[2024-09-08T21:45:10.446+0800][info] Using G1
[2024-09-08T21:45:10.448+0800][info] Version: 17.0.11-internal+0-adhoc.cxl.TencentKona-17-TencentKona-17.0.11 (release)
[2024-09-08T21:45:10.448+0800][info] CPUs: 72 total, 72 available
[2024-09-08T21:45:10.448+0800][info] Memory: 125G
[2024-09-08T21:45:10.448+0800][info] Large Page Support: Disabled
[2024-09-08T21:45:10.448+0800][info] NUMA Support: Disabled
[2024-09-08T21:45:10.448+0800][info] Compressed Oops: Enabled (32-bit)
[2024-09-08T21:45:10.448+0800][info] Heap Region Size: 4M
[2024-09-08T21:45:10.448+0800][info] Heap Min Capacity: 128M
[2024-09-08T21:45:10.448+0800][info] Heap Initial Capacity: 128M
[2024-09-08T21:45:10.448+0800][info] Heap Max Capacity: 128M
[2024-09-08T21:45:10.448+0800][info] Pre-touch: Disabled
[2024-09-08T21:45:10.448+0800][info] Parallel Workers: 48
[2024-09-08T21:45:10.448+0800][info] Concurrent Workers: 12
[2024-09-08T21:45:10.448+0800][info] Concurrent Refinement Workers: 48
[2024-09-08T21:45:10.448+0800][info] Periodic GC: Disabled
[2024-09-08T21:45:10.459+0800][info] CDS archive(s) mapped at: [0x0000796d9f000000-0x0000796d9fbc7000-0x0000796d9fbc7000), size 12349440, SharedBaseAddress: 0x0000796d9f000000, ArchiveRelocationMode: 1.
[2024-09-08T21:45:10.459+0800][info] Compressed class space mapped at: 0x0000796da0000000-0x0000796de0000000, reserved size: 1073741824
[2024-09-08T21:45:10.459+0800][info] Narrow klass base: 0x0000796d9f000000, Narrow klass shift: 0, Narrow klass range: 0x100000000
[2024-09-08T21:45:10.526+0800][info] GC(0) Pause Young (Normal) (G1 Evacuation Pause)
[2024-09-08T21:45:10.526+0800][info] GC(0) Using 3 workers of 48 for evacuation
[2024-09-08T21:45:10.528+0800][info] GC(0)   Pre Evacuate Collection Set: 0.0ms
[2024-09-08T21:45:10.528+0800][info] GC(0)   Merge Heap Roots: 0.0ms
[2024-09-08T21:45:10.528+0800][info] GC(0)   Evacuate Collection Set: 1.4ms
[2024-09-08T21:45:10.528+0800][info] GC(0)   Post Evacuate Collection Set: 0.3ms
[2024-09-08T21:45:10.528+0800][info] GC(0)   Other: 0.3ms
[2024-09-08T21:45:10.528+0800][info] GC(0) Eden regions: 1->0(1)
[2024-09-08T21:45:10.528+0800][info] GC(0) Survivor regions: 0->1(1)
[2024-09-08T21:45:10.528+0800][info] GC(0) Old regions: 0->0
[2024-09-08T21:45:10.528+0800][info] GC(0) Archive regions: 2->2
[2024-09-08T21:45:10.528+0800][info] GC(0) Humongous regions: 0->0
[2024-09-08T21:45:10.528+0800][info] GC(0) Metaspace: 596K(704K)->596K(704K) NonClass: 543K(576K)->543K(576K) Class: 53K(128K)->53K(128K)
[2024-09-08T21:45:10.528+0800][info] GC(0) Pause Young (Normal) (G1 Evacuation Pause) 7M->7M(128M) 2.179ms
[2024-09-08T21:45:10.528+0800][info] GC(0) User=0.01s Sys=0.00s Real=0.00s
[2024-09-08T21:45:10.529+0800][info] GC(1) Pause Young (Normal) (G1 Evacuation Pause)
[2024-09-08T21:45:10.529+0800][info] GC(1) Using 3 workers of 48 for evacuation
[2024-09-08T21:45:10.531+0800][info] GC(1)   Pre Evacuate Collection Set: 0.0ms
[2024-09-08T21:45:10.531+0800][info] GC(1)   Merge Heap Roots: 0.0ms
[2024-09-08T21:45:10.531+0800][info] GC(1)   Evacuate Collection Set: 2.6ms
[2024-09-08T21:45:10.531+0800][info] GC(1)   Post Evacuate Collection Set: 0.1ms
[2024-09-08T21:45:10.531+0800][info] GC(1)   Other: 0.0ms
[2024-09-08T21:45:10.531+0800][info] GC(1) Eden regions: 1->0(1)
[2024-09-08T21:45:10.531+0800][info] GC(1) Survivor regions: 1->1(1)
[2024-09-08T21:45:10.531+0800][info] GC(1) Old regions: 0->1
[2024-09-08T21:45:10.531+0800][info] GC(1) Archive regions: 2->2
[2024-09-08T21:45:10.531+0800][info] GC(1) Humongous regions: 0->0
[2024-09-08T21:45:10.531+0800][info] GC(1) Metaspace: 596K(704K)->596K(704K) NonClass: 543K(576K)->543K(576K) Class: 53K(128K)->53K(128K)
[2024-09-08T21:45:10.531+0800][info] GC(1) Pause Young (Normal) (G1 Evacuation Pause) 11M->11M(128M) 2.781ms
[2024-09-08T21:45:10.531+0800][info] GC(1) User=0.01s Sys=0.00s Real=0.00s
[2024-09-08T21:45:10.532+0800][info] GC(2) Pause Young (Normal) (G1 Evacuation Pause)
[2024-09-08T21:45:10.532+0800][info] GC(2) Using 3 workers of 48 for evacuation
[2024-09-08T21:45:10.533+0800][info] GC(2)   Pre Evacuate Collection Set: 0.0ms
[2024-09-08T21:45:10.533+0800][info] GC(2)   Merge Heap Roots: 0.0ms
[2024-09-08T21:45:10.533+0800][info] GC(2)   Evacuate Collection Set: 1.5ms
[2024-09-08T21:45:10.533+0800][info] GC(2)   Post Evacuate Collection Set: 0.1ms
[2024-09-08T21:45:10.533+0800][info] GC(2)   Other: 0.0ms
[2024-09-08T21:45:10.533+0800][info] GC(2) Eden regions: 1->0(1)
[2024-09-08T21:45:10.533+0800][info] GC(2) Survivor regions: 1->1(1)
[2024-09-08T21:45:10.533+0800][info] GC(2) Old regions: 1->2
[2024-09-08T21:45:10.533+0800][info] GC(2) Archive regions: 2->2
[2024-09-08T21:45:10.533+0800][info] GC(2) Humongous regions: 0->0
[2024-09-08T21:45:10.533+0800][info] GC(2) Metaspace: 596K(704K)->596K(704K) NonClass: 543K(576K)->543K(576K) Class: 53K(128K)->53K(128K)
[2024-09-08T21:45:10.533+0800][info] GC(2) Pause Young (Normal) (G1 Evacuation Pause) 15M->14M(128M) 1.730ms
[2024-09-08T21:45:10.534+0800][info] GC(2) User=0.00s Sys=0.00s Real=0.00s
[2024-09-08T21:45:10.534+0800][info] GC(3) Pause Young (Normal) (G1 Evacuation Pause)
[2024-09-08T21:45:10.534+0800][info] GC(3) Using 3 workers of 48 for evacuation
[2024-09-08T21:45:10.535+0800][info] GC(3)   Pre Evacuate Collection Set: 0.0ms
[2024-09-08T21:45:10.535+0800][info] GC(3)   Merge Heap Roots: 0.0ms
[2024-09-08T21:45:10.535+0800][info] GC(3)   Evacuate Collection Set: 1.3ms
[2024-09-08T21:45:10.535+0800][info] GC(3)   Post Evacuate Collection Set: 0.1ms
[2024-09-08T21:45:10.535+0800][info] GC(3)   Other: 0.0ms
[2024-09-08T21:45:10.535+0800][info] GC(3) Eden regions: 1->0(2)
[2024-09-08T21:45:10.535+0800][info] GC(3) Survivor regions: 1->1(1)
[2024-09-08T21:45:10.535+0800][info] GC(3) Old regions: 2->3
[2024-09-08T21:45:10.535+0800][info] GC(3) Archive regions: 2->2
[2024-09-08T21:45:10.535+0800][info] GC(3) Humongous regions: 0->0
[2024-09-08T21:45:10.535+0800][info] GC(3) Metaspace: 596K(704K)->596K(704K) NonClass: 543K(576K)->543K(576K) Class: 53K(128K)->53K(128K)
[2024-09-08T21:45:10.535+0800][info] GC(3) Pause Young (Normal) (G1 Evacuation Pause) 18M->18M(128M) 1.546ms
[2024-09-08T21:45:10.535+0800][info] GC(3) User=0.00s Sys=0.01s Real=0.00s
[2024-09-08T21:45:10.536+0800][info] GC(4) Pause Young (Normal) (G1 Evacuation Pause)
[2024-09-08T21:45:10.536+0800][info] GC(4) Using 3 workers of 48 for evacuation
[2024-09-08T21:45:10.540+0800][info] GC(4)   Pre Evacuate Collection Set: 0.0ms
[2024-09-08T21:45:10.540+0800][info] GC(4)   Merge Heap Roots: 0.0ms
[2024-09-08T21:45:10.540+0800][info] GC(4)   Evacuate Collection Set: 3.4ms
[2024-09-08T21:45:10.540+0800][info] GC(4)   Post Evacuate Collection Set: 0.1ms
[2024-09-08T21:45:10.540+0800][info] GC(4)   Other: 0.0ms
[2024-09-08T21:45:10.540+0800][info] GC(4) Eden regions: 2->0(3)
[2024-09-08T21:45:10.540+0800][info] GC(4) Survivor regions: 1->1(1)
[2024-09-08T21:45:10.540+0800][info] GC(4) Old regions: 3->5
[2024-09-08T21:45:10.540+0800][info] GC(4) Archive regions: 2->2
[2024-09-08T21:45:10.540+0800][info] GC(4) Humongous regions: 0->0
[2024-09-08T21:45:10.540+0800][info] GC(4) Metaspace: 596K(704K)->596K(704K) NonClass: 543K(576K)->543K(576K) Class: 53K(128K)->53K(128K)
[2024-09-08T21:45:10.540+0800][info] GC(4) Pause Young (Normal) (G1 Evacuation Pause) 26M->27M(128M) 3.566ms
[2024-09-08T21:45:10.540+0800][info] GC(4) User=0.00s Sys=0.01s Real=0.01s
[2024-09-08T21:45:10.541+0800][info] GC(5) Pause Young (Normal) (G1 Evacuation Pause)
[2024-09-08T21:45:10.541+0800][info] GC(5) Using 3 workers of 48 for evacuation
[2024-09-08T21:45:10.545+0800][info] GC(5)   Pre Evacuate Collection Set: 0.0ms
[2024-09-08T21:45:10.545+0800][info] GC(5)   Merge Heap Roots: 0.0ms
[2024-09-08T21:45:10.546+0800][info] GC(5)   Evacuate Collection Set: 4.5ms
[2024-09-08T21:45:10.546+0800][info] GC(5)   Post Evacuate Collection Set: 0.1ms
[2024-09-08T21:45:10.546+0800][info] GC(5)   Other: 0.1ms
[2024-09-08T21:45:10.546+0800][info] GC(5) Eden regions: 3->0(3)
[2024-09-08T21:45:10.546+0800][info] GC(5) Survivor regions: 1->1(1)
[2024-09-08T21:45:10.546+0800][info] GC(5) Old regions: 5->8
[2024-09-08T21:45:10.546+0800][info] GC(5) Archive regions: 2->2
[2024-09-08T21:45:10.546+0800][info] GC(5) Humongous regions: 0->0
[2024-09-08T21:45:10.546+0800][info] GC(5) Metaspace: 596K(704K)->596K(704K) NonClass: 543K(576K)->543K(576K) Class: 53K(128K)->53K(128K)
[2024-09-08T21:45:10.546+0800][info] GC(5) Pause Young (Normal) (G1 Evacuation Pause) 38M->39M(128M) 4.814ms
[2024-09-08T21:45:10.546+0800][info] GC(5) User=0.01s Sys=0.01s Real=0.01s
[2024-09-08T21:45:10.547+0800][info] GC(6) Pause Young (Normal) (G1 Evacuation Pause)
[2024-09-08T21:45:10.547+0800][info] GC(6) Using 3 workers of 48 for evacuation
[2024-09-08T21:45:10.551+0800][info] GC(6)   Pre Evacuate Collection Set: 0.0ms
[2024-09-08T21:45:10.551+0800][info] GC(6)   Merge Heap Roots: 0.0ms
[2024-09-08T21:45:10.551+0800][info] GC(6)   Evacuate Collection Set: 3.6ms
[2024-09-08T21:45:10.551+0800][info] GC(6)   Post Evacuate Collection Set: 0.1ms
[2024-09-08T21:45:10.551+0800][info] GC(6)   Other: 0.1ms
[2024-09-08T21:45:10.551+0800][info] GC(6) Eden regions: 3->0(3)
[2024-09-08T21:45:10.551+0800][info] GC(6) Survivor regions: 1->1(1)
[2024-09-08T21:45:10.551+0800][info] GC(6) Old regions: 8->11
[2024-09-08T21:45:10.551+0800][info] GC(6) Archive regions: 2->2
[2024-09-08T21:45:10.551+0800][info] GC(6) Humongous regions: 0->0
[2024-09-08T21:45:10.551+0800][info] GC(6) Metaspace: 596K(704K)->596K(704K) NonClass: 543K(576K)->543K(576K) Class: 53K(128K)->53K(128K)
[2024-09-08T21:45:10.551+0800][info] GC(6) Pause Young (Normal) (G1 Evacuation Pause) 50M->51M(128M) 3.908ms
[2024-09-08T21:45:10.551+0800][info] GC(6) User=0.00s Sys=0.01s Real=0.00s
[2024-09-08T21:45:10.552+0800][info] GC(7) Pause Young (Normal) (G1 Evacuation Pause)
[2024-09-08T21:45:10.552+0800][info] GC(7) Using 3 workers of 48 for evacuation
[2024-09-08T21:45:10.556+0800][info] GC(7)   Pre Evacuate Collection Set: 0.0ms
[2024-09-08T21:45:10.556+0800][info] GC(7)   Merge Heap Roots: 0.0ms
[2024-09-08T21:45:10.556+0800][info] GC(7)   Evacuate Collection Set: 3.7ms
[2024-09-08T21:45:10.556+0800][info] GC(7)   Post Evacuate Collection Set: 0.1ms
[2024-09-08T21:45:10.556+0800][info] GC(7)   Other: 0.1ms
[2024-09-08T21:45:10.556+0800][info] GC(7) Eden regions: 3->0(4)
[2024-09-08T21:45:10.556+0800][info] GC(7) Survivor regions: 1->1(1)
[2024-09-08T21:45:10.556+0800][info] GC(7) Old regions: 11->14
[2024-09-08T21:45:10.556+0800][info] GC(7) Archive regions: 2->2
[2024-09-08T21:45:10.556+0800][info] GC(7) Humongous regions: 0->0
[2024-09-08T21:45:10.556+0800][info] GC(7) Metaspace: 596K(704K)->596K(704K) NonClass: 543K(576K)->543K(576K) Class: 53K(128K)->53K(128K)
[2024-09-08T21:45:10.556+0800][info] GC(7) Pause Young (Normal) (G1 Evacuation Pause) 62M->63M(128M) 3.909ms
[2024-09-08T21:45:10.556+0800][info] GC(7) User=0.01s Sys=0.00s Real=0.00s
[2024-09-08T21:45:10.558+0800][info] GC(8) Pause Young (Concurrent Start) (G1 Evacuation Pause)
[2024-09-08T21:45:10.558+0800][info] GC(8) Using 3 workers of 48 for evacuation
[2024-09-08T21:45:10.565+0800][info] GC(8)   Pre Evacuate Collection Set: 0.0ms
[2024-09-08T21:45:10.565+0800][info] GC(8)   Merge Heap Roots: 0.0ms
[2024-09-08T21:45:10.565+0800][info] GC(8)   Evacuate Collection Set: 6.2ms
[2024-09-08T21:45:10.565+0800][info] GC(8)   Post Evacuate Collection Set: 0.1ms
[2024-09-08T21:45:10.565+0800][info] GC(8)   Other: 0.5ms
[2024-09-08T21:45:10.565+0800][info] GC(8) Eden regions: 4->0(3)
[2024-09-08T21:45:10.565+0800][info] GC(8) Survivor regions: 1->1(1)
[2024-09-08T21:45:10.565+0800][info] GC(8) Old regions: 14->18
[2024-09-08T21:45:10.565+0800][info] GC(8) Archive regions: 2->2
[2024-09-08T21:45:10.565+0800][info] GC(8) Humongous regions: 0->0
[2024-09-08T21:45:10.565+0800][info] GC(8) Metaspace: 596K(704K)->596K(704K) NonClass: 543K(576K)->543K(576K) Class: 53K(128K)->53K(128K)
[2024-09-08T21:45:10.565+0800][info] GC(8) Pause Young (Concurrent Start) (G1 Evacuation Pause) 79M->79M(128M) 7.045ms
[2024-09-08T21:45:10.565+0800][info] GC(8) User=0.01s Sys=0.01s Real=0.00s
[2024-09-08T21:45:10.565+0800][info] GC(9) Concurrent Mark Cycle
[2024-09-08T21:45:10.565+0800][info] GC(9) Concurrent Clear Claimed Marks
[2024-09-08T21:45:10.565+0800][info] GC(9) Concurrent Clear Claimed Marks 0.009ms
[2024-09-08T21:45:10.565+0800][info] GC(9) Concurrent Scan Root Regions
[2024-09-08T21:45:10.567+0800][info] GC(9) Concurrent Scan Root Regions 2.557ms
[2024-09-08T21:45:10.567+0800][info] GC(9) Concurrent Mark
[2024-09-08T21:45:10.567+0800][info] GC(9) Concurrent Mark From Roots
[2024-09-08T21:45:10.568+0800][info] GC(9) Using 12 workers of 12 for marking
[2024-09-08T21:45:10.570+0800][info] GC(9) Concurrent Mark From Roots 2.620ms
[2024-09-08T21:45:10.570+0800][info] GC(9) Concurrent Preclean
[2024-09-08T21:45:10.571+0800][info] GC(9) Concurrent Preclean 0.706ms
[2024-09-08T21:45:10.571+0800][info] GC(9) Pause Remark
[2024-09-08T21:45:10.571+0800][info] GC(9) Pause Remark 79M->79M(128M) 0.548ms
[2024-09-08T21:45:10.571+0800][info] GC(9) User=0.00s Sys=0.00s Real=0.00s
[2024-09-08T21:45:10.571+0800][info] GC(9) Concurrent Mark 4.027ms
[2024-09-08T21:45:10.571+0800][info] GC(9) Concurrent Rebuild Remembered Sets
[2024-09-08T21:45:10.575+0800][info] GC(9) Concurrent Rebuild Remembered Sets 3.554ms
[2024-09-08T21:45:10.575+0800][info] GC(9) Pause Cleanup
[2024-09-08T21:45:10.575+0800][info] GC(9) Pause Cleanup 79M->79M(128M) 0.146ms
[2024-09-08T21:45:10.575+0800][info] GC(9) User=0.00s Sys=0.00s Real=0.00s
[2024-09-08T21:45:10.575+0800][info] GC(9) Concurrent Cleanup for Next Mark
[2024-09-08T21:45:10.576+0800][info] GC(9) Concurrent Cleanup for Next Mark 0.739ms
[2024-09-08T21:45:10.576+0800][info] GC(9) Concurrent Mark Cycle 11.250ms
[2024-09-08T21:45:10.582+0800][info] GC(10) Pause Young (Normal) (G1 Evacuation Pause)
[2024-09-08T21:45:10.582+0800][info] GC(10) Using 3 workers of 48 for evacuation
[2024-09-08T21:45:10.586+0800][info] GC(10)   Pre Evacuate Collection Set: 0.0ms
[2024-09-08T21:45:10.586+0800][info] GC(10)   Merge Heap Roots: 0.0ms
[2024-09-08T21:45:10.586+0800][info] GC(10)   Evacuate Collection Set: 3.8ms
[2024-09-08T21:45:10.586+0800][info] GC(10)   Post Evacuate Collection Set: 0.3ms
[2024-09-08T21:45:10.586+0800][info] GC(10)   Other: 0.1ms
[2024-09-08T21:45:10.586+0800][info] GC(10) Eden regions: 3->0(2)
[2024-09-08T21:45:10.586+0800][info] GC(10) Survivor regions: 1->1(1)
[2024-09-08T21:45:10.586+0800][info] GC(10) Old regions: 18->21
[2024-09-08T21:45:10.586+0800][info] GC(10) Archive regions: 2->2
[2024-09-08T21:45:10.586+0800][info] GC(10) Humongous regions: 0->0
[2024-09-08T21:45:10.586+0800][info] GC(10) Metaspace: 703K(832K)->703K(832K) NonClass: 639K(704K)->639K(704K) Class: 63K(128K)->63K(128K)
[2024-09-08T21:45:10.586+0800][info] GC(10) Pause Young (Normal) (G1 Evacuation Pause) 91M->90M(128M) 4.198ms
[2024-09-08T21:45:10.586+0800][info] GC(10) User=0.00s Sys=0.01s Real=0.01s
[2024-09-08T21:45:10.587+0800][info] GC(11) Pause Young (Concurrent Start) (G1 Evacuation Pause)
[2024-09-08T21:45:10.587+0800][info] GC(11) Using 3 workers of 48 for evacuation
[2024-09-08T21:45:10.590+0800][info] GC(11)   Pre Evacuate Collection Set: 0.0ms
[2024-09-08T21:45:10.590+0800][info] GC(11)   Merge Heap Roots: 0.0ms
[2024-09-08T21:45:10.590+0800][info] GC(11)   Evacuate Collection Set: 2.6ms
[2024-09-08T21:45:10.590+0800][info] GC(11)   Post Evacuate Collection Set: 0.1ms
[2024-09-08T21:45:10.590+0800][info] GC(11)   Other: 0.1ms
[2024-09-08T21:45:10.590+0800][info] GC(11) Eden regions: 2->0(3)
[2024-09-08T21:45:10.590+0800][info] GC(11) Survivor regions: 1->1(1)
[2024-09-08T21:45:10.590+0800][info] GC(11) Old regions: 21->23
[2024-09-08T21:45:10.590+0800][info] GC(11) Archive regions: 2->2
[2024-09-08T21:45:10.590+0800][info] GC(11) Humongous regions: 0->0
[2024-09-08T21:45:10.590+0800][info] GC(11) Metaspace: 703K(832K)->703K(832K) NonClass: 639K(704K)->639K(704K) Class: 63K(128K)->63K(128K)
[2024-09-08T21:45:10.590+0800][info] GC(11) Pause Young (Concurrent Start) (G1 Evacuation Pause) 98M->98M(128M) 2.901ms
[2024-09-08T21:45:10.590+0800][info] GC(11) User=0.00s Sys=0.00s Real=0.00s
[2024-09-08T21:45:10.590+0800][info] GC(12) Concurrent Mark Cycle
[2024-09-08T21:45:10.590+0800][info] GC(12) Concurrent Clear Claimed Marks
[2024-09-08T21:45:10.590+0800][info] GC(12) Concurrent Clear Claimed Marks 0.010ms
[2024-09-08T21:45:10.590+0800][info] GC(12) Concurrent Scan Root Regions
[2024-09-08T21:45:10.591+0800][info] GC(12) Concurrent Scan Root Regions 0.274ms
[2024-09-08T21:45:10.591+0800][info] GC(12) Concurrent Mark
[2024-09-08T21:45:10.591+0800][info] GC(12) Concurrent Mark From Roots
[2024-09-08T21:45:10.591+0800][info] GC(12) Using 12 workers of 12 for marking
[2024-09-08T21:45:10.593+0800][info] GC(12) Concurrent Mark From Roots 2.051ms
[2024-09-08T21:45:10.593+0800][info] GC(12) Concurrent Preclean
[2024-09-08T21:45:10.593+0800][info] GC(12) Concurrent Preclean 0.634ms
[2024-09-08T21:45:10.593+0800][info] GC(12) Pause Remark
[2024-09-08T21:45:10.594+0800][info] GC(12) Pause Remark 99M->99M(128M) 0.549ms
[2024-09-08T21:45:10.594+0800][info] GC(12) User=0.00s Sys=0.00s Real=0.00s
[2024-09-08T21:45:10.594+0800][info] GC(12) Concurrent Mark 3.320ms
[2024-09-08T21:45:10.594+0800][info] GC(12) Concurrent Rebuild Remembered Sets
[2024-09-08T21:45:10.598+0800][info] GC(12) Concurrent Rebuild Remembered Sets 4.035ms
[2024-09-08T21:45:10.598+0800][info] GC(12) Pause Cleanup
[2024-09-08T21:45:10.598+0800][info] GC(12) Pause Cleanup 99M->99M(128M) 0.182ms
[2024-09-08T21:45:10.598+0800][info] GC(12) User=0.00s Sys=0.00s Real=0.00s
[2024-09-08T21:45:10.598+0800][info] GC(12) Concurrent Cleanup for Next Mark
[2024-09-08T21:45:10.599+0800][info] GC(12) Concurrent Cleanup for Next Mark 0.552ms
[2024-09-08T21:45:10.599+0800][info] GC(12) Concurrent Mark Cycle 8.515ms
[2024-09-08T21:45:11.597+0800][info] GC(13) Pause Young (Concurrent Start) (G1 Humongous Allocation)
[2024-09-08T21:45:11.597+0800][info] GC(13) Using 3 workers of 48 for evacuation
[2024-09-08T21:45:11.602+0800][info] GC(13)   Pre Evacuate Collection Set: 0.0ms
[2024-09-08T21:45:11.602+0800][info] GC(13)   Merge Heap Roots: 0.0ms
[2024-09-08T21:45:11.602+0800][info] GC(13)   Evacuate Collection Set: 3.0ms
[2024-09-08T21:45:11.602+0800][info] GC(13)   Post Evacuate Collection Set: 0.8ms
[2024-09-08T21:45:11.602+0800][info] GC(13)   Other: 0.3ms
[2024-09-08T21:45:11.602+0800][info] GC(13) Eden regions: 2->0(2)
[2024-09-08T21:45:11.602+0800][info] GC(13) Survivor regions: 1->1(1)
[2024-09-08T21:45:11.602+0800][info] GC(13) Old regions: 23->25
[2024-09-08T21:45:11.602+0800][info] GC(13) Archive regions: 2->2
[2024-09-08T21:45:11.602+0800][info] GC(13) Humongous regions: 0->0
[2024-09-08T21:45:11.602+0800][info] GC(13) Metaspace: 722K(896K)->722K(896K) NonClass: 658K(768K)->658K(768K) Class: 63K(128K)->63K(128K)
[2024-09-08T21:45:11.602+0800][info] GC(13) Pause Young (Concurrent Start) (G1 Humongous Allocation) 106M->106M(128M) 4.284ms
[2024-09-08T21:45:11.602+0800][info] GC(13) User=0.01s Sys=0.00s Real=0.00s
[2024-09-08T21:45:11.602+0800][info] GC(14) Concurrent Mark Cycle
[2024-09-08T21:45:11.602+0800][info] GC(14) Concurrent Clear Claimed Marks
[2024-09-08T21:45:11.602+0800][info] GC(14) Concurrent Clear Claimed Marks 0.012ms
[2024-09-08T21:45:11.602+0800][info] GC(14) Concurrent Scan Root Regions
[2024-09-08T21:45:11.602+0800][info] GC(14) Concurrent Scan Root Regions 0.084ms
[2024-09-08T21:45:11.602+0800][info] GC(14) Concurrent Mark
[2024-09-08T21:45:11.602+0800][info] GC(14) Concurrent Mark From Roots
[2024-09-08T21:45:11.602+0800][info] GC(14) Using 12 workers of 12 for marking
[2024-09-08T21:45:11.602+0800][info] GC(15) Pause Young (Normal) (G1 Preventive Collection)
[2024-09-08T21:45:11.602+0800][info] GC(15) Using 3 workers of 48 for evacuation
[2024-09-08T21:45:11.603+0800][info] GC(15)   Pre Evacuate Collection Set: 0.1ms
[2024-09-08T21:45:11.603+0800][info] GC(15)   Merge Heap Roots: 0.0ms
[2024-09-08T21:45:11.603+0800][info] GC(15)   Evacuate Collection Set: 0.4ms
[2024-09-08T21:45:11.603+0800][info] GC(15)   Post Evacuate Collection Set: 0.1ms
[2024-09-08T21:45:11.603+0800][info] GC(15)   Other: 0.1ms
[2024-09-08T21:45:11.603+0800][info] GC(15) Eden regions: 0->0(2)
[2024-09-08T21:45:11.603+0800][info] GC(15) Survivor regions: 1->0(1)
[2024-09-08T21:45:11.603+0800][info] GC(15) Old regions: 25->26
[2024-09-08T21:45:11.603+0800][info] GC(15) Archive regions: 2->2
[2024-09-08T21:45:11.603+0800][info] GC(15) Humongous regions: 0->0
[2024-09-08T21:45:11.603+0800][info] GC(15) Metaspace: 722K(896K)->722K(896K) NonClass: 658K(768K)->658K(768K) Class: 63K(128K)->63K(128K)
[2024-09-08T21:45:11.603+0800][info] GC(15) Pause Young (Normal) (G1 Preventive Collection) 106M->106M(128M) 0.851ms
[2024-09-08T21:45:11.603+0800][info] GC(15) User=0.00s Sys=0.00s Real=0.00s
[2024-09-08T21:45:11.605+0800][info] GC(14) Concurrent Mark From Roots 2.979ms
[2024-09-08T21:45:11.605+0800][info] GC(14) Concurrent Preclean
[2024-09-08T21:45:11.606+0800][info] GC(14) Concurrent Preclean 0.904ms
[2024-09-08T21:45:11.606+0800][info] GC(14) Pause Remark
[2024-09-08T21:45:11.607+0800][info] GC(14) Pause Remark 118M->38M(128M) 0.912ms
[2024-09-08T21:45:11.607+0800][info] GC(14) User=0.00s Sys=0.00s Real=0.00s
[2024-09-08T21:45:11.607+0800][info] GC(14) Concurrent Mark 4.998ms
[2024-09-08T21:45:11.607+0800][info] GC(14) Concurrent Rebuild Remembered Sets
[2024-09-08T21:45:11.610+0800][info] GC(14) Concurrent Rebuild Remembered Sets 2.725ms
[2024-09-08T21:45:11.610+0800][info] GC(14) Pause Cleanup
[2024-09-08T21:45:11.610+0800][info] GC(14) Pause Cleanup 38M->38M(128M) 0.161ms
[2024-09-08T21:45:11.610+0800][info] GC(14) User=0.00s Sys=0.00s Real=0.00s
[2024-09-08T21:45:11.610+0800][info] GC(14) Concurrent Cleanup for Next Mark
[2024-09-08T21:45:11.610+0800][info] GC(14) Concurrent Cleanup for Next Mark 0.272ms
[2024-09-08T21:45:11.610+0800][info] GC(14) Concurrent Mark Cycle 8.420ms
[2024-09-08T21:45:12.647+0800][info] GC(16) Pause Young (Prepare Mixed) (G1 Preventive Collection)
[2024-09-08T21:45:12.647+0800][info] GC(16) Using 3 workers of 48 for evacuation
[2024-09-08T21:45:12.648+0800][info] GC(16)   Pre Evacuate Collection Set: 0.0ms
[2024-09-08T21:45:12.648+0800][info] GC(16)   Merge Heap Roots: 0.0ms
[2024-09-08T21:45:12.648+0800][info] GC(16)   Evacuate Collection Set: 0.1ms
[2024-09-08T21:45:12.648+0800][info] GC(16)   Post Evacuate Collection Set: 0.2ms
[2024-09-08T21:45:12.648+0800][info] GC(16)   Other: 0.2ms
[2024-09-08T21:45:12.648+0800][info] GC(16) Eden regions: 1->0(1)
[2024-09-08T21:45:12.648+0800][info] GC(16) Survivor regions: 0->1(1)
[2024-09-08T21:45:12.648+0800][info] GC(16) Old regions: 6->6
[2024-09-08T21:45:12.648+0800][info] GC(16) Archive regions: 2->2
[2024-09-08T21:45:12.648+0800][info] GC(16) Humongous regions: 18->0
[2024-09-08T21:45:12.648+0800][info] GC(16) Metaspace: 735K(896K)->735K(896K) NonClass: 671K(768K)->671K(768K) Class: 63K(128K)->63K(128K)
[2024-09-08T21:45:12.648+0800][info] GC(16) Pause Young (Prepare Mixed) (G1 Preventive Collection) 98M->26M(128M) 0.885ms
[2024-09-08T21:45:12.648+0800][info] GC(16) User=0.00s Sys=0.00s Real=0.00s
[2024-09-08T21:45:12.694+0800][info] GC(17) Pause Young (Mixed) (G1 Humongous Allocation)
[2024-09-08T21:45:12.694+0800][info] GC(17) Using 3 workers of 48 for evacuation
[2024-09-08T21:45:12.695+0800][info] GC(17)   Pre Evacuate Collection Set: 0.0ms
[2024-09-08T21:45:12.695+0800][info] GC(17)   Merge Heap Roots: 0.0ms
[2024-09-08T21:45:12.695+0800][info] GC(17)   Evacuate Collection Set: 0.2ms
[2024-09-08T21:45:12.695+0800][info] GC(17)   Post Evacuate Collection Set: 0.2ms
[2024-09-08T21:45:12.695+0800][info] GC(17)   Other: 0.2ms
[2024-09-08T21:45:12.695+0800][info] GC(17) Eden regions: 0->0(1)
[2024-09-08T21:45:12.695+0800][info] GC(17) Survivor regions: 1->1(1)
[2024-09-08T21:45:12.695+0800][info] GC(17) Old regions: 6->5
[2024-09-08T21:45:12.695+0800][info] GC(17) Archive regions: 2->2
[2024-09-08T21:45:12.695+0800][info] GC(17) Humongous regions: 21->0
[2024-09-08T21:45:12.695+0800][info] GC(17) Metaspace: 735K(896K)->735K(896K) NonClass: 671K(768K)->671K(768K) Class: 63K(128K)->63K(128K)
[2024-09-08T21:45:12.695+0800][info] GC(17) Pause Young (Mixed) (G1 Humongous Allocation) 110M->22M(128M) 0.891ms
[2024-09-08T21:45:12.695+0800][info] GC(17) User=0.01s Sys=0.00s Real=0.00s
[2024-09-08T21:45:12.740+0800][info] GC(18) Pause Young (Mixed) (G1 Preventive Collection)
[2024-09-08T21:45:12.740+0800][info] GC(18) Using 3 workers of 48 for evacuation
[2024-09-08T21:45:12.741+0800][info] GC(18)   Pre Evacuate Collection Set: 0.0ms
[2024-09-08T21:45:12.741+0800][info] GC(18)   Merge Heap Roots: 0.0ms
[2024-09-08T21:45:12.741+0800][info] GC(18)   Evacuate Collection Set: 0.2ms
[2024-09-08T21:45:12.741+0800][info] GC(18)   Post Evacuate Collection Set: 0.3ms
[2024-09-08T21:45:12.741+0800][info] GC(18)   Other: 0.2ms
[2024-09-08T21:45:12.741+0800][info] GC(18) Eden regions: 0->0(1)
[2024-09-08T21:45:12.741+0800][info] GC(18) Survivor regions: 1->1(1)
[2024-09-08T21:45:12.741+0800][info] GC(18) Old regions: 5->4
[2024-09-08T21:45:12.741+0800][info] GC(18) Archive regions: 2->2
[2024-09-08T21:45:12.741+0800][info] GC(18) Humongous regions: 21->0
[2024-09-08T21:45:12.741+0800][info] GC(18) Metaspace: 735K(896K)->735K(896K) NonClass: 671K(768K)->671K(768K) Class: 63K(128K)->63K(128K)
[2024-09-08T21:45:12.741+0800][info] GC(18) Pause Young (Mixed) (G1 Preventive Collection) 106M->18M(128M) 0.915ms
[2024-09-08T21:45:12.741+0800][info] GC(18) User=0.00s Sys=0.00s Real=0.00s
[2024-09-08T21:45:12.787+0800][info] GC(19) Pause Young (Mixed) (G1 Preventive Collection)
[2024-09-08T21:45:12.787+0800][info] GC(19) Using 3 workers of 48 for evacuation
[2024-09-08T21:45:12.788+0800][info] GC(19)   Pre Evacuate Collection Set: 0.0ms
[2024-09-08T21:45:12.788+0800][info] GC(19)   Merge Heap Roots: 0.0ms
[2024-09-08T21:45:12.788+0800][info] GC(19)   Evacuate Collection Set: 1.1ms
[2024-09-08T21:45:12.788+0800][info] GC(19)   Post Evacuate Collection Set: 0.2ms
[2024-09-08T21:45:12.788+0800][info] GC(19)   Other: 0.2ms
[2024-09-08T21:45:12.788+0800][info] GC(19) Eden regions: 0->0(1)
[2024-09-08T21:45:12.788+0800][info] GC(19) Survivor regions: 1->1(1)
[2024-09-08T21:45:12.788+0800][info] GC(19) Old regions: 4->3
[2024-09-08T21:45:12.788+0800][info] GC(19) Archive regions: 2->2
[2024-09-08T21:45:12.788+0800][info] GC(19) Humongous regions: 21->0
[2024-09-08T21:45:12.788+0800][info] GC(19) Metaspace: 735K(896K)->735K(896K) NonClass: 671K(768K)->671K(768K) Class: 63K(128K)->63K(128K)
[2024-09-08T21:45:12.788+0800][info] GC(19) Pause Young (Mixed) (G1 Preventive Collection) 102M->15M(128M) 1.760ms
[2024-09-08T21:45:12.788+0800][info] GC(19) User=0.01s Sys=0.00s Real=0.00s
[2024-09-08T21:45:12.808+0800][info] GC(20) Pause Young (Concurrent Start) (G1 Humongous Allocation)
[2024-09-08T21:45:12.808+0800][info] GC(20) Using 3 workers of 48 for evacuation
[2024-09-08T21:45:12.809+0800][info] GC(20)   Pre Evacuate Collection Set: 0.0ms
[2024-09-08T21:45:12.809+0800][info] GC(20)   Merge Heap Roots: 0.0ms
[2024-09-08T21:45:12.809+0800][info] GC(20)   Evacuate Collection Set: 0.2ms
[2024-09-08T21:45:12.809+0800][info] GC(20)   Post Evacuate Collection Set: 0.1ms
[2024-09-08T21:45:12.809+0800][info] GC(20)   Other: 0.3ms
[2024-09-08T21:45:12.809+0800][info] GC(20) Eden regions: 0->0(1)
[2024-09-08T21:45:12.809+0800][info] GC(20) Survivor regions: 1->1(1)
[2024-09-08T21:45:12.809+0800][info] GC(20) Old regions: 3->3
[2024-09-08T21:45:12.809+0800][info] GC(20) Archive regions: 2->2
[2024-09-08T21:45:12.809+0800][info] GC(20) Humongous regions: 9->0
[2024-09-08T21:45:12.809+0800][info] GC(20) Metaspace: 735K(896K)->735K(896K) NonClass: 671K(768K)->671K(768K) Class: 63K(128K)->63K(128K)
[2024-09-08T21:45:12.809+0800][info] GC(20) Pause Young (Concurrent Start) (G1 Humongous Allocation) 51M->15M(128M) 0.869ms
[2024-09-08T21:45:12.809+0800][info] GC(20) User=0.00s Sys=0.00s Real=0.00s
[2024-09-08T21:45:12.809+0800][info] GC(21) Concurrent Undo Cycle
[2024-09-08T21:45:12.809+0800][info] GC(21) Concurrent Cleanup for Next Mark
[2024-09-08T21:45:12.809+0800][info] GC(21) Concurrent Cleanup for Next Mark 0.212ms
[2024-09-08T21:45:12.809+0800][info] GC(21) Concurrent Undo Cycle 0.294ms
[2024-09-08T21:45:12.828+0800][info] GC(22) Pause Young (Concurrent Start) (G1 Humongous Allocation)
[2024-09-08T21:45:12.828+0800][info] GC(22) Using 3 workers of 48 for evacuation
[2024-09-08T21:45:12.829+0800][info] GC(22)   Pre Evacuate Collection Set: 0.0ms
[2024-09-08T21:45:12.829+0800][info] GC(22)   Merge Heap Roots: 0.0ms
[2024-09-08T21:45:12.829+0800][info] GC(22)   Evacuate Collection Set: 0.2ms
[2024-09-08T21:45:12.829+0800][info] GC(22)   Post Evacuate Collection Set: 0.2ms
[2024-09-08T21:45:12.829+0800][info] GC(22)   Other: 0.3ms
[2024-09-08T21:45:12.829+0800][info] GC(22) Eden regions: 0->0(1)
[2024-09-08T21:45:12.829+0800][info] GC(22) Survivor regions: 1->1(1)
[2024-09-08T21:45:12.829+0800][info] GC(22) Old regions: 3->3
[2024-09-08T21:45:12.829+0800][info] GC(22) Archive regions: 2->2
[2024-09-08T21:45:12.829+0800][info] GC(22) Humongous regions: 9->0
[2024-09-08T21:45:12.829+0800][info] GC(22) Metaspace: 735K(896K)->735K(896K) NonClass: 671K(768K)->671K(768K) Class: 63K(128K)->63K(128K)
[2024-09-08T21:45:12.829+0800][info] GC(22) Pause Young (Concurrent Start) (G1 Humongous Allocation) 51M->15M(128M) 0.905ms
[2024-09-08T21:45:12.829+0800][info] GC(22) User=0.00s Sys=0.00s Real=0.00s
[2024-09-08T21:45:12.829+0800][info] GC(23) Concurrent Undo Cycle
[2024-09-08T21:45:12.829+0800][info] GC(23) Concurrent Cleanup for Next Mark
[2024-09-08T21:45:12.829+0800][info] GC(23) Concurrent Cleanup for Next Mark 0.205ms
[2024-09-08T21:45:12.830+0800][info] GC(23) Concurrent Undo Cycle 0.275ms
[2024-09-08T21:45:12.848+0800][info] GC(24) Pause Young (Concurrent Start) (G1 Humongous Allocation)
[2024-09-08T21:45:12.849+0800][info] GC(24) Using 3 workers of 48 for evacuation
[2024-09-08T21:45:12.849+0800][info] GC(24)   Pre Evacuate Collection Set: 0.0ms
[2024-09-08T21:45:12.849+0800][info] GC(24)   Merge Heap Roots: 0.0ms
[2024-09-08T21:45:12.849+0800][info] GC(24)   Evacuate Collection Set: 0.2ms
[2024-09-08T21:45:12.849+0800][info] GC(24)   Post Evacuate Collection Set: 0.1ms
[2024-09-08T21:45:12.849+0800][info] GC(24)   Other: 0.3ms
[2024-09-08T21:45:12.849+0800][info] GC(24) Eden regions: 0->0(1)
[2024-09-08T21:45:12.849+0800][info] GC(24) Survivor regions: 1->1(1)
[2024-09-08T21:45:12.849+0800][info] GC(24) Old regions: 3->3
[2024-09-08T21:45:12.849+0800][info] GC(24) Archive regions: 2->2
[2024-09-08T21:45:12.849+0800][info] GC(24) Humongous regions: 9->0
[2024-09-08T21:45:12.849+0800][info] GC(24) Metaspace: 735K(896K)->735K(896K) NonClass: 671K(768K)->671K(768K) Class: 63K(128K)->63K(128K)
[2024-09-08T21:45:12.849+0800][info] GC(24) Pause Young (Concurrent Start) (G1 Humongous Allocation) 51M->15M(128M) 0.838ms
[2024-09-08T21:45:12.849+0800][info] GC(24) User=0.00s Sys=0.00s Real=0.00s
[2024-09-08T21:45:12.849+0800][info] GC(25) Concurrent Undo Cycle
[2024-09-08T21:45:12.849+0800][info] GC(25) Concurrent Cleanup for Next Mark
[2024-09-08T21:45:12.850+0800][info] GC(25) Concurrent Cleanup for Next Mark 0.204ms
[2024-09-08T21:45:12.850+0800][info] GC(25) Concurrent Undo Cycle 0.260ms
[2024-09-08T21:45:12.869+0800][info] GC(26) Pause Young (Concurrent Start) (G1 Humongous Allocation)
[2024-09-08T21:45:12.869+0800][info] GC(26) Using 3 workers of 48 for evacuation
[2024-09-08T21:45:12.869+0800][info] GC(26)   Pre Evacuate Collection Set: 0.1ms
[2024-09-08T21:45:12.869+0800][info] GC(26)   Merge Heap Roots: 0.0ms
[2024-09-08T21:45:12.869+0800][info] GC(26)   Evacuate Collection Set: 0.1ms
[2024-09-08T21:45:12.869+0800][info] GC(26)   Post Evacuate Collection Set: 0.1ms
[2024-09-08T21:45:12.869+0800][info] GC(26)   Other: 0.3ms
[2024-09-08T21:45:12.869+0800][info] GC(26) Eden regions: 0->0(1)
[2024-09-08T21:45:12.869+0800][info] GC(26) Survivor regions: 1->1(1)
[2024-09-08T21:45:12.869+0800][info] GC(26) Old regions: 3->3
[2024-09-08T21:45:12.869+0800][info] GC(26) Archive regions: 2->2
[2024-09-08T21:45:12.869+0800][info] GC(26) Humongous regions: 9->0
[2024-09-08T21:45:12.869+0800][info] GC(26) Metaspace: 735K(896K)->735K(896K) NonClass: 671K(768K)->671K(768K) Class: 63K(128K)->63K(128K)
[2024-09-08T21:45:12.869+0800][info] GC(26) Pause Young (Concurrent Start) (G1 Humongous Allocation) 51M->15M(128M) 0.764ms
[2024-09-08T21:45:12.869+0800][info] GC(26) User=0.00s Sys=0.00s Real=0.00s
[2024-09-08T21:45:12.869+0800][info] GC(27) Concurrent Undo Cycle
[2024-09-08T21:45:12.869+0800][info] GC(27) Concurrent Cleanup for Next Mark
[2024-09-08T21:45:12.870+0800][info] GC(27) Concurrent Cleanup for Next Mark 0.215ms
[2024-09-08T21:45:12.870+0800][info] GC(27) Concurrent Undo Cycle 0.279ms
[2024-09-08T21:45:12.888+0800][info] GC(28) Pause Young (Concurrent Start) (G1 Humongous Allocation)
[2024-09-08T21:45:12.888+0800][info] GC(28) Using 3 workers of 48 for evacuation
[2024-09-08T21:45:12.889+0800][info] GC(28)   Pre Evacuate Collection Set: 0.0ms
[2024-09-08T21:45:12.889+0800][info] GC(28)   Merge Heap Roots: 0.0ms
[2024-09-08T21:45:12.889+0800][info] GC(28)   Evacuate Collection Set: 0.4ms
[2024-09-08T21:45:12.889+0800][info] GC(28)   Post Evacuate Collection Set: 0.1ms
[2024-09-08T21:45:12.889+0800][info] GC(28)   Other: 0.2ms
[2024-09-08T21:45:12.889+0800][info] GC(28) Eden regions: 0->0(1)
[2024-09-08T21:45:12.889+0800][info] GC(28) Survivor regions: 1->1(1)
[2024-09-08T21:45:12.889+0800][info] GC(28) Old regions: 3->3
[2024-09-08T21:45:12.889+0800][info] GC(28) Archive regions: 2->2
[2024-09-08T21:45:12.889+0800][info] GC(28) Humongous regions: 9->0
[2024-09-08T21:45:12.889+0800][info] GC(28) Metaspace: 735K(896K)->735K(896K) NonClass: 671K(768K)->671K(768K) Class: 63K(128K)->63K(128K)
[2024-09-08T21:45:12.889+0800][info] GC(28) Pause Young (Concurrent Start) (G1 Humongous Allocation) 51M->15M(128M) 1.070ms
[2024-09-08T21:45:12.889+0800][info] GC(28) User=0.01s Sys=0.00s Real=0.00s
[2024-09-08T21:45:12.889+0800][info] GC(29) Concurrent Undo Cycle
[2024-09-08T21:45:12.889+0800][info] GC(29) Concurrent Cleanup for Next Mark
[2024-09-08T21:45:12.890+0800][info] GC(29) Concurrent Cleanup for Next Mark 0.273ms
[2024-09-08T21:45:12.890+0800][info] GC(29) Concurrent Undo Cycle 0.327ms
[2024-09-08T21:45:12.909+0800][info] GC(30) Pause Young (Concurrent Start) (G1 Humongous Allocation)
[2024-09-08T21:45:12.909+0800][info] GC(30) Using 3 workers of 48 for evacuation
[2024-09-08T21:45:12.909+0800][info] GC(30)   Pre Evacuate Collection Set: 0.1ms
[2024-09-08T21:45:12.909+0800][info] GC(30)   Merge Heap Roots: 0.0ms
[2024-09-08T21:45:12.909+0800][info] GC(30)   Evacuate Collection Set: 0.2ms
[2024-09-08T21:45:12.909+0800][info] GC(30)   Post Evacuate Collection Set: 0.2ms
[2024-09-08T21:45:12.909+0800][info] GC(30)   Other: 0.3ms
[2024-09-08T21:45:12.909+0800][info] GC(30) Eden regions: 0->0(1)
[2024-09-08T21:45:12.909+0800][info] GC(30) Survivor regions: 1->1(1)
[2024-09-08T21:45:12.909+0800][info] GC(30) Old regions: 3->3
[2024-09-08T21:45:12.909+0800][info] GC(30) Archive regions: 2->2
[2024-09-08T21:45:12.909+0800][info] GC(30) Humongous regions: 9->0
[2024-09-08T21:45:12.909+0800][info] GC(30) Metaspace: 735K(896K)->735K(896K) NonClass: 671K(768K)->671K(768K) Class: 63K(128K)->63K(128K)
[2024-09-08T21:45:12.910+0800][info] GC(30) Pause Young (Concurrent Start) (G1 Humongous Allocation) 51M->15M(128M) 0.850ms
[2024-09-08T21:45:12.910+0800][info] GC(30) User=0.00s Sys=0.00s Real=0.00s
[2024-09-08T21:45:12.910+0800][info] GC(31) Concurrent Undo Cycle
[2024-09-08T21:45:12.910+0800][info] GC(31) Concurrent Cleanup for Next Mark
[2024-09-08T21:45:12.910+0800][info] GC(31) Concurrent Cleanup for Next Mark 0.288ms
[2024-09-08T21:45:12.910+0800][info] GC(31) Concurrent Undo Cycle 0.341ms
[2024-09-08T21:45:12.929+0800][info] GC(32) Pause Young (Concurrent Start) (G1 Humongous Allocation)
[2024-09-08T21:45:12.929+0800][info] GC(32) Using 3 workers of 48 for evacuation
[2024-09-08T21:45:12.929+0800][info] GC(32)   Pre Evacuate Collection Set: 0.0ms
[2024-09-08T21:45:12.929+0800][info] GC(32)   Merge Heap Roots: 0.0ms
[2024-09-08T21:45:12.929+0800][info] GC(32)   Evacuate Collection Set: 0.2ms
[2024-09-08T21:45:12.929+0800][info] GC(32)   Post Evacuate Collection Set: 0.1ms
[2024-09-08T21:45:12.929+0800][info] GC(32)   Other: 0.3ms
[2024-09-08T21:45:12.929+0800][info] GC(32) Eden regions: 0->0(1)
[2024-09-08T21:45:12.929+0800][info] GC(32) Survivor regions: 1->1(1)
[2024-09-08T21:45:12.929+0800][info] GC(32) Old regions: 3->3
[2024-09-08T21:45:12.929+0800][info] GC(32) Archive regions: 2->2
[2024-09-08T21:45:12.929+0800][info] GC(32) Humongous regions: 9->0
[2024-09-08T21:45:12.929+0800][info] GC(32) Metaspace: 735K(896K)->735K(896K) NonClass: 671K(768K)->671K(768K) Class: 63K(128K)->63K(128K)
[2024-09-08T21:45:12.929+0800][info] GC(32) Pause Young (Concurrent Start) (G1 Humongous Allocation) 51M->15M(128M) 0.846ms
[2024-09-08T21:45:12.929+0800][info] GC(32) User=0.00s Sys=0.00s Real=0.00s
[2024-09-08T21:45:12.929+0800][info] GC(33) Concurrent Undo Cycle
[2024-09-08T21:45:12.930+0800][info] GC(33) Concurrent Cleanup for Next Mark
[2024-09-08T21:45:12.930+0800][info] GC(33) Concurrent Cleanup for Next Mark 0.213ms
[2024-09-08T21:45:12.930+0800][info] GC(33) Concurrent Undo Cycle 0.273ms
[2024-09-08T21:45:12.954+0800][info] GC(34) Pause Young (Normal) (G1 Evacuation Pause)
[2024-09-08T21:45:12.954+0800][info] GC(34) Using 3 workers of 48 for evacuation
[2024-09-08T21:45:12.955+0800][info] GC(34)   Pre Evacuate Collection Set: 0.0ms
[2024-09-08T21:45:12.955+0800][info] GC(34)   Merge Heap Roots: 0.0ms
[2024-09-08T21:45:12.955+0800][info] GC(34)   Evacuate Collection Set: 0.4ms
[2024-09-08T21:45:12.955+0800][info] GC(34)   Post Evacuate Collection Set: 0.1ms
[2024-09-08T21:45:12.955+0800][info] GC(34)   Other: 0.1ms
[2024-09-08T21:45:12.955+0800][info] GC(34) Eden regions: 1->0(1)
[2024-09-08T21:45:12.955+0800][info] GC(34) Survivor regions: 1->1(1)
[2024-09-08T21:45:12.955+0800][info] GC(34) Old regions: 3->3
[2024-09-08T21:45:12.955+0800][info] GC(34) Archive regions: 2->2
[2024-09-08T21:45:12.955+0800][info] GC(34) Humongous regions: 6->0
[2024-09-08T21:45:12.955+0800][info] GC(34) Metaspace: 735K(896K)->735K(896K) NonClass: 671K(768K)->671K(768K) Class: 63K(128K)->63K(128K)
[2024-09-08T21:45:12.955+0800][info] GC(34) Pause Young (Normal) (G1 Evacuation Pause) 43M->19M(128M) 0.829ms
[2024-09-08T21:45:12.955+0800][info] GC(34) User=0.00s Sys=0.00s Real=0.00s
[2024-09-08T21:45:12.955+0800][info] GC(35) Pause Young (Normal) (G1 Evacuation Pause)
[2024-09-08T21:45:12.955+0800][info] GC(35) Using 3 workers of 48 for evacuation
[2024-09-08T21:45:12.956+0800][info] GC(35)   Pre Evacuate Collection Set: 0.0ms
[2024-09-08T21:45:12.956+0800][info] GC(35)   Merge Heap Roots: 0.0ms
[2024-09-08T21:45:12.956+0800][info] GC(35)   Evacuate Collection Set: 0.7ms
[2024-09-08T21:45:12.956+0800][info] GC(35)   Post Evacuate Collection Set: 0.1ms
[2024-09-08T21:45:12.956+0800][info] GC(35)   Other: 0.1ms
[2024-09-08T21:45:12.956+0800][info] GC(35) Eden regions: 1->0(1)
[2024-09-08T21:45:12.956+0800][info] GC(35) Survivor regions: 1->1(1)
[2024-09-08T21:45:12.956+0800][info] GC(35) Old regions: 3->4
[2024-09-08T21:45:12.956+0800][info] GC(35) Archive regions: 2->2
[2024-09-08T21:45:12.956+0800][info] GC(35) Humongous regions: 0->0
[2024-09-08T21:45:12.956+0800][info] GC(35) Metaspace: 735K(896K)->735K(896K) NonClass: 671K(768K)->671K(768K) Class: 63K(128K)->63K(128K)
[2024-09-08T21:45:12.956+0800][info] GC(35) Pause Young (Normal) (G1 Evacuation Pause) 23M->23M(128M) 1.110ms
[2024-09-08T21:45:12.957+0800][info] GC(35) User=0.01s Sys=0.00s Real=0.00s
[2024-09-08T21:45:12.957+0800][info] GC(36) Pause Young (Normal) (G1 Evacuation Pause)
[2024-09-08T21:45:12.957+0800][info] GC(36) Using 3 workers of 48 for evacuation
[2024-09-08T21:45:12.958+0800][info] GC(36)   Pre Evacuate Collection Set: 0.0ms
[2024-09-08T21:45:12.958+0800][info] GC(36)   Merge Heap Roots: 0.0ms
[2024-09-08T21:45:12.958+0800][info] GC(36)   Evacuate Collection Set: 0.6ms
[2024-09-08T21:45:12.958+0800][info] GC(36)   Post Evacuate Collection Set: 0.1ms
[2024-09-08T21:45:12.958+0800][info] GC(36)   Other: 0.1ms
[2024-09-08T21:45:12.958+0800][info] GC(36) Eden regions: 1->0(1)
[2024-09-08T21:45:12.958+0800][info] GC(36) Survivor regions: 1->1(1)
[2024-09-08T21:45:12.958+0800][info] GC(36) Old regions: 4->5
[2024-09-08T21:45:12.958+0800][info] GC(36) Archive regions: 2->2
[2024-09-08T21:45:12.958+0800][info] GC(36) Humongous regions: 0->0
[2024-09-08T21:45:12.958+0800][info] GC(36) Metaspace: 735K(896K)->735K(896K) NonClass: 671K(768K)->671K(768K) Class: 63K(128K)->63K(128K)
[2024-09-08T21:45:12.958+0800][info] GC(36) Pause Young (Normal) (G1 Evacuation Pause) 27M->27M(128M) 0.932ms
[2024-09-08T21:45:12.958+0800][info] GC(36) User=0.00s Sys=0.00s Real=0.00s
[2024-09-08T21:45:12.959+0800][info] GC(37) Pause Young (Normal) (G1 Evacuation Pause)
[2024-09-08T21:45:12.959+0800][info] GC(37) Using 3 workers of 48 for evacuation
[2024-09-08T21:45:12.959+0800][info] GC(37)   Pre Evacuate Collection Set: 0.0ms
[2024-09-08T21:45:12.959+0800][info] GC(37)   Merge Heap Roots: 0.0ms
[2024-09-08T21:45:12.959+0800][info] GC(37)   Evacuate Collection Set: 0.6ms
[2024-09-08T21:45:12.960+0800][info] GC(37)   Post Evacuate Collection Set: 0.1ms
[2024-09-08T21:45:12.960+0800][info] GC(37)   Other: 0.1ms
[2024-09-08T21:45:12.960+0800][info] GC(37) Eden regions: 1->0(2)
[2024-09-08T21:45:12.960+0800][info] GC(37) Survivor regions: 1->1(1)
[2024-09-08T21:45:12.960+0800][info] GC(37) Old regions: 5->6
[2024-09-08T21:45:12.960+0800][info] GC(37) Archive regions: 2->2
[2024-09-08T21:45:12.960+0800][info] GC(37) Humongous regions: 0->0
[2024-09-08T21:45:12.960+0800][info] GC(37) Metaspace: 735K(896K)->735K(896K) NonClass: 671K(768K)->671K(768K) Class: 63K(128K)->63K(128K)
[2024-09-08T21:45:12.960+0800][info] GC(37) Pause Young (Normal) (G1 Evacuation Pause) 30M->30M(128M) 0.919ms
[2024-09-08T21:45:12.960+0800][info] GC(37) User=0.00s Sys=0.00s Real=0.00s
[2024-09-08T21:45:12.961+0800][info] GC(38) Pause Young (Normal) (G1 Evacuation Pause)
[2024-09-08T21:45:12.961+0800][info] GC(38) Using 3 workers of 48 for evacuation
[2024-09-08T21:45:12.962+0800][info] GC(38)   Pre Evacuate Collection Set: 0.0ms
[2024-09-08T21:45:12.962+0800][info] GC(38)   Merge Heap Roots: 0.0ms
[2024-09-08T21:45:12.962+0800][info] GC(38)   Evacuate Collection Set: 1.0ms
[2024-09-08T21:45:12.962+0800][info] GC(38)   Post Evacuate Collection Set: 0.1ms
[2024-09-08T21:45:12.962+0800][info] GC(38)   Other: 0.1ms
[2024-09-08T21:45:12.962+0800][info] GC(38) Eden regions: 2->0(2)
[2024-09-08T21:45:12.962+0800][info] GC(38) Survivor regions: 1->1(1)
[2024-09-08T21:45:12.962+0800][info] GC(38) Old regions: 6->8
[2024-09-08T21:45:12.962+0800][info] GC(38) Archive regions: 2->2
[2024-09-08T21:45:12.962+0800][info] GC(38) Humongous regions: 0->0
[2024-09-08T21:45:12.962+0800][info] GC(38) Metaspace: 735K(896K)->735K(896K) NonClass: 671K(768K)->671K(768K) Class: 63K(128K)->63K(128K)
[2024-09-08T21:45:12.962+0800][info] GC(38) Pause Young (Normal) (G1 Evacuation Pause) 38M->39M(128M) 1.354ms
[2024-09-08T21:45:12.962+0800][info] GC(38) User=0.01s Sys=0.00s Real=0.00s
[2024-09-08T21:45:12.963+0800][info] GC(39) Pause Young (Normal) (G1 Evacuation Pause)
[2024-09-08T21:45:12.963+0800][info] GC(39) Using 3 workers of 48 for evacuation
[2024-09-08T21:45:12.964+0800][info] GC(39)   Pre Evacuate Collection Set: 0.0ms
[2024-09-08T21:45:12.964+0800][info] GC(39)   Merge Heap Roots: 0.0ms
[2024-09-08T21:45:12.964+0800][info] GC(39)   Evacuate Collection Set: 0.9ms
[2024-09-08T21:45:12.964+0800][info] GC(39)   Post Evacuate Collection Set: 0.1ms
[2024-09-08T21:45:12.964+0800][info] GC(39)   Other: 0.1ms
[2024-09-08T21:45:12.964+0800][info] GC(39) Eden regions: 2->0(2)
[2024-09-08T21:45:12.964+0800][info] GC(39) Survivor regions: 1->1(1)
[2024-09-08T21:45:12.964+0800][info] GC(39) Old regions: 8->10
[2024-09-08T21:45:12.964+0800][info] GC(39) Archive regions: 2->2
[2024-09-08T21:45:12.964+0800][info] GC(39) Humongous regions: 0->0
[2024-09-08T21:45:12.965+0800][info] GC(39) Metaspace: 735K(896K)->735K(896K) NonClass: 671K(768K)->671K(768K) Class: 63K(128K)->63K(128K)
[2024-09-08T21:45:12.965+0800][info] GC(39) Pause Young (Normal) (G1 Evacuation Pause) 46M->47M(128M) 1.256ms
[2024-09-08T21:45:12.965+0800][info] GC(39) User=0.00s Sys=0.00s Real=0.00s
[2024-09-08T21:45:12.966+0800][info] GC(40) Pause Young (Normal) (G1 Evacuation Pause)
[2024-09-08T21:45:12.966+0800][info] GC(40) Using 3 workers of 48 for evacuation
[2024-09-08T21:45:12.967+0800][info] GC(40)   Pre Evacuate Collection Set: 0.0ms
[2024-09-08T21:45:12.967+0800][info] GC(40)   Merge Heap Roots: 0.0ms
[2024-09-08T21:45:12.967+0800][info] GC(40)   Evacuate Collection Set: 0.9ms
[2024-09-08T21:45:12.967+0800][info] GC(40)   Post Evacuate Collection Set: 0.1ms
[2024-09-08T21:45:12.967+0800][info] GC(40)   Other: 0.1ms
[2024-09-08T21:45:12.967+0800][info] GC(40) Eden regions: 2->0(2)
[2024-09-08T21:45:12.967+0800][info] GC(40) Survivor regions: 1->1(1)
[2024-09-08T21:45:12.967+0800][info] GC(40) Old regions: 10->12
[2024-09-08T21:45:12.967+0800][info] GC(40) Archive regions: 2->2
[2024-09-08T21:45:12.967+0800][info] GC(40) Humongous regions: 0->0
[2024-09-08T21:45:12.967+0800][info] GC(40) Metaspace: 735K(896K)->735K(896K) NonClass: 671K(768K)->671K(768K) Class: 63K(128K)->63K(128K)
[2024-09-08T21:45:12.967+0800][info] GC(40) Pause Young (Normal) (G1 Evacuation Pause) 54M->55M(128M) 1.316ms
[2024-09-08T21:45:12.967+0800][info] GC(40) User=0.01s Sys=0.00s Real=0.00s
[2024-09-08T21:45:12.968+0800][info] GC(41) Pause Young (Normal) (G1 Evacuation Pause)
[2024-09-08T21:45:12.968+0800][info] GC(41) Using 3 workers of 48 for evacuation
[2024-09-08T21:45:12.969+0800][info] GC(41)   Pre Evacuate Collection Set: 0.0ms
[2024-09-08T21:45:12.969+0800][info] GC(41)   Merge Heap Roots: 0.0ms
[2024-09-08T21:45:12.969+0800][info] GC(41)   Evacuate Collection Set: 0.9ms
[2024-09-08T21:45:12.969+0800][info] GC(41)   Post Evacuate Collection Set: 0.1ms
[2024-09-08T21:45:12.969+0800][info] GC(41)   Other: 0.1ms
[2024-09-08T21:45:12.969+0800][info] GC(41) Eden regions: 2->0(2)
[2024-09-08T21:45:12.969+0800][info] GC(41) Survivor regions: 1->1(1)
[2024-09-08T21:45:12.969+0800][info] GC(41) Old regions: 12->14
[2024-09-08T21:45:12.969+0800][info] GC(41) Archive regions: 2->2
[2024-09-08T21:45:12.969+0800][info] GC(41) Humongous regions: 0->0
[2024-09-08T21:45:12.969+0800][info] GC(41) Metaspace: 735K(896K)->735K(896K) NonClass: 671K(768K)->671K(768K) Class: 63K(128K)->63K(128K)
[2024-09-08T21:45:12.969+0800][info] GC(41) Pause Young (Normal) (G1 Evacuation Pause) 63M->63M(128M) 1.303ms
[2024-09-08T21:45:12.969+0800][info] GC(41) User=0.00s Sys=0.00s Real=0.00s
[2024-09-08T21:45:12.971+0800][info] GC(42) Pause Young (Concurrent Start) (G1 Evacuation Pause)
[2024-09-08T21:45:12.971+0800][info] GC(42) Using 3 workers of 48 for evacuation
[2024-09-08T21:45:12.972+0800][info] GC(42)   Pre Evacuate Collection Set: 0.0ms
[2024-09-08T21:45:12.972+0800][info] GC(42)   Merge Heap Roots: 0.0ms
[2024-09-08T21:45:12.972+0800][info] GC(42)   Evacuate Collection Set: 1.0ms
[2024-09-08T21:45:12.972+0800][info] GC(42)   Post Evacuate Collection Set: 0.1ms
[2024-09-08T21:45:12.972+0800][info] GC(42)   Other: 0.2ms
[2024-09-08T21:45:12.972+0800][info] GC(42) Eden regions: 2->0(2)
[2024-09-08T21:45:12.972+0800][info] GC(42) Survivor regions: 1->1(1)
[2024-09-08T21:45:12.972+0800][info] GC(42) Old regions: 14->16
[2024-09-08T21:45:12.972+0800][info] GC(42) Archive regions: 2->2
[2024-09-08T21:45:12.972+0800][info] GC(42) Humongous regions: 0->0
[2024-09-08T21:45:12.972+0800][info] GC(42) Metaspace: 735K(896K)->735K(896K) NonClass: 671K(768K)->671K(768K) Class: 63K(128K)->63K(128K)
[2024-09-08T21:45:12.972+0800][info] GC(42) Pause Young (Concurrent Start) (G1 Evacuation Pause) 71M->71M(128M) 1.485ms
[2024-09-08T21:45:12.972+0800][info] GC(42) User=0.00s Sys=0.00s Real=0.00s
[2024-09-08T21:45:12.972+0800][info] GC(43) Concurrent Mark Cycle
[2024-09-08T21:45:12.972+0800][info] GC(43) Concurrent Clear Claimed Marks
[2024-09-08T21:45:12.972+0800][info] GC(43) Concurrent Clear Claimed Marks 0.022ms
[2024-09-08T21:45:12.972+0800][info] GC(43) Concurrent Scan Root Regions
[2024-09-08T21:45:12.972+0800][info] GC(43) Concurrent Scan Root Regions 0.250ms
[2024-09-08T21:45:12.972+0800][info] GC(43) Concurrent Mark
[2024-09-08T21:45:12.973+0800][info] GC(43) Concurrent Mark From Roots
[2024-09-08T21:45:12.973+0800][info] GC(43) Using 12 workers of 12 for marking
[2024-09-08T21:45:12.975+0800][info] GC(43) Concurrent Mark From Roots 2.113ms
[2024-09-08T21:45:12.975+0800][info] GC(43) Concurrent Preclean
[2024-09-08T21:45:12.976+0800][info] GC(43) Concurrent Preclean 1.764ms
[2024-09-08T21:45:12.976+0800][info] GC(43) Pause Remark
[2024-09-08T21:45:12.978+0800][info] GC(43) Pause Remark 71M->67M(128M) 1.064ms
[2024-09-08T21:45:12.978+0800][info] GC(43) User=0.00s Sys=0.00s Real=0.01s
[2024-09-08T21:45:12.978+0800][info] GC(43) Concurrent Mark 5.118ms
[2024-09-08T21:45:12.978+0800][info] GC(43) Concurrent Rebuild Remembered Sets
[2024-09-08T21:45:12.982+0800][info] GC(43) Concurrent Rebuild Remembered Sets 4.651ms
[2024-09-08T21:45:12.982+0800][info] GC(43) Pause Cleanup
[2024-09-08T21:45:12.983+0800][info] GC(43) Pause Cleanup 67M->67M(128M) 0.399ms
[2024-09-08T21:45:12.983+0800][info] GC(43) User=0.00s Sys=0.00s Real=0.00s
[2024-09-08T21:45:12.983+0800][info] GC(43) Concurrent Cleanup for Next Mark
[2024-09-08T21:45:12.983+0800][info] GC(43) Concurrent Cleanup for Next Mark 0.220ms
[2024-09-08T21:45:12.983+0800][info] GC(43) Concurrent Mark Cycle 10.942ms
[2024-09-08T21:45:13.977+0800][info] GC(44) Pause Young (Prepare Mixed) (G1 Evacuation Pause)
[2024-09-08T21:45:13.977+0800][info] GC(44) Using 3 workers of 48 for evacuation
[2024-09-08T21:45:13.978+0800][info] GC(44)   Pre Evacuate Collection Set: 0.1ms
[2024-09-08T21:45:13.978+0800][info] GC(44)   Merge Heap Roots: 0.0ms
[2024-09-08T21:45:13.978+0800][info] GC(44)   Evacuate Collection Set: 0.8ms
[2024-09-08T21:45:13.978+0800][info] GC(44)   Post Evacuate Collection Set: 0.1ms
[2024-09-08T21:45:13.978+0800][info] GC(44)   Other: 0.2ms
[2024-09-08T21:45:13.978+0800][info] GC(44) Eden regions: 1->0(2)
[2024-09-08T21:45:13.978+0800][info] GC(44) Survivor regions: 1->1(1)
[2024-09-08T21:45:13.978+0800][info] GC(44) Old regions: 15->16
[2024-09-08T21:45:13.978+0800][info] GC(44) Archive regions: 2->2
[2024-09-08T21:45:13.978+0800][info] GC(44) Humongous regions: 0->0
[2024-09-08T21:45:13.978+0800][info] GC(44) Metaspace: 735K(896K)->735K(896K) NonClass: 672K(768K)->672K(768K) Class: 63K(128K)->63K(128K)
[2024-09-08T21:45:13.978+0800][info] GC(44) Pause Young (Prepare Mixed) (G1 Evacuation Pause) 71M->71M(128M) 1.392ms
[2024-09-08T21:45:13.978+0800][info] GC(44) User=0.00s Sys=0.00s Real=0.01s
[2024-09-08T21:45:13.980+0800][info] GC(45) Pause Young (Mixed) (G1 Evacuation Pause)
[2024-09-08T21:45:13.980+0800][info] GC(45) Using 3 workers of 48 for evacuation
[2024-09-08T21:45:13.981+0800][info] GC(45)   Pre Evacuate Collection Set: 0.0ms
[2024-09-08T21:45:13.981+0800][info] GC(45)   Merge Heap Roots: 0.0ms
[2024-09-08T21:45:13.981+0800][info] GC(45)   Evacuate Collection Set: 1.1ms
[2024-09-08T21:45:13.981+0800][info] GC(45)   Post Evacuate Collection Set: 0.2ms
[2024-09-08T21:45:13.981+0800][info] GC(45)   Other: 0.1ms
[2024-09-08T21:45:13.981+0800][info] GC(45) Eden regions: 2->0(2)
[2024-09-08T21:45:13.981+0800][info] GC(45) Survivor regions: 1->1(1)
[2024-09-08T21:45:13.981+0800][info] GC(45) Old regions: 16->17
[2024-09-08T21:45:13.981+0800][info] GC(45) Archive regions: 2->2
[2024-09-08T21:45:13.981+0800][info] GC(45) Humongous regions: 0->0
[2024-09-08T21:45:13.981+0800][info] GC(45) Metaspace: 735K(896K)->735K(896K) NonClass: 672K(768K)->672K(768K) Class: 63K(128K)->63K(128K)
[2024-09-08T21:45:13.981+0800][info] GC(45) Pause Young (Mixed) (G1 Evacuation Pause) 79M->75M(128M) 1.546ms
[2024-09-08T21:45:13.981+0800][info] GC(45) User=0.00s Sys=0.00s Real=0.00s
[2024-09-08T21:45:13.982+0800][info] GC(46) Pause Young (Mixed) (G1 Evacuation Pause)
[2024-09-08T21:45:13.983+0800][info] GC(46) Using 3 workers of 48 for evacuation
[2024-09-08T21:45:13.985+0800][info] GC(46)   Pre Evacuate Collection Set: 0.0ms
[2024-09-08T21:45:13.985+0800][info] GC(46)   Merge Heap Roots: 0.0ms
[2024-09-08T21:45:13.985+0800][info] GC(46)   Evacuate Collection Set: 2.1ms
[2024-09-08T21:45:13.985+0800][info] GC(46)   Post Evacuate Collection Set: 0.2ms
[2024-09-08T21:45:13.985+0800][info] GC(46)   Other: 0.2ms
[2024-09-08T21:45:13.985+0800][info] GC(46) Eden regions: 2->0(2)
[2024-09-08T21:45:13.985+0800][info] GC(46) Survivor regions: 1->1(1)
[2024-09-08T21:45:13.985+0800][info] GC(46) Old regions: 17->19
[2024-09-08T21:45:13.985+0800][info] GC(46) Archive regions: 2->2
[2024-09-08T21:45:13.985+0800][info] GC(46) Humongous regions: 0->0
[2024-09-08T21:45:13.985+0800][info] GC(46) Metaspace: 735K(896K)->735K(896K) NonClass: 672K(768K)->672K(768K) Class: 63K(128K)->63K(128K)
[2024-09-08T21:45:13.985+0800][info] GC(46) Pause Young (Mixed) (G1 Evacuation Pause) 83M->80M(128M) 2.830ms
[2024-09-08T21:45:13.985+0800][info] GC(46) User=0.01s Sys=0.00s Real=0.01s
[2024-09-08T21:45:13.986+0800][info] GC(47) Pause Young (Concurrent Start) (G1 Evacuation Pause)
[2024-09-08T21:45:13.986+0800][info] GC(47) Using 3 workers of 48 for evacuation
[2024-09-08T21:45:13.988+0800][info] GC(47)   Pre Evacuate Collection Set: 0.0ms
[2024-09-08T21:45:13.988+0800][info] GC(47)   Merge Heap Roots: 0.0ms
[2024-09-08T21:45:13.988+0800][info] GC(47)   Evacuate Collection Set: 1.0ms
[2024-09-08T21:45:13.988+0800][info] GC(47)   Post Evacuate Collection Set: 0.1ms
[2024-09-08T21:45:13.988+0800][info] GC(47)   Other: 0.3ms
[2024-09-08T21:45:13.988+0800][info] GC(47) Eden regions: 2->0(2)
[2024-09-08T21:45:13.988+0800][info] GC(47) Survivor regions: 1->1(1)
[2024-09-08T21:45:13.988+0800][info] GC(47) Old regions: 19->21
[2024-09-08T21:45:13.988+0800][info] GC(47) Archive regions: 2->2
[2024-09-08T21:45:13.988+0800][info] GC(47) Humongous regions: 0->0
[2024-09-08T21:45:13.988+0800][info] GC(47) Metaspace: 735K(896K)->735K(896K) NonClass: 672K(768K)->672K(768K) Class: 63K(128K)->63K(128K)
[2024-09-08T21:45:13.988+0800][info] GC(47) Pause Young (Concurrent Start) (G1 Evacuation Pause) 88M->88M(128M) 1.709ms
[2024-09-08T21:45:13.988+0800][info] GC(47) User=0.00s Sys=0.00s Real=0.00s
[2024-09-08T21:45:13.988+0800][info] GC(48) Concurrent Mark Cycle
[2024-09-08T21:45:13.988+0800][info] GC(48) Concurrent Clear Claimed Marks
[2024-09-08T21:45:13.988+0800][info] GC(48) Concurrent Clear Claimed Marks 0.018ms
[2024-09-08T21:45:13.988+0800][info] GC(48) Concurrent Scan Root Regions
[2024-09-08T21:45:13.988+0800][info] GC(48) Concurrent Scan Root Regions 0.059ms
[2024-09-08T21:45:13.988+0800][info] GC(48) Concurrent Mark
[2024-09-08T21:45:13.988+0800][info] GC(48) Concurrent Mark From Roots
[2024-09-08T21:45:13.988+0800][info] GC(48) Using 12 workers of 12 for marking
[2024-09-08T21:45:13.991+0800][info] GC(48) Concurrent Mark From Roots 2.659ms
[2024-09-08T21:45:13.991+0800][info] GC(48) Concurrent Preclean
[2024-09-08T21:45:13.993+0800][info] GC(48) Concurrent Preclean 1.658ms
[2024-09-08T21:45:13.993+0800][info] GC(48) Pause Remark
[2024-09-08T21:45:13.994+0800][info] GC(48) Pause Remark 89M->89M(128M) 0.936ms
[2024-09-08T21:45:13.994+0800][info] GC(48) User=0.01s Sys=0.00s Real=0.00s
[2024-09-08T21:45:13.994+0800][info] GC(48) Concurrent Mark 5.444ms
[2024-09-08T21:45:13.994+0800][info] GC(48) Concurrent Rebuild Remembered Sets
[2024-09-08T21:45:14.000+0800][info] GC(48) Concurrent Rebuild Remembered Sets 5.861ms
[2024-09-08T21:45:14.000+0800][info] GC(48) Pause Cleanup
[2024-09-08T21:45:14.000+0800][info] GC(48) Pause Cleanup 89M->89M(128M) 0.392ms
[2024-09-08T21:45:14.000+0800][info] GC(48) User=0.00s Sys=0.00s Real=0.00s
[2024-09-08T21:45:14.000+0800][info] GC(48) Concurrent Cleanup for Next Mark
[2024-09-08T21:45:14.000+0800][info] GC(48) Concurrent Cleanup for Next Mark 0.242ms
[2024-09-08T21:45:14.000+0800][info] GC(48) Concurrent Mark Cycle 12.273ms
[2024-09-08T21:45:14.994+0800][info] GC(49) Pause Young (Normal) (G1 Evacuation Pause)
[2024-09-08T21:45:14.994+0800][info] GC(49) Using 3 workers of 48 for evacuation
[2024-09-08T21:45:14.995+0800][info] GC(49)   Pre Evacuate Collection Set: 0.0ms
[2024-09-08T21:45:14.995+0800][info] GC(49)   Merge Heap Roots: 0.0ms
[2024-09-08T21:45:14.995+0800][info] GC(49)   Evacuate Collection Set: 0.7ms
[2024-09-08T21:45:14.995+0800][info] GC(49)   Post Evacuate Collection Set: 0.1ms
[2024-09-08T21:45:14.995+0800][info] GC(49)   Other: 0.2ms
[2024-09-08T21:45:14.995+0800][info] GC(49) Eden regions: 1->0(2)
[2024-09-08T21:45:14.995+0800][info] GC(49) Survivor regions: 1->1(1)
[2024-09-08T21:45:14.995+0800][info] GC(49) Old regions: 21->22
[2024-09-08T21:45:14.995+0800][info] GC(49) Archive regions: 2->2
[2024-09-08T21:45:14.995+0800][info] GC(49) Humongous regions: 0->0
[2024-09-08T21:45:14.995+0800][info] GC(49) Metaspace: 761K(896K)->761K(896K) NonClass: 697K(768K)->697K(768K) Class: 63K(128K)->63K(128K)
[2024-09-08T21:45:14.995+0800][info] GC(49) Pause Young (Normal) (G1 Evacuation Pause) 92M->92M(128M) 1.283ms
[2024-09-08T21:45:14.995+0800][info] GC(49) User=0.00s Sys=0.00s Real=0.00s
[2024-09-08T21:45:14.996+0800][info] GC(50) Pause Young (Concurrent Start) (G1 Preventive Collection)
[2024-09-08T21:45:14.996+0800][info] GC(50) Using 3 workers of 48 for evacuation
[2024-09-08T21:45:14.998+0800][info] GC(50)   Pre Evacuate Collection Set: 0.0ms
[2024-09-08T21:45:14.998+0800][info] GC(50)   Merge Heap Roots: 0.0ms
[2024-09-08T21:45:14.998+0800][info] GC(50)   Evacuate Collection Set: 1.1ms
[2024-09-08T21:45:14.998+0800][info] GC(50)   Post Evacuate Collection Set: 0.1ms
[2024-09-08T21:45:14.998+0800][info] GC(50)   Other: 0.2ms
[2024-09-08T21:45:14.998+0800][info] GC(50) Eden regions: 2->0(2)
[2024-09-08T21:45:14.998+0800][info] GC(50) Survivor regions: 1->1(1)
[2024-09-08T21:45:14.998+0800][info] GC(50) Old regions: 22->24
[2024-09-08T21:45:14.998+0800][info] GC(50) Archive regions: 2->2
[2024-09-08T21:45:14.998+0800][info] GC(50) Humongous regions: 0->0
[2024-09-08T21:45:14.998+0800][info] GC(50) Metaspace: 761K(896K)->761K(896K) NonClass: 697K(768K)->697K(768K) Class: 63K(128K)->63K(128K)
[2024-09-08T21:45:14.998+0800][info] GC(50) Pause Young (Concurrent Start) (G1 Preventive Collection) 100M->100M(128M) 1.668ms
[2024-09-08T21:45:14.998+0800][info] GC(50) User=0.01s Sys=0.00s Real=0.01s
[2024-09-08T21:45:14.998+0800][info] GC(51) Concurrent Mark Cycle
[2024-09-08T21:45:14.998+0800][info] GC(51) Concurrent Clear Claimed Marks
[2024-09-08T21:45:14.998+0800][info] GC(51) Concurrent Clear Claimed Marks 0.018ms
[2024-09-08T21:45:14.998+0800][info] GC(51) Concurrent Scan Root Regions
[2024-09-08T21:45:14.998+0800][info] GC(51) Concurrent Scan Root Regions 0.051ms
[2024-09-08T21:45:14.998+0800][info] GC(51) Concurrent Mark
[2024-09-08T21:45:14.998+0800][info] GC(51) Concurrent Mark From Roots
[2024-09-08T21:45:14.998+0800][info] GC(51) Using 12 workers of 12 for marking
[2024-09-08T21:45:15.002+0800][info] GC(51) Concurrent Mark From Roots 3.326ms
[2024-09-08T21:45:15.002+0800][info] GC(51) Concurrent Preclean
[2024-09-08T21:45:15.003+0800][info] GC(51) Concurrent Preclean 1.781ms
[2024-09-08T21:45:15.004+0800][info] GC(51) Pause Remark
[2024-09-08T21:45:15.005+0800][info] GC(51) Pause Remark 101M->101M(128M) 1.054ms
[2024-09-08T21:45:15.005+0800][info] GC(51) User=0.00s Sys=0.00s Real=0.00s
[2024-09-08T21:45:15.005+0800][info] GC(51) Concurrent Mark 6.345ms
[2024-09-08T21:45:15.005+0800][info] GC(51) Concurrent Rebuild Remembered Sets
[2024-09-08T21:45:15.011+0800][info] GC(51) Concurrent Rebuild Remembered Sets 6.800ms
[2024-09-08T21:45:15.012+0800][info] GC(51) Pause Cleanup
[2024-09-08T21:45:15.012+0800][info] GC(51) Pause Cleanup 101M->101M(128M) 0.405ms
[2024-09-08T21:45:15.012+0800][info] GC(51) User=0.00s Sys=0.00s Real=0.00s
[2024-09-08T21:45:15.012+0800][info] GC(51) Concurrent Cleanup for Next Mark
[2024-09-08T21:45:15.012+0800][info] GC(51) Concurrent Cleanup for Next Mark 0.247ms
[2024-09-08T21:45:15.012+0800][info] GC(51) Concurrent Mark Cycle 14.149ms
[2024-09-08T21:45:16.003+0800][info] GC(52) Pause Young (Normal) (G1 Preventive Collection)
[2024-09-08T21:45:16.003+0800][info] GC(52) Using 3 workers of 48 for evacuation
[2024-09-08T21:45:16.004+0800][info] GC(52)   Pre Evacuate Collection Set: 0.0ms
[2024-09-08T21:45:16.004+0800][info] GC(52)   Merge Heap Roots: 0.0ms
[2024-09-08T21:45:16.004+0800][info] GC(52)   Evacuate Collection Set: 0.8ms
[2024-09-08T21:45:16.004+0800][info] GC(52)   Post Evacuate Collection Set: 0.1ms
[2024-09-08T21:45:16.004+0800][info] GC(52)   Other: 0.2ms
[2024-09-08T21:45:16.004+0800][info] GC(52) Eden regions: 1->0(1)
[2024-09-08T21:45:16.004+0800][info] GC(52) Survivor regions: 1->1(1)
[2024-09-08T21:45:16.004+0800][info] GC(52) Old regions: 24->25
[2024-09-08T21:45:16.004+0800][info] GC(52) Archive regions: 2->2
[2024-09-08T21:45:16.004+0800][info] GC(52) Humongous regions: 0->0
[2024-09-08T21:45:16.004+0800][info] GC(52) Metaspace: 763K(896K)->763K(896K) NonClass: 700K(768K)->700K(768K) Class: 63K(128K)->63K(128K)
[2024-09-08T21:45:16.004+0800][info] GC(52) Pause Young (Normal) (G1 Preventive Collection) 104M->104M(128M) 1.396ms
[2024-09-08T21:45:16.004+0800][info] GC(52) User=0.00s Sys=0.00s Real=0.00s
[2024-09-08T21:45:16.017+0800][info] GC(53) Pause Young (Concurrent Start) (G1 Preventive Collection)
[2024-09-08T21:45:16.017+0800][info] GC(53) Using 3 workers of 48 for evacuation
[2024-09-08T21:45:16.018+0800][info] GC(53)   Pre Evacuate Collection Set: 0.0ms
[2024-09-08T21:45:16.018+0800][info] GC(53)   Merge Heap Roots: 0.0ms
[2024-09-08T21:45:16.018+0800][info] GC(53)   Evacuate Collection Set: 0.8ms
[2024-09-08T21:45:16.018+0800][info] GC(53)   Post Evacuate Collection Set: 0.1ms
[2024-09-08T21:45:16.018+0800][info] GC(53)   Other: 0.3ms
[2024-09-08T21:45:16.018+0800][info] GC(53) Eden regions: 1->0(1)
[2024-09-08T21:45:16.019+0800][info] GC(53) Survivor regions: 1->1(1)
[2024-09-08T21:45:16.019+0800][info] GC(53) Old regions: 25->26
[2024-09-08T21:45:16.019+0800][info] GC(53) Archive regions: 2->2
[2024-09-08T21:45:16.019+0800][info] GC(53) Humongous regions: 0->0
[2024-09-08T21:45:16.019+0800][info] GC(53) Metaspace: 773K(896K)->773K(896K) NonClass: 710K(768K)->710K(768K) Class: 63K(128K)->63K(128K)
[2024-09-08T21:45:16.019+0800][info] GC(53) Pause Young (Concurrent Start) (G1 Preventive Collection) 108M->108M(128M) 1.459ms
[2024-09-08T21:45:16.019+0800][info] GC(53) User=0.00s Sys=0.00s Real=0.00s
[2024-09-08T21:45:16.019+0800][info] GC(54) Concurrent Mark Cycle
[2024-09-08T21:45:16.019+0800][info] GC(54) Concurrent Clear Claimed Marks
[2024-09-08T21:45:16.019+0800][info] GC(54) Concurrent Clear Claimed Marks 0.023ms
[2024-09-08T21:45:16.019+0800][info] GC(54) Concurrent Scan Root Regions
[2024-09-08T21:45:16.019+0800][info] GC(54) Concurrent Scan Root Regions 0.078ms
[2024-09-08T21:45:16.019+0800][info] GC(54) Concurrent Mark
[2024-09-08T21:45:16.019+0800][info] GC(54) Concurrent Mark From Roots
[2024-09-08T21:45:16.019+0800][info] GC(54) Using 12 workers of 12 for marking
[2024-09-08T21:45:16.021+0800][info] GC(54) Concurrent Mark From Roots 2.492ms
[2024-09-08T21:45:16.021+0800][info] GC(54) Concurrent Preclean
[2024-09-08T21:45:16.023+0800][info] GC(54) Concurrent Preclean 1.652ms
[2024-09-08T21:45:16.023+0800][info] GC(54) Pause Remark
[2024-09-08T21:45:16.024+0800][info] GC(54) Pause Remark 108M->32M(128M) 1.125ms
[2024-09-08T21:45:16.024+0800][info] GC(54) User=0.00s Sys=0.00s Real=0.00s
[2024-09-08T21:45:16.024+0800][info] GC(54) Concurrent Mark 5.466ms
[2024-09-08T21:45:16.024+0800][info] GC(54) Concurrent Rebuild Remembered Sets
[2024-09-08T21:45:16.026+0800][info] GC(54) Concurrent Rebuild Remembered Sets 1.702ms
[2024-09-08T21:45:16.026+0800][info] GC(54) Pause Cleanup
[2024-09-08T21:45:16.026+0800][info] GC(54) Pause Cleanup 32M->32M(128M) 0.232ms
[2024-09-08T21:45:16.026+0800][info] GC(54) User=0.00s Sys=0.00s Real=0.00s
[2024-09-08T21:45:16.026+0800][info] GC(54) Concurrent Cleanup for Next Mark
[2024-09-08T21:45:16.027+0800][info] GC(54) Concurrent Cleanup for Next Mark 0.214ms
[2024-09-08T21:45:16.027+0800][info] GC(54) Concurrent Mark Cycle 7.982ms
[2024-09-08T21:45:17.022+0800][info] GC(55) Pause Young (Prepare Mixed) (G1 Evacuation Pause)
[2024-09-08T21:45:17.022+0800][info] GC(55) Using 3 workers of 48 for evacuation
[2024-09-08T21:45:17.023+0800][info] GC(55)   Pre Evacuate Collection Set: 0.0ms
[2024-09-08T21:45:17.023+0800][info] GC(55)   Merge Heap Roots: 0.0ms
[2024-09-08T21:45:17.023+0800][info] GC(55)   Evacuate Collection Set: 0.6ms
[2024-09-08T21:45:17.023+0800][info] GC(55)   Post Evacuate Collection Set: 0.2ms
[2024-09-08T21:45:17.023+0800][info] GC(55)   Other: 0.2ms
[2024-09-08T21:45:17.023+0800][info] GC(55) Eden regions: 1->0(1)
[2024-09-08T21:45:17.023+0800][info] GC(55) Survivor regions: 1->1(1)
[2024-09-08T21:45:17.023+0800][info] GC(55) Old regions: 7->7
[2024-09-08T21:45:17.023+0800][info] GC(55) Archive regions: 2->2
[2024-09-08T21:45:17.023+0800][info] GC(55) Humongous regions: 0->0
[2024-09-08T21:45:17.023+0800][info] GC(55) Metaspace: 773K(896K)->773K(896K) NonClass: 710K(768K)->710K(768K) Class: 63K(128K)->63K(128K)
[2024-09-08T21:45:17.023+0800][info] GC(55) Pause Young (Prepare Mixed) (G1 Evacuation Pause) 36M->35M(128M) 1.293ms
[2024-09-08T21:45:17.023+0800][info] GC(55) User=0.00s Sys=0.00s Real=0.00s
[2024-09-08T21:45:17.024+0800][info] GC(56) Pause Young (Mixed) (G1 Evacuation Pause)
[2024-09-08T21:45:17.024+0800][info] GC(56) Using 3 workers of 48 for evacuation
[2024-09-08T21:45:17.026+0800][info] GC(56)   Pre Evacuate Collection Set: 0.0ms
[2024-09-08T21:45:17.026+0800][info] GC(56)   Merge Heap Roots: 0.0ms
[2024-09-08T21:45:17.026+0800][info] GC(56)   Evacuate Collection Set: 1.6ms
[2024-09-08T21:45:17.026+0800][info] GC(56)   Post Evacuate Collection Set: 0.2ms
[2024-09-08T21:45:17.026+0800][info] GC(56)   Other: 0.1ms
[2024-09-08T21:45:17.026+0800][info] GC(56) Eden regions: 1->0(1)
[2024-09-08T21:45:17.026+0800][info] GC(56) Survivor regions: 1->1(1)
[2024-09-08T21:45:17.026+0800][info] GC(56) Old regions: 7->5
[2024-09-08T21:45:17.026+0800][info] GC(56) Archive regions: 2->2
[2024-09-08T21:45:17.026+0800][info] GC(56) Humongous regions: 0->0
[2024-09-08T21:45:17.026+0800][info] GC(56) Metaspace: 773K(896K)->773K(896K) NonClass: 710K(768K)->710K(768K) Class: 63K(128K)->63K(128K)
[2024-09-08T21:45:17.026+0800][info] GC(56) Pause Young (Mixed) (G1 Evacuation Pause) 39M->24M(128M) 2.190ms
[2024-09-08T21:45:17.026+0800][info] GC(56) User=0.00s Sys=0.00s Real=0.01s
[2024-09-08T21:45:17.027+0800][info] GC(57) Pause Young (Mixed) (G1 Evacuation Pause)
[2024-09-08T21:45:17.027+0800][info] GC(57) Using 3 workers of 48 for evacuation
[2024-09-08T21:45:17.028+0800][info] GC(57)   Pre Evacuate Collection Set: 0.0ms
[2024-09-08T21:45:17.028+0800][info] GC(57)   Merge Heap Roots: 0.0ms
[2024-09-08T21:45:17.028+0800][info] GC(57)   Evacuate Collection Set: 1.0ms
[2024-09-08T21:45:17.028+0800][info] GC(57)   Post Evacuate Collection Set: 0.1ms
[2024-09-08T21:45:17.028+0800][info] GC(57)   Other: 0.1ms
[2024-09-08T21:45:17.028+0800][info] GC(57) Eden regions: 1->0(7)
[2024-09-08T21:45:17.028+0800][info] GC(57) Survivor regions: 1->1(1)
[2024-09-08T21:45:17.028+0800][info] GC(57) Old regions: 5->4
[2024-09-08T21:45:17.028+0800][info] GC(57) Archive regions: 2->2
[2024-09-08T21:45:17.028+0800][info] GC(57) Humongous regions: 0->0
[2024-09-08T21:45:17.028+0800][info] GC(57) Metaspace: 773K(896K)->773K(896K) NonClass: 710K(768K)->710K(768K) Class: 63K(128K)->63K(128K)
[2024-09-08T21:45:17.028+0800][info] GC(57) Pause Young (Mixed) (G1 Evacuation Pause) 28M->20M(128M) 1.474ms
[2024-09-08T21:45:17.028+0800][info] GC(57) User=0.01s Sys=0.00s Real=0.00s
[2024-09-08T21:45:17.033+0800][info] GC(58) Pause Young (Normal) (G1 Evacuation Pause)
[2024-09-08T21:45:17.033+0800][info] GC(58) Using 3 workers of 48 for evacuation
[2024-09-08T21:45:17.036+0800][info] GC(58)   Pre Evacuate Collection Set: 0.0ms
[2024-09-08T21:45:17.037+0800][info] GC(58)   Merge Heap Roots: 0.0ms
[2024-09-08T21:45:17.037+0800][info] GC(58)   Evacuate Collection Set: 2.8ms
[2024-09-08T21:45:17.037+0800][info] GC(58)   Post Evacuate Collection Set: 0.1ms
[2024-09-08T21:45:17.037+0800][info] GC(58)   Other: 0.1ms
[2024-09-08T21:45:17.037+0800][info] GC(58) Eden regions: 7->0(4)
[2024-09-08T21:45:17.037+0800][info] GC(58) Survivor regions: 1->1(1)
[2024-09-08T21:45:17.037+0800][info] GC(58) Old regions: 4->11
[2024-09-08T21:45:17.037+0800][info] GC(58) Archive regions: 2->2
[2024-09-08T21:45:17.037+0800][info] GC(58) Humongous regions: 0->0
[2024-09-08T21:45:17.037+0800][info] GC(58) Metaspace: 773K(896K)->773K(896K) NonClass: 710K(768K)->710K(768K) Class: 63K(128K)->63K(128K)
[2024-09-08T21:45:17.037+0800][info] GC(58) Pause Young (Normal) (G1 Evacuation Pause) 48M->48M(128M) 3.281ms
[2024-09-08T21:45:17.037+0800][info] GC(58) User=0.01s Sys=0.00s Real=0.00s
[2024-09-08T21:45:17.040+0800][info] GC(59) Pause Young (Concurrent Start) (G1 Evacuation Pause)
[2024-09-08T21:45:17.040+0800][info] GC(59) Using 3 workers of 48 for evacuation
[2024-09-08T21:45:17.042+0800][info] GC(59)   Pre Evacuate Collection Set: 0.0ms
[2024-09-08T21:45:17.042+0800][info] GC(59)   Merge Heap Roots: 0.0ms
[2024-09-08T21:45:17.042+0800][info] GC(59)   Evacuate Collection Set: 1.8ms
[2024-09-08T21:45:17.042+0800][info] GC(59)   Post Evacuate Collection Set: 0.1ms
[2024-09-08T21:45:17.042+0800][info] GC(59)   Other: 0.3ms
[2024-09-08T21:45:17.042+0800][info] GC(59) Eden regions: 4->0(3)
[2024-09-08T21:45:17.042+0800][info] GC(59) Survivor regions: 1->1(1)
[2024-09-08T21:45:17.042+0800][info] GC(59) Old regions: 11->15
[2024-09-08T21:45:17.042+0800][info] GC(59) Archive regions: 2->2
[2024-09-08T21:45:17.042+0800][info] GC(59) Humongous regions: 0->0
[2024-09-08T21:45:17.042+0800][info] GC(59) Metaspace: 773K(896K)->773K(896K) NonClass: 710K(768K)->710K(768K) Class: 63K(128K)->63K(128K)
[2024-09-08T21:45:17.042+0800][info] GC(59) Pause Young (Concurrent Start) (G1 Evacuation Pause) 64M->64M(128M) 2.401ms
[2024-09-08T21:45:17.042+0800][info] GC(59) User=0.01s Sys=0.00s Real=0.00s
[2024-09-08T21:45:17.042+0800][info] GC(60) Concurrent Mark Cycle
[2024-09-08T21:45:17.042+0800][info] GC(60) Concurrent Clear Claimed Marks
[2024-09-08T21:45:17.042+0800][info] GC(60) Concurrent Clear Claimed Marks 0.024ms
[2024-09-08T21:45:17.042+0800][info] GC(60) Concurrent Scan Root Regions
[2024-09-08T21:45:17.042+0800][info] GC(60) Concurrent Scan Root Regions 0.252ms
[2024-09-08T21:45:17.042+0800][info] GC(60) Concurrent Mark
[2024-09-08T21:45:17.042+0800][info] GC(60) Concurrent Mark From Roots
[2024-09-08T21:45:17.043+0800][info] GC(60) Using 12 workers of 12 for marking
[2024-09-08T21:45:17.044+0800][info] GC(60) Concurrent Mark From Roots 1.932ms
[2024-09-08T21:45:17.044+0800][info] GC(60) Concurrent Preclean
[2024-09-08T21:45:17.046+0800][info] GC(60) Concurrent Preclean 1.704ms
[2024-09-08T21:45:17.046+0800][info] GC(60) Pause Remark
[2024-09-08T21:45:17.047+0800][info] GC(60) Pause Remark 64M->64M(128M) 0.886ms
[2024-09-08T21:45:17.047+0800][info] GC(60) User=0.00s Sys=0.00s Real=0.00s
[2024-09-08T21:45:17.047+0800][info] GC(60) Concurrent Mark 4.704ms
[2024-09-08T21:45:17.047+0800][info] GC(60) Concurrent Rebuild Remembered Sets
[2024-09-08T21:45:17.051+0800][info] GC(60) Concurrent Rebuild Remembered Sets 3.918ms
[2024-09-08T21:45:17.051+0800][info] GC(60) Pause Cleanup
[2024-09-08T21:45:17.052+0800][info] GC(60) Pause Cleanup 64M->64M(128M) 0.379ms
[2024-09-08T21:45:17.052+0800][info] GC(60) User=0.00s Sys=0.00s Real=0.00s
[2024-09-08T21:45:17.052+0800][info] GC(60) Concurrent Cleanup for Next Mark
[2024-09-08T21:45:17.052+0800][info] GC(60) Concurrent Cleanup for Next Mark 0.216ms
[2024-09-08T21:45:17.052+0800][info] GC(60) Concurrent Mark Cycle 9.769ms
[2024-09-08T21:45:18.046+0800][info] GC(61) Pause Young (Prepare Mixed) (G1 Evacuation Pause)
[2024-09-08T21:45:18.046+0800][info] GC(61) Using 3 workers of 48 for evacuation
[2024-09-08T21:45:18.048+0800][info] GC(61)   Pre Evacuate Collection Set: 0.0ms
[2024-09-08T21:45:18.048+0800][info] GC(61)   Merge Heap Roots: 0.0ms
[2024-09-08T21:45:18.048+0800][info] GC(61)   Evacuate Collection Set: 1.3ms
[2024-09-08T21:45:18.048+0800][info] GC(61)   Post Evacuate Collection Set: 0.1ms
[2024-09-08T21:45:18.048+0800][info] GC(61)   Other: 0.2ms
[2024-09-08T21:45:18.048+0800][info] GC(61) Eden regions: 3->0(1)
[2024-09-08T21:45:18.048+0800][info] GC(61) Survivor regions: 1->1(1)
[2024-09-08T21:45:18.048+0800][info] GC(61) Old regions: 15->18
[2024-09-08T21:45:18.048+0800][info] GC(61) Archive regions: 2->2
[2024-09-08T21:45:18.048+0800][info] GC(61) Humongous regions: 0->0
[2024-09-08T21:45:18.048+0800][info] GC(61) Metaspace: 774K(896K)->774K(896K) NonClass: 711K(768K)->711K(768K) Class: 63K(128K)->63K(128K)
[2024-09-08T21:45:18.048+0800][info] GC(61) Pause Young (Prepare Mixed) (G1 Evacuation Pause) 76M->76M(128M) 1.858ms
[2024-09-08T21:45:18.048+0800][info] GC(61) User=0.00s Sys=0.00s Real=0.00s
[2024-09-08T21:45:18.049+0800][info] GC(62) Pause Young (Mixed) (G1 Evacuation Pause)
[2024-09-08T21:45:18.049+0800][info] GC(62) Using 3 workers of 48 for evacuation
[2024-09-08T21:45:18.051+0800][info] GC(62)   Pre Evacuate Collection Set: 0.0ms
[2024-09-08T21:45:18.051+0800][info] GC(62)   Merge Heap Roots: 0.0ms
[2024-09-08T21:45:18.051+0800][info] GC(62)   Evacuate Collection Set: 1.4ms
[2024-09-08T21:45:18.051+0800][info] GC(62)   Post Evacuate Collection Set: 0.1ms
[2024-09-08T21:45:18.051+0800][info] GC(62)   Other: 0.1ms
[2024-09-08T21:45:18.051+0800][info] GC(62) Eden regions: 1->0(2)
[2024-09-08T21:45:18.051+0800][info] GC(62) Survivor regions: 1->1(1)
[2024-09-08T21:45:18.051+0800][info] GC(62) Old regions: 18->18
[2024-09-08T21:45:18.051+0800][info] GC(62) Archive regions: 2->2
[2024-09-08T21:45:18.051+0800][info] GC(62) Humongous regions: 0->0
[2024-09-08T21:45:18.051+0800][info] GC(62) Metaspace: 774K(896K)->774K(896K) NonClass: 711K(768K)->711K(768K) Class: 63K(128K)->63K(128K)
[2024-09-08T21:45:18.051+0800][info] GC(62) Pause Young (Mixed) (G1 Evacuation Pause) 80M->79M(128M) 1.879ms
[2024-09-08T21:45:18.051+0800][info] GC(62) User=0.00s Sys=0.00s Real=0.00s
[2024-09-08T21:45:18.052+0800][info] GC(63) Pause Young (Concurrent Start) (G1 Evacuation Pause)
[2024-09-08T21:45:18.052+0800][info] GC(63) Using 3 workers of 48 for evacuation
[2024-09-08T21:45:18.054+0800][info] GC(63)   Pre Evacuate Collection Set: 0.0ms
[2024-09-08T21:45:18.054+0800][info] GC(63)   Merge Heap Roots: 0.0ms
[2024-09-08T21:45:18.054+0800][info] GC(63)   Evacuate Collection Set: 1.0ms
[2024-09-08T21:45:18.054+0800][info] GC(63)   Post Evacuate Collection Set: 0.1ms
[2024-09-08T21:45:18.054+0800][info] GC(63)   Other: 0.2ms
[2024-09-08T21:45:18.054+0800][info] GC(63) Eden regions: 2->0(2)
[2024-09-08T21:45:18.054+0800][info] GC(63) Survivor regions: 1->1(1)
[2024-09-08T21:45:18.054+0800][info] GC(63) Old regions: 18->20
[2024-09-08T21:45:18.054+0800][info] GC(63) Archive regions: 2->2
[2024-09-08T21:45:18.054+0800][info] GC(63) Humongous regions: 0->0
[2024-09-08T21:45:18.054+0800][info] GC(63) Metaspace: 774K(896K)->774K(896K) NonClass: 711K(768K)->711K(768K) Class: 63K(128K)->63K(128K)
[2024-09-08T21:45:18.054+0800][info] GC(63) Pause Young (Concurrent Start) (G1 Evacuation Pause) 87M->87M(128M) 1.598ms
[2024-09-08T21:45:18.054+0800][info] GC(63) User=0.01s Sys=0.00s Real=0.00s
[2024-09-08T21:45:18.054+0800][info] GC(64) Concurrent Mark Cycle
[2024-09-08T21:45:18.054+0800][info] GC(64) Concurrent Clear Claimed Marks
[2024-09-08T21:45:18.054+0800][info] GC(64) Concurrent Clear Claimed Marks 0.023ms
[2024-09-08T21:45:18.054+0800][info] GC(64) Concurrent Scan Root Regions
[2024-09-08T21:45:18.054+0800][info] GC(64) Concurrent Scan Root Regions 0.379ms
[2024-09-08T21:45:18.054+0800][info] GC(64) Concurrent Mark
[2024-09-08T21:45:18.054+0800][info] GC(64) Concurrent Mark From Roots
[2024-09-08T21:45:18.054+0800][info] GC(64) Using 12 workers of 12 for marking
[2024-09-08T21:45:18.056+0800][info] GC(64) Concurrent Mark From Roots 1.872ms
[2024-09-08T21:45:18.056+0800][info] GC(64) Concurrent Preclean
[2024-09-08T21:45:18.058+0800][info] GC(64) Concurrent Preclean 1.667ms
[2024-09-08T21:45:18.058+0800][info] GC(64) Pause Remark
[2024-09-08T21:45:18.059+0800][info] GC(64) Pause Remark 87M->87M(128M) 0.892ms
[2024-09-08T21:45:18.059+0800][info] GC(64) User=0.00s Sys=0.00s Real=0.00s
[2024-09-08T21:45:18.059+0800][info] GC(64) Concurrent Mark 4.630ms
[2024-09-08T21:45:18.059+0800][info] GC(64) Concurrent Rebuild Remembered Sets
[2024-09-08T21:45:18.059+0800][info] GC(64) Concurrent Rebuild Remembered Sets 0.012ms
[2024-09-08T21:45:18.059+0800][info] GC(64) Pause Cleanup
[2024-09-08T21:45:18.059+0800][info] GC(64) Pause Cleanup 87M->87M(128M) 0.025ms
[2024-09-08T21:45:18.059+0800][info] GC(64) User=0.00s Sys=0.00s Real=0.00s
[2024-09-08T21:45:18.059+0800][info] GC(64) Concurrent Cleanup for Next Mark
[2024-09-08T21:45:18.059+0800][info] GC(64) Concurrent Cleanup for Next Mark 0.208ms
[2024-09-08T21:45:18.059+0800][info] GC(64) Concurrent Mark Cycle 5.501ms
[2024-09-08T21:45:19.057+0800][info] GC(65) Pause Young (Normal) (G1 Evacuation Pause)
[2024-09-08T21:45:19.057+0800][info] GC(65) Using 3 workers of 48 for evacuation
[2024-09-08T21:45:19.059+0800][info] GC(65)   Pre Evacuate Collection Set: 0.0ms
[2024-09-08T21:45:19.059+0800][info] GC(65)   Merge Heap Roots: 0.0ms
[2024-09-08T21:45:19.059+0800][info] GC(65)   Evacuate Collection Set: 1.1ms
[2024-09-08T21:45:19.059+0800][info] GC(65)   Post Evacuate Collection Set: 0.1ms
[2024-09-08T21:45:19.059+0800][info] GC(65)   Other: 0.2ms
[2024-09-08T21:45:19.059+0800][info] GC(65) Eden regions: 2->0(1)
[2024-09-08T21:45:19.059+0800][info] GC(65) Survivor regions: 1->1(1)
[2024-09-08T21:45:19.059+0800][info] GC(65) Old regions: 20->22
[2024-09-08T21:45:19.059+0800][info] GC(65) Archive regions: 2->2
[2024-09-08T21:45:19.059+0800][info] GC(65) Humongous regions: 0->0
[2024-09-08T21:45:19.059+0800][info] GC(65) Metaspace: 774K(896K)->774K(896K) NonClass: 711K(768K)->711K(768K) Class: 63K(128K)->63K(128K)
[2024-09-08T21:45:19.059+0800][info] GC(65) Pause Young (Normal) (G1 Evacuation Pause) 95M->95M(128M) 1.716ms
[2024-09-08T21:45:19.059+0800][info] GC(65) User=0.01s Sys=0.00s Real=0.00s
[2024-09-08T21:45:19.060+0800][info] GC(66) Pause Young (Concurrent Start) (G1 Evacuation Pause)
[2024-09-08T21:45:19.060+0800][info] GC(66) Using 3 workers of 48 for evacuation
[2024-09-08T21:45:19.061+0800][info] GC(66)   Pre Evacuate Collection Set: 0.0ms
[2024-09-08T21:45:19.061+0800][info] GC(66)   Merge Heap Roots: 0.0ms
[2024-09-08T21:45:19.061+0800][info] GC(66)   Evacuate Collection Set: 0.6ms
[2024-09-08T21:45:19.061+0800][info] GC(66)   Post Evacuate Collection Set: 0.1ms
[2024-09-08T21:45:19.061+0800][info] GC(66)   Other: 0.3ms
[2024-09-08T21:45:19.061+0800][info] GC(66) Eden regions: 1->0(1)
[2024-09-08T21:45:19.061+0800][info] GC(66) Survivor regions: 1->1(1)
[2024-09-08T21:45:19.061+0800][info] GC(66) Old regions: 22->23
[2024-09-08T21:45:19.061+0800][info] GC(66) Archive regions: 2->2
[2024-09-08T21:45:19.061+0800][info] GC(66) Humongous regions: 0->0
[2024-09-08T21:45:19.061+0800][info] GC(66) Metaspace: 774K(896K)->774K(896K) NonClass: 711K(768K)->711K(768K) Class: 63K(128K)->63K(128K)
[2024-09-08T21:45:19.061+0800][info] GC(66) Pause Young (Concurrent Start) (G1 Evacuation Pause) 99M->99M(128M) 1.311ms
[2024-09-08T21:45:19.061+0800][info] GC(66) User=0.00s Sys=0.00s Real=0.00s
[2024-09-08T21:45:19.061+0800][info] GC(67) Concurrent Mark Cycle
[2024-09-08T21:45:19.061+0800][info] GC(67) Concurrent Clear Claimed Marks
[2024-09-08T21:45:19.061+0800][info] GC(67) Concurrent Clear Claimed Marks 0.018ms
[2024-09-08T21:45:19.061+0800][info] GC(67) Concurrent Scan Root Regions
[2024-09-08T21:45:19.061+0800][info] GC(67) Concurrent Scan Root Regions 0.052ms
[2024-09-08T21:45:19.061+0800][info] GC(67) Concurrent Mark
[2024-09-08T21:45:19.061+0800][info] GC(67) Concurrent Mark From Roots
[2024-09-08T21:45:19.061+0800][info] GC(67) Using 12 workers of 12 for marking
[2024-09-08T21:45:19.063+0800][info] GC(67) Concurrent Mark From Roots 1.985ms
[2024-09-08T21:45:19.063+0800][info] GC(67) Concurrent Preclean
[2024-09-08T21:45:19.065+0800][info] GC(67) Concurrent Preclean 1.680ms
[2024-09-08T21:45:19.065+0800][info] GC(67) Pause Remark
[2024-09-08T21:45:19.066+0800][info] GC(67) Pause Remark 99M->99M(128M) 1.016ms
[2024-09-08T21:45:19.066+0800][info] GC(67) User=0.00s Sys=0.00s Real=0.00s
[2024-09-08T21:45:19.066+0800][info] GC(67) Concurrent Mark 4.837ms
[2024-09-08T21:45:19.066+0800][info] GC(67) Concurrent Rebuild Remembered Sets
[2024-09-08T21:45:19.066+0800][info] GC(67) Concurrent Rebuild Remembered Sets 0.012ms
[2024-09-08T21:45:19.066+0800][info] GC(67) Pause Cleanup
[2024-09-08T21:45:19.066+0800][info] GC(67) Pause Cleanup 99M->99M(128M) 0.018ms
[2024-09-08T21:45:19.066+0800][info] GC(67) User=0.00s Sys=0.00s Real=0.00s
[2024-09-08T21:45:19.066+0800][info] GC(67) Concurrent Cleanup for Next Mark
[2024-09-08T21:45:19.067+0800][info] GC(67) Concurrent Cleanup for Next Mark 0.196ms
[2024-09-08T21:45:19.067+0800][info] GC(67) Concurrent Mark Cycle 5.349ms
[2024-09-08T21:45:20.063+0800][info] GC(68) Pause Young (Normal) (G1 Evacuation Pause)
[2024-09-08T21:45:20.063+0800][info] GC(68) Using 3 workers of 48 for evacuation
[2024-09-08T21:45:20.064+0800][info] GC(68)   Pre Evacuate Collection Set: 0.0ms
[2024-09-08T21:45:20.064+0800][info] GC(68)   Merge Heap Roots: 0.0ms
[2024-09-08T21:45:20.064+0800][info] GC(68)   Evacuate Collection Set: 0.7ms
[2024-09-08T21:45:20.064+0800][info] GC(68)   Post Evacuate Collection Set: 0.1ms
[2024-09-08T21:45:20.064+0800][info] GC(68)   Other: 0.2ms
[2024-09-08T21:45:20.064+0800][info] GC(68) Eden regions: 1->0(1)
[2024-09-08T21:45:20.065+0800][info] GC(68) Survivor regions: 1->1(1)
[2024-09-08T21:45:20.065+0800][info] GC(68) Old regions: 23->24
[2024-09-08T21:45:20.065+0800][info] GC(68) Archive regions: 2->2
[2024-09-08T21:45:20.065+0800][info] GC(68) Humongous regions: 0->0
[2024-09-08T21:45:20.065+0800][info] GC(68) Metaspace: 781K(896K)->781K(896K) NonClass: 717K(768K)->717K(768K) Class: 63K(128K)->63K(128K)
[2024-09-08T21:45:20.065+0800][info] GC(68) Pause Young (Normal) (G1 Evacuation Pause) 103M->103M(128M) 1.169ms
[2024-09-08T21:45:20.065+0800][info] GC(68) User=0.00s Sys=0.00s Real=0.00s
[2024-09-08T21:45:20.066+0800][info] GC(69) Pause Young (Concurrent Start) (G1 Humongous Allocation)
[2024-09-08T21:45:20.066+0800][info] GC(69) Using 3 workers of 48 for evacuation
[2024-09-08T21:45:20.067+0800][info] GC(69)   Pre Evacuate Collection Set: 0.0ms
[2024-09-08T21:45:20.067+0800][info] GC(69)   Merge Heap Roots: 0.0ms
[2024-09-08T21:45:20.067+0800][info] GC(69)   Evacuate Collection Set: 0.6ms
[2024-09-08T21:45:20.067+0800][info] GC(69)   Post Evacuate Collection Set: 0.1ms
[2024-09-08T21:45:20.067+0800][info] GC(69)   Other: 0.2ms
[2024-09-08T21:45:20.067+0800][info] GC(69) Eden regions: 1->0(1)
[2024-09-08T21:45:20.067+0800][info] GC(69) Survivor regions: 1->1(1)
[2024-09-08T21:45:20.067+0800][info] GC(69) Old regions: 24->25
[2024-09-08T21:45:20.067+0800][info] GC(69) Archive regions: 2->2
[2024-09-08T21:45:20.067+0800][info] GC(69) Humongous regions: 0->0
[2024-09-08T21:45:20.067+0800][info] GC(69) Metaspace: 781K(896K)->781K(896K) NonClass: 717K(768K)->717K(768K) Class: 63K(128K)->63K(128K)
[2024-09-08T21:45:20.067+0800][info] GC(69) Pause Young (Concurrent Start) (G1 Humongous Allocation) 106M->106M(128M) 1.127ms
[2024-09-08T21:45:20.067+0800][info] GC(69) User=0.00s Sys=0.00s Real=0.00s
[2024-09-08T21:45:20.067+0800][info] GC(70) Concurrent Mark Cycle
[2024-09-08T21:45:20.067+0800][info] GC(70) Concurrent Clear Claimed Marks
[2024-09-08T21:45:20.067+0800][info] GC(70) Concurrent Clear Claimed Marks 0.023ms
[2024-09-08T21:45:20.067+0800][info] GC(70) Concurrent Scan Root Regions
[2024-09-08T21:45:20.067+0800][info] GC(70) Concurrent Scan Root Regions 0.071ms
[2024-09-08T21:45:20.067+0800][info] GC(70) Concurrent Mark
[2024-09-08T21:45:20.067+0800][info] GC(70) Concurrent Mark From Roots
[2024-09-08T21:45:20.067+0800][info] GC(71) Pause Young (Normal) (G1 Preventive Collection)
[2024-09-08T21:45:20.067+0800][info] GC(71) Using 3 workers of 48 for evacuation
[2024-09-08T21:45:20.067+0800][info] GC(70) Using 12 workers of 12 for marking
[2024-09-08T21:45:20.068+0800][info] GC(71)   Pre Evacuate Collection Set: 0.1ms
[2024-09-08T21:45:20.068+0800][info] GC(71)   Merge Heap Roots: 0.0ms
[2024-09-08T21:45:20.068+0800][info] GC(71)   Evacuate Collection Set: 0.3ms
[2024-09-08T21:45:20.068+0800][info] GC(71)   Post Evacuate Collection Set: 0.1ms
[2024-09-08T21:45:20.068+0800][info] GC(71)   Other: 0.2ms
[2024-09-08T21:45:20.068+0800][info] GC(71) Eden regions: 0->0(1)
[2024-09-08T21:45:20.068+0800][info] GC(71) Survivor regions: 1->0(1)
[2024-09-08T21:45:20.068+0800][info] GC(71) Old regions: 25->26
[2024-09-08T21:45:20.068+0800][info] GC(71) Archive regions: 2->2
[2024-09-08T21:45:20.068+0800][info] GC(71) Humongous regions: 0->0
[2024-09-08T21:45:20.068+0800][info] GC(71) Metaspace: 781K(896K)->781K(896K) NonClass: 717K(768K)->717K(768K) Class: 63K(128K)->63K(128K)
[2024-09-08T21:45:20.068+0800][info] GC(71) Pause Young (Normal) (G1 Preventive Collection) 106M->106M(128M) 0.729ms
[2024-09-08T21:45:20.068+0800][info] GC(71) User=0.00s Sys=0.00s Real=0.00s
[2024-09-08T21:45:20.070+0800][info] GC(70) Concurrent Mark From Roots 2.539ms
[2024-09-08T21:45:20.070+0800][info] GC(70) Concurrent Preclean
[2024-09-08T21:45:20.071+0800][info] GC(70) Concurrent Preclean 1.748ms
[2024-09-08T21:45:20.071+0800][info] GC(70) Pause Remark
[2024-09-08T21:45:20.073+0800][info] GC(70) Pause Remark 118M->38M(128M) 1.092ms
[2024-09-08T21:45:20.073+0800][info] GC(70) User=0.00s Sys=0.01s Real=0.00s
[2024-09-08T21:45:20.073+0800][info] GC(70) Concurrent Mark 5.607ms
[2024-09-08T21:45:20.073+0800][info] GC(70) Concurrent Rebuild Remembered Sets
[2024-09-08T21:45:20.075+0800][info] GC(70) Concurrent Rebuild Remembered Sets 2.231ms
[2024-09-08T21:45:20.075+0800][info] GC(70) Pause Cleanup
[2024-09-08T21:45:20.075+0800][info] GC(70) Pause Cleanup 38M->38M(128M) 0.259ms
[2024-09-08T21:45:20.075+0800][info] GC(70) User=0.00s Sys=0.00s Real=0.00s
[2024-09-08T21:45:20.075+0800][info] GC(70) Concurrent Cleanup for Next Mark
[2024-09-08T21:45:20.075+0800][info] GC(70) Concurrent Cleanup for Next Mark 0.234ms
[2024-09-08T21:45:20.076+0800][info] GC(70) Concurrent Mark Cycle 8.688ms
[2024-09-08T21:45:21.108+0800][info] GC(72) Pause Young (Prepare Mixed) (G1 Preventive Collection)
[2024-09-08T21:45:21.108+0800][info] GC(72) Using 3 workers of 48 for evacuation
[2024-09-08T21:45:21.109+0800][info] GC(72)   Pre Evacuate Collection Set: 0.0ms
[2024-09-08T21:45:21.109+0800][info] GC(72)   Merge Heap Roots: 0.0ms
[2024-09-08T21:45:21.109+0800][info] GC(72)   Evacuate Collection Set: 0.1ms
[2024-09-08T21:45:21.109+0800][info] GC(72)   Post Evacuate Collection Set: 0.2ms
[2024-09-08T21:45:21.109+0800][info] GC(72)   Other: 0.2ms
[2024-09-08T21:45:21.109+0800][info] GC(72) Eden regions: 1->0(1)
[2024-09-08T21:45:21.109+0800][info] GC(72) Survivor regions: 0->0(1)
[2024-09-08T21:45:21.109+0800][info] GC(72) Old regions: 6->6
[2024-09-08T21:45:21.109+0800][info] GC(72) Archive regions: 2->2
[2024-09-08T21:45:21.109+0800][info] GC(72) Humongous regions: 18->0
[2024-09-08T21:45:21.109+0800][info] GC(72) Metaspace: 781K(896K)->781K(896K) NonClass: 718K(768K)->718K(768K) Class: 63K(128K)->63K(128K)
[2024-09-08T21:45:21.109+0800][info] GC(72) Pause Young (Prepare Mixed) (G1 Preventive Collection) 98M->26M(128M) 0.796ms
[2024-09-08T21:45:21.109+0800][info] GC(72) User=0.00s Sys=0.00s Real=0.00s
[2024-09-08T21:45:21.154+0800][info] GC(73) Pause Young (Mixed) (G1 Preventive Collection)
[2024-09-08T21:45:21.155+0800][info] GC(73) Using 3 workers of 48 for evacuation
[2024-09-08T21:45:21.156+0800][info] GC(73)   Pre Evacuate Collection Set: 0.0ms
[2024-09-08T21:45:21.156+0800][info] GC(73)   Merge Heap Roots: 0.0ms
[2024-09-08T21:45:21.156+0800][info] GC(73)   Evacuate Collection Set: 1.1ms
[2024-09-08T21:45:21.156+0800][info] GC(73)   Post Evacuate Collection Set: 0.2ms
[2024-09-08T21:45:21.156+0800][info] GC(73)   Other: 0.2ms
[2024-09-08T21:45:21.156+0800][info] GC(73) Eden regions: 0->0(9)
[2024-09-08T21:45:21.156+0800][info] GC(73) Survivor regions: 0->0(1)
[2024-09-08T21:45:21.156+0800][info] GC(73) Old regions: 6->2
[2024-09-08T21:45:21.156+0800][info] GC(73) Archive regions: 2->2
[2024-09-08T21:45:21.156+0800][info] GC(73) Humongous regions: 21->0
[2024-09-08T21:45:21.156+0800][info] GC(73) Metaspace: 781K(896K)->781K(896K) NonClass: 718K(768K)->718K(768K) Class: 63K(128K)->63K(128K)
[2024-09-08T21:45:21.156+0800][info] GC(73) Pause Young (Mixed) (G1 Preventive Collection) 110M->11M(128M) 1.775ms
[2024-09-08T21:45:21.156+0800][info] GC(73) User=0.00s Sys=0.00s Real=0.00s
[2024-09-08T21:45:21.195+0800][info] GC(74) Pause Young (Concurrent Start) (G1 Humongous Allocation)
[2024-09-08T21:45:21.195+0800][info] GC(74) Using 3 workers of 48 for evacuation
[2024-09-08T21:45:21.196+0800][info] GC(74)   Pre Evacuate Collection Set: 0.1ms
[2024-09-08T21:45:21.196+0800][info] GC(74)   Merge Heap Roots: 0.0ms
[2024-09-08T21:45:21.196+0800][info] GC(74)   Evacuate Collection Set: 0.2ms
[2024-09-08T21:45:21.196+0800][info] GC(74)   Post Evacuate Collection Set: 0.2ms
[2024-09-08T21:45:21.196+0800][info] GC(74)   Other: 0.3ms
[2024-09-08T21:45:21.196+0800][info] GC(74) Eden regions: 0->0(9)
[2024-09-08T21:45:21.196+0800][info] GC(74) Survivor regions: 0->0(2)
[2024-09-08T21:45:21.196+0800][info] GC(74) Old regions: 2->2
[2024-09-08T21:45:21.196+0800][info] GC(74) Archive regions: 2->2
[2024-09-08T21:45:21.196+0800][info] GC(74) Humongous regions: 18->0
[2024-09-08T21:45:21.196+0800][info] GC(74) Metaspace: 781K(896K)->781K(896K) NonClass: 718K(768K)->718K(768K) Class: 63K(128K)->63K(128K)
[2024-09-08T21:45:21.196+0800][info] GC(74) Pause Young (Concurrent Start) (G1 Humongous Allocation) 83M->11M(128M) 0.927ms
[2024-09-08T21:45:21.196+0800][info] GC(74) User=0.00s Sys=0.00s Real=0.00s
[2024-09-08T21:45:21.196+0800][info] GC(75) Concurrent Undo Cycle
[2024-09-08T21:45:21.196+0800][info] GC(75) Concurrent Cleanup for Next Mark
[2024-09-08T21:45:21.196+0800][info] GC(75) Concurrent Cleanup for Next Mark 0.202ms
[2024-09-08T21:45:21.197+0800][info] GC(75) Concurrent Undo Cycle 0.268ms
[2024-09-08T21:45:21.216+0800][info] GC(76) Pause Young (Concurrent Start) (G1 Humongous Allocation)
[2024-09-08T21:45:21.216+0800][info] GC(76) Using 3 workers of 48 for evacuation
[2024-09-08T21:45:21.216+0800][info] GC(76)   Pre Evacuate Collection Set: 0.0ms
[2024-09-08T21:45:21.216+0800][info] GC(76)   Merge Heap Roots: 0.0ms
[2024-09-08T21:45:21.216+0800][info] GC(76)   Evacuate Collection Set: 0.2ms
[2024-09-08T21:45:21.216+0800][info] GC(76)   Post Evacuate Collection Set: 0.2ms
[2024-09-08T21:45:21.217+0800][info] GC(76)   Other: 0.3ms
[2024-09-08T21:45:21.217+0800][info] GC(76) Eden regions: 0->0(9)
[2024-09-08T21:45:21.217+0800][info] GC(76) Survivor regions: 0->0(2)
[2024-09-08T21:45:21.217+0800][info] GC(76) Old regions: 2->2
[2024-09-08T21:45:21.217+0800][info] GC(76) Archive regions: 2->2
[2024-09-08T21:45:21.217+0800][info] GC(76) Humongous regions: 9->0
[2024-09-08T21:45:21.217+0800][info] GC(76) Metaspace: 781K(896K)->781K(896K) NonClass: 718K(768K)->718K(768K) Class: 63K(128K)->63K(128K)
[2024-09-08T21:45:21.217+0800][info] GC(76) Pause Young (Concurrent Start) (G1 Humongous Allocation) 47M->11M(128M) 0.925ms
[2024-09-08T21:45:21.217+0800][info] GC(76) User=0.00s Sys=0.00s Real=0.00s
[2024-09-08T21:45:21.217+0800][info] GC(77) Concurrent Undo Cycle
[2024-09-08T21:45:21.217+0800][info] GC(77) Concurrent Cleanup for Next Mark
[2024-09-08T21:45:21.217+0800][info] GC(77) Concurrent Cleanup for Next Mark 0.195ms
[2024-09-08T21:45:21.217+0800][info] GC(77) Concurrent Undo Cycle 0.269ms
[2024-09-08T21:45:21.236+0800][info] GC(78) Pause Young (Concurrent Start) (G1 Humongous Allocation)
[2024-09-08T21:45:21.236+0800][info] GC(78) Using 3 workers of 48 for evacuation
[2024-09-08T21:45:21.236+0800][info] GC(78)   Pre Evacuate Collection Set: 0.0ms
[2024-09-08T21:45:21.236+0800][info] GC(78)   Merge Heap Roots: 0.0ms
[2024-09-08T21:45:21.236+0800][info] GC(78)   Evacuate Collection Set: 0.2ms
[2024-09-08T21:45:21.236+0800][info] GC(78)   Post Evacuate Collection Set: 0.2ms
[2024-09-08T21:45:21.236+0800][info] GC(78)   Other: 0.3ms
[2024-09-08T21:45:21.236+0800][info] GC(78) Eden regions: 0->0(9)
[2024-09-08T21:45:21.236+0800][info] GC(78) Survivor regions: 0->0(2)
[2024-09-08T21:45:21.236+0800][info] GC(78) Old regions: 2->2
[2024-09-08T21:45:21.236+0800][info] GC(78) Archive regions: 2->2
[2024-09-08T21:45:21.236+0800][info] GC(78) Humongous regions: 9->0
[2024-09-08T21:45:21.236+0800][info] GC(78) Metaspace: 781K(896K)->781K(896K) NonClass: 718K(768K)->718K(768K) Class: 63K(128K)->63K(128K)
[2024-09-08T21:45:21.237+0800][info] GC(78) Pause Young (Concurrent Start) (G1 Humongous Allocation) 47M->11M(128M) 0.875ms
[2024-09-08T21:45:21.237+0800][info] GC(78) User=0.00s Sys=0.00s Real=0.00s
[2024-09-08T21:45:21.237+0800][info] GC(79) Concurrent Undo Cycle
[2024-09-08T21:45:21.237+0800][info] GC(79) Concurrent Cleanup for Next Mark
[2024-09-08T21:45:21.237+0800][info] GC(79) Concurrent Cleanup for Next Mark 0.180ms
[2024-09-08T21:45:21.237+0800][info] GC(79) Concurrent Undo Cycle 0.265ms
[2024-09-08T21:45:21.255+0800][info] GC(80) Pause Young (Concurrent Start) (G1 Humongous Allocation)
[2024-09-08T21:45:21.255+0800][info] GC(80) Using 3 workers of 48 for evacuation
[2024-09-08T21:45:21.256+0800][info] GC(80)   Pre Evacuate Collection Set: 0.0ms
[2024-09-08T21:45:21.256+0800][info] GC(80)   Merge Heap Roots: 0.0ms
[2024-09-08T21:45:21.256+0800][info] GC(80)   Evacuate Collection Set: 0.1ms
[2024-09-08T21:45:21.256+0800][info] GC(80)   Post Evacuate Collection Set: 0.1ms
[2024-09-08T21:45:21.256+0800][info] GC(80)   Other: 0.3ms
[2024-09-08T21:45:21.256+0800][info] GC(80) Eden regions: 0->0(9)
[2024-09-08T21:45:21.256+0800][info] GC(80) Survivor regions: 0->0(2)
[2024-09-08T21:45:21.256+0800][info] GC(80) Old regions: 2->2
[2024-09-08T21:45:21.256+0800][info] GC(80) Archive regions: 2->2
[2024-09-08T21:45:21.256+0800][info] GC(80) Humongous regions: 9->0
[2024-09-08T21:45:21.256+0800][info] GC(80) Metaspace: 781K(896K)->781K(896K) NonClass: 718K(768K)->718K(768K) Class: 63K(128K)->63K(128K)
[2024-09-08T21:45:21.256+0800][info] GC(80) Pause Young (Concurrent Start) (G1 Humongous Allocation) 47M->11M(128M) 0.728ms
[2024-09-08T21:45:21.256+0800][info] GC(80) User=0.00s Sys=0.00s Real=0.00s
[2024-09-08T21:45:21.256+0800][info] GC(81) Concurrent Undo Cycle
[2024-09-08T21:45:21.256+0800][info] GC(81) Concurrent Cleanup for Next Mark
[2024-09-08T21:45:21.256+0800][info] GC(81) Concurrent Cleanup for Next Mark 0.181ms
[2024-09-08T21:45:21.256+0800][info] GC(81) Concurrent Undo Cycle 0.246ms
[2024-09-08T21:45:21.275+0800][info] GC(82) Pause Young (Concurrent Start) (G1 Humongous Allocation)
[2024-09-08T21:45:21.275+0800][info] GC(82) Using 3 workers of 48 for evacuation
[2024-09-08T21:45:21.276+0800][info] GC(82)   Pre Evacuate Collection Set: 0.0ms
[2024-09-08T21:45:21.276+0800][info] GC(82)   Merge Heap Roots: 0.0ms
[2024-09-08T21:45:21.276+0800][info] GC(82)   Evacuate Collection Set: 0.2ms
[2024-09-08T21:45:21.276+0800][info] GC(82)   Post Evacuate Collection Set: 0.2ms
[2024-09-08T21:45:21.276+0800][info] GC(82)   Other: 0.3ms
[2024-09-08T21:45:21.276+0800][info] GC(82) Eden regions: 0->0(9)
[2024-09-08T21:45:21.276+0800][info] GC(82) Survivor regions: 0->0(2)
[2024-09-08T21:45:21.276+0800][info] GC(82) Old regions: 2->2
[2024-09-08T21:45:21.276+0800][info] GC(82) Archive regions: 2->2
[2024-09-08T21:45:21.276+0800][info] GC(82) Humongous regions: 9->0
[2024-09-08T21:45:21.276+0800][info] GC(82) Metaspace: 781K(896K)->781K(896K) NonClass: 718K(768K)->718K(768K) Class: 63K(128K)->63K(128K)
[2024-09-08T21:45:21.276+0800][info] GC(82) Pause Young (Concurrent Start) (G1 Humongous Allocation) 47M->11M(128M) 0.918ms
[2024-09-08T21:45:21.276+0800][info] GC(82) User=0.00s Sys=0.00s Real=0.00s
[2024-09-08T21:45:21.276+0800][info] GC(83) Concurrent Undo Cycle
[2024-09-08T21:45:21.276+0800][info] GC(83) Concurrent Cleanup for Next Mark
[2024-09-08T21:45:21.276+0800][info] GC(83) Concurrent Cleanup for Next Mark 0.322ms
[2024-09-08T21:45:21.277+0800][info] GC(83) Concurrent Undo Cycle 0.382ms
[2024-09-08T21:45:21.295+0800][info] GC(84) Pause Young (Concurrent Start) (G1 Humongous Allocation)
[2024-09-08T21:45:21.295+0800][info] GC(84) Using 3 workers of 48 for evacuation
[2024-09-08T21:45:21.296+0800][info] GC(84)   Pre Evacuate Collection Set: 0.0ms
[2024-09-08T21:45:21.296+0800][info] GC(84)   Merge Heap Roots: 0.0ms
[2024-09-08T21:45:21.296+0800][info] GC(84)   Evacuate Collection Set: 0.2ms
[2024-09-08T21:45:21.296+0800][info] GC(84)   Post Evacuate Collection Set: 0.2ms
[2024-09-08T21:45:21.296+0800][info] GC(84)   Other: 0.3ms
[2024-09-08T21:45:21.296+0800][info] GC(84) Eden regions: 0->0(9)
[2024-09-08T21:45:21.296+0800][info] GC(84) Survivor regions: 0->0(2)
[2024-09-08T21:45:21.296+0800][info] GC(84) Old regions: 2->2
[2024-09-08T21:45:21.296+0800][info] GC(84) Archive regions: 2->2
[2024-09-08T21:45:21.296+0800][info] GC(84) Humongous regions: 9->0
[2024-09-08T21:45:21.296+0800][info] GC(84) Metaspace: 781K(896K)->781K(896K) NonClass: 718K(768K)->718K(768K) Class: 63K(128K)->63K(128K)
[2024-09-08T21:45:21.296+0800][info] GC(84) Pause Young (Concurrent Start) (G1 Humongous Allocation) 47M->11M(128M) 0.841ms
[2024-09-08T21:45:21.296+0800][info] GC(84) User=0.00s Sys=0.00s Real=0.00s
[2024-09-08T21:45:21.296+0800][info] GC(85) Concurrent Undo Cycle
[2024-09-08T21:45:21.296+0800][info] GC(85) Concurrent Cleanup for Next Mark
[2024-09-08T21:45:21.296+0800][info] GC(85) Concurrent Cleanup for Next Mark 0.225ms
[2024-09-08T21:45:21.296+0800][info] GC(85) Concurrent Undo Cycle 0.288ms
[2024-09-08T21:45:21.315+0800][info] GC(86) Pause Young (Concurrent Start) (G1 Humongous Allocation)
[2024-09-08T21:45:21.315+0800][info] GC(86) Using 3 workers of 48 for evacuation
[2024-09-08T21:45:21.316+0800][info] GC(86)   Pre Evacuate Collection Set: 0.0ms
[2024-09-08T21:45:21.316+0800][info] GC(86)   Merge Heap Roots: 0.0ms
[2024-09-08T21:45:21.316+0800][info] GC(86)   Evacuate Collection Set: 0.2ms
[2024-09-08T21:45:21.316+0800][info] GC(86)   Post Evacuate Collection Set: 0.1ms
[2024-09-08T21:45:21.316+0800][info] GC(86)   Other: 0.3ms
[2024-09-08T21:45:21.316+0800][info] GC(86) Eden regions: 0->0(9)
[2024-09-08T21:45:21.316+0800][info] GC(86) Survivor regions: 0->0(2)
[2024-09-08T21:45:21.316+0800][info] GC(86) Old regions: 2->2
[2024-09-08T21:45:21.316+0800][info] GC(86) Archive regions: 2->2
[2024-09-08T21:45:21.316+0800][info] GC(86) Humongous regions: 9->0
[2024-09-08T21:45:21.316+0800][info] GC(86) Metaspace: 781K(896K)->781K(896K) NonClass: 718K(768K)->718K(768K) Class: 63K(128K)->63K(128K)
[2024-09-08T21:45:21.316+0800][info] GC(86) Pause Young (Concurrent Start) (G1 Humongous Allocation) 47M->11M(128M) 0.789ms
[2024-09-08T21:45:21.316+0800][info] GC(86) User=0.00s Sys=0.00s Real=0.00s
[2024-09-08T21:45:21.316+0800][info] GC(87) Concurrent Undo Cycle
[2024-09-08T21:45:21.316+0800][info] GC(87) Concurrent Cleanup for Next Mark
[2024-09-08T21:45:21.316+0800][info] GC(87) Concurrent Cleanup for Next Mark 0.172ms
[2024-09-08T21:45:21.316+0800][info] GC(87) Concurrent Undo Cycle 0.226ms
[2024-09-08T21:45:21.335+0800][info] GC(88) Pause Young (Concurrent Start) (G1 Humongous Allocation)
[2024-09-08T21:45:21.335+0800][info] GC(88) Using 3 workers of 48 for evacuation
[2024-09-08T21:45:21.336+0800][info] GC(88)   Pre Evacuate Collection Set: 0.0ms
[2024-09-08T21:45:21.336+0800][info] GC(88)   Merge Heap Roots: 0.0ms
[2024-09-08T21:45:21.336+0800][info] GC(88)   Evacuate Collection Set: 0.2ms
[2024-09-08T21:45:21.336+0800][info] GC(88)   Post Evacuate Collection Set: 0.2ms
[2024-09-08T21:45:21.336+0800][info] GC(88)   Other: 0.3ms
[2024-09-08T21:45:21.336+0800][info] GC(88) Eden regions: 0->0(9)
[2024-09-08T21:45:21.336+0800][info] GC(88) Survivor regions: 0->0(2)
[2024-09-08T21:45:21.336+0800][info] GC(88) Old regions: 2->2
[2024-09-08T21:45:21.336+0800][info] GC(88) Archive regions: 2->2
[2024-09-08T21:45:21.336+0800][info] GC(88) Humongous regions: 9->0
[2024-09-08T21:45:21.336+0800][info] GC(88) Metaspace: 781K(896K)->781K(896K) NonClass: 718K(768K)->718K(768K) Class: 63K(128K)->63K(128K)
[2024-09-08T21:45:21.336+0800][info] GC(88) Pause Young (Concurrent Start) (G1 Humongous Allocation) 47M->11M(128M) 0.901ms
[2024-09-08T21:45:21.336+0800][info] GC(88) User=0.00s Sys=0.00s Real=0.00s
[2024-09-08T21:45:21.336+0800][info] GC(89) Concurrent Undo Cycle
[2024-09-08T21:45:21.336+0800][info] GC(89) Concurrent Cleanup for Next Mark
[2024-09-08T21:45:21.336+0800][info] GC(89) Concurrent Cleanup for Next Mark 0.192ms
[2024-09-08T21:45:21.336+0800][info] GC(89) Concurrent Undo Cycle 0.255ms
[2024-09-08T21:45:21.355+0800][info] GC(90) Pause Young (Concurrent Start) (G1 Humongous Allocation)
[2024-09-08T21:45:21.355+0800][info] GC(90) Using 3 workers of 48 for evacuation
[2024-09-08T21:45:21.356+0800][info] GC(90)   Pre Evacuate Collection Set: 0.0ms
[2024-09-08T21:45:21.356+0800][info] GC(90)   Merge Heap Roots: 0.0ms
[2024-09-08T21:45:21.356+0800][info] GC(90)   Evacuate Collection Set: 0.2ms
[2024-09-08T21:45:21.356+0800][info] GC(90)   Post Evacuate Collection Set: 0.2ms
[2024-09-08T21:45:21.356+0800][info] GC(90)   Other: 0.2ms
[2024-09-08T21:45:21.356+0800][info] GC(90) Eden regions: 0->0(9)
[2024-09-08T21:45:21.356+0800][info] GC(90) Survivor regions: 0->0(2)
[2024-09-08T21:45:21.356+0800][info] GC(90) Old regions: 2->2
[2024-09-08T21:45:21.356+0800][info] GC(90) Archive regions: 2->2
[2024-09-08T21:45:21.356+0800][info] GC(90) Humongous regions: 9->0
[2024-09-08T21:45:21.356+0800][info] GC(90) Metaspace: 781K(896K)->781K(896K) NonClass: 718K(768K)->718K(768K) Class: 63K(128K)->63K(128K)
[2024-09-08T21:45:21.356+0800][info] GC(90) Pause Young (Concurrent Start) (G1 Humongous Allocation) 47M->11M(128M) 0.842ms
[2024-09-08T21:45:21.356+0800][info] GC(90) User=0.00s Sys=0.00s Real=0.00s
[2024-09-08T21:45:21.356+0800][info] GC(91) Concurrent Undo Cycle
[2024-09-08T21:45:21.356+0800][info] GC(91) Concurrent Cleanup for Next Mark
[2024-09-08T21:45:21.356+0800][info] GC(91) Concurrent Cleanup for Next Mark 0.169ms
[2024-09-08T21:45:21.356+0800][info] GC(91) Concurrent Undo Cycle 0.226ms
[2024-09-08T21:45:21.375+0800][info] GC(92) Pause Young (Concurrent Start) (G1 Humongous Allocation)
[2024-09-08T21:45:21.375+0800][info] GC(92) Using 3 workers of 48 for evacuation
[2024-09-08T21:45:21.375+0800][info] GC(92)   Pre Evacuate Collection Set: 0.0ms
[2024-09-08T21:45:21.375+0800][info] GC(92)   Merge Heap Roots: 0.0ms
[2024-09-08T21:45:21.375+0800][info] GC(92)   Evacuate Collection Set: 0.2ms
[2024-09-08T21:45:21.375+0800][info] GC(92)   Post Evacuate Collection Set: 0.2ms
[2024-09-08T21:45:21.375+0800][info] GC(92)   Other: 0.3ms
[2024-09-08T21:45:21.375+0800][info] GC(92) Eden regions: 0->0(9)
[2024-09-08T21:45:21.375+0800][info] GC(92) Survivor regions: 0->0(2)
[2024-09-08T21:45:21.376+0800][info] GC(92) Old regions: 2->2
[2024-09-08T21:45:21.376+0800][info] GC(92) Archive regions: 2->2
[2024-09-08T21:45:21.376+0800][info] GC(92) Humongous regions: 9->0
[2024-09-08T21:45:21.376+0800][info] GC(92) Metaspace: 781K(896K)->781K(896K) NonClass: 718K(768K)->718K(768K) Class: 63K(128K)->63K(128K)
[2024-09-08T21:45:21.376+0800][info] GC(92) Pause Young (Concurrent Start) (G1 Humongous Allocation) 47M->11M(128M) 0.880ms
[2024-09-08T21:45:21.376+0800][info] GC(92) User=0.00s Sys=0.00s Real=0.00s
[2024-09-08T21:45:21.376+0800][info] GC(93) Concurrent Undo Cycle
[2024-09-08T21:45:21.376+0800][info] GC(93) Concurrent Cleanup for Next Mark
[2024-09-08T21:45:21.376+0800][info] GC(93) Concurrent Cleanup for Next Mark 0.171ms
[2024-09-08T21:45:21.376+0800][info] GC(93) Concurrent Undo Cycle 0.235ms
[2024-09-08T21:45:21.395+0800][info] GC(94) Pause Young (Concurrent Start) (G1 Humongous Allocation)
[2024-09-08T21:45:21.395+0800][info] GC(94) Using 3 workers of 48 for evacuation
[2024-09-08T21:45:21.395+0800][info] GC(94)   Pre Evacuate Collection Set: 0.0ms
[2024-09-08T21:45:21.395+0800][info] GC(94)   Merge Heap Roots: 0.0ms
[2024-09-08T21:45:21.395+0800][info] GC(94)   Evacuate Collection Set: 0.2ms
[2024-09-08T21:45:21.395+0800][info] GC(94)   Post Evacuate Collection Set: 0.2ms
[2024-09-08T21:45:21.395+0800][info] GC(94)   Other: 0.2ms
[2024-09-08T21:45:21.395+0800][info] GC(94) Eden regions: 0->0(9)
[2024-09-08T21:45:21.395+0800][info] GC(94) Survivor regions: 0->0(2)
[2024-09-08T21:45:21.395+0800][info] GC(94) Old regions: 2->2
[2024-09-08T21:45:21.395+0800][info] GC(94) Archive regions: 2->2
[2024-09-08T21:45:21.395+0800][info] GC(94) Humongous regions: 9->0
[2024-09-08T21:45:21.395+0800][info] GC(94) Metaspace: 781K(896K)->781K(896K) NonClass: 718K(768K)->718K(768K) Class: 63K(128K)->63K(128K)
[2024-09-08T21:45:21.395+0800][info] GC(94) Pause Young (Concurrent Start) (G1 Humongous Allocation) 47M->11M(128M) 0.785ms
[2024-09-08T21:45:21.395+0800][info] GC(94) User=0.00s Sys=0.00s Real=0.00s
[2024-09-08T21:45:21.395+0800][info] GC(95) Concurrent Undo Cycle
[2024-09-08T21:45:21.395+0800][info] GC(95) Concurrent Cleanup for Next Mark
[2024-09-08T21:45:21.396+0800][info] GC(95) Concurrent Cleanup for Next Mark 0.319ms
[2024-09-08T21:45:21.396+0800][info] GC(95) Concurrent Undo Cycle 0.378ms
[2024-09-08T21:45:21.419+0800][info] GC(96) Pause Young (Normal) (G1 Evacuation Pause)
[2024-09-08T21:45:21.419+0800][info] GC(96) Using 3 workers of 48 for evacuation
[2024-09-08T21:45:21.423+0800][info] GC(96)   Pre Evacuate Collection Set: 0.0ms
[2024-09-08T21:45:21.423+0800][info] GC(96)   Merge Heap Roots: 0.0ms
[2024-09-08T21:45:21.423+0800][info] GC(96)   Evacuate Collection Set: 3.2ms
[2024-09-08T21:45:21.423+0800][info] GC(96)   Post Evacuate Collection Set: 0.2ms
[2024-09-08T21:45:21.423+0800][info] GC(96)   Other: 0.2ms
[2024-09-08T21:45:21.423+0800][info] GC(96) Eden regions: 9->0(5)
[2024-09-08T21:45:21.423+0800][info] GC(96) Survivor regions: 0->2(2)
[2024-09-08T21:45:21.423+0800][info] GC(96) Old regions: 2->9
[2024-09-08T21:45:21.423+0800][info] GC(96) Archive regions: 2->2
[2024-09-08T21:45:21.423+0800][info] GC(96) Humongous regions: 3->0
[2024-09-08T21:45:21.423+0800][info] GC(96) Metaspace: 782K(896K)->782K(896K) NonClass: 718K(768K)->718K(768K) Class: 63K(128K)->63K(128K)
[2024-09-08T21:45:21.423+0800][info] GC(96) Pause Young (Normal) (G1 Evacuation Pause) 59M->47M(128M) 3.804ms
[2024-09-08T21:45:21.423+0800][info] GC(96) User=0.01s Sys=0.00s Real=0.00s
[2024-09-08T21:45:21.427+0800][info] GC(97) Pause Young (Normal) (G1 Evacuation Pause)
[2024-09-08T21:45:21.427+0800][info] GC(97) Using 3 workers of 48 for evacuation
[2024-09-08T21:45:21.430+0800][info] GC(97)   Pre Evacuate Collection Set: 0.0ms
[2024-09-08T21:45:21.430+0800][info] GC(97)   Merge Heap Roots: 0.0ms
[2024-09-08T21:45:21.430+0800][info] GC(97)   Evacuate Collection Set: 2.5ms
[2024-09-08T21:45:21.430+0800][info] GC(97)   Post Evacuate Collection Set: 0.1ms
[2024-09-08T21:45:21.430+0800][info] GC(97)   Other: 0.1ms
[2024-09-08T21:45:21.430+0800][info] GC(97) Eden regions: 5->0(3)
[2024-09-08T21:45:21.430+0800][info] GC(97) Survivor regions: 2->1(1)
[2024-09-08T21:45:21.430+0800][info] GC(97) Old regions: 9->15
[2024-09-08T21:45:21.430+0800][info] GC(97) Archive regions: 2->2
[2024-09-08T21:45:21.430+0800][info] GC(97) Humongous regions: 0->0
[2024-09-08T21:45:21.430+0800][info] GC(97) Metaspace: 782K(896K)->782K(896K) NonClass: 718K(768K)->718K(768K) Class: 63K(128K)->63K(128K)
[2024-09-08T21:45:21.430+0800][info] GC(97) Pause Young (Normal) (G1 Evacuation Pause) 67M->67M(128M) 3.020ms
[2024-09-08T21:45:21.430+0800][info] GC(97) User=0.01s Sys=0.00s Real=0.00s
[2024-09-08T21:45:21.432+0800][info] GC(98) Pause Young (Normal) (G1 Evacuation Pause)
[2024-09-08T21:45:21.432+0800][info] GC(98) Using 3 workers of 48 for evacuation
[2024-09-08T21:45:21.434+0800][info] GC(98)   Pre Evacuate Collection Set: 0.0ms
[2024-09-08T21:45:21.434+0800][info] GC(98)   Merge Heap Roots: 0.0ms
[2024-09-08T21:45:21.434+0800][info] GC(98)   Evacuate Collection Set: 1.4ms
[2024-09-08T21:45:21.434+0800][info] GC(98)   Post Evacuate Collection Set: 0.2ms
[2024-09-08T21:45:21.434+0800][info] GC(98)   Other: 0.1ms
[2024-09-08T21:45:21.434+0800][info] GC(98) Eden regions: 3->0(2)
[2024-09-08T21:45:21.434+0800][info] GC(98) Survivor regions: 1->1(1)
[2024-09-08T21:45:21.434+0800][info] GC(98) Old regions: 15->18
[2024-09-08T21:45:21.434+0800][info] GC(98) Archive regions: 2->2
[2024-09-08T21:45:21.434+0800][info] GC(98) Humongous regions: 0->0
[2024-09-08T21:45:21.434+0800][info] GC(98) Metaspace: 782K(896K)->782K(896K) NonClass: 718K(768K)->718K(768K) Class: 63K(128K)->63K(128K)
[2024-09-08T21:45:21.434+0800][info] GC(98) Pause Young (Normal) (G1 Evacuation Pause) 79M->79M(128M) 1.921ms
[2024-09-08T21:45:21.434+0800][info] GC(98) User=0.00s Sys=0.00s Real=0.00s
[2024-09-08T21:45:21.436+0800][info] GC(99) Pause Young (Normal) (G1 Evacuation Pause)
[2024-09-08T21:45:21.436+0800][info] GC(99) Using 3 workers of 48 for evacuation
[2024-09-08T21:45:21.437+0800][info] GC(99)   Pre Evacuate Collection Set: 0.0ms
[2024-09-08T21:45:21.437+0800][info] GC(99)   Merge Heap Roots: 0.0ms
[2024-09-08T21:45:21.437+0800][info] GC(99)   Evacuate Collection Set: 0.9ms
[2024-09-08T21:45:21.437+0800][info] GC(99)   Post Evacuate Collection Set: 0.2ms
[2024-09-08T21:45:21.437+0800][info] GC(99)   Other: 0.1ms
[2024-09-08T21:45:21.437+0800][info] GC(99) Eden regions: 2->0(2)
[2024-09-08T21:45:21.437+0800][info] GC(99) Survivor regions: 1->1(1)
[2024-09-08T21:45:21.437+0800][info] GC(99) Old regions: 18->20
[2024-09-08T21:45:21.437+0800][info] GC(99) Archive regions: 2->2
[2024-09-08T21:45:21.437+0800][info] GC(99) Humongous regions: 0->0
[2024-09-08T21:45:21.437+0800][info] GC(99) Metaspace: 782K(896K)->782K(896K) NonClass: 718K(768K)->718K(768K) Class: 63K(128K)->63K(128K)
[2024-09-08T21:45:21.437+0800][info] GC(99) Pause Young (Normal) (G1 Evacuation Pause) 87M->87M(128M) 1.542ms
[2024-09-08T21:45:21.437+0800][info] GC(99) User=0.00s Sys=0.00s Real=0.01s
[2024-09-08T21:45:21.438+0800][info] GC(100) Pause Young (Concurrent Start) (G1 Evacuation Pause)
[2024-09-08T21:45:21.438+0800][info] GC(100) Using 3 workers of 48 for evacuation
[2024-09-08T21:45:21.440+0800][info] GC(100)   Pre Evacuate Collection Set: 0.0ms
[2024-09-08T21:45:21.440+0800][info] GC(100)   Merge Heap Roots: 0.0ms
[2024-09-08T21:45:21.440+0800][info] GC(100)   Evacuate Collection Set: 1.0ms
[2024-09-08T21:45:21.440+0800][info] GC(100)   Post Evacuate Collection Set: 0.2ms
[2024-09-08T21:45:21.440+0800][info] GC(100)   Other: 0.2ms
[2024-09-08T21:45:21.440+0800][info] GC(100) Eden regions: 2->0(2)
[2024-09-08T21:45:21.440+0800][info] GC(100) Survivor regions: 1->1(1)
[2024-09-08T21:45:21.440+0800][info] GC(100) Old regions: 20->22
[2024-09-08T21:45:21.440+0800][info] GC(100) Archive regions: 2->2
[2024-09-08T21:45:21.440+0800][info] GC(100) Humongous regions: 0->0
[2024-09-08T21:45:21.440+0800][info] GC(100) Metaspace: 782K(896K)->782K(896K) NonClass: 718K(768K)->718K(768K) Class: 63K(128K)->63K(128K)
[2024-09-08T21:45:21.440+0800][info] GC(100) Pause Young (Concurrent Start) (G1 Evacuation Pause) 95M->95M(128M) 1.699ms
[2024-09-08T21:45:21.440+0800][info] GC(100) User=0.00s Sys=0.00s Real=0.00s
[2024-09-08T21:45:21.440+0800][info] GC(101) Concurrent Mark Cycle
[2024-09-08T21:45:21.440+0800][info] GC(101) Concurrent Clear Claimed Marks
[2024-09-08T21:45:21.440+0800][info] GC(101) Concurrent Clear Claimed Marks 0.022ms
[2024-09-08T21:45:21.440+0800][info] GC(101) Concurrent Scan Root Regions
[2024-09-08T21:45:21.440+0800][info] GC(101) Concurrent Scan Root Regions 0.376ms
[2024-09-08T21:45:21.441+0800][info] GC(101) Concurrent Mark
[2024-09-08T21:45:21.441+0800][info] GC(101) Concurrent Mark From Roots
[2024-09-08T21:45:21.441+0800][info] GC(101) Using 12 workers of 12 for marking
[2024-09-08T21:45:21.442+0800][info] GC(101) Concurrent Mark From Roots 1.827ms
[2024-09-08T21:45:21.442+0800][info] GC(101) Concurrent Preclean
[2024-09-08T21:45:21.444+0800][info] GC(101) Concurrent Preclean 1.725ms
[2024-09-08T21:45:21.444+0800][info] GC(101) Pause Remark
[2024-09-08T21:45:21.445+0800][info] GC(101) Pause Remark 95M->91M(128M) 1.152ms
[2024-09-08T21:45:21.445+0800][info] GC(101) User=0.00s Sys=0.00s Real=0.01s
[2024-09-08T21:45:21.445+0800][info] GC(101) Concurrent Mark 4.877ms
[2024-09-08T21:45:21.445+0800][info] GC(101) Concurrent Rebuild Remembered Sets
[2024-09-08T21:45:21.451+0800][info] GC(101) Concurrent Rebuild Remembered Sets 5.317ms
[2024-09-08T21:45:21.451+0800][info] GC(101) Pause Cleanup
[2024-09-08T21:45:21.451+0800][info] GC(101) Pause Cleanup 91M->91M(128M) 0.492ms
[2024-09-08T21:45:21.451+0800][info] GC(101) User=0.00s Sys=0.00s Real=0.00s
[2024-09-08T21:45:21.451+0800][info] GC(101) Concurrent Cleanup for Next Mark
[2024-09-08T21:45:21.452+0800][info] GC(101) Concurrent Cleanup for Next Mark 0.196ms
[2024-09-08T21:45:21.452+0800][info] GC(101) Concurrent Mark Cycle 11.576ms
[2024-09-08T21:45:22.443+0800][info] GC(102) Pause Young (Prepare Mixed) (G1 Evacuation Pause)
[2024-09-08T21:45:22.443+0800][info] GC(102) Using 3 workers of 48 for evacuation
[2024-09-08T21:45:22.444+0800][info] GC(102)   Pre Evacuate Collection Set: 0.0ms
[2024-09-08T21:45:22.444+0800][info] GC(102)   Merge Heap Roots: 0.0ms
[2024-09-08T21:45:22.444+0800][info] GC(102)   Evacuate Collection Set: 0.7ms
[2024-09-08T21:45:22.444+0800][info] GC(102)   Post Evacuate Collection Set: 0.1ms
[2024-09-08T21:45:22.444+0800][info] GC(102)   Other: 0.2ms
[2024-09-08T21:45:22.444+0800][info] GC(102) Eden regions: 1->0(1)
[2024-09-08T21:45:22.444+0800][info] GC(102) Survivor regions: 1->1(1)
[2024-09-08T21:45:22.444+0800][info] GC(102) Old regions: 21->22
[2024-09-08T21:45:22.444+0800][info] GC(102) Archive regions: 2->2
[2024-09-08T21:45:22.444+0800][info] GC(102) Humongous regions: 0->0
[2024-09-08T21:45:22.444+0800][info] GC(102) Metaspace: 782K(960K)->782K(960K) NonClass: 718K(832K)->718K(832K) Class: 63K(128K)->63K(128K)
[2024-09-08T21:45:22.444+0800][info] GC(102) Pause Young (Prepare Mixed) (G1 Evacuation Pause) 95M->95M(128M) 1.391ms
[2024-09-08T21:45:22.444+0800][info] GC(102) User=0.00s Sys=0.00s Real=0.00s
[2024-09-08T21:45:22.445+0800][info] GC(103) Pause Young (Mixed) (G1 Evacuation Pause)
[2024-09-08T21:45:22.445+0800][info] GC(103) Using 3 workers of 48 for evacuation
[2024-09-08T21:45:22.447+0800][info] GC(103)   Pre Evacuate Collection Set: 0.0ms
[2024-09-08T21:45:22.447+0800][info] GC(103)   Merge Heap Roots: 0.0ms
[2024-09-08T21:45:22.447+0800][info] GC(103)   Evacuate Collection Set: 1.5ms
[2024-09-08T21:45:22.447+0800][info] GC(103)   Post Evacuate Collection Set: 0.2ms
[2024-09-08T21:45:22.447+0800][info] GC(103)   Other: 0.1ms
[2024-09-08T21:45:22.447+0800][info] GC(103) Eden regions: 1->0(1)
[2024-09-08T21:45:22.447+0800][info] GC(103) Survivor regions: 1->1(1)
[2024-09-08T21:45:22.447+0800][info] GC(103) Old regions: 22->23
[2024-09-08T21:45:22.447+0800][info] GC(103) Archive regions: 2->2
[2024-09-08T21:45:22.447+0800][info] GC(103) Humongous regions: 0->0
[2024-09-08T21:45:22.447+0800][info] GC(103) Metaspace: 782K(960K)->782K(960K) NonClass: 718K(832K)->718K(832K) Class: 63K(128K)->63K(128K)
[2024-09-08T21:45:22.447+0800][info] GC(103) Pause Young (Mixed) (G1 Evacuation Pause) 99M->97M(128M) 2.033ms
[2024-09-08T21:45:22.447+0800][info] GC(103) User=0.01s Sys=0.00s Real=0.00s
[2024-09-08T21:45:22.448+0800][info] GC(104) Pause Young (Normal) (G1 Evacuation Pause)
[2024-09-08T21:45:22.448+0800][info] GC(104) Using 3 workers of 48 for evacuation
[2024-09-08T21:45:22.449+0800][info] GC(104)   Pre Evacuate Collection Set: 0.0ms
[2024-09-08T21:45:22.449+0800][info] GC(104)   Merge Heap Roots: 0.0ms
[2024-09-08T21:45:22.449+0800][info] GC(104)   Evacuate Collection Set: 0.6ms
[2024-09-08T21:45:22.449+0800][info] GC(104)   Post Evacuate Collection Set: 0.1ms
[2024-09-08T21:45:22.449+0800][info] GC(104)   Other: 0.1ms
[2024-09-08T21:45:22.449+0800][info] GC(104) Eden regions: 1->0(2)
[2024-09-08T21:45:22.449+0800][info] GC(104) Survivor regions: 1->1(1)
[2024-09-08T21:45:22.449+0800][info] GC(104) Old regions: 23->24
[2024-09-08T21:45:22.449+0800][info] GC(104) Archive regions: 2->2
[2024-09-08T21:45:22.449+0800][info] GC(104) Humongous regions: 0->0
[2024-09-08T21:45:22.449+0800][info] GC(104) Metaspace: 782K(960K)->782K(960K) NonClass: 718K(832K)->718K(832K) Class: 63K(128K)->63K(128K)
[2024-09-08T21:45:22.449+0800][info] GC(104) Pause Young (Normal) (G1 Evacuation Pause) 101M->101M(128M) 1.127ms
[2024-09-08T21:45:22.449+0800][info] GC(104) User=0.00s Sys=0.00s Real=0.00s
[2024-09-08T21:45:22.449+0800][info] GC(105) Pause Young (Concurrent Start) (G1 Preventive Collection)
[2024-09-08T21:45:22.449+0800][info] GC(105) Using 3 workers of 48 for evacuation
[2024-09-08T21:45:22.450+0800][info] GC(105)   Pre Evacuate Collection Set: 0.0ms
[2024-09-08T21:45:22.450+0800][info] GC(105)   Merge Heap Roots: 0.0ms
[2024-09-08T21:45:22.450+0800][info] GC(105)   Evacuate Collection Set: 0.6ms
[2024-09-08T21:45:22.450+0800][info] GC(105)   Post Evacuate Collection Set: 0.1ms
[2024-09-08T21:45:22.450+0800][info] GC(105)   Other: 0.3ms
[2024-09-08T21:45:22.450+0800][info] GC(105) Eden regions: 1->0(2)
[2024-09-08T21:45:22.451+0800][info] GC(105) Survivor regions: 1->1(1)
[2024-09-08T21:45:22.451+0800][info] GC(105) Old regions: 24->25
[2024-09-08T21:45:22.451+0800][info] GC(105) Archive regions: 2->2
[2024-09-08T21:45:22.451+0800][info] GC(105) Humongous regions: 0->0
[2024-09-08T21:45:22.451+0800][info] GC(105) Metaspace: 782K(960K)->782K(960K) NonClass: 718K(832K)->718K(832K) Class: 63K(128K)->63K(128K)
[2024-09-08T21:45:22.451+0800][info] GC(105) Pause Young (Concurrent Start) (G1 Preventive Collection) 105M->105M(128M) 1.244ms
[2024-09-08T21:45:22.451+0800][info] GC(105) User=0.01s Sys=0.00s Real=0.00s
[2024-09-08T21:45:22.451+0800][info] GC(106) Concurrent Mark Cycle
[2024-09-08T21:45:22.451+0800][info] GC(106) Concurrent Clear Claimed Marks
[2024-09-08T21:45:22.451+0800][info] GC(106) Concurrent Clear Claimed Marks 0.016ms
[2024-09-08T21:45:22.451+0800][info] GC(106) Concurrent Scan Root Regions
[2024-09-08T21:45:22.451+0800][info] GC(106) Concurrent Scan Root Regions 0.054ms
[2024-09-08T21:45:22.451+0800][info] GC(106) Concurrent Mark
[2024-09-08T21:45:22.451+0800][info] GC(106) Concurrent Mark From Roots
[2024-09-08T21:45:22.451+0800][info] GC(106) Using 12 workers of 12 for marking
[2024-09-08T21:45:22.453+0800][info] GC(106) Concurrent Mark From Roots 1.649ms
[2024-09-08T21:45:22.453+0800][info] GC(106) Concurrent Preclean
[2024-09-08T21:45:22.454+0800][info] GC(106) Concurrent Preclean 1.828ms
[2024-09-08T21:45:22.454+0800][info] GC(106) Pause Remark
[2024-09-08T21:45:22.455+0800][info] GC(106) Pause Remark 105M->105M(128M) 0.913ms
[2024-09-08T21:45:22.455+0800][info] GC(106) User=0.00s Sys=0.01s Real=0.00s
[2024-09-08T21:45:22.455+0800][info] GC(106) Concurrent Mark 4.575ms
[2024-09-08T21:45:22.455+0800][info] GC(106) Concurrent Rebuild Remembered Sets
[2024-09-08T21:45:22.461+0800][info] GC(106) Concurrent Rebuild Remembered Sets 5.314ms
[2024-09-08T21:45:22.461+0800][info] GC(106) Pause Cleanup
[2024-09-08T21:45:22.461+0800][info] GC(106) Pause Cleanup 105M->105M(128M) 0.464ms
[2024-09-08T21:45:22.461+0800][info] GC(106) User=0.00s Sys=0.00s Real=0.00s
[2024-09-08T21:45:22.461+0800][info] GC(106) Concurrent Cleanup for Next Mark
[2024-09-08T21:45:22.462+0800][info] GC(106) Concurrent Cleanup for Next Mark 0.205ms
[2024-09-08T21:45:22.462+0800][info] GC(106) Concurrent Mark Cycle 10.886ms
[2024-09-08T21:45:23.464+0800][info] GC(107) Pause Young (Normal) (G1 Preventive Collection)
[2024-09-08T21:45:23.464+0800][info] GC(107) Using 3 workers of 48 for evacuation
[2024-09-08T21:45:23.465+0800][info] GC(107)   Pre Evacuate Collection Set: 0.0ms
[2024-09-08T21:45:23.465+0800][info] GC(107)   Merge Heap Roots: 0.0ms
[2024-09-08T21:45:23.465+0800][info] GC(107)   Evacuate Collection Set: 0.8ms
[2024-09-08T21:45:23.465+0800][info] GC(107)   Post Evacuate Collection Set: 0.1ms
[2024-09-08T21:45:23.465+0800][info] GC(107)   Other: 0.1ms
[2024-09-08T21:45:23.465+0800][info] GC(107) Eden regions: 1->0(1)
[2024-09-08T21:45:23.465+0800][info] GC(107) Survivor regions: 1->1(1)
[2024-09-08T21:45:23.465+0800][info] GC(107) Old regions: 25->26
[2024-09-08T21:45:23.465+0800][info] GC(107) Archive regions: 2->2
[2024-09-08T21:45:23.465+0800][info] GC(107) Humongous regions: 0->0
[2024-09-08T21:45:23.465+0800][info] GC(107) Metaspace: 786K(960K)->786K(960K) NonClass: 722K(832K)->722K(832K) Class: 63K(128K)->63K(128K)
[2024-09-08T21:45:23.465+0800][info] GC(107) Pause Young (Normal) (G1 Preventive Collection) 109M->108M(128M) 1.100ms
[2024-09-08T21:45:23.465+0800][info] GC(107) User=0.01s Sys=0.00s Real=0.01s
[2024-09-08T21:45:23.466+0800][info] GC(108) Pause Young (Concurrent Start) (G1 Preventive Collection)
[2024-09-08T21:45:23.466+0800][info] GC(108) Using 3 workers of 48 for evacuation
[2024-09-08T21:45:23.467+0800][info] GC(108)   Pre Evacuate Collection Set: 0.0ms
[2024-09-08T21:45:23.467+0800][info] GC(108)   Merge Heap Roots: 0.0ms
[2024-09-08T21:45:23.467+0800][info] GC(108)   Evacuate Collection Set: 0.7ms
[2024-09-08T21:45:23.467+0800][info] GC(108)   Post Evacuate Collection Set: 0.1ms
[2024-09-08T21:45:23.467+0800][info] GC(108)   Other: 0.1ms
[2024-09-08T21:45:23.467+0800][info] GC(108) Eden regions: 1->0(2)
[2024-09-08T21:45:23.467+0800][info] GC(108) Survivor regions: 1->1(1)
[2024-09-08T21:45:23.467+0800][info] GC(108) Old regions: 26->27
[2024-09-08T21:45:23.467+0800][info] GC(108) Archive regions: 2->2
[2024-09-08T21:45:23.467+0800][info] GC(108) Humongous regions: 0->0
[2024-09-08T21:45:23.467+0800][info] GC(108) Metaspace: 786K(960K)->786K(960K) NonClass: 722K(832K)->722K(832K) Class: 63K(128K)->63K(128K)
[2024-09-08T21:45:23.467+0800][info] GC(108) Pause Young (Concurrent Start) (G1 Preventive Collection) 112M->112M(128M) 1.061ms
[2024-09-08T21:45:23.467+0800][info] GC(108) User=0.00s Sys=0.00s Real=0.00s
[2024-09-08T21:45:23.467+0800][info] GC(109) Concurrent Mark Cycle
[2024-09-08T21:45:23.467+0800][info] GC(109) Concurrent Clear Claimed Marks
[2024-09-08T21:45:23.467+0800][info] GC(109) Concurrent Clear Claimed Marks 0.024ms
[2024-09-08T21:45:23.467+0800][info] GC(109) Concurrent Scan Root Regions
[2024-09-08T21:45:23.467+0800][info] GC(109) Concurrent Scan Root Regions 0.069ms
[2024-09-08T21:45:23.467+0800][info] GC(109) Concurrent Mark
[2024-09-08T21:45:23.467+0800][info] GC(109) Concurrent Mark From Roots
[2024-09-08T21:45:23.467+0800][info] GC(109) Using 12 workers of 12 for marking
[2024-09-08T21:45:23.469+0800][info] GC(109) Concurrent Mark From Roots 1.717ms
[2024-09-08T21:45:23.469+0800][info] GC(109) Concurrent Preclean
[2024-09-08T21:45:23.471+0800][info] GC(109) Concurrent Preclean 1.657ms
[2024-09-08T21:45:23.471+0800][info] GC(109) Pause Remark
[2024-09-08T21:45:23.472+0800][info] GC(109) Pause Remark 113M->21M(128M) 1.154ms
[2024-09-08T21:45:23.472+0800][info] GC(109) User=0.00s Sys=0.00s Real=0.00s
[2024-09-08T21:45:23.472+0800][info] GC(109) Concurrent Mark 4.638ms
[2024-09-08T21:45:23.472+0800][info] GC(109) Concurrent Rebuild Remembered Sets
[2024-09-08T21:45:23.473+0800][info] GC(109) Concurrent Rebuild Remembered Sets 1.253ms
[2024-09-08T21:45:23.473+0800][info] GC(109) Pause Cleanup
[2024-09-08T21:45:23.473+0800][info] GC(109) Pause Cleanup 21M->21M(128M) 0.074ms
[2024-09-08T21:45:23.473+0800][info] GC(109) User=0.00s Sys=0.00s Real=0.00s
[2024-09-08T21:45:23.473+0800][info] GC(109) Concurrent Cleanup for Next Mark
[2024-09-08T21:45:23.473+0800][info] GC(109) Concurrent Cleanup for Next Mark 0.188ms
[2024-09-08T21:45:23.474+0800][info] GC(109) Concurrent Mark Cycle 6.453ms
[2024-09-08T21:45:24.470+0800][info] GC(110) Pause Young (Prepare Mixed) (G1 Evacuation Pause)
[2024-09-08T21:45:24.470+0800][info] GC(110) Using 3 workers of 48 for evacuation
[2024-09-08T21:45:24.472+0800][info] GC(110)   Pre Evacuate Collection Set: 0.0ms
[2024-09-08T21:45:24.472+0800][info] GC(110)   Merge Heap Roots: 0.0ms
[2024-09-08T21:45:24.472+0800][info] GC(110)   Evacuate Collection Set: 1.1ms
[2024-09-08T21:45:24.472+0800][info] GC(110)   Post Evacuate Collection Set: 0.1ms
[2024-09-08T21:45:24.472+0800][info] GC(110)   Other: 0.1ms
[2024-09-08T21:45:24.472+0800][info] GC(110) Eden regions: 2->0(1)
[2024-09-08T21:45:24.472+0800][info] GC(110) Survivor regions: 1->1(1)
[2024-09-08T21:45:24.472+0800][info] GC(110) Old regions: 4->6
[2024-09-08T21:45:24.472+0800][info] GC(110) Archive regions: 2->2
[2024-09-08T21:45:24.472+0800][info] GC(110) Humongous regions: 0->0
[2024-09-08T21:45:24.472+0800][info] GC(110) Metaspace: 787K(960K)->787K(960K) NonClass: 723K(832K)->723K(832K) Class: 63K(128K)->63K(128K)
[2024-09-08T21:45:24.472+0800][info] GC(110) Pause Young (Prepare Mixed) (G1 Evacuation Pause) 28M->28M(128M) 1.499ms
[2024-09-08T21:45:24.472+0800][info] GC(110) User=0.00s Sys=0.00s Real=0.00s
[2024-09-08T21:45:24.473+0800][info] GC(111) Pause Young (Mixed) (G1 Evacuation Pause)
[2024-09-08T21:45:24.473+0800][info] GC(111) Using 3 workers of 48 for evacuation
[2024-09-08T21:45:24.475+0800][info] GC(111)   Pre Evacuate Collection Set: 0.0ms
[2024-09-08T21:45:24.475+0800][info] GC(111)   Merge Heap Roots: 0.0ms
[2024-09-08T21:45:24.475+0800][info] GC(111)   Evacuate Collection Set: 2.0ms
[2024-09-08T21:45:24.475+0800][info] GC(111)   Post Evacuate Collection Set: 0.1ms
[2024-09-08T21:45:24.475+0800][info] GC(111)   Other: 0.0ms
[2024-09-08T21:45:24.475+0800][info] GC(111) Eden regions: 1->0(7)
[2024-09-08T21:45:24.475+0800][info] GC(111) Survivor regions: 1->1(1)
[2024-09-08T21:45:24.475+0800][info] GC(111) Old regions: 6->4
[2024-09-08T21:45:24.475+0800][info] GC(111) Archive regions: 2->2
[2024-09-08T21:45:24.475+0800][info] GC(111) Humongous regions: 0->0
[2024-09-08T21:45:24.475+0800][info] GC(111) Metaspace: 787K(960K)->787K(960K) NonClass: 723K(832K)->723K(832K) Class: 63K(128K)->63K(128K)
[2024-09-08T21:45:24.475+0800][info] GC(111) Pause Young (Mixed) (G1 Evacuation Pause) 32M->23M(128M) 2.331ms
[2024-09-08T21:45:24.475+0800][info] GC(111) User=0.01s Sys=0.00s Real=0.00s
[2024-09-08T21:45:24.480+0800][info] GC(112) Pause Young (Normal) (G1 Evacuation Pause)
[2024-09-08T21:45:24.480+0800][info] GC(112) Using 3 workers of 48 for evacuation
[2024-09-08T21:45:24.484+0800][info] GC(112)   Pre Evacuate Collection Set: 0.0ms
[2024-09-08T21:45:24.484+0800][info] GC(112)   Merge Heap Roots: 0.0ms
[2024-09-08T21:45:24.484+0800][info] GC(112)   Evacuate Collection Set: 3.1ms
[2024-09-08T21:45:24.484+0800][info] GC(112)   Post Evacuate Collection Set: 0.1ms
[2024-09-08T21:45:24.484+0800][info] GC(112)   Other: 0.1ms
[2024-09-08T21:45:24.484+0800][info] GC(112) Eden regions: 7->0(4)
[2024-09-08T21:45:24.484+0800][info] GC(112) Survivor regions: 1->1(1)
[2024-09-08T21:45:24.484+0800][info] GC(112) Old regions: 4->11
[2024-09-08T21:45:24.484+0800][info] GC(112) Archive regions: 2->2
[2024-09-08T21:45:24.484+0800][info] GC(112) Humongous regions: 0->0
[2024-09-08T21:45:24.484+0800][info] GC(112) Metaspace: 787K(960K)->787K(960K) NonClass: 723K(832K)->723K(832K) Class: 63K(128K)->63K(128K)
[2024-09-08T21:45:24.484+0800][info] GC(112) Pause Young (Normal) (G1 Evacuation Pause) 51M->51M(128M) 3.433ms
[2024-09-08T21:45:24.484+0800][info] GC(112) User=0.01s Sys=0.00s Real=0.00s
[2024-09-08T21:45:24.487+0800][info] GC(113) Pause Young (Normal) (G1 Evacuation Pause)
[2024-09-08T21:45:24.487+0800][info] GC(113) Using 3 workers of 48 for evacuation
[2024-09-08T21:45:24.489+0800][info] GC(113)   Pre Evacuate Collection Set: 0.0ms
[2024-09-08T21:45:24.489+0800][info] GC(113)   Merge Heap Roots: 0.0ms
[2024-09-08T21:45:24.489+0800][info] GC(113)   Evacuate Collection Set: 1.9ms
[2024-09-08T21:45:24.489+0800][info] GC(113)   Post Evacuate Collection Set: 0.1ms
[2024-09-08T21:45:24.489+0800][info] GC(113)   Other: 0.0ms
[2024-09-08T21:45:24.489+0800][info] GC(113) Eden regions: 4->0(3)
[2024-09-08T21:45:24.489+0800][info] GC(113) Survivor regions: 1->1(1)
[2024-09-08T21:45:24.489+0800][info] GC(113) Old regions: 11->15
[2024-09-08T21:45:24.489+0800][info] GC(113) Archive regions: 2->2
[2024-09-08T21:45:24.489+0800][info] GC(113) Humongous regions: 0->0
[2024-09-08T21:45:24.489+0800][info] GC(113) Metaspace: 787K(960K)->787K(960K) NonClass: 723K(832K)->723K(832K) Class: 63K(128K)->63K(128K)
[2024-09-08T21:45:24.489+0800][info] GC(113) Pause Young (Normal) (G1 Evacuation Pause) 67M->67M(128M) 2.205ms
[2024-09-08T21:45:24.489+0800][info] GC(113) User=0.00s Sys=0.00s Real=0.00s
[2024-09-08T21:45:24.491+0800][info] GC(114) Pause Young (Normal) (G1 Evacuation Pause)
[2024-09-08T21:45:24.491+0800][info] GC(114) Using 3 workers of 48 for evacuation
[2024-09-08T21:45:24.493+0800][info] GC(114)   Pre Evacuate Collection Set: 0.0ms
[2024-09-08T21:45:24.493+0800][info] GC(114)   Merge Heap Roots: 0.0ms
[2024-09-08T21:45:24.493+0800][info] GC(114)   Evacuate Collection Set: 1.5ms
[2024-09-08T21:45:24.493+0800][info] GC(114)   Post Evacuate Collection Set: 0.1ms
[2024-09-08T21:45:24.493+0800][info] GC(114)   Other: 0.0ms
[2024-09-08T21:45:24.493+0800][info] GC(114) Eden regions: 3->0(2)
[2024-09-08T21:45:24.493+0800][info] GC(114) Survivor regions: 1->1(1)
[2024-09-08T21:45:24.493+0800][info] GC(114) Old regions: 15->18
[2024-09-08T21:45:24.493+0800][info] GC(114) Archive regions: 2->2
[2024-09-08T21:45:24.493+0800][info] GC(114) Humongous regions: 0->0
[2024-09-08T21:45:24.493+0800][info] GC(114) Metaspace: 787K(960K)->787K(960K) NonClass: 723K(832K)->723K(832K) Class: 63K(128K)->63K(128K)
[2024-09-08T21:45:24.493+0800][info] GC(114) Pause Young (Normal) (G1 Evacuation Pause) 79M->79M(128M) 1.767ms
[2024-09-08T21:45:24.493+0800][info] GC(114) User=0.01s Sys=0.00s Real=0.00s
[2024-09-08T21:45:24.495+0800][info] GC(115) Pause Young (Normal) (G1 Evacuation Pause)
[2024-09-08T21:45:24.495+0800][info] GC(115) Using 3 workers of 48 for evacuation
[2024-09-08T21:45:24.496+0800][info] GC(115)   Pre Evacuate Collection Set: 0.0ms
[2024-09-08T21:45:24.496+0800][info] GC(115)   Merge Heap Roots: 0.0ms
[2024-09-08T21:45:24.496+0800][info] GC(115)   Evacuate Collection Set: 1.1ms
[2024-09-08T21:45:24.496+0800][info] GC(115)   Post Evacuate Collection Set: 0.1ms
[2024-09-08T21:45:24.496+0800][info] GC(115)   Other: 0.1ms
[2024-09-08T21:45:24.496+0800][info] GC(115) Eden regions: 2->0(2)
[2024-09-08T21:45:24.496+0800][info] GC(115) Survivor regions: 1->1(1)
[2024-09-08T21:45:24.496+0800][info] GC(115) Old regions: 18->20
[2024-09-08T21:45:24.496+0800][info] GC(115) Archive regions: 2->2
[2024-09-08T21:45:24.496+0800][info] GC(115) Humongous regions: 0->0
[2024-09-08T21:45:24.496+0800][info] GC(115) Metaspace: 787K(960K)->787K(960K) NonClass: 723K(832K)->723K(832K) Class: 63K(128K)->63K(128K)
[2024-09-08T21:45:24.496+0800][info] GC(115) Pause Young (Normal) (G1 Evacuation Pause) 87M->87M(128M) 1.369ms
[2024-09-08T21:45:24.496+0800][info] GC(115) User=0.00s Sys=0.00s Real=0.00s
[2024-09-08T21:45:24.497+0800][info] GC(116) Pause Young (Normal) (G1 Evacuation Pause)
[2024-09-08T21:45:24.497+0800][info] GC(116) Using 3 workers of 48 for evacuation
[2024-09-08T21:45:24.499+0800][info] GC(116)   Pre Evacuate Collection Set: 0.0ms
[2024-09-08T21:45:24.499+0800][info] GC(116)   Merge Heap Roots: 0.0ms
[2024-09-08T21:45:24.499+0800][info] GC(116)   Evacuate Collection Set: 1.1ms
[2024-09-08T21:45:24.499+0800][info] GC(116)   Post Evacuate Collection Set: 0.1ms
[2024-09-08T21:45:24.499+0800][info] GC(116)   Other: 0.0ms
[2024-09-08T21:45:24.499+0800][info] GC(116) Eden regions: 2->0(2)
[2024-09-08T21:45:24.499+0800][info] GC(116) Survivor regions: 1->1(1)
[2024-09-08T21:45:24.499+0800][info] GC(116) Old regions: 20->22
[2024-09-08T21:45:24.499+0800][info] GC(116) Archive regions: 2->2
[2024-09-08T21:45:24.499+0800][info] GC(116) Humongous regions: 0->0
[2024-09-08T21:45:24.499+0800][info] GC(116) Metaspace: 787K(960K)->787K(960K) NonClass: 723K(832K)->723K(832K) Class: 63K(128K)->63K(128K)
[2024-09-08T21:45:24.499+0800][info] GC(116) Pause Young (Normal) (G1 Evacuation Pause) 95M->95M(128M) 1.337ms
[2024-09-08T21:45:24.499+0800][info] GC(116) User=0.00s Sys=0.00s Real=0.00s
[2024-09-08T21:45:24.500+0800][info] GC(117) Pause Young (Concurrent Start) (G1 Preventive Collection)
[2024-09-08T21:45:24.500+0800][info] GC(117) Using 3 workers of 48 for evacuation
[2024-09-08T21:45:24.501+0800][info] GC(117)   Pre Evacuate Collection Set: 0.0ms
[2024-09-08T21:45:24.501+0800][info] GC(117)   Merge Heap Roots: 0.0ms
[2024-09-08T21:45:24.501+0800][info] GC(117)   Evacuate Collection Set: 1.1ms
[2024-09-08T21:45:24.501+0800][info] GC(117)   Post Evacuate Collection Set: 0.1ms
[2024-09-08T21:45:24.501+0800][info] GC(117)   Other: 0.1ms
[2024-09-08T21:45:24.501+0800][info] GC(117) Eden regions: 2->0(2)
[2024-09-08T21:45:24.501+0800][info] GC(117) Survivor regions: 1->1(1)
[2024-09-08T21:45:24.501+0800][info] GC(117) Old regions: 22->24
[2024-09-08T21:45:24.501+0800][info] GC(117) Archive regions: 2->2
[2024-09-08T21:45:24.501+0800][info] GC(117) Humongous regions: 0->0
[2024-09-08T21:45:24.501+0800][info] GC(117) Metaspace: 787K(960K)->787K(960K) NonClass: 723K(832K)->723K(832K) Class: 63K(128K)->63K(128K)
[2024-09-08T21:45:24.501+0800][info] GC(117) Pause Young (Concurrent Start) (G1 Preventive Collection) 103M->103M(128M) 1.421ms
[2024-09-08T21:45:24.501+0800][info] GC(117) User=0.00s Sys=0.00s Real=0.00s
[2024-09-08T21:45:24.501+0800][info] GC(118) Concurrent Mark Cycle
[2024-09-08T21:45:24.501+0800][info] GC(118) Concurrent Clear Claimed Marks
[2024-09-08T21:45:24.501+0800][info] GC(118) Concurrent Clear Claimed Marks 0.019ms
[2024-09-08T21:45:24.501+0800][info] GC(118) Concurrent Scan Root Regions
[2024-09-08T21:45:24.501+0800][info] GC(118) Concurrent Scan Root Regions 0.053ms
[2024-09-08T21:45:24.501+0800][info] GC(118) Concurrent Mark
[2024-09-08T21:45:24.501+0800][info] GC(118) Concurrent Mark From Roots
[2024-09-08T21:45:24.501+0800][info] GC(118) Using 12 workers of 12 for marking
[2024-09-08T21:45:24.503+0800][info] GC(118) Concurrent Mark From Roots 1.798ms
[2024-09-08T21:45:24.503+0800][info] GC(118) Concurrent Preclean
[2024-09-08T21:45:24.505+0800][info] GC(118) Concurrent Preclean 1.684ms
[2024-09-08T21:45:24.505+0800][info] GC(118) Pause Remark
[2024-09-08T21:45:24.506+0800][info] GC(118) Pause Remark 103M->103M(128M) 1.171ms
[2024-09-08T21:45:24.506+0800][info] GC(118) User=0.00s Sys=0.00s Real=0.00s
[2024-09-08T21:45:24.506+0800][info] GC(118) Concurrent Mark 4.789ms
[2024-09-08T21:45:24.506+0800][info] GC(118) Concurrent Rebuild Remembered Sets
[2024-09-08T21:45:24.506+0800][info] GC(118) Concurrent Rebuild Remembered Sets 0.012ms
[2024-09-08T21:45:24.506+0800][info] GC(118) Pause Cleanup
[2024-09-08T21:45:24.506+0800][info] GC(118) Pause Cleanup 103M->103M(128M) 0.009ms
[2024-09-08T21:45:24.506+0800][info] GC(118) User=0.00s Sys=0.00s Real=0.00s
[2024-09-08T21:45:24.506+0800][info] GC(118) Concurrent Cleanup for Next Mark
[2024-09-08T21:45:24.506+0800][info] GC(118) Concurrent Cleanup for Next Mark 0.192ms
[2024-09-08T21:45:24.506+0800][info] GC(118) Concurrent Mark Cycle 5.270ms
[2024-09-08T21:45:25.504+0800][info] GC(119) Pause Young (Concurrent Start) (G1 Humongous Allocation)
[2024-09-08T21:45:25.504+0800][info] GC(119) Using 3 workers of 48 for evacuation
[2024-09-08T21:45:25.505+0800][info] GC(119)   Pre Evacuate Collection Set: 0.0ms
[2024-09-08T21:45:25.505+0800][info] GC(119)   Merge Heap Roots: 0.0ms
[2024-09-08T21:45:25.505+0800][info] GC(119)   Evacuate Collection Set: 0.8ms
[2024-09-08T21:45:25.505+0800][info] GC(119)   Post Evacuate Collection Set: 0.1ms
[2024-09-08T21:45:25.505+0800][info] GC(119)   Other: 0.2ms
[2024-09-08T21:45:25.506+0800][info] GC(119) Eden regions: 1->0(2)
[2024-09-08T21:45:25.506+0800][info] GC(119) Survivor regions: 1->1(1)
[2024-09-08T21:45:25.506+0800][info] GC(119) Old regions: 24->25
[2024-09-08T21:45:25.506+0800][info] GC(119) Archive regions: 2->2
[2024-09-08T21:45:25.506+0800][info] GC(119) Humongous regions: 0->0
[2024-09-08T21:45:25.506+0800][info] GC(119) Metaspace: 797K(960K)->797K(960K) NonClass: 733K(832K)->733K(832K) Class: 63K(128K)->63K(128K)
[2024-09-08T21:45:25.506+0800][info] GC(119) Pause Young (Concurrent Start) (G1 Humongous Allocation) 106M->105M(128M) 1.203ms
[2024-09-08T21:45:25.506+0800][info] GC(119) User=0.00s Sys=0.00s Real=0.01s
[2024-09-08T21:45:25.506+0800][info] GC(120) Concurrent Mark Cycle
[2024-09-08T21:45:25.506+0800][info] GC(120) Concurrent Clear Claimed Marks
[2024-09-08T21:45:25.506+0800][info] GC(120) Concurrent Clear Claimed Marks 0.018ms
[2024-09-08T21:45:25.506+0800][info] GC(120) Concurrent Scan Root Regions
[2024-09-08T21:45:25.506+0800][info] GC(120) Concurrent Scan Root Regions 0.063ms
[2024-09-08T21:45:25.506+0800][info] GC(120) Concurrent Mark
[2024-09-08T21:45:25.506+0800][info] GC(120) Concurrent Mark From Roots
[2024-09-08T21:45:25.506+0800][info] GC(121) Pause Young (Normal) (G1 Preventive Collection)
[2024-09-08T21:45:25.506+0800][info] GC(121) Using 3 workers of 48 for evacuation
[2024-09-08T21:45:25.506+0800][info] GC(120) Using 12 workers of 12 for marking
[2024-09-08T21:45:25.506+0800][info] GC(121)   Pre Evacuate Collection Set: 0.1ms
[2024-09-08T21:45:25.506+0800][info] GC(121)   Merge Heap Roots: 0.0ms
[2024-09-08T21:45:25.506+0800][info] GC(121)   Evacuate Collection Set: 0.4ms
[2024-09-08T21:45:25.506+0800][info] GC(121)   Post Evacuate Collection Set: 0.1ms
[2024-09-08T21:45:25.506+0800][info] GC(121)   Other: 0.1ms
[2024-09-08T21:45:25.506+0800][info] GC(121) Eden regions: 0->0(2)
[2024-09-08T21:45:25.506+0800][info] GC(121) Survivor regions: 1->0(1)
[2024-09-08T21:45:25.506+0800][info] GC(121) Old regions: 25->26
[2024-09-08T21:45:25.506+0800][info] GC(121) Archive regions: 2->2
[2024-09-08T21:45:25.506+0800][info] GC(121) Humongous regions: 0->0
[2024-09-08T21:45:25.506+0800][info] GC(121) Metaspace: 797K(960K)->797K(960K) NonClass: 733K(832K)->733K(832K) Class: 63K(128K)->63K(128K)
[2024-09-08T21:45:25.506+0800][info] GC(121) Pause Young (Normal) (G1 Preventive Collection) 105M->106M(128M) 0.697ms
[2024-09-08T21:45:25.506+0800][info] GC(121) User=0.00s Sys=0.00s Real=0.00s
[2024-09-08T21:45:25.508+0800][info] GC(120) Concurrent Mark From Roots 2.412ms
[2024-09-08T21:45:25.508+0800][info] GC(120) Concurrent Preclean
[2024-09-08T21:45:25.510+0800][info] GC(120) Concurrent Preclean 1.732ms
[2024-09-08T21:45:25.510+0800][info] GC(120) Pause Remark
[2024-09-08T21:45:25.511+0800][info] GC(120) Pause Remark 118M->30M(128M) 1.230ms
[2024-09-08T21:45:25.511+0800][info] GC(120) User=0.01s Sys=0.00s Real=0.00s
[2024-09-08T21:45:25.511+0800][info] GC(120) Concurrent Mark 5.556ms
[2024-09-08T21:45:25.511+0800][info] GC(120) Concurrent Rebuild Remembered Sets
[2024-09-08T21:45:25.513+0800][info] GC(120) Concurrent Rebuild Remembered Sets 2.075ms
[2024-09-08T21:45:25.513+0800][info] GC(120) Pause Cleanup
[2024-09-08T21:45:25.514+0800][info] GC(120) Pause Cleanup 30M->30M(128M) 0.095ms
[2024-09-08T21:45:25.514+0800][info] GC(120) User=0.00s Sys=0.00s Real=0.00s
[2024-09-08T21:45:25.514+0800][info] GC(120) Concurrent Cleanup for Next Mark
[2024-09-08T21:45:25.514+0800][info] GC(120) Concurrent Cleanup for Next Mark 0.218ms
[2024-09-08T21:45:25.514+0800][info] GC(120) Concurrent Mark Cycle 8.287ms
[2024-09-08T21:45:26.554+0800][info] GC(122) Pause Young (Prepare Mixed) (G1 Preventive Collection)
[2024-09-08T21:45:26.554+0800][info] GC(122) Using 3 workers of 48 for evacuation
[2024-09-08T21:45:26.554+0800][info] GC(122)   Pre Evacuate Collection Set: 0.0ms
[2024-09-08T21:45:26.554+0800][info] GC(122)   Merge Heap Roots: 0.0ms
[2024-09-08T21:45:26.554+0800][info] GC(122)   Evacuate Collection Set: 0.1ms
[2024-09-08T21:45:26.554+0800][info] GC(122)   Post Evacuate Collection Set: 0.2ms
[2024-09-08T21:45:26.554+0800][info] GC(122)   Other: 0.1ms
[2024-09-08T21:45:26.554+0800][info] GC(122) Eden regions: 1->0(1)
[2024-09-08T21:45:26.554+0800][info] GC(122) Survivor regions: 0->0(1)
[2024-09-08T21:45:26.554+0800][info] GC(122) Old regions: 4->4
[2024-09-08T21:45:26.554+0800][info] GC(122) Archive regions: 2->2
[2024-09-08T21:45:26.554+0800][info] GC(122) Humongous regions: 21->0
[2024-09-08T21:45:26.554+0800][info] GC(122) Metaspace: 804K(960K)->804K(960K) NonClass: 741K(832K)->741K(832K) Class: 63K(128K)->63K(128K)
[2024-09-08T21:45:26.554+0800][info] GC(122) Pause Young (Prepare Mixed) (G1 Preventive Collection) 102M->18M(128M) 0.547ms
[2024-09-08T21:45:26.554+0800][info] GC(122) User=0.00s Sys=0.00s Real=0.00s
[2024-09-08T21:45:26.600+0800][info] GC(123) Pause Young (Mixed) (G1 Humongous Allocation)
[2024-09-08T21:45:26.600+0800][info] GC(123) Using 3 workers of 48 for evacuation
[2024-09-08T21:45:26.602+0800][info] GC(123)   Pre Evacuate Collection Set: 0.0ms
[2024-09-08T21:45:26.602+0800][info] GC(123)   Merge Heap Roots: 0.0ms
[2024-09-08T21:45:26.602+0800][info] GC(123)   Evacuate Collection Set: 1.4ms
[2024-09-08T21:45:26.602+0800][info] GC(123)   Post Evacuate Collection Set: 0.2ms
[2024-09-08T21:45:26.602+0800][info] GC(123)   Other: 0.1ms
[2024-09-08T21:45:26.602+0800][info] GC(123) Eden regions: 0->0(9)
[2024-09-08T21:45:26.602+0800][info] GC(123) Survivor regions: 0->0(1)
[2024-09-08T21:45:26.602+0800][info] GC(123) Old regions: 4->2
[2024-09-08T21:45:26.602+0800][info] GC(123) Archive regions: 2->2
[2024-09-08T21:45:26.602+0800][info] GC(123) Humongous regions: 21->0
[2024-09-08T21:45:26.602+0800][info] GC(123) Metaspace: 804K(960K)->804K(960K) NonClass: 741K(832K)->741K(832K) Class: 63K(128K)->63K(128K)
[2024-09-08T21:45:26.602+0800][info] GC(123) Pause Young (Mixed) (G1 Humongous Allocation) 102M->11M(128M) 1.771ms
[2024-09-08T21:45:26.602+0800][info] GC(123) User=0.01s Sys=0.00s Real=0.00s
[2024-09-08T21:45:26.654+0800][info] GC(124) Pause Young (Concurrent Start) (G1 Humongous Allocation)
[2024-09-08T21:45:26.654+0800][info] GC(124) Using 3 workers of 48 for evacuation
[2024-09-08T21:45:26.655+0800][info] GC(124)   Pre Evacuate Collection Set: 0.0ms
[2024-09-08T21:45:26.655+0800][info] GC(124)   Merge Heap Roots: 0.0ms
[2024-09-08T21:45:26.655+0800][info] GC(124)   Evacuate Collection Set: 0.2ms
[2024-09-08T21:45:26.655+0800][info] GC(124)   Post Evacuate Collection Set: 0.2ms
[2024-09-08T21:45:26.655+0800][info] GC(124)   Other: 0.3ms
[2024-09-08T21:45:26.655+0800][info] GC(124) Eden regions: 0->0(9)
[2024-09-08T21:45:26.655+0800][info] GC(124) Survivor regions: 0->0(2)
[2024-09-08T21:45:26.655+0800][info] GC(124) Old regions: 2->2
[2024-09-08T21:45:26.655+0800][info] GC(124) Archive regions: 2->2
[2024-09-08T21:45:26.655+0800][info] GC(124) Humongous regions: 24->0
[2024-09-08T21:45:26.655+0800][info] GC(124) Metaspace: 804K(960K)->804K(960K) NonClass: 741K(832K)->741K(832K) Class: 63K(128K)->63K(128K)
[2024-09-08T21:45:26.655+0800][info] GC(124) Pause Young (Concurrent Start) (G1 Humongous Allocation) 107M->11M(128M) 0.943ms
[2024-09-08T21:45:26.655+0800][info] GC(124) User=0.00s Sys=0.00s Real=0.00s
[2024-09-08T21:45:26.655+0800][info] GC(125) Concurrent Undo Cycle
[2024-09-08T21:45:26.655+0800][info] GC(125) Concurrent Cleanup for Next Mark
[2024-09-08T21:45:26.655+0800][info] GC(125) Concurrent Cleanup for Next Mark 0.311ms
[2024-09-08T21:45:26.655+0800][info] GC(125) Concurrent Undo Cycle 0.378ms
[2024-09-08T21:45:26.688+0800][info] GC(126) Pause Young (Concurrent Start) (G1 Humongous Allocation)
[2024-09-08T21:45:26.688+0800][info] GC(126) Using 3 workers of 48 for evacuation
[2024-09-08T21:45:26.688+0800][info] GC(126)   Pre Evacuate Collection Set: 0.0ms
[2024-09-08T21:45:26.688+0800][info] GC(126)   Merge Heap Roots: 0.0ms
[2024-09-08T21:45:26.688+0800][info] GC(126)   Evacuate Collection Set: 0.2ms
[2024-09-08T21:45:26.688+0800][info] GC(126)   Post Evacuate Collection Set: 0.2ms
[2024-09-08T21:45:26.688+0800][info] GC(126)   Other: 0.2ms
[2024-09-08T21:45:26.688+0800][info] GC(126) Eden regions: 0->0(9)
[2024-09-08T21:45:26.688+0800][info] GC(126) Survivor regions: 0->0(2)
[2024-09-08T21:45:26.688+0800][info] GC(126) Old regions: 2->2
[2024-09-08T21:45:26.688+0800][info] GC(126) Archive regions: 2->2
[2024-09-08T21:45:26.688+0800][info] GC(126) Humongous regions: 15->0
[2024-09-08T21:45:26.688+0800][info] GC(126) Metaspace: 804K(960K)->804K(960K) NonClass: 741K(832K)->741K(832K) Class: 63K(128K)->63K(128K)
[2024-09-08T21:45:26.688+0800][info] GC(126) Pause Young (Concurrent Start) (G1 Humongous Allocation) 71M->11M(128M) 0.831ms
[2024-09-08T21:45:26.688+0800][info] GC(126) User=0.00s Sys=0.00s Real=0.00s
[2024-09-08T21:45:26.688+0800][info] GC(127) Concurrent Undo Cycle
[2024-09-08T21:45:26.688+0800][info] GC(127) Concurrent Cleanup for Next Mark
[2024-09-08T21:45:26.689+0800][info] GC(127) Concurrent Cleanup for Next Mark 0.200ms
[2024-09-08T21:45:26.689+0800][info] GC(127) Concurrent Undo Cycle 0.263ms
[2024-09-08T21:45:26.721+0800][info] GC(128) Pause Young (Concurrent Start) (G1 Humongous Allocation)
[2024-09-08T21:45:26.721+0800][info] GC(128) Using 3 workers of 48 for evacuation
[2024-09-08T21:45:26.721+0800][info] GC(128)   Pre Evacuate Collection Set: 0.0ms
[2024-09-08T21:45:26.721+0800][info] GC(128)   Merge Heap Roots: 0.0ms
[2024-09-08T21:45:26.721+0800][info] GC(128)   Evacuate Collection Set: 0.2ms
[2024-09-08T21:45:26.721+0800][info] GC(128)   Post Evacuate Collection Set: 0.1ms
[2024-09-08T21:45:26.721+0800][info] GC(128)   Other: 0.3ms
[2024-09-08T21:45:26.721+0800][info] GC(128) Eden regions: 0->0(9)
[2024-09-08T21:45:26.722+0800][info] GC(128) Survivor regions: 0->0(2)
[2024-09-08T21:45:26.722+0800][info] GC(128) Old regions: 2->2
[2024-09-08T21:45:26.722+0800][info] GC(128) Archive regions: 2->2
[2024-09-08T21:45:26.722+0800][info] GC(128) Humongous regions: 15->0
[2024-09-08T21:45:26.722+0800][info] GC(128) Metaspace: 804K(960K)->804K(960K) NonClass: 741K(832K)->741K(832K) Class: 63K(128K)->63K(128K)
[2024-09-08T21:45:26.722+0800][info] GC(128) Pause Young (Concurrent Start) (G1 Humongous Allocation) 71M->11M(128M) 0.742ms
[2024-09-08T21:45:26.722+0800][info] GC(128) User=0.00s Sys=0.00s Real=0.00s
[2024-09-08T21:45:26.722+0800][info] GC(129) Concurrent Undo Cycle
[2024-09-08T21:45:26.722+0800][info] GC(129) Concurrent Cleanup for Next Mark
[2024-09-08T21:45:26.722+0800][info] GC(129) Concurrent Cleanup for Next Mark 0.194ms
[2024-09-08T21:45:26.722+0800][info] GC(129) Concurrent Undo Cycle 0.273ms
[2024-09-08T21:45:26.754+0800][info] GC(130) Pause Young (Concurrent Start) (G1 Humongous Allocation)
[2024-09-08T21:45:26.754+0800][info] GC(130) Using 3 workers of 48 for evacuation
[2024-09-08T21:45:26.755+0800][info] GC(130)   Pre Evacuate Collection Set: 0.0ms
[2024-09-08T21:45:26.755+0800][info] GC(130)   Merge Heap Roots: 0.0ms
[2024-09-08T21:45:26.755+0800][info] GC(130)   Evacuate Collection Set: 0.2ms
[2024-09-08T21:45:26.755+0800][info] GC(130)   Post Evacuate Collection Set: 0.1ms
[2024-09-08T21:45:26.755+0800][info] GC(130)   Other: 0.2ms
[2024-09-08T21:45:26.755+0800][info] GC(130) Eden regions: 0->0(9)
[2024-09-08T21:45:26.755+0800][info] GC(130) Survivor regions: 0->0(2)
[2024-09-08T21:45:26.755+0800][info] GC(130) Old regions: 2->2
[2024-09-08T21:45:26.755+0800][info] GC(130) Archive regions: 2->2
[2024-09-08T21:45:26.755+0800][info] GC(130) Humongous regions: 15->0
[2024-09-08T21:45:26.755+0800][info] GC(130) Metaspace: 804K(960K)->804K(960K) NonClass: 741K(832K)->741K(832K) Class: 63K(128K)->63K(128K)
[2024-09-08T21:45:26.755+0800][info] GC(130) Pause Young (Concurrent Start) (G1 Humongous Allocation) 71M->11M(128M) 0.768ms
[2024-09-08T21:45:26.755+0800][info] GC(130) User=0.00s Sys=0.00s Real=0.00s
[2024-09-08T21:45:26.755+0800][info] GC(131) Concurrent Undo Cycle
[2024-09-08T21:45:26.755+0800][info] GC(131) Concurrent Cleanup for Next Mark
[2024-09-08T21:45:26.755+0800][info] GC(131) Concurrent Cleanup for Next Mark 0.206ms
[2024-09-08T21:45:26.755+0800][info] GC(131) Concurrent Undo Cycle 0.269ms
[2024-09-08T21:45:26.787+0800][info] GC(132) Pause Young (Concurrent Start) (G1 Humongous Allocation)
[2024-09-08T21:45:26.787+0800][info] GC(132) Using 3 workers of 48 for evacuation
[2024-09-08T21:45:26.788+0800][info] GC(132)   Pre Evacuate Collection Set: 0.0ms
[2024-09-08T21:45:26.788+0800][info] GC(132)   Merge Heap Roots: 0.0ms
[2024-09-08T21:45:26.788+0800][info] GC(132)   Evacuate Collection Set: 0.1ms
[2024-09-08T21:45:26.788+0800][info] GC(132)   Post Evacuate Collection Set: 0.1ms
[2024-09-08T21:45:26.788+0800][info] GC(132)   Other: 0.2ms
[2024-09-08T21:45:26.788+0800][info] GC(132) Eden regions: 0->0(9)
[2024-09-08T21:45:26.788+0800][info] GC(132) Survivor regions: 0->0(2)
[2024-09-08T21:45:26.788+0800][info] GC(132) Old regions: 2->2
[2024-09-08T21:45:26.788+0800][info] GC(132) Archive regions: 2->2
[2024-09-08T21:45:26.788+0800][info] GC(132) Humongous regions: 15->0
[2024-09-08T21:45:26.788+0800][info] GC(132) Metaspace: 804K(960K)->804K(960K) NonClass: 741K(832K)->741K(832K) Class: 63K(128K)->63K(128K)
[2024-09-08T21:45:26.788+0800][info] GC(132) Pause Young (Concurrent Start) (G1 Humongous Allocation) 71M->11M(128M) 0.672ms
[2024-09-08T21:45:26.788+0800][info] GC(132) User=0.00s Sys=0.00s Real=0.00s
[2024-09-08T21:45:26.788+0800][info] GC(133) Concurrent Undo Cycle
[2024-09-08T21:45:26.788+0800][info] GC(133) Concurrent Cleanup for Next Mark
[2024-09-08T21:45:26.788+0800][info] GC(133) Concurrent Cleanup for Next Mark 0.216ms
[2024-09-08T21:45:26.788+0800][info] GC(133) Concurrent Undo Cycle 0.272ms
[2024-09-08T21:45:26.820+0800][info] GC(134) Pause Young (Concurrent Start) (G1 Humongous Allocation)
[2024-09-08T21:45:26.820+0800][info] GC(134) Using 3 workers of 48 for evacuation
[2024-09-08T21:45:26.821+0800][info] GC(134)   Pre Evacuate Collection Set: 0.0ms
[2024-09-08T21:45:26.821+0800][info] GC(134)   Merge Heap Roots: 0.0ms
[2024-09-08T21:45:26.821+0800][info] GC(134)   Evacuate Collection Set: 0.3ms
[2024-09-08T21:45:26.821+0800][info] GC(134)   Post Evacuate Collection Set: 0.1ms
[2024-09-08T21:45:26.821+0800][info] GC(134)   Other: 0.2ms
[2024-09-08T21:45:26.821+0800][info] GC(134) Eden regions: 0->0(9)
[2024-09-08T21:45:26.821+0800][info] GC(134) Survivor regions: 0->0(2)
[2024-09-08T21:45:26.821+0800][info] GC(134) Old regions: 2->2
[2024-09-08T21:45:26.821+0800][info] GC(134) Archive regions: 2->2
[2024-09-08T21:45:26.821+0800][info] GC(134) Humongous regions: 15->0
[2024-09-08T21:45:26.821+0800][info] GC(134) Metaspace: 804K(960K)->804K(960K) NonClass: 741K(832K)->741K(832K) Class: 63K(128K)->63K(128K)
[2024-09-08T21:45:26.821+0800][info] GC(134) Pause Young (Concurrent Start) (G1 Humongous Allocation) 71M->11M(128M) 0.863ms
[2024-09-08T21:45:26.821+0800][info] GC(134) User=0.00s Sys=0.00s Real=0.00s
[2024-09-08T21:45:26.821+0800][info] GC(135) Concurrent Undo Cycle
[2024-09-08T21:45:26.821+0800][info] GC(135) Concurrent Cleanup for Next Mark
[2024-09-08T21:45:26.821+0800][info] GC(135) Concurrent Cleanup for Next Mark 0.220ms
[2024-09-08T21:45:26.821+0800][info] GC(135) Concurrent Undo Cycle 0.278ms
[2024-09-08T21:45:26.858+0800][info] GC(136) Pause Young (Normal) (G1 Preventive Collection)
[2024-09-08T21:45:26.858+0800][info] GC(136) Using 3 workers of 48 for evacuation
[2024-09-08T21:45:26.861+0800][info] GC(136)   Pre Evacuate Collection Set: 0.0ms
[2024-09-08T21:45:26.862+0800][info] GC(136)   Merge Heap Roots: 0.0ms
[2024-09-08T21:45:26.862+0800][info] GC(136)   Evacuate Collection Set: 3.0ms
[2024-09-08T21:45:26.862+0800][info] GC(136)   Post Evacuate Collection Set: 0.1ms
[2024-09-08T21:45:26.862+0800][info] GC(136)   Other: 0.1ms
[2024-09-08T21:45:26.862+0800][info] GC(136) Eden regions: 9->0(5)
[2024-09-08T21:45:26.862+0800][info] GC(136) Survivor regions: 0->2(2)
[2024-09-08T21:45:26.862+0800][info] GC(136) Old regions: 2->9
[2024-09-08T21:45:26.862+0800][info] GC(136) Archive regions: 2->2
[2024-09-08T21:45:26.862+0800][info] GC(136) Humongous regions: 9->0
[2024-09-08T21:45:26.862+0800][info] GC(136) Metaspace: 804K(960K)->804K(960K) NonClass: 741K(832K)->741K(832K) Class: 63K(128K)->63K(128K)
[2024-09-08T21:45:26.862+0800][info] GC(136) Pause Young (Normal) (G1 Preventive Collection) 83M->47M(128M) 3.502ms
[2024-09-08T21:45:26.862+0800][info] GC(136) User=0.01s Sys=0.00s Real=0.00s
[2024-09-08T21:45:26.866+0800][info] GC(137) Pause Young (Normal) (G1 Evacuation Pause)
[2024-09-08T21:45:26.866+0800][info] GC(137) Using 3 workers of 48 for evacuation
[2024-09-08T21:45:26.868+0800][info] GC(137)   Pre Evacuate Collection Set: 0.0ms
[2024-09-08T21:45:26.868+0800][info] GC(137)   Merge Heap Roots: 0.0ms
[2024-09-08T21:45:26.869+0800][info] GC(137)   Evacuate Collection Set: 2.3ms
[2024-09-08T21:45:26.869+0800][info] GC(137)   Post Evacuate Collection Set: 0.1ms
[2024-09-08T21:45:26.869+0800][info] GC(137)   Other: 0.1ms
[2024-09-08T21:45:26.869+0800][info] GC(137) Eden regions: 5->0(3)
[2024-09-08T21:45:26.869+0800][info] GC(137) Survivor regions: 2->1(1)
[2024-09-08T21:45:26.869+0800][info] GC(137) Old regions: 9->15
[2024-09-08T21:45:26.869+0800][info] GC(137) Archive regions: 2->2
[2024-09-08T21:45:26.869+0800][info] GC(137) Humongous regions: 0->0
[2024-09-08T21:45:26.869+0800][info] GC(137) Metaspace: 804K(960K)->804K(960K) NonClass: 741K(832K)->741K(832K) Class: 63K(128K)->63K(128K)
[2024-09-08T21:45:26.869+0800][info] GC(137) Pause Young (Normal) (G1 Evacuation Pause) 67M->67M(128M) 2.710ms
[2024-09-08T21:45:26.869+0800][info] GC(137) User=0.01s Sys=0.00s Real=0.00s
[2024-09-08T21:45:26.871+0800][info] GC(138) Pause Young (Normal) (G1 Evacuation Pause)
[2024-09-08T21:45:26.871+0800][info] GC(138) Using 3 workers of 48 for evacuation
[2024-09-08T21:45:26.872+0800][info] GC(138)   Pre Evacuate Collection Set: 0.0ms
[2024-09-08T21:45:26.872+0800][info] GC(138)   Merge Heap Roots: 0.0ms
[2024-09-08T21:45:26.872+0800][info] GC(138)   Evacuate Collection Set: 1.3ms
[2024-09-08T21:45:26.872+0800][info] GC(138)   Post Evacuate Collection Set: 0.1ms
[2024-09-08T21:45:26.872+0800][info] GC(138)   Other: 0.1ms
[2024-09-08T21:45:26.872+0800][info] GC(138) Eden regions: 3->0(2)
[2024-09-08T21:45:26.872+0800][info] GC(138) Survivor regions: 1->1(1)
[2024-09-08T21:45:26.872+0800][info] GC(138) Old regions: 15->18
[2024-09-08T21:45:26.872+0800][info] GC(138) Archive regions: 2->2
[2024-09-08T21:45:26.872+0800][info] GC(138) Humongous regions: 0->0
[2024-09-08T21:45:26.872+0800][info] GC(138) Metaspace: 804K(960K)->804K(960K) NonClass: 741K(832K)->741K(832K) Class: 63K(128K)->63K(128K)
[2024-09-08T21:45:26.873+0800][info] GC(138) Pause Young (Normal) (G1 Evacuation Pause) 79M->79M(128M) 1.694ms
[2024-09-08T21:45:26.873+0800][info] GC(138) User=0.00s Sys=0.00s Real=0.00s
[2024-09-08T21:45:26.874+0800][info] GC(139) Pause Young (Normal) (G1 Evacuation Pause)
[2024-09-08T21:45:26.874+0800][info] GC(139) Using 3 workers of 48 for evacuation
[2024-09-08T21:45:26.875+0800][info] GC(139)   Pre Evacuate Collection Set: 0.0ms
[2024-09-08T21:45:26.875+0800][info] GC(139)   Merge Heap Roots: 0.0ms
[2024-09-08T21:45:26.875+0800][info] GC(139)   Evacuate Collection Set: 0.9ms
[2024-09-08T21:45:26.875+0800][info] GC(139)   Post Evacuate Collection Set: 0.1ms
[2024-09-08T21:45:26.875+0800][info] GC(139)   Other: 0.1ms
[2024-09-08T21:45:26.875+0800][info] GC(139) Eden regions: 2->0(2)
[2024-09-08T21:45:26.875+0800][info] GC(139) Survivor regions: 1->1(1)
[2024-09-08T21:45:26.875+0800][info] GC(139) Old regions: 18->20
[2024-09-08T21:45:26.875+0800][info] GC(139) Archive regions: 2->2
[2024-09-08T21:45:26.875+0800][info] GC(139) Humongous regions: 0->0
[2024-09-08T21:45:26.875+0800][info] GC(139) Metaspace: 804K(960K)->804K(960K) NonClass: 741K(832K)->741K(832K) Class: 63K(128K)->63K(128K)
[2024-09-08T21:45:26.875+0800][info] GC(139) Pause Young (Normal) (G1 Evacuation Pause) 86M->87M(128M) 1.243ms
[2024-09-08T21:45:26.875+0800][info] GC(139) User=0.01s Sys=0.00s Real=0.00s
[2024-09-08T21:45:26.876+0800][info] GC(140) Pause Young (Normal) (G1 Evacuation Pause)
[2024-09-08T21:45:26.876+0800][info] GC(140) Using 3 workers of 48 for evacuation
[2024-09-08T21:45:26.877+0800][info] GC(140)   Pre Evacuate Collection Set: 0.0ms
[2024-09-08T21:45:26.877+0800][info] GC(140)   Merge Heap Roots: 0.0ms
[2024-09-08T21:45:26.877+0800][info] GC(140)   Evacuate Collection Set: 0.9ms
[2024-09-08T21:45:26.877+0800][info] GC(140)   Post Evacuate Collection Set: 0.1ms
[2024-09-08T21:45:26.877+0800][info] GC(140)   Other: 0.1ms
[2024-09-08T21:45:26.877+0800][info] GC(140) Eden regions: 2->0(2)
[2024-09-08T21:45:26.877+0800][info] GC(140) Survivor regions: 1->1(1)
[2024-09-08T21:45:26.877+0800][info] GC(140) Old regions: 20->22
[2024-09-08T21:45:26.877+0800][info] GC(140) Archive regions: 2->2
[2024-09-08T21:45:26.877+0800][info] GC(140) Humongous regions: 0->0
[2024-09-08T21:45:26.877+0800][info] GC(140) Metaspace: 804K(960K)->804K(960K) NonClass: 741K(832K)->741K(832K) Class: 63K(128K)->63K(128K)
[2024-09-08T21:45:26.877+0800][info] GC(140) Pause Young (Normal) (G1 Evacuation Pause) 95M->95M(128M) 1.366ms
[2024-09-08T21:45:26.878+0800][info] GC(140) User=0.00s Sys=0.00s Real=0.01s
[2024-09-08T21:45:26.879+0800][info] GC(141) Pause Young (Normal) (G1 Preventive Collection)
[2024-09-08T21:45:26.879+0800][info] GC(141) Using 3 workers of 48 for evacuation
[2024-09-08T21:45:26.880+0800][info] GC(141)   Pre Evacuate Collection Set: 0.0ms
[2024-09-08T21:45:26.880+0800][info] GC(141)   Merge Heap Roots: 0.0ms
[2024-09-08T21:45:26.880+0800][info] GC(141)   Evacuate Collection Set: 0.8ms
[2024-09-08T21:45:26.880+0800][info] GC(141)   Post Evacuate Collection Set: 0.1ms
[2024-09-08T21:45:26.880+0800][info] GC(141)   Other: 0.1ms
[2024-09-08T21:45:26.880+0800][info] GC(141) Eden regions: 2->0(2)
[2024-09-08T21:45:26.880+0800][info] GC(141) Survivor regions: 1->1(1)
[2024-09-08T21:45:26.880+0800][info] GC(141) Old regions: 22->24
[2024-09-08T21:45:26.880+0800][info] GC(141) Archive regions: 2->2
[2024-09-08T21:45:26.880+0800][info] GC(141) Humongous regions: 0->0
[2024-09-08T21:45:26.880+0800][info] GC(141) Metaspace: 804K(960K)->804K(960K) NonClass: 741K(832K)->741K(832K) Class: 63K(128K)->63K(128K)
[2024-09-08T21:45:26.880+0800][info] GC(141) Pause Young (Normal) (G1 Preventive Collection) 103M->103M(128M) 1.188ms
[2024-09-08T21:45:26.880+0800][info] GC(141) User=0.00s Sys=0.00s Real=0.00s
[2024-09-08T21:45:26.880+0800][info] GC(142) Pause Young (Concurrent Start) (G1 Preventive Collection)
[2024-09-08T21:45:26.881+0800][info] GC(142) Using 3 workers of 48 for evacuation
[2024-09-08T21:45:26.881+0800][info] GC(142)   Pre Evacuate Collection Set: 0.0ms
[2024-09-08T21:45:26.881+0800][info] GC(142)   Merge Heap Roots: 0.0ms
[2024-09-08T21:45:26.881+0800][info] GC(142)   Evacuate Collection Set: 0.6ms
[2024-09-08T21:45:26.881+0800][info] GC(142)   Post Evacuate Collection Set: 0.1ms
[2024-09-08T21:45:26.882+0800][info] GC(142)   Other: 0.2ms
[2024-09-08T21:45:26.882+0800][info] GC(142) Eden regions: 1->0(2)
[2024-09-08T21:45:26.882+0800][info] GC(142) Survivor regions: 1->1(1)
[2024-09-08T21:45:26.882+0800][info] GC(142) Old regions: 24->25
[2024-09-08T21:45:26.882+0800][info] GC(142) Archive regions: 2->2
[2024-09-08T21:45:26.882+0800][info] GC(142) Humongous regions: 0->0
[2024-09-08T21:45:26.882+0800][info] GC(142) Metaspace: 804K(960K)->804K(960K) NonClass: 741K(832K)->741K(832K) Class: 63K(128K)->63K(128K)
[2024-09-08T21:45:26.882+0800][info] GC(142) Pause Young (Concurrent Start) (G1 Preventive Collection) 107M->107M(128M) 1.126ms
[2024-09-08T21:45:26.882+0800][info] GC(142) User=0.00s Sys=0.00s Real=0.00s
[2024-09-08T21:45:26.882+0800][info] GC(143) Concurrent Mark Cycle
[2024-09-08T21:45:26.882+0800][info] GC(143) Concurrent Clear Claimed Marks
[2024-09-08T21:45:26.882+0800][info] GC(143) Concurrent Clear Claimed Marks 0.016ms
[2024-09-08T21:45:26.882+0800][info] GC(143) Concurrent Scan Root Regions
[2024-09-08T21:45:26.882+0800][info] GC(143) Concurrent Scan Root Regions 0.055ms
[2024-09-08T21:45:26.882+0800][info] GC(143) Concurrent Mark
[2024-09-08T21:45:26.882+0800][info] GC(143) Concurrent Mark From Roots
[2024-09-08T21:45:26.882+0800][info] GC(143) Using 12 workers of 12 for marking
[2024-09-08T21:45:26.884+0800][info] GC(143) Concurrent Mark From Roots 1.698ms
[2024-09-08T21:45:26.884+0800][info] GC(143) Concurrent Preclean
[2024-09-08T21:45:26.886+0800][info] GC(143) Concurrent Preclean 2.096ms
[2024-09-08T21:45:26.886+0800][info] GC(143) Pause Remark
[2024-09-08T21:45:26.886+0800][info] GC(143) Pause Remark 107M->103M(128M) 0.729ms
[2024-09-08T21:45:26.886+0800][info] GC(143) User=0.00s Sys=0.00s Real=0.00s
[2024-09-08T21:45:26.886+0800][info] GC(143) Concurrent Mark 4.691ms
[2024-09-08T21:45:26.887+0800][info] GC(143) Concurrent Rebuild Remembered Sets
[2024-09-08T21:45:26.892+0800][info] GC(143) Concurrent Rebuild Remembered Sets 5.344ms
[2024-09-08T21:45:26.892+0800][info] GC(143) Pause Cleanup
[2024-09-08T21:45:26.892+0800][info] GC(143) Pause Cleanup 103M->103M(128M) 0.199ms
[2024-09-08T21:45:26.892+0800][info] GC(143) User=0.00s Sys=0.00s Real=0.00s
[2024-09-08T21:45:26.892+0800][info] GC(143) Concurrent Cleanup for Next Mark
[2024-09-08T21:45:26.892+0800][info] GC(143) Concurrent Cleanup for Next Mark 0.209ms
[2024-09-08T21:45:26.892+0800][info] GC(143) Concurrent Mark Cycle 10.749ms
[2024-09-08T21:45:27.884+0800][info] GC(144) Pause Young (Prepare Mixed) (G1 Preventive Collection)
[2024-09-08T21:45:27.884+0800][info] GC(144) Using 3 workers of 48 for evacuation
[2024-09-08T21:45:27.885+0800][info] GC(144)   Pre Evacuate Collection Set: 0.0ms
[2024-09-08T21:45:27.885+0800][info] GC(144)   Merge Heap Roots: 0.0ms
[2024-09-08T21:45:27.885+0800][info] GC(144)   Evacuate Collection Set: 0.7ms
[2024-09-08T21:45:27.885+0800][info] GC(144)   Post Evacuate Collection Set: 0.1ms
[2024-09-08T21:45:27.885+0800][info] GC(144)   Other: 0.1ms
[2024-09-08T21:45:27.885+0800][info] GC(144) Eden regions: 1->0(2)
[2024-09-08T21:45:27.885+0800][info] GC(144) Survivor regions: 1->1(1)
[2024-09-08T21:45:27.885+0800][info] GC(144) Old regions: 24->25
[2024-09-08T21:45:27.885+0800][info] GC(144) Archive regions: 2->2
[2024-09-08T21:45:27.885+0800][info] GC(144) Humongous regions: 0->0
[2024-09-08T21:45:27.885+0800][info] GC(144) Metaspace: 809K(960K)->809K(960K) NonClass: 745K(832K)->745K(832K) Class: 63K(128K)->63K(128K)
[2024-09-08T21:45:27.885+0800][info] GC(144) Pause Young (Prepare Mixed) (G1 Preventive Collection) 107M->107M(128M) 1.068ms
[2024-09-08T21:45:27.885+0800][info] GC(144) User=0.01s Sys=0.00s Real=0.01s
[2024-09-08T21:45:27.896+0800][info] GC(145) Pause Young (Concurrent Start) (WhiteBox Initiated Concurrent Mark)
[2024-09-08T21:45:27.896+0800][info] GC(145) Using 3 workers of 48 for evacuation
[2024-09-08T21:45:27.897+0800][info] GC(145)   Pre Evacuate Collection Set: 0.0ms
[2024-09-08T21:45:27.897+0800][info] GC(145)   Merge Heap Roots: 0.0ms
[2024-09-08T21:45:27.897+0800][info] GC(145)   Evacuate Collection Set: 0.4ms
[2024-09-08T21:45:27.897+0800][info] GC(145)   Post Evacuate Collection Set: 0.1ms
[2024-09-08T21:45:27.897+0800][info] GC(145)   Other: 0.1ms
[2024-09-08T21:45:27.897+0800][info] GC(145) Eden regions: 1->0(1)
[2024-09-08T21:45:27.897+0800][info] GC(145) Survivor regions: 1->1(1)
[2024-09-08T21:45:27.897+0800][info] GC(145) Old regions: 25->26
[2024-09-08T21:45:27.897+0800][info] GC(145) Archive regions: 2->2
[2024-09-08T21:45:27.897+0800][info] GC(145) Humongous regions: 0->0
[2024-09-08T21:45:27.897+0800][info] GC(145) Metaspace: 811K(960K)->811K(960K) NonClass: 747K(832K)->747K(832K) Class: 63K(128K)->63K(128K)
[2024-09-08T21:45:27.897+0800][info] GC(145) Pause Young (Concurrent Start) (WhiteBox Initiated Concurrent Mark) 108M->108M(128M) 0.768ms
[2024-09-08T21:45:27.897+0800][info] GC(145) User=0.00s Sys=0.00s Real=0.01s
[2024-09-08T21:45:27.897+0800][info] GC(146) Concurrent Mark Cycle
[2024-09-08T21:45:27.897+0800][info] GC(146) Concurrent Clear Claimed Marks
[2024-09-08T21:45:27.897+0800][info] GC(146) Concurrent Clear Claimed Marks 0.010ms
[2024-09-08T21:45:27.897+0800][info] GC(146) Concurrent Scan Root Regions
[2024-09-08T21:45:27.897+0800][info] GC(146) Concurrent Scan Root Regions 0.045ms
[2024-09-08T21:45:27.897+0800][info] GC(146) Concurrent Mark
[2024-09-08T21:45:27.897+0800][info] GC(146) Concurrent Mark From Roots
[2024-09-08T21:45:27.897+0800][info] GC(146) Using 12 workers of 12 for marking
[2024-09-08T21:45:27.899+0800][info] GC(146) Concurrent Mark From Roots 1.681ms
[2024-09-08T21:45:27.899+0800][info] GC(146) Concurrent Preclean
[2024-09-08T21:45:27.900+0800][info] GC(146) Concurrent Preclean 0.893ms
[2024-09-08T21:45:27.900+0800][info] GC(146) Pause Remark
[2024-09-08T21:45:27.900+0800][info] GC(146) Pause Remark 108M->16M(128M) 0.923ms
[2024-09-08T21:45:27.901+0800][info] GC(146) User=0.00s Sys=0.00s Real=0.00s
[2024-09-08T21:45:27.901+0800][info] GC(146) Concurrent Mark 3.571ms
[2024-09-08T21:45:27.901+0800][info] GC(146) Concurrent Rebuild Remembered Sets
[2024-09-08T21:45:27.902+0800][info] GC(146) Concurrent Rebuild Remembered Sets 1.182ms
[2024-09-08T21:45:27.902+0800][info] GC(146) Pause Cleanup
[2024-09-08T21:45:27.902+0800][info] GC(146) Pause Cleanup 16M->16M(128M) 0.059ms
[2024-09-08T21:45:27.902+0800][info] GC(146) User=0.00s Sys=0.00s Real=0.00s
[2024-09-08T21:45:27.902+0800][info] GC(146) Concurrent Cleanup for Next Mark
[2024-09-08T21:45:27.902+0800][info] GC(146) Concurrent Cleanup for Next Mark 0.178ms
[2024-09-08T21:45:27.902+0800][info] GC(146) Concurrent Mark Cycle 5.167ms
[2024-09-08T21:45:28.899+0800][info] GC(147) Pause Young (Concurrent Start) (WhiteBox Initiated Concurrent Mark)
[2024-09-08T21:45:28.899+0800][info] GC(147) Using 3 workers of 48 for evacuation
[2024-09-08T21:45:28.900+0800][info] GC(147)   Pre Evacuate Collection Set: 0.0ms
[2024-09-08T21:45:28.900+0800][info] GC(147)   Merge Heap Roots: 0.0ms
[2024-09-08T21:45:28.900+0800][info] GC(147)   Evacuate Collection Set: 0.5ms
[2024-09-08T21:45:28.900+0800][info] GC(147)   Post Evacuate Collection Set: 0.3ms
[2024-09-08T21:45:28.900+0800][info] GC(147)   Other: 0.2ms
[2024-09-08T21:45:28.900+0800][info] GC(147) Eden regions: 1->0(9)
[2024-09-08T21:45:28.900+0800][info] GC(147) Survivor regions: 1->1(1)
[2024-09-08T21:45:28.900+0800][info] GC(147) Old regions: 3->3
[2024-09-08T21:45:28.900+0800][info] GC(147) Archive regions: 2->2
[2024-09-08T21:45:28.900+0800][info] GC(147) Humongous regions: 0->0
[2024-09-08T21:45:28.900+0800][info] GC(147) Metaspace: 811K(960K)->811K(960K) NonClass: 748K(832K)->748K(832K) Class: 63K(128K)->63K(128K)
[2024-09-08T21:45:28.900+0800][info] GC(147) Pause Young (Concurrent Start) (WhiteBox Initiated Concurrent Mark) 16M->15M(128M) 1.128ms
[2024-09-08T21:45:28.900+0800][info] GC(147) User=0.00s Sys=0.00s Real=0.00s
[2024-09-08T21:45:28.900+0800][info] GC(148) Concurrent Mark Cycle
[2024-09-08T21:45:28.900+0800][info] GC(148) Concurrent Clear Claimed Marks
[2024-09-08T21:45:28.900+0800][info] GC(148) Concurrent Clear Claimed Marks 0.034ms
[2024-09-08T21:45:28.900+0800][info] GC(148) Concurrent Scan Root Regions
[2024-09-08T21:45:28.900+0800][info] GC(148) Concurrent Scan Root Regions 0.064ms
[2024-09-08T21:45:28.900+0800][info] GC(148) Concurrent Mark
[2024-09-08T21:45:28.900+0800][info] GC(148) Concurrent Mark From Roots
[2024-09-08T21:45:28.900+0800][info] GC(148) Using 12 workers of 12 for marking
[2024-09-08T21:45:28.902+0800][info] GC(148) Concurrent Mark From Roots 1.813ms
[2024-09-08T21:45:28.902+0800][info] GC(148) Concurrent Preclean
[2024-09-08T21:45:28.904+0800][info] GC(148) Concurrent Preclean 1.711ms
[2024-09-08T21:45:28.904+0800][info] GC(148) Pause Remark
[2024-09-08T21:45:28.904+0800][info] GC(148) Pause Remark 15M->8M(128M) 0.669ms
[2024-09-08T21:45:28.904+0800][info] GC(148) User=0.00s Sys=0.00s Real=0.00s
[2024-09-08T21:45:28.904+0800][info] GC(148) Concurrent Mark 4.299ms
[2024-09-08T21:45:28.904+0800][info] GC(148) Concurrent Rebuild Remembered Sets
[2024-09-08T21:45:28.905+0800][info] GC(148) Concurrent Rebuild Remembered Sets 0.944ms
[2024-09-08T21:45:28.905+0800][info] GC(148) Pause Cleanup
[2024-09-08T21:45:28.905+0800][info] GC(148) Pause Cleanup 8M->8M(128M) 0.047ms
[2024-09-08T21:45:28.905+0800][info] GC(148) User=0.00s Sys=0.00s Real=0.00s
[2024-09-08T21:45:28.905+0800][info] GC(148) Concurrent Cleanup for Next Mark
[2024-09-08T21:45:28.906+0800][info] GC(148) Concurrent Cleanup for Next Mark 0.186ms
[2024-09-08T21:45:28.906+0800][info] GC(148) Concurrent Mark Cycle 5.772ms
[2024-09-08T21:45:29.901+0800][info] Heap
[2024-09-08T21:45:29.901+0800][info]  garbage-first heap   total 131072K, used 9037K [0x00000000f8000000, 0x0000000100000000)
[2024-09-08T21:45:29.901+0800][info]   region size 4096K, 2 young (8192K), 1 survivors (4096K)
[2024-09-08T21:45:29.901+0800][info]  Metaspace       used 819K, committed 960K, reserved 1114112K
[2024-09-08T21:45:29.901+0800][info]   class space    used 63K, committed 128K, reserved 1048576K
