[2024-09-08T21:43:52.818+0800][info] Using G1
[2024-09-08T21:43:52.820+0800][info] Version: 17.0.11-internal+0-adhoc.cxl.TencentKona-17-TencentKona-17.0.11 (release)
[2024-09-08T21:43:52.820+0800][info] CPUs: 72 total, 72 available
[2024-09-08T21:43:52.820+0800][info] Memory: 125G
[2024-09-08T21:43:52.820+0800][info] Large Page Support: Disabled
[2024-09-08T21:43:52.820+0800][info] NUMA Support: Disabled
[2024-09-08T21:43:52.820+0800][info] Compressed Oops: Enabled (32-bit)
[2024-09-08T21:43:52.820+0800][info] Heap Region Size: 4M
[2024-09-08T21:43:52.820+0800][info] Heap Min Capacity: 128M
[2024-09-08T21:43:52.820+0800][info] Heap Initial Capacity: 128M
[2024-09-08T21:43:52.820+0800][info] Heap Max Capacity: 128M
[2024-09-08T21:43:52.820+0800][info] Pre-touch: Disabled
[2024-09-08T21:43:52.820+0800][info] Parallel Workers: 48
[2024-09-08T21:43:52.820+0800][info] Concurrent Workers: 12
[2024-09-08T21:43:52.820+0800][info] Concurrent Refinement Workers: 48
[2024-09-08T21:43:52.820+0800][info] Periodic GC: Disabled
[2024-09-08T21:43:52.830+0800][info] CDS archive(s) mapped at: [0x00007a7517000000-0x00007a7517bc7000-0x00007a7517bc7000), size 12349440, SharedBaseAddress: 0x00007a7517000000, ArchiveRelocationMode: 1.
[2024-09-08T21:43:52.830+0800][info] Compressed class space mapped at: 0x00007a7518000000-0x00007a7558000000, reserved size: 1073741824
[2024-09-08T21:43:52.830+0800][info] Narrow klass base: 0x00007a7517000000, Narrow klass shift: 0, Narrow klass range: 0x100000000
[2024-09-08T21:43:52.892+0800][info] GC(0) Pause Young (Normal) (G1 Evacuation Pause)
[2024-09-08T21:43:52.893+0800][info] GC(0) Using 3 workers of 48 for evacuation
[2024-09-08T21:43:52.895+0800][info] GC(0)   Pre Evacuate Collection Set: 0.0ms
[2024-09-08T21:43:52.895+0800][info] GC(0)   Merge Heap Roots: 0.0ms
[2024-09-08T21:43:52.895+0800][info] GC(0)   Evacuate Collection Set: 1.7ms
[2024-09-08T21:43:52.895+0800][info] GC(0)   Post Evacuate Collection Set: 0.3ms
[2024-09-08T21:43:52.895+0800][info] GC(0)   Other: 0.4ms
[2024-09-08T21:43:52.895+0800][info] GC(0) Eden regions: 1->0(1)
[2024-09-08T21:43:52.895+0800][info] GC(0) Survivor regions: 0->1(1)
[2024-09-08T21:43:52.895+0800][info] GC(0) Old regions: 0->0
[2024-09-08T21:43:52.895+0800][info] GC(0) Archive regions: 2->2
[2024-09-08T21:43:52.895+0800][info] GC(0) Humongous regions: 0->0
[2024-09-08T21:43:52.895+0800][info] GC(0) Metaspace: 596K(704K)->596K(704K) NonClass: 543K(576K)->543K(576K) Class: 53K(128K)->53K(128K)
[2024-09-08T21:43:52.895+0800][info] GC(0) Pause Young (Normal) (G1 Evacuation Pause) 7M->7M(128M) 2.616ms
[2024-09-08T21:43:52.895+0800][info] GC(0) User=0.00s Sys=0.00s Real=0.00s
[2024-09-08T21:43:52.896+0800][info] GC(1) Pause Young (Normal) (G1 Evacuation Pause)
[2024-09-08T21:43:52.896+0800][info] GC(1) Using 3 workers of 48 for evacuation
[2024-09-08T21:43:52.899+0800][info] GC(1)   Pre Evacuate Collection Set: 0.0ms
[2024-09-08T21:43:52.899+0800][info] GC(1)   Merge Heap Roots: 0.0ms
[2024-09-08T21:43:52.899+0800][info] GC(1)   Evacuate Collection Set: 3.0ms
[2024-09-08T21:43:52.899+0800][info] GC(1)   Post Evacuate Collection Set: 0.1ms
[2024-09-08T21:43:52.899+0800][info] GC(1)   Other: 0.1ms
[2024-09-08T21:43:52.899+0800][info] GC(1) Eden regions: 1->0(1)
[2024-09-08T21:43:52.899+0800][info] GC(1) Survivor regions: 1->1(1)
[2024-09-08T21:43:52.899+0800][info] GC(1) Old regions: 0->1
[2024-09-08T21:43:52.899+0800][info] GC(1) Archive regions: 2->2
[2024-09-08T21:43:52.899+0800][info] GC(1) Humongous regions: 0->0
[2024-09-08T21:43:52.899+0800][info] GC(1) Metaspace: 596K(704K)->596K(704K) NonClass: 543K(576K)->543K(576K) Class: 53K(128K)->53K(128K)
[2024-09-08T21:43:52.899+0800][info] GC(1) Pause Young (Normal) (G1 Evacuation Pause) 11M->10M(128M) 3.279ms
[2024-09-08T21:43:52.899+0800][info] GC(1) User=0.01s Sys=0.00s Real=0.01s
[2024-09-08T21:43:52.900+0800][info] GC(2) Pause Young (Normal) (G1 Evacuation Pause)
[2024-09-08T21:43:52.900+0800][info] GC(2) Using 3 workers of 48 for evacuation
[2024-09-08T21:43:52.902+0800][info] GC(2)   Pre Evacuate Collection Set: 0.0ms
[2024-09-08T21:43:52.902+0800][info] GC(2)   Merge Heap Roots: 0.0ms
[2024-09-08T21:43:52.902+0800][info] GC(2)   Evacuate Collection Set: 1.8ms
[2024-09-08T21:43:52.902+0800][info] GC(2)   Post Evacuate Collection Set: 0.1ms
[2024-09-08T21:43:52.902+0800][info] GC(2)   Other: 0.0ms
[2024-09-08T21:43:52.902+0800][info] GC(2) Eden regions: 1->0(1)
[2024-09-08T21:43:52.902+0800][info] GC(2) Survivor regions: 1->1(1)
[2024-09-08T21:43:52.902+0800][info] GC(2) Old regions: 1->2
[2024-09-08T21:43:52.902+0800][info] GC(2) Archive regions: 2->2
[2024-09-08T21:43:52.902+0800][info] GC(2) Humongous regions: 0->0
[2024-09-08T21:43:52.902+0800][info] GC(2) Metaspace: 596K(704K)->596K(704K) NonClass: 543K(576K)->543K(576K) Class: 53K(128K)->53K(128K)
[2024-09-08T21:43:52.902+0800][info] GC(2) Pause Young (Normal) (G1 Evacuation Pause) 14M->14M(128M) 2.082ms
[2024-09-08T21:43:52.902+0800][info] GC(2) User=0.00s Sys=0.00s Real=0.00s
[2024-09-08T21:43:52.902+0800][info] GC(3) Pause Young (Normal) (G1 Evacuation Pause)
[2024-09-08T21:43:52.902+0800][info] GC(3) Using 3 workers of 48 for evacuation
[2024-09-08T21:43:52.904+0800][info] GC(3)   Pre Evacuate Collection Set: 0.0ms
[2024-09-08T21:43:52.904+0800][info] GC(3)   Merge Heap Roots: 0.0ms
[2024-09-08T21:43:52.904+0800][info] GC(3)   Evacuate Collection Set: 1.8ms
[2024-09-08T21:43:52.904+0800][info] GC(3)   Post Evacuate Collection Set: 0.1ms
[2024-09-08T21:43:52.904+0800][info] GC(3)   Other: 0.0ms
[2024-09-08T21:43:52.904+0800][info] GC(3) Eden regions: 1->0(2)
[2024-09-08T21:43:52.904+0800][info] GC(3) Survivor regions: 1->1(1)
[2024-09-08T21:43:52.904+0800][info] GC(3) Old regions: 2->3
[2024-09-08T21:43:52.904+0800][info] GC(3) Archive regions: 2->2
[2024-09-08T21:43:52.904+0800][info] GC(3) Humongous regions: 0->0
[2024-09-08T21:43:52.904+0800][info] GC(3) Metaspace: 596K(704K)->596K(704K) NonClass: 543K(576K)->543K(576K) Class: 53K(128K)->53K(128K)
[2024-09-08T21:43:52.904+0800][info] GC(3) Pause Young (Normal) (G1 Evacuation Pause) 18M->18M(128M) 1.988ms
[2024-09-08T21:43:52.904+0800][info] GC(3) User=0.01s Sys=0.00s Real=0.00s
[2024-09-08T21:43:52.905+0800][info] GC(4) Pause Young (Normal) (G1 Evacuation Pause)
[2024-09-08T21:43:52.905+0800][info] GC(4) Using 3 workers of 48 for evacuation
[2024-09-08T21:43:52.910+0800][info] GC(4)   Pre Evacuate Collection Set: 0.0ms
[2024-09-08T21:43:52.910+0800][info] GC(4)   Merge Heap Roots: 0.0ms
[2024-09-08T21:43:52.910+0800][info] GC(4)   Evacuate Collection Set: 4.2ms
[2024-09-08T21:43:52.910+0800][info] GC(4)   Post Evacuate Collection Set: 0.1ms
[2024-09-08T21:43:52.910+0800][info] GC(4)   Other: 0.0ms
[2024-09-08T21:43:52.910+0800][info] GC(4) Eden regions: 2->0(2)
[2024-09-08T21:43:52.910+0800][info] GC(4) Survivor regions: 1->1(1)
[2024-09-08T21:43:52.910+0800][info] GC(4) Old regions: 3->5
[2024-09-08T21:43:52.910+0800][info] GC(4) Archive regions: 2->2
[2024-09-08T21:43:52.910+0800][info] GC(4) Humongous regions: 0->0
[2024-09-08T21:43:52.910+0800][info] GC(4) Metaspace: 596K(704K)->596K(704K) NonClass: 543K(576K)->543K(576K) Class: 53K(128K)->53K(128K)
[2024-09-08T21:43:52.910+0800][info] GC(4) Pause Young (Normal) (G1 Evacuation Pause) 26M->27M(128M) 4.427ms
[2024-09-08T21:43:52.910+0800][info] GC(4) User=0.01s Sys=0.01s Real=0.00s
[2024-09-08T21:43:52.911+0800][info] GC(5) Pause Young (Normal) (G1 Evacuation Pause)
[2024-09-08T21:43:52.911+0800][info] GC(5) Using 3 workers of 48 for evacuation
[2024-09-08T21:43:52.914+0800][info] GC(5)   Pre Evacuate Collection Set: 0.0ms
[2024-09-08T21:43:52.914+0800][info] GC(5)   Merge Heap Roots: 0.0ms
[2024-09-08T21:43:52.915+0800][info] GC(5)   Evacuate Collection Set: 3.2ms
[2024-09-08T21:43:52.915+0800][info] GC(5)   Post Evacuate Collection Set: 0.1ms
[2024-09-08T21:43:52.915+0800][info] GC(5)   Other: 0.0ms
[2024-09-08T21:43:52.915+0800][info] GC(5) Eden regions: 2->0(2)
[2024-09-08T21:43:52.915+0800][info] GC(5) Survivor regions: 1->1(1)
[2024-09-08T21:43:52.915+0800][info] GC(5) Old regions: 5->7
[2024-09-08T21:43:52.915+0800][info] GC(5) Archive regions: 2->2
[2024-09-08T21:43:52.915+0800][info] GC(5) Humongous regions: 0->0
[2024-09-08T21:43:52.915+0800][info] GC(5) Metaspace: 596K(704K)->596K(704K) NonClass: 543K(576K)->543K(576K) Class: 53K(128K)->53K(128K)
[2024-09-08T21:43:52.915+0800][info] GC(5) Pause Young (Normal) (G1 Evacuation Pause) 34M->35M(128M) 3.397ms
[2024-09-08T21:43:52.915+0800][info] GC(5) User=0.01s Sys=0.00s Real=0.00s
[2024-09-08T21:43:52.916+0800][info] GC(6) Pause Young (Normal) (G1 Evacuation Pause)
[2024-09-08T21:43:52.916+0800][info] GC(6) Using 3 workers of 48 for evacuation
[2024-09-08T21:43:52.919+0800][info] GC(6)   Pre Evacuate Collection Set: 0.0ms
[2024-09-08T21:43:52.919+0800][info] GC(6)   Merge Heap Roots: 0.0ms
[2024-09-08T21:43:52.919+0800][info] GC(6)   Evacuate Collection Set: 3.1ms
[2024-09-08T21:43:52.919+0800][info] GC(6)   Post Evacuate Collection Set: 0.1ms
[2024-09-08T21:43:52.919+0800][info] GC(6)   Other: 0.0ms
[2024-09-08T21:43:52.919+0800][info] GC(6) Eden regions: 2->0(3)
[2024-09-08T21:43:52.919+0800][info] GC(6) Survivor regions: 1->1(1)
[2024-09-08T21:43:52.919+0800][info] GC(6) Old regions: 7->9
[2024-09-08T21:43:52.919+0800][info] GC(6) Archive regions: 2->2
[2024-09-08T21:43:52.919+0800][info] GC(6) Humongous regions: 0->0
[2024-09-08T21:43:52.919+0800][info] GC(6) Metaspace: 596K(704K)->596K(704K) NonClass: 543K(576K)->543K(576K) Class: 53K(128K)->53K(128K)
[2024-09-08T21:43:52.919+0800][info] GC(6) Pause Young (Normal) (G1 Evacuation Pause) 43M->43M(128M) 3.353ms
[2024-09-08T21:43:52.919+0800][info] GC(6) User=0.00s Sys=0.01s Real=0.01s
[2024-09-08T21:43:52.921+0800][info] GC(7) Pause Young (Normal) (G1 Evacuation Pause)
[2024-09-08T21:43:52.921+0800][info] GC(7) Using 3 workers of 48 for evacuation
[2024-09-08T21:43:52.927+0800][info] GC(7)   Pre Evacuate Collection Set: 0.0ms
[2024-09-08T21:43:52.927+0800][info] GC(7)   Merge Heap Roots: 0.0ms
[2024-09-08T21:43:52.927+0800][info] GC(7)   Evacuate Collection Set: 5.7ms
[2024-09-08T21:43:52.927+0800][info] GC(7)   Post Evacuate Collection Set: 0.1ms
[2024-09-08T21:43:52.927+0800][info] GC(7)   Other: 0.1ms
[2024-09-08T21:43:52.927+0800][info] GC(7) Eden regions: 3->0(4)
[2024-09-08T21:43:52.927+0800][info] GC(7) Survivor regions: 1->1(1)
[2024-09-08T21:43:52.927+0800][info] GC(7) Old regions: 9->12
[2024-09-08T21:43:52.927+0800][info] GC(7) Archive regions: 2->2
[2024-09-08T21:43:52.927+0800][info] GC(7) Humongous regions: 0->0
[2024-09-08T21:43:52.927+0800][info] GC(7) Metaspace: 596K(704K)->596K(704K) NonClass: 543K(576K)->543K(576K) Class: 53K(128K)->53K(128K)
[2024-09-08T21:43:52.927+0800][info] GC(7) Pause Young (Normal) (G1 Evacuation Pause) 55M->55M(128M) 5.993ms
[2024-09-08T21:43:52.927+0800][info] GC(7) User=0.01s Sys=0.01s Real=0.01s
[2024-09-08T21:43:52.930+0800][info] GC(8) Pause Young (Normal) (G1 Evacuation Pause)
[2024-09-08T21:43:52.930+0800][info] GC(8) Using 3 workers of 48 for evacuation
[2024-09-08T21:43:52.937+0800][info] GC(8)   Pre Evacuate Collection Set: 0.0ms
[2024-09-08T21:43:52.937+0800][info] GC(8)   Merge Heap Roots: 0.0ms
[2024-09-08T21:43:52.937+0800][info] GC(8)   Evacuate Collection Set: 7.0ms
[2024-09-08T21:43:52.937+0800][info] GC(8)   Post Evacuate Collection Set: 0.1ms
[2024-09-08T21:43:52.937+0800][info] GC(8)   Other: 0.1ms
[2024-09-08T21:43:52.937+0800][info] GC(8) Eden regions: 4->0(3)
[2024-09-08T21:43:52.937+0800][info] GC(8) Survivor regions: 1->1(1)
[2024-09-08T21:43:52.937+0800][info] GC(8) Old regions: 12->16
[2024-09-08T21:43:52.937+0800][info] GC(8) Archive regions: 2->2
[2024-09-08T21:43:52.937+0800][info] GC(8) Humongous regions: 0->0
[2024-09-08T21:43:52.937+0800][info] GC(8) Metaspace: 596K(704K)->596K(704K) NonClass: 543K(576K)->543K(576K) Class: 53K(128K)->53K(128K)
[2024-09-08T21:43:52.937+0800][info] GC(8) Pause Young (Normal) (G1 Evacuation Pause) 71M->71M(128M) 7.299ms
[2024-09-08T21:43:52.937+0800][info] GC(8) User=0.01s Sys=0.01s Real=0.01s
[2024-09-08T21:43:52.939+0800][info] GC(9) Pause Young (Concurrent Start) (G1 Evacuation Pause)
[2024-09-08T21:43:52.939+0800][info] GC(9) Using 3 workers of 48 for evacuation
[2024-09-08T21:43:52.945+0800][info] GC(9)   Pre Evacuate Collection Set: 0.0ms
[2024-09-08T21:43:52.945+0800][info] GC(9)   Merge Heap Roots: 0.0ms
[2024-09-08T21:43:52.945+0800][info] GC(9)   Evacuate Collection Set: 4.5ms
[2024-09-08T21:43:52.945+0800][info] GC(9)   Post Evacuate Collection Set: 0.1ms
[2024-09-08T21:43:52.945+0800][info] GC(9)   Other: 0.9ms
[2024-09-08T21:43:52.945+0800][info] GC(9) Eden regions: 3->0(2)
[2024-09-08T21:43:52.945+0800][info] GC(9) Survivor regions: 1->1(1)
[2024-09-08T21:43:52.945+0800][info] GC(9) Old regions: 16->19
[2024-09-08T21:43:52.945+0800][info] GC(9) Archive regions: 2->2
[2024-09-08T21:43:52.945+0800][info] GC(9) Humongous regions: 0->0
[2024-09-08T21:43:52.945+0800][info] GC(9) Metaspace: 596K(704K)->596K(704K) NonClass: 543K(576K)->543K(576K) Class: 53K(128K)->53K(128K)
[2024-09-08T21:43:52.945+0800][info] GC(9) Pause Young (Concurrent Start) (G1 Evacuation Pause) 83M->83M(128M) 5.714ms
[2024-09-08T21:43:52.945+0800][info] GC(9) User=0.00s Sys=0.01s Real=0.01s
[2024-09-08T21:43:52.945+0800][info] GC(10) Concurrent Mark Cycle
[2024-09-08T21:43:52.945+0800][info] GC(10) Concurrent Clear Claimed Marks
[2024-09-08T21:43:52.945+0800][info] GC(10) Concurrent Clear Claimed Marks 0.007ms
[2024-09-08T21:43:52.945+0800][info] GC(10) Concurrent Scan Root Regions
[2024-09-08T21:43:52.948+0800][info] GC(10) Concurrent Scan Root Regions 2.686ms
[2024-09-08T21:43:52.948+0800][info] GC(10) Concurrent Mark
[2024-09-08T21:43:52.948+0800][info] GC(10) Concurrent Mark From Roots
[2024-09-08T21:43:52.949+0800][info] GC(10) Using 12 workers of 12 for marking
[2024-09-08T21:43:52.951+0800][info] GC(10) Concurrent Mark From Roots 3.528ms
[2024-09-08T21:43:52.951+0800][info] GC(10) Concurrent Preclean
[2024-09-08T21:43:52.952+0800][info] GC(10) Concurrent Preclean 0.760ms
[2024-09-08T21:43:52.952+0800][info] GC(10) Pause Remark
[2024-09-08T21:43:52.953+0800][info] GC(10) Pause Remark 83M->83M(128M) 0.745ms
[2024-09-08T21:43:52.953+0800][info] GC(10) User=0.00s Sys=0.00s Real=0.00s
[2024-09-08T21:43:52.953+0800][info] GC(10) Concurrent Mark 5.203ms
[2024-09-08T21:43:52.953+0800][info] GC(10) Concurrent Rebuild Remembered Sets
[2024-09-08T21:43:52.953+0800][info] GC(10) Concurrent Rebuild Remembered Sets 0.006ms
[2024-09-08T21:43:52.953+0800][info] GC(10) Pause Cleanup
[2024-09-08T21:43:52.953+0800][info] GC(10) Pause Cleanup 83M->83M(128M) 0.017ms
[2024-09-08T21:43:52.953+0800][info] GC(10) User=0.00s Sys=0.00s Real=0.00s
[2024-09-08T21:43:52.953+0800][info] GC(10) Concurrent Cleanup for Next Mark
[2024-09-08T21:43:52.954+0800][info] GC(10) Concurrent Cleanup for Next Mark 1.131ms
[2024-09-08T21:43:52.954+0800][info] GC(10) Concurrent Mark Cycle 9.295ms
[2024-09-08T21:43:52.961+0800][info] GC(11) Pause Young (Normal) (G1 Evacuation Pause)
[2024-09-08T21:43:52.961+0800][info] GC(11) Using 3 workers of 48 for evacuation
[2024-09-08T21:43:52.965+0800][info] GC(11)   Pre Evacuate Collection Set: 0.0ms
[2024-09-08T21:43:52.965+0800][info] GC(11)   Merge Heap Roots: 0.0ms
[2024-09-08T21:43:52.965+0800][info] GC(11)   Evacuate Collection Set: 3.1ms
[2024-09-08T21:43:52.965+0800][info] GC(11)   Post Evacuate Collection Set: 0.4ms
[2024-09-08T21:43:52.965+0800][info] GC(11)   Other: 0.1ms
[2024-09-08T21:43:52.965+0800][info] GC(11) Eden regions: 2->0(2)
[2024-09-08T21:43:52.965+0800][info] GC(11) Survivor regions: 1->1(1)
[2024-09-08T21:43:52.965+0800][info] GC(11) Old regions: 19->21
[2024-09-08T21:43:52.965+0800][info] GC(11) Archive regions: 2->2
[2024-09-08T21:43:52.965+0800][info] GC(11) Humongous regions: 0->0
[2024-09-08T21:43:52.965+0800][info] GC(11) Metaspace: 702K(832K)->702K(832K) NonClass: 639K(704K)->639K(704K) Class: 63K(128K)->63K(128K)
[2024-09-08T21:43:52.965+0800][info] GC(11) Pause Young (Normal) (G1 Evacuation Pause) 91M->90M(128M) 3.719ms
[2024-09-08T21:43:52.965+0800][info] GC(11) User=0.01s Sys=0.00s Real=0.01s
[2024-09-08T21:43:52.966+0800][info] GC(12) Pause Young (Concurrent Start) (G1 Evacuation Pause)
[2024-09-08T21:43:52.966+0800][info] GC(12) Using 3 workers of 48 for evacuation
[2024-09-08T21:43:52.970+0800][info] GC(12)   Pre Evacuate Collection Set: 0.0ms
[2024-09-08T21:43:52.970+0800][info] GC(12)   Merge Heap Roots: 0.0ms
[2024-09-08T21:43:52.970+0800][info] GC(12)   Evacuate Collection Set: 3.3ms
[2024-09-08T21:43:52.970+0800][info] GC(12)   Post Evacuate Collection Set: 0.1ms
[2024-09-08T21:43:52.970+0800][info] GC(12)   Other: 0.1ms
[2024-09-08T21:43:52.970+0800][info] GC(12) Eden regions: 2->0(2)
[2024-09-08T21:43:52.970+0800][info] GC(12) Survivor regions: 1->1(1)
[2024-09-08T21:43:52.970+0800][info] GC(12) Old regions: 21->23
[2024-09-08T21:43:52.970+0800][info] GC(12) Archive regions: 2->2
[2024-09-08T21:43:52.970+0800][info] GC(12) Humongous regions: 0->0
[2024-09-08T21:43:52.970+0800][info] GC(12) Metaspace: 702K(832K)->702K(832K) NonClass: 639K(704K)->639K(704K) Class: 63K(128K)->63K(128K)
[2024-09-08T21:43:52.970+0800][info] GC(12) Pause Young (Concurrent Start) (G1 Evacuation Pause) 98M->98M(128M) 3.676ms
[2024-09-08T21:43:52.970+0800][info] GC(12) User=0.00s Sys=0.01s Real=0.00s
[2024-09-08T21:43:52.970+0800][info] GC(13) Concurrent Mark Cycle
[2024-09-08T21:43:52.970+0800][info] GC(13) Concurrent Clear Claimed Marks
[2024-09-08T21:43:52.970+0800][info] GC(13) Concurrent Clear Claimed Marks 0.008ms
[2024-09-08T21:43:52.970+0800][info] GC(13) Concurrent Scan Root Regions
[2024-09-08T21:43:52.970+0800][info] GC(13) Concurrent Scan Root Regions 0.122ms
[2024-09-08T21:43:52.970+0800][info] GC(13) Concurrent Mark
[2024-09-08T21:43:52.970+0800][info] GC(13) Concurrent Mark From Roots
[2024-09-08T21:43:52.970+0800][info] GC(13) Using 12 workers of 12 for marking
[2024-09-08T21:43:52.973+0800][info] GC(13) Concurrent Mark From Roots 2.825ms
[2024-09-08T21:43:52.973+0800][info] GC(13) Concurrent Preclean
[2024-09-08T21:43:52.974+0800][info] GC(13) Concurrent Preclean 0.744ms
[2024-09-08T21:43:52.974+0800][info] GC(13) Pause Remark
[2024-09-08T21:43:52.974+0800][info] GC(13) Pause Remark 98M->98M(128M) 0.646ms
[2024-09-08T21:43:52.974+0800][info] GC(13) User=0.01s Sys=0.00s Real=0.00s
[2024-09-08T21:43:52.974+0800][info] GC(13) Concurrent Mark 4.316ms
[2024-09-08T21:43:52.974+0800][info] GC(13) Concurrent Rebuild Remembered Sets
[2024-09-08T21:43:52.974+0800][info] GC(13) Concurrent Rebuild Remembered Sets 0.006ms
[2024-09-08T21:43:52.974+0800][info] GC(13) Pause Cleanup
[2024-09-08T21:43:52.974+0800][info] GC(13) Pause Cleanup 98M->98M(128M) 0.016ms
[2024-09-08T21:43:52.974+0800][info] GC(13) User=0.00s Sys=0.00s Real=0.00s
[2024-09-08T21:43:52.974+0800][info] GC(13) Concurrent Cleanup for Next Mark
[2024-09-08T21:43:52.975+0800][info] GC(13) Concurrent Cleanup for Next Mark 0.555ms
[2024-09-08T21:43:52.975+0800][info] GC(13) Concurrent Mark Cycle 5.141ms
[2024-09-08T21:43:53.977+0800][info] GC(14) Pause Young (Concurrent Start) (G1 Humongous Allocation)
[2024-09-08T21:43:53.977+0800][info] GC(14) Using 3 workers of 48 for evacuation
[2024-09-08T21:43:53.981+0800][info] GC(14)   Pre Evacuate Collection Set: 0.1ms
[2024-09-08T21:43:53.981+0800][info] GC(14)   Merge Heap Roots: 0.0ms
[2024-09-08T21:43:53.981+0800][info] GC(14)   Evacuate Collection Set: 3.1ms
[2024-09-08T21:43:53.981+0800][info] GC(14)   Post Evacuate Collection Set: 0.4ms
[2024-09-08T21:43:53.981+0800][info] GC(14)   Other: 0.2ms
[2024-09-08T21:43:53.981+0800][info] GC(14) Eden regions: 2->0(2)
[2024-09-08T21:43:53.981+0800][info] GC(14) Survivor regions: 1->1(1)
[2024-09-08T21:43:53.981+0800][info] GC(14) Old regions: 23->25
[2024-09-08T21:43:53.981+0800][info] GC(14) Archive regions: 2->2
[2024-09-08T21:43:53.981+0800][info] GC(14) Humongous regions: 0->0
[2024-09-08T21:43:53.981+0800][info] GC(14) Metaspace: 720K(896K)->720K(896K) NonClass: 657K(768K)->657K(768K) Class: 63K(128K)->63K(128K)
[2024-09-08T21:43:53.981+0800][info] GC(14) Pause Young (Concurrent Start) (G1 Humongous Allocation) 106M->106M(128M) 3.871ms
[2024-09-08T21:43:53.981+0800][info] GC(14) User=0.01s Sys=0.00s Real=0.00s
[2024-09-08T21:43:53.981+0800][info] GC(15) Concurrent Mark Cycle
[2024-09-08T21:43:53.981+0800][info] GC(15) Concurrent Clear Claimed Marks
[2024-09-08T21:43:53.981+0800][info] GC(15) Concurrent Clear Claimed Marks 0.025ms
[2024-09-08T21:43:53.981+0800][info] GC(15) Concurrent Scan Root Regions
[2024-09-08T21:43:53.981+0800][info] GC(15) Concurrent Scan Root Regions 0.067ms
[2024-09-08T21:43:53.981+0800][info] GC(15) Concurrent Mark
[2024-09-08T21:43:53.981+0800][info] GC(16) Pause Young (Normal) (G1 Preventive Collection)
[2024-09-08T21:43:53.981+0800][info] GC(16) Using 3 workers of 48 for evacuation
[2024-09-08T21:43:53.981+0800][info] GC(15) Concurrent Mark From Roots
[2024-09-08T21:43:53.981+0800][info] GC(15) Using 12 workers of 12 for marking
[2024-09-08T21:43:53.982+0800][info] GC(16)   Pre Evacuate Collection Set: 0.1ms
[2024-09-08T21:43:53.982+0800][info] GC(16)   Merge Heap Roots: 0.0ms
[2024-09-08T21:43:53.982+0800][info] GC(16)   Evacuate Collection Set: 0.6ms
[2024-09-08T21:43:53.982+0800][info] GC(16)   Post Evacuate Collection Set: 0.1ms
[2024-09-08T21:43:53.982+0800][info] GC(16)   Other: 0.1ms
[2024-09-08T21:43:53.982+0800][info] GC(16) Eden regions: 0->0(1)
[2024-09-08T21:43:53.982+0800][info] GC(16) Survivor regions: 1->0(1)
[2024-09-08T21:43:53.982+0800][info] GC(16) Old regions: 25->26
[2024-09-08T21:43:53.982+0800][info] GC(16) Archive regions: 2->2
[2024-09-08T21:43:53.982+0800][info] GC(16) Humongous regions: 0->0
[2024-09-08T21:43:53.982+0800][info] GC(16) Metaspace: 720K(896K)->720K(896K) NonClass: 657K(768K)->657K(768K) Class: 63K(128K)->63K(128K)
[2024-09-08T21:43:53.982+0800][info] GC(16) Pause Young (Normal) (G1 Preventive Collection) 106M->106M(128M) 0.921ms
[2024-09-08T21:43:53.982+0800][info] GC(16) User=0.00s Sys=0.00s Real=0.00s
[2024-09-08T21:43:53.985+0800][info] GC(15) Concurrent Mark From Roots 3.669ms
[2024-09-08T21:43:53.985+0800][info] GC(15) Concurrent Preclean
[2024-09-08T21:43:53.986+0800][info] GC(15) Concurrent Preclean 1.120ms
[2024-09-08T21:43:53.986+0800][info] GC(15) Pause Remark
[2024-09-08T21:43:53.987+0800][info] GC(15) Pause Remark 118M->38M(128M) 1.102ms
[2024-09-08T21:43:53.988+0800][info] GC(15) User=0.00s Sys=0.00s Real=0.00s
[2024-09-08T21:43:53.988+0800][info] GC(15) Concurrent Mark 6.156ms
[2024-09-08T21:43:53.988+0800][info] GC(15) Concurrent Rebuild Remembered Sets
[2024-09-08T21:43:53.990+0800][info] GC(15) Concurrent Rebuild Remembered Sets 2.836ms
[2024-09-08T21:43:53.991+0800][info] GC(15) Pause Cleanup
[2024-09-08T21:43:53.991+0800][info] GC(15) Pause Cleanup 38M->38M(128M) 0.130ms
[2024-09-08T21:43:53.991+0800][info] GC(15) User=0.00s Sys=0.00s Real=0.00s
[2024-09-08T21:43:53.991+0800][info] GC(15) Concurrent Cleanup for Next Mark
[2024-09-08T21:43:53.991+0800][info] GC(15) Concurrent Cleanup for Next Mark 0.309ms
[2024-09-08T21:43:53.991+0800][info] GC(15) Concurrent Mark Cycle 9.753ms
[2024-09-08T21:43:55.030+0800][info] GC(17) Pause Young (Prepare Mixed) (G1 Preventive Collection)
[2024-09-08T21:43:55.030+0800][info] GC(17) Using 3 workers of 48 for evacuation
[2024-09-08T21:43:55.031+0800][info] GC(17)   Pre Evacuate Collection Set: 0.1ms
[2024-09-08T21:43:55.031+0800][info] GC(17)   Merge Heap Roots: 0.1ms
[2024-09-08T21:43:55.031+0800][info] GC(17)   Evacuate Collection Set: 0.2ms
[2024-09-08T21:43:55.031+0800][info] GC(17)   Post Evacuate Collection Set: 0.3ms
[2024-09-08T21:43:55.031+0800][info] GC(17)   Other: 0.2ms
[2024-09-08T21:43:55.031+0800][info] GC(17) Eden regions: 1->0(1)
[2024-09-08T21:43:55.031+0800][info] GC(17) Survivor regions: 0->1(1)
[2024-09-08T21:43:55.031+0800][info] GC(17) Old regions: 6->6
[2024-09-08T21:43:55.031+0800][info] GC(17) Archive regions: 2->2
[2024-09-08T21:43:55.031+0800][info] GC(17) Humongous regions: 18->0
[2024-09-08T21:43:55.031+0800][info] GC(17) Metaspace: 733K(896K)->733K(896K) NonClass: 670K(768K)->670K(768K) Class: 63K(128K)->63K(128K)
[2024-09-08T21:43:55.031+0800][info] GC(17) Pause Young (Prepare Mixed) (G1 Preventive Collection) 98M->26M(128M) 0.830ms
[2024-09-08T21:43:55.031+0800][info] GC(17) User=0.00s Sys=0.00s Real=0.00s
[2024-09-08T21:43:55.081+0800][info] GC(18) Pause Young (Mixed) (G1 Humongous Allocation)
[2024-09-08T21:43:55.081+0800][info] GC(18) Using 3 workers of 48 for evacuation
[2024-09-08T21:43:55.082+0800][info] GC(18)   Pre Evacuate Collection Set: 0.1ms
[2024-09-08T21:43:55.082+0800][info] GC(18)   Merge Heap Roots: 0.0ms
[2024-09-08T21:43:55.082+0800][info] GC(18)   Evacuate Collection Set: 0.3ms
[2024-09-08T21:43:55.082+0800][info] GC(18)   Post Evacuate Collection Set: 0.2ms
[2024-09-08T21:43:55.082+0800][info] GC(18)   Other: 0.2ms
[2024-09-08T21:43:55.082+0800][info] GC(18) Eden regions: 0->0(1)
[2024-09-08T21:43:55.082+0800][info] GC(18) Survivor regions: 1->1(1)
[2024-09-08T21:43:55.082+0800][info] GC(18) Old regions: 6->5
[2024-09-08T21:43:55.082+0800][info] GC(18) Archive regions: 2->2
[2024-09-08T21:43:55.082+0800][info] GC(18) Humongous regions: 21->0
[2024-09-08T21:43:55.082+0800][info] GC(18) Metaspace: 733K(896K)->733K(896K) NonClass: 670K(768K)->670K(768K) Class: 63K(128K)->63K(128K)
[2024-09-08T21:43:55.082+0800][info] GC(18) Pause Young (Mixed) (G1 Humongous Allocation) 110M->22M(128M) 0.970ms
[2024-09-08T21:43:55.082+0800][info] GC(18) User=0.00s Sys=0.00s Real=0.00s
[2024-09-08T21:43:55.096+0800][info] GC(19) Pause Young (Concurrent Start) (G1 Humongous Allocation)
[2024-09-08T21:43:55.096+0800][info] GC(19) Using 3 workers of 48 for evacuation
[2024-09-08T21:43:55.097+0800][info] GC(19)   Pre Evacuate Collection Set: 0.0ms
[2024-09-08T21:43:55.097+0800][info] GC(19)   Merge Heap Roots: 0.0ms
[2024-09-08T21:43:55.097+0800][info] GC(19)   Evacuate Collection Set: 0.4ms
[2024-09-08T21:43:55.097+0800][info] GC(19)   Post Evacuate Collection Set: 0.2ms
[2024-09-08T21:43:55.097+0800][info] GC(19)   Other: 0.3ms
[2024-09-08T21:43:55.097+0800][info] GC(19) Eden regions: 0->0(1)
[2024-09-08T21:43:55.097+0800][info] GC(19) Survivor regions: 1->1(1)
[2024-09-08T21:43:55.097+0800][info] GC(19) Old regions: 5->5
[2024-09-08T21:43:55.097+0800][info] GC(19) Archive regions: 2->2
[2024-09-08T21:43:55.097+0800][info] GC(19) Humongous regions: 6->0
[2024-09-08T21:43:55.097+0800][info] GC(19) Metaspace: 733K(896K)->733K(896K) NonClass: 670K(768K)->670K(768K) Class: 63K(128K)->63K(128K)
[2024-09-08T21:43:55.097+0800][info] GC(19) Pause Young (Concurrent Start) (G1 Humongous Allocation) 46M->22M(128M) 1.029ms
[2024-09-08T21:43:55.097+0800][info] GC(19) User=0.00s Sys=0.00s Real=0.01s
[2024-09-08T21:43:55.097+0800][info] GC(20) Concurrent Undo Cycle
[2024-09-08T21:43:55.097+0800][info] GC(20) Concurrent Cleanup for Next Mark
[2024-09-08T21:43:55.098+0800][info] GC(20) Concurrent Cleanup for Next Mark 0.255ms
[2024-09-08T21:43:55.098+0800][info] GC(20) Concurrent Undo Cycle 0.326ms
[2024-09-08T21:43:55.110+0800][info] GC(21) Pause Young (Concurrent Start) (G1 Humongous Allocation)
[2024-09-08T21:43:55.110+0800][info] GC(21) Using 3 workers of 48 for evacuation
[2024-09-08T21:43:55.111+0800][info] GC(21)   Pre Evacuate Collection Set: 0.1ms
[2024-09-08T21:43:55.111+0800][info] GC(21)   Merge Heap Roots: 0.0ms
[2024-09-08T21:43:55.111+0800][info] GC(21)   Evacuate Collection Set: 0.2ms
[2024-09-08T21:43:55.111+0800][info] GC(21)   Post Evacuate Collection Set: 0.2ms
[2024-09-08T21:43:55.111+0800][info] GC(21)   Other: 0.3ms
[2024-09-08T21:43:55.111+0800][info] GC(21) Eden regions: 0->0(1)
[2024-09-08T21:43:55.111+0800][info] GC(21) Survivor regions: 1->1(1)
[2024-09-08T21:43:55.111+0800][info] GC(21) Old regions: 5->5
[2024-09-08T21:43:55.111+0800][info] GC(21) Archive regions: 2->2
[2024-09-08T21:43:55.111+0800][info] GC(21) Humongous regions: 6->0
[2024-09-08T21:43:55.111+0800][info] GC(21) Metaspace: 733K(896K)->733K(896K) NonClass: 670K(768K)->670K(768K) Class: 63K(128K)->63K(128K)
[2024-09-08T21:43:55.111+0800][info] GC(21) Pause Young (Concurrent Start) (G1 Humongous Allocation) 46M->22M(128M) 0.858ms
[2024-09-08T21:43:55.111+0800][info] GC(21) User=0.00s Sys=0.00s Real=0.00s
[2024-09-08T21:43:55.111+0800][info] GC(22) Concurrent Undo Cycle
[2024-09-08T21:43:55.111+0800][info] GC(22) Concurrent Cleanup for Next Mark
[2024-09-08T21:43:55.111+0800][info] GC(22) Concurrent Cleanup for Next Mark 0.170ms
[2024-09-08T21:43:55.111+0800][info] GC(22) Concurrent Undo Cycle 0.238ms
[2024-09-08T21:43:55.124+0800][info] GC(23) Pause Young (Concurrent Start) (G1 Humongous Allocation)
[2024-09-08T21:43:55.124+0800][info] GC(23) Using 3 workers of 48 for evacuation
[2024-09-08T21:43:55.124+0800][info] GC(23)   Pre Evacuate Collection Set: 0.1ms
[2024-09-08T21:43:55.124+0800][info] GC(23)   Merge Heap Roots: 0.0ms
[2024-09-08T21:43:55.124+0800][info] GC(23)   Evacuate Collection Set: 0.2ms
[2024-09-08T21:43:55.124+0800][info] GC(23)   Post Evacuate Collection Set: 0.2ms
[2024-09-08T21:43:55.124+0800][info] GC(23)   Other: 0.2ms
[2024-09-08T21:43:55.124+0800][info] GC(23) Eden regions: 0->0(1)
[2024-09-08T21:43:55.124+0800][info] GC(23) Survivor regions: 1->1(1)
[2024-09-08T21:43:55.124+0800][info] GC(23) Old regions: 5->5
[2024-09-08T21:43:55.124+0800][info] GC(23) Archive regions: 2->2
[2024-09-08T21:43:55.124+0800][info] GC(23) Humongous regions: 6->0
[2024-09-08T21:43:55.124+0800][info] GC(23) Metaspace: 733K(896K)->733K(896K) NonClass: 670K(768K)->670K(768K) Class: 63K(128K)->63K(128K)
[2024-09-08T21:43:55.124+0800][info] GC(23) Pause Young (Concurrent Start) (G1 Humongous Allocation) 46M->22M(128M) 0.825ms
[2024-09-08T21:43:55.124+0800][info] GC(23) User=0.00s Sys=0.00s Real=0.00s
[2024-09-08T21:43:55.124+0800][info] GC(24) Concurrent Undo Cycle
[2024-09-08T21:43:55.124+0800][info] GC(24) Concurrent Cleanup for Next Mark
[2024-09-08T21:43:55.125+0800][info] GC(24) Concurrent Cleanup for Next Mark 0.158ms
[2024-09-08T21:43:55.125+0800][info] GC(24) Concurrent Undo Cycle 0.224ms
[2024-09-08T21:43:55.137+0800][info] GC(25) Pause Young (Concurrent Start) (G1 Humongous Allocation)
[2024-09-08T21:43:55.137+0800][info] GC(25) Using 3 workers of 48 for evacuation
[2024-09-08T21:43:55.137+0800][info] GC(25)   Pre Evacuate Collection Set: 0.0ms
[2024-09-08T21:43:55.137+0800][info] GC(25)   Merge Heap Roots: 0.0ms
[2024-09-08T21:43:55.137+0800][info] GC(25)   Evacuate Collection Set: 0.2ms
[2024-09-08T21:43:55.137+0800][info] GC(25)   Post Evacuate Collection Set: 0.2ms
[2024-09-08T21:43:55.137+0800][info] GC(25)   Other: 0.3ms
[2024-09-08T21:43:55.137+0800][info] GC(25) Eden regions: 0->0(1)
[2024-09-08T21:43:55.137+0800][info] GC(25) Survivor regions: 1->1(1)
[2024-09-08T21:43:55.138+0800][info] GC(25) Old regions: 5->5
[2024-09-08T21:43:55.138+0800][info] GC(25) Archive regions: 2->2
[2024-09-08T21:43:55.138+0800][info] GC(25) Humongous regions: 6->0
[2024-09-08T21:43:55.138+0800][info] GC(25) Metaspace: 733K(896K)->733K(896K) NonClass: 670K(768K)->670K(768K) Class: 63K(128K)->63K(128K)
[2024-09-08T21:43:55.138+0800][info] GC(25) Pause Young (Concurrent Start) (G1 Humongous Allocation) 46M->22M(128M) 0.851ms
[2024-09-08T21:43:55.138+0800][info] GC(25) User=0.00s Sys=0.00s Real=0.01s
[2024-09-08T21:43:55.138+0800][info] GC(26) Concurrent Undo Cycle
[2024-09-08T21:43:55.138+0800][info] GC(26) Concurrent Cleanup for Next Mark
[2024-09-08T21:43:55.138+0800][info] GC(26) Concurrent Cleanup for Next Mark 0.162ms
[2024-09-08T21:43:55.138+0800][info] GC(26) Concurrent Undo Cycle 0.229ms
[2024-09-08T21:43:55.150+0800][info] GC(27) Pause Young (Concurrent Start) (G1 Humongous Allocation)
[2024-09-08T21:43:55.150+0800][info] GC(27) Using 3 workers of 48 for evacuation
[2024-09-08T21:43:55.150+0800][info] GC(27)   Pre Evacuate Collection Set: 0.0ms
[2024-09-08T21:43:55.150+0800][info] GC(27)   Merge Heap Roots: 0.0ms
[2024-09-08T21:43:55.150+0800][info] GC(27)   Evacuate Collection Set: 0.2ms
[2024-09-08T21:43:55.150+0800][info] GC(27)   Post Evacuate Collection Set: 0.2ms
[2024-09-08T21:43:55.150+0800][info] GC(27)   Other: 0.2ms
[2024-09-08T21:43:55.150+0800][info] GC(27) Eden regions: 0->0(1)
[2024-09-08T21:43:55.151+0800][info] GC(27) Survivor regions: 1->1(1)
[2024-09-08T21:43:55.151+0800][info] GC(27) Old regions: 5->5
[2024-09-08T21:43:55.151+0800][info] GC(27) Archive regions: 2->2
[2024-09-08T21:43:55.151+0800][info] GC(27) Humongous regions: 6->0
[2024-09-08T21:43:55.151+0800][info] GC(27) Metaspace: 733K(896K)->733K(896K) NonClass: 670K(768K)->670K(768K) Class: 63K(128K)->63K(128K)
[2024-09-08T21:43:55.151+0800][info] GC(27) Pause Young (Concurrent Start) (G1 Humongous Allocation) 46M->22M(128M) 0.799ms
[2024-09-08T21:43:55.151+0800][info] GC(27) User=0.00s Sys=0.00s Real=0.00s
[2024-09-08T21:43:55.151+0800][info] GC(28) Concurrent Undo Cycle
[2024-09-08T21:43:55.151+0800][info] GC(28) Concurrent Cleanup for Next Mark
[2024-09-08T21:43:55.151+0800][info] GC(28) Concurrent Cleanup for Next Mark 0.189ms
[2024-09-08T21:43:55.151+0800][info] GC(28) Concurrent Undo Cycle 0.255ms
[2024-09-08T21:43:55.163+0800][info] GC(29) Pause Young (Concurrent Start) (G1 Humongous Allocation)
[2024-09-08T21:43:55.163+0800][info] GC(29) Using 3 workers of 48 for evacuation
[2024-09-08T21:43:55.164+0800][info] GC(29)   Pre Evacuate Collection Set: 0.1ms
[2024-09-08T21:43:55.164+0800][info] GC(29)   Merge Heap Roots: 0.0ms
[2024-09-08T21:43:55.164+0800][info] GC(29)   Evacuate Collection Set: 0.3ms
[2024-09-08T21:43:55.164+0800][info] GC(29)   Post Evacuate Collection Set: 0.2ms
[2024-09-08T21:43:55.164+0800][info] GC(29)   Other: 0.2ms
[2024-09-08T21:43:55.164+0800][info] GC(29) Eden regions: 0->0(1)
[2024-09-08T21:43:55.164+0800][info] GC(29) Survivor regions: 1->1(1)
[2024-09-08T21:43:55.164+0800][info] GC(29) Old regions: 5->5
[2024-09-08T21:43:55.164+0800][info] GC(29) Archive regions: 2->2
[2024-09-08T21:43:55.164+0800][info] GC(29) Humongous regions: 6->0
[2024-09-08T21:43:55.164+0800][info] GC(29) Metaspace: 733K(896K)->733K(896K) NonClass: 670K(768K)->670K(768K) Class: 63K(128K)->63K(128K)
[2024-09-08T21:43:55.164+0800][info] GC(29) Pause Young (Concurrent Start) (G1 Humongous Allocation) 46M->22M(128M) 0.986ms
[2024-09-08T21:43:55.164+0800][info] GC(29) User=0.01s Sys=0.00s Real=0.00s
[2024-09-08T21:43:55.164+0800][info] GC(30) Concurrent Undo Cycle
[2024-09-08T21:43:55.164+0800][info] GC(30) Concurrent Cleanup for Next Mark
[2024-09-08T21:43:55.164+0800][info] GC(30) Concurrent Cleanup for Next Mark 0.372ms
[2024-09-08T21:43:55.164+0800][info] GC(30) Concurrent Undo Cycle 0.437ms
[2024-09-08T21:43:55.176+0800][info] GC(31) Pause Young (Concurrent Start) (G1 Humongous Allocation)
[2024-09-08T21:43:55.176+0800][info] GC(31) Using 3 workers of 48 for evacuation
[2024-09-08T21:43:55.177+0800][info] GC(31)   Pre Evacuate Collection Set: 0.1ms
[2024-09-08T21:43:55.177+0800][info] GC(31)   Merge Heap Roots: 0.0ms
[2024-09-08T21:43:55.177+0800][info] GC(31)   Evacuate Collection Set: 0.4ms
[2024-09-08T21:43:55.177+0800][info] GC(31)   Post Evacuate Collection Set: 0.2ms
[2024-09-08T21:43:55.177+0800][info] GC(31)   Other: 0.2ms
[2024-09-08T21:43:55.177+0800][info] GC(31) Eden regions: 0->0(1)
[2024-09-08T21:43:55.177+0800][info] GC(31) Survivor regions: 1->1(1)
[2024-09-08T21:43:55.177+0800][info] GC(31) Old regions: 5->5
[2024-09-08T21:43:55.177+0800][info] GC(31) Archive regions: 2->2
[2024-09-08T21:43:55.177+0800][info] GC(31) Humongous regions: 6->0
[2024-09-08T21:43:55.177+0800][info] GC(31) Metaspace: 733K(896K)->733K(896K) NonClass: 670K(768K)->670K(768K) Class: 63K(128K)->63K(128K)
[2024-09-08T21:43:55.177+0800][info] GC(31) Pause Young (Concurrent Start) (G1 Humongous Allocation) 46M->22M(128M) 1.006ms
[2024-09-08T21:43:55.177+0800][info] GC(31) User=0.00s Sys=0.00s Real=0.01s
[2024-09-08T21:43:55.177+0800][info] GC(32) Concurrent Undo Cycle
[2024-09-08T21:43:55.178+0800][info] GC(32) Concurrent Cleanup for Next Mark
[2024-09-08T21:43:55.178+0800][info] GC(32) Concurrent Cleanup for Next Mark 0.263ms
[2024-09-08T21:43:55.178+0800][info] GC(32) Concurrent Undo Cycle 0.329ms
[2024-09-08T21:43:55.190+0800][info] GC(33) Pause Young (Concurrent Start) (G1 Humongous Allocation)
[2024-09-08T21:43:55.190+0800][info] GC(33) Using 3 workers of 48 for evacuation
[2024-09-08T21:43:55.190+0800][info] GC(33)   Pre Evacuate Collection Set: 0.0ms
[2024-09-08T21:43:55.190+0800][info] GC(33)   Merge Heap Roots: 0.0ms
[2024-09-08T21:43:55.190+0800][info] GC(33)   Evacuate Collection Set: 0.2ms
[2024-09-08T21:43:55.190+0800][info] GC(33)   Post Evacuate Collection Set: 0.2ms
[2024-09-08T21:43:55.190+0800][info] GC(33)   Other: 0.2ms
[2024-09-08T21:43:55.190+0800][info] GC(33) Eden regions: 0->0(1)
[2024-09-08T21:43:55.190+0800][info] GC(33) Survivor regions: 1->1(1)
[2024-09-08T21:43:55.190+0800][info] GC(33) Old regions: 5->5
[2024-09-08T21:43:55.190+0800][info] GC(33) Archive regions: 2->2
[2024-09-08T21:43:55.190+0800][info] GC(33) Humongous regions: 6->0
[2024-09-08T21:43:55.190+0800][info] GC(33) Metaspace: 733K(896K)->733K(896K) NonClass: 670K(768K)->670K(768K) Class: 63K(128K)->63K(128K)
[2024-09-08T21:43:55.190+0800][info] GC(33) Pause Young (Concurrent Start) (G1 Humongous Allocation) 46M->22M(128M) 0.858ms
[2024-09-08T21:43:55.191+0800][info] GC(33) User=0.00s Sys=0.00s Real=0.00s
[2024-09-08T21:43:55.191+0800][info] GC(34) Concurrent Undo Cycle
[2024-09-08T21:43:55.191+0800][info] GC(34) Concurrent Cleanup for Next Mark
[2024-09-08T21:43:55.191+0800][info] GC(34) Concurrent Cleanup for Next Mark 0.169ms
[2024-09-08T21:43:55.191+0800][info] GC(34) Concurrent Undo Cycle 0.238ms
[2024-09-08T21:43:55.203+0800][info] GC(35) Pause Young (Concurrent Start) (G1 Humongous Allocation)
[2024-09-08T21:43:55.203+0800][info] GC(35) Using 3 workers of 48 for evacuation
[2024-09-08T21:43:55.204+0800][info] GC(35)   Pre Evacuate Collection Set: 0.0ms
[2024-09-08T21:43:55.204+0800][info] GC(35)   Merge Heap Roots: 0.0ms
[2024-09-08T21:43:55.204+0800][info] GC(35)   Evacuate Collection Set: 0.3ms
[2024-09-08T21:43:55.204+0800][info] GC(35)   Post Evacuate Collection Set: 0.2ms
[2024-09-08T21:43:55.204+0800][info] GC(35)   Other: 0.2ms
[2024-09-08T21:43:55.204+0800][info] GC(35) Eden regions: 0->0(1)
[2024-09-08T21:43:55.204+0800][info] GC(35) Survivor regions: 1->1(1)
[2024-09-08T21:43:55.204+0800][info] GC(35) Old regions: 5->5
[2024-09-08T21:43:55.204+0800][info] GC(35) Archive regions: 2->2
[2024-09-08T21:43:55.204+0800][info] GC(35) Humongous regions: 6->0
[2024-09-08T21:43:55.204+0800][info] GC(35) Metaspace: 733K(896K)->733K(896K) NonClass: 670K(768K)->670K(768K) Class: 63K(128K)->63K(128K)
[2024-09-08T21:43:55.204+0800][info] GC(35) Pause Young (Concurrent Start) (G1 Humongous Allocation) 46M->22M(128M) 0.937ms
[2024-09-08T21:43:55.204+0800][info] GC(35) User=0.00s Sys=0.00s Real=0.00s
[2024-09-08T21:43:55.204+0800][info] GC(36) Concurrent Undo Cycle
[2024-09-08T21:43:55.204+0800][info] GC(36) Concurrent Cleanup for Next Mark
[2024-09-08T21:43:55.204+0800][info] GC(36) Concurrent Cleanup for Next Mark 0.159ms
[2024-09-08T21:43:55.204+0800][info] GC(36) Concurrent Undo Cycle 0.222ms
[2024-09-08T21:43:55.216+0800][info] GC(37) Pause Young (Concurrent Start) (G1 Humongous Allocation)
[2024-09-08T21:43:55.216+0800][info] GC(37) Using 3 workers of 48 for evacuation
[2024-09-08T21:43:55.217+0800][info] GC(37)   Pre Evacuate Collection Set: 0.0ms
[2024-09-08T21:43:55.217+0800][info] GC(37)   Merge Heap Roots: 0.0ms
[2024-09-08T21:43:55.217+0800][info] GC(37)   Evacuate Collection Set: 0.3ms
[2024-09-08T21:43:55.217+0800][info] GC(37)   Post Evacuate Collection Set: 0.2ms
[2024-09-08T21:43:55.217+0800][info] GC(37)   Other: 0.2ms
[2024-09-08T21:43:55.217+0800][info] GC(37) Eden regions: 0->0(1)
[2024-09-08T21:43:55.217+0800][info] GC(37) Survivor regions: 1->1(1)
[2024-09-08T21:43:55.217+0800][info] GC(37) Old regions: 5->5
[2024-09-08T21:43:55.217+0800][info] GC(37) Archive regions: 2->2
[2024-09-08T21:43:55.217+0800][info] GC(37) Humongous regions: 6->0
[2024-09-08T21:43:55.217+0800][info] GC(37) Metaspace: 733K(896K)->733K(896K) NonClass: 670K(768K)->670K(768K) Class: 63K(128K)->63K(128K)
[2024-09-08T21:43:55.217+0800][info] GC(37) Pause Young (Concurrent Start) (G1 Humongous Allocation) 46M->22M(128M) 1.076ms
[2024-09-08T21:43:55.217+0800][info] GC(37) User=0.00s Sys=0.00s Real=0.01s
[2024-09-08T21:43:55.217+0800][info] GC(38) Concurrent Undo Cycle
[2024-09-08T21:43:55.217+0800][info] GC(38) Concurrent Cleanup for Next Mark
[2024-09-08T21:43:55.217+0800][info] GC(38) Concurrent Cleanup for Next Mark 0.166ms
[2024-09-08T21:43:55.217+0800][info] GC(38) Concurrent Undo Cycle 0.230ms
[2024-09-08T21:43:55.229+0800][info] GC(39) Pause Young (Concurrent Start) (G1 Humongous Allocation)
[2024-09-08T21:43:55.229+0800][info] GC(39) Using 3 workers of 48 for evacuation
[2024-09-08T21:43:55.230+0800][info] GC(39)   Pre Evacuate Collection Set: 0.1ms
[2024-09-08T21:43:55.230+0800][info] GC(39)   Merge Heap Roots: 0.0ms
[2024-09-08T21:43:55.230+0800][info] GC(39)   Evacuate Collection Set: 0.2ms
[2024-09-08T21:43:55.230+0800][info] GC(39)   Post Evacuate Collection Set: 0.2ms
[2024-09-08T21:43:55.230+0800][info] GC(39)   Other: 0.3ms
[2024-09-08T21:43:55.230+0800][info] GC(39) Eden regions: 0->0(1)
[2024-09-08T21:43:55.230+0800][info] GC(39) Survivor regions: 1->1(1)
[2024-09-08T21:43:55.230+0800][info] GC(39) Old regions: 5->5
[2024-09-08T21:43:55.230+0800][info] GC(39) Archive regions: 2->2
[2024-09-08T21:43:55.230+0800][info] GC(39) Humongous regions: 6->0
[2024-09-08T21:43:55.230+0800][info] GC(39) Metaspace: 733K(896K)->733K(896K) NonClass: 670K(768K)->670K(768K) Class: 63K(128K)->63K(128K)
[2024-09-08T21:43:55.230+0800][info] GC(39) Pause Young (Concurrent Start) (G1 Humongous Allocation) 46M->22M(128M) 0.880ms
[2024-09-08T21:43:55.230+0800][info] GC(39) User=0.01s Sys=0.00s Real=0.00s
[2024-09-08T21:43:55.230+0800][info] GC(40) Concurrent Undo Cycle
[2024-09-08T21:43:55.230+0800][info] GC(40) Concurrent Cleanup for Next Mark
[2024-09-08T21:43:55.230+0800][info] GC(40) Concurrent Cleanup for Next Mark 0.179ms
[2024-09-08T21:43:55.230+0800][info] GC(40) Concurrent Undo Cycle 0.252ms
[2024-09-08T21:43:55.242+0800][info] GC(41) Pause Young (Concurrent Start) (G1 Humongous Allocation)
[2024-09-08T21:43:55.242+0800][info] GC(41) Using 3 workers of 48 for evacuation
[2024-09-08T21:43:55.243+0800][info] GC(41)   Pre Evacuate Collection Set: 0.1ms
[2024-09-08T21:43:55.243+0800][info] GC(41)   Merge Heap Roots: 0.0ms
[2024-09-08T21:43:55.243+0800][info] GC(41)   Evacuate Collection Set: 0.2ms
[2024-09-08T21:43:55.243+0800][info] GC(41)   Post Evacuate Collection Set: 0.2ms
[2024-09-08T21:43:55.243+0800][info] GC(41)   Other: 0.2ms
[2024-09-08T21:43:55.243+0800][info] GC(41) Eden regions: 0->0(1)
[2024-09-08T21:43:55.243+0800][info] GC(41) Survivor regions: 1->1(1)
[2024-09-08T21:43:55.243+0800][info] GC(41) Old regions: 5->5
[2024-09-08T21:43:55.243+0800][info] GC(41) Archive regions: 2->2
[2024-09-08T21:43:55.243+0800][info] GC(41) Humongous regions: 6->0
[2024-09-08T21:43:55.243+0800][info] GC(41) Metaspace: 733K(896K)->733K(896K) NonClass: 670K(768K)->670K(768K) Class: 63K(128K)->63K(128K)
[2024-09-08T21:43:55.243+0800][info] GC(41) Pause Young (Concurrent Start) (G1 Humongous Allocation) 46M->22M(128M) 0.844ms
[2024-09-08T21:43:55.243+0800][info] GC(41) User=0.00s Sys=0.00s Real=0.00s
[2024-09-08T21:43:55.243+0800][info] GC(42) Concurrent Undo Cycle
[2024-09-08T21:43:55.243+0800][info] GC(42) Concurrent Cleanup for Next Mark
[2024-09-08T21:43:55.243+0800][info] GC(42) Concurrent Cleanup for Next Mark 0.363ms
[2024-09-08T21:43:55.243+0800][info] GC(42) Concurrent Undo Cycle 0.427ms
[2024-09-08T21:43:55.256+0800][info] GC(43) Pause Young (Concurrent Start) (G1 Humongous Allocation)
[2024-09-08T21:43:55.256+0800][info] GC(43) Using 3 workers of 48 for evacuation
[2024-09-08T21:43:55.256+0800][info] GC(43)   Pre Evacuate Collection Set: 0.0ms
[2024-09-08T21:43:55.256+0800][info] GC(43)   Merge Heap Roots: 0.0ms
[2024-09-08T21:43:55.256+0800][info] GC(43)   Evacuate Collection Set: 0.2ms
[2024-09-08T21:43:55.256+0800][info] GC(43)   Post Evacuate Collection Set: 0.2ms
[2024-09-08T21:43:55.256+0800][info] GC(43)   Other: 0.2ms
[2024-09-08T21:43:55.256+0800][info] GC(43) Eden regions: 0->0(1)
[2024-09-08T21:43:55.256+0800][info] GC(43) Survivor regions: 1->1(1)
[2024-09-08T21:43:55.256+0800][info] GC(43) Old regions: 5->5
[2024-09-08T21:43:55.256+0800][info] GC(43) Archive regions: 2->2
[2024-09-08T21:43:55.256+0800][info] GC(43) Humongous regions: 6->0
[2024-09-08T21:43:55.256+0800][info] GC(43) Metaspace: 733K(896K)->733K(896K) NonClass: 670K(768K)->670K(768K) Class: 63K(128K)->63K(128K)
[2024-09-08T21:43:55.256+0800][info] GC(43) Pause Young (Concurrent Start) (G1 Humongous Allocation) 46M->22M(128M) 0.812ms
[2024-09-08T21:43:55.256+0800][info] GC(43) User=0.00s Sys=0.00s Real=0.00s
[2024-09-08T21:43:55.257+0800][info] GC(44) Concurrent Undo Cycle
[2024-09-08T21:43:55.257+0800][info] GC(44) Concurrent Cleanup for Next Mark
[2024-09-08T21:43:55.257+0800][info] GC(44) Concurrent Cleanup for Next Mark 0.273ms
[2024-09-08T21:43:55.257+0800][info] GC(44) Concurrent Undo Cycle 0.341ms
[2024-09-08T21:43:55.269+0800][info] GC(45) Pause Young (Concurrent Start) (G1 Humongous Allocation)
[2024-09-08T21:43:55.269+0800][info] GC(45) Using 3 workers of 48 for evacuation
[2024-09-08T21:43:55.270+0800][info] GC(45)   Pre Evacuate Collection Set: 0.1ms
[2024-09-08T21:43:55.270+0800][info] GC(45)   Merge Heap Roots: 0.0ms
[2024-09-08T21:43:55.270+0800][info] GC(45)   Evacuate Collection Set: 0.3ms
[2024-09-08T21:43:55.270+0800][info] GC(45)   Post Evacuate Collection Set: 0.2ms
[2024-09-08T21:43:55.270+0800][info] GC(45)   Other: 0.2ms
[2024-09-08T21:43:55.270+0800][info] GC(45) Eden regions: 0->0(1)
[2024-09-08T21:43:55.270+0800][info] GC(45) Survivor regions: 1->0(1)
[2024-09-08T21:43:55.270+0800][info] GC(45) Old regions: 5->5
[2024-09-08T21:43:55.270+0800][info] GC(45) Archive regions: 2->2
[2024-09-08T21:43:55.270+0800][info] GC(45) Humongous regions: 6->0
[2024-09-08T21:43:55.270+0800][info] GC(45) Metaspace: 733K(896K)->733K(896K) NonClass: 670K(768K)->670K(768K) Class: 63K(128K)->63K(128K)
[2024-09-08T21:43:55.270+0800][info] GC(45) Pause Young (Concurrent Start) (G1 Humongous Allocation) 46M->22M(128M) 1.006ms
[2024-09-08T21:43:55.270+0800][info] GC(45) User=0.00s Sys=0.00s Real=0.00s
[2024-09-08T21:43:55.270+0800][info] GC(46) Concurrent Undo Cycle
[2024-09-08T21:43:55.270+0800][info] GC(46) Concurrent Cleanup for Next Mark
[2024-09-08T21:43:55.270+0800][info] GC(46) Concurrent Cleanup for Next Mark 0.212ms
[2024-09-08T21:43:55.270+0800][info] GC(46) Concurrent Undo Cycle 0.278ms
[2024-09-08T21:43:55.282+0800][info] GC(47) Pause Young (Concurrent Start) (G1 Humongous Allocation)
[2024-09-08T21:43:55.282+0800][info] GC(47) Using 3 workers of 48 for evacuation
[2024-09-08T21:43:55.283+0800][info] GC(47)   Pre Evacuate Collection Set: 0.1ms
[2024-09-08T21:43:55.283+0800][info] GC(47)   Merge Heap Roots: 0.0ms
[2024-09-08T21:43:55.283+0800][info] GC(47)   Evacuate Collection Set: 0.1ms
[2024-09-08T21:43:55.283+0800][info] GC(47)   Post Evacuate Collection Set: 0.1ms
[2024-09-08T21:43:55.283+0800][info] GC(47)   Other: 0.2ms
[2024-09-08T21:43:55.283+0800][info] GC(47) Eden regions: 0->0(1)
[2024-09-08T21:43:55.283+0800][info] GC(47) Survivor regions: 0->0(1)
[2024-09-08T21:43:55.283+0800][info] GC(47) Old regions: 5->5
[2024-09-08T21:43:55.283+0800][info] GC(47) Archive regions: 2->2
[2024-09-08T21:43:55.283+0800][info] GC(47) Humongous regions: 6->0
[2024-09-08T21:43:55.283+0800][info] GC(47) Metaspace: 733K(896K)->733K(896K) NonClass: 670K(768K)->670K(768K) Class: 63K(128K)->63K(128K)
[2024-09-08T21:43:55.283+0800][info] GC(47) Pause Young (Concurrent Start) (G1 Humongous Allocation) 46M->22M(128M) 0.778ms
[2024-09-08T21:43:55.283+0800][info] GC(47) User=0.00s Sys=0.00s Real=0.00s
[2024-09-08T21:43:55.283+0800][info] GC(48) Concurrent Undo Cycle
[2024-09-08T21:43:55.283+0800][info] GC(48) Concurrent Cleanup for Next Mark
[2024-09-08T21:43:55.283+0800][info] GC(48) Concurrent Cleanup for Next Mark 0.178ms
[2024-09-08T21:43:55.283+0800][info] GC(48) Concurrent Undo Cycle 0.250ms
[2024-09-08T21:43:55.295+0800][info] GC(49) Pause Young (Concurrent Start) (G1 Humongous Allocation)
[2024-09-08T21:43:55.295+0800][info] GC(49) Using 3 workers of 48 for evacuation
[2024-09-08T21:43:55.295+0800][info] GC(49)   Pre Evacuate Collection Set: 0.0ms
[2024-09-08T21:43:55.295+0800][info] GC(49)   Merge Heap Roots: 0.0ms
[2024-09-08T21:43:55.296+0800][info] GC(49)   Evacuate Collection Set: 0.1ms
[2024-09-08T21:43:55.296+0800][info] GC(49)   Post Evacuate Collection Set: 0.1ms
[2024-09-08T21:43:55.296+0800][info] GC(49)   Other: 0.2ms
[2024-09-08T21:43:55.296+0800][info] GC(49) Eden regions: 0->0(1)
[2024-09-08T21:43:55.296+0800][info] GC(49) Survivor regions: 0->0(1)
[2024-09-08T21:43:55.296+0800][info] GC(49) Old regions: 5->5
[2024-09-08T21:43:55.296+0800][info] GC(49) Archive regions: 2->2
[2024-09-08T21:43:55.296+0800][info] GC(49) Humongous regions: 6->0
[2024-09-08T21:43:55.296+0800][info] GC(49) Metaspace: 733K(896K)->733K(896K) NonClass: 670K(768K)->670K(768K) Class: 63K(128K)->63K(128K)
[2024-09-08T21:43:55.296+0800][info] GC(49) Pause Young (Concurrent Start) (G1 Humongous Allocation) 46M->22M(128M) 0.676ms
[2024-09-08T21:43:55.296+0800][info] GC(49) User=0.01s Sys=0.00s Real=0.00s
[2024-09-08T21:43:55.296+0800][info] GC(50) Concurrent Undo Cycle
[2024-09-08T21:43:55.296+0800][info] GC(50) Concurrent Cleanup for Next Mark
[2024-09-08T21:43:55.296+0800][info] GC(50) Concurrent Cleanup for Next Mark 0.172ms
[2024-09-08T21:43:55.296+0800][info] GC(50) Concurrent Undo Cycle 0.246ms
[2024-09-08T21:43:55.308+0800][info] GC(51) Pause Young (Concurrent Start) (G1 Humongous Allocation)
[2024-09-08T21:43:55.308+0800][info] GC(51) Using 3 workers of 48 for evacuation
[2024-09-08T21:43:55.308+0800][info] GC(51)   Pre Evacuate Collection Set: 0.0ms
[2024-09-08T21:43:55.308+0800][info] GC(51)   Merge Heap Roots: 0.0ms
[2024-09-08T21:43:55.308+0800][info] GC(51)   Evacuate Collection Set: 0.1ms
[2024-09-08T21:43:55.308+0800][info] GC(51)   Post Evacuate Collection Set: 0.1ms
[2024-09-08T21:43:55.308+0800][info] GC(51)   Other: 0.2ms
[2024-09-08T21:43:55.308+0800][info] GC(51) Eden regions: 0->0(1)
[2024-09-08T21:43:55.308+0800][info] GC(51) Survivor regions: 0->0(1)
[2024-09-08T21:43:55.308+0800][info] GC(51) Old regions: 5->5
[2024-09-08T21:43:55.308+0800][info] GC(51) Archive regions: 2->2
[2024-09-08T21:43:55.308+0800][info] GC(51) Humongous regions: 6->0
[2024-09-08T21:43:55.308+0800][info] GC(51) Metaspace: 733K(896K)->733K(896K) NonClass: 670K(768K)->670K(768K) Class: 63K(128K)->63K(128K)
[2024-09-08T21:43:55.308+0800][info] GC(51) Pause Young (Concurrent Start) (G1 Humongous Allocation) 46M->22M(128M) 0.649ms
[2024-09-08T21:43:55.309+0800][info] GC(51) User=0.00s Sys=0.00s Real=0.00s
[2024-09-08T21:43:55.309+0800][info] GC(52) Concurrent Undo Cycle
[2024-09-08T21:43:55.309+0800][info] GC(52) Concurrent Cleanup for Next Mark
[2024-09-08T21:43:55.309+0800][info] GC(52) Concurrent Cleanup for Next Mark 0.212ms
[2024-09-08T21:43:55.309+0800][info] GC(52) Concurrent Undo Cycle 0.285ms
[2024-09-08T21:43:55.321+0800][info] GC(53) Pause Young (Concurrent Start) (G1 Humongous Allocation)
[2024-09-08T21:43:55.321+0800][info] GC(53) Using 3 workers of 48 for evacuation
[2024-09-08T21:43:55.321+0800][info] GC(53)   Pre Evacuate Collection Set: 0.0ms
[2024-09-08T21:43:55.321+0800][info] GC(53)   Merge Heap Roots: 0.0ms
[2024-09-08T21:43:55.321+0800][info] GC(53)   Evacuate Collection Set: 0.1ms
[2024-09-08T21:43:55.321+0800][info] GC(53)   Post Evacuate Collection Set: 0.1ms
[2024-09-08T21:43:55.321+0800][info] GC(53)   Other: 0.2ms
[2024-09-08T21:43:55.321+0800][info] GC(53) Eden regions: 0->0(1)
[2024-09-08T21:43:55.321+0800][info] GC(53) Survivor regions: 0->0(1)
[2024-09-08T21:43:55.321+0800][info] GC(53) Old regions: 5->5
[2024-09-08T21:43:55.321+0800][info] GC(53) Archive regions: 2->2
[2024-09-08T21:43:55.321+0800][info] GC(53) Humongous regions: 6->0
[2024-09-08T21:43:55.321+0800][info] GC(53) Metaspace: 733K(896K)->733K(896K) NonClass: 670K(768K)->670K(768K) Class: 63K(128K)->63K(128K)
[2024-09-08T21:43:55.321+0800][info] GC(53) Pause Young (Concurrent Start) (G1 Humongous Allocation) 46M->22M(128M) 0.657ms
[2024-09-08T21:43:55.321+0800][info] GC(53) User=0.00s Sys=0.00s Real=0.00s
[2024-09-08T21:43:55.321+0800][info] GC(54) Concurrent Undo Cycle
[2024-09-08T21:43:55.321+0800][info] GC(54) Concurrent Cleanup for Next Mark
[2024-09-08T21:43:55.322+0800][info] GC(54) Concurrent Cleanup for Next Mark 0.355ms
[2024-09-08T21:43:55.322+0800][info] GC(54) Concurrent Undo Cycle 0.431ms
[2024-09-08T21:43:55.339+0800][info] GC(55) Pause Young (Normal) (G1 Evacuation Pause)
[2024-09-08T21:43:55.339+0800][info] GC(55) Using 3 workers of 48 for evacuation
[2024-09-08T21:43:55.340+0800][info] GC(55)   Pre Evacuate Collection Set: 0.0ms
[2024-09-08T21:43:55.340+0800][info] GC(55)   Merge Heap Roots: 0.0ms
[2024-09-08T21:43:55.340+0800][info] GC(55)   Evacuate Collection Set: 0.7ms
[2024-09-08T21:43:55.340+0800][info] GC(55)   Post Evacuate Collection Set: 0.1ms
[2024-09-08T21:43:55.340+0800][info] GC(55)   Other: 0.2ms
[2024-09-08T21:43:55.340+0800][info] GC(55) Eden regions: 1->0(1)
[2024-09-08T21:43:55.340+0800][info] GC(55) Survivor regions: 0->1(1)
[2024-09-08T21:43:55.340+0800][info] GC(55) Old regions: 5->5
[2024-09-08T21:43:55.340+0800][info] GC(55) Archive regions: 2->2
[2024-09-08T21:43:55.340+0800][info] GC(55) Humongous regions: 3->0
[2024-09-08T21:43:55.340+0800][info] GC(55) Metaspace: 734K(896K)->734K(896K) NonClass: 670K(768K)->670K(768K) Class: 63K(128K)->63K(128K)
[2024-09-08T21:43:55.340+0800][info] GC(55) Pause Young (Normal) (G1 Evacuation Pause) 38M->26M(128M) 1.137ms
[2024-09-08T21:43:55.341+0800][info] GC(55) User=0.00s Sys=0.00s Real=0.00s
[2024-09-08T21:43:55.342+0800][info] GC(56) Pause Young (Normal) (G1 Evacuation Pause)
[2024-09-08T21:43:55.342+0800][info] GC(56) Using 3 workers of 48 for evacuation
[2024-09-08T21:43:55.343+0800][info] GC(56)   Pre Evacuate Collection Set: 0.0ms
[2024-09-08T21:43:55.343+0800][info] GC(56)   Merge Heap Roots: 0.0ms
[2024-09-08T21:43:55.343+0800][info] GC(56)   Evacuate Collection Set: 1.2ms
[2024-09-08T21:43:55.343+0800][info] GC(56)   Post Evacuate Collection Set: 0.1ms
[2024-09-08T21:43:55.343+0800][info] GC(56)   Other: 0.1ms
[2024-09-08T21:43:55.343+0800][info] GC(56) Eden regions: 1->0(1)
[2024-09-08T21:43:55.343+0800][info] GC(56) Survivor regions: 1->1(1)
[2024-09-08T21:43:55.343+0800][info] GC(56) Old regions: 5->6
[2024-09-08T21:43:55.343+0800][info] GC(56) Archive regions: 2->2
[2024-09-08T21:43:55.343+0800][info] GC(56) Humongous regions: 0->0
[2024-09-08T21:43:55.343+0800][info] GC(56) Metaspace: 734K(896K)->734K(896K) NonClass: 670K(768K)->670K(768K) Class: 63K(128K)->63K(128K)
[2024-09-08T21:43:55.343+0800][info] GC(56) Pause Young (Normal) (G1 Evacuation Pause) 30M->30M(128M) 1.668ms
[2024-09-08T21:43:55.343+0800][info] GC(56) User=0.00s Sys=0.00s Real=0.00s
[2024-09-08T21:43:55.344+0800][info] GC(57) Pause Young (Normal) (G1 Evacuation Pause)
[2024-09-08T21:43:55.344+0800][info] GC(57) Using 3 workers of 48 for evacuation
[2024-09-08T21:43:55.345+0800][info] GC(57)   Pre Evacuate Collection Set: 0.0ms
[2024-09-08T21:43:55.345+0800][info] GC(57)   Merge Heap Roots: 0.0ms
[2024-09-08T21:43:55.345+0800][info] GC(57)   Evacuate Collection Set: 1.0ms
[2024-09-08T21:43:55.345+0800][info] GC(57)   Post Evacuate Collection Set: 0.1ms
[2024-09-08T21:43:55.345+0800][info] GC(57)   Other: 0.1ms
[2024-09-08T21:43:55.345+0800][info] GC(57) Eden regions: 1->0(1)
[2024-09-08T21:43:55.345+0800][info] GC(57) Survivor regions: 1->1(1)
[2024-09-08T21:43:55.345+0800][info] GC(57) Old regions: 6->7
[2024-09-08T21:43:55.345+0800][info] GC(57) Archive regions: 2->2
[2024-09-08T21:43:55.345+0800][info] GC(57) Humongous regions: 0->0
[2024-09-08T21:43:55.345+0800][info] GC(57) Metaspace: 734K(896K)->734K(896K) NonClass: 670K(768K)->670K(768K) Class: 63K(128K)->63K(128K)
[2024-09-08T21:43:55.346+0800][info] GC(57) Pause Young (Normal) (G1 Evacuation Pause) 33M->33M(128M) 1.392ms
[2024-09-08T21:43:55.346+0800][info] GC(57) User=0.01s Sys=0.00s Real=0.01s
[2024-09-08T21:43:55.346+0800][info] GC(58) Pause Young (Normal) (G1 Evacuation Pause)
[2024-09-08T21:43:55.346+0800][info] GC(58) Using 3 workers of 48 for evacuation
[2024-09-08T21:43:55.348+0800][info] GC(58)   Pre Evacuate Collection Set: 0.0ms
[2024-09-08T21:43:55.348+0800][info] GC(58)   Merge Heap Roots: 0.0ms
[2024-09-08T21:43:55.348+0800][info] GC(58)   Evacuate Collection Set: 1.0ms
[2024-09-08T21:43:55.348+0800][info] GC(58)   Post Evacuate Collection Set: 0.1ms
[2024-09-08T21:43:55.348+0800][info] GC(58)   Other: 0.1ms
[2024-09-08T21:43:55.348+0800][info] GC(58) Eden regions: 1->0(1)
[2024-09-08T21:43:55.348+0800][info] GC(58) Survivor regions: 1->1(1)
[2024-09-08T21:43:55.348+0800][info] GC(58) Old regions: 7->8
[2024-09-08T21:43:55.348+0800][info] GC(58) Archive regions: 2->2
[2024-09-08T21:43:55.348+0800][info] GC(58) Humongous regions: 0->0
[2024-09-08T21:43:55.348+0800][info] GC(58) Metaspace: 734K(896K)->734K(896K) NonClass: 670K(768K)->670K(768K) Class: 63K(128K)->63K(128K)
[2024-09-08T21:43:55.348+0800][info] GC(58) Pause Young (Normal) (G1 Evacuation Pause) 37M->37M(128M) 1.340ms
[2024-09-08T21:43:55.348+0800][info] GC(58) User=0.00s Sys=0.00s Real=0.00s
[2024-09-08T21:43:55.349+0800][info] GC(59) Pause Young (Normal) (G1 Evacuation Pause)
[2024-09-08T21:43:55.349+0800][info] GC(59) Using 3 workers of 48 for evacuation
[2024-09-08T21:43:55.350+0800][info] GC(59)   Pre Evacuate Collection Set: 0.0ms
[2024-09-08T21:43:55.350+0800][info] GC(59)   Merge Heap Roots: 0.0ms
[2024-09-08T21:43:55.350+0800][info] GC(59)   Evacuate Collection Set: 0.9ms
[2024-09-08T21:43:55.350+0800][info] GC(59)   Post Evacuate Collection Set: 0.1ms
[2024-09-08T21:43:55.350+0800][info] GC(59)   Other: 0.1ms
[2024-09-08T21:43:55.350+0800][info] GC(59) Eden regions: 1->0(1)
[2024-09-08T21:43:55.350+0800][info] GC(59) Survivor regions: 1->1(1)
[2024-09-08T21:43:55.350+0800][info] GC(59) Old regions: 8->9
[2024-09-08T21:43:55.350+0800][info] GC(59) Archive regions: 2->2
[2024-09-08T21:43:55.350+0800][info] GC(59) Humongous regions: 0->0
[2024-09-08T21:43:55.350+0800][info] GC(59) Metaspace: 734K(896K)->734K(896K) NonClass: 670K(768K)->670K(768K) Class: 63K(128K)->63K(128K)
[2024-09-08T21:43:55.350+0800][info] GC(59) Pause Young (Normal) (G1 Evacuation Pause) 41M->41M(128M) 1.282ms
[2024-09-08T21:43:55.350+0800][info] GC(59) User=0.01s Sys=0.00s Real=0.00s
[2024-09-08T21:43:55.351+0800][info] GC(60) Pause Young (Normal) (G1 Evacuation Pause)
[2024-09-08T21:43:55.351+0800][info] GC(60) Using 3 workers of 48 for evacuation
[2024-09-08T21:43:55.352+0800][info] GC(60)   Pre Evacuate Collection Set: 0.0ms
[2024-09-08T21:43:55.352+0800][info] GC(60)   Merge Heap Roots: 0.0ms
[2024-09-08T21:43:55.352+0800][info] GC(60)   Evacuate Collection Set: 1.0ms
[2024-09-08T21:43:55.352+0800][info] GC(60)   Post Evacuate Collection Set: 0.1ms
[2024-09-08T21:43:55.352+0800][info] GC(60)   Other: 0.1ms
[2024-09-08T21:43:55.352+0800][info] GC(60) Eden regions: 1->0(1)
[2024-09-08T21:43:55.352+0800][info] GC(60) Survivor regions: 1->1(1)
[2024-09-08T21:43:55.352+0800][info] GC(60) Old regions: 9->10
[2024-09-08T21:43:55.352+0800][info] GC(60) Archive regions: 2->2
[2024-09-08T21:43:55.352+0800][info] GC(60) Humongous regions: 0->0
[2024-09-08T21:43:55.352+0800][info] GC(60) Metaspace: 734K(896K)->734K(896K) NonClass: 670K(768K)->670K(768K) Class: 63K(128K)->63K(128K)
[2024-09-08T21:43:55.352+0800][info] GC(60) Pause Young (Normal) (G1 Evacuation Pause) 45M->45M(128M) 1.299ms
[2024-09-08T21:43:55.352+0800][info] GC(60) User=0.00s Sys=0.00s Real=0.00s
[2024-09-08T21:43:55.353+0800][info] GC(61) Pause Young (Normal) (G1 Evacuation Pause)
[2024-09-08T21:43:55.353+0800][info] GC(61) Using 3 workers of 48 for evacuation
[2024-09-08T21:43:55.354+0800][info] GC(61)   Pre Evacuate Collection Set: 0.0ms
[2024-09-08T21:43:55.354+0800][info] GC(61)   Merge Heap Roots: 0.0ms
[2024-09-08T21:43:55.354+0800][info] GC(61)   Evacuate Collection Set: 0.9ms
[2024-09-08T21:43:55.354+0800][info] GC(61)   Post Evacuate Collection Set: 0.1ms
[2024-09-08T21:43:55.354+0800][info] GC(61)   Other: 0.1ms
[2024-09-08T21:43:55.354+0800][info] GC(61) Eden regions: 1->0(1)
[2024-09-08T21:43:55.354+0800][info] GC(61) Survivor regions: 1->1(1)
[2024-09-08T21:43:55.354+0800][info] GC(61) Old regions: 10->11
[2024-09-08T21:43:55.354+0800][info] GC(61) Archive regions: 2->2
[2024-09-08T21:43:55.354+0800][info] GC(61) Humongous regions: 0->0
[2024-09-08T21:43:55.354+0800][info] GC(61) Metaspace: 734K(896K)->734K(896K) NonClass: 670K(768K)->670K(768K) Class: 63K(128K)->63K(128K)
[2024-09-08T21:43:55.354+0800][info] GC(61) Pause Young (Normal) (G1 Evacuation Pause) 49M->49M(128M) 1.271ms
[2024-09-08T21:43:55.354+0800][info] GC(61) User=0.00s Sys=0.00s Real=0.00s
[2024-09-08T21:43:55.355+0800][info] GC(62) Pause Young (Normal) (G1 Evacuation Pause)
[2024-09-08T21:43:55.355+0800][info] GC(62) Using 3 workers of 48 for evacuation
[2024-09-08T21:43:55.356+0800][info] GC(62)   Pre Evacuate Collection Set: 0.0ms
[2024-09-08T21:43:55.356+0800][info] GC(62)   Merge Heap Roots: 0.0ms
[2024-09-08T21:43:55.356+0800][info] GC(62)   Evacuate Collection Set: 0.9ms
[2024-09-08T21:43:55.356+0800][info] GC(62)   Post Evacuate Collection Set: 0.1ms
[2024-09-08T21:43:55.356+0800][info] GC(62)   Other: 0.1ms
[2024-09-08T21:43:55.356+0800][info] GC(62) Eden regions: 1->0(1)
[2024-09-08T21:43:55.357+0800][info] GC(62) Survivor regions: 1->1(1)
[2024-09-08T21:43:55.357+0800][info] GC(62) Old regions: 11->12
[2024-09-08T21:43:55.357+0800][info] GC(62) Archive regions: 2->2
[2024-09-08T21:43:55.357+0800][info] GC(62) Humongous regions: 0->0
[2024-09-08T21:43:55.357+0800][info] GC(62) Metaspace: 734K(896K)->734K(896K) NonClass: 670K(768K)->670K(768K) Class: 63K(128K)->63K(128K)
[2024-09-08T21:43:55.357+0800][info] GC(62) Pause Young (Normal) (G1 Evacuation Pause) 53M->53M(128M) 1.244ms
[2024-09-08T21:43:55.357+0800][info] GC(62) User=0.00s Sys=0.00s Real=0.00s
[2024-09-08T21:43:55.357+0800][info] GC(63) Pause Young (Normal) (G1 Evacuation Pause)
[2024-09-08T21:43:55.357+0800][info] GC(63) Using 3 workers of 48 for evacuation
[2024-09-08T21:43:55.359+0800][info] GC(63)   Pre Evacuate Collection Set: 0.0ms
[2024-09-08T21:43:55.359+0800][info] GC(63)   Merge Heap Roots: 0.0ms
[2024-09-08T21:43:55.359+0800][info] GC(63)   Evacuate Collection Set: 0.9ms
[2024-09-08T21:43:55.359+0800][info] GC(63)   Post Evacuate Collection Set: 0.1ms
[2024-09-08T21:43:55.359+0800][info] GC(63)   Other: 0.1ms
[2024-09-08T21:43:55.359+0800][info] GC(63) Eden regions: 1->0(1)
[2024-09-08T21:43:55.359+0800][info] GC(63) Survivor regions: 1->1(1)
[2024-09-08T21:43:55.359+0800][info] GC(63) Old regions: 12->13
[2024-09-08T21:43:55.359+0800][info] GC(63) Archive regions: 2->2
[2024-09-08T21:43:55.359+0800][info] GC(63) Humongous regions: 0->0
[2024-09-08T21:43:55.359+0800][info] GC(63) Metaspace: 734K(896K)->734K(896K) NonClass: 670K(768K)->670K(768K) Class: 63K(128K)->63K(128K)
[2024-09-08T21:43:55.359+0800][info] GC(63) Pause Young (Normal) (G1 Evacuation Pause) 57M->57M(128M) 1.247ms
[2024-09-08T21:43:55.359+0800][info] GC(63) User=0.00s Sys=0.00s Real=0.00s
[2024-09-08T21:43:55.360+0800][info] GC(64) Pause Young (Concurrent Start) (G1 Evacuation Pause)
[2024-09-08T21:43:55.360+0800][info] GC(64) Using 3 workers of 48 for evacuation
[2024-09-08T21:43:55.361+0800][info] GC(64)   Pre Evacuate Collection Set: 0.0ms
[2024-09-08T21:43:55.361+0800][info] GC(64)   Merge Heap Roots: 0.0ms
[2024-09-08T21:43:55.361+0800][info] GC(64)   Evacuate Collection Set: 0.9ms
[2024-09-08T21:43:55.361+0800][info] GC(64)   Post Evacuate Collection Set: 0.1ms
[2024-09-08T21:43:55.361+0800][info] GC(64)   Other: 0.2ms
[2024-09-08T21:43:55.361+0800][info] GC(64) Eden regions: 1->0(1)
[2024-09-08T21:43:55.361+0800][info] GC(64) Survivor regions: 1->1(1)
[2024-09-08T21:43:55.361+0800][info] GC(64) Old regions: 13->14
[2024-09-08T21:43:55.361+0800][info] GC(64) Archive regions: 2->2
[2024-09-08T21:43:55.361+0800][info] GC(64) Humongous regions: 0->0
[2024-09-08T21:43:55.361+0800][info] GC(64) Metaspace: 734K(896K)->734K(896K) NonClass: 670K(768K)->670K(768K) Class: 63K(128K)->63K(128K)
[2024-09-08T21:43:55.361+0800][info] GC(64) Pause Young (Concurrent Start) (G1 Evacuation Pause) 61M->61M(128M) 1.461ms
[2024-09-08T21:43:55.361+0800][info] GC(64) User=0.01s Sys=0.00s Real=0.00s
[2024-09-08T21:43:55.361+0800][info] GC(65) Concurrent Mark Cycle
[2024-09-08T21:43:55.361+0800][info] GC(65) Concurrent Clear Claimed Marks
[2024-09-08T21:43:55.361+0800][info] GC(65) Concurrent Clear Claimed Marks 0.024ms
[2024-09-08T21:43:55.361+0800][info] GC(65) Concurrent Scan Root Regions
[2024-09-08T21:43:55.362+0800][info] GC(65) Concurrent Scan Root Regions 0.235ms
[2024-09-08T21:43:55.362+0800][info] GC(65) Concurrent Mark
[2024-09-08T21:43:55.362+0800][info] GC(65) Concurrent Mark From Roots
[2024-09-08T21:43:55.362+0800][info] GC(65) Using 12 workers of 12 for marking
[2024-09-08T21:43:55.364+0800][info] GC(65) Concurrent Mark From Roots 2.419ms
[2024-09-08T21:43:55.364+0800][info] GC(65) Concurrent Preclean
[2024-09-08T21:43:55.366+0800][info] GC(65) Concurrent Preclean 1.675ms
[2024-09-08T21:43:55.366+0800][info] GC(65) Pause Remark
[2024-09-08T21:43:55.367+0800][info] GC(65) Pause Remark 61M->53M(128M) 0.985ms
[2024-09-08T21:43:55.367+0800][info] GC(65) User=0.00s Sys=0.00s Real=0.00s
[2024-09-08T21:43:55.367+0800][info] GC(65) Concurrent Mark 5.216ms
[2024-09-08T21:43:55.367+0800][info] GC(65) Concurrent Rebuild Remembered Sets
[2024-09-08T21:43:55.371+0800][info] GC(65) Concurrent Rebuild Remembered Sets 4.016ms
[2024-09-08T21:43:55.371+0800][info] GC(65) Pause Cleanup
[2024-09-08T21:43:55.371+0800][info] GC(65) Pause Cleanup 53M->53M(128M) 0.281ms
[2024-09-08T21:43:55.371+0800][info] GC(65) User=0.00s Sys=0.00s Real=0.00s
[2024-09-08T21:43:55.371+0800][info] GC(65) Concurrent Cleanup for Next Mark
[2024-09-08T21:43:55.372+0800][info] GC(65) Concurrent Cleanup for Next Mark 0.287ms
[2024-09-08T21:43:55.372+0800][info] GC(65) Concurrent Mark Cycle 10.389ms
[2024-09-08T21:43:56.365+0800][info] GC(66) Pause Young (Prepare Mixed) (G1 Evacuation Pause)
[2024-09-08T21:43:56.365+0800][info] GC(66) Using 3 workers of 48 for evacuation
[2024-09-08T21:43:56.367+0800][info] GC(66)   Pre Evacuate Collection Set: 0.0ms
[2024-09-08T21:43:56.367+0800][info] GC(66)   Merge Heap Roots: 0.0ms
[2024-09-08T21:43:56.367+0800][info] GC(66)   Evacuate Collection Set: 1.1ms
[2024-09-08T21:43:56.367+0800][info] GC(66)   Post Evacuate Collection Set: 0.1ms
[2024-09-08T21:43:56.367+0800][info] GC(66)   Other: 0.2ms
[2024-09-08T21:43:56.367+0800][info] GC(66) Eden regions: 1->0(1)
[2024-09-08T21:43:56.367+0800][info] GC(66) Survivor regions: 1->1(1)
[2024-09-08T21:43:56.367+0800][info] GC(66) Old regions: 12->13
[2024-09-08T21:43:56.367+0800][info] GC(66) Archive regions: 2->2
[2024-09-08T21:43:56.367+0800][info] GC(66) Humongous regions: 0->0
[2024-09-08T21:43:56.367+0800][info] GC(66) Metaspace: 734K(896K)->734K(896K) NonClass: 670K(768K)->670K(768K) Class: 63K(128K)->63K(128K)
[2024-09-08T21:43:56.367+0800][info] GC(66) Pause Young (Prepare Mixed) (G1 Evacuation Pause) 57M->57M(128M) 1.580ms
[2024-09-08T21:43:56.367+0800][info] GC(66) User=0.00s Sys=0.00s Real=0.00s
[2024-09-08T21:43:56.368+0800][info] GC(67) Pause Young (Mixed) (G1 Evacuation Pause)
[2024-09-08T21:43:56.368+0800][info] GC(67) Using 3 workers of 48 for evacuation
[2024-09-08T21:43:56.369+0800][info] GC(67)   Pre Evacuate Collection Set: 0.0ms
[2024-09-08T21:43:56.369+0800][info] GC(67)   Merge Heap Roots: 0.0ms
[2024-09-08T21:43:56.369+0800][info] GC(67)   Evacuate Collection Set: 1.1ms
[2024-09-08T21:43:56.369+0800][info] GC(67)   Post Evacuate Collection Set: 0.1ms
[2024-09-08T21:43:56.369+0800][info] GC(67)   Other: 0.1ms
[2024-09-08T21:43:56.369+0800][info] GC(67) Eden regions: 1->0(1)
[2024-09-08T21:43:56.369+0800][info] GC(67) Survivor regions: 1->1(1)
[2024-09-08T21:43:56.369+0800][info] GC(67) Old regions: 13->13
[2024-09-08T21:43:56.369+0800][info] GC(67) Archive regions: 2->2
[2024-09-08T21:43:56.369+0800][info] GC(67) Humongous regions: 0->0
[2024-09-08T21:43:56.369+0800][info] GC(67) Metaspace: 734K(896K)->734K(896K) NonClass: 670K(768K)->670K(768K) Class: 63K(128K)->63K(128K)
[2024-09-08T21:43:56.369+0800][info] GC(67) Pause Young (Mixed) (G1 Evacuation Pause) 61M->57M(128M) 1.511ms
[2024-09-08T21:43:56.369+0800][info] GC(67) User=0.00s Sys=0.00s Real=0.00s
[2024-09-08T21:43:56.370+0800][info] GC(68) Pause Young (Concurrent Start) (G1 Evacuation Pause)
[2024-09-08T21:43:56.370+0800][info] GC(68) Using 3 workers of 48 for evacuation
[2024-09-08T21:43:56.371+0800][info] GC(68)   Pre Evacuate Collection Set: 0.0ms
[2024-09-08T21:43:56.371+0800][info] GC(68)   Merge Heap Roots: 0.0ms
[2024-09-08T21:43:56.371+0800][info] GC(68)   Evacuate Collection Set: 1.0ms
[2024-09-08T21:43:56.371+0800][info] GC(68)   Post Evacuate Collection Set: 0.1ms
[2024-09-08T21:43:56.371+0800][info] GC(68)   Other: 0.2ms
[2024-09-08T21:43:56.372+0800][info] GC(68) Eden regions: 1->0(1)
[2024-09-08T21:43:56.372+0800][info] GC(68) Survivor regions: 1->1(1)
[2024-09-08T21:43:56.372+0800][info] GC(68) Old regions: 13->14
[2024-09-08T21:43:56.372+0800][info] GC(68) Archive regions: 2->2
[2024-09-08T21:43:56.372+0800][info] GC(68) Humongous regions: 0->0
[2024-09-08T21:43:56.372+0800][info] GC(68) Metaspace: 734K(896K)->734K(896K) NonClass: 670K(768K)->670K(768K) Class: 63K(128K)->63K(128K)
[2024-09-08T21:43:56.372+0800][info] GC(68) Pause Young (Concurrent Start) (G1 Evacuation Pause) 61M->61M(128M) 1.517ms
[2024-09-08T21:43:56.372+0800][info] GC(68) User=0.01s Sys=0.00s Real=0.00s
[2024-09-08T21:43:56.372+0800][info] GC(69) Concurrent Mark Cycle
[2024-09-08T21:43:56.372+0800][info] GC(69) Concurrent Clear Claimed Marks
[2024-09-08T21:43:56.372+0800][info] GC(69) Concurrent Clear Claimed Marks 0.023ms
[2024-09-08T21:43:56.372+0800][info] GC(69) Concurrent Scan Root Regions
[2024-09-08T21:43:56.372+0800][info] GC(69) Concurrent Scan Root Regions 0.268ms
[2024-09-08T21:43:56.372+0800][info] GC(69) Concurrent Mark
[2024-09-08T21:43:56.372+0800][info] GC(69) Concurrent Mark From Roots
[2024-09-08T21:43:56.372+0800][info] GC(69) Using 12 workers of 12 for marking
[2024-09-08T21:43:56.375+0800][info] GC(69) Concurrent Mark From Roots 2.729ms
[2024-09-08T21:43:56.375+0800][info] GC(69) Concurrent Preclean
[2024-09-08T21:43:56.377+0800][info] GC(69) Concurrent Preclean 1.749ms
[2024-09-08T21:43:56.377+0800][info] GC(69) Pause Remark
[2024-09-08T21:43:56.377+0800][info] GC(69) Pause Remark 61M->61M(128M) 0.802ms
[2024-09-08T21:43:56.377+0800][info] GC(69) User=0.00s Sys=0.00s Real=0.01s
[2024-09-08T21:43:56.377+0800][info] GC(69) Concurrent Mark 5.418ms
[2024-09-08T21:43:56.377+0800][info] GC(69) Concurrent Rebuild Remembered Sets
[2024-09-08T21:43:56.377+0800][info] GC(69) Concurrent Rebuild Remembered Sets 0.012ms
[2024-09-08T21:43:56.378+0800][info] GC(69) Pause Cleanup
[2024-09-08T21:43:56.378+0800][info] GC(69) Pause Cleanup 61M->61M(128M) 0.010ms
[2024-09-08T21:43:56.378+0800][info] GC(69) User=0.00s Sys=0.00s Real=0.00s
[2024-09-08T21:43:56.378+0800][info] GC(69) Concurrent Cleanup for Next Mark
[2024-09-08T21:43:56.378+0800][info] GC(69) Concurrent Cleanup for Next Mark 0.265ms
[2024-09-08T21:43:56.378+0800][info] GC(69) Concurrent Mark Cycle 6.198ms
[2024-09-08T21:43:57.376+0800][info] GC(70) Pause Young (Normal) (G1 Evacuation Pause)
[2024-09-08T21:43:57.376+0800][info] GC(70) Using 3 workers of 48 for evacuation
[2024-09-08T21:43:57.378+0800][info] GC(70)   Pre Evacuate Collection Set: 0.1ms
[2024-09-08T21:43:57.378+0800][info] GC(70)   Merge Heap Roots: 0.0ms
[2024-09-08T21:43:57.378+0800][info] GC(70)   Evacuate Collection Set: 1.2ms
[2024-09-08T21:43:57.378+0800][info] GC(70)   Post Evacuate Collection Set: 0.1ms
[2024-09-08T21:43:57.378+0800][info] GC(70)   Other: 0.1ms
[2024-09-08T21:43:57.378+0800][info] GC(70) Eden regions: 1->0(2)
[2024-09-08T21:43:57.378+0800][info] GC(70) Survivor regions: 1->1(1)
[2024-09-08T21:43:57.378+0800][info] GC(70) Old regions: 14->15
[2024-09-08T21:43:57.378+0800][info] GC(70) Archive regions: 2->2
[2024-09-08T21:43:57.378+0800][info] GC(70) Humongous regions: 0->0
[2024-09-08T21:43:57.378+0800][info] GC(70) Metaspace: 759K(896K)->759K(896K) NonClass: 695K(768K)->695K(768K) Class: 63K(128K)->63K(128K)
[2024-09-08T21:43:57.378+0800][info] GC(70) Pause Young (Normal) (G1 Evacuation Pause) 65M->65M(128M) 1.708ms
[2024-09-08T21:43:57.378+0800][info] GC(70) User=0.01s Sys=0.00s Real=0.01s
[2024-09-08T21:43:57.380+0800][info] GC(71) Pause Young (Concurrent Start) (G1 Evacuation Pause)
[2024-09-08T21:43:57.380+0800][info] GC(71) Using 3 workers of 48 for evacuation
[2024-09-08T21:43:57.382+0800][info] GC(71)   Pre Evacuate Collection Set: 0.1ms
[2024-09-08T21:43:57.382+0800][info] GC(71)   Merge Heap Roots: 0.0ms
[2024-09-08T21:43:57.382+0800][info] GC(71)   Evacuate Collection Set: 2.0ms
[2024-09-08T21:43:57.382+0800][info] GC(71)   Post Evacuate Collection Set: 0.1ms
[2024-09-08T21:43:57.382+0800][info] GC(71)   Other: 0.2ms
[2024-09-08T21:43:57.382+0800][info] GC(71) Eden regions: 2->0(3)
[2024-09-08T21:43:57.382+0800][info] GC(71) Survivor regions: 1->1(1)
[2024-09-08T21:43:57.382+0800][info] GC(71) Old regions: 15->17
[2024-09-08T21:43:57.382+0800][info] GC(71) Archive regions: 2->2
[2024-09-08T21:43:57.382+0800][info] GC(71) Humongous regions: 0->0
[2024-09-08T21:43:57.382+0800][info] GC(71) Metaspace: 759K(896K)->759K(896K) NonClass: 695K(768K)->695K(768K) Class: 63K(128K)->63K(128K)
[2024-09-08T21:43:57.382+0800][info] GC(71) Pause Young (Concurrent Start) (G1 Evacuation Pause) 73M->73M(128M) 2.491ms
[2024-09-08T21:43:57.382+0800][info] GC(71) User=0.01s Sys=0.00s Real=0.00s
[2024-09-08T21:43:57.382+0800][info] GC(72) Concurrent Mark Cycle
[2024-09-08T21:43:57.382+0800][info] GC(72) Concurrent Clear Claimed Marks
[2024-09-08T21:43:57.382+0800][info] GC(72) Concurrent Clear Claimed Marks 0.023ms
[2024-09-08T21:43:57.382+0800][info] GC(72) Concurrent Scan Root Regions
[2024-09-08T21:43:57.382+0800][info] GC(72) Concurrent Scan Root Regions 0.070ms
[2024-09-08T21:43:57.382+0800][info] GC(72) Concurrent Mark
[2024-09-08T21:43:57.382+0800][info] GC(72) Concurrent Mark From Roots
[2024-09-08T21:43:57.382+0800][info] GC(72) Using 12 workers of 12 for marking
[2024-09-08T21:43:57.385+0800][info] GC(72) Concurrent Mark From Roots 3.070ms
[2024-09-08T21:43:57.385+0800][info] GC(72) Concurrent Preclean
[2024-09-08T21:43:57.387+0800][info] GC(72) Concurrent Preclean 1.725ms
[2024-09-08T21:43:57.387+0800][info] GC(72) Pause Remark
[2024-09-08T21:43:57.388+0800][info] GC(72) Pause Remark 73M->73M(128M) 1.151ms
[2024-09-08T21:43:57.388+0800][info] GC(72) User=0.00s Sys=0.00s Real=0.00s
[2024-09-08T21:43:57.388+0800][info] GC(72) Concurrent Mark 6.087ms
[2024-09-08T21:43:57.388+0800][info] GC(72) Concurrent Rebuild Remembered Sets
[2024-09-08T21:43:57.388+0800][info] GC(72) Concurrent Rebuild Remembered Sets 0.018ms
[2024-09-08T21:43:57.388+0800][info] GC(72) Pause Cleanup
[2024-09-08T21:43:57.389+0800][info] GC(72) Pause Cleanup 73M->73M(128M) 0.013ms
[2024-09-08T21:43:57.389+0800][info] GC(72) User=0.00s Sys=0.00s Real=0.00s
[2024-09-08T21:43:57.389+0800][info] GC(72) Concurrent Cleanup for Next Mark
[2024-09-08T21:43:57.389+0800][info] GC(72) Concurrent Cleanup for Next Mark 0.301ms
[2024-09-08T21:43:57.389+0800][info] GC(72) Concurrent Mark Cycle 6.731ms
[2024-09-08T21:43:58.387+0800][info] GC(73) Pause Young (Normal) (G1 Evacuation Pause)
[2024-09-08T21:43:58.387+0800][info] GC(73) Using 3 workers of 48 for evacuation
[2024-09-08T21:43:58.391+0800][info] GC(73)   Pre Evacuate Collection Set: 0.1ms
[2024-09-08T21:43:58.391+0800][info] GC(73)   Merge Heap Roots: 0.0ms
[2024-09-08T21:43:58.391+0800][info] GC(73)   Evacuate Collection Set: 2.9ms
[2024-09-08T21:43:58.391+0800][info] GC(73)   Post Evacuate Collection Set: 0.2ms
[2024-09-08T21:43:58.391+0800][info] GC(73)   Other: 0.2ms
[2024-09-08T21:43:58.391+0800][info] GC(73) Eden regions: 3->0(2)
[2024-09-08T21:43:58.391+0800][info] GC(73) Survivor regions: 1->1(1)
[2024-09-08T21:43:58.391+0800][info] GC(73) Old regions: 17->20
[2024-09-08T21:43:58.391+0800][info] GC(73) Archive regions: 2->2
[2024-09-08T21:43:58.391+0800][info] GC(73) Humongous regions: 0->0
[2024-09-08T21:43:58.391+0800][info] GC(73) Metaspace: 761K(896K)->761K(896K) NonClass: 698K(768K)->698K(768K) Class: 63K(128K)->63K(128K)
[2024-09-08T21:43:58.391+0800][info] GC(73) Pause Young (Normal) (G1 Evacuation Pause) 85M->86M(128M) 3.543ms
[2024-09-08T21:43:58.391+0800][info] GC(73) User=0.01s Sys=0.00s Real=0.00s
[2024-09-08T21:43:58.393+0800][info] GC(74) Pause Young (Concurrent Start) (G1 Evacuation Pause)
[2024-09-08T21:43:58.393+0800][info] GC(74) Using 3 workers of 48 for evacuation
[2024-09-08T21:43:58.395+0800][info] GC(74)   Pre Evacuate Collection Set: 0.0ms
[2024-09-08T21:43:58.396+0800][info] GC(74)   Merge Heap Roots: 0.0ms
[2024-09-08T21:43:58.396+0800][info] GC(74)   Evacuate Collection Set: 2.1ms
[2024-09-08T21:43:58.396+0800][info] GC(74)   Post Evacuate Collection Set: 0.2ms
[2024-09-08T21:43:58.396+0800][info] GC(74)   Other: 0.2ms
[2024-09-08T21:43:58.396+0800][info] GC(74) Eden regions: 2->0(1)
[2024-09-08T21:43:58.396+0800][info] GC(74) Survivor regions: 1->1(1)
[2024-09-08T21:43:58.396+0800][info] GC(74) Old regions: 20->22
[2024-09-08T21:43:58.396+0800][info] GC(74) Archive regions: 2->2
[2024-09-08T21:43:58.396+0800][info] GC(74) Humongous regions: 0->0
[2024-09-08T21:43:58.396+0800][info] GC(74) Metaspace: 761K(896K)->761K(896K) NonClass: 698K(768K)->698K(768K) Class: 63K(128K)->63K(128K)
[2024-09-08T21:43:58.396+0800][info] GC(74) Pause Young (Concurrent Start) (G1 Evacuation Pause) 93M->94M(128M) 2.716ms
[2024-09-08T21:43:58.396+0800][info] GC(74) User=0.01s Sys=0.00s Real=0.00s
[2024-09-08T21:43:58.396+0800][info] GC(75) Concurrent Mark Cycle
[2024-09-08T21:43:58.396+0800][info] GC(75) Concurrent Clear Claimed Marks
[2024-09-08T21:43:58.396+0800][info] GC(75) Concurrent Clear Claimed Marks 0.018ms
[2024-09-08T21:43:58.396+0800][info] GC(75) Concurrent Scan Root Regions
[2024-09-08T21:43:58.396+0800][info] GC(75) Concurrent Scan Root Regions 0.385ms
[2024-09-08T21:43:58.396+0800][info] GC(75) Concurrent Mark
[2024-09-08T21:43:58.396+0800][info] GC(75) Concurrent Mark From Roots
[2024-09-08T21:43:58.396+0800][info] GC(75) Using 12 workers of 12 for marking
[2024-09-08T21:43:58.400+0800][info] GC(75) Concurrent Mark From Roots 4.086ms
[2024-09-08T21:43:58.400+0800][info] GC(75) Concurrent Preclean
[2024-09-08T21:43:58.402+0800][info] GC(75) Concurrent Preclean 1.690ms
[2024-09-08T21:43:58.402+0800][info] GC(75) Pause Remark
[2024-09-08T21:43:58.403+0800][info] GC(75) Pause Remark 94M->94M(128M) 1.319ms
[2024-09-08T21:43:58.403+0800][info] GC(75) User=0.00s Sys=0.00s Real=0.00s
[2024-09-08T21:43:58.404+0800][info] GC(75) Concurrent Mark 7.314ms
[2024-09-08T21:43:58.404+0800][info] GC(75) Concurrent Rebuild Remembered Sets
[2024-09-08T21:43:58.404+0800][info] GC(75) Concurrent Rebuild Remembered Sets 0.018ms
[2024-09-08T21:43:58.404+0800][info] GC(75) Pause Cleanup
[2024-09-08T21:43:58.404+0800][info] GC(75) Pause Cleanup 94M->94M(128M) 0.018ms
[2024-09-08T21:43:58.404+0800][info] GC(75) User=0.00s Sys=0.00s Real=0.00s
[2024-09-08T21:43:58.404+0800][info] GC(75) Concurrent Cleanup for Next Mark
[2024-09-08T21:43:58.404+0800][info] GC(75) Concurrent Cleanup for Next Mark 0.253ms
[2024-09-08T21:43:58.404+0800][info] GC(75) Concurrent Mark Cycle 8.235ms
[2024-09-08T21:43:59.399+0800][info] GC(76) Pause Young (Normal) (G1 Evacuation Pause)
[2024-09-08T21:43:59.399+0800][info] GC(76) Using 3 workers of 48 for evacuation
[2024-09-08T21:43:59.401+0800][info] GC(76)   Pre Evacuate Collection Set: 0.1ms
[2024-09-08T21:43:59.401+0800][info] GC(76)   Merge Heap Roots: 0.0ms
[2024-09-08T21:43:59.401+0800][info] GC(76)   Evacuate Collection Set: 1.4ms
[2024-09-08T21:43:59.401+0800][info] GC(76)   Post Evacuate Collection Set: 0.2ms
[2024-09-08T21:43:59.401+0800][info] GC(76)   Other: 0.2ms
[2024-09-08T21:43:59.401+0800][info] GC(76) Eden regions: 1->0(1)
[2024-09-08T21:43:59.401+0800][info] GC(76) Survivor regions: 1->1(1)
[2024-09-08T21:43:59.401+0800][info] GC(76) Old regions: 22->23
[2024-09-08T21:43:59.401+0800][info] GC(76) Archive regions: 2->2
[2024-09-08T21:43:59.401+0800][info] GC(76) Humongous regions: 0->0
[2024-09-08T21:43:59.401+0800][info] GC(76) Metaspace: 768K(896K)->768K(896K) NonClass: 705K(768K)->705K(768K) Class: 63K(128K)->63K(128K)
[2024-09-08T21:43:59.401+0800][info] GC(76) Pause Young (Normal) (G1 Evacuation Pause) 98M->98M(128M) 2.052ms
[2024-09-08T21:43:59.401+0800][info] GC(76) User=0.01s Sys=0.00s Real=0.00s
[2024-09-08T21:43:59.402+0800][info] GC(77) Pause Young (Concurrent Start) (G1 Evacuation Pause)
[2024-09-08T21:43:59.402+0800][info] GC(77) Using 3 workers of 48 for evacuation
[2024-09-08T21:43:59.404+0800][info] GC(77)   Pre Evacuate Collection Set: 0.0ms
[2024-09-08T21:43:59.404+0800][info] GC(77)   Merge Heap Roots: 0.0ms
[2024-09-08T21:43:59.404+0800][info] GC(77)   Evacuate Collection Set: 1.3ms
[2024-09-08T21:43:59.404+0800][info] GC(77)   Post Evacuate Collection Set: 0.2ms
[2024-09-08T21:43:59.404+0800][info] GC(77)   Other: 0.2ms
[2024-09-08T21:43:59.404+0800][info] GC(77) Eden regions: 1->0(1)
[2024-09-08T21:43:59.404+0800][info] GC(77) Survivor regions: 1->1(1)
[2024-09-08T21:43:59.404+0800][info] GC(77) Old regions: 23->24
[2024-09-08T21:43:59.404+0800][info] GC(77) Archive regions: 2->2
[2024-09-08T21:43:59.404+0800][info] GC(77) Humongous regions: 0->0
[2024-09-08T21:43:59.404+0800][info] GC(77) Metaspace: 768K(896K)->768K(896K) NonClass: 705K(768K)->705K(768K) Class: 63K(128K)->63K(128K)
[2024-09-08T21:43:59.404+0800][info] GC(77) Pause Young (Concurrent Start) (G1 Evacuation Pause) 102M->102M(128M) 1.886ms
[2024-09-08T21:43:59.404+0800][info] GC(77) User=0.00s Sys=0.00s Real=0.00s
[2024-09-08T21:43:59.404+0800][info] GC(78) Concurrent Mark Cycle
[2024-09-08T21:43:59.404+0800][info] GC(78) Concurrent Clear Claimed Marks
[2024-09-08T21:43:59.404+0800][info] GC(78) Concurrent Clear Claimed Marks 0.024ms
[2024-09-08T21:43:59.404+0800][info] GC(78) Concurrent Scan Root Regions
[2024-09-08T21:43:59.404+0800][info] GC(78) Concurrent Scan Root Regions 0.064ms
[2024-09-08T21:43:59.404+0800][info] GC(78) Concurrent Mark
[2024-09-08T21:43:59.404+0800][info] GC(78) Concurrent Mark From Roots
[2024-09-08T21:43:59.404+0800][info] GC(78) Using 12 workers of 12 for marking
[2024-09-08T21:43:59.408+0800][info] GC(78) Concurrent Mark From Roots 3.617ms
[2024-09-08T21:43:59.408+0800][info] GC(78) Concurrent Preclean
[2024-09-08T21:43:59.410+0800][info] GC(78) Concurrent Preclean 1.742ms
[2024-09-08T21:43:59.410+0800][info] GC(78) Pause Remark
[2024-09-08T21:43:59.411+0800][info] GC(78) Pause Remark 102M->102M(128M) 1.375ms
[2024-09-08T21:43:59.411+0800][info] GC(78) User=0.00s Sys=0.00s Real=0.00s
[2024-09-08T21:43:59.411+0800][info] GC(78) Concurrent Mark 6.916ms
[2024-09-08T21:43:59.411+0800][info] GC(78) Concurrent Rebuild Remembered Sets
[2024-09-08T21:43:59.411+0800][info] GC(78) Concurrent Rebuild Remembered Sets 0.012ms
[2024-09-08T21:43:59.411+0800][info] GC(78) Pause Cleanup
[2024-09-08T21:43:59.411+0800][info] GC(78) Pause Cleanup 102M->102M(128M) 0.024ms
[2024-09-08T21:43:59.411+0800][info] GC(78) User=0.00s Sys=0.00s Real=0.00s
[2024-09-08T21:43:59.411+0800][info] GC(78) Concurrent Cleanup for Next Mark
[2024-09-08T21:43:59.412+0800][info] GC(78) Concurrent Cleanup for Next Mark 0.305ms
[2024-09-08T21:43:59.412+0800][info] GC(78) Concurrent Mark Cycle 7.574ms
[2024-09-08T21:44:00.407+0800][info] GC(79) Pause Young (Normal) (G1 Preventive Collection)
[2024-09-08T21:44:00.407+0800][info] GC(79) Using 3 workers of 48 for evacuation
[2024-09-08T21:44:00.409+0800][info] GC(79)   Pre Evacuate Collection Set: 0.0ms
[2024-09-08T21:44:00.409+0800][info] GC(79)   Merge Heap Roots: 0.0ms
[2024-09-08T21:44:00.409+0800][info] GC(79)   Evacuate Collection Set: 1.2ms
[2024-09-08T21:44:00.409+0800][info] GC(79)   Post Evacuate Collection Set: 0.2ms
[2024-09-08T21:44:00.409+0800][info] GC(79)   Other: 0.2ms
[2024-09-08T21:44:00.409+0800][info] GC(79) Eden regions: 1->0(1)
[2024-09-08T21:44:00.409+0800][info] GC(79) Survivor regions: 1->1(1)
[2024-09-08T21:44:00.409+0800][info] GC(79) Old regions: 24->25
[2024-09-08T21:44:00.409+0800][info] GC(79) Archive regions: 2->2
[2024-09-08T21:44:00.409+0800][info] GC(79) Humongous regions: 0->0
[2024-09-08T21:44:00.409+0800][info] GC(79) Metaspace: 769K(896K)->769K(896K) NonClass: 706K(768K)->706K(768K) Class: 63K(128K)->63K(128K)
[2024-09-08T21:44:00.409+0800][info] GC(79) Pause Young (Normal) (G1 Preventive Collection) 105M->105M(128M) 1.773ms
[2024-09-08T21:44:00.409+0800][info] GC(79) User=0.00s Sys=0.00s Real=0.00s
[2024-09-08T21:44:00.410+0800][info] GC(80) Pause Young (Concurrent Start) (G1 Preventive Collection)
[2024-09-08T21:44:00.410+0800][info] GC(80) Using 3 workers of 48 for evacuation
[2024-09-08T21:44:00.412+0800][info] GC(80)   Pre Evacuate Collection Set: 0.0ms
[2024-09-08T21:44:00.412+0800][info] GC(80)   Merge Heap Roots: 0.0ms
[2024-09-08T21:44:00.412+0800][info] GC(80)   Evacuate Collection Set: 1.3ms
[2024-09-08T21:44:00.412+0800][info] GC(80)   Post Evacuate Collection Set: 0.1ms
[2024-09-08T21:44:00.412+0800][info] GC(80)   Other: 0.2ms
[2024-09-08T21:44:00.412+0800][info] GC(80) Eden regions: 1->0(1)
[2024-09-08T21:44:00.412+0800][info] GC(80) Survivor regions: 1->1(1)
[2024-09-08T21:44:00.412+0800][info] GC(80) Old regions: 25->26
[2024-09-08T21:44:00.412+0800][info] GC(80) Archive regions: 2->2
[2024-09-08T21:44:00.412+0800][info] GC(80) Humongous regions: 0->0
[2024-09-08T21:44:00.412+0800][info] GC(80) Metaspace: 769K(896K)->769K(896K) NonClass: 706K(768K)->706K(768K) Class: 63K(128K)->63K(128K)
[2024-09-08T21:44:00.412+0800][info] GC(80) Pause Young (Concurrent Start) (G1 Preventive Collection) 109M->109M(128M) 1.918ms
[2024-09-08T21:44:00.412+0800][info] GC(80) User=0.01s Sys=0.00s Real=0.00s
[2024-09-08T21:44:00.412+0800][info] GC(81) Concurrent Mark Cycle
[2024-09-08T21:44:00.412+0800][info] GC(81) Concurrent Clear Claimed Marks
[2024-09-08T21:44:00.412+0800][info] GC(81) Concurrent Clear Claimed Marks 0.024ms
[2024-09-08T21:44:00.412+0800][info] GC(81) Concurrent Scan Root Regions
[2024-09-08T21:44:00.412+0800][info] GC(81) Concurrent Scan Root Regions 0.065ms
[2024-09-08T21:44:00.412+0800][info] GC(81) Concurrent Mark
[2024-09-08T21:44:00.412+0800][info] GC(81) Concurrent Mark From Roots
[2024-09-08T21:44:00.412+0800][info] GC(81) Using 12 workers of 12 for marking
[2024-09-08T21:44:00.416+0800][info] GC(81) Concurrent Mark From Roots 3.548ms
[2024-09-08T21:44:00.416+0800][info] GC(81) Concurrent Preclean
[2024-09-08T21:44:00.418+0800][info] GC(81) Concurrent Preclean 1.677ms
[2024-09-08T21:44:00.418+0800][info] GC(81) Pause Remark
[2024-09-08T21:44:00.419+0800][info] GC(81) Pause Remark 110M->110M(128M) 1.343ms
[2024-09-08T21:44:00.419+0800][info] GC(81) User=0.00s Sys=0.00s Real=0.00s
[2024-09-08T21:44:00.419+0800][info] GC(81) Concurrent Mark 6.743ms
[2024-09-08T21:44:00.419+0800][info] GC(81) Concurrent Rebuild Remembered Sets
[2024-09-08T21:44:00.419+0800][info] GC(81) Concurrent Rebuild Remembered Sets 0.013ms
[2024-09-08T21:44:00.419+0800][info] GC(81) Pause Cleanup
[2024-09-08T21:44:00.419+0800][info] GC(81) Pause Cleanup 110M->110M(128M) 0.018ms
[2024-09-08T21:44:00.419+0800][info] GC(81) User=0.00s Sys=0.00s Real=0.00s
[2024-09-08T21:44:00.419+0800][info] GC(81) Concurrent Cleanup for Next Mark
[2024-09-08T21:44:00.419+0800][info] GC(81) Concurrent Cleanup for Next Mark 0.266ms
[2024-09-08T21:44:00.420+0800][info] GC(81) Concurrent Mark Cycle 7.357ms
[2024-09-08T21:44:01.426+0800][info] GC(82) Pause Young (Normal) (G1 Preventive Collection)
[2024-09-08T21:44:01.426+0800][info] GC(82) Using 3 workers of 48 for evacuation
[2024-09-08T21:44:01.428+0800][info] GC(82)   Pre Evacuate Collection Set: 0.1ms
[2024-09-08T21:44:01.428+0800][info] GC(82)   Merge Heap Roots: 0.0ms
[2024-09-08T21:44:01.428+0800][info] GC(82)   Evacuate Collection Set: 1.2ms
[2024-09-08T21:44:01.428+0800][info] GC(82)   Post Evacuate Collection Set: 0.1ms
[2024-09-08T21:44:01.428+0800][info] GC(82)   Other: 0.1ms
[2024-09-08T21:44:01.428+0800][info] GC(82) Eden regions: 1->0(1)
[2024-09-08T21:44:01.428+0800][info] GC(82) Survivor regions: 1->1(1)
[2024-09-08T21:44:01.428+0800][info] GC(82) Old regions: 26->27
[2024-09-08T21:44:01.428+0800][info] GC(82) Archive regions: 2->2
[2024-09-08T21:44:01.428+0800][info] GC(82) Humongous regions: 0->0
[2024-09-08T21:44:01.428+0800][info] GC(82) Metaspace: 779K(896K)->779K(896K) NonClass: 716K(768K)->716K(768K) Class: 63K(128K)->63K(128K)
[2024-09-08T21:44:01.428+0800][info] GC(82) Pause Young (Normal) (G1 Preventive Collection) 113M->113M(128M) 1.646ms
[2024-09-08T21:44:01.428+0800][info] GC(82) User=0.00s Sys=0.00s Real=0.00s
[2024-09-08T21:44:01.429+0800][info] GC(83) Pause Young (Concurrent Start) (G1 Preventive Collection)
[2024-09-08T21:44:01.429+0800][info] GC(83) Using 3 workers of 48 for evacuation
[2024-09-08T21:44:01.430+0800][info] GC(83) To-space exhausted
[2024-09-08T21:44:01.430+0800][info] GC(83)   Pre Evacuate Collection Set: 0.0ms
[2024-09-08T21:44:01.430+0800][info] GC(83)   Merge Heap Roots: 0.0ms
[2024-09-08T21:44:01.430+0800][info] GC(83)   Evacuate Collection Set: 1.0ms
[2024-09-08T21:44:01.430+0800][info] GC(83)   Post Evacuate Collection Set: 0.2ms
[2024-09-08T21:44:01.430+0800][info] GC(83)   Other: 0.2ms
[2024-09-08T21:44:01.430+0800][info] GC(83) Eden regions: 1->0(1)
[2024-09-08T21:44:01.430+0800][info] GC(83) Survivor regions: 1->1(1)
[2024-09-08T21:44:01.430+0800][info] GC(83) Old regions: 27->28
[2024-09-08T21:44:01.430+0800][info] GC(83) Archive regions: 2->2
[2024-09-08T21:44:01.430+0800][info] GC(83) Humongous regions: 0->0
[2024-09-08T21:44:01.430+0800][info] GC(83) Metaspace: 779K(896K)->779K(896K) NonClass: 716K(768K)->716K(768K) Class: 63K(128K)->63K(128K)
[2024-09-08T21:44:01.430+0800][info] GC(83) Pause Young (Concurrent Start) (G1 Preventive Collection) 117M->119M(128M) 1.418ms
[2024-09-08T21:44:01.430+0800][info] GC(83) User=0.00s Sys=0.00s Real=0.00s
[2024-09-08T21:44:01.430+0800][info] GC(84) Concurrent Mark Cycle
[2024-09-08T21:44:01.430+0800][info] GC(84) Concurrent Clear Claimed Marks
[2024-09-08T21:44:01.430+0800][info] GC(84) Concurrent Clear Claimed Marks 0.023ms
[2024-09-08T21:44:01.430+0800][info] GC(84) Concurrent Scan Root Regions
[2024-09-08T21:44:01.430+0800][info] GC(84) Concurrent Scan Root Regions 0.059ms
[2024-09-08T21:44:01.430+0800][info] GC(84) Concurrent Mark
[2024-09-08T21:44:01.430+0800][info] GC(84) Concurrent Mark From Roots
[2024-09-08T21:44:01.431+0800][info] GC(84) Using 12 workers of 12 for marking
[2024-09-08T21:44:01.433+0800][info] GC(84) Concurrent Mark From Roots 2.564ms
[2024-09-08T21:44:01.433+0800][info] GC(84) Concurrent Preclean
[2024-09-08T21:44:01.435+0800][info] GC(84) Concurrent Preclean 1.679ms
[2024-09-08T21:44:01.435+0800][info] GC(84) Pause Remark
[2024-09-08T21:44:01.437+0800][info] GC(84) Pause Remark 119M->27M(128M) 2.526ms
[2024-09-08T21:44:01.437+0800][info] GC(84) User=0.00s Sys=0.01s Real=0.01s
[2024-09-08T21:44:01.437+0800][info] GC(84) Concurrent Mark 6.914ms
[2024-09-08T21:44:01.437+0800][info] GC(84) Concurrent Rebuild Remembered Sets
[2024-09-08T21:44:01.439+0800][info] GC(84) Concurrent Rebuild Remembered Sets 1.493ms
[2024-09-08T21:44:01.439+0800][info] GC(84) Pause Cleanup
[2024-09-08T21:44:01.439+0800][info] GC(84) Pause Cleanup 27M->27M(128M) 0.129ms
[2024-09-08T21:44:01.439+0800][info] GC(84) User=0.00s Sys=0.00s Real=0.00s
[2024-09-08T21:44:01.439+0800][info] GC(84) Concurrent Cleanup for Next Mark
[2024-09-08T21:44:01.439+0800][info] GC(84) Concurrent Cleanup for Next Mark 0.249ms
[2024-09-08T21:44:01.439+0800][info] GC(84) Concurrent Mark Cycle 9.133ms
[2024-09-08T21:44:02.433+0800][info] GC(85) Pause Young (Prepare Mixed) (G1 Evacuation Pause)
[2024-09-08T21:44:02.433+0800][info] GC(85) Using 3 workers of 48 for evacuation
[2024-09-08T21:44:02.435+0800][info] GC(85)   Pre Evacuate Collection Set: 0.1ms
[2024-09-08T21:44:02.435+0800][info] GC(85)   Merge Heap Roots: 0.0ms
[2024-09-08T21:44:02.435+0800][info] GC(85)   Evacuate Collection Set: 1.5ms
[2024-09-08T21:44:02.435+0800][info] GC(85)   Post Evacuate Collection Set: 0.2ms
[2024-09-08T21:44:02.435+0800][info] GC(85)   Other: 0.2ms
[2024-09-08T21:44:02.435+0800][info] GC(85) Eden regions: 1->0(1)
[2024-09-08T21:44:02.435+0800][info] GC(85) Survivor regions: 1->1(1)
[2024-09-08T21:44:02.435+0800][info] GC(85) Old regions: 5->6
[2024-09-08T21:44:02.435+0800][info] GC(85) Archive regions: 2->2
[2024-09-08T21:44:02.435+0800][info] GC(85) Humongous regions: 0->0
[2024-09-08T21:44:02.435+0800][info] GC(85) Metaspace: 732K(896K)->732K(896K) NonClass: 680K(768K)->680K(768K) Class: 51K(128K)->51K(128K)
[2024-09-08T21:44:02.435+0800][info] GC(85) Pause Young (Prepare Mixed) (G1 Evacuation Pause) 31M->31M(128M) 2.065ms
[2024-09-08T21:44:02.435+0800][info] GC(85) User=0.00s Sys=0.00s Real=0.00s
[2024-09-08T21:44:02.436+0800][info] GC(86) Pause Young (Mixed) (G1 Evacuation Pause)
[2024-09-08T21:44:02.436+0800][info] GC(86) Using 3 workers of 48 for evacuation
[2024-09-08T21:44:02.439+0800][info] GC(86)   Pre Evacuate Collection Set: 0.0ms
[2024-09-08T21:44:02.440+0800][info] GC(86)   Merge Heap Roots: 0.0ms
[2024-09-08T21:44:02.440+0800][info] GC(86)   Evacuate Collection Set: 3.0ms
[2024-09-08T21:44:02.440+0800][info] GC(86)   Post Evacuate Collection Set: 0.2ms
[2024-09-08T21:44:02.440+0800][info] GC(86)   Other: 0.1ms
[2024-09-08T21:44:02.440+0800][info] GC(86) Eden regions: 1->0(6)
[2024-09-08T21:44:02.440+0800][info] GC(86) Survivor regions: 1->1(1)
[2024-09-08T21:44:02.440+0800][info] GC(86) Old regions: 6->5
[2024-09-08T21:44:02.440+0800][info] GC(86) Archive regions: 2->2
[2024-09-08T21:44:02.440+0800][info] GC(86) Humongous regions: 0->0
[2024-09-08T21:44:02.440+0800][info] GC(86) Metaspace: 732K(896K)->732K(896K) NonClass: 680K(768K)->680K(768K) Class: 51K(128K)->51K(128K)
[2024-09-08T21:44:02.440+0800][info] GC(86) Pause Young (Mixed) (G1 Evacuation Pause) 35M->24M(128M) 3.504ms
[2024-09-08T21:44:02.440+0800][info] GC(86) User=0.01s Sys=0.00s Real=0.01s
[2024-09-08T21:44:02.446+0800][info] GC(87) Pause Young (Normal) (G1 Evacuation Pause)
[2024-09-08T21:44:02.446+0800][info] GC(87) Using 3 workers of 48 for evacuation
[2024-09-08T21:44:02.451+0800][info] GC(87)   Pre Evacuate Collection Set: 0.1ms
[2024-09-08T21:44:02.451+0800][info] GC(87)   Merge Heap Roots: 0.0ms
[2024-09-08T21:44:02.451+0800][info] GC(87)   Evacuate Collection Set: 4.9ms
[2024-09-08T21:44:02.451+0800][info] GC(87)   Post Evacuate Collection Set: 0.2ms
[2024-09-08T21:44:02.451+0800][info] GC(87)   Other: 0.1ms
[2024-09-08T21:44:02.451+0800][info] GC(87) Eden regions: 6->0(4)
[2024-09-08T21:44:02.451+0800][info] GC(87) Survivor regions: 1->1(1)
[2024-09-08T21:44:02.451+0800][info] GC(87) Old regions: 5->11
[2024-09-08T21:44:02.451+0800][info] GC(87) Archive regions: 2->2
[2024-09-08T21:44:02.451+0800][info] GC(87) Humongous regions: 0->0
[2024-09-08T21:44:02.451+0800][info] GC(87) Metaspace: 732K(896K)->732K(896K) NonClass: 680K(768K)->680K(768K) Class: 51K(128K)->51K(128K)
[2024-09-08T21:44:02.451+0800][info] GC(87) Pause Young (Normal) (G1 Evacuation Pause) 48M->48M(128M) 5.444ms
[2024-09-08T21:44:02.451+0800][info] GC(87) User=0.01s Sys=0.00s Real=0.00s
[2024-09-08T21:44:02.456+0800][info] GC(88) Pause Young (Concurrent Start) (G1 Evacuation Pause)
[2024-09-08T21:44:02.456+0800][info] GC(88) Using 3 workers of 48 for evacuation
[2024-09-08T21:44:02.460+0800][info] GC(88)   Pre Evacuate Collection Set: 0.0ms
[2024-09-08T21:44:02.460+0800][info] GC(88)   Merge Heap Roots: 0.0ms
[2024-09-08T21:44:02.460+0800][info] GC(88)   Evacuate Collection Set: 3.7ms
[2024-09-08T21:44:02.460+0800][info] GC(88)   Post Evacuate Collection Set: 0.2ms
[2024-09-08T21:44:02.460+0800][info] GC(88)   Other: 0.3ms
[2024-09-08T21:44:02.460+0800][info] GC(88) Eden regions: 4->0(3)
[2024-09-08T21:44:02.460+0800][info] GC(88) Survivor regions: 1->1(1)
[2024-09-08T21:44:02.460+0800][info] GC(88) Old regions: 11->15
[2024-09-08T21:44:02.460+0800][info] GC(88) Archive regions: 2->2
[2024-09-08T21:44:02.460+0800][info] GC(88) Humongous regions: 0->0
[2024-09-08T21:44:02.460+0800][info] GC(88) Metaspace: 732K(896K)->732K(896K) NonClass: 680K(768K)->680K(768K) Class: 51K(128K)->51K(128K)
[2024-09-08T21:44:02.460+0800][info] GC(88) Pause Young (Concurrent Start) (G1 Evacuation Pause) 64M->64M(128M) 4.405ms
[2024-09-08T21:44:02.460+0800][info] GC(88) User=0.01s Sys=0.00s Real=0.01s
[2024-09-08T21:44:02.460+0800][info] GC(89) Concurrent Mark Cycle
[2024-09-08T21:44:02.460+0800][info] GC(89) Concurrent Clear Claimed Marks
[2024-09-08T21:44:02.460+0800][info] GC(89) Concurrent Clear Claimed Marks 0.018ms
[2024-09-08T21:44:02.460+0800][info] GC(89) Concurrent Scan Root Regions
[2024-09-08T21:44:02.460+0800][info] GC(89) Concurrent Scan Root Regions 0.253ms
[2024-09-08T21:44:02.460+0800][info] GC(89) Concurrent Mark
[2024-09-08T21:44:02.460+0800][info] GC(89) Concurrent Mark From Roots
[2024-09-08T21:44:02.460+0800][info] GC(89) Using 12 workers of 12 for marking
[2024-09-08T21:44:02.463+0800][info] GC(89) Concurrent Mark From Roots 2.714ms
[2024-09-08T21:44:02.463+0800][info] GC(89) Concurrent Preclean
[2024-09-08T21:44:02.465+0800][info] GC(89) Concurrent Preclean 1.679ms
[2024-09-08T21:44:02.465+0800][info] GC(89) Pause Remark
[2024-09-08T21:44:02.466+0800][info] GC(89) Pause Remark 65M->65M(128M) 1.140ms
[2024-09-08T21:44:02.466+0800][info] GC(89) User=0.00s Sys=0.00s Real=0.00s
[2024-09-08T21:44:02.466+0800][info] GC(89) Concurrent Mark 5.696ms
[2024-09-08T21:44:02.466+0800][info] GC(89) Concurrent Rebuild Remembered Sets
[2024-09-08T21:44:02.472+0800][info] GC(89) Concurrent Rebuild Remembered Sets 5.447ms
[2024-09-08T21:44:02.472+0800][info] GC(89) Pause Cleanup
[2024-09-08T21:44:02.472+0800][info] GC(89) Pause Cleanup 65M->65M(128M) 0.387ms
[2024-09-08T21:44:02.472+0800][info] GC(89) User=0.01s Sys=0.00s Real=0.00s
[2024-09-08T21:44:02.472+0800][info] GC(89) Concurrent Cleanup for Next Mark
[2024-09-08T21:44:02.472+0800][info] GC(89) Concurrent Cleanup for Next Mark 0.235ms
[2024-09-08T21:44:02.472+0800][info] GC(89) Concurrent Mark Cycle 12.317ms
[2024-09-08T21:44:03.464+0800][info] GC(90) Pause Young (Prepare Mixed) (G1 Evacuation Pause)
[2024-09-08T21:44:03.464+0800][info] GC(90) Using 3 workers of 48 for evacuation
[2024-09-08T21:44:03.467+0800][info] GC(90)   Pre Evacuate Collection Set: 0.1ms
[2024-09-08T21:44:03.467+0800][info] GC(90)   Merge Heap Roots: 0.0ms
[2024-09-08T21:44:03.467+0800][info] GC(90)   Evacuate Collection Set: 2.9ms
[2024-09-08T21:44:03.467+0800][info] GC(90)   Post Evacuate Collection Set: 0.2ms
[2024-09-08T21:44:03.467+0800][info] GC(90)   Other: 0.1ms
[2024-09-08T21:44:03.467+0800][info] GC(90) Eden regions: 3->0(1)
[2024-09-08T21:44:03.467+0800][info] GC(90) Survivor regions: 1->1(1)
[2024-09-08T21:44:03.467+0800][info] GC(90) Old regions: 15->18
[2024-09-08T21:44:03.467+0800][info] GC(90) Archive regions: 2->2
[2024-09-08T21:44:03.467+0800][info] GC(90) Humongous regions: 0->0
[2024-09-08T21:44:03.467+0800][info] GC(90) Metaspace: 732K(896K)->732K(896K) NonClass: 681K(768K)->681K(768K) Class: 51K(128K)->51K(128K)
[2024-09-08T21:44:03.468+0800][info] GC(90) Pause Young (Prepare Mixed) (G1 Evacuation Pause) 76M->76M(128M) 3.569ms
[2024-09-08T21:44:03.468+0800][info] GC(90) User=0.01s Sys=0.00s Real=0.01s
[2024-09-08T21:44:03.468+0800][info] GC(91) Pause Young (Mixed) (G1 Evacuation Pause)
[2024-09-08T21:44:03.468+0800][info] GC(91) Using 3 workers of 48 for evacuation
[2024-09-08T21:44:03.470+0800][info] GC(91)   Pre Evacuate Collection Set: 0.0ms
[2024-09-08T21:44:03.470+0800][info] GC(91)   Merge Heap Roots: 0.0ms
[2024-09-08T21:44:03.470+0800][info] GC(91)   Evacuate Collection Set: 1.4ms
[2024-09-08T21:44:03.470+0800][info] GC(91)   Post Evacuate Collection Set: 0.2ms
[2024-09-08T21:44:03.470+0800][info] GC(91)   Other: 0.1ms
[2024-09-08T21:44:03.470+0800][info] GC(91) Eden regions: 1->0(2)
[2024-09-08T21:44:03.470+0800][info] GC(91) Survivor regions: 1->1(1)
[2024-09-08T21:44:03.470+0800][info] GC(91) Old regions: 18->18
[2024-09-08T21:44:03.470+0800][info] GC(91) Archive regions: 2->2
[2024-09-08T21:44:03.470+0800][info] GC(91) Humongous regions: 0->0
[2024-09-08T21:44:03.470+0800][info] GC(91) Metaspace: 732K(896K)->732K(896K) NonClass: 681K(768K)->681K(768K) Class: 51K(128K)->51K(128K)
[2024-09-08T21:44:03.470+0800][info] GC(91) Pause Young (Mixed) (G1 Evacuation Pause) 80M->77M(128M) 1.875ms
[2024-09-08T21:44:03.470+0800][info] GC(91) User=0.00s Sys=0.00s Real=0.00s
[2024-09-08T21:44:03.472+0800][info] GC(92) Pause Young (Concurrent Start) (G1 Evacuation Pause)
[2024-09-08T21:44:03.472+0800][info] GC(92) Using 3 workers of 48 for evacuation
[2024-09-08T21:44:03.475+0800][info] GC(92)   Pre Evacuate Collection Set: 0.0ms
[2024-09-08T21:44:03.475+0800][info] GC(92)   Merge Heap Roots: 0.0ms
[2024-09-08T21:44:03.475+0800][info] GC(92)   Evacuate Collection Set: 2.0ms
[2024-09-08T21:44:03.475+0800][info] GC(92)   Post Evacuate Collection Set: 0.2ms
[2024-09-08T21:44:03.475+0800][info] GC(92)   Other: 0.2ms
[2024-09-08T21:44:03.475+0800][info] GC(92) Eden regions: 2->0(2)
[2024-09-08T21:44:03.475+0800][info] GC(92) Survivor regions: 1->1(1)
[2024-09-08T21:44:03.475+0800][info] GC(92) Old regions: 18->20
[2024-09-08T21:44:03.475+0800][info] GC(92) Archive regions: 2->2
[2024-09-08T21:44:03.475+0800][info] GC(92) Humongous regions: 0->0
[2024-09-08T21:44:03.475+0800][info] GC(92) Metaspace: 732K(896K)->732K(896K) NonClass: 681K(768K)->681K(768K) Class: 51K(128K)->51K(128K)
[2024-09-08T21:44:03.475+0800][info] GC(92) Pause Young (Concurrent Start) (G1 Evacuation Pause) 85M->85M(128M) 2.735ms
[2024-09-08T21:44:03.475+0800][info] GC(92) User=0.01s Sys=0.00s Real=0.00s
[2024-09-08T21:44:03.475+0800][info] GC(93) Concurrent Mark Cycle
[2024-09-08T21:44:03.475+0800][info] GC(93) Concurrent Clear Claimed Marks
[2024-09-08T21:44:03.475+0800][info] GC(93) Concurrent Clear Claimed Marks 0.016ms
[2024-09-08T21:44:03.475+0800][info] GC(93) Concurrent Scan Root Regions
[2024-09-08T21:44:03.475+0800][info] GC(93) Concurrent Scan Root Regions 0.395ms
[2024-09-08T21:44:03.475+0800][info] GC(93) Concurrent Mark
[2024-09-08T21:44:03.475+0800][info] GC(93) Concurrent Mark From Roots
[2024-09-08T21:44:03.475+0800][info] GC(93) Using 12 workers of 12 for marking
[2024-09-08T21:44:03.478+0800][info] GC(93) Concurrent Mark From Roots 2.761ms
[2024-09-08T21:44:03.478+0800][info] GC(93) Concurrent Preclean
[2024-09-08T21:44:03.480+0800][info] GC(93) Concurrent Preclean 1.649ms
[2024-09-08T21:44:03.480+0800][info] GC(93) Pause Remark
[2024-09-08T21:44:03.481+0800][info] GC(93) Pause Remark 85M->85M(128M) 1.206ms
[2024-09-08T21:44:03.481+0800][info] GC(93) User=0.00s Sys=0.00s Real=0.00s
[2024-09-08T21:44:03.481+0800][info] GC(93) Concurrent Mark 5.769ms
[2024-09-08T21:44:03.481+0800][info] GC(93) Concurrent Rebuild Remembered Sets
[2024-09-08T21:44:03.481+0800][info] GC(93) Concurrent Rebuild Remembered Sets 0.012ms
[2024-09-08T21:44:03.481+0800][info] GC(93) Pause Cleanup
[2024-09-08T21:44:03.481+0800][info] GC(93) Pause Cleanup 85M->85M(128M) 0.022ms
[2024-09-08T21:44:03.481+0800][info] GC(93) User=0.00s Sys=0.00s Real=0.00s
[2024-09-08T21:44:03.481+0800][info] GC(93) Concurrent Cleanup for Next Mark
[2024-09-08T21:44:03.481+0800][info] GC(93) Concurrent Cleanup for Next Mark 0.244ms
[2024-09-08T21:44:03.481+0800][info] GC(93) Concurrent Mark Cycle 6.677ms
[2024-09-08T21:44:04.478+0800][info] GC(94) Pause Young (Normal) (G1 Evacuation Pause)
[2024-09-08T21:44:04.478+0800][info] GC(94) Using 3 workers of 48 for evacuation
[2024-09-08T21:44:04.480+0800][info] GC(94)   Pre Evacuate Collection Set: 0.1ms
[2024-09-08T21:44:04.480+0800][info] GC(94)   Merge Heap Roots: 0.0ms
[2024-09-08T21:44:04.480+0800][info] GC(94)   Evacuate Collection Set: 2.1ms
[2024-09-08T21:44:04.480+0800][info] GC(94)   Post Evacuate Collection Set: 0.2ms
[2024-09-08T21:44:04.480+0800][info] GC(94)   Other: 0.2ms
[2024-09-08T21:44:04.480+0800][info] GC(94) Eden regions: 2->0(1)
[2024-09-08T21:44:04.480+0800][info] GC(94) Survivor regions: 1->1(1)
[2024-09-08T21:44:04.480+0800][info] GC(94) Old regions: 20->22
[2024-09-08T21:44:04.480+0800][info] GC(94) Archive regions: 2->2
[2024-09-08T21:44:04.480+0800][info] GC(94) Humongous regions: 0->0
[2024-09-08T21:44:04.480+0800][info] GC(94) Metaspace: 732K(896K)->732K(896K) NonClass: 681K(768K)->681K(768K) Class: 51K(128K)->51K(128K)
[2024-09-08T21:44:04.480+0800][info] GC(94) Pause Young (Normal) (G1 Evacuation Pause) 93M->93M(128M) 2.624ms
[2024-09-08T21:44:04.480+0800][info] GC(94) User=0.00s Sys=0.00s Real=0.00s
[2024-09-08T21:44:04.481+0800][info] GC(95) Pause Young (Concurrent Start) (G1 Evacuation Pause)
[2024-09-08T21:44:04.481+0800][info] GC(95) Using 3 workers of 48 for evacuation
[2024-09-08T21:44:04.483+0800][info] GC(95)   Pre Evacuate Collection Set: 0.0ms
[2024-09-08T21:44:04.483+0800][info] GC(95)   Merge Heap Roots: 0.0ms
[2024-09-08T21:44:04.483+0800][info] GC(95)   Evacuate Collection Set: 1.4ms
[2024-09-08T21:44:04.483+0800][info] GC(95)   Post Evacuate Collection Set: 0.2ms
[2024-09-08T21:44:04.483+0800][info] GC(95)   Other: 0.2ms
[2024-09-08T21:44:04.483+0800][info] GC(95) Eden regions: 1->0(1)
[2024-09-08T21:44:04.483+0800][info] GC(95) Survivor regions: 1->1(1)
[2024-09-08T21:44:04.483+0800][info] GC(95) Old regions: 22->23
[2024-09-08T21:44:04.483+0800][info] GC(95) Archive regions: 2->2
[2024-09-08T21:44:04.483+0800][info] GC(95) Humongous regions: 0->0
[2024-09-08T21:44:04.483+0800][info] GC(95) Metaspace: 732K(896K)->732K(896K) NonClass: 681K(768K)->681K(768K) Class: 51K(128K)->51K(128K)
[2024-09-08T21:44:04.483+0800][info] GC(95) Pause Young (Concurrent Start) (G1 Evacuation Pause) 97M->97M(128M) 1.889ms
[2024-09-08T21:44:04.483+0800][info] GC(95) User=0.00s Sys=0.00s Real=0.00s
[2024-09-08T21:44:04.483+0800][info] GC(96) Concurrent Mark Cycle
[2024-09-08T21:44:04.483+0800][info] GC(96) Concurrent Clear Claimed Marks
[2024-09-08T21:44:04.483+0800][info] GC(96) Concurrent Clear Claimed Marks 0.023ms
[2024-09-08T21:44:04.483+0800][info] GC(96) Concurrent Scan Root Regions
[2024-09-08T21:44:04.483+0800][info] GC(96) Concurrent Scan Root Regions 0.062ms
[2024-09-08T21:44:04.483+0800][info] GC(96) Concurrent Mark
[2024-09-08T21:44:04.483+0800][info] GC(96) Concurrent Mark From Roots
[2024-09-08T21:44:04.483+0800][info] GC(96) Using 12 workers of 12 for marking
[2024-09-08T21:44:04.486+0800][info] GC(96) Concurrent Mark From Roots 2.763ms
[2024-09-08T21:44:04.486+0800][info] GC(96) Concurrent Preclean
[2024-09-08T21:44:04.488+0800][info] GC(96) Concurrent Preclean 1.664ms
[2024-09-08T21:44:04.488+0800][info] GC(96) Pause Remark
[2024-09-08T21:44:04.489+0800][info] GC(96) Pause Remark 97M->97M(128M) 1.250ms
[2024-09-08T21:44:04.489+0800][info] GC(96) User=0.00s Sys=0.00s Real=0.00s
[2024-09-08T21:44:04.489+0800][info] GC(96) Concurrent Mark 5.831ms
[2024-09-08T21:44:04.489+0800][info] GC(96) Concurrent Rebuild Remembered Sets
[2024-09-08T21:44:04.489+0800][info] GC(96) Concurrent Rebuild Remembered Sets 0.012ms
[2024-09-08T21:44:04.489+0800][info] GC(96) Pause Cleanup
[2024-09-08T21:44:04.489+0800][info] GC(96) Pause Cleanup 97M->97M(128M) 0.017ms
[2024-09-08T21:44:04.489+0800][info] GC(96) User=0.00s Sys=0.00s Real=0.00s
[2024-09-08T21:44:04.489+0800][info] GC(96) Concurrent Cleanup for Next Mark
[2024-09-08T21:44:04.490+0800][info] GC(96) Concurrent Cleanup for Next Mark 0.253ms
[2024-09-08T21:44:04.490+0800][info] GC(96) Concurrent Mark Cycle 6.413ms
[2024-09-08T21:44:05.486+0800][info] GC(97) Pause Young (Normal) (G1 Evacuation Pause)
[2024-09-08T21:44:05.486+0800][info] GC(97) Using 3 workers of 48 for evacuation
[2024-09-08T21:44:05.487+0800][info] GC(97)   Pre Evacuate Collection Set: 0.1ms
[2024-09-08T21:44:05.487+0800][info] GC(97)   Merge Heap Roots: 0.0ms
[2024-09-08T21:44:05.487+0800][info] GC(97)   Evacuate Collection Set: 1.2ms
[2024-09-08T21:44:05.487+0800][info] GC(97)   Post Evacuate Collection Set: 0.2ms
[2024-09-08T21:44:05.487+0800][info] GC(97)   Other: 0.2ms
[2024-09-08T21:44:05.487+0800][info] GC(97) Eden regions: 1->0(1)
[2024-09-08T21:44:05.488+0800][info] GC(97) Survivor regions: 1->1(1)
[2024-09-08T21:44:05.488+0800][info] GC(97) Old regions: 23->24
[2024-09-08T21:44:05.488+0800][info] GC(97) Archive regions: 2->2
[2024-09-08T21:44:05.488+0800][info] GC(97) Humongous regions: 0->0
[2024-09-08T21:44:05.488+0800][info] GC(97) Metaspace: 733K(896K)->733K(896K) NonClass: 681K(768K)->681K(768K) Class: 51K(128K)->51K(128K)
[2024-09-08T21:44:05.488+0800][info] GC(97) Pause Young (Normal) (G1 Evacuation Pause) 101M->101M(128M) 1.725ms
[2024-09-08T21:44:05.488+0800][info] GC(97) User=0.00s Sys=0.00s Real=0.00s
[2024-09-08T21:44:05.488+0800][info] GC(98) Pause Young (Concurrent Start) (G1 Preventive Collection)
[2024-09-08T21:44:05.488+0800][info] GC(98) Using 3 workers of 48 for evacuation
[2024-09-08T21:44:05.490+0800][info] GC(98)   Pre Evacuate Collection Set: 0.1ms
[2024-09-08T21:44:05.490+0800][info] GC(98)   Merge Heap Roots: 0.0ms
[2024-09-08T21:44:05.490+0800][info] GC(98)   Evacuate Collection Set: 1.3ms
[2024-09-08T21:44:05.490+0800][info] GC(98)   Post Evacuate Collection Set: 0.2ms
[2024-09-08T21:44:05.490+0800][info] GC(98)   Other: 0.2ms
[2024-09-08T21:44:05.490+0800][info] GC(98) Eden regions: 1->0(1)
[2024-09-08T21:44:05.490+0800][info] GC(98) Survivor regions: 1->1(1)
[2024-09-08T21:44:05.490+0800][info] GC(98) Old regions: 24->25
[2024-09-08T21:44:05.490+0800][info] GC(98) Archive regions: 2->2
[2024-09-08T21:44:05.490+0800][info] GC(98) Humongous regions: 0->0
[2024-09-08T21:44:05.490+0800][info] GC(98) Metaspace: 733K(896K)->733K(896K) NonClass: 681K(768K)->681K(768K) Class: 51K(128K)->51K(128K)
[2024-09-08T21:44:05.490+0800][info] GC(98) Pause Young (Concurrent Start) (G1 Preventive Collection) 105M->105M(128M) 1.837ms
[2024-09-08T21:44:05.490+0800][info] GC(98) User=0.01s Sys=0.00s Real=0.00s
[2024-09-08T21:44:05.490+0800][info] GC(99) Concurrent Mark Cycle
[2024-09-08T21:44:05.490+0800][info] GC(99) Concurrent Clear Claimed Marks
[2024-09-08T21:44:05.490+0800][info] GC(99) Concurrent Clear Claimed Marks 0.018ms
[2024-09-08T21:44:05.490+0800][info] GC(99) Concurrent Scan Root Regions
[2024-09-08T21:44:05.491+0800][info] GC(99) Concurrent Scan Root Regions 0.052ms
[2024-09-08T21:44:05.491+0800][info] GC(99) Concurrent Mark
[2024-09-08T21:44:05.491+0800][info] GC(99) Concurrent Mark From Roots
[2024-09-08T21:44:05.491+0800][info] GC(99) Using 12 workers of 12 for marking
[2024-09-08T21:44:05.494+0800][info] GC(99) Concurrent Mark From Roots 3.821ms
[2024-09-08T21:44:05.494+0800][info] GC(99) Concurrent Preclean
[2024-09-08T21:44:05.496+0800][info] GC(99) Concurrent Preclean 1.652ms
[2024-09-08T21:44:05.496+0800][info] GC(99) Pause Remark
[2024-09-08T21:44:05.498+0800][info] GC(99) Pause Remark 105M->105M(128M) 1.389ms
[2024-09-08T21:44:05.498+0800][info] GC(99) User=0.00s Sys=0.00s Real=0.01s
[2024-09-08T21:44:05.498+0800][info] GC(99) Concurrent Mark 7.003ms
[2024-09-08T21:44:05.498+0800][info] GC(99) Concurrent Rebuild Remembered Sets
[2024-09-08T21:44:05.498+0800][info] GC(99) Concurrent Rebuild Remembered Sets 0.012ms
[2024-09-08T21:44:05.498+0800][info] GC(99) Pause Cleanup
[2024-09-08T21:44:05.498+0800][info] GC(99) Pause Cleanup 105M->105M(128M) 0.017ms
[2024-09-08T21:44:05.498+0800][info] GC(99) User=0.00s Sys=0.00s Real=0.00s
[2024-09-08T21:44:05.498+0800][info] GC(99) Concurrent Cleanup for Next Mark
[2024-09-08T21:44:05.498+0800][info] GC(99) Concurrent Cleanup for Next Mark 0.274ms
[2024-09-08T21:44:05.498+0800][info] GC(99) Concurrent Mark Cycle 7.570ms
[2024-09-08T21:44:06.493+0800][info] GC(100) Pause Young (Concurrent Start) (G1 Humongous Allocation)
[2024-09-08T21:44:06.493+0800][info] GC(100) Using 3 workers of 48 for evacuation
[2024-09-08T21:44:06.495+0800][info] GC(100)   Pre Evacuate Collection Set: 0.1ms
[2024-09-08T21:44:06.495+0800][info] GC(100)   Merge Heap Roots: 0.0ms
[2024-09-08T21:44:06.495+0800][info] GC(100)   Evacuate Collection Set: 1.2ms
[2024-09-08T21:44:06.495+0800][info] GC(100)   Post Evacuate Collection Set: 0.2ms
[2024-09-08T21:44:06.495+0800][info] GC(100)   Other: 0.2ms
[2024-09-08T21:44:06.495+0800][info] GC(100) Eden regions: 1->0(1)
[2024-09-08T21:44:06.495+0800][info] GC(100) Survivor regions: 1->1(1)
[2024-09-08T21:44:06.495+0800][info] GC(100) Old regions: 25->26
[2024-09-08T21:44:06.495+0800][info] GC(100) Archive regions: 2->2
[2024-09-08T21:44:06.495+0800][info] GC(100) Humongous regions: 0->0
[2024-09-08T21:44:06.495+0800][info] GC(100) Metaspace: 737K(960K)->737K(960K) NonClass: 685K(832K)->685K(832K) Class: 51K(128K)->51K(128K)
[2024-09-08T21:44:06.495+0800][info] GC(100) Pause Young (Concurrent Start) (G1 Humongous Allocation) 108M->108M(128M) 1.848ms
[2024-09-08T21:44:06.495+0800][info] GC(100) User=0.01s Sys=0.00s Real=0.00s
[2024-09-08T21:44:06.495+0800][info] GC(102) Concurrent Mark Cycle
[2024-09-08T21:44:06.495+0800][info] GC(102) Concurrent Clear Claimed Marks
[2024-09-08T21:44:06.495+0800][info] GC(102) Concurrent Clear Claimed Marks 0.018ms
[2024-09-08T21:44:06.495+0800][info] GC(102) Concurrent Scan Root Regions
[2024-09-08T21:44:06.495+0800][info] GC(102) Concurrent Scan Root Regions 0.091ms
[2024-09-08T21:44:06.496+0800][info] GC(102) Concurrent Mark
[2024-09-08T21:44:06.496+0800][info] GC(102) Concurrent Mark From Roots
[2024-09-08T21:44:06.496+0800][info] GC(102) Using 12 workers of 12 for marking
[2024-09-08T21:44:06.496+0800][info] GC(101) Pause Young (Normal) (G1 Preventive Collection)
[2024-09-08T21:44:06.496+0800][info] GC(101) Using 3 workers of 48 for evacuation
[2024-09-08T21:44:06.496+0800][info] GC(101)   Pre Evacuate Collection Set: 0.2ms
[2024-09-08T21:44:06.496+0800][info] GC(101)   Merge Heap Roots: 0.0ms
[2024-09-08T21:44:06.496+0800][info] GC(101)   Evacuate Collection Set: 0.4ms
[2024-09-08T21:44:06.496+0800][info] GC(101)   Post Evacuate Collection Set: 0.1ms
[2024-09-08T21:44:06.496+0800][info] GC(101)   Other: 0.1ms
[2024-09-08T21:44:06.496+0800][info] GC(101) Eden regions: 0->0(1)
[2024-09-08T21:44:06.496+0800][info] GC(101) Survivor regions: 1->0(1)
[2024-09-08T21:44:06.496+0800][info] GC(101) Old regions: 26->27
[2024-09-08T21:44:06.496+0800][info] GC(101) Archive regions: 2->2
[2024-09-08T21:44:06.496+0800][info] GC(101) Humongous regions: 0->0
[2024-09-08T21:44:06.496+0800][info] GC(101) Metaspace: 737K(960K)->737K(960K) NonClass: 685K(832K)->685K(832K) Class: 51K(128K)->51K(128K)
[2024-09-08T21:44:06.496+0800][info] GC(101) Pause Young (Normal) (G1 Preventive Collection) 108M->108M(128M) 0.797ms
[2024-09-08T21:44:06.496+0800][info] GC(101) User=0.00s Sys=0.00s Real=0.00s
[2024-09-08T21:44:06.496+0800][info] Attempting full compaction
[2024-09-08T21:44:06.496+0800][info] GC(103) Using 1 workers of 48 for full compaction
[2024-09-08T21:44:06.496+0800][info] GC(103) Pause Full (G1 Compaction Pause)
[2024-09-08T21:44:06.497+0800][info] GC(103) Phase 1: Mark live objects
[2024-09-08T21:44:06.503+0800][info] GC(103) Phase 1: Mark live objects 6.707ms
[2024-09-08T21:44:06.504+0800][info] GC(103) Phase 2: Prepare for compaction
[2024-09-08T21:44:06.505+0800][info] GC(103) Phase 2: Prepare for compaction 1.160ms
[2024-09-08T21:44:06.505+0800][info] GC(103) Phase 3: Adjust pointers
[2024-09-08T21:44:06.507+0800][info] GC(103) Phase 3: Adjust pointers 2.432ms
[2024-09-08T21:44:06.507+0800][info] GC(103) Phase 4: Compact heap
[2024-09-08T21:44:06.508+0800][info] GC(103) Phase 4: Compact heap 0.967ms
[2024-09-08T21:44:06.509+0800][info] GC(103) Eden regions: 0->0(8)
[2024-09-08T21:44:06.509+0800][info] GC(103) Survivor regions: 0->0(1)
[2024-09-08T21:44:06.509+0800][info] GC(103) Old regions: 27->1
[2024-09-08T21:44:06.509+0800][info] GC(103) Archive regions: 2->2
[2024-09-08T21:44:06.509+0800][info] GC(103) Humongous regions: 0->0
[2024-09-08T21:44:06.509+0800][info] GC(103) Metaspace: 737K(960K)->737K(960K) NonClass: 685K(832K)->685K(832K) Class: 51K(128K)->51K(128K)
[2024-09-08T21:44:06.509+0800][info] GC(103) Pause Full (G1 Compaction Pause) 108M->4M(128M) 12.517ms
[2024-09-08T21:44:06.509+0800][info] GC(103) User=0.01s Sys=0.00s Real=0.02s
[2024-09-08T21:44:06.509+0800][info] GC(102) Concurrent Mark From Roots 13.604ms
[2024-09-08T21:44:06.509+0800][info] GC(102) Concurrent Mark Abort
[2024-09-08T21:44:06.509+0800][info] GC(102) Concurrent Mark Cycle 13.883ms
[2024-09-08T21:44:06.516+0800][info] GC(104) Pause Young (Concurrent Start) (G1 Humongous Allocation)
[2024-09-08T21:44:06.516+0800][info] GC(104) Using 3 workers of 48 for evacuation
[2024-09-08T21:44:06.517+0800][info] GC(104)   Pre Evacuate Collection Set: 0.0ms
[2024-09-08T21:44:06.517+0800][info] GC(104)   Merge Heap Roots: 0.0ms
[2024-09-08T21:44:06.517+0800][info] GC(104)   Evacuate Collection Set: 0.2ms
[2024-09-08T21:44:06.517+0800][info] GC(104)   Post Evacuate Collection Set: 0.2ms
[2024-09-08T21:44:06.517+0800][info] GC(104)   Other: 0.2ms
[2024-09-08T21:44:06.517+0800][info] GC(104) Eden regions: 0->0(8)
[2024-09-08T21:44:06.517+0800][info] GC(104) Survivor regions: 0->0(1)
[2024-09-08T21:44:06.517+0800][info] GC(104) Old regions: 1->1
[2024-09-08T21:44:06.517+0800][info] GC(104) Archive regions: 2->2
[2024-09-08T21:44:06.517+0800][info] GC(104) Humongous regions: 3->0
[2024-09-08T21:44:06.517+0800][info] GC(104) Metaspace: 737K(960K)->737K(960K) NonClass: 685K(832K)->685K(832K) Class: 51K(128K)->51K(128K)
[2024-09-08T21:44:06.517+0800][info] GC(104) Pause Young (Concurrent Start) (G1 Humongous Allocation) 16M->4M(128M) 0.706ms
[2024-09-08T21:44:06.517+0800][info] GC(104) User=0.00s Sys=0.00s Real=0.01s
[2024-09-08T21:44:06.517+0800][info] GC(105) Concurrent Mark Cycle
[2024-09-08T21:44:06.517+0800][info] GC(105) Concurrent Clear Claimed Marks
[2024-09-08T21:44:06.517+0800][info] GC(105) Concurrent Clear Claimed Marks 0.016ms
[2024-09-08T21:44:06.517+0800][info] GC(105) Concurrent Scan Root Regions
[2024-09-08T21:44:06.517+0800][info] GC(105) Concurrent Scan Root Regions 0.011ms
[2024-09-08T21:44:06.517+0800][info] GC(105) Concurrent Mark
[2024-09-08T21:44:06.517+0800][info] GC(105) Concurrent Mark From Roots
[2024-09-08T21:44:06.517+0800][info] GC(105) Using 12 workers of 12 for marking
[2024-09-08T21:44:06.519+0800][info] GC(105) Concurrent Mark From Roots 2.262ms
[2024-09-08T21:44:06.519+0800][info] GC(105) Concurrent Preclean
[2024-09-08T21:44:06.521+0800][info] GC(105) Concurrent Preclean 1.701ms
[2024-09-08T21:44:06.521+0800][info] GC(105) Pause Remark
[2024-09-08T21:44:06.522+0800][info] GC(105) Pause Remark 17M->17M(128M) 0.843ms
[2024-09-08T21:44:06.522+0800][info] GC(105) User=0.00s Sys=0.00s Real=0.00s
[2024-09-08T21:44:06.522+0800][info] GC(105) Concurrent Mark 4.928ms
[2024-09-08T21:44:06.522+0800][info] GC(105) Concurrent Rebuild Remembered Sets
[2024-09-08T21:44:06.522+0800][info] GC(105) Concurrent Rebuild Remembered Sets 0.012ms
[2024-09-08T21:44:06.522+0800][info] GC(105) Pause Cleanup
[2024-09-08T21:44:06.522+0800][info] GC(105) Pause Cleanup 17M->17M(128M) 0.018ms
[2024-09-08T21:44:06.522+0800][info] GC(105) User=0.00s Sys=0.00s Real=0.00s
[2024-09-08T21:44:06.522+0800][info] GC(105) Concurrent Cleanup for Next Mark
[2024-09-08T21:44:06.522+0800][info] GC(105) Concurrent Cleanup for Next Mark 0.140ms
[2024-09-08T21:44:06.522+0800][info] GC(105) Concurrent Mark Cycle 5.303ms
[2024-09-08T21:44:07.524+0800][info] GC(106) Pause Young (Concurrent Start) (G1 Humongous Allocation)
[2024-09-08T21:44:07.524+0800][info] GC(106) Using 3 workers of 48 for evacuation
[2024-09-08T21:44:07.524+0800][info] GC(106)   Pre Evacuate Collection Set: 0.1ms
[2024-09-08T21:44:07.524+0800][info] GC(106)   Merge Heap Roots: 0.0ms
[2024-09-08T21:44:07.525+0800][info] GC(106)   Evacuate Collection Set: 0.2ms
[2024-09-08T21:44:07.525+0800][info] GC(106)   Post Evacuate Collection Set: 0.2ms
[2024-09-08T21:44:07.525+0800][info] GC(106)   Other: 0.3ms
[2024-09-08T21:44:07.525+0800][info] GC(106) Eden regions: 1->0(9)
[2024-09-08T21:44:07.525+0800][info] GC(106) Survivor regions: 0->0(1)
[2024-09-08T21:44:07.525+0800][info] GC(106) Old regions: 1->1
[2024-09-08T21:44:07.525+0800][info] GC(106) Archive regions: 2->2
[2024-09-08T21:44:07.525+0800][info] GC(106) Humongous regions: 3->0
[2024-09-08T21:44:07.525+0800][info] GC(106) Metaspace: 738K(960K)->738K(960K) NonClass: 686K(832K)->686K(832K) Class: 51K(128K)->51K(128K)
[2024-09-08T21:44:07.525+0800][info] GC(106) Pause Young (Concurrent Start) (G1 Humongous Allocation) 17M->4M(128M) 1.002ms
[2024-09-08T21:44:07.525+0800][info] GC(106) User=0.00s Sys=0.01s Real=0.01s
[2024-09-08T21:44:07.525+0800][info] GC(107) Concurrent Mark Cycle
[2024-09-08T21:44:07.525+0800][info] GC(107) Concurrent Clear Claimed Marks
[2024-09-08T21:44:07.525+0800][info] GC(107) Concurrent Clear Claimed Marks 0.018ms
[2024-09-08T21:44:07.525+0800][info] GC(107) Concurrent Scan Root Regions
[2024-09-08T21:44:07.525+0800][info] GC(107) Concurrent Scan Root Regions 0.011ms
[2024-09-08T21:44:07.525+0800][info] GC(107) Concurrent Mark
[2024-09-08T21:44:07.525+0800][info] GC(107) Concurrent Mark From Roots
[2024-09-08T21:44:07.525+0800][info] GC(107) Using 12 workers of 12 for marking
[2024-09-08T21:44:07.527+0800][info] GC(107) Concurrent Mark From Roots 1.954ms
[2024-09-08T21:44:07.527+0800][info] GC(107) Concurrent Preclean
[2024-09-08T21:44:07.529+0800][info] GC(107) Concurrent Preclean 1.669ms
[2024-09-08T21:44:07.529+0800][info] GC(107) Pause Remark
[2024-09-08T21:44:07.530+0800][info] GC(107) Pause Remark 17M->17M(128M) 0.836ms
[2024-09-08T21:44:07.530+0800][info] GC(107) User=0.00s Sys=0.00s Real=0.00s
[2024-09-08T21:44:07.530+0800][info] GC(107) Concurrent Mark 4.617ms
[2024-09-08T21:44:07.530+0800][info] GC(107) Concurrent Rebuild Remembered Sets
[2024-09-08T21:44:07.530+0800][info] GC(107) Concurrent Rebuild Remembered Sets 0.013ms
[2024-09-08T21:44:07.530+0800][info] GC(107) Pause Cleanup
[2024-09-08T21:44:07.530+0800][info] GC(107) Pause Cleanup 17M->17M(128M) 0.022ms
[2024-09-08T21:44:07.530+0800][info] GC(107) User=0.00s Sys=0.00s Real=0.00s
[2024-09-08T21:44:07.530+0800][info] GC(107) Concurrent Cleanup for Next Mark
[2024-09-08T21:44:07.530+0800][info] GC(107) Concurrent Cleanup for Next Mark 0.178ms
[2024-09-08T21:44:07.530+0800][info] GC(107) Concurrent Mark Cycle 5.083ms
[2024-09-08T21:44:08.533+0800][info] GC(108) Pause Young (Concurrent Start) (G1 Humongous Allocation)
[2024-09-08T21:44:08.533+0800][info] GC(108) Using 3 workers of 48 for evacuation
[2024-09-08T21:44:08.534+0800][info] GC(108)   Pre Evacuate Collection Set: 0.1ms
[2024-09-08T21:44:08.534+0800][info] GC(108)   Merge Heap Roots: 0.1ms
[2024-09-08T21:44:08.534+0800][info] GC(108)   Evacuate Collection Set: 0.2ms
[2024-09-08T21:44:08.534+0800][info] GC(108)   Post Evacuate Collection Set: 0.2ms
[2024-09-08T21:44:08.534+0800][info] GC(108)   Other: 0.3ms
[2024-09-08T21:44:08.534+0800][info] GC(108) Eden regions: 1->0(11)
[2024-09-08T21:44:08.534+0800][info] GC(108) Survivor regions: 0->0(2)
[2024-09-08T21:44:08.534+0800][info] GC(108) Old regions: 1->1
[2024-09-08T21:44:08.534+0800][info] GC(108) Archive regions: 2->2
[2024-09-08T21:44:08.534+0800][info] GC(108) Humongous regions: 3->0
[2024-09-08T21:44:08.534+0800][info] GC(108) Metaspace: 754K(960K)->754K(960K) NonClass: 703K(832K)->703K(832K) Class: 51K(128K)->51K(128K)
[2024-09-08T21:44:08.534+0800][info] GC(108) Pause Young (Concurrent Start) (G1 Humongous Allocation) 17M->4M(128M) 1.027ms
[2024-09-08T21:44:08.534+0800][info] GC(108) User=0.00s Sys=0.00s Real=0.00s
[2024-09-08T21:44:08.534+0800][info] GC(109) Concurrent Mark Cycle
[2024-09-08T21:44:08.534+0800][info] GC(109) Concurrent Clear Claimed Marks
[2024-09-08T21:44:08.534+0800][info] GC(109) Concurrent Clear Claimed Marks 0.018ms
[2024-09-08T21:44:08.534+0800][info] GC(109) Concurrent Scan Root Regions
[2024-09-08T21:44:08.534+0800][info] GC(109) Concurrent Scan Root Regions 0.011ms
[2024-09-08T21:44:08.534+0800][info] GC(109) Concurrent Mark
[2024-09-08T21:44:08.534+0800][info] GC(109) Concurrent Mark From Roots
[2024-09-08T21:44:08.534+0800][info] GC(109) Using 12 workers of 12 for marking
[2024-09-08T21:44:08.536+0800][info] GC(109) Concurrent Mark From Roots 2.153ms
[2024-09-08T21:44:08.536+0800][info] GC(109) Concurrent Preclean
[2024-09-08T21:44:08.538+0800][info] GC(109) Concurrent Preclean 1.685ms
[2024-09-08T21:44:08.538+0800][info] GC(109) Pause Remark
[2024-09-08T21:44:08.539+0800][info] GC(109) Pause Remark 17M->17M(128M) 1.049ms
[2024-09-08T21:44:08.539+0800][info] GC(109) User=0.00s Sys=0.01s Real=0.00s
[2024-09-08T21:44:08.539+0800][info] GC(109) Concurrent Mark 5.109ms
[2024-09-08T21:44:08.539+0800][info] GC(109) Concurrent Rebuild Remembered Sets
[2024-09-08T21:44:08.539+0800][info] GC(109) Concurrent Rebuild Remembered Sets 0.016ms
[2024-09-08T21:44:08.539+0800][info] GC(109) Pause Cleanup
[2024-09-08T21:44:08.539+0800][info] GC(109) Pause Cleanup 17M->17M(128M) 0.027ms
[2024-09-08T21:44:08.539+0800][info] GC(109) User=0.00s Sys=0.00s Real=0.00s
[2024-09-08T21:44:08.539+0800][info] GC(109) Concurrent Cleanup for Next Mark
[2024-09-08T21:44:08.540+0800][info] GC(109) Concurrent Cleanup for Next Mark 0.295ms
[2024-09-08T21:44:08.540+0800][info] GC(109) Concurrent Mark Cycle 5.740ms
[2024-09-08T21:44:09.542+0800][info] GC(110) Pause Young (Concurrent Start) (G1 Humongous Allocation)
[2024-09-08T21:44:09.542+0800][info] GC(110) Using 3 workers of 48 for evacuation
[2024-09-08T21:44:09.543+0800][info] GC(110)   Pre Evacuate Collection Set: 0.1ms
[2024-09-08T21:44:09.543+0800][info] GC(110)   Merge Heap Roots: 0.0ms
[2024-09-08T21:44:09.543+0800][info] GC(110)   Evacuate Collection Set: 0.3ms
[2024-09-08T21:44:09.543+0800][info] GC(110)   Post Evacuate Collection Set: 0.2ms
[2024-09-08T21:44:09.543+0800][info] GC(110)   Other: 0.3ms
[2024-09-08T21:44:09.543+0800][info] GC(110) Eden regions: 1->0(12)
[2024-09-08T21:44:09.543+0800][info] GC(110) Survivor regions: 0->0(2)
[2024-09-08T21:44:09.543+0800][info] GC(110) Old regions: 1->1
[2024-09-08T21:44:09.543+0800][info] GC(110) Archive regions: 2->2
[2024-09-08T21:44:09.543+0800][info] GC(110) Humongous regions: 3->0
[2024-09-08T21:44:09.543+0800][info] GC(110) Metaspace: 754K(960K)->754K(960K) NonClass: 703K(832K)->703K(832K) Class: 51K(128K)->51K(128K)
[2024-09-08T21:44:09.543+0800][info] GC(110) Pause Young (Concurrent Start) (G1 Humongous Allocation) 17M->4M(128M) 1.192ms
[2024-09-08T21:44:09.543+0800][info] GC(110) User=0.00s Sys=0.00s Real=0.00s
[2024-09-08T21:44:09.543+0800][info] GC(111) Concurrent Mark Cycle
[2024-09-08T21:44:09.543+0800][info] GC(111) Concurrent Clear Claimed Marks
[2024-09-08T21:44:09.543+0800][info] GC(111) Concurrent Clear Claimed Marks 0.019ms
[2024-09-08T21:44:09.543+0800][info] GC(111) Concurrent Scan Root Regions
[2024-09-08T21:44:09.543+0800][info] GC(111) Concurrent Scan Root Regions 0.011ms
[2024-09-08T21:44:09.543+0800][info] GC(111) Concurrent Mark
[2024-09-08T21:44:09.543+0800][info] GC(111) Concurrent Mark From Roots
[2024-09-08T21:44:09.544+0800][info] GC(111) Using 12 workers of 12 for marking
[2024-09-08T21:44:09.546+0800][info] GC(111) Concurrent Mark From Roots 2.337ms
[2024-09-08T21:44:09.546+0800][info] GC(111) Concurrent Preclean
[2024-09-08T21:44:09.548+0800][info] GC(111) Concurrent Preclean 1.698ms
[2024-09-08T21:44:09.548+0800][info] GC(111) Pause Remark
[2024-09-08T21:44:09.549+0800][info] GC(111) Pause Remark 17M->17M(128M) 1.041ms
[2024-09-08T21:44:09.549+0800][info] GC(111) User=0.00s Sys=0.00s Real=0.00s
[2024-09-08T21:44:09.549+0800][info] GC(111) Concurrent Mark 5.297ms
[2024-09-08T21:44:09.549+0800][info] GC(111) Concurrent Rebuild Remembered Sets
[2024-09-08T21:44:09.549+0800][info] GC(111) Concurrent Rebuild Remembered Sets 0.016ms
[2024-09-08T21:44:09.549+0800][info] GC(111) Pause Cleanup
[2024-09-08T21:44:09.549+0800][info] GC(111) Pause Cleanup 17M->17M(128M) 0.029ms
[2024-09-08T21:44:09.549+0800][info] GC(111) User=0.00s Sys=0.00s Real=0.00s
[2024-09-08T21:44:09.549+0800][info] GC(111) Concurrent Cleanup for Next Mark
[2024-09-08T21:44:09.549+0800][info] GC(111) Concurrent Cleanup for Next Mark 0.319ms
[2024-09-08T21:44:09.549+0800][info] GC(111) Concurrent Mark Cycle 5.969ms
[2024-09-08T21:44:10.551+0800][info] GC(112) Pause Young (Concurrent Start) (G1 Humongous Allocation)
[2024-09-08T21:44:10.551+0800][info] GC(112) Using 3 workers of 48 for evacuation
[2024-09-08T21:44:10.552+0800][info] GC(112)   Pre Evacuate Collection Set: 0.1ms
[2024-09-08T21:44:10.552+0800][info] GC(112)   Merge Heap Roots: 0.0ms
[2024-09-08T21:44:10.552+0800][info] GC(112)   Evacuate Collection Set: 0.3ms
[2024-09-08T21:44:10.552+0800][info] GC(112)   Post Evacuate Collection Set: 0.2ms
[2024-09-08T21:44:10.552+0800][info] GC(112)   Other: 0.3ms
[2024-09-08T21:44:10.552+0800][info] GC(112) Eden regions: 1->0(14)
[2024-09-08T21:44:10.552+0800][info] GC(112) Survivor regions: 0->0(2)
[2024-09-08T21:44:10.552+0800][info] GC(112) Old regions: 1->1
[2024-09-08T21:44:10.552+0800][info] GC(112) Archive regions: 2->2
[2024-09-08T21:44:10.552+0800][info] GC(112) Humongous regions: 3->0
[2024-09-08T21:44:10.552+0800][info] GC(112) Metaspace: 755K(960K)->755K(960K) NonClass: 704K(832K)->704K(832K) Class: 51K(128K)->51K(128K)
[2024-09-08T21:44:10.552+0800][info] GC(112) Pause Young (Concurrent Start) (G1 Humongous Allocation) 17M->4M(128M) 1.151ms
[2024-09-08T21:44:10.553+0800][info] GC(112) User=0.00s Sys=0.00s Real=0.00s
[2024-09-08T21:44:10.553+0800][info] GC(113) Concurrent Mark Cycle
[2024-09-08T21:44:10.553+0800][info] GC(113) Concurrent Clear Claimed Marks
[2024-09-08T21:44:10.553+0800][info] GC(113) Concurrent Clear Claimed Marks 0.019ms
[2024-09-08T21:44:10.553+0800][info] GC(113) Concurrent Scan Root Regions
[2024-09-08T21:44:10.553+0800][info] GC(113) Concurrent Scan Root Regions 0.012ms
[2024-09-08T21:44:10.553+0800][info] GC(113) Concurrent Mark
[2024-09-08T21:44:10.553+0800][info] GC(113) Concurrent Mark From Roots
[2024-09-08T21:44:10.553+0800][info] GC(113) Using 12 workers of 12 for marking
[2024-09-08T21:44:10.555+0800][info] GC(113) Concurrent Mark From Roots 2.363ms
[2024-09-08T21:44:10.555+0800][info] GC(113) Concurrent Preclean
[2024-09-08T21:44:10.557+0800][info] GC(113) Concurrent Preclean 1.702ms
[2024-09-08T21:44:10.557+0800][info] GC(113) Pause Remark
[2024-09-08T21:44:10.558+0800][info] GC(113) Pause Remark 17M->17M(128M) 1.038ms
[2024-09-08T21:44:10.558+0800][info] GC(113) User=0.01s Sys=0.00s Real=0.00s
[2024-09-08T21:44:10.558+0800][info] GC(113) Concurrent Mark 5.318ms
[2024-09-08T21:44:10.558+0800][info] GC(113) Concurrent Rebuild Remembered Sets
[2024-09-08T21:44:10.558+0800][info] GC(113) Concurrent Rebuild Remembered Sets 0.015ms
[2024-09-08T21:44:10.558+0800][info] GC(113) Pause Cleanup
[2024-09-08T21:44:10.558+0800][info] GC(113) Pause Cleanup 17M->17M(128M) 0.022ms
[2024-09-08T21:44:10.558+0800][info] GC(113) User=0.00s Sys=0.00s Real=0.00s
[2024-09-08T21:44:10.558+0800][info] GC(113) Concurrent Cleanup for Next Mark
[2024-09-08T21:44:10.559+0800][info] GC(113) Concurrent Cleanup for Next Mark 0.309ms
[2024-09-08T21:44:10.559+0800][info] GC(113) Concurrent Mark Cycle 5.996ms
[2024-09-08T21:44:11.561+0800][info] GC(114) Pause Young (Concurrent Start) (G1 Humongous Allocation)
[2024-09-08T21:44:11.561+0800][info] GC(114) Using 3 workers of 48 for evacuation
[2024-09-08T21:44:11.561+0800][info] GC(114)   Pre Evacuate Collection Set: 0.1ms
[2024-09-08T21:44:11.562+0800][info] GC(114)   Merge Heap Roots: 0.1ms
[2024-09-08T21:44:11.562+0800][info] GC(114)   Evacuate Collection Set: 0.3ms
[2024-09-08T21:44:11.562+0800][info] GC(114)   Post Evacuate Collection Set: 0.2ms
[2024-09-08T21:44:11.562+0800][info] GC(114)   Other: 0.3ms
[2024-09-08T21:44:11.562+0800][info] GC(114) Eden regions: 1->0(16)
[2024-09-08T21:44:11.562+0800][info] GC(114) Survivor regions: 0->0(2)
[2024-09-08T21:44:11.562+0800][info] GC(114) Old regions: 1->1
[2024-09-08T21:44:11.562+0800][info] GC(114) Archive regions: 2->2
[2024-09-08T21:44:11.562+0800][info] GC(114) Humongous regions: 3->0
[2024-09-08T21:44:11.562+0800][info] GC(114) Metaspace: 762K(960K)->762K(960K) NonClass: 710K(832K)->710K(832K) Class: 51K(128K)->51K(128K)
[2024-09-08T21:44:11.562+0800][info] GC(114) Pause Young (Concurrent Start) (G1 Humongous Allocation) 17M->4M(128M) 1.033ms
[2024-09-08T21:44:11.562+0800][info] GC(114) User=0.00s Sys=0.00s Real=0.00s
[2024-09-08T21:44:11.562+0800][info] GC(115) Concurrent Mark Cycle
[2024-09-08T21:44:11.562+0800][info] GC(115) Concurrent Clear Claimed Marks
[2024-09-08T21:44:11.562+0800][info] GC(115) Concurrent Clear Claimed Marks 0.018ms
[2024-09-08T21:44:11.562+0800][info] GC(115) Concurrent Scan Root Regions
[2024-09-08T21:44:11.562+0800][info] GC(115) Concurrent Scan Root Regions 0.011ms
[2024-09-08T21:44:11.562+0800][info] GC(115) Concurrent Mark
[2024-09-08T21:44:11.562+0800][info] GC(115) Concurrent Mark From Roots
[2024-09-08T21:44:11.562+0800][info] GC(115) Using 12 workers of 12 for marking
[2024-09-08T21:44:11.564+0800][info] GC(115) Concurrent Mark From Roots 2.092ms
[2024-09-08T21:44:11.564+0800][info] GC(115) Concurrent Preclean
[2024-09-08T21:44:11.566+0800][info] GC(115) Concurrent Preclean 1.683ms
[2024-09-08T21:44:11.566+0800][info] GC(115) Pause Remark
[2024-09-08T21:44:11.567+0800][info] GC(115) Pause Remark 18M->18M(128M) 0.965ms
[2024-09-08T21:44:11.567+0800][info] GC(115) User=0.00s Sys=0.00s Real=0.00s
[2024-09-08T21:44:11.567+0800][info] GC(115) Concurrent Mark 4.909ms
[2024-09-08T21:44:11.567+0800][info] GC(115) Concurrent Rebuild Remembered Sets
[2024-09-08T21:44:11.567+0800][info] GC(115) Concurrent Rebuild Remembered Sets 0.015ms
[2024-09-08T21:44:11.567+0800][info] GC(115) Pause Cleanup
[2024-09-08T21:44:11.567+0800][info] GC(115) Pause Cleanup 18M->18M(128M) 0.019ms
[2024-09-08T21:44:11.567+0800][info] GC(115) User=0.00s Sys=0.00s Real=0.00s
[2024-09-08T21:44:11.567+0800][info] GC(115) Concurrent Cleanup for Next Mark
[2024-09-08T21:44:11.567+0800][info] GC(115) Concurrent Cleanup for Next Mark 0.309ms
[2024-09-08T21:44:11.567+0800][info] GC(115) Concurrent Mark Cycle 5.543ms
[2024-09-08T21:44:12.570+0800][info] GC(116) Pause Young (Concurrent Start) (G1 Humongous Allocation)
[2024-09-08T21:44:12.570+0800][info] GC(116) Using 3 workers of 48 for evacuation
[2024-09-08T21:44:12.570+0800][info] GC(116)   Pre Evacuate Collection Set: 0.1ms
[2024-09-08T21:44:12.571+0800][info] GC(116)   Merge Heap Roots: 0.0ms
[2024-09-08T21:44:12.571+0800][info] GC(116)   Evacuate Collection Set: 0.2ms
[2024-09-08T21:44:12.571+0800][info] GC(116)   Post Evacuate Collection Set: 0.1ms
[2024-09-08T21:44:12.571+0800][info] GC(116)   Other: 0.3ms
[2024-09-08T21:44:12.571+0800][info] GC(116) Eden regions: 1->0(18)
[2024-09-08T21:44:12.571+0800][info] GC(116) Survivor regions: 0->0(2)
[2024-09-08T21:44:12.571+0800][info] GC(116) Old regions: 1->1
[2024-09-08T21:44:12.571+0800][info] GC(116) Archive regions: 2->2
[2024-09-08T21:44:12.571+0800][info] GC(116) Humongous regions: 3->0
[2024-09-08T21:44:12.571+0800][info] GC(116) Metaspace: 762K(960K)->762K(960K) NonClass: 710K(832K)->710K(832K) Class: 51K(128K)->51K(128K)
[2024-09-08T21:44:12.571+0800][info] GC(116) Pause Young (Concurrent Start) (G1 Humongous Allocation) 18M->4M(128M) 0.876ms
[2024-09-08T21:44:12.571+0800][info] GC(116) User=0.00s Sys=0.00s Real=0.00s
[2024-09-08T21:44:12.571+0800][info] GC(117) Concurrent Mark Cycle
[2024-09-08T21:44:12.571+0800][info] GC(117) Concurrent Clear Claimed Marks
[2024-09-08T21:44:12.571+0800][info] GC(117) Concurrent Clear Claimed Marks 0.011ms
[2024-09-08T21:44:12.571+0800][info] GC(117) Concurrent Scan Root Regions
[2024-09-08T21:44:12.571+0800][info] GC(117) Concurrent Scan Root Regions 0.008ms
[2024-09-08T21:44:12.571+0800][info] GC(117) Concurrent Mark
[2024-09-08T21:44:12.571+0800][info] GC(117) Concurrent Mark From Roots
[2024-09-08T21:44:12.571+0800][info] GC(117) Using 12 workers of 12 for marking
[2024-09-08T21:44:12.573+0800][info] GC(117) Concurrent Mark From Roots 2.226ms
[2024-09-08T21:44:12.573+0800][info] GC(117) Concurrent Preclean
[2024-09-08T21:44:12.575+0800][info] GC(117) Concurrent Preclean 1.769ms
[2024-09-08T21:44:12.575+0800][info] GC(117) Pause Remark
[2024-09-08T21:44:12.576+0800][info] GC(117) Pause Remark 18M->18M(128M) 0.985ms
[2024-09-08T21:44:12.576+0800][info] GC(117) User=0.00s Sys=0.00s Real=0.00s
[2024-09-08T21:44:12.576+0800][info] GC(117) Concurrent Mark 5.200ms
[2024-09-08T21:44:12.576+0800][info] GC(117) Concurrent Rebuild Remembered Sets
[2024-09-08T21:44:12.576+0800][info] GC(117) Concurrent Rebuild Remembered Sets 0.012ms
[2024-09-08T21:44:12.576+0800][info] GC(117) Pause Cleanup
[2024-09-08T21:44:12.576+0800][info] GC(117) Pause Cleanup 18M->18M(128M) 0.018ms
[2024-09-08T21:44:12.576+0800][info] GC(117) User=0.00s Sys=0.00s Real=0.00s
[2024-09-08T21:44:12.576+0800][info] GC(117) Concurrent Cleanup for Next Mark
[2024-09-08T21:44:12.576+0800][info] GC(117) Concurrent Cleanup for Next Mark 0.276ms
[2024-09-08T21:44:12.576+0800][info] GC(117) Concurrent Mark Cycle 5.709ms
[2024-09-08T21:44:13.579+0800][info] GC(118) Pause Young (Concurrent Start) (G1 Humongous Allocation)
[2024-09-08T21:44:13.579+0800][info] GC(118) Using 3 workers of 48 for evacuation
[2024-09-08T21:44:13.580+0800][info] GC(118)   Pre Evacuate Collection Set: 0.1ms
[2024-09-08T21:44:13.580+0800][info] GC(118)   Merge Heap Roots: 0.0ms
[2024-09-08T21:44:13.580+0800][info] GC(118)   Evacuate Collection Set: 0.2ms
[2024-09-08T21:44:13.580+0800][info] GC(118)   Post Evacuate Collection Set: 0.2ms
[2024-09-08T21:44:13.580+0800][info] GC(118)   Other: 0.3ms
[2024-09-08T21:44:13.580+0800][info] GC(118) Eden regions: 1->0(19)
[2024-09-08T21:44:13.580+0800][info] GC(118) Survivor regions: 0->0(3)
[2024-09-08T21:44:13.580+0800][info] GC(118) Old regions: 1->1
[2024-09-08T21:44:13.580+0800][info] GC(118) Archive regions: 2->2
[2024-09-08T21:44:13.580+0800][info] GC(118) Humongous regions: 3->0
[2024-09-08T21:44:13.580+0800][info] GC(118) Metaspace: 762K(960K)->762K(960K) NonClass: 710K(832K)->710K(832K) Class: 51K(128K)->51K(128K)
[2024-09-08T21:44:13.580+0800][info] GC(118) Pause Young (Concurrent Start) (G1 Humongous Allocation) 18M->4M(128M) 0.964ms
[2024-09-08T21:44:13.580+0800][info] GC(118) User=0.00s Sys=0.00s Real=0.00s
[2024-09-08T21:44:13.580+0800][info] GC(119) Concurrent Mark Cycle
[2024-09-08T21:44:13.580+0800][info] GC(119) Concurrent Clear Claimed Marks
[2024-09-08T21:44:13.580+0800][info] GC(119) Concurrent Clear Claimed Marks 0.022ms
[2024-09-08T21:44:13.580+0800][info] GC(119) Concurrent Scan Root Regions
[2024-09-08T21:44:13.580+0800][info] GC(119) Concurrent Scan Root Regions 0.017ms
[2024-09-08T21:44:13.580+0800][info] GC(119) Concurrent Mark
[2024-09-08T21:44:13.580+0800][info] GC(119) Concurrent Mark From Roots
[2024-09-08T21:44:13.580+0800][info] GC(119) Using 12 workers of 12 for marking
[2024-09-08T21:44:13.582+0800][info] GC(119) Concurrent Mark From Roots 1.949ms
[2024-09-08T21:44:13.582+0800][info] GC(119) Concurrent Preclean
[2024-09-08T21:44:13.584+0800][info] GC(119) Concurrent Preclean 1.758ms
[2024-09-08T21:44:13.584+0800][info] GC(119) Pause Remark
[2024-09-08T21:44:13.585+0800][info] GC(119) Pause Remark 18M->18M(128M) 0.917ms
[2024-09-08T21:44:13.585+0800][info] GC(119) User=0.01s Sys=0.00s Real=0.00s
[2024-09-08T21:44:13.585+0800][info] GC(119) Concurrent Mark 4.806ms
[2024-09-08T21:44:13.585+0800][info] GC(119) Concurrent Rebuild Remembered Sets
[2024-09-08T21:44:13.585+0800][info] GC(119) Concurrent Rebuild Remembered Sets 0.013ms
[2024-09-08T21:44:13.585+0800][info] GC(119) Pause Cleanup
[2024-09-08T21:44:13.585+0800][info] GC(119) Pause Cleanup 18M->18M(128M) 0.026ms
[2024-09-08T21:44:13.585+0800][info] GC(119) User=0.00s Sys=0.00s Real=0.00s
[2024-09-08T21:44:13.585+0800][info] GC(119) Concurrent Cleanup for Next Mark
[2024-09-08T21:44:13.585+0800][info] GC(119) Concurrent Cleanup for Next Mark 0.300ms
[2024-09-08T21:44:13.585+0800][info] GC(119) Concurrent Mark Cycle 5.422ms
[2024-09-08T21:44:14.588+0800][info] GC(120) Pause Young (Concurrent Start) (G1 Humongous Allocation)
[2024-09-08T21:44:14.588+0800][info] GC(120) Using 3 workers of 48 for evacuation
[2024-09-08T21:44:14.589+0800][info] GC(120)   Pre Evacuate Collection Set: 0.1ms
[2024-09-08T21:44:14.589+0800][info] GC(120)   Merge Heap Roots: 0.1ms
[2024-09-08T21:44:14.589+0800][info] GC(120)   Evacuate Collection Set: 0.2ms
[2024-09-08T21:44:14.589+0800][info] GC(120)   Post Evacuate Collection Set: 0.2ms
[2024-09-08T21:44:14.589+0800][info] GC(120)   Other: 0.3ms
[2024-09-08T21:44:14.589+0800][info] GC(120) Eden regions: 1->0(19)
[2024-09-08T21:44:14.589+0800][info] GC(120) Survivor regions: 0->0(3)
[2024-09-08T21:44:14.589+0800][info] GC(120) Old regions: 1->1
[2024-09-08T21:44:14.589+0800][info] GC(120) Archive regions: 2->2
[2024-09-08T21:44:14.589+0800][info] GC(120) Humongous regions: 3->0
[2024-09-08T21:44:14.589+0800][info] GC(120) Metaspace: 762K(960K)->762K(960K) NonClass: 710K(832K)->710K(832K) Class: 51K(128K)->51K(128K)
[2024-09-08T21:44:14.589+0800][info] GC(120) Pause Young (Concurrent Start) (G1 Humongous Allocation) 18M->4M(128M) 0.956ms
[2024-09-08T21:44:14.589+0800][info] GC(120) User=0.00s Sys=0.00s Real=0.00s
[2024-09-08T21:44:14.589+0800][info] GC(121) Concurrent Mark Cycle
[2024-09-08T21:44:14.589+0800][info] GC(121) Concurrent Clear Claimed Marks
[2024-09-08T21:44:14.589+0800][info] GC(121) Concurrent Clear Claimed Marks 0.022ms
[2024-09-08T21:44:14.589+0800][info] GC(121) Concurrent Scan Root Regions
[2024-09-08T21:44:14.589+0800][info] GC(121) Concurrent Scan Root Regions 0.017ms
[2024-09-08T21:44:14.589+0800][info] GC(121) Concurrent Mark
[2024-09-08T21:44:14.589+0800][info] GC(121) Concurrent Mark From Roots
[2024-09-08T21:44:14.589+0800][info] GC(121) Using 12 workers of 12 for marking
[2024-09-08T21:44:14.591+0800][info] GC(121) Concurrent Mark From Roots 1.932ms
[2024-09-08T21:44:14.591+0800][info] GC(121) Concurrent Preclean
[2024-09-08T21:44:14.593+0800][info] GC(121) Concurrent Preclean 1.684ms
[2024-09-08T21:44:14.593+0800][info] GC(121) Pause Remark
[2024-09-08T21:44:14.594+0800][info] GC(121) Pause Remark 18M->18M(128M) 0.894ms
[2024-09-08T21:44:14.594+0800][info] GC(121) User=0.00s Sys=0.00s Real=0.00s
[2024-09-08T21:44:14.594+0800][info] GC(121) Concurrent Mark 4.686ms
[2024-09-08T21:44:14.594+0800][info] GC(121) Concurrent Rebuild Remembered Sets
[2024-09-08T21:44:14.594+0800][info] GC(121) Concurrent Rebuild Remembered Sets 0.012ms
[2024-09-08T21:44:14.594+0800][info] GC(121) Pause Cleanup
[2024-09-08T21:44:14.594+0800][info] GC(121) Pause Cleanup 18M->18M(128M) 0.017ms
[2024-09-08T21:44:14.594+0800][info] GC(121) User=0.00s Sys=0.00s Real=0.00s
[2024-09-08T21:44:14.594+0800][info] GC(121) Concurrent Cleanup for Next Mark
[2024-09-08T21:44:14.594+0800][info] GC(121) Concurrent Cleanup for Next Mark 0.271ms
[2024-09-08T21:44:14.594+0800][info] GC(121) Concurrent Mark Cycle 5.240ms
[2024-09-08T21:44:15.597+0800][info] GC(122) Pause Young (Concurrent Start) (G1 Humongous Allocation)
[2024-09-08T21:44:15.597+0800][info] GC(122) Using 3 workers of 48 for evacuation
[2024-09-08T21:44:15.597+0800][info] GC(122)   Pre Evacuate Collection Set: 0.1ms
[2024-09-08T21:44:15.597+0800][info] GC(122)   Merge Heap Roots: 0.1ms
[2024-09-08T21:44:15.597+0800][info] GC(122)   Evacuate Collection Set: 0.3ms
[2024-09-08T21:44:15.597+0800][info] GC(122)   Post Evacuate Collection Set: 0.2ms
[2024-09-08T21:44:15.597+0800][info] GC(122)   Other: 0.3ms
[2024-09-08T21:44:15.597+0800][info] GC(122) Eden regions: 1->0(19)
[2024-09-08T21:44:15.597+0800][info] GC(122) Survivor regions: 0->0(3)
[2024-09-08T21:44:15.597+0800][info] GC(122) Old regions: 1->1
[2024-09-08T21:44:15.597+0800][info] GC(122) Archive regions: 2->2
[2024-09-08T21:44:15.597+0800][info] GC(122) Humongous regions: 3->0
[2024-09-08T21:44:15.597+0800][info] GC(122) Metaspace: 762K(960K)->762K(960K) NonClass: 710K(832K)->710K(832K) Class: 51K(128K)->51K(128K)
[2024-09-08T21:44:15.598+0800][info] GC(122) Pause Young (Concurrent Start) (G1 Humongous Allocation) 18M->4M(128M) 0.998ms
[2024-09-08T21:44:15.598+0800][info] GC(122) User=0.00s Sys=0.00s Real=0.01s
[2024-09-08T21:44:15.598+0800][info] GC(123) Concurrent Mark Cycle
[2024-09-08T21:44:15.598+0800][info] GC(123) Concurrent Clear Claimed Marks
[2024-09-08T21:44:15.598+0800][info] GC(123) Concurrent Clear Claimed Marks 0.022ms
[2024-09-08T21:44:15.598+0800][info] GC(123) Concurrent Scan Root Regions
[2024-09-08T21:44:15.598+0800][info] GC(123) Concurrent Scan Root Regions 0.017ms
[2024-09-08T21:44:15.598+0800][info] GC(123) Concurrent Mark
[2024-09-08T21:44:15.598+0800][info] GC(123) Concurrent Mark From Roots
[2024-09-08T21:44:15.598+0800][info] GC(123) Using 12 workers of 12 for marking
[2024-09-08T21:44:15.600+0800][info] GC(123) Concurrent Mark From Roots 1.911ms
[2024-09-08T21:44:15.600+0800][info] GC(123) Concurrent Preclean
[2024-09-08T21:44:15.601+0800][info] GC(123) Concurrent Preclean 1.756ms
[2024-09-08T21:44:15.601+0800][info] GC(123) Pause Remark
[2024-09-08T21:44:15.602+0800][info] GC(123) Pause Remark 18M->18M(128M) 0.866ms
[2024-09-08T21:44:15.602+0800][info] GC(123) User=0.00s Sys=0.00s Real=0.00s
[2024-09-08T21:44:15.602+0800][info] GC(123) Concurrent Mark 4.691ms
[2024-09-08T21:44:15.602+0800][info] GC(123) Concurrent Rebuild Remembered Sets
[2024-09-08T21:44:15.602+0800][info] GC(123) Concurrent Rebuild Remembered Sets 0.012ms
[2024-09-08T21:44:15.602+0800][info] GC(123) Pause Cleanup
[2024-09-08T21:44:15.602+0800][info] GC(123) Pause Cleanup 18M->18M(128M) 0.018ms
[2024-09-08T21:44:15.602+0800][info] GC(123) User=0.00s Sys=0.00s Real=0.00s
[2024-09-08T21:44:15.603+0800][info] GC(123) Concurrent Cleanup for Next Mark
[2024-09-08T21:44:15.603+0800][info] GC(123) Concurrent Cleanup for Next Mark 0.207ms
[2024-09-08T21:44:15.603+0800][info] GC(123) Concurrent Mark Cycle 5.180ms
[2024-09-08T21:44:16.605+0800][info] GC(124) Pause Young (Concurrent Start) (G1 Humongous Allocation)
[2024-09-08T21:44:16.605+0800][info] GC(124) Using 3 workers of 48 for evacuation
[2024-09-08T21:44:16.606+0800][info] GC(124)   Pre Evacuate Collection Set: 0.1ms
[2024-09-08T21:44:16.606+0800][info] GC(124)   Merge Heap Roots: 0.0ms
[2024-09-08T21:44:16.606+0800][info] GC(124)   Evacuate Collection Set: 0.4ms
[2024-09-08T21:44:16.606+0800][info] GC(124)   Post Evacuate Collection Set: 0.2ms
[2024-09-08T21:44:16.606+0800][info] GC(124)   Other: 0.3ms
[2024-09-08T21:44:16.606+0800][info] GC(124) Eden regions: 1->0(19)
[2024-09-08T21:44:16.606+0800][info] GC(124) Survivor regions: 0->0(3)
[2024-09-08T21:44:16.606+0800][info] GC(124) Old regions: 1->1
[2024-09-08T21:44:16.606+0800][info] GC(124) Archive regions: 2->2
[2024-09-08T21:44:16.606+0800][info] GC(124) Humongous regions: 3->0
[2024-09-08T21:44:16.606+0800][info] GC(124) Metaspace: 762K(960K)->762K(960K) NonClass: 710K(832K)->710K(832K) Class: 51K(128K)->51K(128K)
[2024-09-08T21:44:16.606+0800][info] GC(124) Pause Young (Concurrent Start) (G1 Humongous Allocation) 18M->4M(128M) 1.091ms
[2024-09-08T21:44:16.606+0800][info] GC(124) User=0.00s Sys=0.00s Real=0.00s
[2024-09-08T21:44:16.606+0800][info] GC(125) Concurrent Mark Cycle
[2024-09-08T21:44:16.606+0800][info] GC(125) Concurrent Clear Claimed Marks
[2024-09-08T21:44:16.606+0800][info] GC(125) Concurrent Clear Claimed Marks 0.018ms
[2024-09-08T21:44:16.606+0800][info] GC(125) Concurrent Scan Root Regions
[2024-09-08T21:44:16.606+0800][info] GC(125) Concurrent Scan Root Regions 0.011ms
[2024-09-08T21:44:16.606+0800][info] GC(125) Concurrent Mark
[2024-09-08T21:44:16.606+0800][info] GC(125) Concurrent Mark From Roots
[2024-09-08T21:44:16.606+0800][info] GC(125) Using 12 workers of 12 for marking
[2024-09-08T21:44:16.609+0800][info] GC(125) Concurrent Mark From Roots 3.110ms
[2024-09-08T21:44:16.609+0800][info] GC(125) Concurrent Preclean
[2024-09-08T21:44:16.611+0800][info] GC(125) Concurrent Preclean 1.755ms
[2024-09-08T21:44:16.611+0800][info] GC(125) Pause Remark
[2024-09-08T21:44:16.612+0800][info] GC(125) Pause Remark 18M->18M(128M) 0.921ms
[2024-09-08T21:44:16.612+0800][info] GC(125) User=0.00s Sys=0.00s Real=0.00s
[2024-09-08T21:44:16.612+0800][info] GC(125) Concurrent Mark 5.964ms
[2024-09-08T21:44:16.612+0800][info] GC(125) Concurrent Rebuild Remembered Sets
[2024-09-08T21:44:16.612+0800][info] GC(125) Concurrent Rebuild Remembered Sets 0.018ms
[2024-09-08T21:44:16.612+0800][info] GC(125) Pause Cleanup
[2024-09-08T21:44:16.612+0800][info] GC(125) Pause Cleanup 18M->18M(128M) 0.025ms
[2024-09-08T21:44:16.612+0800][info] GC(125) User=0.00s Sys=0.00s Real=0.00s
[2024-09-08T21:44:16.612+0800][info] GC(125) Concurrent Cleanup for Next Mark
[2024-09-08T21:44:16.613+0800][info] GC(125) Concurrent Cleanup for Next Mark 0.279ms
[2024-09-08T21:44:16.613+0800][info] GC(125) Concurrent Mark Cycle 6.550ms
[2024-09-08T21:44:17.613+0800][info] GC(126) Pause Young (Concurrent Start) (G1 Humongous Allocation)
[2024-09-08T21:44:17.613+0800][info] GC(126) Using 3 workers of 48 for evacuation
[2024-09-08T21:44:17.614+0800][info] GC(126)   Pre Evacuate Collection Set: 0.1ms
[2024-09-08T21:44:17.614+0800][info] GC(126)   Merge Heap Roots: 0.1ms
[2024-09-08T21:44:17.614+0800][info] GC(126)   Evacuate Collection Set: 0.2ms
[2024-09-08T21:44:17.614+0800][info] GC(126)   Post Evacuate Collection Set: 0.2ms
[2024-09-08T21:44:17.614+0800][info] GC(126)   Other: 0.3ms
[2024-09-08T21:44:17.614+0800][info] GC(126) Eden regions: 1->0(19)
[2024-09-08T21:44:17.614+0800][info] GC(126) Survivor regions: 0->0(3)
[2024-09-08T21:44:17.614+0800][info] GC(126) Old regions: 1->1
[2024-09-08T21:44:17.614+0800][info] GC(126) Archive regions: 2->2
[2024-09-08T21:44:17.614+0800][info] GC(126) Humongous regions: 3->0
[2024-09-08T21:44:17.614+0800][info] GC(126) Metaspace: 762K(960K)->762K(960K) NonClass: 710K(832K)->710K(832K) Class: 51K(128K)->51K(128K)
[2024-09-08T21:44:17.614+0800][info] GC(126) Pause Young (Concurrent Start) (G1 Humongous Allocation) 18M->4M(128M) 0.935ms
[2024-09-08T21:44:17.614+0800][info] GC(126) User=0.00s Sys=0.00s Real=0.00s
[2024-09-08T21:44:17.614+0800][info] GC(127) Concurrent Mark Cycle
[2024-09-08T21:44:17.614+0800][info] GC(127) Concurrent Clear Claimed Marks
[2024-09-08T21:44:17.614+0800][info] GC(127) Concurrent Clear Claimed Marks 0.038ms
[2024-09-08T21:44:17.614+0800][info] GC(127) Concurrent Scan Root Regions
[2024-09-08T21:44:17.614+0800][info] GC(127) Concurrent Scan Root Regions 0.011ms
[2024-09-08T21:44:17.614+0800][info] GC(127) Concurrent Mark
[2024-09-08T21:44:17.614+0800][info] GC(127) Concurrent Mark From Roots
[2024-09-08T21:44:17.614+0800][info] GC(127) Using 12 workers of 12 for marking
[2024-09-08T21:44:17.616+0800][info] GC(127) Concurrent Mark From Roots 1.981ms
[2024-09-08T21:44:17.616+0800][info] GC(127) Concurrent Preclean
[2024-09-08T21:44:17.618+0800][info] GC(127) Concurrent Preclean 1.692ms
[2024-09-08T21:44:17.618+0800][info] GC(127) Pause Remark
[2024-09-08T21:44:17.619+0800][info] GC(127) Pause Remark 18M->18M(128M) 1.016ms
[2024-09-08T21:44:17.619+0800][info] GC(127) User=0.00s Sys=0.00s Real=0.00s
[2024-09-08T21:44:17.619+0800][info] GC(127) Concurrent Mark 4.887ms
[2024-09-08T21:44:17.619+0800][info] GC(127) Concurrent Rebuild Remembered Sets
[2024-09-08T21:44:17.619+0800][info] GC(127) Concurrent Rebuild Remembered Sets 0.016ms
[2024-09-08T21:44:17.619+0800][info] GC(127) Pause Cleanup
[2024-09-08T21:44:17.619+0800][info] GC(127) Pause Cleanup 18M->18M(128M) 0.018ms
[2024-09-08T21:44:17.619+0800][info] GC(127) User=0.00s Sys=0.00s Real=0.00s
[2024-09-08T21:44:17.620+0800][info] GC(127) Concurrent Cleanup for Next Mark
[2024-09-08T21:44:17.620+0800][info] GC(127) Concurrent Cleanup for Next Mark 0.261ms
[2024-09-08T21:44:17.620+0800][info] GC(127) Concurrent Mark Cycle 5.459ms
[2024-09-08T21:44:18.622+0800][info] GC(128) Pause Young (Concurrent Start) (G1 Humongous Allocation)
[2024-09-08T21:44:18.622+0800][info] GC(128) Using 3 workers of 48 for evacuation
[2024-09-08T21:44:18.622+0800][info] GC(128)   Pre Evacuate Collection Set: 0.1ms
[2024-09-08T21:44:18.622+0800][info] GC(128)   Merge Heap Roots: 0.0ms
[2024-09-08T21:44:18.622+0800][info] GC(128)   Evacuate Collection Set: 0.3ms
[2024-09-08T21:44:18.623+0800][info] GC(128)   Post Evacuate Collection Set: 0.1ms
[2024-09-08T21:44:18.623+0800][info] GC(128)   Other: 0.3ms
[2024-09-08T21:44:18.623+0800][info] GC(128) Eden regions: 1->0(19)
[2024-09-08T21:44:18.623+0800][info] GC(128) Survivor regions: 0->0(3)
[2024-09-08T21:44:18.623+0800][info] GC(128) Old regions: 1->1
[2024-09-08T21:44:18.623+0800][info] GC(128) Archive regions: 2->2
[2024-09-08T21:44:18.623+0800][info] GC(128) Humongous regions: 3->0
[2024-09-08T21:44:18.623+0800][info] GC(128) Metaspace: 762K(960K)->762K(960K) NonClass: 710K(832K)->710K(832K) Class: 51K(128K)->51K(128K)
[2024-09-08T21:44:18.623+0800][info] GC(128) Pause Young (Concurrent Start) (G1 Humongous Allocation) 18M->4M(128M) 0.926ms
[2024-09-08T21:44:18.623+0800][info] GC(128) User=0.00s Sys=0.01s Real=0.00s
[2024-09-08T21:44:18.623+0800][info] GC(129) Concurrent Mark Cycle
[2024-09-08T21:44:18.623+0800][info] GC(129) Concurrent Clear Claimed Marks
[2024-09-08T21:44:18.623+0800][info] GC(129) Concurrent Clear Claimed Marks 0.009ms
[2024-09-08T21:44:18.623+0800][info] GC(129) Concurrent Scan Root Regions
[2024-09-08T21:44:18.623+0800][info] GC(129) Concurrent Scan Root Regions 0.007ms
[2024-09-08T21:44:18.623+0800][info] GC(129) Concurrent Mark
[2024-09-08T21:44:18.623+0800][info] GC(129) Concurrent Mark From Roots
[2024-09-08T21:44:18.623+0800][info] GC(129) Using 12 workers of 12 for marking
[2024-09-08T21:44:18.625+0800][info] GC(129) Concurrent Mark From Roots 1.866ms
[2024-09-08T21:44:18.625+0800][info] GC(129) Concurrent Preclean
[2024-09-08T21:44:18.626+0800][info] GC(129) Concurrent Preclean 1.083ms
[2024-09-08T21:44:18.626+0800][info] GC(129) Pause Remark
[2024-09-08T21:44:18.626+0800][info] GC(129) Pause Remark 18M->18M(128M) 0.769ms
[2024-09-08T21:44:18.626+0800][info] GC(129) User=0.00s Sys=0.00s Real=0.00s
[2024-09-08T21:44:18.627+0800][info] GC(129) Concurrent Mark 3.828ms
[2024-09-08T21:44:18.627+0800][info] GC(129) Concurrent Rebuild Remembered Sets
[2024-09-08T21:44:18.627+0800][info] GC(129) Concurrent Rebuild Remembered Sets 0.010ms
[2024-09-08T21:44:18.627+0800][info] GC(129) Pause Cleanup
[2024-09-08T21:44:18.627+0800][info] GC(129) Pause Cleanup 18M->18M(128M) 0.014ms
[2024-09-08T21:44:18.627+0800][info] GC(129) User=0.00s Sys=0.00s Real=0.00s
[2024-09-08T21:44:18.627+0800][info] GC(129) Concurrent Cleanup for Next Mark
[2024-09-08T21:44:18.627+0800][info] GC(129) Concurrent Cleanup for Next Mark 0.231ms
[2024-09-08T21:44:18.627+0800][info] GC(129) Concurrent Mark Cycle 4.252ms
[2024-09-08T21:44:19.630+0800][info] GC(130) Pause Young (Concurrent Start) (G1 Humongous Allocation)
[2024-09-08T21:44:19.630+0800][info] GC(130) Using 3 workers of 48 for evacuation
[2024-09-08T21:44:19.631+0800][info] GC(130)   Pre Evacuate Collection Set: 0.1ms
[2024-09-08T21:44:19.631+0800][info] GC(130)   Merge Heap Roots: 0.1ms
[2024-09-08T21:44:19.631+0800][info] GC(130)   Evacuate Collection Set: 0.2ms
[2024-09-08T21:44:19.631+0800][info] GC(130)   Post Evacuate Collection Set: 0.2ms
[2024-09-08T21:44:19.631+0800][info] GC(130)   Other: 0.3ms
[2024-09-08T21:44:19.631+0800][info] GC(130) Eden regions: 1->0(19)
[2024-09-08T21:44:19.631+0800][info] GC(130) Survivor regions: 0->0(3)
[2024-09-08T21:44:19.631+0800][info] GC(130) Old regions: 1->1
[2024-09-08T21:44:19.631+0800][info] GC(130) Archive regions: 2->2
[2024-09-08T21:44:19.631+0800][info] GC(130) Humongous regions: 3->0
[2024-09-08T21:44:19.631+0800][info] GC(130) Metaspace: 762K(960K)->762K(960K) NonClass: 710K(832K)->710K(832K) Class: 51K(128K)->51K(128K)
[2024-09-08T21:44:19.631+0800][info] GC(130) Pause Young (Concurrent Start) (G1 Humongous Allocation) 18M->4M(128M) 0.909ms
[2024-09-08T21:44:19.631+0800][info] GC(130) User=0.00s Sys=0.00s Real=0.00s
[2024-09-08T21:44:19.631+0800][info] GC(131) Concurrent Mark Cycle
[2024-09-08T21:44:19.631+0800][info] GC(131) Concurrent Clear Claimed Marks
[2024-09-08T21:44:19.631+0800][info] GC(131) Concurrent Clear Claimed Marks 0.020ms
[2024-09-08T21:44:19.631+0800][info] GC(131) Concurrent Scan Root Regions
[2024-09-08T21:44:19.631+0800][info] GC(131) Concurrent Scan Root Regions 0.017ms
[2024-09-08T21:44:19.631+0800][info] GC(131) Concurrent Mark
[2024-09-08T21:44:19.631+0800][info] GC(131) Concurrent Mark From Roots
[2024-09-08T21:44:19.631+0800][info] GC(131) Using 12 workers of 12 for marking
[2024-09-08T21:44:19.633+0800][info] GC(131) Concurrent Mark From Roots 1.800ms
[2024-09-08T21:44:19.633+0800][info] GC(131) Concurrent Preclean
[2024-09-08T21:44:19.635+0800][info] GC(131) Concurrent Preclean 1.750ms
[2024-09-08T21:44:19.635+0800][info] GC(131) Pause Remark
[2024-09-08T21:44:19.636+0800][info] GC(131) Pause Remark 18M->18M(128M) 0.921ms
[2024-09-08T21:44:19.636+0800][info] GC(131) User=0.00s Sys=0.00s Real=0.00s
[2024-09-08T21:44:19.636+0800][info] GC(131) Concurrent Mark 4.639ms
[2024-09-08T21:44:19.636+0800][info] GC(131) Concurrent Rebuild Remembered Sets
[2024-09-08T21:44:19.636+0800][info] GC(131) Concurrent Rebuild Remembered Sets 0.012ms
[2024-09-08T21:44:19.636+0800][info] GC(131) Pause Cleanup
[2024-09-08T21:44:19.636+0800][info] GC(131) Pause Cleanup 18M->18M(128M) 0.023ms
[2024-09-08T21:44:19.636+0800][info] GC(131) User=0.00s Sys=0.00s Real=0.00s
[2024-09-08T21:44:19.636+0800][info] GC(131) Concurrent Cleanup for Next Mark
[2024-09-08T21:44:19.636+0800][info] GC(131) Concurrent Cleanup for Next Mark 0.242ms
[2024-09-08T21:44:19.636+0800][info] GC(131) Concurrent Mark Cycle 5.165ms
[2024-09-08T21:44:20.638+0800][info] GC(132) Pause Young (Concurrent Start) (G1 Humongous Allocation)
[2024-09-08T21:44:20.638+0800][info] GC(132) Using 3 workers of 48 for evacuation
[2024-09-08T21:44:20.639+0800][info] GC(132)   Pre Evacuate Collection Set: 0.1ms
[2024-09-08T21:44:20.639+0800][info] GC(132)   Merge Heap Roots: 0.0ms
[2024-09-08T21:44:20.639+0800][info] GC(132)   Evacuate Collection Set: 0.1ms
[2024-09-08T21:44:20.639+0800][info] GC(132)   Post Evacuate Collection Set: 0.1ms
[2024-09-08T21:44:20.639+0800][info] GC(132)   Other: 0.3ms
[2024-09-08T21:44:20.639+0800][info] GC(132) Eden regions: 1->0(19)
[2024-09-08T21:44:20.639+0800][info] GC(132) Survivor regions: 0->0(3)
[2024-09-08T21:44:20.639+0800][info] GC(132) Old regions: 1->1
[2024-09-08T21:44:20.639+0800][info] GC(132) Archive regions: 2->2
[2024-09-08T21:44:20.639+0800][info] GC(132) Humongous regions: 3->0
[2024-09-08T21:44:20.639+0800][info] GC(132) Metaspace: 762K(960K)->762K(960K) NonClass: 710K(832K)->710K(832K) Class: 51K(128K)->51K(128K)
[2024-09-08T21:44:20.639+0800][info] GC(132) Pause Young (Concurrent Start) (G1 Humongous Allocation) 18M->4M(128M) 0.818ms
[2024-09-08T21:44:20.639+0800][info] GC(132) User=0.00s Sys=0.00s Real=0.00s
[2024-09-08T21:44:20.639+0800][info] GC(133) Concurrent Mark Cycle
[2024-09-08T21:44:20.639+0800][info] GC(133) Concurrent Clear Claimed Marks
[2024-09-08T21:44:20.639+0800][info] GC(133) Concurrent Clear Claimed Marks 0.020ms
[2024-09-08T21:44:20.639+0800][info] GC(133) Concurrent Scan Root Regions
[2024-09-08T21:44:20.639+0800][info] GC(133) Concurrent Scan Root Regions 0.017ms
[2024-09-08T21:44:20.639+0800][info] GC(133) Concurrent Mark
[2024-09-08T21:44:20.639+0800][info] GC(133) Concurrent Mark From Roots
[2024-09-08T21:44:20.639+0800][info] GC(133) Using 12 workers of 12 for marking
[2024-09-08T21:44:20.641+0800][info] GC(133) Concurrent Mark From Roots 1.961ms
[2024-09-08T21:44:20.641+0800][info] GC(133) Concurrent Preclean
[2024-09-08T21:44:20.643+0800][info] GC(133) Concurrent Preclean 1.754ms
[2024-09-08T21:44:20.643+0800][info] GC(133) Pause Remark
[2024-09-08T21:44:20.644+0800][info] GC(133) Pause Remark 18M->18M(128M) 0.908ms
[2024-09-08T21:44:20.644+0800][info] GC(133) User=0.00s Sys=0.00s Real=0.00s
[2024-09-08T21:44:20.644+0800][info] GC(133) Concurrent Mark 4.793ms
[2024-09-08T21:44:20.644+0800][info] GC(133) Concurrent Rebuild Remembered Sets
[2024-09-08T21:44:20.644+0800][info] GC(133) Concurrent Rebuild Remembered Sets 0.012ms
[2024-09-08T21:44:20.644+0800][info] GC(133) Pause Cleanup
[2024-09-08T21:44:20.644+0800][info] GC(133) Pause Cleanup 18M->18M(128M) 0.023ms
[2024-09-08T21:44:20.644+0800][info] GC(133) User=0.00s Sys=0.00s Real=0.00s
[2024-09-08T21:44:20.644+0800][info] GC(133) Concurrent Cleanup for Next Mark
[2024-09-08T21:44:20.645+0800][info] GC(133) Concurrent Cleanup for Next Mark 0.278ms
[2024-09-08T21:44:20.645+0800][info] GC(133) Concurrent Mark Cycle 5.357ms
[2024-09-08T21:44:21.647+0800][info] GC(134) Pause Young (Concurrent Start) (G1 Humongous Allocation)
[2024-09-08T21:44:21.647+0800][info] GC(134) Using 3 workers of 48 for evacuation
[2024-09-08T21:44:21.647+0800][info] GC(134)   Pre Evacuate Collection Set: 0.1ms
[2024-09-08T21:44:21.647+0800][info] GC(134)   Merge Heap Roots: 0.0ms
[2024-09-08T21:44:21.647+0800][info] GC(134)   Evacuate Collection Set: 0.2ms
[2024-09-08T21:44:21.647+0800][info] GC(134)   Post Evacuate Collection Set: 0.2ms
[2024-09-08T21:44:21.647+0800][info] GC(134)   Other: 0.3ms
[2024-09-08T21:44:21.647+0800][info] GC(134) Eden regions: 1->0(19)
[2024-09-08T21:44:21.647+0800][info] GC(134) Survivor regions: 0->0(3)
[2024-09-08T21:44:21.647+0800][info] GC(134) Old regions: 1->1
[2024-09-08T21:44:21.647+0800][info] GC(134) Archive regions: 2->2
[2024-09-08T21:44:21.647+0800][info] GC(134) Humongous regions: 3->0
[2024-09-08T21:44:21.647+0800][info] GC(134) Metaspace: 762K(960K)->762K(960K) NonClass: 710K(832K)->710K(832K) Class: 51K(128K)->51K(128K)
[2024-09-08T21:44:21.647+0800][info] GC(134) Pause Young (Concurrent Start) (G1 Humongous Allocation) 18M->4M(128M) 0.860ms
[2024-09-08T21:44:21.648+0800][info] GC(134) User=0.00s Sys=0.00s Real=0.00s
[2024-09-08T21:44:21.648+0800][info] GC(135) Concurrent Mark Cycle
[2024-09-08T21:44:21.648+0800][info] GC(135) Concurrent Clear Claimed Marks
[2024-09-08T21:44:21.648+0800][info] GC(135) Concurrent Clear Claimed Marks 0.015ms
[2024-09-08T21:44:21.648+0800][info] GC(135) Concurrent Scan Root Regions
[2024-09-08T21:44:21.648+0800][info] GC(135) Concurrent Scan Root Regions 0.011ms
[2024-09-08T21:44:21.648+0800][info] GC(135) Concurrent Mark
[2024-09-08T21:44:21.648+0800][info] GC(135) Concurrent Mark From Roots
[2024-09-08T21:44:21.648+0800][info] GC(135) Using 12 workers of 12 for marking
[2024-09-08T21:44:21.650+0800][info] GC(135) Concurrent Mark From Roots 1.910ms
[2024-09-08T21:44:21.650+0800][info] GC(135) Concurrent Preclean
[2024-09-08T21:44:21.651+0800][info] GC(135) Concurrent Preclean 1.749ms
[2024-09-08T21:44:21.651+0800][info] GC(135) Pause Remark
[2024-09-08T21:44:21.652+0800][info] GC(135) Pause Remark 18M->18M(128M) 1.019ms
[2024-09-08T21:44:21.652+0800][info] GC(135) User=0.00s Sys=0.00s Real=0.00s
[2024-09-08T21:44:21.652+0800][info] GC(135) Concurrent Mark 4.845ms
[2024-09-08T21:44:21.653+0800][info] GC(135) Concurrent Rebuild Remembered Sets
[2024-09-08T21:44:21.653+0800][info] GC(135) Concurrent Rebuild Remembered Sets 0.017ms
[2024-09-08T21:44:21.653+0800][info] GC(135) Pause Cleanup
[2024-09-08T21:44:21.653+0800][info] GC(135) Pause Cleanup 18M->18M(128M) 0.023ms
[2024-09-08T21:44:21.653+0800][info] GC(135) User=0.00s Sys=0.00s Real=0.00s
[2024-09-08T21:44:21.653+0800][info] GC(135) Concurrent Cleanup for Next Mark
[2024-09-08T21:44:21.653+0800][info] GC(135) Concurrent Cleanup for Next Mark 0.326ms
[2024-09-08T21:44:21.653+0800][info] GC(135) Concurrent Mark Cycle 5.458ms
[2024-09-08T21:44:22.655+0800][info] GC(136) Pause Young (Concurrent Start) (G1 Humongous Allocation)
[2024-09-08T21:44:22.655+0800][info] GC(136) Using 3 workers of 48 for evacuation
[2024-09-08T21:44:22.656+0800][info] GC(136)   Pre Evacuate Collection Set: 0.1ms
[2024-09-08T21:44:22.656+0800][info] GC(136)   Merge Heap Roots: 0.0ms
[2024-09-08T21:44:22.656+0800][info] GC(136)   Evacuate Collection Set: 0.2ms
[2024-09-08T21:44:22.656+0800][info] GC(136)   Post Evacuate Collection Set: 0.2ms
[2024-09-08T21:44:22.656+0800][info] GC(136)   Other: 0.3ms
[2024-09-08T21:44:22.656+0800][info] GC(136) Eden regions: 1->0(19)
[2024-09-08T21:44:22.656+0800][info] GC(136) Survivor regions: 0->0(3)
[2024-09-08T21:44:22.656+0800][info] GC(136) Old regions: 1->1
[2024-09-08T21:44:22.656+0800][info] GC(136) Archive regions: 2->2
[2024-09-08T21:44:22.656+0800][info] GC(136) Humongous regions: 3->0
[2024-09-08T21:44:22.656+0800][info] GC(136) Metaspace: 765K(960K)->765K(960K) NonClass: 713K(832K)->713K(832K) Class: 51K(128K)->51K(128K)
[2024-09-08T21:44:22.656+0800][info] GC(136) Pause Young (Concurrent Start) (G1 Humongous Allocation) 18M->4M(128M) 0.888ms
[2024-09-08T21:44:22.656+0800][info] GC(136) User=0.00s Sys=0.00s Real=0.00s
[2024-09-08T21:44:22.656+0800][info] GC(137) Concurrent Mark Cycle
[2024-09-08T21:44:22.656+0800][info] GC(137) Concurrent Clear Claimed Marks
[2024-09-08T21:44:22.656+0800][info] GC(137) Concurrent Clear Claimed Marks 0.019ms
[2024-09-08T21:44:22.656+0800][info] GC(137) Concurrent Scan Root Regions
[2024-09-08T21:44:22.656+0800][info] GC(137) Concurrent Scan Root Regions 0.017ms
[2024-09-08T21:44:22.656+0800][info] GC(137) Concurrent Mark
[2024-09-08T21:44:22.656+0800][info] GC(137) Concurrent Mark From Roots
[2024-09-08T21:44:22.656+0800][info] GC(137) Using 12 workers of 12 for marking
[2024-09-08T21:44:22.658+0800][info] GC(137) Concurrent Mark From Roots 1.878ms
[2024-09-08T21:44:22.658+0800][info] GC(137) Concurrent Preclean
[2024-09-08T21:44:22.660+0800][info] GC(137) Concurrent Preclean 1.660ms
[2024-09-08T21:44:22.660+0800][info] GC(137) Pause Remark
[2024-09-08T21:44:22.661+0800][info] GC(137) Pause Remark 18M->18M(128M) 0.842ms
[2024-09-08T21:44:22.661+0800][info] GC(137) User=0.00s Sys=0.00s Real=0.00s
[2024-09-08T21:44:22.661+0800][info] GC(137) Concurrent Mark 4.537ms
[2024-09-08T21:44:22.661+0800][info] GC(137) Concurrent Rebuild Remembered Sets
[2024-09-08T21:44:22.661+0800][info] GC(137) Concurrent Rebuild Remembered Sets 0.017ms
[2024-09-08T21:44:22.661+0800][info] GC(137) Pause Cleanup
[2024-09-08T21:44:22.661+0800][info] GC(137) Pause Cleanup 18M->18M(128M) 0.023ms
[2024-09-08T21:44:22.661+0800][info] GC(137) User=0.00s Sys=0.00s Real=0.00s
[2024-09-08T21:44:22.661+0800][info] GC(137) Concurrent Cleanup for Next Mark
[2024-09-08T21:44:22.661+0800][info] GC(137) Concurrent Cleanup for Next Mark 0.281ms
[2024-09-08T21:44:22.661+0800][info] GC(137) Concurrent Mark Cycle 5.135ms
[2024-09-08T21:44:23.663+0800][info] GC(138) Pause Young (Concurrent Start) (G1 Humongous Allocation)
[2024-09-08T21:44:23.663+0800][info] GC(138) Using 3 workers of 48 for evacuation
[2024-09-08T21:44:23.664+0800][info] GC(138)   Pre Evacuate Collection Set: 0.1ms
[2024-09-08T21:44:23.664+0800][info] GC(138)   Merge Heap Roots: 0.0ms
[2024-09-08T21:44:23.664+0800][info] GC(138)   Evacuate Collection Set: 0.2ms
[2024-09-08T21:44:23.664+0800][info] GC(138)   Post Evacuate Collection Set: 0.2ms
[2024-09-08T21:44:23.664+0800][info] GC(138)   Other: 0.3ms
[2024-09-08T21:44:23.664+0800][info] GC(138) Eden regions: 1->0(19)
[2024-09-08T21:44:23.664+0800][info] GC(138) Survivor regions: 0->0(3)
[2024-09-08T21:44:23.664+0800][info] GC(138) Old regions: 1->1
[2024-09-08T21:44:23.664+0800][info] GC(138) Archive regions: 2->2
[2024-09-08T21:44:23.664+0800][info] GC(138) Humongous regions: 3->0
[2024-09-08T21:44:23.664+0800][info] GC(138) Metaspace: 765K(960K)->765K(960K) NonClass: 713K(832K)->713K(832K) Class: 51K(128K)->51K(128K)
[2024-09-08T21:44:23.664+0800][info] GC(138) Pause Young (Concurrent Start) (G1 Humongous Allocation) 18M->4M(128M) 0.861ms
[2024-09-08T21:44:23.664+0800][info] GC(138) User=0.00s Sys=0.00s Real=0.00s
[2024-09-08T21:44:23.664+0800][info] GC(139) Concurrent Mark Cycle
[2024-09-08T21:44:23.664+0800][info] GC(139) Concurrent Clear Claimed Marks
[2024-09-08T21:44:23.664+0800][info] GC(139) Concurrent Clear Claimed Marks 0.019ms
[2024-09-08T21:44:23.664+0800][info] GC(139) Concurrent Scan Root Regions
[2024-09-08T21:44:23.664+0800][info] GC(139) Concurrent Scan Root Regions 0.017ms
[2024-09-08T21:44:23.664+0800][info] GC(139) Concurrent Mark
[2024-09-08T21:44:23.664+0800][info] GC(139) Concurrent Mark From Roots
[2024-09-08T21:44:23.664+0800][info] GC(139) Using 12 workers of 12 for marking
[2024-09-08T21:44:23.666+0800][info] GC(139) Concurrent Mark From Roots 1.843ms
[2024-09-08T21:44:23.666+0800][info] GC(139) Concurrent Preclean
[2024-09-08T21:44:23.668+0800][info] GC(139) Concurrent Preclean 1.746ms
[2024-09-08T21:44:23.668+0800][info] GC(139) Pause Remark
[2024-09-08T21:44:23.669+0800][info] GC(139) Pause Remark 18M->18M(128M) 0.890ms
[2024-09-08T21:44:23.669+0800][info] GC(139) User=0.00s Sys=0.00s Real=0.00s
[2024-09-08T21:44:23.669+0800][info] GC(139) Concurrent Mark 4.653ms
[2024-09-08T21:44:23.669+0800][info] GC(139) Concurrent Rebuild Remembered Sets
[2024-09-08T21:44:23.669+0800][info] GC(139) Concurrent Rebuild Remembered Sets 0.012ms
[2024-09-08T21:44:23.669+0800][info] GC(139) Pause Cleanup
[2024-09-08T21:44:23.669+0800][info] GC(139) Pause Cleanup 18M->18M(128M) 0.023ms
[2024-09-08T21:44:23.669+0800][info] GC(139) User=0.00s Sys=0.00s Real=0.00s
[2024-09-08T21:44:23.669+0800][info] GC(139) Concurrent Cleanup for Next Mark
[2024-09-08T21:44:23.669+0800][info] GC(139) Concurrent Cleanup for Next Mark 0.212ms
[2024-09-08T21:44:23.669+0800][info] GC(139) Concurrent Mark Cycle 5.156ms
[2024-09-08T21:44:24.672+0800][info] GC(140) Pause Young (Concurrent Start) (G1 Humongous Allocation)
[2024-09-08T21:44:24.672+0800][info] GC(140) Using 3 workers of 48 for evacuation
[2024-09-08T21:44:24.672+0800][info] GC(140)   Pre Evacuate Collection Set: 0.1ms
[2024-09-08T21:44:24.672+0800][info] GC(140)   Merge Heap Roots: 0.0ms
[2024-09-08T21:44:24.672+0800][info] GC(140)   Evacuate Collection Set: 0.2ms
[2024-09-08T21:44:24.672+0800][info] GC(140)   Post Evacuate Collection Set: 0.2ms
[2024-09-08T21:44:24.672+0800][info] GC(140)   Other: 0.3ms
[2024-09-08T21:44:24.672+0800][info] GC(140) Eden regions: 1->0(19)
[2024-09-08T21:44:24.672+0800][info] GC(140) Survivor regions: 0->0(3)
[2024-09-08T21:44:24.672+0800][info] GC(140) Old regions: 1->1
[2024-09-08T21:44:24.672+0800][info] GC(140) Archive regions: 2->2
[2024-09-08T21:44:24.672+0800][info] GC(140) Humongous regions: 3->0
[2024-09-08T21:44:24.672+0800][info] GC(140) Metaspace: 765K(960K)->765K(960K) NonClass: 713K(832K)->713K(832K) Class: 51K(128K)->51K(128K)
[2024-09-08T21:44:24.673+0800][info] GC(140) Pause Young (Concurrent Start) (G1 Humongous Allocation) 18M->4M(128M) 0.902ms
[2024-09-08T21:44:24.673+0800][info] GC(140) User=0.01s Sys=0.00s Real=0.00s
[2024-09-08T21:44:24.673+0800][info] GC(141) Concurrent Mark Cycle
[2024-09-08T21:44:24.673+0800][info] GC(141) Concurrent Clear Claimed Marks
[2024-09-08T21:44:24.673+0800][info] GC(141) Concurrent Clear Claimed Marks 0.019ms
[2024-09-08T21:44:24.673+0800][info] GC(141) Concurrent Scan Root Regions
[2024-09-08T21:44:24.673+0800][info] GC(141) Concurrent Scan Root Regions 0.017ms
[2024-09-08T21:44:24.673+0800][info] GC(141) Concurrent Mark
[2024-09-08T21:44:24.673+0800][info] GC(141) Concurrent Mark From Roots
[2024-09-08T21:44:24.673+0800][info] GC(141) Using 12 workers of 12 for marking
[2024-09-08T21:44:24.675+0800][info] GC(141) Concurrent Mark From Roots 2.025ms
[2024-09-08T21:44:24.675+0800][info] GC(141) Concurrent Preclean
[2024-09-08T21:44:24.677+0800][info] GC(141) Concurrent Preclean 1.753ms
[2024-09-08T21:44:24.677+0800][info] GC(141) Pause Remark
[2024-09-08T21:44:24.678+0800][info] GC(141) Pause Remark 18M->18M(128M) 0.964ms
[2024-09-08T21:44:24.678+0800][info] GC(141) User=0.00s Sys=0.00s Real=0.01s
[2024-09-08T21:44:24.678+0800][info] GC(141) Concurrent Mark 4.911ms
[2024-09-08T21:44:24.678+0800][info] GC(141) Concurrent Rebuild Remembered Sets
[2024-09-08T21:44:24.678+0800][info] GC(141) Concurrent Rebuild Remembered Sets 0.012ms
[2024-09-08T21:44:24.678+0800][info] GC(141) Pause Cleanup
[2024-09-08T21:44:24.678+0800][info] GC(141) Pause Cleanup 18M->18M(128M) 0.023ms
[2024-09-08T21:44:24.678+0800][info] GC(141) User=0.00s Sys=0.00s Real=0.00s
[2024-09-08T21:44:24.678+0800][info] GC(141) Concurrent Cleanup for Next Mark
[2024-09-08T21:44:24.678+0800][info] GC(141) Concurrent Cleanup for Next Mark 0.277ms
[2024-09-08T21:44:24.678+0800][info] GC(141) Concurrent Mark Cycle 5.473ms
[2024-09-08T21:44:25.680+0800][info] GC(142) Pause Young (Concurrent Start) (G1 Humongous Allocation)
[2024-09-08T21:44:25.680+0800][info] GC(142) Using 3 workers of 48 for evacuation
[2024-09-08T21:44:25.681+0800][info] GC(142)   Pre Evacuate Collection Set: 0.1ms
[2024-09-08T21:44:25.681+0800][info] GC(142)   Merge Heap Roots: 0.0ms
[2024-09-08T21:44:25.681+0800][info] GC(142)   Evacuate Collection Set: 0.2ms
[2024-09-08T21:44:25.681+0800][info] GC(142)   Post Evacuate Collection Set: 0.2ms
[2024-09-08T21:44:25.681+0800][info] GC(142)   Other: 0.3ms
[2024-09-08T21:44:25.681+0800][info] GC(142) Eden regions: 1->0(19)
[2024-09-08T21:44:25.681+0800][info] GC(142) Survivor regions: 0->0(3)
[2024-09-08T21:44:25.681+0800][info] GC(142) Old regions: 1->1
[2024-09-08T21:44:25.681+0800][info] GC(142) Archive regions: 2->2
[2024-09-08T21:44:25.681+0800][info] GC(142) Humongous regions: 3->0
[2024-09-08T21:44:25.681+0800][info] GC(142) Metaspace: 765K(960K)->765K(960K) NonClass: 713K(832K)->713K(832K) Class: 51K(128K)->51K(128K)
[2024-09-08T21:44:25.681+0800][info] GC(142) Pause Young (Concurrent Start) (G1 Humongous Allocation) 18M->4M(128M) 0.922ms
[2024-09-08T21:44:25.681+0800][info] GC(142) User=0.00s Sys=0.00s Real=0.00s
[2024-09-08T21:44:25.681+0800][info] GC(143) Concurrent Mark Cycle
[2024-09-08T21:44:25.681+0800][info] GC(143) Concurrent Clear Claimed Marks
[2024-09-08T21:44:25.681+0800][info] GC(143) Concurrent Clear Claimed Marks 0.020ms
[2024-09-08T21:44:25.681+0800][info] GC(143) Concurrent Scan Root Regions
[2024-09-08T21:44:25.681+0800][info] GC(143) Concurrent Scan Root Regions 0.017ms
[2024-09-08T21:44:25.681+0800][info] GC(143) Concurrent Mark
[2024-09-08T21:44:25.681+0800][info] GC(143) Concurrent Mark From Roots
[2024-09-08T21:44:25.681+0800][info] GC(143) Using 12 workers of 12 for marking
[2024-09-08T21:44:25.683+0800][info] GC(143) Concurrent Mark From Roots 2.020ms
[2024-09-08T21:44:25.683+0800][info] GC(143) Concurrent Preclean
[2024-09-08T21:44:25.685+0800][info] GC(143) Concurrent Preclean 1.772ms
[2024-09-08T21:44:25.685+0800][info] GC(143) Pause Remark
[2024-09-08T21:44:25.686+0800][info] GC(143) Pause Remark 18M->18M(128M) 1.098ms
[2024-09-08T21:44:25.686+0800][info] GC(143) User=0.00s Sys=0.00s Real=0.00s
[2024-09-08T21:44:25.686+0800][info] GC(143) Concurrent Mark 5.084ms
[2024-09-08T21:44:25.686+0800][info] GC(143) Concurrent Rebuild Remembered Sets
[2024-09-08T21:44:25.686+0800][info] GC(143) Concurrent Rebuild Remembered Sets 0.012ms
[2024-09-08T21:44:25.686+0800][info] GC(143) Pause Cleanup
[2024-09-08T21:44:25.686+0800][info] GC(143) Pause Cleanup 18M->18M(128M) 0.023ms
[2024-09-08T21:44:25.686+0800][info] GC(143) User=0.00s Sys=0.00s Real=0.00s
[2024-09-08T21:44:25.686+0800][info] GC(143) Concurrent Cleanup for Next Mark
[2024-09-08T21:44:25.687+0800][info] GC(143) Concurrent Cleanup for Next Mark 0.252ms
[2024-09-08T21:44:25.687+0800][info] GC(143) Concurrent Mark Cycle 5.630ms
[2024-09-08T21:44:26.688+0800][info] GC(144) Pause Young (Concurrent Start) (G1 Humongous Allocation)
[2024-09-08T21:44:26.688+0800][info] GC(144) Using 3 workers of 48 for evacuation
[2024-09-08T21:44:26.689+0800][info] GC(144)   Pre Evacuate Collection Set: 0.1ms
[2024-09-08T21:44:26.689+0800][info] GC(144)   Merge Heap Roots: 0.0ms
[2024-09-08T21:44:26.689+0800][info] GC(144)   Evacuate Collection Set: 0.2ms
[2024-09-08T21:44:26.689+0800][info] GC(144)   Post Evacuate Collection Set: 0.2ms
[2024-09-08T21:44:26.689+0800][info] GC(144)   Other: 0.3ms
[2024-09-08T21:44:26.689+0800][info] GC(144) Eden regions: 1->0(19)
[2024-09-08T21:44:26.689+0800][info] GC(144) Survivor regions: 0->0(3)
[2024-09-08T21:44:26.689+0800][info] GC(144) Old regions: 1->1
[2024-09-08T21:44:26.689+0800][info] GC(144) Archive regions: 2->2
[2024-09-08T21:44:26.689+0800][info] GC(144) Humongous regions: 3->0
[2024-09-08T21:44:26.689+0800][info] GC(144) Metaspace: 765K(960K)->765K(960K) NonClass: 713K(832K)->713K(832K) Class: 51K(128K)->51K(128K)
[2024-09-08T21:44:26.689+0800][info] GC(144) Pause Young (Concurrent Start) (G1 Humongous Allocation) 18M->4M(128M) 0.973ms
[2024-09-08T21:44:26.689+0800][info] GC(144) User=0.00s Sys=0.00s Real=0.00s
[2024-09-08T21:44:26.689+0800][info] GC(145) Concurrent Mark Cycle
[2024-09-08T21:44:26.689+0800][info] GC(145) Concurrent Clear Claimed Marks
[2024-09-08T21:44:26.689+0800][info] GC(145) Concurrent Clear Claimed Marks 0.019ms
[2024-09-08T21:44:26.689+0800][info] GC(145) Concurrent Scan Root Regions
[2024-09-08T21:44:26.689+0800][info] GC(145) Concurrent Scan Root Regions 0.017ms
[2024-09-08T21:44:26.690+0800][info] GC(145) Concurrent Mark
[2024-09-08T21:44:26.690+0800][info] GC(145) Concurrent Mark From Roots
[2024-09-08T21:44:26.690+0800][info] GC(145) Using 12 workers of 12 for marking
[2024-09-08T21:44:26.691+0800][info] GC(145) Concurrent Mark From Roots 1.793ms
[2024-09-08T21:44:26.691+0800][info] GC(145) Concurrent Preclean
[2024-09-08T21:44:26.693+0800][info] GC(145) Concurrent Preclean 1.763ms
[2024-09-08T21:44:26.693+0800][info] GC(145) Pause Remark
[2024-09-08T21:44:26.694+0800][info] GC(145) Pause Remark 18M->18M(128M) 1.120ms
[2024-09-08T21:44:26.694+0800][info] GC(145) User=0.00s Sys=0.00s Real=0.00s
[2024-09-08T21:44:26.694+0800][info] GC(145) Concurrent Mark 4.841ms
[2024-09-08T21:44:26.694+0800][info] GC(145) Concurrent Rebuild Remembered Sets
[2024-09-08T21:44:26.694+0800][info] GC(145) Concurrent Rebuild Remembered Sets 0.012ms
[2024-09-08T21:44:26.694+0800][info] GC(145) Pause Cleanup
[2024-09-08T21:44:26.694+0800][info] GC(145) Pause Cleanup 18M->18M(128M) 0.023ms
[2024-09-08T21:44:26.694+0800][info] GC(145) User=0.00s Sys=0.00s Real=0.00s
[2024-09-08T21:44:26.695+0800][info] GC(145) Concurrent Cleanup for Next Mark
[2024-09-08T21:44:26.695+0800][info] GC(145) Concurrent Cleanup for Next Mark 0.284ms
[2024-09-08T21:44:26.695+0800][info] GC(145) Concurrent Mark Cycle 5.406ms
[2024-09-08T21:44:27.697+0800][info] GC(146) Pause Young (Concurrent Start) (G1 Humongous Allocation)
[2024-09-08T21:44:27.697+0800][info] GC(146) Using 3 workers of 48 for evacuation
[2024-09-08T21:44:27.698+0800][info] GC(146)   Pre Evacuate Collection Set: 0.1ms
[2024-09-08T21:44:27.698+0800][info] GC(146)   Merge Heap Roots: 0.0ms
[2024-09-08T21:44:27.698+0800][info] GC(146)   Evacuate Collection Set: 0.3ms
[2024-09-08T21:44:27.698+0800][info] GC(146)   Post Evacuate Collection Set: 0.2ms
[2024-09-08T21:44:27.698+0800][info] GC(146)   Other: 0.3ms
[2024-09-08T21:44:27.698+0800][info] GC(146) Eden regions: 1->0(19)
[2024-09-08T21:44:27.698+0800][info] GC(146) Survivor regions: 0->0(3)
[2024-09-08T21:44:27.698+0800][info] GC(146) Old regions: 1->1
[2024-09-08T21:44:27.698+0800][info] GC(146) Archive regions: 2->2
[2024-09-08T21:44:27.698+0800][info] GC(146) Humongous regions: 3->0
[2024-09-08T21:44:27.698+0800][info] GC(146) Metaspace: 765K(960K)->765K(960K) NonClass: 713K(832K)->713K(832K) Class: 51K(128K)->51K(128K)
[2024-09-08T21:44:27.698+0800][info] GC(146) Pause Young (Concurrent Start) (G1 Humongous Allocation) 18M->4M(128M) 1.039ms
[2024-09-08T21:44:27.698+0800][info] GC(146) User=0.00s Sys=0.00s Real=0.01s
[2024-09-08T21:44:27.698+0800][info] GC(147) Concurrent Mark Cycle
[2024-09-08T21:44:27.698+0800][info] GC(147) Concurrent Clear Claimed Marks
[2024-09-08T21:44:27.698+0800][info] GC(147) Concurrent Clear Claimed Marks 0.020ms
[2024-09-08T21:44:27.698+0800][info] GC(147) Concurrent Scan Root Regions
[2024-09-08T21:44:27.698+0800][info] GC(147) Concurrent Scan Root Regions 0.017ms
[2024-09-08T21:44:27.698+0800][info] GC(147) Concurrent Mark
[2024-09-08T21:44:27.698+0800][info] GC(147) Concurrent Mark From Roots
[2024-09-08T21:44:27.698+0800][info] GC(147) Using 12 workers of 12 for marking
[2024-09-08T21:44:27.700+0800][info] GC(147) Concurrent Mark From Roots 2.046ms
[2024-09-08T21:44:27.700+0800][info] GC(147) Concurrent Preclean
[2024-09-08T21:44:27.702+0800][info] GC(147) Concurrent Preclean 1.726ms
[2024-09-08T21:44:27.702+0800][info] GC(147) Pause Remark
[2024-09-08T21:44:27.703+0800][info] GC(147) Pause Remark 18M->18M(128M) 1.056ms
[2024-09-08T21:44:27.703+0800][info] GC(147) User=0.01s Sys=0.00s Real=0.00s
[2024-09-08T21:44:27.703+0800][info] GC(147) Concurrent Mark 4.996ms
[2024-09-08T21:44:27.703+0800][info] GC(147) Concurrent Rebuild Remembered Sets
[2024-09-08T21:44:27.703+0800][info] GC(147) Concurrent Rebuild Remembered Sets 0.012ms
[2024-09-08T21:44:27.703+0800][info] GC(147) Pause Cleanup
[2024-09-08T21:44:27.703+0800][info] GC(147) Pause Cleanup 18M->18M(128M) 0.023ms
[2024-09-08T21:44:27.703+0800][info] GC(147) User=0.00s Sys=0.00s Real=0.00s
[2024-09-08T21:44:27.703+0800][info] GC(147) Concurrent Cleanup for Next Mark
[2024-09-08T21:44:27.703+0800][info] GC(147) Concurrent Cleanup for Next Mark 0.266ms
[2024-09-08T21:44:27.703+0800][info] GC(147) Concurrent Mark Cycle 5.551ms
[2024-09-08T21:44:28.705+0800][info] GC(148) Pause Young (Concurrent Start) (G1 Humongous Allocation)
[2024-09-08T21:44:28.705+0800][info] GC(148) Using 3 workers of 48 for evacuation
[2024-09-08T21:44:28.706+0800][info] GC(148)   Pre Evacuate Collection Set: 0.1ms
[2024-09-08T21:44:28.706+0800][info] GC(148)   Merge Heap Roots: 0.0ms
[2024-09-08T21:44:28.706+0800][info] GC(148)   Evacuate Collection Set: 0.2ms
[2024-09-08T21:44:28.706+0800][info] GC(148)   Post Evacuate Collection Set: 0.1ms
[2024-09-08T21:44:28.706+0800][info] GC(148)   Other: 0.3ms
[2024-09-08T21:44:28.706+0800][info] GC(148) Eden regions: 1->0(19)
[2024-09-08T21:44:28.706+0800][info] GC(148) Survivor regions: 0->0(3)
[2024-09-08T21:44:28.706+0800][info] GC(148) Old regions: 1->1
[2024-09-08T21:44:28.706+0800][info] GC(148) Archive regions: 2->2
[2024-09-08T21:44:28.706+0800][info] GC(148) Humongous regions: 3->0
[2024-09-08T21:44:28.706+0800][info] GC(148) Metaspace: 765K(960K)->765K(960K) NonClass: 713K(832K)->713K(832K) Class: 51K(128K)->51K(128K)
[2024-09-08T21:44:28.706+0800][info] GC(148) Pause Young (Concurrent Start) (G1 Humongous Allocation) 18M->4M(128M) 0.821ms
[2024-09-08T21:44:28.706+0800][info] GC(148) User=0.00s Sys=0.00s Real=0.00s
[2024-09-08T21:44:28.706+0800][info] GC(149) Concurrent Mark Cycle
[2024-09-08T21:44:28.706+0800][info] GC(149) Concurrent Clear Claimed Marks
[2024-09-08T21:44:28.706+0800][info] GC(149) Concurrent Clear Claimed Marks 0.015ms
[2024-09-08T21:44:28.706+0800][info] GC(149) Concurrent Scan Root Regions
[2024-09-08T21:44:28.706+0800][info] GC(149) Concurrent Scan Root Regions 0.034ms
[2024-09-08T21:44:28.706+0800][info] GC(149) Concurrent Mark
[2024-09-08T21:44:28.706+0800][info] GC(149) Concurrent Mark From Roots
[2024-09-08T21:44:28.706+0800][info] GC(149) Using 12 workers of 12 for marking
[2024-09-08T21:44:28.708+0800][info] GC(149) Concurrent Mark From Roots 1.913ms
[2024-09-08T21:44:28.708+0800][info] GC(149) Concurrent Preclean
[2024-09-08T21:44:28.710+0800][info] GC(149) Concurrent Preclean 1.693ms
[2024-09-08T21:44:28.710+0800][info] GC(149) Pause Remark
[2024-09-08T21:44:28.711+0800][info] GC(149) Pause Remark 18M->18M(128M) 0.845ms
[2024-09-08T21:44:28.711+0800][info] GC(149) User=0.00s Sys=0.00s Real=0.00s
[2024-09-08T21:44:28.711+0800][info] GC(149) Concurrent Mark 4.608ms
[2024-09-08T21:44:28.711+0800][info] GC(149) Concurrent Rebuild Remembered Sets
[2024-09-08T21:44:28.711+0800][info] GC(149) Concurrent Rebuild Remembered Sets 0.012ms
[2024-09-08T21:44:28.711+0800][info] GC(149) Pause Cleanup
[2024-09-08T21:44:28.711+0800][info] GC(149) Pause Cleanup 18M->18M(128M) 0.023ms
[2024-09-08T21:44:28.711+0800][info] GC(149) User=0.00s Sys=0.00s Real=0.00s
[2024-09-08T21:44:28.711+0800][info] GC(149) Concurrent Cleanup for Next Mark
[2024-09-08T21:44:28.711+0800][info] GC(149) Concurrent Cleanup for Next Mark 0.279ms
[2024-09-08T21:44:28.711+0800][info] GC(149) Concurrent Mark Cycle 5.168ms
[2024-09-08T21:44:29.713+0800][info] GC(150) Pause Young (Concurrent Start) (G1 Humongous Allocation)
[2024-09-08T21:44:29.713+0800][info] GC(150) Using 3 workers of 48 for evacuation
[2024-09-08T21:44:29.714+0800][info] GC(150)   Pre Evacuate Collection Set: 0.0ms
[2024-09-08T21:44:29.714+0800][info] GC(150)   Merge Heap Roots: 0.0ms
[2024-09-08T21:44:29.714+0800][info] GC(150)   Evacuate Collection Set: 0.2ms
[2024-09-08T21:44:29.714+0800][info] GC(150)   Post Evacuate Collection Set: 0.1ms
[2024-09-08T21:44:29.714+0800][info] GC(150)   Other: 0.3ms
[2024-09-08T21:44:29.714+0800][info] GC(150) Eden regions: 1->0(19)
[2024-09-08T21:44:29.714+0800][info] GC(150) Survivor regions: 0->0(3)
[2024-09-08T21:44:29.714+0800][info] GC(150) Old regions: 1->1
[2024-09-08T21:44:29.714+0800][info] GC(150) Archive regions: 2->2
[2024-09-08T21:44:29.714+0800][info] GC(150) Humongous regions: 3->0
[2024-09-08T21:44:29.714+0800][info] GC(150) Metaspace: 765K(960K)->765K(960K) NonClass: 713K(832K)->713K(832K) Class: 51K(128K)->51K(128K)
[2024-09-08T21:44:29.714+0800][info] GC(150) Pause Young (Concurrent Start) (G1 Humongous Allocation) 18M->4M(128M) 0.803ms
[2024-09-08T21:44:29.714+0800][info] GC(150) User=0.00s Sys=0.00s Real=0.00s
[2024-09-08T21:44:29.714+0800][info] GC(151) Concurrent Mark Cycle
[2024-09-08T21:44:29.714+0800][info] GC(151) Concurrent Clear Claimed Marks
[2024-09-08T21:44:29.714+0800][info] GC(151) Concurrent Clear Claimed Marks 0.015ms
[2024-09-08T21:44:29.714+0800][info] GC(151) Concurrent Scan Root Regions
[2024-09-08T21:44:29.714+0800][info] GC(151) Concurrent Scan Root Regions 0.011ms
[2024-09-08T21:44:29.714+0800][info] GC(151) Concurrent Mark
[2024-09-08T21:44:29.714+0800][info] GC(151) Concurrent Mark From Roots
[2024-09-08T21:44:29.714+0800][info] GC(151) Using 12 workers of 12 for marking
[2024-09-08T21:44:29.716+0800][info] GC(151) Concurrent Mark From Roots 1.930ms
[2024-09-08T21:44:29.716+0800][info] GC(151) Concurrent Preclean
[2024-09-08T21:44:29.718+0800][info] GC(151) Concurrent Preclean 1.690ms
[2024-09-08T21:44:29.718+0800][info] GC(151) Pause Remark
[2024-09-08T21:44:29.719+0800][info] GC(151) Pause Remark 18M->18M(128M) 0.858ms
[2024-09-08T21:44:29.719+0800][info] GC(151) User=0.00s Sys=0.00s Real=0.00s
[2024-09-08T21:44:29.719+0800][info] GC(151) Concurrent Mark 4.629ms
[2024-09-08T21:44:29.719+0800][info] GC(151) Concurrent Rebuild Remembered Sets
[2024-09-08T21:44:29.719+0800][info] GC(151) Concurrent Rebuild Remembered Sets 0.012ms
[2024-09-08T21:44:29.719+0800][info] GC(151) Pause Cleanup
[2024-09-08T21:44:29.719+0800][info] GC(151) Pause Cleanup 18M->18M(128M) 0.023ms
[2024-09-08T21:44:29.719+0800][info] GC(151) User=0.00s Sys=0.00s Real=0.00s
[2024-09-08T21:44:29.719+0800][info] GC(151) Concurrent Cleanup for Next Mark
[2024-09-08T21:44:29.719+0800][info] GC(151) Concurrent Cleanup for Next Mark 0.204ms
[2024-09-08T21:44:29.719+0800][info] GC(151) Concurrent Mark Cycle 5.115ms
[2024-09-08T21:44:30.722+0800][info] GC(152) Pause Young (Concurrent Start) (G1 Humongous Allocation)
[2024-09-08T21:44:30.722+0800][info] GC(152) Using 3 workers of 48 for evacuation
[2024-09-08T21:44:30.722+0800][info] GC(152)   Pre Evacuate Collection Set: 0.0ms
[2024-09-08T21:44:30.722+0800][info] GC(152)   Merge Heap Roots: 0.0ms
[2024-09-08T21:44:30.722+0800][info] GC(152)   Evacuate Collection Set: 0.2ms
[2024-09-08T21:44:30.722+0800][info] GC(152)   Post Evacuate Collection Set: 0.1ms
[2024-09-08T21:44:30.722+0800][info] GC(152)   Other: 0.3ms
[2024-09-08T21:44:30.722+0800][info] GC(152) Eden regions: 1->0(19)
[2024-09-08T21:44:30.722+0800][info] GC(152) Survivor regions: 0->0(3)
[2024-09-08T21:44:30.722+0800][info] GC(152) Old regions: 1->1
[2024-09-08T21:44:30.722+0800][info] GC(152) Archive regions: 2->2
[2024-09-08T21:44:30.722+0800][info] GC(152) Humongous regions: 3->0
[2024-09-08T21:44:30.722+0800][info] GC(152) Metaspace: 767K(960K)->767K(960K) NonClass: 716K(832K)->716K(832K) Class: 51K(128K)->51K(128K)
[2024-09-08T21:44:30.722+0800][info] GC(152) Pause Young (Concurrent Start) (G1 Humongous Allocation) 18M->4M(128M) 0.801ms
[2024-09-08T21:44:30.723+0800][info] GC(152) User=0.00s Sys=0.00s Real=0.00s
[2024-09-08T21:44:30.723+0800][info] GC(153) Concurrent Mark Cycle
[2024-09-08T21:44:30.723+0800][info] GC(153) Concurrent Clear Claimed Marks
[2024-09-08T21:44:30.723+0800][info] GC(153) Concurrent Clear Claimed Marks 0.014ms
[2024-09-08T21:44:30.723+0800][info] GC(153) Concurrent Scan Root Regions
[2024-09-08T21:44:30.723+0800][info] GC(153) Concurrent Scan Root Regions 0.011ms
[2024-09-08T21:44:30.723+0800][info] GC(153) Concurrent Mark
[2024-09-08T21:44:30.723+0800][info] GC(153) Concurrent Mark From Roots
[2024-09-08T21:44:30.723+0800][info] GC(153) Using 12 workers of 12 for marking
[2024-09-08T21:44:30.725+0800][info] GC(153) Concurrent Mark From Roots 1.912ms
[2024-09-08T21:44:30.725+0800][info] GC(153) Concurrent Preclean
[2024-09-08T21:44:30.726+0800][info] GC(153) Concurrent Preclean 1.680ms
[2024-09-08T21:44:30.726+0800][info] GC(153) Pause Remark
[2024-09-08T21:44:30.727+0800][info] GC(153) Pause Remark 18M->18M(128M) 0.799ms
[2024-09-08T21:44:30.727+0800][info] GC(153) User=0.00s Sys=0.00s Real=0.00s
[2024-09-08T21:44:30.727+0800][info] GC(153) Concurrent Mark 4.546ms
[2024-09-08T21:44:30.727+0800][info] GC(153) Concurrent Rebuild Remembered Sets
[2024-09-08T21:44:30.727+0800][info] GC(153) Concurrent Rebuild Remembered Sets 0.012ms
[2024-09-08T21:44:30.727+0800][info] GC(153) Pause Cleanup
[2024-09-08T21:44:30.727+0800][info] GC(153) Pause Cleanup 18M->18M(128M) 0.023ms
[2024-09-08T21:44:30.727+0800][info] GC(153) User=0.00s Sys=0.00s Real=0.00s
[2024-09-08T21:44:30.727+0800][info] GC(153) Concurrent Cleanup for Next Mark
[2024-09-08T21:44:30.728+0800][info] GC(153) Concurrent Cleanup for Next Mark 0.280ms
[2024-09-08T21:44:30.728+0800][info] GC(153) Concurrent Mark Cycle 5.083ms
[2024-09-08T21:44:31.730+0800][info] GC(154) Pause Young (Concurrent Start) (G1 Humongous Allocation)
[2024-09-08T21:44:31.730+0800][info] GC(154) Using 3 workers of 48 for evacuation
[2024-09-08T21:44:31.731+0800][info] GC(154)   Pre Evacuate Collection Set: 0.1ms
[2024-09-08T21:44:31.731+0800][info] GC(154)   Merge Heap Roots: 0.0ms
[2024-09-08T21:44:31.731+0800][info] GC(154)   Evacuate Collection Set: 0.3ms
[2024-09-08T21:44:31.731+0800][info] GC(154)   Post Evacuate Collection Set: 0.1ms
[2024-09-08T21:44:31.731+0800][info] GC(154)   Other: 0.3ms
[2024-09-08T21:44:31.731+0800][info] GC(154) Eden regions: 1->0(19)
[2024-09-08T21:44:31.731+0800][info] GC(154) Survivor regions: 0->0(3)
[2024-09-08T21:44:31.731+0800][info] GC(154) Old regions: 1->1
[2024-09-08T21:44:31.731+0800][info] GC(154) Archive regions: 2->2
[2024-09-08T21:44:31.731+0800][info] GC(154) Humongous regions: 3->0
[2024-09-08T21:44:31.731+0800][info] GC(154) Metaspace: 767K(960K)->767K(960K) NonClass: 716K(832K)->716K(832K) Class: 51K(128K)->51K(128K)
[2024-09-08T21:44:31.731+0800][info] GC(154) Pause Young (Concurrent Start) (G1 Humongous Allocation) 18M->4M(128M) 0.971ms
[2024-09-08T21:44:31.731+0800][info] GC(154) User=0.00s Sys=0.00s Real=0.00s
[2024-09-08T21:44:31.731+0800][info] GC(155) Concurrent Mark Cycle
[2024-09-08T21:44:31.731+0800][info] GC(155) Concurrent Clear Claimed Marks
[2024-09-08T21:44:31.731+0800][info] GC(155) Concurrent Clear Claimed Marks 0.015ms
[2024-09-08T21:44:31.731+0800][info] GC(155) Concurrent Scan Root Regions
[2024-09-08T21:44:31.731+0800][info] GC(155) Concurrent Scan Root Regions 0.011ms
[2024-09-08T21:44:31.731+0800][info] GC(155) Concurrent Mark
[2024-09-08T21:44:31.731+0800][info] GC(155) Concurrent Mark From Roots
[2024-09-08T21:44:31.731+0800][info] GC(155) Using 12 workers of 12 for marking
[2024-09-08T21:44:31.733+0800][info] GC(155) Concurrent Mark From Roots 2.033ms
[2024-09-08T21:44:31.733+0800][info] GC(155) Concurrent Preclean
[2024-09-08T21:44:31.735+0800][info] GC(155) Concurrent Preclean 1.662ms
[2024-09-08T21:44:31.735+0800][info] GC(155) Pause Remark
[2024-09-08T21:44:31.736+0800][info] GC(155) Pause Remark 18M->18M(128M) 0.871ms
[2024-09-08T21:44:31.736+0800][info] GC(155) User=0.01s Sys=0.01s Real=0.00s
[2024-09-08T21:44:31.736+0800][info] GC(155) Concurrent Mark 4.720ms
[2024-09-08T21:44:31.736+0800][info] GC(155) Concurrent Rebuild Remembered Sets
[2024-09-08T21:44:31.736+0800][info] GC(155) Concurrent Rebuild Remembered Sets 0.011ms
[2024-09-08T21:44:31.736+0800][info] GC(155) Pause Cleanup
[2024-09-08T21:44:31.736+0800][info] GC(155) Pause Cleanup 18M->18M(128M) 0.023ms
[2024-09-08T21:44:31.736+0800][info] GC(155) User=0.00s Sys=0.00s Real=0.00s
[2024-09-08T21:44:31.736+0800][info] GC(155) Concurrent Cleanup for Next Mark
[2024-09-08T21:44:31.736+0800][info] GC(155) Concurrent Cleanup for Next Mark 0.253ms
[2024-09-08T21:44:31.736+0800][info] GC(155) Concurrent Mark Cycle 5.238ms
[2024-09-08T21:44:32.738+0800][info] GC(156) Pause Young (Concurrent Start) (G1 Humongous Allocation)
[2024-09-08T21:44:32.738+0800][info] GC(156) Using 3 workers of 48 for evacuation
[2024-09-08T21:44:32.739+0800][info] GC(156)   Pre Evacuate Collection Set: 0.1ms
[2024-09-08T21:44:32.739+0800][info] GC(156)   Merge Heap Roots: 0.0ms
[2024-09-08T21:44:32.739+0800][info] GC(156)   Evacuate Collection Set: 0.2ms
[2024-09-08T21:44:32.739+0800][info] GC(156)   Post Evacuate Collection Set: 0.1ms
[2024-09-08T21:44:32.739+0800][info] GC(156)   Other: 0.3ms
[2024-09-08T21:44:32.739+0800][info] GC(156) Eden regions: 1->0(19)
[2024-09-08T21:44:32.739+0800][info] GC(156) Survivor regions: 0->0(3)
[2024-09-08T21:44:32.739+0800][info] GC(156) Old regions: 1->1
[2024-09-08T21:44:32.739+0800][info] GC(156) Archive regions: 2->2
[2024-09-08T21:44:32.739+0800][info] GC(156) Humongous regions: 3->0
[2024-09-08T21:44:32.739+0800][info] GC(156) Metaspace: 767K(960K)->767K(960K) NonClass: 716K(832K)->716K(832K) Class: 51K(128K)->51K(128K)
[2024-09-08T21:44:32.739+0800][info] GC(156) Pause Young (Concurrent Start) (G1 Humongous Allocation) 18M->4M(128M) 0.859ms
[2024-09-08T21:44:32.739+0800][info] GC(156) User=0.00s Sys=0.00s Real=0.00s
[2024-09-08T21:44:32.739+0800][info] GC(157) Concurrent Mark Cycle
[2024-09-08T21:44:32.739+0800][info] GC(157) Concurrent Clear Claimed Marks
[2024-09-08T21:44:32.739+0800][info] GC(157) Concurrent Clear Claimed Marks 0.014ms
[2024-09-08T21:44:32.739+0800][info] GC(157) Concurrent Scan Root Regions
[2024-09-08T21:44:32.739+0800][info] GC(157) Concurrent Scan Root Regions 0.011ms
[2024-09-08T21:44:32.739+0800][info] GC(157) Concurrent Mark
[2024-09-08T21:44:32.739+0800][info] GC(157) Concurrent Mark From Roots
[2024-09-08T21:44:32.739+0800][info] GC(157) Using 12 workers of 12 for marking
[2024-09-08T21:44:32.741+0800][info] GC(157) Concurrent Mark From Roots 1.901ms
[2024-09-08T21:44:32.741+0800][info] GC(157) Concurrent Preclean
[2024-09-08T21:44:32.743+0800][info] GC(157) Concurrent Preclean 1.707ms
[2024-09-08T21:44:32.743+0800][info] GC(157) Pause Remark
[2024-09-08T21:44:32.744+0800][info] GC(157) Pause Remark 18M->18M(128M) 0.808ms
[2024-09-08T21:44:32.744+0800][info] GC(157) User=0.00s Sys=0.00s Real=0.00s
[2024-09-08T21:44:32.744+0800][info] GC(157) Concurrent Mark 4.607ms
[2024-09-08T21:44:32.744+0800][info] GC(157) Concurrent Rebuild Remembered Sets
[2024-09-08T21:44:32.744+0800][info] GC(157) Concurrent Rebuild Remembered Sets 0.012ms
[2024-09-08T21:44:32.744+0800][info] GC(157) Pause Cleanup
[2024-09-08T21:44:32.744+0800][info] GC(157) Pause Cleanup 18M->18M(128M) 0.023ms
[2024-09-08T21:44:32.744+0800][info] GC(157) User=0.00s Sys=0.00s Real=0.00s
[2024-09-08T21:44:32.744+0800][info] GC(157) Concurrent Cleanup for Next Mark
[2024-09-08T21:44:32.744+0800][info] GC(157) Concurrent Cleanup for Next Mark 0.242ms
[2024-09-08T21:44:32.744+0800][info] GC(157) Concurrent Mark Cycle 5.117ms
[2024-09-08T21:44:33.747+0800][info] GC(158) Pause Young (Concurrent Start) (G1 Humongous Allocation)
[2024-09-08T21:44:33.747+0800][info] GC(158) Using 3 workers of 48 for evacuation
[2024-09-08T21:44:33.747+0800][info] GC(158)   Pre Evacuate Collection Set: 0.1ms
[2024-09-08T21:44:33.747+0800][info] GC(158)   Merge Heap Roots: 0.0ms
[2024-09-08T21:44:33.747+0800][info] GC(158)   Evacuate Collection Set: 0.2ms
[2024-09-08T21:44:33.747+0800][info] GC(158)   Post Evacuate Collection Set: 0.1ms
[2024-09-08T21:44:33.747+0800][info] GC(158)   Other: 0.3ms
[2024-09-08T21:44:33.748+0800][info] GC(158) Eden regions: 1->0(19)
[2024-09-08T21:44:33.748+0800][info] GC(158) Survivor regions: 0->0(3)
[2024-09-08T21:44:33.748+0800][info] GC(158) Old regions: 1->1
[2024-09-08T21:44:33.748+0800][info] GC(158) Archive regions: 2->2
[2024-09-08T21:44:33.748+0800][info] GC(158) Humongous regions: 3->0
[2024-09-08T21:44:33.748+0800][info] GC(158) Metaspace: 779K(960K)->779K(960K) NonClass: 728K(832K)->728K(832K) Class: 51K(128K)->51K(128K)
[2024-09-08T21:44:33.748+0800][info] GC(158) Pause Young (Concurrent Start) (G1 Humongous Allocation) 18M->4M(128M) 0.838ms
[2024-09-08T21:44:33.748+0800][info] GC(158) User=0.00s Sys=0.00s Real=0.00s
[2024-09-08T21:44:33.748+0800][info] GC(159) Concurrent Mark Cycle
[2024-09-08T21:44:33.748+0800][info] GC(159) Concurrent Clear Claimed Marks
[2024-09-08T21:44:33.748+0800][info] GC(159) Concurrent Clear Claimed Marks 0.014ms
[2024-09-08T21:44:33.748+0800][info] GC(159) Concurrent Scan Root Regions
[2024-09-08T21:44:33.748+0800][info] GC(159) Concurrent Scan Root Regions 0.011ms
[2024-09-08T21:44:33.748+0800][info] GC(159) Concurrent Mark
[2024-09-08T21:44:33.748+0800][info] GC(159) Concurrent Mark From Roots
[2024-09-08T21:44:33.748+0800][info] GC(159) Using 12 workers of 12 for marking
[2024-09-08T21:44:33.750+0800][info] GC(159) Concurrent Mark From Roots 1.922ms
[2024-09-08T21:44:33.750+0800][info] GC(159) Concurrent Preclean
[2024-09-08T21:44:33.751+0800][info] GC(159) Concurrent Preclean 1.658ms
[2024-09-08T21:44:33.751+0800][info] GC(159) Pause Remark
[2024-09-08T21:44:33.752+0800][info] GC(159) Pause Remark 18M->18M(128M) 0.839ms
[2024-09-08T21:44:33.752+0800][info] GC(159) User=0.00s Sys=0.00s Real=0.00s
[2024-09-08T21:44:33.752+0800][info] GC(159) Concurrent Mark 4.569ms
[2024-09-08T21:44:33.752+0800][info] GC(159) Concurrent Rebuild Remembered Sets
[2024-09-08T21:44:33.752+0800][info] GC(159) Concurrent Rebuild Remembered Sets 0.017ms
[2024-09-08T21:44:33.752+0800][info] GC(159) Pause Cleanup
[2024-09-08T21:44:33.752+0800][info] GC(159) Pause Cleanup 18M->18M(128M) 0.029ms
[2024-09-08T21:44:33.752+0800][info] GC(159) User=0.00s Sys=0.00s Real=0.00s
[2024-09-08T21:44:33.753+0800][info] GC(159) Concurrent Cleanup for Next Mark
[2024-09-08T21:44:33.753+0800][info] GC(159) Concurrent Cleanup for Next Mark 0.327ms
[2024-09-08T21:44:33.753+0800][info] GC(159) Concurrent Mark Cycle 5.198ms
[2024-09-08T21:44:34.755+0800][info] GC(160) Pause Young (Concurrent Start) (G1 Humongous Allocation)
[2024-09-08T21:44:34.755+0800][info] GC(160) Using 3 workers of 48 for evacuation
[2024-09-08T21:44:34.756+0800][info] GC(160)   Pre Evacuate Collection Set: 0.0ms
[2024-09-08T21:44:34.756+0800][info] GC(160)   Merge Heap Roots: 0.0ms
[2024-09-08T21:44:34.756+0800][info] GC(160)   Evacuate Collection Set: 0.2ms
[2024-09-08T21:44:34.756+0800][info] GC(160)   Post Evacuate Collection Set: 0.1ms
[2024-09-08T21:44:34.756+0800][info] GC(160)   Other: 0.3ms
[2024-09-08T21:44:34.756+0800][info] GC(160) Eden regions: 1->0(19)
[2024-09-08T21:44:34.756+0800][info] GC(160) Survivor regions: 0->0(3)
[2024-09-08T21:44:34.756+0800][info] GC(160) Old regions: 1->1
[2024-09-08T21:44:34.756+0800][info] GC(160) Archive regions: 2->2
[2024-09-08T21:44:34.756+0800][info] GC(160) Humongous regions: 3->0
[2024-09-08T21:44:34.756+0800][info] GC(160) Metaspace: 779K(960K)->779K(960K) NonClass: 728K(832K)->728K(832K) Class: 51K(128K)->51K(128K)
[2024-09-08T21:44:34.756+0800][info] GC(160) Pause Young (Concurrent Start) (G1 Humongous Allocation) 18M->4M(128M) 0.818ms
[2024-09-08T21:44:34.756+0800][info] GC(160) User=0.00s Sys=0.00s Real=0.00s
[2024-09-08T21:44:34.756+0800][info] GC(161) Concurrent Mark Cycle
[2024-09-08T21:44:34.756+0800][info] GC(161) Concurrent Clear Claimed Marks
[2024-09-08T21:44:34.756+0800][info] GC(161) Concurrent Clear Claimed Marks 0.014ms
[2024-09-08T21:44:34.756+0800][info] GC(161) Concurrent Scan Root Regions
[2024-09-08T21:44:34.756+0800][info] GC(161) Concurrent Scan Root Regions 0.011ms
[2024-09-08T21:44:34.756+0800][info] GC(161) Concurrent Mark
[2024-09-08T21:44:34.756+0800][info] GC(161) Concurrent Mark From Roots
[2024-09-08T21:44:34.756+0800][info] GC(161) Using 12 workers of 12 for marking
[2024-09-08T21:44:34.758+0800][info] GC(161) Concurrent Mark From Roots 1.979ms
[2024-09-08T21:44:34.758+0800][info] GC(161) Concurrent Preclean
[2024-09-08T21:44:34.760+0800][info] GC(161) Concurrent Preclean 1.657ms
[2024-09-08T21:44:34.760+0800][info] GC(161) Pause Remark
[2024-09-08T21:44:34.760+0800][info] GC(161) Pause Remark 18M->18M(128M) 0.737ms
[2024-09-08T21:44:34.760+0800][info] GC(161) User=0.00s Sys=0.00s Real=0.00s
[2024-09-08T21:44:34.761+0800][info] GC(161) Concurrent Mark 4.526ms
[2024-09-08T21:44:34.761+0800][info] GC(161) Concurrent Rebuild Remembered Sets
[2024-09-08T21:44:34.761+0800][info] GC(161) Concurrent Rebuild Remembered Sets 0.017ms
[2024-09-08T21:44:34.761+0800][info] GC(161) Pause Cleanup
[2024-09-08T21:44:34.761+0800][info] GC(161) Pause Cleanup 18M->18M(128M) 0.023ms
[2024-09-08T21:44:34.761+0800][info] GC(161) User=0.00s Sys=0.00s Real=0.00s
[2024-09-08T21:44:34.761+0800][info] GC(161) Concurrent Cleanup for Next Mark
[2024-09-08T21:44:34.761+0800][info] GC(161) Concurrent Cleanup for Next Mark 0.290ms
[2024-09-08T21:44:34.761+0800][info] GC(161) Concurrent Mark Cycle 5.100ms
[2024-09-08T21:44:35.763+0800][info] GC(162) Pause Young (Concurrent Start) (G1 Humongous Allocation)
[2024-09-08T21:44:35.763+0800][info] GC(162) Using 3 workers of 48 for evacuation
[2024-09-08T21:44:35.764+0800][info] GC(162)   Pre Evacuate Collection Set: 0.0ms
[2024-09-08T21:44:35.764+0800][info] GC(162)   Merge Heap Roots: 0.0ms
[2024-09-08T21:44:35.764+0800][info] GC(162)   Evacuate Collection Set: 0.2ms
[2024-09-08T21:44:35.764+0800][info] GC(162)   Post Evacuate Collection Set: 0.1ms
[2024-09-08T21:44:35.764+0800][info] GC(162)   Other: 0.3ms
[2024-09-08T21:44:35.764+0800][info] GC(162) Eden regions: 1->0(19)
[2024-09-08T21:44:35.764+0800][info] GC(162) Survivor regions: 0->0(3)
[2024-09-08T21:44:35.764+0800][info] GC(162) Old regions: 1->1
[2024-09-08T21:44:35.764+0800][info] GC(162) Archive regions: 2->2
[2024-09-08T21:44:35.764+0800][info] GC(162) Humongous regions: 3->0
[2024-09-08T21:44:35.764+0800][info] GC(162) Metaspace: 779K(960K)->779K(960K) NonClass: 728K(832K)->728K(832K) Class: 51K(128K)->51K(128K)
[2024-09-08T21:44:35.764+0800][info] GC(162) Pause Young (Concurrent Start) (G1 Humongous Allocation) 18M->4M(128M) 0.826ms
[2024-09-08T21:44:35.764+0800][info] GC(162) User=0.00s Sys=0.00s Real=0.00s
[2024-09-08T21:44:35.764+0800][info] GC(163) Concurrent Mark Cycle
[2024-09-08T21:44:35.764+0800][info] GC(163) Concurrent Clear Claimed Marks
[2024-09-08T21:44:35.764+0800][info] GC(163) Concurrent Clear Claimed Marks 0.020ms
[2024-09-08T21:44:35.764+0800][info] GC(163) Concurrent Scan Root Regions
[2024-09-08T21:44:35.764+0800][info] GC(163) Concurrent Scan Root Regions 0.017ms
[2024-09-08T21:44:35.764+0800][info] GC(163) Concurrent Mark
[2024-09-08T21:44:35.764+0800][info] GC(163) Concurrent Mark From Roots
[2024-09-08T21:44:35.764+0800][info] GC(163) Using 12 workers of 12 for marking
[2024-09-08T21:44:35.766+0800][info] GC(163) Concurrent Mark From Roots 1.808ms
[2024-09-08T21:44:35.766+0800][info] GC(163) Concurrent Preclean
[2024-09-08T21:44:35.768+0800][info] GC(163) Concurrent Preclean 1.764ms
[2024-09-08T21:44:35.768+0800][info] GC(163) Pause Remark
[2024-09-08T21:44:35.769+0800][info] GC(163) Pause Remark 18M->18M(128M) 0.811ms
[2024-09-08T21:44:35.769+0800][info] GC(163) User=0.00s Sys=0.00s Real=0.00s
[2024-09-08T21:44:35.769+0800][info] GC(163) Concurrent Mark 4.567ms
[2024-09-08T21:44:35.769+0800][info] GC(163) Concurrent Rebuild Remembered Sets
[2024-09-08T21:44:35.769+0800][info] GC(163) Concurrent Rebuild Remembered Sets 0.017ms
[2024-09-08T21:44:35.769+0800][info] GC(163) Pause Cleanup
[2024-09-08T21:44:35.769+0800][info] GC(163) Pause Cleanup 18M->18M(128M) 0.023ms
[2024-09-08T21:44:35.769+0800][info] GC(163) User=0.00s Sys=0.00s Real=0.00s
[2024-09-08T21:44:35.769+0800][info] GC(163) Concurrent Cleanup for Next Mark
[2024-09-08T21:44:35.769+0800][info] GC(163) Concurrent Cleanup for Next Mark 0.243ms
[2024-09-08T21:44:35.769+0800][info] GC(163) Concurrent Mark Cycle 5.131ms
[2024-09-08T21:44:36.771+0800][info] GC(164) Pause Young (Concurrent Start) (G1 Humongous Allocation)
[2024-09-08T21:44:36.771+0800][info] GC(164) Using 3 workers of 48 for evacuation
[2024-09-08T21:44:36.772+0800][info] GC(164)   Pre Evacuate Collection Set: 0.0ms
[2024-09-08T21:44:36.772+0800][info] GC(164)   Merge Heap Roots: 0.0ms
[2024-09-08T21:44:36.772+0800][info] GC(164)   Evacuate Collection Set: 0.2ms
[2024-09-08T21:44:36.772+0800][info] GC(164)   Post Evacuate Collection Set: 0.1ms
[2024-09-08T21:44:36.772+0800][info] GC(164)   Other: 0.3ms
[2024-09-08T21:44:36.772+0800][info] GC(164) Eden regions: 1->0(19)
[2024-09-08T21:44:36.772+0800][info] GC(164) Survivor regions: 0->0(3)
[2024-09-08T21:44:36.772+0800][info] GC(164) Old regions: 1->1
[2024-09-08T21:44:36.772+0800][info] GC(164) Archive regions: 2->2
[2024-09-08T21:44:36.772+0800][info] GC(164) Humongous regions: 3->0
[2024-09-08T21:44:36.772+0800][info] GC(164) Metaspace: 779K(960K)->779K(960K) NonClass: 728K(832K)->728K(832K) Class: 51K(128K)->51K(128K)
[2024-09-08T21:44:36.772+0800][info] GC(164) Pause Young (Concurrent Start) (G1 Humongous Allocation) 18M->4M(128M) 0.784ms
[2024-09-08T21:44:36.772+0800][info] GC(164) User=0.00s Sys=0.00s Real=0.00s
[2024-09-08T21:44:36.772+0800][info] GC(165) Concurrent Mark Cycle
[2024-09-08T21:44:36.772+0800][info] GC(165) Concurrent Clear Claimed Marks
[2024-09-08T21:44:36.772+0800][info] GC(165) Concurrent Clear Claimed Marks 0.014ms
[2024-09-08T21:44:36.772+0800][info] GC(165) Concurrent Scan Root Regions
[2024-09-08T21:44:36.772+0800][info] GC(165) Concurrent Scan Root Regions 0.011ms
[2024-09-08T21:44:36.772+0800][info] GC(165) Concurrent Mark
[2024-09-08T21:44:36.772+0800][info] GC(165) Concurrent Mark From Roots
[2024-09-08T21:44:36.772+0800][info] GC(165) Using 12 workers of 12 for marking
[2024-09-08T21:44:36.775+0800][info] GC(165) Concurrent Mark From Roots 2.567ms
[2024-09-08T21:44:36.775+0800][info] GC(165) Concurrent Preclean
[2024-09-08T21:44:36.777+0800][info] GC(165) Concurrent Preclean 1.767ms
[2024-09-08T21:44:36.777+0800][info] GC(165) Pause Remark
[2024-09-08T21:44:36.778+0800][info] GC(165) Pause Remark 18M->18M(128M) 0.747ms
[2024-09-08T21:44:36.778+0800][info] GC(165) User=0.00s Sys=0.00s Real=0.00s
[2024-09-08T21:44:36.778+0800][info] GC(165) Concurrent Mark 5.249ms
[2024-09-08T21:44:36.778+0800][info] GC(165) Concurrent Rebuild Remembered Sets
[2024-09-08T21:44:36.778+0800][info] GC(165) Concurrent Rebuild Remembered Sets 0.017ms
[2024-09-08T21:44:36.778+0800][info] GC(165) Pause Cleanup
[2024-09-08T21:44:36.778+0800][info] GC(165) Pause Cleanup 18M->18M(128M) 0.024ms
[2024-09-08T21:44:36.778+0800][info] GC(165) User=0.00s Sys=0.00s Real=0.00s
[2024-09-08T21:44:36.778+0800][info] GC(165) Concurrent Cleanup for Next Mark
[2024-09-08T21:44:36.778+0800][info] GC(165) Concurrent Cleanup for Next Mark 0.232ms
[2024-09-08T21:44:36.778+0800][info] GC(165) Concurrent Mark Cycle 5.781ms
[2024-09-08T21:44:37.780+0800][info] GC(166) Pause Young (Concurrent Start) (G1 Humongous Allocation)
[2024-09-08T21:44:37.780+0800][info] GC(166) Using 3 workers of 48 for evacuation
[2024-09-08T21:44:37.780+0800][info] GC(166)   Pre Evacuate Collection Set: 0.1ms
[2024-09-08T21:44:37.780+0800][info] GC(166)   Merge Heap Roots: 0.0ms
[2024-09-08T21:44:37.780+0800][info] GC(166)   Evacuate Collection Set: 0.2ms
[2024-09-08T21:44:37.780+0800][info] GC(166)   Post Evacuate Collection Set: 0.1ms
[2024-09-08T21:44:37.780+0800][info] GC(166)   Other: 0.3ms
[2024-09-08T21:44:37.780+0800][info] GC(166) Eden regions: 1->0(19)
[2024-09-08T21:44:37.780+0800][info] GC(166) Survivor regions: 0->0(3)
[2024-09-08T21:44:37.780+0800][info] GC(166) Old regions: 1->1
[2024-09-08T21:44:37.780+0800][info] GC(166) Archive regions: 2->2
[2024-09-08T21:44:37.780+0800][info] GC(166) Humongous regions: 3->0
[2024-09-08T21:44:37.781+0800][info] GC(166) Metaspace: 779K(960K)->779K(960K) NonClass: 728K(832K)->728K(832K) Class: 51K(128K)->51K(128K)
[2024-09-08T21:44:37.781+0800][info] GC(166) Pause Young (Concurrent Start) (G1 Humongous Allocation) 18M->4M(128M) 0.854ms
[2024-09-08T21:44:37.781+0800][info] GC(166) User=0.00s Sys=0.00s Real=0.00s
[2024-09-08T21:44:37.781+0800][info] GC(167) Concurrent Mark Cycle
[2024-09-08T21:44:37.781+0800][info] GC(167) Concurrent Clear Claimed Marks
[2024-09-08T21:44:37.781+0800][info] GC(167) Concurrent Clear Claimed Marks 0.015ms
[2024-09-08T21:44:37.781+0800][info] GC(167) Concurrent Scan Root Regions
[2024-09-08T21:44:37.781+0800][info] GC(167) Concurrent Scan Root Regions 0.011ms
[2024-09-08T21:44:37.781+0800][info] GC(167) Concurrent Mark
[2024-09-08T21:44:37.781+0800][info] GC(167) Concurrent Mark From Roots
[2024-09-08T21:44:37.781+0800][info] GC(167) Using 12 workers of 12 for marking
[2024-09-08T21:44:37.783+0800][info] GC(167) Concurrent Mark From Roots 2.012ms
[2024-09-08T21:44:37.783+0800][info] GC(167) Concurrent Preclean
[2024-09-08T21:44:37.784+0800][info] GC(167) Concurrent Preclean 1.659ms
[2024-09-08T21:44:37.784+0800][info] GC(167) Pause Remark
[2024-09-08T21:44:37.785+0800][info] GC(167) Pause Remark 18M->18M(128M) 0.874ms
[2024-09-08T21:44:37.785+0800][info] GC(167) User=0.00s Sys=0.00s Real=0.01s
[2024-09-08T21:44:37.785+0800][info] GC(167) Concurrent Mark 4.700ms
[2024-09-08T21:44:37.785+0800][info] GC(167) Concurrent Rebuild Remembered Sets
[2024-09-08T21:44:37.785+0800][info] GC(167) Concurrent Rebuild Remembered Sets 0.012ms
[2024-09-08T21:44:37.785+0800][info] GC(167) Pause Cleanup
[2024-09-08T21:44:37.786+0800][info] GC(167) Pause Cleanup 18M->18M(128M) 0.023ms
[2024-09-08T21:44:37.786+0800][info] GC(167) User=0.00s Sys=0.00s Real=0.00s
[2024-09-08T21:44:37.786+0800][info] GC(167) Concurrent Cleanup for Next Mark
[2024-09-08T21:44:37.786+0800][info] GC(167) Concurrent Cleanup for Next Mark 0.253ms
[2024-09-08T21:44:37.786+0800][info] GC(167) Concurrent Mark Cycle 5.217ms
[2024-09-08T21:44:38.788+0800][info] GC(168) Pause Young (Concurrent Start) (G1 Humongous Allocation)
[2024-09-08T21:44:38.788+0800][info] GC(168) Using 3 workers of 48 for evacuation
[2024-09-08T21:44:38.789+0800][info] GC(168)   Pre Evacuate Collection Set: 0.0ms
[2024-09-08T21:44:38.789+0800][info] GC(168)   Merge Heap Roots: 0.0ms
[2024-09-08T21:44:38.789+0800][info] GC(168)   Evacuate Collection Set: 0.2ms
[2024-09-08T21:44:38.789+0800][info] GC(168)   Post Evacuate Collection Set: 0.2ms
[2024-09-08T21:44:38.789+0800][info] GC(168)   Other: 0.3ms
[2024-09-08T21:44:38.789+0800][info] GC(168) Eden regions: 1->0(19)
[2024-09-08T21:44:38.789+0800][info] GC(168) Survivor regions: 0->0(3)
[2024-09-08T21:44:38.789+0800][info] GC(168) Old regions: 1->1
[2024-09-08T21:44:38.789+0800][info] GC(168) Archive regions: 2->2
[2024-09-08T21:44:38.789+0800][info] GC(168) Humongous regions: 3->0
[2024-09-08T21:44:38.789+0800][info] GC(168) Metaspace: 780K(960K)->780K(960K) NonClass: 728K(832K)->728K(832K) Class: 51K(128K)->51K(128K)
[2024-09-08T21:44:38.789+0800][info] GC(168) Pause Young (Concurrent Start) (G1 Humongous Allocation) 18M->4M(128M) 0.897ms
[2024-09-08T21:44:38.789+0800][info] GC(168) User=0.01s Sys=0.00s Real=0.00s
[2024-09-08T21:44:38.789+0800][info] GC(169) Concurrent Mark Cycle
[2024-09-08T21:44:38.789+0800][info] GC(169) Concurrent Clear Claimed Marks
[2024-09-08T21:44:38.789+0800][info] GC(169) Concurrent Clear Claimed Marks 0.015ms
[2024-09-08T21:44:38.789+0800][info] GC(169) Concurrent Scan Root Regions
[2024-09-08T21:44:38.789+0800][info] GC(169) Concurrent Scan Root Regions 0.011ms
[2024-09-08T21:44:38.789+0800][info] GC(169) Concurrent Mark
[2024-09-08T21:44:38.789+0800][info] GC(169) Concurrent Mark From Roots
[2024-09-08T21:44:38.789+0800][info] GC(169) Using 12 workers of 12 for marking
[2024-09-08T21:44:38.792+0800][info] GC(169) Concurrent Mark From Roots 3.109ms
[2024-09-08T21:44:38.792+0800][info] GC(169) Concurrent Preclean
[2024-09-08T21:44:38.794+0800][info] GC(169) Concurrent Preclean 1.783ms
[2024-09-08T21:44:38.794+0800][info] GC(169) Pause Remark
[2024-09-08T21:44:38.795+0800][info] GC(169) Pause Remark 18M->18M(128M) 0.921ms
[2024-09-08T21:44:38.795+0800][info] GC(169) User=0.00s Sys=0.00s Real=0.00s
[2024-09-08T21:44:38.795+0800][info] GC(169) Concurrent Mark 5.981ms
[2024-09-08T21:44:38.795+0800][info] GC(169) Concurrent Rebuild Remembered Sets
[2024-09-08T21:44:38.795+0800][info] GC(169) Concurrent Rebuild Remembered Sets 0.017ms
[2024-09-08T21:44:38.795+0800][info] GC(169) Pause Cleanup
[2024-09-08T21:44:38.795+0800][info] GC(169) Pause Cleanup 18M->18M(128M) 0.023ms
[2024-09-08T21:44:38.795+0800][info] GC(169) User=0.00s Sys=0.00s Real=0.00s
[2024-09-08T21:44:38.795+0800][info] GC(169) Concurrent Cleanup for Next Mark
[2024-09-08T21:44:38.796+0800][info] GC(169) Concurrent Cleanup for Next Mark 0.308ms
[2024-09-08T21:44:38.796+0800][info] GC(169) Concurrent Mark Cycle 6.574ms
[2024-09-08T21:44:39.796+0800][info] GC(170) Pause Young (Concurrent Start) (G1 Humongous Allocation)
[2024-09-08T21:44:39.796+0800][info] GC(170) Using 3 workers of 48 for evacuation
[2024-09-08T21:44:39.797+0800][info] GC(170)   Pre Evacuate Collection Set: 0.1ms
[2024-09-08T21:44:39.797+0800][info] GC(170)   Merge Heap Roots: 0.0ms
[2024-09-08T21:44:39.797+0800][info] GC(170)   Evacuate Collection Set: 0.3ms
[2024-09-08T21:44:39.797+0800][info] GC(170)   Post Evacuate Collection Set: 0.2ms
[2024-09-08T21:44:39.797+0800][info] GC(170)   Other: 0.3ms
[2024-09-08T21:44:39.797+0800][info] GC(170) Eden regions: 1->0(19)
[2024-09-08T21:44:39.797+0800][info] GC(170) Survivor regions: 0->0(3)
[2024-09-08T21:44:39.797+0800][info] GC(170) Old regions: 1->1
[2024-09-08T21:44:39.797+0800][info] GC(170) Archive regions: 2->2
[2024-09-08T21:44:39.797+0800][info] GC(170) Humongous regions: 3->0
[2024-09-08T21:44:39.797+0800][info] GC(170) Metaspace: 780K(960K)->780K(960K) NonClass: 729K(832K)->729K(832K) Class: 51K(128K)->51K(128K)
[2024-09-08T21:44:39.797+0800][info] GC(170) Pause Young (Concurrent Start) (G1 Humongous Allocation) 18M->4M(128M) 1.065ms
[2024-09-08T21:44:39.797+0800][info] GC(170) User=0.01s Sys=0.00s Real=0.01s
[2024-09-08T21:44:39.797+0800][info] GC(171) Concurrent Mark Cycle
[2024-09-08T21:44:39.798+0800][info] GC(171) Concurrent Clear Claimed Marks
[2024-09-08T21:44:39.798+0800][info] GC(171) Concurrent Clear Claimed Marks 0.019ms
[2024-09-08T21:44:39.798+0800][info] GC(171) Concurrent Scan Root Regions
[2024-09-08T21:44:39.798+0800][info] GC(171) Concurrent Scan Root Regions 0.017ms
[2024-09-08T21:44:39.798+0800][info] GC(171) Concurrent Mark
[2024-09-08T21:44:39.798+0800][info] GC(171) Concurrent Mark From Roots
[2024-09-08T21:44:39.798+0800][info] GC(171) Using 12 workers of 12 for marking
[2024-09-08T21:44:39.800+0800][info] GC(171) Concurrent Mark From Roots 2.137ms
[2024-09-08T21:44:39.800+0800][info] GC(171) Concurrent Preclean
[2024-09-08T21:44:39.802+0800][info] GC(171) Concurrent Preclean 1.745ms
[2024-09-08T21:44:39.802+0800][info] GC(171) Pause Remark
[2024-09-08T21:44:39.803+0800][info] GC(171) Pause Remark 18M->18M(128M) 0.946ms
[2024-09-08T21:44:39.803+0800][info] GC(171) User=0.01s Sys=0.00s Real=0.00s
[2024-09-08T21:44:39.803+0800][info] GC(171) Concurrent Mark 5.000ms
[2024-09-08T21:44:39.803+0800][info] GC(171) Concurrent Rebuild Remembered Sets
[2024-09-08T21:44:39.803+0800][info] GC(171) Concurrent Rebuild Remembered Sets 0.011ms
[2024-09-08T21:44:39.803+0800][info] GC(171) Pause Cleanup
[2024-09-08T21:44:39.803+0800][info] GC(171) Pause Cleanup 18M->18M(128M) 0.023ms
[2024-09-08T21:44:39.803+0800][info] GC(171) User=0.00s Sys=0.00s Real=0.00s
[2024-09-08T21:44:39.803+0800][info] GC(171) Concurrent Cleanup for Next Mark
[2024-09-08T21:44:39.803+0800][info] GC(171) Concurrent Cleanup for Next Mark 0.253ms
[2024-09-08T21:44:39.803+0800][info] GC(171) Concurrent Mark Cycle 5.540ms
[2024-09-08T21:44:40.805+0800][info] GC(172) Pause Young (Concurrent Start) (G1 Humongous Allocation)
[2024-09-08T21:44:40.805+0800][info] GC(172) Using 3 workers of 48 for evacuation
[2024-09-08T21:44:40.806+0800][info] GC(172)   Pre Evacuate Collection Set: 0.1ms
[2024-09-08T21:44:40.806+0800][info] GC(172)   Merge Heap Roots: 0.0ms
[2024-09-08T21:44:40.806+0800][info] GC(172)   Evacuate Collection Set: 0.2ms
[2024-09-08T21:44:40.806+0800][info] GC(172)   Post Evacuate Collection Set: 0.2ms
[2024-09-08T21:44:40.806+0800][info] GC(172)   Other: 0.3ms
[2024-09-08T21:44:40.806+0800][info] GC(172) Eden regions: 1->0(19)
[2024-09-08T21:44:40.806+0800][info] GC(172) Survivor regions: 0->0(3)
[2024-09-08T21:44:40.806+0800][info] GC(172) Old regions: 1->1
[2024-09-08T21:44:40.806+0800][info] GC(172) Archive regions: 2->2
[2024-09-08T21:44:40.806+0800][info] GC(172) Humongous regions: 3->0
[2024-09-08T21:44:40.806+0800][info] GC(172) Metaspace: 781K(960K)->781K(960K) NonClass: 729K(832K)->729K(832K) Class: 51K(128K)->51K(128K)
[2024-09-08T21:44:40.806+0800][info] GC(172) Pause Young (Concurrent Start) (G1 Humongous Allocation) 18M->4M(128M) 0.894ms
[2024-09-08T21:44:40.806+0800][info] GC(172) User=0.00s Sys=0.00s Real=0.00s
[2024-09-08T21:44:40.806+0800][info] GC(173) Concurrent Mark Cycle
[2024-09-08T21:44:40.806+0800][info] GC(173) Concurrent Clear Claimed Marks
[2024-09-08T21:44:40.806+0800][info] GC(173) Concurrent Clear Claimed Marks 0.019ms
[2024-09-08T21:44:40.806+0800][info] GC(173) Concurrent Scan Root Regions
[2024-09-08T21:44:40.806+0800][info] GC(173) Concurrent Scan Root Regions 0.017ms
[2024-09-08T21:44:40.806+0800][info] GC(173) Concurrent Mark
[2024-09-08T21:44:40.806+0800][info] GC(173) Concurrent Mark From Roots
[2024-09-08T21:44:40.806+0800][info] GC(173) Using 12 workers of 12 for marking
[2024-09-08T21:44:40.808+0800][info] GC(173) Concurrent Mark From Roots 1.967ms
[2024-09-08T21:44:40.808+0800][info] GC(173) Concurrent Preclean
[2024-09-08T21:44:40.810+0800][info] GC(173) Concurrent Preclean 1.756ms
[2024-09-08T21:44:40.810+0800][info] GC(173) Pause Remark
[2024-09-08T21:44:40.811+0800][info] GC(173) Pause Remark 18M->18M(128M) 0.886ms
[2024-09-08T21:44:40.811+0800][info] GC(173) User=0.00s Sys=0.00s Real=0.00s
[2024-09-08T21:44:40.811+0800][info] GC(173) Concurrent Mark 4.777ms
[2024-09-08T21:44:40.811+0800][info] GC(173) Concurrent Rebuild Remembered Sets
[2024-09-08T21:44:40.811+0800][info] GC(173) Concurrent Rebuild Remembered Sets 0.012ms
[2024-09-08T21:44:40.811+0800][info] GC(173) Pause Cleanup
[2024-09-08T21:44:40.811+0800][info] GC(173) Pause Cleanup 18M->18M(128M) 0.023ms
[2024-09-08T21:44:40.811+0800][info] GC(173) User=0.00s Sys=0.00s Real=0.00s
[2024-09-08T21:44:40.811+0800][info] GC(173) Concurrent Cleanup for Next Mark
[2024-09-08T21:44:40.811+0800][info] GC(173) Concurrent Cleanup for Next Mark 0.283ms
[2024-09-08T21:44:40.811+0800][info] GC(173) Concurrent Mark Cycle 5.365ms
[2024-09-08T21:44:41.813+0800][info] GC(174) Pause Young (Concurrent Start) (G1 Humongous Allocation)
[2024-09-08T21:44:41.813+0800][info] GC(174) Using 3 workers of 48 for evacuation
[2024-09-08T21:44:41.814+0800][info] GC(174)   Pre Evacuate Collection Set: 0.1ms
[2024-09-08T21:44:41.814+0800][info] GC(174)   Merge Heap Roots: 0.0ms
[2024-09-08T21:44:41.814+0800][info] GC(174)   Evacuate Collection Set: 0.3ms
[2024-09-08T21:44:41.814+0800][info] GC(174)   Post Evacuate Collection Set: 0.2ms
[2024-09-08T21:44:41.814+0800][info] GC(174)   Other: 0.3ms
[2024-09-08T21:44:41.814+0800][info] GC(174) Eden regions: 1->0(19)
[2024-09-08T21:44:41.814+0800][info] GC(174) Survivor regions: 0->0(3)
[2024-09-08T21:44:41.814+0800][info] GC(174) Old regions: 1->1
[2024-09-08T21:44:41.814+0800][info] GC(174) Archive regions: 2->2
[2024-09-08T21:44:41.814+0800][info] GC(174) Humongous regions: 3->0
[2024-09-08T21:44:41.814+0800][info] GC(174) Metaspace: 781K(960K)->781K(960K) NonClass: 729K(832K)->729K(832K) Class: 51K(128K)->51K(128K)
[2024-09-08T21:44:41.814+0800][info] GC(174) Pause Young (Concurrent Start) (G1 Humongous Allocation) 18M->4M(128M) 0.949ms
[2024-09-08T21:44:41.814+0800][info] GC(174) User=0.00s Sys=0.00s Real=0.00s
[2024-09-08T21:44:41.814+0800][info] GC(175) Concurrent Mark Cycle
[2024-09-08T21:44:41.814+0800][info] GC(175) Concurrent Clear Claimed Marks
[2024-09-08T21:44:41.814+0800][info] GC(175) Concurrent Clear Claimed Marks 0.023ms
[2024-09-08T21:44:41.814+0800][info] GC(175) Concurrent Scan Root Regions
[2024-09-08T21:44:41.814+0800][info] GC(175) Concurrent Scan Root Regions 0.017ms
[2024-09-08T21:44:41.814+0800][info] GC(175) Concurrent Mark
[2024-09-08T21:44:41.814+0800][info] GC(175) Concurrent Mark From Roots
[2024-09-08T21:44:41.814+0800][info] GC(175) Using 12 workers of 12 for marking
[2024-09-08T21:44:41.816+0800][info] GC(175) Concurrent Mark From Roots 2.140ms
[2024-09-08T21:44:41.817+0800][info] GC(175) Concurrent Preclean
[2024-09-08T21:44:41.818+0800][info] GC(175) Concurrent Preclean 1.725ms
[2024-09-08T21:44:41.818+0800][info] GC(175) Pause Remark
[2024-09-08T21:44:41.819+0800][info] GC(175) Pause Remark 18M->18M(128M) 0.960ms
[2024-09-08T21:44:41.819+0800][info] GC(175) User=0.00s Sys=0.00s Real=0.00s
[2024-09-08T21:44:41.819+0800][info] GC(175) Concurrent Mark 4.996ms
[2024-09-08T21:44:41.819+0800][info] GC(175) Concurrent Rebuild Remembered Sets
[2024-09-08T21:44:41.819+0800][info] GC(175) Concurrent Rebuild Remembered Sets 0.012ms
[2024-09-08T21:44:41.819+0800][info] GC(175) Pause Cleanup
[2024-09-08T21:44:41.819+0800][info] GC(175) Pause Cleanup 18M->18M(128M) 0.021ms
[2024-09-08T21:44:41.819+0800][info] GC(175) User=0.00s Sys=0.00s Real=0.00s
[2024-09-08T21:44:41.819+0800][info] GC(175) Concurrent Cleanup for Next Mark
[2024-09-08T21:44:41.820+0800][info] GC(175) Concurrent Cleanup for Next Mark 0.261ms
[2024-09-08T21:44:41.820+0800][info] GC(175) Concurrent Mark Cycle 5.559ms
[2024-09-08T21:44:42.821+0800][info] GC(176) Pause Young (Concurrent Start) (G1 Humongous Allocation)
[2024-09-08T21:44:42.822+0800][info] GC(176) Using 3 workers of 48 for evacuation
[2024-09-08T21:44:42.822+0800][info] GC(176)   Pre Evacuate Collection Set: 0.0ms
[2024-09-08T21:44:42.822+0800][info] GC(176)   Merge Heap Roots: 0.0ms
[2024-09-08T21:44:42.822+0800][info] GC(176)   Evacuate Collection Set: 0.2ms
[2024-09-08T21:44:42.822+0800][info] GC(176)   Post Evacuate Collection Set: 0.1ms
[2024-09-08T21:44:42.822+0800][info] GC(176)   Other: 0.3ms
[2024-09-08T21:44:42.822+0800][info] GC(176) Eden regions: 1->0(19)
[2024-09-08T21:44:42.822+0800][info] GC(176) Survivor regions: 0->0(3)
[2024-09-08T21:44:42.822+0800][info] GC(176) Old regions: 1->1
[2024-09-08T21:44:42.822+0800][info] GC(176) Archive regions: 2->2
[2024-09-08T21:44:42.822+0800][info] GC(176) Humongous regions: 3->0
[2024-09-08T21:44:42.822+0800][info] GC(176) Metaspace: 781K(960K)->781K(960K) NonClass: 729K(832K)->729K(832K) Class: 51K(128K)->51K(128K)
[2024-09-08T21:44:42.822+0800][info] GC(176) Pause Young (Concurrent Start) (G1 Humongous Allocation) 18M->4M(128M) 0.809ms
[2024-09-08T21:44:42.822+0800][info] GC(176) User=0.00s Sys=0.00s Real=0.00s
[2024-09-08T21:44:42.822+0800][info] GC(177) Concurrent Mark Cycle
[2024-09-08T21:44:42.822+0800][info] GC(177) Concurrent Clear Claimed Marks
[2024-09-08T21:44:42.822+0800][info] GC(177) Concurrent Clear Claimed Marks 0.019ms
[2024-09-08T21:44:42.822+0800][info] GC(177) Concurrent Scan Root Regions
[2024-09-08T21:44:42.822+0800][info] GC(177) Concurrent Scan Root Regions 0.017ms
[2024-09-08T21:44:42.822+0800][info] GC(177) Concurrent Mark
[2024-09-08T21:44:42.823+0800][info] GC(177) Concurrent Mark From Roots
[2024-09-08T21:44:42.823+0800][info] GC(177) Using 12 workers of 12 for marking
[2024-09-08T21:44:42.824+0800][info] GC(177) Concurrent Mark From Roots 1.665ms
[2024-09-08T21:44:42.824+0800][info] GC(177) Concurrent Preclean
[2024-09-08T21:44:42.826+0800][info] GC(177) Concurrent Preclean 1.753ms
[2024-09-08T21:44:42.826+0800][info] GC(177) Pause Remark
[2024-09-08T21:44:42.827+0800][info] GC(177) Pause Remark 18M->18M(128M) 0.855ms
[2024-09-08T21:44:42.827+0800][info] GC(177) User=0.01s Sys=0.00s Real=0.00s
[2024-09-08T21:44:42.827+0800][info] GC(177) Concurrent Mark 4.446ms
[2024-09-08T21:44:42.827+0800][info] GC(177) Concurrent Rebuild Remembered Sets
[2024-09-08T21:44:42.827+0800][info] GC(177) Concurrent Rebuild Remembered Sets 0.012ms
[2024-09-08T21:44:42.827+0800][info] GC(177) Pause Cleanup
[2024-09-08T21:44:42.827+0800][info] GC(177) Pause Cleanup 18M->18M(128M) 0.032ms
[2024-09-08T21:44:42.827+0800][info] GC(177) User=0.00s Sys=0.00s Real=0.00s
[2024-09-08T21:44:42.827+0800][info] GC(177) Concurrent Cleanup for Next Mark
[2024-09-08T21:44:42.827+0800][info] GC(177) Concurrent Cleanup for Next Mark 0.282ms
[2024-09-08T21:44:42.827+0800][info] GC(177) Concurrent Mark Cycle 5.037ms
[2024-09-08T21:44:43.830+0800][info] GC(178) Pause Young (Concurrent Start) (G1 Humongous Allocation)
[2024-09-08T21:44:43.830+0800][info] GC(178) Using 3 workers of 48 for evacuation
[2024-09-08T21:44:43.830+0800][info] GC(178)   Pre Evacuate Collection Set: 0.0ms
[2024-09-08T21:44:43.830+0800][info] GC(178)   Merge Heap Roots: 0.0ms
[2024-09-08T21:44:43.830+0800][info] GC(178)   Evacuate Collection Set: 0.2ms
[2024-09-08T21:44:43.830+0800][info] GC(178)   Post Evacuate Collection Set: 0.1ms
[2024-09-08T21:44:43.831+0800][info] GC(178)   Other: 0.3ms
[2024-09-08T21:44:43.831+0800][info] GC(178) Eden regions: 1->0(19)
[2024-09-08T21:44:43.831+0800][info] GC(178) Survivor regions: 0->0(3)
[2024-09-08T21:44:43.831+0800][info] GC(178) Old regions: 1->1
[2024-09-08T21:44:43.831+0800][info] GC(178) Archive regions: 2->2
[2024-09-08T21:44:43.831+0800][info] GC(178) Humongous regions: 3->0
[2024-09-08T21:44:43.831+0800][info] GC(178) Metaspace: 781K(960K)->781K(960K) NonClass: 729K(832K)->729K(832K) Class: 51K(128K)->51K(128K)
[2024-09-08T21:44:43.831+0800][info] GC(178) Pause Young (Concurrent Start) (G1 Humongous Allocation) 18M->4M(128M) 0.841ms
[2024-09-08T21:44:43.831+0800][info] GC(178) User=0.00s Sys=0.00s Real=0.00s
[2024-09-08T21:44:43.831+0800][info] GC(179) Concurrent Mark Cycle
[2024-09-08T21:44:43.831+0800][info] GC(179) Concurrent Clear Claimed Marks
[2024-09-08T21:44:43.831+0800][info] GC(179) Concurrent Clear Claimed Marks 0.014ms
[2024-09-08T21:44:43.831+0800][info] GC(179) Concurrent Scan Root Regions
[2024-09-08T21:44:43.831+0800][info] GC(179) Concurrent Scan Root Regions 0.011ms
[2024-09-08T21:44:43.831+0800][info] GC(179) Concurrent Mark
[2024-09-08T21:44:43.831+0800][info] GC(179) Concurrent Mark From Roots
[2024-09-08T21:44:43.831+0800][info] GC(179) Using 12 workers of 12 for marking
[2024-09-08T21:44:43.832+0800][info] GC(179) Concurrent Mark From Roots 1.593ms
[2024-09-08T21:44:43.832+0800][info] GC(179) Concurrent Preclean
[2024-09-08T21:44:43.834+0800][info] GC(179) Concurrent Preclean 1.703ms
[2024-09-08T21:44:43.834+0800][info] GC(179) Pause Remark
[2024-09-08T21:44:43.835+0800][info] GC(179) Pause Remark 18M->18M(128M) 0.875ms
[2024-09-08T21:44:43.835+0800][info] GC(179) User=0.00s Sys=0.00s Real=0.00s
[2024-09-08T21:44:43.835+0800][info] GC(179) Concurrent Mark 4.361ms
[2024-09-08T21:44:43.835+0800][info] GC(179) Concurrent Rebuild Remembered Sets
[2024-09-08T21:44:43.835+0800][info] GC(179) Concurrent Rebuild Remembered Sets 0.012ms
[2024-09-08T21:44:43.835+0800][info] GC(179) Pause Cleanup
[2024-09-08T21:44:43.835+0800][info] GC(179) Pause Cleanup 18M->18M(128M) 0.023ms
[2024-09-08T21:44:43.835+0800][info] GC(179) User=0.00s Sys=0.00s Real=0.00s
[2024-09-08T21:44:43.835+0800][info] GC(179) Concurrent Cleanup for Next Mark
[2024-09-08T21:44:43.836+0800][info] GC(179) Concurrent Cleanup for Next Mark 0.242ms
[2024-09-08T21:44:43.836+0800][info] GC(179) Concurrent Mark Cycle 4.865ms
[2024-09-08T21:44:44.838+0800][info] GC(180) Pause Young (Concurrent Start) (G1 Humongous Allocation)
[2024-09-08T21:44:44.838+0800][info] GC(180) Using 3 workers of 48 for evacuation
[2024-09-08T21:44:44.839+0800][info] GC(180)   Pre Evacuate Collection Set: 0.0ms
[2024-09-08T21:44:44.839+0800][info] GC(180)   Merge Heap Roots: 0.0ms
[2024-09-08T21:44:44.839+0800][info] GC(180)   Evacuate Collection Set: 0.1ms
[2024-09-08T21:44:44.839+0800][info] GC(180)   Post Evacuate Collection Set: 0.1ms
[2024-09-08T21:44:44.839+0800][info] GC(180)   Other: 0.3ms
[2024-09-08T21:44:44.839+0800][info] GC(180) Eden regions: 1->0(19)
[2024-09-08T21:44:44.839+0800][info] GC(180) Survivor regions: 0->0(3)
[2024-09-08T21:44:44.839+0800][info] GC(180) Old regions: 1->1
[2024-09-08T21:44:44.839+0800][info] GC(180) Archive regions: 2->2
[2024-09-08T21:44:44.839+0800][info] GC(180) Humongous regions: 3->0
[2024-09-08T21:44:44.839+0800][info] GC(180) Metaspace: 781K(960K)->781K(960K) NonClass: 729K(832K)->729K(832K) Class: 51K(128K)->51K(128K)
[2024-09-08T21:44:44.839+0800][info] GC(180) Pause Young (Concurrent Start) (G1 Humongous Allocation) 18M->4M(128M) 0.737ms
[2024-09-08T21:44:44.839+0800][info] GC(180) User=0.00s Sys=0.00s Real=0.00s
[2024-09-08T21:44:44.839+0800][info] GC(181) Concurrent Mark Cycle
[2024-09-08T21:44:44.839+0800][info] GC(181) Concurrent Clear Claimed Marks
[2024-09-08T21:44:44.839+0800][info] GC(181) Concurrent Clear Claimed Marks 0.015ms
[2024-09-08T21:44:44.839+0800][info] GC(181) Concurrent Scan Root Regions
[2024-09-08T21:44:44.839+0800][info] GC(181) Concurrent Scan Root Regions 0.011ms
[2024-09-08T21:44:44.839+0800][info] GC(181) Concurrent Mark
[2024-09-08T21:44:44.839+0800][info] GC(181) Concurrent Mark From Roots
[2024-09-08T21:44:44.839+0800][info] GC(181) Using 12 workers of 12 for marking
[2024-09-08T21:44:44.840+0800][info] GC(181) Concurrent Mark From Roots 1.526ms
[2024-09-08T21:44:44.840+0800][info] GC(181) Concurrent Preclean
[2024-09-08T21:44:44.842+0800][info] GC(181) Concurrent Preclean 1.682ms
[2024-09-08T21:44:44.842+0800][info] GC(181) Pause Remark
[2024-09-08T21:44:44.843+0800][info] GC(181) Pause Remark 18M->18M(128M) 0.828ms
[2024-09-08T21:44:44.843+0800][info] GC(181) User=0.01s Sys=0.00s Real=0.00s
[2024-09-08T21:44:44.843+0800][info] GC(181) Concurrent Mark 4.194ms
[2024-09-08T21:44:44.843+0800][info] GC(181) Concurrent Rebuild Remembered Sets
[2024-09-08T21:44:44.843+0800][info] GC(181) Concurrent Rebuild Remembered Sets 0.012ms
[2024-09-08T21:44:44.843+0800][info] GC(181) Pause Cleanup
[2024-09-08T21:44:44.843+0800][info] GC(181) Pause Cleanup 18M->18M(128M) 0.023ms
[2024-09-08T21:44:44.843+0800][info] GC(181) User=0.00s Sys=0.00s Real=0.00s
[2024-09-08T21:44:44.843+0800][info] GC(181) Concurrent Cleanup for Next Mark
[2024-09-08T21:44:44.844+0800][info] GC(181) Concurrent Cleanup for Next Mark 0.270ms
[2024-09-08T21:44:44.844+0800][info] GC(181) Concurrent Mark Cycle 4.724ms
[2024-09-08T21:44:45.846+0800][info] GC(182) Pause Young (Concurrent Start) (G1 Humongous Allocation)
[2024-09-08T21:44:45.846+0800][info] GC(182) Using 3 workers of 48 for evacuation
[2024-09-08T21:44:45.847+0800][info] GC(182)   Pre Evacuate Collection Set: 0.0ms
[2024-09-08T21:44:45.847+0800][info] GC(182)   Merge Heap Roots: 0.0ms
[2024-09-08T21:44:45.847+0800][info] GC(182)   Evacuate Collection Set: 0.1ms
[2024-09-08T21:44:45.847+0800][info] GC(182)   Post Evacuate Collection Set: 0.1ms
[2024-09-08T21:44:45.847+0800][info] GC(182)   Other: 0.3ms
[2024-09-08T21:44:45.847+0800][info] GC(182) Eden regions: 1->0(19)
[2024-09-08T21:44:45.847+0800][info] GC(182) Survivor regions: 0->0(3)
[2024-09-08T21:44:45.847+0800][info] GC(182) Old regions: 1->1
[2024-09-08T21:44:45.847+0800][info] GC(182) Archive regions: 2->2
[2024-09-08T21:44:45.847+0800][info] GC(182) Humongous regions: 3->0
[2024-09-08T21:44:45.847+0800][info] GC(182) Metaspace: 781K(960K)->781K(960K) NonClass: 729K(832K)->729K(832K) Class: 51K(128K)->51K(128K)
[2024-09-08T21:44:45.847+0800][info] GC(182) Pause Young (Concurrent Start) (G1 Humongous Allocation) 18M->4M(128M) 0.769ms
[2024-09-08T21:44:45.847+0800][info] GC(182) User=0.00s Sys=0.00s Real=0.00s
[2024-09-08T21:44:45.847+0800][info] GC(183) Concurrent Mark Cycle
[2024-09-08T21:44:45.847+0800][info] GC(183) Concurrent Clear Claimed Marks
[2024-09-08T21:44:45.847+0800][info] GC(183) Concurrent Clear Claimed Marks 0.020ms
[2024-09-08T21:44:45.847+0800][info] GC(183) Concurrent Scan Root Regions
[2024-09-08T21:44:45.847+0800][info] GC(183) Concurrent Scan Root Regions 0.017ms
[2024-09-08T21:44:45.847+0800][info] GC(183) Concurrent Mark
[2024-09-08T21:44:45.847+0800][info] GC(183) Concurrent Mark From Roots
[2024-09-08T21:44:45.847+0800][info] GC(183) Using 12 workers of 12 for marking
[2024-09-08T21:44:45.849+0800][info] GC(183) Concurrent Mark From Roots 1.551ms
[2024-09-08T21:44:45.849+0800][info] GC(183) Concurrent Preclean
[2024-09-08T21:44:45.850+0800][info] GC(183) Concurrent Preclean 1.695ms
[2024-09-08T21:44:45.850+0800][info] GC(183) Pause Remark
[2024-09-08T21:44:45.851+0800][info] GC(183) Pause Remark 18M->18M(128M) 0.811ms
[2024-09-08T21:44:45.851+0800][info] GC(183) User=0.00s Sys=0.00s Real=0.00s
[2024-09-08T21:44:45.851+0800][info] GC(183) Concurrent Mark 4.228ms
[2024-09-08T21:44:45.851+0800][info] GC(183) Concurrent Rebuild Remembered Sets
[2024-09-08T21:44:45.851+0800][info] GC(183) Concurrent Rebuild Remembered Sets 0.017ms
[2024-09-08T21:44:45.851+0800][info] GC(183) Pause Cleanup
[2024-09-08T21:44:45.851+0800][info] GC(183) Pause Cleanup 18M->18M(128M) 0.023ms
[2024-09-08T21:44:45.851+0800][info] GC(183) User=0.00s Sys=0.00s Real=0.00s
[2024-09-08T21:44:45.851+0800][info] GC(183) Concurrent Cleanup for Next Mark
[2024-09-08T21:44:45.852+0800][info] GC(183) Concurrent Cleanup for Next Mark 0.222ms
[2024-09-08T21:44:45.852+0800][info] GC(183) Concurrent Mark Cycle 4.757ms
[2024-09-08T21:44:46.854+0800][info] GC(184) Pause Young (Concurrent Start) (G1 Humongous Allocation)
[2024-09-08T21:44:46.854+0800][info] GC(184) Using 3 workers of 48 for evacuation
[2024-09-08T21:44:46.855+0800][info] GC(184)   Pre Evacuate Collection Set: 0.0ms
[2024-09-08T21:44:46.855+0800][info] GC(184)   Merge Heap Roots: 0.0ms
[2024-09-08T21:44:46.855+0800][info] GC(184)   Evacuate Collection Set: 0.2ms
[2024-09-08T21:44:46.855+0800][info] GC(184)   Post Evacuate Collection Set: 0.1ms
[2024-09-08T21:44:46.855+0800][info] GC(184)   Other: 0.3ms
[2024-09-08T21:44:46.855+0800][info] GC(184) Eden regions: 1->0(19)
[2024-09-08T21:44:46.855+0800][info] GC(184) Survivor regions: 0->0(3)
[2024-09-08T21:44:46.855+0800][info] GC(184) Old regions: 1->1
[2024-09-08T21:44:46.855+0800][info] GC(184) Archive regions: 2->2
[2024-09-08T21:44:46.855+0800][info] GC(184) Humongous regions: 3->0
[2024-09-08T21:44:46.855+0800][info] GC(184) Metaspace: 781K(960K)->781K(960K) NonClass: 729K(832K)->729K(832K) Class: 51K(128K)->51K(128K)
[2024-09-08T21:44:46.855+0800][info] GC(184) Pause Young (Concurrent Start) (G1 Humongous Allocation) 18M->4M(128M) 0.806ms
[2024-09-08T21:44:46.855+0800][info] GC(184) User=0.00s Sys=0.00s Real=0.00s
[2024-09-08T21:44:46.855+0800][info] GC(185) Concurrent Mark Cycle
[2024-09-08T21:44:46.855+0800][info] GC(185) Concurrent Clear Claimed Marks
[2024-09-08T21:44:46.855+0800][info] GC(185) Concurrent Clear Claimed Marks 0.015ms
[2024-09-08T21:44:46.855+0800][info] GC(185) Concurrent Scan Root Regions
[2024-09-08T21:44:46.855+0800][info] GC(185) Concurrent Scan Root Regions 0.030ms
[2024-09-08T21:44:46.855+0800][info] GC(185) Concurrent Mark
[2024-09-08T21:44:46.855+0800][info] GC(185) Concurrent Mark From Roots
[2024-09-08T21:44:46.855+0800][info] GC(185) Using 12 workers of 12 for marking
[2024-09-08T21:44:46.857+0800][info] GC(185) Concurrent Mark From Roots 1.634ms
[2024-09-08T21:44:46.857+0800][info] GC(185) Concurrent Preclean
[2024-09-08T21:44:46.859+0800][info] GC(185) Concurrent Preclean 1.685ms
[2024-09-08T21:44:46.859+0800][info] GC(185) Pause Remark
[2024-09-08T21:44:46.859+0800][info] GC(185) Pause Remark 18M->18M(128M) 0.743ms
[2024-09-08T21:44:46.859+0800][info] GC(185) User=0.00s Sys=0.00s Real=0.00s
[2024-09-08T21:44:46.859+0800][info] GC(185) Concurrent Mark 4.245ms
[2024-09-08T21:44:46.860+0800][info] GC(185) Concurrent Rebuild Remembered Sets
[2024-09-08T21:44:46.860+0800][info] GC(185) Concurrent Rebuild Remembered Sets 0.013ms
[2024-09-08T21:44:46.860+0800][info] GC(185) Pause Cleanup
[2024-09-08T21:44:46.860+0800][info] GC(185) Pause Cleanup 18M->18M(128M) 0.018ms
[2024-09-08T21:44:46.860+0800][info] GC(185) User=0.00s Sys=0.00s Real=0.00s
[2024-09-08T21:44:46.860+0800][info] GC(185) Concurrent Cleanup for Next Mark
[2024-09-08T21:44:46.860+0800][info] GC(185) Concurrent Cleanup for Next Mark 0.278ms
[2024-09-08T21:44:46.860+0800][info] GC(185) Concurrent Mark Cycle 4.782ms
[2024-09-08T21:44:47.863+0800][info] GC(186) Pause Young (Concurrent Start) (G1 Humongous Allocation)
[2024-09-08T21:44:47.863+0800][info] GC(186) Using 3 workers of 48 for evacuation
[2024-09-08T21:44:47.863+0800][info] GC(186)   Pre Evacuate Collection Set: 0.1ms
[2024-09-08T21:44:47.863+0800][info] GC(186)   Merge Heap Roots: 0.0ms
[2024-09-08T21:44:47.863+0800][info] GC(186)   Evacuate Collection Set: 0.3ms
[2024-09-08T21:44:47.863+0800][info] GC(186)   Post Evacuate Collection Set: 0.2ms
[2024-09-08T21:44:47.863+0800][info] GC(186)   Other: 0.3ms
[2024-09-08T21:44:47.863+0800][info] GC(186) Eden regions: 1->0(19)
[2024-09-08T21:44:47.863+0800][info] GC(186) Survivor regions: 0->0(3)
[2024-09-08T21:44:47.863+0800][info] GC(186) Old regions: 1->1
[2024-09-08T21:44:47.863+0800][info] GC(186) Archive regions: 2->2
[2024-09-08T21:44:47.863+0800][info] GC(186) Humongous regions: 3->0
[2024-09-08T21:44:47.863+0800][info] GC(186) Metaspace: 781K(960K)->781K(960K) NonClass: 729K(832K)->729K(832K) Class: 51K(128K)->51K(128K)
[2024-09-08T21:44:47.864+0800][info] GC(186) Pause Young (Concurrent Start) (G1 Humongous Allocation) 18M->4M(128M) 1.008ms
[2024-09-08T21:44:47.864+0800][info] GC(186) User=0.00s Sys=0.00s Real=0.00s
[2024-09-08T21:44:47.864+0800][info] GC(187) Concurrent Mark Cycle
[2024-09-08T21:44:47.864+0800][info] GC(187) Concurrent Clear Claimed Marks
[2024-09-08T21:44:47.864+0800][info] GC(187) Concurrent Clear Claimed Marks 0.018ms
[2024-09-08T21:44:47.864+0800][info] GC(187) Concurrent Scan Root Regions
[2024-09-08T21:44:47.864+0800][info] GC(187) Concurrent Scan Root Regions 0.012ms
[2024-09-08T21:44:47.864+0800][info] GC(187) Concurrent Mark
[2024-09-08T21:44:47.864+0800][info] GC(187) Concurrent Mark From Roots
[2024-09-08T21:44:47.864+0800][info] GC(187) Using 12 workers of 12 for marking
[2024-09-08T21:44:47.866+0800][info] GC(187) Concurrent Mark From Roots 1.933ms
[2024-09-08T21:44:47.866+0800][info] GC(187) Concurrent Preclean
[2024-09-08T21:44:47.867+0800][info] GC(187) Concurrent Preclean 1.675ms
[2024-09-08T21:44:47.868+0800][info] GC(187) Pause Remark
[2024-09-08T21:44:47.868+0800][info] GC(187) Pause Remark 18M->18M(128M) 0.985ms
[2024-09-08T21:44:47.869+0800][info] GC(187) User=0.00s Sys=0.00s Real=0.00s
[2024-09-08T21:44:47.869+0800][info] GC(187) Concurrent Mark 4.801ms
[2024-09-08T21:44:47.869+0800][info] GC(187) Concurrent Rebuild Remembered Sets
[2024-09-08T21:44:47.869+0800][info] GC(187) Concurrent Rebuild Remembered Sets 0.012ms
[2024-09-08T21:44:47.869+0800][info] GC(187) Pause Cleanup
[2024-09-08T21:44:47.869+0800][info] GC(187) Pause Cleanup 18M->18M(128M) 0.018ms
[2024-09-08T21:44:47.869+0800][info] GC(187) User=0.00s Sys=0.00s Real=0.00s
[2024-09-08T21:44:47.869+0800][info] GC(187) Concurrent Cleanup for Next Mark
[2024-09-08T21:44:47.869+0800][info] GC(187) Concurrent Cleanup for Next Mark 0.257ms
[2024-09-08T21:44:47.869+0800][info] GC(187) Concurrent Mark Cycle 5.356ms
[2024-09-08T21:44:48.871+0800][info] GC(188) Pause Young (Concurrent Start) (G1 Humongous Allocation)
[2024-09-08T21:44:48.871+0800][info] GC(188) Using 3 workers of 48 for evacuation
[2024-09-08T21:44:48.872+0800][info] GC(188)   Pre Evacuate Collection Set: 0.1ms
[2024-09-08T21:44:48.872+0800][info] GC(188)   Merge Heap Roots: 0.0ms
[2024-09-08T21:44:48.872+0800][info] GC(188)   Evacuate Collection Set: 0.2ms
[2024-09-08T21:44:48.872+0800][info] GC(188)   Post Evacuate Collection Set: 0.1ms
[2024-09-08T21:44:48.872+0800][info] GC(188)   Other: 0.3ms
[2024-09-08T21:44:48.872+0800][info] GC(188) Eden regions: 1->0(19)
[2024-09-08T21:44:48.872+0800][info] GC(188) Survivor regions: 0->0(3)
[2024-09-08T21:44:48.872+0800][info] GC(188) Old regions: 1->1
[2024-09-08T21:44:48.872+0800][info] GC(188) Archive regions: 2->2
[2024-09-08T21:44:48.872+0800][info] GC(188) Humongous regions: 3->0
[2024-09-08T21:44:48.872+0800][info] GC(188) Metaspace: 781K(960K)->781K(960K) NonClass: 729K(832K)->729K(832K) Class: 51K(128K)->51K(128K)
[2024-09-08T21:44:48.872+0800][info] GC(188) Pause Young (Concurrent Start) (G1 Humongous Allocation) 18M->4M(128M) 0.894ms
[2024-09-08T21:44:48.872+0800][info] GC(188) User=0.00s Sys=0.00s Real=0.00s
[2024-09-08T21:44:48.872+0800][info] GC(189) Concurrent Mark Cycle
[2024-09-08T21:44:48.872+0800][info] GC(189) Concurrent Clear Claimed Marks
[2024-09-08T21:44:48.872+0800][info] GC(189) Concurrent Clear Claimed Marks 0.018ms
[2024-09-08T21:44:48.872+0800][info] GC(189) Concurrent Scan Root Regions
[2024-09-08T21:44:48.872+0800][info] GC(189) Concurrent Scan Root Regions 0.011ms
[2024-09-08T21:44:48.872+0800][info] GC(189) Concurrent Mark
[2024-09-08T21:44:48.872+0800][info] GC(189) Concurrent Mark From Roots
[2024-09-08T21:44:48.872+0800][info] GC(189) Using 12 workers of 12 for marking
[2024-09-08T21:44:48.874+0800][info] GC(189) Concurrent Mark From Roots 1.664ms
[2024-09-08T21:44:48.874+0800][info] GC(189) Concurrent Preclean
[2024-09-08T21:44:48.875+0800][info] GC(189) Concurrent Preclean 1.692ms
[2024-09-08T21:44:48.876+0800][info] GC(189) Pause Remark
[2024-09-08T21:44:48.876+0800][info] GC(189) Pause Remark 18M->18M(128M) 0.879ms
[2024-09-08T21:44:48.876+0800][info] GC(189) User=0.00s Sys=0.00s Real=0.00s
[2024-09-08T21:44:48.876+0800][info] GC(189) Concurrent Mark 4.382ms
[2024-09-08T21:44:48.876+0800][info] GC(189) Concurrent Rebuild Remembered Sets
[2024-09-08T21:44:48.877+0800][info] GC(189) Concurrent Rebuild Remembered Sets 0.018ms
[2024-09-08T21:44:48.877+0800][info] GC(189) Pause Cleanup
[2024-09-08T21:44:48.877+0800][info] GC(189) Pause Cleanup 18M->18M(128M) 0.018ms
[2024-09-08T21:44:48.877+0800][info] GC(189) User=0.00s Sys=0.00s Real=0.00s
[2024-09-08T21:44:48.877+0800][info] GC(189) Concurrent Cleanup for Next Mark
[2024-09-08T21:44:48.877+0800][info] GC(189) Concurrent Cleanup for Next Mark 0.290ms
[2024-09-08T21:44:48.877+0800][info] GC(189) Concurrent Mark Cycle 4.959ms
[2024-09-08T21:44:49.879+0800][info] GC(190) Pause Young (Concurrent Start) (G1 Humongous Allocation)
[2024-09-08T21:44:49.879+0800][info] GC(190) Using 3 workers of 48 for evacuation
[2024-09-08T21:44:49.880+0800][info] GC(190)   Pre Evacuate Collection Set: 0.0ms
[2024-09-08T21:44:49.880+0800][info] GC(190)   Merge Heap Roots: 0.0ms
[2024-09-08T21:44:49.880+0800][info] GC(190)   Evacuate Collection Set: 0.2ms
[2024-09-08T21:44:49.880+0800][info] GC(190)   Post Evacuate Collection Set: 0.1ms
[2024-09-08T21:44:49.880+0800][info] GC(190)   Other: 0.3ms
[2024-09-08T21:44:49.880+0800][info] GC(190) Eden regions: 1->0(19)
[2024-09-08T21:44:49.880+0800][info] GC(190) Survivor regions: 0->0(3)
[2024-09-08T21:44:49.880+0800][info] GC(190) Old regions: 1->1
[2024-09-08T21:44:49.880+0800][info] GC(190) Archive regions: 2->2
[2024-09-08T21:44:49.880+0800][info] GC(190) Humongous regions: 3->0
[2024-09-08T21:44:49.880+0800][info] GC(190) Metaspace: 781K(960K)->781K(960K) NonClass: 729K(832K)->729K(832K) Class: 51K(128K)->51K(128K)
[2024-09-08T21:44:49.880+0800][info] GC(190) Pause Young (Concurrent Start) (G1 Humongous Allocation) 18M->4M(128M) 0.894ms
[2024-09-08T21:44:49.880+0800][info] GC(190) User=0.00s Sys=0.00s Real=0.00s
[2024-09-08T21:44:49.880+0800][info] GC(191) Concurrent Mark Cycle
[2024-09-08T21:44:49.880+0800][info] GC(191) Concurrent Clear Claimed Marks
[2024-09-08T21:44:49.880+0800][info] GC(191) Concurrent Clear Claimed Marks 0.017ms
[2024-09-08T21:44:49.880+0800][info] GC(191) Concurrent Scan Root Regions
[2024-09-08T21:44:49.880+0800][info] GC(191) Concurrent Scan Root Regions 0.011ms
[2024-09-08T21:44:49.880+0800][info] GC(191) Concurrent Mark
[2024-09-08T21:44:49.880+0800][info] GC(191) Concurrent Mark From Roots
[2024-09-08T21:44:49.880+0800][info] GC(191) Using 12 workers of 12 for marking
[2024-09-08T21:44:49.882+0800][info] GC(191) Concurrent Mark From Roots 1.677ms
[2024-09-08T21:44:49.882+0800][info] GC(191) Concurrent Preclean
[2024-09-08T21:44:49.884+0800][info] GC(191) Concurrent Preclean 1.679ms
[2024-09-08T21:44:49.884+0800][info] GC(191) Pause Remark
[2024-09-08T21:44:49.885+0800][info] GC(191) Pause Remark 18M->18M(128M) 0.812ms
[2024-09-08T21:44:49.885+0800][info] GC(191) User=0.00s Sys=0.00s Real=0.00s
[2024-09-08T21:44:49.885+0800][info] GC(191) Concurrent Mark 4.305ms
[2024-09-08T21:44:49.885+0800][info] GC(191) Concurrent Rebuild Remembered Sets
[2024-09-08T21:44:49.885+0800][info] GC(191) Concurrent Rebuild Remembered Sets 0.012ms
[2024-09-08T21:44:49.885+0800][info] GC(191) Pause Cleanup
[2024-09-08T21:44:49.885+0800][info] GC(191) Pause Cleanup 18M->18M(128M) 0.018ms
[2024-09-08T21:44:49.885+0800][info] GC(191) User=0.00s Sys=0.00s Real=0.00s
[2024-09-08T21:44:49.885+0800][info] GC(191) Concurrent Cleanup for Next Mark
[2024-09-08T21:44:49.885+0800][info] GC(191) Concurrent Cleanup for Next Mark 0.248ms
[2024-09-08T21:44:49.885+0800][info] GC(191) Concurrent Mark Cycle 4.833ms
[2024-09-08T21:44:50.888+0800][info] GC(192) Pause Young (Concurrent Start) (G1 Humongous Allocation)
[2024-09-08T21:44:50.888+0800][info] GC(192) Using 3 workers of 48 for evacuation
[2024-09-08T21:44:50.889+0800][info] GC(192)   Pre Evacuate Collection Set: 0.1ms
[2024-09-08T21:44:50.889+0800][info] GC(192)   Merge Heap Roots: 0.0ms
[2024-09-08T21:44:50.889+0800][info] GC(192)   Evacuate Collection Set: 0.3ms
[2024-09-08T21:44:50.889+0800][info] GC(192)   Post Evacuate Collection Set: 0.2ms
[2024-09-08T21:44:50.889+0800][info] GC(192)   Other: 0.3ms
[2024-09-08T21:44:50.889+0800][info] GC(192) Eden regions: 1->0(19)
[2024-09-08T21:44:50.889+0800][info] GC(192) Survivor regions: 0->0(3)
[2024-09-08T21:44:50.889+0800][info] GC(192) Old regions: 1->1
[2024-09-08T21:44:50.889+0800][info] GC(192) Archive regions: 2->2
[2024-09-08T21:44:50.889+0800][info] GC(192) Humongous regions: 3->0
[2024-09-08T21:44:50.889+0800][info] GC(192) Metaspace: 781K(960K)->781K(960K) NonClass: 729K(832K)->729K(832K) Class: 51K(128K)->51K(128K)
[2024-09-08T21:44:50.889+0800][info] GC(192) Pause Young (Concurrent Start) (G1 Humongous Allocation) 18M->4M(128M) 0.996ms
[2024-09-08T21:44:50.889+0800][info] GC(192) User=0.00s Sys=0.00s Real=0.00s
[2024-09-08T21:44:50.889+0800][info] GC(193) Concurrent Mark Cycle
[2024-09-08T21:44:50.889+0800][info] GC(193) Concurrent Clear Claimed Marks
[2024-09-08T21:44:50.889+0800][info] GC(193) Concurrent Clear Claimed Marks 0.018ms
[2024-09-08T21:44:50.889+0800][info] GC(193) Concurrent Scan Root Regions
[2024-09-08T21:44:50.889+0800][info] GC(193) Concurrent Scan Root Regions 0.011ms
[2024-09-08T21:44:50.889+0800][info] GC(193) Concurrent Mark
[2024-09-08T21:44:50.889+0800][info] GC(193) Concurrent Mark From Roots
[2024-09-08T21:44:50.889+0800][info] GC(193) Using 12 workers of 12 for marking
[2024-09-08T21:44:50.892+0800][info] GC(193) Concurrent Mark From Roots 2.730ms
[2024-09-08T21:44:50.892+0800][info] GC(193) Concurrent Preclean
[2024-09-08T21:44:50.893+0800][info] GC(193) Concurrent Preclean 1.709ms
[2024-09-08T21:44:50.893+0800][info] GC(193) Pause Remark
[2024-09-08T21:44:50.894+0800][info] GC(193) Pause Remark 18M->18M(128M) 0.884ms
[2024-09-08T21:44:50.894+0800][info] GC(193) User=0.00s Sys=0.00s Real=0.00s
[2024-09-08T21:44:50.894+0800][info] GC(193) Concurrent Mark 5.465ms
[2024-09-08T21:44:50.894+0800][info] GC(193) Concurrent Rebuild Remembered Sets
[2024-09-08T21:44:50.894+0800][info] GC(193) Concurrent Rebuild Remembered Sets 0.012ms
[2024-09-08T21:44:50.894+0800][info] GC(193) Pause Cleanup
[2024-09-08T21:44:50.894+0800][info] GC(193) Pause Cleanup 18M->18M(128M) 0.018ms
[2024-09-08T21:44:50.894+0800][info] GC(193) User=0.00s Sys=0.00s Real=0.00s
[2024-09-08T21:44:50.895+0800][info] GC(193) Concurrent Cleanup for Next Mark
[2024-09-08T21:44:50.895+0800][info] GC(193) Concurrent Cleanup for Next Mark 0.300ms
[2024-09-08T21:44:50.895+0800][info] GC(193) Concurrent Mark Cycle 6.028ms
[2024-09-08T21:44:51.896+0800][info] GC(194) Pause Young (Concurrent Start) (G1 Humongous Allocation)
[2024-09-08T21:44:51.896+0800][info] GC(194) Using 3 workers of 48 for evacuation
[2024-09-08T21:44:51.897+0800][info] GC(194)   Pre Evacuate Collection Set: 0.0ms
[2024-09-08T21:44:51.897+0800][info] GC(194)   Merge Heap Roots: 0.0ms
[2024-09-08T21:44:51.897+0800][info] GC(194)   Evacuate Collection Set: 0.2ms
[2024-09-08T21:44:51.897+0800][info] GC(194)   Post Evacuate Collection Set: 0.2ms
[2024-09-08T21:44:51.897+0800][info] GC(194)   Other: 0.3ms
[2024-09-08T21:44:51.897+0800][info] GC(194) Eden regions: 1->0(19)
[2024-09-08T21:44:51.897+0800][info] GC(194) Survivor regions: 0->0(3)
[2024-09-08T21:44:51.897+0800][info] GC(194) Old regions: 1->1
[2024-09-08T21:44:51.897+0800][info] GC(194) Archive regions: 2->2
[2024-09-08T21:44:51.897+0800][info] GC(194) Humongous regions: 3->0
[2024-09-08T21:44:51.897+0800][info] GC(194) Metaspace: 783K(960K)->783K(960K) NonClass: 731K(832K)->731K(832K) Class: 51K(128K)->51K(128K)
[2024-09-08T21:44:51.897+0800][info] GC(194) Pause Young (Concurrent Start) (G1 Humongous Allocation) 18M->4M(128M) 0.843ms
[2024-09-08T21:44:51.897+0800][info] GC(194) User=0.00s Sys=0.00s Real=0.01s
[2024-09-08T21:44:51.897+0800][info] GC(195) Concurrent Mark Cycle
[2024-09-08T21:44:51.897+0800][info] GC(195) Concurrent Clear Claimed Marks
[2024-09-08T21:44:51.897+0800][info] GC(195) Concurrent Clear Claimed Marks 0.017ms
[2024-09-08T21:44:51.897+0800][info] GC(195) Concurrent Scan Root Regions
[2024-09-08T21:44:51.897+0800][info] GC(195) Concurrent Scan Root Regions 0.011ms
[2024-09-08T21:44:51.897+0800][info] GC(195) Concurrent Mark
[2024-09-08T21:44:51.897+0800][info] GC(195) Concurrent Mark From Roots
[2024-09-08T21:44:51.897+0800][info] GC(195) Using 12 workers of 12 for marking
[2024-09-08T21:44:51.899+0800][info] GC(195) Concurrent Mark From Roots 1.562ms
[2024-09-08T21:44:51.899+0800][info] GC(195) Concurrent Preclean
[2024-09-08T21:44:51.900+0800][info] GC(195) Concurrent Preclean 1.671ms
[2024-09-08T21:44:51.901+0800][info] GC(195) Pause Remark
[2024-09-08T21:44:51.901+0800][info] GC(195) Pause Remark 18M->18M(128M) 0.831ms
[2024-09-08T21:44:51.901+0800][info] GC(195) User=0.01s Sys=0.00s Real=0.00s
[2024-09-08T21:44:51.901+0800][info] GC(195) Concurrent Mark 4.270ms
[2024-09-08T21:44:51.901+0800][info] GC(195) Concurrent Rebuild Remembered Sets
[2024-09-08T21:44:51.902+0800][info] GC(195) Concurrent Rebuild Remembered Sets 0.012ms
[2024-09-08T21:44:51.902+0800][info] GC(195) Pause Cleanup
[2024-09-08T21:44:51.902+0800][info] GC(195) Pause Cleanup 18M->18M(128M) 0.018ms
[2024-09-08T21:44:51.902+0800][info] GC(195) User=0.00s Sys=0.00s Real=0.00s
[2024-09-08T21:44:51.902+0800][info] GC(195) Concurrent Cleanup for Next Mark
[2024-09-08T21:44:51.902+0800][info] GC(195) Concurrent Cleanup for Next Mark 0.257ms
[2024-09-08T21:44:51.902+0800][info] GC(195) Concurrent Mark Cycle 4.774ms
[2024-09-08T21:44:52.904+0800][info] GC(196) Pause Young (Concurrent Start) (G1 Humongous Allocation)
[2024-09-08T21:44:52.904+0800][info] GC(196) Using 3 workers of 48 for evacuation
[2024-09-08T21:44:52.905+0800][info] GC(196)   Pre Evacuate Collection Set: 0.0ms
[2024-09-08T21:44:52.905+0800][info] GC(196)   Merge Heap Roots: 0.0ms
[2024-09-08T21:44:52.905+0800][info] GC(196)   Evacuate Collection Set: 0.3ms
[2024-09-08T21:44:52.905+0800][info] GC(196)   Post Evacuate Collection Set: 0.2ms
[2024-09-08T21:44:52.905+0800][info] GC(196)   Other: 0.3ms
[2024-09-08T21:44:52.905+0800][info] GC(196) Eden regions: 1->0(19)
[2024-09-08T21:44:52.905+0800][info] GC(196) Survivor regions: 0->0(3)
[2024-09-08T21:44:52.905+0800][info] GC(196) Old regions: 1->1
[2024-09-08T21:44:52.905+0800][info] GC(196) Archive regions: 2->2
[2024-09-08T21:44:52.905+0800][info] GC(196) Humongous regions: 3->0
[2024-09-08T21:44:52.905+0800][info] GC(196) Metaspace: 783K(960K)->783K(960K) NonClass: 731K(832K)->731K(832K) Class: 51K(128K)->51K(128K)
[2024-09-08T21:44:52.905+0800][info] GC(196) Pause Young (Concurrent Start) (G1 Humongous Allocation) 18M->4M(128M) 0.990ms
[2024-09-08T21:44:52.905+0800][info] GC(196) User=0.00s Sys=0.00s Real=0.01s
[2024-09-08T21:44:52.906+0800][info] GC(197) Concurrent Mark Cycle
[2024-09-08T21:44:52.906+0800][info] GC(197) Concurrent Clear Claimed Marks
[2024-09-08T21:44:52.906+0800][info] GC(197) Concurrent Clear Claimed Marks 0.018ms
[2024-09-08T21:44:52.906+0800][info] GC(197) Concurrent Scan Root Regions
[2024-09-08T21:44:52.906+0800][info] GC(197) Concurrent Scan Root Regions 0.011ms
[2024-09-08T21:44:52.906+0800][info] GC(197) Concurrent Mark
[2024-09-08T21:44:52.906+0800][info] GC(197) Concurrent Mark From Roots
[2024-09-08T21:44:52.906+0800][info] GC(197) Using 12 workers of 12 for marking
[2024-09-08T21:44:52.907+0800][info] GC(197) Concurrent Mark From Roots 1.688ms
[2024-09-08T21:44:52.907+0800][info] GC(197) Concurrent Preclean
[2024-09-08T21:44:52.909+0800][info] GC(197) Concurrent Preclean 1.677ms
[2024-09-08T21:44:52.909+0800][info] GC(197) Pause Remark
[2024-09-08T21:44:52.910+0800][info] GC(197) Pause Remark 18M->18M(128M) 0.924ms
[2024-09-08T21:44:52.910+0800][info] GC(197) User=0.00s Sys=0.00s Real=0.00s
[2024-09-08T21:44:52.910+0800][info] GC(197) Concurrent Mark 4.431ms
[2024-09-08T21:44:52.910+0800][info] GC(197) Concurrent Rebuild Remembered Sets
[2024-09-08T21:44:52.910+0800][info] GC(197) Concurrent Rebuild Remembered Sets 0.013ms
[2024-09-08T21:44:52.910+0800][info] GC(197) Pause Cleanup
[2024-09-08T21:44:52.910+0800][info] GC(197) Pause Cleanup 18M->18M(128M) 0.018ms
[2024-09-08T21:44:52.910+0800][info] GC(197) User=0.00s Sys=0.00s Real=0.00s
[2024-09-08T21:44:52.910+0800][info] GC(197) Concurrent Cleanup for Next Mark
[2024-09-08T21:44:52.910+0800][info] GC(197) Concurrent Cleanup for Next Mark 0.275ms
[2024-09-08T21:44:52.910+0800][info] GC(197) Concurrent Mark Cycle 4.964ms
[2024-09-08T21:44:53.913+0800][info] GC(198) Pause Young (Concurrent Start) (G1 Humongous Allocation)
[2024-09-08T21:44:53.913+0800][info] GC(198) Using 3 workers of 48 for evacuation
[2024-09-08T21:44:53.914+0800][info] GC(198)   Pre Evacuate Collection Set: 0.0ms
[2024-09-08T21:44:53.914+0800][info] GC(198)   Merge Heap Roots: 0.0ms
[2024-09-08T21:44:53.914+0800][info] GC(198)   Evacuate Collection Set: 0.2ms
[2024-09-08T21:44:53.914+0800][info] GC(198)   Post Evacuate Collection Set: 0.1ms
[2024-09-08T21:44:53.914+0800][info] GC(198)   Other: 0.3ms
[2024-09-08T21:44:53.914+0800][info] GC(198) Eden regions: 1->0(19)
[2024-09-08T21:44:53.914+0800][info] GC(198) Survivor regions: 0->0(3)
[2024-09-08T21:44:53.914+0800][info] GC(198) Old regions: 1->1
[2024-09-08T21:44:53.914+0800][info] GC(198) Archive regions: 2->2
[2024-09-08T21:44:53.914+0800][info] GC(198) Humongous regions: 3->0
[2024-09-08T21:44:53.914+0800][info] GC(198) Metaspace: 783K(960K)->783K(960K) NonClass: 731K(832K)->731K(832K) Class: 51K(128K)->51K(128K)
[2024-09-08T21:44:53.914+0800][info] GC(198) Pause Young (Concurrent Start) (G1 Humongous Allocation) 18M->4M(128M) 0.879ms
[2024-09-08T21:44:53.914+0800][info] GC(198) User=0.01s Sys=0.00s Real=0.00s
[2024-09-08T21:44:53.914+0800][info] GC(199) Concurrent Mark Cycle
[2024-09-08T21:44:53.914+0800][info] GC(199) Concurrent Clear Claimed Marks
[2024-09-08T21:44:53.914+0800][info] GC(199) Concurrent Clear Claimed Marks 0.018ms
[2024-09-08T21:44:53.914+0800][info] GC(199) Concurrent Scan Root Regions
[2024-09-08T21:44:53.914+0800][info] GC(199) Concurrent Scan Root Regions 0.011ms
[2024-09-08T21:44:53.914+0800][info] GC(199) Concurrent Mark
[2024-09-08T21:44:53.914+0800][info] GC(199) Concurrent Mark From Roots
[2024-09-08T21:44:53.914+0800][info] GC(199) Using 12 workers of 12 for marking
[2024-09-08T21:44:53.915+0800][info] GC(199) Concurrent Mark From Roots 1.548ms
[2024-09-08T21:44:53.916+0800][info] GC(199) Concurrent Preclean
[2024-09-08T21:44:53.917+0800][info] GC(199) Concurrent Preclean 1.706ms
[2024-09-08T21:44:53.917+0800][info] GC(199) Pause Remark
[2024-09-08T21:44:53.918+0800][info] GC(199) Pause Remark 18M->18M(128M) 0.741ms
[2024-09-08T21:44:53.918+0800][info] GC(199) User=0.00s Sys=0.00s Real=0.00s
[2024-09-08T21:44:53.918+0800][info] GC(199) Concurrent Mark 4.241ms
[2024-09-08T21:44:53.918+0800][info] GC(199) Concurrent Rebuild Remembered Sets
[2024-09-08T21:44:53.918+0800][info] GC(199) Concurrent Rebuild Remembered Sets 0.012ms
[2024-09-08T21:44:53.918+0800][info] GC(199) Pause Cleanup
[2024-09-08T21:44:53.918+0800][info] GC(199) Pause Cleanup 18M->18M(128M) 0.021ms
[2024-09-08T21:44:53.918+0800][info] GC(199) User=0.00s Sys=0.00s Real=0.00s
[2024-09-08T21:44:53.918+0800][info] GC(199) Concurrent Cleanup for Next Mark
[2024-09-08T21:44:53.919+0800][info] GC(199) Concurrent Cleanup for Next Mark 0.261ms
[2024-09-08T21:44:53.919+0800][info] GC(199) Concurrent Mark Cycle 4.848ms
[2024-09-08T21:44:54.921+0800][info] GC(200) Pause Young (Concurrent Start) (G1 Humongous Allocation)
[2024-09-08T21:44:54.921+0800][info] GC(200) Using 3 workers of 48 for evacuation
[2024-09-08T21:44:54.922+0800][info] GC(200)   Pre Evacuate Collection Set: 0.0ms
[2024-09-08T21:44:54.922+0800][info] GC(200)   Merge Heap Roots: 0.0ms
[2024-09-08T21:44:54.922+0800][info] GC(200)   Evacuate Collection Set: 0.2ms
[2024-09-08T21:44:54.922+0800][info] GC(200)   Post Evacuate Collection Set: 0.1ms
[2024-09-08T21:44:54.922+0800][info] GC(200)   Other: 0.3ms
[2024-09-08T21:44:54.922+0800][info] GC(200) Eden regions: 1->0(19)
[2024-09-08T21:44:54.922+0800][info] GC(200) Survivor regions: 0->0(3)
[2024-09-08T21:44:54.922+0800][info] GC(200) Old regions: 1->1
[2024-09-08T21:44:54.922+0800][info] GC(200) Archive regions: 2->2
[2024-09-08T21:44:54.922+0800][info] GC(200) Humongous regions: 3->0
[2024-09-08T21:44:54.922+0800][info] GC(200) Metaspace: 820K(1024K)->820K(1024K) NonClass: 769K(896K)->769K(896K) Class: 51K(128K)->51K(128K)
[2024-09-08T21:44:54.922+0800][info] GC(200) Pause Young (Concurrent Start) (G1 Humongous Allocation) 18M->4M(128M) 0.853ms
[2024-09-08T21:44:54.922+0800][info] GC(200) User=0.00s Sys=0.00s Real=0.00s
[2024-09-08T21:44:54.922+0800][info] GC(201) Concurrent Mark Cycle
[2024-09-08T21:44:54.922+0800][info] GC(201) Concurrent Clear Claimed Marks
[2024-09-08T21:44:54.922+0800][info] GC(201) Concurrent Clear Claimed Marks 0.018ms
[2024-09-08T21:44:54.922+0800][info] GC(201) Concurrent Scan Root Regions
[2024-09-08T21:44:54.922+0800][info] GC(201) Concurrent Scan Root Regions 0.011ms
[2024-09-08T21:44:54.923+0800][info] GC(201) Concurrent Mark
[2024-09-08T21:44:54.923+0800][info] GC(201) Concurrent Mark From Roots
[2024-09-08T21:44:54.923+0800][info] GC(201) Using 12 workers of 12 for marking
[2024-09-08T21:44:54.924+0800][info] GC(201) Concurrent Mark From Roots 1.633ms
[2024-09-08T21:44:54.924+0800][info] GC(201) Concurrent Preclean
[2024-09-08T21:44:54.926+0800][info] GC(201) Concurrent Preclean 1.711ms
[2024-09-08T21:44:54.926+0800][info] GC(201) Pause Remark
[2024-09-08T21:44:54.927+0800][info] GC(201) Pause Remark 18M->18M(128M) 0.907ms
[2024-09-08T21:44:54.927+0800][info] GC(201) User=0.00s Sys=0.00s Real=0.00s
[2024-09-08T21:44:54.927+0800][info] GC(201) Concurrent Mark 4.521ms
[2024-09-08T21:44:54.927+0800][info] GC(201) Concurrent Rebuild Remembered Sets
[2024-09-08T21:44:54.927+0800][info] GC(201) Concurrent Rebuild Remembered Sets 0.041ms
[2024-09-08T21:44:54.927+0800][info] GC(201) Pause Cleanup
[2024-09-08T21:44:54.927+0800][info] GC(201) Pause Cleanup 18M->18M(128M) 0.018ms
[2024-09-08T21:44:54.927+0800][info] GC(201) User=0.00s Sys=0.00s Real=0.00s
[2024-09-08T21:44:54.927+0800][info] GC(201) Concurrent Cleanup for Next Mark
[2024-09-08T21:44:54.927+0800][info] GC(201) Concurrent Cleanup for Next Mark 0.266ms
[2024-09-08T21:44:54.928+0800][info] GC(201) Concurrent Mark Cycle 5.112ms
[2024-09-08T21:44:55.957+0800][info] GC(202) Pause Young (Normal) (G1 Evacuation Pause)
[2024-09-08T21:44:55.957+0800][info] GC(202) Using 3 workers of 48 for evacuation
[2024-09-08T21:44:55.961+0800][info] GC(202) To-space exhausted
[2024-09-08T21:44:55.961+0800][info] GC(202)   Pre Evacuate Collection Set: 0.0ms
[2024-09-08T21:44:55.961+0800][info] GC(202)   Merge Heap Roots: 0.0ms
[2024-09-08T21:44:55.961+0800][info] GC(202)   Evacuate Collection Set: 3.3ms
[2024-09-08T21:44:55.961+0800][info] GC(202)   Post Evacuate Collection Set: 0.3ms
[2024-09-08T21:44:55.961+0800][info] GC(202)   Other: 0.2ms
[2024-09-08T21:44:55.961+0800][info] GC(202) Eden regions: 19->0(6)
[2024-09-08T21:44:55.961+0800][info] GC(202) Survivor regions: 0->3(3)
[2024-09-08T21:44:55.961+0800][info] GC(202) Old regions: 1->18
[2024-09-08T21:44:55.961+0800][info] GC(202) Archive regions: 2->2
[2024-09-08T21:44:55.961+0800][info] GC(202) Humongous regions: 3->0
[2024-09-08T21:44:55.961+0800][info] GC(202) Metaspace: 820K(1024K)->820K(1024K) NonClass: 769K(896K)->769K(896K) Class: 51K(128K)->51K(128K)
[2024-09-08T21:44:55.961+0800][info] GC(202) Pause Young (Normal) (G1 Evacuation Pause) 92M->84M(128M) 4.055ms
[2024-09-08T21:44:55.961+0800][info] GC(202) User=0.01s Sys=0.00s Real=0.00s
[2024-09-08T21:44:55.966+0800][info] GC(203) Pause Young (Concurrent Start) (G1 Evacuation Pause)
[2024-09-08T21:44:55.966+0800][info] GC(203) Using 3 workers of 48 for evacuation
[2024-09-08T21:44:55.968+0800][info] GC(203) To-space exhausted
[2024-09-08T21:44:55.968+0800][info] GC(203)   Pre Evacuate Collection Set: 0.0ms
[2024-09-08T21:44:55.968+0800][info] GC(203)   Merge Heap Roots: 0.0ms
[2024-09-08T21:44:55.968+0800][info] GC(203)   Evacuate Collection Set: 1.5ms
[2024-09-08T21:44:55.968+0800][info] GC(203)   Post Evacuate Collection Set: 0.2ms
[2024-09-08T21:44:55.968+0800][info] GC(203)   Other: 0.3ms
[2024-09-08T21:44:55.968+0800][info] GC(203) Eden regions: 6->0(1)
[2024-09-08T21:44:55.968+0800][info] GC(203) Survivor regions: 3->0(2)
[2024-09-08T21:44:55.968+0800][info] GC(203) Old regions: 18->28
[2024-09-08T21:44:55.968+0800][info] GC(203) Archive regions: 2->2
[2024-09-08T21:44:55.968+0800][info] GC(203) Humongous regions: 0->0
[2024-09-08T21:44:55.968+0800][info] GC(203) Metaspace: 820K(1024K)->820K(1024K) NonClass: 769K(896K)->769K(896K) Class: 51K(128K)->51K(128K)
[2024-09-08T21:44:55.968+0800][info] GC(203) Pause Young (Concurrent Start) (G1 Evacuation Pause) 108M->112M(128M) 2.259ms
[2024-09-08T21:44:55.968+0800][info] GC(203) User=0.01s Sys=0.00s Real=0.00s
[2024-09-08T21:44:55.969+0800][info] GC(204) Concurrent Mark Cycle
[2024-09-08T21:44:55.969+0800][info] GC(204) Concurrent Clear Claimed Marks
[2024-09-08T21:44:55.969+0800][info] GC(204) Concurrent Clear Claimed Marks 0.018ms
[2024-09-08T21:44:55.969+0800][info] GC(204) Concurrent Scan Root Regions
[2024-09-08T21:44:55.969+0800][info] GC(204) Concurrent Scan Root Regions 0.306ms
[2024-09-08T21:44:55.969+0800][info] GC(204) Concurrent Mark
[2024-09-08T21:44:55.969+0800][info] GC(204) Concurrent Mark From Roots
[2024-09-08T21:44:55.969+0800][info] GC(204) Using 12 workers of 12 for marking
[2024-09-08T21:44:55.971+0800][info] GC(204) Concurrent Mark From Roots 1.934ms
[2024-09-08T21:44:55.971+0800][info] GC(204) Concurrent Preclean
[2024-09-08T21:44:55.973+0800][info] GC(204) Concurrent Preclean 1.681ms
[2024-09-08T21:44:55.973+0800][info] GC(204) Pause Remark
[2024-09-08T21:44:55.974+0800][info] GC(204) Pause Remark 112M->112M(128M) 1.168ms
[2024-09-08T21:44:55.974+0800][info] GC(204) User=0.00s Sys=0.00s Real=0.00s
[2024-09-08T21:44:55.974+0800][info] GC(204) Concurrent Mark 5.001ms
[2024-09-08T21:44:55.974+0800][info] GC(204) Concurrent Rebuild Remembered Sets
[2024-09-08T21:44:55.981+0800][info] GC(204) Concurrent Rebuild Remembered Sets 7.426ms
[2024-09-08T21:44:55.981+0800][info] GC(204) Pause Cleanup
[2024-09-08T21:44:55.982+0800][info] GC(204) Pause Cleanup 112M->112M(128M) 0.435ms
[2024-09-08T21:44:55.982+0800][info] GC(204) User=0.00s Sys=0.00s Real=0.00s
[2024-09-08T21:44:55.982+0800][info] GC(204) Concurrent Cleanup for Next Mark
[2024-09-08T21:44:55.982+0800][info] GC(204) Concurrent Cleanup for Next Mark 0.251ms
[2024-09-08T21:44:55.982+0800][info] GC(204) Concurrent Mark Cycle 13.729ms
[2024-09-08T21:44:56.981+0800][info] GC(205) Pause Young (Prepare Mixed) (G1 Preventive Collection)
[2024-09-08T21:44:56.981+0800][info] GC(205) Using 3 workers of 48 for evacuation
[2024-09-08T21:44:56.982+0800][info] GC(205)   Pre Evacuate Collection Set: 0.0ms
[2024-09-08T21:44:56.982+0800][info] GC(205)   Merge Heap Roots: 0.0ms
[2024-09-08T21:44:56.982+0800][info] GC(205)   Evacuate Collection Set: 0.6ms
[2024-09-08T21:44:56.982+0800][info] GC(205)   Post Evacuate Collection Set: 0.1ms
[2024-09-08T21:44:56.982+0800][info] GC(205)   Other: 0.2ms
[2024-09-08T21:44:56.982+0800][info] GC(205) Eden regions: 1->0(1)
[2024-09-08T21:44:56.982+0800][info] GC(205) Survivor regions: 0->1(1)
[2024-09-08T21:44:56.982+0800][info] GC(205) Old regions: 28->28
[2024-09-08T21:44:56.982+0800][info] GC(205) Archive regions: 2->2
[2024-09-08T21:44:56.982+0800][info] GC(205) Humongous regions: 0->0
[2024-09-08T21:44:56.982+0800][info] GC(205) Metaspace: 820K(1024K)->820K(1024K) NonClass: 769K(896K)->769K(896K) Class: 51K(128K)->51K(128K)
[2024-09-08T21:44:56.982+0800][info] GC(205) Pause Young (Prepare Mixed) (G1 Preventive Collection) 116M->116M(128M) 1.119ms
[2024-09-08T21:44:56.982+0800][info] GC(205) User=0.00s Sys=0.01s Real=0.00s
[2024-09-08T21:44:56.983+0800][info] GC(206) Pause Young (Mixed) (G1 Evacuation Pause)
[2024-09-08T21:44:56.983+0800][info] GC(206) Using 3 workers of 48 for evacuation
[2024-09-08T21:44:56.983+0800][info] GC(206) To-space exhausted
[2024-09-08T21:44:56.983+0800][info] GC(206)   Pre Evacuate Collection Set: 0.0ms
[2024-09-08T21:44:56.983+0800][info] GC(206)   Merge Heap Roots: 0.0ms
[2024-09-08T21:44:56.983+0800][info] GC(206)   Evacuate Collection Set: 0.1ms
[2024-09-08T21:44:56.983+0800][info] GC(206)   Post Evacuate Collection Set: 0.2ms
[2024-09-08T21:44:56.983+0800][info] GC(206)   Other: 0.1ms
[2024-09-08T21:44:56.983+0800][info] GC(206) Eden regions: 1->0(1)
[2024-09-08T21:44:56.983+0800][info] GC(206) Survivor regions: 1->0(0)
[2024-09-08T21:44:56.983+0800][info] GC(206) Old regions: 28->30
[2024-09-08T21:44:56.983+0800][info] GC(206) Archive regions: 2->2
[2024-09-08T21:44:56.983+0800][info] GC(206) Humongous regions: 0->0
[2024-09-08T21:44:56.983+0800][info] GC(206) Metaspace: 820K(1024K)->820K(1024K) NonClass: 769K(896K)->769K(896K) Class: 51K(128K)->51K(128K)
[2024-09-08T21:44:56.983+0800][info] GC(206) Pause Young (Mixed) (G1 Evacuation Pause) 120M->120M(128M) 0.574ms
[2024-09-08T21:44:56.983+0800][info] GC(206) User=0.00s Sys=0.00s Real=0.00s
[2024-09-08T21:44:56.983+0800][info] Attempting full compaction
[2024-09-08T21:44:56.983+0800][info] GC(207) Using 1 workers of 48 for full compaction
[2024-09-08T21:44:56.983+0800][info] GC(207) Pause Full (G1 Compaction Pause)
[2024-09-08T21:44:56.983+0800][info] GC(207) Phase 1: Mark live objects
[2024-09-08T21:44:56.987+0800][info] GC(207) Phase 1: Mark live objects 4.008ms
[2024-09-08T21:44:56.988+0800][info] GC(207) Phase 2: Prepare for compaction
[2024-09-08T21:44:56.989+0800][info] GC(207) Phase 2: Prepare for compaction 1.129ms
[2024-09-08T21:44:56.989+0800][info] GC(207) Phase 3: Adjust pointers
[2024-09-08T21:44:56.991+0800][info] GC(207) Phase 3: Adjust pointers 2.748ms
[2024-09-08T21:44:56.991+0800][info] GC(207) Phase 4: Compact heap
[2024-09-08T21:44:56.992+0800][info] GC(207) Phase 4: Compact heap 0.915ms
[2024-09-08T21:44:56.993+0800][info] GC(207) Eden regions: 0->0(12)
[2024-09-08T21:44:56.993+0800][info] GC(207) Survivor regions: 0->0(0)
[2024-09-08T21:44:56.993+0800][info] GC(207) Old regions: 30->2
[2024-09-08T21:44:56.993+0800][info] GC(207) Archive regions: 2->2
[2024-09-08T21:44:56.993+0800][info] GC(207) Humongous regions: 0->0
[2024-09-08T21:44:56.993+0800][info] GC(207) Metaspace: 820K(1024K)->820K(1024K) NonClass: 769K(896K)->769K(896K) Class: 51K(128K)->51K(128K)
[2024-09-08T21:44:56.993+0800][info] GC(207) Pause Full (G1 Compaction Pause) 120M->11M(128M) 9.963ms
[2024-09-08T21:44:56.993+0800][info] GC(207) User=0.01s Sys=0.00s Real=0.01s
[2024-09-08T21:44:57.004+0800][info] GC(208) Pause Young (Normal) (G1 Evacuation Pause)
[2024-09-08T21:44:57.004+0800][info] GC(208) Using 3 workers of 48 for evacuation
[2024-09-08T21:44:57.010+0800][info] GC(208)   Pre Evacuate Collection Set: 0.0ms
[2024-09-08T21:44:57.010+0800][info] GC(208)   Merge Heap Roots: 0.0ms
[2024-09-08T21:44:57.010+0800][info] GC(208)   Evacuate Collection Set: 5.3ms
[2024-09-08T21:44:57.010+0800][info] GC(208)   Post Evacuate Collection Set: 0.2ms
[2024-09-08T21:44:57.010+0800][info] GC(208)   Other: 0.1ms
[2024-09-08T21:44:57.010+0800][info] GC(208) Eden regions: 12->0(5)
[2024-09-08T21:44:57.010+0800][info] GC(208) Survivor regions: 0->2(2)
[2024-09-08T21:44:57.010+0800][info] GC(208) Old regions: 2->13
[2024-09-08T21:44:57.010+0800][info] GC(208) Archive regions: 2->2
[2024-09-08T21:44:57.010+0800][info] GC(208) Humongous regions: 0->0
[2024-09-08T21:44:57.010+0800][info] GC(208) Metaspace: 820K(1024K)->820K(1024K) NonClass: 769K(896K)->769K(896K) Class: 51K(128K)->51K(128K)
[2024-09-08T21:44:57.010+0800][info] GC(208) Pause Young (Normal) (G1 Evacuation Pause) 59M->59M(128M) 5.851ms
[2024-09-08T21:44:57.010+0800][info] GC(208) User=0.02s Sys=0.00s Real=0.01s
[2024-09-08T21:44:57.014+0800][info] GC(209) Pause Young (Concurrent Start) (G1 Evacuation Pause)
[2024-09-08T21:44:57.014+0800][info] GC(209) Using 3 workers of 48 for evacuation
[2024-09-08T21:44:57.018+0800][info] GC(209)   Pre Evacuate Collection Set: 0.0ms
[2024-09-08T21:44:57.018+0800][info] GC(209)   Merge Heap Roots: 0.0ms
[2024-09-08T21:44:57.018+0800][info] GC(209)   Evacuate Collection Set: 3.3ms
[2024-09-08T21:44:57.018+0800][info] GC(209)   Post Evacuate Collection Set: 0.2ms
[2024-09-08T21:44:57.018+0800][info] GC(209)   Other: 0.3ms
[2024-09-08T21:44:57.018+0800][info] GC(209) Eden regions: 5->0(2)
[2024-09-08T21:44:57.018+0800][info] GC(209) Survivor regions: 2->1(1)
[2024-09-08T21:44:57.018+0800][info] GC(209) Old regions: 13->19
[2024-09-08T21:44:57.018+0800][info] GC(209) Archive regions: 2->2
[2024-09-08T21:44:57.018+0800][info] GC(209) Humongous regions: 0->0
[2024-09-08T21:44:57.018+0800][info] GC(209) Metaspace: 820K(1024K)->820K(1024K) NonClass: 769K(896K)->769K(896K) Class: 51K(128K)->51K(128K)
[2024-09-08T21:44:57.018+0800][info] GC(209) Pause Young (Concurrent Start) (G1 Evacuation Pause) 79M->79M(128M) 3.983ms
[2024-09-08T21:44:57.018+0800][info] GC(209) User=0.01s Sys=0.00s Real=0.01s
[2024-09-08T21:44:57.018+0800][info] GC(210) Concurrent Mark Cycle
[2024-09-08T21:44:57.019+0800][info] GC(210) Concurrent Clear Claimed Marks
[2024-09-08T21:44:57.019+0800][info] GC(210) Concurrent Clear Claimed Marks 0.020ms
[2024-09-08T21:44:57.019+0800][info] GC(210) Concurrent Scan Root Regions
[2024-09-08T21:44:57.019+0800][info] GC(210) Concurrent Scan Root Regions 0.275ms
[2024-09-08T21:44:57.019+0800][info] GC(210) Concurrent Mark
[2024-09-08T21:44:57.019+0800][info] GC(210) Concurrent Mark From Roots
[2024-09-08T21:44:57.019+0800][info] GC(210) Using 12 workers of 12 for marking
[2024-09-08T21:44:57.021+0800][info] GC(210) Concurrent Mark From Roots 2.042ms
[2024-09-08T21:44:57.021+0800][info] GC(210) Concurrent Preclean
[2024-09-08T21:44:57.023+0800][info] GC(210) Concurrent Preclean 1.684ms
[2024-09-08T21:44:57.023+0800][info] GC(210) Pause Remark
[2024-09-08T21:44:57.024+0800][info] GC(210) Pause Remark 80M->80M(128M) 1.270ms
[2024-09-08T21:44:57.024+0800][info] GC(210) User=0.00s Sys=0.00s Real=0.00s
[2024-09-08T21:44:57.024+0800][info] GC(210) Concurrent Mark 5.276ms
[2024-09-08T21:44:57.024+0800][info] GC(210) Concurrent Rebuild Remembered Sets
[2024-09-08T21:44:57.028+0800][info] GC(210) Concurrent Rebuild Remembered Sets 4.205ms
[2024-09-08T21:44:57.028+0800][info] GC(210) Pause Cleanup
[2024-09-08T21:44:57.029+0800][info] GC(210) Pause Cleanup 80M->80M(128M) 0.308ms
[2024-09-08T21:44:57.029+0800][info] GC(210) User=0.00s Sys=0.00s Real=0.00s
[2024-09-08T21:44:57.029+0800][info] GC(210) Concurrent Cleanup for Next Mark
[2024-09-08T21:44:57.029+0800][info] GC(210) Concurrent Cleanup for Next Mark 0.294ms
[2024-09-08T21:44:57.029+0800][info] GC(210) Concurrent Mark Cycle 10.676ms
[2024-09-08T21:44:58.021+0800][info] GC(211) Pause Young (Normal) (G1 Evacuation Pause)
[2024-09-08T21:44:58.021+0800][info] GC(211) Using 3 workers of 48 for evacuation
[2024-09-08T21:44:58.023+0800][info] GC(211)   Pre Evacuate Collection Set: 0.1ms
[2024-09-08T21:44:58.023+0800][info] GC(211)   Merge Heap Roots: 0.0ms
[2024-09-08T21:44:58.023+0800][info] GC(211)   Evacuate Collection Set: 1.5ms
[2024-09-08T21:44:58.023+0800][info] GC(211)   Post Evacuate Collection Set: 0.1ms
[2024-09-08T21:44:58.023+0800][info] GC(211)   Other: 0.2ms
[2024-09-08T21:44:58.023+0800][info] GC(211) Eden regions: 2->0(1)
[2024-09-08T21:44:58.023+0800][info] GC(211) Survivor regions: 1->1(1)
[2024-09-08T21:44:58.023+0800][info] GC(211) Old regions: 19->21
[2024-09-08T21:44:58.023+0800][info] GC(211) Archive regions: 2->2
[2024-09-08T21:44:58.023+0800][info] GC(211) Humongous regions: 0->0
[2024-09-08T21:44:58.023+0800][info] GC(211) Metaspace: 820K(1024K)->820K(1024K) NonClass: 769K(896K)->769K(896K) Class: 51K(128K)->51K(128K)
[2024-09-08T21:44:58.023+0800][info] GC(211) Pause Young (Normal) (G1 Evacuation Pause) 87M->87M(128M) 2.024ms
[2024-09-08T21:44:58.023+0800][info] GC(211) User=0.00s Sys=0.00s Real=0.00s
[2024-09-08T21:44:58.024+0800][info] GC(212) Pause Young (Concurrent Start) (G1 Evacuation Pause)
[2024-09-08T21:44:58.024+0800][info] GC(212) Using 3 workers of 48 for evacuation
[2024-09-08T21:44:58.025+0800][info] GC(212)   Pre Evacuate Collection Set: 0.0ms
[2024-09-08T21:44:58.025+0800][info] GC(212)   Merge Heap Roots: 0.0ms
[2024-09-08T21:44:58.025+0800][info] GC(212)   Evacuate Collection Set: 0.9ms
[2024-09-08T21:44:58.025+0800][info] GC(212)   Post Evacuate Collection Set: 0.1ms
[2024-09-08T21:44:58.025+0800][info] GC(212)   Other: 0.2ms
[2024-09-08T21:44:58.025+0800][info] GC(212) Eden regions: 1->0(1)
[2024-09-08T21:44:58.025+0800][info] GC(212) Survivor regions: 1->1(1)
[2024-09-08T21:44:58.025+0800][info] GC(212) Old regions: 21->22
[2024-09-08T21:44:58.025+0800][info] GC(212) Archive regions: 2->2
[2024-09-08T21:44:58.025+0800][info] GC(212) Humongous regions: 0->0
[2024-09-08T21:44:58.025+0800][info] GC(212) Metaspace: 820K(1024K)->820K(1024K) NonClass: 769K(896K)->769K(896K) Class: 51K(128K)->51K(128K)
[2024-09-08T21:44:58.025+0800][info] GC(212) Pause Young (Concurrent Start) (G1 Evacuation Pause) 91M->91M(128M) 1.419ms
[2024-09-08T21:44:58.025+0800][info] GC(212) User=0.00s Sys=0.00s Real=0.01s
[2024-09-08T21:44:58.025+0800][info] GC(213) Concurrent Mark Cycle
[2024-09-08T21:44:58.025+0800][info] GC(213) Concurrent Clear Claimed Marks
[2024-09-08T21:44:58.025+0800][info] GC(213) Concurrent Clear Claimed Marks 0.017ms
[2024-09-08T21:44:58.025+0800][info] GC(213) Concurrent Scan Root Regions
[2024-09-08T21:44:58.025+0800][info] GC(213) Concurrent Scan Root Regions 0.052ms
[2024-09-08T21:44:58.025+0800][info] GC(213) Concurrent Mark
[2024-09-08T21:44:58.025+0800][info] GC(213) Concurrent Mark From Roots
[2024-09-08T21:44:58.025+0800][info] GC(213) Using 12 workers of 12 for marking
[2024-09-08T21:44:58.027+0800][info] GC(213) Concurrent Mark From Roots 1.816ms
[2024-09-08T21:44:58.027+0800][info] GC(213) Concurrent Preclean
[2024-09-08T21:44:58.029+0800][info] GC(213) Concurrent Preclean 1.708ms
[2024-09-08T21:44:58.029+0800][info] GC(213) Pause Remark
[2024-09-08T21:44:58.030+0800][info] GC(213) Pause Remark 91M->91M(128M) 1.159ms
[2024-09-08T21:44:58.030+0800][info] GC(213) User=0.00s Sys=0.00s Real=0.00s
[2024-09-08T21:44:58.030+0800][info] GC(213) Concurrent Mark 4.942ms
[2024-09-08T21:44:58.030+0800][info] GC(213) Concurrent Rebuild Remembered Sets
[2024-09-08T21:44:58.036+0800][info] GC(213) Concurrent Rebuild Remembered Sets 5.481ms
[2024-09-08T21:44:58.036+0800][info] GC(213) Pause Cleanup
[2024-09-08T21:44:58.036+0800][info] GC(213) Pause Cleanup 91M->91M(128M) 0.344ms
[2024-09-08T21:44:58.036+0800][info] GC(213) User=0.00s Sys=0.00s Real=0.00s
[2024-09-08T21:44:58.036+0800][info] GC(213) Concurrent Cleanup for Next Mark
[2024-09-08T21:44:58.036+0800][info] GC(213) Concurrent Cleanup for Next Mark 0.276ms
[2024-09-08T21:44:58.036+0800][info] GC(213) Concurrent Mark Cycle 11.359ms
[2024-09-08T21:44:59.026+0800][info] GC(214) Pause Young (Normal) (G1 Evacuation Pause)
[2024-09-08T21:44:59.026+0800][info] GC(214) Using 3 workers of 48 for evacuation
[2024-09-08T21:44:59.028+0800][info] GC(214)   Pre Evacuate Collection Set: 0.0ms
[2024-09-08T21:44:59.028+0800][info] GC(214)   Merge Heap Roots: 0.0ms
[2024-09-08T21:44:59.028+0800][info] GC(214)   Evacuate Collection Set: 0.9ms
[2024-09-08T21:44:59.028+0800][info] GC(214)   Post Evacuate Collection Set: 0.1ms
[2024-09-08T21:44:59.028+0800][info] GC(214)   Other: 0.1ms
[2024-09-08T21:44:59.028+0800][info] GC(214) Eden regions: 1->0(1)
[2024-09-08T21:44:59.028+0800][info] GC(214) Survivor regions: 1->1(1)
[2024-09-08T21:44:59.028+0800][info] GC(214) Old regions: 22->23
[2024-09-08T21:44:59.028+0800][info] GC(214) Archive regions: 2->2
[2024-09-08T21:44:59.028+0800][info] GC(214) Humongous regions: 0->0
[2024-09-08T21:44:59.028+0800][info] GC(214) Metaspace: 820K(1024K)->820K(1024K) NonClass: 769K(896K)->769K(896K) Class: 51K(128K)->51K(128K)
[2024-09-08T21:44:59.028+0800][info] GC(214) Pause Young (Normal) (G1 Evacuation Pause) 95M->95M(128M) 1.239ms
[2024-09-08T21:44:59.028+0800][info] GC(214) User=0.00s Sys=0.00s Real=0.00s
[2024-09-08T21:44:59.028+0800][info] GC(215) Pause Young (Concurrent Start) (G1 Evacuation Pause)
[2024-09-08T21:44:59.028+0800][info] GC(215) Using 3 workers of 48 for evacuation
[2024-09-08T21:44:59.029+0800][info] GC(215)   Pre Evacuate Collection Set: 0.0ms
[2024-09-08T21:44:59.029+0800][info] GC(215)   Merge Heap Roots: 0.0ms
[2024-09-08T21:44:59.029+0800][info] GC(215)   Evacuate Collection Set: 0.9ms
[2024-09-08T21:44:59.029+0800][info] GC(215)   Post Evacuate Collection Set: 0.1ms
[2024-09-08T21:44:59.029+0800][info] GC(215)   Other: 0.1ms
[2024-09-08T21:44:59.030+0800][info] GC(215) Eden regions: 1->0(1)
[2024-09-08T21:44:59.030+0800][info] GC(215) Survivor regions: 1->1(1)
[2024-09-08T21:44:59.030+0800][info] GC(215) Old regions: 23->23
[2024-09-08T21:44:59.030+0800][info] GC(215) Archive regions: 2->2
[2024-09-08T21:44:59.030+0800][info] GC(215) Humongous regions: 0->0
[2024-09-08T21:44:59.030+0800][info] GC(215) Metaspace: 820K(1024K)->820K(1024K) NonClass: 769K(896K)->769K(896K) Class: 51K(128K)->51K(128K)
[2024-09-08T21:44:59.030+0800][info] GC(215) Pause Young (Concurrent Start) (G1 Evacuation Pause) 99M->99M(128M) 1.204ms
[2024-09-08T21:44:59.030+0800][info] GC(215) User=0.00s Sys=0.00s Real=0.00s
[2024-09-08T21:44:59.030+0800][info] GC(216) Concurrent Mark Cycle
[2024-09-08T21:44:59.030+0800][info] GC(216) Concurrent Clear Claimed Marks
[2024-09-08T21:44:59.030+0800][info] GC(216) Concurrent Clear Claimed Marks 0.018ms
[2024-09-08T21:44:59.030+0800][info] GC(216) Concurrent Scan Root Regions
[2024-09-08T21:44:59.030+0800][info] GC(216) Concurrent Scan Root Regions 0.053ms
[2024-09-08T21:44:59.030+0800][info] GC(216) Concurrent Mark
[2024-09-08T21:44:59.030+0800][info] GC(216) Concurrent Mark From Roots
[2024-09-08T21:44:59.030+0800][info] GC(216) Using 12 workers of 12 for marking
[2024-09-08T21:44:59.032+0800][info] GC(216) Concurrent Mark From Roots 1.868ms
[2024-09-08T21:44:59.032+0800][info] GC(216) Concurrent Preclean
[2024-09-08T21:44:59.033+0800][info] GC(216) Concurrent Preclean 1.698ms
[2024-09-08T21:44:59.033+0800][info] GC(216) Pause Remark
[2024-09-08T21:44:59.035+0800][info] GC(216) Pause Remark 99M->99M(128M) 1.074ms
[2024-09-08T21:44:59.035+0800][info] GC(216) User=0.00s Sys=0.00s Real=0.00s
[2024-09-08T21:44:59.035+0800][info] GC(216) Concurrent Mark 4.821ms
[2024-09-08T21:44:59.035+0800][info] GC(216) Concurrent Rebuild Remembered Sets
[2024-09-08T21:44:59.035+0800][info] GC(216) Concurrent Rebuild Remembered Sets 0.015ms
[2024-09-08T21:44:59.035+0800][info] GC(216) Pause Cleanup
[2024-09-08T21:44:59.035+0800][info] GC(216) Pause Cleanup 99M->99M(128M) 0.009ms
[2024-09-08T21:44:59.035+0800][info] GC(216) User=0.00s Sys=0.00s Real=0.00s
[2024-09-08T21:44:59.035+0800][info] GC(216) Concurrent Cleanup for Next Mark
[2024-09-08T21:44:59.035+0800][info] GC(216) Concurrent Cleanup for Next Mark 0.248ms
[2024-09-08T21:44:59.035+0800][info] GC(216) Concurrent Mark Cycle 5.371ms
[2024-09-08T21:45:00.031+0800][info] GC(217) Pause Young (Normal) (G1 Evacuation Pause)
[2024-09-08T21:45:00.031+0800][info] GC(217) Using 3 workers of 48 for evacuation
[2024-09-08T21:45:00.032+0800][info] GC(217)   Pre Evacuate Collection Set: 0.1ms
[2024-09-08T21:45:00.032+0800][info] GC(217)   Merge Heap Roots: 0.0ms
[2024-09-08T21:45:00.032+0800][info] GC(217)   Evacuate Collection Set: 0.9ms
[2024-09-08T21:45:00.032+0800][info] GC(217)   Post Evacuate Collection Set: 0.1ms
[2024-09-08T21:45:00.032+0800][info] GC(217)   Other: 0.1ms
[2024-09-08T21:45:00.032+0800][info] GC(217) Eden regions: 1->0(1)
[2024-09-08T21:45:00.032+0800][info] GC(217) Survivor regions: 1->1(1)
[2024-09-08T21:45:00.032+0800][info] GC(217) Old regions: 23->24
[2024-09-08T21:45:00.032+0800][info] GC(217) Archive regions: 2->2
[2024-09-08T21:45:00.032+0800][info] GC(217) Humongous regions: 0->0
[2024-09-08T21:45:00.032+0800][info] GC(217) Metaspace: 820K(1024K)->820K(1024K) NonClass: 769K(896K)->769K(896K) Class: 51K(128K)->51K(128K)
[2024-09-08T21:45:00.032+0800][info] GC(217) Pause Young (Normal) (G1 Evacuation Pause) 103M->103M(128M) 1.290ms
[2024-09-08T21:45:00.032+0800][info] GC(217) User=0.00s Sys=0.00s Real=0.00s
[2024-09-08T21:45:00.033+0800][info] GC(218) Pause Young (Concurrent Start) (G1 Humongous Allocation)
[2024-09-08T21:45:00.033+0800][info] GC(218) Using 3 workers of 48 for evacuation
[2024-09-08T21:45:00.034+0800][info] GC(218)   Pre Evacuate Collection Set: 0.0ms
[2024-09-08T21:45:00.034+0800][info] GC(218)   Merge Heap Roots: 0.0ms
[2024-09-08T21:45:00.034+0800][info] GC(218)   Evacuate Collection Set: 0.7ms
[2024-09-08T21:45:00.034+0800][info] GC(218)   Post Evacuate Collection Set: 0.1ms
[2024-09-08T21:45:00.034+0800][info] GC(218)   Other: 0.1ms
[2024-09-08T21:45:00.034+0800][info] GC(218) Eden regions: 1->0(1)
[2024-09-08T21:45:00.034+0800][info] GC(218) Survivor regions: 1->1(1)
[2024-09-08T21:45:00.034+0800][info] GC(218) Old regions: 24->25
[2024-09-08T21:45:00.034+0800][info] GC(218) Archive regions: 2->2
[2024-09-08T21:45:00.034+0800][info] GC(218) Humongous regions: 0->0
[2024-09-08T21:45:00.034+0800][info] GC(218) Metaspace: 820K(1024K)->820K(1024K) NonClass: 769K(896K)->769K(896K) Class: 51K(128K)->51K(128K)
[2024-09-08T21:45:00.034+0800][info] GC(218) Pause Young (Concurrent Start) (G1 Humongous Allocation) 105M->105M(128M) 1.100ms
[2024-09-08T21:45:00.034+0800][info] GC(218) User=0.00s Sys=0.00s Real=0.00s
[2024-09-08T21:45:00.034+0800][info] GC(220) Concurrent Mark Cycle
[2024-09-08T21:45:00.034+0800][info] GC(220) Concurrent Clear Claimed Marks
[2024-09-08T21:45:00.034+0800][info] GC(220) Concurrent Clear Claimed Marks 0.018ms
[2024-09-08T21:45:00.034+0800][info] GC(220) Concurrent Scan Root Regions
[2024-09-08T21:45:00.034+0800][info] GC(220) Concurrent Scan Root Regions 0.067ms
[2024-09-08T21:45:00.034+0800][info] GC(220) Concurrent Mark
[2024-09-08T21:45:00.034+0800][info] GC(220) Concurrent Mark From Roots
[2024-09-08T21:45:00.034+0800][info] GC(219) Pause Young (Normal) (G1 Preventive Collection)
[2024-09-08T21:45:00.034+0800][info] GC(219) Using 3 workers of 48 for evacuation
[2024-09-08T21:45:00.034+0800][info] GC(220) Using 12 workers of 12 for marking
[2024-09-08T21:45:00.035+0800][info] GC(219)   Pre Evacuate Collection Set: 0.2ms
[2024-09-08T21:45:00.035+0800][info] GC(219)   Merge Heap Roots: 0.0ms
[2024-09-08T21:45:00.035+0800][info] GC(219)   Evacuate Collection Set: 0.3ms
[2024-09-08T21:45:00.035+0800][info] GC(219)   Post Evacuate Collection Set: 0.1ms
[2024-09-08T21:45:00.035+0800][info] GC(219)   Other: 0.1ms
[2024-09-08T21:45:00.035+0800][info] GC(219) Eden regions: 0->0(1)
[2024-09-08T21:45:00.035+0800][info] GC(219) Survivor regions: 1->0(1)
[2024-09-08T21:45:00.035+0800][info] GC(219) Old regions: 25->26
[2024-09-08T21:45:00.035+0800][info] GC(219) Archive regions: 2->2
[2024-09-08T21:45:00.035+0800][info] GC(219) Humongous regions: 0->0
[2024-09-08T21:45:00.035+0800][info] GC(219) Metaspace: 820K(1024K)->820K(1024K) NonClass: 769K(896K)->769K(896K) Class: 51K(128K)->51K(128K)
[2024-09-08T21:45:00.035+0800][info] GC(219) Pause Young (Normal) (G1 Preventive Collection) 105M->105M(128M) 0.585ms
[2024-09-08T21:45:00.035+0800][info] GC(219) User=0.00s Sys=0.00s Real=0.00s
[2024-09-08T21:45:00.037+0800][info] GC(220) Concurrent Mark From Roots 2.304ms
[2024-09-08T21:45:00.037+0800][info] GC(220) Concurrent Preclean
[2024-09-08T21:45:00.038+0800][info] GC(220) Concurrent Preclean 1.698ms
[2024-09-08T21:45:00.038+0800][info] GC(220) Pause Remark
[2024-09-08T21:45:00.040+0800][info] GC(220) Pause Remark 118M->30M(128M) 1.267ms
[2024-09-08T21:45:00.040+0800][info] GC(220) User=0.00s Sys=0.00s Real=0.00s
[2024-09-08T21:45:00.040+0800][info] GC(220) Concurrent Mark 5.431ms
[2024-09-08T21:45:00.040+0800][info] GC(220) Concurrent Rebuild Remembered Sets
[2024-09-08T21:45:00.042+0800][info] GC(220) Concurrent Rebuild Remembered Sets 1.809ms
[2024-09-08T21:45:00.042+0800][info] GC(220) Pause Cleanup
[2024-09-08T21:45:00.042+0800][info] GC(220) Pause Cleanup 30M->30M(128M) 0.102ms
[2024-09-08T21:45:00.042+0800][info] GC(220) User=0.00s Sys=0.00s Real=0.00s
[2024-09-08T21:45:00.042+0800][info] GC(220) Concurrent Cleanup for Next Mark
[2024-09-08T21:45:00.042+0800][info] GC(220) Concurrent Cleanup for Next Mark 0.285ms
[2024-09-08T21:45:00.042+0800][info] GC(220) Concurrent Mark Cycle 7.969ms
[2024-09-08T21:45:01.083+0800][info] GC(221) Pause Young (Prepare Mixed) (G1 Preventive Collection)
[2024-09-08T21:45:01.083+0800][info] GC(221) Using 3 workers of 48 for evacuation
[2024-09-08T21:45:01.083+0800][info] GC(221)   Pre Evacuate Collection Set: 0.1ms
[2024-09-08T21:45:01.083+0800][info] GC(221)   Merge Heap Roots: 0.0ms
[2024-09-08T21:45:01.083+0800][info] GC(221)   Evacuate Collection Set: 0.2ms
[2024-09-08T21:45:01.083+0800][info] GC(221)   Post Evacuate Collection Set: 0.2ms
[2024-09-08T21:45:01.083+0800][info] GC(221)   Other: 0.1ms
[2024-09-08T21:45:01.083+0800][info] GC(221) Eden regions: 1->0(1)
[2024-09-08T21:45:01.083+0800][info] GC(221) Survivor regions: 0->0(1)
[2024-09-08T21:45:01.083+0800][info] GC(221) Old regions: 4->4
[2024-09-08T21:45:01.083+0800][info] GC(221) Archive regions: 2->2
[2024-09-08T21:45:01.083+0800][info] GC(221) Humongous regions: 21->0
[2024-09-08T21:45:01.083+0800][info] GC(221) Metaspace: 820K(1024K)->820K(1024K) NonClass: 769K(896K)->769K(896K) Class: 51K(128K)->51K(128K)
[2024-09-08T21:45:01.083+0800][info] GC(221) Pause Young (Prepare Mixed) (G1 Preventive Collection) 102M->18M(128M) 0.624ms
[2024-09-08T21:45:01.084+0800][info] GC(221) User=0.01s Sys=0.00s Real=0.00s
[2024-09-08T21:45:01.138+0800][info] GC(222) Pause Young (Mixed) (G1 Humongous Allocation)
[2024-09-08T21:45:01.138+0800][info] GC(222) Using 3 workers of 48 for evacuation
[2024-09-08T21:45:01.138+0800][info] GC(222)   Pre Evacuate Collection Set: 0.1ms
[2024-09-08T21:45:01.138+0800][info] GC(222)   Merge Heap Roots: 0.0ms
[2024-09-08T21:45:01.138+0800][info] GC(222)   Evacuate Collection Set: 0.1ms
[2024-09-08T21:45:01.138+0800][info] GC(222)   Post Evacuate Collection Set: 0.2ms
[2024-09-08T21:45:01.138+0800][info] GC(222)   Other: 0.0ms
[2024-09-08T21:45:01.138+0800][info] GC(222) Eden regions: 0->0(9)
[2024-09-08T21:45:01.138+0800][info] GC(222) Survivor regions: 0->0(1)
[2024-09-08T21:45:01.138+0800][info] GC(222) Old regions: 4->3
[2024-09-08T21:45:01.138+0800][info] GC(222) Archive regions: 2->2
[2024-09-08T21:45:01.138+0800][info] GC(222) Humongous regions: 24->0
[2024-09-08T21:45:01.138+0800][info] GC(222) Metaspace: 820K(1024K)->820K(1024K) NonClass: 769K(896K)->769K(896K) Class: 51K(128K)->51K(128K)
[2024-09-08T21:45:01.138+0800][info] GC(222) Pause Young (Mixed) (G1 Humongous Allocation) 114M->14M(128M) 0.483ms
[2024-09-08T21:45:01.138+0800][info] GC(222) User=0.00s Sys=0.00s Real=0.00s
[2024-09-08T21:45:01.152+0800][info] GC(223) Pause Young (Concurrent Start) (G1 Humongous Allocation)
[2024-09-08T21:45:01.152+0800][info] GC(223) Using 3 workers of 48 for evacuation
[2024-09-08T21:45:01.153+0800][info] GC(223)   Pre Evacuate Collection Set: 0.1ms
[2024-09-08T21:45:01.153+0800][info] GC(223)   Merge Heap Roots: 0.0ms
[2024-09-08T21:45:01.153+0800][info] GC(223)   Evacuate Collection Set: 0.2ms
[2024-09-08T21:45:01.153+0800][info] GC(223)   Post Evacuate Collection Set: 0.2ms
[2024-09-08T21:45:01.153+0800][info] GC(223)   Other: 0.3ms
[2024-09-08T21:45:01.153+0800][info] GC(223) Eden regions: 0->0(9)
[2024-09-08T21:45:01.153+0800][info] GC(223) Survivor regions: 0->0(2)
[2024-09-08T21:45:01.153+0800][info] GC(223) Old regions: 3->3
[2024-09-08T21:45:01.153+0800][info] GC(223) Archive regions: 2->2
[2024-09-08T21:45:01.153+0800][info] GC(223) Humongous regions: 6->0
[2024-09-08T21:45:01.153+0800][info] GC(223) Metaspace: 820K(1024K)->820K(1024K) NonClass: 769K(896K)->769K(896K) Class: 51K(128K)->51K(128K)
[2024-09-08T21:45:01.153+0800][info] GC(223) Pause Young (Concurrent Start) (G1 Humongous Allocation) 38M->14M(128M) 0.937ms
[2024-09-08T21:45:01.153+0800][info] GC(223) User=0.00s Sys=0.00s Real=0.00s
[2024-09-08T21:45:01.153+0800][info] GC(224) Concurrent Undo Cycle
[2024-09-08T21:45:01.153+0800][info] GC(224) Concurrent Cleanup for Next Mark
[2024-09-08T21:45:01.154+0800][info] GC(224) Concurrent Cleanup for Next Mark 0.540ms
[2024-09-08T21:45:01.154+0800][info] GC(224) Concurrent Undo Cycle 0.613ms
[2024-09-08T21:45:01.159+0800][info] GC(225) Pause Young (Concurrent Start) (G1 Humongous Allocation)
[2024-09-08T21:45:01.159+0800][info] GC(225) Using 3 workers of 48 for evacuation
[2024-09-08T21:45:01.159+0800][info] GC(225)   Pre Evacuate Collection Set: 0.0ms
[2024-09-08T21:45:01.160+0800][info] GC(225)   Merge Heap Roots: 0.0ms
[2024-09-08T21:45:01.160+0800][info] GC(225)   Evacuate Collection Set: 0.2ms
[2024-09-08T21:45:01.160+0800][info] GC(225)   Post Evacuate Collection Set: 0.1ms
[2024-09-08T21:45:01.160+0800][info] GC(225)   Other: 0.3ms
[2024-09-08T21:45:01.160+0800][info] GC(225) Eden regions: 0->0(9)
[2024-09-08T21:45:01.160+0800][info] GC(225) Survivor regions: 0->0(2)
[2024-09-08T21:45:01.160+0800][info] GC(225) Old regions: 3->3
[2024-09-08T21:45:01.160+0800][info] GC(225) Archive regions: 2->2
[2024-09-08T21:45:01.160+0800][info] GC(225) Humongous regions: 3->0
[2024-09-08T21:45:01.160+0800][info] GC(225) Metaspace: 820K(1024K)->820K(1024K) NonClass: 769K(896K)->769K(896K) Class: 51K(128K)->51K(128K)
[2024-09-08T21:45:01.160+0800][info] GC(225) Pause Young (Concurrent Start) (G1 Humongous Allocation) 26M->14M(128M) 0.785ms
[2024-09-08T21:45:01.160+0800][info] GC(225) User=0.00s Sys=0.00s Real=0.00s
[2024-09-08T21:45:01.160+0800][info] GC(226) Concurrent Mark Cycle
[2024-09-08T21:45:01.160+0800][info] GC(226) Concurrent Clear Claimed Marks
[2024-09-08T21:45:01.160+0800][info] GC(226) Concurrent Clear Claimed Marks 0.016ms
[2024-09-08T21:45:01.160+0800][info] GC(226) Concurrent Scan Root Regions
[2024-09-08T21:45:01.160+0800][info] GC(226) Concurrent Scan Root Regions 0.011ms
[2024-09-08T21:45:01.160+0800][info] GC(226) Concurrent Mark
[2024-09-08T21:45:01.160+0800][info] GC(226) Concurrent Mark From Roots
[2024-09-08T21:45:01.160+0800][info] GC(226) Using 12 workers of 12 for marking
[2024-09-08T21:45:01.162+0800][info] GC(226) Concurrent Mark From Roots 1.734ms
[2024-09-08T21:45:01.162+0800][info] GC(226) Concurrent Preclean
[2024-09-08T21:45:01.163+0800][info] GC(226) Concurrent Preclean 1.700ms
[2024-09-08T21:45:01.163+0800][info] GC(226) Pause Remark
[2024-09-08T21:45:01.165+0800][info] GC(226) Pause Remark 26M->24M(128M) 1.166ms
[2024-09-08T21:45:01.165+0800][info] GC(226) User=0.00s Sys=0.00s Real=0.00s
[2024-09-08T21:45:01.165+0800][info] GC(226) Concurrent Mark 4.806ms
[2024-09-08T21:45:01.165+0800][info] GC(226) Concurrent Rebuild Remembered Sets
[2024-09-08T21:45:01.166+0800][info] GC(226) Concurrent Rebuild Remembered Sets 1.124ms
[2024-09-08T21:45:01.166+0800][info] GC(226) Pause Cleanup
[2024-09-08T21:45:01.166+0800][info] GC(226) Pause Cleanup 24M->24M(128M) 0.152ms
[2024-09-08T21:45:01.166+0800][info] GC(226) User=0.00s Sys=0.00s Real=0.00s
[2024-09-08T21:45:01.166+0800][info] GC(226) Concurrent Cleanup for Next Mark
[2024-09-08T21:45:01.166+0800][info] GC(226) Concurrent Cleanup for Next Mark 0.236ms
[2024-09-08T21:45:01.166+0800][info] GC(226) Concurrent Mark Cycle 6.612ms
[2024-09-08T21:45:02.213+0800][info] GC(227) Pause Young (Prepare Mixed) (G1 Preventive Collection)
[2024-09-08T21:45:02.213+0800][info] GC(227) Using 3 workers of 48 for evacuation
[2024-09-08T21:45:02.214+0800][info] GC(227)   Pre Evacuate Collection Set: 0.0ms
[2024-09-08T21:45:02.214+0800][info] GC(227)   Merge Heap Roots: 0.0ms
[2024-09-08T21:45:02.214+0800][info] GC(227)   Evacuate Collection Set: 0.1ms
[2024-09-08T21:45:02.214+0800][info] GC(227)   Post Evacuate Collection Set: 0.2ms
[2024-09-08T21:45:02.214+0800][info] GC(227)   Other: 0.2ms
[2024-09-08T21:45:02.214+0800][info] GC(227) Eden regions: 1->0(1)
[2024-09-08T21:45:02.214+0800][info] GC(227) Survivor regions: 0->0(2)
[2024-09-08T21:45:02.214+0800][info] GC(227) Old regions: 2->2
[2024-09-08T21:45:02.214+0800][info] GC(227) Archive regions: 2->2
[2024-09-08T21:45:02.214+0800][info] GC(227) Humongous regions: 24->0
[2024-09-08T21:45:02.214+0800][info] GC(227) Metaspace: 820K(1024K)->820K(1024K) NonClass: 769K(896K)->769K(896K) Class: 51K(128K)->51K(128K)
[2024-09-08T21:45:02.214+0800][info] GC(227) Pause Young (Prepare Mixed) (G1 Preventive Collection) 108M->11M(128M) 0.702ms
[2024-09-08T21:45:02.214+0800][info] GC(227) User=0.00s Sys=0.00s Real=0.00s
[2024-09-08T21:45:02.268+0800][info] GC(228) Pause Young (Mixed) (G1 Preventive Collection)
[2024-09-08T21:45:02.268+0800][info] GC(228) Using 3 workers of 48 for evacuation
[2024-09-08T21:45:02.269+0800][info] GC(228)   Pre Evacuate Collection Set: 0.0ms
[2024-09-08T21:45:02.269+0800][info] GC(228)   Merge Heap Roots: 0.0ms
[2024-09-08T21:45:02.269+0800][info] GC(228)   Evacuate Collection Set: 0.1ms
[2024-09-08T21:45:02.269+0800][info] GC(228)   Post Evacuate Collection Set: 0.2ms
[2024-09-08T21:45:02.269+0800][info] GC(228)   Other: 0.1ms
[2024-09-08T21:45:02.269+0800][info] GC(228) Eden regions: 0->0(1)
[2024-09-08T21:45:02.269+0800][info] GC(228) Survivor regions: 0->0(1)
[2024-09-08T21:45:02.269+0800][info] GC(228) Old regions: 2->2
[2024-09-08T21:45:02.269+0800][info] GC(228) Archive regions: 2->2
[2024-09-08T21:45:02.269+0800][info] GC(228) Humongous regions: 24->0
[2024-09-08T21:45:02.269+0800][info] GC(228) Metaspace: 820K(1024K)->820K(1024K) NonClass: 769K(896K)->769K(896K) Class: 51K(128K)->51K(128K)
[2024-09-08T21:45:02.269+0800][info] GC(228) Pause Young (Mixed) (G1 Preventive Collection) 107M->7M(128M) 0.581ms
[2024-09-08T21:45:02.269+0800][info] GC(228) User=0.00s Sys=0.00s Real=0.00s
[2024-09-08T21:45:02.289+0800][info] GC(229) Pause Young (Concurrent Start) (G1 Humongous Allocation)
[2024-09-08T21:45:02.289+0800][info] GC(229) Using 3 workers of 48 for evacuation
[2024-09-08T21:45:02.290+0800][info] GC(229)   Pre Evacuate Collection Set: 0.0ms
[2024-09-08T21:45:02.290+0800][info] GC(229)   Merge Heap Roots: 0.0ms
[2024-09-08T21:45:02.290+0800][info] GC(229)   Evacuate Collection Set: 0.1ms
[2024-09-08T21:45:02.290+0800][info] GC(229)   Post Evacuate Collection Set: 0.1ms
[2024-09-08T21:45:02.290+0800][info] GC(229)   Other: 0.3ms
[2024-09-08T21:45:02.290+0800][info] GC(229) Eden regions: 0->0(1)
[2024-09-08T21:45:02.290+0800][info] GC(229) Survivor regions: 0->0(1)
[2024-09-08T21:45:02.290+0800][info] GC(229) Old regions: 2->2
[2024-09-08T21:45:02.290+0800][info] GC(229) Archive regions: 2->2
[2024-09-08T21:45:02.290+0800][info] GC(229) Humongous regions: 9->0
[2024-09-08T21:45:02.290+0800][info] GC(229) Metaspace: 820K(1024K)->820K(1024K) NonClass: 769K(896K)->769K(896K) Class: 51K(128K)->51K(128K)
[2024-09-08T21:45:02.290+0800][info] GC(229) Pause Young (Concurrent Start) (G1 Humongous Allocation) 43M->7M(128M) 0.721ms
[2024-09-08T21:45:02.290+0800][info] GC(229) User=0.00s Sys=0.00s Real=0.00s
[2024-09-08T21:45:02.290+0800][info] GC(230) Concurrent Undo Cycle
[2024-09-08T21:45:02.290+0800][info] GC(230) Concurrent Cleanup for Next Mark
[2024-09-08T21:45:02.290+0800][info] GC(230) Concurrent Cleanup for Next Mark 0.251ms
[2024-09-08T21:45:02.290+0800][info] GC(230) Concurrent Undo Cycle 0.289ms
[2024-09-08T21:45:02.309+0800][info] GC(231) Pause Young (Concurrent Start) (G1 Humongous Allocation)
[2024-09-08T21:45:02.309+0800][info] GC(231) Using 3 workers of 48 for evacuation
[2024-09-08T21:45:02.310+0800][info] GC(231)   Pre Evacuate Collection Set: 0.0ms
[2024-09-08T21:45:02.310+0800][info] GC(231)   Merge Heap Roots: 0.0ms
[2024-09-08T21:45:02.310+0800][info] GC(231)   Evacuate Collection Set: 0.1ms
[2024-09-08T21:45:02.310+0800][info] GC(231)   Post Evacuate Collection Set: 0.1ms
[2024-09-08T21:45:02.310+0800][info] GC(231)   Other: 0.4ms
[2024-09-08T21:45:02.310+0800][info] GC(231) Eden regions: 0->0(1)
[2024-09-08T21:45:02.310+0800][info] GC(231) Survivor regions: 0->0(1)
[2024-09-08T21:45:02.310+0800][info] GC(231) Old regions: 2->2
[2024-09-08T21:45:02.310+0800][info] GC(231) Archive regions: 2->2
[2024-09-08T21:45:02.310+0800][info] GC(231) Humongous regions: 9->0
[2024-09-08T21:45:02.310+0800][info] GC(231) Metaspace: 820K(1024K)->820K(1024K) NonClass: 769K(896K)->769K(896K) Class: 51K(128K)->51K(128K)
[2024-09-08T21:45:02.310+0800][info] GC(231) Pause Young (Concurrent Start) (G1 Humongous Allocation) 43M->7M(128M) 0.905ms
[2024-09-08T21:45:02.310+0800][info] GC(231) User=0.00s Sys=0.00s Real=0.00s
[2024-09-08T21:45:02.310+0800][info] GC(232) Concurrent Undo Cycle
[2024-09-08T21:45:02.310+0800][info] GC(232) Concurrent Cleanup for Next Mark
[2024-09-08T21:45:02.310+0800][info] GC(232) Concurrent Cleanup for Next Mark 0.169ms
[2024-09-08T21:45:02.310+0800][info] GC(232) Concurrent Undo Cycle 0.188ms
[2024-09-08T21:45:02.330+0800][info] GC(233) Pause Young (Concurrent Start) (G1 Humongous Allocation)
[2024-09-08T21:45:02.330+0800][info] GC(233) Using 3 workers of 48 for evacuation
[2024-09-08T21:45:02.330+0800][info] GC(233)   Pre Evacuate Collection Set: 0.0ms
[2024-09-08T21:45:02.330+0800][info] GC(233)   Merge Heap Roots: 0.0ms
[2024-09-08T21:45:02.330+0800][info] GC(233)   Evacuate Collection Set: 0.1ms
[2024-09-08T21:45:02.330+0800][info] GC(233)   Post Evacuate Collection Set: 0.1ms
[2024-09-08T21:45:02.330+0800][info] GC(233)   Other: 0.2ms
[2024-09-08T21:45:02.330+0800][info] GC(233) Eden regions: 0->0(1)
[2024-09-08T21:45:02.330+0800][info] GC(233) Survivor regions: 0->0(1)
[2024-09-08T21:45:02.330+0800][info] GC(233) Old regions: 2->2
[2024-09-08T21:45:02.330+0800][info] GC(233) Archive regions: 2->2
[2024-09-08T21:45:02.330+0800][info] GC(233) Humongous regions: 9->0
[2024-09-08T21:45:02.330+0800][info] GC(233) Metaspace: 820K(1024K)->820K(1024K) NonClass: 769K(896K)->769K(896K) Class: 51K(128K)->51K(128K)
[2024-09-08T21:45:02.330+0800][info] GC(233) Pause Young (Concurrent Start) (G1 Humongous Allocation) 43M->7M(128M) 0.668ms
[2024-09-08T21:45:02.330+0800][info] GC(233) User=0.00s Sys=0.00s Real=0.00s
[2024-09-08T21:45:02.330+0800][info] GC(234) Concurrent Undo Cycle
[2024-09-08T21:45:02.330+0800][info] GC(234) Concurrent Cleanup for Next Mark
[2024-09-08T21:45:02.330+0800][info] GC(234) Concurrent Cleanup for Next Mark 0.109ms
[2024-09-08T21:45:02.330+0800][info] GC(234) Concurrent Undo Cycle 0.129ms
[2024-09-08T21:45:02.349+0800][info] GC(235) Pause Young (Concurrent Start) (G1 Humongous Allocation)
[2024-09-08T21:45:02.350+0800][info] GC(235) Using 3 workers of 48 for evacuation
[2024-09-08T21:45:02.350+0800][info] GC(235)   Pre Evacuate Collection Set: 0.0ms
[2024-09-08T21:45:02.350+0800][info] GC(235)   Merge Heap Roots: 0.0ms
[2024-09-08T21:45:02.350+0800][info] GC(235)   Evacuate Collection Set: 0.1ms
[2024-09-08T21:45:02.350+0800][info] GC(235)   Post Evacuate Collection Set: 0.1ms
[2024-09-08T21:45:02.350+0800][info] GC(235)   Other: 0.3ms
[2024-09-08T21:45:02.350+0800][info] GC(235) Eden regions: 0->0(1)
[2024-09-08T21:45:02.350+0800][info] GC(235) Survivor regions: 0->0(1)
[2024-09-08T21:45:02.350+0800][info] GC(235) Old regions: 2->2
[2024-09-08T21:45:02.350+0800][info] GC(235) Archive regions: 2->2
[2024-09-08T21:45:02.350+0800][info] GC(235) Humongous regions: 9->0
[2024-09-08T21:45:02.350+0800][info] GC(235) Metaspace: 820K(1024K)->820K(1024K) NonClass: 769K(896K)->769K(896K) Class: 51K(128K)->51K(128K)
[2024-09-08T21:45:02.350+0800][info] GC(235) Pause Young (Concurrent Start) (G1 Humongous Allocation) 43M->7M(128M) 0.673ms
[2024-09-08T21:45:02.350+0800][info] GC(235) User=0.01s Sys=0.00s Real=0.00s
[2024-09-08T21:45:02.350+0800][info] GC(236) Concurrent Undo Cycle
[2024-09-08T21:45:02.350+0800][info] GC(236) Concurrent Cleanup for Next Mark
[2024-09-08T21:45:02.350+0800][info] GC(236) Concurrent Cleanup for Next Mark 0.106ms
[2024-09-08T21:45:02.350+0800][info] GC(236) Concurrent Undo Cycle 0.124ms
[2024-09-08T21:45:02.369+0800][info] GC(237) Pause Young (Concurrent Start) (G1 Humongous Allocation)
[2024-09-08T21:45:02.369+0800][info] GC(237) Using 3 workers of 48 for evacuation
[2024-09-08T21:45:02.370+0800][info] GC(237)   Pre Evacuate Collection Set: 0.0ms
[2024-09-08T21:45:02.370+0800][info] GC(237)   Merge Heap Roots: 0.0ms
[2024-09-08T21:45:02.370+0800][info] GC(237)   Evacuate Collection Set: 0.1ms
[2024-09-08T21:45:02.370+0800][info] GC(237)   Post Evacuate Collection Set: 0.1ms
[2024-09-08T21:45:02.370+0800][info] GC(237)   Other: 0.2ms
[2024-09-08T21:45:02.370+0800][info] GC(237) Eden regions: 0->0(1)
[2024-09-08T21:45:02.370+0800][info] GC(237) Survivor regions: 0->0(1)
[2024-09-08T21:45:02.370+0800][info] GC(237) Old regions: 2->2
[2024-09-08T21:45:02.370+0800][info] GC(237) Archive regions: 2->2
[2024-09-08T21:45:02.370+0800][info] GC(237) Humongous regions: 9->0
[2024-09-08T21:45:02.370+0800][info] GC(237) Metaspace: 820K(1024K)->820K(1024K) NonClass: 769K(896K)->769K(896K) Class: 51K(128K)->51K(128K)
[2024-09-08T21:45:02.370+0800][info] GC(237) Pause Young (Concurrent Start) (G1 Humongous Allocation) 43M->7M(128M) 0.638ms
[2024-09-08T21:45:02.370+0800][info] GC(237) User=0.00s Sys=0.00s Real=0.00s
[2024-09-08T21:45:02.370+0800][info] GC(238) Concurrent Undo Cycle
[2024-09-08T21:45:02.370+0800][info] GC(238) Concurrent Cleanup for Next Mark
[2024-09-08T21:45:02.370+0800][info] GC(238) Concurrent Cleanup for Next Mark 0.099ms
[2024-09-08T21:45:02.370+0800][info] GC(238) Concurrent Undo Cycle 0.116ms
[2024-09-08T21:45:02.387+0800][info] GC(239) Pause Young (Normal) (G1 Evacuation Pause)
[2024-09-08T21:45:02.387+0800][info] GC(239) Using 3 workers of 48 for evacuation
[2024-09-08T21:45:02.388+0800][info] GC(239)   Pre Evacuate Collection Set: 0.0ms
[2024-09-08T21:45:02.388+0800][info] GC(239)   Merge Heap Roots: 0.0ms
[2024-09-08T21:45:02.388+0800][info] GC(239)   Evacuate Collection Set: 0.5ms
[2024-09-08T21:45:02.388+0800][info] GC(239)   Post Evacuate Collection Set: 0.1ms
[2024-09-08T21:45:02.388+0800][info] GC(239)   Other: 0.1ms
[2024-09-08T21:45:02.388+0800][info] GC(239) Eden regions: 1->0(1)
[2024-09-08T21:45:02.388+0800][info] GC(239) Survivor regions: 0->1(1)
[2024-09-08T21:45:02.388+0800][info] GC(239) Old regions: 2->2
[2024-09-08T21:45:02.388+0800][info] GC(239) Archive regions: 2->2
[2024-09-08T21:45:02.388+0800][info] GC(239) Humongous regions: 3->0
[2024-09-08T21:45:02.388+0800][info] GC(239) Metaspace: 820K(1024K)->820K(1024K) NonClass: 769K(896K)->769K(896K) Class: 51K(128K)->51K(128K)
[2024-09-08T21:45:02.388+0800][info] GC(239) Pause Young (Normal) (G1 Evacuation Pause) 23M->11M(128M) 0.879ms
[2024-09-08T21:45:02.388+0800][info] GC(239) User=0.00s Sys=0.00s Real=0.00s
[2024-09-08T21:45:02.389+0800][info] GC(240) Pause Young (Normal) (G1 Evacuation Pause)
[2024-09-08T21:45:02.389+0800][info] GC(240) Using 3 workers of 48 for evacuation
[2024-09-08T21:45:02.390+0800][info] GC(240)   Pre Evacuate Collection Set: 0.0ms
[2024-09-08T21:45:02.390+0800][info] GC(240)   Merge Heap Roots: 0.0ms
[2024-09-08T21:45:02.390+0800][info] GC(240)   Evacuate Collection Set: 0.8ms
[2024-09-08T21:45:02.390+0800][info] GC(240)   Post Evacuate Collection Set: 0.1ms
[2024-09-08T21:45:02.390+0800][info] GC(240)   Other: 0.1ms
[2024-09-08T21:45:02.390+0800][info] GC(240) Eden regions: 1->0(1)
[2024-09-08T21:45:02.390+0800][info] GC(240) Survivor regions: 1->1(1)
[2024-09-08T21:45:02.390+0800][info] GC(240) Old regions: 2->2
[2024-09-08T21:45:02.390+0800][info] GC(240) Archive regions: 2->2
[2024-09-08T21:45:02.390+0800][info] GC(240) Humongous regions: 0->0
[2024-09-08T21:45:02.390+0800][info] GC(240) Metaspace: 820K(1024K)->820K(1024K) NonClass: 769K(896K)->769K(896K) Class: 51K(128K)->51K(128K)
[2024-09-08T21:45:02.390+0800][info] GC(240) Pause Young (Normal) (G1 Evacuation Pause) 15M->15M(128M) 1.132ms
[2024-09-08T21:45:02.390+0800][info] GC(240) User=0.01s Sys=0.00s Real=0.00s
[2024-09-08T21:45:02.391+0800][info] GC(241) Pause Young (Normal) (G1 Evacuation Pause)
[2024-09-08T21:45:02.391+0800][info] GC(241) Using 3 workers of 48 for evacuation
[2024-09-08T21:45:02.392+0800][info] GC(241)   Pre Evacuate Collection Set: 0.0ms
[2024-09-08T21:45:02.392+0800][info] GC(241)   Merge Heap Roots: 0.0ms
[2024-09-08T21:45:02.392+0800][info] GC(241)   Evacuate Collection Set: 0.7ms
[2024-09-08T21:45:02.392+0800][info] GC(241)   Post Evacuate Collection Set: 0.1ms
[2024-09-08T21:45:02.392+0800][info] GC(241)   Other: 0.1ms
[2024-09-08T21:45:02.392+0800][info] GC(241) Eden regions: 1->0(1)
[2024-09-08T21:45:02.392+0800][info] GC(241) Survivor regions: 1->1(1)
[2024-09-08T21:45:02.392+0800][info] GC(241) Old regions: 2->3
[2024-09-08T21:45:02.392+0800][info] GC(241) Archive regions: 2->2
[2024-09-08T21:45:02.392+0800][info] GC(241) Humongous regions: 0->0
[2024-09-08T21:45:02.392+0800][info] GC(241) Metaspace: 820K(1024K)->820K(1024K) NonClass: 769K(896K)->769K(896K) Class: 51K(128K)->51K(128K)
[2024-09-08T21:45:02.392+0800][info] GC(241) Pause Young (Normal) (G1 Evacuation Pause) 19M->19M(128M) 1.022ms
[2024-09-08T21:45:02.392+0800][info] GC(241) User=0.00s Sys=0.00s Real=0.00s
[2024-09-08T21:45:02.393+0800][info] GC(242) Pause Young (Normal) (G1 Evacuation Pause)
[2024-09-08T21:45:02.393+0800][info] GC(242) Using 3 workers of 48 for evacuation
[2024-09-08T21:45:02.394+0800][info] GC(242)   Pre Evacuate Collection Set: 0.0ms
[2024-09-08T21:45:02.394+0800][info] GC(242)   Merge Heap Roots: 0.0ms
[2024-09-08T21:45:02.394+0800][info] GC(242)   Evacuate Collection Set: 0.7ms
[2024-09-08T21:45:02.394+0800][info] GC(242)   Post Evacuate Collection Set: 0.1ms
[2024-09-08T21:45:02.394+0800][info] GC(242)   Other: 0.1ms
[2024-09-08T21:45:02.394+0800][info] GC(242) Eden regions: 1->0(1)
[2024-09-08T21:45:02.394+0800][info] GC(242) Survivor regions: 1->1(1)
[2024-09-08T21:45:02.394+0800][info] GC(242) Old regions: 3->4
[2024-09-08T21:45:02.394+0800][info] GC(242) Archive regions: 2->2
[2024-09-08T21:45:02.394+0800][info] GC(242) Humongous regions: 0->0
[2024-09-08T21:45:02.394+0800][info] GC(242) Metaspace: 820K(1024K)->820K(1024K) NonClass: 769K(896K)->769K(896K) Class: 51K(128K)->51K(128K)
[2024-09-08T21:45:02.394+0800][info] GC(242) Pause Young (Normal) (G1 Evacuation Pause) 23M->23M(128M) 1.034ms
[2024-09-08T21:45:02.394+0800][info] GC(242) User=0.00s Sys=0.00s Real=0.00s
[2024-09-08T21:45:02.394+0800][info] GC(243) Pause Young (Normal) (G1 Evacuation Pause)
[2024-09-08T21:45:02.394+0800][info] GC(243) Using 3 workers of 48 for evacuation
[2024-09-08T21:45:02.395+0800][info] GC(243)   Pre Evacuate Collection Set: 0.0ms
[2024-09-08T21:45:02.395+0800][info] GC(243)   Merge Heap Roots: 0.0ms
[2024-09-08T21:45:02.395+0800][info] GC(243)   Evacuate Collection Set: 0.6ms
[2024-09-08T21:45:02.395+0800][info] GC(243)   Post Evacuate Collection Set: 0.1ms
[2024-09-08T21:45:02.395+0800][info] GC(243)   Other: 0.1ms
[2024-09-08T21:45:02.395+0800][info] GC(243) Eden regions: 1->0(1)
[2024-09-08T21:45:02.395+0800][info] GC(243) Survivor regions: 1->1(1)
[2024-09-08T21:45:02.395+0800][info] GC(243) Old regions: 4->5
[2024-09-08T21:45:02.395+0800][info] GC(243) Archive regions: 2->2
[2024-09-08T21:45:02.395+0800][info] GC(243) Humongous regions: 0->0
[2024-09-08T21:45:02.395+0800][info] GC(243) Metaspace: 820K(1024K)->820K(1024K) NonClass: 769K(896K)->769K(896K) Class: 51K(128K)->51K(128K)
[2024-09-08T21:45:02.395+0800][info] GC(243) Pause Young (Normal) (G1 Evacuation Pause) 27M->27M(128M) 0.978ms
[2024-09-08T21:45:02.395+0800][info] GC(243) User=0.01s Sys=0.00s Real=0.00s
[2024-09-08T21:45:02.396+0800][info] GC(244) Pause Young (Normal) (G1 Evacuation Pause)
[2024-09-08T21:45:02.396+0800][info] GC(244) Using 3 workers of 48 for evacuation
[2024-09-08T21:45:02.397+0800][info] GC(244)   Pre Evacuate Collection Set: 0.0ms
[2024-09-08T21:45:02.397+0800][info] GC(244)   Merge Heap Roots: 0.0ms
[2024-09-08T21:45:02.397+0800][info] GC(244)   Evacuate Collection Set: 0.6ms
[2024-09-08T21:45:02.397+0800][info] GC(244)   Post Evacuate Collection Set: 0.1ms
[2024-09-08T21:45:02.397+0800][info] GC(244)   Other: 0.1ms
[2024-09-08T21:45:02.397+0800][info] GC(244) Eden regions: 1->0(2)
[2024-09-08T21:45:02.397+0800][info] GC(244) Survivor regions: 1->1(1)
[2024-09-08T21:45:02.397+0800][info] GC(244) Old regions: 5->6
[2024-09-08T21:45:02.397+0800][info] GC(244) Archive regions: 2->2
[2024-09-08T21:45:02.397+0800][info] GC(244) Humongous regions: 0->0
[2024-09-08T21:45:02.397+0800][info] GC(244) Metaspace: 820K(1024K)->820K(1024K) NonClass: 769K(896K)->769K(896K) Class: 51K(128K)->51K(128K)
[2024-09-08T21:45:02.397+0800][info] GC(244) Pause Young (Normal) (G1 Evacuation Pause) 31M->31M(128M) 0.989ms
[2024-09-08T21:45:02.397+0800][info] GC(244) User=0.00s Sys=0.00s Real=0.01s
[2024-09-08T21:45:02.399+0800][info] GC(245) Pause Young (Normal) (G1 Evacuation Pause)
[2024-09-08T21:45:02.399+0800][info] GC(245) Using 3 workers of 48 for evacuation
[2024-09-08T21:45:02.400+0800][info] GC(245)   Pre Evacuate Collection Set: 0.0ms
[2024-09-08T21:45:02.400+0800][info] GC(245)   Merge Heap Roots: 0.0ms
[2024-09-08T21:45:02.400+0800][info] GC(245)   Evacuate Collection Set: 1.3ms
[2024-09-08T21:45:02.400+0800][info] GC(245)   Post Evacuate Collection Set: 0.1ms
[2024-09-08T21:45:02.400+0800][info] GC(245)   Other: 0.1ms
[2024-09-08T21:45:02.400+0800][info] GC(245) Eden regions: 2->0(2)
[2024-09-08T21:45:02.400+0800][info] GC(245) Survivor regions: 1->1(1)
[2024-09-08T21:45:02.400+0800][info] GC(245) Old regions: 6->8
[2024-09-08T21:45:02.400+0800][info] GC(245) Archive regions: 2->2
[2024-09-08T21:45:02.400+0800][info] GC(245) Humongous regions: 0->0
[2024-09-08T21:45:02.400+0800][info] GC(245) Metaspace: 820K(1024K)->820K(1024K) NonClass: 769K(896K)->769K(896K) Class: 51K(128K)->51K(128K)
[2024-09-08T21:45:02.401+0800][info] GC(245) Pause Young (Normal) (G1 Evacuation Pause) 39M->39M(128M) 1.715ms
[2024-09-08T21:45:02.401+0800][info] GC(245) User=0.01s Sys=0.00s Real=0.00s
[2024-09-08T21:45:02.402+0800][info] GC(246) Pause Young (Normal) (G1 Evacuation Pause)
[2024-09-08T21:45:02.402+0800][info] GC(246) Using 3 workers of 48 for evacuation
[2024-09-08T21:45:02.404+0800][info] GC(246)   Pre Evacuate Collection Set: 0.0ms
[2024-09-08T21:45:02.404+0800][info] GC(246)   Merge Heap Roots: 0.1ms
[2024-09-08T21:45:02.404+0800][info] GC(246)   Evacuate Collection Set: 1.2ms
[2024-09-08T21:45:02.404+0800][info] GC(246)   Post Evacuate Collection Set: 0.1ms
[2024-09-08T21:45:02.404+0800][info] GC(246)   Other: 0.1ms
[2024-09-08T21:45:02.404+0800][info] GC(246) Eden regions: 2->0(2)
[2024-09-08T21:45:02.404+0800][info] GC(246) Survivor regions: 1->1(1)
[2024-09-08T21:45:02.404+0800][info] GC(246) Old regions: 8->11
[2024-09-08T21:45:02.404+0800][info] GC(246) Archive regions: 2->2
[2024-09-08T21:45:02.404+0800][info] GC(246) Humongous regions: 0->0
[2024-09-08T21:45:02.404+0800][info] GC(246) Metaspace: 820K(1024K)->820K(1024K) NonClass: 769K(896K)->769K(896K) Class: 51K(128K)->51K(128K)
[2024-09-08T21:45:02.404+0800][info] GC(246) Pause Young (Normal) (G1 Evacuation Pause) 47M->47M(128M) 1.700ms
[2024-09-08T21:45:02.404+0800][info] GC(246) User=0.00s Sys=0.00s Real=0.00s
[2024-09-08T21:45:02.406+0800][info] GC(247) Pause Young (Normal) (G1 Evacuation Pause)
[2024-09-08T21:45:02.406+0800][info] GC(247) Using 3 workers of 48 for evacuation
[2024-09-08T21:45:02.407+0800][info] GC(247)   Pre Evacuate Collection Set: 0.0ms
[2024-09-08T21:45:02.407+0800][info] GC(247)   Merge Heap Roots: 0.0ms
[2024-09-08T21:45:02.407+0800][info] GC(247)   Evacuate Collection Set: 1.2ms
[2024-09-08T21:45:02.407+0800][info] GC(247)   Post Evacuate Collection Set: 0.1ms
[2024-09-08T21:45:02.407+0800][info] GC(247)   Other: 0.1ms
[2024-09-08T21:45:02.407+0800][info] GC(247) Eden regions: 2->0(2)
[2024-09-08T21:45:02.407+0800][info] GC(247) Survivor regions: 1->1(1)
[2024-09-08T21:45:02.407+0800][info] GC(247) Old regions: 11->13
[2024-09-08T21:45:02.407+0800][info] GC(247) Archive regions: 2->2
[2024-09-08T21:45:02.407+0800][info] GC(247) Humongous regions: 0->0
[2024-09-08T21:45:02.407+0800][info] GC(247) Metaspace: 820K(1024K)->820K(1024K) NonClass: 769K(896K)->769K(896K) Class: 51K(128K)->51K(128K)
[2024-09-08T21:45:02.407+0800][info] GC(247) Pause Young (Normal) (G1 Evacuation Pause) 55M->55M(128M) 1.587ms
[2024-09-08T21:45:02.407+0800][info] GC(247) User=0.01s Sys=0.00s Real=0.00s
[2024-09-08T21:45:02.409+0800][info] GC(248) Pause Young (Normal) (G1 Evacuation Pause)
[2024-09-08T21:45:02.409+0800][info] GC(248) Using 3 workers of 48 for evacuation
[2024-09-08T21:45:02.410+0800][info] GC(248)   Pre Evacuate Collection Set: 0.0ms
[2024-09-08T21:45:02.410+0800][info] GC(248)   Merge Heap Roots: 0.0ms
[2024-09-08T21:45:02.410+0800][info] GC(248)   Evacuate Collection Set: 1.1ms
[2024-09-08T21:45:02.410+0800][info] GC(248)   Post Evacuate Collection Set: 0.1ms
[2024-09-08T21:45:02.411+0800][info] GC(248)   Other: 0.1ms
[2024-09-08T21:45:02.411+0800][info] GC(248) Eden regions: 2->0(2)
[2024-09-08T21:45:02.411+0800][info] GC(248) Survivor regions: 1->1(1)
[2024-09-08T21:45:02.411+0800][info] GC(248) Old regions: 13->15
[2024-09-08T21:45:02.411+0800][info] GC(248) Archive regions: 2->2
[2024-09-08T21:45:02.411+0800][info] GC(248) Humongous regions: 0->0
[2024-09-08T21:45:02.411+0800][info] GC(248) Metaspace: 820K(1024K)->820K(1024K) NonClass: 769K(896K)->769K(896K) Class: 51K(128K)->51K(128K)
[2024-09-08T21:45:02.411+0800][info] GC(248) Pause Young (Normal) (G1 Evacuation Pause) 63M->63M(128M) 1.608ms
[2024-09-08T21:45:02.411+0800][info] GC(248) User=0.00s Sys=0.00s Real=0.00s
[2024-09-08T21:45:02.412+0800][info] GC(249) Pause Young (Concurrent Start) (G1 Evacuation Pause)
[2024-09-08T21:45:02.412+0800][info] GC(249) Using 3 workers of 48 for evacuation
[2024-09-08T21:45:02.414+0800][info] GC(249)   Pre Evacuate Collection Set: 0.0ms
[2024-09-08T21:45:02.414+0800][info] GC(249)   Merge Heap Roots: 0.0ms
[2024-09-08T21:45:02.414+0800][info] GC(249)   Evacuate Collection Set: 1.3ms
[2024-09-08T21:45:02.414+0800][info] GC(249)   Post Evacuate Collection Set: 0.1ms
[2024-09-08T21:45:02.414+0800][info] GC(249)   Other: 0.3ms
[2024-09-08T21:45:02.414+0800][info] GC(249) Eden regions: 2->0(3)
[2024-09-08T21:45:02.414+0800][info] GC(249) Survivor regions: 1->1(1)
[2024-09-08T21:45:02.414+0800][info] GC(249) Old regions: 15->17
[2024-09-08T21:45:02.414+0800][info] GC(249) Archive regions: 2->2
[2024-09-08T21:45:02.414+0800][info] GC(249) Humongous regions: 0->0
[2024-09-08T21:45:02.414+0800][info] GC(249) Metaspace: 820K(1024K)->820K(1024K) NonClass: 769K(896K)->769K(896K) Class: 51K(128K)->51K(128K)
[2024-09-08T21:45:02.414+0800][info] GC(249) Pause Young (Concurrent Start) (G1 Evacuation Pause) 71M->71M(128M) 1.870ms
[2024-09-08T21:45:02.414+0800][info] GC(249) User=0.01s Sys=0.00s Real=0.00s
[2024-09-08T21:45:02.414+0800][info] GC(250) Concurrent Mark Cycle
[2024-09-08T21:45:02.414+0800][info] GC(250) Concurrent Clear Claimed Marks
[2024-09-08T21:45:02.414+0800][info] GC(250) Concurrent Clear Claimed Marks 0.008ms
[2024-09-08T21:45:02.414+0800][info] GC(250) Concurrent Scan Root Regions
[2024-09-08T21:45:02.415+0800][info] GC(250) Concurrent Scan Root Regions 0.273ms
[2024-09-08T21:45:02.415+0800][info] GC(250) Concurrent Mark
[2024-09-08T21:45:02.415+0800][info] GC(250) Concurrent Mark From Roots
[2024-09-08T21:45:02.415+0800][info] GC(250) Using 12 workers of 12 for marking
[2024-09-08T21:45:02.416+0800][info] GC(250) Concurrent Mark From Roots 1.813ms
[2024-09-08T21:45:02.416+0800][info] GC(250) Concurrent Preclean
[2024-09-08T21:45:02.417+0800][info] GC(250) Concurrent Preclean 0.676ms
[2024-09-08T21:45:02.417+0800][info] GC(250) Pause Remark
[2024-09-08T21:45:02.418+0800][info] GC(250) Pause Remark 72M->72M(128M) 0.978ms
[2024-09-08T21:45:02.418+0800][info] GC(250) User=0.00s Sys=0.00s Real=0.00s
[2024-09-08T21:45:02.418+0800][info] GC(250) Concurrent Mark 3.570ms
[2024-09-08T21:45:02.418+0800][info] GC(250) Concurrent Rebuild Remembered Sets
[2024-09-08T21:45:02.422+0800][info] GC(250) Concurrent Rebuild Remembered Sets 3.903ms
[2024-09-08T21:45:02.422+0800][info] GC(250) Pause Cleanup
[2024-09-08T21:45:02.422+0800][info] GC(250) Pause Cleanup 72M->72M(128M) 0.293ms
[2024-09-08T21:45:02.422+0800][info] GC(250) User=0.00s Sys=0.00s Real=0.00s
[2024-09-08T21:45:02.423+0800][info] GC(250) Concurrent Cleanup for Next Mark
[2024-09-08T21:45:02.423+0800][info] GC(250) Concurrent Cleanup for Next Mark 0.305ms
[2024-09-08T21:45:02.423+0800][info] GC(250) Concurrent Mark Cycle 8.514ms
[2024-09-08T21:45:03.416+0800][info] GC(251) Pause Young (Normal) (G1 Evacuation Pause)
[2024-09-08T21:45:03.416+0800][info] GC(251) Using 3 workers of 48 for evacuation
[2024-09-08T21:45:03.417+0800][info] GC(251)   Pre Evacuate Collection Set: 0.0ms
[2024-09-08T21:45:03.417+0800][info] GC(251)   Merge Heap Roots: 0.0ms
[2024-09-08T21:45:03.417+0800][info] GC(251)   Evacuate Collection Set: 0.8ms
[2024-09-08T21:45:03.417+0800][info] GC(251)   Post Evacuate Collection Set: 0.1ms
[2024-09-08T21:45:03.417+0800][info] GC(251)   Other: 0.2ms
[2024-09-08T21:45:03.417+0800][info] GC(251) Eden regions: 1->0(1)
[2024-09-08T21:45:03.417+0800][info] GC(251) Survivor regions: 1->1(1)
[2024-09-08T21:45:03.417+0800][info] GC(251) Old regions: 17->18
[2024-09-08T21:45:03.417+0800][info] GC(251) Archive regions: 2->2
[2024-09-08T21:45:03.417+0800][info] GC(251) Humongous regions: 0->0
[2024-09-08T21:45:03.417+0800][info] GC(251) Metaspace: 820K(1024K)->820K(1024K) NonClass: 769K(896K)->769K(896K) Class: 51K(128K)->51K(128K)
[2024-09-08T21:45:03.417+0800][info] GC(251) Pause Young (Normal) (G1 Evacuation Pause) 75M->75M(128M) 1.350ms
[2024-09-08T21:45:03.417+0800][info] GC(251) User=0.00s Sys=0.00s Real=0.01s
[2024-09-08T21:45:03.418+0800][info] GC(252) Pause Young (Concurrent Start) (G1 Evacuation Pause)
[2024-09-08T21:45:03.418+0800][info] GC(252) Using 3 workers of 48 for evacuation
[2024-09-08T21:45:03.419+0800][info] GC(252)   Pre Evacuate Collection Set: 0.0ms
[2024-09-08T21:45:03.419+0800][info] GC(252)   Merge Heap Roots: 0.0ms
[2024-09-08T21:45:03.419+0800][info] GC(252)   Evacuate Collection Set: 0.8ms
[2024-09-08T21:45:03.419+0800][info] GC(252)   Post Evacuate Collection Set: 0.1ms
[2024-09-08T21:45:03.419+0800][info] GC(252)   Other: 0.2ms
[2024-09-08T21:45:03.419+0800][info] GC(252) Eden regions: 1->0(2)
[2024-09-08T21:45:03.419+0800][info] GC(252) Survivor regions: 1->1(1)
[2024-09-08T21:45:03.419+0800][info] GC(252) Old regions: 18->19
[2024-09-08T21:45:03.419+0800][info] GC(252) Archive regions: 2->2
[2024-09-08T21:45:03.419+0800][info] GC(252) Humongous regions: 0->0
[2024-09-08T21:45:03.419+0800][info] GC(252) Metaspace: 820K(1024K)->820K(1024K) NonClass: 769K(896K)->769K(896K) Class: 51K(128K)->51K(128K)
[2024-09-08T21:45:03.419+0800][info] GC(252) Pause Young (Concurrent Start) (G1 Evacuation Pause) 79M->79M(128M) 1.269ms
[2024-09-08T21:45:03.419+0800][info] GC(252) User=0.00s Sys=0.00s Real=0.00s
[2024-09-08T21:45:03.419+0800][info] GC(253) Concurrent Mark Cycle
[2024-09-08T21:45:03.419+0800][info] GC(253) Concurrent Clear Claimed Marks
[2024-09-08T21:45:03.419+0800][info] GC(253) Concurrent Clear Claimed Marks 0.008ms
[2024-09-08T21:45:03.419+0800][info] GC(253) Concurrent Scan Root Regions
[2024-09-08T21:45:03.419+0800][info] GC(253) Concurrent Scan Root Regions 0.034ms
[2024-09-08T21:45:03.419+0800][info] GC(253) Concurrent Mark
[2024-09-08T21:45:03.419+0800][info] GC(253) Concurrent Mark From Roots
[2024-09-08T21:45:03.419+0800][info] GC(253) Using 12 workers of 12 for marking
[2024-09-08T21:45:03.422+0800][info] GC(253) Concurrent Mark From Roots 2.755ms
[2024-09-08T21:45:03.422+0800][info] GC(253) Concurrent Preclean
[2024-09-08T21:45:03.423+0800][info] GC(253) Concurrent Preclean 0.667ms
[2024-09-08T21:45:03.423+0800][info] GC(253) Pause Remark
[2024-09-08T21:45:03.424+0800][info] GC(253) Pause Remark 80M->80M(128M) 1.220ms
[2024-09-08T21:45:03.424+0800][info] GC(253) User=0.00s Sys=0.00s Real=0.00s
[2024-09-08T21:45:03.424+0800][info] GC(253) Concurrent Mark 4.744ms
[2024-09-08T21:45:03.424+0800][info] GC(253) Concurrent Rebuild Remembered Sets
[2024-09-08T21:45:03.428+0800][info] GC(253) Concurrent Rebuild Remembered Sets 3.987ms
[2024-09-08T21:45:03.428+0800][info] GC(253) Pause Cleanup
[2024-09-08T21:45:03.428+0800][info] GC(253) Pause Cleanup 80M->80M(128M) 0.448ms
[2024-09-08T21:45:03.428+0800][info] GC(253) User=0.00s Sys=0.00s Real=0.00s
[2024-09-08T21:45:03.428+0800][info] GC(253) Concurrent Cleanup for Next Mark
[2024-09-08T21:45:03.429+0800][info] GC(253) Concurrent Cleanup for Next Mark 0.242ms
[2024-09-08T21:45:03.429+0800][info] GC(253) Concurrent Mark Cycle 9.622ms
[2024-09-08T21:45:04.421+0800][info] GC(254) Pause Young (Normal) (G1 Evacuation Pause)
[2024-09-08T21:45:04.421+0800][info] GC(254) Using 3 workers of 48 for evacuation
[2024-09-08T21:45:04.423+0800][info] GC(254)   Pre Evacuate Collection Set: 0.0ms
[2024-09-08T21:45:04.423+0800][info] GC(254)   Merge Heap Roots: 0.0ms
[2024-09-08T21:45:04.423+0800][info] GC(254)   Evacuate Collection Set: 1.2ms
[2024-09-08T21:45:04.423+0800][info] GC(254)   Post Evacuate Collection Set: 0.1ms
[2024-09-08T21:45:04.423+0800][info] GC(254)   Other: 0.1ms
[2024-09-08T21:45:04.423+0800][info] GC(254) Eden regions: 2->0(1)
[2024-09-08T21:45:04.423+0800][info] GC(254) Survivor regions: 1->1(1)
[2024-09-08T21:45:04.423+0800][info] GC(254) Old regions: 19->20
[2024-09-08T21:45:04.423+0800][info] GC(254) Archive regions: 2->2
[2024-09-08T21:45:04.423+0800][info] GC(254) Humongous regions: 0->0
[2024-09-08T21:45:04.423+0800][info] GC(254) Metaspace: 820K(1024K)->820K(1024K) NonClass: 769K(896K)->769K(896K) Class: 51K(128K)->51K(128K)
[2024-09-08T21:45:04.423+0800][info] GC(254) Pause Young (Normal) (G1 Evacuation Pause) 87M->87M(128M) 1.698ms
[2024-09-08T21:45:04.423+0800][info] GC(254) User=0.00s Sys=0.00s Real=0.00s
[2024-09-08T21:45:04.424+0800][info] GC(255) Pause Young (Concurrent Start) (G1 Evacuation Pause)
[2024-09-08T21:45:04.424+0800][info] GC(255) Using 3 workers of 48 for evacuation
[2024-09-08T21:45:04.425+0800][info] GC(255)   Pre Evacuate Collection Set: 0.0ms
[2024-09-08T21:45:04.425+0800][info] GC(255)   Merge Heap Roots: 0.0ms
[2024-09-08T21:45:04.425+0800][info] GC(255)   Evacuate Collection Set: 0.7ms
[2024-09-08T21:45:04.425+0800][info] GC(255)   Post Evacuate Collection Set: 0.1ms
[2024-09-08T21:45:04.425+0800][info] GC(255)   Other: 0.2ms
[2024-09-08T21:45:04.425+0800][info] GC(255) Eden regions: 1->0(1)
[2024-09-08T21:45:04.425+0800][info] GC(255) Survivor regions: 1->1(1)
[2024-09-08T21:45:04.425+0800][info] GC(255) Old regions: 20->21
[2024-09-08T21:45:04.425+0800][info] GC(255) Archive regions: 2->2
[2024-09-08T21:45:04.425+0800][info] GC(255) Humongous regions: 0->0
[2024-09-08T21:45:04.425+0800][info] GC(255) Metaspace: 820K(1024K)->820K(1024K) NonClass: 769K(896K)->769K(896K) Class: 51K(128K)->51K(128K)
[2024-09-08T21:45:04.425+0800][info] GC(255) Pause Young (Concurrent Start) (G1 Evacuation Pause) 91M->91M(128M) 1.240ms
[2024-09-08T21:45:04.425+0800][info] GC(255) User=0.00s Sys=0.00s Real=0.01s
[2024-09-08T21:45:04.425+0800][info] GC(256) Concurrent Mark Cycle
[2024-09-08T21:45:04.425+0800][info] GC(256) Concurrent Clear Claimed Marks
[2024-09-08T21:45:04.425+0800][info] GC(256) Concurrent Clear Claimed Marks 0.008ms
[2024-09-08T21:45:04.425+0800][info] GC(256) Concurrent Scan Root Regions
[2024-09-08T21:45:04.425+0800][info] GC(256) Concurrent Scan Root Regions 0.343ms
[2024-09-08T21:45:04.425+0800][info] GC(256) Concurrent Mark
[2024-09-08T21:45:04.425+0800][info] GC(256) Concurrent Mark From Roots
[2024-09-08T21:45:04.425+0800][info] GC(256) Using 12 workers of 12 for marking
[2024-09-08T21:45:04.427+0800][info] GC(256) Concurrent Mark From Roots 1.778ms
[2024-09-08T21:45:04.427+0800][info] GC(256) Concurrent Preclean
[2024-09-08T21:45:04.428+0800][info] GC(256) Concurrent Preclean 0.668ms
[2024-09-08T21:45:04.428+0800][info] GC(256) Pause Remark
[2024-09-08T21:45:04.429+0800][info] GC(256) Pause Remark 91M->91M(128M) 0.883ms
[2024-09-08T21:45:04.429+0800][info] GC(256) User=0.00s Sys=0.00s Real=0.00s
[2024-09-08T21:45:04.429+0800][info] GC(256) Concurrent Mark 3.424ms
[2024-09-08T21:45:04.429+0800][info] GC(256) Concurrent Rebuild Remembered Sets
[2024-09-08T21:45:04.429+0800][info] GC(256) Concurrent Rebuild Remembered Sets 0.016ms
[2024-09-08T21:45:04.429+0800][info] GC(256) Pause Cleanup
[2024-09-08T21:45:04.429+0800][info] GC(256) Pause Cleanup 91M->91M(128M) 0.020ms
[2024-09-08T21:45:04.429+0800][info] GC(256) User=0.00s Sys=0.00s Real=0.00s
[2024-09-08T21:45:04.429+0800][info] GC(256) Concurrent Cleanup for Next Mark
[2024-09-08T21:45:04.429+0800][info] GC(256) Concurrent Cleanup for Next Mark 0.254ms
[2024-09-08T21:45:04.429+0800][info] GC(256) Concurrent Mark Cycle 4.193ms
[2024-09-08T21:45:05.426+0800][info] GC(257) Pause Young (Normal) (G1 Evacuation Pause)
[2024-09-08T21:45:05.426+0800][info] GC(257) Using 3 workers of 48 for evacuation
[2024-09-08T21:45:05.427+0800][info] GC(257)   Pre Evacuate Collection Set: 0.0ms
[2024-09-08T21:45:05.427+0800][info] GC(257)   Merge Heap Roots: 0.0ms
[2024-09-08T21:45:05.427+0800][info] GC(257)   Evacuate Collection Set: 0.8ms
[2024-09-08T21:45:05.427+0800][info] GC(257)   Post Evacuate Collection Set: 0.1ms
[2024-09-08T21:45:05.427+0800][info] GC(257)   Other: 0.1ms
[2024-09-08T21:45:05.427+0800][info] GC(257) Eden regions: 1->0(1)
[2024-09-08T21:45:05.427+0800][info] GC(257) Survivor regions: 1->1(1)
[2024-09-08T21:45:05.427+0800][info] GC(257) Old regions: 21->22
[2024-09-08T21:45:05.427+0800][info] GC(257) Archive regions: 2->2
[2024-09-08T21:45:05.427+0800][info] GC(257) Humongous regions: 0->0
[2024-09-08T21:45:05.427+0800][info] GC(257) Metaspace: 820K(1024K)->820K(1024K) NonClass: 769K(896K)->769K(896K) Class: 51K(128K)->51K(128K)
[2024-09-08T21:45:05.427+0800][info] GC(257) Pause Young (Normal) (G1 Evacuation Pause) 95M->95M(128M) 1.232ms
[2024-09-08T21:45:05.427+0800][info] GC(257) User=0.00s Sys=0.00s Real=0.00s
[2024-09-08T21:45:05.428+0800][info] GC(258) Pause Young (Concurrent Start) (G1 Evacuation Pause)
[2024-09-08T21:45:05.428+0800][info] GC(258) Using 3 workers of 48 for evacuation
[2024-09-08T21:45:05.429+0800][info] GC(258)   Pre Evacuate Collection Set: 0.0ms
[2024-09-08T21:45:05.429+0800][info] GC(258)   Merge Heap Roots: 0.0ms
[2024-09-08T21:45:05.429+0800][info] GC(258)   Evacuate Collection Set: 0.7ms
[2024-09-08T21:45:05.429+0800][info] GC(258)   Post Evacuate Collection Set: 0.1ms
[2024-09-08T21:45:05.429+0800][info] GC(258)   Other: 0.2ms
[2024-09-08T21:45:05.429+0800][info] GC(258) Eden regions: 1->0(1)
[2024-09-08T21:45:05.429+0800][info] GC(258) Survivor regions: 1->1(1)
[2024-09-08T21:45:05.429+0800][info] GC(258) Old regions: 22->23
[2024-09-08T21:45:05.429+0800][info] GC(258) Archive regions: 2->2
[2024-09-08T21:45:05.429+0800][info] GC(258) Humongous regions: 0->0
[2024-09-08T21:45:05.429+0800][info] GC(258) Metaspace: 820K(1024K)->820K(1024K) NonClass: 769K(896K)->769K(896K) Class: 51K(128K)->51K(128K)
[2024-09-08T21:45:05.429+0800][info] GC(258) Pause Young (Concurrent Start) (G1 Evacuation Pause) 99M->99M(128M) 1.244ms
[2024-09-08T21:45:05.429+0800][info] GC(258) User=0.01s Sys=0.00s Real=0.00s
[2024-09-08T21:45:05.430+0800][info] GC(259) Concurrent Mark Cycle
[2024-09-08T21:45:05.430+0800][info] GC(259) Concurrent Clear Claimed Marks
[2024-09-08T21:45:05.430+0800][info] GC(259) Concurrent Clear Claimed Marks 0.008ms
[2024-09-08T21:45:05.430+0800][info] GC(259) Concurrent Scan Root Regions
[2024-09-08T21:45:05.430+0800][info] GC(259) Concurrent Scan Root Regions 0.034ms
[2024-09-08T21:45:05.430+0800][info] GC(259) Concurrent Mark
[2024-09-08T21:45:05.430+0800][info] GC(259) Concurrent Mark From Roots
[2024-09-08T21:45:05.430+0800][info] GC(259) Using 12 workers of 12 for marking
[2024-09-08T21:45:05.431+0800][info] GC(259) Concurrent Mark From Roots 1.807ms
[2024-09-08T21:45:05.431+0800][info] GC(259) Concurrent Preclean
[2024-09-08T21:45:05.432+0800][info] GC(259) Concurrent Preclean 0.666ms
[2024-09-08T21:45:05.432+0800][info] GC(259) Pause Remark
[2024-09-08T21:45:05.433+0800][info] GC(259) Pause Remark 99M->99M(128M) 0.929ms
[2024-09-08T21:45:05.433+0800][info] GC(259) User=0.01s Sys=0.00s Real=0.00s
[2024-09-08T21:45:05.433+0800][info] GC(259) Concurrent Mark 3.509ms
[2024-09-08T21:45:05.433+0800][info] GC(259) Concurrent Rebuild Remembered Sets
[2024-09-08T21:45:05.433+0800][info] GC(259) Concurrent Rebuild Remembered Sets 0.006ms
[2024-09-08T21:45:05.433+0800][info] GC(259) Pause Cleanup
[2024-09-08T21:45:05.433+0800][info] GC(259) Pause Cleanup 99M->99M(128M) 0.018ms
[2024-09-08T21:45:05.433+0800][info] GC(259) User=0.00s Sys=0.00s Real=0.00s
[2024-09-08T21:45:05.433+0800][info] GC(259) Concurrent Cleanup for Next Mark
[2024-09-08T21:45:05.433+0800][info] GC(259) Concurrent Cleanup for Next Mark 0.235ms
[2024-09-08T21:45:05.433+0800][info] GC(259) Concurrent Mark Cycle 3.932ms
[2024-09-08T21:45:06.431+0800][info] GC(260) Pause Young (Normal) (G1 Evacuation Pause)
[2024-09-08T21:45:06.431+0800][info] GC(260) Using 3 workers of 48 for evacuation
[2024-09-08T21:45:06.432+0800][info] GC(260)   Pre Evacuate Collection Set: 0.0ms
[2024-09-08T21:45:06.432+0800][info] GC(260)   Merge Heap Roots: 0.0ms
[2024-09-08T21:45:06.432+0800][info] GC(260)   Evacuate Collection Set: 0.7ms
[2024-09-08T21:45:06.432+0800][info] GC(260)   Post Evacuate Collection Set: 0.1ms
[2024-09-08T21:45:06.432+0800][info] GC(260)   Other: 0.1ms
[2024-09-08T21:45:06.432+0800][info] GC(260) Eden regions: 1->0(1)
[2024-09-08T21:45:06.432+0800][info] GC(260) Survivor regions: 1->1(1)
[2024-09-08T21:45:06.432+0800][info] GC(260) Old regions: 23->24
[2024-09-08T21:45:06.432+0800][info] GC(260) Archive regions: 2->2
[2024-09-08T21:45:06.432+0800][info] GC(260) Humongous regions: 0->0
[2024-09-08T21:45:06.432+0800][info] GC(260) Metaspace: 820K(1024K)->820K(1024K) NonClass: 769K(896K)->769K(896K) Class: 51K(128K)->51K(128K)
[2024-09-08T21:45:06.432+0800][info] GC(260) Pause Young (Normal) (G1 Evacuation Pause) 103M->103M(128M) 1.183ms
[2024-09-08T21:45:06.432+0800][info] GC(260) User=0.00s Sys=0.00s Real=0.00s
[2024-09-08T21:45:06.433+0800][info] GC(261) Pause Young (Concurrent Start) (G1 Preventive Collection)
[2024-09-08T21:45:06.433+0800][info] GC(261) Using 3 workers of 48 for evacuation
[2024-09-08T21:45:06.434+0800][info] GC(261)   Pre Evacuate Collection Set: 0.0ms
[2024-09-08T21:45:06.434+0800][info] GC(261)   Merge Heap Roots: 0.0ms
[2024-09-08T21:45:06.434+0800][info] GC(261)   Evacuate Collection Set: 0.7ms
[2024-09-08T21:45:06.434+0800][info] GC(261)   Post Evacuate Collection Set: 0.1ms
[2024-09-08T21:45:06.434+0800][info] GC(261)   Other: 0.2ms
[2024-09-08T21:45:06.434+0800][info] GC(261) Eden regions: 1->0(1)
[2024-09-08T21:45:06.434+0800][info] GC(261) Survivor regions: 1->1(1)
[2024-09-08T21:45:06.434+0800][info] GC(261) Old regions: 24->25
[2024-09-08T21:45:06.434+0800][info] GC(261) Archive regions: 2->2
[2024-09-08T21:45:06.434+0800][info] GC(261) Humongous regions: 0->0
[2024-09-08T21:45:06.434+0800][info] GC(261) Metaspace: 820K(1024K)->820K(1024K) NonClass: 769K(896K)->769K(896K) Class: 51K(128K)->51K(128K)
[2024-09-08T21:45:06.434+0800][info] GC(261) Pause Young (Concurrent Start) (G1 Preventive Collection) 107M->107M(128M) 1.260ms
[2024-09-08T21:45:06.434+0800][info] GC(261) User=0.00s Sys=0.00s Real=0.00s
[2024-09-08T21:45:06.434+0800][info] GC(262) Concurrent Mark Cycle
[2024-09-08T21:45:06.434+0800][info] GC(262) Concurrent Clear Claimed Marks
[2024-09-08T21:45:06.434+0800][info] GC(262) Concurrent Clear Claimed Marks 0.017ms
[2024-09-08T21:45:06.434+0800][info] GC(262) Concurrent Scan Root Regions
[2024-09-08T21:45:06.434+0800][info] GC(262) Concurrent Scan Root Regions 0.047ms
[2024-09-08T21:45:06.434+0800][info] GC(262) Concurrent Mark
[2024-09-08T21:45:06.434+0800][info] GC(262) Concurrent Mark From Roots
[2024-09-08T21:45:06.434+0800][info] GC(262) Using 12 workers of 12 for marking
[2024-09-08T21:45:06.436+0800][info] GC(262) Concurrent Mark From Roots 1.746ms
[2024-09-08T21:45:06.436+0800][info] GC(262) Concurrent Preclean
[2024-09-08T21:45:06.438+0800][info] GC(262) Concurrent Preclean 1.690ms
[2024-09-08T21:45:06.438+0800][info] GC(262) Pause Remark
[2024-09-08T21:45:06.439+0800][info] GC(262) Pause Remark 107M->107M(128M) 1.008ms
[2024-09-08T21:45:06.439+0800][info] GC(262) User=0.00s Sys=0.00s Real=0.00s
[2024-09-08T21:45:06.439+0800][info] GC(262) Concurrent Mark 4.581ms
[2024-09-08T21:45:06.439+0800][info] GC(262) Concurrent Rebuild Remembered Sets
[2024-09-08T21:45:06.439+0800][info] GC(262) Concurrent Rebuild Remembered Sets 0.012ms
[2024-09-08T21:45:06.439+0800][info] GC(262) Pause Cleanup
[2024-09-08T21:45:06.439+0800][info] GC(262) Pause Cleanup 107M->107M(128M) 0.018ms
[2024-09-08T21:45:06.439+0800][info] GC(262) User=0.00s Sys=0.00s Real=0.00s
[2024-09-08T21:45:06.439+0800][info] GC(262) Concurrent Cleanup for Next Mark
[2024-09-08T21:45:06.439+0800][info] GC(262) Concurrent Cleanup for Next Mark 0.267ms
[2024-09-08T21:45:06.439+0800][info] GC(262) Concurrent Mark Cycle 5.142ms
[2024-09-08T21:45:07.445+0800][info] GC(263) Pause Young (Concurrent Start) (WhiteBox Initiated Concurrent Mark)
[2024-09-08T21:45:07.445+0800][info] GC(263) Using 3 workers of 48 for evacuation
[2024-09-08T21:45:07.446+0800][info] GC(263)   Pre Evacuate Collection Set: 0.0ms
[2024-09-08T21:45:07.446+0800][info] GC(263)   Merge Heap Roots: 0.0ms
[2024-09-08T21:45:07.446+0800][info] GC(263)   Evacuate Collection Set: 0.6ms
[2024-09-08T21:45:07.446+0800][info] GC(263)   Post Evacuate Collection Set: 0.1ms
[2024-09-08T21:45:07.446+0800][info] GC(263)   Other: 0.2ms
[2024-09-08T21:45:07.446+0800][info] GC(263) Eden regions: 1->0(1)
[2024-09-08T21:45:07.446+0800][info] GC(263) Survivor regions: 1->1(1)
[2024-09-08T21:45:07.446+0800][info] GC(263) Old regions: 25->26
[2024-09-08T21:45:07.446+0800][info] GC(263) Archive regions: 2->2
[2024-09-08T21:45:07.446+0800][info] GC(263) Humongous regions: 0->0
[2024-09-08T21:45:07.446+0800][info] GC(263) Metaspace: 823K(1024K)->823K(1024K) NonClass: 772K(896K)->772K(896K) Class: 51K(128K)->51K(128K)
[2024-09-08T21:45:07.446+0800][info] GC(263) Pause Young (Concurrent Start) (WhiteBox Initiated Concurrent Mark) 108M->108M(128M) 0.999ms
[2024-09-08T21:45:07.446+0800][info] GC(263) User=0.01s Sys=0.00s Real=0.00s
[2024-09-08T21:45:07.446+0800][info] GC(264) Concurrent Mark Cycle
[2024-09-08T21:45:07.446+0800][info] GC(264) Concurrent Clear Claimed Marks
[2024-09-08T21:45:07.446+0800][info] GC(264) Concurrent Clear Claimed Marks 0.016ms
[2024-09-08T21:45:07.446+0800][info] GC(264) Concurrent Scan Root Regions
[2024-09-08T21:45:07.446+0800][info] GC(264) Concurrent Scan Root Regions 0.053ms
[2024-09-08T21:45:07.446+0800][info] GC(264) Concurrent Mark
[2024-09-08T21:45:07.446+0800][info] GC(264) Concurrent Mark From Roots
[2024-09-08T21:45:07.446+0800][info] GC(264) Using 12 workers of 12 for marking
[2024-09-08T21:45:07.448+0800][info] GC(264) Concurrent Mark From Roots 1.808ms
[2024-09-08T21:45:07.448+0800][info] GC(264) Concurrent Preclean
[2024-09-08T21:45:07.450+0800][info] GC(264) Concurrent Preclean 1.703ms
[2024-09-08T21:45:07.450+0800][info] GC(264) Pause Remark
[2024-09-08T21:45:07.451+0800][info] GC(264) Pause Remark 108M->16M(128M) 0.941ms
[2024-09-08T21:45:07.451+0800][info] GC(264) User=0.00s Sys=0.00s Real=0.00s
[2024-09-08T21:45:07.451+0800][info] GC(264) Concurrent Mark 4.563ms
[2024-09-08T21:45:07.451+0800][info] GC(264) Concurrent Rebuild Remembered Sets
[2024-09-08T21:45:07.452+0800][info] GC(264) Concurrent Rebuild Remembered Sets 0.831ms
[2024-09-08T21:45:07.452+0800][info] GC(264) Pause Cleanup
[2024-09-08T21:45:07.452+0800][info] GC(264) Pause Cleanup 16M->16M(128M) 0.057ms
[2024-09-08T21:45:07.452+0800][info] GC(264) User=0.00s Sys=0.00s Real=0.00s
[2024-09-08T21:45:07.452+0800][info] GC(264) Concurrent Cleanup for Next Mark
[2024-09-08T21:45:07.452+0800][info] GC(264) Concurrent Cleanup for Next Mark 0.233ms
[2024-09-08T21:45:07.452+0800][info] GC(264) Concurrent Mark Cycle 5.938ms
[2024-09-08T21:45:08.449+0800][info] GC(265) Pause Young (Concurrent Start) (WhiteBox Initiated Concurrent Mark)
[2024-09-08T21:45:08.449+0800][info] GC(265) Using 3 workers of 48 for evacuation
[2024-09-08T21:45:08.450+0800][info] GC(265)   Pre Evacuate Collection Set: 0.0ms
[2024-09-08T21:45:08.450+0800][info] GC(265)   Merge Heap Roots: 0.0ms
[2024-09-08T21:45:08.450+0800][info] GC(265)   Evacuate Collection Set: 0.2ms
[2024-09-08T21:45:08.450+0800][info] GC(265)   Post Evacuate Collection Set: 0.3ms
[2024-09-08T21:45:08.450+0800][info] GC(265)   Other: 0.2ms
[2024-09-08T21:45:08.450+0800][info] GC(265) Eden regions: 1->0(9)
[2024-09-08T21:45:08.450+0800][info] GC(265) Survivor regions: 1->1(1)
[2024-09-08T21:45:08.450+0800][info] GC(265) Old regions: 3->3
[2024-09-08T21:45:08.450+0800][info] GC(265) Archive regions: 2->2
[2024-09-08T21:45:08.450+0800][info] GC(265) Humongous regions: 0->0
[2024-09-08T21:45:08.450+0800][info] GC(265) Metaspace: 850K(1024K)->850K(1024K) NonClass: 796K(896K)->796K(896K) Class: 53K(128K)->53K(128K)
[2024-09-08T21:45:08.450+0800][info] GC(265) Pause Young (Concurrent Start) (WhiteBox Initiated Concurrent Mark) 17M->15M(128M) 0.818ms
[2024-09-08T21:45:08.450+0800][info] GC(265) User=0.00s Sys=0.00s Real=0.00s
[2024-09-08T21:45:08.450+0800][info] GC(266) Concurrent Mark Cycle
[2024-09-08T21:45:08.450+0800][info] GC(266) Concurrent Clear Claimed Marks
[2024-09-08T21:45:08.450+0800][info] GC(266) Concurrent Clear Claimed Marks 0.017ms
[2024-09-08T21:45:08.450+0800][info] GC(266) Concurrent Scan Root Regions
[2024-09-08T21:45:08.450+0800][info] GC(266) Concurrent Scan Root Regions 0.073ms
[2024-09-08T21:45:08.450+0800][info] GC(266) Concurrent Mark
[2024-09-08T21:45:08.450+0800][info] GC(266) Concurrent Mark From Roots
[2024-09-08T21:45:08.450+0800][info] GC(266) Using 12 workers of 12 for marking
[2024-09-08T21:45:08.452+0800][info] GC(266) Concurrent Mark From Roots 1.672ms
[2024-09-08T21:45:08.452+0800][info] GC(266) Concurrent Preclean
[2024-09-08T21:45:08.453+0800][info] GC(266) Concurrent Preclean 1.681ms
[2024-09-08T21:45:08.453+0800][info] GC(266) Pause Remark
[2024-09-08T21:45:08.454+0800][info] GC(266) Pause Remark 16M->8M(128M) 0.823ms
[2024-09-08T21:45:08.454+0800][info] GC(266) User=0.00s Sys=0.00s Real=0.00s
[2024-09-08T21:45:08.454+0800][info] GC(266) Concurrent Mark 4.271ms
[2024-09-08T21:45:08.454+0800][info] GC(266) Concurrent Rebuild Remembered Sets
[2024-09-08T21:45:08.454+0800][info] GC(266) Concurrent Rebuild Remembered Sets 0.012ms
[2024-09-08T21:45:08.454+0800][info] GC(266) Pause Cleanup
[2024-09-08T21:45:08.454+0800][info] GC(266) Pause Cleanup 8M->8M(128M) 0.080ms
[2024-09-08T21:45:08.454+0800][info] GC(266) User=0.00s Sys=0.00s Real=0.00s
[2024-09-08T21:45:08.454+0800][info] GC(266) Concurrent Cleanup for Next Mark
[2024-09-08T21:45:08.455+0800][info] GC(266) Concurrent Cleanup for Next Mark 0.250ms
[2024-09-08T21:45:08.455+0800][info] GC(266) Concurrent Mark Cycle 4.875ms
[2024-09-08T21:45:09.451+0800][info] Heap
[2024-09-08T21:45:09.451+0800][info]  garbage-first heap   total 131072K, used 9200K [0x00000000f8000000, 0x0000000100000000)
[2024-09-08T21:45:09.451+0800][info]   region size 4096K, 2 young (8192K), 1 survivors (4096K)
[2024-09-08T21:45:09.451+0800][info]  Metaspace       used 858K, committed 1024K, reserved 1114112K
[2024-09-08T21:45:09.451+0800][info]   class space    used 53K, committed 128K, reserved 1048576K
