[2024-10-12T11:23:45.232+0800][debug][gc,ergo,cset] GC(9) Pruned 7 regions out of 23, leaving 5866192 bytes waste (allowed 6710886)
[2024-10-12T11:23:45.725+0800][debug][gc,ergo,cset] GC(11) Start adding old regions to collection set. Min 2 regions, max 7 regions, time remaining 40.97ms, optional threshold 8.19ms
[2024-10-12T11:23:45.725+0800][debug][gc,ergo,cset] GC(11) Finish adding old regions to collection set (Maximum number of regions). Initial 7 regions, optional 0 regions
[2024-10-12T11:23:45.725+0800][debug][gc,ergo,cset] GC(11) Finish choosing collection set old regions. Initial: 7, optional: 0, predicted old time: 0.00ms, predicted optional time: 0.00ms, time remaining: 33.84
[2024-10-12T11:23:45.833+0800][debug][gc,ergo,cset] GC(12) Start adding old regions to collection set. Min 2 regions, max 7 regions, time remaining 42.24ms, optional threshold 8.45ms
[2024-10-12T11:23:45.833+0800][debug][gc,ergo,cset] GC(12) Finish adding old regions to collection set (Maximum number of regions). Initial 7 regions, optional 0 regions
[2024-10-12T11:23:45.833+0800][debug][gc,ergo,cset] GC(12) Finish choosing collection set old regions. Initial: 7, optional: 0, predicted old time: 0.00ms, predicted optional time: 0.00ms, time remaining: 34.54
[2024-10-12T11:23:45.939+0800][debug][gc,ergo,cset] GC(13) Start adding old regions to collection set. Min 2 regions, max 7 regions, time remaining 43.61ms, optional threshold 8.72ms
[2024-10-12T11:23:45.939+0800][debug][gc,ergo,cset] GC(13) Old candidate collection set empty.
[2024-10-12T11:23:45.939+0800][debug][gc,ergo,cset] GC(13) Finish choosing collection set old regions. Initial: 2, optional: 0, predicted old time: 0.00ms, predicted optional time: 0.00ms, time remaining: 41.23
[2024-10-12T11:23:46.282+0800][debug][gc,ergo,cset] GC(15) Pruned 11 regions out of 26, leaving 6330648 bytes waste (allowed 6710886)
[2024-10-12T11:23:46.702+0800][debug][gc,ergo,cset] GC(17) Start adding old regions to collection set. Min 2 regions, max 7 regions, time remaining 46.11ms, optional threshold 9.22ms
[2024-10-12T11:23:46.702+0800][debug][gc,ergo,cset] GC(17) Finish adding old regions to collection set (Maximum number of regions). Initial 7 regions, optional 0 regions
[2024-10-12T11:23:46.702+0800][debug][gc,ergo,cset] GC(17) Finish choosing collection set old regions. Initial: 7, optional: 0, predicted old time: 0.00ms, predicted optional time: 0.00ms, time remaining: 42.49
[2024-10-12T11:23:46.810+0800][debug][gc,ergo,cset] GC(18) Start adding old regions to collection set. Min 2 regions, max 7 regions, time remaining 46.05ms, optional threshold 9.21ms
[2024-10-12T11:23:46.810+0800][debug][gc,ergo,cset] GC(18) Finish adding old regions to collection set (Maximum number of regions). Initial 7 regions, optional 0 regions
[2024-10-12T11:23:46.810+0800][debug][gc,ergo,cset] GC(18) Finish choosing collection set old regions. Initial: 7, optional: 0, predicted old time: 0.00ms, predicted optional time: 0.00ms, time remaining: 40.39
[2024-10-12T11:23:46.916+0800][debug][gc,ergo,cset] GC(19) Start adding old regions to collection set. Min 2 regions, max 7 regions, time remaining 46.61ms, optional threshold 9.32ms
[2024-10-12T11:23:46.916+0800][debug][gc,ergo,cset] GC(19) Old candidate collection set empty.
[2024-10-12T11:23:46.916+0800][debug][gc,ergo,cset] GC(19) Finish choosing collection set old regions. Initial: 1, optional: 0, predicted old time: 0.00ms, predicted optional time: 0.00ms, time remaining: 45.88
[2024-10-12T11:23:47.159+0800][debug][gc,ergo,cset] GC(21) Pruned 12 regions out of 29, leaving 6560192 bytes waste (allowed 6710886)
[2024-10-12T11:23:47.469+0800][debug][gc,ergo,cset] GC(23) Start adding old regions to collection set. Min 3 regions, max 7 regions, time remaining 47.68ms, optional threshold 9.54ms
[2024-10-12T11:23:47.469+0800][debug][gc,ergo,cset] GC(23) Finish adding old regions to collection set (Maximum number of regions). Initial 7 regions, optional 0 regions
[2024-10-12T11:23:47.469+0800][debug][gc,ergo,cset] GC(23) Finish choosing collection set old regions. Initial: 7, optional: 0, predicted old time: 0.00ms, predicted optional time: 0.00ms, time remaining: 45.00
[2024-10-12T11:23:47.578+0800][debug][gc,ergo,cset] GC(24) Start adding old regions to collection set. Min 3 regions, max 7 regions, time remaining 47.34ms, optional threshold 9.47ms
[2024-10-12T11:23:47.578+0800][debug][gc,ergo,cset] GC(24) Finish adding old regions to collection set (Maximum number of regions). Initial 7 regions, optional 0 regions
[2024-10-12T11:23:47.578+0800][debug][gc,ergo,cset] GC(24) Finish choosing collection set old regions. Initial: 7, optional: 0, predicted old time: 0.00ms, predicted optional time: 0.00ms, time remaining: 43.47
[2024-10-12T11:23:47.683+0800][debug][gc,ergo,cset] GC(25) Start adding old regions to collection set. Min 3 regions, max 7 regions, time remaining 47.70ms, optional threshold 9.54ms
[2024-10-12T11:23:47.683+0800][debug][gc,ergo,cset] GC(25) Old candidate collection set empty.
[2024-10-12T11:23:47.683+0800][debug][gc,ergo,cset] GC(25) Finish choosing collection set old regions. Initial: 3, optional: 0, predicted old time: 0.00ms, predicted optional time: 0.00ms, time remaining: 46.05
[2024-10-12T11:23:48.009+0800][debug][gc,ergo,cset] GC(29) Pruned 11 regions out of 34, leaving 6098136 bytes waste (allowed 6710886)
[2024-10-12T11:23:48.259+0800][debug][gc,ergo,cset] GC(31) Start adding old regions to collection set. Min 3 regions, max 6 regions, time remaining 48.56ms, optional threshold 9.71ms
[2024-10-12T11:23:48.259+0800][debug][gc,ergo,cset] GC(31) Finish adding old regions to collection set (Maximum number of regions). Initial 6 regions, optional 0 regions
[2024-10-12T11:23:48.259+0800][debug][gc,ergo,cset] GC(31) Finish choosing collection set old regions. Initial: 6, optional: 0, predicted old time: 0.00ms, predicted optional time: 0.00ms, time remaining: 47.54
[2024-10-12T11:23:48.363+0800][debug][gc,ergo,cset] GC(32) Start adding old regions to collection set. Min 3 regions, max 6 regions, time remaining 48.61ms, optional threshold 9.72ms
[2024-10-12T11:23:48.363+0800][debug][gc,ergo,cset] GC(32) Finish adding old regions to collection set (Maximum number of regions). Initial 6 regions, optional 0 regions
[2024-10-12T11:23:48.363+0800][debug][gc,ergo,cset] GC(32) Finish choosing collection set old regions. Initial: 6, optional: 0, predicted old time: 0.00ms, predicted optional time: 0.00ms, time remaining: 47.28
[2024-10-12T11:23:48.469+0800][debug][gc,ergo,cset] GC(33) Start adding old regions to collection set. Min 3 regions, max 6 regions, time remaining 48.67ms, optional threshold 9.73ms
[2024-10-12T11:23:48.469+0800][debug][gc,ergo,cset] GC(33) Finish adding old regions to collection set (Maximum number of regions). Initial 6 regions, optional 0 regions
[2024-10-12T11:23:48.469+0800][debug][gc,ergo,cset] GC(33) Finish choosing collection set old regions. Initial: 6, optional: 0, predicted old time: 0.00ms, predicted optional time: 0.00ms, time remaining: 47.14
[2024-10-12T11:23:48.574+0800][debug][gc,ergo,cset] GC(34) Start adding old regions to collection set. Min 3 regions, max 6 regions, time remaining 48.64ms, optional threshold 9.73ms
[2024-10-12T11:23:48.574+0800][debug][gc,ergo,cset] GC(34) Old candidate collection set empty.
[2024-10-12T11:23:48.574+0800][debug][gc,ergo,cset] GC(34) Finish choosing collection set old regions. Initial: 5, optional: 0, predicted old time: 0.00ms, predicted optional time: 0.00ms, time remaining: 47.27
[2024-10-12T11:23:48.899+0800][debug][gc,ergo,cset] GC(38) Pruned 4 regions out of 39, leaving 2464000 bytes waste (allowed 2684354)
[2024-10-12T11:23:49.149+0800][debug][gc,ergo,cset] Preventive GC, insufficient free regions. Predicted need 5. Curr Eden 2 (Pred 3). Curr Survivor 1 (Pred 1). Curr Old 52 (Pred 1) Free 5 Alloc 1
[2024-10-12T11:23:49.149+0800][debug][gc,ergo,cset] GC(40) Start adding old regions to collection set. Min 5 regions, max 5 regions, time remaining 48.88ms, optional threshold 9.78ms
[2024-10-12T11:23:49.149+0800][debug][gc,ergo,cset] GC(40) Finish adding old regions to collection set (Maximum number of regions). Initial 5 regions, optional 0 regions
[2024-10-12T11:23:49.149+0800][debug][gc,ergo,cset] GC(40) Finish choosing collection set old regions. Initial: 5, optional: 0, predicted old time: 0.00ms, predicted optional time: 0.00ms, time remaining: 48.42
[2024-10-12T11:23:49.253+0800][debug][gc,ergo,cset] GC(41) Start adding old regions to collection set. Min 5 regions, max 5 regions, time remaining 48.89ms, optional threshold 9.78ms
[2024-10-12T11:23:49.253+0800][debug][gc,ergo,cset] GC(41) Finish adding old regions to collection set (Maximum number of regions). Initial 5 regions, optional 0 regions
[2024-10-12T11:23:49.253+0800][debug][gc,ergo,cset] GC(41) Finish choosing collection set old regions. Initial: 5, optional: 0, predicted old time: 0.00ms, predicted optional time: 0.00ms, time remaining: 48.19
[2024-10-12T11:23:49.358+0800][debug][gc,ergo,cset] GC(42) Start adding old regions to collection set. Min 5 regions, max 5 regions, time remaining 48.90ms, optional threshold 9.78ms
[2024-10-12T11:23:49.358+0800][debug][gc,ergo,cset] GC(42) Finish adding old regions to collection set (Maximum number of regions). Initial 5 regions, optional 0 regions
[2024-10-12T11:23:49.358+0800][debug][gc,ergo,cset] GC(42) Finish choosing collection set old regions. Initial: 5, optional: 0, predicted old time: 0.00ms, predicted optional time: 0.00ms, time remaining: 48.13
[2024-10-12T11:23:49.462+0800][debug][gc,ergo,cset] GC(43) Start adding old regions to collection set. Min 5 regions, max 5 regions, time remaining 48.91ms, optional threshold 9.78ms
[2024-10-12T11:23:49.462+0800][debug][gc,ergo,cset] GC(43) Finish adding old regions to collection set (Maximum number of regions). Initial 5 regions, optional 0 regions
[2024-10-12T11:23:49.462+0800][debug][gc,ergo,cset] GC(43) Finish choosing collection set old regions. Initial: 5, optional: 0, predicted old time: 0.00ms, predicted optional time: 0.00ms, time remaining: 48.07
[2024-10-12T11:23:49.567+0800][debug][gc,ergo,cset] GC(44) Start adding old regions to collection set. Min 5 regions, max 5 regions, time remaining 48.91ms, optional threshold 9.78ms
[2024-10-12T11:23:49.567+0800][debug][gc,ergo,cset] GC(44) Finish adding old regions to collection set (Maximum number of regions). Initial 5 regions, optional 0 regions
[2024-10-12T11:23:49.567+0800][debug][gc,ergo,cset] GC(44) Finish choosing collection set old regions. Initial: 5, optional: 0, predicted old time: 0.00ms, predicted optional time: 0.00ms, time remaining: 47.96
[2024-10-12T11:23:49.671+0800][debug][gc,ergo,cset] Preventive GC, insufficient free regions. Predicted need 8. Curr Eden 2 (Pred 3). Curr Survivor 1 (Pred 1). Curr Old 49 (Pred 4) Free 8 Alloc 1
[2024-10-12T11:23:49.671+0800][debug][gc,ergo,cset] GC(45) Start adding old regions to collection set. Min 5 regions, max 5 regions, time remaining 48.91ms, optional threshold 9.78ms
[2024-10-12T11:23:49.672+0800][debug][gc,ergo,cset] GC(45) Finish adding old regions to collection set (Maximum number of regions). Initial 5 regions, optional 0 regions
[2024-10-12T11:23:49.672+0800][debug][gc,ergo,cset] GC(45) Finish choosing collection set old regions. Initial: 5, optional: 0, predicted old time: 0.00ms, predicted optional time: 0.00ms, time remaining: 47.74
[2024-10-12T11:23:49.777+0800][debug][gc,ergo,cset] Preventive GC, insufficient free regions. Predicted need 9. Curr Eden 2 (Pred 3). Curr Survivor 1 (Pred 1). Curr Old 48 (Pred 5) Free 8 Alloc 1
[2024-10-12T11:23:49.777+0800][debug][gc,ergo,cset] GC(46) Start adding old regions to collection set. Min 5 regions, max 5 regions, time remaining 48.89ms, optional threshold 9.78ms
[2024-10-12T11:23:49.777+0800][debug][gc,ergo,cset] GC(46) Old candidate collection set empty.
[2024-10-12T11:23:49.777+0800][debug][gc,ergo,cset] GC(46) Finish choosing collection set old regions. Initial: 5, optional: 0, predicted old time: 0.00ms, predicted optional time: 0.00ms, time remaining: 47.77
[2024-10-12T11:23:49.893+0800][debug][gc,ergo,cset] GC(48) Pruned 0 regions out of 40, leaving 0 bytes waste (allowed 0)
[2024-10-12T11:23:50.101+0800][debug][gc,ergo,cset] Preventive GC, insufficient free regions. Predicted need 5. Curr Eden 1 (Pred 2). Curr Survivor 1 (Pred 1). Curr Old 53 (Pred 2) Free 5 Alloc 1
[2024-10-12T11:23:50.101+0800][debug][gc,ergo,cset] GC(50) Start adding old regions to collection set. Min 5 regions, max 5 regions, time remaining 49.13ms, optional threshold 9.83ms
[2024-10-12T11:23:50.101+0800][debug][gc,ergo,cset] GC(50) Finish adding old regions to collection set (Maximum number of regions). Initial 5 regions, optional 0 regions
[2024-10-12T11:23:50.101+0800][debug][gc,ergo,cset] GC(50) Finish choosing collection set old regions. Initial: 5, optional: 0, predicted old time: 0.00ms, predicted optional time: 0.00ms, time remaining: 48.74
[2024-10-12T11:23:50.205+0800][debug][gc,ergo,cset] Preventive GC, insufficient free regions. Predicted need 7. Curr Eden 2 (Pred 3). Curr Survivor 1 (Pred 1). Curr Old 50 (Pred 3) Free 7 Alloc 1
[2024-10-12T11:23:50.205+0800][debug][gc,ergo,cset] GC(51) Start adding old regions to collection set. Min 5 regions, max 5 regions, time remaining 48.91ms, optional threshold 9.78ms
[2024-10-12T11:23:50.205+0800][debug][gc,ergo,cset] GC(51) Finish adding old regions to collection set (Maximum number of regions). Initial 5 regions, optional 0 regions
[2024-10-12T11:23:50.206+0800][debug][gc,ergo,cset] GC(51) Finish choosing collection set old regions. Initial: 5, optional: 0, predicted old time: 0.00ms, predicted optional time: 0.00ms, time remaining: 48.35
[2024-10-12T11:23:50.310+0800][debug][gc,ergo,cset] GC(52) Start adding old regions to collection set. Min 5 regions, max 5 regions, time remaining 48.92ms, optional threshold 9.78ms
[2024-10-12T11:23:50.310+0800][debug][gc,ergo,cset] GC(52) Finish adding old regions to collection set (Maximum number of regions). Initial 5 regions, optional 0 regions
[2024-10-12T11:23:50.310+0800][debug][gc,ergo,cset] GC(52) Finish choosing collection set old regions. Initial: 5, optional: 0, predicted old time: 0.00ms, predicted optional time: 0.00ms, time remaining: 48.25
[2024-10-12T11:23:50.414+0800][debug][gc,ergo,cset] Preventive GC, insufficient free regions. Predicted need 8. Curr Eden 2 (Pred 3). Curr Survivor 1 (Pred 1). Curr Old 49 (Pred 4) Free 8 Alloc 1
[2024-10-12T11:23:50.415+0800][debug][gc,ergo,cset] GC(53) Start adding old regions to collection set. Min 5 regions, max 5 regions, time remaining 48.92ms, optional threshold 9.78ms
[2024-10-12T11:23:50.415+0800][debug][gc,ergo,cset] GC(53) Finish adding old regions to collection set (Maximum number of regions). Initial 5 regions, optional 0 regions
[2024-10-12T11:23:50.415+0800][debug][gc,ergo,cset] GC(53) Finish choosing collection set old regions. Initial: 5, optional: 0, predicted old time: 0.00ms, predicted optional time: 0.00ms, time remaining: 48.18
[2024-10-12T11:23:50.519+0800][debug][gc,ergo,cset] GC(54) Start adding old regions to collection set. Min 5 regions, max 5 regions, time remaining 48.95ms, optional threshold 9.79ms
[2024-10-12T11:23:50.519+0800][debug][gc,ergo,cset] GC(54) Finish adding old regions to collection set (Maximum number of regions). Initial 5 regions, optional 0 regions
[2024-10-12T11:23:50.519+0800][debug][gc,ergo,cset] GC(54) Finish choosing collection set old regions. Initial: 5, optional: 0, predicted old time: 0.00ms, predicted optional time: 0.00ms, time remaining: 48.08
[2024-10-12T11:23:50.624+0800][debug][gc,ergo,cset] GC(55) Start adding old regions to collection set. Min 5 regions, max 5 regions, time remaining 48.77ms, optional threshold 9.75ms
[2024-10-12T11:23:50.624+0800][debug][gc,ergo,cset] GC(55) Finish adding old regions to collection set (Maximum number of regions). Initial 5 regions, optional 0 regions
[2024-10-12T11:23:50.624+0800][debug][gc,ergo,cset] GC(55) Finish choosing collection set old regions. Initial: 5, optional: 0, predicted old time: 0.00ms, predicted optional time: 0.00ms, time remaining: 47.82
[2024-10-12T11:23:50.728+0800][debug][gc,ergo,cset] Preventive GC, insufficient free regions. Predicted need 9. Curr Eden 2 (Pred 3). Curr Survivor 1 (Pred 1). Curr Old 48 (Pred 5) Free 9 Alloc 1
[2024-10-12T11:23:50.728+0800][debug][gc,ergo,cset] GC(56) Start adding old regions to collection set. Min 5 regions, max 5 regions, time remaining 48.83ms, optional threshold 9.77ms
[2024-10-12T11:23:50.728+0800][debug][gc,ergo,cset] GC(56) Finish adding old regions to collection set (Maximum number of regions). Initial 5 regions, optional 0 regions
[2024-10-12T11:23:50.728+0800][debug][gc,ergo,cset] GC(56) Finish choosing collection set old regions. Initial: 5, optional: 0, predicted old time: 0.00ms, predicted optional time: 0.00ms, time remaining: 47.80
[2024-10-12T11:23:50.833+0800][debug][gc,ergo,cset] Preventive GC, insufficient free regions. Predicted need 9. Curr Eden 2 (Pred 3). Curr Survivor 1 (Pred 1). Curr Old 48 (Pred 5) Free 9 Alloc 1
[2024-10-12T11:23:50.834+0800][debug][gc,ergo,cset] GC(57) Start adding old regions to collection set. Min 5 regions, max 5 regions, time remaining 48.87ms, optional threshold 9.77ms
[2024-10-12T11:23:50.834+0800][debug][gc,ergo,cset] GC(57) Old candidate collection set empty.
[2024-10-12T11:23:50.834+0800][debug][gc,ergo,cset] GC(57) Finish choosing collection set old regions. Initial: 5, optional: 0, predicted old time: 0.00ms, predicted optional time: 0.00ms, time remaining: 47.32
[2024-10-12T11:23:51.055+0800][debug][gc,ergo,cset] GC(60) Pruned 0 regions out of 42, leaving 0 bytes waste (allowed 0)
[2024-10-12T11:23:51.262+0800][debug][gc,ergo,cset] Preventive GC, insufficient free regions. Predicted need 5. Curr Eden 1 (Pred 2). Curr Survivor 1 (Pred 1). Curr Old 54 (Pred 2) Free 4 Alloc 1
[2024-10-12T11:23:51.263+0800][debug][gc,ergo,cset] GC(62) Start adding old regions to collection set. Min 6 regions, max 6 regions, time remaining 49.04ms, optional threshold 9.81ms
[2024-10-12T11:23:51.263+0800][debug][gc,ergo,cset] GC(62) Finish adding old regions to collection set (Maximum number of regions). Initial 6 regions, optional 0 regions
[2024-10-12T11:23:51.263+0800][debug][gc,ergo,cset] GC(62) Finish choosing collection set old regions. Initial: 6, optional: 0, predicted old time: 0.00ms, predicted optional time: 0.00ms, time remaining: 48.50
[2024-10-12T11:23:51.367+0800][debug][gc,ergo,cset] Preventive GC, insufficient free regions. Predicted need 7. Curr Eden 2 (Pred 3). Curr Survivor 1 (Pred 1). Curr Old 51 (Pred 3) Free 6 Alloc 1
[2024-10-12T11:23:51.367+0800][debug][gc,ergo,cset] GC(63) Start adding old regions to collection set. Min 6 regions, max 6 regions, time remaining 48.80ms, optional threshold 9.76ms
[2024-10-12T11:23:51.367+0800][debug][gc,ergo,cset] GC(63) Finish adding old regions to collection set (Maximum number of regions). Initial 6 regions, optional 0 regions
[2024-10-12T11:23:51.367+0800][debug][gc,ergo,cset] GC(63) Finish choosing collection set old regions. Initial: 6, optional: 0, predicted old time: 0.00ms, predicted optional time: 0.00ms, time remaining: 48.01
[2024-10-12T11:23:51.471+0800][debug][gc,ergo,cset] GC(64) Start adding old regions to collection set. Min 6 regions, max 6 regions, time remaining 48.79ms, optional threshold 9.76ms
[2024-10-12T11:23:51.471+0800][debug][gc,ergo,cset] GC(64) Finish adding old regions to collection set (Maximum number of regions). Initial 6 regions, optional 0 regions
[2024-10-12T11:23:51.472+0800][debug][gc,ergo,cset] GC(64) Finish choosing collection set old regions. Initial: 6, optional: 0, predicted old time: 0.00ms, predicted optional time: 0.00ms, time remaining: 47.92
[2024-10-12T11:23:51.576+0800][debug][gc,ergo,cset] GC(65) Start adding old regions to collection set. Min 6 regions, max 6 regions, time remaining 48.81ms, optional threshold 9.76ms
[2024-10-12T11:23:51.576+0800][debug][gc,ergo,cset] GC(65) Finish adding old regions to collection set (Maximum number of regions). Initial 6 regions, optional 0 regions
[2024-10-12T11:23:51.576+0800][debug][gc,ergo,cset] GC(65) Finish choosing collection set old regions. Initial: 6, optional: 0, predicted old time: 0.00ms, predicted optional time: 0.00ms, time remaining: 47.84
[2024-10-12T11:23:51.681+0800][debug][gc,ergo,cset] GC(66) Start adding old regions to collection set. Min 6 regions, max 6 regions, time remaining 48.86ms, optional threshold 9.77ms
[2024-10-12T11:23:51.681+0800][debug][gc,ergo,cset] GC(66) Finish adding old regions to collection set (Maximum number of regions). Initial 6 regions, optional 0 regions
[2024-10-12T11:23:51.681+0800][debug][gc,ergo,cset] GC(66) Finish choosing collection set old regions. Initial: 6, optional: 0, predicted old time: 0.00ms, predicted optional time: 0.00ms, time remaining: 47.77
[2024-10-12T11:23:51.786+0800][debug][gc,ergo,cset] GC(67) Start adding old regions to collection set. Min 6 regions, max 6 regions, time remaining 48.88ms, optional threshold 9.78ms
[2024-10-12T11:23:51.786+0800][debug][gc,ergo,cset] GC(67) Finish adding old regions to collection set (Maximum number of regions). Initial 6 regions, optional 0 regions
[2024-10-12T11:23:51.786+0800][debug][gc,ergo,cset] GC(67) Finish choosing collection set old regions. Initial: 6, optional: 0, predicted old time: 0.00ms, predicted optional time: 0.00ms, time remaining: 47.68
[2024-10-12T11:23:51.891+0800][debug][gc,ergo,cset] Preventive GC, insufficient free regions. Predicted need 10. Curr Eden 2 (Pred 3). Curr Survivor 1 (Pred 1). Curr Old 47 (Pred 6) Free 10 Alloc 1
[2024-10-12T11:23:51.891+0800][debug][gc,ergo,cset] GC(68) Start adding old regions to collection set. Min 6 regions, max 6 regions, time remaining 48.79ms, optional threshold 9.76ms
[2024-10-12T11:23:51.891+0800][debug][gc,ergo,cset] GC(68) Old candidate collection set empty.
[2024-10-12T11:23:51.891+0800][debug][gc,ergo,cset] GC(68) Finish choosing collection set old regions. Initial: 6, optional: 0, predicted old time: 0.00ms, predicted optional time: 0.00ms, time remaining: 46.83
[2024-10-12T11:23:52.217+0800][debug][gc,ergo,cset] GC(72) Pruned 0 regions out of 42, leaving 0 bytes waste (allowed 0)
[2024-10-12T11:23:52.425+0800][debug][gc,ergo,cset] Preventive GC, insufficient free regions. Predicted need 5. Curr Eden 1 (Pred 2). Curr Survivor 1 (Pred 1). Curr Old 54 (Pred 2) Free 4 Alloc 1
[2024-10-12T11:23:52.427+0800][debug][gc,ergo,cset] GC(74) Start adding old regions to collection set. Min 6 regions, max 6 regions, time remaining 49.13ms, optional threshold 9.83ms
[2024-10-12T11:23:52.427+0800][debug][gc,ergo,cset] GC(74) Finish adding old regions to collection set (Maximum number of regions). Initial 6 regions, optional 0 regions
[2024-10-12T11:23:52.427+0800][debug][gc,ergo,cset] GC(74) Finish choosing collection set old regions. Initial: 6, optional: 0, predicted old time: 0.00ms, predicted optional time: 0.00ms, time remaining: 48.69
[2024-10-12T11:23:52.531+0800][debug][gc,ergo,cset] Preventive GC, insufficient free regions. Predicted need 7. Curr Eden 2 (Pred 3). Curr Survivor 1 (Pred 1). Curr Old 51 (Pred 3) Free 6 Alloc 1
[2024-10-12T11:23:52.531+0800][debug][gc,ergo,cset] GC(75) Start adding old regions to collection set. Min 6 regions, max 6 regions, time remaining 48.88ms, optional threshold 9.78ms
[2024-10-12T11:23:52.531+0800][debug][gc,ergo,cset] GC(75) Finish adding old regions to collection set (Maximum number of regions). Initial 6 regions, optional 0 regions
[2024-10-12T11:23:52.531+0800][debug][gc,ergo,cset] GC(75) Finish choosing collection set old regions. Initial: 6, optional: 0, predicted old time: 0.00ms, predicted optional time: 0.00ms, time remaining: 48.19
[2024-10-12T11:23:52.636+0800][debug][gc,ergo,cset] Preventive GC, insufficient free regions. Predicted need 8. Curr Eden 2 (Pred 3). Curr Survivor 1 (Pred 1). Curr Old 49 (Pred 4) Free 8 Alloc 1
[2024-10-12T11:23:52.636+0800][debug][gc,ergo,cset] GC(76) Start adding old regions to collection set. Min 6 regions, max 6 regions, time remaining 48.88ms, optional threshold 9.78ms
[2024-10-12T11:23:52.636+0800][debug][gc,ergo,cset] GC(76) Finish adding old regions to collection set (Maximum number of regions). Initial 6 regions, optional 0 regions
[2024-10-12T11:23:52.636+0800][debug][gc,ergo,cset] GC(76) Finish choosing collection set old regions. Initial: 6, optional: 0, predicted old time: 0.00ms, predicted optional time: 0.00ms, time remaining: 48.00
[2024-10-12T11:23:52.740+0800][debug][gc,ergo,cset] GC(77) Start adding old regions to collection set. Min 6 regions, max 6 regions, time remaining 48.85ms, optional threshold 9.77ms
[2024-10-12T11:23:52.740+0800][debug][gc,ergo,cset] GC(77) Finish adding old regions to collection set (Maximum number of regions). Initial 6 regions, optional 0 regions
[2024-10-12T11:23:52.740+0800][debug][gc,ergo,cset] GC(77) Finish choosing collection set old regions. Initial: 6, optional: 0, predicted old time: 0.00ms, predicted optional time: 0.00ms, time remaining: 47.89
[2024-10-12T11:23:52.845+0800][debug][gc,ergo,cset] GC(78) Start adding old regions to collection set. Min 6 regions, max 6 regions, time remaining 48.86ms, optional threshold 9.77ms
[2024-10-12T11:23:52.845+0800][debug][gc,ergo,cset] GC(78) Finish adding old regions to collection set (Maximum number of regions). Initial 6 regions, optional 0 regions
[2024-10-12T11:23:52.845+0800][debug][gc,ergo,cset] GC(78) Finish choosing collection set old regions. Initial: 6, optional: 0, predicted old time: 0.00ms, predicted optional time: 0.00ms, time remaining: 47.75
[2024-10-12T11:23:52.950+0800][debug][gc,ergo,cset] Preventive GC, insufficient free regions. Predicted need 10. Curr Eden 2 (Pred 3). Curr Survivor 1 (Pred 1). Curr Old 48 (Pred 6) Free 9 Alloc 1
[2024-10-12T11:23:52.950+0800][debug][gc,ergo,cset] GC(79) Start adding old regions to collection set. Min 6 regions, max 6 regions, time remaining 48.90ms, optional threshold 9.78ms
[2024-10-12T11:23:52.950+0800][debug][gc,ergo,cset] GC(79) Finish adding old regions to collection set (Maximum number of regions). Initial 6 regions, optional 0 regions
[2024-10-12T11:23:52.950+0800][debug][gc,ergo,cset] GC(79) Finish choosing collection set old regions. Initial: 6, optional: 0, predicted old time: 0.00ms, predicted optional time: 0.00ms, time remaining: 47.66
[2024-10-12T11:23:53.055+0800][debug][gc,ergo,cset] Preventive GC, insufficient free regions. Predicted need 9. Curr Eden 2 (Pred 3). Curr Survivor 1 (Pred 1). Curr Old 48 (Pred 5) Free 9 Alloc 1
[2024-10-12T11:23:53.055+0800][debug][gc,ergo,cset] GC(80) Start adding old regions to collection set. Min 6 regions, max 6 regions, time remaining 48.92ms, optional threshold 9.78ms
[2024-10-12T11:23:53.055+0800][debug][gc,ergo,cset] GC(80) Old candidate collection set empty.
[2024-10-12T11:23:53.055+0800][debug][gc,ergo,cset] GC(80) Finish choosing collection set old regions. Initial: 6, optional: 0, predicted old time: 0.00ms, predicted optional time: 0.00ms, time remaining: 47.13
[2024-10-12T11:23:53.276+0800][debug][gc,ergo,cset] GC(83) Pruned 0 regions out of 42, leaving 0 bytes waste (allowed 0)
[2024-10-12T11:23:53.485+0800][debug][gc,ergo,cset] Preventive GC, insufficient free regions. Predicted need 5. Curr Eden 1 (Pred 2). Curr Survivor 1 (Pred 1). Curr Old 53 (Pred 2) Free 5 Alloc 1
[2024-10-12T11:23:53.485+0800][debug][gc,ergo,cset] GC(85) Start adding old regions to collection set. Min 6 regions, max 6 regions, time remaining 49.09ms, optional threshold 9.82ms
[2024-10-12T11:23:53.485+0800][debug][gc,ergo,cset] GC(85) Finish adding old regions to collection set (Maximum number of regions). Initial 6 regions, optional 0 regions
[2024-10-12T11:23:53.485+0800][debug][gc,ergo,cset] GC(85) Finish choosing collection set old regions. Initial: 6, optional: 0, predicted old time: 0.00ms, predicted optional time: 0.00ms, time remaining: 48.57
[2024-10-12T11:23:53.589+0800][debug][gc,ergo,cset] Preventive GC, insufficient free regions. Predicted need 7. Curr Eden 2 (Pred 3). Curr Survivor 1 (Pred 1). Curr Old 50 (Pred 3) Free 7 Alloc 1
[2024-10-12T11:23:53.589+0800][debug][gc,ergo,cset] GC(86) Start adding old regions to collection set. Min 6 regions, max 6 regions, time remaining 48.80ms, optional threshold 9.76ms
[2024-10-12T11:23:53.589+0800][debug][gc,ergo,cset] GC(86) Finish adding old regions to collection set (Maximum number of regions). Initial 6 regions, optional 0 regions
[2024-10-12T11:23:53.589+0800][debug][gc,ergo,cset] GC(86) Finish choosing collection set old regions. Initial: 6, optional: 0, predicted old time: 0.00ms, predicted optional time: 0.00ms, time remaining: 47.97
[2024-10-12T11:23:53.693+0800][debug][gc,ergo,cset] Preventive GC, insufficient free regions. Predicted need 8. Curr Eden 2 (Pred 3). Curr Survivor 1 (Pred 1). Curr Old 49 (Pred 4) Free 8 Alloc 1
[2024-10-12T11:23:53.694+0800][debug][gc,ergo,cset] GC(87) Start adding old regions to collection set. Min 6 regions, max 6 regions, time remaining 48.82ms, optional threshold 9.76ms
[2024-10-12T11:23:53.694+0800][debug][gc,ergo,cset] GC(87) Finish adding old regions to collection set (Maximum number of regions). Initial 6 regions, optional 0 regions
[2024-10-12T11:23:53.694+0800][debug][gc,ergo,cset] GC(87) Finish choosing collection set old regions. Initial: 6, optional: 0, predicted old time: 0.00ms, predicted optional time: 0.00ms, time remaining: 47.87
[2024-10-12T11:23:53.798+0800][debug][gc,ergo,cset] Preventive GC, insufficient free regions. Predicted need 9. Curr Eden 2 (Pred 3). Curr Survivor 1 (Pred 1). Curr Old 48 (Pred 5) Free 9 Alloc 1
[2024-10-12T11:23:53.798+0800][debug][gc,ergo,cset] GC(88) Start adding old regions to collection set. Min 6 regions, max 6 regions, time remaining 48.85ms, optional threshold 9.77ms
[2024-10-12T11:23:53.798+0800][debug][gc,ergo,cset] GC(88) Finish adding old regions to collection set (Maximum number of regions). Initial 6 regions, optional 0 regions
[2024-10-12T11:23:53.798+0800][debug][gc,ergo,cset] GC(88) Finish choosing collection set old regions. Initial: 6, optional: 0, predicted old time: 0.00ms, predicted optional time: 0.00ms, time remaining: 47.76
[2024-10-12T11:23:53.903+0800][debug][gc,ergo,cset] Preventive GC, insufficient free regions. Predicted need 9. Curr Eden 2 (Pred 3). Curr Survivor 1 (Pred 1). Curr Old 48 (Pred 5) Free 9 Alloc 1
[2024-10-12T11:23:53.903+0800][debug][gc,ergo,cset] GC(89) Start adding old regions to collection set. Min 6 regions, max 6 regions, time remaining 48.84ms, optional threshold 9.77ms
[2024-10-12T11:23:53.903+0800][debug][gc,ergo,cset] GC(89) Finish adding old regions to collection set (Maximum number of regions). Initial 6 regions, optional 0 regions
[2024-10-12T11:23:53.903+0800][debug][gc,ergo,cset] GC(89) Finish choosing collection set old regions. Initial: 6, optional: 0, predicted old time: 0.00ms, predicted optional time: 0.00ms, time remaining: 47.64
[2024-10-12T11:23:54.008+0800][debug][gc,ergo,cset] Preventive GC, insufficient free regions. Predicted need 10. Curr Eden 2 (Pred 3). Curr Survivor 1 (Pred 1). Curr Old 48 (Pred 6) Free 9 Alloc 1
[2024-10-12T11:23:54.008+0800][debug][gc,ergo,cset] GC(90) Start adding old regions to collection set. Min 6 regions, max 6 regions, time remaining 48.74ms, optional threshold 9.75ms
[2024-10-12T11:23:54.008+0800][debug][gc,ergo,cset] GC(90) Finish adding old regions to collection set (Maximum number of regions). Initial 6 regions, optional 0 regions
[2024-10-12T11:23:54.008+0800][debug][gc,ergo,cset] GC(90) Finish choosing collection set old regions. Initial: 6, optional: 0, predicted old time: 0.00ms, predicted optional time: 0.00ms, time remaining: 47.33
[2024-10-12T11:23:54.093+0800][debug][gc,ergo,cset] Preventive GC, insufficient free regions. Predicted need 9. Curr Eden 2 (Pred 3). Curr Survivor 1 (Pred 1). Curr Old 48 (Pred 5) Free 9 Alloc 1
[2024-10-12T11:23:54.093+0800][debug][gc,ergo,cset] GC(91) Start adding old regions to collection set. Min 6 regions, max 6 regions, time remaining 48.79ms, optional threshold 9.76ms
[2024-10-12T11:23:54.093+0800][debug][gc,ergo,cset] GC(91) Old candidate collection set empty.
[2024-10-12T11:23:54.093+0800][debug][gc,ergo,cset] GC(91) Finish choosing collection set old regions. Initial: 6, optional: 0, predicted old time: 0.00ms, predicted optional time: 0.00ms, time remaining: 46.82
[2024-10-12T11:23:54.438+0800][debug][gc,ergo,cset] GC(95) Pruned 0 regions out of 42, leaving 0 bytes waste (allowed 0)
[2024-10-12T11:23:54.646+0800][debug][gc,ergo,cset] Preventive GC, insufficient free regions. Predicted need 5. Curr Eden 1 (Pred 2). Curr Survivor 1 (Pred 1). Curr Old 54 (Pred 2) Free 4 Alloc 1
[2024-10-12T11:23:54.647+0800][debug][gc,ergo,cset] GC(97) Start adding old regions to collection set. Min 6 regions, max 6 regions, time remaining 49.10ms, optional threshold 9.82ms
[2024-10-12T11:23:54.647+0800][debug][gc,ergo,cset] GC(97) Finish adding old regions to collection set (Maximum number of regions). Initial 6 regions, optional 0 regions
[2024-10-12T11:23:54.647+0800][debug][gc,ergo,cset] GC(97) Finish choosing collection set old regions. Initial: 6, optional: 0, predicted old time: 0.00ms, predicted optional time: 0.00ms, time remaining: 48.63
[2024-10-12T11:23:54.750+0800][debug][gc,ergo,cset] Preventive GC, insufficient free regions. Predicted need 7. Curr Eden 2 (Pred 3). Curr Survivor 1 (Pred 1). Curr Old 51 (Pred 3) Free 6 Alloc 1
[2024-10-12T11:23:54.751+0800][debug][gc,ergo,cset] GC(98) Start adding old regions to collection set. Min 6 regions, max 6 regions, time remaining 48.87ms, optional threshold 9.77ms
[2024-10-12T11:23:54.751+0800][debug][gc,ergo,cset] GC(98) Finish adding old regions to collection set (Maximum number of regions). Initial 6 regions, optional 0 regions
[2024-10-12T11:23:54.751+0800][debug][gc,ergo,cset] GC(98) Finish choosing collection set old regions. Initial: 6, optional: 0, predicted old time: 0.00ms, predicted optional time: 0.00ms, time remaining: 48.13
[2024-10-12T11:23:54.855+0800][debug][gc,ergo,cset] Preventive GC, insufficient free regions. Predicted need 8. Curr Eden 2 (Pred 3). Curr Survivor 1 (Pred 1). Curr Old 50 (Pred 4) Free 7 Alloc 1
[2024-10-12T11:23:54.855+0800][debug][gc,ergo,cset] GC(99) Start adding old regions to collection set. Min 6 regions, max 6 regions, time remaining 48.87ms, optional threshold 9.77ms
[2024-10-12T11:23:54.855+0800][debug][gc,ergo,cset] GC(99) Finish adding old regions to collection set (Maximum number of regions). Initial 6 regions, optional 0 regions
[2024-10-12T11:23:54.855+0800][debug][gc,ergo,cset] GC(99) Finish choosing collection set old regions. Initial: 6, optional: 0, predicted old time: 0.00ms, predicted optional time: 0.00ms, time remaining: 48.01
[2024-10-12T11:23:54.960+0800][debug][gc,ergo,cset] Preventive GC, insufficient free regions. Predicted need 8. Curr Eden 2 (Pred 3). Curr Survivor 1 (Pred 1). Curr Old 49 (Pred 4) Free 8 Alloc 1
[2024-10-12T11:23:54.960+0800][debug][gc,ergo,cset] GC(100) Start adding old regions to collection set. Min 6 regions, max 6 regions, time remaining 48.83ms, optional threshold 9.77ms
[2024-10-12T11:23:54.960+0800][debug][gc,ergo,cset] GC(100) Finish adding old regions to collection set (Maximum number of regions). Initial 6 regions, optional 0 regions
[2024-10-12T11:23:54.960+0800][debug][gc,ergo,cset] GC(100) Finish choosing collection set old regions. Initial: 6, optional: 0, predicted old time: 0.00ms, predicted optional time: 0.00ms, time remaining: 47.86
[2024-10-12T11:23:55.065+0800][debug][gc,ergo,cset] Preventive GC, insufficient free regions. Predicted need 9. Curr Eden 2 (Pred 3). Curr Survivor 1 (Pred 1). Curr Old 49 (Pred 5) Free 8 Alloc 1
[2024-10-12T11:23:55.065+0800][debug][gc,ergo,cset] GC(101) Start adding old regions to collection set. Min 6 regions, max 6 regions, time remaining 48.85ms, optional threshold 9.77ms
[2024-10-12T11:23:55.065+0800][debug][gc,ergo,cset] GC(101) Finish adding old regions to collection set (Maximum number of regions). Initial 6 regions, optional 0 regions
[2024-10-12T11:23:55.065+0800][debug][gc,ergo,cset] GC(101) Finish choosing collection set old regions. Initial: 6, optional: 0, predicted old time: 0.00ms, predicted optional time: 0.00ms, time remaining: 47.76
[2024-10-12T11:23:55.169+0800][debug][gc,ergo,cset] Preventive GC, insufficient free regions. Predicted need 9. Curr Eden 2 (Pred 3). Curr Survivor 1 (Pred 1). Curr Old 49 (Pred 5) Free 8 Alloc 1
[2024-10-12T11:23:55.170+0800][debug][gc,ergo,cset] GC(102) Start adding old regions to collection set. Min 6 regions, max 6 regions, time remaining 48.87ms, optional threshold 9.77ms
[2024-10-12T11:23:55.170+0800][debug][gc,ergo,cset] GC(102) Finish adding old regions to collection set (Maximum number of regions). Initial 6 regions, optional 0 regions
[2024-10-12T11:23:55.170+0800][debug][gc,ergo,cset] GC(102) Finish choosing collection set old regions. Initial: 6, optional: 0, predicted old time: 0.00ms, predicted optional time: 0.00ms, time remaining: 47.66
[2024-10-12T11:23:55.274+0800][debug][gc,ergo,cset] Preventive GC, insufficient free regions. Predicted need 9. Curr Eden 2 (Pred 3). Curr Survivor 1 (Pred 1). Curr Old 48 (Pred 5) Free 9 Alloc 1
[2024-10-12T11:23:55.275+0800][debug][gc,ergo,cset] GC(103) Start adding old regions to collection set. Min 6 regions, max 6 regions, time remaining 48.88ms, optional threshold 9.78ms
[2024-10-12T11:23:55.275+0800][debug][gc,ergo,cset] GC(103) Old candidate collection set empty.
[2024-10-12T11:23:55.275+0800][debug][gc,ergo,cset] GC(103) Finish choosing collection set old regions. Initial: 6, optional: 0, predicted old time: 0.00ms, predicted optional time: 0.00ms, time remaining: 47.23
[2024-10-12T11:23:55.495+0800][debug][gc,ergo,cset] GC(106) Pruned 0 regions out of 38, leaving 0 bytes waste (allowed 0)
[2024-10-12T11:23:55.703+0800][debug][gc,ergo,cset] Preventive GC, insufficient free regions. Predicted need 5. Curr Eden 1 (Pred 2). Curr Survivor 1 (Pred 1). Curr Old 54 (Pred 2) Free 4 Alloc 1
[2024-10-12T11:23:55.703+0800][debug][gc,ergo,cset] GC(108) Start adding old regions to collection set. Min 5 regions, max 5 regions, time remaining 49.10ms, optional threshold 9.82ms
[2024-10-12T11:23:55.703+0800][debug][gc,ergo,cset] GC(108) Finish adding old regions to collection set (Maximum number of regions). Initial 5 regions, optional 0 regions
[2024-10-12T11:23:55.703+0800][debug][gc,ergo,cset] GC(108) Finish choosing collection set old regions. Initial: 5, optional: 0, predicted old time: 0.00ms, predicted optional time: 0.00ms, time remaining: 48.72
[2024-10-12T11:23:55.807+0800][debug][gc,ergo,cset] Preventive GC, insufficient free regions. Predicted need 6. Curr Eden 2 (Pred 3). Curr Survivor 1 (Pred 1). Curr Old 51 (Pred 2) Free 6 Alloc 1
[2024-10-12T11:23:55.807+0800][debug][gc,ergo,cset] GC(109) Start adding old regions to collection set. Min 5 regions, max 5 regions, time remaining 48.86ms, optional threshold 9.77ms
[2024-10-12T11:23:55.807+0800][debug][gc,ergo,cset] GC(109) Finish adding old regions to collection set (Maximum number of regions). Initial 5 regions, optional 0 regions
[2024-10-12T11:23:55.807+0800][debug][gc,ergo,cset] GC(109) Finish choosing collection set old regions. Initial: 5, optional: 0, predicted old time: 0.00ms, predicted optional time: 0.00ms, time remaining: 48.36
[2024-10-12T11:23:55.912+0800][debug][gc,ergo,cset] GC(110) Start adding old regions to collection set. Min 5 regions, max 5 regions, time remaining 48.86ms, optional threshold 9.77ms
[2024-10-12T11:23:55.912+0800][debug][gc,ergo,cset] GC(110) Finish adding old regions to collection set (Maximum number of regions). Initial 5 regions, optional 0 regions
[2024-10-12T11:23:55.912+0800][debug][gc,ergo,cset] GC(110) Finish choosing collection set old regions. Initial: 5, optional: 0, predicted old time: 0.00ms, predicted optional time: 0.00ms, time remaining: 48.25
[2024-10-12T11:23:56.017+0800][debug][gc,ergo,cset] GC(111) Start adding old regions to collection set. Min 5 regions, max 5 regions, time remaining 48.86ms, optional threshold 9.77ms
[2024-10-12T11:23:56.017+0800][debug][gc,ergo,cset] GC(111) Finish adding old regions to collection set (Maximum number of regions). Initial 5 regions, optional 0 regions
[2024-10-12T11:23:56.017+0800][debug][gc,ergo,cset] GC(111) Finish choosing collection set old regions. Initial: 5, optional: 0, predicted old time: 0.00ms, predicted optional time: 0.00ms, time remaining: 48.07
[2024-10-12T11:23:56.122+0800][debug][gc,ergo,cset] GC(112) Start adding old regions to collection set. Min 5 regions, max 5 regions, time remaining 48.88ms, optional threshold 9.78ms
[2024-10-12T11:23:56.122+0800][debug][gc,ergo,cset] GC(112) Finish adding old regions to collection set (Maximum number of regions). Initial 5 regions, optional 0 regions
[2024-10-12T11:23:56.122+0800][debug][gc,ergo,cset] GC(112) Finish choosing collection set old regions. Initial: 5, optional: 0, predicted old time: 0.00ms, predicted optional time: 0.00ms, time remaining: 47.96
[2024-10-12T11:23:56.226+0800][debug][gc,ergo,cset] GC(113) Start adding old regions to collection set. Min 5 regions, max 5 regions, time remaining 48.88ms, optional threshold 9.78ms
[2024-10-12T11:23:56.226+0800][debug][gc,ergo,cset] GC(113) Finish adding old regions to collection set (Maximum number of regions). Initial 5 regions, optional 0 regions
[2024-10-12T11:23:56.226+0800][debug][gc,ergo,cset] GC(113) Finish choosing collection set old regions. Initial: 5, optional: 0, predicted old time: 0.00ms, predicted optional time: 0.00ms, time remaining: 47.95
[2024-10-12T11:23:56.331+0800][debug][gc,ergo,cset] Preventive GC, insufficient free regions. Predicted need 9. Curr Eden 2 (Pred 3). Curr Survivor 1 (Pred 1). Curr Old 47 (Pred 5) Free 9 Alloc 1
[2024-10-12T11:23:56.331+0800][debug][gc,ergo,cset] GC(114) Start adding old regions to collection set. Min 5 regions, max 5 regions, time remaining 48.90ms, optional threshold 9.78ms
[2024-10-12T11:23:56.331+0800][debug][gc,ergo,cset] GC(114) Finish adding old regions to collection set (Maximum number of regions). Initial 5 regions, optional 0 regions
[2024-10-12T11:23:56.331+0800][debug][gc,ergo,cset] GC(114) Finish choosing collection set old regions. Initial: 5, optional: 0, predicted old time: 0.00ms, predicted optional time: 0.00ms, time remaining: 47.90
[2024-10-12T11:23:56.436+0800][debug][gc,ergo,cset] GC(115) Start adding old regions to collection set. Min 5 regions, max 5 regions, time remaining 48.91ms, optional threshold 9.78ms
[2024-10-12T11:23:56.436+0800][debug][gc,ergo,cset] GC(115) Old candidate collection set empty.
[2024-10-12T11:23:56.436+0800][debug][gc,ergo,cset] GC(115) Finish choosing collection set old regions. Initial: 3, optional: 0, predicted old time: 0.00ms, predicted optional time: 0.00ms, time remaining: 48.18
[2024-10-12T11:23:56.551+0800][debug][gc,ergo,cset] GC(117) Pruned 0 regions out of 40, leaving 0 bytes waste (allowed 0)
[2024-10-12T11:23:56.759+0800][debug][gc,ergo,cset] Preventive GC, insufficient free regions. Predicted need 5. Curr Eden 1 (Pred 2). Curr Survivor 1 (Pred 1). Curr Old 53 (Pred 2) Free 4 Alloc 1
[2024-10-12T11:23:56.759+0800][debug][gc,ergo,cset] GC(119) Start adding old regions to collection set. Min 5 regions, max 5 regions, time remaining 49.11ms, optional threshold 9.82ms
[2024-10-12T11:23:56.759+0800][debug][gc,ergo,cset] GC(119) Finish adding old regions to collection set (Maximum number of regions). Initial 5 regions, optional 0 regions
[2024-10-12T11:23:56.759+0800][debug][gc,ergo,cset] GC(119) Finish choosing collection set old regions. Initial: 5, optional: 0, predicted old time: 0.00ms, predicted optional time: 0.00ms, time remaining: 48.64
[2024-10-12T11:23:56.802+0800][debug][gc,ergo,cset] Preventive GC, insufficient free regions. Predicted need 6. Curr Eden 1 (Pred 2). Curr Survivor 1 (Pred 1). Curr Old 51 (Pred 3) Free 6 Alloc 1
[2024-10-12T11:23:56.802+0800][debug][gc,ergo,cset] GC(120) Start adding old regions to collection set. Min 5 regions, max 5 regions, time remaining 49.10ms, optional threshold 9.82ms
[2024-10-12T11:23:56.802+0800][debug][gc,ergo,cset] GC(120) Finish adding old regions to collection set (Maximum number of regions). Initial 5 regions, optional 0 regions
[2024-10-12T11:23:56.802+0800][debug][gc,ergo,cset] GC(120) Finish choosing collection set old regions. Initial: 5, optional: 0, predicted old time: 0.00ms, predicted optional time: 0.00ms, time remaining: 48.48
[2024-10-12T11:23:56.906+0800][debug][gc,ergo,cset] Preventive GC, insufficient free regions. Predicted need 7. Curr Eden 2 (Pred 3). Curr Survivor 1 (Pred 1). Curr Old 49 (Pred 3) Free 7 Alloc 1
[2024-10-12T11:23:56.906+0800][debug][gc,ergo,cset] GC(121) Start adding old regions to collection set. Min 5 regions, max 5 regions, time remaining 48.90ms, optional threshold 9.78ms
[2024-10-12T11:23:56.906+0800][debug][gc,ergo,cset] GC(121) Finish adding old regions to collection set (Maximum number of regions). Initial 5 regions, optional 0 regions
[2024-10-12T11:23:56.906+0800][debug][gc,ergo,cset] GC(121) Finish choosing collection set old regions. Initial: 5, optional: 0, predicted old time: 0.00ms, predicted optional time: 0.00ms, time remaining: 48.27
[2024-10-12T11:23:57.011+0800][debug][gc,ergo,cset] GC(122) Start adding old regions to collection set. Min 5 regions, max 5 regions, time remaining 48.91ms, optional threshold 9.78ms
[2024-10-12T11:23:57.011+0800][debug][gc,ergo,cset] GC(122) Finish adding old regions to collection set (Maximum number of regions). Initial 5 regions, optional 0 regions
[2024-10-12T11:23:57.011+0800][debug][gc,ergo,cset] GC(122) Finish choosing collection set old regions. Initial: 5, optional: 0, predicted old time: 0.00ms, predicted optional time: 0.00ms, time remaining: 48.18
[2024-10-12T11:23:57.115+0800][debug][gc,ergo,cset] GC(123) Start adding old regions to collection set. Min 5 regions, max 5 regions, time remaining 48.91ms, optional threshold 9.78ms
[2024-10-12T11:23:57.115+0800][debug][gc,ergo,cset] GC(123) Finish adding old regions to collection set (Maximum number of regions). Initial 5 regions, optional 0 regions
[2024-10-12T11:23:57.116+0800][debug][gc,ergo,cset] GC(123) Finish choosing collection set old regions. Initial: 5, optional: 0, predicted old time: 0.00ms, predicted optional time: 0.00ms, time remaining: 48.08
[2024-10-12T11:23:57.220+0800][debug][gc,ergo,cset] Preventive GC, insufficient free regions. Predicted need 8. Curr Eden 2 (Pred 3). Curr Survivor 1 (Pred 1). Curr Old 48 (Pred 4) Free 8 Alloc 1
[2024-10-12T11:23:57.221+0800][debug][gc,ergo,cset] GC(124) Start adding old regions to collection set. Min 5 regions, max 5 regions, time remaining 48.92ms, optional threshold 9.78ms
[2024-10-12T11:23:57.221+0800][debug][gc,ergo,cset] GC(124) Finish adding old regions to collection set (Maximum number of regions). Initial 5 regions, optional 0 regions
[2024-10-12T11:23:57.221+0800][debug][gc,ergo,cset] GC(124) Finish choosing collection set old regions. Initial: 5, optional: 0, predicted old time: 0.00ms, predicted optional time: 0.00ms, time remaining: 48.04
[2024-10-12T11:23:57.324+0800][debug][gc,ergo,cset] Preventive GC, insufficient free regions. Predicted need 9. Curr Eden 2 (Pred 3). Curr Survivor 1 (Pred 1). Curr Old 47 (Pred 5) Free 9 Alloc 1
[2024-10-12T11:23:57.325+0800][debug][gc,ergo,cset] GC(125) Start adding old regions to collection set. Min 5 regions, max 5 regions, time remaining 48.94ms, optional threshold 9.79ms
[2024-10-12T11:23:57.325+0800][debug][gc,ergo,cset] GC(125) Finish adding old regions to collection set (Maximum number of regions). Initial 5 regions, optional 0 regions
[2024-10-12T11:23:57.325+0800][debug][gc,ergo,cset] GC(125) Finish choosing collection set old regions. Initial: 5, optional: 0, predicted old time: 0.00ms, predicted optional time: 0.00ms, time remaining: 47.96
[2024-10-12T11:23:57.430+0800][debug][gc,ergo,cset] GC(126) Start adding old regions to collection set. Min 5 regions, max 5 regions, time remaining 48.90ms, optional threshold 9.78ms
[2024-10-12T11:23:57.430+0800][debug][gc,ergo,cset] GC(126) Old candidate collection set empty.
[2024-10-12T11:23:57.430+0800][debug][gc,ergo,cset] GC(126) Finish choosing collection set old regions. Initial: 5, optional: 0, predicted old time: 0.00ms, predicted optional time: 0.00ms, time remaining: 47.42
[2024-10-12T11:23:57.651+0800][debug][gc,ergo,cset] GC(129) Pruned 0 regions out of 38, leaving 0 bytes waste (allowed 0)
[2024-10-12T11:23:57.858+0800][debug][gc,ergo,cset] Preventive GC, insufficient free regions. Predicted need 5. Curr Eden 1 (Pred 2). Curr Survivor 1 (Pred 1). Curr Old 52 (Pred 2) Free 5 Alloc 1
[2024-10-12T11:23:57.858+0800][debug][gc,ergo,cset] GC(131) Start adding old regions to collection set. Min 5 regions, max 5 regions, time remaining 49.02ms, optional threshold 9.80ms
[2024-10-12T11:23:57.858+0800][debug][gc,ergo,cset] GC(131) Finish adding old regions to collection set (Maximum number of regions). Initial 5 regions, optional 0 regions
[2024-10-12T11:23:57.858+0800][debug][gc,ergo,cset] GC(131) Finish choosing collection set old regions. Initial: 5, optional: 0, predicted old time: 0.00ms, predicted optional time: 0.00ms, time remaining: 48.33
[2024-10-12T11:23:57.962+0800][debug][gc,ergo,cset] Preventive GC, insufficient free regions. Predicted need 7. Curr Eden 2 (Pred 3). Curr Survivor 1 (Pred 1). Curr Old 49 (Pred 3) Free 7 Alloc 1
[2024-10-12T11:23:57.963+0800][debug][gc,ergo,cset] GC(132) Start adding old regions to collection set. Min 5 regions, max 5 regions, time remaining 48.78ms, optional threshold 9.76ms
[2024-10-12T11:23:57.963+0800][debug][gc,ergo,cset] GC(132) Finish adding old regions to collection set (Maximum number of regions). Initial 5 regions, optional 0 regions
[2024-10-12T11:23:57.963+0800][debug][gc,ergo,cset] GC(132) Finish choosing collection set old regions. Initial: 5, optional: 0, predicted old time: 0.00ms, predicted optional time: 0.00ms, time remaining: 47.96
[2024-10-12T11:23:58.067+0800][debug][gc,ergo,cset] GC(133) Start adding old regions to collection set. Min 5 regions, max 5 regions, time remaining 48.80ms, optional threshold 9.76ms
[2024-10-12T11:23:58.067+0800][debug][gc,ergo,cset] GC(133) Finish adding old regions to collection set (Maximum number of regions). Initial 5 regions, optional 0 regions
[2024-10-12T11:23:58.067+0800][debug][gc,ergo,cset] GC(133) Finish choosing collection set old regions. Initial: 5, optional: 0, predicted old time: 0.00ms, predicted optional time: 0.00ms, time remaining: 47.95
[2024-10-12T11:23:58.171+0800][debug][gc,ergo,cset] Preventive GC, insufficient free regions. Predicted need 8. Curr Eden 2 (Pred 3). Curr Survivor 1 (Pred 1). Curr Old 48 (Pred 4) Free 8 Alloc 1
[2024-10-12T11:23:58.172+0800][debug][gc,ergo,cset] GC(134) Start adding old regions to collection set. Min 5 regions, max 5 regions, time remaining 48.83ms, optional threshold 9.77ms
[2024-10-12T11:23:58.172+0800][debug][gc,ergo,cset] GC(134) Finish adding old regions to collection set (Maximum number of regions). Initial 5 regions, optional 0 regions
[2024-10-12T11:23:58.172+0800][debug][gc,ergo,cset] GC(134) Finish choosing collection set old regions. Initial: 5, optional: 0, predicted old time: 0.00ms, predicted optional time: 0.00ms, time remaining: 47.92
[2024-10-12T11:23:58.276+0800][debug][gc,ergo,cset] Preventive GC, insufficient free regions. Predicted need 8. Curr Eden 2 (Pred 3). Curr Survivor 1 (Pred 1). Curr Old 48 (Pred 4) Free 8 Alloc 1
[2024-10-12T11:23:58.276+0800][debug][gc,ergo,cset] GC(135) Start adding old regions to collection set. Min 5 regions, max 5 regions, time remaining 48.85ms, optional threshold 9.77ms
[2024-10-12T11:23:58.276+0800][debug][gc,ergo,cset] GC(135) Finish adding old regions to collection set (Maximum number of regions). Initial 5 regions, optional 0 regions
[2024-10-12T11:23:58.276+0800][debug][gc,ergo,cset] GC(135) Finish choosing collection set old regions. Initial: 5, optional: 0, predicted old time: 0.00ms, predicted optional time: 0.00ms, time remaining: 47.87
[2024-10-12T11:23:58.381+0800][debug][gc,ergo,cset] Preventive GC, insufficient free regions. Predicted need 8. Curr Eden 2 (Pred 3). Curr Survivor 1 (Pred 1). Curr Old 48 (Pred 4) Free 8 Alloc 1
[2024-10-12T11:23:58.381+0800][debug][gc,ergo,cset] GC(136) Start adding old regions to collection set. Min 5 regions, max 5 regions, time remaining 48.81ms, optional threshold 9.76ms
[2024-10-12T11:23:58.381+0800][debug][gc,ergo,cset] GC(136) Finish adding old regions to collection set (Maximum number of regions). Initial 5 regions, optional 0 regions
[2024-10-12T11:23:58.381+0800][debug][gc,ergo,cset] GC(136) Finish choosing collection set old regions. Initial: 5, optional: 0, predicted old time: 0.00ms, predicted optional time: 0.00ms, time remaining: 47.75
[2024-10-12T11:23:58.485+0800][debug][gc,ergo,cset] Preventive GC, insufficient free regions. Predicted need 9. Curr Eden 2 (Pred 3). Curr Survivor 1 (Pred 1). Curr Old 47 (Pred 5) Free 9 Alloc 1
[2024-10-12T11:23:58.486+0800][debug][gc,ergo,cset] GC(137) Start adding old regions to collection set. Min 5 regions, max 5 regions, time remaining 48.83ms, optional threshold 9.77ms
[2024-10-12T11:23:58.486+0800][debug][gc,ergo,cset] GC(137) Finish adding old regions to collection set (Maximum number of regions). Initial 5 regions, optional 0 regions
[2024-10-12T11:23:58.486+0800][debug][gc,ergo,cset] GC(137) Finish choosing collection set old regions. Initial: 5, optional: 0, predicted old time: 0.00ms, predicted optional time: 0.00ms, time remaining: 47.64
[2024-10-12T11:23:58.592+0800][debug][gc,ergo,cset] Preventive GC, insufficient free regions. Predicted need 7. Curr Eden 2 (Pred 3). Curr Survivor 1 (Pred 1). Curr Old 48 (Pred 3) Free 7 Alloc 1
[2024-10-12T11:23:58.592+0800][debug][gc,ergo,cset] GC(138) Start adding old regions to collection set. Min 5 regions, max 5 regions, time remaining 48.80ms, optional threshold 9.76ms
[2024-10-12T11:23:58.592+0800][debug][gc,ergo,cset] GC(138) Old candidate collection set empty.
[2024-10-12T11:23:58.592+0800][debug][gc,ergo,cset] GC(138) Finish choosing collection set old regions. Initial: 3, optional: 0, predicted old time: 0.00ms, predicted optional time: 0.00ms, time remaining: 47.71
[2024-10-12T11:23:58.708+0800][debug][gc,ergo,cset] GC(140) Pruned 0 regions out of 42, leaving 0 bytes waste (allowed 0)
[2024-10-12T11:23:58.916+0800][debug][gc,ergo,cset] Preventive GC, insufficient free regions. Predicted need 5. Curr Eden 1 (Pred 2). Curr Survivor 1 (Pred 1). Curr Old 53 (Pred 2) Free 4 Alloc 1
[2024-10-12T11:23:58.916+0800][debug][gc,ergo,cset] GC(142) Start adding old regions to collection set. Min 6 regions, max 6 regions, time remaining 49.05ms, optional threshold 9.81ms
[2024-10-12T11:23:58.916+0800][debug][gc,ergo,cset] GC(142) Finish adding old regions to collection set (Maximum number of regions). Initial 6 regions, optional 0 regions
[2024-10-12T11:23:58.916+0800][debug][gc,ergo,cset] GC(142) Finish choosing collection set old regions. Initial: 6, optional: 0, predicted old time: 0.00ms, predicted optional time: 0.00ms, time remaining: 48.37
[2024-10-12T11:23:59.021+0800][debug][gc,ergo,cset] Preventive GC, insufficient free regions. Predicted need 7. Curr Eden 2 (Pred 3). Curr Survivor 1 (Pred 1). Curr Old 50 (Pred 3) Free 6 Alloc 1
[2024-10-12T11:23:59.021+0800][debug][gc,ergo,cset] GC(143) Start adding old regions to collection set. Min 6 regions, max 6 regions, time remaining 48.78ms, optional threshold 9.76ms
[2024-10-12T11:23:59.021+0800][debug][gc,ergo,cset] GC(143) Finish adding old regions to collection set (Maximum number of regions). Initial 6 regions, optional 0 regions
[2024-10-12T11:23:59.021+0800][debug][gc,ergo,cset] GC(143) Finish choosing collection set old regions. Initial: 6, optional: 0, predicted old time: 0.00ms, predicted optional time: 0.00ms, time remaining: 47.90
[2024-10-12T11:23:59.125+0800][debug][gc,ergo,cset] Preventive GC, insufficient free regions. Predicted need 8. Curr Eden 2 (Pred 3). Curr Survivor 1 (Pred 1). Curr Old 49 (Pred 4) Free 7 Alloc 1
[2024-10-12T11:23:59.125+0800][debug][gc,ergo,cset] GC(144) Start adding old regions to collection set. Min 6 regions, max 6 regions, time remaining 48.79ms, optional threshold 9.76ms
[2024-10-12T11:23:59.125+0800][debug][gc,ergo,cset] GC(144) Finish adding old regions to collection set (Maximum number of regions). Initial 6 regions, optional 0 regions
[2024-10-12T11:23:59.125+0800][debug][gc,ergo,cset] GC(144) Finish choosing collection set old regions. Initial: 6, optional: 0, predicted old time: 0.00ms, predicted optional time: 0.00ms, time remaining: 47.75
[2024-10-12T11:23:59.230+0800][debug][gc,ergo,cset] Preventive GC, insufficient free regions. Predicted need 9. Curr Eden 2 (Pred 3). Curr Survivor 1 (Pred 1). Curr Old 48 (Pred 5) Free 8 Alloc 1
[2024-10-12T11:23:59.230+0800][debug][gc,ergo,cset] GC(145) Start adding old regions to collection set. Min 6 regions, max 6 regions, time remaining 48.82ms, optional threshold 9.76ms
[2024-10-12T11:23:59.230+0800][debug][gc,ergo,cset] GC(145) Finish adding old regions to collection set (Maximum number of regions). Initial 6 regions, optional 0 regions
[2024-10-12T11:23:59.230+0800][debug][gc,ergo,cset] GC(145) Finish choosing collection set old regions. Initial: 6, optional: 0, predicted old time: 0.00ms, predicted optional time: 0.00ms, time remaining: 47.65
[2024-10-12T11:23:59.335+0800][debug][gc,ergo,cset] Preventive GC, insufficient free regions. Predicted need 9. Curr Eden 2 (Pred 3). Curr Survivor 1 (Pred 1). Curr Old 48 (Pred 5) Free 8 Alloc 1
[2024-10-12T11:23:59.335+0800][debug][gc,ergo,cset] GC(146) Start adding old regions to collection set. Min 6 regions, max 6 regions, time remaining 48.85ms, optional threshold 9.77ms
[2024-10-12T11:23:59.335+0800][debug][gc,ergo,cset] GC(146) Finish adding old regions to collection set (Maximum number of regions). Initial 6 regions, optional 0 regions
[2024-10-12T11:23:59.335+0800][debug][gc,ergo,cset] GC(146) Finish choosing collection set old regions. Initial: 6, optional: 0, predicted old time: 0.00ms, predicted optional time: 0.00ms, time remaining: 47.66
[2024-10-12T11:23:59.440+0800][debug][gc,ergo,cset] Preventive GC, insufficient free regions. Predicted need 9. Curr Eden 2 (Pred 3). Curr Survivor 1 (Pred 1). Curr Old 48 (Pred 5) Free 8 Alloc 1
[2024-10-12T11:23:59.440+0800][debug][gc,ergo,cset] GC(147) Start adding old regions to collection set. Min 6 regions, max 6 regions, time remaining 48.80ms, optional threshold 9.76ms
[2024-10-12T11:23:59.440+0800][debug][gc,ergo,cset] GC(147) Finish adding old regions to collection set (Maximum number of regions). Initial 6 regions, optional 0 regions
[2024-10-12T11:23:59.440+0800][debug][gc,ergo,cset] GC(147) Finish choosing collection set old regions. Initial: 6, optional: 0, predicted old time: 0.00ms, predicted optional time: 0.00ms, time remaining: 47.43
[2024-10-12T11:23:59.545+0800][debug][gc,ergo,cset] Preventive GC, insufficient free regions. Predicted need 9. Curr Eden 2 (Pred 3). Curr Survivor 1 (Pred 1). Curr Old 47 (Pred 5) Free 9 Alloc 1
[2024-10-12T11:23:59.545+0800][debug][gc,ergo,cset] GC(148) Start adding old regions to collection set. Min 6 regions, max 6 regions, time remaining 48.75ms, optional threshold 9.75ms
[2024-10-12T11:23:59.545+0800][debug][gc,ergo,cset] GC(148) Old candidate collection set empty.
[2024-10-12T11:23:59.545+0800][debug][gc,ergo,cset] GC(148) Finish choosing collection set old regions. Initial: 6, optional: 0, predicted old time: 0.00ms, predicted optional time: 0.00ms, time remaining: 46.92
[2024-10-12T11:23:59.766+0800][debug][gc,ergo,cset] GC(151) Pruned 0 regions out of 42, leaving 0 bytes waste (allowed 0)
[2024-10-12T11:23:59.973+0800][debug][gc,ergo,cset] Preventive GC, insufficient free regions. Predicted need 5. Curr Eden 1 (Pred 2). Curr Survivor 1 (Pred 1). Curr Old 53 (Pred 2) Free 4 Alloc 1
[2024-10-12T11:23:59.974+0800][debug][gc,ergo,cset] GC(153) Start adding old regions to collection set. Min 6 regions, max 6 regions, time remaining 49.13ms, optional threshold 9.83ms
[2024-10-12T11:23:59.974+0800][debug][gc,ergo,cset] GC(153) Finish adding old regions to collection set (Maximum number of regions). Initial 6 regions, optional 0 regions
[2024-10-12T11:23:59.974+0800][debug][gc,ergo,cset] GC(153) Finish choosing collection set old regions. Initial: 6, optional: 0, predicted old time: 0.00ms, predicted optional time: 0.00ms, time remaining: 48.72
[2024-10-12T11:24:00.078+0800][debug][gc,ergo,cset] Preventive GC, insufficient free regions. Predicted need 7. Curr Eden 2 (Pred 3). Curr Survivor 1 (Pred 1). Curr Old 49 (Pred 3) Free 7 Alloc 1
[2024-10-12T11:24:00.078+0800][debug][gc,ergo,cset] GC(154) Start adding old regions to collection set. Min 6 regions, max 6 regions, time remaining 48.90ms, optional threshold 9.78ms
[2024-10-12T11:24:00.078+0800][debug][gc,ergo,cset] GC(154) Finish adding old regions to collection set (Maximum number of regions). Initial 6 regions, optional 0 regions
[2024-10-12T11:24:00.078+0800][debug][gc,ergo,cset] GC(154) Finish choosing collection set old regions. Initial: 6, optional: 0, predicted old time: 0.00ms, predicted optional time: 0.00ms, time remaining: 48.16
[2024-10-12T11:24:00.182+0800][debug][gc,ergo,cset] Preventive GC, insufficient free regions. Predicted need 8. Curr Eden 2 (Pred 3). Curr Survivor 1 (Pred 1). Curr Old 48 (Pred 4) Free 8 Alloc 1
[2024-10-12T11:24:00.183+0800][debug][gc,ergo,cset] GC(155) Start adding old regions to collection set. Min 6 regions, max 6 regions, time remaining 48.84ms, optional threshold 9.77ms
[2024-10-12T11:24:00.183+0800][debug][gc,ergo,cset] GC(155) Finish adding old regions to collection set (Maximum number of regions). Initial 6 regions, optional 0 regions
[2024-10-12T11:24:00.183+0800][debug][gc,ergo,cset] GC(155) Finish choosing collection set old regions. Initial: 6, optional: 0, predicted old time: 0.00ms, predicted optional time: 0.00ms, time remaining: 47.88
[2024-10-12T11:24:00.288+0800][debug][gc,ergo,cset] GC(156) Start adding old regions to collection set. Min 6 regions, max 6 regions, time remaining 48.85ms, optional threshold 9.77ms
[2024-10-12T11:24:00.288+0800][debug][gc,ergo,cset] GC(156) Finish adding old regions to collection set (Maximum number of regions). Initial 6 regions, optional 0 regions
[2024-10-12T11:24:00.288+0800][debug][gc,ergo,cset] GC(156) Finish choosing collection set old regions. Initial: 6, optional: 0, predicted old time: 0.00ms, predicted optional time: 0.00ms, time remaining: 47.74
[2024-10-12T11:24:00.392+0800][debug][gc,ergo,cset] GC(157) Start adding old regions to collection set. Min 6 regions, max 6 regions, time remaining 48.85ms, optional threshold 9.77ms
[2024-10-12T11:24:00.392+0800][debug][gc,ergo,cset] GC(157) Finish adding old regions to collection set (Maximum number of regions). Initial 6 regions, optional 0 regions
[2024-10-12T11:24:00.392+0800][debug][gc,ergo,cset] GC(157) Finish choosing collection set old regions. Initial: 6, optional: 0, predicted old time: 0.00ms, predicted optional time: 0.00ms, time remaining: 47.62
[2024-10-12T11:24:00.498+0800][debug][gc,ergo,cset] Preventive GC, insufficient free regions. Predicted need 10. Curr Eden 2 (Pred 3). Curr Survivor 1 (Pred 1). Curr Old 46 (Pred 6) Free 10 Alloc 1
[2024-10-12T11:24:00.498+0800][debug][gc,ergo,cset] GC(158) Start adding old regions to collection set. Min 6 regions, max 6 regions, time remaining 48.83ms, optional threshold 9.77ms
[2024-10-12T11:24:00.498+0800][debug][gc,ergo,cset] GC(158) Finish adding old regions to collection set (Maximum number of regions). Initial 6 regions, optional 0 regions
[2024-10-12T11:24:00.498+0800][debug][gc,ergo,cset] GC(158) Finish choosing collection set old regions. Initial: 6, optional: 0, predicted old time: 0.00ms, predicted optional time: 0.00ms, time remaining: 47.49
[2024-10-12T11:24:00.603+0800][debug][gc,ergo,cset] Preventive GC, insufficient free regions. Predicted need 10. Curr Eden 2 (Pred 3). Curr Survivor 1 (Pred 1). Curr Old 47 (Pred 6) Free 9 Alloc 1
[2024-10-12T11:24:00.603+0800][debug][gc,ergo,cset] GC(159) Start adding old regions to collection set. Min 6 regions, max 6 regions, time remaining 48.86ms, optional threshold 9.77ms
[2024-10-12T11:24:00.603+0800][debug][gc,ergo,cset] GC(159) Old candidate collection set empty.
[2024-10-12T11:24:00.603+0800][debug][gc,ergo,cset] GC(159) Finish choosing collection set old regions. Initial: 6, optional: 0, predicted old time: 0.00ms, predicted optional time: 0.00ms, time remaining: 47.14
[2024-10-12T11:24:00.825+0800][debug][gc,ergo,cset] GC(162) Pruned 0 regions out of 40, leaving 0 bytes waste (allowed 0)
[2024-10-12T11:24:01.032+0800][debug][gc,ergo,cset] Preventive GC, insufficient free regions. Predicted need 5. Curr Eden 1 (Pred 2). Curr Survivor 1 (Pred 1). Curr Old 52 (Pred 2) Free 5 Alloc 1
[2024-10-12T11:24:01.032+0800][debug][gc,ergo,cset] GC(164) Start adding old regions to collection set. Min 5 regions, max 5 regions, time remaining 49.14ms, optional threshold 9.83ms
[2024-10-12T11:24:01.032+0800][debug][gc,ergo,cset] GC(164) Finish adding old regions to collection set (Maximum number of regions). Initial 5 regions, optional 0 regions
[2024-10-12T11:24:01.032+0800][debug][gc,ergo,cset] GC(164) Finish choosing collection set old regions. Initial: 5, optional: 0, predicted old time: 0.00ms, predicted optional time: 0.00ms, time remaining: 48.68
[2024-10-12T11:24:01.136+0800][debug][gc,ergo,cset] Preventive GC, insufficient free regions. Predicted need 7. Curr Eden 2 (Pred 3). Curr Survivor 1 (Pred 1). Curr Old 49 (Pred 3) Free 7 Alloc 1
[2024-10-12T11:24:01.136+0800][debug][gc,ergo,cset] GC(165) Start adding old regions to collection set. Min 5 regions, max 5 regions, time remaining 48.83ms, optional threshold 9.77ms
[2024-10-12T11:24:01.136+0800][debug][gc,ergo,cset] GC(165) Finish adding old regions to collection set (Maximum number of regions). Initial 5 regions, optional 0 regions
[2024-10-12T11:24:01.136+0800][debug][gc,ergo,cset] GC(165) Finish choosing collection set old regions. Initial: 5, optional: 0, predicted old time: 0.00ms, predicted optional time: 0.00ms, time remaining: 48.13
[2024-10-12T11:24:01.241+0800][debug][gc,ergo,cset] GC(166) Start adding old regions to collection set. Min 5 regions, max 5 regions, time remaining 48.82ms, optional threshold 9.76ms
[2024-10-12T11:24:01.241+0800][debug][gc,ergo,cset] GC(166) Finish adding old regions to collection set (Maximum number of regions). Initial 5 regions, optional 0 regions
[2024-10-12T11:24:01.241+0800][debug][gc,ergo,cset] GC(166) Finish choosing collection set old regions. Initial: 5, optional: 0, predicted old time: 0.00ms, predicted optional time: 0.00ms, time remaining: 48.05
[2024-10-12T11:24:01.346+0800][debug][gc,ergo,cset] GC(167) Start adding old regions to collection set. Min 5 regions, max 5 regions, time remaining 48.81ms, optional threshold 9.76ms
[2024-10-12T11:24:01.346+0800][debug][gc,ergo,cset] GC(167) Finish adding old regions to collection set (Maximum number of regions). Initial 5 regions, optional 0 regions
[2024-10-12T11:24:01.346+0800][debug][gc,ergo,cset] GC(167) Finish choosing collection set old regions. Initial: 5, optional: 0, predicted old time: 0.00ms, predicted optional time: 0.00ms, time remaining: 47.98
[2024-10-12T11:24:01.451+0800][debug][gc,ergo,cset] GC(168) Start adding old regions to collection set. Min 5 regions, max 5 regions, time remaining 48.83ms, optional threshold 9.77ms
[2024-10-12T11:24:01.451+0800][debug][gc,ergo,cset] GC(168) Finish adding old regions to collection set (Maximum number of regions). Initial 5 regions, optional 0 regions
[2024-10-12T11:24:01.451+0800][debug][gc,ergo,cset] GC(168) Finish choosing collection set old regions. Initial: 5, optional: 0, predicted old time: 0.00ms, predicted optional time: 0.00ms, time remaining: 47.90
[2024-10-12T11:24:01.555+0800][debug][gc,ergo,cset] GC(169) Start adding old regions to collection set. Min 5 regions, max 5 regions, time remaining 48.86ms, optional threshold 9.77ms
[2024-10-12T11:24:01.555+0800][debug][gc,ergo,cset] GC(169) Finish adding old regions to collection set (Maximum number of regions). Initial 5 regions, optional 0 regions
[2024-10-12T11:24:01.555+0800][debug][gc,ergo,cset] GC(169) Finish choosing collection set old regions. Initial: 5, optional: 0, predicted old time: 0.00ms, predicted optional time: 0.00ms, time remaining: 47.81
[2024-10-12T11:24:01.661+0800][debug][gc,ergo,cset] GC(170) Start adding old regions to collection set. Min 5 regions, max 5 regions, time remaining 48.88ms, optional threshold 9.78ms
[2024-10-12T11:24:01.661+0800][debug][gc,ergo,cset] GC(170) Finish adding old regions to collection set (Maximum number of regions). Initial 5 regions, optional 0 regions
[2024-10-12T11:24:01.661+0800][debug][gc,ergo,cset] GC(170) Finish choosing collection set old regions. Initial: 5, optional: 0, predicted old time: 0.00ms, predicted optional time: 0.00ms, time remaining: 47.84
[2024-10-12T11:24:01.765+0800][debug][gc,ergo,cset] Preventive GC, insufficient free regions. Predicted need 9. Curr Eden 2 (Pred 3). Curr Survivor 1 (Pred 1). Curr Old 47 (Pred 5) Free 9 Alloc 1
[2024-10-12T11:24:01.766+0800][debug][gc,ergo,cset] GC(171) Start adding old regions to collection set. Min 5 regions, max 5 regions, time remaining 48.85ms, optional threshold 9.77ms
[2024-10-12T11:24:01.766+0800][debug][gc,ergo,cset] GC(171) Old candidate collection set empty.
[2024-10-12T11:24:01.766+0800][debug][gc,ergo,cset] GC(171) Finish choosing collection set old regions. Initial: 5, optional: 0, predicted old time: 0.00ms, predicted optional time: 0.00ms, time remaining: 47.54
[2024-10-12T11:24:01.986+0800][debug][gc,ergo,cset] GC(174) Pruned 0 regions out of 45, leaving 0 bytes waste (allowed 0)
[2024-10-12T11:24:02.193+0800][debug][gc,ergo,cset] Preventive GC, insufficient free regions. Predicted need 5. Curr Eden 1 (Pred 2). Curr Survivor 1 (Pred 1). Curr Old 52 (Pred 2) Free 5 Alloc 1
[2024-10-12T11:24:02.193+0800][debug][gc,ergo,cset] GC(176) Start adding old regions to collection set. Min 6 regions, max 6 regions, time remaining 49.14ms, optional threshold 9.83ms
[2024-10-12T11:24:02.193+0800][debug][gc,ergo,cset] GC(176) Finish adding old regions to collection set (Maximum number of regions). Initial 6 regions, optional 0 regions
[2024-10-12T11:24:02.193+0800][debug][gc,ergo,cset] GC(176) Finish choosing collection set old regions. Initial: 6, optional: 0, predicted old time: 0.00ms, predicted optional time: 0.00ms, time remaining: 48.64
[2024-10-12T11:24:02.297+0800][debug][gc,ergo,cset] Preventive GC, insufficient free regions. Predicted need 8. Curr Eden 2 (Pred 3). Curr Survivor 1 (Pred 1). Curr Old 49 (Pred 4) Free 7 Alloc 1
[2024-10-12T11:24:02.298+0800][debug][gc,ergo,cset] GC(177) Start adding old regions to collection set. Min 6 regions, max 6 regions, time remaining 48.86ms, optional threshold 9.77ms
[2024-10-12T11:24:02.298+0800][debug][gc,ergo,cset] GC(177) Finish adding old regions to collection set (Maximum number of regions). Initial 6 regions, optional 0 regions
[2024-10-12T11:24:02.298+0800][debug][gc,ergo,cset] GC(177) Finish choosing collection set old regions. Initial: 6, optional: 0, predicted old time: 0.00ms, predicted optional time: 0.00ms, time remaining: 47.89
[2024-10-12T11:24:02.402+0800][debug][gc,ergo,cset] Preventive GC, insufficient free regions. Predicted need 8. Curr Eden 2 (Pred 3). Curr Survivor 1 (Pred 1). Curr Old 49 (Pred 4) Free 7 Alloc 1
[2024-10-12T11:24:02.402+0800][debug][gc,ergo,cset] GC(178) Start adding old regions to collection set. Min 6 regions, max 6 regions, time remaining 48.85ms, optional threshold 9.77ms
[2024-10-12T11:24:02.402+0800][debug][gc,ergo,cset] GC(178) Finish adding old regions to collection set (Maximum number of regions). Initial 6 regions, optional 0 regions
[2024-10-12T11:24:02.402+0800][debug][gc,ergo,cset] GC(178) Finish choosing collection set old regions. Initial: 6, optional: 0, predicted old time: 0.00ms, predicted optional time: 0.00ms, time remaining: 47.83
[2024-10-12T11:24:02.507+0800][debug][gc,ergo,cset] Preventive GC, insufficient free regions. Predicted need 9. Curr Eden 2 (Pred 3). Curr Survivor 1 (Pred 1). Curr Old 48 (Pred 5) Free 8 Alloc 1
[2024-10-12T11:24:02.507+0800][debug][gc,ergo,cset] GC(179) Start adding old regions to collection set. Min 6 regions, max 6 regions, time remaining 48.82ms, optional threshold 9.76ms
[2024-10-12T11:24:02.507+0800][debug][gc,ergo,cset] GC(179) Finish adding old regions to collection set (Maximum number of regions). Initial 6 regions, optional 0 regions
[2024-10-12T11:24:02.507+0800][debug][gc,ergo,cset] GC(179) Finish choosing collection set old regions. Initial: 6, optional: 0, predicted old time: 0.00ms, predicted optional time: 0.00ms, time remaining: 47.67
[2024-10-12T11:24:02.612+0800][debug][gc,ergo,cset] Preventive GC, insufficient free regions. Predicted need 9. Curr Eden 2 (Pred 3). Curr Survivor 1 (Pred 1). Curr Old 48 (Pred 5) Free 8 Alloc 1
[2024-10-12T11:24:02.612+0800][debug][gc,ergo,cset] GC(180) Start adding old regions to collection set. Min 6 regions, max 6 regions, time remaining 48.83ms, optional threshold 9.77ms
[2024-10-12T11:24:02.612+0800][debug][gc,ergo,cset] GC(180) Finish adding old regions to collection set (Maximum number of regions). Initial 6 regions, optional 0 regions
[2024-10-12T11:24:02.612+0800][debug][gc,ergo,cset] GC(180) Finish choosing collection set old regions. Initial: 6, optional: 0, predicted old time: 0.00ms, predicted optional time: 0.00ms, time remaining: 47.57
[2024-10-12T11:24:02.718+0800][debug][gc,ergo,cset] Preventive GC, insufficient free regions. Predicted need 9. Curr Eden 2 (Pred 3). Curr Survivor 1 (Pred 1). Curr Old 48 (Pred 5) Free 8 Alloc 1
[2024-10-12T11:24:02.718+0800][debug][gc,ergo,cset] GC(181) Start adding old regions to collection set. Min 6 regions, max 6 regions, time remaining 48.77ms, optional threshold 9.75ms
[2024-10-12T11:24:02.718+0800][debug][gc,ergo,cset] GC(181) Finish adding old regions to collection set (Maximum number of regions). Initial 6 regions, optional 0 regions
[2024-10-12T11:24:02.718+0800][debug][gc,ergo,cset] GC(181) Finish choosing collection set old regions. Initial: 6, optional: 0, predicted old time: 0.00ms, predicted optional time: 0.00ms, time remaining: 47.34
[2024-10-12T11:24:02.823+0800][debug][gc,ergo,cset] Preventive GC, insufficient free regions. Predicted need 10. Curr Eden 2 (Pred 3). Curr Survivor 1 (Pred 1). Curr Old 46 (Pred 6) Free 10 Alloc 1
[2024-10-12T11:24:02.823+0800][debug][gc,ergo,cset] GC(182) Start adding old regions to collection set. Min 6 regions, max 6 regions, time remaining 48.79ms, optional threshold 9.76ms
[2024-10-12T11:24:02.823+0800][debug][gc,ergo,cset] GC(182) Finish adding old regions to collection set (Maximum number of regions). Initial 6 regions, optional 0 regions
[2024-10-12T11:24:02.823+0800][debug][gc,ergo,cset] GC(182) Finish choosing collection set old regions. Initial: 6, optional: 0, predicted old time: 0.00ms, predicted optional time: 0.00ms, time remaining: 47.33
[2024-10-12T11:24:02.929+0800][debug][gc,ergo,cset] GC(183) Start adding old regions to collection set. Min 6 regions, max 6 regions, time remaining 48.81ms, optional threshold 9.76ms
[2024-10-12T11:24:02.929+0800][debug][gc,ergo,cset] GC(183) Old candidate collection set empty.
[2024-10-12T11:24:02.929+0800][debug][gc,ergo,cset] GC(183) Finish choosing collection set old regions. Initial: 3, optional: 0, predicted old time: 0.00ms, predicted optional time: 0.00ms, time remaining: 47.94
[2024-10-12T11:24:03.149+0800][debug][gc,ergo,cset] GC(186) Pruned 0 regions out of 44, leaving 0 bytes waste (allowed 0)
[2024-10-12T11:24:03.293+0800][debug][gc,ergo,cset] Preventive GC, insufficient free regions. Predicted need 4. Curr Eden 2 (Pred 3). Curr Survivor 1 (Pred 1). Curr Old 52 (Pred 0) Free 4 Alloc 1
[2024-10-12T11:24:03.356+0800][debug][gc,ergo,cset] Preventive GC, insufficient free regions. Predicted need 6. Curr Eden 1 (Pred 2). Curr Survivor 1 (Pred 1). Curr Old 54 (Pred 3) Free 3 Alloc 1
[2024-10-12T11:24:03.356+0800][debug][gc,ergo,cset] GC(188) Start adding old regions to collection set. Min 6 regions, max 6 regions, time remaining 49.13ms, optional threshold 9.83ms
[2024-10-12T11:24:03.356+0800][debug][gc,ergo,cset] GC(188) Finish adding old regions to collection set (Maximum number of regions). Initial 6 regions, optional 0 regions
[2024-10-12T11:24:03.356+0800][debug][gc,ergo,cset] GC(188) Finish choosing collection set old regions. Initial: 6, optional: 0, predicted old time: 0.00ms, predicted optional time: 0.00ms, time remaining: 48.50
[2024-10-12T11:24:03.400+0800][debug][gc,ergo,cset] Preventive GC, insufficient free regions. Predicted need 7. Curr Eden 1 (Pred 2). Curr Survivor 1 (Pred 1). Curr Old 56 (Pred 4) Free 1 Alloc 1
[2024-10-12T11:24:03.400+0800][debug][gc,ergo,cset] GC(189) Start adding old regions to collection set. Min 6 regions, max 6 regions, time remaining 49.11ms, optional threshold 9.82ms
[2024-10-12T11:24:03.400+0800][debug][gc,ergo,cset] GC(189) Finish adding old regions to collection set (Maximum number of regions). Initial 6 regions, optional 0 regions
[2024-10-12T11:24:03.400+0800][debug][gc,ergo,cset] GC(189) Finish choosing collection set old regions. Initial: 6, optional: 0, predicted old time: 0.00ms, predicted optional time: 0.00ms, time remaining: 48.23
[2024-10-12T11:24:03.463+0800][debug][gc,ergo,cset] GC(190) Start adding old regions to collection set. Min 6 regions, max 6 regions, time remaining 49.07ms, optional threshold 9.81ms
[2024-10-12T11:24:03.463+0800][debug][gc,ergo,cset] GC(190) Finish adding old regions to collection set (Maximum number of regions). Initial 6 regions, optional 0 regions
[2024-10-12T11:24:03.463+0800][debug][gc,ergo,cset] GC(190) Finish choosing collection set old regions. Initial: 6, optional: 0, predicted old time: 0.00ms, predicted optional time: 0.00ms, time remaining: 48.15
[2024-10-12T11:24:04.114+0800][debug][gc,ergo,cset] GC(197) Pruned 0 regions out of 41, leaving 0 bytes waste (allowed 0)
[2024-10-12T11:24:04.361+0800][debug][gc,ergo,cset] Preventive GC, insufficient free regions. Predicted need 6. Curr Eden 2 (Pred 3). Curr Survivor 1 (Pred 1). Curr Old 51 (Pred 2) Free 5 Alloc 1
[2024-10-12T11:24:04.362+0800][debug][gc,ergo,cset] GC(199) Start adding old regions to collection set. Min 6 regions, max 6 regions, time remaining 49.02ms, optional threshold 9.80ms
[2024-10-12T11:24:04.362+0800][debug][gc,ergo,cset] GC(199) Finish adding old regions to collection set (Maximum number of regions). Initial 6 regions, optional 0 regions
[2024-10-12T11:24:04.362+0800][debug][gc,ergo,cset] GC(199) Finish choosing collection set old regions. Initial: 6, optional: 0, predicted old time: 0.00ms, predicted optional time: 0.00ms, time remaining: 48.50
[2024-10-12T11:24:04.466+0800][debug][gc,ergo,cset] Preventive GC, insufficient free regions. Predicted need 8. Curr Eden 2 (Pred 3). Curr Survivor 1 (Pred 1). Curr Old 49 (Pred 4) Free 7 Alloc 1
[2024-10-12T11:24:04.466+0800][debug][gc,ergo,cset] GC(200) Start adding old regions to collection set. Min 6 regions, max 6 regions, time remaining 48.94ms, optional threshold 9.79ms
[2024-10-12T11:24:04.466+0800][debug][gc,ergo,cset] GC(200) Finish adding old regions to collection set (Maximum number of regions). Initial 6 regions, optional 0 regions
[2024-10-12T11:24:04.466+0800][debug][gc,ergo,cset] GC(200) Finish choosing collection set old regions. Initial: 6, optional: 0, predicted old time: 0.00ms, predicted optional time: 0.00ms, time remaining: 47.99
[2024-10-12T11:24:04.571+0800][debug][gc,ergo,cset] Preventive GC, insufficient free regions. Predicted need 9. Curr Eden 2 (Pred 3). Curr Survivor 1 (Pred 1). Curr Old 48 (Pred 5) Free 8 Alloc 1
[2024-10-12T11:24:04.571+0800][debug][gc,ergo,cset] GC(201) Start adding old regions to collection set. Min 6 regions, max 6 regions, time remaining 48.90ms, optional threshold 9.78ms
[2024-10-12T11:24:04.571+0800][debug][gc,ergo,cset] GC(201) Finish adding old regions to collection set (Maximum number of regions). Initial 6 regions, optional 0 regions
[2024-10-12T11:24:04.571+0800][debug][gc,ergo,cset] GC(201) Finish choosing collection set old regions. Initial: 6, optional: 0, predicted old time: 0.00ms, predicted optional time: 0.00ms, time remaining: 47.81
[2024-10-12T11:24:04.675+0800][debug][gc,ergo,cset] Preventive GC, insufficient free regions. Predicted need 9. Curr Eden 2 (Pred 3). Curr Survivor 1 (Pred 1). Curr Old 48 (Pred 5) Free 8 Alloc 1
[2024-10-12T11:24:04.676+0800][debug][gc,ergo,cset] GC(202) Start adding old regions to collection set. Min 6 regions, max 6 regions, time remaining 48.88ms, optional threshold 9.78ms
[2024-10-12T11:24:04.676+0800][debug][gc,ergo,cset] GC(202) Finish adding old regions to collection set (Maximum number of regions). Initial 6 regions, optional 0 regions
[2024-10-12T11:24:04.676+0800][debug][gc,ergo,cset] GC(202) Finish choosing collection set old regions. Initial: 6, optional: 0, predicted old time: 0.00ms, predicted optional time: 0.00ms, time remaining: 47.71
[2024-10-12T11:24:04.781+0800][debug][gc,ergo,cset] Preventive GC, insufficient free regions. Predicted need 9. Curr Eden 2 (Pred 3). Curr Survivor 1 (Pred 1). Curr Old 48 (Pred 5) Free 8 Alloc 1
[2024-10-12T11:24:04.781+0800][debug][gc,ergo,cset] GC(203) Start adding old regions to collection set. Min 6 regions, max 6 regions, time remaining 48.82ms, optional threshold 9.76ms
[2024-10-12T11:24:04.781+0800][debug][gc,ergo,cset] GC(203) Finish adding old regions to collection set (Maximum number of regions). Initial 6 regions, optional 0 regions
[2024-10-12T11:24:04.781+0800][debug][gc,ergo,cset] GC(203) Finish choosing collection set old regions. Initial: 6, optional: 0, predicted old time: 0.00ms, predicted optional time: 0.00ms, time remaining: 47.51
[2024-10-12T11:24:04.886+0800][debug][gc,ergo,cset] Preventive GC, insufficient free regions. Predicted need 10. Curr Eden 2 (Pred 3). Curr Survivor 1 (Pred 1). Curr Old 47 (Pred 6) Free 9 Alloc 1
[2024-10-12T11:24:04.886+0800][debug][gc,ergo,cset] GC(204) Start adding old regions to collection set. Min 6 regions, max 6 regions, time remaining 48.80ms, optional threshold 9.76ms
[2024-10-12T11:24:04.886+0800][debug][gc,ergo,cset] GC(204) Finish adding old regions to collection set (Maximum number of regions). Initial 6 regions, optional 0 regions
[2024-10-12T11:24:04.886+0800][debug][gc,ergo,cset] GC(204) Finish choosing collection set old regions. Initial: 6, optional: 0, predicted old time: 0.00ms, predicted optional time: 0.00ms, time remaining: 47.46
[2024-10-12T11:24:04.991+0800][debug][gc,ergo,cset] Preventive GC, insufficient free regions. Predicted need 8. Curr Eden 2 (Pred 3). Curr Survivor 1 (Pred 1). Curr Old 48 (Pred 4) Free 8 Alloc 1
[2024-10-12T11:24:04.991+0800][debug][gc,ergo,cset] GC(205) Start adding old regions to collection set. Min 6 regions, max 6 regions, time remaining 48.83ms, optional threshold 9.77ms
[2024-10-12T11:24:04.991+0800][debug][gc,ergo,cset] GC(205) Old candidate collection set empty.
[2024-10-12T11:24:04.991+0800][debug][gc,ergo,cset] GC(205) Finish choosing collection set old regions. Initial: 5, optional: 0, predicted old time: 0.00ms, predicted optional time: 0.00ms, time remaining: 47.54
[2024-10-12T11:24:05.109+0800][debug][gc,ergo,cset] GC(208) Pruned 0 regions out of 43, leaving 0 bytes waste (allowed 0)
[2024-10-12T11:24:05.337+0800][debug][gc,ergo,cset] Preventive GC, insufficient free regions. Predicted need 5. Curr Eden 1 (Pred 2). Curr Survivor 1 (Pred 1). Curr Old 52 (Pred 2) Free 5 Alloc 1
[2024-10-12T11:24:05.337+0800][debug][gc,ergo,cset] GC(210) Start adding old regions to collection set. Min 6 regions, max 6 regions, time remaining 49.16ms, optional threshold 9.83ms
[2024-10-12T11:24:05.337+0800][debug][gc,ergo,cset] GC(210) Finish adding old regions to collection set (Maximum number of regions). Initial 6 regions, optional 0 regions
[2024-10-12T11:24:05.337+0800][debug][gc,ergo,cset] GC(210) Finish choosing collection set old regions. Initial: 6, optional: 0, predicted old time: 0.00ms, predicted optional time: 0.00ms, time remaining: 48.64
[2024-10-12T11:24:05.441+0800][debug][gc,ergo,cset] Preventive GC, insufficient free regions. Predicted need 8. Curr Eden 2 (Pred 3). Curr Survivor 1 (Pred 1). Curr Old 49 (Pred 4) Free 7 Alloc 1
[2024-10-12T11:24:05.442+0800][debug][gc,ergo,cset] GC(211) Start adding old regions to collection set. Min 6 regions, max 6 regions, time remaining 48.89ms, optional threshold 9.78ms
[2024-10-12T11:24:05.442+0800][debug][gc,ergo,cset] GC(211) Finish adding old regions to collection set (Maximum number of regions). Initial 6 regions, optional 0 regions
[2024-10-12T11:24:05.442+0800][debug][gc,ergo,cset] GC(211) Finish choosing collection set old regions. Initial: 6, optional: 0, predicted old time: 0.00ms, predicted optional time: 0.00ms, time remaining: 47.98
[2024-10-12T11:24:05.546+0800][debug][gc,ergo,cset] Preventive GC, insufficient free regions. Predicted need 8. Curr Eden 2 (Pred 3). Curr Survivor 1 (Pred 1). Curr Old 48 (Pred 4) Free 8 Alloc 1
[2024-10-12T11:24:05.546+0800][debug][gc,ergo,cset] GC(212) Start adding old regions to collection set. Min 6 regions, max 6 regions, time remaining 48.86ms, optional threshold 9.77ms
[2024-10-12T11:24:05.546+0800][debug][gc,ergo,cset] GC(212) Finish adding old regions to collection set (Maximum number of regions). Initial 6 regions, optional 0 regions
[2024-10-12T11:24:05.546+0800][debug][gc,ergo,cset] GC(212) Finish choosing collection set old regions. Initial: 6, optional: 0, predicted old time: 0.00ms, predicted optional time: 0.00ms, time remaining: 47.89
[2024-10-12T11:24:05.651+0800][debug][gc,ergo,cset] Preventive GC, insufficient free regions. Predicted need 8. Curr Eden 2 (Pred 3). Curr Survivor 1 (Pred 1). Curr Old 48 (Pred 4) Free 8 Alloc 1
[2024-10-12T11:24:05.651+0800][debug][gc,ergo,cset] GC(213) Start adding old regions to collection set. Min 6 regions, max 6 regions, time remaining 48.86ms, optional threshold 9.77ms
[2024-10-12T11:24:05.651+0800][debug][gc,ergo,cset] GC(213) Finish adding old regions to collection set (Maximum number of regions). Initial 6 regions, optional 0 regions
[2024-10-12T11:24:05.652+0800][debug][gc,ergo,cset] GC(213) Finish choosing collection set old regions. Initial: 6, optional: 0, predicted old time: 0.00ms, predicted optional time: 0.00ms, time remaining: 47.78
[2024-10-12T11:24:05.756+0800][debug][gc,ergo,cset] Preventive GC, insufficient free regions. Predicted need 9. Curr Eden 2 (Pred 3). Curr Survivor 1 (Pred 1). Curr Old 47 (Pred 5) Free 9 Alloc 1
[2024-10-12T11:24:05.756+0800][debug][gc,ergo,cset] GC(214) Start adding old regions to collection set. Min 6 regions, max 6 regions, time remaining 48.84ms, optional threshold 9.77ms
[2024-10-12T11:24:05.756+0800][debug][gc,ergo,cset] GC(214) Finish adding old regions to collection set (Maximum number of regions). Initial 6 regions, optional 0 regions
[2024-10-12T11:24:05.756+0800][debug][gc,ergo,cset] GC(214) Finish choosing collection set old regions. Initial: 6, optional: 0, predicted old time: 0.00ms, predicted optional time: 0.00ms, time remaining: 47.67
[2024-10-12T11:24:05.861+0800][debug][gc,ergo,cset] Preventive GC, insufficient free regions. Predicted need 9. Curr Eden 2 (Pred 3). Curr Survivor 1 (Pred 2). Curr Old 47 (Pred 5) Free 9 Alloc 1
[2024-10-12T11:24:05.862+0800][debug][gc,ergo,cset] GC(215) Start adding old regions to collection set. Min 6 regions, max 6 regions, time remaining 48.87ms, optional threshold 9.77ms
[2024-10-12T11:24:05.862+0800][debug][gc,ergo,cset] GC(215) Finish adding old regions to collection set (Maximum number of regions). Initial 6 regions, optional 0 regions
[2024-10-12T11:24:05.862+0800][debug][gc,ergo,cset] GC(215) Finish choosing collection set old regions. Initial: 6, optional: 0, predicted old time: 0.00ms, predicted optional time: 0.00ms, time remaining: 47.60
[2024-10-12T11:24:05.966+0800][debug][gc,ergo,cset] Preventive GC, insufficient free regions. Predicted need 9. Curr Eden 2 (Pred 3). Curr Survivor 1 (Pred 1). Curr Old 47 (Pred 5) Free 9 Alloc 1
[2024-10-12T11:24:05.966+0800][debug][gc,ergo,cset] GC(216) Start adding old regions to collection set. Min 6 regions, max 6 regions, time remaining 48.89ms, optional threshold 9.78ms
[2024-10-12T11:24:05.966+0800][debug][gc,ergo,cset] GC(216) Finish adding old regions to collection set (Maximum number of regions). Initial 6 regions, optional 0 regions
[2024-10-12T11:24:05.966+0800][debug][gc,ergo,cset] GC(216) Finish choosing collection set old regions. Initial: 6, optional: 0, predicted old time: 0.00ms, predicted optional time: 0.00ms, time remaining: 47.54
[2024-10-12T11:24:06.072+0800][debug][gc,ergo,cset] GC(217) Start adding old regions to collection set. Min 6 regions, max 6 regions, time remaining 48.83ms, optional threshold 9.77ms
[2024-10-12T11:24:06.072+0800][debug][gc,ergo,cset] GC(217) Old candidate collection set empty.
[2024-10-12T11:24:06.072+0800][debug][gc,ergo,cset] GC(217) Finish choosing collection set old regions. Initial: 1, optional: 0, predicted old time: 0.00ms, predicted optional time: 0.00ms, time remaining: 48.56
[2024-10-12T11:24:06.290+0800][debug][gc,ergo,cset] GC(220) Pruned 0 regions out of 47, leaving 0 bytes waste (allowed 0)
[2024-10-12T11:24:06.434+0800][debug][gc,ergo,cset] Preventive GC, insufficient free regions. Predicted need 4. Curr Eden 2 (Pred 3). Curr Survivor 1 (Pred 1). Curr Old 52 (Pred 0) Free 4 Alloc 1
[2024-10-12T11:24:06.498+0800][debug][gc,ergo,cset] Preventive GC, insufficient free regions. Predicted need 5. Curr Eden 1 (Pred 2). Curr Survivor 1 (Pred 1). Curr Old 54 (Pred 2) Free 3 Alloc 1
[2024-10-12T11:24:06.498+0800][debug][gc,ergo,cset] GC(222) Start adding old regions to collection set. Min 6 regions, max 6 regions, time remaining 49.16ms, optional threshold 9.83ms
[2024-10-12T11:24:06.498+0800][debug][gc,ergo,cset] GC(222) Finish adding old regions to collection set (Maximum number of regions). Initial 6 regions, optional 0 regions
[2024-10-12T11:24:06.498+0800][debug][gc,ergo,cset] GC(222) Finish choosing collection set old regions. Initial: 6, optional: 0, predicted old time: 0.00ms, predicted optional time: 0.00ms, time remaining: 48.46
[2024-10-12T11:24:06.540+0800][debug][gc,ergo,cset] Preventive GC, insufficient free regions. Predicted need 6. Curr Eden 1 (Pred 2). Curr Survivor 1 (Pred 1). Curr Old 51 (Pred 3) Free 6 Alloc 1
[2024-10-12T11:24:06.541+0800][debug][gc,ergo,cset] GC(223) Start adding old regions to collection set. Min 6 regions, max 6 regions, time remaining 49.13ms, optional threshold 9.83ms
[2024-10-12T11:24:06.541+0800][debug][gc,ergo,cset] GC(223) Finish adding old regions to collection set (Maximum number of regions). Initial 6 regions, optional 0 regions
[2024-10-12T11:24:06.541+0800][debug][gc,ergo,cset] GC(223) Finish choosing collection set old regions. Initial: 6, optional: 0, predicted old time: 0.00ms, predicted optional time: 0.00ms, time remaining: 48.26
[2024-10-12T11:24:06.604+0800][debug][gc,ergo,cset] Preventive GC, insufficient free regions. Predicted need 7. Curr Eden 1 (Pred 2). Curr Survivor 1 (Pred 1). Curr Old 50 (Pred 4) Free 7 Alloc 1
[2024-10-12T11:24:06.604+0800][debug][gc,ergo,cset] GC(224) Start adding old regions to collection set. Min 6 regions, max 6 regions, time remaining 49.13ms, optional threshold 9.83ms
[2024-10-12T11:24:06.604+0800][debug][gc,ergo,cset] GC(224) Finish adding old regions to collection set (Maximum number of regions). Initial 6 regions, optional 0 regions
[2024-10-12T11:24:06.604+0800][debug][gc,ergo,cset] GC(224) Finish choosing collection set old regions. Initial: 6, optional: 0, predicted old time: 0.00ms, predicted optional time: 0.00ms, time remaining: 48.22
[2024-10-12T11:24:06.709+0800][debug][gc,ergo,cset] Preventive GC, insufficient free regions. Predicted need 9. Curr Eden 2 (Pred 3). Curr Survivor 1 (Pred 1). Curr Old 47 (Pred 5) Free 9 Alloc 1
[2024-10-12T11:24:06.709+0800][debug][gc,ergo,cset] GC(225) Start adding old regions to collection set. Min 6 regions, max 6 regions, time remaining 48.88ms, optional threshold 9.78ms
[2024-10-12T11:24:06.709+0800][debug][gc,ergo,cset] GC(225) Finish adding old regions to collection set (Maximum number of regions). Initial 6 regions, optional 0 regions
[2024-10-12T11:24:06.709+0800][debug][gc,ergo,cset] GC(225) Finish choosing collection set old regions. Initial: 6, optional: 0, predicted old time: 0.00ms, predicted optional time: 0.00ms, time remaining: 47.84
[2024-10-12T11:24:06.814+0800][debug][gc,ergo,cset] Preventive GC, insufficient free regions. Predicted need 9. Curr Eden 2 (Pred 3). Curr Survivor 1 (Pred 1). Curr Old 47 (Pred 5) Free 9 Alloc 1
[2024-10-12T11:24:06.814+0800][debug][gc,ergo,cset] GC(226) Start adding old regions to collection set. Min 6 regions, max 6 regions, time remaining 48.89ms, optional threshold 9.78ms
[2024-10-12T11:24:06.814+0800][debug][gc,ergo,cset] GC(226) Finish adding old regions to collection set (Maximum number of regions). Initial 6 regions, optional 0 regions
[2024-10-12T11:24:06.814+0800][debug][gc,ergo,cset] GC(226) Finish choosing collection set old regions. Initial: 6, optional: 0, predicted old time: 0.00ms, predicted optional time: 0.00ms, time remaining: 47.80
[2024-10-12T11:24:06.919+0800][debug][gc,ergo,cset] Preventive GC, insufficient free regions. Predicted need 9. Curr Eden 2 (Pred 3). Curr Survivor 1 (Pred 1). Curr Old 47 (Pred 5) Free 9 Alloc 1
[2024-10-12T11:24:06.919+0800][debug][gc,ergo,cset] GC(227) Start adding old regions to collection set. Min 6 regions, max 6 regions, time remaining 48.86ms, optional threshold 9.77ms
[2024-10-12T11:24:06.919+0800][debug][gc,ergo,cset] GC(227) Finish adding old regions to collection set (Maximum number of regions). Initial 6 regions, optional 0 regions
[2024-10-12T11:24:06.919+0800][debug][gc,ergo,cset] GC(227) Finish choosing collection set old regions. Initial: 6, optional: 0, predicted old time: 0.00ms, predicted optional time: 0.00ms, time remaining: 47.62
[2024-10-12T11:24:07.024+0800][debug][gc,ergo,cset] Preventive GC, insufficient free regions. Predicted need 9. Curr Eden 2 (Pred 3). Curr Survivor 1 (Pred 1). Curr Old 47 (Pred 5) Free 9 Alloc 1
[2024-10-12T11:24:07.024+0800][debug][gc,ergo,cset] GC(228) Start adding old regions to collection set. Min 6 regions, max 6 regions, time remaining 48.86ms, optional threshold 9.77ms
[2024-10-12T11:24:07.024+0800][debug][gc,ergo,cset] GC(228) Finish adding old regions to collection set (Maximum number of regions). Initial 6 regions, optional 0 regions
[2024-10-12T11:24:07.024+0800][debug][gc,ergo,cset] GC(228) Finish choosing collection set old regions. Initial: 6, optional: 0, predicted old time: 0.00ms, predicted optional time: 0.00ms, time remaining: 47.52
[2024-10-12T11:24:07.130+0800][debug][gc,ergo,cset] GC(229) Start adding old regions to collection set. Min 6 regions, max 6 regions, time remaining 48.84ms, optional threshold 9.77ms
[2024-10-12T11:24:07.130+0800][debug][gc,ergo,cset] GC(229) Old candidate collection set empty.
[2024-10-12T11:24:07.130+0800][debug][gc,ergo,cset] GC(229) Finish choosing collection set old regions. Initial: 5, optional: 0, predicted old time: 0.00ms, predicted optional time: 0.00ms, time remaining: 47.48
[2024-10-12T11:24:07.309+0800][debug][gc,ergo,cset] GC(232) Pruned 0 regions out of 42, leaving 0 bytes waste (allowed 0)
[2024-10-12T11:24:07.578+0800][debug][gc,ergo,cset] Preventive GC, insufficient free regions. Predicted need 6. Curr Eden 2 (Pred 3). Curr Survivor 1 (Pred 1). Curr Old 51 (Pred 2) Free 5 Alloc 1
[2024-10-12T11:24:07.580+0800][debug][gc,ergo,cset] GC(234) Start adding old regions to collection set. Min 6 regions, max 6 regions, time remaining 48.88ms, optional threshold 9.78ms
[2024-10-12T11:24:07.580+0800][debug][gc,ergo,cset] GC(234) Finish adding old regions to collection set (Maximum number of regions). Initial 6 regions, optional 0 regions
[2024-10-12T11:24:07.580+0800][debug][gc,ergo,cset] GC(234) Finish choosing collection set old regions. Initial: 6, optional: 0, predicted old time: 0.00ms, predicted optional time: 0.00ms, time remaining: 48.38
[2024-10-12T11:24:07.684+0800][debug][gc,ergo,cset] Preventive GC, insufficient free regions. Predicted need 7. Curr Eden 2 (Pred 3). Curr Survivor 1 (Pred 1). Curr Old 49 (Pred 3) Free 7 Alloc 1
[2024-10-12T11:24:07.684+0800][debug][gc,ergo,cset] GC(235) Start adding old regions to collection set. Min 6 regions, max 6 regions, time remaining 48.87ms, optional threshold 9.77ms
[2024-10-12T11:24:07.685+0800][debug][gc,ergo,cset] GC(235) Finish adding old regions to collection set (Maximum number of regions). Initial 6 regions, optional 0 regions
[2024-10-12T11:24:07.685+0800][debug][gc,ergo,cset] GC(235) Finish choosing collection set old regions. Initial: 6, optional: 0, predicted old time: 0.00ms, predicted optional time: 0.00ms, time remaining: 48.07
[2024-10-12T11:24:07.789+0800][debug][gc,ergo,cset] GC(236) Start adding old regions to collection set. Min 6 regions, max 6 regions, time remaining 48.86ms, optional threshold 9.77ms
[2024-10-12T11:24:07.789+0800][debug][gc,ergo,cset] GC(236) Finish adding old regions to collection set (Maximum number of regions). Initial 6 regions, optional 0 regions
[2024-10-12T11:24:07.789+0800][debug][gc,ergo,cset] GC(236) Finish choosing collection set old regions. Initial: 6, optional: 0, predicted old time: 0.00ms, predicted optional time: 0.00ms, time remaining: 47.90
[2024-10-12T11:24:07.894+0800][debug][gc,ergo,cset] Preventive GC, insufficient free regions. Predicted need 9. Curr Eden 2 (Pred 3). Curr Survivor 1 (Pred 1). Curr Old 47 (Pred 5) Free 9 Alloc 1
[2024-10-12T11:24:07.894+0800][debug][gc,ergo,cset] GC(237) Start adding old regions to collection set. Min 6 regions, max 6 regions, time remaining 48.83ms, optional threshold 9.77ms
[2024-10-12T11:24:07.894+0800][debug][gc,ergo,cset] GC(237) Finish adding old regions to collection set (Maximum number of regions). Initial 6 regions, optional 0 regions
[2024-10-12T11:24:07.894+0800][debug][gc,ergo,cset] GC(237) Finish choosing collection set old regions. Initial: 6, optional: 0, predicted old time: 0.00ms, predicted optional time: 0.00ms, time remaining: 47.70
[2024-10-12T11:24:07.999+0800][debug][gc,ergo,cset] GC(238) Start adding old regions to collection set. Min 6 regions, max 6 regions, time remaining 48.85ms, optional threshold 9.77ms
[2024-10-12T11:24:07.999+0800][debug][gc,ergo,cset] GC(238) Finish adding old regions to collection set (Maximum number of regions). Initial 6 regions, optional 0 regions
[2024-10-12T11:24:07.999+0800][debug][gc,ergo,cset] GC(238) Finish choosing collection set old regions. Initial: 6, optional: 0, predicted old time: 0.00ms, predicted optional time: 0.00ms, time remaining: 47.59
[2024-10-12T11:24:08.104+0800][debug][gc,ergo,cset] Preventive GC, insufficient free regions. Predicted need 10. Curr Eden 2 (Pred 3). Curr Survivor 1 (Pred 1). Curr Old 46 (Pred 6) Free 10 Alloc 1
[2024-10-12T11:24:08.104+0800][debug][gc,ergo,cset] GC(239) Start adding old regions to collection set. Min 6 regions, max 6 regions, time remaining 48.82ms, optional threshold 9.76ms
[2024-10-12T11:24:08.104+0800][debug][gc,ergo,cset] GC(239) Finish adding old regions to collection set (Maximum number of regions). Initial 6 regions, optional 0 regions
[2024-10-12T11:24:08.104+0800][debug][gc,ergo,cset] GC(239) Finish choosing collection set old regions. Initial: 6, optional: 0, predicted old time: 0.00ms, predicted optional time: 0.00ms, time remaining: 47.49
[2024-10-12T11:24:08.209+0800][debug][gc,ergo,cset] Preventive GC, insufficient free regions. Predicted need 10. Curr Eden 2 (Pred 3). Curr Survivor 1 (Pred 1). Curr Old 47 (Pred 6) Free 9 Alloc 1
[2024-10-12T11:24:08.210+0800][debug][gc,ergo,cset] GC(240) Start adding old regions to collection set. Min 6 regions, max 6 regions, time remaining 48.84ms, optional threshold 9.77ms
[2024-10-12T11:24:08.210+0800][debug][gc,ergo,cset] GC(240) Old candidate collection set empty.
[2024-10-12T11:24:08.210+0800][debug][gc,ergo,cset] GC(240) Finish choosing collection set old regions. Initial: 6, optional: 0, predicted old time: 0.00ms, predicted optional time: 0.00ms, time remaining: 47.21
[2024-10-12T11:24:08.534+0800][debug][gc,ergo,cset] GC(244) Pruned 0 regions out of 46, leaving 0 bytes waste (allowed 0)
[2024-10-12T11:24:08.678+0800][debug][gc,ergo,cset] Preventive GC, insufficient free regions. Predicted need 4. Curr Eden 2 (Pred 3). Curr Survivor 1 (Pred 1). Curr Old 53 (Pred 0) Free 3 Alloc 1
[2024-10-12T11:24:08.741+0800][debug][gc,ergo,cset] Preventive GC, insufficient free regions. Predicted need 6. Curr Eden 1 (Pred 2). Curr Survivor 1 (Pred 1). Curr Old 55 (Pred 3) Free 2 Alloc 1
[2024-10-12T11:24:08.742+0800][debug][gc,ergo,cset] GC(246) Start adding old regions to collection set. Min 6 regions, max 6 regions, time remaining 49.14ms, optional threshold 9.83ms
[2024-10-12T11:24:08.742+0800][debug][gc,ergo,cset] GC(246) Finish adding old regions to collection set (Maximum number of regions). Initial 6 regions, optional 0 regions
[2024-10-12T11:24:08.742+0800][debug][gc,ergo,cset] GC(246) Finish choosing collection set old regions. Initial: 6, optional: 0, predicted old time: 0.00ms, predicted optional time: 0.00ms, time remaining: 48.55
[2024-10-12T11:24:08.784+0800][debug][gc,ergo,cset] GC(247) Start adding old regions to collection set. Min 6 regions, max 6 regions, time remaining 49.12ms, optional threshold 9.82ms
[2024-10-12T11:24:08.784+0800][debug][gc,ergo,cset] GC(247) Finish adding old regions to collection set (Maximum number of regions). Initial 6 regions, optional 0 regions
[2024-10-12T11:24:08.784+0800][debug][gc,ergo,cset] GC(247) Finish choosing collection set old regions. Initial: 6, optional: 0, predicted old time: 0.00ms, predicted optional time: 0.00ms, time remaining: 48.38
[2024-10-12T11:24:09.394+0800][debug][gc,ergo,cset] GC(254) Pruned 0 regions out of 37, leaving 0 bytes waste (allowed 0)
[2024-10-12T11:24:09.601+0800][debug][gc,ergo,cset] Preventive GC, insufficient free regions. Predicted need 5. Curr Eden 1 (Pred 2). Curr Survivor 1 (Pred 1). Curr Old 51 (Pred 2) Free 5 Alloc 1
[2024-10-12T11:24:09.602+0800][debug][gc,ergo,cset] GC(256) Start adding old regions to collection set. Min 5 regions, max 5 regions, time remaining 49.21ms, optional threshold 9.84ms
[2024-10-12T11:24:09.602+0800][debug][gc,ergo,cset] GC(256) Finish adding old regions to collection set (Maximum number of regions). Initial 5 regions, optional 0 regions
[2024-10-12T11:24:09.602+0800][debug][gc,ergo,cset] GC(256) Finish choosing collection set old regions. Initial: 5, optional: 0, predicted old time: 0.00ms, predicted optional time: 0.00ms, time remaining: 48.81
[2024-10-12T11:24:09.706+0800][debug][gc,ergo,cset] GC(257) Start adding old regions to collection set. Min 5 regions, max 5 regions, time remaining 48.96ms, optional threshold 9.79ms
[2024-10-12T11:24:09.706+0800][debug][gc,ergo,cset] GC(257) Finish adding old regions to collection set (Maximum number of regions). Initial 5 regions, optional 0 regions
[2024-10-12T11:24:09.706+0800][debug][gc,ergo,cset] GC(257) Finish choosing collection set old regions. Initial: 5, optional: 0, predicted old time: 0.00ms, predicted optional time: 0.00ms, time remaining: 48.28
[2024-10-12T11:24:09.810+0800][debug][gc,ergo,cset] Preventive GC, insufficient free regions. Predicted need 8. Curr Eden 2 (Pred 3). Curr Survivor 1 (Pred 1). Curr Old 48 (Pred 4) Free 8 Alloc 1
[2024-10-12T11:24:09.811+0800][debug][gc,ergo,cset] GC(258) Start adding old regions to collection set. Min 5 regions, max 5 regions, time remaining 48.87ms, optional threshold 9.77ms
[2024-10-12T11:24:09.811+0800][debug][gc,ergo,cset] GC(258) Finish adding old regions to collection set (Maximum number of regions). Initial 5 regions, optional 0 regions
[2024-10-12T11:24:09.811+0800][debug][gc,ergo,cset] GC(258) Finish choosing collection set old regions. Initial: 5, optional: 0, predicted old time: 0.00ms, predicted optional time: 0.00ms, time remaining: 48.01
[2024-10-12T11:24:09.915+0800][debug][gc,ergo,cset] Preventive GC, insufficient free regions. Predicted need 8. Curr Eden 2 (Pred 3). Curr Survivor 1 (Pred 1). Curr Old 48 (Pred 4) Free 8 Alloc 1
[2024-10-12T11:24:09.915+0800][debug][gc,ergo,cset] GC(259) Start adding old regions to collection set. Min 5 regions, max 5 regions, time remaining 48.89ms, optional threshold 9.78ms
[2024-10-12T11:24:09.915+0800][debug][gc,ergo,cset] GC(259) Finish adding old regions to collection set (Maximum number of regions). Initial 5 regions, optional 0 regions
[2024-10-12T11:24:09.915+0800][debug][gc,ergo,cset] GC(259) Finish choosing collection set old regions. Initial: 5, optional: 0, predicted old time: 0.00ms, predicted optional time: 0.00ms, time remaining: 48.00
[2024-10-12T11:24:10.020+0800][debug][gc,ergo,cset] Preventive GC, insufficient free regions. Predicted need 8. Curr Eden 2 (Pred 3). Curr Survivor 1 (Pred 1). Curr Old 48 (Pred 4) Free 8 Alloc 1
[2024-10-12T11:24:10.020+0800][debug][gc,ergo,cset] GC(260) Start adding old regions to collection set. Min 5 regions, max 5 regions, time remaining 48.87ms, optional threshold 9.77ms
[2024-10-12T11:24:10.020+0800][debug][gc,ergo,cset] GC(260) Finish adding old regions to collection set (Maximum number of regions). Initial 5 regions, optional 0 regions
[2024-10-12T11:24:10.020+0800][debug][gc,ergo,cset] GC(260) Finish choosing collection set old regions. Initial: 5, optional: 0, predicted old time: 0.00ms, predicted optional time: 0.00ms, time remaining: 47.97
[2024-10-12T11:24:10.125+0800][debug][gc,ergo,cset] Preventive GC, insufficient free regions. Predicted need 8. Curr Eden 2 (Pred 3). Curr Survivor 1 (Pred 1). Curr Old 48 (Pred 4) Free 8 Alloc 1
[2024-10-12T11:24:10.125+0800][debug][gc,ergo,cset] GC(261) Start adding old regions to collection set. Min 5 regions, max 5 regions, time remaining 48.77ms, optional threshold 9.75ms
[2024-10-12T11:24:10.125+0800][debug][gc,ergo,cset] GC(261) Finish adding old regions to collection set (Maximum number of regions). Initial 5 regions, optional 0 regions
[2024-10-12T11:24:10.125+0800][debug][gc,ergo,cset] GC(261) Finish choosing collection set old regions. Initial: 5, optional: 0, predicted old time: 0.00ms, predicted optional time: 0.00ms, time remaining: 47.69
[2024-10-12T11:24:10.230+0800][debug][gc,ergo,cset] Preventive GC, insufficient free regions. Predicted need 9. Curr Eden 2 (Pred 3). Curr Survivor 1 (Pred 1). Curr Old 48 (Pred 5) Free 8 Alloc 1
[2024-10-12T11:24:10.231+0800][debug][gc,ergo,cset] GC(262) Start adding old regions to collection set. Min 5 regions, max 5 regions, time remaining 48.79ms, optional threshold 9.76ms
[2024-10-12T11:24:10.231+0800][debug][gc,ergo,cset] GC(262) Finish adding old regions to collection set (Maximum number of regions). Initial 5 regions, optional 0 regions
[2024-10-12T11:24:10.231+0800][debug][gc,ergo,cset] GC(262) Finish choosing collection set old regions. Initial: 5, optional: 0, predicted old time: 0.00ms, predicted optional time: 0.00ms, time remaining: 47.67
[2024-10-12T11:24:10.335+0800][debug][gc,ergo,cset] GC(263) Start adding old regions to collection set. Min 5 regions, max 5 regions, time remaining 48.83ms, optional threshold 9.77ms
[2024-10-12T11:24:10.335+0800][debug][gc,ergo,cset] GC(263) Old candidate collection set empty.
[2024-10-12T11:24:10.335+0800][debug][gc,ergo,cset] GC(263) Finish choosing collection set old regions. Initial: 2, optional: 0, predicted old time: 0.00ms, predicted optional time: 0.00ms, time remaining: 48.36
[2024-10-12T11:24:10.555+0800][debug][gc,ergo,cset] GC(266) Pruned 0 regions out of 44, leaving 0 bytes waste (allowed 0)
[2024-10-12T11:24:10.699+0800][debug][gc,ergo,cset] Preventive GC, insufficient free regions. Predicted need 4. Curr Eden 2 (Pred 3). Curr Survivor 1 (Pred 1). Curr Old 53 (Pred 0) Free 3 Alloc 1
[2024-10-12T11:24:10.762+0800][debug][gc,ergo,cset] Preventive GC, insufficient free regions. Predicted need 5. Curr Eden 1 (Pred 2). Curr Survivor 1 (Pred 1). Curr Old 55 (Pred 2) Free 2 Alloc 1
[2024-10-12T11:24:10.762+0800][debug][gc,ergo,cset] GC(268) Start adding old regions to collection set. Min 6 regions, max 6 regions, time remaining 49.11ms, optional threshold 9.82ms
[2024-10-12T11:24:10.762+0800][debug][gc,ergo,cset] GC(268) Finish adding old regions to collection set (Maximum number of regions). Initial 6 regions, optional 0 regions
[2024-10-12T11:24:10.762+0800][debug][gc,ergo,cset] GC(268) Finish choosing collection set old regions. Initial: 6, optional: 0, predicted old time: 0.00ms, predicted optional time: 0.00ms, time remaining: 48.64
[2024-10-12T11:24:10.804+0800][debug][gc,ergo,cset] Preventive GC, insufficient free regions. Predicted need 6. Curr Eden 1 (Pred 2). Curr Survivor 1 (Pred 1). Curr Old 53 (Pred 3) Free 4 Alloc 1
[2024-10-12T11:24:10.805+0800][debug][gc,ergo,cset] GC(269) Start adding old regions to collection set. Min 6 regions, max 6 regions, time remaining 49.10ms, optional threshold 9.82ms
[2024-10-12T11:24:10.805+0800][debug][gc,ergo,cset] GC(269) Finish adding old regions to collection set (Maximum number of regions). Initial 6 regions, optional 0 regions
[2024-10-12T11:24:10.805+0800][debug][gc,ergo,cset] GC(269) Finish choosing collection set old regions. Initial: 6, optional: 0, predicted old time: 0.00ms, predicted optional time: 0.00ms, time remaining: 48.29
[2024-10-12T11:24:10.868+0800][debug][gc,ergo,cset] Preventive GC, insufficient free regions. Predicted need 7. Curr Eden 1 (Pred 2). Curr Survivor 1 (Pred 1). Curr Old 54 (Pred 4) Free 3 Alloc 1
[2024-10-12T11:24:10.868+0800][debug][gc,ergo,cset] GC(270) Start adding old regions to collection set. Min 6 regions, max 6 regions, time remaining 49.09ms, optional threshold 9.82ms
[2024-10-12T11:24:10.868+0800][debug][gc,ergo,cset] GC(270) Finish adding old regions to collection set (Maximum number of regions). Initial 6 regions, optional 0 regions
[2024-10-12T11:24:10.868+0800][debug][gc,ergo,cset] GC(270) Finish choosing collection set old regions. Initial: 6, optional: 0, predicted old time: 0.00ms, predicted optional time: 0.00ms, time remaining: 48.18
[2024-10-12T11:24:10.912+0800][debug][gc,ergo,cset] GC(271) Start adding old regions to collection set. Min 6 regions, max 6 regions, time remaining 49.06ms, optional threshold 9.81ms
[2024-10-12T11:24:10.912+0800][debug][gc,ergo,cset] GC(271) Finish adding old regions to collection set (Maximum number of regions). Initial 6 regions, optional 0 regions
[2024-10-12T11:24:10.912+0800][debug][gc,ergo,cset] GC(271) Finish choosing collection set old regions. Initial: 6, optional: 0, predicted old time: 0.00ms, predicted optional time: 0.00ms, time remaining: 47.98
[2024-10-12T11:24:11.581+0800][debug][gc,ergo,cset] GC(278) Pruned 0 regions out of 35, leaving 0 bytes waste (allowed 0)
[2024-10-12T11:24:11.789+0800][debug][gc,ergo,cset] Preventive GC, insufficient free regions. Predicted need 5. Curr Eden 1 (Pred 2). Curr Survivor 1 (Pred 1). Curr Old 51 (Pred 2) Free 5 Alloc 1
[2024-10-12T11:24:11.789+0800][debug][gc,ergo,cset] GC(280) Start adding old regions to collection set. Min 5 regions, max 5 regions, time remaining 49.22ms, optional threshold 9.84ms
[2024-10-12T11:24:11.789+0800][debug][gc,ergo,cset] GC(280) Finish adding old regions to collection set (Maximum number of regions). Initial 5 regions, optional 0 regions
[2024-10-12T11:24:11.789+0800][debug][gc,ergo,cset] GC(280) Finish choosing collection set old regions. Initial: 5, optional: 0, predicted old time: 0.00ms, predicted optional time: 0.00ms, time remaining: 48.85
[2024-10-12T11:24:11.893+0800][debug][gc,ergo,cset] GC(281) Start adding old regions to collection set. Min 5 regions, max 5 regions, time remaining 48.95ms, optional threshold 9.79ms
[2024-10-12T11:24:11.893+0800][debug][gc,ergo,cset] GC(281) Finish adding old regions to collection set (Maximum number of regions). Initial 5 regions, optional 0 regions
[2024-10-12T11:24:11.893+0800][debug][gc,ergo,cset] GC(281) Finish choosing collection set old regions. Initial: 5, optional: 0, predicted old time: 0.00ms, predicted optional time: 0.00ms, time remaining: 48.27
[2024-10-12T11:24:11.997+0800][debug][gc,ergo,cset] Preventive GC, insufficient free regions. Predicted need 8. Curr Eden 2 (Pred 3). Curr Survivor 1 (Pred 1). Curr Old 48 (Pred 4) Free 8 Alloc 1
[2024-10-12T11:24:11.998+0800][debug][gc,ergo,cset] GC(282) Start adding old regions to collection set. Min 5 regions, max 5 regions, time remaining 48.91ms, optional threshold 9.78ms
[2024-10-12T11:24:11.998+0800][debug][gc,ergo,cset] GC(282) Finish adding old regions to collection set (Maximum number of regions). Initial 5 regions, optional 0 regions
[2024-10-12T11:24:11.998+0800][debug][gc,ergo,cset] GC(282) Finish choosing collection set old regions. Initial: 5, optional: 0, predicted old time: 0.00ms, predicted optional time: 0.00ms, time remaining: 48.12
[2024-10-12T11:24:12.102+0800][debug][gc,ergo,cset] Preventive GC, insufficient free regions. Predicted need 8. Curr Eden 2 (Pred 3). Curr Survivor 1 (Pred 1). Curr Old 48 (Pred 4) Free 8 Alloc 1
[2024-10-12T11:24:12.102+0800][debug][gc,ergo,cset] GC(283) Start adding old regions to collection set. Min 5 regions, max 5 regions, time remaining 48.92ms, optional threshold 9.78ms
[2024-10-12T11:24:12.102+0800][debug][gc,ergo,cset] GC(283) Finish adding old regions to collection set (Maximum number of regions). Initial 5 regions, optional 0 regions
[2024-10-12T11:24:12.102+0800][debug][gc,ergo,cset] GC(283) Finish choosing collection set old regions. Initial: 5, optional: 0, predicted old time: 0.00ms, predicted optional time: 0.00ms, time remaining: 48.02
[2024-10-12T11:24:12.207+0800][debug][gc,ergo,cset] GC(284) Start adding old regions to collection set. Min 5 regions, max 5 regions, time remaining 48.92ms, optional threshold 9.78ms
[2024-10-12T11:24:12.207+0800][debug][gc,ergo,cset] GC(284) Finish adding old regions to collection set (Maximum number of regions). Initial 5 regions, optional 0 regions
[2024-10-12T11:24:12.207+0800][debug][gc,ergo,cset] GC(284) Finish choosing collection set old regions. Initial: 5, optional: 0, predicted old time: 0.00ms, predicted optional time: 0.00ms, time remaining: 47.97
[2024-10-12T11:24:12.312+0800][debug][gc,ergo,cset] GC(285) Start adding old regions to collection set. Min 5 regions, max 5 regions, time remaining 48.84ms, optional threshold 9.77ms
[2024-10-12T11:24:12.312+0800][debug][gc,ergo,cset] GC(285) Finish adding old regions to collection set (Maximum number of regions). Initial 5 regions, optional 0 regions
[2024-10-12T11:24:12.312+0800][debug][gc,ergo,cset] GC(285) Finish choosing collection set old regions. Initial: 5, optional: 0, predicted old time: 0.00ms, predicted optional time: 0.00ms, time remaining: 47.72
[2024-10-12T11:24:12.417+0800][debug][gc,ergo,cset] GC(286) Start adding old regions to collection set. Min 5 regions, max 5 regions, time remaining 48.80ms, optional threshold 9.76ms
[2024-10-12T11:24:12.417+0800][debug][gc,ergo,cset] GC(286) Old candidate collection set empty.
[2024-10-12T11:24:12.417+0800][debug][gc,ergo,cset] GC(286) Finish choosing collection set old regions. Initial: 5, optional: 0, predicted old time: 0.00ms, predicted optional time: 0.00ms, time remaining: 47.52
[2024-10-12T11:24:12.741+0800][debug][gc,ergo,cset] GC(290) Pruned 0 regions out of 40, leaving 0 bytes waste (allowed 0)
[2024-10-12T11:24:12.885+0800][debug][gc,ergo,cset] Preventive GC, insufficient free regions. Predicted need 4. Curr Eden 2 (Pred 3). Curr Survivor 1 (Pred 1). Curr Old 52 (Pred 0) Free 4 Alloc 1
[2024-10-12T11:24:12.948+0800][debug][gc,ergo,cset] Preventive GC, insufficient free regions. Predicted need 5. Curr Eden 1 (Pred 2). Curr Survivor 1 (Pred 1). Curr Old 54 (Pred 2) Free 3 Alloc 1
[2024-10-12T11:24:12.948+0800][debug][gc,ergo,cset] GC(292) Start adding old regions to collection set. Min 5 regions, max 5 regions, time remaining 49.16ms, optional threshold 9.83ms
[2024-10-12T11:24:12.948+0800][debug][gc,ergo,cset] GC(292) Finish adding old regions to collection set (Maximum number of regions). Initial 5 regions, optional 0 regions
[2024-10-12T11:24:12.948+0800][debug][gc,ergo,cset] GC(292) Finish choosing collection set old regions. Initial: 5, optional: 0, predicted old time: 0.00ms, predicted optional time: 0.00ms, time remaining: 48.75
[2024-10-12T11:24:13.052+0800][debug][gc,ergo,cset] Preventive GC, insufficient free regions. Predicted need 6. Curr Eden 2 (Pred 3). Curr Survivor 1 (Pred 1). Curr Old 51 (Pred 2) Free 5 Alloc 1
[2024-10-12T11:24:13.052+0800][debug][gc,ergo,cset] GC(293) Start adding old regions to collection set. Min 5 regions, max 5 regions, time remaining 48.88ms, optional threshold 9.78ms
[2024-10-12T11:24:13.052+0800][debug][gc,ergo,cset] GC(293) Finish adding old regions to collection set (Maximum number of regions). Initial 5 regions, optional 0 regions
[2024-10-12T11:24:13.052+0800][debug][gc,ergo,cset] GC(293) Finish choosing collection set old regions. Initial: 5, optional: 0, predicted old time: 0.00ms, predicted optional time: 0.00ms, time remaining: 48.21
[2024-10-12T11:24:13.157+0800][debug][gc,ergo,cset] Preventive GC, insufficient free regions. Predicted need 7. Curr Eden 2 (Pred 3). Curr Survivor 1 (Pred 1). Curr Old 50 (Pred 3) Free 6 Alloc 1
[2024-10-12T11:24:13.157+0800][debug][gc,ergo,cset] GC(294) Start adding old regions to collection set. Min 5 regions, max 5 regions, time remaining 48.86ms, optional threshold 9.77ms
[2024-10-12T11:24:13.157+0800][debug][gc,ergo,cset] GC(294) Finish adding old regions to collection set (Maximum number of regions). Initial 5 regions, optional 0 regions
[2024-10-12T11:24:13.157+0800][debug][gc,ergo,cset] GC(294) Finish choosing collection set old regions. Initial: 5, optional: 0, predicted old time: 0.00ms, predicted optional time: 0.00ms, time remaining: 48.12
[2024-10-12T11:24:13.261+0800][debug][gc,ergo,cset] Preventive GC, insufficient free regions. Predicted need 8. Curr Eden 2 (Pred 3). Curr Survivor 1 (Pred 1). Curr Old 49 (Pred 4) Free 7 Alloc 1
[2024-10-12T11:24:13.261+0800][debug][gc,ergo,cset] GC(295) Start adding old regions to collection set. Min 5 regions, max 5 regions, time remaining 48.85ms, optional threshold 9.77ms
[2024-10-12T11:24:13.261+0800][debug][gc,ergo,cset] GC(295) Finish adding old regions to collection set (Maximum number of regions). Initial 5 regions, optional 0 regions
[2024-10-12T11:24:13.261+0800][debug][gc,ergo,cset] GC(295) Finish choosing collection set old regions. Initial: 5, optional: 0, predicted old time: 0.00ms, predicted optional time: 0.00ms, time remaining: 47.97
[2024-10-12T11:24:13.366+0800][debug][gc,ergo,cset] Preventive GC, insufficient free regions. Predicted need 8. Curr Eden 2 (Pred 3). Curr Survivor 1 (Pred 1). Curr Old 49 (Pred 4) Free 7 Alloc 1
[2024-10-12T11:24:13.366+0800][debug][gc,ergo,cset] GC(296) Start adding old regions to collection set. Min 5 regions, max 5 regions, time remaining 48.85ms, optional threshold 9.77ms
[2024-10-12T11:24:13.366+0800][debug][gc,ergo,cset] GC(296) Finish adding old regions to collection set (Maximum number of regions). Initial 5 regions, optional 0 regions
[2024-10-12T11:24:13.366+0800][debug][gc,ergo,cset] GC(296) Finish choosing collection set old regions. Initial: 5, optional: 0, predicted old time: 0.00ms, predicted optional time: 0.00ms, time remaining: 47.92
[2024-10-12T11:24:13.470+0800][debug][gc,ergo,cset] Preventive GC, insufficient free regions. Predicted need 8. Curr Eden 2 (Pred 3). Curr Survivor 1 (Pred 1). Curr Old 49 (Pred 4) Free 7 Alloc 1
[2024-10-12T11:24:13.471+0800][debug][gc,ergo,cset] GC(297) Start adding old regions to collection set. Min 5 regions, max 5 regions, time remaining 48.89ms, optional threshold 9.78ms
[2024-10-12T11:24:13.471+0800][debug][gc,ergo,cset] GC(297) Finish adding old regions to collection set (Maximum number of regions). Initial 5 regions, optional 0 regions
[2024-10-12T11:24:13.471+0800][debug][gc,ergo,cset] GC(297) Finish choosing collection set old regions. Initial: 5, optional: 0, predicted old time: 0.00ms, predicted optional time: 0.00ms, time remaining: 48.00
[2024-10-12T11:24:13.575+0800][debug][gc,ergo,cset] Preventive GC, insufficient free regions. Predicted need 8. Curr Eden 2 (Pred 3). Curr Survivor 1 (Pred 1). Curr Old 49 (Pred 4) Free 7 Alloc 1
[2024-10-12T11:24:13.576+0800][debug][gc,ergo,cset] GC(298) Start adding old regions to collection set. Min 5 regions, max 5 regions, time remaining 48.88ms, optional threshold 9.78ms
[2024-10-12T11:24:13.576+0800][debug][gc,ergo,cset] GC(298) Finish adding old regions to collection set (Maximum number of regions). Initial 5 regions, optional 0 regions
[2024-10-12T11:24:13.576+0800][debug][gc,ergo,cset] GC(298) Finish choosing collection set old regions. Initial: 5, optional: 0, predicted old time: 0.00ms, predicted optional time: 0.00ms, time remaining: 47.89
[2024-10-12T11:24:13.640+0800][debug][gc,ergo,cset] Preventive GC, insufficient free regions. Predicted need 8. Curr Eden 1 (Pred 2). Curr Survivor 1 (Pred 1). Curr Old 49 (Pred 5) Free 8 Alloc 1
[2024-10-12T11:24:13.640+0800][debug][gc,ergo,cset] GC(299) Start adding old regions to collection set. Min 5 regions, max 5 regions, time remaining 49.11ms, optional threshold 9.82ms
[2024-10-12T11:24:13.640+0800][debug][gc,ergo,cset] GC(299) Old candidate collection set empty.
[2024-10-12T11:24:13.640+0800][debug][gc,ergo,cset] GC(299) Finish choosing collection set old regions. Initial: 5, optional: 0, predicted old time: 0.00ms, predicted optional time: 0.00ms, time remaining: 47.88
[2024-10-12T11:24:13.860+0800][debug][gc,ergo,cset] GC(302) Pruned 0 regions out of 39, leaving 0 bytes waste (allowed 0)
[2024-10-12T11:24:13.963+0800][debug][gc,ergo,cset] Preventive GC, insufficient free regions. Predicted need 4. Curr Eden 2 (Pred 3). Curr Survivor 1 (Pred 1). Curr Old 52 (Pred 0) Free 4 Alloc 1
[2024-10-12T11:24:13.966+0800][debug][gc,ergo,cset] Preventive GC, insufficient free regions. Predicted need 4. Curr Eden 0 (Pred 1). Curr Survivor 1 (Pred 1). Curr Old 54 (Pred 2) Free 3 Alloc 1
[2024-10-12T11:24:13.966+0800][debug][gc,ergo,cset] GC(304) Start adding old regions to collection set. Min 5 regions, max 5 regions, time remaining 49.57ms, optional threshold 9.91ms
[2024-10-12T11:24:13.966+0800][debug][gc,ergo,cset] GC(304) Finish adding old regions to collection set (Maximum number of regions). Initial 5 regions, optional 0 regions
[2024-10-12T11:24:13.966+0800][debug][gc,ergo,cset] GC(304) Finish choosing collection set old regions. Initial: 5, optional: 0, predicted old time: 0.00ms, predicted optional time: 0.00ms, time remaining: 49.13
[2024-10-12T11:24:14.090+0800][debug][gc,ergo,cset] Preventive GC, insufficient free regions. Predicted need 6. Curr Eden 2 (Pred 3). Curr Survivor 0 (Pred 0). Curr Old 52 (Pred 3) Free 5 Alloc 1
[2024-10-12T11:24:14.090+0800][debug][gc,ergo,cset] GC(305) Start adding old regions to collection set. Min 5 regions, max 5 regions, time remaining 48.93ms, optional threshold 9.79ms
[2024-10-12T11:24:14.090+0800][debug][gc,ergo,cset] GC(305) Finish adding old regions to collection set (Maximum number of regions). Initial 5 regions, optional 0 regions
[2024-10-12T11:24:14.090+0800][debug][gc,ergo,cset] GC(305) Finish choosing collection set old regions. Initial: 5, optional: 0, predicted old time: 0.00ms, predicted optional time: 0.00ms, time remaining: 48.35
[2024-10-12T11:24:14.195+0800][debug][gc,ergo,cset] Preventive GC, insufficient free regions. Predicted need 7. Curr Eden 2 (Pred 3). Curr Survivor 1 (Pred 1). Curr Old 50 (Pred 3) Free 6 Alloc 1
[2024-10-12T11:24:14.195+0800][debug][gc,ergo,cset] GC(306) Start adding old regions to collection set. Min 5 regions, max 5 regions, time remaining 48.89ms, optional threshold 9.78ms
[2024-10-12T11:24:14.195+0800][debug][gc,ergo,cset] GC(306) Finish adding old regions to collection set (Maximum number of regions). Initial 5 regions, optional 0 regions
[2024-10-12T11:24:14.195+0800][debug][gc,ergo,cset] GC(306) Finish choosing collection set old regions. Initial: 5, optional: 0, predicted old time: 0.00ms, predicted optional time: 0.00ms, time remaining: 48.14
[2024-10-12T11:24:14.299+0800][debug][gc,ergo,cset] Preventive GC, insufficient free regions. Predicted need 7. Curr Eden 2 (Pred 3). Curr Survivor 1 (Pred 1). Curr Old 49 (Pred 3) Free 7 Alloc 1
[2024-10-12T11:24:14.299+0800][debug][gc,ergo,cset] GC(307) Start adding old regions to collection set. Min 5 regions, max 5 regions, time remaining 48.80ms, optional threshold 9.76ms
[2024-10-12T11:24:14.299+0800][debug][gc,ergo,cset] GC(307) Finish adding old regions to collection set (Maximum number of regions). Initial 5 regions, optional 0 regions
[2024-10-12T11:24:14.299+0800][debug][gc,ergo,cset] GC(307) Finish choosing collection set old regions. Initial: 5, optional: 0, predicted old time: 0.00ms, predicted optional time: 0.00ms, time remaining: 47.91
[2024-10-12T11:24:14.404+0800][debug][gc,ergo,cset] Preventive GC, insufficient free regions. Predicted need 8. Curr Eden 2 (Pred 3). Curr Survivor 1 (Pred 1). Curr Old 48 (Pred 4) Free 8 Alloc 1
[2024-10-12T11:24:14.404+0800][debug][gc,ergo,cset] GC(308) Start adding old regions to collection set. Min 5 regions, max 5 regions, time remaining 48.78ms, optional threshold 9.76ms
[2024-10-12T11:24:14.404+0800][debug][gc,ergo,cset] GC(308) Finish adding old regions to collection set (Maximum number of regions). Initial 5 regions, optional 0 regions
[2024-10-12T11:24:14.404+0800][debug][gc,ergo,cset] GC(308) Finish choosing collection set old regions. Initial: 5, optional: 0, predicted old time: 0.00ms, predicted optional time: 0.00ms, time remaining: 47.81
[2024-10-12T11:24:14.509+0800][debug][gc,ergo,cset] Preventive GC, insufficient free regions. Predicted need 8. Curr Eden 2 (Pred 3). Curr Survivor 1 (Pred 1). Curr Old 48 (Pred 4) Free 8 Alloc 1
[2024-10-12T11:24:14.509+0800][debug][gc,ergo,cset] GC(309) Start adding old regions to collection set. Min 5 regions, max 5 regions, time remaining 48.81ms, optional threshold 9.76ms
[2024-10-12T11:24:14.509+0800][debug][gc,ergo,cset] GC(309) Finish adding old regions to collection set (Maximum number of regions). Initial 5 regions, optional 0 regions
[2024-10-12T11:24:14.509+0800][debug][gc,ergo,cset] GC(309) Finish choosing collection set old regions. Initial: 5, optional: 0, predicted old time: 0.00ms, predicted optional time: 0.00ms, time remaining: 47.80
[2024-10-12T11:24:14.614+0800][debug][gc,ergo,cset] Preventive GC, insufficient free regions. Predicted need 8. Curr Eden 2 (Pred 3). Curr Survivor 1 (Pred 1). Curr Old 48 (Pred 4) Free 8 Alloc 1
[2024-10-12T11:24:14.615+0800][debug][gc,ergo,cset] GC(310) Start adding old regions to collection set. Min 5 regions, max 5 regions, time remaining 48.81ms, optional threshold 9.76ms
[2024-10-12T11:24:14.615+0800][debug][gc,ergo,cset] GC(310) Finish adding old regions to collection set (Maximum number of regions). Initial 5 regions, optional 0 regions
[2024-10-12T11:24:14.615+0800][debug][gc,ergo,cset] GC(310) Finish choosing collection set old regions. Initial: 5, optional: 0, predicted old time: 0.00ms, predicted optional time: 0.00ms, time remaining: 47.75
[2024-10-12T11:24:14.719+0800][debug][gc,ergo,cset] Preventive GC, insufficient free regions. Predicted need 8. Curr Eden 2 (Pred 3). Curr Survivor 1 (Pred 1). Curr Old 48 (Pred 4) Free 8 Alloc 1
[2024-10-12T11:24:14.720+0800][debug][gc,ergo,cset] GC(311) Start adding old regions to collection set. Min 5 regions, max 5 regions, time remaining 48.80ms, optional threshold 9.76ms
[2024-10-12T11:24:14.720+0800][debug][gc,ergo,cset] GC(311) Old candidate collection set empty.
[2024-10-12T11:24:14.720+0800][debug][gc,ergo,cset] GC(311) Finish choosing collection set old regions. Initial: 4, optional: 0, predicted old time: 0.00ms, predicted optional time: 0.00ms, time remaining: 47.66
[2024-10-12T11:24:14.940+0800][debug][gc,ergo,cset] GC(314) Pruned 0 regions out of 44, leaving 0 bytes waste (allowed 0)
[2024-10-12T11:24:15.085+0800][debug][gc,ergo,cset] Preventive GC, insufficient free regions. Predicted need 4. Curr Eden 2 (Pred 3). Curr Survivor 1 (Pred 1). Curr Old 53 (Pred 0) Free 3 Alloc 1
[2024-10-12T11:24:15.147+0800][debug][gc,ergo,cset] Preventive GC, insufficient free regions. Predicted need 5. Curr Eden 1 (Pred 2). Curr Survivor 1 (Pred 1). Curr Old 55 (Pred 2) Free 2 Alloc 1
[2024-10-12T11:24:15.148+0800][debug][gc,ergo,cset] GC(316) Start adding old regions to collection set. Min 6 regions, max 6 regions, time remaining 49.11ms, optional threshold 9.82ms
[2024-10-12T11:24:15.148+0800][debug][gc,ergo,cset] GC(316) Finish adding old regions to collection set (Maximum number of regions). Initial 6 regions, optional 0 regions
[2024-10-12T11:24:15.148+0800][debug][gc,ergo,cset] GC(316) Finish choosing collection set old regions. Initial: 6, optional: 0, predicted old time: 0.00ms, predicted optional time: 0.00ms, time remaining: 48.63
[2024-10-12T11:24:15.190+0800][debug][gc,ergo,cset] Preventive GC, insufficient free regions. Predicted need 6. Curr Eden 1 (Pred 2). Curr Survivor 1 (Pred 1). Curr Old 55 (Pred 3) Free 2 Alloc 1
[2024-10-12T11:24:15.190+0800][debug][gc,ergo,cset] GC(317) Start adding old regions to collection set. Min 6 regions, max 6 regions, time remaining 49.09ms, optional threshold 9.82ms
[2024-10-12T11:24:15.191+0800][debug][gc,ergo,cset] GC(317) Finish adding old regions to collection set (Maximum number of regions). Initial 6 regions, optional 0 regions
[2024-10-12T11:24:15.191+0800][debug][gc,ergo,cset] GC(317) Finish choosing collection set old regions. Initial: 6, optional: 0, predicted old time: 0.00ms, predicted optional time: 0.00ms, time remaining: 48.32
[2024-10-12T11:24:15.253+0800][debug][gc,ergo,cset] GC(318) Start adding old regions to collection set. Min 6 regions, max 6 regions, time remaining 49.09ms, optional threshold 9.82ms
[2024-10-12T11:24:15.253+0800][debug][gc,ergo,cset] GC(318) Finish adding old regions to collection set (Maximum number of regions). Initial 6 regions, optional 0 regions
[2024-10-12T11:24:15.253+0800][debug][gc,ergo,cset] GC(318) Finish choosing collection set old regions. Initial: 6, optional: 0, predicted old time: 0.00ms, predicted optional time: 0.00ms, time remaining: 48.20
[2024-10-12T11:24:15.903+0800][debug][gc,ergo,cset] GC(325) Pruned 0 regions out of 35, leaving 0 bytes waste (allowed 0)
[2024-10-12T11:24:16.151+0800][debug][gc,ergo,cset] Preventive GC, insufficient free regions. Predicted need 6. Curr Eden 2 (Pred 3). Curr Survivor 1 (Pred 1). Curr Old 51 (Pred 2) Free 5 Alloc 1
[2024-10-12T11:24:16.151+0800][debug][gc,ergo,cset] GC(327) Start adding old regions to collection set. Min 5 regions, max 5 regions, time remaining 49.01ms, optional threshold 9.80ms
[2024-10-12T11:24:16.151+0800][debug][gc,ergo,cset] GC(327) Finish adding old regions to collection set (Maximum number of regions). Initial 5 regions, optional 0 regions
[2024-10-12T11:24:16.151+0800][debug][gc,ergo,cset] GC(327) Finish choosing collection set old regions. Initial: 5, optional: 0, predicted old time: 0.00ms, predicted optional time: 0.00ms, time remaining: 48.70
[2024-10-12T11:24:16.255+0800][debug][gc,ergo,cset] Preventive GC, insufficient free regions. Predicted need 7. Curr Eden 2 (Pred 3). Curr Survivor 1 (Pred 1). Curr Old 49 (Pred 3) Free 6 Alloc 1
[2024-10-12T11:24:16.256+0800][debug][gc,ergo,cset] GC(328) Start adding old regions to collection set. Min 5 regions, max 5 regions, time remaining 48.98ms, optional threshold 9.80ms
[2024-10-12T11:24:16.256+0800][debug][gc,ergo,cset] GC(328) Finish adding old regions to collection set (Maximum number of regions). Initial 5 regions, optional 0 regions
[2024-10-12T11:24:16.256+0800][debug][gc,ergo,cset] GC(328) Finish choosing collection set old regions. Initial: 5, optional: 0, predicted old time: 0.00ms, predicted optional time: 0.00ms, time remaining: 48.26
[2024-10-12T11:24:16.360+0800][debug][gc,ergo,cset] GC(329) Start adding old regions to collection set. Min 5 regions, max 5 regions, time remaining 48.89ms, optional threshold 9.78ms
[2024-10-12T11:24:16.360+0800][debug][gc,ergo,cset] GC(329) Finish adding old regions to collection set (Maximum number of regions). Initial 5 regions, optional 0 regions
[2024-10-12T11:24:16.360+0800][debug][gc,ergo,cset] GC(329) Finish choosing collection set old regions. Initial: 5, optional: 0, predicted old time: 0.00ms, predicted optional time: 0.00ms, time remaining: 48.07
[2024-10-12T11:24:16.465+0800][debug][gc,ergo,cset] Preventive GC, insufficient free regions. Predicted need 8. Curr Eden 2 (Pred 3). Curr Survivor 1 (Pred 1). Curr Old 48 (Pred 4) Free 8 Alloc 1
[2024-10-12T11:24:16.465+0800][debug][gc,ergo,cset] GC(330) Start adding old regions to collection set. Min 5 regions, max 5 regions, time remaining 48.87ms, optional threshold 9.77ms
[2024-10-12T11:24:16.465+0800][debug][gc,ergo,cset] GC(330) Finish adding old regions to collection set (Maximum number of regions). Initial 5 regions, optional 0 regions
[2024-10-12T11:24:16.465+0800][debug][gc,ergo,cset] GC(330) Finish choosing collection set old regions. Initial: 5, optional: 0, predicted old time: 0.00ms, predicted optional time: 0.00ms, time remaining: 47.95
[2024-10-12T11:24:16.570+0800][debug][gc,ergo,cset] Preventive GC, insufficient free regions. Predicted need 8. Curr Eden 2 (Pred 3). Curr Survivor 1 (Pred 1). Curr Old 48 (Pred 4) Free 8 Alloc 1
[2024-10-12T11:24:16.570+0800][debug][gc,ergo,cset] GC(331) Start adding old regions to collection set. Min 5 regions, max 5 regions, time remaining 48.88ms, optional threshold 9.78ms
[2024-10-12T11:24:16.570+0800][debug][gc,ergo,cset] GC(331) Finish adding old regions to collection set (Maximum number of regions). Initial 5 regions, optional 0 regions
[2024-10-12T11:24:16.570+0800][debug][gc,ergo,cset] GC(331) Finish choosing collection set old regions. Initial: 5, optional: 0, predicted old time: 0.00ms, predicted optional time: 0.00ms, time remaining: 47.92
[2024-10-12T11:24:16.675+0800][debug][gc,ergo,cset] Preventive GC, insufficient free regions. Predicted need 8. Curr Eden 2 (Pred 3). Curr Survivor 1 (Pred 1). Curr Old 48 (Pred 4) Free 8 Alloc 1
[2024-10-12T11:24:16.675+0800][debug][gc,ergo,cset] GC(332) Start adding old regions to collection set. Min 5 regions, max 5 regions, time remaining 48.88ms, optional threshold 9.78ms
[2024-10-12T11:24:16.675+0800][debug][gc,ergo,cset] GC(332) Finish adding old regions to collection set (Maximum number of regions). Initial 5 regions, optional 0 regions
[2024-10-12T11:24:16.675+0800][debug][gc,ergo,cset] GC(332) Finish choosing collection set old regions. Initial: 5, optional: 0, predicted old time: 0.00ms, predicted optional time: 0.00ms, time remaining: 47.84
[2024-10-12T11:24:16.739+0800][debug][gc,ergo,cset] Preventive GC, insufficient free regions. Predicted need 8. Curr Eden 1 (Pred 2). Curr Survivor 1 (Pred 1). Curr Old 49 (Pred 5) Free 8 Alloc 1
[2024-10-12T11:24:16.739+0800][debug][gc,ergo,cset] GC(333) Start adding old regions to collection set. Min 5 regions, max 5 regions, time remaining 49.10ms, optional threshold 9.82ms
[2024-10-12T11:24:16.739+0800][debug][gc,ergo,cset] GC(333) Old candidate collection set empty.
[2024-10-12T11:24:16.739+0800][debug][gc,ergo,cset] GC(333) Finish choosing collection set old regions. Initial: 5, optional: 0, predicted old time: 0.00ms, predicted optional time: 0.00ms, time remaining: 47.76
[2024-10-12T11:24:16.959+0800][debug][gc,ergo,cset] GC(336) Pruned 0 regions out of 41, leaving 0 bytes waste (allowed 0)
[2024-10-12T11:24:17.104+0800][debug][gc,ergo,cset] Preventive GC, insufficient free regions. Predicted need 4. Curr Eden 2 (Pred 3). Curr Survivor 1 (Pred 1). Curr Old 52 (Pred 0) Free 4 Alloc 1
[2024-10-12T11:24:17.167+0800][debug][gc,ergo,cset] Preventive GC, insufficient free regions. Predicted need 6. Curr Eden 1 (Pred 2). Curr Survivor 1 (Pred 1). Curr Old 54 (Pred 3) Free 3 Alloc 1
[2024-10-12T11:24:17.167+0800][debug][gc,ergo,cset] GC(338) Start adding old regions to collection set. Min 6 regions, max 6 regions, time remaining 49.10ms, optional threshold 9.82ms
[2024-10-12T11:24:17.167+0800][debug][gc,ergo,cset] GC(338) Finish adding old regions to collection set (Maximum number of regions). Initial 6 regions, optional 0 regions
[2024-10-12T11:24:17.167+0800][debug][gc,ergo,cset] GC(338) Finish choosing collection set old regions. Initial: 6, optional: 0, predicted old time: 0.00ms, predicted optional time: 0.00ms, time remaining: 48.44
[2024-10-12T11:24:17.209+0800][debug][gc,ergo,cset] Preventive GC, insufficient free regions. Predicted need 6. Curr Eden 1 (Pred 2). Curr Survivor 1 (Pred 1). Curr Old 55 (Pred 3) Free 2 Alloc 1
[2024-10-12T11:24:17.210+0800][debug][gc,ergo,cset] GC(339) Start adding old regions to collection set. Min 6 regions, max 6 regions, time remaining 49.08ms, optional threshold 9.82ms
[2024-10-12T11:24:17.210+0800][debug][gc,ergo,cset] GC(339) Finish adding old regions to collection set (Maximum number of regions). Initial 6 regions, optional 0 regions
[2024-10-12T11:24:17.210+0800][debug][gc,ergo,cset] GC(339) Finish choosing collection set old regions. Initial: 6, optional: 0, predicted old time: 0.00ms, predicted optional time: 0.00ms, time remaining: 48.32
[2024-10-12T11:24:17.273+0800][debug][gc,ergo,cset] GC(340) Start adding old regions to collection set. Min 6 regions, max 6 regions, time remaining 49.05ms, optional threshold 9.81ms
[2024-10-12T11:24:17.273+0800][debug][gc,ergo,cset] GC(340) Finish adding old regions to collection set (Maximum number of regions). Initial 6 regions, optional 0 regions
[2024-10-12T11:24:17.273+0800][debug][gc,ergo,cset] GC(340) Finish choosing collection set old regions. Initial: 6, optional: 0, predicted old time: 0.00ms, predicted optional time: 0.00ms, time remaining: 48.19
[2024-10-12T11:24:17.922+0800][debug][gc,ergo,cset] GC(347) Pruned 0 regions out of 41, leaving 0 bytes waste (allowed 0)
[2024-10-12T11:24:18.129+0800][debug][gc,ergo,cset] Preventive GC, insufficient free regions. Predicted need 6. Curr Eden 1 (Pred 2). Curr Survivor 1 (Pred 1). Curr Old 51 (Pred 3) Free 6 Alloc 1
[2024-10-12T11:24:18.130+0800][debug][gc,ergo,cset] GC(349) Start adding old regions to collection set. Min 6 regions, max 6 regions, time remaining 49.22ms, optional threshold 9.84ms
[2024-10-12T11:24:18.130+0800][debug][gc,ergo,cset] GC(349) Finish adding old regions to collection set (Maximum number of regions). Initial 6 regions, optional 0 regions
[2024-10-12T11:24:18.130+0800][debug][gc,ergo,cset] GC(349) Finish choosing collection set old regions. Initial: 6, optional: 0, predicted old time: 0.00ms, predicted optional time: 0.00ms, time remaining: 48.64
[2024-10-12T11:24:18.234+0800][debug][gc,ergo,cset] GC(350) Start adding old regions to collection set. Min 6 regions, max 6 regions, time remaining 48.95ms, optional threshold 9.79ms
[2024-10-12T11:24:18.234+0800][debug][gc,ergo,cset] GC(350) Finish adding old regions to collection set (Maximum number of regions). Initial 6 regions, optional 0 regions
[2024-10-12T11:24:18.234+0800][debug][gc,ergo,cset] GC(350) Finish choosing collection set old regions. Initial: 6, optional: 0, predicted old time: 0.00ms, predicted optional time: 0.00ms, time remaining: 48.13
[2024-10-12T11:24:18.339+0800][debug][gc,ergo,cset] GC(351) Start adding old regions to collection set. Min 6 regions, max 6 regions, time remaining 48.92ms, optional threshold 9.78ms
[2024-10-12T11:24:18.339+0800][debug][gc,ergo,cset] GC(351) Finish adding old regions to collection set (Maximum number of regions). Initial 6 regions, optional 0 regions
[2024-10-12T11:24:18.339+0800][debug][gc,ergo,cset] GC(351) Finish choosing collection set old regions. Initial: 6, optional: 0, predicted old time: 0.00ms, predicted optional time: 0.00ms, time remaining: 47.88
[2024-10-12T11:24:18.444+0800][debug][gc,ergo,cset] Preventive GC, insufficient free regions. Predicted need 9. Curr Eden 2 (Pred 3). Curr Survivor 1 (Pred 1). Curr Old 46 (Pred 5) Free 9 Alloc 1
[2024-10-12T11:24:18.444+0800][debug][gc,ergo,cset] GC(352) Start adding old regions to collection set. Min 6 regions, max 6 regions, time remaining 48.86ms, optional threshold 9.77ms
[2024-10-12T11:24:18.444+0800][debug][gc,ergo,cset] GC(352) Finish adding old regions to collection set (Maximum number of regions). Initial 6 regions, optional 0 regions
[2024-10-12T11:24:18.444+0800][debug][gc,ergo,cset] GC(352) Finish choosing collection set old regions. Initial: 6, optional: 0, predicted old time: 0.00ms, predicted optional time: 0.00ms, time remaining: 47.73
[2024-10-12T11:24:18.549+0800][debug][gc,ergo,cset] GC(353) Start adding old regions to collection set. Min 6 regions, max 6 regions, time remaining 48.89ms, optional threshold 9.78ms
[2024-10-12T11:24:18.549+0800][debug][gc,ergo,cset] GC(353) Finish adding old regions to collection set (Maximum number of regions). Initial 6 regions, optional 0 regions
[2024-10-12T11:24:18.549+0800][debug][gc,ergo,cset] GC(353) Finish choosing collection set old regions. Initial: 6, optional: 0, predicted old time: 0.00ms, predicted optional time: 0.00ms, time remaining: 47.65
[2024-10-12T11:24:18.654+0800][debug][gc,ergo,cset] Preventive GC, insufficient free regions. Predicted need 10. Curr Eden 2 (Pred 3). Curr Survivor 1 (Pred 1). Curr Old 46 (Pred 6) Free 10 Alloc 1
[2024-10-12T11:24:18.655+0800][debug][gc,ergo,cset] GC(354) Start adding old regions to collection set. Min 6 regions, max 6 regions, time remaining 48.89ms, optional threshold 9.78ms
[2024-10-12T11:24:18.655+0800][debug][gc,ergo,cset] GC(354) Finish adding old regions to collection set (Maximum number of regions). Initial 6 regions, optional 0 regions
[2024-10-12T11:24:18.655+0800][debug][gc,ergo,cset] GC(354) Finish choosing collection set old regions. Initial: 6, optional: 0, predicted old time: 0.00ms, predicted optional time: 0.00ms, time remaining: 47.62
[2024-10-12T11:24:18.760+0800][debug][gc,ergo,cset] GC(355) Start adding old regions to collection set. Min 6 regions, max 6 regions, time remaining 48.90ms, optional threshold 9.78ms
[2024-10-12T11:24:18.760+0800][debug][gc,ergo,cset] GC(355) Old candidate collection set empty.
[2024-10-12T11:24:18.760+0800][debug][gc,ergo,cset] GC(355) Finish choosing collection set old regions. Initial: 5, optional: 0, predicted old time: 0.00ms, predicted optional time: 0.00ms, time remaining: 47.79
[2024-10-12T11:24:19.083+0800][debug][gc,ergo,cset] GC(359) Pruned 0 regions out of 42, leaving 0 bytes waste (allowed 0)
[2024-10-12T11:24:19.227+0800][debug][gc,ergo,cset] Preventive GC, insufficient free regions. Predicted need 4. Curr Eden 2 (Pred 3). Curr Survivor 1 (Pred 1). Curr Old 52 (Pred 0) Free 4 Alloc 1
[2024-10-12T11:24:19.290+0800][debug][gc,ergo,cset] Preventive GC, insufficient free regions. Predicted need 5. Curr Eden 1 (Pred 2). Curr Survivor 1 (Pred 1). Curr Old 54 (Pred 2) Free 3 Alloc 1
[2024-10-12T11:24:19.290+0800][debug][gc,ergo,cset] GC(361) Start adding old regions to collection set. Min 6 regions, max 6 regions, time remaining 49.20ms, optional threshold 9.84ms
[2024-10-12T11:24:19.290+0800][debug][gc,ergo,cset] GC(361) Finish adding old regions to collection set (Maximum number of regions). Initial 6 regions, optional 0 regions
[2024-10-12T11:24:19.290+0800][debug][gc,ergo,cset] GC(361) Finish choosing collection set old regions. Initial: 6, optional: 0, predicted old time: 0.00ms, predicted optional time: 0.00ms, time remaining: 48.71
[2024-10-12T11:24:19.394+0800][debug][gc,ergo,cset] Preventive GC, insufficient free regions. Predicted need 7. Curr Eden 2 (Pred 3). Curr Survivor 1 (Pred 1). Curr Old 50 (Pred 3) Free 6 Alloc 1
[2024-10-12T11:24:19.394+0800][debug][gc,ergo,cset] GC(362) Start adding old regions to collection set. Min 6 regions, max 6 regions, time remaining 48.93ms, optional threshold 9.79ms
[2024-10-12T11:24:19.394+0800][debug][gc,ergo,cset] GC(362) Finish adding old regions to collection set (Maximum number of regions). Initial 6 regions, optional 0 regions
[2024-10-12T11:24:19.394+0800][debug][gc,ergo,cset] GC(362) Finish choosing collection set old regions. Initial: 6, optional: 0, predicted old time: 0.00ms, predicted optional time: 0.00ms, time remaining: 48.16
[2024-10-12T11:24:19.499+0800][debug][gc,ergo,cset] Preventive GC, insufficient free regions. Predicted need 7. Curr Eden 2 (Pred 3). Curr Survivor 1 (Pred 1). Curr Old 49 (Pred 3) Free 7 Alloc 1
[2024-10-12T11:24:19.499+0800][debug][gc,ergo,cset] GC(363) Start adding old regions to collection set. Min 6 regions, max 6 regions, time remaining 48.93ms, optional threshold 9.79ms
[2024-10-12T11:24:19.499+0800][debug][gc,ergo,cset] GC(363) Finish adding old regions to collection set (Maximum number of regions). Initial 6 regions, optional 0 regions
[2024-10-12T11:24:19.499+0800][debug][gc,ergo,cset] GC(363) Finish choosing collection set old regions. Initial: 6, optional: 0, predicted old time: 0.00ms, predicted optional time: 0.00ms, time remaining: 48.09
[2024-10-12T11:24:19.604+0800][debug][gc,ergo,cset] GC(364) Start adding old regions to collection set. Min 6 regions, max 6 regions, time remaining 48.90ms, optional threshold 9.78ms
[2024-10-12T11:24:19.604+0800][debug][gc,ergo,cset] GC(364) Finish adding old regions to collection set (Maximum number of regions). Initial 6 regions, optional 0 regions
[2024-10-12T11:24:19.604+0800][debug][gc,ergo,cset] GC(364) Finish choosing collection set old regions. Initial: 6, optional: 0, predicted old time: 0.00ms, predicted optional time: 0.00ms, time remaining: 47.93
[2024-10-12T11:24:19.709+0800][debug][gc,ergo,cset] GC(365) Start adding old regions to collection set. Min 6 regions, max 6 regions, time remaining 48.84ms, optional threshold 9.77ms
[2024-10-12T11:24:19.709+0800][debug][gc,ergo,cset] GC(365) Finish adding old regions to collection set (Maximum number of regions). Initial 6 regions, optional 0 regions
[2024-10-12T11:24:19.709+0800][debug][gc,ergo,cset] GC(365) Finish choosing collection set old regions. Initial: 6, optional: 0, predicted old time: 0.00ms, predicted optional time: 0.00ms, time remaining: 47.68
[2024-10-12T11:24:19.814+0800][debug][gc,ergo,cset] GC(366) Start adding old regions to collection set. Min 6 regions, max 6 regions, time remaining 48.86ms, optional threshold 9.77ms
[2024-10-12T11:24:19.814+0800][debug][gc,ergo,cset] GC(366) Finish adding old regions to collection set (Maximum number of regions). Initial 6 regions, optional 0 regions
[2024-10-12T11:24:19.814+0800][debug][gc,ergo,cset] GC(366) Finish choosing collection set old regions. Initial: 6, optional: 0, predicted old time: 0.00ms, predicted optional time: 0.00ms, time remaining: 47.57
[2024-10-12T11:24:19.920+0800][debug][gc,ergo,cset] GC(367) Start adding old regions to collection set. Min 6 regions, max 6 regions, time remaining 48.86ms, optional threshold 9.77ms
[2024-10-12T11:24:19.920+0800][debug][gc,ergo,cset] GC(367) Old candidate collection set empty.
[2024-10-12T11:24:19.920+0800][debug][gc,ergo,cset] GC(367) Finish choosing collection set old regions. Initial: 6, optional: 0, predicted old time: 0.00ms, predicted optional time: 0.00ms, time remaining: 47.33
[2024-10-12T11:24:20.244+0800][debug][gc,ergo,cset] GC(371) Pruned 0 regions out of 47, leaving 0 bytes waste (allowed 0)
[2024-10-12T11:24:20.388+0800][debug][gc,ergo,cset] Preventive GC, insufficient free regions. Predicted need 4. Curr Eden 2 (Pred 3). Curr Survivor 1 (Pred 1). Curr Old 53 (Pred 0) Free 3 Alloc 1
[2024-10-12T11:24:20.451+0800][debug][gc,ergo,cset] Preventive GC, insufficient free regions. Predicted need 5. Curr Eden 1 (Pred 2). Curr Survivor 1 (Pred 1). Curr Old 55 (Pred 2) Free 2 Alloc 1
[2024-10-12T11:24:20.451+0800][debug][gc,ergo,cset] GC(373) Start adding old regions to collection set. Min 6 regions, max 6 regions, time remaining 49.14ms, optional threshold 9.83ms
[2024-10-12T11:24:20.451+0800][debug][gc,ergo,cset] GC(373) Finish adding old regions to collection set (Maximum number of regions). Initial 6 regions, optional 0 regions
[2024-10-12T11:24:20.451+0800][debug][gc,ergo,cset] GC(373) Finish choosing collection set old regions. Initial: 6, optional: 0, predicted old time: 0.00ms, predicted optional time: 0.00ms, time remaining: 48.65
[2024-10-12T11:24:20.493+0800][debug][gc,ergo,cset] Preventive GC, insufficient free regions. Predicted need 6. Curr Eden 1 (Pred 2). Curr Survivor 1 (Pred 1). Curr Old 56 (Pred 3) Free 1 Alloc 1
[2024-10-12T11:24:20.494+0800][debug][gc,ergo,cset] GC(374) Start adding old regions to collection set. Min 6 regions, max 6 regions, time remaining 49.11ms, optional threshold 9.82ms
[2024-10-12T11:24:20.494+0800][debug][gc,ergo,cset] GC(374) Finish adding old regions to collection set (Maximum number of regions). Initial 6 regions, optional 0 regions
[2024-10-12T11:24:20.494+0800][debug][gc,ergo,cset] GC(374) Finish choosing collection set old regions. Initial: 6, optional: 0, predicted old time: 0.00ms, predicted optional time: 0.00ms, time remaining: 48.38
[2024-10-12T11:24:20.556+0800][debug][gc,ergo,cset] GC(375) Start adding old regions to collection set. Min 6 regions, max 6 regions, time remaining 49.10ms, optional threshold 9.82ms
[2024-10-12T11:24:20.556+0800][debug][gc,ergo,cset] GC(375) Finish adding old regions to collection set (Maximum number of regions). Initial 6 regions, optional 0 regions
[2024-10-12T11:24:20.556+0800][debug][gc,ergo,cset] GC(375) Finish choosing collection set old regions. Initial: 6, optional: 0, predicted old time: 0.00ms, predicted optional time: 0.00ms, time remaining: 48.23
[2024-10-12T11:24:21.269+0800][debug][gc,ergo,cset] GC(382) Pruned 0 regions out of 35, leaving 0 bytes waste (allowed 0)
[2024-10-12T11:24:21.516+0800][debug][gc,ergo,cset] Preventive GC, insufficient free regions. Predicted need 6. Curr Eden 2 (Pred 3). Curr Survivor 1 (Pred 1). Curr Old 50 (Pred 2) Free 6 Alloc 1
[2024-10-12T11:24:21.517+0800][debug][gc,ergo,cset] GC(384) Start adding old regions to collection set. Min 5 regions, max 5 regions, time remaining 49.01ms, optional threshold 9.80ms
[2024-10-12T11:24:21.517+0800][debug][gc,ergo,cset] GC(384) Finish adding old regions to collection set (Maximum number of regions). Initial 5 regions, optional 0 regions
[2024-10-12T11:24:21.517+0800][debug][gc,ergo,cset] GC(384) Finish choosing collection set old regions. Initial: 5, optional: 0, predicted old time: 0.00ms, predicted optional time: 0.00ms, time remaining: 48.56
[2024-10-12T11:24:21.620+0800][debug][gc,ergo,cset] Preventive GC, insufficient free regions. Predicted need 7. Curr Eden 2 (Pred 3). Curr Survivor 1 (Pred 1). Curr Old 49 (Pred 3) Free 7 Alloc 1
[2024-10-12T11:24:21.621+0800][debug][gc,ergo,cset] GC(385) Start adding old regions to collection set. Min 5 regions, max 5 regions, time remaining 48.96ms, optional threshold 9.79ms
[2024-10-12T11:24:21.621+0800][debug][gc,ergo,cset] GC(385) Finish adding old regions to collection set (Maximum number of regions). Initial 5 regions, optional 0 regions
[2024-10-12T11:24:21.621+0800][debug][gc,ergo,cset] GC(385) Finish choosing collection set old regions. Initial: 5, optional: 0, predicted old time: 0.00ms, predicted optional time: 0.00ms, time remaining: 48.38
[2024-10-12T11:24:21.725+0800][debug][gc,ergo,cset] GC(386) Start adding old regions to collection set. Min 5 regions, max 5 regions, time remaining 48.95ms, optional threshold 9.79ms
[2024-10-12T11:24:21.725+0800][debug][gc,ergo,cset] GC(386) Finish adding old regions to collection set (Maximum number of regions). Initial 5 regions, optional 0 regions
[2024-10-12T11:24:21.725+0800][debug][gc,ergo,cset] GC(386) Finish choosing collection set old regions. Initial: 5, optional: 0, predicted old time: 0.00ms, predicted optional time: 0.00ms, time remaining: 48.28
[2024-10-12T11:24:21.829+0800][debug][gc,ergo,cset] GC(387) Start adding old regions to collection set. Min 5 regions, max 5 regions, time remaining 48.90ms, optional threshold 9.78ms
[2024-10-12T11:24:21.829+0800][debug][gc,ergo,cset] GC(387) Finish adding old regions to collection set (Maximum number of regions). Initial 5 regions, optional 0 regions
[2024-10-12T11:24:21.829+0800][debug][gc,ergo,cset] GC(387) Finish choosing collection set old regions. Initial: 5, optional: 0, predicted old time: 0.00ms, predicted optional time: 0.00ms, time remaining: 48.06
[2024-10-12T11:24:21.934+0800][debug][gc,ergo,cset] GC(388) Start adding old regions to collection set. Min 5 regions, max 5 regions, time remaining 48.91ms, optional threshold 9.78ms
[2024-10-12T11:24:21.934+0800][debug][gc,ergo,cset] GC(388) Finish adding old regions to collection set (Maximum number of regions). Initial 5 regions, optional 0 regions
[2024-10-12T11:24:21.934+0800][debug][gc,ergo,cset] GC(388) Finish choosing collection set old regions. Initial: 5, optional: 0, predicted old time: 0.00ms, predicted optional time: 0.00ms, time remaining: 47.95
[2024-10-12T11:24:22.039+0800][debug][gc,ergo,cset] GC(389) Start adding old regions to collection set. Min 5 regions, max 5 regions, time remaining 48.86ms, optional threshold 9.77ms
[2024-10-12T11:24:22.039+0800][debug][gc,ergo,cset] GC(389) Finish adding old regions to collection set (Maximum number of regions). Initial 5 regions, optional 0 regions
[2024-10-12T11:24:22.039+0800][debug][gc,ergo,cset] GC(389) Finish choosing collection set old regions. Initial: 5, optional: 0, predicted old time: 0.00ms, predicted optional time: 0.00ms, time remaining: 47.77
[2024-10-12T11:24:22.144+0800][debug][gc,ergo,cset] Preventive GC, insufficient free regions. Predicted need 9. Curr Eden 2 (Pred 3). Curr Survivor 1 (Pred 1). Curr Old 47 (Pred 5) Free 9 Alloc 1
[2024-10-12T11:24:22.145+0800][debug][gc,ergo,cset] GC(390) Start adding old regions to collection set. Min 5 regions, max 5 regions, time remaining 48.83ms, optional threshold 9.77ms
[2024-10-12T11:24:22.145+0800][debug][gc,ergo,cset] GC(390) Old candidate collection set empty.
[2024-10-12T11:24:22.145+0800][debug][gc,ergo,cset] GC(390) Finish choosing collection set old regions. Initial: 5, optional: 0, predicted old time: 0.00ms, predicted optional time: 0.00ms, time remaining: 47.35
[2024-10-12T11:24:22.468+0800][debug][gc,ergo,cset] GC(394) Pruned 0 regions out of 44, leaving 0 bytes waste (allowed 0)
[2024-10-12T11:24:22.613+0800][debug][gc,ergo,cset] Preventive GC, insufficient free regions. Predicted need 4. Curr Eden 2 (Pred 3). Curr Survivor 1 (Pred 1). Curr Old 53 (Pred 0) Free 3 Alloc 1
[2024-10-12T11:24:22.675+0800][debug][gc,ergo,cset] Preventive GC, insufficient free regions. Predicted need 5. Curr Eden 1 (Pred 2). Curr Survivor 1 (Pred 1). Curr Old 55 (Pred 2) Free 2 Alloc 1
[2024-10-12T11:24:22.676+0800][debug][gc,ergo,cset] GC(396) Start adding old regions to collection set. Min 6 regions, max 6 regions, time remaining 49.16ms, optional threshold 9.83ms
[2024-10-12T11:24:22.676+0800][debug][gc,ergo,cset] GC(396) Finish adding old regions to collection set (Maximum number of regions). Initial 6 regions, optional 0 regions
[2024-10-12T11:24:22.676+0800][debug][gc,ergo,cset] GC(396) Finish choosing collection set old regions. Initial: 6, optional: 0, predicted old time: 0.00ms, predicted optional time: 0.00ms, time remaining: 48.72
[2024-10-12T11:24:22.718+0800][debug][gc,ergo,cset] Preventive GC, insufficient free regions. Predicted need 6. Curr Eden 1 (Pred 2). Curr Survivor 1 (Pred 1). Curr Old 53 (Pred 3) Free 4 Alloc 1
[2024-10-12T11:24:22.718+0800][debug][gc,ergo,cset] GC(397) Start adding old regions to collection set. Min 6 regions, max 6 regions, time remaining 49.14ms, optional threshold 9.83ms
[2024-10-12T11:24:22.718+0800][debug][gc,ergo,cset] GC(397) Finish adding old regions to collection set (Maximum number of regions). Initial 6 regions, optional 0 regions
[2024-10-12T11:24:22.718+0800][debug][gc,ergo,cset] GC(397) Finish choosing collection set old regions. Initial: 6, optional: 0, predicted old time: 0.00ms, predicted optional time: 0.00ms, time remaining: 48.38
[2024-10-12T11:24:22.781+0800][debug][gc,ergo,cset] Preventive GC, insufficient free regions. Predicted need 7. Curr Eden 1 (Pred 2). Curr Survivor 1 (Pred 1). Curr Old 54 (Pred 4) Free 3 Alloc 1
[2024-10-12T11:24:22.782+0800][debug][gc,ergo,cset] GC(398) Start adding old regions to collection set. Min 6 regions, max 6 regions, time remaining 49.14ms, optional threshold 9.83ms
[2024-10-12T11:24:22.782+0800][debug][gc,ergo,cset] GC(398) Finish adding old regions to collection set (Maximum number of regions). Initial 6 regions, optional 0 regions
[2024-10-12T11:24:22.782+0800][debug][gc,ergo,cset] GC(398) Finish choosing collection set old regions. Initial: 6, optional: 0, predicted old time: 0.00ms, predicted optional time: 0.00ms, time remaining: 48.31
[2024-10-12T11:24:22.784+0800][debug][gc,ergo,cset] GC(399) Start adding old regions to collection set. Min 6 regions, max 6 regions, time remaining 49.12ms, optional threshold 9.82ms
[2024-10-12T11:24:22.784+0800][debug][gc,ergo,cset] GC(399) Finish adding old regions to collection set (Maximum number of regions). Initial 6 regions, optional 0 regions
[2024-10-12T11:24:22.784+0800][debug][gc,ergo,cset] GC(399) Finish choosing collection set old regions. Initial: 6, optional: 0, predicted old time: 0.00ms, predicted optional time: 0.00ms, time remaining: 48.17
[2024-10-12T11:24:23.455+0800][debug][gc,ergo,cset] GC(406) Pruned 0 regions out of 33, leaving 0 bytes waste (allowed 0)
[2024-10-12T11:24:23.702+0800][debug][gc,ergo,cset] Preventive GC, insufficient free regions. Predicted need 6. Curr Eden 2 (Pred 3). Curr Survivor 1 (Pred 1). Curr Old 50 (Pred 2) Free 6 Alloc 1
[2024-10-12T11:24:23.703+0800][debug][gc,ergo,cset] GC(408) Start adding old regions to collection set. Min 5 regions, max 5 regions, time remaining 49.00ms, optional threshold 9.80ms
[2024-10-12T11:24:23.703+0800][debug][gc,ergo,cset] GC(408) Finish adding old regions to collection set (Maximum number of regions). Initial 5 regions, optional 0 regions
[2024-10-12T11:24:23.703+0800][debug][gc,ergo,cset] GC(408) Finish choosing collection set old regions. Initial: 5, optional: 0, predicted old time: 0.00ms, predicted optional time: 0.00ms, time remaining: 48.62
[2024-10-12T11:24:23.807+0800][debug][gc,ergo,cset] Preventive GC, insufficient free regions. Predicted need 7. Curr Eden 2 (Pred 3). Curr Survivor 1 (Pred 1). Curr Old 49 (Pred 3) Free 7 Alloc 1
[2024-10-12T11:24:23.807+0800][debug][gc,ergo,cset] GC(409) Start adding old regions to collection set. Min 5 regions, max 5 regions, time remaining 48.97ms, optional threshold 9.79ms
[2024-10-12T11:24:23.807+0800][debug][gc,ergo,cset] GC(409) Finish adding old regions to collection set (Maximum number of regions). Initial 5 regions, optional 0 regions
[2024-10-12T11:24:23.807+0800][debug][gc,ergo,cset] GC(409) Finish choosing collection set old regions. Initial: 5, optional: 0, predicted old time: 0.00ms, predicted optional time: 0.00ms, time remaining: 48.35
[2024-10-12T11:24:23.911+0800][debug][gc,ergo,cset] GC(410) Start adding old regions to collection set. Min 5 regions, max 5 regions, time remaining 48.95ms, optional threshold 9.79ms
[2024-10-12T11:24:23.911+0800][debug][gc,ergo,cset] GC(410) Finish adding old regions to collection set (Maximum number of regions). Initial 5 regions, optional 0 regions
[2024-10-12T11:24:23.911+0800][debug][gc,ergo,cset] GC(410) Finish choosing collection set old regions. Initial: 5, optional: 0, predicted old time: 0.00ms, predicted optional time: 0.00ms, time remaining: 48.22
[2024-10-12T11:24:24.016+0800][debug][gc,ergo,cset] GC(411) Start adding old regions to collection set. Min 5 regions, max 5 regions, time remaining 48.94ms, optional threshold 9.79ms
[2024-10-12T11:24:24.016+0800][debug][gc,ergo,cset] GC(411) Finish adding old regions to collection set (Maximum number of regions). Initial 5 regions, optional 0 regions
[2024-10-12T11:24:24.016+0800][debug][gc,ergo,cset] GC(411) Finish choosing collection set old regions. Initial: 5, optional: 0, predicted old time: 0.00ms, predicted optional time: 0.00ms, time remaining: 48.09
[2024-10-12T11:24:24.121+0800][debug][gc,ergo,cset] GC(412) Start adding old regions to collection set. Min 5 regions, max 5 regions, time remaining 48.92ms, optional threshold 9.78ms
[2024-10-12T11:24:24.121+0800][debug][gc,ergo,cset] GC(412) Finish adding old regions to collection set (Maximum number of regions). Initial 5 regions, optional 0 regions
[2024-10-12T11:24:24.121+0800][debug][gc,ergo,cset] GC(412) Finish choosing collection set old regions. Initial: 5, optional: 0, predicted old time: 0.00ms, predicted optional time: 0.00ms, time remaining: 47.99
[2024-10-12T11:24:24.225+0800][debug][gc,ergo,cset] Preventive GC, insufficient free regions. Predicted need 9. Curr Eden 2 (Pred 3). Curr Survivor 1 (Pred 1). Curr Old 47 (Pred 5) Free 9 Alloc 1
[2024-10-12T11:24:24.225+0800][debug][gc,ergo,cset] GC(413) Start adding old regions to collection set. Min 5 regions, max 5 regions, time remaining 48.88ms, optional threshold 9.78ms
[2024-10-12T11:24:24.225+0800][debug][gc,ergo,cset] GC(413) Finish adding old regions to collection set (Maximum number of regions). Initial 5 regions, optional 0 regions
[2024-10-12T11:24:24.226+0800][debug][gc,ergo,cset] GC(413) Finish choosing collection set old regions. Initial: 5, optional: 0, predicted old time: 0.00ms, predicted optional time: 0.00ms, time remaining: 47.78
[2024-10-12T11:24:24.331+0800][debug][gc,ergo,cset] GC(414) Start adding old regions to collection set. Min 5 regions, max 5 regions, time remaining 48.87ms, optional threshold 9.77ms
[2024-10-12T11:24:24.331+0800][debug][gc,ergo,cset] GC(414) Old candidate collection set empty.
[2024-10-12T11:24:24.331+0800][debug][gc,ergo,cset] GC(414) Finish choosing collection set old regions. Initial: 3, optional: 0, predicted old time: 0.00ms, predicted optional time: 0.00ms, time remaining: 47.95
[2024-10-12T11:24:24.553+0800][debug][gc,ergo,cset] GC(417) Pruned 0 regions out of 44, leaving 0 bytes waste (allowed 0)
[2024-10-12T11:24:24.694+0800][debug][gc,ergo,cset] Preventive GC, insufficient free regions. Predicted need 4. Curr Eden 2 (Pred 3). Curr Survivor 1 (Pred 1). Curr Old 53 (Pred 0) Free 3 Alloc 1
[2024-10-12T11:24:24.757+0800][debug][gc,ergo,cset] Preventive GC, insufficient free regions. Predicted need 5. Curr Eden 1 (Pred 2). Curr Survivor 1 (Pred 1). Curr Old 55 (Pred 2) Free 2 Alloc 1
[2024-10-12T11:24:24.757+0800][debug][gc,ergo,cset] GC(419) Start adding old regions to collection set. Min 6 regions, max 6 regions, time remaining 49.10ms, optional threshold 9.82ms
[2024-10-12T11:24:24.757+0800][debug][gc,ergo,cset] GC(419) Finish adding old regions to collection set (Maximum number of regions). Initial 6 regions, optional 0 regions
[2024-10-12T11:24:24.757+0800][debug][gc,ergo,cset] GC(419) Finish choosing collection set old regions. Initial: 6, optional: 0, predicted old time: 0.00ms, predicted optional time: 0.00ms, time remaining: 48.54
[2024-10-12T11:24:24.801+0800][debug][gc,ergo,cset] GC(420) Start adding old regions to collection set. Min 6 regions, max 6 regions, time remaining 49.05ms, optional threshold 9.81ms
[2024-10-12T11:24:24.801+0800][debug][gc,ergo,cset] GC(420) Finish adding old regions to collection set (Maximum number of regions). Initial 6 regions, optional 0 regions
[2024-10-12T11:24:24.801+0800][debug][gc,ergo,cset] GC(420) Finish choosing collection set old regions. Initial: 6, optional: 0, predicted old time: 0.00ms, predicted optional time: 0.00ms, time remaining: 48.24
[2024-10-12T11:24:25.470+0800][debug][gc,ergo,cset] GC(427) Pruned 0 regions out of 36, leaving 0 bytes waste (allowed 0)
[2024-10-12T11:24:25.717+0800][debug][gc,ergo,cset] Preventive GC, insufficient free regions. Predicted need 6. Curr Eden 2 (Pred 3). Curr Survivor 1 (Pred 1). Curr Old 51 (Pred 2) Free 5 Alloc 1
[2024-10-12T11:24:25.717+0800][debug][gc,ergo,cset] GC(429) Start adding old regions to collection set. Min 5 regions, max 5 regions, time remaining 48.99ms, optional threshold 9.80ms
[2024-10-12T11:24:25.717+0800][debug][gc,ergo,cset] GC(429) Finish adding old regions to collection set (Maximum number of regions). Initial 5 regions, optional 0 regions
[2024-10-12T11:24:25.717+0800][debug][gc,ergo,cset] GC(429) Finish choosing collection set old regions. Initial: 5, optional: 0, predicted old time: 0.00ms, predicted optional time: 0.00ms, time remaining: 48.59
[2024-10-12T11:24:25.821+0800][debug][gc,ergo,cset] Preventive GC, insufficient free regions. Predicted need 7. Curr Eden 2 (Pred 3). Curr Survivor 1 (Pred 1). Curr Old 49 (Pred 3) Free 7 Alloc 1
[2024-10-12T11:24:25.821+0800][debug][gc,ergo,cset] GC(430) Start adding old regions to collection set. Min 5 regions, max 5 regions, time remaining 48.95ms, optional threshold 9.79ms
[2024-10-12T11:24:25.821+0800][debug][gc,ergo,cset] GC(430) Finish adding old regions to collection set (Maximum number of regions). Initial 5 regions, optional 0 regions
[2024-10-12T11:24:25.821+0800][debug][gc,ergo,cset] GC(430) Finish choosing collection set old regions. Initial: 5, optional: 0, predicted old time: 0.00ms, predicted optional time: 0.00ms, time remaining: 48.29
[2024-10-12T11:24:25.925+0800][debug][gc,ergo,cset] Preventive GC, insufficient free regions. Predicted need 8. Curr Eden 2 (Pred 3). Curr Survivor 1 (Pred 1). Curr Old 49 (Pred 4) Free 7 Alloc 1
[2024-10-12T11:24:25.926+0800][debug][gc,ergo,cset] GC(431) Start adding old regions to collection set. Min 5 regions, max 5 regions, time remaining 48.91ms, optional threshold 9.78ms
[2024-10-12T11:24:25.926+0800][debug][gc,ergo,cset] GC(431) Finish adding old regions to collection set (Maximum number of regions). Initial 5 regions, optional 0 regions
[2024-10-12T11:24:25.926+0800][debug][gc,ergo,cset] GC(431) Finish choosing collection set old regions. Initial: 5, optional: 0, predicted old time: 0.00ms, predicted optional time: 0.00ms, time remaining: 48.13
[2024-10-12T11:24:26.030+0800][debug][gc,ergo,cset] Preventive GC, insufficient free regions. Predicted need 8. Curr Eden 2 (Pred 3). Curr Survivor 1 (Pred 2). Curr Old 49 (Pred 4) Free 7 Alloc 1
[2024-10-12T11:24:26.030+0800][debug][gc,ergo,cset] GC(432) Start adding old regions to collection set. Min 5 regions, max 5 regions, time remaining 48.92ms, optional threshold 9.78ms
[2024-10-12T11:24:26.030+0800][debug][gc,ergo,cset] GC(432) Finish adding old regions to collection set (Maximum number of regions). Initial 5 regions, optional 0 regions
[2024-10-12T11:24:26.030+0800][debug][gc,ergo,cset] GC(432) Finish choosing collection set old regions. Initial: 5, optional: 0, predicted old time: 0.00ms, predicted optional time: 0.00ms, time remaining: 48.05
[2024-10-12T11:24:26.135+0800][debug][gc,ergo,cset] Preventive GC, insufficient free regions. Predicted need 8. Curr Eden 2 (Pred 3). Curr Survivor 1 (Pred 1). Curr Old 49 (Pred 4) Free 7 Alloc 1
[2024-10-12T11:24:26.135+0800][debug][gc,ergo,cset] GC(433) Start adding old regions to collection set. Min 5 regions, max 5 regions, time remaining 48.93ms, optional threshold 9.79ms
[2024-10-12T11:24:26.135+0800][debug][gc,ergo,cset] GC(433) Finish adding old regions to collection set (Maximum number of regions). Initial 5 regions, optional 0 regions
[2024-10-12T11:24:26.135+0800][debug][gc,ergo,cset] GC(433) Finish choosing collection set old regions. Initial: 5, optional: 0, predicted old time: 0.00ms, predicted optional time: 0.00ms, time remaining: 48.05
[2024-10-12T11:24:26.240+0800][debug][gc,ergo,cset] Preventive GC, insufficient free regions. Predicted need 8. Curr Eden 2 (Pred 3). Curr Survivor 1 (Pred 1). Curr Old 49 (Pred 4) Free 7 Alloc 1
[2024-10-12T11:24:26.240+0800][debug][gc,ergo,cset] GC(434) Start adding old regions to collection set. Min 5 regions, max 5 regions, time remaining 48.80ms, optional threshold 9.76ms
[2024-10-12T11:24:26.240+0800][debug][gc,ergo,cset] GC(434) Finish adding old regions to collection set (Maximum number of regions). Initial 5 regions, optional 0 regions
[2024-10-12T11:24:26.240+0800][debug][gc,ergo,cset] GC(434) Finish choosing collection set old regions. Initial: 5, optional: 0, predicted old time: 0.00ms, predicted optional time: 0.00ms, time remaining: 47.72
[2024-10-12T11:24:26.304+0800][debug][gc,ergo,cset] Preventive GC, insufficient free regions. Predicted need 8. Curr Eden 1 (Pred 2). Curr Survivor 1 (Pred 1). Curr Old 50 (Pred 5) Free 7 Alloc 1
[2024-10-12T11:24:26.304+0800][debug][gc,ergo,cset] GC(435) Start adding old regions to collection set. Min 5 regions, max 5 regions, time remaining 49.05ms, optional threshold 9.81ms
[2024-10-12T11:24:26.304+0800][debug][gc,ergo,cset] GC(435) Finish adding old regions to collection set (Maximum number of regions). Initial 5 regions, optional 0 regions
[2024-10-12T11:24:26.304+0800][debug][gc,ergo,cset] GC(435) Finish choosing collection set old regions. Initial: 5, optional: 0, predicted old time: 0.00ms, predicted optional time: 0.00ms, time remaining: 47.82
[2024-10-12T11:24:26.410+0800][debug][gc,ergo,cset] GC(436) Start adding old regions to collection set. Min 5 regions, max 5 regions, time remaining 48.69ms, optional threshold 9.74ms
[2024-10-12T11:24:26.410+0800][debug][gc,ergo,cset] GC(436) Old candidate collection set empty.
[2024-10-12T11:24:26.410+0800][debug][gc,ergo,cset] GC(436) Finish choosing collection set old regions. Initial: 1, optional: 0, predicted old time: 0.00ms, predicted optional time: 0.00ms, time remaining: 48.22
[2024-10-12T11:24:26.525+0800][debug][gc,ergo,cset] GC(438) Pruned 0 regions out of 41, leaving 0 bytes waste (allowed 0)
[2024-10-12T11:24:26.669+0800][debug][gc,ergo,cset] Preventive GC, insufficient free regions. Predicted need 4. Curr Eden 2 (Pred 3). Curr Survivor 1 (Pred 1). Curr Old 52 (Pred 0) Free 4 Alloc 1
[2024-10-12T11:24:26.732+0800][debug][gc,ergo,cset] Preventive GC, insufficient free regions. Predicted need 5. Curr Eden 1 (Pred 2). Curr Survivor 1 (Pred 1). Curr Old 54 (Pred 2) Free 3 Alloc 1
[2024-10-12T11:24:26.732+0800][debug][gc,ergo,cset] GC(440) Start adding old regions to collection set. Min 6 regions, max 6 regions, time remaining 49.08ms, optional threshold 9.82ms
[2024-10-12T11:24:26.732+0800][debug][gc,ergo,cset] GC(440) Finish adding old regions to collection set (Maximum number of regions). Initial 6 regions, optional 0 regions
[2024-10-12T11:24:26.732+0800][debug][gc,ergo,cset] GC(440) Finish choosing collection set old regions. Initial: 6, optional: 0, predicted old time: 0.00ms, predicted optional time: 0.00ms, time remaining: 48.42
[2024-10-12T11:24:26.836+0800][debug][gc,ergo,cset] Preventive GC, insufficient free regions. Predicted need 7. Curr Eden 2 (Pred 3). Curr Survivor 1 (Pred 1). Curr Old 50 (Pred 3) Free 6 Alloc 1
[2024-10-12T11:24:26.836+0800][debug][gc,ergo,cset] GC(441) Start adding old regions to collection set. Min 6 regions, max 6 regions, time remaining 48.86ms, optional threshold 9.77ms
[2024-10-12T11:24:26.836+0800][debug][gc,ergo,cset] GC(441) Finish adding old regions to collection set (Maximum number of regions). Initial 6 regions, optional 0 regions
[2024-10-12T11:24:26.836+0800][debug][gc,ergo,cset] GC(441) Finish choosing collection set old regions. Initial: 6, optional: 0, predicted old time: 0.00ms, predicted optional time: 0.00ms, time remaining: 47.96
[2024-10-12T11:24:26.900+0800][debug][gc,ergo,cset] Preventive GC, insufficient free regions. Predicted need 7. Curr Eden 1 (Pred 2). Curr Survivor 1 (Pred 1). Curr Old 50 (Pred 4) Free 7 Alloc 1
[2024-10-12T11:24:26.900+0800][debug][gc,ergo,cset] GC(442) Start adding old regions to collection set. Min 6 regions, max 6 regions, time remaining 49.07ms, optional threshold 9.81ms
[2024-10-12T11:24:26.900+0800][debug][gc,ergo,cset] GC(442) Finish adding old regions to collection set (Maximum number of regions). Initial 6 regions, optional 0 regions
[2024-10-12T11:24:26.900+0800][debug][gc,ergo,cset] GC(442) Finish choosing collection set old regions. Initial: 6, optional: 0, predicted old time: 0.00ms, predicted optional time: 0.00ms, time remaining: 47.98
[2024-10-12T11:24:27.004+0800][debug][gc,ergo,cset] Preventive GC, insufficient free regions. Predicted need 8. Curr Eden 2 (Pred 3). Curr Survivor 1 (Pred 1). Curr Old 48 (Pred 4) Free 8 Alloc 1
[2024-10-12T11:24:27.005+0800][debug][gc,ergo,cset] GC(443) Start adding old regions to collection set. Min 6 regions, max 6 regions, time remaining 48.79ms, optional threshold 9.76ms
[2024-10-12T11:24:27.005+0800][debug][gc,ergo,cset] GC(443) Finish adding old regions to collection set (Maximum number of regions). Initial 6 regions, optional 0 regions
[2024-10-12T11:24:27.005+0800][debug][gc,ergo,cset] GC(443) Finish choosing collection set old regions. Initial: 6, optional: 0, predicted old time: 0.00ms, predicted optional time: 0.00ms, time remaining: 47.57
[2024-10-12T11:24:27.109+0800][debug][gc,ergo,cset] Preventive GC, insufficient free regions. Predicted need 9. Curr Eden 2 (Pred 3). Curr Survivor 1 (Pred 1). Curr Old 48 (Pred 5) Free 8 Alloc 1
[2024-10-12T11:24:27.110+0800][debug][gc,ergo,cset] GC(444) Start adding old regions to collection set. Min 6 regions, max 6 regions, time remaining 48.76ms, optional threshold 9.75ms
[2024-10-12T11:24:27.110+0800][debug][gc,ergo,cset] GC(444) Finish adding old regions to collection set (Maximum number of regions). Initial 6 regions, optional 0 regions
[2024-10-12T11:24:27.110+0800][debug][gc,ergo,cset] GC(444) Finish choosing collection set old regions. Initial: 6, optional: 0, predicted old time: 0.00ms, predicted optional time: 0.00ms, time remaining: 47.50
[2024-10-12T11:24:27.194+0800][debug][gc,ergo,cset] Preventive GC, insufficient free regions. Predicted need 9. Curr Eden 2 (Pred 3). Curr Survivor 1 (Pred 1). Curr Old 47 (Pred 5) Free 9 Alloc 1
[2024-10-12T11:24:27.194+0800][debug][gc,ergo,cset] GC(445) Start adding old regions to collection set. Min 6 regions, max 6 regions, time remaining 48.81ms, optional threshold 9.76ms
[2024-10-12T11:24:27.194+0800][debug][gc,ergo,cset] GC(445) Finish adding old regions to collection set (Maximum number of regions). Initial 6 regions, optional 0 regions
[2024-10-12T11:24:27.194+0800][debug][gc,ergo,cset] GC(445) Finish choosing collection set old regions. Initial: 6, optional: 0, predicted old time: 0.00ms, predicted optional time: 0.00ms, time remaining: 47.45
[2024-10-12T11:24:27.320+0800][debug][gc,ergo,cset] Preventive GC, insufficient free regions. Predicted need 9. Curr Eden 2 (Pred 3). Curr Survivor 1 (Pred 1). Curr Old 47 (Pred 5) Free 8 Alloc 1
[2024-10-12T11:24:27.320+0800][debug][gc,ergo,cset] GC(446) Start adding old regions to collection set. Min 6 regions, max 6 regions, time remaining 48.83ms, optional threshold 9.77ms
[2024-10-12T11:24:27.320+0800][debug][gc,ergo,cset] GC(446) Old candidate collection set empty.
[2024-10-12T11:24:27.320+0800][debug][gc,ergo,cset] GC(446) Finish choosing collection set old regions. Initial: 5, optional: 0, predicted old time: 0.00ms, predicted optional time: 0.00ms, time remaining: 47.40
[2024-10-12T11:24:27.644+0800][debug][gc,ergo,cset] GC(450) Pruned 0 regions out of 47, leaving 0 bytes waste (allowed 0)
[2024-10-12T11:24:27.788+0800][debug][gc,ergo,cset] Preventive GC, insufficient free regions. Predicted need 4. Curr Eden 2 (Pred 3). Curr Survivor 1 (Pred 1). Curr Old 53 (Pred 0) Free 3 Alloc 1
[2024-10-12T11:24:27.850+0800][debug][gc,ergo,cset] Preventive GC, insufficient free regions. Predicted need 5. Curr Eden 1 (Pred 2). Curr Survivor 1 (Pred 1). Curr Old 55 (Pred 2) Free 2 Alloc 1
[2024-10-12T11:24:27.851+0800][debug][gc,ergo,cset] GC(452) Start adding old regions to collection set. Min 6 regions, max 6 regions, time remaining 49.17ms, optional threshold 9.83ms
[2024-10-12T11:24:27.851+0800][debug][gc,ergo,cset] GC(452) Finish adding old regions to collection set (Maximum number of regions). Initial 6 regions, optional 0 regions
[2024-10-12T11:24:27.851+0800][debug][gc,ergo,cset] GC(452) Finish choosing collection set old regions. Initial: 6, optional: 0, predicted old time: 0.00ms, predicted optional time: 0.00ms, time remaining: 48.76
[2024-10-12T11:24:27.893+0800][debug][gc,ergo,cset] Preventive GC, insufficient free regions. Predicted need 6. Curr Eden 1 (Pred 2). Curr Survivor 1 (Pred 1). Curr Old 54 (Pred 3) Free 3 Alloc 1
[2024-10-12T11:24:27.894+0800][debug][gc,ergo,cset] GC(453) Start adding old regions to collection set. Min 6 regions, max 6 regions, time remaining 49.15ms, optional threshold 9.83ms
[2024-10-12T11:24:27.894+0800][debug][gc,ergo,cset] GC(453) Finish adding old regions to collection set (Maximum number of regions). Initial 6 regions, optional 0 regions
[2024-10-12T11:24:27.894+0800][debug][gc,ergo,cset] GC(453) Finish choosing collection set old regions. Initial: 6, optional: 0, predicted old time: 0.00ms, predicted optional time: 0.00ms, time remaining: 48.43
[2024-10-12T11:24:27.957+0800][debug][gc,ergo,cset] GC(454) Start adding old regions to collection set. Min 6 regions, max 6 regions, time remaining 49.16ms, optional threshold 9.83ms
[2024-10-12T11:24:27.957+0800][debug][gc,ergo,cset] GC(454) Finish adding old regions to collection set (Maximum number of regions). Initial 6 regions, optional 0 regions
[2024-10-12T11:24:27.957+0800][debug][gc,ergo,cset] GC(454) Finish choosing collection set old regions. Initial: 6, optional: 0, predicted old time: 0.00ms, predicted optional time: 0.00ms, time remaining: 48.27
[2024-10-12T11:24:28.568+0800][debug][gc,ergo,cset] GC(461) Pruned 0 regions out of 39, leaving 0 bytes waste (allowed 0)
[2024-10-12T11:24:28.814+0800][debug][gc,ergo,cset] Preventive GC, insufficient free regions. Predicted need 6. Curr Eden 2 (Pred 3). Curr Survivor 1 (Pred 1). Curr Old 51 (Pred 2) Free 5 Alloc 1
[2024-10-12T11:24:28.814+0800][debug][gc,ergo,cset] GC(463) Start adding old regions to collection set. Min 5 regions, max 5 regions, time remaining 49.02ms, optional threshold 9.80ms
[2024-10-12T11:24:28.814+0800][debug][gc,ergo,cset] GC(463) Finish adding old regions to collection set (Maximum number of regions). Initial 5 regions, optional 0 regions
[2024-10-12T11:24:28.814+0800][debug][gc,ergo,cset] GC(463) Finish choosing collection set old regions. Initial: 5, optional: 0, predicted old time: 0.00ms, predicted optional time: 0.00ms, time remaining: 48.54
[2024-10-12T11:24:28.918+0800][debug][gc,ergo,cset] Preventive GC, insufficient free regions. Predicted need 7. Curr Eden 2 (Pred 3). Curr Survivor 1 (Pred 1). Curr Old 50 (Pred 3) Free 6 Alloc 1
[2024-10-12T11:24:28.918+0800][debug][gc,ergo,cset] GC(464) Start adding old regions to collection set. Min 5 regions, max 5 regions, time remaining 49.00ms, optional threshold 9.80ms
[2024-10-12T11:24:28.918+0800][debug][gc,ergo,cset] GC(464) Finish adding old regions to collection set (Maximum number of regions). Initial 5 regions, optional 0 regions
[2024-10-12T11:24:28.918+0800][debug][gc,ergo,cset] GC(464) Finish choosing collection set old regions. Initial: 5, optional: 0, predicted old time: 0.00ms, predicted optional time: 0.00ms, time remaining: 48.36
[2024-10-12T11:24:29.022+0800][debug][gc,ergo,cset] Preventive GC, insufficient free regions. Predicted need 7. Curr Eden 2 (Pred 3). Curr Survivor 1 (Pred 1). Curr Old 50 (Pred 3) Free 6 Alloc 1
[2024-10-12T11:24:29.023+0800][debug][gc,ergo,cset] GC(465) Start adding old regions to collection set. Min 5 regions, max 5 regions, time remaining 48.95ms, optional threshold 9.79ms
[2024-10-12T11:24:29.023+0800][debug][gc,ergo,cset] GC(465) Finish adding old regions to collection set (Maximum number of regions). Initial 5 regions, optional 0 regions
[2024-10-12T11:24:29.023+0800][debug][gc,ergo,cset] GC(465) Finish choosing collection set old regions. Initial: 5, optional: 0, predicted old time: 0.00ms, predicted optional time: 0.00ms, time remaining: 48.17
[2024-10-12T11:24:29.126+0800][debug][gc,ergo,cset] Preventive GC, insufficient free regions. Predicted need 8. Curr Eden 2 (Pred 3). Curr Survivor 1 (Pred 1). Curr Old 49 (Pred 4) Free 7 Alloc 1
[2024-10-12T11:24:29.127+0800][debug][gc,ergo,cset] GC(466) Start adding old regions to collection set. Min 5 regions, max 5 regions, time remaining 48.92ms, optional threshold 9.78ms
[2024-10-12T11:24:29.127+0800][debug][gc,ergo,cset] GC(466) Finish adding old regions to collection set (Maximum number of regions). Initial 5 regions, optional 0 regions
[2024-10-12T11:24:29.127+0800][debug][gc,ergo,cset] GC(466) Finish choosing collection set old regions. Initial: 5, optional: 0, predicted old time: 0.00ms, predicted optional time: 0.00ms, time remaining: 48.04
[2024-10-12T11:24:29.231+0800][debug][gc,ergo,cset] Preventive GC, insufficient free regions. Predicted need 8. Curr Eden 2 (Pred 3). Curr Survivor 1 (Pred 1). Curr Old 49 (Pred 4) Free 7 Alloc 1
[2024-10-12T11:24:29.232+0800][debug][gc,ergo,cset] GC(467) Start adding old regions to collection set. Min 5 regions, max 5 regions, time remaining 48.94ms, optional threshold 9.79ms
[2024-10-12T11:24:29.232+0800][debug][gc,ergo,cset] GC(467) Finish adding old regions to collection set (Maximum number of regions). Initial 5 regions, optional 0 regions
[2024-10-12T11:24:29.232+0800][debug][gc,ergo,cset] GC(467) Finish choosing collection set old regions. Initial: 5, optional: 0, predicted old time: 0.00ms, predicted optional time: 0.00ms, time remaining: 48.08
[2024-10-12T11:24:29.336+0800][debug][gc,ergo,cset] Preventive GC, insufficient free regions. Predicted need 7. Curr Eden 2 (Pred 3). Curr Survivor 1 (Pred 1). Curr Old 49 (Pred 3) Free 7 Alloc 1
[2024-10-12T11:24:29.336+0800][debug][gc,ergo,cset] GC(468) Start adding old regions to collection set. Min 5 regions, max 5 regions, time remaining 48.95ms, optional threshold 9.79ms
[2024-10-12T11:24:29.336+0800][debug][gc,ergo,cset] GC(468) Finish adding old regions to collection set (Maximum number of regions). Initial 5 regions, optional 0 regions
[2024-10-12T11:24:29.336+0800][debug][gc,ergo,cset] GC(468) Finish choosing collection set old regions. Initial: 5, optional: 0, predicted old time: 0.00ms, predicted optional time: 0.00ms, time remaining: 48.14
[2024-10-12T11:24:29.400+0800][debug][gc,ergo,cset] Preventive GC, insufficient free regions. Predicted need 9. Curr Eden 2 (Pred 3). Curr Survivor 1 (Pred 1). Curr Old 48 (Pred 5) Free 8 Alloc 1
[2024-10-12T11:24:29.400+0800][debug][gc,ergo,cset] GC(469) Start adding old regions to collection set. Min 5 regions, max 5 regions, time remaining 48.73ms, optional threshold 9.75ms
[2024-10-12T11:24:29.400+0800][debug][gc,ergo,cset] GC(469) Finish adding old regions to collection set (Maximum number of regions). Initial 5 regions, optional 0 regions
[2024-10-12T11:24:29.400+0800][debug][gc,ergo,cset] GC(469) Finish choosing collection set old regions. Initial: 5, optional: 0, predicted old time: 0.00ms, predicted optional time: 0.00ms, time remaining: 47.46
[2024-10-12T11:24:29.526+0800][debug][gc,ergo,cset] Preventive GC, insufficient free regions. Predicted need 8. Curr Eden 2 (Pred 3). Curr Survivor 1 (Pred 1). Curr Old 48 (Pred 4) Free 7 Alloc 1
[2024-10-12T11:24:29.526+0800][debug][gc,ergo,cset] GC(470) Start adding old regions to collection set. Min 5 regions, max 5 regions, time remaining 48.81ms, optional threshold 9.76ms
[2024-10-12T11:24:29.526+0800][debug][gc,ergo,cset] GC(470) Old candidate collection set empty.
[2024-10-12T11:24:29.526+0800][debug][gc,ergo,cset] GC(470) Finish choosing collection set old regions. Initial: 4, optional: 0, predicted old time: 0.00ms, predicted optional time: 0.00ms, time remaining: 47.60
[2024-10-12T11:24:29.746+0800][debug][gc,ergo,cset] GC(473) Pruned 0 regions out of 46, leaving 0 bytes waste (allowed 0)
[2024-10-12T11:24:29.890+0800][debug][gc,ergo,cset] Preventive GC, insufficient free regions. Predicted need 4. Curr Eden 2 (Pred 3). Curr Survivor 1 (Pred 1). Curr Old 53 (Pred 0) Free 3 Alloc 1
[2024-10-12T11:24:29.953+0800][debug][gc,ergo,cset] Preventive GC, insufficient free regions. Predicted need 5. Curr Eden 1 (Pred 2). Curr Survivor 1 (Pred 1). Curr Old 55 (Pred 2) Free 2 Alloc 1
[2024-10-12T11:24:29.953+0800][debug][gc,ergo,cset] GC(475) Start adding old regions to collection set. Min 6 regions, max 6 regions, time remaining 49.14ms, optional threshold 9.83ms
[2024-10-12T11:24:29.953+0800][debug][gc,ergo,cset] GC(475) Finish adding old regions to collection set (Maximum number of regions). Initial 6 regions, optional 0 regions
[2024-10-12T11:24:29.953+0800][debug][gc,ergo,cset] GC(475) Finish choosing collection set old regions. Initial: 6, optional: 0, predicted old time: 0.00ms, predicted optional time: 0.00ms, time remaining: 48.72
[2024-10-12T11:24:29.995+0800][debug][gc,ergo,cset] Preventive GC, insufficient free regions. Predicted need 6. Curr Eden 1 (Pred 2). Curr Survivor 1 (Pred 1). Curr Old 53 (Pred 3) Free 4 Alloc 1
[2024-10-12T11:24:29.996+0800][debug][gc,ergo,cset] GC(476) Start adding old regions to collection set. Min 6 regions, max 6 regions, time remaining 49.13ms, optional threshold 9.83ms
[2024-10-12T11:24:29.996+0800][debug][gc,ergo,cset] GC(476) Finish adding old regions to collection set (Maximum number of regions). Initial 6 regions, optional 0 regions
[2024-10-12T11:24:29.996+0800][debug][gc,ergo,cset] GC(476) Finish choosing collection set old regions. Initial: 6, optional: 0, predicted old time: 0.00ms, predicted optional time: 0.00ms, time remaining: 48.37
[2024-10-12T11:24:30.059+0800][debug][gc,ergo,cset] Preventive GC, insufficient free regions. Predicted need 7. Curr Eden 1 (Pred 2). Curr Survivor 1 (Pred 1). Curr Old 54 (Pred 4) Free 3 Alloc 1
[2024-10-12T11:24:30.059+0800][debug][gc,ergo,cset] GC(477) Start adding old regions to collection set. Min 6 regions, max 6 regions, time remaining 49.13ms, optional threshold 9.83ms
[2024-10-12T11:24:30.059+0800][debug][gc,ergo,cset] GC(477) Finish adding old regions to collection set (Maximum number of regions). Initial 6 regions, optional 0 regions
[2024-10-12T11:24:30.059+0800][debug][gc,ergo,cset] GC(477) Finish choosing collection set old regions. Initial: 6, optional: 0, predicted old time: 0.00ms, predicted optional time: 0.00ms, time remaining: 48.22
[2024-10-12T11:24:30.102+0800][debug][gc,ergo,cset] GC(478) Start adding old regions to collection set. Min 6 regions, max 6 regions, time remaining 49.11ms, optional threshold 9.82ms
[2024-10-12T11:24:30.102+0800][debug][gc,ergo,cset] GC(478) Finish adding old regions to collection set (Maximum number of regions). Initial 6 regions, optional 0 regions
[2024-10-12T11:24:30.102+0800][debug][gc,ergo,cset] GC(478) Finish choosing collection set old regions. Initial: 6, optional: 0, predicted old time: 0.00ms, predicted optional time: 0.00ms, time remaining: 48.13
[2024-10-12T11:24:30.773+0800][debug][gc,ergo,cset] GC(485) Pruned 0 regions out of 41, leaving 0 bytes waste (allowed 0)
[2024-10-12T11:24:30.980+0800][debug][gc,ergo,cset] Preventive GC, insufficient free regions. Predicted need 5. Curr Eden 1 (Pred 2). Curr Survivor 1 (Pred 1). Curr Old 52 (Pred 2) Free 5 Alloc 1
[2024-10-12T11:24:30.980+0800][debug][gc,ergo,cset] GC(487) Start adding old regions to collection set. Min 6 regions, max 6 regions, time remaining 49.24ms, optional threshold 9.85ms
[2024-10-12T11:24:30.980+0800][debug][gc,ergo,cset] GC(487) Finish adding old regions to collection set (Maximum number of regions). Initial 6 regions, optional 0 regions
[2024-10-12T11:24:30.980+0800][debug][gc,ergo,cset] GC(487) Finish choosing collection set old regions. Initial: 6, optional: 0, predicted old time: 0.00ms, predicted optional time: 0.00ms, time remaining: 48.73
[2024-10-12T11:24:31.085+0800][debug][gc,ergo,cset] Preventive GC, insufficient free regions. Predicted need 8. Curr Eden 2 (Pred 3). Curr Survivor 1 (Pred 1). Curr Old 49 (Pred 4) Free 7 Alloc 1
[2024-10-12T11:24:31.085+0800][debug][gc,ergo,cset] GC(488) Start adding old regions to collection set. Min 6 regions, max 6 regions, time remaining 48.95ms, optional threshold 9.79ms
[2024-10-12T11:24:31.085+0800][debug][gc,ergo,cset] GC(488) Finish adding old regions to collection set (Maximum number of regions). Initial 6 regions, optional 0 regions
[2024-10-12T11:24:31.085+0800][debug][gc,ergo,cset] GC(488) Finish choosing collection set old regions. Initial: 6, optional: 0, predicted old time: 0.00ms, predicted optional time: 0.00ms, time remaining: 48.12
[2024-10-12T11:24:31.190+0800][debug][gc,ergo,cset] GC(489) Start adding old regions to collection set. Min 6 regions, max 6 regions, time remaining 48.92ms, optional threshold 9.78ms
[2024-10-12T11:24:31.190+0800][debug][gc,ergo,cset] GC(489) Finish adding old regions to collection set (Maximum number of regions). Initial 6 regions, optional 0 regions
[2024-10-12T11:24:31.190+0800][debug][gc,ergo,cset] GC(489) Finish choosing collection set old regions. Initial: 6, optional: 0, predicted old time: 0.00ms, predicted optional time: 0.00ms, time remaining: 48.01
[2024-10-12T11:24:31.294+0800][debug][gc,ergo,cset] GC(490) Start adding old regions to collection set. Min 6 regions, max 6 regions, time remaining 48.91ms, optional threshold 9.78ms
[2024-10-12T11:24:31.294+0800][debug][gc,ergo,cset] GC(490) Finish adding old regions to collection set (Maximum number of regions). Initial 6 regions, optional 0 regions
[2024-10-12T11:24:31.294+0800][debug][gc,ergo,cset] GC(490) Finish choosing collection set old regions. Initial: 6, optional: 0, predicted old time: 0.00ms, predicted optional time: 0.00ms, time remaining: 47.90
[2024-10-12T11:24:31.399+0800][debug][gc,ergo,cset] GC(491) Start adding old regions to collection set. Min 6 regions, max 6 regions, time remaining 48.92ms, optional threshold 9.78ms
[2024-10-12T11:24:31.399+0800][debug][gc,ergo,cset] GC(491) Finish adding old regions to collection set (Maximum number of regions). Initial 6 regions, optional 0 regions
[2024-10-12T11:24:31.399+0800][debug][gc,ergo,cset] GC(491) Finish choosing collection set old regions. Initial: 6, optional: 0, predicted old time: 0.00ms, predicted optional time: 0.00ms, time remaining: 47.83
[2024-10-12T11:24:31.504+0800][debug][gc,ergo,cset] Preventive GC, insufficient free regions. Predicted need 10. Curr Eden 2 (Pred 3). Curr Survivor 1 (Pred 1). Curr Old 47 (Pred 6) Free 9 Alloc 1
[2024-10-12T11:24:31.504+0800][debug][gc,ergo,cset] GC(492) Start adding old regions to collection set. Min 6 regions, max 6 regions, time remaining 48.89ms, optional threshold 9.78ms
[2024-10-12T11:24:31.504+0800][debug][gc,ergo,cset] GC(492) Finish adding old regions to collection set (Maximum number of regions). Initial 6 regions, optional 0 regions
[2024-10-12T11:24:31.504+0800][debug][gc,ergo,cset] GC(492) Finish choosing collection set old regions. Initial: 6, optional: 0, predicted old time: 0.00ms, predicted optional time: 0.00ms, time remaining: 47.67
[2024-10-12T11:24:31.609+0800][debug][gc,ergo,cset] GC(493) Start adding old regions to collection set. Min 6 regions, max 6 regions, time remaining 48.92ms, optional threshold 9.78ms
[2024-10-12T11:24:31.609+0800][debug][gc,ergo,cset] GC(493) Old candidate collection set empty.
[2024-10-12T11:24:31.609+0800][debug][gc,ergo,cset] GC(493) Finish choosing collection set old regions. Initial: 5, optional: 0, predicted old time: 0.00ms, predicted optional time: 0.00ms, time remaining: 47.46
[2024-10-12T11:24:31.934+0800][debug][gc,ergo,cset] GC(497) Pruned 0 regions out of 40, leaving 0 bytes waste (allowed 0)
[2024-10-12T11:24:32.077+0800][debug][gc,ergo,cset] Preventive GC, insufficient free regions. Predicted need 4. Curr Eden 2 (Pred 3). Curr Survivor 1 (Pred 1). Curr Old 52 (Pred 0) Free 4 Alloc 1
[2024-10-12T11:24:32.141+0800][debug][gc,ergo,cset] Preventive GC, insufficient free regions. Predicted need 4. Curr Eden 1 (Pred 2). Curr Survivor 1 (Pred 1). Curr Old 54 (Pred 1) Free 3 Alloc 1
[2024-10-12T11:24:32.141+0800][debug][gc,ergo,cset] GC(499) Start adding old regions to collection set. Min 5 regions, max 5 regions, time remaining 49.11ms, optional threshold 9.82ms
[2024-10-12T11:24:32.141+0800][debug][gc,ergo,cset] GC(499) Finish adding old regions to collection set (Maximum number of regions). Initial 5 regions, optional 0 regions
[2024-10-12T11:24:32.141+0800][debug][gc,ergo,cset] GC(499) Finish choosing collection set old regions. Initial: 5, optional: 0, predicted old time: 0.00ms, predicted optional time: 0.00ms, time remaining: 48.81
[2024-10-12T11:24:32.244+0800][debug][gc,ergo,cset] Preventive GC, insufficient free regions. Predicted need 6. Curr Eden 2 (Pred 3). Curr Survivor 1 (Pred 1). Curr Old 51 (Pred 2) Free 5 Alloc 1
[2024-10-12T11:24:32.244+0800][debug][gc,ergo,cset] GC(500) Start adding old regions to collection set. Min 5 regions, max 5 regions, time remaining 48.89ms, optional threshold 9.78ms
[2024-10-12T11:24:32.244+0800][debug][gc,ergo,cset] GC(500) Finish adding old regions to collection set (Maximum number of regions). Initial 5 regions, optional 0 regions
[2024-10-12T11:24:32.245+0800][debug][gc,ergo,cset] GC(500) Finish choosing collection set old regions. Initial: 5, optional: 0, predicted old time: 0.00ms, predicted optional time: 0.00ms, time remaining: 48.32
[2024-10-12T11:24:32.349+0800][debug][gc,ergo,cset] Preventive GC, insufficient free regions. Predicted need 7. Curr Eden 2 (Pred 3). Curr Survivor 1 (Pred 1). Curr Old 50 (Pred 3) Free 6 Alloc 1
[2024-10-12T11:24:32.349+0800][debug][gc,ergo,cset] GC(501) Start adding old regions to collection set. Min 5 regions, max 5 regions, time remaining 48.87ms, optional threshold 9.77ms
[2024-10-12T11:24:32.349+0800][debug][gc,ergo,cset] GC(501) Finish adding old regions to collection set (Maximum number of regions). Initial 5 regions, optional 0 regions
[2024-10-12T11:24:32.349+0800][debug][gc,ergo,cset] GC(501) Finish choosing collection set old regions. Initial: 5, optional: 0, predicted old time: 0.00ms, predicted optional time: 0.00ms, time remaining: 48.11
[2024-10-12T11:24:32.412+0800][debug][gc,ergo,cset] Preventive GC, insufficient free regions. Predicted need 7. Curr Eden 1 (Pred 2). Curr Survivor 1 (Pred 1). Curr Old 50 (Pred 4) Free 7 Alloc 1
[2024-10-12T11:24:32.413+0800][debug][gc,ergo,cset] GC(502) Start adding old regions to collection set. Min 5 regions, max 5 regions, time remaining 49.10ms, optional threshold 9.82ms
[2024-10-12T11:24:32.413+0800][debug][gc,ergo,cset] GC(502) Finish adding old regions to collection set (Maximum number of regions). Initial 5 regions, optional 0 regions
[2024-10-12T11:24:32.413+0800][debug][gc,ergo,cset] GC(502) Finish choosing collection set old regions. Initial: 5, optional: 0, predicted old time: 0.00ms, predicted optional time: 0.00ms, time remaining: 48.30
[2024-10-12T11:24:32.517+0800][debug][gc,ergo,cset] Preventive GC, insufficient free regions. Predicted need 8. Curr Eden 2 (Pred 3). Curr Survivor 1 (Pred 1). Curr Old 49 (Pred 4) Free 7 Alloc 1
[2024-10-12T11:24:32.517+0800][debug][gc,ergo,cset] GC(503) Start adding old regions to collection set. Min 5 regions, max 5 regions, time remaining 48.89ms, optional threshold 9.78ms
[2024-10-12T11:24:32.517+0800][debug][gc,ergo,cset] GC(503) Finish adding old regions to collection set (Maximum number of regions). Initial 5 regions, optional 0 regions
[2024-10-12T11:24:32.517+0800][debug][gc,ergo,cset] GC(503) Finish choosing collection set old regions. Initial: 5, optional: 0, predicted old time: 0.00ms, predicted optional time: 0.00ms, time remaining: 48.04
[2024-10-12T11:24:32.581+0800][debug][gc,ergo,cset] Preventive GC, insufficient free regions. Predicted need 7. Curr Eden 1 (Pred 2). Curr Survivor 1 (Pred 1). Curr Old 50 (Pred 4) Free 7 Alloc 1
[2024-10-12T11:24:32.581+0800][debug][gc,ergo,cset] GC(504) Start adding old regions to collection set. Min 5 regions, max 5 regions, time remaining 49.09ms, optional threshold 9.82ms
[2024-10-12T11:24:32.581+0800][debug][gc,ergo,cset] GC(504) Finish adding old regions to collection set (Maximum number of regions). Initial 5 regions, optional 0 regions
[2024-10-12T11:24:32.581+0800][debug][gc,ergo,cset] GC(504) Finish choosing collection set old regions. Initial: 5, optional: 0, predicted old time: 0.00ms, predicted optional time: 0.00ms, time remaining: 48.19
[2024-10-12T11:24:32.685+0800][debug][gc,ergo,cset] Preventive GC, insufficient free regions. Predicted need 8. Curr Eden 2 (Pred 3). Curr Survivor 1 (Pred 1). Curr Old 49 (Pred 4) Free 7 Alloc 1
[2024-10-12T11:24:32.686+0800][debug][gc,ergo,cset] GC(505) Start adding old regions to collection set. Min 5 regions, max 5 regions, time remaining 48.88ms, optional threshold 9.78ms
[2024-10-12T11:24:32.686+0800][debug][gc,ergo,cset] GC(505) Finish adding old regions to collection set (Maximum number of regions). Initial 5 regions, optional 0 regions
[2024-10-12T11:24:32.686+0800][debug][gc,ergo,cset] GC(505) Finish choosing collection set old regions. Initial: 5, optional: 0, predicted old time: 0.00ms, predicted optional time: 0.00ms, time remaining: 47.83
[2024-10-12T11:24:32.791+0800][debug][gc,ergo,cset] Preventive GC, insufficient free regions. Predicted need 8. Curr Eden 2 (Pred 3). Curr Survivor 1 (Pred 1). Curr Old 48 (Pred 4) Free 8 Alloc 1
[2024-10-12T11:24:32.791+0800][debug][gc,ergo,cset] GC(506) Start adding old regions to collection set. Min 5 regions, max 5 regions, time remaining 48.67ms, optional threshold 9.73ms
[2024-10-12T11:24:32.791+0800][debug][gc,ergo,cset] GC(506) Old candidate collection set empty.
[2024-10-12T11:24:32.791+0800][debug][gc,ergo,cset] GC(506) Finish choosing collection set old regions. Initial: 5, optional: 0, predicted old time: 0.00ms, predicted optional time: 0.00ms, time remaining: 47.04
[2024-10-12T11:24:33.012+0800][debug][gc,ergo,cset] GC(509) Pruned 0 regions out of 42, leaving 0 bytes waste (allowed 0)
[2024-10-12T11:24:33.155+0800][debug][gc,ergo,cset] Preventive GC, insufficient free regions. Predicted need 4. Curr Eden 2 (Pred 3). Curr Survivor 1 (Pred 1). Curr Old 52 (Pred 0) Free 4 Alloc 1
[2024-10-12T11:24:33.219+0800][debug][gc,ergo,cset] Preventive GC, insufficient free regions. Predicted need 4. Curr Eden 1 (Pred 2). Curr Survivor 1 (Pred 1). Curr Old 54 (Pred 1) Free 3 Alloc 1
[2024-10-12T11:24:33.219+0800][debug][gc,ergo,cset] GC(511) Start adding old regions to collection set. Min 6 regions, max 6 regions, time remaining 49.11ms, optional threshold 9.82ms
[2024-10-12T11:24:33.219+0800][debug][gc,ergo,cset] GC(511) Finish adding old regions to collection set (Maximum number of regions). Initial 6 regions, optional 0 regions
[2024-10-12T11:24:33.219+0800][debug][gc,ergo,cset] GC(511) Finish choosing collection set old regions. Initial: 6, optional: 0, predicted old time: 0.00ms, predicted optional time: 0.00ms, time remaining: 48.77
[2024-10-12T11:24:33.322+0800][debug][gc,ergo,cset] Preventive GC, insufficient free regions. Predicted need 7. Curr Eden 2 (Pred 3). Curr Survivor 1 (Pred 1). Curr Old 50 (Pred 3) Free 6 Alloc 1
[2024-10-12T11:24:33.323+0800][debug][gc,ergo,cset] GC(512) Start adding old regions to collection set. Min 6 regions, max 6 regions, time remaining 48.91ms, optional threshold 9.78ms
[2024-10-12T11:24:33.323+0800][debug][gc,ergo,cset] GC(512) Finish adding old regions to collection set (Maximum number of regions). Initial 6 regions, optional 0 regions
[2024-10-12T11:24:33.323+0800][debug][gc,ergo,cset] GC(512) Finish choosing collection set old regions. Initial: 6, optional: 0, predicted old time: 0.00ms, predicted optional time: 0.00ms, time remaining: 48.28
[2024-10-12T11:24:33.427+0800][debug][gc,ergo,cset] Preventive GC, insufficient free regions. Predicted need 8. Curr Eden 2 (Pred 3). Curr Survivor 1 (Pred 1). Curr Old 48 (Pred 4) Free 8 Alloc 1
[2024-10-12T11:24:33.427+0800][debug][gc,ergo,cset] GC(513) Start adding old regions to collection set. Min 6 regions, max 6 regions, time remaining 48.89ms, optional threshold 9.78ms
[2024-10-12T11:24:33.427+0800][debug][gc,ergo,cset] GC(513) Finish adding old regions to collection set (Maximum number of regions). Initial 6 regions, optional 0 regions
[2024-10-12T11:24:33.427+0800][debug][gc,ergo,cset] GC(513) Finish choosing collection set old regions. Initial: 6, optional: 0, predicted old time: 0.00ms, predicted optional time: 0.00ms, time remaining: 48.06
[2024-10-12T11:24:33.531+0800][debug][gc,ergo,cset] GC(514) Start adding old regions to collection set. Min 6 regions, max 6 regions, time remaining 48.89ms, optional threshold 9.78ms
[2024-10-12T11:24:33.531+0800][debug][gc,ergo,cset] GC(514) Finish adding old regions to collection set (Maximum number of regions). Initial 6 regions, optional 0 regions
[2024-10-12T11:24:33.531+0800][debug][gc,ergo,cset] GC(514) Finish choosing collection set old regions. Initial: 6, optional: 0, predicted old time: 0.00ms, predicted optional time: 0.00ms, time remaining: 47.90
[2024-10-12T11:24:33.636+0800][debug][gc,ergo,cset] GC(515) Start adding old regions to collection set. Min 6 regions, max 6 regions, time remaining 48.89ms, optional threshold 9.78ms
[2024-10-12T11:24:33.636+0800][debug][gc,ergo,cset] GC(515) Finish adding old regions to collection set (Maximum number of regions). Initial 6 regions, optional 0 regions
[2024-10-12T11:24:33.636+0800][debug][gc,ergo,cset] GC(515) Finish choosing collection set old regions. Initial: 6, optional: 0, predicted old time: 0.00ms, predicted optional time: 0.00ms, time remaining: 47.78
[2024-10-12T11:24:33.741+0800][debug][gc,ergo,cset] Preventive GC, insufficient free regions. Predicted need 9. Curr Eden 2 (Pred 3). Curr Survivor 1 (Pred 1). Curr Old 47 (Pred 5) Free 9 Alloc 1
[2024-10-12T11:24:33.741+0800][debug][gc,ergo,cset] GC(516) Start adding old regions to collection set. Min 6 regions, max 6 regions, time remaining 48.87ms, optional threshold 9.77ms
[2024-10-12T11:24:33.741+0800][debug][gc,ergo,cset] GC(516) Finish adding old regions to collection set (Maximum number of regions). Initial 6 regions, optional 0 regions
[2024-10-12T11:24:33.741+0800][debug][gc,ergo,cset] GC(516) Finish choosing collection set old regions. Initial: 6, optional: 0, predicted old time: 0.00ms, predicted optional time: 0.00ms, time remaining: 47.67
[2024-10-12T11:24:33.805+0800][debug][gc,ergo,cset] Preventive GC, insufficient free regions. Predicted need 10. Curr Eden 2 (Pred 3). Curr Survivor 1 (Pred 1). Curr Old 47 (Pred 6) Free 9 Alloc 1
[2024-10-12T11:24:33.805+0800][debug][gc,ergo,cset] GC(517) Start adding old regions to collection set. Min 6 regions, max 6 regions, time remaining 48.91ms, optional threshold 9.78ms
[2024-10-12T11:24:33.805+0800][debug][gc,ergo,cset] GC(517) Old candidate collection set empty.
[2024-10-12T11:24:33.805+0800][debug][gc,ergo,cset] GC(517) Finish choosing collection set old regions. Initial: 6, optional: 0, predicted old time: 0.00ms, predicted optional time: 0.00ms, time remaining: 47.11
[2024-10-12T11:24:34.150+0800][debug][gc,ergo,cset] GC(521) Pruned 0 regions out of 42, leaving 0 bytes waste (allowed 0)
[2024-10-12T11:24:34.294+0800][debug][gc,ergo,cset] Preventive GC, insufficient free regions. Predicted need 4. Curr Eden 2 (Pred 3). Curr Survivor 1 (Pred 1). Curr Old 52 (Pred 0) Free 4 Alloc 1
[2024-10-12T11:24:34.357+0800][debug][gc,ergo,cset] Preventive GC, insufficient free regions. Predicted need 5. Curr Eden 1 (Pred 2). Curr Survivor 1 (Pred 1). Curr Old 53 (Pred 2) Free 4 Alloc 1
[2024-10-12T11:24:34.357+0800][debug][gc,ergo,cset] GC(523) Start adding old regions to collection set. Min 6 regions, max 6 regions, time remaining 49.17ms, optional threshold 9.83ms
[2024-10-12T11:24:34.357+0800][debug][gc,ergo,cset] GC(523) Finish adding old regions to collection set (Maximum number of regions). Initial 6 regions, optional 0 regions
[2024-10-12T11:24:34.357+0800][debug][gc,ergo,cset] GC(523) Finish choosing collection set old regions. Initial: 6, optional: 0, predicted old time: 0.00ms, predicted optional time: 0.00ms, time remaining: 48.75
[2024-10-12T11:24:34.461+0800][debug][gc,ergo,cset] Preventive GC, insufficient free regions. Predicted need 7. Curr Eden 2 (Pred 3). Curr Survivor 1 (Pred 1). Curr Old 50 (Pred 3) Free 6 Alloc 1
[2024-10-12T11:24:34.461+0800][debug][gc,ergo,cset] GC(524) Start adding old regions to collection set. Min 6 regions, max 6 regions, time remaining 48.96ms, optional threshold 9.79ms
[2024-10-12T11:24:34.461+0800][debug][gc,ergo,cset] GC(524) Finish adding old regions to collection set (Maximum number of regions). Initial 6 regions, optional 0 regions
[2024-10-12T11:24:34.461+0800][debug][gc,ergo,cset] GC(524) Finish choosing collection set old regions. Initial: 6, optional: 0, predicted old time: 0.00ms, predicted optional time: 0.00ms, time remaining: 48.20
[2024-10-12T11:24:34.575+0800][debug][gc,ergo,cset] Preventive GC, insufficient free regions. Predicted need 8. Curr Eden 2 (Pred 3). Curr Survivor 1 (Pred 1). Curr Old 49 (Pred 4) Free 7 Alloc 1
[2024-10-12T11:24:34.576+0800][debug][gc,ergo,cset] GC(525) Start adding old regions to collection set. Min 6 regions, max 6 regions, time remaining 48.94ms, optional threshold 9.79ms
[2024-10-12T11:24:34.576+0800][debug][gc,ergo,cset] GC(525) Finish adding old regions to collection set (Maximum number of regions). Initial 6 regions, optional 0 regions
[2024-10-12T11:24:34.576+0800][debug][gc,ergo,cset] GC(525) Finish choosing collection set old regions. Initial: 6, optional: 0, predicted old time: 0.00ms, predicted optional time: 0.00ms, time remaining: 47.96
[2024-10-12T11:24:34.690+0800][debug][gc,ergo,cset] Preventive GC, insufficient free regions. Predicted need 9. Curr Eden 2 (Pred 3). Curr Survivor 1 (Pred 1). Curr Old 48 (Pred 5) Free 8 Alloc 1
[2024-10-12T11:24:34.690+0800][debug][gc,ergo,cset] GC(526) Start adding old regions to collection set. Min 6 regions, max 6 regions, time remaining 46.65ms, optional threshold 9.33ms
[2024-10-12T11:24:34.691+0800][debug][gc,ergo,cset] GC(526) Finish adding old regions to collection set (Maximum number of regions). Initial 6 regions, optional 0 regions
[2024-10-12T11:24:34.691+0800][debug][gc,ergo,cset] GC(526) Finish choosing collection set old regions. Initial: 6, optional: 0, predicted old time: 0.00ms, predicted optional time: 0.00ms, time remaining: 42.58
[2024-10-12T11:24:34.803+0800][debug][gc,ergo,cset] Preventive GC, insufficient free regions. Predicted need 9. Curr Eden 2 (Pred 3). Curr Survivor 1 (Pred 1). Curr Old 48 (Pred 5) Free 8 Alloc 1
[2024-10-12T11:24:34.803+0800][debug][gc,ergo,cset] GC(527) Start adding old regions to collection set. Min 6 regions, max 6 regions, time remaining 46.43ms, optional threshold 9.29ms
[2024-10-12T11:24:34.803+0800][debug][gc,ergo,cset] GC(527) Finish adding old regions to collection set (Maximum number of regions). Initial 6 regions, optional 0 regions
[2024-10-12T11:24:34.803+0800][debug][gc,ergo,cset] GC(527) Finish choosing collection set old regions. Initial: 6, optional: 0, predicted old time: 0.00ms, predicted optional time: 0.00ms, time remaining: 42.01
[2024-10-12T11:24:34.911+0800][debug][gc,ergo,cset] GC(528) Start adding old regions to collection set. Min 6 regions, max 6 regions, time remaining 46.51ms, optional threshold 9.30ms
[2024-10-12T11:24:34.911+0800][debug][gc,ergo,cset] GC(528) Finish adding old regions to collection set (Maximum number of regions). Initial 6 regions, optional 0 regions
[2024-10-12T11:24:34.911+0800][debug][gc,ergo,cset] GC(528) Finish choosing collection set old regions. Initial: 6, optional: 0, predicted old time: 0.00ms, predicted optional time: 0.00ms, time remaining: 42.18
[2024-10-12T11:24:35.021+0800][debug][gc,ergo,cset] GC(529) Start adding old regions to collection set. Min 6 regions, max 6 regions, time remaining 46.43ms, optional threshold 9.29ms
[2024-10-12T11:24:35.021+0800][debug][gc,ergo,cset] GC(529) Old candidate collection set empty.
[2024-10-12T11:24:35.021+0800][debug][gc,ergo,cset] GC(529) Finish choosing collection set old regions. Initial: 6, optional: 0, predicted old time: 0.00ms, predicted optional time: 0.00ms, time remaining: 40.92
[2024-10-12T11:24:35.353+0800][debug][gc,ergo,cset] GC(533) Pruned 0 regions out of 42, leaving 0 bytes waste (allowed 0)
[2024-10-12T11:24:35.495+0800][debug][gc,ergo,cset] Preventive GC, insufficient free regions. Predicted need 4. Curr Eden 2 (Pred 3). Curr Survivor 1 (Pred 1). Curr Old 52 (Pred 0) Free 4 Alloc 1
[2024-10-12T11:24:35.559+0800][debug][gc,ergo,cset] Preventive GC, insufficient free regions. Predicted need 5. Curr Eden 1 (Pred 2). Curr Survivor 1 (Pred 1). Curr Old 54 (Pred 2) Free 3 Alloc 1
[2024-10-12T11:24:35.559+0800][debug][gc,ergo,cset] GC(535) Start adding old regions to collection set. Min 6 regions, max 6 regions, time remaining 48.40ms, optional threshold 9.68ms
[2024-10-12T11:24:35.559+0800][debug][gc,ergo,cset] GC(535) Finish adding old regions to collection set (Maximum number of regions). Initial 6 regions, optional 0 regions
[2024-10-12T11:24:35.559+0800][debug][gc,ergo,cset] GC(535) Finish choosing collection set old regions. Initial: 6, optional: 0, predicted old time: 0.00ms, predicted optional time: 0.00ms, time remaining: 47.14
[2024-10-12T11:24:35.603+0800][debug][gc,ergo,cset] Preventive GC, insufficient free regions. Predicted need 6. Curr Eden 1 (Pred 2). Curr Survivor 1 (Pred 1). Curr Old 54 (Pred 3) Free 3 Alloc 1
[2024-10-12T11:24:35.603+0800][debug][gc,ergo,cset] GC(536) Start adding old regions to collection set. Min 6 regions, max 6 regions, time remaining 48.34ms, optional threshold 9.67ms
[2024-10-12T11:24:35.603+0800][debug][gc,ergo,cset] GC(536) Finish adding old regions to collection set (Maximum number of regions). Initial 6 regions, optional 0 regions
[2024-10-12T11:24:35.603+0800][debug][gc,ergo,cset] GC(536) Finish choosing collection set old regions. Initial: 6, optional: 0, predicted old time: 0.00ms, predicted optional time: 0.00ms, time remaining: 46.66
[2024-10-12T11:24:35.669+0800][debug][gc,ergo,cset] Preventive GC, insufficient free regions. Predicted need 6. Curr Eden 1 (Pred 2). Curr Survivor 1 (Pred 1). Curr Old 56 (Pred 3) Free 1 Alloc 1
[2024-10-12T11:24:35.669+0800][debug][gc,ergo,cset] GC(537) Start adding old regions to collection set. Min 6 regions, max 6 regions, time remaining 48.31ms, optional threshold 9.66ms
[2024-10-12T11:24:35.669+0800][debug][gc,ergo,cset] GC(537) Finish adding old regions to collection set (Maximum number of regions). Initial 6 regions, optional 0 regions
[2024-10-12T11:24:35.669+0800][debug][gc,ergo,cset] GC(537) Finish choosing collection set old regions. Initial: 6, optional: 0, predicted old time: 0.00ms, predicted optional time: 0.00ms, time remaining: 46.43
[2024-10-12T11:24:35.713+0800][debug][gc,ergo,cset] GC(538) Start adding old regions to collection set. Min 6 regions, max 6 regions, time remaining 48.20ms, optional threshold 9.64ms
[2024-10-12T11:24:35.713+0800][debug][gc,ergo,cset] GC(538) Finish adding old regions to collection set (Maximum number of regions). Initial 6 regions, optional 0 regions
[2024-10-12T11:24:35.713+0800][debug][gc,ergo,cset] GC(538) Finish choosing collection set old regions. Initial: 6, optional: 0, predicted old time: 0.00ms, predicted optional time: 0.00ms, time remaining: 45.85
[2024-10-12T11:24:36.458+0800][debug][gc,ergo,cset] GC(545) Pruned 0 regions out of 38, leaving 0 bytes waste (allowed 0)
[2024-10-12T11:24:36.706+0800][debug][gc,ergo,cset] Preventive GC, insufficient free regions. Predicted need 6. Curr Eden 2 (Pred 3). Curr Survivor 1 (Pred 1). Curr Old 51 (Pred 2) Free 5 Alloc 1
[2024-10-12T11:24:36.706+0800][debug][gc,ergo,cset] GC(547) Start adding old regions to collection set. Min 5 regions, max 5 regions, time remaining 48.37ms, optional threshold 9.67ms
[2024-10-12T11:24:36.706+0800][debug][gc,ergo,cset] GC(547) Finish adding old regions to collection set (Maximum number of regions). Initial 5 regions, optional 0 regions
[2024-10-12T11:24:36.706+0800][debug][gc,ergo,cset] GC(547) Finish choosing collection set old regions. Initial: 5, optional: 0, predicted old time: 0.00ms, predicted optional time: 0.00ms, time remaining: 47.63
[2024-10-12T11:24:36.811+0800][debug][gc,ergo,cset] Preventive GC, insufficient free regions. Predicted need 7. Curr Eden 2 (Pred 3). Curr Survivor 1 (Pred 2). Curr Old 49 (Pred 3) Free 7 Alloc 1
[2024-10-12T11:24:36.811+0800][debug][gc,ergo,cset] GC(548) Start adding old regions to collection set. Min 5 regions, max 5 regions, time remaining 48.31ms, optional threshold 9.66ms
[2024-10-12T11:24:36.811+0800][debug][gc,ergo,cset] GC(548) Finish adding old regions to collection set (Maximum number of regions). Initial 5 regions, optional 0 regions
[2024-10-12T11:24:36.811+0800][debug][gc,ergo,cset] GC(548) Finish choosing collection set old regions. Initial: 5, optional: 0, predicted old time: 0.00ms, predicted optional time: 0.00ms, time remaining: 47.09
[2024-10-12T11:24:36.916+0800][debug][gc,ergo,cset] Preventive GC, insufficient free regions. Predicted need 7. Curr Eden 2 (Pred 3). Curr Survivor 1 (Pred 1). Curr Old 49 (Pred 3) Free 7 Alloc 1
[2024-10-12T11:24:36.916+0800][debug][gc,ergo,cset] GC(549) Start adding old regions to collection set. Min 5 regions, max 5 regions, time remaining 48.40ms, optional threshold 9.68ms
[2024-10-12T11:24:36.916+0800][debug][gc,ergo,cset] GC(549) Finish adding old regions to collection set (Maximum number of regions). Initial 5 regions, optional 0 regions
[2024-10-12T11:24:36.916+0800][debug][gc,ergo,cset] GC(549) Finish choosing collection set old regions. Initial: 5, optional: 0, predicted old time: 0.00ms, predicted optional time: 0.00ms, time remaining: 46.94
[2024-10-12T11:24:37.021+0800][debug][gc,ergo,cset] Preventive GC, insufficient free regions. Predicted need 8. Curr Eden 2 (Pred 3). Curr Survivor 1 (Pred 1). Curr Old 48 (Pred 4) Free 8 Alloc 1
[2024-10-12T11:24:37.021+0800][debug][gc,ergo,cset] GC(550) Start adding old regions to collection set. Min 5 regions, max 5 regions, time remaining 48.43ms, optional threshold 9.69ms
[2024-10-12T11:24:37.021+0800][debug][gc,ergo,cset] GC(550) Finish adding old regions to collection set (Maximum number of regions). Initial 5 regions, optional 0 regions
[2024-10-12T11:24:37.021+0800][debug][gc,ergo,cset] GC(550) Finish choosing collection set old regions. Initial: 5, optional: 0, predicted old time: 0.00ms, predicted optional time: 0.00ms, time remaining: 47.00
[2024-10-12T11:24:37.126+0800][debug][gc,ergo,cset] Preventive GC, insufficient free regions. Predicted need 8. Curr Eden 2 (Pred 3). Curr Survivor 1 (Pred 1). Curr Old 48 (Pred 4) Free 8 Alloc 1
[2024-10-12T11:24:37.126+0800][debug][gc,ergo,cset] GC(551) Start adding old regions to collection set. Min 5 regions, max 5 regions, time remaining 48.55ms, optional threshold 9.71ms
[2024-10-12T11:24:37.126+0800][debug][gc,ergo,cset] GC(551) Finish adding old regions to collection set (Maximum number of regions). Initial 5 regions, optional 0 regions
[2024-10-12T11:24:37.126+0800][debug][gc,ergo,cset] GC(551) Finish choosing collection set old regions. Initial: 5, optional: 0, predicted old time: 0.00ms, predicted optional time: 0.00ms, time remaining: 47.23
[2024-10-12T11:24:37.231+0800][debug][gc,ergo,cset] Preventive GC, insufficient free regions. Predicted need 8. Curr Eden 2 (Pred 3). Curr Survivor 1 (Pred 1). Curr Old 48 (Pred 4) Free 8 Alloc 1
[2024-10-12T11:24:37.231+0800][debug][gc,ergo,cset] GC(552) Start adding old regions to collection set. Min 5 regions, max 5 regions, time remaining 48.64ms, optional threshold 9.73ms
[2024-10-12T11:24:37.231+0800][debug][gc,ergo,cset] GC(552) Finish adding old regions to collection set (Maximum number of regions). Initial 5 regions, optional 0 regions
[2024-10-12T11:24:37.231+0800][debug][gc,ergo,cset] GC(552) Finish choosing collection set old regions. Initial: 5, optional: 0, predicted old time: 0.00ms, predicted optional time: 0.00ms, time remaining: 47.35
[2024-10-12T11:24:37.336+0800][debug][gc,ergo,cset] Preventive GC, insufficient free regions. Predicted need 9. Curr Eden 2 (Pred 3). Curr Survivor 1 (Pred 1). Curr Old 48 (Pred 5) Free 8 Alloc 1
[2024-10-12T11:24:37.336+0800][debug][gc,ergo,cset] GC(553) Start adding old regions to collection set. Min 5 regions, max 5 regions, time remaining 48.62ms, optional threshold 9.72ms
[2024-10-12T11:24:37.336+0800][debug][gc,ergo,cset] GC(553) Finish adding old regions to collection set (Maximum number of regions). Initial 5 regions, optional 0 regions
[2024-10-12T11:24:37.336+0800][debug][gc,ergo,cset] GC(553) Finish choosing collection set old regions. Initial: 5, optional: 0, predicted old time: 0.00ms, predicted optional time: 0.00ms, time remaining: 47.22
[2024-10-12T11:24:37.442+0800][debug][gc,ergo,cset] GC(554) Start adding old regions to collection set. Min 5 regions, max 5 regions, time remaining 48.65ms, optional threshold 9.73ms
[2024-10-12T11:24:37.442+0800][debug][gc,ergo,cset] GC(554) Old candidate collection set empty.
[2024-10-12T11:24:37.442+0800][debug][gc,ergo,cset] GC(554) Finish choosing collection set old regions. Initial: 3, optional: 0, predicted old time: 0.00ms, predicted optional time: 0.00ms, time remaining: 47.66
[2024-10-12T11:24:37.661+0800][debug][gc,ergo,cset] GC(557) Pruned 0 regions out of 40, leaving 0 bytes waste (allowed 0)
[2024-10-12T11:24:37.805+0800][debug][gc,ergo,cset] Preventive GC, insufficient free regions. Predicted need 4. Curr Eden 2 (Pred 3). Curr Survivor 1 (Pred 1). Curr Old 53 (Pred 0) Free 3 Alloc 1
[2024-10-12T11:24:37.868+0800][debug][gc,ergo,cset] Preventive GC, insufficient free regions. Predicted need 5. Curr Eden 1 (Pred 2). Curr Survivor 1 (Pred 1). Curr Old 55 (Pred 2) Free 2 Alloc 1
[2024-10-12T11:24:37.868+0800][debug][gc,ergo,cset] GC(559) Start adding old regions to collection set. Min 5 regions, max 5 regions, time remaining 49.10ms, optional threshold 9.82ms
[2024-10-12T11:24:37.868+0800][debug][gc,ergo,cset] GC(559) Finish adding old regions to collection set (Maximum number of regions). Initial 5 regions, optional 0 regions
[2024-10-12T11:24:37.868+0800][debug][gc,ergo,cset] GC(559) Finish choosing collection set old regions. Initial: 5, optional: 0, predicted old time: 0.00ms, predicted optional time: 0.00ms, time remaining: 48.66
[2024-10-12T11:24:37.911+0800][debug][gc,ergo,cset] Preventive GC, insufficient free regions. Predicted need 5. Curr Eden 1 (Pred 2). Curr Survivor 1 (Pred 1). Curr Old 55 (Pred 2) Free 2 Alloc 1
[2024-10-12T11:24:37.911+0800][debug][gc,ergo,cset] GC(560) Start adding old regions to collection set. Min 5 regions, max 5 regions, time remaining 49.08ms, optional threshold 9.82ms
[2024-10-12T11:24:37.911+0800][debug][gc,ergo,cset] GC(560) Finish adding old regions to collection set (Maximum number of regions). Initial 5 regions, optional 0 regions
[2024-10-12T11:24:37.911+0800][debug][gc,ergo,cset] GC(560) Finish choosing collection set old regions. Initial: 5, optional: 0, predicted old time: 0.00ms, predicted optional time: 0.00ms, time remaining: 48.52
[2024-10-12T11:24:37.974+0800][debug][gc,ergo,cset] GC(561) Start adding old regions to collection set. Min 5 regions, max 5 regions, time remaining 49.05ms, optional threshold 9.81ms
[2024-10-12T11:24:37.974+0800][debug][gc,ergo,cset] GC(561) Finish adding old regions to collection set (Maximum number of regions). Initial 5 regions, optional 0 regions
[2024-10-12T11:24:37.974+0800][debug][gc,ergo,cset] GC(561) Finish choosing collection set old regions. Initial: 5, optional: 0, predicted old time: 0.00ms, predicted optional time: 0.00ms, time remaining: 48.30
[2024-10-12T11:24:38.529+0800][debug][gc,ergo,cset] GC(567) Pruned 0 regions out of 33, leaving 0 bytes waste (allowed 0)
[2024-10-12T11:24:38.776+0800][debug][gc,ergo,cset] GC(569) Start adding old regions to collection set. Min 5 regions, max 5 regions, time remaining 48.67ms, optional threshold 9.73ms
[2024-10-12T11:24:38.777+0800][debug][gc,ergo,cset] GC(569) Finish adding old regions to collection set (Maximum number of regions). Initial 5 regions, optional 0 regions
[2024-10-12T11:24:38.777+0800][debug][gc,ergo,cset] GC(569) Finish choosing collection set old regions. Initial: 5, optional: 0, predicted old time: 0.00ms, predicted optional time: 0.00ms, time remaining: 48.23
[2024-10-12T11:24:38.881+0800][debug][gc,ergo,cset] GC(570) Start adding old regions to collection set. Min 5 regions, max 5 regions, time remaining 48.64ms, optional threshold 9.73ms
[2024-10-12T11:24:38.881+0800][debug][gc,ergo,cset] GC(570) Finish adding old regions to collection set (Maximum number of regions). Initial 5 regions, optional 0 regions
[2024-10-12T11:24:38.881+0800][debug][gc,ergo,cset] GC(570) Finish choosing collection set old regions. Initial: 5, optional: 0, predicted old time: 0.00ms, predicted optional time: 0.00ms, time remaining: 47.86
[2024-10-12T11:24:38.985+0800][debug][gc,ergo,cset] GC(571) Start adding old regions to collection set. Min 5 regions, max 5 regions, time remaining 48.67ms, optional threshold 9.73ms
[2024-10-12T11:24:38.985+0800][debug][gc,ergo,cset] GC(571) Finish adding old regions to collection set (Maximum number of regions). Initial 5 regions, optional 0 regions
[2024-10-12T11:24:38.985+0800][debug][gc,ergo,cset] GC(571) Finish choosing collection set old regions. Initial: 5, optional: 0, predicted old time: 0.00ms, predicted optional time: 0.00ms, time remaining: 47.74
[2024-10-12T11:24:39.090+0800][debug][gc,ergo,cset] GC(572) Start adding old regions to collection set. Min 5 regions, max 5 regions, time remaining 48.71ms, optional threshold 9.74ms
[2024-10-12T11:24:39.090+0800][debug][gc,ergo,cset] GC(572) Finish adding old regions to collection set (Maximum number of regions). Initial 5 regions, optional 0 regions
[2024-10-12T11:24:39.090+0800][debug][gc,ergo,cset] GC(572) Finish choosing collection set old regions. Initial: 5, optional: 0, predicted old time: 0.00ms, predicted optional time: 0.00ms, time remaining: 47.71
[2024-10-12T11:24:39.195+0800][debug][gc,ergo,cset] GC(573) Start adding old regions to collection set. Min 5 regions, max 5 regions, time remaining 48.68ms, optional threshold 9.74ms
[2024-10-12T11:24:39.195+0800][debug][gc,ergo,cset] GC(573) Finish adding old regions to collection set (Maximum number of regions). Initial 5 regions, optional 0 regions
[2024-10-12T11:24:39.195+0800][debug][gc,ergo,cset] GC(573) Finish choosing collection set old regions. Initial: 5, optional: 0, predicted old time: 0.00ms, predicted optional time: 0.00ms, time remaining: 47.53
[2024-10-12T11:24:39.300+0800][debug][gc,ergo,cset] GC(574) Start adding old regions to collection set. Min 5 regions, max 5 regions, time remaining 48.71ms, optional threshold 9.74ms
[2024-10-12T11:24:39.300+0800][debug][gc,ergo,cset] GC(574) Finish adding old regions to collection set (Maximum number of regions). Initial 5 regions, optional 0 regions
[2024-10-12T11:24:39.300+0800][debug][gc,ergo,cset] GC(574) Finish choosing collection set old regions. Initial: 5, optional: 0, predicted old time: 0.00ms, predicted optional time: 0.00ms, time remaining: 47.49
[2024-10-12T11:24:39.405+0800][debug][gc,ergo,cset] GC(575) Start adding old regions to collection set. Min 5 regions, max 5 regions, time remaining 48.67ms, optional threshold 9.73ms
[2024-10-12T11:24:39.405+0800][debug][gc,ergo,cset] GC(575) Old candidate collection set empty.
[2024-10-12T11:24:39.405+0800][debug][gc,ergo,cset] GC(575) Finish choosing collection set old regions. Initial: 3, optional: 0, predicted old time: 0.00ms, predicted optional time: 0.00ms, time remaining: 47.66
[2024-10-12T11:24:39.625+0800][debug][gc,ergo,cset] GC(578) Pruned 0 regions out of 39, leaving 0 bytes waste (allowed 0)
[2024-10-12T11:24:39.831+0800][debug][gc,ergo,cset] Preventive GC, insufficient free regions. Predicted need 5. Curr Eden 1 (Pred 2). Curr Survivor 1 (Pred 1). Curr Old 53 (Pred 2) Free 4 Alloc 1
[2024-10-12T11:24:39.832+0800][debug][gc,ergo,cset] GC(580) Start adding old regions to collection set. Min 5 regions, max 5 regions, time remaining 49.10ms, optional threshold 9.82ms
[2024-10-12T11:24:39.832+0800][debug][gc,ergo,cset] GC(580) Finish adding old regions to collection set (Maximum number of regions). Initial 5 regions, optional 0 regions
[2024-10-12T11:24:39.832+0800][debug][gc,ergo,cset] GC(580) Finish choosing collection set old regions. Initial: 5, optional: 0, predicted old time: 0.00ms, predicted optional time: 0.00ms, time remaining: 48.72
[2024-10-12T11:24:39.936+0800][debug][gc,ergo,cset] Preventive GC, insufficient free regions. Predicted need 6. Curr Eden 2 (Pred 3). Curr Survivor 1 (Pred 1). Curr Old 50 (Pred 2) Free 6 Alloc 1
[2024-10-12T11:24:39.936+0800][debug][gc,ergo,cset] GC(581) Start adding old regions to collection set. Min 5 regions, max 5 regions, time remaining 48.87ms, optional threshold 9.77ms
[2024-10-12T11:24:39.936+0800][debug][gc,ergo,cset] GC(581) Finish adding old regions to collection set (Maximum number of regions). Initial 5 regions, optional 0 regions
[2024-10-12T11:24:39.936+0800][debug][gc,ergo,cset] GC(581) Finish choosing collection set old regions. Initial: 5, optional: 0, predicted old time: 0.00ms, predicted optional time: 0.00ms, time remaining: 48.25
[2024-10-12T11:24:40.040+0800][debug][gc,ergo,cset] Preventive GC, insufficient free regions. Predicted need 7. Curr Eden 2 (Pred 3). Curr Survivor 1 (Pred 1). Curr Old 49 (Pred 3) Free 7 Alloc 1
[2024-10-12T11:24:40.040+0800][debug][gc,ergo,cset] GC(582) Start adding old regions to collection set. Min 5 regions, max 5 regions, time remaining 48.85ms, optional threshold 9.77ms
[2024-10-12T11:24:40.040+0800][debug][gc,ergo,cset] GC(582) Finish adding old regions to collection set (Maximum number of regions). Initial 5 regions, optional 0 regions
[2024-10-12T11:24:40.040+0800][debug][gc,ergo,cset] GC(582) Finish choosing collection set old regions. Initial: 5, optional: 0, predicted old time: 0.00ms, predicted optional time: 0.00ms, time remaining: 48.10
[2024-10-12T11:24:40.145+0800][debug][gc,ergo,cset] GC(583) Start adding old regions to collection set. Min 5 regions, max 5 regions, time remaining 48.82ms, optional threshold 9.76ms
[2024-10-12T11:24:40.145+0800][debug][gc,ergo,cset] GC(583) Finish adding old regions to collection set (Maximum number of regions). Initial 5 regions, optional 0 regions
[2024-10-12T11:24:40.145+0800][debug][gc,ergo,cset] GC(583) Finish choosing collection set old regions. Initial: 5, optional: 0, predicted old time: 0.00ms, predicted optional time: 0.00ms, time remaining: 47.90
[2024-10-12T11:24:40.249+0800][debug][gc,ergo,cset] Preventive GC, insufficient free regions. Predicted need 8. Curr Eden 2 (Pred 3). Curr Survivor 1 (Pred 1). Curr Old 48 (Pred 4) Free 8 Alloc 1
[2024-10-12T11:24:40.249+0800][debug][gc,ergo,cset] GC(584) Start adding old regions to collection set. Min 5 regions, max 5 regions, time remaining 48.79ms, optional threshold 9.76ms
[2024-10-12T11:24:40.249+0800][debug][gc,ergo,cset] GC(584) Finish adding old regions to collection set (Maximum number of regions). Initial 5 regions, optional 0 regions
[2024-10-12T11:24:40.249+0800][debug][gc,ergo,cset] GC(584) Finish choosing collection set old regions. Initial: 5, optional: 0, predicted old time: 0.00ms, predicted optional time: 0.00ms, time remaining: 47.81
[2024-10-12T11:24:40.354+0800][debug][gc,ergo,cset] Preventive GC, insufficient free regions. Predicted need 8. Curr Eden 2 (Pred 3). Curr Survivor 1 (Pred 1). Curr Old 48 (Pred 4) Free 8 Alloc 1
[2024-10-12T11:24:40.354+0800][debug][gc,ergo,cset] GC(585) Start adding old regions to collection set. Min 5 regions, max 5 regions, time remaining 48.83ms, optional threshold 9.77ms
[2024-10-12T11:24:40.354+0800][debug][gc,ergo,cset] GC(585) Finish adding old regions to collection set (Maximum number of regions). Initial 5 regions, optional 0 regions
[2024-10-12T11:24:40.354+0800][debug][gc,ergo,cset] GC(585) Finish choosing collection set old regions. Initial: 5, optional: 0, predicted old time: 0.00ms, predicted optional time: 0.00ms, time remaining: 47.83
[2024-10-12T11:24:40.460+0800][debug][gc,ergo,cset] Preventive GC, insufficient free regions. Predicted need 8. Curr Eden 2 (Pred 3). Curr Survivor 1 (Pred 1). Curr Old 49 (Pred 4) Free 7 Alloc 1
[2024-10-12T11:24:40.460+0800][debug][gc,ergo,cset] GC(586) Start adding old regions to collection set. Min 5 regions, max 5 regions, time remaining 48.81ms, optional threshold 9.76ms
[2024-10-12T11:24:40.460+0800][debug][gc,ergo,cset] GC(586) Finish adding old regions to collection set (Maximum number of regions). Initial 5 regions, optional 0 regions
[2024-10-12T11:24:40.460+0800][debug][gc,ergo,cset] GC(586) Finish choosing collection set old regions. Initial: 5, optional: 0, predicted old time: 0.00ms, predicted optional time: 0.00ms, time remaining: 47.60
[2024-10-12T11:24:40.525+0800][debug][gc,ergo,cset] Preventive GC, insufficient free regions. Predicted need 7. Curr Eden 1 (Pred 2). Curr Survivor 1 (Pred 1). Curr Old 49 (Pred 4) Free 7 Alloc 1
[2024-10-12T11:24:40.525+0800][debug][gc,ergo,cset] GC(587) Start adding old regions to collection set. Min 5 regions, max 5 regions, time remaining 49.04ms, optional threshold 9.81ms
[2024-10-12T11:24:40.525+0800][debug][gc,ergo,cset] GC(587) Old candidate collection set empty.
[2024-10-12T11:24:40.525+0800][debug][gc,ergo,cset] GC(587) Finish choosing collection set old regions. Initial: 4, optional: 0, predicted old time: 0.00ms, predicted optional time: 0.00ms, time remaining: 47.88
[2024-10-12T11:24:40.641+0800][debug][gc,ergo,cset] GC(589) Pruned 0 regions out of 42, leaving 0 bytes waste (allowed 0)
[2024-10-12T11:24:40.848+0800][debug][gc,ergo,cset] Preventive GC, insufficient free regions. Predicted need 6. Curr Eden 1 (Pred 2). Curr Survivor 1 (Pred 1). Curr Old 53 (Pred 3) Free 4 Alloc 1
[2024-10-12T11:24:40.848+0800][debug][gc,ergo,cset] GC(591) Start adding old regions to collection set. Min 6 regions, max 6 regions, time remaining 49.10ms, optional threshold 9.82ms
[2024-10-12T11:24:40.848+0800][debug][gc,ergo,cset] GC(591) Finish adding old regions to collection set (Maximum number of regions). Initial 6 regions, optional 0 regions
[2024-10-12T11:24:40.848+0800][debug][gc,ergo,cset] GC(591) Finish choosing collection set old regions. Initial: 6, optional: 0, predicted old time: 0.00ms, predicted optional time: 0.00ms, time remaining: 48.51
[2024-10-12T11:24:40.952+0800][debug][gc,ergo,cset] Preventive GC, insufficient free regions. Predicted need 7. Curr Eden 2 (Pred 3). Curr Survivor 1 (Pred 1). Curr Old 50 (Pred 3) Free 6 Alloc 1
[2024-10-12T11:24:40.952+0800][debug][gc,ergo,cset] GC(592) Start adding old regions to collection set. Min 6 regions, max 6 regions, time remaining 48.87ms, optional threshold 9.77ms
[2024-10-12T11:24:40.952+0800][debug][gc,ergo,cset] GC(592) Finish adding old regions to collection set (Maximum number of regions). Initial 6 regions, optional 0 regions
[2024-10-12T11:24:40.952+0800][debug][gc,ergo,cset] GC(592) Finish choosing collection set old regions. Initial: 6, optional: 0, predicted old time: 0.00ms, predicted optional time: 0.00ms, time remaining: 48.05
[2024-10-12T11:24:41.057+0800][debug][gc,ergo,cset] Preventive GC, insufficient free regions. Predicted need 8. Curr Eden 2 (Pred 3). Curr Survivor 1 (Pred 1). Curr Old 49 (Pred 4) Free 7 Alloc 1
[2024-10-12T11:24:41.057+0800][debug][gc,ergo,cset] GC(593) Start adding old regions to collection set. Min 6 regions, max 6 regions, time remaining 48.80ms, optional threshold 9.76ms
[2024-10-12T11:24:41.057+0800][debug][gc,ergo,cset] GC(593) Finish adding old regions to collection set (Maximum number of regions). Initial 6 regions, optional 0 regions
[2024-10-12T11:24:41.057+0800][debug][gc,ergo,cset] GC(593) Finish choosing collection set old regions. Initial: 6, optional: 0, predicted old time: 0.00ms, predicted optional time: 0.00ms, time remaining: 47.75
[2024-10-12T11:24:41.162+0800][debug][gc,ergo,cset] Preventive GC, insufficient free regions. Predicted need 9. Curr Eden 2 (Pred 3). Curr Survivor 1 (Pred 1). Curr Old 48 (Pred 5) Free 8 Alloc 1
[2024-10-12T11:24:41.162+0800][debug][gc,ergo,cset] GC(594) Start adding old regions to collection set. Min 6 regions, max 6 regions, time remaining 48.80ms, optional threshold 9.76ms
[2024-10-12T11:24:41.162+0800][debug][gc,ergo,cset] GC(594) Finish adding old regions to collection set (Maximum number of regions). Initial 6 regions, optional 0 regions
[2024-10-12T11:24:41.162+0800][debug][gc,ergo,cset] GC(594) Finish choosing collection set old regions. Initial: 6, optional: 0, predicted old time: 0.00ms, predicted optional time: 0.00ms, time remaining: 47.64
[2024-10-12T11:24:41.267+0800][debug][gc,ergo,cset] Preventive GC, insufficient free regions. Predicted need 9. Curr Eden 2 (Pred 3). Curr Survivor 1 (Pred 1). Curr Old 47 (Pred 5) Free 9 Alloc 1
[2024-10-12T11:24:41.267+0800][debug][gc,ergo,cset] GC(595) Start adding old regions to collection set. Min 6 regions, max 6 regions, time remaining 48.80ms, optional threshold 9.76ms
[2024-10-12T11:24:41.267+0800][debug][gc,ergo,cset] GC(595) Finish adding old regions to collection set (Maximum number of regions). Initial 6 regions, optional 0 regions
[2024-10-12T11:24:41.267+0800][debug][gc,ergo,cset] GC(595) Finish choosing collection set old regions. Initial: 6, optional: 0, predicted old time: 0.00ms, predicted optional time: 0.00ms, time remaining: 47.63
[2024-10-12T11:24:41.372+0800][debug][gc,ergo,cset] Preventive GC, insufficient free regions. Predicted need 9. Curr Eden 2 (Pred 3). Curr Survivor 1 (Pred 1). Curr Old 47 (Pred 5) Free 9 Alloc 1
[2024-10-12T11:24:41.372+0800][debug][gc,ergo,cset] GC(596) Start adding old regions to collection set. Min 6 regions, max 6 regions, time remaining 48.82ms, optional threshold 9.76ms
[2024-10-12T11:24:41.372+0800][debug][gc,ergo,cset] GC(596) Finish adding old regions to collection set (Maximum number of regions). Initial 6 regions, optional 0 regions
[2024-10-12T11:24:41.372+0800][debug][gc,ergo,cset] GC(596) Finish choosing collection set old regions. Initial: 6, optional: 0, predicted old time: 0.00ms, predicted optional time: 0.00ms, time remaining: 47.52
[2024-10-12T11:24:41.478+0800][debug][gc,ergo,cset] Preventive GC, insufficient free regions. Predicted need 9. Curr Eden 2 (Pred 3). Curr Survivor 1 (Pred 1). Curr Old 48 (Pred 5) Free 8 Alloc 1
[2024-10-12T11:24:41.478+0800][debug][gc,ergo,cset] GC(597) Start adding old regions to collection set. Min 6 regions, max 6 regions, time remaining 48.82ms, optional threshold 9.76ms
[2024-10-12T11:24:41.478+0800][debug][gc,ergo,cset] GC(597) Old candidate collection set empty.
[2024-10-12T11:24:41.478+0800][debug][gc,ergo,cset] GC(597) Finish choosing collection set old regions. Initial: 6, optional: 0, predicted old time: 0.00ms, predicted optional time: 0.00ms, time remaining: 47.15
[2024-10-12T11:24:41.698+0800][debug][gc,ergo,cset] GC(600) Pruned 0 regions out of 43, leaving 0 bytes waste (allowed 0)
[2024-10-12T11:24:41.842+0800][debug][gc,ergo,cset] Preventive GC, insufficient free regions. Predicted need 4. Curr Eden 2 (Pred 3). Curr Survivor 1 (Pred 1). Curr Old 52 (Pred 0) Free 4 Alloc 1
[2024-10-12T11:24:41.905+0800][debug][gc,ergo,cset] Preventive GC, insufficient free regions. Predicted need 5. Curr Eden 1 (Pred 2). Curr Survivor 1 (Pred 1). Curr Old 54 (Pred 2) Free 3 Alloc 1
[2024-10-12T11:24:41.906+0800][debug][gc,ergo,cset] GC(602) Start adding old regions to collection set. Min 6 regions, max 6 regions, time remaining 49.12ms, optional threshold 9.82ms
[2024-10-12T11:24:41.906+0800][debug][gc,ergo,cset] GC(602) Finish adding old regions to collection set (Maximum number of regions). Initial 6 regions, optional 0 regions
[2024-10-12T11:24:41.906+0800][debug][gc,ergo,cset] GC(602) Finish choosing collection set old regions. Initial: 6, optional: 0, predicted old time: 0.00ms, predicted optional time: 0.00ms, time remaining: 48.57
[2024-10-12T11:24:41.948+0800][debug][gc,ergo,cset] Preventive GC, insufficient free regions. Predicted need 7. Curr Eden 1 (Pred 2). Curr Survivor 1 (Pred 1). Curr Old 53 (Pred 4) Free 4 Alloc 1
[2024-10-12T11:24:41.949+0800][debug][gc,ergo,cset] GC(603) Start adding old regions to collection set. Min 6 regions, max 6 regions, time remaining 49.09ms, optional threshold 9.82ms
[2024-10-12T11:24:41.949+0800][debug][gc,ergo,cset] GC(603) Finish adding old regions to collection set (Maximum number of regions). Initial 6 regions, optional 0 regions
[2024-10-12T11:24:41.949+0800][debug][gc,ergo,cset] GC(603) Finish choosing collection set old regions. Initial: 6, optional: 0, predicted old time: 0.00ms, predicted optional time: 0.00ms, time remaining: 48.24
[2024-10-12T11:24:42.012+0800][debug][gc,ergo,cset] Preventive GC, insufficient free regions. Predicted need 7. Curr Eden 1 (Pred 2). Curr Survivor 1 (Pred 1). Curr Old 53 (Pred 4) Free 4 Alloc 1
[2024-10-12T11:24:42.012+0800][debug][gc,ergo,cset] GC(604) Start adding old regions to collection set. Min 6 regions, max 6 regions, time remaining 49.10ms, optional threshold 9.82ms
[2024-10-12T11:24:42.012+0800][debug][gc,ergo,cset] GC(604) Finish adding old regions to collection set (Maximum number of regions). Initial 6 regions, optional 0 regions
[2024-10-12T11:24:42.012+0800][debug][gc,ergo,cset] GC(604) Finish choosing collection set old regions. Initial: 6, optional: 0, predicted old time: 0.00ms, predicted optional time: 0.00ms, time remaining: 48.18
[2024-10-12T11:24:42.055+0800][debug][gc,ergo,cset] Preventive GC, insufficient free regions. Predicted need 7. Curr Eden 1 (Pred 2). Curr Survivor 1 (Pred 1). Curr Old 56 (Pred 4) Free 1 Alloc 1
[2024-10-12T11:24:42.055+0800][debug][gc,ergo,cset] GC(605) Start adding old regions to collection set. Min 6 regions, max 6 regions, time remaining 49.08ms, optional threshold 9.82ms
[2024-10-12T11:24:42.055+0800][debug][gc,ergo,cset] GC(605) Finish adding old regions to collection set (Maximum number of regions). Initial 6 regions, optional 0 regions
[2024-10-12T11:24:42.055+0800][debug][gc,ergo,cset] GC(605) Finish choosing collection set old regions. Initial: 6, optional: 0, predicted old time: 0.00ms, predicted optional time: 0.00ms, time remaining: 48.11
[2024-10-12T11:24:42.120+0800][debug][gc,ergo,cset] GC(606) Start adding old regions to collection set. Min 6 regions, max 6 regions, time remaining 49.04ms, optional threshold 9.81ms
[2024-10-12T11:24:42.120+0800][debug][gc,ergo,cset] GC(606) Finish adding old regions to collection set (Maximum number of regions). Initial 6 regions, optional 0 regions
[2024-10-12T11:24:42.120+0800][debug][gc,ergo,cset] GC(606) Finish choosing collection set old regions. Initial: 6, optional: 0, predicted old time: 0.00ms, predicted optional time: 0.00ms, time remaining: 47.97
[2024-10-12T11:24:42.713+0800][debug][gc,ergo,cset] GC(613) Pruned 0 regions out of 34, leaving 0 bytes waste (allowed 0)
[2024-10-12T11:24:42.979+0800][debug][gc,ergo,cset] Preventive GC, insufficient free regions. Predicted need 6. Curr Eden 2 (Pred 3). Curr Survivor 1 (Pred 1). Curr Old 51 (Pred 2) Free 5 Alloc 1
[2024-10-12T11:24:42.980+0800][debug][gc,ergo,cset] GC(615) Start adding old regions to collection set. Min 5 regions, max 5 regions, time remaining 49.00ms, optional threshold 9.80ms
[2024-10-12T11:24:42.980+0800][debug][gc,ergo,cset] GC(615) Finish adding old regions to collection set (Maximum number of regions). Initial 5 regions, optional 0 regions
[2024-10-12T11:24:42.980+0800][debug][gc,ergo,cset] GC(615) Finish choosing collection set old regions. Initial: 5, optional: 0, predicted old time: 0.00ms, predicted optional time: 0.00ms, time remaining: 48.59
[2024-10-12T11:24:43.084+0800][debug][gc,ergo,cset] Preventive GC, insufficient free regions. Predicted need 7. Curr Eden 2 (Pred 3). Curr Survivor 1 (Pred 1). Curr Old 49 (Pred 3) Free 7 Alloc 1
[2024-10-12T11:24:43.085+0800][debug][gc,ergo,cset] GC(616) Start adding old regions to collection set. Min 5 regions, max 5 regions, time remaining 48.69ms, optional threshold 9.74ms
[2024-10-12T11:24:43.085+0800][debug][gc,ergo,cset] GC(616) Finish adding old regions to collection set (Maximum number of regions). Initial 5 regions, optional 0 regions
[2024-10-12T11:24:43.085+0800][debug][gc,ergo,cset] GC(616) Finish choosing collection set old regions. Initial: 5, optional: 0, predicted old time: 0.00ms, predicted optional time: 0.00ms, time remaining: 47.83
[2024-10-12T11:24:43.189+0800][debug][gc,ergo,cset] Preventive GC, insufficient free regions. Predicted need 7. Curr Eden 2 (Pred 3). Curr Survivor 1 (Pred 1). Curr Old 49 (Pred 3) Free 7 Alloc 1
[2024-10-12T11:24:43.189+0800][debug][gc,ergo,cset] GC(617) Start adding old regions to collection set. Min 5 regions, max 5 regions, time remaining 48.73ms, optional threshold 9.75ms
[2024-10-12T11:24:43.189+0800][debug][gc,ergo,cset] GC(617) Finish adding old regions to collection set (Maximum number of regions). Initial 5 regions, optional 0 regions
[2024-10-12T11:24:43.189+0800][debug][gc,ergo,cset] GC(617) Finish choosing collection set old regions. Initial: 5, optional: 0, predicted old time: 0.00ms, predicted optional time: 0.00ms, time remaining: 47.81
[2024-10-12T11:24:43.294+0800][debug][gc,ergo,cset] Preventive GC, insufficient free regions. Predicted need 8. Curr Eden 2 (Pred 3). Curr Survivor 1 (Pred 1). Curr Old 48 (Pred 4) Free 8 Alloc 1
[2024-10-12T11:24:43.294+0800][debug][gc,ergo,cset] GC(618) Start adding old regions to collection set. Min 5 regions, max 5 regions, time remaining 48.75ms, optional threshold 9.75ms
[2024-10-12T11:24:43.294+0800][debug][gc,ergo,cset] GC(618) Finish adding old regions to collection set (Maximum number of regions). Initial 5 regions, optional 0 regions
[2024-10-12T11:24:43.294+0800][debug][gc,ergo,cset] GC(618) Finish choosing collection set old regions. Initial: 5, optional: 0, predicted old time: 0.00ms, predicted optional time: 0.00ms, time remaining: 47.70
[2024-10-12T11:24:43.399+0800][debug][gc,ergo,cset] Preventive GC, insufficient free regions. Predicted need 8. Curr Eden 2 (Pred 3). Curr Survivor 1 (Pred 1). Curr Old 48 (Pred 4) Free 8 Alloc 1
[2024-10-12T11:24:43.399+0800][debug][gc,ergo,cset] GC(619) Start adding old regions to collection set. Min 5 regions, max 5 regions, time remaining 48.78ms, optional threshold 9.76ms
[2024-10-12T11:24:43.399+0800][debug][gc,ergo,cset] GC(619) Finish adding old regions to collection set (Maximum number of regions). Initial 5 regions, optional 0 regions
[2024-10-12T11:24:43.399+0800][debug][gc,ergo,cset] GC(619) Finish choosing collection set old regions. Initial: 5, optional: 0, predicted old time: 0.00ms, predicted optional time: 0.00ms, time remaining: 47.71
[2024-10-12T11:24:43.503+0800][debug][gc,ergo,cset] GC(620) Start adding old regions to collection set. Min 5 regions, max 5 regions, time remaining 48.80ms, optional threshold 9.76ms
[2024-10-12T11:24:43.504+0800][debug][gc,ergo,cset] GC(620) Finish adding old regions to collection set (Maximum number of regions). Initial 5 regions, optional 0 regions
[2024-10-12T11:24:43.504+0800][debug][gc,ergo,cset] GC(620) Finish choosing collection set old regions. Initial: 5, optional: 0, predicted old time: 0.00ms, predicted optional time: 0.00ms, time remaining: 47.64
[2024-10-12T11:24:43.609+0800][debug][gc,ergo,cset] Preventive GC, insufficient free regions. Predicted need 8. Curr Eden 2 (Pred 3). Curr Survivor 1 (Pred 1). Curr Old 48 (Pred 4) Free 8 Alloc 1
[2024-10-12T11:24:43.609+0800][debug][gc,ergo,cset] GC(621) Start adding old regions to collection set. Min 5 regions, max 5 regions, time remaining 48.77ms, optional threshold 9.75ms
[2024-10-12T11:24:43.609+0800][debug][gc,ergo,cset] GC(621) Old candidate collection set empty.
[2024-10-12T11:24:43.609+0800][debug][gc,ergo,cset] GC(621) Finish choosing collection set old regions. Initial: 4, optional: 0, predicted old time: 0.00ms, predicted optional time: 0.00ms, time remaining: 47.62
[2024-10-12T11:24:43.830+0800][debug][gc,ergo,cset] GC(624) Pruned 0 regions out of 39, leaving 0 bytes waste (allowed 0)
[2024-10-12T11:24:43.973+0800][debug][gc,ergo,cset] Preventive GC, insufficient free regions. Predicted need 4. Curr Eden 2 (Pred 3). Curr Survivor 1 (Pred 1). Curr Old 52 (Pred 0) Free 4 Alloc 1
[2024-10-12T11:24:44.036+0800][debug][gc,ergo,cset] Preventive GC, insufficient free regions. Predicted need 4. Curr Eden 1 (Pred 2). Curr Survivor 1 (Pred 1). Curr Old 54 (Pred 1) Free 3 Alloc 1
[2024-10-12T11:24:44.036+0800][debug][gc,ergo,cset] GC(626) Start adding old regions to collection set. Min 5 regions, max 5 regions, time remaining 49.13ms, optional threshold 9.83ms
[2024-10-12T11:24:44.036+0800][debug][gc,ergo,cset] GC(626) Finish adding old regions to collection set (Maximum number of regions). Initial 5 regions, optional 0 regions
[2024-10-12T11:24:44.036+0800][debug][gc,ergo,cset] GC(626) Finish choosing collection set old regions. Initial: 5, optional: 0, predicted old time: 0.00ms, predicted optional time: 0.00ms, time remaining: 48.84
[2024-10-12T11:24:44.140+0800][debug][gc,ergo,cset] Preventive GC, insufficient free regions. Predicted need 6. Curr Eden 2 (Pred 3). Curr Survivor 1 (Pred 1). Curr Old 51 (Pred 2) Free 5 Alloc 1
[2024-10-12T11:24:44.140+0800][debug][gc,ergo,cset] GC(627) Start adding old regions to collection set. Min 5 regions, max 5 regions, time remaining 48.87ms, optional threshold 9.77ms
[2024-10-12T11:24:44.141+0800][debug][gc,ergo,cset] GC(627) Finish adding old regions to collection set (Maximum number of regions). Initial 5 regions, optional 0 regions
[2024-10-12T11:24:44.141+0800][debug][gc,ergo,cset] GC(627) Finish choosing collection set old regions. Initial: 5, optional: 0, predicted old time: 0.00ms, predicted optional time: 0.00ms, time remaining: 48.21
[2024-10-12T11:24:44.245+0800][debug][gc,ergo,cset] Preventive GC, insufficient free regions. Predicted need 7. Curr Eden 2 (Pred 3). Curr Survivor 1 (Pred 1). Curr Old 50 (Pred 3) Free 6 Alloc 1
[2024-10-12T11:24:44.245+0800][debug][gc,ergo,cset] GC(628) Start adding old regions to collection set. Min 5 regions, max 5 regions, time remaining 48.83ms, optional threshold 9.77ms
[2024-10-12T11:24:44.245+0800][debug][gc,ergo,cset] GC(628) Finish adding old regions to collection set (Maximum number of regions). Initial 5 regions, optional 0 regions
[2024-10-12T11:24:44.245+0800][debug][gc,ergo,cset] GC(628) Finish choosing collection set old regions. Initial: 5, optional: 0, predicted old time: 0.00ms, predicted optional time: 0.00ms, time remaining: 48.04
[2024-10-12T11:24:44.349+0800][debug][gc,ergo,cset] Preventive GC, insufficient free regions. Predicted need 7. Curr Eden 2 (Pred 3). Curr Survivor 1 (Pred 1). Curr Old 49 (Pred 3) Free 7 Alloc 1
[2024-10-12T11:24:44.350+0800][debug][gc,ergo,cset] GC(629) Start adding old regions to collection set. Min 5 regions, max 5 regions, time remaining 48.83ms, optional threshold 9.77ms
[2024-10-12T11:24:44.350+0800][debug][gc,ergo,cset] GC(629) Finish adding old regions to collection set (Maximum number of regions). Initial 5 regions, optional 0 regions
[2024-10-12T11:24:44.350+0800][debug][gc,ergo,cset] GC(629) Finish choosing collection set old regions. Initial: 5, optional: 0, predicted old time: 0.00ms, predicted optional time: 0.00ms, time remaining: 47.97
[2024-10-12T11:24:44.454+0800][debug][gc,ergo,cset] Preventive GC, insufficient free regions. Predicted need 8. Curr Eden 2 (Pred 3). Curr Survivor 1 (Pred 1). Curr Old 49 (Pred 4) Free 7 Alloc 1
[2024-10-12T11:24:44.454+0800][debug][gc,ergo,cset] GC(630) Start adding old regions to collection set. Min 5 regions, max 5 regions, time remaining 48.85ms, optional threshold 9.77ms
[2024-10-12T11:24:44.454+0800][debug][gc,ergo,cset] GC(630) Finish adding old regions to collection set (Maximum number of regions). Initial 5 regions, optional 0 regions
[2024-10-12T11:24:44.454+0800][debug][gc,ergo,cset] GC(630) Finish choosing collection set old regions. Initial: 5, optional: 0, predicted old time: 0.00ms, predicted optional time: 0.00ms, time remaining: 47.93
[2024-10-12T11:24:44.559+0800][debug][gc,ergo,cset] Preventive GC, insufficient free regions. Predicted need 8. Curr Eden 2 (Pred 3). Curr Survivor 1 (Pred 1). Curr Old 48 (Pred 4) Free 8 Alloc 1
[2024-10-12T11:24:44.559+0800][debug][gc,ergo,cset] GC(631) Start adding old regions to collection set. Min 5 regions, max 5 regions, time remaining 48.88ms, optional threshold 9.78ms
[2024-10-12T11:24:44.559+0800][debug][gc,ergo,cset] GC(631) Finish adding old regions to collection set (Maximum number of regions). Initial 5 regions, optional 0 regions
[2024-10-12T11:24:44.559+0800][debug][gc,ergo,cset] GC(631) Finish choosing collection set old regions. Initial: 5, optional: 0, predicted old time: 0.00ms, predicted optional time: 0.00ms, time remaining: 47.94
[2024-10-12T11:24:44.664+0800][debug][gc,ergo,cset] GC(632) Start adding old regions to collection set. Min 5 regions, max 5 regions, time remaining 48.89ms, optional threshold 9.78ms
[2024-10-12T11:24:44.664+0800][debug][gc,ergo,cset] GC(632) Finish adding old regions to collection set (Maximum number of regions). Initial 5 regions, optional 0 regions
[2024-10-12T11:24:44.664+0800][debug][gc,ergo,cset] GC(632) Finish choosing collection set old regions. Initial: 5, optional: 0, predicted old time: 0.00ms, predicted optional time: 0.00ms, time remaining: 47.84
[2024-10-12T11:24:44.769+0800][debug][gc,ergo,cset] Preventive GC, insufficient free regions. Predicted need 8. Curr Eden 2 (Pred 3). Curr Survivor 1 (Pred 1). Curr Old 48 (Pred 4) Free 8 Alloc 1
[2024-10-12T11:24:44.769+0800][debug][gc,ergo,cset] GC(633) Start adding old regions to collection set. Min 5 regions, max 5 regions, time remaining 48.89ms, optional threshold 9.78ms
[2024-10-12T11:24:44.769+0800][debug][gc,ergo,cset] GC(633) Old candidate collection set empty.
[2024-10-12T11:24:44.769+0800][debug][gc,ergo,cset] GC(633) Finish choosing collection set old regions. Initial: 4, optional: 0, predicted old time: 0.00ms, predicted optional time: 0.00ms, time remaining: 47.93
[2024-10-12T11:24:44.907+0800][debug][gc,ergo,cset] GC(636) Pruned 0 regions out of 42, leaving 0 bytes waste (allowed 0)
[2024-10-12T11:24:45.071+0800][debug][gc,ergo,cset] Preventive GC, insufficient free regions. Predicted need 4. Curr Eden 2 (Pred 3). Curr Survivor 1 (Pred 1). Curr Old 51 (Pred 0) Free 4 Alloc 1
[2024-10-12T11:24:45.134+0800][debug][gc,ergo,cset] Preventive GC, insufficient free regions. Predicted need 6. Curr Eden 1 (Pred 2). Curr Survivor 1 (Pred 1). Curr Old 53 (Pred 3) Free 4 Alloc 1
[2024-10-12T11:24:45.134+0800][debug][gc,ergo,cset] GC(638) Start adding old regions to collection set. Min 6 regions, max 6 regions, time remaining 49.19ms, optional threshold 9.84ms
[2024-10-12T11:24:45.134+0800][debug][gc,ergo,cset] GC(638) Finish adding old regions to collection set (Maximum number of regions). Initial 6 regions, optional 0 regions
[2024-10-12T11:24:45.134+0800][debug][gc,ergo,cset] GC(638) Finish choosing collection set old regions. Initial: 6, optional: 0, predicted old time: 0.00ms, predicted optional time: 0.00ms, time remaining: 48.59
[2024-10-12T11:24:45.238+0800][debug][gc,ergo,cset] Preventive GC, insufficient free regions. Predicted need 7. Curr Eden 2 (Pred 3). Curr Survivor 1 (Pred 1). Curr Old 50 (Pred 3) Free 6 Alloc 1
[2024-10-12T11:24:45.238+0800][debug][gc,ergo,cset] GC(639) Start adding old regions to collection set. Min 6 regions, max 6 regions, time remaining 48.97ms, optional threshold 9.79ms
[2024-10-12T11:24:45.238+0800][debug][gc,ergo,cset] GC(639) Finish adding old regions to collection set (Maximum number of regions). Initial 6 regions, optional 0 regions
[2024-10-12T11:24:45.238+0800][debug][gc,ergo,cset] GC(639) Finish choosing collection set old regions. Initial: 6, optional: 0, predicted old time: 0.00ms, predicted optional time: 0.00ms, time remaining: 48.19
[2024-10-12T11:24:45.342+0800][debug][gc,ergo,cset] Preventive GC, insufficient free regions. Predicted need 8. Curr Eden 2 (Pred 3). Curr Survivor 1 (Pred 1). Curr Old 49 (Pred 4) Free 7 Alloc 1
[2024-10-12T11:24:45.343+0800][debug][gc,ergo,cset] GC(640) Start adding old regions to collection set. Min 6 regions, max 6 regions, time remaining 48.94ms, optional threshold 9.79ms
[2024-10-12T11:24:45.343+0800][debug][gc,ergo,cset] GC(640) Finish adding old regions to collection set (Maximum number of regions). Initial 6 regions, optional 0 regions
[2024-10-12T11:24:45.343+0800][debug][gc,ergo,cset] GC(640) Finish choosing collection set old regions. Initial: 6, optional: 0, predicted old time: 0.00ms, predicted optional time: 0.00ms, time remaining: 48.04
[2024-10-12T11:24:45.448+0800][debug][gc,ergo,cset] Preventive GC, insufficient free regions. Predicted need 8. Curr Eden 2 (Pred 3). Curr Survivor 1 (Pred 1). Curr Old 49 (Pred 4) Free 7 Alloc 1
[2024-10-12T11:24:45.448+0800][debug][gc,ergo,cset] GC(641) Start adding old regions to collection set. Min 6 regions, max 6 regions, time remaining 48.87ms, optional threshold 9.77ms
[2024-10-12T11:24:45.448+0800][debug][gc,ergo,cset] GC(641) Finish adding old regions to collection set (Maximum number of regions). Initial 6 regions, optional 0 regions
[2024-10-12T11:24:45.448+0800][debug][gc,ergo,cset] GC(641) Finish choosing collection set old regions. Initial: 6, optional: 0, predicted old time: 0.00ms, predicted optional time: 0.00ms, time remaining: 47.79
[2024-10-12T11:24:45.553+0800][debug][gc,ergo,cset] Preventive GC, insufficient free regions. Predicted need 9. Curr Eden 2 (Pred 3). Curr Survivor 1 (Pred 1). Curr Old 48 (Pred 5) Free 8 Alloc 1
[2024-10-12T11:24:45.553+0800][debug][gc,ergo,cset] GC(642) Start adding old regions to collection set. Min 6 regions, max 6 regions, time remaining 48.81ms, optional threshold 9.76ms
[2024-10-12T11:24:45.553+0800][debug][gc,ergo,cset] GC(642) Finish adding old regions to collection set (Maximum number of regions). Initial 6 regions, optional 0 regions
[2024-10-12T11:24:45.553+0800][debug][gc,ergo,cset] GC(642) Finish choosing collection set old regions. Initial: 6, optional: 0, predicted old time: 0.00ms, predicted optional time: 0.00ms, time remaining: 47.66
[2024-10-12T11:24:45.658+0800][debug][gc,ergo,cset] Preventive GC, insufficient free regions. Predicted need 9. Curr Eden 2 (Pred 3). Curr Survivor 1 (Pred 1). Curr Old 47 (Pred 5) Free 9 Alloc 1
[2024-10-12T11:24:45.658+0800][debug][gc,ergo,cset] GC(643) Start adding old regions to collection set. Min 6 regions, max 6 regions, time remaining 48.82ms, optional threshold 9.76ms
[2024-10-12T11:24:45.658+0800][debug][gc,ergo,cset] GC(643) Finish adding old regions to collection set (Maximum number of regions). Initial 6 regions, optional 0 regions
[2024-10-12T11:24:45.658+0800][debug][gc,ergo,cset] GC(643) Finish choosing collection set old regions. Initial: 6, optional: 0, predicted old time: 0.00ms, predicted optional time: 0.00ms, time remaining: 47.52
[2024-10-12T11:24:45.763+0800][debug][gc,ergo,cset] Preventive GC, insufficient free regions. Predicted need 9. Curr Eden 2 (Pred 3). Curr Survivor 1 (Pred 1). Curr Old 47 (Pred 5) Free 9 Alloc 1
[2024-10-12T11:24:45.763+0800][debug][gc,ergo,cset] GC(644) Start adding old regions to collection set. Min 6 regions, max 6 regions, time remaining 48.76ms, optional threshold 9.75ms
[2024-10-12T11:24:45.763+0800][debug][gc,ergo,cset] GC(644) Old candidate collection set empty.
[2024-10-12T11:24:45.763+0800][debug][gc,ergo,cset] GC(644) Finish choosing collection set old regions. Initial: 6, optional: 0, predicted old time: 0.00ms, predicted optional time: 0.00ms, time remaining: 46.93
[2024-10-12T11:24:46.090+0800][debug][gc,ergo,cset] GC(648) Pruned 0 regions out of 38, leaving 0 bytes waste (allowed 0)
[2024-10-12T11:24:46.231+0800][debug][gc,ergo,cset] Preventive GC, insufficient free regions. Predicted need 4. Curr Eden 2 (Pred 3). Curr Survivor 1 (Pred 1). Curr Old 52 (Pred 0) Free 4 Alloc 1
[2024-10-12T11:24:46.294+0800][debug][gc,ergo,cset] Preventive GC, insufficient free regions. Predicted need 5. Curr Eden 1 (Pred 2). Curr Survivor 1 (Pred 1). Curr Old 54 (Pred 2) Free 3 Alloc 1
[2024-10-12T11:24:46.295+0800][debug][gc,ergo,cset] GC(650) Start adding old regions to collection set. Min 5 regions, max 5 regions, time remaining 49.15ms, optional threshold 9.83ms
[2024-10-12T11:24:46.295+0800][debug][gc,ergo,cset] GC(650) Finish adding old regions to collection set (Maximum number of regions). Initial 5 regions, optional 0 regions
[2024-10-12T11:24:46.295+0800][debug][gc,ergo,cset] GC(650) Finish choosing collection set old regions. Initial: 5, optional: 0, predicted old time: 0.00ms, predicted optional time: 0.00ms, time remaining: 48.77
[2024-10-12T11:24:46.398+0800][debug][gc,ergo,cset] Preventive GC, insufficient free regions. Predicted need 6. Curr Eden 2 (Pred 3). Curr Survivor 1 (Pred 1). Curr Old 51 (Pred 2) Free 5 Alloc 1
[2024-10-12T11:24:46.398+0800][debug][gc,ergo,cset] GC(651) Start adding old regions to collection set. Min 5 regions, max 5 regions, time remaining 48.91ms, optional threshold 9.78ms
[2024-10-12T11:24:46.398+0800][debug][gc,ergo,cset] GC(651) Finish adding old regions to collection set (Maximum number of regions). Initial 5 regions, optional 0 regions
[2024-10-12T11:24:46.398+0800][debug][gc,ergo,cset] GC(651) Finish choosing collection set old regions. Initial: 5, optional: 0, predicted old time: 0.00ms, predicted optional time: 0.00ms, time remaining: 48.30
[2024-10-12T11:24:46.503+0800][debug][gc,ergo,cset] Preventive GC, insufficient free regions. Predicted need 7. Curr Eden 2 (Pred 3). Curr Survivor 1 (Pred 1). Curr Old 50 (Pred 3) Free 6 Alloc 1
[2024-10-12T11:24:46.503+0800][debug][gc,ergo,cset] GC(652) Start adding old regions to collection set. Min 5 regions, max 5 regions, time remaining 48.87ms, optional threshold 9.77ms
[2024-10-12T11:24:46.503+0800][debug][gc,ergo,cset] GC(652) Finish adding old regions to collection set (Maximum number of regions). Initial 5 regions, optional 0 regions
[2024-10-12T11:24:46.503+0800][debug][gc,ergo,cset] GC(652) Finish choosing collection set old regions. Initial: 5, optional: 0, predicted old time: 0.00ms, predicted optional time: 0.00ms, time remaining: 48.16
[2024-10-12T11:24:46.608+0800][debug][gc,ergo,cset] Preventive GC, insufficient free regions. Predicted need 7. Curr Eden 2 (Pred 3). Curr Survivor 1 (Pred 1). Curr Old 50 (Pred 3) Free 6 Alloc 1
[2024-10-12T11:24:46.608+0800][debug][gc,ergo,cset] GC(653) Start adding old regions to collection set. Min 5 regions, max 5 regions, time remaining 48.85ms, optional threshold 9.77ms
[2024-10-12T11:24:46.608+0800][debug][gc,ergo,cset] GC(653) Finish adding old regions to collection set (Maximum number of regions). Initial 5 regions, optional 0 regions
[2024-10-12T11:24:46.608+0800][debug][gc,ergo,cset] GC(653) Finish choosing collection set old regions. Initial: 5, optional: 0, predicted old time: 0.00ms, predicted optional time: 0.00ms, time remaining: 48.03
[2024-10-12T11:24:46.713+0800][debug][gc,ergo,cset] Preventive GC, insufficient free regions. Predicted need 8. Curr Eden 2 (Pred 3). Curr Survivor 1 (Pred 1). Curr Old 49 (Pred 4) Free 7 Alloc 1
[2024-10-12T11:24:46.713+0800][debug][gc,ergo,cset] GC(654) Start adding old regions to collection set. Min 5 regions, max 5 regions, time remaining 48.77ms, optional threshold 9.75ms
[2024-10-12T11:24:46.713+0800][debug][gc,ergo,cset] GC(654) Finish adding old regions to collection set (Maximum number of regions). Initial 5 regions, optional 0 regions
[2024-10-12T11:24:46.713+0800][debug][gc,ergo,cset] GC(654) Finish choosing collection set old regions. Initial: 5, optional: 0, predicted old time: 0.00ms, predicted optional time: 0.00ms, time remaining: 47.79
[2024-10-12T11:24:46.817+0800][debug][gc,ergo,cset] Preventive GC, insufficient free regions. Predicted need 8. Curr Eden 2 (Pred 3). Curr Survivor 1 (Pred 1). Curr Old 49 (Pred 4) Free 7 Alloc 1
[2024-10-12T11:24:46.818+0800][debug][gc,ergo,cset] GC(655) Start adding old regions to collection set. Min 5 regions, max 5 regions, time remaining 48.79ms, optional threshold 9.76ms
[2024-10-12T11:24:46.818+0800][debug][gc,ergo,cset] GC(655) Finish adding old regions to collection set (Maximum number of regions). Initial 5 regions, optional 0 regions
[2024-10-12T11:24:46.818+0800][debug][gc,ergo,cset] GC(655) Finish choosing collection set old regions. Initial: 5, optional: 0, predicted old time: 0.00ms, predicted optional time: 0.00ms, time remaining: 47.77
[2024-10-12T11:24:46.923+0800][debug][gc,ergo,cset] Preventive GC, insufficient free regions. Predicted need 8. Curr Eden 2 (Pred 3). Curr Survivor 1 (Pred 1). Curr Old 49 (Pred 4) Free 7 Alloc 1
[2024-10-12T11:24:46.923+0800][debug][gc,ergo,cset] GC(656) Start adding old regions to collection set. Min 5 regions, max 5 regions, time remaining 48.82ms, optional threshold 9.76ms
[2024-10-12T11:24:46.923+0800][debug][gc,ergo,cset] GC(656) Finish adding old regions to collection set (Maximum number of regions). Initial 5 regions, optional 0 regions
[2024-10-12T11:24:46.923+0800][debug][gc,ergo,cset] GC(656) Finish choosing collection set old regions. Initial: 5, optional: 0, predicted old time: 0.00ms, predicted optional time: 0.00ms, time remaining: 47.74
[2024-10-12T11:24:47.027+0800][debug][gc,ergo,cset] Preventive GC, insufficient free regions. Predicted need 7. Curr Eden 2 (Pred 3). Curr Survivor 1 (Pred 1). Curr Old 49 (Pred 3) Free 7 Alloc 1
[2024-10-12T11:24:47.028+0800][debug][gc,ergo,cset] GC(657) Start adding old regions to collection set. Min 5 regions, max 5 regions, time remaining 48.82ms, optional threshold 9.76ms
[2024-10-12T11:24:47.028+0800][debug][gc,ergo,cset] GC(657) Old candidate collection set empty.
[2024-10-12T11:24:47.028+0800][debug][gc,ergo,cset] GC(657) Finish choosing collection set old regions. Initial: 3, optional: 0, predicted old time: 0.00ms, predicted optional time: 0.00ms, time remaining: 48.02
[2024-10-12T11:24:47.103+0800][debug][gc,ergo,cset] GC(659) Pruned 0 regions out of 42, leaving 0 bytes waste (allowed 0)
[2024-10-12T11:24:47.267+0800][debug][gc,ergo,cset] Preventive GC, insufficient free regions. Predicted need 4. Curr Eden 2 (Pred 3). Curr Survivor 1 (Pred 1). Curr Old 51 (Pred 0) Free 4 Alloc 1
[2024-10-12T11:24:47.330+0800][debug][gc,ergo,cset] Preventive GC, insufficient free regions. Predicted need 5. Curr Eden 1 (Pred 2). Curr Survivor 1 (Pred 1). Curr Old 53 (Pred 2) Free 4 Alloc 1
[2024-10-12T11:24:47.330+0800][debug][gc,ergo,cset] GC(661) Start adding old regions to collection set. Min 6 regions, max 6 regions, time remaining 49.13ms, optional threshold 9.83ms
[2024-10-12T11:24:47.330+0800][debug][gc,ergo,cset] GC(661) Finish adding old regions to collection set (Maximum number of regions). Initial 6 regions, optional 0 regions
[2024-10-12T11:24:47.330+0800][debug][gc,ergo,cset] GC(661) Finish choosing collection set old regions. Initial: 6, optional: 0, predicted old time: 0.00ms, predicted optional time: 0.00ms, time remaining: 48.61
[2024-10-12T11:24:47.434+0800][debug][gc,ergo,cset] Preventive GC, insufficient free regions. Predicted need 7. Curr Eden 2 (Pred 3). Curr Survivor 1 (Pred 1). Curr Old 50 (Pred 3) Free 6 Alloc 1
[2024-10-12T11:24:47.434+0800][debug][gc,ergo,cset] GC(662) Start adding old regions to collection set. Min 6 regions, max 6 regions, time remaining 48.86ms, optional threshold 9.77ms
[2024-10-12T11:24:47.434+0800][debug][gc,ergo,cset] GC(662) Finish adding old regions to collection set (Maximum number of regions). Initial 6 regions, optional 0 regions
[2024-10-12T11:24:47.435+0800][debug][gc,ergo,cset] GC(662) Finish choosing collection set old regions. Initial: 6, optional: 0, predicted old time: 0.00ms, predicted optional time: 0.00ms, time remaining: 48.02
[2024-10-12T11:24:47.539+0800][debug][gc,ergo,cset] Preventive GC, insufficient free regions. Predicted need 8. Curr Eden 2 (Pred 3). Curr Survivor 1 (Pred 1). Curr Old 48 (Pred 4) Free 8 Alloc 1
[2024-10-12T11:24:47.539+0800][debug][gc,ergo,cset] GC(663) Start adding old regions to collection set. Min 6 regions, max 6 regions, time remaining 48.84ms, optional threshold 9.77ms
[2024-10-12T11:24:47.539+0800][debug][gc,ergo,cset] GC(663) Finish adding old regions to collection set (Maximum number of regions). Initial 6 regions, optional 0 regions
[2024-10-12T11:24:47.539+0800][debug][gc,ergo,cset] GC(663) Finish choosing collection set old regions. Initial: 6, optional: 0, predicted old time: 0.00ms, predicted optional time: 0.00ms, time remaining: 47.82
[2024-10-12T11:24:47.643+0800][debug][gc,ergo,cset] Preventive GC, insufficient free regions. Predicted need 9. Curr Eden 2 (Pred 3). Curr Survivor 1 (Pred 1). Curr Old 47 (Pred 5) Free 9 Alloc 1
[2024-10-12T11:24:47.644+0800][debug][gc,ergo,cset] GC(664) Start adding old regions to collection set. Min 6 regions, max 6 regions, time remaining 48.85ms, optional threshold 9.77ms
[2024-10-12T11:24:47.644+0800][debug][gc,ergo,cset] GC(664) Finish adding old regions to collection set (Maximum number of regions). Initial 6 regions, optional 0 regions
[2024-10-12T11:24:47.644+0800][debug][gc,ergo,cset] GC(664) Finish choosing collection set old regions. Initial: 6, optional: 0, predicted old time: 0.00ms, predicted optional time: 0.00ms, time remaining: 47.74
[2024-10-12T11:24:47.748+0800][debug][gc,ergo,cset] Preventive GC, insufficient free regions. Predicted need 9. Curr Eden 2 (Pred 3). Curr Survivor 1 (Pred 1). Curr Old 48 (Pred 5) Free 8 Alloc 1
[2024-10-12T11:24:47.749+0800][debug][gc,ergo,cset] GC(665) Start adding old regions to collection set. Min 6 regions, max 6 regions, time remaining 48.83ms, optional threshold 9.77ms
[2024-10-12T11:24:47.749+0800][debug][gc,ergo,cset] GC(665) Finish adding old regions to collection set (Maximum number of regions). Initial 6 regions, optional 0 regions
[2024-10-12T11:24:47.749+0800][debug][gc,ergo,cset] GC(665) Finish choosing collection set old regions. Initial: 6, optional: 0, predicted old time: 0.00ms, predicted optional time: 0.00ms, time remaining: 47.58
[2024-10-12T11:24:47.854+0800][debug][gc,ergo,cset] Preventive GC, insufficient free regions. Predicted need 9. Curr Eden 2 (Pred 3). Curr Survivor 1 (Pred 1). Curr Old 47 (Pred 5) Free 9 Alloc 1
[2024-10-12T11:24:47.854+0800][debug][gc,ergo,cset] GC(666) Start adding old regions to collection set. Min 6 regions, max 6 regions, time remaining 48.80ms, optional threshold 9.76ms
[2024-10-12T11:24:47.854+0800][debug][gc,ergo,cset] GC(666) Finish adding old regions to collection set (Maximum number of regions). Initial 6 regions, optional 0 regions
[2024-10-12T11:24:47.854+0800][debug][gc,ergo,cset] GC(666) Finish choosing collection set old regions. Initial: 6, optional: 0, predicted old time: 0.00ms, predicted optional time: 0.00ms, time remaining: 47.43
[2024-10-12T11:24:47.959+0800][debug][gc,ergo,cset] Preventive GC, insufficient free regions. Predicted need 9. Curr Eden 2 (Pred 3). Curr Survivor 1 (Pred 1). Curr Old 47 (Pred 5) Free 9 Alloc 1
[2024-10-12T11:24:47.960+0800][debug][gc,ergo,cset] GC(667) Start adding old regions to collection set. Min 6 regions, max 6 regions, time remaining 48.77ms, optional threshold 9.75ms
[2024-10-12T11:24:47.960+0800][debug][gc,ergo,cset] GC(667) Old candidate collection set empty.
[2024-10-12T11:24:47.960+0800][debug][gc,ergo,cset] GC(667) Finish choosing collection set old regions. Initial: 6, optional: 0, predicted old time: 0.00ms, predicted optional time: 0.00ms, time remaining: 47.10
[2024-10-12T11:24:48.285+0800][debug][gc,ergo,cset] GC(671) Pruned 0 regions out of 42, leaving 0 bytes waste (allowed 0)
[2024-10-12T11:24:48.427+0800][debug][gc,ergo,cset] Preventive GC, insufficient free regions. Predicted need 4. Curr Eden 2 (Pred 3). Curr Survivor 1 (Pred 1). Curr Old 52 (Pred 0) Free 4 Alloc 1
[2024-10-12T11:24:48.490+0800][debug][gc,ergo,cset] Preventive GC, insufficient free regions. Predicted need 5. Curr Eden 1 (Pred 2). Curr Survivor 1 (Pred 1). Curr Old 53 (Pred 2) Free 4 Alloc 1
[2024-10-12T11:24:48.491+0800][debug][gc,ergo,cset] GC(673) Start adding old regions to collection set. Min 6 regions, max 6 regions, time remaining 49.15ms, optional threshold 9.83ms
[2024-10-12T11:24:48.491+0800][debug][gc,ergo,cset] GC(673) Finish adding old regions to collection set (Maximum number of regions). Initial 6 regions, optional 0 regions
[2024-10-12T11:24:48.491+0800][debug][gc,ergo,cset] GC(673) Finish choosing collection set old regions. Initial: 6, optional: 0, predicted old time: 0.00ms, predicted optional time: 0.00ms, time remaining: 48.61
[2024-10-12T11:24:48.594+0800][debug][gc,ergo,cset] Preventive GC, insufficient free regions. Predicted need 7. Curr Eden 2 (Pred 3). Curr Survivor 1 (Pred 1). Curr Old 50 (Pred 3) Free 6 Alloc 1
[2024-10-12T11:24:48.595+0800][debug][gc,ergo,cset] GC(674) Start adding old regions to collection set. Min 6 regions, max 6 regions, time remaining 48.90ms, optional threshold 9.78ms
[2024-10-12T11:24:48.595+0800][debug][gc,ergo,cset] GC(674) Finish adding old regions to collection set (Maximum number of regions). Initial 6 regions, optional 0 regions
[2024-10-12T11:24:48.595+0800][debug][gc,ergo,cset] GC(674) Finish choosing collection set old regions. Initial: 6, optional: 0, predicted old time: 0.00ms, predicted optional time: 0.00ms, time remaining: 48.18
[2024-10-12T11:24:48.699+0800][debug][gc,ergo,cset] Preventive GC, insufficient free regions. Predicted need 8. Curr Eden 2 (Pred 3). Curr Survivor 1 (Pred 1). Curr Old 49 (Pred 4) Free 7 Alloc 1
[2024-10-12T11:24:48.699+0800][debug][gc,ergo,cset] GC(675) Start adding old regions to collection set. Min 6 regions, max 6 regions, time remaining 48.85ms, optional threshold 9.77ms
[2024-10-12T11:24:48.699+0800][debug][gc,ergo,cset] GC(675) Finish adding old regions to collection set (Maximum number of regions). Initial 6 regions, optional 0 regions
[2024-10-12T11:24:48.699+0800][debug][gc,ergo,cset] GC(675) Finish choosing collection set old regions. Initial: 6, optional: 0, predicted old time: 0.00ms, predicted optional time: 0.00ms, time remaining: 47.92
[2024-10-12T11:24:48.804+0800][debug][gc,ergo,cset] Preventive GC, insufficient free regions. Predicted need 8. Curr Eden 2 (Pred 3). Curr Survivor 1 (Pred 1). Curr Old 48 (Pred 4) Free 8 Alloc 1
[2024-10-12T11:24:48.804+0800][debug][gc,ergo,cset] GC(676) Start adding old regions to collection set. Min 6 regions, max 6 regions, time remaining 48.82ms, optional threshold 9.76ms
[2024-10-12T11:24:48.804+0800][debug][gc,ergo,cset] GC(676) Finish adding old regions to collection set (Maximum number of regions). Initial 6 regions, optional 0 regions
[2024-10-12T11:24:48.804+0800][debug][gc,ergo,cset] GC(676) Finish choosing collection set old regions. Initial: 6, optional: 0, predicted old time: 0.00ms, predicted optional time: 0.00ms, time remaining: 47.70
[2024-10-12T11:24:48.909+0800][debug][gc,ergo,cset] GC(677) Start adding old regions to collection set. Min 6 regions, max 6 regions, time remaining 48.80ms, optional threshold 9.76ms
[2024-10-12T11:24:48.909+0800][debug][gc,ergo,cset] GC(677) Finish adding old regions to collection set (Maximum number of regions). Initial 6 regions, optional 0 regions
[2024-10-12T11:24:48.910+0800][debug][gc,ergo,cset] GC(677) Finish choosing collection set old regions. Initial: 6, optional: 0, predicted old time: 0.00ms, predicted optional time: 0.00ms, time remaining: 47.61
[2024-10-12T11:24:49.015+0800][debug][gc,ergo,cset] Preventive GC, insufficient free regions. Predicted need 9. Curr Eden 2 (Pred 3). Curr Survivor 1 (Pred 1). Curr Old 47 (Pred 5) Free 9 Alloc 1
[2024-10-12T11:24:49.015+0800][debug][gc,ergo,cset] GC(678) Start adding old regions to collection set. Min 6 regions, max 6 regions, time remaining 48.69ms, optional threshold 9.74ms
[2024-10-12T11:24:49.015+0800][debug][gc,ergo,cset] GC(678) Finish adding old regions to collection set (Maximum number of regions). Initial 6 regions, optional 0 regions
[2024-10-12T11:24:49.015+0800][debug][gc,ergo,cset] GC(678) Finish choosing collection set old regions. Initial: 6, optional: 0, predicted old time: 0.00ms, predicted optional time: 0.00ms, time remaining: 47.26
[2024-10-12T11:24:49.120+0800][debug][gc,ergo,cset] Preventive GC, insufficient free regions. Predicted need 10. Curr Eden 2 (Pred 3). Curr Survivor 1 (Pred 1). Curr Old 46 (Pred 6) Free 10 Alloc 1
[2024-10-12T11:24:49.120+0800][debug][gc,ergo,cset] GC(679) Start adding old regions to collection set. Min 6 regions, max 6 regions, time remaining 48.73ms, optional threshold 9.75ms
[2024-10-12T11:24:49.120+0800][debug][gc,ergo,cset] GC(679) Old candidate collection set empty.
[2024-10-12T11:24:49.120+0800][debug][gc,ergo,cset] GC(679) Finish choosing collection set old regions. Initial: 6, optional: 0, predicted old time: 0.00ms, predicted optional time: 0.00ms, time remaining: 46.86
