[2024-10-11T04:22:25.214+0800][debug][gc,ergo,cset] GC(9) Pruned 8 regions out of 25, leaving 6459600 bytes waste (allowed 6710886)
[2024-10-11T04:22:25.708+0800][debug][gc,ergo,cset] GC(11) Start adding old regions to collection set. Min 3 regions, max 7 regions, time remaining 40.97ms, optional threshold 8.19ms
[2024-10-11T04:22:25.708+0800][debug][gc,ergo,cset] GC(11) Finish adding old regions to collection set (Maximum number of regions). Initial 7 regions, optional 0 regions
[2024-10-11T04:22:25.708+0800][debug][gc,ergo,cset] GC(11) Finish choosing collection set old regions. Initial: 7, optional: 0, predicted old time: 0.00ms, predicted optional time: 0.00ms, time remaining: 32.42
[2024-10-11T04:22:25.817+0800][debug][gc,ergo,cset] GC(12) Start adding old regions to collection set. Min 3 regions, max 7 regions, time remaining 42.13ms, optional threshold 8.43ms
[2024-10-11T04:22:25.817+0800][debug][gc,ergo,cset] GC(12) Finish adding old regions to collection set (Maximum number of regions). Initial 7 regions, optional 0 regions
[2024-10-11T04:22:25.817+0800][debug][gc,ergo,cset] GC(12) Finish choosing collection set old regions. Initial: 7, optional: 0, predicted old time: 0.00ms, predicted optional time: 0.00ms, time remaining: 32.66
[2024-10-11T04:22:25.924+0800][debug][gc,ergo,cset] GC(13) Start adding old regions to collection set. Min 3 regions, max 7 regions, time remaining 43.61ms, optional threshold 8.72ms
[2024-10-11T04:22:25.924+0800][debug][gc,ergo,cset] GC(13) Old candidate collection set empty.
[2024-10-11T04:22:25.924+0800][debug][gc,ergo,cset] GC(13) Finish choosing collection set old regions. Initial: 3, optional: 0, predicted old time: 0.00ms, predicted optional time: 0.00ms, time remaining: 39.50
[2024-10-11T04:22:26.267+0800][debug][gc,ergo,cset] GC(15) Pruned 9 regions out of 20, leaving 5942320 bytes waste (allowed 6710886)
[2024-10-11T04:22:26.645+0800][debug][gc,ergo,cset] GC(17) Start adding old regions to collection set. Min 2 regions, max 7 regions, time remaining 46.00ms, optional threshold 9.20ms
[2024-10-11T04:22:26.645+0800][debug][gc,ergo,cset] GC(17) Finish adding old regions to collection set (Maximum number of regions). Initial 7 regions, optional 0 regions
[2024-10-11T04:22:26.645+0800][debug][gc,ergo,cset] GC(17) Finish choosing collection set old regions. Initial: 7, optional: 0, predicted old time: 0.00ms, predicted optional time: 0.00ms, time remaining: 42.62
[2024-10-11T04:22:26.753+0800][debug][gc,ergo,cset] GC(18) Start adding old regions to collection set. Min 2 regions, max 7 regions, time remaining 46.14ms, optional threshold 9.23ms
[2024-10-11T04:22:26.753+0800][debug][gc,ergo,cset] GC(18) Old candidate collection set empty.
[2024-10-11T04:22:26.753+0800][debug][gc,ergo,cset] GC(18) Finish choosing collection set old regions. Initial: 4, optional: 0, predicted old time: 0.00ms, predicted optional time: 0.00ms, time remaining: 43.24
[2024-10-11T04:22:26.993+0800][debug][gc,ergo,cset] GC(20) Pruned 11 regions out of 31, leaving 6632680 bytes waste (allowed 6710886)
[2024-10-11T04:22:27.307+0800][debug][gc,ergo,cset] GC(22) Start adding old regions to collection set. Min 3 regions, max 7 regions, time remaining 47.36ms, optional threshold 9.47ms
[2024-10-11T04:22:27.307+0800][debug][gc,ergo,cset] GC(22) Finish adding old regions to collection set (Maximum number of regions). Initial 7 regions, optional 0 regions
[2024-10-11T04:22:27.307+0800][debug][gc,ergo,cset] GC(22) Finish choosing collection set old regions. Initial: 7, optional: 0, predicted old time: 0.00ms, predicted optional time: 0.00ms, time remaining: 44.00
[2024-10-11T04:22:27.417+0800][debug][gc,ergo,cset] GC(23) Start adding old regions to collection set. Min 3 regions, max 7 regions, time remaining 46.88ms, optional threshold 9.38ms
[2024-10-11T04:22:27.417+0800][debug][gc,ergo,cset] GC(23) Finish adding old regions to collection set (Maximum number of regions). Initial 7 regions, optional 0 regions
[2024-10-11T04:22:27.417+0800][debug][gc,ergo,cset] GC(23) Finish choosing collection set old regions. Initial: 7, optional: 0, predicted old time: 0.00ms, predicted optional time: 0.00ms, time remaining: 41.95
[2024-10-11T04:22:27.523+0800][debug][gc,ergo,cset] GC(24) Start adding old regions to collection set. Min 3 regions, max 7 regions, time remaining 47.33ms, optional threshold 9.47ms
[2024-10-11T04:22:27.523+0800][debug][gc,ergo,cset] GC(24) Old candidate collection set empty.
[2024-10-11T04:22:27.523+0800][debug][gc,ergo,cset] GC(24) Finish choosing collection set old regions. Initial: 6, optional: 0, predicted old time: 0.00ms, predicted optional time: 0.00ms, time remaining: 43.63
[2024-10-11T04:22:27.909+0800][debug][gc,ergo,cset] GC(28) Pruned 12 regions out of 36, leaving 6686048 bytes waste (allowed 6710886)
[2024-10-11T04:22:28.160+0800][debug][gc,ergo,cset] GC(30) Start adding old regions to collection set. Min 3 regions, max 7 regions, time remaining 48.35ms, optional threshold 9.67ms
[2024-10-11T04:22:28.160+0800][debug][gc,ergo,cset] GC(30) Finish adding old regions to collection set (Maximum number of regions). Initial 7 regions, optional 0 regions
[2024-10-11T04:22:28.160+0800][debug][gc,ergo,cset] GC(30) Finish choosing collection set old regions. Initial: 7, optional: 0, predicted old time: 0.00ms, predicted optional time: 0.00ms, time remaining: 46.54
[2024-10-11T04:22:28.266+0800][debug][gc,ergo,cset] GC(31) Start adding old regions to collection set. Min 3 regions, max 7 regions, time remaining 48.38ms, optional threshold 9.68ms
[2024-10-11T04:22:28.266+0800][debug][gc,ergo,cset] GC(31) Finish adding old regions to collection set (Maximum number of regions). Initial 7 regions, optional 0 regions
[2024-10-11T04:22:28.266+0800][debug][gc,ergo,cset] GC(31) Finish choosing collection set old regions. Initial: 7, optional: 0, predicted old time: 0.00ms, predicted optional time: 0.00ms, time remaining: 46.25
[2024-10-11T04:22:28.371+0800][debug][gc,ergo,cset] GC(32) Start adding old regions to collection set. Min 3 regions, max 7 regions, time remaining 48.46ms, optional threshold 9.69ms
[2024-10-11T04:22:28.371+0800][debug][gc,ergo,cset] GC(32) Finish adding old regions to collection set (Maximum number of regions). Initial 7 regions, optional 0 regions
[2024-10-11T04:22:28.371+0800][debug][gc,ergo,cset] GC(32) Finish choosing collection set old regions. Initial: 7, optional: 0, predicted old time: 0.00ms, predicted optional time: 0.00ms, time remaining: 46.20
[2024-10-11T04:22:28.476+0800][debug][gc,ergo,cset] GC(33) Start adding old regions to collection set. Min 3 regions, max 7 regions, time remaining 48.57ms, optional threshold 9.71ms
[2024-10-11T04:22:28.476+0800][debug][gc,ergo,cset] GC(33) Old candidate collection set empty.
[2024-10-11T04:22:28.476+0800][debug][gc,ergo,cset] GC(33) Finish choosing collection set old regions. Initial: 3, optional: 0, predicted old time: 0.00ms, predicted optional time: 0.00ms, time remaining: 47.68
[2024-10-11T04:22:28.801+0800][debug][gc,ergo,cset] GC(37) Pruned 10 regions out of 31, leaving 6128944 bytes waste (allowed 6710886)
[2024-10-11T04:22:29.050+0800][debug][gc,ergo,cset] GC(39) Start adding old regions to collection set. Min 3 regions, max 7 regions, time remaining 48.88ms, optional threshold 9.78ms
[2024-10-11T04:22:29.050+0800][debug][gc,ergo,cset] GC(39) Finish adding old regions to collection set (Maximum number of regions). Initial 7 regions, optional 0 regions
[2024-10-11T04:22:29.050+0800][debug][gc,ergo,cset] GC(39) Finish choosing collection set old regions. Initial: 7, optional: 0, predicted old time: 0.00ms, predicted optional time: 0.00ms, time remaining: 48.24
[2024-10-11T04:22:29.155+0800][debug][gc,ergo,cset] GC(40) Start adding old regions to collection set. Min 3 regions, max 7 regions, time remaining 48.86ms, optional threshold 9.77ms
[2024-10-11T04:22:29.155+0800][debug][gc,ergo,cset] GC(40) Finish adding old regions to collection set (Maximum number of regions). Initial 7 regions, optional 0 regions
[2024-10-11T04:22:29.155+0800][debug][gc,ergo,cset] GC(40) Finish choosing collection set old regions. Initial: 7, optional: 0, predicted old time: 0.00ms, predicted optional time: 0.00ms, time remaining: 47.64
[2024-10-11T04:22:29.259+0800][debug][gc,ergo,cset] GC(41) Start adding old regions to collection set. Min 3 regions, max 7 regions, time remaining 48.86ms, optional threshold 9.77ms
[2024-10-11T04:22:29.259+0800][debug][gc,ergo,cset] GC(41) Old candidate collection set empty.
[2024-10-11T04:22:29.259+0800][debug][gc,ergo,cset] GC(41) Finish choosing collection set old regions. Initial: 7, optional: 0, predicted old time: 0.00ms, predicted optional time: 0.00ms, time remaining: 47.42
[2024-10-11T04:22:29.583+0800][debug][gc,ergo,cset] GC(45) Pruned 10 regions out of 33, leaving 6212080 bytes waste (allowed 6710886)
[2024-10-11T04:22:29.832+0800][debug][gc,ergo,cset] Preventive GC, insufficient free regions. Predicted need 5. Curr Eden 2 (Pred 3). Curr Survivor 1 (Pred 1). Curr Old 50 (Pred 1) Free 5 Alloc 1
[2024-10-11T04:22:29.833+0800][debug][gc,ergo,cset] GC(47) Start adding old regions to collection set. Min 3 regions, max 7 regions, time remaining 48.95ms, optional threshold 9.79ms
[2024-10-11T04:22:29.833+0800][debug][gc,ergo,cset] GC(47) Finish adding old regions to collection set (Maximum number of regions). Initial 7 regions, optional 0 regions
[2024-10-11T04:22:29.833+0800][debug][gc,ergo,cset] GC(47) Finish choosing collection set old regions. Initial: 7, optional: 0, predicted old time: 0.00ms, predicted optional time: 0.00ms, time remaining: 48.26
[2024-10-11T04:22:29.937+0800][debug][gc,ergo,cset] GC(48) Start adding old regions to collection set. Min 3 regions, max 7 regions, time remaining 48.92ms, optional threshold 9.78ms
[2024-10-11T04:22:29.937+0800][debug][gc,ergo,cset] GC(48) Finish adding old regions to collection set (Maximum number of regions). Initial 7 regions, optional 0 regions
[2024-10-11T04:22:29.937+0800][debug][gc,ergo,cset] GC(48) Finish choosing collection set old regions. Initial: 7, optional: 0, predicted old time: 0.00ms, predicted optional time: 0.00ms, time remaining: 47.89
[2024-10-11T04:22:30.042+0800][debug][gc,ergo,cset] GC(49) Start adding old regions to collection set. Min 3 regions, max 7 regions, time remaining 48.90ms, optional threshold 9.78ms
[2024-10-11T04:22:30.042+0800][debug][gc,ergo,cset] GC(49) Finish adding old regions to collection set (Maximum number of regions). Initial 7 regions, optional 0 regions
[2024-10-11T04:22:30.042+0800][debug][gc,ergo,cset] GC(49) Finish choosing collection set old regions. Initial: 7, optional: 0, predicted old time: 0.00ms, predicted optional time: 0.00ms, time remaining: 47.60
[2024-10-11T04:22:30.146+0800][debug][gc,ergo,cset] GC(50) Start adding old regions to collection set. Min 3 regions, max 7 regions, time remaining 48.94ms, optional threshold 9.79ms
[2024-10-11T04:22:30.146+0800][debug][gc,ergo,cset] GC(50) Old candidate collection set empty.
[2024-10-11T04:22:30.146+0800][debug][gc,ergo,cset] GC(50) Finish choosing collection set old regions. Initial: 2, optional: 0, predicted old time: 0.00ms, predicted optional time: 0.00ms, time remaining: 48.57
[2024-10-11T04:22:30.468+0800][debug][gc,ergo,cset] GC(54) Pruned 10 regions out of 40, leaving 6068896 bytes waste (allowed 6710886)
[2024-10-11T04:22:30.677+0800][debug][gc,ergo,cset] Preventive GC, insufficient free regions. Predicted need 4. Curr Eden 1 (Pred 2). Curr Survivor 1 (Pred 1). Curr Old 53 (Pred 1) Free 4 Alloc 1
[2024-10-11T04:22:30.677+0800][debug][gc,ergo,cset] GC(56) Start adding old regions to collection set. Min 4 regions, max 7 regions, time remaining 49.18ms, optional threshold 9.84ms
[2024-10-11T04:22:30.677+0800][debug][gc,ergo,cset] GC(56) Finish adding old regions to collection set (Maximum number of regions). Initial 7 regions, optional 0 regions
[2024-10-11T04:22:30.677+0800][debug][gc,ergo,cset] GC(56) Finish choosing collection set old regions. Initial: 7, optional: 0, predicted old time: 0.00ms, predicted optional time: 0.00ms, time remaining: 48.62
[2024-10-11T04:22:30.781+0800][debug][gc,ergo,cset] GC(57) Start adding old regions to collection set. Min 4 regions, max 7 regions, time remaining 48.95ms, optional threshold 9.79ms
[2024-10-11T04:22:30.781+0800][debug][gc,ergo,cset] GC(57) Finish adding old regions to collection set (Maximum number of regions). Initial 7 regions, optional 0 regions
[2024-10-11T04:22:30.781+0800][debug][gc,ergo,cset] GC(57) Finish choosing collection set old regions. Initial: 7, optional: 0, predicted old time: 0.00ms, predicted optional time: 0.00ms, time remaining: 47.97
[2024-10-11T04:22:30.886+0800][debug][gc,ergo,cset] GC(58) Start adding old regions to collection set. Min 4 regions, max 7 regions, time remaining 48.87ms, optional threshold 9.77ms
[2024-10-11T04:22:30.886+0800][debug][gc,ergo,cset] GC(58) Finish adding old regions to collection set (Maximum number of regions). Initial 7 regions, optional 0 regions
[2024-10-11T04:22:30.886+0800][debug][gc,ergo,cset] GC(58) Finish choosing collection set old regions. Initial: 7, optional: 0, predicted old time: 0.00ms, predicted optional time: 0.00ms, time remaining: 47.66
[2024-10-11T04:22:30.991+0800][debug][gc,ergo,cset] GC(59) Start adding old regions to collection set. Min 4 regions, max 7 regions, time remaining 48.89ms, optional threshold 9.78ms
[2024-10-11T04:22:30.991+0800][debug][gc,ergo,cset] GC(59) Finish adding old regions to collection set (Maximum number of regions). Initial 7 regions, optional 0 regions
[2024-10-11T04:22:30.991+0800][debug][gc,ergo,cset] GC(59) Finish choosing collection set old regions. Initial: 7, optional: 0, predicted old time: 0.00ms, predicted optional time: 0.00ms, time remaining: 47.59
[2024-10-11T04:22:31.096+0800][debug][gc,ergo,cset] GC(60) Start adding old regions to collection set. Min 4 regions, max 7 regions, time remaining 48.90ms, optional threshold 9.78ms
[2024-10-11T04:22:31.096+0800][debug][gc,ergo,cset] GC(60) Old candidate collection set empty.
[2024-10-11T04:22:31.096+0800][debug][gc,ergo,cset] GC(60) Finish choosing collection set old regions. Initial: 2, optional: 0, predicted old time: 0.00ms, predicted optional time: 0.00ms, time remaining: 48.53
[2024-10-11T04:22:31.315+0800][debug][gc,ergo,cset] GC(63) Pruned 11 regions out of 38, leaving 6669984 bytes waste (allowed 6710886)
[2024-10-11T04:22:31.523+0800][debug][gc,ergo,cset] Preventive GC, insufficient free regions. Predicted need 5. Curr Eden 1 (Pred 2). Curr Survivor 1 (Pred 1). Curr Old 52 (Pred 2) Free 5 Alloc 1
[2024-10-11T04:22:31.523+0800][debug][gc,ergo,cset] GC(65) Start adding old regions to collection set. Min 4 regions, max 7 regions, time remaining 49.15ms, optional threshold 9.83ms
[2024-10-11T04:22:31.523+0800][debug][gc,ergo,cset] GC(65) Finish adding old regions to collection set (Maximum number of regions). Initial 7 regions, optional 0 regions
[2024-10-11T04:22:31.523+0800][debug][gc,ergo,cset] GC(65) Finish choosing collection set old regions. Initial: 7, optional: 0, predicted old time: 0.00ms, predicted optional time: 0.00ms, time remaining: 48.48
[2024-10-11T04:22:31.627+0800][debug][gc,ergo,cset] GC(66) Start adding old regions to collection set. Min 4 regions, max 7 regions, time remaining 48.90ms, optional threshold 9.78ms
[2024-10-11T04:22:31.627+0800][debug][gc,ergo,cset] GC(66) Finish adding old regions to collection set (Maximum number of regions). Initial 7 regions, optional 0 regions
[2024-10-11T04:22:31.627+0800][debug][gc,ergo,cset] GC(66) Finish choosing collection set old regions. Initial: 7, optional: 0, predicted old time: 0.00ms, predicted optional time: 0.00ms, time remaining: 47.92
[2024-10-11T04:22:31.732+0800][debug][gc,ergo,cset] GC(67) Start adding old regions to collection set. Min 4 regions, max 7 regions, time remaining 48.91ms, optional threshold 9.78ms
[2024-10-11T04:22:31.732+0800][debug][gc,ergo,cset] GC(67) Finish adding old regions to collection set (Maximum number of regions). Initial 7 regions, optional 0 regions
[2024-10-11T04:22:31.732+0800][debug][gc,ergo,cset] GC(67) Finish choosing collection set old regions. Initial: 7, optional: 0, predicted old time: 0.00ms, predicted optional time: 0.00ms, time remaining: 47.71
[2024-10-11T04:22:31.837+0800][debug][gc,ergo,cset] GC(68) Start adding old regions to collection set. Min 4 regions, max 7 regions, time remaining 48.87ms, optional threshold 9.77ms
[2024-10-11T04:22:31.837+0800][debug][gc,ergo,cset] GC(68) Old candidate collection set empty.
[2024-10-11T04:22:31.837+0800][debug][gc,ergo,cset] GC(68) Finish choosing collection set old regions. Initial: 6, optional: 0, predicted old time: 0.00ms, predicted optional time: 0.00ms, time remaining: 47.71
[2024-10-11T04:22:32.160+0800][debug][gc,ergo,cset] GC(72) Pruned 11 regions out of 39, leaving 6339312 bytes waste (allowed 6710886)
[2024-10-11T04:22:32.368+0800][debug][gc,ergo,cset] Preventive GC, insufficient free regions. Predicted need 5. Curr Eden 1 (Pred 2). Curr Survivor 1 (Pred 1). Curr Old 52 (Pred 2) Free 5 Alloc 1
[2024-10-11T04:22:32.368+0800][debug][gc,ergo,cset] GC(74) Start adding old regions to collection set. Min 4 regions, max 7 regions, time remaining 49.17ms, optional threshold 9.83ms
[2024-10-11T04:22:32.368+0800][debug][gc,ergo,cset] GC(74) Finish adding old regions to collection set (Maximum number of regions). Initial 7 regions, optional 0 regions
[2024-10-11T04:22:32.368+0800][debug][gc,ergo,cset] GC(74) Finish choosing collection set old regions. Initial: 7, optional: 0, predicted old time: 0.00ms, predicted optional time: 0.00ms, time remaining: 48.52
[2024-10-11T04:22:32.473+0800][debug][gc,ergo,cset] GC(75) Start adding old regions to collection set. Min 4 regions, max 7 regions, time remaining 48.91ms, optional threshold 9.78ms
[2024-10-11T04:22:32.473+0800][debug][gc,ergo,cset] GC(75) Finish adding old regions to collection set (Maximum number of regions). Initial 7 regions, optional 0 regions
[2024-10-11T04:22:32.473+0800][debug][gc,ergo,cset] GC(75) Finish choosing collection set old regions. Initial: 7, optional: 0, predicted old time: 0.00ms, predicted optional time: 0.00ms, time remaining: 48.02
[2024-10-11T04:22:32.577+0800][debug][gc,ergo,cset] GC(76) Start adding old regions to collection set. Min 4 regions, max 7 regions, time remaining 48.91ms, optional threshold 9.78ms
[2024-10-11T04:22:32.577+0800][debug][gc,ergo,cset] GC(76) Finish adding old regions to collection set (Maximum number of regions). Initial 7 regions, optional 0 regions
[2024-10-11T04:22:32.577+0800][debug][gc,ergo,cset] GC(76) Finish choosing collection set old regions. Initial: 7, optional: 0, predicted old time: 0.00ms, predicted optional time: 0.00ms, time remaining: 47.84
[2024-10-11T04:22:32.682+0800][debug][gc,ergo,cset] GC(77) Start adding old regions to collection set. Min 4 regions, max 7 regions, time remaining 48.92ms, optional threshold 9.78ms
[2024-10-11T04:22:32.682+0800][debug][gc,ergo,cset] GC(77) Old candidate collection set empty.
[2024-10-11T04:22:32.682+0800][debug][gc,ergo,cset] GC(77) Finish choosing collection set old regions. Initial: 7, optional: 0, predicted old time: 0.00ms, predicted optional time: 0.00ms, time remaining: 47.66
[2024-10-11T04:22:33.005+0800][debug][gc,ergo,cset] GC(81) Pruned 12 regions out of 40, leaving 6197304 bytes waste (allowed 6710886)
[2024-10-11T04:22:33.213+0800][debug][gc,ergo,cset] Preventive GC, insufficient free regions. Predicted need 5. Curr Eden 1 (Pred 2). Curr Survivor 1 (Pred 1). Curr Old 52 (Pred 2) Free 5 Alloc 1
[2024-10-11T04:22:33.213+0800][debug][gc,ergo,cset] GC(83) Start adding old regions to collection set. Min 4 regions, max 7 regions, time remaining 49.20ms, optional threshold 9.84ms
[2024-10-11T04:22:33.213+0800][debug][gc,ergo,cset] GC(83) Finish adding old regions to collection set (Maximum number of regions). Initial 7 regions, optional 0 regions
[2024-10-11T04:22:33.213+0800][debug][gc,ergo,cset] GC(83) Finish choosing collection set old regions. Initial: 7, optional: 0, predicted old time: 0.00ms, predicted optional time: 0.00ms, time remaining: 48.56
[2024-10-11T04:22:33.318+0800][debug][gc,ergo,cset] GC(84) Start adding old regions to collection set. Min 4 regions, max 7 regions, time remaining 48.91ms, optional threshold 9.78ms
[2024-10-11T04:22:33.318+0800][debug][gc,ergo,cset] GC(84) Finish adding old regions to collection set (Maximum number of regions). Initial 7 regions, optional 0 regions
[2024-10-11T04:22:33.318+0800][debug][gc,ergo,cset] GC(84) Finish choosing collection set old regions. Initial: 7, optional: 0, predicted old time: 0.00ms, predicted optional time: 0.00ms, time remaining: 47.98
[2024-10-11T04:22:33.422+0800][debug][gc,ergo,cset] GC(85) Start adding old regions to collection set. Min 4 regions, max 7 regions, time remaining 48.87ms, optional threshold 9.77ms
[2024-10-11T04:22:33.422+0800][debug][gc,ergo,cset] GC(85) Finish adding old regions to collection set (Maximum number of regions). Initial 7 regions, optional 0 regions
[2024-10-11T04:22:33.422+0800][debug][gc,ergo,cset] GC(85) Finish choosing collection set old regions. Initial: 7, optional: 0, predicted old time: 0.00ms, predicted optional time: 0.00ms, time remaining: 47.71
[2024-10-11T04:22:33.528+0800][debug][gc,ergo,cset] GC(86) Start adding old regions to collection set. Min 4 regions, max 7 regions, time remaining 48.87ms, optional threshold 9.77ms
[2024-10-11T04:22:33.528+0800][debug][gc,ergo,cset] GC(86) Old candidate collection set empty.
[2024-10-11T04:22:33.528+0800][debug][gc,ergo,cset] GC(86) Finish choosing collection set old regions. Initial: 7, optional: 0, predicted old time: 0.00ms, predicted optional time: 0.00ms, time remaining: 47.52
[2024-10-11T04:22:33.852+0800][debug][gc,ergo,cset] GC(90) Pruned 10 regions out of 39, leaving 6077664 bytes waste (allowed 6710886)
[2024-10-11T04:22:33.996+0800][debug][gc,ergo,cset] Preventive GC, insufficient free regions. Predicted need 4. Curr Eden 2 (Pred 3). Curr Survivor 1 (Pred 1). Curr Old 52 (Pred 0) Free 4 Alloc 1
[2024-10-11T04:22:34.059+0800][debug][gc,ergo,cset] Preventive GC, insufficient free regions. Predicted need 4. Curr Eden 1 (Pred 2). Curr Survivor 1 (Pred 1). Curr Old 54 (Pred 1) Free 3 Alloc 1
[2024-10-11T04:22:34.059+0800][debug][gc,ergo,cset] GC(92) Start adding old regions to collection set. Min 4 regions, max 7 regions, time remaining 49.18ms, optional threshold 9.84ms
[2024-10-11T04:22:34.059+0800][debug][gc,ergo,cset] GC(92) Finish adding old regions to collection set (Maximum number of regions). Initial 7 regions, optional 0 regions
[2024-10-11T04:22:34.059+0800][debug][gc,ergo,cset] GC(92) Finish choosing collection set old regions. Initial: 7, optional: 0, predicted old time: 0.00ms, predicted optional time: 0.00ms, time remaining: 48.68
[2024-10-11T04:22:34.101+0800][debug][gc,ergo,cset] Preventive GC, insufficient free regions. Predicted need 5. Curr Eden 1 (Pred 2). Curr Survivor 1 (Pred 1). Curr Old 52 (Pred 2) Free 5 Alloc 1
[2024-10-11T04:22:34.102+0800][debug][gc,ergo,cset] GC(93) Start adding old regions to collection set. Min 4 regions, max 7 regions, time remaining 49.17ms, optional threshold 9.83ms
[2024-10-11T04:22:34.102+0800][debug][gc,ergo,cset] GC(93) Finish adding old regions to collection set (Maximum number of regions). Initial 7 regions, optional 0 regions
[2024-10-11T04:22:34.102+0800][debug][gc,ergo,cset] GC(93) Finish choosing collection set old regions. Initial: 7, optional: 0, predicted old time: 0.00ms, predicted optional time: 0.00ms, time remaining: 48.39
[2024-10-11T04:22:34.165+0800][debug][gc,ergo,cset] Preventive GC, insufficient free regions. Predicted need 7. Curr Eden 2 (Pred 3). Curr Survivor 1 (Pred 1). Curr Old 50 (Pred 3) Free 6 Alloc 1
[2024-10-11T04:22:34.165+0800][debug][gc,ergo,cset] GC(94) Start adding old regions to collection set. Min 4 regions, max 7 regions, time remaining 48.97ms, optional threshold 9.79ms
[2024-10-11T04:22:34.165+0800][debug][gc,ergo,cset] GC(94) Finish adding old regions to collection set (Maximum number of regions). Initial 7 regions, optional 0 regions
[2024-10-11T04:22:34.165+0800][debug][gc,ergo,cset] GC(94) Finish choosing collection set old regions. Initial: 7, optional: 0, predicted old time: 0.00ms, predicted optional time: 0.00ms, time remaining: 48.03
[2024-10-11T04:22:34.290+0800][debug][gc,ergo,cset] Preventive GC, insufficient free regions. Predicted need 7. Curr Eden 2 (Pred 3). Curr Survivor 1 (Pred 1). Curr Old 48 (Pred 3) Free 7 Alloc 1
[2024-10-11T04:22:34.291+0800][debug][gc,ergo,cset] GC(95) Start adding old regions to collection set. Min 4 regions, max 7 regions, time remaining 48.95ms, optional threshold 9.79ms
[2024-10-11T04:22:34.291+0800][debug][gc,ergo,cset] GC(95) Finish adding old regions to collection set (Maximum number of regions). Initial 7 regions, optional 0 regions
[2024-10-11T04:22:34.291+0800][debug][gc,ergo,cset] GC(95) Finish choosing collection set old regions. Initial: 7, optional: 0, predicted old time: 0.00ms, predicted optional time: 0.00ms, time remaining: 47.80
[2024-10-11T04:22:34.396+0800][debug][gc,ergo,cset] GC(96) Start adding old regions to collection set. Min 4 regions, max 7 regions, time remaining 48.94ms, optional threshold 9.79ms
[2024-10-11T04:22:34.396+0800][debug][gc,ergo,cset] GC(96) Old candidate collection set empty.
[2024-10-11T04:22:34.396+0800][debug][gc,ergo,cset] GC(96) Finish choosing collection set old regions. Initial: 1, optional: 0, predicted old time: 0.00ms, predicted optional time: 0.00ms, time remaining: 48.77
[2024-10-11T04:22:34.510+0800][debug][gc,ergo,cset] GC(98) Pruned 10 regions out of 39, leaving 6038600 bytes waste (allowed 6710886)
[2024-10-11T04:22:34.718+0800][debug][gc,ergo,cset] Preventive GC, insufficient free regions. Predicted need 4. Curr Eden 1 (Pred 2). Curr Survivor 1 (Pred 1). Curr Old 53 (Pred 1) Free 4 Alloc 1
[2024-10-11T04:22:34.718+0800][debug][gc,ergo,cset] GC(100) Start adding old regions to collection set. Min 4 regions, max 7 regions, time remaining 49.17ms, optional threshold 9.83ms
[2024-10-11T04:22:34.718+0800][debug][gc,ergo,cset] GC(100) Finish adding old regions to collection set (Maximum number of regions). Initial 7 regions, optional 0 regions
[2024-10-11T04:22:34.718+0800][debug][gc,ergo,cset] GC(100) Finish choosing collection set old regions. Initial: 7, optional: 0, predicted old time: 0.00ms, predicted optional time: 0.00ms, time remaining: 48.58
[2024-10-11T04:22:34.822+0800][debug][gc,ergo,cset] GC(101) Start adding old regions to collection set. Min 4 regions, max 7 regions, time remaining 48.94ms, optional threshold 9.79ms
[2024-10-11T04:22:34.822+0800][debug][gc,ergo,cset] GC(101) Finish adding old regions to collection set (Maximum number of regions). Initial 7 regions, optional 0 regions
[2024-10-11T04:22:34.822+0800][debug][gc,ergo,cset] GC(101) Finish choosing collection set old regions. Initial: 7, optional: 0, predicted old time: 0.00ms, predicted optional time: 0.00ms, time remaining: 47.90
[2024-10-11T04:22:34.927+0800][debug][gc,ergo,cset] GC(102) Start adding old regions to collection set. Min 4 regions, max 7 regions, time remaining 48.92ms, optional threshold 9.78ms
[2024-10-11T04:22:34.927+0800][debug][gc,ergo,cset] GC(102) Finish adding old regions to collection set (Maximum number of regions). Initial 7 regions, optional 0 regions
[2024-10-11T04:22:34.927+0800][debug][gc,ergo,cset] GC(102) Finish choosing collection set old regions. Initial: 7, optional: 0, predicted old time: 0.00ms, predicted optional time: 0.00ms, time remaining: 47.74
[2024-10-11T04:22:35.031+0800][debug][gc,ergo,cset] GC(103) Start adding old regions to collection set. Min 4 regions, max 7 regions, time remaining 48.91ms, optional threshold 9.78ms
[2024-10-11T04:22:35.031+0800][debug][gc,ergo,cset] GC(103) Finish adding old regions to collection set (Maximum number of regions). Initial 7 regions, optional 0 regions
[2024-10-11T04:22:35.031+0800][debug][gc,ergo,cset] GC(103) Finish choosing collection set old regions. Initial: 7, optional: 0, predicted old time: 0.00ms, predicted optional time: 0.00ms, time remaining: 47.51
[2024-10-11T04:22:35.137+0800][debug][gc,ergo,cset] GC(104) Start adding old regions to collection set. Min 4 regions, max 7 regions, time remaining 48.91ms, optional threshold 9.78ms
[2024-10-11T04:22:35.137+0800][debug][gc,ergo,cset] GC(104) Old candidate collection set empty.
[2024-10-11T04:22:35.137+0800][debug][gc,ergo,cset] GC(104) Finish choosing collection set old regions. Initial: 1, optional: 0, predicted old time: 0.00ms, predicted optional time: 0.00ms, time remaining: 48.71
[2024-10-11T04:22:35.355+0800][debug][gc,ergo,cset] GC(107) Pruned 9 regions out of 37, leaving 6082624 bytes waste (allowed 6710886)
[2024-10-11T04:22:35.604+0800][debug][gc,ergo,cset] Preventive GC, insufficient free regions. Predicted need 5. Curr Eden 2 (Pred 3). Curr Survivor 1 (Pred 1). Curr Old 52 (Pred 1) Free 4 Alloc 1
[2024-10-11T04:22:35.604+0800][debug][gc,ergo,cset] GC(109) Start adding old regions to collection set. Min 4 regions, max 7 regions, time remaining 48.93ms, optional threshold 9.79ms
[2024-10-11T04:22:35.604+0800][debug][gc,ergo,cset] GC(109) Finish adding old regions to collection set (Maximum number of regions). Initial 7 regions, optional 0 regions
[2024-10-11T04:22:35.604+0800][debug][gc,ergo,cset] GC(109) Finish choosing collection set old regions. Initial: 7, optional: 0, predicted old time: 0.00ms, predicted optional time: 0.00ms, time remaining: 48.08
[2024-10-11T04:22:35.708+0800][debug][gc,ergo,cset] Preventive GC, insufficient free regions. Predicted need 6. Curr Eden 2 (Pred 3). Curr Survivor 1 (Pred 1). Curr Old 51 (Pred 2) Free 5 Alloc 1
[2024-10-11T04:22:35.708+0800][debug][gc,ergo,cset] GC(110) Start adding old regions to collection set. Min 4 regions, max 7 regions, time remaining 48.90ms, optional threshold 9.78ms
[2024-10-11T04:22:35.708+0800][debug][gc,ergo,cset] GC(110) Finish adding old regions to collection set (Maximum number of regions). Initial 7 regions, optional 0 regions
[2024-10-11T04:22:35.708+0800][debug][gc,ergo,cset] GC(110) Finish choosing collection set old regions. Initial: 7, optional: 0, predicted old time: 0.00ms, predicted optional time: 0.00ms, time remaining: 47.58
[2024-10-11T04:22:35.772+0800][debug][gc,ergo,cset] Preventive GC, insufficient free regions. Predicted need 6. Curr Eden 1 (Pred 2). Curr Survivor 1 (Pred 1). Curr Old 55 (Pred 3) Free 2 Alloc 1
[2024-10-11T04:22:35.772+0800][debug][gc,ergo,cset] GC(111) Start adding old regions to collection set. Min 4 regions, max 7 regions, time remaining 49.12ms, optional threshold 9.82ms
[2024-10-11T04:22:35.772+0800][debug][gc,ergo,cset] GC(111) Finish adding old regions to collection set (Maximum number of regions). Initial 7 regions, optional 0 regions
[2024-10-11T04:22:35.772+0800][debug][gc,ergo,cset] GC(111) Finish choosing collection set old regions. Initial: 7, optional: 0, predicted old time: 0.00ms, predicted optional time: 0.00ms, time remaining: 47.63
[2024-10-11T04:22:35.815+0800][debug][gc,ergo,cset] GC(112) Start adding old regions to collection set. Min 4 regions, max 7 regions, time remaining 49.12ms, optional threshold 9.82ms
[2024-10-11T04:22:35.815+0800][debug][gc,ergo,cset] GC(112) Old candidate collection set empty.
[2024-10-11T04:22:35.815+0800][debug][gc,ergo,cset] GC(112) Finish choosing collection set old regions. Initial: 7, optional: 0, predicted old time: 0.00ms, predicted optional time: 0.00ms, time remaining: 47.59
[2024-10-11T04:22:36.385+0800][debug][gc,ergo,cset] GC(118) Pruned 10 regions out of 36, leaving 6079800 bytes waste (allowed 6710886)
[2024-10-11T04:22:36.633+0800][debug][gc,ergo,cset] Preventive GC, insufficient free regions. Predicted need 6. Curr Eden 2 (Pred 3). Curr Survivor 1 (Pred 1). Curr Old 50 (Pred 2) Free 6 Alloc 1
[2024-10-11T04:22:36.633+0800][debug][gc,ergo,cset] GC(120) Start adding old regions to collection set. Min 4 regions, max 7 regions, time remaining 48.96ms, optional threshold 9.79ms
[2024-10-11T04:22:36.633+0800][debug][gc,ergo,cset] GC(120) Finish adding old regions to collection set (Maximum number of regions). Initial 7 regions, optional 0 regions
[2024-10-11T04:22:36.633+0800][debug][gc,ergo,cset] GC(120) Finish choosing collection set old regions. Initial: 7, optional: 0, predicted old time: 0.00ms, predicted optional time: 0.00ms, time remaining: 48.00
[2024-10-11T04:22:36.738+0800][debug][gc,ergo,cset] GC(121) Start adding old regions to collection set. Min 4 regions, max 7 regions, time remaining 48.89ms, optional threshold 9.78ms
[2024-10-11T04:22:36.738+0800][debug][gc,ergo,cset] GC(121) Finish adding old regions to collection set (Maximum number of regions). Initial 7 regions, optional 0 regions
[2024-10-11T04:22:36.738+0800][debug][gc,ergo,cset] GC(121) Finish choosing collection set old regions. Initial: 7, optional: 0, predicted old time: 0.00ms, predicted optional time: 0.00ms, time remaining: 47.66
[2024-10-11T04:22:36.842+0800][debug][gc,ergo,cset] GC(122) Start adding old regions to collection set. Min 4 regions, max 7 regions, time remaining 48.89ms, optional threshold 9.78ms
[2024-10-11T04:22:36.842+0800][debug][gc,ergo,cset] GC(122) Finish adding old regions to collection set (Maximum number of regions). Initial 7 regions, optional 0 regions
[2024-10-11T04:22:36.842+0800][debug][gc,ergo,cset] GC(122) Finish choosing collection set old regions. Initial: 7, optional: 0, predicted old time: 0.00ms, predicted optional time: 0.00ms, time remaining: 47.43
[2024-10-11T04:22:36.948+0800][debug][gc,ergo,cset] GC(123) Start adding old regions to collection set. Min 4 regions, max 7 regions, time remaining 48.91ms, optional threshold 9.78ms
[2024-10-11T04:22:36.948+0800][debug][gc,ergo,cset] GC(123) Old candidate collection set empty.
[2024-10-11T04:22:36.948+0800][debug][gc,ergo,cset] GC(123) Finish choosing collection set old regions. Initial: 5, optional: 0, predicted old time: 0.00ms, predicted optional time: 0.00ms, time remaining: 47.91
[2024-10-11T04:22:37.270+0800][debug][gc,ergo,cset] GC(127) Pruned 10 regions out of 41, leaving 6648408 bytes waste (allowed 6710886)
[2024-10-11T04:22:37.415+0800][debug][gc,ergo,cset] Preventive GC, insufficient free regions. Predicted need 4. Curr Eden 2 (Pred 3). Curr Survivor 1 (Pred 1). Curr Old 52 (Pred 0) Free 4 Alloc 1
[2024-10-11T04:22:37.477+0800][debug][gc,ergo,cset] Preventive GC, insufficient free regions. Predicted need 5. Curr Eden 1 (Pred 2). Curr Survivor 1 (Pred 1). Curr Old 54 (Pred 2) Free 3 Alloc 1
[2024-10-11T04:22:37.478+0800][debug][gc,ergo,cset] GC(129) Start adding old regions to collection set. Min 4 regions, max 7 regions, time remaining 49.19ms, optional threshold 9.84ms
[2024-10-11T04:22:37.478+0800][debug][gc,ergo,cset] GC(129) Finish adding old regions to collection set (Maximum number of regions). Initial 7 regions, optional 0 regions
[2024-10-11T04:22:37.478+0800][debug][gc,ergo,cset] GC(129) Finish choosing collection set old regions. Initial: 7, optional: 0, predicted old time: 0.00ms, predicted optional time: 0.00ms, time remaining: 48.40
[2024-10-11T04:22:37.520+0800][debug][gc,ergo,cset] Preventive GC, insufficient free regions. Predicted need 5. Curr Eden 1 (Pred 2). Curr Survivor 1 (Pred 1). Curr Old 53 (Pred 2) Free 4 Alloc 1
[2024-10-11T04:22:37.520+0800][debug][gc,ergo,cset] GC(130) Start adding old regions to collection set. Min 4 regions, max 7 regions, time remaining 49.18ms, optional threshold 9.84ms
[2024-10-11T04:22:37.520+0800][debug][gc,ergo,cset] GC(130) Finish adding old regions to collection set (Maximum number of regions). Initial 7 regions, optional 0 regions
[2024-10-11T04:22:37.520+0800][debug][gc,ergo,cset] GC(130) Finish choosing collection set old regions. Initial: 7, optional: 0, predicted old time: 0.00ms, predicted optional time: 0.00ms, time remaining: 48.10
[2024-10-11T04:22:37.584+0800][debug][gc,ergo,cset] Preventive GC, insufficient free regions. Predicted need 6. Curr Eden 1 (Pred 2). Curr Survivor 1 (Pred 1). Curr Old 55 (Pred 3) Free 2 Alloc 1
[2024-10-11T04:22:37.584+0800][debug][gc,ergo,cset] GC(131) Start adding old regions to collection set. Min 4 regions, max 7 regions, time remaining 48.95ms, optional threshold 9.79ms
[2024-10-11T04:22:37.584+0800][debug][gc,ergo,cset] GC(131) Finish adding old regions to collection set (Maximum number of regions). Initial 7 regions, optional 0 regions
[2024-10-11T04:22:37.584+0800][debug][gc,ergo,cset] GC(131) Finish choosing collection set old regions. Initial: 7, optional: 0, predicted old time: 0.00ms, predicted optional time: 0.00ms, time remaining: 47.83
[2024-10-11T04:22:37.627+0800][debug][gc,ergo,cset] GC(132) Start adding old regions to collection set. Min 4 regions, max 7 regions, time remaining 49.04ms, optional threshold 9.81ms
[2024-10-11T04:22:37.627+0800][debug][gc,ergo,cset] GC(132) Finish adding old regions to collection set (Maximum number of regions). Initial 7 regions, optional 0 regions
[2024-10-11T04:22:37.627+0800][debug][gc,ergo,cset] GC(132) Finish choosing collection set old regions. Initial: 7, optional: 0, predicted old time: 0.00ms, predicted optional time: 0.00ms, time remaining: 47.70
[2024-10-11T04:22:38.238+0800][debug][gc,ergo,cset] GC(139) Pruned 11 regions out of 38, leaving 6392936 bytes waste (allowed 6710886)
[2024-10-11T04:22:38.486+0800][debug][gc,ergo,cset] Preventive GC, insufficient free regions. Predicted need 5. Curr Eden 2 (Pred 3). Curr Survivor 1 (Pred 1). Curr Old 51 (Pred 1) Free 5 Alloc 1
[2024-10-11T04:22:38.486+0800][debug][gc,ergo,cset] GC(141) Start adding old regions to collection set. Min 4 regions, max 7 regions, time remaining 49.02ms, optional threshold 9.80ms
[2024-10-11T04:22:38.486+0800][debug][gc,ergo,cset] GC(141) Finish adding old regions to collection set (Maximum number of regions). Initial 7 regions, optional 0 regions
[2024-10-11T04:22:38.486+0800][debug][gc,ergo,cset] GC(141) Finish choosing collection set old regions. Initial: 7, optional: 0, predicted old time: 0.00ms, predicted optional time: 0.00ms, time remaining: 48.18
[2024-10-11T04:22:38.590+0800][debug][gc,ergo,cset] GC(142) Start adding old regions to collection set. Min 4 regions, max 7 regions, time remaining 48.93ms, optional threshold 9.79ms
[2024-10-11T04:22:38.590+0800][debug][gc,ergo,cset] GC(142) Finish adding old regions to collection set (Maximum number of regions). Initial 7 regions, optional 0 regions
[2024-10-11T04:22:38.590+0800][debug][gc,ergo,cset] GC(142) Finish choosing collection set old regions. Initial: 7, optional: 0, predicted old time: 0.00ms, predicted optional time: 0.00ms, time remaining: 47.85
[2024-10-11T04:22:38.695+0800][debug][gc,ergo,cset] Preventive GC, insufficient free regions. Predicted need 7. Curr Eden 2 (Pred 3). Curr Survivor 1 (Pred 1). Curr Old 48 (Pred 3) Free 7 Alloc 1
[2024-10-11T04:22:38.696+0800][debug][gc,ergo,cset] GC(143) Start adding old regions to collection set. Min 4 regions, max 7 regions, time remaining 48.94ms, optional threshold 9.79ms
[2024-10-11T04:22:38.696+0800][debug][gc,ergo,cset] GC(143) Finish adding old regions to collection set (Maximum number of regions). Initial 7 regions, optional 0 regions
[2024-10-11T04:22:38.696+0800][debug][gc,ergo,cset] GC(143) Finish choosing collection set old regions. Initial: 7, optional: 0, predicted old time: 0.00ms, predicted optional time: 0.00ms, time remaining: 47.69
[2024-10-11T04:22:38.800+0800][debug][gc,ergo,cset] GC(144) Start adding old regions to collection set. Min 4 regions, max 7 regions, time remaining 48.94ms, optional threshold 9.79ms
[2024-10-11T04:22:38.800+0800][debug][gc,ergo,cset] GC(144) Old candidate collection set empty.
[2024-10-11T04:22:38.800+0800][debug][gc,ergo,cset] GC(144) Finish choosing collection set old regions. Initial: 6, optional: 0, predicted old time: 0.00ms, predicted optional time: 0.00ms, time remaining: 47.83
[2024-10-11T04:22:39.122+0800][debug][gc,ergo,cset] GC(148) Pruned 11 regions out of 43, leaving 6118976 bytes waste (allowed 6710886)
[2024-10-11T04:22:39.267+0800][debug][gc,ergo,cset] Preventive GC, insufficient free regions. Predicted need 4. Curr Eden 2 (Pred 3). Curr Survivor 1 (Pred 1). Curr Old 52 (Pred 0) Free 4 Alloc 1
[2024-10-11T04:22:39.331+0800][debug][gc,ergo,cset] Preventive GC, insufficient free regions. Predicted need 4. Curr Eden 1 (Pred 2). Curr Survivor 1 (Pred 1). Curr Old 54 (Pred 1) Free 3 Alloc 1
[2024-10-11T04:22:39.331+0800][debug][gc,ergo,cset] GC(150) Start adding old regions to collection set. Min 4 regions, max 7 regions, time remaining 49.19ms, optional threshold 9.84ms
[2024-10-11T04:22:39.331+0800][debug][gc,ergo,cset] GC(150) Finish adding old regions to collection set (Maximum number of regions). Initial 7 regions, optional 0 regions
[2024-10-11T04:22:39.331+0800][debug][gc,ergo,cset] GC(150) Finish choosing collection set old regions. Initial: 7, optional: 0, predicted old time: 0.00ms, predicted optional time: 0.00ms, time remaining: 48.72
[2024-10-11T04:22:39.435+0800][debug][gc,ergo,cset] GC(151) Start adding old regions to collection set. Min 4 regions, max 7 regions, time remaining 48.96ms, optional threshold 9.79ms
[2024-10-11T04:22:39.435+0800][debug][gc,ergo,cset] GC(151) Finish adding old regions to collection set (Maximum number of regions). Initial 7 regions, optional 0 regions
[2024-10-11T04:22:39.435+0800][debug][gc,ergo,cset] GC(151) Finish choosing collection set old regions. Initial: 7, optional: 0, predicted old time: 0.00ms, predicted optional time: 0.00ms, time remaining: 47.99
[2024-10-11T04:22:39.540+0800][debug][gc,ergo,cset] GC(152) Start adding old regions to collection set. Min 4 regions, max 7 regions, time remaining 48.87ms, optional threshold 9.77ms
[2024-10-11T04:22:39.540+0800][debug][gc,ergo,cset] GC(152) Finish adding old regions to collection set (Maximum number of regions). Initial 7 regions, optional 0 regions
[2024-10-11T04:22:39.540+0800][debug][gc,ergo,cset] GC(152) Finish choosing collection set old regions. Initial: 7, optional: 0, predicted old time: 0.00ms, predicted optional time: 0.00ms, time remaining: 47.72
[2024-10-11T04:22:39.644+0800][debug][gc,ergo,cset] GC(153) Start adding old regions to collection set. Min 4 regions, max 7 regions, time remaining 48.86ms, optional threshold 9.77ms
[2024-10-11T04:22:39.644+0800][debug][gc,ergo,cset] GC(153) Finish adding old regions to collection set (Maximum number of regions). Initial 7 regions, optional 0 regions
[2024-10-11T04:22:39.645+0800][debug][gc,ergo,cset] GC(153) Finish choosing collection set old regions. Initial: 7, optional: 0, predicted old time: 0.00ms, predicted optional time: 0.00ms, time remaining: 47.52
[2024-10-11T04:22:39.750+0800][debug][gc,ergo,cset] GC(154) Start adding old regions to collection set. Min 4 regions, max 7 regions, time remaining 48.89ms, optional threshold 9.78ms
[2024-10-11T04:22:39.750+0800][debug][gc,ergo,cset] GC(154) Old candidate collection set empty.
[2024-10-11T04:22:39.750+0800][debug][gc,ergo,cset] GC(154) Finish choosing collection set old regions. Initial: 4, optional: 0, predicted old time: 0.00ms, predicted optional time: 0.00ms, time remaining: 48.13
[2024-10-11T04:22:40.072+0800][debug][gc,ergo,cset] GC(158) Pruned 10 regions out of 39, leaving 6609808 bytes waste (allowed 6710886)
[2024-10-11T04:22:40.280+0800][debug][gc,ergo,cset] Preventive GC, insufficient free regions. Predicted need 4. Curr Eden 1 (Pred 2). Curr Survivor 1 (Pred 1). Curr Old 53 (Pred 1) Free 4 Alloc 1
[2024-10-11T04:22:40.280+0800][debug][gc,ergo,cset] GC(160) Start adding old regions to collection set. Min 4 regions, max 7 regions, time remaining 49.19ms, optional threshold 9.84ms
[2024-10-11T04:22:40.280+0800][debug][gc,ergo,cset] GC(160) Finish adding old regions to collection set (Maximum number of regions). Initial 7 regions, optional 0 regions
[2024-10-11T04:22:40.280+0800][debug][gc,ergo,cset] GC(160) Finish choosing collection set old regions. Initial: 7, optional: 0, predicted old time: 0.00ms, predicted optional time: 0.00ms, time remaining: 48.62
[2024-10-11T04:22:40.384+0800][debug][gc,ergo,cset] GC(161) Start adding old regions to collection set. Min 4 regions, max 7 regions, time remaining 48.94ms, optional threshold 9.79ms
[2024-10-11T04:22:40.384+0800][debug][gc,ergo,cset] GC(161) Finish adding old regions to collection set (Maximum number of regions). Initial 7 regions, optional 0 regions
[2024-10-11T04:22:40.384+0800][debug][gc,ergo,cset] GC(161) Finish choosing collection set old regions. Initial: 7, optional: 0, predicted old time: 0.00ms, predicted optional time: 0.00ms, time remaining: 48.09
[2024-10-11T04:22:40.489+0800][debug][gc,ergo,cset] GC(162) Start adding old regions to collection set. Min 4 regions, max 7 regions, time remaining 48.91ms, optional threshold 9.78ms
[2024-10-11T04:22:40.489+0800][debug][gc,ergo,cset] GC(162) Finish adding old regions to collection set (Maximum number of regions). Initial 7 regions, optional 0 regions
[2024-10-11T04:22:40.489+0800][debug][gc,ergo,cset] GC(162) Finish choosing collection set old regions. Initial: 7, optional: 0, predicted old time: 0.00ms, predicted optional time: 0.00ms, time remaining: 47.76
[2024-10-11T04:22:40.594+0800][debug][gc,ergo,cset] GC(163) Start adding old regions to collection set. Min 4 regions, max 7 regions, time remaining 48.90ms, optional threshold 9.78ms
[2024-10-11T04:22:40.594+0800][debug][gc,ergo,cset] GC(163) Finish adding old regions to collection set (Maximum number of regions). Initial 7 regions, optional 0 regions
[2024-10-11T04:22:40.594+0800][debug][gc,ergo,cset] GC(163) Finish choosing collection set old regions. Initial: 7, optional: 0, predicted old time: 0.00ms, predicted optional time: 0.00ms, time remaining: 47.64
[2024-10-11T04:22:40.699+0800][debug][gc,ergo,cset] GC(164) Start adding old regions to collection set. Min 4 regions, max 7 regions, time remaining 48.91ms, optional threshold 9.78ms
[2024-10-11T04:22:40.699+0800][debug][gc,ergo,cset] GC(164) Old candidate collection set empty.
[2024-10-11T04:22:40.699+0800][debug][gc,ergo,cset] GC(164) Finish choosing collection set old regions. Initial: 1, optional: 0, predicted old time: 0.00ms, predicted optional time: 0.00ms, time remaining: 48.71
[2024-10-11T04:22:40.835+0800][debug][gc,ergo,cset] GC(167) Pruned 11 regions out of 41, leaving 6197688 bytes waste (allowed 6710886)
[2024-10-11T04:22:41.105+0800][debug][gc,ergo,cset] Preventive GC, insufficient free regions. Predicted need 5. Curr Eden 2 (Pred 3). Curr Survivor 1 (Pred 1). Curr Old 52 (Pred 1) Free 4 Alloc 1
[2024-10-11T04:22:41.105+0800][debug][gc,ergo,cset] GC(169) Start adding old regions to collection set. Min 4 regions, max 7 regions, time remaining 48.99ms, optional threshold 9.80ms
[2024-10-11T04:22:41.105+0800][debug][gc,ergo,cset] GC(169) Finish adding old regions to collection set (Maximum number of regions). Initial 7 regions, optional 0 regions
[2024-10-11T04:22:41.105+0800][debug][gc,ergo,cset] GC(169) Finish choosing collection set old regions. Initial: 7, optional: 0, predicted old time: 0.00ms, predicted optional time: 0.00ms, time remaining: 48.07
[2024-10-11T04:22:41.168+0800][debug][gc,ergo,cset] Preventive GC, insufficient free regions. Predicted need 5. Curr Eden 1 (Pred 2). Curr Survivor 1 (Pred 1). Curr Old 53 (Pred 2) Free 4 Alloc 1
[2024-10-11T04:22:41.168+0800][debug][gc,ergo,cset] GC(170) Start adding old regions to collection set. Min 4 regions, max 7 regions, time remaining 49.12ms, optional threshold 9.82ms
[2024-10-11T04:22:41.168+0800][debug][gc,ergo,cset] GC(170) Finish adding old regions to collection set (Maximum number of regions). Initial 7 regions, optional 0 regions
[2024-10-11T04:22:41.168+0800][debug][gc,ergo,cset] GC(170) Finish choosing collection set old regions. Initial: 7, optional: 0, predicted old time: 0.00ms, predicted optional time: 0.00ms, time remaining: 47.80
[2024-10-11T04:22:41.212+0800][debug][gc,ergo,cset] GC(171) Start adding old regions to collection set. Min 4 regions, max 7 regions, time remaining 49.04ms, optional threshold 9.81ms
[2024-10-11T04:22:41.212+0800][debug][gc,ergo,cset] GC(171) Finish adding old regions to collection set (Maximum number of regions). Initial 7 regions, optional 0 regions
[2024-10-11T04:22:41.212+0800][debug][gc,ergo,cset] GC(171) Finish choosing collection set old regions. Initial: 7, optional: 0, predicted old time: 0.00ms, predicted optional time: 0.00ms, time remaining: 47.74
[2024-10-11T04:22:41.883+0800][debug][gc,ergo,cset] GC(178) Pruned 11 regions out of 40, leaving 6587080 bytes waste (allowed 6710886)
[2024-10-11T04:22:42.131+0800][debug][gc,ergo,cset] Preventive GC, insufficient free regions. Predicted need 5. Curr Eden 2 (Pred 3). Curr Survivor 1 (Pred 1). Curr Old 51 (Pred 1) Free 5 Alloc 1
[2024-10-11T04:22:42.131+0800][debug][gc,ergo,cset] GC(180) Start adding old regions to collection set. Min 4 regions, max 7 regions, time remaining 49.01ms, optional threshold 9.80ms
[2024-10-11T04:22:42.131+0800][debug][gc,ergo,cset] GC(180) Finish adding old regions to collection set (Maximum number of regions). Initial 7 regions, optional 0 regions
[2024-10-11T04:22:42.131+0800][debug][gc,ergo,cset] GC(180) Finish choosing collection set old regions. Initial: 7, optional: 0, predicted old time: 0.00ms, predicted optional time: 0.00ms, time remaining: 48.34
[2024-10-11T04:22:42.236+0800][debug][gc,ergo,cset] GC(181) Start adding old regions to collection set. Min 4 regions, max 7 regions, time remaining 48.98ms, optional threshold 9.80ms
[2024-10-11T04:22:42.236+0800][debug][gc,ergo,cset] GC(181) Finish adding old regions to collection set (Maximum number of regions). Initial 7 regions, optional 0 regions
[2024-10-11T04:22:42.236+0800][debug][gc,ergo,cset] GC(181) Finish choosing collection set old regions. Initial: 7, optional: 0, predicted old time: 0.00ms, predicted optional time: 0.00ms, time remaining: 47.71
[2024-10-11T04:22:42.341+0800][debug][gc,ergo,cset] GC(182) Start adding old regions to collection set. Min 4 regions, max 7 regions, time remaining 48.92ms, optional threshold 9.78ms
[2024-10-11T04:22:42.341+0800][debug][gc,ergo,cset] GC(182) Finish adding old regions to collection set (Maximum number of regions). Initial 7 regions, optional 0 regions
[2024-10-11T04:22:42.341+0800][debug][gc,ergo,cset] GC(182) Finish choosing collection set old regions. Initial: 7, optional: 0, predicted old time: 0.00ms, predicted optional time: 0.00ms, time remaining: 47.56
[2024-10-11T04:22:42.446+0800][debug][gc,ergo,cset] GC(183) Start adding old regions to collection set. Min 4 regions, max 7 regions, time remaining 48.90ms, optional threshold 9.78ms
[2024-10-11T04:22:42.446+0800][debug][gc,ergo,cset] GC(183) Finish adding old regions to collection set (Maximum number of regions). Initial 7 regions, optional 0 regions
[2024-10-11T04:22:42.446+0800][debug][gc,ergo,cset] GC(183) Finish choosing collection set old regions. Initial: 7, optional: 0, predicted old time: 0.00ms, predicted optional time: 0.00ms, time remaining: 47.40
[2024-10-11T04:22:42.551+0800][debug][gc,ergo,cset] GC(184) Start adding old regions to collection set. Min 4 regions, max 7 regions, time remaining 48.94ms, optional threshold 9.79ms
[2024-10-11T04:22:42.551+0800][debug][gc,ergo,cset] GC(184) Old candidate collection set empty.
[2024-10-11T04:22:42.551+0800][debug][gc,ergo,cset] GC(184) Finish choosing collection set old regions. Initial: 1, optional: 0, predicted old time: 0.00ms, predicted optional time: 0.00ms, time remaining: 48.72
[2024-10-11T04:22:42.768+0800][debug][gc,ergo,cset] GC(187) Pruned 12 regions out of 43, leaving 6669568 bytes waste (allowed 6710886)
[2024-10-11T04:22:42.913+0800][debug][gc,ergo,cset] Preventive GC, insufficient free regions. Predicted need 4. Curr Eden 2 (Pred 3). Curr Survivor 1 (Pred 1). Curr Old 52 (Pred 0) Free 4 Alloc 1
[2024-10-11T04:22:42.976+0800][debug][gc,ergo,cset] Preventive GC, insufficient free regions. Predicted need 5. Curr Eden 1 (Pred 2). Curr Survivor 1 (Pred 1). Curr Old 54 (Pred 2) Free 3 Alloc 1
[2024-10-11T04:22:42.976+0800][debug][gc,ergo,cset] GC(189) Start adding old regions to collection set. Min 4 regions, max 7 regions, time remaining 49.18ms, optional threshold 9.84ms
[2024-10-11T04:22:42.976+0800][debug][gc,ergo,cset] GC(189) Finish adding old regions to collection set (Maximum number of regions). Initial 7 regions, optional 0 regions
[2024-10-11T04:22:42.976+0800][debug][gc,ergo,cset] GC(189) Finish choosing collection set old regions. Initial: 7, optional: 0, predicted old time: 0.00ms, predicted optional time: 0.00ms, time remaining: 48.32
[2024-10-11T04:22:43.019+0800][debug][gc,ergo,cset] GC(190) Start adding old regions to collection set. Min 4 regions, max 7 regions, time remaining 49.12ms, optional threshold 9.82ms
[2024-10-11T04:22:43.019+0800][debug][gc,ergo,cset] GC(190) Finish adding old regions to collection set (Maximum number of regions). Initial 7 regions, optional 0 regions
[2024-10-11T04:22:43.019+0800][debug][gc,ergo,cset] GC(190) Finish choosing collection set old regions. Initial: 7, optional: 0, predicted old time: 0.00ms, predicted optional time: 0.00ms, time remaining: 47.91
[2024-10-11T04:22:43.691+0800][debug][gc,ergo,cset] GC(197) Pruned 10 regions out of 34, leaving 6060936 bytes waste (allowed 6710886)
[2024-10-11T04:22:43.939+0800][debug][gc,ergo,cset] GC(199) Start adding old regions to collection set. Min 3 regions, max 7 regions, time remaining 48.99ms, optional threshold 9.80ms
[2024-10-11T04:22:43.940+0800][debug][gc,ergo,cset] GC(199) Finish adding old regions to collection set (Maximum number of regions). Initial 7 regions, optional 0 regions
[2024-10-11T04:22:43.940+0800][debug][gc,ergo,cset] GC(199) Finish choosing collection set old regions. Initial: 7, optional: 0, predicted old time: 0.00ms, predicted optional time: 0.00ms, time remaining: 48.21
[2024-10-11T04:22:44.044+0800][debug][gc,ergo,cset] GC(200) Start adding old regions to collection set. Min 3 regions, max 7 regions, time remaining 48.95ms, optional threshold 9.79ms
[2024-10-11T04:22:44.044+0800][debug][gc,ergo,cset] GC(200) Finish adding old regions to collection set (Maximum number of regions). Initial 7 regions, optional 0 regions
[2024-10-11T04:22:44.044+0800][debug][gc,ergo,cset] GC(200) Finish choosing collection set old regions. Initial: 7, optional: 0, predicted old time: 0.00ms, predicted optional time: 0.00ms, time remaining: 47.61
[2024-10-11T04:22:44.148+0800][debug][gc,ergo,cset] GC(201) Start adding old regions to collection set. Min 3 regions, max 7 regions, time remaining 48.93ms, optional threshold 9.79ms
[2024-10-11T04:22:44.149+0800][debug][gc,ergo,cset] GC(201) Finish adding old regions to collection set (Maximum number of regions). Initial 7 regions, optional 0 regions
[2024-10-11T04:22:44.149+0800][debug][gc,ergo,cset] GC(201) Finish choosing collection set old regions. Initial: 7, optional: 0, predicted old time: 0.00ms, predicted optional time: 0.00ms, time remaining: 47.63
[2024-10-11T04:22:44.253+0800][debug][gc,ergo,cset] GC(202) Start adding old regions to collection set. Min 3 regions, max 7 regions, time remaining 48.94ms, optional threshold 9.79ms
[2024-10-11T04:22:44.253+0800][debug][gc,ergo,cset] GC(202) Old candidate collection set empty.
[2024-10-11T04:22:44.253+0800][debug][gc,ergo,cset] GC(202) Finish choosing collection set old regions. Initial: 3, optional: 0, predicted old time: 0.00ms, predicted optional time: 0.00ms, time remaining: 48.28
[2024-10-11T04:22:44.575+0800][debug][gc,ergo,cset] GC(206) Pruned 11 regions out of 42, leaving 6213192 bytes waste (allowed 6710886)
[2024-10-11T04:22:44.720+0800][debug][gc,ergo,cset] Preventive GC, insufficient free regions. Predicted need 4. Curr Eden 2 (Pred 3). Curr Survivor 1 (Pred 1). Curr Old 52 (Pred 0) Free 4 Alloc 1
[2024-10-11T04:22:44.782+0800][debug][gc,ergo,cset] Preventive GC, insufficient free regions. Predicted need 4. Curr Eden 1 (Pred 2). Curr Survivor 1 (Pred 1). Curr Old 54 (Pred 1) Free 3 Alloc 1
[2024-10-11T04:22:44.783+0800][debug][gc,ergo,cset] GC(208) Start adding old regions to collection set. Min 4 regions, max 7 regions, time remaining 49.20ms, optional threshold 9.84ms
[2024-10-11T04:22:44.783+0800][debug][gc,ergo,cset] GC(208) Finish adding old regions to collection set (Maximum number of regions). Initial 7 regions, optional 0 regions
[2024-10-11T04:22:44.783+0800][debug][gc,ergo,cset] GC(208) Finish choosing collection set old regions. Initial: 7, optional: 0, predicted old time: 0.00ms, predicted optional time: 0.00ms, time remaining: 48.60
[2024-10-11T04:22:44.887+0800][debug][gc,ergo,cset] Preventive GC, insufficient free regions. Predicted need 6. Curr Eden 2 (Pred 3). Curr Survivor 1 (Pred 1). Curr Old 51 (Pred 2) Free 5 Alloc 1
[2024-10-11T04:22:44.887+0800][debug][gc,ergo,cset] GC(209) Start adding old regions to collection set. Min 4 regions, max 7 regions, time remaining 48.97ms, optional threshold 9.79ms
[2024-10-11T04:22:44.887+0800][debug][gc,ergo,cset] GC(209) Finish adding old regions to collection set (Maximum number of regions). Initial 7 regions, optional 0 regions
[2024-10-11T04:22:44.887+0800][debug][gc,ergo,cset] GC(209) Finish choosing collection set old regions. Initial: 7, optional: 0, predicted old time: 0.00ms, predicted optional time: 0.00ms, time remaining: 47.98
[2024-10-11T04:22:44.950+0800][debug][gc,ergo,cset] Preventive GC, insufficient free regions. Predicted need 5. Curr Eden 1 (Pred 2). Curr Survivor 1 (Pred 1). Curr Old 54 (Pred 2) Free 3 Alloc 1
[2024-10-11T04:22:44.951+0800][debug][gc,ergo,cset] GC(210) Start adding old regions to collection set. Min 4 regions, max 7 regions, time remaining 49.15ms, optional threshold 9.83ms
[2024-10-11T04:22:44.951+0800][debug][gc,ergo,cset] GC(210) Finish adding old regions to collection set (Maximum number of regions). Initial 7 regions, optional 0 regions
[2024-10-11T04:22:44.951+0800][debug][gc,ergo,cset] GC(210) Finish choosing collection set old regions. Initial: 7, optional: 0, predicted old time: 0.00ms, predicted optional time: 0.00ms, time remaining: 47.92
[2024-10-11T04:22:44.994+0800][debug][gc,ergo,cset] GC(211) Start adding old regions to collection set. Min 4 regions, max 7 regions, time remaining 49.13ms, optional threshold 9.83ms
[2024-10-11T04:22:44.994+0800][debug][gc,ergo,cset] GC(211) Finish adding old regions to collection set (Maximum number of regions). Initial 7 regions, optional 0 regions
[2024-10-11T04:22:44.994+0800][debug][gc,ergo,cset] GC(211) Finish choosing collection set old regions. Initial: 7, optional: 0, predicted old time: 0.00ms, predicted optional time: 0.00ms, time remaining: 47.92
[2024-10-11T04:22:45.563+0800][debug][gc,ergo,cset] GC(217) Pruned 11 regions out of 32, leaving 6671192 bytes waste (allowed 6710886)
[2024-10-11T04:22:45.811+0800][debug][gc,ergo,cset] GC(219) Start adding old regions to collection set. Min 3 regions, max 7 regions, time remaining 49.00ms, optional threshold 9.80ms
[2024-10-11T04:22:45.811+0800][debug][gc,ergo,cset] GC(219) Finish adding old regions to collection set (Maximum number of regions). Initial 7 regions, optional 0 regions
[2024-10-11T04:22:45.811+0800][debug][gc,ergo,cset] GC(219) Finish choosing collection set old regions. Initial: 7, optional: 0, predicted old time: 0.00ms, predicted optional time: 0.00ms, time remaining: 48.21
[2024-10-11T04:22:45.915+0800][debug][gc,ergo,cset] GC(220) Start adding old regions to collection set. Min 3 regions, max 7 regions, time remaining 48.96ms, optional threshold 9.79ms
[2024-10-11T04:22:45.915+0800][debug][gc,ergo,cset] GC(220) Finish adding old regions to collection set (Maximum number of regions). Initial 7 regions, optional 0 regions
[2024-10-11T04:22:45.915+0800][debug][gc,ergo,cset] GC(220) Finish choosing collection set old regions. Initial: 7, optional: 0, predicted old time: 0.00ms, predicted optional time: 0.00ms, time remaining: 47.81
[2024-10-11T04:22:46.020+0800][debug][gc,ergo,cset] GC(221) Start adding old regions to collection set. Min 3 regions, max 7 regions, time remaining 48.93ms, optional threshold 9.79ms
[2024-10-11T04:22:46.020+0800][debug][gc,ergo,cset] GC(221) Old candidate collection set empty.
[2024-10-11T04:22:46.020+0800][debug][gc,ergo,cset] GC(221) Finish choosing collection set old regions. Initial: 7, optional: 0, predicted old time: 0.00ms, predicted optional time: 0.00ms, time remaining: 47.46
[2024-10-11T04:22:46.343+0800][debug][gc,ergo,cset] GC(225) Pruned 10 regions out of 35, leaving 6515800 bytes waste (allowed 6710886)
[2024-10-11T04:22:46.591+0800][debug][gc,ergo,cset] Preventive GC, insufficient free regions. Predicted need 5. Curr Eden 2 (Pred 3). Curr Survivor 1 (Pred 1). Curr Old 52 (Pred 1) Free 4 Alloc 1
[2024-10-11T04:22:46.591+0800][debug][gc,ergo,cset] GC(227) Start adding old regions to collection set. Min 4 regions, max 7 regions, time remaining 49.00ms, optional threshold 9.80ms
[2024-10-11T04:22:46.591+0800][debug][gc,ergo,cset] GC(227) Finish adding old regions to collection set (Maximum number of regions). Initial 7 regions, optional 0 regions
[2024-10-11T04:22:46.591+0800][debug][gc,ergo,cset] GC(227) Finish choosing collection set old regions. Initial: 7, optional: 0, predicted old time: 0.00ms, predicted optional time: 0.00ms, time remaining: 48.34
[2024-10-11T04:22:46.695+0800][debug][gc,ergo,cset] Preventive GC, insufficient free regions. Predicted need 6. Curr Eden 2 (Pred 3). Curr Survivor 1 (Pred 1). Curr Old 51 (Pred 2) Free 5 Alloc 1
[2024-10-11T04:22:46.696+0800][debug][gc,ergo,cset] GC(228) Start adding old regions to collection set. Min 4 regions, max 7 regions, time remaining 48.97ms, optional threshold 9.79ms
[2024-10-11T04:22:46.696+0800][debug][gc,ergo,cset] GC(228) Finish adding old regions to collection set (Maximum number of regions). Initial 7 regions, optional 0 regions
[2024-10-11T04:22:46.696+0800][debug][gc,ergo,cset] GC(228) Finish choosing collection set old regions. Initial: 7, optional: 0, predicted old time: 0.00ms, predicted optional time: 0.00ms, time remaining: 48.07
[2024-10-11T04:22:46.759+0800][debug][gc,ergo,cset] Preventive GC, insufficient free regions. Predicted need 6. Curr Eden 1 (Pred 2). Curr Survivor 1 (Pred 1). Curr Old 55 (Pred 3) Free 2 Alloc 1
[2024-10-11T04:22:46.759+0800][debug][gc,ergo,cset] GC(229) Start adding old regions to collection set. Min 4 regions, max 7 regions, time remaining 49.19ms, optional threshold 9.84ms
[2024-10-11T04:22:46.759+0800][debug][gc,ergo,cset] GC(229) Finish adding old regions to collection set (Maximum number of regions). Initial 7 regions, optional 0 regions
[2024-10-11T04:22:46.759+0800][debug][gc,ergo,cset] GC(229) Finish choosing collection set old regions. Initial: 7, optional: 0, predicted old time: 0.00ms, predicted optional time: 0.00ms, time remaining: 48.06
[2024-10-11T04:22:46.802+0800][debug][gc,ergo,cset] GC(230) Start adding old regions to collection set. Min 4 regions, max 7 regions, time remaining 49.18ms, optional threshold 9.84ms
[2024-10-11T04:22:46.802+0800][debug][gc,ergo,cset] GC(230) Old candidate collection set empty.
[2024-10-11T04:22:46.802+0800][debug][gc,ergo,cset] GC(230) Finish choosing collection set old regions. Initial: 4, optional: 0, predicted old time: 0.00ms, predicted optional time: 0.00ms, time remaining: 48.49
[2024-10-11T04:22:47.416+0800][debug][gc,ergo,cset] GC(237) Pruned 9 regions out of 36, leaving 6125952 bytes waste (allowed 6710886)
[2024-10-11T04:22:47.624+0800][debug][gc,ergo,cset] Preventive GC, insufficient free regions. Predicted need 5. Curr Eden 1 (Pred 2). Curr Survivor 1 (Pred 1). Curr Old 51 (Pred 2) Free 5 Alloc 1
[2024-10-11T04:22:47.624+0800][debug][gc,ergo,cset] GC(239) Start adding old regions to collection set. Min 4 regions, max 7 regions, time remaining 49.21ms, optional threshold 9.84ms
[2024-10-11T04:22:47.624+0800][debug][gc,ergo,cset] GC(239) Finish adding old regions to collection set (Maximum number of regions). Initial 7 regions, optional 0 regions
[2024-10-11T04:22:47.624+0800][debug][gc,ergo,cset] GC(239) Finish choosing collection set old regions. Initial: 7, optional: 0, predicted old time: 0.00ms, predicted optional time: 0.00ms, time remaining: 48.49
[2024-10-11T04:22:47.728+0800][debug][gc,ergo,cset] GC(240) Start adding old regions to collection set. Min 4 regions, max 7 regions, time remaining 48.95ms, optional threshold 9.79ms
[2024-10-11T04:22:47.728+0800][debug][gc,ergo,cset] GC(240) Finish adding old regions to collection set (Maximum number of regions). Initial 7 regions, optional 0 regions
[2024-10-11T04:22:47.728+0800][debug][gc,ergo,cset] GC(240) Finish choosing collection set old regions. Initial: 7, optional: 0, predicted old time: 0.00ms, predicted optional time: 0.00ms, time remaining: 47.92
[2024-10-11T04:22:47.833+0800][debug][gc,ergo,cset] GC(241) Start adding old regions to collection set. Min 4 regions, max 7 regions, time remaining 48.91ms, optional threshold 9.78ms
[2024-10-11T04:22:47.833+0800][debug][gc,ergo,cset] GC(241) Finish adding old regions to collection set (Maximum number of regions). Initial 7 regions, optional 0 regions
[2024-10-11T04:22:47.833+0800][debug][gc,ergo,cset] GC(241) Finish choosing collection set old regions. Initial: 7, optional: 0, predicted old time: 0.00ms, predicted optional time: 0.00ms, time remaining: 47.70
[2024-10-11T04:22:47.938+0800][debug][gc,ergo,cset] GC(242) Start adding old regions to collection set. Min 4 regions, max 7 regions, time remaining 48.91ms, optional threshold 9.78ms
[2024-10-11T04:22:47.938+0800][debug][gc,ergo,cset] GC(242) Old candidate collection set empty.
[2024-10-11T04:22:47.938+0800][debug][gc,ergo,cset] GC(242) Finish choosing collection set old regions. Initial: 6, optional: 0, predicted old time: 0.00ms, predicted optional time: 0.00ms, time remaining: 47.69
[2024-10-11T04:22:48.261+0800][debug][gc,ergo,cset] GC(246) Pruned 9 regions out of 38, leaving 6140024 bytes waste (allowed 6710886)
[2024-10-11T04:22:48.468+0800][debug][gc,ergo,cset] Preventive GC, insufficient free regions. Predicted need 4. Curr Eden 1 (Pred 2). Curr Survivor 1 (Pred 1). Curr Old 53 (Pred 1) Free 4 Alloc 1
[2024-10-11T04:22:48.468+0800][debug][gc,ergo,cset] GC(248) Start adding old regions to collection set. Min 4 regions, max 7 regions, time remaining 49.19ms, optional threshold 9.84ms
[2024-10-11T04:22:48.468+0800][debug][gc,ergo,cset] GC(248) Finish adding old regions to collection set (Maximum number of regions). Initial 7 regions, optional 0 regions
[2024-10-11T04:22:48.468+0800][debug][gc,ergo,cset] GC(248) Finish choosing collection set old regions. Initial: 7, optional: 0, predicted old time: 0.00ms, predicted optional time: 0.00ms, time remaining: 48.70
[2024-10-11T04:22:48.572+0800][debug][gc,ergo,cset] GC(249) Start adding old regions to collection set. Min 4 regions, max 7 regions, time remaining 48.96ms, optional threshold 9.79ms
[2024-10-11T04:22:48.572+0800][debug][gc,ergo,cset] GC(249) Finish adding old regions to collection set (Maximum number of regions). Initial 7 regions, optional 0 regions
[2024-10-11T04:22:48.572+0800][debug][gc,ergo,cset] GC(249) Finish choosing collection set old regions. Initial: 7, optional: 0, predicted old time: 0.00ms, predicted optional time: 0.00ms, time remaining: 48.07
[2024-10-11T04:22:48.677+0800][debug][gc,ergo,cset] GC(250) Start adding old regions to collection set. Min 4 regions, max 7 regions, time remaining 48.89ms, optional threshold 9.78ms
[2024-10-11T04:22:48.677+0800][debug][gc,ergo,cset] GC(250) Finish adding old regions to collection set (Maximum number of regions). Initial 7 regions, optional 0 regions
[2024-10-11T04:22:48.677+0800][debug][gc,ergo,cset] GC(250) Finish choosing collection set old regions. Initial: 7, optional: 0, predicted old time: 0.00ms, predicted optional time: 0.00ms, time remaining: 47.64
[2024-10-11T04:22:48.782+0800][debug][gc,ergo,cset] GC(251) Start adding old regions to collection set. Min 4 regions, max 7 regions, time remaining 48.90ms, optional threshold 9.78ms
[2024-10-11T04:22:48.782+0800][debug][gc,ergo,cset] GC(251) Finish adding old regions to collection set (Maximum number of regions). Initial 7 regions, optional 0 regions
[2024-10-11T04:22:48.782+0800][debug][gc,ergo,cset] GC(251) Finish choosing collection set old regions. Initial: 7, optional: 0, predicted old time: 0.00ms, predicted optional time: 0.00ms, time remaining: 47.61
[2024-10-11T04:22:48.887+0800][debug][gc,ergo,cset] GC(252) Start adding old regions to collection set. Min 4 regions, max 7 regions, time remaining 48.91ms, optional threshold 9.78ms
[2024-10-11T04:22:48.887+0800][debug][gc,ergo,cset] GC(252) Old candidate collection set empty.
[2024-10-11T04:22:48.887+0800][debug][gc,ergo,cset] GC(252) Finish choosing collection set old regions. Initial: 1, optional: 0, predicted old time: 0.00ms, predicted optional time: 0.00ms, time remaining: 48.70
[2024-10-11T04:22:49.105+0800][debug][gc,ergo,cset] GC(255) Pruned 11 regions out of 43, leaving 6205856 bytes waste (allowed 6710886)
[2024-10-11T04:22:49.249+0800][debug][gc,ergo,cset] Preventive GC, insufficient free regions. Predicted need 4. Curr Eden 2 (Pred 3). Curr Survivor 1 (Pred 1). Curr Old 53 (Pred 0) Free 3 Alloc 1
[2024-10-11T04:22:49.312+0800][debug][gc,ergo,cset] Preventive GC, insufficient free regions. Predicted need 5. Curr Eden 1 (Pred 2). Curr Survivor 1 (Pred 1). Curr Old 55 (Pred 2) Free 2 Alloc 1
[2024-10-11T04:22:49.312+0800][debug][gc,ergo,cset] GC(257) Start adding old regions to collection set. Min 4 regions, max 7 regions, time remaining 49.19ms, optional threshold 9.84ms
[2024-10-11T04:22:49.312+0800][debug][gc,ergo,cset] GC(257) Finish adding old regions to collection set (Maximum number of regions). Initial 7 regions, optional 0 regions
[2024-10-11T04:22:49.312+0800][debug][gc,ergo,cset] GC(257) Finish choosing collection set old regions. Initial: 7, optional: 0, predicted old time: 0.00ms, predicted optional time: 0.00ms, time remaining: 48.46
[2024-10-11T04:22:49.355+0800][debug][gc,ergo,cset] Preventive GC, insufficient free regions. Predicted need 5. Curr Eden 1 (Pred 2). Curr Survivor 1 (Pred 1). Curr Old 54 (Pred 2) Free 3 Alloc 1
[2024-10-11T04:22:49.355+0800][debug][gc,ergo,cset] GC(258) Start adding old regions to collection set. Min 4 regions, max 7 regions, time remaining 49.18ms, optional threshold 9.84ms
[2024-10-11T04:22:49.355+0800][debug][gc,ergo,cset] GC(258) Finish adding old regions to collection set (Maximum number of regions). Initial 7 regions, optional 0 regions
[2024-10-11T04:22:49.355+0800][debug][gc,ergo,cset] GC(258) Finish choosing collection set old regions. Initial: 7, optional: 0, predicted old time: 0.00ms, predicted optional time: 0.00ms, time remaining: 48.22
[2024-10-11T04:22:49.418+0800][debug][gc,ergo,cset] Preventive GC, insufficient free regions. Predicted need 5. Curr Eden 1 (Pred 2). Curr Survivor 1 (Pred 1). Curr Old 55 (Pred 2) Free 2 Alloc 1
[2024-10-11T04:22:49.418+0800][debug][gc,ergo,cset] GC(259) Start adding old regions to collection set. Min 4 regions, max 7 regions, time remaining 49.17ms, optional threshold 9.83ms
[2024-10-11T04:22:49.418+0800][debug][gc,ergo,cset] GC(259) Finish adding old regions to collection set (Maximum number of regions). Initial 7 regions, optional 0 regions
[2024-10-11T04:22:49.418+0800][debug][gc,ergo,cset] GC(259) Finish choosing collection set old regions. Initial: 7, optional: 0, predicted old time: 0.00ms, predicted optional time: 0.00ms, time remaining: 47.97
[2024-10-11T04:22:49.461+0800][debug][gc,ergo,cset] GC(260) Start adding old regions to collection set. Min 4 regions, max 7 regions, time remaining 49.09ms, optional threshold 9.82ms
[2024-10-11T04:22:49.461+0800][debug][gc,ergo,cset] GC(260) Finish adding old regions to collection set (Maximum number of regions). Initial 7 regions, optional 0 regions
[2024-10-11T04:22:49.461+0800][debug][gc,ergo,cset] GC(260) Finish choosing collection set old regions. Initial: 7, optional: 0, predicted old time: 0.00ms, predicted optional time: 0.00ms, time remaining: 47.74
[2024-10-11T04:22:50.072+0800][debug][gc,ergo,cset] GC(267) Pruned 11 regions out of 36, leaving 6524656 bytes waste (allowed 6710886)
[2024-10-11T04:22:50.319+0800][debug][gc,ergo,cset] Preventive GC, insufficient free regions. Predicted need 5. Curr Eden 2 (Pred 3). Curr Survivor 1 (Pred 1). Curr Old 51 (Pred 1) Free 5 Alloc 1
[2024-10-11T04:22:50.319+0800][debug][gc,ergo,cset] GC(269) Start adding old regions to collection set. Min 4 regions, max 7 regions, time remaining 49.02ms, optional threshold 9.80ms
[2024-10-11T04:22:50.319+0800][debug][gc,ergo,cset] GC(269) Finish adding old regions to collection set (Maximum number of regions). Initial 7 regions, optional 0 regions
[2024-10-11T04:22:50.319+0800][debug][gc,ergo,cset] GC(269) Finish choosing collection set old regions. Initial: 7, optional: 0, predicted old time: 0.00ms, predicted optional time: 0.00ms, time remaining: 48.37
[2024-10-11T04:22:50.423+0800][debug][gc,ergo,cset] GC(270) Start adding old regions to collection set. Min 4 regions, max 7 regions, time remaining 48.95ms, optional threshold 9.79ms
[2024-10-11T04:22:50.423+0800][debug][gc,ergo,cset] GC(270) Finish adding old regions to collection set (Maximum number of regions). Initial 7 regions, optional 0 regions
[2024-10-11T04:22:50.423+0800][debug][gc,ergo,cset] GC(270) Finish choosing collection set old regions. Initial: 7, optional: 0, predicted old time: 0.00ms, predicted optional time: 0.00ms, time remaining: 47.82
[2024-10-11T04:22:50.528+0800][debug][gc,ergo,cset] GC(271) Start adding old regions to collection set. Min 4 regions, max 7 regions, time remaining 48.94ms, optional threshold 9.79ms
[2024-10-11T04:22:50.528+0800][debug][gc,ergo,cset] GC(271) Finish adding old regions to collection set (Maximum number of regions). Initial 7 regions, optional 0 regions
[2024-10-11T04:22:50.528+0800][debug][gc,ergo,cset] GC(271) Finish choosing collection set old regions. Initial: 7, optional: 0, predicted old time: 0.00ms, predicted optional time: 0.00ms, time remaining: 47.68
[2024-10-11T04:22:50.633+0800][debug][gc,ergo,cset] GC(272) Start adding old regions to collection set. Min 4 regions, max 7 regions, time remaining 48.93ms, optional threshold 9.79ms
[2024-10-11T04:22:50.633+0800][debug][gc,ergo,cset] GC(272) Old candidate collection set empty.
[2024-10-11T04:22:50.633+0800][debug][gc,ergo,cset] GC(272) Finish choosing collection set old regions. Initial: 4, optional: 0, predicted old time: 0.00ms, predicted optional time: 0.00ms, time remaining: 48.17
[2024-10-11T04:22:50.955+0800][debug][gc,ergo,cset] GC(276) Pruned 9 regions out of 37, leaving 6527992 bytes waste (allowed 6710886)
[2024-10-11T04:22:51.162+0800][debug][gc,ergo,cset] Preventive GC, insufficient free regions. Predicted need 4. Curr Eden 1 (Pred 2). Curr Survivor 1 (Pred 1). Curr Old 53 (Pred 1) Free 4 Alloc 1
[2024-10-11T04:22:51.162+0800][debug][gc,ergo,cset] GC(278) Start adding old regions to collection set. Min 4 regions, max 7 regions, time remaining 49.18ms, optional threshold 9.84ms
[2024-10-11T04:22:51.163+0800][debug][gc,ergo,cset] GC(278) Finish adding old regions to collection set (Maximum number of regions). Initial 7 regions, optional 0 regions
[2024-10-11T04:22:51.163+0800][debug][gc,ergo,cset] GC(278) Finish choosing collection set old regions. Initial: 7, optional: 0, predicted old time: 0.00ms, predicted optional time: 0.00ms, time remaining: 48.66
[2024-10-11T04:22:51.266+0800][debug][gc,ergo,cset] GC(279) Start adding old regions to collection set. Min 4 regions, max 7 regions, time remaining 48.93ms, optional threshold 9.79ms
[2024-10-11T04:22:51.266+0800][debug][gc,ergo,cset] GC(279) Finish adding old regions to collection set (Maximum number of regions). Initial 7 regions, optional 0 regions
[2024-10-11T04:22:51.266+0800][debug][gc,ergo,cset] GC(279) Finish choosing collection set old regions. Initial: 7, optional: 0, predicted old time: 0.00ms, predicted optional time: 0.00ms, time remaining: 47.98
[2024-10-11T04:22:51.371+0800][debug][gc,ergo,cset] GC(280) Start adding old regions to collection set. Min 4 regions, max 7 regions, time remaining 48.92ms, optional threshold 9.78ms
[2024-10-11T04:22:51.371+0800][debug][gc,ergo,cset] GC(280) Finish adding old regions to collection set (Maximum number of regions). Initial 7 regions, optional 0 regions
[2024-10-11T04:22:51.371+0800][debug][gc,ergo,cset] GC(280) Finish choosing collection set old regions. Initial: 7, optional: 0, predicted old time: 0.00ms, predicted optional time: 0.00ms, time remaining: 47.76
[2024-10-11T04:22:51.475+0800][debug][gc,ergo,cset] GC(281) Start adding old regions to collection set. Min 4 regions, max 7 regions, time remaining 48.93ms, optional threshold 9.79ms
[2024-10-11T04:22:51.475+0800][debug][gc,ergo,cset] GC(281) Old candidate collection set empty.
[2024-10-11T04:22:51.475+0800][debug][gc,ergo,cset] GC(281) Finish choosing collection set old regions. Initial: 7, optional: 0, predicted old time: 0.00ms, predicted optional time: 0.00ms, time remaining: 47.58
[2024-10-11T04:22:51.798+0800][debug][gc,ergo,cset] GC(285) Pruned 12 regions out of 39, leaving 6634032 bytes waste (allowed 6710886)
[2024-10-11T04:22:52.005+0800][debug][gc,ergo,cset] Preventive GC, insufficient free regions. Predicted need 5. Curr Eden 2 (Pred 3). Curr Survivor 1 (Pred 1). Curr Old 51 (Pred 1) Free 5 Alloc 1
[2024-10-11T04:22:52.005+0800][debug][gc,ergo,cset] GC(287) Start adding old regions to collection set. Min 4 regions, max 7 regions, time remaining 49.01ms, optional threshold 9.80ms
[2024-10-11T04:22:52.005+0800][debug][gc,ergo,cset] GC(287) Finish adding old regions to collection set (Maximum number of regions). Initial 7 regions, optional 0 regions
[2024-10-11T04:22:52.005+0800][debug][gc,ergo,cset] GC(287) Finish choosing collection set old regions. Initial: 7, optional: 0, predicted old time: 0.00ms, predicted optional time: 0.00ms, time remaining: 48.45
[2024-10-11T04:22:52.130+0800][debug][gc,ergo,cset] GC(288) Start adding old regions to collection set. Min 4 regions, max 7 regions, time remaining 48.98ms, optional threshold 9.80ms
[2024-10-11T04:22:52.130+0800][debug][gc,ergo,cset] GC(288) Finish adding old regions to collection set (Maximum number of regions). Initial 7 regions, optional 0 regions
[2024-10-11T04:22:52.130+0800][debug][gc,ergo,cset] GC(288) Finish choosing collection set old regions. Initial: 7, optional: 0, predicted old time: 0.00ms, predicted optional time: 0.00ms, time remaining: 48.01
[2024-10-11T04:22:52.235+0800][debug][gc,ergo,cset] GC(289) Start adding old regions to collection set. Min 4 regions, max 7 regions, time remaining 48.96ms, optional threshold 9.79ms
[2024-10-11T04:22:52.235+0800][debug][gc,ergo,cset] GC(289) Finish adding old regions to collection set (Maximum number of regions). Initial 7 regions, optional 0 regions
[2024-10-11T04:22:52.235+0800][debug][gc,ergo,cset] GC(289) Finish choosing collection set old regions. Initial: 7, optional: 0, predicted old time: 0.00ms, predicted optional time: 0.00ms, time remaining: 47.83
[2024-10-11T04:22:52.340+0800][debug][gc,ergo,cset] GC(290) Start adding old regions to collection set. Min 4 regions, max 7 regions, time remaining 48.93ms, optional threshold 9.79ms
[2024-10-11T04:22:52.340+0800][debug][gc,ergo,cset] GC(290) Old candidate collection set empty.
[2024-10-11T04:22:52.340+0800][debug][gc,ergo,cset] GC(290) Finish choosing collection set old regions. Initial: 6, optional: 0, predicted old time: 0.00ms, predicted optional time: 0.00ms, time remaining: 47.73
[2024-10-11T04:22:52.663+0800][debug][gc,ergo,cset] GC(294) Pruned 12 regions out of 41, leaving 6643584 bytes waste (allowed 6710886)
[2024-10-11T04:22:52.869+0800][debug][gc,ergo,cset] Preventive GC, insufficient free regions. Predicted need 5. Curr Eden 1 (Pred 2). Curr Survivor 1 (Pred 1). Curr Old 52 (Pred 2) Free 5 Alloc 1
[2024-10-11T04:22:52.869+0800][debug][gc,ergo,cset] GC(296) Start adding old regions to collection set. Min 4 regions, max 7 regions, time remaining 49.18ms, optional threshold 9.84ms
[2024-10-11T04:22:52.869+0800][debug][gc,ergo,cset] GC(296) Finish adding old regions to collection set (Maximum number of regions). Initial 7 regions, optional 0 regions
[2024-10-11T04:22:52.870+0800][debug][gc,ergo,cset] GC(296) Finish choosing collection set old regions. Initial: 7, optional: 0, predicted old time: 0.00ms, predicted optional time: 0.00ms, time remaining: 48.56
[2024-10-11T04:22:52.974+0800][debug][gc,ergo,cset] GC(297) Start adding old regions to collection set. Min 4 regions, max 7 regions, time remaining 48.94ms, optional threshold 9.79ms
[2024-10-11T04:22:52.974+0800][debug][gc,ergo,cset] GC(297) Finish adding old regions to collection set (Maximum number of regions). Initial 7 regions, optional 0 regions
[2024-10-11T04:22:52.974+0800][debug][gc,ergo,cset] GC(297) Finish choosing collection set old regions. Initial: 7, optional: 0, predicted old time: 0.00ms, predicted optional time: 0.00ms, time remaining: 48.01
[2024-10-11T04:22:53.078+0800][debug][gc,ergo,cset] GC(298) Start adding old regions to collection set. Min 4 regions, max 7 regions, time remaining 48.92ms, optional threshold 9.78ms
[2024-10-11T04:22:53.078+0800][debug][gc,ergo,cset] GC(298) Finish adding old regions to collection set (Maximum number of regions). Initial 7 regions, optional 0 regions
[2024-10-11T04:22:53.078+0800][debug][gc,ergo,cset] GC(298) Finish choosing collection set old regions. Initial: 7, optional: 0, predicted old time: 0.00ms, predicted optional time: 0.00ms, time remaining: 47.76
[2024-10-11T04:22:53.183+0800][debug][gc,ergo,cset] GC(299) Start adding old regions to collection set. Min 4 regions, max 7 regions, time remaining 48.92ms, optional threshold 9.78ms
[2024-10-11T04:22:53.183+0800][debug][gc,ergo,cset] GC(299) Finish adding old regions to collection set (Maximum number of regions). Initial 7 regions, optional 0 regions
[2024-10-11T04:22:53.183+0800][debug][gc,ergo,cset] GC(299) Finish choosing collection set old regions. Initial: 7, optional: 0, predicted old time: 0.00ms, predicted optional time: 0.00ms, time remaining: 47.65
[2024-10-11T04:22:53.288+0800][debug][gc,ergo,cset] GC(300) Start adding old regions to collection set. Min 4 regions, max 7 regions, time remaining 48.94ms, optional threshold 9.79ms
[2024-10-11T04:22:53.288+0800][debug][gc,ergo,cset] GC(300) Old candidate collection set empty.
[2024-10-11T04:22:53.288+0800][debug][gc,ergo,cset] GC(300) Finish choosing collection set old regions. Initial: 1, optional: 0, predicted old time: 0.00ms, predicted optional time: 0.00ms, time remaining: 48.74
[2024-10-11T04:22:53.610+0800][debug][gc,ergo,cset] GC(304) Pruned 10 regions out of 41, leaving 6379840 bytes waste (allowed 6710886)
[2024-10-11T04:22:53.753+0800][debug][gc,ergo,cset] Preventive GC, insufficient free regions. Predicted need 4. Curr Eden 2 (Pred 3). Curr Survivor 1 (Pred 1). Curr Old 52 (Pred 0) Free 4 Alloc 1
[2024-10-11T04:22:53.817+0800][debug][gc,ergo,cset] Preventive GC, insufficient free regions. Predicted need 4. Curr Eden 1 (Pred 2). Curr Survivor 1 (Pred 1). Curr Old 54 (Pred 1) Free 3 Alloc 1
[2024-10-11T04:22:53.817+0800][debug][gc,ergo,cset] GC(306) Start adding old regions to collection set. Min 4 regions, max 7 regions, time remaining 49.17ms, optional threshold 9.83ms
[2024-10-11T04:22:53.817+0800][debug][gc,ergo,cset] GC(306) Finish adding old regions to collection set (Maximum number of regions). Initial 7 regions, optional 0 regions
[2024-10-11T04:22:53.817+0800][debug][gc,ergo,cset] GC(306) Finish choosing collection set old regions. Initial: 7, optional: 0, predicted old time: 0.00ms, predicted optional time: 0.00ms, time remaining: 48.46
[2024-10-11T04:22:53.859+0800][debug][gc,ergo,cset] Preventive GC, insufficient free regions. Predicted need 5. Curr Eden 1 (Pred 2). Curr Survivor 1 (Pred 1). Curr Old 52 (Pred 2) Free 5 Alloc 1
[2024-10-11T04:22:53.860+0800][debug][gc,ergo,cset] GC(307) Start adding old regions to collection set. Min 4 regions, max 7 regions, time remaining 49.11ms, optional threshold 9.82ms
[2024-10-11T04:22:53.860+0800][debug][gc,ergo,cset] GC(307) Finish adding old regions to collection set (Maximum number of regions). Initial 7 regions, optional 0 regions
[2024-10-11T04:22:53.860+0800][debug][gc,ergo,cset] GC(307) Finish choosing collection set old regions. Initial: 7, optional: 0, predicted old time: 0.00ms, predicted optional time: 0.00ms, time remaining: 48.11
[2024-10-11T04:22:53.964+0800][debug][gc,ergo,cset] Preventive GC, insufficient free regions. Predicted need 7. Curr Eden 2 (Pred 3). Curr Survivor 1 (Pred 1). Curr Old 50 (Pred 3) Free 6 Alloc 1
[2024-10-11T04:22:53.964+0800][debug][gc,ergo,cset] GC(308) Start adding old regions to collection set. Min 4 regions, max 7 regions, time remaining 48.88ms, optional threshold 9.78ms
[2024-10-11T04:22:53.964+0800][debug][gc,ergo,cset] GC(308) Finish adding old regions to collection set (Maximum number of regions). Initial 7 regions, optional 0 regions
[2024-10-11T04:22:53.964+0800][debug][gc,ergo,cset] GC(308) Finish choosing collection set old regions. Initial: 7, optional: 0, predicted old time: 0.00ms, predicted optional time: 0.00ms, time remaining: 47.67
[2024-10-11T04:22:54.028+0800][debug][gc,ergo,cset] Preventive GC, insufficient free regions. Predicted need 6. Curr Eden 1 (Pred 2). Curr Survivor 1 (Pred 1). Curr Old 51 (Pred 3) Free 6 Alloc 1
[2024-10-11T04:22:54.028+0800][debug][gc,ergo,cset] GC(309) Start adding old regions to collection set. Min 4 regions, max 7 regions, time remaining 49.09ms, optional threshold 9.82ms
[2024-10-11T04:22:54.028+0800][debug][gc,ergo,cset] GC(309) Finish adding old regions to collection set (Maximum number of regions). Initial 7 regions, optional 0 regions
[2024-10-11T04:22:54.028+0800][debug][gc,ergo,cset] GC(309) Finish choosing collection set old regions. Initial: 7, optional: 0, predicted old time: 0.00ms, predicted optional time: 0.00ms, time remaining: 47.78
[2024-10-11T04:22:54.132+0800][debug][gc,ergo,cset] Preventive GC, insufficient free regions. Predicted need 7. Curr Eden 2 (Pred 3). Curr Survivor 1 (Pred 1). Curr Old 49 (Pred 3) Free 7 Alloc 1
[2024-10-11T04:22:54.133+0800][debug][gc,ergo,cset] GC(310) Start adding old regions to collection set. Min 4 regions, max 7 regions, time remaining 48.88ms, optional threshold 9.78ms
[2024-10-11T04:22:54.133+0800][debug][gc,ergo,cset] GC(310) Old candidate collection set empty.
[2024-10-11T04:22:54.133+0800][debug][gc,ergo,cset] GC(310) Finish choosing collection set old regions. Initial: 3, optional: 0, predicted old time: 0.00ms, predicted optional time: 0.00ms, time remaining: 48.19
[2024-10-11T04:22:54.206+0800][debug][gc,ergo,cset] GC(312) Pruned 12 regions out of 39, leaving 6629400 bytes waste (allowed 6710886)
[2024-10-11T04:22:54.372+0800][debug][gc,ergo,cset] Preventive GC, insufficient free regions. Predicted need 4. Curr Eden 2 (Pred 3). Curr Survivor 1 (Pred 1). Curr Old 51 (Pred 0) Free 4 Alloc 1
[2024-10-11T04:22:54.435+0800][debug][gc,ergo,cset] Preventive GC, insufficient free regions. Predicted need 4. Curr Eden 1 (Pred 2). Curr Survivor 1 (Pred 1). Curr Old 53 (Pred 1) Free 4 Alloc 1
[2024-10-11T04:22:54.435+0800][debug][gc,ergo,cset] GC(314) Start adding old regions to collection set. Min 4 regions, max 7 regions, time remaining 49.14ms, optional threshold 9.83ms
[2024-10-11T04:22:54.435+0800][debug][gc,ergo,cset] GC(314) Finish adding old regions to collection set (Maximum number of regions). Initial 7 regions, optional 0 regions
[2024-10-11T04:22:54.435+0800][debug][gc,ergo,cset] GC(314) Finish choosing collection set old regions. Initial: 7, optional: 0, predicted old time: 0.00ms, predicted optional time: 0.00ms, time remaining: 48.60
[2024-10-11T04:22:54.539+0800][debug][gc,ergo,cset] GC(315) Start adding old regions to collection set. Min 4 regions, max 7 regions, time remaining 48.92ms, optional threshold 9.78ms
[2024-10-11T04:22:54.539+0800][debug][gc,ergo,cset] GC(315) Finish adding old regions to collection set (Maximum number of regions). Initial 7 regions, optional 0 regions
[2024-10-11T04:22:54.539+0800][debug][gc,ergo,cset] GC(315) Finish choosing collection set old regions. Initial: 7, optional: 0, predicted old time: 0.00ms, predicted optional time: 0.00ms, time remaining: 47.98
[2024-10-11T04:22:54.643+0800][debug][gc,ergo,cset] GC(316) Start adding old regions to collection set. Min 4 regions, max 7 regions, time remaining 48.89ms, optional threshold 9.78ms
[2024-10-11T04:22:54.643+0800][debug][gc,ergo,cset] GC(316) Finish adding old regions to collection set (Maximum number of regions). Initial 7 regions, optional 0 regions
[2024-10-11T04:22:54.643+0800][debug][gc,ergo,cset] GC(316) Finish choosing collection set old regions. Initial: 7, optional: 0, predicted old time: 0.00ms, predicted optional time: 0.00ms, time remaining: 47.76
[2024-10-11T04:22:54.749+0800][debug][gc,ergo,cset] GC(317) Start adding old regions to collection set. Min 4 regions, max 7 regions, time remaining 48.78ms, optional threshold 9.76ms
[2024-10-11T04:22:54.749+0800][debug][gc,ergo,cset] GC(317) Old candidate collection set empty.
[2024-10-11T04:22:54.749+0800][debug][gc,ergo,cset] GC(317) Finish choosing collection set old regions. Initial: 6, optional: 0, predicted old time: 0.00ms, predicted optional time: 0.00ms, time remaining: 47.32
[2024-10-11T04:22:55.072+0800][debug][gc,ergo,cset] GC(321) Pruned 10 regions out of 36, leaving 6098264 bytes waste (allowed 6710886)
[2024-10-11T04:22:55.319+0800][debug][gc,ergo,cset] Preventive GC, insufficient free regions. Predicted need 5. Curr Eden 2 (Pred 3). Curr Survivor 1 (Pred 1). Curr Old 52 (Pred 1) Free 4 Alloc 1
[2024-10-11T04:22:55.320+0800][debug][gc,ergo,cset] GC(323) Start adding old regions to collection set. Min 4 regions, max 7 regions, time remaining 48.97ms, optional threshold 9.79ms
[2024-10-11T04:22:55.320+0800][debug][gc,ergo,cset] GC(323) Finish adding old regions to collection set (Maximum number of regions). Initial 7 regions, optional 0 regions
[2024-10-11T04:22:55.320+0800][debug][gc,ergo,cset] GC(323) Finish choosing collection set old regions. Initial: 7, optional: 0, predicted old time: 0.00ms, predicted optional time: 0.00ms, time remaining: 48.45
[2024-10-11T04:22:55.424+0800][debug][gc,ergo,cset] GC(324) Start adding old regions to collection set. Min 4 regions, max 7 regions, time remaining 48.96ms, optional threshold 9.79ms
[2024-10-11T04:22:55.424+0800][debug][gc,ergo,cset] GC(324) Finish adding old regions to collection set (Maximum number of regions). Initial 7 regions, optional 0 regions
[2024-10-11T04:22:55.424+0800][debug][gc,ergo,cset] GC(324) Finish choosing collection set old regions. Initial: 7, optional: 0, predicted old time: 0.00ms, predicted optional time: 0.00ms, time remaining: 48.07
[2024-10-11T04:22:55.528+0800][debug][gc,ergo,cset] GC(325) Start adding old regions to collection set. Min 4 regions, max 7 regions, time remaining 48.94ms, optional threshold 9.79ms
[2024-10-11T04:22:55.528+0800][debug][gc,ergo,cset] GC(325) Finish adding old regions to collection set (Maximum number of regions). Initial 7 regions, optional 0 regions
[2024-10-11T04:22:55.528+0800][debug][gc,ergo,cset] GC(325) Finish choosing collection set old regions. Initial: 7, optional: 0, predicted old time: 0.00ms, predicted optional time: 0.00ms, time remaining: 47.81
[2024-10-11T04:22:55.633+0800][debug][gc,ergo,cset] GC(326) Start adding old regions to collection set. Min 4 regions, max 7 regions, time remaining 48.95ms, optional threshold 9.79ms
[2024-10-11T04:22:55.633+0800][debug][gc,ergo,cset] GC(326) Old candidate collection set empty.
[2024-10-11T04:22:55.633+0800][debug][gc,ergo,cset] GC(326) Finish choosing collection set old regions. Initial: 5, optional: 0, predicted old time: 0.00ms, predicted optional time: 0.00ms, time remaining: 48.08
[2024-10-11T04:22:55.955+0800][debug][gc,ergo,cset] GC(330) Pruned 10 regions out of 40, leaving 6140744 bytes waste (allowed 6710886)
[2024-10-11T04:22:56.100+0800][debug][gc,ergo,cset] Preventive GC, insufficient free regions. Predicted need 4. Curr Eden 2 (Pred 3). Curr Survivor 1 (Pred 1). Curr Old 53 (Pred 0) Free 3 Alloc 1
[2024-10-11T04:22:56.163+0800][debug][gc,ergo,cset] Preventive GC, insufficient free regions. Predicted need 4. Curr Eden 1 (Pred 2). Curr Survivor 1 (Pred 1). Curr Old 55 (Pred 1) Free 2 Alloc 1
[2024-10-11T04:22:56.163+0800][debug][gc,ergo,cset] GC(332) Start adding old regions to collection set. Min 4 regions, max 7 regions, time remaining 49.18ms, optional threshold 9.84ms
[2024-10-11T04:22:56.163+0800][debug][gc,ergo,cset] GC(332) Finish adding old regions to collection set (Maximum number of regions). Initial 7 regions, optional 0 regions
[2024-10-11T04:22:56.163+0800][debug][gc,ergo,cset] GC(332) Finish choosing collection set old regions. Initial: 7, optional: 0, predicted old time: 0.00ms, predicted optional time: 0.00ms, time remaining: 48.80
[2024-10-11T04:22:56.267+0800][debug][gc,ergo,cset] Preventive GC, insufficient free regions. Predicted need 6. Curr Eden 2 (Pred 3). Curr Survivor 1 (Pred 1). Curr Old 51 (Pred 2) Free 5 Alloc 1
[2024-10-11T04:22:56.267+0800][debug][gc,ergo,cset] GC(333) Start adding old regions to collection set. Min 4 regions, max 7 regions, time remaining 48.94ms, optional threshold 9.79ms
[2024-10-11T04:22:56.267+0800][debug][gc,ergo,cset] GC(333) Finish adding old regions to collection set (Maximum number of regions). Initial 7 regions, optional 0 regions
[2024-10-11T04:22:56.267+0800][debug][gc,ergo,cset] GC(333) Finish choosing collection set old regions. Initial: 7, optional: 0, predicted old time: 0.00ms, predicted optional time: 0.00ms, time remaining: 48.21
[2024-10-11T04:22:56.330+0800][debug][gc,ergo,cset] Preventive GC, insufficient free regions. Predicted need 6. Curr Eden 1 (Pred 2). Curr Survivor 1 (Pred 1). Curr Old 53 (Pred 3) Free 4 Alloc 1
[2024-10-11T04:22:56.330+0800][debug][gc,ergo,cset] GC(334) Start adding old regions to collection set. Min 4 regions, max 7 regions, time remaining 49.14ms, optional threshold 9.83ms
[2024-10-11T04:22:56.330+0800][debug][gc,ergo,cset] GC(334) Finish adding old regions to collection set (Maximum number of regions). Initial 7 regions, optional 0 regions
[2024-10-11T04:22:56.330+0800][debug][gc,ergo,cset] GC(334) Finish choosing collection set old regions. Initial: 7, optional: 0, predicted old time: 0.00ms, predicted optional time: 0.00ms, time remaining: 48.13
[2024-10-11T04:22:56.373+0800][debug][gc,ergo,cset] Preventive GC, insufficient free regions. Predicted need 6. Curr Eden 1 (Pred 2). Curr Survivor 1 (Pred 1). Curr Old 56 (Pred 3) Free 1 Alloc 1
[2024-10-11T04:22:56.373+0800][debug][gc,ergo,cset] GC(335) Start adding old regions to collection set. Min 4 regions, max 7 regions, time remaining 49.09ms, optional threshold 9.82ms
[2024-10-11T04:22:56.373+0800][debug][gc,ergo,cset] GC(335) Finish adding old regions to collection set (Maximum number of regions). Initial 7 regions, optional 0 regions
[2024-10-11T04:22:56.373+0800][debug][gc,ergo,cset] GC(335) Finish choosing collection set old regions. Initial: 7, optional: 0, predicted old time: 0.00ms, predicted optional time: 0.00ms, time remaining: 47.72
[2024-10-11T04:22:56.436+0800][debug][gc,ergo,cset] GC(336) Start adding old regions to collection set. Min 4 regions, max 7 regions, time remaining 48.86ms, optional threshold 9.77ms
[2024-10-11T04:22:56.436+0800][debug][gc,ergo,cset] GC(336) Old candidate collection set empty.
[2024-10-11T04:22:56.436+0800][debug][gc,ergo,cset] GC(336) Finish choosing collection set old regions. Initial: 2, optional: 0, predicted old time: 0.00ms, predicted optional time: 0.00ms, time remaining: 48.40
[2024-10-11T04:22:57.088+0800][debug][gc,ergo,cset] GC(343) Pruned 10 regions out of 33, leaving 6284760 bytes waste (allowed 6710886)
[2024-10-11T04:22:57.336+0800][debug][gc,ergo,cset] Preventive GC, insufficient free regions. Predicted need 5. Curr Eden 2 (Pred 3). Curr Survivor 1 (Pred 1). Curr Old 51 (Pred 1) Free 5 Alloc 1
[2024-10-11T04:22:57.337+0800][debug][gc,ergo,cset] GC(345) Start adding old regions to collection set. Min 3 regions, max 7 regions, time remaining 48.99ms, optional threshold 9.80ms
[2024-10-11T04:22:57.337+0800][debug][gc,ergo,cset] GC(345) Finish adding old regions to collection set (Maximum number of regions). Initial 7 regions, optional 0 regions
[2024-10-11T04:22:57.337+0800][debug][gc,ergo,cset] GC(345) Finish choosing collection set old regions. Initial: 7, optional: 0, predicted old time: 0.00ms, predicted optional time: 0.00ms, time remaining: 48.35
[2024-10-11T04:22:57.441+0800][debug][gc,ergo,cset] GC(346) Start adding old regions to collection set. Min 3 regions, max 7 regions, time remaining 48.90ms, optional threshold 9.78ms
[2024-10-11T04:22:57.441+0800][debug][gc,ergo,cset] GC(346) Finish adding old regions to collection set (Maximum number of regions). Initial 7 regions, optional 0 regions
[2024-10-11T04:22:57.441+0800][debug][gc,ergo,cset] GC(346) Finish choosing collection set old regions. Initial: 7, optional: 0, predicted old time: 0.00ms, predicted optional time: 0.00ms, time remaining: 47.97
[2024-10-11T04:22:57.545+0800][debug][gc,ergo,cset] GC(347) Start adding old regions to collection set. Min 3 regions, max 7 regions, time remaining 48.92ms, optional threshold 9.78ms
[2024-10-11T04:22:57.545+0800][debug][gc,ergo,cset] GC(347) Finish adding old regions to collection set (Maximum number of regions). Initial 7 regions, optional 0 regions
[2024-10-11T04:22:57.545+0800][debug][gc,ergo,cset] GC(347) Finish choosing collection set old regions. Initial: 7, optional: 0, predicted old time: 0.00ms, predicted optional time: 0.00ms, time remaining: 47.75
[2024-10-11T04:22:57.650+0800][debug][gc,ergo,cset] GC(348) Start adding old regions to collection set. Min 3 regions, max 7 regions, time remaining 48.92ms, optional threshold 9.78ms
[2024-10-11T04:22:57.651+0800][debug][gc,ergo,cset] GC(348) Old candidate collection set empty.
[2024-10-11T04:22:57.651+0800][debug][gc,ergo,cset] GC(348) Finish choosing collection set old regions. Initial: 2, optional: 0, predicted old time: 0.00ms, predicted optional time: 0.00ms, time remaining: 48.54
[2024-10-11T04:22:57.972+0800][debug][gc,ergo,cset] GC(352) Pruned 10 regions out of 40, leaving 6139904 bytes waste (allowed 6710886)
[2024-10-11T04:22:58.179+0800][debug][gc,ergo,cset] Preventive GC, insufficient free regions. Predicted need 4. Curr Eden 1 (Pred 2). Curr Survivor 1 (Pred 1). Curr Old 53 (Pred 1) Free 4 Alloc 1
[2024-10-11T04:22:58.179+0800][debug][gc,ergo,cset] GC(354) Start adding old regions to collection set. Min 4 regions, max 7 regions, time remaining 49.20ms, optional threshold 9.84ms
[2024-10-11T04:22:58.179+0800][debug][gc,ergo,cset] GC(354) Finish adding old regions to collection set (Maximum number of regions). Initial 7 regions, optional 0 regions
[2024-10-11T04:22:58.179+0800][debug][gc,ergo,cset] GC(354) Finish choosing collection set old regions. Initial: 7, optional: 0, predicted old time: 0.00ms, predicted optional time: 0.00ms, time remaining: 48.57
[2024-10-11T04:22:58.283+0800][debug][gc,ergo,cset] GC(355) Start adding old regions to collection set. Min 4 regions, max 7 regions, time remaining 48.97ms, optional threshold 9.79ms
[2024-10-11T04:22:58.283+0800][debug][gc,ergo,cset] GC(355) Finish adding old regions to collection set (Maximum number of regions). Initial 7 regions, optional 0 regions
[2024-10-11T04:22:58.283+0800][debug][gc,ergo,cset] GC(355) Finish choosing collection set old regions. Initial: 7, optional: 0, predicted old time: 0.00ms, predicted optional time: 0.00ms, time remaining: 47.98
[2024-10-11T04:22:58.388+0800][debug][gc,ergo,cset] GC(356) Start adding old regions to collection set. Min 4 regions, max 7 regions, time remaining 48.93ms, optional threshold 9.79ms
[2024-10-11T04:22:58.388+0800][debug][gc,ergo,cset] GC(356) Finish adding old regions to collection set (Maximum number of regions). Initial 7 regions, optional 0 regions
[2024-10-11T04:22:58.388+0800][debug][gc,ergo,cset] GC(356) Finish choosing collection set old regions. Initial: 7, optional: 0, predicted old time: 0.00ms, predicted optional time: 0.00ms, time remaining: 47.72
[2024-10-11T04:22:58.493+0800][debug][gc,ergo,cset] GC(357) Start adding old regions to collection set. Min 4 regions, max 7 regions, time remaining 48.92ms, optional threshold 9.78ms
[2024-10-11T04:22:58.493+0800][debug][gc,ergo,cset] GC(357) Finish adding old regions to collection set (Maximum number of regions). Initial 7 regions, optional 0 regions
[2024-10-11T04:22:58.493+0800][debug][gc,ergo,cset] GC(357) Finish choosing collection set old regions. Initial: 7, optional: 0, predicted old time: 0.00ms, predicted optional time: 0.00ms, time remaining: 47.66
[2024-10-11T04:22:58.597+0800][debug][gc,ergo,cset] GC(358) Start adding old regions to collection set. Min 4 regions, max 7 regions, time remaining 48.92ms, optional threshold 9.78ms
[2024-10-11T04:22:58.597+0800][debug][gc,ergo,cset] GC(358) Old candidate collection set empty.
[2024-10-11T04:22:58.597+0800][debug][gc,ergo,cset] GC(358) Finish choosing collection set old regions. Initial: 2, optional: 0, predicted old time: 0.00ms, predicted optional time: 0.00ms, time remaining: 48.51
[2024-10-11T04:22:58.816+0800][debug][gc,ergo,cset] GC(361) Pruned 12 regions out of 47, leaving 6428968 bytes waste (allowed 6710886)
[2024-10-11T04:22:58.961+0800][debug][gc,ergo,cset] Preventive GC, insufficient free regions. Predicted need 4. Curr Eden 2 (Pred 3). Curr Survivor 1 (Pred 1). Curr Old 52 (Pred 0) Free 4 Alloc 1
[2024-10-11T04:22:59.024+0800][debug][gc,ergo,cset] Preventive GC, insufficient free regions. Predicted need 5. Curr Eden 1 (Pred 2). Curr Survivor 1 (Pred 1). Curr Old 54 (Pred 2) Free 3 Alloc 1
[2024-10-11T04:22:59.024+0800][debug][gc,ergo,cset] GC(363) Start adding old regions to collection set. Min 5 regions, max 7 regions, time remaining 49.17ms, optional threshold 9.83ms
[2024-10-11T04:22:59.024+0800][debug][gc,ergo,cset] GC(363) Finish adding old regions to collection set (Maximum number of regions). Initial 7 regions, optional 0 regions
[2024-10-11T04:22:59.024+0800][debug][gc,ergo,cset] GC(363) Finish choosing collection set old regions. Initial: 7, optional: 0, predicted old time: 0.00ms, predicted optional time: 0.00ms, time remaining: 48.44
[2024-10-11T04:22:59.067+0800][debug][gc,ergo,cset] Preventive GC, insufficient free regions. Predicted need 6. Curr Eden 1 (Pred 2). Curr Survivor 1 (Pred 1). Curr Old 52 (Pred 3) Free 5 Alloc 1
[2024-10-11T04:22:59.067+0800][debug][gc,ergo,cset] GC(364) Start adding old regions to collection set. Min 5 regions, max 7 regions, time remaining 49.10ms, optional threshold 9.82ms
[2024-10-11T04:22:59.067+0800][debug][gc,ergo,cset] GC(364) Finish adding old regions to collection set (Maximum number of regions). Initial 7 regions, optional 0 regions
[2024-10-11T04:22:59.067+0800][debug][gc,ergo,cset] GC(364) Finish choosing collection set old regions. Initial: 7, optional: 0, predicted old time: 0.00ms, predicted optional time: 0.00ms, time remaining: 48.15
[2024-10-11T04:22:59.130+0800][debug][gc,ergo,cset] Preventive GC, insufficient free regions. Predicted need 7. Curr Eden 1 (Pred 2). Curr Survivor 1 (Pred 1). Curr Old 50 (Pred 4) Free 7 Alloc 1
[2024-10-11T04:22:59.131+0800][debug][gc,ergo,cset] GC(365) Start adding old regions to collection set. Min 5 regions, max 7 regions, time remaining 49.08ms, optional threshold 9.82ms
[2024-10-11T04:22:59.131+0800][debug][gc,ergo,cset] GC(365) Finish adding old regions to collection set (Maximum number of regions). Initial 7 regions, optional 0 regions
[2024-10-11T04:22:59.131+0800][debug][gc,ergo,cset] GC(365) Finish choosing collection set old regions. Initial: 7, optional: 0, predicted old time: 0.00ms, predicted optional time: 0.00ms, time remaining: 48.00
[2024-10-11T04:22:59.235+0800][debug][gc,ergo,cset] Preventive GC, insufficient free regions. Predicted need 8. Curr Eden 2 (Pred 3). Curr Survivor 1 (Pred 1). Curr Old 49 (Pred 4) Free 7 Alloc 1
[2024-10-11T04:22:59.235+0800][debug][gc,ergo,cset] GC(366) Start adding old regions to collection set. Min 5 regions, max 7 regions, time remaining 48.89ms, optional threshold 9.78ms
[2024-10-11T04:22:59.235+0800][debug][gc,ergo,cset] GC(366) Finish adding old regions to collection set (Maximum number of regions). Initial 7 regions, optional 0 regions
[2024-10-11T04:22:59.235+0800][debug][gc,ergo,cset] GC(366) Finish choosing collection set old regions. Initial: 7, optional: 0, predicted old time: 0.00ms, predicted optional time: 0.00ms, time remaining: 47.66
[2024-10-11T04:22:59.299+0800][debug][gc,ergo,cset] Preventive GC, insufficient free regions. Predicted need 7. Curr Eden 1 (Pred 2). Curr Survivor 1 (Pred 1). Curr Old 50 (Pred 4) Free 7 Alloc 1
[2024-10-11T04:22:59.299+0800][debug][gc,ergo,cset] GC(367) Start adding old regions to collection set. Min 5 regions, max 7 regions, time remaining 49.08ms, optional threshold 9.82ms
[2024-10-11T04:22:59.299+0800][debug][gc,ergo,cset] GC(367) Old candidate collection set empty.
[2024-10-11T04:22:59.299+0800][debug][gc,ergo,cset] GC(367) Finish choosing collection set old regions. Initial: 7, optional: 0, predicted old time: 0.00ms, predicted optional time: 0.00ms, time remaining: 47.60
[2024-10-11T04:22:59.518+0800][debug][gc,ergo,cset] GC(370) Pruned 13 regions out of 44, leaving 6670352 bytes waste (allowed 6710886)
[2024-10-11T04:22:59.663+0800][debug][gc,ergo,cset] Preventive GC, insufficient free regions. Predicted need 4. Curr Eden 2 (Pred 3). Curr Survivor 1 (Pred 1). Curr Old 52 (Pred 0) Free 4 Alloc 1
[2024-10-11T04:22:59.726+0800][debug][gc,ergo,cset] Preventive GC, insufficient free regions. Predicted need 4. Curr Eden 1 (Pred 2). Curr Survivor 1 (Pred 1). Curr Old 54 (Pred 1) Free 3 Alloc 1
[2024-10-11T04:22:59.726+0800][debug][gc,ergo,cset] GC(372) Start adding old regions to collection set. Min 4 regions, max 7 regions, time remaining 49.16ms, optional threshold 9.83ms
[2024-10-11T04:22:59.726+0800][debug][gc,ergo,cset] GC(372) Finish adding old regions to collection set (Maximum number of regions). Initial 7 regions, optional 0 regions
[2024-10-11T04:22:59.726+0800][debug][gc,ergo,cset] GC(372) Finish choosing collection set old regions. Initial: 7, optional: 0, predicted old time: 0.00ms, predicted optional time: 0.00ms, time remaining: 48.68
[2024-10-11T04:22:59.769+0800][debug][gc,ergo,cset] Preventive GC, insufficient free regions. Predicted need 5. Curr Eden 1 (Pred 2). Curr Survivor 1 (Pred 1). Curr Old 52 (Pred 2) Free 5 Alloc 1
[2024-10-11T04:22:59.769+0800][debug][gc,ergo,cset] GC(373) Start adding old regions to collection set. Min 4 regions, max 7 regions, time remaining 49.15ms, optional threshold 9.83ms
[2024-10-11T04:22:59.769+0800][debug][gc,ergo,cset] GC(373) Finish adding old regions to collection set (Maximum number of regions). Initial 7 regions, optional 0 regions
[2024-10-11T04:22:59.769+0800][debug][gc,ergo,cset] GC(373) Finish choosing collection set old regions. Initial: 7, optional: 0, predicted old time: 0.00ms, predicted optional time: 0.00ms, time remaining: 48.29
[2024-10-11T04:22:59.873+0800][debug][gc,ergo,cset] Preventive GC, insufficient free regions. Predicted need 7. Curr Eden 2 (Pred 3). Curr Survivor 1 (Pred 1). Curr Old 49 (Pred 3) Free 7 Alloc 1
[2024-10-11T04:22:59.873+0800][debug][gc,ergo,cset] GC(374) Start adding old regions to collection set. Min 4 regions, max 7 regions, time remaining 48.92ms, optional threshold 9.78ms
[2024-10-11T04:22:59.874+0800][debug][gc,ergo,cset] GC(374) Finish adding old regions to collection set (Maximum number of regions). Initial 7 regions, optional 0 regions
[2024-10-11T04:22:59.874+0800][debug][gc,ergo,cset] GC(374) Finish choosing collection set old regions. Initial: 7, optional: 0, predicted old time: 0.00ms, predicted optional time: 0.00ms, time remaining: 47.88
[2024-10-11T04:22:59.978+0800][debug][gc,ergo,cset] GC(375) Start adding old regions to collection set. Min 4 regions, max 7 regions, time remaining 48.91ms, optional threshold 9.78ms
[2024-10-11T04:22:59.978+0800][debug][gc,ergo,cset] GC(375) Finish adding old regions to collection set (Maximum number of regions). Initial 7 regions, optional 0 regions
[2024-10-11T04:22:59.978+0800][debug][gc,ergo,cset] GC(375) Finish choosing collection set old regions. Initial: 7, optional: 0, predicted old time: 0.00ms, predicted optional time: 0.00ms, time remaining: 47.64
[2024-10-11T04:23:00.083+0800][debug][gc,ergo,cset] GC(376) Start adding old regions to collection set. Min 4 regions, max 7 regions, time remaining 48.93ms, optional threshold 9.79ms
[2024-10-11T04:23:00.083+0800][debug][gc,ergo,cset] GC(376) Old candidate collection set empty.
[2024-10-11T04:23:00.083+0800][debug][gc,ergo,cset] GC(376) Finish choosing collection set old regions. Initial: 3, optional: 0, predicted old time: 0.00ms, predicted optional time: 0.00ms, time remaining: 48.30
[2024-10-11T04:23:00.302+0800][debug][gc,ergo,cset] GC(379) Pruned 12 regions out of 42, leaving 6383312 bytes waste (allowed 6710886)
[2024-10-11T04:23:00.508+0800][debug][gc,ergo,cset] Preventive GC, insufficient free regions. Predicted need 4. Curr Eden 1 (Pred 2). Curr Survivor 1 (Pred 1). Curr Old 53 (Pred 1) Free 4 Alloc 1
[2024-10-11T04:23:00.508+0800][debug][gc,ergo,cset] GC(381) Start adding old regions to collection set. Min 4 regions, max 7 regions, time remaining 49.18ms, optional threshold 9.84ms
[2024-10-11T04:23:00.508+0800][debug][gc,ergo,cset] GC(381) Finish adding old regions to collection set (Maximum number of regions). Initial 7 regions, optional 0 regions
[2024-10-11T04:23:00.508+0800][debug][gc,ergo,cset] GC(381) Finish choosing collection set old regions. Initial: 7, optional: 0, predicted old time: 0.00ms, predicted optional time: 0.00ms, time remaining: 48.61
[2024-10-11T04:23:00.612+0800][debug][gc,ergo,cset] GC(382) Start adding old regions to collection set. Min 4 regions, max 7 regions, time remaining 48.91ms, optional threshold 9.78ms
[2024-10-11T04:23:00.612+0800][debug][gc,ergo,cset] GC(382) Finish adding old regions to collection set (Maximum number of regions). Initial 7 regions, optional 0 regions
[2024-10-11T04:23:00.612+0800][debug][gc,ergo,cset] GC(382) Finish choosing collection set old regions. Initial: 7, optional: 0, predicted old time: 0.00ms, predicted optional time: 0.00ms, time remaining: 47.94
[2024-10-11T04:23:00.718+0800][debug][gc,ergo,cset] GC(383) Start adding old regions to collection set. Min 4 regions, max 7 regions, time remaining 48.89ms, optional threshold 9.78ms
[2024-10-11T04:23:00.718+0800][debug][gc,ergo,cset] GC(383) Finish adding old regions to collection set (Maximum number of regions). Initial 7 regions, optional 0 regions
[2024-10-11T04:23:00.718+0800][debug][gc,ergo,cset] GC(383) Finish choosing collection set old regions. Initial: 7, optional: 0, predicted old time: 0.00ms, predicted optional time: 0.00ms, time remaining: 47.73
[2024-10-11T04:23:00.822+0800][debug][gc,ergo,cset] GC(384) Start adding old regions to collection set. Min 4 regions, max 7 regions, time remaining 48.90ms, optional threshold 9.78ms
[2024-10-11T04:23:00.822+0800][debug][gc,ergo,cset] GC(384) Finish adding old regions to collection set (Maximum number of regions). Initial 7 regions, optional 0 regions
[2024-10-11T04:23:00.822+0800][debug][gc,ergo,cset] GC(384) Finish choosing collection set old regions. Initial: 7, optional: 0, predicted old time: 0.00ms, predicted optional time: 0.00ms, time remaining: 47.64
[2024-10-11T04:23:00.928+0800][debug][gc,ergo,cset] GC(385) Start adding old regions to collection set. Min 4 regions, max 7 regions, time remaining 48.92ms, optional threshold 9.78ms
[2024-10-11T04:23:00.928+0800][debug][gc,ergo,cset] GC(385) Old candidate collection set empty.
[2024-10-11T04:23:00.928+0800][debug][gc,ergo,cset] GC(385) Finish choosing collection set old regions. Initial: 2, optional: 0, predicted old time: 0.00ms, predicted optional time: 0.00ms, time remaining: 48.46
[2024-10-11T04:23:01.251+0800][debug][gc,ergo,cset] GC(389) Pruned 11 regions out of 43, leaving 6421536 bytes waste (allowed 6710886)
[2024-10-11T04:23:01.394+0800][debug][gc,ergo,cset] Preventive GC, insufficient free regions. Predicted need 4. Curr Eden 2 (Pred 3). Curr Survivor 1 (Pred 1). Curr Old 53 (Pred 0) Free 3 Alloc 1
[2024-10-11T04:23:01.457+0800][debug][gc,ergo,cset] Preventive GC, insufficient free regions. Predicted need 4. Curr Eden 1 (Pred 2). Curr Survivor 1 (Pred 1). Curr Old 55 (Pred 1) Free 2 Alloc 1
[2024-10-11T04:23:01.457+0800][debug][gc,ergo,cset] GC(391) Start adding old regions to collection set. Min 4 regions, max 7 regions, time remaining 49.20ms, optional threshold 9.84ms
[2024-10-11T04:23:01.457+0800][debug][gc,ergo,cset] GC(391) Finish adding old regions to collection set (Maximum number of regions). Initial 7 regions, optional 0 regions
[2024-10-11T04:23:01.457+0800][debug][gc,ergo,cset] GC(391) Finish choosing collection set old regions. Initial: 7, optional: 0, predicted old time: 0.00ms, predicted optional time: 0.00ms, time remaining: 48.59
[2024-10-11T04:23:01.500+0800][debug][gc,ergo,cset] Preventive GC, insufficient free regions. Predicted need 5. Curr Eden 1 (Pred 2). Curr Survivor 1 (Pred 1). Curr Old 53 (Pred 2) Free 4 Alloc 1
[2024-10-11T04:23:01.500+0800][debug][gc,ergo,cset] GC(392) Start adding old regions to collection set. Min 4 regions, max 7 regions, time remaining 49.18ms, optional threshold 9.84ms
[2024-10-11T04:23:01.500+0800][debug][gc,ergo,cset] GC(392) Finish adding old regions to collection set (Maximum number of regions). Initial 7 regions, optional 0 regions
[2024-10-11T04:23:01.500+0800][debug][gc,ergo,cset] GC(392) Finish choosing collection set old regions. Initial: 7, optional: 0, predicted old time: 0.00ms, predicted optional time: 0.00ms, time remaining: 48.33
[2024-10-11T04:23:01.563+0800][debug][gc,ergo,cset] Preventive GC, insufficient free regions. Predicted need 6. Curr Eden 1 (Pred 2). Curr Survivor 1 (Pred 1). Curr Old 54 (Pred 3) Free 3 Alloc 1
[2024-10-11T04:23:01.563+0800][debug][gc,ergo,cset] GC(393) Start adding old regions to collection set. Min 4 regions, max 7 regions, time remaining 49.17ms, optional threshold 9.83ms
[2024-10-11T04:23:01.563+0800][debug][gc,ergo,cset] GC(393) Finish adding old regions to collection set (Maximum number of regions). Initial 7 regions, optional 0 regions
[2024-10-11T04:23:01.563+0800][debug][gc,ergo,cset] GC(393) Finish choosing collection set old regions. Initial: 7, optional: 0, predicted old time: 0.00ms, predicted optional time: 0.00ms, time remaining: 48.10
[2024-10-11T04:23:01.607+0800][debug][gc,ergo,cset] Preventive GC, insufficient free regions. Predicted need 6. Curr Eden 1 (Pred 2). Curr Survivor 1 (Pred 1). Curr Old 56 (Pred 3) Free 1 Alloc 1
[2024-10-11T04:23:01.607+0800][debug][gc,ergo,cset] GC(394) Start adding old regions to collection set. Min 4 regions, max 7 regions, time remaining 49.15ms, optional threshold 9.83ms
[2024-10-11T04:23:01.607+0800][debug][gc,ergo,cset] GC(394) Finish adding old regions to collection set (Maximum number of regions). Initial 7 regions, optional 0 regions
[2024-10-11T04:23:01.607+0800][debug][gc,ergo,cset] GC(394) Finish choosing collection set old regions. Initial: 7, optional: 0, predicted old time: 0.00ms, predicted optional time: 0.00ms, time remaining: 47.93
[2024-10-11T04:23:01.669+0800][debug][gc,ergo,cset] GC(395) Start adding old regions to collection set. Min 4 regions, max 7 regions, time remaining 49.17ms, optional threshold 9.83ms
[2024-10-11T04:23:01.669+0800][debug][gc,ergo,cset] GC(395) Old candidate collection set empty.
[2024-10-11T04:23:01.669+0800][debug][gc,ergo,cset] GC(395) Finish choosing collection set old regions. Initial: 4, optional: 0, predicted old time: 0.00ms, predicted optional time: 0.00ms, time remaining: 48.43
[2024-10-11T04:23:02.280+0800][debug][gc,ergo,cset] GC(402) Pruned 12 regions out of 38, leaving 6397584 bytes waste (allowed 6710886)
[2024-10-11T04:23:02.527+0800][debug][gc,ergo,cset] Preventive GC, insufficient free regions. Predicted need 5. Curr Eden 2 (Pred 3). Curr Survivor 1 (Pred 1). Curr Old 52 (Pred 1) Free 4 Alloc 1
[2024-10-11T04:23:02.527+0800][debug][gc,ergo,cset] GC(404) Start adding old regions to collection set. Min 4 regions, max 7 regions, time remaining 49.02ms, optional threshold 9.80ms
[2024-10-11T04:23:02.527+0800][debug][gc,ergo,cset] GC(404) Finish adding old regions to collection set (Maximum number of regions). Initial 7 regions, optional 0 regions
[2024-10-11T04:23:02.527+0800][debug][gc,ergo,cset] GC(404) Finish choosing collection set old regions. Initial: 7, optional: 0, predicted old time: 0.00ms, predicted optional time: 0.00ms, time remaining: 48.44
[2024-10-11T04:23:02.631+0800][debug][gc,ergo,cset] Preventive GC, insufficient free regions. Predicted need 6. Curr Eden 2 (Pred 3). Curr Survivor 1 (Pred 1). Curr Old 50 (Pred 2) Free 6 Alloc 1
[2024-10-11T04:23:02.631+0800][debug][gc,ergo,cset] GC(405) Start adding old regions to collection set. Min 4 regions, max 7 regions, time remaining 49.02ms, optional threshold 9.80ms
[2024-10-11T04:23:02.631+0800][debug][gc,ergo,cset] GC(405) Finish adding old regions to collection set (Maximum number of regions). Initial 7 regions, optional 0 regions
[2024-10-11T04:23:02.631+0800][debug][gc,ergo,cset] GC(405) Finish choosing collection set old regions. Initial: 7, optional: 0, predicted old time: 0.00ms, predicted optional time: 0.00ms, time remaining: 48.11
[2024-10-11T04:23:02.736+0800][debug][gc,ergo,cset] Preventive GC, insufficient free regions. Predicted need 6. Curr Eden 2 (Pred 3). Curr Survivor 1 (Pred 1). Curr Old 51 (Pred 2) Free 5 Alloc 1
[2024-10-11T04:23:02.736+0800][debug][gc,ergo,cset] GC(406) Start adding old regions to collection set. Min 4 regions, max 7 regions, time remaining 49.01ms, optional threshold 9.80ms
[2024-10-11T04:23:02.736+0800][debug][gc,ergo,cset] GC(406) Finish adding old regions to collection set (Maximum number of regions). Initial 7 regions, optional 0 regions
[2024-10-11T04:23:02.736+0800][debug][gc,ergo,cset] GC(406) Finish choosing collection set old regions. Initial: 7, optional: 0, predicted old time: 0.00ms, predicted optional time: 0.00ms, time remaining: 47.90
[2024-10-11T04:23:02.800+0800][debug][gc,ergo,cset] Preventive GC, insufficient free regions. Predicted need 6. Curr Eden 1 (Pred 2). Curr Survivor 1 (Pred 1). Curr Old 54 (Pred 3) Free 3 Alloc 1
[2024-10-11T04:23:02.800+0800][debug][gc,ergo,cset] GC(407) Start adding old regions to collection set. Min 4 regions, max 7 regions, time remaining 49.22ms, optional threshold 9.84ms
[2024-10-11T04:23:02.800+0800][debug][gc,ergo,cset] GC(407) Old candidate collection set empty.
[2024-10-11T04:23:02.800+0800][debug][gc,ergo,cset] GC(407) Finish choosing collection set old regions. Initial: 5, optional: 0, predicted old time: 0.00ms, predicted optional time: 0.00ms, time remaining: 48.34
[2024-10-11T04:23:03.413+0800][debug][gc,ergo,cset] GC(415) Pruned 9 regions out of 32, leaving 6111648 bytes waste (allowed 6710886)
[2024-10-11T04:23:03.660+0800][debug][gc,ergo,cset] GC(417) Start adding old regions to collection set. Min 3 regions, max 7 regions, time remaining 49.02ms, optional threshold 9.80ms
[2024-10-11T04:23:03.660+0800][debug][gc,ergo,cset] GC(417) Finish adding old regions to collection set (Maximum number of regions). Initial 7 regions, optional 0 regions
[2024-10-11T04:23:03.660+0800][debug][gc,ergo,cset] GC(417) Finish choosing collection set old regions. Initial: 7, optional: 0, predicted old time: 0.00ms, predicted optional time: 0.00ms, time remaining: 48.28
[2024-10-11T04:23:03.764+0800][debug][gc,ergo,cset] GC(418) Start adding old regions to collection set. Min 3 regions, max 7 regions, time remaining 48.95ms, optional threshold 9.79ms
[2024-10-11T04:23:03.764+0800][debug][gc,ergo,cset] GC(418) Finish adding old regions to collection set (Maximum number of regions). Initial 7 regions, optional 0 regions
[2024-10-11T04:23:03.764+0800][debug][gc,ergo,cset] GC(418) Finish choosing collection set old regions. Initial: 7, optional: 0, predicted old time: 0.00ms, predicted optional time: 0.00ms, time remaining: 47.92
[2024-10-11T04:23:03.869+0800][debug][gc,ergo,cset] GC(419) Start adding old regions to collection set. Min 3 regions, max 7 regions, time remaining 48.94ms, optional threshold 9.79ms
[2024-10-11T04:23:03.869+0800][debug][gc,ergo,cset] GC(419) Finish adding old regions to collection set (Maximum number of regions). Initial 7 regions, optional 0 regions
[2024-10-11T04:23:03.869+0800][debug][gc,ergo,cset] GC(419) Finish choosing collection set old regions. Initial: 7, optional: 0, predicted old time: 0.00ms, predicted optional time: 0.00ms, time remaining: 47.68
[2024-10-11T04:23:03.973+0800][debug][gc,ergo,cset] GC(420) Start adding old regions to collection set. Min 3 regions, max 7 regions, time remaining 48.95ms, optional threshold 9.79ms
[2024-10-11T04:23:03.973+0800][debug][gc,ergo,cset] GC(420) Old candidate collection set empty.
[2024-10-11T04:23:03.973+0800][debug][gc,ergo,cset] GC(420) Finish choosing collection set old regions. Initial: 2, optional: 0, predicted old time: 0.00ms, predicted optional time: 0.00ms, time remaining: 48.58
[2024-10-11T04:23:04.191+0800][debug][gc,ergo,cset] GC(423) Pruned 11 regions out of 35, leaving 6174696 bytes waste (allowed 6710886)
[2024-10-11T04:23:04.439+0800][debug][gc,ergo,cset] Preventive GC, insufficient free regions. Predicted need 5. Curr Eden 2 (Pred 3). Curr Survivor 1 (Pred 1). Curr Old 51 (Pred 1) Free 5 Alloc 1
[2024-10-11T04:23:04.439+0800][debug][gc,ergo,cset] GC(425) Start adding old regions to collection set. Min 3 regions, max 7 regions, time remaining 48.98ms, optional threshold 9.80ms
[2024-10-11T04:23:04.439+0800][debug][gc,ergo,cset] GC(425) Finish adding old regions to collection set (Maximum number of regions). Initial 7 regions, optional 0 regions
[2024-10-11T04:23:04.439+0800][debug][gc,ergo,cset] GC(425) Finish choosing collection set old regions. Initial: 7, optional: 0, predicted old time: 0.00ms, predicted optional time: 0.00ms, time remaining: 48.35
[2024-10-11T04:23:04.543+0800][debug][gc,ergo,cset] GC(426) Start adding old regions to collection set. Min 3 regions, max 7 regions, time remaining 48.92ms, optional threshold 9.78ms
[2024-10-11T04:23:04.544+0800][debug][gc,ergo,cset] GC(426) Finish adding old regions to collection set (Maximum number of regions). Initial 7 regions, optional 0 regions
[2024-10-11T04:23:04.544+0800][debug][gc,ergo,cset] GC(426) Finish choosing collection set old regions. Initial: 7, optional: 0, predicted old time: 0.00ms, predicted optional time: 0.00ms, time remaining: 47.61
[2024-10-11T04:23:04.648+0800][debug][gc,ergo,cset] GC(427) Start adding old regions to collection set. Min 3 regions, max 7 regions, time remaining 48.87ms, optional threshold 9.77ms
[2024-10-11T04:23:04.648+0800][debug][gc,ergo,cset] GC(427) Finish adding old regions to collection set (Maximum number of regions). Initial 7 regions, optional 0 regions
[2024-10-11T04:23:04.648+0800][debug][gc,ergo,cset] GC(427) Finish choosing collection set old regions. Initial: 7, optional: 0, predicted old time: 0.00ms, predicted optional time: 0.00ms, time remaining: 47.51
[2024-10-11T04:23:04.753+0800][debug][gc,ergo,cset] GC(428) Start adding old regions to collection set. Min 3 regions, max 7 regions, time remaining 48.92ms, optional threshold 9.78ms
[2024-10-11T04:23:04.753+0800][debug][gc,ergo,cset] GC(428) Old candidate collection set empty.
[2024-10-11T04:23:04.753+0800][debug][gc,ergo,cset] GC(428) Finish choosing collection set old regions. Initial: 3, optional: 0, predicted old time: 0.00ms, predicted optional time: 0.00ms, time remaining: 48.33
[2024-10-11T04:23:04.972+0800][debug][gc,ergo,cset] GC(431) Pruned 10 regions out of 40, leaving 6170688 bytes waste (allowed 6710886)
[2024-10-11T04:23:05.219+0800][debug][gc,ergo,cset] Preventive GC, insufficient free regions. Predicted need 5. Curr Eden 2 (Pred 3). Curr Survivor 1 (Pred 1). Curr Old 52 (Pred 1) Free 4 Alloc 1
[2024-10-11T04:23:05.219+0800][debug][gc,ergo,cset] GC(433) Start adding old regions to collection set. Min 4 regions, max 7 regions, time remaining 49.00ms, optional threshold 9.80ms
[2024-10-11T04:23:05.219+0800][debug][gc,ergo,cset] GC(433) Finish adding old regions to collection set (Maximum number of regions). Initial 7 regions, optional 0 regions
[2024-10-11T04:23:05.219+0800][debug][gc,ergo,cset] GC(433) Finish choosing collection set old regions. Initial: 7, optional: 0, predicted old time: 0.00ms, predicted optional time: 0.00ms, time remaining: 48.40
[2024-10-11T04:23:05.323+0800][debug][gc,ergo,cset] Preventive GC, insufficient free regions. Predicted need 7. Curr Eden 2 (Pred 3). Curr Survivor 1 (Pred 1). Curr Old 50 (Pred 3) Free 6 Alloc 1
[2024-10-11T04:23:05.323+0800][debug][gc,ergo,cset] GC(434) Start adding old regions to collection set. Min 4 regions, max 7 regions, time remaining 48.99ms, optional threshold 9.80ms
[2024-10-11T04:23:05.323+0800][debug][gc,ergo,cset] GC(434) Finish adding old regions to collection set (Maximum number of regions). Initial 7 regions, optional 0 regions
[2024-10-11T04:23:05.323+0800][debug][gc,ergo,cset] GC(434) Finish choosing collection set old regions. Initial: 7, optional: 0, predicted old time: 0.00ms, predicted optional time: 0.00ms, time remaining: 47.99
[2024-10-11T04:23:05.387+0800][debug][gc,ergo,cset] Preventive GC, insufficient free regions. Predicted need 6. Curr Eden 1 (Pred 2). Curr Survivor 1 (Pred 1). Curr Old 50 (Pred 3) Free 6 Alloc 1
[2024-10-11T04:23:05.387+0800][debug][gc,ergo,cset] GC(435) Start adding old regions to collection set. Min 4 regions, max 7 regions, time remaining 49.17ms, optional threshold 9.83ms
[2024-10-11T04:23:05.387+0800][debug][gc,ergo,cset] GC(435) Finish adding old regions to collection set (Maximum number of regions). Initial 7 regions, optional 0 regions
[2024-10-11T04:23:05.387+0800][debug][gc,ergo,cset] GC(435) Finish choosing collection set old regions. Initial: 7, optional: 0, predicted old time: 0.00ms, predicted optional time: 0.00ms, time remaining: 48.05
[2024-10-11T04:23:05.492+0800][debug][gc,ergo,cset] GC(436) Start adding old regions to collection set. Min 4 regions, max 7 regions, time remaining 48.94ms, optional threshold 9.79ms
[2024-10-11T04:23:05.492+0800][debug][gc,ergo,cset] GC(436) Finish adding old regions to collection set (Maximum number of regions). Initial 7 regions, optional 0 regions
[2024-10-11T04:23:05.492+0800][debug][gc,ergo,cset] GC(436) Finish choosing collection set old regions. Initial: 7, optional: 0, predicted old time: 0.00ms, predicted optional time: 0.00ms, time remaining: 47.59
[2024-10-11T04:23:05.597+0800][debug][gc,ergo,cset] GC(437) Start adding old regions to collection set. Min 4 regions, max 7 regions, time remaining 48.92ms, optional threshold 9.78ms
[2024-10-11T04:23:05.597+0800][debug][gc,ergo,cset] GC(437) Old candidate collection set empty.
[2024-10-11T04:23:05.597+0800][debug][gc,ergo,cset] GC(437) Finish choosing collection set old regions. Initial: 2, optional: 0, predicted old time: 0.00ms, predicted optional time: 0.00ms, time remaining: 48.49
[2024-10-11T04:23:05.712+0800][debug][gc,ergo,cset] GC(439) Pruned 10 regions out of 37, leaving 6353920 bytes waste (allowed 6710886)
[2024-10-11T04:23:05.959+0800][debug][gc,ergo,cset] Preventive GC, insufficient free regions. Predicted need 5. Curr Eden 2 (Pred 3). Curr Survivor 1 (Pred 1). Curr Old 52 (Pred 1) Free 4 Alloc 1
[2024-10-11T04:23:05.959+0800][debug][gc,ergo,cset] GC(441) Start adding old regions to collection set. Min 4 regions, max 7 regions, time remaining 48.97ms, optional threshold 9.79ms
[2024-10-11T04:23:05.959+0800][debug][gc,ergo,cset] GC(441) Finish adding old regions to collection set (Maximum number of regions). Initial 7 regions, optional 0 regions
[2024-10-11T04:23:05.959+0800][debug][gc,ergo,cset] GC(441) Finish choosing collection set old regions. Initial: 7, optional: 0, predicted old time: 0.00ms, predicted optional time: 0.00ms, time remaining: 48.40
[2024-10-11T04:23:06.022+0800][debug][gc,ergo,cset] Preventive GC, insufficient free regions. Predicted need 6. Curr Eden 1 (Pred 2). Curr Survivor 1 (Pred 1). Curr Old 51 (Pred 3) Free 6 Alloc 1
[2024-10-11T04:23:06.022+0800][debug][gc,ergo,cset] GC(442) Start adding old regions to collection set. Min 4 regions, max 7 regions, time remaining 49.17ms, optional threshold 9.83ms
[2024-10-11T04:23:06.022+0800][debug][gc,ergo,cset] GC(442) Finish adding old regions to collection set (Maximum number of regions). Initial 7 regions, optional 0 regions
[2024-10-11T04:23:06.022+0800][debug][gc,ergo,cset] GC(442) Finish choosing collection set old regions. Initial: 7, optional: 0, predicted old time: 0.00ms, predicted optional time: 0.00ms, time remaining: 48.09
[2024-10-11T04:23:06.127+0800][debug][gc,ergo,cset] Preventive GC, insufficient free regions. Predicted need 7. Curr Eden 2 (Pred 3). Curr Survivor 1 (Pred 1). Curr Old 49 (Pred 3) Free 7 Alloc 1
[2024-10-11T04:23:06.127+0800][debug][gc,ergo,cset] GC(443) Start adding old regions to collection set. Min 4 regions, max 7 regions, time remaining 48.91ms, optional threshold 9.78ms
[2024-10-11T04:23:06.127+0800][debug][gc,ergo,cset] GC(443) Finish adding old regions to collection set (Maximum number of regions). Initial 7 regions, optional 0 regions
[2024-10-11T04:23:06.127+0800][debug][gc,ergo,cset] GC(443) Finish choosing collection set old regions. Initial: 7, optional: 0, predicted old time: 0.00ms, predicted optional time: 0.00ms, time remaining: 47.60
[2024-10-11T04:23:06.232+0800][debug][gc,ergo,cset] GC(444) Start adding old regions to collection set. Min 4 regions, max 7 regions, time remaining 48.92ms, optional threshold 9.78ms
[2024-10-11T04:23:06.232+0800][debug][gc,ergo,cset] GC(444) Old candidate collection set empty.
[2024-10-11T04:23:06.232+0800][debug][gc,ergo,cset] GC(444) Finish choosing collection set old regions. Initial: 6, optional: 0, predicted old time: 0.00ms, predicted optional time: 0.00ms, time remaining: 47.79
[2024-10-11T04:23:06.451+0800][debug][gc,ergo,cset] GC(447) Pruned 10 regions out of 37, leaving 6393552 bytes waste (allowed 6710886)
[2024-10-11T04:23:06.658+0800][debug][gc,ergo,cset] Preventive GC, insufficient free regions. Predicted need 4. Curr Eden 1 (Pred 2). Curr Survivor 1 (Pred 1). Curr Old 53 (Pred 1) Free 4 Alloc 1
[2024-10-11T04:23:06.659+0800][debug][gc,ergo,cset] GC(449) Start adding old regions to collection set. Min 4 regions, max 7 regions, time remaining 49.17ms, optional threshold 9.83ms
[2024-10-11T04:23:06.659+0800][debug][gc,ergo,cset] GC(449) Finish adding old regions to collection set (Maximum number of regions). Initial 7 regions, optional 0 regions
[2024-10-11T04:23:06.659+0800][debug][gc,ergo,cset] GC(449) Finish choosing collection set old regions. Initial: 7, optional: 0, predicted old time: 0.00ms, predicted optional time: 0.00ms, time remaining: 48.61
[2024-10-11T04:23:06.763+0800][debug][gc,ergo,cset] GC(450) Start adding old regions to collection set. Min 4 regions, max 7 regions, time remaining 48.94ms, optional threshold 9.79ms
[2024-10-11T04:23:06.763+0800][debug][gc,ergo,cset] GC(450) Finish adding old regions to collection set (Maximum number of regions). Initial 7 regions, optional 0 regions
[2024-10-11T04:23:06.763+0800][debug][gc,ergo,cset] GC(450) Finish choosing collection set old regions. Initial: 7, optional: 0, predicted old time: 0.00ms, predicted optional time: 0.00ms, time remaining: 47.94
[2024-10-11T04:23:06.868+0800][debug][gc,ergo,cset] GC(451) Start adding old regions to collection set. Min 4 regions, max 7 regions, time remaining 48.88ms, optional threshold 9.78ms
[2024-10-11T04:23:06.868+0800][debug][gc,ergo,cset] GC(451) Finish adding old regions to collection set (Maximum number of regions). Initial 7 regions, optional 0 regions
[2024-10-11T04:23:06.868+0800][debug][gc,ergo,cset] GC(451) Finish choosing collection set old regions. Initial: 7, optional: 0, predicted old time: 0.00ms, predicted optional time: 0.00ms, time remaining: 47.75
[2024-10-11T04:23:06.973+0800][debug][gc,ergo,cset] GC(452) Start adding old regions to collection set. Min 4 regions, max 7 regions, time remaining 48.87ms, optional threshold 9.77ms
[2024-10-11T04:23:06.973+0800][debug][gc,ergo,cset] GC(452) Old candidate collection set empty.
[2024-10-11T04:23:06.973+0800][debug][gc,ergo,cset] GC(452) Finish choosing collection set old regions. Initial: 6, optional: 0, predicted old time: 0.00ms, predicted optional time: 0.00ms, time remaining: 47.64
[2024-10-11T04:23:07.296+0800][debug][gc,ergo,cset] GC(456) Pruned 10 regions out of 38, leaving 6143080 bytes waste (allowed 6710886)
[2024-10-11T04:23:07.502+0800][debug][gc,ergo,cset] Preventive GC, insufficient free regions. Predicted need 4. Curr Eden 1 (Pred 2). Curr Survivor 1 (Pred 1). Curr Old 53 (Pred 1) Free 4 Alloc 1
[2024-10-11T04:23:07.502+0800][debug][gc,ergo,cset] GC(458) Start adding old regions to collection set. Min 4 regions, max 7 regions, time remaining 49.22ms, optional threshold 9.84ms
[2024-10-11T04:23:07.502+0800][debug][gc,ergo,cset] GC(458) Finish adding old regions to collection set (Maximum number of regions). Initial 7 regions, optional 0 regions
[2024-10-11T04:23:07.502+0800][debug][gc,ergo,cset] GC(458) Finish choosing collection set old regions. Initial: 7, optional: 0, predicted old time: 0.00ms, predicted optional time: 0.00ms, time remaining: 48.67
[2024-10-11T04:23:07.606+0800][debug][gc,ergo,cset] Preventive GC, insufficient free regions. Predicted need 6. Curr Eden 2 (Pred 3). Curr Survivor 1 (Pred 1). Curr Old 49 (Pred 2) Free 6 Alloc 1
[2024-10-11T04:23:07.606+0800][debug][gc,ergo,cset] GC(459) Start adding old regions to collection set. Min 4 regions, max 7 regions, time remaining 49.01ms, optional threshold 9.80ms
[2024-10-11T04:23:07.606+0800][debug][gc,ergo,cset] GC(459) Finish adding old regions to collection set (Maximum number of regions). Initial 7 regions, optional 0 regions
[2024-10-11T04:23:07.606+0800][debug][gc,ergo,cset] GC(459) Finish choosing collection set old regions. Initial: 7, optional: 0, predicted old time: 0.00ms, predicted optional time: 0.00ms, time remaining: 48.18
[2024-10-11T04:23:07.711+0800][debug][gc,ergo,cset] GC(460) Start adding old regions to collection set. Min 4 regions, max 7 regions, time remaining 48.98ms, optional threshold 9.80ms
[2024-10-11T04:23:07.711+0800][debug][gc,ergo,cset] GC(460) Finish adding old regions to collection set (Maximum number of regions). Initial 7 regions, optional 0 regions
[2024-10-11T04:23:07.711+0800][debug][gc,ergo,cset] GC(460) Finish choosing collection set old regions. Initial: 7, optional: 0, predicted old time: 0.00ms, predicted optional time: 0.00ms, time remaining: 47.95
[2024-10-11T04:23:07.816+0800][debug][gc,ergo,cset] GC(461) Start adding old regions to collection set. Min 4 regions, max 7 regions, time remaining 48.96ms, optional threshold 9.79ms
[2024-10-11T04:23:07.816+0800][debug][gc,ergo,cset] GC(461) Old candidate collection set empty.
[2024-10-11T04:23:07.816+0800][debug][gc,ergo,cset] GC(461) Finish choosing collection set old regions. Initial: 7, optional: 0, predicted old time: 0.00ms, predicted optional time: 0.00ms, time remaining: 47.68
[2024-10-11T04:23:08.139+0800][debug][gc,ergo,cset] GC(465) Pruned 11 regions out of 43, leaving 6589880 bytes waste (allowed 6710886)
[2024-10-11T04:23:08.345+0800][debug][gc,ergo,cset] Preventive GC, insufficient free regions. Predicted need 5. Curr Eden 1 (Pred 2). Curr Survivor 1 (Pred 1). Curr Old 53 (Pred 2) Free 4 Alloc 1
[2024-10-11T04:23:08.345+0800][debug][gc,ergo,cset] GC(467) Start adding old regions to collection set. Min 4 regions, max 7 regions, time remaining 49.21ms, optional threshold 9.84ms
[2024-10-11T04:23:08.345+0800][debug][gc,ergo,cset] GC(467) Finish adding old regions to collection set (Maximum number of regions). Initial 7 regions, optional 0 regions
[2024-10-11T04:23:08.345+0800][debug][gc,ergo,cset] GC(467) Finish choosing collection set old regions. Initial: 7, optional: 0, predicted old time: 0.00ms, predicted optional time: 0.00ms, time remaining: 48.54
[2024-10-11T04:23:08.388+0800][debug][gc,ergo,cset] Preventive GC, insufficient free regions. Predicted need 5. Curr Eden 1 (Pred 2). Curr Survivor 1 (Pred 1). Curr Old 52 (Pred 2) Free 5 Alloc 1
[2024-10-11T04:23:08.388+0800][debug][gc,ergo,cset] GC(468) Start adding old regions to collection set. Min 4 regions, max 7 regions, time remaining 49.18ms, optional threshold 9.84ms
[2024-10-11T04:23:08.388+0800][debug][gc,ergo,cset] GC(468) Finish adding old regions to collection set (Maximum number of regions). Initial 7 regions, optional 0 regions
[2024-10-11T04:23:08.388+0800][debug][gc,ergo,cset] GC(468) Finish choosing collection set old regions. Initial: 7, optional: 0, predicted old time: 0.00ms, predicted optional time: 0.00ms, time remaining: 48.29
[2024-10-11T04:23:08.451+0800][debug][gc,ergo,cset] Preventive GC, insufficient free regions. Predicted need 6. Curr Eden 1 (Pred 2). Curr Survivor 1 (Pred 1). Curr Old 55 (Pred 3) Free 2 Alloc 1
[2024-10-11T04:23:08.452+0800][debug][gc,ergo,cset] GC(469) Start adding old regions to collection set. Min 4 regions, max 7 regions, time remaining 49.13ms, optional threshold 9.83ms
[2024-10-11T04:23:08.452+0800][debug][gc,ergo,cset] GC(469) Finish adding old regions to collection set (Maximum number of regions). Initial 7 regions, optional 0 regions
[2024-10-11T04:23:08.452+0800][debug][gc,ergo,cset] GC(469) Finish choosing collection set old regions. Initial: 7, optional: 0, predicted old time: 0.00ms, predicted optional time: 0.00ms, time remaining: 48.08
[2024-10-11T04:23:08.495+0800][debug][gc,ergo,cset] GC(470) Start adding old regions to collection set. Min 4 regions, max 7 regions, time remaining 48.95ms, optional threshold 9.79ms
[2024-10-11T04:23:08.495+0800][debug][gc,ergo,cset] GC(470) Finish adding old regions to collection set (Maximum number of regions). Initial 7 regions, optional 0 regions
[2024-10-11T04:23:08.495+0800][debug][gc,ergo,cset] GC(470) Finish choosing collection set old regions. Initial: 7, optional: 0, predicted old time: 0.00ms, predicted optional time: 0.00ms, time remaining: 47.83
[2024-10-11T04:23:09.165+0800][debug][gc,ergo,cset] GC(477) Pruned 11 regions out of 37, leaving 6587904 bytes waste (allowed 6710886)
[2024-10-11T04:23:09.413+0800][debug][gc,ergo,cset] Preventive GC, insufficient free regions. Predicted need 5. Curr Eden 2 (Pred 3). Curr Survivor 1 (Pred 1). Curr Old 51 (Pred 1) Free 5 Alloc 1
[2024-10-11T04:23:09.413+0800][debug][gc,ergo,cset] GC(479) Start adding old regions to collection set. Min 4 regions, max 7 regions, time remaining 49.02ms, optional threshold 9.80ms
[2024-10-11T04:23:09.413+0800][debug][gc,ergo,cset] GC(479) Finish adding old regions to collection set (Maximum number of regions). Initial 7 regions, optional 0 regions
[2024-10-11T04:23:09.413+0800][debug][gc,ergo,cset] GC(479) Finish choosing collection set old regions. Initial: 7, optional: 0, predicted old time: 0.00ms, predicted optional time: 0.00ms, time remaining: 48.47
[2024-10-11T04:23:09.517+0800][debug][gc,ergo,cset] GC(480) Start adding old regions to collection set. Min 4 regions, max 7 regions, time remaining 49.01ms, optional threshold 9.80ms
[2024-10-11T04:23:09.517+0800][debug][gc,ergo,cset] GC(480) Finish adding old regions to collection set (Maximum number of regions). Initial 7 regions, optional 0 regions
[2024-10-11T04:23:09.517+0800][debug][gc,ergo,cset] GC(480) Finish choosing collection set old regions. Initial: 7, optional: 0, predicted old time: 0.00ms, predicted optional time: 0.00ms, time remaining: 48.10
[2024-10-11T04:23:09.622+0800][debug][gc,ergo,cset] GC(481) Start adding old regions to collection set. Min 4 regions, max 7 regions, time remaining 48.93ms, optional threshold 9.79ms
[2024-10-11T04:23:09.622+0800][debug][gc,ergo,cset] GC(481) Finish adding old regions to collection set (Maximum number of regions). Initial 7 regions, optional 0 regions
[2024-10-11T04:23:09.622+0800][debug][gc,ergo,cset] GC(481) Finish choosing collection set old regions. Initial: 7, optional: 0, predicted old time: 0.00ms, predicted optional time: 0.00ms, time remaining: 47.75
[2024-10-11T04:23:09.727+0800][debug][gc,ergo,cset] GC(482) Start adding old regions to collection set. Min 4 regions, max 7 regions, time remaining 48.92ms, optional threshold 9.78ms
[2024-10-11T04:23:09.727+0800][debug][gc,ergo,cset] GC(482) Old candidate collection set empty.
[2024-10-11T04:23:09.727+0800][debug][gc,ergo,cset] GC(482) Finish choosing collection set old regions. Initial: 5, optional: 0, predicted old time: 0.00ms, predicted optional time: 0.00ms, time remaining: 47.94
[2024-10-11T04:23:10.050+0800][debug][gc,ergo,cset] GC(486) Pruned 11 regions out of 45, leaving 6341256 bytes waste (allowed 6710886)
[2024-10-11T04:23:10.193+0800][debug][gc,ergo,cset] Preventive GC, insufficient free regions. Predicted need 4. Curr Eden 2 (Pred 3). Curr Survivor 1 (Pred 1). Curr Old 52 (Pred 0) Free 4 Alloc 1
[2024-10-11T04:23:10.256+0800][debug][gc,ergo,cset] Preventive GC, insufficient free regions. Predicted need 5. Curr Eden 1 (Pred 2). Curr Survivor 1 (Pred 1). Curr Old 55 (Pred 2) Free 2 Alloc 1
[2024-10-11T04:23:10.256+0800][debug][gc,ergo,cset] GC(488) Start adding old regions to collection set. Min 5 regions, max 7 regions, time remaining 49.21ms, optional threshold 9.84ms
[2024-10-11T04:23:10.256+0800][debug][gc,ergo,cset] GC(488) Finish adding old regions to collection set (Maximum number of regions). Initial 7 regions, optional 0 regions
[2024-10-11T04:23:10.256+0800][debug][gc,ergo,cset] GC(488) Finish choosing collection set old regions. Initial: 7, optional: 0, predicted old time: 0.00ms, predicted optional time: 0.00ms, time remaining: 48.75
[2024-10-11T04:23:10.299+0800][debug][gc,ergo,cset] Preventive GC, insufficient free regions. Predicted need 5. Curr Eden 1 (Pred 2). Curr Survivor 1 (Pred 1). Curr Old 54 (Pred 2) Free 3 Alloc 1
[2024-10-11T04:23:10.299+0800][debug][gc,ergo,cset] GC(489) Start adding old regions to collection set. Min 5 regions, max 7 regions, time remaining 49.19ms, optional threshold 9.84ms
[2024-10-11T04:23:10.299+0800][debug][gc,ergo,cset] GC(489) Finish adding old regions to collection set (Maximum number of regions). Initial 7 regions, optional 0 regions
[2024-10-11T04:23:10.299+0800][debug][gc,ergo,cset] GC(489) Finish choosing collection set old regions. Initial: 7, optional: 0, predicted old time: 0.00ms, predicted optional time: 0.00ms, time remaining: 48.47
[2024-10-11T04:23:10.362+0800][debug][gc,ergo,cset] Preventive GC, insufficient free regions. Predicted need 7. Curr Eden 1 (Pred 2). Curr Survivor 1 (Pred 1). Curr Old 53 (Pred 4) Free 4 Alloc 1
[2024-10-11T04:23:10.362+0800][debug][gc,ergo,cset] GC(490) Start adding old regions to collection set. Min 5 regions, max 7 regions, time remaining 49.18ms, optional threshold 9.84ms
[2024-10-11T04:23:10.362+0800][debug][gc,ergo,cset] GC(490) Finish adding old regions to collection set (Maximum number of regions). Initial 7 regions, optional 0 regions
[2024-10-11T04:23:10.362+0800][debug][gc,ergo,cset] GC(490) Finish choosing collection set old regions. Initial: 7, optional: 0, predicted old time: 0.00ms, predicted optional time: 0.00ms, time remaining: 48.17
[2024-10-11T04:23:10.405+0800][debug][gc,ergo,cset] Preventive GC, insufficient free regions. Predicted need 7. Curr Eden 1 (Pred 2). Curr Survivor 1 (Pred 1). Curr Old 56 (Pred 4) Free 1 Alloc 1
[2024-10-11T04:23:10.405+0800][debug][gc,ergo,cset] GC(491) Start adding old regions to collection set. Min 5 regions, max 7 regions, time remaining 49.17ms, optional threshold 9.83ms
[2024-10-11T04:23:10.405+0800][debug][gc,ergo,cset] GC(491) Finish adding old regions to collection set (Maximum number of regions). Initial 7 regions, optional 0 regions
[2024-10-11T04:23:10.405+0800][debug][gc,ergo,cset] GC(491) Finish choosing collection set old regions. Initial: 7, optional: 0, predicted old time: 0.00ms, predicted optional time: 0.00ms, time remaining: 48.01
[2024-10-11T04:23:10.468+0800][debug][gc,ergo,cset] GC(492) Start adding old regions to collection set. Min 5 regions, max 7 regions, time remaining 49.12ms, optional threshold 9.82ms
[2024-10-11T04:23:10.468+0800][debug][gc,ergo,cset] GC(492) Old candidate collection set empty.
[2024-10-11T04:23:10.468+0800][debug][gc,ergo,cset] GC(492) Finish choosing collection set old regions. Initial: 6, optional: 0, predicted old time: 0.00ms, predicted optional time: 0.00ms, time remaining: 48.03
[2024-10-11T04:23:11.080+0800][debug][gc,ergo,cset] GC(499) Pruned 11 regions out of 39, leaving 6143792 bytes waste (allowed 6710886)
[2024-10-11T04:23:11.327+0800][debug][gc,ergo,cset] Preventive GC, insufficient free regions. Predicted need 6. Curr Eden 2 (Pred 3). Curr Survivor 1 (Pred 1). Curr Old 51 (Pred 2) Free 5 Alloc 1
[2024-10-11T04:23:11.327+0800][debug][gc,ergo,cset] GC(501) Start adding old regions to collection set. Min 4 regions, max 7 regions, time remaining 49.04ms, optional threshold 9.81ms
[2024-10-11T04:23:11.327+0800][debug][gc,ergo,cset] GC(501) Finish adding old regions to collection set (Maximum number of regions). Initial 7 regions, optional 0 regions
[2024-10-11T04:23:11.327+0800][debug][gc,ergo,cset] GC(501) Finish choosing collection set old regions. Initial: 7, optional: 0, predicted old time: 0.00ms, predicted optional time: 0.00ms, time remaining: 48.42
[2024-10-11T04:23:11.431+0800][debug][gc,ergo,cset] GC(502) Start adding old regions to collection set. Min 4 regions, max 7 regions, time remaining 48.97ms, optional threshold 9.79ms
[2024-10-11T04:23:11.431+0800][debug][gc,ergo,cset] GC(502) Finish adding old regions to collection set (Maximum number of regions). Initial 7 regions, optional 0 regions
[2024-10-11T04:23:11.431+0800][debug][gc,ergo,cset] GC(502) Finish choosing collection set old regions. Initial: 7, optional: 0, predicted old time: 0.00ms, predicted optional time: 0.00ms, time remaining: 48.00
[2024-10-11T04:23:11.536+0800][debug][gc,ergo,cset] GC(503) Start adding old regions to collection set. Min 4 regions, max 7 regions, time remaining 48.96ms, optional threshold 9.79ms
[2024-10-11T04:23:11.536+0800][debug][gc,ergo,cset] GC(503) Finish adding old regions to collection set (Maximum number of regions). Initial 7 regions, optional 0 regions
[2024-10-11T04:23:11.536+0800][debug][gc,ergo,cset] GC(503) Finish choosing collection set old regions. Initial: 7, optional: 0, predicted old time: 0.00ms, predicted optional time: 0.00ms, time remaining: 47.81
[2024-10-11T04:23:11.641+0800][debug][gc,ergo,cset] GC(504) Start adding old regions to collection set. Min 4 regions, max 7 regions, time remaining 48.93ms, optional threshold 9.79ms
[2024-10-11T04:23:11.641+0800][debug][gc,ergo,cset] GC(504) Old candidate collection set empty.
[2024-10-11T04:23:11.641+0800][debug][gc,ergo,cset] GC(504) Finish choosing collection set old regions. Initial: 7, optional: 0, predicted old time: 0.00ms, predicted optional time: 0.00ms, time remaining: 47.66
[2024-10-11T04:23:11.964+0800][debug][gc,ergo,cset] GC(508) Pruned 11 regions out of 39, leaving 6222640 bytes waste (allowed 6710886)
[2024-10-11T04:23:12.108+0800][debug][gc,ergo,cset] Preventive GC, insufficient free regions. Predicted need 4. Curr Eden 2 (Pred 3). Curr Survivor 1 (Pred 1). Curr Old 51 (Pred 0) Free 4 Alloc 1
[2024-10-11T04:23:12.171+0800][debug][gc,ergo,cset] Preventive GC, insufficient free regions. Predicted need 4. Curr Eden 1 (Pred 2). Curr Survivor 1 (Pred 1). Curr Old 53 (Pred 1) Free 4 Alloc 1
[2024-10-11T04:23:12.171+0800][debug][gc,ergo,cset] GC(510) Start adding old regions to collection set. Min 4 regions, max 7 regions, time remaining 49.18ms, optional threshold 9.84ms
[2024-10-11T04:23:12.171+0800][debug][gc,ergo,cset] GC(510) Finish adding old regions to collection set (Maximum number of regions). Initial 7 regions, optional 0 regions
[2024-10-11T04:23:12.171+0800][debug][gc,ergo,cset] GC(510) Finish choosing collection set old regions. Initial: 7, optional: 0, predicted old time: 0.00ms, predicted optional time: 0.00ms, time remaining: 48.68
[2024-10-11T04:23:12.276+0800][debug][gc,ergo,cset] GC(511) Start adding old regions to collection set. Min 4 regions, max 7 regions, time remaining 48.95ms, optional threshold 9.79ms
[2024-10-11T04:23:12.276+0800][debug][gc,ergo,cset] GC(511) Finish adding old regions to collection set (Maximum number of regions). Initial 7 regions, optional 0 regions
[2024-10-11T04:23:12.276+0800][debug][gc,ergo,cset] GC(511) Finish choosing collection set old regions. Initial: 7, optional: 0, predicted old time: 0.00ms, predicted optional time: 0.00ms, time remaining: 48.04
[2024-10-11T04:23:12.380+0800][debug][gc,ergo,cset] GC(512) Start adding old regions to collection set. Min 4 regions, max 7 regions, time remaining 48.86ms, optional threshold 9.77ms
[2024-10-11T04:23:12.380+0800][debug][gc,ergo,cset] GC(512) Finish adding old regions to collection set (Maximum number of regions). Initial 7 regions, optional 0 regions
[2024-10-11T04:23:12.380+0800][debug][gc,ergo,cset] GC(512) Finish choosing collection set old regions. Initial: 7, optional: 0, predicted old time: 0.00ms, predicted optional time: 0.00ms, time remaining: 47.57
[2024-10-11T04:23:12.485+0800][debug][gc,ergo,cset] GC(513) Start adding old regions to collection set. Min 4 regions, max 7 regions, time remaining 48.86ms, optional threshold 9.77ms
[2024-10-11T04:23:12.485+0800][debug][gc,ergo,cset] GC(513) Old candidate collection set empty.
[2024-10-11T04:23:12.485+0800][debug][gc,ergo,cset] GC(513) Finish choosing collection set old regions. Initial: 7, optional: 0, predicted old time: 0.00ms, predicted optional time: 0.00ms, time remaining: 47.52
[2024-10-11T04:23:12.807+0800][debug][gc,ergo,cset] GC(517) Pruned 12 regions out of 39, leaving 6516624 bytes waste (allowed 6710886)
[2024-10-11T04:23:13.055+0800][debug][gc,ergo,cset] Preventive GC, insufficient free regions. Predicted need 5. Curr Eden 2 (Pred 3). Curr Survivor 1 (Pred 1). Curr Old 52 (Pred 1) Free 4 Alloc 1
[2024-10-11T04:23:13.055+0800][debug][gc,ergo,cset] GC(519) Start adding old regions to collection set. Min 4 regions, max 7 regions, time remaining 48.99ms, optional threshold 9.80ms
[2024-10-11T04:23:13.055+0800][debug][gc,ergo,cset] GC(519) Finish adding old regions to collection set (Maximum number of regions). Initial 7 regions, optional 0 regions
[2024-10-11T04:23:13.055+0800][debug][gc,ergo,cset] GC(519) Finish choosing collection set old regions. Initial: 7, optional: 0, predicted old time: 0.00ms, predicted optional time: 0.00ms, time remaining: 48.47
[2024-10-11T04:23:13.118+0800][debug][gc,ergo,cset] Preventive GC, insufficient free regions. Predicted need 5. Curr Eden 1 (Pred 2). Curr Survivor 1 (Pred 1). Curr Old 54 (Pred 2) Free 3 Alloc 1
[2024-10-11T04:23:13.118+0800][debug][gc,ergo,cset] GC(520) Start adding old regions to collection set. Min 4 regions, max 7 regions, time remaining 49.19ms, optional threshold 9.84ms
[2024-10-11T04:23:13.118+0800][debug][gc,ergo,cset] GC(520) Finish adding old regions to collection set (Maximum number of regions). Initial 7 regions, optional 0 regions
[2024-10-11T04:23:13.118+0800][debug][gc,ergo,cset] GC(520) Finish choosing collection set old regions. Initial: 7, optional: 0, predicted old time: 0.00ms, predicted optional time: 0.00ms, time remaining: 48.34
[2024-10-11T04:23:13.161+0800][debug][gc,ergo,cset] Preventive GC, insufficient free regions. Predicted need 6. Curr Eden 1 (Pred 2). Curr Survivor 1 (Pred 1). Curr Old 55 (Pred 3) Free 2 Alloc 1
[2024-10-11T04:23:13.162+0800][debug][gc,ergo,cset] GC(521) Start adding old regions to collection set. Min 4 regions, max 7 regions, time remaining 49.15ms, optional threshold 9.83ms
[2024-10-11T04:23:13.162+0800][debug][gc,ergo,cset] GC(521) Finish adding old regions to collection set (Maximum number of regions). Initial 7 regions, optional 0 regions
[2024-10-11T04:23:13.162+0800][debug][gc,ergo,cset] GC(521) Finish choosing collection set old regions. Initial: 7, optional: 0, predicted old time: 0.00ms, predicted optional time: 0.00ms, time remaining: 48.08
[2024-10-11T04:23:13.224+0800][debug][gc,ergo,cset] GC(522) Start adding old regions to collection set. Min 4 regions, max 7 regions, time remaining 49.14ms, optional threshold 9.83ms
[2024-10-11T04:23:13.224+0800][debug][gc,ergo,cset] GC(522) Old candidate collection set empty.
[2024-10-11T04:23:13.224+0800][debug][gc,ergo,cset] GC(522) Finish choosing collection set old regions. Initial: 6, optional: 0, predicted old time: 0.00ms, predicted optional time: 0.00ms, time remaining: 48.08
[2024-10-11T04:23:13.877+0800][debug][gc,ergo,cset] GC(529) Pruned 10 regions out of 35, leaving 6341120 bytes waste (allowed 6710886)
[2024-10-11T04:23:14.125+0800][debug][gc,ergo,cset] Preventive GC, insufficient free regions. Predicted need 6. Curr Eden 2 (Pred 3). Curr Survivor 1 (Pred 1). Curr Old 51 (Pred 2) Free 5 Alloc 1
[2024-10-11T04:23:14.125+0800][debug][gc,ergo,cset] GC(531) Start adding old regions to collection set. Min 4 regions, max 7 regions, time remaining 49.04ms, optional threshold 9.81ms
[2024-10-11T04:23:14.125+0800][debug][gc,ergo,cset] GC(531) Finish adding old regions to collection set (Maximum number of regions). Initial 7 regions, optional 0 regions
[2024-10-11T04:23:14.125+0800][debug][gc,ergo,cset] GC(531) Finish choosing collection set old regions. Initial: 7, optional: 0, predicted old time: 0.00ms, predicted optional time: 0.00ms, time remaining: 48.47
[2024-10-11T04:23:14.229+0800][debug][gc,ergo,cset] GC(532) Start adding old regions to collection set. Min 4 regions, max 7 regions, time remaining 48.98ms, optional threshold 9.80ms
[2024-10-11T04:23:14.229+0800][debug][gc,ergo,cset] GC(532) Finish adding old regions to collection set (Maximum number of regions). Initial 7 regions, optional 0 regions
[2024-10-11T04:23:14.229+0800][debug][gc,ergo,cset] GC(532) Finish choosing collection set old regions. Initial: 7, optional: 0, predicted old time: 0.00ms, predicted optional time: 0.00ms, time remaining: 48.08
[2024-10-11T04:23:14.334+0800][debug][gc,ergo,cset] GC(533) Start adding old regions to collection set. Min 4 regions, max 7 regions, time remaining 48.97ms, optional threshold 9.79ms
[2024-10-11T04:23:14.334+0800][debug][gc,ergo,cset] GC(533) Finish adding old regions to collection set (Maximum number of regions). Initial 7 regions, optional 0 regions
[2024-10-11T04:23:14.334+0800][debug][gc,ergo,cset] GC(533) Finish choosing collection set old regions. Initial: 7, optional: 0, predicted old time: 0.00ms, predicted optional time: 0.00ms, time remaining: 47.83
[2024-10-11T04:23:14.439+0800][debug][gc,ergo,cset] GC(534) Start adding old regions to collection set. Min 4 regions, max 7 regions, time remaining 48.96ms, optional threshold 9.79ms
[2024-10-11T04:23:14.439+0800][debug][gc,ergo,cset] GC(534) Old candidate collection set empty.
[2024-10-11T04:23:14.439+0800][debug][gc,ergo,cset] GC(534) Finish choosing collection set old regions. Initial: 4, optional: 0, predicted old time: 0.00ms, predicted optional time: 0.00ms, time remaining: 48.29
[2024-10-11T04:23:14.761+0800][debug][gc,ergo,cset] GC(538) Pruned 11 regions out of 45, leaving 6251920 bytes waste (allowed 6710886)
[2024-10-11T04:23:14.904+0800][debug][gc,ergo,cset] Preventive GC, insufficient free regions. Predicted need 4. Curr Eden 2 (Pred 3). Curr Survivor 1 (Pred 1). Curr Old 52 (Pred 0) Free 4 Alloc 1
[2024-10-11T04:23:14.968+0800][debug][gc,ergo,cset] Preventive GC, insufficient free regions. Predicted need 5. Curr Eden 1 (Pred 2). Curr Survivor 1 (Pred 1). Curr Old 54 (Pred 2) Free 3 Alloc 1
[2024-10-11T04:23:14.968+0800][debug][gc,ergo,cset] GC(540) Start adding old regions to collection set. Min 5 regions, max 7 regions, time remaining 49.16ms, optional threshold 9.83ms
[2024-10-11T04:23:14.968+0800][debug][gc,ergo,cset] GC(540) Finish adding old regions to collection set (Maximum number of regions). Initial 7 regions, optional 0 regions
[2024-10-11T04:23:14.968+0800][debug][gc,ergo,cset] GC(540) Finish choosing collection set old regions. Initial: 7, optional: 0, predicted old time: 0.00ms, predicted optional time: 0.00ms, time remaining: 48.48
[2024-10-11T04:23:15.010+0800][debug][gc,ergo,cset] Preventive GC, insufficient free regions. Predicted need 6. Curr Eden 1 (Pred 2). Curr Survivor 1 (Pred 1). Curr Old 53 (Pred 3) Free 4 Alloc 1
[2024-10-11T04:23:15.011+0800][debug][gc,ergo,cset] GC(541) Start adding old regions to collection set. Min 5 regions, max 7 regions, time remaining 49.01ms, optional threshold 9.80ms
[2024-10-11T04:23:15.011+0800][debug][gc,ergo,cset] GC(541) Finish adding old regions to collection set (Maximum number of regions). Initial 7 regions, optional 0 regions
[2024-10-11T04:23:15.011+0800][debug][gc,ergo,cset] GC(541) Finish choosing collection set old regions. Initial: 7, optional: 0, predicted old time: 0.00ms, predicted optional time: 0.00ms, time remaining: 48.11
[2024-10-11T04:23:15.074+0800][debug][gc,ergo,cset] Preventive GC, insufficient free regions. Predicted need 6. Curr Eden 1 (Pred 2). Curr Survivor 1 (Pred 1). Curr Old 52 (Pred 3) Free 5 Alloc 1
[2024-10-11T04:23:15.074+0800][debug][gc,ergo,cset] GC(542) Start adding old regions to collection set. Min 5 regions, max 7 regions, time remaining 49.04ms, optional threshold 9.81ms
[2024-10-11T04:23:15.074+0800][debug][gc,ergo,cset] GC(542) Finish adding old regions to collection set (Maximum number of regions). Initial 7 regions, optional 0 regions
[2024-10-11T04:23:15.074+0800][debug][gc,ergo,cset] GC(542) Finish choosing collection set old regions. Initial: 7, optional: 0, predicted old time: 0.00ms, predicted optional time: 0.00ms, time remaining: 47.74
[2024-10-11T04:23:15.117+0800][debug][gc,ergo,cset] Preventive GC, insufficient free regions. Predicted need 7. Curr Eden 1 (Pred 2). Curr Survivor 1 (Pred 1). Curr Old 52 (Pred 4) Free 5 Alloc 1
[2024-10-11T04:23:15.117+0800][debug][gc,ergo,cset] GC(543) Start adding old regions to collection set. Min 5 regions, max 7 regions, time remaining 49.05ms, optional threshold 9.81ms
[2024-10-11T04:23:15.117+0800][debug][gc,ergo,cset] GC(543) Finish adding old regions to collection set (Maximum number of regions). Initial 7 regions, optional 0 regions
[2024-10-11T04:23:15.117+0800][debug][gc,ergo,cset] GC(543) Finish choosing collection set old regions. Initial: 7, optional: 0, predicted old time: 0.00ms, predicted optional time: 0.00ms, time remaining: 47.72
[2024-10-11T04:23:15.181+0800][debug][gc,ergo,cset] Preventive GC, insufficient free regions. Predicted need 8. Curr Eden 1 (Pred 2). Curr Survivor 1 (Pred 1). Curr Old 56 (Pred 5) Free 1 Alloc 1
[2024-10-11T04:23:15.181+0800][debug][gc,ergo,cset] GC(544) Start adding old regions to collection set. Min 5 regions, max 7 regions, time remaining 49.12ms, optional threshold 9.82ms
[2024-10-11T04:23:15.181+0800][debug][gc,ergo,cset] GC(544) Old candidate collection set empty.
[2024-10-11T04:23:15.181+0800][debug][gc,ergo,cset] GC(544) Finish choosing collection set old regions. Initial: 6, optional: 0, predicted old time: 0.00ms, predicted optional time: 0.00ms, time remaining: 47.93
[2024-10-11T04:23:15.923+0800][debug][gc,ergo,cset] GC(553) Pruned 9 regions out of 36, leaving 6338392 bytes waste (allowed 6710886)
[2024-10-11T04:23:16.170+0800][debug][gc,ergo,cset] Preventive GC, insufficient free regions. Predicted need 6. Curr Eden 2 (Pred 3). Curr Survivor 1 (Pred 1). Curr Old 51 (Pred 2) Free 5 Alloc 1
[2024-10-11T04:23:16.170+0800][debug][gc,ergo,cset] GC(555) Start adding old regions to collection set. Min 4 regions, max 7 regions, time remaining 47.32ms, optional threshold 9.46ms
[2024-10-11T04:23:16.170+0800][debug][gc,ergo,cset] GC(555) Finish adding old regions to collection set (Maximum number of regions). Initial 7 regions, optional 0 regions
[2024-10-11T04:23:16.170+0800][debug][gc,ergo,cset] GC(555) Finish choosing collection set old regions. Initial: 7, optional: 0, predicted old time: 0.00ms, predicted optional time: 0.00ms, time remaining: 45.31
[2024-10-11T04:23:16.278+0800][debug][gc,ergo,cset] GC(556) Start adding old regions to collection set. Min 4 regions, max 7 regions, time remaining 47.03ms, optional threshold 9.41ms
[2024-10-11T04:23:16.278+0800][debug][gc,ergo,cset] GC(556) Finish adding old regions to collection set (Maximum number of regions). Initial 7 regions, optional 0 regions
[2024-10-11T04:23:16.278+0800][debug][gc,ergo,cset] GC(556) Finish choosing collection set old regions. Initial: 7, optional: 0, predicted old time: 0.00ms, predicted optional time: 0.00ms, time remaining: 43.56
[2024-10-11T04:23:16.388+0800][debug][gc,ergo,cset] GC(557) Start adding old regions to collection set. Min 4 regions, max 7 regions, time remaining 46.73ms, optional threshold 9.35ms
[2024-10-11T04:23:16.388+0800][debug][gc,ergo,cset] GC(557) Finish adding old regions to collection set (Maximum number of regions). Initial 7 regions, optional 0 regions
[2024-10-11T04:23:16.388+0800][debug][gc,ergo,cset] GC(557) Finish choosing collection set old regions. Initial: 7, optional: 0, predicted old time: 0.00ms, predicted optional time: 0.00ms, time remaining: 42.15
[2024-10-11T04:23:16.497+0800][debug][gc,ergo,cset] GC(558) Start adding old regions to collection set. Min 4 regions, max 7 regions, time remaining 46.79ms, optional threshold 9.36ms
[2024-10-11T04:23:16.497+0800][debug][gc,ergo,cset] GC(558) Old candidate collection set empty.
[2024-10-11T04:23:16.497+0800][debug][gc,ergo,cset] GC(558) Finish choosing collection set old regions. Initial: 6, optional: 0, predicted old time: 0.00ms, predicted optional time: 0.00ms, time remaining: 42.57
[2024-10-11T04:23:16.829+0800][debug][gc,ergo,cset] GC(562) Pruned 10 regions out of 40, leaving 6608912 bytes waste (allowed 6710886)
[2024-10-11T04:23:17.036+0800][debug][gc,ergo,cset] Preventive GC, insufficient free regions. Predicted need 4. Curr Eden 1 (Pred 2). Curr Survivor 1 (Pred 1). Curr Old 53 (Pred 1) Free 4 Alloc 1
[2024-10-11T04:23:17.036+0800][debug][gc,ergo,cset] GC(564) Start adding old regions to collection set. Min 4 regions, max 7 regions, time remaining 48.44ms, optional threshold 9.69ms
[2024-10-11T04:23:17.036+0800][debug][gc,ergo,cset] GC(564) Finish adding old regions to collection set (Maximum number of regions). Initial 7 regions, optional 0 regions
[2024-10-11T04:23:17.036+0800][debug][gc,ergo,cset] GC(564) Finish choosing collection set old regions. Initial: 7, optional: 0, predicted old time: 0.00ms, predicted optional time: 0.00ms, time remaining: 46.89
[2024-10-11T04:23:17.140+0800][debug][gc,ergo,cset] Preventive GC, insufficient free regions. Predicted need 6. Curr Eden 2 (Pred 3). Curr Survivor 1 (Pred 1). Curr Old 50 (Pred 2) Free 6 Alloc 1
[2024-10-11T04:23:17.140+0800][debug][gc,ergo,cset] GC(565) Start adding old regions to collection set. Min 4 regions, max 7 regions, time remaining 47.77ms, optional threshold 9.55ms
[2024-10-11T04:23:17.140+0800][debug][gc,ergo,cset] GC(565) Finish adding old regions to collection set (Maximum number of regions). Initial 7 regions, optional 0 regions
[2024-10-11T04:23:17.140+0800][debug][gc,ergo,cset] GC(565) Finish choosing collection set old regions. Initial: 7, optional: 0, predicted old time: 0.00ms, predicted optional time: 0.00ms, time remaining: 45.26
[2024-10-11T04:23:17.247+0800][debug][gc,ergo,cset] Preventive GC, insufficient free regions. Predicted need 7. Curr Eden 2 (Pred 3). Curr Survivor 1 (Pred 1). Curr Old 50 (Pred 3) Free 6 Alloc 1
[2024-10-11T04:23:17.247+0800][debug][gc,ergo,cset] GC(566) Start adding old regions to collection set. Min 4 regions, max 7 regions, time remaining 47.77ms, optional threshold 9.55ms
[2024-10-11T04:23:17.247+0800][debug][gc,ergo,cset] GC(566) Finish adding old regions to collection set (Maximum number of regions). Initial 7 regions, optional 0 regions
[2024-10-11T04:23:17.247+0800][debug][gc,ergo,cset] GC(566) Finish choosing collection set old regions. Initial: 7, optional: 0, predicted old time: 0.00ms, predicted optional time: 0.00ms, time remaining: 44.94
[2024-10-11T04:23:17.313+0800][debug][gc,ergo,cset] Preventive GC, insufficient free regions. Predicted need 6. Curr Eden 1 (Pred 2). Curr Survivor 1 (Pred 1). Curr Old 53 (Pred 3) Free 4 Alloc 1
[2024-10-11T04:23:17.313+0800][debug][gc,ergo,cset] GC(567) Start adding old regions to collection set. Min 4 regions, max 7 regions, time remaining 48.45ms, optional threshold 9.69ms
[2024-10-11T04:23:17.313+0800][debug][gc,ergo,cset] GC(567) Finish adding old regions to collection set (Maximum number of regions). Initial 7 regions, optional 0 regions
[2024-10-11T04:23:17.313+0800][debug][gc,ergo,cset] GC(567) Finish choosing collection set old regions. Initial: 7, optional: 0, predicted old time: 0.00ms, predicted optional time: 0.00ms, time remaining: 45.29
[2024-10-11T04:23:17.356+0800][debug][gc,ergo,cset] Preventive GC, insufficient free regions. Predicted need 5. Curr Eden 1 (Pred 2). Curr Survivor 1 (Pred 1). Curr Old 56 (Pred 2) Free 1 Alloc 1
[2024-10-11T04:23:17.356+0800][debug][gc,ergo,cset] GC(568) Start adding old regions to collection set. Min 4 regions, max 7 regions, time remaining 48.47ms, optional threshold 9.69ms
[2024-10-11T04:23:17.356+0800][debug][gc,ergo,cset] GC(568) Old candidate collection set empty.
[2024-10-11T04:23:17.356+0800][debug][gc,ergo,cset] GC(568) Finish choosing collection set old regions. Initial: 2, optional: 0, predicted old time: 0.00ms, predicted optional time: 0.00ms, time remaining: 47.53
[2024-10-11T04:23:18.078+0800][debug][gc,ergo,cset] GC(577) Pruned 11 regions out of 40, leaving 6608576 bytes waste (allowed 6710886)
[2024-10-11T04:23:18.325+0800][debug][gc,ergo,cset] Preventive GC, insufficient free regions. Predicted need 5. Curr Eden 2 (Pred 3). Curr Survivor 1 (Pred 1). Curr Old 52 (Pred 1) Free 4 Alloc 1
[2024-10-11T04:23:18.325+0800][debug][gc,ergo,cset] GC(579) Start adding old regions to collection set. Min 4 regions, max 7 regions, time remaining 48.69ms, optional threshold 9.74ms
[2024-10-11T04:23:18.325+0800][debug][gc,ergo,cset] GC(579) Finish adding old regions to collection set (Maximum number of regions). Initial 7 regions, optional 0 regions
[2024-10-11T04:23:18.325+0800][debug][gc,ergo,cset] GC(579) Finish choosing collection set old regions. Initial: 7, optional: 0, predicted old time: 0.00ms, predicted optional time: 0.00ms, time remaining: 47.80
[2024-10-11T04:23:18.388+0800][debug][gc,ergo,cset] Preventive GC, insufficient free regions. Predicted need 5. Curr Eden 1 (Pred 2). Curr Survivor 1 (Pred 1). Curr Old 53 (Pred 2) Free 4 Alloc 1
[2024-10-11T04:23:18.388+0800][debug][gc,ergo,cset] GC(580) Start adding old regions to collection set. Min 4 regions, max 7 regions, time remaining 48.98ms, optional threshold 9.80ms
[2024-10-11T04:23:18.388+0800][debug][gc,ergo,cset] GC(580) Finish adding old regions to collection set (Maximum number of regions). Initial 7 regions, optional 0 regions
[2024-10-11T04:23:18.388+0800][debug][gc,ergo,cset] GC(580) Finish choosing collection set old regions. Initial: 7, optional: 0, predicted old time: 0.00ms, predicted optional time: 0.00ms, time remaining: 47.52
[2024-10-11T04:23:18.432+0800][debug][gc,ergo,cset] GC(581) Start adding old regions to collection set. Min 4 regions, max 7 regions, time remaining 48.83ms, optional threshold 9.77ms
[2024-10-11T04:23:18.432+0800][debug][gc,ergo,cset] GC(581) Finish adding old regions to collection set (Maximum number of regions). Initial 7 regions, optional 0 regions
[2024-10-11T04:23:18.432+0800][debug][gc,ergo,cset] GC(581) Finish choosing collection set old regions. Initial: 7, optional: 0, predicted old time: 0.00ms, predicted optional time: 0.00ms, time remaining: 47.02
[2024-10-11T04:23:19.000+0800][debug][gc,ergo,cset] GC(587) Pruned 11 regions out of 31, leaving 6125776 bytes waste (allowed 6710886)
[2024-10-11T04:23:19.248+0800][debug][gc,ergo,cset] GC(589) Start adding old regions to collection set. Min 3 regions, max 7 regions, time remaining 48.89ms, optional threshold 9.78ms
[2024-10-11T04:23:19.248+0800][debug][gc,ergo,cset] GC(589) Finish adding old regions to collection set (Maximum number of regions). Initial 7 regions, optional 0 regions
[2024-10-11T04:23:19.248+0800][debug][gc,ergo,cset] GC(589) Finish choosing collection set old regions. Initial: 7, optional: 0, predicted old time: 0.00ms, predicted optional time: 0.00ms, time remaining: 48.15
[2024-10-11T04:23:19.352+0800][debug][gc,ergo,cset] GC(590) Start adding old regions to collection set. Min 3 regions, max 7 regions, time remaining 48.85ms, optional threshold 9.77ms
[2024-10-11T04:23:19.352+0800][debug][gc,ergo,cset] GC(590) Finish adding old regions to collection set (Maximum number of regions). Initial 7 regions, optional 0 regions
[2024-10-11T04:23:19.352+0800][debug][gc,ergo,cset] GC(590) Finish choosing collection set old regions. Initial: 7, optional: 0, predicted old time: 0.00ms, predicted optional time: 0.00ms, time remaining: 47.70
[2024-10-11T04:23:19.457+0800][debug][gc,ergo,cset] GC(591) Start adding old regions to collection set. Min 3 regions, max 7 regions, time remaining 48.87ms, optional threshold 9.77ms
[2024-10-11T04:23:19.457+0800][debug][gc,ergo,cset] GC(591) Old candidate collection set empty.
[2024-10-11T04:23:19.457+0800][debug][gc,ergo,cset] GC(591) Finish choosing collection set old regions. Initial: 6, optional: 0, predicted old time: 0.00ms, predicted optional time: 0.00ms, time remaining: 47.70
[2024-10-11T04:23:19.779+0800][debug][gc,ergo,cset] GC(595) Pruned 10 regions out of 36, leaving 6605104 bytes waste (allowed 6710886)
[2024-10-11T04:23:20.027+0800][debug][gc,ergo,cset] Preventive GC, insufficient free regions. Predicted need 5. Curr Eden 2 (Pred 3). Curr Survivor 1 (Pred 1). Curr Old 51 (Pred 1) Free 5 Alloc 1
[2024-10-11T04:23:20.027+0800][debug][gc,ergo,cset] GC(597) Start adding old regions to collection set. Min 4 regions, max 7 regions, time remaining 48.98ms, optional threshold 9.80ms
[2024-10-11T04:23:20.027+0800][debug][gc,ergo,cset] GC(597) Finish adding old regions to collection set (Maximum number of regions). Initial 7 regions, optional 0 regions
[2024-10-11T04:23:20.027+0800][debug][gc,ergo,cset] GC(597) Finish choosing collection set old regions. Initial: 7, optional: 0, predicted old time: 0.00ms, predicted optional time: 0.00ms, time remaining: 48.30
[2024-10-11T04:23:20.132+0800][debug][gc,ergo,cset] GC(598) Start adding old regions to collection set. Min 4 regions, max 7 regions, time remaining 48.93ms, optional threshold 9.79ms
[2024-10-11T04:23:20.132+0800][debug][gc,ergo,cset] GC(598) Finish adding old regions to collection set (Maximum number of regions). Initial 7 regions, optional 0 regions
[2024-10-11T04:23:20.132+0800][debug][gc,ergo,cset] GC(598) Finish choosing collection set old regions. Initial: 7, optional: 0, predicted old time: 0.00ms, predicted optional time: 0.00ms, time remaining: 47.72
[2024-10-11T04:23:20.236+0800][debug][gc,ergo,cset] GC(599) Start adding old regions to collection set. Min 4 regions, max 7 regions, time remaining 48.88ms, optional threshold 9.78ms
[2024-10-11T04:23:20.236+0800][debug][gc,ergo,cset] GC(599) Finish adding old regions to collection set (Maximum number of regions). Initial 7 regions, optional 0 regions
[2024-10-11T04:23:20.236+0800][debug][gc,ergo,cset] GC(599) Finish choosing collection set old regions. Initial: 7, optional: 0, predicted old time: 0.00ms, predicted optional time: 0.00ms, time remaining: 47.61
[2024-10-11T04:23:20.341+0800][debug][gc,ergo,cset] GC(600) Start adding old regions to collection set. Min 4 regions, max 7 regions, time remaining 48.90ms, optional threshold 9.78ms
[2024-10-11T04:23:20.341+0800][debug][gc,ergo,cset] GC(600) Old candidate collection set empty.
[2024-10-11T04:23:20.341+0800][debug][gc,ergo,cset] GC(600) Finish choosing collection set old regions. Initial: 5, optional: 0, predicted old time: 0.00ms, predicted optional time: 0.00ms, time remaining: 47.96
[2024-10-11T04:23:20.664+0800][debug][gc,ergo,cset] GC(604) Pruned 10 regions out of 40, leaving 5875576 bytes waste (allowed 6710886)
[2024-10-11T04:23:20.807+0800][debug][gc,ergo,cset] Preventive GC, insufficient free regions. Predicted need 4. Curr Eden 2 (Pred 3). Curr Survivor 1 (Pred 1). Curr Old 52 (Pred 0) Free 4 Alloc 1
[2024-10-11T04:23:20.870+0800][debug][gc,ergo,cset] Preventive GC, insufficient free regions. Predicted need 4. Curr Eden 1 (Pred 2). Curr Survivor 1 (Pred 1). Curr Old 54 (Pred 1) Free 3 Alloc 1
[2024-10-11T04:23:20.870+0800][debug][gc,ergo,cset] GC(606) Start adding old regions to collection set. Min 4 regions, max 7 regions, time remaining 49.20ms, optional threshold 9.84ms
[2024-10-11T04:23:20.870+0800][debug][gc,ergo,cset] GC(606) Finish adding old regions to collection set (Maximum number of regions). Initial 7 regions, optional 0 regions
[2024-10-11T04:23:20.870+0800][debug][gc,ergo,cset] GC(606) Finish choosing collection set old regions. Initial: 7, optional: 0, predicted old time: 0.00ms, predicted optional time: 0.00ms, time remaining: 48.60
[2024-10-11T04:23:20.974+0800][debug][gc,ergo,cset] Preventive GC, insufficient free regions. Predicted need 6. Curr Eden 2 (Pred 3). Curr Survivor 1 (Pred 1). Curr Old 50 (Pred 2) Free 6 Alloc 1
[2024-10-11T04:23:20.974+0800][debug][gc,ergo,cset] GC(607) Start adding old regions to collection set. Min 4 regions, max 7 regions, time remaining 48.98ms, optional threshold 9.80ms
[2024-10-11T04:23:20.974+0800][debug][gc,ergo,cset] GC(607) Finish adding old regions to collection set (Maximum number of regions). Initial 7 regions, optional 0 regions
[2024-10-11T04:23:20.974+0800][debug][gc,ergo,cset] GC(607) Finish choosing collection set old regions. Initial: 7, optional: 0, predicted old time: 0.00ms, predicted optional time: 0.00ms, time remaining: 48.17
[2024-10-11T04:23:20.976+0800][debug][gc,ergo,cset] Preventive GC, insufficient free regions. Predicted need 6. Curr Eden 1 (Pred 2). Curr Survivor 1 (Pred 1). Curr Old 51 (Pred 3) Free 6 Alloc 1
[2024-10-11T04:23:20.976+0800][debug][gc,ergo,cset] GC(608) Start adding old regions to collection set. Min 4 regions, max 7 regions, time remaining 49.17ms, optional threshold 9.83ms
[2024-10-11T04:23:20.976+0800][debug][gc,ergo,cset] GC(608) Finish adding old regions to collection set (Maximum number of regions). Initial 7 regions, optional 0 regions
[2024-10-11T04:23:20.976+0800][debug][gc,ergo,cset] GC(608) Finish choosing collection set old regions. Initial: 7, optional: 0, predicted old time: 0.00ms, predicted optional time: 0.00ms, time remaining: 48.20
[2024-10-11T04:23:21.101+0800][debug][gc,ergo,cset] Preventive GC, insufficient free regions. Predicted need 6. Curr Eden 2 (Pred 3). Curr Survivor 1 (Pred 1). Curr Old 49 (Pred 3) Free 6 Alloc 1
[2024-10-11T04:23:21.102+0800][debug][gc,ergo,cset] GC(609) Start adding old regions to collection set. Min 4 regions, max 7 regions, time remaining 48.95ms, optional threshold 9.79ms
[2024-10-11T04:23:21.102+0800][debug][gc,ergo,cset] GC(609) Finish adding old regions to collection set (Maximum number of regions). Initial 7 regions, optional 0 regions
[2024-10-11T04:23:21.102+0800][debug][gc,ergo,cset] GC(609) Finish choosing collection set old regions. Initial: 7, optional: 0, predicted old time: 0.00ms, predicted optional time: 0.00ms, time remaining: 47.74
[2024-10-11T04:23:21.206+0800][debug][gc,ergo,cset] Preventive GC, insufficient free regions. Predicted need 6. Curr Eden 2 (Pred 3). Curr Survivor 1 (Pred 1). Curr Old 51 (Pred 2) Free 5 Alloc 1
[2024-10-11T04:23:21.207+0800][debug][gc,ergo,cset] GC(610) Start adding old regions to collection set. Min 4 regions, max 7 regions, time remaining 48.96ms, optional threshold 9.79ms
[2024-10-11T04:23:21.207+0800][debug][gc,ergo,cset] GC(610) Old candidate collection set empty.
[2024-10-11T04:23:21.207+0800][debug][gc,ergo,cset] GC(610) Finish choosing collection set old regions. Initial: 2, optional: 0, predicted old time: 0.00ms, predicted optional time: 0.00ms, time remaining: 48.54
[2024-10-11T04:23:21.311+0800][debug][gc,ergo,cset] Preventive GC, insufficient free regions. Predicted need 4. Curr Eden 2 (Pred 3). Curr Survivor 1 (Pred 1). Curr Old 53 (Pred 0) Free 3 Alloc 1
[2024-10-11T04:23:21.322+0800][debug][gc,ergo,cset] GC(612) Pruned 10 regions out of 40, leaving 6148008 bytes waste (allowed 6710886)
[2024-10-11T04:23:21.466+0800][debug][gc,ergo,cset] Preventive GC, insufficient free regions. Predicted need 4. Curr Eden 2 (Pred 3). Curr Survivor 1 (Pred 1). Curr Old 53 (Pred 0) Free 3 Alloc 1
[2024-10-11T04:23:21.529+0800][debug][gc,ergo,cset] Preventive GC, insufficient free regions. Predicted need 4. Curr Eden 1 (Pred 2). Curr Survivor 1 (Pred 1). Curr Old 55 (Pred 1) Free 2 Alloc 1
[2024-10-11T04:23:21.529+0800][debug][gc,ergo,cset] GC(614) Start adding old regions to collection set. Min 4 regions, max 7 regions, time remaining 49.10ms, optional threshold 9.82ms
[2024-10-11T04:23:21.529+0800][debug][gc,ergo,cset] GC(614) Finish adding old regions to collection set (Maximum number of regions). Initial 7 regions, optional 0 regions
[2024-10-11T04:23:21.529+0800][debug][gc,ergo,cset] GC(614) Finish choosing collection set old regions. Initial: 7, optional: 0, predicted old time: 0.00ms, predicted optional time: 0.00ms, time remaining: 48.66
[2024-10-11T04:23:21.571+0800][debug][gc,ergo,cset] Preventive GC, insufficient free regions. Predicted need 5. Curr Eden 1 (Pred 2). Curr Survivor 1 (Pred 1). Curr Old 53 (Pred 2) Free 4 Alloc 1
[2024-10-11T04:23:21.571+0800][debug][gc,ergo,cset] GC(615) Start adding old regions to collection set. Min 4 regions, max 7 regions, time remaining 49.07ms, optional threshold 9.81ms
[2024-10-11T04:23:21.571+0800][debug][gc,ergo,cset] GC(615) Finish adding old regions to collection set (Maximum number of regions). Initial 7 regions, optional 0 regions
[2024-10-11T04:23:21.571+0800][debug][gc,ergo,cset] GC(615) Finish choosing collection set old regions. Initial: 7, optional: 0, predicted old time: 0.00ms, predicted optional time: 0.00ms, time remaining: 48.22
[2024-10-11T04:23:21.634+0800][debug][gc,ergo,cset] Preventive GC, insufficient free regions. Predicted need 6. Curr Eden 1 (Pred 2). Curr Survivor 1 (Pred 1). Curr Old 53 (Pred 3) Free 4 Alloc 1
[2024-10-11T04:23:21.634+0800][debug][gc,ergo,cset] GC(616) Start adding old regions to collection set. Min 4 regions, max 7 regions, time remaining 49.08ms, optional threshold 9.82ms
[2024-10-11T04:23:21.634+0800][debug][gc,ergo,cset] GC(616) Finish adding old regions to collection set (Maximum number of regions). Initial 7 regions, optional 0 regions
[2024-10-11T04:23:21.634+0800][debug][gc,ergo,cset] GC(616) Finish choosing collection set old regions. Initial: 7, optional: 0, predicted old time: 0.00ms, predicted optional time: 0.00ms, time remaining: 47.91
[2024-10-11T04:23:21.677+0800][debug][gc,ergo,cset] Preventive GC, insufficient free regions. Predicted need 6. Curr Eden 1 (Pred 2). Curr Survivor 1 (Pred 1). Curr Old 55 (Pred 3) Free 2 Alloc 1
[2024-10-11T04:23:21.677+0800][debug][gc,ergo,cset] GC(617) Start adding old regions to collection set. Min 4 regions, max 7 regions, time remaining 49.07ms, optional threshold 9.81ms
[2024-10-11T04:23:21.677+0800][debug][gc,ergo,cset] GC(617) Finish adding old regions to collection set (Maximum number of regions). Initial 7 regions, optional 0 regions
[2024-10-11T04:23:21.677+0800][debug][gc,ergo,cset] GC(617) Finish choosing collection set old regions. Initial: 7, optional: 0, predicted old time: 0.00ms, predicted optional time: 0.00ms, time remaining: 47.60
[2024-10-11T04:23:21.741+0800][debug][gc,ergo,cset] GC(618) Start adding old regions to collection set. Min 4 regions, max 7 regions, time remaining 49.07ms, optional threshold 9.81ms
[2024-10-11T04:23:21.741+0800][debug][gc,ergo,cset] GC(618) Old candidate collection set empty.
[2024-10-11T04:23:21.741+0800][debug][gc,ergo,cset] GC(618) Finish choosing collection set old regions. Initial: 2, optional: 0, predicted old time: 0.00ms, predicted optional time: 0.00ms, time remaining: 48.59
[2024-10-11T04:23:22.351+0800][debug][gc,ergo,cset] GC(625) Pruned 12 regions out of 34, leaving 6603128 bytes waste (allowed 6710886)
[2024-10-11T04:23:22.598+0800][debug][gc,ergo,cset] GC(627) Start adding old regions to collection set. Min 3 regions, max 7 regions, time remaining 48.97ms, optional threshold 9.79ms
[2024-10-11T04:23:22.598+0800][debug][gc,ergo,cset] GC(627) Finish adding old regions to collection set (Maximum number of regions). Initial 7 regions, optional 0 regions
[2024-10-11T04:23:22.598+0800][debug][gc,ergo,cset] GC(627) Finish choosing collection set old regions. Initial: 7, optional: 0, predicted old time: 0.00ms, predicted optional time: 0.00ms, time remaining: 48.22
[2024-10-11T04:23:22.702+0800][debug][gc,ergo,cset] GC(628) Start adding old regions to collection set. Min 3 regions, max 7 regions, time remaining 48.94ms, optional threshold 9.79ms
[2024-10-11T04:23:22.702+0800][debug][gc,ergo,cset] GC(628) Finish adding old regions to collection set (Maximum number of regions). Initial 7 regions, optional 0 regions
[2024-10-11T04:23:22.702+0800][debug][gc,ergo,cset] GC(628) Finish choosing collection set old regions. Initial: 7, optional: 0, predicted old time: 0.00ms, predicted optional time: 0.00ms, time remaining: 47.80
[2024-10-11T04:23:22.807+0800][debug][gc,ergo,cset] GC(629) Start adding old regions to collection set. Min 3 regions, max 7 regions, time remaining 48.92ms, optional threshold 9.78ms
[2024-10-11T04:23:22.807+0800][debug][gc,ergo,cset] GC(629) Finish adding old regions to collection set (Maximum number of regions). Initial 7 regions, optional 0 regions
[2024-10-11T04:23:22.807+0800][debug][gc,ergo,cset] GC(629) Finish choosing collection set old regions. Initial: 7, optional: 0, predicted old time: 0.00ms, predicted optional time: 0.00ms, time remaining: 47.61
[2024-10-11T04:23:22.912+0800][debug][gc,ergo,cset] GC(630) Start adding old regions to collection set. Min 3 regions, max 7 regions, time remaining 48.91ms, optional threshold 9.78ms
[2024-10-11T04:23:22.912+0800][debug][gc,ergo,cset] GC(630) Old candidate collection set empty.
[2024-10-11T04:23:22.912+0800][debug][gc,ergo,cset] GC(630) Finish choosing collection set old regions. Initial: 1, optional: 0, predicted old time: 0.00ms, predicted optional time: 0.00ms, time remaining: 48.70
[2024-10-11T04:23:23.193+0800][debug][gc,ergo,cset] GC(634) Pruned 11 regions out of 46, leaving 5949792 bytes waste (allowed 6710886)
[2024-10-11T04:23:23.358+0800][debug][gc,ergo,cset] Preventive GC, insufficient free regions. Predicted need 4. Curr Eden 2 (Pred 3). Curr Survivor 1 (Pred 1). Curr Old 52 (Pred 0) Free 3 Alloc 1
[2024-10-11T04:23:23.421+0800][debug][gc,ergo,cset] Preventive GC, insufficient free regions. Predicted need 4. Curr Eden 1 (Pred 2). Curr Survivor 1 (Pred 1). Curr Old 54 (Pred 1) Free 3 Alloc 1
[2024-10-11T04:23:23.421+0800][debug][gc,ergo,cset] GC(636) Start adding old regions to collection set. Min 5 regions, max 7 regions, time remaining 49.18ms, optional threshold 9.84ms
[2024-10-11T04:23:23.421+0800][debug][gc,ergo,cset] GC(636) Finish adding old regions to collection set (Maximum number of regions). Initial 7 regions, optional 0 regions
[2024-10-11T04:23:23.421+0800][debug][gc,ergo,cset] GC(636) Finish choosing collection set old regions. Initial: 7, optional: 0, predicted old time: 0.00ms, predicted optional time: 0.00ms, time remaining: 48.51
[2024-10-11T04:23:23.465+0800][debug][gc,ergo,cset] Preventive GC, insufficient free regions. Predicted need 6. Curr Eden 1 (Pred 2). Curr Survivor 1 (Pred 1). Curr Old 56 (Pred 3) Free 1 Alloc 1
[2024-10-11T04:23:23.465+0800][debug][gc,ergo,cset] GC(637) Start adding old regions to collection set. Min 5 regions, max 7 regions, time remaining 49.15ms, optional threshold 9.83ms
[2024-10-11T04:23:23.465+0800][debug][gc,ergo,cset] GC(637) Finish adding old regions to collection set (Maximum number of regions). Initial 7 regions, optional 0 regions
[2024-10-11T04:23:23.465+0800][debug][gc,ergo,cset] GC(637) Finish choosing collection set old regions. Initial: 7, optional: 0, predicted old time: 0.00ms, predicted optional time: 0.00ms, time remaining: 48.11
[2024-10-11T04:23:23.527+0800][debug][gc,ergo,cset] GC(638) Start adding old regions to collection set. Min 5 regions, max 7 regions, time remaining 49.16ms, optional threshold 9.83ms
[2024-10-11T04:23:23.527+0800][debug][gc,ergo,cset] GC(638) Finish adding old regions to collection set (Maximum number of regions). Initial 7 regions, optional 0 regions
[2024-10-11T04:23:23.527+0800][debug][gc,ergo,cset] GC(638) Finish choosing collection set old regions. Initial: 7, optional: 0, predicted old time: 0.00ms, predicted optional time: 0.00ms, time remaining: 47.88
[2024-10-11T04:23:24.181+0800][debug][gc,ergo,cset] GC(645) Pruned 11 regions out of 36, leaving 6550984 bytes waste (allowed 6710886)
[2024-10-11T04:23:24.427+0800][debug][gc,ergo,cset] Preventive GC, insufficient free regions. Predicted need 6. Curr Eden 2 (Pred 3). Curr Survivor 1 (Pred 1). Curr Old 51 (Pred 2) Free 5 Alloc 1
[2024-10-11T04:23:24.427+0800][debug][gc,ergo,cset] GC(647) Start adding old regions to collection set. Min 4 regions, max 7 regions, time remaining 48.72ms, optional threshold 9.74ms
[2024-10-11T04:23:24.427+0800][debug][gc,ergo,cset] GC(647) Finish adding old regions to collection set (Maximum number of regions). Initial 7 regions, optional 0 regions
[2024-10-11T04:23:24.427+0800][debug][gc,ergo,cset] GC(647) Finish choosing collection set old regions. Initial: 7, optional: 0, predicted old time: 0.00ms, predicted optional time: 0.00ms, time remaining: 47.88
[2024-10-11T04:23:24.532+0800][debug][gc,ergo,cset] GC(648) Start adding old regions to collection set. Min 4 regions, max 7 regions, time remaining 48.73ms, optional threshold 9.75ms
[2024-10-11T04:23:24.532+0800][debug][gc,ergo,cset] GC(648) Finish adding old regions to collection set (Maximum number of regions). Initial 7 regions, optional 0 regions
[2024-10-11T04:23:24.532+0800][debug][gc,ergo,cset] GC(648) Finish choosing collection set old regions. Initial: 7, optional: 0, predicted old time: 0.00ms, predicted optional time: 0.00ms, time remaining: 47.66
[2024-10-11T04:23:24.636+0800][debug][gc,ergo,cset] GC(649) Start adding old regions to collection set. Min 4 regions, max 7 regions, time remaining 48.76ms, optional threshold 9.75ms
[2024-10-11T04:23:24.636+0800][debug][gc,ergo,cset] GC(649) Finish adding old regions to collection set (Maximum number of regions). Initial 7 regions, optional 0 regions
[2024-10-11T04:23:24.636+0800][debug][gc,ergo,cset] GC(649) Finish choosing collection set old regions. Initial: 7, optional: 0, predicted old time: 0.00ms, predicted optional time: 0.00ms, time remaining: 47.50
[2024-10-11T04:23:24.741+0800][debug][gc,ergo,cset] GC(650) Start adding old regions to collection set. Min 4 regions, max 7 regions, time remaining 48.78ms, optional threshold 9.76ms
[2024-10-11T04:23:24.741+0800][debug][gc,ergo,cset] GC(650) Old candidate collection set empty.
[2024-10-11T04:23:24.741+0800][debug][gc,ergo,cset] GC(650) Finish choosing collection set old regions. Initial: 4, optional: 0, predicted old time: 0.00ms, predicted optional time: 0.00ms, time remaining: 48.02
[2024-10-11T04:23:25.063+0800][debug][gc,ergo,cset] GC(654) Pruned 11 regions out of 38, leaving 6403776 bytes waste (allowed 6710886)
[2024-10-11T04:23:25.269+0800][debug][gc,ergo,cset] Preventive GC, insufficient free regions. Predicted need 4. Curr Eden 1 (Pred 2). Curr Survivor 1 (Pred 1). Curr Old 53 (Pred 1) Free 4 Alloc 1
[2024-10-11T04:23:25.270+0800][debug][gc,ergo,cset] GC(656) Start adding old regions to collection set. Min 4 regions, max 7 regions, time remaining 49.14ms, optional threshold 9.83ms
[2024-10-11T04:23:25.270+0800][debug][gc,ergo,cset] GC(656) Finish adding old regions to collection set (Maximum number of regions). Initial 7 regions, optional 0 regions
[2024-10-11T04:23:25.270+0800][debug][gc,ergo,cset] GC(656) Finish choosing collection set old regions. Initial: 7, optional: 0, predicted old time: 0.00ms, predicted optional time: 0.00ms, time remaining: 48.54
[2024-10-11T04:23:25.373+0800][debug][gc,ergo,cset] GC(657) Start adding old regions to collection set. Min 4 regions, max 7 regions, time remaining 48.93ms, optional threshold 9.79ms
[2024-10-11T04:23:25.373+0800][debug][gc,ergo,cset] GC(657) Finish adding old regions to collection set (Maximum number of regions). Initial 7 regions, optional 0 regions
[2024-10-11T04:23:25.373+0800][debug][gc,ergo,cset] GC(657) Finish choosing collection set old regions. Initial: 7, optional: 0, predicted old time: 0.00ms, predicted optional time: 0.00ms, time remaining: 47.95
[2024-10-11T04:23:25.478+0800][debug][gc,ergo,cset] GC(658) Start adding old regions to collection set. Min 4 regions, max 7 regions, time remaining 48.86ms, optional threshold 9.77ms
[2024-10-11T04:23:25.478+0800][debug][gc,ergo,cset] GC(658) Finish adding old regions to collection set (Maximum number of regions). Initial 7 regions, optional 0 regions
[2024-10-11T04:23:25.478+0800][debug][gc,ergo,cset] GC(658) Finish choosing collection set old regions. Initial: 7, optional: 0, predicted old time: 0.00ms, predicted optional time: 0.00ms, time remaining: 47.63
[2024-10-11T04:23:25.583+0800][debug][gc,ergo,cset] GC(659) Start adding old regions to collection set. Min 4 regions, max 7 regions, time remaining 48.85ms, optional threshold 9.77ms
[2024-10-11T04:23:25.583+0800][debug][gc,ergo,cset] GC(659) Old candidate collection set empty.
[2024-10-11T04:23:25.583+0800][debug][gc,ergo,cset] GC(659) Finish choosing collection set old regions. Initial: 6, optional: 0, predicted old time: 0.00ms, predicted optional time: 0.00ms, time remaining: 47.65
[2024-10-11T04:23:25.905+0800][debug][gc,ergo,cset] GC(663) Pruned 9 regions out of 35, leaving 6515432 bytes waste (allowed 6710886)
[2024-10-11T04:23:26.152+0800][debug][gc,ergo,cset] Preventive GC, insufficient free regions. Predicted need 5. Curr Eden 2 (Pred 3). Curr Survivor 1 (Pred 1). Curr Old 52 (Pred 1) Free 4 Alloc 1
[2024-10-11T04:23:26.153+0800][debug][gc,ergo,cset] GC(665) Start adding old regions to collection set. Min 4 regions, max 7 regions, time remaining 49.00ms, optional threshold 9.80ms
[2024-10-11T04:23:26.153+0800][debug][gc,ergo,cset] GC(665) Finish adding old regions to collection set (Maximum number of regions). Initial 7 regions, optional 0 regions
[2024-10-11T04:23:26.153+0800][debug][gc,ergo,cset] GC(665) Finish choosing collection set old regions. Initial: 7, optional: 0, predicted old time: 0.00ms, predicted optional time: 0.00ms, time remaining: 48.41
[2024-10-11T04:23:26.256+0800][debug][gc,ergo,cset] Preventive GC, insufficient free regions. Predicted need 6. Curr Eden 2 (Pred 3). Curr Survivor 1 (Pred 1). Curr Old 51 (Pred 2) Free 5 Alloc 1
[2024-10-11T04:23:26.257+0800][debug][gc,ergo,cset] GC(666) Start adding old regions to collection set. Min 4 regions, max 7 regions, time remaining 48.98ms, optional threshold 9.80ms
[2024-10-11T04:23:26.257+0800][debug][gc,ergo,cset] GC(666) Finish adding old regions to collection set (Maximum number of regions). Initial 7 regions, optional 0 regions
[2024-10-11T04:23:26.257+0800][debug][gc,ergo,cset] GC(666) Finish choosing collection set old regions. Initial: 7, optional: 0, predicted old time: 0.00ms, predicted optional time: 0.00ms, time remaining: 48.06
[2024-10-11T04:23:26.320+0800][debug][gc,ergo,cset] Preventive GC, insufficient free regions. Predicted need 6. Curr Eden 1 (Pred 2). Curr Survivor 1 (Pred 1). Curr Old 52 (Pred 3) Free 5 Alloc 1
[2024-10-11T04:23:26.320+0800][debug][gc,ergo,cset] GC(667) Start adding old regions to collection set. Min 4 regions, max 7 regions, time remaining 49.19ms, optional threshold 9.84ms
[2024-10-11T04:23:26.320+0800][debug][gc,ergo,cset] GC(667) Finish adding old regions to collection set (Maximum number of regions). Initial 7 regions, optional 0 regions
[2024-10-11T04:23:26.320+0800][debug][gc,ergo,cset] GC(667) Finish choosing collection set old regions. Initial: 7, optional: 0, predicted old time: 0.00ms, predicted optional time: 0.00ms, time remaining: 48.10
[2024-10-11T04:23:26.363+0800][debug][gc,ergo,cset] Preventive GC, insufficient free regions. Predicted need 6. Curr Eden 1 (Pred 2). Curr Survivor 1 (Pred 1). Curr Old 54 (Pred 3) Free 3 Alloc 1
[2024-10-11T04:23:26.363+0800][debug][gc,ergo,cset] GC(668) Start adding old regions to collection set. Min 4 regions, max 7 regions, time remaining 49.18ms, optional threshold 9.84ms
[2024-10-11T04:23:26.363+0800][debug][gc,ergo,cset] GC(668) Old candidate collection set empty.
[2024-10-11T04:23:26.364+0800][debug][gc,ergo,cset] GC(668) Finish choosing collection set old regions. Initial: 5, optional: 0, predicted old time: 0.00ms, predicted optional time: 0.00ms, time remaining: 48.31
[2024-10-11T04:23:27.139+0800][debug][gc,ergo,cset] GC(677) Pruned 11 regions out of 35, leaving 6330632 bytes waste (allowed 6710886)
[2024-10-11T04:23:27.386+0800][debug][gc,ergo,cset] Preventive GC, insufficient free regions. Predicted need 5. Curr Eden 2 (Pred 3). Curr Survivor 1 (Pred 1). Curr Old 51 (Pred 1) Free 5 Alloc 1
[2024-10-11T04:23:27.386+0800][debug][gc,ergo,cset] GC(679) Start adding old regions to collection set. Min 3 regions, max 7 regions, time remaining 48.99ms, optional threshold 9.80ms
[2024-10-11T04:23:27.386+0800][debug][gc,ergo,cset] GC(679) Finish adding old regions to collection set (Maximum number of regions). Initial 7 regions, optional 0 regions
[2024-10-11T04:23:27.386+0800][debug][gc,ergo,cset] GC(679) Finish choosing collection set old regions. Initial: 7, optional: 0, predicted old time: 0.00ms, predicted optional time: 0.00ms, time remaining: 48.35
[2024-10-11T04:23:27.490+0800][debug][gc,ergo,cset] GC(680) Start adding old regions to collection set. Min 3 regions, max 7 regions, time remaining 48.94ms, optional threshold 9.79ms
[2024-10-11T04:23:27.490+0800][debug][gc,ergo,cset] GC(680) Finish adding old regions to collection set (Maximum number of regions). Initial 7 regions, optional 0 regions
[2024-10-11T04:23:27.490+0800][debug][gc,ergo,cset] GC(680) Finish choosing collection set old regions. Initial: 7, optional: 0, predicted old time: 0.00ms, predicted optional time: 0.00ms, time remaining: 48.03
[2024-10-11T04:23:27.594+0800][debug][gc,ergo,cset] GC(681) Start adding old regions to collection set. Min 3 regions, max 7 regions, time remaining 48.93ms, optional threshold 9.79ms
[2024-10-11T04:23:27.594+0800][debug][gc,ergo,cset] GC(681) Finish adding old regions to collection set (Maximum number of regions). Initial 7 regions, optional 0 regions
[2024-10-11T04:23:27.594+0800][debug][gc,ergo,cset] GC(681) Finish choosing collection set old regions. Initial: 7, optional: 0, predicted old time: 0.00ms, predicted optional time: 0.00ms, time remaining: 47.72
[2024-10-11T04:23:27.700+0800][debug][gc,ergo,cset] GC(682) Start adding old regions to collection set. Min 3 regions, max 7 regions, time remaining 48.93ms, optional threshold 9.79ms
[2024-10-11T04:23:27.700+0800][debug][gc,ergo,cset] GC(682) Old candidate collection set empty.
[2024-10-11T04:23:27.700+0800][debug][gc,ergo,cset] GC(682) Finish choosing collection set old regions. Initial: 3, optional: 0, predicted old time: 0.00ms, predicted optional time: 0.00ms, time remaining: 48.33
[2024-10-11T04:23:28.022+0800][debug][gc,ergo,cset] GC(686) Pruned 12 regions out of 42, leaving 6653904 bytes waste (allowed 6710886)
[2024-10-11T04:23:28.165+0800][debug][gc,ergo,cset] Preventive GC, insufficient free regions. Predicted need 4. Curr Eden 2 (Pred 3). Curr Survivor 1 (Pred 1). Curr Old 52 (Pred 0) Free 4 Alloc 1
[2024-10-11T04:23:28.228+0800][debug][gc,ergo,cset] Preventive GC, insufficient free regions. Predicted need 5. Curr Eden 1 (Pred 2). Curr Survivor 1 (Pred 1). Curr Old 54 (Pred 2) Free 3 Alloc 1
[2024-10-11T04:23:28.228+0800][debug][gc,ergo,cset] GC(688) Start adding old regions to collection set. Min 4 regions, max 7 regions, time remaining 49.21ms, optional threshold 9.84ms
[2024-10-11T04:23:28.228+0800][debug][gc,ergo,cset] GC(688) Finish adding old regions to collection set (Maximum number of regions). Initial 7 regions, optional 0 regions
[2024-10-11T04:23:28.228+0800][debug][gc,ergo,cset] GC(688) Finish choosing collection set old regions. Initial: 7, optional: 0, predicted old time: 0.00ms, predicted optional time: 0.00ms, time remaining: 48.45
[2024-10-11T04:23:28.271+0800][debug][gc,ergo,cset] Preventive GC, insufficient free regions. Predicted need 5. Curr Eden 1 (Pred 2). Curr Survivor 1 (Pred 1). Curr Old 52 (Pred 2) Free 5 Alloc 1
[2024-10-11T04:23:28.271+0800][debug][gc,ergo,cset] GC(689) Start adding old regions to collection set. Min 4 regions, max 7 regions, time remaining 49.17ms, optional threshold 9.83ms
[2024-10-11T04:23:28.271+0800][debug][gc,ergo,cset] GC(689) Finish adding old regions to collection set (Maximum number of regions). Initial 7 regions, optional 0 regions
[2024-10-11T04:23:28.271+0800][debug][gc,ergo,cset] GC(689) Finish choosing collection set old regions. Initial: 7, optional: 0, predicted old time: 0.00ms, predicted optional time: 0.00ms, time remaining: 48.17
[2024-10-11T04:23:28.335+0800][debug][gc,ergo,cset] Preventive GC, insufficient free regions. Predicted need 6. Curr Eden 1 (Pred 2). Curr Survivor 1 (Pred 1). Curr Old 51 (Pred 3) Free 6 Alloc 1
[2024-10-11T04:23:28.335+0800][debug][gc,ergo,cset] GC(690) Start adding old regions to collection set. Min 4 regions, max 7 regions, time remaining 49.15ms, optional threshold 9.83ms
[2024-10-11T04:23:28.335+0800][debug][gc,ergo,cset] GC(690) Finish adding old regions to collection set (Maximum number of regions). Initial 7 regions, optional 0 regions
[2024-10-11T04:23:28.335+0800][debug][gc,ergo,cset] GC(690) Finish choosing collection set old regions. Initial: 7, optional: 0, predicted old time: 0.00ms, predicted optional time: 0.00ms, time remaining: 47.93
[2024-10-11T04:23:28.439+0800][debug][gc,ergo,cset] GC(691) Start adding old regions to collection set. Min 4 regions, max 7 regions, time remaining 48.92ms, optional threshold 9.78ms
[2024-10-11T04:23:28.439+0800][debug][gc,ergo,cset] GC(691) Finish adding old regions to collection set (Maximum number of regions). Initial 7 regions, optional 0 regions
[2024-10-11T04:23:28.440+0800][debug][gc,ergo,cset] GC(691) Finish choosing collection set old regions. Initial: 7, optional: 0, predicted old time: 0.00ms, predicted optional time: 0.00ms, time remaining: 47.63
[2024-10-11T04:23:28.544+0800][debug][gc,ergo,cset] GC(692) Start adding old regions to collection set. Min 4 regions, max 7 regions, time remaining 48.91ms, optional threshold 9.78ms
[2024-10-11T04:23:28.544+0800][debug][gc,ergo,cset] GC(692) Old candidate collection set empty.
[2024-10-11T04:23:28.544+0800][debug][gc,ergo,cset] GC(692) Finish choosing collection set old regions. Initial: 2, optional: 0, predicted old time: 0.00ms, predicted optional time: 0.00ms, time remaining: 48.53
[2024-10-11T04:23:28.762+0800][debug][gc,ergo,cset] GC(695) Pruned 11 regions out of 40, leaving 6483768 bytes waste (allowed 6710886)
[2024-10-11T04:23:29.010+0800][debug][gc,ergo,cset] Preventive GC, insufficient free regions. Predicted need 5. Curr Eden 2 (Pred 3). Curr Survivor 1 (Pred 1). Curr Old 52 (Pred 1) Free 4 Alloc 1
[2024-10-11T04:23:29.010+0800][debug][gc,ergo,cset] GC(697) Start adding old regions to collection set. Min 4 regions, max 7 regions, time remaining 48.99ms, optional threshold 9.80ms
[2024-10-11T04:23:29.010+0800][debug][gc,ergo,cset] GC(697) Finish adding old regions to collection set (Maximum number of regions). Initial 7 regions, optional 0 regions
[2024-10-11T04:23:29.010+0800][debug][gc,ergo,cset] GC(697) Finish choosing collection set old regions. Initial: 7, optional: 0, predicted old time: 0.00ms, predicted optional time: 0.00ms, time remaining: 48.32
[2024-10-11T04:23:29.114+0800][debug][gc,ergo,cset] Preventive GC, insufficient free regions. Predicted need 7. Curr Eden 2 (Pred 3). Curr Survivor 1 (Pred 1). Curr Old 49 (Pred 3) Free 7 Alloc 1
[2024-10-11T04:23:29.114+0800][debug][gc,ergo,cset] GC(698) Start adding old regions to collection set. Min 4 regions, max 7 regions, time remaining 48.98ms, optional threshold 9.80ms
[2024-10-11T04:23:29.114+0800][debug][gc,ergo,cset] GC(698) Finish adding old regions to collection set (Maximum number of regions). Initial 7 regions, optional 0 regions
[2024-10-11T04:23:29.114+0800][debug][gc,ergo,cset] GC(698) Finish choosing collection set old regions. Initial: 7, optional: 0, predicted old time: 0.00ms, predicted optional time: 0.00ms, time remaining: 47.93
[2024-10-11T04:23:29.219+0800][debug][gc,ergo,cset] GC(699) Start adding old regions to collection set. Min 4 regions, max 7 regions, time remaining 48.96ms, optional threshold 9.79ms
[2024-10-11T04:23:29.219+0800][debug][gc,ergo,cset] GC(699) Finish adding old regions to collection set (Maximum number of regions). Initial 7 regions, optional 0 regions
[2024-10-11T04:23:29.219+0800][debug][gc,ergo,cset] GC(699) Finish choosing collection set old regions. Initial: 7, optional: 0, predicted old time: 0.00ms, predicted optional time: 0.00ms, time remaining: 47.75
[2024-10-11T04:23:29.323+0800][debug][gc,ergo,cset] GC(700) Start adding old regions to collection set. Min 4 regions, max 7 regions, time remaining 48.95ms, optional threshold 9.79ms
[2024-10-11T04:23:29.323+0800][debug][gc,ergo,cset] GC(700) Finish adding old regions to collection set (Maximum number of regions). Initial 7 regions, optional 0 regions
[2024-10-11T04:23:29.323+0800][debug][gc,ergo,cset] GC(700) Finish choosing collection set old regions. Initial: 7, optional: 0, predicted old time: 0.00ms, predicted optional time: 0.00ms, time remaining: 47.65
[2024-10-11T04:23:29.428+0800][debug][gc,ergo,cset] GC(701) Start adding old regions to collection set. Min 4 regions, max 7 regions, time remaining 48.95ms, optional threshold 9.79ms
[2024-10-11T04:23:29.428+0800][debug][gc,ergo,cset] GC(701) Old candidate collection set empty.
[2024-10-11T04:23:29.428+0800][debug][gc,ergo,cset] GC(701) Finish choosing collection set old regions. Initial: 1, optional: 0, predicted old time: 0.00ms, predicted optional time: 0.00ms, time remaining: 48.74
[2024-10-11T04:23:29.646+0800][debug][gc,ergo,cset] GC(704) Pruned 10 regions out of 38, leaving 6679464 bytes waste (allowed 6710886)
[2024-10-11T04:23:29.852+0800][debug][gc,ergo,cset] Preventive GC, insufficient free regions. Predicted need 5. Curr Eden 1 (Pred 2). Curr Survivor 1 (Pred 1). Curr Old 52 (Pred 2) Free 5 Alloc 1
[2024-10-11T04:23:29.853+0800][debug][gc,ergo,cset] GC(706) Start adding old regions to collection set. Min 4 regions, max 7 regions, time remaining 49.21ms, optional threshold 9.84ms
[2024-10-11T04:23:29.853+0800][debug][gc,ergo,cset] GC(706) Finish adding old regions to collection set (Maximum number of regions). Initial 7 regions, optional 0 regions
[2024-10-11T04:23:29.853+0800][debug][gc,ergo,cset] GC(706) Finish choosing collection set old regions. Initial: 7, optional: 0, predicted old time: 0.00ms, predicted optional time: 0.00ms, time remaining: 48.43
