[2024-10-11T04:34:42.689+0800][info] Using G1
[2024-10-11T04:34:42.692+0800][info] Version: 17.0.11-internal+0-adhoc.cxl.TencentKona-17-TencentKona-17.0.11 (release)
[2024-10-11T04:34:42.692+0800][info] CPUs: 72 total, 72 available
[2024-10-11T04:34:42.692+0800][info] Memory: 125G
[2024-10-11T04:34:42.692+0800][info] Large Page Support: Disabled
[2024-10-11T04:34:42.692+0800][info] NUMA Support: Disabled
[2024-10-11T04:34:42.692+0800][info] Compressed Oops: Enabled (32-bit)
[2024-10-11T04:34:42.692+0800][info] Heap Region Size: 2M
[2024-10-11T04:34:42.692+0800][info] Heap Min Capacity: 128M
[2024-10-11T04:34:42.692+0800][info] Heap Initial Capacity: 128M
[2024-10-11T04:34:42.692+0800][info] Heap Max Capacity: 128M
[2024-10-11T04:34:42.692+0800][info] Pre-touch: Disabled
[2024-10-11T04:34:42.692+0800][info] Parallel Workers: 48
[2024-10-11T04:34:42.692+0800][info] Concurrent Workers: 12
[2024-10-11T04:34:42.692+0800][info] Concurrent Refinement Workers: 48
[2024-10-11T04:34:42.692+0800][info] Periodic GC: Disabled
[2024-10-11T04:34:42.704+0800][info] CDS archive(s) mapped at: [0x000077684b000000-0x000077684bbc7000-0x000077684bbc7000), size 12349440, SharedBaseAddress: 0x000077684b000000, ArchiveRelocationMode: 1.
[2024-10-11T04:34:42.704+0800][info] Compressed class space mapped at: 0x000077684c000000-0x000077688c000000, reserved size: 1073741824
[2024-10-11T04:34:42.704+0800][info] Narrow klass base: 0x000077684b000000, Narrow klass shift: 0, Narrow klass range: 0x100000000
[2024-10-11T04:34:42.900+0800][info] GC(0) Pause Young (Normal) (G1 Evacuation Pause)
[2024-10-11T04:34:42.900+0800][info] GC(0) Using 3 workers of 48 for evacuation
[2024-10-11T04:34:42.904+0800][info] GC(0)   Pre Evacuate Collection Set: 0.0ms
[2024-10-11T04:34:42.904+0800][info] GC(0)   Merge Heap Roots: 0.0ms
[2024-10-11T04:34:42.904+0800][info] GC(0)   Evacuate Collection Set: 3.0ms
[2024-10-11T04:34:42.904+0800][info] GC(0)   Post Evacuate Collection Set: 0.6ms
[2024-10-11T04:34:42.904+0800][info] GC(0)   Other: 0.6ms
[2024-10-11T04:34:42.904+0800][info] GC(0) Eden regions: 3->0(2)
[2024-10-11T04:34:42.904+0800][info] GC(0) Survivor regions: 0->1(1)
[2024-10-11T04:34:42.904+0800][info] GC(0) Old regions: 0->2
[2024-10-11T04:34:42.904+0800][info] GC(0) Archive regions: 2->2
[2024-10-11T04:34:42.904+0800][info] GC(0) Humongous regions: 1->1
[2024-10-11T04:34:42.904+0800][info] GC(0) Metaspace: 1145K(1280K)->1145K(1280K) NonClass: 1026K(1088K)->1026K(1088K) Class: 118K(192K)->118K(192K)
[2024-10-11T04:34:42.904+0800][info] GC(0) Pause Young (Normal) (G1 Evacuation Pause) 9M->9M(128M) 4.438ms
[2024-10-11T04:34:42.904+0800][info] GC(0) User=0.01s Sys=0.01s Real=0.00s
[2024-10-11T04:34:43.011+0800][info] GC(1) Pause Young (Normal) (G1 Evacuation Pause)
[2024-10-11T04:34:43.012+0800][info] GC(1) Using 3 workers of 48 for evacuation
[2024-10-11T04:34:43.015+0800][info] GC(1)   Pre Evacuate Collection Set: 0.1ms
[2024-10-11T04:34:43.015+0800][info] GC(1)   Merge Heap Roots: 0.0ms
[2024-10-11T04:34:43.015+0800][info] GC(1)   Evacuate Collection Set: 3.4ms
[2024-10-11T04:34:43.015+0800][info] GC(1)   Post Evacuate Collection Set: 0.2ms
[2024-10-11T04:34:43.015+0800][info] GC(1)   Other: 0.2ms
[2024-10-11T04:34:43.015+0800][info] GC(1) Eden regions: 2->0(2)
[2024-10-11T04:34:43.015+0800][info] GC(1) Survivor regions: 1->1(1)
[2024-10-11T04:34:43.016+0800][info] GC(1) Old regions: 2->4
[2024-10-11T04:34:43.016+0800][info] GC(1) Archive regions: 2->2
[2024-10-11T04:34:43.016+0800][info] GC(1) Humongous regions: 1->1
[2024-10-11T04:34:43.016+0800][info] GC(1) Metaspace: 1232K(1344K)->1232K(1344K) NonClass: 1105K(1152K)->1105K(1152K) Class: 127K(192K)->127K(192K)
[2024-10-11T04:34:43.016+0800][info] GC(1) Pause Young (Normal) (G1 Evacuation Pause) 12M->12M(128M) 4.098ms
[2024-10-11T04:34:43.016+0800][info] GC(1) User=0.00s Sys=0.00s Real=0.01s
[2024-10-11T04:34:43.143+0800][info] GC(2) Pause Young (Normal) (G1 Evacuation Pause)
[2024-10-11T04:34:43.143+0800][info] GC(2) Using 3 workers of 48 for evacuation
[2024-10-11T04:34:43.147+0800][info] GC(2)   Pre Evacuate Collection Set: 0.1ms
[2024-10-11T04:34:43.147+0800][info] GC(2)   Merge Heap Roots: 0.1ms
[2024-10-11T04:34:43.147+0800][info] GC(2)   Evacuate Collection Set: 2.7ms
[2024-10-11T04:34:43.147+0800][info] GC(2)   Post Evacuate Collection Set: 0.7ms
[2024-10-11T04:34:43.147+0800][info] GC(2)   Other: 0.2ms
[2024-10-11T04:34:43.147+0800][info] GC(2) Eden regions: 2->0(2)
[2024-10-11T04:34:43.147+0800][info] GC(2) Survivor regions: 1->1(1)
[2024-10-11T04:34:43.147+0800][info] GC(2) Old regions: 4->6
[2024-10-11T04:34:43.147+0800][info] GC(2) Archive regions: 2->2
[2024-10-11T04:34:43.147+0800][info] GC(2) Humongous regions: 1->1
[2024-10-11T04:34:43.147+0800][info] GC(2) Metaspace: 1365K(1536K)->1365K(1536K) NonClass: 1229K(1344K)->1229K(1344K) Class: 135K(192K)->135K(192K)
[2024-10-11T04:34:43.147+0800][info] GC(2) Pause Young (Normal) (G1 Evacuation Pause) 16M->16M(128M) 3.939ms
[2024-10-11T04:34:43.147+0800][info] GC(2) User=0.00s Sys=0.01s Real=0.01s
[2024-10-11T04:34:43.250+0800][info] GC(3) Pause Young (Normal) (G1 Evacuation Pause)
[2024-10-11T04:34:43.250+0800][info] GC(3) Using 3 workers of 48 for evacuation
[2024-10-11T04:34:43.254+0800][info] GC(3)   Pre Evacuate Collection Set: 0.1ms
[2024-10-11T04:34:43.254+0800][info] GC(3)   Merge Heap Roots: 0.0ms
[2024-10-11T04:34:43.254+0800][info] GC(3)   Evacuate Collection Set: 2.9ms
[2024-10-11T04:34:43.254+0800][info] GC(3)   Post Evacuate Collection Set: 0.2ms
[2024-10-11T04:34:43.254+0800][info] GC(3)   Other: 0.2ms
[2024-10-11T04:34:43.254+0800][info] GC(3) Eden regions: 2->0(3)
[2024-10-11T04:34:43.254+0800][info] GC(3) Survivor regions: 1->1(1)
[2024-10-11T04:34:43.254+0800][info] GC(3) Old regions: 6->8
[2024-10-11T04:34:43.254+0800][info] GC(3) Archive regions: 2->2
[2024-10-11T04:34:43.254+0800][info] GC(3) Humongous regions: 1->1
[2024-10-11T04:34:43.254+0800][info] GC(3) Metaspace: 1365K(1536K)->1365K(1536K) NonClass: 1229K(1344K)->1229K(1344K) Class: 135K(192K)->135K(192K)
[2024-10-11T04:34:43.254+0800][info] GC(3) Pause Young (Normal) (G1 Evacuation Pause) 20M->20M(128M) 3.543ms
[2024-10-11T04:34:43.254+0800][info] GC(3) User=0.01s Sys=0.00s Real=0.01s
[2024-10-11T04:34:43.420+0800][info] GC(4) Pause Young (Normal) (G1 Evacuation Pause)
[2024-10-11T04:34:43.420+0800][info] GC(4) Using 3 workers of 48 for evacuation
[2024-10-11T04:34:43.425+0800][info] GC(4)   Pre Evacuate Collection Set: 0.1ms
[2024-10-11T04:34:43.425+0800][info] GC(4)   Merge Heap Roots: 0.0ms
[2024-10-11T04:34:43.425+0800][info] GC(4)   Evacuate Collection Set: 4.4ms
[2024-10-11T04:34:43.425+0800][info] GC(4)   Post Evacuate Collection Set: 0.2ms
[2024-10-11T04:34:43.425+0800][info] GC(4)   Other: 0.2ms
[2024-10-11T04:34:43.425+0800][info] GC(4) Eden regions: 3->0(6)
[2024-10-11T04:34:43.425+0800][info] GC(4) Survivor regions: 1->1(1)
[2024-10-11T04:34:43.425+0800][info] GC(4) Old regions: 8->11
[2024-10-11T04:34:43.425+0800][info] GC(4) Archive regions: 2->2
[2024-10-11T04:34:43.425+0800][info] GC(4) Humongous regions: 1->1
[2024-10-11T04:34:43.425+0800][info] GC(4) Metaspace: 1370K(1536K)->1370K(1536K) NonClass: 1235K(1344K)->1235K(1344K) Class: 135K(192K)->135K(192K)
[2024-10-11T04:34:43.425+0800][info] GC(4) Pause Young (Normal) (G1 Evacuation Pause) 26M->26M(128M) 5.127ms
[2024-10-11T04:34:43.425+0800][info] GC(4) User=0.01s Sys=0.01s Real=0.01s
[2024-10-11T04:34:43.763+0800][info] GC(5) Pause Young (Normal) (G1 Evacuation Pause)
[2024-10-11T04:34:43.764+0800][info] GC(5) Using 3 workers of 48 for evacuation
[2024-10-11T04:34:43.771+0800][info] GC(5)   Pre Evacuate Collection Set: 0.1ms
[2024-10-11T04:34:43.771+0800][info] GC(5)   Merge Heap Roots: 0.1ms
[2024-10-11T04:34:43.771+0800][info] GC(5)   Evacuate Collection Set: 6.8ms
[2024-10-11T04:34:43.771+0800][info] GC(5)   Post Evacuate Collection Set: 0.2ms
[2024-10-11T04:34:43.771+0800][info] GC(5)   Other: 0.2ms
[2024-10-11T04:34:43.771+0800][info] GC(5) Eden regions: 6->0(6)
[2024-10-11T04:34:43.771+0800][info] GC(5) Survivor regions: 1->1(1)
[2024-10-11T04:34:43.771+0800][info] GC(5) Old regions: 11->16
[2024-10-11T04:34:43.771+0800][info] GC(5) Archive regions: 2->2
[2024-10-11T04:34:43.771+0800][info] GC(5) Humongous regions: 1->1
[2024-10-11T04:34:43.771+0800][info] GC(5) Metaspace: 1384K(1536K)->1384K(1536K) NonClass: 1248K(1344K)->1248K(1344K) Class: 135K(192K)->135K(192K)
[2024-10-11T04:34:43.771+0800][info] GC(5) Pause Young (Normal) (G1 Evacuation Pause) 38M->36M(128M) 7.532ms
[2024-10-11T04:34:43.771+0800][info] GC(5) User=0.00s Sys=0.02s Real=0.01s
[2024-10-11T04:34:44.103+0800][info] GC(6) Pause Young (Normal) (G1 Evacuation Pause)
[2024-10-11T04:34:44.103+0800][info] GC(6) Using 3 workers of 48 for evacuation
[2024-10-11T04:34:44.109+0800][info] GC(6)   Pre Evacuate Collection Set: 0.1ms
[2024-10-11T04:34:44.109+0800][info] GC(6)   Merge Heap Roots: 0.1ms
[2024-10-11T04:34:44.109+0800][info] GC(6)   Evacuate Collection Set: 6.3ms
[2024-10-11T04:34:44.109+0800][info] GC(6)   Post Evacuate Collection Set: 0.2ms
[2024-10-11T04:34:44.109+0800][info] GC(6)   Other: 0.2ms
[2024-10-11T04:34:44.109+0800][info] GC(6) Eden regions: 6->0(8)
[2024-10-11T04:34:44.109+0800][info] GC(6) Survivor regions: 1->1(1)
[2024-10-11T04:34:44.109+0800][info] GC(6) Old regions: 16->21
[2024-10-11T04:34:44.109+0800][info] GC(6) Archive regions: 2->2
[2024-10-11T04:34:44.109+0800][info] GC(6) Humongous regions: 1->1
[2024-10-11T04:34:44.110+0800][info] GC(6) Metaspace: 1389K(1536K)->1389K(1536K) NonClass: 1253K(1344K)->1253K(1344K) Class: 135K(192K)->135K(192K)
[2024-10-11T04:34:44.110+0800][info] GC(6) Pause Young (Normal) (G1 Evacuation Pause) 48M->46M(128M) 6.969ms
[2024-10-11T04:34:44.110+0800][info] GC(6) User=0.01s Sys=0.01s Real=0.01s
[2024-10-11T04:34:44.551+0800][info] GC(7) Pause Young (Normal) (G1 Evacuation Pause)
[2024-10-11T04:34:44.551+0800][info] GC(7) Using 3 workers of 48 for evacuation
[2024-10-11T04:34:44.560+0800][info] GC(7)   Pre Evacuate Collection Set: 0.1ms
[2024-10-11T04:34:44.560+0800][info] GC(7)   Merge Heap Roots: 0.1ms
[2024-10-11T04:34:44.560+0800][info] GC(7)   Evacuate Collection Set: 8.9ms
[2024-10-11T04:34:44.560+0800][info] GC(7)   Post Evacuate Collection Set: 0.2ms
[2024-10-11T04:34:44.560+0800][info] GC(7)   Other: 0.2ms
[2024-10-11T04:34:44.560+0800][info] GC(7) Eden regions: 8->0(7)
[2024-10-11T04:34:44.560+0800][info] GC(7) Survivor regions: 1->2(2)
[2024-10-11T04:34:44.560+0800][info] GC(7) Old regions: 21->27
[2024-10-11T04:34:44.560+0800][info] GC(7) Archive regions: 2->2
[2024-10-11T04:34:44.560+0800][info] GC(7) Humongous regions: 1->1
[2024-10-11T04:34:44.560+0800][info] GC(7) Metaspace: 1400K(1536K)->1400K(1536K) NonClass: 1264K(1344K)->1264K(1344K) Class: 135K(192K)->135K(192K)
[2024-10-11T04:34:44.560+0800][info] GC(7) Pause Young (Normal) (G1 Evacuation Pause) 62M->61M(128M) 9.574ms
[2024-10-11T04:34:44.560+0800][info] GC(7) User=0.02s Sys=0.01s Real=0.01s
[2024-10-11T04:34:44.954+0800][info] GC(8) Pause Young (Concurrent Start) (G1 Evacuation Pause)
[2024-10-11T04:34:44.954+0800][info] GC(8) Using 3 workers of 48 for evacuation
[2024-10-11T04:34:44.963+0800][info] GC(8)   Pre Evacuate Collection Set: 0.1ms
[2024-10-11T04:34:44.963+0800][info] GC(8)   Merge Heap Roots: 0.1ms
[2024-10-11T04:34:44.963+0800][info] GC(8)   Evacuate Collection Set: 6.7ms
[2024-10-11T04:34:44.963+0800][info] GC(8)   Post Evacuate Collection Set: 0.2ms
[2024-10-11T04:34:44.963+0800][info] GC(8)   Other: 1.2ms
[2024-10-11T04:34:44.963+0800][info] GC(8) Eden regions: 7->0(5)
[2024-10-11T04:34:44.963+0800][info] GC(8) Survivor regions: 2->2(2)
[2024-10-11T04:34:44.963+0800][info] GC(8) Old regions: 27->32
[2024-10-11T04:34:44.963+0800][info] GC(8) Archive regions: 2->2
[2024-10-11T04:34:44.963+0800][info] GC(8) Humongous regions: 1->1
[2024-10-11T04:34:44.963+0800][info] GC(8) Metaspace: 1411K(1536K)->1411K(1536K) NonClass: 1275K(1344K)->1275K(1344K) Class: 135K(192K)->135K(192K)
[2024-10-11T04:34:44.963+0800][info] GC(8) Pause Young (Concurrent Start) (G1 Evacuation Pause) 74M->70M(128M) 8.499ms
[2024-10-11T04:34:44.963+0800][info] GC(8) User=0.01s Sys=0.01s Real=0.00s
[2024-10-11T04:34:44.963+0800][info] GC(9) Concurrent Mark Cycle
[2024-10-11T04:34:44.963+0800][info] GC(9) Concurrent Clear Claimed Marks
[2024-10-11T04:34:44.963+0800][info] GC(9) Concurrent Clear Claimed Marks 0.018ms
[2024-10-11T04:34:44.963+0800][info] GC(9) Concurrent Scan Root Regions
[2024-10-11T04:34:44.965+0800][info] GC(9) Concurrent Scan Root Regions 1.814ms
[2024-10-11T04:34:44.965+0800][info] GC(9) Concurrent Mark
[2024-10-11T04:34:44.965+0800][info] GC(9) Concurrent Mark From Roots
[2024-10-11T04:34:44.966+0800][info] GC(9) Using 12 workers of 12 for marking
[2024-10-11T04:34:44.969+0800][info] GC(9) Concurrent Mark From Roots 4.007ms
[2024-10-11T04:34:44.969+0800][info] GC(9) Concurrent Preclean
[2024-10-11T04:34:44.970+0800][info] GC(9) Concurrent Preclean 1.307ms
[2024-10-11T04:34:44.970+0800][info] GC(9) Pause Remark
[2024-10-11T04:34:44.971+0800][info] GC(9) Pause Remark 73M->73M(128M) 1.057ms
[2024-10-11T04:34:44.971+0800][info] GC(9) User=0.00s Sys=0.00s Real=0.00s
[2024-10-11T04:34:44.971+0800][info] GC(9) Concurrent Mark 6.690ms
[2024-10-11T04:34:44.971+0800][info] GC(9) Concurrent Rebuild Remembered Sets
[2024-10-11T04:34:44.973+0800][info] GC(9) Concurrent Rebuild Remembered Sets 1.601ms
[2024-10-11T04:34:44.973+0800][info] GC(9) Pause Cleanup
[2024-10-11T04:34:44.973+0800][info] GC(9) Pause Cleanup 73M->73M(128M) 0.171ms
[2024-10-11T04:34:44.973+0800][info] GC(9) User=0.00s Sys=0.00s Real=0.00s
[2024-10-11T04:34:44.973+0800][info] GC(9) Concurrent Cleanup for Next Mark
[2024-10-11T04:34:44.975+0800][info] GC(9) Concurrent Cleanup for Next Mark 1.165ms
[2024-10-11T04:34:44.975+0800][info] GC(9) Concurrent Mark Cycle 11.807ms
[2024-10-11T04:34:45.293+0800][info] GC(10) Pause Young (Prepare Mixed) (G1 Evacuation Pause)
[2024-10-11T04:34:45.293+0800][info] GC(10) Using 3 workers of 48 for evacuation
[2024-10-11T04:34:45.299+0800][info] GC(10)   Pre Evacuate Collection Set: 0.1ms
[2024-10-11T04:34:45.299+0800][info] GC(10)   Merge Heap Roots: 0.1ms
[2024-10-11T04:34:45.299+0800][info] GC(10)   Evacuate Collection Set: 5.7ms
[2024-10-11T04:34:45.299+0800][info] GC(10)   Post Evacuate Collection Set: 0.2ms
[2024-10-11T04:34:45.299+0800][info] GC(10)   Other: 0.2ms
[2024-10-11T04:34:45.299+0800][info] GC(10) Eden regions: 5->0(2)
[2024-10-11T04:34:45.299+0800][info] GC(10) Survivor regions: 2->1(1)
[2024-10-11T04:34:45.299+0800][info] GC(10) Old regions: 32->37
[2024-10-11T04:34:45.299+0800][info] GC(10) Archive regions: 2->2
[2024-10-11T04:34:45.299+0800][info] GC(10) Humongous regions: 2->2
[2024-10-11T04:34:45.299+0800][info] GC(10) Metaspace: 1441K(1600K)->1441K(1600K) NonClass: 1305K(1408K)->1305K(1408K) Class: 135K(192K)->135K(192K)
[2024-10-11T04:34:45.299+0800][info] GC(10) Pause Young (Prepare Mixed) (G1 Evacuation Pause) 82M->80M(128M) 6.283ms
[2024-10-11T04:34:45.299+0800][info] GC(10) User=0.00s Sys=0.01s Real=0.01s
[2024-10-11T04:34:45.402+0800][info] GC(11) Pause Young (Mixed) (G1 Evacuation Pause)
[2024-10-11T04:34:45.402+0800][info] GC(11) Using 3 workers of 48 for evacuation
[2024-10-11T04:34:45.407+0800][info] GC(11)   Pre Evacuate Collection Set: 0.2ms
[2024-10-11T04:34:45.407+0800][info] GC(11)   Merge Heap Roots: 0.0ms
[2024-10-11T04:34:45.407+0800][info] GC(11)   Evacuate Collection Set: 4.4ms
[2024-10-11T04:34:45.407+0800][info] GC(11)   Post Evacuate Collection Set: 0.3ms
[2024-10-11T04:34:45.407+0800][info] GC(11)   Other: 0.2ms
[2024-10-11T04:34:45.407+0800][info] GC(11) Eden regions: 2->0(2)
[2024-10-11T04:34:45.407+0800][info] GC(11) Survivor regions: 1->1(1)
[2024-10-11T04:34:45.407+0800][info] GC(11) Old regions: 37->33
[2024-10-11T04:34:45.407+0800][info] GC(11) Archive regions: 2->2
[2024-10-11T04:34:45.407+0800][info] GC(11) Humongous regions: 2->2
[2024-10-11T04:34:45.407+0800][info] GC(11) Metaspace: 1441K(1600K)->1441K(1600K) NonClass: 1305K(1408K)->1305K(1408K) Class: 135K(192K)->135K(192K)
[2024-10-11T04:34:45.407+0800][info] GC(11) Pause Young (Mixed) (G1 Evacuation Pause) 84M->72M(128M) 5.152ms
[2024-10-11T04:34:45.407+0800][info] GC(11) User=0.01s Sys=0.01s Real=0.01s
[2024-10-11T04:34:45.512+0800][info] GC(12) Pause Young (Mixed) (G1 Evacuation Pause)
[2024-10-11T04:34:45.512+0800][info] GC(12) Using 3 workers of 48 for evacuation
[2024-10-11T04:34:45.515+0800][info] GC(12)   Pre Evacuate Collection Set: 0.2ms
[2024-10-11T04:34:45.515+0800][info] GC(12)   Merge Heap Roots: 0.1ms
[2024-10-11T04:34:45.515+0800][info] GC(12)   Evacuate Collection Set: 2.6ms
[2024-10-11T04:34:45.515+0800][info] GC(12)   Post Evacuate Collection Set: 0.2ms
[2024-10-11T04:34:45.516+0800][info] GC(12)   Other: 0.2ms
[2024-10-11T04:34:45.516+0800][info] GC(12) Eden regions: 2->0(2)
[2024-10-11T04:34:45.516+0800][info] GC(12) Survivor regions: 1->1(1)
[2024-10-11T04:34:45.516+0800][info] GC(12) Old regions: 33->29
[2024-10-11T04:34:45.516+0800][info] GC(12) Archive regions: 2->2
[2024-10-11T04:34:45.516+0800][info] GC(12) Humongous regions: 2->2
[2024-10-11T04:34:45.516+0800][info] GC(12) Metaspace: 1469K(1600K)->1469K(1600K) NonClass: 1333K(1408K)->1333K(1408K) Class: 135K(192K)->135K(192K)
[2024-10-11T04:34:45.516+0800][info] GC(12) Pause Young (Mixed) (G1 Evacuation Pause) 75M->65M(128M) 3.268ms
[2024-10-11T04:34:45.516+0800][info] GC(12) User=0.00s Sys=0.01s Real=0.01s
[2024-10-11T04:34:45.620+0800][info] GC(13) Pause Young (Mixed) (G1 Evacuation Pause)
[2024-10-11T04:34:45.620+0800][info] GC(13) Using 3 workers of 48 for evacuation
[2024-10-11T04:34:45.622+0800][info] GC(13)   Pre Evacuate Collection Set: 0.2ms
[2024-10-11T04:34:45.622+0800][info] GC(13)   Merge Heap Roots: 0.1ms
[2024-10-11T04:34:45.622+0800][info] GC(13)   Evacuate Collection Set: 2.3ms
[2024-10-11T04:34:45.622+0800][info] GC(13)   Post Evacuate Collection Set: 0.2ms
[2024-10-11T04:34:45.622+0800][info] GC(13)   Other: 0.1ms
[2024-10-11T04:34:45.622+0800][info] GC(13) Eden regions: 2->0(7)
[2024-10-11T04:34:45.622+0800][info] GC(13) Survivor regions: 1->1(1)
[2024-10-11T04:34:45.622+0800][info] GC(13) Old regions: 29->29
[2024-10-11T04:34:45.622+0800][info] GC(13) Archive regions: 2->2
[2024-10-11T04:34:45.622+0800][info] GC(13) Humongous regions: 2->2
[2024-10-11T04:34:45.622+0800][info] GC(13) Metaspace: 1510K(1664K)->1510K(1664K) NonClass: 1375K(1472K)->1375K(1472K) Class: 135K(192K)->135K(192K)
[2024-10-11T04:34:45.623+0800][info] GC(13) Pause Young (Mixed) (G1 Evacuation Pause) 69M->64M(128M) 2.967ms
[2024-10-11T04:34:45.623+0800][info] GC(13) User=0.00s Sys=0.00s Real=0.00s
[2024-10-11T04:34:46.015+0800][info] GC(14) Pause Young (Concurrent Start) (G1 Evacuation Pause)
[2024-10-11T04:34:46.015+0800][info] GC(14) Using 3 workers of 48 for evacuation
[2024-10-11T04:34:46.018+0800][info] GC(14)   Pre Evacuate Collection Set: 0.1ms
[2024-10-11T04:34:46.018+0800][info] GC(14)   Merge Heap Roots: 0.1ms
[2024-10-11T04:34:46.018+0800][info] GC(14)   Evacuate Collection Set: 2.3ms
[2024-10-11T04:34:46.018+0800][info] GC(14)   Post Evacuate Collection Set: 0.2ms
[2024-10-11T04:34:46.018+0800][info] GC(14)   Other: 0.4ms
[2024-10-11T04:34:46.018+0800][info] GC(14) Eden regions: 7->0(4)
[2024-10-11T04:34:46.018+0800][info] GC(14) Survivor regions: 1->1(1)
[2024-10-11T04:34:46.018+0800][info] GC(14) Old regions: 29->36
[2024-10-11T04:34:46.018+0800][info] GC(14) Archive regions: 2->2
[2024-10-11T04:34:46.018+0800][info] GC(14) Humongous regions: 2->2
[2024-10-11T04:34:46.018+0800][info] GC(14) Metaspace: 1517K(1664K)->1517K(1664K) NonClass: 1381K(1472K)->1381K(1472K) Class: 135K(192K)->135K(192K)
[2024-10-11T04:34:46.018+0800][info] GC(14) Pause Young (Concurrent Start) (G1 Evacuation Pause) 78M->78M(128M) 3.142ms
[2024-10-11T04:34:46.018+0800][info] GC(14) User=0.00s Sys=0.00s Real=0.00s
[2024-10-11T04:34:46.019+0800][info] GC(15) Concurrent Mark Cycle
[2024-10-11T04:34:46.019+0800][info] GC(15) Concurrent Clear Claimed Marks
[2024-10-11T04:34:46.019+0800][info] GC(15) Concurrent Clear Claimed Marks 0.018ms
[2024-10-11T04:34:46.019+0800][info] GC(15) Concurrent Scan Root Regions
[2024-10-11T04:34:46.019+0800][info] GC(15) Concurrent Scan Root Regions 0.097ms
[2024-10-11T04:34:46.019+0800][info] GC(15) Concurrent Mark
[2024-10-11T04:34:46.019+0800][info] GC(15) Concurrent Mark From Roots
[2024-10-11T04:34:46.019+0800][info] GC(15) Using 12 workers of 12 for marking
[2024-10-11T04:34:46.022+0800][info] GC(15) Concurrent Mark From Roots 3.672ms
[2024-10-11T04:34:46.022+0800][info] GC(15) Concurrent Preclean
[2024-10-11T04:34:46.024+0800][info] GC(15) Concurrent Preclean 1.671ms
[2024-10-11T04:34:46.024+0800][info] GC(15) Pause Remark
[2024-10-11T04:34:46.025+0800][info] GC(15) Pause Remark 79M->77M(128M) 1.136ms
[2024-10-11T04:34:46.025+0800][info] GC(15) User=0.00s Sys=0.00s Real=0.01s
[2024-10-11T04:34:46.025+0800][info] GC(15) Concurrent Mark 6.670ms
[2024-10-11T04:34:46.025+0800][info] GC(15) Concurrent Rebuild Remembered Sets
[2024-10-11T04:34:46.027+0800][info] GC(15) Concurrent Rebuild Remembered Sets 1.419ms
[2024-10-11T04:34:46.027+0800][info] GC(15) Pause Cleanup
[2024-10-11T04:34:46.027+0800][info] GC(15) Pause Cleanup 77M->77M(128M) 0.146ms
[2024-10-11T04:34:46.027+0800][info] GC(15) User=0.00s Sys=0.00s Real=0.00s
[2024-10-11T04:34:46.027+0800][info] GC(15) Concurrent Cleanup for Next Mark
[2024-10-11T04:34:46.029+0800][info] GC(15) Concurrent Cleanup for Next Mark 2.147ms
[2024-10-11T04:34:46.029+0800][info] GC(15) Concurrent Mark Cycle 10.795ms
[2024-10-11T04:34:46.277+0800][info] GC(16) Pause Young (Prepare Mixed) (G1 Evacuation Pause)
[2024-10-11T04:34:46.277+0800][info] GC(16) Using 3 workers of 48 for evacuation
[2024-10-11T04:34:46.279+0800][info] GC(16)   Pre Evacuate Collection Set: 0.1ms
[2024-10-11T04:34:46.279+0800][info] GC(16)   Merge Heap Roots: 0.1ms
[2024-10-11T04:34:46.279+0800][info] GC(16)   Evacuate Collection Set: 1.6ms
[2024-10-11T04:34:46.279+0800][info] GC(16)   Post Evacuate Collection Set: 0.2ms
[2024-10-11T04:34:46.279+0800][info] GC(16)   Other: 0.3ms
[2024-10-11T04:34:46.279+0800][info] GC(16) Eden regions: 4->0(2)
[2024-10-11T04:34:46.279+0800][info] GC(16) Survivor regions: 1->1(1)
[2024-10-11T04:34:46.279+0800][info] GC(16) Old regions: 35->39
[2024-10-11T04:34:46.279+0800][info] GC(16) Archive regions: 2->2
[2024-10-11T04:34:46.279+0800][info] GC(16) Humongous regions: 2->2
[2024-10-11T04:34:46.279+0800][info] GC(16) Metaspace: 1521K(1664K)->1521K(1664K) NonClass: 1386K(1472K)->1386K(1472K) Class: 135K(192K)->135K(192K)
[2024-10-11T04:34:46.279+0800][info] GC(16) Pause Young (Prepare Mixed) (G1 Evacuation Pause) 84M->84M(128M) 2.426ms
[2024-10-11T04:34:46.279+0800][info] GC(16) User=0.00s Sys=0.00s Real=0.00s
[2024-10-11T04:34:46.383+0800][info] GC(17) Pause Young (Mixed) (G1 Evacuation Pause)
[2024-10-11T04:34:46.383+0800][info] GC(17) Using 3 workers of 48 for evacuation
[2024-10-11T04:34:46.388+0800][info] GC(17)   Pre Evacuate Collection Set: 0.2ms
[2024-10-11T04:34:46.388+0800][info] GC(17)   Merge Heap Roots: 0.1ms
[2024-10-11T04:34:46.388+0800][info] GC(17)   Evacuate Collection Set: 4.2ms
[2024-10-11T04:34:46.388+0800][info] GC(17)   Post Evacuate Collection Set: 0.2ms
[2024-10-11T04:34:46.388+0800][info] GC(17)   Other: 0.2ms
[2024-10-11T04:34:46.388+0800][info] GC(17) Eden regions: 2->0(2)
[2024-10-11T04:34:46.388+0800][info] GC(17) Survivor regions: 1->1(1)
[2024-10-11T04:34:46.388+0800][info] GC(17) Old regions: 39->36
[2024-10-11T04:34:46.388+0800][info] GC(17) Archive regions: 2->2
[2024-10-11T04:34:46.388+0800][info] GC(17) Humongous regions: 2->2
[2024-10-11T04:34:46.388+0800][info] GC(17) Metaspace: 1521K(1664K)->1521K(1664K) NonClass: 1386K(1472K)->1386K(1472K) Class: 135K(192K)->135K(192K)
[2024-10-11T04:34:46.388+0800][info] GC(17) Pause Young (Mixed) (G1 Evacuation Pause) 88M->79M(128M) 4.879ms
[2024-10-11T04:34:46.388+0800][info] GC(17) User=0.00s Sys=0.02s Real=0.01s
[2024-10-11T04:34:46.491+0800][info] GC(18) Pause Young (Mixed) (G1 Evacuation Pause)
[2024-10-11T04:34:46.491+0800][info] GC(18) Using 3 workers of 48 for evacuation
[2024-10-11T04:34:46.494+0800][info] GC(18)   Pre Evacuate Collection Set: 0.1ms
[2024-10-11T04:34:46.494+0800][info] GC(18)   Merge Heap Roots: 0.1ms
[2024-10-11T04:34:46.494+0800][info] GC(18)   Evacuate Collection Set: 3.1ms
[2024-10-11T04:34:46.494+0800][info] GC(18)   Post Evacuate Collection Set: 0.3ms
[2024-10-11T04:34:46.494+0800][info] GC(18)   Other: 0.2ms
[2024-10-11T04:34:46.494+0800][info] GC(18) Eden regions: 2->0(4)
[2024-10-11T04:34:46.494+0800][info] GC(18) Survivor regions: 1->1(1)
[2024-10-11T04:34:46.494+0800][info] GC(18) Old regions: 36->36
[2024-10-11T04:34:46.494+0800][info] GC(18) Archive regions: 2->2
[2024-10-11T04:34:46.494+0800][info] GC(18) Humongous regions: 2->2
[2024-10-11T04:34:46.494+0800][info] GC(18) Metaspace: 1526K(1664K)->1526K(1664K) NonClass: 1390K(1472K)->1390K(1472K) Class: 135K(192K)->135K(192K)
[2024-10-11T04:34:46.494+0800][info] GC(18) Pause Young (Mixed) (G1 Evacuation Pause) 83M->78M(128M) 3.818ms
[2024-10-11T04:34:46.494+0800][info] GC(18) User=0.01s Sys=0.00s Real=0.01s
[2024-10-11T04:34:46.721+0800][info] GC(19) Pause Young (Concurrent Start) (G1 Evacuation Pause)
[2024-10-11T04:34:46.721+0800][info] GC(19) Using 3 workers of 48 for evacuation
[2024-10-11T04:34:46.723+0800][info] GC(19)   Pre Evacuate Collection Set: 0.1ms
[2024-10-11T04:34:46.723+0800][info] GC(19)   Merge Heap Roots: 0.0ms
[2024-10-11T04:34:46.723+0800][info] GC(19)   Evacuate Collection Set: 1.3ms
[2024-10-11T04:34:46.723+0800][info] GC(19)   Post Evacuate Collection Set: 0.2ms
[2024-10-11T04:34:46.723+0800][info] GC(19)   Other: 0.4ms
[2024-10-11T04:34:46.723+0800][info] GC(19) Eden regions: 4->0(3)
[2024-10-11T04:34:46.723+0800][info] GC(19) Survivor regions: 1->1(1)
[2024-10-11T04:34:46.723+0800][info] GC(19) Old regions: 36->40
[2024-10-11T04:34:46.723+0800][info] GC(19) Archive regions: 2->2
[2024-10-11T04:34:46.723+0800][info] GC(19) Humongous regions: 2->2
[2024-10-11T04:34:46.723+0800][info] GC(19) Metaspace: 1526K(1664K)->1526K(1664K) NonClass: 1390K(1472K)->1390K(1472K) Class: 135K(192K)->135K(192K)
[2024-10-11T04:34:46.723+0800][info] GC(19) Pause Young (Concurrent Start) (G1 Evacuation Pause) 86M->86M(128M) 2.147ms
[2024-10-11T04:34:46.723+0800][info] GC(19) User=0.00s Sys=0.00s Real=0.00s
[2024-10-11T04:34:46.723+0800][info] GC(20) Concurrent Mark Cycle
[2024-10-11T04:34:46.723+0800][info] GC(20) Concurrent Clear Claimed Marks
[2024-10-11T04:34:46.723+0800][info] GC(20) Concurrent Clear Claimed Marks 0.017ms
[2024-10-11T04:34:46.723+0800][info] GC(20) Concurrent Scan Root Regions
[2024-10-11T04:34:46.724+0800][info] GC(20) Concurrent Scan Root Regions 0.113ms
[2024-10-11T04:34:46.724+0800][info] GC(20) Concurrent Mark
[2024-10-11T04:34:46.724+0800][info] GC(20) Concurrent Mark From Roots
[2024-10-11T04:34:46.724+0800][info] GC(20) Using 12 workers of 12 for marking
[2024-10-11T04:34:46.728+0800][info] GC(20) Concurrent Mark From Roots 4.247ms
[2024-10-11T04:34:46.728+0800][info] GC(20) Concurrent Preclean
[2024-10-11T04:34:46.730+0800][info] GC(20) Concurrent Preclean 1.687ms
[2024-10-11T04:34:46.730+0800][info] GC(20) Pause Remark
[2024-10-11T04:34:46.731+0800][info] GC(20) Pause Remark 87M->87M(128M) 1.221ms
[2024-10-11T04:34:46.731+0800][info] GC(20) User=0.00s Sys=0.00s Real=0.00s
[2024-10-11T04:34:46.731+0800][info] GC(20) Concurrent Mark 7.360ms
[2024-10-11T04:34:46.731+0800][info] GC(20) Concurrent Rebuild Remembered Sets
[2024-10-11T04:34:46.732+0800][info] GC(20) Concurrent Rebuild Remembered Sets 1.130ms
[2024-10-11T04:34:46.732+0800][info] GC(20) Pause Cleanup
[2024-10-11T04:34:46.732+0800][info] GC(20) Pause Cleanup 87M->87M(128M) 0.185ms
[2024-10-11T04:34:46.732+0800][info] GC(20) User=0.00s Sys=0.00s Real=0.00s
[2024-10-11T04:34:46.732+0800][info] GC(20) Concurrent Cleanup for Next Mark
[2024-10-11T04:34:46.733+0800][info] GC(20) Concurrent Cleanup for Next Mark 0.361ms
[2024-10-11T04:34:46.733+0800][info] GC(20) Concurrent Mark Cycle 9.506ms
[2024-10-11T04:34:46.940+0800][info] GC(21) Pause Young (Prepare Mixed) (G1 Evacuation Pause)
[2024-10-11T04:34:46.940+0800][info] GC(21) Using 3 workers of 48 for evacuation
[2024-10-11T04:34:46.942+0800][info] GC(21)   Pre Evacuate Collection Set: 0.1ms
[2024-10-11T04:34:46.942+0800][info] GC(21)   Merge Heap Roots: 0.1ms
[2024-10-11T04:34:46.942+0800][info] GC(21)   Evacuate Collection Set: 1.0ms
[2024-10-11T04:34:46.942+0800][info] GC(21)   Post Evacuate Collection Set: 0.2ms
[2024-10-11T04:34:46.942+0800][info] GC(21)   Other: 0.2ms
[2024-10-11T04:34:46.942+0800][info] GC(21) Eden regions: 3->0(2)
[2024-10-11T04:34:46.942+0800][info] GC(21) Survivor regions: 1->1(1)
[2024-10-11T04:34:46.942+0800][info] GC(21) Old regions: 40->43
[2024-10-11T04:34:46.942+0800][info] GC(21) Archive regions: 2->2
[2024-10-11T04:34:46.942+0800][info] GC(21) Humongous regions: 2->2
[2024-10-11T04:34:46.942+0800][info] GC(21) Metaspace: 1526K(1664K)->1526K(1664K) NonClass: 1390K(1472K)->1390K(1472K) Class: 135K(192K)->135K(192K)
[2024-10-11T04:34:46.942+0800][info] GC(21) Pause Young (Prepare Mixed) (G1 Evacuation Pause) 92M->92M(128M) 1.662ms
[2024-10-11T04:34:46.942+0800][info] GC(21) User=0.00s Sys=0.00s Real=0.00s
[2024-10-11T04:34:47.046+0800][info] GC(22) Pause Young (Mixed) (G1 Evacuation Pause)
[2024-10-11T04:34:47.046+0800][info] GC(22) Using 3 workers of 48 for evacuation
[2024-10-11T04:34:47.052+0800][info] GC(22)   Pre Evacuate Collection Set: 0.1ms
[2024-10-11T04:34:47.052+0800][info] GC(22)   Merge Heap Roots: 0.0ms
[2024-10-11T04:34:47.052+0800][info] GC(22)   Evacuate Collection Set: 5.3ms
[2024-10-11T04:34:47.052+0800][info] GC(22)   Post Evacuate Collection Set: 0.2ms
[2024-10-11T04:34:47.052+0800][info] GC(22)   Other: 0.2ms
[2024-10-11T04:34:47.052+0800][info] GC(22) Eden regions: 2->0(2)
[2024-10-11T04:34:47.052+0800][info] GC(22) Survivor regions: 1->1(1)
[2024-10-11T04:34:47.052+0800][info] GC(22) Old regions: 43->40
[2024-10-11T04:34:47.052+0800][info] GC(22) Archive regions: 2->2
[2024-10-11T04:34:47.052+0800][info] GC(22) Humongous regions: 2->2
[2024-10-11T04:34:47.052+0800][info] GC(22) Metaspace: 1539K(1664K)->1539K(1664K) NonClass: 1403K(1472K)->1403K(1472K) Class: 135K(192K)->135K(192K)
[2024-10-11T04:34:47.052+0800][info] GC(22) Pause Young (Mixed) (G1 Evacuation Pause) 96M->87M(128M) 5.922ms
[2024-10-11T04:34:47.052+0800][info] GC(22) User=0.01s Sys=0.02s Real=0.00s
[2024-10-11T04:34:47.155+0800][info] GC(23) Pause Young (Mixed) (G1 Evacuation Pause)
[2024-10-11T04:34:47.155+0800][info] GC(23) Using 3 workers of 48 for evacuation
[2024-10-11T04:34:47.157+0800][info] GC(23)   Pre Evacuate Collection Set: 0.2ms
[2024-10-11T04:34:47.157+0800][info] GC(23)   Merge Heap Roots: 0.1ms
[2024-10-11T04:34:47.157+0800][info] GC(23)   Evacuate Collection Set: 1.8ms
[2024-10-11T04:34:47.157+0800][info] GC(23)   Post Evacuate Collection Set: 0.2ms
[2024-10-11T04:34:47.157+0800][info] GC(23)   Other: 0.1ms
[2024-10-11T04:34:47.157+0800][info] GC(23) Eden regions: 2->0(2)
[2024-10-11T04:34:47.157+0800][info] GC(23) Survivor regions: 1->1(1)
[2024-10-11T04:34:47.157+0800][info] GC(23) Old regions: 40->39
[2024-10-11T04:34:47.157+0800][info] GC(23) Archive regions: 2->2
[2024-10-11T04:34:47.157+0800][info] GC(23) Humongous regions: 2->2
[2024-10-11T04:34:47.157+0800][info] GC(23) Metaspace: 1560K(1664K)->1560K(1664K) NonClass: 1424K(1472K)->1424K(1472K) Class: 135K(192K)->135K(192K)
[2024-10-11T04:34:47.157+0800][info] GC(23) Pause Young (Mixed) (G1 Evacuation Pause) 91M->85M(128M) 2.546ms
[2024-10-11T04:34:47.158+0800][info] GC(23) User=0.00s Sys=0.01s Real=0.00s
[2024-10-11T04:34:47.262+0800][info] GC(24) Pause Young (Mixed) (G1 Evacuation Pause)
[2024-10-11T04:34:47.262+0800][info] GC(24) Using 3 workers of 48 for evacuation
[2024-10-11T04:34:47.263+0800][info] GC(24)   Pre Evacuate Collection Set: 0.2ms
[2024-10-11T04:34:47.263+0800][info] GC(24)   Merge Heap Roots: 0.0ms
[2024-10-11T04:34:47.263+0800][info] GC(24)   Evacuate Collection Set: 1.0ms
[2024-10-11T04:34:47.263+0800][info] GC(24)   Post Evacuate Collection Set: 0.2ms
[2024-10-11T04:34:47.263+0800][info] GC(24)   Other: 0.1ms
[2024-10-11T04:34:47.263+0800][info] GC(24) Eden regions: 2->0(3)
[2024-10-11T04:34:47.263+0800][info] GC(24) Survivor regions: 1->1(1)
[2024-10-11T04:34:47.263+0800][info] GC(24) Old regions: 39->41
[2024-10-11T04:34:47.263+0800][info] GC(24) Archive regions: 2->2
[2024-10-11T04:34:47.263+0800][info] GC(24) Humongous regions: 3->2
[2024-10-11T04:34:47.263+0800][info] GC(24) Metaspace: 1560K(1664K)->1560K(1664K) NonClass: 1424K(1472K)->1424K(1472K) Class: 135K(192K)->135K(192K)
[2024-10-11T04:34:47.263+0800][info] GC(24) Pause Young (Mixed) (G1 Evacuation Pause) 91M->88M(128M) 1.640ms
[2024-10-11T04:34:47.263+0800][info] GC(24) User=0.01s Sys=0.00s Real=0.00s
[2024-10-11T04:34:47.427+0800][info] GC(25) Pause Young (Normal) (G1 Evacuation Pause)
[2024-10-11T04:34:47.427+0800][info] GC(25) Using 3 workers of 48 for evacuation
[2024-10-11T04:34:47.429+0800][info] GC(25)   Pre Evacuate Collection Set: 0.1ms
[2024-10-11T04:34:47.429+0800][info] GC(25)   Merge Heap Roots: 0.0ms
[2024-10-11T04:34:47.429+0800][info] GC(25)   Evacuate Collection Set: 1.0ms
[2024-10-11T04:34:47.429+0800][info] GC(25)   Post Evacuate Collection Set: 0.2ms
[2024-10-11T04:34:47.429+0800][info] GC(25)   Other: 0.2ms
[2024-10-11T04:34:47.429+0800][info] GC(25) Eden regions: 3->0(2)
[2024-10-11T04:34:47.429+0800][info] GC(25) Survivor regions: 1->1(1)
[2024-10-11T04:34:47.429+0800][info] GC(25) Old regions: 41->44
[2024-10-11T04:34:47.429+0800][info] GC(25) Archive regions: 2->2
[2024-10-11T04:34:47.429+0800][info] GC(25) Humongous regions: 2->2
[2024-10-11T04:34:47.429+0800][info] GC(25) Metaspace: 1560K(1664K)->1560K(1664K) NonClass: 1424K(1472K)->1424K(1472K) Class: 135K(192K)->135K(192K)
[2024-10-11T04:34:47.429+0800][info] GC(25) Pause Young (Normal) (G1 Evacuation Pause) 94M->95M(128M) 1.712ms
[2024-10-11T04:34:47.429+0800][info] GC(25) User=0.00s Sys=0.00s Real=0.00s
[2024-10-11T04:34:47.532+0800][info] GC(26) Pause Young (Normal) (G1 Evacuation Pause)
[2024-10-11T04:34:47.532+0800][info] GC(26) Using 3 workers of 48 for evacuation
[2024-10-11T04:34:47.533+0800][info] GC(26)   Pre Evacuate Collection Set: 0.1ms
[2024-10-11T04:34:47.533+0800][info] GC(26)   Merge Heap Roots: 0.0ms
[2024-10-11T04:34:47.533+0800][info] GC(26)   Evacuate Collection Set: 0.7ms
[2024-10-11T04:34:47.533+0800][info] GC(26)   Post Evacuate Collection Set: 0.2ms
[2024-10-11T04:34:47.533+0800][info] GC(26)   Other: 0.2ms
[2024-10-11T04:34:47.533+0800][info] GC(26) Eden regions: 2->0(2)
[2024-10-11T04:34:47.533+0800][info] GC(26) Survivor regions: 1->1(1)
[2024-10-11T04:34:47.533+0800][info] GC(26) Old regions: 44->46
[2024-10-11T04:34:47.533+0800][info] GC(26) Archive regions: 2->2
[2024-10-11T04:34:47.533+0800][info] GC(26) Humongous regions: 2->2
[2024-10-11T04:34:47.533+0800][info] GC(26) Metaspace: 1560K(1664K)->1560K(1664K) NonClass: 1425K(1472K)->1425K(1472K) Class: 135K(192K)->135K(192K)
[2024-10-11T04:34:47.533+0800][info] GC(26) Pause Young (Normal) (G1 Evacuation Pause) 98M->98M(128M) 1.384ms
[2024-10-11T04:34:47.534+0800][info] GC(26) User=0.00s Sys=0.00s Real=0.01s
[2024-10-11T04:34:47.636+0800][info] GC(27) Pause Young (Concurrent Start) (G1 Evacuation Pause)
[2024-10-11T04:34:47.636+0800][info] GC(27) Using 3 workers of 48 for evacuation
[2024-10-11T04:34:47.638+0800][info] GC(27)   Pre Evacuate Collection Set: 0.1ms
[2024-10-11T04:34:47.638+0800][info] GC(27)   Merge Heap Roots: 0.0ms
[2024-10-11T04:34:47.638+0800][info] GC(27)   Evacuate Collection Set: 1.8ms
[2024-10-11T04:34:47.639+0800][info] GC(27)   Post Evacuate Collection Set: 0.2ms
[2024-10-11T04:34:47.639+0800][info] GC(27)   Other: 0.4ms
[2024-10-11T04:34:47.639+0800][info] GC(27) Eden regions: 2->0(2)
[2024-10-11T04:34:47.639+0800][info] GC(27) Survivor regions: 1->1(1)
[2024-10-11T04:34:47.639+0800][info] GC(27) Old regions: 46->48
[2024-10-11T04:34:47.639+0800][info] GC(27) Archive regions: 2->2
[2024-10-11T04:34:47.639+0800][info] GC(27) Humongous regions: 2->2
[2024-10-11T04:34:47.639+0800][info] GC(27) Metaspace: 1560K(1664K)->1560K(1664K) NonClass: 1425K(1472K)->1425K(1472K) Class: 135K(192K)->135K(192K)
[2024-10-11T04:34:47.639+0800][info] GC(27) Pause Young (Concurrent Start) (G1 Evacuation Pause) 102M->102M(128M) 2.640ms
[2024-10-11T04:34:47.639+0800][info] GC(27) User=0.00s Sys=0.00s Real=0.00s
[2024-10-11T04:34:47.639+0800][info] GC(28) Concurrent Mark Cycle
[2024-10-11T04:34:47.639+0800][info] GC(28) Concurrent Clear Claimed Marks
[2024-10-11T04:34:47.639+0800][info] GC(28) Concurrent Clear Claimed Marks 0.016ms
[2024-10-11T04:34:47.639+0800][info] GC(28) Concurrent Scan Root Regions
[2024-10-11T04:34:47.639+0800][info] GC(28) Concurrent Scan Root Regions 0.147ms
[2024-10-11T04:34:47.639+0800][info] GC(28) Concurrent Mark
[2024-10-11T04:34:47.639+0800][info] GC(28) Concurrent Mark From Roots
[2024-10-11T04:34:47.639+0800][info] GC(28) Using 12 workers of 12 for marking
[2024-10-11T04:34:47.643+0800][info] GC(28) Concurrent Mark From Roots 3.711ms
[2024-10-11T04:34:47.643+0800][info] GC(28) Concurrent Preclean
[2024-10-11T04:34:47.644+0800][info] GC(28) Concurrent Preclean 1.670ms
[2024-10-11T04:34:47.644+0800][info] GC(28) Pause Remark
[2024-10-11T04:34:47.646+0800][info] GC(28) Pause Remark 103M->103M(128M) 1.235ms
[2024-10-11T04:34:47.646+0800][info] GC(28) User=0.00s Sys=0.00s Real=0.01s
[2024-10-11T04:34:47.646+0800][info] GC(28) Concurrent Mark 6.881ms
[2024-10-11T04:34:47.646+0800][info] GC(28) Concurrent Rebuild Remembered Sets
[2024-10-11T04:34:47.647+0800][info] GC(28) Concurrent Rebuild Remembered Sets 1.210ms
[2024-10-11T04:34:47.647+0800][info] GC(28) Pause Cleanup
[2024-10-11T04:34:47.647+0800][info] GC(28) Pause Cleanup 103M->103M(128M) 0.151ms
[2024-10-11T04:34:47.647+0800][info] GC(28) User=0.00s Sys=0.00s Real=0.00s
[2024-10-11T04:34:47.647+0800][info] GC(28) Concurrent Cleanup for Next Mark
[2024-10-11T04:34:47.648+0800][info] GC(28) Concurrent Cleanup for Next Mark 0.407ms
[2024-10-11T04:34:47.648+0800][info] GC(28) Concurrent Mark Cycle 9.092ms
[2024-10-11T04:34:47.794+0800][info] GC(29) Pause Young (Prepare Mixed) (G1 Evacuation Pause)
[2024-10-11T04:34:47.794+0800][info] GC(29) Using 3 workers of 48 for evacuation
[2024-10-11T04:34:47.797+0800][info] GC(29)   Pre Evacuate Collection Set: 0.1ms
[2024-10-11T04:34:47.797+0800][info] GC(29)   Merge Heap Roots: 0.1ms
[2024-10-11T04:34:47.797+0800][info] GC(29)   Evacuate Collection Set: 2.5ms
[2024-10-11T04:34:47.797+0800][info] GC(29)   Post Evacuate Collection Set: 0.2ms
[2024-10-11T04:34:47.797+0800][info] GC(29)   Other: 0.2ms
[2024-10-11T04:34:47.797+0800][info] GC(29) Eden regions: 2->0(2)
[2024-10-11T04:34:47.797+0800][info] GC(29) Survivor regions: 1->1(1)
[2024-10-11T04:34:47.797+0800][info] GC(29) Old regions: 48->50
[2024-10-11T04:34:47.797+0800][info] GC(29) Archive regions: 2->2
[2024-10-11T04:34:47.797+0800][info] GC(29) Humongous regions: 2->2
[2024-10-11T04:34:47.797+0800][info] GC(29) Metaspace: 1562K(1664K)->1562K(1664K) NonClass: 1426K(1472K)->1426K(1472K) Class: 135K(192K)->135K(192K)
[2024-10-11T04:34:47.797+0800][info] GC(29) Pause Young (Prepare Mixed) (G1 Evacuation Pause) 106M->106M(128M) 3.164ms
[2024-10-11T04:34:47.797+0800][info] GC(29) User=0.00s Sys=0.00s Real=0.00s
[2024-10-11T04:34:47.900+0800][info] GC(30) Pause Young (Mixed) (G1 Evacuation Pause)
[2024-10-11T04:34:47.900+0800][info] GC(30) Using 3 workers of 48 for evacuation
[2024-10-11T04:34:47.902+0800][info] GC(30)   Pre Evacuate Collection Set: 0.2ms
[2024-10-11T04:34:47.902+0800][info] GC(30)   Merge Heap Roots: 0.0ms
[2024-10-11T04:34:47.902+0800][info] GC(30)   Evacuate Collection Set: 1.4ms
[2024-10-11T04:34:47.902+0800][info] GC(30)   Post Evacuate Collection Set: 0.2ms
[2024-10-11T04:34:47.902+0800][info] GC(30)   Other: 0.2ms
[2024-10-11T04:34:47.902+0800][info] GC(30) Eden regions: 2->0(2)
[2024-10-11T04:34:47.902+0800][info] GC(30) Survivor regions: 1->1(1)
[2024-10-11T04:34:47.902+0800][info] GC(30) Old regions: 50->47
[2024-10-11T04:34:47.902+0800][info] GC(30) Archive regions: 2->2
[2024-10-11T04:34:47.902+0800][info] GC(30) Humongous regions: 2->2
[2024-10-11T04:34:47.902+0800][info] GC(30) Metaspace: 1562K(1664K)->1562K(1664K) NonClass: 1426K(1472K)->1426K(1472K) Class: 135K(192K)->135K(192K)
[2024-10-11T04:34:47.902+0800][info] GC(30) Pause Young (Mixed) (G1 Evacuation Pause) 110M->100M(128M) 2.129ms
[2024-10-11T04:34:47.902+0800][info] GC(30) User=0.01s Sys=0.00s Real=0.00s
[2024-10-11T04:34:48.005+0800][info] GC(31) Pause Young (Mixed) (G1 Evacuation Pause)
[2024-10-11T04:34:48.005+0800][info] GC(31) Using 3 workers of 48 for evacuation
[2024-10-11T04:34:48.007+0800][info] GC(31)   Pre Evacuate Collection Set: 0.1ms
[2024-10-11T04:34:48.007+0800][info] GC(31)   Merge Heap Roots: 0.1ms
[2024-10-11T04:34:48.007+0800][info] GC(31)   Evacuate Collection Set: 1.4ms
[2024-10-11T04:34:48.007+0800][info] GC(31)   Post Evacuate Collection Set: 0.2ms
[2024-10-11T04:34:48.007+0800][info] GC(31)   Other: 0.2ms
[2024-10-11T04:34:48.007+0800][info] GC(31) Eden regions: 2->0(2)
[2024-10-11T04:34:48.007+0800][info] GC(31) Survivor regions: 1->1(1)
[2024-10-11T04:34:48.007+0800][info] GC(31) Old regions: 47->45
[2024-10-11T04:34:48.007+0800][info] GC(31) Archive regions: 2->2
[2024-10-11T04:34:48.007+0800][info] GC(31) Humongous regions: 2->2
[2024-10-11T04:34:48.007+0800][info] GC(31) Metaspace: 1564K(1664K)->1564K(1664K) NonClass: 1429K(1472K)->1429K(1472K) Class: 135K(192K)->135K(192K)
[2024-10-11T04:34:48.007+0800][info] GC(31) Pause Young (Mixed) (G1 Evacuation Pause) 103M->96M(128M) 2.113ms
[2024-10-11T04:34:48.007+0800][info] GC(31) User=0.00s Sys=0.01s Real=0.01s
[2024-10-11T04:34:48.110+0800][info] GC(32) Pause Young (Mixed) (G1 Evacuation Pause)
[2024-10-11T04:34:48.110+0800][info] GC(32) Using 3 workers of 48 for evacuation
[2024-10-11T04:34:48.112+0800][info] GC(32)   Pre Evacuate Collection Set: 0.2ms
[2024-10-11T04:34:48.112+0800][info] GC(32)   Merge Heap Roots: 0.1ms
[2024-10-11T04:34:48.112+0800][info] GC(32)   Evacuate Collection Set: 1.8ms
[2024-10-11T04:34:48.112+0800][info] GC(32)   Post Evacuate Collection Set: 0.2ms
[2024-10-11T04:34:48.112+0800][info] GC(32)   Other: 0.1ms
[2024-10-11T04:34:48.112+0800][info] GC(32) Eden regions: 2->0(2)
[2024-10-11T04:34:48.112+0800][info] GC(32) Survivor regions: 1->1(1)
[2024-10-11T04:34:48.112+0800][info] GC(32) Old regions: 45->44
[2024-10-11T04:34:48.112+0800][info] GC(32) Archive regions: 2->2
[2024-10-11T04:34:48.112+0800][info] GC(32) Humongous regions: 2->2
[2024-10-11T04:34:48.112+0800][info] GC(32) Metaspace: 1564K(1664K)->1564K(1664K) NonClass: 1429K(1472K)->1429K(1472K) Class: 135K(192K)->135K(192K)
[2024-10-11T04:34:48.112+0800][info] GC(32) Pause Young (Mixed) (G1 Evacuation Pause) 99M->94M(128M) 2.516ms
[2024-10-11T04:34:48.112+0800][info] GC(32) User=0.00s Sys=0.00s Real=0.00s
[2024-10-11T04:34:48.215+0800][info] GC(33) Pause Young (Mixed) (G1 Evacuation Pause)
[2024-10-11T04:34:48.215+0800][info] GC(33) Using 3 workers of 48 for evacuation
[2024-10-11T04:34:48.217+0800][info] GC(33)   Pre Evacuate Collection Set: 0.2ms
[2024-10-11T04:34:48.217+0800][info] GC(33)   Merge Heap Roots: 0.0ms
[2024-10-11T04:34:48.217+0800][info] GC(33)   Evacuate Collection Set: 1.2ms
[2024-10-11T04:34:48.217+0800][info] GC(33)   Post Evacuate Collection Set: 0.2ms
[2024-10-11T04:34:48.217+0800][info] GC(33)   Other: 0.1ms
[2024-10-11T04:34:48.217+0800][info] GC(33) Eden regions: 2->0(2)
[2024-10-11T04:34:48.217+0800][info] GC(33) Survivor regions: 1->1(1)
[2024-10-11T04:34:48.217+0800][info] GC(33) Old regions: 44->44
[2024-10-11T04:34:48.217+0800][info] GC(33) Archive regions: 2->2
[2024-10-11T04:34:48.217+0800][info] GC(33) Humongous regions: 2->2
[2024-10-11T04:34:48.217+0800][info] GC(33) Metaspace: 1566K(1664K)->1566K(1664K) NonClass: 1430K(1472K)->1430K(1472K) Class: 135K(192K)->135K(192K)
[2024-10-11T04:34:48.217+0800][info] GC(33) Pause Young (Mixed) (G1 Evacuation Pause) 97M->95M(128M) 1.898ms
[2024-10-11T04:34:48.217+0800][info] GC(33) User=0.00s Sys=0.01s Real=0.00s
[2024-10-11T04:34:48.320+0800][info] GC(34) Pause Young (Normal) (G1 Evacuation Pause)
[2024-10-11T04:34:48.320+0800][info] GC(34) Using 3 workers of 48 for evacuation
[2024-10-11T04:34:48.321+0800][info] GC(34)   Pre Evacuate Collection Set: 0.1ms
[2024-10-11T04:34:48.321+0800][info] GC(34)   Merge Heap Roots: 0.0ms
[2024-10-11T04:34:48.321+0800][info] GC(34)   Evacuate Collection Set: 0.8ms
[2024-10-11T04:34:48.321+0800][info] GC(34)   Post Evacuate Collection Set: 0.2ms
[2024-10-11T04:34:48.321+0800][info] GC(34)   Other: 0.2ms
[2024-10-11T04:34:48.321+0800][info] GC(34) Eden regions: 2->0(2)
[2024-10-11T04:34:48.321+0800][info] GC(34) Survivor regions: 1->1(1)
[2024-10-11T04:34:48.321+0800][info] GC(34) Old regions: 44->46
[2024-10-11T04:34:48.321+0800][info] GC(34) Archive regions: 2->2
[2024-10-11T04:34:48.321+0800][info] GC(34) Humongous regions: 2->2
[2024-10-11T04:34:48.321+0800][info] GC(34) Metaspace: 1566K(1664K)->1566K(1664K) NonClass: 1430K(1472K)->1430K(1472K) Class: 135K(192K)->135K(192K)
[2024-10-11T04:34:48.321+0800][info] GC(34) Pause Young (Normal) (G1 Evacuation Pause) 99M->99M(128M) 1.513ms
[2024-10-11T04:34:48.321+0800][info] GC(34) User=0.00s Sys=0.00s Real=0.00s
[2024-10-11T04:34:48.425+0800][info] GC(35) Pause Young (Normal) (G1 Evacuation Pause)
[2024-10-11T04:34:48.425+0800][info] GC(35) Using 3 workers of 48 for evacuation
[2024-10-11T04:34:48.426+0800][info] GC(35)   Pre Evacuate Collection Set: 0.1ms
[2024-10-11T04:34:48.426+0800][info] GC(35)   Merge Heap Roots: 0.1ms
[2024-10-11T04:34:48.426+0800][info] GC(35)   Evacuate Collection Set: 0.7ms
[2024-10-11T04:34:48.426+0800][info] GC(35)   Post Evacuate Collection Set: 0.2ms
[2024-10-11T04:34:48.426+0800][info] GC(35)   Other: 0.2ms
[2024-10-11T04:34:48.426+0800][info] GC(35) Eden regions: 2->0(2)
[2024-10-11T04:34:48.426+0800][info] GC(35) Survivor regions: 1->1(1)
[2024-10-11T04:34:48.426+0800][info] GC(35) Old regions: 46->48
[2024-10-11T04:34:48.426+0800][info] GC(35) Archive regions: 2->2
[2024-10-11T04:34:48.426+0800][info] GC(35) Humongous regions: 2->2
[2024-10-11T04:34:48.426+0800][info] GC(35) Metaspace: 1566K(1664K)->1566K(1664K) NonClass: 1431K(1472K)->1431K(1472K) Class: 135K(192K)->135K(192K)
[2024-10-11T04:34:48.426+0800][info] GC(35) Pause Young (Normal) (G1 Evacuation Pause) 103M->103M(128M) 1.427ms
[2024-10-11T04:34:48.426+0800][info] GC(35) User=0.01s Sys=0.00s Real=0.01s
[2024-10-11T04:34:48.530+0800][info] GC(36) Pause Young (Concurrent Start) (G1 Evacuation Pause)
[2024-10-11T04:34:48.530+0800][info] GC(36) Using 3 workers of 48 for evacuation
[2024-10-11T04:34:48.531+0800][info] GC(36)   Pre Evacuate Collection Set: 0.1ms
[2024-10-11T04:34:48.531+0800][info] GC(36)   Merge Heap Roots: 0.0ms
[2024-10-11T04:34:48.531+0800][info] GC(36)   Evacuate Collection Set: 0.8ms
[2024-10-11T04:34:48.531+0800][info] GC(36)   Post Evacuate Collection Set: 0.2ms
[2024-10-11T04:34:48.531+0800][info] GC(36)   Other: 0.3ms
[2024-10-11T04:34:48.531+0800][info] GC(36) Eden regions: 2->0(2)
[2024-10-11T04:34:48.531+0800][info] GC(36) Survivor regions: 1->1(1)
[2024-10-11T04:34:48.531+0800][info] GC(36) Old regions: 48->50
[2024-10-11T04:34:48.531+0800][info] GC(36) Archive regions: 2->2
[2024-10-11T04:34:48.531+0800][info] GC(36) Humongous regions: 2->2
[2024-10-11T04:34:48.531+0800][info] GC(36) Metaspace: 1581K(1728K)->1581K(1728K) NonClass: 1445K(1536K)->1445K(1536K) Class: 135K(192K)->135K(192K)
[2024-10-11T04:34:48.531+0800][info] GC(36) Pause Young (Concurrent Start) (G1 Evacuation Pause) 106M->107M(128M) 1.543ms
[2024-10-11T04:34:48.531+0800][info] GC(36) User=0.01s Sys=0.00s Real=0.00s
[2024-10-11T04:34:48.531+0800][info] GC(37) Concurrent Mark Cycle
[2024-10-11T04:34:48.531+0800][info] GC(37) Concurrent Clear Claimed Marks
[2024-10-11T04:34:48.531+0800][info] GC(37) Concurrent Clear Claimed Marks 0.016ms
[2024-10-11T04:34:48.531+0800][info] GC(37) Concurrent Scan Root Regions
[2024-10-11T04:34:48.531+0800][info] GC(37) Concurrent Scan Root Regions 0.105ms
[2024-10-11T04:34:48.531+0800][info] GC(37) Concurrent Mark
[2024-10-11T04:34:48.531+0800][info] GC(37) Concurrent Mark From Roots
[2024-10-11T04:34:48.531+0800][info] GC(37) Using 12 workers of 12 for marking
[2024-10-11T04:34:48.535+0800][info] GC(37) Concurrent Mark From Roots 3.749ms
[2024-10-11T04:34:48.535+0800][info] GC(37) Concurrent Preclean
[2024-10-11T04:34:48.537+0800][info] GC(37) Concurrent Preclean 1.669ms
[2024-10-11T04:34:48.537+0800][info] GC(37) Pause Remark
[2024-10-11T04:34:48.538+0800][info] GC(37) Pause Remark 107M->105M(128M) 1.137ms
[2024-10-11T04:34:48.538+0800][info] GC(37) User=0.00s Sys=0.00s Real=0.00s
[2024-10-11T04:34:48.538+0800][info] GC(37) Concurrent Mark 6.723ms
[2024-10-11T04:34:48.538+0800][info] GC(37) Concurrent Rebuild Remembered Sets
[2024-10-11T04:34:48.539+0800][info] GC(37) Concurrent Rebuild Remembered Sets 1.145ms
[2024-10-11T04:34:48.539+0800][info] GC(37) Pause Cleanup
[2024-10-11T04:34:48.540+0800][info] GC(37) Pause Cleanup 105M->105M(128M) 0.176ms
[2024-10-11T04:34:48.540+0800][info] GC(37) User=0.00s Sys=0.00s Real=0.00s
[2024-10-11T04:34:48.540+0800][info] GC(37) Concurrent Cleanup for Next Mark
[2024-10-11T04:34:48.540+0800][info] GC(37) Concurrent Cleanup for Next Mark 0.353ms
[2024-10-11T04:34:48.540+0800][info] GC(37) Concurrent Mark Cycle 8.831ms
[2024-10-11T04:34:48.687+0800][info] GC(38) Pause Young (Prepare Mixed) (G1 Evacuation Pause)
[2024-10-11T04:34:48.687+0800][info] GC(38) Using 3 workers of 48 for evacuation
[2024-10-11T04:34:48.688+0800][info] GC(38)   Pre Evacuate Collection Set: 0.1ms
[2024-10-11T04:34:48.688+0800][info] GC(38)   Merge Heap Roots: 0.1ms
[2024-10-11T04:34:48.688+0800][info] GC(38)   Evacuate Collection Set: 0.8ms
[2024-10-11T04:34:48.688+0800][info] GC(38)   Post Evacuate Collection Set: 0.2ms
[2024-10-11T04:34:48.688+0800][info] GC(38)   Other: 0.2ms
[2024-10-11T04:34:48.688+0800][info] GC(38) Eden regions: 2->0(2)
[2024-10-11T04:34:48.688+0800][info] GC(38) Survivor regions: 1->1(1)
[2024-10-11T04:34:48.688+0800][info] GC(38) Old regions: 49->51
[2024-10-11T04:34:48.688+0800][info] GC(38) Archive regions: 2->2
[2024-10-11T04:34:48.688+0800][info] GC(38) Humongous regions: 2->2
[2024-10-11T04:34:48.688+0800][info] GC(38) Metaspace: 1599K(1728K)->1599K(1728K) NonClass: 1464K(1536K)->1464K(1536K) Class: 135K(192K)->135K(192K)
[2024-10-11T04:34:48.688+0800][info] GC(38) Pause Young (Prepare Mixed) (G1 Evacuation Pause) 108M->109M(128M) 1.530ms
[2024-10-11T04:34:48.688+0800][info] GC(38) User=0.00s Sys=0.00s Real=0.00s
[2024-10-11T04:34:48.791+0800][info] GC(39) Pause Young (Mixed) (G1 Evacuation Pause)
[2024-10-11T04:34:48.791+0800][info] GC(39) Using 3 workers of 48 for evacuation
[2024-10-11T04:34:48.793+0800][info] GC(39)   Pre Evacuate Collection Set: 0.2ms
[2024-10-11T04:34:48.793+0800][info] GC(39)   Merge Heap Roots: 0.1ms
[2024-10-11T04:34:48.793+0800][info] GC(39)   Evacuate Collection Set: 1.6ms
[2024-10-11T04:34:48.793+0800][info] GC(39)   Post Evacuate Collection Set: 0.2ms
[2024-10-11T04:34:48.793+0800][info] GC(39)   Other: 0.2ms
[2024-10-11T04:34:48.793+0800][info] GC(39) Eden regions: 2->0(2)
[2024-10-11T04:34:48.793+0800][info] GC(39) Survivor regions: 1->1(1)
[2024-10-11T04:34:48.793+0800][info] GC(39) Old regions: 51->48
[2024-10-11T04:34:48.793+0800][info] GC(39) Archive regions: 2->2
[2024-10-11T04:34:48.793+0800][info] GC(39) Humongous regions: 2->2
[2024-10-11T04:34:48.793+0800][info] GC(39) Metaspace: 1599K(1728K)->1599K(1728K) NonClass: 1464K(1536K)->1464K(1536K) Class: 135K(192K)->135K(192K)
[2024-10-11T04:34:48.793+0800][info] GC(39) Pause Young (Mixed) (G1 Evacuation Pause) 113M->102M(128M) 2.278ms
[2024-10-11T04:34:48.793+0800][info] GC(39) User=0.01s Sys=0.01s Real=0.00s
[2024-10-11T04:34:48.896+0800][info] GC(40) Pause Young (Mixed) (G1 Evacuation Pause)
[2024-10-11T04:34:48.896+0800][info] GC(40) Using 3 workers of 48 for evacuation
[2024-10-11T04:34:48.898+0800][info] GC(40)   Pre Evacuate Collection Set: 0.2ms
[2024-10-11T04:34:48.898+0800][info] GC(40)   Merge Heap Roots: 0.1ms
[2024-10-11T04:34:48.898+0800][info] GC(40)   Evacuate Collection Set: 1.9ms
[2024-10-11T04:34:48.898+0800][info] GC(40)   Post Evacuate Collection Set: 0.2ms
[2024-10-11T04:34:48.898+0800][info] GC(40)   Other: 0.1ms
[2024-10-11T04:34:48.898+0800][info] GC(40) Eden regions: 2->0(2)
[2024-10-11T04:34:48.898+0800][info] GC(40) Survivor regions: 1->1(1)
[2024-10-11T04:34:48.898+0800][info] GC(40) Old regions: 48->46
[2024-10-11T04:34:48.898+0800][info] GC(40) Archive regions: 2->2
[2024-10-11T04:34:48.898+0800][info] GC(40) Humongous regions: 2->2
[2024-10-11T04:34:48.898+0800][info] GC(40) Metaspace: 1599K(1728K)->1599K(1728K) NonClass: 1464K(1536K)->1464K(1536K) Class: 135K(192K)->135K(192K)
[2024-10-11T04:34:48.898+0800][info] GC(40) Pause Young (Mixed) (G1 Evacuation Pause) 106M->98M(128M) 2.579ms
[2024-10-11T04:34:48.898+0800][info] GC(40) User=0.00s Sys=0.00s Real=0.00s
[2024-10-11T04:34:49.000+0800][info] GC(41) Pause Young (Mixed) (G1 Evacuation Pause)
[2024-10-11T04:34:49.000+0800][info] GC(41) Using 3 workers of 48 for evacuation
[2024-10-11T04:34:49.003+0800][info] GC(41)   Pre Evacuate Collection Set: 0.2ms
[2024-10-11T04:34:49.003+0800][info] GC(41)   Merge Heap Roots: 0.1ms
[2024-10-11T04:34:49.003+0800][info] GC(41)   Evacuate Collection Set: 2.2ms
[2024-10-11T04:34:49.003+0800][info] GC(41)   Post Evacuate Collection Set: 0.2ms
[2024-10-11T04:34:49.003+0800][info] GC(41)   Other: 0.1ms
[2024-10-11T04:34:49.003+0800][info] GC(41) Eden regions: 2->0(2)
[2024-10-11T04:34:49.003+0800][info] GC(41) Survivor regions: 1->1(1)
[2024-10-11T04:34:49.003+0800][info] GC(41) Old regions: 46->46
[2024-10-11T04:34:49.003+0800][info] GC(41) Archive regions: 2->2
[2024-10-11T04:34:49.003+0800][info] GC(41) Humongous regions: 2->2
[2024-10-11T04:34:49.003+0800][info] GC(41) Metaspace: 1600K(1728K)->1600K(1728K) NonClass: 1464K(1536K)->1464K(1536K) Class: 135K(192K)->135K(192K)
[2024-10-11T04:34:49.003+0800][info] GC(41) Pause Young (Mixed) (G1 Evacuation Pause) 102M->98M(128M) 2.871ms
[2024-10-11T04:34:49.003+0800][info] GC(41) User=0.00s Sys=0.00s Real=0.00s
[2024-10-11T04:34:49.106+0800][info] GC(42) Pause Young (Mixed) (G1 Evacuation Pause)
[2024-10-11T04:34:49.106+0800][info] GC(42) Using 3 workers of 48 for evacuation
[2024-10-11T04:34:49.109+0800][info] GC(42)   Pre Evacuate Collection Set: 0.2ms
[2024-10-11T04:34:49.109+0800][info] GC(42)   Merge Heap Roots: 0.1ms
[2024-10-11T04:34:49.109+0800][info] GC(42)   Evacuate Collection Set: 1.9ms
[2024-10-11T04:34:49.109+0800][info] GC(42)   Post Evacuate Collection Set: 0.2ms
[2024-10-11T04:34:49.109+0800][info] GC(42)   Other: 0.2ms
[2024-10-11T04:34:49.109+0800][info] GC(42) Eden regions: 2->0(2)
[2024-10-11T04:34:49.109+0800][info] GC(42) Survivor regions: 1->1(1)
[2024-10-11T04:34:49.109+0800][info] GC(42) Old regions: 46->45
[2024-10-11T04:34:49.109+0800][info] GC(42) Archive regions: 2->2
[2024-10-11T04:34:49.109+0800][info] GC(42) Humongous regions: 2->2
[2024-10-11T04:34:49.109+0800][info] GC(42) Metaspace: 1601K(1728K)->1601K(1728K) NonClass: 1465K(1536K)->1465K(1536K) Class: 135K(192K)->135K(192K)
[2024-10-11T04:34:49.109+0800][info] GC(42) Pause Young (Mixed) (G1 Evacuation Pause) 101M->96M(128M) 2.667ms
[2024-10-11T04:34:49.109+0800][info] GC(42) User=0.01s Sys=0.00s Real=0.00s
[2024-10-11T04:34:49.211+0800][info] GC(43) Pause Young (Normal) (G1 Evacuation Pause)
[2024-10-11T04:34:49.211+0800][info] GC(43) Using 3 workers of 48 for evacuation
[2024-10-11T04:34:49.212+0800][info] GC(43)   Pre Evacuate Collection Set: 0.1ms
[2024-10-11T04:34:49.212+0800][info] GC(43)   Merge Heap Roots: 0.0ms
[2024-10-11T04:34:49.212+0800][info] GC(43)   Evacuate Collection Set: 0.7ms
[2024-10-11T04:34:49.212+0800][info] GC(43)   Post Evacuate Collection Set: 0.2ms
[2024-10-11T04:34:49.212+0800][info] GC(43)   Other: 0.2ms
[2024-10-11T04:34:49.212+0800][info] GC(43) Eden regions: 2->0(2)
[2024-10-11T04:34:49.212+0800][info] GC(43) Survivor regions: 1->1(1)
[2024-10-11T04:34:49.212+0800][info] GC(43) Old regions: 45->47
[2024-10-11T04:34:49.212+0800][info] GC(43) Archive regions: 2->2
[2024-10-11T04:34:49.212+0800][info] GC(43) Humongous regions: 2->2
[2024-10-11T04:34:49.212+0800][info] GC(43) Metaspace: 1601K(1728K)->1601K(1728K) NonClass: 1465K(1536K)->1465K(1536K) Class: 135K(192K)->135K(192K)
[2024-10-11T04:34:49.212+0800][info] GC(43) Pause Young (Normal) (G1 Evacuation Pause) 100M->100M(128M) 1.327ms
[2024-10-11T04:34:49.212+0800][info] GC(43) User=0.00s Sys=0.00s Real=0.00s
[2024-10-11T04:34:49.315+0800][info] GC(44) Pause Young (Normal) (G1 Evacuation Pause)
[2024-10-11T04:34:49.315+0800][info] GC(44) Using 3 workers of 48 for evacuation
[2024-10-11T04:34:49.316+0800][info] GC(44)   Pre Evacuate Collection Set: 0.1ms
[2024-10-11T04:34:49.316+0800][info] GC(44)   Merge Heap Roots: 0.0ms
[2024-10-11T04:34:49.316+0800][info] GC(44)   Evacuate Collection Set: 0.8ms
[2024-10-11T04:34:49.316+0800][info] GC(44)   Post Evacuate Collection Set: 0.2ms
[2024-10-11T04:34:49.316+0800][info] GC(44)   Other: 0.2ms
[2024-10-11T04:34:49.317+0800][info] GC(44) Eden regions: 2->0(2)
[2024-10-11T04:34:49.317+0800][info] GC(44) Survivor regions: 1->1(1)
[2024-10-11T04:34:49.317+0800][info] GC(44) Old regions: 47->49
[2024-10-11T04:34:49.317+0800][info] GC(44) Archive regions: 2->2
[2024-10-11T04:34:49.317+0800][info] GC(44) Humongous regions: 2->2
[2024-10-11T04:34:49.317+0800][info] GC(44) Metaspace: 1601K(1728K)->1601K(1728K) NonClass: 1465K(1536K)->1465K(1536K) Class: 135K(192K)->135K(192K)
[2024-10-11T04:34:49.317+0800][info] GC(44) Pause Young (Normal) (G1 Evacuation Pause) 103M->104M(128M) 1.463ms
[2024-10-11T04:34:49.317+0800][info] GC(44) User=0.00s Sys=0.00s Real=0.00s
[2024-10-11T04:34:49.419+0800][info] GC(45) Pause Young (Concurrent Start) (G1 Evacuation Pause)
[2024-10-11T04:34:49.419+0800][info] GC(45) Using 3 workers of 48 for evacuation
[2024-10-11T04:34:49.420+0800][info] GC(45)   Pre Evacuate Collection Set: 0.1ms
[2024-10-11T04:34:49.420+0800][info] GC(45)   Merge Heap Roots: 0.1ms
[2024-10-11T04:34:49.420+0800][info] GC(45)   Evacuate Collection Set: 0.9ms
[2024-10-11T04:34:49.420+0800][info] GC(45)   Post Evacuate Collection Set: 0.2ms
[2024-10-11T04:34:49.420+0800][info] GC(45)   Other: 0.4ms
[2024-10-11T04:34:49.420+0800][info] GC(45) Eden regions: 2->0(2)
[2024-10-11T04:34:49.420+0800][info] GC(45) Survivor regions: 1->1(1)
[2024-10-11T04:34:49.420+0800][info] GC(45) Old regions: 49->51
[2024-10-11T04:34:49.420+0800][info] GC(45) Archive regions: 2->2
[2024-10-11T04:34:49.420+0800][info] GC(45) Humongous regions: 2->2
[2024-10-11T04:34:49.420+0800][info] GC(45) Metaspace: 1601K(1728K)->1601K(1728K) NonClass: 1465K(1536K)->1465K(1536K) Class: 135K(192K)->135K(192K)
[2024-10-11T04:34:49.420+0800][info] GC(45) Pause Young (Concurrent Start) (G1 Evacuation Pause) 107M->108M(128M) 1.701ms
[2024-10-11T04:34:49.420+0800][info] GC(45) User=0.01s Sys=0.00s Real=0.00s
[2024-10-11T04:34:49.420+0800][info] GC(46) Concurrent Mark Cycle
[2024-10-11T04:34:49.421+0800][info] GC(46) Concurrent Clear Claimed Marks
[2024-10-11T04:34:49.421+0800][info] GC(46) Concurrent Clear Claimed Marks 0.017ms
[2024-10-11T04:34:49.421+0800][info] GC(46) Concurrent Scan Root Regions
[2024-10-11T04:34:49.421+0800][info] GC(46) Concurrent Scan Root Regions 0.144ms
[2024-10-11T04:34:49.421+0800][info] GC(46) Concurrent Mark
[2024-10-11T04:34:49.421+0800][info] GC(46) Concurrent Mark From Roots
[2024-10-11T04:34:49.421+0800][info] GC(46) Using 12 workers of 12 for marking
[2024-10-11T04:34:49.424+0800][info] GC(46) Concurrent Mark From Roots 3.348ms
[2024-10-11T04:34:49.424+0800][info] GC(46) Concurrent Preclean
[2024-10-11T04:34:49.426+0800][info] GC(46) Concurrent Preclean 1.685ms
[2024-10-11T04:34:49.426+0800][info] GC(46) Pause Remark
[2024-10-11T04:34:49.427+0800][info] GC(46) Pause Remark 108M->106M(128M) 1.257ms
[2024-10-11T04:34:49.427+0800][info] GC(46) User=0.00s Sys=0.00s Real=0.00s
[2024-10-11T04:34:49.427+0800][info] GC(46) Concurrent Mark 6.470ms
[2024-10-11T04:34:49.427+0800][info] GC(46) Concurrent Rebuild Remembered Sets
[2024-10-11T04:34:49.428+0800][info] GC(46) Concurrent Rebuild Remembered Sets 1.270ms
[2024-10-11T04:34:49.429+0800][info] GC(46) Pause Cleanup
[2024-10-11T04:34:49.429+0800][info] GC(46) Pause Cleanup 106M->106M(128M) 0.166ms
[2024-10-11T04:34:49.429+0800][info] GC(46) User=0.00s Sys=0.00s Real=0.00s
[2024-10-11T04:34:49.429+0800][info] GC(46) Concurrent Cleanup for Next Mark
[2024-10-11T04:34:49.429+0800][info] GC(46) Concurrent Cleanup for Next Mark 0.426ms
[2024-10-11T04:34:49.429+0800][info] GC(46) Concurrent Mark Cycle 8.766ms
[2024-10-11T04:34:49.576+0800][info] GC(47) Pause Young (Prepare Mixed) (G1 Evacuation Pause)
[2024-10-11T04:34:49.576+0800][info] GC(47) Using 3 workers of 48 for evacuation
[2024-10-11T04:34:49.577+0800][info] GC(47)   Pre Evacuate Collection Set: 0.1ms
[2024-10-11T04:34:49.577+0800][info] GC(47)   Merge Heap Roots: 0.0ms
[2024-10-11T04:34:49.577+0800][info] GC(47)   Evacuate Collection Set: 0.9ms
[2024-10-11T04:34:49.577+0800][info] GC(47)   Post Evacuate Collection Set: 0.2ms
[2024-10-11T04:34:49.577+0800][info] GC(47)   Other: 0.2ms
[2024-10-11T04:34:49.577+0800][info] GC(47) Eden regions: 2->0(2)
[2024-10-11T04:34:49.577+0800][info] GC(47) Survivor regions: 1->1(1)
[2024-10-11T04:34:49.577+0800][info] GC(47) Old regions: 50->52
[2024-10-11T04:34:49.577+0800][info] GC(47) Archive regions: 2->2
[2024-10-11T04:34:49.577+0800][info] GC(47) Humongous regions: 3->3
[2024-10-11T04:34:49.577+0800][info] GC(47) Metaspace: 1607K(1728K)->1607K(1728K) NonClass: 1472K(1536K)->1472K(1536K) Class: 135K(192K)->135K(192K)
[2024-10-11T04:34:49.577+0800][info] GC(47) Pause Young (Prepare Mixed) (G1 Evacuation Pause) 111M->112M(128M) 1.652ms
[2024-10-11T04:34:49.577+0800][info] GC(47) User=0.00s Sys=0.01s Real=0.00s
[2024-10-11T04:34:49.639+0800][info] GC(48) Pause Young (Mixed) (G1 Preventive Collection)
[2024-10-11T04:34:49.639+0800][info] GC(48) Using 3 workers of 48 for evacuation
[2024-10-11T04:34:49.640+0800][info] GC(48)   Pre Evacuate Collection Set: 0.2ms
[2024-10-11T04:34:49.640+0800][info] GC(48)   Merge Heap Roots: 0.1ms
[2024-10-11T04:34:49.640+0800][info] GC(48)   Evacuate Collection Set: 1.2ms
[2024-10-11T04:34:49.640+0800][info] GC(48)   Post Evacuate Collection Set: 0.2ms
[2024-10-11T04:34:49.640+0800][info] GC(48)   Other: 0.2ms
[2024-10-11T04:34:49.640+0800][info] GC(48) Eden regions: 1->0(2)
[2024-10-11T04:34:49.640+0800][info] GC(48) Survivor regions: 1->1(1)
[2024-10-11T04:34:49.640+0800][info] GC(48) Old regions: 52->48
[2024-10-11T04:34:49.640+0800][info] GC(48) Archive regions: 2->2
[2024-10-11T04:34:49.640+0800][info] GC(48) Humongous regions: 3->3
[2024-10-11T04:34:49.640+0800][info] GC(48) Metaspace: 1607K(1728K)->1607K(1728K) NonClass: 1472K(1536K)->1472K(1536K) Class: 135K(192K)->135K(192K)
[2024-10-11T04:34:49.640+0800][info] GC(48) Pause Young (Mixed) (G1 Preventive Collection) 114M->105M(128M) 1.874ms
[2024-10-11T04:34:49.640+0800][info] GC(48) User=0.00s Sys=0.00s Real=0.00s
[2024-10-11T04:34:49.743+0800][info] GC(49) Pause Young (Mixed) (G1 Evacuation Pause)
[2024-10-11T04:34:49.743+0800][info] GC(49) Using 3 workers of 48 for evacuation
[2024-10-11T04:34:49.745+0800][info] GC(49)   Pre Evacuate Collection Set: 0.2ms
[2024-10-11T04:34:49.745+0800][info] GC(49)   Merge Heap Roots: 0.0ms
[2024-10-11T04:34:49.745+0800][info] GC(49)   Evacuate Collection Set: 1.5ms
[2024-10-11T04:34:49.745+0800][info] GC(49)   Post Evacuate Collection Set: 0.2ms
[2024-10-11T04:34:49.745+0800][info] GC(49)   Other: 0.1ms
[2024-10-11T04:34:49.745+0800][info] GC(49) Eden regions: 2->0(2)
[2024-10-11T04:34:49.745+0800][info] GC(49) Survivor regions: 1->1(1)
[2024-10-11T04:34:49.745+0800][info] GC(49) Old regions: 48->46
[2024-10-11T04:34:49.745+0800][info] GC(49) Archive regions: 2->2
[2024-10-11T04:34:49.745+0800][info] GC(49) Humongous regions: 3->3
[2024-10-11T04:34:49.745+0800][info] GC(49) Metaspace: 1611K(1728K)->1611K(1728K) NonClass: 1475K(1536K)->1475K(1536K) Class: 135K(192K)->135K(192K)
[2024-10-11T04:34:49.745+0800][info] GC(49) Pause Young (Mixed) (G1 Evacuation Pause) 108M->101M(128M) 2.247ms
[2024-10-11T04:34:49.745+0800][info] GC(49) User=0.00s Sys=0.00s Real=0.01s
[2024-10-11T04:34:49.847+0800][info] GC(50) Pause Young (Mixed) (G1 Evacuation Pause)
[2024-10-11T04:34:49.847+0800][info] GC(50) Using 3 workers of 48 for evacuation
[2024-10-11T04:34:49.850+0800][info] GC(50)   Pre Evacuate Collection Set: 0.2ms
[2024-10-11T04:34:49.850+0800][info] GC(50)   Merge Heap Roots: 0.0ms
[2024-10-11T04:34:49.850+0800][info] GC(50)   Evacuate Collection Set: 1.8ms
[2024-10-11T04:34:49.850+0800][info] GC(50)   Post Evacuate Collection Set: 0.2ms
[2024-10-11T04:34:49.850+0800][info] GC(50)   Other: 0.1ms
[2024-10-11T04:34:49.850+0800][info] GC(50) Eden regions: 2->0(2)
[2024-10-11T04:34:49.850+0800][info] GC(50) Survivor regions: 1->1(1)
[2024-10-11T04:34:49.850+0800][info] GC(50) Old regions: 46->45
[2024-10-11T04:34:49.850+0800][info] GC(50) Archive regions: 2->2
[2024-10-11T04:34:49.850+0800][info] GC(50) Humongous regions: 3->3
[2024-10-11T04:34:49.850+0800][info] GC(50) Metaspace: 1611K(1728K)->1611K(1728K) NonClass: 1475K(1536K)->1475K(1536K) Class: 135K(192K)->135K(192K)
[2024-10-11T04:34:49.850+0800][info] GC(50) Pause Young (Mixed) (G1 Evacuation Pause) 105M->99M(128M) 2.509ms
[2024-10-11T04:34:49.850+0800][info] GC(50) User=0.01s Sys=0.00s Real=0.00s
[2024-10-11T04:34:49.953+0800][info] GC(51) Pause Young (Mixed) (G1 Evacuation Pause)
[2024-10-11T04:34:49.953+0800][info] GC(51) Using 3 workers of 48 for evacuation
[2024-10-11T04:34:49.956+0800][info] GC(51)   Pre Evacuate Collection Set: 0.2ms
[2024-10-11T04:34:49.956+0800][info] GC(51)   Merge Heap Roots: 0.1ms
[2024-10-11T04:34:49.956+0800][info] GC(51)   Evacuate Collection Set: 2.3ms
[2024-10-11T04:34:49.956+0800][info] GC(51)   Post Evacuate Collection Set: 0.2ms
[2024-10-11T04:34:49.956+0800][info] GC(51)   Other: 0.1ms
[2024-10-11T04:34:49.956+0800][info] GC(51) Eden regions: 2->0(2)
[2024-10-11T04:34:49.956+0800][info] GC(51) Survivor regions: 1->1(1)
[2024-10-11T04:34:49.956+0800][info] GC(51) Old regions: 45->45
[2024-10-11T04:34:49.956+0800][info] GC(51) Archive regions: 2->2
[2024-10-11T04:34:49.956+0800][info] GC(51) Humongous regions: 3->3
[2024-10-11T04:34:49.956+0800][info] GC(51) Metaspace: 1611K(1728K)->1611K(1728K) NonClass: 1475K(1536K)->1475K(1536K) Class: 135K(192K)->135K(192K)
[2024-10-11T04:34:49.956+0800][info] GC(51) Pause Young (Mixed) (G1 Evacuation Pause) 103M->98M(128M) 3.072ms
[2024-10-11T04:34:49.956+0800][info] GC(51) User=0.01s Sys=0.01s Real=0.01s
[2024-10-11T04:34:50.058+0800][info] GC(52) Pause Young (Normal) (G1 Evacuation Pause)
[2024-10-11T04:34:50.058+0800][info] GC(52) Using 3 workers of 48 for evacuation
[2024-10-11T04:34:50.060+0800][info] GC(52)   Pre Evacuate Collection Set: 0.1ms
[2024-10-11T04:34:50.060+0800][info] GC(52)   Merge Heap Roots: 0.0ms
[2024-10-11T04:34:50.060+0800][info] GC(52)   Evacuate Collection Set: 0.9ms
[2024-10-11T04:34:50.060+0800][info] GC(52)   Post Evacuate Collection Set: 0.2ms
[2024-10-11T04:34:50.060+0800][info] GC(52)   Other: 0.2ms
[2024-10-11T04:34:50.060+0800][info] GC(52) Eden regions: 2->0(2)
[2024-10-11T04:34:50.060+0800][info] GC(52) Survivor regions: 1->1(1)
[2024-10-11T04:34:50.060+0800][info] GC(52) Old regions: 45->47
[2024-10-11T04:34:50.060+0800][info] GC(52) Archive regions: 2->2
[2024-10-11T04:34:50.060+0800][info] GC(52) Humongous regions: 3->3
[2024-10-11T04:34:50.060+0800][info] GC(52) Metaspace: 1611K(1728K)->1611K(1728K) NonClass: 1475K(1536K)->1475K(1536K) Class: 135K(192K)->135K(192K)
[2024-10-11T04:34:50.060+0800][info] GC(52) Pause Young (Normal) (G1 Evacuation Pause) 101M->102M(128M) 1.540ms
[2024-10-11T04:34:50.060+0800][info] GC(52) User=0.00s Sys=0.00s Real=0.00s
[2024-10-11T04:34:50.162+0800][info] GC(53) Pause Young (Normal) (G1 Evacuation Pause)
[2024-10-11T04:34:50.162+0800][info] GC(53) Using 3 workers of 48 for evacuation
[2024-10-11T04:34:50.164+0800][info] GC(53)   Pre Evacuate Collection Set: 0.1ms
[2024-10-11T04:34:50.164+0800][info] GC(53)   Merge Heap Roots: 0.0ms
[2024-10-11T04:34:50.164+0800][info] GC(53)   Evacuate Collection Set: 0.7ms
[2024-10-11T04:34:50.164+0800][info] GC(53)   Post Evacuate Collection Set: 0.2ms
[2024-10-11T04:34:50.164+0800][info] GC(53)   Other: 0.2ms
[2024-10-11T04:34:50.164+0800][info] GC(53) Eden regions: 2->0(2)
[2024-10-11T04:34:50.164+0800][info] GC(53) Survivor regions: 1->1(1)
[2024-10-11T04:34:50.164+0800][info] GC(53) Old regions: 47->49
[2024-10-11T04:34:50.164+0800][info] GC(53) Archive regions: 2->2
[2024-10-11T04:34:50.164+0800][info] GC(53) Humongous regions: 3->3
[2024-10-11T04:34:50.164+0800][info] GC(53) Metaspace: 1611K(1728K)->1611K(1728K) NonClass: 1475K(1536K)->1475K(1536K) Class: 135K(192K)->135K(192K)
[2024-10-11T04:34:50.164+0800][info] GC(53) Pause Young (Normal) (G1 Evacuation Pause) 105M->106M(128M) 1.290ms
[2024-10-11T04:34:50.164+0800][info] GC(53) User=0.01s Sys=0.00s Real=0.00s
[2024-10-11T04:34:50.266+0800][info] GC(54) Pause Young (Concurrent Start) (G1 Evacuation Pause)
[2024-10-11T04:34:50.266+0800][info] GC(54) Using 3 workers of 48 for evacuation
[2024-10-11T04:34:50.267+0800][info] GC(54)   Pre Evacuate Collection Set: 0.1ms
[2024-10-11T04:34:50.267+0800][info] GC(54)   Merge Heap Roots: 0.0ms
[2024-10-11T04:34:50.267+0800][info] GC(54)   Evacuate Collection Set: 0.7ms
[2024-10-11T04:34:50.267+0800][info] GC(54)   Post Evacuate Collection Set: 0.2ms
[2024-10-11T04:34:50.267+0800][info] GC(54)   Other: 0.3ms
[2024-10-11T04:34:50.267+0800][info] GC(54) Eden regions: 2->0(2)
[2024-10-11T04:34:50.267+0800][info] GC(54) Survivor regions: 1->1(1)
[2024-10-11T04:34:50.267+0800][info] GC(54) Old regions: 49->51
[2024-10-11T04:34:50.267+0800][info] GC(54) Archive regions: 2->2
[2024-10-11T04:34:50.267+0800][info] GC(54) Humongous regions: 3->3
[2024-10-11T04:34:50.267+0800][info] GC(54) Metaspace: 1611K(1728K)->1611K(1728K) NonClass: 1475K(1536K)->1475K(1536K) Class: 135K(192K)->135K(192K)
[2024-10-11T04:34:50.267+0800][info] GC(54) Pause Young (Concurrent Start) (G1 Evacuation Pause) 110M->110M(128M) 1.482ms
[2024-10-11T04:34:50.267+0800][info] GC(54) User=0.00s Sys=0.00s Real=0.00s
[2024-10-11T04:34:50.267+0800][info] GC(55) Concurrent Mark Cycle
[2024-10-11T04:34:50.267+0800][info] GC(55) Concurrent Clear Claimed Marks
[2024-10-11T04:34:50.267+0800][info] GC(55) Concurrent Clear Claimed Marks 0.016ms
[2024-10-11T04:34:50.267+0800][info] GC(55) Concurrent Scan Root Regions
[2024-10-11T04:34:50.268+0800][info] GC(55) Concurrent Scan Root Regions 0.097ms
[2024-10-11T04:34:50.268+0800][info] GC(55) Concurrent Mark
[2024-10-11T04:34:50.268+0800][info] GC(55) Concurrent Mark From Roots
[2024-10-11T04:34:50.268+0800][info] GC(55) Using 12 workers of 12 for marking
[2024-10-11T04:34:50.271+0800][info] GC(55) Concurrent Mark From Roots 3.887ms
[2024-10-11T04:34:50.271+0800][info] GC(55) Concurrent Preclean
[2024-10-11T04:34:50.273+0800][info] GC(55) Concurrent Preclean 1.681ms
[2024-10-11T04:34:50.273+0800][info] GC(55) Pause Remark
[2024-10-11T04:34:50.274+0800][info] GC(55) Pause Remark 111M->109M(128M) 1.260ms
[2024-10-11T04:34:50.274+0800][info] GC(55) User=0.00s Sys=0.00s Real=0.00s
[2024-10-11T04:34:50.275+0800][info] GC(55) Concurrent Mark 6.997ms
[2024-10-11T04:34:50.275+0800][info] GC(55) Concurrent Rebuild Remembered Sets
[2024-10-11T04:34:50.276+0800][info] GC(55) Concurrent Rebuild Remembered Sets 1.217ms
[2024-10-11T04:34:50.276+0800][info] GC(55) Pause Cleanup
[2024-10-11T04:34:50.276+0800][info] GC(55) Pause Cleanup 109M->109M(128M) 0.151ms
[2024-10-11T04:34:50.276+0800][info] GC(55) User=0.00s Sys=0.00s Real=0.00s
[2024-10-11T04:34:50.276+0800][info] GC(55) Concurrent Cleanup for Next Mark
[2024-10-11T04:34:50.276+0800][info] GC(55) Concurrent Cleanup for Next Mark 0.401ms
[2024-10-11T04:34:50.276+0800][info] GC(55) Concurrent Mark Cycle 9.134ms
[2024-10-11T04:34:50.422+0800][info] GC(56) Pause Young (Prepare Mixed) (G1 Evacuation Pause)
[2024-10-11T04:34:50.422+0800][info] GC(56) Using 3 workers of 48 for evacuation
[2024-10-11T04:34:50.423+0800][info] GC(56)   Pre Evacuate Collection Set: 0.1ms
[2024-10-11T04:34:50.423+0800][info] GC(56)   Merge Heap Roots: 0.0ms
[2024-10-11T04:34:50.423+0800][info] GC(56)   Evacuate Collection Set: 0.8ms
[2024-10-11T04:34:50.423+0800][info] GC(56)   Post Evacuate Collection Set: 0.2ms
[2024-10-11T04:34:50.423+0800][info] GC(56)   Other: 0.2ms
[2024-10-11T04:34:50.423+0800][info] GC(56) Eden regions: 2->0(2)
[2024-10-11T04:34:50.423+0800][info] GC(56) Survivor regions: 1->1(1)
[2024-10-11T04:34:50.423+0800][info] GC(56) Old regions: 50->52
[2024-10-11T04:34:50.423+0800][info] GC(56) Archive regions: 2->2
[2024-10-11T04:34:50.423+0800][info] GC(56) Humongous regions: 3->3
[2024-10-11T04:34:50.423+0800][info] GC(56) Metaspace: 1611K(1728K)->1611K(1728K) NonClass: 1475K(1536K)->1475K(1536K) Class: 135K(192K)->135K(192K)
[2024-10-11T04:34:50.423+0800][info] GC(56) Pause Young (Prepare Mixed) (G1 Evacuation Pause) 112M->112M(128M) 1.454ms
[2024-10-11T04:34:50.423+0800][info] GC(56) User=0.00s Sys=0.00s Real=0.00s
[2024-10-11T04:34:50.485+0800][info] GC(57) Pause Young (Mixed) (G1 Preventive Collection)
[2024-10-11T04:34:50.485+0800][info] GC(57) Using 3 workers of 48 for evacuation
[2024-10-11T04:34:50.487+0800][info] GC(57)   Pre Evacuate Collection Set: 0.2ms
[2024-10-11T04:34:50.487+0800][info] GC(57)   Merge Heap Roots: 0.1ms
[2024-10-11T04:34:50.487+0800][info] GC(57)   Evacuate Collection Set: 1.3ms
[2024-10-11T04:34:50.487+0800][info] GC(57)   Post Evacuate Collection Set: 0.2ms
[2024-10-11T04:34:50.487+0800][info] GC(57)   Other: 0.2ms
[2024-10-11T04:34:50.487+0800][info] GC(57) Eden regions: 1->0(2)
[2024-10-11T04:34:50.487+0800][info] GC(57) Survivor regions: 1->1(1)
[2024-10-11T04:34:50.487+0800][info] GC(57) Old regions: 52->49
[2024-10-11T04:34:50.487+0800][info] GC(57) Archive regions: 2->2
[2024-10-11T04:34:50.487+0800][info] GC(57) Humongous regions: 3->3
[2024-10-11T04:34:50.487+0800][info] GC(57) Metaspace: 1611K(1728K)->1611K(1728K) NonClass: 1475K(1536K)->1475K(1536K) Class: 135K(192K)->135K(192K)
[2024-10-11T04:34:50.487+0800][info] GC(57) Pause Young (Mixed) (G1 Preventive Collection) 114M->106M(128M) 2.033ms
[2024-10-11T04:34:50.487+0800][info] GC(57) User=0.00s Sys=0.00s Real=0.01s
[2024-10-11T04:34:50.589+0800][info] GC(58) Pause Young (Mixed) (G1 Preventive Collection)
[2024-10-11T04:34:50.589+0800][info] GC(58) Using 3 workers of 48 for evacuation
[2024-10-11T04:34:50.591+0800][info] GC(58)   Pre Evacuate Collection Set: 0.2ms
[2024-10-11T04:34:50.591+0800][info] GC(58)   Merge Heap Roots: 0.1ms
[2024-10-11T04:34:50.591+0800][info] GC(58)   Evacuate Collection Set: 1.8ms
[2024-10-11T04:34:50.591+0800][info] GC(58)   Post Evacuate Collection Set: 0.2ms
[2024-10-11T04:34:50.591+0800][info] GC(58)   Other: 0.1ms
[2024-10-11T04:34:50.591+0800][info] GC(58) Eden regions: 2->0(2)
[2024-10-11T04:34:50.591+0800][info] GC(58) Survivor regions: 1->1(1)
[2024-10-11T04:34:50.591+0800][info] GC(58) Old regions: 49->48
[2024-10-11T04:34:50.591+0800][info] GC(58) Archive regions: 2->2
[2024-10-11T04:34:50.591+0800][info] GC(58) Humongous regions: 3->3
[2024-10-11T04:34:50.591+0800][info] GC(58) Metaspace: 1611K(1728K)->1611K(1728K) NonClass: 1475K(1536K)->1475K(1536K) Class: 135K(192K)->135K(192K)
[2024-10-11T04:34:50.591+0800][info] GC(58) Pause Young (Mixed) (G1 Preventive Collection) 110M->104M(128M) 2.457ms
[2024-10-11T04:34:50.591+0800][info] GC(58) User=0.00s Sys=0.00s Real=0.00s
[2024-10-11T04:34:50.694+0800][info] GC(59) Pause Young (Mixed) (G1 Evacuation Pause)
[2024-10-11T04:34:50.694+0800][info] GC(59) Using 3 workers of 48 for evacuation
[2024-10-11T04:34:50.697+0800][info] GC(59)   Pre Evacuate Collection Set: 0.2ms
[2024-10-11T04:34:50.697+0800][info] GC(59)   Merge Heap Roots: 0.1ms
[2024-10-11T04:34:50.697+0800][info] GC(59)   Evacuate Collection Set: 2.0ms
[2024-10-11T04:34:50.697+0800][info] GC(59)   Post Evacuate Collection Set: 0.2ms
[2024-10-11T04:34:50.697+0800][info] GC(59)   Other: 0.1ms
[2024-10-11T04:34:50.697+0800][info] GC(59) Eden regions: 2->0(2)
[2024-10-11T04:34:50.697+0800][info] GC(59) Survivor regions: 1->1(1)
[2024-10-11T04:34:50.697+0800][info] GC(59) Old regions: 48->47
[2024-10-11T04:34:50.697+0800][info] GC(59) Archive regions: 2->2
[2024-10-11T04:34:50.697+0800][info] GC(59) Humongous regions: 3->3
[2024-10-11T04:34:50.697+0800][info] GC(59) Metaspace: 1611K(1728K)->1611K(1728K) NonClass: 1475K(1536K)->1475K(1536K) Class: 135K(192K)->135K(192K)
[2024-10-11T04:34:50.697+0800][info] GC(59) Pause Young (Mixed) (G1 Evacuation Pause) 107M->102M(128M) 2.781ms
[2024-10-11T04:34:50.697+0800][info] GC(59) User=0.00s Sys=0.00s Real=0.00s
[2024-10-11T04:34:50.799+0800][info] GC(60) Pause Young (Mixed) (G1 Evacuation Pause)
[2024-10-11T04:34:50.799+0800][info] GC(60) Using 3 workers of 48 for evacuation
[2024-10-11T04:34:50.802+0800][info] GC(60)   Pre Evacuate Collection Set: 0.2ms
[2024-10-11T04:34:50.802+0800][info] GC(60)   Merge Heap Roots: 0.1ms
[2024-10-11T04:34:50.802+0800][info] GC(60)   Evacuate Collection Set: 2.0ms
[2024-10-11T04:34:50.802+0800][info] GC(60)   Post Evacuate Collection Set: 0.2ms
[2024-10-11T04:34:50.802+0800][info] GC(60)   Other: 0.1ms
[2024-10-11T04:34:50.802+0800][info] GC(60) Eden regions: 2->0(2)
[2024-10-11T04:34:50.802+0800][info] GC(60) Survivor regions: 1->1(1)
[2024-10-11T04:34:50.802+0800][info] GC(60) Old regions: 47->46
[2024-10-11T04:34:50.802+0800][info] GC(60) Archive regions: 2->2
[2024-10-11T04:34:50.802+0800][info] GC(60) Humongous regions: 3->3
[2024-10-11T04:34:50.802+0800][info] GC(60) Metaspace: 1611K(1728K)->1611K(1728K) NonClass: 1475K(1536K)->1475K(1536K) Class: 135K(192K)->135K(192K)
[2024-10-11T04:34:50.802+0800][info] GC(60) Pause Young (Mixed) (G1 Evacuation Pause) 106M->100M(128M) 2.645ms
[2024-10-11T04:34:50.802+0800][info] GC(60) User=0.01s Sys=0.00s Real=0.00s
[2024-10-11T04:34:50.905+0800][info] GC(61) Pause Young (Mixed) (G1 Evacuation Pause)
[2024-10-11T04:34:50.905+0800][info] GC(61) Using 3 workers of 48 for evacuation
[2024-10-11T04:34:50.906+0800][info] GC(61)   Pre Evacuate Collection Set: 0.2ms
[2024-10-11T04:34:50.906+0800][info] GC(61)   Merge Heap Roots: 0.1ms
[2024-10-11T04:34:50.906+0800][info] GC(61)   Evacuate Collection Set: 1.2ms
[2024-10-11T04:34:50.906+0800][info] GC(61)   Post Evacuate Collection Set: 0.2ms
[2024-10-11T04:34:50.906+0800][info] GC(61)   Other: 0.1ms
[2024-10-11T04:34:50.906+0800][info] GC(61) Eden regions: 2->0(2)
[2024-10-11T04:34:50.906+0800][info] GC(61) Survivor regions: 1->1(1)
[2024-10-11T04:34:50.906+0800][info] GC(61) Old regions: 46->47
[2024-10-11T04:34:50.906+0800][info] GC(61) Archive regions: 2->2
[2024-10-11T04:34:50.906+0800][info] GC(61) Humongous regions: 3->3
[2024-10-11T04:34:50.906+0800][info] GC(61) Metaspace: 1611K(1728K)->1611K(1728K) NonClass: 1475K(1536K)->1475K(1536K) Class: 135K(192K)->135K(192K)
[2024-10-11T04:34:50.906+0800][info] GC(61) Pause Young (Mixed) (G1 Evacuation Pause) 104M->103M(128M) 1.819ms
[2024-10-11T04:34:50.906+0800][info] GC(61) User=0.01s Sys=0.00s Real=0.01s
[2024-10-11T04:34:51.008+0800][info] GC(62) Pause Young (Normal) (G1 Evacuation Pause)
[2024-10-11T04:34:51.008+0800][info] GC(62) Using 3 workers of 48 for evacuation
[2024-10-11T04:34:51.010+0800][info] GC(62)   Pre Evacuate Collection Set: 0.1ms
[2024-10-11T04:34:51.010+0800][info] GC(62)   Merge Heap Roots: 0.0ms
[2024-10-11T04:34:51.010+0800][info] GC(62)   Evacuate Collection Set: 0.7ms
[2024-10-11T04:34:51.010+0800][info] GC(62)   Post Evacuate Collection Set: 0.2ms
[2024-10-11T04:34:51.010+0800][info] GC(62)   Other: 0.2ms
[2024-10-11T04:34:51.010+0800][info] GC(62) Eden regions: 2->0(2)
[2024-10-11T04:34:51.010+0800][info] GC(62) Survivor regions: 1->1(1)
[2024-10-11T04:34:51.010+0800][info] GC(62) Old regions: 47->49
[2024-10-11T04:34:51.010+0800][info] GC(62) Archive regions: 2->2
[2024-10-11T04:34:51.010+0800][info] GC(62) Humongous regions: 3->3
[2024-10-11T04:34:51.010+0800][info] GC(62) Metaspace: 1611K(1728K)->1611K(1728K) NonClass: 1475K(1536K)->1475K(1536K) Class: 135K(192K)->135K(192K)
[2024-10-11T04:34:51.010+0800][info] GC(62) Pause Young (Normal) (G1 Evacuation Pause) 107M->107M(128M) 1.350ms
[2024-10-11T04:34:51.010+0800][info] GC(62) User=0.00s Sys=0.00s Real=0.00s
[2024-10-11T04:34:51.113+0800][info] GC(63) Pause Young (Concurrent Start) (G1 Evacuation Pause)
[2024-10-11T04:34:51.113+0800][info] GC(63) Using 3 workers of 48 for evacuation
[2024-10-11T04:34:51.114+0800][info] GC(63)   Pre Evacuate Collection Set: 0.1ms
[2024-10-11T04:34:51.114+0800][info] GC(63)   Merge Heap Roots: 0.1ms
[2024-10-11T04:34:51.114+0800][info] GC(63)   Evacuate Collection Set: 0.8ms
[2024-10-11T04:34:51.114+0800][info] GC(63)   Post Evacuate Collection Set: 0.2ms
[2024-10-11T04:34:51.114+0800][info] GC(63)   Other: 0.4ms
[2024-10-11T04:34:51.114+0800][info] GC(63) Eden regions: 2->0(2)
[2024-10-11T04:34:51.114+0800][info] GC(63) Survivor regions: 1->1(1)
[2024-10-11T04:34:51.114+0800][info] GC(63) Old regions: 49->51
[2024-10-11T04:34:51.114+0800][info] GC(63) Archive regions: 2->2
[2024-10-11T04:34:51.114+0800][info] GC(63) Humongous regions: 3->3
[2024-10-11T04:34:51.114+0800][info] GC(63) Metaspace: 1611K(1728K)->1611K(1728K) NonClass: 1475K(1536K)->1475K(1536K) Class: 135K(192K)->135K(192K)
[2024-10-11T04:34:51.114+0800][info] GC(63) Pause Young (Concurrent Start) (G1 Evacuation Pause) 111M->111M(128M) 1.608ms
[2024-10-11T04:34:51.114+0800][info] GC(63) User=0.01s Sys=0.00s Real=0.01s
[2024-10-11T04:34:51.114+0800][info] GC(64) Concurrent Mark Cycle
[2024-10-11T04:34:51.114+0800][info] GC(64) Concurrent Clear Claimed Marks
[2024-10-11T04:34:51.114+0800][info] GC(64) Concurrent Clear Claimed Marks 0.016ms
[2024-10-11T04:34:51.114+0800][info] GC(64) Concurrent Scan Root Regions
[2024-10-11T04:34:51.114+0800][info] GC(64) Concurrent Scan Root Regions 0.102ms
[2024-10-11T04:34:51.114+0800][info] GC(64) Concurrent Mark
[2024-10-11T04:34:51.114+0800][info] GC(64) Concurrent Mark From Roots
[2024-10-11T04:34:51.114+0800][info] GC(64) Using 12 workers of 12 for marking
[2024-10-11T04:34:51.118+0800][info] GC(64) Concurrent Mark From Roots 3.623ms
[2024-10-11T04:34:51.118+0800][info] GC(64) Concurrent Preclean
[2024-10-11T04:34:51.120+0800][info] GC(64) Concurrent Preclean 1.671ms
[2024-10-11T04:34:51.120+0800][info] GC(64) Pause Remark
[2024-10-11T04:34:51.121+0800][info] GC(64) Pause Remark 111M->111M(128M) 1.270ms
[2024-10-11T04:34:51.121+0800][info] GC(64) User=0.00s Sys=0.00s Real=0.00s
[2024-10-11T04:34:51.121+0800][info] GC(64) Concurrent Mark 6.766ms
[2024-10-11T04:34:51.121+0800][info] GC(64) Concurrent Rebuild Remembered Sets
[2024-10-11T04:34:51.123+0800][info] GC(64) Concurrent Rebuild Remembered Sets 1.280ms
[2024-10-11T04:34:51.123+0800][info] GC(64) Pause Cleanup
[2024-10-11T04:34:51.123+0800][info] GC(64) Pause Cleanup 111M->111M(128M) 0.156ms
[2024-10-11T04:34:51.123+0800][info] GC(64) User=0.00s Sys=0.00s Real=0.00s
[2024-10-11T04:34:51.123+0800][info] GC(64) Concurrent Cleanup for Next Mark
[2024-10-11T04:34:51.123+0800][info] GC(64) Concurrent Cleanup for Next Mark 0.373ms
[2024-10-11T04:34:51.123+0800][info] GC(64) Concurrent Mark Cycle 8.956ms
[2024-10-11T04:34:51.268+0800][info] GC(65) Pause Young (Prepare Mixed) (G1 Evacuation Pause)
[2024-10-11T04:34:51.268+0800][info] GC(65) Using 3 workers of 48 for evacuation
[2024-10-11T04:34:51.269+0800][info] GC(65)   Pre Evacuate Collection Set: 0.1ms
[2024-10-11T04:34:51.269+0800][info] GC(65)   Merge Heap Roots: 0.1ms
[2024-10-11T04:34:51.269+0800][info] GC(65)   Evacuate Collection Set: 0.8ms
[2024-10-11T04:34:51.269+0800][info] GC(65)   Post Evacuate Collection Set: 0.2ms
[2024-10-11T04:34:51.269+0800][info] GC(65)   Other: 0.2ms
[2024-10-11T04:34:51.269+0800][info] GC(65) Eden regions: 2->0(2)
[2024-10-11T04:34:51.269+0800][info] GC(65) Survivor regions: 1->1(1)
[2024-10-11T04:34:51.269+0800][info] GC(65) Old regions: 51->53
[2024-10-11T04:34:51.269+0800][info] GC(65) Archive regions: 2->2
[2024-10-11T04:34:51.269+0800][info] GC(65) Humongous regions: 3->3
[2024-10-11T04:34:51.269+0800][info] GC(65) Metaspace: 1611K(1728K)->1611K(1728K) NonClass: 1475K(1536K)->1475K(1536K) Class: 135K(192K)->135K(192K)
[2024-10-11T04:34:51.269+0800][info] GC(65) Pause Young (Prepare Mixed) (G1 Evacuation Pause) 114M->115M(128M) 1.525ms
[2024-10-11T04:34:51.269+0800][info] GC(65) User=0.00s Sys=0.00s Real=0.00s
[2024-10-11T04:34:51.331+0800][info] GC(66) Pause Young (Mixed) (G1 Preventive Collection)
[2024-10-11T04:34:51.331+0800][info] GC(66) Using 3 workers of 48 for evacuation
[2024-10-11T04:34:51.333+0800][info] GC(66) To-space exhausted
[2024-10-11T04:34:51.333+0800][info] GC(66)   Pre Evacuate Collection Set: 0.2ms
[2024-10-11T04:34:51.333+0800][info] GC(66)   Merge Heap Roots: 0.1ms
[2024-10-11T04:34:51.333+0800][info] GC(66)   Evacuate Collection Set: 1.1ms
[2024-10-11T04:34:51.333+0800][info] GC(66)   Post Evacuate Collection Set: 0.2ms
[2024-10-11T04:34:51.333+0800][info] GC(66)   Other: 0.3ms
[2024-10-11T04:34:51.333+0800][info] GC(66) Eden regions: 1->0(2)
[2024-10-11T04:34:51.333+0800][info] GC(66) Survivor regions: 1->1(1)
[2024-10-11T04:34:51.333+0800][info] GC(66) Old regions: 53->51
[2024-10-11T04:34:51.333+0800][info] GC(66) Archive regions: 2->2
[2024-10-11T04:34:51.333+0800][info] GC(66) Humongous regions: 3->3
[2024-10-11T04:34:51.333+0800][info] GC(66) Metaspace: 1611K(1728K)->1611K(1728K) NonClass: 1475K(1536K)->1475K(1536K) Class: 135K(192K)->135K(192K)
[2024-10-11T04:34:51.333+0800][info] GC(66) Pause Young (Mixed) (G1 Preventive Collection) 117M->111M(128M) 1.948ms
[2024-10-11T04:34:51.333+0800][info] GC(66) User=0.00s Sys=0.00s Real=0.01s
[2024-10-11T04:34:51.374+0800][info] GC(67) Pause Young (Mixed) (G1 Preventive Collection)
[2024-10-11T04:34:51.374+0800][info] GC(67) Using 3 workers of 48 for evacuation
[2024-10-11T04:34:51.376+0800][info] GC(67)   Pre Evacuate Collection Set: 0.2ms
[2024-10-11T04:34:51.376+0800][info] GC(67)   Merge Heap Roots: 0.1ms
[2024-10-11T04:34:51.376+0800][info] GC(67)   Evacuate Collection Set: 1.5ms
[2024-10-11T04:34:51.376+0800][info] GC(67)   Post Evacuate Collection Set: 0.2ms
[2024-10-11T04:34:51.376+0800][info] GC(67)   Other: 0.1ms
[2024-10-11T04:34:51.376+0800][info] GC(67) Eden regions: 1->0(2)
[2024-10-11T04:34:51.376+0800][info] GC(67) Survivor regions: 1->1(1)
[2024-10-11T04:34:51.376+0800][info] GC(67) Old regions: 51->49
[2024-10-11T04:34:51.376+0800][info] GC(67) Archive regions: 2->2
[2024-10-11T04:34:51.376+0800][info] GC(67) Humongous regions: 3->3
[2024-10-11T04:34:51.376+0800][info] GC(67) Metaspace: 1611K(1728K)->1611K(1728K) NonClass: 1475K(1536K)->1475K(1536K) Class: 135K(192K)->135K(192K)
[2024-10-11T04:34:51.377+0800][info] GC(67) Pause Young (Mixed) (G1 Preventive Collection) 113M->106M(128M) 2.263ms
[2024-10-11T04:34:51.377+0800][info] GC(67) User=0.00s Sys=0.00s Real=0.00s
[2024-10-11T04:34:51.478+0800][info] GC(68) Pause Young (Mixed) (G1 Evacuation Pause)
[2024-10-11T04:34:51.479+0800][info] GC(68) Using 3 workers of 48 for evacuation
[2024-10-11T04:34:51.481+0800][info] GC(68)   Pre Evacuate Collection Set: 0.2ms
[2024-10-11T04:34:51.481+0800][info] GC(68)   Merge Heap Roots: 0.1ms
[2024-10-11T04:34:51.481+0800][info] GC(68)   Evacuate Collection Set: 1.8ms
[2024-10-11T04:34:51.481+0800][info] GC(68)   Post Evacuate Collection Set: 0.2ms
[2024-10-11T04:34:51.481+0800][info] GC(68)   Other: 0.1ms
[2024-10-11T04:34:51.481+0800][info] GC(68) Eden regions: 2->0(2)
[2024-10-11T04:34:51.481+0800][info] GC(68) Survivor regions: 1->1(1)
[2024-10-11T04:34:51.481+0800][info] GC(68) Old regions: 49->48
[2024-10-11T04:34:51.481+0800][info] GC(68) Archive regions: 2->2
[2024-10-11T04:34:51.481+0800][info] GC(68) Humongous regions: 3->3
[2024-10-11T04:34:51.481+0800][info] GC(68) Metaspace: 1611K(1728K)->1611K(1728K) NonClass: 1475K(1536K)->1475K(1536K) Class: 135K(192K)->135K(192K)
[2024-10-11T04:34:51.481+0800][info] GC(68) Pause Young (Mixed) (G1 Evacuation Pause) 110M->104M(128M) 2.492ms
[2024-10-11T04:34:51.481+0800][info] GC(68) User=0.01s Sys=0.00s Real=0.00s
[2024-10-11T04:34:51.584+0800][info] GC(69) Pause Young (Mixed) (G1 Evacuation Pause)
[2024-10-11T04:34:51.584+0800][info] GC(69) Using 3 workers of 48 for evacuation
[2024-10-11T04:34:51.586+0800][info] GC(69)   Pre Evacuate Collection Set: 0.2ms
[2024-10-11T04:34:51.586+0800][info] GC(69)   Merge Heap Roots: 0.1ms
[2024-10-11T04:34:51.586+0800][info] GC(69)   Evacuate Collection Set: 1.8ms
[2024-10-11T04:34:51.586+0800][info] GC(69)   Post Evacuate Collection Set: 0.2ms
[2024-10-11T04:34:51.586+0800][info] GC(69)   Other: 0.1ms
[2024-10-11T04:34:51.586+0800][info] GC(69) Eden regions: 2->0(2)
[2024-10-11T04:34:51.586+0800][info] GC(69) Survivor regions: 1->1(1)
[2024-10-11T04:34:51.586+0800][info] GC(69) Old regions: 48->47
[2024-10-11T04:34:51.586+0800][info] GC(69) Archive regions: 2->2
[2024-10-11T04:34:51.586+0800][info] GC(69) Humongous regions: 3->3
[2024-10-11T04:34:51.586+0800][info] GC(69) Metaspace: 1611K(1728K)->1611K(1728K) NonClass: 1475K(1536K)->1475K(1536K) Class: 135K(192K)->135K(192K)
[2024-10-11T04:34:51.586+0800][info] GC(69) Pause Young (Mixed) (G1 Evacuation Pause) 108M->103M(128M) 2.517ms
[2024-10-11T04:34:51.586+0800][info] GC(69) User=0.01s Sys=0.00s Real=0.01s
[2024-10-11T04:34:51.688+0800][info] GC(70) Pause Young (Mixed) (G1 Evacuation Pause)
[2024-10-11T04:34:51.688+0800][info] GC(70) Using 3 workers of 48 for evacuation
[2024-10-11T04:34:51.691+0800][info] GC(70)   Pre Evacuate Collection Set: 0.2ms
[2024-10-11T04:34:51.691+0800][info] GC(70)   Merge Heap Roots: 0.1ms
[2024-10-11T04:34:51.691+0800][info] GC(70)   Evacuate Collection Set: 1.8ms
[2024-10-11T04:34:51.691+0800][info] GC(70)   Post Evacuate Collection Set: 0.2ms
[2024-10-11T04:34:51.691+0800][info] GC(70)   Other: 0.1ms
[2024-10-11T04:34:51.691+0800][info] GC(70) Eden regions: 2->0(2)
[2024-10-11T04:34:51.691+0800][info] GC(70) Survivor regions: 1->1(1)
[2024-10-11T04:34:51.691+0800][info] GC(70) Old regions: 47->48
[2024-10-11T04:34:51.691+0800][info] GC(70) Archive regions: 2->2
[2024-10-11T04:34:51.691+0800][info] GC(70) Humongous regions: 3->3
[2024-10-11T04:34:51.691+0800][info] GC(70) Metaspace: 1611K(1728K)->1611K(1728K) NonClass: 1475K(1536K)->1475K(1536K) Class: 135K(192K)->135K(192K)
[2024-10-11T04:34:51.691+0800][info] GC(70) Pause Young (Mixed) (G1 Evacuation Pause) 107M->105M(128M) 2.430ms
[2024-10-11T04:34:51.691+0800][info] GC(70) User=0.00s Sys=0.00s Real=0.00s
[2024-10-11T04:34:51.691+0800][info] GC(71) Pause Young (Concurrent Start) (G1 Humongous Allocation)
[2024-10-11T04:34:51.691+0800][info] GC(71) Using 3 workers of 48 for evacuation
[2024-10-11T04:34:51.692+0800][info] GC(71)   Pre Evacuate Collection Set: 0.0ms
[2024-10-11T04:34:51.692+0800][info] GC(71)   Merge Heap Roots: 0.0ms
[2024-10-11T04:34:51.692+0800][info] GC(71)   Evacuate Collection Set: 0.4ms
[2024-10-11T04:34:51.692+0800][info] GC(71)   Post Evacuate Collection Set: 0.2ms
[2024-10-11T04:34:51.692+0800][info] GC(71)   Other: 0.3ms
[2024-10-11T04:34:51.692+0800][info] GC(71) Eden regions: 1->0(2)
[2024-10-11T04:34:51.692+0800][info] GC(71) Survivor regions: 1->1(1)
[2024-10-11T04:34:51.692+0800][info] GC(71) Old regions: 48->49
[2024-10-11T04:34:51.692+0800][info] GC(71) Archive regions: 2->2
[2024-10-11T04:34:51.692+0800][info] GC(71) Humongous regions: 3->3
[2024-10-11T04:34:51.692+0800][info] GC(71) Metaspace: 1611K(1728K)->1611K(1728K) NonClass: 1475K(1536K)->1475K(1536K) Class: 135K(192K)->135K(192K)
[2024-10-11T04:34:51.692+0800][info] GC(71) Pause Young (Concurrent Start) (G1 Humongous Allocation) 105M->105M(128M) 1.053ms
[2024-10-11T04:34:51.692+0800][info] GC(71) User=0.00s Sys=0.00s Real=0.00s
[2024-10-11T04:34:51.692+0800][info] GC(72) Concurrent Mark Cycle
[2024-10-11T04:34:51.692+0800][info] GC(72) Concurrent Clear Claimed Marks
[2024-10-11T04:34:51.692+0800][info] GC(72) Concurrent Clear Claimed Marks 0.014ms
[2024-10-11T04:34:51.692+0800][info] GC(72) Concurrent Scan Root Regions
[2024-10-11T04:34:51.693+0800][info] GC(72) Concurrent Scan Root Regions 0.141ms
[2024-10-11T04:34:51.693+0800][info] GC(72) Concurrent Mark
[2024-10-11T04:34:51.693+0800][info] GC(72) Concurrent Mark From Roots
[2024-10-11T04:34:51.693+0800][info] GC(72) Using 12 workers of 12 for marking
[2024-10-11T04:34:51.699+0800][info] GC(72) Concurrent Mark From Roots 6.398ms
[2024-10-11T04:34:51.699+0800][info] GC(72) Concurrent Preclean
[2024-10-11T04:34:51.701+0800][info] GC(72) Concurrent Preclean 1.672ms
[2024-10-11T04:34:51.701+0800][info] GC(72) Pause Remark
[2024-10-11T04:34:51.702+0800][info] GC(72) Pause Remark 107M->105M(128M) 1.296ms
[2024-10-11T04:34:51.702+0800][info] GC(72) User=0.01s Sys=0.00s Real=0.00s
[2024-10-11T04:34:51.702+0800][info] GC(72) Concurrent Mark 9.571ms
[2024-10-11T04:34:51.702+0800][info] GC(72) Concurrent Rebuild Remembered Sets
[2024-10-11T04:34:51.704+0800][info] GC(72) Concurrent Rebuild Remembered Sets 1.370ms
[2024-10-11T04:34:51.704+0800][info] GC(72) Pause Cleanup
[2024-10-11T04:34:51.704+0800][info] GC(72) Pause Cleanup 105M->105M(128M) 0.200ms
[2024-10-11T04:34:51.704+0800][info] GC(72) User=0.00s Sys=0.00s Real=0.00s
[2024-10-11T04:34:51.704+0800][info] GC(72) Concurrent Cleanup for Next Mark
[2024-10-11T04:34:51.704+0800][info] GC(72) Concurrent Cleanup for Next Mark 0.343ms
[2024-10-11T04:34:51.704+0800][info] GC(72) Concurrent Mark Cycle 11.973ms
[2024-10-11T04:34:51.867+0800][info] GC(73) Pause Young (Prepare Mixed) (G1 Evacuation Pause)
[2024-10-11T04:34:51.867+0800][info] GC(73) Using 3 workers of 48 for evacuation
[2024-10-11T04:34:51.868+0800][info] GC(73)   Pre Evacuate Collection Set: 0.1ms
[2024-10-11T04:34:51.868+0800][info] GC(73)   Merge Heap Roots: 0.1ms
[2024-10-11T04:34:51.868+0800][info] GC(73)   Evacuate Collection Set: 0.7ms
[2024-10-11T04:34:51.868+0800][info] GC(73)   Post Evacuate Collection Set: 0.2ms
[2024-10-11T04:34:51.868+0800][info] GC(73)   Other: 0.2ms
[2024-10-11T04:34:51.868+0800][info] GC(73) Eden regions: 2->0(2)
[2024-10-11T04:34:51.868+0800][info] GC(73) Survivor regions: 1->1(1)
[2024-10-11T04:34:51.868+0800][info] GC(73) Old regions: 48->49
[2024-10-11T04:34:51.868+0800][info] GC(73) Archive regions: 2->2
[2024-10-11T04:34:51.868+0800][info] GC(73) Humongous regions: 4->3
[2024-10-11T04:34:51.868+0800][info] GC(73) Metaspace: 1611K(1728K)->1611K(1728K) NonClass: 1475K(1536K)->1475K(1536K) Class: 135K(192K)->135K(192K)
[2024-10-11T04:34:51.868+0800][info] GC(73) Pause Young (Prepare Mixed) (G1 Evacuation Pause) 109M->107M(128M) 1.360ms
[2024-10-11T04:34:51.868+0800][info] GC(73) User=0.00s Sys=0.00s Real=0.00s
[2024-10-11T04:34:51.971+0800][info] GC(74) Pause Young (Mixed) (G1 Evacuation Pause)
[2024-10-11T04:34:51.971+0800][info] GC(74) Using 3 workers of 48 for evacuation
[2024-10-11T04:34:51.973+0800][info] GC(74)   Pre Evacuate Collection Set: 0.2ms
[2024-10-11T04:34:51.973+0800][info] GC(74)   Merge Heap Roots: 0.1ms
[2024-10-11T04:34:51.973+0800][info] GC(74)   Evacuate Collection Set: 1.5ms
[2024-10-11T04:34:51.973+0800][info] GC(74)   Post Evacuate Collection Set: 0.2ms
[2024-10-11T04:34:51.973+0800][info] GC(74)   Other: 0.2ms
[2024-10-11T04:34:51.973+0800][info] GC(74) Eden regions: 2->0(2)
[2024-10-11T04:34:51.973+0800][info] GC(74) Survivor regions: 1->1(1)
[2024-10-11T04:34:51.973+0800][info] GC(74) Old regions: 49->47
[2024-10-11T04:34:51.973+0800][info] GC(74) Archive regions: 2->2
[2024-10-11T04:34:51.973+0800][info] GC(74) Humongous regions: 3->3
[2024-10-11T04:34:51.973+0800][info] GC(74) Metaspace: 1611K(1728K)->1611K(1728K) NonClass: 1475K(1536K)->1475K(1536K) Class: 135K(192K)->135K(192K)
[2024-10-11T04:34:51.973+0800][info] GC(74) Pause Young (Mixed) (G1 Evacuation Pause) 110M->103M(128M) 2.249ms
[2024-10-11T04:34:51.973+0800][info] GC(74) User=0.01s Sys=0.00s Real=0.01s
[2024-10-11T04:34:52.075+0800][info] GC(75) Pause Young (Mixed) (G1 Evacuation Pause)
[2024-10-11T04:34:52.075+0800][info] GC(75) Using 3 workers of 48 for evacuation
[2024-10-11T04:34:52.078+0800][info] GC(75)   Pre Evacuate Collection Set: 0.2ms
[2024-10-11T04:34:52.078+0800][info] GC(75)   Merge Heap Roots: 0.1ms
[2024-10-11T04:34:52.078+0800][info] GC(75)   Evacuate Collection Set: 2.0ms
[2024-10-11T04:34:52.078+0800][info] GC(75)   Post Evacuate Collection Set: 0.2ms
[2024-10-11T04:34:52.078+0800][info] GC(75)   Other: 0.1ms
[2024-10-11T04:34:52.078+0800][info] GC(75) Eden regions: 2->0(2)
[2024-10-11T04:34:52.078+0800][info] GC(75) Survivor regions: 1->1(1)
[2024-10-11T04:34:52.078+0800][info] GC(75) Old regions: 47->46
[2024-10-11T04:34:52.078+0800][info] GC(75) Archive regions: 2->2
[2024-10-11T04:34:52.078+0800][info] GC(75) Humongous regions: 3->3
[2024-10-11T04:34:52.078+0800][info] GC(75) Metaspace: 1611K(1728K)->1611K(1728K) NonClass: 1475K(1536K)->1475K(1536K) Class: 135K(192K)->135K(192K)
[2024-10-11T04:34:52.078+0800][info] GC(75) Pause Young (Mixed) (G1 Evacuation Pause) 107M->101M(128M) 2.661ms
[2024-10-11T04:34:52.078+0800][info] GC(75) User=0.00s Sys=0.00s Real=0.00s
[2024-10-11T04:34:52.181+0800][info] GC(76) Pause Young (Mixed) (G1 Evacuation Pause)
[2024-10-11T04:34:52.181+0800][info] GC(76) Using 3 workers of 48 for evacuation
[2024-10-11T04:34:52.184+0800][info] GC(76)   Pre Evacuate Collection Set: 0.2ms
[2024-10-11T04:34:52.184+0800][info] GC(76)   Merge Heap Roots: 0.1ms
[2024-10-11T04:34:52.184+0800][info] GC(76)   Evacuate Collection Set: 2.4ms
[2024-10-11T04:34:52.184+0800][info] GC(76)   Post Evacuate Collection Set: 0.2ms
[2024-10-11T04:34:52.184+0800][info] GC(76)   Other: 0.1ms
[2024-10-11T04:34:52.184+0800][info] GC(76) Eden regions: 2->0(2)
[2024-10-11T04:34:52.184+0800][info] GC(76) Survivor regions: 1->1(1)
[2024-10-11T04:34:52.184+0800][info] GC(76) Old regions: 46->46
[2024-10-11T04:34:52.184+0800][info] GC(76) Archive regions: 2->2
[2024-10-11T04:34:52.184+0800][info] GC(76) Humongous regions: 3->3
[2024-10-11T04:34:52.184+0800][info] GC(76) Metaspace: 1613K(1728K)->1613K(1728K) NonClass: 1477K(1536K)->1477K(1536K) Class: 135K(192K)->135K(192K)
[2024-10-11T04:34:52.184+0800][info] GC(76) Pause Young (Mixed) (G1 Evacuation Pause) 104M->100M(128M) 3.146ms
[2024-10-11T04:34:52.184+0800][info] GC(76) User=0.00s Sys=0.00s Real=0.00s
[2024-10-11T04:34:52.286+0800][info] GC(77) Pause Young (Mixed) (G1 Evacuation Pause)
[2024-10-11T04:34:52.286+0800][info] GC(77) Using 3 workers of 48 for evacuation
[2024-10-11T04:34:52.288+0800][info] GC(77)   Pre Evacuate Collection Set: 0.2ms
[2024-10-11T04:34:52.288+0800][info] GC(77)   Merge Heap Roots: 0.0ms
[2024-10-11T04:34:52.288+0800][info] GC(77)   Evacuate Collection Set: 1.5ms
[2024-10-11T04:34:52.288+0800][info] GC(77)   Post Evacuate Collection Set: 0.2ms
[2024-10-11T04:34:52.288+0800][info] GC(77)   Other: 0.1ms
[2024-10-11T04:34:52.288+0800][info] GC(77) Eden regions: 2->0(2)
[2024-10-11T04:34:52.288+0800][info] GC(77) Survivor regions: 1->1(1)
[2024-10-11T04:34:52.288+0800][info] GC(77) Old regions: 46->46
[2024-10-11T04:34:52.288+0800][info] GC(77) Archive regions: 2->2
[2024-10-11T04:34:52.288+0800][info] GC(77) Humongous regions: 3->3
[2024-10-11T04:34:52.288+0800][info] GC(77) Metaspace: 1613K(1728K)->1613K(1728K) NonClass: 1477K(1536K)->1477K(1536K) Class: 135K(192K)->135K(192K)
[2024-10-11T04:34:52.288+0800][info] GC(77) Pause Young (Mixed) (G1 Evacuation Pause) 103M->101M(128M) 2.141ms
[2024-10-11T04:34:52.288+0800][info] GC(77) User=0.01s Sys=0.00s Real=0.00s
[2024-10-11T04:34:52.391+0800][info] GC(78) Pause Young (Normal) (G1 Evacuation Pause)
[2024-10-11T04:34:52.391+0800][info] GC(78) Using 3 workers of 48 for evacuation
[2024-10-11T04:34:52.392+0800][info] GC(78)   Pre Evacuate Collection Set: 0.1ms
[2024-10-11T04:34:52.392+0800][info] GC(78)   Merge Heap Roots: 0.0ms
[2024-10-11T04:34:52.392+0800][info] GC(78)   Evacuate Collection Set: 0.6ms
[2024-10-11T04:34:52.392+0800][info] GC(78)   Post Evacuate Collection Set: 0.2ms
[2024-10-11T04:34:52.392+0800][info] GC(78)   Other: 0.2ms
[2024-10-11T04:34:52.392+0800][info] GC(78) Eden regions: 2->0(2)
[2024-10-11T04:34:52.392+0800][info] GC(78) Survivor regions: 1->1(1)
[2024-10-11T04:34:52.392+0800][info] GC(78) Old regions: 46->48
[2024-10-11T04:34:52.392+0800][info] GC(78) Archive regions: 2->2
[2024-10-11T04:34:52.392+0800][info] GC(78) Humongous regions: 3->3
[2024-10-11T04:34:52.392+0800][info] GC(78) Metaspace: 1613K(1728K)->1613K(1728K) NonClass: 1477K(1536K)->1477K(1536K) Class: 135K(192K)->135K(192K)
[2024-10-11T04:34:52.392+0800][info] GC(78) Pause Young (Normal) (G1 Evacuation Pause) 105M->105M(128M) 1.278ms
[2024-10-11T04:34:52.392+0800][info] GC(78) User=0.00s Sys=0.00s Real=0.00s
[2024-10-11T04:34:52.494+0800][info] GC(79) Pause Young (Normal) (G1 Evacuation Pause)
[2024-10-11T04:34:52.494+0800][info] GC(79) Using 3 workers of 48 for evacuation
[2024-10-11T04:34:52.496+0800][info] GC(79)   Pre Evacuate Collection Set: 0.1ms
[2024-10-11T04:34:52.496+0800][info] GC(79)   Merge Heap Roots: 0.0ms
[2024-10-11T04:34:52.496+0800][info] GC(79)   Evacuate Collection Set: 0.7ms
[2024-10-11T04:34:52.496+0800][info] GC(79)   Post Evacuate Collection Set: 0.2ms
[2024-10-11T04:34:52.496+0800][info] GC(79)   Other: 0.2ms
[2024-10-11T04:34:52.496+0800][info] GC(79) Eden regions: 2->0(2)
[2024-10-11T04:34:52.496+0800][info] GC(79) Survivor regions: 1->1(1)
[2024-10-11T04:34:52.496+0800][info] GC(79) Old regions: 48->50
[2024-10-11T04:34:52.496+0800][info] GC(79) Archive regions: 2->2
[2024-10-11T04:34:52.496+0800][info] GC(79) Humongous regions: 3->3
[2024-10-11T04:34:52.496+0800][info] GC(79) Metaspace: 1613K(1728K)->1613K(1728K) NonClass: 1477K(1536K)->1477K(1536K) Class: 135K(192K)->135K(192K)
[2024-10-11T04:34:52.496+0800][info] GC(79) Pause Young (Normal) (G1 Evacuation Pause) 108M->108M(128M) 1.320ms
[2024-10-11T04:34:52.496+0800][info] GC(79) User=0.01s Sys=0.00s Real=0.00s
[2024-10-11T04:34:52.599+0800][info] GC(80) Pause Young (Concurrent Start) (G1 Evacuation Pause)
[2024-10-11T04:34:52.599+0800][info] GC(80) Using 3 workers of 48 for evacuation
[2024-10-11T04:34:52.600+0800][info] GC(80)   Pre Evacuate Collection Set: 0.1ms
[2024-10-11T04:34:52.600+0800][info] GC(80)   Merge Heap Roots: 0.0ms
[2024-10-11T04:34:52.600+0800][info] GC(80)   Evacuate Collection Set: 0.7ms
[2024-10-11T04:34:52.600+0800][info] GC(80)   Post Evacuate Collection Set: 0.2ms
[2024-10-11T04:34:52.600+0800][info] GC(80)   Other: 0.3ms
[2024-10-11T04:34:52.600+0800][info] GC(80) Eden regions: 2->0(2)
[2024-10-11T04:34:52.600+0800][info] GC(80) Survivor regions: 1->1(1)
[2024-10-11T04:34:52.600+0800][info] GC(80) Old regions: 50->52
[2024-10-11T04:34:52.600+0800][info] GC(80) Archive regions: 2->2
[2024-10-11T04:34:52.600+0800][info] GC(80) Humongous regions: 3->3
[2024-10-11T04:34:52.600+0800][info] GC(80) Metaspace: 1617K(1728K)->1617K(1728K) NonClass: 1481K(1536K)->1481K(1536K) Class: 135K(192K)->135K(192K)
[2024-10-11T04:34:52.600+0800][info] GC(80) Pause Young (Concurrent Start) (G1 Evacuation Pause) 112M->112M(128M) 1.438ms
[2024-10-11T04:34:52.600+0800][info] GC(80) User=0.00s Sys=0.00s Real=0.00s
[2024-10-11T04:34:52.600+0800][info] GC(81) Concurrent Mark Cycle
[2024-10-11T04:34:52.600+0800][info] GC(81) Concurrent Clear Claimed Marks
[2024-10-11T04:34:52.600+0800][info] GC(81) Concurrent Clear Claimed Marks 0.016ms
[2024-10-11T04:34:52.600+0800][info] GC(81) Concurrent Scan Root Regions
[2024-10-11T04:34:52.600+0800][info] GC(81) Concurrent Scan Root Regions 0.145ms
[2024-10-11T04:34:52.600+0800][info] GC(81) Concurrent Mark
[2024-10-11T04:34:52.600+0800][info] GC(81) Concurrent Mark From Roots
[2024-10-11T04:34:52.600+0800][info] GC(81) Using 12 workers of 12 for marking
[2024-10-11T04:34:52.604+0800][info] GC(81) Concurrent Mark From Roots 3.877ms
[2024-10-11T04:34:52.604+0800][info] GC(81) Concurrent Preclean
[2024-10-11T04:34:52.606+0800][info] GC(81) Concurrent Preclean 1.675ms
[2024-10-11T04:34:52.606+0800][info] GC(81) Pause Remark
[2024-10-11T04:34:52.607+0800][info] GC(81) Pause Remark 112M->110M(128M) 1.252ms
[2024-10-11T04:34:52.607+0800][info] GC(81) User=0.00s Sys=0.01s Real=0.00s
[2024-10-11T04:34:52.607+0800][info] GC(81) Concurrent Mark 6.972ms
[2024-10-11T04:34:52.607+0800][info] GC(81) Concurrent Rebuild Remembered Sets
[2024-10-11T04:34:52.609+0800][info] GC(81) Concurrent Rebuild Remembered Sets 1.217ms
[2024-10-11T04:34:52.609+0800][info] GC(81) Pause Cleanup
[2024-10-11T04:34:52.609+0800][info] GC(81) Pause Cleanup 110M->110M(128M) 0.174ms
[2024-10-11T04:34:52.609+0800][info] GC(81) User=0.00s Sys=0.00s Real=0.00s
[2024-10-11T04:34:52.609+0800][info] GC(81) Concurrent Cleanup for Next Mark
[2024-10-11T04:34:52.609+0800][info] GC(81) Concurrent Cleanup for Next Mark 0.379ms
[2024-10-11T04:34:52.609+0800][info] GC(81) Concurrent Mark Cycle 9.229ms
[2024-10-11T04:34:52.754+0800][info] GC(82) Pause Young (Prepare Mixed) (G1 Evacuation Pause)
[2024-10-11T04:34:52.754+0800][info] GC(82) Using 3 workers of 48 for evacuation
[2024-10-11T04:34:52.756+0800][info] GC(82)   Pre Evacuate Collection Set: 0.1ms
[2024-10-11T04:34:52.756+0800][info] GC(82)   Merge Heap Roots: 0.1ms
[2024-10-11T04:34:52.756+0800][info] GC(82)   Evacuate Collection Set: 0.8ms
[2024-10-11T04:34:52.756+0800][info] GC(82)   Post Evacuate Collection Set: 0.2ms
[2024-10-11T04:34:52.756+0800][info] GC(82)   Other: 0.2ms
[2024-10-11T04:34:52.756+0800][info] GC(82) Eden regions: 2->0(2)
[2024-10-11T04:34:52.756+0800][info] GC(82) Survivor regions: 1->1(1)
[2024-10-11T04:34:52.756+0800][info] GC(82) Old regions: 51->53
[2024-10-11T04:34:52.756+0800][info] GC(82) Archive regions: 2->2
[2024-10-11T04:34:52.756+0800][info] GC(82) Humongous regions: 3->3
[2024-10-11T04:34:52.756+0800][info] GC(82) Metaspace: 1617K(1728K)->1617K(1728K) NonClass: 1481K(1536K)->1481K(1536K) Class: 135K(192K)->135K(192K)
[2024-10-11T04:34:52.756+0800][info] GC(82) Pause Young (Prepare Mixed) (G1 Evacuation Pause) 113M->114M(128M) 1.486ms
[2024-10-11T04:34:52.756+0800][info] GC(82) User=0.01s Sys=0.00s Real=0.00s
[2024-10-11T04:34:52.817+0800][info] GC(83) Pause Young (Mixed) (G1 Preventive Collection)
[2024-10-11T04:34:52.817+0800][info] GC(83) Using 3 workers of 48 for evacuation
[2024-10-11T04:34:52.819+0800][info] GC(83)   Pre Evacuate Collection Set: 0.2ms
[2024-10-11T04:34:52.819+0800][info] GC(83)   Merge Heap Roots: 0.1ms
[2024-10-11T04:34:52.819+0800][info] GC(83)   Evacuate Collection Set: 1.1ms
[2024-10-11T04:34:52.819+0800][info] GC(83)   Post Evacuate Collection Set: 0.2ms
[2024-10-11T04:34:52.819+0800][info] GC(83)   Other: 0.2ms
[2024-10-11T04:34:52.819+0800][info] GC(83) Eden regions: 1->0(2)
[2024-10-11T04:34:52.819+0800][info] GC(83) Survivor regions: 1->1(1)
[2024-10-11T04:34:52.819+0800][info] GC(83) Old regions: 53->48
[2024-10-11T04:34:52.819+0800][info] GC(83) Archive regions: 2->2
[2024-10-11T04:34:52.819+0800][info] GC(83) Humongous regions: 3->3
[2024-10-11T04:34:52.819+0800][info] GC(83) Metaspace: 1617K(1728K)->1617K(1728K) NonClass: 1481K(1536K)->1481K(1536K) Class: 135K(192K)->135K(192K)
[2024-10-11T04:34:52.819+0800][info] GC(83) Pause Young (Mixed) (G1 Preventive Collection) 116M->104M(128M) 1.793ms
[2024-10-11T04:34:52.819+0800][info] GC(83) User=0.00s Sys=0.00s Real=0.00s
[2024-10-11T04:34:52.922+0800][info] GC(84) Pause Young (Mixed) (G1 Evacuation Pause)
[2024-10-11T04:34:52.922+0800][info] GC(84) Using 3 workers of 48 for evacuation
[2024-10-11T04:34:52.924+0800][info] GC(84)   Pre Evacuate Collection Set: 0.2ms
[2024-10-11T04:34:52.924+0800][info] GC(84)   Merge Heap Roots: 0.1ms
[2024-10-11T04:34:52.924+0800][info] GC(84)   Evacuate Collection Set: 1.7ms
[2024-10-11T04:34:52.924+0800][info] GC(84)   Post Evacuate Collection Set: 0.2ms
[2024-10-11T04:34:52.924+0800][info] GC(84)   Other: 0.1ms
[2024-10-11T04:34:52.924+0800][info] GC(84) Eden regions: 2->0(2)
[2024-10-11T04:34:52.924+0800][info] GC(84) Survivor regions: 1->1(1)
[2024-10-11T04:34:52.924+0800][info] GC(84) Old regions: 48->47
[2024-10-11T04:34:52.924+0800][info] GC(84) Archive regions: 2->2
[2024-10-11T04:34:52.924+0800][info] GC(84) Humongous regions: 3->3
[2024-10-11T04:34:52.924+0800][info] GC(84) Metaspace: 1617K(1728K)->1617K(1728K) NonClass: 1481K(1536K)->1481K(1536K) Class: 135K(192K)->135K(192K)
[2024-10-11T04:34:52.924+0800][info] GC(84) Pause Young (Mixed) (G1 Evacuation Pause) 108M->102M(128M) 2.359ms
[2024-10-11T04:34:52.924+0800][info] GC(84) User=0.01s Sys=0.00s Real=0.00s
[2024-10-11T04:34:53.026+0800][info] GC(85) Pause Young (Mixed) (G1 Evacuation Pause)
[2024-10-11T04:34:53.026+0800][info] GC(85) Using 3 workers of 48 for evacuation
[2024-10-11T04:34:53.029+0800][info] GC(85)   Pre Evacuate Collection Set: 0.2ms
[2024-10-11T04:34:53.029+0800][info] GC(85)   Merge Heap Roots: 0.0ms
[2024-10-11T04:34:53.029+0800][info] GC(85)   Evacuate Collection Set: 1.9ms
[2024-10-11T04:34:53.029+0800][info] GC(85)   Post Evacuate Collection Set: 0.2ms
[2024-10-11T04:34:53.029+0800][info] GC(85)   Other: 0.1ms
[2024-10-11T04:34:53.029+0800][info] GC(85) Eden regions: 2->0(2)
[2024-10-11T04:34:53.029+0800][info] GC(85) Survivor regions: 1->1(1)
[2024-10-11T04:34:53.029+0800][info] GC(85) Old regions: 47->46
[2024-10-11T04:34:53.029+0800][info] GC(85) Archive regions: 2->2
[2024-10-11T04:34:53.029+0800][info] GC(85) Humongous regions: 3->3
[2024-10-11T04:34:53.029+0800][info] GC(85) Metaspace: 1617K(1728K)->1617K(1728K) NonClass: 1481K(1536K)->1481K(1536K) Class: 135K(192K)->135K(192K)
[2024-10-11T04:34:53.029+0800][info] GC(85) Pause Young (Mixed) (G1 Evacuation Pause) 106M->100M(128M) 2.619ms
[2024-10-11T04:34:53.029+0800][info] GC(85) User=0.01s Sys=0.00s Real=0.00s
[2024-10-11T04:34:53.132+0800][info] GC(86) Pause Young (Mixed) (G1 Evacuation Pause)
[2024-10-11T04:34:53.132+0800][info] GC(86) Using 3 workers of 48 for evacuation
[2024-10-11T04:34:53.134+0800][info] GC(86)   Pre Evacuate Collection Set: 0.2ms
[2024-10-11T04:34:53.134+0800][info] GC(86)   Merge Heap Roots: 0.1ms
[2024-10-11T04:34:53.134+0800][info] GC(86)   Evacuate Collection Set: 2.1ms
[2024-10-11T04:34:53.134+0800][info] GC(86)   Post Evacuate Collection Set: 0.2ms
[2024-10-11T04:34:53.134+0800][info] GC(86)   Other: 0.2ms
[2024-10-11T04:34:53.134+0800][info] GC(86) Eden regions: 2->0(2)
[2024-10-11T04:34:53.134+0800][info] GC(86) Survivor regions: 1->1(1)
[2024-10-11T04:34:53.134+0800][info] GC(86) Old regions: 46->46
[2024-10-11T04:34:53.134+0800][info] GC(86) Archive regions: 2->2
[2024-10-11T04:34:53.134+0800][info] GC(86) Humongous regions: 3->3
[2024-10-11T04:34:53.134+0800][info] GC(86) Metaspace: 1617K(1728K)->1617K(1728K) NonClass: 1481K(1536K)->1481K(1536K) Class: 135K(192K)->135K(192K)
[2024-10-11T04:34:53.134+0800][info] GC(86) Pause Young (Mixed) (G1 Evacuation Pause) 104M->101M(128M) 2.785ms
[2024-10-11T04:34:53.134+0800][info] GC(86) User=0.00s Sys=0.00s Real=0.01s
[2024-10-11T04:34:53.237+0800][info] GC(87) Pause Young (Normal) (G1 Evacuation Pause)
[2024-10-11T04:34:53.237+0800][info] GC(87) Using 3 workers of 48 for evacuation
[2024-10-11T04:34:53.238+0800][info] GC(87)   Pre Evacuate Collection Set: 0.1ms
[2024-10-11T04:34:53.238+0800][info] GC(87)   Merge Heap Roots: 0.0ms
[2024-10-11T04:34:53.238+0800][info] GC(87)   Evacuate Collection Set: 0.7ms
[2024-10-11T04:34:53.238+0800][info] GC(87)   Post Evacuate Collection Set: 0.2ms
[2024-10-11T04:34:53.238+0800][info] GC(87)   Other: 0.2ms
[2024-10-11T04:34:53.238+0800][info] GC(87) Eden regions: 2->0(2)
[2024-10-11T04:34:53.238+0800][info] GC(87) Survivor regions: 1->1(1)
[2024-10-11T04:34:53.238+0800][info] GC(87) Old regions: 46->48
[2024-10-11T04:34:53.238+0800][info] GC(87) Archive regions: 2->2
[2024-10-11T04:34:53.238+0800][info] GC(87) Humongous regions: 3->3
[2024-10-11T04:34:53.238+0800][info] GC(87) Metaspace: 1617K(1728K)->1617K(1728K) NonClass: 1481K(1536K)->1481K(1536K) Class: 135K(192K)->135K(192K)
[2024-10-11T04:34:53.238+0800][info] GC(87) Pause Young (Normal) (G1 Evacuation Pause) 104M->105M(128M) 1.297ms
[2024-10-11T04:34:53.238+0800][info] GC(87) User=0.00s Sys=0.00s Real=0.00s
[2024-10-11T04:34:53.341+0800][info] GC(88) Pause Young (Normal) (G1 Evacuation Pause)
[2024-10-11T04:34:53.341+0800][info] GC(88) Using 3 workers of 48 for evacuation
[2024-10-11T04:34:53.342+0800][info] GC(88)   Pre Evacuate Collection Set: 0.1ms
[2024-10-11T04:34:53.342+0800][info] GC(88)   Merge Heap Roots: 0.0ms
[2024-10-11T04:34:53.342+0800][info] GC(88)   Evacuate Collection Set: 0.8ms
[2024-10-11T04:34:53.342+0800][info] GC(88)   Post Evacuate Collection Set: 0.2ms
[2024-10-11T04:34:53.342+0800][info] GC(88)   Other: 0.2ms
[2024-10-11T04:34:53.342+0800][info] GC(88) Eden regions: 2->0(2)
[2024-10-11T04:34:53.342+0800][info] GC(88) Survivor regions: 1->1(1)
[2024-10-11T04:34:53.342+0800][info] GC(88) Old regions: 48->50
[2024-10-11T04:34:53.342+0800][info] GC(88) Archive regions: 2->2
[2024-10-11T04:34:53.342+0800][info] GC(88) Humongous regions: 3->3
[2024-10-11T04:34:53.342+0800][info] GC(88) Metaspace: 1617K(1728K)->1617K(1728K) NonClass: 1481K(1536K)->1481K(1536K) Class: 135K(192K)->135K(192K)
[2024-10-11T04:34:53.342+0800][info] GC(88) Pause Young (Normal) (G1 Evacuation Pause) 108M->109M(128M) 1.436ms
[2024-10-11T04:34:53.342+0800][info] GC(88) User=0.01s Sys=0.00s Real=0.00s
[2024-10-11T04:34:53.444+0800][info] GC(89) Pause Young (Concurrent Start) (G1 Evacuation Pause)
[2024-10-11T04:34:53.444+0800][info] GC(89) Using 3 workers of 48 for evacuation
[2024-10-11T04:34:53.445+0800][info] GC(89)   Pre Evacuate Collection Set: 0.1ms
[2024-10-11T04:34:53.445+0800][info] GC(89)   Merge Heap Roots: 0.0ms
[2024-10-11T04:34:53.445+0800][info] GC(89)   Evacuate Collection Set: 0.7ms
[2024-10-11T04:34:53.445+0800][info] GC(89)   Post Evacuate Collection Set: 0.2ms
[2024-10-11T04:34:53.445+0800][info] GC(89)   Other: 0.4ms
[2024-10-11T04:34:53.445+0800][info] GC(89) Eden regions: 2->0(2)
[2024-10-11T04:34:53.445+0800][info] GC(89) Survivor regions: 1->1(1)
[2024-10-11T04:34:53.445+0800][info] GC(89) Old regions: 50->52
[2024-10-11T04:34:53.445+0800][info] GC(89) Archive regions: 2->2
[2024-10-11T04:34:53.445+0800][info] GC(89) Humongous regions: 3->3
[2024-10-11T04:34:53.445+0800][info] GC(89) Metaspace: 1617K(1728K)->1617K(1728K) NonClass: 1481K(1536K)->1481K(1536K) Class: 135K(192K)->135K(192K)
[2024-10-11T04:34:53.445+0800][info] GC(89) Pause Young (Concurrent Start) (G1 Evacuation Pause) 112M->112M(128M) 1.521ms
[2024-10-11T04:34:53.445+0800][info] GC(89) User=0.00s Sys=0.00s Real=0.01s
[2024-10-11T04:34:53.446+0800][info] GC(90) Concurrent Mark Cycle
[2024-10-11T04:34:53.446+0800][info] GC(90) Concurrent Clear Claimed Marks
[2024-10-11T04:34:53.446+0800][info] GC(90) Concurrent Clear Claimed Marks 0.016ms
[2024-10-11T04:34:53.446+0800][info] GC(90) Concurrent Scan Root Regions
[2024-10-11T04:34:53.446+0800][info] GC(90) Concurrent Scan Root Regions 0.148ms
[2024-10-11T04:34:53.446+0800][info] GC(90) Concurrent Mark
[2024-10-11T04:34:53.446+0800][info] GC(90) Concurrent Mark From Roots
[2024-10-11T04:34:53.446+0800][info] GC(90) Using 12 workers of 12 for marking
[2024-10-11T04:34:53.449+0800][info] GC(90) Concurrent Mark From Roots 3.275ms
[2024-10-11T04:34:53.449+0800][info] GC(90) Concurrent Preclean
[2024-10-11T04:34:53.451+0800][info] GC(90) Concurrent Preclean 1.669ms
[2024-10-11T04:34:53.451+0800][info] GC(90) Pause Remark
[2024-10-11T04:34:53.452+0800][info] GC(90) Pause Remark 112M->112M(128M) 1.188ms
[2024-10-11T04:34:53.452+0800][info] GC(90) User=0.00s Sys=0.00s Real=0.00s
[2024-10-11T04:34:53.452+0800][info] GC(90) Concurrent Mark 6.294ms
[2024-10-11T04:34:53.452+0800][info] GC(90) Concurrent Rebuild Remembered Sets
[2024-10-11T04:34:53.453+0800][info] GC(90) Concurrent Rebuild Remembered Sets 1.312ms
[2024-10-11T04:34:53.454+0800][info] GC(90) Pause Cleanup
[2024-10-11T04:34:53.454+0800][info] GC(90) Pause Cleanup 112M->112M(128M) 0.181ms
[2024-10-11T04:34:53.454+0800][info] GC(90) User=0.00s Sys=0.00s Real=0.00s
[2024-10-11T04:34:53.454+0800][info] GC(90) Concurrent Cleanup for Next Mark
[2024-10-11T04:34:53.454+0800][info] GC(90) Concurrent Cleanup for Next Mark 0.459ms
[2024-10-11T04:34:53.454+0800][info] GC(90) Concurrent Mark Cycle 8.706ms
[2024-10-11T04:34:53.600+0800][info] GC(91) Pause Young (Prepare Mixed) (G1 Preventive Collection)
[2024-10-11T04:34:53.600+0800][info] GC(91) Using 3 workers of 48 for evacuation
[2024-10-11T04:34:53.601+0800][info] GC(91)   Pre Evacuate Collection Set: 0.1ms
[2024-10-11T04:34:53.601+0800][info] GC(91)   Merge Heap Roots: 0.1ms
[2024-10-11T04:34:53.601+0800][info] GC(91)   Evacuate Collection Set: 0.9ms
[2024-10-11T04:34:53.601+0800][info] GC(91)   Post Evacuate Collection Set: 0.2ms
[2024-10-11T04:34:53.601+0800][info] GC(91)   Other: 0.2ms
[2024-10-11T04:34:53.601+0800][info] GC(91) Eden regions: 2->0(2)
[2024-10-11T04:34:53.601+0800][info] GC(91) Survivor regions: 1->1(1)
[2024-10-11T04:34:53.601+0800][info] GC(91) Old regions: 52->54
[2024-10-11T04:34:53.601+0800][info] GC(91) Archive regions: 2->2
[2024-10-11T04:34:53.601+0800][info] GC(91) Humongous regions: 3->3
[2024-10-11T04:34:53.601+0800][info] GC(91) Metaspace: 1617K(1728K)->1617K(1728K) NonClass: 1481K(1536K)->1481K(1536K) Class: 135K(192K)->135K(192K)
[2024-10-11T04:34:53.601+0800][info] GC(91) Pause Young (Prepare Mixed) (G1 Preventive Collection) 115M->116M(128M) 1.621ms
[2024-10-11T04:34:53.601+0800][info] GC(91) User=0.00s Sys=0.00s Real=0.00s
[2024-10-11T04:34:53.663+0800][info] GC(92) Pause Young (Mixed) (G1 Preventive Collection)
[2024-10-11T04:34:53.663+0800][info] GC(92) Using 3 workers of 48 for evacuation
[2024-10-11T04:34:53.664+0800][info] GC(92) To-space exhausted
[2024-10-11T04:34:53.664+0800][info] GC(92)   Pre Evacuate Collection Set: 0.2ms
[2024-10-11T04:34:53.664+0800][info] GC(92)   Merge Heap Roots: 0.0ms
[2024-10-11T04:34:53.664+0800][info] GC(92)   Evacuate Collection Set: 0.9ms
[2024-10-11T04:34:53.664+0800][info] GC(92)   Post Evacuate Collection Set: 0.2ms
[2024-10-11T04:34:53.664+0800][info] GC(92)   Other: 0.2ms
[2024-10-11T04:34:53.664+0800][info] GC(92) Eden regions: 1->0(2)
[2024-10-11T04:34:53.664+0800][info] GC(92) Survivor regions: 1->1(1)
[2024-10-11T04:34:53.664+0800][info] GC(92) Old regions: 54->51
[2024-10-11T04:34:53.664+0800][info] GC(92) Archive regions: 2->2
[2024-10-11T04:34:53.664+0800][info] GC(92) Humongous regions: 3->3
[2024-10-11T04:34:53.664+0800][info] GC(92) Metaspace: 1617K(1728K)->1617K(1728K) NonClass: 1481K(1536K)->1481K(1536K) Class: 135K(192K)->135K(192K)
[2024-10-11T04:34:53.664+0800][info] GC(92) Pause Young (Mixed) (G1 Preventive Collection) 118M->111M(128M) 1.601ms
[2024-10-11T04:34:53.664+0800][info] GC(92) User=0.00s Sys=0.00s Real=0.00s
[2024-10-11T04:34:53.705+0800][info] GC(93) Pause Young (Mixed) (G1 Preventive Collection)
[2024-10-11T04:34:53.705+0800][info] GC(93) Using 3 workers of 48 for evacuation
[2024-10-11T04:34:53.707+0800][info] GC(93) To-space exhausted
[2024-10-11T04:34:53.707+0800][info] GC(93)   Pre Evacuate Collection Set: 0.2ms
[2024-10-11T04:34:53.707+0800][info] GC(93)   Merge Heap Roots: 0.1ms
[2024-10-11T04:34:53.707+0800][info] GC(93)   Evacuate Collection Set: 1.6ms
[2024-10-11T04:34:53.707+0800][info] GC(93)   Post Evacuate Collection Set: 0.3ms
[2024-10-11T04:34:53.707+0800][info] GC(93)   Other: 0.2ms
[2024-10-11T04:34:53.707+0800][info] GC(93) Eden regions: 1->0(2)
[2024-10-11T04:34:53.707+0800][info] GC(93) Survivor regions: 1->1(1)
[2024-10-11T04:34:53.707+0800][info] GC(93) Old regions: 51->54
[2024-10-11T04:34:53.707+0800][info] GC(93) Archive regions: 2->2
[2024-10-11T04:34:53.708+0800][info] GC(93) Humongous regions: 3->3
[2024-10-11T04:34:53.708+0800][info] GC(93) Metaspace: 1617K(1728K)->1617K(1728K) NonClass: 1481K(1536K)->1481K(1536K) Class: 135K(192K)->135K(192K)
[2024-10-11T04:34:53.708+0800][info] GC(93) Pause Young (Mixed) (G1 Preventive Collection) 113M->117M(128M) 2.357ms
[2024-10-11T04:34:53.708+0800][info] GC(93) User=0.00s Sys=0.00s Real=0.00s
[2024-10-11T04:34:53.770+0800][info] GC(94) Pause Young (Mixed) (G1 Preventive Collection)
[2024-10-11T04:34:53.770+0800][info] GC(94) Using 3 workers of 48 for evacuation
[2024-10-11T04:34:53.771+0800][info] GC(94) To-space exhausted
[2024-10-11T04:34:53.771+0800][info] GC(94)   Pre Evacuate Collection Set: 0.2ms
[2024-10-11T04:34:53.771+0800][info] GC(94)   Merge Heap Roots: 0.1ms
[2024-10-11T04:34:53.771+0800][info] GC(94)   Evacuate Collection Set: 0.9ms
[2024-10-11T04:34:53.771+0800][info] GC(94)   Post Evacuate Collection Set: 0.3ms
[2024-10-11T04:34:53.771+0800][info] GC(94)   Other: 0.1ms
[2024-10-11T04:34:53.771+0800][info] GC(94) Eden regions: 1->0(2)
[2024-10-11T04:34:53.771+0800][info] GC(94) Survivor regions: 1->1(1)
[2024-10-11T04:34:53.771+0800][info] GC(94) Old regions: 54->56
[2024-10-11T04:34:53.771+0800][info] GC(94) Archive regions: 2->2
[2024-10-11T04:34:53.771+0800][info] GC(94) Humongous regions: 3->3
[2024-10-11T04:34:53.771+0800][info] GC(94) Metaspace: 1617K(1728K)->1617K(1728K) NonClass: 1481K(1536K)->1481K(1536K) Class: 135K(192K)->135K(192K)
[2024-10-11T04:34:53.771+0800][info] GC(94) Pause Young (Mixed) (G1 Preventive Collection) 119M->121M(128M) 1.597ms
[2024-10-11T04:34:53.771+0800][info] GC(94) User=0.01s Sys=0.00s Real=0.00s
[2024-10-11T04:34:53.812+0800][info] GC(95) Pause Young (Mixed) (G1 Preventive Collection)
[2024-10-11T04:34:53.812+0800][info] GC(95) Using 3 workers of 48 for evacuation
[2024-10-11T04:34:53.814+0800][info] GC(95) To-space exhausted
[2024-10-11T04:34:53.814+0800][info] GC(95)   Pre Evacuate Collection Set: 0.2ms
[2024-10-11T04:34:53.814+0800][info] GC(95)   Merge Heap Roots: 0.1ms
[2024-10-11T04:34:53.814+0800][info] GC(95)   Evacuate Collection Set: 0.8ms
[2024-10-11T04:34:53.814+0800][info] GC(95)   Post Evacuate Collection Set: 0.7ms
[2024-10-11T04:34:53.814+0800][info] GC(95)   Other: 0.2ms
[2024-10-11T04:34:53.814+0800][info] GC(95) Eden regions: 1->0(2)
[2024-10-11T04:34:53.814+0800][info] GC(95) Survivor regions: 1->1(1)
[2024-10-11T04:34:53.814+0800][info] GC(95) Old regions: 56->57
[2024-10-11T04:34:53.814+0800][info] GC(95) Archive regions: 2->2
[2024-10-11T04:34:53.814+0800][info] GC(95) Humongous regions: 3->3
[2024-10-11T04:34:53.814+0800][info] GC(95) Metaspace: 1617K(1728K)->1617K(1728K) NonClass: 1481K(1536K)->1481K(1536K) Class: 135K(192K)->135K(192K)
[2024-10-11T04:34:53.814+0800][info] GC(95) Pause Young (Mixed) (G1 Preventive Collection) 122M->122M(128M) 1.971ms
[2024-10-11T04:34:53.814+0800][info] GC(95) User=0.00s Sys=0.00s Real=0.01s
[2024-10-11T04:34:53.875+0800][info] GC(96) Pause Young (Mixed) (G1 Evacuation Pause)
[2024-10-11T04:34:53.876+0800][info] GC(96) Using 3 workers of 48 for evacuation
[2024-10-11T04:34:53.877+0800][info] GC(96) To-space exhausted
[2024-10-11T04:34:53.878+0800][info] GC(96)   Pre Evacuate Collection Set: 0.2ms
[2024-10-11T04:34:53.878+0800][info] GC(96)   Merge Heap Roots: 0.1ms
[2024-10-11T04:34:53.878+0800][info] GC(96)   Evacuate Collection Set: 0.8ms
[2024-10-11T04:34:53.878+0800][info] GC(96)   Post Evacuate Collection Set: 0.8ms
[2024-10-11T04:34:53.878+0800][info] GC(96)   Other: 0.2ms
[2024-10-11T04:34:53.878+0800][info] GC(96) Eden regions: 1->0(3)
[2024-10-11T04:34:53.878+0800][info] GC(96) Survivor regions: 1->0(0)
[2024-10-11T04:34:53.878+0800][info] GC(96) Old regions: 57->59
[2024-10-11T04:34:53.878+0800][info] GC(96) Archive regions: 2->2
[2024-10-11T04:34:53.878+0800][info] GC(96) Humongous regions: 3->3
[2024-10-11T04:34:53.878+0800][info] GC(96) Metaspace: 1617K(1728K)->1617K(1728K) NonClass: 1481K(1536K)->1481K(1536K) Class: 135K(192K)->135K(192K)
[2024-10-11T04:34:53.878+0800][info] GC(96) Pause Young (Mixed) (G1 Evacuation Pause) 124M->124M(128M) 2.148ms
[2024-10-11T04:34:53.878+0800][info] GC(96) User=0.01s Sys=0.00s Real=0.00s
[2024-10-11T04:34:53.878+0800][info] Attempting full compaction
[2024-10-11T04:34:53.878+0800][info] GC(97) Using 3 workers of 48 for full compaction
[2024-10-11T04:34:53.878+0800][info] GC(97) Pause Full (G1 Compaction Pause)
[2024-10-11T04:34:53.878+0800][info] GC(97) Phase 1: Mark live objects
[2024-10-11T04:34:53.882+0800][info] GC(97) Phase 1: Mark live objects 3.921ms
[2024-10-11T04:34:53.882+0800][info] GC(97) Phase 2: Prepare for compaction
[2024-10-11T04:34:53.883+0800][info] GC(97) Phase 2: Prepare for compaction 0.657ms
[2024-10-11T04:34:53.883+0800][info] GC(97) Phase 3: Adjust pointers
[2024-10-11T04:34:53.884+0800][info] GC(97) Phase 3: Adjust pointers 1.356ms
[2024-10-11T04:34:53.884+0800][info] GC(97) Phase 4: Compact heap
[2024-10-11T04:34:53.895+0800][info] GC(97) Phase 4: Compact heap 11.191ms
[2024-10-11T04:34:53.897+0800][info] GC(97) Eden regions: 0->0(4)
[2024-10-11T04:34:53.897+0800][info] GC(97) Survivor regions: 0->0(0)
[2024-10-11T04:34:53.897+0800][info] GC(97) Old regions: 59->38
[2024-10-11T04:34:53.897+0800][info] GC(97) Archive regions: 2->2
[2024-10-11T04:34:53.897+0800][info] GC(97) Humongous regions: 3->3
[2024-10-11T04:34:53.897+0800][info] GC(97) Metaspace: 1617K(1728K)->1567K(1728K) NonClass: 1481K(1536K)->1443K(1536K) Class: 135K(192K)->124K(192K)
[2024-10-11T04:34:53.897+0800][info] GC(97) Pause Full (G1 Compaction Pause) 124M->71M(128M) 18.824ms
[2024-10-11T04:34:53.897+0800][info] GC(97) User=0.04s Sys=0.00s Real=0.02s
[2024-10-11T04:34:54.103+0800][info] GC(98) Pause Young (Normal) (G1 Evacuation Pause)
[2024-10-11T04:34:54.103+0800][info] GC(98) Using 3 workers of 48 for evacuation
[2024-10-11T04:34:54.104+0800][info] GC(98)   Pre Evacuate Collection Set: 0.1ms
[2024-10-11T04:34:54.104+0800][info] GC(98)   Merge Heap Roots: 0.1ms
[2024-10-11T04:34:54.104+0800][info] GC(98)   Evacuate Collection Set: 1.1ms
[2024-10-11T04:34:54.104+0800][info] GC(98)   Post Evacuate Collection Set: 0.2ms
[2024-10-11T04:34:54.104+0800][info] GC(98)   Other: 0.2ms
[2024-10-11T04:34:54.104+0800][info] GC(98) Eden regions: 4->0(2)
[2024-10-11T04:34:54.104+0800][info] GC(98) Survivor regions: 0->1(1)
[2024-10-11T04:34:54.104+0800][info] GC(98) Old regions: 38->41
[2024-10-11T04:34:54.104+0800][info] GC(98) Archive regions: 2->2
[2024-10-11T04:34:54.104+0800][info] GC(98) Humongous regions: 4->4
[2024-10-11T04:34:54.104+0800][info] GC(98) Metaspace: 1568K(1728K)->1568K(1728K) NonClass: 1444K(1536K)->1444K(1536K) Class: 124K(192K)->124K(192K)
[2024-10-11T04:34:54.105+0800][info] GC(98) Pause Young (Normal) (G1 Evacuation Pause) 81M->81M(128M) 1.893ms
[2024-10-11T04:34:54.105+0800][info] GC(98) User=0.01s Sys=0.00s Real=0.00s
[2024-10-11T04:34:54.207+0800][info] GC(99) Pause Young (Normal) (G1 Evacuation Pause)
[2024-10-11T04:34:54.207+0800][info] GC(99) Using 3 workers of 48 for evacuation
[2024-10-11T04:34:54.209+0800][info] GC(99)   Pre Evacuate Collection Set: 0.1ms
[2024-10-11T04:34:54.209+0800][info] GC(99)   Merge Heap Roots: 0.0ms
[2024-10-11T04:34:54.209+0800][info] GC(99)   Evacuate Collection Set: 0.7ms
[2024-10-11T04:34:54.209+0800][info] GC(99)   Post Evacuate Collection Set: 0.2ms
[2024-10-11T04:34:54.209+0800][info] GC(99)   Other: 0.2ms
[2024-10-11T04:34:54.209+0800][info] GC(99) Eden regions: 2->0(2)
[2024-10-11T04:34:54.209+0800][info] GC(99) Survivor regions: 1->1(1)
[2024-10-11T04:34:54.209+0800][info] GC(99) Old regions: 41->43
[2024-10-11T04:34:54.209+0800][info] GC(99) Archive regions: 2->2
[2024-10-11T04:34:54.209+0800][info] GC(99) Humongous regions: 4->4
[2024-10-11T04:34:54.209+0800][info] GC(99) Metaspace: 1568K(1728K)->1568K(1728K) NonClass: 1444K(1536K)->1444K(1536K) Class: 124K(192K)->124K(192K)
[2024-10-11T04:34:54.209+0800][info] GC(99) Pause Young (Normal) (G1 Evacuation Pause) 85M->85M(128M) 1.349ms
[2024-10-11T04:34:54.209+0800][info] GC(99) User=0.00s Sys=0.00s Real=0.00s
[2024-10-11T04:34:54.311+0800][info] GC(100) Pause Young (Normal) (G1 Evacuation Pause)
[2024-10-11T04:34:54.311+0800][info] GC(100) Using 3 workers of 48 for evacuation
[2024-10-11T04:34:54.312+0800][info] GC(100)   Pre Evacuate Collection Set: 0.1ms
[2024-10-11T04:34:54.312+0800][info] GC(100)   Merge Heap Roots: 0.0ms
[2024-10-11T04:34:54.312+0800][info] GC(100)   Evacuate Collection Set: 0.7ms
[2024-10-11T04:34:54.312+0800][info] GC(100)   Post Evacuate Collection Set: 0.2ms
[2024-10-11T04:34:54.312+0800][info] GC(100)   Other: 0.2ms
[2024-10-11T04:34:54.312+0800][info] GC(100) Eden regions: 2->0(2)
[2024-10-11T04:34:54.312+0800][info] GC(100) Survivor regions: 1->1(1)
[2024-10-11T04:34:54.312+0800][info] GC(100) Old regions: 43->45
[2024-10-11T04:34:54.312+0800][info] GC(100) Archive regions: 2->2
[2024-10-11T04:34:54.312+0800][info] GC(100) Humongous regions: 4->4
[2024-10-11T04:34:54.312+0800][info] GC(100) Metaspace: 1568K(1728K)->1568K(1728K) NonClass: 1444K(1536K)->1444K(1536K) Class: 124K(192K)->124K(192K)
[2024-10-11T04:34:54.312+0800][info] GC(100) Pause Young (Normal) (G1 Evacuation Pause) 89M->89M(128M) 1.358ms
[2024-10-11T04:34:54.312+0800][info] GC(100) User=0.00s Sys=0.00s Real=0.00s
[2024-10-11T04:34:54.415+0800][info] GC(101) Pause Young (Concurrent Start) (G1 Evacuation Pause)
[2024-10-11T04:34:54.415+0800][info] GC(101) Using 3 workers of 48 for evacuation
[2024-10-11T04:34:54.416+0800][info] GC(101)   Pre Evacuate Collection Set: 0.1ms
[2024-10-11T04:34:54.416+0800][info] GC(101)   Merge Heap Roots: 0.0ms
[2024-10-11T04:34:54.416+0800][info] GC(101)   Evacuate Collection Set: 0.7ms
[2024-10-11T04:34:54.416+0800][info] GC(101)   Post Evacuate Collection Set: 0.2ms
[2024-10-11T04:34:54.416+0800][info] GC(101)   Other: 0.4ms
[2024-10-11T04:34:54.416+0800][info] GC(101) Eden regions: 2->0(2)
[2024-10-11T04:34:54.416+0800][info] GC(101) Survivor regions: 1->1(1)
[2024-10-11T04:34:54.416+0800][info] GC(101) Old regions: 45->47
[2024-10-11T04:34:54.416+0800][info] GC(101) Archive regions: 2->2
[2024-10-11T04:34:54.416+0800][info] GC(101) Humongous regions: 4->4
[2024-10-11T04:34:54.416+0800][info] GC(101) Metaspace: 1568K(1728K)->1568K(1728K) NonClass: 1444K(1536K)->1444K(1536K) Class: 124K(192K)->124K(192K)
[2024-10-11T04:34:54.416+0800][info] GC(101) Pause Young (Concurrent Start) (G1 Evacuation Pause) 93M->93M(128M) 1.497ms
[2024-10-11T04:34:54.416+0800][info] GC(101) User=0.01s Sys=0.00s Real=0.00s
[2024-10-11T04:34:54.416+0800][info] GC(102) Concurrent Mark Cycle
[2024-10-11T04:34:54.416+0800][info] GC(102) Concurrent Clear Claimed Marks
[2024-10-11T04:34:54.416+0800][info] GC(102) Concurrent Clear Claimed Marks 0.015ms
[2024-10-11T04:34:54.417+0800][info] GC(102) Concurrent Scan Root Regions
[2024-10-11T04:34:54.417+0800][info] GC(102) Concurrent Scan Root Regions 0.102ms
[2024-10-11T04:34:54.417+0800][info] GC(102) Concurrent Mark
[2024-10-11T04:34:54.417+0800][info] GC(102) Concurrent Mark From Roots
[2024-10-11T04:34:54.417+0800][info] GC(102) Using 12 workers of 12 for marking
[2024-10-11T04:34:54.421+0800][info] GC(102) Concurrent Mark From Roots 4.102ms
[2024-10-11T04:34:54.421+0800][info] GC(102) Concurrent Preclean
[2024-10-11T04:34:54.422+0800][info] GC(102) Concurrent Preclean 1.678ms
[2024-10-11T04:34:54.423+0800][info] GC(102) Pause Remark
[2024-10-11T04:34:54.424+0800][info] GC(102) Pause Remark 93M->91M(128M) 1.294ms
[2024-10-11T04:34:54.424+0800][info] GC(102) User=0.00s Sys=0.00s Real=0.00s
[2024-10-11T04:34:54.424+0800][info] GC(102) Concurrent Mark 7.306ms
[2024-10-11T04:34:54.424+0800][info] GC(102) Concurrent Rebuild Remembered Sets
[2024-10-11T04:34:54.425+0800][info] GC(102) Concurrent Rebuild Remembered Sets 1.382ms
[2024-10-11T04:34:54.425+0800][info] GC(102) Pause Cleanup
[2024-10-11T04:34:54.426+0800][info] GC(102) Pause Cleanup 91M->91M(128M) 0.166ms
[2024-10-11T04:34:54.426+0800][info] GC(102) User=0.00s Sys=0.00s Real=0.00s
[2024-10-11T04:34:54.426+0800][info] GC(102) Concurrent Cleanup for Next Mark
[2024-10-11T04:34:54.426+0800][info] GC(102) Concurrent Cleanup for Next Mark 0.380ms
[2024-10-11T04:34:54.426+0800][info] GC(102) Concurrent Mark Cycle 9.595ms
[2024-10-11T04:34:54.570+0800][info] GC(103) Pause Young (Prepare Mixed) (G1 Evacuation Pause)
[2024-10-11T04:34:54.570+0800][info] GC(103) Using 3 workers of 48 for evacuation
[2024-10-11T04:34:54.571+0800][info] GC(103)   Pre Evacuate Collection Set: 0.1ms
[2024-10-11T04:34:54.571+0800][info] GC(103)   Merge Heap Roots: 0.1ms
[2024-10-11T04:34:54.571+0800][info] GC(103)   Evacuate Collection Set: 0.8ms
[2024-10-11T04:34:54.571+0800][info] GC(103)   Post Evacuate Collection Set: 0.2ms
[2024-10-11T04:34:54.571+0800][info] GC(103)   Other: 0.2ms
[2024-10-11T04:34:54.571+0800][info] GC(103) Eden regions: 2->0(2)
[2024-10-11T04:34:54.571+0800][info] GC(103) Survivor regions: 1->1(1)
[2024-10-11T04:34:54.571+0800][info] GC(103) Old regions: 47->49
[2024-10-11T04:34:54.571+0800][info] GC(103) Archive regions: 2->2
[2024-10-11T04:34:54.571+0800][info] GC(103) Humongous regions: 3->3
[2024-10-11T04:34:54.571+0800][info] GC(103) Metaspace: 1568K(1728K)->1568K(1728K) NonClass: 1444K(1536K)->1444K(1536K) Class: 124K(192K)->124K(192K)
[2024-10-11T04:34:54.571+0800][info] GC(103) Pause Young (Prepare Mixed) (G1 Evacuation Pause) 94M->95M(128M) 1.486ms
[2024-10-11T04:34:54.571+0800][info] GC(103) User=0.00s Sys=0.00s Real=0.00s
[2024-10-11T04:34:54.674+0800][info] GC(104) Pause Young (Mixed) (G1 Evacuation Pause)
[2024-10-11T04:34:54.674+0800][info] GC(104) Using 3 workers of 48 for evacuation
[2024-10-11T04:34:54.676+0800][info] GC(104)   Pre Evacuate Collection Set: 0.2ms
[2024-10-11T04:34:54.676+0800][info] GC(104)   Merge Heap Roots: 0.1ms
[2024-10-11T04:34:54.676+0800][info] GC(104)   Evacuate Collection Set: 1.7ms
[2024-10-11T04:34:54.676+0800][info] GC(104)   Post Evacuate Collection Set: 0.2ms
[2024-10-11T04:34:54.676+0800][info] GC(104)   Other: 0.2ms
[2024-10-11T04:34:54.676+0800][info] GC(104) Eden regions: 2->0(2)
[2024-10-11T04:34:54.676+0800][info] GC(104) Survivor regions: 1->1(1)
[2024-10-11T04:34:54.676+0800][info] GC(104) Old regions: 49->47
[2024-10-11T04:34:54.676+0800][info] GC(104) Archive regions: 2->2
[2024-10-11T04:34:54.676+0800][info] GC(104) Humongous regions: 3->3
[2024-10-11T04:34:54.676+0800][info] GC(104) Metaspace: 1568K(1728K)->1568K(1728K) NonClass: 1444K(1536K)->1444K(1536K) Class: 124K(192K)->124K(192K)
[2024-10-11T04:34:54.676+0800][info] GC(104) Pause Young (Mixed) (G1 Evacuation Pause) 98M->94M(128M) 2.422ms
[2024-10-11T04:34:54.676+0800][info] GC(104) User=0.01s Sys=0.00s Real=0.00s
[2024-10-11T04:34:54.778+0800][info] GC(105) Pause Young (Mixed) (G1 Evacuation Pause)
[2024-10-11T04:34:54.778+0800][info] GC(105) Using 3 workers of 48 for evacuation
[2024-10-11T04:34:54.781+0800][info] GC(105)   Pre Evacuate Collection Set: 0.2ms
[2024-10-11T04:34:54.781+0800][info] GC(105)   Merge Heap Roots: 0.1ms
[2024-10-11T04:34:54.781+0800][info] GC(105)   Evacuate Collection Set: 1.7ms
[2024-10-11T04:34:54.781+0800][info] GC(105)   Post Evacuate Collection Set: 0.2ms
[2024-10-11T04:34:54.781+0800][info] GC(105)   Other: 0.1ms
[2024-10-11T04:34:54.781+0800][info] GC(105) Eden regions: 2->0(2)
[2024-10-11T04:34:54.781+0800][info] GC(105) Survivor regions: 1->1(1)
[2024-10-11T04:34:54.781+0800][info] GC(105) Old regions: 47->46
[2024-10-11T04:34:54.781+0800][info] GC(105) Archive regions: 2->2
[2024-10-11T04:34:54.781+0800][info] GC(105) Humongous regions: 3->3
[2024-10-11T04:34:54.781+0800][info] GC(105) Metaspace: 1568K(1728K)->1568K(1728K) NonClass: 1444K(1536K)->1444K(1536K) Class: 124K(192K)->124K(192K)
[2024-10-11T04:34:54.781+0800][info] GC(105) Pause Young (Mixed) (G1 Evacuation Pause) 97M->94M(128M) 2.347ms
[2024-10-11T04:34:54.781+0800][info] GC(105) User=0.01s Sys=0.00s Real=0.00s
[2024-10-11T04:34:54.883+0800][info] GC(106) Pause Young (Mixed) (G1 Evacuation Pause)
[2024-10-11T04:34:54.883+0800][info] GC(106) Using 3 workers of 48 for evacuation
[2024-10-11T04:34:54.886+0800][info] GC(106)   Pre Evacuate Collection Set: 0.2ms
[2024-10-11T04:34:54.886+0800][info] GC(106)   Merge Heap Roots: 0.1ms
[2024-10-11T04:34:54.886+0800][info] GC(106)   Evacuate Collection Set: 1.7ms
[2024-10-11T04:34:54.886+0800][info] GC(106)   Post Evacuate Collection Set: 0.2ms
[2024-10-11T04:34:54.886+0800][info] GC(106)   Other: 0.1ms
[2024-10-11T04:34:54.886+0800][info] GC(106) Eden regions: 2->0(2)
[2024-10-11T04:34:54.886+0800][info] GC(106) Survivor regions: 1->1(1)
[2024-10-11T04:34:54.886+0800][info] GC(106) Old regions: 46->46
[2024-10-11T04:34:54.886+0800][info] GC(106) Archive regions: 2->2
[2024-10-11T04:34:54.886+0800][info] GC(106) Humongous regions: 3->3
[2024-10-11T04:34:54.886+0800][info] GC(106) Metaspace: 1570K(1728K)->1570K(1728K) NonClass: 1446K(1536K)->1446K(1536K) Class: 124K(192K)->124K(192K)
[2024-10-11T04:34:54.886+0800][info] GC(106) Pause Young (Mixed) (G1 Evacuation Pause) 98M->95M(128M) 2.455ms
[2024-10-11T04:34:54.886+0800][info] GC(106) User=0.00s Sys=0.00s Real=0.01s
[2024-10-11T04:34:54.988+0800][info] GC(107) Pause Young (Mixed) (G1 Evacuation Pause)
[2024-10-11T04:34:54.988+0800][info] GC(107) Using 3 workers of 48 for evacuation
[2024-10-11T04:34:54.991+0800][info] GC(107)   Pre Evacuate Collection Set: 0.2ms
[2024-10-11T04:34:54.991+0800][info] GC(107)   Merge Heap Roots: 0.1ms
[2024-10-11T04:34:54.991+0800][info] GC(107)   Evacuate Collection Set: 2.2ms
[2024-10-11T04:34:54.991+0800][info] GC(107)   Post Evacuate Collection Set: 0.2ms
[2024-10-11T04:34:54.991+0800][info] GC(107)   Other: 0.1ms
[2024-10-11T04:34:54.991+0800][info] GC(107) Eden regions: 2->0(2)
[2024-10-11T04:34:54.991+0800][info] GC(107) Survivor regions: 1->1(1)
[2024-10-11T04:34:54.991+0800][info] GC(107) Old regions: 46->46
[2024-10-11T04:34:54.991+0800][info] GC(107) Archive regions: 2->2
[2024-10-11T04:34:54.991+0800][info] GC(107) Humongous regions: 3->3
[2024-10-11T04:34:54.991+0800][info] GC(107) Metaspace: 1570K(1728K)->1570K(1728K) NonClass: 1446K(1536K)->1446K(1536K) Class: 124K(192K)->124K(192K)
[2024-10-11T04:34:54.991+0800][info] GC(107) Pause Young (Mixed) (G1 Evacuation Pause) 99M->97M(128M) 2.859ms
[2024-10-11T04:34:54.991+0800][info] GC(107) User=0.01s Sys=0.00s Real=0.00s
[2024-10-11T04:34:55.093+0800][info] GC(108) Pause Young (Mixed) (G1 Evacuation Pause)
[2024-10-11T04:34:55.093+0800][info] GC(108) Using 3 workers of 48 for evacuation
[2024-10-11T04:34:55.095+0800][info] GC(108)   Pre Evacuate Collection Set: 0.2ms
[2024-10-11T04:34:55.095+0800][info] GC(108)   Merge Heap Roots: 0.1ms
[2024-10-11T04:34:55.095+0800][info] GC(108)   Evacuate Collection Set: 1.0ms
[2024-10-11T04:34:55.095+0800][info] GC(108)   Post Evacuate Collection Set: 0.2ms
[2024-10-11T04:34:55.095+0800][info] GC(108)   Other: 0.1ms
[2024-10-11T04:34:55.095+0800][info] GC(108) Eden regions: 2->0(2)
[2024-10-11T04:34:55.095+0800][info] GC(108) Survivor regions: 1->1(1)
[2024-10-11T04:34:55.095+0800][info] GC(108) Old regions: 46->47
[2024-10-11T04:34:55.095+0800][info] GC(108) Archive regions: 2->2
[2024-10-11T04:34:55.095+0800][info] GC(108) Humongous regions: 3->3
[2024-10-11T04:34:55.095+0800][info] GC(108) Metaspace: 1570K(1728K)->1570K(1728K) NonClass: 1446K(1536K)->1446K(1536K) Class: 124K(192K)->124K(192K)
[2024-10-11T04:34:55.095+0800][info] GC(108) Pause Young (Mixed) (G1 Evacuation Pause) 100M->100M(128M) 1.641ms
[2024-10-11T04:34:55.095+0800][info] GC(108) User=0.01s Sys=0.00s Real=0.00s
[2024-10-11T04:34:55.197+0800][info] GC(109) Pause Young (Normal) (G1 Evacuation Pause)
[2024-10-11T04:34:55.197+0800][info] GC(109) Using 3 workers of 48 for evacuation
[2024-10-11T04:34:55.198+0800][info] GC(109)   Pre Evacuate Collection Set: 0.1ms
[2024-10-11T04:34:55.198+0800][info] GC(109)   Merge Heap Roots: 0.0ms
[2024-10-11T04:34:55.198+0800][info] GC(109)   Evacuate Collection Set: 0.7ms
[2024-10-11T04:34:55.198+0800][info] GC(109)   Post Evacuate Collection Set: 0.2ms
[2024-10-11T04:34:55.198+0800][info] GC(109)   Other: 0.2ms
[2024-10-11T04:34:55.198+0800][info] GC(109) Eden regions: 2->0(2)
[2024-10-11T04:34:55.198+0800][info] GC(109) Survivor regions: 1->1(1)
[2024-10-11T04:34:55.198+0800][info] GC(109) Old regions: 47->49
[2024-10-11T04:34:55.198+0800][info] GC(109) Archive regions: 2->2
[2024-10-11T04:34:55.198+0800][info] GC(109) Humongous regions: 3->3
[2024-10-11T04:34:55.198+0800][info] GC(109) Metaspace: 1570K(1728K)->1570K(1728K) NonClass: 1446K(1536K)->1446K(1536K) Class: 124K(192K)->124K(192K)
[2024-10-11T04:34:55.198+0800][info] GC(109) Pause Young (Normal) (G1 Evacuation Pause) 103M->104M(128M) 1.347ms
[2024-10-11T04:34:55.198+0800][info] GC(109) User=0.00s Sys=0.00s Real=0.00s
[2024-10-11T04:34:55.301+0800][info] GC(110) Pause Young (Concurrent Start) (G1 Evacuation Pause)
[2024-10-11T04:34:55.301+0800][info] GC(110) Using 3 workers of 48 for evacuation
[2024-10-11T04:34:55.302+0800][info] GC(110)   Pre Evacuate Collection Set: 0.1ms
[2024-10-11T04:34:55.302+0800][info] GC(110)   Merge Heap Roots: 0.0ms
[2024-10-11T04:34:55.302+0800][info] GC(110)   Evacuate Collection Set: 0.7ms
[2024-10-11T04:34:55.302+0800][info] GC(110)   Post Evacuate Collection Set: 0.2ms
[2024-10-11T04:34:55.302+0800][info] GC(110)   Other: 0.3ms
[2024-10-11T04:34:55.302+0800][info] GC(110) Eden regions: 2->0(2)
[2024-10-11T04:34:55.302+0800][info] GC(110) Survivor regions: 1->1(1)
[2024-10-11T04:34:55.302+0800][info] GC(110) Old regions: 49->51
[2024-10-11T04:34:55.302+0800][info] GC(110) Archive regions: 2->2
[2024-10-11T04:34:55.302+0800][info] GC(110) Humongous regions: 3->3
[2024-10-11T04:34:55.302+0800][info] GC(110) Metaspace: 1570K(1728K)->1570K(1728K) NonClass: 1446K(1536K)->1446K(1536K) Class: 124K(192K)->124K(192K)
[2024-10-11T04:34:55.302+0800][info] GC(110) Pause Young (Concurrent Start) (G1 Evacuation Pause) 107M->107M(128M) 1.487ms
[2024-10-11T04:34:55.302+0800][info] GC(110) User=0.00s Sys=0.00s Real=0.00s
[2024-10-11T04:34:55.303+0800][info] GC(111) Concurrent Mark Cycle
[2024-10-11T04:34:55.303+0800][info] GC(111) Concurrent Clear Claimed Marks
[2024-10-11T04:34:55.303+0800][info] GC(111) Concurrent Clear Claimed Marks 0.015ms
[2024-10-11T04:34:55.303+0800][info] GC(111) Concurrent Scan Root Regions
[2024-10-11T04:34:55.303+0800][info] GC(111) Concurrent Scan Root Regions 0.144ms
[2024-10-11T04:34:55.303+0800][info] GC(111) Concurrent Mark
[2024-10-11T04:34:55.303+0800][info] GC(111) Concurrent Mark From Roots
[2024-10-11T04:34:55.303+0800][info] GC(111) Using 12 workers of 12 for marking
[2024-10-11T04:34:55.307+0800][info] GC(111) Concurrent Mark From Roots 3.880ms
[2024-10-11T04:34:55.307+0800][info] GC(111) Concurrent Preclean
[2024-10-11T04:34:55.308+0800][info] GC(111) Concurrent Preclean 1.668ms
[2024-10-11T04:34:55.308+0800][info] GC(111) Pause Remark
[2024-10-11T04:34:55.310+0800][info] GC(111) Pause Remark 108M->108M(128M) 1.219ms
[2024-10-11T04:34:55.310+0800][info] GC(111) User=0.00s Sys=0.00s Real=0.00s
[2024-10-11T04:34:55.310+0800][info] GC(111) Concurrent Mark 6.933ms
[2024-10-11T04:34:55.310+0800][info] GC(111) Concurrent Rebuild Remembered Sets
[2024-10-11T04:34:55.311+0800][info] GC(111) Concurrent Rebuild Remembered Sets 1.267ms
[2024-10-11T04:34:55.311+0800][info] GC(111) Pause Cleanup
[2024-10-11T04:34:55.311+0800][info] GC(111) Pause Cleanup 108M->108M(128M) 0.187ms
[2024-10-11T04:34:55.311+0800][info] GC(111) User=0.00s Sys=0.00s Real=0.00s
[2024-10-11T04:34:55.311+0800][info] GC(111) Concurrent Cleanup for Next Mark
[2024-10-11T04:34:55.312+0800][info] GC(111) Concurrent Cleanup for Next Mark 0.431ms
[2024-10-11T04:34:55.312+0800][info] GC(111) Concurrent Mark Cycle 9.307ms
[2024-10-11T04:34:55.456+0800][info] GC(112) Pause Young (Prepare Mixed) (G1 Evacuation Pause)
[2024-10-11T04:34:55.456+0800][info] GC(112) Using 3 workers of 48 for evacuation
[2024-10-11T04:34:55.458+0800][info] GC(112)   Pre Evacuate Collection Set: 0.1ms
[2024-10-11T04:34:55.458+0800][info] GC(112)   Merge Heap Roots: 0.0ms
[2024-10-11T04:34:55.458+0800][info] GC(112)   Evacuate Collection Set: 0.9ms
[2024-10-11T04:34:55.458+0800][info] GC(112)   Post Evacuate Collection Set: 0.2ms
[2024-10-11T04:34:55.458+0800][info] GC(112)   Other: 0.2ms
[2024-10-11T04:34:55.458+0800][info] GC(112) Eden regions: 2->0(2)
[2024-10-11T04:34:55.458+0800][info] GC(112) Survivor regions: 1->1(1)
[2024-10-11T04:34:55.458+0800][info] GC(112) Old regions: 51->53
[2024-10-11T04:34:55.458+0800][info] GC(112) Archive regions: 2->2
[2024-10-11T04:34:55.458+0800][info] GC(112) Humongous regions: 3->3
[2024-10-11T04:34:55.458+0800][info] GC(112) Metaspace: 1570K(1728K)->1570K(1728K) NonClass: 1446K(1536K)->1446K(1536K) Class: 124K(192K)->124K(192K)
[2024-10-11T04:34:55.458+0800][info] GC(112) Pause Young (Prepare Mixed) (G1 Evacuation Pause) 111M->111M(128M) 1.507ms
[2024-10-11T04:34:55.458+0800][info] GC(112) User=0.01s Sys=0.00s Real=0.00s
[2024-10-11T04:34:55.519+0800][info] GC(113) Pause Young (Mixed) (G1 Preventive Collection)
[2024-10-11T04:34:55.519+0800][info] GC(113) Using 3 workers of 48 for evacuation
[2024-10-11T04:34:55.521+0800][info] GC(113) To-space exhausted
[2024-10-11T04:34:55.521+0800][info] GC(113)   Pre Evacuate Collection Set: 0.2ms
[2024-10-11T04:34:55.521+0800][info] GC(113)   Merge Heap Roots: 0.1ms
[2024-10-11T04:34:55.521+0800][info] GC(113)   Evacuate Collection Set: 1.1ms
[2024-10-11T04:34:55.521+0800][info] GC(113)   Post Evacuate Collection Set: 0.2ms
[2024-10-11T04:34:55.521+0800][info] GC(113)   Other: 0.2ms
[2024-10-11T04:34:55.521+0800][info] GC(113) Eden regions: 1->0(2)
[2024-10-11T04:34:55.521+0800][info] GC(113) Survivor regions: 1->1(1)
[2024-10-11T04:34:55.521+0800][info] GC(113) Old regions: 53->50
[2024-10-11T04:34:55.521+0800][info] GC(113) Archive regions: 2->2
[2024-10-11T04:34:55.521+0800][info] GC(113) Humongous regions: 3->3
[2024-10-11T04:34:55.521+0800][info] GC(113) Metaspace: 1570K(1728K)->1570K(1728K) NonClass: 1446K(1536K)->1446K(1536K) Class: 124K(192K)->124K(192K)
[2024-10-11T04:34:55.521+0800][info] GC(113) Pause Young (Mixed) (G1 Preventive Collection) 113M->106M(128M) 1.872ms
[2024-10-11T04:34:55.521+0800][info] GC(113) User=0.00s Sys=0.00s Real=0.00s
[2024-10-11T04:34:55.624+0800][info] GC(114) Pause Young (Mixed) (G1 Preventive Collection)
[2024-10-11T04:34:55.624+0800][info] GC(114) Using 3 workers of 48 for evacuation
[2024-10-11T04:34:55.626+0800][info] GC(114) To-space exhausted
[2024-10-11T04:34:55.626+0800][info] GC(114)   Pre Evacuate Collection Set: 0.2ms
[2024-10-11T04:34:55.626+0800][info] GC(114)   Merge Heap Roots: 0.1ms
[2024-10-11T04:34:55.626+0800][info] GC(114)   Evacuate Collection Set: 1.5ms
[2024-10-11T04:34:55.626+0800][info] GC(114)   Post Evacuate Collection Set: 0.2ms
[2024-10-11T04:34:55.626+0800][info] GC(114)   Other: 0.1ms
[2024-10-11T04:34:55.626+0800][info] GC(114) Eden regions: 2->0(2)
[2024-10-11T04:34:55.626+0800][info] GC(114) Survivor regions: 1->1(1)
[2024-10-11T04:34:55.626+0800][info] GC(114) Old regions: 50->53
[2024-10-11T04:34:55.626+0800][info] GC(114) Archive regions: 2->2
[2024-10-11T04:34:55.626+0800][info] GC(114) Humongous regions: 3->3
[2024-10-11T04:34:55.626+0800][info] GC(114) Metaspace: 1570K(1728K)->1570K(1728K) NonClass: 1446K(1536K)->1446K(1536K) Class: 124K(192K)->124K(192K)
[2024-10-11T04:34:55.626+0800][info] GC(114) Pause Young (Mixed) (G1 Preventive Collection) 110M->113M(128M) 2.213ms
[2024-10-11T04:34:55.626+0800][info] GC(114) User=0.01s Sys=0.00s Real=0.01s
[2024-10-11T04:34:55.688+0800][info] GC(115) Pause Young (Mixed) (G1 Preventive Collection)
[2024-10-11T04:34:55.688+0800][info] GC(115) Using 3 workers of 48 for evacuation
[2024-10-11T04:34:55.690+0800][info] GC(115) To-space exhausted
[2024-10-11T04:34:55.690+0800][info] GC(115)   Pre Evacuate Collection Set: 0.2ms
[2024-10-11T04:34:55.690+0800][info] GC(115)   Merge Heap Roots: 0.1ms
[2024-10-11T04:34:55.690+0800][info] GC(115)   Evacuate Collection Set: 1.3ms
[2024-10-11T04:34:55.690+0800][info] GC(115)   Post Evacuate Collection Set: 0.6ms
[2024-10-11T04:34:55.690+0800][info] GC(115)   Other: 0.2ms
[2024-10-11T04:34:55.690+0800][info] GC(115) Eden regions: 1->0(2)
[2024-10-11T04:34:55.690+0800][info] GC(115) Survivor regions: 1->1(1)
[2024-10-11T04:34:55.690+0800][info] GC(115) Old regions: 53->56
[2024-10-11T04:34:55.690+0800][info] GC(115) Archive regions: 2->2
[2024-10-11T04:34:55.690+0800][info] GC(115) Humongous regions: 3->3
[2024-10-11T04:34:55.690+0800][info] GC(115) Metaspace: 1570K(1728K)->1570K(1728K) NonClass: 1446K(1536K)->1446K(1536K) Class: 124K(192K)->124K(192K)
[2024-10-11T04:34:55.690+0800][info] GC(115) Pause Young (Mixed) (G1 Preventive Collection) 115M->118M(128M) 2.403ms
[2024-10-11T04:34:55.690+0800][info] GC(115) User=0.01s Sys=0.00s Real=0.00s
[2024-10-11T04:34:55.731+0800][info] GC(116) Pause Young (Mixed) (G1 Preventive Collection)
[2024-10-11T04:34:55.731+0800][info] GC(116) Using 3 workers of 48 for evacuation
[2024-10-11T04:34:55.732+0800][info] GC(116) To-space exhausted
[2024-10-11T04:34:55.732+0800][info] GC(116)   Pre Evacuate Collection Set: 0.2ms
[2024-10-11T04:34:55.732+0800][info] GC(116)   Merge Heap Roots: 0.1ms
[2024-10-11T04:34:55.732+0800][info] GC(116)   Evacuate Collection Set: 0.6ms
[2024-10-11T04:34:55.732+0800][info] GC(116)   Post Evacuate Collection Set: 0.3ms
[2024-10-11T04:34:55.732+0800][info] GC(116)   Other: 0.2ms
[2024-10-11T04:34:55.732+0800][info] GC(116) Eden regions: 1->0(2)
[2024-10-11T04:34:55.732+0800][info] GC(116) Survivor regions: 1->1(1)
[2024-10-11T04:34:55.732+0800][info] GC(116) Old regions: 56->57
[2024-10-11T04:34:55.732+0800][info] GC(116) Archive regions: 2->2
[2024-10-11T04:34:55.732+0800][info] GC(116) Humongous regions: 3->3
[2024-10-11T04:34:55.732+0800][info] GC(116) Metaspace: 1570K(1728K)->1570K(1728K) NonClass: 1446K(1536K)->1446K(1536K) Class: 124K(192K)->124K(192K)
[2024-10-11T04:34:55.732+0800][info] GC(116) Pause Young (Mixed) (G1 Preventive Collection) 120M->120M(128M) 1.461ms
[2024-10-11T04:34:55.733+0800][info] GC(116) User=0.00s Sys=0.00s Real=0.00s
[2024-10-11T04:34:55.795+0800][info] GC(117) Pause Young (Mixed) (G1 Evacuation Pause)
[2024-10-11T04:34:55.795+0800][info] GC(117) Using 3 workers of 48 for evacuation
[2024-10-11T04:34:55.797+0800][info] GC(117) To-space exhausted
[2024-10-11T04:34:55.797+0800][info] GC(117)   Pre Evacuate Collection Set: 0.2ms
[2024-10-11T04:34:55.797+0800][info] GC(117)   Merge Heap Roots: 0.1ms
[2024-10-11T04:34:55.797+0800][info] GC(117)   Evacuate Collection Set: 0.9ms
[2024-10-11T04:34:55.797+0800][info] GC(117)   Post Evacuate Collection Set: 1.2ms
[2024-10-11T04:34:55.797+0800][info] GC(117)   Other: 0.2ms
[2024-10-11T04:34:55.797+0800][info] GC(117) Eden regions: 1->0(3)
[2024-10-11T04:34:55.797+0800][info] GC(117) Survivor regions: 1->0(0)
[2024-10-11T04:34:55.797+0800][info] GC(117) Old regions: 57->59
[2024-10-11T04:34:55.797+0800][info] GC(117) Archive regions: 2->2
[2024-10-11T04:34:55.797+0800][info] GC(117) Humongous regions: 3->3
[2024-10-11T04:34:55.797+0800][info] GC(117) Metaspace: 1582K(1792K)->1582K(1792K) NonClass: 1458K(1600K)->1458K(1600K) Class: 124K(192K)->124K(192K)
[2024-10-11T04:34:55.797+0800][info] GC(117) Pause Young (Mixed) (G1 Evacuation Pause) 122M->122M(128M) 2.658ms
[2024-10-11T04:34:55.797+0800][info] GC(117) User=0.01s Sys=0.00s Real=0.00s
[2024-10-11T04:34:55.797+0800][info] Attempting full compaction
[2024-10-11T04:34:55.797+0800][info] GC(118) Using 3 workers of 48 for full compaction
[2024-10-11T04:34:55.797+0800][info] GC(118) Pause Full (G1 Compaction Pause)
[2024-10-11T04:34:55.798+0800][info] GC(118) Phase 1: Mark live objects
[2024-10-11T04:34:55.801+0800][info] GC(118) Phase 1: Mark live objects 2.988ms
[2024-10-11T04:34:55.801+0800][info] GC(118) Phase 2: Prepare for compaction
[2024-10-11T04:34:55.801+0800][info] GC(118) Phase 2: Prepare for compaction 0.576ms
[2024-10-11T04:34:55.801+0800][info] GC(118) Phase 3: Adjust pointers
[2024-10-11T04:34:55.803+0800][info] GC(118) Phase 3: Adjust pointers 1.403ms
[2024-10-11T04:34:55.803+0800][info] GC(118) Phase 4: Compact heap
[2024-10-11T04:34:55.815+0800][info] GC(118) Phase 4: Compact heap 12.520ms
[2024-10-11T04:34:55.816+0800][info] GC(118) Eden regions: 0->0(4)
[2024-10-11T04:34:55.816+0800][info] GC(118) Survivor regions: 0->0(0)
[2024-10-11T04:34:55.816+0800][info] GC(118) Old regions: 59->38
[2024-10-11T04:34:55.816+0800][info] GC(118) Archive regions: 2->2
[2024-10-11T04:34:55.816+0800][info] GC(118) Humongous regions: 3->3
[2024-10-11T04:34:55.816+0800][info] GC(118) Metaspace: 1582K(1792K)->1582K(1792K) NonClass: 1458K(1600K)->1458K(1600K) Class: 124K(192K)->124K(192K)
[2024-10-11T04:34:55.816+0800][info] GC(118) Pause Full (G1 Compaction Pause) 122M->72M(128M) 19.018ms
[2024-10-11T04:34:55.817+0800][info] GC(118) User=0.04s Sys=0.00s Real=0.02s
[2024-10-11T04:34:56.021+0800][info] GC(119) Pause Young (Normal) (G1 Evacuation Pause)
[2024-10-11T04:34:56.021+0800][info] GC(119) Using 3 workers of 48 for evacuation
[2024-10-11T04:34:56.023+0800][info] GC(119)   Pre Evacuate Collection Set: 0.1ms
[2024-10-11T04:34:56.023+0800][info] GC(119)   Merge Heap Roots: 0.0ms
[2024-10-11T04:34:56.023+0800][info] GC(119)   Evacuate Collection Set: 1.1ms
[2024-10-11T04:34:56.023+0800][info] GC(119)   Post Evacuate Collection Set: 0.2ms
[2024-10-11T04:34:56.023+0800][info] GC(119)   Other: 0.3ms
[2024-10-11T04:34:56.023+0800][info] GC(119) Eden regions: 4->0(2)
[2024-10-11T04:34:56.023+0800][info] GC(119) Survivor regions: 0->1(1)
[2024-10-11T04:34:56.023+0800][info] GC(119) Old regions: 38->41
[2024-10-11T04:34:56.023+0800][info] GC(119) Archive regions: 2->2
[2024-10-11T04:34:56.023+0800][info] GC(119) Humongous regions: 3->3
[2024-10-11T04:34:56.023+0800][info] GC(119) Metaspace: 1582K(1792K)->1582K(1792K) NonClass: 1458K(1600K)->1458K(1600K) Class: 124K(192K)->124K(192K)
[2024-10-11T04:34:56.023+0800][info] GC(119) Pause Young (Normal) (G1 Evacuation Pause) 79M->80M(128M) 1.837ms
[2024-10-11T04:34:56.023+0800][info] GC(119) User=0.01s Sys=0.00s Real=0.00s
[2024-10-11T04:34:56.125+0800][info] GC(120) Pause Young (Normal) (G1 Evacuation Pause)
[2024-10-11T04:34:56.125+0800][info] GC(120) Using 3 workers of 48 for evacuation
[2024-10-11T04:34:56.127+0800][info] GC(120)   Pre Evacuate Collection Set: 0.1ms
[2024-10-11T04:34:56.127+0800][info] GC(120)   Merge Heap Roots: 0.0ms
[2024-10-11T04:34:56.127+0800][info] GC(120)   Evacuate Collection Set: 0.8ms
[2024-10-11T04:34:56.127+0800][info] GC(120)   Post Evacuate Collection Set: 0.2ms
[2024-10-11T04:34:56.127+0800][info] GC(120)   Other: 0.2ms
[2024-10-11T04:34:56.127+0800][info] GC(120) Eden regions: 2->0(2)
[2024-10-11T04:34:56.127+0800][info] GC(120) Survivor regions: 1->1(1)
[2024-10-11T04:34:56.127+0800][info] GC(120) Old regions: 41->43
[2024-10-11T04:34:56.127+0800][info] GC(120) Archive regions: 2->2
[2024-10-11T04:34:56.127+0800][info] GC(120) Humongous regions: 3->3
[2024-10-11T04:34:56.127+0800][info] GC(120) Metaspace: 1582K(1792K)->1582K(1792K) NonClass: 1458K(1600K)->1458K(1600K) Class: 124K(192K)->124K(192K)
[2024-10-11T04:34:56.127+0800][info] GC(120) Pause Young (Normal) (G1 Evacuation Pause) 83M->84M(128M) 1.492ms
[2024-10-11T04:34:56.127+0800][info] GC(120) User=0.00s Sys=0.00s Real=0.00s
[2024-10-11T04:34:56.230+0800][info] GC(121) Pause Young (Normal) (G1 Evacuation Pause)
[2024-10-11T04:34:56.230+0800][info] GC(121) Using 3 workers of 48 for evacuation
[2024-10-11T04:34:56.231+0800][info] GC(121)   Pre Evacuate Collection Set: 0.1ms
[2024-10-11T04:34:56.231+0800][info] GC(121)   Merge Heap Roots: 0.1ms
[2024-10-11T04:34:56.231+0800][info] GC(121)   Evacuate Collection Set: 0.8ms
[2024-10-11T04:34:56.231+0800][info] GC(121)   Post Evacuate Collection Set: 0.2ms
[2024-10-11T04:34:56.231+0800][info] GC(121)   Other: 0.2ms
[2024-10-11T04:34:56.231+0800][info] GC(121) Eden regions: 2->0(2)
[2024-10-11T04:34:56.231+0800][info] GC(121) Survivor regions: 1->1(1)
[2024-10-11T04:34:56.231+0800][info] GC(121) Old regions: 43->45
[2024-10-11T04:34:56.231+0800][info] GC(121) Archive regions: 2->2
[2024-10-11T04:34:56.231+0800][info] GC(121) Humongous regions: 4->4
[2024-10-11T04:34:56.231+0800][info] GC(121) Metaspace: 1582K(1792K)->1582K(1792K) NonClass: 1458K(1600K)->1458K(1600K) Class: 124K(192K)->124K(192K)
[2024-10-11T04:34:56.231+0800][info] GC(121) Pause Young (Normal) (G1 Evacuation Pause) 89M->89M(128M) 1.456ms
[2024-10-11T04:34:56.231+0800][info] GC(121) User=0.00s Sys=0.00s Real=0.00s
[2024-10-11T04:34:56.333+0800][info] GC(122) Pause Young (Concurrent Start) (G1 Evacuation Pause)
[2024-10-11T04:34:56.333+0800][info] GC(122) Using 3 workers of 48 for evacuation
[2024-10-11T04:34:56.335+0800][info] GC(122)   Pre Evacuate Collection Set: 0.1ms
[2024-10-11T04:34:56.335+0800][info] GC(122)   Merge Heap Roots: 0.0ms
[2024-10-11T04:34:56.335+0800][info] GC(122)   Evacuate Collection Set: 0.8ms
[2024-10-11T04:34:56.335+0800][info] GC(122)   Post Evacuate Collection Set: 0.2ms
[2024-10-11T04:34:56.335+0800][info] GC(122)   Other: 0.4ms
[2024-10-11T04:34:56.335+0800][info] GC(122) Eden regions: 2->0(2)
[2024-10-11T04:34:56.335+0800][info] GC(122) Survivor regions: 1->1(1)
[2024-10-11T04:34:56.335+0800][info] GC(122) Old regions: 45->47
[2024-10-11T04:34:56.335+0800][info] GC(122) Archive regions: 2->2
[2024-10-11T04:34:56.335+0800][info] GC(122) Humongous regions: 4->4
[2024-10-11T04:34:56.335+0800][info] GC(122) Metaspace: 1582K(1792K)->1582K(1792K) NonClass: 1458K(1600K)->1458K(1600K) Class: 124K(192K)->124K(192K)
[2024-10-11T04:34:56.335+0800][info] GC(122) Pause Young (Concurrent Start) (G1 Evacuation Pause) 93M->93M(128M) 1.585ms
[2024-10-11T04:34:56.335+0800][info] GC(122) User=0.00s Sys=0.00s Real=0.00s
[2024-10-11T04:34:56.335+0800][info] GC(123) Concurrent Mark Cycle
[2024-10-11T04:34:56.335+0800][info] GC(123) Concurrent Clear Claimed Marks
[2024-10-11T04:34:56.335+0800][info] GC(123) Concurrent Clear Claimed Marks 0.015ms
[2024-10-11T04:34:56.335+0800][info] GC(123) Concurrent Scan Root Regions
[2024-10-11T04:34:56.335+0800][info] GC(123) Concurrent Scan Root Regions 0.105ms
[2024-10-11T04:34:56.335+0800][info] GC(123) Concurrent Mark
[2024-10-11T04:34:56.335+0800][info] GC(123) Concurrent Mark From Roots
[2024-10-11T04:34:56.335+0800][info] GC(123) Using 12 workers of 12 for marking
[2024-10-11T04:34:56.339+0800][info] GC(123) Concurrent Mark From Roots 3.745ms
[2024-10-11T04:34:56.339+0800][info] GC(123) Concurrent Preclean
[2024-10-11T04:34:56.341+0800][info] GC(123) Concurrent Preclean 1.669ms
[2024-10-11T04:34:56.341+0800][info] GC(123) Pause Remark
[2024-10-11T04:34:56.342+0800][info] GC(123) Pause Remark 94M->91M(128M) 1.224ms
[2024-10-11T04:34:56.342+0800][info] GC(123) User=0.00s Sys=0.00s Real=0.00s
[2024-10-11T04:34:56.342+0800][info] GC(123) Concurrent Mark 6.816ms
[2024-10-11T04:34:56.342+0800][info] GC(123) Concurrent Rebuild Remembered Sets
[2024-10-11T04:34:56.343+0800][info] GC(123) Concurrent Rebuild Remembered Sets 1.309ms
[2024-10-11T04:34:56.343+0800][info] GC(123) Pause Cleanup
[2024-10-11T04:34:56.344+0800][info] GC(123) Pause Cleanup 91M->91M(128M) 0.201ms
[2024-10-11T04:34:56.344+0800][info] GC(123) User=0.00s Sys=0.00s Real=0.00s
[2024-10-11T04:34:56.344+0800][info] GC(123) Concurrent Cleanup for Next Mark
[2024-10-11T04:34:56.344+0800][info] GC(123) Concurrent Cleanup for Next Mark 0.427ms
[2024-10-11T04:34:56.344+0800][info] GC(123) Concurrent Mark Cycle 9.237ms
[2024-10-11T04:34:56.488+0800][info] GC(124) Pause Young (Prepare Mixed) (G1 Evacuation Pause)
[2024-10-11T04:34:56.489+0800][info] GC(124) Using 3 workers of 48 for evacuation
[2024-10-11T04:34:56.490+0800][info] GC(124)   Pre Evacuate Collection Set: 0.1ms
[2024-10-11T04:34:56.490+0800][info] GC(124)   Merge Heap Roots: 0.1ms
[2024-10-11T04:34:56.490+0800][info] GC(124)   Evacuate Collection Set: 0.8ms
[2024-10-11T04:34:56.490+0800][info] GC(124)   Post Evacuate Collection Set: 0.2ms
[2024-10-11T04:34:56.490+0800][info] GC(124)   Other: 0.2ms
[2024-10-11T04:34:56.490+0800][info] GC(124) Eden regions: 2->0(2)
[2024-10-11T04:34:56.490+0800][info] GC(124) Survivor regions: 1->1(1)
[2024-10-11T04:34:56.490+0800][info] GC(124) Old regions: 46->48
[2024-10-11T04:34:56.490+0800][info] GC(124) Archive regions: 2->2
[2024-10-11T04:34:56.490+0800][info] GC(124) Humongous regions: 3->3
[2024-10-11T04:34:56.490+0800][info] GC(124) Metaspace: 1582K(1792K)->1582K(1792K) NonClass: 1458K(1600K)->1458K(1600K) Class: 124K(192K)->124K(192K)
[2024-10-11T04:34:56.490+0800][info] GC(124) Pause Young (Prepare Mixed) (G1 Evacuation Pause) 94M->95M(128M) 1.540ms
[2024-10-11T04:34:56.490+0800][info] GC(124) User=0.01s Sys=0.00s Real=0.00s
[2024-10-11T04:34:56.592+0800][info] GC(125) Pause Young (Mixed) (G1 Evacuation Pause)
[2024-10-11T04:34:56.592+0800][info] GC(125) Using 3 workers of 48 for evacuation
[2024-10-11T04:34:56.594+0800][info] GC(125)   Pre Evacuate Collection Set: 0.2ms
[2024-10-11T04:34:56.594+0800][info] GC(125)   Merge Heap Roots: 0.1ms
[2024-10-11T04:34:56.594+0800][info] GC(125)   Evacuate Collection Set: 1.5ms
[2024-10-11T04:34:56.594+0800][info] GC(125)   Post Evacuate Collection Set: 0.2ms
[2024-10-11T04:34:56.594+0800][info] GC(125)   Other: 0.2ms
[2024-10-11T04:34:56.594+0800][info] GC(125) Eden regions: 2->0(2)
[2024-10-11T04:34:56.594+0800][info] GC(125) Survivor regions: 1->1(1)
[2024-10-11T04:34:56.594+0800][info] GC(125) Old regions: 48->47
[2024-10-11T04:34:56.594+0800][info] GC(125) Archive regions: 2->2
[2024-10-11T04:34:56.594+0800][info] GC(125) Humongous regions: 3->3
[2024-10-11T04:34:56.594+0800][info] GC(125) Metaspace: 1582K(1792K)->1582K(1792K) NonClass: 1458K(1600K)->1458K(1600K) Class: 124K(192K)->124K(192K)
[2024-10-11T04:34:56.594+0800][info] GC(125) Pause Young (Mixed) (G1 Evacuation Pause) 98M->94M(128M) 2.216ms
[2024-10-11T04:34:56.594+0800][info] GC(125) User=0.00s Sys=0.00s Real=0.01s
[2024-10-11T04:34:56.697+0800][info] GC(126) Pause Young (Mixed) (G1 Evacuation Pause)
[2024-10-11T04:34:56.697+0800][info] GC(126) Using 3 workers of 48 for evacuation
[2024-10-11T04:34:56.699+0800][info] GC(126)   Pre Evacuate Collection Set: 0.2ms
[2024-10-11T04:34:56.699+0800][info] GC(126)   Merge Heap Roots: 0.1ms
[2024-10-11T04:34:56.699+0800][info] GC(126)   Evacuate Collection Set: 1.7ms
[2024-10-11T04:34:56.699+0800][info] GC(126)   Post Evacuate Collection Set: 0.2ms
[2024-10-11T04:34:56.699+0800][info] GC(126)   Other: 0.1ms
[2024-10-11T04:34:56.699+0800][info] GC(126) Eden regions: 2->0(2)
[2024-10-11T04:34:56.699+0800][info] GC(126) Survivor regions: 1->1(1)
[2024-10-11T04:34:56.699+0800][info] GC(126) Old regions: 47->46
[2024-10-11T04:34:56.699+0800][info] GC(126) Archive regions: 2->2
[2024-10-11T04:34:56.699+0800][info] GC(126) Humongous regions: 3->3
[2024-10-11T04:34:56.699+0800][info] GC(126) Metaspace: 1582K(1792K)->1582K(1792K) NonClass: 1458K(1600K)->1458K(1600K) Class: 124K(192K)->124K(192K)
[2024-10-11T04:34:56.699+0800][info] GC(126) Pause Young (Mixed) (G1 Evacuation Pause) 98M->94M(128M) 2.337ms
[2024-10-11T04:34:56.699+0800][info] GC(126) User=0.00s Sys=0.00s Real=0.00s
[2024-10-11T04:34:56.801+0800][info] GC(127) Pause Young (Mixed) (G1 Evacuation Pause)
[2024-10-11T04:34:56.801+0800][info] GC(127) Using 3 workers of 48 for evacuation
[2024-10-11T04:34:56.804+0800][info] GC(127)   Pre Evacuate Collection Set: 0.1ms
[2024-10-11T04:34:56.804+0800][info] GC(127)   Merge Heap Roots: 0.1ms
[2024-10-11T04:34:56.804+0800][info] GC(127)   Evacuate Collection Set: 2.1ms
[2024-10-11T04:34:56.804+0800][info] GC(127)   Post Evacuate Collection Set: 0.2ms
[2024-10-11T04:34:56.804+0800][info] GC(127)   Other: 0.2ms
[2024-10-11T04:34:56.804+0800][info] GC(127) Eden regions: 2->0(2)
[2024-10-11T04:34:56.804+0800][info] GC(127) Survivor regions: 1->1(1)
[2024-10-11T04:34:56.804+0800][info] GC(127) Old regions: 46->45
[2024-10-11T04:34:56.804+0800][info] GC(127) Archive regions: 2->2
[2024-10-11T04:34:56.804+0800][info] GC(127) Humongous regions: 3->3
[2024-10-11T04:34:56.804+0800][info] GC(127) Metaspace: 1582K(1792K)->1582K(1792K) NonClass: 1458K(1600K)->1458K(1600K) Class: 124K(192K)->124K(192K)
[2024-10-11T04:34:56.804+0800][info] GC(127) Pause Young (Mixed) (G1 Evacuation Pause) 97M->95M(128M) 2.717ms
[2024-10-11T04:34:56.804+0800][info] GC(127) User=0.01s Sys=0.00s Real=0.00s
[2024-10-11T04:34:56.907+0800][info] GC(128) Pause Young (Mixed) (G1 Evacuation Pause)
[2024-10-11T04:34:56.907+0800][info] GC(128) Using 3 workers of 48 for evacuation
[2024-10-11T04:34:56.909+0800][info] GC(128)   Pre Evacuate Collection Set: 0.1ms
[2024-10-11T04:34:56.909+0800][info] GC(128)   Merge Heap Roots: 0.1ms
[2024-10-11T04:34:56.909+0800][info] GC(128)   Evacuate Collection Set: 1.7ms
[2024-10-11T04:34:56.909+0800][info] GC(128)   Post Evacuate Collection Set: 0.2ms
[2024-10-11T04:34:56.909+0800][info] GC(128)   Other: 0.1ms
[2024-10-11T04:34:56.909+0800][info] GC(128) Eden regions: 2->0(2)
[2024-10-11T04:34:56.909+0800][info] GC(128) Survivor regions: 1->1(1)
[2024-10-11T04:34:56.909+0800][info] GC(128) Old regions: 45->46
[2024-10-11T04:34:56.909+0800][info] GC(128) Archive regions: 2->2
[2024-10-11T04:34:56.909+0800][info] GC(128) Humongous regions: 3->3
[2024-10-11T04:34:56.909+0800][info] GC(128) Metaspace: 1586K(1792K)->1586K(1792K) NonClass: 1462K(1600K)->1462K(1600K) Class: 124K(192K)->124K(192K)
[2024-10-11T04:34:56.909+0800][info] GC(128) Pause Young (Mixed) (G1 Evacuation Pause) 98M->98M(128M) 2.347ms
[2024-10-11T04:34:56.909+0800][info] GC(128) User=0.00s Sys=0.00s Real=0.00s
[2024-10-11T04:34:57.011+0800][info] GC(129) Pause Young (Normal) (G1 Evacuation Pause)
[2024-10-11T04:34:57.011+0800][info] GC(129) Using 3 workers of 48 for evacuation
[2024-10-11T04:34:57.012+0800][info] GC(129)   Pre Evacuate Collection Set: 0.1ms
[2024-10-11T04:34:57.012+0800][info] GC(129)   Merge Heap Roots: 0.0ms
[2024-10-11T04:34:57.012+0800][info] GC(129)   Evacuate Collection Set: 0.7ms
[2024-10-11T04:34:57.012+0800][info] GC(129)   Post Evacuate Collection Set: 0.2ms
[2024-10-11T04:34:57.012+0800][info] GC(129)   Other: 0.2ms
[2024-10-11T04:34:57.012+0800][info] GC(129) Eden regions: 2->0(2)
[2024-10-11T04:34:57.012+0800][info] GC(129) Survivor regions: 1->1(1)
[2024-10-11T04:34:57.012+0800][info] GC(129) Old regions: 46->48
[2024-10-11T04:34:57.012+0800][info] GC(129) Archive regions: 2->2
[2024-10-11T04:34:57.012+0800][info] GC(129) Humongous regions: 3->3
[2024-10-11T04:34:57.012+0800][info] GC(129) Metaspace: 1586K(1792K)->1586K(1792K) NonClass: 1462K(1600K)->1462K(1600K) Class: 124K(192K)->124K(192K)
[2024-10-11T04:34:57.012+0800][info] GC(129) Pause Young (Normal) (G1 Evacuation Pause) 101M->102M(128M) 1.290ms
[2024-10-11T04:34:57.012+0800][info] GC(129) User=0.00s Sys=0.00s Real=0.00s
[2024-10-11T04:34:57.115+0800][info] GC(130) Pause Young (Normal) (G1 Evacuation Pause)
[2024-10-11T04:34:57.115+0800][info] GC(130) Using 3 workers of 48 for evacuation
[2024-10-11T04:34:57.116+0800][info] GC(130)   Pre Evacuate Collection Set: 0.1ms
[2024-10-11T04:34:57.116+0800][info] GC(130)   Merge Heap Roots: 0.0ms
[2024-10-11T04:34:57.116+0800][info] GC(130)   Evacuate Collection Set: 0.7ms
[2024-10-11T04:34:57.116+0800][info] GC(130)   Post Evacuate Collection Set: 0.2ms
[2024-10-11T04:34:57.116+0800][info] GC(130)   Other: 0.2ms
[2024-10-11T04:34:57.116+0800][info] GC(130) Eden regions: 2->0(2)
[2024-10-11T04:34:57.116+0800][info] GC(130) Survivor regions: 1->1(1)
[2024-10-11T04:34:57.116+0800][info] GC(130) Old regions: 48->50
[2024-10-11T04:34:57.116+0800][info] GC(130) Archive regions: 2->2
[2024-10-11T04:34:57.116+0800][info] GC(130) Humongous regions: 3->3
[2024-10-11T04:34:57.116+0800][info] GC(130) Metaspace: 1586K(1792K)->1586K(1792K) NonClass: 1462K(1600K)->1462K(1600K) Class: 124K(192K)->124K(192K)
[2024-10-11T04:34:57.116+0800][info] GC(130) Pause Young (Normal) (G1 Evacuation Pause) 105M->106M(128M) 1.285ms
[2024-10-11T04:34:57.116+0800][info] GC(130) User=0.00s Sys=0.00s Real=0.00s
[2024-10-11T04:34:57.218+0800][info] GC(131) Pause Young (Concurrent Start) (G1 Evacuation Pause)
[2024-10-11T04:34:57.218+0800][info] GC(131) Using 3 workers of 48 for evacuation
[2024-10-11T04:34:57.219+0800][info] GC(131)   Pre Evacuate Collection Set: 0.1ms
[2024-10-11T04:34:57.219+0800][info] GC(131)   Merge Heap Roots: 0.0ms
[2024-10-11T04:34:57.219+0800][info] GC(131)   Evacuate Collection Set: 0.8ms
[2024-10-11T04:34:57.219+0800][info] GC(131)   Post Evacuate Collection Set: 0.2ms
[2024-10-11T04:34:57.219+0800][info] GC(131)   Other: 0.3ms
[2024-10-11T04:34:57.219+0800][info] GC(131) Eden regions: 2->0(2)
[2024-10-11T04:34:57.219+0800][info] GC(131) Survivor regions: 1->1(1)
[2024-10-11T04:34:57.219+0800][info] GC(131) Old regions: 50->52
[2024-10-11T04:34:57.219+0800][info] GC(131) Archive regions: 2->2
[2024-10-11T04:34:57.219+0800][info] GC(131) Humongous regions: 3->3
[2024-10-11T04:34:57.219+0800][info] GC(131) Metaspace: 1586K(1792K)->1586K(1792K) NonClass: 1462K(1600K)->1462K(1600K) Class: 124K(192K)->124K(192K)
[2024-10-11T04:34:57.219+0800][info] GC(131) Pause Young (Concurrent Start) (G1 Evacuation Pause) 109M->109M(128M) 1.517ms
[2024-10-11T04:34:57.219+0800][info] GC(131) User=0.01s Sys=0.00s Real=0.00s
[2024-10-11T04:34:57.219+0800][info] GC(132) Concurrent Mark Cycle
[2024-10-11T04:34:57.219+0800][info] GC(132) Concurrent Clear Claimed Marks
[2024-10-11T04:34:57.219+0800][info] GC(132) Concurrent Clear Claimed Marks 0.015ms
[2024-10-11T04:34:57.219+0800][info] GC(132) Concurrent Scan Root Regions
[2024-10-11T04:34:57.219+0800][info] GC(132) Concurrent Scan Root Regions 0.102ms
[2024-10-11T04:34:57.219+0800][info] GC(132) Concurrent Mark
[2024-10-11T04:34:57.220+0800][info] GC(132) Concurrent Mark From Roots
[2024-10-11T04:34:57.220+0800][info] GC(132) Using 12 workers of 12 for marking
[2024-10-11T04:34:57.223+0800][info] GC(132) Concurrent Mark From Roots 3.882ms
[2024-10-11T04:34:57.223+0800][info] GC(132) Concurrent Preclean
[2024-10-11T04:34:57.225+0800][info] GC(132) Concurrent Preclean 1.692ms
[2024-10-11T04:34:57.225+0800][info] GC(132) Pause Remark
[2024-10-11T04:34:57.226+0800][info] GC(132) Pause Remark 110M->108M(128M) 1.309ms
[2024-10-11T04:34:57.227+0800][info] GC(132) User=0.00s Sys=0.00s Real=0.00s
[2024-10-11T04:34:57.227+0800][info] GC(132) Concurrent Mark 7.085ms
[2024-10-11T04:34:57.227+0800][info] GC(132) Concurrent Rebuild Remembered Sets
[2024-10-11T04:34:57.228+0800][info] GC(132) Concurrent Rebuild Remembered Sets 1.247ms
[2024-10-11T04:34:57.228+0800][info] GC(132) Pause Cleanup
[2024-10-11T04:34:57.228+0800][info] GC(132) Pause Cleanup 108M->108M(128M) 0.195ms
[2024-10-11T04:34:57.228+0800][info] GC(132) User=0.00s Sys=0.00s Real=0.00s
[2024-10-11T04:34:57.228+0800][info] GC(132) Concurrent Cleanup for Next Mark
[2024-10-11T04:34:57.229+0800][info] GC(132) Concurrent Cleanup for Next Mark 0.363ms
[2024-10-11T04:34:57.229+0800][info] GC(132) Concurrent Mark Cycle 9.341ms
[2024-10-11T04:34:57.373+0800][info] GC(133) Pause Young (Prepare Mixed) (G1 Evacuation Pause)
[2024-10-11T04:34:57.373+0800][info] GC(133) Using 3 workers of 48 for evacuation
[2024-10-11T04:34:57.374+0800][info] GC(133)   Pre Evacuate Collection Set: 0.1ms
[2024-10-11T04:34:57.374+0800][info] GC(133)   Merge Heap Roots: 0.1ms
[2024-10-11T04:34:57.374+0800][info] GC(133)   Evacuate Collection Set: 0.7ms
[2024-10-11T04:34:57.374+0800][info] GC(133)   Post Evacuate Collection Set: 0.2ms
[2024-10-11T04:34:57.374+0800][info] GC(133)   Other: 0.2ms
[2024-10-11T04:34:57.374+0800][info] GC(133) Eden regions: 2->0(2)
[2024-10-11T04:34:57.374+0800][info] GC(133) Survivor regions: 1->1(1)
[2024-10-11T04:34:57.374+0800][info] GC(133) Old regions: 51->53
[2024-10-11T04:34:57.374+0800][info] GC(133) Archive regions: 2->2
[2024-10-11T04:34:57.374+0800][info] GC(133) Humongous regions: 3->3
[2024-10-11T04:34:57.375+0800][info] GC(133) Metaspace: 1587K(1792K)->1587K(1792K) NonClass: 1463K(1600K)->1463K(1600K) Class: 124K(192K)->124K(192K)
[2024-10-11T04:34:57.375+0800][info] GC(133) Pause Young (Prepare Mixed) (G1 Evacuation Pause) 111M->112M(128M) 1.296ms
[2024-10-11T04:34:57.375+0800][info] GC(133) User=0.00s Sys=0.00s Real=0.00s
[2024-10-11T04:34:57.436+0800][info] GC(134) Pause Young (Mixed) (G1 Preventive Collection)
[2024-10-11T04:34:57.436+0800][info] GC(134) Using 3 workers of 48 for evacuation
[2024-10-11T04:34:57.437+0800][info] GC(134)   Pre Evacuate Collection Set: 0.1ms
[2024-10-11T04:34:57.437+0800][info] GC(134)   Merge Heap Roots: 0.1ms
[2024-10-11T04:34:57.437+0800][info] GC(134)   Evacuate Collection Set: 0.9ms
[2024-10-11T04:34:57.437+0800][info] GC(134)   Post Evacuate Collection Set: 0.2ms
[2024-10-11T04:34:57.437+0800][info] GC(134)   Other: 0.2ms
[2024-10-11T04:34:57.437+0800][info] GC(134) Eden regions: 1->0(2)
[2024-10-11T04:34:57.437+0800][info] GC(134) Survivor regions: 1->1(1)
[2024-10-11T04:34:57.437+0800][info] GC(134) Old regions: 53->49
[2024-10-11T04:34:57.437+0800][info] GC(134) Archive regions: 2->2
[2024-10-11T04:34:57.437+0800][info] GC(134) Humongous regions: 3->3
[2024-10-11T04:34:57.437+0800][info] GC(134) Metaspace: 1587K(1792K)->1587K(1792K) NonClass: 1463K(1600K)->1463K(1600K) Class: 124K(192K)->124K(192K)
[2024-10-11T04:34:57.437+0800][info] GC(134) Pause Young (Mixed) (G1 Preventive Collection) 114M->104M(128M) 1.585ms
[2024-10-11T04:34:57.437+0800][info] GC(134) User=0.00s Sys=0.00s Real=0.00s
[2024-10-11T04:34:57.540+0800][info] GC(135) Pause Young (Mixed) (G1 Preventive Collection)
[2024-10-11T04:34:57.540+0800][info] GC(135) Using 3 workers of 48 for evacuation
[2024-10-11T04:34:57.542+0800][info] GC(135)   Pre Evacuate Collection Set: 0.1ms
[2024-10-11T04:34:57.542+0800][info] GC(135)   Merge Heap Roots: 0.1ms
[2024-10-11T04:34:57.542+0800][info] GC(135)   Evacuate Collection Set: 1.8ms
[2024-10-11T04:34:57.542+0800][info] GC(135)   Post Evacuate Collection Set: 0.2ms
[2024-10-11T04:34:57.542+0800][info] GC(135)   Other: 0.2ms
[2024-10-11T04:34:57.542+0800][info] GC(135) Eden regions: 2->0(2)
[2024-10-11T04:34:57.542+0800][info] GC(135) Survivor regions: 1->1(1)
[2024-10-11T04:34:57.542+0800][info] GC(135) Old regions: 49->48
[2024-10-11T04:34:57.542+0800][info] GC(135) Archive regions: 2->2
[2024-10-11T04:34:57.542+0800][info] GC(135) Humongous regions: 3->3
[2024-10-11T04:34:57.542+0800][info] GC(135) Metaspace: 1587K(1792K)->1587K(1792K) NonClass: 1463K(1600K)->1463K(1600K) Class: 124K(192K)->124K(192K)
[2024-10-11T04:34:57.542+0800][info] GC(135) Pause Young (Mixed) (G1 Preventive Collection) 108M->103M(128M) 2.464ms
[2024-10-11T04:34:57.542+0800][info] GC(135) User=0.00s Sys=0.00s Real=0.00s
[2024-10-11T04:34:57.644+0800][info] GC(136) Pause Young (Mixed) (G1 Evacuation Pause)
[2024-10-11T04:34:57.644+0800][info] GC(136) Using 3 workers of 48 for evacuation
[2024-10-11T04:34:57.647+0800][info] GC(136)   Pre Evacuate Collection Set: 0.1ms
[2024-10-11T04:34:57.647+0800][info] GC(136)   Merge Heap Roots: 0.1ms
[2024-10-11T04:34:57.647+0800][info] GC(136)   Evacuate Collection Set: 1.9ms
[2024-10-11T04:34:57.647+0800][info] GC(136)   Post Evacuate Collection Set: 0.2ms
[2024-10-11T04:34:57.647+0800][info] GC(136)   Other: 0.1ms
[2024-10-11T04:34:57.647+0800][info] GC(136) Eden regions: 2->0(2)
[2024-10-11T04:34:57.647+0800][info] GC(136) Survivor regions: 1->1(1)
[2024-10-11T04:34:57.647+0800][info] GC(136) Old regions: 48->47
[2024-10-11T04:34:57.647+0800][info] GC(136) Archive regions: 2->2
[2024-10-11T04:34:57.647+0800][info] GC(136) Humongous regions: 3->3
[2024-10-11T04:34:57.647+0800][info] GC(136) Metaspace: 1587K(1792K)->1587K(1792K) NonClass: 1463K(1600K)->1463K(1600K) Class: 124K(192K)->124K(192K)
[2024-10-11T04:34:57.647+0800][info] GC(136) Pause Young (Mixed) (G1 Evacuation Pause) 107M->102M(128M) 2.517ms
[2024-10-11T04:34:57.647+0800][info] GC(136) User=0.01s Sys=0.00s Real=0.01s
[2024-10-11T04:34:57.749+0800][info] GC(137) Pause Young (Mixed) (G1 Evacuation Pause)
[2024-10-11T04:34:57.749+0800][info] GC(137) Using 3 workers of 48 for evacuation
[2024-10-11T04:34:57.752+0800][info] GC(137)   Pre Evacuate Collection Set: 0.1ms
[2024-10-11T04:34:57.752+0800][info] GC(137)   Merge Heap Roots: 0.1ms
[2024-10-11T04:34:57.752+0800][info] GC(137)   Evacuate Collection Set: 1.9ms
[2024-10-11T04:34:57.752+0800][info] GC(137)   Post Evacuate Collection Set: 0.2ms
[2024-10-11T04:34:57.752+0800][info] GC(137)   Other: 0.1ms
[2024-10-11T04:34:57.752+0800][info] GC(137) Eden regions: 2->0(2)
[2024-10-11T04:34:57.752+0800][info] GC(137) Survivor regions: 1->1(1)
[2024-10-11T04:34:57.752+0800][info] GC(137) Old regions: 47->47
[2024-10-11T04:34:57.752+0800][info] GC(137) Archive regions: 2->2
[2024-10-11T04:34:57.752+0800][info] GC(137) Humongous regions: 3->3
[2024-10-11T04:34:57.752+0800][info] GC(137) Metaspace: 1587K(1792K)->1587K(1792K) NonClass: 1463K(1600K)->1463K(1600K) Class: 124K(192K)->124K(192K)
[2024-10-11T04:34:57.752+0800][info] GC(137) Pause Young (Mixed) (G1 Evacuation Pause) 105M->101M(128M) 2.552ms
[2024-10-11T04:34:57.752+0800][info] GC(137) User=0.01s Sys=0.00s Real=0.00s
[2024-10-11T04:34:57.854+0800][info] GC(138) Pause Young (Mixed) (G1 Evacuation Pause)
[2024-10-11T04:34:57.854+0800][info] GC(138) Using 3 workers of 48 for evacuation
[2024-10-11T04:34:57.856+0800][info] GC(138)   Pre Evacuate Collection Set: 0.1ms
[2024-10-11T04:34:57.856+0800][info] GC(138)   Merge Heap Roots: 0.1ms
[2024-10-11T04:34:57.856+0800][info] GC(138)   Evacuate Collection Set: 1.5ms
[2024-10-11T04:34:57.856+0800][info] GC(138)   Post Evacuate Collection Set: 0.2ms
[2024-10-11T04:34:57.856+0800][info] GC(138)   Other: 0.1ms
[2024-10-11T04:34:57.856+0800][info] GC(138) Eden regions: 2->0(2)
[2024-10-11T04:34:57.856+0800][info] GC(138) Survivor regions: 1->1(1)
[2024-10-11T04:34:57.856+0800][info] GC(138) Old regions: 47->47
[2024-10-11T04:34:57.856+0800][info] GC(138) Archive regions: 2->2
[2024-10-11T04:34:57.856+0800][info] GC(138) Humongous regions: 3->3
[2024-10-11T04:34:57.856+0800][info] GC(138) Metaspace: 1587K(1792K)->1587K(1792K) NonClass: 1463K(1600K)->1463K(1600K) Class: 124K(192K)->124K(192K)
[2024-10-11T04:34:57.856+0800][info] GC(138) Pause Young (Mixed) (G1 Evacuation Pause) 104M->102M(128M) 2.122ms
[2024-10-11T04:34:57.856+0800][info] GC(138) User=0.01s Sys=0.00s Real=0.00s
[2024-10-11T04:34:57.958+0800][info] GC(139) Pause Young (Normal) (G1 Evacuation Pause)
[2024-10-11T04:34:57.958+0800][info] GC(139) Using 3 workers of 48 for evacuation
[2024-10-11T04:34:57.959+0800][info] GC(139)   Pre Evacuate Collection Set: 0.1ms
[2024-10-11T04:34:57.959+0800][info] GC(139)   Merge Heap Roots: 0.0ms
[2024-10-11T04:34:57.959+0800][info] GC(139)   Evacuate Collection Set: 0.6ms
[2024-10-11T04:34:57.959+0800][info] GC(139)   Post Evacuate Collection Set: 0.2ms
[2024-10-11T04:34:57.959+0800][info] GC(139)   Other: 0.2ms
[2024-10-11T04:34:57.959+0800][info] GC(139) Eden regions: 2->0(2)
[2024-10-11T04:34:57.959+0800][info] GC(139) Survivor regions: 1->1(1)
[2024-10-11T04:34:57.960+0800][info] GC(139) Old regions: 47->49
[2024-10-11T04:34:57.960+0800][info] GC(139) Archive regions: 2->2
[2024-10-11T04:34:57.960+0800][info] GC(139) Humongous regions: 3->3
[2024-10-11T04:34:57.960+0800][info] GC(139) Metaspace: 1587K(1792K)->1587K(1792K) NonClass: 1463K(1600K)->1463K(1600K) Class: 124K(192K)->124K(192K)
[2024-10-11T04:34:57.960+0800][info] GC(139) Pause Young (Normal) (G1 Evacuation Pause) 106M->105M(128M) 1.169ms
[2024-10-11T04:34:57.960+0800][info] GC(139) User=0.00s Sys=0.00s Real=0.00s
[2024-10-11T04:34:58.062+0800][info] GC(140) Pause Young (Concurrent Start) (G1 Evacuation Pause)
[2024-10-11T04:34:58.062+0800][info] GC(140) Using 3 workers of 48 for evacuation
[2024-10-11T04:34:58.063+0800][info] GC(140)   Pre Evacuate Collection Set: 0.1ms
[2024-10-11T04:34:58.063+0800][info] GC(140)   Merge Heap Roots: 0.0ms
[2024-10-11T04:34:58.063+0800][info] GC(140)   Evacuate Collection Set: 0.8ms
[2024-10-11T04:34:58.063+0800][info] GC(140)   Post Evacuate Collection Set: 0.2ms
[2024-10-11T04:34:58.063+0800][info] GC(140)   Other: 0.3ms
[2024-10-11T04:34:58.063+0800][info] GC(140) Eden regions: 2->0(2)
[2024-10-11T04:34:58.063+0800][info] GC(140) Survivor regions: 1->1(1)
[2024-10-11T04:34:58.063+0800][info] GC(140) Old regions: 49->51
[2024-10-11T04:34:58.063+0800][info] GC(140) Archive regions: 2->2
[2024-10-11T04:34:58.063+0800][info] GC(140) Humongous regions: 3->3
[2024-10-11T04:34:58.063+0800][info] GC(140) Metaspace: 1587K(1792K)->1587K(1792K) NonClass: 1463K(1600K)->1463K(1600K) Class: 124K(192K)->124K(192K)
[2024-10-11T04:34:58.063+0800][info] GC(140) Pause Young (Concurrent Start) (G1 Evacuation Pause) 109M->109M(128M) 1.507ms
[2024-10-11T04:34:58.063+0800][info] GC(140) User=0.00s Sys=0.00s Real=0.00s
[2024-10-11T04:34:58.063+0800][info] GC(141) Concurrent Mark Cycle
[2024-10-11T04:34:58.063+0800][info] GC(141) Concurrent Clear Claimed Marks
[2024-10-11T04:34:58.063+0800][info] GC(141) Concurrent Clear Claimed Marks 0.017ms
[2024-10-11T04:34:58.063+0800][info] GC(141) Concurrent Scan Root Regions
[2024-10-11T04:34:58.063+0800][info] GC(141) Concurrent Scan Root Regions 0.090ms
[2024-10-11T04:34:58.063+0800][info] GC(141) Concurrent Mark
[2024-10-11T04:34:58.063+0800][info] GC(141) Concurrent Mark From Roots
[2024-10-11T04:34:58.063+0800][info] GC(141) Using 12 workers of 12 for marking
[2024-10-11T04:34:58.067+0800][info] GC(141) Concurrent Mark From Roots 3.667ms
[2024-10-11T04:34:58.067+0800][info] GC(141) Concurrent Preclean
[2024-10-11T04:34:58.069+0800][info] GC(141) Concurrent Preclean 1.667ms
[2024-10-11T04:34:58.069+0800][info] GC(141) Pause Remark
[2024-10-11T04:34:58.070+0800][info] GC(141) Pause Remark 110M->110M(128M) 1.288ms
[2024-10-11T04:34:58.070+0800][info] GC(141) User=0.01s Sys=0.00s Real=0.00s
[2024-10-11T04:34:58.070+0800][info] GC(141) Concurrent Mark 6.948ms
[2024-10-11T04:34:58.070+0800][info] GC(141) Concurrent Rebuild Remembered Sets
[2024-10-11T04:34:58.072+0800][info] GC(141) Concurrent Rebuild Remembered Sets 1.293ms
[2024-10-11T04:34:58.072+0800][info] GC(141) Pause Cleanup
[2024-10-11T04:34:58.072+0800][info] GC(141) Pause Cleanup 110M->110M(128M) 0.241ms
[2024-10-11T04:34:58.072+0800][info] GC(141) User=0.00s Sys=0.00s Real=0.00s
[2024-10-11T04:34:58.072+0800][info] GC(141) Concurrent Cleanup for Next Mark
[2024-10-11T04:34:58.072+0800][info] GC(141) Concurrent Cleanup for Next Mark 0.372ms
[2024-10-11T04:34:58.072+0800][info] GC(141) Concurrent Mark Cycle 9.317ms
[2024-10-11T04:34:58.217+0800][info] GC(142) Pause Young (Prepare Mixed) (G1 Evacuation Pause)
[2024-10-11T04:34:58.217+0800][info] GC(142) Using 3 workers of 48 for evacuation
[2024-10-11T04:34:58.218+0800][info] GC(142)   Pre Evacuate Collection Set: 0.1ms
[2024-10-11T04:34:58.218+0800][info] GC(142)   Merge Heap Roots: 0.0ms
[2024-10-11T04:34:58.218+0800][info] GC(142)   Evacuate Collection Set: 0.7ms
[2024-10-11T04:34:58.218+0800][info] GC(142)   Post Evacuate Collection Set: 0.2ms
[2024-10-11T04:34:58.218+0800][info] GC(142)   Other: 0.2ms
[2024-10-11T04:34:58.218+0800][info] GC(142) Eden regions: 2->0(2)
[2024-10-11T04:34:58.218+0800][info] GC(142) Survivor regions: 1->1(1)
[2024-10-11T04:34:58.218+0800][info] GC(142) Old regions: 51->53
[2024-10-11T04:34:58.218+0800][info] GC(142) Archive regions: 2->2
[2024-10-11T04:34:58.218+0800][info] GC(142) Humongous regions: 3->3
[2024-10-11T04:34:58.218+0800][info] GC(142) Metaspace: 1587K(1792K)->1587K(1792K) NonClass: 1463K(1600K)->1463K(1600K) Class: 124K(192K)->124K(192K)
[2024-10-11T04:34:58.218+0800][info] GC(142) Pause Young (Prepare Mixed) (G1 Evacuation Pause) 113M->113M(128M) 1.395ms
[2024-10-11T04:34:58.218+0800][info] GC(142) User=0.00s Sys=0.00s Real=0.00s
[2024-10-11T04:34:58.280+0800][info] GC(143) Pause Young (Mixed) (G1 Preventive Collection)
[2024-10-11T04:34:58.280+0800][info] GC(143) Using 3 workers of 48 for evacuation
[2024-10-11T04:34:58.281+0800][info] GC(143)   Pre Evacuate Collection Set: 0.1ms
[2024-10-11T04:34:58.281+0800][info] GC(143)   Merge Heap Roots: 0.0ms
[2024-10-11T04:34:58.281+0800][info] GC(143)   Evacuate Collection Set: 1.0ms
[2024-10-11T04:34:58.281+0800][info] GC(143)   Post Evacuate Collection Set: 0.2ms
[2024-10-11T04:34:58.281+0800][info] GC(143)   Other: 0.2ms
[2024-10-11T04:34:58.281+0800][info] GC(143) Eden regions: 1->0(2)
[2024-10-11T04:34:58.281+0800][info] GC(143) Survivor regions: 1->1(1)
[2024-10-11T04:34:58.281+0800][info] GC(143) Old regions: 53->48
[2024-10-11T04:34:58.281+0800][info] GC(143) Archive regions: 2->2
[2024-10-11T04:34:58.281+0800][info] GC(143) Humongous regions: 3->3
[2024-10-11T04:34:58.281+0800][info] GC(143) Metaspace: 1587K(1792K)->1587K(1792K) NonClass: 1463K(1600K)->1463K(1600K) Class: 124K(192K)->124K(192K)
[2024-10-11T04:34:58.281+0800][info] GC(143) Pause Young (Mixed) (G1 Preventive Collection) 115M->104M(128M) 1.716ms
[2024-10-11T04:34:58.281+0800][info] GC(143) User=0.01s Sys=0.00s Real=0.00s
[2024-10-11T04:34:58.383+0800][info] GC(144) Pause Young (Mixed) (G1 Evacuation Pause)
[2024-10-11T04:34:58.383+0800][info] GC(144) Using 3 workers of 48 for evacuation
[2024-10-11T04:34:58.385+0800][info] GC(144)   Pre Evacuate Collection Set: 0.1ms
[2024-10-11T04:34:58.385+0800][info] GC(144)   Merge Heap Roots: 0.1ms
[2024-10-11T04:34:58.385+0800][info] GC(144)   Evacuate Collection Set: 1.8ms
[2024-10-11T04:34:58.385+0800][info] GC(144)   Post Evacuate Collection Set: 0.2ms
[2024-10-11T04:34:58.385+0800][info] GC(144)   Other: 0.2ms
[2024-10-11T04:34:58.385+0800][info] GC(144) Eden regions: 2->0(2)
[2024-10-11T04:34:58.385+0800][info] GC(144) Survivor regions: 1->1(1)
[2024-10-11T04:34:58.385+0800][info] GC(144) Old regions: 48->47
[2024-10-11T04:34:58.385+0800][info] GC(144) Archive regions: 2->2
[2024-10-11T04:34:58.385+0800][info] GC(144) Humongous regions: 3->3
[2024-10-11T04:34:58.386+0800][info] GC(144) Metaspace: 1587K(1792K)->1587K(1792K) NonClass: 1463K(1600K)->1463K(1600K) Class: 124K(192K)->124K(192K)
[2024-10-11T04:34:58.386+0800][info] GC(144) Pause Young (Mixed) (G1 Evacuation Pause) 108M->102M(128M) 2.454ms
[2024-10-11T04:34:58.386+0800][info] GC(144) User=0.00s Sys=0.00s Real=0.01s
[2024-10-11T04:34:58.489+0800][info] GC(145) Pause Young (Mixed) (G1 Evacuation Pause)
[2024-10-11T04:34:58.489+0800][info] GC(145) Using 3 workers of 48 for evacuation
[2024-10-11T04:34:58.492+0800][info] GC(145)   Pre Evacuate Collection Set: 0.1ms
[2024-10-11T04:34:58.492+0800][info] GC(145)   Merge Heap Roots: 0.1ms
[2024-10-11T04:34:58.492+0800][info] GC(145)   Evacuate Collection Set: 2.3ms
[2024-10-11T04:34:58.492+0800][info] GC(145)   Post Evacuate Collection Set: 0.2ms
[2024-10-11T04:34:58.492+0800][info] GC(145)   Other: 0.1ms
[2024-10-11T04:34:58.492+0800][info] GC(145) Eden regions: 2->0(2)
[2024-10-11T04:34:58.492+0800][info] GC(145) Survivor regions: 1->1(1)
[2024-10-11T04:34:58.492+0800][info] GC(145) Old regions: 47->46
[2024-10-11T04:34:58.492+0800][info] GC(145) Archive regions: 2->2
[2024-10-11T04:34:58.492+0800][info] GC(145) Humongous regions: 4->3
[2024-10-11T04:34:58.492+0800][info] GC(145) Metaspace: 1587K(1792K)->1587K(1792K) NonClass: 1463K(1600K)->1463K(1600K) Class: 124K(192K)->124K(192K)
[2024-10-11T04:34:58.492+0800][info] GC(145) Pause Young (Mixed) (G1 Evacuation Pause) 107M->100M(128M) 3.012ms
[2024-10-11T04:34:58.492+0800][info] GC(145) User=0.01s Sys=0.00s Real=0.00s
[2024-10-11T04:34:58.593+0800][info] GC(146) Pause Young (Mixed) (G1 Evacuation Pause)
[2024-10-11T04:34:58.593+0800][info] GC(146) Using 3 workers of 48 for evacuation
[2024-10-11T04:34:58.596+0800][info] GC(146)   Pre Evacuate Collection Set: 0.1ms
[2024-10-11T04:34:58.596+0800][info] GC(146)   Merge Heap Roots: 0.1ms
[2024-10-11T04:34:58.596+0800][info] GC(146)   Evacuate Collection Set: 2.0ms
[2024-10-11T04:34:58.596+0800][info] GC(146)   Post Evacuate Collection Set: 0.2ms
[2024-10-11T04:34:58.596+0800][info] GC(146)   Other: 0.1ms
[2024-10-11T04:34:58.596+0800][info] GC(146) Eden regions: 2->0(2)
[2024-10-11T04:34:58.596+0800][info] GC(146) Survivor regions: 1->1(1)
[2024-10-11T04:34:58.596+0800][info] GC(146) Old regions: 46->46
[2024-10-11T04:34:58.596+0800][info] GC(146) Archive regions: 2->2
[2024-10-11T04:34:58.596+0800][info] GC(146) Humongous regions: 3->3
[2024-10-11T04:34:58.596+0800][info] GC(146) Metaspace: 1587K(1792K)->1587K(1792K) NonClass: 1463K(1600K)->1463K(1600K) Class: 124K(192K)->124K(192K)
[2024-10-11T04:34:58.596+0800][info] GC(146) Pause Young (Mixed) (G1 Evacuation Pause) 104M->100M(128M) 2.693ms
[2024-10-11T04:34:58.596+0800][info] GC(146) User=0.00s Sys=0.00s Real=0.00s
[2024-10-11T04:34:58.699+0800][info] GC(147) Pause Young (Mixed) (G1 Evacuation Pause)
[2024-10-11T04:34:58.699+0800][info] GC(147) Using 3 workers of 48 for evacuation
[2024-10-11T04:34:58.700+0800][info] GC(147)   Pre Evacuate Collection Set: 0.1ms
[2024-10-11T04:34:58.700+0800][info] GC(147)   Merge Heap Roots: 0.1ms
[2024-10-11T04:34:58.700+0800][info] GC(147)   Evacuate Collection Set: 1.2ms
[2024-10-11T04:34:58.700+0800][info] GC(147)   Post Evacuate Collection Set: 0.2ms
[2024-10-11T04:34:58.700+0800][info] GC(147)   Other: 0.1ms
[2024-10-11T04:34:58.700+0800][info] GC(147) Eden regions: 2->0(2)
[2024-10-11T04:34:58.700+0800][info] GC(147) Survivor regions: 1->1(1)
[2024-10-11T04:34:58.700+0800][info] GC(147) Old regions: 46->47
[2024-10-11T04:34:58.700+0800][info] GC(147) Archive regions: 2->2
[2024-10-11T04:34:58.700+0800][info] GC(147) Humongous regions: 3->3
[2024-10-11T04:34:58.700+0800][info] GC(147) Metaspace: 1587K(1792K)->1587K(1792K) NonClass: 1463K(1600K)->1463K(1600K) Class: 124K(192K)->124K(192K)
[2024-10-11T04:34:58.700+0800][info] GC(147) Pause Young (Mixed) (G1 Evacuation Pause) 103M->102M(128M) 1.818ms
[2024-10-11T04:34:58.700+0800][info] GC(147) User=0.01s Sys=0.01s Real=0.00s
[2024-10-11T04:34:58.802+0800][info] GC(148) Pause Young (Normal) (G1 Evacuation Pause)
[2024-10-11T04:34:58.802+0800][info] GC(148) Using 3 workers of 48 for evacuation
[2024-10-11T04:34:58.803+0800][info] GC(148)   Pre Evacuate Collection Set: 0.1ms
[2024-10-11T04:34:58.803+0800][info] GC(148)   Merge Heap Roots: 0.0ms
[2024-10-11T04:34:58.803+0800][info] GC(148)   Evacuate Collection Set: 0.7ms
[2024-10-11T04:34:58.803+0800][info] GC(148)   Post Evacuate Collection Set: 0.2ms
[2024-10-11T04:34:58.803+0800][info] GC(148)   Other: 0.2ms
[2024-10-11T04:34:58.803+0800][info] GC(148) Eden regions: 2->0(2)
[2024-10-11T04:34:58.803+0800][info] GC(148) Survivor regions: 1->1(1)
[2024-10-11T04:34:58.803+0800][info] GC(148) Old regions: 47->49
[2024-10-11T04:34:58.803+0800][info] GC(148) Archive regions: 2->2
[2024-10-11T04:34:58.803+0800][info] GC(148) Humongous regions: 3->3
[2024-10-11T04:34:58.803+0800][info] GC(148) Metaspace: 1587K(1792K)->1587K(1792K) NonClass: 1463K(1600K)->1463K(1600K) Class: 124K(192K)->124K(192K)
[2024-10-11T04:34:58.804+0800][info] GC(148) Pause Young (Normal) (G1 Evacuation Pause) 106M->106M(128M) 1.219ms
[2024-10-11T04:34:58.804+0800][info] GC(148) User=0.00s Sys=0.00s Real=0.00s
[2024-10-11T04:34:58.906+0800][info] GC(149) Pause Young (Concurrent Start) (G1 Evacuation Pause)
[2024-10-11T04:34:58.906+0800][info] GC(149) Using 3 workers of 48 for evacuation
[2024-10-11T04:34:58.908+0800][info] GC(149)   Pre Evacuate Collection Set: 0.1ms
[2024-10-11T04:34:58.908+0800][info] GC(149)   Merge Heap Roots: 0.0ms
[2024-10-11T04:34:58.908+0800][info] GC(149)   Evacuate Collection Set: 0.8ms
[2024-10-11T04:34:58.908+0800][info] GC(149)   Post Evacuate Collection Set: 0.2ms
[2024-10-11T04:34:58.908+0800][info] GC(149)   Other: 0.4ms
[2024-10-11T04:34:58.908+0800][info] GC(149) Eden regions: 2->0(2)
[2024-10-11T04:34:58.908+0800][info] GC(149) Survivor regions: 1->1(1)
[2024-10-11T04:34:58.908+0800][info] GC(149) Old regions: 49->51
[2024-10-11T04:34:58.908+0800][info] GC(149) Archive regions: 2->2
[2024-10-11T04:34:58.908+0800][info] GC(149) Humongous regions: 3->3
[2024-10-11T04:34:58.908+0800][info] GC(149) Metaspace: 1587K(1792K)->1587K(1792K) NonClass: 1463K(1600K)->1463K(1600K) Class: 124K(192K)->124K(192K)
[2024-10-11T04:34:58.908+0800][info] GC(149) Pause Young (Concurrent Start) (G1 Evacuation Pause) 110M->110M(128M) 1.659ms
[2024-10-11T04:34:58.908+0800][info] GC(149) User=0.00s Sys=0.00s Real=0.00s
[2024-10-11T04:34:58.908+0800][info] GC(150) Concurrent Mark Cycle
[2024-10-11T04:34:58.908+0800][info] GC(150) Concurrent Clear Claimed Marks
[2024-10-11T04:34:58.908+0800][info] GC(150) Concurrent Clear Claimed Marks 0.017ms
[2024-10-11T04:34:58.908+0800][info] GC(150) Concurrent Scan Root Regions
[2024-10-11T04:34:58.908+0800][info] GC(150) Concurrent Scan Root Regions 0.105ms
[2024-10-11T04:34:58.908+0800][info] GC(150) Concurrent Mark
[2024-10-11T04:34:58.908+0800][info] GC(150) Concurrent Mark From Roots
[2024-10-11T04:34:58.908+0800][info] GC(150) Using 12 workers of 12 for marking
[2024-10-11T04:34:58.912+0800][info] GC(150) Concurrent Mark From Roots 3.657ms
[2024-10-11T04:34:58.912+0800][info] GC(150) Concurrent Preclean
[2024-10-11T04:34:58.913+0800][info] GC(150) Concurrent Preclean 1.687ms
[2024-10-11T04:34:58.914+0800][info] GC(150) Pause Remark
[2024-10-11T04:34:58.915+0800][info] GC(150) Pause Remark 110M->110M(128M) 1.317ms
[2024-10-11T04:34:58.915+0800][info] GC(150) User=0.00s Sys=0.00s Real=0.00s
[2024-10-11T04:34:58.915+0800][info] GC(150) Concurrent Mark 6.984ms
[2024-10-11T04:34:58.915+0800][info] GC(150) Concurrent Rebuild Remembered Sets
[2024-10-11T04:34:58.916+0800][info] GC(150) Concurrent Rebuild Remembered Sets 1.344ms
[2024-10-11T04:34:58.917+0800][info] GC(150) Pause Cleanup
[2024-10-11T04:34:58.917+0800][info] GC(150) Pause Cleanup 110M->110M(128M) 0.208ms
[2024-10-11T04:34:58.917+0800][info] GC(150) User=0.00s Sys=0.00s Real=0.00s
[2024-10-11T04:34:58.917+0800][info] GC(150) Concurrent Cleanup for Next Mark
[2024-10-11T04:34:58.917+0800][info] GC(150) Concurrent Cleanup for Next Mark 0.353ms
[2024-10-11T04:34:58.917+0800][info] GC(150) Concurrent Mark Cycle 9.374ms
[2024-10-11T04:34:59.061+0800][info] GC(151) Pause Young (Prepare Mixed) (G1 Evacuation Pause)
[2024-10-11T04:34:59.061+0800][info] GC(151) Using 3 workers of 48 for evacuation
[2024-10-11T04:34:59.062+0800][info] GC(151)   Pre Evacuate Collection Set: 0.1ms
[2024-10-11T04:34:59.062+0800][info] GC(151)   Merge Heap Roots: 0.1ms
[2024-10-11T04:34:59.062+0800][info] GC(151)   Evacuate Collection Set: 0.7ms
[2024-10-11T04:34:59.062+0800][info] GC(151)   Post Evacuate Collection Set: 0.2ms
[2024-10-11T04:34:59.062+0800][info] GC(151)   Other: 0.2ms
[2024-10-11T04:34:59.062+0800][info] GC(151) Eden regions: 2->0(2)
[2024-10-11T04:34:59.062+0800][info] GC(151) Survivor regions: 1->1(1)
[2024-10-11T04:34:59.062+0800][info] GC(151) Old regions: 51->52
[2024-10-11T04:34:59.062+0800][info] GC(151) Archive regions: 2->2
[2024-10-11T04:34:59.062+0800][info] GC(151) Humongous regions: 3->3
[2024-10-11T04:34:59.062+0800][info] GC(151) Metaspace: 1587K(1792K)->1587K(1792K) NonClass: 1463K(1600K)->1463K(1600K) Class: 124K(192K)->124K(192K)
[2024-10-11T04:34:59.062+0800][info] GC(151) Pause Young (Prepare Mixed) (G1 Evacuation Pause) 114M->113M(128M) 1.351ms
[2024-10-11T04:34:59.062+0800][info] GC(151) User=0.00s Sys=0.00s Real=0.00s
[2024-10-11T04:34:59.124+0800][info] GC(152) Pause Young (Mixed) (G1 Preventive Collection)
[2024-10-11T04:34:59.124+0800][info] GC(152) Using 3 workers of 48 for evacuation
[2024-10-11T04:34:59.126+0800][info] GC(152)   Pre Evacuate Collection Set: 0.1ms
[2024-10-11T04:34:59.126+0800][info] GC(152)   Merge Heap Roots: 0.1ms
[2024-10-11T04:34:59.126+0800][info] GC(152)   Evacuate Collection Set: 1.3ms
[2024-10-11T04:34:59.126+0800][info] GC(152)   Post Evacuate Collection Set: 0.2ms
[2024-10-11T04:34:59.126+0800][info] GC(152)   Other: 0.2ms
[2024-10-11T04:34:59.126+0800][info] GC(152) Eden regions: 1->0(2)
[2024-10-11T04:34:59.126+0800][info] GC(152) Survivor regions: 1->1(1)
[2024-10-11T04:34:59.126+0800][info] GC(152) Old regions: 52->49
[2024-10-11T04:34:59.126+0800][info] GC(152) Archive regions: 2->2
[2024-10-11T04:34:59.126+0800][info] GC(152) Humongous regions: 3->3
[2024-10-11T04:34:59.126+0800][info] GC(152) Metaspace: 1587K(1792K)->1587K(1792K) NonClass: 1463K(1600K)->1463K(1600K) Class: 124K(192K)->124K(192K)
[2024-10-11T04:34:59.126+0800][info] GC(152) Pause Young (Mixed) (G1 Preventive Collection) 115M->106M(128M) 1.980ms
[2024-10-11T04:34:59.126+0800][info] GC(152) User=0.01s Sys=0.00s Real=0.01s
[2024-10-11T04:34:59.228+0800][info] GC(153) Pause Young (Mixed) (G1 Preventive Collection)
[2024-10-11T04:34:59.228+0800][info] GC(153) Using 3 workers of 48 for evacuation
[2024-10-11T04:34:59.230+0800][info] GC(153)   Pre Evacuate Collection Set: 0.1ms
[2024-10-11T04:34:59.230+0800][info] GC(153)   Merge Heap Roots: 0.1ms
[2024-10-11T04:34:59.230+0800][info] GC(153)   Evacuate Collection Set: 1.7ms
[2024-10-11T04:34:59.230+0800][info] GC(153)   Post Evacuate Collection Set: 0.2ms
[2024-10-11T04:34:59.230+0800][info] GC(153)   Other: 0.1ms
[2024-10-11T04:34:59.230+0800][info] GC(153) Eden regions: 2->0(2)
[2024-10-11T04:34:59.230+0800][info] GC(153) Survivor regions: 1->1(1)
[2024-10-11T04:34:59.230+0800][info] GC(153) Old regions: 49->48
[2024-10-11T04:34:59.230+0800][info] GC(153) Archive regions: 2->2
[2024-10-11T04:34:59.230+0800][info] GC(153) Humongous regions: 3->3
[2024-10-11T04:34:59.230+0800][info] GC(153) Metaspace: 1587K(1792K)->1587K(1792K) NonClass: 1463K(1600K)->1463K(1600K) Class: 124K(192K)->124K(192K)
[2024-10-11T04:34:59.230+0800][info] GC(153) Pause Young (Mixed) (G1 Preventive Collection) 109M->104M(128M) 2.381ms
[2024-10-11T04:34:59.230+0800][info] GC(153) User=0.01s Sys=0.00s Real=0.00s
[2024-10-11T04:34:59.333+0800][info] GC(154) Pause Young (Mixed) (G1 Preventive Collection)
[2024-10-11T04:34:59.333+0800][info] GC(154) Using 3 workers of 48 for evacuation
[2024-10-11T04:34:59.335+0800][info] GC(154)   Pre Evacuate Collection Set: 0.1ms
[2024-10-11T04:34:59.335+0800][info] GC(154)   Merge Heap Roots: 0.1ms
[2024-10-11T04:34:59.335+0800][info] GC(154)   Evacuate Collection Set: 1.8ms
[2024-10-11T04:34:59.335+0800][info] GC(154)   Post Evacuate Collection Set: 0.2ms
[2024-10-11T04:34:59.335+0800][info] GC(154)   Other: 0.1ms
[2024-10-11T04:34:59.335+0800][info] GC(154) Eden regions: 2->0(2)
[2024-10-11T04:34:59.335+0800][info] GC(154) Survivor regions: 1->1(1)
[2024-10-11T04:34:59.335+0800][info] GC(154) Old regions: 48->47
[2024-10-11T04:34:59.335+0800][info] GC(154) Archive regions: 2->2
[2024-10-11T04:34:59.335+0800][info] GC(154) Humongous regions: 3->3
[2024-10-11T04:34:59.335+0800][info] GC(154) Metaspace: 1587K(1792K)->1587K(1792K) NonClass: 1463K(1600K)->1463K(1600K) Class: 124K(192K)->124K(192K)
[2024-10-11T04:34:59.335+0800][info] GC(154) Pause Young (Mixed) (G1 Preventive Collection) 107M->102M(128M) 2.428ms
[2024-10-11T04:34:59.335+0800][info] GC(154) User=0.01s Sys=0.00s Real=0.01s
[2024-10-11T04:34:59.437+0800][info] GC(155) Pause Young (Mixed) (G1 Evacuation Pause)
[2024-10-11T04:34:59.437+0800][info] GC(155) Using 3 workers of 48 for evacuation
[2024-10-11T04:34:59.439+0800][info] GC(155)   Pre Evacuate Collection Set: 0.1ms
[2024-10-11T04:34:59.440+0800][info] GC(155)   Merge Heap Roots: 0.1ms
[2024-10-11T04:34:59.440+0800][info] GC(155)   Evacuate Collection Set: 1.9ms
[2024-10-11T04:34:59.440+0800][info] GC(155)   Post Evacuate Collection Set: 0.2ms
[2024-10-11T04:34:59.440+0800][info] GC(155)   Other: 0.2ms
[2024-10-11T04:34:59.440+0800][info] GC(155) Eden regions: 2->0(2)
[2024-10-11T04:34:59.440+0800][info] GC(155) Survivor regions: 1->1(1)
[2024-10-11T04:34:59.440+0800][info] GC(155) Old regions: 47->46
[2024-10-11T04:34:59.440+0800][info] GC(155) Archive regions: 2->2
[2024-10-11T04:34:59.440+0800][info] GC(155) Humongous regions: 3->3
[2024-10-11T04:34:59.440+0800][info] GC(155) Metaspace: 1587K(1792K)->1587K(1792K) NonClass: 1463K(1600K)->1463K(1600K) Class: 124K(192K)->124K(192K)
[2024-10-11T04:34:59.440+0800][info] GC(155) Pause Young (Mixed) (G1 Evacuation Pause) 106M->101M(128M) 2.641ms
[2024-10-11T04:34:59.440+0800][info] GC(155) User=0.00s Sys=0.00s Real=0.00s
[2024-10-11T04:34:59.542+0800][info] GC(156) Pause Young (Mixed) (G1 Evacuation Pause)
[2024-10-11T04:34:59.542+0800][info] GC(156) Using 3 workers of 48 for evacuation
[2024-10-11T04:34:59.544+0800][info] GC(156)   Pre Evacuate Collection Set: 0.1ms
[2024-10-11T04:34:59.544+0800][info] GC(156)   Merge Heap Roots: 0.1ms
[2024-10-11T04:34:59.544+0800][info] GC(156)   Evacuate Collection Set: 1.8ms
[2024-10-11T04:34:59.544+0800][info] GC(156)   Post Evacuate Collection Set: 0.2ms
[2024-10-11T04:34:59.544+0800][info] GC(156)   Other: 0.1ms
[2024-10-11T04:34:59.545+0800][info] GC(156) Eden regions: 2->0(2)
[2024-10-11T04:34:59.545+0800][info] GC(156) Survivor regions: 1->1(1)
[2024-10-11T04:34:59.545+0800][info] GC(156) Old regions: 46->47
[2024-10-11T04:34:59.545+0800][info] GC(156) Archive regions: 2->2
[2024-10-11T04:34:59.545+0800][info] GC(156) Humongous regions: 3->3
[2024-10-11T04:34:59.545+0800][info] GC(156) Metaspace: 1587K(1792K)->1587K(1792K) NonClass: 1463K(1600K)->1463K(1600K) Class: 124K(192K)->124K(192K)
[2024-10-11T04:34:59.545+0800][info] GC(156) Pause Young (Mixed) (G1 Evacuation Pause) 104M->102M(128M) 2.416ms
[2024-10-11T04:34:59.545+0800][info] GC(156) User=0.01s Sys=0.00s Real=0.00s
[2024-10-11T04:34:59.646+0800][info] GC(157) Pause Young (Normal) (G1 Evacuation Pause)
[2024-10-11T04:34:59.646+0800][info] GC(157) Using 3 workers of 48 for evacuation
[2024-10-11T04:34:59.647+0800][info] GC(157)   Pre Evacuate Collection Set: 0.1ms
[2024-10-11T04:34:59.647+0800][info] GC(157)   Merge Heap Roots: 0.0ms
[2024-10-11T04:34:59.647+0800][info] GC(157)   Evacuate Collection Set: 0.7ms
[2024-10-11T04:34:59.647+0800][info] GC(157)   Post Evacuate Collection Set: 0.2ms
[2024-10-11T04:34:59.647+0800][info] GC(157)   Other: 0.2ms
[2024-10-11T04:34:59.647+0800][info] GC(157) Eden regions: 2->0(2)
[2024-10-11T04:34:59.647+0800][info] GC(157) Survivor regions: 1->1(1)
[2024-10-11T04:34:59.647+0800][info] GC(157) Old regions: 47->49
[2024-10-11T04:34:59.647+0800][info] GC(157) Archive regions: 2->2
[2024-10-11T04:34:59.647+0800][info] GC(157) Humongous regions: 3->3
[2024-10-11T04:34:59.647+0800][info] GC(157) Metaspace: 1587K(1792K)->1587K(1792K) NonClass: 1463K(1600K)->1463K(1600K) Class: 124K(192K)->124K(192K)
[2024-10-11T04:34:59.648+0800][info] GC(157) Pause Young (Normal) (G1 Evacuation Pause) 106M->106M(128M) 1.278ms
[2024-10-11T04:34:59.648+0800][info] GC(157) User=0.00s Sys=0.00s Real=0.00s
[2024-10-11T04:34:59.750+0800][info] GC(158) Pause Young (Concurrent Start) (G1 Evacuation Pause)
[2024-10-11T04:34:59.750+0800][info] GC(158) Using 3 workers of 48 for evacuation
[2024-10-11T04:34:59.751+0800][info] GC(158)   Pre Evacuate Collection Set: 0.1ms
[2024-10-11T04:34:59.751+0800][info] GC(158)   Merge Heap Roots: 0.0ms
[2024-10-11T04:34:59.751+0800][info] GC(158)   Evacuate Collection Set: 0.7ms
[2024-10-11T04:34:59.751+0800][info] GC(158)   Post Evacuate Collection Set: 0.2ms
[2024-10-11T04:34:59.751+0800][info] GC(158)   Other: 0.3ms
[2024-10-11T04:34:59.751+0800][info] GC(158) Eden regions: 2->0(2)
[2024-10-11T04:34:59.751+0800][info] GC(158) Survivor regions: 1->1(1)
[2024-10-11T04:34:59.751+0800][info] GC(158) Old regions: 49->51
[2024-10-11T04:34:59.751+0800][info] GC(158) Archive regions: 2->2
[2024-10-11T04:34:59.751+0800][info] GC(158) Humongous regions: 3->3
[2024-10-11T04:34:59.751+0800][info] GC(158) Metaspace: 1614K(1792K)->1614K(1792K) NonClass: 1490K(1600K)->1490K(1600K) Class: 124K(192K)->124K(192K)
[2024-10-11T04:34:59.751+0800][info] GC(158) Pause Young (Concurrent Start) (G1 Evacuation Pause) 110M->110M(128M) 1.485ms
[2024-10-11T04:34:59.751+0800][info] GC(158) User=0.00s Sys=0.00s Real=0.00s
[2024-10-11T04:34:59.751+0800][info] GC(159) Concurrent Mark Cycle
[2024-10-11T04:34:59.751+0800][info] GC(159) Concurrent Clear Claimed Marks
[2024-10-11T04:34:59.751+0800][info] GC(159) Concurrent Clear Claimed Marks 0.017ms
[2024-10-11T04:34:59.752+0800][info] GC(159) Concurrent Scan Root Regions
[2024-10-11T04:34:59.752+0800][info] GC(159) Concurrent Scan Root Regions 0.094ms
[2024-10-11T04:34:59.752+0800][info] GC(159) Concurrent Mark
[2024-10-11T04:34:59.752+0800][info] GC(159) Concurrent Mark From Roots
[2024-10-11T04:34:59.752+0800][info] GC(159) Using 12 workers of 12 for marking
[2024-10-11T04:34:59.755+0800][info] GC(159) Concurrent Mark From Roots 3.494ms
[2024-10-11T04:34:59.755+0800][info] GC(159) Concurrent Preclean
[2024-10-11T04:34:59.757+0800][info] GC(159) Concurrent Preclean 1.674ms
[2024-10-11T04:34:59.757+0800][info] GC(159) Pause Remark
[2024-10-11T04:34:59.758+0800][info] GC(159) Pause Remark 111M->111M(128M) 1.336ms
[2024-10-11T04:34:59.758+0800][info] GC(159) User=0.01s Sys=0.00s Real=0.00s
[2024-10-11T04:34:59.758+0800][info] GC(159) Concurrent Mark 6.809ms
[2024-10-11T04:34:59.758+0800][info] GC(159) Concurrent Rebuild Remembered Sets
[2024-10-11T04:34:59.760+0800][info] GC(159) Concurrent Rebuild Remembered Sets 1.406ms
[2024-10-11T04:34:59.760+0800][info] GC(159) Pause Cleanup
[2024-10-11T04:34:59.760+0800][info] GC(159) Pause Cleanup 111M->111M(128M) 0.208ms
[2024-10-11T04:34:59.760+0800][info] GC(159) User=0.01s Sys=0.00s Real=0.00s
[2024-10-11T04:34:59.760+0800][info] GC(159) Concurrent Cleanup for Next Mark
[2024-10-11T04:34:59.761+0800][info] GC(159) Concurrent Cleanup for Next Mark 0.405ms
[2024-10-11T04:34:59.761+0800][info] GC(159) Concurrent Mark Cycle 9.247ms
[2024-10-11T04:34:59.905+0800][info] GC(160) Pause Young (Prepare Mixed) (G1 Evacuation Pause)
[2024-10-11T04:34:59.905+0800][info] GC(160) Using 3 workers of 48 for evacuation
[2024-10-11T04:34:59.907+0800][info] GC(160)   Pre Evacuate Collection Set: 0.1ms
[2024-10-11T04:34:59.907+0800][info] GC(160)   Merge Heap Roots: 0.1ms
[2024-10-11T04:34:59.907+0800][info] GC(160)   Evacuate Collection Set: 0.9ms
[2024-10-11T04:34:59.907+0800][info] GC(160)   Post Evacuate Collection Set: 0.2ms
[2024-10-11T04:34:59.907+0800][info] GC(160)   Other: 0.2ms
[2024-10-11T04:34:59.907+0800][info] GC(160) Eden regions: 2->0(2)
[2024-10-11T04:34:59.907+0800][info] GC(160) Survivor regions: 1->1(1)
[2024-10-11T04:34:59.907+0800][info] GC(160) Old regions: 51->53
[2024-10-11T04:34:59.907+0800][info] GC(160) Archive regions: 2->2
[2024-10-11T04:34:59.907+0800][info] GC(160) Humongous regions: 3->3
[2024-10-11T04:34:59.907+0800][info] GC(160) Metaspace: 1615K(1792K)->1615K(1792K) NonClass: 1491K(1600K)->1491K(1600K) Class: 124K(192K)->124K(192K)
[2024-10-11T04:34:59.907+0800][info] GC(160) Pause Young (Prepare Mixed) (G1 Evacuation Pause) 114M->114M(128M) 1.561ms
[2024-10-11T04:34:59.907+0800][info] GC(160) User=0.00s Sys=0.00s Real=0.00s
[2024-10-11T04:34:59.968+0800][info] GC(161) Pause Young (Mixed) (G1 Preventive Collection)
[2024-10-11T04:34:59.968+0800][info] GC(161) Using 3 workers of 48 for evacuation
[2024-10-11T04:34:59.970+0800][info] GC(161)   Pre Evacuate Collection Set: 0.1ms
[2024-10-11T04:34:59.970+0800][info] GC(161)   Merge Heap Roots: 0.0ms
[2024-10-11T04:34:59.970+0800][info] GC(161)   Evacuate Collection Set: 1.0ms
[2024-10-11T04:34:59.970+0800][info] GC(161)   Post Evacuate Collection Set: 0.2ms
[2024-10-11T04:34:59.970+0800][info] GC(161)   Other: 0.2ms
[2024-10-11T04:34:59.970+0800][info] GC(161) Eden regions: 1->0(2)
[2024-10-11T04:34:59.970+0800][info] GC(161) Survivor regions: 1->1(1)
[2024-10-11T04:34:59.970+0800][info] GC(161) Old regions: 53->49
[2024-10-11T04:34:59.970+0800][info] GC(161) Archive regions: 2->2
[2024-10-11T04:34:59.970+0800][info] GC(161) Humongous regions: 3->3
[2024-10-11T04:34:59.970+0800][info] GC(161) Metaspace: 1615K(1792K)->1615K(1792K) NonClass: 1491K(1600K)->1491K(1600K) Class: 124K(192K)->124K(192K)
[2024-10-11T04:34:59.970+0800][info] GC(161) Pause Young (Mixed) (G1 Preventive Collection) 116M->106M(128M) 1.630ms
[2024-10-11T04:34:59.970+0800][info] GC(161) User=0.01s Sys=0.00s Real=0.00s
[2024-10-11T04:35:00.072+0800][info] GC(162) Pause Young (Mixed) (G1 Evacuation Pause)
[2024-10-11T04:35:00.072+0800][info] GC(162) Using 3 workers of 48 for evacuation
[2024-10-11T04:35:00.074+0800][info] GC(162)   Pre Evacuate Collection Set: 0.1ms
[2024-10-11T04:35:00.074+0800][info] GC(162)   Merge Heap Roots: 0.1ms
[2024-10-11T04:35:00.074+0800][info] GC(162)   Evacuate Collection Set: 1.8ms
[2024-10-11T04:35:00.074+0800][info] GC(162)   Post Evacuate Collection Set: 0.2ms
[2024-10-11T04:35:00.074+0800][info] GC(162)   Other: 0.2ms
[2024-10-11T04:35:00.074+0800][info] GC(162) Eden regions: 2->0(2)
[2024-10-11T04:35:00.074+0800][info] GC(162) Survivor regions: 1->1(1)
[2024-10-11T04:35:00.074+0800][info] GC(162) Old regions: 49->47
[2024-10-11T04:35:00.074+0800][info] GC(162) Archive regions: 2->2
[2024-10-11T04:35:00.074+0800][info] GC(162) Humongous regions: 3->3
[2024-10-11T04:35:00.074+0800][info] GC(162) Metaspace: 1615K(1792K)->1615K(1792K) NonClass: 1491K(1600K)->1491K(1600K) Class: 124K(192K)->124K(192K)
[2024-10-11T04:35:00.074+0800][info] GC(162) Pause Young (Mixed) (G1 Evacuation Pause) 109M->103M(128M) 2.511ms
[2024-10-11T04:35:00.074+0800][info] GC(162) User=0.00s Sys=0.00s Real=0.01s
[2024-10-11T04:35:00.176+0800][info] GC(163) Pause Young (Mixed) (G1 Evacuation Pause)
[2024-10-11T04:35:00.176+0800][info] GC(163) Using 3 workers of 48 for evacuation
[2024-10-11T04:35:00.179+0800][info] GC(163)   Pre Evacuate Collection Set: 0.1ms
[2024-10-11T04:35:00.179+0800][info] GC(163)   Merge Heap Roots: 0.1ms
[2024-10-11T04:35:00.179+0800][info] GC(163)   Evacuate Collection Set: 2.3ms
[2024-10-11T04:35:00.179+0800][info] GC(163)   Post Evacuate Collection Set: 0.2ms
[2024-10-11T04:35:00.179+0800][info] GC(163)   Other: 0.1ms
[2024-10-11T04:35:00.179+0800][info] GC(163) Eden regions: 2->0(2)
[2024-10-11T04:35:00.179+0800][info] GC(163) Survivor regions: 1->1(1)
[2024-10-11T04:35:00.179+0800][info] GC(163) Old regions: 47->47
[2024-10-11T04:35:00.179+0800][info] GC(163) Archive regions: 2->2
[2024-10-11T04:35:00.179+0800][info] GC(163) Humongous regions: 3->3
[2024-10-11T04:35:00.179+0800][info] GC(163) Metaspace: 1615K(1792K)->1615K(1792K) NonClass: 1491K(1600K)->1491K(1600K) Class: 124K(192K)->124K(192K)
[2024-10-11T04:35:00.179+0800][info] GC(163) Pause Young (Mixed) (G1 Evacuation Pause) 106M->102M(128M) 2.942ms
[2024-10-11T04:35:00.179+0800][info] GC(163) User=0.00s Sys=0.00s Real=0.00s
[2024-10-11T04:35:00.282+0800][info] GC(164) Pause Young (Mixed) (G1 Evacuation Pause)
[2024-10-11T04:35:00.282+0800][info] GC(164) Using 3 workers of 48 for evacuation
[2024-10-11T04:35:00.284+0800][info] GC(164)   Pre Evacuate Collection Set: 0.1ms
[2024-10-11T04:35:00.284+0800][info] GC(164)   Merge Heap Roots: 0.1ms
[2024-10-11T04:35:00.284+0800][info] GC(164)   Evacuate Collection Set: 2.3ms
[2024-10-11T04:35:00.284+0800][info] GC(164)   Post Evacuate Collection Set: 0.2ms
[2024-10-11T04:35:00.284+0800][info] GC(164)   Other: 0.1ms
[2024-10-11T04:35:00.284+0800][info] GC(164) Eden regions: 2->0(2)
[2024-10-11T04:35:00.284+0800][info] GC(164) Survivor regions: 1->1(1)
[2024-10-11T04:35:00.284+0800][info] GC(164) Old regions: 47->47
[2024-10-11T04:35:00.284+0800][info] GC(164) Archive regions: 2->2
[2024-10-11T04:35:00.284+0800][info] GC(164) Humongous regions: 3->3
[2024-10-11T04:35:00.284+0800][info] GC(164) Metaspace: 1615K(1792K)->1615K(1792K) NonClass: 1491K(1600K)->1491K(1600K) Class: 124K(192K)->124K(192K)
[2024-10-11T04:35:00.285+0800][info] GC(164) Pause Young (Mixed) (G1 Evacuation Pause) 106M->102M(128M) 2.956ms
[2024-10-11T04:35:00.285+0800][info] GC(164) User=0.00s Sys=0.00s Real=0.00s
[2024-10-11T04:35:00.386+0800][info] GC(165) Pause Young (Mixed) (G1 Evacuation Pause)
[2024-10-11T04:35:00.387+0800][info] GC(165) Using 3 workers of 48 for evacuation
[2024-10-11T04:35:00.388+0800][info] GC(165)   Pre Evacuate Collection Set: 0.1ms
[2024-10-11T04:35:00.388+0800][info] GC(165)   Merge Heap Roots: 0.1ms
[2024-10-11T04:35:00.388+0800][info] GC(165)   Evacuate Collection Set: 1.2ms
[2024-10-11T04:35:00.388+0800][info] GC(165)   Post Evacuate Collection Set: 0.2ms
[2024-10-11T04:35:00.388+0800][info] GC(165)   Other: 0.1ms
[2024-10-11T04:35:00.388+0800][info] GC(165) Eden regions: 2->0(2)
[2024-10-11T04:35:00.388+0800][info] GC(165) Survivor regions: 1->1(1)
[2024-10-11T04:35:00.388+0800][info] GC(165) Old regions: 47->48
[2024-10-11T04:35:00.388+0800][info] GC(165) Archive regions: 2->2
[2024-10-11T04:35:00.388+0800][info] GC(165) Humongous regions: 3->3
[2024-10-11T04:35:00.388+0800][info] GC(165) Metaspace: 1615K(1792K)->1615K(1792K) NonClass: 1491K(1600K)->1491K(1600K) Class: 124K(192K)->124K(192K)
[2024-10-11T04:35:00.388+0800][info] GC(165) Pause Young (Mixed) (G1 Evacuation Pause) 106M->105M(128M) 1.908ms
[2024-10-11T04:35:00.388+0800][info] GC(165) User=0.01s Sys=0.00s Real=0.00s
[2024-10-11T04:35:00.491+0800][info] GC(166) Pause Young (Normal) (G1 Evacuation Pause)
[2024-10-11T04:35:00.491+0800][info] GC(166) Using 3 workers of 48 for evacuation
[2024-10-11T04:35:00.492+0800][info] GC(166)   Pre Evacuate Collection Set: 0.1ms
[2024-10-11T04:35:00.492+0800][info] GC(166)   Merge Heap Roots: 0.0ms
[2024-10-11T04:35:00.492+0800][info] GC(166)   Evacuate Collection Set: 0.6ms
[2024-10-11T04:35:00.492+0800][info] GC(166)   Post Evacuate Collection Set: 0.2ms
[2024-10-11T04:35:00.492+0800][info] GC(166)   Other: 0.2ms
[2024-10-11T04:35:00.492+0800][info] GC(166) Eden regions: 2->0(2)
[2024-10-11T04:35:00.492+0800][info] GC(166) Survivor regions: 1->1(1)
[2024-10-11T04:35:00.492+0800][info] GC(166) Old regions: 48->50
[2024-10-11T04:35:00.492+0800][info] GC(166) Archive regions: 2->2
[2024-10-11T04:35:00.492+0800][info] GC(166) Humongous regions: 3->3
[2024-10-11T04:35:00.492+0800][info] GC(166) Metaspace: 1615K(1792K)->1615K(1792K) NonClass: 1491K(1600K)->1491K(1600K) Class: 124K(192K)->124K(192K)
[2024-10-11T04:35:00.492+0800][info] GC(166) Pause Young (Normal) (G1 Evacuation Pause) 108M->108M(128M) 1.193ms
[2024-10-11T04:35:00.492+0800][info] GC(166) User=0.01s Sys=0.00s Real=0.00s
[2024-10-11T04:35:00.594+0800][info] GC(167) Pause Young (Concurrent Start) (G1 Evacuation Pause)
[2024-10-11T04:35:00.594+0800][info] GC(167) Using 3 workers of 48 for evacuation
[2024-10-11T04:35:00.595+0800][info] GC(167)   Pre Evacuate Collection Set: 0.1ms
[2024-10-11T04:35:00.595+0800][info] GC(167)   Merge Heap Roots: 0.0ms
[2024-10-11T04:35:00.595+0800][info] GC(167)   Evacuate Collection Set: 0.8ms
[2024-10-11T04:35:00.595+0800][info] GC(167)   Post Evacuate Collection Set: 0.2ms
[2024-10-11T04:35:00.595+0800][info] GC(167)   Other: 0.3ms
[2024-10-11T04:35:00.595+0800][info] GC(167) Eden regions: 2->0(2)
[2024-10-11T04:35:00.595+0800][info] GC(167) Survivor regions: 1->1(1)
[2024-10-11T04:35:00.595+0800][info] GC(167) Old regions: 50->52
[2024-10-11T04:35:00.595+0800][info] GC(167) Archive regions: 2->2
[2024-10-11T04:35:00.595+0800][info] GC(167) Humongous regions: 3->3
[2024-10-11T04:35:00.595+0800][info] GC(167) Metaspace: 1615K(1792K)->1615K(1792K) NonClass: 1491K(1600K)->1491K(1600K) Class: 124K(192K)->124K(192K)
[2024-10-11T04:35:00.595+0800][info] GC(167) Pause Young (Concurrent Start) (G1 Evacuation Pause) 112M->112M(128M) 1.497ms
[2024-10-11T04:35:00.595+0800][info] GC(167) User=0.00s Sys=0.00s Real=0.00s
[2024-10-11T04:35:00.595+0800][info] GC(168) Concurrent Mark Cycle
[2024-10-11T04:35:00.595+0800][info] GC(168) Concurrent Clear Claimed Marks
[2024-10-11T04:35:00.595+0800][info] GC(168) Concurrent Clear Claimed Marks 0.017ms
[2024-10-11T04:35:00.595+0800][info] GC(168) Concurrent Scan Root Regions
[2024-10-11T04:35:00.596+0800][info] GC(168) Concurrent Scan Root Regions 0.102ms
[2024-10-11T04:35:00.596+0800][info] GC(168) Concurrent Mark
[2024-10-11T04:35:00.596+0800][info] GC(168) Concurrent Mark From Roots
[2024-10-11T04:35:00.596+0800][info] GC(168) Using 12 workers of 12 for marking
[2024-10-11T04:35:00.599+0800][info] GC(168) Concurrent Mark From Roots 3.566ms
[2024-10-11T04:35:00.599+0800][info] GC(168) Concurrent Preclean
[2024-10-11T04:35:00.601+0800][info] GC(168) Concurrent Preclean 1.679ms
[2024-10-11T04:35:00.601+0800][info] GC(168) Pause Remark
[2024-10-11T04:35:00.602+0800][info] GC(168) Pause Remark 115M->115M(128M) 1.297ms
[2024-10-11T04:35:00.602+0800][info] GC(168) User=0.00s Sys=0.00s Real=0.00s
[2024-10-11T04:35:00.602+0800][info] GC(168) Concurrent Mark 6.795ms
[2024-10-11T04:35:00.602+0800][info] GC(168) Concurrent Rebuild Remembered Sets
[2024-10-11T04:35:00.604+0800][info] GC(168) Concurrent Rebuild Remembered Sets 1.392ms
[2024-10-11T04:35:00.604+0800][info] GC(168) Pause Cleanup
[2024-10-11T04:35:00.604+0800][info] GC(168) Pause Cleanup 115M->115M(128M) 0.243ms
[2024-10-11T04:35:00.604+0800][info] GC(168) User=0.00s Sys=0.00s Real=0.00s
[2024-10-11T04:35:00.604+0800][info] GC(168) Concurrent Cleanup for Next Mark
[2024-10-11T04:35:00.605+0800][info] GC(168) Concurrent Cleanup for Next Mark 0.381ms
[2024-10-11T04:35:00.605+0800][info] GC(168) Concurrent Mark Cycle 9.290ms
[2024-10-11T04:35:00.749+0800][info] GC(169) Pause Young (Prepare Mixed) (G1 Preventive Collection)
[2024-10-11T04:35:00.749+0800][info] GC(169) Using 3 workers of 48 for evacuation
[2024-10-11T04:35:00.751+0800][info] GC(169)   Pre Evacuate Collection Set: 0.1ms
[2024-10-11T04:35:00.751+0800][info] GC(169)   Merge Heap Roots: 0.1ms
[2024-10-11T04:35:00.751+0800][info] GC(169)   Evacuate Collection Set: 0.8ms
[2024-10-11T04:35:00.751+0800][info] GC(169)   Post Evacuate Collection Set: 0.2ms
[2024-10-11T04:35:00.751+0800][info] GC(169)   Other: 0.2ms
[2024-10-11T04:35:00.751+0800][info] GC(169) Eden regions: 2->0(2)
[2024-10-11T04:35:00.751+0800][info] GC(169) Survivor regions: 1->1(1)
[2024-10-11T04:35:00.751+0800][info] GC(169) Old regions: 52->54
[2024-10-11T04:35:00.751+0800][info] GC(169) Archive regions: 2->2
[2024-10-11T04:35:00.751+0800][info] GC(169) Humongous regions: 4->3
[2024-10-11T04:35:00.751+0800][info] GC(169) Metaspace: 1615K(1792K)->1615K(1792K) NonClass: 1491K(1600K)->1491K(1600K) Class: 124K(192K)->124K(192K)
[2024-10-11T04:35:00.751+0800][info] GC(169) Pause Young (Prepare Mixed) (G1 Preventive Collection) 118M->116M(128M) 1.445ms
[2024-10-11T04:35:00.751+0800][info] GC(169) User=0.01s Sys=0.00s Real=0.00s
[2024-10-11T04:35:00.812+0800][info] GC(170) Pause Young (Mixed) (G1 Preventive Collection)
[2024-10-11T04:35:00.812+0800][info] GC(170) Using 3 workers of 48 for evacuation
[2024-10-11T04:35:00.814+0800][info] GC(170) To-space exhausted
[2024-10-11T04:35:00.814+0800][info] GC(170)   Pre Evacuate Collection Set: 0.1ms
[2024-10-11T04:35:00.814+0800][info] GC(170)   Merge Heap Roots: 0.1ms
[2024-10-11T04:35:00.814+0800][info] GC(170)   Evacuate Collection Set: 1.0ms
[2024-10-11T04:35:00.814+0800][info] GC(170)   Post Evacuate Collection Set: 0.3ms
[2024-10-11T04:35:00.814+0800][info] GC(170)   Other: 0.2ms
[2024-10-11T04:35:00.814+0800][info] GC(170) Eden regions: 1->0(2)
[2024-10-11T04:35:00.814+0800][info] GC(170) Survivor regions: 1->1(1)
[2024-10-11T04:35:00.814+0800][info] GC(170) Old regions: 54->53
[2024-10-11T04:35:00.814+0800][info] GC(170) Archive regions: 2->2
[2024-10-11T04:35:00.814+0800][info] GC(170) Humongous regions: 3->3
[2024-10-11T04:35:00.814+0800][info] GC(170) Metaspace: 1615K(1792K)->1615K(1792K) NonClass: 1491K(1600K)->1491K(1600K) Class: 124K(192K)->124K(192K)
[2024-10-11T04:35:00.814+0800][info] GC(170) Pause Young (Mixed) (G1 Preventive Collection) 118M->115M(128M) 1.722ms
[2024-10-11T04:35:00.814+0800][info] GC(170) User=0.00s Sys=0.00s Real=0.01s
[2024-10-11T04:35:00.855+0800][info] GC(171) Pause Young (Mixed) (G1 Preventive Collection)
[2024-10-11T04:35:00.855+0800][info] GC(171) Using 3 workers of 48 for evacuation
[2024-10-11T04:35:00.857+0800][info] GC(171) To-space exhausted
[2024-10-11T04:35:00.857+0800][info] GC(171)   Pre Evacuate Collection Set: 0.1ms
[2024-10-11T04:35:00.857+0800][info] GC(171)   Merge Heap Roots: 0.1ms
[2024-10-11T04:35:00.857+0800][info] GC(171)   Evacuate Collection Set: 1.5ms
[2024-10-11T04:35:00.857+0800][info] GC(171)   Post Evacuate Collection Set: 0.4ms
[2024-10-11T04:35:00.857+0800][info] GC(171)   Other: 0.2ms
[2024-10-11T04:35:00.857+0800][info] GC(171) Eden regions: 1->0(2)
[2024-10-11T04:35:00.857+0800][info] GC(171) Survivor regions: 1->1(1)
[2024-10-11T04:35:00.857+0800][info] GC(171) Old regions: 53->55
[2024-10-11T04:35:00.857+0800][info] GC(171) Archive regions: 2->2
[2024-10-11T04:35:00.857+0800][info] GC(171) Humongous regions: 3->3
[2024-10-11T04:35:00.857+0800][info] GC(171) Metaspace: 1615K(1792K)->1615K(1792K) NonClass: 1491K(1600K)->1491K(1600K) Class: 124K(192K)->124K(192K)
[2024-10-11T04:35:00.857+0800][info] GC(171) Pause Young (Mixed) (G1 Preventive Collection) 116M->119M(128M) 2.405ms
[2024-10-11T04:35:00.857+0800][info] GC(171) User=0.01s Sys=0.00s Real=0.00s
[2024-10-11T04:35:00.919+0800][info] GC(172) Pause Young (Mixed) (G1 Preventive Collection)
[2024-10-11T04:35:00.919+0800][info] GC(172) Using 3 workers of 48 for evacuation
[2024-10-11T04:35:00.920+0800][info] GC(172) To-space exhausted
[2024-10-11T04:35:00.920+0800][info] GC(172)   Pre Evacuate Collection Set: 0.1ms
[2024-10-11T04:35:00.920+0800][info] GC(172)   Merge Heap Roots: 0.1ms
[2024-10-11T04:35:00.920+0800][info] GC(172)   Evacuate Collection Set: 1.0ms
[2024-10-11T04:35:00.920+0800][info] GC(172)   Post Evacuate Collection Set: 0.3ms
[2024-10-11T04:35:00.920+0800][info] GC(172)   Other: 0.2ms
[2024-10-11T04:35:00.920+0800][info] GC(172) Eden regions: 1->0(2)
[2024-10-11T04:35:00.920+0800][info] GC(172) Survivor regions: 1->1(1)
[2024-10-11T04:35:00.920+0800][info] GC(172) Old regions: 55->57
[2024-10-11T04:35:00.920+0800][info] GC(172) Archive regions: 2->2
[2024-10-11T04:35:00.920+0800][info] GC(172) Humongous regions: 3->3
[2024-10-11T04:35:00.921+0800][info] GC(172) Metaspace: 1615K(1792K)->1615K(1792K) NonClass: 1491K(1600K)->1491K(1600K) Class: 124K(192K)->124K(192K)
[2024-10-11T04:35:00.921+0800][info] GC(172) Pause Young (Mixed) (G1 Preventive Collection) 120M->122M(128M) 1.754ms
[2024-10-11T04:35:00.921+0800][info] GC(172) User=0.00s Sys=0.00s Real=0.00s
[2024-10-11T04:35:00.961+0800][info] GC(173) Pause Young (Mixed) (G1 Evacuation Pause)
[2024-10-11T04:35:00.961+0800][info] GC(173) Using 3 workers of 48 for evacuation
[2024-10-11T04:35:00.963+0800][info] GC(173) To-space exhausted
[2024-10-11T04:35:00.963+0800][info] GC(173)   Pre Evacuate Collection Set: 0.1ms
[2024-10-11T04:35:00.963+0800][info] GC(173)   Merge Heap Roots: 0.1ms
[2024-10-11T04:35:00.963+0800][info] GC(173)   Evacuate Collection Set: 0.5ms
[2024-10-11T04:35:00.963+0800][info] GC(173)   Post Evacuate Collection Set: 0.7ms
[2024-10-11T04:35:00.963+0800][info] GC(173)   Other: 0.2ms
[2024-10-11T04:35:00.963+0800][info] GC(173) Eden regions: 1->0(3)
[2024-10-11T04:35:00.963+0800][info] GC(173) Survivor regions: 1->0(0)
[2024-10-11T04:35:00.963+0800][info] GC(173) Old regions: 57->59
[2024-10-11T04:35:00.963+0800][info] GC(173) Archive regions: 2->2
[2024-10-11T04:35:00.963+0800][info] GC(173) Humongous regions: 3->3
[2024-10-11T04:35:00.963+0800][info] GC(173) Metaspace: 1615K(1792K)->1615K(1792K) NonClass: 1491K(1600K)->1491K(1600K) Class: 124K(192K)->124K(192K)
[2024-10-11T04:35:00.963+0800][info] GC(173) Pause Young (Mixed) (G1 Evacuation Pause) 124M->124M(128M) 1.680ms
[2024-10-11T04:35:00.963+0800][info] GC(173) User=0.01s Sys=0.00s Real=0.00s
[2024-10-11T04:35:00.963+0800][info] Attempting full compaction
[2024-10-11T04:35:00.963+0800][info] GC(174) Using 3 workers of 48 for full compaction
[2024-10-11T04:35:00.963+0800][info] GC(174) Pause Full (G1 Compaction Pause)
[2024-10-11T04:35:00.963+0800][info] GC(174) Phase 1: Mark live objects
[2024-10-11T04:35:00.966+0800][info] GC(174) Phase 1: Mark live objects 3.096ms
[2024-10-11T04:35:00.966+0800][info] GC(174) Phase 2: Prepare for compaction
[2024-10-11T04:35:00.967+0800][info] GC(174) Phase 2: Prepare for compaction 0.553ms
[2024-10-11T04:35:00.967+0800][info] GC(174) Phase 3: Adjust pointers
[2024-10-11T04:35:00.968+0800][info] GC(174) Phase 3: Adjust pointers 1.449ms
[2024-10-11T04:35:00.968+0800][info] GC(174) Phase 4: Compact heap
[2024-10-11T04:35:00.979+0800][info] GC(174) Phase 4: Compact heap 11.020ms
[2024-10-11T04:35:00.981+0800][info] GC(174) Eden regions: 0->0(4)
[2024-10-11T04:35:00.981+0800][info] GC(174) Survivor regions: 0->0(0)
[2024-10-11T04:35:00.981+0800][info] GC(174) Old regions: 59->38
[2024-10-11T04:35:00.981+0800][info] GC(174) Archive regions: 2->2
[2024-10-11T04:35:00.981+0800][info] GC(174) Humongous regions: 3->3
[2024-10-11T04:35:00.981+0800][info] GC(174) Metaspace: 1615K(1792K)->1615K(1792K) NonClass: 1491K(1600K)->1491K(1600K) Class: 124K(192K)->124K(192K)
[2024-10-11T04:35:00.981+0800][info] GC(174) Pause Full (G1 Compaction Pause) 124M->71M(128M) 17.735ms
[2024-10-11T04:35:00.981+0800][info] GC(174) User=0.03s Sys=0.01s Real=0.02s
[2024-10-11T04:35:01.206+0800][info] GC(175) Pause Young (Normal) (G1 Evacuation Pause)
[2024-10-11T04:35:01.206+0800][info] GC(175) Using 3 workers of 48 for evacuation
[2024-10-11T04:35:01.208+0800][info] GC(175)   Pre Evacuate Collection Set: 0.1ms
[2024-10-11T04:35:01.208+0800][info] GC(175)   Merge Heap Roots: 0.0ms
[2024-10-11T04:35:01.208+0800][info] GC(175)   Evacuate Collection Set: 1.0ms
[2024-10-11T04:35:01.208+0800][info] GC(175)   Post Evacuate Collection Set: 0.2ms
[2024-10-11T04:35:01.208+0800][info] GC(175)   Other: 0.2ms
[2024-10-11T04:35:01.208+0800][info] GC(175) Eden regions: 4->0(2)
[2024-10-11T04:35:01.208+0800][info] GC(175) Survivor regions: 0->1(1)
[2024-10-11T04:35:01.208+0800][info] GC(175) Old regions: 38->42
[2024-10-11T04:35:01.208+0800][info] GC(175) Archive regions: 2->2
[2024-10-11T04:35:01.208+0800][info] GC(175) Humongous regions: 3->3
[2024-10-11T04:35:01.208+0800][info] GC(175) Metaspace: 1615K(1792K)->1615K(1792K) NonClass: 1491K(1600K)->1491K(1600K) Class: 124K(192K)->124K(192K)
[2024-10-11T04:35:01.208+0800][info] GC(175) Pause Young (Normal) (G1 Evacuation Pause) 78M->79M(128M) 1.711ms
[2024-10-11T04:35:01.208+0800][info] GC(175) User=0.00s Sys=0.00s Real=0.00s
[2024-10-11T04:35:01.310+0800][info] GC(176) Pause Young (Normal) (G1 Evacuation Pause)
[2024-10-11T04:35:01.310+0800][info] GC(176) Using 3 workers of 48 for evacuation
[2024-10-11T04:35:01.311+0800][info] GC(176)   Pre Evacuate Collection Set: 0.1ms
[2024-10-11T04:35:01.311+0800][info] GC(176)   Merge Heap Roots: 0.0ms
[2024-10-11T04:35:01.311+0800][info] GC(176)   Evacuate Collection Set: 0.6ms
[2024-10-11T04:35:01.311+0800][info] GC(176)   Post Evacuate Collection Set: 0.2ms
[2024-10-11T04:35:01.311+0800][info] GC(176)   Other: 0.2ms
[2024-10-11T04:35:01.311+0800][info] GC(176) Eden regions: 2->0(2)
[2024-10-11T04:35:01.311+0800][info] GC(176) Survivor regions: 1->1(1)
[2024-10-11T04:35:01.311+0800][info] GC(176) Old regions: 42->43
[2024-10-11T04:35:01.311+0800][info] GC(176) Archive regions: 2->2
[2024-10-11T04:35:01.311+0800][info] GC(176) Humongous regions: 3->3
[2024-10-11T04:35:01.311+0800][info] GC(176) Metaspace: 1617K(1792K)->1617K(1792K) NonClass: 1493K(1600K)->1493K(1600K) Class: 124K(192K)->124K(192K)
[2024-10-11T04:35:01.312+0800][info] GC(176) Pause Young (Normal) (G1 Evacuation Pause) 83M->82M(128M) 1.218ms
[2024-10-11T04:35:01.312+0800][info] GC(176) User=0.00s Sys=0.00s Real=0.00s
[2024-10-11T04:35:01.413+0800][info] GC(177) Pause Young (Normal) (G1 Evacuation Pause)
[2024-10-11T04:35:01.413+0800][info] GC(177) Using 3 workers of 48 for evacuation
[2024-10-11T04:35:01.415+0800][info] GC(177)   Pre Evacuate Collection Set: 0.1ms
[2024-10-11T04:35:01.415+0800][info] GC(177)   Merge Heap Roots: 0.0ms
[2024-10-11T04:35:01.415+0800][info] GC(177)   Evacuate Collection Set: 0.7ms
[2024-10-11T04:35:01.415+0800][info] GC(177)   Post Evacuate Collection Set: 0.2ms
[2024-10-11T04:35:01.415+0800][info] GC(177)   Other: 0.2ms
[2024-10-11T04:35:01.415+0800][info] GC(177) Eden regions: 2->0(2)
[2024-10-11T04:35:01.415+0800][info] GC(177) Survivor regions: 1->1(1)
[2024-10-11T04:35:01.415+0800][info] GC(177) Old regions: 43->45
[2024-10-11T04:35:01.415+0800][info] GC(177) Archive regions: 2->2
[2024-10-11T04:35:01.415+0800][info] GC(177) Humongous regions: 3->3
[2024-10-11T04:35:01.415+0800][info] GC(177) Metaspace: 1617K(1792K)->1617K(1792K) NonClass: 1493K(1600K)->1493K(1600K) Class: 124K(192K)->124K(192K)
[2024-10-11T04:35:01.415+0800][info] GC(177) Pause Young (Normal) (G1 Evacuation Pause) 86M->86M(128M) 1.313ms
[2024-10-11T04:35:01.415+0800][info] GC(177) User=0.00s Sys=0.00s Real=0.00s
[2024-10-11T04:35:01.517+0800][info] GC(178) Pause Young (Normal) (G1 Evacuation Pause)
[2024-10-11T04:35:01.517+0800][info] GC(178) Using 3 workers of 48 for evacuation
[2024-10-11T04:35:01.518+0800][info] GC(178)   Pre Evacuate Collection Set: 0.1ms
[2024-10-11T04:35:01.518+0800][info] GC(178)   Merge Heap Roots: 0.0ms
[2024-10-11T04:35:01.518+0800][info] GC(178)   Evacuate Collection Set: 0.7ms
[2024-10-11T04:35:01.518+0800][info] GC(178)   Post Evacuate Collection Set: 0.2ms
[2024-10-11T04:35:01.518+0800][info] GC(178)   Other: 0.2ms
[2024-10-11T04:35:01.518+0800][info] GC(178) Eden regions: 2->0(2)
[2024-10-11T04:35:01.518+0800][info] GC(178) Survivor regions: 1->1(1)
[2024-10-11T04:35:01.518+0800][info] GC(178) Old regions: 45->47
[2024-10-11T04:35:01.518+0800][info] GC(178) Archive regions: 2->2
[2024-10-11T04:35:01.518+0800][info] GC(178) Humongous regions: 3->3
[2024-10-11T04:35:01.518+0800][info] GC(178) Metaspace: 1617K(1792K)->1617K(1792K) NonClass: 1493K(1600K)->1493K(1600K) Class: 124K(192K)->124K(192K)
[2024-10-11T04:35:01.518+0800][info] GC(178) Pause Young (Normal) (G1 Evacuation Pause) 90M->90M(128M) 1.333ms
[2024-10-11T04:35:01.518+0800][info] GC(178) User=0.00s Sys=0.00s Real=0.00s
[2024-10-11T04:35:01.620+0800][info] GC(179) Pause Young (Concurrent Start) (G1 Evacuation Pause)
[2024-10-11T04:35:01.620+0800][info] GC(179) Using 3 workers of 48 for evacuation
[2024-10-11T04:35:01.621+0800][info] GC(179)   Pre Evacuate Collection Set: 0.1ms
[2024-10-11T04:35:01.621+0800][info] GC(179)   Merge Heap Roots: 0.0ms
[2024-10-11T04:35:01.621+0800][info] GC(179)   Evacuate Collection Set: 0.8ms
[2024-10-11T04:35:01.621+0800][info] GC(179)   Post Evacuate Collection Set: 0.2ms
[2024-10-11T04:35:01.621+0800][info] GC(179)   Other: 0.3ms
[2024-10-11T04:35:01.622+0800][info] GC(179) Eden regions: 2->0(2)
[2024-10-11T04:35:01.622+0800][info] GC(179) Survivor regions: 1->1(1)
[2024-10-11T04:35:01.622+0800][info] GC(179) Old regions: 47->49
[2024-10-11T04:35:01.622+0800][info] GC(179) Archive regions: 2->2
[2024-10-11T04:35:01.622+0800][info] GC(179) Humongous regions: 3->3
[2024-10-11T04:35:01.622+0800][info] GC(179) Metaspace: 1617K(1792K)->1617K(1792K) NonClass: 1493K(1600K)->1493K(1600K) Class: 124K(192K)->124K(192K)
[2024-10-11T04:35:01.622+0800][info] GC(179) Pause Young (Concurrent Start) (G1 Evacuation Pause) 94M->94M(128M) 1.488ms
[2024-10-11T04:35:01.622+0800][info] GC(179) User=0.01s Sys=0.00s Real=0.00s
[2024-10-11T04:35:01.622+0800][info] GC(180) Concurrent Mark Cycle
[2024-10-11T04:35:01.622+0800][info] GC(180) Concurrent Clear Claimed Marks
[2024-10-11T04:35:01.622+0800][info] GC(180) Concurrent Clear Claimed Marks 0.017ms
[2024-10-11T04:35:01.622+0800][info] GC(180) Concurrent Scan Root Regions
[2024-10-11T04:35:01.622+0800][info] GC(180) Concurrent Scan Root Regions 0.106ms
[2024-10-11T04:35:01.622+0800][info] GC(180) Concurrent Mark
[2024-10-11T04:35:01.622+0800][info] GC(180) Concurrent Mark From Roots
[2024-10-11T04:35:01.622+0800][info] GC(180) Using 12 workers of 12 for marking
[2024-10-11T04:35:01.626+0800][info] GC(180) Concurrent Mark From Roots 4.068ms
[2024-10-11T04:35:01.626+0800][info] GC(180) Concurrent Preclean
[2024-10-11T04:35:01.628+0800][info] GC(180) Concurrent Preclean 1.671ms
[2024-10-11T04:35:01.628+0800][info] GC(180) Pause Remark
[2024-10-11T04:35:01.629+0800][info] GC(180) Pause Remark 95M->95M(128M) 1.438ms
[2024-10-11T04:35:01.629+0800][info] GC(180) User=0.01s Sys=0.00s Real=0.00s
[2024-10-11T04:35:01.629+0800][info] GC(180) Concurrent Mark 7.500ms
[2024-10-11T04:35:01.629+0800][info] GC(180) Concurrent Rebuild Remembered Sets
[2024-10-11T04:35:01.631+0800][info] GC(180) Concurrent Rebuild Remembered Sets 1.211ms
[2024-10-11T04:35:01.631+0800][info] GC(180) Pause Cleanup
[2024-10-11T04:35:01.631+0800][info] GC(180) Pause Cleanup 95M->95M(128M) 0.167ms
[2024-10-11T04:35:01.631+0800][info] GC(180) User=0.00s Sys=0.00s Real=0.00s
[2024-10-11T04:35:01.631+0800][info] GC(180) Concurrent Cleanup for Next Mark
[2024-10-11T04:35:01.631+0800][info] GC(180) Concurrent Cleanup for Next Mark 0.417ms
[2024-10-11T04:35:01.631+0800][info] GC(180) Concurrent Mark Cycle 9.716ms
[2024-10-11T04:35:01.775+0800][info] GC(181) Pause Young (Prepare Mixed) (G1 Evacuation Pause)
[2024-10-11T04:35:01.775+0800][info] GC(181) Using 3 workers of 48 for evacuation
[2024-10-11T04:35:01.777+0800][info] GC(181)   Pre Evacuate Collection Set: 0.1ms
[2024-10-11T04:35:01.777+0800][info] GC(181)   Merge Heap Roots: 0.0ms
[2024-10-11T04:35:01.777+0800][info] GC(181)   Evacuate Collection Set: 0.9ms
[2024-10-11T04:35:01.777+0800][info] GC(181)   Post Evacuate Collection Set: 0.2ms
[2024-10-11T04:35:01.777+0800][info] GC(181)   Other: 0.2ms
[2024-10-11T04:35:01.777+0800][info] GC(181) Eden regions: 2->0(2)
[2024-10-11T04:35:01.777+0800][info] GC(181) Survivor regions: 1->1(1)
[2024-10-11T04:35:01.777+0800][info] GC(181) Old regions: 49->51
[2024-10-11T04:35:01.777+0800][info] GC(181) Archive regions: 2->2
[2024-10-11T04:35:01.777+0800][info] GC(181) Humongous regions: 3->3
[2024-10-11T04:35:01.777+0800][info] GC(181) Metaspace: 1617K(1792K)->1617K(1792K) NonClass: 1493K(1600K)->1493K(1600K) Class: 124K(192K)->124K(192K)
[2024-10-11T04:35:01.777+0800][info] GC(181) Pause Young (Prepare Mixed) (G1 Evacuation Pause) 98M->98M(128M) 1.573ms
[2024-10-11T04:35:01.777+0800][info] GC(181) User=0.01s Sys=0.00s Real=0.00s
[2024-10-11T04:35:01.879+0800][info] GC(182) Pause Young (Mixed) (G1 Preventive Collection)
[2024-10-11T04:35:01.879+0800][info] GC(182) Using 3 workers of 48 for evacuation
[2024-10-11T04:35:01.880+0800][info] GC(182)   Pre Evacuate Collection Set: 0.1ms
[2024-10-11T04:35:01.880+0800][info] GC(182)   Merge Heap Roots: 0.1ms
[2024-10-11T04:35:01.880+0800][info] GC(182)   Evacuate Collection Set: 1.3ms
[2024-10-11T04:35:01.880+0800][info] GC(182)   Post Evacuate Collection Set: 0.2ms
[2024-10-11T04:35:01.880+0800][info] GC(182)   Other: 0.2ms
[2024-10-11T04:35:01.880+0800][info] GC(182) Eden regions: 2->0(2)
[2024-10-11T04:35:01.880+0800][info] GC(182) Survivor regions: 1->1(1)
[2024-10-11T04:35:01.880+0800][info] GC(182) Old regions: 51->48
[2024-10-11T04:35:01.880+0800][info] GC(182) Archive regions: 2->2
[2024-10-11T04:35:01.880+0800][info] GC(182) Humongous regions: 3->3
[2024-10-11T04:35:01.880+0800][info] GC(182) Metaspace: 1617K(1792K)->1617K(1792K) NonClass: 1493K(1600K)->1493K(1600K) Class: 124K(192K)->124K(192K)
[2024-10-11T04:35:01.881+0800][info] GC(182) Pause Young (Mixed) (G1 Preventive Collection) 101M->96M(128M) 1.948ms
[2024-10-11T04:35:01.881+0800][info] GC(182) User=0.00s Sys=0.00s Real=0.00s
[2024-10-11T04:35:01.983+0800][info] GC(183) Pause Young (Mixed) (G1 Evacuation Pause)
[2024-10-11T04:35:01.983+0800][info] GC(183) Using 3 workers of 48 for evacuation
[2024-10-11T04:35:01.985+0800][info] GC(183)   Pre Evacuate Collection Set: 0.1ms
[2024-10-11T04:35:01.985+0800][info] GC(183)   Merge Heap Roots: 0.1ms
[2024-10-11T04:35:01.985+0800][info] GC(183)   Evacuate Collection Set: 1.7ms
[2024-10-11T04:35:01.985+0800][info] GC(183)   Post Evacuate Collection Set: 0.2ms
[2024-10-11T04:35:01.985+0800][info] GC(183)   Other: 0.1ms
[2024-10-11T04:35:01.985+0800][info] GC(183) Eden regions: 2->0(2)
[2024-10-11T04:35:01.985+0800][info] GC(183) Survivor regions: 1->1(1)
[2024-10-11T04:35:01.985+0800][info] GC(183) Old regions: 48->47
[2024-10-11T04:35:01.985+0800][info] GC(183) Archive regions: 2->2
[2024-10-11T04:35:01.985+0800][info] GC(183) Humongous regions: 3->3
[2024-10-11T04:35:01.985+0800][info] GC(183) Metaspace: 1623K(1792K)->1623K(1792K) NonClass: 1499K(1600K)->1499K(1600K) Class: 124K(192K)->124K(192K)
[2024-10-11T04:35:01.985+0800][info] GC(183) Pause Young (Mixed) (G1 Evacuation Pause) 99M->95M(128M) 2.401ms
[2024-10-11T04:35:01.985+0800][info] GC(183) User=0.01s Sys=0.00s Real=0.01s
[2024-10-11T04:35:02.087+0800][info] GC(184) Pause Young (Mixed) (G1 Evacuation Pause)
[2024-10-11T04:35:02.087+0800][info] GC(184) Using 3 workers of 48 for evacuation
[2024-10-11T04:35:02.089+0800][info] GC(184)   Pre Evacuate Collection Set: 0.1ms
[2024-10-11T04:35:02.090+0800][info] GC(184)   Merge Heap Roots: 0.1ms
[2024-10-11T04:35:02.090+0800][info] GC(184)   Evacuate Collection Set: 1.9ms
[2024-10-11T04:35:02.090+0800][info] GC(184)   Post Evacuate Collection Set: 0.2ms
[2024-10-11T04:35:02.090+0800][info] GC(184)   Other: 0.1ms
[2024-10-11T04:35:02.090+0800][info] GC(184) Eden regions: 2->0(2)
[2024-10-11T04:35:02.090+0800][info] GC(184) Survivor regions: 1->1(1)
[2024-10-11T04:35:02.090+0800][info] GC(184) Old regions: 47->46
[2024-10-11T04:35:02.090+0800][info] GC(184) Archive regions: 2->2
[2024-10-11T04:35:02.090+0800][info] GC(184) Humongous regions: 3->3
[2024-10-11T04:35:02.090+0800][info] GC(184) Metaspace: 1623K(1792K)->1623K(1792K) NonClass: 1499K(1600K)->1499K(1600K) Class: 124K(192K)->124K(192K)
[2024-10-11T04:35:02.090+0800][info] GC(184) Pause Young (Mixed) (G1 Evacuation Pause) 99M->95M(128M) 2.550ms
[2024-10-11T04:35:02.090+0800][info] GC(184) User=0.01s Sys=0.00s Real=0.00s
[2024-10-11T04:35:02.192+0800][info] GC(185) Pause Young (Mixed) (G1 Evacuation Pause)
[2024-10-11T04:35:02.192+0800][info] GC(185) Using 3 workers of 48 for evacuation
[2024-10-11T04:35:02.195+0800][info] GC(185)   Pre Evacuate Collection Set: 0.1ms
[2024-10-11T04:35:02.195+0800][info] GC(185)   Merge Heap Roots: 0.1ms
[2024-10-11T04:35:02.195+0800][info] GC(185)   Evacuate Collection Set: 2.1ms
[2024-10-11T04:35:02.195+0800][info] GC(185)   Post Evacuate Collection Set: 0.2ms
[2024-10-11T04:35:02.195+0800][info] GC(185)   Other: 0.1ms
[2024-10-11T04:35:02.195+0800][info] GC(185) Eden regions: 2->0(2)
[2024-10-11T04:35:02.195+0800][info] GC(185) Survivor regions: 1->1(1)
[2024-10-11T04:35:02.195+0800][info] GC(185) Old regions: 46->46
[2024-10-11T04:35:02.195+0800][info] GC(185) Archive regions: 2->2
[2024-10-11T04:35:02.195+0800][info] GC(185) Humongous regions: 3->3
[2024-10-11T04:35:02.195+0800][info] GC(185) Metaspace: 1623K(1792K)->1623K(1792K) NonClass: 1499K(1600K)->1499K(1600K) Class: 124K(192K)->124K(192K)
[2024-10-11T04:35:02.195+0800][info] GC(185) Pause Young (Mixed) (G1 Evacuation Pause) 99M->96M(128M) 2.789ms
[2024-10-11T04:35:02.195+0800][info] GC(185) User=0.01s Sys=0.00s Real=0.01s
[2024-10-11T04:35:02.297+0800][info] GC(186) Pause Young (Mixed) (G1 Evacuation Pause)
[2024-10-11T04:35:02.297+0800][info] GC(186) Using 3 workers of 48 for evacuation
[2024-10-11T04:35:02.299+0800][info] GC(186)   Pre Evacuate Collection Set: 0.1ms
[2024-10-11T04:35:02.299+0800][info] GC(186)   Merge Heap Roots: 0.1ms
[2024-10-11T04:35:02.299+0800][info] GC(186)   Evacuate Collection Set: 1.4ms
[2024-10-11T04:35:02.299+0800][info] GC(186)   Post Evacuate Collection Set: 0.2ms
[2024-10-11T04:35:02.299+0800][info] GC(186)   Other: 0.1ms
[2024-10-11T04:35:02.299+0800][info] GC(186) Eden regions: 2->0(2)
[2024-10-11T04:35:02.299+0800][info] GC(186) Survivor regions: 1->1(1)
[2024-10-11T04:35:02.299+0800][info] GC(186) Old regions: 46->48
[2024-10-11T04:35:02.299+0800][info] GC(186) Archive regions: 2->2
[2024-10-11T04:35:02.299+0800][info] GC(186) Humongous regions: 3->3
[2024-10-11T04:35:02.299+0800][info] GC(186) Metaspace: 1623K(1792K)->1623K(1792K) NonClass: 1499K(1600K)->1499K(1600K) Class: 124K(192K)->124K(192K)
[2024-10-11T04:35:02.299+0800][info] GC(186) Pause Young (Mixed) (G1 Evacuation Pause) 100M->101M(128M) 1.998ms
[2024-10-11T04:35:02.299+0800][info] GC(186) User=0.00s Sys=0.00s Real=0.00s
[2024-10-11T04:35:02.401+0800][info] GC(187) Pause Young (Normal) (G1 Evacuation Pause)
[2024-10-11T04:35:02.401+0800][info] GC(187) Using 3 workers of 48 for evacuation
[2024-10-11T04:35:02.403+0800][info] GC(187)   Pre Evacuate Collection Set: 0.1ms
[2024-10-11T04:35:02.403+0800][info] GC(187)   Merge Heap Roots: 0.0ms
[2024-10-11T04:35:02.403+0800][info] GC(187)   Evacuate Collection Set: 0.8ms
[2024-10-11T04:35:02.403+0800][info] GC(187)   Post Evacuate Collection Set: 0.2ms
[2024-10-11T04:35:02.403+0800][info] GC(187)   Other: 0.2ms
[2024-10-11T04:35:02.403+0800][info] GC(187) Eden regions: 2->0(2)
[2024-10-11T04:35:02.403+0800][info] GC(187) Survivor regions: 1->1(1)
[2024-10-11T04:35:02.403+0800][info] GC(187) Old regions: 48->49
[2024-10-11T04:35:02.403+0800][info] GC(187) Archive regions: 2->2
[2024-10-11T04:35:02.403+0800][info] GC(187) Humongous regions: 3->3
[2024-10-11T04:35:02.403+0800][info] GC(187) Metaspace: 1623K(1792K)->1623K(1792K) NonClass: 1499K(1600K)->1499K(1600K) Class: 124K(192K)->124K(192K)
[2024-10-11T04:35:02.403+0800][info] GC(187) Pause Young (Normal) (G1 Evacuation Pause) 104M->104M(128M) 1.435ms
[2024-10-11T04:35:02.403+0800][info] GC(187) User=0.00s Sys=0.00s Real=0.00s
[2024-10-11T04:35:02.505+0800][info] GC(188) Pause Young (Normal) (G1 Evacuation Pause)
[2024-10-11T04:35:02.505+0800][info] GC(188) Using 3 workers of 48 for evacuation
[2024-10-11T04:35:02.506+0800][info] GC(188)   Pre Evacuate Collection Set: 0.1ms
[2024-10-11T04:35:02.506+0800][info] GC(188)   Merge Heap Roots: 0.1ms
[2024-10-11T04:35:02.506+0800][info] GC(188)   Evacuate Collection Set: 0.7ms
[2024-10-11T04:35:02.506+0800][info] GC(188)   Post Evacuate Collection Set: 0.2ms
[2024-10-11T04:35:02.506+0800][info] GC(188)   Other: 0.2ms
[2024-10-11T04:35:02.506+0800][info] GC(188) Eden regions: 2->0(2)
[2024-10-11T04:35:02.506+0800][info] GC(188) Survivor regions: 1->1(1)
[2024-10-11T04:35:02.506+0800][info] GC(188) Old regions: 49->51
[2024-10-11T04:35:02.506+0800][info] GC(188) Archive regions: 2->2
[2024-10-11T04:35:02.506+0800][info] GC(188) Humongous regions: 3->3
[2024-10-11T04:35:02.506+0800][info] GC(188) Metaspace: 1623K(1792K)->1623K(1792K) NonClass: 1499K(1600K)->1499K(1600K) Class: 124K(192K)->124K(192K)
[2024-10-11T04:35:02.506+0800][info] GC(188) Pause Young (Normal) (G1 Evacuation Pause) 107M->108M(128M) 1.280ms
[2024-10-11T04:35:02.506+0800][info] GC(188) User=0.01s Sys=0.00s Real=0.01s
[2024-10-11T04:35:02.608+0800][info] GC(189) Pause Young (Concurrent Start) (G1 Evacuation Pause)
[2024-10-11T04:35:02.608+0800][info] GC(189) Using 3 workers of 48 for evacuation
[2024-10-11T04:35:02.610+0800][info] GC(189)   Pre Evacuate Collection Set: 0.1ms
[2024-10-11T04:35:02.610+0800][info] GC(189)   Merge Heap Roots: 0.0ms
[2024-10-11T04:35:02.610+0800][info] GC(189)   Evacuate Collection Set: 0.8ms
[2024-10-11T04:35:02.610+0800][info] GC(189)   Post Evacuate Collection Set: 0.2ms
[2024-10-11T04:35:02.610+0800][info] GC(189)   Other: 0.3ms
[2024-10-11T04:35:02.610+0800][info] GC(189) Eden regions: 2->0(2)
[2024-10-11T04:35:02.610+0800][info] GC(189) Survivor regions: 1->1(1)
[2024-10-11T04:35:02.610+0800][info] GC(189) Old regions: 51->53
[2024-10-11T04:35:02.610+0800][info] GC(189) Archive regions: 2->2
[2024-10-11T04:35:02.610+0800][info] GC(189) Humongous regions: 3->3
[2024-10-11T04:35:02.610+0800][info] GC(189) Metaspace: 1623K(1792K)->1623K(1792K) NonClass: 1499K(1600K)->1499K(1600K) Class: 124K(192K)->124K(192K)
[2024-10-11T04:35:02.610+0800][info] GC(189) Pause Young (Concurrent Start) (G1 Evacuation Pause) 111M->111M(128M) 1.502ms
[2024-10-11T04:35:02.610+0800][info] GC(189) User=0.00s Sys=0.00s Real=0.00s
[2024-10-11T04:35:02.610+0800][info] GC(190) Concurrent Mark Cycle
[2024-10-11T04:35:02.610+0800][info] GC(190) Concurrent Clear Claimed Marks
[2024-10-11T04:35:02.610+0800][info] GC(190) Concurrent Clear Claimed Marks 0.017ms
[2024-10-11T04:35:02.610+0800][info] GC(190) Concurrent Scan Root Regions
[2024-10-11T04:35:02.610+0800][info] GC(190) Concurrent Scan Root Regions 0.112ms
[2024-10-11T04:35:02.610+0800][info] GC(190) Concurrent Mark
[2024-10-11T04:35:02.610+0800][info] GC(190) Concurrent Mark From Roots
[2024-10-11T04:35:02.610+0800][info] GC(190) Using 12 workers of 12 for marking
[2024-10-11T04:35:02.614+0800][info] GC(190) Concurrent Mark From Roots 4.249ms
[2024-10-11T04:35:02.614+0800][info] GC(190) Concurrent Preclean
[2024-10-11T04:35:02.616+0800][info] GC(190) Concurrent Preclean 1.678ms
[2024-10-11T04:35:02.616+0800][info] GC(190) Pause Remark
[2024-10-11T04:35:02.617+0800][info] GC(190) Pause Remark 112M->110M(128M) 1.357ms
[2024-10-11T04:35:02.618+0800][info] GC(190) User=0.00s Sys=0.00s Real=0.00s
[2024-10-11T04:35:02.618+0800][info] GC(190) Concurrent Mark 7.520ms
[2024-10-11T04:35:02.618+0800][info] GC(190) Concurrent Rebuild Remembered Sets
[2024-10-11T04:35:02.619+0800][info] GC(190) Concurrent Rebuild Remembered Sets 1.290ms
[2024-10-11T04:35:02.619+0800][info] GC(190) Pause Cleanup
[2024-10-11T04:35:02.619+0800][info] GC(190) Pause Cleanup 110M->110M(128M) 0.258ms
[2024-10-11T04:35:02.619+0800][info] GC(190) User=0.00s Sys=0.00s Real=0.00s
[2024-10-11T04:35:02.619+0800][info] GC(190) Concurrent Cleanup for Next Mark
[2024-10-11T04:35:02.620+0800][info] GC(190) Concurrent Cleanup for Next Mark 0.370ms
[2024-10-11T04:35:02.620+0800][info] GC(190) Concurrent Mark Cycle 9.948ms
[2024-10-11T04:35:02.763+0800][info] GC(191) Pause Young (Prepare Mixed) (G1 Preventive Collection)
[2024-10-11T04:35:02.763+0800][info] GC(191) Using 3 workers of 48 for evacuation
[2024-10-11T04:35:02.764+0800][info] GC(191)   Pre Evacuate Collection Set: 0.1ms
[2024-10-11T04:35:02.764+0800][info] GC(191)   Merge Heap Roots: 0.1ms
[2024-10-11T04:35:02.764+0800][info] GC(191)   Evacuate Collection Set: 0.8ms
[2024-10-11T04:35:02.764+0800][info] GC(191)   Post Evacuate Collection Set: 0.2ms
[2024-10-11T04:35:02.764+0800][info] GC(191)   Other: 0.2ms
[2024-10-11T04:35:02.764+0800][info] GC(191) Eden regions: 2->0(2)
[2024-10-11T04:35:02.764+0800][info] GC(191) Survivor regions: 1->1(1)
[2024-10-11T04:35:02.764+0800][info] GC(191) Old regions: 52->54
[2024-10-11T04:35:02.764+0800][info] GC(191) Archive regions: 2->2
[2024-10-11T04:35:02.764+0800][info] GC(191) Humongous regions: 3->3
[2024-10-11T04:35:02.764+0800][info] GC(191) Metaspace: 1623K(1792K)->1623K(1792K) NonClass: 1499K(1600K)->1499K(1600K) Class: 124K(192K)->124K(192K)
[2024-10-11T04:35:02.764+0800][info] GC(191) Pause Young (Prepare Mixed) (G1 Preventive Collection) 113M->114M(128M) 1.455ms
[2024-10-11T04:35:02.764+0800][info] GC(191) User=0.01s Sys=0.00s Real=0.00s
[2024-10-11T04:35:02.826+0800][info] GC(192) Pause Young (Mixed) (G1 Preventive Collection)
[2024-10-11T04:35:02.826+0800][info] GC(192) Using 3 workers of 48 for evacuation
[2024-10-11T04:35:02.827+0800][info] GC(192) To-space exhausted
[2024-10-11T04:35:02.827+0800][info] GC(192)   Pre Evacuate Collection Set: 0.1ms
[2024-10-11T04:35:02.827+0800][info] GC(192)   Merge Heap Roots: 0.1ms
[2024-10-11T04:35:02.827+0800][info] GC(192)   Evacuate Collection Set: 0.9ms
[2024-10-11T04:35:02.827+0800][info] GC(192)   Post Evacuate Collection Set: 0.3ms
[2024-10-11T04:35:02.827+0800][info] GC(192)   Other: 0.2ms
[2024-10-11T04:35:02.827+0800][info] GC(192) Eden regions: 1->0(2)
[2024-10-11T04:35:02.827+0800][info] GC(192) Survivor regions: 1->1(1)
[2024-10-11T04:35:02.827+0800][info] GC(192) Old regions: 54->56
[2024-10-11T04:35:02.827+0800][info] GC(192) Archive regions: 2->2
[2024-10-11T04:35:02.827+0800][info] GC(192) Humongous regions: 3->3
[2024-10-11T04:35:02.827+0800][info] GC(192) Metaspace: 1623K(1792K)->1623K(1792K) NonClass: 1499K(1600K)->1499K(1600K) Class: 124K(192K)->124K(192K)
[2024-10-11T04:35:02.827+0800][info] GC(192) Pause Young (Mixed) (G1 Preventive Collection) 116M->118M(128M) 1.678ms
[2024-10-11T04:35:02.827+0800][info] GC(192) User=0.00s Sys=0.00s Real=0.00s
[2024-10-11T04:35:02.848+0800][info] GC(193) Pause Young (Mixed) (G1 Preventive Collection)
[2024-10-11T04:35:02.848+0800][info] GC(193) Using 3 workers of 48 for evacuation
[2024-10-11T04:35:02.850+0800][info] GC(193) To-space exhausted
[2024-10-11T04:35:02.850+0800][info] GC(193)   Pre Evacuate Collection Set: 0.1ms
[2024-10-11T04:35:02.850+0800][info] GC(193)   Merge Heap Roots: 0.1ms
[2024-10-11T04:35:02.850+0800][info] GC(193)   Evacuate Collection Set: 0.7ms
[2024-10-11T04:35:02.850+0800][info] GC(193)   Post Evacuate Collection Set: 0.8ms
[2024-10-11T04:35:02.850+0800][info] GC(193)   Other: 0.2ms
[2024-10-11T04:35:02.850+0800][info] GC(193) Eden regions: 1->0(2)
[2024-10-11T04:35:02.850+0800][info] GC(193) Survivor regions: 1->1(1)
[2024-10-11T04:35:02.850+0800][info] GC(193) Old regions: 56->57
[2024-10-11T04:35:02.850+0800][info] GC(193) Archive regions: 2->2
[2024-10-11T04:35:02.850+0800][info] GC(193) Humongous regions: 3->3
[2024-10-11T04:35:02.850+0800][info] GC(193) Metaspace: 1623K(1792K)->1623K(1792K) NonClass: 1499K(1600K)->1499K(1600K) Class: 124K(192K)->124K(192K)
[2024-10-11T04:35:02.850+0800][info] GC(193) Pause Young (Mixed) (G1 Preventive Collection) 119M->119M(128M) 1.958ms
[2024-10-11T04:35:02.850+0800][info] GC(193) User=0.00s Sys=0.00s Real=0.00s
[2024-10-11T04:35:02.850+0800][info] GC(194) Pause Young (Mixed) (G1 Evacuation Pause)
[2024-10-11T04:35:02.850+0800][info] GC(194) Using 3 workers of 48 for evacuation
[2024-10-11T04:35:02.852+0800][info] GC(194) To-space exhausted
[2024-10-11T04:35:02.852+0800][info] GC(194)   Pre Evacuate Collection Set: 0.1ms
[2024-10-11T04:35:02.852+0800][info] GC(194)   Merge Heap Roots: 0.1ms
[2024-10-11T04:35:02.852+0800][info] GC(194)   Evacuate Collection Set: 0.7ms
[2024-10-11T04:35:02.852+0800][info] GC(194)   Post Evacuate Collection Set: 0.6ms
[2024-10-11T04:35:02.852+0800][info] GC(194)   Other: 0.1ms
[2024-10-11T04:35:02.852+0800][info] GC(194) Eden regions: 0->0(3)
[2024-10-11T04:35:02.852+0800][info] GC(194) Survivor regions: 1->0(0)
[2024-10-11T04:35:02.852+0800][info] GC(194) Old regions: 57->58
[2024-10-11T04:35:02.852+0800][info] GC(194) Archive regions: 2->2
[2024-10-11T04:35:02.852+0800][info] GC(194) Humongous regions: 4->3
[2024-10-11T04:35:02.852+0800][info] GC(194) Metaspace: 1623K(1792K)->1623K(1792K) NonClass: 1499K(1600K)->1499K(1600K) Class: 124K(192K)->124K(192K)
[2024-10-11T04:35:02.852+0800][info] GC(194) Pause Young (Mixed) (G1 Evacuation Pause) 121M->119M(128M) 1.645ms
[2024-10-11T04:35:02.852+0800][info] GC(194) User=0.01s Sys=0.00s Real=0.00s
[2024-10-11T04:35:02.914+0800][info] GC(195) Pause Young (Mixed) (G1 Evacuation Pause)
[2024-10-11T04:35:02.914+0800][info] GC(195) Using 3 workers of 48 for evacuation
[2024-10-11T04:35:02.915+0800][info] GC(195) To-space exhausted
[2024-10-11T04:35:02.915+0800][info] GC(195)   Pre Evacuate Collection Set: 0.1ms
[2024-10-11T04:35:02.915+0800][info] GC(195)   Merge Heap Roots: 0.1ms
[2024-10-11T04:35:02.915+0800][info] GC(195)   Evacuate Collection Set: 0.7ms
[2024-10-11T04:35:02.915+0800][info] GC(195)   Post Evacuate Collection Set: 0.7ms
[2024-10-11T04:35:02.915+0800][info] GC(195)   Other: 0.2ms
[2024-10-11T04:35:02.915+0800][info] GC(195) Eden regions: 1->0(3)
[2024-10-11T04:35:02.915+0800][info] GC(195) Survivor regions: 0->0(0)
[2024-10-11T04:35:02.915+0800][info] GC(195) Old regions: 58->59
[2024-10-11T04:35:02.916+0800][info] GC(195) Archive regions: 2->2
[2024-10-11T04:35:02.916+0800][info] GC(195) Humongous regions: 3->3
[2024-10-11T04:35:02.916+0800][info] GC(195) Metaspace: 1623K(1792K)->1623K(1792K) NonClass: 1499K(1600K)->1499K(1600K) Class: 124K(192K)->124K(192K)
[2024-10-11T04:35:02.916+0800][info] GC(195) Pause Young (Mixed) (G1 Evacuation Pause) 121M->121M(128M) 1.896ms
[2024-10-11T04:35:02.916+0800][info] GC(195) User=0.00s Sys=0.00s Real=0.00s
[2024-10-11T04:35:02.916+0800][info] Attempting full compaction
[2024-10-11T04:35:02.916+0800][info] GC(196) Using 3 workers of 48 for full compaction
[2024-10-11T04:35:02.916+0800][info] GC(196) Pause Full (G1 Compaction Pause)
[2024-10-11T04:35:02.916+0800][info] GC(196) Phase 1: Mark live objects
[2024-10-11T04:35:02.919+0800][info] GC(196) Phase 1: Mark live objects 3.237ms
[2024-10-11T04:35:02.919+0800][info] GC(196) Phase 2: Prepare for compaction
[2024-10-11T04:35:02.920+0800][info] GC(196) Phase 2: Prepare for compaction 0.546ms
[2024-10-11T04:35:02.920+0800][info] GC(196) Phase 3: Adjust pointers
[2024-10-11T04:35:02.921+0800][info] GC(196) Phase 3: Adjust pointers 1.437ms
[2024-10-11T04:35:02.921+0800][info] GC(196) Phase 4: Compact heap
[2024-10-11T04:35:02.932+0800][info] GC(196) Phase 4: Compact heap 10.743ms
[2024-10-11T04:35:02.933+0800][info] GC(196) Eden regions: 0->0(4)
[2024-10-11T04:35:02.933+0800][info] GC(196) Survivor regions: 0->0(0)
[2024-10-11T04:35:02.933+0800][info] GC(196) Old regions: 59->37
[2024-10-11T04:35:02.933+0800][info] GC(196) Archive regions: 2->2
[2024-10-11T04:35:02.933+0800][info] GC(196) Humongous regions: 3->3
[2024-10-11T04:35:02.933+0800][info] GC(196) Metaspace: 1623K(1792K)->1623K(1792K) NonClass: 1499K(1600K)->1499K(1600K) Class: 124K(192K)->124K(192K)
[2024-10-11T04:35:02.933+0800][info] GC(196) Pause Full (G1 Compaction Pause) 121M->71M(128M) 17.582ms
[2024-10-11T04:35:02.933+0800][info] GC(196) User=0.04s Sys=0.00s Real=0.02s
[2024-10-11T04:35:03.158+0800][info] GC(197) Pause Young (Normal) (G1 Evacuation Pause)
[2024-10-11T04:35:03.159+0800][info] GC(197) Using 3 workers of 48 for evacuation
[2024-10-11T04:35:03.160+0800][info] GC(197)   Pre Evacuate Collection Set: 0.1ms
[2024-10-11T04:35:03.160+0800][info] GC(197)   Merge Heap Roots: 0.0ms
[2024-10-11T04:35:03.160+0800][info] GC(197)   Evacuate Collection Set: 1.1ms
[2024-10-11T04:35:03.160+0800][info] GC(197)   Post Evacuate Collection Set: 0.2ms
[2024-10-11T04:35:03.160+0800][info] GC(197)   Other: 0.2ms
[2024-10-11T04:35:03.160+0800][info] GC(197) Eden regions: 4->0(3)
[2024-10-11T04:35:03.160+0800][info] GC(197) Survivor regions: 0->1(1)
[2024-10-11T04:35:03.160+0800][info] GC(197) Old regions: 37->40
[2024-10-11T04:35:03.160+0800][info] GC(197) Archive regions: 2->2
[2024-10-11T04:35:03.160+0800][info] GC(197) Humongous regions: 3->3
[2024-10-11T04:35:03.160+0800][info] GC(197) Metaspace: 1623K(1792K)->1623K(1792K) NonClass: 1499K(1600K)->1499K(1600K) Class: 124K(192K)->124K(192K)
[2024-10-11T04:35:03.160+0800][info] GC(197) Pause Young (Normal) (G1 Evacuation Pause) 78M->78M(128M) 1.745ms
[2024-10-11T04:35:03.160+0800][info] GC(197) User=0.01s Sys=0.00s Real=0.00s
[2024-10-11T04:35:03.323+0800][info] GC(198) Pause Young (Normal) (G1 Evacuation Pause)
[2024-10-11T04:35:03.323+0800][info] GC(198) Using 3 workers of 48 for evacuation
[2024-10-11T04:35:03.324+0800][info] GC(198)   Pre Evacuate Collection Set: 0.1ms
[2024-10-11T04:35:03.324+0800][info] GC(198)   Merge Heap Roots: 0.0ms
[2024-10-11T04:35:03.324+0800][info] GC(198)   Evacuate Collection Set: 0.9ms
[2024-10-11T04:35:03.325+0800][info] GC(198)   Post Evacuate Collection Set: 0.2ms
[2024-10-11T04:35:03.325+0800][info] GC(198)   Other: 0.2ms
[2024-10-11T04:35:03.325+0800][info] GC(198) Eden regions: 3->0(2)
[2024-10-11T04:35:03.325+0800][info] GC(198) Survivor regions: 1->1(1)
[2024-10-11T04:35:03.325+0800][info] GC(198) Old regions: 40->43
[2024-10-11T04:35:03.325+0800][info] GC(198) Archive regions: 2->2
[2024-10-11T04:35:03.325+0800][info] GC(198) Humongous regions: 3->3
[2024-10-11T04:35:03.325+0800][info] GC(198) Metaspace: 1623K(1792K)->1623K(1792K) NonClass: 1499K(1600K)->1499K(1600K) Class: 124K(192K)->124K(192K)
[2024-10-11T04:35:03.325+0800][info] GC(198) Pause Young (Normal) (G1 Evacuation Pause) 84M->84M(128M) 1.454ms
[2024-10-11T04:35:03.325+0800][info] GC(198) User=0.00s Sys=0.00s Real=0.00s
[2024-10-11T04:35:03.427+0800][info] GC(199) Pause Young (Normal) (G1 Evacuation Pause)
[2024-10-11T04:35:03.427+0800][info] GC(199) Using 3 workers of 48 for evacuation
[2024-10-11T04:35:03.428+0800][info] GC(199)   Pre Evacuate Collection Set: 0.1ms
[2024-10-11T04:35:03.428+0800][info] GC(199)   Merge Heap Roots: 0.0ms
[2024-10-11T04:35:03.428+0800][info] GC(199)   Evacuate Collection Set: 0.7ms
[2024-10-11T04:35:03.428+0800][info] GC(199)   Post Evacuate Collection Set: 0.2ms
[2024-10-11T04:35:03.428+0800][info] GC(199)   Other: 0.2ms
[2024-10-11T04:35:03.428+0800][info] GC(199) Eden regions: 2->0(2)
[2024-10-11T04:35:03.428+0800][info] GC(199) Survivor regions: 1->1(1)
[2024-10-11T04:35:03.428+0800][info] GC(199) Old regions: 43->45
[2024-10-11T04:35:03.428+0800][info] GC(199) Archive regions: 2->2
[2024-10-11T04:35:03.428+0800][info] GC(199) Humongous regions: 3->3
[2024-10-11T04:35:03.428+0800][info] GC(199) Metaspace: 1623K(1792K)->1623K(1792K) NonClass: 1499K(1600K)->1499K(1600K) Class: 124K(192K)->124K(192K)
[2024-10-11T04:35:03.428+0800][info] GC(199) Pause Young (Normal) (G1 Evacuation Pause) 88M->88M(128M) 1.345ms
[2024-10-11T04:35:03.428+0800][info] GC(199) User=0.01s Sys=0.00s Real=0.00s
[2024-10-11T04:35:03.530+0800][info] GC(200) Pause Young (Normal) (G1 Evacuation Pause)
[2024-10-11T04:35:03.530+0800][info] GC(200) Using 3 workers of 48 for evacuation
[2024-10-11T04:35:03.531+0800][info] GC(200)   Pre Evacuate Collection Set: 0.1ms
[2024-10-11T04:35:03.531+0800][info] GC(200)   Merge Heap Roots: 0.0ms
[2024-10-11T04:35:03.531+0800][info] GC(200)   Evacuate Collection Set: 0.7ms
[2024-10-11T04:35:03.531+0800][info] GC(200)   Post Evacuate Collection Set: 0.2ms
[2024-10-11T04:35:03.531+0800][info] GC(200)   Other: 0.2ms
[2024-10-11T04:35:03.531+0800][info] GC(200) Eden regions: 2->0(2)
[2024-10-11T04:35:03.531+0800][info] GC(200) Survivor regions: 1->1(1)
[2024-10-11T04:35:03.531+0800][info] GC(200) Old regions: 45->47
[2024-10-11T04:35:03.531+0800][info] GC(200) Archive regions: 2->2
[2024-10-11T04:35:03.531+0800][info] GC(200) Humongous regions: 3->3
[2024-10-11T04:35:03.531+0800][info] GC(200) Metaspace: 1623K(1792K)->1623K(1792K) NonClass: 1499K(1600K)->1499K(1600K) Class: 124K(192K)->124K(192K)
[2024-10-11T04:35:03.531+0800][info] GC(200) Pause Young (Normal) (G1 Evacuation Pause) 92M->92M(128M) 1.289ms
[2024-10-11T04:35:03.531+0800][info] GC(200) User=0.00s Sys=0.00s Real=0.00s
[2024-10-11T04:35:03.633+0800][info] GC(201) Pause Young (Concurrent Start) (G1 Evacuation Pause)
[2024-10-11T04:35:03.633+0800][info] GC(201) Using 3 workers of 48 for evacuation
[2024-10-11T04:35:03.635+0800][info] GC(201)   Pre Evacuate Collection Set: 0.1ms
[2024-10-11T04:35:03.635+0800][info] GC(201)   Merge Heap Roots: 0.0ms
[2024-10-11T04:35:03.635+0800][info] GC(201)   Evacuate Collection Set: 0.7ms
[2024-10-11T04:35:03.635+0800][info] GC(201)   Post Evacuate Collection Set: 0.2ms
[2024-10-11T04:35:03.635+0800][info] GC(201)   Other: 0.3ms
[2024-10-11T04:35:03.635+0800][info] GC(201) Eden regions: 2->0(2)
[2024-10-11T04:35:03.635+0800][info] GC(201) Survivor regions: 1->1(1)
[2024-10-11T04:35:03.635+0800][info] GC(201) Old regions: 47->49
[2024-10-11T04:35:03.635+0800][info] GC(201) Archive regions: 2->2
[2024-10-11T04:35:03.635+0800][info] GC(201) Humongous regions: 3->3
[2024-10-11T04:35:03.635+0800][info] GC(201) Metaspace: 1623K(1792K)->1623K(1792K) NonClass: 1499K(1600K)->1499K(1600K) Class: 124K(192K)->124K(192K)
[2024-10-11T04:35:03.635+0800][info] GC(201) Pause Young (Concurrent Start) (G1 Evacuation Pause) 95M->96M(128M) 1.441ms
[2024-10-11T04:35:03.635+0800][info] GC(201) User=0.00s Sys=0.00s Real=0.00s
[2024-10-11T04:35:03.635+0800][info] GC(202) Concurrent Mark Cycle
[2024-10-11T04:35:03.635+0800][info] GC(202) Concurrent Clear Claimed Marks
[2024-10-11T04:35:03.635+0800][info] GC(202) Concurrent Clear Claimed Marks 0.017ms
[2024-10-11T04:35:03.635+0800][info] GC(202) Concurrent Scan Root Regions
[2024-10-11T04:35:03.635+0800][info] GC(202) Concurrent Scan Root Regions 0.110ms
[2024-10-11T04:35:03.635+0800][info] GC(202) Concurrent Mark
[2024-10-11T04:35:03.635+0800][info] GC(202) Concurrent Mark From Roots
[2024-10-11T04:35:03.635+0800][info] GC(202) Using 12 workers of 12 for marking
[2024-10-11T04:35:03.639+0800][info] GC(202) Concurrent Mark From Roots 3.562ms
[2024-10-11T04:35:03.639+0800][info] GC(202) Concurrent Preclean
[2024-10-11T04:35:03.640+0800][info] GC(202) Concurrent Preclean 1.672ms
[2024-10-11T04:35:03.641+0800][info] GC(202) Pause Remark
[2024-10-11T04:35:03.642+0800][info] GC(202) Pause Remark 96M->96M(128M) 1.332ms
[2024-10-11T04:35:03.642+0800][info] GC(202) User=0.01s Sys=0.00s Real=0.00s
[2024-10-11T04:35:03.642+0800][info] GC(202) Concurrent Mark 6.836ms
[2024-10-11T04:35:03.642+0800][info] GC(202) Concurrent Rebuild Remembered Sets
[2024-10-11T04:35:03.643+0800][info] GC(202) Concurrent Rebuild Remembered Sets 1.329ms
[2024-10-11T04:35:03.644+0800][info] GC(202) Pause Cleanup
[2024-10-11T04:35:03.644+0800][info] GC(202) Pause Cleanup 96M->96M(128M) 0.196ms
[2024-10-11T04:35:03.644+0800][info] GC(202) User=0.00s Sys=0.00s Real=0.00s
[2024-10-11T04:35:03.644+0800][info] GC(202) Concurrent Cleanup for Next Mark
[2024-10-11T04:35:03.644+0800][info] GC(202) Concurrent Cleanup for Next Mark 0.364ms
[2024-10-11T04:35:03.644+0800][info] GC(202) Concurrent Mark Cycle 9.223ms
[2024-10-11T04:35:03.788+0800][info] GC(203) Pause Young (Prepare Mixed) (G1 Evacuation Pause)
[2024-10-11T04:35:03.788+0800][info] GC(203) Using 3 workers of 48 for evacuation
[2024-10-11T04:35:03.790+0800][info] GC(203)   Pre Evacuate Collection Set: 0.1ms
[2024-10-11T04:35:03.790+0800][info] GC(203)   Merge Heap Roots: 0.0ms
[2024-10-11T04:35:03.790+0800][info] GC(203)   Evacuate Collection Set: 1.0ms
[2024-10-11T04:35:03.790+0800][info] GC(203)   Post Evacuate Collection Set: 0.2ms
[2024-10-11T04:35:03.790+0800][info] GC(203)   Other: 0.2ms
[2024-10-11T04:35:03.790+0800][info] GC(203) Eden regions: 2->0(2)
[2024-10-11T04:35:03.790+0800][info] GC(203) Survivor regions: 1->1(1)
[2024-10-11T04:35:03.790+0800][info] GC(203) Old regions: 49->51
[2024-10-11T04:35:03.790+0800][info] GC(203) Archive regions: 2->2
[2024-10-11T04:35:03.790+0800][info] GC(203) Humongous regions: 3->3
[2024-10-11T04:35:03.790+0800][info] GC(203) Metaspace: 1623K(1792K)->1623K(1792K) NonClass: 1499K(1600K)->1499K(1600K) Class: 124K(192K)->124K(192K)
[2024-10-11T04:35:03.790+0800][info] GC(203) Pause Young (Prepare Mixed) (G1 Evacuation Pause) 99M->100M(128M) 1.585ms
[2024-10-11T04:35:03.790+0800][info] GC(203) User=0.00s Sys=0.01s Real=0.00s
[2024-10-11T04:35:03.892+0800][info] GC(204) Pause Young (Mixed) (G1 Preventive Collection)
[2024-10-11T04:35:03.892+0800][info] GC(204) Using 3 workers of 48 for evacuation
[2024-10-11T04:35:03.893+0800][info] GC(204)   Pre Evacuate Collection Set: 0.1ms
[2024-10-11T04:35:03.893+0800][info] GC(204)   Merge Heap Roots: 0.1ms
[2024-10-11T04:35:03.893+0800][info] GC(204)   Evacuate Collection Set: 1.2ms
[2024-10-11T04:35:03.893+0800][info] GC(204)   Post Evacuate Collection Set: 0.2ms
[2024-10-11T04:35:03.893+0800][info] GC(204)   Other: 0.2ms
[2024-10-11T04:35:03.893+0800][info] GC(204) Eden regions: 2->0(2)
[2024-10-11T04:35:03.893+0800][info] GC(204) Survivor regions: 1->1(1)
[2024-10-11T04:35:03.893+0800][info] GC(204) Old regions: 51->48
[2024-10-11T04:35:03.893+0800][info] GC(204) Archive regions: 2->2
[2024-10-11T04:35:03.893+0800][info] GC(204) Humongous regions: 3->3
[2024-10-11T04:35:03.893+0800][info] GC(204) Metaspace: 1623K(1792K)->1623K(1792K) NonClass: 1499K(1600K)->1499K(1600K) Class: 124K(192K)->124K(192K)
[2024-10-11T04:35:03.893+0800][info] GC(204) Pause Young (Mixed) (G1 Preventive Collection) 103M->97M(128M) 1.951ms
[2024-10-11T04:35:03.894+0800][info] GC(204) User=0.00s Sys=0.00s Real=0.01s
[2024-10-11T04:35:03.996+0800][info] GC(205) Pause Young (Mixed) (G1 Evacuation Pause)
[2024-10-11T04:35:03.996+0800][info] GC(205) Using 3 workers of 48 for evacuation
[2024-10-11T04:35:03.998+0800][info] GC(205)   Pre Evacuate Collection Set: 0.1ms
[2024-10-11T04:35:03.998+0800][info] GC(205)   Merge Heap Roots: 0.1ms
[2024-10-11T04:35:03.998+0800][info] GC(205)   Evacuate Collection Set: 1.6ms
[2024-10-11T04:35:03.998+0800][info] GC(205)   Post Evacuate Collection Set: 0.2ms
[2024-10-11T04:35:03.998+0800][info] GC(205)   Other: 0.2ms
[2024-10-11T04:35:03.998+0800][info] GC(205) Eden regions: 2->0(2)
[2024-10-11T04:35:03.998+0800][info] GC(205) Survivor regions: 1->1(1)
[2024-10-11T04:35:03.998+0800][info] GC(205) Old regions: 48->45
[2024-10-11T04:35:03.998+0800][info] GC(205) Archive regions: 2->2
[2024-10-11T04:35:03.998+0800][info] GC(205) Humongous regions: 3->3
[2024-10-11T04:35:03.998+0800][info] GC(205) Metaspace: 1623K(1792K)->1623K(1792K) NonClass: 1499K(1600K)->1499K(1600K) Class: 124K(192K)->124K(192K)
[2024-10-11T04:35:03.998+0800][info] GC(205) Pause Young (Mixed) (G1 Evacuation Pause) 100M->94M(128M) 2.208ms
[2024-10-11T04:35:03.998+0800][info] GC(205) User=0.01s Sys=0.00s Real=0.00s
[2024-10-11T04:35:04.100+0800][info] GC(206) Pause Young (Mixed) (G1 Evacuation Pause)
[2024-10-11T04:35:04.100+0800][info] GC(206) Using 3 workers of 48 for evacuation
[2024-10-11T04:35:04.102+0800][info] GC(206)   Pre Evacuate Collection Set: 0.1ms
[2024-10-11T04:35:04.102+0800][info] GC(206)   Merge Heap Roots: 0.1ms
[2024-10-11T04:35:04.102+0800][info] GC(206)   Evacuate Collection Set: 2.0ms
[2024-10-11T04:35:04.102+0800][info] GC(206)   Post Evacuate Collection Set: 0.2ms
[2024-10-11T04:35:04.102+0800][info] GC(206)   Other: 0.1ms
[2024-10-11T04:35:04.102+0800][info] GC(206) Eden regions: 2->0(2)
[2024-10-11T04:35:04.102+0800][info] GC(206) Survivor regions: 1->1(1)
[2024-10-11T04:35:04.102+0800][info] GC(206) Old regions: 45->44
[2024-10-11T04:35:04.102+0800][info] GC(206) Archive regions: 2->2
[2024-10-11T04:35:04.102+0800][info] GC(206) Humongous regions: 3->3
[2024-10-11T04:35:04.102+0800][info] GC(206) Metaspace: 1623K(1792K)->1623K(1792K) NonClass: 1499K(1600K)->1499K(1600K) Class: 124K(192K)->124K(192K)
[2024-10-11T04:35:04.103+0800][info] GC(206) Pause Young (Mixed) (G1 Evacuation Pause) 97M->93M(128M) 2.603ms
[2024-10-11T04:35:04.103+0800][info] GC(206) User=0.01s Sys=0.00s Real=0.00s
[2024-10-11T04:35:04.205+0800][info] GC(207) Pause Young (Mixed) (G1 Evacuation Pause)
[2024-10-11T04:35:04.205+0800][info] GC(207) Using 3 workers of 48 for evacuation
[2024-10-11T04:35:04.207+0800][info] GC(207)   Pre Evacuate Collection Set: 0.1ms
[2024-10-11T04:35:04.207+0800][info] GC(207)   Merge Heap Roots: 0.1ms
[2024-10-11T04:35:04.207+0800][info] GC(207)   Evacuate Collection Set: 1.6ms
[2024-10-11T04:35:04.207+0800][info] GC(207)   Post Evacuate Collection Set: 0.2ms
[2024-10-11T04:35:04.207+0800][info] GC(207)   Other: 0.2ms
[2024-10-11T04:35:04.207+0800][info] GC(207) Eden regions: 2->0(2)
[2024-10-11T04:35:04.207+0800][info] GC(207) Survivor regions: 1->1(1)
[2024-10-11T04:35:04.207+0800][info] GC(207) Old regions: 44->44
[2024-10-11T04:35:04.207+0800][info] GC(207) Archive regions: 2->2
[2024-10-11T04:35:04.207+0800][info] GC(207) Humongous regions: 3->3
[2024-10-11T04:35:04.207+0800][info] GC(207) Metaspace: 1623K(1792K)->1623K(1792K) NonClass: 1499K(1600K)->1499K(1600K) Class: 124K(192K)->124K(192K)
[2024-10-11T04:35:04.207+0800][info] GC(207) Pause Young (Mixed) (G1 Evacuation Pause) 96M->93M(128M) 2.300ms
[2024-10-11T04:35:04.207+0800][info] GC(207) User=0.00s Sys=0.00s Real=0.01s
[2024-10-11T04:35:04.309+0800][info] GC(208) Pause Young (Normal) (G1 Evacuation Pause)
[2024-10-11T04:35:04.309+0800][info] GC(208) Using 3 workers of 48 for evacuation
[2024-10-11T04:35:04.310+0800][info] GC(208)   Pre Evacuate Collection Set: 0.1ms
[2024-10-11T04:35:04.310+0800][info] GC(208)   Merge Heap Roots: 0.0ms
[2024-10-11T04:35:04.310+0800][info] GC(208)   Evacuate Collection Set: 0.8ms
[2024-10-11T04:35:04.310+0800][info] GC(208)   Post Evacuate Collection Set: 0.2ms
[2024-10-11T04:35:04.310+0800][info] GC(208)   Other: 0.2ms
[2024-10-11T04:35:04.310+0800][info] GC(208) Eden regions: 2->0(2)
[2024-10-11T04:35:04.310+0800][info] GC(208) Survivor regions: 1->1(1)
[2024-10-11T04:35:04.310+0800][info] GC(208) Old regions: 44->46
[2024-10-11T04:35:04.310+0800][info] GC(208) Archive regions: 2->2
[2024-10-11T04:35:04.310+0800][info] GC(208) Humongous regions: 3->3
[2024-10-11T04:35:04.310+0800][info] GC(208) Metaspace: 1623K(1792K)->1623K(1792K) NonClass: 1499K(1600K)->1499K(1600K) Class: 124K(192K)->124K(192K)
[2024-10-11T04:35:04.310+0800][info] GC(208) Pause Young (Normal) (G1 Evacuation Pause) 97M->98M(128M) 1.422ms
[2024-10-11T04:35:04.310+0800][info] GC(208) User=0.01s Sys=0.00s Real=0.00s
[2024-10-11T04:35:04.412+0800][info] GC(209) Pause Young (Normal) (G1 Evacuation Pause)
[2024-10-11T04:35:04.412+0800][info] GC(209) Using 3 workers of 48 for evacuation
[2024-10-11T04:35:04.414+0800][info] GC(209)   Pre Evacuate Collection Set: 0.1ms
[2024-10-11T04:35:04.414+0800][info] GC(209)   Merge Heap Roots: 0.0ms
[2024-10-11T04:35:04.414+0800][info] GC(209)   Evacuate Collection Set: 0.8ms
[2024-10-11T04:35:04.414+0800][info] GC(209)   Post Evacuate Collection Set: 0.2ms
[2024-10-11T04:35:04.414+0800][info] GC(209)   Other: 0.2ms
[2024-10-11T04:35:04.414+0800][info] GC(209) Eden regions: 2->0(2)
[2024-10-11T04:35:04.414+0800][info] GC(209) Survivor regions: 1->1(1)
[2024-10-11T04:35:04.414+0800][info] GC(209) Old regions: 46->48
[2024-10-11T04:35:04.414+0800][info] GC(209) Archive regions: 2->2
[2024-10-11T04:35:04.414+0800][info] GC(209) Humongous regions: 3->3
[2024-10-11T04:35:04.414+0800][info] GC(209) Metaspace: 1623K(1792K)->1623K(1792K) NonClass: 1499K(1600K)->1499K(1600K) Class: 124K(192K)->124K(192K)
[2024-10-11T04:35:04.414+0800][info] GC(209) Pause Young (Normal) (G1 Evacuation Pause) 101M->101M(128M) 1.374ms
[2024-10-11T04:35:04.414+0800][info] GC(209) User=0.00s Sys=0.00s Real=0.01s
[2024-10-11T04:35:04.516+0800][info] GC(210) Pause Young (Concurrent Start) (G1 Evacuation Pause)
[2024-10-11T04:35:04.516+0800][info] GC(210) Using 3 workers of 48 for evacuation
[2024-10-11T04:35:04.517+0800][info] GC(210)   Pre Evacuate Collection Set: 0.1ms
[2024-10-11T04:35:04.517+0800][info] GC(210)   Merge Heap Roots: 0.0ms
[2024-10-11T04:35:04.517+0800][info] GC(210)   Evacuate Collection Set: 0.8ms
[2024-10-11T04:35:04.517+0800][info] GC(210)   Post Evacuate Collection Set: 0.2ms
[2024-10-11T04:35:04.517+0800][info] GC(210)   Other: 0.3ms
[2024-10-11T04:35:04.517+0800][info] GC(210) Eden regions: 2->0(2)
[2024-10-11T04:35:04.517+0800][info] GC(210) Survivor regions: 1->1(1)
[2024-10-11T04:35:04.517+0800][info] GC(210) Old regions: 48->50
[2024-10-11T04:35:04.517+0800][info] GC(210) Archive regions: 2->2
[2024-10-11T04:35:04.517+0800][info] GC(210) Humongous regions: 3->3
[2024-10-11T04:35:04.517+0800][info] GC(210) Metaspace: 1623K(1792K)->1623K(1792K) NonClass: 1499K(1600K)->1499K(1600K) Class: 124K(192K)->124K(192K)
[2024-10-11T04:35:04.517+0800][info] GC(210) Pause Young (Concurrent Start) (G1 Evacuation Pause) 105M->105M(128M) 1.571ms
[2024-10-11T04:35:04.517+0800][info] GC(210) User=0.00s Sys=0.00s Real=0.00s
[2024-10-11T04:35:04.517+0800][info] GC(211) Concurrent Mark Cycle
[2024-10-11T04:35:04.517+0800][info] GC(211) Concurrent Clear Claimed Marks
[2024-10-11T04:35:04.517+0800][info] GC(211) Concurrent Clear Claimed Marks 0.017ms
[2024-10-11T04:35:04.517+0800][info] GC(211) Concurrent Scan Root Regions
[2024-10-11T04:35:04.517+0800][info] GC(211) Concurrent Scan Root Regions 0.128ms
[2024-10-11T04:35:04.517+0800][info] GC(211) Concurrent Mark
[2024-10-11T04:35:04.518+0800][info] GC(211) Concurrent Mark From Roots
[2024-10-11T04:35:04.518+0800][info] GC(211) Using 12 workers of 12 for marking
[2024-10-11T04:35:04.521+0800][info] GC(211) Concurrent Mark From Roots 3.919ms
[2024-10-11T04:35:04.521+0800][info] GC(211) Concurrent Preclean
[2024-10-11T04:35:04.523+0800][info] GC(211) Concurrent Preclean 1.672ms
[2024-10-11T04:35:04.523+0800][info] GC(211) Pause Remark
[2024-10-11T04:35:04.524+0800][info] GC(211) Pause Remark 106M->104M(128M) 1.279ms
[2024-10-11T04:35:04.525+0800][info] GC(211) User=0.00s Sys=0.00s Real=0.00s
[2024-10-11T04:35:04.525+0800][info] GC(211) Concurrent Mark 7.101ms
[2024-10-11T04:35:04.525+0800][info] GC(211) Concurrent Rebuild Remembered Sets
[2024-10-11T04:35:04.526+0800][info] GC(211) Concurrent Rebuild Remembered Sets 1.365ms
[2024-10-11T04:35:04.526+0800][info] GC(211) Pause Cleanup
[2024-10-11T04:35:04.526+0800][info] GC(211) Pause Cleanup 104M->104M(128M) 0.252ms
[2024-10-11T04:35:04.526+0800][info] GC(211) User=0.00s Sys=0.00s Real=0.00s
[2024-10-11T04:35:04.526+0800][info] GC(211) Concurrent Cleanup for Next Mark
[2024-10-11T04:35:04.527+0800][info] GC(211) Concurrent Cleanup for Next Mark 0.369ms
[2024-10-11T04:35:04.527+0800][info] GC(211) Concurrent Mark Cycle 9.591ms
[2024-10-11T04:35:04.670+0800][info] GC(212) Pause Young (Prepare Mixed) (G1 Evacuation Pause)
[2024-10-11T04:35:04.671+0800][info] GC(212) Using 3 workers of 48 for evacuation
[2024-10-11T04:35:04.672+0800][info] GC(212)   Pre Evacuate Collection Set: 0.1ms
[2024-10-11T04:35:04.672+0800][info] GC(212)   Merge Heap Roots: 0.1ms
[2024-10-11T04:35:04.672+0800][info] GC(212)   Evacuate Collection Set: 0.9ms
[2024-10-11T04:35:04.672+0800][info] GC(212)   Post Evacuate Collection Set: 0.2ms
[2024-10-11T04:35:04.672+0800][info] GC(212)   Other: 0.2ms
[2024-10-11T04:35:04.672+0800][info] GC(212) Eden regions: 2->0(2)
[2024-10-11T04:35:04.672+0800][info] GC(212) Survivor regions: 1->1(1)
[2024-10-11T04:35:04.672+0800][info] GC(212) Old regions: 49->51
[2024-10-11T04:35:04.672+0800][info] GC(212) Archive regions: 2->2
[2024-10-11T04:35:04.672+0800][info] GC(212) Humongous regions: 3->3
[2024-10-11T04:35:04.672+0800][info] GC(212) Metaspace: 1623K(1792K)->1623K(1792K) NonClass: 1499K(1600K)->1499K(1600K) Class: 124K(192K)->124K(192K)
[2024-10-11T04:35:04.672+0800][info] GC(212) Pause Young (Prepare Mixed) (G1 Evacuation Pause) 107M->108M(128M) 1.575ms
[2024-10-11T04:35:04.672+0800][info] GC(212) User=0.00s Sys=0.00s Real=0.00s
[2024-10-11T04:35:04.774+0800][info] GC(213) Pause Young (Mixed) (G1 Preventive Collection)
[2024-10-11T04:35:04.774+0800][info] GC(213) Using 3 workers of 48 for evacuation
[2024-10-11T04:35:04.776+0800][info] GC(213) To-space exhausted
[2024-10-11T04:35:04.776+0800][info] GC(213)   Pre Evacuate Collection Set: 0.1ms
[2024-10-11T04:35:04.776+0800][info] GC(213)   Merge Heap Roots: 0.0ms
[2024-10-11T04:35:04.776+0800][info] GC(213)   Evacuate Collection Set: 1.4ms
[2024-10-11T04:35:04.776+0800][info] GC(213)   Post Evacuate Collection Set: 0.2ms
[2024-10-11T04:35:04.776+0800][info] GC(213)   Other: 0.2ms
[2024-10-11T04:35:04.776+0800][info] GC(213) Eden regions: 2->0(2)
[2024-10-11T04:35:04.776+0800][info] GC(213) Survivor regions: 1->1(1)
[2024-10-11T04:35:04.776+0800][info] GC(213) Old regions: 51->49
[2024-10-11T04:35:04.776+0800][info] GC(213) Archive regions: 2->2
[2024-10-11T04:35:04.776+0800][info] GC(213) Humongous regions: 3->3
[2024-10-11T04:35:04.776+0800][info] GC(213) Metaspace: 1623K(1792K)->1623K(1792K) NonClass: 1499K(1600K)->1499K(1600K) Class: 124K(192K)->124K(192K)
[2024-10-11T04:35:04.776+0800][info] GC(213) Pause Young (Mixed) (G1 Preventive Collection) 111M->105M(128M) 2.090ms
[2024-10-11T04:35:04.776+0800][info] GC(213) User=0.00s Sys=0.00s Real=0.00s
[2024-10-11T04:35:04.878+0800][info] GC(214) Pause Young (Mixed) (G1 Preventive Collection)
[2024-10-11T04:35:04.878+0800][info] GC(214) Using 3 workers of 48 for evacuation
[2024-10-11T04:35:04.881+0800][info] GC(214)   Pre Evacuate Collection Set: 0.1ms
[2024-10-11T04:35:04.881+0800][info] GC(214)   Merge Heap Roots: 0.1ms
[2024-10-11T04:35:04.881+0800][info] GC(214)   Evacuate Collection Set: 1.8ms
[2024-10-11T04:35:04.881+0800][info] GC(214)   Post Evacuate Collection Set: 0.2ms
[2024-10-11T04:35:04.881+0800][info] GC(214)   Other: 0.1ms
[2024-10-11T04:35:04.881+0800][info] GC(214) Eden regions: 2->0(2)
[2024-10-11T04:35:04.881+0800][info] GC(214) Survivor regions: 1->1(1)
[2024-10-11T04:35:04.881+0800][info] GC(214) Old regions: 49->48
[2024-10-11T04:35:04.881+0800][info] GC(214) Archive regions: 2->2
[2024-10-11T04:35:04.881+0800][info] GC(214) Humongous regions: 3->3
[2024-10-11T04:35:04.881+0800][info] GC(214) Metaspace: 1623K(1792K)->1623K(1792K) NonClass: 1499K(1600K)->1499K(1600K) Class: 124K(192K)->124K(192K)
[2024-10-11T04:35:04.881+0800][info] GC(214) Pause Young (Mixed) (G1 Preventive Collection) 109M->103M(128M) 2.465ms
[2024-10-11T04:35:04.881+0800][info] GC(214) User=0.01s Sys=0.00s Real=0.00s
[2024-10-11T04:35:04.983+0800][info] GC(215) Pause Young (Mixed) (G1 Evacuation Pause)
[2024-10-11T04:35:04.983+0800][info] GC(215) Using 3 workers of 48 for evacuation
[2024-10-11T04:35:04.985+0800][info] GC(215)   Pre Evacuate Collection Set: 0.1ms
[2024-10-11T04:35:04.985+0800][info] GC(215)   Merge Heap Roots: 0.1ms
[2024-10-11T04:35:04.985+0800][info] GC(215)   Evacuate Collection Set: 2.2ms
[2024-10-11T04:35:04.985+0800][info] GC(215)   Post Evacuate Collection Set: 0.2ms
[2024-10-11T04:35:04.986+0800][info] GC(215)   Other: 0.1ms
[2024-10-11T04:35:04.986+0800][info] GC(215) Eden regions: 2->0(2)
[2024-10-11T04:35:04.986+0800][info] GC(215) Survivor regions: 1->1(1)
[2024-10-11T04:35:04.986+0800][info] GC(215) Old regions: 48->47
[2024-10-11T04:35:04.986+0800][info] GC(215) Archive regions: 2->2
[2024-10-11T04:35:04.986+0800][info] GC(215) Humongous regions: 3->3
[2024-10-11T04:35:04.986+0800][info] GC(215) Metaspace: 1623K(1792K)->1623K(1792K) NonClass: 1499K(1600K)->1499K(1600K) Class: 124K(192K)->124K(192K)
[2024-10-11T04:35:04.986+0800][info] GC(215) Pause Young (Mixed) (G1 Evacuation Pause) 106M->101M(128M) 2.810ms
[2024-10-11T04:35:04.986+0800][info] GC(215) User=0.01s Sys=0.00s Real=0.01s
[2024-10-11T04:35:05.088+0800][info] GC(216) Pause Young (Mixed) (G1 Evacuation Pause)
[2024-10-11T04:35:05.088+0800][info] GC(216) Using 3 workers of 48 for evacuation
[2024-10-11T04:35:05.091+0800][info] GC(216)   Pre Evacuate Collection Set: 0.1ms
[2024-10-11T04:35:05.091+0800][info] GC(216)   Merge Heap Roots: 0.1ms
[2024-10-11T04:35:05.091+0800][info] GC(216)   Evacuate Collection Set: 2.1ms
[2024-10-11T04:35:05.091+0800][info] GC(216)   Post Evacuate Collection Set: 0.2ms
[2024-10-11T04:35:05.091+0800][info] GC(216)   Other: 0.1ms
[2024-10-11T04:35:05.091+0800][info] GC(216) Eden regions: 2->0(2)
[2024-10-11T04:35:05.091+0800][info] GC(216) Survivor regions: 1->1(1)
[2024-10-11T04:35:05.091+0800][info] GC(216) Old regions: 47->46
[2024-10-11T04:35:05.091+0800][info] GC(216) Archive regions: 2->2
[2024-10-11T04:35:05.091+0800][info] GC(216) Humongous regions: 4->3
[2024-10-11T04:35:05.091+0800][info] GC(216) Metaspace: 1623K(1792K)->1623K(1792K) NonClass: 1499K(1600K)->1499K(1600K) Class: 124K(192K)->124K(192K)
[2024-10-11T04:35:05.091+0800][info] GC(216) Pause Young (Mixed) (G1 Evacuation Pause) 106M->100M(128M) 2.777ms
[2024-10-11T04:35:05.091+0800][info] GC(216) User=0.01s Sys=0.00s Real=0.00s
[2024-10-11T04:35:05.193+0800][info] GC(217) Pause Young (Mixed) (G1 Evacuation Pause)
[2024-10-11T04:35:05.193+0800][info] GC(217) Using 3 workers of 48 for evacuation
[2024-10-11T04:35:05.195+0800][info] GC(217)   Pre Evacuate Collection Set: 0.1ms
[2024-10-11T04:35:05.195+0800][info] GC(217)   Merge Heap Roots: 0.0ms
[2024-10-11T04:35:05.195+0800][info] GC(217)   Evacuate Collection Set: 1.0ms
[2024-10-11T04:35:05.195+0800][info] GC(217)   Post Evacuate Collection Set: 0.2ms
[2024-10-11T04:35:05.195+0800][info] GC(217)   Other: 0.2ms
[2024-10-11T04:35:05.195+0800][info] GC(217) Eden regions: 2->0(2)
[2024-10-11T04:35:05.195+0800][info] GC(217) Survivor regions: 1->1(1)
[2024-10-11T04:35:05.195+0800][info] GC(217) Old regions: 46->48
[2024-10-11T04:35:05.195+0800][info] GC(217) Archive regions: 2->2
[2024-10-11T04:35:05.195+0800][info] GC(217) Humongous regions: 3->3
[2024-10-11T04:35:05.195+0800][info] GC(217) Metaspace: 1623K(1792K)->1623K(1792K) NonClass: 1499K(1600K)->1499K(1600K) Class: 124K(192K)->124K(192K)
[2024-10-11T04:35:05.195+0800][info] GC(217) Pause Young (Mixed) (G1 Evacuation Pause) 104M->104M(128M) 1.624ms
[2024-10-11T04:35:05.195+0800][info] GC(217) User=0.00s Sys=0.00s Real=0.00s
[2024-10-11T04:35:05.297+0800][info] GC(218) Pause Young (Normal) (G1 Evacuation Pause)
[2024-10-11T04:35:05.297+0800][info] GC(218) Using 3 workers of 48 for evacuation
[2024-10-11T04:35:05.298+0800][info] GC(218)   Pre Evacuate Collection Set: 0.1ms
[2024-10-11T04:35:05.298+0800][info] GC(218)   Merge Heap Roots: 0.0ms
[2024-10-11T04:35:05.298+0800][info] GC(218)   Evacuate Collection Set: 0.7ms
[2024-10-11T04:35:05.298+0800][info] GC(218)   Post Evacuate Collection Set: 0.2ms
[2024-10-11T04:35:05.298+0800][info] GC(218)   Other: 0.2ms
[2024-10-11T04:35:05.298+0800][info] GC(218) Eden regions: 2->0(2)
[2024-10-11T04:35:05.298+0800][info] GC(218) Survivor regions: 1->1(1)
[2024-10-11T04:35:05.298+0800][info] GC(218) Old regions: 48->50
[2024-10-11T04:35:05.298+0800][info] GC(218) Archive regions: 2->2
[2024-10-11T04:35:05.298+0800][info] GC(218) Humongous regions: 3->3
[2024-10-11T04:35:05.298+0800][info] GC(218) Metaspace: 1623K(1792K)->1623K(1792K) NonClass: 1499K(1600K)->1499K(1600K) Class: 124K(192K)->124K(192K)
[2024-10-11T04:35:05.298+0800][info] GC(218) Pause Young (Normal) (G1 Evacuation Pause) 107M->108M(128M) 1.333ms
[2024-10-11T04:35:05.298+0800][info] GC(218) User=0.01s Sys=0.00s Real=0.00s
[2024-10-11T04:35:05.400+0800][info] GC(219) Pause Young (Concurrent Start) (G1 Evacuation Pause)
[2024-10-11T04:35:05.400+0800][info] GC(219) Using 3 workers of 48 for evacuation
[2024-10-11T04:35:05.402+0800][info] GC(219)   Pre Evacuate Collection Set: 0.1ms
[2024-10-11T04:35:05.402+0800][info] GC(219)   Merge Heap Roots: 0.0ms
[2024-10-11T04:35:05.402+0800][info] GC(219)   Evacuate Collection Set: 0.8ms
[2024-10-11T04:35:05.402+0800][info] GC(219)   Post Evacuate Collection Set: 0.2ms
[2024-10-11T04:35:05.402+0800][info] GC(219)   Other: 0.3ms
[2024-10-11T04:35:05.402+0800][info] GC(219) Eden regions: 2->0(2)
[2024-10-11T04:35:05.402+0800][info] GC(219) Survivor regions: 1->1(1)
[2024-10-11T04:35:05.402+0800][info] GC(219) Old regions: 50->52
[2024-10-11T04:35:05.402+0800][info] GC(219) Archive regions: 2->2
[2024-10-11T04:35:05.402+0800][info] GC(219) Humongous regions: 3->3
[2024-10-11T04:35:05.402+0800][info] GC(219) Metaspace: 1623K(1792K)->1623K(1792K) NonClass: 1499K(1600K)->1499K(1600K) Class: 124K(192K)->124K(192K)
[2024-10-11T04:35:05.402+0800][info] GC(219) Pause Young (Concurrent Start) (G1 Evacuation Pause) 111M->111M(128M) 1.601ms
[2024-10-11T04:35:05.402+0800][info] GC(219) User=0.00s Sys=0.00s Real=0.00s
[2024-10-11T04:35:05.402+0800][info] GC(220) Concurrent Mark Cycle
[2024-10-11T04:35:05.402+0800][info] GC(220) Concurrent Clear Claimed Marks
[2024-10-11T04:35:05.402+0800][info] GC(220) Concurrent Clear Claimed Marks 0.017ms
[2024-10-11T04:35:05.402+0800][info] GC(220) Concurrent Scan Root Regions
[2024-10-11T04:35:05.402+0800][info] GC(220) Concurrent Scan Root Regions 0.122ms
[2024-10-11T04:35:05.402+0800][info] GC(220) Concurrent Mark
[2024-10-11T04:35:05.402+0800][info] GC(220) Concurrent Mark From Roots
[2024-10-11T04:35:05.402+0800][info] GC(220) Using 12 workers of 12 for marking
[2024-10-11T04:35:05.406+0800][info] GC(220) Concurrent Mark From Roots 3.458ms
[2024-10-11T04:35:05.406+0800][info] GC(220) Concurrent Preclean
[2024-10-11T04:35:05.407+0800][info] GC(220) Concurrent Preclean 1.675ms
[2024-10-11T04:35:05.407+0800][info] GC(220) Pause Remark
[2024-10-11T04:35:05.409+0800][info] GC(220) Pause Remark 112M->112M(128M) 1.410ms
[2024-10-11T04:35:05.409+0800][info] GC(220) User=0.00s Sys=0.00s Real=0.00s
[2024-10-11T04:35:05.409+0800][info] GC(220) Concurrent Mark 6.799ms
[2024-10-11T04:35:05.409+0800][info] GC(220) Concurrent Rebuild Remembered Sets
[2024-10-11T04:35:05.410+0800][info] GC(220) Concurrent Rebuild Remembered Sets 1.427ms
[2024-10-11T04:35:05.410+0800][info] GC(220) Pause Cleanup
[2024-10-11T04:35:05.411+0800][info] GC(220) Pause Cleanup 112M->112M(128M) 0.250ms
[2024-10-11T04:35:05.411+0800][info] GC(220) User=0.00s Sys=0.00s Real=0.00s
[2024-10-11T04:35:05.411+0800][info] GC(220) Concurrent Cleanup for Next Mark
[2024-10-11T04:35:05.411+0800][info] GC(220) Concurrent Cleanup for Next Mark 0.409ms
[2024-10-11T04:35:05.411+0800][info] GC(220) Concurrent Mark Cycle 9.383ms
[2024-10-11T04:35:05.555+0800][info] GC(221) Pause Young (Prepare Mixed) (G1 Preventive Collection)
[2024-10-11T04:35:05.555+0800][info] GC(221) Using 3 workers of 48 for evacuation
[2024-10-11T04:35:05.556+0800][info] GC(221)   Pre Evacuate Collection Set: 0.1ms
[2024-10-11T04:35:05.556+0800][info] GC(221)   Merge Heap Roots: 0.1ms
[2024-10-11T04:35:05.556+0800][info] GC(221)   Evacuate Collection Set: 0.8ms
[2024-10-11T04:35:05.556+0800][info] GC(221)   Post Evacuate Collection Set: 0.2ms
[2024-10-11T04:35:05.556+0800][info] GC(221)   Other: 0.2ms
[2024-10-11T04:35:05.556+0800][info] GC(221) Eden regions: 2->0(2)
[2024-10-11T04:35:05.556+0800][info] GC(221) Survivor regions: 1->1(1)
[2024-10-11T04:35:05.556+0800][info] GC(221) Old regions: 52->54
[2024-10-11T04:35:05.556+0800][info] GC(221) Archive regions: 2->2
[2024-10-11T04:35:05.556+0800][info] GC(221) Humongous regions: 3->3
[2024-10-11T04:35:05.556+0800][info] GC(221) Metaspace: 1623K(1792K)->1623K(1792K) NonClass: 1499K(1600K)->1499K(1600K) Class: 124K(192K)->124K(192K)
[2024-10-11T04:35:05.556+0800][info] GC(221) Pause Young (Prepare Mixed) (G1 Preventive Collection) 115M->115M(128M) 1.456ms
[2024-10-11T04:35:05.557+0800][info] GC(221) User=0.00s Sys=0.00s Real=0.00s
[2024-10-11T04:35:05.618+0800][info] GC(222) Pause Young (Mixed) (G1 Preventive Collection)
[2024-10-11T04:35:05.618+0800][info] GC(222) Using 3 workers of 48 for evacuation
[2024-10-11T04:35:05.619+0800][info] GC(222)   Pre Evacuate Collection Set: 0.1ms
[2024-10-11T04:35:05.619+0800][info] GC(222)   Merge Heap Roots: 0.1ms
[2024-10-11T04:35:05.619+0800][info] GC(222)   Evacuate Collection Set: 1.1ms
[2024-10-11T04:35:05.619+0800][info] GC(222)   Post Evacuate Collection Set: 0.2ms
[2024-10-11T04:35:05.619+0800][info] GC(222)   Other: 0.2ms
[2024-10-11T04:35:05.619+0800][info] GC(222) Eden regions: 1->0(2)
[2024-10-11T04:35:05.619+0800][info] GC(222) Survivor regions: 1->1(1)
[2024-10-11T04:35:05.619+0800][info] GC(222) Old regions: 54->49
[2024-10-11T04:35:05.619+0800][info] GC(222) Archive regions: 2->2
[2024-10-11T04:35:05.619+0800][info] GC(222) Humongous regions: 3->3
[2024-10-11T04:35:05.619+0800][info] GC(222) Metaspace: 1623K(1792K)->1623K(1792K) NonClass: 1499K(1600K)->1499K(1600K) Class: 124K(192K)->124K(192K)
[2024-10-11T04:35:05.619+0800][info] GC(222) Pause Young (Mixed) (G1 Preventive Collection) 117M->106M(128M) 1.781ms
[2024-10-11T04:35:05.619+0800][info] GC(222) User=0.00s Sys=0.00s Real=0.00s
[2024-10-11T04:35:05.722+0800][info] GC(223) Pause Young (Mixed) (G1 Evacuation Pause)
[2024-10-11T04:35:05.722+0800][info] GC(223) Using 3 workers of 48 for evacuation
[2024-10-11T04:35:05.724+0800][info] GC(223)   Pre Evacuate Collection Set: 0.2ms
[2024-10-11T04:35:05.724+0800][info] GC(223)   Merge Heap Roots: 0.1ms
[2024-10-11T04:35:05.724+0800][info] GC(223)   Evacuate Collection Set: 1.7ms
[2024-10-11T04:35:05.724+0800][info] GC(223)   Post Evacuate Collection Set: 0.2ms
[2024-10-11T04:35:05.724+0800][info] GC(223)   Other: 0.1ms
[2024-10-11T04:35:05.724+0800][info] GC(223) Eden regions: 2->0(2)
[2024-10-11T04:35:05.724+0800][info] GC(223) Survivor regions: 1->1(1)
[2024-10-11T04:35:05.724+0800][info] GC(223) Old regions: 49->48
[2024-10-11T04:35:05.724+0800][info] GC(223) Archive regions: 2->2
[2024-10-11T04:35:05.724+0800][info] GC(223) Humongous regions: 3->3
[2024-10-11T04:35:05.724+0800][info] GC(223) Metaspace: 1623K(1792K)->1623K(1792K) NonClass: 1499K(1600K)->1499K(1600K) Class: 124K(192K)->124K(192K)
[2024-10-11T04:35:05.724+0800][info] GC(223) Pause Young (Mixed) (G1 Evacuation Pause) 110M->103M(128M) 2.445ms
[2024-10-11T04:35:05.724+0800][info] GC(223) User=0.01s Sys=0.00s Real=0.00s
[2024-10-11T04:35:05.827+0800][info] GC(224) Pause Young (Mixed) (G1 Evacuation Pause)
[2024-10-11T04:35:05.827+0800][info] GC(224) Using 3 workers of 48 for evacuation
[2024-10-11T04:35:05.829+0800][info] GC(224)   Pre Evacuate Collection Set: 0.2ms
[2024-10-11T04:35:05.829+0800][info] GC(224)   Merge Heap Roots: 0.1ms
[2024-10-11T04:35:05.829+0800][info] GC(224)   Evacuate Collection Set: 1.7ms
[2024-10-11T04:35:05.829+0800][info] GC(224)   Post Evacuate Collection Set: 0.2ms
[2024-10-11T04:35:05.829+0800][info] GC(224)   Other: 0.1ms
[2024-10-11T04:35:05.829+0800][info] GC(224) Eden regions: 2->0(2)
[2024-10-11T04:35:05.829+0800][info] GC(224) Survivor regions: 1->1(1)
[2024-10-11T04:35:05.829+0800][info] GC(224) Old regions: 48->46
[2024-10-11T04:35:05.829+0800][info] GC(224) Archive regions: 2->2
[2024-10-11T04:35:05.829+0800][info] GC(224) Humongous regions: 3->3
[2024-10-11T04:35:05.829+0800][info] GC(224) Metaspace: 1623K(1792K)->1623K(1792K) NonClass: 1499K(1600K)->1499K(1600K) Class: 124K(192K)->124K(192K)
[2024-10-11T04:35:05.829+0800][info] GC(224) Pause Young (Mixed) (G1 Evacuation Pause) 107M->100M(128M) 2.388ms
[2024-10-11T04:35:05.829+0800][info] GC(224) User=0.00s Sys=0.01s Real=0.00s
[2024-10-11T04:35:05.931+0800][info] GC(225) Pause Young (Mixed) (G1 Evacuation Pause)
[2024-10-11T04:35:05.931+0800][info] GC(225) Using 3 workers of 48 for evacuation
[2024-10-11T04:35:05.934+0800][info] GC(225)   Pre Evacuate Collection Set: 0.2ms
[2024-10-11T04:35:05.934+0800][info] GC(225)   Merge Heap Roots: 0.1ms
[2024-10-11T04:35:05.934+0800][info] GC(225)   Evacuate Collection Set: 2.1ms
[2024-10-11T04:35:05.934+0800][info] GC(225)   Post Evacuate Collection Set: 0.2ms
[2024-10-11T04:35:05.934+0800][info] GC(225)   Other: 0.1ms
[2024-10-11T04:35:05.934+0800][info] GC(225) Eden regions: 2->0(2)
[2024-10-11T04:35:05.934+0800][info] GC(225) Survivor regions: 1->1(1)
[2024-10-11T04:35:05.934+0800][info] GC(225) Old regions: 46->45
[2024-10-11T04:35:05.934+0800][info] GC(225) Archive regions: 2->2
[2024-10-11T04:35:05.934+0800][info] GC(225) Humongous regions: 3->3
[2024-10-11T04:35:05.934+0800][info] GC(225) Metaspace: 1623K(1792K)->1623K(1792K) NonClass: 1499K(1600K)->1499K(1600K) Class: 124K(192K)->124K(192K)
[2024-10-11T04:35:05.934+0800][info] GC(225) Pause Young (Mixed) (G1 Evacuation Pause) 103M->99M(128M) 2.834ms
[2024-10-11T04:35:05.934+0800][info] GC(225) User=0.01s Sys=0.00s Real=0.01s
[2024-10-11T04:35:06.036+0800][info] GC(226) Pause Young (Mixed) (G1 Evacuation Pause)
[2024-10-11T04:35:06.036+0800][info] GC(226) Using 3 workers of 48 for evacuation
[2024-10-11T04:35:06.038+0800][info] GC(226)   Pre Evacuate Collection Set: 0.2ms
[2024-10-11T04:35:06.038+0800][info] GC(226)   Merge Heap Roots: 0.1ms
[2024-10-11T04:35:06.038+0800][info] GC(226)   Evacuate Collection Set: 1.2ms
[2024-10-11T04:35:06.038+0800][info] GC(226)   Post Evacuate Collection Set: 0.2ms
[2024-10-11T04:35:06.038+0800][info] GC(226)   Other: 0.1ms
[2024-10-11T04:35:06.038+0800][info] GC(226) Eden regions: 2->0(2)
[2024-10-11T04:35:06.038+0800][info] GC(226) Survivor regions: 1->1(1)
[2024-10-11T04:35:06.038+0800][info] GC(226) Old regions: 45->47
[2024-10-11T04:35:06.038+0800][info] GC(226) Archive regions: 2->2
[2024-10-11T04:35:06.038+0800][info] GC(226) Humongous regions: 3->3
[2024-10-11T04:35:06.038+0800][info] GC(226) Metaspace: 1623K(1792K)->1623K(1792K) NonClass: 1499K(1600K)->1499K(1600K) Class: 124K(192K)->124K(192K)
[2024-10-11T04:35:06.038+0800][info] GC(226) Pause Young (Mixed) (G1 Evacuation Pause) 102M->102M(128M) 1.886ms
[2024-10-11T04:35:06.038+0800][info] GC(226) User=0.01s Sys=0.00s Real=0.00s
[2024-10-11T04:35:06.140+0800][info] GC(227) Pause Young (Normal) (G1 Evacuation Pause)
[2024-10-11T04:35:06.140+0800][info] GC(227) Using 3 workers of 48 for evacuation
[2024-10-11T04:35:06.142+0800][info] GC(227)   Pre Evacuate Collection Set: 0.1ms
[2024-10-11T04:35:06.142+0800][info] GC(227)   Merge Heap Roots: 0.1ms
[2024-10-11T04:35:06.142+0800][info] GC(227)   Evacuate Collection Set: 0.9ms
[2024-10-11T04:35:06.142+0800][info] GC(227)   Post Evacuate Collection Set: 0.2ms
[2024-10-11T04:35:06.142+0800][info] GC(227)   Other: 0.2ms
[2024-10-11T04:35:06.142+0800][info] GC(227) Eden regions: 2->0(2)
[2024-10-11T04:35:06.142+0800][info] GC(227) Survivor regions: 1->1(1)
[2024-10-11T04:35:06.142+0800][info] GC(227) Old regions: 47->49
[2024-10-11T04:35:06.142+0800][info] GC(227) Archive regions: 2->2
[2024-10-11T04:35:06.142+0800][info] GC(227) Humongous regions: 3->3
[2024-10-11T04:35:06.142+0800][info] GC(227) Metaspace: 1623K(1792K)->1623K(1792K) NonClass: 1499K(1600K)->1499K(1600K) Class: 124K(192K)->124K(192K)
[2024-10-11T04:35:06.142+0800][info] GC(227) Pause Young (Normal) (G1 Evacuation Pause) 106M->106M(128M) 1.489ms
[2024-10-11T04:35:06.142+0800][info] GC(227) User=0.00s Sys=0.00s Real=0.00s
[2024-10-11T04:35:06.244+0800][info] GC(228) Pause Young (Normal) (G1 Evacuation Pause)
[2024-10-11T04:35:06.244+0800][info] GC(228) Using 3 workers of 48 for evacuation
[2024-10-11T04:35:06.245+0800][info] GC(228)   Pre Evacuate Collection Set: 0.1ms
[2024-10-11T04:35:06.245+0800][info] GC(228)   Merge Heap Roots: 0.0ms
[2024-10-11T04:35:06.245+0800][info] GC(228)   Evacuate Collection Set: 0.7ms
[2024-10-11T04:35:06.245+0800][info] GC(228)   Post Evacuate Collection Set: 0.2ms
[2024-10-11T04:35:06.245+0800][info] GC(228)   Other: 0.2ms
[2024-10-11T04:35:06.245+0800][info] GC(228) Eden regions: 2->0(2)
[2024-10-11T04:35:06.245+0800][info] GC(228) Survivor regions: 1->1(1)
[2024-10-11T04:35:06.245+0800][info] GC(228) Old regions: 49->51
[2024-10-11T04:35:06.245+0800][info] GC(228) Archive regions: 2->2
[2024-10-11T04:35:06.245+0800][info] GC(228) Humongous regions: 3->3
[2024-10-11T04:35:06.246+0800][info] GC(228) Metaspace: 1623K(1792K)->1623K(1792K) NonClass: 1499K(1600K)->1499K(1600K) Class: 124K(192K)->124K(192K)
[2024-10-11T04:35:06.246+0800][info] GC(228) Pause Young (Normal) (G1 Evacuation Pause) 109M->110M(128M) 1.352ms
[2024-10-11T04:35:06.246+0800][info] GC(228) User=0.00s Sys=0.00s Real=0.01s
[2024-10-11T04:35:06.348+0800][info] GC(229) Pause Young (Concurrent Start) (G1 Evacuation Pause)
[2024-10-11T04:35:06.348+0800][info] GC(229) Using 3 workers of 48 for evacuation
[2024-10-11T04:35:06.349+0800][info] GC(229)   Pre Evacuate Collection Set: 0.1ms
[2024-10-11T04:35:06.349+0800][info] GC(229)   Merge Heap Roots: 0.0ms
[2024-10-11T04:35:06.349+0800][info] GC(229)   Evacuate Collection Set: 0.9ms
[2024-10-11T04:35:06.349+0800][info] GC(229)   Post Evacuate Collection Set: 0.2ms
[2024-10-11T04:35:06.349+0800][info] GC(229)   Other: 0.4ms
[2024-10-11T04:35:06.349+0800][info] GC(229) Eden regions: 2->0(2)
[2024-10-11T04:35:06.349+0800][info] GC(229) Survivor regions: 1->1(1)
[2024-10-11T04:35:06.349+0800][info] GC(229) Old regions: 51->53
[2024-10-11T04:35:06.349+0800][info] GC(229) Archive regions: 2->2
[2024-10-11T04:35:06.349+0800][info] GC(229) Humongous regions: 3->3
[2024-10-11T04:35:06.349+0800][info] GC(229) Metaspace: 1623K(1792K)->1623K(1792K) NonClass: 1499K(1600K)->1499K(1600K) Class: 124K(192K)->124K(192K)
[2024-10-11T04:35:06.349+0800][info] GC(229) Pause Young (Concurrent Start) (G1 Evacuation Pause) 113M->113M(128M) 1.735ms
[2024-10-11T04:35:06.349+0800][info] GC(229) User=0.00s Sys=0.00s Real=0.00s
[2024-10-11T04:35:06.349+0800][info] GC(230) Concurrent Mark Cycle
[2024-10-11T04:35:06.349+0800][info] GC(230) Concurrent Clear Claimed Marks
[2024-10-11T04:35:06.349+0800][info] GC(230) Concurrent Clear Claimed Marks 0.017ms
[2024-10-11T04:35:06.349+0800][info] GC(230) Concurrent Scan Root Regions
[2024-10-11T04:35:06.350+0800][info] GC(230) Concurrent Scan Root Regions 0.139ms
[2024-10-11T04:35:06.350+0800][info] GC(230) Concurrent Mark
[2024-10-11T04:35:06.350+0800][info] GC(230) Concurrent Mark From Roots
[2024-10-11T04:35:06.350+0800][info] GC(230) Using 12 workers of 12 for marking
[2024-10-11T04:35:06.353+0800][info] GC(230) Concurrent Mark From Roots 3.433ms
[2024-10-11T04:35:06.353+0800][info] GC(230) Concurrent Preclean
[2024-10-11T04:35:06.355+0800][info] GC(230) Concurrent Preclean 1.682ms
[2024-10-11T04:35:06.355+0800][info] GC(230) Pause Remark
[2024-10-11T04:35:06.356+0800][info] GC(230) Pause Remark 114M->114M(128M) 1.311ms
[2024-10-11T04:35:06.356+0800][info] GC(230) User=0.01s Sys=0.00s Real=0.00s
[2024-10-11T04:35:06.356+0800][info] GC(230) Concurrent Mark 6.719ms
[2024-10-11T04:35:06.356+0800][info] GC(230) Concurrent Rebuild Remembered Sets
[2024-10-11T04:35:06.358+0800][info] GC(230) Concurrent Rebuild Remembered Sets 1.444ms
[2024-10-11T04:35:06.358+0800][info] GC(230) Pause Cleanup
[2024-10-11T04:35:06.358+0800][info] GC(230) Pause Cleanup 114M->114M(128M) 0.171ms
[2024-10-11T04:35:06.358+0800][info] GC(230) User=0.00s Sys=0.00s Real=0.00s
[2024-10-11T04:35:06.358+0800][info] GC(230) Concurrent Cleanup for Next Mark
[2024-10-11T04:35:06.359+0800][info] GC(230) Concurrent Cleanup for Next Mark 0.374ms
[2024-10-11T04:35:06.359+0800][info] GC(230) Concurrent Mark Cycle 9.204ms
[2024-10-11T04:35:06.503+0800][info] GC(231) Pause Young (Prepare Mixed) (G1 Preventive Collection)
[2024-10-11T04:35:06.503+0800][info] GC(231) Using 3 workers of 48 for evacuation
[2024-10-11T04:35:06.504+0800][info] GC(231)   Pre Evacuate Collection Set: 0.1ms
[2024-10-11T04:35:06.504+0800][info] GC(231)   Merge Heap Roots: 0.1ms
[2024-10-11T04:35:06.504+0800][info] GC(231)   Evacuate Collection Set: 0.8ms
[2024-10-11T04:35:06.504+0800][info] GC(231)   Post Evacuate Collection Set: 0.2ms
[2024-10-11T04:35:06.504+0800][info] GC(231)   Other: 0.2ms
[2024-10-11T04:35:06.504+0800][info] GC(231) Eden regions: 2->0(2)
[2024-10-11T04:35:06.504+0800][info] GC(231) Survivor regions: 1->1(1)
[2024-10-11T04:35:06.504+0800][info] GC(231) Old regions: 53->55
[2024-10-11T04:35:06.504+0800][info] GC(231) Archive regions: 2->2
[2024-10-11T04:35:06.504+0800][info] GC(231) Humongous regions: 3->3
[2024-10-11T04:35:06.504+0800][info] GC(231) Metaspace: 1633K(1792K)->1633K(1792K) NonClass: 1509K(1600K)->1509K(1600K) Class: 124K(192K)->124K(192K)
[2024-10-11T04:35:06.505+0800][info] GC(231) Pause Young (Prepare Mixed) (G1 Preventive Collection) 117M->117M(128M) 1.573ms
[2024-10-11T04:35:06.505+0800][info] GC(231) User=0.00s Sys=0.00s Real=0.00s
[2024-10-11T04:35:06.566+0800][info] GC(232) Pause Young (Mixed) (G1 Preventive Collection)
[2024-10-11T04:35:06.566+0800][info] GC(232) Using 3 workers of 48 for evacuation
[2024-10-11T04:35:06.567+0800][info] GC(232) To-space exhausted
[2024-10-11T04:35:06.567+0800][info] GC(232)   Pre Evacuate Collection Set: 0.2ms
[2024-10-11T04:35:06.567+0800][info] GC(232)   Merge Heap Roots: 0.1ms
[2024-10-11T04:35:06.567+0800][info] GC(232)   Evacuate Collection Set: 0.9ms
[2024-10-11T04:35:06.567+0800][info] GC(232)   Post Evacuate Collection Set: 0.3ms
[2024-10-11T04:35:06.567+0800][info] GC(232)   Other: 0.2ms
[2024-10-11T04:35:06.567+0800][info] GC(232) Eden regions: 1->0(2)
[2024-10-11T04:35:06.567+0800][info] GC(232) Survivor regions: 1->1(1)
[2024-10-11T04:35:06.567+0800][info] GC(232) Old regions: 55->56
[2024-10-11T04:35:06.567+0800][info] GC(232) Archive regions: 2->2
[2024-10-11T04:35:06.567+0800][info] GC(232) Humongous regions: 3->3
[2024-10-11T04:35:06.567+0800][info] GC(232) Metaspace: 1634K(1792K)->1634K(1792K) NonClass: 1509K(1600K)->1509K(1600K) Class: 124K(192K)->124K(192K)
[2024-10-11T04:35:06.567+0800][info] GC(232) Pause Young (Mixed) (G1 Preventive Collection) 119M->121M(128M) 1.698ms
[2024-10-11T04:35:06.567+0800][info] GC(232) User=0.00s Sys=0.00s Real=0.00s
[2024-10-11T04:35:06.608+0800][info] GC(233) Pause Young (Mixed) (G1 Preventive Collection)
[2024-10-11T04:35:06.609+0800][info] GC(233) Using 3 workers of 48 for evacuation
[2024-10-11T04:35:06.610+0800][info] GC(233) To-space exhausted
[2024-10-11T04:35:06.610+0800][info] GC(233)   Pre Evacuate Collection Set: 0.2ms
[2024-10-11T04:35:06.610+0800][info] GC(233)   Merge Heap Roots: 0.1ms
[2024-10-11T04:35:06.610+0800][info] GC(233)   Evacuate Collection Set: 0.7ms
[2024-10-11T04:35:06.610+0800][info] GC(233)   Post Evacuate Collection Set: 0.3ms
[2024-10-11T04:35:06.610+0800][info] GC(233)   Other: 0.2ms
[2024-10-11T04:35:06.610+0800][info] GC(233) Eden regions: 1->0(2)
[2024-10-11T04:35:06.610+0800][info] GC(233) Survivor regions: 1->1(1)
[2024-10-11T04:35:06.610+0800][info] GC(233) Old regions: 56->57
[2024-10-11T04:35:06.610+0800][info] GC(233) Archive regions: 2->2
[2024-10-11T04:35:06.610+0800][info] GC(233) Humongous regions: 3->3
[2024-10-11T04:35:06.610+0800][info] GC(233) Metaspace: 1634K(1792K)->1634K(1792K) NonClass: 1509K(1600K)->1509K(1600K) Class: 124K(192K)->124K(192K)
[2024-10-11T04:35:06.610+0800][info] GC(233) Pause Young (Mixed) (G1 Preventive Collection) 122M->122M(128M) 1.423ms
[2024-10-11T04:35:06.610+0800][info] GC(233) User=0.00s Sys=0.00s Real=0.00s
[2024-10-11T04:35:06.672+0800][info] GC(234) Pause Young (Mixed) (G1 Evacuation Pause)
[2024-10-11T04:35:06.672+0800][info] GC(234) Using 3 workers of 48 for evacuation
[2024-10-11T04:35:06.673+0800][info] GC(234) To-space exhausted
[2024-10-11T04:35:06.673+0800][info] GC(234)   Pre Evacuate Collection Set: 0.1ms
[2024-10-11T04:35:06.673+0800][info] GC(234)   Merge Heap Roots: 0.1ms
[2024-10-11T04:35:06.673+0800][info] GC(234)   Evacuate Collection Set: 0.6ms
[2024-10-11T04:35:06.673+0800][info] GC(234)   Post Evacuate Collection Set: 0.7ms
[2024-10-11T04:35:06.673+0800][info] GC(234)   Other: 0.2ms
[2024-10-11T04:35:06.673+0800][info] GC(234) Eden regions: 1->0(3)
[2024-10-11T04:35:06.673+0800][info] GC(234) Survivor regions: 1->0(0)
[2024-10-11T04:35:06.673+0800][info] GC(234) Old regions: 57->59
[2024-10-11T04:35:06.673+0800][info] GC(234) Archive regions: 2->2
[2024-10-11T04:35:06.673+0800][info] GC(234) Humongous regions: 3->3
[2024-10-11T04:35:06.673+0800][info] GC(234) Metaspace: 1634K(1792K)->1634K(1792K) NonClass: 1509K(1600K)->1509K(1600K) Class: 124K(192K)->124K(192K)
[2024-10-11T04:35:06.673+0800][info] GC(234) Pause Young (Mixed) (G1 Evacuation Pause) 124M->124M(128M) 1.844ms
[2024-10-11T04:35:06.673+0800][info] GC(234) User=0.00s Sys=0.00s Real=0.01s
[2024-10-11T04:35:06.674+0800][info] Attempting full compaction
[2024-10-11T04:35:06.674+0800][info] GC(235) Using 3 workers of 48 for full compaction
[2024-10-11T04:35:06.674+0800][info] GC(235) Pause Full (G1 Compaction Pause)
[2024-10-11T04:35:06.674+0800][info] GC(235) Phase 1: Mark live objects
[2024-10-11T04:35:06.677+0800][info] GC(235) Phase 1: Mark live objects 3.050ms
[2024-10-11T04:35:06.677+0800][info] GC(235) Phase 2: Prepare for compaction
[2024-10-11T04:35:06.677+0800][info] GC(235) Phase 2: Prepare for compaction 0.582ms
[2024-10-11T04:35:06.677+0800][info] GC(235) Phase 3: Adjust pointers
[2024-10-11T04:35:06.679+0800][info] GC(235) Phase 3: Adjust pointers 1.549ms
[2024-10-11T04:35:06.679+0800][info] GC(235) Phase 4: Compact heap
[2024-10-11T04:35:06.690+0800][info] GC(235) Phase 4: Compact heap 10.898ms
[2024-10-11T04:35:06.691+0800][info] GC(235) Eden regions: 0->0(4)
[2024-10-11T04:35:06.691+0800][info] GC(235) Survivor regions: 0->0(0)
[2024-10-11T04:35:06.691+0800][info] GC(235) Old regions: 59->38
[2024-10-11T04:35:06.691+0800][info] GC(235) Archive regions: 2->2
[2024-10-11T04:35:06.691+0800][info] GC(235) Humongous regions: 3->3
[2024-10-11T04:35:06.691+0800][info] GC(235) Metaspace: 1634K(1792K)->1634K(1792K) NonClass: 1509K(1600K)->1509K(1600K) Class: 124K(192K)->124K(192K)
[2024-10-11T04:35:06.691+0800][info] GC(235) Pause Full (G1 Compaction Pause) 124M->71M(128M) 17.685ms
[2024-10-11T04:35:06.691+0800][info] GC(235) User=0.04s Sys=0.00s Real=0.01s
[2024-10-11T04:35:06.896+0800][info] GC(236) Pause Young (Normal) (G1 Evacuation Pause)
[2024-10-11T04:35:06.896+0800][info] GC(236) Using 3 workers of 48 for evacuation
[2024-10-11T04:35:06.898+0800][info] GC(236)   Pre Evacuate Collection Set: 0.1ms
[2024-10-11T04:35:06.898+0800][info] GC(236)   Merge Heap Roots: 0.0ms
[2024-10-11T04:35:06.898+0800][info] GC(236)   Evacuate Collection Set: 1.1ms
[2024-10-11T04:35:06.898+0800][info] GC(236)   Post Evacuate Collection Set: 0.2ms
[2024-10-11T04:35:06.898+0800][info] GC(236)   Other: 0.2ms
[2024-10-11T04:35:06.898+0800][info] GC(236) Eden regions: 4->0(2)
[2024-10-11T04:35:06.898+0800][info] GC(236) Survivor regions: 0->1(1)
[2024-10-11T04:35:06.898+0800][info] GC(236) Old regions: 38->42
[2024-10-11T04:35:06.898+0800][info] GC(236) Archive regions: 2->2
[2024-10-11T04:35:06.898+0800][info] GC(236) Humongous regions: 3->3
[2024-10-11T04:35:06.898+0800][info] GC(236) Metaspace: 1634K(1792K)->1634K(1792K) NonClass: 1509K(1600K)->1509K(1600K) Class: 124K(192K)->124K(192K)
[2024-10-11T04:35:06.898+0800][info] GC(236) Pause Young (Normal) (G1 Evacuation Pause) 79M->80M(128M) 1.787ms
[2024-10-11T04:35:06.898+0800][info] GC(236) User=0.01s Sys=0.00s Real=0.00s
[2024-10-11T04:35:07.000+0800][info] GC(237) Pause Young (Normal) (G1 Evacuation Pause)
[2024-10-11T04:35:07.000+0800][info] GC(237) Using 3 workers of 48 for evacuation
[2024-10-11T04:35:07.001+0800][info] GC(237)   Pre Evacuate Collection Set: 0.1ms
[2024-10-11T04:35:07.001+0800][info] GC(237)   Merge Heap Roots: 0.0ms
[2024-10-11T04:35:07.001+0800][info] GC(237)   Evacuate Collection Set: 0.7ms
[2024-10-11T04:35:07.001+0800][info] GC(237)   Post Evacuate Collection Set: 0.2ms
[2024-10-11T04:35:07.001+0800][info] GC(237)   Other: 0.2ms
[2024-10-11T04:35:07.001+0800][info] GC(237) Eden regions: 2->0(2)
[2024-10-11T04:35:07.001+0800][info] GC(237) Survivor regions: 1->1(1)
[2024-10-11T04:35:07.001+0800][info] GC(237) Old regions: 42->43
[2024-10-11T04:35:07.001+0800][info] GC(237) Archive regions: 2->2
[2024-10-11T04:35:07.001+0800][info] GC(237) Humongous regions: 3->3
[2024-10-11T04:35:07.001+0800][info] GC(237) Metaspace: 1634K(1792K)->1634K(1792K) NonClass: 1509K(1600K)->1509K(1600K) Class: 124K(192K)->124K(192K)
[2024-10-11T04:35:07.001+0800][info] GC(237) Pause Young (Normal) (G1 Evacuation Pause) 83M->83M(128M) 1.356ms
[2024-10-11T04:35:07.001+0800][info] GC(237) User=0.00s Sys=0.00s Real=0.00s
[2024-10-11T04:35:07.104+0800][info] GC(238) Pause Young (Normal) (G1 Evacuation Pause)
[2024-10-11T04:35:07.104+0800][info] GC(238) Using 3 workers of 48 for evacuation
[2024-10-11T04:35:07.105+0800][info] GC(238)   Pre Evacuate Collection Set: 0.1ms
[2024-10-11T04:35:07.105+0800][info] GC(238)   Merge Heap Roots: 0.0ms
[2024-10-11T04:35:07.105+0800][info] GC(238)   Evacuate Collection Set: 0.7ms
[2024-10-11T04:35:07.105+0800][info] GC(238)   Post Evacuate Collection Set: 0.2ms
[2024-10-11T04:35:07.105+0800][info] GC(238)   Other: 0.2ms
[2024-10-11T04:35:07.105+0800][info] GC(238) Eden regions: 2->0(2)
[2024-10-11T04:35:07.105+0800][info] GC(238) Survivor regions: 1->1(1)
[2024-10-11T04:35:07.105+0800][info] GC(238) Old regions: 43->45
[2024-10-11T04:35:07.105+0800][info] GC(238) Archive regions: 2->2
[2024-10-11T04:35:07.105+0800][info] GC(238) Humongous regions: 3->3
[2024-10-11T04:35:07.105+0800][info] GC(238) Metaspace: 1634K(1792K)->1634K(1792K) NonClass: 1509K(1600K)->1509K(1600K) Class: 124K(192K)->124K(192K)
[2024-10-11T04:35:07.105+0800][info] GC(238) Pause Young (Normal) (G1 Evacuation Pause) 86M->87M(128M) 1.307ms
[2024-10-11T04:35:07.105+0800][info] GC(238) User=0.01s Sys=0.00s Real=0.00s
[2024-10-11T04:35:07.207+0800][info] GC(239) Pause Young (Normal) (G1 Evacuation Pause)
[2024-10-11T04:35:07.207+0800][info] GC(239) Using 3 workers of 48 for evacuation
[2024-10-11T04:35:07.208+0800][info] GC(239)   Pre Evacuate Collection Set: 0.1ms
[2024-10-11T04:35:07.208+0800][info] GC(239)   Merge Heap Roots: 0.0ms
[2024-10-11T04:35:07.208+0800][info] GC(239)   Evacuate Collection Set: 0.7ms
[2024-10-11T04:35:07.208+0800][info] GC(239)   Post Evacuate Collection Set: 0.2ms
[2024-10-11T04:35:07.208+0800][info] GC(239)   Other: 0.2ms
[2024-10-11T04:35:07.208+0800][info] GC(239) Eden regions: 2->0(2)
[2024-10-11T04:35:07.208+0800][info] GC(239) Survivor regions: 1->1(1)
[2024-10-11T04:35:07.208+0800][info] GC(239) Old regions: 45->47
[2024-10-11T04:35:07.208+0800][info] GC(239) Archive regions: 2->2
[2024-10-11T04:35:07.208+0800][info] GC(239) Humongous regions: 3->3
[2024-10-11T04:35:07.208+0800][info] GC(239) Metaspace: 1634K(1792K)->1634K(1792K) NonClass: 1509K(1600K)->1509K(1600K) Class: 124K(192K)->124K(192K)
[2024-10-11T04:35:07.208+0800][info] GC(239) Pause Young (Normal) (G1 Evacuation Pause) 90M->90M(128M) 1.251ms
[2024-10-11T04:35:07.208+0800][info] GC(239) User=0.00s Sys=0.00s Real=0.00s
[2024-10-11T04:35:07.249+0800][info] GC(240) Pause Young (Concurrent Start) (G1 Humongous Allocation)
[2024-10-11T04:35:07.249+0800][info] GC(240) Using 3 workers of 48 for evacuation
[2024-10-11T04:35:07.250+0800][info] GC(240)   Pre Evacuate Collection Set: 0.1ms
[2024-10-11T04:35:07.250+0800][info] GC(240)   Merge Heap Roots: 0.0ms
[2024-10-11T04:35:07.250+0800][info] GC(240)   Evacuate Collection Set: 0.6ms
[2024-10-11T04:35:07.250+0800][info] GC(240)   Post Evacuate Collection Set: 0.2ms
[2024-10-11T04:35:07.250+0800][info] GC(240)   Other: 0.4ms
[2024-10-11T04:35:07.250+0800][info] GC(240) Eden regions: 1->0(2)
[2024-10-11T04:35:07.250+0800][info] GC(240) Survivor regions: 1->1(1)
[2024-10-11T04:35:07.250+0800][info] GC(240) Old regions: 47->48
[2024-10-11T04:35:07.250+0800][info] GC(240) Archive regions: 2->2
[2024-10-11T04:35:07.250+0800][info] GC(240) Humongous regions: 3->3
[2024-10-11T04:35:07.250+0800][info] GC(240) Metaspace: 1634K(1792K)->1634K(1792K) NonClass: 1509K(1600K)->1509K(1600K) Class: 124K(192K)->124K(192K)
[2024-10-11T04:35:07.250+0800][info] GC(240) Pause Young (Concurrent Start) (G1 Humongous Allocation) 92M->92M(128M) 1.372ms
[2024-10-11T04:35:07.250+0800][info] GC(240) User=0.00s Sys=0.00s Real=0.00s
[2024-10-11T04:35:07.250+0800][info] GC(241) Concurrent Mark Cycle
[2024-10-11T04:35:07.250+0800][info] GC(241) Concurrent Clear Claimed Marks
[2024-10-11T04:35:07.250+0800][info] GC(241) Concurrent Clear Claimed Marks 0.017ms
[2024-10-11T04:35:07.250+0800][info] GC(241) Concurrent Scan Root Regions
[2024-10-11T04:35:07.251+0800][info] GC(241) Concurrent Scan Root Regions 0.099ms
[2024-10-11T04:35:07.251+0800][info] GC(241) Concurrent Mark
[2024-10-11T04:35:07.251+0800][info] GC(241) Concurrent Mark From Roots
[2024-10-11T04:35:07.251+0800][info] GC(241) Using 12 workers of 12 for marking
[2024-10-11T04:35:07.254+0800][info] GC(241) Concurrent Mark From Roots 3.689ms
[2024-10-11T04:35:07.254+0800][info] GC(241) Concurrent Preclean
[2024-10-11T04:35:07.256+0800][info] GC(241) Concurrent Preclean 1.674ms
[2024-10-11T04:35:07.256+0800][info] GC(241) Pause Remark
[2024-10-11T04:35:07.257+0800][info] GC(241) Pause Remark 94M->94M(128M) 1.360ms
[2024-10-11T04:35:07.257+0800][info] GC(241) User=0.00s Sys=0.00s Real=0.00s
[2024-10-11T04:35:07.258+0800][info] GC(241) Concurrent Mark 6.980ms
[2024-10-11T04:35:07.258+0800][info] GC(241) Concurrent Rebuild Remembered Sets
[2024-10-11T04:35:07.259+0800][info] GC(241) Concurrent Rebuild Remembered Sets 1.469ms
[2024-10-11T04:35:07.259+0800][info] GC(241) Pause Cleanup
[2024-10-11T04:35:07.259+0800][info] GC(241) Pause Cleanup 94M->94M(128M) 0.224ms
[2024-10-11T04:35:07.259+0800][info] GC(241) User=0.00s Sys=0.00s Real=0.00s
[2024-10-11T04:35:07.259+0800][info] GC(241) Concurrent Cleanup for Next Mark
[2024-10-11T04:35:07.260+0800][info] GC(241) Concurrent Cleanup for Next Mark 0.361ms
[2024-10-11T04:35:07.260+0800][info] GC(241) Concurrent Mark Cycle 9.445ms
[2024-10-11T04:35:07.424+0800][info] GC(242) Pause Young (Prepare Mixed) (G1 Evacuation Pause)
[2024-10-11T04:35:07.424+0800][info] GC(242) Using 3 workers of 48 for evacuation
[2024-10-11T04:35:07.426+0800][info] GC(242)   Pre Evacuate Collection Set: 0.1ms
[2024-10-11T04:35:07.426+0800][info] GC(242)   Merge Heap Roots: 0.1ms
[2024-10-11T04:35:07.426+0800][info] GC(242)   Evacuate Collection Set: 1.0ms
[2024-10-11T04:35:07.426+0800][info] GC(242)   Post Evacuate Collection Set: 0.2ms
[2024-10-11T04:35:07.426+0800][info] GC(242)   Other: 0.2ms
[2024-10-11T04:35:07.426+0800][info] GC(242) Eden regions: 2->0(2)
[2024-10-11T04:35:07.426+0800][info] GC(242) Survivor regions: 1->1(1)
[2024-10-11T04:35:07.426+0800][info] GC(242) Old regions: 48->50
[2024-10-11T04:35:07.426+0800][info] GC(242) Archive regions: 2->2
[2024-10-11T04:35:07.426+0800][info] GC(242) Humongous regions: 4->3
[2024-10-11T04:35:07.426+0800][info] GC(242) Metaspace: 1634K(1792K)->1634K(1792K) NonClass: 1509K(1600K)->1509K(1600K) Class: 124K(192K)->124K(192K)
[2024-10-11T04:35:07.426+0800][info] GC(242) Pause Young (Prepare Mixed) (G1 Evacuation Pause) 98M->97M(128M) 1.671ms
[2024-10-11T04:35:07.426+0800][info] GC(242) User=0.01s Sys=0.00s Real=0.01s
[2024-10-11T04:35:07.528+0800][info] GC(243) Pause Young (Mixed) (G1 Evacuation Pause)
[2024-10-11T04:35:07.528+0800][info] GC(243) Using 3 workers of 48 for evacuation
[2024-10-11T04:35:07.530+0800][info] GC(243)   Pre Evacuate Collection Set: 0.2ms
[2024-10-11T04:35:07.530+0800][info] GC(243)   Merge Heap Roots: 0.0ms
[2024-10-11T04:35:07.530+0800][info] GC(243)   Evacuate Collection Set: 1.5ms
[2024-10-11T04:35:07.530+0800][info] GC(243)   Post Evacuate Collection Set: 0.2ms
[2024-10-11T04:35:07.530+0800][info] GC(243)   Other: 0.2ms
[2024-10-11T04:35:07.530+0800][info] GC(243) Eden regions: 2->0(2)
[2024-10-11T04:35:07.530+0800][info] GC(243) Survivor regions: 1->1(1)
[2024-10-11T04:35:07.530+0800][info] GC(243) Old regions: 50->48
[2024-10-11T04:35:07.530+0800][info] GC(243) Archive regions: 2->2
[2024-10-11T04:35:07.530+0800][info] GC(243) Humongous regions: 3->3
[2024-10-11T04:35:07.530+0800][info] GC(243) Metaspace: 1634K(1792K)->1634K(1792K) NonClass: 1509K(1600K)->1509K(1600K) Class: 124K(192K)->124K(192K)
[2024-10-11T04:35:07.530+0800][info] GC(243) Pause Young (Mixed) (G1 Evacuation Pause) 100M->95M(128M) 2.156ms
[2024-10-11T04:35:07.530+0800][info] GC(243) User=0.01s Sys=0.00s Real=0.00s
[2024-10-11T04:35:07.632+0800][info] GC(244) Pause Young (Mixed) (G1 Evacuation Pause)
[2024-10-11T04:35:07.632+0800][info] GC(244) Using 3 workers of 48 for evacuation
[2024-10-11T04:35:07.635+0800][info] GC(244)   Pre Evacuate Collection Set: 0.1ms
[2024-10-11T04:35:07.635+0800][info] GC(244)   Merge Heap Roots: 0.1ms
[2024-10-11T04:35:07.635+0800][info] GC(244)   Evacuate Collection Set: 1.8ms
[2024-10-11T04:35:07.635+0800][info] GC(244)   Post Evacuate Collection Set: 0.2ms
[2024-10-11T04:35:07.635+0800][info] GC(244)   Other: 0.1ms
[2024-10-11T04:35:07.635+0800][info] GC(244) Eden regions: 2->0(2)
[2024-10-11T04:35:07.635+0800][info] GC(244) Survivor regions: 1->1(1)
[2024-10-11T04:35:07.635+0800][info] GC(244) Old regions: 48->45
[2024-10-11T04:35:07.635+0800][info] GC(244) Archive regions: 2->2
[2024-10-11T04:35:07.635+0800][info] GC(244) Humongous regions: 3->3
[2024-10-11T04:35:07.635+0800][info] GC(244) Metaspace: 1634K(1792K)->1634K(1792K) NonClass: 1509K(1600K)->1509K(1600K) Class: 124K(192K)->124K(192K)
[2024-10-11T04:35:07.635+0800][info] GC(244) Pause Young (Mixed) (G1 Evacuation Pause) 99M->94M(128M) 2.471ms
[2024-10-11T04:35:07.635+0800][info] GC(244) User=0.01s Sys=0.00s Real=0.01s
[2024-10-11T04:35:07.737+0800][info] GC(245) Pause Young (Mixed) (G1 Evacuation Pause)
[2024-10-11T04:35:07.737+0800][info] GC(245) Using 3 workers of 48 for evacuation
[2024-10-11T04:35:07.739+0800][info] GC(245)   Pre Evacuate Collection Set: 0.1ms
[2024-10-11T04:35:07.739+0800][info] GC(245)   Merge Heap Roots: 0.1ms
[2024-10-11T04:35:07.739+0800][info] GC(245)   Evacuate Collection Set: 2.0ms
[2024-10-11T04:35:07.739+0800][info] GC(245)   Post Evacuate Collection Set: 0.2ms
[2024-10-11T04:35:07.739+0800][info] GC(245)   Other: 0.2ms
[2024-10-11T04:35:07.739+0800][info] GC(245) Eden regions: 2->0(2)
[2024-10-11T04:35:07.739+0800][info] GC(245) Survivor regions: 1->1(1)
[2024-10-11T04:35:07.739+0800][info] GC(245) Old regions: 45->45
[2024-10-11T04:35:07.739+0800][info] GC(245) Archive regions: 2->2
[2024-10-11T04:35:07.739+0800][info] GC(245) Humongous regions: 3->3
[2024-10-11T04:35:07.739+0800][info] GC(245) Metaspace: 1634K(1792K)->1634K(1792K) NonClass: 1509K(1600K)->1509K(1600K) Class: 124K(192K)->124K(192K)
[2024-10-11T04:35:07.739+0800][info] GC(245) Pause Young (Mixed) (G1 Evacuation Pause) 98M->95M(128M) 2.650ms
[2024-10-11T04:35:07.739+0800][info] GC(245) User=0.00s Sys=0.00s Real=0.00s
[2024-10-11T04:35:07.841+0800][info] GC(246) Pause Young (Mixed) (G1 Evacuation Pause)
[2024-10-11T04:35:07.841+0800][info] GC(246) Using 3 workers of 48 for evacuation
[2024-10-11T04:35:07.843+0800][info] GC(246)   Pre Evacuate Collection Set: 0.1ms
[2024-10-11T04:35:07.843+0800][info] GC(246)   Merge Heap Roots: 0.1ms
[2024-10-11T04:35:07.843+0800][info] GC(246)   Evacuate Collection Set: 1.5ms
[2024-10-11T04:35:07.843+0800][info] GC(246)   Post Evacuate Collection Set: 0.2ms
[2024-10-11T04:35:07.843+0800][info] GC(246)   Other: 0.1ms
[2024-10-11T04:35:07.843+0800][info] GC(246) Eden regions: 2->0(2)
[2024-10-11T04:35:07.843+0800][info] GC(246) Survivor regions: 1->1(1)
[2024-10-11T04:35:07.843+0800][info] GC(246) Old regions: 45->46
[2024-10-11T04:35:07.843+0800][info] GC(246) Archive regions: 2->2
[2024-10-11T04:35:07.843+0800][info] GC(246) Humongous regions: 3->3
[2024-10-11T04:35:07.843+0800][info] GC(246) Metaspace: 1634K(1792K)->1634K(1792K) NonClass: 1509K(1600K)->1509K(1600K) Class: 124K(192K)->124K(192K)
[2024-10-11T04:35:07.843+0800][info] GC(246) Pause Young (Mixed) (G1 Evacuation Pause) 99M->98M(128M) 2.127ms
[2024-10-11T04:35:07.844+0800][info] GC(246) User=0.00s Sys=0.00s Real=0.00s
[2024-10-11T04:35:07.946+0800][info] GC(247) Pause Young (Normal) (G1 Evacuation Pause)
[2024-10-11T04:35:07.946+0800][info] GC(247) Using 3 workers of 48 for evacuation
[2024-10-11T04:35:07.947+0800][info] GC(247)   Pre Evacuate Collection Set: 0.1ms
[2024-10-11T04:35:07.947+0800][info] GC(247)   Merge Heap Roots: 0.0ms
[2024-10-11T04:35:07.947+0800][info] GC(247)   Evacuate Collection Set: 0.7ms
[2024-10-11T04:35:07.947+0800][info] GC(247)   Post Evacuate Collection Set: 0.2ms
[2024-10-11T04:35:07.947+0800][info] GC(247)   Other: 0.2ms
[2024-10-11T04:35:07.947+0800][info] GC(247) Eden regions: 2->0(2)
[2024-10-11T04:35:07.947+0800][info] GC(247) Survivor regions: 1->1(1)
[2024-10-11T04:35:07.947+0800][info] GC(247) Old regions: 46->48
[2024-10-11T04:35:07.947+0800][info] GC(247) Archive regions: 2->2
[2024-10-11T04:35:07.947+0800][info] GC(247) Humongous regions: 3->3
[2024-10-11T04:35:07.947+0800][info] GC(247) Metaspace: 1634K(1792K)->1634K(1792K) NonClass: 1509K(1600K)->1509K(1600K) Class: 124K(192K)->124K(192K)
[2024-10-11T04:35:07.947+0800][info] GC(247) Pause Young (Normal) (G1 Evacuation Pause) 101M->102M(128M) 1.276ms
[2024-10-11T04:35:07.947+0800][info] GC(247) User=0.01s Sys=0.00s Real=0.00s
[2024-10-11T04:35:08.049+0800][info] GC(248) Pause Young (Normal) (G1 Evacuation Pause)
[2024-10-11T04:35:08.049+0800][info] GC(248) Using 3 workers of 48 for evacuation
[2024-10-11T04:35:08.050+0800][info] GC(248)   Pre Evacuate Collection Set: 0.1ms
[2024-10-11T04:35:08.050+0800][info] GC(248)   Merge Heap Roots: 0.0ms
[2024-10-11T04:35:08.050+0800][info] GC(248)   Evacuate Collection Set: 0.7ms
[2024-10-11T04:35:08.050+0800][info] GC(248)   Post Evacuate Collection Set: 0.2ms
[2024-10-11T04:35:08.050+0800][info] GC(248)   Other: 0.2ms
[2024-10-11T04:35:08.050+0800][info] GC(248) Eden regions: 2->0(2)
[2024-10-11T04:35:08.050+0800][info] GC(248) Survivor regions: 1->1(1)
[2024-10-11T04:35:08.050+0800][info] GC(248) Old regions: 48->50
[2024-10-11T04:35:08.050+0800][info] GC(248) Archive regions: 2->2
[2024-10-11T04:35:08.050+0800][info] GC(248) Humongous regions: 3->3
[2024-10-11T04:35:08.050+0800][info] GC(248) Metaspace: 1634K(1792K)->1634K(1792K) NonClass: 1509K(1600K)->1509K(1600K) Class: 124K(192K)->124K(192K)
[2024-10-11T04:35:08.050+0800][info] GC(248) Pause Young (Normal) (G1 Evacuation Pause) 105M->105M(128M) 1.266ms
[2024-10-11T04:35:08.050+0800][info] GC(248) User=0.00s Sys=0.00s Real=0.00s
[2024-10-11T04:35:08.152+0800][info] GC(249) Pause Young (Concurrent Start) (G1 Evacuation Pause)
[2024-10-11T04:35:08.152+0800][info] GC(249) Using 3 workers of 48 for evacuation
[2024-10-11T04:35:08.154+0800][info] GC(249)   Pre Evacuate Collection Set: 0.1ms
[2024-10-11T04:35:08.154+0800][info] GC(249)   Merge Heap Roots: 0.0ms
[2024-10-11T04:35:08.154+0800][info] GC(249)   Evacuate Collection Set: 0.8ms
[2024-10-11T04:35:08.154+0800][info] GC(249)   Post Evacuate Collection Set: 0.2ms
[2024-10-11T04:35:08.154+0800][info] GC(249)   Other: 0.3ms
[2024-10-11T04:35:08.154+0800][info] GC(249) Eden regions: 2->0(2)
[2024-10-11T04:35:08.154+0800][info] GC(249) Survivor regions: 1->1(1)
[2024-10-11T04:35:08.154+0800][info] GC(249) Old regions: 50->52
[2024-10-11T04:35:08.154+0800][info] GC(249) Archive regions: 2->2
[2024-10-11T04:35:08.154+0800][info] GC(249) Humongous regions: 3->3
[2024-10-11T04:35:08.154+0800][info] GC(249) Metaspace: 1634K(1792K)->1634K(1792K) NonClass: 1509K(1600K)->1509K(1600K) Class: 124K(192K)->124K(192K)
[2024-10-11T04:35:08.154+0800][info] GC(249) Pause Young (Concurrent Start) (G1 Evacuation Pause) 109M->109M(128M) 1.524ms
[2024-10-11T04:35:08.154+0800][info] GC(249) User=0.00s Sys=0.00s Real=0.01s
[2024-10-11T04:35:08.154+0800][info] GC(250) Concurrent Mark Cycle
[2024-10-11T04:35:08.154+0800][info] GC(250) Concurrent Clear Claimed Marks
[2024-10-11T04:35:08.154+0800][info] GC(250) Concurrent Clear Claimed Marks 0.017ms
[2024-10-11T04:35:08.154+0800][info] GC(250) Concurrent Scan Root Regions
[2024-10-11T04:35:08.154+0800][info] GC(250) Concurrent Scan Root Regions 0.110ms
[2024-10-11T04:35:08.154+0800][info] GC(250) Concurrent Mark
[2024-10-11T04:35:08.154+0800][info] GC(250) Concurrent Mark From Roots
[2024-10-11T04:35:08.154+0800][info] GC(250) Using 12 workers of 12 for marking
[2024-10-11T04:35:08.158+0800][info] GC(250) Concurrent Mark From Roots 3.661ms
[2024-10-11T04:35:08.158+0800][info] GC(250) Concurrent Preclean
[2024-10-11T04:35:08.160+0800][info] GC(250) Concurrent Preclean 1.679ms
[2024-10-11T04:35:08.160+0800][info] GC(250) Pause Remark
[2024-10-11T04:35:08.161+0800][info] GC(250) Pause Remark 110M->110M(128M) 1.424ms
[2024-10-11T04:35:08.161+0800][info] GC(250) User=0.00s Sys=0.00s Real=0.00s
[2024-10-11T04:35:08.161+0800][info] GC(250) Concurrent Mark 7.068ms
[2024-10-11T04:35:08.161+0800][info] GC(250) Concurrent Rebuild Remembered Sets
[2024-10-11T04:35:08.163+0800][info] GC(250) Concurrent Rebuild Remembered Sets 1.540ms
[2024-10-11T04:35:08.163+0800][info] GC(250) Pause Cleanup
[2024-10-11T04:35:08.163+0800][info] GC(250) Pause Cleanup 110M->110M(128M) 0.260ms
[2024-10-11T04:35:08.163+0800][info] GC(250) User=0.00s Sys=0.00s Real=0.00s
[2024-10-11T04:35:08.163+0800][info] GC(250) Concurrent Cleanup for Next Mark
[2024-10-11T04:35:08.164+0800][info] GC(250) Concurrent Cleanup for Next Mark 0.405ms
[2024-10-11T04:35:08.164+0800][info] GC(250) Concurrent Mark Cycle 9.782ms
[2024-10-11T04:35:08.307+0800][info] GC(251) Pause Young (Prepare Mixed) (G1 Preventive Collection)
[2024-10-11T04:35:08.307+0800][info] GC(251) Using 3 workers of 48 for evacuation
[2024-10-11T04:35:08.308+0800][info] GC(251)   Pre Evacuate Collection Set: 0.1ms
[2024-10-11T04:35:08.308+0800][info] GC(251)   Merge Heap Roots: 0.1ms
[2024-10-11T04:35:08.308+0800][info] GC(251)   Evacuate Collection Set: 0.8ms
[2024-10-11T04:35:08.308+0800][info] GC(251)   Post Evacuate Collection Set: 0.2ms
[2024-10-11T04:35:08.308+0800][info] GC(251)   Other: 0.2ms
[2024-10-11T04:35:08.308+0800][info] GC(251) Eden regions: 2->0(2)
[2024-10-11T04:35:08.308+0800][info] GC(251) Survivor regions: 1->1(1)
[2024-10-11T04:35:08.308+0800][info] GC(251) Old regions: 52->54
[2024-10-11T04:35:08.308+0800][info] GC(251) Archive regions: 2->2
[2024-10-11T04:35:08.308+0800][info] GC(251) Humongous regions: 3->3
[2024-10-11T04:35:08.308+0800][info] GC(251) Metaspace: 1634K(1792K)->1634K(1792K) NonClass: 1509K(1600K)->1509K(1600K) Class: 124K(192K)->124K(192K)
[2024-10-11T04:35:08.308+0800][info] GC(251) Pause Young (Prepare Mixed) (G1 Preventive Collection) 113M->113M(128M) 1.405ms
[2024-10-11T04:35:08.308+0800][info] GC(251) User=0.00s Sys=0.00s Real=0.00s
[2024-10-11T04:35:08.370+0800][info] GC(252) Pause Young (Mixed) (G1 Preventive Collection)
[2024-10-11T04:35:08.370+0800][info] GC(252) Using 3 workers of 48 for evacuation
[2024-10-11T04:35:08.371+0800][info] GC(252) To-space exhausted
[2024-10-11T04:35:08.371+0800][info] GC(252)   Pre Evacuate Collection Set: 0.1ms
[2024-10-11T04:35:08.371+0800][info] GC(252)   Merge Heap Roots: 0.1ms
[2024-10-11T04:35:08.371+0800][info] GC(252)   Evacuate Collection Set: 1.0ms
[2024-10-11T04:35:08.371+0800][info] GC(252)   Post Evacuate Collection Set: 0.2ms
[2024-10-11T04:35:08.371+0800][info] GC(252)   Other: 0.2ms
[2024-10-11T04:35:08.371+0800][info] GC(252) Eden regions: 1->0(2)
[2024-10-11T04:35:08.371+0800][info] GC(252) Survivor regions: 1->1(1)
[2024-10-11T04:35:08.371+0800][info] GC(252) Old regions: 54->53
[2024-10-11T04:35:08.371+0800][info] GC(252) Archive regions: 2->2
[2024-10-11T04:35:08.371+0800][info] GC(252) Humongous regions: 3->3
[2024-10-11T04:35:08.371+0800][info] GC(252) Metaspace: 1634K(1792K)->1634K(1792K) NonClass: 1509K(1600K)->1509K(1600K) Class: 124K(192K)->124K(192K)
[2024-10-11T04:35:08.371+0800][info] GC(252) Pause Young (Mixed) (G1 Preventive Collection) 115M->112M(128M) 1.767ms
[2024-10-11T04:35:08.371+0800][info] GC(252) User=0.01s Sys=0.00s Real=0.00s
[2024-10-11T04:35:08.413+0800][info] GC(253) Pause Young (Mixed) (G1 Preventive Collection)
[2024-10-11T04:35:08.413+0800][info] GC(253) Using 3 workers of 48 for evacuation
[2024-10-11T04:35:08.415+0800][info] GC(253) To-space exhausted
[2024-10-11T04:35:08.415+0800][info] GC(253)   Pre Evacuate Collection Set: 0.1ms
[2024-10-11T04:35:08.415+0800][info] GC(253)   Merge Heap Roots: 0.1ms
[2024-10-11T04:35:08.415+0800][info] GC(253)   Evacuate Collection Set: 1.3ms
[2024-10-11T04:35:08.415+0800][info] GC(253)   Post Evacuate Collection Set: 0.3ms
[2024-10-11T04:35:08.415+0800][info] GC(253)   Other: 0.2ms
[2024-10-11T04:35:08.415+0800][info] GC(253) Eden regions: 1->0(2)
[2024-10-11T04:35:08.415+0800][info] GC(253) Survivor regions: 1->1(1)
[2024-10-11T04:35:08.415+0800][info] GC(253) Old regions: 53->55
[2024-10-11T04:35:08.415+0800][info] GC(253) Archive regions: 2->2
[2024-10-11T04:35:08.415+0800][info] GC(253) Humongous regions: 3->3
[2024-10-11T04:35:08.415+0800][info] GC(253) Metaspace: 1634K(1792K)->1634K(1792K) NonClass: 1509K(1600K)->1509K(1600K) Class: 124K(192K)->124K(192K)
[2024-10-11T04:35:08.415+0800][info] GC(253) Pause Young (Mixed) (G1 Preventive Collection) 114M->116M(128M) 2.126ms
[2024-10-11T04:35:08.415+0800][info] GC(253) User=0.00s Sys=0.00s Real=0.01s
[2024-10-11T04:35:08.476+0800][info] GC(254) Pause Young (Mixed) (G1 Preventive Collection)
[2024-10-11T04:35:08.476+0800][info] GC(254) Using 3 workers of 48 for evacuation
[2024-10-11T04:35:08.477+0800][info] GC(254) To-space exhausted
[2024-10-11T04:35:08.477+0800][info] GC(254)   Pre Evacuate Collection Set: 0.1ms
[2024-10-11T04:35:08.477+0800][info] GC(254)   Merge Heap Roots: 0.1ms
[2024-10-11T04:35:08.477+0800][info] GC(254)   Evacuate Collection Set: 0.8ms
[2024-10-11T04:35:08.477+0800][info] GC(254)   Post Evacuate Collection Set: 0.3ms
[2024-10-11T04:35:08.477+0800][info] GC(254)   Other: 0.2ms
[2024-10-11T04:35:08.477+0800][info] GC(254) Eden regions: 1->0(2)
[2024-10-11T04:35:08.477+0800][info] GC(254) Survivor regions: 1->1(1)
[2024-10-11T04:35:08.477+0800][info] GC(254) Old regions: 55->57
[2024-10-11T04:35:08.477+0800][info] GC(254) Archive regions: 2->2
[2024-10-11T04:35:08.477+0800][info] GC(254) Humongous regions: 3->3
[2024-10-11T04:35:08.477+0800][info] GC(254) Metaspace: 1634K(1792K)->1634K(1792K) NonClass: 1509K(1600K)->1509K(1600K) Class: 124K(192K)->124K(192K)
[2024-10-11T04:35:08.478+0800][info] GC(254) Pause Young (Mixed) (G1 Preventive Collection) 118M->120M(128M) 1.504ms
[2024-10-11T04:35:08.478+0800][info] GC(254) User=0.00s Sys=0.00s Real=0.00s
[2024-10-11T04:35:08.518+0800][info] GC(255) Pause Young (Mixed) (G1 Evacuation Pause)
[2024-10-11T04:35:08.519+0800][info] GC(255) Using 3 workers of 48 for evacuation
[2024-10-11T04:35:08.519+0800][info] GC(255) To-space exhausted
[2024-10-11T04:35:08.519+0800][info] GC(255)   Pre Evacuate Collection Set: 0.1ms
[2024-10-11T04:35:08.519+0800][info] GC(255)   Merge Heap Roots: 0.1ms
[2024-10-11T04:35:08.519+0800][info] GC(255)   Evacuate Collection Set: 0.4ms
[2024-10-11T04:35:08.519+0800][info] GC(255)   Post Evacuate Collection Set: 0.3ms
[2024-10-11T04:35:08.519+0800][info] GC(255)   Other: 0.1ms
[2024-10-11T04:35:08.519+0800][info] GC(255) Eden regions: 1->0(3)
[2024-10-11T04:35:08.519+0800][info] GC(255) Survivor regions: 1->0(0)
[2024-10-11T04:35:08.520+0800][info] GC(255) Old regions: 57->59
[2024-10-11T04:35:08.520+0800][info] GC(255) Archive regions: 2->2
[2024-10-11T04:35:08.520+0800][info] GC(255) Humongous regions: 3->3
[2024-10-11T04:35:08.520+0800][info] GC(255) Metaspace: 1634K(1792K)->1634K(1792K) NonClass: 1509K(1600K)->1509K(1600K) Class: 124K(192K)->124K(192K)
[2024-10-11T04:35:08.520+0800][info] GC(255) Pause Young (Mixed) (G1 Evacuation Pause) 122M->122M(128M) 1.079ms
[2024-10-11T04:35:08.520+0800][info] GC(255) User=0.01s Sys=0.00s Real=0.00s
[2024-10-11T04:35:08.520+0800][info] Attempting full compaction
[2024-10-11T04:35:08.520+0800][info] GC(256) Using 3 workers of 48 for full compaction
[2024-10-11T04:35:08.520+0800][info] GC(256) Pause Full (G1 Compaction Pause)
[2024-10-11T04:35:08.520+0800][info] GC(256) Phase 1: Mark live objects
[2024-10-11T04:35:08.523+0800][info] GC(256) Phase 1: Mark live objects 3.115ms
[2024-10-11T04:35:08.523+0800][info] GC(256) Phase 2: Prepare for compaction
[2024-10-11T04:35:08.523+0800][info] GC(256) Phase 2: Prepare for compaction 0.575ms
[2024-10-11T04:35:08.523+0800][info] GC(256) Phase 3: Adjust pointers
[2024-10-11T04:35:08.525+0800][info] GC(256) Phase 3: Adjust pointers 1.497ms
[2024-10-11T04:35:08.525+0800][info] GC(256) Phase 4: Compact heap
[2024-10-11T04:35:08.536+0800][info] GC(256) Phase 4: Compact heap 11.459ms
[2024-10-11T04:35:08.538+0800][info] GC(256) Eden regions: 0->0(4)
[2024-10-11T04:35:08.538+0800][info] GC(256) Survivor regions: 0->0(0)
[2024-10-11T04:35:08.538+0800][info] GC(256) Old regions: 59->38
[2024-10-11T04:35:08.538+0800][info] GC(256) Archive regions: 2->2
[2024-10-11T04:35:08.538+0800][info] GC(256) Humongous regions: 3->3
[2024-10-11T04:35:08.538+0800][info] GC(256) Metaspace: 1634K(1792K)->1634K(1792K) NonClass: 1509K(1600K)->1509K(1600K) Class: 124K(192K)->124K(192K)
[2024-10-11T04:35:08.538+0800][info] GC(256) Pause Full (G1 Compaction Pause) 122M->72M(128M) 18.271ms
[2024-10-11T04:35:08.538+0800][info] GC(256) User=0.03s Sys=0.01s Real=0.02s
[2024-10-11T04:35:08.763+0800][info] GC(257) Pause Young (Normal) (G1 Evacuation Pause)
[2024-10-11T04:35:08.763+0800][info] GC(257) Using 3 workers of 48 for evacuation
[2024-10-11T04:35:08.765+0800][info] GC(257)   Pre Evacuate Collection Set: 0.1ms
[2024-10-11T04:35:08.765+0800][info] GC(257)   Merge Heap Roots: 0.0ms
[2024-10-11T04:35:08.765+0800][info] GC(257)   Evacuate Collection Set: 1.0ms
[2024-10-11T04:35:08.765+0800][info] GC(257)   Post Evacuate Collection Set: 0.2ms
[2024-10-11T04:35:08.765+0800][info] GC(257)   Other: 0.2ms
[2024-10-11T04:35:08.765+0800][info] GC(257) Eden regions: 4->0(2)
[2024-10-11T04:35:08.765+0800][info] GC(257) Survivor regions: 0->1(1)
[2024-10-11T04:35:08.765+0800][info] GC(257) Old regions: 38->41
[2024-10-11T04:35:08.765+0800][info] GC(257) Archive regions: 2->2
[2024-10-11T04:35:08.765+0800][info] GC(257) Humongous regions: 3->3
[2024-10-11T04:35:08.765+0800][info] GC(257) Metaspace: 1634K(1792K)->1634K(1792K) NonClass: 1509K(1600K)->1509K(1600K) Class: 124K(192K)->124K(192K)
[2024-10-11T04:35:08.765+0800][info] GC(257) Pause Young (Normal) (G1 Evacuation Pause) 80M->80M(128M) 1.644ms
[2024-10-11T04:35:08.765+0800][info] GC(257) User=0.00s Sys=0.00s Real=0.00s
[2024-10-11T04:35:08.867+0800][info] GC(258) Pause Young (Normal) (G1 Evacuation Pause)
[2024-10-11T04:35:08.867+0800][info] GC(258) Using 3 workers of 48 for evacuation
[2024-10-11T04:35:08.868+0800][info] GC(258)   Pre Evacuate Collection Set: 0.1ms
[2024-10-11T04:35:08.868+0800][info] GC(258)   Merge Heap Roots: 0.0ms
[2024-10-11T04:35:08.868+0800][info] GC(258)   Evacuate Collection Set: 0.8ms
[2024-10-11T04:35:08.868+0800][info] GC(258)   Post Evacuate Collection Set: 0.2ms
[2024-10-11T04:35:08.868+0800][info] GC(258)   Other: 0.2ms
[2024-10-11T04:35:08.868+0800][info] GC(258) Eden regions: 2->0(2)
[2024-10-11T04:35:08.868+0800][info] GC(258) Survivor regions: 1->1(1)
[2024-10-11T04:35:08.868+0800][info] GC(258) Old regions: 41->43
[2024-10-11T04:35:08.868+0800][info] GC(258) Archive regions: 2->2
[2024-10-11T04:35:08.868+0800][info] GC(258) Humongous regions: 3->3
[2024-10-11T04:35:08.868+0800][info] GC(258) Metaspace: 1634K(1792K)->1634K(1792K) NonClass: 1509K(1600K)->1509K(1600K) Class: 124K(192K)->124K(192K)
[2024-10-11T04:35:08.868+0800][info] GC(258) Pause Young (Normal) (G1 Evacuation Pause) 83M->84M(128M) 1.328ms
[2024-10-11T04:35:08.868+0800][info] GC(258) User=0.01s Sys=0.00s Real=0.00s
[2024-10-11T04:35:08.970+0800][info] GC(259) Pause Young (Normal) (G1 Evacuation Pause)
[2024-10-11T04:35:08.970+0800][info] GC(259) Using 3 workers of 48 for evacuation
[2024-10-11T04:35:08.971+0800][info] GC(259)   Pre Evacuate Collection Set: 0.1ms
[2024-10-11T04:35:08.971+0800][info] GC(259)   Merge Heap Roots: 0.0ms
[2024-10-11T04:35:08.971+0800][info] GC(259)   Evacuate Collection Set: 0.7ms
[2024-10-11T04:35:08.971+0800][info] GC(259)   Post Evacuate Collection Set: 0.2ms
[2024-10-11T04:35:08.971+0800][info] GC(259)   Other: 0.2ms
[2024-10-11T04:35:08.971+0800][info] GC(259) Eden regions: 2->0(2)
[2024-10-11T04:35:08.971+0800][info] GC(259) Survivor regions: 1->1(1)
[2024-10-11T04:35:08.971+0800][info] GC(259) Old regions: 43->45
[2024-10-11T04:35:08.971+0800][info] GC(259) Archive regions: 2->2
[2024-10-11T04:35:08.971+0800][info] GC(259) Humongous regions: 3->3
[2024-10-11T04:35:08.971+0800][info] GC(259) Metaspace: 1634K(1792K)->1634K(1792K) NonClass: 1509K(1600K)->1509K(1600K) Class: 124K(192K)->124K(192K)
[2024-10-11T04:35:08.971+0800][info] GC(259) Pause Young (Normal) (G1 Evacuation Pause) 87M->87M(128M) 1.241ms
[2024-10-11T04:35:08.971+0800][info] GC(259) User=0.00s Sys=0.00s Real=0.00s
[2024-10-11T04:35:09.074+0800][info] GC(260) Pause Young (Normal) (G1 Evacuation Pause)
[2024-10-11T04:35:09.074+0800][info] GC(260) Using 3 workers of 48 for evacuation
[2024-10-11T04:35:09.075+0800][info] GC(260)   Pre Evacuate Collection Set: 0.1ms
[2024-10-11T04:35:09.075+0800][info] GC(260)   Merge Heap Roots: 0.0ms
[2024-10-11T04:35:09.075+0800][info] GC(260)   Evacuate Collection Set: 0.7ms
[2024-10-11T04:35:09.075+0800][info] GC(260)   Post Evacuate Collection Set: 0.2ms
[2024-10-11T04:35:09.075+0800][info] GC(260)   Other: 0.2ms
[2024-10-11T04:35:09.075+0800][info] GC(260) Eden regions: 2->0(2)
[2024-10-11T04:35:09.075+0800][info] GC(260) Survivor regions: 1->1(1)
[2024-10-11T04:35:09.075+0800][info] GC(260) Old regions: 45->47
[2024-10-11T04:35:09.075+0800][info] GC(260) Archive regions: 2->2
[2024-10-11T04:35:09.075+0800][info] GC(260) Humongous regions: 3->3
[2024-10-11T04:35:09.075+0800][info] GC(260) Metaspace: 1634K(1792K)->1634K(1792K) NonClass: 1509K(1600K)->1509K(1600K) Class: 124K(192K)->124K(192K)
[2024-10-11T04:35:09.075+0800][info] GC(260) Pause Young (Normal) (G1 Evacuation Pause) 91M->91M(128M) 1.258ms
[2024-10-11T04:35:09.075+0800][info] GC(260) User=0.00s Sys=0.00s Real=0.00s
[2024-10-11T04:35:09.177+0800][info] GC(261) Pause Young (Concurrent Start) (G1 Evacuation Pause)
[2024-10-11T04:35:09.177+0800][info] GC(261) Using 3 workers of 48 for evacuation
[2024-10-11T04:35:09.179+0800][info] GC(261)   Pre Evacuate Collection Set: 0.1ms
[2024-10-11T04:35:09.179+0800][info] GC(261)   Merge Heap Roots: 0.0ms
[2024-10-11T04:35:09.179+0800][info] GC(261)   Evacuate Collection Set: 0.9ms
[2024-10-11T04:35:09.179+0800][info] GC(261)   Post Evacuate Collection Set: 0.2ms
[2024-10-11T04:35:09.179+0800][info] GC(261)   Other: 0.4ms
[2024-10-11T04:35:09.179+0800][info] GC(261) Eden regions: 2->0(2)
[2024-10-11T04:35:09.179+0800][info] GC(261) Survivor regions: 1->1(1)
[2024-10-11T04:35:09.179+0800][info] GC(261) Old regions: 47->49
[2024-10-11T04:35:09.179+0800][info] GC(261) Archive regions: 2->2
[2024-10-11T04:35:09.179+0800][info] GC(261) Humongous regions: 3->3
[2024-10-11T04:35:09.179+0800][info] GC(261) Metaspace: 1634K(1792K)->1634K(1792K) NonClass: 1509K(1600K)->1509K(1600K) Class: 124K(192K)->124K(192K)
[2024-10-11T04:35:09.179+0800][info] GC(261) Pause Young (Concurrent Start) (G1 Evacuation Pause) 94M->95M(128M) 1.723ms
[2024-10-11T04:35:09.179+0800][info] GC(261) User=0.01s Sys=0.00s Real=0.00s
[2024-10-11T04:35:09.179+0800][info] GC(262) Concurrent Mark Cycle
[2024-10-11T04:35:09.179+0800][info] GC(262) Concurrent Clear Claimed Marks
[2024-10-11T04:35:09.179+0800][info] GC(262) Concurrent Clear Claimed Marks 0.017ms
[2024-10-11T04:35:09.179+0800][info] GC(262) Concurrent Scan Root Regions
[2024-10-11T04:35:09.179+0800][info] GC(262) Concurrent Scan Root Regions 0.129ms
[2024-10-11T04:35:09.179+0800][info] GC(262) Concurrent Mark
[2024-10-11T04:35:09.179+0800][info] GC(262) Concurrent Mark From Roots
[2024-10-11T04:35:09.179+0800][info] GC(262) Using 12 workers of 12 for marking
[2024-10-11T04:35:09.183+0800][info] GC(262) Concurrent Mark From Roots 3.492ms
[2024-10-11T04:35:09.183+0800][info] GC(262) Concurrent Preclean
[2024-10-11T04:35:09.184+0800][info] GC(262) Concurrent Preclean 1.674ms
[2024-10-11T04:35:09.184+0800][info] GC(262) Pause Remark
[2024-10-11T04:35:09.186+0800][info] GC(262) Pause Remark 95M->95M(128M) 1.469ms
[2024-10-11T04:35:09.186+0800][info] GC(262) User=0.00s Sys=0.00s Real=0.01s
[2024-10-11T04:35:09.186+0800][info] GC(262) Concurrent Mark 6.907ms
[2024-10-11T04:35:09.186+0800][info] GC(262) Concurrent Rebuild Remembered Sets
[2024-10-11T04:35:09.187+0800][info] GC(262) Concurrent Rebuild Remembered Sets 1.276ms
[2024-10-11T04:35:09.187+0800][info] GC(262) Pause Cleanup
[2024-10-11T04:35:09.188+0800][info] GC(262) Pause Cleanup 95M->95M(128M) 0.212ms
[2024-10-11T04:35:09.188+0800][info] GC(262) User=0.00s Sys=0.00s Real=0.00s
[2024-10-11T04:35:09.188+0800][info] GC(262) Concurrent Cleanup for Next Mark
[2024-10-11T04:35:09.188+0800][info] GC(262) Concurrent Cleanup for Next Mark 0.404ms
[2024-10-11T04:35:09.188+0800][info] GC(262) Concurrent Mark Cycle 9.247ms
[2024-10-11T04:35:09.332+0800][info] GC(263) Pause Young (Prepare Mixed) (G1 Evacuation Pause)
[2024-10-11T04:35:09.332+0800][info] GC(263) Using 3 workers of 48 for evacuation
[2024-10-11T04:35:09.333+0800][info] GC(263)   Pre Evacuate Collection Set: 0.1ms
[2024-10-11T04:35:09.333+0800][info] GC(263)   Merge Heap Roots: 0.0ms
[2024-10-11T04:35:09.333+0800][info] GC(263)   Evacuate Collection Set: 0.7ms
[2024-10-11T04:35:09.333+0800][info] GC(263)   Post Evacuate Collection Set: 0.2ms
[2024-10-11T04:35:09.333+0800][info] GC(263)   Other: 0.3ms
[2024-10-11T04:35:09.333+0800][info] GC(263) Eden regions: 2->0(2)
[2024-10-11T04:35:09.333+0800][info] GC(263) Survivor regions: 1->1(1)
[2024-10-11T04:35:09.333+0800][info] GC(263) Old regions: 49->50
[2024-10-11T04:35:09.333+0800][info] GC(263) Archive regions: 2->2
[2024-10-11T04:35:09.333+0800][info] GC(263) Humongous regions: 3->3
[2024-10-11T04:35:09.333+0800][info] GC(263) Metaspace: 1634K(1792K)->1634K(1792K) NonClass: 1509K(1600K)->1509K(1600K) Class: 124K(192K)->124K(192K)
[2024-10-11T04:35:09.333+0800][info] GC(263) Pause Young (Prepare Mixed) (G1 Evacuation Pause) 98M->98M(128M) 1.452ms
[2024-10-11T04:35:09.333+0800][info] GC(263) User=0.01s Sys=0.00s Real=0.01s
[2024-10-11T04:35:09.435+0800][info] GC(264) Pause Young (Mixed) (G1 Preventive Collection)
[2024-10-11T04:35:09.435+0800][info] GC(264) Using 3 workers of 48 for evacuation
[2024-10-11T04:35:09.437+0800][info] GC(264)   Pre Evacuate Collection Set: 0.1ms
[2024-10-11T04:35:09.437+0800][info] GC(264)   Merge Heap Roots: 0.1ms
[2024-10-11T04:35:09.437+0800][info] GC(264)   Evacuate Collection Set: 1.6ms
[2024-10-11T04:35:09.437+0800][info] GC(264)   Post Evacuate Collection Set: 0.2ms
[2024-10-11T04:35:09.437+0800][info] GC(264)   Other: 0.2ms
[2024-10-11T04:35:09.437+0800][info] GC(264) Eden regions: 2->0(2)
[2024-10-11T04:35:09.437+0800][info] GC(264) Survivor regions: 1->1(1)
[2024-10-11T04:35:09.437+0800][info] GC(264) Old regions: 50->48
[2024-10-11T04:35:09.437+0800][info] GC(264) Archive regions: 2->2
[2024-10-11T04:35:09.437+0800][info] GC(264) Humongous regions: 3->3
[2024-10-11T04:35:09.437+0800][info] GC(264) Metaspace: 1634K(1792K)->1634K(1792K) NonClass: 1509K(1600K)->1509K(1600K) Class: 124K(192K)->124K(192K)
[2024-10-11T04:35:09.437+0800][info] GC(264) Pause Young (Mixed) (G1 Preventive Collection) 101M->96M(128M) 2.261ms
[2024-10-11T04:35:09.437+0800][info] GC(264) User=0.00s Sys=0.00s Real=0.00s
[2024-10-11T04:35:09.540+0800][info] GC(265) Pause Young (Mixed) (G1 Preventive Collection)
[2024-10-11T04:35:09.540+0800][info] GC(265) Using 3 workers of 48 for evacuation
[2024-10-11T04:35:09.542+0800][info] GC(265)   Pre Evacuate Collection Set: 0.1ms
[2024-10-11T04:35:09.542+0800][info] GC(265)   Merge Heap Roots: 0.1ms
[2024-10-11T04:35:09.542+0800][info] GC(265)   Evacuate Collection Set: 1.8ms
[2024-10-11T04:35:09.542+0800][info] GC(265)   Post Evacuate Collection Set: 0.2ms
[2024-10-11T04:35:09.542+0800][info] GC(265)   Other: 0.1ms
[2024-10-11T04:35:09.543+0800][info] GC(265) Eden regions: 2->0(2)
[2024-10-11T04:35:09.543+0800][info] GC(265) Survivor regions: 1->1(1)
[2024-10-11T04:35:09.543+0800][info] GC(265) Old regions: 48->47
[2024-10-11T04:35:09.543+0800][info] GC(265) Archive regions: 2->2
[2024-10-11T04:35:09.543+0800][info] GC(265) Humongous regions: 4->3
[2024-10-11T04:35:09.543+0800][info] GC(265) Metaspace: 1634K(1792K)->1634K(1792K) NonClass: 1509K(1600K)->1509K(1600K) Class: 124K(192K)->124K(192K)
[2024-10-11T04:35:09.543+0800][info] GC(265) Pause Young (Mixed) (G1 Preventive Collection) 102M->96M(128M) 2.429ms
[2024-10-11T04:35:09.543+0800][info] GC(265) User=0.00s Sys=0.00s Real=0.00s
[2024-10-11T04:35:09.645+0800][info] GC(266) Pause Young (Mixed) (G1 Evacuation Pause)
[2024-10-11T04:35:09.645+0800][info] GC(266) Using 3 workers of 48 for evacuation
[2024-10-11T04:35:09.647+0800][info] GC(266)   Pre Evacuate Collection Set: 0.1ms
[2024-10-11T04:35:09.647+0800][info] GC(266)   Merge Heap Roots: 0.1ms
[2024-10-11T04:35:09.647+0800][info] GC(266)   Evacuate Collection Set: 2.0ms
[2024-10-11T04:35:09.647+0800][info] GC(266)   Post Evacuate Collection Set: 0.2ms
[2024-10-11T04:35:09.647+0800][info] GC(266)   Other: 0.1ms
[2024-10-11T04:35:09.647+0800][info] GC(266) Eden regions: 2->0(2)
[2024-10-11T04:35:09.647+0800][info] GC(266) Survivor regions: 1->1(1)
[2024-10-11T04:35:09.647+0800][info] GC(266) Old regions: 47->47
[2024-10-11T04:35:09.647+0800][info] GC(266) Archive regions: 2->2
[2024-10-11T04:35:09.647+0800][info] GC(266) Humongous regions: 3->3
[2024-10-11T04:35:09.647+0800][info] GC(266) Metaspace: 1634K(1792K)->1634K(1792K) NonClass: 1509K(1600K)->1509K(1600K) Class: 124K(192K)->124K(192K)
[2024-10-11T04:35:09.647+0800][info] GC(266) Pause Young (Mixed) (G1 Evacuation Pause) 100M->97M(128M) 2.664ms
[2024-10-11T04:35:09.647+0800][info] GC(266) User=0.01s Sys=0.00s Real=0.01s
[2024-10-11T04:35:09.750+0800][info] GC(267) Pause Young (Mixed) (G1 Evacuation Pause)
[2024-10-11T04:35:09.750+0800][info] GC(267) Using 3 workers of 48 for evacuation
[2024-10-11T04:35:09.752+0800][info] GC(267)   Pre Evacuate Collection Set: 0.2ms
[2024-10-11T04:35:09.752+0800][info] GC(267)   Merge Heap Roots: 0.1ms
[2024-10-11T04:35:09.752+0800][info] GC(267)   Evacuate Collection Set: 1.7ms
[2024-10-11T04:35:09.752+0800][info] GC(267)   Post Evacuate Collection Set: 0.2ms
[2024-10-11T04:35:09.752+0800][info] GC(267)   Other: 0.1ms
[2024-10-11T04:35:09.752+0800][info] GC(267) Eden regions: 2->0(2)
[2024-10-11T04:35:09.752+0800][info] GC(267) Survivor regions: 1->1(1)
[2024-10-11T04:35:09.752+0800][info] GC(267) Old regions: 47->46
[2024-10-11T04:35:09.752+0800][info] GC(267) Archive regions: 2->2
[2024-10-11T04:35:09.752+0800][info] GC(267) Humongous regions: 3->3
[2024-10-11T04:35:09.752+0800][info] GC(267) Metaspace: 1634K(1792K)->1634K(1792K) NonClass: 1509K(1600K)->1509K(1600K) Class: 124K(192K)->124K(192K)
[2024-10-11T04:35:09.752+0800][info] GC(267) Pause Young (Mixed) (G1 Evacuation Pause) 101M->97M(128M) 2.354ms
[2024-10-11T04:35:09.752+0800][info] GC(267) User=0.01s Sys=0.00s Real=0.00s
[2024-10-11T04:35:09.854+0800][info] GC(268) Pause Young (Normal) (G1 Evacuation Pause)
[2024-10-11T04:35:09.854+0800][info] GC(268) Using 3 workers of 48 for evacuation
[2024-10-11T04:35:09.855+0800][info] GC(268)   Pre Evacuate Collection Set: 0.1ms
[2024-10-11T04:35:09.855+0800][info] GC(268)   Merge Heap Roots: 0.0ms
[2024-10-11T04:35:09.855+0800][info] GC(268)   Evacuate Collection Set: 0.7ms
[2024-10-11T04:35:09.855+0800][info] GC(268)   Post Evacuate Collection Set: 0.2ms
[2024-10-11T04:35:09.855+0800][info] GC(268)   Other: 0.2ms
[2024-10-11T04:35:09.855+0800][info] GC(268) Eden regions: 2->0(2)
[2024-10-11T04:35:09.855+0800][info] GC(268) Survivor regions: 1->1(1)
[2024-10-11T04:35:09.855+0800][info] GC(268) Old regions: 46->48
[2024-10-11T04:35:09.855+0800][info] GC(268) Archive regions: 2->2
[2024-10-11T04:35:09.855+0800][info] GC(268) Humongous regions: 3->3
[2024-10-11T04:35:09.855+0800][info] GC(268) Metaspace: 1634K(1792K)->1634K(1792K) NonClass: 1509K(1600K)->1509K(1600K) Class: 124K(192K)->124K(192K)
[2024-10-11T04:35:09.855+0800][info] GC(268) Pause Young (Normal) (G1 Evacuation Pause) 101M->101M(128M) 1.222ms
[2024-10-11T04:35:09.855+0800][info] GC(268) User=0.00s Sys=0.00s Real=0.00s
[2024-10-11T04:35:09.957+0800][info] GC(269) Pause Young (Normal) (G1 Evacuation Pause)
[2024-10-11T04:35:09.957+0800][info] GC(269) Using 3 workers of 48 for evacuation
[2024-10-11T04:35:09.958+0800][info] GC(269)   Pre Evacuate Collection Set: 0.1ms
[2024-10-11T04:35:09.958+0800][info] GC(269)   Merge Heap Roots: 0.0ms
[2024-10-11T04:35:09.958+0800][info] GC(269)   Evacuate Collection Set: 0.6ms
[2024-10-11T04:35:09.958+0800][info] GC(269)   Post Evacuate Collection Set: 0.2ms
[2024-10-11T04:35:09.958+0800][info] GC(269)   Other: 0.2ms
[2024-10-11T04:35:09.958+0800][info] GC(269) Eden regions: 2->0(2)
[2024-10-11T04:35:09.958+0800][info] GC(269) Survivor regions: 1->1(1)
[2024-10-11T04:35:09.958+0800][info] GC(269) Old regions: 48->50
[2024-10-11T04:35:09.958+0800][info] GC(269) Archive regions: 2->2
[2024-10-11T04:35:09.958+0800][info] GC(269) Humongous regions: 3->3
[2024-10-11T04:35:09.958+0800][info] GC(269) Metaspace: 1634K(1792K)->1634K(1792K) NonClass: 1510K(1600K)->1510K(1600K) Class: 124K(192K)->124K(192K)
[2024-10-11T04:35:09.958+0800][info] GC(269) Pause Young (Normal) (G1 Evacuation Pause) 105M->105M(128M) 1.208ms
[2024-10-11T04:35:09.958+0800][info] GC(269) User=0.01s Sys=0.00s Real=0.00s
[2024-10-11T04:35:10.060+0800][info] GC(270) Pause Young (Concurrent Start) (G1 Evacuation Pause)
[2024-10-11T04:35:10.060+0800][info] GC(270) Using 3 workers of 48 for evacuation
[2024-10-11T04:35:10.062+0800][info] GC(270)   Pre Evacuate Collection Set: 0.1ms
[2024-10-11T04:35:10.062+0800][info] GC(270)   Merge Heap Roots: 0.0ms
[2024-10-11T04:35:10.062+0800][info] GC(270)   Evacuate Collection Set: 0.8ms
[2024-10-11T04:35:10.062+0800][info] GC(270)   Post Evacuate Collection Set: 0.2ms
[2024-10-11T04:35:10.062+0800][info] GC(270)   Other: 0.3ms
[2024-10-11T04:35:10.062+0800][info] GC(270) Eden regions: 2->0(2)
[2024-10-11T04:35:10.062+0800][info] GC(270) Survivor regions: 1->1(1)
[2024-10-11T04:35:10.062+0800][info] GC(270) Old regions: 50->52
[2024-10-11T04:35:10.062+0800][info] GC(270) Archive regions: 2->2
[2024-10-11T04:35:10.062+0800][info] GC(270) Humongous regions: 3->3
[2024-10-11T04:35:10.062+0800][info] GC(270) Metaspace: 1634K(1792K)->1634K(1792K) NonClass: 1510K(1600K)->1510K(1600K) Class: 124K(192K)->124K(192K)
[2024-10-11T04:35:10.062+0800][info] GC(270) Pause Young (Concurrent Start) (G1 Evacuation Pause) 109M->109M(128M) 1.518ms
[2024-10-11T04:35:10.062+0800][info] GC(270) User=0.00s Sys=0.00s Real=0.00s
[2024-10-11T04:35:10.062+0800][info] GC(271) Concurrent Mark Cycle
[2024-10-11T04:35:10.062+0800][info] GC(271) Concurrent Clear Claimed Marks
[2024-10-11T04:35:10.062+0800][info] GC(271) Concurrent Clear Claimed Marks 0.017ms
[2024-10-11T04:35:10.062+0800][info] GC(271) Concurrent Scan Root Regions
[2024-10-11T04:35:10.062+0800][info] GC(271) Concurrent Scan Root Regions 0.097ms
[2024-10-11T04:35:10.062+0800][info] GC(271) Concurrent Mark
[2024-10-11T04:35:10.062+0800][info] GC(271) Concurrent Mark From Roots
[2024-10-11T04:35:10.062+0800][info] GC(271) Using 12 workers of 12 for marking
[2024-10-11T04:35:10.066+0800][info] GC(271) Concurrent Mark From Roots 3.737ms
[2024-10-11T04:35:10.066+0800][info] GC(271) Concurrent Preclean
[2024-10-11T04:35:10.068+0800][info] GC(271) Concurrent Preclean 1.676ms
[2024-10-11T04:35:10.068+0800][info] GC(271) Pause Remark
[2024-10-11T04:35:10.069+0800][info] GC(271) Pause Remark 109M->109M(128M) 1.440ms
[2024-10-11T04:35:10.069+0800][info] GC(271) User=0.00s Sys=0.00s Real=0.00s
[2024-10-11T04:35:10.069+0800][info] GC(271) Concurrent Mark 7.128ms
[2024-10-11T04:35:10.069+0800][info] GC(271) Concurrent Rebuild Remembered Sets
[2024-10-11T04:35:10.071+0800][info] GC(271) Concurrent Rebuild Remembered Sets 1.246ms
[2024-10-11T04:35:10.071+0800][info] GC(271) Pause Cleanup
[2024-10-11T04:35:10.071+0800][info] GC(271) Pause Cleanup 109M->109M(128M) 0.247ms
[2024-10-11T04:35:10.071+0800][info] GC(271) User=0.00s Sys=0.00s Real=0.00s
[2024-10-11T04:35:10.071+0800][info] GC(271) Concurrent Cleanup for Next Mark
[2024-10-11T04:35:10.071+0800][info] GC(271) Concurrent Cleanup for Next Mark 0.371ms
[2024-10-11T04:35:10.071+0800][info] GC(271) Concurrent Mark Cycle 9.467ms
[2024-10-11T04:35:10.215+0800][info] GC(272) Pause Young (Prepare Mixed) (G1 Preventive Collection)
[2024-10-11T04:35:10.215+0800][info] GC(272) Using 3 workers of 48 for evacuation
[2024-10-11T04:35:10.216+0800][info] GC(272)   Pre Evacuate Collection Set: 0.1ms
[2024-10-11T04:35:10.216+0800][info] GC(272)   Merge Heap Roots: 0.1ms
[2024-10-11T04:35:10.216+0800][info] GC(272)   Evacuate Collection Set: 0.8ms
[2024-10-11T04:35:10.217+0800][info] GC(272)   Post Evacuate Collection Set: 0.2ms
[2024-10-11T04:35:10.217+0800][info] GC(272)   Other: 0.2ms
[2024-10-11T04:35:10.217+0800][info] GC(272) Eden regions: 2->0(2)
[2024-10-11T04:35:10.217+0800][info] GC(272) Survivor regions: 1->1(1)
[2024-10-11T04:35:10.217+0800][info] GC(272) Old regions: 52->54
[2024-10-11T04:35:10.217+0800][info] GC(272) Archive regions: 2->2
[2024-10-11T04:35:10.217+0800][info] GC(272) Humongous regions: 3->3
[2024-10-11T04:35:10.217+0800][info] GC(272) Metaspace: 1634K(1792K)->1634K(1792K) NonClass: 1510K(1600K)->1510K(1600K) Class: 124K(192K)->124K(192K)
[2024-10-11T04:35:10.217+0800][info] GC(272) Pause Young (Prepare Mixed) (G1 Preventive Collection) 112M->113M(128M) 1.454ms
[2024-10-11T04:35:10.217+0800][info] GC(272) User=0.00s Sys=0.00s Real=0.00s
[2024-10-11T04:35:10.278+0800][info] GC(273) Pause Young (Mixed) (G1 Preventive Collection)
[2024-10-11T04:35:10.278+0800][info] GC(273) Using 3 workers of 48 for evacuation
[2024-10-11T04:35:10.279+0800][info] GC(273) To-space exhausted
[2024-10-11T04:35:10.279+0800][info] GC(273)   Pre Evacuate Collection Set: 0.1ms
[2024-10-11T04:35:10.279+0800][info] GC(273)   Merge Heap Roots: 0.0ms
[2024-10-11T04:35:10.279+0800][info] GC(273)   Evacuate Collection Set: 0.8ms
[2024-10-11T04:35:10.279+0800][info] GC(273)   Post Evacuate Collection Set: 0.2ms
[2024-10-11T04:35:10.279+0800][info] GC(273)   Other: 0.2ms
[2024-10-11T04:35:10.279+0800][info] GC(273) Eden regions: 1->0(2)
[2024-10-11T04:35:10.279+0800][info] GC(273) Survivor regions: 1->1(1)
[2024-10-11T04:35:10.279+0800][info] GC(273) Old regions: 54->53
[2024-10-11T04:35:10.279+0800][info] GC(273) Archive regions: 2->2
[2024-10-11T04:35:10.279+0800][info] GC(273) Humongous regions: 3->3
[2024-10-11T04:35:10.279+0800][info] GC(273) Metaspace: 1634K(1792K)->1634K(1792K) NonClass: 1510K(1600K)->1510K(1600K) Class: 124K(192K)->124K(192K)
[2024-10-11T04:35:10.279+0800][info] GC(273) Pause Young (Mixed) (G1 Preventive Collection) 115M->112M(128M) 1.494ms
[2024-10-11T04:35:10.279+0800][info] GC(273) User=0.01s Sys=0.00s Real=0.00s
[2024-10-11T04:35:10.320+0800][info] GC(274) Pause Young (Mixed) (G1 Preventive Collection)
[2024-10-11T04:35:10.320+0800][info] GC(274) Using 3 workers of 48 for evacuation
[2024-10-11T04:35:10.322+0800][info] GC(274) To-space exhausted
[2024-10-11T04:35:10.322+0800][info] GC(274)   Pre Evacuate Collection Set: 0.1ms
[2024-10-11T04:35:10.322+0800][info] GC(274)   Merge Heap Roots: 0.1ms
[2024-10-11T04:35:10.322+0800][info] GC(274)   Evacuate Collection Set: 1.3ms
[2024-10-11T04:35:10.322+0800][info] GC(274)   Post Evacuate Collection Set: 0.3ms
[2024-10-11T04:35:10.322+0800][info] GC(274)   Other: 0.2ms
[2024-10-11T04:35:10.322+0800][info] GC(274) Eden regions: 1->0(2)
[2024-10-11T04:35:10.322+0800][info] GC(274) Survivor regions: 1->1(1)
[2024-10-11T04:35:10.322+0800][info] GC(274) Old regions: 53->57
[2024-10-11T04:35:10.322+0800][info] GC(274) Archive regions: 2->2
[2024-10-11T04:35:10.322+0800][info] GC(274) Humongous regions: 3->3
[2024-10-11T04:35:10.322+0800][info] GC(274) Metaspace: 1634K(1792K)->1634K(1792K) NonClass: 1510K(1600K)->1510K(1600K) Class: 124K(192K)->124K(192K)
[2024-10-11T04:35:10.322+0800][info] GC(274) Pause Young (Mixed) (G1 Preventive Collection) 114M->120M(128M) 2.091ms
[2024-10-11T04:35:10.322+0800][info] GC(274) User=0.00s Sys=0.00s Real=0.00s
[2024-10-11T04:35:10.383+0800][info] GC(275) Pause Young (Mixed) (G1 Evacuation Pause)
[2024-10-11T04:35:10.383+0800][info] GC(275) Using 3 workers of 48 for evacuation
[2024-10-11T04:35:10.384+0800][info] GC(275) To-space exhausted
[2024-10-11T04:35:10.384+0800][info] GC(275)   Pre Evacuate Collection Set: 0.1ms
[2024-10-11T04:35:10.384+0800][info] GC(275)   Merge Heap Roots: 0.1ms
[2024-10-11T04:35:10.384+0800][info] GC(275)   Evacuate Collection Set: 0.3ms
[2024-10-11T04:35:10.384+0800][info] GC(275)   Post Evacuate Collection Set: 0.2ms
[2024-10-11T04:35:10.384+0800][info] GC(275)   Other: 0.1ms
[2024-10-11T04:35:10.384+0800][info] GC(275) Eden regions: 1->0(3)
[2024-10-11T04:35:10.384+0800][info] GC(275) Survivor regions: 1->0(0)
[2024-10-11T04:35:10.384+0800][info] GC(275) Old regions: 57->59
[2024-10-11T04:35:10.384+0800][info] GC(275) Archive regions: 2->2
[2024-10-11T04:35:10.384+0800][info] GC(275) Humongous regions: 3->3
[2024-10-11T04:35:10.384+0800][info] GC(275) Metaspace: 1634K(1792K)->1634K(1792K) NonClass: 1510K(1600K)->1510K(1600K) Class: 124K(192K)->124K(192K)
[2024-10-11T04:35:10.384+0800][info] GC(275) Pause Young (Mixed) (G1 Evacuation Pause) 121M->121M(128M) 1.027ms
[2024-10-11T04:35:10.384+0800][info] GC(275) User=0.00s Sys=0.00s Real=0.00s
[2024-10-11T04:35:10.384+0800][info] Attempting full compaction
[2024-10-11T04:35:10.384+0800][info] GC(276) Using 3 workers of 48 for full compaction
[2024-10-11T04:35:10.384+0800][info] GC(276) Pause Full (G1 Compaction Pause)
[2024-10-11T04:35:10.384+0800][info] GC(276) Phase 1: Mark live objects
[2024-10-11T04:35:10.388+0800][info] GC(276) Phase 1: Mark live objects 3.183ms
[2024-10-11T04:35:10.388+0800][info] GC(276) Phase 2: Prepare for compaction
[2024-10-11T04:35:10.388+0800][info] GC(276) Phase 2: Prepare for compaction 0.528ms
[2024-10-11T04:35:10.388+0800][info] GC(276) Phase 3: Adjust pointers
[2024-10-11T04:35:10.390+0800][info] GC(276) Phase 3: Adjust pointers 1.575ms
[2024-10-11T04:35:10.390+0800][info] GC(276) Phase 4: Compact heap
[2024-10-11T04:35:10.400+0800][info] GC(276) Phase 4: Compact heap 10.572ms
[2024-10-11T04:35:10.402+0800][info] GC(276) Eden regions: 0->0(3)
[2024-10-11T04:35:10.402+0800][info] GC(276) Survivor regions: 0->0(0)
[2024-10-11T04:35:10.402+0800][info] GC(276) Old regions: 59->39
[2024-10-11T04:35:10.402+0800][info] GC(276) Archive regions: 2->2
[2024-10-11T04:35:10.402+0800][info] GC(276) Humongous regions: 3->3
[2024-10-11T04:35:10.402+0800][info] GC(276) Metaspace: 1634K(1792K)->1634K(1792K) NonClass: 1510K(1600K)->1510K(1600K) Class: 124K(192K)->124K(192K)
[2024-10-11T04:35:10.402+0800][info] GC(276) Pause Full (G1 Compaction Pause) 121M->72M(128M) 17.515ms
[2024-10-11T04:35:10.402+0800][info] GC(276) User=0.04s Sys=0.00s Real=0.02s
[2024-10-11T04:35:10.566+0800][info] GC(277) Pause Young (Normal) (G1 Evacuation Pause)
[2024-10-11T04:35:10.566+0800][info] GC(277) Using 3 workers of 48 for evacuation
[2024-10-11T04:35:10.567+0800][info] GC(277)   Pre Evacuate Collection Set: 0.1ms
[2024-10-11T04:35:10.567+0800][info] GC(277)   Merge Heap Roots: 0.0ms
[2024-10-11T04:35:10.568+0800][info] GC(277)   Evacuate Collection Set: 0.9ms
[2024-10-11T04:35:10.568+0800][info] GC(277)   Post Evacuate Collection Set: 0.2ms
[2024-10-11T04:35:10.568+0800][info] GC(277)   Other: 0.2ms
[2024-10-11T04:35:10.568+0800][info] GC(277) Eden regions: 3->0(2)
[2024-10-11T04:35:10.568+0800][info] GC(277) Survivor regions: 0->1(1)
[2024-10-11T04:35:10.568+0800][info] GC(277) Old regions: 39->41
[2024-10-11T04:35:10.568+0800][info] GC(277) Archive regions: 2->2
[2024-10-11T04:35:10.568+0800][info] GC(277) Humongous regions: 3->3
[2024-10-11T04:35:10.568+0800][info] GC(277) Metaspace: 1634K(1792K)->1634K(1792K) NonClass: 1510K(1600K)->1510K(1600K) Class: 124K(192K)->124K(192K)
[2024-10-11T04:35:10.568+0800][info] GC(277) Pause Young (Normal) (G1 Evacuation Pause) 78M->78M(128M) 1.520ms
[2024-10-11T04:35:10.568+0800][info] GC(277) User=0.00s Sys=0.00s Real=0.00s
[2024-10-11T04:35:10.670+0800][info] GC(278) Pause Young (Normal) (G1 Evacuation Pause)
[2024-10-11T04:35:10.670+0800][info] GC(278) Using 3 workers of 48 for evacuation
[2024-10-11T04:35:10.671+0800][info] GC(278)   Pre Evacuate Collection Set: 0.1ms
[2024-10-11T04:35:10.671+0800][info] GC(278)   Merge Heap Roots: 0.0ms
[2024-10-11T04:35:10.671+0800][info] GC(278)   Evacuate Collection Set: 0.7ms
[2024-10-11T04:35:10.671+0800][info] GC(278)   Post Evacuate Collection Set: 0.2ms
[2024-10-11T04:35:10.671+0800][info] GC(278)   Other: 0.2ms
[2024-10-11T04:35:10.671+0800][info] GC(278) Eden regions: 2->0(2)
[2024-10-11T04:35:10.671+0800][info] GC(278) Survivor regions: 1->1(1)
[2024-10-11T04:35:10.671+0800][info] GC(278) Old regions: 41->43
[2024-10-11T04:35:10.671+0800][info] GC(278) Archive regions: 2->2
[2024-10-11T04:35:10.671+0800][info] GC(278) Humongous regions: 3->3
[2024-10-11T04:35:10.671+0800][info] GC(278) Metaspace: 1634K(1792K)->1634K(1792K) NonClass: 1510K(1600K)->1510K(1600K) Class: 124K(192K)->124K(192K)
[2024-10-11T04:35:10.671+0800][info] GC(278) Pause Young (Normal) (G1 Evacuation Pause) 82M->82M(128M) 1.357ms
[2024-10-11T04:35:10.671+0800][info] GC(278) User=0.01s Sys=0.00s Real=0.00s
[2024-10-11T04:35:10.773+0800][info] GC(279) Pause Young (Normal) (G1 Evacuation Pause)
[2024-10-11T04:35:10.773+0800][info] GC(279) Using 3 workers of 48 for evacuation
[2024-10-11T04:35:10.774+0800][info] GC(279)   Pre Evacuate Collection Set: 0.1ms
[2024-10-11T04:35:10.774+0800][info] GC(279)   Merge Heap Roots: 0.0ms
[2024-10-11T04:35:10.774+0800][info] GC(279)   Evacuate Collection Set: 0.7ms
[2024-10-11T04:35:10.774+0800][info] GC(279)   Post Evacuate Collection Set: 0.2ms
[2024-10-11T04:35:10.774+0800][info] GC(279)   Other: 0.2ms
[2024-10-11T04:35:10.774+0800][info] GC(279) Eden regions: 2->0(2)
[2024-10-11T04:35:10.774+0800][info] GC(279) Survivor regions: 1->1(1)
[2024-10-11T04:35:10.774+0800][info] GC(279) Old regions: 43->45
[2024-10-11T04:35:10.774+0800][info] GC(279) Archive regions: 2->2
[2024-10-11T04:35:10.774+0800][info] GC(279) Humongous regions: 3->3
[2024-10-11T04:35:10.774+0800][info] GC(279) Metaspace: 1634K(1792K)->1634K(1792K) NonClass: 1510K(1600K)->1510K(1600K) Class: 124K(192K)->124K(192K)
[2024-10-11T04:35:10.774+0800][info] GC(279) Pause Young (Normal) (G1 Evacuation Pause) 86M->86M(128M) 1.303ms
[2024-10-11T04:35:10.774+0800][info] GC(279) User=0.00s Sys=0.00s Real=0.01s
[2024-10-11T04:35:10.876+0800][info] GC(280) Pause Young (Normal) (G1 Evacuation Pause)
[2024-10-11T04:35:10.876+0800][info] GC(280) Using 3 workers of 48 for evacuation
[2024-10-11T04:35:10.878+0800][info] GC(280)   Pre Evacuate Collection Set: 0.1ms
[2024-10-11T04:35:10.878+0800][info] GC(280)   Merge Heap Roots: 0.1ms
[2024-10-11T04:35:10.878+0800][info] GC(280)   Evacuate Collection Set: 0.7ms
[2024-10-11T04:35:10.878+0800][info] GC(280)   Post Evacuate Collection Set: 0.2ms
[2024-10-11T04:35:10.878+0800][info] GC(280)   Other: 0.2ms
[2024-10-11T04:35:10.878+0800][info] GC(280) Eden regions: 2->0(2)
[2024-10-11T04:35:10.878+0800][info] GC(280) Survivor regions: 1->1(1)
[2024-10-11T04:35:10.878+0800][info] GC(280) Old regions: 45->47
[2024-10-11T04:35:10.878+0800][info] GC(280) Archive regions: 2->2
[2024-10-11T04:35:10.878+0800][info] GC(280) Humongous regions: 3->3
[2024-10-11T04:35:10.878+0800][info] GC(280) Metaspace: 1634K(1792K)->1634K(1792K) NonClass: 1510K(1600K)->1510K(1600K) Class: 124K(192K)->124K(192K)
[2024-10-11T04:35:10.878+0800][info] GC(280) Pause Young (Normal) (G1 Evacuation Pause) 90M->90M(128M) 1.322ms
[2024-10-11T04:35:10.878+0800][info] GC(280) User=0.00s Sys=0.00s Real=0.00s
[2024-10-11T04:35:10.980+0800][info] GC(281) Pause Young (Concurrent Start) (G1 Evacuation Pause)
[2024-10-11T04:35:10.980+0800][info] GC(281) Using 3 workers of 48 for evacuation
[2024-10-11T04:35:10.981+0800][info] GC(281)   Pre Evacuate Collection Set: 0.1ms
[2024-10-11T04:35:10.981+0800][info] GC(281)   Merge Heap Roots: 0.0ms
[2024-10-11T04:35:10.981+0800][info] GC(281)   Evacuate Collection Set: 0.8ms
[2024-10-11T04:35:10.981+0800][info] GC(281)   Post Evacuate Collection Set: 0.2ms
[2024-10-11T04:35:10.981+0800][info] GC(281)   Other: 0.4ms
[2024-10-11T04:35:10.981+0800][info] GC(281) Eden regions: 2->0(2)
[2024-10-11T04:35:10.981+0800][info] GC(281) Survivor regions: 1->1(1)
[2024-10-11T04:35:10.981+0800][info] GC(281) Old regions: 47->49
[2024-10-11T04:35:10.981+0800][info] GC(281) Archive regions: 2->2
[2024-10-11T04:35:10.981+0800][info] GC(281) Humongous regions: 3->3
[2024-10-11T04:35:10.981+0800][info] GC(281) Metaspace: 1634K(1792K)->1634K(1792K) NonClass: 1510K(1600K)->1510K(1600K) Class: 124K(192K)->124K(192K)
[2024-10-11T04:35:10.981+0800][info] GC(281) Pause Young (Concurrent Start) (G1 Evacuation Pause) 94M->94M(128M) 1.604ms
[2024-10-11T04:35:10.981+0800][info] GC(281) User=0.00s Sys=0.00s Real=0.00s
[2024-10-11T04:35:10.981+0800][info] GC(282) Concurrent Mark Cycle
[2024-10-11T04:35:10.981+0800][info] GC(282) Concurrent Clear Claimed Marks
[2024-10-11T04:35:10.981+0800][info] GC(282) Concurrent Clear Claimed Marks 0.017ms
[2024-10-11T04:35:10.981+0800][info] GC(282) Concurrent Scan Root Regions
[2024-10-11T04:35:10.982+0800][info] GC(282) Concurrent Scan Root Regions 0.098ms
[2024-10-11T04:35:10.982+0800][info] GC(282) Concurrent Mark
[2024-10-11T04:35:10.982+0800][info] GC(282) Concurrent Mark From Roots
[2024-10-11T04:35:10.982+0800][info] GC(282) Using 12 workers of 12 for marking
[2024-10-11T04:35:10.985+0800][info] GC(282) Concurrent Mark From Roots 3.709ms
[2024-10-11T04:35:10.985+0800][info] GC(282) Concurrent Preclean
[2024-10-11T04:35:10.987+0800][info] GC(282) Concurrent Preclean 1.672ms
[2024-10-11T04:35:10.987+0800][info] GC(282) Pause Remark
[2024-10-11T04:35:10.989+0800][info] GC(282) Pause Remark 94M->94M(128M) 1.407ms
[2024-10-11T04:35:10.989+0800][info] GC(282) User=0.00s Sys=0.00s Real=0.00s
[2024-10-11T04:35:10.989+0800][info] GC(282) Concurrent Mark 7.091ms
[2024-10-11T04:35:10.989+0800][info] GC(282) Concurrent Rebuild Remembered Sets
[2024-10-11T04:35:10.990+0800][info] GC(282) Concurrent Rebuild Remembered Sets 1.297ms
[2024-10-11T04:35:10.990+0800][info] GC(282) Pause Cleanup
[2024-10-11T04:35:10.990+0800][info] GC(282) Pause Cleanup 94M->94M(128M) 0.195ms
[2024-10-11T04:35:10.990+0800][info] GC(282) User=0.00s Sys=0.00s Real=0.00s
[2024-10-11T04:35:10.990+0800][info] GC(282) Concurrent Cleanup for Next Mark
[2024-10-11T04:35:10.991+0800][info] GC(282) Concurrent Cleanup for Next Mark 0.332ms
[2024-10-11T04:35:10.991+0800][info] GC(282) Concurrent Mark Cycle 9.422ms
[2024-10-11T04:35:11.135+0800][info] GC(283) Pause Young (Prepare Mixed) (G1 Evacuation Pause)
[2024-10-11T04:35:11.135+0800][info] GC(283) Using 3 workers of 48 for evacuation
[2024-10-11T04:35:11.136+0800][info] GC(283)   Pre Evacuate Collection Set: 0.1ms
[2024-10-11T04:35:11.136+0800][info] GC(283)   Merge Heap Roots: 0.0ms
[2024-10-11T04:35:11.136+0800][info] GC(283)   Evacuate Collection Set: 0.8ms
[2024-10-11T04:35:11.136+0800][info] GC(283)   Post Evacuate Collection Set: 0.2ms
[2024-10-11T04:35:11.136+0800][info] GC(283)   Other: 0.2ms
[2024-10-11T04:35:11.136+0800][info] GC(283) Eden regions: 2->0(2)
[2024-10-11T04:35:11.136+0800][info] GC(283) Survivor regions: 1->1(1)
[2024-10-11T04:35:11.136+0800][info] GC(283) Old regions: 49->51
[2024-10-11T04:35:11.136+0800][info] GC(283) Archive regions: 2->2
[2024-10-11T04:35:11.136+0800][info] GC(283) Humongous regions: 3->3
[2024-10-11T04:35:11.136+0800][info] GC(283) Metaspace: 1634K(1792K)->1634K(1792K) NonClass: 1510K(1600K)->1510K(1600K) Class: 124K(192K)->124K(192K)
[2024-10-11T04:35:11.136+0800][info] GC(283) Pause Young (Prepare Mixed) (G1 Evacuation Pause) 97M->98M(128M) 1.441ms
[2024-10-11T04:35:11.136+0800][info] GC(283) User=0.00s Sys=0.00s Real=0.00s
[2024-10-11T04:35:11.238+0800][info] GC(284) Pause Young (Mixed) (G1 Preventive Collection)
[2024-10-11T04:35:11.238+0800][info] GC(284) Using 3 workers of 48 for evacuation
[2024-10-11T04:35:11.240+0800][info] GC(284)   Pre Evacuate Collection Set: 0.1ms
[2024-10-11T04:35:11.240+0800][info] GC(284)   Merge Heap Roots: 0.0ms
[2024-10-11T04:35:11.240+0800][info] GC(284)   Evacuate Collection Set: 1.4ms
[2024-10-11T04:35:11.240+0800][info] GC(284)   Post Evacuate Collection Set: 0.2ms
[2024-10-11T04:35:11.240+0800][info] GC(284)   Other: 0.2ms
[2024-10-11T04:35:11.240+0800][info] GC(284) Eden regions: 2->0(2)
[2024-10-11T04:35:11.240+0800][info] GC(284) Survivor regions: 1->1(1)
[2024-10-11T04:35:11.240+0800][info] GC(284) Old regions: 51->48
[2024-10-11T04:35:11.240+0800][info] GC(284) Archive regions: 2->2
[2024-10-11T04:35:11.240+0800][info] GC(284) Humongous regions: 3->3
[2024-10-11T04:35:11.240+0800][info] GC(284) Metaspace: 1634K(1792K)->1634K(1792K) NonClass: 1510K(1600K)->1510K(1600K) Class: 124K(192K)->124K(192K)
[2024-10-11T04:35:11.240+0800][info] GC(284) Pause Young (Mixed) (G1 Preventive Collection) 101M->97M(128M) 2.094ms
[2024-10-11T04:35:11.240+0800][info] GC(284) User=0.00s Sys=0.00s Real=0.00s
[2024-10-11T04:35:11.342+0800][info] GC(285) Pause Young (Mixed) (G1 Evacuation Pause)
[2024-10-11T04:35:11.342+0800][info] GC(285) Using 3 workers of 48 for evacuation
[2024-10-11T04:35:11.344+0800][info] GC(285)   Pre Evacuate Collection Set: 0.1ms
[2024-10-11T04:35:11.344+0800][info] GC(285)   Merge Heap Roots: 0.1ms
[2024-10-11T04:35:11.344+0800][info] GC(285)   Evacuate Collection Set: 1.7ms
[2024-10-11T04:35:11.344+0800][info] GC(285)   Post Evacuate Collection Set: 0.2ms
[2024-10-11T04:35:11.344+0800][info] GC(285)   Other: 0.1ms
[2024-10-11T04:35:11.344+0800][info] GC(285) Eden regions: 2->0(2)
[2024-10-11T04:35:11.344+0800][info] GC(285) Survivor regions: 1->1(1)
[2024-10-11T04:35:11.344+0800][info] GC(285) Old regions: 48->46
[2024-10-11T04:35:11.344+0800][info] GC(285) Archive regions: 2->2
[2024-10-11T04:35:11.344+0800][info] GC(285) Humongous regions: 3->3
[2024-10-11T04:35:11.344+0800][info] GC(285) Metaspace: 1634K(1792K)->1634K(1792K) NonClass: 1510K(1600K)->1510K(1600K) Class: 124K(192K)->124K(192K)
[2024-10-11T04:35:11.344+0800][info] GC(285) Pause Young (Mixed) (G1 Evacuation Pause) 100M->94M(128M) 2.356ms
[2024-10-11T04:35:11.344+0800][info] GC(285) User=0.01s Sys=0.00s Real=0.00s
[2024-10-11T04:35:11.446+0800][info] GC(286) Pause Young (Mixed) (G1 Evacuation Pause)
[2024-10-11T04:35:11.446+0800][info] GC(286) Using 3 workers of 48 for evacuation
[2024-10-11T04:35:11.449+0800][info] GC(286)   Pre Evacuate Collection Set: 0.1ms
[2024-10-11T04:35:11.449+0800][info] GC(286)   Merge Heap Roots: 0.1ms
[2024-10-11T04:35:11.449+0800][info] GC(286)   Evacuate Collection Set: 1.9ms
[2024-10-11T04:35:11.449+0800][info] GC(286)   Post Evacuate Collection Set: 0.2ms
[2024-10-11T04:35:11.449+0800][info] GC(286)   Other: 0.1ms
[2024-10-11T04:35:11.449+0800][info] GC(286) Eden regions: 2->0(2)
[2024-10-11T04:35:11.449+0800][info] GC(286) Survivor regions: 1->1(1)
[2024-10-11T04:35:11.449+0800][info] GC(286) Old regions: 46->46
[2024-10-11T04:35:11.449+0800][info] GC(286) Archive regions: 2->2
[2024-10-11T04:35:11.449+0800][info] GC(286) Humongous regions: 3->3
[2024-10-11T04:35:11.449+0800][info] GC(286) Metaspace: 1634K(1792K)->1634K(1792K) NonClass: 1510K(1600K)->1510K(1600K) Class: 124K(192K)->124K(192K)
[2024-10-11T04:35:11.449+0800][info] GC(286) Pause Young (Mixed) (G1 Evacuation Pause) 98M->96M(128M) 2.504ms
[2024-10-11T04:35:11.449+0800][info] GC(286) User=0.01s Sys=0.00s Real=0.00s
[2024-10-11T04:35:11.551+0800][info] GC(287) Pause Young (Mixed) (G1 Evacuation Pause)
[2024-10-11T04:35:11.551+0800][info] GC(287) Using 3 workers of 48 for evacuation
[2024-10-11T04:35:11.554+0800][info] GC(287)   Pre Evacuate Collection Set: 0.1ms
[2024-10-11T04:35:11.554+0800][info] GC(287)   Merge Heap Roots: 0.1ms
[2024-10-11T04:35:11.554+0800][info] GC(287)   Evacuate Collection Set: 2.3ms
[2024-10-11T04:35:11.554+0800][info] GC(287)   Post Evacuate Collection Set: 0.2ms
[2024-10-11T04:35:11.554+0800][info] GC(287)   Other: 0.1ms
[2024-10-11T04:35:11.554+0800][info] GC(287) Eden regions: 2->0(2)
[2024-10-11T04:35:11.554+0800][info] GC(287) Survivor regions: 1->1(1)
[2024-10-11T04:35:11.554+0800][info] GC(287) Old regions: 46->45
[2024-10-11T04:35:11.554+0800][info] GC(287) Archive regions: 2->2
[2024-10-11T04:35:11.554+0800][info] GC(287) Humongous regions: 3->3
[2024-10-11T04:35:11.554+0800][info] GC(287) Metaspace: 1634K(1792K)->1634K(1792K) NonClass: 1510K(1600K)->1510K(1600K) Class: 124K(192K)->124K(192K)
[2024-10-11T04:35:11.554+0800][info] GC(287) Pause Young (Mixed) (G1 Evacuation Pause) 100M->96M(128M) 2.954ms
[2024-10-11T04:35:11.554+0800][info] GC(287) User=0.01s Sys=0.00s Real=0.01s
[2024-10-11T04:35:11.656+0800][info] GC(288) Pause Young (Normal) (G1 Evacuation Pause)
[2024-10-11T04:35:11.656+0800][info] GC(288) Using 3 workers of 48 for evacuation
[2024-10-11T04:35:11.657+0800][info] GC(288)   Pre Evacuate Collection Set: 0.1ms
[2024-10-11T04:35:11.657+0800][info] GC(288)   Merge Heap Roots: 0.0ms
[2024-10-11T04:35:11.657+0800][info] GC(288)   Evacuate Collection Set: 0.7ms
[2024-10-11T04:35:11.657+0800][info] GC(288)   Post Evacuate Collection Set: 0.2ms
[2024-10-11T04:35:11.657+0800][info] GC(288)   Other: 0.2ms
[2024-10-11T04:35:11.657+0800][info] GC(288) Eden regions: 2->0(2)
[2024-10-11T04:35:11.657+0800][info] GC(288) Survivor regions: 1->1(1)
[2024-10-11T04:35:11.657+0800][info] GC(288) Old regions: 45->47
[2024-10-11T04:35:11.657+0800][info] GC(288) Archive regions: 2->2
[2024-10-11T04:35:11.657+0800][info] GC(288) Humongous regions: 3->3
[2024-10-11T04:35:11.657+0800][info] GC(288) Metaspace: 1634K(1792K)->1634K(1792K) NonClass: 1510K(1600K)->1510K(1600K) Class: 124K(192K)->124K(192K)
[2024-10-11T04:35:11.657+0800][info] GC(288) Pause Young (Normal) (G1 Evacuation Pause) 99M->100M(128M) 1.336ms
[2024-10-11T04:35:11.657+0800][info] GC(288) User=0.00s Sys=0.00s Real=0.00s
[2024-10-11T04:35:11.698+0800][info] GC(289) Pause Young (Concurrent Start) (G1 Humongous Allocation)
[2024-10-11T04:35:11.698+0800][info] GC(289) Using 3 workers of 48 for evacuation
[2024-10-11T04:35:11.699+0800][info] GC(289)   Pre Evacuate Collection Set: 0.1ms
[2024-10-11T04:35:11.699+0800][info] GC(289)   Merge Heap Roots: 0.0ms
[2024-10-11T04:35:11.699+0800][info] GC(289)   Evacuate Collection Set: 0.6ms
[2024-10-11T04:35:11.699+0800][info] GC(289)   Post Evacuate Collection Set: 0.2ms
[2024-10-11T04:35:11.699+0800][info] GC(289)   Other: 0.3ms
[2024-10-11T04:35:11.699+0800][info] GC(289) Eden regions: 1->0(2)
[2024-10-11T04:35:11.699+0800][info] GC(289) Survivor regions: 1->1(1)
[2024-10-11T04:35:11.699+0800][info] GC(289) Old regions: 47->48
[2024-10-11T04:35:11.699+0800][info] GC(289) Archive regions: 2->2
[2024-10-11T04:35:11.699+0800][info] GC(289) Humongous regions: 3->3
[2024-10-11T04:35:11.699+0800][info] GC(289) Metaspace: 1634K(1792K)->1634K(1792K) NonClass: 1510K(1600K)->1510K(1600K) Class: 124K(192K)->124K(192K)
[2024-10-11T04:35:11.699+0800][info] GC(289) Pause Young (Concurrent Start) (G1 Humongous Allocation) 102M->102M(128M) 1.303ms
[2024-10-11T04:35:11.700+0800][info] GC(289) User=0.00s Sys=0.00s Real=0.00s
[2024-10-11T04:35:11.700+0800][info] GC(290) Concurrent Mark Cycle
[2024-10-11T04:35:11.700+0800][info] GC(290) Concurrent Clear Claimed Marks
[2024-10-11T04:35:11.700+0800][info] GC(290) Concurrent Clear Claimed Marks 0.017ms
[2024-10-11T04:35:11.700+0800][info] GC(290) Concurrent Scan Root Regions
[2024-10-11T04:35:11.700+0800][info] GC(290) Concurrent Scan Root Regions 0.151ms
[2024-10-11T04:35:11.700+0800][info] GC(290) Concurrent Mark
[2024-10-11T04:35:11.700+0800][info] GC(290) Concurrent Mark From Roots
[2024-10-11T04:35:11.700+0800][info] GC(290) Using 12 workers of 12 for marking
[2024-10-11T04:35:11.704+0800][info] GC(290) Concurrent Mark From Roots 3.825ms
[2024-10-11T04:35:11.704+0800][info] GC(290) Concurrent Preclean
[2024-10-11T04:35:11.705+0800][info] GC(290) Concurrent Preclean 1.721ms
[2024-10-11T04:35:11.706+0800][info] GC(290) Pause Remark
[2024-10-11T04:35:11.707+0800][info] GC(290) Pause Remark 104M->104M(128M) 1.375ms
[2024-10-11T04:35:11.707+0800][info] GC(290) User=0.00s Sys=0.00s Real=0.00s
[2024-10-11T04:35:11.707+0800][info] GC(290) Concurrent Mark 7.179ms
[2024-10-11T04:35:11.707+0800][info] GC(290) Concurrent Rebuild Remembered Sets
[2024-10-11T04:35:11.708+0800][info] GC(290) Concurrent Rebuild Remembered Sets 1.288ms
[2024-10-11T04:35:11.708+0800][info] GC(290) Pause Cleanup
[2024-10-11T04:35:11.709+0800][info] GC(290) Pause Cleanup 104M->104M(128M) 0.216ms
[2024-10-11T04:35:11.709+0800][info] GC(290) User=0.00s Sys=0.00s Real=0.00s
[2024-10-11T04:35:11.709+0800][info] GC(290) Concurrent Cleanup for Next Mark
[2024-10-11T04:35:11.709+0800][info] GC(290) Concurrent Cleanup for Next Mark 0.337ms
[2024-10-11T04:35:11.709+0800][info] GC(290) Concurrent Mark Cycle 9.493ms
[2024-10-11T04:35:11.873+0800][info] GC(291) Pause Young (Prepare Mixed) (G1 Evacuation Pause)
[2024-10-11T04:35:11.873+0800][info] GC(291) Using 3 workers of 48 for evacuation
[2024-10-11T04:35:11.875+0800][info] GC(291)   Pre Evacuate Collection Set: 0.1ms
[2024-10-11T04:35:11.875+0800][info] GC(291)   Merge Heap Roots: 0.1ms
[2024-10-11T04:35:11.875+0800][info] GC(291)   Evacuate Collection Set: 0.8ms
[2024-10-11T04:35:11.875+0800][info] GC(291)   Post Evacuate Collection Set: 0.2ms
[2024-10-11T04:35:11.875+0800][info] GC(291)   Other: 0.2ms
[2024-10-11T04:35:11.875+0800][info] GC(291) Eden regions: 2->0(2)
[2024-10-11T04:35:11.875+0800][info] GC(291) Survivor regions: 1->1(1)
[2024-10-11T04:35:11.875+0800][info] GC(291) Old regions: 48->50
[2024-10-11T04:35:11.875+0800][info] GC(291) Archive regions: 2->2
[2024-10-11T04:35:11.875+0800][info] GC(291) Humongous regions: 4->3
[2024-10-11T04:35:11.875+0800][info] GC(291) Metaspace: 1634K(1792K)->1634K(1792K) NonClass: 1510K(1600K)->1510K(1600K) Class: 124K(192K)->124K(192K)
[2024-10-11T04:35:11.875+0800][info] GC(291) Pause Young (Prepare Mixed) (G1 Evacuation Pause) 107M->106M(128M) 1.419ms
[2024-10-11T04:35:11.875+0800][info] GC(291) User=0.01s Sys=0.00s Real=0.00s
[2024-10-11T04:35:11.977+0800][info] GC(292) Pause Young (Mixed) (G1 Preventive Collection)
[2024-10-11T04:35:11.977+0800][info] GC(292) Using 3 workers of 48 for evacuation
[2024-10-11T04:35:11.980+0800][info] GC(292)   Pre Evacuate Collection Set: 0.1ms
[2024-10-11T04:35:11.980+0800][info] GC(292)   Merge Heap Roots: 0.1ms
[2024-10-11T04:35:11.980+0800][info] GC(292)   Evacuate Collection Set: 1.7ms
[2024-10-11T04:35:11.980+0800][info] GC(292)   Post Evacuate Collection Set: 0.2ms
[2024-10-11T04:35:11.980+0800][info] GC(292)   Other: 0.2ms
[2024-10-11T04:35:11.980+0800][info] GC(292) Eden regions: 2->0(2)
[2024-10-11T04:35:11.980+0800][info] GC(292) Survivor regions: 1->1(1)
[2024-10-11T04:35:11.980+0800][info] GC(292) Old regions: 50->48
[2024-10-11T04:35:11.980+0800][info] GC(292) Archive regions: 2->2
[2024-10-11T04:35:11.980+0800][info] GC(292) Humongous regions: 3->3
[2024-10-11T04:35:11.980+0800][info] GC(292) Metaspace: 1634K(1792K)->1634K(1792K) NonClass: 1510K(1600K)->1510K(1600K) Class: 124K(192K)->124K(192K)
[2024-10-11T04:35:11.980+0800][info] GC(292) Pause Young (Mixed) (G1 Preventive Collection) 109M->102M(128M) 2.362ms
[2024-10-11T04:35:11.980+0800][info] GC(292) User=0.00s Sys=0.00s Real=0.00s
[2024-10-11T04:35:12.082+0800][info] GC(293) Pause Young (Mixed) (G1 Evacuation Pause)
[2024-10-11T04:35:12.082+0800][info] GC(293) Using 3 workers of 48 for evacuation
[2024-10-11T04:35:12.084+0800][info] GC(293)   Pre Evacuate Collection Set: 0.1ms
[2024-10-11T04:35:12.084+0800][info] GC(293)   Merge Heap Roots: 0.1ms
[2024-10-11T04:35:12.084+0800][info] GC(293)   Evacuate Collection Set: 1.8ms
[2024-10-11T04:35:12.084+0800][info] GC(293)   Post Evacuate Collection Set: 0.2ms
[2024-10-11T04:35:12.084+0800][info] GC(293)   Other: 0.1ms
[2024-10-11T04:35:12.084+0800][info] GC(293) Eden regions: 2->0(2)
[2024-10-11T04:35:12.084+0800][info] GC(293) Survivor regions: 1->1(1)
[2024-10-11T04:35:12.084+0800][info] GC(293) Old regions: 48->46
[2024-10-11T04:35:12.084+0800][info] GC(293) Archive regions: 2->2
[2024-10-11T04:35:12.084+0800][info] GC(293) Humongous regions: 3->3
[2024-10-11T04:35:12.084+0800][info] GC(293) Metaspace: 1634K(1792K)->1634K(1792K) NonClass: 1510K(1600K)->1510K(1600K) Class: 124K(192K)->124K(192K)
[2024-10-11T04:35:12.084+0800][info] GC(293) Pause Young (Mixed) (G1 Evacuation Pause) 106M->100M(128M) 2.457ms
[2024-10-11T04:35:12.084+0800][info] GC(293) User=0.01s Sys=0.00s Real=0.00s
[2024-10-11T04:35:12.186+0800][info] GC(294) Pause Young (Mixed) (G1 Evacuation Pause)
[2024-10-11T04:35:12.186+0800][info] GC(294) Using 3 workers of 48 for evacuation
[2024-10-11T04:35:12.189+0800][info] GC(294)   Pre Evacuate Collection Set: 0.1ms
[2024-10-11T04:35:12.189+0800][info] GC(294)   Merge Heap Roots: 0.1ms
[2024-10-11T04:35:12.189+0800][info] GC(294)   Evacuate Collection Set: 1.8ms
[2024-10-11T04:35:12.189+0800][info] GC(294)   Post Evacuate Collection Set: 0.2ms
[2024-10-11T04:35:12.189+0800][info] GC(294)   Other: 0.1ms
[2024-10-11T04:35:12.189+0800][info] GC(294) Eden regions: 2->0(2)
[2024-10-11T04:35:12.189+0800][info] GC(294) Survivor regions: 1->1(1)
[2024-10-11T04:35:12.189+0800][info] GC(294) Old regions: 46->45
[2024-10-11T04:35:12.189+0800][info] GC(294) Archive regions: 2->2
[2024-10-11T04:35:12.189+0800][info] GC(294) Humongous regions: 3->3
[2024-10-11T04:35:12.189+0800][info] GC(294) Metaspace: 1634K(1792K)->1634K(1792K) NonClass: 1510K(1600K)->1510K(1600K) Class: 124K(192K)->124K(192K)
[2024-10-11T04:35:12.189+0800][info] GC(294) Pause Young (Mixed) (G1 Evacuation Pause) 103M->98M(128M) 2.447ms
[2024-10-11T04:35:12.189+0800][info] GC(294) User=0.01s Sys=0.00s Real=0.00s
[2024-10-11T04:35:12.291+0800][info] GC(295) Pause Young (Mixed) (G1 Evacuation Pause)
[2024-10-11T04:35:12.291+0800][info] GC(295) Using 3 workers of 48 for evacuation
[2024-10-11T04:35:12.293+0800][info] GC(295)   Pre Evacuate Collection Set: 0.1ms
[2024-10-11T04:35:12.293+0800][info] GC(295)   Merge Heap Roots: 0.0ms
[2024-10-11T04:35:12.293+0800][info] GC(295)   Evacuate Collection Set: 1.5ms
[2024-10-11T04:35:12.293+0800][info] GC(295)   Post Evacuate Collection Set: 0.2ms
[2024-10-11T04:35:12.293+0800][info] GC(295)   Other: 0.1ms
[2024-10-11T04:35:12.293+0800][info] GC(295) Eden regions: 2->0(2)
[2024-10-11T04:35:12.293+0800][info] GC(295) Survivor regions: 1->1(1)
[2024-10-11T04:35:12.293+0800][info] GC(295) Old regions: 45->46
[2024-10-11T04:35:12.293+0800][info] GC(295) Archive regions: 2->2
[2024-10-11T04:35:12.293+0800][info] GC(295) Humongous regions: 3->3
[2024-10-11T04:35:12.293+0800][info] GC(295) Metaspace: 1634K(1792K)->1634K(1792K) NonClass: 1510K(1600K)->1510K(1600K) Class: 124K(192K)->124K(192K)
[2024-10-11T04:35:12.293+0800][info] GC(295) Pause Young (Mixed) (G1 Evacuation Pause) 101M->99M(128M) 2.097ms
[2024-10-11T04:35:12.293+0800][info] GC(295) User=0.00s Sys=0.00s Real=0.00s
[2024-10-11T04:35:12.395+0800][info] GC(296) Pause Young (Normal) (G1 Evacuation Pause)
[2024-10-11T04:35:12.395+0800][info] GC(296) Using 3 workers of 48 for evacuation
[2024-10-11T04:35:12.396+0800][info] GC(296)   Pre Evacuate Collection Set: 0.1ms
[2024-10-11T04:35:12.396+0800][info] GC(296)   Merge Heap Roots: 0.0ms
[2024-10-11T04:35:12.396+0800][info] GC(296)   Evacuate Collection Set: 0.7ms
[2024-10-11T04:35:12.396+0800][info] GC(296)   Post Evacuate Collection Set: 0.2ms
[2024-10-11T04:35:12.396+0800][info] GC(296)   Other: 0.2ms
[2024-10-11T04:35:12.396+0800][info] GC(296) Eden regions: 2->0(2)
[2024-10-11T04:35:12.396+0800][info] GC(296) Survivor regions: 1->1(1)
[2024-10-11T04:35:12.396+0800][info] GC(296) Old regions: 46->48
[2024-10-11T04:35:12.396+0800][info] GC(296) Archive regions: 2->2
[2024-10-11T04:35:12.396+0800][info] GC(296) Humongous regions: 3->3
[2024-10-11T04:35:12.396+0800][info] GC(296) Metaspace: 1634K(1792K)->1634K(1792K) NonClass: 1510K(1600K)->1510K(1600K) Class: 124K(192K)->124K(192K)
[2024-10-11T04:35:12.396+0800][info] GC(296) Pause Young (Normal) (G1 Evacuation Pause) 103M->103M(128M) 1.322ms
[2024-10-11T04:35:12.396+0800][info] GC(296) User=0.00s Sys=0.00s Real=0.00s
[2024-10-11T04:35:12.498+0800][info] GC(297) Pause Young (Normal) (G1 Evacuation Pause)
[2024-10-11T04:35:12.498+0800][info] GC(297) Using 3 workers of 48 for evacuation
[2024-10-11T04:35:12.500+0800][info] GC(297)   Pre Evacuate Collection Set: 0.1ms
[2024-10-11T04:35:12.500+0800][info] GC(297)   Merge Heap Roots: 0.0ms
[2024-10-11T04:35:12.500+0800][info] GC(297)   Evacuate Collection Set: 0.8ms
[2024-10-11T04:35:12.500+0800][info] GC(297)   Post Evacuate Collection Set: 0.2ms
[2024-10-11T04:35:12.500+0800][info] GC(297)   Other: 0.2ms
[2024-10-11T04:35:12.500+0800][info] GC(297) Eden regions: 2->0(2)
[2024-10-11T04:35:12.500+0800][info] GC(297) Survivor regions: 1->1(1)
[2024-10-11T04:35:12.500+0800][info] GC(297) Old regions: 48->49
[2024-10-11T04:35:12.500+0800][info] GC(297) Archive regions: 2->2
[2024-10-11T04:35:12.500+0800][info] GC(297) Humongous regions: 3->3
[2024-10-11T04:35:12.500+0800][info] GC(297) Metaspace: 1634K(1792K)->1634K(1792K) NonClass: 1510K(1600K)->1510K(1600K) Class: 124K(192K)->124K(192K)
[2024-10-11T04:35:12.500+0800][info] GC(297) Pause Young (Normal) (G1 Evacuation Pause) 107M->107M(128M) 1.377ms
[2024-10-11T04:35:12.500+0800][info] GC(297) User=0.01s Sys=0.00s Real=0.00s
[2024-10-11T04:35:12.602+0800][info] GC(298) Pause Young (Concurrent Start) (G1 Evacuation Pause)
[2024-10-11T04:35:12.602+0800][info] GC(298) Using 3 workers of 48 for evacuation
[2024-10-11T04:35:12.603+0800][info] GC(298)   Pre Evacuate Collection Set: 0.1ms
[2024-10-11T04:35:12.603+0800][info] GC(298)   Merge Heap Roots: 0.0ms
[2024-10-11T04:35:12.603+0800][info] GC(298)   Evacuate Collection Set: 0.7ms
[2024-10-11T04:35:12.603+0800][info] GC(298)   Post Evacuate Collection Set: 0.2ms
[2024-10-11T04:35:12.603+0800][info] GC(298)   Other: 0.3ms
[2024-10-11T04:35:12.603+0800][info] GC(298) Eden regions: 2->0(2)
[2024-10-11T04:35:12.603+0800][info] GC(298) Survivor regions: 1->1(1)
[2024-10-11T04:35:12.603+0800][info] GC(298) Old regions: 49->51
[2024-10-11T04:35:12.603+0800][info] GC(298) Archive regions: 2->2
[2024-10-11T04:35:12.603+0800][info] GC(298) Humongous regions: 3->3
[2024-10-11T04:35:12.603+0800][info] GC(298) Metaspace: 1636K(1792K)->1636K(1792K) NonClass: 1512K(1600K)->1512K(1600K) Class: 124K(192K)->124K(192K)
[2024-10-11T04:35:12.603+0800][info] GC(298) Pause Young (Concurrent Start) (G1 Evacuation Pause) 110M->110M(128M) 1.402ms
[2024-10-11T04:35:12.603+0800][info] GC(298) User=0.00s Sys=0.00s Real=0.00s
[2024-10-11T04:35:12.604+0800][info] GC(299) Concurrent Mark Cycle
[2024-10-11T04:35:12.604+0800][info] GC(299) Concurrent Clear Claimed Marks
[2024-10-11T04:35:12.604+0800][info] GC(299) Concurrent Clear Claimed Marks 0.017ms
[2024-10-11T04:35:12.604+0800][info] GC(299) Concurrent Scan Root Regions
[2024-10-11T04:35:12.604+0800][info] GC(299) Concurrent Scan Root Regions 0.105ms
[2024-10-11T04:35:12.604+0800][info] GC(299) Concurrent Mark
[2024-10-11T04:35:12.604+0800][info] GC(299) Concurrent Mark From Roots
[2024-10-11T04:35:12.604+0800][info] GC(299) Using 12 workers of 12 for marking
[2024-10-11T04:35:12.608+0800][info] GC(299) Concurrent Mark From Roots 4.000ms
[2024-10-11T04:35:12.608+0800][info] GC(299) Concurrent Preclean
[2024-10-11T04:35:12.610+0800][info] GC(299) Concurrent Preclean 1.700ms
[2024-10-11T04:35:12.610+0800][info] GC(299) Pause Remark
[2024-10-11T04:35:12.611+0800][info] GC(299) Pause Remark 111M->111M(128M) 1.471ms
[2024-10-11T04:35:12.611+0800][info] GC(299) User=0.00s Sys=0.00s Real=0.00s
[2024-10-11T04:35:12.611+0800][info] GC(299) Concurrent Mark 7.465ms
[2024-10-11T04:35:12.611+0800][info] GC(299) Concurrent Rebuild Remembered Sets
[2024-10-11T04:35:12.613+0800][info] GC(299) Concurrent Rebuild Remembered Sets 1.336ms
[2024-10-11T04:35:12.613+0800][info] GC(299) Pause Cleanup
[2024-10-11T04:35:12.613+0800][info] GC(299) Pause Cleanup 111M->111M(128M) 0.158ms
[2024-10-11T04:35:12.613+0800][info] GC(299) User=0.00s Sys=0.00s Real=0.00s
[2024-10-11T04:35:12.613+0800][info] GC(299) Concurrent Cleanup for Next Mark
[2024-10-11T04:35:12.613+0800][info] GC(299) Concurrent Cleanup for Next Mark 0.418ms
[2024-10-11T04:35:12.613+0800][info] GC(299) Concurrent Mark Cycle 9.785ms
[2024-10-11T04:35:12.756+0800][info] GC(300) Pause Young (Prepare Mixed) (G1 Evacuation Pause)
[2024-10-11T04:35:12.756+0800][info] GC(300) Using 3 workers of 48 for evacuation
[2024-10-11T04:35:12.758+0800][info] GC(300)   Pre Evacuate Collection Set: 0.1ms
[2024-10-11T04:35:12.758+0800][info] GC(300)   Merge Heap Roots: 0.1ms
[2024-10-11T04:35:12.758+0800][info] GC(300)   Evacuate Collection Set: 0.9ms
[2024-10-11T04:35:12.758+0800][info] GC(300)   Post Evacuate Collection Set: 0.2ms
[2024-10-11T04:35:12.758+0800][info] GC(300)   Other: 0.2ms
[2024-10-11T04:35:12.758+0800][info] GC(300) Eden regions: 2->0(2)
[2024-10-11T04:35:12.758+0800][info] GC(300) Survivor regions: 1->1(1)
[2024-10-11T04:35:12.758+0800][info] GC(300) Old regions: 51->53
[2024-10-11T04:35:12.758+0800][info] GC(300) Archive regions: 2->2
[2024-10-11T04:35:12.758+0800][info] GC(300) Humongous regions: 3->3
[2024-10-11T04:35:12.758+0800][info] GC(300) Metaspace: 1636K(1792K)->1636K(1792K) NonClass: 1512K(1600K)->1512K(1600K) Class: 124K(192K)->124K(192K)
[2024-10-11T04:35:12.758+0800][info] GC(300) Pause Young (Prepare Mixed) (G1 Evacuation Pause) 114M->114M(128M) 1.495ms
[2024-10-11T04:35:12.758+0800][info] GC(300) User=0.01s Sys=0.00s Real=0.00s
[2024-10-11T04:35:12.819+0800][info] GC(301) Pause Young (Mixed) (G1 Preventive Collection)
[2024-10-11T04:35:12.819+0800][info] GC(301) Using 3 workers of 48 for evacuation
[2024-10-11T04:35:12.821+0800][info] GC(301) To-space exhausted
[2024-10-11T04:35:12.821+0800][info] GC(301)   Pre Evacuate Collection Set: 0.1ms
[2024-10-11T04:35:12.821+0800][info] GC(301)   Merge Heap Roots: 0.1ms
[2024-10-11T04:35:12.821+0800][info] GC(301)   Evacuate Collection Set: 1.0ms
[2024-10-11T04:35:12.821+0800][info] GC(301)   Post Evacuate Collection Set: 0.2ms
[2024-10-11T04:35:12.821+0800][info] GC(301)   Other: 0.2ms
[2024-10-11T04:35:12.821+0800][info] GC(301) Eden regions: 1->0(2)
[2024-10-11T04:35:12.821+0800][info] GC(301) Survivor regions: 1->1(1)
[2024-10-11T04:35:12.821+0800][info] GC(301) Old regions: 53->52
[2024-10-11T04:35:12.821+0800][info] GC(301) Archive regions: 2->2
[2024-10-11T04:35:12.821+0800][info] GC(301) Humongous regions: 3->3
[2024-10-11T04:35:12.821+0800][info] GC(301) Metaspace: 1636K(1792K)->1636K(1792K) NonClass: 1512K(1600K)->1512K(1600K) Class: 124K(192K)->124K(192K)
[2024-10-11T04:35:12.821+0800][info] GC(301) Pause Young (Mixed) (G1 Preventive Collection) 116M->113M(128M) 1.718ms
[2024-10-11T04:35:12.821+0800][info] GC(301) User=0.00s Sys=0.00s Real=0.00s
[2024-10-11T04:35:12.862+0800][info] GC(302) Pause Young (Mixed) (G1 Preventive Collection)
[2024-10-11T04:35:12.862+0800][info] GC(302) Using 3 workers of 48 for evacuation
[2024-10-11T04:35:12.864+0800][info] GC(302) To-space exhausted
[2024-10-11T04:35:12.864+0800][info] GC(302)   Pre Evacuate Collection Set: 0.1ms
[2024-10-11T04:35:12.864+0800][info] GC(302)   Merge Heap Roots: 0.1ms
[2024-10-11T04:35:12.864+0800][info] GC(302)   Evacuate Collection Set: 1.4ms
[2024-10-11T04:35:12.864+0800][info] GC(302)   Post Evacuate Collection Set: 0.3ms
[2024-10-11T04:35:12.864+0800][info] GC(302)   Other: 0.2ms
[2024-10-11T04:35:12.864+0800][info] GC(302) Eden regions: 1->0(2)
[2024-10-11T04:35:12.864+0800][info] GC(302) Survivor regions: 1->1(1)
[2024-10-11T04:35:12.864+0800][info] GC(302) Old regions: 52->53
[2024-10-11T04:35:12.864+0800][info] GC(302) Archive regions: 2->2
[2024-10-11T04:35:12.864+0800][info] GC(302) Humongous regions: 3->3
[2024-10-11T04:35:12.864+0800][info] GC(302) Metaspace: 1636K(1792K)->1636K(1792K) NonClass: 1512K(1600K)->1512K(1600K) Class: 124K(192K)->124K(192K)
[2024-10-11T04:35:12.864+0800][info] GC(302) Pause Young (Mixed) (G1 Preventive Collection) 114M->114M(128M) 2.181ms
[2024-10-11T04:35:12.864+0800][info] GC(302) User=0.01s Sys=0.00s Real=0.00s
[2024-10-11T04:35:12.926+0800][info] GC(303) Pause Young (Mixed) (G1 Preventive Collection)
[2024-10-11T04:35:12.926+0800][info] GC(303) Using 3 workers of 48 for evacuation
[2024-10-11T04:35:12.928+0800][info] GC(303) To-space exhausted
[2024-10-11T04:35:12.928+0800][info] GC(303)   Pre Evacuate Collection Set: 0.1ms
[2024-10-11T04:35:12.928+0800][info] GC(303)   Merge Heap Roots: 0.1ms
[2024-10-11T04:35:12.928+0800][info] GC(303)   Evacuate Collection Set: 1.4ms
[2024-10-11T04:35:12.928+0800][info] GC(303)   Post Evacuate Collection Set: 0.7ms
[2024-10-11T04:35:12.928+0800][info] GC(303)   Other: 0.1ms
[2024-10-11T04:35:12.928+0800][info] GC(303) Eden regions: 1->0(2)
[2024-10-11T04:35:12.928+0800][info] GC(303) Survivor regions: 1->1(1)
[2024-10-11T04:35:12.928+0800][info] GC(303) Old regions: 53->56
[2024-10-11T04:35:12.928+0800][info] GC(303) Archive regions: 2->2
[2024-10-11T04:35:12.928+0800][info] GC(303) Humongous regions: 3->3
[2024-10-11T04:35:12.928+0800][info] GC(303) Metaspace: 1636K(1792K)->1636K(1792K) NonClass: 1512K(1600K)->1512K(1600K) Class: 124K(192K)->124K(192K)
[2024-10-11T04:35:12.928+0800][info] GC(303) Pause Young (Mixed) (G1 Preventive Collection) 116M->121M(128M) 2.534ms
[2024-10-11T04:35:12.928+0800][info] GC(303) User=0.01s Sys=0.00s Real=0.00s
[2024-10-11T04:35:12.969+0800][info] GC(304) Pause Young (Mixed) (G1 Preventive Collection)
[2024-10-11T04:35:12.969+0800][info] GC(304) Using 3 workers of 48 for evacuation
[2024-10-11T04:35:12.970+0800][info] GC(304) To-space exhausted
[2024-10-11T04:35:12.970+0800][info] GC(304)   Pre Evacuate Collection Set: 0.1ms
[2024-10-11T04:35:12.970+0800][info] GC(304)   Merge Heap Roots: 0.1ms
[2024-10-11T04:35:12.970+0800][info] GC(304)   Evacuate Collection Set: 0.6ms
[2024-10-11T04:35:12.970+0800][info] GC(304)   Post Evacuate Collection Set: 0.2ms
[2024-10-11T04:35:12.970+0800][info] GC(304)   Other: 0.2ms
[2024-10-11T04:35:12.970+0800][info] GC(304) Eden regions: 1->0(2)
[2024-10-11T04:35:12.970+0800][info] GC(304) Survivor regions: 1->1(1)
[2024-10-11T04:35:12.970+0800][info] GC(304) Old regions: 56->57
[2024-10-11T04:35:12.970+0800][info] GC(304) Archive regions: 2->2
[2024-10-11T04:35:12.970+0800][info] GC(304) Humongous regions: 3->3
[2024-10-11T04:35:12.970+0800][info] GC(304) Metaspace: 1636K(1792K)->1636K(1792K) NonClass: 1512K(1600K)->1512K(1600K) Class: 124K(192K)->124K(192K)
[2024-10-11T04:35:12.970+0800][info] GC(304) Pause Young (Mixed) (G1 Preventive Collection) 122M->122M(128M) 1.362ms
[2024-10-11T04:35:12.970+0800][info] GC(304) User=0.00s Sys=0.00s Real=0.00s
[2024-10-11T04:35:13.032+0800][info] GC(305) Pause Young (Mixed) (G1 Evacuation Pause)
[2024-10-11T04:35:13.032+0800][info] GC(305) Using 3 workers of 48 for evacuation
[2024-10-11T04:35:13.033+0800][info] GC(305) To-space exhausted
[2024-10-11T04:35:13.033+0800][info] GC(305)   Pre Evacuate Collection Set: 0.1ms
[2024-10-11T04:35:13.033+0800][info] GC(305)   Merge Heap Roots: 0.1ms
[2024-10-11T04:35:13.033+0800][info] GC(305)   Evacuate Collection Set: 0.6ms
[2024-10-11T04:35:13.033+0800][info] GC(305)   Post Evacuate Collection Set: 0.7ms
[2024-10-11T04:35:13.033+0800][info] GC(305)   Other: 0.1ms
[2024-10-11T04:35:13.033+0800][info] GC(305) Eden regions: 1->0(3)
[2024-10-11T04:35:13.033+0800][info] GC(305) Survivor regions: 1->0(0)
[2024-10-11T04:35:13.033+0800][info] GC(305) Old regions: 57->59
[2024-10-11T04:35:13.033+0800][info] GC(305) Archive regions: 2->2
[2024-10-11T04:35:13.033+0800][info] GC(305) Humongous regions: 3->3
[2024-10-11T04:35:13.033+0800][info] GC(305) Metaspace: 1636K(1792K)->1636K(1792K) NonClass: 1512K(1600K)->1512K(1600K) Class: 124K(192K)->124K(192K)
[2024-10-11T04:35:13.033+0800][info] GC(305) Pause Young (Mixed) (G1 Evacuation Pause) 124M->124M(128M) 1.722ms
[2024-10-11T04:35:13.033+0800][info] GC(305) User=0.00s Sys=0.00s Real=0.01s
[2024-10-11T04:35:13.033+0800][info] Attempting full compaction
[2024-10-11T04:35:13.033+0800][info] GC(306) Using 3 workers of 48 for full compaction
[2024-10-11T04:35:13.033+0800][info] GC(306) Pause Full (G1 Compaction Pause)
[2024-10-11T04:35:13.033+0800][info] GC(306) Phase 1: Mark live objects
[2024-10-11T04:35:13.037+0800][info] GC(306) Phase 1: Mark live objects 3.184ms
[2024-10-11T04:35:13.037+0800][info] GC(306) Phase 2: Prepare for compaction
[2024-10-11T04:35:13.037+0800][info] GC(306) Phase 2: Prepare for compaction 0.520ms
[2024-10-11T04:35:13.037+0800][info] GC(306) Phase 3: Adjust pointers
[2024-10-11T04:35:13.039+0800][info] GC(306) Phase 3: Adjust pointers 1.543ms
[2024-10-11T04:35:13.039+0800][info] GC(306) Phase 4: Compact heap
[2024-10-11T04:35:13.049+0800][info] GC(306) Phase 4: Compact heap 10.736ms
[2024-10-11T04:35:13.051+0800][info] GC(306) Eden regions: 0->0(4)
[2024-10-11T04:35:13.051+0800][info] GC(306) Survivor regions: 0->0(0)
[2024-10-11T04:35:13.051+0800][info] GC(306) Old regions: 59->38
[2024-10-11T04:35:13.051+0800][info] GC(306) Archive regions: 2->2
[2024-10-11T04:35:13.051+0800][info] GC(306) Humongous regions: 3->3
[2024-10-11T04:35:13.051+0800][info] GC(306) Metaspace: 1636K(1792K)->1636K(1792K) NonClass: 1512K(1600K)->1512K(1600K) Class: 124K(192K)->124K(192K)
[2024-10-11T04:35:13.051+0800][info] GC(306) Pause Full (G1 Compaction Pause) 124M->72M(128M) 17.599ms
[2024-10-11T04:35:13.051+0800][info] GC(306) User=0.04s Sys=0.00s Real=0.01s
[2024-10-11T04:35:13.256+0800][info] GC(307) Pause Young (Normal) (G1 Evacuation Pause)
[2024-10-11T04:35:13.256+0800][info] GC(307) Using 3 workers of 48 for evacuation
[2024-10-11T04:35:13.258+0800][info] GC(307)   Pre Evacuate Collection Set: 0.1ms
[2024-10-11T04:35:13.258+0800][info] GC(307)   Merge Heap Roots: 0.0ms
[2024-10-11T04:35:13.258+0800][info] GC(307)   Evacuate Collection Set: 1.2ms
[2024-10-11T04:35:13.258+0800][info] GC(307)   Post Evacuate Collection Set: 0.2ms
[2024-10-11T04:35:13.258+0800][info] GC(307)   Other: 0.2ms
[2024-10-11T04:35:13.258+0800][info] GC(307) Eden regions: 4->0(2)
[2024-10-11T04:35:13.258+0800][info] GC(307) Survivor regions: 0->1(1)
[2024-10-11T04:35:13.258+0800][info] GC(307) Old regions: 38->41
[2024-10-11T04:35:13.258+0800][info] GC(307) Archive regions: 2->2
[2024-10-11T04:35:13.258+0800][info] GC(307) Humongous regions: 3->3
[2024-10-11T04:35:13.258+0800][info] GC(307) Metaspace: 1636K(1792K)->1636K(1792K) NonClass: 1512K(1600K)->1512K(1600K) Class: 124K(192K)->124K(192K)
[2024-10-11T04:35:13.258+0800][info] GC(307) Pause Young (Normal) (G1 Evacuation Pause) 80M->80M(128M) 1.872ms
[2024-10-11T04:35:13.258+0800][info] GC(307) User=0.00s Sys=0.00s Real=0.00s
[2024-10-11T04:35:13.360+0800][info] GC(308) Pause Young (Normal) (G1 Evacuation Pause)
[2024-10-11T04:35:13.360+0800][info] GC(308) Using 3 workers of 48 for evacuation
[2024-10-11T04:35:13.361+0800][info] GC(308)   Pre Evacuate Collection Set: 0.1ms
[2024-10-11T04:35:13.361+0800][info] GC(308)   Merge Heap Roots: 0.0ms
[2024-10-11T04:35:13.361+0800][info] GC(308)   Evacuate Collection Set: 0.7ms
[2024-10-11T04:35:13.361+0800][info] GC(308)   Post Evacuate Collection Set: 0.2ms
[2024-10-11T04:35:13.361+0800][info] GC(308)   Other: 0.2ms
[2024-10-11T04:35:13.361+0800][info] GC(308) Eden regions: 2->0(2)
[2024-10-11T04:35:13.361+0800][info] GC(308) Survivor regions: 1->1(1)
[2024-10-11T04:35:13.361+0800][info] GC(308) Old regions: 41->43
[2024-10-11T04:35:13.361+0800][info] GC(308) Archive regions: 2->2
[2024-10-11T04:35:13.361+0800][info] GC(308) Humongous regions: 3->3
[2024-10-11T04:35:13.361+0800][info] GC(308) Metaspace: 1636K(1792K)->1636K(1792K) NonClass: 1512K(1600K)->1512K(1600K) Class: 124K(192K)->124K(192K)
[2024-10-11T04:35:13.361+0800][info] GC(308) Pause Young (Normal) (G1 Evacuation Pause) 84M->84M(128M) 1.315ms
[2024-10-11T04:35:13.361+0800][info] GC(308) User=0.01s Sys=0.00s Real=0.00s
[2024-10-11T04:35:13.463+0800][info] GC(309) Pause Young (Normal) (G1 Evacuation Pause)
[2024-10-11T04:35:13.463+0800][info] GC(309) Using 3 workers of 48 for evacuation
[2024-10-11T04:35:13.464+0800][info] GC(309)   Pre Evacuate Collection Set: 0.1ms
[2024-10-11T04:35:13.464+0800][info] GC(309)   Merge Heap Roots: 0.0ms
[2024-10-11T04:35:13.464+0800][info] GC(309)   Evacuate Collection Set: 0.8ms
[2024-10-11T04:35:13.464+0800][info] GC(309)   Post Evacuate Collection Set: 0.2ms
[2024-10-11T04:35:13.464+0800][info] GC(309)   Other: 0.2ms
[2024-10-11T04:35:13.464+0800][info] GC(309) Eden regions: 2->0(2)
[2024-10-11T04:35:13.464+0800][info] GC(309) Survivor regions: 1->1(1)
[2024-10-11T04:35:13.464+0800][info] GC(309) Old regions: 43->45
[2024-10-11T04:35:13.464+0800][info] GC(309) Archive regions: 2->2
[2024-10-11T04:35:13.464+0800][info] GC(309) Humongous regions: 3->3
[2024-10-11T04:35:13.464+0800][info] GC(309) Metaspace: 1636K(1792K)->1636K(1792K) NonClass: 1512K(1600K)->1512K(1600K) Class: 124K(192K)->124K(192K)
[2024-10-11T04:35:13.464+0800][info] GC(309) Pause Young (Normal) (G1 Evacuation Pause) 87M->88M(128M) 1.428ms
[2024-10-11T04:35:13.465+0800][info] GC(309) User=0.00s Sys=0.00s Real=0.00s
[2024-10-11T04:35:13.567+0800][info] GC(310) Pause Young (Normal) (G1 Evacuation Pause)
[2024-10-11T04:35:13.567+0800][info] GC(310) Using 3 workers of 48 for evacuation
[2024-10-11T04:35:13.568+0800][info] GC(310)   Pre Evacuate Collection Set: 0.1ms
[2024-10-11T04:35:13.568+0800][info] GC(310)   Merge Heap Roots: 0.0ms
[2024-10-11T04:35:13.568+0800][info] GC(310)   Evacuate Collection Set: 0.8ms
[2024-10-11T04:35:13.568+0800][info] GC(310)   Post Evacuate Collection Set: 0.2ms
[2024-10-11T04:35:13.568+0800][info] GC(310)   Other: 0.2ms
[2024-10-11T04:35:13.568+0800][info] GC(310) Eden regions: 2->0(2)
[2024-10-11T04:35:13.568+0800][info] GC(310) Survivor regions: 1->1(1)
[2024-10-11T04:35:13.568+0800][info] GC(310) Old regions: 45->47
[2024-10-11T04:35:13.568+0800][info] GC(310) Archive regions: 2->2
[2024-10-11T04:35:13.568+0800][info] GC(310) Humongous regions: 3->3
[2024-10-11T04:35:13.568+0800][info] GC(310) Metaspace: 1636K(1792K)->1636K(1792K) NonClass: 1512K(1600K)->1512K(1600K) Class: 124K(192K)->124K(192K)
[2024-10-11T04:35:13.568+0800][info] GC(310) Pause Young (Normal) (G1 Evacuation Pause) 91M->91M(128M) 1.436ms
[2024-10-11T04:35:13.568+0800][info] GC(310) User=0.01s Sys=0.00s Real=0.00s
[2024-10-11T04:35:13.670+0800][info] GC(311) Pause Young (Concurrent Start) (G1 Evacuation Pause)
[2024-10-11T04:35:13.670+0800][info] GC(311) Using 3 workers of 48 for evacuation
[2024-10-11T04:35:13.671+0800][info] GC(311)   Pre Evacuate Collection Set: 0.1ms
[2024-10-11T04:35:13.671+0800][info] GC(311)   Merge Heap Roots: 0.0ms
[2024-10-11T04:35:13.671+0800][info] GC(311)   Evacuate Collection Set: 0.7ms
[2024-10-11T04:35:13.671+0800][info] GC(311)   Post Evacuate Collection Set: 0.2ms
[2024-10-11T04:35:13.671+0800][info] GC(311)   Other: 0.3ms
[2024-10-11T04:35:13.671+0800][info] GC(311) Eden regions: 2->0(2)
[2024-10-11T04:35:13.671+0800][info] GC(311) Survivor regions: 1->1(1)
[2024-10-11T04:35:13.671+0800][info] GC(311) Old regions: 47->49
[2024-10-11T04:35:13.671+0800][info] GC(311) Archive regions: 2->2
[2024-10-11T04:35:13.671+0800][info] GC(311) Humongous regions: 3->3
[2024-10-11T04:35:13.671+0800][info] GC(311) Metaspace: 1636K(1792K)->1636K(1792K) NonClass: 1512K(1600K)->1512K(1600K) Class: 124K(192K)->124K(192K)
[2024-10-11T04:35:13.671+0800][info] GC(311) Pause Young (Concurrent Start) (G1 Evacuation Pause) 95M->96M(128M) 1.479ms
[2024-10-11T04:35:13.671+0800][info] GC(311) User=0.00s Sys=0.00s Real=0.00s
[2024-10-11T04:35:13.672+0800][info] GC(312) Concurrent Mark Cycle
[2024-10-11T04:35:13.672+0800][info] GC(312) Concurrent Clear Claimed Marks
[2024-10-11T04:35:13.672+0800][info] GC(312) Concurrent Clear Claimed Marks 0.017ms
[2024-10-11T04:35:13.672+0800][info] GC(312) Concurrent Scan Root Regions
[2024-10-11T04:35:13.672+0800][info] GC(312) Concurrent Scan Root Regions 0.093ms
[2024-10-11T04:35:13.672+0800][info] GC(312) Concurrent Mark
[2024-10-11T04:35:13.672+0800][info] GC(312) Concurrent Mark From Roots
[2024-10-11T04:35:13.672+0800][info] GC(312) Using 12 workers of 12 for marking
[2024-10-11T04:35:13.677+0800][info] GC(312) Concurrent Mark From Roots 5.549ms
[2024-10-11T04:35:13.677+0800][info] GC(312) Concurrent Preclean
[2024-10-11T04:35:13.679+0800][info] GC(312) Concurrent Preclean 1.670ms
[2024-10-11T04:35:13.679+0800][info] GC(312) Pause Remark
[2024-10-11T04:35:13.681+0800][info] GC(312) Pause Remark 96M->96M(128M) 1.507ms
[2024-10-11T04:35:13.681+0800][info] GC(312) User=0.01s Sys=0.00s Real=0.00s
[2024-10-11T04:35:13.681+0800][info] GC(312) Concurrent Mark 9.050ms
[2024-10-11T04:35:13.681+0800][info] GC(312) Concurrent Rebuild Remembered Sets
[2024-10-11T04:35:13.682+0800][info] GC(312) Concurrent Rebuild Remembered Sets 1.272ms
[2024-10-11T04:35:13.682+0800][info] GC(312) Pause Cleanup
[2024-10-11T04:35:13.682+0800][info] GC(312) Pause Cleanup 96M->96M(128M) 0.210ms
[2024-10-11T04:35:13.683+0800][info] GC(312) User=0.00s Sys=0.00s Real=0.00s
[2024-10-11T04:35:13.683+0800][info] GC(312) Concurrent Cleanup for Next Mark
[2024-10-11T04:35:13.683+0800][info] GC(312) Concurrent Cleanup for Next Mark 0.398ms
[2024-10-11T04:35:13.683+0800][info] GC(312) Concurrent Mark Cycle 11.415ms
[2024-10-11T04:35:13.825+0800][info] GC(313) Pause Young (Prepare Mixed) (G1 Evacuation Pause)
[2024-10-11T04:35:13.825+0800][info] GC(313) Using 3 workers of 48 for evacuation
[2024-10-11T04:35:13.826+0800][info] GC(313)   Pre Evacuate Collection Set: 0.1ms
[2024-10-11T04:35:13.826+0800][info] GC(313)   Merge Heap Roots: 0.1ms
[2024-10-11T04:35:13.826+0800][info] GC(313)   Evacuate Collection Set: 0.7ms
[2024-10-11T04:35:13.826+0800][info] GC(313)   Post Evacuate Collection Set: 0.2ms
[2024-10-11T04:35:13.826+0800][info] GC(313)   Other: 0.2ms
[2024-10-11T04:35:13.826+0800][info] GC(313) Eden regions: 2->0(2)
[2024-10-11T04:35:13.826+0800][info] GC(313) Survivor regions: 1->1(1)
[2024-10-11T04:35:13.826+0800][info] GC(313) Old regions: 49->51
[2024-10-11T04:35:13.826+0800][info] GC(313) Archive regions: 2->2
[2024-10-11T04:35:13.826+0800][info] GC(313) Humongous regions: 3->3
[2024-10-11T04:35:13.826+0800][info] GC(313) Metaspace: 1637K(1792K)->1637K(1792K) NonClass: 1513K(1600K)->1513K(1600K) Class: 124K(192K)->124K(192K)
[2024-10-11T04:35:13.826+0800][info] GC(313) Pause Young (Prepare Mixed) (G1 Evacuation Pause) 99M->99M(128M) 1.400ms
[2024-10-11T04:35:13.826+0800][info] GC(313) User=0.01s Sys=0.00s Real=0.01s
[2024-10-11T04:35:13.928+0800][info] GC(314) Pause Young (Mixed) (G1 Preventive Collection)
[2024-10-11T04:35:13.928+0800][info] GC(314) Using 3 workers of 48 for evacuation
[2024-10-11T04:35:13.930+0800][info] GC(314)   Pre Evacuate Collection Set: 0.1ms
[2024-10-11T04:35:13.930+0800][info] GC(314)   Merge Heap Roots: 0.1ms
[2024-10-11T04:35:13.930+0800][info] GC(314)   Evacuate Collection Set: 1.1ms
[2024-10-11T04:35:13.930+0800][info] GC(314)   Post Evacuate Collection Set: 0.2ms
[2024-10-11T04:35:13.930+0800][info] GC(314)   Other: 0.2ms
[2024-10-11T04:35:13.930+0800][info] GC(314) Eden regions: 2->0(2)
[2024-10-11T04:35:13.930+0800][info] GC(314) Survivor regions: 1->1(1)
[2024-10-11T04:35:13.930+0800][info] GC(314) Old regions: 51->47
[2024-10-11T04:35:13.930+0800][info] GC(314) Archive regions: 2->2
[2024-10-11T04:35:13.930+0800][info] GC(314) Humongous regions: 3->3
[2024-10-11T04:35:13.930+0800][info] GC(314) Metaspace: 1637K(1792K)->1637K(1792K) NonClass: 1513K(1600K)->1513K(1600K) Class: 124K(192K)->124K(192K)
[2024-10-11T04:35:13.930+0800][info] GC(314) Pause Young (Mixed) (G1 Preventive Collection) 102M->94M(128M) 1.803ms
[2024-10-11T04:35:13.930+0800][info] GC(314) User=0.00s Sys=0.00s Real=0.00s
[2024-10-11T04:35:14.033+0800][info] GC(315) Pause Young (Mixed) (G1 Evacuation Pause)
[2024-10-11T04:35:14.033+0800][info] GC(315) Using 3 workers of 48 for evacuation
[2024-10-11T04:35:14.035+0800][info] GC(315)   Pre Evacuate Collection Set: 0.1ms
[2024-10-11T04:35:14.035+0800][info] GC(315)   Merge Heap Roots: 0.1ms
[2024-10-11T04:35:14.035+0800][info] GC(315)   Evacuate Collection Set: 1.7ms
[2024-10-11T04:35:14.035+0800][info] GC(315)   Post Evacuate Collection Set: 0.2ms
[2024-10-11T04:35:14.035+0800][info] GC(315)   Other: 0.1ms
[2024-10-11T04:35:14.035+0800][info] GC(315) Eden regions: 2->0(2)
[2024-10-11T04:35:14.035+0800][info] GC(315) Survivor regions: 1->1(1)
[2024-10-11T04:35:14.035+0800][info] GC(315) Old regions: 47->45
[2024-10-11T04:35:14.035+0800][info] GC(315) Archive regions: 2->2
[2024-10-11T04:35:14.035+0800][info] GC(315) Humongous regions: 4->3
[2024-10-11T04:35:14.035+0800][info] GC(315) Metaspace: 1637K(1792K)->1637K(1792K) NonClass: 1513K(1600K)->1513K(1600K) Class: 124K(192K)->124K(192K)
[2024-10-11T04:35:14.035+0800][info] GC(315) Pause Young (Mixed) (G1 Evacuation Pause) 99M->92M(128M) 2.369ms
[2024-10-11T04:35:14.035+0800][info] GC(315) User=0.00s Sys=0.00s Real=0.01s
[2024-10-11T04:35:14.137+0800][info] GC(316) Pause Young (Mixed) (G1 Evacuation Pause)
[2024-10-11T04:35:14.137+0800][info] GC(316) Using 3 workers of 48 for evacuation
[2024-10-11T04:35:14.140+0800][info] GC(316)   Pre Evacuate Collection Set: 0.2ms
[2024-10-11T04:35:14.140+0800][info] GC(316)   Merge Heap Roots: 0.1ms
[2024-10-11T04:35:14.140+0800][info] GC(316)   Evacuate Collection Set: 2.0ms
[2024-10-11T04:35:14.140+0800][info] GC(316)   Post Evacuate Collection Set: 0.2ms
[2024-10-11T04:35:14.140+0800][info] GC(316)   Other: 0.2ms
[2024-10-11T04:35:14.140+0800][info] GC(316) Eden regions: 2->0(2)
[2024-10-11T04:35:14.140+0800][info] GC(316) Survivor regions: 1->1(1)
[2024-10-11T04:35:14.140+0800][info] GC(316) Old regions: 45->45
[2024-10-11T04:35:14.140+0800][info] GC(316) Archive regions: 2->2
[2024-10-11T04:35:14.140+0800][info] GC(316) Humongous regions: 3->3
[2024-10-11T04:35:14.140+0800][info] GC(316) Metaspace: 1637K(1792K)->1637K(1792K) NonClass: 1513K(1600K)->1513K(1600K) Class: 124K(192K)->124K(192K)
[2024-10-11T04:35:14.140+0800][info] GC(316) Pause Young (Mixed) (G1 Evacuation Pause) 96M->93M(128M) 2.708ms
[2024-10-11T04:35:14.140+0800][info] GC(316) User=0.01s Sys=0.00s Real=0.00s
[2024-10-11T04:35:14.242+0800][info] GC(317) Pause Young (Mixed) (G1 Evacuation Pause)
[2024-10-11T04:35:14.242+0800][info] GC(317) Using 3 workers of 48 for evacuation
[2024-10-11T04:35:14.244+0800][info] GC(317)   Pre Evacuate Collection Set: 0.1ms
[2024-10-11T04:35:14.244+0800][info] GC(317)   Merge Heap Roots: 0.1ms
[2024-10-11T04:35:14.244+0800][info] GC(317)   Evacuate Collection Set: 1.2ms
[2024-10-11T04:35:14.244+0800][info] GC(317)   Post Evacuate Collection Set: 0.2ms
[2024-10-11T04:35:14.244+0800][info] GC(317)   Other: 0.1ms
[2024-10-11T04:35:14.244+0800][info] GC(317) Eden regions: 2->0(2)
[2024-10-11T04:35:14.244+0800][info] GC(317) Survivor regions: 1->1(1)
[2024-10-11T04:35:14.244+0800][info] GC(317) Old regions: 45->45
[2024-10-11T04:35:14.244+0800][info] GC(317) Archive regions: 2->2
[2024-10-11T04:35:14.244+0800][info] GC(317) Humongous regions: 3->3
[2024-10-11T04:35:14.244+0800][info] GC(317) Metaspace: 1637K(1792K)->1637K(1792K) NonClass: 1513K(1600K)->1513K(1600K) Class: 124K(192K)->124K(192K)
[2024-10-11T04:35:14.244+0800][info] GC(317) Pause Young (Mixed) (G1 Evacuation Pause) 97M->95M(128M) 1.843ms
[2024-10-11T04:35:14.244+0800][info] GC(317) User=0.01s Sys=0.00s Real=0.00s
[2024-10-11T04:35:14.346+0800][info] GC(318) Pause Young (Normal) (G1 Evacuation Pause)
[2024-10-11T04:35:14.346+0800][info] GC(318) Using 3 workers of 48 for evacuation
[2024-10-11T04:35:14.347+0800][info] GC(318)   Pre Evacuate Collection Set: 0.1ms
[2024-10-11T04:35:14.347+0800][info] GC(318)   Merge Heap Roots: 0.0ms
[2024-10-11T04:35:14.347+0800][info] GC(318)   Evacuate Collection Set: 0.7ms
[2024-10-11T04:35:14.347+0800][info] GC(318)   Post Evacuate Collection Set: 0.2ms
[2024-10-11T04:35:14.347+0800][info] GC(318)   Other: 0.2ms
[2024-10-11T04:35:14.347+0800][info] GC(318) Eden regions: 2->0(2)
[2024-10-11T04:35:14.347+0800][info] GC(318) Survivor regions: 1->1(1)
[2024-10-11T04:35:14.347+0800][info] GC(318) Old regions: 45->47
[2024-10-11T04:35:14.347+0800][info] GC(318) Archive regions: 2->2
[2024-10-11T04:35:14.347+0800][info] GC(318) Humongous regions: 3->3
[2024-10-11T04:35:14.347+0800][info] GC(318) Metaspace: 1637K(1792K)->1637K(1792K) NonClass: 1513K(1600K)->1513K(1600K) Class: 124K(192K)->124K(192K)
[2024-10-11T04:35:14.347+0800][info] GC(318) Pause Young (Normal) (G1 Evacuation Pause) 98M->99M(128M) 1.270ms
[2024-10-11T04:35:14.347+0800][info] GC(318) User=0.00s Sys=0.00s Real=0.00s
[2024-10-11T04:35:14.449+0800][info] GC(319) Pause Young (Normal) (G1 Evacuation Pause)
[2024-10-11T04:35:14.449+0800][info] GC(319) Using 3 workers of 48 for evacuation
[2024-10-11T04:35:14.450+0800][info] GC(319)   Pre Evacuate Collection Set: 0.1ms
[2024-10-11T04:35:14.450+0800][info] GC(319)   Merge Heap Roots: 0.0ms
[2024-10-11T04:35:14.451+0800][info] GC(319)   Evacuate Collection Set: 0.8ms
[2024-10-11T04:35:14.451+0800][info] GC(319)   Post Evacuate Collection Set: 0.2ms
[2024-10-11T04:35:14.451+0800][info] GC(319)   Other: 0.2ms
[2024-10-11T04:35:14.451+0800][info] GC(319) Eden regions: 2->0(2)
[2024-10-11T04:35:14.451+0800][info] GC(319) Survivor regions: 1->1(1)
[2024-10-11T04:35:14.451+0800][info] GC(319) Old regions: 47->49
[2024-10-11T04:35:14.451+0800][info] GC(319) Archive regions: 2->2
[2024-10-11T04:35:14.451+0800][info] GC(319) Humongous regions: 3->3
[2024-10-11T04:35:14.451+0800][info] GC(319) Metaspace: 1637K(1792K)->1637K(1792K) NonClass: 1513K(1600K)->1513K(1600K) Class: 124K(192K)->124K(192K)
[2024-10-11T04:35:14.451+0800][info] GC(319) Pause Young (Normal) (G1 Evacuation Pause) 102M->103M(128M) 1.377ms
[2024-10-11T04:35:14.451+0800][info] GC(319) User=0.00s Sys=0.00s Real=0.00s
[2024-10-11T04:35:14.552+0800][info] GC(320) Pause Young (Concurrent Start) (G1 Evacuation Pause)
[2024-10-11T04:35:14.552+0800][info] GC(320) Using 3 workers of 48 for evacuation
[2024-10-11T04:35:14.554+0800][info] GC(320)   Pre Evacuate Collection Set: 0.1ms
[2024-10-11T04:35:14.554+0800][info] GC(320)   Merge Heap Roots: 0.0ms
[2024-10-11T04:35:14.554+0800][info] GC(320)   Evacuate Collection Set: 0.8ms
[2024-10-11T04:35:14.554+0800][info] GC(320)   Post Evacuate Collection Set: 0.2ms
[2024-10-11T04:35:14.554+0800][info] GC(320)   Other: 0.4ms
[2024-10-11T04:35:14.554+0800][info] GC(320) Eden regions: 2->0(2)
[2024-10-11T04:35:14.554+0800][info] GC(320) Survivor regions: 1->1(1)
[2024-10-11T04:35:14.554+0800][info] GC(320) Old regions: 49->51
[2024-10-11T04:35:14.554+0800][info] GC(320) Archive regions: 2->2
[2024-10-11T04:35:14.554+0800][info] GC(320) Humongous regions: 3->3
[2024-10-11T04:35:14.554+0800][info] GC(320) Metaspace: 1637K(1792K)->1637K(1792K) NonClass: 1513K(1600K)->1513K(1600K) Class: 124K(192K)->124K(192K)
[2024-10-11T04:35:14.554+0800][info] GC(320) Pause Young (Concurrent Start) (G1 Evacuation Pause) 106M->107M(128M) 1.567ms
[2024-10-11T04:35:14.554+0800][info] GC(320) User=0.00s Sys=0.00s Real=0.01s
[2024-10-11T04:35:14.554+0800][info] GC(321) Concurrent Mark Cycle
[2024-10-11T04:35:14.554+0800][info] GC(321) Concurrent Clear Claimed Marks
[2024-10-11T04:35:14.554+0800][info] GC(321) Concurrent Clear Claimed Marks 0.017ms
[2024-10-11T04:35:14.554+0800][info] GC(321) Concurrent Scan Root Regions
[2024-10-11T04:35:14.554+0800][info] GC(321) Concurrent Scan Root Regions 0.088ms
[2024-10-11T04:35:14.554+0800][info] GC(321) Concurrent Mark
[2024-10-11T04:35:14.554+0800][info] GC(321) Concurrent Mark From Roots
[2024-10-11T04:35:14.554+0800][info] GC(321) Using 12 workers of 12 for marking
[2024-10-11T04:35:14.558+0800][info] GC(321) Concurrent Mark From Roots 3.338ms
[2024-10-11T04:35:14.558+0800][info] GC(321) Concurrent Preclean
[2024-10-11T04:35:14.559+0800][info] GC(321) Concurrent Preclean 1.677ms
[2024-10-11T04:35:14.559+0800][info] GC(321) Pause Remark
[2024-10-11T04:35:14.561+0800][info] GC(321) Pause Remark 107M->107M(128M) 1.495ms
[2024-10-11T04:35:14.561+0800][info] GC(321) User=0.00s Sys=0.00s Real=0.00s
[2024-10-11T04:35:14.561+0800][info] GC(321) Concurrent Mark 6.855ms
[2024-10-11T04:35:14.561+0800][info] GC(321) Concurrent Rebuild Remembered Sets
[2024-10-11T04:35:14.562+0800][info] GC(321) Concurrent Rebuild Remembered Sets 1.286ms
[2024-10-11T04:35:14.563+0800][info] GC(321) Pause Cleanup
[2024-10-11T04:35:14.563+0800][info] GC(321) Pause Cleanup 107M->107M(128M) 0.158ms
[2024-10-11T04:35:14.563+0800][info] GC(321) User=0.00s Sys=0.00s Real=0.00s
[2024-10-11T04:35:14.563+0800][info] GC(321) Concurrent Cleanup for Next Mark
[2024-10-11T04:35:14.563+0800][info] GC(321) Concurrent Cleanup for Next Mark 0.369ms
[2024-10-11T04:35:14.563+0800][info] GC(321) Concurrent Mark Cycle 9.062ms
[2024-10-11T04:35:14.707+0800][info] GC(322) Pause Young (Prepare Mixed) (G1 Evacuation Pause)
[2024-10-11T04:35:14.707+0800][info] GC(322) Using 3 workers of 48 for evacuation
[2024-10-11T04:35:14.709+0800][info] GC(322)   Pre Evacuate Collection Set: 0.1ms
[2024-10-11T04:35:14.709+0800][info] GC(322)   Merge Heap Roots: 0.1ms
[2024-10-11T04:35:14.709+0800][info] GC(322)   Evacuate Collection Set: 0.8ms
[2024-10-11T04:35:14.709+0800][info] GC(322)   Post Evacuate Collection Set: 0.2ms
[2024-10-11T04:35:14.709+0800][info] GC(322)   Other: 0.2ms
[2024-10-11T04:35:14.709+0800][info] GC(322) Eden regions: 2->0(2)
[2024-10-11T04:35:14.709+0800][info] GC(322) Survivor regions: 1->1(1)
[2024-10-11T04:35:14.709+0800][info] GC(322) Old regions: 51->53
[2024-10-11T04:35:14.709+0800][info] GC(322) Archive regions: 2->2
[2024-10-11T04:35:14.709+0800][info] GC(322) Humongous regions: 3->3
[2024-10-11T04:35:14.709+0800][info] GC(322) Metaspace: 1637K(1792K)->1637K(1792K) NonClass: 1513K(1600K)->1513K(1600K) Class: 124K(192K)->124K(192K)
[2024-10-11T04:35:14.709+0800][info] GC(322) Pause Young (Prepare Mixed) (G1 Evacuation Pause) 110M->111M(128M) 1.478ms
[2024-10-11T04:35:14.709+0800][info] GC(322) User=0.00s Sys=0.00s Real=0.00s
[2024-10-11T04:35:14.770+0800][info] GC(323) Pause Young (Mixed) (G1 Preventive Collection)
[2024-10-11T04:35:14.770+0800][info] GC(323) Using 3 workers of 48 for evacuation
[2024-10-11T04:35:14.772+0800][info] GC(323) To-space exhausted
[2024-10-11T04:35:14.772+0800][info] GC(323)   Pre Evacuate Collection Set: 0.1ms
[2024-10-11T04:35:14.772+0800][info] GC(323)   Merge Heap Roots: 0.1ms
[2024-10-11T04:35:14.772+0800][info] GC(323)   Evacuate Collection Set: 1.0ms
[2024-10-11T04:35:14.772+0800][info] GC(323)   Post Evacuate Collection Set: 0.2ms
[2024-10-11T04:35:14.772+0800][info] GC(323)   Other: 0.2ms
[2024-10-11T04:35:14.772+0800][info] GC(323) Eden regions: 1->0(2)
[2024-10-11T04:35:14.772+0800][info] GC(323) Survivor regions: 1->1(1)
[2024-10-11T04:35:14.772+0800][info] GC(323) Old regions: 53->52
[2024-10-11T04:35:14.772+0800][info] GC(323) Archive regions: 2->2
[2024-10-11T04:35:14.772+0800][info] GC(323) Humongous regions: 3->3
[2024-10-11T04:35:14.772+0800][info] GC(323) Metaspace: 1637K(1792K)->1637K(1792K) NonClass: 1513K(1600K)->1513K(1600K) Class: 124K(192K)->124K(192K)
[2024-10-11T04:35:14.772+0800][info] GC(323) Pause Young (Mixed) (G1 Preventive Collection) 112M->110M(128M) 1.707ms
[2024-10-11T04:35:14.772+0800][info] GC(323) User=0.01s Sys=0.00s Real=0.00s
[2024-10-11T04:35:14.813+0800][info] GC(324) Pause Young (Mixed) (G1 Preventive Collection)
[2024-10-11T04:35:14.813+0800][info] GC(324) Using 3 workers of 48 for evacuation
[2024-10-11T04:35:14.815+0800][info] GC(324) To-space exhausted
[2024-10-11T04:35:14.815+0800][info] GC(324)   Pre Evacuate Collection Set: 0.1ms
[2024-10-11T04:35:14.815+0800][info] GC(324)   Merge Heap Roots: 0.1ms
[2024-10-11T04:35:14.815+0800][info] GC(324)   Evacuate Collection Set: 1.4ms
[2024-10-11T04:35:14.815+0800][info] GC(324)   Post Evacuate Collection Set: 0.3ms
[2024-10-11T04:35:14.815+0800][info] GC(324)   Other: 0.2ms
[2024-10-11T04:35:14.815+0800][info] GC(324) Eden regions: 1->0(2)
[2024-10-11T04:35:14.815+0800][info] GC(324) Survivor regions: 1->1(1)
[2024-10-11T04:35:14.815+0800][info] GC(324) Old regions: 52->53
[2024-10-11T04:35:14.815+0800][info] GC(324) Archive regions: 2->2
[2024-10-11T04:35:14.815+0800][info] GC(324) Humongous regions: 3->3
[2024-10-11T04:35:14.815+0800][info] GC(324) Metaspace: 1637K(1792K)->1637K(1792K) NonClass: 1513K(1600K)->1513K(1600K) Class: 124K(192K)->124K(192K)
[2024-10-11T04:35:14.815+0800][info] GC(324) Pause Young (Mixed) (G1 Preventive Collection) 111M->112M(128M) 2.168ms
[2024-10-11T04:35:14.815+0800][info] GC(324) User=0.00s Sys=0.00s Real=0.01s
[2024-10-11T04:35:14.876+0800][info] GC(325) Pause Young (Mixed) (G1 Preventive Collection)
[2024-10-11T04:35:14.876+0800][info] GC(325) Using 3 workers of 48 for evacuation
[2024-10-11T04:35:14.879+0800][info] GC(325) To-space exhausted
[2024-10-11T04:35:14.879+0800][info] GC(325)   Pre Evacuate Collection Set: 0.1ms
[2024-10-11T04:35:14.879+0800][info] GC(325)   Merge Heap Roots: 0.1ms
[2024-10-11T04:35:14.879+0800][info] GC(325)   Evacuate Collection Set: 1.6ms
[2024-10-11T04:35:14.879+0800][info] GC(325)   Post Evacuate Collection Set: 0.3ms
[2024-10-11T04:35:14.879+0800][info] GC(325)   Other: 0.2ms
[2024-10-11T04:35:14.879+0800][info] GC(325) Eden regions: 1->0(2)
[2024-10-11T04:35:14.879+0800][info] GC(325) Survivor regions: 1->1(1)
[2024-10-11T04:35:14.879+0800][info] GC(325) Old regions: 53->56
[2024-10-11T04:35:14.879+0800][info] GC(325) Archive regions: 2->2
[2024-10-11T04:35:14.879+0800][info] GC(325) Humongous regions: 3->3
[2024-10-11T04:35:14.879+0800][info] GC(325) Metaspace: 1637K(1792K)->1637K(1792K) NonClass: 1513K(1600K)->1513K(1600K) Class: 124K(192K)->124K(192K)
[2024-10-11T04:35:14.879+0800][info] GC(325) Pause Young (Mixed) (G1 Preventive Collection) 114M->118M(128M) 2.416ms
[2024-10-11T04:35:14.879+0800][info] GC(325) User=0.00s Sys=0.00s Real=0.00s
[2024-10-11T04:35:14.920+0800][info] GC(326) Pause Young (Mixed) (G1 Preventive Collection)
[2024-10-11T04:35:14.920+0800][info] GC(326) Using 3 workers of 48 for evacuation
[2024-10-11T04:35:14.922+0800][info] GC(326) To-space exhausted
[2024-10-11T04:35:14.922+0800][info] GC(326)   Pre Evacuate Collection Set: 0.1ms
[2024-10-11T04:35:14.922+0800][info] GC(326)   Merge Heap Roots: 0.1ms
[2024-10-11T04:35:14.922+0800][info] GC(326)   Evacuate Collection Set: 0.9ms
[2024-10-11T04:35:14.922+0800][info] GC(326)   Post Evacuate Collection Set: 0.8ms
[2024-10-11T04:35:14.922+0800][info] GC(326)   Other: 0.2ms
[2024-10-11T04:35:14.922+0800][info] GC(326) Eden regions: 1->0(2)
[2024-10-11T04:35:14.922+0800][info] GC(326) Survivor regions: 1->1(1)
[2024-10-11T04:35:14.922+0800][info] GC(326) Old regions: 56->57
[2024-10-11T04:35:14.922+0800][info] GC(326) Archive regions: 2->2
[2024-10-11T04:35:14.922+0800][info] GC(326) Humongous regions: 3->3
[2024-10-11T04:35:14.922+0800][info] GC(326) Metaspace: 1637K(1792K)->1637K(1792K) NonClass: 1513K(1600K)->1513K(1600K) Class: 124K(192K)->124K(192K)
[2024-10-11T04:35:14.922+0800][info] GC(326) Pause Young (Mixed) (G1 Preventive Collection) 120M->120M(128M) 2.176ms
[2024-10-11T04:35:14.922+0800][info] GC(326) User=0.01s Sys=0.00s Real=0.00s
[2024-10-11T04:35:14.983+0800][info] GC(327) Pause Young (Mixed) (G1 Evacuation Pause)
[2024-10-11T04:35:14.983+0800][info] GC(327) Using 3 workers of 48 for evacuation
[2024-10-11T04:35:14.987+0800][info] GC(327) To-space exhausted
[2024-10-11T04:35:14.987+0800][info] GC(327)   Pre Evacuate Collection Set: 0.1ms
[2024-10-11T04:35:14.987+0800][info] GC(327)   Merge Heap Roots: 0.1ms
[2024-10-11T04:35:14.987+0800][info] GC(327)   Evacuate Collection Set: 1.7ms
[2024-10-11T04:35:14.987+0800][info] GC(327)   Post Evacuate Collection Set: 1.7ms
[2024-10-11T04:35:14.987+0800][info] GC(327)   Other: 0.2ms
[2024-10-11T04:35:14.987+0800][info] GC(327) Eden regions: 1->0(3)
[2024-10-11T04:35:14.987+0800][info] GC(327) Survivor regions: 1->0(0)
[2024-10-11T04:35:14.987+0800][info] GC(327) Old regions: 57->59
[2024-10-11T04:35:14.987+0800][info] GC(327) Archive regions: 2->2
[2024-10-11T04:35:14.987+0800][info] GC(327) Humongous regions: 3->3
[2024-10-11T04:35:14.987+0800][info] GC(327) Metaspace: 1637K(1792K)->1637K(1792K) NonClass: 1513K(1600K)->1513K(1600K) Class: 124K(192K)->124K(192K)
[2024-10-11T04:35:14.987+0800][info] GC(327) Pause Young (Mixed) (G1 Evacuation Pause) 121M->121M(128M) 3.872ms
[2024-10-11T04:35:14.987+0800][info] GC(327) User=0.00s Sys=0.00s Real=0.01s
[2024-10-11T04:35:14.987+0800][info] Attempting full compaction
[2024-10-11T04:35:14.987+0800][info] GC(328) Using 3 workers of 48 for full compaction
[2024-10-11T04:35:14.987+0800][info] GC(328) Pause Full (G1 Compaction Pause)
[2024-10-11T04:35:14.987+0800][info] GC(328) Phase 1: Mark live objects
[2024-10-11T04:35:14.990+0800][info] GC(328) Phase 1: Mark live objects 3.030ms
[2024-10-11T04:35:14.990+0800][info] GC(328) Phase 2: Prepare for compaction
[2024-10-11T04:35:14.991+0800][info] GC(328) Phase 2: Prepare for compaction 0.529ms
[2024-10-11T04:35:14.991+0800][info] GC(328) Phase 3: Adjust pointers
[2024-10-11T04:35:14.992+0800][info] GC(328) Phase 3: Adjust pointers 1.566ms
[2024-10-11T04:35:14.992+0800][info] GC(328) Phase 4: Compact heap
[2024-10-11T04:35:15.002+0800][info] GC(328) Phase 4: Compact heap 9.546ms
[2024-10-11T04:35:15.003+0800][info] GC(328) Eden regions: 0->0(4)
[2024-10-11T04:35:15.003+0800][info] GC(328) Survivor regions: 0->0(0)
[2024-10-11T04:35:15.003+0800][info] GC(328) Old regions: 59->38
[2024-10-11T04:35:15.003+0800][info] GC(328) Archive regions: 2->2
[2024-10-11T04:35:15.003+0800][info] GC(328) Humongous regions: 3->3
[2024-10-11T04:35:15.003+0800][info] GC(328) Metaspace: 1637K(1792K)->1637K(1792K) NonClass: 1513K(1600K)->1513K(1600K) Class: 124K(192K)->124K(192K)
[2024-10-11T04:35:15.003+0800][info] GC(328) Pause Full (G1 Compaction Pause) 121M->71M(128M) 16.330ms
[2024-10-11T04:35:15.003+0800][info] GC(328) User=0.04s Sys=0.00s Real=0.01s
[2024-10-11T04:35:15.208+0800][info] GC(329) Pause Young (Normal) (G1 Evacuation Pause)
[2024-10-11T04:35:15.208+0800][info] GC(329) Using 3 workers of 48 for evacuation
[2024-10-11T04:35:15.210+0800][info] GC(329)   Pre Evacuate Collection Set: 0.1ms
[2024-10-11T04:35:15.210+0800][info] GC(329)   Merge Heap Roots: 0.0ms
[2024-10-11T04:35:15.210+0800][info] GC(329)   Evacuate Collection Set: 1.1ms
[2024-10-11T04:35:15.210+0800][info] GC(329)   Post Evacuate Collection Set: 0.2ms
[2024-10-11T04:35:15.210+0800][info] GC(329)   Other: 0.2ms
[2024-10-11T04:35:15.210+0800][info] GC(329) Eden regions: 4->0(2)
[2024-10-11T04:35:15.210+0800][info] GC(329) Survivor regions: 0->1(1)
[2024-10-11T04:35:15.210+0800][info] GC(329) Old regions: 38->42
[2024-10-11T04:35:15.210+0800][info] GC(329) Archive regions: 2->2
[2024-10-11T04:35:15.210+0800][info] GC(329) Humongous regions: 3->3
[2024-10-11T04:35:15.210+0800][info] GC(329) Metaspace: 1638K(1792K)->1638K(1792K) NonClass: 1513K(1600K)->1513K(1600K) Class: 124K(192K)->124K(192K)
[2024-10-11T04:35:15.210+0800][info] GC(329) Pause Young (Normal) (G1 Evacuation Pause) 78M->79M(128M) 1.812ms
[2024-10-11T04:35:15.210+0800][info] GC(329) User=0.00s Sys=0.00s Real=0.00s
[2024-10-11T04:35:15.312+0800][info] GC(330) Pause Young (Normal) (G1 Evacuation Pause)
[2024-10-11T04:35:15.313+0800][info] GC(330) Using 3 workers of 48 for evacuation
[2024-10-11T04:35:15.314+0800][info] GC(330)   Pre Evacuate Collection Set: 0.1ms
[2024-10-11T04:35:15.314+0800][info] GC(330)   Merge Heap Roots: 0.0ms
[2024-10-11T04:35:15.314+0800][info] GC(330)   Evacuate Collection Set: 0.7ms
[2024-10-11T04:35:15.314+0800][info] GC(330)   Post Evacuate Collection Set: 0.2ms
[2024-10-11T04:35:15.314+0800][info] GC(330)   Other: 0.2ms
[2024-10-11T04:35:15.314+0800][info] GC(330) Eden regions: 2->0(2)
[2024-10-11T04:35:15.314+0800][info] GC(330) Survivor regions: 1->1(1)
[2024-10-11T04:35:15.314+0800][info] GC(330) Old regions: 42->43
[2024-10-11T04:35:15.314+0800][info] GC(330) Archive regions: 2->2
[2024-10-11T04:35:15.314+0800][info] GC(330) Humongous regions: 3->3
[2024-10-11T04:35:15.314+0800][info] GC(330) Metaspace: 1638K(1792K)->1638K(1792K) NonClass: 1513K(1600K)->1513K(1600K) Class: 124K(192K)->124K(192K)
[2024-10-11T04:35:15.314+0800][info] GC(330) Pause Young (Normal) (G1 Evacuation Pause) 83M->82M(128M) 1.253ms
[2024-10-11T04:35:15.314+0800][info] GC(330) User=0.00s Sys=0.00s Real=0.01s
[2024-10-11T04:35:15.415+0800][info] GC(331) Pause Young (Normal) (G1 Evacuation Pause)
[2024-10-11T04:35:15.415+0800][info] GC(331) Using 3 workers of 48 for evacuation
[2024-10-11T04:35:15.417+0800][info] GC(331)   Pre Evacuate Collection Set: 0.1ms
[2024-10-11T04:35:15.417+0800][info] GC(331)   Merge Heap Roots: 0.0ms
[2024-10-11T04:35:15.417+0800][info] GC(331)   Evacuate Collection Set: 0.6ms
[2024-10-11T04:35:15.417+0800][info] GC(331)   Post Evacuate Collection Set: 0.2ms
[2024-10-11T04:35:15.417+0800][info] GC(331)   Other: 0.2ms
[2024-10-11T04:35:15.417+0800][info] GC(331) Eden regions: 2->0(2)
[2024-10-11T04:35:15.417+0800][info] GC(331) Survivor regions: 1->1(1)
[2024-10-11T04:35:15.417+0800][info] GC(331) Old regions: 43->45
[2024-10-11T04:35:15.417+0800][info] GC(331) Archive regions: 2->2
[2024-10-11T04:35:15.417+0800][info] GC(331) Humongous regions: 3->3
[2024-10-11T04:35:15.417+0800][info] GC(331) Metaspace: 1638K(1792K)->1638K(1792K) NonClass: 1513K(1600K)->1513K(1600K) Class: 124K(192K)->124K(192K)
[2024-10-11T04:35:15.417+0800][info] GC(331) Pause Young (Normal) (G1 Evacuation Pause) 86M->86M(128M) 1.210ms
[2024-10-11T04:35:15.417+0800][info] GC(331) User=0.00s Sys=0.00s Real=0.00s
[2024-10-11T04:35:15.519+0800][info] GC(332) Pause Young (Normal) (G1 Evacuation Pause)
[2024-10-11T04:35:15.519+0800][info] GC(332) Using 3 workers of 48 for evacuation
[2024-10-11T04:35:15.520+0800][info] GC(332)   Pre Evacuate Collection Set: 0.1ms
[2024-10-11T04:35:15.520+0800][info] GC(332)   Merge Heap Roots: 0.0ms
[2024-10-11T04:35:15.520+0800][info] GC(332)   Evacuate Collection Set: 0.6ms
[2024-10-11T04:35:15.520+0800][info] GC(332)   Post Evacuate Collection Set: 0.2ms
[2024-10-11T04:35:15.520+0800][info] GC(332)   Other: 0.2ms
[2024-10-11T04:35:15.520+0800][info] GC(332) Eden regions: 2->0(2)
[2024-10-11T04:35:15.520+0800][info] GC(332) Survivor regions: 1->1(1)
[2024-10-11T04:35:15.520+0800][info] GC(332) Old regions: 45->47
[2024-10-11T04:35:15.520+0800][info] GC(332) Archive regions: 2->2
[2024-10-11T04:35:15.520+0800][info] GC(332) Humongous regions: 3->3
[2024-10-11T04:35:15.520+0800][info] GC(332) Metaspace: 1638K(1792K)->1638K(1792K) NonClass: 1513K(1600K)->1513K(1600K) Class: 124K(192K)->124K(192K)
[2024-10-11T04:35:15.520+0800][info] GC(332) Pause Young (Normal) (G1 Evacuation Pause) 90M->89M(128M) 1.191ms
[2024-10-11T04:35:15.520+0800][info] GC(332) User=0.00s Sys=0.00s Real=0.00s
[2024-10-11T04:35:15.622+0800][info] GC(333) Pause Young (Concurrent Start) (G1 Evacuation Pause)
[2024-10-11T04:35:15.622+0800][info] GC(333) Using 3 workers of 48 for evacuation
[2024-10-11T04:35:15.623+0800][info] GC(333)   Pre Evacuate Collection Set: 0.1ms
[2024-10-11T04:35:15.623+0800][info] GC(333)   Merge Heap Roots: 0.0ms
[2024-10-11T04:35:15.623+0800][info] GC(333)   Evacuate Collection Set: 0.8ms
[2024-10-11T04:35:15.623+0800][info] GC(333)   Post Evacuate Collection Set: 0.2ms
[2024-10-11T04:35:15.623+0800][info] GC(333)   Other: 0.3ms
[2024-10-11T04:35:15.623+0800][info] GC(333) Eden regions: 2->0(2)
[2024-10-11T04:35:15.623+0800][info] GC(333) Survivor regions: 1->1(1)
[2024-10-11T04:35:15.623+0800][info] GC(333) Old regions: 47->49
[2024-10-11T04:35:15.623+0800][info] GC(333) Archive regions: 2->2
[2024-10-11T04:35:15.623+0800][info] GC(333) Humongous regions: 3->3
[2024-10-11T04:35:15.623+0800][info] GC(333) Metaspace: 1638K(1792K)->1638K(1792K) NonClass: 1513K(1600K)->1513K(1600K) Class: 124K(192K)->124K(192K)
[2024-10-11T04:35:15.623+0800][info] GC(333) Pause Young (Concurrent Start) (G1 Evacuation Pause) 93M->93M(128M) 1.478ms
[2024-10-11T04:35:15.623+0800][info] GC(333) User=0.00s Sys=0.00s Real=0.00s
[2024-10-11T04:35:15.623+0800][info] GC(334) Concurrent Mark Cycle
[2024-10-11T04:35:15.623+0800][info] GC(334) Concurrent Clear Claimed Marks
[2024-10-11T04:35:15.623+0800][info] GC(334) Concurrent Clear Claimed Marks 0.017ms
[2024-10-11T04:35:15.623+0800][info] GC(334) Concurrent Scan Root Regions
[2024-10-11T04:35:15.623+0800][info] GC(334) Concurrent Scan Root Regions 0.096ms
[2024-10-11T04:35:15.623+0800][info] GC(334) Concurrent Mark
[2024-10-11T04:35:15.623+0800][info] GC(334) Concurrent Mark From Roots
[2024-10-11T04:35:15.623+0800][info] GC(334) Using 12 workers of 12 for marking
[2024-10-11T04:35:15.627+0800][info] GC(334) Concurrent Mark From Roots 3.411ms
[2024-10-11T04:35:15.627+0800][info] GC(334) Concurrent Preclean
[2024-10-11T04:35:15.629+0800][info] GC(334) Concurrent Preclean 1.677ms
[2024-10-11T04:35:15.629+0800][info] GC(334) Pause Remark
[2024-10-11T04:35:15.630+0800][info] GC(334) Pause Remark 94M->94M(128M) 1.429ms
[2024-10-11T04:35:15.630+0800][info] GC(334) User=0.00s Sys=0.00s Real=0.00s
[2024-10-11T04:35:15.630+0800][info] GC(334) Concurrent Mark 6.773ms
[2024-10-11T04:35:15.630+0800][info] GC(334) Concurrent Rebuild Remembered Sets
[2024-10-11T04:35:15.632+0800][info] GC(334) Concurrent Rebuild Remembered Sets 1.423ms
[2024-10-11T04:35:15.632+0800][info] GC(334) Pause Cleanup
[2024-10-11T04:35:15.632+0800][info] GC(334) Pause Cleanup 94M->94M(128M) 0.215ms
[2024-10-11T04:35:15.632+0800][info] GC(334) User=0.00s Sys=0.00s Real=0.00s
[2024-10-11T04:35:15.632+0800][info] GC(334) Concurrent Cleanup for Next Mark
[2024-10-11T04:35:15.632+0800][info] GC(334) Concurrent Cleanup for Next Mark 0.407ms
[2024-10-11T04:35:15.633+0800][info] GC(334) Concurrent Mark Cycle 9.228ms
[2024-10-11T04:35:15.776+0800][info] GC(335) Pause Young (Prepare Mixed) (G1 Evacuation Pause)
[2024-10-11T04:35:15.776+0800][info] GC(335) Using 3 workers of 48 for evacuation
[2024-10-11T04:35:15.778+0800][info] GC(335)   Pre Evacuate Collection Set: 0.1ms
[2024-10-11T04:35:15.778+0800][info] GC(335)   Merge Heap Roots: 0.1ms
[2024-10-11T04:35:15.778+0800][info] GC(335)   Evacuate Collection Set: 0.8ms
[2024-10-11T04:35:15.778+0800][info] GC(335)   Post Evacuate Collection Set: 0.2ms
[2024-10-11T04:35:15.778+0800][info] GC(335)   Other: 0.2ms
[2024-10-11T04:35:15.778+0800][info] GC(335) Eden regions: 2->0(2)
[2024-10-11T04:35:15.778+0800][info] GC(335) Survivor regions: 1->1(1)
[2024-10-11T04:35:15.778+0800][info] GC(335) Old regions: 49->51
[2024-10-11T04:35:15.778+0800][info] GC(335) Archive regions: 2->2
[2024-10-11T04:35:15.778+0800][info] GC(335) Humongous regions: 3->3
[2024-10-11T04:35:15.778+0800][info] GC(335) Metaspace: 1638K(1792K)->1638K(1792K) NonClass: 1513K(1600K)->1513K(1600K) Class: 124K(192K)->124K(192K)
[2024-10-11T04:35:15.778+0800][info] GC(335) Pause Young (Prepare Mixed) (G1 Evacuation Pause) 97M->97M(128M) 1.445ms
[2024-10-11T04:35:15.778+0800][info] GC(335) User=0.01s Sys=0.00s Real=0.00s
[2024-10-11T04:35:15.880+0800][info] GC(336) Pause Young (Mixed) (G1 Preventive Collection)
[2024-10-11T04:35:15.880+0800][info] GC(336) Using 3 workers of 48 for evacuation
[2024-10-11T04:35:15.882+0800][info] GC(336)   Pre Evacuate Collection Set: 0.2ms
[2024-10-11T04:35:15.882+0800][info] GC(336)   Merge Heap Roots: 0.1ms
[2024-10-11T04:35:15.882+0800][info] GC(336)   Evacuate Collection Set: 1.6ms
[2024-10-11T04:35:15.882+0800][info] GC(336)   Post Evacuate Collection Set: 0.2ms
[2024-10-11T04:35:15.882+0800][info] GC(336)   Other: 0.4ms
[2024-10-11T04:35:15.882+0800][info] GC(336) Eden regions: 2->0(2)
[2024-10-11T04:35:15.882+0800][info] GC(336) Survivor regions: 1->1(1)
[2024-10-11T04:35:15.882+0800][info] GC(336) Old regions: 51->48
[2024-10-11T04:35:15.882+0800][info] GC(336) Archive regions: 2->2
[2024-10-11T04:35:15.882+0800][info] GC(336) Humongous regions: 3->3
[2024-10-11T04:35:15.882+0800][info] GC(336) Metaspace: 1638K(1792K)->1638K(1792K) NonClass: 1513K(1600K)->1513K(1600K) Class: 124K(192K)->124K(192K)
[2024-10-11T04:35:15.882+0800][info] GC(336) Pause Young (Mixed) (G1 Preventive Collection) 101M->94M(128M) 2.518ms
[2024-10-11T04:35:15.882+0800][info] GC(336) User=0.00s Sys=0.00s Real=0.00s
[2024-10-11T04:35:15.985+0800][info] GC(337) Pause Young (Mixed) (G1 Evacuation Pause)
[2024-10-11T04:35:15.985+0800][info] GC(337) Using 3 workers of 48 for evacuation
[2024-10-11T04:35:15.987+0800][info] GC(337)   Pre Evacuate Collection Set: 0.1ms
[2024-10-11T04:35:15.987+0800][info] GC(337)   Merge Heap Roots: 0.1ms
[2024-10-11T04:35:15.987+0800][info] GC(337)   Evacuate Collection Set: 1.7ms
[2024-10-11T04:35:15.987+0800][info] GC(337)   Post Evacuate Collection Set: 0.2ms
[2024-10-11T04:35:15.987+0800][info] GC(337)   Other: 0.1ms
[2024-10-11T04:35:15.987+0800][info] GC(337) Eden regions: 2->0(2)
[2024-10-11T04:35:15.987+0800][info] GC(337) Survivor regions: 1->1(1)
[2024-10-11T04:35:15.987+0800][info] GC(337) Old regions: 48->46
[2024-10-11T04:35:15.987+0800][info] GC(337) Archive regions: 2->2
[2024-10-11T04:35:15.987+0800][info] GC(337) Humongous regions: 3->3
[2024-10-11T04:35:15.987+0800][info] GC(337) Metaspace: 1638K(1792K)->1638K(1792K) NonClass: 1513K(1600K)->1513K(1600K) Class: 124K(192K)->124K(192K)
[2024-10-11T04:35:15.987+0800][info] GC(337) Pause Young (Mixed) (G1 Evacuation Pause) 98M->94M(128M) 2.377ms
[2024-10-11T04:35:15.987+0800][info] GC(337) User=0.00s Sys=0.00s Real=0.01s
[2024-10-11T04:35:16.089+0800][info] GC(338) Pause Young (Mixed) (G1 Evacuation Pause)
[2024-10-11T04:35:16.089+0800][info] GC(338) Using 3 workers of 48 for evacuation
[2024-10-11T04:35:16.091+0800][info] GC(338)   Pre Evacuate Collection Set: 0.1ms
[2024-10-11T04:35:16.091+0800][info] GC(338)   Merge Heap Roots: 0.1ms
[2024-10-11T04:35:16.091+0800][info] GC(338)   Evacuate Collection Set: 1.9ms
[2024-10-11T04:35:16.091+0800][info] GC(338)   Post Evacuate Collection Set: 0.2ms
[2024-10-11T04:35:16.091+0800][info] GC(338)   Other: 0.1ms
[2024-10-11T04:35:16.091+0800][info] GC(338) Eden regions: 2->0(2)
[2024-10-11T04:35:16.091+0800][info] GC(338) Survivor regions: 1->1(1)
[2024-10-11T04:35:16.091+0800][info] GC(338) Old regions: 46->46
[2024-10-11T04:35:16.091+0800][info] GC(338) Archive regions: 2->2
[2024-10-11T04:35:16.091+0800][info] GC(338) Humongous regions: 3->3
[2024-10-11T04:35:16.091+0800][info] GC(338) Metaspace: 1638K(1792K)->1638K(1792K) NonClass: 1513K(1600K)->1513K(1600K) Class: 124K(192K)->124K(192K)
[2024-10-11T04:35:16.091+0800][info] GC(338) Pause Young (Mixed) (G1 Evacuation Pause) 97M->94M(128M) 2.559ms
[2024-10-11T04:35:16.091+0800][info] GC(338) User=0.01s Sys=0.00s Real=0.00s
[2024-10-11T04:35:16.194+0800][info] GC(339) Pause Young (Mixed) (G1 Evacuation Pause)
[2024-10-11T04:35:16.194+0800][info] GC(339) Using 3 workers of 48 for evacuation
[2024-10-11T04:35:16.196+0800][info] GC(339)   Pre Evacuate Collection Set: 0.1ms
[2024-10-11T04:35:16.196+0800][info] GC(339)   Merge Heap Roots: 0.1ms
[2024-10-11T04:35:16.196+0800][info] GC(339)   Evacuate Collection Set: 1.4ms
[2024-10-11T04:35:16.196+0800][info] GC(339)   Post Evacuate Collection Set: 0.2ms
[2024-10-11T04:35:16.196+0800][info] GC(339)   Other: 0.1ms
[2024-10-11T04:35:16.196+0800][info] GC(339) Eden regions: 2->0(2)
[2024-10-11T04:35:16.196+0800][info] GC(339) Survivor regions: 1->1(1)
[2024-10-11T04:35:16.196+0800][info] GC(339) Old regions: 46->46
[2024-10-11T04:35:16.196+0800][info] GC(339) Archive regions: 2->2
[2024-10-11T04:35:16.196+0800][info] GC(339) Humongous regions: 4->3
[2024-10-11T04:35:16.196+0800][info] GC(339) Metaspace: 1640K(1792K)->1640K(1792K) NonClass: 1516K(1600K)->1516K(1600K) Class: 124K(192K)->124K(192K)
[2024-10-11T04:35:16.196+0800][info] GC(339) Pause Young (Mixed) (G1 Evacuation Pause) 100M->96M(128M) 2.026ms
[2024-10-11T04:35:16.196+0800][info] GC(339) User=0.00s Sys=0.00s Real=0.00s
[2024-10-11T04:35:16.298+0800][info] GC(340) Pause Young (Normal) (G1 Evacuation Pause)
[2024-10-11T04:35:16.298+0800][info] GC(340) Using 3 workers of 48 for evacuation
[2024-10-11T04:35:16.299+0800][info] GC(340)   Pre Evacuate Collection Set: 0.1ms
[2024-10-11T04:35:16.299+0800][info] GC(340)   Merge Heap Roots: 0.0ms
[2024-10-11T04:35:16.299+0800][info] GC(340)   Evacuate Collection Set: 0.7ms
[2024-10-11T04:35:16.299+0800][info] GC(340)   Post Evacuate Collection Set: 0.2ms
[2024-10-11T04:35:16.299+0800][info] GC(340)   Other: 0.2ms
[2024-10-11T04:35:16.299+0800][info] GC(340) Eden regions: 2->0(2)
[2024-10-11T04:35:16.299+0800][info] GC(340) Survivor regions: 1->1(1)
[2024-10-11T04:35:16.299+0800][info] GC(340) Old regions: 46->48
[2024-10-11T04:35:16.299+0800][info] GC(340) Archive regions: 2->2
[2024-10-11T04:35:16.299+0800][info] GC(340) Humongous regions: 3->3
[2024-10-11T04:35:16.299+0800][info] GC(340) Metaspace: 1640K(1792K)->1640K(1792K) NonClass: 1516K(1600K)->1516K(1600K) Class: 124K(192K)->124K(192K)
[2024-10-11T04:35:16.299+0800][info] GC(340) Pause Young (Normal) (G1 Evacuation Pause) 99M->100M(128M) 1.293ms
[2024-10-11T04:35:16.299+0800][info] GC(340) User=0.01s Sys=0.00s Real=0.00s
[2024-10-11T04:35:16.402+0800][info] GC(341) Pause Young (Normal) (G1 Evacuation Pause)
[2024-10-11T04:35:16.402+0800][info] GC(341) Using 3 workers of 48 for evacuation
[2024-10-11T04:35:16.403+0800][info] GC(341)   Pre Evacuate Collection Set: 0.1ms
[2024-10-11T04:35:16.403+0800][info] GC(341)   Merge Heap Roots: 0.0ms
[2024-10-11T04:35:16.403+0800][info] GC(341)   Evacuate Collection Set: 0.8ms
[2024-10-11T04:35:16.403+0800][info] GC(341)   Post Evacuate Collection Set: 0.2ms
[2024-10-11T04:35:16.403+0800][info] GC(341)   Other: 0.2ms
[2024-10-11T04:35:16.403+0800][info] GC(341) Eden regions: 2->0(2)
[2024-10-11T04:35:16.403+0800][info] GC(341) Survivor regions: 1->1(1)
[2024-10-11T04:35:16.403+0800][info] GC(341) Old regions: 48->50
[2024-10-11T04:35:16.403+0800][info] GC(341) Archive regions: 2->2
[2024-10-11T04:35:16.403+0800][info] GC(341) Humongous regions: 3->3
[2024-10-11T04:35:16.403+0800][info] GC(341) Metaspace: 1640K(1792K)->1640K(1792K) NonClass: 1516K(1600K)->1516K(1600K) Class: 124K(192K)->124K(192K)
[2024-10-11T04:35:16.403+0800][info] GC(341) Pause Young (Normal) (G1 Evacuation Pause) 104M->104M(128M) 1.409ms
[2024-10-11T04:35:16.403+0800][info] GC(341) User=0.01s Sys=0.00s Real=0.00s
[2024-10-11T04:35:16.505+0800][info] GC(342) Pause Young (Concurrent Start) (G1 Evacuation Pause)
[2024-10-11T04:35:16.505+0800][info] GC(342) Using 3 workers of 48 for evacuation
[2024-10-11T04:35:16.506+0800][info] GC(342)   Pre Evacuate Collection Set: 0.1ms
[2024-10-11T04:35:16.506+0800][info] GC(342)   Merge Heap Roots: 0.0ms
[2024-10-11T04:35:16.506+0800][info] GC(342)   Evacuate Collection Set: 0.7ms
[2024-10-11T04:35:16.506+0800][info] GC(342)   Post Evacuate Collection Set: 0.2ms
[2024-10-11T04:35:16.506+0800][info] GC(342)   Other: 0.4ms
[2024-10-11T04:35:16.506+0800][info] GC(342) Eden regions: 2->0(2)
[2024-10-11T04:35:16.506+0800][info] GC(342) Survivor regions: 1->1(1)
[2024-10-11T04:35:16.506+0800][info] GC(342) Old regions: 50->52
[2024-10-11T04:35:16.506+0800][info] GC(342) Archive regions: 2->2
[2024-10-11T04:35:16.506+0800][info] GC(342) Humongous regions: 3->3
[2024-10-11T04:35:16.506+0800][info] GC(342) Metaspace: 1640K(1792K)->1640K(1792K) NonClass: 1516K(1600K)->1516K(1600K) Class: 124K(192K)->124K(192K)
[2024-10-11T04:35:16.506+0800][info] GC(342) Pause Young (Concurrent Start) (G1 Evacuation Pause) 108M->108M(128M) 1.467ms
[2024-10-11T04:35:16.506+0800][info] GC(342) User=0.00s Sys=0.00s Real=0.01s
[2024-10-11T04:35:16.506+0800][info] GC(343) Concurrent Mark Cycle
[2024-10-11T04:35:16.506+0800][info] GC(343) Concurrent Clear Claimed Marks
[2024-10-11T04:35:16.506+0800][info] GC(343) Concurrent Clear Claimed Marks 0.016ms
[2024-10-11T04:35:16.507+0800][info] GC(343) Concurrent Scan Root Regions
[2024-10-11T04:35:16.507+0800][info] GC(343) Concurrent Scan Root Regions 0.095ms
[2024-10-11T04:35:16.507+0800][info] GC(343) Concurrent Mark
[2024-10-11T04:35:16.507+0800][info] GC(343) Concurrent Mark From Roots
[2024-10-11T04:35:16.507+0800][info] GC(343) Using 12 workers of 12 for marking
[2024-10-11T04:35:16.510+0800][info] GC(343) Concurrent Mark From Roots 3.694ms
[2024-10-11T04:35:16.510+0800][info] GC(343) Concurrent Preclean
[2024-10-11T04:35:16.512+0800][info] GC(343) Concurrent Preclean 1.676ms
[2024-10-11T04:35:16.512+0800][info] GC(343) Pause Remark
[2024-10-11T04:35:16.514+0800][info] GC(343) Pause Remark 108M->106M(128M) 1.400ms
[2024-10-11T04:35:16.514+0800][info] GC(343) User=0.01s Sys=0.00s Real=0.01s
[2024-10-11T04:35:16.514+0800][info] GC(343) Concurrent Mark 7.029ms
[2024-10-11T04:35:16.514+0800][info] GC(343) Concurrent Rebuild Remembered Sets
[2024-10-11T04:35:16.515+0800][info] GC(343) Concurrent Rebuild Remembered Sets 1.242ms
[2024-10-11T04:35:16.515+0800][info] GC(343) Pause Cleanup
[2024-10-11T04:35:16.515+0800][info] GC(343) Pause Cleanup 106M->106M(128M) 0.246ms
[2024-10-11T04:35:16.515+0800][info] GC(343) User=0.00s Sys=0.00s Real=0.00s
[2024-10-11T04:35:16.515+0800][info] GC(343) Concurrent Cleanup for Next Mark
[2024-10-11T04:35:16.516+0800][info] GC(343) Concurrent Cleanup for Next Mark 0.366ms
[2024-10-11T04:35:16.516+0800][info] GC(343) Concurrent Mark Cycle 9.376ms
[2024-10-11T04:35:16.660+0800][info] GC(344) Pause Young (Prepare Mixed) (G1 Evacuation Pause)
[2024-10-11T04:35:16.660+0800][info] GC(344) Using 3 workers of 48 for evacuation
[2024-10-11T04:35:16.661+0800][info] GC(344)   Pre Evacuate Collection Set: 0.1ms
[2024-10-11T04:35:16.661+0800][info] GC(344)   Merge Heap Roots: 0.1ms
[2024-10-11T04:35:16.661+0800][info] GC(344)   Evacuate Collection Set: 0.8ms
[2024-10-11T04:35:16.661+0800][info] GC(344)   Post Evacuate Collection Set: 0.2ms
[2024-10-11T04:35:16.661+0800][info] GC(344)   Other: 0.2ms
[2024-10-11T04:35:16.661+0800][info] GC(344) Eden regions: 2->0(2)
[2024-10-11T04:35:16.661+0800][info] GC(344) Survivor regions: 1->1(1)
[2024-10-11T04:35:16.661+0800][info] GC(344) Old regions: 51->53
[2024-10-11T04:35:16.661+0800][info] GC(344) Archive regions: 2->2
[2024-10-11T04:35:16.661+0800][info] GC(344) Humongous regions: 3->3
[2024-10-11T04:35:16.661+0800][info] GC(344) Metaspace: 1641K(1792K)->1641K(1792K) NonClass: 1517K(1600K)->1517K(1600K) Class: 124K(192K)->124K(192K)
[2024-10-11T04:35:16.661+0800][info] GC(344) Pause Young (Prepare Mixed) (G1 Evacuation Pause) 109M->110M(128M) 1.411ms
[2024-10-11T04:35:16.661+0800][info] GC(344) User=0.00s Sys=0.00s Real=0.00s
[2024-10-11T04:35:16.722+0800][info] GC(345) Pause Young (Mixed) (G1 Preventive Collection)
[2024-10-11T04:35:16.722+0800][info] GC(345) Using 3 workers of 48 for evacuation
[2024-10-11T04:35:16.724+0800][info] GC(345) To-space exhausted
[2024-10-11T04:35:16.724+0800][info] GC(345)   Pre Evacuate Collection Set: 0.1ms
[2024-10-11T04:35:16.724+0800][info] GC(345)   Merge Heap Roots: 0.1ms
[2024-10-11T04:35:16.724+0800][info] GC(345)   Evacuate Collection Set: 1.1ms
[2024-10-11T04:35:16.724+0800][info] GC(345)   Post Evacuate Collection Set: 0.2ms
[2024-10-11T04:35:16.724+0800][info] GC(345)   Other: 0.2ms
[2024-10-11T04:35:16.724+0800][info] GC(345) Eden regions: 1->0(2)
[2024-10-11T04:35:16.724+0800][info] GC(345) Survivor regions: 1->1(1)
[2024-10-11T04:35:16.724+0800][info] GC(345) Old regions: 53->50
[2024-10-11T04:35:16.724+0800][info] GC(345) Archive regions: 2->2
[2024-10-11T04:35:16.724+0800][info] GC(345) Humongous regions: 3->3
[2024-10-11T04:35:16.724+0800][info] GC(345) Metaspace: 1641K(1792K)->1641K(1792K) NonClass: 1517K(1600K)->1517K(1600K) Class: 124K(192K)->124K(192K)
[2024-10-11T04:35:16.724+0800][info] GC(345) Pause Young (Mixed) (G1 Preventive Collection) 112M->107M(128M) 1.746ms
[2024-10-11T04:35:16.724+0800][info] GC(345) User=0.00s Sys=0.01s Real=0.00s
[2024-10-11T04:35:16.826+0800][info] GC(346) Pause Young (Mixed) (G1 Preventive Collection)
[2024-10-11T04:35:16.826+0800][info] GC(346) Using 3 workers of 48 for evacuation
[2024-10-11T04:35:16.828+0800][info] GC(346)   Pre Evacuate Collection Set: 0.1ms
[2024-10-11T04:35:16.828+0800][info] GC(346)   Merge Heap Roots: 0.1ms
[2024-10-11T04:35:16.828+0800][info] GC(346)   Evacuate Collection Set: 1.7ms
[2024-10-11T04:35:16.828+0800][info] GC(346)   Post Evacuate Collection Set: 0.2ms
[2024-10-11T04:35:16.828+0800][info] GC(346)   Other: 0.1ms
[2024-10-11T04:35:16.828+0800][info] GC(346) Eden regions: 2->0(2)
[2024-10-11T04:35:16.828+0800][info] GC(346) Survivor regions: 1->1(1)
[2024-10-11T04:35:16.828+0800][info] GC(346) Old regions: 50->48
[2024-10-11T04:35:16.828+0800][info] GC(346) Archive regions: 2->2
[2024-10-11T04:35:16.828+0800][info] GC(346) Humongous regions: 3->3
[2024-10-11T04:35:16.828+0800][info] GC(346) Metaspace: 1641K(1792K)->1641K(1792K) NonClass: 1517K(1600K)->1517K(1600K) Class: 124K(192K)->124K(192K)
[2024-10-11T04:35:16.828+0800][info] GC(346) Pause Young (Mixed) (G1 Preventive Collection) 110M->103M(128M) 2.304ms
[2024-10-11T04:35:16.828+0800][info] GC(346) User=0.01s Sys=0.00s Real=0.00s
[2024-10-11T04:35:16.931+0800][info] GC(347) Pause Young (Mixed) (G1 Evacuation Pause)
[2024-10-11T04:35:16.931+0800][info] GC(347) Using 3 workers of 48 for evacuation
[2024-10-11T04:35:16.933+0800][info] GC(347)   Pre Evacuate Collection Set: 0.1ms
[2024-10-11T04:35:16.933+0800][info] GC(347)   Merge Heap Roots: 0.1ms
[2024-10-11T04:35:16.933+0800][info] GC(347)   Evacuate Collection Set: 2.0ms
[2024-10-11T04:35:16.933+0800][info] GC(347)   Post Evacuate Collection Set: 0.2ms
[2024-10-11T04:35:16.933+0800][info] GC(347)   Other: 0.1ms
[2024-10-11T04:35:16.933+0800][info] GC(347) Eden regions: 2->0(2)
[2024-10-11T04:35:16.933+0800][info] GC(347) Survivor regions: 1->1(1)
[2024-10-11T04:35:16.933+0800][info] GC(347) Old regions: 48->47
[2024-10-11T04:35:16.933+0800][info] GC(347) Archive regions: 2->2
[2024-10-11T04:35:16.933+0800][info] GC(347) Humongous regions: 3->3
[2024-10-11T04:35:16.933+0800][info] GC(347) Metaspace: 1642K(1792K)->1642K(1792K) NonClass: 1518K(1600K)->1518K(1600K) Class: 124K(192K)->124K(192K)
[2024-10-11T04:35:16.933+0800][info] GC(347) Pause Young (Mixed) (G1 Evacuation Pause) 107M->101M(128M) 2.698ms
[2024-10-11T04:35:16.933+0800][info] GC(347) User=0.00s Sys=0.00s Real=0.01s
[2024-10-11T04:35:17.035+0800][info] GC(348) Pause Young (Mixed) (G1 Evacuation Pause)
[2024-10-11T04:35:17.035+0800][info] GC(348) Using 3 workers of 48 for evacuation
[2024-10-11T04:35:17.038+0800][info] GC(348)   Pre Evacuate Collection Set: 0.1ms
[2024-10-11T04:35:17.038+0800][info] GC(348)   Merge Heap Roots: 0.1ms
[2024-10-11T04:35:17.038+0800][info] GC(348)   Evacuate Collection Set: 2.0ms
[2024-10-11T04:35:17.038+0800][info] GC(348)   Post Evacuate Collection Set: 0.2ms
[2024-10-11T04:35:17.038+0800][info] GC(348)   Other: 0.1ms
[2024-10-11T04:35:17.038+0800][info] GC(348) Eden regions: 2->0(2)
[2024-10-11T04:35:17.038+0800][info] GC(348) Survivor regions: 1->1(1)
[2024-10-11T04:35:17.038+0800][info] GC(348) Old regions: 47->47
[2024-10-11T04:35:17.038+0800][info] GC(348) Archive regions: 2->2
[2024-10-11T04:35:17.038+0800][info] GC(348) Humongous regions: 3->3
[2024-10-11T04:35:17.038+0800][info] GC(348) Metaspace: 1642K(1792K)->1642K(1792K) NonClass: 1518K(1600K)->1518K(1600K) Class: 124K(192K)->124K(192K)
[2024-10-11T04:35:17.038+0800][info] GC(348) Pause Young (Mixed) (G1 Evacuation Pause) 105M->102M(128M) 2.610ms
[2024-10-11T04:35:17.038+0800][info] GC(348) User=0.00s Sys=0.00s Real=0.00s
[2024-10-11T04:35:17.140+0800][info] GC(349) Pause Young (Mixed) (G1 Evacuation Pause)
[2024-10-11T04:35:17.140+0800][info] GC(349) Using 3 workers of 48 for evacuation
[2024-10-11T04:35:17.142+0800][info] GC(349)   Pre Evacuate Collection Set: 0.1ms
[2024-10-11T04:35:17.142+0800][info] GC(349)   Merge Heap Roots: 0.1ms
[2024-10-11T04:35:17.142+0800][info] GC(349)   Evacuate Collection Set: 1.4ms
[2024-10-11T04:35:17.142+0800][info] GC(349)   Post Evacuate Collection Set: 0.2ms
[2024-10-11T04:35:17.142+0800][info] GC(349)   Other: 0.1ms
[2024-10-11T04:35:17.142+0800][info] GC(349) Eden regions: 2->0(2)
[2024-10-11T04:35:17.142+0800][info] GC(349) Survivor regions: 1->1(1)
[2024-10-11T04:35:17.142+0800][info] GC(349) Old regions: 47->48
[2024-10-11T04:35:17.142+0800][info] GC(349) Archive regions: 2->2
[2024-10-11T04:35:17.142+0800][info] GC(349) Humongous regions: 3->3
[2024-10-11T04:35:17.142+0800][info] GC(349) Metaspace: 1642K(1792K)->1642K(1792K) NonClass: 1518K(1600K)->1518K(1600K) Class: 124K(192K)->124K(192K)
[2024-10-11T04:35:17.142+0800][info] GC(349) Pause Young (Mixed) (G1 Evacuation Pause) 105M->104M(128M) 2.014ms
[2024-10-11T04:35:17.142+0800][info] GC(349) User=0.01s Sys=0.00s Real=0.00s
[2024-10-11T04:35:17.244+0800][info] GC(350) Pause Young (Normal) (G1 Evacuation Pause)
[2024-10-11T04:35:17.244+0800][info] GC(350) Using 3 workers of 48 for evacuation
[2024-10-11T04:35:17.245+0800][info] GC(350)   Pre Evacuate Collection Set: 0.1ms
[2024-10-11T04:35:17.245+0800][info] GC(350)   Merge Heap Roots: 0.0ms
[2024-10-11T04:35:17.245+0800][info] GC(350)   Evacuate Collection Set: 0.7ms
[2024-10-11T04:35:17.245+0800][info] GC(350)   Post Evacuate Collection Set: 0.2ms
[2024-10-11T04:35:17.245+0800][info] GC(350)   Other: 0.2ms
[2024-10-11T04:35:17.245+0800][info] GC(350) Eden regions: 2->0(2)
[2024-10-11T04:35:17.245+0800][info] GC(350) Survivor regions: 1->1(1)
[2024-10-11T04:35:17.245+0800][info] GC(350) Old regions: 48->50
[2024-10-11T04:35:17.245+0800][info] GC(350) Archive regions: 2->2
[2024-10-11T04:35:17.245+0800][info] GC(350) Humongous regions: 3->3
[2024-10-11T04:35:17.245+0800][info] GC(350) Metaspace: 1642K(1792K)->1642K(1792K) NonClass: 1518K(1600K)->1518K(1600K) Class: 124K(192K)->124K(192K)
[2024-10-11T04:35:17.245+0800][info] GC(350) Pause Young (Normal) (G1 Evacuation Pause) 108M->108M(128M) 1.295ms
[2024-10-11T04:35:17.246+0800][info] GC(350) User=0.00s Sys=0.00s Real=0.01s
[2024-10-11T04:35:17.348+0800][info] GC(351) Pause Young (Concurrent Start) (G1 Evacuation Pause)
[2024-10-11T04:35:17.348+0800][info] GC(351) Using 3 workers of 48 for evacuation
[2024-10-11T04:35:17.349+0800][info] GC(351)   Pre Evacuate Collection Set: 0.1ms
[2024-10-11T04:35:17.349+0800][info] GC(351)   Merge Heap Roots: 0.0ms
[2024-10-11T04:35:17.349+0800][info] GC(351)   Evacuate Collection Set: 0.7ms
[2024-10-11T04:35:17.349+0800][info] GC(351)   Post Evacuate Collection Set: 0.2ms
[2024-10-11T04:35:17.349+0800][info] GC(351)   Other: 0.3ms
[2024-10-11T04:35:17.349+0800][info] GC(351) Eden regions: 2->0(2)
[2024-10-11T04:35:17.349+0800][info] GC(351) Survivor regions: 1->1(1)
[2024-10-11T04:35:17.349+0800][info] GC(351) Old regions: 50->52
[2024-10-11T04:35:17.349+0800][info] GC(351) Archive regions: 2->2
[2024-10-11T04:35:17.349+0800][info] GC(351) Humongous regions: 3->3
[2024-10-11T04:35:17.349+0800][info] GC(351) Metaspace: 1643K(1792K)->1643K(1792K) NonClass: 1518K(1600K)->1518K(1600K) Class: 124K(192K)->124K(192K)
[2024-10-11T04:35:17.349+0800][info] GC(351) Pause Young (Concurrent Start) (G1 Evacuation Pause) 111M->112M(128M) 1.421ms
[2024-10-11T04:35:17.349+0800][info] GC(351) User=0.00s Sys=0.00s Real=0.00s
[2024-10-11T04:35:17.349+0800][info] GC(352) Concurrent Mark Cycle
[2024-10-11T04:35:17.349+0800][info] GC(352) Concurrent Clear Claimed Marks
[2024-10-11T04:35:17.349+0800][info] GC(352) Concurrent Clear Claimed Marks 0.017ms
[2024-10-11T04:35:17.349+0800][info] GC(352) Concurrent Scan Root Regions
[2024-10-11T04:35:17.349+0800][info] GC(352) Concurrent Scan Root Regions 0.108ms
[2024-10-11T04:35:17.349+0800][info] GC(352) Concurrent Mark
[2024-10-11T04:35:17.349+0800][info] GC(352) Concurrent Mark From Roots
[2024-10-11T04:35:17.349+0800][info] GC(352) Using 12 workers of 12 for marking
[2024-10-11T04:35:17.353+0800][info] GC(352) Concurrent Mark From Roots 3.711ms
[2024-10-11T04:35:17.353+0800][info] GC(352) Concurrent Preclean
[2024-10-11T04:35:17.355+0800][info] GC(352) Concurrent Preclean 1.680ms
[2024-10-11T04:35:17.355+0800][info] GC(352) Pause Remark
[2024-10-11T04:35:17.356+0800][info] GC(352) Pause Remark 112M->111M(128M) 1.408ms
[2024-10-11T04:35:17.356+0800][info] GC(352) User=0.00s Sys=0.00s Real=0.00s
[2024-10-11T04:35:17.356+0800][info] GC(352) Concurrent Mark 7.073ms
[2024-10-11T04:35:17.356+0800][info] GC(352) Concurrent Rebuild Remembered Sets
[2024-10-11T04:35:17.358+0800][info] GC(352) Concurrent Rebuild Remembered Sets 1.339ms
[2024-10-11T04:35:17.358+0800][info] GC(352) Pause Cleanup
[2024-10-11T04:35:17.358+0800][info] GC(352) Pause Cleanup 111M->111M(128M) 0.246ms
[2024-10-11T04:35:17.358+0800][info] GC(352) User=0.00s Sys=0.00s Real=0.00s
[2024-10-11T04:35:17.358+0800][info] GC(352) Concurrent Cleanup for Next Mark
[2024-10-11T04:35:17.359+0800][info] GC(352) Concurrent Cleanup for Next Mark 0.365ms
[2024-10-11T04:35:17.359+0800][info] GC(352) Concurrent Mark Cycle 9.540ms
[2024-10-11T04:35:17.502+0800][info] GC(353) Pause Young (Prepare Mixed) (G1 Evacuation Pause)
[2024-10-11T04:35:17.502+0800][info] GC(353) Using 3 workers of 48 for evacuation
[2024-10-11T04:35:17.503+0800][info] GC(353)   Pre Evacuate Collection Set: 0.1ms
[2024-10-11T04:35:17.503+0800][info] GC(353)   Merge Heap Roots: 0.0ms
[2024-10-11T04:35:17.503+0800][info] GC(353)   Evacuate Collection Set: 0.8ms
[2024-10-11T04:35:17.503+0800][info] GC(353)   Post Evacuate Collection Set: 0.2ms
[2024-10-11T04:35:17.503+0800][info] GC(353)   Other: 0.2ms
[2024-10-11T04:35:17.503+0800][info] GC(353) Eden regions: 2->0(2)
[2024-10-11T04:35:17.503+0800][info] GC(353) Survivor regions: 1->1(1)
[2024-10-11T04:35:17.503+0800][info] GC(353) Old regions: 51->53
[2024-10-11T04:35:17.503+0800][info] GC(353) Archive regions: 2->2
[2024-10-11T04:35:17.503+0800][info] GC(353) Humongous regions: 3->3
[2024-10-11T04:35:17.503+0800][info] GC(353) Metaspace: 1643K(1792K)->1643K(1792K) NonClass: 1518K(1600K)->1518K(1600K) Class: 124K(192K)->124K(192K)
[2024-10-11T04:35:17.503+0800][info] GC(353) Pause Young (Prepare Mixed) (G1 Evacuation Pause) 114M->114M(128M) 1.446ms
[2024-10-11T04:35:17.503+0800][info] GC(353) User=0.01s Sys=0.00s Real=0.00s
[2024-10-11T04:35:17.565+0800][info] GC(354) Pause Young (Mixed) (G1 Preventive Collection)
[2024-10-11T04:35:17.565+0800][info] GC(354) Using 3 workers of 48 for evacuation
[2024-10-11T04:35:17.566+0800][info] GC(354) To-space exhausted
[2024-10-11T04:35:17.566+0800][info] GC(354)   Pre Evacuate Collection Set: 0.1ms
[2024-10-11T04:35:17.566+0800][info] GC(354)   Merge Heap Roots: 0.1ms
[2024-10-11T04:35:17.566+0800][info] GC(354)   Evacuate Collection Set: 0.9ms
[2024-10-11T04:35:17.566+0800][info] GC(354)   Post Evacuate Collection Set: 0.2ms
[2024-10-11T04:35:17.566+0800][info] GC(354)   Other: 0.2ms
[2024-10-11T04:35:17.566+0800][info] GC(354) Eden regions: 1->0(2)
[2024-10-11T04:35:17.566+0800][info] GC(354) Survivor regions: 1->1(1)
[2024-10-11T04:35:17.567+0800][info] GC(354) Old regions: 53->52
[2024-10-11T04:35:17.567+0800][info] GC(354) Archive regions: 2->2
[2024-10-11T04:35:17.567+0800][info] GC(354) Humongous regions: 3->3
[2024-10-11T04:35:17.567+0800][info] GC(354) Metaspace: 1643K(1792K)->1643K(1792K) NonClass: 1518K(1600K)->1518K(1600K) Class: 124K(192K)->124K(192K)
[2024-10-11T04:35:17.567+0800][info] GC(354) Pause Young (Mixed) (G1 Preventive Collection) 116M->113M(128M) 1.612ms
[2024-10-11T04:35:17.567+0800][info] GC(354) User=0.00s Sys=0.00s Real=0.01s
[2024-10-11T04:35:17.608+0800][info] GC(355) Pause Young (Mixed) (G1 Preventive Collection)
[2024-10-11T04:35:17.608+0800][info] GC(355) Using 3 workers of 48 for evacuation
[2024-10-11T04:35:17.609+0800][info] GC(355) To-space exhausted
[2024-10-11T04:35:17.610+0800][info] GC(355)   Pre Evacuate Collection Set: 0.1ms
[2024-10-11T04:35:17.610+0800][info] GC(355)   Merge Heap Roots: 0.1ms
[2024-10-11T04:35:17.610+0800][info] GC(355)   Evacuate Collection Set: 1.4ms
[2024-10-11T04:35:17.610+0800][info] GC(355)   Post Evacuate Collection Set: 0.2ms
[2024-10-11T04:35:17.610+0800][info] GC(355)   Other: 0.2ms
[2024-10-11T04:35:17.610+0800][info] GC(355) Eden regions: 1->0(2)
[2024-10-11T04:35:17.610+0800][info] GC(355) Survivor regions: 1->1(1)
[2024-10-11T04:35:17.610+0800][info] GC(355) Old regions: 52->53
[2024-10-11T04:35:17.610+0800][info] GC(355) Archive regions: 2->2
[2024-10-11T04:35:17.610+0800][info] GC(355) Humongous regions: 3->3
[2024-10-11T04:35:17.610+0800][info] GC(355) Metaspace: 1643K(1792K)->1643K(1792K) NonClass: 1518K(1600K)->1518K(1600K) Class: 124K(192K)->124K(192K)
[2024-10-11T04:35:17.610+0800][info] GC(355) Pause Young (Mixed) (G1 Preventive Collection) 114M->114M(128M) 2.090ms
[2024-10-11T04:35:17.610+0800][info] GC(355) User=0.00s Sys=0.00s Real=0.00s
[2024-10-11T04:35:17.671+0800][info] GC(356) Pause Young (Mixed) (G1 Preventive Collection)
[2024-10-11T04:35:17.671+0800][info] GC(356) Using 3 workers of 48 for evacuation
[2024-10-11T04:35:17.673+0800][info] GC(356) To-space exhausted
[2024-10-11T04:35:17.673+0800][info] GC(356)   Pre Evacuate Collection Set: 0.1ms
[2024-10-11T04:35:17.673+0800][info] GC(356)   Merge Heap Roots: 0.1ms
[2024-10-11T04:35:17.673+0800][info] GC(356)   Evacuate Collection Set: 1.1ms
[2024-10-11T04:35:17.673+0800][info] GC(356)   Post Evacuate Collection Set: 0.3ms
[2024-10-11T04:35:17.673+0800][info] GC(356)   Other: 0.1ms
[2024-10-11T04:35:17.673+0800][info] GC(356) Eden regions: 1->0(2)
[2024-10-11T04:35:17.673+0800][info] GC(356) Survivor regions: 1->1(1)
[2024-10-11T04:35:17.673+0800][info] GC(356) Old regions: 53->55
[2024-10-11T04:35:17.673+0800][info] GC(356) Archive regions: 2->2
[2024-10-11T04:35:17.673+0800][info] GC(356) Humongous regions: 3->3
[2024-10-11T04:35:17.673+0800][info] GC(356) Metaspace: 1643K(1792K)->1643K(1792K) NonClass: 1518K(1600K)->1518K(1600K) Class: 124K(192K)->124K(192K)
[2024-10-11T04:35:17.673+0800][info] GC(356) Pause Young (Mixed) (G1 Preventive Collection) 116M->118M(128M) 1.923ms
[2024-10-11T04:35:17.673+0800][info] GC(356) User=0.01s Sys=0.00s Real=0.00s
[2024-10-11T04:35:17.714+0800][info] GC(357) Pause Young (Mixed) (G1 Preventive Collection)
[2024-10-11T04:35:17.714+0800][info] GC(357) Using 3 workers of 48 for evacuation
[2024-10-11T04:35:17.718+0800][info] GC(357) To-space exhausted
[2024-10-11T04:35:17.718+0800][info] GC(357)   Pre Evacuate Collection Set: 0.1ms
[2024-10-11T04:35:17.718+0800][info] GC(357)   Merge Heap Roots: 0.1ms
[2024-10-11T04:35:17.718+0800][info] GC(357)   Evacuate Collection Set: 2.4ms
[2024-10-11T04:35:17.718+0800][info] GC(357)   Post Evacuate Collection Set: 1.7ms
[2024-10-11T04:35:17.718+0800][info] GC(357)   Other: 0.2ms
[2024-10-11T04:35:17.718+0800][info] GC(357) Eden regions: 1->0(2)
[2024-10-11T04:35:17.718+0800][info] GC(357) Survivor regions: 1->1(1)
[2024-10-11T04:35:17.718+0800][info] GC(357) Old regions: 55->57
[2024-10-11T04:35:17.718+0800][info] GC(357) Archive regions: 2->2
[2024-10-11T04:35:17.718+0800][info] GC(357) Humongous regions: 3->3
[2024-10-11T04:35:17.718+0800][info] GC(357) Metaspace: 1643K(1792K)->1643K(1792K) NonClass: 1518K(1600K)->1518K(1600K) Class: 124K(192K)->124K(192K)
[2024-10-11T04:35:17.718+0800][info] GC(357) Pause Young (Mixed) (G1 Preventive Collection) 120M->122M(128M) 4.561ms
[2024-10-11T04:35:17.718+0800][info] GC(357) User=0.01s Sys=0.01s Real=0.00s
[2024-10-11T04:35:17.780+0800][info] GC(358) Pause Young (Mixed) (G1 Evacuation Pause)
[2024-10-11T04:35:17.780+0800][info] GC(358) Using 3 workers of 48 for evacuation
[2024-10-11T04:35:17.782+0800][info] GC(358) To-space exhausted
[2024-10-11T04:35:17.782+0800][info] GC(358)   Pre Evacuate Collection Set: 0.1ms
[2024-10-11T04:35:17.782+0800][info] GC(358)   Merge Heap Roots: 0.1ms
[2024-10-11T04:35:17.782+0800][info] GC(358)   Evacuate Collection Set: 0.9ms
[2024-10-11T04:35:17.782+0800][info] GC(358)   Post Evacuate Collection Set: 1.1ms
[2024-10-11T04:35:17.782+0800][info] GC(358)   Other: 0.2ms
[2024-10-11T04:35:17.782+0800][info] GC(358) Eden regions: 1->0(3)
[2024-10-11T04:35:17.782+0800][info] GC(358) Survivor regions: 1->0(0)
[2024-10-11T04:35:17.782+0800][info] GC(358) Old regions: 57->59
[2024-10-11T04:35:17.782+0800][info] GC(358) Archive regions: 2->2
[2024-10-11T04:35:17.782+0800][info] GC(358) Humongous regions: 3->3
[2024-10-11T04:35:17.782+0800][info] GC(358) Metaspace: 1643K(1792K)->1643K(1792K) NonClass: 1518K(1600K)->1518K(1600K) Class: 124K(192K)->124K(192K)
[2024-10-11T04:35:17.782+0800][info] GC(358) Pause Young (Mixed) (G1 Evacuation Pause) 124M->124M(128M) 2.440ms
[2024-10-11T04:35:17.782+0800][info] GC(358) User=0.00s Sys=0.00s Real=0.00s
[2024-10-11T04:35:17.782+0800][info] Attempting full compaction
[2024-10-11T04:35:17.782+0800][info] GC(359) Using 3 workers of 48 for full compaction
[2024-10-11T04:35:17.782+0800][info] GC(359) Pause Full (G1 Compaction Pause)
[2024-10-11T04:35:17.782+0800][info] GC(359) Phase 1: Mark live objects
[2024-10-11T04:35:17.785+0800][info] GC(359) Phase 1: Mark live objects 2.938ms
[2024-10-11T04:35:17.785+0800][info] GC(359) Phase 2: Prepare for compaction
[2024-10-11T04:35:17.786+0800][info] GC(359) Phase 2: Prepare for compaction 0.475ms
[2024-10-11T04:35:17.786+0800][info] GC(359) Phase 3: Adjust pointers
[2024-10-11T04:35:17.788+0800][info] GC(359) Phase 3: Adjust pointers 1.566ms
[2024-10-11T04:35:17.788+0800][info] GC(359) Phase 4: Compact heap
[2024-10-11T04:35:17.799+0800][info] GC(359) Phase 4: Compact heap 11.361ms
[2024-10-11T04:35:17.800+0800][info] GC(359) Eden regions: 0->0(4)
[2024-10-11T04:35:17.800+0800][info] GC(359) Survivor regions: 0->0(0)
[2024-10-11T04:35:17.800+0800][info] GC(359) Old regions: 59->38
[2024-10-11T04:35:17.800+0800][info] GC(359) Archive regions: 2->2
[2024-10-11T04:35:17.800+0800][info] GC(359) Humongous regions: 3->3
[2024-10-11T04:35:17.800+0800][info] GC(359) Metaspace: 1643K(1792K)->1643K(1792K) NonClass: 1518K(1600K)->1518K(1600K) Class: 124K(192K)->124K(192K)
[2024-10-11T04:35:17.800+0800][info] GC(359) Pause Full (G1 Compaction Pause) 124M->73M(128M) 17.964ms
[2024-10-11T04:35:17.800+0800][info] GC(359) User=0.04s Sys=0.00s Real=0.02s
[2024-10-11T04:35:18.005+0800][info] GC(360) Pause Young (Normal) (G1 Evacuation Pause)
[2024-10-11T04:35:18.005+0800][info] GC(360) Using 3 workers of 48 for evacuation
[2024-10-11T04:35:18.007+0800][info] GC(360)   Pre Evacuate Collection Set: 0.1ms
[2024-10-11T04:35:18.007+0800][info] GC(360)   Merge Heap Roots: 0.0ms
[2024-10-11T04:35:18.007+0800][info] GC(360)   Evacuate Collection Set: 1.0ms
[2024-10-11T04:35:18.007+0800][info] GC(360)   Post Evacuate Collection Set: 0.2ms
[2024-10-11T04:35:18.007+0800][info] GC(360)   Other: 0.3ms
[2024-10-11T04:35:18.007+0800][info] GC(360) Eden regions: 4->0(2)
[2024-10-11T04:35:18.007+0800][info] GC(360) Survivor regions: 0->1(1)
[2024-10-11T04:35:18.007+0800][info] GC(360) Old regions: 38->41
[2024-10-11T04:35:18.007+0800][info] GC(360) Archive regions: 2->2
[2024-10-11T04:35:18.007+0800][info] GC(360) Humongous regions: 3->3
[2024-10-11T04:35:18.007+0800][info] GC(360) Metaspace: 1643K(1792K)->1643K(1792K) NonClass: 1518K(1600K)->1518K(1600K) Class: 124K(192K)->124K(192K)
[2024-10-11T04:35:18.007+0800][info] GC(360) Pause Young (Normal) (G1 Evacuation Pause) 80M->80M(128M) 1.713ms
[2024-10-11T04:35:18.007+0800][info] GC(360) User=0.01s Sys=0.00s Real=0.00s
[2024-10-11T04:35:18.109+0800][info] GC(361) Pause Young (Normal) (G1 Evacuation Pause)
[2024-10-11T04:35:18.109+0800][info] GC(361) Using 3 workers of 48 for evacuation
[2024-10-11T04:35:18.110+0800][info] GC(361)   Pre Evacuate Collection Set: 0.1ms
[2024-10-11T04:35:18.110+0800][info] GC(361)   Merge Heap Roots: 0.0ms
[2024-10-11T04:35:18.110+0800][info] GC(361)   Evacuate Collection Set: 0.7ms
[2024-10-11T04:35:18.110+0800][info] GC(361)   Post Evacuate Collection Set: 0.2ms
[2024-10-11T04:35:18.110+0800][info] GC(361)   Other: 0.2ms
[2024-10-11T04:35:18.110+0800][info] GC(361) Eden regions: 2->0(2)
[2024-10-11T04:35:18.110+0800][info] GC(361) Survivor regions: 1->1(1)
[2024-10-11T04:35:18.110+0800][info] GC(361) Old regions: 41->43
[2024-10-11T04:35:18.110+0800][info] GC(361) Archive regions: 2->2
[2024-10-11T04:35:18.110+0800][info] GC(361) Humongous regions: 3->3
[2024-10-11T04:35:18.110+0800][info] GC(361) Metaspace: 1643K(1792K)->1643K(1792K) NonClass: 1518K(1600K)->1518K(1600K) Class: 124K(192K)->124K(192K)
[2024-10-11T04:35:18.110+0800][info] GC(361) Pause Young (Normal) (G1 Evacuation Pause) 84M->84M(128M) 1.308ms
[2024-10-11T04:35:18.110+0800][info] GC(361) User=0.00s Sys=0.00s Real=0.00s
[2024-10-11T04:35:18.213+0800][info] GC(362) Pause Young (Normal) (G1 Evacuation Pause)
[2024-10-11T04:35:18.213+0800][info] GC(362) Using 3 workers of 48 for evacuation
[2024-10-11T04:35:18.214+0800][info] GC(362)   Pre Evacuate Collection Set: 0.1ms
[2024-10-11T04:35:18.214+0800][info] GC(362)   Merge Heap Roots: 0.0ms
[2024-10-11T04:35:18.214+0800][info] GC(362)   Evacuate Collection Set: 0.8ms
[2024-10-11T04:35:18.214+0800][info] GC(362)   Post Evacuate Collection Set: 0.2ms
[2024-10-11T04:35:18.214+0800][info] GC(362)   Other: 0.2ms
[2024-10-11T04:35:18.214+0800][info] GC(362) Eden regions: 2->0(2)
[2024-10-11T04:35:18.214+0800][info] GC(362) Survivor regions: 1->1(1)
[2024-10-11T04:35:18.214+0800][info] GC(362) Old regions: 43->45
[2024-10-11T04:35:18.214+0800][info] GC(362) Archive regions: 2->2
[2024-10-11T04:35:18.214+0800][info] GC(362) Humongous regions: 3->3
[2024-10-11T04:35:18.214+0800][info] GC(362) Metaspace: 1643K(1792K)->1643K(1792K) NonClass: 1518K(1600K)->1518K(1600K) Class: 124K(192K)->124K(192K)
[2024-10-11T04:35:18.214+0800][info] GC(362) Pause Young (Normal) (G1 Evacuation Pause) 87M->88M(128M) 1.434ms
[2024-10-11T04:35:18.214+0800][info] GC(362) User=0.01s Sys=0.00s Real=0.01s
[2024-10-11T04:35:18.316+0800][info] GC(363) Pause Young (Normal) (G1 Evacuation Pause)
[2024-10-11T04:35:18.316+0800][info] GC(363) Using 3 workers of 48 for evacuation
[2024-10-11T04:35:18.317+0800][info] GC(363)   Pre Evacuate Collection Set: 0.1ms
[2024-10-11T04:35:18.317+0800][info] GC(363)   Merge Heap Roots: 0.0ms
[2024-10-11T04:35:18.317+0800][info] GC(363)   Evacuate Collection Set: 0.7ms
[2024-10-11T04:35:18.317+0800][info] GC(363)   Post Evacuate Collection Set: 0.2ms
[2024-10-11T04:35:18.317+0800][info] GC(363)   Other: 0.2ms
[2024-10-11T04:35:18.317+0800][info] GC(363) Eden regions: 2->0(2)
[2024-10-11T04:35:18.317+0800][info] GC(363) Survivor regions: 1->1(1)
[2024-10-11T04:35:18.317+0800][info] GC(363) Old regions: 45->47
[2024-10-11T04:35:18.317+0800][info] GC(363) Archive regions: 2->2
[2024-10-11T04:35:18.317+0800][info] GC(363) Humongous regions: 3->3
[2024-10-11T04:35:18.317+0800][info] GC(363) Metaspace: 1643K(1792K)->1643K(1792K) NonClass: 1518K(1600K)->1518K(1600K) Class: 124K(192K)->124K(192K)
[2024-10-11T04:35:18.317+0800][info] GC(363) Pause Young (Normal) (G1 Evacuation Pause) 91M->92M(128M) 1.234ms
[2024-10-11T04:35:18.317+0800][info] GC(363) User=0.00s Sys=0.00s Real=0.00s
[2024-10-11T04:35:18.358+0800][info] GC(364) Pause Young (Concurrent Start) (G1 Humongous Allocation)
[2024-10-11T04:35:18.358+0800][info] GC(364) Using 3 workers of 48 for evacuation
[2024-10-11T04:35:18.359+0800][info] GC(364)   Pre Evacuate Collection Set: 0.1ms
[2024-10-11T04:35:18.359+0800][info] GC(364)   Merge Heap Roots: 0.0ms
[2024-10-11T04:35:18.359+0800][info] GC(364)   Evacuate Collection Set: 0.6ms
[2024-10-11T04:35:18.359+0800][info] GC(364)   Post Evacuate Collection Set: 0.2ms
[2024-10-11T04:35:18.359+0800][info] GC(364)   Other: 0.3ms
[2024-10-11T04:35:18.359+0800][info] GC(364) Eden regions: 1->0(2)
[2024-10-11T04:35:18.359+0800][info] GC(364) Survivor regions: 1->1(1)
[2024-10-11T04:35:18.359+0800][info] GC(364) Old regions: 47->48
[2024-10-11T04:35:18.359+0800][info] GC(364) Archive regions: 2->2
[2024-10-11T04:35:18.359+0800][info] GC(364) Humongous regions: 3->3
[2024-10-11T04:35:18.359+0800][info] GC(364) Metaspace: 1643K(1792K)->1643K(1792K) NonClass: 1518K(1600K)->1518K(1600K) Class: 124K(192K)->124K(192K)
[2024-10-11T04:35:18.359+0800][info] GC(364) Pause Young (Concurrent Start) (G1 Humongous Allocation) 94M->93M(128M) 1.314ms
[2024-10-11T04:35:18.359+0800][info] GC(364) User=0.00s Sys=0.00s Real=0.00s
[2024-10-11T04:35:18.359+0800][info] GC(365) Concurrent Mark Cycle
[2024-10-11T04:35:18.359+0800][info] GC(365) Concurrent Clear Claimed Marks
[2024-10-11T04:35:18.360+0800][info] GC(365) Concurrent Clear Claimed Marks 0.017ms
[2024-10-11T04:35:18.360+0800][info] GC(365) Concurrent Scan Root Regions
[2024-10-11T04:35:18.360+0800][info] GC(365) Concurrent Scan Root Regions 0.108ms
[2024-10-11T04:35:18.360+0800][info] GC(365) Concurrent Mark
[2024-10-11T04:35:18.360+0800][info] GC(365) Concurrent Mark From Roots
[2024-10-11T04:35:18.360+0800][info] GC(365) Using 12 workers of 12 for marking
[2024-10-11T04:35:18.363+0800][info] GC(365) Concurrent Mark From Roots 3.744ms
[2024-10-11T04:35:18.363+0800][info] GC(365) Concurrent Preclean
[2024-10-11T04:35:18.365+0800][info] GC(365) Concurrent Preclean 1.700ms
[2024-10-11T04:35:18.365+0800][info] GC(365) Pause Remark
[2024-10-11T04:35:18.367+0800][info] GC(365) Pause Remark 96M->95M(128M) 1.336ms
[2024-10-11T04:35:18.367+0800][info] GC(365) User=0.00s Sys=0.00s Real=0.00s
[2024-10-11T04:35:18.367+0800][info] GC(365) Concurrent Mark 7.037ms
[2024-10-11T04:35:18.367+0800][info] GC(365) Concurrent Rebuild Remembered Sets
[2024-10-11T04:35:18.368+0800][info] GC(365) Concurrent Rebuild Remembered Sets 0.975ms
[2024-10-11T04:35:18.368+0800][info] GC(365) Pause Cleanup
[2024-10-11T04:35:18.368+0800][info] GC(365) Pause Cleanup 95M->95M(128M) 0.206ms
[2024-10-11T04:35:18.368+0800][info] GC(365) User=0.00s Sys=0.00s Real=0.00s
[2024-10-11T04:35:18.368+0800][info] GC(365) Concurrent Cleanup for Next Mark
[2024-10-11T04:35:18.368+0800][info] GC(365) Concurrent Cleanup for Next Mark 0.361ms
[2024-10-11T04:35:18.369+0800][info] GC(365) Concurrent Mark Cycle 9.071ms
[2024-10-11T04:35:18.533+0800][info] GC(366) Pause Young (Prepare Mixed) (G1 Evacuation Pause)
[2024-10-11T04:35:18.533+0800][info] GC(366) Using 3 workers of 48 for evacuation
[2024-10-11T04:35:18.535+0800][info] GC(366)   Pre Evacuate Collection Set: 0.1ms
[2024-10-11T04:35:18.535+0800][info] GC(366)   Merge Heap Roots: 0.1ms
[2024-10-11T04:35:18.535+0800][info] GC(366)   Evacuate Collection Set: 0.9ms
[2024-10-11T04:35:18.535+0800][info] GC(366)   Post Evacuate Collection Set: 0.2ms
[2024-10-11T04:35:18.535+0800][info] GC(366)   Other: 0.2ms
[2024-10-11T04:35:18.535+0800][info] GC(366) Eden regions: 2->0(2)
[2024-10-11T04:35:18.535+0800][info] GC(366) Survivor regions: 1->1(1)
[2024-10-11T04:35:18.535+0800][info] GC(366) Old regions: 47->49
[2024-10-11T04:35:18.535+0800][info] GC(366) Archive regions: 2->2
[2024-10-11T04:35:18.535+0800][info] GC(366) Humongous regions: 4->3
[2024-10-11T04:35:18.535+0800][info] GC(366) Metaspace: 1643K(1792K)->1643K(1792K) NonClass: 1518K(1600K)->1518K(1600K) Class: 124K(192K)->124K(192K)
[2024-10-11T04:35:18.535+0800][info] GC(366) Pause Young (Prepare Mixed) (G1 Evacuation Pause) 99M->98M(128M) 1.501ms
[2024-10-11T04:35:18.535+0800][info] GC(366) User=0.00s Sys=0.00s Real=0.00s
[2024-10-11T04:35:18.637+0800][info] GC(367) Pause Young (Mixed) (G1 Evacuation Pause)
[2024-10-11T04:35:18.637+0800][info] GC(367) Using 3 workers of 48 for evacuation
[2024-10-11T04:35:18.639+0800][info] GC(367)   Pre Evacuate Collection Set: 0.1ms
[2024-10-11T04:35:18.639+0800][info] GC(367)   Merge Heap Roots: 0.1ms
[2024-10-11T04:35:18.639+0800][info] GC(367)   Evacuate Collection Set: 1.4ms
[2024-10-11T04:35:18.639+0800][info] GC(367)   Post Evacuate Collection Set: 0.2ms
[2024-10-11T04:35:18.639+0800][info] GC(367)   Other: 0.2ms
[2024-10-11T04:35:18.639+0800][info] GC(367) Eden regions: 2->0(2)
[2024-10-11T04:35:18.639+0800][info] GC(367) Survivor regions: 1->1(1)
[2024-10-11T04:35:18.639+0800][info] GC(367) Old regions: 49->46
[2024-10-11T04:35:18.639+0800][info] GC(367) Archive regions: 2->2
[2024-10-11T04:35:18.639+0800][info] GC(367) Humongous regions: 3->3
[2024-10-11T04:35:18.639+0800][info] GC(367) Metaspace: 1643K(1792K)->1643K(1792K) NonClass: 1518K(1600K)->1518K(1600K) Class: 124K(192K)->124K(192K)
[2024-10-11T04:35:18.639+0800][info] GC(367) Pause Young (Mixed) (G1 Evacuation Pause) 101M->93M(128M) 2.153ms
[2024-10-11T04:35:18.639+0800][info] GC(367) User=0.01s Sys=0.00s Real=0.00s
[2024-10-11T04:35:18.741+0800][info] GC(368) Pause Young (Mixed) (G1 Evacuation Pause)
[2024-10-11T04:35:18.741+0800][info] GC(368) Using 3 workers of 48 for evacuation
[2024-10-11T04:35:18.743+0800][info] GC(368)   Pre Evacuate Collection Set: 0.1ms
[2024-10-11T04:35:18.743+0800][info] GC(368)   Merge Heap Roots: 0.1ms
[2024-10-11T04:35:18.743+0800][info] GC(368)   Evacuate Collection Set: 1.7ms
[2024-10-11T04:35:18.743+0800][info] GC(368)   Post Evacuate Collection Set: 0.2ms
[2024-10-11T04:35:18.743+0800][info] GC(368)   Other: 0.2ms
[2024-10-11T04:35:18.743+0800][info] GC(368) Eden regions: 2->0(2)
[2024-10-11T04:35:18.743+0800][info] GC(368) Survivor regions: 1->1(1)
[2024-10-11T04:35:18.743+0800][info] GC(368) Old regions: 46->45
[2024-10-11T04:35:18.743+0800][info] GC(368) Archive regions: 2->2
[2024-10-11T04:35:18.743+0800][info] GC(368) Humongous regions: 3->3
[2024-10-11T04:35:18.743+0800][info] GC(368) Metaspace: 1643K(1792K)->1643K(1792K) NonClass: 1518K(1600K)->1518K(1600K) Class: 124K(192K)->124K(192K)
[2024-10-11T04:35:18.743+0800][info] GC(368) Pause Young (Mixed) (G1 Evacuation Pause) 97M->94M(128M) 2.426ms
[2024-10-11T04:35:18.743+0800][info] GC(368) User=0.01s Sys=0.00s Real=0.00s
[2024-10-11T04:35:18.846+0800][info] GC(369) Pause Young (Mixed) (G1 Evacuation Pause)
[2024-10-11T04:35:18.846+0800][info] GC(369) Using 3 workers of 48 for evacuation
[2024-10-11T04:35:18.848+0800][info] GC(369)   Pre Evacuate Collection Set: 0.1ms
[2024-10-11T04:35:18.848+0800][info] GC(369)   Merge Heap Roots: 0.1ms
[2024-10-11T04:35:18.848+0800][info] GC(369)   Evacuate Collection Set: 1.6ms
[2024-10-11T04:35:18.848+0800][info] GC(369)   Post Evacuate Collection Set: 0.2ms
[2024-10-11T04:35:18.848+0800][info] GC(369)   Other: 0.1ms
[2024-10-11T04:35:18.848+0800][info] GC(369) Eden regions: 2->0(2)
[2024-10-11T04:35:18.848+0800][info] GC(369) Survivor regions: 1->1(1)
[2024-10-11T04:35:18.848+0800][info] GC(369) Old regions: 45->45
[2024-10-11T04:35:18.848+0800][info] GC(369) Archive regions: 2->2
[2024-10-11T04:35:18.848+0800][info] GC(369) Humongous regions: 3->3
[2024-10-11T04:35:18.848+0800][info] GC(369) Metaspace: 1652K(1856K)->1652K(1856K) NonClass: 1527K(1664K)->1527K(1664K) Class: 124K(192K)->124K(192K)
[2024-10-11T04:35:18.848+0800][info] GC(369) Pause Young (Mixed) (G1 Evacuation Pause) 98M->94M(128M) 2.207ms
[2024-10-11T04:35:18.848+0800][info] GC(369) User=0.01s Sys=0.00s Real=0.00s
[2024-10-11T04:35:18.950+0800][info] GC(370) Pause Young (Normal) (G1 Evacuation Pause)
[2024-10-11T04:35:18.950+0800][info] GC(370) Using 3 workers of 48 for evacuation
[2024-10-11T04:35:18.951+0800][info] GC(370)   Pre Evacuate Collection Set: 0.1ms
[2024-10-11T04:35:18.951+0800][info] GC(370)   Merge Heap Roots: 0.0ms
[2024-10-11T04:35:18.951+0800][info] GC(370)   Evacuate Collection Set: 0.7ms
[2024-10-11T04:35:18.951+0800][info] GC(370)   Post Evacuate Collection Set: 0.2ms
[2024-10-11T04:35:18.951+0800][info] GC(370)   Other: 0.2ms
[2024-10-11T04:35:18.951+0800][info] GC(370) Eden regions: 2->0(2)
[2024-10-11T04:35:18.951+0800][info] GC(370) Survivor regions: 1->1(1)
[2024-10-11T04:35:18.951+0800][info] GC(370) Old regions: 45->47
[2024-10-11T04:35:18.951+0800][info] GC(370) Archive regions: 2->2
[2024-10-11T04:35:18.951+0800][info] GC(370) Humongous regions: 3->3
[2024-10-11T04:35:18.951+0800][info] GC(370) Metaspace: 1652K(1856K)->1652K(1856K) NonClass: 1527K(1664K)->1527K(1664K) Class: 124K(192K)->124K(192K)
[2024-10-11T04:35:18.951+0800][info] GC(370) Pause Young (Normal) (G1 Evacuation Pause) 98M->98M(128M) 1.313ms
[2024-10-11T04:35:18.951+0800][info] GC(370) User=0.00s Sys=0.00s Real=0.00s
[2024-10-11T04:35:19.054+0800][info] GC(371) Pause Young (Normal) (G1 Evacuation Pause)
[2024-10-11T04:35:19.054+0800][info] GC(371) Using 3 workers of 48 for evacuation
[2024-10-11T04:35:19.055+0800][info] GC(371)   Pre Evacuate Collection Set: 0.1ms
[2024-10-11T04:35:19.055+0800][info] GC(371)   Merge Heap Roots: 0.0ms
[2024-10-11T04:35:19.055+0800][info] GC(371)   Evacuate Collection Set: 0.6ms
[2024-10-11T04:35:19.055+0800][info] GC(371)   Post Evacuate Collection Set: 0.2ms
[2024-10-11T04:35:19.055+0800][info] GC(371)   Other: 0.2ms
[2024-10-11T04:35:19.055+0800][info] GC(371) Eden regions: 2->0(2)
[2024-10-11T04:35:19.055+0800][info] GC(371) Survivor regions: 1->1(1)
[2024-10-11T04:35:19.055+0800][info] GC(371) Old regions: 47->49
[2024-10-11T04:35:19.055+0800][info] GC(371) Archive regions: 2->2
[2024-10-11T04:35:19.055+0800][info] GC(371) Humongous regions: 3->3
[2024-10-11T04:35:19.055+0800][info] GC(371) Metaspace: 1652K(1856K)->1652K(1856K) NonClass: 1527K(1664K)->1527K(1664K) Class: 124K(192K)->124K(192K)
[2024-10-11T04:35:19.055+0800][info] GC(371) Pause Young (Normal) (G1 Evacuation Pause) 102M->102M(128M) 1.227ms
[2024-10-11T04:35:19.055+0800][info] GC(371) User=0.00s Sys=0.00s Real=0.00s
[2024-10-11T04:35:19.157+0800][info] GC(372) Pause Young (Concurrent Start) (G1 Evacuation Pause)
[2024-10-11T04:35:19.157+0800][info] GC(372) Using 3 workers of 48 for evacuation
[2024-10-11T04:35:19.158+0800][info] GC(372)   Pre Evacuate Collection Set: 0.1ms
[2024-10-11T04:35:19.158+0800][info] GC(372)   Merge Heap Roots: 0.0ms
[2024-10-11T04:35:19.158+0800][info] GC(372)   Evacuate Collection Set: 0.8ms
[2024-10-11T04:35:19.158+0800][info] GC(372)   Post Evacuate Collection Set: 0.2ms
[2024-10-11T04:35:19.158+0800][info] GC(372)   Other: 0.3ms
[2024-10-11T04:35:19.158+0800][info] GC(372) Eden regions: 2->0(2)
[2024-10-11T04:35:19.158+0800][info] GC(372) Survivor regions: 1->1(1)
[2024-10-11T04:35:19.158+0800][info] GC(372) Old regions: 49->51
[2024-10-11T04:35:19.158+0800][info] GC(372) Archive regions: 2->2
[2024-10-11T04:35:19.158+0800][info] GC(372) Humongous regions: 3->3
[2024-10-11T04:35:19.158+0800][info] GC(372) Metaspace: 1652K(1856K)->1652K(1856K) NonClass: 1527K(1664K)->1527K(1664K) Class: 124K(192K)->124K(192K)
[2024-10-11T04:35:19.158+0800][info] GC(372) Pause Young (Concurrent Start) (G1 Evacuation Pause) 105M->106M(128M) 1.491ms
[2024-10-11T04:35:19.158+0800][info] GC(372) User=0.01s Sys=0.00s Real=0.00s
[2024-10-11T04:35:19.158+0800][info] GC(373) Concurrent Mark Cycle
[2024-10-11T04:35:19.158+0800][info] GC(373) Concurrent Clear Claimed Marks
[2024-10-11T04:35:19.158+0800][info] GC(373) Concurrent Clear Claimed Marks 0.017ms
[2024-10-11T04:35:19.158+0800][info] GC(373) Concurrent Scan Root Regions
[2024-10-11T04:35:19.159+0800][info] GC(373) Concurrent Scan Root Regions 0.099ms
[2024-10-11T04:35:19.159+0800][info] GC(373) Concurrent Mark
[2024-10-11T04:35:19.159+0800][info] GC(373) Concurrent Mark From Roots
[2024-10-11T04:35:19.159+0800][info] GC(373) Using 12 workers of 12 for marking
[2024-10-11T04:35:19.162+0800][info] GC(373) Concurrent Mark From Roots 3.351ms
[2024-10-11T04:35:19.162+0800][info] GC(373) Concurrent Preclean
[2024-10-11T04:35:19.164+0800][info] GC(373) Concurrent Preclean 1.682ms
[2024-10-11T04:35:19.164+0800][info] GC(373) Pause Remark
[2024-10-11T04:35:19.165+0800][info] GC(373) Pause Remark 106M->106M(128M) 1.317ms
[2024-10-11T04:35:19.165+0800][info] GC(373) User=0.00s Sys=0.00s Real=0.00s
[2024-10-11T04:35:19.165+0800][info] GC(373) Concurrent Mark 6.592ms
[2024-10-11T04:35:19.165+0800][info] GC(373) Concurrent Rebuild Remembered Sets
[2024-10-11T04:35:19.166+0800][info] GC(373) Concurrent Rebuild Remembered Sets 1.292ms
[2024-10-11T04:35:19.167+0800][info] GC(373) Pause Cleanup
[2024-10-11T04:35:19.167+0800][info] GC(373) Pause Cleanup 106M->106M(128M) 0.201ms
[2024-10-11T04:35:19.167+0800][info] GC(373) User=0.00s Sys=0.00s Real=0.00s
[2024-10-11T04:35:19.167+0800][info] GC(373) Concurrent Cleanup for Next Mark
[2024-10-11T04:35:19.167+0800][info] GC(373) Concurrent Cleanup for Next Mark 0.401ms
[2024-10-11T04:35:19.167+0800][info] GC(373) Concurrent Mark Cycle 8.887ms
[2024-10-11T04:35:19.312+0800][info] GC(374) Pause Young (Prepare Mixed) (G1 Evacuation Pause)
[2024-10-11T04:35:19.312+0800][info] GC(374) Using 3 workers of 48 for evacuation
[2024-10-11T04:35:19.313+0800][info] GC(374)   Pre Evacuate Collection Set: 0.1ms
[2024-10-11T04:35:19.313+0800][info] GC(374)   Merge Heap Roots: 0.1ms
[2024-10-11T04:35:19.313+0800][info] GC(374)   Evacuate Collection Set: 0.9ms
[2024-10-11T04:35:19.313+0800][info] GC(374)   Post Evacuate Collection Set: 0.2ms
[2024-10-11T04:35:19.313+0800][info] GC(374)   Other: 0.2ms
[2024-10-11T04:35:19.313+0800][info] GC(374) Eden regions: 2->0(2)
[2024-10-11T04:35:19.313+0800][info] GC(374) Survivor regions: 1->1(1)
[2024-10-11T04:35:19.313+0800][info] GC(374) Old regions: 51->52
[2024-10-11T04:35:19.313+0800][info] GC(374) Archive regions: 2->2
[2024-10-11T04:35:19.313+0800][info] GC(374) Humongous regions: 3->3
[2024-10-11T04:35:19.313+0800][info] GC(374) Metaspace: 1652K(1856K)->1652K(1856K) NonClass: 1527K(1664K)->1527K(1664K) Class: 124K(192K)->124K(192K)
[2024-10-11T04:35:19.313+0800][info] GC(374) Pause Young (Prepare Mixed) (G1 Evacuation Pause) 109M->109M(128M) 1.587ms
[2024-10-11T04:35:19.313+0800][info] GC(374) User=0.00s Sys=0.00s Real=0.01s
[2024-10-11T04:35:19.415+0800][info] GC(375) Pause Young (Mixed) (G1 Preventive Collection)
[2024-10-11T04:35:19.415+0800][info] GC(375) Using 3 workers of 48 for evacuation
[2024-10-11T04:35:19.417+0800][info] GC(375) To-space exhausted
[2024-10-11T04:35:19.417+0800][info] GC(375)   Pre Evacuate Collection Set: 0.1ms
[2024-10-11T04:35:19.417+0800][info] GC(375)   Merge Heap Roots: 0.1ms
[2024-10-11T04:35:19.417+0800][info] GC(375)   Evacuate Collection Set: 1.1ms
[2024-10-11T04:35:19.417+0800][info] GC(375)   Post Evacuate Collection Set: 0.2ms
[2024-10-11T04:35:19.417+0800][info] GC(375)   Other: 0.2ms
[2024-10-11T04:35:19.417+0800][info] GC(375) Eden regions: 2->0(2)
[2024-10-11T04:35:19.417+0800][info] GC(375) Survivor regions: 1->1(1)
[2024-10-11T04:35:19.417+0800][info] GC(375) Old regions: 52->50
[2024-10-11T04:35:19.417+0800][info] GC(375) Archive regions: 2->2
[2024-10-11T04:35:19.417+0800][info] GC(375) Humongous regions: 3->3
[2024-10-11T04:35:19.417+0800][info] GC(375) Metaspace: 1652K(1856K)->1652K(1856K) NonClass: 1527K(1664K)->1527K(1664K) Class: 124K(192K)->124K(192K)
[2024-10-11T04:35:19.417+0800][info] GC(375) Pause Young (Mixed) (G1 Preventive Collection) 113M->106M(128M) 1.781ms
[2024-10-11T04:35:19.417+0800][info] GC(375) User=0.00s Sys=0.00s Real=0.00s
[2024-10-11T04:35:19.519+0800][info] GC(376) Pause Young (Mixed) (G1 Preventive Collection)
[2024-10-11T04:35:19.519+0800][info] GC(376) Using 3 workers of 48 for evacuation
[2024-10-11T04:35:19.521+0800][info] GC(376)   Pre Evacuate Collection Set: 0.1ms
[2024-10-11T04:35:19.521+0800][info] GC(376)   Merge Heap Roots: 0.1ms
[2024-10-11T04:35:19.521+0800][info] GC(376)   Evacuate Collection Set: 1.5ms
[2024-10-11T04:35:19.521+0800][info] GC(376)   Post Evacuate Collection Set: 0.2ms
[2024-10-11T04:35:19.521+0800][info] GC(376)   Other: 0.1ms
[2024-10-11T04:35:19.521+0800][info] GC(376) Eden regions: 2->0(2)
[2024-10-11T04:35:19.521+0800][info] GC(376) Survivor regions: 1->1(1)
[2024-10-11T04:35:19.521+0800][info] GC(376) Old regions: 50->48
[2024-10-11T04:35:19.521+0800][info] GC(376) Archive regions: 2->2
[2024-10-11T04:35:19.521+0800][info] GC(376) Humongous regions: 3->3
[2024-10-11T04:35:19.521+0800][info] GC(376) Metaspace: 1652K(1856K)->1652K(1856K) NonClass: 1528K(1664K)->1528K(1664K) Class: 124K(192K)->124K(192K)
[2024-10-11T04:35:19.521+0800][info] GC(376) Pause Young (Mixed) (G1 Preventive Collection) 109M->102M(128M) 2.144ms
[2024-10-11T04:35:19.521+0800][info] GC(376) User=0.00s Sys=0.00s Real=0.00s
[2024-10-11T04:35:19.623+0800][info] GC(377) Pause Young (Mixed) (G1 Evacuation Pause)
[2024-10-11T04:35:19.623+0800][info] GC(377) Using 3 workers of 48 for evacuation
[2024-10-11T04:35:19.625+0800][info] GC(377)   Pre Evacuate Collection Set: 0.1ms
[2024-10-11T04:35:19.626+0800][info] GC(377)   Merge Heap Roots: 0.1ms
[2024-10-11T04:35:19.626+0800][info] GC(377)   Evacuate Collection Set: 1.9ms
[2024-10-11T04:35:19.626+0800][info] GC(377)   Post Evacuate Collection Set: 0.2ms
[2024-10-11T04:35:19.626+0800][info] GC(377)   Other: 0.1ms
[2024-10-11T04:35:19.626+0800][info] GC(377) Eden regions: 2->0(2)
[2024-10-11T04:35:19.626+0800][info] GC(377) Survivor regions: 1->1(1)
[2024-10-11T04:35:19.626+0800][info] GC(377) Old regions: 48->47
[2024-10-11T04:35:19.626+0800][info] GC(377) Archive regions: 2->2
[2024-10-11T04:35:19.626+0800][info] GC(377) Humongous regions: 3->3
[2024-10-11T04:35:19.626+0800][info] GC(377) Metaspace: 1652K(1856K)->1652K(1856K) NonClass: 1528K(1664K)->1528K(1664K) Class: 124K(192K)->124K(192K)
[2024-10-11T04:35:19.626+0800][info] GC(377) Pause Young (Mixed) (G1 Evacuation Pause) 105M->101M(128M) 2.519ms
[2024-10-11T04:35:19.626+0800][info] GC(377) User=0.01s Sys=0.00s Real=0.01s
[2024-10-11T04:35:19.728+0800][info] GC(378) Pause Young (Mixed) (G1 Evacuation Pause)
[2024-10-11T04:35:19.728+0800][info] GC(378) Using 3 workers of 48 for evacuation
[2024-10-11T04:35:19.730+0800][info] GC(378)   Pre Evacuate Collection Set: 0.1ms
[2024-10-11T04:35:19.730+0800][info] GC(378)   Merge Heap Roots: 0.0ms
[2024-10-11T04:35:19.730+0800][info] GC(378)   Evacuate Collection Set: 1.8ms
[2024-10-11T04:35:19.730+0800][info] GC(378)   Post Evacuate Collection Set: 0.2ms
[2024-10-11T04:35:19.730+0800][info] GC(378)   Other: 0.1ms
[2024-10-11T04:35:19.730+0800][info] GC(378) Eden regions: 2->0(2)
[2024-10-11T04:35:19.730+0800][info] GC(378) Survivor regions: 1->1(1)
[2024-10-11T04:35:19.730+0800][info] GC(378) Old regions: 47->48
[2024-10-11T04:35:19.730+0800][info] GC(378) Archive regions: 2->2
[2024-10-11T04:35:19.730+0800][info] GC(378) Humongous regions: 3->3
[2024-10-11T04:35:19.730+0800][info] GC(378) Metaspace: 1652K(1856K)->1652K(1856K) NonClass: 1528K(1664K)->1528K(1664K) Class: 124K(192K)->124K(192K)
[2024-10-11T04:35:19.730+0800][info] GC(378) Pause Young (Mixed) (G1 Evacuation Pause) 104M->103M(128M) 2.427ms
[2024-10-11T04:35:19.730+0800][info] GC(378) User=0.01s Sys=0.00s Real=0.00s
[2024-10-11T04:35:19.832+0800][info] GC(379) Pause Young (Normal) (G1 Evacuation Pause)
[2024-10-11T04:35:19.832+0800][info] GC(379) Using 3 workers of 48 for evacuation
[2024-10-11T04:35:19.834+0800][info] GC(379)   Pre Evacuate Collection Set: 0.1ms
[2024-10-11T04:35:19.834+0800][info] GC(379)   Merge Heap Roots: 0.0ms
[2024-10-11T04:35:19.834+0800][info] GC(379)   Evacuate Collection Set: 0.8ms
[2024-10-11T04:35:19.834+0800][info] GC(379)   Post Evacuate Collection Set: 0.2ms
[2024-10-11T04:35:19.834+0800][info] GC(379)   Other: 0.2ms
[2024-10-11T04:35:19.834+0800][info] GC(379) Eden regions: 2->0(2)
[2024-10-11T04:35:19.834+0800][info] GC(379) Survivor regions: 1->1(1)
[2024-10-11T04:35:19.834+0800][info] GC(379) Old regions: 48->50
[2024-10-11T04:35:19.834+0800][info] GC(379) Archive regions: 2->2
[2024-10-11T04:35:19.834+0800][info] GC(379) Humongous regions: 3->3
[2024-10-11T04:35:19.834+0800][info] GC(379) Metaspace: 1652K(1856K)->1652K(1856K) NonClass: 1528K(1664K)->1528K(1664K) Class: 124K(192K)->124K(192K)
[2024-10-11T04:35:19.834+0800][info] GC(379) Pause Young (Normal) (G1 Evacuation Pause) 107M->107M(128M) 1.443ms
[2024-10-11T04:35:19.834+0800][info] GC(379) User=0.00s Sys=0.00s Real=0.01s
[2024-10-11T04:35:19.936+0800][info] GC(380) Pause Young (Concurrent Start) (G1 Evacuation Pause)
[2024-10-11T04:35:19.936+0800][info] GC(380) Using 3 workers of 48 for evacuation
[2024-10-11T04:35:19.938+0800][info] GC(380)   Pre Evacuate Collection Set: 0.1ms
[2024-10-11T04:35:19.938+0800][info] GC(380)   Merge Heap Roots: 0.0ms
[2024-10-11T04:35:19.938+0800][info] GC(380)   Evacuate Collection Set: 0.9ms
[2024-10-11T04:35:19.938+0800][info] GC(380)   Post Evacuate Collection Set: 0.2ms
[2024-10-11T04:35:19.938+0800][info] GC(380)   Other: 0.4ms
[2024-10-11T04:35:19.938+0800][info] GC(380) Eden regions: 2->0(2)
[2024-10-11T04:35:19.938+0800][info] GC(380) Survivor regions: 1->1(1)
[2024-10-11T04:35:19.938+0800][info] GC(380) Old regions: 50->52
[2024-10-11T04:35:19.938+0800][info] GC(380) Archive regions: 2->2
[2024-10-11T04:35:19.938+0800][info] GC(380) Humongous regions: 3->3
[2024-10-11T04:35:19.938+0800][info] GC(380) Metaspace: 1652K(1856K)->1652K(1856K) NonClass: 1528K(1664K)->1528K(1664K) Class: 124K(192K)->124K(192K)
[2024-10-11T04:35:19.938+0800][info] GC(380) Pause Young (Concurrent Start) (G1 Evacuation Pause) 110M->111M(128M) 1.643ms
[2024-10-11T04:35:19.938+0800][info] GC(380) User=0.00s Sys=0.00s Real=0.00s
[2024-10-11T04:35:19.938+0800][info] GC(381) Concurrent Mark Cycle
[2024-10-11T04:35:19.938+0800][info] GC(381) Concurrent Clear Claimed Marks
[2024-10-11T04:35:19.938+0800][info] GC(381) Concurrent Clear Claimed Marks 0.017ms
[2024-10-11T04:35:19.938+0800][info] GC(381) Concurrent Scan Root Regions
[2024-10-11T04:35:19.938+0800][info] GC(381) Concurrent Scan Root Regions 0.103ms
[2024-10-11T04:35:19.938+0800][info] GC(381) Concurrent Mark
[2024-10-11T04:35:19.938+0800][info] GC(381) Concurrent Mark From Roots
[2024-10-11T04:35:19.938+0800][info] GC(381) Using 12 workers of 12 for marking
[2024-10-11T04:35:19.942+0800][info] GC(381) Concurrent Mark From Roots 3.786ms
[2024-10-11T04:35:19.942+0800][info] GC(381) Concurrent Preclean
[2024-10-11T04:35:19.944+0800][info] GC(381) Concurrent Preclean 1.674ms
[2024-10-11T04:35:19.944+0800][info] GC(381) Pause Remark
[2024-10-11T04:35:19.945+0800][info] GC(381) Pause Remark 111M->110M(128M) 1.419ms
[2024-10-11T04:35:19.945+0800][info] GC(381) User=0.01s Sys=0.00s Real=0.01s
[2024-10-11T04:35:19.945+0800][info] GC(381) Concurrent Mark 7.156ms
[2024-10-11T04:35:19.945+0800][info] GC(381) Concurrent Rebuild Remembered Sets
[2024-10-11T04:35:19.946+0800][info] GC(381) Concurrent Rebuild Remembered Sets 1.208ms
[2024-10-11T04:35:19.947+0800][info] GC(381) Pause Cleanup
[2024-10-11T04:35:19.947+0800][info] GC(381) Pause Cleanup 110M->110M(128M) 0.217ms
[2024-10-11T04:35:19.947+0800][info] GC(381) User=0.00s Sys=0.00s Real=0.00s
[2024-10-11T04:35:19.947+0800][info] GC(381) Concurrent Cleanup for Next Mark
[2024-10-11T04:35:19.947+0800][info] GC(381) Concurrent Cleanup for Next Mark 0.341ms
[2024-10-11T04:35:19.947+0800][info] GC(381) Concurrent Mark Cycle 9.333ms
[2024-10-11T04:35:20.091+0800][info] GC(382) Pause Young (Prepare Mixed) (G1 Evacuation Pause)
[2024-10-11T04:35:20.091+0800][info] GC(382) Using 3 workers of 48 for evacuation
[2024-10-11T04:35:20.092+0800][info] GC(382)   Pre Evacuate Collection Set: 0.1ms
[2024-10-11T04:35:20.092+0800][info] GC(382)   Merge Heap Roots: 0.1ms
[2024-10-11T04:35:20.092+0800][info] GC(382)   Evacuate Collection Set: 0.9ms
[2024-10-11T04:35:20.092+0800][info] GC(382)   Post Evacuate Collection Set: 0.2ms
[2024-10-11T04:35:20.092+0800][info] GC(382)   Other: 0.2ms
[2024-10-11T04:35:20.092+0800][info] GC(382) Eden regions: 2->0(2)
[2024-10-11T04:35:20.092+0800][info] GC(382) Survivor regions: 1->1(1)
[2024-10-11T04:35:20.092+0800][info] GC(382) Old regions: 51->53
[2024-10-11T04:35:20.092+0800][info] GC(382) Archive regions: 2->2
[2024-10-11T04:35:20.092+0800][info] GC(382) Humongous regions: 3->3
[2024-10-11T04:35:20.092+0800][info] GC(382) Metaspace: 1653K(1856K)->1653K(1856K) NonClass: 1528K(1664K)->1528K(1664K) Class: 124K(192K)->124K(192K)
[2024-10-11T04:35:20.092+0800][info] GC(382) Pause Young (Prepare Mixed) (G1 Evacuation Pause) 113M->113M(128M) 1.522ms
[2024-10-11T04:35:20.092+0800][info] GC(382) User=0.01s Sys=0.00s Real=0.00s
[2024-10-11T04:35:20.153+0800][info] GC(383) Pause Young (Mixed) (G1 Preventive Collection)
[2024-10-11T04:35:20.153+0800][info] GC(383) Using 3 workers of 48 for evacuation
[2024-10-11T04:35:20.155+0800][info] GC(383) To-space exhausted
[2024-10-11T04:35:20.155+0800][info] GC(383)   Pre Evacuate Collection Set: 0.1ms
[2024-10-11T04:35:20.155+0800][info] GC(383)   Merge Heap Roots: 0.0ms
[2024-10-11T04:35:20.155+0800][info] GC(383)   Evacuate Collection Set: 1.1ms
[2024-10-11T04:35:20.155+0800][info] GC(383)   Post Evacuate Collection Set: 0.2ms
[2024-10-11T04:35:20.155+0800][info] GC(383)   Other: 0.2ms
[2024-10-11T04:35:20.155+0800][info] GC(383) Eden regions: 1->0(2)
[2024-10-11T04:35:20.155+0800][info] GC(383) Survivor regions: 1->1(1)
[2024-10-11T04:35:20.155+0800][info] GC(383) Old regions: 53->51
[2024-10-11T04:35:20.155+0800][info] GC(383) Archive regions: 2->2
[2024-10-11T04:35:20.155+0800][info] GC(383) Humongous regions: 3->3
[2024-10-11T04:35:20.155+0800][info] GC(383) Metaspace: 1653K(1856K)->1653K(1856K) NonClass: 1528K(1664K)->1528K(1664K) Class: 124K(192K)->124K(192K)
[2024-10-11T04:35:20.155+0800][info] GC(383) Pause Young (Mixed) (G1 Preventive Collection) 115M->110M(128M) 1.743ms
[2024-10-11T04:35:20.155+0800][info] GC(383) User=0.00s Sys=0.00s Real=0.00s
[2024-10-11T04:35:20.196+0800][info] GC(384) Pause Young (Mixed) (G1 Preventive Collection)
[2024-10-11T04:35:20.196+0800][info] GC(384) Using 3 workers of 48 for evacuation
[2024-10-11T04:35:20.199+0800][info] GC(384)   Pre Evacuate Collection Set: 0.2ms
[2024-10-11T04:35:20.199+0800][info] GC(384)   Merge Heap Roots: 0.1ms
[2024-10-11T04:35:20.199+0800][info] GC(384)   Evacuate Collection Set: 1.6ms
[2024-10-11T04:35:20.199+0800][info] GC(384)   Post Evacuate Collection Set: 0.2ms
[2024-10-11T04:35:20.199+0800][info] GC(384)   Other: 0.1ms
[2024-10-11T04:35:20.199+0800][info] GC(384) Eden regions: 1->0(2)
[2024-10-11T04:35:20.199+0800][info] GC(384) Survivor regions: 1->1(1)
[2024-10-11T04:35:20.199+0800][info] GC(384) Old regions: 51->49
[2024-10-11T04:35:20.199+0800][info] GC(384) Archive regions: 2->2
[2024-10-11T04:35:20.199+0800][info] GC(384) Humongous regions: 3->3
[2024-10-11T04:35:20.199+0800][info] GC(384) Metaspace: 1653K(1856K)->1653K(1856K) NonClass: 1528K(1664K)->1528K(1664K) Class: 124K(192K)->124K(192K)
[2024-10-11T04:35:20.199+0800][info] GC(384) Pause Young (Mixed) (G1 Preventive Collection) 112M->106M(128M) 2.339ms
[2024-10-11T04:35:20.199+0800][info] GC(384) User=0.01s Sys=0.00s Real=0.00s
[2024-10-11T04:35:20.301+0800][info] GC(385) Pause Young (Mixed) (G1 Preventive Collection)
[2024-10-11T04:35:20.301+0800][info] GC(385) Using 3 workers of 48 for evacuation
[2024-10-11T04:35:20.303+0800][info] GC(385)   Pre Evacuate Collection Set: 0.1ms
[2024-10-11T04:35:20.303+0800][info] GC(385)   Merge Heap Roots: 0.1ms
[2024-10-11T04:35:20.303+0800][info] GC(385)   Evacuate Collection Set: 2.0ms
[2024-10-11T04:35:20.303+0800][info] GC(385)   Post Evacuate Collection Set: 0.2ms
[2024-10-11T04:35:20.303+0800][info] GC(385)   Other: 0.2ms
[2024-10-11T04:35:20.303+0800][info] GC(385) Eden regions: 2->0(2)
[2024-10-11T04:35:20.303+0800][info] GC(385) Survivor regions: 1->1(1)
[2024-10-11T04:35:20.303+0800][info] GC(385) Old regions: 49->48
[2024-10-11T04:35:20.303+0800][info] GC(385) Archive regions: 2->2
[2024-10-11T04:35:20.303+0800][info] GC(385) Humongous regions: 3->3
[2024-10-11T04:35:20.303+0800][info] GC(385) Metaspace: 1653K(1856K)->1653K(1856K) NonClass: 1528K(1664K)->1528K(1664K) Class: 124K(192K)->124K(192K)
[2024-10-11T04:35:20.303+0800][info] GC(385) Pause Young (Mixed) (G1 Preventive Collection) 109M->104M(128M) 2.657ms
[2024-10-11T04:35:20.303+0800][info] GC(385) User=0.00s Sys=0.00s Real=0.00s
[2024-10-11T04:35:20.406+0800][info] GC(386) Pause Young (Mixed) (G1 Evacuation Pause)
[2024-10-11T04:35:20.406+0800][info] GC(386) Using 3 workers of 48 for evacuation
[2024-10-11T04:35:20.408+0800][info] GC(386)   Pre Evacuate Collection Set: 0.1ms
[2024-10-11T04:35:20.408+0800][info] GC(386)   Merge Heap Roots: 0.1ms
[2024-10-11T04:35:20.408+0800][info] GC(386)   Evacuate Collection Set: 2.2ms
[2024-10-11T04:35:20.408+0800][info] GC(386)   Post Evacuate Collection Set: 0.2ms
[2024-10-11T04:35:20.408+0800][info] GC(386)   Other: 0.1ms
[2024-10-11T04:35:20.408+0800][info] GC(386) Eden regions: 2->0(2)
[2024-10-11T04:35:20.408+0800][info] GC(386) Survivor regions: 1->1(1)
[2024-10-11T04:35:20.408+0800][info] GC(386) Old regions: 48->48
[2024-10-11T04:35:20.408+0800][info] GC(386) Archive regions: 2->2
[2024-10-11T04:35:20.408+0800][info] GC(386) Humongous regions: 3->3
[2024-10-11T04:35:20.408+0800][info] GC(386) Metaspace: 1653K(1856K)->1653K(1856K) NonClass: 1529K(1664K)->1529K(1664K) Class: 124K(192K)->124K(192K)
[2024-10-11T04:35:20.409+0800][info] GC(386) Pause Young (Mixed) (G1 Evacuation Pause) 108M->105M(128M) 2.855ms
[2024-10-11T04:35:20.409+0800][info] GC(386) User=0.00s Sys=0.00s Real=0.00s
[2024-10-11T04:35:20.510+0800][info] GC(387) Pause Young (Mixed) (G1 Evacuation Pause)
[2024-10-11T04:35:20.511+0800][info] GC(387) Using 3 workers of 48 for evacuation
[2024-10-11T04:35:20.513+0800][info] GC(387)   Pre Evacuate Collection Set: 0.1ms
[2024-10-11T04:35:20.513+0800][info] GC(387)   Merge Heap Roots: 0.1ms
[2024-10-11T04:35:20.513+0800][info] GC(387)   Evacuate Collection Set: 1.7ms
[2024-10-11T04:35:20.513+0800][info] GC(387)   Post Evacuate Collection Set: 0.2ms
[2024-10-11T04:35:20.513+0800][info] GC(387)   Other: 0.1ms
[2024-10-11T04:35:20.513+0800][info] GC(387) Eden regions: 2->0(2)
[2024-10-11T04:35:20.513+0800][info] GC(387) Survivor regions: 1->1(1)
[2024-10-11T04:35:20.513+0800][info] GC(387) Old regions: 48->49
[2024-10-11T04:35:20.513+0800][info] GC(387) Archive regions: 2->2
[2024-10-11T04:35:20.513+0800][info] GC(387) Humongous regions: 3->3
[2024-10-11T04:35:20.513+0800][info] GC(387) Metaspace: 1653K(1856K)->1653K(1856K) NonClass: 1529K(1664K)->1529K(1664K) Class: 124K(192K)->124K(192K)
[2024-10-11T04:35:20.513+0800][info] GC(387) Pause Young (Mixed) (G1 Evacuation Pause) 108M->106M(128M) 2.316ms
[2024-10-11T04:35:20.513+0800][info] GC(387) User=0.01s Sys=0.01s Real=0.00s
[2024-10-11T04:35:20.594+0800][info] GC(388) Pause Young (Concurrent Start) (G1 Humongous Allocation)
[2024-10-11T04:35:20.594+0800][info] GC(388) Using 3 workers of 48 for evacuation
[2024-10-11T04:35:20.596+0800][info] GC(388)   Pre Evacuate Collection Set: 0.1ms
[2024-10-11T04:35:20.596+0800][info] GC(388)   Merge Heap Roots: 0.0ms
[2024-10-11T04:35:20.596+0800][info] GC(388)   Evacuate Collection Set: 0.8ms
[2024-10-11T04:35:20.596+0800][info] GC(388)   Post Evacuate Collection Set: 0.2ms
[2024-10-11T04:35:20.596+0800][info] GC(388)   Other: 0.3ms
[2024-10-11T04:35:20.596+0800][info] GC(388) Eden regions: 2->0(2)
[2024-10-11T04:35:20.596+0800][info] GC(388) Survivor regions: 1->1(1)
[2024-10-11T04:35:20.596+0800][info] GC(388) Old regions: 49->51
[2024-10-11T04:35:20.596+0800][info] GC(388) Archive regions: 2->2
[2024-10-11T04:35:20.596+0800][info] GC(388) Humongous regions: 3->3
[2024-10-11T04:35:20.596+0800][info] GC(388) Metaspace: 1653K(1856K)->1653K(1856K) NonClass: 1529K(1664K)->1529K(1664K) Class: 124K(192K)->124K(192K)
[2024-10-11T04:35:20.596+0800][info] GC(388) Pause Young (Concurrent Start) (G1 Humongous Allocation) 109M->109M(128M) 1.512ms
[2024-10-11T04:35:20.596+0800][info] GC(388) User=0.00s Sys=0.00s Real=0.00s
[2024-10-11T04:35:20.596+0800][info] GC(389) Concurrent Mark Cycle
[2024-10-11T04:35:20.596+0800][info] GC(389) Concurrent Clear Claimed Marks
[2024-10-11T04:35:20.596+0800][info] GC(389) Concurrent Clear Claimed Marks 0.017ms
[2024-10-11T04:35:20.596+0800][info] GC(389) Concurrent Scan Root Regions
[2024-10-11T04:35:20.596+0800][info] GC(389) Concurrent Scan Root Regions 0.098ms
[2024-10-11T04:35:20.596+0800][info] GC(389) Concurrent Mark
[2024-10-11T04:35:20.596+0800][info] GC(389) Concurrent Mark From Roots
[2024-10-11T04:35:20.596+0800][info] GC(389) Using 12 workers of 12 for marking
[2024-10-11T04:35:20.600+0800][info] GC(389) Concurrent Mark From Roots 3.833ms
[2024-10-11T04:35:20.600+0800][info] GC(389) Concurrent Preclean
[2024-10-11T04:35:20.602+0800][info] GC(389) Concurrent Preclean 1.704ms
[2024-10-11T04:35:20.602+0800][info] GC(389) Pause Remark
[2024-10-11T04:35:20.603+0800][info] GC(389) Pause Remark 112M->112M(128M) 1.400ms
[2024-10-11T04:35:20.603+0800][info] GC(389) User=0.01s Sys=0.00s Real=0.00s
[2024-10-11T04:35:20.603+0800][info] GC(389) Concurrent Mark 7.284ms
[2024-10-11T04:35:20.603+0800][info] GC(389) Concurrent Rebuild Remembered Sets
[2024-10-11T04:35:20.605+0800][info] GC(389) Concurrent Rebuild Remembered Sets 1.396ms
[2024-10-11T04:35:20.605+0800][info] GC(389) Pause Cleanup
[2024-10-11T04:35:20.605+0800][info] GC(389) Pause Cleanup 112M->112M(128M) 0.184ms
[2024-10-11T04:35:20.605+0800][info] GC(389) User=0.00s Sys=0.00s Real=0.01s
[2024-10-11T04:35:20.605+0800][info] GC(389) Concurrent Cleanup for Next Mark
[2024-10-11T04:35:20.606+0800][info] GC(389) Concurrent Cleanup for Next Mark 0.368ms
[2024-10-11T04:35:20.606+0800][info] GC(389) Concurrent Mark Cycle 9.636ms
[2024-10-11T04:35:20.770+0800][info] GC(390) Pause Young (Prepare Mixed) (G1 Preventive Collection)
[2024-10-11T04:35:20.770+0800][info] GC(390) Using 3 workers of 48 for evacuation
[2024-10-11T04:35:20.771+0800][info] GC(390)   Pre Evacuate Collection Set: 0.1ms
[2024-10-11T04:35:20.771+0800][info] GC(390)   Merge Heap Roots: 0.0ms
[2024-10-11T04:35:20.771+0800][info] GC(390)   Evacuate Collection Set: 0.8ms
[2024-10-11T04:35:20.771+0800][info] GC(390)   Post Evacuate Collection Set: 0.2ms
[2024-10-11T04:35:20.771+0800][info] GC(390)   Other: 0.2ms
[2024-10-11T04:35:20.771+0800][info] GC(390) Eden regions: 2->0(2)
[2024-10-11T04:35:20.771+0800][info] GC(390) Survivor regions: 1->1(1)
[2024-10-11T04:35:20.771+0800][info] GC(390) Old regions: 51->53
[2024-10-11T04:35:20.771+0800][info] GC(390) Archive regions: 2->2
[2024-10-11T04:35:20.771+0800][info] GC(390) Humongous regions: 4->3
[2024-10-11T04:35:20.771+0800][info] GC(390) Metaspace: 1654K(1856K)->1654K(1856K) NonClass: 1530K(1664K)->1530K(1664K) Class: 124K(192K)->124K(192K)
[2024-10-11T04:35:20.771+0800][info] GC(390) Pause Young (Prepare Mixed) (G1 Preventive Collection) 115M->113M(128M) 1.442ms
[2024-10-11T04:35:20.771+0800][info] GC(390) User=0.00s Sys=0.00s Real=0.00s
[2024-10-11T04:35:20.833+0800][info] GC(391) Pause Young (Mixed) (G1 Preventive Collection)
[2024-10-11T04:35:20.833+0800][info] GC(391) Using 3 workers of 48 for evacuation
[2024-10-11T04:35:20.834+0800][info] GC(391)   Pre Evacuate Collection Set: 0.1ms
[2024-10-11T04:35:20.834+0800][info] GC(391)   Merge Heap Roots: 0.1ms
[2024-10-11T04:35:20.834+0800][info] GC(391)   Evacuate Collection Set: 1.1ms
[2024-10-11T04:35:20.834+0800][info] GC(391)   Post Evacuate Collection Set: 0.2ms
[2024-10-11T04:35:20.834+0800][info] GC(391)   Other: 0.2ms
[2024-10-11T04:35:20.834+0800][info] GC(391) Eden regions: 1->0(2)
[2024-10-11T04:35:20.834+0800][info] GC(391) Survivor regions: 1->1(1)
[2024-10-11T04:35:20.834+0800][info] GC(391) Old regions: 53->49
[2024-10-11T04:35:20.834+0800][info] GC(391) Archive regions: 2->2
[2024-10-11T04:35:20.834+0800][info] GC(391) Humongous regions: 3->3
[2024-10-11T04:35:20.834+0800][info] GC(391) Metaspace: 1654K(1856K)->1654K(1856K) NonClass: 1530K(1664K)->1530K(1664K) Class: 124K(192K)->124K(192K)
[2024-10-11T04:35:20.834+0800][info] GC(391) Pause Young (Mixed) (G1 Preventive Collection) 115M->105M(128M) 1.731ms
[2024-10-11T04:35:20.834+0800][info] GC(391) User=0.00s Sys=0.00s Real=0.01s
[2024-10-11T04:35:20.937+0800][info] GC(392) Pause Young (Mixed) (G1 Evacuation Pause)
[2024-10-11T04:35:20.937+0800][info] GC(392) Using 3 workers of 48 for evacuation
[2024-10-11T04:35:20.939+0800][info] GC(392)   Pre Evacuate Collection Set: 0.3ms
[2024-10-11T04:35:20.939+0800][info] GC(392)   Merge Heap Roots: 0.1ms
[2024-10-11T04:35:20.939+0800][info] GC(392)   Evacuate Collection Set: 1.8ms
[2024-10-11T04:35:20.939+0800][info] GC(392)   Post Evacuate Collection Set: 0.2ms
[2024-10-11T04:35:20.939+0800][info] GC(392)   Other: 0.2ms
[2024-10-11T04:35:20.939+0800][info] GC(392) Eden regions: 2->0(2)
[2024-10-11T04:35:20.939+0800][info] GC(392) Survivor regions: 1->1(1)
[2024-10-11T04:35:20.939+0800][info] GC(392) Old regions: 49->48
[2024-10-11T04:35:20.939+0800][info] GC(392) Archive regions: 2->2
[2024-10-11T04:35:20.939+0800][info] GC(392) Humongous regions: 3->3
[2024-10-11T04:35:20.939+0800][info] GC(392) Metaspace: 1657K(1856K)->1657K(1856K) NonClass: 1533K(1664K)->1533K(1664K) Class: 124K(192K)->124K(192K)
[2024-10-11T04:35:20.939+0800][info] GC(392) Pause Young (Mixed) (G1 Evacuation Pause) 109M->104M(128M) 2.730ms
[2024-10-11T04:35:20.939+0800][info] GC(392) User=0.01s Sys=0.00s Real=0.00s
[2024-10-11T04:35:21.041+0800][info] GC(393) Pause Young (Mixed) (G1 Evacuation Pause)
[2024-10-11T04:35:21.041+0800][info] GC(393) Using 3 workers of 48 for evacuation
[2024-10-11T04:35:21.044+0800][info] GC(393)   Pre Evacuate Collection Set: 0.1ms
[2024-10-11T04:35:21.044+0800][info] GC(393)   Merge Heap Roots: 0.1ms
[2024-10-11T04:35:21.044+0800][info] GC(393)   Evacuate Collection Set: 2.4ms
[2024-10-11T04:35:21.044+0800][info] GC(393)   Post Evacuate Collection Set: 0.2ms
[2024-10-11T04:35:21.044+0800][info] GC(393)   Other: 0.2ms
[2024-10-11T04:35:21.044+0800][info] GC(393) Eden regions: 2->0(2)
[2024-10-11T04:35:21.044+0800][info] GC(393) Survivor regions: 1->1(1)
[2024-10-11T04:35:21.044+0800][info] GC(393) Old regions: 48->46
[2024-10-11T04:35:21.044+0800][info] GC(393) Archive regions: 2->2
[2024-10-11T04:35:21.044+0800][info] GC(393) Humongous regions: 3->3
[2024-10-11T04:35:21.044+0800][info] GC(393) Metaspace: 1657K(1856K)->1657K(1856K) NonClass: 1533K(1664K)->1533K(1664K) Class: 124K(192K)->124K(192K)
[2024-10-11T04:35:21.044+0800][info] GC(393) Pause Young (Mixed) (G1 Evacuation Pause) 107M->101M(128M) 3.094ms
[2024-10-11T04:35:21.044+0800][info] GC(393) User=0.00s Sys=0.00s Real=0.00s
[2024-10-11T04:35:21.147+0800][info] GC(394) Pause Young (Mixed) (G1 Evacuation Pause)
[2024-10-11T04:35:21.147+0800][info] GC(394) Using 3 workers of 48 for evacuation
[2024-10-11T04:35:21.148+0800][info] GC(394)   Pre Evacuate Collection Set: 0.1ms
[2024-10-11T04:35:21.148+0800][info] GC(394)   Merge Heap Roots: 0.1ms
[2024-10-11T04:35:21.148+0800][info] GC(394)   Evacuate Collection Set: 1.3ms
[2024-10-11T04:35:21.148+0800][info] GC(394)   Post Evacuate Collection Set: 0.2ms
[2024-10-11T04:35:21.148+0800][info] GC(394)   Other: 0.1ms
[2024-10-11T04:35:21.148+0800][info] GC(394) Eden regions: 2->0(2)
[2024-10-11T04:35:21.148+0800][info] GC(394) Survivor regions: 1->1(1)
[2024-10-11T04:35:21.149+0800][info] GC(394) Old regions: 46->46
[2024-10-11T04:35:21.149+0800][info] GC(394) Archive regions: 2->2
[2024-10-11T04:35:21.149+0800][info] GC(394) Humongous regions: 3->3
[2024-10-11T04:35:21.149+0800][info] GC(394) Metaspace: 1676K(1856K)->1676K(1856K) NonClass: 1552K(1664K)->1552K(1664K) Class: 124K(192K)->124K(192K)
[2024-10-11T04:35:21.149+0800][info] GC(394) Pause Young (Mixed) (G1 Evacuation Pause) 104M->100M(128M) 1.943ms
[2024-10-11T04:35:21.149+0800][info] GC(394) User=0.01s Sys=0.00s Real=0.00s
[2024-10-11T04:35:21.250+0800][info] GC(395) Pause Young (Normal) (G1 Evacuation Pause)
[2024-10-11T04:35:21.250+0800][info] GC(395) Using 3 workers of 48 for evacuation
[2024-10-11T04:35:21.252+0800][info] GC(395)   Pre Evacuate Collection Set: 0.1ms
[2024-10-11T04:35:21.252+0800][info] GC(395)   Merge Heap Roots: 0.0ms
[2024-10-11T04:35:21.252+0800][info] GC(395)   Evacuate Collection Set: 0.7ms
[2024-10-11T04:35:21.252+0800][info] GC(395)   Post Evacuate Collection Set: 0.2ms
[2024-10-11T04:35:21.252+0800][info] GC(395)   Other: 0.2ms
[2024-10-11T04:35:21.252+0800][info] GC(395) Eden regions: 2->0(2)
[2024-10-11T04:35:21.252+0800][info] GC(395) Survivor regions: 1->1(1)
[2024-10-11T04:35:21.252+0800][info] GC(395) Old regions: 46->48
[2024-10-11T04:35:21.252+0800][info] GC(395) Archive regions: 2->2
[2024-10-11T04:35:21.252+0800][info] GC(395) Humongous regions: 3->3
[2024-10-11T04:35:21.252+0800][info] GC(395) Metaspace: 1676K(1856K)->1676K(1856K) NonClass: 1552K(1664K)->1552K(1664K) Class: 124K(192K)->124K(192K)
[2024-10-11T04:35:21.252+0800][info] GC(395) Pause Young (Normal) (G1 Evacuation Pause) 104M->104M(128M) 1.309ms
[2024-10-11T04:35:21.252+0800][info] GC(395) User=0.00s Sys=0.00s Real=0.00s
[2024-10-11T04:35:21.354+0800][info] GC(396) Pause Young (Normal) (G1 Evacuation Pause)
[2024-10-11T04:35:21.354+0800][info] GC(396) Using 3 workers of 48 for evacuation
[2024-10-11T04:35:21.355+0800][info] GC(396)   Pre Evacuate Collection Set: 0.1ms
[2024-10-11T04:35:21.355+0800][info] GC(396)   Merge Heap Roots: 0.0ms
[2024-10-11T04:35:21.355+0800][info] GC(396)   Evacuate Collection Set: 0.6ms
[2024-10-11T04:35:21.355+0800][info] GC(396)   Post Evacuate Collection Set: 0.2ms
[2024-10-11T04:35:21.355+0800][info] GC(396)   Other: 0.2ms
[2024-10-11T04:35:21.355+0800][info] GC(396) Eden regions: 2->0(2)
[2024-10-11T04:35:21.355+0800][info] GC(396) Survivor regions: 1->1(1)
[2024-10-11T04:35:21.355+0800][info] GC(396) Old regions: 48->50
[2024-10-11T04:35:21.355+0800][info] GC(396) Archive regions: 2->2
[2024-10-11T04:35:21.355+0800][info] GC(396) Humongous regions: 3->3
[2024-10-11T04:35:21.355+0800][info] GC(396) Metaspace: 1676K(1856K)->1676K(1856K) NonClass: 1552K(1664K)->1552K(1664K) Class: 124K(192K)->124K(192K)
[2024-10-11T04:35:21.355+0800][info] GC(396) Pause Young (Normal) (G1 Evacuation Pause) 108M->108M(128M) 1.206ms
[2024-10-11T04:35:21.355+0800][info] GC(396) User=0.00s Sys=0.00s Real=0.00s
[2024-10-11T04:35:21.457+0800][info] GC(397) Pause Young (Concurrent Start) (G1 Evacuation Pause)
[2024-10-11T04:35:21.457+0800][info] GC(397) Using 3 workers of 48 for evacuation
[2024-10-11T04:35:21.458+0800][info] GC(397)   Pre Evacuate Collection Set: 0.1ms
[2024-10-11T04:35:21.458+0800][info] GC(397)   Merge Heap Roots: 0.0ms
[2024-10-11T04:35:21.458+0800][info] GC(397)   Evacuate Collection Set: 0.7ms
[2024-10-11T04:35:21.458+0800][info] GC(397)   Post Evacuate Collection Set: 0.2ms
[2024-10-11T04:35:21.458+0800][info] GC(397)   Other: 0.4ms
[2024-10-11T04:35:21.459+0800][info] GC(397) Eden regions: 2->0(2)
[2024-10-11T04:35:21.459+0800][info] GC(397) Survivor regions: 1->1(1)
[2024-10-11T04:35:21.459+0800][info] GC(397) Old regions: 50->52
[2024-10-11T04:35:21.459+0800][info] GC(397) Archive regions: 2->2
[2024-10-11T04:35:21.459+0800][info] GC(397) Humongous regions: 3->3
[2024-10-11T04:35:21.459+0800][info] GC(397) Metaspace: 1676K(1856K)->1676K(1856K) NonClass: 1552K(1664K)->1552K(1664K) Class: 124K(192K)->124K(192K)
[2024-10-11T04:35:21.459+0800][info] GC(397) Pause Young (Concurrent Start) (G1 Evacuation Pause) 112M->112M(128M) 1.448ms
[2024-10-11T04:35:21.459+0800][info] GC(397) User=0.01s Sys=0.00s Real=0.00s
[2024-10-11T04:35:21.459+0800][info] GC(398) Concurrent Mark Cycle
[2024-10-11T04:35:21.459+0800][info] GC(398) Concurrent Clear Claimed Marks
[2024-10-11T04:35:21.459+0800][info] GC(398) Concurrent Clear Claimed Marks 0.017ms
[2024-10-11T04:35:21.459+0800][info] GC(398) Concurrent Scan Root Regions
[2024-10-11T04:35:21.459+0800][info] GC(398) Concurrent Scan Root Regions 0.106ms
[2024-10-11T04:35:21.459+0800][info] GC(398) Concurrent Mark
[2024-10-11T04:35:21.459+0800][info] GC(398) Concurrent Mark From Roots
[2024-10-11T04:35:21.459+0800][info] GC(398) Using 12 workers of 12 for marking
[2024-10-11T04:35:21.463+0800][info] GC(398) Concurrent Mark From Roots 3.798ms
[2024-10-11T04:35:21.463+0800][info] GC(398) Concurrent Preclean
[2024-10-11T04:35:21.464+0800][info] GC(398) Concurrent Preclean 1.676ms
[2024-10-11T04:35:21.464+0800][info] GC(398) Pause Remark
[2024-10-11T04:35:21.466+0800][info] GC(398) Pause Remark 112M->112M(128M) 1.436ms
[2024-10-11T04:35:21.466+0800][info] GC(398) User=0.00s Sys=0.00s Real=0.01s
[2024-10-11T04:35:21.466+0800][info] GC(398) Concurrent Mark 7.172ms
[2024-10-11T04:35:21.466+0800][info] GC(398) Concurrent Rebuild Remembered Sets
[2024-10-11T04:35:21.467+0800][info] GC(398) Concurrent Rebuild Remembered Sets 1.367ms
[2024-10-11T04:35:21.468+0800][info] GC(398) Pause Cleanup
[2024-10-11T04:35:21.468+0800][info] GC(398) Pause Cleanup 112M->112M(128M) 0.203ms
[2024-10-11T04:35:21.468+0800][info] GC(398) User=0.00s Sys=0.00s Real=0.00s
[2024-10-11T04:35:21.468+0800][info] GC(398) Concurrent Cleanup for Next Mark
[2024-10-11T04:35:21.468+0800][info] GC(398) Concurrent Cleanup for Next Mark 0.435ms
[2024-10-11T04:35:21.468+0800][info] GC(398) Concurrent Mark Cycle 9.662ms
[2024-10-11T04:35:21.612+0800][info] GC(399) Pause Young (Prepare Mixed) (G1 Preventive Collection)
[2024-10-11T04:35:21.612+0800][info] GC(399) Using 3 workers of 48 for evacuation
[2024-10-11T04:35:21.613+0800][info] GC(399)   Pre Evacuate Collection Set: 0.1ms
[2024-10-11T04:35:21.613+0800][info] GC(399)   Merge Heap Roots: 0.1ms
[2024-10-11T04:35:21.613+0800][info] GC(399)   Evacuate Collection Set: 0.7ms
[2024-10-11T04:35:21.613+0800][info] GC(399)   Post Evacuate Collection Set: 0.2ms
[2024-10-11T04:35:21.613+0800][info] GC(399)   Other: 0.2ms
[2024-10-11T04:35:21.613+0800][info] GC(399) Eden regions: 2->0(2)
[2024-10-11T04:35:21.613+0800][info] GC(399) Survivor regions: 1->1(1)
[2024-10-11T04:35:21.613+0800][info] GC(399) Old regions: 52->53
[2024-10-11T04:35:21.613+0800][info] GC(399) Archive regions: 2->2
[2024-10-11T04:35:21.613+0800][info] GC(399) Humongous regions: 3->3
[2024-10-11T04:35:21.613+0800][info] GC(399) Metaspace: 1676K(1856K)->1676K(1856K) NonClass: 1552K(1664K)->1552K(1664K) Class: 124K(192K)->124K(192K)
[2024-10-11T04:35:21.613+0800][info] GC(399) Pause Young (Prepare Mixed) (G1 Preventive Collection) 115M->115M(128M) 1.345ms
[2024-10-11T04:35:21.613+0800][info] GC(399) User=0.00s Sys=0.00s Real=0.00s
[2024-10-11T04:35:21.674+0800][info] GC(400) Pause Young (Mixed) (G1 Preventive Collection)
[2024-10-11T04:35:21.674+0800][info] GC(400) Using 3 workers of 48 for evacuation
[2024-10-11T04:35:21.676+0800][info] GC(400)   Pre Evacuate Collection Set: 0.1ms
[2024-10-11T04:35:21.676+0800][info] GC(400)   Merge Heap Roots: 0.1ms
[2024-10-11T04:35:21.676+0800][info] GC(400)   Evacuate Collection Set: 1.0ms
[2024-10-11T04:35:21.676+0800][info] GC(400)   Post Evacuate Collection Set: 0.2ms
[2024-10-11T04:35:21.676+0800][info] GC(400)   Other: 0.2ms
[2024-10-11T04:35:21.676+0800][info] GC(400) Eden regions: 1->0(2)
[2024-10-11T04:35:21.676+0800][info] GC(400) Survivor regions: 1->1(1)
[2024-10-11T04:35:21.676+0800][info] GC(400) Old regions: 53->49
[2024-10-11T04:35:21.676+0800][info] GC(400) Archive regions: 2->2
[2024-10-11T04:35:21.676+0800][info] GC(400) Humongous regions: 3->3
[2024-10-11T04:35:21.676+0800][info] GC(400) Metaspace: 1676K(1856K)->1676K(1856K) NonClass: 1552K(1664K)->1552K(1664K) Class: 124K(192K)->124K(192K)
[2024-10-11T04:35:21.676+0800][info] GC(400) Pause Young (Mixed) (G1 Preventive Collection) 117M->106M(128M) 1.652ms
[2024-10-11T04:35:21.676+0800][info] GC(400) User=0.01s Sys=0.00s Real=0.00s
[2024-10-11T04:35:21.779+0800][info] GC(401) Pause Young (Mixed) (G1 Evacuation Pause)
[2024-10-11T04:35:21.779+0800][info] GC(401) Using 3 workers of 48 for evacuation
[2024-10-11T04:35:21.781+0800][info] GC(401)   Pre Evacuate Collection Set: 0.1ms
[2024-10-11T04:35:21.781+0800][info] GC(401)   Merge Heap Roots: 0.1ms
[2024-10-11T04:35:21.781+0800][info] GC(401)   Evacuate Collection Set: 1.7ms
[2024-10-11T04:35:21.781+0800][info] GC(401)   Post Evacuate Collection Set: 0.2ms
[2024-10-11T04:35:21.781+0800][info] GC(401)   Other: 0.1ms
[2024-10-11T04:35:21.781+0800][info] GC(401) Eden regions: 2->0(2)
[2024-10-11T04:35:21.781+0800][info] GC(401) Survivor regions: 1->1(1)
[2024-10-11T04:35:21.781+0800][info] GC(401) Old regions: 49->48
[2024-10-11T04:35:21.781+0800][info] GC(401) Archive regions: 2->2
[2024-10-11T04:35:21.781+0800][info] GC(401) Humongous regions: 3->3
[2024-10-11T04:35:21.781+0800][info] GC(401) Metaspace: 1676K(1856K)->1676K(1856K) NonClass: 1552K(1664K)->1552K(1664K) Class: 124K(192K)->124K(192K)
[2024-10-11T04:35:21.781+0800][info] GC(401) Pause Young (Mixed) (G1 Evacuation Pause) 110M->104M(128M) 2.361ms
[2024-10-11T04:35:21.781+0800][info] GC(401) User=0.00s Sys=0.00s Real=0.00s
[2024-10-11T04:35:21.883+0800][info] GC(402) Pause Young (Mixed) (G1 Evacuation Pause)
[2024-10-11T04:35:21.883+0800][info] GC(402) Using 3 workers of 48 for evacuation
[2024-10-11T04:35:21.886+0800][info] GC(402)   Pre Evacuate Collection Set: 0.1ms
[2024-10-11T04:35:21.886+0800][info] GC(402)   Merge Heap Roots: 0.1ms
[2024-10-11T04:35:21.886+0800][info] GC(402)   Evacuate Collection Set: 2.2ms
[2024-10-11T04:35:21.886+0800][info] GC(402)   Post Evacuate Collection Set: 0.2ms
[2024-10-11T04:35:21.886+0800][info] GC(402)   Other: 0.1ms
[2024-10-11T04:35:21.886+0800][info] GC(402) Eden regions: 2->0(2)
[2024-10-11T04:35:21.886+0800][info] GC(402) Survivor regions: 1->1(1)
[2024-10-11T04:35:21.886+0800][info] GC(402) Old regions: 48->47
[2024-10-11T04:35:21.886+0800][info] GC(402) Archive regions: 2->2
[2024-10-11T04:35:21.886+0800][info] GC(402) Humongous regions: 3->3
[2024-10-11T04:35:21.886+0800][info] GC(402) Metaspace: 1676K(1856K)->1676K(1856K) NonClass: 1552K(1664K)->1552K(1664K) Class: 124K(192K)->124K(192K)
[2024-10-11T04:35:21.886+0800][info] GC(402) Pause Young (Mixed) (G1 Evacuation Pause) 107M->103M(128M) 2.837ms
[2024-10-11T04:35:21.886+0800][info] GC(402) User=0.00s Sys=0.00s Real=0.01s
[2024-10-11T04:35:21.988+0800][info] GC(403) Pause Young (Mixed) (G1 Evacuation Pause)
[2024-10-11T04:35:21.988+0800][info] GC(403) Using 3 workers of 48 for evacuation
[2024-10-11T04:35:21.991+0800][info] GC(403)   Pre Evacuate Collection Set: 0.1ms
[2024-10-11T04:35:21.991+0800][info] GC(403)   Merge Heap Roots: 0.1ms
[2024-10-11T04:35:21.991+0800][info] GC(403)   Evacuate Collection Set: 2.2ms
[2024-10-11T04:35:21.991+0800][info] GC(403)   Post Evacuate Collection Set: 0.2ms
[2024-10-11T04:35:21.991+0800][info] GC(403)   Other: 0.1ms
[2024-10-11T04:35:21.991+0800][info] GC(403) Eden regions: 2->0(2)
[2024-10-11T04:35:21.991+0800][info] GC(403) Survivor regions: 1->1(1)
[2024-10-11T04:35:21.991+0800][info] GC(403) Old regions: 47->45
[2024-10-11T04:35:21.991+0800][info] GC(403) Archive regions: 2->2
[2024-10-11T04:35:21.991+0800][info] GC(403) Humongous regions: 3->3
[2024-10-11T04:35:21.991+0800][info] GC(403) Metaspace: 1676K(1856K)->1676K(1856K) NonClass: 1552K(1664K)->1552K(1664K) Class: 124K(192K)->124K(192K)
[2024-10-11T04:35:21.991+0800][info] GC(403) Pause Young (Mixed) (G1 Evacuation Pause) 106M->99M(128M) 2.870ms
[2024-10-11T04:35:21.991+0800][info] GC(403) User=0.01s Sys=0.00s Real=0.00s
[2024-10-11T04:35:22.093+0800][info] GC(404) Pause Young (Mixed) (G1 Evacuation Pause)
[2024-10-11T04:35:22.093+0800][info] GC(404) Using 3 workers of 48 for evacuation
[2024-10-11T04:35:22.095+0800][info] GC(404)   Pre Evacuate Collection Set: 0.1ms
[2024-10-11T04:35:22.095+0800][info] GC(404)   Merge Heap Roots: 0.1ms
[2024-10-11T04:35:22.095+0800][info] GC(404)   Evacuate Collection Set: 1.4ms
[2024-10-11T04:35:22.095+0800][info] GC(404)   Post Evacuate Collection Set: 0.2ms
[2024-10-11T04:35:22.095+0800][info] GC(404)   Other: 0.1ms
[2024-10-11T04:35:22.095+0800][info] GC(404) Eden regions: 2->0(2)
[2024-10-11T04:35:22.095+0800][info] GC(404) Survivor regions: 1->1(1)
[2024-10-11T04:35:22.095+0800][info] GC(404) Old regions: 45->46
[2024-10-11T04:35:22.095+0800][info] GC(404) Archive regions: 2->2
[2024-10-11T04:35:22.095+0800][info] GC(404) Humongous regions: 3->3
[2024-10-11T04:35:22.095+0800][info] GC(404) Metaspace: 1676K(1856K)->1676K(1856K) NonClass: 1552K(1664K)->1552K(1664K) Class: 124K(192K)->124K(192K)
[2024-10-11T04:35:22.095+0800][info] GC(404) Pause Young (Mixed) (G1 Evacuation Pause) 103M->101M(128M) 1.986ms
[2024-10-11T04:35:22.095+0800][info] GC(404) User=0.01s Sys=0.00s Real=0.01s
[2024-10-11T04:35:22.197+0800][info] GC(405) Pause Young (Normal) (G1 Evacuation Pause)
[2024-10-11T04:35:22.197+0800][info] GC(405) Using 3 workers of 48 for evacuation
[2024-10-11T04:35:22.198+0800][info] GC(405)   Pre Evacuate Collection Set: 0.1ms
[2024-10-11T04:35:22.198+0800][info] GC(405)   Merge Heap Roots: 0.0ms
[2024-10-11T04:35:22.198+0800][info] GC(405)   Evacuate Collection Set: 0.8ms
[2024-10-11T04:35:22.198+0800][info] GC(405)   Post Evacuate Collection Set: 0.2ms
[2024-10-11T04:35:22.198+0800][info] GC(405)   Other: 0.2ms
[2024-10-11T04:35:22.198+0800][info] GC(405) Eden regions: 2->0(2)
[2024-10-11T04:35:22.198+0800][info] GC(405) Survivor regions: 1->1(1)
[2024-10-11T04:35:22.198+0800][info] GC(405) Old regions: 46->48
[2024-10-11T04:35:22.198+0800][info] GC(405) Archive regions: 2->2
[2024-10-11T04:35:22.198+0800][info] GC(405) Humongous regions: 3->3
[2024-10-11T04:35:22.198+0800][info] GC(405) Metaspace: 1676K(1856K)->1676K(1856K) NonClass: 1552K(1664K)->1552K(1664K) Class: 124K(192K)->124K(192K)
[2024-10-11T04:35:22.198+0800][info] GC(405) Pause Young (Normal) (G1 Evacuation Pause) 105M->105M(128M) 1.434ms
[2024-10-11T04:35:22.198+0800][info] GC(405) User=0.00s Sys=0.00s Real=0.00s
[2024-10-11T04:35:22.300+0800][info] GC(406) Pause Young (Normal) (G1 Evacuation Pause)
[2024-10-11T04:35:22.300+0800][info] GC(406) Using 3 workers of 48 for evacuation
[2024-10-11T04:35:22.301+0800][info] GC(406)   Pre Evacuate Collection Set: 0.1ms
[2024-10-11T04:35:22.301+0800][info] GC(406)   Merge Heap Roots: 0.0ms
[2024-10-11T04:35:22.301+0800][info] GC(406)   Evacuate Collection Set: 0.7ms
[2024-10-11T04:35:22.301+0800][info] GC(406)   Post Evacuate Collection Set: 0.2ms
[2024-10-11T04:35:22.301+0800][info] GC(406)   Other: 0.2ms
[2024-10-11T04:35:22.301+0800][info] GC(406) Eden regions: 2->0(2)
[2024-10-11T04:35:22.301+0800][info] GC(406) Survivor regions: 1->1(1)
[2024-10-11T04:35:22.301+0800][info] GC(406) Old regions: 48->50
[2024-10-11T04:35:22.301+0800][info] GC(406) Archive regions: 2->2
[2024-10-11T04:35:22.301+0800][info] GC(406) Humongous regions: 3->3
[2024-10-11T04:35:22.301+0800][info] GC(406) Metaspace: 1676K(1856K)->1676K(1856K) NonClass: 1552K(1664K)->1552K(1664K) Class: 124K(192K)->124K(192K)
[2024-10-11T04:35:22.302+0800][info] GC(406) Pause Young (Normal) (G1 Evacuation Pause) 109M->109M(128M) 1.276ms
[2024-10-11T04:35:22.302+0800][info] GC(406) User=0.00s Sys=0.00s Real=0.00s
[2024-10-11T04:35:22.404+0800][info] GC(407) Pause Young (Concurrent Start) (G1 Evacuation Pause)
[2024-10-11T04:35:22.404+0800][info] GC(407) Using 3 workers of 48 for evacuation
[2024-10-11T04:35:22.405+0800][info] GC(407)   Pre Evacuate Collection Set: 0.1ms
[2024-10-11T04:35:22.405+0800][info] GC(407)   Merge Heap Roots: 0.0ms
[2024-10-11T04:35:22.405+0800][info] GC(407)   Evacuate Collection Set: 0.7ms
[2024-10-11T04:35:22.405+0800][info] GC(407)   Post Evacuate Collection Set: 0.2ms
[2024-10-11T04:35:22.405+0800][info] GC(407)   Other: 0.4ms
[2024-10-11T04:35:22.405+0800][info] GC(407) Eden regions: 2->0(2)
[2024-10-11T04:35:22.405+0800][info] GC(407) Survivor regions: 1->1(1)
[2024-10-11T04:35:22.405+0800][info] GC(407) Old regions: 50->52
[2024-10-11T04:35:22.405+0800][info] GC(407) Archive regions: 2->2
[2024-10-11T04:35:22.405+0800][info] GC(407) Humongous regions: 3->3
[2024-10-11T04:35:22.405+0800][info] GC(407) Metaspace: 1676K(1856K)->1676K(1856K) NonClass: 1552K(1664K)->1552K(1664K) Class: 124K(192K)->124K(192K)
[2024-10-11T04:35:22.405+0800][info] GC(407) Pause Young (Concurrent Start) (G1 Evacuation Pause) 112M->112M(128M) 1.557ms
[2024-10-11T04:35:22.405+0800][info] GC(407) User=0.00s Sys=0.00s Real=0.01s
[2024-10-11T04:35:22.405+0800][info] GC(408) Concurrent Mark Cycle
[2024-10-11T04:35:22.405+0800][info] GC(408) Concurrent Clear Claimed Marks
[2024-10-11T04:35:22.405+0800][info] GC(408) Concurrent Clear Claimed Marks 0.017ms
[2024-10-11T04:35:22.405+0800][info] GC(408) Concurrent Scan Root Regions
[2024-10-11T04:35:22.406+0800][info] GC(408) Concurrent Scan Root Regions 0.151ms
[2024-10-11T04:35:22.406+0800][info] GC(408) Concurrent Mark
[2024-10-11T04:35:22.406+0800][info] GC(408) Concurrent Mark From Roots
[2024-10-11T04:35:22.406+0800][info] GC(408) Using 12 workers of 12 for marking
[2024-10-11T04:35:22.409+0800][info] GC(408) Concurrent Mark From Roots 3.812ms
[2024-10-11T04:35:22.409+0800][info] GC(408) Concurrent Preclean
[2024-10-11T04:35:22.411+0800][info] GC(408) Concurrent Preclean 1.675ms
[2024-10-11T04:35:22.411+0800][info] GC(408) Pause Remark
[2024-10-11T04:35:22.413+0800][info] GC(408) Pause Remark 113M->113M(128M) 1.467ms
[2024-10-11T04:35:22.413+0800][info] GC(408) User=0.00s Sys=0.00s Real=0.00s
[2024-10-11T04:35:22.413+0800][info] GC(408) Concurrent Mark 7.229ms
[2024-10-11T04:35:22.413+0800][info] GC(408) Concurrent Rebuild Remembered Sets
[2024-10-11T04:35:22.414+0800][info] GC(408) Concurrent Rebuild Remembered Sets 1.321ms
[2024-10-11T04:35:22.414+0800][info] GC(408) Pause Cleanup
[2024-10-11T04:35:22.415+0800][info] GC(408) Pause Cleanup 113M->113M(128M) 0.266ms
[2024-10-11T04:35:22.415+0800][info] GC(408) User=0.00s Sys=0.00s Real=0.00s
[2024-10-11T04:35:22.415+0800][info] GC(408) Concurrent Cleanup for Next Mark
[2024-10-11T04:35:22.415+0800][info] GC(408) Concurrent Cleanup for Next Mark 0.362ms
[2024-10-11T04:35:22.415+0800][info] GC(408) Concurrent Mark Cycle 9.724ms
[2024-10-11T04:35:22.558+0800][info] GC(409) Pause Young (Prepare Mixed) (G1 Preventive Collection)
[2024-10-11T04:35:22.558+0800][info] GC(409) Using 3 workers of 48 for evacuation
[2024-10-11T04:35:22.559+0800][info] GC(409)   Pre Evacuate Collection Set: 0.1ms
[2024-10-11T04:35:22.559+0800][info] GC(409)   Merge Heap Roots: 0.1ms
[2024-10-11T04:35:22.559+0800][info] GC(409)   Evacuate Collection Set: 0.8ms
[2024-10-11T04:35:22.559+0800][info] GC(409)   Post Evacuate Collection Set: 0.2ms
[2024-10-11T04:35:22.559+0800][info] GC(409)   Other: 0.2ms
[2024-10-11T04:35:22.559+0800][info] GC(409) Eden regions: 2->0(2)
[2024-10-11T04:35:22.559+0800][info] GC(409) Survivor regions: 1->1(1)
[2024-10-11T04:35:22.559+0800][info] GC(409) Old regions: 52->54
[2024-10-11T04:35:22.559+0800][info] GC(409) Archive regions: 2->2
[2024-10-11T04:35:22.559+0800][info] GC(409) Humongous regions: 3->3
[2024-10-11T04:35:22.559+0800][info] GC(409) Metaspace: 1676K(1856K)->1676K(1856K) NonClass: 1552K(1664K)->1552K(1664K) Class: 124K(192K)->124K(192K)
[2024-10-11T04:35:22.559+0800][info] GC(409) Pause Young (Prepare Mixed) (G1 Preventive Collection) 116M->116M(128M) 1.412ms
[2024-10-11T04:35:22.559+0800][info] GC(409) User=0.01s Sys=0.00s Real=0.00s
[2024-10-11T04:35:22.621+0800][info] GC(410) Pause Young (Mixed) (G1 Preventive Collection)
[2024-10-11T04:35:22.621+0800][info] GC(410) Using 3 workers of 48 for evacuation
[2024-10-11T04:35:22.622+0800][info] GC(410)   Pre Evacuate Collection Set: 0.1ms
[2024-10-11T04:35:22.622+0800][info] GC(410)   Merge Heap Roots: 0.1ms
[2024-10-11T04:35:22.622+0800][info] GC(410)   Evacuate Collection Set: 1.0ms
[2024-10-11T04:35:22.622+0800][info] GC(410)   Post Evacuate Collection Set: 0.2ms
[2024-10-11T04:35:22.622+0800][info] GC(410)   Other: 0.2ms
[2024-10-11T04:35:22.622+0800][info] GC(410) Eden regions: 1->0(2)
[2024-10-11T04:35:22.622+0800][info] GC(410) Survivor regions: 1->1(1)
[2024-10-11T04:35:22.622+0800][info] GC(410) Old regions: 54->49
[2024-10-11T04:35:22.622+0800][info] GC(410) Archive regions: 2->2
[2024-10-11T04:35:22.622+0800][info] GC(410) Humongous regions: 3->3
[2024-10-11T04:35:22.622+0800][info] GC(410) Metaspace: 1676K(1856K)->1676K(1856K) NonClass: 1552K(1664K)->1552K(1664K) Class: 124K(192K)->124K(192K)
[2024-10-11T04:35:22.622+0800][info] GC(410) Pause Young (Mixed) (G1 Preventive Collection) 118M->107M(128M) 1.710ms
[2024-10-11T04:35:22.622+0800][info] GC(410) User=0.00s Sys=0.00s Real=0.00s
[2024-10-11T04:35:22.725+0800][info] GC(411) Pause Young (Mixed) (G1 Evacuation Pause)
[2024-10-11T04:35:22.725+0800][info] GC(411) Using 3 workers of 48 for evacuation
[2024-10-11T04:35:22.727+0800][info] GC(411)   Pre Evacuate Collection Set: 0.1ms
[2024-10-11T04:35:22.727+0800][info] GC(411)   Merge Heap Roots: 0.1ms
[2024-10-11T04:35:22.727+0800][info] GC(411)   Evacuate Collection Set: 1.8ms
[2024-10-11T04:35:22.727+0800][info] GC(411)   Post Evacuate Collection Set: 0.2ms
[2024-10-11T04:35:22.727+0800][info] GC(411)   Other: 0.2ms
[2024-10-11T04:35:22.727+0800][info] GC(411) Eden regions: 2->0(2)
[2024-10-11T04:35:22.727+0800][info] GC(411) Survivor regions: 1->1(1)
[2024-10-11T04:35:22.727+0800][info] GC(411) Old regions: 49->48
[2024-10-11T04:35:22.727+0800][info] GC(411) Archive regions: 2->2
[2024-10-11T04:35:22.727+0800][info] GC(411) Humongous regions: 3->3
[2024-10-11T04:35:22.727+0800][info] GC(411) Metaspace: 1676K(1856K)->1676K(1856K) NonClass: 1552K(1664K)->1552K(1664K) Class: 124K(192K)->124K(192K)
[2024-10-11T04:35:22.727+0800][info] GC(411) Pause Young (Mixed) (G1 Evacuation Pause) 111M->104M(128M) 2.509ms
[2024-10-11T04:35:22.727+0800][info] GC(411) User=0.01s Sys=0.00s Real=0.01s
[2024-10-11T04:35:22.829+0800][info] GC(412) Pause Young (Mixed) (G1 Evacuation Pause)
[2024-10-11T04:35:22.829+0800][info] GC(412) Using 3 workers of 48 for evacuation
[2024-10-11T04:35:22.832+0800][info] GC(412)   Pre Evacuate Collection Set: 0.2ms
[2024-10-11T04:35:22.832+0800][info] GC(412)   Merge Heap Roots: 0.1ms
[2024-10-11T04:35:22.832+0800][info] GC(412)   Evacuate Collection Set: 2.1ms
[2024-10-11T04:35:22.832+0800][info] GC(412)   Post Evacuate Collection Set: 0.2ms
[2024-10-11T04:35:22.832+0800][info] GC(412)   Other: 0.2ms
[2024-10-11T04:35:22.832+0800][info] GC(412) Eden regions: 2->0(2)
[2024-10-11T04:35:22.832+0800][info] GC(412) Survivor regions: 1->1(1)
[2024-10-11T04:35:22.832+0800][info] GC(412) Old regions: 48->47
[2024-10-11T04:35:22.832+0800][info] GC(412) Archive regions: 2->2
[2024-10-11T04:35:22.832+0800][info] GC(412) Humongous regions: 3->3
[2024-10-11T04:35:22.832+0800][info] GC(412) Metaspace: 1676K(1856K)->1676K(1856K) NonClass: 1552K(1664K)->1552K(1664K) Class: 124K(192K)->124K(192K)
[2024-10-11T04:35:22.832+0800][info] GC(412) Pause Young (Mixed) (G1 Evacuation Pause) 108M->103M(128M) 2.798ms
[2024-10-11T04:35:22.832+0800][info] GC(412) User=0.01s Sys=0.00s Real=0.00s
[2024-10-11T04:35:22.935+0800][info] GC(413) Pause Young (Mixed) (G1 Evacuation Pause)
[2024-10-11T04:35:22.935+0800][info] GC(413) Using 3 workers of 48 for evacuation
[2024-10-11T04:35:22.937+0800][info] GC(413)   Pre Evacuate Collection Set: 0.1ms
[2024-10-11T04:35:22.937+0800][info] GC(413)   Merge Heap Roots: 0.1ms
[2024-10-11T04:35:22.937+0800][info] GC(413)   Evacuate Collection Set: 2.0ms
[2024-10-11T04:35:22.937+0800][info] GC(413)   Post Evacuate Collection Set: 0.2ms
[2024-10-11T04:35:22.937+0800][info] GC(413)   Other: 0.2ms
[2024-10-11T04:35:22.937+0800][info] GC(413) Eden regions: 2->0(2)
[2024-10-11T04:35:22.937+0800][info] GC(413) Survivor regions: 1->1(1)
[2024-10-11T04:35:22.937+0800][info] GC(413) Old regions: 47->47
[2024-10-11T04:35:22.937+0800][info] GC(413) Archive regions: 2->2
[2024-10-11T04:35:22.937+0800][info] GC(413) Humongous regions: 4->3
[2024-10-11T04:35:22.937+0800][info] GC(413) Metaspace: 1676K(1856K)->1676K(1856K) NonClass: 1552K(1664K)->1552K(1664K) Class: 124K(192K)->124K(192K)
[2024-10-11T04:35:22.937+0800][info] GC(413) Pause Young (Mixed) (G1 Evacuation Pause) 109M->103M(128M) 2.669ms
[2024-10-11T04:35:22.937+0800][info] GC(413) User=0.01s Sys=0.00s Real=0.00s
[2024-10-11T04:35:23.039+0800][info] GC(414) Pause Young (Mixed) (G1 Evacuation Pause)
[2024-10-11T04:35:23.039+0800][info] GC(414) Using 3 workers of 48 for evacuation
[2024-10-11T04:35:23.042+0800][info] GC(414)   Pre Evacuate Collection Set: 0.1ms
[2024-10-11T04:35:23.042+0800][info] GC(414)   Merge Heap Roots: 0.1ms
[2024-10-11T04:35:23.042+0800][info] GC(414)   Evacuate Collection Set: 2.0ms
[2024-10-11T04:35:23.042+0800][info] GC(414)   Post Evacuate Collection Set: 0.2ms
[2024-10-11T04:35:23.042+0800][info] GC(414)   Other: 0.1ms
[2024-10-11T04:35:23.042+0800][info] GC(414) Eden regions: 2->0(2)
[2024-10-11T04:35:23.042+0800][info] GC(414) Survivor regions: 1->1(1)
[2024-10-11T04:35:23.042+0800][info] GC(414) Old regions: 47->48
[2024-10-11T04:35:23.042+0800][info] GC(414) Archive regions: 2->2
[2024-10-11T04:35:23.042+0800][info] GC(414) Humongous regions: 3->3
[2024-10-11T04:35:23.042+0800][info] GC(414) Metaspace: 1676K(1856K)->1676K(1856K) NonClass: 1552K(1664K)->1552K(1664K) Class: 124K(192K)->124K(192K)
[2024-10-11T04:35:23.042+0800][info] GC(414) Pause Young (Mixed) (G1 Evacuation Pause) 107M->104M(128M) 2.656ms
[2024-10-11T04:35:23.042+0800][info] GC(414) User=0.01s Sys=0.00s Real=0.00s
[2024-10-11T04:35:23.144+0800][info] GC(415) Pause Young (Normal) (G1 Evacuation Pause)
[2024-10-11T04:35:23.144+0800][info] GC(415) Using 3 workers of 48 for evacuation
[2024-10-11T04:35:23.145+0800][info] GC(415)   Pre Evacuate Collection Set: 0.1ms
[2024-10-11T04:35:23.145+0800][info] GC(415)   Merge Heap Roots: 0.0ms
[2024-10-11T04:35:23.145+0800][info] GC(415)   Evacuate Collection Set: 0.8ms
[2024-10-11T04:35:23.145+0800][info] GC(415)   Post Evacuate Collection Set: 0.2ms
[2024-10-11T04:35:23.145+0800][info] GC(415)   Other: 0.2ms
[2024-10-11T04:35:23.145+0800][info] GC(415) Eden regions: 2->0(2)
[2024-10-11T04:35:23.145+0800][info] GC(415) Survivor regions: 1->1(1)
[2024-10-11T04:35:23.145+0800][info] GC(415) Old regions: 48->50
[2024-10-11T04:35:23.145+0800][info] GC(415) Archive regions: 2->2
[2024-10-11T04:35:23.145+0800][info] GC(415) Humongous regions: 3->3
[2024-10-11T04:35:23.145+0800][info] GC(415) Metaspace: 1676K(1856K)->1676K(1856K) NonClass: 1552K(1664K)->1552K(1664K) Class: 124K(192K)->124K(192K)
[2024-10-11T04:35:23.145+0800][info] GC(415) Pause Young (Normal) (G1 Evacuation Pause) 108M->108M(128M) 1.454ms
[2024-10-11T04:35:23.145+0800][info] GC(415) User=0.00s Sys=0.00s Real=0.01s
[2024-10-11T04:35:23.247+0800][info] GC(416) Pause Young (Concurrent Start) (G1 Evacuation Pause)
[2024-10-11T04:35:23.247+0800][info] GC(416) Using 3 workers of 48 for evacuation
[2024-10-11T04:35:23.249+0800][info] GC(416)   Pre Evacuate Collection Set: 0.1ms
[2024-10-11T04:35:23.249+0800][info] GC(416)   Merge Heap Roots: 0.0ms
[2024-10-11T04:35:23.249+0800][info] GC(416)   Evacuate Collection Set: 0.7ms
[2024-10-11T04:35:23.249+0800][info] GC(416)   Post Evacuate Collection Set: 0.2ms
[2024-10-11T04:35:23.249+0800][info] GC(416)   Other: 0.3ms
[2024-10-11T04:35:23.249+0800][info] GC(416) Eden regions: 2->0(2)
[2024-10-11T04:35:23.249+0800][info] GC(416) Survivor regions: 1->1(1)
[2024-10-11T04:35:23.249+0800][info] GC(416) Old regions: 50->52
[2024-10-11T04:35:23.249+0800][info] GC(416) Archive regions: 2->2
[2024-10-11T04:35:23.249+0800][info] GC(416) Humongous regions: 3->3
[2024-10-11T04:35:23.249+0800][info] GC(416) Metaspace: 1676K(1856K)->1676K(1856K) NonClass: 1552K(1664K)->1552K(1664K) Class: 124K(192K)->124K(192K)
[2024-10-11T04:35:23.249+0800][info] GC(416) Pause Young (Concurrent Start) (G1 Evacuation Pause) 112M->112M(128M) 1.406ms
[2024-10-11T04:35:23.249+0800][info] GC(416) User=0.00s Sys=0.00s Real=0.00s
[2024-10-11T04:35:23.249+0800][info] GC(417) Concurrent Mark Cycle
[2024-10-11T04:35:23.249+0800][info] GC(417) Concurrent Clear Claimed Marks
[2024-10-11T04:35:23.249+0800][info] GC(417) Concurrent Clear Claimed Marks 0.017ms
[2024-10-11T04:35:23.249+0800][info] GC(417) Concurrent Scan Root Regions
[2024-10-11T04:35:23.249+0800][info] GC(417) Concurrent Scan Root Regions 0.089ms
[2024-10-11T04:35:23.249+0800][info] GC(417) Concurrent Mark
[2024-10-11T04:35:23.249+0800][info] GC(417) Concurrent Mark From Roots
[2024-10-11T04:35:23.249+0800][info] GC(417) Using 12 workers of 12 for marking
[2024-10-11T04:35:23.253+0800][info] GC(417) Concurrent Mark From Roots 3.666ms
[2024-10-11T04:35:23.253+0800][info] GC(417) Concurrent Preclean
[2024-10-11T04:35:23.254+0800][info] GC(417) Concurrent Preclean 1.696ms
[2024-10-11T04:35:23.254+0800][info] GC(417) Pause Remark
[2024-10-11T04:35:23.256+0800][info] GC(417) Pause Remark 112M->112M(128M) 1.469ms
[2024-10-11T04:35:23.256+0800][info] GC(417) User=0.00s Sys=0.00s Real=0.00s
[2024-10-11T04:35:23.256+0800][info] GC(417) Concurrent Mark 7.089ms
[2024-10-11T04:35:23.256+0800][info] GC(417) Concurrent Rebuild Remembered Sets
[2024-10-11T04:35:23.258+0800][info] GC(417) Concurrent Rebuild Remembered Sets 1.427ms
[2024-10-11T04:35:23.258+0800][info] GC(417) Pause Cleanup
[2024-10-11T04:35:23.258+0800][info] GC(417) Pause Cleanup 112M->112M(128M) 0.246ms
[2024-10-11T04:35:23.258+0800][info] GC(417) User=0.00s Sys=0.00s Real=0.00s
[2024-10-11T04:35:23.258+0800][info] GC(417) Concurrent Cleanup for Next Mark
[2024-10-11T04:35:23.258+0800][info] GC(417) Concurrent Cleanup for Next Mark 0.417ms
[2024-10-11T04:35:23.258+0800][info] GC(417) Concurrent Mark Cycle 9.649ms
[2024-10-11T04:35:23.402+0800][info] GC(418) Pause Young (Prepare Mixed) (G1 Preventive Collection)
[2024-10-11T04:35:23.402+0800][info] GC(418) Using 3 workers of 48 for evacuation
[2024-10-11T04:35:23.403+0800][info] GC(418)   Pre Evacuate Collection Set: 0.1ms
[2024-10-11T04:35:23.403+0800][info] GC(418)   Merge Heap Roots: 0.1ms
[2024-10-11T04:35:23.403+0800][info] GC(418)   Evacuate Collection Set: 0.8ms
[2024-10-11T04:35:23.403+0800][info] GC(418)   Post Evacuate Collection Set: 0.2ms
[2024-10-11T04:35:23.403+0800][info] GC(418)   Other: 0.2ms
[2024-10-11T04:35:23.403+0800][info] GC(418) Eden regions: 2->0(2)
[2024-10-11T04:35:23.403+0800][info] GC(418) Survivor regions: 1->1(1)
[2024-10-11T04:35:23.403+0800][info] GC(418) Old regions: 52->54
[2024-10-11T04:35:23.403+0800][info] GC(418) Archive regions: 2->2
[2024-10-11T04:35:23.403+0800][info] GC(418) Humongous regions: 3->3
[2024-10-11T04:35:23.403+0800][info] GC(418) Metaspace: 1676K(1856K)->1676K(1856K) NonClass: 1552K(1664K)->1552K(1664K) Class: 124K(192K)->124K(192K)
[2024-10-11T04:35:23.403+0800][info] GC(418) Pause Young (Prepare Mixed) (G1 Preventive Collection) 115M->116M(128M) 1.476ms
[2024-10-11T04:35:23.403+0800][info] GC(418) User=0.00s Sys=0.00s Real=0.00s
[2024-10-11T04:35:23.465+0800][info] GC(419) Pause Young (Mixed) (G1 Preventive Collection)
[2024-10-11T04:35:23.465+0800][info] GC(419) Using 3 workers of 48 for evacuation
[2024-10-11T04:35:23.466+0800][info] GC(419) To-space exhausted
[2024-10-11T04:35:23.466+0800][info] GC(419)   Pre Evacuate Collection Set: 0.1ms
[2024-10-11T04:35:23.466+0800][info] GC(419)   Merge Heap Roots: 0.0ms
[2024-10-11T04:35:23.466+0800][info] GC(419)   Evacuate Collection Set: 1.0ms
[2024-10-11T04:35:23.466+0800][info] GC(419)   Post Evacuate Collection Set: 0.3ms
[2024-10-11T04:35:23.466+0800][info] GC(419)   Other: 0.2ms
[2024-10-11T04:35:23.466+0800][info] GC(419) Eden regions: 1->0(2)
[2024-10-11T04:35:23.466+0800][info] GC(419) Survivor regions: 1->1(1)
[2024-10-11T04:35:23.466+0800][info] GC(419) Old regions: 54->54
[2024-10-11T04:35:23.466+0800][info] GC(419) Archive regions: 2->2
[2024-10-11T04:35:23.466+0800][info] GC(419) Humongous regions: 3->3
[2024-10-11T04:35:23.466+0800][info] GC(419) Metaspace: 1676K(1856K)->1676K(1856K) NonClass: 1552K(1664K)->1552K(1664K) Class: 124K(192K)->124K(192K)
[2024-10-11T04:35:23.466+0800][info] GC(419) Pause Young (Mixed) (G1 Preventive Collection) 118M->117M(128M) 1.705ms
[2024-10-11T04:35:23.466+0800][info] GC(419) User=0.01s Sys=0.00s Real=0.01s
[2024-10-11T04:35:23.507+0800][info] GC(420) Pause Young (Mixed) (G1 Preventive Collection)
[2024-10-11T04:35:23.507+0800][info] GC(420) Using 3 workers of 48 for evacuation
[2024-10-11T04:35:23.509+0800][info] GC(420) To-space exhausted
[2024-10-11T04:35:23.509+0800][info] GC(420)   Pre Evacuate Collection Set: 0.1ms
[2024-10-11T04:35:23.509+0800][info] GC(420)   Merge Heap Roots: 0.1ms
[2024-10-11T04:35:23.509+0800][info] GC(420)   Evacuate Collection Set: 1.2ms
[2024-10-11T04:35:23.509+0800][info] GC(420)   Post Evacuate Collection Set: 0.3ms
[2024-10-11T04:35:23.509+0800][info] GC(420)   Other: 0.2ms
[2024-10-11T04:35:23.509+0800][info] GC(420) Eden regions: 1->0(2)
[2024-10-11T04:35:23.509+0800][info] GC(420) Survivor regions: 1->1(1)
[2024-10-11T04:35:23.509+0800][info] GC(420) Old regions: 54->57
[2024-10-11T04:35:23.509+0800][info] GC(420) Archive regions: 2->2
[2024-10-11T04:35:23.509+0800][info] GC(420) Humongous regions: 3->3
[2024-10-11T04:35:23.509+0800][info] GC(420) Metaspace: 1676K(1856K)->1676K(1856K) NonClass: 1552K(1664K)->1552K(1664K) Class: 124K(192K)->124K(192K)
[2024-10-11T04:35:23.509+0800][info] GC(420) Pause Young (Mixed) (G1 Preventive Collection) 119M->123M(128M) 1.991ms
[2024-10-11T04:35:23.509+0800][info] GC(420) User=0.00s Sys=0.00s Real=0.00s
[2024-10-11T04:35:23.571+0800][info] GC(421) Pause Young (Mixed) (G1 Evacuation Pause)
[2024-10-11T04:35:23.571+0800][info] GC(421) Using 3 workers of 48 for evacuation
[2024-10-11T04:35:23.573+0800][info] GC(421) To-space exhausted
[2024-10-11T04:35:23.573+0800][info] GC(421)   Pre Evacuate Collection Set: 0.1ms
[2024-10-11T04:35:23.573+0800][info] GC(421)   Merge Heap Roots: 0.1ms
[2024-10-11T04:35:23.573+0800][info] GC(421)   Evacuate Collection Set: 1.0ms
[2024-10-11T04:35:23.573+0800][info] GC(421)   Post Evacuate Collection Set: 0.8ms
[2024-10-11T04:35:23.573+0800][info] GC(421)   Other: 0.2ms
[2024-10-11T04:35:23.573+0800][info] GC(421) Eden regions: 1->0(3)
[2024-10-11T04:35:23.573+0800][info] GC(421) Survivor regions: 1->0(0)
[2024-10-11T04:35:23.573+0800][info] GC(421) Old regions: 57->59
[2024-10-11T04:35:23.573+0800][info] GC(421) Archive regions: 2->2
[2024-10-11T04:35:23.573+0800][info] GC(421) Humongous regions: 3->3
[2024-10-11T04:35:23.573+0800][info] GC(421) Metaspace: 1676K(1856K)->1676K(1856K) NonClass: 1552K(1664K)->1552K(1664K) Class: 124K(192K)->124K(192K)
[2024-10-11T04:35:23.573+0800][info] GC(421) Pause Young (Mixed) (G1 Evacuation Pause) 125M->125M(128M) 2.280ms
[2024-10-11T04:35:23.573+0800][info] GC(421) User=0.01s Sys=0.00s Real=0.01s
[2024-10-11T04:35:23.573+0800][info] Attempting full compaction
[2024-10-11T04:35:23.573+0800][info] GC(422) Using 3 workers of 48 for full compaction
[2024-10-11T04:35:23.573+0800][info] GC(422) Pause Full (G1 Compaction Pause)
[2024-10-11T04:35:23.573+0800][info] GC(422) Phase 1: Mark live objects
[2024-10-11T04:35:23.577+0800][info] GC(422) Phase 1: Mark live objects 3.325ms
[2024-10-11T04:35:23.577+0800][info] GC(422) Phase 2: Prepare for compaction
[2024-10-11T04:35:23.577+0800][info] GC(422) Phase 2: Prepare for compaction 0.562ms
[2024-10-11T04:35:23.577+0800][info] GC(422) Phase 3: Adjust pointers
[2024-10-11T04:35:23.579+0800][info] GC(422) Phase 3: Adjust pointers 1.636ms
[2024-10-11T04:35:23.579+0800][info] GC(422) Phase 4: Compact heap
[2024-10-11T04:35:23.590+0800][info] GC(422) Phase 4: Compact heap 10.819ms
[2024-10-11T04:35:23.591+0800][info] GC(422) Eden regions: 0->0(4)
[2024-10-11T04:35:23.591+0800][info] GC(422) Survivor regions: 0->0(0)
[2024-10-11T04:35:23.591+0800][info] GC(422) Old regions: 59->38
[2024-10-11T04:35:23.591+0800][info] GC(422) Archive regions: 2->2
[2024-10-11T04:35:23.591+0800][info] GC(422) Humongous regions: 3->3
[2024-10-11T04:35:23.591+0800][info] GC(422) Metaspace: 1676K(1856K)->1676K(1856K) NonClass: 1552K(1664K)->1552K(1664K) Class: 124K(192K)->124K(192K)
[2024-10-11T04:35:23.591+0800][info] GC(422) Pause Full (G1 Compaction Pause) 125M->71M(128M) 18.034ms
[2024-10-11T04:35:23.591+0800][info] GC(422) User=0.04s Sys=0.00s Real=0.01s
[2024-10-11T04:35:23.796+0800][info] GC(423) Pause Young (Normal) (G1 Evacuation Pause)
[2024-10-11T04:35:23.796+0800][info] GC(423) Using 3 workers of 48 for evacuation
[2024-10-11T04:35:23.798+0800][info] GC(423)   Pre Evacuate Collection Set: 0.1ms
[2024-10-11T04:35:23.798+0800][info] GC(423)   Merge Heap Roots: 0.0ms
[2024-10-11T04:35:23.798+0800][info] GC(423)   Evacuate Collection Set: 1.2ms
[2024-10-11T04:35:23.798+0800][info] GC(423)   Post Evacuate Collection Set: 0.2ms
[2024-10-11T04:35:23.798+0800][info] GC(423)   Other: 0.2ms
[2024-10-11T04:35:23.798+0800][info] GC(423) Eden regions: 4->0(2)
[2024-10-11T04:35:23.798+0800][info] GC(423) Survivor regions: 0->1(1)
[2024-10-11T04:35:23.798+0800][info] GC(423) Old regions: 38->42
[2024-10-11T04:35:23.798+0800][info] GC(423) Archive regions: 2->2
[2024-10-11T04:35:23.798+0800][info] GC(423) Humongous regions: 3->3
[2024-10-11T04:35:23.798+0800][info] GC(423) Metaspace: 1676K(1856K)->1676K(1856K) NonClass: 1552K(1664K)->1552K(1664K) Class: 124K(192K)->124K(192K)
[2024-10-11T04:35:23.798+0800][info] GC(423) Pause Young (Normal) (G1 Evacuation Pause) 79M->80M(128M) 1.860ms
[2024-10-11T04:35:23.798+0800][info] GC(423) User=0.01s Sys=0.00s Real=0.00s
[2024-10-11T04:35:23.900+0800][info] GC(424) Pause Young (Normal) (G1 Evacuation Pause)
[2024-10-11T04:35:23.900+0800][info] GC(424) Using 3 workers of 48 for evacuation
[2024-10-11T04:35:23.901+0800][info] GC(424)   Pre Evacuate Collection Set: 0.1ms
[2024-10-11T04:35:23.901+0800][info] GC(424)   Merge Heap Roots: 0.0ms
[2024-10-11T04:35:23.901+0800][info] GC(424)   Evacuate Collection Set: 0.7ms
[2024-10-11T04:35:23.901+0800][info] GC(424)   Post Evacuate Collection Set: 0.2ms
[2024-10-11T04:35:23.901+0800][info] GC(424)   Other: 0.2ms
[2024-10-11T04:35:23.901+0800][info] GC(424) Eden regions: 2->0(2)
[2024-10-11T04:35:23.901+0800][info] GC(424) Survivor regions: 1->1(1)
[2024-10-11T04:35:23.901+0800][info] GC(424) Old regions: 42->43
[2024-10-11T04:35:23.901+0800][info] GC(424) Archive regions: 2->2
[2024-10-11T04:35:23.901+0800][info] GC(424) Humongous regions: 3->3
[2024-10-11T04:35:23.901+0800][info] GC(424) Metaspace: 1676K(1856K)->1676K(1856K) NonClass: 1552K(1664K)->1552K(1664K) Class: 124K(192K)->124K(192K)
[2024-10-11T04:35:23.901+0800][info] GC(424) Pause Young (Normal) (G1 Evacuation Pause) 83M->83M(128M) 1.265ms
[2024-10-11T04:35:23.901+0800][info] GC(424) User=0.00s Sys=0.00s Real=0.00s
[2024-10-11T04:35:24.003+0800][info] GC(425) Pause Young (Normal) (G1 Evacuation Pause)
[2024-10-11T04:35:24.003+0800][info] GC(425) Using 3 workers of 48 for evacuation
[2024-10-11T04:35:24.004+0800][info] GC(425)   Pre Evacuate Collection Set: 0.1ms
[2024-10-11T04:35:24.004+0800][info] GC(425)   Merge Heap Roots: 0.0ms
[2024-10-11T04:35:24.004+0800][info] GC(425)   Evacuate Collection Set: 0.7ms
[2024-10-11T04:35:24.004+0800][info] GC(425)   Post Evacuate Collection Set: 0.2ms
[2024-10-11T04:35:24.004+0800][info] GC(425)   Other: 0.2ms
[2024-10-11T04:35:24.004+0800][info] GC(425) Eden regions: 2->0(2)
[2024-10-11T04:35:24.004+0800][info] GC(425) Survivor regions: 1->1(1)
[2024-10-11T04:35:24.004+0800][info] GC(425) Old regions: 43->45
[2024-10-11T04:35:24.004+0800][info] GC(425) Archive regions: 2->2
[2024-10-11T04:35:24.004+0800][info] GC(425) Humongous regions: 3->3
[2024-10-11T04:35:24.004+0800][info] GC(425) Metaspace: 1676K(1856K)->1676K(1856K) NonClass: 1552K(1664K)->1552K(1664K) Class: 124K(192K)->124K(192K)
[2024-10-11T04:35:24.004+0800][info] GC(425) Pause Young (Normal) (G1 Evacuation Pause) 86M->86M(128M) 1.257ms
[2024-10-11T04:35:24.004+0800][info] GC(425) User=0.00s Sys=0.00s Real=0.00s
[2024-10-11T04:35:24.106+0800][info] GC(426) Pause Young (Normal) (G1 Evacuation Pause)
[2024-10-11T04:35:24.106+0800][info] GC(426) Using 3 workers of 48 for evacuation
[2024-10-11T04:35:24.107+0800][info] GC(426)   Pre Evacuate Collection Set: 0.1ms
[2024-10-11T04:35:24.107+0800][info] GC(426)   Merge Heap Roots: 0.0ms
[2024-10-11T04:35:24.107+0800][info] GC(426)   Evacuate Collection Set: 0.7ms
[2024-10-11T04:35:24.107+0800][info] GC(426)   Post Evacuate Collection Set: 0.2ms
[2024-10-11T04:35:24.107+0800][info] GC(426)   Other: 0.2ms
[2024-10-11T04:35:24.107+0800][info] GC(426) Eden regions: 2->0(2)
[2024-10-11T04:35:24.107+0800][info] GC(426) Survivor regions: 1->1(1)
[2024-10-11T04:35:24.107+0800][info] GC(426) Old regions: 45->47
[2024-10-11T04:35:24.107+0800][info] GC(426) Archive regions: 2->2
[2024-10-11T04:35:24.108+0800][info] GC(426) Humongous regions: 3->3
[2024-10-11T04:35:24.108+0800][info] GC(426) Metaspace: 1676K(1856K)->1676K(1856K) NonClass: 1552K(1664K)->1552K(1664K) Class: 124K(192K)->124K(192K)
[2024-10-11T04:35:24.108+0800][info] GC(426) Pause Young (Normal) (G1 Evacuation Pause) 90M->90M(128M) 1.257ms
[2024-10-11T04:35:24.108+0800][info] GC(426) User=0.00s Sys=0.00s Real=0.00s
[2024-10-11T04:35:24.210+0800][info] GC(427) Pause Young (Concurrent Start) (G1 Evacuation Pause)
[2024-10-11T04:35:24.210+0800][info] GC(427) Using 3 workers of 48 for evacuation
[2024-10-11T04:35:24.211+0800][info] GC(427)   Pre Evacuate Collection Set: 0.1ms
[2024-10-11T04:35:24.211+0800][info] GC(427)   Merge Heap Roots: 0.0ms
[2024-10-11T04:35:24.211+0800][info] GC(427)   Evacuate Collection Set: 0.8ms
[2024-10-11T04:35:24.211+0800][info] GC(427)   Post Evacuate Collection Set: 0.2ms
[2024-10-11T04:35:24.211+0800][info] GC(427)   Other: 0.3ms
[2024-10-11T04:35:24.211+0800][info] GC(427) Eden regions: 2->0(2)
[2024-10-11T04:35:24.211+0800][info] GC(427) Survivor regions: 1->1(1)
[2024-10-11T04:35:24.211+0800][info] GC(427) Old regions: 47->49
[2024-10-11T04:35:24.211+0800][info] GC(427) Archive regions: 2->2
[2024-10-11T04:35:24.211+0800][info] GC(427) Humongous regions: 3->3
[2024-10-11T04:35:24.211+0800][info] GC(427) Metaspace: 1676K(1856K)->1676K(1856K) NonClass: 1552K(1664K)->1552K(1664K) Class: 124K(192K)->124K(192K)
[2024-10-11T04:35:24.211+0800][info] GC(427) Pause Young (Concurrent Start) (G1 Evacuation Pause) 94M->94M(128M) 1.539ms
[2024-10-11T04:35:24.211+0800][info] GC(427) User=0.00s Sys=0.00s Real=0.00s
[2024-10-11T04:35:24.211+0800][info] GC(428) Concurrent Mark Cycle
[2024-10-11T04:35:24.211+0800][info] GC(428) Concurrent Clear Claimed Marks
[2024-10-11T04:35:24.211+0800][info] GC(428) Concurrent Clear Claimed Marks 0.017ms
[2024-10-11T04:35:24.211+0800][info] GC(428) Concurrent Scan Root Regions
[2024-10-11T04:35:24.211+0800][info] GC(428) Concurrent Scan Root Regions 0.100ms
[2024-10-11T04:35:24.211+0800][info] GC(428) Concurrent Mark
[2024-10-11T04:35:24.211+0800][info] GC(428) Concurrent Mark From Roots
[2024-10-11T04:35:24.211+0800][info] GC(428) Using 12 workers of 12 for marking
[2024-10-11T04:35:24.215+0800][info] GC(428) Concurrent Mark From Roots 3.945ms
[2024-10-11T04:35:24.215+0800][info] GC(428) Concurrent Preclean
[2024-10-11T04:35:24.217+0800][info] GC(428) Concurrent Preclean 1.694ms
[2024-10-11T04:35:24.217+0800][info] GC(428) Pause Remark
[2024-10-11T04:35:24.219+0800][info] GC(428) Pause Remark 94M->94M(128M) 1.532ms
[2024-10-11T04:35:24.219+0800][info] GC(428) User=0.00s Sys=0.00s Real=0.00s
[2024-10-11T04:35:24.219+0800][info] GC(428) Concurrent Mark 7.430ms
[2024-10-11T04:35:24.219+0800][info] GC(428) Concurrent Rebuild Remembered Sets
[2024-10-11T04:35:24.220+0800][info] GC(428) Concurrent Rebuild Remembered Sets 1.243ms
[2024-10-11T04:35:24.220+0800][info] GC(428) Pause Cleanup
[2024-10-11T04:35:24.220+0800][info] GC(428) Pause Cleanup 94M->94M(128M) 0.162ms
[2024-10-11T04:35:24.220+0800][info] GC(428) User=0.00s Sys=0.00s Real=0.00s
[2024-10-11T04:35:24.220+0800][info] GC(428) Concurrent Cleanup for Next Mark
[2024-10-11T04:35:24.221+0800][info] GC(428) Concurrent Cleanup for Next Mark 0.440ms
[2024-10-11T04:35:24.221+0800][info] GC(428) Concurrent Mark Cycle 9.687ms
[2024-10-11T04:35:24.364+0800][info] GC(429) Pause Young (Prepare Mixed) (G1 Evacuation Pause)
[2024-10-11T04:35:24.364+0800][info] GC(429) Using 3 workers of 48 for evacuation
[2024-10-11T04:35:24.365+0800][info] GC(429)   Pre Evacuate Collection Set: 0.1ms
[2024-10-11T04:35:24.365+0800][info] GC(429)   Merge Heap Roots: 0.1ms
[2024-10-11T04:35:24.365+0800][info] GC(429)   Evacuate Collection Set: 0.9ms
[2024-10-11T04:35:24.365+0800][info] GC(429)   Post Evacuate Collection Set: 0.2ms
[2024-10-11T04:35:24.365+0800][info] GC(429)   Other: 0.2ms
[2024-10-11T04:35:24.365+0800][info] GC(429) Eden regions: 2->0(2)
[2024-10-11T04:35:24.365+0800][info] GC(429) Survivor regions: 1->1(1)
[2024-10-11T04:35:24.365+0800][info] GC(429) Old regions: 49->51
[2024-10-11T04:35:24.365+0800][info] GC(429) Archive regions: 2->2
[2024-10-11T04:35:24.365+0800][info] GC(429) Humongous regions: 3->3
[2024-10-11T04:35:24.365+0800][info] GC(429) Metaspace: 1676K(1856K)->1676K(1856K) NonClass: 1552K(1664K)->1552K(1664K) Class: 124K(192K)->124K(192K)
[2024-10-11T04:35:24.365+0800][info] GC(429) Pause Young (Prepare Mixed) (G1 Evacuation Pause) 97M->98M(128M) 1.561ms
[2024-10-11T04:35:24.365+0800][info] GC(429) User=0.00s Sys=0.00s Real=0.01s
[2024-10-11T04:35:24.468+0800][info] GC(430) Pause Young (Mixed) (G1 Preventive Collection)
[2024-10-11T04:35:24.468+0800][info] GC(430) Using 3 workers of 48 for evacuation
[2024-10-11T04:35:24.470+0800][info] GC(430)   Pre Evacuate Collection Set: 0.1ms
[2024-10-11T04:35:24.470+0800][info] GC(430)   Merge Heap Roots: 0.1ms
[2024-10-11T04:35:24.470+0800][info] GC(430)   Evacuate Collection Set: 1.4ms
[2024-10-11T04:35:24.470+0800][info] GC(430)   Post Evacuate Collection Set: 0.2ms
[2024-10-11T04:35:24.470+0800][info] GC(430)   Other: 0.2ms
[2024-10-11T04:35:24.470+0800][info] GC(430) Eden regions: 2->0(2)
[2024-10-11T04:35:24.470+0800][info] GC(430) Survivor regions: 1->1(1)
[2024-10-11T04:35:24.470+0800][info] GC(430) Old regions: 51->48
[2024-10-11T04:35:24.470+0800][info] GC(430) Archive regions: 2->2
[2024-10-11T04:35:24.470+0800][info] GC(430) Humongous regions: 3->3
[2024-10-11T04:35:24.470+0800][info] GC(430) Metaspace: 1676K(1856K)->1676K(1856K) NonClass: 1552K(1664K)->1552K(1664K) Class: 124K(192K)->124K(192K)
[2024-10-11T04:35:24.470+0800][info] GC(430) Pause Young (Mixed) (G1 Preventive Collection) 101M->94M(128M) 2.074ms
[2024-10-11T04:35:24.470+0800][info] GC(430) User=0.00s Sys=0.00s Real=0.00s
[2024-10-11T04:35:24.572+0800][info] GC(431) Pause Young (Mixed) (G1 Evacuation Pause)
[2024-10-11T04:35:24.572+0800][info] GC(431) Using 3 workers of 48 for evacuation
[2024-10-11T04:35:24.574+0800][info] GC(431)   Pre Evacuate Collection Set: 0.1ms
[2024-10-11T04:35:24.574+0800][info] GC(431)   Merge Heap Roots: 0.1ms
[2024-10-11T04:35:24.574+0800][info] GC(431)   Evacuate Collection Set: 2.1ms
[2024-10-11T04:35:24.574+0800][info] GC(431)   Post Evacuate Collection Set: 0.2ms
[2024-10-11T04:35:24.574+0800][info] GC(431)   Other: 0.1ms
[2024-10-11T04:35:24.574+0800][info] GC(431) Eden regions: 2->0(2)
[2024-10-11T04:35:24.574+0800][info] GC(431) Survivor regions: 1->1(1)
[2024-10-11T04:35:24.574+0800][info] GC(431) Old regions: 48->47
[2024-10-11T04:35:24.574+0800][info] GC(431) Archive regions: 2->2
[2024-10-11T04:35:24.574+0800][info] GC(431) Humongous regions: 3->3
[2024-10-11T04:35:24.574+0800][info] GC(431) Metaspace: 1676K(1856K)->1676K(1856K) NonClass: 1552K(1664K)->1552K(1664K) Class: 124K(192K)->124K(192K)
[2024-10-11T04:35:24.574+0800][info] GC(431) Pause Young (Mixed) (G1 Evacuation Pause) 98M->95M(128M) 2.767ms
[2024-10-11T04:35:24.574+0800][info] GC(431) User=0.00s Sys=0.01s Real=0.01s
[2024-10-11T04:35:24.676+0800][info] GC(432) Pause Young (Mixed) (G1 Evacuation Pause)
[2024-10-11T04:35:24.677+0800][info] GC(432) Using 3 workers of 48 for evacuation
[2024-10-11T04:35:24.679+0800][info] GC(432)   Pre Evacuate Collection Set: 0.1ms
[2024-10-11T04:35:24.679+0800][info] GC(432)   Merge Heap Roots: 0.1ms
[2024-10-11T04:35:24.679+0800][info] GC(432)   Evacuate Collection Set: 2.0ms
[2024-10-11T04:35:24.679+0800][info] GC(432)   Post Evacuate Collection Set: 0.2ms
[2024-10-11T04:35:24.679+0800][info] GC(432)   Other: 0.1ms
[2024-10-11T04:35:24.679+0800][info] GC(432) Eden regions: 2->0(2)
[2024-10-11T04:35:24.679+0800][info] GC(432) Survivor regions: 1->1(1)
[2024-10-11T04:35:24.679+0800][info] GC(432) Old regions: 47->48
[2024-10-11T04:35:24.679+0800][info] GC(432) Archive regions: 2->2
[2024-10-11T04:35:24.679+0800][info] GC(432) Humongous regions: 3->3
[2024-10-11T04:35:24.679+0800][info] GC(432) Metaspace: 1676K(1856K)->1676K(1856K) NonClass: 1552K(1664K)->1552K(1664K) Class: 124K(192K)->124K(192K)
[2024-10-11T04:35:24.679+0800][info] GC(432) Pause Young (Mixed) (G1 Evacuation Pause) 98M->97M(128M) 2.672ms
[2024-10-11T04:35:24.679+0800][info] GC(432) User=0.01s Sys=0.00s Real=0.00s
[2024-10-11T04:35:24.781+0800][info] GC(433) Pause Young (Mixed) (G1 Evacuation Pause)
[2024-10-11T04:35:24.781+0800][info] GC(433) Using 3 workers of 48 for evacuation
[2024-10-11T04:35:24.784+0800][info] GC(433)   Pre Evacuate Collection Set: 0.1ms
[2024-10-11T04:35:24.784+0800][info] GC(433)   Merge Heap Roots: 0.1ms
[2024-10-11T04:35:24.784+0800][info] GC(433)   Evacuate Collection Set: 2.0ms
[2024-10-11T04:35:24.784+0800][info] GC(433)   Post Evacuate Collection Set: 0.2ms
[2024-10-11T04:35:24.784+0800][info] GC(433)   Other: 0.2ms
[2024-10-11T04:35:24.784+0800][info] GC(433) Eden regions: 2->0(2)
[2024-10-11T04:35:24.784+0800][info] GC(433) Survivor regions: 1->1(1)
[2024-10-11T04:35:24.784+0800][info] GC(433) Old regions: 48->46
[2024-10-11T04:35:24.784+0800][info] GC(433) Archive regions: 2->2
[2024-10-11T04:35:24.784+0800][info] GC(433) Humongous regions: 3->3
[2024-10-11T04:35:24.784+0800][info] GC(433) Metaspace: 1676K(1856K)->1676K(1856K) NonClass: 1552K(1664K)->1552K(1664K) Class: 124K(192K)->124K(192K)
[2024-10-11T04:35:24.784+0800][info] GC(433) Pause Young (Mixed) (G1 Evacuation Pause) 101M->96M(128M) 2.649ms
[2024-10-11T04:35:24.784+0800][info] GC(433) User=0.00s Sys=0.00s Real=0.00s
[2024-10-11T04:35:24.886+0800][info] GC(434) Pause Young (Normal) (G1 Evacuation Pause)
[2024-10-11T04:35:24.886+0800][info] GC(434) Using 3 workers of 48 for evacuation
[2024-10-11T04:35:24.887+0800][info] GC(434)   Pre Evacuate Collection Set: 0.1ms
[2024-10-11T04:35:24.887+0800][info] GC(434)   Merge Heap Roots: 0.0ms
[2024-10-11T04:35:24.887+0800][info] GC(434)   Evacuate Collection Set: 0.6ms
[2024-10-11T04:35:24.887+0800][info] GC(434)   Post Evacuate Collection Set: 0.2ms
[2024-10-11T04:35:24.887+0800][info] GC(434)   Other: 0.2ms
[2024-10-11T04:35:24.887+0800][info] GC(434) Eden regions: 2->0(2)
[2024-10-11T04:35:24.887+0800][info] GC(434) Survivor regions: 1->1(1)
[2024-10-11T04:35:24.887+0800][info] GC(434) Old regions: 46->48
[2024-10-11T04:35:24.887+0800][info] GC(434) Archive regions: 2->2
[2024-10-11T04:35:24.887+0800][info] GC(434) Humongous regions: 3->3
[2024-10-11T04:35:24.887+0800][info] GC(434) Metaspace: 1676K(1856K)->1676K(1856K) NonClass: 1552K(1664K)->1552K(1664K) Class: 124K(192K)->124K(192K)
[2024-10-11T04:35:24.887+0800][info] GC(434) Pause Young (Normal) (G1 Evacuation Pause) 99M->99M(128M) 1.213ms
[2024-10-11T04:35:24.887+0800][info] GC(434) User=0.01s Sys=0.00s Real=0.00s
[2024-10-11T04:35:24.989+0800][info] GC(435) Pause Young (Normal) (G1 Evacuation Pause)
[2024-10-11T04:35:24.989+0800][info] GC(435) Using 3 workers of 48 for evacuation
[2024-10-11T04:35:24.990+0800][info] GC(435)   Pre Evacuate Collection Set: 0.1ms
[2024-10-11T04:35:24.990+0800][info] GC(435)   Merge Heap Roots: 0.0ms
[2024-10-11T04:35:24.990+0800][info] GC(435)   Evacuate Collection Set: 0.8ms
[2024-10-11T04:35:24.990+0800][info] GC(435)   Post Evacuate Collection Set: 0.2ms
[2024-10-11T04:35:24.990+0800][info] GC(435)   Other: 0.2ms
[2024-10-11T04:35:24.990+0800][info] GC(435) Eden regions: 2->0(2)
[2024-10-11T04:35:24.990+0800][info] GC(435) Survivor regions: 1->1(1)
[2024-10-11T04:35:24.990+0800][info] GC(435) Old regions: 48->50
[2024-10-11T04:35:24.990+0800][info] GC(435) Archive regions: 2->2
[2024-10-11T04:35:24.990+0800][info] GC(435) Humongous regions: 3->3
[2024-10-11T04:35:24.990+0800][info] GC(435) Metaspace: 1676K(1856K)->1676K(1856K) NonClass: 1552K(1664K)->1552K(1664K) Class: 124K(192K)->124K(192K)
[2024-10-11T04:35:24.990+0800][info] GC(435) Pause Young (Normal) (G1 Evacuation Pause) 103M->103M(128M) 1.386ms
[2024-10-11T04:35:24.990+0800][info] GC(435) User=0.00s Sys=0.00s Real=0.00s
[2024-10-11T04:35:25.032+0800][info] GC(436) Pause Young (Concurrent Start) (G1 Humongous Allocation)
[2024-10-11T04:35:25.032+0800][info] GC(436) Using 3 workers of 48 for evacuation
[2024-10-11T04:35:25.033+0800][info] GC(436)   Pre Evacuate Collection Set: 0.1ms
[2024-10-11T04:35:25.033+0800][info] GC(436)   Merge Heap Roots: 0.0ms
[2024-10-11T04:35:25.033+0800][info] GC(436)   Evacuate Collection Set: 0.6ms
[2024-10-11T04:35:25.033+0800][info] GC(436)   Post Evacuate Collection Set: 0.2ms
[2024-10-11T04:35:25.033+0800][info] GC(436)   Other: 0.3ms
[2024-10-11T04:35:25.033+0800][info] GC(436) Eden regions: 1->0(2)
[2024-10-11T04:35:25.033+0800][info] GC(436) Survivor regions: 1->1(1)
[2024-10-11T04:35:25.033+0800][info] GC(436) Old regions: 50->51
[2024-10-11T04:35:25.033+0800][info] GC(436) Archive regions: 2->2
[2024-10-11T04:35:25.033+0800][info] GC(436) Humongous regions: 3->3
[2024-10-11T04:35:25.033+0800][info] GC(436) Metaspace: 1676K(1856K)->1676K(1856K) NonClass: 1552K(1664K)->1552K(1664K) Class: 124K(192K)->124K(192K)
[2024-10-11T04:35:25.033+0800][info] GC(436) Pause Young (Concurrent Start) (G1 Humongous Allocation) 105M->105M(128M) 1.301ms
[2024-10-11T04:35:25.033+0800][info] GC(436) User=0.00s Sys=0.00s Real=0.00s
[2024-10-11T04:35:25.033+0800][info] GC(437) Concurrent Mark Cycle
[2024-10-11T04:35:25.033+0800][info] GC(437) Concurrent Clear Claimed Marks
[2024-10-11T04:35:25.033+0800][info] GC(437) Concurrent Clear Claimed Marks 0.017ms
[2024-10-11T04:35:25.033+0800][info] GC(437) Concurrent Scan Root Regions
[2024-10-11T04:35:25.033+0800][info] GC(437) Concurrent Scan Root Regions 0.150ms
[2024-10-11T04:35:25.033+0800][info] GC(437) Concurrent Mark
[2024-10-11T04:35:25.033+0800][info] GC(437) Concurrent Mark From Roots
[2024-10-11T04:35:25.033+0800][info] GC(437) Using 12 workers of 12 for marking
[2024-10-11T04:35:25.037+0800][info] GC(437) Concurrent Mark From Roots 3.876ms
[2024-10-11T04:35:25.037+0800][info] GC(437) Concurrent Preclean
[2024-10-11T04:35:25.039+0800][info] GC(437) Concurrent Preclean 1.674ms
[2024-10-11T04:35:25.039+0800][info] GC(437) Pause Remark
[2024-10-11T04:35:25.040+0800][info] GC(437) Pause Remark 107M->107M(128M) 1.478ms
[2024-10-11T04:35:25.040+0800][info] GC(437) User=0.00s Sys=0.00s Real=0.00s
[2024-10-11T04:35:25.041+0800][info] GC(437) Concurrent Mark 7.347ms
[2024-10-11T04:35:25.041+0800][info] GC(437) Concurrent Rebuild Remembered Sets
[2024-10-11T04:35:25.042+0800][info] GC(437) Concurrent Rebuild Remembered Sets 1.265ms
[2024-10-11T04:35:25.042+0800][info] GC(437) Pause Cleanup
[2024-10-11T04:35:25.042+0800][info] GC(437) Pause Cleanup 107M->107M(128M) 0.223ms
[2024-10-11T04:35:25.042+0800][info] GC(437) User=0.00s Sys=0.00s Real=0.00s
[2024-10-11T04:35:25.042+0800][info] GC(437) Concurrent Cleanup for Next Mark
[2024-10-11T04:35:25.043+0800][info] GC(437) Concurrent Cleanup for Next Mark 0.366ms
[2024-10-11T04:35:25.043+0800][info] GC(437) Concurrent Mark Cycle 9.751ms
[2024-10-11T04:35:25.207+0800][info] GC(438) Pause Young (Prepare Mixed) (G1 Preventive Collection)
[2024-10-11T04:35:25.207+0800][info] GC(438) Using 3 workers of 48 for evacuation
[2024-10-11T04:35:25.208+0800][info] GC(438)   Pre Evacuate Collection Set: 0.1ms
[2024-10-11T04:35:25.208+0800][info] GC(438)   Merge Heap Roots: 0.1ms
[2024-10-11T04:35:25.208+0800][info] GC(438)   Evacuate Collection Set: 0.8ms
[2024-10-11T04:35:25.208+0800][info] GC(438)   Post Evacuate Collection Set: 0.2ms
[2024-10-11T04:35:25.208+0800][info] GC(438)   Other: 0.2ms
[2024-10-11T04:35:25.208+0800][info] GC(438) Eden regions: 2->0(2)
[2024-10-11T04:35:25.208+0800][info] GC(438) Survivor regions: 1->1(1)
[2024-10-11T04:35:25.208+0800][info] GC(438) Old regions: 51->53
[2024-10-11T04:35:25.208+0800][info] GC(438) Archive regions: 2->2
[2024-10-11T04:35:25.208+0800][info] GC(438) Humongous regions: 4->3
[2024-10-11T04:35:25.208+0800][info] GC(438) Metaspace: 1676K(1856K)->1676K(1856K) NonClass: 1552K(1664K)->1552K(1664K) Class: 124K(192K)->124K(192K)
[2024-10-11T04:35:25.208+0800][info] GC(438) Pause Young (Prepare Mixed) (G1 Preventive Collection) 110M->109M(128M) 1.410ms
[2024-10-11T04:35:25.208+0800][info] GC(438) User=0.00s Sys=0.00s Real=0.00s
[2024-10-11T04:35:25.269+0800][info] GC(439) Pause Young (Mixed) (G1 Preventive Collection)
[2024-10-11T04:35:25.269+0800][info] GC(439) Using 3 workers of 48 for evacuation
[2024-10-11T04:35:25.271+0800][info] GC(439)   Pre Evacuate Collection Set: 0.1ms
[2024-10-11T04:35:25.271+0800][info] GC(439)   Merge Heap Roots: 0.1ms
[2024-10-11T04:35:25.271+0800][info] GC(439)   Evacuate Collection Set: 1.2ms
[2024-10-11T04:35:25.271+0800][info] GC(439)   Post Evacuate Collection Set: 0.2ms
[2024-10-11T04:35:25.271+0800][info] GC(439)   Other: 0.2ms
[2024-10-11T04:35:25.271+0800][info] GC(439) Eden regions: 1->0(2)
[2024-10-11T04:35:25.271+0800][info] GC(439) Survivor regions: 1->1(1)
[2024-10-11T04:35:25.271+0800][info] GC(439) Old regions: 53->49
[2024-10-11T04:35:25.271+0800][info] GC(439) Archive regions: 2->2
[2024-10-11T04:35:25.271+0800][info] GC(439) Humongous regions: 3->3
[2024-10-11T04:35:25.271+0800][info] GC(439) Metaspace: 1676K(1856K)->1676K(1856K) NonClass: 1552K(1664K)->1552K(1664K) Class: 124K(192K)->124K(192K)
[2024-10-11T04:35:25.271+0800][info] GC(439) Pause Young (Mixed) (G1 Preventive Collection) 111M->102M(128M) 1.869ms
[2024-10-11T04:35:25.271+0800][info] GC(439) User=0.00s Sys=0.00s Real=0.00s
[2024-10-11T04:35:25.373+0800][info] GC(440) Pause Young (Mixed) (G1 Evacuation Pause)
[2024-10-11T04:35:25.373+0800][info] GC(440) Using 3 workers of 48 for evacuation
[2024-10-11T04:35:25.375+0800][info] GC(440)   Pre Evacuate Collection Set: 0.1ms
[2024-10-11T04:35:25.375+0800][info] GC(440)   Merge Heap Roots: 0.1ms
[2024-10-11T04:35:25.375+0800][info] GC(440)   Evacuate Collection Set: 1.6ms
[2024-10-11T04:35:25.375+0800][info] GC(440)   Post Evacuate Collection Set: 0.2ms
[2024-10-11T04:35:25.375+0800][info] GC(440)   Other: 0.1ms
[2024-10-11T04:35:25.375+0800][info] GC(440) Eden regions: 2->0(2)
[2024-10-11T04:35:25.375+0800][info] GC(440) Survivor regions: 1->1(1)
[2024-10-11T04:35:25.375+0800][info] GC(440) Old regions: 49->47
[2024-10-11T04:35:25.376+0800][info] GC(440) Archive regions: 2->2
[2024-10-11T04:35:25.376+0800][info] GC(440) Humongous regions: 3->3
[2024-10-11T04:35:25.376+0800][info] GC(440) Metaspace: 1676K(1856K)->1676K(1856K) NonClass: 1552K(1664K)->1552K(1664K) Class: 124K(192K)->124K(192K)
[2024-10-11T04:35:25.376+0800][info] GC(440) Pause Young (Mixed) (G1 Evacuation Pause) 106M->100M(128M) 2.296ms
[2024-10-11T04:35:25.376+0800][info] GC(440) User=0.01s Sys=0.00s Real=0.00s
[2024-10-11T04:35:25.478+0800][info] GC(441) Pause Young (Mixed) (G1 Evacuation Pause)
[2024-10-11T04:35:25.478+0800][info] GC(441) Using 3 workers of 48 for evacuation
[2024-10-11T04:35:25.479+0800][info] GC(441)   Pre Evacuate Collection Set: 0.1ms
[2024-10-11T04:35:25.480+0800][info] GC(441)   Merge Heap Roots: 0.1ms
[2024-10-11T04:35:25.480+0800][info] GC(441)   Evacuate Collection Set: 1.5ms
[2024-10-11T04:35:25.480+0800][info] GC(441)   Post Evacuate Collection Set: 0.2ms
[2024-10-11T04:35:25.480+0800][info] GC(441)   Other: 0.1ms
[2024-10-11T04:35:25.480+0800][info] GC(441) Eden regions: 2->0(2)
[2024-10-11T04:35:25.480+0800][info] GC(441) Survivor regions: 1->1(1)
[2024-10-11T04:35:25.480+0800][info] GC(441) Old regions: 47->45
[2024-10-11T04:35:25.480+0800][info] GC(441) Archive regions: 2->2
[2024-10-11T04:35:25.480+0800][info] GC(441) Humongous regions: 3->3
[2024-10-11T04:35:25.480+0800][info] GC(441) Metaspace: 1676K(1856K)->1676K(1856K) NonClass: 1552K(1664K)->1552K(1664K) Class: 124K(192K)->124K(192K)
[2024-10-11T04:35:25.480+0800][info] GC(441) Pause Young (Mixed) (G1 Evacuation Pause) 103M->96M(128M) 2.136ms
[2024-10-11T04:35:25.480+0800][info] GC(441) User=0.00s Sys=0.00s Real=0.00s
[2024-10-11T04:35:25.582+0800][info] GC(442) Pause Young (Mixed) (G1 Evacuation Pause)
[2024-10-11T04:35:25.582+0800][info] GC(442) Using 3 workers of 48 for evacuation
[2024-10-11T04:35:25.584+0800][info] GC(442)   Pre Evacuate Collection Set: 0.1ms
[2024-10-11T04:35:25.584+0800][info] GC(442)   Merge Heap Roots: 0.1ms
[2024-10-11T04:35:25.584+0800][info] GC(442)   Evacuate Collection Set: 1.8ms
[2024-10-11T04:35:25.584+0800][info] GC(442)   Post Evacuate Collection Set: 0.2ms
[2024-10-11T04:35:25.584+0800][info] GC(442)   Other: 0.1ms
[2024-10-11T04:35:25.584+0800][info] GC(442) Eden regions: 2->0(2)
[2024-10-11T04:35:25.584+0800][info] GC(442) Survivor regions: 1->1(1)
[2024-10-11T04:35:25.584+0800][info] GC(442) Old regions: 45->45
[2024-10-11T04:35:25.584+0800][info] GC(442) Archive regions: 2->2
[2024-10-11T04:35:25.584+0800][info] GC(442) Humongous regions: 3->3
[2024-10-11T04:35:25.584+0800][info] GC(442) Metaspace: 1676K(1856K)->1676K(1856K) NonClass: 1552K(1664K)->1552K(1664K) Class: 124K(192K)->124K(192K)
[2024-10-11T04:35:25.584+0800][info] GC(442) Pause Young (Mixed) (G1 Evacuation Pause) 100M->96M(128M) 2.434ms
[2024-10-11T04:35:25.584+0800][info] GC(442) User=0.00s Sys=0.00s Real=0.00s
[2024-10-11T04:35:25.686+0800][info] GC(443) Pause Young (Mixed) (G1 Evacuation Pause)
[2024-10-11T04:35:25.686+0800][info] GC(443) Using 3 workers of 48 for evacuation
[2024-10-11T04:35:25.687+0800][info] GC(443)   Pre Evacuate Collection Set: 0.1ms
[2024-10-11T04:35:25.688+0800][info] GC(443)   Merge Heap Roots: 0.0ms
[2024-10-11T04:35:25.688+0800][info] GC(443)   Evacuate Collection Set: 0.9ms
[2024-10-11T04:35:25.688+0800][info] GC(443)   Post Evacuate Collection Set: 0.2ms
[2024-10-11T04:35:25.688+0800][info] GC(443)   Other: 0.1ms
[2024-10-11T04:35:25.688+0800][info] GC(443) Eden regions: 2->0(2)
[2024-10-11T04:35:25.688+0800][info] GC(443) Survivor regions: 1->1(1)
[2024-10-11T04:35:25.688+0800][info] GC(443) Old regions: 45->46
[2024-10-11T04:35:25.688+0800][info] GC(443) Archive regions: 2->2
[2024-10-11T04:35:25.688+0800][info] GC(443) Humongous regions: 3->3
[2024-10-11T04:35:25.688+0800][info] GC(443) Metaspace: 1676K(1856K)->1676K(1856K) NonClass: 1552K(1664K)->1552K(1664K) Class: 124K(192K)->124K(192K)
[2024-10-11T04:35:25.688+0800][info] GC(443) Pause Young (Mixed) (G1 Evacuation Pause) 99M->99M(128M) 1.554ms
[2024-10-11T04:35:25.688+0800][info] GC(443) User=0.00s Sys=0.00s Real=0.00s
[2024-10-11T04:35:25.790+0800][info] GC(444) Pause Young (Normal) (G1 Evacuation Pause)
[2024-10-11T04:35:25.790+0800][info] GC(444) Using 3 workers of 48 for evacuation
[2024-10-11T04:35:25.791+0800][info] GC(444)   Pre Evacuate Collection Set: 0.1ms
[2024-10-11T04:35:25.791+0800][info] GC(444)   Merge Heap Roots: 0.0ms
[2024-10-11T04:35:25.791+0800][info] GC(444)   Evacuate Collection Set: 0.6ms
[2024-10-11T04:35:25.791+0800][info] GC(444)   Post Evacuate Collection Set: 0.2ms
[2024-10-11T04:35:25.791+0800][info] GC(444)   Other: 0.2ms
[2024-10-11T04:35:25.791+0800][info] GC(444) Eden regions: 2->0(2)
[2024-10-11T04:35:25.791+0800][info] GC(444) Survivor regions: 1->1(1)
[2024-10-11T04:35:25.791+0800][info] GC(444) Old regions: 46->48
[2024-10-11T04:35:25.791+0800][info] GC(444) Archive regions: 2->2
[2024-10-11T04:35:25.791+0800][info] GC(444) Humongous regions: 3->3
[2024-10-11T04:35:25.791+0800][info] GC(444) Metaspace: 1676K(1856K)->1676K(1856K) NonClass: 1552K(1664K)->1552K(1664K) Class: 124K(192K)->124K(192K)
[2024-10-11T04:35:25.791+0800][info] GC(444) Pause Young (Normal) (G1 Evacuation Pause) 102M->102M(128M) 1.223ms
[2024-10-11T04:35:25.791+0800][info] GC(444) User=0.00s Sys=0.00s Real=0.00s
[2024-10-11T04:35:25.893+0800][info] GC(445) Pause Young (Normal) (G1 Evacuation Pause)
[2024-10-11T04:35:25.893+0800][info] GC(445) Using 3 workers of 48 for evacuation
[2024-10-11T04:35:25.894+0800][info] GC(445)   Pre Evacuate Collection Set: 0.1ms
[2024-10-11T04:35:25.894+0800][info] GC(445)   Merge Heap Roots: 0.1ms
[2024-10-11T04:35:25.894+0800][info] GC(445)   Evacuate Collection Set: 0.7ms
[2024-10-11T04:35:25.894+0800][info] GC(445)   Post Evacuate Collection Set: 0.2ms
[2024-10-11T04:35:25.894+0800][info] GC(445)   Other: 0.2ms
[2024-10-11T04:35:25.894+0800][info] GC(445) Eden regions: 2->0(2)
[2024-10-11T04:35:25.894+0800][info] GC(445) Survivor regions: 1->1(1)
[2024-10-11T04:35:25.894+0800][info] GC(445) Old regions: 48->50
[2024-10-11T04:35:25.894+0800][info] GC(445) Archive regions: 2->2
[2024-10-11T04:35:25.894+0800][info] GC(445) Humongous regions: 3->3
[2024-10-11T04:35:25.894+0800][info] GC(445) Metaspace: 1676K(1856K)->1676K(1856K) NonClass: 1552K(1664K)->1552K(1664K) Class: 124K(192K)->124K(192K)
[2024-10-11T04:35:25.894+0800][info] GC(445) Pause Young (Normal) (G1 Evacuation Pause) 106M->106M(128M) 1.261ms
[2024-10-11T04:35:25.894+0800][info] GC(445) User=0.00s Sys=0.00s Real=0.01s
[2024-10-11T04:35:25.996+0800][info] GC(446) Pause Young (Concurrent Start) (G1 Evacuation Pause)
[2024-10-11T04:35:25.996+0800][info] GC(446) Using 3 workers of 48 for evacuation
[2024-10-11T04:35:25.998+0800][info] GC(446)   Pre Evacuate Collection Set: 0.1ms
[2024-10-11T04:35:25.998+0800][info] GC(446)   Merge Heap Roots: 0.0ms
[2024-10-11T04:35:25.998+0800][info] GC(446)   Evacuate Collection Set: 0.7ms
[2024-10-11T04:35:25.998+0800][info] GC(446)   Post Evacuate Collection Set: 0.2ms
[2024-10-11T04:35:25.998+0800][info] GC(446)   Other: 0.4ms
[2024-10-11T04:35:25.998+0800][info] GC(446) Eden regions: 2->0(2)
[2024-10-11T04:35:25.998+0800][info] GC(446) Survivor regions: 1->1(1)
[2024-10-11T04:35:25.998+0800][info] GC(446) Old regions: 50->51
[2024-10-11T04:35:25.998+0800][info] GC(446) Archive regions: 2->2
[2024-10-11T04:35:25.998+0800][info] GC(446) Humongous regions: 3->3
[2024-10-11T04:35:25.998+0800][info] GC(446) Metaspace: 1676K(1856K)->1676K(1856K) NonClass: 1552K(1664K)->1552K(1664K) Class: 124K(192K)->124K(192K)
[2024-10-11T04:35:25.998+0800][info] GC(446) Pause Young (Concurrent Start) (G1 Evacuation Pause) 110M->109M(128M) 1.481ms
[2024-10-11T04:35:25.998+0800][info] GC(446) User=0.01s Sys=0.00s Real=0.00s
[2024-10-11T04:35:25.998+0800][info] GC(447) Concurrent Mark Cycle
[2024-10-11T04:35:25.998+0800][info] GC(447) Concurrent Clear Claimed Marks
[2024-10-11T04:35:25.998+0800][info] GC(447) Concurrent Clear Claimed Marks 0.017ms
[2024-10-11T04:35:25.998+0800][info] GC(447) Concurrent Scan Root Regions
[2024-10-11T04:35:25.998+0800][info] GC(447) Concurrent Scan Root Regions 0.152ms
[2024-10-11T04:35:25.998+0800][info] GC(447) Concurrent Mark
[2024-10-11T04:35:25.998+0800][info] GC(447) Concurrent Mark From Roots
[2024-10-11T04:35:25.998+0800][info] GC(447) Using 12 workers of 12 for marking
[2024-10-11T04:35:26.002+0800][info] GC(447) Concurrent Mark From Roots 3.744ms
[2024-10-11T04:35:26.002+0800][info] GC(447) Concurrent Preclean
[2024-10-11T04:35:26.004+0800][info] GC(447) Concurrent Preclean 1.677ms
[2024-10-11T04:35:26.004+0800][info] GC(447) Pause Remark
[2024-10-11T04:35:26.005+0800][info] GC(447) Pause Remark 110M->110M(128M) 1.436ms
[2024-10-11T04:35:26.005+0800][info] GC(447) User=0.01s Sys=0.00s Real=0.01s
[2024-10-11T04:35:26.005+0800][info] GC(447) Concurrent Mark 7.183ms
[2024-10-11T04:35:26.006+0800][info] GC(447) Concurrent Rebuild Remembered Sets
[2024-10-11T04:35:26.007+0800][info] GC(447) Concurrent Rebuild Remembered Sets 1.405ms
[2024-10-11T04:35:26.007+0800][info] GC(447) Pause Cleanup
[2024-10-11T04:35:26.007+0800][info] GC(447) Pause Cleanup 110M->110M(128M) 0.243ms
[2024-10-11T04:35:26.007+0800][info] GC(447) User=0.00s Sys=0.00s Real=0.00s
[2024-10-11T04:35:26.007+0800][info] GC(447) Concurrent Cleanup for Next Mark
[2024-10-11T04:35:26.008+0800][info] GC(447) Concurrent Cleanup for Next Mark 0.439ms
[2024-10-11T04:35:26.008+0800][info] GC(447) Concurrent Mark Cycle 9.798ms
[2024-10-11T04:35:26.151+0800][info] GC(448) Pause Young (Prepare Mixed) (G1 Evacuation Pause)
[2024-10-11T04:35:26.151+0800][info] GC(448) Using 3 workers of 48 for evacuation
[2024-10-11T04:35:26.152+0800][info] GC(448)   Pre Evacuate Collection Set: 0.1ms
[2024-10-11T04:35:26.152+0800][info] GC(448)   Merge Heap Roots: 0.1ms
[2024-10-11T04:35:26.152+0800][info] GC(448)   Evacuate Collection Set: 0.7ms
[2024-10-11T04:35:26.152+0800][info] GC(448)   Post Evacuate Collection Set: 0.2ms
[2024-10-11T04:35:26.152+0800][info] GC(448)   Other: 0.2ms
[2024-10-11T04:35:26.152+0800][info] GC(448) Eden regions: 2->0(2)
[2024-10-11T04:35:26.152+0800][info] GC(448) Survivor regions: 1->1(1)
[2024-10-11T04:35:26.152+0800][info] GC(448) Old regions: 51->53
[2024-10-11T04:35:26.152+0800][info] GC(448) Archive regions: 2->2
[2024-10-11T04:35:26.152+0800][info] GC(448) Humongous regions: 3->3
[2024-10-11T04:35:26.152+0800][info] GC(448) Metaspace: 1676K(1856K)->1676K(1856K) NonClass: 1552K(1664K)->1552K(1664K) Class: 124K(192K)->124K(192K)
[2024-10-11T04:35:26.152+0800][info] GC(448) Pause Young (Prepare Mixed) (G1 Evacuation Pause) 113M->112M(128M) 1.321ms
[2024-10-11T04:35:26.152+0800][info] GC(448) User=0.00s Sys=0.00s Real=0.00s
[2024-10-11T04:35:26.213+0800][info] GC(449) Pause Young (Mixed) (G1 Preventive Collection)
[2024-10-11T04:35:26.213+0800][info] GC(449) Using 3 workers of 48 for evacuation
[2024-10-11T04:35:26.215+0800][info] GC(449)   Pre Evacuate Collection Set: 0.1ms
[2024-10-11T04:35:26.215+0800][info] GC(449)   Merge Heap Roots: 0.1ms
[2024-10-11T04:35:26.215+0800][info] GC(449)   Evacuate Collection Set: 1.2ms
[2024-10-11T04:35:26.215+0800][info] GC(449)   Post Evacuate Collection Set: 0.2ms
[2024-10-11T04:35:26.215+0800][info] GC(449)   Other: 0.2ms
[2024-10-11T04:35:26.215+0800][info] GC(449) Eden regions: 1->0(2)
[2024-10-11T04:35:26.215+0800][info] GC(449) Survivor regions: 1->1(1)
[2024-10-11T04:35:26.215+0800][info] GC(449) Old regions: 53->49
[2024-10-11T04:35:26.215+0800][info] GC(449) Archive regions: 2->2
[2024-10-11T04:35:26.215+0800][info] GC(449) Humongous regions: 3->3
[2024-10-11T04:35:26.215+0800][info] GC(449) Metaspace: 1676K(1856K)->1676K(1856K) NonClass: 1552K(1664K)->1552K(1664K) Class: 124K(192K)->124K(192K)
[2024-10-11T04:35:26.215+0800][info] GC(449) Pause Young (Mixed) (G1 Preventive Collection) 114M->105M(128M) 1.909ms
[2024-10-11T04:35:26.215+0800][info] GC(449) User=0.00s Sys=0.00s Real=0.00s
[2024-10-11T04:35:26.317+0800][info] GC(450) Pause Young (Mixed) (G1 Evacuation Pause)
[2024-10-11T04:35:26.317+0800][info] GC(450) Using 3 workers of 48 for evacuation
[2024-10-11T04:35:26.320+0800][info] GC(450)   Pre Evacuate Collection Set: 0.1ms
[2024-10-11T04:35:26.320+0800][info] GC(450)   Merge Heap Roots: 0.1ms
[2024-10-11T04:35:26.320+0800][info] GC(450)   Evacuate Collection Set: 1.8ms
[2024-10-11T04:35:26.320+0800][info] GC(450)   Post Evacuate Collection Set: 0.2ms
[2024-10-11T04:35:26.320+0800][info] GC(450)   Other: 0.1ms
[2024-10-11T04:35:26.320+0800][info] GC(450) Eden regions: 2->0(2)
[2024-10-11T04:35:26.320+0800][info] GC(450) Survivor regions: 1->1(1)
[2024-10-11T04:35:26.320+0800][info] GC(450) Old regions: 49->47
[2024-10-11T04:35:26.320+0800][info] GC(450) Archive regions: 2->2
[2024-10-11T04:35:26.320+0800][info] GC(450) Humongous regions: 3->3
[2024-10-11T04:35:26.320+0800][info] GC(450) Metaspace: 1676K(1856K)->1676K(1856K) NonClass: 1552K(1664K)->1552K(1664K) Class: 124K(192K)->124K(192K)
[2024-10-11T04:35:26.320+0800][info] GC(450) Pause Young (Mixed) (G1 Evacuation Pause) 108M->102M(128M) 2.474ms
[2024-10-11T04:35:26.320+0800][info] GC(450) User=0.01s Sys=0.00s Real=0.00s
[2024-10-11T04:35:26.422+0800][info] GC(451) Pause Young (Mixed) (G1 Evacuation Pause)
[2024-10-11T04:35:26.422+0800][info] GC(451) Using 3 workers of 48 for evacuation
[2024-10-11T04:35:26.425+0800][info] GC(451)   Pre Evacuate Collection Set: 0.1ms
[2024-10-11T04:35:26.425+0800][info] GC(451)   Merge Heap Roots: 0.1ms
[2024-10-11T04:35:26.425+0800][info] GC(451)   Evacuate Collection Set: 2.4ms
[2024-10-11T04:35:26.425+0800][info] GC(451)   Post Evacuate Collection Set: 0.2ms
[2024-10-11T04:35:26.425+0800][info] GC(451)   Other: 0.1ms
[2024-10-11T04:35:26.425+0800][info] GC(451) Eden regions: 2->0(2)
[2024-10-11T04:35:26.425+0800][info] GC(451) Survivor regions: 1->1(1)
[2024-10-11T04:35:26.425+0800][info] GC(451) Old regions: 47->46
[2024-10-11T04:35:26.425+0800][info] GC(451) Archive regions: 2->2
[2024-10-11T04:35:26.425+0800][info] GC(451) Humongous regions: 3->3
[2024-10-11T04:35:26.425+0800][info] GC(451) Metaspace: 1676K(1856K)->1676K(1856K) NonClass: 1552K(1664K)->1552K(1664K) Class: 124K(192K)->124K(192K)
[2024-10-11T04:35:26.425+0800][info] GC(451) Pause Young (Mixed) (G1 Evacuation Pause) 105M->100M(128M) 3.027ms
[2024-10-11T04:35:26.425+0800][info] GC(451) User=0.00s Sys=0.00s Real=0.00s
[2024-10-11T04:35:26.527+0800][info] GC(452) Pause Young (Mixed) (G1 Evacuation Pause)
[2024-10-11T04:35:26.527+0800][info] GC(452) Using 3 workers of 48 for evacuation
[2024-10-11T04:35:26.529+0800][info] GC(452)   Pre Evacuate Collection Set: 0.1ms
[2024-10-11T04:35:26.529+0800][info] GC(452)   Merge Heap Roots: 0.1ms
[2024-10-11T04:35:26.529+0800][info] GC(452)   Evacuate Collection Set: 2.2ms
[2024-10-11T04:35:26.529+0800][info] GC(452)   Post Evacuate Collection Set: 0.2ms
[2024-10-11T04:35:26.529+0800][info] GC(452)   Other: 0.1ms
[2024-10-11T04:35:26.529+0800][info] GC(452) Eden regions: 2->0(2)
[2024-10-11T04:35:26.529+0800][info] GC(452) Survivor regions: 1->1(1)
[2024-10-11T04:35:26.529+0800][info] GC(452) Old regions: 46->45
[2024-10-11T04:35:26.529+0800][info] GC(452) Archive regions: 2->2
[2024-10-11T04:35:26.529+0800][info] GC(452) Humongous regions: 3->3
[2024-10-11T04:35:26.529+0800][info] GC(452) Metaspace: 1676K(1856K)->1676K(1856K) NonClass: 1552K(1664K)->1552K(1664K) Class: 124K(192K)->124K(192K)
[2024-10-11T04:35:26.530+0800][info] GC(452) Pause Young (Mixed) (G1 Evacuation Pause) 104M->98M(128M) 2.805ms
[2024-10-11T04:35:26.530+0800][info] GC(452) User=0.01s Sys=0.00s Real=0.00s
[2024-10-11T04:35:26.632+0800][info] GC(453) Pause Young (Mixed) (G1 Evacuation Pause)
[2024-10-11T04:35:26.632+0800][info] GC(453) Using 3 workers of 48 for evacuation
[2024-10-11T04:35:26.633+0800][info] GC(453)   Pre Evacuate Collection Set: 0.1ms
[2024-10-11T04:35:26.633+0800][info] GC(453)   Merge Heap Roots: 0.0ms
[2024-10-11T04:35:26.633+0800][info] GC(453)   Evacuate Collection Set: 1.0ms
[2024-10-11T04:35:26.633+0800][info] GC(453)   Post Evacuate Collection Set: 0.2ms
[2024-10-11T04:35:26.633+0800][info] GC(453)   Other: 0.2ms
[2024-10-11T04:35:26.633+0800][info] GC(453) Eden regions: 2->0(2)
[2024-10-11T04:35:26.633+0800][info] GC(453) Survivor regions: 1->1(1)
[2024-10-11T04:35:26.633+0800][info] GC(453) Old regions: 45->46
[2024-10-11T04:35:26.633+0800][info] GC(453) Archive regions: 2->2
[2024-10-11T04:35:26.633+0800][info] GC(453) Humongous regions: 3->3
[2024-10-11T04:35:26.633+0800][info] GC(453) Metaspace: 1676K(1856K)->1676K(1856K) NonClass: 1552K(1664K)->1552K(1664K) Class: 124K(192K)->124K(192K)
[2024-10-11T04:35:26.633+0800][info] GC(453) Pause Young (Mixed) (G1 Evacuation Pause) 101M->101M(128M) 1.658ms
[2024-10-11T04:35:26.633+0800][info] GC(453) User=0.00s Sys=0.00s Real=0.01s
[2024-10-11T04:35:26.735+0800][info] GC(454) Pause Young (Normal) (G1 Evacuation Pause)
[2024-10-11T04:35:26.735+0800][info] GC(454) Using 3 workers of 48 for evacuation
[2024-10-11T04:35:26.736+0800][info] GC(454)   Pre Evacuate Collection Set: 0.1ms
[2024-10-11T04:35:26.736+0800][info] GC(454)   Merge Heap Roots: 0.0ms
[2024-10-11T04:35:26.736+0800][info] GC(454)   Evacuate Collection Set: 0.7ms
[2024-10-11T04:35:26.736+0800][info] GC(454)   Post Evacuate Collection Set: 0.2ms
[2024-10-11T04:35:26.736+0800][info] GC(454)   Other: 0.2ms
[2024-10-11T04:35:26.736+0800][info] GC(454) Eden regions: 2->0(2)
[2024-10-11T04:35:26.736+0800][info] GC(454) Survivor regions: 1->1(1)
[2024-10-11T04:35:26.736+0800][info] GC(454) Old regions: 46->48
[2024-10-11T04:35:26.736+0800][info] GC(454) Archive regions: 2->2
[2024-10-11T04:35:26.736+0800][info] GC(454) Humongous regions: 3->3
[2024-10-11T04:35:26.736+0800][info] GC(454) Metaspace: 1676K(1856K)->1676K(1856K) NonClass: 1552K(1664K)->1552K(1664K) Class: 124K(192K)->124K(192K)
[2024-10-11T04:35:26.736+0800][info] GC(454) Pause Young (Normal) (G1 Evacuation Pause) 104M->104M(128M) 1.343ms
[2024-10-11T04:35:26.736+0800][info] GC(454) User=0.01s Sys=0.00s Real=0.00s
[2024-10-11T04:35:26.839+0800][info] GC(455) Pause Young (Normal) (G1 Evacuation Pause)
[2024-10-11T04:35:26.839+0800][info] GC(455) Using 3 workers of 48 for evacuation
[2024-10-11T04:35:26.840+0800][info] GC(455)   Pre Evacuate Collection Set: 0.1ms
[2024-10-11T04:35:26.840+0800][info] GC(455)   Merge Heap Roots: 0.0ms
[2024-10-11T04:35:26.840+0800][info] GC(455)   Evacuate Collection Set: 0.7ms
[2024-10-11T04:35:26.840+0800][info] GC(455)   Post Evacuate Collection Set: 0.2ms
[2024-10-11T04:35:26.840+0800][info] GC(455)   Other: 0.2ms
[2024-10-11T04:35:26.840+0800][info] GC(455) Eden regions: 2->0(2)
[2024-10-11T04:35:26.840+0800][info] GC(455) Survivor regions: 1->1(1)
[2024-10-11T04:35:26.840+0800][info] GC(455) Old regions: 48->50
[2024-10-11T04:35:26.840+0800][info] GC(455) Archive regions: 2->2
[2024-10-11T04:35:26.840+0800][info] GC(455) Humongous regions: 3->3
[2024-10-11T04:35:26.840+0800][info] GC(455) Metaspace: 1676K(1856K)->1676K(1856K) NonClass: 1552K(1664K)->1552K(1664K) Class: 124K(192K)->124K(192K)
[2024-10-11T04:35:26.840+0800][info] GC(455) Pause Young (Normal) (G1 Evacuation Pause) 108M->108M(128M) 1.262ms
[2024-10-11T04:35:26.840+0800][info] GC(455) User=0.00s Sys=0.00s Real=0.00s
[2024-10-11T04:35:26.942+0800][info] GC(456) Pause Young (Concurrent Start) (G1 Evacuation Pause)
[2024-10-11T04:35:26.942+0800][info] GC(456) Using 3 workers of 48 for evacuation
[2024-10-11T04:35:26.943+0800][info] GC(456)   Pre Evacuate Collection Set: 0.1ms
[2024-10-11T04:35:26.943+0800][info] GC(456)   Merge Heap Roots: 0.0ms
[2024-10-11T04:35:26.943+0800][info] GC(456)   Evacuate Collection Set: 0.7ms
[2024-10-11T04:35:26.943+0800][info] GC(456)   Post Evacuate Collection Set: 0.2ms
[2024-10-11T04:35:26.943+0800][info] GC(456)   Other: 0.4ms
[2024-10-11T04:35:26.943+0800][info] GC(456) Eden regions: 2->0(2)
[2024-10-11T04:35:26.943+0800][info] GC(456) Survivor regions: 1->1(1)
[2024-10-11T04:35:26.943+0800][info] GC(456) Old regions: 50->51
[2024-10-11T04:35:26.943+0800][info] GC(456) Archive regions: 2->2
[2024-10-11T04:35:26.943+0800][info] GC(456) Humongous regions: 3->3
[2024-10-11T04:35:26.943+0800][info] GC(456) Metaspace: 1676K(1856K)->1676K(1856K) NonClass: 1552K(1664K)->1552K(1664K) Class: 124K(192K)->124K(192K)
[2024-10-11T04:35:26.943+0800][info] GC(456) Pause Young (Concurrent Start) (G1 Evacuation Pause) 112M->111M(128M) 1.501ms
[2024-10-11T04:35:26.943+0800][info] GC(456) User=0.01s Sys=0.00s Real=0.00s
[2024-10-11T04:35:26.943+0800][info] GC(457) Concurrent Mark Cycle
[2024-10-11T04:35:26.943+0800][info] GC(457) Concurrent Clear Claimed Marks
[2024-10-11T04:35:26.943+0800][info] GC(457) Concurrent Clear Claimed Marks 0.017ms
[2024-10-11T04:35:26.943+0800][info] GC(457) Concurrent Scan Root Regions
[2024-10-11T04:35:26.944+0800][info] GC(457) Concurrent Scan Root Regions 0.150ms
[2024-10-11T04:35:26.944+0800][info] GC(457) Concurrent Mark
[2024-10-11T04:35:26.944+0800][info] GC(457) Concurrent Mark From Roots
[2024-10-11T04:35:26.944+0800][info] GC(457) Using 12 workers of 12 for marking
[2024-10-11T04:35:26.947+0800][info] GC(457) Concurrent Mark From Roots 3.802ms
[2024-10-11T04:35:26.947+0800][info] GC(457) Concurrent Preclean
[2024-10-11T04:35:26.949+0800][info] GC(457) Concurrent Preclean 1.724ms
[2024-10-11T04:35:26.949+0800][info] GC(457) Pause Remark
[2024-10-11T04:35:26.951+0800][info] GC(457) Pause Remark 112M->110M(128M) 1.455ms
[2024-10-11T04:35:26.951+0800][info] GC(457) User=0.00s Sys=0.00s Real=0.00s
[2024-10-11T04:35:26.951+0800][info] GC(457) Concurrent Mark 7.240ms
[2024-10-11T04:35:26.951+0800][info] GC(457) Concurrent Rebuild Remembered Sets
[2024-10-11T04:35:26.952+0800][info] GC(457) Concurrent Rebuild Remembered Sets 1.371ms
[2024-10-11T04:35:26.952+0800][info] GC(457) Pause Cleanup
[2024-10-11T04:35:26.953+0800][info] GC(457) Pause Cleanup 110M->110M(128M) 0.220ms
[2024-10-11T04:35:26.953+0800][info] GC(457) User=0.00s Sys=0.00s Real=0.00s
[2024-10-11T04:35:26.953+0800][info] GC(457) Concurrent Cleanup for Next Mark
[2024-10-11T04:35:26.953+0800][info] GC(457) Concurrent Cleanup for Next Mark 0.402ms
[2024-10-11T04:35:26.953+0800][info] GC(457) Concurrent Mark Cycle 9.700ms
[2024-10-11T04:35:27.096+0800][info] GC(458) Pause Young (Prepare Mixed) (G1 Evacuation Pause)
[2024-10-11T04:35:27.096+0800][info] GC(458) Using 3 workers of 48 for evacuation
[2024-10-11T04:35:27.098+0800][info] GC(458)   Pre Evacuate Collection Set: 0.1ms
[2024-10-11T04:35:27.098+0800][info] GC(458)   Merge Heap Roots: 0.1ms
[2024-10-11T04:35:27.098+0800][info] GC(458)   Evacuate Collection Set: 1.0ms
[2024-10-11T04:35:27.098+0800][info] GC(458)   Post Evacuate Collection Set: 0.2ms
[2024-10-11T04:35:27.098+0800][info] GC(458)   Other: 0.2ms
[2024-10-11T04:35:27.098+0800][info] GC(458) Eden regions: 2->0(2)
[2024-10-11T04:35:27.098+0800][info] GC(458) Survivor regions: 1->1(1)
[2024-10-11T04:35:27.098+0800][info] GC(458) Old regions: 50->52
[2024-10-11T04:35:27.098+0800][info] GC(458) Archive regions: 2->2
[2024-10-11T04:35:27.098+0800][info] GC(458) Humongous regions: 3->3
[2024-10-11T04:35:27.098+0800][info] GC(458) Metaspace: 1676K(1856K)->1676K(1856K) NonClass: 1552K(1664K)->1552K(1664K) Class: 124K(192K)->124K(192K)
[2024-10-11T04:35:27.098+0800][info] GC(458) Pause Young (Prepare Mixed) (G1 Evacuation Pause) 113M->113M(128M) 1.630ms
[2024-10-11T04:35:27.098+0800][info] GC(458) User=0.00s Sys=0.00s Real=0.00s
[2024-10-11T04:35:27.200+0800][info] GC(459) Pause Young (Mixed) (G1 Preventive Collection)
[2024-10-11T04:35:27.200+0800][info] GC(459) Using 3 workers of 48 for evacuation
[2024-10-11T04:35:27.202+0800][info] GC(459) To-space exhausted
[2024-10-11T04:35:27.202+0800][info] GC(459)   Pre Evacuate Collection Set: 0.1ms
[2024-10-11T04:35:27.202+0800][info] GC(459)   Merge Heap Roots: 0.1ms
[2024-10-11T04:35:27.202+0800][info] GC(459)   Evacuate Collection Set: 1.2ms
[2024-10-11T04:35:27.202+0800][info] GC(459)   Post Evacuate Collection Set: 0.2ms
[2024-10-11T04:35:27.202+0800][info] GC(459)   Other: 0.2ms
[2024-10-11T04:35:27.202+0800][info] GC(459) Eden regions: 2->0(2)
[2024-10-11T04:35:27.202+0800][info] GC(459) Survivor regions: 1->1(1)
[2024-10-11T04:35:27.202+0800][info] GC(459) Old regions: 52->50
[2024-10-11T04:35:27.202+0800][info] GC(459) Archive regions: 2->2
[2024-10-11T04:35:27.202+0800][info] GC(459) Humongous regions: 3->3
[2024-10-11T04:35:27.202+0800][info] GC(459) Metaspace: 1676K(1856K)->1676K(1856K) NonClass: 1552K(1664K)->1552K(1664K) Class: 124K(192K)->124K(192K)
[2024-10-11T04:35:27.202+0800][info] GC(459) Pause Young (Mixed) (G1 Preventive Collection) 116M->109M(128M) 1.882ms
[2024-10-11T04:35:27.202+0800][info] GC(459) User=0.00s Sys=0.00s Real=0.00s
[2024-10-11T04:35:27.263+0800][info] GC(460) Pause Young (Mixed) (G1 Preventive Collection)
[2024-10-11T04:35:27.263+0800][info] GC(460) Using 3 workers of 48 for evacuation
[2024-10-11T04:35:27.265+0800][info] GC(460)   Pre Evacuate Collection Set: 0.1ms
[2024-10-11T04:35:27.265+0800][info] GC(460)   Merge Heap Roots: 0.1ms
[2024-10-11T04:35:27.265+0800][info] GC(460)   Evacuate Collection Set: 1.7ms
[2024-10-11T04:35:27.265+0800][info] GC(460)   Post Evacuate Collection Set: 0.2ms
[2024-10-11T04:35:27.265+0800][info] GC(460)   Other: 0.1ms
[2024-10-11T04:35:27.265+0800][info] GC(460) Eden regions: 2->0(2)
[2024-10-11T04:35:27.265+0800][info] GC(460) Survivor regions: 1->1(1)
[2024-10-11T04:35:27.265+0800][info] GC(460) Old regions: 50->48
[2024-10-11T04:35:27.265+0800][info] GC(460) Archive regions: 2->2
[2024-10-11T04:35:27.265+0800][info] GC(460) Humongous regions: 3->3
[2024-10-11T04:35:27.265+0800][info] GC(460) Metaspace: 1676K(1856K)->1676K(1856K) NonClass: 1552K(1664K)->1552K(1664K) Class: 124K(192K)->124K(192K)
[2024-10-11T04:35:27.265+0800][info] GC(460) Pause Young (Mixed) (G1 Preventive Collection) 112M->105M(128M) 2.292ms
[2024-10-11T04:35:27.265+0800][info] GC(460) User=0.01s Sys=0.00s Real=0.01s
[2024-10-11T04:35:27.389+0800][info] GC(461) Pause Young (Mixed) (G1 Preventive Collection)
[2024-10-11T04:35:27.389+0800][info] GC(461) Using 3 workers of 48 for evacuation
[2024-10-11T04:35:27.391+0800][info] GC(461) To-space exhausted
[2024-10-11T04:35:27.391+0800][info] GC(461)   Pre Evacuate Collection Set: 0.1ms
[2024-10-11T04:35:27.391+0800][info] GC(461)   Merge Heap Roots: 0.1ms
[2024-10-11T04:35:27.391+0800][info] GC(461)   Evacuate Collection Set: 1.7ms
[2024-10-11T04:35:27.391+0800][info] GC(461)   Post Evacuate Collection Set: 0.2ms
[2024-10-11T04:35:27.391+0800][info] GC(461)   Other: 0.2ms
[2024-10-11T04:35:27.391+0800][info] GC(461) Eden regions: 2->0(2)
[2024-10-11T04:35:27.391+0800][info] GC(461) Survivor regions: 1->1(1)
[2024-10-11T04:35:27.391+0800][info] GC(461) Old regions: 48->51
[2024-10-11T04:35:27.391+0800][info] GC(461) Archive regions: 2->2
[2024-10-11T04:35:27.391+0800][info] GC(461) Humongous regions: 4->3
[2024-10-11T04:35:27.391+0800][info] GC(461) Metaspace: 1676K(1856K)->1676K(1856K) NonClass: 1552K(1664K)->1552K(1664K) Class: 124K(192K)->124K(192K)
[2024-10-11T04:35:27.391+0800][info] GC(461) Pause Young (Mixed) (G1 Preventive Collection) 111M->111M(128M) 2.428ms
[2024-10-11T04:35:27.391+0800][info] GC(461) User=0.01s Sys=0.00s Real=0.00s
[2024-10-11T04:35:27.452+0800][info] GC(462) Pause Young (Mixed) (G1 Preventive Collection)
[2024-10-11T04:35:27.452+0800][info] GC(462) Using 3 workers of 48 for evacuation
[2024-10-11T04:35:27.454+0800][info] GC(462) To-space exhausted
[2024-10-11T04:35:27.454+0800][info] GC(462)   Pre Evacuate Collection Set: 0.1ms
[2024-10-11T04:35:27.454+0800][info] GC(462)   Merge Heap Roots: 0.1ms
[2024-10-11T04:35:27.454+0800][info] GC(462)   Evacuate Collection Set: 1.7ms
[2024-10-11T04:35:27.454+0800][info] GC(462)   Post Evacuate Collection Set: 0.3ms
[2024-10-11T04:35:27.454+0800][info] GC(462)   Other: 0.2ms
[2024-10-11T04:35:27.454+0800][info] GC(462) Eden regions: 1->0(2)
[2024-10-11T04:35:27.455+0800][info] GC(462) Survivor regions: 1->1(1)
[2024-10-11T04:35:27.455+0800][info] GC(462) Old regions: 51->52
[2024-10-11T04:35:27.455+0800][info] GC(462) Archive regions: 2->2
[2024-10-11T04:35:27.455+0800][info] GC(462) Humongous regions: 3->3
[2024-10-11T04:35:27.455+0800][info] GC(462) Metaspace: 1676K(1856K)->1676K(1856K) NonClass: 1552K(1664K)->1552K(1664K) Class: 124K(192K)->124K(192K)
[2024-10-11T04:35:27.455+0800][info] GC(462) Pause Young (Mixed) (G1 Preventive Collection) 113M->113M(128M) 2.411ms
[2024-10-11T04:35:27.455+0800][info] GC(462) User=0.00s Sys=0.00s Real=0.01s
[2024-10-11T04:35:27.557+0800][info] GC(463) Pause Young (Mixed) (G1 Preventive Collection)
[2024-10-11T04:35:27.557+0800][info] GC(463) Using 3 workers of 48 for evacuation
[2024-10-11T04:35:27.559+0800][info] GC(463)   Pre Evacuate Collection Set: 0.1ms
[2024-10-11T04:35:27.559+0800][info] GC(463)   Merge Heap Roots: 0.1ms
[2024-10-11T04:35:27.559+0800][info] GC(463)   Evacuate Collection Set: 1.3ms
[2024-10-11T04:35:27.559+0800][info] GC(463)   Post Evacuate Collection Set: 0.2ms
[2024-10-11T04:35:27.559+0800][info] GC(463)   Other: 0.1ms
[2024-10-11T04:35:27.559+0800][info] GC(463) Eden regions: 2->0(2)
[2024-10-11T04:35:27.559+0800][info] GC(463) Survivor regions: 1->1(1)
[2024-10-11T04:35:27.559+0800][info] GC(463) Old regions: 52->54
[2024-10-11T04:35:27.559+0800][info] GC(463) Archive regions: 2->2
[2024-10-11T04:35:27.559+0800][info] GC(463) Humongous regions: 3->3
[2024-10-11T04:35:27.559+0800][info] GC(463) Metaspace: 1676K(1856K)->1676K(1856K) NonClass: 1552K(1664K)->1552K(1664K) Class: 124K(192K)->124K(192K)
[2024-10-11T04:35:27.559+0800][info] GC(463) Pause Young (Mixed) (G1 Preventive Collection) 116M->116M(128M) 1.910ms
[2024-10-11T04:35:27.559+0800][info] GC(463) User=0.01s Sys=0.00s Real=0.00s
[2024-10-11T04:35:27.620+0800][info] GC(464) Pause Young (Concurrent Start) (G1 Preventive Collection)
[2024-10-11T04:35:27.620+0800][info] GC(464) Using 3 workers of 48 for evacuation
[2024-10-11T04:35:27.621+0800][info] GC(464)   Pre Evacuate Collection Set: 0.1ms
[2024-10-11T04:35:27.621+0800][info] GC(464)   Merge Heap Roots: 0.0ms
[2024-10-11T04:35:27.621+0800][info] GC(464)   Evacuate Collection Set: 0.5ms
[2024-10-11T04:35:27.621+0800][info] GC(464)   Post Evacuate Collection Set: 0.2ms
[2024-10-11T04:35:27.621+0800][info] GC(464)   Other: 0.3ms
[2024-10-11T04:35:27.621+0800][info] GC(464) Eden regions: 1->0(2)
[2024-10-11T04:35:27.621+0800][info] GC(464) Survivor regions: 1->1(1)
[2024-10-11T04:35:27.621+0800][info] GC(464) Old regions: 54->55
[2024-10-11T04:35:27.621+0800][info] GC(464) Archive regions: 2->2
[2024-10-11T04:35:27.621+0800][info] GC(464) Humongous regions: 3->3
[2024-10-11T04:35:27.621+0800][info] GC(464) Metaspace: 1676K(1856K)->1676K(1856K) NonClass: 1552K(1664K)->1552K(1664K) Class: 124K(192K)->124K(192K)
[2024-10-11T04:35:27.621+0800][info] GC(464) Pause Young (Concurrent Start) (G1 Preventive Collection) 118M->118M(128M) 1.279ms
[2024-10-11T04:35:27.621+0800][info] GC(464) User=0.00s Sys=0.00s Real=0.00s
[2024-10-11T04:35:27.621+0800][info] GC(465) Concurrent Mark Cycle
[2024-10-11T04:35:27.621+0800][info] GC(465) Concurrent Clear Claimed Marks
[2024-10-11T04:35:27.621+0800][info] GC(465) Concurrent Clear Claimed Marks 0.017ms
[2024-10-11T04:35:27.621+0800][info] GC(465) Concurrent Scan Root Regions
[2024-10-11T04:35:27.622+0800][info] GC(465) Concurrent Scan Root Regions 0.151ms
[2024-10-11T04:35:27.622+0800][info] GC(465) Concurrent Mark
[2024-10-11T04:35:27.622+0800][info] GC(465) Concurrent Mark From Roots
[2024-10-11T04:35:27.622+0800][info] GC(465) Using 12 workers of 12 for marking
[2024-10-11T04:35:27.625+0800][info] GC(465) Concurrent Mark From Roots 3.811ms
[2024-10-11T04:35:27.625+0800][info] GC(465) Concurrent Preclean
[2024-10-11T04:35:27.627+0800][info] GC(465) Concurrent Preclean 1.675ms
[2024-10-11T04:35:27.627+0800][info] GC(465) Pause Remark
[2024-10-11T04:35:27.629+0800][info] GC(465) Pause Remark 118M->117M(128M) 1.464ms
[2024-10-11T04:35:27.629+0800][info] GC(465) User=0.00s Sys=0.00s Real=0.00s
[2024-10-11T04:35:27.629+0800][info] GC(465) Concurrent Mark 7.205ms
[2024-10-11T04:35:27.629+0800][info] GC(465) Concurrent Rebuild Remembered Sets
[2024-10-11T04:35:27.630+0800][info] GC(465) Concurrent Rebuild Remembered Sets 1.268ms
[2024-10-11T04:35:27.630+0800][info] GC(465) Pause Cleanup
[2024-10-11T04:35:27.631+0800][info] GC(465) Pause Cleanup 117M->117M(128M) 0.247ms
[2024-10-11T04:35:27.631+0800][info] GC(465) User=0.00s Sys=0.00s Real=0.00s
[2024-10-11T04:35:27.631+0800][info] GC(465) Concurrent Cleanup for Next Mark
[2024-10-11T04:35:27.631+0800][info] GC(465) Concurrent Cleanup for Next Mark 0.394ms
[2024-10-11T04:35:27.631+0800][info] GC(465) Concurrent Mark Cycle 9.679ms
[2024-10-11T04:35:27.713+0800][info] GC(466) Pause Young (Prepare Mixed) (G1 Preventive Collection)
[2024-10-11T04:35:27.713+0800][info] GC(466) Using 3 workers of 48 for evacuation
[2024-10-11T04:35:27.714+0800][info] GC(466)   Pre Evacuate Collection Set: 0.1ms
[2024-10-11T04:35:27.714+0800][info] GC(466)   Merge Heap Roots: 0.1ms
[2024-10-11T04:35:27.714+0800][info] GC(466)   Evacuate Collection Set: 0.6ms
[2024-10-11T04:35:27.714+0800][info] GC(466)   Post Evacuate Collection Set: 0.2ms
[2024-10-11T04:35:27.714+0800][info] GC(466)   Other: 0.2ms
[2024-10-11T04:35:27.714+0800][info] GC(466) Eden regions: 1->0(2)
[2024-10-11T04:35:27.714+0800][info] GC(466) Survivor regions: 1->1(1)
[2024-10-11T04:35:27.714+0800][info] GC(466) Old regions: 54->55
[2024-10-11T04:35:27.714+0800][info] GC(466) Archive regions: 2->2
[2024-10-11T04:35:27.714+0800][info] GC(466) Humongous regions: 3->3
[2024-10-11T04:35:27.714+0800][info] GC(466) Metaspace: 1676K(1856K)->1676K(1856K) NonClass: 1552K(1664K)->1552K(1664K) Class: 124K(192K)->124K(192K)
[2024-10-11T04:35:27.714+0800][info] GC(466) Pause Young (Prepare Mixed) (G1 Preventive Collection) 118M->118M(128M) 1.226ms
[2024-10-11T04:35:27.714+0800][info] GC(466) User=0.01s Sys=0.00s Real=0.00s
[2024-10-11T04:35:27.776+0800][info] GC(467) Pause Young (Mixed) (G1 Preventive Collection)
[2024-10-11T04:35:27.776+0800][info] GC(467) Using 3 workers of 48 for evacuation
[2024-10-11T04:35:27.777+0800][info] GC(467) To-space exhausted
[2024-10-11T04:35:27.777+0800][info] GC(467)   Pre Evacuate Collection Set: 0.1ms
[2024-10-11T04:35:27.777+0800][info] GC(467)   Merge Heap Roots: 0.0ms
[2024-10-11T04:35:27.777+0800][info] GC(467)   Evacuate Collection Set: 0.5ms
[2024-10-11T04:35:27.777+0800][info] GC(467)   Post Evacuate Collection Set: 0.2ms
[2024-10-11T04:35:27.777+0800][info] GC(467)   Other: 0.2ms
[2024-10-11T04:35:27.777+0800][info] GC(467) Eden regions: 1->0(2)
[2024-10-11T04:35:27.777+0800][info] GC(467) Survivor regions: 1->1(1)
[2024-10-11T04:35:27.777+0800][info] GC(467) Old regions: 55->54
[2024-10-11T04:35:27.777+0800][info] GC(467) Archive regions: 2->2
[2024-10-11T04:35:27.777+0800][info] GC(467) Humongous regions: 3->3
[2024-10-11T04:35:27.777+0800][info] GC(467) Metaspace: 1676K(1856K)->1676K(1856K) NonClass: 1552K(1664K)->1552K(1664K) Class: 124K(192K)->124K(192K)
[2024-10-11T04:35:27.777+0800][info] GC(467) Pause Young (Mixed) (G1 Preventive Collection) 120M->117M(128M) 1.189ms
[2024-10-11T04:35:27.777+0800][info] GC(467) User=0.00s Sys=0.00s Real=0.00s
[2024-10-11T04:35:27.818+0800][info] GC(468) Pause Young (Mixed) (G1 Preventive Collection)
[2024-10-11T04:35:27.818+0800][info] GC(468) Using 3 workers of 48 for evacuation
[2024-10-11T04:35:27.819+0800][info] GC(468) To-space exhausted
[2024-10-11T04:35:27.819+0800][info] GC(468)   Pre Evacuate Collection Set: 0.2ms
[2024-10-11T04:35:27.820+0800][info] GC(468)   Merge Heap Roots: 0.1ms
[2024-10-11T04:35:27.820+0800][info] GC(468)   Evacuate Collection Set: 0.8ms
[2024-10-11T04:35:27.820+0800][info] GC(468)   Post Evacuate Collection Set: 0.2ms
[2024-10-11T04:35:27.820+0800][info] GC(468)   Other: 0.1ms
[2024-10-11T04:35:27.820+0800][info] GC(468) Eden regions: 1->0(2)
[2024-10-11T04:35:27.820+0800][info] GC(468) Survivor regions: 1->1(1)
[2024-10-11T04:35:27.820+0800][info] GC(468) Old regions: 54->55
[2024-10-11T04:35:27.820+0800][info] GC(468) Archive regions: 2->2
[2024-10-11T04:35:27.820+0800][info] GC(468) Humongous regions: 3->3
[2024-10-11T04:35:27.820+0800][info] GC(468) Metaspace: 1676K(1856K)->1676K(1856K) NonClass: 1552K(1664K)->1552K(1664K) Class: 124K(192K)->124K(192K)
[2024-10-11T04:35:27.820+0800][info] GC(468) Pause Young (Mixed) (G1 Preventive Collection) 118M->118M(128M) 1.529ms
[2024-10-11T04:35:27.820+0800][info] GC(468) User=0.00s Sys=0.00s Real=0.00s
[2024-10-11T04:35:27.881+0800][info] GC(469) Pause Young (Mixed) (G1 Preventive Collection)
[2024-10-11T04:35:27.881+0800][info] GC(469) Using 3 workers of 48 for evacuation
[2024-10-11T04:35:27.882+0800][info] GC(469) To-space exhausted
[2024-10-11T04:35:27.882+0800][info] GC(469)   Pre Evacuate Collection Set: 0.1ms
[2024-10-11T04:35:27.882+0800][info] GC(469)   Merge Heap Roots: 0.1ms
[2024-10-11T04:35:27.882+0800][info] GC(469)   Evacuate Collection Set: 0.8ms
[2024-10-11T04:35:27.882+0800][info] GC(469)   Post Evacuate Collection Set: 0.3ms
[2024-10-11T04:35:27.882+0800][info] GC(469)   Other: 0.1ms
[2024-10-11T04:35:27.882+0800][info] GC(469) Eden regions: 1->0(2)
[2024-10-11T04:35:27.882+0800][info] GC(469) Survivor regions: 1->1(1)
[2024-10-11T04:35:27.882+0800][info] GC(469) Old regions: 55->57
[2024-10-11T04:35:27.882+0800][info] GC(469) Archive regions: 2->2
[2024-10-11T04:35:27.882+0800][info] GC(469) Humongous regions: 3->3
[2024-10-11T04:35:27.882+0800][info] GC(469) Metaspace: 1676K(1856K)->1676K(1856K) NonClass: 1552K(1664K)->1552K(1664K) Class: 124K(192K)->124K(192K)
[2024-10-11T04:35:27.882+0800][info] GC(469) Pause Young (Mixed) (G1 Preventive Collection) 120M->122M(128M) 1.581ms
[2024-10-11T04:35:27.882+0800][info] GC(469) User=0.01s Sys=0.00s Real=0.00s
[2024-10-11T04:35:27.923+0800][info] GC(470) Pause Young (Mixed) (G1 Evacuation Pause)
[2024-10-11T04:35:27.923+0800][info] GC(470) Using 3 workers of 48 for evacuation
[2024-10-11T04:35:27.925+0800][info] GC(470) To-space exhausted
[2024-10-11T04:35:27.925+0800][info] GC(470)   Pre Evacuate Collection Set: 0.1ms
[2024-10-11T04:35:27.925+0800][info] GC(470)   Merge Heap Roots: 0.1ms
[2024-10-11T04:35:27.925+0800][info] GC(470)   Evacuate Collection Set: 0.8ms
[2024-10-11T04:35:27.925+0800][info] GC(470)   Post Evacuate Collection Set: 0.9ms
[2024-10-11T04:35:27.925+0800][info] GC(470)   Other: 0.2ms
[2024-10-11T04:35:27.925+0800][info] GC(470) Eden regions: 1->0(3)
[2024-10-11T04:35:27.925+0800][info] GC(470) Survivor regions: 1->0(0)
[2024-10-11T04:35:27.925+0800][info] GC(470) Old regions: 57->59
[2024-10-11T04:35:27.925+0800][info] GC(470) Archive regions: 2->2
[2024-10-11T04:35:27.925+0800][info] GC(470) Humongous regions: 3->3
[2024-10-11T04:35:27.925+0800][info] GC(470) Metaspace: 1676K(1856K)->1676K(1856K) NonClass: 1552K(1664K)->1552K(1664K) Class: 124K(192K)->124K(192K)
[2024-10-11T04:35:27.925+0800][info] GC(470) Pause Young (Mixed) (G1 Evacuation Pause) 124M->124M(128M) 2.088ms
[2024-10-11T04:35:27.926+0800][info] GC(470) User=0.00s Sys=0.00s Real=0.01s
[2024-10-11T04:35:27.926+0800][info] Attempting full compaction
[2024-10-11T04:35:27.926+0800][info] GC(471) Using 3 workers of 48 for full compaction
[2024-10-11T04:35:27.926+0800][info] GC(471) Pause Full (G1 Compaction Pause)
[2024-10-11T04:35:27.926+0800][info] GC(471) Phase 1: Mark live objects
[2024-10-11T04:35:27.929+0800][info] GC(471) Phase 1: Mark live objects 3.179ms
[2024-10-11T04:35:27.929+0800][info] GC(471) Phase 2: Prepare for compaction
[2024-10-11T04:35:27.929+0800][info] GC(471) Phase 2: Prepare for compaction 0.587ms
[2024-10-11T04:35:27.929+0800][info] GC(471) Phase 3: Adjust pointers
[2024-10-11T04:35:27.931+0800][info] GC(471) Phase 3: Adjust pointers 1.638ms
[2024-10-11T04:35:27.931+0800][info] GC(471) Phase 4: Compact heap
[2024-10-11T04:35:27.941+0800][info] GC(471) Phase 4: Compact heap 9.730ms
[2024-10-11T04:35:27.942+0800][info] GC(471) Eden regions: 0->0(3)
[2024-10-11T04:35:27.942+0800][info] GC(471) Survivor regions: 0->0(0)
[2024-10-11T04:35:27.942+0800][info] GC(471) Old regions: 59->39
[2024-10-11T04:35:27.942+0800][info] GC(471) Archive regions: 2->2
[2024-10-11T04:35:27.942+0800][info] GC(471) Humongous regions: 3->3
[2024-10-11T04:35:27.942+0800][info] GC(471) Metaspace: 1676K(1856K)->1676K(1856K) NonClass: 1552K(1664K)->1552K(1664K) Class: 124K(192K)->124K(192K)
[2024-10-11T04:35:27.942+0800][info] GC(471) Pause Full (G1 Compaction Pause) 124M->72M(128M) 16.807ms
[2024-10-11T04:35:27.942+0800][info] GC(471) User=0.04s Sys=0.00s Real=0.01s
[2024-10-11T04:35:28.106+0800][info] GC(472) Pause Young (Normal) (G1 Evacuation Pause)
[2024-10-11T04:35:28.106+0800][info] GC(472) Using 3 workers of 48 for evacuation
[2024-10-11T04:35:28.108+0800][info] GC(472)   Pre Evacuate Collection Set: 0.1ms
[2024-10-11T04:35:28.108+0800][info] GC(472)   Merge Heap Roots: 0.0ms
[2024-10-11T04:35:28.108+0800][info] GC(472)   Evacuate Collection Set: 0.9ms
[2024-10-11T04:35:28.108+0800][info] GC(472)   Post Evacuate Collection Set: 0.2ms
[2024-10-11T04:35:28.108+0800][info] GC(472)   Other: 0.3ms
[2024-10-11T04:35:28.108+0800][info] GC(472) Eden regions: 3->0(2)
[2024-10-11T04:35:28.108+0800][info] GC(472) Survivor regions: 0->1(1)
[2024-10-11T04:35:28.108+0800][info] GC(472) Old regions: 39->41
[2024-10-11T04:35:28.108+0800][info] GC(472) Archive regions: 2->2
[2024-10-11T04:35:28.108+0800][info] GC(472) Humongous regions: 3->3
[2024-10-11T04:35:28.108+0800][info] GC(472) Metaspace: 1676K(1856K)->1676K(1856K) NonClass: 1552K(1664K)->1552K(1664K) Class: 124K(192K)->124K(192K)
[2024-10-11T04:35:28.108+0800][info] GC(472) Pause Young (Normal) (G1 Evacuation Pause) 78M->78M(128M) 1.533ms
[2024-10-11T04:35:28.108+0800][info] GC(472) User=0.00s Sys=0.00s Real=0.00s
[2024-10-11T04:35:28.210+0800][info] GC(473) Pause Young (Normal) (G1 Evacuation Pause)
[2024-10-11T04:35:28.210+0800][info] GC(473) Using 3 workers of 48 for evacuation
[2024-10-11T04:35:28.211+0800][info] GC(473)   Pre Evacuate Collection Set: 0.1ms
[2024-10-11T04:35:28.211+0800][info] GC(473)   Merge Heap Roots: 0.1ms
[2024-10-11T04:35:28.211+0800][info] GC(473)   Evacuate Collection Set: 0.7ms
[2024-10-11T04:35:28.211+0800][info] GC(473)   Post Evacuate Collection Set: 0.2ms
[2024-10-11T04:35:28.211+0800][info] GC(473)   Other: 0.2ms
[2024-10-11T04:35:28.211+0800][info] GC(473) Eden regions: 2->0(2)
[2024-10-11T04:35:28.211+0800][info] GC(473) Survivor regions: 1->1(1)
[2024-10-11T04:35:28.211+0800][info] GC(473) Old regions: 41->43
[2024-10-11T04:35:28.211+0800][info] GC(473) Archive regions: 2->2
[2024-10-11T04:35:28.211+0800][info] GC(473) Humongous regions: 3->3
[2024-10-11T04:35:28.211+0800][info] GC(473) Metaspace: 1676K(1856K)->1676K(1856K) NonClass: 1552K(1664K)->1552K(1664K) Class: 124K(192K)->124K(192K)
[2024-10-11T04:35:28.211+0800][info] GC(473) Pause Young (Normal) (G1 Evacuation Pause) 81M->82M(128M) 1.231ms
[2024-10-11T04:35:28.211+0800][info] GC(473) User=0.00s Sys=0.00s Real=0.00s
[2024-10-11T04:35:28.313+0800][info] GC(474) Pause Young (Normal) (G1 Evacuation Pause)
[2024-10-11T04:35:28.313+0800][info] GC(474) Using 3 workers of 48 for evacuation
[2024-10-11T04:35:28.314+0800][info] GC(474)   Pre Evacuate Collection Set: 0.1ms
[2024-10-11T04:35:28.314+0800][info] GC(474)   Merge Heap Roots: 0.0ms
[2024-10-11T04:35:28.314+0800][info] GC(474)   Evacuate Collection Set: 0.8ms
[2024-10-11T04:35:28.314+0800][info] GC(474)   Post Evacuate Collection Set: 0.2ms
[2024-10-11T04:35:28.314+0800][info] GC(474)   Other: 0.2ms
[2024-10-11T04:35:28.314+0800][info] GC(474) Eden regions: 2->0(2)
[2024-10-11T04:35:28.314+0800][info] GC(474) Survivor regions: 1->1(1)
[2024-10-11T04:35:28.314+0800][info] GC(474) Old regions: 43->45
[2024-10-11T04:35:28.314+0800][info] GC(474) Archive regions: 2->2
[2024-10-11T04:35:28.314+0800][info] GC(474) Humongous regions: 3->3
[2024-10-11T04:35:28.314+0800][info] GC(474) Metaspace: 1676K(1856K)->1676K(1856K) NonClass: 1552K(1664K)->1552K(1664K) Class: 124K(192K)->124K(192K)
[2024-10-11T04:35:28.314+0800][info] GC(474) Pause Young (Normal) (G1 Evacuation Pause) 85M->86M(128M) 1.387ms
[2024-10-11T04:35:28.314+0800][info] GC(474) User=0.00s Sys=0.00s Real=0.01s
[2024-10-11T04:35:28.416+0800][info] GC(475) Pause Young (Normal) (G1 Evacuation Pause)
[2024-10-11T04:35:28.416+0800][info] GC(475) Using 3 workers of 48 for evacuation
[2024-10-11T04:35:28.418+0800][info] GC(475)   Pre Evacuate Collection Set: 0.1ms
[2024-10-11T04:35:28.418+0800][info] GC(475)   Merge Heap Roots: 0.0ms
[2024-10-11T04:35:28.418+0800][info] GC(475)   Evacuate Collection Set: 0.7ms
[2024-10-11T04:35:28.418+0800][info] GC(475)   Post Evacuate Collection Set: 0.2ms
[2024-10-11T04:35:28.418+0800][info] GC(475)   Other: 0.2ms
[2024-10-11T04:35:28.418+0800][info] GC(475) Eden regions: 2->0(2)
[2024-10-11T04:35:28.418+0800][info] GC(475) Survivor regions: 1->1(1)
[2024-10-11T04:35:28.418+0800][info] GC(475) Old regions: 45->47
[2024-10-11T04:35:28.418+0800][info] GC(475) Archive regions: 2->2
[2024-10-11T04:35:28.418+0800][info] GC(475) Humongous regions: 3->3
[2024-10-11T04:35:28.418+0800][info] GC(475) Metaspace: 1676K(1856K)->1676K(1856K) NonClass: 1552K(1664K)->1552K(1664K) Class: 124K(192K)->124K(192K)
[2024-10-11T04:35:28.418+0800][info] GC(475) Pause Young (Normal) (G1 Evacuation Pause) 89M->89M(128M) 1.277ms
[2024-10-11T04:35:28.418+0800][info] GC(475) User=0.00s Sys=0.00s Real=0.00s
[2024-10-11T04:35:28.520+0800][info] GC(476) Pause Young (Concurrent Start) (G1 Evacuation Pause)
[2024-10-11T04:35:28.520+0800][info] GC(476) Using 3 workers of 48 for evacuation
[2024-10-11T04:35:28.521+0800][info] GC(476)   Pre Evacuate Collection Set: 0.1ms
[2024-10-11T04:35:28.521+0800][info] GC(476)   Merge Heap Roots: 0.0ms
[2024-10-11T04:35:28.521+0800][info] GC(476)   Evacuate Collection Set: 0.7ms
[2024-10-11T04:35:28.521+0800][info] GC(476)   Post Evacuate Collection Set: 0.2ms
[2024-10-11T04:35:28.521+0800][info] GC(476)   Other: 0.3ms
[2024-10-11T04:35:28.521+0800][info] GC(476) Eden regions: 2->0(2)
[2024-10-11T04:35:28.521+0800][info] GC(476) Survivor regions: 1->1(1)
[2024-10-11T04:35:28.521+0800][info] GC(476) Old regions: 47->49
[2024-10-11T04:35:28.521+0800][info] GC(476) Archive regions: 2->2
[2024-10-11T04:35:28.521+0800][info] GC(476) Humongous regions: 3->3
[2024-10-11T04:35:28.521+0800][info] GC(476) Metaspace: 1676K(1856K)->1676K(1856K) NonClass: 1552K(1664K)->1552K(1664K) Class: 124K(192K)->124K(192K)
[2024-10-11T04:35:28.521+0800][info] GC(476) Pause Young (Concurrent Start) (G1 Evacuation Pause) 93M->93M(128M) 1.429ms
[2024-10-11T04:35:28.521+0800][info] GC(476) User=0.01s Sys=0.00s Real=0.00s
[2024-10-11T04:35:28.521+0800][info] GC(477) Concurrent Mark Cycle
[2024-10-11T04:35:28.521+0800][info] GC(477) Concurrent Clear Claimed Marks
[2024-10-11T04:35:28.521+0800][info] GC(477) Concurrent Clear Claimed Marks 0.017ms
[2024-10-11T04:35:28.521+0800][info] GC(477) Concurrent Scan Root Regions
[2024-10-11T04:35:28.521+0800][info] GC(477) Concurrent Scan Root Regions 0.097ms
[2024-10-11T04:35:28.521+0800][info] GC(477) Concurrent Mark
[2024-10-11T04:35:28.521+0800][info] GC(477) Concurrent Mark From Roots
[2024-10-11T04:35:28.521+0800][info] GC(477) Using 12 workers of 12 for marking
[2024-10-11T04:35:28.525+0800][info] GC(477) Concurrent Mark From Roots 3.772ms
[2024-10-11T04:35:28.525+0800][info] GC(477) Concurrent Preclean
[2024-10-11T04:35:28.527+0800][info] GC(477) Concurrent Preclean 1.674ms
[2024-10-11T04:35:28.527+0800][info] GC(477) Pause Remark
[2024-10-11T04:35:28.528+0800][info] GC(477) Pause Remark 93M->93M(128M) 1.518ms
[2024-10-11T04:35:28.528+0800][info] GC(477) User=0.00s Sys=0.00s Real=0.00s
[2024-10-11T04:35:28.529+0800][info] GC(477) Concurrent Mark 7.288ms
[2024-10-11T04:35:28.529+0800][info] GC(477) Concurrent Rebuild Remembered Sets
[2024-10-11T04:35:28.530+0800][info] GC(477) Concurrent Rebuild Remembered Sets 1.201ms
[2024-10-11T04:35:28.530+0800][info] GC(477) Pause Cleanup
[2024-10-11T04:35:28.530+0800][info] GC(477) Pause Cleanup 93M->93M(128M) 0.249ms
[2024-10-11T04:35:28.530+0800][info] GC(477) User=0.00s Sys=0.00s Real=0.00s
[2024-10-11T04:35:28.530+0800][info] GC(477) Concurrent Cleanup for Next Mark
[2024-10-11T04:35:28.531+0800][info] GC(477) Concurrent Cleanup for Next Mark 0.340ms
[2024-10-11T04:35:28.531+0800][info] GC(477) Concurrent Mark Cycle 9.566ms
[2024-10-11T04:35:28.674+0800][info] GC(478) Pause Young (Prepare Mixed) (G1 Evacuation Pause)
[2024-10-11T04:35:28.674+0800][info] GC(478) Using 3 workers of 48 for evacuation
[2024-10-11T04:35:28.676+0800][info] GC(478)   Pre Evacuate Collection Set: 0.1ms
[2024-10-11T04:35:28.676+0800][info] GC(478)   Merge Heap Roots: 0.1ms
[2024-10-11T04:35:28.676+0800][info] GC(478)   Evacuate Collection Set: 0.8ms
[2024-10-11T04:35:28.676+0800][info] GC(478)   Post Evacuate Collection Set: 0.2ms
[2024-10-11T04:35:28.676+0800][info] GC(478)   Other: 0.2ms
[2024-10-11T04:35:28.676+0800][info] GC(478) Eden regions: 2->0(2)
[2024-10-11T04:35:28.676+0800][info] GC(478) Survivor regions: 1->1(1)
[2024-10-11T04:35:28.676+0800][info] GC(478) Old regions: 49->51
[2024-10-11T04:35:28.676+0800][info] GC(478) Archive regions: 2->2
[2024-10-11T04:35:28.676+0800][info] GC(478) Humongous regions: 3->3
[2024-10-11T04:35:28.676+0800][info] GC(478) Metaspace: 1676K(1856K)->1676K(1856K) NonClass: 1552K(1664K)->1552K(1664K) Class: 124K(192K)->124K(192K)
[2024-10-11T04:35:28.676+0800][info] GC(478) Pause Young (Prepare Mixed) (G1 Evacuation Pause) 96M->96M(128M) 1.417ms
[2024-10-11T04:35:28.676+0800][info] GC(478) User=0.00s Sys=0.00s Real=0.00s
[2024-10-11T04:35:28.778+0800][info] GC(479) Pause Young (Mixed) (G1 Preventive Collection)
[2024-10-11T04:35:28.778+0800][info] GC(479) Using 3 workers of 48 for evacuation
[2024-10-11T04:35:28.780+0800][info] GC(479)   Pre Evacuate Collection Set: 0.1ms
[2024-10-11T04:35:28.780+0800][info] GC(479)   Merge Heap Roots: 0.1ms
[2024-10-11T04:35:28.780+0800][info] GC(479)   Evacuate Collection Set: 1.5ms
[2024-10-11T04:35:28.780+0800][info] GC(479)   Post Evacuate Collection Set: 0.2ms
[2024-10-11T04:35:28.780+0800][info] GC(479)   Other: 0.2ms
[2024-10-11T04:35:28.780+0800][info] GC(479) Eden regions: 2->0(2)
[2024-10-11T04:35:28.780+0800][info] GC(479) Survivor regions: 1->1(1)
[2024-10-11T04:35:28.780+0800][info] GC(479) Old regions: 51->48
[2024-10-11T04:35:28.780+0800][info] GC(479) Archive regions: 2->2
[2024-10-11T04:35:28.780+0800][info] GC(479) Humongous regions: 3->3
[2024-10-11T04:35:28.780+0800][info] GC(479) Metaspace: 1676K(1856K)->1676K(1856K) NonClass: 1552K(1664K)->1552K(1664K) Class: 124K(192K)->124K(192K)
[2024-10-11T04:35:28.780+0800][info] GC(479) Pause Young (Mixed) (G1 Preventive Collection) 100M->97M(128M) 2.149ms
[2024-10-11T04:35:28.780+0800][info] GC(479) User=0.00s Sys=0.00s Real=0.00s
[2024-10-11T04:35:28.882+0800][info] GC(480) Pause Young (Mixed) (G1 Evacuation Pause)
[2024-10-11T04:35:28.882+0800][info] GC(480) Using 3 workers of 48 for evacuation
[2024-10-11T04:35:28.884+0800][info] GC(480)   Pre Evacuate Collection Set: 0.1ms
[2024-10-11T04:35:28.884+0800][info] GC(480)   Merge Heap Roots: 0.1ms
[2024-10-11T04:35:28.884+0800][info] GC(480)   Evacuate Collection Set: 1.8ms
[2024-10-11T04:35:28.884+0800][info] GC(480)   Post Evacuate Collection Set: 0.2ms
[2024-10-11T04:35:28.884+0800][info] GC(480)   Other: 0.1ms
[2024-10-11T04:35:28.884+0800][info] GC(480) Eden regions: 2->0(2)
[2024-10-11T04:35:28.884+0800][info] GC(480) Survivor regions: 1->1(1)
[2024-10-11T04:35:28.884+0800][info] GC(480) Old regions: 48->47
[2024-10-11T04:35:28.884+0800][info] GC(480) Archive regions: 2->2
[2024-10-11T04:35:28.884+0800][info] GC(480) Humongous regions: 3->3
[2024-10-11T04:35:28.884+0800][info] GC(480) Metaspace: 1676K(1856K)->1676K(1856K) NonClass: 1552K(1664K)->1552K(1664K) Class: 124K(192K)->124K(192K)
[2024-10-11T04:35:28.884+0800][info] GC(480) Pause Young (Mixed) (G1 Evacuation Pause) 100M->96M(128M) 2.379ms
[2024-10-11T04:35:28.884+0800][info] GC(480) User=0.01s Sys=0.01s Real=0.00s
[2024-10-11T04:35:28.986+0800][info] GC(481) Pause Young (Mixed) (G1 Evacuation Pause)
[2024-10-11T04:35:28.986+0800][info] GC(481) Using 3 workers of 48 for evacuation
[2024-10-11T04:35:28.989+0800][info] GC(481)   Pre Evacuate Collection Set: 0.1ms
[2024-10-11T04:35:28.989+0800][info] GC(481)   Merge Heap Roots: 0.1ms
[2024-10-11T04:35:28.989+0800][info] GC(481)   Evacuate Collection Set: 2.0ms
[2024-10-11T04:35:28.989+0800][info] GC(481)   Post Evacuate Collection Set: 0.2ms
[2024-10-11T04:35:28.989+0800][info] GC(481)   Other: 0.1ms
[2024-10-11T04:35:28.989+0800][info] GC(481) Eden regions: 2->0(2)
[2024-10-11T04:35:28.989+0800][info] GC(481) Survivor regions: 1->1(1)
[2024-10-11T04:35:28.989+0800][info] GC(481) Old regions: 47->47
[2024-10-11T04:35:28.989+0800][info] GC(481) Archive regions: 2->2
[2024-10-11T04:35:28.989+0800][info] GC(481) Humongous regions: 3->3
[2024-10-11T04:35:28.989+0800][info] GC(481) Metaspace: 1676K(1856K)->1676K(1856K) NonClass: 1552K(1664K)->1552K(1664K) Class: 124K(192K)->124K(192K)
[2024-10-11T04:35:28.989+0800][info] GC(481) Pause Young (Mixed) (G1 Evacuation Pause) 100M->97M(128M) 2.645ms
[2024-10-11T04:35:28.989+0800][info] GC(481) User=0.00s Sys=0.00s Real=0.00s
[2024-10-11T04:35:29.091+0800][info] GC(482) Pause Young (Mixed) (G1 Evacuation Pause)
[2024-10-11T04:35:29.091+0800][info] GC(482) Using 3 workers of 48 for evacuation
[2024-10-11T04:35:29.094+0800][info] GC(482)   Pre Evacuate Collection Set: 0.1ms
[2024-10-11T04:35:29.094+0800][info] GC(482)   Merge Heap Roots: 0.1ms
[2024-10-11T04:35:29.094+0800][info] GC(482)   Evacuate Collection Set: 2.2ms
[2024-10-11T04:35:29.094+0800][info] GC(482)   Post Evacuate Collection Set: 0.2ms
[2024-10-11T04:35:29.094+0800][info] GC(482)   Other: 0.1ms
[2024-10-11T04:35:29.094+0800][info] GC(482) Eden regions: 2->0(2)
[2024-10-11T04:35:29.094+0800][info] GC(482) Survivor regions: 1->1(1)
[2024-10-11T04:35:29.094+0800][info] GC(482) Old regions: 47->47
[2024-10-11T04:35:29.094+0800][info] GC(482) Archive regions: 2->2
[2024-10-11T04:35:29.094+0800][info] GC(482) Humongous regions: 3->3
[2024-10-11T04:35:29.094+0800][info] GC(482) Metaspace: 1676K(1856K)->1676K(1856K) NonClass: 1552K(1664K)->1552K(1664K) Class: 124K(192K)->124K(192K)
[2024-10-11T04:35:29.094+0800][info] GC(482) Pause Young (Mixed) (G1 Evacuation Pause) 100M->98M(128M) 2.809ms
[2024-10-11T04:35:29.094+0800][info] GC(482) User=0.00s Sys=0.00s Real=0.01s
[2024-10-11T04:35:29.196+0800][info] GC(483) Pause Young (Normal) (G1 Evacuation Pause)
[2024-10-11T04:35:29.196+0800][info] GC(483) Using 3 workers of 48 for evacuation
[2024-10-11T04:35:29.197+0800][info] GC(483)   Pre Evacuate Collection Set: 0.1ms
[2024-10-11T04:35:29.197+0800][info] GC(483)   Merge Heap Roots: 0.0ms
[2024-10-11T04:35:29.197+0800][info] GC(483)   Evacuate Collection Set: 0.7ms
[2024-10-11T04:35:29.197+0800][info] GC(483)   Post Evacuate Collection Set: 0.2ms
[2024-10-11T04:35:29.197+0800][info] GC(483)   Other: 0.2ms
[2024-10-11T04:35:29.197+0800][info] GC(483) Eden regions: 2->0(2)
[2024-10-11T04:35:29.197+0800][info] GC(483) Survivor regions: 1->1(1)
[2024-10-11T04:35:29.197+0800][info] GC(483) Old regions: 47->48
[2024-10-11T04:35:29.197+0800][info] GC(483) Archive regions: 2->2
[2024-10-11T04:35:29.197+0800][info] GC(483) Humongous regions: 3->3
[2024-10-11T04:35:29.197+0800][info] GC(483) Metaspace: 1676K(1856K)->1676K(1856K) NonClass: 1552K(1664K)->1552K(1664K) Class: 124K(192K)->124K(192K)
[2024-10-11T04:35:29.197+0800][info] GC(483) Pause Young (Normal) (G1 Evacuation Pause) 102M->102M(128M) 1.233ms
[2024-10-11T04:35:29.197+0800][info] GC(483) User=0.01s Sys=0.00s Real=0.00s
[2024-10-11T04:35:29.299+0800][info] GC(484) Pause Young (Normal) (G1 Evacuation Pause)
[2024-10-11T04:35:29.299+0800][info] GC(484) Using 3 workers of 48 for evacuation
[2024-10-11T04:35:29.300+0800][info] GC(484)   Pre Evacuate Collection Set: 0.1ms
[2024-10-11T04:35:29.300+0800][info] GC(484)   Merge Heap Roots: 0.0ms
[2024-10-11T04:35:29.300+0800][info] GC(484)   Evacuate Collection Set: 0.8ms
[2024-10-11T04:35:29.300+0800][info] GC(484)   Post Evacuate Collection Set: 0.2ms
[2024-10-11T04:35:29.300+0800][info] GC(484)   Other: 0.2ms
[2024-10-11T04:35:29.300+0800][info] GC(484) Eden regions: 2->0(2)
[2024-10-11T04:35:29.300+0800][info] GC(484) Survivor regions: 1->1(1)
[2024-10-11T04:35:29.300+0800][info] GC(484) Old regions: 48->50
[2024-10-11T04:35:29.300+0800][info] GC(484) Archive regions: 2->2
[2024-10-11T04:35:29.300+0800][info] GC(484) Humongous regions: 3->3
[2024-10-11T04:35:29.300+0800][info] GC(484) Metaspace: 1676K(1856K)->1676K(1856K) NonClass: 1552K(1664K)->1552K(1664K) Class: 124K(192K)->124K(192K)
[2024-10-11T04:35:29.300+0800][info] GC(484) Pause Young (Normal) (G1 Evacuation Pause) 105M->106M(128M) 1.391ms
[2024-10-11T04:35:29.300+0800][info] GC(484) User=0.00s Sys=0.00s Real=0.00s
[2024-10-11T04:35:29.402+0800][info] GC(485) Pause Young (Concurrent Start) (G1 Evacuation Pause)
[2024-10-11T04:35:29.402+0800][info] GC(485) Using 3 workers of 48 for evacuation
[2024-10-11T04:35:29.404+0800][info] GC(485)   Pre Evacuate Collection Set: 0.1ms
[2024-10-11T04:35:29.404+0800][info] GC(485)   Merge Heap Roots: 0.0ms
[2024-10-11T04:35:29.404+0800][info] GC(485)   Evacuate Collection Set: 0.9ms
[2024-10-11T04:35:29.404+0800][info] GC(485)   Post Evacuate Collection Set: 0.2ms
[2024-10-11T04:35:29.404+0800][info] GC(485)   Other: 0.4ms
[2024-10-11T04:35:29.404+0800][info] GC(485) Eden regions: 2->0(2)
[2024-10-11T04:35:29.404+0800][info] GC(485) Survivor regions: 1->1(1)
[2024-10-11T04:35:29.404+0800][info] GC(485) Old regions: 50->52
[2024-10-11T04:35:29.404+0800][info] GC(485) Archive regions: 2->2
[2024-10-11T04:35:29.404+0800][info] GC(485) Humongous regions: 3->3
[2024-10-11T04:35:29.404+0800][info] GC(485) Metaspace: 1676K(1856K)->1676K(1856K) NonClass: 1552K(1664K)->1552K(1664K) Class: 124K(192K)->124K(192K)
[2024-10-11T04:35:29.404+0800][info] GC(485) Pause Young (Concurrent Start) (G1 Evacuation Pause) 109M->110M(128M) 1.712ms
[2024-10-11T04:35:29.404+0800][info] GC(485) User=0.00s Sys=0.00s Real=0.00s
[2024-10-11T04:35:29.404+0800][info] GC(486) Concurrent Mark Cycle
[2024-10-11T04:35:29.404+0800][info] GC(486) Concurrent Clear Claimed Marks
[2024-10-11T04:35:29.404+0800][info] GC(486) Concurrent Clear Claimed Marks 0.017ms
[2024-10-11T04:35:29.404+0800][info] GC(486) Concurrent Scan Root Regions
[2024-10-11T04:35:29.404+0800][info] GC(486) Concurrent Scan Root Regions 0.171ms
[2024-10-11T04:35:29.404+0800][info] GC(486) Concurrent Mark
[2024-10-11T04:35:29.404+0800][info] GC(486) Concurrent Mark From Roots
[2024-10-11T04:35:29.404+0800][info] GC(486) Using 12 workers of 12 for marking
[2024-10-11T04:35:29.411+0800][info] GC(486) Concurrent Mark From Roots 6.336ms
[2024-10-11T04:35:29.411+0800][info] GC(486) Concurrent Preclean
[2024-10-11T04:35:29.412+0800][info] GC(486) Concurrent Preclean 1.679ms
[2024-10-11T04:35:29.412+0800][info] GC(486) Pause Remark
[2024-10-11T04:35:29.414+0800][info] GC(486) Pause Remark 110M->110M(128M) 1.431ms
[2024-10-11T04:35:29.414+0800][info] GC(486) User=0.00s Sys=0.00s Real=0.01s
[2024-10-11T04:35:29.414+0800][info] GC(486) Concurrent Mark 9.691ms
[2024-10-11T04:35:29.414+0800][info] GC(486) Concurrent Rebuild Remembered Sets
[2024-10-11T04:35:29.415+0800][info] GC(486) Concurrent Rebuild Remembered Sets 1.391ms
[2024-10-11T04:35:29.416+0800][info] GC(486) Pause Cleanup
[2024-10-11T04:35:29.416+0800][info] GC(486) Pause Cleanup 110M->110M(128M) 0.190ms
[2024-10-11T04:35:29.416+0800][info] GC(486) User=0.00s Sys=0.00s Real=0.00s
[2024-10-11T04:35:29.416+0800][info] GC(486) Concurrent Cleanup for Next Mark
[2024-10-11T04:35:29.416+0800][info] GC(486) Concurrent Cleanup for Next Mark 0.398ms
[2024-10-11T04:35:29.416+0800][info] GC(486) Concurrent Mark Cycle 12.218ms
[2024-10-11T04:35:29.517+0800][info] GC(487) Pause Young (Prepare Mixed) (G1 Preventive Collection)
[2024-10-11T04:35:29.517+0800][info] GC(487) Using 3 workers of 48 for evacuation
[2024-10-11T04:35:29.518+0800][info] GC(487)   Pre Evacuate Collection Set: 0.1ms
[2024-10-11T04:35:29.518+0800][info] GC(487)   Merge Heap Roots: 0.1ms
[2024-10-11T04:35:29.518+0800][info] GC(487)   Evacuate Collection Set: 0.7ms
[2024-10-11T04:35:29.518+0800][info] GC(487)   Post Evacuate Collection Set: 0.2ms
[2024-10-11T04:35:29.518+0800][info] GC(487)   Other: 0.2ms
[2024-10-11T04:35:29.518+0800][info] GC(487) Eden regions: 2->0(2)
[2024-10-11T04:35:29.518+0800][info] GC(487) Survivor regions: 1->1(1)
[2024-10-11T04:35:29.518+0800][info] GC(487) Old regions: 52->54
[2024-10-11T04:35:29.518+0800][info] GC(487) Archive regions: 2->2
[2024-10-11T04:35:29.518+0800][info] GC(487) Humongous regions: 3->3
[2024-10-11T04:35:29.518+0800][info] GC(487) Metaspace: 1676K(1856K)->1676K(1856K) NonClass: 1552K(1664K)->1552K(1664K) Class: 124K(192K)->124K(192K)
[2024-10-11T04:35:29.518+0800][info] GC(487) Pause Young (Prepare Mixed) (G1 Preventive Collection) 112M->113M(128M) 1.342ms
[2024-10-11T04:35:29.518+0800][info] GC(487) User=0.00s Sys=0.00s Real=0.00s
[2024-10-11T04:35:29.519+0800][info] GC(488) Pause Young (Mixed) (G1 Preventive Collection)
[2024-10-11T04:35:29.519+0800][info] GC(488) Using 3 workers of 48 for evacuation
[2024-10-11T04:35:29.520+0800][info] GC(488) To-space exhausted
[2024-10-11T04:35:29.520+0800][info] GC(488)   Pre Evacuate Collection Set: 0.1ms
[2024-10-11T04:35:29.520+0800][info] GC(488)   Merge Heap Roots: 0.1ms
[2024-10-11T04:35:29.520+0800][info] GC(488)   Evacuate Collection Set: 0.9ms
[2024-10-11T04:35:29.520+0800][info] GC(488)   Post Evacuate Collection Set: 0.2ms
[2024-10-11T04:35:29.520+0800][info] GC(488)   Other: 0.1ms
[2024-10-11T04:35:29.520+0800][info] GC(488) Eden regions: 0->0(3)
[2024-10-11T04:35:29.520+0800][info] GC(488) Survivor regions: 1->0(1)
[2024-10-11T04:35:29.520+0800][info] GC(488) Old regions: 54->51
[2024-10-11T04:35:29.520+0800][info] GC(488) Archive regions: 2->2
[2024-10-11T04:35:29.520+0800][info] GC(488) Humongous regions: 4->3
[2024-10-11T04:35:29.520+0800][info] GC(488) Metaspace: 1676K(1856K)->1676K(1856K) NonClass: 1552K(1664K)->1552K(1664K) Class: 124K(192K)->124K(192K)
[2024-10-11T04:35:29.520+0800][info] GC(488) Pause Young (Mixed) (G1 Preventive Collection) 115M->107M(128M) 1.501ms
[2024-10-11T04:35:29.520+0800][info] GC(488) User=0.01s Sys=0.00s Real=0.00s
[2024-10-11T04:35:29.643+0800][info] GC(489) Pause Young (Mixed) (G1 Preventive Collection)
[2024-10-11T04:35:29.643+0800][info] GC(489) Using 3 workers of 48 for evacuation
[2024-10-11T04:35:29.645+0800][info] GC(489)   Pre Evacuate Collection Set: 0.1ms
[2024-10-11T04:35:29.645+0800][info] GC(489)   Merge Heap Roots: 0.1ms
[2024-10-11T04:35:29.645+0800][info] GC(489)   Evacuate Collection Set: 1.8ms
[2024-10-11T04:35:29.645+0800][info] GC(489)   Post Evacuate Collection Set: 0.2ms
[2024-10-11T04:35:29.645+0800][info] GC(489)   Other: 0.2ms
[2024-10-11T04:35:29.645+0800][info] GC(489) Eden regions: 2->0(2)
[2024-10-11T04:35:29.645+0800][info] GC(489) Survivor regions: 0->1(1)
[2024-10-11T04:35:29.645+0800][info] GC(489) Old regions: 51->49
[2024-10-11T04:35:29.645+0800][info] GC(489) Archive regions: 2->2
[2024-10-11T04:35:29.645+0800][info] GC(489) Humongous regions: 3->3
[2024-10-11T04:35:29.645+0800][info] GC(489) Metaspace: 1676K(1856K)->1676K(1856K) NonClass: 1552K(1664K)->1552K(1664K) Class: 124K(192K)->124K(192K)
[2024-10-11T04:35:29.645+0800][info] GC(489) Pause Young (Mixed) (G1 Preventive Collection) 110M->105M(128M) 2.492ms
[2024-10-11T04:35:29.645+0800][info] GC(489) User=0.01s Sys=0.00s Real=0.01s
[2024-10-11T04:35:29.747+0800][info] GC(490) Pause Young (Mixed) (G1 Preventive Collection)
[2024-10-11T04:35:29.747+0800][info] GC(490) Using 3 workers of 48 for evacuation
[2024-10-11T04:35:29.750+0800][info] GC(490)   Pre Evacuate Collection Set: 0.1ms
[2024-10-11T04:35:29.750+0800][info] GC(490)   Merge Heap Roots: 0.1ms
[2024-10-11T04:35:29.750+0800][info] GC(490)   Evacuate Collection Set: 2.1ms
[2024-10-11T04:35:29.750+0800][info] GC(490)   Post Evacuate Collection Set: 0.2ms
[2024-10-11T04:35:29.750+0800][info] GC(490)   Other: 0.1ms
[2024-10-11T04:35:29.750+0800][info] GC(490) Eden regions: 2->0(2)
[2024-10-11T04:35:29.750+0800][info] GC(490) Survivor regions: 1->1(1)
[2024-10-11T04:35:29.750+0800][info] GC(490) Old regions: 49->47
[2024-10-11T04:35:29.750+0800][info] GC(490) Archive regions: 2->2
[2024-10-11T04:35:29.750+0800][info] GC(490) Humongous regions: 3->3
[2024-10-11T04:35:29.750+0800][info] GC(490) Metaspace: 1676K(1856K)->1676K(1856K) NonClass: 1552K(1664K)->1552K(1664K) Class: 124K(192K)->124K(192K)
[2024-10-11T04:35:29.750+0800][info] GC(490) Pause Young (Mixed) (G1 Preventive Collection) 108M->101M(128M) 2.795ms
[2024-10-11T04:35:29.750+0800][info] GC(490) User=0.01s Sys=0.00s Real=0.00s
[2024-10-11T04:35:29.852+0800][info] GC(491) Pause Young (Mixed) (G1 Evacuation Pause)
[2024-10-11T04:35:29.852+0800][info] GC(491) Using 3 workers of 48 for evacuation
[2024-10-11T04:35:29.855+0800][info] GC(491)   Pre Evacuate Collection Set: 0.1ms
[2024-10-11T04:35:29.855+0800][info] GC(491)   Merge Heap Roots: 0.1ms
[2024-10-11T04:35:29.855+0800][info] GC(491)   Evacuate Collection Set: 1.9ms
[2024-10-11T04:35:29.855+0800][info] GC(491)   Post Evacuate Collection Set: 0.2ms
[2024-10-11T04:35:29.855+0800][info] GC(491)   Other: 0.1ms
[2024-10-11T04:35:29.855+0800][info] GC(491) Eden regions: 2->0(2)
[2024-10-11T04:35:29.855+0800][info] GC(491) Survivor regions: 1->1(1)
[2024-10-11T04:35:29.855+0800][info] GC(491) Old regions: 47->46
[2024-10-11T04:35:29.855+0800][info] GC(491) Archive regions: 2->2
[2024-10-11T04:35:29.855+0800][info] GC(491) Humongous regions: 3->3
[2024-10-11T04:35:29.855+0800][info] GC(491) Metaspace: 1676K(1856K)->1676K(1856K) NonClass: 1552K(1664K)->1552K(1664K) Class: 124K(192K)->124K(192K)
[2024-10-11T04:35:29.855+0800][info] GC(491) Pause Young (Mixed) (G1 Evacuation Pause) 105M->99M(128M) 2.541ms
[2024-10-11T04:35:29.855+0800][info] GC(491) User=0.00s Sys=0.00s Real=0.01s
[2024-10-11T04:35:29.957+0800][info] GC(492) Pause Young (Mixed) (G1 Evacuation Pause)
[2024-10-11T04:35:29.957+0800][info] GC(492) Using 3 workers of 48 for evacuation
[2024-10-11T04:35:29.960+0800][info] GC(492)   Pre Evacuate Collection Set: 0.1ms
[2024-10-11T04:35:29.960+0800][info] GC(492)   Merge Heap Roots: 0.1ms
[2024-10-11T04:35:29.960+0800][info] GC(492)   Evacuate Collection Set: 1.8ms
[2024-10-11T04:35:29.960+0800][info] GC(492)   Post Evacuate Collection Set: 0.2ms
[2024-10-11T04:35:29.960+0800][info] GC(492)   Other: 0.1ms
[2024-10-11T04:35:29.960+0800][info] GC(492) Eden regions: 2->0(2)
[2024-10-11T04:35:29.960+0800][info] GC(492) Survivor regions: 1->1(1)
[2024-10-11T04:35:29.960+0800][info] GC(492) Old regions: 46->45
[2024-10-11T04:35:29.960+0800][info] GC(492) Archive regions: 2->2
[2024-10-11T04:35:29.960+0800][info] GC(492) Humongous regions: 3->3
[2024-10-11T04:35:29.960+0800][info] GC(492) Metaspace: 1676K(1856K)->1676K(1856K) NonClass: 1552K(1664K)->1552K(1664K) Class: 124K(192K)->124K(192K)
[2024-10-11T04:35:29.960+0800][info] GC(492) Pause Young (Mixed) (G1 Evacuation Pause) 103M->99M(128M) 2.409ms
[2024-10-11T04:35:29.960+0800][info] GC(492) User=0.00s Sys=0.00s Real=0.00s
[2024-10-11T04:35:30.062+0800][info] GC(493) Pause Young (Normal) (G1 Evacuation Pause)
[2024-10-11T04:35:30.062+0800][info] GC(493) Using 3 workers of 48 for evacuation
[2024-10-11T04:35:30.063+0800][info] GC(493)   Pre Evacuate Collection Set: 0.1ms
[2024-10-11T04:35:30.063+0800][info] GC(493)   Merge Heap Roots: 0.0ms
[2024-10-11T04:35:30.063+0800][info] GC(493)   Evacuate Collection Set: 0.7ms
[2024-10-11T04:35:30.063+0800][info] GC(493)   Post Evacuate Collection Set: 0.2ms
[2024-10-11T04:35:30.063+0800][info] GC(493)   Other: 0.2ms
[2024-10-11T04:35:30.063+0800][info] GC(493) Eden regions: 2->0(2)
[2024-10-11T04:35:30.063+0800][info] GC(493) Survivor regions: 1->1(1)
[2024-10-11T04:35:30.063+0800][info] GC(493) Old regions: 45->47
[2024-10-11T04:35:30.063+0800][info] GC(493) Archive regions: 2->2
[2024-10-11T04:35:30.063+0800][info] GC(493) Humongous regions: 3->3
[2024-10-11T04:35:30.063+0800][info] GC(493) Metaspace: 1676K(1856K)->1676K(1856K) NonClass: 1552K(1664K)->1552K(1664K) Class: 124K(192K)->124K(192K)
[2024-10-11T04:35:30.063+0800][info] GC(493) Pause Young (Normal) (G1 Evacuation Pause) 102M->102M(128M) 1.301ms
[2024-10-11T04:35:30.063+0800][info] GC(493) User=0.01s Sys=0.00s Real=0.00s
[2024-10-11T04:35:30.165+0800][info] GC(494) Pause Young (Normal) (G1 Evacuation Pause)
[2024-10-11T04:35:30.165+0800][info] GC(494) Using 3 workers of 48 for evacuation
[2024-10-11T04:35:30.166+0800][info] GC(494)   Pre Evacuate Collection Set: 0.1ms
[2024-10-11T04:35:30.166+0800][info] GC(494)   Merge Heap Roots: 0.0ms
[2024-10-11T04:35:30.166+0800][info] GC(494)   Evacuate Collection Set: 0.6ms
[2024-10-11T04:35:30.166+0800][info] GC(494)   Post Evacuate Collection Set: 0.2ms
[2024-10-11T04:35:30.166+0800][info] GC(494)   Other: 0.2ms
[2024-10-11T04:35:30.166+0800][info] GC(494) Eden regions: 2->0(2)
[2024-10-11T04:35:30.166+0800][info] GC(494) Survivor regions: 1->1(1)
[2024-10-11T04:35:30.166+0800][info] GC(494) Old regions: 47->49
[2024-10-11T04:35:30.166+0800][info] GC(494) Archive regions: 2->2
[2024-10-11T04:35:30.166+0800][info] GC(494) Humongous regions: 3->3
[2024-10-11T04:35:30.166+0800][info] GC(494) Metaspace: 1676K(1856K)->1676K(1856K) NonClass: 1552K(1664K)->1552K(1664K) Class: 124K(192K)->124K(192K)
[2024-10-11T04:35:30.167+0800][info] GC(494) Pause Young (Normal) (G1 Evacuation Pause) 106M->106M(128M) 1.221ms
[2024-10-11T04:35:30.167+0800][info] GC(494) User=0.00s Sys=0.00s Real=0.00s
[2024-10-11T04:35:30.268+0800][info] GC(495) Pause Young (Concurrent Start) (G1 Evacuation Pause)
[2024-10-11T04:35:30.268+0800][info] GC(495) Using 3 workers of 48 for evacuation
[2024-10-11T04:35:30.270+0800][info] GC(495)   Pre Evacuate Collection Set: 0.1ms
[2024-10-11T04:35:30.270+0800][info] GC(495)   Merge Heap Roots: 0.0ms
[2024-10-11T04:35:30.270+0800][info] GC(495)   Evacuate Collection Set: 0.8ms
[2024-10-11T04:35:30.270+0800][info] GC(495)   Post Evacuate Collection Set: 0.2ms
[2024-10-11T04:35:30.270+0800][info] GC(495)   Other: 0.3ms
[2024-10-11T04:35:30.270+0800][info] GC(495) Eden regions: 2->0(2)
[2024-10-11T04:35:30.270+0800][info] GC(495) Survivor regions: 1->1(1)
[2024-10-11T04:35:30.270+0800][info] GC(495) Old regions: 49->51
[2024-10-11T04:35:30.270+0800][info] GC(495) Archive regions: 2->2
[2024-10-11T04:35:30.270+0800][info] GC(495) Humongous regions: 3->3
[2024-10-11T04:35:30.270+0800][info] GC(495) Metaspace: 1676K(1856K)->1676K(1856K) NonClass: 1552K(1664K)->1552K(1664K) Class: 124K(192K)->124K(192K)
[2024-10-11T04:35:30.270+0800][info] GC(495) Pause Young (Concurrent Start) (G1 Evacuation Pause) 109M->110M(128M) 1.531ms
[2024-10-11T04:35:30.270+0800][info] GC(495) User=0.00s Sys=0.00s Real=0.00s
[2024-10-11T04:35:30.270+0800][info] GC(496) Concurrent Mark Cycle
[2024-10-11T04:35:30.270+0800][info] GC(496) Concurrent Clear Claimed Marks
[2024-10-11T04:35:30.270+0800][info] GC(496) Concurrent Clear Claimed Marks 0.018ms
[2024-10-11T04:35:30.270+0800][info] GC(496) Concurrent Scan Root Regions
[2024-10-11T04:35:30.270+0800][info] GC(496) Concurrent Scan Root Regions 0.105ms
[2024-10-11T04:35:30.270+0800][info] GC(496) Concurrent Mark
[2024-10-11T04:35:30.270+0800][info] GC(496) Concurrent Mark From Roots
[2024-10-11T04:35:30.270+0800][info] GC(496) Using 12 workers of 12 for marking
[2024-10-11T04:35:30.274+0800][info] GC(496) Concurrent Mark From Roots 3.651ms
[2024-10-11T04:35:30.274+0800][info] GC(496) Concurrent Preclean
[2024-10-11T04:35:30.275+0800][info] GC(496) Concurrent Preclean 1.673ms
[2024-10-11T04:35:30.276+0800][info] GC(496) Pause Remark
[2024-10-11T04:35:30.277+0800][info] GC(496) Pause Remark 110M->110M(128M) 1.411ms
[2024-10-11T04:35:30.277+0800][info] GC(496) User=0.00s Sys=0.00s Real=0.00s
[2024-10-11T04:35:30.277+0800][info] GC(496) Concurrent Mark 7.058ms
[2024-10-11T04:35:30.277+0800][info] GC(496) Concurrent Rebuild Remembered Sets
[2024-10-11T04:35:30.279+0800][info] GC(496) Concurrent Rebuild Remembered Sets 1.371ms
[2024-10-11T04:35:30.279+0800][info] GC(496) Pause Cleanup
[2024-10-11T04:35:30.279+0800][info] GC(496) Pause Cleanup 110M->110M(128M) 0.263ms
[2024-10-11T04:35:30.279+0800][info] GC(496) User=0.00s Sys=0.00s Real=0.00s
[2024-10-11T04:35:30.279+0800][info] GC(496) Concurrent Cleanup for Next Mark
[2024-10-11T04:35:30.279+0800][info] GC(496) Concurrent Cleanup for Next Mark 0.424ms
[2024-10-11T04:35:30.279+0800][info] GC(496) Concurrent Mark Cycle 9.601ms
[2024-10-11T04:35:30.423+0800][info] GC(497) Pause Young (Prepare Mixed) (G1 Evacuation Pause)
[2024-10-11T04:35:30.423+0800][info] GC(497) Using 3 workers of 48 for evacuation
[2024-10-11T04:35:30.424+0800][info] GC(497)   Pre Evacuate Collection Set: 0.1ms
[2024-10-11T04:35:30.424+0800][info] GC(497)   Merge Heap Roots: 0.1ms
[2024-10-11T04:35:30.424+0800][info] GC(497)   Evacuate Collection Set: 0.8ms
[2024-10-11T04:35:30.424+0800][info] GC(497)   Post Evacuate Collection Set: 0.2ms
[2024-10-11T04:35:30.424+0800][info] GC(497)   Other: 0.2ms
[2024-10-11T04:35:30.424+0800][info] GC(497) Eden regions: 2->0(2)
[2024-10-11T04:35:30.424+0800][info] GC(497) Survivor regions: 1->1(1)
[2024-10-11T04:35:30.424+0800][info] GC(497) Old regions: 51->53
[2024-10-11T04:35:30.424+0800][info] GC(497) Archive regions: 2->2
[2024-10-11T04:35:30.424+0800][info] GC(497) Humongous regions: 3->3
[2024-10-11T04:35:30.424+0800][info] GC(497) Metaspace: 1676K(1856K)->1676K(1856K) NonClass: 1552K(1664K)->1552K(1664K) Class: 124K(192K)->124K(192K)
[2024-10-11T04:35:30.424+0800][info] GC(497) Pause Young (Prepare Mixed) (G1 Evacuation Pause) 113M->114M(128M) 1.470ms
[2024-10-11T04:35:30.424+0800][info] GC(497) User=0.00s Sys=0.00s Real=0.00s
[2024-10-11T04:35:30.485+0800][info] GC(498) Pause Young (Mixed) (G1 Preventive Collection)
[2024-10-11T04:35:30.485+0800][info] GC(498) Using 3 workers of 48 for evacuation
[2024-10-11T04:35:30.487+0800][info] GC(498)   Pre Evacuate Collection Set: 0.1ms
[2024-10-11T04:35:30.487+0800][info] GC(498)   Merge Heap Roots: 0.0ms
[2024-10-11T04:35:30.487+0800][info] GC(498)   Evacuate Collection Set: 1.0ms
[2024-10-11T04:35:30.487+0800][info] GC(498)   Post Evacuate Collection Set: 0.2ms
[2024-10-11T04:35:30.487+0800][info] GC(498)   Other: 0.2ms
[2024-10-11T04:35:30.487+0800][info] GC(498) Eden regions: 1->0(2)
[2024-10-11T04:35:30.487+0800][info] GC(498) Survivor regions: 1->1(1)
[2024-10-11T04:35:30.487+0800][info] GC(498) Old regions: 53->49
[2024-10-11T04:35:30.487+0800][info] GC(498) Archive regions: 2->2
[2024-10-11T04:35:30.487+0800][info] GC(498) Humongous regions: 3->3
[2024-10-11T04:35:30.487+0800][info] GC(498) Metaspace: 1676K(1856K)->1676K(1856K) NonClass: 1552K(1664K)->1552K(1664K) Class: 124K(192K)->124K(192K)
[2024-10-11T04:35:30.487+0800][info] GC(498) Pause Young (Mixed) (G1 Preventive Collection) 116M->106M(128M) 1.687ms
[2024-10-11T04:35:30.487+0800][info] GC(498) User=0.01s Sys=0.00s Real=0.00s
[2024-10-11T04:35:30.589+0800][info] GC(499) Pause Young (Mixed) (G1 Evacuation Pause)
[2024-10-11T04:35:30.589+0800][info] GC(499) Using 3 workers of 48 for evacuation
[2024-10-11T04:35:30.591+0800][info] GC(499)   Pre Evacuate Collection Set: 0.1ms
[2024-10-11T04:35:30.591+0800][info] GC(499)   Merge Heap Roots: 0.1ms
[2024-10-11T04:35:30.591+0800][info] GC(499)   Evacuate Collection Set: 1.7ms
[2024-10-11T04:35:30.591+0800][info] GC(499)   Post Evacuate Collection Set: 0.2ms
[2024-10-11T04:35:30.591+0800][info] GC(499)   Other: 0.1ms
[2024-10-11T04:35:30.591+0800][info] GC(499) Eden regions: 2->0(2)
[2024-10-11T04:35:30.591+0800][info] GC(499) Survivor regions: 1->1(1)
[2024-10-11T04:35:30.591+0800][info] GC(499) Old regions: 49->48
[2024-10-11T04:35:30.591+0800][info] GC(499) Archive regions: 2->2
[2024-10-11T04:35:30.591+0800][info] GC(499) Humongous regions: 3->3
[2024-10-11T04:35:30.591+0800][info] GC(499) Metaspace: 1676K(1856K)->1676K(1856K) NonClass: 1552K(1664K)->1552K(1664K) Class: 124K(192K)->124K(192K)
[2024-10-11T04:35:30.592+0800][info] GC(499) Pause Young (Mixed) (G1 Evacuation Pause) 110M->103M(128M) 2.357ms
[2024-10-11T04:35:30.592+0800][info] GC(499) User=0.00s Sys=0.00s Real=0.00s
[2024-10-11T04:35:30.694+0800][info] GC(500) Pause Young (Mixed) (G1 Evacuation Pause)
[2024-10-11T04:35:30.694+0800][info] GC(500) Using 3 workers of 48 for evacuation
[2024-10-11T04:35:30.697+0800][info] GC(500)   Pre Evacuate Collection Set: 0.1ms
[2024-10-11T04:35:30.697+0800][info] GC(500)   Merge Heap Roots: 0.1ms
[2024-10-11T04:35:30.697+0800][info] GC(500)   Evacuate Collection Set: 2.3ms
[2024-10-11T04:35:30.697+0800][info] GC(500)   Post Evacuate Collection Set: 0.2ms
[2024-10-11T04:35:30.697+0800][info] GC(500)   Other: 0.2ms
[2024-10-11T04:35:30.697+0800][info] GC(500) Eden regions: 2->0(2)
[2024-10-11T04:35:30.697+0800][info] GC(500) Survivor regions: 1->1(1)
[2024-10-11T04:35:30.697+0800][info] GC(500) Old regions: 48->47
[2024-10-11T04:35:30.697+0800][info] GC(500) Archive regions: 2->2
[2024-10-11T04:35:30.697+0800][info] GC(500) Humongous regions: 3->3
[2024-10-11T04:35:30.697+0800][info] GC(500) Metaspace: 1676K(1856K)->1676K(1856K) NonClass: 1552K(1664K)->1552K(1664K) Class: 124K(192K)->124K(192K)
[2024-10-11T04:35:30.697+0800][info] GC(500) Pause Young (Mixed) (G1 Evacuation Pause) 107M->103M(128M) 2.985ms
[2024-10-11T04:35:30.697+0800][info] GC(500) User=0.00s Sys=0.00s Real=0.00s
[2024-10-11T04:35:30.799+0800][info] GC(501) Pause Young (Mixed) (G1 Evacuation Pause)
[2024-10-11T04:35:30.799+0800][info] GC(501) Using 3 workers of 48 for evacuation
[2024-10-11T04:35:30.802+0800][info] GC(501)   Pre Evacuate Collection Set: 0.1ms
[2024-10-11T04:35:30.802+0800][info] GC(501)   Merge Heap Roots: 0.1ms
[2024-10-11T04:35:30.802+0800][info] GC(501)   Evacuate Collection Set: 2.1ms
[2024-10-11T04:35:30.802+0800][info] GC(501)   Post Evacuate Collection Set: 0.2ms
[2024-10-11T04:35:30.802+0800][info] GC(501)   Other: 0.1ms
[2024-10-11T04:35:30.802+0800][info] GC(501) Eden regions: 2->0(2)
[2024-10-11T04:35:30.802+0800][info] GC(501) Survivor regions: 1->1(1)
[2024-10-11T04:35:30.802+0800][info] GC(501) Old regions: 47->47
[2024-10-11T04:35:30.802+0800][info] GC(501) Archive regions: 2->2
[2024-10-11T04:35:30.802+0800][info] GC(501) Humongous regions: 3->3
[2024-10-11T04:35:30.802+0800][info] GC(501) Metaspace: 1676K(1856K)->1676K(1856K) NonClass: 1552K(1664K)->1552K(1664K) Class: 124K(192K)->124K(192K)
[2024-10-11T04:35:30.802+0800][info] GC(501) Pause Young (Mixed) (G1 Evacuation Pause) 106M->102M(128M) 2.777ms
[2024-10-11T04:35:30.802+0800][info] GC(501) User=0.01s Sys=0.00s Real=0.00s
[2024-10-11T04:35:30.904+0800][info] GC(502) Pause Young (Mixed) (G1 Evacuation Pause)
[2024-10-11T04:35:30.904+0800][info] GC(502) Using 3 workers of 48 for evacuation
[2024-10-11T04:35:30.906+0800][info] GC(502)   Pre Evacuate Collection Set: 0.1ms
[2024-10-11T04:35:30.906+0800][info] GC(502)   Merge Heap Roots: 0.0ms
[2024-10-11T04:35:30.906+0800][info] GC(502)   Evacuate Collection Set: 1.0ms
[2024-10-11T04:35:30.906+0800][info] GC(502)   Post Evacuate Collection Set: 0.2ms
[2024-10-11T04:35:30.906+0800][info] GC(502)   Other: 0.1ms
[2024-10-11T04:35:30.906+0800][info] GC(502) Eden regions: 2->0(2)
[2024-10-11T04:35:30.906+0800][info] GC(502) Survivor regions: 1->1(1)
[2024-10-11T04:35:30.906+0800][info] GC(502) Old regions: 47->47
[2024-10-11T04:35:30.906+0800][info] GC(502) Archive regions: 2->2
[2024-10-11T04:35:30.906+0800][info] GC(502) Humongous regions: 3->3
[2024-10-11T04:35:30.906+0800][info] GC(502) Metaspace: 1676K(1856K)->1676K(1856K) NonClass: 1552K(1664K)->1552K(1664K) Class: 124K(192K)->124K(192K)
[2024-10-11T04:35:30.906+0800][info] GC(502) Pause Young (Mixed) (G1 Evacuation Pause) 105M->103M(128M) 1.640ms
[2024-10-11T04:35:30.906+0800][info] GC(502) User=0.01s Sys=0.00s Real=0.01s
[2024-10-11T04:35:31.008+0800][info] GC(503) Pause Young (Normal) (G1 Evacuation Pause)
[2024-10-11T04:35:31.008+0800][info] GC(503) Using 3 workers of 48 for evacuation
[2024-10-11T04:35:31.009+0800][info] GC(503)   Pre Evacuate Collection Set: 0.1ms
[2024-10-11T04:35:31.009+0800][info] GC(503)   Merge Heap Roots: 0.0ms
[2024-10-11T04:35:31.009+0800][info] GC(503)   Evacuate Collection Set: 0.7ms
[2024-10-11T04:35:31.009+0800][info] GC(503)   Post Evacuate Collection Set: 0.2ms
[2024-10-11T04:35:31.009+0800][info] GC(503)   Other: 0.2ms
[2024-10-11T04:35:31.009+0800][info] GC(503) Eden regions: 2->0(2)
[2024-10-11T04:35:31.009+0800][info] GC(503) Survivor regions: 1->1(1)
[2024-10-11T04:35:31.009+0800][info] GC(503) Old regions: 47->49
[2024-10-11T04:35:31.009+0800][info] GC(503) Archive regions: 2->2
[2024-10-11T04:35:31.009+0800][info] GC(503) Humongous regions: 3->3
[2024-10-11T04:35:31.009+0800][info] GC(503) Metaspace: 1676K(1856K)->1676K(1856K) NonClass: 1552K(1664K)->1552K(1664K) Class: 124K(192K)->124K(192K)
[2024-10-11T04:35:31.009+0800][info] GC(503) Pause Young (Normal) (G1 Evacuation Pause) 107M->107M(128M) 1.278ms
[2024-10-11T04:35:31.009+0800][info] GC(503) User=0.00s Sys=0.00s Real=0.00s
[2024-10-11T04:35:31.111+0800][info] GC(504) Pause Young (Normal) (G1 Evacuation Pause)
[2024-10-11T04:35:31.111+0800][info] GC(504) Using 3 workers of 48 for evacuation
[2024-10-11T04:35:31.112+0800][info] GC(504)   Pre Evacuate Collection Set: 0.1ms
[2024-10-11T04:35:31.112+0800][info] GC(504)   Merge Heap Roots: 0.0ms
[2024-10-11T04:35:31.112+0800][info] GC(504)   Evacuate Collection Set: 0.8ms
[2024-10-11T04:35:31.112+0800][info] GC(504)   Post Evacuate Collection Set: 0.2ms
[2024-10-11T04:35:31.112+0800][info] GC(504)   Other: 0.2ms
[2024-10-11T04:35:31.112+0800][info] GC(504) Eden regions: 2->0(2)
[2024-10-11T04:35:31.112+0800][info] GC(504) Survivor regions: 1->1(1)
[2024-10-11T04:35:31.112+0800][info] GC(504) Old regions: 49->51
[2024-10-11T04:35:31.112+0800][info] GC(504) Archive regions: 2->2
[2024-10-11T04:35:31.112+0800][info] GC(504) Humongous regions: 3->3
[2024-10-11T04:35:31.112+0800][info] GC(504) Metaspace: 1676K(1856K)->1676K(1856K) NonClass: 1552K(1664K)->1552K(1664K) Class: 124K(192K)->124K(192K)
[2024-10-11T04:35:31.113+0800][info] GC(504) Pause Young (Normal) (G1 Evacuation Pause) 111M->111M(128M) 1.341ms
[2024-10-11T04:35:31.113+0800][info] GC(504) User=0.00s Sys=0.00s Real=0.00s
[2024-10-11T04:35:31.214+0800][info] GC(505) Pause Young (Concurrent Start) (G1 Evacuation Pause)
[2024-10-11T04:35:31.214+0800][info] GC(505) Using 3 workers of 48 for evacuation
[2024-10-11T04:35:31.216+0800][info] GC(505)   Pre Evacuate Collection Set: 0.1ms
[2024-10-11T04:35:31.216+0800][info] GC(505)   Merge Heap Roots: 0.0ms
[2024-10-11T04:35:31.216+0800][info] GC(505)   Evacuate Collection Set: 0.8ms
[2024-10-11T04:35:31.216+0800][info] GC(505)   Post Evacuate Collection Set: 0.2ms
[2024-10-11T04:35:31.216+0800][info] GC(505)   Other: 0.4ms
[2024-10-11T04:35:31.216+0800][info] GC(505) Eden regions: 2->0(2)
[2024-10-11T04:35:31.216+0800][info] GC(505) Survivor regions: 1->1(1)
[2024-10-11T04:35:31.216+0800][info] GC(505) Old regions: 51->53
[2024-10-11T04:35:31.216+0800][info] GC(505) Archive regions: 2->2
[2024-10-11T04:35:31.216+0800][info] GC(505) Humongous regions: 3->3
[2024-10-11T04:35:31.216+0800][info] GC(505) Metaspace: 1676K(1856K)->1676K(1856K) NonClass: 1552K(1664K)->1552K(1664K) Class: 124K(192K)->124K(192K)
[2024-10-11T04:35:31.216+0800][info] GC(505) Pause Young (Concurrent Start) (G1 Evacuation Pause) 114M->115M(128M) 1.552ms
[2024-10-11T04:35:31.216+0800][info] GC(505) User=0.00s Sys=0.00s Real=0.00s
[2024-10-11T04:35:31.216+0800][info] GC(506) Concurrent Mark Cycle
[2024-10-11T04:35:31.216+0800][info] GC(506) Concurrent Clear Claimed Marks
[2024-10-11T04:35:31.216+0800][info] GC(506) Concurrent Clear Claimed Marks 0.017ms
[2024-10-11T04:35:31.216+0800][info] GC(506) Concurrent Scan Root Regions
[2024-10-11T04:35:31.216+0800][info] GC(506) Concurrent Scan Root Regions 0.091ms
[2024-10-11T04:35:31.216+0800][info] GC(506) Concurrent Mark
[2024-10-11T04:35:31.216+0800][info] GC(506) Concurrent Mark From Roots
[2024-10-11T04:35:31.216+0800][info] GC(506) Using 12 workers of 12 for marking
[2024-10-11T04:35:31.220+0800][info] GC(506) Concurrent Mark From Roots 4.161ms
[2024-10-11T04:35:31.220+0800][info] GC(506) Concurrent Preclean
[2024-10-11T04:35:31.222+0800][info] GC(506) Concurrent Preclean 1.721ms
[2024-10-11T04:35:31.222+0800][info] GC(506) Pause Remark
[2024-10-11T04:35:31.224+0800][info] GC(506) Pause Remark 116M->114M(128M) 1.502ms
[2024-10-11T04:35:31.224+0800][info] GC(506) User=0.00s Sys=0.00s Real=0.00s
[2024-10-11T04:35:31.224+0800][info] GC(506) Concurrent Mark 7.710ms
[2024-10-11T04:35:31.224+0800][info] GC(506) Concurrent Rebuild Remembered Sets
[2024-10-11T04:35:31.225+0800][info] GC(506) Concurrent Rebuild Remembered Sets 1.273ms
[2024-10-11T04:35:31.225+0800][info] GC(506) Pause Cleanup
[2024-10-11T04:35:31.225+0800][info] GC(506) Pause Cleanup 114M->114M(128M) 0.202ms
[2024-10-11T04:35:31.226+0800][info] GC(506) User=0.00s Sys=0.00s Real=0.00s
[2024-10-11T04:35:31.226+0800][info] GC(506) Concurrent Cleanup for Next Mark
[2024-10-11T04:35:31.226+0800][info] GC(506) Concurrent Cleanup for Next Mark 0.374ms
[2024-10-11T04:35:31.226+0800][info] GC(506) Concurrent Mark Cycle 10.043ms
[2024-10-11T04:35:31.369+0800][info] GC(507) Pause Young (Prepare Mixed) (G1 Preventive Collection)
[2024-10-11T04:35:31.369+0800][info] GC(507) Using 3 workers of 48 for evacuation
[2024-10-11T04:35:31.370+0800][info] GC(507)   Pre Evacuate Collection Set: 0.1ms
[2024-10-11T04:35:31.370+0800][info] GC(507)   Merge Heap Roots: 0.1ms
[2024-10-11T04:35:31.370+0800][info] GC(507)   Evacuate Collection Set: 0.8ms
[2024-10-11T04:35:31.370+0800][info] GC(507)   Post Evacuate Collection Set: 0.2ms
[2024-10-11T04:35:31.370+0800][info] GC(507)   Other: 0.3ms
[2024-10-11T04:35:31.370+0800][info] GC(507) Eden regions: 2->0(2)
[2024-10-11T04:35:31.370+0800][info] GC(507) Survivor regions: 1->1(1)
[2024-10-11T04:35:31.371+0800][info] GC(507) Old regions: 52->54
[2024-10-11T04:35:31.371+0800][info] GC(507) Archive regions: 2->2
[2024-10-11T04:35:31.371+0800][info] GC(507) Humongous regions: 3->3
[2024-10-11T04:35:31.371+0800][info] GC(507) Metaspace: 1676K(1856K)->1676K(1856K) NonClass: 1552K(1664K)->1552K(1664K) Class: 124K(192K)->124K(192K)
[2024-10-11T04:35:31.371+0800][info] GC(507) Pause Young (Prepare Mixed) (G1 Preventive Collection) 117M->117M(128M) 1.524ms
[2024-10-11T04:35:31.371+0800][info] GC(507) User=0.00s Sys=0.00s Real=0.00s
[2024-10-11T04:35:31.432+0800][info] GC(508) Pause Young (Mixed) (G1 Preventive Collection)
[2024-10-11T04:35:31.432+0800][info] GC(508) Using 3 workers of 48 for evacuation
[2024-10-11T04:35:31.433+0800][info] GC(508) To-space exhausted
[2024-10-11T04:35:31.433+0800][info] GC(508)   Pre Evacuate Collection Set: 0.1ms
[2024-10-11T04:35:31.433+0800][info] GC(508)   Merge Heap Roots: 0.1ms
[2024-10-11T04:35:31.433+0800][info] GC(508)   Evacuate Collection Set: 1.0ms
[2024-10-11T04:35:31.434+0800][info] GC(508)   Post Evacuate Collection Set: 0.4ms
[2024-10-11T04:35:31.434+0800][info] GC(508)   Other: 0.2ms
[2024-10-11T04:35:31.434+0800][info] GC(508) Eden regions: 1->0(2)
[2024-10-11T04:35:31.434+0800][info] GC(508) Survivor regions: 1->1(1)
[2024-10-11T04:35:31.434+0800][info] GC(508) Old regions: 54->56
[2024-10-11T04:35:31.434+0800][info] GC(508) Archive regions: 2->2
[2024-10-11T04:35:31.434+0800][info] GC(508) Humongous regions: 3->3
[2024-10-11T04:35:31.434+0800][info] GC(508) Metaspace: 1676K(1856K)->1676K(1856K) NonClass: 1552K(1664K)->1552K(1664K) Class: 124K(192K)->124K(192K)
[2024-10-11T04:35:31.434+0800][info] GC(508) Pause Young (Mixed) (G1 Preventive Collection) 119M->121M(128M) 1.864ms
[2024-10-11T04:35:31.434+0800][info] GC(508) User=0.01s Sys=0.00s Real=0.01s
[2024-10-11T04:35:31.475+0800][info] GC(509) Pause Young (Mixed) (G1 Preventive Collection)
[2024-10-11T04:35:31.475+0800][info] GC(509) Using 3 workers of 48 for evacuation
[2024-10-11T04:35:31.476+0800][info] GC(509) To-space exhausted
[2024-10-11T04:35:31.476+0800][info] GC(509)   Pre Evacuate Collection Set: 0.1ms
[2024-10-11T04:35:31.476+0800][info] GC(509)   Merge Heap Roots: 0.1ms
[2024-10-11T04:35:31.476+0800][info] GC(509)   Evacuate Collection Set: 0.6ms
[2024-10-11T04:35:31.476+0800][info] GC(509)   Post Evacuate Collection Set: 0.3ms
[2024-10-11T04:35:31.476+0800][info] GC(509)   Other: 0.2ms
[2024-10-11T04:35:31.476+0800][info] GC(509) Eden regions: 1->0(2)
[2024-10-11T04:35:31.476+0800][info] GC(509) Survivor regions: 1->1(1)
[2024-10-11T04:35:31.476+0800][info] GC(509) Old regions: 56->57
[2024-10-11T04:35:31.476+0800][info] GC(509) Archive regions: 2->2
[2024-10-11T04:35:31.476+0800][info] GC(509) Humongous regions: 3->3
[2024-10-11T04:35:31.476+0800][info] GC(509) Metaspace: 1676K(1856K)->1676K(1856K) NonClass: 1552K(1664K)->1552K(1664K) Class: 124K(192K)->124K(192K)
[2024-10-11T04:35:31.476+0800][info] GC(509) Pause Young (Mixed) (G1 Preventive Collection) 123M->123M(128M) 1.389ms
[2024-10-11T04:35:31.476+0800][info] GC(509) User=0.00s Sys=0.00s Real=0.00s
[2024-10-11T04:35:31.538+0800][info] GC(510) Pause Young (Mixed) (G1 Evacuation Pause)
[2024-10-11T04:35:31.538+0800][info] GC(510) Using 3 workers of 48 for evacuation
[2024-10-11T04:35:31.539+0800][info] GC(510) To-space exhausted
[2024-10-11T04:35:31.539+0800][info] GC(510)   Pre Evacuate Collection Set: 0.1ms
[2024-10-11T04:35:31.539+0800][info] GC(510)   Merge Heap Roots: 0.1ms
[2024-10-11T04:35:31.539+0800][info] GC(510)   Evacuate Collection Set: 0.8ms
[2024-10-11T04:35:31.539+0800][info] GC(510)   Post Evacuate Collection Set: 0.4ms
[2024-10-11T04:35:31.539+0800][info] GC(510)   Other: 0.1ms
[2024-10-11T04:35:31.539+0800][info] GC(510) Eden regions: 1->0(3)
[2024-10-11T04:35:31.539+0800][info] GC(510) Survivor regions: 1->0(0)
[2024-10-11T04:35:31.539+0800][info] GC(510) Old regions: 57->59
[2024-10-11T04:35:31.539+0800][info] GC(510) Archive regions: 2->2
[2024-10-11T04:35:31.539+0800][info] GC(510) Humongous regions: 3->3
[2024-10-11T04:35:31.539+0800][info] GC(510) Metaspace: 1676K(1856K)->1676K(1856K) NonClass: 1552K(1664K)->1552K(1664K) Class: 124K(192K)->124K(192K)
[2024-10-11T04:35:31.539+0800][info] GC(510) Pause Young (Mixed) (G1 Evacuation Pause) 124M->124M(128M) 1.609ms
[2024-10-11T04:35:31.539+0800][info] GC(510) User=0.01s Sys=0.00s Real=0.00s
[2024-10-11T04:35:31.539+0800][info] Attempting full compaction
[2024-10-11T04:35:31.539+0800][info] GC(511) Using 3 workers of 48 for full compaction
[2024-10-11T04:35:31.539+0800][info] GC(511) Pause Full (G1 Compaction Pause)
[2024-10-11T04:35:31.539+0800][info] GC(511) Phase 1: Mark live objects
[2024-10-11T04:35:31.543+0800][info] GC(511) Phase 1: Mark live objects 3.481ms
[2024-10-11T04:35:31.543+0800][info] GC(511) Phase 2: Prepare for compaction
[2024-10-11T04:35:31.543+0800][info] GC(511) Phase 2: Prepare for compaction 0.550ms
[2024-10-11T04:35:31.543+0800][info] GC(511) Phase 3: Adjust pointers
[2024-10-11T04:35:31.545+0800][info] GC(511) Phase 3: Adjust pointers 1.591ms
[2024-10-11T04:35:31.545+0800][info] GC(511) Phase 4: Compact heap
[2024-10-11T04:35:31.558+0800][info] GC(511) Phase 4: Compact heap 13.186ms
[2024-10-11T04:35:31.560+0800][info] GC(511) Eden regions: 0->0(3)
[2024-10-11T04:35:31.560+0800][info] GC(511) Survivor regions: 0->0(0)
[2024-10-11T04:35:31.560+0800][info] GC(511) Old regions: 59->39
[2024-10-11T04:35:31.560+0800][info] GC(511) Archive regions: 2->2
[2024-10-11T04:35:31.560+0800][info] GC(511) Humongous regions: 3->3
[2024-10-11T04:35:31.560+0800][info] GC(511) Metaspace: 1676K(1856K)->1676K(1856K) NonClass: 1552K(1664K)->1552K(1664K) Class: 124K(192K)->124K(192K)
[2024-10-11T04:35:31.560+0800][info] GC(511) Pause Full (G1 Compaction Pause) 124M->72M(128M) 20.447ms
[2024-10-11T04:35:31.560+0800][info] GC(511) User=0.04s Sys=0.00s Real=0.02s
[2024-10-11T04:35:31.723+0800][info] GC(512) Pause Young (Normal) (G1 Evacuation Pause)
[2024-10-11T04:35:31.723+0800][info] GC(512) Using 3 workers of 48 for evacuation
[2024-10-11T04:35:31.725+0800][info] GC(512)   Pre Evacuate Collection Set: 0.1ms
[2024-10-11T04:35:31.725+0800][info] GC(512)   Merge Heap Roots: 0.0ms
[2024-10-11T04:35:31.725+0800][info] GC(512)   Evacuate Collection Set: 1.0ms
[2024-10-11T04:35:31.725+0800][info] GC(512)   Post Evacuate Collection Set: 0.2ms
[2024-10-11T04:35:31.725+0800][info] GC(512)   Other: 0.2ms
[2024-10-11T04:35:31.725+0800][info] GC(512) Eden regions: 3->0(2)
[2024-10-11T04:35:31.725+0800][info] GC(512) Survivor regions: 0->1(1)
[2024-10-11T04:35:31.725+0800][info] GC(512) Old regions: 39->42
[2024-10-11T04:35:31.725+0800][info] GC(512) Archive regions: 2->2
[2024-10-11T04:35:31.725+0800][info] GC(512) Humongous regions: 3->3
[2024-10-11T04:35:31.725+0800][info] GC(512) Metaspace: 1676K(1856K)->1676K(1856K) NonClass: 1552K(1664K)->1552K(1664K) Class: 124K(192K)->124K(192K)
[2024-10-11T04:35:31.725+0800][info] GC(512) Pause Young (Normal) (G1 Evacuation Pause) 78M->79M(128M) 1.655ms
[2024-10-11T04:35:31.725+0800][info] GC(512) User=0.00s Sys=0.00s Real=0.00s
[2024-10-11T04:35:31.828+0800][info] GC(513) Pause Young (Normal) (G1 Evacuation Pause)
[2024-10-11T04:35:31.828+0800][info] GC(513) Using 3 workers of 48 for evacuation
[2024-10-11T04:35:31.829+0800][info] GC(513)   Pre Evacuate Collection Set: 0.1ms
[2024-10-11T04:35:31.829+0800][info] GC(513)   Merge Heap Roots: 0.0ms
[2024-10-11T04:35:31.829+0800][info] GC(513)   Evacuate Collection Set: 0.8ms
[2024-10-11T04:35:31.829+0800][info] GC(513)   Post Evacuate Collection Set: 0.2ms
[2024-10-11T04:35:31.829+0800][info] GC(513)   Other: 0.2ms
[2024-10-11T04:35:31.829+0800][info] GC(513) Eden regions: 2->0(2)
[2024-10-11T04:35:31.829+0800][info] GC(513) Survivor regions: 1->1(1)
[2024-10-11T04:35:31.829+0800][info] GC(513) Old regions: 42->44
[2024-10-11T04:35:31.829+0800][info] GC(513) Archive regions: 2->2
[2024-10-11T04:35:31.829+0800][info] GC(513) Humongous regions: 4->4
[2024-10-11T04:35:31.829+0800][info] GC(513) Metaspace: 1676K(1856K)->1676K(1856K) NonClass: 1552K(1664K)->1552K(1664K) Class: 124K(192K)->124K(192K)
[2024-10-11T04:35:31.829+0800][info] GC(513) Pause Young (Normal) (G1 Evacuation Pause) 84M->85M(128M) 1.427ms
[2024-10-11T04:35:31.829+0800][info] GC(513) User=0.00s Sys=0.00s Real=0.00s
[2024-10-11T04:35:31.931+0800][info] GC(514) Pause Young (Normal) (G1 Evacuation Pause)
[2024-10-11T04:35:31.931+0800][info] GC(514) Using 3 workers of 48 for evacuation
[2024-10-11T04:35:31.932+0800][info] GC(514)   Pre Evacuate Collection Set: 0.1ms
[2024-10-11T04:35:31.932+0800][info] GC(514)   Merge Heap Roots: 0.0ms
[2024-10-11T04:35:31.932+0800][info] GC(514)   Evacuate Collection Set: 0.7ms
[2024-10-11T04:35:31.932+0800][info] GC(514)   Post Evacuate Collection Set: 0.2ms
[2024-10-11T04:35:31.932+0800][info] GC(514)   Other: 0.2ms
[2024-10-11T04:35:31.932+0800][info] GC(514) Eden regions: 2->0(2)
[2024-10-11T04:35:31.932+0800][info] GC(514) Survivor regions: 1->1(1)
[2024-10-11T04:35:31.932+0800][info] GC(514) Old regions: 44->46
[2024-10-11T04:35:31.932+0800][info] GC(514) Archive regions: 2->2
[2024-10-11T04:35:31.932+0800][info] GC(514) Humongous regions: 4->4
[2024-10-11T04:35:31.932+0800][info] GC(514) Metaspace: 1676K(1856K)->1676K(1856K) NonClass: 1552K(1664K)->1552K(1664K) Class: 124K(192K)->124K(192K)
[2024-10-11T04:35:31.932+0800][info] GC(514) Pause Young (Normal) (G1 Evacuation Pause) 89M->89M(128M) 1.312ms
[2024-10-11T04:35:31.932+0800][info] GC(514) User=0.00s Sys=0.00s Real=0.00s
[2024-10-11T04:35:32.035+0800][info] GC(515) Pause Young (Concurrent Start) (G1 Evacuation Pause)
[2024-10-11T04:35:32.035+0800][info] GC(515) Using 3 workers of 48 for evacuation
[2024-10-11T04:35:32.036+0800][info] GC(515)   Pre Evacuate Collection Set: 0.1ms
[2024-10-11T04:35:32.036+0800][info] GC(515)   Merge Heap Roots: 0.0ms
[2024-10-11T04:35:32.036+0800][info] GC(515)   Evacuate Collection Set: 0.7ms
[2024-10-11T04:35:32.036+0800][info] GC(515)   Post Evacuate Collection Set: 0.2ms
[2024-10-11T04:35:32.036+0800][info] GC(515)   Other: 0.3ms
[2024-10-11T04:35:32.036+0800][info] GC(515) Eden regions: 2->0(2)
[2024-10-11T04:35:32.036+0800][info] GC(515) Survivor regions: 1->1(1)
[2024-10-11T04:35:32.036+0800][info] GC(515) Old regions: 46->48
[2024-10-11T04:35:32.036+0800][info] GC(515) Archive regions: 2->2
[2024-10-11T04:35:32.036+0800][info] GC(515) Humongous regions: 4->4
[2024-10-11T04:35:32.036+0800][info] GC(515) Metaspace: 1676K(1856K)->1676K(1856K) NonClass: 1552K(1664K)->1552K(1664K) Class: 124K(192K)->124K(192K)
[2024-10-11T04:35:32.036+0800][info] GC(515) Pause Young (Concurrent Start) (G1 Evacuation Pause) 92M->93M(128M) 1.468ms
[2024-10-11T04:35:32.036+0800][info] GC(515) User=0.01s Sys=0.00s Real=0.00s
[2024-10-11T04:35:32.036+0800][info] GC(516) Concurrent Mark Cycle
[2024-10-11T04:35:32.036+0800][info] GC(516) Concurrent Clear Claimed Marks
[2024-10-11T04:35:32.036+0800][info] GC(516) Concurrent Clear Claimed Marks 0.017ms
[2024-10-11T04:35:32.036+0800][info] GC(516) Concurrent Scan Root Regions
[2024-10-11T04:35:32.036+0800][info] GC(516) Concurrent Scan Root Regions 0.088ms
[2024-10-11T04:35:32.036+0800][info] GC(516) Concurrent Mark
[2024-10-11T04:35:32.036+0800][info] GC(516) Concurrent Mark From Roots
[2024-10-11T04:35:32.036+0800][info] GC(516) Using 12 workers of 12 for marking
[2024-10-11T04:35:32.040+0800][info] GC(516) Concurrent Mark From Roots 3.522ms
[2024-10-11T04:35:32.040+0800][info] GC(516) Concurrent Preclean
[2024-10-11T04:35:32.042+0800][info] GC(516) Concurrent Preclean 1.710ms
[2024-10-11T04:35:32.042+0800][info] GC(516) Pause Remark
[2024-10-11T04:35:32.043+0800][info] GC(516) Pause Remark 93M->91M(128M) 1.421ms
[2024-10-11T04:35:32.043+0800][info] GC(516) User=0.00s Sys=0.00s Real=0.00s
[2024-10-11T04:35:32.043+0800][info] GC(516) Concurrent Mark 6.989ms
[2024-10-11T04:35:32.043+0800][info] GC(516) Concurrent Rebuild Remembered Sets
[2024-10-11T04:35:32.045+0800][info] GC(516) Concurrent Rebuild Remembered Sets 1.337ms
[2024-10-11T04:35:32.045+0800][info] GC(516) Pause Cleanup
[2024-10-11T04:35:32.045+0800][info] GC(516) Pause Cleanup 91M->91M(128M) 0.217ms
[2024-10-11T04:35:32.045+0800][info] GC(516) User=0.00s Sys=0.00s Real=0.00s
[2024-10-11T04:35:32.045+0800][info] GC(516) Concurrent Cleanup for Next Mark
[2024-10-11T04:35:32.045+0800][info] GC(516) Concurrent Cleanup for Next Mark 0.342ms
[2024-10-11T04:35:32.045+0800][info] GC(516) Concurrent Mark Cycle 9.287ms
[2024-10-11T04:35:32.189+0800][info] GC(517) Pause Young (Prepare Mixed) (G1 Evacuation Pause)
[2024-10-11T04:35:32.189+0800][info] GC(517) Using 3 workers of 48 for evacuation
[2024-10-11T04:35:32.190+0800][info] GC(517)   Pre Evacuate Collection Set: 0.1ms
[2024-10-11T04:35:32.190+0800][info] GC(517)   Merge Heap Roots: 0.1ms
[2024-10-11T04:35:32.190+0800][info] GC(517)   Evacuate Collection Set: 0.9ms
[2024-10-11T04:35:32.190+0800][info] GC(517)   Post Evacuate Collection Set: 0.2ms
[2024-10-11T04:35:32.190+0800][info] GC(517)   Other: 0.2ms
[2024-10-11T04:35:32.190+0800][info] GC(517) Eden regions: 2->0(2)
[2024-10-11T04:35:32.190+0800][info] GC(517) Survivor regions: 1->1(1)
[2024-10-11T04:35:32.190+0800][info] GC(517) Old regions: 48->50
[2024-10-11T04:35:32.190+0800][info] GC(517) Archive regions: 2->2
[2024-10-11T04:35:32.190+0800][info] GC(517) Humongous regions: 3->3
[2024-10-11T04:35:32.190+0800][info] GC(517) Metaspace: 1676K(1856K)->1676K(1856K) NonClass: 1552K(1664K)->1552K(1664K) Class: 124K(192K)->124K(192K)
[2024-10-11T04:35:32.190+0800][info] GC(517) Pause Young (Prepare Mixed) (G1 Evacuation Pause) 94M->95M(128M) 1.589ms
[2024-10-11T04:35:32.190+0800][info] GC(517) User=0.00s Sys=0.00s Real=0.00s
[2024-10-11T04:35:32.292+0800][info] GC(518) Pause Young (Mixed) (G1 Evacuation Pause)
[2024-10-11T04:35:32.292+0800][info] GC(518) Using 3 workers of 48 for evacuation
[2024-10-11T04:35:32.294+0800][info] GC(518)   Pre Evacuate Collection Set: 0.1ms
[2024-10-11T04:35:32.294+0800][info] GC(518)   Merge Heap Roots: 0.1ms
[2024-10-11T04:35:32.294+0800][info] GC(518)   Evacuate Collection Set: 1.3ms
[2024-10-11T04:35:32.294+0800][info] GC(518)   Post Evacuate Collection Set: 0.2ms
[2024-10-11T04:35:32.294+0800][info] GC(518)   Other: 0.2ms
[2024-10-11T04:35:32.294+0800][info] GC(518) Eden regions: 2->0(2)
[2024-10-11T04:35:32.294+0800][info] GC(518) Survivor regions: 1->1(1)
[2024-10-11T04:35:32.294+0800][info] GC(518) Old regions: 50->47
[2024-10-11T04:35:32.294+0800][info] GC(518) Archive regions: 2->2
[2024-10-11T04:35:32.294+0800][info] GC(518) Humongous regions: 3->3
[2024-10-11T04:35:32.294+0800][info] GC(518) Metaspace: 1676K(1856K)->1676K(1856K) NonClass: 1552K(1664K)->1552K(1664K) Class: 124K(192K)->124K(192K)
[2024-10-11T04:35:32.294+0800][info] GC(518) Pause Young (Mixed) (G1 Evacuation Pause) 98M->93M(128M) 1.994ms
[2024-10-11T04:35:32.294+0800][info] GC(518) User=0.01s Sys=0.00s Real=0.01s
[2024-10-11T04:35:32.396+0800][info] GC(519) Pause Young (Mixed) (G1 Evacuation Pause)
[2024-10-11T04:35:32.396+0800][info] GC(519) Using 3 workers of 48 for evacuation
[2024-10-11T04:35:32.399+0800][info] GC(519)   Pre Evacuate Collection Set: 0.1ms
[2024-10-11T04:35:32.399+0800][info] GC(519)   Merge Heap Roots: 0.1ms
[2024-10-11T04:35:32.399+0800][info] GC(519)   Evacuate Collection Set: 1.8ms
[2024-10-11T04:35:32.399+0800][info] GC(519)   Post Evacuate Collection Set: 0.2ms
[2024-10-11T04:35:32.399+0800][info] GC(519)   Other: 0.1ms
[2024-10-11T04:35:32.399+0800][info] GC(519) Eden regions: 2->0(2)
[2024-10-11T04:35:32.399+0800][info] GC(519) Survivor regions: 1->1(1)
[2024-10-11T04:35:32.399+0800][info] GC(519) Old regions: 47->45
[2024-10-11T04:35:32.399+0800][info] GC(519) Archive regions: 2->2
[2024-10-11T04:35:32.399+0800][info] GC(519) Humongous regions: 3->3
[2024-10-11T04:35:32.399+0800][info] GC(519) Metaspace: 1676K(1856K)->1676K(1856K) NonClass: 1552K(1664K)->1552K(1664K) Class: 124K(192K)->124K(192K)
[2024-10-11T04:35:32.399+0800][info] GC(519) Pause Young (Mixed) (G1 Evacuation Pause) 96M->92M(128M) 2.414ms
[2024-10-11T04:35:32.399+0800][info] GC(519) User=0.00s Sys=0.00s Real=0.00s
[2024-10-11T04:35:32.501+0800][info] GC(520) Pause Young (Mixed) (G1 Evacuation Pause)
[2024-10-11T04:35:32.501+0800][info] GC(520) Using 3 workers of 48 for evacuation
[2024-10-11T04:35:32.503+0800][info] GC(520)   Pre Evacuate Collection Set: 0.1ms
[2024-10-11T04:35:32.503+0800][info] GC(520)   Merge Heap Roots: 0.1ms
[2024-10-11T04:35:32.503+0800][info] GC(520)   Evacuate Collection Set: 2.2ms
[2024-10-11T04:35:32.503+0800][info] GC(520)   Post Evacuate Collection Set: 0.2ms
[2024-10-11T04:35:32.503+0800][info] GC(520)   Other: 0.1ms
[2024-10-11T04:35:32.503+0800][info] GC(520) Eden regions: 2->0(2)
[2024-10-11T04:35:32.503+0800][info] GC(520) Survivor regions: 1->1(1)
[2024-10-11T04:35:32.503+0800][info] GC(520) Old regions: 45->46
[2024-10-11T04:35:32.503+0800][info] GC(520) Archive regions: 2->2
[2024-10-11T04:35:32.504+0800][info] GC(520) Humongous regions: 3->3
[2024-10-11T04:35:32.504+0800][info] GC(520) Metaspace: 1676K(1856K)->1676K(1856K) NonClass: 1552K(1664K)->1552K(1664K) Class: 124K(192K)->124K(192K)
[2024-10-11T04:35:32.504+0800][info] GC(520) Pause Young (Mixed) (G1 Evacuation Pause) 96M->95M(128M) 2.821ms
[2024-10-11T04:35:32.504+0800][info] GC(520) User=0.01s Sys=0.00s Real=0.00s
[2024-10-11T04:35:32.605+0800][info] GC(521) Pause Young (Mixed) (G1 Evacuation Pause)
[2024-10-11T04:35:32.605+0800][info] GC(521) Using 3 workers of 48 for evacuation
[2024-10-11T04:35:32.608+0800][info] GC(521)   Pre Evacuate Collection Set: 0.1ms
[2024-10-11T04:35:32.608+0800][info] GC(521)   Merge Heap Roots: 0.1ms
[2024-10-11T04:35:32.608+0800][info] GC(521)   Evacuate Collection Set: 1.8ms
[2024-10-11T04:35:32.608+0800][info] GC(521)   Post Evacuate Collection Set: 0.2ms
[2024-10-11T04:35:32.608+0800][info] GC(521)   Other: 0.1ms
[2024-10-11T04:35:32.608+0800][info] GC(521) Eden regions: 2->0(2)
[2024-10-11T04:35:32.608+0800][info] GC(521) Survivor regions: 1->1(1)
[2024-10-11T04:35:32.608+0800][info] GC(521) Old regions: 46->46
[2024-10-11T04:35:32.608+0800][info] GC(521) Archive regions: 2->2
[2024-10-11T04:35:32.608+0800][info] GC(521) Humongous regions: 3->3
[2024-10-11T04:35:32.608+0800][info] GC(521) Metaspace: 1676K(1856K)->1676K(1856K) NonClass: 1552K(1664K)->1552K(1664K) Class: 124K(192K)->124K(192K)
[2024-10-11T04:35:32.608+0800][info] GC(521) Pause Young (Mixed) (G1 Evacuation Pause) 98M->97M(128M) 2.410ms
[2024-10-11T04:35:32.608+0800][info] GC(521) User=0.01s Sys=0.00s Real=0.00s
[2024-10-11T04:35:32.710+0800][info] GC(522) Pause Young (Normal) (G1 Evacuation Pause)
[2024-10-11T04:35:32.710+0800][info] GC(522) Using 3 workers of 48 for evacuation
[2024-10-11T04:35:32.711+0800][info] GC(522)   Pre Evacuate Collection Set: 0.1ms
[2024-10-11T04:35:32.711+0800][info] GC(522)   Merge Heap Roots: 0.0ms
[2024-10-11T04:35:32.711+0800][info] GC(522)   Evacuate Collection Set: 0.6ms
[2024-10-11T04:35:32.711+0800][info] GC(522)   Post Evacuate Collection Set: 0.2ms
[2024-10-11T04:35:32.711+0800][info] GC(522)   Other: 0.2ms
[2024-10-11T04:35:32.711+0800][info] GC(522) Eden regions: 2->0(2)
[2024-10-11T04:35:32.711+0800][info] GC(522) Survivor regions: 1->1(1)
[2024-10-11T04:35:32.711+0800][info] GC(522) Old regions: 46->48
[2024-10-11T04:35:32.711+0800][info] GC(522) Archive regions: 2->2
[2024-10-11T04:35:32.711+0800][info] GC(522) Humongous regions: 3->3
[2024-10-11T04:35:32.711+0800][info] GC(522) Metaspace: 1676K(1856K)->1676K(1856K) NonClass: 1552K(1664K)->1552K(1664K) Class: 124K(192K)->124K(192K)
[2024-10-11T04:35:32.711+0800][info] GC(522) Pause Young (Normal) (G1 Evacuation Pause) 101M->101M(128M) 1.185ms
[2024-10-11T04:35:32.711+0800][info] GC(522) User=0.00s Sys=0.00s Real=0.00s
[2024-10-11T04:35:32.813+0800][info] GC(523) Pause Young (Normal) (G1 Evacuation Pause)
[2024-10-11T04:35:32.813+0800][info] GC(523) Using 3 workers of 48 for evacuation
[2024-10-11T04:35:32.814+0800][info] GC(523)   Pre Evacuate Collection Set: 0.1ms
[2024-10-11T04:35:32.814+0800][info] GC(523)   Merge Heap Roots: 0.0ms
[2024-10-11T04:35:32.814+0800][info] GC(523)   Evacuate Collection Set: 0.7ms
[2024-10-11T04:35:32.814+0800][info] GC(523)   Post Evacuate Collection Set: 0.2ms
[2024-10-11T04:35:32.814+0800][info] GC(523)   Other: 0.2ms
[2024-10-11T04:35:32.814+0800][info] GC(523) Eden regions: 2->0(2)
[2024-10-11T04:35:32.814+0800][info] GC(523) Survivor regions: 1->1(1)
[2024-10-11T04:35:32.814+0800][info] GC(523) Old regions: 48->50
[2024-10-11T04:35:32.814+0800][info] GC(523) Archive regions: 2->2
[2024-10-11T04:35:32.814+0800][info] GC(523) Humongous regions: 3->3
[2024-10-11T04:35:32.814+0800][info] GC(523) Metaspace: 1676K(1856K)->1676K(1856K) NonClass: 1552K(1664K)->1552K(1664K) Class: 124K(192K)->124K(192K)
[2024-10-11T04:35:32.814+0800][info] GC(523) Pause Young (Normal) (G1 Evacuation Pause) 104M->105M(128M) 1.297ms
[2024-10-11T04:35:32.814+0800][info] GC(523) User=0.00s Sys=0.00s Real=0.01s
[2024-10-11T04:35:32.916+0800][info] GC(524) Pause Young (Concurrent Start) (G1 Evacuation Pause)
[2024-10-11T04:35:32.916+0800][info] GC(524) Using 3 workers of 48 for evacuation
[2024-10-11T04:35:32.918+0800][info] GC(524)   Pre Evacuate Collection Set: 0.1ms
[2024-10-11T04:35:32.918+0800][info] GC(524)   Merge Heap Roots: 0.0ms
[2024-10-11T04:35:32.918+0800][info] GC(524)   Evacuate Collection Set: 0.8ms
[2024-10-11T04:35:32.918+0800][info] GC(524)   Post Evacuate Collection Set: 0.2ms
[2024-10-11T04:35:32.918+0800][info] GC(524)   Other: 0.3ms
[2024-10-11T04:35:32.918+0800][info] GC(524) Eden regions: 2->0(2)
[2024-10-11T04:35:32.918+0800][info] GC(524) Survivor regions: 1->1(1)
[2024-10-11T04:35:32.918+0800][info] GC(524) Old regions: 50->52
[2024-10-11T04:35:32.918+0800][info] GC(524) Archive regions: 2->2
[2024-10-11T04:35:32.918+0800][info] GC(524) Humongous regions: 3->3
[2024-10-11T04:35:32.918+0800][info] GC(524) Metaspace: 1676K(1856K)->1676K(1856K) NonClass: 1552K(1664K)->1552K(1664K) Class: 124K(192K)->124K(192K)
[2024-10-11T04:35:32.918+0800][info] GC(524) Pause Young (Concurrent Start) (G1 Evacuation Pause) 108M->108M(128M) 1.557ms
[2024-10-11T04:35:32.918+0800][info] GC(524) User=0.00s Sys=0.00s Real=0.00s
[2024-10-11T04:35:32.918+0800][info] GC(525) Concurrent Mark Cycle
[2024-10-11T04:35:32.918+0800][info] GC(525) Concurrent Clear Claimed Marks
[2024-10-11T04:35:32.918+0800][info] GC(525) Concurrent Clear Claimed Marks 0.017ms
[2024-10-11T04:35:32.918+0800][info] GC(525) Concurrent Scan Root Regions
[2024-10-11T04:35:32.918+0800][info] GC(525) Concurrent Scan Root Regions 0.169ms
[2024-10-11T04:35:32.918+0800][info] GC(525) Concurrent Mark
[2024-10-11T04:35:32.918+0800][info] GC(525) Concurrent Mark From Roots
[2024-10-11T04:35:32.918+0800][info] GC(525) Using 12 workers of 12 for marking
[2024-10-11T04:35:32.922+0800][info] GC(525) Concurrent Mark From Roots 3.431ms
[2024-10-11T04:35:32.922+0800][info] GC(525) Concurrent Preclean
[2024-10-11T04:35:32.924+0800][info] GC(525) Concurrent Preclean 1.680ms
[2024-10-11T04:35:32.924+0800][info] GC(525) Pause Remark
[2024-10-11T04:35:32.925+0800][info] GC(525) Pause Remark 109M->109M(128M) 1.478ms
[2024-10-11T04:35:32.925+0800][info] GC(525) User=0.00s Sys=0.00s Real=0.01s
[2024-10-11T04:35:32.925+0800][info] GC(525) Concurrent Mark 6.916ms
[2024-10-11T04:35:32.925+0800][info] GC(525) Concurrent Rebuild Remembered Sets
[2024-10-11T04:35:32.927+0800][info] GC(525) Concurrent Rebuild Remembered Sets 1.354ms
[2024-10-11T04:35:32.927+0800][info] GC(525) Pause Cleanup
[2024-10-11T04:35:32.927+0800][info] GC(525) Pause Cleanup 109M->109M(128M) 0.227ms
[2024-10-11T04:35:32.927+0800][info] GC(525) User=0.01s Sys=0.00s Real=0.00s
[2024-10-11T04:35:32.927+0800][info] GC(525) Concurrent Cleanup for Next Mark
[2024-10-11T04:35:32.927+0800][info] GC(525) Concurrent Cleanup for Next Mark 0.381ms
[2024-10-11T04:35:32.928+0800][info] GC(525) Concurrent Mark Cycle 9.423ms
[2024-10-11T04:35:33.071+0800][info] GC(526) Pause Young (Prepare Mixed) (G1 Preventive Collection)
[2024-10-11T04:35:33.071+0800][info] GC(526) Using 3 workers of 48 for evacuation
[2024-10-11T04:35:33.072+0800][info] GC(526)   Pre Evacuate Collection Set: 0.1ms
[2024-10-11T04:35:33.072+0800][info] GC(526)   Merge Heap Roots: 0.1ms
[2024-10-11T04:35:33.072+0800][info] GC(526)   Evacuate Collection Set: 0.8ms
[2024-10-11T04:35:33.072+0800][info] GC(526)   Post Evacuate Collection Set: 0.2ms
[2024-10-11T04:35:33.072+0800][info] GC(526)   Other: 0.2ms
[2024-10-11T04:35:33.072+0800][info] GC(526) Eden regions: 2->0(2)
[2024-10-11T04:35:33.072+0800][info] GC(526) Survivor regions: 1->1(1)
[2024-10-11T04:35:33.072+0800][info] GC(526) Old regions: 52->54
[2024-10-11T04:35:33.072+0800][info] GC(526) Archive regions: 2->2
[2024-10-11T04:35:33.072+0800][info] GC(526) Humongous regions: 3->3
[2024-10-11T04:35:33.072+0800][info] GC(526) Metaspace: 1676K(1856K)->1676K(1856K) NonClass: 1552K(1664K)->1552K(1664K) Class: 124K(192K)->124K(192K)
[2024-10-11T04:35:33.072+0800][info] GC(526) Pause Young (Prepare Mixed) (G1 Preventive Collection) 112M->112M(128M) 1.481ms
[2024-10-11T04:35:33.072+0800][info] GC(526) User=0.00s Sys=0.00s Real=0.00s
[2024-10-11T04:35:33.134+0800][info] GC(527) Pause Young (Mixed) (G1 Preventive Collection)
[2024-10-11T04:35:33.134+0800][info] GC(527) Using 3 workers of 48 for evacuation
[2024-10-11T04:35:33.135+0800][info] GC(527) To-space exhausted
[2024-10-11T04:35:33.135+0800][info] GC(527)   Pre Evacuate Collection Set: 0.1ms
[2024-10-11T04:35:33.135+0800][info] GC(527)   Merge Heap Roots: 0.1ms
[2024-10-11T04:35:33.135+0800][info] GC(527)   Evacuate Collection Set: 1.1ms
[2024-10-11T04:35:33.135+0800][info] GC(527)   Post Evacuate Collection Set: 0.2ms
[2024-10-11T04:35:33.136+0800][info] GC(527)   Other: 0.2ms
[2024-10-11T04:35:33.136+0800][info] GC(527) Eden regions: 1->0(2)
[2024-10-11T04:35:33.136+0800][info] GC(527) Survivor regions: 1->1(1)
[2024-10-11T04:35:33.136+0800][info] GC(527) Old regions: 54->50
[2024-10-11T04:35:33.136+0800][info] GC(527) Archive regions: 2->2
[2024-10-11T04:35:33.136+0800][info] GC(527) Humongous regions: 3->3
[2024-10-11T04:35:33.136+0800][info] GC(527) Metaspace: 1676K(1856K)->1676K(1856K) NonClass: 1552K(1664K)->1552K(1664K) Class: 124K(192K)->124K(192K)
[2024-10-11T04:35:33.136+0800][info] GC(527) Pause Young (Mixed) (G1 Preventive Collection) 114M->107M(128M) 1.765ms
[2024-10-11T04:35:33.136+0800][info] GC(527) User=0.01s Sys=0.00s Real=0.00s
[2024-10-11T04:35:33.237+0800][info] GC(528) Pause Young (Mixed) (G1 Preventive Collection)
[2024-10-11T04:35:33.237+0800][info] GC(528) Using 3 workers of 48 for evacuation
[2024-10-11T04:35:33.239+0800][info] GC(528) To-space exhausted
[2024-10-11T04:35:33.239+0800][info] GC(528)   Pre Evacuate Collection Set: 0.1ms
[2024-10-11T04:35:33.239+0800][info] GC(528)   Merge Heap Roots: 0.1ms
[2024-10-11T04:35:33.239+0800][info] GC(528)   Evacuate Collection Set: 1.6ms
[2024-10-11T04:35:33.239+0800][info] GC(528)   Post Evacuate Collection Set: 0.2ms
[2024-10-11T04:35:33.239+0800][info] GC(528)   Other: 0.1ms
[2024-10-11T04:35:33.239+0800][info] GC(528) Eden regions: 2->0(2)
[2024-10-11T04:35:33.239+0800][info] GC(528) Survivor regions: 1->1(1)
[2024-10-11T04:35:33.239+0800][info] GC(528) Old regions: 50->51
[2024-10-11T04:35:33.240+0800][info] GC(528) Archive regions: 2->2
[2024-10-11T04:35:33.240+0800][info] GC(528) Humongous regions: 3->3
[2024-10-11T04:35:33.240+0800][info] GC(528) Metaspace: 1676K(1856K)->1676K(1856K) NonClass: 1552K(1664K)->1552K(1664K) Class: 124K(192K)->124K(192K)
[2024-10-11T04:35:33.240+0800][info] GC(528) Pause Young (Mixed) (G1 Preventive Collection) 110M->109M(128M) 2.223ms
[2024-10-11T04:35:33.240+0800][info] GC(528) User=0.00s Sys=0.00s Real=0.00s
[2024-10-11T04:35:33.301+0800][info] GC(529) Pause Young (Mixed) (G1 Preventive Collection)
[2024-10-11T04:35:33.301+0800][info] GC(529) Using 3 workers of 48 for evacuation
[2024-10-11T04:35:33.303+0800][info] GC(529) To-space exhausted
[2024-10-11T04:35:33.303+0800][info] GC(529)   Pre Evacuate Collection Set: 0.1ms
[2024-10-11T04:35:33.303+0800][info] GC(529)   Merge Heap Roots: 0.1ms
[2024-10-11T04:35:33.303+0800][info] GC(529)   Evacuate Collection Set: 1.6ms
[2024-10-11T04:35:33.303+0800][info] GC(529)   Post Evacuate Collection Set: 0.2ms
[2024-10-11T04:35:33.303+0800][info] GC(529)   Other: 0.1ms
[2024-10-11T04:35:33.303+0800][info] GC(529) Eden regions: 1->0(2)
[2024-10-11T04:35:33.303+0800][info] GC(529) Survivor regions: 1->1(1)
[2024-10-11T04:35:33.303+0800][info] GC(529) Old regions: 51->52
[2024-10-11T04:35:33.303+0800][info] GC(529) Archive regions: 2->2
[2024-10-11T04:35:33.303+0800][info] GC(529) Humongous regions: 3->3
[2024-10-11T04:35:33.303+0800][info] GC(529) Metaspace: 1676K(1856K)->1676K(1856K) NonClass: 1552K(1664K)->1552K(1664K) Class: 124K(192K)->124K(192K)
[2024-10-11T04:35:33.303+0800][info] GC(529) Pause Young (Mixed) (G1 Preventive Collection) 111M->111M(128M) 2.230ms
[2024-10-11T04:35:33.303+0800][info] GC(529) User=0.01s Sys=0.00s Real=0.00s
[2024-10-11T04:35:33.344+0800][info] GC(530) Pause Young (Mixed) (G1 Preventive Collection)
[2024-10-11T04:35:33.344+0800][info] GC(530) Using 3 workers of 48 for evacuation
[2024-10-11T04:35:33.347+0800][info] GC(530) To-space exhausted
[2024-10-11T04:35:33.347+0800][info] GC(530)   Pre Evacuate Collection Set: 0.1ms
[2024-10-11T04:35:33.347+0800][info] GC(530)   Merge Heap Roots: 0.1ms
[2024-10-11T04:35:33.347+0800][info] GC(530)   Evacuate Collection Set: 1.8ms
[2024-10-11T04:35:33.347+0800][info] GC(530)   Post Evacuate Collection Set: 0.3ms
[2024-10-11T04:35:33.347+0800][info] GC(530)   Other: 0.2ms
[2024-10-11T04:35:33.347+0800][info] GC(530) Eden regions: 1->0(2)
[2024-10-11T04:35:33.347+0800][info] GC(530) Survivor regions: 1->1(1)
[2024-10-11T04:35:33.347+0800][info] GC(530) Old regions: 52->55
[2024-10-11T04:35:33.347+0800][info] GC(530) Archive regions: 2->2
[2024-10-11T04:35:33.347+0800][info] GC(530) Humongous regions: 3->3
[2024-10-11T04:35:33.347+0800][info] GC(530) Metaspace: 1676K(1856K)->1676K(1856K) NonClass: 1552K(1664K)->1552K(1664K) Class: 124K(192K)->124K(192K)
[2024-10-11T04:35:33.347+0800][info] GC(530) Pause Young (Mixed) (G1 Preventive Collection) 113M->117M(128M) 2.525ms
[2024-10-11T04:35:33.347+0800][info] GC(530) User=0.00s Sys=0.00s Real=0.01s
[2024-10-11T04:35:33.408+0800][info] GC(531) Pause Young (Mixed) (G1 Preventive Collection)
[2024-10-11T04:35:33.408+0800][info] GC(531) Using 3 workers of 48 for evacuation
[2024-10-11T04:35:33.410+0800][info] GC(531) To-space exhausted
[2024-10-11T04:35:33.410+0800][info] GC(531)   Pre Evacuate Collection Set: 0.1ms
[2024-10-11T04:35:33.410+0800][info] GC(531)   Merge Heap Roots: 0.1ms
[2024-10-11T04:35:33.410+0800][info] GC(531)   Evacuate Collection Set: 1.0ms
[2024-10-11T04:35:33.410+0800][info] GC(531)   Post Evacuate Collection Set: 0.7ms
[2024-10-11T04:35:33.410+0800][info] GC(531)   Other: 0.2ms
[2024-10-11T04:35:33.410+0800][info] GC(531) Eden regions: 1->0(2)
[2024-10-11T04:35:33.410+0800][info] GC(531) Survivor regions: 1->1(1)
[2024-10-11T04:35:33.410+0800][info] GC(531) Old regions: 55->57
[2024-10-11T04:35:33.410+0800][info] GC(531) Archive regions: 2->2
[2024-10-11T04:35:33.410+0800][info] GC(531) Humongous regions: 3->3
[2024-10-11T04:35:33.410+0800][info] GC(531) Metaspace: 1676K(1856K)->1676K(1856K) NonClass: 1552K(1664K)->1552K(1664K) Class: 124K(192K)->124K(192K)
[2024-10-11T04:35:33.410+0800][info] GC(531) Pause Young (Mixed) (G1 Preventive Collection) 119M->120M(128M) 2.155ms
[2024-10-11T04:35:33.410+0800][info] GC(531) User=0.01s Sys=0.00s Real=0.00s
[2024-10-11T04:35:33.451+0800][info] GC(532) Pause Young (Concurrent Start) (G1 Evacuation Pause)
[2024-10-11T04:35:33.451+0800][info] GC(532) Using 3 workers of 48 for evacuation
[2024-10-11T04:35:33.452+0800][info] GC(532) To-space exhausted
[2024-10-11T04:35:33.452+0800][info] GC(532)   Pre Evacuate Collection Set: 0.1ms
[2024-10-11T04:35:33.452+0800][info] GC(532)   Merge Heap Roots: 0.0ms
[2024-10-11T04:35:33.452+0800][info] GC(532)   Evacuate Collection Set: 0.3ms
[2024-10-11T04:35:33.452+0800][info] GC(532)   Post Evacuate Collection Set: 0.2ms
[2024-10-11T04:35:33.452+0800][info] GC(532)   Other: 0.3ms
[2024-10-11T04:35:33.452+0800][info] GC(532) Eden regions: 1->0(3)
[2024-10-11T04:35:33.452+0800][info] GC(532) Survivor regions: 1->0(0)
[2024-10-11T04:35:33.452+0800][info] GC(532) Old regions: 57->59
[2024-10-11T04:35:33.452+0800][info] GC(532) Archive regions: 2->2
[2024-10-11T04:35:33.452+0800][info] GC(532) Humongous regions: 3->3
[2024-10-11T04:35:33.452+0800][info] GC(532) Metaspace: 1676K(1856K)->1676K(1856K) NonClass: 1552K(1664K)->1552K(1664K) Class: 124K(192K)->124K(192K)
[2024-10-11T04:35:33.452+0800][info] GC(532) Pause Young (Concurrent Start) (G1 Evacuation Pause) 122M->122M(128M) 1.071ms
[2024-10-11T04:35:33.452+0800][info] GC(532) User=0.00s Sys=0.00s Real=0.00s
[2024-10-11T04:35:33.452+0800][info] Attempting full compaction
[2024-10-11T04:35:33.452+0800][info] GC(533) Using 3 workers of 48 for full compaction
[2024-10-11T04:35:33.452+0800][info] GC(533) Pause Full (G1 Compaction Pause)
[2024-10-11T04:35:33.452+0800][info] GC(534) Concurrent Mark Cycle
[2024-10-11T04:35:33.452+0800][info] GC(534) Concurrent Clear Claimed Marks
[2024-10-11T04:35:33.452+0800][info] GC(534) Concurrent Clear Claimed Marks 0.017ms
[2024-10-11T04:35:33.452+0800][info] GC(534) Concurrent Scan Root Regions
[2024-10-11T04:35:33.452+0800][info] GC(534) Concurrent Scan Root Regions 0.010ms
[2024-10-11T04:35:33.452+0800][info] GC(534) Concurrent Mark
[2024-10-11T04:35:33.452+0800][info] GC(534) Concurrent Mark From Roots
[2024-10-11T04:35:33.452+0800][info] GC(534) Using 12 workers of 12 for marking
[2024-10-11T04:35:33.453+0800][info] GC(533) Phase 1: Mark live objects
[2024-10-11T04:35:33.456+0800][info] GC(533) Phase 1: Mark live objects 3.474ms
[2024-10-11T04:35:33.456+0800][info] GC(533) Phase 2: Prepare for compaction
[2024-10-11T04:35:33.457+0800][info] GC(533) Phase 2: Prepare for compaction 0.534ms
[2024-10-11T04:35:33.457+0800][info] GC(533) Phase 3: Adjust pointers
[2024-10-11T04:35:33.458+0800][info] GC(533) Phase 3: Adjust pointers 1.663ms
[2024-10-11T04:35:33.458+0800][info] GC(533) Phase 4: Compact heap
[2024-10-11T04:35:33.468+0800][info] GC(533) Phase 4: Compact heap 9.891ms
[2024-10-11T04:35:33.470+0800][info] GC(533) Eden regions: 0->0(4)
[2024-10-11T04:35:33.470+0800][info] GC(533) Survivor regions: 0->0(0)
[2024-10-11T04:35:33.470+0800][info] GC(533) Old regions: 59->39
[2024-10-11T04:35:33.470+0800][info] GC(533) Archive regions: 2->2
[2024-10-11T04:35:33.470+0800][info] GC(533) Humongous regions: 3->3
[2024-10-11T04:35:33.470+0800][info] GC(533) Metaspace: 1676K(1856K)->1676K(1856K) NonClass: 1552K(1664K)->1552K(1664K) Class: 124K(192K)->124K(192K)
[2024-10-11T04:35:33.470+0800][info] GC(533) Pause Full (G1 Compaction Pause) 122M->73M(128M) 17.562ms
[2024-10-11T04:35:33.470+0800][info] GC(533) User=0.04s Sys=0.00s Real=0.02s
[2024-10-11T04:35:33.470+0800][info] GC(534) Concurrent Mark From Roots 17.730ms
[2024-10-11T04:35:33.470+0800][info] GC(534) Concurrent Mark Abort
[2024-10-11T04:35:33.470+0800][info] GC(534) Concurrent Mark Cycle 17.929ms
[2024-10-11T04:35:33.696+0800][info] GC(535) Pause Young (Normal) (G1 Evacuation Pause)
[2024-10-11T04:35:33.696+0800][info] GC(535) Using 3 workers of 48 for evacuation
[2024-10-11T04:35:33.697+0800][info] GC(535)   Pre Evacuate Collection Set: 0.1ms
[2024-10-11T04:35:33.697+0800][info] GC(535)   Merge Heap Roots: 0.0ms
[2024-10-11T04:35:33.697+0800][info] GC(535)   Evacuate Collection Set: 1.1ms
[2024-10-11T04:35:33.697+0800][info] GC(535)   Post Evacuate Collection Set: 0.2ms
[2024-10-11T04:35:33.697+0800][info] GC(535)   Other: 0.2ms
[2024-10-11T04:35:33.697+0800][info] GC(535) Eden regions: 4->0(2)
[2024-10-11T04:35:33.697+0800][info] GC(535) Survivor regions: 0->1(1)
[2024-10-11T04:35:33.697+0800][info] GC(535) Old regions: 39->42
[2024-10-11T04:35:33.697+0800][info] GC(535) Archive regions: 2->2
[2024-10-11T04:35:33.697+0800][info] GC(535) Humongous regions: 3->3
[2024-10-11T04:35:33.697+0800][info] GC(535) Metaspace: 1676K(1856K)->1676K(1856K) NonClass: 1552K(1664K)->1552K(1664K) Class: 124K(192K)->124K(192K)
[2024-10-11T04:35:33.698+0800][info] GC(535) Pause Young (Normal) (G1 Evacuation Pause) 81M->81M(128M) 1.810ms
[2024-10-11T04:35:33.698+0800][info] GC(535) User=0.00s Sys=0.00s Real=0.00s
[2024-10-11T04:35:33.800+0800][info] GC(536) Pause Young (Normal) (G1 Evacuation Pause)
[2024-10-11T04:35:33.800+0800][info] GC(536) Using 3 workers of 48 for evacuation
[2024-10-11T04:35:33.801+0800][info] GC(536)   Pre Evacuate Collection Set: 0.1ms
[2024-10-11T04:35:33.801+0800][info] GC(536)   Merge Heap Roots: 0.0ms
[2024-10-11T04:35:33.801+0800][info] GC(536)   Evacuate Collection Set: 0.7ms
[2024-10-11T04:35:33.801+0800][info] GC(536)   Post Evacuate Collection Set: 0.2ms
[2024-10-11T04:35:33.801+0800][info] GC(536)   Other: 0.2ms
[2024-10-11T04:35:33.801+0800][info] GC(536) Eden regions: 2->0(2)
[2024-10-11T04:35:33.801+0800][info] GC(536) Survivor regions: 1->1(1)
[2024-10-11T04:35:33.801+0800][info] GC(536) Old regions: 42->44
[2024-10-11T04:35:33.801+0800][info] GC(536) Archive regions: 2->2
[2024-10-11T04:35:33.801+0800][info] GC(536) Humongous regions: 3->3
[2024-10-11T04:35:33.801+0800][info] GC(536) Metaspace: 1676K(1856K)->1676K(1856K) NonClass: 1552K(1664K)->1552K(1664K) Class: 124K(192K)->124K(192K)
[2024-10-11T04:35:33.801+0800][info] GC(536) Pause Young (Normal) (G1 Evacuation Pause) 84M->85M(128M) 1.322ms
[2024-10-11T04:35:33.801+0800][info] GC(536) User=0.01s Sys=0.00s Real=0.00s
[2024-10-11T04:35:33.903+0800][info] GC(537) Pause Young (Normal) (G1 Evacuation Pause)
[2024-10-11T04:35:33.903+0800][info] GC(537) Using 3 workers of 48 for evacuation
[2024-10-11T04:35:33.904+0800][info] GC(537)   Pre Evacuate Collection Set: 0.1ms
[2024-10-11T04:35:33.904+0800][info] GC(537)   Merge Heap Roots: 0.0ms
[2024-10-11T04:35:33.904+0800][info] GC(537)   Evacuate Collection Set: 0.7ms
[2024-10-11T04:35:33.904+0800][info] GC(537)   Post Evacuate Collection Set: 0.2ms
[2024-10-11T04:35:33.904+0800][info] GC(537)   Other: 0.2ms
[2024-10-11T04:35:33.904+0800][info] GC(537) Eden regions: 2->0(2)
[2024-10-11T04:35:33.904+0800][info] GC(537) Survivor regions: 1->1(1)
[2024-10-11T04:35:33.904+0800][info] GC(537) Old regions: 44->46
[2024-10-11T04:35:33.904+0800][info] GC(537) Archive regions: 2->2
[2024-10-11T04:35:33.904+0800][info] GC(537) Humongous regions: 3->3
[2024-10-11T04:35:33.904+0800][info] GC(537) Metaspace: 1676K(1856K)->1676K(1856K) NonClass: 1552K(1664K)->1552K(1664K) Class: 124K(192K)->124K(192K)
[2024-10-11T04:35:33.904+0800][info] GC(537) Pause Young (Normal) (G1 Evacuation Pause) 88M->88M(128M) 1.254ms
[2024-10-11T04:35:33.904+0800][info] GC(537) User=0.00s Sys=0.00s Real=0.00s
[2024-10-11T04:35:33.925+0800][info] GC(538) Pause Young (Concurrent Start) (G1 Humongous Allocation)
[2024-10-11T04:35:33.925+0800][info] GC(538) Using 3 workers of 48 for evacuation
[2024-10-11T04:35:33.926+0800][info] GC(538)   Pre Evacuate Collection Set: 0.1ms
[2024-10-11T04:35:33.926+0800][info] GC(538)   Merge Heap Roots: 0.0ms
[2024-10-11T04:35:33.926+0800][info] GC(538)   Evacuate Collection Set: 0.6ms
[2024-10-11T04:35:33.926+0800][info] GC(538)   Post Evacuate Collection Set: 0.2ms
[2024-10-11T04:35:33.926+0800][info] GC(538)   Other: 0.3ms
[2024-10-11T04:35:33.926+0800][info] GC(538) Eden regions: 1->0(2)
[2024-10-11T04:35:33.926+0800][info] GC(538) Survivor regions: 1->1(1)
[2024-10-11T04:35:33.926+0800][info] GC(538) Old regions: 46->47
[2024-10-11T04:35:33.926+0800][info] GC(538) Archive regions: 2->2
[2024-10-11T04:35:33.926+0800][info] GC(538) Humongous regions: 3->3
[2024-10-11T04:35:33.926+0800][info] GC(538) Metaspace: 1676K(1856K)->1676K(1856K) NonClass: 1552K(1664K)->1552K(1664K) Class: 124K(192K)->124K(192K)
[2024-10-11T04:35:33.926+0800][info] GC(538) Pause Young (Concurrent Start) (G1 Humongous Allocation) 90M->90M(128M) 1.287ms
[2024-10-11T04:35:33.926+0800][info] GC(538) User=0.00s Sys=0.00s Real=0.01s
[2024-10-11T04:35:33.926+0800][info] GC(539) Concurrent Mark Cycle
[2024-10-11T04:35:33.926+0800][info] GC(539) Concurrent Clear Claimed Marks
[2024-10-11T04:35:33.926+0800][info] GC(539) Concurrent Clear Claimed Marks 0.017ms
[2024-10-11T04:35:33.926+0800][info] GC(539) Concurrent Scan Root Regions
[2024-10-11T04:35:33.926+0800][info] GC(539) Concurrent Scan Root Regions 0.097ms
[2024-10-11T04:35:33.926+0800][info] GC(539) Concurrent Mark
[2024-10-11T04:35:33.926+0800][info] GC(539) Concurrent Mark From Roots
[2024-10-11T04:35:33.926+0800][info] GC(539) Using 12 workers of 12 for marking
[2024-10-11T04:35:33.930+0800][info] GC(539) Concurrent Mark From Roots 3.823ms
[2024-10-11T04:35:33.930+0800][info] GC(539) Concurrent Preclean
[2024-10-11T04:35:33.932+0800][info] GC(539) Concurrent Preclean 1.676ms
[2024-10-11T04:35:33.932+0800][info] GC(539) Pause Remark
[2024-10-11T04:35:33.933+0800][info] GC(539) Pause Remark 92M->92M(128M) 1.465ms
[2024-10-11T04:35:33.933+0800][info] GC(539) User=0.01s Sys=0.00s Real=0.01s
[2024-10-11T04:35:33.933+0800][info] GC(539) Concurrent Mark 7.270ms
[2024-10-11T04:35:33.933+0800][info] GC(539) Concurrent Rebuild Remembered Sets
[2024-10-11T04:35:33.935+0800][info] GC(539) Concurrent Rebuild Remembered Sets 1.296ms
[2024-10-11T04:35:33.935+0800][info] GC(539) Pause Cleanup
[2024-10-11T04:35:33.935+0800][info] GC(539) Pause Cleanup 92M->92M(128M) 0.209ms
[2024-10-11T04:35:33.935+0800][info] GC(539) User=0.00s Sys=0.00s Real=0.00s
[2024-10-11T04:35:33.935+0800][info] GC(539) Concurrent Cleanup for Next Mark
[2024-10-11T04:35:33.936+0800][info] GC(539) Concurrent Cleanup for Next Mark 0.413ms
[2024-10-11T04:35:33.936+0800][info] GC(539) Concurrent Mark Cycle 9.658ms
[2024-10-11T04:35:34.100+0800][info] GC(540) Pause Young (Prepare Mixed) (G1 Evacuation Pause)
[2024-10-11T04:35:34.100+0800][info] GC(540) Using 3 workers of 48 for evacuation
[2024-10-11T04:35:34.101+0800][info] GC(540)   Pre Evacuate Collection Set: 0.1ms
[2024-10-11T04:35:34.101+0800][info] GC(540)   Merge Heap Roots: 0.1ms
[2024-10-11T04:35:34.101+0800][info] GC(540)   Evacuate Collection Set: 0.7ms
[2024-10-11T04:35:34.101+0800][info] GC(540)   Post Evacuate Collection Set: 0.2ms
[2024-10-11T04:35:34.101+0800][info] GC(540)   Other: 0.2ms
[2024-10-11T04:35:34.101+0800][info] GC(540) Eden regions: 2->0(2)
[2024-10-11T04:35:34.101+0800][info] GC(540) Survivor regions: 1->1(1)
[2024-10-11T04:35:34.101+0800][info] GC(540) Old regions: 47->49
[2024-10-11T04:35:34.101+0800][info] GC(540) Archive regions: 2->2
[2024-10-11T04:35:34.101+0800][info] GC(540) Humongous regions: 4->3
[2024-10-11T04:35:34.101+0800][info] GC(540) Metaspace: 1676K(1856K)->1676K(1856K) NonClass: 1552K(1664K)->1552K(1664K) Class: 124K(192K)->124K(192K)
[2024-10-11T04:35:34.101+0800][info] GC(540) Pause Young (Prepare Mixed) (G1 Evacuation Pause) 96M->94M(128M) 1.374ms
[2024-10-11T04:35:34.101+0800][info] GC(540) User=0.01s Sys=0.00s Real=0.00s
[2024-10-11T04:35:34.203+0800][info] GC(541) Pause Young (Mixed) (G1 Evacuation Pause)
[2024-10-11T04:35:34.203+0800][info] GC(541) Using 3 workers of 48 for evacuation
[2024-10-11T04:35:34.205+0800][info] GC(541)   Pre Evacuate Collection Set: 0.1ms
[2024-10-11T04:35:34.205+0800][info] GC(541)   Merge Heap Roots: 0.0ms
[2024-10-11T04:35:34.205+0800][info] GC(541)   Evacuate Collection Set: 1.3ms
[2024-10-11T04:35:34.205+0800][info] GC(541)   Post Evacuate Collection Set: 0.2ms
[2024-10-11T04:35:34.205+0800][info] GC(541)   Other: 0.2ms
[2024-10-11T04:35:34.205+0800][info] GC(541) Eden regions: 2->0(2)
[2024-10-11T04:35:34.205+0800][info] GC(541) Survivor regions: 1->1(1)
[2024-10-11T04:35:34.205+0800][info] GC(541) Old regions: 49->47
[2024-10-11T04:35:34.205+0800][info] GC(541) Archive regions: 2->2
[2024-10-11T04:35:34.205+0800][info] GC(541) Humongous regions: 3->3
[2024-10-11T04:35:34.205+0800][info] GC(541) Metaspace: 1676K(1856K)->1676K(1856K) NonClass: 1552K(1664K)->1552K(1664K) Class: 124K(192K)->124K(192K)
[2024-10-11T04:35:34.205+0800][info] GC(541) Pause Young (Mixed) (G1 Evacuation Pause) 98M->94M(128M) 2.026ms
[2024-10-11T04:35:34.205+0800][info] GC(541) User=0.00s Sys=0.00s Real=0.01s
[2024-10-11T04:35:34.307+0800][info] GC(542) Pause Young (Mixed) (G1 Evacuation Pause)
[2024-10-11T04:35:34.307+0800][info] GC(542) Using 3 workers of 48 for evacuation
[2024-10-11T04:35:34.309+0800][info] GC(542)   Pre Evacuate Collection Set: 0.1ms
[2024-10-11T04:35:34.309+0800][info] GC(542)   Merge Heap Roots: 0.1ms
[2024-10-11T04:35:34.309+0800][info] GC(542)   Evacuate Collection Set: 1.8ms
[2024-10-11T04:35:34.309+0800][info] GC(542)   Post Evacuate Collection Set: 0.2ms
[2024-10-11T04:35:34.309+0800][info] GC(542)   Other: 0.1ms
[2024-10-11T04:35:34.309+0800][info] GC(542) Eden regions: 2->0(2)
[2024-10-11T04:35:34.309+0800][info] GC(542) Survivor regions: 1->1(1)
[2024-10-11T04:35:34.309+0800][info] GC(542) Old regions: 47->45
[2024-10-11T04:35:34.309+0800][info] GC(542) Archive regions: 2->2
[2024-10-11T04:35:34.309+0800][info] GC(542) Humongous regions: 3->3
[2024-10-11T04:35:34.309+0800][info] GC(542) Metaspace: 1676K(1856K)->1676K(1856K) NonClass: 1552K(1664K)->1552K(1664K) Class: 124K(192K)->124K(192K)
[2024-10-11T04:35:34.310+0800][info] GC(542) Pause Young (Mixed) (G1 Evacuation Pause) 97M->93M(128M) 2.395ms
[2024-10-11T04:35:34.310+0800][info] GC(542) User=0.01s Sys=0.00s Real=0.00s
[2024-10-11T04:35:34.412+0800][info] GC(543) Pause Young (Mixed) (G1 Evacuation Pause)
[2024-10-11T04:35:34.412+0800][info] GC(543) Using 3 workers of 48 for evacuation
[2024-10-11T04:35:34.414+0800][info] GC(543)   Pre Evacuate Collection Set: 0.1ms
[2024-10-11T04:35:34.414+0800][info] GC(543)   Merge Heap Roots: 0.1ms
[2024-10-11T04:35:34.414+0800][info] GC(543)   Evacuate Collection Set: 2.0ms
[2024-10-11T04:35:34.414+0800][info] GC(543)   Post Evacuate Collection Set: 0.2ms
[2024-10-11T04:35:34.414+0800][info] GC(543)   Other: 0.2ms
[2024-10-11T04:35:34.414+0800][info] GC(543) Eden regions: 2->0(2)
[2024-10-11T04:35:34.414+0800][info] GC(543) Survivor regions: 1->1(1)
[2024-10-11T04:35:34.414+0800][info] GC(543) Old regions: 45->45
[2024-10-11T04:35:34.414+0800][info] GC(543) Archive regions: 2->2
[2024-10-11T04:35:34.414+0800][info] GC(543) Humongous regions: 3->3
[2024-10-11T04:35:34.414+0800][info] GC(543) Metaspace: 1676K(1856K)->1676K(1856K) NonClass: 1552K(1664K)->1552K(1664K) Class: 124K(192K)->124K(192K)
[2024-10-11T04:35:34.414+0800][info] GC(543) Pause Young (Mixed) (G1 Evacuation Pause) 96M->94M(128M) 2.669ms
[2024-10-11T04:35:34.414+0800][info] GC(543) User=0.00s Sys=0.00s Real=0.01s
[2024-10-11T04:35:34.516+0800][info] GC(544) Pause Young (Normal) (G1 Evacuation Pause)
[2024-10-11T04:35:34.516+0800][info] GC(544) Using 3 workers of 48 for evacuation
[2024-10-11T04:35:34.518+0800][info] GC(544)   Pre Evacuate Collection Set: 0.1ms
[2024-10-11T04:35:34.518+0800][info] GC(544)   Merge Heap Roots: 0.0ms
[2024-10-11T04:35:34.518+0800][info] GC(544)   Evacuate Collection Set: 0.8ms
[2024-10-11T04:35:34.518+0800][info] GC(544)   Post Evacuate Collection Set: 0.2ms
[2024-10-11T04:35:34.518+0800][info] GC(544)   Other: 0.2ms
[2024-10-11T04:35:34.518+0800][info] GC(544) Eden regions: 2->0(2)
[2024-10-11T04:35:34.518+0800][info] GC(544) Survivor regions: 1->1(1)
[2024-10-11T04:35:34.518+0800][info] GC(544) Old regions: 45->47
[2024-10-11T04:35:34.518+0800][info] GC(544) Archive regions: 2->2
[2024-10-11T04:35:34.518+0800][info] GC(544) Humongous regions: 3->3
[2024-10-11T04:35:34.518+0800][info] GC(544) Metaspace: 1676K(1856K)->1676K(1856K) NonClass: 1552K(1664K)->1552K(1664K) Class: 124K(192K)->124K(192K)
[2024-10-11T04:35:34.518+0800][info] GC(544) Pause Young (Normal) (G1 Evacuation Pause) 98M->98M(128M) 1.414ms
[2024-10-11T04:35:34.518+0800][info] GC(544) User=0.00s Sys=0.00s Real=0.00s
[2024-10-11T04:35:34.620+0800][info] GC(545) Pause Young (Normal) (G1 Evacuation Pause)
[2024-10-11T04:35:34.620+0800][info] GC(545) Using 3 workers of 48 for evacuation
[2024-10-11T04:35:34.621+0800][info] GC(545)   Pre Evacuate Collection Set: 0.1ms
[2024-10-11T04:35:34.621+0800][info] GC(545)   Merge Heap Roots: 0.0ms
[2024-10-11T04:35:34.621+0800][info] GC(545)   Evacuate Collection Set: 0.7ms
[2024-10-11T04:35:34.621+0800][info] GC(545)   Post Evacuate Collection Set: 0.2ms
[2024-10-11T04:35:34.621+0800][info] GC(545)   Other: 0.2ms
[2024-10-11T04:35:34.621+0800][info] GC(545) Eden regions: 2->0(2)
[2024-10-11T04:35:34.621+0800][info] GC(545) Survivor regions: 1->1(1)
[2024-10-11T04:35:34.621+0800][info] GC(545) Old regions: 47->49
[2024-10-11T04:35:34.621+0800][info] GC(545) Archive regions: 2->2
[2024-10-11T04:35:34.621+0800][info] GC(545) Humongous regions: 3->3
[2024-10-11T04:35:34.621+0800][info] GC(545) Metaspace: 1676K(1856K)->1676K(1856K) NonClass: 1552K(1664K)->1552K(1664K) Class: 124K(192K)->124K(192K)
[2024-10-11T04:35:34.621+0800][info] GC(545) Pause Young (Normal) (G1 Evacuation Pause) 102M->102M(128M) 1.355ms
[2024-10-11T04:35:34.621+0800][info] GC(545) User=0.00s Sys=0.00s Real=0.00s
[2024-10-11T04:35:34.723+0800][info] GC(546) Pause Young (Concurrent Start) (G1 Evacuation Pause)
[2024-10-11T04:35:34.723+0800][info] GC(546) Using 3 workers of 48 for evacuation
[2024-10-11T04:35:34.725+0800][info] GC(546)   Pre Evacuate Collection Set: 0.1ms
[2024-10-11T04:35:34.725+0800][info] GC(546)   Merge Heap Roots: 0.0ms
[2024-10-11T04:35:34.725+0800][info] GC(546)   Evacuate Collection Set: 0.9ms
[2024-10-11T04:35:34.725+0800][info] GC(546)   Post Evacuate Collection Set: 0.2ms
[2024-10-11T04:35:34.725+0800][info] GC(546)   Other: 0.4ms
[2024-10-11T04:35:34.725+0800][info] GC(546) Eden regions: 2->0(2)
[2024-10-11T04:35:34.725+0800][info] GC(546) Survivor regions: 1->1(1)
[2024-10-11T04:35:34.725+0800][info] GC(546) Old regions: 49->51
[2024-10-11T04:35:34.725+0800][info] GC(546) Archive regions: 2->2
[2024-10-11T04:35:34.725+0800][info] GC(546) Humongous regions: 3->3
[2024-10-11T04:35:34.725+0800][info] GC(546) Metaspace: 1676K(1856K)->1676K(1856K) NonClass: 1552K(1664K)->1552K(1664K) Class: 124K(192K)->124K(192K)
[2024-10-11T04:35:34.725+0800][info] GC(546) Pause Young (Concurrent Start) (G1 Evacuation Pause) 105M->106M(128M) 1.633ms
[2024-10-11T04:35:34.725+0800][info] GC(546) User=0.01s Sys=0.00s Real=0.00s
[2024-10-11T04:35:34.725+0800][info] GC(547) Concurrent Mark Cycle
[2024-10-11T04:35:34.725+0800][info] GC(547) Concurrent Clear Claimed Marks
[2024-10-11T04:35:34.725+0800][info] GC(547) Concurrent Clear Claimed Marks 0.017ms
[2024-10-11T04:35:34.725+0800][info] GC(547) Concurrent Scan Root Regions
[2024-10-11T04:35:34.725+0800][info] GC(547) Concurrent Scan Root Regions 0.199ms
[2024-10-11T04:35:34.725+0800][info] GC(547) Concurrent Mark
[2024-10-11T04:35:34.725+0800][info] GC(547) Concurrent Mark From Roots
[2024-10-11T04:35:34.725+0800][info] GC(547) Using 12 workers of 12 for marking
[2024-10-11T04:35:34.729+0800][info] GC(547) Concurrent Mark From Roots 4.012ms
[2024-10-11T04:35:34.729+0800][info] GC(547) Concurrent Preclean
[2024-10-11T04:35:34.731+0800][info] GC(547) Concurrent Preclean 1.674ms
[2024-10-11T04:35:34.731+0800][info] GC(547) Pause Remark
[2024-10-11T04:35:34.732+0800][info] GC(547) Pause Remark 106M->106M(128M) 1.339ms
[2024-10-11T04:35:34.732+0800][info] GC(547) User=0.01s Sys=0.00s Real=0.00s
[2024-10-11T04:35:34.733+0800][info] GC(547) Concurrent Mark 7.330ms
[2024-10-11T04:35:34.733+0800][info] GC(547) Concurrent Rebuild Remembered Sets
[2024-10-11T04:35:34.734+0800][info] GC(547) Concurrent Rebuild Remembered Sets 1.328ms
[2024-10-11T04:35:34.734+0800][info] GC(547) Pause Cleanup
[2024-10-11T04:35:34.734+0800][info] GC(547) Pause Cleanup 106M->106M(128M) 0.186ms
[2024-10-11T04:35:34.734+0800][info] GC(547) User=0.00s Sys=0.00s Real=0.00s
[2024-10-11T04:35:34.734+0800][info] GC(547) Concurrent Cleanup for Next Mark
[2024-10-11T04:35:34.735+0800][info] GC(547) Concurrent Cleanup for Next Mark 0.427ms
[2024-10-11T04:35:34.735+0800][info] GC(547) Concurrent Mark Cycle 9.850ms
[2024-10-11T04:35:34.878+0800][info] GC(548) Pause Young (Prepare Mixed) (G1 Evacuation Pause)
[2024-10-11T04:35:34.878+0800][info] GC(548) Using 3 workers of 48 for evacuation
[2024-10-11T04:35:34.879+0800][info] GC(548)   Pre Evacuate Collection Set: 0.1ms
[2024-10-11T04:35:34.879+0800][info] GC(548)   Merge Heap Roots: 0.1ms
[2024-10-11T04:35:34.879+0800][info] GC(548)   Evacuate Collection Set: 0.8ms
[2024-10-11T04:35:34.879+0800][info] GC(548)   Post Evacuate Collection Set: 0.2ms
[2024-10-11T04:35:34.879+0800][info] GC(548)   Other: 0.2ms
[2024-10-11T04:35:34.879+0800][info] GC(548) Eden regions: 2->0(2)
[2024-10-11T04:35:34.879+0800][info] GC(548) Survivor regions: 1->1(1)
[2024-10-11T04:35:34.879+0800][info] GC(548) Old regions: 51->53
[2024-10-11T04:35:34.879+0800][info] GC(548) Archive regions: 2->2
[2024-10-11T04:35:34.879+0800][info] GC(548) Humongous regions: 3->3
[2024-10-11T04:35:34.879+0800][info] GC(548) Metaspace: 1676K(1856K)->1676K(1856K) NonClass: 1552K(1664K)->1552K(1664K) Class: 124K(192K)->124K(192K)
[2024-10-11T04:35:34.879+0800][info] GC(548) Pause Young (Prepare Mixed) (G1 Evacuation Pause) 109M->109M(128M) 1.443ms
[2024-10-11T04:35:34.880+0800][info] GC(548) User=0.00s Sys=0.00s Real=0.00s
[2024-10-11T04:35:34.941+0800][info] GC(549) Pause Young (Mixed) (G1 Preventive Collection)
[2024-10-11T04:35:34.941+0800][info] GC(549) Using 3 workers of 48 for evacuation
[2024-10-11T04:35:34.942+0800][info] GC(549) To-space exhausted
[2024-10-11T04:35:34.942+0800][info] GC(549)   Pre Evacuate Collection Set: 0.1ms
[2024-10-11T04:35:34.942+0800][info] GC(549)   Merge Heap Roots: 0.0ms
[2024-10-11T04:35:34.942+0800][info] GC(549)   Evacuate Collection Set: 1.2ms
[2024-10-11T04:35:34.942+0800][info] GC(549)   Post Evacuate Collection Set: 0.3ms
[2024-10-11T04:35:34.942+0800][info] GC(549)   Other: 0.2ms
[2024-10-11T04:35:34.942+0800][info] GC(549) Eden regions: 1->0(2)
[2024-10-11T04:35:34.943+0800][info] GC(549) Survivor regions: 1->1(1)
[2024-10-11T04:35:34.943+0800][info] GC(549) Old regions: 53->51
[2024-10-11T04:35:34.943+0800][info] GC(549) Archive regions: 2->2
[2024-10-11T04:35:34.943+0800][info] GC(549) Humongous regions: 3->3
[2024-10-11T04:35:34.943+0800][info] GC(549) Metaspace: 1676K(1856K)->1676K(1856K) NonClass: 1552K(1664K)->1552K(1664K) Class: 124K(192K)->124K(192K)
[2024-10-11T04:35:34.943+0800][info] GC(549) Pause Young (Mixed) (G1 Preventive Collection) 111M->107M(128M) 1.898ms
[2024-10-11T04:35:34.943+0800][info] GC(549) User=0.01s Sys=0.00s Real=0.00s
[2024-10-11T04:35:34.984+0800][info] GC(550) Pause Young (Mixed) (G1 Preventive Collection)
[2024-10-11T04:35:34.984+0800][info] GC(550) Using 3 workers of 48 for evacuation
[2024-10-11T04:35:34.986+0800][info] GC(550) To-space exhausted
[2024-10-11T04:35:34.986+0800][info] GC(550)   Pre Evacuate Collection Set: 0.1ms
[2024-10-11T04:35:34.986+0800][info] GC(550)   Merge Heap Roots: 0.1ms
[2024-10-11T04:35:34.986+0800][info] GC(550)   Evacuate Collection Set: 1.6ms
[2024-10-11T04:35:34.986+0800][info] GC(550)   Post Evacuate Collection Set: 0.2ms
[2024-10-11T04:35:34.986+0800][info] GC(550)   Other: 0.2ms
[2024-10-11T04:35:34.986+0800][info] GC(550) Eden regions: 1->0(2)
[2024-10-11T04:35:34.986+0800][info] GC(550) Survivor regions: 1->1(1)
[2024-10-11T04:35:34.986+0800][info] GC(550) Old regions: 51->52
[2024-10-11T04:35:34.986+0800][info] GC(550) Archive regions: 2->2
[2024-10-11T04:35:34.986+0800][info] GC(550) Humongous regions: 3->3
[2024-10-11T04:35:34.986+0800][info] GC(550) Metaspace: 1676K(1856K)->1676K(1856K) NonClass: 1552K(1664K)->1552K(1664K) Class: 124K(192K)->124K(192K)
[2024-10-11T04:35:34.986+0800][info] GC(550) Pause Young (Mixed) (G1 Preventive Collection) 109M->109M(128M) 2.244ms
[2024-10-11T04:35:34.986+0800][info] GC(550) User=0.00s Sys=0.00s Real=0.01s
[2024-10-11T04:35:35.047+0800][info] GC(551) Pause Young (Mixed) (G1 Preventive Collection)
[2024-10-11T04:35:35.047+0800][info] GC(551) Using 3 workers of 48 for evacuation
[2024-10-11T04:35:35.049+0800][info] GC(551) To-space exhausted
[2024-10-11T04:35:35.049+0800][info] GC(551)   Pre Evacuate Collection Set: 0.1ms
[2024-10-11T04:35:35.049+0800][info] GC(551)   Merge Heap Roots: 0.1ms
[2024-10-11T04:35:35.049+0800][info] GC(551)   Evacuate Collection Set: 1.4ms
[2024-10-11T04:35:35.049+0800][info] GC(551)   Post Evacuate Collection Set: 0.2ms
[2024-10-11T04:35:35.049+0800][info] GC(551)   Other: 0.2ms
[2024-10-11T04:35:35.049+0800][info] GC(551) Eden regions: 1->0(2)
[2024-10-11T04:35:35.049+0800][info] GC(551) Survivor regions: 1->1(1)
[2024-10-11T04:35:35.049+0800][info] GC(551) Old regions: 52->54
[2024-10-11T04:35:35.049+0800][info] GC(551) Archive regions: 2->2
[2024-10-11T04:35:35.049+0800][info] GC(551) Humongous regions: 3->3
[2024-10-11T04:35:35.049+0800][info] GC(551) Metaspace: 1676K(1856K)->1676K(1856K) NonClass: 1552K(1664K)->1552K(1664K) Class: 124K(192K)->124K(192K)
[2024-10-11T04:35:35.049+0800][info] GC(551) Pause Young (Mixed) (G1 Preventive Collection) 111M->114M(128M) 2.160ms
[2024-10-11T04:35:35.049+0800][info] GC(551) User=0.01s Sys=0.00s Real=0.00s
[2024-10-11T04:35:35.091+0800][info] GC(552) Pause Young (Mixed) (G1 Preventive Collection)
[2024-10-11T04:35:35.091+0800][info] GC(552) Using 3 workers of 48 for evacuation
[2024-10-11T04:35:35.093+0800][info] GC(552) To-space exhausted
[2024-10-11T04:35:35.093+0800][info] GC(552)   Pre Evacuate Collection Set: 0.1ms
[2024-10-11T04:35:35.093+0800][info] GC(552)   Merge Heap Roots: 0.1ms
[2024-10-11T04:35:35.093+0800][info] GC(552)   Evacuate Collection Set: 1.5ms
[2024-10-11T04:35:35.093+0800][info] GC(552)   Post Evacuate Collection Set: 0.8ms
[2024-10-11T04:35:35.093+0800][info] GC(552)   Other: 0.2ms
[2024-10-11T04:35:35.093+0800][info] GC(552) Eden regions: 1->0(2)
[2024-10-11T04:35:35.093+0800][info] GC(552) Survivor regions: 1->1(1)
[2024-10-11T04:35:35.093+0800][info] GC(552) Old regions: 54->57
[2024-10-11T04:35:35.093+0800][info] GC(552) Archive regions: 2->2
[2024-10-11T04:35:35.093+0800][info] GC(552) Humongous regions: 3->3
[2024-10-11T04:35:35.093+0800][info] GC(552) Metaspace: 1676K(1856K)->1676K(1856K) NonClass: 1552K(1664K)->1552K(1664K) Class: 124K(192K)->124K(192K)
[2024-10-11T04:35:35.093+0800][info] GC(552) Pause Young (Mixed) (G1 Preventive Collection) 115M->119M(128M) 2.735ms
[2024-10-11T04:35:35.093+0800][info] GC(552) User=0.00s Sys=0.00s Real=0.01s
[2024-10-11T04:35:35.154+0800][info] GC(553) Pause Young (Mixed) (G1 Evacuation Pause)
[2024-10-11T04:35:35.154+0800][info] GC(553) Using 3 workers of 48 for evacuation
[2024-10-11T04:35:35.156+0800][info] GC(553) To-space exhausted
[2024-10-11T04:35:35.156+0800][info] GC(553)   Pre Evacuate Collection Set: 0.1ms
[2024-10-11T04:35:35.156+0800][info] GC(553)   Merge Heap Roots: 0.1ms
[2024-10-11T04:35:35.156+0800][info] GC(553)   Evacuate Collection Set: 0.6ms
[2024-10-11T04:35:35.156+0800][info] GC(553)   Post Evacuate Collection Set: 0.3ms
[2024-10-11T04:35:35.156+0800][info] GC(553)   Other: 0.2ms
[2024-10-11T04:35:35.156+0800][info] GC(553) Eden regions: 1->0(3)
[2024-10-11T04:35:35.156+0800][info] GC(553) Survivor regions: 1->0(0)
[2024-10-11T04:35:35.156+0800][info] GC(553) Old regions: 57->59
[2024-10-11T04:35:35.156+0800][info] GC(553) Archive regions: 2->2
[2024-10-11T04:35:35.156+0800][info] GC(553) Humongous regions: 3->3
[2024-10-11T04:35:35.156+0800][info] GC(553) Metaspace: 1676K(1856K)->1676K(1856K) NonClass: 1552K(1664K)->1552K(1664K) Class: 124K(192K)->124K(192K)
[2024-10-11T04:35:35.156+0800][info] GC(553) Pause Young (Mixed) (G1 Evacuation Pause) 121M->121M(128M) 1.370ms
[2024-10-11T04:35:35.156+0800][info] GC(553) User=0.01s Sys=0.00s Real=0.00s
[2024-10-11T04:35:35.156+0800][info] Attempting full compaction
[2024-10-11T04:35:35.156+0800][info] GC(554) Using 3 workers of 48 for full compaction
[2024-10-11T04:35:35.156+0800][info] GC(554) Pause Full (G1 Compaction Pause)
[2024-10-11T04:35:35.156+0800][info] GC(554) Phase 1: Mark live objects
[2024-10-11T04:35:35.159+0800][info] GC(554) Phase 1: Mark live objects 3.304ms
[2024-10-11T04:35:35.159+0800][info] GC(554) Phase 2: Prepare for compaction
[2024-10-11T04:35:35.160+0800][info] GC(554) Phase 2: Prepare for compaction 0.523ms
[2024-10-11T04:35:35.160+0800][info] GC(554) Phase 3: Adjust pointers
[2024-10-11T04:35:35.161+0800][info] GC(554) Phase 3: Adjust pointers 1.622ms
[2024-10-11T04:35:35.161+0800][info] GC(554) Phase 4: Compact heap
[2024-10-11T04:35:35.172+0800][info] GC(554) Phase 4: Compact heap 10.142ms
[2024-10-11T04:35:35.173+0800][info] GC(554) Eden regions: 0->0(3)
[2024-10-11T04:35:35.173+0800][info] GC(554) Survivor regions: 0->0(0)
[2024-10-11T04:35:35.173+0800][info] GC(554) Old regions: 59->39
[2024-10-11T04:35:35.173+0800][info] GC(554) Archive regions: 2->2
[2024-10-11T04:35:35.173+0800][info] GC(554) Humongous regions: 3->3
[2024-10-11T04:35:35.173+0800][info] GC(554) Metaspace: 1676K(1856K)->1676K(1856K) NonClass: 1552K(1664K)->1552K(1664K) Class: 124K(192K)->124K(192K)
[2024-10-11T04:35:35.173+0800][info] GC(554) Pause Full (G1 Compaction Pause) 121M->72M(128M) 17.219ms
[2024-10-11T04:35:35.173+0800][info] GC(554) User=0.04s Sys=0.00s Real=0.02s
[2024-10-11T04:35:35.337+0800][info] GC(555) Pause Young (Normal) (G1 Evacuation Pause)
[2024-10-11T04:35:35.337+0800][info] GC(555) Using 3 workers of 48 for evacuation
[2024-10-11T04:35:35.338+0800][info] GC(555)   Pre Evacuate Collection Set: 0.1ms
[2024-10-11T04:35:35.338+0800][info] GC(555)   Merge Heap Roots: 0.1ms
[2024-10-11T04:35:35.338+0800][info] GC(555)   Evacuate Collection Set: 0.8ms
[2024-10-11T04:35:35.338+0800][info] GC(555)   Post Evacuate Collection Set: 0.2ms
[2024-10-11T04:35:35.338+0800][info] GC(555)   Other: 0.3ms
[2024-10-11T04:35:35.338+0800][info] GC(555) Eden regions: 3->0(2)
[2024-10-11T04:35:35.338+0800][info] GC(555) Survivor regions: 0->1(1)
[2024-10-11T04:35:35.338+0800][info] GC(555) Old regions: 39->42
[2024-10-11T04:35:35.338+0800][info] GC(555) Archive regions: 2->2
[2024-10-11T04:35:35.338+0800][info] GC(555) Humongous regions: 3->3
[2024-10-11T04:35:35.338+0800][info] GC(555) Metaspace: 1676K(1856K)->1676K(1856K) NonClass: 1552K(1664K)->1552K(1664K) Class: 124K(192K)->124K(192K)
[2024-10-11T04:35:35.338+0800][info] GC(555) Pause Young (Normal) (G1 Evacuation Pause) 78M->78M(128M) 1.541ms
[2024-10-11T04:35:35.338+0800][info] GC(555) User=0.00s Sys=0.00s Real=0.00s
[2024-10-11T04:35:35.440+0800][info] GC(556) Pause Young (Normal) (G1 Evacuation Pause)
[2024-10-11T04:35:35.440+0800][info] GC(556) Using 3 workers of 48 for evacuation
[2024-10-11T04:35:35.442+0800][info] GC(556)   Pre Evacuate Collection Set: 0.1ms
[2024-10-11T04:35:35.442+0800][info] GC(556)   Merge Heap Roots: 0.0ms
[2024-10-11T04:35:35.442+0800][info] GC(556)   Evacuate Collection Set: 0.8ms
[2024-10-11T04:35:35.442+0800][info] GC(556)   Post Evacuate Collection Set: 0.2ms
[2024-10-11T04:35:35.442+0800][info] GC(556)   Other: 0.2ms
[2024-10-11T04:35:35.442+0800][info] GC(556) Eden regions: 2->0(2)
[2024-10-11T04:35:35.442+0800][info] GC(556) Survivor regions: 1->1(1)
[2024-10-11T04:35:35.442+0800][info] GC(556) Old regions: 42->44
[2024-10-11T04:35:35.442+0800][info] GC(556) Archive regions: 2->2
[2024-10-11T04:35:35.442+0800][info] GC(556) Humongous regions: 3->3
[2024-10-11T04:35:35.442+0800][info] GC(556) Metaspace: 1676K(1856K)->1676K(1856K) NonClass: 1552K(1664K)->1552K(1664K) Class: 124K(192K)->124K(192K)
[2024-10-11T04:35:35.442+0800][info] GC(556) Pause Young (Normal) (G1 Evacuation Pause) 82M->83M(128M) 1.450ms
[2024-10-11T04:35:35.442+0800][info] GC(556) User=0.01s Sys=0.00s Real=0.00s
[2024-10-11T04:35:35.544+0800][info] GC(557) Pause Young (Normal) (G1 Evacuation Pause)
[2024-10-11T04:35:35.544+0800][info] GC(557) Using 3 workers of 48 for evacuation
[2024-10-11T04:35:35.545+0800][info] GC(557)   Pre Evacuate Collection Set: 0.1ms
[2024-10-11T04:35:35.545+0800][info] GC(557)   Merge Heap Roots: 0.0ms
[2024-10-11T04:35:35.545+0800][info] GC(557)   Evacuate Collection Set: 0.7ms
[2024-10-11T04:35:35.545+0800][info] GC(557)   Post Evacuate Collection Set: 0.2ms
[2024-10-11T04:35:35.545+0800][info] GC(557)   Other: 0.2ms
[2024-10-11T04:35:35.545+0800][info] GC(557) Eden regions: 2->0(2)
[2024-10-11T04:35:35.545+0800][info] GC(557) Survivor regions: 1->1(1)
[2024-10-11T04:35:35.545+0800][info] GC(557) Old regions: 44->46
[2024-10-11T04:35:35.545+0800][info] GC(557) Archive regions: 2->2
[2024-10-11T04:35:35.545+0800][info] GC(557) Humongous regions: 3->3
[2024-10-11T04:35:35.545+0800][info] GC(557) Metaspace: 1676K(1856K)->1676K(1856K) NonClass: 1552K(1664K)->1552K(1664K) Class: 124K(192K)->124K(192K)
[2024-10-11T04:35:35.545+0800][info] GC(557) Pause Young (Normal) (G1 Evacuation Pause) 86M->86M(128M) 1.380ms
[2024-10-11T04:35:35.545+0800][info] GC(557) User=0.00s Sys=0.00s Real=0.01s
[2024-10-11T04:35:35.647+0800][info] GC(558) Pause Young (Normal) (G1 Evacuation Pause)
[2024-10-11T04:35:35.647+0800][info] GC(558) Using 3 workers of 48 for evacuation
[2024-10-11T04:35:35.648+0800][info] GC(558)   Pre Evacuate Collection Set: 0.1ms
[2024-10-11T04:35:35.648+0800][info] GC(558)   Merge Heap Roots: 0.0ms
[2024-10-11T04:35:35.648+0800][info] GC(558)   Evacuate Collection Set: 0.8ms
[2024-10-11T04:35:35.648+0800][info] GC(558)   Post Evacuate Collection Set: 0.2ms
[2024-10-11T04:35:35.648+0800][info] GC(558)   Other: 0.2ms
[2024-10-11T04:35:35.648+0800][info] GC(558) Eden regions: 2->0(2)
[2024-10-11T04:35:35.648+0800][info] GC(558) Survivor regions: 1->1(1)
[2024-10-11T04:35:35.648+0800][info] GC(558) Old regions: 46->48
[2024-10-11T04:35:35.648+0800][info] GC(558) Archive regions: 2->2
[2024-10-11T04:35:35.648+0800][info] GC(558) Humongous regions: 3->3
[2024-10-11T04:35:35.648+0800][info] GC(558) Metaspace: 1676K(1856K)->1676K(1856K) NonClass: 1552K(1664K)->1552K(1664K) Class: 124K(192K)->124K(192K)
[2024-10-11T04:35:35.648+0800][info] GC(558) Pause Young (Normal) (G1 Evacuation Pause) 90M->90M(128M) 1.393ms
[2024-10-11T04:35:35.648+0800][info] GC(558) User=0.00s Sys=0.00s Real=0.00s
[2024-10-11T04:35:35.751+0800][info] GC(559) Pause Young (Concurrent Start) (G1 Evacuation Pause)
[2024-10-11T04:35:35.751+0800][info] GC(559) Using 3 workers of 48 for evacuation
[2024-10-11T04:35:35.752+0800][info] GC(559)   Pre Evacuate Collection Set: 0.1ms
[2024-10-11T04:35:35.752+0800][info] GC(559)   Merge Heap Roots: 0.0ms
[2024-10-11T04:35:35.752+0800][info] GC(559)   Evacuate Collection Set: 0.8ms
[2024-10-11T04:35:35.752+0800][info] GC(559)   Post Evacuate Collection Set: 0.2ms
[2024-10-11T04:35:35.752+0800][info] GC(559)   Other: 0.3ms
[2024-10-11T04:35:35.752+0800][info] GC(559) Eden regions: 2->0(2)
[2024-10-11T04:35:35.752+0800][info] GC(559) Survivor regions: 1->1(1)
[2024-10-11T04:35:35.752+0800][info] GC(559) Old regions: 48->50
[2024-10-11T04:35:35.752+0800][info] GC(559) Archive regions: 2->2
[2024-10-11T04:35:35.752+0800][info] GC(559) Humongous regions: 3->3
[2024-10-11T04:35:35.752+0800][info] GC(559) Metaspace: 1676K(1856K)->1676K(1856K) NonClass: 1552K(1664K)->1552K(1664K) Class: 124K(192K)->124K(192K)
[2024-10-11T04:35:35.752+0800][info] GC(559) Pause Young (Concurrent Start) (G1 Evacuation Pause) 94M->94M(128M) 1.494ms
[2024-10-11T04:35:35.752+0800][info] GC(559) User=0.00s Sys=0.00s Real=0.00s
[2024-10-11T04:35:35.752+0800][info] GC(560) Concurrent Mark Cycle
[2024-10-11T04:35:35.752+0800][info] GC(560) Concurrent Clear Claimed Marks
[2024-10-11T04:35:35.752+0800][info] GC(560) Concurrent Clear Claimed Marks 0.017ms
[2024-10-11T04:35:35.752+0800][info] GC(560) Concurrent Scan Root Regions
[2024-10-11T04:35:35.752+0800][info] GC(560) Concurrent Scan Root Regions 0.153ms
[2024-10-11T04:35:35.752+0800][info] GC(560) Concurrent Mark
[2024-10-11T04:35:35.752+0800][info] GC(560) Concurrent Mark From Roots
[2024-10-11T04:35:35.752+0800][info] GC(560) Using 12 workers of 12 for marking
[2024-10-11T04:35:35.756+0800][info] GC(560) Concurrent Mark From Roots 3.834ms
[2024-10-11T04:35:35.756+0800][info] GC(560) Concurrent Preclean
[2024-10-11T04:35:35.758+0800][info] GC(560) Concurrent Preclean 1.725ms
[2024-10-11T04:35:35.758+0800][info] GC(560) Pause Remark
[2024-10-11T04:35:35.760+0800][info] GC(560) Pause Remark 95M->95M(128M) 1.520ms
[2024-10-11T04:35:35.760+0800][info] GC(560) User=0.00s Sys=0.00s Real=0.00s
[2024-10-11T04:35:35.760+0800][info] GC(560) Concurrent Mark 7.393ms
[2024-10-11T04:35:35.760+0800][info] GC(560) Concurrent Rebuild Remembered Sets
[2024-10-11T04:35:35.761+0800][info] GC(560) Concurrent Rebuild Remembered Sets 1.346ms
[2024-10-11T04:35:35.761+0800][info] GC(560) Pause Cleanup
[2024-10-11T04:35:35.762+0800][info] GC(560) Pause Cleanup 95M->95M(128M) 0.249ms
[2024-10-11T04:35:35.762+0800][info] GC(560) User=0.00s Sys=0.00s Real=0.00s
[2024-10-11T04:35:35.762+0800][info] GC(560) Concurrent Cleanup for Next Mark
[2024-10-11T04:35:35.762+0800][info] GC(560) Concurrent Cleanup for Next Mark 0.410ms
[2024-10-11T04:35:35.762+0800][info] GC(560) Concurrent Mark Cycle 9.939ms
[2024-10-11T04:35:35.905+0800][info] GC(561) Pause Young (Prepare Mixed) (G1 Evacuation Pause)
[2024-10-11T04:35:35.905+0800][info] GC(561) Using 3 workers of 48 for evacuation
[2024-10-11T04:35:35.906+0800][info] GC(561)   Pre Evacuate Collection Set: 0.1ms
[2024-10-11T04:35:35.906+0800][info] GC(561)   Merge Heap Roots: 0.0ms
[2024-10-11T04:35:35.906+0800][info] GC(561)   Evacuate Collection Set: 0.8ms
[2024-10-11T04:35:35.906+0800][info] GC(561)   Post Evacuate Collection Set: 0.2ms
[2024-10-11T04:35:35.906+0800][info] GC(561)   Other: 0.2ms
[2024-10-11T04:35:35.906+0800][info] GC(561) Eden regions: 2->0(2)
[2024-10-11T04:35:35.906+0800][info] GC(561) Survivor regions: 1->1(1)
[2024-10-11T04:35:35.906+0800][info] GC(561) Old regions: 50->52
[2024-10-11T04:35:35.906+0800][info] GC(561) Archive regions: 2->2
[2024-10-11T04:35:35.906+0800][info] GC(561) Humongous regions: 3->3
[2024-10-11T04:35:35.906+0800][info] GC(561) Metaspace: 1676K(1856K)->1676K(1856K) NonClass: 1552K(1664K)->1552K(1664K) Class: 124K(192K)->124K(192K)
[2024-10-11T04:35:35.906+0800][info] GC(561) Pause Young (Prepare Mixed) (G1 Evacuation Pause) 98M->98M(128M) 1.385ms
[2024-10-11T04:35:35.906+0800][info] GC(561) User=0.00s Sys=0.00s Real=0.01s
[2024-10-11T04:35:36.008+0800][info] GC(562) Pause Young (Mixed) (G1 Preventive Collection)
[2024-10-11T04:35:36.008+0800][info] GC(562) Using 3 workers of 48 for evacuation
[2024-10-11T04:35:36.010+0800][info] GC(562) To-space exhausted
[2024-10-11T04:35:36.010+0800][info] GC(562)   Pre Evacuate Collection Set: 0.1ms
[2024-10-11T04:35:36.010+0800][info] GC(562)   Merge Heap Roots: 0.0ms
[2024-10-11T04:35:36.010+0800][info] GC(562)   Evacuate Collection Set: 1.2ms
[2024-10-11T04:35:36.010+0800][info] GC(562)   Post Evacuate Collection Set: 0.3ms
[2024-10-11T04:35:36.010+0800][info] GC(562)   Other: 0.2ms
[2024-10-11T04:35:36.010+0800][info] GC(562) Eden regions: 2->0(2)
[2024-10-11T04:35:36.010+0800][info] GC(562) Survivor regions: 1->1(1)
[2024-10-11T04:35:36.010+0800][info] GC(562) Old regions: 52->49
[2024-10-11T04:35:36.010+0800][info] GC(562) Archive regions: 2->2
[2024-10-11T04:35:36.010+0800][info] GC(562) Humongous regions: 3->3
[2024-10-11T04:35:36.010+0800][info] GC(562) Metaspace: 1676K(1856K)->1676K(1856K) NonClass: 1552K(1664K)->1552K(1664K) Class: 124K(192K)->124K(192K)
[2024-10-11T04:35:36.010+0800][info] GC(562) Pause Young (Mixed) (G1 Preventive Collection) 102M->98M(128M) 2.023ms
[2024-10-11T04:35:36.010+0800][info] GC(562) User=0.00s Sys=0.00s Real=0.00s
[2024-10-11T04:35:36.112+0800][info] GC(563) Pause Young (Mixed) (G1 Preventive Collection)
[2024-10-11T04:35:36.112+0800][info] GC(563) Using 3 workers of 48 for evacuation
[2024-10-11T04:35:36.114+0800][info] GC(563) To-space exhausted
[2024-10-11T04:35:36.114+0800][info] GC(563)   Pre Evacuate Collection Set: 0.1ms
[2024-10-11T04:35:36.114+0800][info] GC(563)   Merge Heap Roots: 0.1ms
[2024-10-11T04:35:36.114+0800][info] GC(563)   Evacuate Collection Set: 1.7ms
[2024-10-11T04:35:36.114+0800][info] GC(563)   Post Evacuate Collection Set: 0.2ms
[2024-10-11T04:35:36.114+0800][info] GC(563)   Other: 0.2ms
[2024-10-11T04:35:36.114+0800][info] GC(563) Eden regions: 2->0(2)
[2024-10-11T04:35:36.114+0800][info] GC(563) Survivor regions: 1->1(1)
[2024-10-11T04:35:36.114+0800][info] GC(563) Old regions: 49->49
[2024-10-11T04:35:36.114+0800][info] GC(563) Archive regions: 2->2
[2024-10-11T04:35:36.114+0800][info] GC(563) Humongous regions: 3->3
[2024-10-11T04:35:36.115+0800][info] GC(563) Metaspace: 1676K(1856K)->1676K(1856K) NonClass: 1552K(1664K)->1552K(1664K) Class: 124K(192K)->124K(192K)
[2024-10-11T04:35:36.115+0800][info] GC(563) Pause Young (Mixed) (G1 Preventive Collection) 101M->100M(128M) 2.402ms
[2024-10-11T04:35:36.115+0800][info] GC(563) User=0.01s Sys=0.00s Real=0.01s
[2024-10-11T04:35:36.176+0800][info] GC(564) Pause Young (Mixed) (G1 Preventive Collection)
[2024-10-11T04:35:36.176+0800][info] GC(564) Using 3 workers of 48 for evacuation
[2024-10-11T04:35:36.178+0800][info] GC(564)   Pre Evacuate Collection Set: 0.1ms
[2024-10-11T04:35:36.178+0800][info] GC(564)   Merge Heap Roots: 0.1ms
[2024-10-11T04:35:36.178+0800][info] GC(564)   Evacuate Collection Set: 1.7ms
[2024-10-11T04:35:36.178+0800][info] GC(564)   Post Evacuate Collection Set: 0.2ms
[2024-10-11T04:35:36.178+0800][info] GC(564)   Other: 0.1ms
[2024-10-11T04:35:36.178+0800][info] GC(564) Eden regions: 2->0(2)
[2024-10-11T04:35:36.178+0800][info] GC(564) Survivor regions: 1->1(1)
[2024-10-11T04:35:36.178+0800][info] GC(564) Old regions: 49->48
[2024-10-11T04:35:36.178+0800][info] GC(564) Archive regions: 2->2
[2024-10-11T04:35:36.178+0800][info] GC(564) Humongous regions: 3->3
[2024-10-11T04:35:36.178+0800][info] GC(564) Metaspace: 1676K(1856K)->1676K(1856K) NonClass: 1552K(1664K)->1552K(1664K) Class: 124K(192K)->124K(192K)
[2024-10-11T04:35:36.178+0800][info] GC(564) Pause Young (Mixed) (G1 Preventive Collection) 103M->99M(128M) 2.309ms
[2024-10-11T04:35:36.178+0800][info] GC(564) User=0.00s Sys=0.00s Real=0.00s
[2024-10-11T04:35:36.301+0800][info] GC(565) Pause Young (Mixed) (G1 Preventive Collection)
[2024-10-11T04:35:36.301+0800][info] GC(565) Using 3 workers of 48 for evacuation
[2024-10-11T04:35:36.303+0800][info] GC(565)   Pre Evacuate Collection Set: 0.1ms
[2024-10-11T04:35:36.303+0800][info] GC(565)   Merge Heap Roots: 0.1ms
[2024-10-11T04:35:36.303+0800][info] GC(565)   Evacuate Collection Set: 1.6ms
[2024-10-11T04:35:36.303+0800][info] GC(565)   Post Evacuate Collection Set: 0.2ms
[2024-10-11T04:35:36.303+0800][info] GC(565)   Other: 0.1ms
[2024-10-11T04:35:36.303+0800][info] GC(565) Eden regions: 2->0(2)
[2024-10-11T04:35:36.303+0800][info] GC(565) Survivor regions: 1->1(1)
[2024-10-11T04:35:36.303+0800][info] GC(565) Old regions: 48->48
[2024-10-11T04:35:36.303+0800][info] GC(565) Archive regions: 2->2
[2024-10-11T04:35:36.303+0800][info] GC(565) Humongous regions: 4->3
[2024-10-11T04:35:36.303+0800][info] GC(565) Metaspace: 1676K(1856K)->1676K(1856K) NonClass: 1552K(1664K)->1552K(1664K) Class: 124K(192K)->124K(192K)
[2024-10-11T04:35:36.303+0800][info] GC(565) Pause Young (Mixed) (G1 Preventive Collection) 104M->100M(128M) 2.254ms
[2024-10-11T04:35:36.303+0800][info] GC(565) User=0.01s Sys=0.00s Real=0.00s
[2024-10-11T04:35:36.413+0800][info] GC(566) Pause Young (Normal) (G1 Evacuation Pause)
[2024-10-11T04:35:36.413+0800][info] GC(566) Using 3 workers of 48 for evacuation
[2024-10-11T04:35:36.419+0800][info] GC(566)   Pre Evacuate Collection Set: 0.1ms
[2024-10-11T04:35:36.419+0800][info] GC(566)   Merge Heap Roots: 0.0ms
[2024-10-11T04:35:36.419+0800][info] GC(566)   Evacuate Collection Set: 5.2ms
[2024-10-11T04:35:36.419+0800][info] GC(566)   Post Evacuate Collection Set: 0.4ms
[2024-10-11T04:35:36.419+0800][info] GC(566)   Other: 0.3ms
[2024-10-11T04:35:36.419+0800][info] GC(566) Eden regions: 2->0(2)
[2024-10-11T04:35:36.419+0800][info] GC(566) Survivor regions: 1->1(1)
[2024-10-11T04:35:36.419+0800][info] GC(566) Old regions: 48->50
[2024-10-11T04:35:36.419+0800][info] GC(566) Archive regions: 2->2
[2024-10-11T04:35:36.419+0800][info] GC(566) Humongous regions: 3->3
[2024-10-11T04:35:36.419+0800][info] GC(566) Metaspace: 1676K(1856K)->1676K(1856K) NonClass: 1552K(1664K)->1552K(1664K) Class: 124K(192K)->124K(192K)
[2024-10-11T04:35:36.419+0800][info] GC(566) Pause Young (Normal) (G1 Evacuation Pause) 103M->104M(128M) 6.108ms
[2024-10-11T04:35:36.419+0800][info] GC(566) User=0.00s Sys=0.01s Real=0.01s
[2024-10-11T04:35:36.521+0800][info] GC(567) Pause Young (Concurrent Start) (G1 Evacuation Pause)
[2024-10-11T04:35:36.521+0800][info] GC(567) Using 3 workers of 48 for evacuation
[2024-10-11T04:35:36.524+0800][info] GC(567)   Pre Evacuate Collection Set: 0.1ms
[2024-10-11T04:35:36.524+0800][info] GC(567)   Merge Heap Roots: 0.1ms
[2024-10-11T04:35:36.524+0800][info] GC(567)   Evacuate Collection Set: 2.3ms
[2024-10-11T04:35:36.524+0800][info] GC(567)   Post Evacuate Collection Set: 0.2ms
[2024-10-11T04:35:36.524+0800][info] GC(567)   Other: 0.4ms
[2024-10-11T04:35:36.524+0800][info] GC(567) Eden regions: 2->0(2)
[2024-10-11T04:35:36.524+0800][info] GC(567) Survivor regions: 1->1(1)
[2024-10-11T04:35:36.524+0800][info] GC(567) Old regions: 50->52
[2024-10-11T04:35:36.524+0800][info] GC(567) Archive regions: 2->2
[2024-10-11T04:35:36.524+0800][info] GC(567) Humongous regions: 3->3
[2024-10-11T04:35:36.524+0800][info] GC(567) Metaspace: 1676K(1856K)->1676K(1856K) NonClass: 1552K(1664K)->1552K(1664K) Class: 124K(192K)->124K(192K)
[2024-10-11T04:35:36.524+0800][info] GC(567) Pause Young (Concurrent Start) (G1 Evacuation Pause) 107M->107M(128M) 3.168ms
[2024-10-11T04:35:36.524+0800][info] GC(567) User=0.01s Sys=0.00s Real=0.00s
[2024-10-11T04:35:36.524+0800][info] GC(568) Concurrent Mark Cycle
[2024-10-11T04:35:36.524+0800][info] GC(568) Concurrent Clear Claimed Marks
[2024-10-11T04:35:36.524+0800][info] GC(568) Concurrent Clear Claimed Marks 0.026ms
[2024-10-11T04:35:36.524+0800][info] GC(568) Concurrent Scan Root Regions
[2024-10-11T04:35:36.524+0800][info] GC(568) Concurrent Scan Root Regions 0.125ms
[2024-10-11T04:35:36.524+0800][info] GC(568) Concurrent Mark
[2024-10-11T04:35:36.524+0800][info] GC(568) Concurrent Mark From Roots
[2024-10-11T04:35:36.524+0800][info] GC(568) Using 12 workers of 12 for marking
[2024-10-11T04:35:36.529+0800][info] GC(568) Concurrent Mark From Roots 4.846ms
[2024-10-11T04:35:36.529+0800][info] GC(568) Concurrent Preclean
[2024-10-11T04:35:36.531+0800][info] GC(568) Concurrent Preclean 1.677ms
[2024-10-11T04:35:36.531+0800][info] GC(568) Pause Remark
[2024-10-11T04:35:36.533+0800][info] GC(568) Pause Remark 108M->108M(128M) 1.926ms
[2024-10-11T04:35:36.533+0800][info] GC(568) User=0.00s Sys=0.00s Real=0.01s
[2024-10-11T04:35:36.533+0800][info] GC(568) Concurrent Mark 8.789ms
[2024-10-11T04:35:36.533+0800][info] GC(568) Concurrent Rebuild Remembered Sets
[2024-10-11T04:35:36.535+0800][info] GC(568) Concurrent Rebuild Remembered Sets 1.493ms
[2024-10-11T04:35:36.535+0800][info] GC(568) Pause Cleanup
[2024-10-11T04:35:36.535+0800][info] GC(568) Pause Cleanup 108M->108M(128M) 0.293ms
[2024-10-11T04:35:36.535+0800][info] GC(568) User=0.00s Sys=0.00s Real=0.00s
[2024-10-11T04:35:36.535+0800][info] GC(568) Concurrent Cleanup for Next Mark
[2024-10-11T04:35:36.536+0800][info] GC(568) Concurrent Cleanup for Next Mark 0.329ms
[2024-10-11T04:35:36.536+0800][info] GC(568) Concurrent Mark Cycle 11.414ms
[2024-10-11T04:35:36.678+0800][info] GC(569) Pause Young (Prepare Mixed) (G1 Preventive Collection)
[2024-10-11T04:35:36.678+0800][info] GC(569) Using 3 workers of 48 for evacuation
[2024-10-11T04:35:36.681+0800][info] GC(569)   Pre Evacuate Collection Set: 0.1ms
[2024-10-11T04:35:36.681+0800][info] GC(569)   Merge Heap Roots: 0.1ms
[2024-10-11T04:35:36.681+0800][info] GC(569)   Evacuate Collection Set: 2.3ms
[2024-10-11T04:35:36.681+0800][info] GC(569)   Post Evacuate Collection Set: 0.2ms
[2024-10-11T04:35:36.681+0800][info] GC(569)   Other: 0.2ms
[2024-10-11T04:35:36.681+0800][info] GC(569) Eden regions: 2->0(2)
[2024-10-11T04:35:36.681+0800][info] GC(569) Survivor regions: 1->1(1)
[2024-10-11T04:35:36.681+0800][info] GC(569) Old regions: 52->54
[2024-10-11T04:35:36.681+0800][info] GC(569) Archive regions: 2->2
[2024-10-11T04:35:36.681+0800][info] GC(569) Humongous regions: 3->3
[2024-10-11T04:35:36.681+0800][info] GC(569) Metaspace: 1676K(1856K)->1676K(1856K) NonClass: 1552K(1664K)->1552K(1664K) Class: 124K(192K)->124K(192K)
[2024-10-11T04:35:36.681+0800][info] GC(569) Pause Young (Prepare Mixed) (G1 Preventive Collection) 111M->111M(128M) 2.984ms
[2024-10-11T04:35:36.681+0800][info] GC(569) User=0.01s Sys=0.00s Real=0.00s
[2024-10-11T04:35:36.742+0800][info] GC(570) Pause Young (Mixed) (G1 Preventive Collection)
[2024-10-11T04:35:36.742+0800][info] GC(570) Using 3 workers of 48 for evacuation
[2024-10-11T04:35:36.746+0800][info] GC(570) To-space exhausted
[2024-10-11T04:35:36.746+0800][info] GC(570)   Pre Evacuate Collection Set: 0.2ms
[2024-10-11T04:35:36.746+0800][info] GC(570)   Merge Heap Roots: 0.0ms
[2024-10-11T04:35:36.746+0800][info] GC(570)   Evacuate Collection Set: 2.9ms
[2024-10-11T04:35:36.746+0800][info] GC(570)   Post Evacuate Collection Set: 0.2ms
[2024-10-11T04:35:36.746+0800][info] GC(570)   Other: 0.2ms
[2024-10-11T04:35:36.746+0800][info] GC(570) Eden regions: 1->0(2)
[2024-10-11T04:35:36.746+0800][info] GC(570) Survivor regions: 1->1(1)
[2024-10-11T04:35:36.746+0800][info] GC(570) Old regions: 54->50
[2024-10-11T04:35:36.746+0800][info] GC(570) Archive regions: 2->2
[2024-10-11T04:35:36.746+0800][info] GC(570) Humongous regions: 3->3
[2024-10-11T04:35:36.746+0800][info] GC(570) Metaspace: 1676K(1856K)->1676K(1856K) NonClass: 1552K(1664K)->1552K(1664K) Class: 124K(192K)->124K(192K)
[2024-10-11T04:35:36.746+0800][info] GC(570) Pause Young (Mixed) (G1 Preventive Collection) 113M->106M(128M) 3.611ms
[2024-10-11T04:35:36.746+0800][info] GC(570) User=0.00s Sys=0.01s Real=0.01s
[2024-10-11T04:35:36.848+0800][info] GC(571) Pause Young (Mixed) (G1 Preventive Collection)
[2024-10-11T04:35:36.848+0800][info] GC(571) Using 3 workers of 48 for evacuation
[2024-10-11T04:35:36.856+0800][info] GC(571) To-space exhausted
[2024-10-11T04:35:36.856+0800][info] GC(571)   Pre Evacuate Collection Set: 0.1ms
[2024-10-11T04:35:36.856+0800][info] GC(571)   Merge Heap Roots: 0.1ms
[2024-10-11T04:35:36.856+0800][info] GC(571)   Evacuate Collection Set: 7.6ms
[2024-10-11T04:35:36.856+0800][info] GC(571)   Post Evacuate Collection Set: 0.3ms
[2024-10-11T04:35:36.856+0800][info] GC(571)   Other: 0.2ms
[2024-10-11T04:35:36.856+0800][info] GC(571) Eden regions: 2->0(2)
[2024-10-11T04:35:36.856+0800][info] GC(571) Survivor regions: 1->1(1)
[2024-10-11T04:35:36.856+0800][info] GC(571) Old regions: 50->52
[2024-10-11T04:35:36.856+0800][info] GC(571) Archive regions: 2->2
[2024-10-11T04:35:36.856+0800][info] GC(571) Humongous regions: 3->3
[2024-10-11T04:35:36.856+0800][info] GC(571) Metaspace: 1676K(1856K)->1676K(1856K) NonClass: 1552K(1664K)->1552K(1664K) Class: 124K(192K)->124K(192K)
[2024-10-11T04:35:36.856+0800][info] GC(571) Pause Young (Mixed) (G1 Preventive Collection) 110M->110M(128M) 8.446ms
[2024-10-11T04:35:36.856+0800][info] GC(571) User=0.01s Sys=0.01s Real=0.01s
[2024-10-11T04:35:36.918+0800][info] GC(572) Pause Young (Mixed) (G1 Preventive Collection)
[2024-10-11T04:35:36.918+0800][info] GC(572) Using 3 workers of 48 for evacuation
[2024-10-11T04:35:36.923+0800][info] GC(572) To-space exhausted
[2024-10-11T04:35:36.923+0800][info] GC(572)   Pre Evacuate Collection Set: 0.1ms
[2024-10-11T04:35:36.923+0800][info] GC(572)   Merge Heap Roots: 0.1ms
[2024-10-11T04:35:36.923+0800][info] GC(572)   Evacuate Collection Set: 4.6ms
[2024-10-11T04:35:36.923+0800][info] GC(572)   Post Evacuate Collection Set: 0.4ms
[2024-10-11T04:35:36.923+0800][info] GC(572)   Other: 0.2ms
[2024-10-11T04:35:36.923+0800][info] GC(572) Eden regions: 1->0(2)
[2024-10-11T04:35:36.923+0800][info] GC(572) Survivor regions: 1->1(1)
[2024-10-11T04:35:36.923+0800][info] GC(572) Old regions: 52->55
[2024-10-11T04:35:36.923+0800][info] GC(572) Archive regions: 2->2
[2024-10-11T04:35:36.923+0800][info] GC(572) Humongous regions: 3->3
[2024-10-11T04:35:36.923+0800][info] GC(572) Metaspace: 1676K(1856K)->1676K(1856K) NonClass: 1552K(1664K)->1552K(1664K) Class: 124K(192K)->124K(192K)
[2024-10-11T04:35:36.923+0800][info] GC(572) Pause Young (Mixed) (G1 Preventive Collection) 112M->116M(128M) 5.495ms
[2024-10-11T04:35:36.923+0800][info] GC(572) User=0.01s Sys=0.01s Real=0.00s
[2024-10-11T04:35:36.964+0800][info] GC(573) Pause Young (Mixed) (G1 Preventive Collection)
[2024-10-11T04:35:36.964+0800][info] GC(573) Using 3 workers of 48 for evacuation
[2024-10-11T04:35:36.966+0800][info] GC(573) To-space exhausted
[2024-10-11T04:35:36.966+0800][info] GC(573)   Pre Evacuate Collection Set: 0.1ms
[2024-10-11T04:35:36.966+0800][info] GC(573)   Merge Heap Roots: 0.1ms
[2024-10-11T04:35:36.966+0800][info] GC(573)   Evacuate Collection Set: 1.5ms
[2024-10-11T04:35:36.966+0800][info] GC(573)   Post Evacuate Collection Set: 0.2ms
[2024-10-11T04:35:36.966+0800][info] GC(573)   Other: 0.2ms
[2024-10-11T04:35:36.966+0800][info] GC(573) Eden regions: 1->0(2)
[2024-10-11T04:35:36.967+0800][info] GC(573) Survivor regions: 1->1(1)
[2024-10-11T04:35:36.967+0800][info] GC(573) Old regions: 55->57
[2024-10-11T04:35:36.967+0800][info] GC(573) Archive regions: 2->2
[2024-10-11T04:35:36.967+0800][info] GC(573) Humongous regions: 3->3
[2024-10-11T04:35:36.967+0800][info] GC(573) Metaspace: 1676K(1856K)->1676K(1856K) NonClass: 1552K(1664K)->1552K(1664K) Class: 124K(192K)->124K(192K)
[2024-10-11T04:35:36.967+0800][info] GC(573) Pause Young (Mixed) (G1 Preventive Collection) 118M->120M(128M) 2.237ms
[2024-10-11T04:35:36.967+0800][info] GC(573) User=0.00s Sys=0.00s Real=0.01s
[2024-10-11T04:35:37.028+0800][info] GC(574) Pause Young (Concurrent Start) (G1 Evacuation Pause)
[2024-10-11T04:35:37.028+0800][info] GC(574) Using 3 workers of 48 for evacuation
[2024-10-11T04:35:37.029+0800][info] GC(574) To-space exhausted
[2024-10-11T04:35:37.029+0800][info] GC(574)   Pre Evacuate Collection Set: 0.1ms
[2024-10-11T04:35:37.029+0800][info] GC(574)   Merge Heap Roots: 0.0ms
[2024-10-11T04:35:37.029+0800][info] GC(574)   Evacuate Collection Set: 0.2ms
[2024-10-11T04:35:37.029+0800][info] GC(574)   Post Evacuate Collection Set: 0.2ms
[2024-10-11T04:35:37.029+0800][info] GC(574)   Other: 0.3ms
[2024-10-11T04:35:37.029+0800][info] GC(574) Eden regions: 1->0(3)
[2024-10-11T04:35:37.029+0800][info] GC(574) Survivor regions: 1->0(0)
[2024-10-11T04:35:37.029+0800][info] GC(574) Old regions: 57->59
[2024-10-11T04:35:37.029+0800][info] GC(574) Archive regions: 2->2
[2024-10-11T04:35:37.029+0800][info] GC(574) Humongous regions: 3->3
[2024-10-11T04:35:37.029+0800][info] GC(574) Metaspace: 1676K(1856K)->1676K(1856K) NonClass: 1552K(1664K)->1552K(1664K) Class: 124K(192K)->124K(192K)
[2024-10-11T04:35:37.029+0800][info] GC(574) Pause Young (Concurrent Start) (G1 Evacuation Pause) 122M->122M(128M) 0.995ms
[2024-10-11T04:35:37.029+0800][info] GC(574) User=0.00s Sys=0.00s Real=0.00s
[2024-10-11T04:35:37.029+0800][info] Attempting full compaction
[2024-10-11T04:35:37.029+0800][info] GC(575) Using 3 workers of 48 for full compaction
[2024-10-11T04:35:37.029+0800][info] GC(576) Concurrent Mark Cycle
[2024-10-11T04:35:37.029+0800][info] GC(576) Concurrent Clear Claimed Marks
[2024-10-11T04:35:37.029+0800][info] GC(575) Pause Full (G1 Compaction Pause)
[2024-10-11T04:35:37.029+0800][info] GC(576) Concurrent Clear Claimed Marks 0.023ms
[2024-10-11T04:35:37.029+0800][info] GC(576) Concurrent Scan Root Regions
[2024-10-11T04:35:37.029+0800][info] GC(576) Concurrent Scan Root Regions 0.010ms
[2024-10-11T04:35:37.029+0800][info] GC(576) Concurrent Mark
[2024-10-11T04:35:37.029+0800][info] GC(576) Concurrent Mark From Roots
[2024-10-11T04:35:37.029+0800][info] GC(576) Using 12 workers of 12 for marking
[2024-10-11T04:35:37.029+0800][info] GC(575) Phase 1: Mark live objects
[2024-10-11T04:35:37.033+0800][info] GC(575) Phase 1: Mark live objects 3.425ms
[2024-10-11T04:35:37.033+0800][info] GC(575) Phase 2: Prepare for compaction
[2024-10-11T04:35:37.033+0800][info] GC(575) Phase 2: Prepare for compaction 0.539ms
[2024-10-11T04:35:37.033+0800][info] GC(575) Phase 3: Adjust pointers
[2024-10-11T04:35:37.035+0800][info] GC(575) Phase 3: Adjust pointers 1.657ms
[2024-10-11T04:35:37.035+0800][info] GC(575) Phase 4: Compact heap
[2024-10-11T04:35:37.068+0800][info] GC(575) Phase 4: Compact heap 33.045ms
[2024-10-11T04:35:37.070+0800][info] GC(575) Eden regions: 0->0(4)
[2024-10-11T04:35:37.070+0800][info] GC(575) Survivor regions: 0->0(0)
[2024-10-11T04:35:37.070+0800][info] GC(575) Old regions: 59->39
[2024-10-11T04:35:37.070+0800][info] GC(575) Archive regions: 2->2
[2024-10-11T04:35:37.070+0800][info] GC(575) Humongous regions: 3->3
[2024-10-11T04:35:37.070+0800][info] GC(575) Metaspace: 1676K(1856K)->1676K(1856K) NonClass: 1552K(1664K)->1552K(1664K) Class: 124K(192K)->124K(192K)
[2024-10-11T04:35:37.070+0800][info] GC(575) Pause Full (G1 Compaction Pause) 122M->73M(128M) 40.738ms
[2024-10-11T04:35:37.070+0800][info] GC(575) User=0.07s Sys=0.04s Real=0.04s
[2024-10-11T04:35:37.070+0800][info] GC(576) Concurrent Mark From Roots 40.953ms
[2024-10-11T04:35:37.070+0800][info] GC(576) Concurrent Mark Abort
[2024-10-11T04:35:37.070+0800][info] GC(576) Concurrent Mark Cycle 41.186ms
[2024-10-11T04:35:37.275+0800][info] GC(577) Pause Young (Normal) (G1 Evacuation Pause)
[2024-10-11T04:35:37.275+0800][info] GC(577) Using 3 workers of 48 for evacuation
[2024-10-11T04:35:37.276+0800][info] GC(577)   Pre Evacuate Collection Set: 0.1ms
[2024-10-11T04:35:37.276+0800][info] GC(577)   Merge Heap Roots: 0.0ms
[2024-10-11T04:35:37.276+0800][info] GC(577)   Evacuate Collection Set: 1.3ms
[2024-10-11T04:35:37.276+0800][info] GC(577)   Post Evacuate Collection Set: 0.2ms
[2024-10-11T04:35:37.276+0800][info] GC(577)   Other: 0.2ms
[2024-10-11T04:35:37.276+0800][info] GC(577) Eden regions: 4->0(2)
[2024-10-11T04:35:37.276+0800][info] GC(577) Survivor regions: 0->1(1)
[2024-10-11T04:35:37.276+0800][info] GC(577) Old regions: 39->42
[2024-10-11T04:35:37.276+0800][info] GC(577) Archive regions: 2->2
[2024-10-11T04:35:37.277+0800][info] GC(577) Humongous regions: 3->3
[2024-10-11T04:35:37.277+0800][info] GC(577) Metaspace: 1676K(1856K)->1676K(1856K) NonClass: 1552K(1664K)->1552K(1664K) Class: 124K(192K)->124K(192K)
[2024-10-11T04:35:37.277+0800][info] GC(577) Pause Young (Normal) (G1 Evacuation Pause) 80M->80M(128M) 1.984ms
[2024-10-11T04:35:37.277+0800][info] GC(577) User=0.00s Sys=0.00s Real=0.00s
[2024-10-11T04:35:37.379+0800][info] GC(578) Pause Young (Normal) (G1 Evacuation Pause)
[2024-10-11T04:35:37.379+0800][info] GC(578) Using 3 workers of 48 for evacuation
[2024-10-11T04:35:37.380+0800][info] GC(578)   Pre Evacuate Collection Set: 0.1ms
[2024-10-11T04:35:37.380+0800][info] GC(578)   Merge Heap Roots: 0.0ms
[2024-10-11T04:35:37.380+0800][info] GC(578)   Evacuate Collection Set: 1.0ms
[2024-10-11T04:35:37.380+0800][info] GC(578)   Post Evacuate Collection Set: 0.2ms
[2024-10-11T04:35:37.380+0800][info] GC(578)   Other: 0.2ms
[2024-10-11T04:35:37.380+0800][info] GC(578) Eden regions: 2->0(2)
[2024-10-11T04:35:37.380+0800][info] GC(578) Survivor regions: 1->1(1)
[2024-10-11T04:35:37.380+0800][info] GC(578) Old regions: 42->44
[2024-10-11T04:35:37.380+0800][info] GC(578) Archive regions: 2->2
[2024-10-11T04:35:37.380+0800][info] GC(578) Humongous regions: 3->3
[2024-10-11T04:35:37.380+0800][info] GC(578) Metaspace: 1676K(1856K)->1676K(1856K) NonClass: 1552K(1664K)->1552K(1664K) Class: 124K(192K)->124K(192K)
[2024-10-11T04:35:37.380+0800][info] GC(578) Pause Young (Normal) (G1 Evacuation Pause) 83M->84M(128M) 1.554ms
[2024-10-11T04:35:37.380+0800][info] GC(578) User=0.00s Sys=0.00s Real=0.00s
[2024-10-11T04:35:37.482+0800][info] GC(579) Pause Young (Normal) (G1 Evacuation Pause)
[2024-10-11T04:35:37.482+0800][info] GC(579) Using 3 workers of 48 for evacuation
[2024-10-11T04:35:37.484+0800][info] GC(579)   Pre Evacuate Collection Set: 0.1ms
[2024-10-11T04:35:37.484+0800][info] GC(579)   Merge Heap Roots: 0.0ms
[2024-10-11T04:35:37.484+0800][info] GC(579)   Evacuate Collection Set: 1.0ms
[2024-10-11T04:35:37.484+0800][info] GC(579)   Post Evacuate Collection Set: 0.2ms
[2024-10-11T04:35:37.484+0800][info] GC(579)   Other: 0.2ms
[2024-10-11T04:35:37.484+0800][info] GC(579) Eden regions: 2->0(2)
[2024-10-11T04:35:37.484+0800][info] GC(579) Survivor regions: 1->1(1)
[2024-10-11T04:35:37.484+0800][info] GC(579) Old regions: 44->46
[2024-10-11T04:35:37.484+0800][info] GC(579) Archive regions: 2->2
[2024-10-11T04:35:37.484+0800][info] GC(579) Humongous regions: 3->3
[2024-10-11T04:35:37.484+0800][info] GC(579) Metaspace: 1676K(1856K)->1676K(1856K) NonClass: 1552K(1664K)->1552K(1664K) Class: 124K(192K)->124K(192K)
[2024-10-11T04:35:37.484+0800][info] GC(579) Pause Young (Normal) (G1 Evacuation Pause) 87M->88M(128M) 1.620ms
[2024-10-11T04:35:37.484+0800][info] GC(579) User=0.00s Sys=0.00s Real=0.00s
[2024-10-11T04:35:37.586+0800][info] GC(580) Pause Young (Normal) (G1 Evacuation Pause)
[2024-10-11T04:35:37.586+0800][info] GC(580) Using 3 workers of 48 for evacuation
[2024-10-11T04:35:37.587+0800][info] GC(580)   Pre Evacuate Collection Set: 0.1ms
[2024-10-11T04:35:37.587+0800][info] GC(580)   Merge Heap Roots: 0.0ms
[2024-10-11T04:35:37.587+0800][info] GC(580)   Evacuate Collection Set: 0.8ms
[2024-10-11T04:35:37.587+0800][info] GC(580)   Post Evacuate Collection Set: 0.2ms
[2024-10-11T04:35:37.587+0800][info] GC(580)   Other: 0.2ms
[2024-10-11T04:35:37.587+0800][info] GC(580) Eden regions: 2->0(2)
[2024-10-11T04:35:37.587+0800][info] GC(580) Survivor regions: 1->1(1)
[2024-10-11T04:35:37.587+0800][info] GC(580) Old regions: 46->48
[2024-10-11T04:35:37.587+0800][info] GC(580) Archive regions: 2->2
[2024-10-11T04:35:37.587+0800][info] GC(580) Humongous regions: 3->3
[2024-10-11T04:35:37.587+0800][info] GC(580) Metaspace: 1684K(1856K)->1684K(1856K) NonClass: 1559K(1664K)->1559K(1664K) Class: 124K(192K)->124K(192K)
[2024-10-11T04:35:37.587+0800][info] GC(580) Pause Young (Normal) (G1 Evacuation Pause) 91M->92M(128M) 1.411ms
[2024-10-11T04:35:37.587+0800][info] GC(580) User=0.00s Sys=0.01s Real=0.00s
[2024-10-11T04:35:37.689+0800][info] GC(581) Pause Young (Concurrent Start) (G1 Evacuation Pause)
[2024-10-11T04:35:37.689+0800][info] GC(581) Using 3 workers of 48 for evacuation
[2024-10-11T04:35:37.691+0800][info] GC(581)   Pre Evacuate Collection Set: 0.1ms
[2024-10-11T04:35:37.691+0800][info] GC(581)   Merge Heap Roots: 0.0ms
[2024-10-11T04:35:37.691+0800][info] GC(581)   Evacuate Collection Set: 1.4ms
[2024-10-11T04:35:37.691+0800][info] GC(581)   Post Evacuate Collection Set: 0.2ms
[2024-10-11T04:35:37.691+0800][info] GC(581)   Other: 0.3ms
[2024-10-11T04:35:37.691+0800][info] GC(581) Eden regions: 2->0(2)
[2024-10-11T04:35:37.691+0800][info] GC(581) Survivor regions: 1->1(1)
[2024-10-11T04:35:37.691+0800][info] GC(581) Old regions: 48->50
[2024-10-11T04:35:37.691+0800][info] GC(581) Archive regions: 2->2
[2024-10-11T04:35:37.691+0800][info] GC(581) Humongous regions: 3->3
[2024-10-11T04:35:37.691+0800][info] GC(581) Metaspace: 1684K(1856K)->1684K(1856K) NonClass: 1559K(1664K)->1559K(1664K) Class: 124K(192K)->124K(192K)
[2024-10-11T04:35:37.691+0800][info] GC(581) Pause Young (Concurrent Start) (G1 Evacuation Pause) 95M->95M(128M) 2.089ms
[2024-10-11T04:35:37.691+0800][info] GC(581) User=0.01s Sys=0.00s Real=0.00s
[2024-10-11T04:35:37.691+0800][info] GC(582) Concurrent Mark Cycle
[2024-10-11T04:35:37.692+0800][info] GC(582) Concurrent Clear Claimed Marks
[2024-10-11T04:35:37.692+0800][info] GC(582) Concurrent Clear Claimed Marks 0.018ms
[2024-10-11T04:35:37.692+0800][info] GC(582) Concurrent Scan Root Regions
[2024-10-11T04:35:37.692+0800][info] GC(582) Concurrent Scan Root Regions 0.109ms
[2024-10-11T04:35:37.692+0800][info] GC(582) Concurrent Mark
[2024-10-11T04:35:37.692+0800][info] GC(582) Concurrent Mark From Roots
[2024-10-11T04:35:37.692+0800][info] GC(582) Using 12 workers of 12 for marking
[2024-10-11T04:35:37.695+0800][info] GC(582) Concurrent Mark From Roots 3.601ms
[2024-10-11T04:35:37.695+0800][info] GC(582) Concurrent Preclean
[2024-10-11T04:35:37.697+0800][info] GC(582) Concurrent Preclean 1.683ms
[2024-10-11T04:35:37.697+0800][info] GC(582) Pause Remark
[2024-10-11T04:35:37.698+0800][info] GC(582) Pause Remark 96M->95M(128M) 1.360ms
[2024-10-11T04:35:37.698+0800][info] GC(582) User=0.01s Sys=0.00s Real=0.00s
[2024-10-11T04:35:37.699+0800][info] GC(582) Concurrent Mark 6.880ms
[2024-10-11T04:35:37.699+0800][info] GC(582) Concurrent Rebuild Remembered Sets
[2024-10-11T04:35:37.700+0800][info] GC(582) Concurrent Rebuild Remembered Sets 1.751ms
[2024-10-11T04:35:37.701+0800][info] GC(582) Pause Cleanup
[2024-10-11T04:35:37.701+0800][info] GC(582) Pause Cleanup 95M->95M(128M) 0.186ms
[2024-10-11T04:35:37.701+0800][info] GC(582) User=0.00s Sys=0.00s Real=0.00s
[2024-10-11T04:35:37.701+0800][info] GC(582) Concurrent Cleanup for Next Mark
[2024-10-11T04:35:37.701+0800][info] GC(582) Concurrent Cleanup for Next Mark 0.419ms
[2024-10-11T04:35:37.701+0800][info] GC(582) Concurrent Mark Cycle 9.722ms
[2024-10-11T04:35:37.844+0800][info] GC(583) Pause Young (Prepare Mixed) (G1 Evacuation Pause)
[2024-10-11T04:35:37.844+0800][info] GC(583) Using 3 workers of 48 for evacuation
[2024-10-11T04:35:37.846+0800][info] GC(583)   Pre Evacuate Collection Set: 0.1ms
[2024-10-11T04:35:37.846+0800][info] GC(583)   Merge Heap Roots: 0.1ms
[2024-10-11T04:35:37.846+0800][info] GC(583)   Evacuate Collection Set: 1.0ms
[2024-10-11T04:35:37.846+0800][info] GC(583)   Post Evacuate Collection Set: 0.2ms
[2024-10-11T04:35:37.846+0800][info] GC(583)   Other: 0.2ms
[2024-10-11T04:35:37.846+0800][info] GC(583) Eden regions: 2->0(2)
[2024-10-11T04:35:37.846+0800][info] GC(583) Survivor regions: 1->1(1)
[2024-10-11T04:35:37.846+0800][info] GC(583) Old regions: 49->51
[2024-10-11T04:35:37.846+0800][info] GC(583) Archive regions: 2->2
[2024-10-11T04:35:37.846+0800][info] GC(583) Humongous regions: 3->3
[2024-10-11T04:35:37.846+0800][info] GC(583) Metaspace: 1684K(1856K)->1684K(1856K) NonClass: 1559K(1664K)->1559K(1664K) Class: 124K(192K)->124K(192K)
[2024-10-11T04:35:37.846+0800][info] GC(583) Pause Young (Prepare Mixed) (G1 Evacuation Pause) 98M->99M(128M) 1.610ms
[2024-10-11T04:35:37.846+0800][info] GC(583) User=0.01s Sys=0.00s Real=0.01s
[2024-10-11T04:35:37.948+0800][info] GC(584) Pause Young (Mixed) (G1 Preventive Collection)
[2024-10-11T04:35:37.948+0800][info] GC(584) Using 3 workers of 48 for evacuation
[2024-10-11T04:35:37.951+0800][info] GC(584)   Pre Evacuate Collection Set: 0.1ms
[2024-10-11T04:35:37.951+0800][info] GC(584)   Merge Heap Roots: 0.1ms
[2024-10-11T04:35:37.951+0800][info] GC(584)   Evacuate Collection Set: 2.3ms
[2024-10-11T04:35:37.951+0800][info] GC(584)   Post Evacuate Collection Set: 0.2ms
[2024-10-11T04:35:37.951+0800][info] GC(584)   Other: 0.2ms
[2024-10-11T04:35:37.951+0800][info] GC(584) Eden regions: 2->0(2)
[2024-10-11T04:35:37.951+0800][info] GC(584) Survivor regions: 1->1(1)
[2024-10-11T04:35:37.951+0800][info] GC(584) Old regions: 51->48
[2024-10-11T04:35:37.951+0800][info] GC(584) Archive regions: 2->2
[2024-10-11T04:35:37.951+0800][info] GC(584) Humongous regions: 3->3
[2024-10-11T04:35:37.951+0800][info] GC(584) Metaspace: 1684K(1856K)->1684K(1856K) NonClass: 1559K(1664K)->1559K(1664K) Class: 124K(192K)->124K(192K)
[2024-10-11T04:35:37.951+0800][info] GC(584) Pause Young (Mixed) (G1 Preventive Collection) 102M->97M(128M) 2.963ms
[2024-10-11T04:35:37.951+0800][info] GC(584) User=0.00s Sys=0.01s Real=0.00s
[2024-10-11T04:35:38.053+0800][info] GC(585) Pause Young (Mixed) (G1 Evacuation Pause)
[2024-10-11T04:35:38.053+0800][info] GC(585) Using 3 workers of 48 for evacuation
[2024-10-11T04:35:38.055+0800][info] GC(585)   Pre Evacuate Collection Set: 0.2ms
[2024-10-11T04:35:38.055+0800][info] GC(585)   Merge Heap Roots: 0.1ms
[2024-10-11T04:35:38.055+0800][info] GC(585)   Evacuate Collection Set: 1.6ms
[2024-10-11T04:35:38.055+0800][info] GC(585)   Post Evacuate Collection Set: 0.2ms
[2024-10-11T04:35:38.055+0800][info] GC(585)   Other: 0.1ms
[2024-10-11T04:35:38.055+0800][info] GC(585) Eden regions: 2->0(2)
[2024-10-11T04:35:38.055+0800][info] GC(585) Survivor regions: 1->1(1)
[2024-10-11T04:35:38.055+0800][info] GC(585) Old regions: 48->47
[2024-10-11T04:35:38.055+0800][info] GC(585) Archive regions: 2->2
[2024-10-11T04:35:38.055+0800][info] GC(585) Humongous regions: 3->3
[2024-10-11T04:35:38.055+0800][info] GC(585) Metaspace: 1684K(1856K)->1684K(1856K) NonClass: 1559K(1664K)->1559K(1664K) Class: 124K(192K)->124K(192K)
[2024-10-11T04:35:38.055+0800][info] GC(585) Pause Young (Mixed) (G1 Evacuation Pause) 100M->96M(128M) 2.284ms
[2024-10-11T04:35:38.055+0800][info] GC(585) User=0.00s Sys=0.00s Real=0.01s
[2024-10-11T04:35:38.157+0800][info] GC(586) Pause Young (Mixed) (G1 Evacuation Pause)
[2024-10-11T04:35:38.157+0800][info] GC(586) Using 3 workers of 48 for evacuation
[2024-10-11T04:35:38.160+0800][info] GC(586)   Pre Evacuate Collection Set: 0.1ms
[2024-10-11T04:35:38.160+0800][info] GC(586)   Merge Heap Roots: 0.1ms
[2024-10-11T04:35:38.160+0800][info] GC(586)   Evacuate Collection Set: 2.5ms
[2024-10-11T04:35:38.160+0800][info] GC(586)   Post Evacuate Collection Set: 0.2ms
[2024-10-11T04:35:38.160+0800][info] GC(586)   Other: 0.2ms
[2024-10-11T04:35:38.160+0800][info] GC(586) Eden regions: 2->0(2)
[2024-10-11T04:35:38.160+0800][info] GC(586) Survivor regions: 1->1(1)
[2024-10-11T04:35:38.160+0800][info] GC(586) Old regions: 47->45
[2024-10-11T04:35:38.160+0800][info] GC(586) Archive regions: 2->2
[2024-10-11T04:35:38.160+0800][info] GC(586) Humongous regions: 3->3
[2024-10-11T04:35:38.160+0800][info] GC(586) Metaspace: 1684K(1856K)->1684K(1856K) NonClass: 1559K(1664K)->1559K(1664K) Class: 124K(192K)->124K(192K)
[2024-10-11T04:35:38.160+0800][info] GC(586) Pause Young (Mixed) (G1 Evacuation Pause) 100M->95M(128M) 3.226ms
[2024-10-11T04:35:38.160+0800][info] GC(586) User=0.00s Sys=0.00s Real=0.00s
[2024-10-11T04:35:38.263+0800][info] GC(587) Pause Young (Mixed) (G1 Evacuation Pause)
[2024-10-11T04:35:38.263+0800][info] GC(587) Using 3 workers of 48 for evacuation
[2024-10-11T04:35:38.265+0800][info] GC(587)   Pre Evacuate Collection Set: 0.1ms
[2024-10-11T04:35:38.265+0800][info] GC(587)   Merge Heap Roots: 0.1ms
[2024-10-11T04:35:38.265+0800][info] GC(587)   Evacuate Collection Set: 2.0ms
[2024-10-11T04:35:38.265+0800][info] GC(587)   Post Evacuate Collection Set: 0.2ms
[2024-10-11T04:35:38.265+0800][info] GC(587)   Other: 0.1ms
[2024-10-11T04:35:38.265+0800][info] GC(587) Eden regions: 2->0(2)
[2024-10-11T04:35:38.265+0800][info] GC(587) Survivor regions: 1->1(1)
[2024-10-11T04:35:38.265+0800][info] GC(587) Old regions: 45->46
[2024-10-11T04:35:38.265+0800][info] GC(587) Archive regions: 2->2
[2024-10-11T04:35:38.265+0800][info] GC(587) Humongous regions: 3->3
[2024-10-11T04:35:38.265+0800][info] GC(587) Metaspace: 1684K(1856K)->1684K(1856K) NonClass: 1559K(1664K)->1559K(1664K) Class: 124K(192K)->124K(192K)
[2024-10-11T04:35:38.265+0800][info] GC(587) Pause Young (Mixed) (G1 Evacuation Pause) 99M->97M(128M) 2.654ms
[2024-10-11T04:35:38.265+0800][info] GC(587) User=0.01s Sys=0.00s Real=0.01s
[2024-10-11T04:35:38.367+0800][info] GC(588) Pause Young (Normal) (G1 Evacuation Pause)
[2024-10-11T04:35:38.367+0800][info] GC(588) Using 3 workers of 48 for evacuation
[2024-10-11T04:35:38.368+0800][info] GC(588)   Pre Evacuate Collection Set: 0.1ms
[2024-10-11T04:35:38.368+0800][info] GC(588)   Merge Heap Roots: 0.0ms
[2024-10-11T04:35:38.368+0800][info] GC(588)   Evacuate Collection Set: 0.7ms
[2024-10-11T04:35:38.368+0800][info] GC(588)   Post Evacuate Collection Set: 0.2ms
[2024-10-11T04:35:38.368+0800][info] GC(588)   Other: 0.2ms
[2024-10-11T04:35:38.368+0800][info] GC(588) Eden regions: 2->0(2)
[2024-10-11T04:35:38.368+0800][info] GC(588) Survivor regions: 1->1(1)
[2024-10-11T04:35:38.368+0800][info] GC(588) Old regions: 46->48
[2024-10-11T04:35:38.368+0800][info] GC(588) Archive regions: 2->2
[2024-10-11T04:35:38.368+0800][info] GC(588) Humongous regions: 3->3
[2024-10-11T04:35:38.368+0800][info] GC(588) Metaspace: 1684K(1856K)->1684K(1856K) NonClass: 1559K(1664K)->1559K(1664K) Class: 124K(192K)->124K(192K)
[2024-10-11T04:35:38.368+0800][info] GC(588) Pause Young (Normal) (G1 Evacuation Pause) 101M->101M(128M) 1.367ms
[2024-10-11T04:35:38.368+0800][info] GC(588) User=0.00s Sys=0.00s Real=0.00s
[2024-10-11T04:35:38.430+0800][info] GC(589) Pause Young (Concurrent Start) (G1 Humongous Allocation)
[2024-10-11T04:35:38.430+0800][info] GC(589) Using 3 workers of 48 for evacuation
[2024-10-11T04:35:38.431+0800][info] GC(589)   Pre Evacuate Collection Set: 0.1ms
[2024-10-11T04:35:38.431+0800][info] GC(589)   Merge Heap Roots: 0.0ms
[2024-10-11T04:35:38.431+0800][info] GC(589)   Evacuate Collection Set: 0.6ms
[2024-10-11T04:35:38.431+0800][info] GC(589)   Post Evacuate Collection Set: 0.2ms
[2024-10-11T04:35:38.431+0800][info] GC(589)   Other: 0.3ms
[2024-10-11T04:35:38.431+0800][info] GC(589) Eden regions: 2->0(2)
[2024-10-11T04:35:38.431+0800][info] GC(589) Survivor regions: 1->1(1)
[2024-10-11T04:35:38.431+0800][info] GC(589) Old regions: 48->50
[2024-10-11T04:35:38.431+0800][info] GC(589) Archive regions: 2->2
[2024-10-11T04:35:38.431+0800][info] GC(589) Humongous regions: 3->3
[2024-10-11T04:35:38.431+0800][info] GC(589) Metaspace: 1684K(1856K)->1684K(1856K) NonClass: 1559K(1664K)->1559K(1664K) Class: 124K(192K)->124K(192K)
[2024-10-11T04:35:38.431+0800][info] GC(589) Pause Young (Concurrent Start) (G1 Humongous Allocation) 104M->105M(128M) 1.347ms
[2024-10-11T04:35:38.431+0800][info] GC(589) User=0.00s Sys=0.00s Real=0.00s
[2024-10-11T04:35:38.431+0800][info] GC(590) Concurrent Mark Cycle
[2024-10-11T04:35:38.431+0800][info] GC(590) Concurrent Clear Claimed Marks
[2024-10-11T04:35:38.431+0800][info] GC(590) Concurrent Clear Claimed Marks 0.016ms
[2024-10-11T04:35:38.431+0800][info] GC(590) Concurrent Scan Root Regions
[2024-10-11T04:35:38.431+0800][info] GC(590) Concurrent Scan Root Regions 0.152ms
[2024-10-11T04:35:38.431+0800][info] GC(590) Concurrent Mark
[2024-10-11T04:35:38.431+0800][info] GC(590) Concurrent Mark From Roots
[2024-10-11T04:35:38.431+0800][info] GC(590) Using 12 workers of 12 for marking
[2024-10-11T04:35:38.435+0800][info] GC(590) Concurrent Mark From Roots 3.683ms
[2024-10-11T04:35:38.435+0800][info] GC(590) Concurrent Preclean
[2024-10-11T04:35:38.437+0800][info] GC(590) Concurrent Preclean 1.684ms
[2024-10-11T04:35:38.437+0800][info] GC(590) Pause Remark
[2024-10-11T04:35:38.439+0800][info] GC(590) Pause Remark 107M->107M(128M) 1.499ms
[2024-10-11T04:35:38.439+0800][info] GC(590) User=0.00s Sys=0.00s Real=0.00s
[2024-10-11T04:35:38.439+0800][info] GC(590) Concurrent Mark 7.276ms
[2024-10-11T04:35:38.439+0800][info] GC(590) Concurrent Rebuild Remembered Sets
[2024-10-11T04:35:38.440+0800][info] GC(590) Concurrent Rebuild Remembered Sets 1.290ms
[2024-10-11T04:35:38.440+0800][info] GC(590) Pause Cleanup
[2024-10-11T04:35:38.440+0800][info] GC(590) Pause Cleanup 107M->107M(128M) 0.190ms
[2024-10-11T04:35:38.440+0800][info] GC(590) User=0.00s Sys=0.00s Real=0.00s
[2024-10-11T04:35:38.440+0800][info] GC(590) Concurrent Cleanup for Next Mark
[2024-10-11T04:35:38.441+0800][info] GC(590) Concurrent Cleanup for Next Mark 0.360ms
[2024-10-11T04:35:38.441+0800][info] GC(590) Concurrent Mark Cycle 9.641ms
[2024-10-11T04:35:38.605+0800][info] GC(591) Pause Young (Prepare Mixed) (G1 Evacuation Pause)
[2024-10-11T04:35:38.605+0800][info] GC(591) Using 3 workers of 48 for evacuation
[2024-10-11T04:35:38.607+0800][info] GC(591)   Pre Evacuate Collection Set: 0.1ms
[2024-10-11T04:35:38.607+0800][info] GC(591)   Merge Heap Roots: 0.1ms
[2024-10-11T04:35:38.607+0800][info] GC(591)   Evacuate Collection Set: 1.0ms
[2024-10-11T04:35:38.607+0800][info] GC(591)   Post Evacuate Collection Set: 0.2ms
[2024-10-11T04:35:38.607+0800][info] GC(591)   Other: 0.3ms
[2024-10-11T04:35:38.607+0800][info] GC(591) Eden regions: 2->0(2)
[2024-10-11T04:35:38.607+0800][info] GC(591) Survivor regions: 1->1(1)
[2024-10-11T04:35:38.607+0800][info] GC(591) Old regions: 50->52
[2024-10-11T04:35:38.607+0800][info] GC(591) Archive regions: 2->2
[2024-10-11T04:35:38.607+0800][info] GC(591) Humongous regions: 4->3
[2024-10-11T04:35:38.607+0800][info] GC(591) Metaspace: 1684K(1856K)->1684K(1856K) NonClass: 1559K(1664K)->1559K(1664K) Class: 124K(192K)->124K(192K)
[2024-10-11T04:35:38.607+0800][info] GC(591) Pause Young (Prepare Mixed) (G1 Evacuation Pause) 111M->109M(128M) 1.684ms
[2024-10-11T04:35:38.607+0800][info] GC(591) User=0.00s Sys=0.00s Real=0.01s
[2024-10-11T04:35:38.668+0800][info] GC(592) Pause Young (Mixed) (G1 Preventive Collection)
[2024-10-11T04:35:38.668+0800][info] GC(592) Using 3 workers of 48 for evacuation
[2024-10-11T04:35:38.671+0800][info] GC(592)   Pre Evacuate Collection Set: 0.1ms
[2024-10-11T04:35:38.671+0800][info] GC(592)   Merge Heap Roots: 0.1ms
[2024-10-11T04:35:38.671+0800][info] GC(592)   Evacuate Collection Set: 2.1ms
[2024-10-11T04:35:38.671+0800][info] GC(592)   Post Evacuate Collection Set: 0.2ms
[2024-10-11T04:35:38.671+0800][info] GC(592)   Other: 0.2ms
[2024-10-11T04:35:38.671+0800][info] GC(592) Eden regions: 1->0(2)
[2024-10-11T04:35:38.671+0800][info] GC(592) Survivor regions: 1->1(1)
[2024-10-11T04:35:38.671+0800][info] GC(592) Old regions: 52->49
[2024-10-11T04:35:38.671+0800][info] GC(592) Archive regions: 2->2
[2024-10-11T04:35:38.671+0800][info] GC(592) Humongous regions: 3->3
[2024-10-11T04:35:38.671+0800][info] GC(592) Metaspace: 1684K(1856K)->1684K(1856K) NonClass: 1559K(1664K)->1559K(1664K) Class: 124K(192K)->124K(192K)
[2024-10-11T04:35:38.671+0800][info] GC(592) Pause Young (Mixed) (G1 Preventive Collection) 111M->104M(128M) 2.790ms
[2024-10-11T04:35:38.671+0800][info] GC(592) User=0.00s Sys=0.00s Real=0.00s
[2024-10-11T04:35:38.773+0800][info] GC(593) Pause Young (Mixed) (G1 Preventive Collection)
[2024-10-11T04:35:38.773+0800][info] GC(593) Using 3 workers of 48 for evacuation
[2024-10-11T04:35:38.776+0800][info] GC(593)   Pre Evacuate Collection Set: 0.1ms
[2024-10-11T04:35:38.776+0800][info] GC(593)   Merge Heap Roots: 0.1ms
[2024-10-11T04:35:38.776+0800][info] GC(593)   Evacuate Collection Set: 2.0ms
[2024-10-11T04:35:38.776+0800][info] GC(593)   Post Evacuate Collection Set: 0.2ms
[2024-10-11T04:35:38.776+0800][info] GC(593)   Other: 0.2ms
[2024-10-11T04:35:38.776+0800][info] GC(593) Eden regions: 2->0(2)
[2024-10-11T04:35:38.776+0800][info] GC(593) Survivor regions: 1->1(1)
[2024-10-11T04:35:38.776+0800][info] GC(593) Old regions: 49->48
[2024-10-11T04:35:38.776+0800][info] GC(593) Archive regions: 2->2
[2024-10-11T04:35:38.776+0800][info] GC(593) Humongous regions: 3->3
[2024-10-11T04:35:38.776+0800][info] GC(593) Metaspace: 1684K(1856K)->1684K(1856K) NonClass: 1559K(1664K)->1559K(1664K) Class: 124K(192K)->124K(192K)
[2024-10-11T04:35:38.776+0800][info] GC(593) Pause Young (Mixed) (G1 Preventive Collection) 108M->102M(128M) 2.604ms
[2024-10-11T04:35:38.776+0800][info] GC(593) User=0.01s Sys=0.00s Real=0.00s
[2024-10-11T04:35:38.878+0800][info] GC(594) Pause Young (Mixed) (G1 Evacuation Pause)
[2024-10-11T04:35:38.878+0800][info] GC(594) Using 3 workers of 48 for evacuation
[2024-10-11T04:35:38.881+0800][info] GC(594)   Pre Evacuate Collection Set: 0.1ms
[2024-10-11T04:35:38.881+0800][info] GC(594)   Merge Heap Roots: 0.1ms
[2024-10-11T04:35:38.881+0800][info] GC(594)   Evacuate Collection Set: 2.4ms
[2024-10-11T04:35:38.881+0800][info] GC(594)   Post Evacuate Collection Set: 0.2ms
[2024-10-11T04:35:38.881+0800][info] GC(594)   Other: 0.1ms
[2024-10-11T04:35:38.881+0800][info] GC(594) Eden regions: 2->0(2)
[2024-10-11T04:35:38.881+0800][info] GC(594) Survivor regions: 1->1(1)
[2024-10-11T04:35:38.881+0800][info] GC(594) Old regions: 48->47
[2024-10-11T04:35:38.881+0800][info] GC(594) Archive regions: 2->2
[2024-10-11T04:35:38.881+0800][info] GC(594) Humongous regions: 3->3
[2024-10-11T04:35:38.881+0800][info] GC(594) Metaspace: 1684K(1856K)->1684K(1856K) NonClass: 1559K(1664K)->1559K(1664K) Class: 124K(192K)->124K(192K)
[2024-10-11T04:35:38.881+0800][info] GC(594) Pause Young (Mixed) (G1 Evacuation Pause) 106M->102M(128M) 3.025ms
[2024-10-11T04:35:38.881+0800][info] GC(594) User=0.01s Sys=0.00s Real=0.00s
[2024-10-11T04:35:38.983+0800][info] GC(595) Pause Young (Mixed) (G1 Evacuation Pause)
[2024-10-11T04:35:38.983+0800][info] GC(595) Using 3 workers of 48 for evacuation
[2024-10-11T04:35:38.986+0800][info] GC(595)   Pre Evacuate Collection Set: 0.1ms
[2024-10-11T04:35:38.986+0800][info] GC(595)   Merge Heap Roots: 0.1ms
[2024-10-11T04:35:38.986+0800][info] GC(595)   Evacuate Collection Set: 2.4ms
[2024-10-11T04:35:38.986+0800][info] GC(595)   Post Evacuate Collection Set: 0.2ms
[2024-10-11T04:35:38.986+0800][info] GC(595)   Other: 0.1ms
[2024-10-11T04:35:38.986+0800][info] GC(595) Eden regions: 2->0(2)
[2024-10-11T04:35:38.986+0800][info] GC(595) Survivor regions: 1->1(1)
[2024-10-11T04:35:38.986+0800][info] GC(595) Old regions: 47->47
[2024-10-11T04:35:38.986+0800][info] GC(595) Archive regions: 2->2
[2024-10-11T04:35:38.986+0800][info] GC(595) Humongous regions: 3->3
[2024-10-11T04:35:38.986+0800][info] GC(595) Metaspace: 1684K(1856K)->1684K(1856K) NonClass: 1559K(1664K)->1559K(1664K) Class: 124K(192K)->124K(192K)
[2024-10-11T04:35:38.986+0800][info] GC(595) Pause Young (Mixed) (G1 Evacuation Pause) 105M->101M(128M) 3.043ms
[2024-10-11T04:35:38.986+0800][info] GC(595) User=0.00s Sys=0.00s Real=0.01s
[2024-10-11T04:35:39.088+0800][info] GC(596) Pause Young (Mixed) (G1 Evacuation Pause)
[2024-10-11T04:35:39.088+0800][info] GC(596) Using 3 workers of 48 for evacuation
[2024-10-11T04:35:39.089+0800][info] GC(596)   Pre Evacuate Collection Set: 0.1ms
[2024-10-11T04:35:39.089+0800][info] GC(596)   Merge Heap Roots: 0.0ms
[2024-10-11T04:35:39.089+0800][info] GC(596)   Evacuate Collection Set: 1.0ms
[2024-10-11T04:35:39.089+0800][info] GC(596)   Post Evacuate Collection Set: 0.2ms
[2024-10-11T04:35:39.089+0800][info] GC(596)   Other: 0.1ms
[2024-10-11T04:35:39.089+0800][info] GC(596) Eden regions: 2->0(2)
[2024-10-11T04:35:39.089+0800][info] GC(596) Survivor regions: 1->1(1)
[2024-10-11T04:35:39.089+0800][info] GC(596) Old regions: 47->49
[2024-10-11T04:35:39.089+0800][info] GC(596) Archive regions: 2->2
[2024-10-11T04:35:39.089+0800][info] GC(596) Humongous regions: 3->3
[2024-10-11T04:35:39.089+0800][info] GC(596) Metaspace: 1684K(1856K)->1684K(1856K) NonClass: 1559K(1664K)->1559K(1664K) Class: 124K(192K)->124K(192K)
[2024-10-11T04:35:39.089+0800][info] GC(596) Pause Young (Mixed) (G1 Evacuation Pause) 105M->105M(128M) 1.594ms
[2024-10-11T04:35:39.090+0800][info] GC(596) User=0.00s Sys=0.01s Real=0.00s
[2024-10-11T04:35:39.192+0800][info] GC(597) Pause Young (Normal) (G1 Evacuation Pause)
[2024-10-11T04:35:39.192+0800][info] GC(597) Using 3 workers of 48 for evacuation
[2024-10-11T04:35:39.193+0800][info] GC(597)   Pre Evacuate Collection Set: 0.1ms
[2024-10-11T04:35:39.193+0800][info] GC(597)   Merge Heap Roots: 0.1ms
[2024-10-11T04:35:39.193+0800][info] GC(597)   Evacuate Collection Set: 0.9ms
[2024-10-11T04:35:39.193+0800][info] GC(597)   Post Evacuate Collection Set: 0.2ms
[2024-10-11T04:35:39.193+0800][info] GC(597)   Other: 0.2ms
[2024-10-11T04:35:39.193+0800][info] GC(597) Eden regions: 2->0(2)
[2024-10-11T04:35:39.193+0800][info] GC(597) Survivor regions: 1->1(1)
[2024-10-11T04:35:39.193+0800][info] GC(597) Old regions: 49->50
[2024-10-11T04:35:39.193+0800][info] GC(597) Archive regions: 2->2
[2024-10-11T04:35:39.193+0800][info] GC(597) Humongous regions: 3->3
[2024-10-11T04:35:39.193+0800][info] GC(597) Metaspace: 1684K(1856K)->1684K(1856K) NonClass: 1559K(1664K)->1559K(1664K) Class: 124K(192K)->124K(192K)
[2024-10-11T04:35:39.193+0800][info] GC(597) Pause Young (Normal) (G1 Evacuation Pause) 108M->108M(128M) 1.513ms
[2024-10-11T04:35:39.193+0800][info] GC(597) User=0.00s Sys=0.00s Real=0.01s
[2024-10-11T04:35:39.295+0800][info] GC(598) Pause Young (Concurrent Start) (G1 Evacuation Pause)
[2024-10-11T04:35:39.295+0800][info] GC(598) Using 3 workers of 48 for evacuation
[2024-10-11T04:35:39.297+0800][info] GC(598)   Pre Evacuate Collection Set: 0.1ms
[2024-10-11T04:35:39.297+0800][info] GC(598)   Merge Heap Roots: 0.0ms
[2024-10-11T04:35:39.297+0800][info] GC(598)   Evacuate Collection Set: 0.7ms
[2024-10-11T04:35:39.297+0800][info] GC(598)   Post Evacuate Collection Set: 0.2ms
[2024-10-11T04:35:39.297+0800][info] GC(598)   Other: 0.3ms
[2024-10-11T04:35:39.297+0800][info] GC(598) Eden regions: 2->0(2)
[2024-10-11T04:35:39.297+0800][info] GC(598) Survivor regions: 1->1(1)
[2024-10-11T04:35:39.297+0800][info] GC(598) Old regions: 50->52
[2024-10-11T04:35:39.297+0800][info] GC(598) Archive regions: 2->2
[2024-10-11T04:35:39.297+0800][info] GC(598) Humongous regions: 3->3
[2024-10-11T04:35:39.297+0800][info] GC(598) Metaspace: 1684K(1856K)->1684K(1856K) NonClass: 1559K(1664K)->1559K(1664K) Class: 124K(192K)->124K(192K)
[2024-10-11T04:35:39.297+0800][info] GC(598) Pause Young (Concurrent Start) (G1 Evacuation Pause) 112M->112M(128M) 1.467ms
[2024-10-11T04:35:39.297+0800][info] GC(598) User=0.00s Sys=0.00s Real=0.00s
[2024-10-11T04:35:39.297+0800][info] GC(599) Concurrent Mark Cycle
[2024-10-11T04:35:39.297+0800][info] GC(599) Concurrent Clear Claimed Marks
[2024-10-11T04:35:39.297+0800][info] GC(599) Concurrent Clear Claimed Marks 0.017ms
[2024-10-11T04:35:39.297+0800][info] GC(599) Concurrent Scan Root Regions
[2024-10-11T04:35:39.297+0800][info] GC(599) Concurrent Scan Root Regions 0.121ms
[2024-10-11T04:35:39.297+0800][info] GC(599) Concurrent Mark
[2024-10-11T04:35:39.297+0800][info] GC(599) Concurrent Mark From Roots
[2024-10-11T04:35:39.297+0800][info] GC(599) Using 12 workers of 12 for marking
[2024-10-11T04:35:39.301+0800][info] GC(599) Concurrent Mark From Roots 3.721ms
[2024-10-11T04:35:39.301+0800][info] GC(599) Concurrent Preclean
[2024-10-11T04:35:39.303+0800][info] GC(599) Concurrent Preclean 1.699ms
[2024-10-11T04:35:39.303+0800][info] GC(599) Pause Remark
[2024-10-11T04:35:39.304+0800][info] GC(599) Pause Remark 112M->112M(128M) 1.441ms
[2024-10-11T04:35:39.304+0800][info] GC(599) User=0.01s Sys=0.00s Real=0.00s
[2024-10-11T04:35:39.304+0800][info] GC(599) Concurrent Mark 7.189ms
[2024-10-11T04:35:39.304+0800][info] GC(599) Concurrent Rebuild Remembered Sets
[2024-10-11T04:35:39.306+0800][info] GC(599) Concurrent Rebuild Remembered Sets 1.469ms
[2024-10-11T04:35:39.306+0800][info] GC(599) Pause Cleanup
[2024-10-11T04:35:39.306+0800][info] GC(599) Pause Cleanup 112M->112M(128M) 0.251ms
[2024-10-11T04:35:39.306+0800][info] GC(599) User=0.00s Sys=0.00s Real=0.00s
[2024-10-11T04:35:39.306+0800][info] GC(599) Concurrent Cleanup for Next Mark
[2024-10-11T04:35:39.307+0800][info] GC(599) Concurrent Cleanup for Next Mark 0.373ms
[2024-10-11T04:35:39.307+0800][info] GC(599) Concurrent Mark Cycle 9.782ms
[2024-10-11T04:35:39.450+0800][info] GC(600) Pause Young (Prepare Mixed) (G1 Preventive Collection)
[2024-10-11T04:35:39.450+0800][info] GC(600) Using 3 workers of 48 for evacuation
[2024-10-11T04:35:39.451+0800][info] GC(600)   Pre Evacuate Collection Set: 0.1ms
[2024-10-11T04:35:39.451+0800][info] GC(600)   Merge Heap Roots: 0.1ms
[2024-10-11T04:35:39.451+0800][info] GC(600)   Evacuate Collection Set: 0.8ms
[2024-10-11T04:35:39.451+0800][info] GC(600)   Post Evacuate Collection Set: 0.2ms
[2024-10-11T04:35:39.451+0800][info] GC(600)   Other: 0.2ms
[2024-10-11T04:35:39.451+0800][info] GC(600) Eden regions: 2->0(2)
[2024-10-11T04:35:39.451+0800][info] GC(600) Survivor regions: 1->1(1)
[2024-10-11T04:35:39.451+0800][info] GC(600) Old regions: 52->54
[2024-10-11T04:35:39.451+0800][info] GC(600) Archive regions: 2->2
[2024-10-11T04:35:39.451+0800][info] GC(600) Humongous regions: 3->3
[2024-10-11T04:35:39.451+0800][info] GC(600) Metaspace: 1684K(1856K)->1684K(1856K) NonClass: 1559K(1664K)->1559K(1664K) Class: 124K(192K)->124K(192K)
[2024-10-11T04:35:39.452+0800][info] GC(600) Pause Young (Prepare Mixed) (G1 Preventive Collection) 115M->115M(128M) 1.452ms
[2024-10-11T04:35:39.452+0800][info] GC(600) User=0.00s Sys=0.00s Real=0.00s
[2024-10-11T04:35:39.513+0800][info] GC(601) Pause Young (Mixed) (G1 Preventive Collection)
[2024-10-11T04:35:39.513+0800][info] GC(601) Using 3 workers of 48 for evacuation
[2024-10-11T04:35:39.514+0800][info] GC(601) To-space exhausted
[2024-10-11T04:35:39.514+0800][info] GC(601)   Pre Evacuate Collection Set: 0.1ms
[2024-10-11T04:35:39.514+0800][info] GC(601)   Merge Heap Roots: 0.1ms
[2024-10-11T04:35:39.514+0800][info] GC(601)   Evacuate Collection Set: 0.9ms
[2024-10-11T04:35:39.514+0800][info] GC(601)   Post Evacuate Collection Set: 0.2ms
[2024-10-11T04:35:39.514+0800][info] GC(601)   Other: 0.2ms
[2024-10-11T04:35:39.514+0800][info] GC(601) Eden regions: 1->0(2)
[2024-10-11T04:35:39.514+0800][info] GC(601) Survivor regions: 1->1(1)
[2024-10-11T04:35:39.514+0800][info] GC(601) Old regions: 54->53
[2024-10-11T04:35:39.514+0800][info] GC(601) Archive regions: 2->2
[2024-10-11T04:35:39.514+0800][info] GC(601) Humongous regions: 3->3
[2024-10-11T04:35:39.514+0800][info] GC(601) Metaspace: 1684K(1856K)->1684K(1856K) NonClass: 1559K(1664K)->1559K(1664K) Class: 124K(192K)->124K(192K)
[2024-10-11T04:35:39.514+0800][info] GC(601) Pause Young (Mixed) (G1 Preventive Collection) 117M->114M(128M) 1.665ms
[2024-10-11T04:35:39.514+0800][info] GC(601) User=0.01s Sys=0.00s Real=0.01s
[2024-10-11T04:35:39.555+0800][info] GC(602) Pause Young (Mixed) (G1 Preventive Collection)
[2024-10-11T04:35:39.555+0800][info] GC(602) Using 3 workers of 48 for evacuation
[2024-10-11T04:35:39.557+0800][info] GC(602) To-space exhausted
[2024-10-11T04:35:39.557+0800][info] GC(602)   Pre Evacuate Collection Set: 0.1ms
[2024-10-11T04:35:39.557+0800][info] GC(602)   Merge Heap Roots: 0.1ms
[2024-10-11T04:35:39.557+0800][info] GC(602)   Evacuate Collection Set: 1.1ms
[2024-10-11T04:35:39.557+0800][info] GC(602)   Post Evacuate Collection Set: 0.2ms
[2024-10-11T04:35:39.557+0800][info] GC(602)   Other: 0.1ms
[2024-10-11T04:35:39.557+0800][info] GC(602) Eden regions: 1->0(2)
[2024-10-11T04:35:39.557+0800][info] GC(602) Survivor regions: 1->1(1)
[2024-10-11T04:35:39.557+0800][info] GC(602) Old regions: 53->56
[2024-10-11T04:35:39.557+0800][info] GC(602) Archive regions: 2->2
[2024-10-11T04:35:39.557+0800][info] GC(602) Humongous regions: 3->3
[2024-10-11T04:35:39.557+0800][info] GC(602) Metaspace: 1684K(1856K)->1684K(1856K) NonClass: 1559K(1664K)->1559K(1664K) Class: 124K(192K)->124K(192K)
[2024-10-11T04:35:39.557+0800][info] GC(602) Pause Young (Mixed) (G1 Preventive Collection) 116M->120M(128M) 1.752ms
[2024-10-11T04:35:39.557+0800][info] GC(602) User=0.00s Sys=0.00s Real=0.00s
[2024-10-11T04:35:39.619+0800][info] GC(603) Pause Young (Mixed) (G1 Preventive Collection)
[2024-10-11T04:35:39.619+0800][info] GC(603) Using 3 workers of 48 for evacuation
[2024-10-11T04:35:39.620+0800][info] GC(603) To-space exhausted
[2024-10-11T04:35:39.620+0800][info] GC(603)   Pre Evacuate Collection Set: 0.1ms
[2024-10-11T04:35:39.620+0800][info] GC(603)   Merge Heap Roots: 0.1ms
[2024-10-11T04:35:39.620+0800][info] GC(603)   Evacuate Collection Set: 0.8ms
[2024-10-11T04:35:39.620+0800][info] GC(603)   Post Evacuate Collection Set: 0.7ms
[2024-10-11T04:35:39.620+0800][info] GC(603)   Other: 0.1ms
[2024-10-11T04:35:39.620+0800][info] GC(603) Eden regions: 1->0(2)
[2024-10-11T04:35:39.620+0800][info] GC(603) Survivor regions: 1->1(1)
[2024-10-11T04:35:39.621+0800][info] GC(603) Old regions: 56->57
[2024-10-11T04:35:39.621+0800][info] GC(603) Archive regions: 2->2
[2024-10-11T04:35:39.621+0800][info] GC(603) Humongous regions: 3->3
[2024-10-11T04:35:39.621+0800][info] GC(603) Metaspace: 1684K(1856K)->1684K(1856K) NonClass: 1559K(1664K)->1559K(1664K) Class: 124K(192K)->124K(192K)
[2024-10-11T04:35:39.621+0800][info] GC(603) Pause Young (Mixed) (G1 Preventive Collection) 122M->122M(128M) 1.954ms
[2024-10-11T04:35:39.621+0800][info] GC(603) User=0.01s Sys=0.00s Real=0.00s
[2024-10-11T04:35:39.661+0800][info] GC(604) Pause Young (Mixed) (G1 Evacuation Pause)
[2024-10-11T04:35:39.661+0800][info] GC(604) Using 3 workers of 48 for evacuation
[2024-10-11T04:35:39.663+0800][info] GC(604) To-space exhausted
[2024-10-11T04:35:39.663+0800][info] GC(604)   Pre Evacuate Collection Set: 0.1ms
[2024-10-11T04:35:39.663+0800][info] GC(604)   Merge Heap Roots: 0.1ms
[2024-10-11T04:35:39.663+0800][info] GC(604)   Evacuate Collection Set: 0.8ms
[2024-10-11T04:35:39.663+0800][info] GC(604)   Post Evacuate Collection Set: 0.8ms
[2024-10-11T04:35:39.663+0800][info] GC(604)   Other: 0.2ms
[2024-10-11T04:35:39.663+0800][info] GC(604) Eden regions: 1->0(3)
[2024-10-11T04:35:39.663+0800][info] GC(604) Survivor regions: 1->0(0)
[2024-10-11T04:35:39.663+0800][info] GC(604) Old regions: 57->59
[2024-10-11T04:35:39.663+0800][info] GC(604) Archive regions: 2->2
[2024-10-11T04:35:39.663+0800][info] GC(604) Humongous regions: 3->3
[2024-10-11T04:35:39.663+0800][info] GC(604) Metaspace: 1684K(1856K)->1684K(1856K) NonClass: 1559K(1664K)->1559K(1664K) Class: 124K(192K)->124K(192K)
[2024-10-11T04:35:39.664+0800][info] GC(604) Pause Young (Mixed) (G1 Evacuation Pause) 123M->123M(128M) 2.098ms
[2024-10-11T04:35:39.664+0800][info] GC(604) User=0.00s Sys=0.00s Real=0.00s
[2024-10-11T04:35:39.664+0800][info] Attempting full compaction
[2024-10-11T04:35:39.664+0800][info] GC(605) Using 3 workers of 48 for full compaction
[2024-10-11T04:35:39.664+0800][info] GC(605) Pause Full (G1 Compaction Pause)
[2024-10-11T04:35:39.664+0800][info] GC(605) Phase 1: Mark live objects
[2024-10-11T04:35:39.667+0800][info] GC(605) Phase 1: Mark live objects 3.476ms
[2024-10-11T04:35:39.667+0800][info] GC(605) Phase 2: Prepare for compaction
[2024-10-11T04:35:39.668+0800][info] GC(605) Phase 2: Prepare for compaction 0.538ms
[2024-10-11T04:35:39.668+0800][info] GC(605) Phase 3: Adjust pointers
[2024-10-11T04:35:39.669+0800][info] GC(605) Phase 3: Adjust pointers 1.646ms
[2024-10-11T04:35:39.669+0800][info] GC(605) Phase 4: Compact heap
[2024-10-11T04:35:39.680+0800][info] GC(605) Phase 4: Compact heap 10.853ms
[2024-10-11T04:35:39.682+0800][info] GC(605) Eden regions: 0->0(4)
[2024-10-11T04:35:39.682+0800][info] GC(605) Survivor regions: 0->0(0)
[2024-10-11T04:35:39.682+0800][info] GC(605) Old regions: 59->38
[2024-10-11T04:35:39.682+0800][info] GC(605) Archive regions: 2->2
[2024-10-11T04:35:39.682+0800][info] GC(605) Humongous regions: 3->3
[2024-10-11T04:35:39.682+0800][info] GC(605) Metaspace: 1684K(1856K)->1684K(1856K) NonClass: 1559K(1664K)->1559K(1664K) Class: 124K(192K)->124K(192K)
[2024-10-11T04:35:39.682+0800][info] GC(605) Pause Full (G1 Compaction Pause) 123M->72M(128M) 18.201ms
[2024-10-11T04:35:39.682+0800][info] GC(605) User=0.04s Sys=0.00s Real=0.02s
[2024-10-11T04:35:39.907+0800][info] GC(606) Pause Young (Normal) (G1 Evacuation Pause)
[2024-10-11T04:35:39.907+0800][info] GC(606) Using 3 workers of 48 for evacuation
[2024-10-11T04:35:39.908+0800][info] GC(606)   Pre Evacuate Collection Set: 0.1ms
[2024-10-11T04:35:39.909+0800][info] GC(606)   Merge Heap Roots: 0.0ms
[2024-10-11T04:35:39.909+0800][info] GC(606)   Evacuate Collection Set: 1.0ms
[2024-10-11T04:35:39.909+0800][info] GC(606)   Post Evacuate Collection Set: 0.2ms
[2024-10-11T04:35:39.909+0800][info] GC(606)   Other: 0.2ms
[2024-10-11T04:35:39.909+0800][info] GC(606) Eden regions: 4->0(2)
[2024-10-11T04:35:39.909+0800][info] GC(606) Survivor regions: 0->1(1)
[2024-10-11T04:35:39.909+0800][info] GC(606) Old regions: 38->41
[2024-10-11T04:35:39.909+0800][info] GC(606) Archive regions: 2->2
[2024-10-11T04:35:39.909+0800][info] GC(606) Humongous regions: 3->3
[2024-10-11T04:35:39.909+0800][info] GC(606) Metaspace: 1696K(1856K)->1696K(1856K) NonClass: 1572K(1664K)->1572K(1664K) Class: 124K(192K)->124K(192K)
[2024-10-11T04:35:39.909+0800][info] GC(606) Pause Young (Normal) (G1 Evacuation Pause) 79M->79M(128M) 1.703ms
[2024-10-11T04:35:39.909+0800][info] GC(606) User=0.00s Sys=0.00s Real=0.00s
[2024-10-11T04:35:40.011+0800][info] GC(607) Pause Young (Normal) (G1 Evacuation Pause)
[2024-10-11T04:35:40.011+0800][info] GC(607) Using 3 workers of 48 for evacuation
[2024-10-11T04:35:40.012+0800][info] GC(607)   Pre Evacuate Collection Set: 0.1ms
[2024-10-11T04:35:40.012+0800][info] GC(607)   Merge Heap Roots: 0.0ms
[2024-10-11T04:35:40.012+0800][info] GC(607)   Evacuate Collection Set: 0.8ms
[2024-10-11T04:35:40.012+0800][info] GC(607)   Post Evacuate Collection Set: 0.2ms
[2024-10-11T04:35:40.012+0800][info] GC(607)   Other: 0.2ms
[2024-10-11T04:35:40.012+0800][info] GC(607) Eden regions: 2->0(2)
[2024-10-11T04:35:40.012+0800][info] GC(607) Survivor regions: 1->1(1)
[2024-10-11T04:35:40.012+0800][info] GC(607) Old regions: 41->43
[2024-10-11T04:35:40.012+0800][info] GC(607) Archive regions: 2->2
[2024-10-11T04:35:40.012+0800][info] GC(607) Humongous regions: 3->3
[2024-10-11T04:35:40.012+0800][info] GC(607) Metaspace: 1696K(1856K)->1696K(1856K) NonClass: 1572K(1664K)->1572K(1664K) Class: 124K(192K)->124K(192K)
[2024-10-11T04:35:40.012+0800][info] GC(607) Pause Young (Normal) (G1 Evacuation Pause) 83M->82M(128M) 1.344ms
[2024-10-11T04:35:40.012+0800][info] GC(607) User=0.00s Sys=0.00s Real=0.00s
[2024-10-11T04:35:40.114+0800][info] GC(608) Pause Young (Normal) (G1 Evacuation Pause)
[2024-10-11T04:35:40.114+0800][info] GC(608) Using 3 workers of 48 for evacuation
[2024-10-11T04:35:40.115+0800][info] GC(608)   Pre Evacuate Collection Set: 0.1ms
[2024-10-11T04:35:40.115+0800][info] GC(608)   Merge Heap Roots: 0.0ms
[2024-10-11T04:35:40.116+0800][info] GC(608)   Evacuate Collection Set: 0.7ms
[2024-10-11T04:35:40.116+0800][info] GC(608)   Post Evacuate Collection Set: 0.2ms
[2024-10-11T04:35:40.116+0800][info] GC(608)   Other: 0.2ms
[2024-10-11T04:35:40.116+0800][info] GC(608) Eden regions: 2->0(2)
[2024-10-11T04:35:40.116+0800][info] GC(608) Survivor regions: 1->1(1)
[2024-10-11T04:35:40.116+0800][info] GC(608) Old regions: 43->45
[2024-10-11T04:35:40.116+0800][info] GC(608) Archive regions: 2->2
[2024-10-11T04:35:40.116+0800][info] GC(608) Humongous regions: 3->3
[2024-10-11T04:35:40.116+0800][info] GC(608) Metaspace: 1696K(1856K)->1696K(1856K) NonClass: 1572K(1664K)->1572K(1664K) Class: 124K(192K)->124K(192K)
[2024-10-11T04:35:40.116+0800][info] GC(608) Pause Young (Normal) (G1 Evacuation Pause) 86M->87M(128M) 1.273ms
[2024-10-11T04:35:40.116+0800][info] GC(608) User=0.00s Sys=0.00s Real=0.00s
[2024-10-11T04:35:40.218+0800][info] GC(609) Pause Young (Normal) (G1 Evacuation Pause)
[2024-10-11T04:35:40.218+0800][info] GC(609) Using 3 workers of 48 for evacuation
[2024-10-11T04:35:40.219+0800][info] GC(609)   Pre Evacuate Collection Set: 0.1ms
[2024-10-11T04:35:40.219+0800][info] GC(609)   Merge Heap Roots: 0.0ms
[2024-10-11T04:35:40.219+0800][info] GC(609)   Evacuate Collection Set: 0.8ms
[2024-10-11T04:35:40.219+0800][info] GC(609)   Post Evacuate Collection Set: 0.2ms
[2024-10-11T04:35:40.219+0800][info] GC(609)   Other: 0.2ms
[2024-10-11T04:35:40.219+0800][info] GC(609) Eden regions: 2->0(2)
[2024-10-11T04:35:40.219+0800][info] GC(609) Survivor regions: 1->1(1)
[2024-10-11T04:35:40.219+0800][info] GC(609) Old regions: 45->47
[2024-10-11T04:35:40.219+0800][info] GC(609) Archive regions: 2->2
[2024-10-11T04:35:40.219+0800][info] GC(609) Humongous regions: 3->3
[2024-10-11T04:35:40.219+0800][info] GC(609) Metaspace: 1696K(1856K)->1696K(1856K) NonClass: 1572K(1664K)->1572K(1664K) Class: 124K(192K)->124K(192K)
[2024-10-11T04:35:40.219+0800][info] GC(609) Pause Young (Normal) (G1 Evacuation Pause) 90M->90M(128M) 1.380ms
[2024-10-11T04:35:40.219+0800][info] GC(609) User=0.01s Sys=0.00s Real=0.00s
[2024-10-11T04:35:40.321+0800][info] GC(610) Pause Young (Concurrent Start) (G1 Evacuation Pause)
[2024-10-11T04:35:40.321+0800][info] GC(610) Using 3 workers of 48 for evacuation
[2024-10-11T04:35:40.322+0800][info] GC(610)   Pre Evacuate Collection Set: 0.1ms
[2024-10-11T04:35:40.322+0800][info] GC(610)   Merge Heap Roots: 0.0ms
[2024-10-11T04:35:40.322+0800][info] GC(610)   Evacuate Collection Set: 0.8ms
[2024-10-11T04:35:40.322+0800][info] GC(610)   Post Evacuate Collection Set: 0.2ms
[2024-10-11T04:35:40.323+0800][info] GC(610)   Other: 0.4ms
[2024-10-11T04:35:40.323+0800][info] GC(610) Eden regions: 2->0(2)
[2024-10-11T04:35:40.323+0800][info] GC(610) Survivor regions: 1->1(1)
[2024-10-11T04:35:40.323+0800][info] GC(610) Old regions: 47->49
[2024-10-11T04:35:40.323+0800][info] GC(610) Archive regions: 2->2
[2024-10-11T04:35:40.323+0800][info] GC(610) Humongous regions: 3->3
[2024-10-11T04:35:40.323+0800][info] GC(610) Metaspace: 1696K(1856K)->1696K(1856K) NonClass: 1572K(1664K)->1572K(1664K) Class: 124K(192K)->124K(192K)
[2024-10-11T04:35:40.323+0800][info] GC(610) Pause Young (Concurrent Start) (G1 Evacuation Pause) 94M->94M(128M) 1.476ms
[2024-10-11T04:35:40.323+0800][info] GC(610) User=0.00s Sys=0.00s Real=0.00s
[2024-10-11T04:35:40.323+0800][info] GC(611) Concurrent Mark Cycle
[2024-10-11T04:35:40.323+0800][info] GC(611) Concurrent Clear Claimed Marks
[2024-10-11T04:35:40.323+0800][info] GC(611) Concurrent Clear Claimed Marks 0.017ms
[2024-10-11T04:35:40.323+0800][info] GC(611) Concurrent Scan Root Regions
[2024-10-11T04:35:40.323+0800][info] GC(611) Concurrent Scan Root Regions 0.156ms
[2024-10-11T04:35:40.323+0800][info] GC(611) Concurrent Mark
[2024-10-11T04:35:40.323+0800][info] GC(611) Concurrent Mark From Roots
[2024-10-11T04:35:40.323+0800][info] GC(611) Using 12 workers of 12 for marking
[2024-10-11T04:35:40.327+0800][info] GC(611) Concurrent Mark From Roots 3.656ms
[2024-10-11T04:35:40.327+0800][info] GC(611) Concurrent Preclean
[2024-10-11T04:35:40.328+0800][info] GC(611) Concurrent Preclean 1.687ms
[2024-10-11T04:35:40.328+0800][info] GC(611) Pause Remark
[2024-10-11T04:35:40.332+0800][info] GC(611) Pause Remark 95M->95M(128M) 4.003ms
[2024-10-11T04:35:40.333+0800][info] GC(611) User=0.01s Sys=0.00s Real=0.00s
[2024-10-11T04:35:40.333+0800][info] GC(611) Concurrent Mark 9.801ms
[2024-10-11T04:35:40.333+0800][info] GC(611) Concurrent Rebuild Remembered Sets
[2024-10-11T04:35:40.334+0800][info] GC(611) Concurrent Rebuild Remembered Sets 1.630ms
[2024-10-11T04:35:40.335+0800][info] GC(611) Pause Cleanup
[2024-10-11T04:35:40.335+0800][info] GC(611) Pause Cleanup 95M->95M(128M) 0.258ms
[2024-10-11T04:35:40.335+0800][info] GC(611) User=0.00s Sys=0.00s Real=0.00s
[2024-10-11T04:35:40.335+0800][info] GC(611) Concurrent Cleanup for Next Mark
[2024-10-11T04:35:40.337+0800][info] GC(611) Concurrent Cleanup for Next Mark 1.663ms
[2024-10-11T04:35:40.337+0800][info] GC(611) Concurrent Mark Cycle 14.009ms
[2024-10-11T04:35:40.476+0800][info] GC(612) Pause Young (Prepare Mixed) (G1 Evacuation Pause)
[2024-10-11T04:35:40.476+0800][info] GC(612) Using 3 workers of 48 for evacuation
[2024-10-11T04:35:40.478+0800][info] GC(612)   Pre Evacuate Collection Set: 0.1ms
[2024-10-11T04:35:40.478+0800][info] GC(612)   Merge Heap Roots: 0.1ms
[2024-10-11T04:35:40.478+0800][info] GC(612)   Evacuate Collection Set: 0.9ms
[2024-10-11T04:35:40.478+0800][info] GC(612)   Post Evacuate Collection Set: 0.3ms
[2024-10-11T04:35:40.478+0800][info] GC(612)   Other: 0.3ms
[2024-10-11T04:35:40.478+0800][info] GC(612) Eden regions: 2->0(2)
[2024-10-11T04:35:40.478+0800][info] GC(612) Survivor regions: 1->1(1)
[2024-10-11T04:35:40.478+0800][info] GC(612) Old regions: 49->51
[2024-10-11T04:35:40.478+0800][info] GC(612) Archive regions: 2->2
[2024-10-11T04:35:40.478+0800][info] GC(612) Humongous regions: 3->3
[2024-10-11T04:35:40.478+0800][info] GC(612) Metaspace: 1696K(1856K)->1696K(1856K) NonClass: 1572K(1664K)->1572K(1664K) Class: 124K(192K)->124K(192K)
[2024-10-11T04:35:40.478+0800][info] GC(612) Pause Young (Prepare Mixed) (G1 Evacuation Pause) 98M->98M(128M) 1.775ms
[2024-10-11T04:35:40.478+0800][info] GC(612) User=0.00s Sys=0.00s Real=0.00s
[2024-10-11T04:35:40.580+0800][info] GC(613) Pause Young (Mixed) (G1 Preventive Collection)
[2024-10-11T04:35:40.580+0800][info] GC(613) Using 3 workers of 48 for evacuation
[2024-10-11T04:35:40.582+0800][info] GC(613)   Pre Evacuate Collection Set: 0.1ms
[2024-10-11T04:35:40.582+0800][info] GC(613)   Merge Heap Roots: 0.1ms
[2024-10-11T04:35:40.582+0800][info] GC(613)   Evacuate Collection Set: 1.5ms
[2024-10-11T04:35:40.582+0800][info] GC(613)   Post Evacuate Collection Set: 0.3ms
[2024-10-11T04:35:40.582+0800][info] GC(613)   Other: 0.2ms
[2024-10-11T04:35:40.582+0800][info] GC(613) Eden regions: 2->0(2)
[2024-10-11T04:35:40.582+0800][info] GC(613) Survivor regions: 1->1(1)
[2024-10-11T04:35:40.582+0800][info] GC(613) Old regions: 51->48
[2024-10-11T04:35:40.582+0800][info] GC(613) Archive regions: 2->2
[2024-10-11T04:35:40.582+0800][info] GC(613) Humongous regions: 3->3
[2024-10-11T04:35:40.582+0800][info] GC(613) Metaspace: 1696K(1856K)->1696K(1856K) NonClass: 1572K(1664K)->1572K(1664K) Class: 124K(192K)->124K(192K)
[2024-10-11T04:35:40.582+0800][info] GC(613) Pause Young (Mixed) (G1 Preventive Collection) 102M->96M(128M) 2.226ms
[2024-10-11T04:35:40.582+0800][info] GC(613) User=0.00s Sys=0.00s Real=0.00s
[2024-10-11T04:35:40.684+0800][info] GC(614) Pause Young (Mixed) (G1 Evacuation Pause)
[2024-10-11T04:35:40.684+0800][info] GC(614) Using 3 workers of 48 for evacuation
[2024-10-11T04:35:40.686+0800][info] GC(614)   Pre Evacuate Collection Set: 0.1ms
[2024-10-11T04:35:40.687+0800][info] GC(614)   Merge Heap Roots: 0.1ms
[2024-10-11T04:35:40.687+0800][info] GC(614)   Evacuate Collection Set: 1.8ms
[2024-10-11T04:35:40.687+0800][info] GC(614)   Post Evacuate Collection Set: 0.2ms
[2024-10-11T04:35:40.687+0800][info] GC(614)   Other: 0.1ms
[2024-10-11T04:35:40.687+0800][info] GC(614) Eden regions: 2->0(2)
[2024-10-11T04:35:40.687+0800][info] GC(614) Survivor regions: 1->1(1)
[2024-10-11T04:35:40.687+0800][info] GC(614) Old regions: 48->47
[2024-10-11T04:35:40.687+0800][info] GC(614) Archive regions: 2->2
[2024-10-11T04:35:40.687+0800][info] GC(614) Humongous regions: 3->3
[2024-10-11T04:35:40.687+0800][info] GC(614) Metaspace: 1696K(1856K)->1696K(1856K) NonClass: 1572K(1664K)->1572K(1664K) Class: 124K(192K)->124K(192K)
[2024-10-11T04:35:40.687+0800][info] GC(614) Pause Young (Mixed) (G1 Evacuation Pause) 99M->96M(128M) 2.539ms
[2024-10-11T04:35:40.687+0800][info] GC(614) User=0.01s Sys=0.00s Real=0.01s
[2024-10-11T04:35:40.789+0800][info] GC(615) Pause Young (Mixed) (G1 Evacuation Pause)
[2024-10-11T04:35:40.790+0800][info] GC(615) Using 3 workers of 48 for evacuation
[2024-10-11T04:35:40.792+0800][info] GC(615)   Pre Evacuate Collection Set: 0.1ms
[2024-10-11T04:35:40.792+0800][info] GC(615)   Merge Heap Roots: 0.1ms
[2024-10-11T04:35:40.792+0800][info] GC(615)   Evacuate Collection Set: 1.9ms
[2024-10-11T04:35:40.792+0800][info] GC(615)   Post Evacuate Collection Set: 0.2ms
[2024-10-11T04:35:40.792+0800][info] GC(615)   Other: 0.2ms
[2024-10-11T04:35:40.792+0800][info] GC(615) Eden regions: 2->0(2)
[2024-10-11T04:35:40.792+0800][info] GC(615) Survivor regions: 1->1(1)
[2024-10-11T04:35:40.792+0800][info] GC(615) Old regions: 47->47
[2024-10-11T04:35:40.792+0800][info] GC(615) Archive regions: 2->2
[2024-10-11T04:35:40.792+0800][info] GC(615) Humongous regions: 4->3
[2024-10-11T04:35:40.792+0800][info] GC(615) Metaspace: 1696K(1856K)->1696K(1856K) NonClass: 1572K(1664K)->1572K(1664K) Class: 124K(192K)->124K(192K)
[2024-10-11T04:35:40.792+0800][info] GC(615) Pause Young (Mixed) (G1 Evacuation Pause) 101M->97M(128M) 2.566ms
[2024-10-11T04:35:40.792+0800][info] GC(615) User=0.01s Sys=0.00s Real=0.00s
[2024-10-11T04:35:40.894+0800][info] GC(616) Pause Young (Mixed) (G1 Evacuation Pause)
[2024-10-11T04:35:40.894+0800][info] GC(616) Using 3 workers of 48 for evacuation
[2024-10-11T04:35:40.897+0800][info] GC(616)   Pre Evacuate Collection Set: 0.1ms
[2024-10-11T04:35:40.897+0800][info] GC(616)   Merge Heap Roots: 0.1ms
[2024-10-11T04:35:40.897+0800][info] GC(616)   Evacuate Collection Set: 2.4ms
[2024-10-11T04:35:40.897+0800][info] GC(616)   Post Evacuate Collection Set: 0.2ms
[2024-10-11T04:35:40.897+0800][info] GC(616)   Other: 0.1ms
[2024-10-11T04:35:40.897+0800][info] GC(616) Eden regions: 2->0(2)
[2024-10-11T04:35:40.897+0800][info] GC(616) Survivor regions: 1->1(1)
[2024-10-11T04:35:40.897+0800][info] GC(616) Old regions: 47->46
[2024-10-11T04:35:40.897+0800][info] GC(616) Archive regions: 2->2
[2024-10-11T04:35:40.897+0800][info] GC(616) Humongous regions: 3->3
[2024-10-11T04:35:40.897+0800][info] GC(616) Metaspace: 1696K(1856K)->1696K(1856K) NonClass: 1572K(1664K)->1572K(1664K) Class: 124K(192K)->124K(192K)
[2024-10-11T04:35:40.897+0800][info] GC(616) Pause Young (Mixed) (G1 Evacuation Pause) 100M->98M(128M) 3.138ms
[2024-10-11T04:35:40.897+0800][info] GC(616) User=0.01s Sys=0.00s Real=0.00s
[2024-10-11T04:35:40.999+0800][info] GC(617) Pause Young (Normal) (G1 Evacuation Pause)
[2024-10-11T04:35:40.999+0800][info] GC(617) Using 3 workers of 48 for evacuation
[2024-10-11T04:35:41.000+0800][info] GC(617)   Pre Evacuate Collection Set: 0.1ms
[2024-10-11T04:35:41.000+0800][info] GC(617)   Merge Heap Roots: 0.0ms
[2024-10-11T04:35:41.000+0800][info] GC(617)   Evacuate Collection Set: 0.7ms
[2024-10-11T04:35:41.000+0800][info] GC(617)   Post Evacuate Collection Set: 0.2ms
[2024-10-11T04:35:41.000+0800][info] GC(617)   Other: 0.2ms
[2024-10-11T04:35:41.000+0800][info] GC(617) Eden regions: 2->0(2)
[2024-10-11T04:35:41.001+0800][info] GC(617) Survivor regions: 1->1(1)
[2024-10-11T04:35:41.001+0800][info] GC(617) Old regions: 46->48
[2024-10-11T04:35:41.001+0800][info] GC(617) Archive regions: 2->2
[2024-10-11T04:35:41.001+0800][info] GC(617) Humongous regions: 3->3
[2024-10-11T04:35:41.001+0800][info] GC(617) Metaspace: 1696K(1856K)->1696K(1856K) NonClass: 1572K(1664K)->1572K(1664K) Class: 124K(192K)->124K(192K)
[2024-10-11T04:35:41.001+0800][info] GC(617) Pause Young (Normal) (G1 Evacuation Pause) 101M->101M(128M) 1.316ms
[2024-10-11T04:35:41.001+0800][info] GC(617) User=0.00s Sys=0.00s Real=0.00s
[2024-10-11T04:35:41.102+0800][info] GC(618) Pause Young (Normal) (G1 Evacuation Pause)
[2024-10-11T04:35:41.102+0800][info] GC(618) Using 3 workers of 48 for evacuation
[2024-10-11T04:35:41.104+0800][info] GC(618)   Pre Evacuate Collection Set: 0.1ms
[2024-10-11T04:35:41.104+0800][info] GC(618)   Merge Heap Roots: 0.0ms
[2024-10-11T04:35:41.104+0800][info] GC(618)   Evacuate Collection Set: 0.7ms
[2024-10-11T04:35:41.104+0800][info] GC(618)   Post Evacuate Collection Set: 0.2ms
[2024-10-11T04:35:41.104+0800][info] GC(618)   Other: 0.2ms
[2024-10-11T04:35:41.104+0800][info] GC(618) Eden regions: 2->0(2)
[2024-10-11T04:35:41.104+0800][info] GC(618) Survivor regions: 1->1(1)
[2024-10-11T04:35:41.104+0800][info] GC(618) Old regions: 48->50
[2024-10-11T04:35:41.104+0800][info] GC(618) Archive regions: 2->2
[2024-10-11T04:35:41.104+0800][info] GC(618) Humongous regions: 3->3
[2024-10-11T04:35:41.104+0800][info] GC(618) Metaspace: 1696K(1856K)->1696K(1856K) NonClass: 1572K(1664K)->1572K(1664K) Class: 124K(192K)->124K(192K)
[2024-10-11T04:35:41.104+0800][info] GC(618) Pause Young (Normal) (G1 Evacuation Pause) 104M->105M(128M) 1.258ms
[2024-10-11T04:35:41.104+0800][info] GC(618) User=0.00s Sys=0.00s Real=0.00s
[2024-10-11T04:35:41.206+0800][info] GC(619) Pause Young (Concurrent Start) (G1 Evacuation Pause)
[2024-10-11T04:35:41.206+0800][info] GC(619) Using 3 workers of 48 for evacuation
[2024-10-11T04:35:41.207+0800][info] GC(619)   Pre Evacuate Collection Set: 0.1ms
[2024-10-11T04:35:41.207+0800][info] GC(619)   Merge Heap Roots: 0.0ms
[2024-10-11T04:35:41.207+0800][info] GC(619)   Evacuate Collection Set: 0.8ms
[2024-10-11T04:35:41.207+0800][info] GC(619)   Post Evacuate Collection Set: 0.2ms
[2024-10-11T04:35:41.207+0800][info] GC(619)   Other: 0.4ms
[2024-10-11T04:35:41.207+0800][info] GC(619) Eden regions: 2->0(2)
[2024-10-11T04:35:41.207+0800][info] GC(619) Survivor regions: 1->1(1)
[2024-10-11T04:35:41.207+0800][info] GC(619) Old regions: 50->52
[2024-10-11T04:35:41.207+0800][info] GC(619) Archive regions: 2->2
[2024-10-11T04:35:41.207+0800][info] GC(619) Humongous regions: 3->3
[2024-10-11T04:35:41.207+0800][info] GC(619) Metaspace: 1696K(1856K)->1696K(1856K) NonClass: 1572K(1664K)->1572K(1664K) Class: 124K(192K)->124K(192K)
[2024-10-11T04:35:41.207+0800][info] GC(619) Pause Young (Concurrent Start) (G1 Evacuation Pause) 108M->109M(128M) 1.563ms
[2024-10-11T04:35:41.207+0800][info] GC(619) User=0.01s Sys=0.00s Real=0.00s
[2024-10-11T04:35:41.208+0800][info] GC(620) Concurrent Mark Cycle
[2024-10-11T04:35:41.208+0800][info] GC(620) Concurrent Clear Claimed Marks
[2024-10-11T04:35:41.208+0800][info] GC(620) Concurrent Clear Claimed Marks 0.017ms
[2024-10-11T04:35:41.208+0800][info] GC(620) Concurrent Scan Root Regions
[2024-10-11T04:35:41.208+0800][info] GC(620) Concurrent Scan Root Regions 0.162ms
[2024-10-11T04:35:41.208+0800][info] GC(620) Concurrent Mark
[2024-10-11T04:35:41.208+0800][info] GC(620) Concurrent Mark From Roots
[2024-10-11T04:35:41.208+0800][info] GC(620) Using 12 workers of 12 for marking
[2024-10-11T04:35:41.213+0800][info] GC(620) Concurrent Mark From Roots 5.265ms
[2024-10-11T04:35:41.213+0800][info] GC(620) Concurrent Preclean
[2024-10-11T04:35:41.215+0800][info] GC(620) Concurrent Preclean 1.687ms
[2024-10-11T04:35:41.215+0800][info] GC(620) Pause Remark
[2024-10-11T04:35:41.217+0800][info] GC(620) Pause Remark 109M->109M(128M) 2.114ms
[2024-10-11T04:35:41.217+0800][info] GC(620) User=0.00s Sys=0.00s Real=0.00s
[2024-10-11T04:35:41.217+0800][info] GC(620) Concurrent Mark 9.374ms
[2024-10-11T04:35:41.217+0800][info] GC(620) Concurrent Rebuild Remembered Sets
[2024-10-11T04:35:41.219+0800][info] GC(620) Concurrent Rebuild Remembered Sets 1.954ms
[2024-10-11T04:35:41.219+0800][info] GC(620) Pause Cleanup
[2024-10-11T04:35:41.220+0800][info] GC(620) Pause Cleanup 109M->109M(128M) 0.254ms
[2024-10-11T04:35:41.220+0800][info] GC(620) User=0.01s Sys=0.00s Real=0.00s
[2024-10-11T04:35:41.220+0800][info] GC(620) Concurrent Cleanup for Next Mark
[2024-10-11T04:35:41.221+0800][info] GC(620) Concurrent Cleanup for Next Mark 0.970ms
[2024-10-11T04:35:41.221+0800][info] GC(620) Concurrent Mark Cycle 13.121ms
[2024-10-11T04:35:41.360+0800][info] GC(621) Pause Young (Prepare Mixed) (G1 Preventive Collection)
[2024-10-11T04:35:41.360+0800][info] GC(621) Using 3 workers of 48 for evacuation
[2024-10-11T04:35:41.362+0800][info] GC(621)   Pre Evacuate Collection Set: 0.1ms
[2024-10-11T04:35:41.362+0800][info] GC(621)   Merge Heap Roots: 0.1ms
[2024-10-11T04:35:41.362+0800][info] GC(621)   Evacuate Collection Set: 0.9ms
[2024-10-11T04:35:41.362+0800][info] GC(621)   Post Evacuate Collection Set: 0.2ms
[2024-10-11T04:35:41.362+0800][info] GC(621)   Other: 0.2ms
[2024-10-11T04:35:41.362+0800][info] GC(621) Eden regions: 2->0(2)
[2024-10-11T04:35:41.362+0800][info] GC(621) Survivor regions: 1->1(1)
[2024-10-11T04:35:41.362+0800][info] GC(621) Old regions: 52->54
[2024-10-11T04:35:41.362+0800][info] GC(621) Archive regions: 2->2
[2024-10-11T04:35:41.362+0800][info] GC(621) Humongous regions: 3->3
[2024-10-11T04:35:41.362+0800][info] GC(621) Metaspace: 1696K(1856K)->1696K(1856K) NonClass: 1572K(1664K)->1572K(1664K) Class: 124K(192K)->124K(192K)
[2024-10-11T04:35:41.362+0800][info] GC(621) Pause Young (Prepare Mixed) (G1 Preventive Collection) 112M->113M(128M) 1.564ms
[2024-10-11T04:35:41.362+0800][info] GC(621) User=0.00s Sys=0.00s Real=0.00s
[2024-10-11T04:35:41.423+0800][info] GC(622) Pause Young (Mixed) (G1 Preventive Collection)
[2024-10-11T04:35:41.423+0800][info] GC(622) Using 3 workers of 48 for evacuation
[2024-10-11T04:35:41.425+0800][info] GC(622) To-space exhausted
[2024-10-11T04:35:41.425+0800][info] GC(622)   Pre Evacuate Collection Set: 0.1ms
[2024-10-11T04:35:41.425+0800][info] GC(622)   Merge Heap Roots: 0.0ms
[2024-10-11T04:35:41.425+0800][info] GC(622)   Evacuate Collection Set: 1.0ms
[2024-10-11T04:35:41.425+0800][info] GC(622)   Post Evacuate Collection Set: 0.3ms
[2024-10-11T04:35:41.425+0800][info] GC(622)   Other: 0.2ms
[2024-10-11T04:35:41.425+0800][info] GC(622) Eden regions: 1->0(2)
[2024-10-11T04:35:41.425+0800][info] GC(622) Survivor regions: 1->1(1)
[2024-10-11T04:35:41.425+0800][info] GC(622) Old regions: 54->54
[2024-10-11T04:35:41.425+0800][info] GC(622) Archive regions: 2->2
[2024-10-11T04:35:41.425+0800][info] GC(622) Humongous regions: 3->3
[2024-10-11T04:35:41.425+0800][info] GC(622) Metaspace: 1696K(1856K)->1696K(1856K) NonClass: 1572K(1664K)->1572K(1664K) Class: 124K(192K)->124K(192K)
[2024-10-11T04:35:41.425+0800][info] GC(622) Pause Young (Mixed) (G1 Preventive Collection) 114M->114M(128M) 1.666ms
[2024-10-11T04:35:41.425+0800][info] GC(622) User=0.01s Sys=0.00s Real=0.00s
[2024-10-11T04:35:41.466+0800][info] GC(623) Pause Young (Mixed) (G1 Preventive Collection)
[2024-10-11T04:35:41.466+0800][info] GC(623) Using 3 workers of 48 for evacuation
[2024-10-11T04:35:41.468+0800][info] GC(623) To-space exhausted
[2024-10-11T04:35:41.468+0800][info] GC(623)   Pre Evacuate Collection Set: 0.1ms
[2024-10-11T04:35:41.468+0800][info] GC(623)   Merge Heap Roots: 0.1ms
[2024-10-11T04:35:41.468+0800][info] GC(623)   Evacuate Collection Set: 1.1ms
[2024-10-11T04:35:41.468+0800][info] GC(623)   Post Evacuate Collection Set: 0.3ms
[2024-10-11T04:35:41.468+0800][info] GC(623)   Other: 0.2ms
[2024-10-11T04:35:41.468+0800][info] GC(623) Eden regions: 1->0(2)
[2024-10-11T04:35:41.468+0800][info] GC(623) Survivor regions: 1->1(1)
[2024-10-11T04:35:41.468+0800][info] GC(623) Old regions: 54->57
[2024-10-11T04:35:41.468+0800][info] GC(623) Archive regions: 2->2
[2024-10-11T04:35:41.468+0800][info] GC(623) Humongous regions: 3->3
[2024-10-11T04:35:41.468+0800][info] GC(623) Metaspace: 1696K(1856K)->1696K(1856K) NonClass: 1572K(1664K)->1572K(1664K) Class: 124K(192K)->124K(192K)
[2024-10-11T04:35:41.468+0800][info] GC(623) Pause Young (Mixed) (G1 Preventive Collection) 115M->119M(128M) 1.941ms
[2024-10-11T04:35:41.468+0800][info] GC(623) User=0.00s Sys=0.00s Real=0.00s
[2024-10-11T04:35:41.529+0800][info] GC(624) Pause Young (Mixed) (G1 Evacuation Pause)
[2024-10-11T04:35:41.529+0800][info] GC(624) Using 3 workers of 48 for evacuation
[2024-10-11T04:35:41.531+0800][info] GC(624) To-space exhausted
[2024-10-11T04:35:41.531+0800][info] GC(624)   Pre Evacuate Collection Set: 0.1ms
[2024-10-11T04:35:41.531+0800][info] GC(624)   Merge Heap Roots: 0.1ms
[2024-10-11T04:35:41.531+0800][info] GC(624)   Evacuate Collection Set: 0.9ms
[2024-10-11T04:35:41.531+0800][info] GC(624)   Post Evacuate Collection Set: 0.5ms
[2024-10-11T04:35:41.531+0800][info] GC(624)   Other: 0.2ms
[2024-10-11T04:35:41.531+0800][info] GC(624) Eden regions: 1->0(3)
[2024-10-11T04:35:41.531+0800][info] GC(624) Survivor regions: 1->0(0)
[2024-10-11T04:35:41.531+0800][info] GC(624) Old regions: 57->59
[2024-10-11T04:35:41.531+0800][info] GC(624) Archive regions: 2->2
[2024-10-11T04:35:41.531+0800][info] GC(624) Humongous regions: 3->3
[2024-10-11T04:35:41.531+0800][info] GC(624) Metaspace: 1696K(1856K)->1696K(1856K) NonClass: 1572K(1664K)->1572K(1664K) Class: 124K(192K)->124K(192K)
[2024-10-11T04:35:41.531+0800][info] GC(624) Pause Young (Mixed) (G1 Evacuation Pause) 121M->121M(128M) 1.937ms
[2024-10-11T04:35:41.531+0800][info] GC(624) User=0.00s Sys=0.00s Real=0.00s
[2024-10-11T04:35:41.531+0800][info] Attempting full compaction
[2024-10-11T04:35:41.531+0800][info] GC(625) Using 3 workers of 48 for full compaction
[2024-10-11T04:35:41.531+0800][info] GC(625) Pause Full (G1 Compaction Pause)
[2024-10-11T04:35:41.531+0800][info] GC(625) Phase 1: Mark live objects
[2024-10-11T04:35:41.534+0800][info] GC(625) Phase 1: Mark live objects 3.421ms
[2024-10-11T04:35:41.534+0800][info] GC(625) Phase 2: Prepare for compaction
[2024-10-11T04:35:41.535+0800][info] GC(625) Phase 2: Prepare for compaction 0.670ms
[2024-10-11T04:35:41.535+0800][info] GC(625) Phase 3: Adjust pointers
[2024-10-11T04:35:41.537+0800][info] GC(625) Phase 3: Adjust pointers 1.951ms
[2024-10-11T04:35:41.537+0800][info] GC(625) Phase 4: Compact heap
[2024-10-11T04:35:41.550+0800][info] GC(625) Phase 4: Compact heap 12.717ms
[2024-10-11T04:35:41.551+0800][info] GC(625) Eden regions: 0->0(4)
[2024-10-11T04:35:41.551+0800][info] GC(625) Survivor regions: 0->0(0)
[2024-10-11T04:35:41.551+0800][info] GC(625) Old regions: 59->38
[2024-10-11T04:35:41.551+0800][info] GC(625) Archive regions: 2->2
[2024-10-11T04:35:41.551+0800][info] GC(625) Humongous regions: 3->3
[2024-10-11T04:35:41.551+0800][info] GC(625) Metaspace: 1696K(1856K)->1696K(1856K) NonClass: 1572K(1664K)->1572K(1664K) Class: 124K(192K)->124K(192K)
[2024-10-11T04:35:41.551+0800][info] GC(625) Pause Full (G1 Compaction Pause) 121M->71M(128M) 20.489ms
[2024-10-11T04:35:41.552+0800][info] GC(625) User=0.04s Sys=0.01s Real=0.02s
[2024-10-11T04:35:41.756+0800][info] GC(626) Pause Young (Normal) (G1 Evacuation Pause)
[2024-10-11T04:35:41.756+0800][info] GC(626) Using 3 workers of 48 for evacuation
[2024-10-11T04:35:41.758+0800][info] GC(626)   Pre Evacuate Collection Set: 0.1ms
[2024-10-11T04:35:41.758+0800][info] GC(626)   Merge Heap Roots: 0.0ms
[2024-10-11T04:35:41.758+0800][info] GC(626)   Evacuate Collection Set: 1.1ms
[2024-10-11T04:35:41.758+0800][info] GC(626)   Post Evacuate Collection Set: 0.2ms
[2024-10-11T04:35:41.758+0800][info] GC(626)   Other: 0.3ms
[2024-10-11T04:35:41.758+0800][info] GC(626) Eden regions: 4->0(2)
[2024-10-11T04:35:41.758+0800][info] GC(626) Survivor regions: 0->1(1)
[2024-10-11T04:35:41.758+0800][info] GC(626) Old regions: 38->41
[2024-10-11T04:35:41.758+0800][info] GC(626) Archive regions: 2->2
[2024-10-11T04:35:41.758+0800][info] GC(626) Humongous regions: 3->3
[2024-10-11T04:35:41.758+0800][info] GC(626) Metaspace: 1696K(1856K)->1696K(1856K) NonClass: 1572K(1664K)->1572K(1664K) Class: 124K(192K)->124K(192K)
[2024-10-11T04:35:41.758+0800][info] GC(626) Pause Young (Normal) (G1 Evacuation Pause) 79M->79M(128M) 1.778ms
[2024-10-11T04:35:41.758+0800][info] GC(626) User=0.00s Sys=0.00s Real=0.00s
[2024-10-11T04:35:41.860+0800][info] GC(627) Pause Young (Normal) (G1 Evacuation Pause)
[2024-10-11T04:35:41.860+0800][info] GC(627) Using 3 workers of 48 for evacuation
[2024-10-11T04:35:41.861+0800][info] GC(627)   Pre Evacuate Collection Set: 0.1ms
[2024-10-11T04:35:41.861+0800][info] GC(627)   Merge Heap Roots: 0.0ms
[2024-10-11T04:35:41.861+0800][info] GC(627)   Evacuate Collection Set: 0.7ms
[2024-10-11T04:35:41.861+0800][info] GC(627)   Post Evacuate Collection Set: 0.2ms
[2024-10-11T04:35:41.861+0800][info] GC(627)   Other: 0.2ms
[2024-10-11T04:35:41.861+0800][info] GC(627) Eden regions: 2->0(2)
[2024-10-11T04:35:41.861+0800][info] GC(627) Survivor regions: 1->1(1)
[2024-10-11T04:35:41.861+0800][info] GC(627) Old regions: 41->43
[2024-10-11T04:35:41.861+0800][info] GC(627) Archive regions: 2->2
[2024-10-11T04:35:41.861+0800][info] GC(627) Humongous regions: 3->3
[2024-10-11T04:35:41.861+0800][info] GC(627) Metaspace: 1696K(1856K)->1696K(1856K) NonClass: 1572K(1664K)->1572K(1664K) Class: 124K(192K)->124K(192K)
[2024-10-11T04:35:41.861+0800][info] GC(627) Pause Young (Normal) (G1 Evacuation Pause) 82M->82M(128M) 1.255ms
[2024-10-11T04:35:41.861+0800][info] GC(627) User=0.00s Sys=0.00s Real=0.00s
[2024-10-11T04:35:41.963+0800][info] GC(628) Pause Young (Normal) (G1 Evacuation Pause)
[2024-10-11T04:35:41.963+0800][info] GC(628) Using 3 workers of 48 for evacuation
[2024-10-11T04:35:41.964+0800][info] GC(628)   Pre Evacuate Collection Set: 0.1ms
[2024-10-11T04:35:41.964+0800][info] GC(628)   Merge Heap Roots: 0.0ms
[2024-10-11T04:35:41.964+0800][info] GC(628)   Evacuate Collection Set: 0.7ms
[2024-10-11T04:35:41.964+0800][info] GC(628)   Post Evacuate Collection Set: 0.2ms
[2024-10-11T04:35:41.964+0800][info] GC(628)   Other: 0.2ms
[2024-10-11T04:35:41.964+0800][info] GC(628) Eden regions: 2->0(2)
[2024-10-11T04:35:41.964+0800][info] GC(628) Survivor regions: 1->1(1)
[2024-10-11T04:35:41.964+0800][info] GC(628) Old regions: 43->45
[2024-10-11T04:35:41.964+0800][info] GC(628) Archive regions: 2->2
[2024-10-11T04:35:41.964+0800][info] GC(628) Humongous regions: 3->3
[2024-10-11T04:35:41.964+0800][info] GC(628) Metaspace: 1696K(1856K)->1696K(1856K) NonClass: 1572K(1664K)->1572K(1664K) Class: 124K(192K)->124K(192K)
[2024-10-11T04:35:41.964+0800][info] GC(628) Pause Young (Normal) (G1 Evacuation Pause) 86M->86M(128M) 1.228ms
[2024-10-11T04:35:41.964+0800][info] GC(628) User=0.00s Sys=0.00s Real=0.00s
[2024-10-11T04:35:42.067+0800][info] GC(629) Pause Young (Normal) (G1 Evacuation Pause)
[2024-10-11T04:35:42.067+0800][info] GC(629) Using 3 workers of 48 for evacuation
[2024-10-11T04:35:42.068+0800][info] GC(629)   Pre Evacuate Collection Set: 0.1ms
[2024-10-11T04:35:42.068+0800][info] GC(629)   Merge Heap Roots: 0.0ms
[2024-10-11T04:35:42.068+0800][info] GC(629)   Evacuate Collection Set: 0.7ms
[2024-10-11T04:35:42.068+0800][info] GC(629)   Post Evacuate Collection Set: 0.2ms
[2024-10-11T04:35:42.068+0800][info] GC(629)   Other: 0.2ms
[2024-10-11T04:35:42.068+0800][info] GC(629) Eden regions: 2->0(2)
[2024-10-11T04:35:42.068+0800][info] GC(629) Survivor regions: 1->1(1)
[2024-10-11T04:35:42.068+0800][info] GC(629) Old regions: 45->47
[2024-10-11T04:35:42.068+0800][info] GC(629) Archive regions: 2->2
[2024-10-11T04:35:42.068+0800][info] GC(629) Humongous regions: 3->3
[2024-10-11T04:35:42.068+0800][info] GC(629) Metaspace: 1696K(1856K)->1696K(1856K) NonClass: 1572K(1664K)->1572K(1664K) Class: 124K(192K)->124K(192K)
[2024-10-11T04:35:42.068+0800][info] GC(629) Pause Young (Normal) (G1 Evacuation Pause) 90M->90M(128M) 1.236ms
[2024-10-11T04:35:42.068+0800][info] GC(629) User=0.00s Sys=0.00s Real=0.00s
[2024-10-11T04:35:42.170+0800][info] GC(630) Pause Young (Concurrent Start) (G1 Evacuation Pause)
[2024-10-11T04:35:42.170+0800][info] GC(630) Using 3 workers of 48 for evacuation
[2024-10-11T04:35:42.171+0800][info] GC(630)   Pre Evacuate Collection Set: 0.1ms
[2024-10-11T04:35:42.171+0800][info] GC(630)   Merge Heap Roots: 0.0ms
[2024-10-11T04:35:42.171+0800][info] GC(630)   Evacuate Collection Set: 0.7ms
[2024-10-11T04:35:42.171+0800][info] GC(630)   Post Evacuate Collection Set: 0.2ms
[2024-10-11T04:35:42.171+0800][info] GC(630)   Other: 0.4ms
[2024-10-11T04:35:42.171+0800][info] GC(630) Eden regions: 2->0(2)
[2024-10-11T04:35:42.171+0800][info] GC(630) Survivor regions: 1->1(1)
[2024-10-11T04:35:42.171+0800][info] GC(630) Old regions: 47->49
[2024-10-11T04:35:42.171+0800][info] GC(630) Archive regions: 2->2
[2024-10-11T04:35:42.171+0800][info] GC(630) Humongous regions: 3->3
[2024-10-11T04:35:42.171+0800][info] GC(630) Metaspace: 1696K(1856K)->1696K(1856K) NonClass: 1572K(1664K)->1572K(1664K) Class: 124K(192K)->124K(192K)
[2024-10-11T04:35:42.171+0800][info] GC(630) Pause Young (Concurrent Start) (G1 Evacuation Pause) 94M->94M(128M) 1.435ms
[2024-10-11T04:35:42.171+0800][info] GC(630) User=0.00s Sys=0.00s Real=0.00s
[2024-10-11T04:35:42.171+0800][info] GC(631) Concurrent Mark Cycle
[2024-10-11T04:35:42.171+0800][info] GC(631) Concurrent Clear Claimed Marks
[2024-10-11T04:35:42.171+0800][info] GC(631) Concurrent Clear Claimed Marks 0.017ms
[2024-10-11T04:35:42.171+0800][info] GC(631) Concurrent Scan Root Regions
[2024-10-11T04:35:42.171+0800][info] GC(631) Concurrent Scan Root Regions 0.172ms
[2024-10-11T04:35:42.171+0800][info] GC(631) Concurrent Mark
[2024-10-11T04:35:42.171+0800][info] GC(631) Concurrent Mark From Roots
[2024-10-11T04:35:42.171+0800][info] GC(631) Using 12 workers of 12 for marking
[2024-10-11T04:35:42.175+0800][info] GC(631) Concurrent Mark From Roots 3.995ms
[2024-10-11T04:35:42.175+0800][info] GC(631) Concurrent Preclean
[2024-10-11T04:35:42.177+0800][info] GC(631) Concurrent Preclean 1.703ms
[2024-10-11T04:35:42.177+0800][info] GC(631) Pause Remark
[2024-10-11T04:35:42.179+0800][info] GC(631) Pause Remark 94M->94M(128M) 1.619ms
[2024-10-11T04:35:42.179+0800][info] GC(631) User=0.00s Sys=0.00s Real=0.00s
[2024-10-11T04:35:42.179+0800][info] GC(631) Concurrent Mark 7.573ms
[2024-10-11T04:35:42.179+0800][info] GC(631) Concurrent Rebuild Remembered Sets
[2024-10-11T04:35:42.180+0800][info] GC(631) Concurrent Rebuild Remembered Sets 1.338ms
[2024-10-11T04:35:42.181+0800][info] GC(631) Pause Cleanup
[2024-10-11T04:35:42.181+0800][info] GC(631) Pause Cleanup 94M->94M(128M) 0.226ms
[2024-10-11T04:35:42.181+0800][info] GC(631) User=0.00s Sys=0.00s Real=0.00s
[2024-10-11T04:35:42.181+0800][info] GC(631) Concurrent Cleanup for Next Mark
[2024-10-11T04:35:42.181+0800][info] GC(631) Concurrent Cleanup for Next Mark 0.422ms
[2024-10-11T04:35:42.181+0800][info] GC(631) Concurrent Mark Cycle 10.117ms
[2024-10-11T04:35:42.324+0800][info] GC(632) Pause Young (Prepare Mixed) (G1 Evacuation Pause)
[2024-10-11T04:35:42.324+0800][info] GC(632) Using 3 workers of 48 for evacuation
[2024-10-11T04:35:42.325+0800][info] GC(632)   Pre Evacuate Collection Set: 0.1ms
[2024-10-11T04:35:42.325+0800][info] GC(632)   Merge Heap Roots: 0.1ms
[2024-10-11T04:35:42.325+0800][info] GC(632)   Evacuate Collection Set: 0.8ms
[2024-10-11T04:35:42.325+0800][info] GC(632)   Post Evacuate Collection Set: 0.2ms
[2024-10-11T04:35:42.325+0800][info] GC(632)   Other: 0.2ms
[2024-10-11T04:35:42.325+0800][info] GC(632) Eden regions: 2->0(2)
[2024-10-11T04:35:42.325+0800][info] GC(632) Survivor regions: 1->1(1)
[2024-10-11T04:35:42.325+0800][info] GC(632) Old regions: 49->51
[2024-10-11T04:35:42.325+0800][info] GC(632) Archive regions: 2->2
[2024-10-11T04:35:42.325+0800][info] GC(632) Humongous regions: 3->3
[2024-10-11T04:35:42.325+0800][info] GC(632) Metaspace: 1696K(1856K)->1696K(1856K) NonClass: 1572K(1664K)->1572K(1664K) Class: 124K(192K)->124K(192K)
[2024-10-11T04:35:42.326+0800][info] GC(632) Pause Young (Prepare Mixed) (G1 Evacuation Pause) 97M->98M(128M) 1.468ms
[2024-10-11T04:35:42.326+0800][info] GC(632) User=0.00s Sys=0.00s Real=0.01s
[2024-10-11T04:35:42.427+0800][info] GC(633) Pause Young (Mixed) (G1 Preventive Collection)
[2024-10-11T04:35:42.427+0800][info] GC(633) Using 3 workers of 48 for evacuation
[2024-10-11T04:35:42.430+0800][info] GC(633)   Pre Evacuate Collection Set: 0.1ms
[2024-10-11T04:35:42.430+0800][info] GC(633)   Merge Heap Roots: 0.1ms
[2024-10-11T04:35:42.430+0800][info] GC(633)   Evacuate Collection Set: 1.6ms
[2024-10-11T04:35:42.430+0800][info] GC(633)   Post Evacuate Collection Set: 0.2ms
[2024-10-11T04:35:42.430+0800][info] GC(633)   Other: 0.2ms
[2024-10-11T04:35:42.430+0800][info] GC(633) Eden regions: 2->0(2)
[2024-10-11T04:35:42.430+0800][info] GC(633) Survivor regions: 1->1(1)
[2024-10-11T04:35:42.430+0800][info] GC(633) Old regions: 51->48
[2024-10-11T04:35:42.430+0800][info] GC(633) Archive regions: 2->2
[2024-10-11T04:35:42.430+0800][info] GC(633) Humongous regions: 3->3
[2024-10-11T04:35:42.430+0800][info] GC(633) Metaspace: 1696K(1856K)->1696K(1856K) NonClass: 1572K(1664K)->1572K(1664K) Class: 124K(192K)->124K(192K)
[2024-10-11T04:35:42.430+0800][info] GC(633) Pause Young (Mixed) (G1 Preventive Collection) 101M->95M(128M) 2.301ms
[2024-10-11T04:35:42.430+0800][info] GC(633) User=0.00s Sys=0.00s Real=0.00s
[2024-10-11T04:35:42.532+0800][info] GC(634) Pause Young (Mixed) (G1 Evacuation Pause)
[2024-10-11T04:35:42.532+0800][info] GC(634) Using 3 workers of 48 for evacuation
[2024-10-11T04:35:42.535+0800][info] GC(634)   Pre Evacuate Collection Set: 0.1ms
[2024-10-11T04:35:42.535+0800][info] GC(634)   Merge Heap Roots: 0.1ms
[2024-10-11T04:35:42.535+0800][info] GC(634)   Evacuate Collection Set: 1.7ms
[2024-10-11T04:35:42.535+0800][info] GC(634)   Post Evacuate Collection Set: 0.2ms
[2024-10-11T04:35:42.535+0800][info] GC(634)   Other: 0.2ms
[2024-10-11T04:35:42.535+0800][info] GC(634) Eden regions: 2->0(2)
[2024-10-11T04:35:42.535+0800][info] GC(634) Survivor regions: 1->1(1)
[2024-10-11T04:35:42.535+0800][info] GC(634) Old regions: 48->46
[2024-10-11T04:35:42.535+0800][info] GC(634) Archive regions: 2->2
[2024-10-11T04:35:42.535+0800][info] GC(634) Humongous regions: 3->3
[2024-10-11T04:35:42.535+0800][info] GC(634) Metaspace: 1696K(1856K)->1696K(1856K) NonClass: 1572K(1664K)->1572K(1664K) Class: 124K(192K)->124K(192K)
[2024-10-11T04:35:42.535+0800][info] GC(634) Pause Young (Mixed) (G1 Evacuation Pause) 98M->95M(128M) 2.440ms
[2024-10-11T04:35:42.535+0800][info] GC(634) User=0.01s Sys=0.00s Real=0.01s
[2024-10-11T04:35:42.637+0800][info] GC(635) Pause Young (Mixed) (G1 Evacuation Pause)
[2024-10-11T04:35:42.637+0800][info] GC(635) Using 3 workers of 48 for evacuation
[2024-10-11T04:35:42.639+0800][info] GC(635)   Pre Evacuate Collection Set: 0.1ms
[2024-10-11T04:35:42.639+0800][info] GC(635)   Merge Heap Roots: 0.1ms
[2024-10-11T04:35:42.639+0800][info] GC(635)   Evacuate Collection Set: 1.7ms
[2024-10-11T04:35:42.639+0800][info] GC(635)   Post Evacuate Collection Set: 0.2ms
[2024-10-11T04:35:42.639+0800][info] GC(635)   Other: 0.1ms
[2024-10-11T04:35:42.639+0800][info] GC(635) Eden regions: 2->0(2)
[2024-10-11T04:35:42.639+0800][info] GC(635) Survivor regions: 1->1(1)
[2024-10-11T04:35:42.639+0800][info] GC(635) Old regions: 46->45
[2024-10-11T04:35:42.639+0800][info] GC(635) Archive regions: 2->2
[2024-10-11T04:35:42.639+0800][info] GC(635) Humongous regions: 3->3
[2024-10-11T04:35:42.639+0800][info] GC(635) Metaspace: 1696K(1856K)->1696K(1856K) NonClass: 1572K(1664K)->1572K(1664K) Class: 124K(192K)->124K(192K)
[2024-10-11T04:35:42.639+0800][info] GC(635) Pause Young (Mixed) (G1 Evacuation Pause) 99M->94M(128M) 2.383ms
[2024-10-11T04:35:42.639+0800][info] GC(635) User=0.01s Sys=0.00s Real=0.00s
[2024-10-11T04:35:42.741+0800][info] GC(636) Pause Young (Mixed) (G1 Evacuation Pause)
[2024-10-11T04:35:42.741+0800][info] GC(636) Using 3 workers of 48 for evacuation
[2024-10-11T04:35:42.744+0800][info] GC(636)   Pre Evacuate Collection Set: 0.1ms
[2024-10-11T04:35:42.744+0800][info] GC(636)   Merge Heap Roots: 0.1ms
[2024-10-11T04:35:42.744+0800][info] GC(636)   Evacuate Collection Set: 1.9ms
[2024-10-11T04:35:42.744+0800][info] GC(636)   Post Evacuate Collection Set: 0.2ms
[2024-10-11T04:35:42.744+0800][info] GC(636)   Other: 0.2ms
[2024-10-11T04:35:42.744+0800][info] GC(636) Eden regions: 2->0(2)
[2024-10-11T04:35:42.744+0800][info] GC(636) Survivor regions: 1->1(1)
[2024-10-11T04:35:42.744+0800][info] GC(636) Old regions: 45->44
[2024-10-11T04:35:42.744+0800][info] GC(636) Archive regions: 2->2
[2024-10-11T04:35:42.744+0800][info] GC(636) Humongous regions: 3->3
[2024-10-11T04:35:42.744+0800][info] GC(636) Metaspace: 1696K(1856K)->1696K(1856K) NonClass: 1572K(1664K)->1572K(1664K) Class: 124K(192K)->124K(192K)
[2024-10-11T04:35:42.744+0800][info] GC(636) Pause Young (Mixed) (G1 Evacuation Pause) 98M->94M(128M) 2.579ms
[2024-10-11T04:35:42.744+0800][info] GC(636) User=0.00s Sys=0.00s Real=0.00s
[2024-10-11T04:35:42.846+0800][info] GC(637) Pause Young (Normal) (G1 Evacuation Pause)
[2024-10-11T04:35:42.846+0800][info] GC(637) Using 3 workers of 48 for evacuation
[2024-10-11T04:35:42.847+0800][info] GC(637)   Pre Evacuate Collection Set: 0.1ms
[2024-10-11T04:35:42.847+0800][info] GC(637)   Merge Heap Roots: 0.0ms
[2024-10-11T04:35:42.847+0800][info] GC(637)   Evacuate Collection Set: 0.7ms
[2024-10-11T04:35:42.847+0800][info] GC(637)   Post Evacuate Collection Set: 0.2ms
[2024-10-11T04:35:42.847+0800][info] GC(637)   Other: 0.2ms
[2024-10-11T04:35:42.847+0800][info] GC(637) Eden regions: 2->0(2)
[2024-10-11T04:35:42.847+0800][info] GC(637) Survivor regions: 1->1(1)
[2024-10-11T04:35:42.847+0800][info] GC(637) Old regions: 44->46
[2024-10-11T04:35:42.847+0800][info] GC(637) Archive regions: 2->2
[2024-10-11T04:35:42.847+0800][info] GC(637) Humongous regions: 3->3
[2024-10-11T04:35:42.847+0800][info] GC(637) Metaspace: 1696K(1856K)->1696K(1856K) NonClass: 1572K(1664K)->1572K(1664K) Class: 124K(192K)->124K(192K)
[2024-10-11T04:35:42.847+0800][info] GC(637) Pause Young (Normal) (G1 Evacuation Pause) 97M->97M(128M) 1.358ms
[2024-10-11T04:35:42.847+0800][info] GC(637) User=0.00s Sys=0.00s Real=0.00s
[2024-10-11T04:35:42.888+0800][info] GC(638) Pause Young (Concurrent Start) (G1 Humongous Allocation)
[2024-10-11T04:35:42.888+0800][info] GC(638) Using 3 workers of 48 for evacuation
[2024-10-11T04:35:42.889+0800][info] GC(638)   Pre Evacuate Collection Set: 0.1ms
[2024-10-11T04:35:42.889+0800][info] GC(638)   Merge Heap Roots: 0.0ms
[2024-10-11T04:35:42.889+0800][info] GC(638)   Evacuate Collection Set: 0.6ms
[2024-10-11T04:35:42.889+0800][info] GC(638)   Post Evacuate Collection Set: 0.2ms
[2024-10-11T04:35:42.889+0800][info] GC(638)   Other: 0.4ms
[2024-10-11T04:35:42.889+0800][info] GC(638) Eden regions: 1->0(2)
[2024-10-11T04:35:42.889+0800][info] GC(638) Survivor regions: 1->1(1)
[2024-10-11T04:35:42.889+0800][info] GC(638) Old regions: 46->47
[2024-10-11T04:35:42.890+0800][info] GC(638) Archive regions: 2->2
[2024-10-11T04:35:42.890+0800][info] GC(638) Humongous regions: 3->3
[2024-10-11T04:35:42.890+0800][info] GC(638) Metaspace: 1696K(1856K)->1696K(1856K) NonClass: 1572K(1664K)->1572K(1664K) Class: 124K(192K)->124K(192K)
[2024-10-11T04:35:42.890+0800][info] GC(638) Pause Young (Concurrent Start) (G1 Humongous Allocation) 99M->99M(128M) 1.404ms
[2024-10-11T04:35:42.890+0800][info] GC(638) User=0.00s Sys=0.01s Real=0.00s
[2024-10-11T04:35:42.890+0800][info] GC(639) Concurrent Mark Cycle
[2024-10-11T04:35:42.890+0800][info] GC(639) Concurrent Clear Claimed Marks
[2024-10-11T04:35:42.890+0800][info] GC(639) Concurrent Clear Claimed Marks 0.016ms
[2024-10-11T04:35:42.890+0800][info] GC(639) Concurrent Scan Root Regions
[2024-10-11T04:35:42.890+0800][info] GC(639) Concurrent Scan Root Regions 0.095ms
[2024-10-11T04:35:42.890+0800][info] GC(639) Concurrent Mark
[2024-10-11T04:35:42.890+0800][info] GC(639) Concurrent Mark From Roots
[2024-10-11T04:35:42.890+0800][info] GC(639) Using 12 workers of 12 for marking
[2024-10-11T04:35:42.894+0800][info] GC(639) Concurrent Mark From Roots 3.641ms
[2024-10-11T04:35:42.894+0800][info] GC(639) Concurrent Preclean
[2024-10-11T04:35:42.895+0800][info] GC(639) Concurrent Preclean 1.704ms
[2024-10-11T04:35:42.895+0800][info] GC(639) Pause Remark
[2024-10-11T04:35:42.897+0800][info] GC(639) Pause Remark 101M->101M(128M) 1.356ms
[2024-10-11T04:35:42.897+0800][info] GC(639) User=0.00s Sys=0.00s Real=0.00s
[2024-10-11T04:35:42.897+0800][info] GC(639) Concurrent Mark 6.952ms
[2024-10-11T04:35:42.897+0800][info] GC(639) Concurrent Rebuild Remembered Sets
[2024-10-11T04:35:42.898+0800][info] GC(639) Concurrent Rebuild Remembered Sets 1.471ms
[2024-10-11T04:35:42.898+0800][info] GC(639) Pause Cleanup
[2024-10-11T04:35:42.899+0800][info] GC(639) Pause Cleanup 101M->101M(128M) 0.251ms
[2024-10-11T04:35:42.899+0800][info] GC(639) User=0.00s Sys=0.00s Real=0.00s
[2024-10-11T04:35:42.899+0800][info] GC(639) Concurrent Cleanup for Next Mark
[2024-10-11T04:35:42.899+0800][info] GC(639) Concurrent Cleanup for Next Mark 0.401ms
[2024-10-11T04:35:42.899+0800][info] GC(639) Concurrent Mark Cycle 9.552ms
[2024-10-11T04:35:43.063+0800][info] GC(640) Pause Young (Prepare Mixed) (G1 Evacuation Pause)
[2024-10-11T04:35:43.063+0800][info] GC(640) Using 3 workers of 48 for evacuation
[2024-10-11T04:35:43.064+0800][info] GC(640)   Pre Evacuate Collection Set: 0.1ms
[2024-10-11T04:35:43.064+0800][info] GC(640)   Merge Heap Roots: 0.1ms
[2024-10-11T04:35:43.064+0800][info] GC(640)   Evacuate Collection Set: 0.9ms
[2024-10-11T04:35:43.064+0800][info] GC(640)   Post Evacuate Collection Set: 0.2ms
[2024-10-11T04:35:43.065+0800][info] GC(640)   Other: 0.2ms
[2024-10-11T04:35:43.065+0800][info] GC(640) Eden regions: 2->0(2)
[2024-10-11T04:35:43.065+0800][info] GC(640) Survivor regions: 1->1(1)
[2024-10-11T04:35:43.065+0800][info] GC(640) Old regions: 47->49
[2024-10-11T04:35:43.065+0800][info] GC(640) Archive regions: 2->2
[2024-10-11T04:35:43.065+0800][info] GC(640) Humongous regions: 4->3
[2024-10-11T04:35:43.065+0800][info] GC(640) Metaspace: 1696K(1856K)->1696K(1856K) NonClass: 1572K(1664K)->1572K(1664K) Class: 124K(192K)->124K(192K)
[2024-10-11T04:35:43.065+0800][info] GC(640) Pause Young (Prepare Mixed) (G1 Evacuation Pause) 105M->104M(128M) 1.521ms
[2024-10-11T04:35:43.065+0800][info] GC(640) User=0.00s Sys=0.01s Real=0.00s
[2024-10-11T04:35:43.167+0800][info] GC(641) Pause Young (Mixed) (G1 Evacuation Pause)
[2024-10-11T04:35:43.167+0800][info] GC(641) Using 3 workers of 48 for evacuation
[2024-10-11T04:35:43.169+0800][info] GC(641)   Pre Evacuate Collection Set: 0.1ms
[2024-10-11T04:35:43.169+0800][info] GC(641)   Merge Heap Roots: 0.0ms
[2024-10-11T04:35:43.169+0800][info] GC(641)   Evacuate Collection Set: 2.3ms
[2024-10-11T04:35:43.169+0800][info] GC(641)   Post Evacuate Collection Set: 0.2ms
[2024-10-11T04:35:43.169+0800][info] GC(641)   Other: 0.2ms
[2024-10-11T04:35:43.169+0800][info] GC(641) Eden regions: 2->0(2)
[2024-10-11T04:35:43.169+0800][info] GC(641) Survivor regions: 1->1(1)
[2024-10-11T04:35:43.169+0800][info] GC(641) Old regions: 49->47
[2024-10-11T04:35:43.169+0800][info] GC(641) Archive regions: 2->2
[2024-10-11T04:35:43.169+0800][info] GC(641) Humongous regions: 3->3
[2024-10-11T04:35:43.170+0800][info] GC(641) Metaspace: 1696K(1856K)->1696K(1856K) NonClass: 1572K(1664K)->1572K(1664K) Class: 124K(192K)->124K(192K)
[2024-10-11T04:35:43.170+0800][info] GC(641) Pause Young (Mixed) (G1 Evacuation Pause) 107M->100M(128M) 3.025ms
[2024-10-11T04:35:43.170+0800][info] GC(641) User=0.01s Sys=0.00s Real=0.00s
[2024-10-11T04:35:43.271+0800][info] GC(642) Pause Young (Mixed) (G1 Evacuation Pause)
[2024-10-11T04:35:43.271+0800][info] GC(642) Using 3 workers of 48 for evacuation
[2024-10-11T04:35:43.274+0800][info] GC(642)   Pre Evacuate Collection Set: 0.1ms
[2024-10-11T04:35:43.274+0800][info] GC(642)   Merge Heap Roots: 0.1ms
[2024-10-11T04:35:43.274+0800][info] GC(642)   Evacuate Collection Set: 2.0ms
[2024-10-11T04:35:43.274+0800][info] GC(642)   Post Evacuate Collection Set: 0.2ms
[2024-10-11T04:35:43.274+0800][info] GC(642)   Other: 0.2ms
[2024-10-11T04:35:43.274+0800][info] GC(642) Eden regions: 2->0(2)
[2024-10-11T04:35:43.274+0800][info] GC(642) Survivor regions: 1->1(1)
[2024-10-11T04:35:43.274+0800][info] GC(642) Old regions: 47->47
[2024-10-11T04:35:43.274+0800][info] GC(642) Archive regions: 2->2
[2024-10-11T04:35:43.274+0800][info] GC(642) Humongous regions: 3->3
[2024-10-11T04:35:43.274+0800][info] GC(642) Metaspace: 1696K(1856K)->1696K(1856K) NonClass: 1572K(1664K)->1572K(1664K) Class: 124K(192K)->124K(192K)
[2024-10-11T04:35:43.274+0800][info] GC(642) Pause Young (Mixed) (G1 Evacuation Pause) 104M->99M(128M) 2.675ms
[2024-10-11T04:35:43.274+0800][info] GC(642) User=0.01s Sys=0.00s Real=0.01s
[2024-10-11T04:35:43.376+0800][info] GC(643) Pause Young (Mixed) (G1 Evacuation Pause)
[2024-10-11T04:35:43.376+0800][info] GC(643) Using 3 workers of 48 for evacuation
[2024-10-11T04:35:43.379+0800][info] GC(643)   Pre Evacuate Collection Set: 0.2ms
[2024-10-11T04:35:43.379+0800][info] GC(643)   Merge Heap Roots: 0.1ms
[2024-10-11T04:35:43.379+0800][info] GC(643)   Evacuate Collection Set: 2.1ms
[2024-10-11T04:35:43.379+0800][info] GC(643)   Post Evacuate Collection Set: 0.2ms
[2024-10-11T04:35:43.379+0800][info] GC(643)   Other: 0.2ms
[2024-10-11T04:35:43.379+0800][info] GC(643) Eden regions: 2->0(2)
[2024-10-11T04:35:43.379+0800][info] GC(643) Survivor regions: 1->1(1)
[2024-10-11T04:35:43.379+0800][info] GC(643) Old regions: 47->46
[2024-10-11T04:35:43.379+0800][info] GC(643) Archive regions: 2->2
[2024-10-11T04:35:43.379+0800][info] GC(643) Humongous regions: 3->3
[2024-10-11T04:35:43.379+0800][info] GC(643) Metaspace: 1696K(1856K)->1696K(1856K) NonClass: 1572K(1664K)->1572K(1664K) Class: 124K(192K)->124K(192K)
[2024-10-11T04:35:43.379+0800][info] GC(643) Pause Young (Mixed) (G1 Evacuation Pause) 103M->98M(128M) 2.884ms
[2024-10-11T04:35:43.379+0800][info] GC(643) User=0.01s Sys=0.00s Real=0.00s
[2024-10-11T04:35:43.480+0800][info] GC(644) Pause Young (Mixed) (G1 Evacuation Pause)
[2024-10-11T04:35:43.481+0800][info] GC(644) Using 3 workers of 48 for evacuation
[2024-10-11T04:35:43.483+0800][info] GC(644)   Pre Evacuate Collection Set: 0.1ms
[2024-10-11T04:35:43.483+0800][info] GC(644)   Merge Heap Roots: 0.1ms
[2024-10-11T04:35:43.483+0800][info] GC(644)   Evacuate Collection Set: 1.6ms
[2024-10-11T04:35:43.483+0800][info] GC(644)   Post Evacuate Collection Set: 0.2ms
[2024-10-11T04:35:43.483+0800][info] GC(644)   Other: 0.1ms
[2024-10-11T04:35:43.483+0800][info] GC(644) Eden regions: 2->0(2)
[2024-10-11T04:35:43.483+0800][info] GC(644) Survivor regions: 1->1(1)
[2024-10-11T04:35:43.483+0800][info] GC(644) Old regions: 46->46
[2024-10-11T04:35:43.483+0800][info] GC(644) Archive regions: 2->2
[2024-10-11T04:35:43.483+0800][info] GC(644) Humongous regions: 3->3
[2024-10-11T04:35:43.483+0800][info] GC(644) Metaspace: 1696K(1856K)->1696K(1856K) NonClass: 1572K(1664K)->1572K(1664K) Class: 124K(192K)->124K(192K)
[2024-10-11T04:35:43.483+0800][info] GC(644) Pause Young (Mixed) (G1 Evacuation Pause) 101M->98M(128M) 2.227ms
[2024-10-11T04:35:43.483+0800][info] GC(644) User=0.00s Sys=0.00s Real=0.00s
[2024-10-11T04:35:43.585+0800][info] GC(645) Pause Young (Normal) (G1 Evacuation Pause)
[2024-10-11T04:35:43.585+0800][info] GC(645) Using 3 workers of 48 for evacuation
[2024-10-11T04:35:43.586+0800][info] GC(645)   Pre Evacuate Collection Set: 0.1ms
[2024-10-11T04:35:43.586+0800][info] GC(645)   Merge Heap Roots: 0.0ms
[2024-10-11T04:35:43.586+0800][info] GC(645)   Evacuate Collection Set: 0.7ms
[2024-10-11T04:35:43.586+0800][info] GC(645)   Post Evacuate Collection Set: 0.2ms
[2024-10-11T04:35:43.586+0800][info] GC(645)   Other: 0.2ms
[2024-10-11T04:35:43.586+0800][info] GC(645) Eden regions: 2->0(2)
[2024-10-11T04:35:43.586+0800][info] GC(645) Survivor regions: 1->1(1)
[2024-10-11T04:35:43.586+0800][info] GC(645) Old regions: 46->48
[2024-10-11T04:35:43.586+0800][info] GC(645) Archive regions: 2->2
[2024-10-11T04:35:43.586+0800][info] GC(645) Humongous regions: 3->3
[2024-10-11T04:35:43.586+0800][info] GC(645) Metaspace: 1696K(1856K)->1696K(1856K) NonClass: 1572K(1664K)->1572K(1664K) Class: 124K(192K)->124K(192K)
[2024-10-11T04:35:43.586+0800][info] GC(645) Pause Young (Normal) (G1 Evacuation Pause) 102M->102M(128M) 1.270ms
[2024-10-11T04:35:43.586+0800][info] GC(645) User=0.01s Sys=0.00s Real=0.01s
[2024-10-11T04:35:43.688+0800][info] GC(646) Pause Young (Normal) (G1 Evacuation Pause)
[2024-10-11T04:35:43.688+0800][info] GC(646) Using 3 workers of 48 for evacuation
[2024-10-11T04:35:43.689+0800][info] GC(646)   Pre Evacuate Collection Set: 0.1ms
[2024-10-11T04:35:43.689+0800][info] GC(646)   Merge Heap Roots: 0.0ms
[2024-10-11T04:35:43.689+0800][info] GC(646)   Evacuate Collection Set: 0.6ms
[2024-10-11T04:35:43.689+0800][info] GC(646)   Post Evacuate Collection Set: 0.2ms
[2024-10-11T04:35:43.689+0800][info] GC(646)   Other: 0.3ms
[2024-10-11T04:35:43.689+0800][info] GC(646) Eden regions: 2->0(2)
[2024-10-11T04:35:43.689+0800][info] GC(646) Survivor regions: 1->1(1)
[2024-10-11T04:35:43.689+0800][info] GC(646) Old regions: 48->49
[2024-10-11T04:35:43.689+0800][info] GC(646) Archive regions: 2->2
[2024-10-11T04:35:43.689+0800][info] GC(646) Humongous regions: 3->3
[2024-10-11T04:35:43.689+0800][info] GC(646) Metaspace: 1696K(1856K)->1696K(1856K) NonClass: 1572K(1664K)->1572K(1664K) Class: 124K(192K)->124K(192K)
[2024-10-11T04:35:43.689+0800][info] GC(646) Pause Young (Normal) (G1 Evacuation Pause) 105M->105M(128M) 1.289ms
[2024-10-11T04:35:43.689+0800][info] GC(646) User=0.00s Sys=0.00s Real=0.00s
[2024-10-11T04:35:43.791+0800][info] GC(647) Pause Young (Concurrent Start) (G1 Evacuation Pause)
[2024-10-11T04:35:43.791+0800][info] GC(647) Using 3 workers of 48 for evacuation
[2024-10-11T04:35:43.792+0800][info] GC(647)   Pre Evacuate Collection Set: 0.1ms
[2024-10-11T04:35:43.792+0800][info] GC(647)   Merge Heap Roots: 0.0ms
[2024-10-11T04:35:43.792+0800][info] GC(647)   Evacuate Collection Set: 0.7ms
[2024-10-11T04:35:43.792+0800][info] GC(647)   Post Evacuate Collection Set: 0.2ms
[2024-10-11T04:35:43.792+0800][info] GC(647)   Other: 0.3ms
[2024-10-11T04:35:43.792+0800][info] GC(647) Eden regions: 2->0(2)
[2024-10-11T04:35:43.792+0800][info] GC(647) Survivor regions: 1->1(1)
[2024-10-11T04:35:43.792+0800][info] GC(647) Old regions: 49->51
[2024-10-11T04:35:43.792+0800][info] GC(647) Archive regions: 2->2
[2024-10-11T04:35:43.792+0800][info] GC(647) Humongous regions: 3->3
[2024-10-11T04:35:43.792+0800][info] GC(647) Metaspace: 1696K(1856K)->1696K(1856K) NonClass: 1572K(1664K)->1572K(1664K) Class: 124K(192K)->124K(192K)
[2024-10-11T04:35:43.792+0800][info] GC(647) Pause Young (Concurrent Start) (G1 Evacuation Pause) 108M->109M(128M) 1.470ms
[2024-10-11T04:35:43.792+0800][info] GC(647) User=0.01s Sys=0.00s Real=0.00s
[2024-10-11T04:35:43.792+0800][info] GC(648) Concurrent Mark Cycle
[2024-10-11T04:35:43.792+0800][info] GC(648) Concurrent Clear Claimed Marks
[2024-10-11T04:35:43.792+0800][info] GC(648) Concurrent Clear Claimed Marks 0.017ms
[2024-10-11T04:35:43.792+0800][info] GC(648) Concurrent Scan Root Regions
[2024-10-11T04:35:43.793+0800][info] GC(648) Concurrent Scan Root Regions 0.149ms
[2024-10-11T04:35:43.793+0800][info] GC(648) Concurrent Mark
[2024-10-11T04:35:43.793+0800][info] GC(648) Concurrent Mark From Roots
[2024-10-11T04:35:43.793+0800][info] GC(648) Using 12 workers of 12 for marking
[2024-10-11T04:35:43.796+0800][info] GC(648) Concurrent Mark From Roots 3.753ms
[2024-10-11T04:35:43.796+0800][info] GC(648) Concurrent Preclean
[2024-10-11T04:35:43.798+0800][info] GC(648) Concurrent Preclean 1.743ms
[2024-10-11T04:35:43.798+0800][info] GC(648) Pause Remark
[2024-10-11T04:35:43.800+0800][info] GC(648) Pause Remark 109M->109M(128M) 1.525ms
[2024-10-11T04:35:43.800+0800][info] GC(648) User=0.00s Sys=0.00s Real=0.00s
[2024-10-11T04:35:43.800+0800][info] GC(648) Concurrent Mark 7.351ms
[2024-10-11T04:35:43.800+0800][info] GC(648) Concurrent Rebuild Remembered Sets
[2024-10-11T04:35:43.801+0800][info] GC(648) Concurrent Rebuild Remembered Sets 1.493ms
[2024-10-11T04:35:43.802+0800][info] GC(648) Pause Cleanup
[2024-10-11T04:35:43.802+0800][info] GC(648) Pause Cleanup 109M->109M(128M) 0.255ms
[2024-10-11T04:35:43.802+0800][info] GC(648) User=0.00s Sys=0.00s Real=0.00s
[2024-10-11T04:35:43.802+0800][info] GC(648) Concurrent Cleanup for Next Mark
[2024-10-11T04:35:43.802+0800][info] GC(648) Concurrent Cleanup for Next Mark 0.370ms
[2024-10-11T04:35:43.802+0800][info] GC(648) Concurrent Mark Cycle 10.016ms
[2024-10-11T04:35:43.945+0800][info] GC(649) Pause Young (Prepare Mixed) (G1 Evacuation Pause)
[2024-10-11T04:35:43.945+0800][info] GC(649) Using 3 workers of 48 for evacuation
[2024-10-11T04:35:43.946+0800][info] GC(649)   Pre Evacuate Collection Set: 0.1ms
[2024-10-11T04:35:43.946+0800][info] GC(649)   Merge Heap Roots: 0.1ms
[2024-10-11T04:35:43.946+0800][info] GC(649)   Evacuate Collection Set: 0.9ms
[2024-10-11T04:35:43.946+0800][info] GC(649)   Post Evacuate Collection Set: 0.2ms
[2024-10-11T04:35:43.946+0800][info] GC(649)   Other: 0.2ms
[2024-10-11T04:35:43.946+0800][info] GC(649) Eden regions: 2->0(2)
[2024-10-11T04:35:43.946+0800][info] GC(649) Survivor regions: 1->1(1)
[2024-10-11T04:35:43.946+0800][info] GC(649) Old regions: 51->53
[2024-10-11T04:35:43.946+0800][info] GC(649) Archive regions: 2->2
[2024-10-11T04:35:43.946+0800][info] GC(649) Humongous regions: 3->3
[2024-10-11T04:35:43.946+0800][info] GC(649) Metaspace: 1696K(1856K)->1696K(1856K) NonClass: 1572K(1664K)->1572K(1664K) Class: 124K(192K)->124K(192K)
[2024-10-11T04:35:43.946+0800][info] GC(649) Pause Young (Prepare Mixed) (G1 Evacuation Pause) 112M->112M(128M) 1.534ms
[2024-10-11T04:35:43.946+0800][info] GC(649) User=0.00s Sys=0.00s Real=0.01s
[2024-10-11T04:35:44.007+0800][info] GC(650) Pause Young (Mixed) (G1 Preventive Collection)
[2024-10-11T04:35:44.007+0800][info] GC(650) Using 3 workers of 48 for evacuation
[2024-10-11T04:35:44.009+0800][info] GC(650)   Pre Evacuate Collection Set: 0.1ms
[2024-10-11T04:35:44.009+0800][info] GC(650)   Merge Heap Roots: 0.0ms
[2024-10-11T04:35:44.009+0800][info] GC(650)   Evacuate Collection Set: 1.2ms
[2024-10-11T04:35:44.009+0800][info] GC(650)   Post Evacuate Collection Set: 0.2ms
[2024-10-11T04:35:44.009+0800][info] GC(650)   Other: 0.2ms
[2024-10-11T04:35:44.009+0800][info] GC(650) Eden regions: 1->0(2)
[2024-10-11T04:35:44.009+0800][info] GC(650) Survivor regions: 1->1(1)
[2024-10-11T04:35:44.009+0800][info] GC(650) Old regions: 53->49
[2024-10-11T04:35:44.009+0800][info] GC(650) Archive regions: 2->2
[2024-10-11T04:35:44.009+0800][info] GC(650) Humongous regions: 3->3
[2024-10-11T04:35:44.009+0800][info] GC(650) Metaspace: 1696K(1856K)->1696K(1856K) NonClass: 1572K(1664K)->1572K(1664K) Class: 124K(192K)->124K(192K)
[2024-10-11T04:35:44.009+0800][info] GC(650) Pause Young (Mixed) (G1 Preventive Collection) 114M->106M(128M) 1.879ms
[2024-10-11T04:35:44.009+0800][info] GC(650) User=0.01s Sys=0.00s Real=0.00s
[2024-10-11T04:35:44.111+0800][info] GC(651) Pause Young (Mixed) (G1 Preventive Collection)
[2024-10-11T04:35:44.111+0800][info] GC(651) Using 3 workers of 48 for evacuation
[2024-10-11T04:35:44.114+0800][info] GC(651)   Pre Evacuate Collection Set: 0.1ms
[2024-10-11T04:35:44.114+0800][info] GC(651)   Merge Heap Roots: 0.1ms
[2024-10-11T04:35:44.114+0800][info] GC(651)   Evacuate Collection Set: 1.8ms
[2024-10-11T04:35:44.114+0800][info] GC(651)   Post Evacuate Collection Set: 0.2ms
[2024-10-11T04:35:44.114+0800][info] GC(651)   Other: 0.1ms
[2024-10-11T04:35:44.114+0800][info] GC(651) Eden regions: 2->0(2)
[2024-10-11T04:35:44.114+0800][info] GC(651) Survivor regions: 1->1(1)
[2024-10-11T04:35:44.114+0800][info] GC(651) Old regions: 49->48
[2024-10-11T04:35:44.114+0800][info] GC(651) Archive regions: 2->2
[2024-10-11T04:35:44.114+0800][info] GC(651) Humongous regions: 3->3
[2024-10-11T04:35:44.114+0800][info] GC(651) Metaspace: 1696K(1856K)->1696K(1856K) NonClass: 1572K(1664K)->1572K(1664K) Class: 124K(192K)->124K(192K)
[2024-10-11T04:35:44.114+0800][info] GC(651) Pause Young (Mixed) (G1 Preventive Collection) 109M->104M(128M) 2.458ms
[2024-10-11T04:35:44.114+0800][info] GC(651) User=0.01s Sys=0.00s Real=0.01s
[2024-10-11T04:35:44.215+0800][info] GC(652) Pause Young (Mixed) (G1 Evacuation Pause)
[2024-10-11T04:35:44.215+0800][info] GC(652) Using 3 workers of 48 for evacuation
[2024-10-11T04:35:44.218+0800][info] GC(652)   Pre Evacuate Collection Set: 0.1ms
[2024-10-11T04:35:44.218+0800][info] GC(652)   Merge Heap Roots: 0.1ms
[2024-10-11T04:35:44.218+0800][info] GC(652)   Evacuate Collection Set: 2.3ms
[2024-10-11T04:35:44.218+0800][info] GC(652)   Post Evacuate Collection Set: 0.2ms
[2024-10-11T04:35:44.218+0800][info] GC(652)   Other: 0.1ms
[2024-10-11T04:35:44.218+0800][info] GC(652) Eden regions: 2->0(2)
[2024-10-11T04:35:44.218+0800][info] GC(652) Survivor regions: 1->1(1)
[2024-10-11T04:35:44.218+0800][info] GC(652) Old regions: 48->46
[2024-10-11T04:35:44.218+0800][info] GC(652) Archive regions: 2->2
[2024-10-11T04:35:44.218+0800][info] GC(652) Humongous regions: 3->3
[2024-10-11T04:35:44.218+0800][info] GC(652) Metaspace: 1696K(1856K)->1696K(1856K) NonClass: 1572K(1664K)->1572K(1664K) Class: 124K(192K)->124K(192K)
[2024-10-11T04:35:44.218+0800][info] GC(652) Pause Young (Mixed) (G1 Evacuation Pause) 107M->100M(128M) 2.974ms
[2024-10-11T04:35:44.218+0800][info] GC(652) User=0.01s Sys=0.00s Real=0.00s
[2024-10-11T04:35:44.320+0800][info] GC(653) Pause Young (Mixed) (G1 Evacuation Pause)
[2024-10-11T04:35:44.320+0800][info] GC(653) Using 3 workers of 48 for evacuation
[2024-10-11T04:35:44.323+0800][info] GC(653)   Pre Evacuate Collection Set: 0.1ms
[2024-10-11T04:35:44.323+0800][info] GC(653)   Merge Heap Roots: 0.1ms
[2024-10-11T04:35:44.323+0800][info] GC(653)   Evacuate Collection Set: 1.9ms
[2024-10-11T04:35:44.323+0800][info] GC(653)   Post Evacuate Collection Set: 0.2ms
[2024-10-11T04:35:44.323+0800][info] GC(653)   Other: 0.1ms
[2024-10-11T04:35:44.323+0800][info] GC(653) Eden regions: 2->0(2)
[2024-10-11T04:35:44.323+0800][info] GC(653) Survivor regions: 1->1(1)
[2024-10-11T04:35:44.323+0800][info] GC(653) Old regions: 46->45
[2024-10-11T04:35:44.323+0800][info] GC(653) Archive regions: 2->2
[2024-10-11T04:35:44.323+0800][info] GC(653) Humongous regions: 3->3
[2024-10-11T04:35:44.323+0800][info] GC(653) Metaspace: 1696K(1856K)->1696K(1856K) NonClass: 1572K(1664K)->1572K(1664K) Class: 124K(192K)->124K(192K)
[2024-10-11T04:35:44.323+0800][info] GC(653) Pause Young (Mixed) (G1 Evacuation Pause) 104M->98M(128M) 2.550ms
[2024-10-11T04:35:44.323+0800][info] GC(653) User=0.00s Sys=0.00s Real=0.00s
[2024-10-11T04:35:44.424+0800][info] GC(654) Pause Young (Mixed) (G1 Evacuation Pause)
[2024-10-11T04:35:44.425+0800][info] GC(654) Using 3 workers of 48 for evacuation
[2024-10-11T04:35:44.426+0800][info] GC(654)   Pre Evacuate Collection Set: 0.1ms
[2024-10-11T04:35:44.426+0800][info] GC(654)   Merge Heap Roots: 0.1ms
[2024-10-11T04:35:44.426+0800][info] GC(654)   Evacuate Collection Set: 1.0ms
[2024-10-11T04:35:44.426+0800][info] GC(654)   Post Evacuate Collection Set: 0.2ms
[2024-10-11T04:35:44.426+0800][info] GC(654)   Other: 0.1ms
[2024-10-11T04:35:44.426+0800][info] GC(654) Eden regions: 2->0(2)
[2024-10-11T04:35:44.426+0800][info] GC(654) Survivor regions: 1->1(1)
[2024-10-11T04:35:44.426+0800][info] GC(654) Old regions: 45->46
[2024-10-11T04:35:44.426+0800][info] GC(654) Archive regions: 2->2
[2024-10-11T04:35:44.426+0800][info] GC(654) Humongous regions: 3->3
[2024-10-11T04:35:44.426+0800][info] GC(654) Metaspace: 1696K(1856K)->1696K(1856K) NonClass: 1572K(1664K)->1572K(1664K) Class: 124K(192K)->124K(192K)
[2024-10-11T04:35:44.426+0800][info] GC(654) Pause Young (Mixed) (G1 Evacuation Pause) 101M->100M(128M) 1.655ms
[2024-10-11T04:35:44.426+0800][info] GC(654) User=0.00s Sys=0.00s Real=0.01s
[2024-10-11T04:35:44.528+0800][info] GC(655) Pause Young (Normal) (G1 Evacuation Pause)
[2024-10-11T04:35:44.528+0800][info] GC(655) Using 3 workers of 48 for evacuation
[2024-10-11T04:35:44.529+0800][info] GC(655)   Pre Evacuate Collection Set: 0.1ms
[2024-10-11T04:35:44.529+0800][info] GC(655)   Merge Heap Roots: 0.0ms
[2024-10-11T04:35:44.529+0800][info] GC(655)   Evacuate Collection Set: 0.7ms
[2024-10-11T04:35:44.529+0800][info] GC(655)   Post Evacuate Collection Set: 0.2ms
[2024-10-11T04:35:44.529+0800][info] GC(655)   Other: 0.2ms
[2024-10-11T04:35:44.529+0800][info] GC(655) Eden regions: 2->0(2)
[2024-10-11T04:35:44.529+0800][info] GC(655) Survivor regions: 1->1(1)
[2024-10-11T04:35:44.529+0800][info] GC(655) Old regions: 46->47
[2024-10-11T04:35:44.529+0800][info] GC(655) Archive regions: 2->2
[2024-10-11T04:35:44.529+0800][info] GC(655) Humongous regions: 3->3
[2024-10-11T04:35:44.529+0800][info] GC(655) Metaspace: 1696K(1856K)->1696K(1856K) NonClass: 1572K(1664K)->1572K(1664K) Class: 124K(192K)->124K(192K)
[2024-10-11T04:35:44.529+0800][info] GC(655) Pause Young (Normal) (G1 Evacuation Pause) 103M->103M(128M) 1.266ms
[2024-10-11T04:35:44.529+0800][info] GC(655) User=0.00s Sys=0.00s Real=0.00s
[2024-10-11T04:35:44.631+0800][info] GC(656) Pause Young (Normal) (G1 Evacuation Pause)
[2024-10-11T04:35:44.631+0800][info] GC(656) Using 3 workers of 48 for evacuation
[2024-10-11T04:35:44.632+0800][info] GC(656)   Pre Evacuate Collection Set: 0.1ms
[2024-10-11T04:35:44.632+0800][info] GC(656)   Merge Heap Roots: 0.0ms
[2024-10-11T04:35:44.632+0800][info] GC(656)   Evacuate Collection Set: 0.7ms
[2024-10-11T04:35:44.632+0800][info] GC(656)   Post Evacuate Collection Set: 0.2ms
[2024-10-11T04:35:44.632+0800][info] GC(656)   Other: 0.2ms
[2024-10-11T04:35:44.632+0800][info] GC(656) Eden regions: 2->0(2)
[2024-10-11T04:35:44.632+0800][info] GC(656) Survivor regions: 1->1(1)
[2024-10-11T04:35:44.632+0800][info] GC(656) Old regions: 47->49
[2024-10-11T04:35:44.632+0800][info] GC(656) Archive regions: 2->2
[2024-10-11T04:35:44.632+0800][info] GC(656) Humongous regions: 3->3
[2024-10-11T04:35:44.632+0800][info] GC(656) Metaspace: 1696K(1856K)->1696K(1856K) NonClass: 1572K(1664K)->1572K(1664K) Class: 124K(192K)->124K(192K)
[2024-10-11T04:35:44.632+0800][info] GC(656) Pause Young (Normal) (G1 Evacuation Pause) 106M->107M(128M) 1.263ms
[2024-10-11T04:35:44.632+0800][info] GC(656) User=0.01s Sys=0.00s Real=0.00s
[2024-10-11T04:35:44.734+0800][info] GC(657) Pause Young (Concurrent Start) (G1 Evacuation Pause)
[2024-10-11T04:35:44.734+0800][info] GC(657) Using 3 workers of 48 for evacuation
[2024-10-11T04:35:44.736+0800][info] GC(657)   Pre Evacuate Collection Set: 0.1ms
[2024-10-11T04:35:44.736+0800][info] GC(657)   Merge Heap Roots: 0.1ms
[2024-10-11T04:35:44.736+0800][info] GC(657)   Evacuate Collection Set: 0.8ms
[2024-10-11T04:35:44.736+0800][info] GC(657)   Post Evacuate Collection Set: 0.2ms
[2024-10-11T04:35:44.736+0800][info] GC(657)   Other: 0.3ms
[2024-10-11T04:35:44.736+0800][info] GC(657) Eden regions: 2->0(2)
[2024-10-11T04:35:44.736+0800][info] GC(657) Survivor regions: 1->1(1)
[2024-10-11T04:35:44.736+0800][info] GC(657) Old regions: 49->51
[2024-10-11T04:35:44.736+0800][info] GC(657) Archive regions: 2->2
[2024-10-11T04:35:44.736+0800][info] GC(657) Humongous regions: 3->3
[2024-10-11T04:35:44.736+0800][info] GC(657) Metaspace: 1696K(1856K)->1696K(1856K) NonClass: 1572K(1664K)->1572K(1664K) Class: 124K(192K)->124K(192K)
[2024-10-11T04:35:44.736+0800][info] GC(657) Pause Young (Concurrent Start) (G1 Evacuation Pause) 110M->111M(128M) 1.583ms
[2024-10-11T04:35:44.736+0800][info] GC(657) User=0.00s Sys=0.00s Real=0.00s
[2024-10-11T04:35:44.736+0800][info] GC(658) Concurrent Mark Cycle
[2024-10-11T04:35:44.736+0800][info] GC(658) Concurrent Clear Claimed Marks
[2024-10-11T04:35:44.736+0800][info] GC(658) Concurrent Clear Claimed Marks 0.017ms
[2024-10-11T04:35:44.736+0800][info] GC(658) Concurrent Scan Root Regions
[2024-10-11T04:35:44.736+0800][info] GC(658) Concurrent Scan Root Regions 0.185ms
[2024-10-11T04:35:44.736+0800][info] GC(658) Concurrent Mark
[2024-10-11T04:35:44.736+0800][info] GC(658) Concurrent Mark From Roots
[2024-10-11T04:35:44.736+0800][info] GC(658) Using 12 workers of 12 for marking
[2024-10-11T04:35:44.740+0800][info] GC(658) Concurrent Mark From Roots 3.748ms
[2024-10-11T04:35:44.740+0800][info] GC(658) Concurrent Preclean
[2024-10-11T04:35:44.742+0800][info] GC(658) Concurrent Preclean 1.738ms
[2024-10-11T04:35:44.742+0800][info] GC(658) Pause Remark
[2024-10-11T04:35:44.744+0800][info] GC(658) Pause Remark 111M->111M(128M) 1.680ms
[2024-10-11T04:35:44.744+0800][info] GC(658) User=0.00s Sys=0.00s Real=0.00s
[2024-10-11T04:35:44.744+0800][info] GC(658) Concurrent Mark 7.487ms
[2024-10-11T04:35:44.744+0800][info] GC(658) Concurrent Rebuild Remembered Sets
[2024-10-11T04:35:44.745+0800][info] GC(658) Concurrent Rebuild Remembered Sets 1.521ms
[2024-10-11T04:35:44.745+0800][info] GC(658) Pause Cleanup
[2024-10-11T04:35:44.746+0800][info] GC(658) Pause Cleanup 111M->111M(128M) 0.216ms
[2024-10-11T04:35:44.746+0800][info] GC(658) User=0.00s Sys=0.00s Real=0.00s
[2024-10-11T04:35:44.746+0800][info] GC(658) Concurrent Cleanup for Next Mark
[2024-10-11T04:35:44.746+0800][info] GC(658) Concurrent Cleanup for Next Mark 0.393ms
[2024-10-11T04:35:44.746+0800][info] GC(658) Concurrent Mark Cycle 10.177ms
[2024-10-11T04:35:44.888+0800][info] GC(659) Pause Young (Prepare Mixed) (G1 Evacuation Pause)
[2024-10-11T04:35:44.889+0800][info] GC(659) Using 3 workers of 48 for evacuation
[2024-10-11T04:35:44.890+0800][info] GC(659)   Pre Evacuate Collection Set: 0.1ms
[2024-10-11T04:35:44.890+0800][info] GC(659)   Merge Heap Roots: 0.1ms
[2024-10-11T04:35:44.890+0800][info] GC(659)   Evacuate Collection Set: 0.7ms
[2024-10-11T04:35:44.890+0800][info] GC(659)   Post Evacuate Collection Set: 0.2ms
[2024-10-11T04:35:44.890+0800][info] GC(659)   Other: 0.2ms
[2024-10-11T04:35:44.890+0800][info] GC(659) Eden regions: 2->0(2)
[2024-10-11T04:35:44.890+0800][info] GC(659) Survivor regions: 1->1(1)
[2024-10-11T04:35:44.890+0800][info] GC(659) Old regions: 51->53
[2024-10-11T04:35:44.890+0800][info] GC(659) Archive regions: 2->2
[2024-10-11T04:35:44.890+0800][info] GC(659) Humongous regions: 3->3
[2024-10-11T04:35:44.890+0800][info] GC(659) Metaspace: 1696K(1856K)->1696K(1856K) NonClass: 1572K(1664K)->1572K(1664K) Class: 124K(192K)->124K(192K)
[2024-10-11T04:35:44.890+0800][info] GC(659) Pause Young (Prepare Mixed) (G1 Evacuation Pause) 114M->114M(128M) 1.394ms
[2024-10-11T04:35:44.890+0800][info] GC(659) User=0.01s Sys=0.00s Real=0.00s
[2024-10-11T04:35:44.951+0800][info] GC(660) Pause Young (Mixed) (G1 Preventive Collection)
[2024-10-11T04:35:44.951+0800][info] GC(660) Using 3 workers of 48 for evacuation
[2024-10-11T04:35:44.953+0800][info] GC(660)   Pre Evacuate Collection Set: 0.1ms
[2024-10-11T04:35:44.953+0800][info] GC(660)   Merge Heap Roots: 0.1ms
[2024-10-11T04:35:44.953+0800][info] GC(660)   Evacuate Collection Set: 1.2ms
[2024-10-11T04:35:44.953+0800][info] GC(660)   Post Evacuate Collection Set: 0.2ms
[2024-10-11T04:35:44.953+0800][info] GC(660)   Other: 0.2ms
[2024-10-11T04:35:44.953+0800][info] GC(660) Eden regions: 1->0(2)
[2024-10-11T04:35:44.953+0800][info] GC(660) Survivor regions: 1->1(1)
[2024-10-11T04:35:44.953+0800][info] GC(660) Old regions: 53->49
[2024-10-11T04:35:44.953+0800][info] GC(660) Archive regions: 2->2
[2024-10-11T04:35:44.953+0800][info] GC(660) Humongous regions: 3->3
[2024-10-11T04:35:44.953+0800][info] GC(660) Metaspace: 1696K(1856K)->1696K(1856K) NonClass: 1572K(1664K)->1572K(1664K) Class: 124K(192K)->124K(192K)
[2024-10-11T04:35:44.953+0800][info] GC(660) Pause Young (Mixed) (G1 Preventive Collection) 116M->106M(128M) 1.820ms
[2024-10-11T04:35:44.953+0800][info] GC(660) User=0.00s Sys=0.00s Real=0.01s
[2024-10-11T04:35:45.055+0800][info] GC(661) Pause Young (Mixed) (G1 Evacuation Pause)
[2024-10-11T04:35:45.055+0800][info] GC(661) Using 3 workers of 48 for evacuation
[2024-10-11T04:35:45.057+0800][info] GC(661)   Pre Evacuate Collection Set: 0.1ms
[2024-10-11T04:35:45.057+0800][info] GC(661)   Merge Heap Roots: 0.1ms
[2024-10-11T04:35:45.057+0800][info] GC(661)   Evacuate Collection Set: 1.6ms
[2024-10-11T04:35:45.057+0800][info] GC(661)   Post Evacuate Collection Set: 0.2ms
[2024-10-11T04:35:45.057+0800][info] GC(661)   Other: 0.1ms
[2024-10-11T04:35:45.057+0800][info] GC(661) Eden regions: 2->0(2)
[2024-10-11T04:35:45.057+0800][info] GC(661) Survivor regions: 1->1(1)
[2024-10-11T04:35:45.057+0800][info] GC(661) Old regions: 49->47
[2024-10-11T04:35:45.057+0800][info] GC(661) Archive regions: 2->2
[2024-10-11T04:35:45.057+0800][info] GC(661) Humongous regions: 3->3
[2024-10-11T04:35:45.057+0800][info] GC(661) Metaspace: 1696K(1856K)->1696K(1856K) NonClass: 1572K(1664K)->1572K(1664K) Class: 124K(192K)->124K(192K)
[2024-10-11T04:35:45.057+0800][info] GC(661) Pause Young (Mixed) (G1 Evacuation Pause) 110M->102M(128M) 2.276ms
[2024-10-11T04:35:45.057+0800][info] GC(661) User=0.01s Sys=0.00s Real=0.00s
[2024-10-11T04:35:45.160+0800][info] GC(662) Pause Young (Mixed) (G1 Evacuation Pause)
[2024-10-11T04:35:45.160+0800][info] GC(662) Using 3 workers of 48 for evacuation
[2024-10-11T04:35:45.162+0800][info] GC(662)   Pre Evacuate Collection Set: 0.1ms
[2024-10-11T04:35:45.162+0800][info] GC(662)   Merge Heap Roots: 0.1ms
[2024-10-11T04:35:45.162+0800][info] GC(662)   Evacuate Collection Set: 2.0ms
[2024-10-11T04:35:45.162+0800][info] GC(662)   Post Evacuate Collection Set: 0.2ms
[2024-10-11T04:35:45.162+0800][info] GC(662)   Other: 0.1ms
[2024-10-11T04:35:45.162+0800][info] GC(662) Eden regions: 2->0(2)
[2024-10-11T04:35:45.162+0800][info] GC(662) Survivor regions: 1->1(1)
[2024-10-11T04:35:45.162+0800][info] GC(662) Old regions: 47->47
[2024-10-11T04:35:45.162+0800][info] GC(662) Archive regions: 2->2
[2024-10-11T04:35:45.162+0800][info] GC(662) Humongous regions: 4->3
[2024-10-11T04:35:45.162+0800][info] GC(662) Metaspace: 1696K(1856K)->1696K(1856K) NonClass: 1572K(1664K)->1572K(1664K) Class: 124K(192K)->124K(192K)
[2024-10-11T04:35:45.162+0800][info] GC(662) Pause Young (Mixed) (G1 Evacuation Pause) 108M->102M(128M) 2.627ms
[2024-10-11T04:35:45.162+0800][info] GC(662) User=0.00s Sys=0.00s Real=0.00s
[2024-10-11T04:35:45.264+0800][info] GC(663) Pause Young (Mixed) (G1 Evacuation Pause)
[2024-10-11T04:35:45.264+0800][info] GC(663) Using 3 workers of 48 for evacuation
[2024-10-11T04:35:45.267+0800][info] GC(663)   Pre Evacuate Collection Set: 0.1ms
[2024-10-11T04:35:45.267+0800][info] GC(663)   Merge Heap Roots: 0.1ms
[2024-10-11T04:35:45.267+0800][info] GC(663)   Evacuate Collection Set: 2.2ms
[2024-10-11T04:35:45.267+0800][info] GC(663)   Post Evacuate Collection Set: 0.2ms
[2024-10-11T04:35:45.267+0800][info] GC(663)   Other: 0.1ms
[2024-10-11T04:35:45.267+0800][info] GC(663) Eden regions: 2->0(2)
[2024-10-11T04:35:45.267+0800][info] GC(663) Survivor regions: 1->1(1)
[2024-10-11T04:35:45.267+0800][info] GC(663) Old regions: 47->45
[2024-10-11T04:35:45.267+0800][info] GC(663) Archive regions: 2->2
[2024-10-11T04:35:45.267+0800][info] GC(663) Humongous regions: 3->3
[2024-10-11T04:35:45.267+0800][info] GC(663) Metaspace: 1696K(1856K)->1696K(1856K) NonClass: 1572K(1664K)->1572K(1664K) Class: 124K(192K)->124K(192K)
[2024-10-11T04:35:45.267+0800][info] GC(663) Pause Young (Mixed) (G1 Evacuation Pause) 105M->99M(128M) 2.858ms
[2024-10-11T04:35:45.267+0800][info] GC(663) User=0.01s Sys=0.00s Real=0.01s
[2024-10-11T04:35:45.369+0800][info] GC(664) Pause Young (Mixed) (G1 Evacuation Pause)
[2024-10-11T04:35:45.369+0800][info] GC(664) Using 3 workers of 48 for evacuation
[2024-10-11T04:35:45.370+0800][info] GC(664)   Pre Evacuate Collection Set: 0.1ms
[2024-10-11T04:35:45.370+0800][info] GC(664)   Merge Heap Roots: 0.0ms
[2024-10-11T04:35:45.370+0800][info] GC(664)   Evacuate Collection Set: 1.1ms
[2024-10-11T04:35:45.370+0800][info] GC(664)   Post Evacuate Collection Set: 0.2ms
[2024-10-11T04:35:45.370+0800][info] GC(664)   Other: 0.2ms
[2024-10-11T04:35:45.370+0800][info] GC(664) Eden regions: 2->0(2)
[2024-10-11T04:35:45.370+0800][info] GC(664) Survivor regions: 1->1(1)
[2024-10-11T04:35:45.370+0800][info] GC(664) Old regions: 45->47
[2024-10-11T04:35:45.370+0800][info] GC(664) Archive regions: 2->2
[2024-10-11T04:35:45.370+0800][info] GC(664) Humongous regions: 3->3
[2024-10-11T04:35:45.370+0800][info] GC(664) Metaspace: 1696K(1856K)->1696K(1856K) NonClass: 1572K(1664K)->1572K(1664K) Class: 124K(192K)->124K(192K)
[2024-10-11T04:35:45.370+0800][info] GC(664) Pause Young (Mixed) (G1 Evacuation Pause) 102M->102M(128M) 1.735ms
[2024-10-11T04:35:45.370+0800][info] GC(664) User=0.01s Sys=0.00s Real=0.00s
[2024-10-11T04:35:45.472+0800][info] GC(665) Pause Young (Normal) (G1 Evacuation Pause)
[2024-10-11T04:35:45.472+0800][info] GC(665) Using 3 workers of 48 for evacuation
[2024-10-11T04:35:45.473+0800][info] GC(665)   Pre Evacuate Collection Set: 0.1ms
[2024-10-11T04:35:45.473+0800][info] GC(665)   Merge Heap Roots: 0.0ms
[2024-10-11T04:35:45.473+0800][info] GC(665)   Evacuate Collection Set: 0.6ms
[2024-10-11T04:35:45.473+0800][info] GC(665)   Post Evacuate Collection Set: 0.2ms
[2024-10-11T04:35:45.473+0800][info] GC(665)   Other: 0.2ms
[2024-10-11T04:35:45.473+0800][info] GC(665) Eden regions: 2->0(2)
[2024-10-11T04:35:45.473+0800][info] GC(665) Survivor regions: 1->1(1)
[2024-10-11T04:35:45.473+0800][info] GC(665) Old regions: 47->49
[2024-10-11T04:35:45.473+0800][info] GC(665) Archive regions: 2->2
[2024-10-11T04:35:45.473+0800][info] GC(665) Humongous regions: 3->3
[2024-10-11T04:35:45.473+0800][info] GC(665) Metaspace: 1696K(1856K)->1696K(1856K) NonClass: 1572K(1664K)->1572K(1664K) Class: 124K(192K)->124K(192K)
[2024-10-11T04:35:45.473+0800][info] GC(665) Pause Young (Normal) (G1 Evacuation Pause) 106M->106M(128M) 1.211ms
[2024-10-11T04:35:45.473+0800][info] GC(665) User=0.00s Sys=0.00s Real=0.01s
[2024-10-11T04:35:45.575+0800][info] GC(666) Pause Young (Normal) (G1 Evacuation Pause)
[2024-10-11T04:35:45.575+0800][info] GC(666) Using 3 workers of 48 for evacuation
[2024-10-11T04:35:45.576+0800][info] GC(666)   Pre Evacuate Collection Set: 0.1ms
[2024-10-11T04:35:45.576+0800][info] GC(666)   Merge Heap Roots: 0.0ms
[2024-10-11T04:35:45.576+0800][info] GC(666)   Evacuate Collection Set: 0.7ms
[2024-10-11T04:35:45.576+0800][info] GC(666)   Post Evacuate Collection Set: 0.2ms
[2024-10-11T04:35:45.576+0800][info] GC(666)   Other: 0.2ms
[2024-10-11T04:35:45.576+0800][info] GC(666) Eden regions: 2->0(2)
[2024-10-11T04:35:45.576+0800][info] GC(666) Survivor regions: 1->1(1)
[2024-10-11T04:35:45.576+0800][info] GC(666) Old regions: 49->51
[2024-10-11T04:35:45.576+0800][info] GC(666) Archive regions: 2->2
[2024-10-11T04:35:45.576+0800][info] GC(666) Humongous regions: 3->3
[2024-10-11T04:35:45.576+0800][info] GC(666) Metaspace: 1696K(1856K)->1696K(1856K) NonClass: 1572K(1664K)->1572K(1664K) Class: 124K(192K)->124K(192K)
[2024-10-11T04:35:45.576+0800][info] GC(666) Pause Young (Normal) (G1 Evacuation Pause) 109M->110M(128M) 1.226ms
[2024-10-11T04:35:45.576+0800][info] GC(666) User=0.00s Sys=0.00s Real=0.00s
[2024-10-11T04:35:45.678+0800][info] GC(667) Pause Young (Concurrent Start) (G1 Evacuation Pause)
[2024-10-11T04:35:45.678+0800][info] GC(667) Using 3 workers of 48 for evacuation
[2024-10-11T04:35:45.679+0800][info] GC(667)   Pre Evacuate Collection Set: 0.1ms
[2024-10-11T04:35:45.679+0800][info] GC(667)   Merge Heap Roots: 0.0ms
[2024-10-11T04:35:45.679+0800][info] GC(667)   Evacuate Collection Set: 0.7ms
[2024-10-11T04:35:45.679+0800][info] GC(667)   Post Evacuate Collection Set: 0.2ms
[2024-10-11T04:35:45.679+0800][info] GC(667)   Other: 0.3ms
[2024-10-11T04:35:45.679+0800][info] GC(667) Eden regions: 2->0(2)
[2024-10-11T04:35:45.679+0800][info] GC(667) Survivor regions: 1->1(1)
[2024-10-11T04:35:45.679+0800][info] GC(667) Old regions: 51->53
[2024-10-11T04:35:45.679+0800][info] GC(667) Archive regions: 2->2
[2024-10-11T04:35:45.679+0800][info] GC(667) Humongous regions: 3->3
[2024-10-11T04:35:45.679+0800][info] GC(667) Metaspace: 1696K(1856K)->1696K(1856K) NonClass: 1572K(1664K)->1572K(1664K) Class: 124K(192K)->124K(192K)
[2024-10-11T04:35:45.679+0800][info] GC(667) Pause Young (Concurrent Start) (G1 Evacuation Pause) 113M->114M(128M) 1.463ms
[2024-10-11T04:35:45.679+0800][info] GC(667) User=0.00s Sys=0.00s Real=0.00s
[2024-10-11T04:35:45.679+0800][info] GC(668) Concurrent Mark Cycle
[2024-10-11T04:35:45.680+0800][info] GC(668) Concurrent Clear Claimed Marks
[2024-10-11T04:35:45.680+0800][info] GC(668) Concurrent Clear Claimed Marks 0.026ms
[2024-10-11T04:35:45.680+0800][info] GC(668) Concurrent Scan Root Regions
[2024-10-11T04:35:45.680+0800][info] GC(668) Concurrent Scan Root Regions 0.110ms
[2024-10-11T04:35:45.680+0800][info] GC(668) Concurrent Mark
[2024-10-11T04:35:45.680+0800][info] GC(668) Concurrent Mark From Roots
[2024-10-11T04:35:45.680+0800][info] GC(668) Using 12 workers of 12 for marking
[2024-10-11T04:35:45.683+0800][info] GC(668) Concurrent Mark From Roots 3.535ms
[2024-10-11T04:35:45.683+0800][info] GC(668) Concurrent Preclean
[2024-10-11T04:35:45.685+0800][info] GC(668) Concurrent Preclean 1.682ms
[2024-10-11T04:35:45.685+0800][info] GC(668) Pause Remark
[2024-10-11T04:35:45.686+0800][info] GC(668) Pause Remark 114M->114M(128M) 1.369ms
[2024-10-11T04:35:45.686+0800][info] GC(668) User=0.00s Sys=0.00s Real=0.00s
[2024-10-11T04:35:45.687+0800][info] GC(668) Concurrent Mark 6.846ms
[2024-10-11T04:35:45.687+0800][info] GC(668) Concurrent Rebuild Remembered Sets
[2024-10-11T04:35:45.688+0800][info] GC(668) Concurrent Rebuild Remembered Sets 1.465ms
[2024-10-11T04:35:45.688+0800][info] GC(668) Pause Cleanup
[2024-10-11T04:35:45.688+0800][info] GC(668) Pause Cleanup 114M->114M(128M) 0.248ms
[2024-10-11T04:35:45.689+0800][info] GC(668) User=0.00s Sys=0.00s Real=0.00s
[2024-10-11T04:35:45.689+0800][info] GC(668) Concurrent Cleanup for Next Mark
[2024-10-11T04:35:45.689+0800][info] GC(668) Concurrent Cleanup for Next Mark 0.376ms
[2024-10-11T04:35:45.689+0800][info] GC(668) Concurrent Mark Cycle 9.451ms
[2024-10-11T04:35:45.832+0800][info] GC(669) Pause Young (Prepare Mixed) (G1 Preventive Collection)
[2024-10-11T04:35:45.832+0800][info] GC(669) Using 3 workers of 48 for evacuation
[2024-10-11T04:35:45.834+0800][info] GC(669)   Pre Evacuate Collection Set: 0.1ms
[2024-10-11T04:35:45.834+0800][info] GC(669)   Merge Heap Roots: 0.1ms
[2024-10-11T04:35:45.834+0800][info] GC(669)   Evacuate Collection Set: 0.8ms
[2024-10-11T04:35:45.834+0800][info] GC(669)   Post Evacuate Collection Set: 0.2ms
[2024-10-11T04:35:45.834+0800][info] GC(669)   Other: 0.2ms
[2024-10-11T04:35:45.834+0800][info] GC(669) Eden regions: 2->0(2)
[2024-10-11T04:35:45.834+0800][info] GC(669) Survivor regions: 1->1(1)
[2024-10-11T04:35:45.834+0800][info] GC(669) Old regions: 53->55
[2024-10-11T04:35:45.834+0800][info] GC(669) Archive regions: 2->2
[2024-10-11T04:35:45.834+0800][info] GC(669) Humongous regions: 3->3
[2024-10-11T04:35:45.834+0800][info] GC(669) Metaspace: 1696K(1856K)->1696K(1856K) NonClass: 1572K(1664K)->1572K(1664K) Class: 124K(192K)->124K(192K)
[2024-10-11T04:35:45.834+0800][info] GC(669) Pause Young (Prepare Mixed) (G1 Preventive Collection) 117M->118M(128M) 1.423ms
[2024-10-11T04:35:45.834+0800][info] GC(669) User=0.00s Sys=0.00s Real=0.01s
[2024-10-11T04:35:45.895+0800][info] GC(670) Pause Young (Mixed) (G1 Preventive Collection)
[2024-10-11T04:35:45.895+0800][info] GC(670) Using 3 workers of 48 for evacuation
[2024-10-11T04:35:45.896+0800][info] GC(670) To-space exhausted
[2024-10-11T04:35:45.896+0800][info] GC(670)   Pre Evacuate Collection Set: 0.1ms
[2024-10-11T04:35:45.896+0800][info] GC(670)   Merge Heap Roots: 0.1ms
[2024-10-11T04:35:45.896+0800][info] GC(670)   Evacuate Collection Set: 0.7ms
[2024-10-11T04:35:45.896+0800][info] GC(670)   Post Evacuate Collection Set: 0.2ms
[2024-10-11T04:35:45.896+0800][info] GC(670)   Other: 0.2ms
[2024-10-11T04:35:45.896+0800][info] GC(670) Eden regions: 1->0(2)
[2024-10-11T04:35:45.896+0800][info] GC(670) Survivor regions: 1->1(1)
[2024-10-11T04:35:45.896+0800][info] GC(670) Old regions: 55->52
[2024-10-11T04:35:45.896+0800][info] GC(670) Archive regions: 2->2
[2024-10-11T04:35:45.896+0800][info] GC(670) Humongous regions: 3->3
[2024-10-11T04:35:45.896+0800][info] GC(670) Metaspace: 1696K(1856K)->1696K(1856K) NonClass: 1572K(1664K)->1572K(1664K) Class: 124K(192K)->124K(192K)
[2024-10-11T04:35:45.896+0800][info] GC(670) Pause Young (Mixed) (G1 Preventive Collection) 120M->113M(128M) 1.431ms
[2024-10-11T04:35:45.896+0800][info] GC(670) User=0.01s Sys=0.00s Real=0.00s
[2024-10-11T04:35:45.937+0800][info] GC(671) Pause Young (Mixed) (G1 Preventive Collection)
[2024-10-11T04:35:45.937+0800][info] GC(671) Using 3 workers of 48 for evacuation
[2024-10-11T04:35:45.939+0800][info] GC(671) To-space exhausted
[2024-10-11T04:35:45.939+0800][info] GC(671)   Pre Evacuate Collection Set: 0.1ms
[2024-10-11T04:35:45.939+0800][info] GC(671)   Merge Heap Roots: 0.1ms
[2024-10-11T04:35:45.939+0800][info] GC(671)   Evacuate Collection Set: 1.5ms
[2024-10-11T04:35:45.939+0800][info] GC(671)   Post Evacuate Collection Set: 0.3ms
[2024-10-11T04:35:45.939+0800][info] GC(671)   Other: 0.2ms
[2024-10-11T04:35:45.939+0800][info] GC(671) Eden regions: 1->0(2)
[2024-10-11T04:35:45.939+0800][info] GC(671) Survivor regions: 1->1(1)
[2024-10-11T04:35:45.939+0800][info] GC(671) Old regions: 52->53
[2024-10-11T04:35:45.939+0800][info] GC(671) Archive regions: 2->2
[2024-10-11T04:35:45.939+0800][info] GC(671) Humongous regions: 3->3
[2024-10-11T04:35:45.939+0800][info] GC(671) Metaspace: 1696K(1856K)->1696K(1856K) NonClass: 1572K(1664K)->1572K(1664K) Class: 124K(192K)->124K(192K)
[2024-10-11T04:35:45.939+0800][info] GC(671) Pause Young (Mixed) (G1 Preventive Collection) 115M->115M(128M) 2.353ms
[2024-10-11T04:35:45.939+0800][info] GC(671) User=0.00s Sys=0.00s Real=0.00s
[2024-10-11T04:35:46.000+0800][info] GC(672) Pause Young (Mixed) (G1 Preventive Collection)
[2024-10-11T04:35:46.000+0800][info] GC(672) Using 3 workers of 48 for evacuation
[2024-10-11T04:35:46.003+0800][info] GC(672) To-space exhausted
[2024-10-11T04:35:46.003+0800][info] GC(672)   Pre Evacuate Collection Set: 0.1ms
[2024-10-11T04:35:46.003+0800][info] GC(672)   Merge Heap Roots: 0.1ms
[2024-10-11T04:35:46.003+0800][info] GC(672)   Evacuate Collection Set: 1.5ms
[2024-10-11T04:35:46.003+0800][info] GC(672)   Post Evacuate Collection Set: 0.4ms
[2024-10-11T04:35:46.003+0800][info] GC(672)   Other: 0.1ms
[2024-10-11T04:35:46.003+0800][info] GC(672) Eden regions: 1->0(2)
[2024-10-11T04:35:46.003+0800][info] GC(672) Survivor regions: 1->1(1)
[2024-10-11T04:35:46.003+0800][info] GC(672) Old regions: 53->57
[2024-10-11T04:35:46.003+0800][info] GC(672) Archive regions: 2->2
[2024-10-11T04:35:46.003+0800][info] GC(672) Humongous regions: 3->3
[2024-10-11T04:35:46.003+0800][info] GC(672) Metaspace: 1696K(1856K)->1696K(1856K) NonClass: 1572K(1664K)->1572K(1664K) Class: 124K(192K)->124K(192K)
[2024-10-11T04:35:46.003+0800][info] GC(672) Pause Young (Mixed) (G1 Preventive Collection) 117M->123M(128M) 2.382ms
[2024-10-11T04:35:46.003+0800][info] GC(672) User=0.01s Sys=0.00s Real=0.00s
[2024-10-11T04:35:46.044+0800][info] GC(673) Pause Young (Mixed) (G1 Evacuation Pause)
[2024-10-11T04:35:46.044+0800][info] GC(673) Using 3 workers of 48 for evacuation
[2024-10-11T04:35:46.045+0800][info] GC(673) To-space exhausted
[2024-10-11T04:35:46.045+0800][info] GC(673)   Pre Evacuate Collection Set: 0.1ms
[2024-10-11T04:35:46.045+0800][info] GC(673)   Merge Heap Roots: 0.1ms
[2024-10-11T04:35:46.045+0800][info] GC(673)   Evacuate Collection Set: 0.4ms
[2024-10-11T04:35:46.045+0800][info] GC(673)   Post Evacuate Collection Set: 0.2ms
[2024-10-11T04:35:46.045+0800][info] GC(673)   Other: 0.1ms
[2024-10-11T04:35:46.045+0800][info] GC(673) Eden regions: 1->0(3)
[2024-10-11T04:35:46.045+0800][info] GC(673) Survivor regions: 1->0(0)
[2024-10-11T04:35:46.045+0800][info] GC(673) Old regions: 57->59
[2024-10-11T04:35:46.045+0800][info] GC(673) Archive regions: 2->2
[2024-10-11T04:35:46.045+0800][info] GC(673) Humongous regions: 3->3
[2024-10-11T04:35:46.045+0800][info] GC(673) Metaspace: 1696K(1856K)->1696K(1856K) NonClass: 1572K(1664K)->1572K(1664K) Class: 124K(192K)->124K(192K)
[2024-10-11T04:35:46.045+0800][info] GC(673) Pause Young (Mixed) (G1 Evacuation Pause) 124M->124M(128M) 1.040ms
[2024-10-11T04:35:46.045+0800][info] GC(673) User=0.00s Sys=0.00s Real=0.00s
[2024-10-11T04:35:46.045+0800][info] Attempting full compaction
[2024-10-11T04:35:46.045+0800][info] GC(674) Using 3 workers of 48 for full compaction
[2024-10-11T04:35:46.045+0800][info] GC(674) Pause Full (G1 Compaction Pause)
[2024-10-11T04:35:46.045+0800][info] GC(674) Phase 1: Mark live objects
[2024-10-11T04:35:46.049+0800][info] GC(674) Phase 1: Mark live objects 3.415ms
[2024-10-11T04:35:46.049+0800][info] GC(674) Phase 2: Prepare for compaction
[2024-10-11T04:35:46.049+0800][info] GC(674) Phase 2: Prepare for compaction 0.577ms
[2024-10-11T04:35:46.049+0800][info] GC(674) Phase 3: Adjust pointers
[2024-10-11T04:35:46.051+0800][info] GC(674) Phase 3: Adjust pointers 1.764ms
[2024-10-11T04:35:46.051+0800][info] GC(674) Phase 4: Compact heap
[2024-10-11T04:35:46.063+0800][info] GC(674) Phase 4: Compact heap 11.634ms
[2024-10-11T04:35:46.064+0800][info] GC(674) Eden regions: 0->0(4)
[2024-10-11T04:35:46.064+0800][info] GC(674) Survivor regions: 0->0(0)
[2024-10-11T04:35:46.064+0800][info] GC(674) Old regions: 59->38
[2024-10-11T04:35:46.064+0800][info] GC(674) Archive regions: 2->2
[2024-10-11T04:35:46.064+0800][info] GC(674) Humongous regions: 3->3
[2024-10-11T04:35:46.064+0800][info] GC(674) Metaspace: 1696K(1856K)->1696K(1856K) NonClass: 1572K(1664K)->1572K(1664K) Class: 124K(192K)->124K(192K)
[2024-10-11T04:35:46.064+0800][info] GC(674) Pause Full (G1 Compaction Pause) 124M->72M(128M) 19.063ms
[2024-10-11T04:35:46.064+0800][info] GC(674) User=0.04s Sys=0.00s Real=0.02s
[2024-10-11T04:35:46.289+0800][info] GC(675) Pause Young (Normal) (G1 Evacuation Pause)
[2024-10-11T04:35:46.289+0800][info] GC(675) Using 3 workers of 48 for evacuation
[2024-10-11T04:35:46.290+0800][info] GC(675)   Pre Evacuate Collection Set: 0.1ms
[2024-10-11T04:35:46.290+0800][info] GC(675)   Merge Heap Roots: 0.0ms
[2024-10-11T04:35:46.290+0800][info] GC(675)   Evacuate Collection Set: 1.0ms
[2024-10-11T04:35:46.290+0800][info] GC(675)   Post Evacuate Collection Set: 0.2ms
[2024-10-11T04:35:46.290+0800][info] GC(675)   Other: 0.3ms
[2024-10-11T04:35:46.290+0800][info] GC(675) Eden regions: 4->0(2)
[2024-10-11T04:35:46.290+0800][info] GC(675) Survivor regions: 0->1(1)
[2024-10-11T04:35:46.290+0800][info] GC(675) Old regions: 38->41
[2024-10-11T04:35:46.290+0800][info] GC(675) Archive regions: 2->2
[2024-10-11T04:35:46.290+0800][info] GC(675) Humongous regions: 3->3
[2024-10-11T04:35:46.290+0800][info] GC(675) Metaspace: 1696K(1856K)->1696K(1856K) NonClass: 1572K(1664K)->1572K(1664K) Class: 124K(192K)->124K(192K)
[2024-10-11T04:35:46.290+0800][info] GC(675) Pause Young (Normal) (G1 Evacuation Pause) 80M->79M(128M) 1.642ms
[2024-10-11T04:35:46.290+0800][info] GC(675) User=0.01s Sys=0.00s Real=0.00s
[2024-10-11T04:35:46.392+0800][info] GC(676) Pause Young (Normal) (G1 Evacuation Pause)
[2024-10-11T04:35:46.392+0800][info] GC(676) Using 3 workers of 48 for evacuation
[2024-10-11T04:35:46.393+0800][info] GC(676)   Pre Evacuate Collection Set: 0.1ms
[2024-10-11T04:35:46.393+0800][info] GC(676)   Merge Heap Roots: 0.0ms
[2024-10-11T04:35:46.393+0800][info] GC(676)   Evacuate Collection Set: 0.7ms
[2024-10-11T04:35:46.393+0800][info] GC(676)   Post Evacuate Collection Set: 0.2ms
[2024-10-11T04:35:46.393+0800][info] GC(676)   Other: 0.2ms
[2024-10-11T04:35:46.393+0800][info] GC(676) Eden regions: 2->0(2)
[2024-10-11T04:35:46.393+0800][info] GC(676) Survivor regions: 1->1(1)
[2024-10-11T04:35:46.393+0800][info] GC(676) Old regions: 41->43
[2024-10-11T04:35:46.393+0800][info] GC(676) Archive regions: 2->2
[2024-10-11T04:35:46.393+0800][info] GC(676) Humongous regions: 3->3
[2024-10-11T04:35:46.393+0800][info] GC(676) Metaspace: 1696K(1856K)->1696K(1856K) NonClass: 1572K(1664K)->1572K(1664K) Class: 124K(192K)->124K(192K)
[2024-10-11T04:35:46.393+0800][info] GC(676) Pause Young (Normal) (G1 Evacuation Pause) 83M->83M(128M) 1.307ms
[2024-10-11T04:35:46.393+0800][info] GC(676) User=0.00s Sys=0.00s Real=0.01s
[2024-10-11T04:35:46.495+0800][info] GC(677) Pause Young (Normal) (G1 Evacuation Pause)
[2024-10-11T04:35:46.495+0800][info] GC(677) Using 3 workers of 48 for evacuation
[2024-10-11T04:35:46.496+0800][info] GC(677)   Pre Evacuate Collection Set: 0.1ms
[2024-10-11T04:35:46.496+0800][info] GC(677)   Merge Heap Roots: 0.0ms
[2024-10-11T04:35:46.496+0800][info] GC(677)   Evacuate Collection Set: 0.7ms
[2024-10-11T04:35:46.496+0800][info] GC(677)   Post Evacuate Collection Set: 0.2ms
[2024-10-11T04:35:46.496+0800][info] GC(677)   Other: 0.2ms
[2024-10-11T04:35:46.496+0800][info] GC(677) Eden regions: 2->0(2)
[2024-10-11T04:35:46.496+0800][info] GC(677) Survivor regions: 1->1(1)
[2024-10-11T04:35:46.496+0800][info] GC(677) Old regions: 43->45
[2024-10-11T04:35:46.496+0800][info] GC(677) Archive regions: 2->2
[2024-10-11T04:35:46.496+0800][info] GC(677) Humongous regions: 3->3
[2024-10-11T04:35:46.496+0800][info] GC(677) Metaspace: 1696K(1856K)->1696K(1856K) NonClass: 1572K(1664K)->1572K(1664K) Class: 124K(192K)->124K(192K)
[2024-10-11T04:35:46.496+0800][info] GC(677) Pause Young (Normal) (G1 Evacuation Pause) 87M->87M(128M) 1.307ms
[2024-10-11T04:35:46.496+0800][info] GC(677) User=0.01s Sys=0.00s Real=0.00s
[2024-10-11T04:35:46.598+0800][info] GC(678) Pause Young (Normal) (G1 Evacuation Pause)
[2024-10-11T04:35:46.598+0800][info] GC(678) Using 3 workers of 48 for evacuation
[2024-10-11T04:35:46.599+0800][info] GC(678)   Pre Evacuate Collection Set: 0.1ms
[2024-10-11T04:35:46.599+0800][info] GC(678)   Merge Heap Roots: 0.0ms
[2024-10-11T04:35:46.599+0800][info] GC(678)   Evacuate Collection Set: 0.7ms
[2024-10-11T04:35:46.599+0800][info] GC(678)   Post Evacuate Collection Set: 0.2ms
[2024-10-11T04:35:46.599+0800][info] GC(678)   Other: 0.2ms
[2024-10-11T04:35:46.599+0800][info] GC(678) Eden regions: 2->0(2)
[2024-10-11T04:35:46.599+0800][info] GC(678) Survivor regions: 1->1(1)
[2024-10-11T04:35:46.599+0800][info] GC(678) Old regions: 45->47
[2024-10-11T04:35:46.599+0800][info] GC(678) Archive regions: 2->2
[2024-10-11T04:35:46.599+0800][info] GC(678) Humongous regions: 3->3
[2024-10-11T04:35:46.599+0800][info] GC(678) Metaspace: 1696K(1856K)->1696K(1856K) NonClass: 1572K(1664K)->1572K(1664K) Class: 124K(192K)->124K(192K)
[2024-10-11T04:35:46.599+0800][info] GC(678) Pause Young (Normal) (G1 Evacuation Pause) 91M->91M(128M) 1.229ms
[2024-10-11T04:35:46.599+0800][info] GC(678) User=0.00s Sys=0.00s Real=0.00s
[2024-10-11T04:35:46.701+0800][info] GC(679) Pause Young (Concurrent Start) (G1 Evacuation Pause)
[2024-10-11T04:35:46.701+0800][info] GC(679) Using 3 workers of 48 for evacuation
[2024-10-11T04:35:46.702+0800][info] GC(679)   Pre Evacuate Collection Set: 0.1ms
[2024-10-11T04:35:46.702+0800][info] GC(679)   Merge Heap Roots: 0.0ms
[2024-10-11T04:35:46.702+0800][info] GC(679)   Evacuate Collection Set: 0.8ms
[2024-10-11T04:35:46.702+0800][info] GC(679)   Post Evacuate Collection Set: 0.2ms
[2024-10-11T04:35:46.702+0800][info] GC(679)   Other: 0.4ms
[2024-10-11T04:35:46.702+0800][info] GC(679) Eden regions: 2->0(2)
[2024-10-11T04:35:46.702+0800][info] GC(679) Survivor regions: 1->1(1)
[2024-10-11T04:35:46.702+0800][info] GC(679) Old regions: 47->49
[2024-10-11T04:35:46.702+0800][info] GC(679) Archive regions: 2->2
[2024-10-11T04:35:46.702+0800][info] GC(679) Humongous regions: 3->3
[2024-10-11T04:35:46.702+0800][info] GC(679) Metaspace: 1696K(1856K)->1696K(1856K) NonClass: 1572K(1664K)->1572K(1664K) Class: 124K(192K)->124K(192K)
[2024-10-11T04:35:46.702+0800][info] GC(679) Pause Young (Concurrent Start) (G1 Evacuation Pause) 95M->95M(128M) 1.572ms
[2024-10-11T04:35:46.702+0800][info] GC(679) User=0.00s Sys=0.00s Real=0.00s
[2024-10-11T04:35:46.703+0800][info] GC(680) Concurrent Mark Cycle
[2024-10-11T04:35:46.703+0800][info] GC(680) Concurrent Clear Claimed Marks
[2024-10-11T04:35:46.703+0800][info] GC(680) Concurrent Clear Claimed Marks 0.017ms
[2024-10-11T04:35:46.703+0800][info] GC(680) Concurrent Scan Root Regions
[2024-10-11T04:35:46.703+0800][info] GC(680) Concurrent Scan Root Regions 0.156ms
[2024-10-11T04:35:46.703+0800][info] GC(680) Concurrent Mark
[2024-10-11T04:35:46.703+0800][info] GC(680) Concurrent Mark From Roots
[2024-10-11T04:35:46.703+0800][info] GC(680) Using 12 workers of 12 for marking
[2024-10-11T04:35:46.706+0800][info] GC(680) Concurrent Mark From Roots 3.550ms
[2024-10-11T04:35:46.706+0800][info] GC(680) Concurrent Preclean
[2024-10-11T04:35:46.708+0800][info] GC(680) Concurrent Preclean 1.679ms
[2024-10-11T04:35:46.708+0800][info] GC(680) Pause Remark
[2024-10-11T04:35:46.710+0800][info] GC(680) Pause Remark 95M->95M(128M) 1.441ms
[2024-10-11T04:35:46.710+0800][info] GC(680) User=0.00s Sys=0.00s Real=0.00s
[2024-10-11T04:35:46.710+0800][info] GC(680) Concurrent Mark 6.993ms
[2024-10-11T04:35:46.710+0800][info] GC(680) Concurrent Rebuild Remembered Sets
[2024-10-11T04:35:46.711+0800][info] GC(680) Concurrent Rebuild Remembered Sets 1.281ms
[2024-10-11T04:35:46.711+0800][info] GC(680) Pause Cleanup
[2024-10-11T04:35:46.711+0800][info] GC(680) Pause Cleanup 95M->95M(128M) 0.207ms
[2024-10-11T04:35:46.712+0800][info] GC(680) User=0.00s Sys=0.00s Real=0.00s
[2024-10-11T04:35:46.712+0800][info] GC(680) Concurrent Cleanup for Next Mark
[2024-10-11T04:35:46.712+0800][info] GC(680) Concurrent Cleanup for Next Mark 0.337ms
[2024-10-11T04:35:46.712+0800][info] GC(680) Concurrent Mark Cycle 9.363ms
[2024-10-11T04:35:46.855+0800][info] GC(681) Pause Young (Prepare Mixed) (G1 Evacuation Pause)
[2024-10-11T04:35:46.855+0800][info] GC(681) Using 3 workers of 48 for evacuation
[2024-10-11T04:35:46.856+0800][info] GC(681)   Pre Evacuate Collection Set: 0.1ms
[2024-10-11T04:35:46.856+0800][info] GC(681)   Merge Heap Roots: 0.1ms
[2024-10-11T04:35:46.856+0800][info] GC(681)   Evacuate Collection Set: 0.7ms
[2024-10-11T04:35:46.856+0800][info] GC(681)   Post Evacuate Collection Set: 0.2ms
[2024-10-11T04:35:46.856+0800][info] GC(681)   Other: 0.2ms
[2024-10-11T04:35:46.856+0800][info] GC(681) Eden regions: 2->0(2)
[2024-10-11T04:35:46.856+0800][info] GC(681) Survivor regions: 1->1(1)
[2024-10-11T04:35:46.856+0800][info] GC(681) Old regions: 49->51
[2024-10-11T04:35:46.856+0800][info] GC(681) Archive regions: 2->2
[2024-10-11T04:35:46.856+0800][info] GC(681) Humongous regions: 3->3
[2024-10-11T04:35:46.856+0800][info] GC(681) Metaspace: 1696K(1856K)->1696K(1856K) NonClass: 1572K(1664K)->1572K(1664K) Class: 124K(192K)->124K(192K)
[2024-10-11T04:35:46.856+0800][info] GC(681) Pause Young (Prepare Mixed) (G1 Evacuation Pause) 98M->98M(128M) 1.390ms
[2024-10-11T04:35:46.856+0800][info] GC(681) User=0.01s Sys=0.00s Real=0.00s
[2024-10-11T04:35:46.958+0800][info] GC(682) Pause Young (Mixed) (G1 Preventive Collection)
[2024-10-11T04:35:46.958+0800][info] GC(682) Using 3 workers of 48 for evacuation
[2024-10-11T04:35:46.960+0800][info] GC(682)   Pre Evacuate Collection Set: 0.1ms
[2024-10-11T04:35:46.960+0800][info] GC(682)   Merge Heap Roots: 0.1ms
[2024-10-11T04:35:46.960+0800][info] GC(682)   Evacuate Collection Set: 1.3ms
[2024-10-11T04:35:46.960+0800][info] GC(682)   Post Evacuate Collection Set: 0.2ms
[2024-10-11T04:35:46.960+0800][info] GC(682)   Other: 0.2ms
[2024-10-11T04:35:46.960+0800][info] GC(682) Eden regions: 2->0(2)
[2024-10-11T04:35:46.960+0800][info] GC(682) Survivor regions: 1->1(1)
[2024-10-11T04:35:46.960+0800][info] GC(682) Old regions: 51->48
[2024-10-11T04:35:46.960+0800][info] GC(682) Archive regions: 2->2
[2024-10-11T04:35:46.960+0800][info] GC(682) Humongous regions: 3->3
[2024-10-11T04:35:46.960+0800][info] GC(682) Metaspace: 1696K(1856K)->1696K(1856K) NonClass: 1572K(1664K)->1572K(1664K) Class: 124K(192K)->124K(192K)
[2024-10-11T04:35:46.960+0800][info] GC(682) Pause Young (Mixed) (G1 Preventive Collection) 102M->96M(128M) 1.973ms
[2024-10-11T04:35:46.960+0800][info] GC(682) User=0.00s Sys=0.00s Real=0.00s
[2024-10-11T04:35:47.062+0800][info] GC(683) Pause Young (Mixed) (G1 Evacuation Pause)
[2024-10-11T04:35:47.062+0800][info] GC(683) Using 3 workers of 48 for evacuation
[2024-10-11T04:35:47.064+0800][info] GC(683)   Pre Evacuate Collection Set: 0.1ms
[2024-10-11T04:35:47.064+0800][info] GC(683)   Merge Heap Roots: 0.1ms
[2024-10-11T04:35:47.064+0800][info] GC(683)   Evacuate Collection Set: 1.8ms
[2024-10-11T04:35:47.064+0800][info] GC(683)   Post Evacuate Collection Set: 0.2ms
[2024-10-11T04:35:47.064+0800][info] GC(683)   Other: 0.1ms
[2024-10-11T04:35:47.064+0800][info] GC(683) Eden regions: 2->0(2)
[2024-10-11T04:35:47.064+0800][info] GC(683) Survivor regions: 1->1(1)
[2024-10-11T04:35:47.064+0800][info] GC(683) Old regions: 48->47
[2024-10-11T04:35:47.064+0800][info] GC(683) Archive regions: 2->2
[2024-10-11T04:35:47.064+0800][info] GC(683) Humongous regions: 3->3
[2024-10-11T04:35:47.064+0800][info] GC(683) Metaspace: 1696K(1856K)->1696K(1856K) NonClass: 1572K(1664K)->1572K(1664K) Class: 124K(192K)->124K(192K)
[2024-10-11T04:35:47.064+0800][info] GC(683) Pause Young (Mixed) (G1 Evacuation Pause) 100M->96M(128M) 2.425ms
[2024-10-11T04:35:47.064+0800][info] GC(683) User=0.01s Sys=0.00s Real=0.00s
[2024-10-11T04:35:47.166+0800][info] GC(684) Pause Young (Mixed) (G1 Evacuation Pause)
[2024-10-11T04:35:47.166+0800][info] GC(684) Using 3 workers of 48 for evacuation
[2024-10-11T04:35:47.169+0800][info] GC(684)   Pre Evacuate Collection Set: 0.1ms
[2024-10-11T04:35:47.169+0800][info] GC(684)   Merge Heap Roots: 0.0ms
[2024-10-11T04:35:47.169+0800][info] GC(684)   Evacuate Collection Set: 1.9ms
[2024-10-11T04:35:47.169+0800][info] GC(684)   Post Evacuate Collection Set: 0.2ms
[2024-10-11T04:35:47.169+0800][info] GC(684)   Other: 0.1ms
[2024-10-11T04:35:47.169+0800][info] GC(684) Eden regions: 2->0(2)
[2024-10-11T04:35:47.169+0800][info] GC(684) Survivor regions: 1->1(1)
[2024-10-11T04:35:47.169+0800][info] GC(684) Old regions: 47->46
[2024-10-11T04:35:47.169+0800][info] GC(684) Archive regions: 2->2
[2024-10-11T04:35:47.169+0800][info] GC(684) Humongous regions: 3->3
[2024-10-11T04:35:47.169+0800][info] GC(684) Metaspace: 1696K(1856K)->1696K(1856K) NonClass: 1572K(1664K)->1572K(1664K) Class: 124K(192K)->124K(192K)
[2024-10-11T04:35:47.169+0800][info] GC(684) Pause Young (Mixed) (G1 Evacuation Pause) 100M->97M(128M) 2.575ms
[2024-10-11T04:35:47.169+0800][info] GC(684) User=0.01s Sys=0.00s Real=0.00s
[2024-10-11T04:35:47.271+0800][info] GC(685) Pause Young (Mixed) (G1 Evacuation Pause)
[2024-10-11T04:35:47.271+0800][info] GC(685) Using 3 workers of 48 for evacuation
[2024-10-11T04:35:47.273+0800][info] GC(685)   Pre Evacuate Collection Set: 0.1ms
[2024-10-11T04:35:47.273+0800][info] GC(685)   Merge Heap Roots: 0.1ms
[2024-10-11T04:35:47.273+0800][info] GC(685)   Evacuate Collection Set: 1.8ms
[2024-10-11T04:35:47.273+0800][info] GC(685)   Post Evacuate Collection Set: 0.2ms
[2024-10-11T04:35:47.273+0800][info] GC(685)   Other: 0.1ms
[2024-10-11T04:35:47.273+0800][info] GC(685) Eden regions: 2->0(2)
[2024-10-11T04:35:47.273+0800][info] GC(685) Survivor regions: 1->1(1)
[2024-10-11T04:35:47.273+0800][info] GC(685) Old regions: 46->47
[2024-10-11T04:35:47.273+0800][info] GC(685) Archive regions: 2->2
[2024-10-11T04:35:47.273+0800][info] GC(685) Humongous regions: 3->3
[2024-10-11T04:35:47.273+0800][info] GC(685) Metaspace: 1696K(1856K)->1696K(1856K) NonClass: 1572K(1664K)->1572K(1664K) Class: 124K(192K)->124K(192K)
[2024-10-11T04:35:47.273+0800][info] GC(685) Pause Young (Mixed) (G1 Evacuation Pause) 101M->99M(128M) 2.436ms
[2024-10-11T04:35:47.273+0800][info] GC(685) User=0.00s Sys=0.01s Real=0.01s
[2024-10-11T04:35:47.376+0800][info] GC(686) Pause Young (Normal) (G1 Evacuation Pause)
[2024-10-11T04:35:47.376+0800][info] GC(686) Using 3 workers of 48 for evacuation
[2024-10-11T04:35:47.377+0800][info] GC(686)   Pre Evacuate Collection Set: 0.1ms
[2024-10-11T04:35:47.377+0800][info] GC(686)   Merge Heap Roots: 0.0ms
[2024-10-11T04:35:47.377+0800][info] GC(686)   Evacuate Collection Set: 0.7ms
[2024-10-11T04:35:47.377+0800][info] GC(686)   Post Evacuate Collection Set: 0.2ms
[2024-10-11T04:35:47.377+0800][info] GC(686)   Other: 0.2ms
[2024-10-11T04:35:47.377+0800][info] GC(686) Eden regions: 2->0(2)
[2024-10-11T04:35:47.377+0800][info] GC(686) Survivor regions: 1->1(1)
[2024-10-11T04:35:47.377+0800][info] GC(686) Old regions: 47->48
[2024-10-11T04:35:47.377+0800][info] GC(686) Archive regions: 2->2
[2024-10-11T04:35:47.377+0800][info] GC(686) Humongous regions: 4->3
[2024-10-11T04:35:47.377+0800][info] GC(686) Metaspace: 1696K(1856K)->1696K(1856K) NonClass: 1572K(1664K)->1572K(1664K) Class: 124K(192K)->124K(192K)
[2024-10-11T04:35:47.377+0800][info] GC(686) Pause Young (Normal) (G1 Evacuation Pause) 105M->102M(128M) 1.343ms
[2024-10-11T04:35:47.377+0800][info] GC(686) User=0.00s Sys=0.00s Real=0.00s
[2024-10-11T04:35:47.479+0800][info] GC(687) Pause Young (Normal) (G1 Evacuation Pause)
[2024-10-11T04:35:47.479+0800][info] GC(687) Using 3 workers of 48 for evacuation
[2024-10-11T04:35:47.480+0800][info] GC(687)   Pre Evacuate Collection Set: 0.1ms
[2024-10-11T04:35:47.480+0800][info] GC(687)   Merge Heap Roots: 0.0ms
[2024-10-11T04:35:47.480+0800][info] GC(687)   Evacuate Collection Set: 1.4ms
[2024-10-11T04:35:47.480+0800][info] GC(687)   Post Evacuate Collection Set: 0.2ms
[2024-10-11T04:35:47.480+0800][info] GC(687)   Other: 0.2ms
[2024-10-11T04:35:47.480+0800][info] GC(687) Eden regions: 2->0(2)
[2024-10-11T04:35:47.480+0800][info] GC(687) Survivor regions: 1->1(1)
[2024-10-11T04:35:47.480+0800][info] GC(687) Old regions: 48->50
[2024-10-11T04:35:47.480+0800][info] GC(687) Archive regions: 2->2
[2024-10-11T04:35:47.480+0800][info] GC(687) Humongous regions: 3->3
[2024-10-11T04:35:47.480+0800][info] GC(687) Metaspace: 1696K(1856K)->1696K(1856K) NonClass: 1572K(1664K)->1572K(1664K) Class: 124K(192K)->124K(192K)
[2024-10-11T04:35:47.480+0800][info] GC(687) Pause Young (Normal) (G1 Evacuation Pause) 106M->106M(128M) 1.954ms
[2024-10-11T04:35:47.480+0800][info] GC(687) User=0.00s Sys=0.00s Real=0.00s
[2024-10-11T04:35:47.582+0800][info] GC(688) Pause Young (Concurrent Start) (G1 Evacuation Pause)
[2024-10-11T04:35:47.583+0800][info] GC(688) Using 3 workers of 48 for evacuation
[2024-10-11T04:35:47.584+0800][info] GC(688)   Pre Evacuate Collection Set: 0.1ms
[2024-10-11T04:35:47.584+0800][info] GC(688)   Merge Heap Roots: 0.0ms
[2024-10-11T04:35:47.584+0800][info] GC(688)   Evacuate Collection Set: 0.8ms
[2024-10-11T04:35:47.584+0800][info] GC(688)   Post Evacuate Collection Set: 0.2ms
[2024-10-11T04:35:47.584+0800][info] GC(688)   Other: 0.3ms
[2024-10-11T04:35:47.584+0800][info] GC(688) Eden regions: 2->0(2)
[2024-10-11T04:35:47.584+0800][info] GC(688) Survivor regions: 1->1(1)
[2024-10-11T04:35:47.584+0800][info] GC(688) Old regions: 50->52
[2024-10-11T04:35:47.584+0800][info] GC(688) Archive regions: 2->2
[2024-10-11T04:35:47.584+0800][info] GC(688) Humongous regions: 3->3
[2024-10-11T04:35:47.584+0800][info] GC(688) Metaspace: 1696K(1856K)->1696K(1856K) NonClass: 1572K(1664K)->1572K(1664K) Class: 124K(192K)->124K(192K)
[2024-10-11T04:35:47.584+0800][info] GC(688) Pause Young (Concurrent Start) (G1 Evacuation Pause) 110M->110M(128M) 1.535ms
[2024-10-11T04:35:47.584+0800][info] GC(688) User=0.00s Sys=0.00s Real=0.00s
[2024-10-11T04:35:47.584+0800][info] GC(689) Concurrent Mark Cycle
[2024-10-11T04:35:47.584+0800][info] GC(689) Concurrent Clear Claimed Marks
[2024-10-11T04:35:47.584+0800][info] GC(689) Concurrent Clear Claimed Marks 0.017ms
[2024-10-11T04:35:47.584+0800][info] GC(689) Concurrent Scan Root Regions
[2024-10-11T04:35:47.584+0800][info] GC(689) Concurrent Scan Root Regions 0.154ms
[2024-10-11T04:35:47.584+0800][info] GC(689) Concurrent Mark
[2024-10-11T04:35:47.584+0800][info] GC(689) Concurrent Mark From Roots
[2024-10-11T04:35:47.584+0800][info] GC(689) Using 12 workers of 12 for marking
[2024-10-11T04:35:47.588+0800][info] GC(689) Concurrent Mark From Roots 3.376ms
[2024-10-11T04:35:47.588+0800][info] GC(689) Concurrent Preclean
[2024-10-11T04:35:47.590+0800][info] GC(689) Concurrent Preclean 1.725ms
[2024-10-11T04:35:47.590+0800][info] GC(689) Pause Remark
[2024-10-11T04:35:47.591+0800][info] GC(689) Pause Remark 110M->110M(128M) 1.455ms
[2024-10-11T04:35:47.591+0800][info] GC(689) User=0.00s Sys=0.00s Real=0.00s
[2024-10-11T04:35:47.591+0800][info] GC(689) Concurrent Mark 6.875ms
[2024-10-11T04:35:47.591+0800][info] GC(689) Concurrent Rebuild Remembered Sets
[2024-10-11T04:35:47.593+0800][info] GC(689) Concurrent Rebuild Remembered Sets 1.623ms
[2024-10-11T04:35:47.593+0800][info] GC(689) Pause Cleanup
[2024-10-11T04:35:47.593+0800][info] GC(689) Pause Cleanup 110M->110M(128M) 0.259ms
[2024-10-11T04:35:47.593+0800][info] GC(689) User=0.00s Sys=0.00s Real=0.01s
[2024-10-11T04:35:47.593+0800][info] GC(689) Concurrent Cleanup for Next Mark
[2024-10-11T04:35:47.594+0800][info] GC(689) Concurrent Cleanup for Next Mark 0.365ms
[2024-10-11T04:35:47.594+0800][info] GC(689) Concurrent Mark Cycle 9.676ms
[2024-10-11T04:35:47.737+0800][info] GC(690) Pause Young (Prepare Mixed) (G1 Preventive Collection)
[2024-10-11T04:35:47.737+0800][info] GC(690) Using 3 workers of 48 for evacuation
[2024-10-11T04:35:47.738+0800][info] GC(690)   Pre Evacuate Collection Set: 0.1ms
[2024-10-11T04:35:47.738+0800][info] GC(690)   Merge Heap Roots: 0.1ms
[2024-10-11T04:35:47.738+0800][info] GC(690)   Evacuate Collection Set: 0.8ms
[2024-10-11T04:35:47.738+0800][info] GC(690)   Post Evacuate Collection Set: 0.2ms
[2024-10-11T04:35:47.738+0800][info] GC(690)   Other: 0.2ms
[2024-10-11T04:35:47.738+0800][info] GC(690) Eden regions: 2->0(2)
[2024-10-11T04:35:47.738+0800][info] GC(690) Survivor regions: 1->1(1)
[2024-10-11T04:35:47.738+0800][info] GC(690) Old regions: 52->54
[2024-10-11T04:35:47.738+0800][info] GC(690) Archive regions: 2->2
[2024-10-11T04:35:47.738+0800][info] GC(690) Humongous regions: 3->3
[2024-10-11T04:35:47.738+0800][info] GC(690) Metaspace: 1696K(1856K)->1696K(1856K) NonClass: 1572K(1664K)->1572K(1664K) Class: 124K(192K)->124K(192K)
[2024-10-11T04:35:47.738+0800][info] GC(690) Pause Young (Prepare Mixed) (G1 Preventive Collection) 113M->114M(128M) 1.465ms
[2024-10-11T04:35:47.738+0800][info] GC(690) User=0.00s Sys=0.00s Real=0.00s
[2024-10-11T04:35:47.799+0800][info] GC(691) Pause Young (Mixed) (G1 Preventive Collection)
[2024-10-11T04:35:47.799+0800][info] GC(691) Using 3 workers of 48 for evacuation
[2024-10-11T04:35:47.801+0800][info] GC(691) To-space exhausted
[2024-10-11T04:35:47.801+0800][info] GC(691)   Pre Evacuate Collection Set: 0.1ms
[2024-10-11T04:35:47.801+0800][info] GC(691)   Merge Heap Roots: 0.1ms
[2024-10-11T04:35:47.801+0800][info] GC(691)   Evacuate Collection Set: 1.4ms
[2024-10-11T04:35:47.801+0800][info] GC(691)   Post Evacuate Collection Set: 0.3ms
[2024-10-11T04:35:47.801+0800][info] GC(691)   Other: 0.2ms
[2024-10-11T04:35:47.801+0800][info] GC(691) Eden regions: 1->0(2)
[2024-10-11T04:35:47.801+0800][info] GC(691) Survivor regions: 1->1(1)
[2024-10-11T04:35:47.801+0800][info] GC(691) Old regions: 54->51
[2024-10-11T04:35:47.802+0800][info] GC(691) Archive regions: 2->2
[2024-10-11T04:35:47.802+0800][info] GC(691) Humongous regions: 3->3
[2024-10-11T04:35:47.802+0800][info] GC(691) Metaspace: 1696K(1856K)->1696K(1856K) NonClass: 1572K(1664K)->1572K(1664K) Class: 124K(192K)->124K(192K)
[2024-10-11T04:35:47.802+0800][info] GC(691) Pause Young (Mixed) (G1 Preventive Collection) 116M->110M(128M) 2.123ms
[2024-10-11T04:35:47.802+0800][info] GC(691) User=0.01s Sys=0.01s Real=0.00s
[2024-10-11T04:35:47.842+0800][info] GC(692) Pause Young (Mixed) (G1 Preventive Collection)
[2024-10-11T04:35:47.843+0800][info] GC(692) Using 3 workers of 48 for evacuation
[2024-10-11T04:35:47.845+0800][info] GC(692)   Pre Evacuate Collection Set: 0.1ms
[2024-10-11T04:35:47.845+0800][info] GC(692)   Merge Heap Roots: 0.1ms
[2024-10-11T04:35:47.845+0800][info] GC(692)   Evacuate Collection Set: 1.6ms
[2024-10-11T04:35:47.845+0800][info] GC(692)   Post Evacuate Collection Set: 0.2ms
[2024-10-11T04:35:47.845+0800][info] GC(692)   Other: 0.1ms
[2024-10-11T04:35:47.845+0800][info] GC(692) Eden regions: 1->0(2)
[2024-10-11T04:35:47.845+0800][info] GC(692) Survivor regions: 1->1(1)
[2024-10-11T04:35:47.845+0800][info] GC(692) Old regions: 51->49
[2024-10-11T04:35:47.845+0800][info] GC(692) Archive regions: 2->2
[2024-10-11T04:35:47.845+0800][info] GC(692) Humongous regions: 3->3
[2024-10-11T04:35:47.845+0800][info] GC(692) Metaspace: 1696K(1856K)->1696K(1856K) NonClass: 1572K(1664K)->1572K(1664K) Class: 124K(192K)->124K(192K)
[2024-10-11T04:35:47.845+0800][info] GC(692) Pause Young (Mixed) (G1 Preventive Collection) 111M->105M(128M) 2.278ms
[2024-10-11T04:35:47.845+0800][info] GC(692) User=0.00s Sys=0.00s Real=0.00s
[2024-10-11T04:35:47.946+0800][info] GC(693) Pause Young (Mixed) (G1 Preventive Collection)
[2024-10-11T04:35:47.946+0800][info] GC(693) Using 3 workers of 48 for evacuation
[2024-10-11T04:35:47.949+0800][info] GC(693)   Pre Evacuate Collection Set: 0.1ms
[2024-10-11T04:35:47.949+0800][info] GC(693)   Merge Heap Roots: 0.1ms
[2024-10-11T04:35:47.949+0800][info] GC(693)   Evacuate Collection Set: 1.9ms
[2024-10-11T04:35:47.949+0800][info] GC(693)   Post Evacuate Collection Set: 0.2ms
[2024-10-11T04:35:47.949+0800][info] GC(693)   Other: 0.1ms
[2024-10-11T04:35:47.949+0800][info] GC(693) Eden regions: 2->0(2)
[2024-10-11T04:35:47.949+0800][info] GC(693) Survivor regions: 1->1(1)
[2024-10-11T04:35:47.949+0800][info] GC(693) Old regions: 49->48
[2024-10-11T04:35:47.949+0800][info] GC(693) Archive regions: 2->2
[2024-10-11T04:35:47.949+0800][info] GC(693) Humongous regions: 3->3
[2024-10-11T04:35:47.949+0800][info] GC(693) Metaspace: 1696K(1856K)->1696K(1856K) NonClass: 1572K(1664K)->1572K(1664K) Class: 124K(192K)->124K(192K)
[2024-10-11T04:35:47.949+0800][info] GC(693) Pause Young (Mixed) (G1 Preventive Collection) 109M->103M(128M) 2.597ms
[2024-10-11T04:35:47.949+0800][info] GC(693) User=0.01s Sys=0.00s Real=0.00s
[2024-10-11T04:35:48.051+0800][info] GC(694) Pause Young (Mixed) (G1 Preventive Collection)
[2024-10-11T04:35:48.051+0800][info] GC(694) Using 3 workers of 48 for evacuation
[2024-10-11T04:35:48.053+0800][info] GC(694)   Pre Evacuate Collection Set: 0.1ms
[2024-10-11T04:35:48.053+0800][info] GC(694)   Merge Heap Roots: 0.1ms
[2024-10-11T04:35:48.053+0800][info] GC(694)   Evacuate Collection Set: 1.8ms
[2024-10-11T04:35:48.053+0800][info] GC(694)   Post Evacuate Collection Set: 0.2ms
[2024-10-11T04:35:48.053+0800][info] GC(694)   Other: 0.1ms
[2024-10-11T04:35:48.053+0800][info] GC(694) Eden regions: 2->0(2)
[2024-10-11T04:35:48.053+0800][info] GC(694) Survivor regions: 1->1(1)
[2024-10-11T04:35:48.054+0800][info] GC(694) Old regions: 48->47
[2024-10-11T04:35:48.054+0800][info] GC(694) Archive regions: 2->2
[2024-10-11T04:35:48.054+0800][info] GC(694) Humongous regions: 3->3
[2024-10-11T04:35:48.054+0800][info] GC(694) Metaspace: 1696K(1856K)->1696K(1856K) NonClass: 1572K(1664K)->1572K(1664K) Class: 124K(192K)->124K(192K)
[2024-10-11T04:35:48.054+0800][info] GC(694) Pause Young (Mixed) (G1 Preventive Collection) 107M->102M(128M) 2.486ms
[2024-10-11T04:35:48.054+0800][info] GC(694) User=0.01s Sys=0.00s Real=0.01s
[2024-10-11T04:35:48.155+0800][info] GC(695) Pause Young (Mixed) (G1 Evacuation Pause)
[2024-10-11T04:35:48.155+0800][info] GC(695) Using 3 workers of 48 for evacuation
[2024-10-11T04:35:48.158+0800][info] GC(695)   Pre Evacuate Collection Set: 0.1ms
[2024-10-11T04:35:48.158+0800][info] GC(695)   Merge Heap Roots: 0.1ms
[2024-10-11T04:35:48.158+0800][info] GC(695)   Evacuate Collection Set: 2.0ms
[2024-10-11T04:35:48.158+0800][info] GC(695)   Post Evacuate Collection Set: 0.2ms
[2024-10-11T04:35:48.158+0800][info] GC(695)   Other: 0.2ms
[2024-10-11T04:35:48.158+0800][info] GC(695) Eden regions: 2->0(2)
[2024-10-11T04:35:48.158+0800][info] GC(695) Survivor regions: 1->1(1)
[2024-10-11T04:35:48.158+0800][info] GC(695) Old regions: 47->47
[2024-10-11T04:35:48.158+0800][info] GC(695) Archive regions: 2->2
[2024-10-11T04:35:48.158+0800][info] GC(695) Humongous regions: 3->3
[2024-10-11T04:35:48.158+0800][info] GC(695) Metaspace: 1696K(1856K)->1696K(1856K) NonClass: 1572K(1664K)->1572K(1664K) Class: 124K(192K)->124K(192K)
[2024-10-11T04:35:48.158+0800][info] GC(695) Pause Young (Mixed) (G1 Evacuation Pause) 106M->103M(128M) 2.639ms
[2024-10-11T04:35:48.158+0800][info] GC(695) User=0.00s Sys=0.00s Real=0.00s
[2024-10-11T04:35:48.260+0800][info] GC(696) Pause Young (Normal) (G1 Evacuation Pause)
[2024-10-11T04:35:48.260+0800][info] GC(696) Using 3 workers of 48 for evacuation
[2024-10-11T04:35:48.261+0800][info] GC(696)   Pre Evacuate Collection Set: 0.1ms
[2024-10-11T04:35:48.261+0800][info] GC(696)   Merge Heap Roots: 0.0ms
[2024-10-11T04:35:48.261+0800][info] GC(696)   Evacuate Collection Set: 0.6ms
[2024-10-11T04:35:48.261+0800][info] GC(696)   Post Evacuate Collection Set: 0.2ms
[2024-10-11T04:35:48.261+0800][info] GC(696)   Other: 0.2ms
[2024-10-11T04:35:48.261+0800][info] GC(696) Eden regions: 2->0(2)
[2024-10-11T04:35:48.261+0800][info] GC(696) Survivor regions: 1->1(1)
[2024-10-11T04:35:48.261+0800][info] GC(696) Old regions: 47->49
[2024-10-11T04:35:48.261+0800][info] GC(696) Archive regions: 2->2
[2024-10-11T04:35:48.261+0800][info] GC(696) Humongous regions: 3->3
[2024-10-11T04:35:48.261+0800][info] GC(696) Metaspace: 1696K(1856K)->1696K(1856K) NonClass: 1572K(1664K)->1572K(1664K) Class: 124K(192K)->124K(192K)
[2024-10-11T04:35:48.261+0800][info] GC(696) Pause Young (Normal) (G1 Evacuation Pause) 106M->106M(128M) 1.225ms
[2024-10-11T04:35:48.261+0800][info] GC(696) User=0.00s Sys=0.00s Real=0.00s
[2024-10-11T04:35:48.363+0800][info] GC(697) Pause Young (Normal) (G1 Evacuation Pause)
[2024-10-11T04:35:48.363+0800][info] GC(697) Using 3 workers of 48 for evacuation
[2024-10-11T04:35:48.364+0800][info] GC(697)   Pre Evacuate Collection Set: 0.1ms
[2024-10-11T04:35:48.364+0800][info] GC(697)   Merge Heap Roots: 0.0ms
[2024-10-11T04:35:48.364+0800][info] GC(697)   Evacuate Collection Set: 0.7ms
[2024-10-11T04:35:48.364+0800][info] GC(697)   Post Evacuate Collection Set: 0.2ms
[2024-10-11T04:35:48.364+0800][info] GC(697)   Other: 0.2ms
[2024-10-11T04:35:48.364+0800][info] GC(697) Eden regions: 2->0(2)
[2024-10-11T04:35:48.364+0800][info] GC(697) Survivor regions: 1->1(1)
[2024-10-11T04:35:48.364+0800][info] GC(697) Old regions: 49->51
[2024-10-11T04:35:48.364+0800][info] GC(697) Archive regions: 2->2
[2024-10-11T04:35:48.364+0800][info] GC(697) Humongous regions: 3->3
[2024-10-11T04:35:48.364+0800][info] GC(697) Metaspace: 1696K(1856K)->1696K(1856K) NonClass: 1572K(1664K)->1572K(1664K) Class: 124K(192K)->124K(192K)
[2024-10-11T04:35:48.364+0800][info] GC(697) Pause Young (Normal) (G1 Evacuation Pause) 110M->110M(128M) 1.229ms
[2024-10-11T04:35:48.364+0800][info] GC(697) User=0.00s Sys=0.00s Real=0.00s
[2024-10-11T04:35:48.466+0800][info] GC(698) Pause Young (Concurrent Start) (G1 Evacuation Pause)
[2024-10-11T04:35:48.466+0800][info] GC(698) Using 3 workers of 48 for evacuation
[2024-10-11T04:35:48.467+0800][info] GC(698)   Pre Evacuate Collection Set: 0.1ms
[2024-10-11T04:35:48.467+0800][info] GC(698)   Merge Heap Roots: 0.0ms
[2024-10-11T04:35:48.467+0800][info] GC(698)   Evacuate Collection Set: 0.8ms
[2024-10-11T04:35:48.467+0800][info] GC(698)   Post Evacuate Collection Set: 0.2ms
[2024-10-11T04:35:48.467+0800][info] GC(698)   Other: 0.3ms
[2024-10-11T04:35:48.467+0800][info] GC(698) Eden regions: 2->0(2)
[2024-10-11T04:35:48.467+0800][info] GC(698) Survivor regions: 1->1(1)
[2024-10-11T04:35:48.467+0800][info] GC(698) Old regions: 51->53
[2024-10-11T04:35:48.467+0800][info] GC(698) Archive regions: 2->2
[2024-10-11T04:35:48.467+0800][info] GC(698) Humongous regions: 3->3
[2024-10-11T04:35:48.467+0800][info] GC(698) Metaspace: 1696K(1856K)->1696K(1856K) NonClass: 1572K(1664K)->1572K(1664K) Class: 124K(192K)->124K(192K)
[2024-10-11T04:35:48.467+0800][info] GC(698) Pause Young (Concurrent Start) (G1 Evacuation Pause) 113M->114M(128M) 1.471ms
[2024-10-11T04:35:48.467+0800][info] GC(698) User=0.00s Sys=0.00s Real=0.00s
[2024-10-11T04:35:48.467+0800][info] GC(699) Concurrent Mark Cycle
[2024-10-11T04:35:48.467+0800][info] GC(699) Concurrent Clear Claimed Marks
[2024-10-11T04:35:48.468+0800][info] GC(699) Concurrent Clear Claimed Marks 0.017ms
[2024-10-11T04:35:48.468+0800][info] GC(699) Concurrent Scan Root Regions
[2024-10-11T04:35:48.468+0800][info] GC(699) Concurrent Scan Root Regions 0.108ms
[2024-10-11T04:35:48.468+0800][info] GC(699) Concurrent Mark
[2024-10-11T04:35:48.468+0800][info] GC(699) Concurrent Mark From Roots
[2024-10-11T04:35:48.468+0800][info] GC(699) Using 12 workers of 12 for marking
[2024-10-11T04:35:48.474+0800][info] GC(699) Concurrent Mark From Roots 6.099ms
[2024-10-11T04:35:48.474+0800][info] GC(699) Concurrent Preclean
[2024-10-11T04:35:48.475+0800][info] GC(699) Concurrent Preclean 1.681ms
[2024-10-11T04:35:48.476+0800][info] GC(699) Pause Remark
[2024-10-11T04:35:48.477+0800][info] GC(699) Pause Remark 115M->115M(128M) 1.423ms
[2024-10-11T04:35:48.477+0800][info] GC(699) User=0.00s Sys=0.00s Real=0.00s
[2024-10-11T04:35:48.477+0800][info] GC(699) Concurrent Mark 9.533ms
[2024-10-11T04:35:48.477+0800][info] GC(699) Concurrent Rebuild Remembered Sets
[2024-10-11T04:35:48.479+0800][info] GC(699) Concurrent Rebuild Remembered Sets 1.404ms
[2024-10-11T04:35:48.479+0800][info] GC(699) Pause Cleanup
[2024-10-11T04:35:48.479+0800][info] GC(699) Pause Cleanup 115M->115M(128M) 0.174ms
[2024-10-11T04:35:48.479+0800][info] GC(699) User=0.00s Sys=0.00s Real=0.00s
[2024-10-11T04:35:48.479+0800][info] GC(699) Concurrent Cleanup for Next Mark
[2024-10-11T04:35:48.479+0800][info] GC(699) Concurrent Cleanup for Next Mark 0.409ms
[2024-10-11T04:35:48.479+0800][info] GC(699) Concurrent Mark Cycle 11.943ms
[2024-10-11T04:35:48.620+0800][info] GC(700) Pause Young (Prepare Mixed) (G1 Preventive Collection)
[2024-10-11T04:35:48.620+0800][info] GC(700) Using 3 workers of 48 for evacuation
[2024-10-11T04:35:48.621+0800][info] GC(700)   Pre Evacuate Collection Set: 0.1ms
[2024-10-11T04:35:48.621+0800][info] GC(700)   Merge Heap Roots: 0.1ms
[2024-10-11T04:35:48.621+0800][info] GC(700)   Evacuate Collection Set: 0.8ms
[2024-10-11T04:35:48.621+0800][info] GC(700)   Post Evacuate Collection Set: 0.2ms
[2024-10-11T04:35:48.621+0800][info] GC(700)   Other: 0.2ms
[2024-10-11T04:35:48.621+0800][info] GC(700) Eden regions: 2->0(2)
[2024-10-11T04:35:48.621+0800][info] GC(700) Survivor regions: 1->1(1)
[2024-10-11T04:35:48.621+0800][info] GC(700) Old regions: 53->55
[2024-10-11T04:35:48.621+0800][info] GC(700) Archive regions: 2->2
[2024-10-11T04:35:48.621+0800][info] GC(700) Humongous regions: 3->3
[2024-10-11T04:35:48.621+0800][info] GC(700) Metaspace: 1696K(1856K)->1696K(1856K) NonClass: 1572K(1664K)->1572K(1664K) Class: 124K(192K)->124K(192K)
[2024-10-11T04:35:48.621+0800][info] GC(700) Pause Young (Prepare Mixed) (G1 Preventive Collection) 118M->118M(128M) 1.448ms
[2024-10-11T04:35:48.621+0800][info] GC(700) User=0.00s Sys=0.00s Real=0.00s
[2024-10-11T04:35:48.683+0800][info] GC(701) Pause Young (Mixed) (G1 Preventive Collection)
[2024-10-11T04:35:48.683+0800][info] GC(701) Using 3 workers of 48 for evacuation
[2024-10-11T04:35:48.684+0800][info] GC(701) To-space exhausted
[2024-10-11T04:35:48.684+0800][info] GC(701)   Pre Evacuate Collection Set: 0.1ms
[2024-10-11T04:35:48.684+0800][info] GC(701)   Merge Heap Roots: 0.1ms
[2024-10-11T04:35:48.684+0800][info] GC(701)   Evacuate Collection Set: 0.7ms
[2024-10-11T04:35:48.684+0800][info] GC(701)   Post Evacuate Collection Set: 0.3ms
[2024-10-11T04:35:48.684+0800][info] GC(701)   Other: 0.2ms
[2024-10-11T04:35:48.684+0800][info] GC(701) Eden regions: 1->0(2)
[2024-10-11T04:35:48.684+0800][info] GC(701) Survivor regions: 1->1(1)
[2024-10-11T04:35:48.684+0800][info] GC(701) Old regions: 55->54
[2024-10-11T04:35:48.684+0800][info] GC(701) Archive regions: 2->2
[2024-10-11T04:35:48.684+0800][info] GC(701) Humongous regions: 3->3
[2024-10-11T04:35:48.684+0800][info] GC(701) Metaspace: 1696K(1856K)->1696K(1856K) NonClass: 1572K(1664K)->1572K(1664K) Class: 124K(192K)->124K(192K)
[2024-10-11T04:35:48.684+0800][info] GC(701) Pause Young (Mixed) (G1 Preventive Collection) 120M->117M(128M) 1.403ms
[2024-10-11T04:35:48.684+0800][info] GC(701) User=0.01s Sys=0.00s Real=0.00s
[2024-10-11T04:35:48.725+0800][info] GC(702) Pause Young (Mixed) (G1 Preventive Collection)
[2024-10-11T04:35:48.725+0800][info] GC(702) Using 3 workers of 48 for evacuation
[2024-10-11T04:35:48.727+0800][info] GC(702) To-space exhausted
[2024-10-11T04:35:48.727+0800][info] GC(702)   Pre Evacuate Collection Set: 0.1ms
[2024-10-11T04:35:48.727+0800][info] GC(702)   Merge Heap Roots: 0.1ms
[2024-10-11T04:35:48.727+0800][info] GC(702)   Evacuate Collection Set: 1.3ms
[2024-10-11T04:35:48.727+0800][info] GC(702)   Post Evacuate Collection Set: 0.3ms
[2024-10-11T04:35:48.727+0800][info] GC(702)   Other: 0.2ms
[2024-10-11T04:35:48.727+0800][info] GC(702) Eden regions: 1->0(2)
[2024-10-11T04:35:48.727+0800][info] GC(702) Survivor regions: 1->1(1)
[2024-10-11T04:35:48.727+0800][info] GC(702) Old regions: 54->56
[2024-10-11T04:35:48.727+0800][info] GC(702) Archive regions: 2->2
[2024-10-11T04:35:48.727+0800][info] GC(702) Humongous regions: 3->3
[2024-10-11T04:35:48.727+0800][info] GC(702) Metaspace: 1696K(1856K)->1696K(1856K) NonClass: 1572K(1664K)->1572K(1664K) Class: 124K(192K)->124K(192K)
[2024-10-11T04:35:48.727+0800][info] GC(702) Pause Young (Mixed) (G1 Preventive Collection) 118M->120M(128M) 2.042ms
[2024-10-11T04:35:48.727+0800][info] GC(702) User=0.00s Sys=0.00s Real=0.00s
[2024-10-11T04:35:48.788+0800][info] GC(703) Pause Young (Mixed) (G1 Preventive Collection)
[2024-10-11T04:35:48.788+0800][info] GC(703) Using 3 workers of 48 for evacuation
[2024-10-11T04:35:48.790+0800][info] GC(703) To-space exhausted
[2024-10-11T04:35:48.790+0800][info] GC(703)   Pre Evacuate Collection Set: 0.1ms
[2024-10-11T04:35:48.790+0800][info] GC(703)   Merge Heap Roots: 0.1ms
[2024-10-11T04:35:48.790+0800][info] GC(703)   Evacuate Collection Set: 0.8ms
[2024-10-11T04:35:48.790+0800][info] GC(703)   Post Evacuate Collection Set: 0.7ms
[2024-10-11T04:35:48.790+0800][info] GC(703)   Other: 0.2ms
[2024-10-11T04:35:48.790+0800][info] GC(703) Eden regions: 1->0(2)
[2024-10-11T04:35:48.790+0800][info] GC(703) Survivor regions: 1->1(1)
[2024-10-11T04:35:48.790+0800][info] GC(703) Old regions: 56->57
[2024-10-11T04:35:48.790+0800][info] GC(703) Archive regions: 2->2
[2024-10-11T04:35:48.790+0800][info] GC(703) Humongous regions: 3->3
[2024-10-11T04:35:48.790+0800][info] GC(703) Metaspace: 1696K(1856K)->1696K(1856K) NonClass: 1572K(1664K)->1572K(1664K) Class: 124K(192K)->124K(192K)
[2024-10-11T04:35:48.790+0800][info] GC(703) Pause Young (Mixed) (G1 Preventive Collection) 122M->122M(128M) 1.986ms
[2024-10-11T04:35:48.790+0800][info] GC(703) User=0.01s Sys=0.00s Real=0.00s
[2024-10-11T04:35:48.831+0800][info] GC(704) Pause Young (Mixed) (G1 Evacuation Pause)
[2024-10-11T04:35:48.831+0800][info] GC(704) Using 3 workers of 48 for evacuation
[2024-10-11T04:35:48.834+0800][info] GC(704) To-space exhausted
[2024-10-11T04:35:48.834+0800][info] GC(704)   Pre Evacuate Collection Set: 0.1ms
[2024-10-11T04:35:48.834+0800][info] GC(704)   Merge Heap Roots: 0.1ms
[2024-10-11T04:35:48.834+0800][info] GC(704)   Evacuate Collection Set: 1.2ms
[2024-10-11T04:35:48.834+0800][info] GC(704)   Post Evacuate Collection Set: 1.2ms
[2024-10-11T04:35:48.834+0800][info] GC(704)   Other: 0.2ms
[2024-10-11T04:35:48.834+0800][info] GC(704) Eden regions: 1->0(3)
[2024-10-11T04:35:48.834+0800][info] GC(704) Survivor regions: 1->0(0)
[2024-10-11T04:35:48.834+0800][info] GC(704) Old regions: 57->59
[2024-10-11T04:35:48.834+0800][info] GC(704) Archive regions: 2->2
[2024-10-11T04:35:48.834+0800][info] GC(704) Humongous regions: 3->3
[2024-10-11T04:35:48.834+0800][info] GC(704) Metaspace: 1696K(1856K)->1696K(1856K) NonClass: 1572K(1664K)->1572K(1664K) Class: 124K(192K)->124K(192K)
[2024-10-11T04:35:48.834+0800][info] GC(704) Pause Young (Mixed) (G1 Evacuation Pause) 124M->124M(128M) 2.919ms
[2024-10-11T04:35:48.834+0800][info] GC(704) User=0.00s Sys=0.00s Real=0.01s
[2024-10-11T04:35:48.834+0800][info] Attempting full compaction
[2024-10-11T04:35:48.834+0800][info] GC(705) Using 3 workers of 48 for full compaction
[2024-10-11T04:35:48.834+0800][info] GC(705) Pause Full (G1 Compaction Pause)
[2024-10-11T04:35:48.834+0800][info] GC(705) Phase 1: Mark live objects
[2024-10-11T04:35:48.837+0800][info] GC(705) Phase 1: Mark live objects 3.274ms
[2024-10-11T04:35:48.837+0800][info] GC(705) Phase 2: Prepare for compaction
[2024-10-11T04:35:48.838+0800][info] GC(705) Phase 2: Prepare for compaction 0.570ms
[2024-10-11T04:35:48.838+0800][info] GC(705) Phase 3: Adjust pointers
[2024-10-11T04:35:48.840+0800][info] GC(705) Phase 3: Adjust pointers 1.728ms
[2024-10-11T04:35:48.840+0800][info] GC(705) Phase 4: Compact heap
[2024-10-11T04:35:48.850+0800][info] GC(705) Phase 4: Compact heap 10.287ms
[2024-10-11T04:35:48.851+0800][info] GC(705) Eden regions: 0->0(4)
[2024-10-11T04:35:48.852+0800][info] GC(705) Survivor regions: 0->0(0)
[2024-10-11T04:35:48.852+0800][info] GC(705) Old regions: 59->38
[2024-10-11T04:35:48.852+0800][info] GC(705) Archive regions: 2->2
[2024-10-11T04:35:48.852+0800][info] GC(705) Humongous regions: 3->3
[2024-10-11T04:35:48.852+0800][info] GC(705) Metaspace: 1696K(1856K)->1696K(1856K) NonClass: 1572K(1664K)->1572K(1664K) Class: 124K(192K)->124K(192K)
[2024-10-11T04:35:48.852+0800][info] GC(705) Pause Full (G1 Compaction Pause) 124M->71M(128M) 17.521ms
[2024-10-11T04:35:48.852+0800][info] GC(705) User=0.05s Sys=0.00s Real=0.01s
[2024-10-11T04:35:49.076+0800][info] GC(706) Pause Young (Normal) (G1 Evacuation Pause)
[2024-10-11T04:35:49.076+0800][info] GC(706) Using 3 workers of 48 for evacuation
[2024-10-11T04:35:49.078+0800][info] GC(706)   Pre Evacuate Collection Set: 0.1ms
[2024-10-11T04:35:49.078+0800][info] GC(706)   Merge Heap Roots: 0.0ms
[2024-10-11T04:35:49.078+0800][info] GC(706)   Evacuate Collection Set: 1.1ms
[2024-10-11T04:35:49.078+0800][info] GC(706)   Post Evacuate Collection Set: 0.2ms
[2024-10-11T04:35:49.078+0800][info] GC(706)   Other: 0.2ms
[2024-10-11T04:35:49.078+0800][info] GC(706) Eden regions: 4->0(2)
[2024-10-11T04:35:49.078+0800][info] GC(706) Survivor regions: 0->1(1)
[2024-10-11T04:35:49.078+0800][info] GC(706) Old regions: 38->42
[2024-10-11T04:35:49.078+0800][info] GC(706) Archive regions: 2->2
[2024-10-11T04:35:49.078+0800][info] GC(706) Humongous regions: 3->3
[2024-10-11T04:35:49.078+0800][info] GC(706) Metaspace: 1696K(1856K)->1696K(1856K) NonClass: 1572K(1664K)->1572K(1664K) Class: 124K(192K)->124K(192K)
[2024-10-11T04:35:49.078+0800][info] GC(706) Pause Young (Normal) (G1 Evacuation Pause) 79M->79M(128M) 1.789ms
[2024-10-11T04:35:49.078+0800][info] GC(706) User=0.00s Sys=0.00s Real=0.00s
[2024-10-11T04:35:49.180+0800][info] GC(707) Pause Young (Normal) (G1 Evacuation Pause)
[2024-10-11T04:35:49.180+0800][info] GC(707) Using 3 workers of 48 for evacuation
[2024-10-11T04:35:49.181+0800][info] GC(707)   Pre Evacuate Collection Set: 0.1ms
[2024-10-11T04:35:49.181+0800][info] GC(707)   Merge Heap Roots: 0.0ms
[2024-10-11T04:35:49.181+0800][info] GC(707)   Evacuate Collection Set: 0.8ms
[2024-10-11T04:35:49.181+0800][info] GC(707)   Post Evacuate Collection Set: 0.2ms
[2024-10-11T04:35:49.181+0800][info] GC(707)   Other: 0.2ms
[2024-10-11T04:35:49.181+0800][info] GC(707) Eden regions: 2->0(2)
[2024-10-11T04:35:49.181+0800][info] GC(707) Survivor regions: 1->1(1)
[2024-10-11T04:35:49.181+0800][info] GC(707) Old regions: 42->44
[2024-10-11T04:35:49.181+0800][info] GC(707) Archive regions: 2->2
[2024-10-11T04:35:49.181+0800][info] GC(707) Humongous regions: 3->3
[2024-10-11T04:35:49.181+0800][info] GC(707) Metaspace: 1696K(1856K)->1696K(1856K) NonClass: 1572K(1664K)->1572K(1664K) Class: 124K(192K)->124K(192K)
[2024-10-11T04:35:49.181+0800][info] GC(707) Pause Young (Normal) (G1 Evacuation Pause) 83M->83M(128M) 1.419ms
[2024-10-11T04:35:49.181+0800][info] GC(707) User=0.01s Sys=0.00s Real=0.00s
[2024-10-11T04:35:49.283+0800][info] GC(708) Pause Young (Normal) (G1 Evacuation Pause)
[2024-10-11T04:35:49.283+0800][info] GC(708) Using 3 workers of 48 for evacuation
[2024-10-11T04:35:49.284+0800][info] GC(708)   Pre Evacuate Collection Set: 0.1ms
[2024-10-11T04:35:49.284+0800][info] GC(708)   Merge Heap Roots: 0.0ms
[2024-10-11T04:35:49.284+0800][info] GC(708)   Evacuate Collection Set: 0.6ms
[2024-10-11T04:35:49.284+0800][info] GC(708)   Post Evacuate Collection Set: 0.2ms
[2024-10-11T04:35:49.284+0800][info] GC(708)   Other: 0.2ms
[2024-10-11T04:35:49.284+0800][info] GC(708) Eden regions: 2->0(2)
[2024-10-11T04:35:49.284+0800][info] GC(708) Survivor regions: 1->1(1)
[2024-10-11T04:35:49.284+0800][info] GC(708) Old regions: 44->45
[2024-10-11T04:35:49.284+0800][info] GC(708) Archive regions: 2->2
[2024-10-11T04:35:49.284+0800][info] GC(708) Humongous regions: 3->3
[2024-10-11T04:35:49.284+0800][info] GC(708) Metaspace: 1696K(1856K)->1696K(1856K) NonClass: 1572K(1664K)->1572K(1664K) Class: 124K(192K)->124K(192K)
[2024-10-11T04:35:49.284+0800][info] GC(708) Pause Young (Normal) (G1 Evacuation Pause) 87M->87M(128M) 1.159ms
[2024-10-11T04:35:49.284+0800][info] GC(708) User=0.00s Sys=0.00s Real=0.00s
[2024-10-11T04:35:49.386+0800][info] GC(709) Pause Young (Normal) (G1 Evacuation Pause)
[2024-10-11T04:35:49.386+0800][info] GC(709) Using 3 workers of 48 for evacuation
[2024-10-11T04:35:49.387+0800][info] GC(709)   Pre Evacuate Collection Set: 0.1ms
[2024-10-11T04:35:49.387+0800][info] GC(709)   Merge Heap Roots: 0.0ms
[2024-10-11T04:35:49.387+0800][info] GC(709)   Evacuate Collection Set: 0.9ms
[2024-10-11T04:35:49.387+0800][info] GC(709)   Post Evacuate Collection Set: 0.2ms
[2024-10-11T04:35:49.387+0800][info] GC(709)   Other: 0.2ms
[2024-10-11T04:35:49.387+0800][info] GC(709) Eden regions: 2->0(2)
[2024-10-11T04:35:49.387+0800][info] GC(709) Survivor regions: 1->1(1)
[2024-10-11T04:35:49.387+0800][info] GC(709) Old regions: 45->47
[2024-10-11T04:35:49.387+0800][info] GC(709) Archive regions: 2->2
[2024-10-11T04:35:49.387+0800][info] GC(709) Humongous regions: 3->3
[2024-10-11T04:35:49.387+0800][info] GC(709) Metaspace: 1696K(1856K)->1696K(1856K) NonClass: 1572K(1664K)->1572K(1664K) Class: 124K(192K)->124K(192K)
[2024-10-11T04:35:49.387+0800][info] GC(709) Pause Young (Normal) (G1 Evacuation Pause) 90M->91M(128M) 1.501ms
[2024-10-11T04:35:49.387+0800][info] GC(709) User=0.01s Sys=0.00s Real=0.00s
[2024-10-11T04:35:49.489+0800][info] GC(710) Pause Young (Concurrent Start) (G1 Evacuation Pause)
[2024-10-11T04:35:49.489+0800][info] GC(710) Using 3 workers of 48 for evacuation
[2024-10-11T04:35:49.490+0800][info] GC(710)   Pre Evacuate Collection Set: 0.1ms
[2024-10-11T04:35:49.490+0800][info] GC(710)   Merge Heap Roots: 0.0ms
[2024-10-11T04:35:49.490+0800][info] GC(710)   Evacuate Collection Set: 0.9ms
[2024-10-11T04:35:49.490+0800][info] GC(710)   Post Evacuate Collection Set: 0.2ms
[2024-10-11T04:35:49.490+0800][info] GC(710)   Other: 0.4ms
[2024-10-11T04:35:49.490+0800][info] GC(710) Eden regions: 2->0(2)
[2024-10-11T04:35:49.490+0800][info] GC(710) Survivor regions: 1->1(1)
[2024-10-11T04:35:49.490+0800][info] GC(710) Old regions: 47->49
[2024-10-11T04:35:49.490+0800][info] GC(710) Archive regions: 2->2
[2024-10-11T04:35:49.490+0800][info] GC(710) Humongous regions: 3->3
[2024-10-11T04:35:49.491+0800][info] GC(710) Metaspace: 1696K(1856K)->1696K(1856K) NonClass: 1572K(1664K)->1572K(1664K) Class: 124K(192K)->124K(192K)
[2024-10-11T04:35:49.491+0800][info] GC(710) Pause Young (Concurrent Start) (G1 Evacuation Pause) 94M->95M(128M) 1.653ms
[2024-10-11T04:35:49.491+0800][info] GC(710) User=0.00s Sys=0.00s Real=0.00s
[2024-10-11T04:35:49.491+0800][info] GC(711) Concurrent Mark Cycle
[2024-10-11T04:35:49.491+0800][info] GC(711) Concurrent Clear Claimed Marks
[2024-10-11T04:35:49.491+0800][info] GC(711) Concurrent Clear Claimed Marks 0.017ms
[2024-10-11T04:35:49.491+0800][info] GC(711) Concurrent Scan Root Regions
[2024-10-11T04:35:49.491+0800][info] GC(711) Concurrent Scan Root Regions 0.129ms
[2024-10-11T04:35:49.491+0800][info] GC(711) Concurrent Mark
[2024-10-11T04:35:49.491+0800][info] GC(711) Concurrent Mark From Roots
[2024-10-11T04:35:49.491+0800][info] GC(711) Using 12 workers of 12 for marking
[2024-10-11T04:35:49.495+0800][info] GC(711) Concurrent Mark From Roots 3.924ms
[2024-10-11T04:35:49.495+0800][info] GC(711) Concurrent Preclean
[2024-10-11T04:35:49.497+0800][info] GC(711) Concurrent Preclean 1.683ms
[2024-10-11T04:35:49.497+0800][info] GC(711) Pause Remark
[2024-10-11T04:35:49.498+0800][info] GC(711) Pause Remark 95M->95M(128M) 1.483ms
[2024-10-11T04:35:49.498+0800][info] GC(711) User=0.00s Sys=0.00s Real=0.00s
[2024-10-11T04:35:49.498+0800][info] GC(711) Concurrent Mark 7.349ms
[2024-10-11T04:35:49.498+0800][info] GC(711) Concurrent Rebuild Remembered Sets
[2024-10-11T04:35:49.500+0800][info] GC(711) Concurrent Rebuild Remembered Sets 1.393ms
[2024-10-11T04:35:49.500+0800][info] GC(711) Pause Cleanup
[2024-10-11T04:35:49.500+0800][info] GC(711) Pause Cleanup 95M->95M(128M) 0.244ms
[2024-10-11T04:35:49.500+0800][info] GC(711) User=0.00s Sys=0.00s Real=0.00s
[2024-10-11T04:35:49.500+0800][info] GC(711) Concurrent Cleanup for Next Mark
[2024-10-11T04:35:49.500+0800][info] GC(711) Concurrent Cleanup for Next Mark 0.332ms
[2024-10-11T04:35:49.500+0800][info] GC(711) Concurrent Mark Cycle 9.831ms
[2024-10-11T04:35:49.563+0800][info] Heap
[2024-10-11T04:35:49.563+0800][info]  garbage-first heap   total 131072K, used 98102K [0x00000000f8000000, 0x0000000100000000)
[2024-10-11T04:35:49.563+0800][info]   region size 2048K, 2 young (4096K), 1 survivors (2048K)
[2024-10-11T04:35:49.563+0800][info]  Metaspace       used 1696K, committed 1856K, reserved 1114112K
[2024-10-11T04:35:49.563+0800][info]   class space    used 124K, committed 192K, reserved 1048576K
