[2024-10-11T04:25:37.623+0800][debug][gc,ergo,cset] GC(9) Pruned 7 regions out of 21, leaving 5607208 bytes waste (allowed 6710886)
[2024-10-11T04:25:38.138+0800][debug][gc,ergo,cset] GC(11) Start adding old regions to collection set. Min 2 regions, max 7 regions, time remaining 43.34ms, optional threshold 8.67ms
[2024-10-11T04:25:38.138+0800][debug][gc,ergo,cset] GC(11) Finish adding old regions to collection set (Maximum number of regions). Initial 7 regions, optional 0 regions
[2024-10-11T04:25:38.138+0800][debug][gc,ergo,cset] GC(11) Finish choosing collection set old regions. Initial: 7, optional: 0, predicted old time: 0.00ms, predicted optional time: 0.00ms, time remaining: 34.62
[2024-10-11T04:25:38.248+0800][debug][gc,ergo,cset] GC(12) Start adding old regions to collection set. Min 2 regions, max 7 regions, time remaining 41.87ms, optional threshold 8.37ms
[2024-10-11T04:25:38.248+0800][debug][gc,ergo,cset] GC(12) Old candidate collection set empty.
[2024-10-11T04:25:38.248+0800][debug][gc,ergo,cset] GC(12) Finish choosing collection set old regions. Initial: 7, optional: 0, predicted old time: 0.00ms, predicted optional time: 0.00ms, time remaining: 32.51
[2024-10-11T04:25:38.634+0800][debug][gc,ergo,cset] GC(14) Pruned 10 regions out of 24, leaving 6685024 bytes waste (allowed 6710886)
[2024-10-11T04:25:39.011+0800][debug][gc,ergo,cset] GC(16) Start adding old regions to collection set. Min 2 regions, max 7 regions, time remaining 45.31ms, optional threshold 9.06ms
[2024-10-11T04:25:39.011+0800][debug][gc,ergo,cset] GC(16) Finish adding old regions to collection set (Maximum number of regions). Initial 7 regions, optional 0 regions
[2024-10-11T04:25:39.011+0800][debug][gc,ergo,cset] GC(16) Finish choosing collection set old regions. Initial: 7, optional: 0, predicted old time: 0.00ms, predicted optional time: 0.00ms, time remaining: 39.90
[2024-10-11T04:25:39.121+0800][debug][gc,ergo,cset] GC(17) Start adding old regions to collection set. Min 2 regions, max 7 regions, time remaining 45.33ms, optional threshold 9.07ms
[2024-10-11T04:25:39.121+0800][debug][gc,ergo,cset] GC(17) Old candidate collection set empty.
[2024-10-11T04:25:39.121+0800][debug][gc,ergo,cset] GC(17) Finish choosing collection set old regions. Initial: 7, optional: 0, predicted old time: 0.00ms, predicted optional time: 0.00ms, time remaining: 38.03
[2024-10-11T04:25:39.362+0800][debug][gc,ergo,cset] GC(19) Pruned 12 regions out of 27, leaving 6624440 bytes waste (allowed 6710886)
[2024-10-11T04:25:39.675+0800][debug][gc,ergo,cset] GC(21) Start adding old regions to collection set. Min 2 regions, max 7 regions, time remaining 47.09ms, optional threshold 9.42ms
[2024-10-11T04:25:39.675+0800][debug][gc,ergo,cset] GC(21) Finish adding old regions to collection set (Maximum number of regions). Initial 7 regions, optional 0 regions
[2024-10-11T04:25:39.675+0800][debug][gc,ergo,cset] GC(21) Finish choosing collection set old regions. Initial: 7, optional: 0, predicted old time: 0.00ms, predicted optional time: 0.00ms, time remaining: 43.83
[2024-10-11T04:25:39.784+0800][debug][gc,ergo,cset] GC(22) Start adding old regions to collection set. Min 2 regions, max 7 regions, time remaining 46.99ms, optional threshold 9.40ms
[2024-10-11T04:25:39.784+0800][debug][gc,ergo,cset] GC(22) Finish adding old regions to collection set (Maximum number of regions). Initial 7 regions, optional 0 regions
[2024-10-11T04:25:39.784+0800][debug][gc,ergo,cset] GC(22) Finish choosing collection set old regions. Initial: 7, optional: 0, predicted old time: 0.00ms, predicted optional time: 0.00ms, time remaining: 42.54
[2024-10-11T04:25:39.889+0800][debug][gc,ergo,cset] GC(23) Start adding old regions to collection set. Min 2 regions, max 7 regions, time remaining 47.42ms, optional threshold 9.48ms
[2024-10-11T04:25:39.889+0800][debug][gc,ergo,cset] GC(23) Old candidate collection set empty.
[2024-10-11T04:25:39.889+0800][debug][gc,ergo,cset] GC(23) Finish choosing collection set old regions. Initial: 1, optional: 0, predicted old time: 0.00ms, predicted optional time: 0.00ms, time remaining: 46.82
[2024-10-11T04:25:40.214+0800][debug][gc,ergo,cset] GC(27) Pruned 11 regions out of 35, leaving 6303200 bytes waste (allowed 6710886)
[2024-10-11T04:25:40.464+0800][debug][gc,ergo,cset] GC(29) Start adding old regions to collection set. Min 3 regions, max 7 regions, time remaining 48.47ms, optional threshold 9.69ms
[2024-10-11T04:25:40.464+0800][debug][gc,ergo,cset] GC(29) Finish adding old regions to collection set (Maximum number of regions). Initial 7 regions, optional 0 regions
[2024-10-11T04:25:40.464+0800][debug][gc,ergo,cset] GC(29) Finish choosing collection set old regions. Initial: 7, optional: 0, predicted old time: 0.00ms, predicted optional time: 0.00ms, time remaining: 46.70
[2024-10-11T04:25:40.569+0800][debug][gc,ergo,cset] GC(30) Start adding old regions to collection set. Min 3 regions, max 7 regions, time remaining 48.56ms, optional threshold 9.71ms
[2024-10-11T04:25:40.569+0800][debug][gc,ergo,cset] GC(30) Finish adding old regions to collection set (Maximum number of regions). Initial 7 regions, optional 0 regions
[2024-10-11T04:25:40.569+0800][debug][gc,ergo,cset] GC(30) Finish choosing collection set old regions. Initial: 7, optional: 0, predicted old time: 0.00ms, predicted optional time: 0.00ms, time remaining: 46.64
[2024-10-11T04:25:40.674+0800][debug][gc,ergo,cset] GC(31) Start adding old regions to collection set. Min 3 regions, max 7 regions, time remaining 48.64ms, optional threshold 9.73ms
[2024-10-11T04:25:40.674+0800][debug][gc,ergo,cset] GC(31) Finish adding old regions to collection set (Maximum number of regions). Initial 7 regions, optional 0 regions
[2024-10-11T04:25:40.674+0800][debug][gc,ergo,cset] GC(31) Finish choosing collection set old regions. Initial: 7, optional: 0, predicted old time: 0.00ms, predicted optional time: 0.00ms, time remaining: 46.42
[2024-10-11T04:25:40.779+0800][debug][gc,ergo,cset] GC(32) Start adding old regions to collection set. Min 3 regions, max 7 regions, time remaining 48.68ms, optional threshold 9.74ms
[2024-10-11T04:25:40.779+0800][debug][gc,ergo,cset] GC(32) Old candidate collection set empty.
[2024-10-11T04:25:40.779+0800][debug][gc,ergo,cset] GC(32) Finish choosing collection set old regions. Initial: 3, optional: 0, predicted old time: 0.00ms, predicted optional time: 0.00ms, time remaining: 47.83
[2024-10-11T04:25:41.107+0800][debug][gc,ergo,cset] GC(36) Pruned 11 regions out of 35, leaving 6633304 bytes waste (allowed 6710886)
[2024-10-11T04:25:41.355+0800][debug][gc,ergo,cset] Preventive GC, insufficient free regions. Predicted need 5. Curr Eden 2 (Pred 3). Curr Survivor 1 (Pred 1). Curr Old 51 (Pred 1) Free 5 Alloc 1
[2024-10-11T04:25:41.355+0800][debug][gc,ergo,cset] GC(38) Start adding old regions to collection set. Min 3 regions, max 7 regions, time remaining 48.90ms, optional threshold 9.78ms
[2024-10-11T04:25:41.355+0800][debug][gc,ergo,cset] GC(38) Finish adding old regions to collection set (Maximum number of regions). Initial 7 regions, optional 0 regions
[2024-10-11T04:25:41.355+0800][debug][gc,ergo,cset] GC(38) Finish choosing collection set old regions. Initial: 7, optional: 0, predicted old time: 0.00ms, predicted optional time: 0.00ms, time remaining: 48.03
[2024-10-11T04:25:41.459+0800][debug][gc,ergo,cset] GC(39) Start adding old regions to collection set. Min 3 regions, max 7 regions, time remaining 48.89ms, optional threshold 9.78ms
[2024-10-11T04:25:41.459+0800][debug][gc,ergo,cset] GC(39) Finish adding old regions to collection set (Maximum number of regions). Initial 7 regions, optional 0 regions
[2024-10-11T04:25:41.459+0800][debug][gc,ergo,cset] GC(39) Finish choosing collection set old regions. Initial: 7, optional: 0, predicted old time: 0.00ms, predicted optional time: 0.00ms, time remaining: 47.71
[2024-10-11T04:25:41.565+0800][debug][gc,ergo,cset] GC(40) Start adding old regions to collection set. Min 3 regions, max 7 regions, time remaining 48.86ms, optional threshold 9.77ms
[2024-10-11T04:25:41.565+0800][debug][gc,ergo,cset] GC(40) Finish adding old regions to collection set (Maximum number of regions). Initial 7 regions, optional 0 regions
[2024-10-11T04:25:41.565+0800][debug][gc,ergo,cset] GC(40) Finish choosing collection set old regions. Initial: 7, optional: 0, predicted old time: 0.00ms, predicted optional time: 0.00ms, time remaining: 47.45
[2024-10-11T04:25:41.670+0800][debug][gc,ergo,cset] GC(41) Start adding old regions to collection set. Min 3 regions, max 7 regions, time remaining 48.86ms, optional threshold 9.77ms
[2024-10-11T04:25:41.670+0800][debug][gc,ergo,cset] GC(41) Old candidate collection set empty.
[2024-10-11T04:25:41.670+0800][debug][gc,ergo,cset] GC(41) Finish choosing collection set old regions. Initial: 3, optional: 0, predicted old time: 0.00ms, predicted optional time: 0.00ms, time remaining: 48.23
[2024-10-11T04:25:41.994+0800][debug][gc,ergo,cset] GC(45) Pruned 10 regions out of 38, leaving 6070576 bytes waste (allowed 6710886)
[2024-10-11T04:25:42.139+0800][debug][gc,ergo,cset] Preventive GC, insufficient free regions. Predicted need 4. Curr Eden 1 (Pred 2). Curr Survivor 1 (Pred 1). Curr Old 53 (Pred 1) Free 4 Alloc 1
[2024-10-11T04:25:42.140+0800][debug][gc,ergo,cset] GC(47) Start adding old regions to collection set. Min 4 regions, max 7 regions, time remaining 49.15ms, optional threshold 9.83ms
[2024-10-11T04:25:42.140+0800][debug][gc,ergo,cset] GC(47) Finish adding old regions to collection set (Maximum number of regions). Initial 7 regions, optional 0 regions
[2024-10-11T04:25:42.140+0800][debug][gc,ergo,cset] GC(47) Finish choosing collection set old regions. Initial: 7, optional: 0, predicted old time: 0.00ms, predicted optional time: 0.00ms, time remaining: 48.52
[2024-10-11T04:25:42.264+0800][debug][gc,ergo,cset] Preventive GC, insufficient free regions. Predicted need 6. Curr Eden 2 (Pred 3). Curr Survivor 1 (Pred 1). Curr Old 49 (Pred 2) Free 6 Alloc 1
[2024-10-11T04:25:42.265+0800][debug][gc,ergo,cset] GC(48) Start adding old regions to collection set. Min 4 regions, max 7 regions, time remaining 48.97ms, optional threshold 9.79ms
[2024-10-11T04:25:42.265+0800][debug][gc,ergo,cset] GC(48) Finish adding old regions to collection set (Maximum number of regions). Initial 7 regions, optional 0 regions
[2024-10-11T04:25:42.265+0800][debug][gc,ergo,cset] GC(48) Finish choosing collection set old regions. Initial: 7, optional: 0, predicted old time: 0.00ms, predicted optional time: 0.00ms, time remaining: 47.98
[2024-10-11T04:25:42.370+0800][debug][gc,ergo,cset] GC(49) Start adding old regions to collection set. Min 4 regions, max 7 regions, time remaining 48.89ms, optional threshold 9.78ms
[2024-10-11T04:25:42.370+0800][debug][gc,ergo,cset] GC(49) Finish adding old regions to collection set (Maximum number of regions). Initial 7 regions, optional 0 regions
[2024-10-11T04:25:42.370+0800][debug][gc,ergo,cset] GC(49) Finish choosing collection set old regions. Initial: 7, optional: 0, predicted old time: 0.00ms, predicted optional time: 0.00ms, time remaining: 47.64
[2024-10-11T04:25:42.474+0800][debug][gc,ergo,cset] GC(50) Start adding old regions to collection set. Min 4 regions, max 7 regions, time remaining 48.90ms, optional threshold 9.78ms
[2024-10-11T04:25:42.474+0800][debug][gc,ergo,cset] GC(50) Old candidate collection set empty.
[2024-10-11T04:25:42.474+0800][debug][gc,ergo,cset] GC(50) Finish choosing collection set old regions. Initial: 7, optional: 0, predicted old time: 0.00ms, predicted optional time: 0.00ms, time remaining: 47.51
[2024-10-11T04:25:42.799+0800][debug][gc,ergo,cset] GC(54) Pruned 10 regions out of 38, leaving 6126048 bytes waste (allowed 6710886)
[2024-10-11T04:25:43.047+0800][debug][gc,ergo,cset] Preventive GC, insufficient free regions. Predicted need 5. Curr Eden 2 (Pred 3). Curr Survivor 1 (Pred 1). Curr Old 51 (Pred 1) Free 5 Alloc 1
[2024-10-11T04:25:43.047+0800][debug][gc,ergo,cset] GC(56) Start adding old regions to collection set. Min 4 regions, max 7 regions, time remaining 48.98ms, optional threshold 9.80ms
[2024-10-11T04:25:43.047+0800][debug][gc,ergo,cset] GC(56) Finish adding old regions to collection set (Maximum number of regions). Initial 7 regions, optional 0 regions
[2024-10-11T04:25:43.047+0800][debug][gc,ergo,cset] GC(56) Finish choosing collection set old regions. Initial: 7, optional: 0, predicted old time: 0.00ms, predicted optional time: 0.00ms, time remaining: 48.39
[2024-10-11T04:25:43.151+0800][debug][gc,ergo,cset] Preventive GC, insufficient free regions. Predicted need 6. Curr Eden 2 (Pred 3). Curr Survivor 1 (Pred 1). Curr Old 50 (Pred 2) Free 6 Alloc 1
[2024-10-11T04:25:43.151+0800][debug][gc,ergo,cset] GC(57) Start adding old regions to collection set. Min 4 regions, max 7 regions, time remaining 48.97ms, optional threshold 9.79ms
[2024-10-11T04:25:43.151+0800][debug][gc,ergo,cset] GC(57) Finish adding old regions to collection set (Maximum number of regions). Initial 7 regions, optional 0 regions
[2024-10-11T04:25:43.151+0800][debug][gc,ergo,cset] GC(57) Finish choosing collection set old regions. Initial: 7, optional: 0, predicted old time: 0.00ms, predicted optional time: 0.00ms, time remaining: 48.10
[2024-10-11T04:25:43.256+0800][debug][gc,ergo,cset] Preventive GC, insufficient free regions. Predicted need 7. Curr Eden 2 (Pred 3). Curr Survivor 1 (Pred 1). Curr Old 50 (Pred 3) Free 6 Alloc 1
[2024-10-11T04:25:43.256+0800][debug][gc,ergo,cset] GC(58) Start adding old regions to collection set. Min 4 regions, max 7 regions, time remaining 48.97ms, optional threshold 9.79ms
[2024-10-11T04:25:43.256+0800][debug][gc,ergo,cset] GC(58) Finish adding old regions to collection set (Maximum number of regions). Initial 7 regions, optional 0 regions
[2024-10-11T04:25:43.256+0800][debug][gc,ergo,cset] GC(58) Finish choosing collection set old regions. Initial: 7, optional: 0, predicted old time: 0.00ms, predicted optional time: 0.00ms, time remaining: 47.78
[2024-10-11T04:25:43.320+0800][debug][gc,ergo,cset] Preventive GC, insufficient free regions. Predicted need 6. Curr Eden 1 (Pred 2). Curr Survivor 1 (Pred 1). Curr Old 54 (Pred 3) Free 3 Alloc 1
[2024-10-11T04:25:43.320+0800][debug][gc,ergo,cset] GC(59) Start adding old regions to collection set. Min 4 regions, max 7 regions, time remaining 49.18ms, optional threshold 9.84ms
[2024-10-11T04:25:43.320+0800][debug][gc,ergo,cset] GC(59) Old candidate collection set empty.
[2024-10-11T04:25:43.320+0800][debug][gc,ergo,cset] GC(59) Finish choosing collection set old regions. Initial: 7, optional: 0, predicted old time: 0.00ms, predicted optional time: 0.00ms, time remaining: 47.85
[2024-10-11T04:25:43.936+0800][debug][gc,ergo,cset] GC(67) Pruned 12 regions out of 35, leaving 6552720 bytes waste (allowed 6710886)
[2024-10-11T04:25:44.184+0800][debug][gc,ergo,cset] GC(69) Start adding old regions to collection set. Min 3 regions, max 7 regions, time remaining 48.98ms, optional threshold 9.80ms
[2024-10-11T04:25:44.184+0800][debug][gc,ergo,cset] GC(69) Finish adding old regions to collection set (Maximum number of regions). Initial 7 regions, optional 0 regions
[2024-10-11T04:25:44.184+0800][debug][gc,ergo,cset] GC(69) Finish choosing collection set old regions. Initial: 7, optional: 0, predicted old time: 0.00ms, predicted optional time: 0.00ms, time remaining: 48.19
[2024-10-11T04:25:44.288+0800][debug][gc,ergo,cset] GC(70) Start adding old regions to collection set. Min 3 regions, max 7 regions, time remaining 48.93ms, optional threshold 9.79ms
[2024-10-11T04:25:44.288+0800][debug][gc,ergo,cset] GC(70) Finish adding old regions to collection set (Maximum number of regions). Initial 7 regions, optional 0 regions
[2024-10-11T04:25:44.288+0800][debug][gc,ergo,cset] GC(70) Finish choosing collection set old regions. Initial: 7, optional: 0, predicted old time: 0.00ms, predicted optional time: 0.00ms, time remaining: 47.91
[2024-10-11T04:25:44.394+0800][debug][gc,ergo,cset] GC(71) Start adding old regions to collection set. Min 3 regions, max 7 regions, time remaining 48.91ms, optional threshold 9.78ms
[2024-10-11T04:25:44.394+0800][debug][gc,ergo,cset] GC(71) Finish adding old regions to collection set (Maximum number of regions). Initial 7 regions, optional 0 regions
[2024-10-11T04:25:44.394+0800][debug][gc,ergo,cset] GC(71) Finish choosing collection set old regions. Initial: 7, optional: 0, predicted old time: 0.00ms, predicted optional time: 0.00ms, time remaining: 47.57
[2024-10-11T04:25:44.498+0800][debug][gc,ergo,cset] GC(72) Start adding old regions to collection set. Min 3 regions, max 7 regions, time remaining 48.89ms, optional threshold 9.78ms
[2024-10-11T04:25:44.498+0800][debug][gc,ergo,cset] GC(72) Old candidate collection set empty.
[2024-10-11T04:25:44.498+0800][debug][gc,ergo,cset] GC(72) Finish choosing collection set old regions. Initial: 2, optional: 0, predicted old time: 0.00ms, predicted optional time: 0.00ms, time remaining: 48.51
[2024-10-11T04:25:44.822+0800][debug][gc,ergo,cset] GC(76) Pruned 9 regions out of 39, leaving 6175448 bytes waste (allowed 6710886)
[2024-10-11T04:25:44.966+0800][debug][gc,ergo,cset] Preventive GC, insufficient free regions. Predicted need 4. Curr Eden 2 (Pred 3). Curr Survivor 1 (Pred 1). Curr Old 52 (Pred 0) Free 4 Alloc 1
[2024-10-11T04:25:45.029+0800][debug][gc,ergo,cset] Preventive GC, insufficient free regions. Predicted need 4. Curr Eden 1 (Pred 2). Curr Survivor 1 (Pred 1). Curr Old 54 (Pred 1) Free 3 Alloc 1
[2024-10-11T04:25:45.029+0800][debug][gc,ergo,cset] GC(78) Start adding old regions to collection set. Min 4 regions, max 7 regions, time remaining 49.17ms, optional threshold 9.83ms
[2024-10-11T04:25:45.029+0800][debug][gc,ergo,cset] GC(78) Finish adding old regions to collection set (Maximum number of regions). Initial 7 regions, optional 0 regions
[2024-10-11T04:25:45.029+0800][debug][gc,ergo,cset] GC(78) Finish choosing collection set old regions. Initial: 7, optional: 0, predicted old time: 0.00ms, predicted optional time: 0.00ms, time remaining: 48.68
[2024-10-11T04:25:45.133+0800][debug][gc,ergo,cset] GC(79) Start adding old regions to collection set. Min 4 regions, max 7 regions, time remaining 48.95ms, optional threshold 9.79ms
[2024-10-11T04:25:45.133+0800][debug][gc,ergo,cset] GC(79) Finish adding old regions to collection set (Maximum number of regions). Initial 7 regions, optional 0 regions
[2024-10-11T04:25:45.133+0800][debug][gc,ergo,cset] GC(79) Finish choosing collection set old regions. Initial: 7, optional: 0, predicted old time: 0.00ms, predicted optional time: 0.00ms, time remaining: 48.04
[2024-10-11T04:25:45.238+0800][debug][gc,ergo,cset] GC(80) Start adding old regions to collection set. Min 4 regions, max 7 regions, time remaining 48.91ms, optional threshold 9.78ms
[2024-10-11T04:25:45.238+0800][debug][gc,ergo,cset] GC(80) Finish adding old regions to collection set (Maximum number of regions). Initial 7 regions, optional 0 regions
[2024-10-11T04:25:45.238+0800][debug][gc,ergo,cset] GC(80) Finish choosing collection set old regions. Initial: 7, optional: 0, predicted old time: 0.00ms, predicted optional time: 0.00ms, time remaining: 47.80
[2024-10-11T04:25:45.343+0800][debug][gc,ergo,cset] GC(81) Start adding old regions to collection set. Min 4 regions, max 7 regions, time remaining 48.93ms, optional threshold 9.79ms
[2024-10-11T04:25:45.343+0800][debug][gc,ergo,cset] GC(81) Finish adding old regions to collection set (Maximum number of regions). Initial 7 regions, optional 0 regions
[2024-10-11T04:25:45.343+0800][debug][gc,ergo,cset] GC(81) Finish choosing collection set old regions. Initial: 7, optional: 0, predicted old time: 0.00ms, predicted optional time: 0.00ms, time remaining: 47.68
[2024-10-11T04:25:45.448+0800][debug][gc,ergo,cset] GC(82) Start adding old regions to collection set. Min 4 regions, max 7 regions, time remaining 48.93ms, optional threshold 9.79ms
[2024-10-11T04:25:45.448+0800][debug][gc,ergo,cset] GC(82) Old candidate collection set empty.
[2024-10-11T04:25:45.448+0800][debug][gc,ergo,cset] GC(82) Finish choosing collection set old regions. Initial: 2, optional: 0, predicted old time: 0.00ms, predicted optional time: 0.00ms, time remaining: 48.57
[2024-10-11T04:25:45.666+0800][debug][gc,ergo,cset] GC(85) Pruned 10 regions out of 40, leaving 6172768 bytes waste (allowed 6710886)
[2024-10-11T04:25:45.811+0800][debug][gc,ergo,cset] Preventive GC, insufficient free regions. Predicted need 4. Curr Eden 2 (Pred 3). Curr Survivor 1 (Pred 1). Curr Old 52 (Pred 0) Free 4 Alloc 1
[2024-10-11T04:25:45.874+0800][debug][gc,ergo,cset] Preventive GC, insufficient free regions. Predicted need 4. Curr Eden 1 (Pred 2). Curr Survivor 1 (Pred 1). Curr Old 54 (Pred 1) Free 3 Alloc 1
[2024-10-11T04:25:45.874+0800][debug][gc,ergo,cset] GC(87) Start adding old regions to collection set. Min 4 regions, max 7 regions, time remaining 49.15ms, optional threshold 9.83ms
[2024-10-11T04:25:45.874+0800][debug][gc,ergo,cset] GC(87) Finish adding old regions to collection set (Maximum number of regions). Initial 7 regions, optional 0 regions
[2024-10-11T04:25:45.874+0800][debug][gc,ergo,cset] GC(87) Finish choosing collection set old regions. Initial: 7, optional: 0, predicted old time: 0.00ms, predicted optional time: 0.00ms, time remaining: 48.48
[2024-10-11T04:25:45.917+0800][debug][gc,ergo,cset] Preventive GC, insufficient free regions. Predicted need 5. Curr Eden 1 (Pred 2). Curr Survivor 1 (Pred 1). Curr Old 53 (Pred 2) Free 4 Alloc 1
[2024-10-11T04:25:45.917+0800][debug][gc,ergo,cset] GC(88) Start adding old regions to collection set. Min 4 regions, max 7 regions, time remaining 49.12ms, optional threshold 9.82ms
[2024-10-11T04:25:45.917+0800][debug][gc,ergo,cset] GC(88) Finish adding old regions to collection set (Maximum number of regions). Initial 7 regions, optional 0 regions
[2024-10-11T04:25:45.917+0800][debug][gc,ergo,cset] GC(88) Finish choosing collection set old regions. Initial: 7, optional: 0, predicted old time: 0.00ms, predicted optional time: 0.00ms, time remaining: 48.24
[2024-10-11T04:25:45.981+0800][debug][gc,ergo,cset] Preventive GC, insufficient free regions. Predicted need 5. Curr Eden 1 (Pred 2). Curr Survivor 1 (Pred 1). Curr Old 53 (Pred 2) Free 4 Alloc 1
[2024-10-11T04:25:45.981+0800][debug][gc,ergo,cset] GC(89) Start adding old regions to collection set. Min 4 regions, max 7 regions, time remaining 49.12ms, optional threshold 9.82ms
[2024-10-11T04:25:45.981+0800][debug][gc,ergo,cset] GC(89) Finish adding old regions to collection set (Maximum number of regions). Initial 7 regions, optional 0 regions
[2024-10-11T04:25:45.981+0800][debug][gc,ergo,cset] GC(89) Finish choosing collection set old regions. Initial: 7, optional: 0, predicted old time: 0.00ms, predicted optional time: 0.00ms, time remaining: 48.11
[2024-10-11T04:25:46.024+0800][debug][gc,ergo,cset] GC(90) Start adding old regions to collection set. Min 4 regions, max 7 regions, time remaining 49.09ms, optional threshold 9.82ms
[2024-10-11T04:25:46.024+0800][debug][gc,ergo,cset] GC(90) Finish adding old regions to collection set (Maximum number of regions). Initial 7 regions, optional 0 regions
[2024-10-11T04:25:46.024+0800][debug][gc,ergo,cset] GC(90) Finish choosing collection set old regions. Initial: 7, optional: 0, predicted old time: 0.00ms, predicted optional time: 0.00ms, time remaining: 47.73
[2024-10-11T04:25:46.572+0800][debug][gc,ergo,cset] GC(96) Pruned 11 regions out of 32, leaving 6078040 bytes waste (allowed 6710886)
[2024-10-11T04:25:46.842+0800][debug][gc,ergo,cset] GC(98) Start adding old regions to collection set. Min 3 regions, max 7 regions, time remaining 48.94ms, optional threshold 9.79ms
[2024-10-11T04:25:46.842+0800][debug][gc,ergo,cset] GC(98) Finish adding old regions to collection set (Maximum number of regions). Initial 7 regions, optional 0 regions
[2024-10-11T04:25:46.842+0800][debug][gc,ergo,cset] GC(98) Finish choosing collection set old regions. Initial: 7, optional: 0, predicted old time: 0.00ms, predicted optional time: 0.00ms, time remaining: 48.24
[2024-10-11T04:25:46.946+0800][debug][gc,ergo,cset] GC(99) Start adding old regions to collection set. Min 3 regions, max 7 regions, time remaining 48.93ms, optional threshold 9.79ms
[2024-10-11T04:25:46.946+0800][debug][gc,ergo,cset] GC(99) Finish adding old regions to collection set (Maximum number of regions). Initial 7 regions, optional 0 regions
[2024-10-11T04:25:46.946+0800][debug][gc,ergo,cset] GC(99) Finish choosing collection set old regions. Initial: 7, optional: 0, predicted old time: 0.00ms, predicted optional time: 0.00ms, time remaining: 47.68
[2024-10-11T04:25:47.051+0800][debug][gc,ergo,cset] GC(100) Start adding old regions to collection set. Min 3 regions, max 7 regions, time remaining 48.92ms, optional threshold 9.78ms
[2024-10-11T04:25:47.051+0800][debug][gc,ergo,cset] GC(100) Old candidate collection set empty.
[2024-10-11T04:25:47.051+0800][debug][gc,ergo,cset] GC(100) Finish choosing collection set old regions. Initial: 7, optional: 0, predicted old time: 0.00ms, predicted optional time: 0.00ms, time remaining: 47.66
[2024-10-11T04:25:47.374+0800][debug][gc,ergo,cset] GC(104) Pruned 11 regions out of 41, leaving 6047376 bytes waste (allowed 6710886)
[2024-10-11T04:25:47.582+0800][debug][gc,ergo,cset] Preventive GC, insufficient free regions. Predicted need 4. Curr Eden 1 (Pred 2). Curr Survivor 1 (Pred 1). Curr Old 53 (Pred 1) Free 4 Alloc 1
[2024-10-11T04:25:47.582+0800][debug][gc,ergo,cset] GC(106) Start adding old regions to collection set. Min 4 regions, max 7 regions, time remaining 49.16ms, optional threshold 9.83ms
[2024-10-11T04:25:47.582+0800][debug][gc,ergo,cset] GC(106) Finish adding old regions to collection set (Maximum number of regions). Initial 7 regions, optional 0 regions
[2024-10-11T04:25:47.582+0800][debug][gc,ergo,cset] GC(106) Finish choosing collection set old regions. Initial: 7, optional: 0, predicted old time: 0.00ms, predicted optional time: 0.00ms, time remaining: 48.64
[2024-10-11T04:25:47.686+0800][debug][gc,ergo,cset] GC(107) Start adding old regions to collection set. Min 4 regions, max 7 regions, time remaining 48.95ms, optional threshold 9.79ms
[2024-10-11T04:25:47.686+0800][debug][gc,ergo,cset] GC(107) Finish adding old regions to collection set (Maximum number of regions). Initial 7 regions, optional 0 regions
[2024-10-11T04:25:47.686+0800][debug][gc,ergo,cset] GC(107) Finish choosing collection set old regions. Initial: 7, optional: 0, predicted old time: 0.00ms, predicted optional time: 0.00ms, time remaining: 48.01
[2024-10-11T04:25:47.791+0800][debug][gc,ergo,cset] GC(108) Start adding old regions to collection set. Min 4 regions, max 7 regions, time remaining 48.92ms, optional threshold 9.78ms
[2024-10-11T04:25:47.791+0800][debug][gc,ergo,cset] GC(108) Finish adding old regions to collection set (Maximum number of regions). Initial 7 regions, optional 0 regions
[2024-10-11T04:25:47.791+0800][debug][gc,ergo,cset] GC(108) Finish choosing collection set old regions. Initial: 7, optional: 0, predicted old time: 0.00ms, predicted optional time: 0.00ms, time remaining: 47.76
[2024-10-11T04:25:47.896+0800][debug][gc,ergo,cset] GC(109) Start adding old regions to collection set. Min 4 regions, max 7 regions, time remaining 48.89ms, optional threshold 9.78ms
[2024-10-11T04:25:47.896+0800][debug][gc,ergo,cset] GC(109) Finish adding old regions to collection set (Maximum number of regions). Initial 7 regions, optional 0 regions
[2024-10-11T04:25:47.896+0800][debug][gc,ergo,cset] GC(109) Finish choosing collection set old regions. Initial: 7, optional: 0, predicted old time: 0.00ms, predicted optional time: 0.00ms, time remaining: 47.62
[2024-10-11T04:25:48.001+0800][debug][gc,ergo,cset] GC(110) Start adding old regions to collection set. Min 4 regions, max 7 regions, time remaining 48.91ms, optional threshold 9.78ms
[2024-10-11T04:25:48.001+0800][debug][gc,ergo,cset] GC(110) Old candidate collection set empty.
[2024-10-11T04:25:48.001+0800][debug][gc,ergo,cset] GC(110) Finish choosing collection set old regions. Initial: 2, optional: 0, predicted old time: 0.00ms, predicted optional time: 0.00ms, time remaining: 48.50
[2024-10-11T04:25:48.220+0800][debug][gc,ergo,cset] GC(113) Pruned 10 regions out of 40, leaving 6072688 bytes waste (allowed 6710886)
[2024-10-11T04:25:48.428+0800][debug][gc,ergo,cset] Preventive GC, insufficient free regions. Predicted need 5. Curr Eden 1 (Pred 2). Curr Survivor 1 (Pred 1). Curr Old 53 (Pred 2) Free 4 Alloc 1
[2024-10-11T04:25:48.428+0800][debug][gc,ergo,cset] GC(115) Start adding old regions to collection set. Min 4 regions, max 7 regions, time remaining 49.15ms, optional threshold 9.83ms
[2024-10-11T04:25:48.428+0800][debug][gc,ergo,cset] GC(115) Finish adding old regions to collection set (Maximum number of regions). Initial 7 regions, optional 0 regions
[2024-10-11T04:25:48.428+0800][debug][gc,ergo,cset] GC(115) Finish choosing collection set old regions. Initial: 7, optional: 0, predicted old time: 0.00ms, predicted optional time: 0.00ms, time remaining: 48.41
[2024-10-11T04:25:48.532+0800][debug][gc,ergo,cset] GC(116) Start adding old regions to collection set. Min 4 regions, max 7 regions, time remaining 48.91ms, optional threshold 9.78ms
[2024-10-11T04:25:48.532+0800][debug][gc,ergo,cset] GC(116) Finish adding old regions to collection set (Maximum number of regions). Initial 7 regions, optional 0 regions
[2024-10-11T04:25:48.532+0800][debug][gc,ergo,cset] GC(116) Finish choosing collection set old regions. Initial: 7, optional: 0, predicted old time: 0.00ms, predicted optional time: 0.00ms, time remaining: 48.02
[2024-10-11T04:25:48.638+0800][debug][gc,ergo,cset] GC(117) Start adding old regions to collection set. Min 4 regions, max 7 regions, time remaining 48.90ms, optional threshold 9.78ms
[2024-10-11T04:25:48.638+0800][debug][gc,ergo,cset] GC(117) Finish adding old regions to collection set (Maximum number of regions). Initial 7 regions, optional 0 regions
[2024-10-11T04:25:48.638+0800][debug][gc,ergo,cset] GC(117) Finish choosing collection set old regions. Initial: 7, optional: 0, predicted old time: 0.00ms, predicted optional time: 0.00ms, time remaining: 47.85
[2024-10-11T04:25:48.742+0800][debug][gc,ergo,cset] GC(118) Start adding old regions to collection set. Min 4 regions, max 7 regions, time remaining 48.90ms, optional threshold 9.78ms
[2024-10-11T04:25:48.742+0800][debug][gc,ergo,cset] GC(118) Finish adding old regions to collection set (Maximum number of regions). Initial 7 regions, optional 0 regions
[2024-10-11T04:25:48.742+0800][debug][gc,ergo,cset] GC(118) Finish choosing collection set old regions. Initial: 7, optional: 0, predicted old time: 0.00ms, predicted optional time: 0.00ms, time remaining: 47.67
[2024-10-11T04:25:48.848+0800][debug][gc,ergo,cset] GC(119) Start adding old regions to collection set. Min 4 regions, max 7 regions, time remaining 48.81ms, optional threshold 9.76ms
[2024-10-11T04:25:48.848+0800][debug][gc,ergo,cset] GC(119) Old candidate collection set empty.
[2024-10-11T04:25:48.848+0800][debug][gc,ergo,cset] GC(119) Finish choosing collection set old regions. Initial: 2, optional: 0, predicted old time: 0.00ms, predicted optional time: 0.00ms, time remaining: 48.42
[2024-10-11T04:25:49.169+0800][debug][gc,ergo,cset] GC(123) Pruned 11 regions out of 42, leaving 6638712 bytes waste (allowed 6710886)
[2024-10-11T04:25:49.314+0800][debug][gc,ergo,cset] Preventive GC, insufficient free regions. Predicted need 4. Curr Eden 2 (Pred 3). Curr Survivor 1 (Pred 1). Curr Old 52 (Pred 0) Free 4 Alloc 1
[2024-10-11T04:25:49.377+0800][debug][gc,ergo,cset] Preventive GC, insufficient free regions. Predicted need 4. Curr Eden 1 (Pred 2). Curr Survivor 1 (Pred 1). Curr Old 54 (Pred 1) Free 3 Alloc 1
[2024-10-11T04:25:49.377+0800][debug][gc,ergo,cset] GC(125) Start adding old regions to collection set. Min 4 regions, max 7 regions, time remaining 49.19ms, optional threshold 9.84ms
[2024-10-11T04:25:49.377+0800][debug][gc,ergo,cset] GC(125) Finish adding old regions to collection set (Maximum number of regions). Initial 7 regions, optional 0 regions
[2024-10-11T04:25:49.377+0800][debug][gc,ergo,cset] GC(125) Finish choosing collection set old regions. Initial: 7, optional: 0, predicted old time: 0.00ms, predicted optional time: 0.00ms, time remaining: 48.49
[2024-10-11T04:25:49.419+0800][debug][gc,ergo,cset] Preventive GC, insufficient free regions. Predicted need 5. Curr Eden 1 (Pred 2). Curr Survivor 1 (Pred 1). Curr Old 53 (Pred 2) Free 4 Alloc 1
[2024-10-11T04:25:49.420+0800][debug][gc,ergo,cset] GC(126) Start adding old regions to collection set. Min 4 regions, max 7 regions, time remaining 49.16ms, optional threshold 9.83ms
[2024-10-11T04:25:49.420+0800][debug][gc,ergo,cset] GC(126) Finish adding old regions to collection set (Maximum number of regions). Initial 7 regions, optional 0 regions
[2024-10-11T04:25:49.420+0800][debug][gc,ergo,cset] GC(126) Finish choosing collection set old regions. Initial: 7, optional: 0, predicted old time: 0.00ms, predicted optional time: 0.00ms, time remaining: 48.19
[2024-10-11T04:25:49.483+0800][debug][gc,ergo,cset] Preventive GC, insufficient free regions. Predicted need 6. Curr Eden 1 (Pred 2). Curr Survivor 1 (Pred 1). Curr Old 54 (Pred 3) Free 3 Alloc 1
[2024-10-11T04:25:49.483+0800][debug][gc,ergo,cset] GC(127) Start adding old regions to collection set. Min 4 regions, max 7 regions, time remaining 49.16ms, optional threshold 9.83ms
[2024-10-11T04:25:49.483+0800][debug][gc,ergo,cset] GC(127) Finish adding old regions to collection set (Maximum number of regions). Initial 7 regions, optional 0 regions
[2024-10-11T04:25:49.483+0800][debug][gc,ergo,cset] GC(127) Finish choosing collection set old regions. Initial: 7, optional: 0, predicted old time: 0.00ms, predicted optional time: 0.00ms, time remaining: 48.08
[2024-10-11T04:25:49.527+0800][debug][gc,ergo,cset] GC(128) Start adding old regions to collection set. Min 4 regions, max 7 regions, time remaining 49.16ms, optional threshold 9.83ms
[2024-10-11T04:25:49.527+0800][debug][gc,ergo,cset] GC(128) Finish adding old regions to collection set (Maximum number of regions). Initial 7 regions, optional 0 regions
[2024-10-11T04:25:49.527+0800][debug][gc,ergo,cset] GC(128) Finish choosing collection set old regions. Initial: 7, optional: 0, predicted old time: 0.00ms, predicted optional time: 0.00ms, time remaining: 47.98
[2024-10-11T04:25:50.199+0800][debug][gc,ergo,cset] GC(135) Pruned 10 regions out of 33, leaving 6037848 bytes waste (allowed 6710886)
[2024-10-11T04:25:50.447+0800][debug][gc,ergo,cset] GC(137) Start adding old regions to collection set. Min 3 regions, max 7 regions, time remaining 49.01ms, optional threshold 9.80ms
[2024-10-11T04:25:50.447+0800][debug][gc,ergo,cset] GC(137) Finish adding old regions to collection set (Maximum number of regions). Initial 7 regions, optional 0 regions
[2024-10-11T04:25:50.447+0800][debug][gc,ergo,cset] GC(137) Finish choosing collection set old regions. Initial: 7, optional: 0, predicted old time: 0.00ms, predicted optional time: 0.00ms, time remaining: 48.32
[2024-10-11T04:25:50.551+0800][debug][gc,ergo,cset] GC(138) Start adding old regions to collection set. Min 3 regions, max 7 regions, time remaining 48.97ms, optional threshold 9.79ms
[2024-10-11T04:25:50.551+0800][debug][gc,ergo,cset] GC(138) Finish adding old regions to collection set (Maximum number of regions). Initial 7 regions, optional 0 regions
[2024-10-11T04:25:50.551+0800][debug][gc,ergo,cset] GC(138) Finish choosing collection set old regions. Initial: 7, optional: 0, predicted old time: 0.00ms, predicted optional time: 0.00ms, time remaining: 47.97
[2024-10-11T04:25:50.655+0800][debug][gc,ergo,cset] GC(139) Start adding old regions to collection set. Min 3 regions, max 7 regions, time remaining 48.96ms, optional threshold 9.79ms
[2024-10-11T04:25:50.655+0800][debug][gc,ergo,cset] GC(139) Finish adding old regions to collection set (Maximum number of regions). Initial 7 regions, optional 0 regions
[2024-10-11T04:25:50.655+0800][debug][gc,ergo,cset] GC(139) Finish choosing collection set old regions. Initial: 7, optional: 0, predicted old time: 0.00ms, predicted optional time: 0.00ms, time remaining: 47.65
[2024-10-11T04:25:50.760+0800][debug][gc,ergo,cset] GC(140) Start adding old regions to collection set. Min 3 regions, max 7 regions, time remaining 48.94ms, optional threshold 9.79ms
[2024-10-11T04:25:50.760+0800][debug][gc,ergo,cset] GC(140) Old candidate collection set empty.
[2024-10-11T04:25:50.760+0800][debug][gc,ergo,cset] GC(140) Finish choosing collection set old regions. Initial: 2, optional: 0, predicted old time: 0.00ms, predicted optional time: 0.00ms, time remaining: 48.57
[2024-10-11T04:25:51.020+0800][debug][gc,ergo,cset] GC(144) Pruned 10 regions out of 35, leaving 6284144 bytes waste (allowed 6710886)
[2024-10-11T04:25:51.249+0800][debug][gc,ergo,cset] Preventive GC, insufficient free regions. Predicted need 5. Curr Eden 1 (Pred 2). Curr Survivor 1 (Pred 1). Curr Old 52 (Pred 2) Free 5 Alloc 1
[2024-10-11T04:25:51.249+0800][debug][gc,ergo,cset] GC(146) Start adding old regions to collection set. Min 4 regions, max 7 regions, time remaining 49.18ms, optional threshold 9.84ms
[2024-10-11T04:25:51.249+0800][debug][gc,ergo,cset] GC(146) Finish adding old regions to collection set (Maximum number of regions). Initial 7 regions, optional 0 regions
[2024-10-11T04:25:51.249+0800][debug][gc,ergo,cset] GC(146) Finish choosing collection set old regions. Initial: 7, optional: 0, predicted old time: 0.00ms, predicted optional time: 0.00ms, time remaining: 48.48
[2024-10-11T04:25:51.354+0800][debug][gc,ergo,cset] GC(147) Start adding old regions to collection set. Min 4 regions, max 7 regions, time remaining 48.87ms, optional threshold 9.77ms
[2024-10-11T04:25:51.354+0800][debug][gc,ergo,cset] GC(147) Finish adding old regions to collection set (Maximum number of regions). Initial 7 regions, optional 0 regions
[2024-10-11T04:25:51.354+0800][debug][gc,ergo,cset] GC(147) Finish choosing collection set old regions. Initial: 7, optional: 0, predicted old time: 0.00ms, predicted optional time: 0.00ms, time remaining: 47.84
[2024-10-11T04:25:51.458+0800][debug][gc,ergo,cset] GC(148) Start adding old regions to collection set. Min 4 regions, max 7 regions, time remaining 48.88ms, optional threshold 9.78ms
[2024-10-11T04:25:51.458+0800][debug][gc,ergo,cset] GC(148) Finish adding old regions to collection set (Maximum number of regions). Initial 7 regions, optional 0 regions
[2024-10-11T04:25:51.458+0800][debug][gc,ergo,cset] GC(148) Finish choosing collection set old regions. Initial: 7, optional: 0, predicted old time: 0.00ms, predicted optional time: 0.00ms, time remaining: 47.62
[2024-10-11T04:25:51.563+0800][debug][gc,ergo,cset] GC(149) Start adding old regions to collection set. Min 4 regions, max 7 regions, time remaining 48.90ms, optional threshold 9.78ms
[2024-10-11T04:25:51.563+0800][debug][gc,ergo,cset] GC(149) Old candidate collection set empty.
[2024-10-11T04:25:51.563+0800][debug][gc,ergo,cset] GC(149) Finish choosing collection set old regions. Initial: 4, optional: 0, predicted old time: 0.00ms, predicted optional time: 0.00ms, time remaining: 48.11
[2024-10-11T04:25:51.885+0800][debug][gc,ergo,cset] GC(153) Pruned 11 regions out of 39, leaving 6423480 bytes waste (allowed 6710886)
[2024-10-11T04:25:52.093+0800][debug][gc,ergo,cset] Preventive GC, insufficient free regions. Predicted need 4. Curr Eden 1 (Pred 2). Curr Survivor 1 (Pred 1). Curr Old 53 (Pred 1) Free 4 Alloc 1
[2024-10-11T04:25:52.093+0800][debug][gc,ergo,cset] GC(155) Start adding old regions to collection set. Min 4 regions, max 7 regions, time remaining 49.19ms, optional threshold 9.84ms
[2024-10-11T04:25:52.093+0800][debug][gc,ergo,cset] GC(155) Finish adding old regions to collection set (Maximum number of regions). Initial 7 regions, optional 0 regions
[2024-10-11T04:25:52.093+0800][debug][gc,ergo,cset] GC(155) Finish choosing collection set old regions. Initial: 7, optional: 0, predicted old time: 0.00ms, predicted optional time: 0.00ms, time remaining: 48.63
[2024-10-11T04:25:52.198+0800][debug][gc,ergo,cset] GC(156) Start adding old regions to collection set. Min 4 regions, max 7 regions, time remaining 48.95ms, optional threshold 9.79ms
[2024-10-11T04:25:52.198+0800][debug][gc,ergo,cset] GC(156) Finish adding old regions to collection set (Maximum number of regions). Initial 7 regions, optional 0 regions
[2024-10-11T04:25:52.198+0800][debug][gc,ergo,cset] GC(156) Finish choosing collection set old regions. Initial: 7, optional: 0, predicted old time: 0.00ms, predicted optional time: 0.00ms, time remaining: 48.10
[2024-10-11T04:25:52.302+0800][debug][gc,ergo,cset] GC(157) Start adding old regions to collection set. Min 4 regions, max 7 regions, time remaining 48.94ms, optional threshold 9.79ms
[2024-10-11T04:25:52.302+0800][debug][gc,ergo,cset] GC(157) Finish adding old regions to collection set (Maximum number of regions). Initial 7 regions, optional 0 regions
[2024-10-11T04:25:52.302+0800][debug][gc,ergo,cset] GC(157) Finish choosing collection set old regions. Initial: 7, optional: 0, predicted old time: 0.00ms, predicted optional time: 0.00ms, time remaining: 47.90
[2024-10-11T04:25:52.407+0800][debug][gc,ergo,cset] GC(158) Start adding old regions to collection set. Min 4 regions, max 7 regions, time remaining 48.94ms, optional threshold 9.79ms
[2024-10-11T04:25:52.407+0800][debug][gc,ergo,cset] GC(158) Old candidate collection set empty.
[2024-10-11T04:25:52.407+0800][debug][gc,ergo,cset] GC(158) Finish choosing collection set old regions. Initial: 7, optional: 0, predicted old time: 0.00ms, predicted optional time: 0.00ms, time remaining: 47.72
[2024-10-11T04:25:52.730+0800][debug][gc,ergo,cset] GC(162) Pruned 12 regions out of 41, leaving 6246064 bytes waste (allowed 6710886)
[2024-10-11T04:25:52.937+0800][debug][gc,ergo,cset] Preventive GC, insufficient free regions. Predicted need 4. Curr Eden 1 (Pred 2). Curr Survivor 1 (Pred 1). Curr Old 53 (Pred 1) Free 4 Alloc 1
[2024-10-11T04:25:52.937+0800][debug][gc,ergo,cset] GC(164) Start adding old regions to collection set. Min 4 regions, max 7 regions, time remaining 49.19ms, optional threshold 9.84ms
[2024-10-11T04:25:52.937+0800][debug][gc,ergo,cset] GC(164) Finish adding old regions to collection set (Maximum number of regions). Initial 7 regions, optional 0 regions
[2024-10-11T04:25:52.937+0800][debug][gc,ergo,cset] GC(164) Finish choosing collection set old regions. Initial: 7, optional: 0, predicted old time: 0.00ms, predicted optional time: 0.00ms, time remaining: 48.68
[2024-10-11T04:25:53.041+0800][debug][gc,ergo,cset] GC(165) Start adding old regions to collection set. Min 4 regions, max 7 regions, time remaining 48.95ms, optional threshold 9.79ms
[2024-10-11T04:25:53.041+0800][debug][gc,ergo,cset] GC(165) Finish adding old regions to collection set (Maximum number of regions). Initial 7 regions, optional 0 regions
[2024-10-11T04:25:53.041+0800][debug][gc,ergo,cset] GC(165) Finish choosing collection set old regions. Initial: 7, optional: 0, predicted old time: 0.00ms, predicted optional time: 0.00ms, time remaining: 48.08
[2024-10-11T04:25:53.145+0800][debug][gc,ergo,cset] GC(166) Start adding old regions to collection set. Min 4 regions, max 7 regions, time remaining 48.93ms, optional threshold 9.79ms
[2024-10-11T04:25:53.145+0800][debug][gc,ergo,cset] GC(166) Finish adding old regions to collection set (Maximum number of regions). Initial 7 regions, optional 0 regions
[2024-10-11T04:25:53.145+0800][debug][gc,ergo,cset] GC(166) Finish choosing collection set old regions. Initial: 7, optional: 0, predicted old time: 0.00ms, predicted optional time: 0.00ms, time remaining: 47.80
[2024-10-11T04:25:53.250+0800][debug][gc,ergo,cset] GC(167) Start adding old regions to collection set. Min 4 regions, max 7 regions, time remaining 48.93ms, optional threshold 9.79ms
[2024-10-11T04:25:53.250+0800][debug][gc,ergo,cset] GC(167) Finish adding old regions to collection set (Maximum number of regions). Initial 7 regions, optional 0 regions
[2024-10-11T04:25:53.250+0800][debug][gc,ergo,cset] GC(167) Finish choosing collection set old regions. Initial: 7, optional: 0, predicted old time: 0.00ms, predicted optional time: 0.00ms, time remaining: 47.68
[2024-10-11T04:25:53.355+0800][debug][gc,ergo,cset] GC(168) Start adding old regions to collection set. Min 4 regions, max 7 regions, time remaining 48.95ms, optional threshold 9.79ms
[2024-10-11T04:25:53.355+0800][debug][gc,ergo,cset] GC(168) Old candidate collection set empty.
[2024-10-11T04:25:53.355+0800][debug][gc,ergo,cset] GC(168) Finish choosing collection set old regions. Initial: 1, optional: 0, predicted old time: 0.00ms, predicted optional time: 0.00ms, time remaining: 48.74
[2024-10-11T04:25:53.677+0800][debug][gc,ergo,cset] GC(172) Pruned 13 regions out of 44, leaving 6527248 bytes waste (allowed 6710886)
[2024-10-11T04:25:53.884+0800][debug][gc,ergo,cset] Preventive GC, insufficient free regions. Predicted need 4. Curr Eden 1 (Pred 2). Curr Survivor 1 (Pred 1). Curr Old 53 (Pred 1) Free 4 Alloc 1
[2024-10-11T04:25:53.884+0800][debug][gc,ergo,cset] GC(174) Start adding old regions to collection set. Min 4 regions, max 7 regions, time remaining 49.21ms, optional threshold 9.84ms
[2024-10-11T04:25:53.884+0800][debug][gc,ergo,cset] GC(174) Finish adding old regions to collection set (Maximum number of regions). Initial 7 regions, optional 0 regions
[2024-10-11T04:25:53.884+0800][debug][gc,ergo,cset] GC(174) Finish choosing collection set old regions. Initial: 7, optional: 0, predicted old time: 0.00ms, predicted optional time: 0.00ms, time remaining: 48.48
[2024-10-11T04:25:53.989+0800][debug][gc,ergo,cset] GC(175) Start adding old regions to collection set. Min 4 regions, max 7 regions, time remaining 48.96ms, optional threshold 9.79ms
[2024-10-11T04:25:53.989+0800][debug][gc,ergo,cset] GC(175) Finish adding old regions to collection set (Maximum number of regions). Initial 7 regions, optional 0 regions
[2024-10-11T04:25:53.989+0800][debug][gc,ergo,cset] GC(175) Finish choosing collection set old regions. Initial: 7, optional: 0, predicted old time: 0.00ms, predicted optional time: 0.00ms, time remaining: 47.76
[2024-10-11T04:25:54.093+0800][debug][gc,ergo,cset] GC(176) Start adding old regions to collection set. Min 4 regions, max 7 regions, time remaining 48.93ms, optional threshold 9.79ms
[2024-10-11T04:25:54.093+0800][debug][gc,ergo,cset] GC(176) Finish adding old regions to collection set (Maximum number of regions). Initial 7 regions, optional 0 regions
[2024-10-11T04:25:54.093+0800][debug][gc,ergo,cset] GC(176) Finish choosing collection set old regions. Initial: 7, optional: 0, predicted old time: 0.00ms, predicted optional time: 0.00ms, time remaining: 47.56
[2024-10-11T04:25:54.198+0800][debug][gc,ergo,cset] GC(177) Start adding old regions to collection set. Min 4 regions, max 7 regions, time remaining 48.89ms, optional threshold 9.78ms
[2024-10-11T04:25:54.198+0800][debug][gc,ergo,cset] GC(177) Finish adding old regions to collection set (Maximum number of regions). Initial 7 regions, optional 0 regions
[2024-10-11T04:25:54.198+0800][debug][gc,ergo,cset] GC(177) Finish choosing collection set old regions. Initial: 7, optional: 0, predicted old time: 0.00ms, predicted optional time: 0.00ms, time remaining: 47.48
[2024-10-11T04:25:54.303+0800][debug][gc,ergo,cset] GC(178) Start adding old regions to collection set. Min 4 regions, max 7 regions, time remaining 48.91ms, optional threshold 9.78ms
[2024-10-11T04:25:54.303+0800][debug][gc,ergo,cset] GC(178) Old candidate collection set empty.
[2024-10-11T04:25:54.303+0800][debug][gc,ergo,cset] GC(178) Finish choosing collection set old regions. Initial: 3, optional: 0, predicted old time: 0.00ms, predicted optional time: 0.00ms, time remaining: 48.26
[2024-10-11T04:25:54.625+0800][debug][gc,ergo,cset] GC(182) Pruned 9 regions out of 41, leaving 6021344 bytes waste (allowed 6710886)
[2024-10-11T04:25:54.769+0800][debug][gc,ergo,cset] Preventive GC, insufficient free regions. Predicted need 4. Curr Eden 2 (Pred 3). Curr Survivor 1 (Pred 1). Curr Old 53 (Pred 0) Free 3 Alloc 1
[2024-10-11T04:25:54.832+0800][debug][gc,ergo,cset] Preventive GC, insufficient free regions. Predicted need 5. Curr Eden 1 (Pred 2). Curr Survivor 1 (Pred 1). Curr Old 55 (Pred 2) Free 2 Alloc 1
[2024-10-11T04:25:54.832+0800][debug][gc,ergo,cset] GC(184) Start adding old regions to collection set. Min 4 regions, max 7 regions, time remaining 49.19ms, optional threshold 9.84ms
[2024-10-11T04:25:54.833+0800][debug][gc,ergo,cset] GC(184) Finish adding old regions to collection set (Maximum number of regions). Initial 7 regions, optional 0 regions
[2024-10-11T04:25:54.833+0800][debug][gc,ergo,cset] GC(184) Finish choosing collection set old regions. Initial: 7, optional: 0, predicted old time: 0.00ms, predicted optional time: 0.00ms, time remaining: 48.55
[2024-10-11T04:25:54.875+0800][debug][gc,ergo,cset] Preventive GC, insufficient free regions. Predicted need 5. Curr Eden 1 (Pred 2). Curr Survivor 1 (Pred 1). Curr Old 55 (Pred 2) Free 2 Alloc 1
[2024-10-11T04:25:54.875+0800][debug][gc,ergo,cset] GC(185) Start adding old regions to collection set. Min 4 regions, max 7 regions, time remaining 49.18ms, optional threshold 9.84ms
[2024-10-11T04:25:54.875+0800][debug][gc,ergo,cset] GC(185) Finish adding old regions to collection set (Maximum number of regions). Initial 7 regions, optional 0 regions
[2024-10-11T04:25:54.875+0800][debug][gc,ergo,cset] GC(185) Finish choosing collection set old regions. Initial: 7, optional: 0, predicted old time: 0.00ms, predicted optional time: 0.00ms, time remaining: 48.26
[2024-10-11T04:25:54.938+0800][debug][gc,ergo,cset] Preventive GC, insufficient free regions. Predicted need 6. Curr Eden 1 (Pred 2). Curr Survivor 1 (Pred 1). Curr Old 56 (Pred 3) Free 1 Alloc 1
[2024-10-11T04:25:54.938+0800][debug][gc,ergo,cset] GC(186) Start adding old regions to collection set. Min 4 regions, max 7 regions, time remaining 49.18ms, optional threshold 9.84ms
[2024-10-11T04:25:54.938+0800][debug][gc,ergo,cset] GC(186) Finish adding old regions to collection set (Maximum number of regions). Initial 7 regions, optional 0 regions
[2024-10-11T04:25:54.938+0800][debug][gc,ergo,cset] GC(186) Finish choosing collection set old regions. Initial: 7, optional: 0, predicted old time: 0.00ms, predicted optional time: 0.00ms, time remaining: 48.12
[2024-10-11T04:25:54.980+0800][debug][gc,ergo,cset] GC(187) Start adding old regions to collection set. Min 4 regions, max 7 regions, time remaining 49.15ms, optional threshold 9.83ms
[2024-10-11T04:25:54.980+0800][debug][gc,ergo,cset] GC(187) Finish adding old regions to collection set (Maximum number of regions). Initial 7 regions, optional 0 regions
[2024-10-11T04:25:54.980+0800][debug][gc,ergo,cset] GC(187) Finish choosing collection set old regions. Initial: 7, optional: 0, predicted old time: 0.00ms, predicted optional time: 0.00ms, time remaining: 48.08
[2024-10-11T04:25:55.467+0800][debug][gc,ergo,cset] GC(193) Pruned 12 regions out of 36, leaving 6240480 bytes waste (allowed 6710886)
[2024-10-11T04:25:55.736+0800][debug][gc,ergo,cset] GC(195) Start adding old regions to collection set. Min 3 regions, max 7 regions, time remaining 49.06ms, optional threshold 9.81ms
[2024-10-11T04:25:55.736+0800][debug][gc,ergo,cset] GC(195) Finish adding old regions to collection set (Maximum number of regions). Initial 7 regions, optional 0 regions
[2024-10-11T04:25:55.736+0800][debug][gc,ergo,cset] GC(195) Finish choosing collection set old regions. Initial: 7, optional: 0, predicted old time: 0.00ms, predicted optional time: 0.00ms, time remaining: 48.22
[2024-10-11T04:25:55.840+0800][debug][gc,ergo,cset] GC(196) Start adding old regions to collection set. Min 3 regions, max 7 regions, time remaining 48.99ms, optional threshold 9.80ms
[2024-10-11T04:25:55.840+0800][debug][gc,ergo,cset] GC(196) Finish adding old regions to collection set (Maximum number of regions). Initial 7 regions, optional 0 regions
[2024-10-11T04:25:55.840+0800][debug][gc,ergo,cset] GC(196) Finish choosing collection set old regions. Initial: 7, optional: 0, predicted old time: 0.00ms, predicted optional time: 0.00ms, time remaining: 47.90
[2024-10-11T04:25:55.945+0800][debug][gc,ergo,cset] GC(197) Start adding old regions to collection set. Min 3 regions, max 7 regions, time remaining 48.97ms, optional threshold 9.79ms
[2024-10-11T04:25:55.945+0800][debug][gc,ergo,cset] GC(197) Finish adding old regions to collection set (Maximum number of regions). Initial 7 regions, optional 0 regions
[2024-10-11T04:25:55.945+0800][debug][gc,ergo,cset] GC(197) Finish choosing collection set old regions. Initial: 7, optional: 0, predicted old time: 0.00ms, predicted optional time: 0.00ms, time remaining: 47.70
[2024-10-11T04:25:56.050+0800][debug][gc,ergo,cset] GC(198) Start adding old regions to collection set. Min 3 regions, max 7 regions, time remaining 48.95ms, optional threshold 9.79ms
[2024-10-11T04:25:56.050+0800][debug][gc,ergo,cset] GC(198) Old candidate collection set empty.
[2024-10-11T04:25:56.050+0800][debug][gc,ergo,cset] GC(198) Finish choosing collection set old regions. Initial: 3, optional: 0, predicted old time: 0.00ms, predicted optional time: 0.00ms, time remaining: 48.36
[2024-10-11T04:25:56.373+0800][debug][gc,ergo,cset] GC(202) Pruned 12 regions out of 42, leaving 6531304 bytes waste (allowed 6710886)
[2024-10-11T04:25:56.516+0800][debug][gc,ergo,cset] Preventive GC, insufficient free regions. Predicted need 4. Curr Eden 2 (Pred 3). Curr Survivor 1 (Pred 1). Curr Old 53 (Pred 0) Free 3 Alloc 1
[2024-10-11T04:25:56.579+0800][debug][gc,ergo,cset] Preventive GC, insufficient free regions. Predicted need 4. Curr Eden 1 (Pred 2). Curr Survivor 1 (Pred 1). Curr Old 55 (Pred 1) Free 2 Alloc 1
[2024-10-11T04:25:56.579+0800][debug][gc,ergo,cset] GC(204) Start adding old regions to collection set. Min 4 regions, max 7 regions, time remaining 49.17ms, optional threshold 9.83ms
[2024-10-11T04:25:56.579+0800][debug][gc,ergo,cset] GC(204) Finish adding old regions to collection set (Maximum number of regions). Initial 7 regions, optional 0 regions
[2024-10-11T04:25:56.579+0800][debug][gc,ergo,cset] GC(204) Finish choosing collection set old regions. Initial: 7, optional: 0, predicted old time: 0.00ms, predicted optional time: 0.00ms, time remaining: 48.60
[2024-10-11T04:25:56.622+0800][debug][gc,ergo,cset] Preventive GC, insufficient free regions. Predicted need 5. Curr Eden 1 (Pred 2). Curr Survivor 1 (Pred 1). Curr Old 54 (Pred 2) Free 3 Alloc 1
[2024-10-11T04:25:56.622+0800][debug][gc,ergo,cset] GC(205) Start adding old regions to collection set. Min 4 regions, max 7 regions, time remaining 49.14ms, optional threshold 9.83ms
[2024-10-11T04:25:56.622+0800][debug][gc,ergo,cset] GC(205) Finish adding old regions to collection set (Maximum number of regions). Initial 7 regions, optional 0 regions
[2024-10-11T04:25:56.622+0800][debug][gc,ergo,cset] GC(205) Finish choosing collection set old regions. Initial: 7, optional: 0, predicted old time: 0.00ms, predicted optional time: 0.00ms, time remaining: 48.14
[2024-10-11T04:25:56.685+0800][debug][gc,ergo,cset] Preventive GC, insufficient free regions. Predicted need 6. Curr Eden 1 (Pred 2). Curr Survivor 1 (Pred 1). Curr Old 55 (Pred 3) Free 2 Alloc 1
[2024-10-11T04:25:56.686+0800][debug][gc,ergo,cset] GC(206) Start adding old regions to collection set. Min 4 regions, max 7 regions, time remaining 49.09ms, optional threshold 9.82ms
[2024-10-11T04:25:56.686+0800][debug][gc,ergo,cset] GC(206) Finish adding old regions to collection set (Maximum number of regions). Initial 7 regions, optional 0 regions
[2024-10-11T04:25:56.686+0800][debug][gc,ergo,cset] GC(206) Finish choosing collection set old regions. Initial: 7, optional: 0, predicted old time: 0.00ms, predicted optional time: 0.00ms, time remaining: 47.96
[2024-10-11T04:25:56.729+0800][debug][gc,ergo,cset] GC(207) Start adding old regions to collection set. Min 4 regions, max 7 regions, time remaining 49.06ms, optional threshold 9.81ms
[2024-10-11T04:25:56.729+0800][debug][gc,ergo,cset] GC(207) Finish adding old regions to collection set (Maximum number of regions). Initial 7 regions, optional 0 regions
[2024-10-11T04:25:56.729+0800][debug][gc,ergo,cset] GC(207) Finish choosing collection set old regions. Initial: 7, optional: 0, predicted old time: 0.00ms, predicted optional time: 0.00ms, time remaining: 47.81
[2024-10-11T04:25:57.400+0800][debug][gc,ergo,cset] GC(214) Pruned 12 regions out of 34, leaving 6490304 bytes waste (allowed 6710886)
[2024-10-11T04:25:57.648+0800][debug][gc,ergo,cset] GC(216) Start adding old regions to collection set. Min 3 regions, max 7 regions, time remaining 49.00ms, optional threshold 9.80ms
[2024-10-11T04:25:57.648+0800][debug][gc,ergo,cset] GC(216) Finish adding old regions to collection set (Maximum number of regions). Initial 7 regions, optional 0 regions
[2024-10-11T04:25:57.648+0800][debug][gc,ergo,cset] GC(216) Finish choosing collection set old regions. Initial: 7, optional: 0, predicted old time: 0.00ms, predicted optional time: 0.00ms, time remaining: 48.32
[2024-10-11T04:25:57.753+0800][debug][gc,ergo,cset] GC(217) Start adding old regions to collection set. Min 3 regions, max 7 regions, time remaining 48.93ms, optional threshold 9.79ms
[2024-10-11T04:25:57.753+0800][debug][gc,ergo,cset] GC(217) Finish adding old regions to collection set (Maximum number of regions). Initial 7 regions, optional 0 regions
[2024-10-11T04:25:57.753+0800][debug][gc,ergo,cset] GC(217) Finish choosing collection set old regions. Initial: 7, optional: 0, predicted old time: 0.00ms, predicted optional time: 0.00ms, time remaining: 47.84
[2024-10-11T04:25:57.857+0800][debug][gc,ergo,cset] GC(218) Start adding old regions to collection set. Min 3 regions, max 7 regions, time remaining 48.92ms, optional threshold 9.78ms
[2024-10-11T04:25:57.857+0800][debug][gc,ergo,cset] GC(218) Finish adding old regions to collection set (Maximum number of regions). Initial 7 regions, optional 0 regions
[2024-10-11T04:25:57.857+0800][debug][gc,ergo,cset] GC(218) Finish choosing collection set old regions. Initial: 7, optional: 0, predicted old time: 0.00ms, predicted optional time: 0.00ms, time remaining: 47.64
[2024-10-11T04:25:57.962+0800][debug][gc,ergo,cset] GC(219) Start adding old regions to collection set. Min 3 regions, max 7 regions, time remaining 48.93ms, optional threshold 9.79ms
[2024-10-11T04:25:57.962+0800][debug][gc,ergo,cset] GC(219) Old candidate collection set empty.
[2024-10-11T04:25:57.962+0800][debug][gc,ergo,cset] GC(219) Finish choosing collection set old regions. Initial: 1, optional: 0, predicted old time: 0.00ms, predicted optional time: 0.00ms, time remaining: 48.72
[2024-10-11T04:25:58.284+0800][debug][gc,ergo,cset] GC(223) Pruned 11 regions out of 46, leaving 6031856 bytes waste (allowed 6710886)
[2024-10-11T04:25:58.428+0800][debug][gc,ergo,cset] Preventive GC, insufficient free regions. Predicted need 4. Curr Eden 2 (Pred 3). Curr Survivor 1 (Pred 2). Curr Old 52 (Pred 0) Free 4 Alloc 1
[2024-10-11T04:25:58.491+0800][debug][gc,ergo,cset] Preventive GC, insufficient free regions. Predicted need 5. Curr Eden 1 (Pred 2). Curr Survivor 1 (Pred 1). Curr Old 54 (Pred 2) Free 3 Alloc 1
[2024-10-11T04:25:58.491+0800][debug][gc,ergo,cset] GC(225) Start adding old regions to collection set. Min 5 regions, max 7 regions, time remaining 49.21ms, optional threshold 9.84ms
[2024-10-11T04:25:58.491+0800][debug][gc,ergo,cset] GC(225) Finish adding old regions to collection set (Maximum number of regions). Initial 7 regions, optional 0 regions
[2024-10-11T04:25:58.491+0800][debug][gc,ergo,cset] GC(225) Finish choosing collection set old regions. Initial: 7, optional: 0, predicted old time: 0.00ms, predicted optional time: 0.00ms, time remaining: 48.54
[2024-10-11T04:25:58.533+0800][debug][gc,ergo,cset] Preventive GC, insufficient free regions. Predicted need 6. Curr Eden 1 (Pred 2). Curr Survivor 1 (Pred 1). Curr Old 52 (Pred 3) Free 5 Alloc 1
[2024-10-11T04:25:58.534+0800][debug][gc,ergo,cset] GC(226) Start adding old regions to collection set. Min 5 regions, max 7 regions, time remaining 49.20ms, optional threshold 9.84ms
[2024-10-11T04:25:58.534+0800][debug][gc,ergo,cset] GC(226) Finish adding old regions to collection set (Maximum number of regions). Initial 7 regions, optional 0 regions
[2024-10-11T04:25:58.534+0800][debug][gc,ergo,cset] GC(226) Finish choosing collection set old regions. Initial: 7, optional: 0, predicted old time: 0.00ms, predicted optional time: 0.00ms, time remaining: 48.19
[2024-10-11T04:25:58.597+0800][debug][gc,ergo,cset] Preventive GC, insufficient free regions. Predicted need 6. Curr Eden 1 (Pred 2). Curr Survivor 1 (Pred 1). Curr Old 52 (Pred 3) Free 5 Alloc 1
[2024-10-11T04:25:58.597+0800][debug][gc,ergo,cset] GC(227) Start adding old regions to collection set. Min 5 regions, max 7 regions, time remaining 49.19ms, optional threshold 9.84ms
[2024-10-11T04:25:58.597+0800][debug][gc,ergo,cset] GC(227) Finish adding old regions to collection set (Maximum number of regions). Initial 7 regions, optional 0 regions
[2024-10-11T04:25:58.597+0800][debug][gc,ergo,cset] GC(227) Finish choosing collection set old regions. Initial: 7, optional: 0, predicted old time: 0.00ms, predicted optional time: 0.00ms, time remaining: 48.02
[2024-10-11T04:25:58.641+0800][debug][gc,ergo,cset] Preventive GC, insufficient free regions. Predicted need 7. Curr Eden 1 (Pred 2). Curr Survivor 1 (Pred 1). Curr Old 50 (Pred 4) Free 7 Alloc 1
[2024-10-11T04:25:58.641+0800][debug][gc,ergo,cset] GC(228) Start adding old regions to collection set. Min 5 regions, max 7 regions, time remaining 49.17ms, optional threshold 9.83ms
[2024-10-11T04:25:58.641+0800][debug][gc,ergo,cset] GC(228) Finish adding old regions to collection set (Maximum number of regions). Initial 7 regions, optional 0 regions
[2024-10-11T04:25:58.641+0800][debug][gc,ergo,cset] GC(228) Finish choosing collection set old regions. Initial: 7, optional: 0, predicted old time: 0.00ms, predicted optional time: 0.00ms, time remaining: 47.85
[2024-10-11T04:25:58.745+0800][debug][gc,ergo,cset] Preventive GC, insufficient free regions. Predicted need 8. Curr Eden 2 (Pred 3). Curr Survivor 1 (Pred 1). Curr Old 49 (Pred 4) Free 7 Alloc 1
[2024-10-11T04:25:58.746+0800][debug][gc,ergo,cset] GC(229) Start adding old regions to collection set. Min 5 regions, max 7 regions, time remaining 48.98ms, optional threshold 9.80ms
[2024-10-11T04:25:58.746+0800][debug][gc,ergo,cset] GC(229) Old candidate collection set empty.
[2024-10-11T04:25:58.746+0800][debug][gc,ergo,cset] GC(229) Finish choosing collection set old regions. Initial: 7, optional: 0, predicted old time: 0.00ms, predicted optional time: 0.00ms, time remaining: 47.57
[2024-10-11T04:25:58.965+0800][debug][gc,ergo,cset] GC(232) Pruned 12 regions out of 37, leaving 6515648 bytes waste (allowed 6710886)
[2024-10-11T04:25:59.213+0800][debug][gc,ergo,cset] Preventive GC, insufficient free regions. Predicted need 5. Curr Eden 2 (Pred 3). Curr Survivor 1 (Pred 1). Curr Old 51 (Pred 1) Free 5 Alloc 1
[2024-10-11T04:25:59.213+0800][debug][gc,ergo,cset] GC(234) Start adding old regions to collection set. Min 4 regions, max 7 regions, time remaining 48.97ms, optional threshold 9.79ms
[2024-10-11T04:25:59.213+0800][debug][gc,ergo,cset] GC(234) Finish adding old regions to collection set (Maximum number of regions). Initial 7 regions, optional 0 regions
[2024-10-11T04:25:59.213+0800][debug][gc,ergo,cset] GC(234) Finish choosing collection set old regions. Initial: 7, optional: 0, predicted old time: 0.00ms, predicted optional time: 0.00ms, time remaining: 48.34
[2024-10-11T04:25:59.318+0800][debug][gc,ergo,cset] GC(235) Start adding old regions to collection set. Min 4 regions, max 7 regions, time remaining 48.95ms, optional threshold 9.79ms
[2024-10-11T04:25:59.318+0800][debug][gc,ergo,cset] GC(235) Finish adding old regions to collection set (Maximum number of regions). Initial 7 regions, optional 0 regions
[2024-10-11T04:25:59.318+0800][debug][gc,ergo,cset] GC(235) Finish choosing collection set old regions. Initial: 7, optional: 0, predicted old time: 0.00ms, predicted optional time: 0.00ms, time remaining: 47.94
[2024-10-11T04:25:59.422+0800][debug][gc,ergo,cset] GC(236) Start adding old regions to collection set. Min 4 regions, max 7 regions, time remaining 48.94ms, optional threshold 9.79ms
[2024-10-11T04:25:59.422+0800][debug][gc,ergo,cset] GC(236) Finish adding old regions to collection set (Maximum number of regions). Initial 7 regions, optional 0 regions
[2024-10-11T04:25:59.422+0800][debug][gc,ergo,cset] GC(236) Finish choosing collection set old regions. Initial: 7, optional: 0, predicted old time: 0.00ms, predicted optional time: 0.00ms, time remaining: 47.70
[2024-10-11T04:25:59.527+0800][debug][gc,ergo,cset] GC(237) Start adding old regions to collection set. Min 4 regions, max 7 regions, time remaining 48.92ms, optional threshold 9.78ms
[2024-10-11T04:25:59.527+0800][debug][gc,ergo,cset] GC(237) Old candidate collection set empty.
[2024-10-11T04:25:59.527+0800][debug][gc,ergo,cset] GC(237) Finish choosing collection set old regions. Initial: 4, optional: 0, predicted old time: 0.00ms, predicted optional time: 0.00ms, time remaining: 48.16
[2024-10-11T04:25:59.849+0800][debug][gc,ergo,cset] GC(241) Pruned 11 regions out of 39, leaving 6211296 bytes waste (allowed 6710886)
[2024-10-11T04:25:59.993+0800][debug][gc,ergo,cset] Preventive GC, insufficient free regions. Predicted need 4. Curr Eden 2 (Pred 3). Curr Survivor 1 (Pred 1). Curr Old 51 (Pred 0) Free 4 Alloc 1
[2024-10-11T04:26:00.056+0800][debug][gc,ergo,cset] Preventive GC, insufficient free regions. Predicted need 4. Curr Eden 1 (Pred 2). Curr Survivor 1 (Pred 1). Curr Old 53 (Pred 1) Free 4 Alloc 1
[2024-10-11T04:26:00.056+0800][debug][gc,ergo,cset] GC(243) Start adding old regions to collection set. Min 4 regions, max 7 regions, time remaining 49.18ms, optional threshold 9.84ms
[2024-10-11T04:26:00.056+0800][debug][gc,ergo,cset] GC(243) Finish adding old regions to collection set (Maximum number of regions). Initial 7 regions, optional 0 regions
[2024-10-11T04:26:00.056+0800][debug][gc,ergo,cset] GC(243) Finish choosing collection set old regions. Initial: 7, optional: 0, predicted old time: 0.00ms, predicted optional time: 0.00ms, time remaining: 48.61
[2024-10-11T04:26:00.160+0800][debug][gc,ergo,cset] GC(244) Start adding old regions to collection set. Min 4 regions, max 7 regions, time remaining 48.94ms, optional threshold 9.79ms
[2024-10-11T04:26:00.160+0800][debug][gc,ergo,cset] GC(244) Finish adding old regions to collection set (Maximum number of regions). Initial 7 regions, optional 0 regions
[2024-10-11T04:26:00.161+0800][debug][gc,ergo,cset] GC(244) Finish choosing collection set old regions. Initial: 7, optional: 0, predicted old time: 0.00ms, predicted optional time: 0.00ms, time remaining: 48.03
[2024-10-11T04:26:00.265+0800][debug][gc,ergo,cset] GC(245) Start adding old regions to collection set. Min 4 regions, max 7 regions, time remaining 48.92ms, optional threshold 9.78ms
[2024-10-11T04:26:00.265+0800][debug][gc,ergo,cset] GC(245) Finish adding old regions to collection set (Maximum number of regions). Initial 7 regions, optional 0 regions
[2024-10-11T04:26:00.265+0800][debug][gc,ergo,cset] GC(245) Finish choosing collection set old regions. Initial: 7, optional: 0, predicted old time: 0.00ms, predicted optional time: 0.00ms, time remaining: 47.78
[2024-10-11T04:26:00.370+0800][debug][gc,ergo,cset] GC(246) Start adding old regions to collection set. Min 4 regions, max 7 regions, time remaining 48.93ms, optional threshold 9.79ms
[2024-10-11T04:26:00.370+0800][debug][gc,ergo,cset] GC(246) Old candidate collection set empty.
[2024-10-11T04:26:00.370+0800][debug][gc,ergo,cset] GC(246) Finish choosing collection set old regions. Initial: 7, optional: 0, predicted old time: 0.00ms, predicted optional time: 0.00ms, time remaining: 47.64
[2024-10-11T04:26:00.694+0800][debug][gc,ergo,cset] GC(250) Pruned 12 regions out of 39, leaving 6532072 bytes waste (allowed 6710886)
[2024-10-11T04:26:00.940+0800][debug][gc,ergo,cset] Preventive GC, insufficient free regions. Predicted need 6. Curr Eden 2 (Pred 3). Curr Survivor 1 (Pred 1). Curr Old 50 (Pred 2) Free 6 Alloc 1
[2024-10-11T04:26:00.940+0800][debug][gc,ergo,cset] GC(252) Start adding old regions to collection set. Min 4 regions, max 7 regions, time remaining 49.02ms, optional threshold 9.80ms
[2024-10-11T04:26:00.940+0800][debug][gc,ergo,cset] GC(252) Finish adding old regions to collection set (Maximum number of regions). Initial 7 regions, optional 0 regions
[2024-10-11T04:26:00.940+0800][debug][gc,ergo,cset] GC(252) Finish choosing collection set old regions. Initial: 7, optional: 0, predicted old time: 0.00ms, predicted optional time: 0.00ms, time remaining: 48.24
[2024-10-11T04:26:01.045+0800][debug][gc,ergo,cset] GC(253) Start adding old regions to collection set. Min 4 regions, max 7 regions, time remaining 48.93ms, optional threshold 9.79ms
[2024-10-11T04:26:01.045+0800][debug][gc,ergo,cset] GC(253) Finish adding old regions to collection set (Maximum number of regions). Initial 7 regions, optional 0 regions
[2024-10-11T04:26:01.045+0800][debug][gc,ergo,cset] GC(253) Finish choosing collection set old regions. Initial: 7, optional: 0, predicted old time: 0.00ms, predicted optional time: 0.00ms, time remaining: 47.86
[2024-10-11T04:26:01.149+0800][debug][gc,ergo,cset] GC(254) Start adding old regions to collection set. Min 4 regions, max 7 regions, time remaining 48.93ms, optional threshold 9.79ms
[2024-10-11T04:26:01.149+0800][debug][gc,ergo,cset] GC(254) Finish adding old regions to collection set (Maximum number of regions). Initial 7 regions, optional 0 regions
[2024-10-11T04:26:01.149+0800][debug][gc,ergo,cset] GC(254) Finish choosing collection set old regions. Initial: 7, optional: 0, predicted old time: 0.00ms, predicted optional time: 0.00ms, time remaining: 47.72
[2024-10-11T04:26:01.254+0800][debug][gc,ergo,cset] GC(255) Start adding old regions to collection set. Min 4 regions, max 7 regions, time remaining 48.93ms, optional threshold 9.79ms
[2024-10-11T04:26:01.254+0800][debug][gc,ergo,cset] GC(255) Old candidate collection set empty.
[2024-10-11T04:26:01.254+0800][debug][gc,ergo,cset] GC(255) Finish choosing collection set old regions. Initial: 6, optional: 0, predicted old time: 0.00ms, predicted optional time: 0.00ms, time remaining: 47.83
[2024-10-11T04:26:01.578+0800][debug][gc,ergo,cset] GC(259) Pruned 10 regions out of 44, leaving 6403328 bytes waste (allowed 6710886)
[2024-10-11T04:26:01.721+0800][debug][gc,ergo,cset] Preventive GC, insufficient free regions. Predicted need 4. Curr Eden 2 (Pred 3). Curr Survivor 1 (Pred 1). Curr Old 53 (Pred 0) Free 3 Alloc 1
[2024-10-11T04:26:01.784+0800][debug][gc,ergo,cset] Preventive GC, insufficient free regions. Predicted need 5. Curr Eden 1 (Pred 2). Curr Survivor 1 (Pred 1). Curr Old 55 (Pred 2) Free 2 Alloc 1
[2024-10-11T04:26:01.784+0800][debug][gc,ergo,cset] GC(261) Start adding old regions to collection set. Min 5 regions, max 7 regions, time remaining 49.22ms, optional threshold 9.84ms
[2024-10-11T04:26:01.784+0800][debug][gc,ergo,cset] GC(261) Finish adding old regions to collection set (Maximum number of regions). Initial 7 regions, optional 0 regions
[2024-10-11T04:26:01.784+0800][debug][gc,ergo,cset] GC(261) Finish choosing collection set old regions. Initial: 7, optional: 0, predicted old time: 0.00ms, predicted optional time: 0.00ms, time remaining: 48.70
[2024-10-11T04:26:01.827+0800][debug][gc,ergo,cset] Preventive GC, insufficient free regions. Predicted need 6. Curr Eden 1 (Pred 2). Curr Survivor 1 (Pred 1). Curr Old 53 (Pred 3) Free 4 Alloc 1
[2024-10-11T04:26:01.827+0800][debug][gc,ergo,cset] GC(262) Start adding old regions to collection set. Min 5 regions, max 7 regions, time remaining 49.20ms, optional threshold 9.84ms
[2024-10-11T04:26:01.827+0800][debug][gc,ergo,cset] GC(262) Finish adding old regions to collection set (Maximum number of regions). Initial 7 regions, optional 0 regions
[2024-10-11T04:26:01.827+0800][debug][gc,ergo,cset] GC(262) Finish choosing collection set old regions. Initial: 7, optional: 0, predicted old time: 0.00ms, predicted optional time: 0.00ms, time remaining: 48.38
[2024-10-11T04:26:01.890+0800][debug][gc,ergo,cset] Preventive GC, insufficient free regions. Predicted need 7. Curr Eden 1 (Pred 2). Curr Survivor 1 (Pred 1). Curr Old 56 (Pred 4) Free 1 Alloc 1
[2024-10-11T04:26:01.890+0800][debug][gc,ergo,cset] GC(263) Start adding old regions to collection set. Min 5 regions, max 7 regions, time remaining 49.20ms, optional threshold 9.84ms
[2024-10-11T04:26:01.890+0800][debug][gc,ergo,cset] GC(263) Finish adding old regions to collection set (Maximum number of regions). Initial 7 regions, optional 0 regions
[2024-10-11T04:26:01.890+0800][debug][gc,ergo,cset] GC(263) Finish choosing collection set old regions. Initial: 7, optional: 0, predicted old time: 0.00ms, predicted optional time: 0.00ms, time remaining: 48.22
[2024-10-11T04:26:01.932+0800][debug][gc,ergo,cset] GC(264) Start adding old regions to collection set. Min 5 regions, max 7 regions, time remaining 49.18ms, optional threshold 9.84ms
[2024-10-11T04:26:01.932+0800][debug][gc,ergo,cset] GC(264) Finish adding old regions to collection set (Maximum number of regions). Initial 7 regions, optional 0 regions
[2024-10-11T04:26:01.932+0800][debug][gc,ergo,cset] GC(264) Finish choosing collection set old regions. Initial: 7, optional: 0, predicted old time: 0.00ms, predicted optional time: 0.00ms, time remaining: 48.08
[2024-10-11T04:26:02.605+0800][debug][gc,ergo,cset] GC(271) Pruned 10 regions out of 34, leaving 6163760 bytes waste (allowed 6710886)
[2024-10-11T04:26:02.852+0800][debug][gc,ergo,cset] Preventive GC, insufficient free regions. Predicted need 5. Curr Eden 2 (Pred 3). Curr Survivor 1 (Pred 1). Curr Old 51 (Pred 1) Free 5 Alloc 1
[2024-10-11T04:26:02.852+0800][debug][gc,ergo,cset] GC(273) Start adding old regions to collection set. Min 3 regions, max 7 regions, time remaining 49.05ms, optional threshold 9.81ms
[2024-10-11T04:26:02.852+0800][debug][gc,ergo,cset] GC(273) Finish adding old regions to collection set (Maximum number of regions). Initial 7 regions, optional 0 regions
[2024-10-11T04:26:02.852+0800][debug][gc,ergo,cset] GC(273) Finish choosing collection set old regions. Initial: 7, optional: 0, predicted old time: 0.00ms, predicted optional time: 0.00ms, time remaining: 48.57
[2024-10-11T04:26:02.956+0800][debug][gc,ergo,cset] GC(274) Start adding old regions to collection set. Min 3 regions, max 7 regions, time remaining 49.00ms, optional threshold 9.80ms
[2024-10-11T04:26:02.956+0800][debug][gc,ergo,cset] GC(274) Finish adding old regions to collection set (Maximum number of regions). Initial 7 regions, optional 0 regions
[2024-10-11T04:26:02.956+0800][debug][gc,ergo,cset] GC(274) Finish choosing collection set old regions. Initial: 7, optional: 0, predicted old time: 0.00ms, predicted optional time: 0.00ms, time remaining: 48.13
[2024-10-11T04:26:03.061+0800][debug][gc,ergo,cset] GC(275) Start adding old regions to collection set. Min 3 regions, max 7 regions, time remaining 48.99ms, optional threshold 9.80ms
[2024-10-11T04:26:03.061+0800][debug][gc,ergo,cset] GC(275) Finish adding old regions to collection set (Maximum number of regions). Initial 7 regions, optional 0 regions
[2024-10-11T04:26:03.061+0800][debug][gc,ergo,cset] GC(275) Finish choosing collection set old regions. Initial: 7, optional: 0, predicted old time: 0.00ms, predicted optional time: 0.00ms, time remaining: 47.88
[2024-10-11T04:26:03.165+0800][debug][gc,ergo,cset] GC(276) Start adding old regions to collection set. Min 3 regions, max 7 regions, time remaining 48.97ms, optional threshold 9.79ms
[2024-10-11T04:26:03.165+0800][debug][gc,ergo,cset] GC(276) Old candidate collection set empty.
[2024-10-11T04:26:03.165+0800][debug][gc,ergo,cset] GC(276) Finish choosing collection set old regions. Initial: 3, optional: 0, predicted old time: 0.00ms, predicted optional time: 0.00ms, time remaining: 48.42
[2024-10-11T04:26:03.489+0800][debug][gc,ergo,cset] GC(280) Pruned 10 regions out of 35, leaving 6311184 bytes waste (allowed 6710886)
[2024-10-11T04:26:03.735+0800][debug][gc,ergo,cset] Preventive GC, insufficient free regions. Predicted need 5. Curr Eden 2 (Pred 3). Curr Survivor 1 (Pred 1). Curr Old 52 (Pred 1) Free 4 Alloc 1
[2024-10-11T04:26:03.735+0800][debug][gc,ergo,cset] GC(282) Start adding old regions to collection set. Min 4 regions, max 7 regions, time remaining 49.00ms, optional threshold 9.80ms
[2024-10-11T04:26:03.735+0800][debug][gc,ergo,cset] GC(282) Finish adding old regions to collection set (Maximum number of regions). Initial 7 regions, optional 0 regions
[2024-10-11T04:26:03.735+0800][debug][gc,ergo,cset] GC(282) Finish choosing collection set old regions. Initial: 7, optional: 0, predicted old time: 0.00ms, predicted optional time: 0.00ms, time remaining: 48.32
[2024-10-11T04:26:03.798+0800][debug][gc,ergo,cset] Preventive GC, insufficient free regions. Predicted need 5. Curr Eden 1 (Pred 2). Curr Survivor 1 (Pred 1). Curr Old 52 (Pred 2) Free 5 Alloc 1
[2024-10-11T04:26:03.798+0800][debug][gc,ergo,cset] GC(283) Start adding old regions to collection set. Min 4 regions, max 7 regions, time remaining 49.18ms, optional threshold 9.84ms
[2024-10-11T04:26:03.798+0800][debug][gc,ergo,cset] GC(283) Finish adding old regions to collection set (Maximum number of regions). Initial 7 regions, optional 0 regions
[2024-10-11T04:26:03.798+0800][debug][gc,ergo,cset] GC(283) Finish choosing collection set old regions. Initial: 7, optional: 0, predicted old time: 0.00ms, predicted optional time: 0.00ms, time remaining: 48.24
[2024-10-11T04:26:03.841+0800][debug][gc,ergo,cset] Preventive GC, insufficient free regions. Predicted need 5. Curr Eden 1 (Pred 2). Curr Survivor 1 (Pred 1). Curr Old 52 (Pred 2) Free 5 Alloc 1
[2024-10-11T04:26:03.841+0800][debug][gc,ergo,cset] GC(284) Start adding old regions to collection set. Min 4 regions, max 7 regions, time remaining 49.15ms, optional threshold 9.83ms
[2024-10-11T04:26:03.841+0800][debug][gc,ergo,cset] GC(284) Finish adding old regions to collection set (Maximum number of regions). Initial 7 regions, optional 0 regions
[2024-10-11T04:26:03.841+0800][debug][gc,ergo,cset] GC(284) Finish choosing collection set old regions. Initial: 7, optional: 0, predicted old time: 0.00ms, predicted optional time: 0.00ms, time remaining: 47.98
[2024-10-11T04:26:03.905+0800][debug][gc,ergo,cset] Preventive GC, insufficient free regions. Predicted need 6. Curr Eden 1 (Pred 2). Curr Survivor 1 (Pred 1). Curr Old 51 (Pred 3) Free 6 Alloc 1
[2024-10-11T04:26:03.905+0800][debug][gc,ergo,cset] GC(285) Start adding old regions to collection set. Min 4 regions, max 7 regions, time remaining 49.16ms, optional threshold 9.83ms
[2024-10-11T04:26:03.905+0800][debug][gc,ergo,cset] GC(285) Old candidate collection set empty.
[2024-10-11T04:26:03.905+0800][debug][gc,ergo,cset] GC(285) Finish choosing collection set old regions. Initial: 4, optional: 0, predicted old time: 0.00ms, predicted optional time: 0.00ms, time remaining: 48.39
[2024-10-11T04:26:04.023+0800][debug][gc,ergo,cset] GC(287) Pruned 10 regions out of 39, leaving 6247536 bytes waste (allowed 6710886)
[2024-10-11T04:26:04.164+0800][debug][gc,ergo,cset] Preventive GC, insufficient free regions. Predicted need 4. Curr Eden 2 (Pred 3). Curr Survivor 1 (Pred 1). Curr Old 52 (Pred 0) Free 4 Alloc 1
[2024-10-11T04:26:04.227+0800][debug][gc,ergo,cset] Preventive GC, insufficient free regions. Predicted need 4. Curr Eden 1 (Pred 2). Curr Survivor 1 (Pred 1). Curr Old 54 (Pred 1) Free 3 Alloc 1
[2024-10-11T04:26:04.227+0800][debug][gc,ergo,cset] GC(289) Start adding old regions to collection set. Min 4 regions, max 7 regions, time remaining 49.15ms, optional threshold 9.83ms
[2024-10-11T04:26:04.227+0800][debug][gc,ergo,cset] GC(289) Finish adding old regions to collection set (Maximum number of regions). Initial 7 regions, optional 0 regions
[2024-10-11T04:26:04.227+0800][debug][gc,ergo,cset] GC(289) Finish choosing collection set old regions. Initial: 7, optional: 0, predicted old time: 0.00ms, predicted optional time: 0.00ms, time remaining: 48.71
[2024-10-11T04:26:04.331+0800][debug][gc,ergo,cset] GC(290) Start adding old regions to collection set. Min 4 regions, max 7 regions, time remaining 48.94ms, optional threshold 9.79ms
[2024-10-11T04:26:04.331+0800][debug][gc,ergo,cset] GC(290) Finish adding old regions to collection set (Maximum number of regions). Initial 7 regions, optional 0 regions
[2024-10-11T04:26:04.331+0800][debug][gc,ergo,cset] GC(290) Finish choosing collection set old regions. Initial: 7, optional: 0, predicted old time: 0.00ms, predicted optional time: 0.00ms, time remaining: 48.28
[2024-10-11T04:26:04.436+0800][debug][gc,ergo,cset] GC(291) Start adding old regions to collection set. Min 4 regions, max 7 regions, time remaining 48.92ms, optional threshold 9.78ms
[2024-10-11T04:26:04.436+0800][debug][gc,ergo,cset] GC(291) Finish adding old regions to collection set (Maximum number of regions). Initial 7 regions, optional 0 regions
[2024-10-11T04:26:04.437+0800][debug][gc,ergo,cset] GC(291) Finish choosing collection set old regions. Initial: 7, optional: 0, predicted old time: 0.00ms, predicted optional time: 0.00ms, time remaining: 47.91
[2024-10-11T04:26:04.541+0800][debug][gc,ergo,cset] GC(292) Start adding old regions to collection set. Min 4 regions, max 7 regions, time remaining 48.89ms, optional threshold 9.78ms
[2024-10-11T04:26:04.541+0800][debug][gc,ergo,cset] GC(292) Finish adding old regions to collection set (Maximum number of regions). Initial 7 regions, optional 0 regions
[2024-10-11T04:26:04.541+0800][debug][gc,ergo,cset] GC(292) Finish choosing collection set old regions. Initial: 7, optional: 0, predicted old time: 0.00ms, predicted optional time: 0.00ms, time remaining: 47.67
[2024-10-11T04:26:04.646+0800][debug][gc,ergo,cset] GC(293) Start adding old regions to collection set. Min 4 regions, max 7 regions, time remaining 48.90ms, optional threshold 9.78ms
[2024-10-11T04:26:04.646+0800][debug][gc,ergo,cset] GC(293) Old candidate collection set empty.
[2024-10-11T04:26:04.646+0800][debug][gc,ergo,cset] GC(293) Finish choosing collection set old regions. Initial: 1, optional: 0, predicted old time: 0.00ms, predicted optional time: 0.00ms, time remaining: 48.72
[2024-10-11T04:26:04.969+0800][debug][gc,ergo,cset] GC(297) Pruned 10 regions out of 41, leaving 5823976 bytes waste (allowed 6710886)
[2024-10-11T04:26:05.175+0800][debug][gc,ergo,cset] Preventive GC, insufficient free regions. Predicted need 4. Curr Eden 1 (Pred 2). Curr Survivor 1 (Pred 1). Curr Old 53 (Pred 1) Free 4 Alloc 1
[2024-10-11T04:26:05.175+0800][debug][gc,ergo,cset] GC(299) Start adding old regions to collection set. Min 4 regions, max 7 regions, time remaining 49.14ms, optional threshold 9.83ms
[2024-10-11T04:26:05.175+0800][debug][gc,ergo,cset] GC(299) Finish adding old regions to collection set (Maximum number of regions). Initial 7 regions, optional 0 regions
[2024-10-11T04:26:05.175+0800][debug][gc,ergo,cset] GC(299) Finish choosing collection set old regions. Initial: 7, optional: 0, predicted old time: 0.00ms, predicted optional time: 0.00ms, time remaining: 48.55
[2024-10-11T04:26:05.279+0800][debug][gc,ergo,cset] GC(300) Start adding old regions to collection set. Min 4 regions, max 7 regions, time remaining 48.92ms, optional threshold 9.78ms
[2024-10-11T04:26:05.279+0800][debug][gc,ergo,cset] GC(300) Finish adding old regions to collection set (Maximum number of regions). Initial 7 regions, optional 0 regions
[2024-10-11T04:26:05.279+0800][debug][gc,ergo,cset] GC(300) Finish choosing collection set old regions. Initial: 7, optional: 0, predicted old time: 0.00ms, predicted optional time: 0.00ms, time remaining: 47.86
[2024-10-11T04:26:05.384+0800][debug][gc,ergo,cset] GC(301) Start adding old regions to collection set. Min 4 regions, max 7 regions, time remaining 48.90ms, optional threshold 9.78ms
[2024-10-11T04:26:05.384+0800][debug][gc,ergo,cset] GC(301) Finish adding old regions to collection set (Maximum number of regions). Initial 7 regions, optional 0 regions
[2024-10-11T04:26:05.384+0800][debug][gc,ergo,cset] GC(301) Finish choosing collection set old regions. Initial: 7, optional: 0, predicted old time: 0.00ms, predicted optional time: 0.00ms, time remaining: 47.60
[2024-10-11T04:26:05.488+0800][debug][gc,ergo,cset] GC(302) Start adding old regions to collection set. Min 4 regions, max 7 regions, time remaining 48.85ms, optional threshold 9.77ms
[2024-10-11T04:26:05.488+0800][debug][gc,ergo,cset] GC(302) Finish adding old regions to collection set (Maximum number of regions). Initial 7 regions, optional 0 regions
[2024-10-11T04:26:05.488+0800][debug][gc,ergo,cset] GC(302) Finish choosing collection set old regions. Initial: 7, optional: 0, predicted old time: 0.00ms, predicted optional time: 0.00ms, time remaining: 47.51
[2024-10-11T04:26:05.593+0800][debug][gc,ergo,cset] GC(303) Start adding old regions to collection set. Min 4 regions, max 7 regions, time remaining 48.88ms, optional threshold 9.78ms
[2024-10-11T04:26:05.593+0800][debug][gc,ergo,cset] GC(303) Old candidate collection set empty.
[2024-10-11T04:26:05.593+0800][debug][gc,ergo,cset] GC(303) Finish choosing collection set old regions. Initial: 3, optional: 0, predicted old time: 0.00ms, predicted optional time: 0.00ms, time remaining: 48.22
[2024-10-11T04:26:05.916+0800][debug][gc,ergo,cset] GC(307) Pruned 11 regions out of 44, leaving 6300696 bytes waste (allowed 6710886)
[2024-10-11T04:26:06.060+0800][debug][gc,ergo,cset] Preventive GC, insufficient free regions. Predicted need 4. Curr Eden 2 (Pred 3). Curr Survivor 1 (Pred 1). Curr Old 53 (Pred 0) Free 3 Alloc 1
[2024-10-11T04:26:06.123+0800][debug][gc,ergo,cset] Preventive GC, insufficient free regions. Predicted need 5. Curr Eden 1 (Pred 2). Curr Survivor 1 (Pred 1). Curr Old 55 (Pred 2) Free 2 Alloc 1
[2024-10-11T04:26:06.123+0800][debug][gc,ergo,cset] GC(309) Start adding old regions to collection set. Min 5 regions, max 7 regions, time remaining 49.16ms, optional threshold 9.83ms
[2024-10-11T04:26:06.123+0800][debug][gc,ergo,cset] GC(309) Finish adding old regions to collection set (Maximum number of regions). Initial 7 regions, optional 0 regions
[2024-10-11T04:26:06.123+0800][debug][gc,ergo,cset] GC(309) Finish choosing collection set old regions. Initial: 7, optional: 0, predicted old time: 0.00ms, predicted optional time: 0.00ms, time remaining: 48.47
[2024-10-11T04:26:06.165+0800][debug][gc,ergo,cset] Preventive GC, insufficient free regions. Predicted need 6. Curr Eden 1 (Pred 2). Curr Survivor 1 (Pred 1). Curr Old 55 (Pred 3) Free 2 Alloc 1
[2024-10-11T04:26:06.165+0800][debug][gc,ergo,cset] GC(310) Start adding old regions to collection set. Min 5 regions, max 7 regions, time remaining 49.09ms, optional threshold 9.82ms
[2024-10-11T04:26:06.165+0800][debug][gc,ergo,cset] GC(310) Finish adding old regions to collection set (Maximum number of regions). Initial 7 regions, optional 0 regions
[2024-10-11T04:26:06.166+0800][debug][gc,ergo,cset] GC(310) Finish choosing collection set old regions. Initial: 7, optional: 0, predicted old time: 0.00ms, predicted optional time: 0.00ms, time remaining: 48.11
[2024-10-11T04:26:06.229+0800][debug][gc,ergo,cset] Preventive GC, insufficient free regions. Predicted need 6. Curr Eden 1 (Pred 2). Curr Survivor 1 (Pred 1). Curr Old 56 (Pred 3) Free 1 Alloc 1
[2024-10-11T04:26:06.229+0800][debug][gc,ergo,cset] GC(311) Start adding old regions to collection set. Min 5 regions, max 7 regions, time remaining 49.10ms, optional threshold 9.82ms
[2024-10-11T04:26:06.229+0800][debug][gc,ergo,cset] GC(311) Finish adding old regions to collection set (Maximum number of regions). Initial 7 regions, optional 0 regions
[2024-10-11T04:26:06.229+0800][debug][gc,ergo,cset] GC(311) Finish choosing collection set old regions. Initial: 7, optional: 0, predicted old time: 0.00ms, predicted optional time: 0.00ms, time remaining: 48.05
[2024-10-11T04:26:06.272+0800][debug][gc,ergo,cset] GC(312) Start adding old regions to collection set. Min 5 regions, max 7 regions, time remaining 49.08ms, optional threshold 9.82ms
[2024-10-11T04:26:06.272+0800][debug][gc,ergo,cset] GC(312) Finish adding old regions to collection set (Maximum number of regions). Initial 7 regions, optional 0 regions
[2024-10-11T04:26:06.272+0800][debug][gc,ergo,cset] GC(312) Finish choosing collection set old regions. Initial: 7, optional: 0, predicted old time: 0.00ms, predicted optional time: 0.00ms, time remaining: 47.92
[2024-10-11T04:26:06.840+0800][debug][gc,ergo,cset] GC(318) Pruned 10 regions out of 31, leaving 6306856 bytes waste (allowed 6710886)
[2024-10-11T04:26:07.088+0800][debug][gc,ergo,cset] GC(320) Start adding old regions to collection set. Min 3 regions, max 7 regions, time remaining 48.97ms, optional threshold 9.79ms
[2024-10-11T04:26:07.088+0800][debug][gc,ergo,cset] GC(320) Finish adding old regions to collection set (Maximum number of regions). Initial 7 regions, optional 0 regions
[2024-10-11T04:26:07.088+0800][debug][gc,ergo,cset] GC(320) Finish choosing collection set old regions. Initial: 7, optional: 0, predicted old time: 0.00ms, predicted optional time: 0.00ms, time remaining: 48.20
[2024-10-11T04:26:07.192+0800][debug][gc,ergo,cset] GC(321) Start adding old regions to collection set. Min 3 regions, max 7 regions, time remaining 48.91ms, optional threshold 9.78ms
[2024-10-11T04:26:07.193+0800][debug][gc,ergo,cset] GC(321) Finish adding old regions to collection set (Maximum number of regions). Initial 7 regions, optional 0 regions
[2024-10-11T04:26:07.193+0800][debug][gc,ergo,cset] GC(321) Finish choosing collection set old regions. Initial: 7, optional: 0, predicted old time: 0.00ms, predicted optional time: 0.00ms, time remaining: 47.77
[2024-10-11T04:26:07.298+0800][debug][gc,ergo,cset] GC(322) Start adding old regions to collection set. Min 3 regions, max 7 regions, time remaining 48.88ms, optional threshold 9.78ms
[2024-10-11T04:26:07.298+0800][debug][gc,ergo,cset] GC(322) Old candidate collection set empty.
[2024-10-11T04:26:07.298+0800][debug][gc,ergo,cset] GC(322) Finish choosing collection set old regions. Initial: 7, optional: 0, predicted old time: 0.00ms, predicted optional time: 0.00ms, time remaining: 47.56
[2024-10-11T04:26:07.622+0800][debug][gc,ergo,cset] GC(326) Pruned 11 regions out of 43, leaving 6499952 bytes waste (allowed 6710886)
[2024-10-11T04:26:07.827+0800][debug][gc,ergo,cset] Preventive GC, insufficient free regions. Predicted need 5. Curr Eden 1 (Pred 2). Curr Survivor 1 (Pred 1). Curr Old 52 (Pred 2) Free 5 Alloc 1
[2024-10-11T04:26:07.828+0800][debug][gc,ergo,cset] GC(328) Start adding old regions to collection set. Min 4 regions, max 7 regions, time remaining 49.20ms, optional threshold 9.84ms
[2024-10-11T04:26:07.828+0800][debug][gc,ergo,cset] GC(328) Finish adding old regions to collection set (Maximum number of regions). Initial 7 regions, optional 0 regions
[2024-10-11T04:26:07.828+0800][debug][gc,ergo,cset] GC(328) Finish choosing collection set old regions. Initial: 7, optional: 0, predicted old time: 0.00ms, predicted optional time: 0.00ms, time remaining: 48.50
[2024-10-11T04:26:07.931+0800][debug][gc,ergo,cset] Preventive GC, insufficient free regions. Predicted need 7. Curr Eden 2 (Pred 3). Curr Survivor 1 (Pred 1). Curr Old 49 (Pred 3) Free 7 Alloc 1
[2024-10-11T04:26:07.932+0800][debug][gc,ergo,cset] GC(329) Start adding old regions to collection set. Min 4 regions, max 7 regions, time remaining 48.95ms, optional threshold 9.79ms
[2024-10-11T04:26:07.932+0800][debug][gc,ergo,cset] GC(329) Finish adding old regions to collection set (Maximum number of regions). Initial 7 regions, optional 0 regions
[2024-10-11T04:26:07.932+0800][debug][gc,ergo,cset] GC(329) Finish choosing collection set old regions. Initial: 7, optional: 0, predicted old time: 0.00ms, predicted optional time: 0.00ms, time remaining: 47.92
[2024-10-11T04:26:08.037+0800][debug][gc,ergo,cset] GC(330) Start adding old regions to collection set. Min 4 regions, max 7 regions, time remaining 48.90ms, optional threshold 9.78ms
[2024-10-11T04:26:08.037+0800][debug][gc,ergo,cset] GC(330) Finish adding old regions to collection set (Maximum number of regions). Initial 7 regions, optional 0 regions
[2024-10-11T04:26:08.037+0800][debug][gc,ergo,cset] GC(330) Finish choosing collection set old regions. Initial: 7, optional: 0, predicted old time: 0.00ms, predicted optional time: 0.00ms, time remaining: 47.75
[2024-10-11T04:26:08.141+0800][debug][gc,ergo,cset] GC(331) Start adding old regions to collection set. Min 4 regions, max 7 regions, time remaining 48.93ms, optional threshold 9.79ms
[2024-10-11T04:26:08.141+0800][debug][gc,ergo,cset] GC(331) Finish adding old regions to collection set (Maximum number of regions). Initial 7 regions, optional 0 regions
[2024-10-11T04:26:08.141+0800][debug][gc,ergo,cset] GC(331) Finish choosing collection set old regions. Initial: 7, optional: 0, predicted old time: 0.00ms, predicted optional time: 0.00ms, time remaining: 47.71
[2024-10-11T04:26:08.246+0800][debug][gc,ergo,cset] GC(332) Start adding old regions to collection set. Min 4 regions, max 7 regions, time remaining 48.93ms, optional threshold 9.79ms
[2024-10-11T04:26:08.246+0800][debug][gc,ergo,cset] GC(332) Old candidate collection set empty.
[2024-10-11T04:26:08.246+0800][debug][gc,ergo,cset] GC(332) Finish choosing collection set old regions. Initial: 4, optional: 0, predicted old time: 0.00ms, predicted optional time: 0.00ms, time remaining: 48.16
[2024-10-11T04:26:08.569+0800][debug][gc,ergo,cset] GC(336) Pruned 11 regions out of 43, leaving 6084208 bytes waste (allowed 6710886)
[2024-10-11T04:26:08.712+0800][debug][gc,ergo,cset] Preventive GC, insufficient free regions. Predicted need 4. Curr Eden 2 (Pred 3). Curr Survivor 1 (Pred 1). Curr Old 52 (Pred 0) Free 4 Alloc 1
[2024-10-11T04:26:08.775+0800][debug][gc,ergo,cset] Preventive GC, insufficient free regions. Predicted need 4. Curr Eden 1 (Pred 2). Curr Survivor 1 (Pred 1). Curr Old 54 (Pred 1) Free 3 Alloc 1
[2024-10-11T04:26:08.775+0800][debug][gc,ergo,cset] GC(338) Start adding old regions to collection set. Min 4 regions, max 7 regions, time remaining 49.19ms, optional threshold 9.84ms
[2024-10-11T04:26:08.775+0800][debug][gc,ergo,cset] GC(338) Finish adding old regions to collection set (Maximum number of regions). Initial 7 regions, optional 0 regions
[2024-10-11T04:26:08.775+0800][debug][gc,ergo,cset] GC(338) Finish choosing collection set old regions. Initial: 7, optional: 0, predicted old time: 0.00ms, predicted optional time: 0.00ms, time remaining: 48.56
[2024-10-11T04:26:08.817+0800][debug][gc,ergo,cset] Preventive GC, insufficient free regions. Predicted need 5. Curr Eden 1 (Pred 2). Curr Survivor 1 (Pred 1). Curr Old 53 (Pred 2) Free 4 Alloc 1
[2024-10-11T04:26:08.818+0800][debug][gc,ergo,cset] GC(339) Start adding old regions to collection set. Min 4 regions, max 7 regions, time remaining 49.16ms, optional threshold 9.83ms
[2024-10-11T04:26:08.818+0800][debug][gc,ergo,cset] GC(339) Finish adding old regions to collection set (Maximum number of regions). Initial 7 regions, optional 0 regions
[2024-10-11T04:26:08.818+0800][debug][gc,ergo,cset] GC(339) Finish choosing collection set old regions. Initial: 7, optional: 0, predicted old time: 0.00ms, predicted optional time: 0.00ms, time remaining: 48.23
[2024-10-11T04:26:08.840+0800][debug][gc,ergo,cset] Preventive GC, insufficient free regions. Predicted need 6. Curr Eden 1 (Pred 2). Curr Survivor 1 (Pred 1). Curr Old 56 (Pred 3) Free 1 Alloc 1
[2024-10-11T04:26:08.840+0800][debug][gc,ergo,cset] GC(340) Start adding old regions to collection set. Min 4 regions, max 7 regions, time remaining 49.14ms, optional threshold 9.83ms
[2024-10-11T04:26:08.840+0800][debug][gc,ergo,cset] GC(340) Finish adding old regions to collection set (Maximum number of regions). Initial 7 regions, optional 0 regions
[2024-10-11T04:26:08.840+0800][debug][gc,ergo,cset] GC(340) Finish choosing collection set old regions. Initial: 7, optional: 0, predicted old time: 0.00ms, predicted optional time: 0.00ms, time remaining: 48.07
[2024-10-11T04:26:08.842+0800][debug][gc,ergo,cset] GC(341) Start adding old regions to collection set. Min 4 regions, max 7 regions, time remaining 49.50ms, optional threshold 9.90ms
[2024-10-11T04:26:08.842+0800][debug][gc,ergo,cset] GC(341) Finish adding old regions to collection set (Maximum number of regions). Initial 7 regions, optional 0 regions
[2024-10-11T04:26:08.842+0800][debug][gc,ergo,cset] GC(341) Finish choosing collection set old regions. Initial: 7, optional: 0, predicted old time: 0.00ms, predicted optional time: 0.00ms, time remaining: 48.31
[2024-10-11T04:26:08.905+0800][debug][gc,ergo,cset] GC(342) Start adding old regions to collection set. Min 4 regions, max 7 regions, time remaining 49.11ms, optional threshold 9.82ms
[2024-10-11T04:26:08.905+0800][debug][gc,ergo,cset] GC(342) Old candidate collection set empty.
[2024-10-11T04:26:08.905+0800][debug][gc,ergo,cset] GC(342) Finish choosing collection set old regions. Initial: 4, optional: 0, predicted old time: 0.00ms, predicted optional time: 0.00ms, time remaining: 48.35
[2024-10-11T04:26:09.579+0800][debug][gc,ergo,cset] GC(349) Pruned 11 regions out of 37, leaving 6452416 bytes waste (allowed 6710886)
[2024-10-11T04:26:09.826+0800][debug][gc,ergo,cset] Preventive GC, insufficient free regions. Predicted need 6. Curr Eden 2 (Pred 3). Curr Survivor 1 (Pred 1). Curr Old 51 (Pred 2) Free 5 Alloc 1
[2024-10-11T04:26:09.826+0800][debug][gc,ergo,cset] GC(351) Start adding old regions to collection set. Min 4 regions, max 7 regions, time remaining 49.01ms, optional threshold 9.80ms
[2024-10-11T04:26:09.826+0800][debug][gc,ergo,cset] GC(351) Finish adding old regions to collection set (Maximum number of regions). Initial 7 regions, optional 0 regions
[2024-10-11T04:26:09.826+0800][debug][gc,ergo,cset] GC(351) Finish choosing collection set old regions. Initial: 7, optional: 0, predicted old time: 0.00ms, predicted optional time: 0.00ms, time remaining: 48.28
[2024-10-11T04:26:09.930+0800][debug][gc,ergo,cset] Preventive GC, insufficient free regions. Predicted need 6. Curr Eden 2 (Pred 3). Curr Survivor 1 (Pred 1). Curr Old 51 (Pred 2) Free 5 Alloc 1
[2024-10-11T04:26:09.930+0800][debug][gc,ergo,cset] GC(352) Start adding old regions to collection set. Min 4 regions, max 7 regions, time remaining 49.00ms, optional threshold 9.80ms
[2024-10-11T04:26:09.930+0800][debug][gc,ergo,cset] GC(352) Finish adding old regions to collection set (Maximum number of regions). Initial 7 regions, optional 0 regions
[2024-10-11T04:26:09.930+0800][debug][gc,ergo,cset] GC(352) Finish choosing collection set old regions. Initial: 7, optional: 0, predicted old time: 0.00ms, predicted optional time: 0.00ms, time remaining: 48.04
[2024-10-11T04:26:09.994+0800][debug][gc,ergo,cset] Preventive GC, insufficient free regions. Predicted need 6. Curr Eden 1 (Pred 2). Curr Survivor 1 (Pred 1). Curr Old 54 (Pred 3) Free 3 Alloc 1
[2024-10-11T04:26:09.994+0800][debug][gc,ergo,cset] GC(353) Start adding old regions to collection set. Min 4 regions, max 7 regions, time remaining 49.20ms, optional threshold 9.84ms
[2024-10-11T04:26:09.994+0800][debug][gc,ergo,cset] GC(353) Finish adding old regions to collection set (Maximum number of regions). Initial 7 regions, optional 0 regions
[2024-10-11T04:26:09.994+0800][debug][gc,ergo,cset] GC(353) Finish choosing collection set old regions. Initial: 7, optional: 0, predicted old time: 0.00ms, predicted optional time: 0.00ms, time remaining: 48.05
[2024-10-11T04:26:10.037+0800][debug][gc,ergo,cset] Preventive GC, insufficient free regions. Predicted need 6. Curr Eden 1 (Pred 2). Curr Survivor 1 (Pred 1). Curr Old 56 (Pred 3) Free 1 Alloc 1
[2024-10-11T04:26:10.037+0800][debug][gc,ergo,cset] GC(354) Start adding old regions to collection set. Min 4 regions, max 7 regions, time remaining 49.20ms, optional threshold 9.84ms
[2024-10-11T04:26:10.037+0800][debug][gc,ergo,cset] GC(354) Old candidate collection set empty.
[2024-10-11T04:26:10.037+0800][debug][gc,ergo,cset] GC(354) Finish choosing collection set old regions. Initial: 5, optional: 0, predicted old time: 0.00ms, predicted optional time: 0.00ms, time remaining: 48.37
[2024-10-11T04:26:10.647+0800][debug][gc,ergo,cset] GC(362) Pruned 12 regions out of 33, leaving 6656296 bytes waste (allowed 6710886)
[2024-10-11T04:26:10.895+0800][debug][gc,ergo,cset] GC(364) Start adding old regions to collection set. Min 3 regions, max 7 regions, time remaining 48.97ms, optional threshold 9.79ms
[2024-10-11T04:26:10.895+0800][debug][gc,ergo,cset] GC(364) Finish adding old regions to collection set (Maximum number of regions). Initial 7 regions, optional 0 regions
[2024-10-11T04:26:10.895+0800][debug][gc,ergo,cset] GC(364) Finish choosing collection set old regions. Initial: 7, optional: 0, predicted old time: 0.00ms, predicted optional time: 0.00ms, time remaining: 48.47
[2024-10-11T04:26:10.999+0800][debug][gc,ergo,cset] GC(365) Start adding old regions to collection set. Min 3 regions, max 7 regions, time remaining 48.93ms, optional threshold 9.79ms
[2024-10-11T04:26:10.999+0800][debug][gc,ergo,cset] GC(365) Finish adding old regions to collection set (Maximum number of regions). Initial 7 regions, optional 0 regions
[2024-10-11T04:26:10.999+0800][debug][gc,ergo,cset] GC(365) Finish choosing collection set old regions. Initial: 7, optional: 0, predicted old time: 0.00ms, predicted optional time: 0.00ms, time remaining: 47.95
[2024-10-11T04:26:11.104+0800][debug][gc,ergo,cset] GC(366) Start adding old regions to collection set. Min 3 regions, max 7 regions, time remaining 48.92ms, optional threshold 9.78ms
[2024-10-11T04:26:11.104+0800][debug][gc,ergo,cset] GC(366) Old candidate collection set empty.
[2024-10-11T04:26:11.104+0800][debug][gc,ergo,cset] GC(366) Finish choosing collection set old regions. Initial: 7, optional: 0, predicted old time: 0.00ms, predicted optional time: 0.00ms, time remaining: 47.62
[2024-10-11T04:26:11.428+0800][debug][gc,ergo,cset] GC(370) Pruned 11 regions out of 39, leaving 6040968 bytes waste (allowed 6710886)
[2024-10-11T04:26:11.674+0800][debug][gc,ergo,cset] Preventive GC, insufficient free regions. Predicted need 5. Curr Eden 2 (Pred 3). Curr Survivor 1 (Pred 1). Curr Old 52 (Pred 1) Free 4 Alloc 1
[2024-10-11T04:26:11.675+0800][debug][gc,ergo,cset] GC(372) Start adding old regions to collection set. Min 4 regions, max 7 regions, time remaining 48.96ms, optional threshold 9.79ms
[2024-10-11T04:26:11.675+0800][debug][gc,ergo,cset] GC(372) Finish adding old regions to collection set (Maximum number of regions). Initial 7 regions, optional 0 regions
[2024-10-11T04:26:11.675+0800][debug][gc,ergo,cset] GC(372) Finish choosing collection set old regions. Initial: 7, optional: 0, predicted old time: 0.00ms, predicted optional time: 0.00ms, time remaining: 48.44
[2024-10-11T04:26:11.779+0800][debug][gc,ergo,cset] GC(373) Start adding old regions to collection set. Min 4 regions, max 7 regions, time remaining 48.95ms, optional threshold 9.79ms
[2024-10-11T04:26:11.779+0800][debug][gc,ergo,cset] GC(373) Finish adding old regions to collection set (Maximum number of regions). Initial 7 regions, optional 0 regions
[2024-10-11T04:26:11.779+0800][debug][gc,ergo,cset] GC(373) Finish choosing collection set old regions. Initial: 7, optional: 0, predicted old time: 0.00ms, predicted optional time: 0.00ms, time remaining: 48.05
[2024-10-11T04:26:11.883+0800][debug][gc,ergo,cset] GC(374) Start adding old regions to collection set. Min 4 regions, max 7 regions, time remaining 48.92ms, optional threshold 9.78ms
[2024-10-11T04:26:11.883+0800][debug][gc,ergo,cset] GC(374) Finish adding old regions to collection set (Maximum number of regions). Initial 7 regions, optional 0 regions
[2024-10-11T04:26:11.883+0800][debug][gc,ergo,cset] GC(374) Finish choosing collection set old regions. Initial: 7, optional: 0, predicted old time: 0.00ms, predicted optional time: 0.00ms, time remaining: 47.70
[2024-10-11T04:26:11.988+0800][debug][gc,ergo,cset] GC(375) Start adding old regions to collection set. Min 4 regions, max 7 regions, time remaining 48.88ms, optional threshold 9.78ms
[2024-10-11T04:26:11.988+0800][debug][gc,ergo,cset] GC(375) Old candidate collection set empty.
[2024-10-11T04:26:11.988+0800][debug][gc,ergo,cset] GC(375) Finish choosing collection set old regions. Initial: 7, optional: 0, predicted old time: 0.00ms, predicted optional time: 0.00ms, time remaining: 47.55
[2024-10-11T04:26:12.312+0800][debug][gc,ergo,cset] GC(379) Pruned 11 regions out of 41, leaving 6418248 bytes waste (allowed 6710886)
[2024-10-11T04:26:12.518+0800][debug][gc,ergo,cset] Preventive GC, insufficient free regions. Predicted need 4. Curr Eden 1 (Pred 2). Curr Survivor 1 (Pred 1). Curr Old 53 (Pred 1) Free 4 Alloc 1
[2024-10-11T04:26:12.518+0800][debug][gc,ergo,cset] GC(381) Start adding old regions to collection set. Min 4 regions, max 7 regions, time remaining 49.19ms, optional threshold 9.84ms
[2024-10-11T04:26:12.518+0800][debug][gc,ergo,cset] GC(381) Finish adding old regions to collection set (Maximum number of regions). Initial 7 regions, optional 0 regions
[2024-10-11T04:26:12.518+0800][debug][gc,ergo,cset] GC(381) Finish choosing collection set old regions. Initial: 7, optional: 0, predicted old time: 0.00ms, predicted optional time: 0.00ms, time remaining: 48.66
[2024-10-11T04:26:12.622+0800][debug][gc,ergo,cset] GC(382) Start adding old regions to collection set. Min 4 regions, max 7 regions, time remaining 48.97ms, optional threshold 9.79ms
[2024-10-11T04:26:12.622+0800][debug][gc,ergo,cset] GC(382) Finish adding old regions to collection set (Maximum number of regions). Initial 7 regions, optional 0 regions
[2024-10-11T04:26:12.622+0800][debug][gc,ergo,cset] GC(382) Finish choosing collection set old regions. Initial: 7, optional: 0, predicted old time: 0.00ms, predicted optional time: 0.00ms, time remaining: 48.11
[2024-10-11T04:26:12.727+0800][debug][gc,ergo,cset] GC(383) Start adding old regions to collection set. Min 4 regions, max 7 regions, time remaining 48.93ms, optional threshold 9.79ms
[2024-10-11T04:26:12.727+0800][debug][gc,ergo,cset] GC(383) Finish adding old regions to collection set (Maximum number of regions). Initial 7 regions, optional 0 regions
[2024-10-11T04:26:12.727+0800][debug][gc,ergo,cset] GC(383) Finish choosing collection set old regions. Initial: 7, optional: 0, predicted old time: 0.00ms, predicted optional time: 0.00ms, time remaining: 47.92
[2024-10-11T04:26:12.831+0800][debug][gc,ergo,cset] GC(384) Start adding old regions to collection set. Min 4 regions, max 7 regions, time remaining 48.92ms, optional threshold 9.78ms
[2024-10-11T04:26:12.831+0800][debug][gc,ergo,cset] GC(384) Finish adding old regions to collection set (Maximum number of regions). Initial 7 regions, optional 0 regions
[2024-10-11T04:26:12.831+0800][debug][gc,ergo,cset] GC(384) Finish choosing collection set old regions. Initial: 7, optional: 0, predicted old time: 0.00ms, predicted optional time: 0.00ms, time remaining: 47.78
[2024-10-11T04:26:12.936+0800][debug][gc,ergo,cset] GC(385) Start adding old regions to collection set. Min 4 regions, max 7 regions, time remaining 48.91ms, optional threshold 9.78ms
[2024-10-11T04:26:12.936+0800][debug][gc,ergo,cset] GC(385) Old candidate collection set empty.
[2024-10-11T04:26:12.936+0800][debug][gc,ergo,cset] GC(385) Finish choosing collection set old regions. Initial: 2, optional: 0, predicted old time: 0.00ms, predicted optional time: 0.00ms, time remaining: 48.53
[2024-10-11T04:26:13.261+0800][debug][gc,ergo,cset] GC(389) Pruned 11 regions out of 45, leaving 5817608 bytes waste (allowed 6710886)
[2024-10-11T04:26:13.403+0800][debug][gc,ergo,cset] Preventive GC, insufficient free regions. Predicted need 4. Curr Eden 2 (Pred 3). Curr Survivor 1 (Pred 1). Curr Old 52 (Pred 0) Free 3 Alloc 1
[2024-10-11T04:26:13.466+0800][debug][gc,ergo,cset] Preventive GC, insufficient free regions. Predicted need 5. Curr Eden 1 (Pred 2). Curr Survivor 1 (Pred 1). Curr Old 54 (Pred 2) Free 3 Alloc 1
[2024-10-11T04:26:13.466+0800][debug][gc,ergo,cset] GC(391) Start adding old regions to collection set. Min 5 regions, max 7 regions, time remaining 49.18ms, optional threshold 9.84ms
[2024-10-11T04:26:13.466+0800][debug][gc,ergo,cset] GC(391) Finish adding old regions to collection set (Maximum number of regions). Initial 7 regions, optional 0 regions
[2024-10-11T04:26:13.466+0800][debug][gc,ergo,cset] GC(391) Finish choosing collection set old regions. Initial: 7, optional: 0, predicted old time: 0.00ms, predicted optional time: 0.00ms, time remaining: 48.41
[2024-10-11T04:26:13.509+0800][debug][gc,ergo,cset] Preventive GC, insufficient free regions. Predicted need 6. Curr Eden 1 (Pred 2). Curr Survivor 1 (Pred 1). Curr Old 52 (Pred 3) Free 5 Alloc 1
[2024-10-11T04:26:13.509+0800][debug][gc,ergo,cset] GC(392) Start adding old regions to collection set. Min 5 regions, max 7 regions, time remaining 49.14ms, optional threshold 9.83ms
[2024-10-11T04:26:13.509+0800][debug][gc,ergo,cset] GC(392) Finish adding old regions to collection set (Maximum number of regions). Initial 7 regions, optional 0 regions
[2024-10-11T04:26:13.509+0800][debug][gc,ergo,cset] GC(392) Finish choosing collection set old regions. Initial: 7, optional: 0, predicted old time: 0.00ms, predicted optional time: 0.00ms, time remaining: 48.21
[2024-10-11T04:26:13.573+0800][debug][gc,ergo,cset] Preventive GC, insufficient free regions. Predicted need 6. Curr Eden 1 (Pred 2). Curr Survivor 1 (Pred 1). Curr Old 53 (Pred 3) Free 4 Alloc 1
[2024-10-11T04:26:13.573+0800][debug][gc,ergo,cset] GC(393) Start adding old regions to collection set. Min 5 regions, max 7 regions, time remaining 49.13ms, optional threshold 9.83ms
[2024-10-11T04:26:13.573+0800][debug][gc,ergo,cset] GC(393) Finish adding old regions to collection set (Maximum number of regions). Initial 7 regions, optional 0 regions
[2024-10-11T04:26:13.573+0800][debug][gc,ergo,cset] GC(393) Finish choosing collection set old regions. Initial: 7, optional: 0, predicted old time: 0.00ms, predicted optional time: 0.00ms, time remaining: 47.98
[2024-10-11T04:26:13.616+0800][debug][gc,ergo,cset] GC(394) Start adding old regions to collection set. Min 5 regions, max 7 regions, time remaining 49.12ms, optional threshold 9.82ms
[2024-10-11T04:26:13.617+0800][debug][gc,ergo,cset] GC(394) Finish adding old regions to collection set (Maximum number of regions). Initial 7 regions, optional 0 regions
[2024-10-11T04:26:13.617+0800][debug][gc,ergo,cset] GC(394) Finish choosing collection set old regions. Initial: 7, optional: 0, predicted old time: 0.00ms, predicted optional time: 0.00ms, time remaining: 47.95
[2024-10-11T04:26:14.291+0800][debug][gc,ergo,cset] GC(401) Pruned 12 regions out of 38, leaving 6695008 bytes waste (allowed 6710886)
[2024-10-11T04:26:14.537+0800][debug][gc,ergo,cset] Preventive GC, insufficient free regions. Predicted need 5. Curr Eden 2 (Pred 3). Curr Survivor 1 (Pred 1). Curr Old 51 (Pred 1) Free 5 Alloc 1
[2024-10-11T04:26:14.537+0800][debug][gc,ergo,cset] GC(403) Start adding old regions to collection set. Min 4 regions, max 7 regions, time remaining 49.01ms, optional threshold 9.80ms
[2024-10-11T04:26:14.537+0800][debug][gc,ergo,cset] GC(403) Finish adding old regions to collection set (Maximum number of regions). Initial 7 regions, optional 0 regions
[2024-10-11T04:26:14.537+0800][debug][gc,ergo,cset] GC(403) Finish choosing collection set old regions. Initial: 7, optional: 0, predicted old time: 0.00ms, predicted optional time: 0.00ms, time remaining: 48.33
[2024-10-11T04:26:14.641+0800][debug][gc,ergo,cset] GC(404) Start adding old regions to collection set. Min 4 regions, max 7 regions, time remaining 48.95ms, optional threshold 9.79ms
[2024-10-11T04:26:14.641+0800][debug][gc,ergo,cset] GC(404) Finish adding old regions to collection set (Maximum number of regions). Initial 7 regions, optional 0 regions
[2024-10-11T04:26:14.641+0800][debug][gc,ergo,cset] GC(404) Finish choosing collection set old regions. Initial: 7, optional: 0, predicted old time: 0.00ms, predicted optional time: 0.00ms, time remaining: 47.98
[2024-10-11T04:26:14.746+0800][debug][gc,ergo,cset] GC(405) Start adding old regions to collection set. Min 4 regions, max 7 regions, time remaining 48.95ms, optional threshold 9.79ms
[2024-10-11T04:26:14.746+0800][debug][gc,ergo,cset] GC(405) Finish adding old regions to collection set (Maximum number of regions). Initial 7 regions, optional 0 regions
[2024-10-11T04:26:14.746+0800][debug][gc,ergo,cset] GC(405) Finish choosing collection set old regions. Initial: 7, optional: 0, predicted old time: 0.00ms, predicted optional time: 0.00ms, time remaining: 47.77
[2024-10-11T04:26:14.851+0800][debug][gc,ergo,cset] GC(406) Start adding old regions to collection set. Min 4 regions, max 7 regions, time remaining 48.94ms, optional threshold 9.79ms
[2024-10-11T04:26:14.851+0800][debug][gc,ergo,cset] GC(406) Old candidate collection set empty.
[2024-10-11T04:26:14.851+0800][debug][gc,ergo,cset] GC(406) Finish choosing collection set old regions. Initial: 5, optional: 0, predicted old time: 0.00ms, predicted optional time: 0.00ms, time remaining: 48.03
[2024-10-11T04:26:15.174+0800][debug][gc,ergo,cset] GC(410) Pruned 10 regions out of 36, leaving 6235472 bytes waste (allowed 6710886)
[2024-10-11T04:26:15.420+0800][debug][gc,ergo,cset] Preventive GC, insufficient free regions. Predicted need 5. Curr Eden 2 (Pred 3). Curr Survivor 1 (Pred 1). Curr Old 52 (Pred 1) Free 4 Alloc 1
[2024-10-11T04:26:15.421+0800][debug][gc,ergo,cset] GC(412) Start adding old regions to collection set. Min 4 regions, max 7 regions, time remaining 48.99ms, optional threshold 9.80ms
[2024-10-11T04:26:15.421+0800][debug][gc,ergo,cset] GC(412) Finish adding old regions to collection set (Maximum number of regions). Initial 7 regions, optional 0 regions
[2024-10-11T04:26:15.421+0800][debug][gc,ergo,cset] GC(412) Finish choosing collection set old regions. Initial: 7, optional: 0, predicted old time: 0.00ms, predicted optional time: 0.00ms, time remaining: 48.44
[2024-10-11T04:26:15.484+0800][debug][gc,ergo,cset] Preventive GC, insufficient free regions. Predicted need 5. Curr Eden 1 (Pred 2). Curr Survivor 1 (Pred 1). Curr Old 55 (Pred 2) Free 2 Alloc 1
[2024-10-11T04:26:15.484+0800][debug][gc,ergo,cset] GC(413) Start adding old regions to collection set. Min 4 regions, max 7 regions, time remaining 49.14ms, optional threshold 9.83ms
[2024-10-11T04:26:15.484+0800][debug][gc,ergo,cset] GC(413) Finish adding old regions to collection set (Maximum number of regions). Initial 7 regions, optional 0 regions
[2024-10-11T04:26:15.484+0800][debug][gc,ergo,cset] GC(413) Finish choosing collection set old regions. Initial: 7, optional: 0, predicted old time: 0.00ms, predicted optional time: 0.00ms, time remaining: 48.23
[2024-10-11T04:26:15.506+0800][debug][gc,ergo,cset] GC(414) Start adding old regions to collection set. Min 4 regions, max 7 regions, time remaining 49.13ms, optional threshold 9.83ms
[2024-10-11T04:26:15.506+0800][debug][gc,ergo,cset] GC(414) Finish adding old regions to collection set (Maximum number of regions). Initial 7 regions, optional 0 regions
[2024-10-11T04:26:15.506+0800][debug][gc,ergo,cset] GC(414) Finish choosing collection set old regions. Initial: 7, optional: 0, predicted old time: 0.00ms, predicted optional time: 0.00ms, time remaining: 48.02
[2024-10-11T04:26:16.180+0800][debug][gc,ergo,cset] GC(421) Pruned 11 regions out of 36, leaving 6018368 bytes waste (allowed 6710886)
[2024-10-11T04:26:16.425+0800][debug][gc,ergo,cset] Preventive GC, insufficient free regions. Predicted need 5. Curr Eden 2 (Pred 3). Curr Survivor 1 (Pred 1). Curr Old 51 (Pred 1) Free 5 Alloc 1
[2024-10-11T04:26:16.425+0800][debug][gc,ergo,cset] GC(423) Start adding old regions to collection set. Min 4 regions, max 7 regions, time remaining 49.01ms, optional threshold 9.80ms
[2024-10-11T04:26:16.425+0800][debug][gc,ergo,cset] GC(423) Finish adding old regions to collection set (Maximum number of regions). Initial 7 regions, optional 0 regions
[2024-10-11T04:26:16.425+0800][debug][gc,ergo,cset] GC(423) Finish choosing collection set old regions. Initial: 7, optional: 0, predicted old time: 0.00ms, predicted optional time: 0.00ms, time remaining: 48.38
[2024-10-11T04:26:16.530+0800][debug][gc,ergo,cset] GC(424) Start adding old regions to collection set. Min 4 regions, max 7 regions, time remaining 48.99ms, optional threshold 9.80ms
[2024-10-11T04:26:16.530+0800][debug][gc,ergo,cset] GC(424) Finish adding old regions to collection set (Maximum number of regions). Initial 7 regions, optional 0 regions
[2024-10-11T04:26:16.530+0800][debug][gc,ergo,cset] GC(424) Finish choosing collection set old regions. Initial: 7, optional: 0, predicted old time: 0.00ms, predicted optional time: 0.00ms, time remaining: 48.10
[2024-10-11T04:26:16.634+0800][debug][gc,ergo,cset] GC(425) Start adding old regions to collection set. Min 4 regions, max 7 regions, time remaining 48.97ms, optional threshold 9.79ms
[2024-10-11T04:26:16.634+0800][debug][gc,ergo,cset] GC(425) Finish adding old regions to collection set (Maximum number of regions). Initial 7 regions, optional 0 regions
[2024-10-11T04:26:16.634+0800][debug][gc,ergo,cset] GC(425) Finish choosing collection set old regions. Initial: 7, optional: 0, predicted old time: 0.00ms, predicted optional time: 0.00ms, time remaining: 47.83
[2024-10-11T04:26:16.739+0800][debug][gc,ergo,cset] GC(426) Start adding old regions to collection set. Min 4 regions, max 7 regions, time remaining 48.93ms, optional threshold 9.79ms
[2024-10-11T04:26:16.739+0800][debug][gc,ergo,cset] GC(426) Old candidate collection set empty.
[2024-10-11T04:26:16.739+0800][debug][gc,ergo,cset] GC(426) Finish choosing collection set old regions. Initial: 4, optional: 0, predicted old time: 0.00ms, predicted optional time: 0.00ms, time remaining: 48.15
[2024-10-11T04:26:17.061+0800][debug][gc,ergo,cset] GC(430) Pruned 10 regions out of 36, leaving 6284320 bytes waste (allowed 6710886)
[2024-10-11T04:26:17.267+0800][debug][gc,ergo,cset] Preventive GC, insufficient free regions. Predicted need 5. Curr Eden 1 (Pred 2). Curr Survivor 1 (Pred 1). Curr Old 52 (Pred 2) Free 5 Alloc 1
[2024-10-11T04:26:17.267+0800][debug][gc,ergo,cset] GC(432) Start adding old regions to collection set. Min 4 regions, max 7 regions, time remaining 49.22ms, optional threshold 9.84ms
[2024-10-11T04:26:17.268+0800][debug][gc,ergo,cset] GC(432) Finish adding old regions to collection set (Maximum number of regions). Initial 7 regions, optional 0 regions
[2024-10-11T04:26:17.268+0800][debug][gc,ergo,cset] GC(432) Finish choosing collection set old regions. Initial: 7, optional: 0, predicted old time: 0.00ms, predicted optional time: 0.00ms, time remaining: 48.63
[2024-10-11T04:26:17.372+0800][debug][gc,ergo,cset] GC(433) Start adding old regions to collection set. Min 4 regions, max 7 regions, time remaining 48.98ms, optional threshold 9.80ms
[2024-10-11T04:26:17.372+0800][debug][gc,ergo,cset] GC(433) Finish adding old regions to collection set (Maximum number of regions). Initial 7 regions, optional 0 regions
[2024-10-11T04:26:17.372+0800][debug][gc,ergo,cset] GC(433) Finish choosing collection set old regions. Initial: 7, optional: 0, predicted old time: 0.00ms, predicted optional time: 0.00ms, time remaining: 48.04
[2024-10-11T04:26:17.476+0800][debug][gc,ergo,cset] GC(434) Start adding old regions to collection set. Min 4 regions, max 7 regions, time remaining 48.93ms, optional threshold 9.79ms
[2024-10-11T04:26:17.476+0800][debug][gc,ergo,cset] GC(434) Finish adding old regions to collection set (Maximum number of regions). Initial 7 regions, optional 0 regions
[2024-10-11T04:26:17.476+0800][debug][gc,ergo,cset] GC(434) Finish choosing collection set old regions. Initial: 7, optional: 0, predicted old time: 0.00ms, predicted optional time: 0.00ms, time remaining: 47.74
[2024-10-11T04:26:17.581+0800][debug][gc,ergo,cset] GC(435) Start adding old regions to collection set. Min 4 regions, max 7 regions, time remaining 48.91ms, optional threshold 9.78ms
[2024-10-11T04:26:17.581+0800][debug][gc,ergo,cset] GC(435) Old candidate collection set empty.
[2024-10-11T04:26:17.581+0800][debug][gc,ergo,cset] GC(435) Finish choosing collection set old regions. Initial: 5, optional: 0, predicted old time: 0.00ms, predicted optional time: 0.00ms, time remaining: 47.97
[2024-10-11T04:26:17.721+0800][debug][gc,ergo,cset] GC(438) Pruned 11 regions out of 36, leaving 6509968 bytes waste (allowed 6710886)
[2024-10-11T04:26:17.986+0800][debug][gc,ergo,cset] Preventive GC, insufficient free regions. Predicted need 6. Curr Eden 2 (Pred 3). Curr Survivor 1 (Pred 1). Curr Old 51 (Pred 2) Free 5 Alloc 1
[2024-10-11T04:26:17.987+0800][debug][gc,ergo,cset] GC(440) Start adding old regions to collection set. Min 4 regions, max 7 regions, time remaining 48.98ms, optional threshold 9.80ms
[2024-10-11T04:26:17.987+0800][debug][gc,ergo,cset] GC(440) Finish adding old regions to collection set (Maximum number of regions). Initial 7 regions, optional 0 regions
[2024-10-11T04:26:17.987+0800][debug][gc,ergo,cset] GC(440) Finish choosing collection set old regions. Initial: 7, optional: 0, predicted old time: 0.00ms, predicted optional time: 0.00ms, time remaining: 48.28
[2024-10-11T04:26:18.091+0800][debug][gc,ergo,cset] GC(441) Start adding old regions to collection set. Min 4 regions, max 7 regions, time remaining 48.95ms, optional threshold 9.79ms
[2024-10-11T04:26:18.091+0800][debug][gc,ergo,cset] GC(441) Finish adding old regions to collection set (Maximum number of regions). Initial 7 regions, optional 0 regions
[2024-10-11T04:26:18.091+0800][debug][gc,ergo,cset] GC(441) Finish choosing collection set old regions. Initial: 7, optional: 0, predicted old time: 0.00ms, predicted optional time: 0.00ms, time remaining: 47.98
[2024-10-11T04:26:18.195+0800][debug][gc,ergo,cset] GC(442) Start adding old regions to collection set. Min 4 regions, max 7 regions, time remaining 48.93ms, optional threshold 9.79ms
[2024-10-11T04:26:18.195+0800][debug][gc,ergo,cset] GC(442) Finish adding old regions to collection set (Maximum number of regions). Initial 7 regions, optional 0 regions
[2024-10-11T04:26:18.195+0800][debug][gc,ergo,cset] GC(442) Finish choosing collection set old regions. Initial: 7, optional: 0, predicted old time: 0.00ms, predicted optional time: 0.00ms, time remaining: 47.72
[2024-10-11T04:26:18.300+0800][debug][gc,ergo,cset] GC(443) Start adding old regions to collection set. Min 4 regions, max 7 regions, time remaining 48.94ms, optional threshold 9.79ms
[2024-10-11T04:26:18.300+0800][debug][gc,ergo,cset] GC(443) Old candidate collection set empty.
[2024-10-11T04:26:18.300+0800][debug][gc,ergo,cset] GC(443) Finish choosing collection set old regions. Initial: 4, optional: 0, predicted old time: 0.00ms, predicted optional time: 0.00ms, time remaining: 48.23
[2024-10-11T04:26:18.623+0800][debug][gc,ergo,cset] GC(447) Pruned 11 regions out of 41, leaving 6207528 bytes waste (allowed 6710886)
[2024-10-11T04:26:18.766+0800][debug][gc,ergo,cset] Preventive GC, insufficient free regions. Predicted need 4. Curr Eden 2 (Pred 3). Curr Survivor 1 (Pred 1). Curr Old 52 (Pred 0) Free 4 Alloc 1
[2024-10-11T04:26:18.829+0800][debug][gc,ergo,cset] Preventive GC, insufficient free regions. Predicted need 4. Curr Eden 1 (Pred 2). Curr Survivor 1 (Pred 1). Curr Old 54 (Pred 1) Free 3 Alloc 1
[2024-10-11T04:26:18.829+0800][debug][gc,ergo,cset] GC(449) Start adding old regions to collection set. Min 4 regions, max 7 regions, time remaining 49.19ms, optional threshold 9.84ms
[2024-10-11T04:26:18.829+0800][debug][gc,ergo,cset] GC(449) Finish adding old regions to collection set (Maximum number of regions). Initial 7 regions, optional 0 regions
[2024-10-11T04:26:18.829+0800][debug][gc,ergo,cset] GC(449) Finish choosing collection set old regions. Initial: 7, optional: 0, predicted old time: 0.00ms, predicted optional time: 0.00ms, time remaining: 48.65
[2024-10-11T04:26:18.872+0800][debug][gc,ergo,cset] Preventive GC, insufficient free regions. Predicted need 5. Curr Eden 1 (Pred 2). Curr Survivor 1 (Pred 1). Curr Old 52 (Pred 2) Free 5 Alloc 1
[2024-10-11T04:26:18.872+0800][debug][gc,ergo,cset] GC(450) Start adding old regions to collection set. Min 4 regions, max 7 regions, time remaining 49.16ms, optional threshold 9.83ms
[2024-10-11T04:26:18.872+0800][debug][gc,ergo,cset] GC(450) Finish adding old regions to collection set (Maximum number of regions). Initial 7 regions, optional 0 regions
[2024-10-11T04:26:18.872+0800][debug][gc,ergo,cset] GC(450) Finish choosing collection set old regions. Initial: 7, optional: 0, predicted old time: 0.00ms, predicted optional time: 0.00ms, time remaining: 48.39
[2024-10-11T04:26:18.975+0800][debug][gc,ergo,cset] Preventive GC, insufficient free regions. Predicted need 6. Curr Eden 2 (Pred 3). Curr Survivor 1 (Pred 1). Curr Old 51 (Pred 2) Free 5 Alloc 1
[2024-10-11T04:26:18.976+0800][debug][gc,ergo,cset] GC(451) Start adding old regions to collection set. Min 4 regions, max 7 regions, time remaining 48.95ms, optional threshold 9.79ms
[2024-10-11T04:26:18.976+0800][debug][gc,ergo,cset] GC(451) Finish adding old regions to collection set (Maximum number of regions). Initial 7 regions, optional 0 regions
[2024-10-11T04:26:18.976+0800][debug][gc,ergo,cset] GC(451) Finish choosing collection set old regions. Initial: 7, optional: 0, predicted old time: 0.00ms, predicted optional time: 0.00ms, time remaining: 47.92
[2024-10-11T04:26:19.039+0800][debug][gc,ergo,cset] Preventive GC, insufficient free regions. Predicted need 6. Curr Eden 1 (Pred 2). Curr Survivor 1 (Pred 1). Curr Old 53 (Pred 3) Free 4 Alloc 1
[2024-10-11T04:26:19.039+0800][debug][gc,ergo,cset] GC(452) Start adding old regions to collection set. Min 4 regions, max 7 regions, time remaining 49.16ms, optional threshold 9.83ms
[2024-10-11T04:26:19.039+0800][debug][gc,ergo,cset] GC(452) Finish adding old regions to collection set (Maximum number of regions). Initial 7 regions, optional 0 regions
[2024-10-11T04:26:19.039+0800][debug][gc,ergo,cset] GC(452) Finish choosing collection set old regions. Initial: 7, optional: 0, predicted old time: 0.00ms, predicted optional time: 0.00ms, time remaining: 48.03
[2024-10-11T04:26:19.082+0800][debug][gc,ergo,cset] GC(453) Start adding old regions to collection set. Min 4 regions, max 7 regions, time remaining 49.15ms, optional threshold 9.83ms
[2024-10-11T04:26:19.082+0800][debug][gc,ergo,cset] GC(453) Old candidate collection set empty.
[2024-10-11T04:26:19.082+0800][debug][gc,ergo,cset] GC(453) Finish choosing collection set old regions. Initial: 2, optional: 0, predicted old time: 0.00ms, predicted optional time: 0.00ms, time remaining: 48.70
[2024-10-11T04:26:19.756+0800][debug][gc,ergo,cset] GC(460) Pruned 12 regions out of 40, leaving 6263784 bytes waste (allowed 6710886)
[2024-10-11T04:26:19.961+0800][debug][gc,ergo,cset] Preventive GC, insufficient free regions. Predicted need 6. Curr Eden 2 (Pred 3). Curr Survivor 1 (Pred 1). Curr Old 51 (Pred 2) Free 5 Alloc 1
[2024-10-11T04:26:19.962+0800][debug][gc,ergo,cset] GC(462) Start adding old regions to collection set. Min 4 regions, max 7 regions, time remaining 48.99ms, optional threshold 9.80ms
[2024-10-11T04:26:19.962+0800][debug][gc,ergo,cset] GC(462) Finish adding old regions to collection set (Maximum number of regions). Initial 7 regions, optional 0 regions
[2024-10-11T04:26:19.962+0800][debug][gc,ergo,cset] GC(462) Finish choosing collection set old regions. Initial: 7, optional: 0, predicted old time: 0.00ms, predicted optional time: 0.00ms, time remaining: 48.36
[2024-10-11T04:26:20.087+0800][debug][gc,ergo,cset] GC(463) Start adding old regions to collection set. Min 4 regions, max 7 regions, time remaining 48.98ms, optional threshold 9.80ms
[2024-10-11T04:26:20.087+0800][debug][gc,ergo,cset] GC(463) Finish adding old regions to collection set (Maximum number of regions). Initial 7 regions, optional 0 regions
[2024-10-11T04:26:20.087+0800][debug][gc,ergo,cset] GC(463) Finish choosing collection set old regions. Initial: 7, optional: 0, predicted old time: 0.00ms, predicted optional time: 0.00ms, time remaining: 48.03
[2024-10-11T04:26:20.192+0800][debug][gc,ergo,cset] GC(464) Start adding old regions to collection set. Min 4 regions, max 7 regions, time remaining 48.93ms, optional threshold 9.79ms
[2024-10-11T04:26:20.192+0800][debug][gc,ergo,cset] GC(464) Finish adding old regions to collection set (Maximum number of regions). Initial 7 regions, optional 0 regions
[2024-10-11T04:26:20.192+0800][debug][gc,ergo,cset] GC(464) Finish choosing collection set old regions. Initial: 7, optional: 0, predicted old time: 0.00ms, predicted optional time: 0.00ms, time remaining: 47.73
[2024-10-11T04:26:20.296+0800][debug][gc,ergo,cset] GC(465) Start adding old regions to collection set. Min 4 regions, max 7 regions, time remaining 48.93ms, optional threshold 9.79ms
[2024-10-11T04:26:20.296+0800][debug][gc,ergo,cset] GC(465) Old candidate collection set empty.
[2024-10-11T04:26:20.296+0800][debug][gc,ergo,cset] GC(465) Finish choosing collection set old regions. Initial: 7, optional: 0, predicted old time: 0.00ms, predicted optional time: 0.00ms, time remaining: 47.70
[2024-10-11T04:26:20.619+0800][debug][gc,ergo,cset] GC(469) Pruned 10 regions out of 41, leaving 6270824 bytes waste (allowed 6710886)
[2024-10-11T04:26:20.762+0800][debug][gc,ergo,cset] Preventive GC, insufficient free regions. Predicted need 4. Curr Eden 2 (Pred 3). Curr Survivor 1 (Pred 1). Curr Old 52 (Pred 0) Free 4 Alloc 1
[2024-10-11T04:26:20.825+0800][debug][gc,ergo,cset] Preventive GC, insufficient free regions. Predicted need 4. Curr Eden 1 (Pred 2). Curr Survivor 1 (Pred 1). Curr Old 54 (Pred 1) Free 3 Alloc 1
[2024-10-11T04:26:20.826+0800][debug][gc,ergo,cset] GC(471) Start adding old regions to collection set. Min 4 regions, max 7 regions, time remaining 49.18ms, optional threshold 9.84ms
[2024-10-11T04:26:20.826+0800][debug][gc,ergo,cset] GC(471) Finish adding old regions to collection set (Maximum number of regions). Initial 7 regions, optional 0 regions
[2024-10-11T04:26:20.826+0800][debug][gc,ergo,cset] GC(471) Finish choosing collection set old regions. Initial: 7, optional: 0, predicted old time: 0.00ms, predicted optional time: 0.00ms, time remaining: 48.65
[2024-10-11T04:26:20.930+0800][debug][gc,ergo,cset] Preventive GC, insufficient free regions. Predicted need 6. Curr Eden 2 (Pred 3). Curr Survivor 1 (Pred 1). Curr Old 50 (Pred 2) Free 6 Alloc 1
[2024-10-11T04:26:20.930+0800][debug][gc,ergo,cset] GC(472) Start adding old regions to collection set. Min 4 regions, max 7 regions, time remaining 48.97ms, optional threshold 9.79ms
[2024-10-11T04:26:20.930+0800][debug][gc,ergo,cset] GC(472) Finish adding old regions to collection set (Maximum number of regions). Initial 7 regions, optional 0 regions
[2024-10-11T04:26:20.930+0800][debug][gc,ergo,cset] GC(472) Finish choosing collection set old regions. Initial: 7, optional: 0, predicted old time: 0.00ms, predicted optional time: 0.00ms, time remaining: 48.01
[2024-10-11T04:26:21.034+0800][debug][gc,ergo,cset] GC(473) Start adding old regions to collection set. Min 4 regions, max 7 regions, time remaining 48.90ms, optional threshold 9.78ms
[2024-10-11T04:26:21.034+0800][debug][gc,ergo,cset] GC(473) Finish adding old regions to collection set (Maximum number of regions). Initial 7 regions, optional 0 regions
[2024-10-11T04:26:21.034+0800][debug][gc,ergo,cset] GC(473) Finish choosing collection set old regions. Initial: 7, optional: 0, predicted old time: 0.00ms, predicted optional time: 0.00ms, time remaining: 47.79
[2024-10-11T04:26:21.139+0800][debug][gc,ergo,cset] GC(474) Start adding old regions to collection set. Min 4 regions, max 7 regions, time remaining 48.92ms, optional threshold 9.78ms
[2024-10-11T04:26:21.139+0800][debug][gc,ergo,cset] GC(474) Finish adding old regions to collection set (Maximum number of regions). Initial 7 regions, optional 0 regions
[2024-10-11T04:26:21.139+0800][debug][gc,ergo,cset] GC(474) Finish choosing collection set old regions. Initial: 7, optional: 0, predicted old time: 0.00ms, predicted optional time: 0.00ms, time remaining: 47.71
[2024-10-11T04:26:21.243+0800][debug][gc,ergo,cset] GC(475) Start adding old regions to collection set. Min 4 regions, max 7 regions, time remaining 48.93ms, optional threshold 9.79ms
[2024-10-11T04:26:21.243+0800][debug][gc,ergo,cset] GC(475) Old candidate collection set empty.
[2024-10-11T04:26:21.243+0800][debug][gc,ergo,cset] GC(475) Finish choosing collection set old regions. Initial: 3, optional: 0, predicted old time: 0.00ms, predicted optional time: 0.00ms, time remaining: 48.38
[2024-10-11T04:26:21.462+0800][debug][gc,ergo,cset] GC(478) Pruned 11 regions out of 40, leaving 6313608 bytes waste (allowed 6710886)
[2024-10-11T04:26:21.605+0800][debug][gc,ergo,cset] Preventive GC, insufficient free regions. Predicted need 4. Curr Eden 2 (Pred 3). Curr Survivor 1 (Pred 1). Curr Old 52 (Pred 0) Free 4 Alloc 1
[2024-10-11T04:26:21.668+0800][debug][gc,ergo,cset] Preventive GC, insufficient free regions. Predicted need 4. Curr Eden 1 (Pred 2). Curr Survivor 1 (Pred 1). Curr Old 54 (Pred 1) Free 3 Alloc 1
[2024-10-11T04:26:21.668+0800][debug][gc,ergo,cset] GC(480) Start adding old regions to collection set. Min 4 regions, max 7 regions, time remaining 49.18ms, optional threshold 9.84ms
[2024-10-11T04:26:21.668+0800][debug][gc,ergo,cset] GC(480) Finish adding old regions to collection set (Maximum number of regions). Initial 7 regions, optional 0 regions
[2024-10-11T04:26:21.668+0800][debug][gc,ergo,cset] GC(480) Finish choosing collection set old regions. Initial: 7, optional: 0, predicted old time: 0.00ms, predicted optional time: 0.00ms, time remaining: 48.65
[2024-10-11T04:26:21.772+0800][debug][gc,ergo,cset] GC(481) Start adding old regions to collection set. Min 4 regions, max 7 regions, time remaining 48.96ms, optional threshold 9.79ms
[2024-10-11T04:26:21.773+0800][debug][gc,ergo,cset] GC(481) Finish adding old regions to collection set (Maximum number of regions). Initial 7 regions, optional 0 regions
[2024-10-11T04:26:21.773+0800][debug][gc,ergo,cset] GC(481) Finish choosing collection set old regions. Initial: 7, optional: 0, predicted old time: 0.00ms, predicted optional time: 0.00ms, time remaining: 48.07
[2024-10-11T04:26:21.877+0800][debug][gc,ergo,cset] GC(482) Start adding old regions to collection set. Min 4 regions, max 7 regions, time remaining 48.91ms, optional threshold 9.78ms
[2024-10-11T04:26:21.877+0800][debug][gc,ergo,cset] GC(482) Finish adding old regions to collection set (Maximum number of regions). Initial 7 regions, optional 0 regions
[2024-10-11T04:26:21.877+0800][debug][gc,ergo,cset] GC(482) Finish choosing collection set old regions. Initial: 7, optional: 0, predicted old time: 0.00ms, predicted optional time: 0.00ms, time remaining: 47.85
[2024-10-11T04:26:21.982+0800][debug][gc,ergo,cset] GC(483) Start adding old regions to collection set. Min 4 regions, max 7 regions, time remaining 48.92ms, optional threshold 9.78ms
[2024-10-11T04:26:21.982+0800][debug][gc,ergo,cset] GC(483) Finish adding old regions to collection set (Maximum number of regions). Initial 7 regions, optional 0 regions
[2024-10-11T04:26:21.982+0800][debug][gc,ergo,cset] GC(483) Finish choosing collection set old regions. Initial: 7, optional: 0, predicted old time: 0.00ms, predicted optional time: 0.00ms, time remaining: 47.68
[2024-10-11T04:26:22.086+0800][debug][gc,ergo,cset] GC(484) Start adding old regions to collection set. Min 4 regions, max 7 regions, time remaining 48.94ms, optional threshold 9.79ms
[2024-10-11T04:26:22.086+0800][debug][gc,ergo,cset] GC(484) Old candidate collection set empty.
[2024-10-11T04:26:22.086+0800][debug][gc,ergo,cset] GC(484) Finish choosing collection set old regions. Initial: 1, optional: 0, predicted old time: 0.00ms, predicted optional time: 0.00ms, time remaining: 48.76
[2024-10-11T04:26:22.409+0800][debug][gc,ergo,cset] GC(488) Pruned 10 regions out of 39, leaving 6662760 bytes waste (allowed 6710886)
[2024-10-11T04:26:22.552+0800][debug][gc,ergo,cset] Preventive GC, insufficient free regions. Predicted need 4. Curr Eden 2 (Pred 3). Curr Survivor 1 (Pred 1). Curr Old 52 (Pred 0) Free 4 Alloc 1
[2024-10-11T04:26:22.614+0800][debug][gc,ergo,cset] Preventive GC, insufficient free regions. Predicted need 4. Curr Eden 1 (Pred 2). Curr Survivor 1 (Pred 1). Curr Old 54 (Pred 1) Free 3 Alloc 1
[2024-10-11T04:26:22.615+0800][debug][gc,ergo,cset] GC(490) Start adding old regions to collection set. Min 4 regions, max 7 regions, time remaining 49.19ms, optional threshold 9.84ms
[2024-10-11T04:26:22.615+0800][debug][gc,ergo,cset] GC(490) Finish adding old regions to collection set (Maximum number of regions). Initial 7 regions, optional 0 regions
[2024-10-11T04:26:22.615+0800][debug][gc,ergo,cset] GC(490) Finish choosing collection set old regions. Initial: 7, optional: 0, predicted old time: 0.00ms, predicted optional time: 0.00ms, time remaining: 48.49
[2024-10-11T04:26:22.719+0800][debug][gc,ergo,cset] GC(491) Start adding old regions to collection set. Min 4 regions, max 7 regions, time remaining 48.97ms, optional threshold 9.79ms
[2024-10-11T04:26:22.719+0800][debug][gc,ergo,cset] GC(491) Finish adding old regions to collection set (Maximum number of regions). Initial 7 regions, optional 0 regions
[2024-10-11T04:26:22.719+0800][debug][gc,ergo,cset] GC(491) Finish choosing collection set old regions. Initial: 7, optional: 0, predicted old time: 0.00ms, predicted optional time: 0.00ms, time remaining: 47.95
[2024-10-11T04:26:22.823+0800][debug][gc,ergo,cset] GC(492) Start adding old regions to collection set. Min 4 regions, max 7 regions, time remaining 48.92ms, optional threshold 9.78ms
[2024-10-11T04:26:22.823+0800][debug][gc,ergo,cset] GC(492) Finish adding old regions to collection set (Maximum number of regions). Initial 7 regions, optional 0 regions
[2024-10-11T04:26:22.823+0800][debug][gc,ergo,cset] GC(492) Finish choosing collection set old regions. Initial: 7, optional: 0, predicted old time: 0.00ms, predicted optional time: 0.00ms, time remaining: 47.82
[2024-10-11T04:26:22.928+0800][debug][gc,ergo,cset] GC(493) Start adding old regions to collection set. Min 4 regions, max 7 regions, time remaining 48.92ms, optional threshold 9.78ms
[2024-10-11T04:26:22.928+0800][debug][gc,ergo,cset] GC(493) Finish adding old regions to collection set (Maximum number of regions). Initial 7 regions, optional 0 regions
[2024-10-11T04:26:22.928+0800][debug][gc,ergo,cset] GC(493) Finish choosing collection set old regions. Initial: 7, optional: 0, predicted old time: 0.00ms, predicted optional time: 0.00ms, time remaining: 47.68
[2024-10-11T04:26:23.032+0800][debug][gc,ergo,cset] GC(494) Start adding old regions to collection set. Min 4 regions, max 7 regions, time remaining 48.93ms, optional threshold 9.79ms
[2024-10-11T04:26:23.032+0800][debug][gc,ergo,cset] GC(494) Old candidate collection set empty.
[2024-10-11T04:26:23.032+0800][debug][gc,ergo,cset] GC(494) Finish choosing collection set old regions. Initial: 1, optional: 0, predicted old time: 0.00ms, predicted optional time: 0.00ms, time remaining: 48.75
[2024-10-11T04:26:23.252+0800][debug][gc,ergo,cset] GC(497) Pruned 10 regions out of 39, leaving 6286832 bytes waste (allowed 6710886)
[2024-10-11T04:26:23.394+0800][debug][gc,ergo,cset] Preventive GC, insufficient free regions. Predicted need 4. Curr Eden 2 (Pred 3). Curr Survivor 1 (Pred 1). Curr Old 52 (Pred 0) Free 4 Alloc 1
[2024-10-11T04:26:23.457+0800][debug][gc,ergo,cset] Preventive GC, insufficient free regions. Predicted need 4. Curr Eden 1 (Pred 2). Curr Survivor 1 (Pred 1). Curr Old 54 (Pred 1) Free 3 Alloc 1
[2024-10-11T04:26:23.457+0800][debug][gc,ergo,cset] GC(499) Start adding old regions to collection set. Min 4 regions, max 7 regions, time remaining 49.19ms, optional threshold 9.84ms
[2024-10-11T04:26:23.457+0800][debug][gc,ergo,cset] GC(499) Finish adding old regions to collection set (Maximum number of regions). Initial 7 regions, optional 0 regions
[2024-10-11T04:26:23.457+0800][debug][gc,ergo,cset] GC(499) Finish choosing collection set old regions. Initial: 7, optional: 0, predicted old time: 0.00ms, predicted optional time: 0.00ms, time remaining: 48.50
[2024-10-11T04:26:23.561+0800][debug][gc,ergo,cset] GC(500) Start adding old regions to collection set. Min 4 regions, max 7 regions, time remaining 48.96ms, optional threshold 9.79ms
[2024-10-11T04:26:23.562+0800][debug][gc,ergo,cset] GC(500) Finish adding old regions to collection set (Maximum number of regions). Initial 7 regions, optional 0 regions
[2024-10-11T04:26:23.562+0800][debug][gc,ergo,cset] GC(500) Finish choosing collection set old regions. Initial: 7, optional: 0, predicted old time: 0.00ms, predicted optional time: 0.00ms, time remaining: 47.90
[2024-10-11T04:26:23.666+0800][debug][gc,ergo,cset] GC(501) Start adding old regions to collection set. Min 4 regions, max 7 regions, time remaining 48.82ms, optional threshold 9.76ms
[2024-10-11T04:26:23.666+0800][debug][gc,ergo,cset] GC(501) Finish adding old regions to collection set (Maximum number of regions). Initial 7 regions, optional 0 regions
[2024-10-11T04:26:23.666+0800][debug][gc,ergo,cset] GC(501) Finish choosing collection set old regions. Initial: 7, optional: 0, predicted old time: 0.00ms, predicted optional time: 0.00ms, time remaining: 47.63
[2024-10-11T04:26:23.771+0800][debug][gc,ergo,cset] GC(502) Start adding old regions to collection set. Min 4 regions, max 7 regions, time remaining 48.84ms, optional threshold 9.77ms
[2024-10-11T04:26:23.771+0800][debug][gc,ergo,cset] GC(502) Finish adding old regions to collection set (Maximum number of regions). Initial 7 regions, optional 0 regions
[2024-10-11T04:26:23.771+0800][debug][gc,ergo,cset] GC(502) Finish choosing collection set old regions. Initial: 7, optional: 0, predicted old time: 0.00ms, predicted optional time: 0.00ms, time remaining: 47.42
[2024-10-11T04:26:23.876+0800][debug][gc,ergo,cset] GC(503) Start adding old regions to collection set. Min 4 regions, max 7 regions, time remaining 48.83ms, optional threshold 9.77ms
[2024-10-11T04:26:23.876+0800][debug][gc,ergo,cset] GC(503) Old candidate collection set empty.
[2024-10-11T04:26:23.876+0800][debug][gc,ergo,cset] GC(503) Finish choosing collection set old regions. Initial: 1, optional: 0, predicted old time: 0.00ms, predicted optional time: 0.00ms, time remaining: 48.60
[2024-10-11T04:26:24.200+0800][debug][gc,ergo,cset] GC(507) Pruned 10 regions out of 39, leaving 6256424 bytes waste (allowed 6710886)
[2024-10-11T04:26:24.384+0800][debug][gc,ergo,cset] Preventive GC, insufficient free regions. Predicted need 4. Curr Eden 1 (Pred 2). Curr Survivor 1 (Pred 1). Curr Old 53 (Pred 1) Free 4 Alloc 1
[2024-10-11T04:26:24.384+0800][debug][gc,ergo,cset] GC(509) Start adding old regions to collection set. Min 4 regions, max 7 regions, time remaining 49.19ms, optional threshold 9.84ms
[2024-10-11T04:26:24.384+0800][debug][gc,ergo,cset] GC(509) Finish adding old regions to collection set (Maximum number of regions). Initial 7 regions, optional 0 regions
[2024-10-11T04:26:24.384+0800][debug][gc,ergo,cset] GC(509) Finish choosing collection set old regions. Initial: 7, optional: 0, predicted old time: 0.00ms, predicted optional time: 0.00ms, time remaining: 48.47
[2024-10-11T04:26:24.509+0800][debug][gc,ergo,cset] Preventive GC, insufficient free regions. Predicted need 6. Curr Eden 2 (Pred 3). Curr Survivor 1 (Pred 1). Curr Old 49 (Pred 2) Free 6 Alloc 1
[2024-10-11T04:26:24.509+0800][debug][gc,ergo,cset] GC(510) Start adding old regions to collection set. Min 4 regions, max 7 regions, time remaining 48.97ms, optional threshold 9.79ms
[2024-10-11T04:26:24.509+0800][debug][gc,ergo,cset] GC(510) Finish adding old regions to collection set (Maximum number of regions). Initial 7 regions, optional 0 regions
[2024-10-11T04:26:24.509+0800][debug][gc,ergo,cset] GC(510) Finish choosing collection set old regions. Initial: 7, optional: 0, predicted old time: 0.00ms, predicted optional time: 0.00ms, time remaining: 47.92
[2024-10-11T04:26:24.572+0800][debug][gc,ergo,cset] Preventive GC, insufficient free regions. Predicted need 6. Curr Eden 1 (Pred 2). Curr Survivor 1 (Pred 1). Curr Old 51 (Pred 3) Free 6 Alloc 1
[2024-10-11T04:26:24.572+0800][debug][gc,ergo,cset] GC(511) Start adding old regions to collection set. Min 4 regions, max 7 regions, time remaining 49.15ms, optional threshold 9.83ms
[2024-10-11T04:26:24.572+0800][debug][gc,ergo,cset] GC(511) Finish adding old regions to collection set (Maximum number of regions). Initial 7 regions, optional 0 regions
[2024-10-11T04:26:24.572+0800][debug][gc,ergo,cset] GC(511) Finish choosing collection set old regions. Initial: 7, optional: 0, predicted old time: 0.00ms, predicted optional time: 0.00ms, time remaining: 47.91
[2024-10-11T04:26:24.677+0800][debug][gc,ergo,cset] Preventive GC, insufficient free regions. Predicted need 7. Curr Eden 2 (Pred 3). Curr Survivor 1 (Pred 1). Curr Old 49 (Pred 3) Free 7 Alloc 1
[2024-10-11T04:26:24.677+0800][debug][gc,ergo,cset] GC(512) Start adding old regions to collection set. Min 4 regions, max 7 regions, time remaining 48.89ms, optional threshold 9.78ms
[2024-10-11T04:26:24.677+0800][debug][gc,ergo,cset] GC(512) Finish adding old regions to collection set (Maximum number of regions). Initial 7 regions, optional 0 regions
[2024-10-11T04:26:24.677+0800][debug][gc,ergo,cset] GC(512) Finish choosing collection set old regions. Initial: 7, optional: 0, predicted old time: 0.00ms, predicted optional time: 0.00ms, time remaining: 47.51
[2024-10-11T04:26:24.782+0800][debug][gc,ergo,cset] Preventive GC, insufficient free regions. Predicted need 5. Curr Eden 2 (Pred 3). Curr Survivor 1 (Pred 1). Curr Old 51 (Pred 1) Free 5 Alloc 1
[2024-10-11T04:26:24.782+0800][debug][gc,ergo,cset] GC(513) Start adding old regions to collection set. Min 4 regions, max 7 regions, time remaining 48.91ms, optional threshold 9.78ms
[2024-10-11T04:26:24.782+0800][debug][gc,ergo,cset] GC(513) Old candidate collection set empty.
[2024-10-11T04:26:24.782+0800][debug][gc,ergo,cset] GC(513) Finish choosing collection set old regions. Initial: 1, optional: 0, predicted old time: 0.00ms, predicted optional time: 0.00ms, time remaining: 48.69
[2024-10-11T04:26:24.886+0800][debug][gc,ergo,cset] Preventive GC, insufficient free regions. Predicted need 4. Curr Eden 2 (Pred 3). Curr Survivor 1 (Pred 1). Curr Old 53 (Pred 0) Free 3 Alloc 1
[2024-10-11T04:26:24.898+0800][debug][gc,ergo,cset] GC(515) Pruned 11 regions out of 45, leaving 6294504 bytes waste (allowed 6710886)
[2024-10-11T04:26:25.000+0800][debug][gc,ergo,cset] Preventive GC, insufficient free regions. Predicted need 3. Curr Eden 1 (Pred 2). Curr Survivor 1 (Pred 1). Curr Old 54 (Pred 0) Free 3 Alloc 1
[2024-10-11T04:26:25.042+0800][debug][gc,ergo,cset] Preventive GC, insufficient free regions. Predicted need 4. Curr Eden 1 (Pred 2). Curr Survivor 1 (Pred 1). Curr Old 55 (Pred 1) Free 2 Alloc 1
[2024-10-11T04:26:25.042+0800][debug][gc,ergo,cset] GC(517) Start adding old regions to collection set. Min 5 regions, max 7 regions, time remaining 49.15ms, optional threshold 9.83ms
[2024-10-11T04:26:25.042+0800][debug][gc,ergo,cset] GC(517) Finish adding old regions to collection set (Maximum number of regions). Initial 7 regions, optional 0 regions
[2024-10-11T04:26:25.042+0800][debug][gc,ergo,cset] GC(517) Finish choosing collection set old regions. Initial: 7, optional: 0, predicted old time: 0.00ms, predicted optional time: 0.00ms, time remaining: 48.44
[2024-10-11T04:26:25.105+0800][debug][gc,ergo,cset] Preventive GC, insufficient free regions. Predicted need 5. Curr Eden 1 (Pred 2). Curr Survivor 1 (Pred 1). Curr Old 52 (Pred 2) Free 5 Alloc 1
[2024-10-11T04:26:25.105+0800][debug][gc,ergo,cset] GC(518) Start adding old regions to collection set. Min 5 regions, max 7 regions, time remaining 49.15ms, optional threshold 9.83ms
[2024-10-11T04:26:25.105+0800][debug][gc,ergo,cset] GC(518) Finish adding old regions to collection set (Maximum number of regions). Initial 7 regions, optional 0 regions
[2024-10-11T04:26:25.105+0800][debug][gc,ergo,cset] GC(518) Finish choosing collection set old regions. Initial: 7, optional: 0, predicted old time: 0.00ms, predicted optional time: 0.00ms, time remaining: 48.06
[2024-10-11T04:26:25.209+0800][debug][gc,ergo,cset] Preventive GC, insufficient free regions. Predicted need 7. Curr Eden 2 (Pred 3). Curr Survivor 1 (Pred 1). Curr Old 49 (Pred 3) Free 7 Alloc 1
[2024-10-11T04:26:25.210+0800][debug][gc,ergo,cset] GC(519) Start adding old regions to collection set. Min 5 regions, max 7 regions, time remaining 48.90ms, optional threshold 9.78ms
[2024-10-11T04:26:25.210+0800][debug][gc,ergo,cset] GC(519) Finish adding old regions to collection set (Maximum number of regions). Initial 7 regions, optional 0 regions
[2024-10-11T04:26:25.210+0800][debug][gc,ergo,cset] GC(519) Finish choosing collection set old regions. Initial: 7, optional: 0, predicted old time: 0.00ms, predicted optional time: 0.00ms, time remaining: 47.65
[2024-10-11T04:26:25.314+0800][debug][gc,ergo,cset] Preventive GC, insufficient free regions. Predicted need 8. Curr Eden 2 (Pred 3). Curr Survivor 1 (Pred 1). Curr Old 48 (Pred 4) Free 8 Alloc 1
[2024-10-11T04:26:25.314+0800][debug][gc,ergo,cset] GC(520) Start adding old regions to collection set. Min 5 regions, max 7 regions, time remaining 48.90ms, optional threshold 9.78ms
[2024-10-11T04:26:25.314+0800][debug][gc,ergo,cset] GC(520) Finish adding old regions to collection set (Maximum number of regions). Initial 7 regions, optional 0 regions
[2024-10-11T04:26:25.314+0800][debug][gc,ergo,cset] GC(520) Finish choosing collection set old regions. Initial: 7, optional: 0, predicted old time: 0.00ms, predicted optional time: 0.00ms, time remaining: 47.52
[2024-10-11T04:26:25.419+0800][debug][gc,ergo,cset] Preventive GC, insufficient free regions. Predicted need 8. Curr Eden 2 (Pred 3). Curr Survivor 1 (Pred 1). Curr Old 48 (Pred 4) Free 8 Alloc 1
[2024-10-11T04:26:25.419+0800][debug][gc,ergo,cset] GC(521) Start adding old regions to collection set. Min 5 regions, max 7 regions, time remaining 48.91ms, optional threshold 9.78ms
[2024-10-11T04:26:25.419+0800][debug][gc,ergo,cset] GC(521) Old candidate collection set empty.
[2024-10-11T04:26:25.419+0800][debug][gc,ergo,cset] GC(521) Finish choosing collection set old regions. Initial: 6, optional: 0, predicted old time: 0.00ms, predicted optional time: 0.00ms, time remaining: 47.69
[2024-10-11T04:26:25.639+0800][debug][gc,ergo,cset] GC(524) Pruned 12 regions out of 40, leaving 6500712 bytes waste (allowed 6710886)
[2024-10-11T04:26:25.782+0800][debug][gc,ergo,cset] Preventive GC, insufficient free regions. Predicted need 4. Curr Eden 2 (Pred 3). Curr Survivor 1 (Pred 1). Curr Old 52 (Pred 0) Free 4 Alloc 1
[2024-10-11T04:26:25.845+0800][debug][gc,ergo,cset] Preventive GC, insufficient free regions. Predicted need 4. Curr Eden 1 (Pred 2). Curr Survivor 1 (Pred 1). Curr Old 54 (Pred 1) Free 3 Alloc 1
[2024-10-11T04:26:25.845+0800][debug][gc,ergo,cset] GC(526) Start adding old regions to collection set. Min 4 regions, max 7 regions, time remaining 49.16ms, optional threshold 9.83ms
[2024-10-11T04:26:25.845+0800][debug][gc,ergo,cset] GC(526) Finish adding old regions to collection set (Maximum number of regions). Initial 7 regions, optional 0 regions
[2024-10-11T04:26:25.845+0800][debug][gc,ergo,cset] GC(526) Finish choosing collection set old regions. Initial: 7, optional: 0, predicted old time: 0.00ms, predicted optional time: 0.00ms, time remaining: 48.55
[2024-10-11T04:26:25.888+0800][debug][gc,ergo,cset] Preventive GC, insufficient free regions. Predicted need 5. Curr Eden 1 (Pred 2). Curr Survivor 1 (Pred 1). Curr Old 54 (Pred 2) Free 3 Alloc 1
[2024-10-11T04:26:25.888+0800][debug][gc,ergo,cset] GC(527) Start adding old regions to collection set. Min 4 regions, max 7 regions, time remaining 49.14ms, optional threshold 9.83ms
[2024-10-11T04:26:25.888+0800][debug][gc,ergo,cset] GC(527) Finish adding old regions to collection set (Maximum number of regions). Initial 7 regions, optional 0 regions
[2024-10-11T04:26:25.888+0800][debug][gc,ergo,cset] GC(527) Finish choosing collection set old regions. Initial: 7, optional: 0, predicted old time: 0.00ms, predicted optional time: 0.00ms, time remaining: 48.14
[2024-10-11T04:26:25.950+0800][debug][gc,ergo,cset] Preventive GC, insufficient free regions. Predicted need 6. Curr Eden 1 (Pred 2). Curr Survivor 1 (Pred 1). Curr Old 56 (Pred 3) Free 1 Alloc 1
[2024-10-11T04:26:25.951+0800][debug][gc,ergo,cset] GC(528) Start adding old regions to collection set. Min 4 regions, max 7 regions, time remaining 49.13ms, optional threshold 9.83ms
[2024-10-11T04:26:25.951+0800][debug][gc,ergo,cset] GC(528) Finish adding old regions to collection set (Maximum number of regions). Initial 7 regions, optional 0 regions
[2024-10-11T04:26:25.951+0800][debug][gc,ergo,cset] GC(528) Finish choosing collection set old regions. Initial: 7, optional: 0, predicted old time: 0.00ms, predicted optional time: 0.00ms, time remaining: 47.95
[2024-10-11T04:26:25.994+0800][debug][gc,ergo,cset] GC(529) Start adding old regions to collection set. Min 4 regions, max 7 regions, time remaining 49.02ms, optional threshold 9.80ms
[2024-10-11T04:26:25.994+0800][debug][gc,ergo,cset] GC(529) Old candidate collection set empty.
[2024-10-11T04:26:25.994+0800][debug][gc,ergo,cset] GC(529) Finish choosing collection set old regions. Initial: 7, optional: 0, predicted old time: 0.00ms, predicted optional time: 0.00ms, time remaining: 47.72
[2024-10-11T04:26:26.604+0800][debug][gc,ergo,cset] GC(536) Pruned 11 regions out of 38, leaving 6487712 bytes waste (allowed 6710886)
[2024-10-11T04:26:26.851+0800][debug][gc,ergo,cset] Preventive GC, insufficient free regions. Predicted need 6. Curr Eden 2 (Pred 3). Curr Survivor 1 (Pred 1). Curr Old 51 (Pred 2) Free 5 Alloc 1
[2024-10-11T04:26:26.851+0800][debug][gc,ergo,cset] GC(538) Start adding old regions to collection set. Min 4 regions, max 7 regions, time remaining 49.00ms, optional threshold 9.80ms
[2024-10-11T04:26:26.851+0800][debug][gc,ergo,cset] GC(538) Finish adding old regions to collection set (Maximum number of regions). Initial 7 regions, optional 0 regions
[2024-10-11T04:26:26.851+0800][debug][gc,ergo,cset] GC(538) Finish choosing collection set old regions. Initial: 7, optional: 0, predicted old time: 0.00ms, predicted optional time: 0.00ms, time remaining: 48.32
[2024-10-11T04:26:26.956+0800][debug][gc,ergo,cset] GC(539) Start adding old regions to collection set. Min 4 regions, max 7 regions, time remaining 49.00ms, optional threshold 9.80ms
[2024-10-11T04:26:26.956+0800][debug][gc,ergo,cset] GC(539) Finish adding old regions to collection set (Maximum number of regions). Initial 7 regions, optional 0 regions
[2024-10-11T04:26:26.956+0800][debug][gc,ergo,cset] GC(539) Finish choosing collection set old regions. Initial: 7, optional: 0, predicted old time: 0.00ms, predicted optional time: 0.00ms, time remaining: 48.02
[2024-10-11T04:26:27.060+0800][debug][gc,ergo,cset] GC(540) Start adding old regions to collection set. Min 4 regions, max 7 regions, time remaining 48.95ms, optional threshold 9.79ms
[2024-10-11T04:26:27.060+0800][debug][gc,ergo,cset] GC(540) Finish adding old regions to collection set (Maximum number of regions). Initial 7 regions, optional 0 regions
[2024-10-11T04:26:27.060+0800][debug][gc,ergo,cset] GC(540) Finish choosing collection set old regions. Initial: 7, optional: 0, predicted old time: 0.00ms, predicted optional time: 0.00ms, time remaining: 47.64
[2024-10-11T04:26:27.172+0800][debug][gc,ergo,cset] GC(541) Start adding old regions to collection set. Min 4 regions, max 7 regions, time remaining 48.93ms, optional threshold 9.79ms
[2024-10-11T04:26:27.172+0800][debug][gc,ergo,cset] GC(541) Old candidate collection set empty.
[2024-10-11T04:26:27.172+0800][debug][gc,ergo,cset] GC(541) Finish choosing collection set old regions. Initial: 6, optional: 0, predicted old time: 0.00ms, predicted optional time: 0.00ms, time remaining: 47.80
[2024-10-11T04:26:27.510+0800][debug][gc,ergo,cset] GC(545) Pruned 11 regions out of 41, leaving 6675504 bytes waste (allowed 6710886)
[2024-10-11T04:26:27.652+0800][debug][gc,ergo,cset] Preventive GC, insufficient free regions. Predicted need 4. Curr Eden 2 (Pred 3). Curr Survivor 1 (Pred 1). Curr Old 53 (Pred 0) Free 3 Alloc 1
[2024-10-11T04:26:27.716+0800][debug][gc,ergo,cset] Preventive GC, insufficient free regions. Predicted need 4. Curr Eden 1 (Pred 2). Curr Survivor 1 (Pred 1). Curr Old 55 (Pred 1) Free 2 Alloc 1
[2024-10-11T04:26:27.717+0800][debug][gc,ergo,cset] GC(547) Start adding old regions to collection set. Min 4 regions, max 7 regions, time remaining 48.23ms, optional threshold 9.65ms
[2024-10-11T04:26:27.717+0800][debug][gc,ergo,cset] GC(547) Finish adding old regions to collection set (Maximum number of regions). Initial 7 regions, optional 0 regions
[2024-10-11T04:26:27.717+0800][debug][gc,ergo,cset] GC(547) Finish choosing collection set old regions. Initial: 7, optional: 0, predicted old time: 0.00ms, predicted optional time: 0.00ms, time remaining: 47.27
[2024-10-11T04:26:27.821+0800][debug][gc,ergo,cset] Preventive GC, insufficient free regions. Predicted need 6. Curr Eden 2 (Pred 3). Curr Survivor 1 (Pred 1). Curr Old 51 (Pred 2) Free 5 Alloc 1
[2024-10-11T04:26:27.821+0800][debug][gc,ergo,cset] GC(548) Start adding old regions to collection set. Min 4 regions, max 7 regions, time remaining 47.52ms, optional threshold 9.50ms
[2024-10-11T04:26:27.821+0800][debug][gc,ergo,cset] GC(548) Finish adding old regions to collection set (Maximum number of regions). Initial 7 regions, optional 0 regions
[2024-10-11T04:26:27.821+0800][debug][gc,ergo,cset] GC(548) Finish choosing collection set old regions. Initial: 7, optional: 0, predicted old time: 0.00ms, predicted optional time: 0.00ms, time remaining: 45.34
[2024-10-11T04:26:27.888+0800][debug][gc,ergo,cset] Preventive GC, insufficient free regions. Predicted need 6. Curr Eden 1 (Pred 2). Curr Survivor 1 (Pred 1). Curr Old 51 (Pred 3) Free 6 Alloc 1
[2024-10-11T04:26:27.889+0800][debug][gc,ergo,cset] GC(549) Start adding old regions to collection set. Min 4 regions, max 7 regions, time remaining 48.16ms, optional threshold 9.63ms
[2024-10-11T04:26:27.889+0800][debug][gc,ergo,cset] GC(549) Finish adding old regions to collection set (Maximum number of regions). Initial 7 regions, optional 0 regions
[2024-10-11T04:26:27.889+0800][debug][gc,ergo,cset] GC(549) Finish choosing collection set old regions. Initial: 7, optional: 0, predicted old time: 0.00ms, predicted optional time: 0.00ms, time remaining: 45.01
[2024-10-11T04:26:27.998+0800][debug][gc,ergo,cset] Preventive GC, insufficient free regions. Predicted need 7. Curr Eden 2 (Pred 3). Curr Survivor 1 (Pred 1). Curr Old 49 (Pred 3) Free 7 Alloc 1
[2024-10-11T04:26:27.998+0800][debug][gc,ergo,cset] GC(550) Start adding old regions to collection set. Min 4 regions, max 7 regions, time remaining 47.30ms, optional threshold 9.46ms
[2024-10-11T04:26:27.998+0800][debug][gc,ergo,cset] GC(550) Finish adding old regions to collection set (Maximum number of regions). Initial 7 regions, optional 0 regions
[2024-10-11T04:26:27.998+0800][debug][gc,ergo,cset] GC(550) Finish choosing collection set old regions. Initial: 7, optional: 0, predicted old time: 0.00ms, predicted optional time: 0.00ms, time remaining: 43.24
[2024-10-11T04:26:28.107+0800][debug][gc,ergo,cset] GC(551) Start adding old regions to collection set. Min 4 regions, max 7 regions, time remaining 47.32ms, optional threshold 9.46ms
[2024-10-11T04:26:28.107+0800][debug][gc,ergo,cset] GC(551) Old candidate collection set empty.
[2024-10-11T04:26:28.107+0800][debug][gc,ergo,cset] GC(551) Finish choosing collection set old regions. Initial: 2, optional: 0, predicted old time: 0.00ms, predicted optional time: 0.00ms, time remaining: 46.16
[2024-10-11T04:26:28.227+0800][debug][gc,ergo,cset] GC(553) Pruned 12 regions out of 38, leaving 6262416 bytes waste (allowed 6710886)
[2024-10-11T04:26:28.433+0800][debug][gc,ergo,cset] Preventive GC, insufficient free regions. Predicted need 4. Curr Eden 1 (Pred 2). Curr Survivor 1 (Pred 1). Curr Old 53 (Pred 1) Free 4 Alloc 1
[2024-10-11T04:26:28.433+0800][debug][gc,ergo,cset] GC(555) Start adding old regions to collection set. Min 4 regions, max 7 regions, time remaining 48.16ms, optional threshold 9.63ms
[2024-10-11T04:26:28.433+0800][debug][gc,ergo,cset] GC(555) Finish adding old regions to collection set (Maximum number of regions). Initial 7 regions, optional 0 regions
[2024-10-11T04:26:28.433+0800][debug][gc,ergo,cset] GC(555) Finish choosing collection set old regions. Initial: 7, optional: 0, predicted old time: 0.00ms, predicted optional time: 0.00ms, time remaining: 47.03
[2024-10-11T04:26:28.538+0800][debug][gc,ergo,cset] GC(556) Start adding old regions to collection set. Min 4 regions, max 7 regions, time remaining 47.62ms, optional threshold 9.52ms
[2024-10-11T04:26:28.539+0800][debug][gc,ergo,cset] GC(556) Finish adding old regions to collection set (Maximum number of regions). Initial 7 regions, optional 0 regions
[2024-10-11T04:26:28.539+0800][debug][gc,ergo,cset] GC(556) Finish choosing collection set old regions. Initial: 7, optional: 0, predicted old time: 0.00ms, predicted optional time: 0.00ms, time remaining: 44.97
[2024-10-11T04:26:28.646+0800][debug][gc,ergo,cset] GC(557) Start adding old regions to collection set. Min 4 regions, max 7 regions, time remaining 47.48ms, optional threshold 9.50ms
[2024-10-11T04:26:28.646+0800][debug][gc,ergo,cset] GC(557) Finish adding old regions to collection set (Maximum number of regions). Initial 7 regions, optional 0 regions
[2024-10-11T04:26:28.646+0800][debug][gc,ergo,cset] GC(557) Finish choosing collection set old regions. Initial: 7, optional: 0, predicted old time: 0.00ms, predicted optional time: 0.00ms, time remaining: 44.04
[2024-10-11T04:26:28.753+0800][debug][gc,ergo,cset] GC(558) Start adding old regions to collection set. Min 4 regions, max 7 regions, time remaining 47.55ms, optional threshold 9.51ms
[2024-10-11T04:26:28.754+0800][debug][gc,ergo,cset] GC(558) Old candidate collection set empty.
[2024-10-11T04:26:28.754+0800][debug][gc,ergo,cset] GC(558) Finish choosing collection set old regions. Initial: 5, optional: 0, predicted old time: 0.00ms, predicted optional time: 0.00ms, time remaining: 44.90
[2024-10-11T04:26:28.894+0800][debug][gc,ergo,cset] GC(561) Pruned 13 regions out of 39, leaving 6467592 bytes waste (allowed 6710886)
[2024-10-11T04:26:29.163+0800][debug][gc,ergo,cset] Preventive GC, insufficient free regions. Predicted need 6. Curr Eden 2 (Pred 3). Curr Survivor 1 (Pred 1). Curr Old 50 (Pred 2) Free 6 Alloc 1
[2024-10-11T04:26:29.163+0800][debug][gc,ergo,cset] GC(563) Start adding old regions to collection set. Min 4 regions, max 7 regions, time remaining 48.24ms, optional threshold 9.65ms
[2024-10-11T04:26:29.163+0800][debug][gc,ergo,cset] GC(563) Finish adding old regions to collection set (Maximum number of regions). Initial 7 regions, optional 0 regions
[2024-10-11T04:26:29.163+0800][debug][gc,ergo,cset] GC(563) Finish choosing collection set old regions. Initial: 7, optional: 0, predicted old time: 0.00ms, predicted optional time: 0.00ms, time remaining: 46.92
[2024-10-11T04:26:29.269+0800][debug][gc,ergo,cset] GC(564) Start adding old regions to collection set. Min 4 regions, max 7 regions, time remaining 48.15ms, optional threshold 9.63ms
[2024-10-11T04:26:29.269+0800][debug][gc,ergo,cset] GC(564) Finish adding old regions to collection set (Maximum number of regions). Initial 7 regions, optional 0 regions
[2024-10-11T04:26:29.269+0800][debug][gc,ergo,cset] GC(564) Finish choosing collection set old regions. Initial: 7, optional: 0, predicted old time: 0.00ms, predicted optional time: 0.00ms, time remaining: 45.91
[2024-10-11T04:26:29.374+0800][debug][gc,ergo,cset] GC(565) Start adding old regions to collection set. Min 4 regions, max 7 regions, time remaining 48.31ms, optional threshold 9.66ms
[2024-10-11T04:26:29.374+0800][debug][gc,ergo,cset] GC(565) Finish adding old regions to collection set (Maximum number of regions). Initial 7 regions, optional 0 regions
[2024-10-11T04:26:29.374+0800][debug][gc,ergo,cset] GC(565) Finish choosing collection set old regions. Initial: 7, optional: 0, predicted old time: 0.00ms, predicted optional time: 0.00ms, time remaining: 45.94
[2024-10-11T04:26:29.479+0800][debug][gc,ergo,cset] GC(566) Start adding old regions to collection set. Min 4 regions, max 7 regions, time remaining 48.41ms, optional threshold 9.68ms
[2024-10-11T04:26:29.479+0800][debug][gc,ergo,cset] GC(566) Old candidate collection set empty.
[2024-10-11T04:26:29.479+0800][debug][gc,ergo,cset] GC(566) Finish choosing collection set old regions. Initial: 5, optional: 0, predicted old time: 0.00ms, predicted optional time: 0.00ms, time remaining: 46.64
[2024-10-11T04:26:29.802+0800][debug][gc,ergo,cset] GC(570) Pruned 11 regions out of 38, leaving 6513784 bytes waste (allowed 6710886)
[2024-10-11T04:26:30.008+0800][debug][gc,ergo,cset] Preventive GC, insufficient free regions. Predicted need 4. Curr Eden 1 (Pred 2). Curr Survivor 1 (Pred 1). Curr Old 53 (Pred 1) Free 4 Alloc 1
[2024-10-11T04:26:30.008+0800][debug][gc,ergo,cset] GC(572) Start adding old regions to collection set. Min 4 regions, max 7 regions, time remaining 49.10ms, optional threshold 9.82ms
[2024-10-11T04:26:30.008+0800][debug][gc,ergo,cset] GC(572) Finish adding old regions to collection set (Maximum number of regions). Initial 7 regions, optional 0 regions
[2024-10-11T04:26:30.008+0800][debug][gc,ergo,cset] GC(572) Finish choosing collection set old regions. Initial: 7, optional: 0, predicted old time: 0.00ms, predicted optional time: 0.00ms, time remaining: 48.41
[2024-10-11T04:26:30.113+0800][debug][gc,ergo,cset] GC(573) Start adding old regions to collection set. Min 4 regions, max 7 regions, time remaining 48.78ms, optional threshold 9.76ms
[2024-10-11T04:26:30.113+0800][debug][gc,ergo,cset] GC(573) Finish adding old regions to collection set (Maximum number of regions). Initial 7 regions, optional 0 regions
[2024-10-11T04:26:30.113+0800][debug][gc,ergo,cset] GC(573) Finish choosing collection set old regions. Initial: 7, optional: 0, predicted old time: 0.00ms, predicted optional time: 0.00ms, time remaining: 47.70
[2024-10-11T04:26:30.218+0800][debug][gc,ergo,cset] GC(574) Start adding old regions to collection set. Min 4 regions, max 7 regions, time remaining 48.77ms, optional threshold 9.75ms
[2024-10-11T04:26:30.218+0800][debug][gc,ergo,cset] GC(574) Finish adding old regions to collection set (Maximum number of regions). Initial 7 regions, optional 0 regions
[2024-10-11T04:26:30.218+0800][debug][gc,ergo,cset] GC(574) Finish choosing collection set old regions. Initial: 7, optional: 0, predicted old time: 0.00ms, predicted optional time: 0.00ms, time remaining: 47.52
[2024-10-11T04:26:30.323+0800][debug][gc,ergo,cset] GC(575) Start adding old regions to collection set. Min 4 regions, max 7 regions, time remaining 48.81ms, optional threshold 9.76ms
[2024-10-11T04:26:30.323+0800][debug][gc,ergo,cset] GC(575) Old candidate collection set empty.
[2024-10-11T04:26:30.323+0800][debug][gc,ergo,cset] GC(575) Finish choosing collection set old regions. Initial: 6, optional: 0, predicted old time: 0.00ms, predicted optional time: 0.00ms, time remaining: 47.59
[2024-10-11T04:26:30.645+0800][debug][gc,ergo,cset] GC(579) Pruned 12 regions out of 42, leaving 6042768 bytes waste (allowed 6710886)
[2024-10-11T04:26:30.789+0800][debug][gc,ergo,cset] Preventive GC, insufficient free regions. Predicted need 4. Curr Eden 2 (Pred 3). Curr Survivor 1 (Pred 1). Curr Old 52 (Pred 0) Free 4 Alloc 1
[2024-10-11T04:26:30.853+0800][debug][gc,ergo,cset] Preventive GC, insufficient free regions. Predicted need 4. Curr Eden 1 (Pred 2). Curr Survivor 1 (Pred 1). Curr Old 54 (Pred 1) Free 3 Alloc 1
[2024-10-11T04:26:30.853+0800][debug][gc,ergo,cset] GC(581) Start adding old regions to collection set. Min 4 regions, max 7 regions, time remaining 49.03ms, optional threshold 9.81ms
[2024-10-11T04:26:30.853+0800][debug][gc,ergo,cset] GC(581) Finish adding old regions to collection set (Maximum number of regions). Initial 7 regions, optional 0 regions
[2024-10-11T04:26:30.853+0800][debug][gc,ergo,cset] GC(581) Finish choosing collection set old regions. Initial: 7, optional: 0, predicted old time: 0.00ms, predicted optional time: 0.00ms, time remaining: 48.40
[2024-10-11T04:26:30.957+0800][debug][gc,ergo,cset] GC(582) Start adding old regions to collection set. Min 4 regions, max 7 regions, time remaining 48.77ms, optional threshold 9.75ms
[2024-10-11T04:26:30.957+0800][debug][gc,ergo,cset] GC(582) Finish adding old regions to collection set (Maximum number of regions). Initial 7 regions, optional 0 regions
[2024-10-11T04:26:30.957+0800][debug][gc,ergo,cset] GC(582) Finish choosing collection set old regions. Initial: 7, optional: 0, predicted old time: 0.00ms, predicted optional time: 0.00ms, time remaining: 47.73
[2024-10-11T04:26:31.061+0800][debug][gc,ergo,cset] GC(583) Start adding old regions to collection set. Min 4 regions, max 7 regions, time remaining 48.77ms, optional threshold 9.75ms
[2024-10-11T04:26:31.061+0800][debug][gc,ergo,cset] GC(583) Finish adding old regions to collection set (Maximum number of regions). Initial 7 regions, optional 0 regions
[2024-10-11T04:26:31.061+0800][debug][gc,ergo,cset] GC(583) Finish choosing collection set old regions. Initial: 7, optional: 0, predicted old time: 0.00ms, predicted optional time: 0.00ms, time remaining: 47.39
[2024-10-11T04:26:31.167+0800][debug][gc,ergo,cset] GC(584) Start adding old regions to collection set. Min 4 regions, max 7 regions, time remaining 48.82ms, optional threshold 9.76ms
[2024-10-11T04:26:31.167+0800][debug][gc,ergo,cset] GC(584) Finish adding old regions to collection set (Maximum number of regions). Initial 7 regions, optional 0 regions
[2024-10-11T04:26:31.167+0800][debug][gc,ergo,cset] GC(584) Finish choosing collection set old regions. Initial: 7, optional: 0, predicted old time: 0.00ms, predicted optional time: 0.00ms, time remaining: 47.41
[2024-10-11T04:26:31.271+0800][debug][gc,ergo,cset] GC(585) Start adding old regions to collection set. Min 4 regions, max 7 regions, time remaining 48.83ms, optional threshold 9.77ms
[2024-10-11T04:26:31.271+0800][debug][gc,ergo,cset] GC(585) Old candidate collection set empty.
[2024-10-11T04:26:31.271+0800][debug][gc,ergo,cset] GC(585) Finish choosing collection set old regions. Initial: 2, optional: 0, predicted old time: 0.00ms, predicted optional time: 0.00ms, time remaining: 48.39
[2024-10-11T04:26:31.594+0800][debug][gc,ergo,cset] GC(589) Pruned 11 regions out of 45, leaving 6035968 bytes waste (allowed 6710886)
[2024-10-11T04:26:31.737+0800][debug][gc,ergo,cset] Preventive GC, insufficient free regions. Predicted need 4. Curr Eden 2 (Pred 3). Curr Survivor 1 (Pred 1). Curr Old 53 (Pred 0) Free 3 Alloc 1
[2024-10-11T04:26:31.800+0800][debug][gc,ergo,cset] Preventive GC, insufficient free regions. Predicted need 5. Curr Eden 1 (Pred 2). Curr Survivor 1 (Pred 1). Curr Old 55 (Pred 2) Free 2 Alloc 1
[2024-10-11T04:26:31.800+0800][debug][gc,ergo,cset] GC(591) Start adding old regions to collection set. Min 5 regions, max 7 regions, time remaining 49.18ms, optional threshold 9.84ms
[2024-10-11T04:26:31.800+0800][debug][gc,ergo,cset] GC(591) Finish adding old regions to collection set (Maximum number of regions). Initial 7 regions, optional 0 regions
[2024-10-11T04:26:31.800+0800][debug][gc,ergo,cset] GC(591) Finish choosing collection set old regions. Initial: 7, optional: 0, predicted old time: 0.00ms, predicted optional time: 0.00ms, time remaining: 48.48
[2024-10-11T04:26:31.843+0800][debug][gc,ergo,cset] Preventive GC, insufficient free regions. Predicted need 6. Curr Eden 1 (Pred 2). Curr Survivor 1 (Pred 1). Curr Old 56 (Pred 3) Free 1 Alloc 1
[2024-10-11T04:26:31.843+0800][debug][gc,ergo,cset] GC(592) Start adding old regions to collection set. Min 5 regions, max 7 regions, time remaining 49.13ms, optional threshold 9.83ms
[2024-10-11T04:26:31.843+0800][debug][gc,ergo,cset] GC(592) Finish adding old regions to collection set (Maximum number of regions). Initial 7 regions, optional 0 regions
[2024-10-11T04:26:31.843+0800][debug][gc,ergo,cset] GC(592) Finish choosing collection set old regions. Initial: 7, optional: 0, predicted old time: 0.00ms, predicted optional time: 0.00ms, time remaining: 48.21
[2024-10-11T04:26:31.906+0800][debug][gc,ergo,cset] GC(593) Start adding old regions to collection set. Min 5 regions, max 7 regions, time remaining 49.14ms, optional threshold 9.83ms
[2024-10-11T04:26:31.906+0800][debug][gc,ergo,cset] GC(593) Finish adding old regions to collection set (Maximum number of regions). Initial 7 regions, optional 0 regions
[2024-10-11T04:26:31.906+0800][debug][gc,ergo,cset] GC(593) Finish choosing collection set old regions. Initial: 7, optional: 0, predicted old time: 0.00ms, predicted optional time: 0.00ms, time remaining: 48.01
[2024-10-11T04:26:32.517+0800][debug][gc,ergo,cset] GC(600) Pruned 11 regions out of 41, leaving 6067672 bytes waste (allowed 6710886)
[2024-10-11T04:26:32.723+0800][debug][gc,ergo,cset] Preventive GC, insufficient free regions. Predicted need 5. Curr Eden 1 (Pred 2). Curr Survivor 1 (Pred 1). Curr Old 52 (Pred 2) Free 5 Alloc 1
[2024-10-11T04:26:32.723+0800][debug][gc,ergo,cset] GC(602) Start adding old regions to collection set. Min 4 regions, max 7 regions, time remaining 49.21ms, optional threshold 9.84ms
[2024-10-11T04:26:32.723+0800][debug][gc,ergo,cset] GC(602) Finish adding old regions to collection set (Maximum number of regions). Initial 7 regions, optional 0 regions
[2024-10-11T04:26:32.723+0800][debug][gc,ergo,cset] GC(602) Finish choosing collection set old regions. Initial: 7, optional: 0, predicted old time: 0.00ms, predicted optional time: 0.00ms, time remaining: 48.42
[2024-10-11T04:26:32.827+0800][debug][gc,ergo,cset] Preventive GC, insufficient free regions. Predicted need 7. Curr Eden 2 (Pred 3). Curr Survivor 1 (Pred 1). Curr Old 49 (Pred 3) Free 7 Alloc 1
[2024-10-11T04:26:32.828+0800][debug][gc,ergo,cset] GC(603) Start adding old regions to collection set. Min 4 regions, max 7 regions, time remaining 48.96ms, optional threshold 9.79ms
[2024-10-11T04:26:32.828+0800][debug][gc,ergo,cset] GC(603) Finish adding old regions to collection set (Maximum number of regions). Initial 7 regions, optional 0 regions
[2024-10-11T04:26:32.828+0800][debug][gc,ergo,cset] GC(603) Finish choosing collection set old regions. Initial: 7, optional: 0, predicted old time: 0.00ms, predicted optional time: 0.00ms, time remaining: 47.92
[2024-10-11T04:26:32.933+0800][debug][gc,ergo,cset] GC(604) Start adding old regions to collection set. Min 4 regions, max 7 regions, time remaining 48.88ms, optional threshold 9.78ms
[2024-10-11T04:26:32.933+0800][debug][gc,ergo,cset] GC(604) Finish adding old regions to collection set (Maximum number of regions). Initial 7 regions, optional 0 regions
[2024-10-11T04:26:32.933+0800][debug][gc,ergo,cset] GC(604) Finish choosing collection set old regions. Initial: 7, optional: 0, predicted old time: 0.00ms, predicted optional time: 0.00ms, time remaining: 47.59
[2024-10-11T04:26:33.038+0800][debug][gc,ergo,cset] GC(605) Start adding old regions to collection set. Min 4 regions, max 7 regions, time remaining 48.88ms, optional threshold 9.78ms
[2024-10-11T04:26:33.038+0800][debug][gc,ergo,cset] GC(605) Finish adding old regions to collection set (Maximum number of regions). Initial 7 regions, optional 0 regions
[2024-10-11T04:26:33.038+0800][debug][gc,ergo,cset] GC(605) Finish choosing collection set old regions. Initial: 7, optional: 0, predicted old time: 0.00ms, predicted optional time: 0.00ms, time remaining: 47.50
[2024-10-11T04:26:33.142+0800][debug][gc,ergo,cset] GC(606) Start adding old regions to collection set. Min 4 regions, max 7 regions, time remaining 48.89ms, optional threshold 9.78ms
[2024-10-11T04:26:33.142+0800][debug][gc,ergo,cset] GC(606) Old candidate collection set empty.
[2024-10-11T04:26:33.142+0800][debug][gc,ergo,cset] GC(606) Finish choosing collection set old regions. Initial: 2, optional: 0, predicted old time: 0.00ms, predicted optional time: 0.00ms, time remaining: 48.47
[2024-10-11T04:26:33.341+0800][debug][gc,ergo,cset] GC(609) Pruned 10 regions out of 36, leaving 6296096 bytes waste (allowed 6710886)
[2024-10-11T04:26:33.567+0800][debug][gc,ergo,cset] Preventive GC, insufficient free regions. Predicted need 5. Curr Eden 1 (Pred 2). Curr Survivor 1 (Pred 1). Curr Old 52 (Pred 2) Free 5 Alloc 1
[2024-10-11T04:26:33.568+0800][debug][gc,ergo,cset] GC(611) Start adding old regions to collection set. Min 4 regions, max 7 regions, time remaining 49.17ms, optional threshold 9.83ms
[2024-10-11T04:26:33.568+0800][debug][gc,ergo,cset] GC(611) Finish adding old regions to collection set (Maximum number of regions). Initial 7 regions, optional 0 regions
[2024-10-11T04:26:33.568+0800][debug][gc,ergo,cset] GC(611) Finish choosing collection set old regions. Initial: 7, optional: 0, predicted old time: 0.00ms, predicted optional time: 0.00ms, time remaining: 48.50
[2024-10-11T04:26:33.672+0800][debug][gc,ergo,cset] GC(612) Start adding old regions to collection set. Min 4 regions, max 7 regions, time remaining 48.78ms, optional threshold 9.76ms
[2024-10-11T04:26:33.672+0800][debug][gc,ergo,cset] GC(612) Finish adding old regions to collection set (Maximum number of regions). Initial 7 regions, optional 0 regions
[2024-10-11T04:26:33.672+0800][debug][gc,ergo,cset] GC(612) Finish choosing collection set old regions. Initial: 7, optional: 0, predicted old time: 0.00ms, predicted optional time: 0.00ms, time remaining: 47.66
[2024-10-11T04:26:33.777+0800][debug][gc,ergo,cset] GC(613) Start adding old regions to collection set. Min 4 regions, max 7 regions, time remaining 48.79ms, optional threshold 9.76ms
[2024-10-11T04:26:33.777+0800][debug][gc,ergo,cset] GC(613) Finish adding old regions to collection set (Maximum number of regions). Initial 7 regions, optional 0 regions
[2024-10-11T04:26:33.777+0800][debug][gc,ergo,cset] GC(613) Finish choosing collection set old regions. Initial: 7, optional: 0, predicted old time: 0.00ms, predicted optional time: 0.00ms, time remaining: 47.45
[2024-10-11T04:26:33.881+0800][debug][gc,ergo,cset] GC(614) Start adding old regions to collection set. Min 4 regions, max 7 regions, time remaining 48.86ms, optional threshold 9.77ms
[2024-10-11T04:26:33.881+0800][debug][gc,ergo,cset] GC(614) Old candidate collection set empty.
[2024-10-11T04:26:33.881+0800][debug][gc,ergo,cset] GC(614) Finish choosing collection set old regions. Initial: 5, optional: 0, predicted old time: 0.00ms, predicted optional time: 0.00ms, time remaining: 47.86
[2024-10-11T04:26:34.204+0800][debug][gc,ergo,cset] GC(618) Pruned 10 regions out of 41, leaving 6705800 bytes waste (allowed 6710886)
[2024-10-11T04:26:34.347+0800][debug][gc,ergo,cset] Preventive GC, insufficient free regions. Predicted need 4. Curr Eden 2 (Pred 3). Curr Survivor 1 (Pred 1). Curr Old 52 (Pred 0) Free 4 Alloc 1
[2024-10-11T04:26:34.410+0800][debug][gc,ergo,cset] Preventive GC, insufficient free regions. Predicted need 4. Curr Eden 1 (Pred 2). Curr Survivor 1 (Pred 1). Curr Old 54 (Pred 1) Free 3 Alloc 1
[2024-10-11T04:26:34.410+0800][debug][gc,ergo,cset] GC(620) Start adding old regions to collection set. Min 4 regions, max 7 regions, time remaining 49.17ms, optional threshold 9.83ms
[2024-10-11T04:26:34.410+0800][debug][gc,ergo,cset] GC(620) Finish adding old regions to collection set (Maximum number of regions). Initial 7 regions, optional 0 regions
[2024-10-11T04:26:34.410+0800][debug][gc,ergo,cset] GC(620) Finish choosing collection set old regions. Initial: 7, optional: 0, predicted old time: 0.00ms, predicted optional time: 0.00ms, time remaining: 48.55
[2024-10-11T04:26:34.514+0800][debug][gc,ergo,cset] GC(621) Start adding old regions to collection set. Min 4 regions, max 7 regions, time remaining 48.95ms, optional threshold 9.79ms
[2024-10-11T04:26:34.514+0800][debug][gc,ergo,cset] GC(621) Finish adding old regions to collection set (Maximum number of regions). Initial 7 regions, optional 0 regions
[2024-10-11T04:26:34.514+0800][debug][gc,ergo,cset] GC(621) Finish choosing collection set old regions. Initial: 7, optional: 0, predicted old time: 0.00ms, predicted optional time: 0.00ms, time remaining: 48.10
[2024-10-11T04:26:34.619+0800][debug][gc,ergo,cset] GC(622) Start adding old regions to collection set. Min 4 regions, max 7 regions, time remaining 48.91ms, optional threshold 9.78ms
[2024-10-11T04:26:34.619+0800][debug][gc,ergo,cset] GC(622) Finish adding old regions to collection set (Maximum number of regions). Initial 7 regions, optional 0 regions
[2024-10-11T04:26:34.619+0800][debug][gc,ergo,cset] GC(622) Finish choosing collection set old regions. Initial: 7, optional: 0, predicted old time: 0.00ms, predicted optional time: 0.00ms, time remaining: 47.83
[2024-10-11T04:26:34.723+0800][debug][gc,ergo,cset] GC(623) Start adding old regions to collection set. Min 4 regions, max 7 regions, time remaining 48.92ms, optional threshold 9.78ms
[2024-10-11T04:26:34.723+0800][debug][gc,ergo,cset] GC(623) Finish adding old regions to collection set (Maximum number of regions). Initial 7 regions, optional 0 regions
[2024-10-11T04:26:34.723+0800][debug][gc,ergo,cset] GC(623) Finish choosing collection set old regions. Initial: 7, optional: 0, predicted old time: 0.00ms, predicted optional time: 0.00ms, time remaining: 47.71
[2024-10-11T04:26:34.828+0800][debug][gc,ergo,cset] GC(624) Start adding old regions to collection set. Min 4 regions, max 7 regions, time remaining 48.92ms, optional threshold 9.78ms
[2024-10-11T04:26:34.828+0800][debug][gc,ergo,cset] GC(624) Old candidate collection set empty.
[2024-10-11T04:26:34.828+0800][debug][gc,ergo,cset] GC(624) Finish choosing collection set old regions. Initial: 3, optional: 0, predicted old time: 0.00ms, predicted optional time: 0.00ms, time remaining: 48.37
[2024-10-11T04:26:35.151+0800][debug][gc,ergo,cset] GC(628) Pruned 11 regions out of 41, leaving 6070024 bytes waste (allowed 6710886)
[2024-10-11T04:26:35.295+0800][debug][gc,ergo,cset] Preventive GC, insufficient free regions. Predicted need 4. Curr Eden 2 (Pred 3). Curr Survivor 1 (Pred 1). Curr Old 53 (Pred 0) Free 3 Alloc 1
[2024-10-11T04:26:35.357+0800][debug][gc,ergo,cset] Preventive GC, insufficient free regions. Predicted need 4. Curr Eden 1 (Pred 2). Curr Survivor 1 (Pred 1). Curr Old 55 (Pred 1) Free 2 Alloc 1
[2024-10-11T04:26:35.358+0800][debug][gc,ergo,cset] GC(630) Start adding old regions to collection set. Min 4 regions, max 7 regions, time remaining 49.15ms, optional threshold 9.83ms
[2024-10-11T04:26:35.358+0800][debug][gc,ergo,cset] GC(630) Finish adding old regions to collection set (Maximum number of regions). Initial 7 regions, optional 0 regions
[2024-10-11T04:26:35.358+0800][debug][gc,ergo,cset] GC(630) Finish choosing collection set old regions. Initial: 7, optional: 0, predicted old time: 0.00ms, predicted optional time: 0.00ms, time remaining: 48.63
[2024-10-11T04:26:35.400+0800][debug][gc,ergo,cset] Preventive GC, insufficient free regions. Predicted need 5. Curr Eden 1 (Pred 2). Curr Survivor 1 (Pred 1). Curr Old 56 (Pred 2) Free 1 Alloc 1
[2024-10-11T04:26:35.401+0800][debug][gc,ergo,cset] GC(631) Start adding old regions to collection set. Min 4 regions, max 7 regions, time remaining 49.09ms, optional threshold 9.82ms
[2024-10-11T04:26:35.401+0800][debug][gc,ergo,cset] GC(631) Finish adding old regions to collection set (Maximum number of regions). Initial 7 regions, optional 0 regions
[2024-10-11T04:26:35.401+0800][debug][gc,ergo,cset] GC(631) Finish choosing collection set old regions. Initial: 7, optional: 0, predicted old time: 0.00ms, predicted optional time: 0.00ms, time remaining: 48.26
[2024-10-11T04:26:35.464+0800][debug][gc,ergo,cset] GC(632) Start adding old regions to collection set. Min 4 regions, max 7 regions, time remaining 48.93ms, optional threshold 9.79ms
[2024-10-11T04:26:35.464+0800][debug][gc,ergo,cset] GC(632) Finish adding old regions to collection set (Maximum number of regions). Initial 7 regions, optional 0 regions
[2024-10-11T04:26:35.464+0800][debug][gc,ergo,cset] GC(632) Finish choosing collection set old regions. Initial: 7, optional: 0, predicted old time: 0.00ms, predicted optional time: 0.00ms, time remaining: 47.92
[2024-10-11T04:26:36.116+0800][debug][gc,ergo,cset] GC(639) Pruned 9 regions out of 36, leaving 6163008 bytes waste (allowed 6710886)
[2024-10-11T04:26:36.362+0800][debug][gc,ergo,cset] Preventive GC, insufficient free regions. Predicted need 6. Curr Eden 2 (Pred 3). Curr Survivor 1 (Pred 1). Curr Old 51 (Pred 2) Free 5 Alloc 1
[2024-10-11T04:26:36.363+0800][debug][gc,ergo,cset] GC(641) Start adding old regions to collection set. Min 4 regions, max 7 regions, time remaining 49.01ms, optional threshold 9.80ms
[2024-10-11T04:26:36.363+0800][debug][gc,ergo,cset] GC(641) Finish adding old regions to collection set (Maximum number of regions). Initial 7 regions, optional 0 regions
[2024-10-11T04:26:36.363+0800][debug][gc,ergo,cset] GC(641) Finish choosing collection set old regions. Initial: 7, optional: 0, predicted old time: 0.00ms, predicted optional time: 0.00ms, time remaining: 48.42
[2024-10-11T04:26:36.467+0800][debug][gc,ergo,cset] GC(642) Start adding old regions to collection set. Min 4 regions, max 7 regions, time remaining 48.97ms, optional threshold 9.79ms
[2024-10-11T04:26:36.467+0800][debug][gc,ergo,cset] GC(642) Finish adding old regions to collection set (Maximum number of regions). Initial 7 regions, optional 0 regions
[2024-10-11T04:26:36.467+0800][debug][gc,ergo,cset] GC(642) Finish choosing collection set old regions. Initial: 7, optional: 0, predicted old time: 0.00ms, predicted optional time: 0.00ms, time remaining: 48.03
[2024-10-11T04:26:36.571+0800][debug][gc,ergo,cset] GC(643) Start adding old regions to collection set. Min 4 regions, max 7 regions, time remaining 48.97ms, optional threshold 9.79ms
[2024-10-11T04:26:36.571+0800][debug][gc,ergo,cset] GC(643) Finish adding old regions to collection set (Maximum number of regions). Initial 7 regions, optional 0 regions
[2024-10-11T04:26:36.571+0800][debug][gc,ergo,cset] GC(643) Finish choosing collection set old regions. Initial: 7, optional: 0, predicted old time: 0.00ms, predicted optional time: 0.00ms, time remaining: 47.78
[2024-10-11T04:26:36.676+0800][debug][gc,ergo,cset] GC(644) Start adding old regions to collection set. Min 4 regions, max 7 regions, time remaining 48.97ms, optional threshold 9.79ms
[2024-10-11T04:26:36.676+0800][debug][gc,ergo,cset] GC(644) Old candidate collection set empty.
[2024-10-11T04:26:36.676+0800][debug][gc,ergo,cset] GC(644) Finish choosing collection set old regions. Initial: 6, optional: 0, predicted old time: 0.00ms, predicted optional time: 0.00ms, time remaining: 47.93
[2024-10-11T04:26:36.999+0800][debug][gc,ergo,cset] GC(648) Pruned 12 regions out of 44, leaving 6684968 bytes waste (allowed 6710886)
[2024-10-11T04:26:37.142+0800][debug][gc,ergo,cset] Preventive GC, insufficient free regions. Predicted need 4. Curr Eden 2 (Pred 3). Curr Survivor 1 (Pred 1). Curr Old 53 (Pred 0) Free 3 Alloc 1
[2024-10-11T04:26:37.205+0800][debug][gc,ergo,cset] Preventive GC, insufficient free regions. Predicted need 4. Curr Eden 1 (Pred 2). Curr Survivor 1 (Pred 1). Curr Old 55 (Pred 1) Free 2 Alloc 1
[2024-10-11T04:26:37.205+0800][debug][gc,ergo,cset] GC(650) Start adding old regions to collection set. Min 4 regions, max 7 regions, time remaining 49.17ms, optional threshold 9.83ms
[2024-10-11T04:26:37.206+0800][debug][gc,ergo,cset] GC(650) Finish adding old regions to collection set (Maximum number of regions). Initial 7 regions, optional 0 regions
[2024-10-11T04:26:37.206+0800][debug][gc,ergo,cset] GC(650) Finish choosing collection set old regions. Initial: 7, optional: 0, predicted old time: 0.00ms, predicted optional time: 0.00ms, time remaining: 48.54
[2024-10-11T04:26:37.248+0800][debug][gc,ergo,cset] Preventive GC, insufficient free regions. Predicted need 5. Curr Eden 1 (Pred 2). Curr Survivor 1 (Pred 1). Curr Old 55 (Pred 2) Free 2 Alloc 1
[2024-10-11T04:26:37.248+0800][debug][gc,ergo,cset] GC(651) Start adding old regions to collection set. Min 4 regions, max 7 regions, time remaining 49.11ms, optional threshold 9.82ms
[2024-10-11T04:26:37.248+0800][debug][gc,ergo,cset] GC(651) Finish adding old regions to collection set (Maximum number of regions). Initial 7 regions, optional 0 regions
[2024-10-11T04:26:37.248+0800][debug][gc,ergo,cset] GC(651) Finish choosing collection set old regions. Initial: 7, optional: 0, predicted old time: 0.00ms, predicted optional time: 0.00ms, time remaining: 48.20
[2024-10-11T04:26:37.314+0800][debug][gc,ergo,cset] GC(652) Start adding old regions to collection set. Min 4 regions, max 7 regions, time remaining 49.11ms, optional threshold 9.82ms
[2024-10-11T04:26:37.314+0800][debug][gc,ergo,cset] GC(652) Finish adding old regions to collection set (Maximum number of regions). Initial 7 regions, optional 0 regions
[2024-10-11T04:26:37.314+0800][debug][gc,ergo,cset] GC(652) Finish choosing collection set old regions. Initial: 7, optional: 0, predicted old time: 0.00ms, predicted optional time: 0.00ms, time remaining: 48.12
[2024-10-11T04:26:37.964+0800][debug][gc,ergo,cset] GC(659) Pruned 11 regions out of 35, leaving 6030544 bytes waste (allowed 6710886)
[2024-10-11T04:26:38.212+0800][debug][gc,ergo,cset] Preventive GC, insufficient free regions. Predicted need 5. Curr Eden 2 (Pred 3). Curr Survivor 1 (Pred 1). Curr Old 51 (Pred 1) Free 5 Alloc 1
[2024-10-11T04:26:38.212+0800][debug][gc,ergo,cset] GC(661) Start adding old regions to collection set. Min 3 regions, max 7 regions, time remaining 48.31ms, optional threshold 9.66ms
[2024-10-11T04:26:38.213+0800][debug][gc,ergo,cset] GC(661) Finish adding old regions to collection set (Maximum number of regions). Initial 7 regions, optional 0 regions
[2024-10-11T04:26:38.213+0800][debug][gc,ergo,cset] GC(661) Finish choosing collection set old regions. Initial: 7, optional: 0, predicted old time: 0.00ms, predicted optional time: 0.00ms, time remaining: 47.65
[2024-10-11T04:26:38.317+0800][debug][gc,ergo,cset] GC(662) Start adding old regions to collection set. Min 3 regions, max 7 regions, time remaining 48.44ms, optional threshold 9.69ms
[2024-10-11T04:26:38.317+0800][debug][gc,ergo,cset] GC(662) Finish adding old regions to collection set (Maximum number of regions). Initial 7 regions, optional 0 regions
[2024-10-11T04:26:38.317+0800][debug][gc,ergo,cset] GC(662) Finish choosing collection set old regions. Initial: 7, optional: 0, predicted old time: 0.00ms, predicted optional time: 0.00ms, time remaining: 47.18
[2024-10-11T04:26:38.421+0800][debug][gc,ergo,cset] GC(663) Start adding old regions to collection set. Min 3 regions, max 7 regions, time remaining 48.53ms, optional threshold 9.71ms
[2024-10-11T04:26:38.421+0800][debug][gc,ergo,cset] GC(663) Finish adding old regions to collection set (Maximum number of regions). Initial 7 regions, optional 0 regions
[2024-10-11T04:26:38.421+0800][debug][gc,ergo,cset] GC(663) Finish choosing collection set old regions. Initial: 7, optional: 0, predicted old time: 0.00ms, predicted optional time: 0.00ms, time remaining: 46.88
[2024-10-11T04:26:38.526+0800][debug][gc,ergo,cset] GC(664) Start adding old regions to collection set. Min 3 regions, max 7 regions, time remaining 48.63ms, optional threshold 9.73ms
[2024-10-11T04:26:38.526+0800][debug][gc,ergo,cset] GC(664) Old candidate collection set empty.
[2024-10-11T04:26:38.526+0800][debug][gc,ergo,cset] GC(664) Finish choosing collection set old regions. Initial: 3, optional: 0, predicted old time: 0.00ms, predicted optional time: 0.00ms, time remaining: 47.97
[2024-10-11T04:26:38.848+0800][debug][gc,ergo,cset] GC(668) Pruned 12 regions out of 42, leaving 6271176 bytes waste (allowed 6710886)
[2024-10-11T04:26:38.991+0800][debug][gc,ergo,cset] Preventive GC, insufficient free regions. Predicted need 4. Curr Eden 2 (Pred 3). Curr Survivor 1 (Pred 1). Curr Old 52 (Pred 0) Free 4 Alloc 1
[2024-10-11T04:26:39.054+0800][debug][gc,ergo,cset] Preventive GC, insufficient free regions. Predicted need 4. Curr Eden 1 (Pred 2). Curr Survivor 1 (Pred 1). Curr Old 54 (Pred 1) Free 3 Alloc 1
[2024-10-11T04:26:39.054+0800][debug][gc,ergo,cset] GC(670) Start adding old regions to collection set. Min 4 regions, max 7 regions, time remaining 49.12ms, optional threshold 9.82ms
[2024-10-11T04:26:39.054+0800][debug][gc,ergo,cset] GC(670) Finish adding old regions to collection set (Maximum number of regions). Initial 7 regions, optional 0 regions
[2024-10-11T04:26:39.054+0800][debug][gc,ergo,cset] GC(670) Finish choosing collection set old regions. Initial: 7, optional: 0, predicted old time: 0.00ms, predicted optional time: 0.00ms, time remaining: 48.51
[2024-10-11T04:26:39.158+0800][debug][gc,ergo,cset] Preventive GC, insufficient free regions. Predicted need 6. Curr Eden 2 (Pred 3). Curr Survivor 1 (Pred 1). Curr Old 50 (Pred 2) Free 6 Alloc 1
[2024-10-11T04:26:39.158+0800][debug][gc,ergo,cset] GC(671) Start adding old regions to collection set. Min 4 regions, max 7 regions, time remaining 48.88ms, optional threshold 9.78ms
[2024-10-11T04:26:39.158+0800][debug][gc,ergo,cset] GC(671) Finish adding old regions to collection set (Maximum number of regions). Initial 7 regions, optional 0 regions
[2024-10-11T04:26:39.158+0800][debug][gc,ergo,cset] GC(671) Finish choosing collection set old regions. Initial: 7, optional: 0, predicted old time: 0.00ms, predicted optional time: 0.00ms, time remaining: 47.97
[2024-10-11T04:26:39.262+0800][debug][gc,ergo,cset] Preventive GC, insufficient free regions. Predicted need 6. Curr Eden 2 (Pred 3). Curr Survivor 1 (Pred 1). Curr Old 50 (Pred 2) Free 6 Alloc 1
[2024-10-11T04:26:39.263+0800][debug][gc,ergo,cset] GC(672) Start adding old regions to collection set. Min 4 regions, max 7 regions, time remaining 48.85ms, optional threshold 9.77ms
[2024-10-11T04:26:39.263+0800][debug][gc,ergo,cset] GC(672) Finish adding old regions to collection set (Maximum number of regions). Initial 7 regions, optional 0 regions
[2024-10-11T04:26:39.263+0800][debug][gc,ergo,cset] GC(672) Finish choosing collection set old regions. Initial: 7, optional: 0, predicted old time: 0.00ms, predicted optional time: 0.00ms, time remaining: 47.76
[2024-10-11T04:26:39.326+0800][debug][gc,ergo,cset] Preventive GC, insufficient free regions. Predicted need 6. Curr Eden 1 (Pred 2). Curr Survivor 1 (Pred 1). Curr Old 51 (Pred 3) Free 6 Alloc 1
[2024-10-11T04:26:39.326+0800][debug][gc,ergo,cset] GC(673) Start adding old regions to collection set. Min 4 regions, max 7 regions, time remaining 49.07ms, optional threshold 9.81ms
[2024-10-11T04:26:39.326+0800][debug][gc,ergo,cset] GC(673) Finish adding old regions to collection set (Maximum number of regions). Initial 7 regions, optional 0 regions
[2024-10-11T04:26:39.326+0800][debug][gc,ergo,cset] GC(673) Finish choosing collection set old regions. Initial: 7, optional: 0, predicted old time: 0.00ms, predicted optional time: 0.00ms, time remaining: 47.74
[2024-10-11T04:26:39.370+0800][debug][gc,ergo,cset] Preventive GC, insufficient free regions. Predicted need 5. Curr Eden 1 (Pred 2). Curr Survivor 1 (Pred 1). Curr Old 52 (Pred 2) Free 5 Alloc 1
[2024-10-11T04:26:39.370+0800][debug][gc,ergo,cset] GC(674) Start adding old regions to collection set. Min 4 regions, max 7 regions, time remaining 49.12ms, optional threshold 9.82ms
[2024-10-11T04:26:39.370+0800][debug][gc,ergo,cset] GC(674) Old candidate collection set empty.
[2024-10-11T04:26:39.370+0800][debug][gc,ergo,cset] GC(674) Finish choosing collection set old regions. Initial: 2, optional: 0, predicted old time: 0.00ms, predicted optional time: 0.00ms, time remaining: 48.75
[2024-10-11T04:26:39.474+0800][debug][gc,ergo,cset] Preventive GC, insufficient free regions. Predicted need 4. Curr Eden 2 (Pred 3). Curr Survivor 1 (Pred 1). Curr Old 53 (Pred 0) Free 3 Alloc 1
[2024-10-11T04:26:39.486+0800][debug][gc,ergo,cset] GC(676) Pruned 12 regions out of 41, leaving 6491784 bytes waste (allowed 6710886)
[2024-10-11T04:26:39.629+0800][debug][gc,ergo,cset] Preventive GC, insufficient free regions. Predicted need 4. Curr Eden 2 (Pred 3). Curr Survivor 1 (Pred 1). Curr Old 53 (Pred 0) Free 3 Alloc 1
[2024-10-11T04:26:39.692+0800][debug][gc,ergo,cset] Preventive GC, insufficient free regions. Predicted need 4. Curr Eden 1 (Pred 2). Curr Survivor 1 (Pred 1). Curr Old 55 (Pred 1) Free 2 Alloc 1
[2024-10-11T04:26:39.692+0800][debug][gc,ergo,cset] GC(678) Start adding old regions to collection set. Min 4 regions, max 7 regions, time remaining 49.15ms, optional threshold 9.83ms
[2024-10-11T04:26:39.692+0800][debug][gc,ergo,cset] GC(678) Finish adding old regions to collection set (Maximum number of regions). Initial 7 regions, optional 0 regions
[2024-10-11T04:26:39.692+0800][debug][gc,ergo,cset] GC(678) Finish choosing collection set old regions. Initial: 7, optional: 0, predicted old time: 0.00ms, predicted optional time: 0.00ms, time remaining: 48.80
[2024-10-11T04:26:39.795+0800][debug][gc,ergo,cset] Preventive GC, insufficient free regions. Predicted need 6. Curr Eden 2 (Pred 3). Curr Survivor 1 (Pred 1). Curr Old 50 (Pred 2) Free 6 Alloc 1
[2024-10-11T04:26:39.795+0800][debug][gc,ergo,cset] GC(679) Start adding old regions to collection set. Min 4 regions, max 7 regions, time remaining 48.95ms, optional threshold 9.79ms
[2024-10-11T04:26:39.795+0800][debug][gc,ergo,cset] GC(679) Finish adding old regions to collection set (Maximum number of regions). Initial 7 regions, optional 0 regions
[2024-10-11T04:26:39.795+0800][debug][gc,ergo,cset] GC(679) Finish choosing collection set old regions. Initial: 7, optional: 0, predicted old time: 0.00ms, predicted optional time: 0.00ms, time remaining: 48.16
[2024-10-11T04:26:39.900+0800][debug][gc,ergo,cset] GC(680) Start adding old regions to collection set. Min 4 regions, max 7 regions, time remaining 48.92ms, optional threshold 9.78ms
[2024-10-11T04:26:39.900+0800][debug][gc,ergo,cset] GC(680) Finish adding old regions to collection set (Maximum number of regions). Initial 7 regions, optional 0 regions
[2024-10-11T04:26:39.900+0800][debug][gc,ergo,cset] GC(680) Finish choosing collection set old regions. Initial: 7, optional: 0, predicted old time: 0.00ms, predicted optional time: 0.00ms, time remaining: 47.88
[2024-10-11T04:26:40.004+0800][debug][gc,ergo,cset] GC(681) Start adding old regions to collection set. Min 4 regions, max 7 regions, time remaining 48.93ms, optional threshold 9.79ms
[2024-10-11T04:26:40.004+0800][debug][gc,ergo,cset] GC(681) Finish adding old regions to collection set (Maximum number of regions). Initial 7 regions, optional 0 regions
[2024-10-11T04:26:40.004+0800][debug][gc,ergo,cset] GC(681) Finish choosing collection set old regions. Initial: 7, optional: 0, predicted old time: 0.00ms, predicted optional time: 0.00ms, time remaining: 47.66
[2024-10-11T04:26:40.110+0800][debug][gc,ergo,cset] GC(682) Start adding old regions to collection set. Min 4 regions, max 7 regions, time remaining 48.93ms, optional threshold 9.79ms
[2024-10-11T04:26:40.110+0800][debug][gc,ergo,cset] GC(682) Old candidate collection set empty.
[2024-10-11T04:26:40.110+0800][debug][gc,ergo,cset] GC(682) Finish choosing collection set old regions. Initial: 1, optional: 0, predicted old time: 0.00ms, predicted optional time: 0.00ms, time remaining: 48.71
[2024-10-11T04:26:40.328+0800][debug][gc,ergo,cset] GC(685) Pruned 11 regions out of 38, leaving 6040056 bytes waste (allowed 6710886)
[2024-10-11T04:26:40.575+0800][debug][gc,ergo,cset] Preventive GC, insufficient free regions. Predicted need 5. Curr Eden 2 (Pred 3). Curr Survivor 1 (Pred 1). Curr Old 52 (Pred 1) Free 4 Alloc 1
[2024-10-11T04:26:40.575+0800][debug][gc,ergo,cset] GC(687) Start adding old regions to collection set. Min 4 regions, max 7 regions, time remaining 48.98ms, optional threshold 9.80ms
[2024-10-11T04:26:40.575+0800][debug][gc,ergo,cset] GC(687) Finish adding old regions to collection set (Maximum number of regions). Initial 7 regions, optional 0 regions
[2024-10-11T04:26:40.575+0800][debug][gc,ergo,cset] GC(687) Finish choosing collection set old regions. Initial: 7, optional: 0, predicted old time: 0.00ms, predicted optional time: 0.00ms, time remaining: 48.28
[2024-10-11T04:26:40.679+0800][debug][gc,ergo,cset] GC(688) Start adding old regions to collection set. Min 4 regions, max 7 regions, time remaining 48.96ms, optional threshold 9.79ms
[2024-10-11T04:26:40.679+0800][debug][gc,ergo,cset] GC(688) Finish adding old regions to collection set (Maximum number of regions). Initial 7 regions, optional 0 regions
[2024-10-11T04:26:40.679+0800][debug][gc,ergo,cset] GC(688) Finish choosing collection set old regions. Initial: 7, optional: 0, predicted old time: 0.00ms, predicted optional time: 0.00ms, time remaining: 47.87
[2024-10-11T04:26:40.784+0800][debug][gc,ergo,cset] GC(689) Start adding old regions to collection set. Min 4 regions, max 7 regions, time remaining 48.94ms, optional threshold 9.79ms
[2024-10-11T04:26:40.784+0800][debug][gc,ergo,cset] GC(689) Finish adding old regions to collection set (Maximum number of regions). Initial 7 regions, optional 0 regions
[2024-10-11T04:26:40.784+0800][debug][gc,ergo,cset] GC(689) Finish choosing collection set old regions. Initial: 7, optional: 0, predicted old time: 0.00ms, predicted optional time: 0.00ms, time remaining: 47.67
[2024-10-11T04:26:40.888+0800][debug][gc,ergo,cset] GC(690) Start adding old regions to collection set. Min 4 regions, max 7 regions, time remaining 48.95ms, optional threshold 9.79ms
[2024-10-11T04:26:40.888+0800][debug][gc,ergo,cset] GC(690) Old candidate collection set empty.
[2024-10-11T04:26:40.888+0800][debug][gc,ergo,cset] GC(690) Finish choosing collection set old regions. Initial: 6, optional: 0, predicted old time: 0.00ms, predicted optional time: 0.00ms, time remaining: 47.82
[2024-10-11T04:26:41.211+0800][debug][gc,ergo,cset] GC(694) Pruned 12 regions out of 40, leaving 6684048 bytes waste (allowed 6710886)
[2024-10-11T04:26:41.417+0800][debug][gc,ergo,cset] Preventive GC, insufficient free regions. Predicted need 4. Curr Eden 1 (Pred 2). Curr Survivor 1 (Pred 1). Curr Old 53 (Pred 1) Free 4 Alloc 1
[2024-10-11T04:26:41.417+0800][debug][gc,ergo,cset] GC(696) Start adding old regions to collection set. Min 4 regions, max 7 regions, time remaining 49.18ms, optional threshold 9.84ms
[2024-10-11T04:26:41.417+0800][debug][gc,ergo,cset] GC(696) Finish adding old regions to collection set (Maximum number of regions). Initial 7 regions, optional 0 regions
[2024-10-11T04:26:41.417+0800][debug][gc,ergo,cset] GC(696) Finish choosing collection set old regions. Initial: 7, optional: 0, predicted old time: 0.00ms, predicted optional time: 0.00ms, time remaining: 48.64
[2024-10-11T04:26:41.521+0800][debug][gc,ergo,cset] GC(697) Start adding old regions to collection set. Min 4 regions, max 7 regions, time remaining 48.96ms, optional threshold 9.79ms
[2024-10-11T04:26:41.521+0800][debug][gc,ergo,cset] GC(697) Finish adding old regions to collection set (Maximum number of regions). Initial 7 regions, optional 0 regions
[2024-10-11T04:26:41.521+0800][debug][gc,ergo,cset] GC(697) Finish choosing collection set old regions. Initial: 7, optional: 0, predicted old time: 0.00ms, predicted optional time: 0.00ms, time remaining: 48.05
[2024-10-11T04:26:41.625+0800][debug][gc,ergo,cset] GC(698) Start adding old regions to collection set. Min 4 regions, max 7 regions, time remaining 48.90ms, optional threshold 9.78ms
[2024-10-11T04:26:41.625+0800][debug][gc,ergo,cset] GC(698) Finish adding old regions to collection set (Maximum number of regions). Initial 7 regions, optional 0 regions
[2024-10-11T04:26:41.625+0800][debug][gc,ergo,cset] GC(698) Finish choosing collection set old regions. Initial: 7, optional: 0, predicted old time: 0.00ms, predicted optional time: 0.00ms, time remaining: 47.76
[2024-10-11T04:26:41.730+0800][debug][gc,ergo,cset] GC(699) Start adding old regions to collection set. Min 4 regions, max 7 regions, time remaining 48.92ms, optional threshold 9.78ms
[2024-10-11T04:26:41.730+0800][debug][gc,ergo,cset] GC(699) Old candidate collection set empty.
[2024-10-11T04:26:41.730+0800][debug][gc,ergo,cset] GC(699) Finish choosing collection set old regions. Initial: 7, optional: 0, predicted old time: 0.00ms, predicted optional time: 0.00ms, time remaining: 47.61
[2024-10-11T04:26:42.054+0800][debug][gc,ergo,cset] GC(703) Pruned 11 regions out of 42, leaving 6465536 bytes waste (allowed 6710886)
