[2024-10-11T04:30:09.843+0800][debug][gc,ergo,cset] GC(9) Pruned 8 regions out of 25, leaving 6070608 bytes waste (allowed 6710886)
[2024-10-11T04:30:10.337+0800][debug][gc,ergo,cset] GC(11) Start adding old regions to collection set. Min 3 regions, max 7 regions, time remaining 40.40ms, optional threshold 8.08ms
[2024-10-11T04:30:10.337+0800][debug][gc,ergo,cset] GC(11) Finish adding old regions to collection set (Maximum number of regions). Initial 7 regions, optional 0 regions
[2024-10-11T04:30:10.337+0800][debug][gc,ergo,cset] GC(11) Finish choosing collection set old regions. Initial: 7, optional: 0, predicted old time: 0.00ms, predicted optional time: 0.00ms, time remaining: 34.15
[2024-10-11T04:30:10.446+0800][debug][gc,ergo,cset] GC(12) Start adding old regions to collection set. Min 3 regions, max 7 regions, time remaining 41.64ms, optional threshold 8.33ms
[2024-10-11T04:30:10.446+0800][debug][gc,ergo,cset] GC(12) Finish adding old regions to collection set (Maximum number of regions). Initial 7 regions, optional 0 regions
[2024-10-11T04:30:10.446+0800][debug][gc,ergo,cset] GC(12) Finish choosing collection set old regions. Initial: 7, optional: 0, predicted old time: 0.00ms, predicted optional time: 0.00ms, time remaining: 34.18
[2024-10-11T04:30:10.553+0800][debug][gc,ergo,cset] GC(13) Start adding old regions to collection set. Min 3 regions, max 7 regions, time remaining 43.21ms, optional threshold 8.64ms
[2024-10-11T04:30:10.553+0800][debug][gc,ergo,cset] GC(13) Old candidate collection set empty.
[2024-10-11T04:30:10.553+0800][debug][gc,ergo,cset] GC(13) Finish choosing collection set old regions. Initial: 3, optional: 0, predicted old time: 0.00ms, predicted optional time: 0.00ms, time remaining: 38.44
[2024-10-11T04:30:10.898+0800][debug][gc,ergo,cset] GC(15) Pruned 9 regions out of 24, leaving 6306144 bytes waste (allowed 6710886)
[2024-10-11T04:30:11.276+0800][debug][gc,ergo,cset] GC(17) Start adding old regions to collection set. Min 2 regions, max 7 regions, time remaining 45.76ms, optional threshold 9.15ms
[2024-10-11T04:30:11.276+0800][debug][gc,ergo,cset] GC(17) Finish adding old regions to collection set (Maximum number of regions). Initial 7 regions, optional 0 regions
[2024-10-11T04:30:11.276+0800][debug][gc,ergo,cset] GC(17) Finish choosing collection set old regions. Initial: 7, optional: 0, predicted old time: 0.00ms, predicted optional time: 0.00ms, time remaining: 41.53
[2024-10-11T04:30:11.385+0800][debug][gc,ergo,cset] GC(18) Start adding old regions to collection set. Min 2 regions, max 7 regions, time remaining 45.83ms, optional threshold 9.17ms
[2024-10-11T04:30:11.385+0800][debug][gc,ergo,cset] GC(18) Finish adding old regions to collection set (Maximum number of regions). Initial 7 regions, optional 0 regions
[2024-10-11T04:30:11.385+0800][debug][gc,ergo,cset] GC(18) Finish choosing collection set old regions. Initial: 7, optional: 0, predicted old time: 0.00ms, predicted optional time: 0.00ms, time remaining: 39.69
[2024-10-11T04:30:11.492+0800][debug][gc,ergo,cset] GC(19) Start adding old regions to collection set. Min 2 regions, max 7 regions, time remaining 46.36ms, optional threshold 9.27ms
[2024-10-11T04:30:11.492+0800][debug][gc,ergo,cset] GC(19) Old candidate collection set empty.
[2024-10-11T04:30:11.492+0800][debug][gc,ergo,cset] GC(19) Finish choosing collection set old regions. Initial: 1, optional: 0, predicted old time: 0.00ms, predicted optional time: 0.00ms, time remaining: 45.61
[2024-10-11T04:30:11.732+0800][debug][gc,ergo,cset] GC(21) Pruned 12 regions out of 29, leaving 6416304 bytes waste (allowed 6710886)
[2024-10-11T04:30:12.046+0800][debug][gc,ergo,cset] GC(23) Start adding old regions to collection set. Min 3 regions, max 7 regions, time remaining 47.44ms, optional threshold 9.49ms
[2024-10-11T04:30:12.046+0800][debug][gc,ergo,cset] GC(23) Finish adding old regions to collection set (Maximum number of regions). Initial 7 regions, optional 0 regions
[2024-10-11T04:30:12.046+0800][debug][gc,ergo,cset] GC(23) Finish choosing collection set old regions. Initial: 7, optional: 0, predicted old time: 0.00ms, predicted optional time: 0.00ms, time remaining: 44.30
[2024-10-11T04:30:12.154+0800][debug][gc,ergo,cset] GC(24) Start adding old regions to collection set. Min 3 regions, max 7 regions, time remaining 47.48ms, optional threshold 9.50ms
[2024-10-11T04:30:12.154+0800][debug][gc,ergo,cset] GC(24) Finish adding old regions to collection set (Maximum number of regions). Initial 7 regions, optional 0 regions
[2024-10-11T04:30:12.154+0800][debug][gc,ergo,cset] GC(24) Finish choosing collection set old regions. Initial: 7, optional: 0, predicted old time: 0.00ms, predicted optional time: 0.00ms, time remaining: 43.17
[2024-10-11T04:30:12.261+0800][debug][gc,ergo,cset] GC(25) Start adding old regions to collection set. Min 3 regions, max 7 regions, time remaining 47.67ms, optional threshold 9.53ms
[2024-10-11T04:30:12.261+0800][debug][gc,ergo,cset] GC(25) Old candidate collection set empty.
[2024-10-11T04:30:12.261+0800][debug][gc,ergo,cset] GC(25) Finish choosing collection set old regions. Initial: 3, optional: 0, predicted old time: 0.00ms, predicted optional time: 0.00ms, time remaining: 46.14
[2024-10-11T04:30:12.586+0800][debug][gc,ergo,cset] GC(29) Pruned 11 regions out of 41, leaving 6379224 bytes waste (allowed 6710886)
[2024-10-11T04:30:12.837+0800][debug][gc,ergo,cset] Preventive GC, insufficient free regions. Predicted need 6. Curr Eden 2 (Pred 3). Curr Survivor 1 (Pred 1). Curr Old 50 (Pred 2) Free 6 Alloc 1
[2024-10-11T04:30:12.838+0800][debug][gc,ergo,cset] GC(31) Start adding old regions to collection set. Min 4 regions, max 7 regions, time remaining 48.42ms, optional threshold 9.68ms
[2024-10-11T04:30:12.838+0800][debug][gc,ergo,cset] GC(31) Finish adding old regions to collection set (Maximum number of regions). Initial 7 regions, optional 0 regions
[2024-10-11T04:30:12.838+0800][debug][gc,ergo,cset] GC(31) Finish choosing collection set old regions. Initial: 7, optional: 0, predicted old time: 0.00ms, predicted optional time: 0.00ms, time remaining: 46.77
[2024-10-11T04:30:12.943+0800][debug][gc,ergo,cset] GC(32) Start adding old regions to collection set. Min 4 regions, max 7 regions, time remaining 48.40ms, optional threshold 9.68ms
[2024-10-11T04:30:12.943+0800][debug][gc,ergo,cset] GC(32) Finish adding old regions to collection set (Maximum number of regions). Initial 7 regions, optional 0 regions
[2024-10-11T04:30:12.943+0800][debug][gc,ergo,cset] GC(32) Finish choosing collection set old regions. Initial: 7, optional: 0, predicted old time: 0.00ms, predicted optional time: 0.00ms, time remaining: 46.49
[2024-10-11T04:30:13.050+0800][debug][gc,ergo,cset] GC(33) Start adding old regions to collection set. Min 4 regions, max 7 regions, time remaining 48.46ms, optional threshold 9.69ms
[2024-10-11T04:30:13.050+0800][debug][gc,ergo,cset] GC(33) Finish adding old regions to collection set (Maximum number of regions). Initial 7 regions, optional 0 regions
[2024-10-11T04:30:13.050+0800][debug][gc,ergo,cset] GC(33) Finish choosing collection set old regions. Initial: 7, optional: 0, predicted old time: 0.00ms, predicted optional time: 0.00ms, time remaining: 46.37
[2024-10-11T04:30:13.156+0800][debug][gc,ergo,cset] GC(34) Start adding old regions to collection set. Min 4 regions, max 7 regions, time remaining 48.45ms, optional threshold 9.69ms
[2024-10-11T04:30:13.156+0800][debug][gc,ergo,cset] GC(34) Finish adding old regions to collection set (Maximum number of regions). Initial 7 regions, optional 0 regions
[2024-10-11T04:30:13.156+0800][debug][gc,ergo,cset] GC(34) Finish choosing collection set old regions. Initial: 7, optional: 0, predicted old time: 0.00ms, predicted optional time: 0.00ms, time remaining: 46.34
[2024-10-11T04:30:13.263+0800][debug][gc,ergo,cset] GC(35) Start adding old regions to collection set. Min 4 regions, max 7 regions, time remaining 48.52ms, optional threshold 9.70ms
[2024-10-11T04:30:13.263+0800][debug][gc,ergo,cset] GC(35) Old candidate collection set empty.
[2024-10-11T04:30:13.263+0800][debug][gc,ergo,cset] GC(35) Finish choosing collection set old regions. Initial: 2, optional: 0, predicted old time: 0.00ms, predicted optional time: 0.00ms, time remaining: 47.80
[2024-10-11T04:30:13.485+0800][debug][gc,ergo,cset] GC(38) Pruned 10 regions out of 36, leaving 6285512 bytes waste (allowed 6710886)
[2024-10-11T04:30:13.734+0800][debug][gc,ergo,cset] Preventive GC, insufficient free regions. Predicted need 5. Curr Eden 2 (Pred 3). Curr Survivor 1 (Pred 1). Curr Old 51 (Pred 1) Free 5 Alloc 1
[2024-10-11T04:30:13.735+0800][debug][gc,ergo,cset] GC(40) Start adding old regions to collection set. Min 4 regions, max 7 regions, time remaining 48.64ms, optional threshold 9.73ms
[2024-10-11T04:30:13.735+0800][debug][gc,ergo,cset] GC(40) Finish adding old regions to collection set (Maximum number of regions). Initial 7 regions, optional 0 regions
[2024-10-11T04:30:13.735+0800][debug][gc,ergo,cset] GC(40) Finish choosing collection set old regions. Initial: 7, optional: 0, predicted old time: 0.00ms, predicted optional time: 0.00ms, time remaining: 47.90
[2024-10-11T04:30:13.839+0800][debug][gc,ergo,cset] GC(41) Start adding old regions to collection set. Min 4 regions, max 7 regions, time remaining 48.60ms, optional threshold 9.72ms
[2024-10-11T04:30:13.839+0800][debug][gc,ergo,cset] GC(41) Finish adding old regions to collection set (Maximum number of regions). Initial 7 regions, optional 0 regions
[2024-10-11T04:30:13.839+0800][debug][gc,ergo,cset] GC(41) Finish choosing collection set old regions. Initial: 7, optional: 0, predicted old time: 0.00ms, predicted optional time: 0.00ms, time remaining: 47.28
[2024-10-11T04:30:13.945+0800][debug][gc,ergo,cset] GC(42) Start adding old regions to collection set. Min 4 regions, max 7 regions, time remaining 48.61ms, optional threshold 9.72ms
[2024-10-11T04:30:13.945+0800][debug][gc,ergo,cset] GC(42) Finish adding old regions to collection set (Maximum number of regions). Initial 7 regions, optional 0 regions
[2024-10-11T04:30:13.945+0800][debug][gc,ergo,cset] GC(42) Finish choosing collection set old regions. Initial: 7, optional: 0, predicted old time: 0.00ms, predicted optional time: 0.00ms, time remaining: 47.02
[2024-10-11T04:30:14.050+0800][debug][gc,ergo,cset] GC(43) Start adding old regions to collection set. Min 4 regions, max 7 regions, time remaining 48.64ms, optional threshold 9.73ms
[2024-10-11T04:30:14.050+0800][debug][gc,ergo,cset] GC(43) Old candidate collection set empty.
[2024-10-11T04:30:14.050+0800][debug][gc,ergo,cset] GC(43) Finish choosing collection set old regions. Initial: 5, optional: 0, predicted old time: 0.00ms, predicted optional time: 0.00ms, time remaining: 47.32
[2024-10-11T04:30:14.334+0800][debug][gc,ergo,cset] GC(47) Pruned 10 regions out of 41, leaving 6610592 bytes waste (allowed 6710886)
[2024-10-11T04:30:14.500+0800][debug][gc,ergo,cset] Preventive GC, insufficient free regions. Predicted need 4. Curr Eden 2 (Pred 3). Curr Survivor 1 (Pred 1). Curr Old 51 (Pred 0) Free 4 Alloc 1
[2024-10-11T04:30:14.564+0800][debug][gc,ergo,cset] Preventive GC, insufficient free regions. Predicted need 4. Curr Eden 1 (Pred 2). Curr Survivor 1 (Pred 1). Curr Old 53 (Pred 1) Free 4 Alloc 1
[2024-10-11T04:30:14.564+0800][debug][gc,ergo,cset] GC(49) Start adding old regions to collection set. Min 4 regions, max 7 regions, time remaining 49.00ms, optional threshold 9.80ms
[2024-10-11T04:30:14.564+0800][debug][gc,ergo,cset] GC(49) Finish adding old regions to collection set (Maximum number of regions). Initial 7 regions, optional 0 regions
[2024-10-11T04:30:14.564+0800][debug][gc,ergo,cset] GC(49) Finish choosing collection set old regions. Initial: 7, optional: 0, predicted old time: 0.00ms, predicted optional time: 0.00ms, time remaining: 48.20
[2024-10-11T04:30:14.669+0800][debug][gc,ergo,cset] GC(50) Start adding old regions to collection set. Min 4 regions, max 7 regions, time remaining 48.68ms, optional threshold 9.74ms
[2024-10-11T04:30:14.669+0800][debug][gc,ergo,cset] GC(50) Finish adding old regions to collection set (Maximum number of regions). Initial 7 regions, optional 0 regions
[2024-10-11T04:30:14.669+0800][debug][gc,ergo,cset] GC(50) Finish choosing collection set old regions. Initial: 7, optional: 0, predicted old time: 0.00ms, predicted optional time: 0.00ms, time remaining: 47.35
[2024-10-11T04:30:14.774+0800][debug][gc,ergo,cset] GC(51) Start adding old regions to collection set. Min 4 regions, max 7 regions, time remaining 48.61ms, optional threshold 9.72ms
[2024-10-11T04:30:14.774+0800][debug][gc,ergo,cset] GC(51) Finish adding old regions to collection set (Maximum number of regions). Initial 7 regions, optional 0 regions
[2024-10-11T04:30:14.775+0800][debug][gc,ergo,cset] GC(51) Finish choosing collection set old regions. Initial: 7, optional: 0, predicted old time: 0.00ms, predicted optional time: 0.00ms, time remaining: 47.11
[2024-10-11T04:30:14.881+0800][debug][gc,ergo,cset] GC(52) Start adding old regions to collection set. Min 4 regions, max 7 regions, time remaining 48.63ms, optional threshold 9.73ms
[2024-10-11T04:30:14.881+0800][debug][gc,ergo,cset] GC(52) Finish adding old regions to collection set (Maximum number of regions). Initial 7 regions, optional 0 regions
[2024-10-11T04:30:14.881+0800][debug][gc,ergo,cset] GC(52) Finish choosing collection set old regions. Initial: 7, optional: 0, predicted old time: 0.00ms, predicted optional time: 0.00ms, time remaining: 46.94
[2024-10-11T04:30:14.986+0800][debug][gc,ergo,cset] GC(53) Start adding old regions to collection set. Min 4 regions, max 7 regions, time remaining 48.66ms, optional threshold 9.73ms
[2024-10-11T04:30:14.986+0800][debug][gc,ergo,cset] GC(53) Old candidate collection set empty.
[2024-10-11T04:30:14.986+0800][debug][gc,ergo,cset] GC(53) Finish choosing collection set old regions. Initial: 3, optional: 0, predicted old time: 0.00ms, predicted optional time: 0.00ms, time remaining: 47.87
[2024-10-11T04:30:15.311+0800][debug][gc,ergo,cset] GC(57) Pruned 11 regions out of 43, leaving 6284808 bytes waste (allowed 6710886)
[2024-10-11T04:30:15.519+0800][debug][gc,ergo,cset] Preventive GC, insufficient free regions. Predicted need 4. Curr Eden 1 (Pred 2). Curr Survivor 1 (Pred 1). Curr Old 53 (Pred 1) Free 4 Alloc 1
[2024-10-11T04:30:15.520+0800][debug][gc,ergo,cset] GC(59) Start adding old regions to collection set. Min 4 regions, max 7 regions, time remaining 49.02ms, optional threshold 9.80ms
[2024-10-11T04:30:15.520+0800][debug][gc,ergo,cset] GC(59) Finish adding old regions to collection set (Maximum number of regions). Initial 7 regions, optional 0 regions
[2024-10-11T04:30:15.520+0800][debug][gc,ergo,cset] GC(59) Finish choosing collection set old regions. Initial: 7, optional: 0, predicted old time: 0.00ms, predicted optional time: 0.00ms, time remaining: 48.19
[2024-10-11T04:30:15.624+0800][debug][gc,ergo,cset] Preventive GC, insufficient free regions. Predicted need 7. Curr Eden 2 (Pred 3). Curr Survivor 1 (Pred 1). Curr Old 49 (Pred 3) Free 7 Alloc 1
[2024-10-11T04:30:15.624+0800][debug][gc,ergo,cset] GC(60) Start adding old regions to collection set. Min 4 regions, max 7 regions, time remaining 48.65ms, optional threshold 9.73ms
[2024-10-11T04:30:15.624+0800][debug][gc,ergo,cset] GC(60) Finish adding old regions to collection set (Maximum number of regions). Initial 7 regions, optional 0 regions
[2024-10-11T04:30:15.624+0800][debug][gc,ergo,cset] GC(60) Finish choosing collection set old regions. Initial: 7, optional: 0, predicted old time: 0.00ms, predicted optional time: 0.00ms, time remaining: 47.38
[2024-10-11T04:30:15.730+0800][debug][gc,ergo,cset] GC(61) Start adding old regions to collection set. Min 4 regions, max 7 regions, time remaining 48.59ms, optional threshold 9.72ms
[2024-10-11T04:30:15.730+0800][debug][gc,ergo,cset] GC(61) Finish adding old regions to collection set (Maximum number of regions). Initial 7 regions, optional 0 regions
[2024-10-11T04:30:15.730+0800][debug][gc,ergo,cset] GC(61) Finish choosing collection set old regions. Initial: 7, optional: 0, predicted old time: 0.00ms, predicted optional time: 0.00ms, time remaining: 47.05
[2024-10-11T04:30:15.835+0800][debug][gc,ergo,cset] GC(62) Start adding old regions to collection set. Min 4 regions, max 7 regions, time remaining 48.60ms, optional threshold 9.72ms
[2024-10-11T04:30:15.835+0800][debug][gc,ergo,cset] GC(62) Finish adding old regions to collection set (Maximum number of regions). Initial 7 regions, optional 0 regions
[2024-10-11T04:30:15.835+0800][debug][gc,ergo,cset] GC(62) Finish choosing collection set old regions. Initial: 7, optional: 0, predicted old time: 0.00ms, predicted optional time: 0.00ms, time remaining: 46.96
[2024-10-11T04:30:15.942+0800][debug][gc,ergo,cset] GC(63) Start adding old regions to collection set. Min 4 regions, max 7 regions, time remaining 48.55ms, optional threshold 9.71ms
[2024-10-11T04:30:15.942+0800][debug][gc,ergo,cset] GC(63) Old candidate collection set empty.
[2024-10-11T04:30:15.942+0800][debug][gc,ergo,cset] GC(63) Finish choosing collection set old regions. Initial: 4, optional: 0, predicted old time: 0.00ms, predicted optional time: 0.00ms, time remaining: 47.40
[2024-10-11T04:30:16.162+0800][debug][gc,ergo,cset] GC(66) Pruned 10 regions out of 39, leaving 6023616 bytes waste (allowed 6710886)
[2024-10-11T04:30:16.370+0800][debug][gc,ergo,cset] Preventive GC, insufficient free regions. Predicted need 5. Curr Eden 1 (Pred 2). Curr Survivor 1 (Pred 1). Curr Old 53 (Pred 2) Free 4 Alloc 1
[2024-10-11T04:30:16.371+0800][debug][gc,ergo,cset] GC(68) Start adding old regions to collection set. Min 4 regions, max 7 regions, time remaining 48.97ms, optional threshold 9.79ms
[2024-10-11T04:30:16.371+0800][debug][gc,ergo,cset] GC(68) Finish adding old regions to collection set (Maximum number of regions). Initial 7 regions, optional 0 regions
[2024-10-11T04:30:16.371+0800][debug][gc,ergo,cset] GC(68) Finish choosing collection set old regions. Initial: 7, optional: 0, predicted old time: 0.00ms, predicted optional time: 0.00ms, time remaining: 48.21
[2024-10-11T04:30:16.476+0800][debug][gc,ergo,cset] GC(69) Start adding old regions to collection set. Min 4 regions, max 7 regions, time remaining 48.59ms, optional threshold 9.72ms
[2024-10-11T04:30:16.476+0800][debug][gc,ergo,cset] GC(69) Finish adding old regions to collection set (Maximum number of regions). Initial 7 regions, optional 0 regions
[2024-10-11T04:30:16.476+0800][debug][gc,ergo,cset] GC(69) Finish choosing collection set old regions. Initial: 7, optional: 0, predicted old time: 0.00ms, predicted optional time: 0.00ms, time remaining: 47.26
[2024-10-11T04:30:16.582+0800][debug][gc,ergo,cset] GC(70) Start adding old regions to collection set. Min 4 regions, max 7 regions, time remaining 48.57ms, optional threshold 9.71ms
[2024-10-11T04:30:16.582+0800][debug][gc,ergo,cset] GC(70) Finish adding old regions to collection set (Maximum number of regions). Initial 7 regions, optional 0 regions
[2024-10-11T04:30:16.582+0800][debug][gc,ergo,cset] GC(70) Finish choosing collection set old regions. Initial: 7, optional: 0, predicted old time: 0.00ms, predicted optional time: 0.00ms, time remaining: 47.04
[2024-10-11T04:30:16.688+0800][debug][gc,ergo,cset] GC(71) Start adding old regions to collection set. Min 4 regions, max 7 regions, time remaining 48.59ms, optional threshold 9.72ms
[2024-10-11T04:30:16.688+0800][debug][gc,ergo,cset] GC(71) Finish adding old regions to collection set (Maximum number of regions). Initial 7 regions, optional 0 regions
[2024-10-11T04:30:16.688+0800][debug][gc,ergo,cset] GC(71) Finish choosing collection set old regions. Initial: 7, optional: 0, predicted old time: 0.00ms, predicted optional time: 0.00ms, time remaining: 46.86
[2024-10-11T04:30:16.794+0800][debug][gc,ergo,cset] GC(72) Start adding old regions to collection set. Min 4 regions, max 7 regions, time remaining 48.62ms, optional threshold 9.72ms
[2024-10-11T04:30:16.794+0800][debug][gc,ergo,cset] GC(72) Old candidate collection set empty.
[2024-10-11T04:30:16.794+0800][debug][gc,ergo,cset] GC(72) Finish choosing collection set old regions. Initial: 1, optional: 0, predicted old time: 0.00ms, predicted optional time: 0.00ms, time remaining: 48.34
[2024-10-11T04:30:17.013+0800][debug][gc,ergo,cset] GC(75) Pruned 11 regions out of 41, leaving 6312248 bytes waste (allowed 6710886)
[2024-10-11T04:30:17.222+0800][debug][gc,ergo,cset] Preventive GC, insufficient free regions. Predicted need 5. Curr Eden 1 (Pred 2). Curr Survivor 1 (Pred 1). Curr Old 52 (Pred 2) Free 5 Alloc 1
[2024-10-11T04:30:17.222+0800][debug][gc,ergo,cset] GC(77) Start adding old regions to collection set. Min 4 regions, max 7 regions, time remaining 49.01ms, optional threshold 9.80ms
[2024-10-11T04:30:17.222+0800][debug][gc,ergo,cset] GC(77) Finish adding old regions to collection set (Maximum number of regions). Initial 7 regions, optional 0 regions
[2024-10-11T04:30:17.222+0800][debug][gc,ergo,cset] GC(77) Finish choosing collection set old regions. Initial: 7, optional: 0, predicted old time: 0.00ms, predicted optional time: 0.00ms, time remaining: 48.04
[2024-10-11T04:30:17.328+0800][debug][gc,ergo,cset] GC(78) Start adding old regions to collection set. Min 4 regions, max 7 regions, time remaining 48.64ms, optional threshold 9.73ms
[2024-10-11T04:30:17.328+0800][debug][gc,ergo,cset] GC(78) Finish adding old regions to collection set (Maximum number of regions). Initial 7 regions, optional 0 regions
[2024-10-11T04:30:17.328+0800][debug][gc,ergo,cset] GC(78) Finish choosing collection set old regions. Initial: 7, optional: 0, predicted old time: 0.00ms, predicted optional time: 0.00ms, time remaining: 47.19
[2024-10-11T04:30:17.433+0800][debug][gc,ergo,cset] GC(79) Start adding old regions to collection set. Min 4 regions, max 7 regions, time remaining 48.61ms, optional threshold 9.72ms
[2024-10-11T04:30:17.433+0800][debug][gc,ergo,cset] GC(79) Finish adding old regions to collection set (Maximum number of regions). Initial 7 regions, optional 0 regions
[2024-10-11T04:30:17.433+0800][debug][gc,ergo,cset] GC(79) Finish choosing collection set old regions. Initial: 7, optional: 0, predicted old time: 0.00ms, predicted optional time: 0.00ms, time remaining: 46.95
[2024-10-11T04:30:17.539+0800][debug][gc,ergo,cset] GC(80) Start adding old regions to collection set. Min 4 regions, max 7 regions, time remaining 48.59ms, optional threshold 9.72ms
[2024-10-11T04:30:17.539+0800][debug][gc,ergo,cset] GC(80) Finish adding old regions to collection set (Maximum number of regions). Initial 7 regions, optional 0 regions
[2024-10-11T04:30:17.539+0800][debug][gc,ergo,cset] GC(80) Finish choosing collection set old regions. Initial: 7, optional: 0, predicted old time: 0.00ms, predicted optional time: 0.00ms, time remaining: 46.81
[2024-10-11T04:30:17.645+0800][debug][gc,ergo,cset] GC(81) Start adding old regions to collection set. Min 4 regions, max 7 regions, time remaining 48.61ms, optional threshold 9.72ms
[2024-10-11T04:30:17.645+0800][debug][gc,ergo,cset] GC(81) Old candidate collection set empty.
[2024-10-11T04:30:17.645+0800][debug][gc,ergo,cset] GC(81) Finish choosing collection set old regions. Initial: 2, optional: 0, predicted old time: 0.00ms, predicted optional time: 0.00ms, time remaining: 48.05
[2024-10-11T04:30:17.968+0800][debug][gc,ergo,cset] GC(85) Pruned 10 regions out of 42, leaving 6660136 bytes waste (allowed 6710886)
[2024-10-11T04:30:18.217+0800][debug][gc,ergo,cset] Preventive GC, insufficient free regions. Predicted need 5. Curr Eden 2 (Pred 3). Curr Survivor 1 (Pred 1). Curr Old 52 (Pred 1) Free 4 Alloc 1
[2024-10-11T04:30:18.218+0800][debug][gc,ergo,cset] GC(87) Start adding old regions to collection set. Min 4 regions, max 7 regions, time remaining 48.77ms, optional threshold 9.75ms
[2024-10-11T04:30:18.218+0800][debug][gc,ergo,cset] GC(87) Finish adding old regions to collection set (Maximum number of regions). Initial 7 regions, optional 0 regions
[2024-10-11T04:30:18.218+0800][debug][gc,ergo,cset] GC(87) Finish choosing collection set old regions. Initial: 7, optional: 0, predicted old time: 0.00ms, predicted optional time: 0.00ms, time remaining: 48.03
[2024-10-11T04:30:18.281+0800][debug][gc,ergo,cset] Preventive GC, insufficient free regions. Predicted need 6. Curr Eden 1 (Pred 2). Curr Survivor 1 (Pred 1). Curr Old 55 (Pred 3) Free 2 Alloc 1
[2024-10-11T04:30:18.281+0800][debug][gc,ergo,cset] GC(88) Start adding old regions to collection set. Min 4 regions, max 7 regions, time remaining 49.03ms, optional threshold 9.81ms
[2024-10-11T04:30:18.281+0800][debug][gc,ergo,cset] GC(88) Finish adding old regions to collection set (Maximum number of regions). Initial 7 regions, optional 0 regions
[2024-10-11T04:30:18.281+0800][debug][gc,ergo,cset] GC(88) Finish choosing collection set old regions. Initial: 7, optional: 0, predicted old time: 0.00ms, predicted optional time: 0.00ms, time remaining: 47.70
[2024-10-11T04:30:18.325+0800][debug][gc,ergo,cset] GC(89) Start adding old regions to collection set. Min 4 regions, max 7 regions, time remaining 48.98ms, optional threshold 9.80ms
[2024-10-11T04:30:18.325+0800][debug][gc,ergo,cset] GC(89) Finish adding old regions to collection set (Maximum number of regions). Initial 7 regions, optional 0 regions
[2024-10-11T04:30:18.325+0800][debug][gc,ergo,cset] GC(89) Finish choosing collection set old regions. Initial: 7, optional: 0, predicted old time: 0.00ms, predicted optional time: 0.00ms, time remaining: 47.52
[2024-10-11T04:30:18.816+0800][debug][gc,ergo,cset] GC(95) Pruned 11 regions out of 33, leaving 6381232 bytes waste (allowed 6710886)
[2024-10-11T04:30:19.087+0800][debug][gc,ergo,cset] GC(97) Start adding old regions to collection set. Min 3 regions, max 7 regions, time remaining 48.77ms, optional threshold 9.75ms
[2024-10-11T04:30:19.087+0800][debug][gc,ergo,cset] GC(97) Finish adding old regions to collection set (Maximum number of regions). Initial 7 regions, optional 0 regions
[2024-10-11T04:30:19.087+0800][debug][gc,ergo,cset] GC(97) Finish choosing collection set old regions. Initial: 7, optional: 0, predicted old time: 0.00ms, predicted optional time: 0.00ms, time remaining: 47.58
[2024-10-11T04:30:19.192+0800][debug][gc,ergo,cset] GC(98) Start adding old regions to collection set. Min 3 regions, max 7 regions, time remaining 48.68ms, optional threshold 9.74ms
[2024-10-11T04:30:19.192+0800][debug][gc,ergo,cset] GC(98) Finish adding old regions to collection set (Maximum number of regions). Initial 7 regions, optional 0 regions
[2024-10-11T04:30:19.192+0800][debug][gc,ergo,cset] GC(98) Finish choosing collection set old regions. Initial: 7, optional: 0, predicted old time: 0.00ms, predicted optional time: 0.00ms, time remaining: 47.00
[2024-10-11T04:30:19.298+0800][debug][gc,ergo,cset] GC(99) Start adding old regions to collection set. Min 3 regions, max 7 regions, time remaining 48.63ms, optional threshold 9.73ms
[2024-10-11T04:30:19.298+0800][debug][gc,ergo,cset] GC(99) Finish adding old regions to collection set (Maximum number of regions). Initial 7 regions, optional 0 regions
[2024-10-11T04:30:19.298+0800][debug][gc,ergo,cset] GC(99) Finish choosing collection set old regions. Initial: 7, optional: 0, predicted old time: 0.00ms, predicted optional time: 0.00ms, time remaining: 46.73
[2024-10-11T04:30:19.403+0800][debug][gc,ergo,cset] GC(100) Start adding old regions to collection set. Min 3 regions, max 7 regions, time remaining 48.61ms, optional threshold 9.72ms
[2024-10-11T04:30:19.403+0800][debug][gc,ergo,cset] GC(100) Old candidate collection set empty.
[2024-10-11T04:30:19.404+0800][debug][gc,ergo,cset] GC(100) Finish choosing collection set old regions. Initial: 1, optional: 0, predicted old time: 0.00ms, predicted optional time: 0.00ms, time remaining: 48.29
[2024-10-11T04:30:19.727+0800][debug][gc,ergo,cset] GC(104) Pruned 11 regions out of 41, leaving 5778624 bytes waste (allowed 6710886)
[2024-10-11T04:30:19.935+0800][debug][gc,ergo,cset] Preventive GC, insufficient free regions. Predicted need 4. Curr Eden 1 (Pred 2). Curr Survivor 1 (Pred 1). Curr Old 53 (Pred 1) Free 4 Alloc 1
[2024-10-11T04:30:19.935+0800][debug][gc,ergo,cset] GC(106) Start adding old regions to collection set. Min 4 regions, max 7 regions, time remaining 48.99ms, optional threshold 9.80ms
[2024-10-11T04:30:19.935+0800][debug][gc,ergo,cset] GC(106) Finish adding old regions to collection set (Maximum number of regions). Initial 7 regions, optional 0 regions
[2024-10-11T04:30:19.935+0800][debug][gc,ergo,cset] GC(106) Finish choosing collection set old regions. Initial: 7, optional: 0, predicted old time: 0.00ms, predicted optional time: 0.00ms, time remaining: 48.08
[2024-10-11T04:30:20.040+0800][debug][gc,ergo,cset] GC(107) Start adding old regions to collection set. Min 4 regions, max 7 regions, time remaining 48.68ms, optional threshold 9.74ms
[2024-10-11T04:30:20.040+0800][debug][gc,ergo,cset] GC(107) Finish adding old regions to collection set (Maximum number of regions). Initial 7 regions, optional 0 regions
[2024-10-11T04:30:20.040+0800][debug][gc,ergo,cset] GC(107) Finish choosing collection set old regions. Initial: 7, optional: 0, predicted old time: 0.00ms, predicted optional time: 0.00ms, time remaining: 47.34
[2024-10-11T04:30:20.146+0800][debug][gc,ergo,cset] GC(108) Start adding old regions to collection set. Min 4 regions, max 7 regions, time remaining 48.61ms, optional threshold 9.72ms
[2024-10-11T04:30:20.146+0800][debug][gc,ergo,cset] GC(108) Finish adding old regions to collection set (Maximum number of regions). Initial 7 regions, optional 0 regions
[2024-10-11T04:30:20.146+0800][debug][gc,ergo,cset] GC(108) Finish choosing collection set old regions. Initial: 7, optional: 0, predicted old time: 0.00ms, predicted optional time: 0.00ms, time remaining: 47.00
[2024-10-11T04:30:20.252+0800][debug][gc,ergo,cset] GC(109) Start adding old regions to collection set. Min 4 regions, max 7 regions, time remaining 48.59ms, optional threshold 9.72ms
[2024-10-11T04:30:20.252+0800][debug][gc,ergo,cset] GC(109) Finish adding old regions to collection set (Maximum number of regions). Initial 7 regions, optional 0 regions
[2024-10-11T04:30:20.252+0800][debug][gc,ergo,cset] GC(109) Finish choosing collection set old regions. Initial: 7, optional: 0, predicted old time: 0.00ms, predicted optional time: 0.00ms, time remaining: 46.86
[2024-10-11T04:30:20.357+0800][debug][gc,ergo,cset] GC(110) Start adding old regions to collection set. Min 4 regions, max 7 regions, time remaining 48.62ms, optional threshold 9.72ms
[2024-10-11T04:30:20.357+0800][debug][gc,ergo,cset] GC(110) Old candidate collection set empty.
[2024-10-11T04:30:20.357+0800][debug][gc,ergo,cset] GC(110) Finish choosing collection set old regions. Initial: 2, optional: 0, predicted old time: 0.00ms, predicted optional time: 0.00ms, time remaining: 48.07
[2024-10-11T04:30:20.682+0800][debug][gc,ergo,cset] GC(114) Pruned 11 regions out of 42, leaving 6507816 bytes waste (allowed 6710886)
[2024-10-11T04:30:20.827+0800][debug][gc,ergo,cset] Preventive GC, insufficient free regions. Predicted need 4. Curr Eden 2 (Pred 3). Curr Survivor 1 (Pred 1). Curr Old 52 (Pred 0) Free 4 Alloc 1
[2024-10-11T04:30:20.891+0800][debug][gc,ergo,cset] Preventive GC, insufficient free regions. Predicted need 5. Curr Eden 1 (Pred 2). Curr Survivor 1 (Pred 1). Curr Old 54 (Pred 2) Free 3 Alloc 1
[2024-10-11T04:30:20.891+0800][debug][gc,ergo,cset] GC(116) Start adding old regions to collection set. Min 4 regions, max 7 regions, time remaining 49.02ms, optional threshold 9.80ms
[2024-10-11T04:30:20.891+0800][debug][gc,ergo,cset] GC(116) Finish adding old regions to collection set (Maximum number of regions). Initial 7 regions, optional 0 regions
[2024-10-11T04:30:20.891+0800][debug][gc,ergo,cset] GC(116) Finish choosing collection set old regions. Initial: 7, optional: 0, predicted old time: 0.00ms, predicted optional time: 0.00ms, time remaining: 48.18
[2024-10-11T04:30:20.934+0800][debug][gc,ergo,cset] Preventive GC, insufficient free regions. Predicted need 5. Curr Eden 1 (Pred 2). Curr Survivor 1 (Pred 1). Curr Old 55 (Pred 2) Free 2 Alloc 1
[2024-10-11T04:30:20.934+0800][debug][gc,ergo,cset] GC(117) Start adding old regions to collection set. Min 4 regions, max 7 regions, time remaining 48.99ms, optional threshold 9.80ms
[2024-10-11T04:30:20.934+0800][debug][gc,ergo,cset] GC(117) Finish adding old regions to collection set (Maximum number of regions). Initial 7 regions, optional 0 regions
[2024-10-11T04:30:20.934+0800][debug][gc,ergo,cset] GC(117) Finish choosing collection set old regions. Initial: 7, optional: 0, predicted old time: 0.00ms, predicted optional time: 0.00ms, time remaining: 47.87
[2024-10-11T04:30:20.998+0800][debug][gc,ergo,cset] GC(118) Start adding old regions to collection set. Min 4 regions, max 7 regions, time remaining 48.93ms, optional threshold 9.79ms
[2024-10-11T04:30:20.998+0800][debug][gc,ergo,cset] GC(118) Finish adding old regions to collection set (Maximum number of regions). Initial 7 regions, optional 0 regions
[2024-10-11T04:30:20.998+0800][debug][gc,ergo,cset] GC(118) Finish choosing collection set old regions. Initial: 7, optional: 0, predicted old time: 0.00ms, predicted optional time: 0.00ms, time remaining: 47.54
[2024-10-11T04:30:21.547+0800][debug][gc,ergo,cset] GC(124) Pruned 12 regions out of 34, leaving 6513464 bytes waste (allowed 6710886)
[2024-10-11T04:30:21.797+0800][debug][gc,ergo,cset] GC(126) Start adding old regions to collection set. Min 3 regions, max 7 regions, time remaining 48.81ms, optional threshold 9.76ms
[2024-10-11T04:30:21.797+0800][debug][gc,ergo,cset] GC(126) Finish adding old regions to collection set (Maximum number of regions). Initial 7 regions, optional 0 regions
[2024-10-11T04:30:21.797+0800][debug][gc,ergo,cset] GC(126) Finish choosing collection set old regions. Initial: 7, optional: 0, predicted old time: 0.00ms, predicted optional time: 0.00ms, time remaining: 47.99
[2024-10-11T04:30:21.902+0800][debug][gc,ergo,cset] GC(127) Start adding old regions to collection set. Min 3 regions, max 7 regions, time remaining 48.75ms, optional threshold 9.75ms
[2024-10-11T04:30:21.902+0800][debug][gc,ergo,cset] GC(127) Finish adding old regions to collection set (Maximum number of regions). Initial 7 regions, optional 0 regions
[2024-10-11T04:30:21.902+0800][debug][gc,ergo,cset] GC(127) Finish choosing collection set old regions. Initial: 7, optional: 0, predicted old time: 0.00ms, predicted optional time: 0.00ms, time remaining: 47.37
[2024-10-11T04:30:22.008+0800][debug][gc,ergo,cset] GC(128) Start adding old regions to collection set. Min 3 regions, max 7 regions, time remaining 48.69ms, optional threshold 9.74ms
[2024-10-11T04:30:22.008+0800][debug][gc,ergo,cset] GC(128) Finish adding old regions to collection set (Maximum number of regions). Initial 7 regions, optional 0 regions
[2024-10-11T04:30:22.008+0800][debug][gc,ergo,cset] GC(128) Finish choosing collection set old regions. Initial: 7, optional: 0, predicted old time: 0.00ms, predicted optional time: 0.00ms, time remaining: 46.97
[2024-10-11T04:30:22.113+0800][debug][gc,ergo,cset] GC(129) Start adding old regions to collection set. Min 3 regions, max 7 regions, time remaining 48.67ms, optional threshold 9.73ms
[2024-10-11T04:30:22.113+0800][debug][gc,ergo,cset] GC(129) Old candidate collection set empty.
[2024-10-11T04:30:22.113+0800][debug][gc,ergo,cset] GC(129) Finish choosing collection set old regions. Initial: 1, optional: 0, predicted old time: 0.00ms, predicted optional time: 0.00ms, time remaining: 48.40
[2024-10-11T04:30:22.437+0800][debug][gc,ergo,cset] GC(133) Pruned 9 regions out of 43, leaving 5498808 bytes waste (allowed 6710886)
[2024-10-11T04:30:22.581+0800][debug][gc,ergo,cset] Preventive GC, insufficient free regions. Predicted need 4. Curr Eden 2 (Pred 3). Curr Survivor 1 (Pred 1). Curr Old 52 (Pred 0) Free 4 Alloc 1
[2024-10-11T04:30:22.644+0800][debug][gc,ergo,cset] Preventive GC, insufficient free regions. Predicted need 5. Curr Eden 1 (Pred 2). Curr Survivor 1 (Pred 1). Curr Old 54 (Pred 2) Free 3 Alloc 1
[2024-10-11T04:30:22.645+0800][debug][gc,ergo,cset] GC(135) Start adding old regions to collection set. Min 5 regions, max 7 regions, time remaining 49.00ms, optional threshold 9.80ms
[2024-10-11T04:30:22.645+0800][debug][gc,ergo,cset] GC(135) Finish adding old regions to collection set (Maximum number of regions). Initial 7 regions, optional 0 regions
[2024-10-11T04:30:22.645+0800][debug][gc,ergo,cset] GC(135) Finish choosing collection set old regions. Initial: 7, optional: 0, predicted old time: 0.00ms, predicted optional time: 0.00ms, time remaining: 48.02
[2024-10-11T04:30:22.688+0800][debug][gc,ergo,cset] Preventive GC, insufficient free regions. Predicted need 6. Curr Eden 1 (Pred 2). Curr Survivor 1 (Pred 1). Curr Old 54 (Pred 3) Free 3 Alloc 1
[2024-10-11T04:30:22.688+0800][debug][gc,ergo,cset] GC(136) Start adding old regions to collection set. Min 5 regions, max 7 regions, time remaining 48.99ms, optional threshold 9.80ms
[2024-10-11T04:30:22.688+0800][debug][gc,ergo,cset] GC(136) Finish adding old regions to collection set (Maximum number of regions). Initial 7 regions, optional 0 regions
[2024-10-11T04:30:22.688+0800][debug][gc,ergo,cset] GC(136) Finish choosing collection set old regions. Initial: 7, optional: 0, predicted old time: 0.00ms, predicted optional time: 0.00ms, time remaining: 47.56
[2024-10-11T04:30:22.752+0800][debug][gc,ergo,cset] GC(137) Start adding old regions to collection set. Min 5 regions, max 7 regions, time remaining 48.88ms, optional threshold 9.78ms
[2024-10-11T04:30:22.752+0800][debug][gc,ergo,cset] GC(137) Finish adding old regions to collection set (Maximum number of regions). Initial 7 regions, optional 0 regions
[2024-10-11T04:30:22.752+0800][debug][gc,ergo,cset] GC(137) Finish choosing collection set old regions. Initial: 7, optional: 0, predicted old time: 0.00ms, predicted optional time: 0.00ms, time remaining: 47.13
[2024-10-11T04:30:23.303+0800][debug][gc,ergo,cset] GC(144) Pruned 13 regions out of 35, leaving 6329088 bytes waste (allowed 6710886)
[2024-10-11T04:30:23.574+0800][debug][gc,ergo,cset] GC(146) Start adding old regions to collection set. Min 3 regions, max 7 regions, time remaining 48.85ms, optional threshold 9.77ms
[2024-10-11T04:30:23.574+0800][debug][gc,ergo,cset] GC(146) Finish adding old regions to collection set (Maximum number of regions). Initial 7 regions, optional 0 regions
[2024-10-11T04:30:23.574+0800][debug][gc,ergo,cset] GC(146) Finish choosing collection set old regions. Initial: 7, optional: 0, predicted old time: 0.00ms, predicted optional time: 0.00ms, time remaining: 47.94
[2024-10-11T04:30:23.678+0800][debug][gc,ergo,cset] GC(147) Start adding old regions to collection set. Min 3 regions, max 7 regions, time remaining 48.81ms, optional threshold 9.76ms
[2024-10-11T04:30:23.678+0800][debug][gc,ergo,cset] GC(147) Finish adding old regions to collection set (Maximum number of regions). Initial 7 regions, optional 0 regions
[2024-10-11T04:30:23.678+0800][debug][gc,ergo,cset] GC(147) Finish choosing collection set old regions. Initial: 7, optional: 0, predicted old time: 0.00ms, predicted optional time: 0.00ms, time remaining: 47.23
[2024-10-11T04:30:23.784+0800][debug][gc,ergo,cset] GC(148) Start adding old regions to collection set. Min 3 regions, max 7 regions, time remaining 48.67ms, optional threshold 9.73ms
[2024-10-11T04:30:23.784+0800][debug][gc,ergo,cset] GC(148) Finish adding old regions to collection set (Maximum number of regions). Initial 7 regions, optional 0 regions
[2024-10-11T04:30:23.784+0800][debug][gc,ergo,cset] GC(148) Finish choosing collection set old regions. Initial: 7, optional: 0, predicted old time: 0.00ms, predicted optional time: 0.00ms, time remaining: 46.51
[2024-10-11T04:30:23.889+0800][debug][gc,ergo,cset] GC(149) Start adding old regions to collection set. Min 3 regions, max 7 regions, time remaining 48.70ms, optional threshold 9.74ms
[2024-10-11T04:30:23.889+0800][debug][gc,ergo,cset] GC(149) Old candidate collection set empty.
[2024-10-11T04:30:23.889+0800][debug][gc,ergo,cset] GC(149) Finish choosing collection set old regions. Initial: 1, optional: 0, predicted old time: 0.00ms, predicted optional time: 0.00ms, time remaining: 48.43
[2024-10-11T04:30:24.213+0800][debug][gc,ergo,cset] GC(153) Pruned 9 regions out of 39, leaving 5713976 bytes waste (allowed 6710886)
[2024-10-11T04:30:24.357+0800][debug][gc,ergo,cset] Preventive GC, insufficient free regions. Predicted need 4. Curr Eden 2 (Pred 3). Curr Survivor 1 (Pred 1). Curr Old 52 (Pred 0) Free 4 Alloc 1
[2024-10-11T04:30:24.420+0800][debug][gc,ergo,cset] Preventive GC, insufficient free regions. Predicted need 4. Curr Eden 1 (Pred 2). Curr Survivor 1 (Pred 1). Curr Old 54 (Pred 1) Free 3 Alloc 1
[2024-10-11T04:30:24.421+0800][debug][gc,ergo,cset] GC(155) Start adding old regions to collection set. Min 4 regions, max 7 regions, time remaining 49.01ms, optional threshold 9.80ms
[2024-10-11T04:30:24.421+0800][debug][gc,ergo,cset] GC(155) Finish adding old regions to collection set (Maximum number of regions). Initial 7 regions, optional 0 regions
[2024-10-11T04:30:24.421+0800][debug][gc,ergo,cset] GC(155) Finish choosing collection set old regions. Initial: 7, optional: 0, predicted old time: 0.00ms, predicted optional time: 0.00ms, time remaining: 48.00
[2024-10-11T04:30:24.465+0800][debug][gc,ergo,cset] Preventive GC, insufficient free regions. Predicted need 5. Curr Eden 1 (Pred 2). Curr Survivor 1 (Pred 1). Curr Old 56 (Pred 2) Free 1 Alloc 1
[2024-10-11T04:30:24.465+0800][debug][gc,ergo,cset] GC(156) Start adding old regions to collection set. Min 4 regions, max 7 regions, time remaining 48.93ms, optional threshold 9.79ms
[2024-10-11T04:30:24.465+0800][debug][gc,ergo,cset] GC(156) Finish adding old regions to collection set (Maximum number of regions). Initial 7 regions, optional 0 regions
[2024-10-11T04:30:24.465+0800][debug][gc,ergo,cset] GC(156) Finish choosing collection set old regions. Initial: 7, optional: 0, predicted old time: 0.00ms, predicted optional time: 0.00ms, time remaining: 47.60
[2024-10-11T04:30:24.528+0800][debug][gc,ergo,cset] GC(157) Start adding old regions to collection set. Min 4 regions, max 7 regions, time remaining 48.85ms, optional threshold 9.77ms
[2024-10-11T04:30:24.528+0800][debug][gc,ergo,cset] GC(157) Finish adding old regions to collection set (Maximum number of regions). Initial 7 regions, optional 0 regions
[2024-10-11T04:30:24.528+0800][debug][gc,ergo,cset] GC(157) Finish choosing collection set old regions. Initial: 7, optional: 0, predicted old time: 0.00ms, predicted optional time: 0.00ms, time remaining: 47.29
[2024-10-11T04:30:25.182+0800][debug][gc,ergo,cset] GC(164) Pruned 10 regions out of 37, leaving 6681512 bytes waste (allowed 6710886)
[2024-10-11T04:30:25.430+0800][debug][gc,ergo,cset] Preventive GC, insufficient free regions. Predicted need 6. Curr Eden 2 (Pred 3). Curr Survivor 1 (Pred 1). Curr Old 51 (Pred 2) Free 5 Alloc 1
[2024-10-11T04:30:25.431+0800][debug][gc,ergo,cset] GC(166) Start adding old regions to collection set. Min 4 regions, max 7 regions, time remaining 48.71ms, optional threshold 9.74ms
[2024-10-11T04:30:25.431+0800][debug][gc,ergo,cset] GC(166) Finish adding old regions to collection set (Maximum number of regions). Initial 7 regions, optional 0 regions
[2024-10-11T04:30:25.431+0800][debug][gc,ergo,cset] GC(166) Finish choosing collection set old regions. Initial: 7, optional: 0, predicted old time: 0.00ms, predicted optional time: 0.00ms, time remaining: 47.46
[2024-10-11T04:30:25.535+0800][debug][gc,ergo,cset] GC(167) Start adding old regions to collection set. Min 4 regions, max 7 regions, time remaining 48.68ms, optional threshold 9.74ms
[2024-10-11T04:30:25.535+0800][debug][gc,ergo,cset] GC(167) Finish adding old regions to collection set (Maximum number of regions). Initial 7 regions, optional 0 regions
[2024-10-11T04:30:25.535+0800][debug][gc,ergo,cset] GC(167) Finish choosing collection set old regions. Initial: 7, optional: 0, predicted old time: 0.00ms, predicted optional time: 0.00ms, time remaining: 47.15
[2024-10-11T04:30:25.641+0800][debug][gc,ergo,cset] Preventive GC, insufficient free regions. Predicted need 7. Curr Eden 2 (Pred 3). Curr Survivor 1 (Pred 1). Curr Old 48 (Pred 3) Free 7 Alloc 1
[2024-10-11T04:30:25.641+0800][debug][gc,ergo,cset] GC(168) Start adding old regions to collection set. Min 4 regions, max 7 regions, time remaining 48.62ms, optional threshold 9.72ms
[2024-10-11T04:30:25.642+0800][debug][gc,ergo,cset] GC(168) Finish adding old regions to collection set (Maximum number of regions). Initial 7 regions, optional 0 regions
[2024-10-11T04:30:25.642+0800][debug][gc,ergo,cset] GC(168) Finish choosing collection set old regions. Initial: 7, optional: 0, predicted old time: 0.00ms, predicted optional time: 0.00ms, time remaining: 46.82
[2024-10-11T04:30:25.747+0800][debug][gc,ergo,cset] Preventive GC, insufficient free regions. Predicted need 7. Curr Eden 2 (Pred 3). Curr Survivor 1 (Pred 1). Curr Old 49 (Pred 3) Free 7 Alloc 1
[2024-10-11T04:30:25.747+0800][debug][gc,ergo,cset] GC(169) Start adding old regions to collection set. Min 4 regions, max 7 regions, time remaining 48.64ms, optional threshold 9.73ms
[2024-10-11T04:30:25.747+0800][debug][gc,ergo,cset] GC(169) Old candidate collection set empty.
[2024-10-11T04:30:25.747+0800][debug][gc,ergo,cset] GC(169) Finish choosing collection set old regions. Initial: 6, optional: 0, predicted old time: 0.00ms, predicted optional time: 0.00ms, time remaining: 46.94
[2024-10-11T04:30:25.968+0800][debug][gc,ergo,cset] GC(172) Pruned 12 regions out of 40, leaving 6490240 bytes waste (allowed 6710886)
[2024-10-11T04:30:26.112+0800][debug][gc,ergo,cset] Preventive GC, insufficient free regions. Predicted need 4. Curr Eden 2 (Pred 3). Curr Survivor 1 (Pred 1). Curr Old 52 (Pred 0) Free 4 Alloc 1
[2024-10-11T04:30:26.175+0800][debug][gc,ergo,cset] Preventive GC, insufficient free regions. Predicted need 4. Curr Eden 1 (Pred 2). Curr Survivor 1 (Pred 1). Curr Old 54 (Pred 1) Free 3 Alloc 1
[2024-10-11T04:30:26.176+0800][debug][gc,ergo,cset] GC(174) Start adding old regions to collection set. Min 4 regions, max 7 regions, time remaining 48.97ms, optional threshold 9.79ms
[2024-10-11T04:30:26.176+0800][debug][gc,ergo,cset] GC(174) Finish adding old regions to collection set (Maximum number of regions). Initial 7 regions, optional 0 regions
[2024-10-11T04:30:26.176+0800][debug][gc,ergo,cset] GC(174) Finish choosing collection set old regions. Initial: 7, optional: 0, predicted old time: 0.00ms, predicted optional time: 0.00ms, time remaining: 48.26
[2024-10-11T04:30:26.281+0800][debug][gc,ergo,cset] GC(175) Start adding old regions to collection set. Min 4 regions, max 7 regions, time remaining 48.67ms, optional threshold 9.73ms
[2024-10-11T04:30:26.281+0800][debug][gc,ergo,cset] GC(175) Finish adding old regions to collection set (Maximum number of regions). Initial 7 regions, optional 0 regions
[2024-10-11T04:30:26.281+0800][debug][gc,ergo,cset] GC(175) Finish choosing collection set old regions. Initial: 7, optional: 0, predicted old time: 0.00ms, predicted optional time: 0.00ms, time remaining: 47.48
[2024-10-11T04:30:26.386+0800][debug][gc,ergo,cset] GC(176) Start adding old regions to collection set. Min 4 regions, max 7 regions, time remaining 48.64ms, optional threshold 9.73ms
[2024-10-11T04:30:26.386+0800][debug][gc,ergo,cset] GC(176) Finish adding old regions to collection set (Maximum number of regions). Initial 7 regions, optional 0 regions
[2024-10-11T04:30:26.386+0800][debug][gc,ergo,cset] GC(176) Finish choosing collection set old regions. Initial: 7, optional: 0, predicted old time: 0.00ms, predicted optional time: 0.00ms, time remaining: 47.08
[2024-10-11T04:30:26.491+0800][debug][gc,ergo,cset] GC(177) Start adding old regions to collection set. Min 4 regions, max 7 regions, time remaining 48.62ms, optional threshold 9.72ms
[2024-10-11T04:30:26.491+0800][debug][gc,ergo,cset] GC(177) Old candidate collection set empty.
[2024-10-11T04:30:26.491+0800][debug][gc,ergo,cset] GC(177) Finish choosing collection set old regions. Initial: 7, optional: 0, predicted old time: 0.00ms, predicted optional time: 0.00ms, time remaining: 46.79
[2024-10-11T04:30:26.816+0800][debug][gc,ergo,cset] GC(181) Pruned 10 regions out of 43, leaving 6221800 bytes waste (allowed 6710886)
[2024-10-11T04:30:26.961+0800][debug][gc,ergo,cset] Preventive GC, insufficient free regions. Predicted need 4. Curr Eden 2 (Pred 3). Curr Survivor 1 (Pred 1). Curr Old 52 (Pred 0) Free 4 Alloc 1
[2024-10-11T04:30:27.024+0800][debug][gc,ergo,cset] Preventive GC, insufficient free regions. Predicted need 6. Curr Eden 1 (Pred 2). Curr Survivor 1 (Pred 1). Curr Old 54 (Pred 3) Free 3 Alloc 1
[2024-10-11T04:30:27.024+0800][debug][gc,ergo,cset] GC(183) Start adding old regions to collection set. Min 5 regions, max 7 regions, time remaining 49.01ms, optional threshold 9.80ms
[2024-10-11T04:30:27.024+0800][debug][gc,ergo,cset] GC(183) Finish adding old regions to collection set (Maximum number of regions). Initial 7 regions, optional 0 regions
[2024-10-11T04:30:27.024+0800][debug][gc,ergo,cset] GC(183) Finish choosing collection set old regions. Initial: 7, optional: 0, predicted old time: 0.00ms, predicted optional time: 0.00ms, time remaining: 48.04
[2024-10-11T04:30:27.067+0800][debug][gc,ergo,cset] Preventive GC, insufficient free regions. Predicted need 6. Curr Eden 1 (Pred 2). Curr Survivor 1 (Pred 1). Curr Old 54 (Pred 3) Free 3 Alloc 1
[2024-10-11T04:30:27.067+0800][debug][gc,ergo,cset] GC(184) Start adding old regions to collection set. Min 5 regions, max 7 regions, time remaining 48.99ms, optional threshold 9.80ms
[2024-10-11T04:30:27.067+0800][debug][gc,ergo,cset] GC(184) Finish adding old regions to collection set (Maximum number of regions). Initial 7 regions, optional 0 regions
[2024-10-11T04:30:27.067+0800][debug][gc,ergo,cset] GC(184) Finish choosing collection set old regions. Initial: 7, optional: 0, predicted old time: 0.00ms, predicted optional time: 0.00ms, time remaining: 47.65
[2024-10-11T04:30:27.131+0800][debug][gc,ergo,cset] GC(185) Start adding old regions to collection set. Min 5 regions, max 7 regions, time remaining 48.85ms, optional threshold 9.77ms
[2024-10-11T04:30:27.131+0800][debug][gc,ergo,cset] GC(185) Finish adding old regions to collection set (Maximum number of regions). Initial 7 regions, optional 0 regions
[2024-10-11T04:30:27.131+0800][debug][gc,ergo,cset] GC(185) Finish choosing collection set old regions. Initial: 7, optional: 0, predicted old time: 0.00ms, predicted optional time: 0.00ms, time remaining: 47.31
[2024-10-11T04:30:27.786+0800][debug][gc,ergo,cset] GC(192) Pruned 10 regions out of 35, leaving 6428768 bytes waste (allowed 6710886)
[2024-10-11T04:30:28.035+0800][debug][gc,ergo,cset] Preventive GC, insufficient free regions. Predicted need 6. Curr Eden 2 (Pred 3). Curr Survivor 1 (Pred 1). Curr Old 51 (Pred 2) Free 5 Alloc 1
[2024-10-11T04:30:28.035+0800][debug][gc,ergo,cset] GC(194) Start adding old regions to collection set. Min 4 regions, max 7 regions, time remaining 48.77ms, optional threshold 9.75ms
[2024-10-11T04:30:28.035+0800][debug][gc,ergo,cset] GC(194) Finish adding old regions to collection set (Maximum number of regions). Initial 7 regions, optional 0 regions
[2024-10-11T04:30:28.035+0800][debug][gc,ergo,cset] GC(194) Finish choosing collection set old regions. Initial: 7, optional: 0, predicted old time: 0.00ms, predicted optional time: 0.00ms, time remaining: 47.99
[2024-10-11T04:30:28.140+0800][debug][gc,ergo,cset] GC(195) Start adding old regions to collection set. Min 4 regions, max 7 regions, time remaining 48.76ms, optional threshold 9.75ms
[2024-10-11T04:30:28.140+0800][debug][gc,ergo,cset] GC(195) Finish adding old regions to collection set (Maximum number of regions). Initial 7 regions, optional 0 regions
[2024-10-11T04:30:28.140+0800][debug][gc,ergo,cset] GC(195) Finish choosing collection set old regions. Initial: 7, optional: 0, predicted old time: 0.00ms, predicted optional time: 0.00ms, time remaining: 47.62
[2024-10-11T04:30:28.245+0800][debug][gc,ergo,cset] GC(196) Start adding old regions to collection set. Min 4 regions, max 7 regions, time remaining 48.73ms, optional threshold 9.75ms
[2024-10-11T04:30:28.245+0800][debug][gc,ergo,cset] GC(196) Finish adding old regions to collection set (Maximum number of regions). Initial 7 regions, optional 0 regions
[2024-10-11T04:30:28.245+0800][debug][gc,ergo,cset] GC(196) Finish choosing collection set old regions. Initial: 7, optional: 0, predicted old time: 0.00ms, predicted optional time: 0.00ms, time remaining: 47.27
[2024-10-11T04:30:28.351+0800][debug][gc,ergo,cset] GC(197) Start adding old regions to collection set. Min 4 regions, max 7 regions, time remaining 48.70ms, optional threshold 9.74ms
[2024-10-11T04:30:28.351+0800][debug][gc,ergo,cset] GC(197) Old candidate collection set empty.
[2024-10-11T04:30:28.351+0800][debug][gc,ergo,cset] GC(197) Finish choosing collection set old regions. Initial: 4, optional: 0, predicted old time: 0.00ms, predicted optional time: 0.00ms, time remaining: 47.78
[2024-10-11T04:30:28.571+0800][debug][gc,ergo,cset] GC(200) Pruned 9 regions out of 38, leaving 6392136 bytes waste (allowed 6710886)
[2024-10-11T04:30:28.715+0800][debug][gc,ergo,cset] Preventive GC, insufficient free regions. Predicted need 4. Curr Eden 2 (Pred 3). Curr Survivor 1 (Pred 1). Curr Old 52 (Pred 0) Free 4 Alloc 1
[2024-10-11T04:30:28.779+0800][debug][gc,ergo,cset] Preventive GC, insufficient free regions. Predicted need 5. Curr Eden 1 (Pred 2). Curr Survivor 1 (Pred 1). Curr Old 54 (Pred 2) Free 3 Alloc 1
[2024-10-11T04:30:28.779+0800][debug][gc,ergo,cset] GC(202) Start adding old regions to collection set. Min 4 regions, max 7 regions, time remaining 48.98ms, optional threshold 9.80ms
[2024-10-11T04:30:28.779+0800][debug][gc,ergo,cset] GC(202) Finish adding old regions to collection set (Maximum number of regions). Initial 7 regions, optional 0 regions
[2024-10-11T04:30:28.779+0800][debug][gc,ergo,cset] GC(202) Finish choosing collection set old regions. Initial: 7, optional: 0, predicted old time: 0.00ms, predicted optional time: 0.00ms, time remaining: 48.20
[2024-10-11T04:30:28.822+0800][debug][gc,ergo,cset] Preventive GC, insufficient free regions. Predicted need 5. Curr Eden 1 (Pred 2). Curr Survivor 1 (Pred 1). Curr Old 54 (Pred 2) Free 3 Alloc 1
[2024-10-11T04:30:28.823+0800][debug][gc,ergo,cset] GC(203) Start adding old regions to collection set. Min 4 regions, max 7 regions, time remaining 48.92ms, optional threshold 9.78ms
[2024-10-11T04:30:28.823+0800][debug][gc,ergo,cset] GC(203) Finish adding old regions to collection set (Maximum number of regions). Initial 7 regions, optional 0 regions
[2024-10-11T04:30:28.823+0800][debug][gc,ergo,cset] GC(203) Finish choosing collection set old regions. Initial: 7, optional: 0, predicted old time: 0.00ms, predicted optional time: 0.00ms, time remaining: 47.78
[2024-10-11T04:30:28.886+0800][debug][gc,ergo,cset] Preventive GC, insufficient free regions. Predicted need 6. Curr Eden 1 (Pred 2). Curr Survivor 1 (Pred 1). Curr Old 54 (Pred 3) Free 3 Alloc 1
[2024-10-11T04:30:28.887+0800][debug][gc,ergo,cset] GC(204) Start adding old regions to collection set. Min 4 regions, max 7 regions, time remaining 48.89ms, optional threshold 9.78ms
[2024-10-11T04:30:28.887+0800][debug][gc,ergo,cset] GC(204) Finish adding old regions to collection set (Maximum number of regions). Initial 7 regions, optional 0 regions
[2024-10-11T04:30:28.887+0800][debug][gc,ergo,cset] GC(204) Finish choosing collection set old regions. Initial: 7, optional: 0, predicted old time: 0.00ms, predicted optional time: 0.00ms, time remaining: 47.38
[2024-10-11T04:30:28.930+0800][debug][gc,ergo,cset] Preventive GC, insufficient free regions. Predicted need 6. Curr Eden 1 (Pred 2). Curr Survivor 1 (Pred 1). Curr Old 56 (Pred 3) Free 1 Alloc 1
[2024-10-11T04:30:28.930+0800][debug][gc,ergo,cset] GC(205) Start adding old regions to collection set. Min 4 regions, max 7 regions, time remaining 48.83ms, optional threshold 9.77ms
[2024-10-11T04:30:28.930+0800][debug][gc,ergo,cset] GC(205) Finish adding old regions to collection set (Maximum number of regions). Initial 7 regions, optional 0 regions
[2024-10-11T04:30:28.930+0800][debug][gc,ergo,cset] GC(205) Finish choosing collection set old regions. Initial: 7, optional: 0, predicted old time: 0.00ms, predicted optional time: 0.00ms, time remaining: 47.16
[2024-10-11T04:30:28.994+0800][debug][gc,ergo,cset] GC(206) Start adding old regions to collection set. Min 4 regions, max 7 regions, time remaining 48.86ms, optional threshold 9.77ms
[2024-10-11T04:30:28.994+0800][debug][gc,ergo,cset] GC(206) Old candidate collection set empty.
[2024-10-11T04:30:28.994+0800][debug][gc,ergo,cset] GC(206) Finish choosing collection set old regions. Initial: 1, optional: 0, predicted old time: 0.00ms, predicted optional time: 0.00ms, time remaining: 48.62
[2024-10-11T04:30:29.648+0800][debug][gc,ergo,cset] GC(213) Pruned 11 regions out of 38, leaving 6381440 bytes waste (allowed 6710886)
[2024-10-11T04:30:29.897+0800][debug][gc,ergo,cset] Preventive GC, insufficient free regions. Predicted need 6. Curr Eden 2 (Pred 3). Curr Survivor 1 (Pred 1). Curr Old 51 (Pred 2) Free 5 Alloc 1
[2024-10-11T04:30:29.897+0800][debug][gc,ergo,cset] GC(215) Start adding old regions to collection set. Min 4 regions, max 7 regions, time remaining 48.77ms, optional threshold 9.75ms
[2024-10-11T04:30:29.897+0800][debug][gc,ergo,cset] GC(215) Finish adding old regions to collection set (Maximum number of regions). Initial 7 regions, optional 0 regions
[2024-10-11T04:30:29.897+0800][debug][gc,ergo,cset] GC(215) Finish choosing collection set old regions. Initial: 7, optional: 0, predicted old time: 0.00ms, predicted optional time: 0.00ms, time remaining: 47.84
[2024-10-11T04:30:30.002+0800][debug][gc,ergo,cset] GC(216) Start adding old regions to collection set. Min 4 regions, max 7 regions, time remaining 48.69ms, optional threshold 9.74ms
[2024-10-11T04:30:30.002+0800][debug][gc,ergo,cset] GC(216) Finish adding old regions to collection set (Maximum number of regions). Initial 7 regions, optional 0 regions
[2024-10-11T04:30:30.002+0800][debug][gc,ergo,cset] GC(216) Finish choosing collection set old regions. Initial: 7, optional: 0, predicted old time: 0.00ms, predicted optional time: 0.00ms, time remaining: 47.33
[2024-10-11T04:30:30.108+0800][debug][gc,ergo,cset] GC(217) Start adding old regions to collection set. Min 4 regions, max 7 regions, time remaining 48.67ms, optional threshold 9.73ms
[2024-10-11T04:30:30.108+0800][debug][gc,ergo,cset] GC(217) Finish adding old regions to collection set (Maximum number of regions). Initial 7 regions, optional 0 regions
[2024-10-11T04:30:30.108+0800][debug][gc,ergo,cset] GC(217) Finish choosing collection set old regions. Initial: 7, optional: 0, predicted old time: 0.00ms, predicted optional time: 0.00ms, time remaining: 47.06
[2024-10-11T04:30:30.213+0800][debug][gc,ergo,cset] GC(218) Start adding old regions to collection set. Min 4 regions, max 7 regions, time remaining 48.65ms, optional threshold 9.73ms
[2024-10-11T04:30:30.213+0800][debug][gc,ergo,cset] GC(218) Old candidate collection set empty.
[2024-10-11T04:30:30.213+0800][debug][gc,ergo,cset] GC(218) Finish choosing collection set old regions. Initial: 6, optional: 0, predicted old time: 0.00ms, predicted optional time: 0.00ms, time remaining: 47.05
[2024-10-11T04:30:30.539+0800][debug][gc,ergo,cset] GC(222) Pruned 10 regions out of 41, leaving 6280960 bytes waste (allowed 6710886)
[2024-10-11T04:30:30.683+0800][debug][gc,ergo,cset] Preventive GC, insufficient free regions. Predicted need 4. Curr Eden 2 (Pred 3). Curr Survivor 1 (Pred 1). Curr Old 52 (Pred 0) Free 4 Alloc 1
[2024-10-11T04:30:30.746+0800][debug][gc,ergo,cset] Preventive GC, insufficient free regions. Predicted need 4. Curr Eden 1 (Pred 2). Curr Survivor 1 (Pred 1). Curr Old 54 (Pred 1) Free 3 Alloc 1
[2024-10-11T04:30:30.746+0800][debug][gc,ergo,cset] GC(224) Start adding old regions to collection set. Min 4 regions, max 7 regions, time remaining 49.02ms, optional threshold 9.80ms
[2024-10-11T04:30:30.746+0800][debug][gc,ergo,cset] GC(224) Finish adding old regions to collection set (Maximum number of regions). Initial 7 regions, optional 0 regions
[2024-10-11T04:30:30.746+0800][debug][gc,ergo,cset] GC(224) Finish choosing collection set old regions. Initial: 7, optional: 0, predicted old time: 0.00ms, predicted optional time: 0.00ms, time remaining: 48.38
[2024-10-11T04:30:30.851+0800][debug][gc,ergo,cset] Preventive GC, insufficient free regions. Predicted need 7. Curr Eden 2 (Pred 3). Curr Survivor 1 (Pred 1). Curr Old 49 (Pred 3) Free 7 Alloc 1
[2024-10-11T04:30:30.851+0800][debug][gc,ergo,cset] GC(225) Start adding old regions to collection set. Min 4 regions, max 7 regions, time remaining 48.61ms, optional threshold 9.72ms
[2024-10-11T04:30:30.851+0800][debug][gc,ergo,cset] GC(225) Finish adding old regions to collection set (Maximum number of regions). Initial 7 regions, optional 0 regions
[2024-10-11T04:30:30.851+0800][debug][gc,ergo,cset] GC(225) Finish choosing collection set old regions. Initial: 7, optional: 0, predicted old time: 0.00ms, predicted optional time: 0.00ms, time remaining: 47.26
[2024-10-11T04:30:30.957+0800][debug][gc,ergo,cset] GC(226) Start adding old regions to collection set. Min 4 regions, max 7 regions, time remaining 48.58ms, optional threshold 9.72ms
[2024-10-11T04:30:30.957+0800][debug][gc,ergo,cset] GC(226) Finish adding old regions to collection set (Maximum number of regions). Initial 7 regions, optional 0 regions
[2024-10-11T04:30:30.957+0800][debug][gc,ergo,cset] GC(226) Finish choosing collection set old regions. Initial: 7, optional: 0, predicted old time: 0.00ms, predicted optional time: 0.00ms, time remaining: 46.95
[2024-10-11T04:30:31.062+0800][debug][gc,ergo,cset] GC(227) Start adding old regions to collection set. Min 4 regions, max 7 regions, time remaining 48.60ms, optional threshold 9.72ms
[2024-10-11T04:30:31.062+0800][debug][gc,ergo,cset] GC(227) Finish adding old regions to collection set (Maximum number of regions). Initial 7 regions, optional 0 regions
[2024-10-11T04:30:31.062+0800][debug][gc,ergo,cset] GC(227) Finish choosing collection set old regions. Initial: 7, optional: 0, predicted old time: 0.00ms, predicted optional time: 0.00ms, time remaining: 46.89
[2024-10-11T04:30:31.168+0800][debug][gc,ergo,cset] GC(228) Start adding old regions to collection set. Min 4 regions, max 7 regions, time remaining 48.64ms, optional threshold 9.73ms
[2024-10-11T04:30:31.168+0800][debug][gc,ergo,cset] GC(228) Old candidate collection set empty.
[2024-10-11T04:30:31.168+0800][debug][gc,ergo,cset] GC(228) Finish choosing collection set old regions. Initial: 3, optional: 0, predicted old time: 0.00ms, predicted optional time: 0.00ms, time remaining: 47.84
[2024-10-11T04:30:31.492+0800][debug][gc,ergo,cset] GC(232) Pruned 11 regions out of 44, leaving 6632272 bytes waste (allowed 6710886)
[2024-10-11T04:30:31.636+0800][debug][gc,ergo,cset] Preventive GC, insufficient free regions. Predicted need 4. Curr Eden 2 (Pred 3). Curr Survivor 1 (Pred 1). Curr Old 52 (Pred 0) Free 4 Alloc 1
[2024-10-11T04:30:31.699+0800][debug][gc,ergo,cset] Preventive GC, insufficient free regions. Predicted need 5. Curr Eden 1 (Pred 2). Curr Survivor 1 (Pred 1). Curr Old 54 (Pred 2) Free 3 Alloc 1
[2024-10-11T04:30:31.700+0800][debug][gc,ergo,cset] GC(234) Start adding old regions to collection set. Min 5 regions, max 7 regions, time remaining 48.92ms, optional threshold 9.78ms
[2024-10-11T04:30:31.700+0800][debug][gc,ergo,cset] GC(234) Finish adding old regions to collection set (Maximum number of regions). Initial 7 regions, optional 0 regions
[2024-10-11T04:30:31.700+0800][debug][gc,ergo,cset] GC(234) Finish choosing collection set old regions. Initial: 7, optional: 0, predicted old time: 0.00ms, predicted optional time: 0.00ms, time remaining: 47.98
[2024-10-11T04:30:31.743+0800][debug][gc,ergo,cset] Preventive GC, insufficient free regions. Predicted need 6. Curr Eden 1 (Pred 2). Curr Survivor 1 (Pred 1). Curr Old 56 (Pred 3) Free 1 Alloc 1
[2024-10-11T04:30:31.743+0800][debug][gc,ergo,cset] GC(235) Start adding old regions to collection set. Min 5 regions, max 7 regions, time remaining 48.77ms, optional threshold 9.75ms
[2024-10-11T04:30:31.743+0800][debug][gc,ergo,cset] GC(235) Finish adding old regions to collection set (Maximum number of regions). Initial 7 regions, optional 0 regions
[2024-10-11T04:30:31.743+0800][debug][gc,ergo,cset] GC(235) Finish choosing collection set old regions. Initial: 7, optional: 0, predicted old time: 0.00ms, predicted optional time: 0.00ms, time remaining: 47.34
[2024-10-11T04:30:31.806+0800][debug][gc,ergo,cset] GC(236) Start adding old regions to collection set. Min 5 regions, max 7 regions, time remaining 48.48ms, optional threshold 9.70ms
[2024-10-11T04:30:31.806+0800][debug][gc,ergo,cset] GC(236) Finish adding old regions to collection set (Maximum number of regions). Initial 7 regions, optional 0 regions
[2024-10-11T04:30:31.806+0800][debug][gc,ergo,cset] GC(236) Finish choosing collection set old regions. Initial: 7, optional: 0, predicted old time: 0.00ms, predicted optional time: 0.00ms, time remaining: 46.88
[2024-10-11T04:30:32.423+0800][debug][gc,ergo,cset] GC(243) Pruned 12 regions out of 33, leaving 6617696 bytes waste (allowed 6710886)
[2024-10-11T04:30:32.672+0800][debug][gc,ergo,cset] GC(245) Start adding old regions to collection set. Min 3 regions, max 7 regions, time remaining 48.64ms, optional threshold 9.73ms
[2024-10-11T04:30:32.672+0800][debug][gc,ergo,cset] GC(245) Finish adding old regions to collection set (Maximum number of regions). Initial 7 regions, optional 0 regions
[2024-10-11T04:30:32.672+0800][debug][gc,ergo,cset] GC(245) Finish choosing collection set old regions. Initial: 7, optional: 0, predicted old time: 0.00ms, predicted optional time: 0.00ms, time remaining: 47.66
[2024-10-11T04:30:32.777+0800][debug][gc,ergo,cset] GC(246) Start adding old regions to collection set. Min 3 regions, max 7 regions, time remaining 48.57ms, optional threshold 9.71ms
[2024-10-11T04:30:32.777+0800][debug][gc,ergo,cset] GC(246) Finish adding old regions to collection set (Maximum number of regions). Initial 7 regions, optional 0 regions
[2024-10-11T04:30:32.777+0800][debug][gc,ergo,cset] GC(246) Finish choosing collection set old regions. Initial: 7, optional: 0, predicted old time: 0.00ms, predicted optional time: 0.00ms, time remaining: 46.77
[2024-10-11T04:30:32.883+0800][debug][gc,ergo,cset] GC(247) Start adding old regions to collection set. Min 3 regions, max 7 regions, time remaining 48.51ms, optional threshold 9.70ms
[2024-10-11T04:30:32.883+0800][debug][gc,ergo,cset] GC(247) Old candidate collection set empty.
[2024-10-11T04:30:32.883+0800][debug][gc,ergo,cset] GC(247) Finish choosing collection set old regions. Initial: 7, optional: 0, predicted old time: 0.00ms, predicted optional time: 0.00ms, time remaining: 46.27
[2024-10-11T04:30:33.208+0800][debug][gc,ergo,cset] GC(251) Pruned 12 regions out of 40, leaving 6633936 bytes waste (allowed 6710886)
[2024-10-11T04:30:33.415+0800][debug][gc,ergo,cset] Preventive GC, insufficient free regions. Predicted need 5. Curr Eden 1 (Pred 2). Curr Survivor 1 (Pred 1). Curr Old 52 (Pred 2) Free 5 Alloc 1
[2024-10-11T04:30:33.415+0800][debug][gc,ergo,cset] GC(253) Start adding old regions to collection set. Min 4 regions, max 7 regions, time remaining 48.95ms, optional threshold 9.79ms
[2024-10-11T04:30:33.415+0800][debug][gc,ergo,cset] GC(253) Finish adding old regions to collection set (Maximum number of regions). Initial 7 regions, optional 0 regions
[2024-10-11T04:30:33.415+0800][debug][gc,ergo,cset] GC(253) Finish choosing collection set old regions. Initial: 7, optional: 0, predicted old time: 0.00ms, predicted optional time: 0.00ms, time remaining: 47.98
[2024-10-11T04:30:33.520+0800][debug][gc,ergo,cset] Preventive GC, insufficient free regions. Predicted need 7. Curr Eden 2 (Pred 3). Curr Survivor 1 (Pred 1). Curr Old 49 (Pred 3) Free 7 Alloc 1
[2024-10-11T04:30:33.520+0800][debug][gc,ergo,cset] GC(254) Start adding old regions to collection set. Min 4 regions, max 7 regions, time remaining 48.58ms, optional threshold 9.72ms
[2024-10-11T04:30:33.520+0800][debug][gc,ergo,cset] GC(254) Finish adding old regions to collection set (Maximum number of regions). Initial 7 regions, optional 0 regions
[2024-10-11T04:30:33.520+0800][debug][gc,ergo,cset] GC(254) Finish choosing collection set old regions. Initial: 7, optional: 0, predicted old time: 0.00ms, predicted optional time: 0.00ms, time remaining: 47.03
[2024-10-11T04:30:33.625+0800][debug][gc,ergo,cset] GC(255) Start adding old regions to collection set. Min 4 regions, max 7 regions, time remaining 48.52ms, optional threshold 9.70ms
[2024-10-11T04:30:33.625+0800][debug][gc,ergo,cset] GC(255) Finish adding old regions to collection set (Maximum number of regions). Initial 7 regions, optional 0 regions
[2024-10-11T04:30:33.625+0800][debug][gc,ergo,cset] GC(255) Finish choosing collection set old regions. Initial: 7, optional: 0, predicted old time: 0.00ms, predicted optional time: 0.00ms, time remaining: 46.89
[2024-10-11T04:30:33.731+0800][debug][gc,ergo,cset] GC(256) Start adding old regions to collection set. Min 4 regions, max 7 regions, time remaining 48.55ms, optional threshold 9.71ms
[2024-10-11T04:30:33.731+0800][debug][gc,ergo,cset] GC(256) Old candidate collection set empty.
[2024-10-11T04:30:33.731+0800][debug][gc,ergo,cset] GC(256) Finish choosing collection set old regions. Initial: 7, optional: 0, predicted old time: 0.00ms, predicted optional time: 0.00ms, time remaining: 46.76
[2024-10-11T04:30:34.056+0800][debug][gc,ergo,cset] GC(260) Pruned 10 regions out of 39, leaving 6693744 bytes waste (allowed 6710886)
[2024-10-11T04:30:34.263+0800][debug][gc,ergo,cset] Preventive GC, insufficient free regions. Predicted need 5. Curr Eden 1 (Pred 2). Curr Survivor 1 (Pred 1). Curr Old 52 (Pred 2) Free 5 Alloc 1
[2024-10-11T04:30:34.263+0800][debug][gc,ergo,cset] GC(262) Start adding old regions to collection set. Min 4 regions, max 7 regions, time remaining 48.99ms, optional threshold 9.80ms
[2024-10-11T04:30:34.263+0800][debug][gc,ergo,cset] GC(262) Finish adding old regions to collection set (Maximum number of regions). Initial 7 regions, optional 0 regions
[2024-10-11T04:30:34.263+0800][debug][gc,ergo,cset] GC(262) Finish choosing collection set old regions. Initial: 7, optional: 0, predicted old time: 0.00ms, predicted optional time: 0.00ms, time remaining: 48.02
[2024-10-11T04:30:34.368+0800][debug][gc,ergo,cset] Preventive GC, insufficient free regions. Predicted need 7. Curr Eden 2 (Pred 3). Curr Survivor 1 (Pred 1). Curr Old 49 (Pred 3) Free 7 Alloc 1
[2024-10-11T04:30:34.368+0800][debug][gc,ergo,cset] GC(263) Start adding old regions to collection set. Min 4 regions, max 7 regions, time remaining 48.67ms, optional threshold 9.73ms
[2024-10-11T04:30:34.369+0800][debug][gc,ergo,cset] GC(263) Finish adding old regions to collection set (Maximum number of regions). Initial 7 regions, optional 0 regions
[2024-10-11T04:30:34.369+0800][debug][gc,ergo,cset] GC(263) Finish choosing collection set old regions. Initial: 7, optional: 0, predicted old time: 0.00ms, predicted optional time: 0.00ms, time remaining: 47.41
[2024-10-11T04:30:34.474+0800][debug][gc,ergo,cset] GC(264) Start adding old regions to collection set. Min 4 regions, max 7 regions, time remaining 48.65ms, optional threshold 9.73ms
[2024-10-11T04:30:34.474+0800][debug][gc,ergo,cset] GC(264) Finish adding old regions to collection set (Maximum number of regions). Initial 7 regions, optional 0 regions
[2024-10-11T04:30:34.474+0800][debug][gc,ergo,cset] GC(264) Finish choosing collection set old regions. Initial: 7, optional: 0, predicted old time: 0.00ms, predicted optional time: 0.00ms, time remaining: 47.19
[2024-10-11T04:30:34.580+0800][debug][gc,ergo,cset] GC(265) Start adding old regions to collection set. Min 4 regions, max 7 regions, time remaining 48.63ms, optional threshold 9.73ms
[2024-10-11T04:30:34.580+0800][debug][gc,ergo,cset] GC(265) Finish adding old regions to collection set (Maximum number of regions). Initial 7 regions, optional 0 regions
[2024-10-11T04:30:34.580+0800][debug][gc,ergo,cset] GC(265) Finish choosing collection set old regions. Initial: 7, optional: 0, predicted old time: 0.00ms, predicted optional time: 0.00ms, time remaining: 47.03
[2024-10-11T04:30:34.686+0800][debug][gc,ergo,cset] GC(266) Start adding old regions to collection set. Min 4 regions, max 7 regions, time remaining 48.55ms, optional threshold 9.71ms
[2024-10-11T04:30:34.686+0800][debug][gc,ergo,cset] GC(266) Old candidate collection set empty.
[2024-10-11T04:30:34.686+0800][debug][gc,ergo,cset] GC(266) Finish choosing collection set old regions. Initial: 1, optional: 0, predicted old time: 0.00ms, predicted optional time: 0.00ms, time remaining: 48.29
[2024-10-11T04:30:34.905+0800][debug][gc,ergo,cset] GC(269) Pruned 12 regions out of 40, leaving 6420160 bytes waste (allowed 6710886)
[2024-10-11T04:30:35.112+0800][debug][gc,ergo,cset] Preventive GC, insufficient free regions. Predicted need 4. Curr Eden 1 (Pred 2). Curr Survivor 1 (Pred 1). Curr Old 53 (Pred 1) Free 4 Alloc 1
[2024-10-11T04:30:35.113+0800][debug][gc,ergo,cset] GC(271) Start adding old regions to collection set. Min 4 regions, max 7 regions, time remaining 48.96ms, optional threshold 9.79ms
[2024-10-11T04:30:35.113+0800][debug][gc,ergo,cset] GC(271) Finish adding old regions to collection set (Maximum number of regions). Initial 7 regions, optional 0 regions
[2024-10-11T04:30:35.113+0800][debug][gc,ergo,cset] GC(271) Finish choosing collection set old regions. Initial: 7, optional: 0, predicted old time: 0.00ms, predicted optional time: 0.00ms, time remaining: 47.91
[2024-10-11T04:30:35.218+0800][debug][gc,ergo,cset] GC(272) Start adding old regions to collection set. Min 4 regions, max 7 regions, time remaining 48.64ms, optional threshold 9.73ms
[2024-10-11T04:30:35.218+0800][debug][gc,ergo,cset] GC(272) Finish adding old regions to collection set (Maximum number of regions). Initial 7 regions, optional 0 regions
[2024-10-11T04:30:35.218+0800][debug][gc,ergo,cset] GC(272) Finish choosing collection set old regions. Initial: 7, optional: 0, predicted old time: 0.00ms, predicted optional time: 0.00ms, time remaining: 47.03
[2024-10-11T04:30:35.323+0800][debug][gc,ergo,cset] GC(273) Start adding old regions to collection set. Min 4 regions, max 7 regions, time remaining 48.57ms, optional threshold 9.71ms
[2024-10-11T04:30:35.323+0800][debug][gc,ergo,cset] GC(273) Finish adding old regions to collection set (Maximum number of regions). Initial 7 regions, optional 0 regions
[2024-10-11T04:30:35.323+0800][debug][gc,ergo,cset] GC(273) Finish choosing collection set old regions. Initial: 7, optional: 0, predicted old time: 0.00ms, predicted optional time: 0.00ms, time remaining: 46.72
[2024-10-11T04:30:35.428+0800][debug][gc,ergo,cset] GC(274) Start adding old regions to collection set. Min 4 regions, max 7 regions, time remaining 48.67ms, optional threshold 9.73ms
[2024-10-11T04:30:35.428+0800][debug][gc,ergo,cset] GC(274) Old candidate collection set empty.
[2024-10-11T04:30:35.428+0800][debug][gc,ergo,cset] GC(274) Finish choosing collection set old regions. Initial: 7, optional: 0, predicted old time: 0.00ms, predicted optional time: 0.00ms, time remaining: 46.96
[2024-10-11T04:30:35.752+0800][debug][gc,ergo,cset] GC(278) Pruned 10 regions out of 39, leaving 6465520 bytes waste (allowed 6710886)
[2024-10-11T04:30:35.959+0800][debug][gc,ergo,cset] Preventive GC, insufficient free regions. Predicted need 4. Curr Eden 1 (Pred 2). Curr Survivor 1 (Pred 1). Curr Old 53 (Pred 1) Free 4 Alloc 1
[2024-10-11T04:30:35.960+0800][debug][gc,ergo,cset] GC(280) Start adding old regions to collection set. Min 4 regions, max 7 regions, time remaining 49.02ms, optional threshold 9.80ms
[2024-10-11T04:30:35.960+0800][debug][gc,ergo,cset] GC(280) Finish adding old regions to collection set (Maximum number of regions). Initial 7 regions, optional 0 regions
[2024-10-11T04:30:35.960+0800][debug][gc,ergo,cset] GC(280) Finish choosing collection set old regions. Initial: 7, optional: 0, predicted old time: 0.00ms, predicted optional time: 0.00ms, time remaining: 48.23
[2024-10-11T04:30:36.064+0800][debug][gc,ergo,cset] GC(281) Start adding old regions to collection set. Min 4 regions, max 7 regions, time remaining 48.71ms, optional threshold 9.74ms
[2024-10-11T04:30:36.064+0800][debug][gc,ergo,cset] GC(281) Finish adding old regions to collection set (Maximum number of regions). Initial 7 regions, optional 0 regions
[2024-10-11T04:30:36.064+0800][debug][gc,ergo,cset] GC(281) Finish choosing collection set old regions. Initial: 7, optional: 0, predicted old time: 0.00ms, predicted optional time: 0.00ms, time remaining: 47.43
[2024-10-11T04:30:36.170+0800][debug][gc,ergo,cset] GC(282) Start adding old regions to collection set. Min 4 regions, max 7 regions, time remaining 48.63ms, optional threshold 9.73ms
[2024-10-11T04:30:36.170+0800][debug][gc,ergo,cset] GC(282) Finish adding old regions to collection set (Maximum number of regions). Initial 7 regions, optional 0 regions
[2024-10-11T04:30:36.170+0800][debug][gc,ergo,cset] GC(282) Finish choosing collection set old regions. Initial: 7, optional: 0, predicted old time: 0.00ms, predicted optional time: 0.00ms, time remaining: 47.09
[2024-10-11T04:30:36.275+0800][debug][gc,ergo,cset] GC(283) Start adding old regions to collection set. Min 4 regions, max 7 regions, time remaining 48.62ms, optional threshold 9.72ms
[2024-10-11T04:30:36.275+0800][debug][gc,ergo,cset] GC(283) Finish adding old regions to collection set (Maximum number of regions). Initial 7 regions, optional 0 regions
[2024-10-11T04:30:36.275+0800][debug][gc,ergo,cset] GC(283) Finish choosing collection set old regions. Initial: 7, optional: 0, predicted old time: 0.00ms, predicted optional time: 0.00ms, time remaining: 46.72
[2024-10-11T04:30:36.381+0800][debug][gc,ergo,cset] GC(284) Start adding old regions to collection set. Min 4 regions, max 7 regions, time remaining 48.68ms, optional threshold 9.74ms
[2024-10-11T04:30:36.381+0800][debug][gc,ergo,cset] GC(284) Old candidate collection set empty.
[2024-10-11T04:30:36.381+0800][debug][gc,ergo,cset] GC(284) Finish choosing collection set old regions. Initial: 1, optional: 0, predicted old time: 0.00ms, predicted optional time: 0.00ms, time remaining: 48.42
[2024-10-11T04:30:36.600+0800][debug][gc,ergo,cset] GC(287) Pruned 11 regions out of 40, leaving 6171008 bytes waste (allowed 6710886)
[2024-10-11T04:30:36.744+0800][debug][gc,ergo,cset] Preventive GC, insufficient free regions. Predicted need 4. Curr Eden 2 (Pred 3). Curr Survivor 1 (Pred 1). Curr Old 52 (Pred 0) Free 4 Alloc 1
[2024-10-11T04:30:36.767+0800][debug][gc,ergo,cset] Preventive GC, insufficient free regions. Predicted need 5. Curr Eden 1 (Pred 2). Curr Survivor 1 (Pred 1). Curr Old 54 (Pred 2) Free 3 Alloc 1
[2024-10-11T04:30:36.767+0800][debug][gc,ergo,cset] GC(289) Start adding old regions to collection set. Min 4 regions, max 7 regions, time remaining 48.98ms, optional threshold 9.80ms
[2024-10-11T04:30:36.767+0800][debug][gc,ergo,cset] GC(289) Finish adding old regions to collection set (Maximum number of regions). Initial 7 regions, optional 0 regions
[2024-10-11T04:30:36.767+0800][debug][gc,ergo,cset] GC(289) Finish choosing collection set old regions. Initial: 7, optional: 0, predicted old time: 0.00ms, predicted optional time: 0.00ms, time remaining: 47.82
[2024-10-11T04:30:36.769+0800][debug][gc,ergo,cset] GC(290) Start adding old regions to collection set. Min 4 regions, max 7 regions, time remaining 49.34ms, optional threshold 9.87ms
[2024-10-11T04:30:36.769+0800][debug][gc,ergo,cset] GC(290) Finish adding old regions to collection set (Maximum number of regions). Initial 7 regions, optional 0 regions
[2024-10-11T04:30:36.769+0800][debug][gc,ergo,cset] GC(290) Finish choosing collection set old regions. Initial: 7, optional: 0, predicted old time: 0.00ms, predicted optional time: 0.00ms, time remaining: 47.82
[2024-10-11T04:30:36.833+0800][debug][gc,ergo,cset] GC(291) Start adding old regions to collection set. Min 4 regions, max 7 regions, time remaining 48.56ms, optional threshold 9.71ms
[2024-10-11T04:30:36.833+0800][debug][gc,ergo,cset] GC(291) Finish adding old regions to collection set (Maximum number of regions). Initial 7 regions, optional 0 regions
[2024-10-11T04:30:36.833+0800][debug][gc,ergo,cset] GC(291) Finish choosing collection set old regions. Initial: 7, optional: 0, predicted old time: 0.00ms, predicted optional time: 0.00ms, time remaining: 46.85
[2024-10-11T04:30:37.612+0800][debug][gc,ergo,cset] GC(299) Pruned 12 regions out of 38, leaving 6317504 bytes waste (allowed 6710886)
[2024-10-11T04:30:37.860+0800][debug][gc,ergo,cset] Preventive GC, insufficient free regions. Predicted need 5. Curr Eden 2 (Pred 3). Curr Survivor 1 (Pred 1). Curr Old 52 (Pred 1) Free 4 Alloc 1
[2024-10-11T04:30:37.860+0800][debug][gc,ergo,cset] GC(301) Start adding old regions to collection set. Min 4 regions, max 7 regions, time remaining 48.76ms, optional threshold 9.75ms
[2024-10-11T04:30:37.860+0800][debug][gc,ergo,cset] GC(301) Finish adding old regions to collection set (Maximum number of regions). Initial 7 regions, optional 0 regions
[2024-10-11T04:30:37.860+0800][debug][gc,ergo,cset] GC(301) Finish choosing collection set old regions. Initial: 7, optional: 0, predicted old time: 0.00ms, predicted optional time: 0.00ms, time remaining: 47.75
[2024-10-11T04:30:37.924+0800][debug][gc,ergo,cset] Preventive GC, insufficient free regions. Predicted need 5. Curr Eden 1 (Pred 2). Curr Survivor 1 (Pred 1). Curr Old 54 (Pred 2) Free 3 Alloc 1
[2024-10-11T04:30:37.924+0800][debug][gc,ergo,cset] GC(302) Start adding old regions to collection set. Min 4 regions, max 7 regions, time remaining 48.96ms, optional threshold 9.79ms
[2024-10-11T04:30:37.924+0800][debug][gc,ergo,cset] GC(302) Finish adding old regions to collection set (Maximum number of regions). Initial 7 regions, optional 0 regions
[2024-10-11T04:30:37.924+0800][debug][gc,ergo,cset] GC(302) Finish choosing collection set old regions. Initial: 7, optional: 0, predicted old time: 0.00ms, predicted optional time: 0.00ms, time remaining: 46.97
[2024-10-11T04:30:37.968+0800][debug][gc,ergo,cset] Preventive GC, insufficient free regions. Predicted need 6. Curr Eden 1 (Pred 2). Curr Survivor 1 (Pred 1). Curr Old 56 (Pred 3) Free 1 Alloc 1
[2024-10-11T04:30:37.968+0800][debug][gc,ergo,cset] GC(303) Start adding old regions to collection set. Min 4 regions, max 7 regions, time remaining 48.73ms, optional threshold 9.75ms
[2024-10-11T04:30:37.968+0800][debug][gc,ergo,cset] GC(303) Finish adding old regions to collection set (Maximum number of regions). Initial 7 regions, optional 0 regions
[2024-10-11T04:30:37.968+0800][debug][gc,ergo,cset] GC(303) Finish choosing collection set old regions. Initial: 7, optional: 0, predicted old time: 0.00ms, predicted optional time: 0.00ms, time remaining: 46.91
[2024-10-11T04:30:38.031+0800][debug][gc,ergo,cset] GC(304) Start adding old regions to collection set. Min 4 regions, max 7 regions, time remaining 48.68ms, optional threshold 9.74ms
[2024-10-11T04:30:38.031+0800][debug][gc,ergo,cset] GC(304) Old candidate collection set empty.
[2024-10-11T04:30:38.031+0800][debug][gc,ergo,cset] GC(304) Finish choosing collection set old regions. Initial: 5, optional: 0, predicted old time: 0.00ms, predicted optional time: 0.00ms, time remaining: 46.99
[2024-10-11T04:30:38.646+0800][debug][gc,ergo,cset] GC(311) Pruned 11 regions out of 35, leaving 6388072 bytes waste (allowed 6710886)
[2024-10-11T04:30:38.894+0800][debug][gc,ergo,cset] GC(313) Start adding old regions to collection set. Min 3 regions, max 7 regions, time remaining 48.82ms, optional threshold 9.76ms
[2024-10-11T04:30:38.894+0800][debug][gc,ergo,cset] GC(313) Finish adding old regions to collection set (Maximum number of regions). Initial 7 regions, optional 0 regions
[2024-10-11T04:30:38.894+0800][debug][gc,ergo,cset] GC(313) Finish choosing collection set old regions. Initial: 7, optional: 0, predicted old time: 0.00ms, predicted optional time: 0.00ms, time remaining: 47.83
[2024-10-11T04:30:38.998+0800][debug][gc,ergo,cset] GC(314) Start adding old regions to collection set. Min 3 regions, max 7 regions, time remaining 48.69ms, optional threshold 9.74ms
[2024-10-11T04:30:38.998+0800][debug][gc,ergo,cset] GC(314) Finish adding old regions to collection set (Maximum number of regions). Initial 7 regions, optional 0 regions
[2024-10-11T04:30:38.998+0800][debug][gc,ergo,cset] GC(314) Finish choosing collection set old regions. Initial: 7, optional: 0, predicted old time: 0.00ms, predicted optional time: 0.00ms, time remaining: 46.85
[2024-10-11T04:30:39.104+0800][debug][gc,ergo,cset] GC(315) Start adding old regions to collection set. Min 3 regions, max 7 regions, time remaining 48.68ms, optional threshold 9.74ms
[2024-10-11T04:30:39.104+0800][debug][gc,ergo,cset] GC(315) Finish adding old regions to collection set (Maximum number of regions). Initial 7 regions, optional 0 regions
[2024-10-11T04:30:39.104+0800][debug][gc,ergo,cset] GC(315) Finish choosing collection set old regions. Initial: 7, optional: 0, predicted old time: 0.00ms, predicted optional time: 0.00ms, time remaining: 46.74
[2024-10-11T04:30:39.209+0800][debug][gc,ergo,cset] GC(316) Start adding old regions to collection set. Min 3 regions, max 7 regions, time remaining 48.70ms, optional threshold 9.74ms
[2024-10-11T04:30:39.209+0800][debug][gc,ergo,cset] GC(316) Old candidate collection set empty.
[2024-10-11T04:30:39.209+0800][debug][gc,ergo,cset] GC(316) Finish choosing collection set old regions. Initial: 3, optional: 0, predicted old time: 0.00ms, predicted optional time: 0.00ms, time remaining: 47.84
[2024-10-11T04:30:39.533+0800][debug][gc,ergo,cset] GC(320) Pruned 10 regions out of 41, leaving 6601920 bytes waste (allowed 6710886)
[2024-10-11T04:30:39.678+0800][debug][gc,ergo,cset] Preventive GC, insufficient free regions. Predicted need 4. Curr Eden 2 (Pred 3). Curr Survivor 1 (Pred 1). Curr Old 52 (Pred 0) Free 4 Alloc 1
[2024-10-11T04:30:39.741+0800][debug][gc,ergo,cset] Preventive GC, insufficient free regions. Predicted need 5. Curr Eden 1 (Pred 2). Curr Survivor 1 (Pred 1). Curr Old 54 (Pred 2) Free 3 Alloc 1
[2024-10-11T04:30:39.742+0800][debug][gc,ergo,cset] GC(322) Start adding old regions to collection set. Min 4 regions, max 7 regions, time remaining 49.02ms, optional threshold 9.80ms
[2024-10-11T04:30:39.742+0800][debug][gc,ergo,cset] GC(322) Finish adding old regions to collection set (Maximum number of regions). Initial 7 regions, optional 0 regions
[2024-10-11T04:30:39.742+0800][debug][gc,ergo,cset] GC(322) Finish choosing collection set old regions. Initial: 7, optional: 0, predicted old time: 0.00ms, predicted optional time: 0.00ms, time remaining: 47.95
[2024-10-11T04:30:39.846+0800][debug][gc,ergo,cset] GC(323) Start adding old regions to collection set. Min 4 regions, max 7 regions, time remaining 48.63ms, optional threshold 9.73ms
[2024-10-11T04:30:39.846+0800][debug][gc,ergo,cset] GC(323) Finish adding old regions to collection set (Maximum number of regions). Initial 7 regions, optional 0 regions
[2024-10-11T04:30:39.846+0800][debug][gc,ergo,cset] GC(323) Finish choosing collection set old regions. Initial: 7, optional: 0, predicted old time: 0.00ms, predicted optional time: 0.00ms, time remaining: 47.23
[2024-10-11T04:30:39.952+0800][debug][gc,ergo,cset] GC(324) Start adding old regions to collection set. Min 4 regions, max 7 regions, time remaining 48.61ms, optional threshold 9.72ms
[2024-10-11T04:30:39.952+0800][debug][gc,ergo,cset] GC(324) Finish adding old regions to collection set (Maximum number of regions). Initial 7 regions, optional 0 regions
[2024-10-11T04:30:39.952+0800][debug][gc,ergo,cset] GC(324) Finish choosing collection set old regions. Initial: 7, optional: 0, predicted old time: 0.00ms, predicted optional time: 0.00ms, time remaining: 46.99
[2024-10-11T04:30:40.057+0800][debug][gc,ergo,cset] GC(325) Start adding old regions to collection set. Min 4 regions, max 7 regions, time remaining 48.59ms, optional threshold 9.72ms
[2024-10-11T04:30:40.057+0800][debug][gc,ergo,cset] GC(325) Finish adding old regions to collection set (Maximum number of regions). Initial 7 regions, optional 0 regions
[2024-10-11T04:30:40.057+0800][debug][gc,ergo,cset] GC(325) Finish choosing collection set old regions. Initial: 7, optional: 0, predicted old time: 0.00ms, predicted optional time: 0.00ms, time remaining: 46.91
[2024-10-11T04:30:40.163+0800][debug][gc,ergo,cset] GC(326) Start adding old regions to collection set. Min 4 regions, max 7 regions, time remaining 48.63ms, optional threshold 9.73ms
[2024-10-11T04:30:40.163+0800][debug][gc,ergo,cset] GC(326) Old candidate collection set empty.
[2024-10-11T04:30:40.163+0800][debug][gc,ergo,cset] GC(326) Finish choosing collection set old regions. Initial: 3, optional: 0, predicted old time: 0.00ms, predicted optional time: 0.00ms, time remaining: 47.86
[2024-10-11T04:30:40.486+0800][debug][gc,ergo,cset] GC(330) Pruned 9 regions out of 38, leaving 5942216 bytes waste (allowed 6710886)
[2024-10-11T04:30:40.631+0800][debug][gc,ergo,cset] Preventive GC, insufficient free regions. Predicted need 4. Curr Eden 2 (Pred 3). Curr Survivor 1 (Pred 1). Curr Old 52 (Pred 0) Free 4 Alloc 1
[2024-10-11T04:30:40.694+0800][debug][gc,ergo,cset] Preventive GC, insufficient free regions. Predicted need 4. Curr Eden 1 (Pred 2). Curr Survivor 1 (Pred 1). Curr Old 54 (Pred 1) Free 3 Alloc 1
[2024-10-11T04:30:40.694+0800][debug][gc,ergo,cset] GC(332) Start adding old regions to collection set. Min 4 regions, max 7 regions, time remaining 49.03ms, optional threshold 9.81ms
[2024-10-11T04:30:40.694+0800][debug][gc,ergo,cset] GC(332) Finish adding old regions to collection set (Maximum number of regions). Initial 7 regions, optional 0 regions
[2024-10-11T04:30:40.694+0800][debug][gc,ergo,cset] GC(332) Finish choosing collection set old regions. Initial: 7, optional: 0, predicted old time: 0.00ms, predicted optional time: 0.00ms, time remaining: 48.24
[2024-10-11T04:30:40.799+0800][debug][gc,ergo,cset] Preventive GC, insufficient free regions. Predicted need 6. Curr Eden 2 (Pred 3). Curr Survivor 1 (Pred 1). Curr Old 51 (Pred 2) Free 5 Alloc 1
[2024-10-11T04:30:40.799+0800][debug][gc,ergo,cset] GC(333) Start adding old regions to collection set. Min 4 regions, max 7 regions, time remaining 48.73ms, optional threshold 9.75ms
[2024-10-11T04:30:40.799+0800][debug][gc,ergo,cset] GC(333) Finish adding old regions to collection set (Maximum number of regions). Initial 7 regions, optional 0 regions
[2024-10-11T04:30:40.799+0800][debug][gc,ergo,cset] GC(333) Finish choosing collection set old regions. Initial: 7, optional: 0, predicted old time: 0.00ms, predicted optional time: 0.00ms, time remaining: 47.53
[2024-10-11T04:30:40.863+0800][debug][gc,ergo,cset] Preventive GC, insufficient free regions. Predicted need 6. Curr Eden 1 (Pred 2). Curr Survivor 1 (Pred 1). Curr Old 54 (Pred 3) Free 3 Alloc 1
[2024-10-11T04:30:40.863+0800][debug][gc,ergo,cset] GC(334) Start adding old regions to collection set. Min 4 regions, max 7 regions, time remaining 49.00ms, optional threshold 9.80ms
[2024-10-11T04:30:40.863+0800][debug][gc,ergo,cset] GC(334) Finish adding old regions to collection set (Maximum number of regions). Initial 7 regions, optional 0 regions
[2024-10-11T04:30:40.863+0800][debug][gc,ergo,cset] GC(334) Finish choosing collection set old regions. Initial: 7, optional: 0, predicted old time: 0.00ms, predicted optional time: 0.00ms, time remaining: 47.62
[2024-10-11T04:30:40.907+0800][debug][gc,ergo,cset] Preventive GC, insufficient free regions. Predicted need 6. Curr Eden 1 (Pred 2). Curr Survivor 1 (Pred 1). Curr Old 56 (Pred 3) Free 1 Alloc 1
[2024-10-11T04:30:40.907+0800][debug][gc,ergo,cset] GC(335) Start adding old regions to collection set. Min 4 regions, max 7 regions, time remaining 48.95ms, optional threshold 9.79ms
[2024-10-11T04:30:40.907+0800][debug][gc,ergo,cset] GC(335) Finish adding old regions to collection set (Maximum number of regions). Initial 7 regions, optional 0 regions
[2024-10-11T04:30:40.907+0800][debug][gc,ergo,cset] GC(335) Finish choosing collection set old regions. Initial: 7, optional: 0, predicted old time: 0.00ms, predicted optional time: 0.00ms, time remaining: 47.39
[2024-10-11T04:30:40.971+0800][debug][gc,ergo,cset] GC(336) Start adding old regions to collection set. Min 4 regions, max 7 regions, time remaining 48.95ms, optional threshold 9.79ms
[2024-10-11T04:30:40.971+0800][debug][gc,ergo,cset] GC(336) Old candidate collection set empty.
[2024-10-11T04:30:40.971+0800][debug][gc,ergo,cset] GC(336) Finish choosing collection set old regions. Initial: 1, optional: 0, predicted old time: 0.00ms, predicted optional time: 0.00ms, time remaining: 48.70
[2024-10-11T04:30:41.524+0800][debug][gc,ergo,cset] GC(342) Pruned 12 regions out of 34, leaving 6517560 bytes waste (allowed 6710886)
[2024-10-11T04:30:41.772+0800][debug][gc,ergo,cset] GC(344) Start adding old regions to collection set. Min 3 regions, max 7 regions, time remaining 48.75ms, optional threshold 9.75ms
[2024-10-11T04:30:41.772+0800][debug][gc,ergo,cset] GC(344) Finish adding old regions to collection set (Maximum number of regions). Initial 7 regions, optional 0 regions
[2024-10-11T04:30:41.772+0800][debug][gc,ergo,cset] GC(344) Finish choosing collection set old regions. Initial: 7, optional: 0, predicted old time: 0.00ms, predicted optional time: 0.00ms, time remaining: 47.84
[2024-10-11T04:30:41.877+0800][debug][gc,ergo,cset] GC(345) Start adding old regions to collection set. Min 3 regions, max 7 regions, time remaining 48.69ms, optional threshold 9.74ms
[2024-10-11T04:30:41.877+0800][debug][gc,ergo,cset] GC(345) Finish adding old regions to collection set (Maximum number of regions). Initial 7 regions, optional 0 regions
[2024-10-11T04:30:41.878+0800][debug][gc,ergo,cset] GC(345) Finish choosing collection set old regions. Initial: 7, optional: 0, predicted old time: 0.00ms, predicted optional time: 0.00ms, time remaining: 47.16
[2024-10-11T04:30:41.983+0800][debug][gc,ergo,cset] GC(346) Start adding old regions to collection set. Min 3 regions, max 7 regions, time remaining 48.69ms, optional threshold 9.74ms
[2024-10-11T04:30:41.983+0800][debug][gc,ergo,cset] GC(346) Finish adding old regions to collection set (Maximum number of regions). Initial 7 regions, optional 0 regions
[2024-10-11T04:30:41.983+0800][debug][gc,ergo,cset] GC(346) Finish choosing collection set old regions. Initial: 7, optional: 0, predicted old time: 0.00ms, predicted optional time: 0.00ms, time remaining: 46.95
[2024-10-11T04:30:42.088+0800][debug][gc,ergo,cset] GC(347) Start adding old regions to collection set. Min 3 regions, max 7 regions, time remaining 48.70ms, optional threshold 9.74ms
[2024-10-11T04:30:42.088+0800][debug][gc,ergo,cset] GC(347) Old candidate collection set empty.
[2024-10-11T04:30:42.088+0800][debug][gc,ergo,cset] GC(347) Finish choosing collection set old regions. Initial: 1, optional: 0, predicted old time: 0.00ms, predicted optional time: 0.00ms, time remaining: 48.44
[2024-10-11T04:30:42.307+0800][debug][gc,ergo,cset] GC(350) Pruned 10 regions out of 37, leaving 6499752 bytes waste (allowed 6710886)
[2024-10-11T04:30:42.515+0800][debug][gc,ergo,cset] Preventive GC, insufficient free regions. Predicted need 4. Curr Eden 1 (Pred 2). Curr Survivor 1 (Pred 1). Curr Old 53 (Pred 1) Free 4 Alloc 1
[2024-10-11T04:30:42.515+0800][debug][gc,ergo,cset] GC(352) Start adding old regions to collection set. Min 4 regions, max 7 regions, time remaining 48.99ms, optional threshold 9.80ms
[2024-10-11T04:30:42.515+0800][debug][gc,ergo,cset] GC(352) Finish adding old regions to collection set (Maximum number of regions). Initial 7 regions, optional 0 regions
[2024-10-11T04:30:42.515+0800][debug][gc,ergo,cset] GC(352) Finish choosing collection set old regions. Initial: 7, optional: 0, predicted old time: 0.00ms, predicted optional time: 0.00ms, time remaining: 48.09
[2024-10-11T04:30:42.620+0800][debug][gc,ergo,cset] GC(353) Start adding old regions to collection set. Min 4 regions, max 7 regions, time remaining 48.70ms, optional threshold 9.74ms
[2024-10-11T04:30:42.620+0800][debug][gc,ergo,cset] GC(353) Finish adding old regions to collection set (Maximum number of regions). Initial 7 regions, optional 0 regions
[2024-10-11T04:30:42.620+0800][debug][gc,ergo,cset] GC(353) Finish choosing collection set old regions. Initial: 7, optional: 0, predicted old time: 0.00ms, predicted optional time: 0.00ms, time remaining: 47.31
[2024-10-11T04:30:42.725+0800][debug][gc,ergo,cset] GC(354) Start adding old regions to collection set. Min 4 regions, max 7 regions, time remaining 48.58ms, optional threshold 9.72ms
[2024-10-11T04:30:42.725+0800][debug][gc,ergo,cset] GC(354) Finish adding old regions to collection set (Maximum number of regions). Initial 7 regions, optional 0 regions
[2024-10-11T04:30:42.725+0800][debug][gc,ergo,cset] GC(354) Finish choosing collection set old regions. Initial: 7, optional: 0, predicted old time: 0.00ms, predicted optional time: 0.00ms, time remaining: 46.90
[2024-10-11T04:30:42.830+0800][debug][gc,ergo,cset] GC(355) Start adding old regions to collection set. Min 4 regions, max 7 regions, time remaining 48.55ms, optional threshold 9.71ms
[2024-10-11T04:30:42.830+0800][debug][gc,ergo,cset] GC(355) Old candidate collection set empty.
[2024-10-11T04:30:42.831+0800][debug][gc,ergo,cset] GC(355) Finish choosing collection set old regions. Initial: 6, optional: 0, predicted old time: 0.00ms, predicted optional time: 0.00ms, time remaining: 46.91
[2024-10-11T04:30:43.155+0800][debug][gc,ergo,cset] GC(359) Pruned 10 regions out of 42, leaving 6268800 bytes waste (allowed 6710886)
[2024-10-11T04:30:43.363+0800][debug][gc,ergo,cset] Preventive GC, insufficient free regions. Predicted need 5. Curr Eden 1 (Pred 2). Curr Survivor 1 (Pred 1). Curr Old 53 (Pred 2) Free 4 Alloc 1
[2024-10-11T04:30:43.363+0800][debug][gc,ergo,cset] GC(361) Start adding old regions to collection set. Min 4 regions, max 7 regions, time remaining 48.99ms, optional threshold 9.80ms
[2024-10-11T04:30:43.363+0800][debug][gc,ergo,cset] GC(361) Finish adding old regions to collection set (Maximum number of regions). Initial 7 regions, optional 0 regions
[2024-10-11T04:30:43.363+0800][debug][gc,ergo,cset] GC(361) Finish choosing collection set old regions. Initial: 7, optional: 0, predicted old time: 0.00ms, predicted optional time: 0.00ms, time remaining: 47.98
[2024-10-11T04:30:43.467+0800][debug][gc,ergo,cset] Preventive GC, insufficient free regions. Predicted need 7. Curr Eden 2 (Pred 3). Curr Survivor 1 (Pred 1). Curr Old 50 (Pred 3) Free 6 Alloc 1
[2024-10-11T04:30:43.467+0800][debug][gc,ergo,cset] GC(362) Start adding old regions to collection set. Min 4 regions, max 7 regions, time remaining 48.69ms, optional threshold 9.74ms
[2024-10-11T04:30:43.467+0800][debug][gc,ergo,cset] GC(362) Finish adding old regions to collection set (Maximum number of regions). Initial 7 regions, optional 0 regions
[2024-10-11T04:30:43.467+0800][debug][gc,ergo,cset] GC(362) Finish choosing collection set old regions. Initial: 7, optional: 0, predicted old time: 0.00ms, predicted optional time: 0.00ms, time remaining: 47.21
[2024-10-11T04:30:43.471+0800][debug][gc,ergo,cset] Preventive GC, insufficient free regions. Predicted need 6. Curr Eden 1 (Pred 2). Curr Survivor 1 (Pred 1). Curr Old 52 (Pred 3) Free 5 Alloc 1
[2024-10-11T04:30:43.471+0800][debug][gc,ergo,cset] GC(363) Start adding old regions to collection set. Min 4 regions, max 7 regions, time remaining 48.87ms, optional threshold 9.77ms
[2024-10-11T04:30:43.471+0800][debug][gc,ergo,cset] GC(363) Finish adding old regions to collection set (Maximum number of regions). Initial 7 regions, optional 0 regions
[2024-10-11T04:30:43.471+0800][debug][gc,ergo,cset] GC(363) Finish choosing collection set old regions. Initial: 7, optional: 0, predicted old time: 0.00ms, predicted optional time: 0.00ms, time remaining: 47.25
[2024-10-11T04:30:43.474+0800][debug][gc,ergo,cset] Preventive GC, insufficient free regions. Predicted need 5. Curr Eden 0 (Pred 1). Curr Survivor 1 (Pred 1). Curr Old 54 (Pred 3) Free 3 Alloc 1
[2024-10-11T04:30:43.474+0800][debug][gc,ergo,cset] GC(364) Start adding old regions to collection set. Min 4 regions, max 7 regions, time remaining 49.38ms, optional threshold 9.88ms
[2024-10-11T04:30:43.474+0800][debug][gc,ergo,cset] GC(364) Finish adding old regions to collection set (Maximum number of regions). Initial 7 regions, optional 0 regions
[2024-10-11T04:30:43.474+0800][debug][gc,ergo,cset] GC(364) Finish choosing collection set old regions. Initial: 7, optional: 0, predicted old time: 0.00ms, predicted optional time: 0.00ms, time remaining: 47.67
[2024-10-11T04:30:43.539+0800][debug][gc,ergo,cset] GC(365) Start adding old regions to collection set. Min 4 regions, max 7 regions, time remaining 48.90ms, optional threshold 9.78ms
[2024-10-11T04:30:43.539+0800][debug][gc,ergo,cset] GC(365) Old candidate collection set empty.
[2024-10-11T04:30:43.539+0800][debug][gc,ergo,cset] GC(365) Finish choosing collection set old regions. Initial: 4, optional: 0, predicted old time: 0.00ms, predicted optional time: 0.00ms, time remaining: 47.66
[2024-10-11T04:30:44.215+0800][debug][gc,ergo,cset] GC(372) Pruned 11 regions out of 36, leaving 6034784 bytes waste (allowed 6710886)
[2024-10-11T04:30:44.463+0800][debug][gc,ergo,cset] Preventive GC, insufficient free regions. Predicted need 5. Curr Eden 2 (Pred 3). Curr Survivor 1 (Pred 1). Curr Old 51 (Pred 1) Free 5 Alloc 1
[2024-10-11T04:30:44.463+0800][debug][gc,ergo,cset] GC(374) Start adding old regions to collection set. Min 4 regions, max 7 regions, time remaining 48.77ms, optional threshold 9.75ms
[2024-10-11T04:30:44.463+0800][debug][gc,ergo,cset] GC(374) Finish adding old regions to collection set (Maximum number of regions). Initial 7 regions, optional 0 regions
[2024-10-11T04:30:44.463+0800][debug][gc,ergo,cset] GC(374) Finish choosing collection set old regions. Initial: 7, optional: 0, predicted old time: 0.00ms, predicted optional time: 0.00ms, time remaining: 47.84
[2024-10-11T04:30:44.568+0800][debug][gc,ergo,cset] GC(375) Start adding old regions to collection set. Min 4 regions, max 7 regions, time remaining 48.68ms, optional threshold 9.74ms
[2024-10-11T04:30:44.568+0800][debug][gc,ergo,cset] GC(375) Finish adding old regions to collection set (Maximum number of regions). Initial 7 regions, optional 0 regions
[2024-10-11T04:30:44.568+0800][debug][gc,ergo,cset] GC(375) Finish choosing collection set old regions. Initial: 7, optional: 0, predicted old time: 0.00ms, predicted optional time: 0.00ms, time remaining: 47.42
[2024-10-11T04:30:44.673+0800][debug][gc,ergo,cset] GC(376) Start adding old regions to collection set. Min 4 regions, max 7 regions, time remaining 48.64ms, optional threshold 9.73ms
[2024-10-11T04:30:44.673+0800][debug][gc,ergo,cset] GC(376) Finish adding old regions to collection set (Maximum number of regions). Initial 7 regions, optional 0 regions
[2024-10-11T04:30:44.673+0800][debug][gc,ergo,cset] GC(376) Finish choosing collection set old regions. Initial: 7, optional: 0, predicted old time: 0.00ms, predicted optional time: 0.00ms, time remaining: 47.03
[2024-10-11T04:30:44.778+0800][debug][gc,ergo,cset] GC(377) Start adding old regions to collection set. Min 4 regions, max 7 regions, time remaining 48.67ms, optional threshold 9.73ms
[2024-10-11T04:30:44.778+0800][debug][gc,ergo,cset] GC(377) Old candidate collection set empty.
[2024-10-11T04:30:44.779+0800][debug][gc,ergo,cset] GC(377) Finish choosing collection set old regions. Initial: 4, optional: 0, predicted old time: 0.00ms, predicted optional time: 0.00ms, time remaining: 47.67
[2024-10-11T04:30:45.103+0800][debug][gc,ergo,cset] GC(381) Pruned 12 regions out of 40, leaving 6525728 bytes waste (allowed 6710886)
[2024-10-11T04:30:45.310+0800][debug][gc,ergo,cset] Preventive GC, insufficient free regions. Predicted need 4. Curr Eden 1 (Pred 2). Curr Survivor 1 (Pred 1). Curr Old 53 (Pred 1) Free 4 Alloc 1
[2024-10-11T04:30:45.310+0800][debug][gc,ergo,cset] GC(383) Start adding old regions to collection set. Min 4 regions, max 7 regions, time remaining 49.00ms, optional threshold 9.80ms
[2024-10-11T04:30:45.310+0800][debug][gc,ergo,cset] GC(383) Finish adding old regions to collection set (Maximum number of regions). Initial 7 regions, optional 0 regions
[2024-10-11T04:30:45.310+0800][debug][gc,ergo,cset] GC(383) Finish choosing collection set old regions. Initial: 7, optional: 0, predicted old time: 0.00ms, predicted optional time: 0.00ms, time remaining: 48.19
[2024-10-11T04:30:45.414+0800][debug][gc,ergo,cset] GC(384) Start adding old regions to collection set. Min 4 regions, max 7 regions, time remaining 48.71ms, optional threshold 9.74ms
[2024-10-11T04:30:45.414+0800][debug][gc,ergo,cset] GC(384) Finish adding old regions to collection set (Maximum number of regions). Initial 7 regions, optional 0 regions
[2024-10-11T04:30:45.414+0800][debug][gc,ergo,cset] GC(384) Finish choosing collection set old regions. Initial: 7, optional: 0, predicted old time: 0.00ms, predicted optional time: 0.00ms, time remaining: 47.46
[2024-10-11T04:30:45.520+0800][debug][gc,ergo,cset] GC(385) Start adding old regions to collection set. Min 4 regions, max 7 regions, time remaining 48.67ms, optional threshold 9.73ms
[2024-10-11T04:30:45.520+0800][debug][gc,ergo,cset] GC(385) Finish adding old regions to collection set (Maximum number of regions). Initial 7 regions, optional 0 regions
[2024-10-11T04:30:45.520+0800][debug][gc,ergo,cset] GC(385) Finish choosing collection set old regions. Initial: 7, optional: 0, predicted old time: 0.00ms, predicted optional time: 0.00ms, time remaining: 46.96
[2024-10-11T04:30:45.625+0800][debug][gc,ergo,cset] GC(386) Start adding old regions to collection set. Min 4 regions, max 7 regions, time remaining 48.62ms, optional threshold 9.72ms
[2024-10-11T04:30:45.625+0800][debug][gc,ergo,cset] GC(386) Old candidate collection set empty.
[2024-10-11T04:30:45.625+0800][debug][gc,ergo,cset] GC(386) Finish choosing collection set old regions. Initial: 7, optional: 0, predicted old time: 0.00ms, predicted optional time: 0.00ms, time remaining: 46.75
[2024-10-11T04:30:45.951+0800][debug][gc,ergo,cset] GC(390) Pruned 12 regions out of 40, leaving 6391368 bytes waste (allowed 6710886)
[2024-10-11T04:30:46.157+0800][debug][gc,ergo,cset] Preventive GC, insufficient free regions. Predicted need 5. Curr Eden 1 (Pred 2). Curr Survivor 1 (Pred 1). Curr Old 52 (Pred 2) Free 5 Alloc 1
[2024-10-11T04:30:46.158+0800][debug][gc,ergo,cset] GC(392) Start adding old regions to collection set. Min 4 regions, max 7 regions, time remaining 49.01ms, optional threshold 9.80ms
[2024-10-11T04:30:46.158+0800][debug][gc,ergo,cset] GC(392) Finish adding old regions to collection set (Maximum number of regions). Initial 7 regions, optional 0 regions
[2024-10-11T04:30:46.158+0800][debug][gc,ergo,cset] GC(392) Finish choosing collection set old regions. Initial: 7, optional: 0, predicted old time: 0.00ms, predicted optional time: 0.00ms, time remaining: 48.07
[2024-10-11T04:30:46.263+0800][debug][gc,ergo,cset] GC(393) Start adding old regions to collection set. Min 4 regions, max 7 regions, time remaining 48.69ms, optional threshold 9.74ms
[2024-10-11T04:30:46.263+0800][debug][gc,ergo,cset] GC(393) Finish adding old regions to collection set (Maximum number of regions). Initial 7 regions, optional 0 regions
[2024-10-11T04:30:46.263+0800][debug][gc,ergo,cset] GC(393) Finish choosing collection set old regions. Initial: 7, optional: 0, predicted old time: 0.00ms, predicted optional time: 0.00ms, time remaining: 47.30
[2024-10-11T04:30:46.368+0800][debug][gc,ergo,cset] GC(394) Start adding old regions to collection set. Min 4 regions, max 7 regions, time remaining 48.57ms, optional threshold 9.71ms
[2024-10-11T04:30:46.368+0800][debug][gc,ergo,cset] GC(394) Finish adding old regions to collection set (Maximum number of regions). Initial 7 regions, optional 0 regions
[2024-10-11T04:30:46.368+0800][debug][gc,ergo,cset] GC(394) Finish choosing collection set old regions. Initial: 7, optional: 0, predicted old time: 0.00ms, predicted optional time: 0.00ms, time remaining: 46.87
[2024-10-11T04:30:46.474+0800][debug][gc,ergo,cset] GC(395) Start adding old regions to collection set. Min 4 regions, max 7 regions, time remaining 48.59ms, optional threshold 9.72ms
[2024-10-11T04:30:46.474+0800][debug][gc,ergo,cset] GC(395) Old candidate collection set empty.
[2024-10-11T04:30:46.474+0800][debug][gc,ergo,cset] GC(395) Finish choosing collection set old regions. Initial: 7, optional: 0, predicted old time: 0.00ms, predicted optional time: 0.00ms, time remaining: 46.69
[2024-10-11T04:30:46.799+0800][debug][gc,ergo,cset] GC(399) Pruned 11 regions out of 39, leaving 6635056 bytes waste (allowed 6710886)
[2024-10-11T04:30:47.046+0800][debug][gc,ergo,cset] Preventive GC, insufficient free regions. Predicted need 5. Curr Eden 2 (Pred 3). Curr Survivor 1 (Pred 1). Curr Old 52 (Pred 1) Free 4 Alloc 1
[2024-10-11T04:30:47.046+0800][debug][gc,ergo,cset] GC(401) Start adding old regions to collection set. Min 4 regions, max 7 regions, time remaining 48.78ms, optional threshold 9.76ms
[2024-10-11T04:30:47.046+0800][debug][gc,ergo,cset] GC(401) Finish adding old regions to collection set (Maximum number of regions). Initial 7 regions, optional 0 regions
[2024-10-11T04:30:47.046+0800][debug][gc,ergo,cset] GC(401) Finish choosing collection set old regions. Initial: 7, optional: 0, predicted old time: 0.00ms, predicted optional time: 0.00ms, time remaining: 48.14
[2024-10-11T04:30:47.151+0800][debug][gc,ergo,cset] Preventive GC, insufficient free regions. Predicted need 6. Curr Eden 2 (Pred 3). Curr Survivor 1 (Pred 1). Curr Old 50 (Pred 2) Free 6 Alloc 1
[2024-10-11T04:30:47.151+0800][debug][gc,ergo,cset] GC(402) Start adding old regions to collection set. Min 4 regions, max 7 regions, time remaining 48.74ms, optional threshold 9.75ms
[2024-10-11T04:30:47.151+0800][debug][gc,ergo,cset] GC(402) Finish adding old regions to collection set (Maximum number of regions). Initial 7 regions, optional 0 regions
[2024-10-11T04:30:47.151+0800][debug][gc,ergo,cset] GC(402) Finish choosing collection set old regions. Initial: 7, optional: 0, predicted old time: 0.00ms, predicted optional time: 0.00ms, time remaining: 47.54
[2024-10-11T04:30:47.257+0800][debug][gc,ergo,cset] GC(403) Start adding old regions to collection set. Min 4 regions, max 7 regions, time remaining 48.68ms, optional threshold 9.74ms
[2024-10-11T04:30:47.257+0800][debug][gc,ergo,cset] GC(403) Finish adding old regions to collection set (Maximum number of regions). Initial 7 regions, optional 0 regions
[2024-10-11T04:30:47.257+0800][debug][gc,ergo,cset] GC(403) Finish choosing collection set old regions. Initial: 7, optional: 0, predicted old time: 0.00ms, predicted optional time: 0.00ms, time remaining: 47.13
[2024-10-11T04:30:47.362+0800][debug][gc,ergo,cset] GC(404) Start adding old regions to collection set. Min 4 regions, max 7 regions, time remaining 48.67ms, optional threshold 9.73ms
[2024-10-11T04:30:47.362+0800][debug][gc,ergo,cset] GC(404) Old candidate collection set empty.
[2024-10-11T04:30:47.362+0800][debug][gc,ergo,cset] GC(404) Finish choosing collection set old regions. Initial: 7, optional: 0, predicted old time: 0.00ms, predicted optional time: 0.00ms, time remaining: 46.92
[2024-10-11T04:30:47.687+0800][debug][gc,ergo,cset] GC(408) Pruned 11 regions out of 40, leaving 6594248 bytes waste (allowed 6710886)
[2024-10-11T04:30:47.831+0800][debug][gc,ergo,cset] Preventive GC, insufficient free regions. Predicted need 4. Curr Eden 2 (Pred 3). Curr Survivor 1 (Pred 1). Curr Old 52 (Pred 0) Free 4 Alloc 1
[2024-10-11T04:30:47.894+0800][debug][gc,ergo,cset] Preventive GC, insufficient free regions. Predicted need 4. Curr Eden 1 (Pred 2). Curr Survivor 1 (Pred 1). Curr Old 53 (Pred 1) Free 4 Alloc 1
[2024-10-11T04:30:47.895+0800][debug][gc,ergo,cset] GC(410) Start adding old regions to collection set. Min 4 regions, max 7 regions, time remaining 49.01ms, optional threshold 9.80ms
[2024-10-11T04:30:47.895+0800][debug][gc,ergo,cset] GC(410) Finish adding old regions to collection set (Maximum number of regions). Initial 7 regions, optional 0 regions
[2024-10-11T04:30:47.895+0800][debug][gc,ergo,cset] GC(410) Finish choosing collection set old regions. Initial: 7, optional: 0, predicted old time: 0.00ms, predicted optional time: 0.00ms, time remaining: 48.38
[2024-10-11T04:30:48.000+0800][debug][gc,ergo,cset] Preventive GC, insufficient free regions. Predicted need 6. Curr Eden 2 (Pred 3). Curr Survivor 1 (Pred 1). Curr Old 49 (Pred 2) Free 6 Alloc 1
[2024-10-11T04:30:48.000+0800][debug][gc,ergo,cset] GC(411) Start adding old regions to collection set. Min 4 regions, max 7 regions, time remaining 48.64ms, optional threshold 9.73ms
[2024-10-11T04:30:48.000+0800][debug][gc,ergo,cset] GC(411) Finish adding old regions to collection set (Maximum number of regions). Initial 7 regions, optional 0 regions
[2024-10-11T04:30:48.000+0800][debug][gc,ergo,cset] GC(411) Finish choosing collection set old regions. Initial: 7, optional: 0, predicted old time: 0.00ms, predicted optional time: 0.00ms, time remaining: 47.36
[2024-10-11T04:30:48.105+0800][debug][gc,ergo,cset] GC(412) Start adding old regions to collection set. Min 4 regions, max 7 regions, time remaining 48.58ms, optional threshold 9.72ms
[2024-10-11T04:30:48.105+0800][debug][gc,ergo,cset] GC(412) Finish adding old regions to collection set (Maximum number of regions). Initial 7 regions, optional 0 regions
[2024-10-11T04:30:48.105+0800][debug][gc,ergo,cset] GC(412) Finish choosing collection set old regions. Initial: 7, optional: 0, predicted old time: 0.00ms, predicted optional time: 0.00ms, time remaining: 46.99
[2024-10-11T04:30:48.211+0800][debug][gc,ergo,cset] GC(413) Start adding old regions to collection set. Min 4 regions, max 7 regions, time remaining 48.60ms, optional threshold 9.72ms
[2024-10-11T04:30:48.211+0800][debug][gc,ergo,cset] GC(413) Finish adding old regions to collection set (Maximum number of regions). Initial 7 regions, optional 0 regions
[2024-10-11T04:30:48.211+0800][debug][gc,ergo,cset] GC(413) Finish choosing collection set old regions. Initial: 7, optional: 0, predicted old time: 0.00ms, predicted optional time: 0.00ms, time remaining: 46.86
[2024-10-11T04:30:48.316+0800][debug][gc,ergo,cset] GC(414) Start adding old regions to collection set. Min 4 regions, max 7 regions, time remaining 48.64ms, optional threshold 9.73ms
[2024-10-11T04:30:48.316+0800][debug][gc,ergo,cset] GC(414) Old candidate collection set empty.
[2024-10-11T04:30:48.316+0800][debug][gc,ergo,cset] GC(414) Finish choosing collection set old regions. Initial: 1, optional: 0, predicted old time: 0.00ms, predicted optional time: 0.00ms, time remaining: 48.37
[2024-10-11T04:30:48.640+0800][debug][gc,ergo,cset] GC(418) Pruned 9 regions out of 37, leaving 5656376 bytes waste (allowed 6710886)
[2024-10-11T04:30:48.848+0800][debug][gc,ergo,cset] Preventive GC, insufficient free regions. Predicted need 5. Curr Eden 1 (Pred 2). Curr Survivor 1 (Pred 1). Curr Old 53 (Pred 2) Free 4 Alloc 1
[2024-10-11T04:30:48.848+0800][debug][gc,ergo,cset] GC(420) Start adding old regions to collection set. Min 4 regions, max 7 regions, time remaining 48.97ms, optional threshold 9.79ms
[2024-10-11T04:30:48.848+0800][debug][gc,ergo,cset] GC(420) Finish adding old regions to collection set (Maximum number of regions). Initial 7 regions, optional 0 regions
[2024-10-11T04:30:48.848+0800][debug][gc,ergo,cset] GC(420) Finish choosing collection set old regions. Initial: 7, optional: 0, predicted old time: 0.00ms, predicted optional time: 0.00ms, time remaining: 48.07
[2024-10-11T04:30:48.952+0800][debug][gc,ergo,cset] GC(421) Start adding old regions to collection set. Min 4 regions, max 7 regions, time remaining 48.68ms, optional threshold 9.74ms
[2024-10-11T04:30:48.952+0800][debug][gc,ergo,cset] GC(421) Finish adding old regions to collection set (Maximum number of regions). Initial 7 regions, optional 0 regions
[2024-10-11T04:30:48.952+0800][debug][gc,ergo,cset] GC(421) Finish choosing collection set old regions. Initial: 7, optional: 0, predicted old time: 0.00ms, predicted optional time: 0.00ms, time remaining: 47.55
[2024-10-11T04:30:49.057+0800][debug][gc,ergo,cset] GC(422) Start adding old regions to collection set. Min 4 regions, max 7 regions, time remaining 48.59ms, optional threshold 9.72ms
[2024-10-11T04:30:49.057+0800][debug][gc,ergo,cset] GC(422) Finish adding old regions to collection set (Maximum number of regions). Initial 7 regions, optional 0 regions
[2024-10-11T04:30:49.057+0800][debug][gc,ergo,cset] GC(422) Finish choosing collection set old regions. Initial: 7, optional: 0, predicted old time: 0.00ms, predicted optional time: 0.00ms, time remaining: 46.92
[2024-10-11T04:30:49.163+0800][debug][gc,ergo,cset] GC(423) Start adding old regions to collection set. Min 4 regions, max 7 regions, time remaining 48.59ms, optional threshold 9.72ms
[2024-10-11T04:30:49.163+0800][debug][gc,ergo,cset] GC(423) Old candidate collection set empty.
[2024-10-11T04:30:49.163+0800][debug][gc,ergo,cset] GC(423) Finish choosing collection set old regions. Initial: 7, optional: 0, predicted old time: 0.00ms, predicted optional time: 0.00ms, time remaining: 46.71
[2024-10-11T04:30:49.487+0800][debug][gc,ergo,cset] GC(427) Pruned 10 regions out of 37, leaving 6331520 bytes waste (allowed 6710886)
[2024-10-11T04:30:49.735+0800][debug][gc,ergo,cset] Preventive GC, insufficient free regions. Predicted need 5. Curr Eden 2 (Pred 3). Curr Survivor 1 (Pred 1). Curr Old 52 (Pred 1) Free 4 Alloc 1
[2024-10-11T04:30:49.736+0800][debug][gc,ergo,cset] GC(429) Start adding old regions to collection set. Min 4 regions, max 7 regions, time remaining 48.70ms, optional threshold 9.74ms
[2024-10-11T04:30:49.736+0800][debug][gc,ergo,cset] GC(429) Finish adding old regions to collection set (Maximum number of regions). Initial 7 regions, optional 0 regions
[2024-10-11T04:30:49.736+0800][debug][gc,ergo,cset] GC(429) Finish choosing collection set old regions. Initial: 7, optional: 0, predicted old time: 0.00ms, predicted optional time: 0.00ms, time remaining: 47.92
[2024-10-11T04:30:49.799+0800][debug][gc,ergo,cset] Preventive GC, insufficient free regions. Predicted need 5. Curr Eden 1 (Pred 2). Curr Survivor 1 (Pred 1). Curr Old 54 (Pred 2) Free 3 Alloc 1
[2024-10-11T04:30:49.799+0800][debug][gc,ergo,cset] GC(430) Start adding old regions to collection set. Min 4 regions, max 7 regions, time remaining 48.98ms, optional threshold 9.80ms
[2024-10-11T04:30:49.799+0800][debug][gc,ergo,cset] GC(430) Finish adding old regions to collection set (Maximum number of regions). Initial 7 regions, optional 0 regions
[2024-10-11T04:30:49.799+0800][debug][gc,ergo,cset] GC(430) Finish choosing collection set old regions. Initial: 7, optional: 0, predicted old time: 0.00ms, predicted optional time: 0.00ms, time remaining: 47.78
[2024-10-11T04:30:49.842+0800][debug][gc,ergo,cset] Preventive GC, insufficient free regions. Predicted need 5. Curr Eden 1 (Pred 2). Curr Survivor 1 (Pred 1). Curr Old 56 (Pred 2) Free 1 Alloc 1
[2024-10-11T04:30:49.842+0800][debug][gc,ergo,cset] GC(431) Start adding old regions to collection set. Min 4 regions, max 7 regions, time remaining 48.94ms, optional threshold 9.79ms
[2024-10-11T04:30:49.842+0800][debug][gc,ergo,cset] GC(431) Finish adding old regions to collection set (Maximum number of regions). Initial 7 regions, optional 0 regions
[2024-10-11T04:30:49.842+0800][debug][gc,ergo,cset] GC(431) Finish choosing collection set old regions. Initial: 7, optional: 0, predicted old time: 0.00ms, predicted optional time: 0.00ms, time remaining: 47.40
[2024-10-11T04:30:49.906+0800][debug][gc,ergo,cset] GC(432) Start adding old regions to collection set. Min 4 regions, max 7 regions, time remaining 48.80ms, optional threshold 9.76ms
[2024-10-11T04:30:49.906+0800][debug][gc,ergo,cset] GC(432) Old candidate collection set empty.
[2024-10-11T04:30:49.906+0800][debug][gc,ergo,cset] GC(432) Finish choosing collection set old regions. Initial: 6, optional: 0, predicted old time: 0.00ms, predicted optional time: 0.00ms, time remaining: 47.26
[2024-10-11T04:30:50.459+0800][debug][gc,ergo,cset] GC(438) Pruned 11 regions out of 32, leaving 6269296 bytes waste (allowed 6710886)
[2024-10-11T04:30:50.707+0800][debug][gc,ergo,cset] GC(440) Start adding old regions to collection set. Min 3 regions, max 7 regions, time remaining 48.73ms, optional threshold 9.75ms
[2024-10-11T04:30:50.707+0800][debug][gc,ergo,cset] GC(440) Finish adding old regions to collection set (Maximum number of regions). Initial 7 regions, optional 0 regions
[2024-10-11T04:30:50.707+0800][debug][gc,ergo,cset] GC(440) Finish choosing collection set old regions. Initial: 7, optional: 0, predicted old time: 0.00ms, predicted optional time: 0.00ms, time remaining: 47.69
[2024-10-11T04:30:50.812+0800][debug][gc,ergo,cset] GC(441) Start adding old regions to collection set. Min 3 regions, max 7 regions, time remaining 48.68ms, optional threshold 9.74ms
[2024-10-11T04:30:50.812+0800][debug][gc,ergo,cset] GC(441) Finish adding old regions to collection set (Maximum number of regions). Initial 7 regions, optional 0 regions
[2024-10-11T04:30:50.812+0800][debug][gc,ergo,cset] GC(441) Finish choosing collection set old regions. Initial: 7, optional: 0, predicted old time: 0.00ms, predicted optional time: 0.00ms, time remaining: 47.15
[2024-10-11T04:30:50.917+0800][debug][gc,ergo,cset] GC(442) Start adding old regions to collection set. Min 3 regions, max 7 regions, time remaining 48.62ms, optional threshold 9.72ms
[2024-10-11T04:30:50.917+0800][debug][gc,ergo,cset] GC(442) Old candidate collection set empty.
[2024-10-11T04:30:50.917+0800][debug][gc,ergo,cset] GC(442) Finish choosing collection set old regions. Initial: 7, optional: 0, predicted old time: 0.00ms, predicted optional time: 0.00ms, time remaining: 46.81
[2024-10-11T04:30:51.242+0800][debug][gc,ergo,cset] GC(446) Pruned 10 regions out of 38, leaving 6270056 bytes waste (allowed 6710886)
[2024-10-11T04:30:51.449+0800][debug][gc,ergo,cset] Preventive GC, insufficient free regions. Predicted need 5. Curr Eden 1 (Pred 2). Curr Survivor 1 (Pred 1). Curr Old 52 (Pred 2) Free 5 Alloc 1
[2024-10-11T04:30:51.449+0800][debug][gc,ergo,cset] GC(448) Start adding old regions to collection set. Min 4 regions, max 7 regions, time remaining 48.98ms, optional threshold 9.80ms
[2024-10-11T04:30:51.449+0800][debug][gc,ergo,cset] GC(448) Finish adding old regions to collection set (Maximum number of regions). Initial 7 regions, optional 0 regions
[2024-10-11T04:30:51.449+0800][debug][gc,ergo,cset] GC(448) Finish choosing collection set old regions. Initial: 7, optional: 0, predicted old time: 0.00ms, predicted optional time: 0.00ms, time remaining: 48.00
[2024-10-11T04:30:51.554+0800][debug][gc,ergo,cset] GC(449) Start adding old regions to collection set. Min 4 regions, max 7 regions, time remaining 48.63ms, optional threshold 9.73ms
[2024-10-11T04:30:51.554+0800][debug][gc,ergo,cset] GC(449) Finish adding old regions to collection set (Maximum number of regions). Initial 7 regions, optional 0 regions
[2024-10-11T04:30:51.554+0800][debug][gc,ergo,cset] GC(449) Finish choosing collection set old regions. Initial: 7, optional: 0, predicted old time: 0.00ms, predicted optional time: 0.00ms, time remaining: 47.29
[2024-10-11T04:30:51.660+0800][debug][gc,ergo,cset] GC(450) Start adding old regions to collection set. Min 4 regions, max 7 regions, time remaining 48.59ms, optional threshold 9.72ms
[2024-10-11T04:30:51.660+0800][debug][gc,ergo,cset] GC(450) Finish adding old regions to collection set (Maximum number of regions). Initial 7 regions, optional 0 regions
[2024-10-11T04:30:51.660+0800][debug][gc,ergo,cset] GC(450) Finish choosing collection set old regions. Initial: 7, optional: 0, predicted old time: 0.00ms, predicted optional time: 0.00ms, time remaining: 47.00
[2024-10-11T04:30:51.765+0800][debug][gc,ergo,cset] GC(451) Start adding old regions to collection set. Min 4 regions, max 7 regions, time remaining 48.62ms, optional threshold 9.72ms
[2024-10-11T04:30:51.765+0800][debug][gc,ergo,cset] GC(451) Old candidate collection set empty.
[2024-10-11T04:30:51.765+0800][debug][gc,ergo,cset] GC(451) Finish choosing collection set old regions. Initial: 7, optional: 0, predicted old time: 0.00ms, predicted optional time: 0.00ms, time remaining: 46.95
[2024-10-11T04:30:52.089+0800][debug][gc,ergo,cset] GC(455) Pruned 10 regions out of 38, leaving 6466056 bytes waste (allowed 6710886)
[2024-10-11T04:30:52.296+0800][debug][gc,ergo,cset] Preventive GC, insufficient free regions. Predicted need 5. Curr Eden 1 (Pred 2). Curr Survivor 1 (Pred 1). Curr Old 53 (Pred 2) Free 4 Alloc 1
[2024-10-11T04:30:52.297+0800][debug][gc,ergo,cset] GC(457) Start adding old regions to collection set. Min 4 regions, max 7 regions, time remaining 49.00ms, optional threshold 9.80ms
[2024-10-11T04:30:52.297+0800][debug][gc,ergo,cset] GC(457) Finish adding old regions to collection set (Maximum number of regions). Initial 7 regions, optional 0 regions
[2024-10-11T04:30:52.297+0800][debug][gc,ergo,cset] GC(457) Finish choosing collection set old regions. Initial: 7, optional: 0, predicted old time: 0.00ms, predicted optional time: 0.00ms, time remaining: 48.14
[2024-10-11T04:30:52.401+0800][debug][gc,ergo,cset] Preventive GC, insufficient free regions. Predicted need 7. Curr Eden 2 (Pred 3). Curr Survivor 1 (Pred 1). Curr Old 49 (Pred 3) Free 7 Alloc 1
[2024-10-11T04:30:52.401+0800][debug][gc,ergo,cset] GC(458) Start adding old regions to collection set. Min 4 regions, max 7 regions, time remaining 48.67ms, optional threshold 9.73ms
[2024-10-11T04:30:52.401+0800][debug][gc,ergo,cset] GC(458) Finish adding old regions to collection set (Maximum number of regions). Initial 7 regions, optional 0 regions
[2024-10-11T04:30:52.401+0800][debug][gc,ergo,cset] GC(458) Finish choosing collection set old regions. Initial: 7, optional: 0, predicted old time: 0.00ms, predicted optional time: 0.00ms, time remaining: 47.40
[2024-10-11T04:30:52.507+0800][debug][gc,ergo,cset] Preventive GC, insufficient free regions. Predicted need 7. Curr Eden 2 (Pred 3). Curr Survivor 1 (Pred 1). Curr Old 48 (Pred 3) Free 7 Alloc 1
[2024-10-11T04:30:52.508+0800][debug][gc,ergo,cset] GC(459) Start adding old regions to collection set. Min 4 regions, max 7 regions, time remaining 48.63ms, optional threshold 9.73ms
[2024-10-11T04:30:52.508+0800][debug][gc,ergo,cset] GC(459) Finish adding old regions to collection set (Maximum number of regions). Initial 7 regions, optional 0 regions
[2024-10-11T04:30:52.508+0800][debug][gc,ergo,cset] GC(459) Finish choosing collection set old regions. Initial: 7, optional: 0, predicted old time: 0.00ms, predicted optional time: 0.00ms, time remaining: 47.06
[2024-10-11T04:30:52.613+0800][debug][gc,ergo,cset] GC(460) Start adding old regions to collection set. Min 4 regions, max 7 regions, time remaining 48.57ms, optional threshold 9.71ms
[2024-10-11T04:30:52.613+0800][debug][gc,ergo,cset] GC(460) Old candidate collection set empty.
[2024-10-11T04:30:52.613+0800][debug][gc,ergo,cset] GC(460) Finish choosing collection set old regions. Initial: 7, optional: 0, predicted old time: 0.00ms, predicted optional time: 0.00ms, time remaining: 46.73
[2024-10-11T04:30:52.938+0800][debug][gc,ergo,cset] GC(464) Pruned 9 regions out of 39, leaving 6669456 bytes waste (allowed 6710886)
[2024-10-11T04:30:53.146+0800][debug][gc,ergo,cset] Preventive GC, insufficient free regions. Predicted need 4. Curr Eden 1 (Pred 2). Curr Survivor 1 (Pred 1). Curr Old 53 (Pred 1) Free 4 Alloc 1
[2024-10-11T04:30:53.146+0800][debug][gc,ergo,cset] GC(466) Start adding old regions to collection set. Min 4 regions, max 7 regions, time remaining 48.99ms, optional threshold 9.80ms
[2024-10-11T04:30:53.146+0800][debug][gc,ergo,cset] GC(466) Finish adding old regions to collection set (Maximum number of regions). Initial 7 regions, optional 0 regions
[2024-10-11T04:30:53.146+0800][debug][gc,ergo,cset] GC(466) Finish choosing collection set old regions. Initial: 7, optional: 0, predicted old time: 0.00ms, predicted optional time: 0.00ms, time remaining: 48.40
[2024-10-11T04:30:53.250+0800][debug][gc,ergo,cset] GC(467) Start adding old regions to collection set. Min 4 regions, max 7 regions, time remaining 48.68ms, optional threshold 9.74ms
[2024-10-11T04:30:53.250+0800][debug][gc,ergo,cset] GC(467) Finish adding old regions to collection set (Maximum number of regions). Initial 7 regions, optional 0 regions
[2024-10-11T04:30:53.250+0800][debug][gc,ergo,cset] GC(467) Finish choosing collection set old regions. Initial: 7, optional: 0, predicted old time: 0.00ms, predicted optional time: 0.00ms, time remaining: 47.50
[2024-10-11T04:30:53.356+0800][debug][gc,ergo,cset] GC(468) Start adding old regions to collection set. Min 4 regions, max 7 regions, time remaining 48.63ms, optional threshold 9.73ms
[2024-10-11T04:30:53.356+0800][debug][gc,ergo,cset] GC(468) Finish adding old regions to collection set (Maximum number of regions). Initial 7 regions, optional 0 regions
[2024-10-11T04:30:53.356+0800][debug][gc,ergo,cset] GC(468) Finish choosing collection set old regions. Initial: 7, optional: 0, predicted old time: 0.00ms, predicted optional time: 0.00ms, time remaining: 47.10
[2024-10-11T04:30:53.461+0800][debug][gc,ergo,cset] GC(469) Start adding old regions to collection set. Min 4 regions, max 7 regions, time remaining 48.63ms, optional threshold 9.73ms
[2024-10-11T04:30:53.461+0800][debug][gc,ergo,cset] GC(469) Finish adding old regions to collection set (Maximum number of regions). Initial 7 regions, optional 0 regions
[2024-10-11T04:30:53.461+0800][debug][gc,ergo,cset] GC(469) Finish choosing collection set old regions. Initial: 7, optional: 0, predicted old time: 0.00ms, predicted optional time: 0.00ms, time remaining: 46.92
[2024-10-11T04:30:53.567+0800][debug][gc,ergo,cset] GC(470) Start adding old regions to collection set. Min 4 regions, max 7 regions, time remaining 48.65ms, optional threshold 9.73ms
[2024-10-11T04:30:53.567+0800][debug][gc,ergo,cset] GC(470) Old candidate collection set empty.
[2024-10-11T04:30:53.567+0800][debug][gc,ergo,cset] GC(470) Finish choosing collection set old regions. Initial: 2, optional: 0, predicted old time: 0.00ms, predicted optional time: 0.00ms, time remaining: 48.13
[2024-10-11T04:30:53.890+0800][debug][gc,ergo,cset] GC(474) Pruned 8 regions out of 41, leaving 6052072 bytes waste (allowed 6710886)
[2024-10-11T04:30:54.034+0800][debug][gc,ergo,cset] Preventive GC, insufficient free regions. Predicted need 4. Curr Eden 2 (Pred 3). Curr Survivor 1 (Pred 1). Curr Old 52 (Pred 0) Free 4 Alloc 1
[2024-10-11T04:30:54.097+0800][debug][gc,ergo,cset] Preventive GC, insufficient free regions. Predicted need 5. Curr Eden 1 (Pred 2). Curr Survivor 1 (Pred 1). Curr Old 54 (Pred 2) Free 3 Alloc 1
[2024-10-11T04:30:54.097+0800][debug][gc,ergo,cset] GC(476) Start adding old regions to collection set. Min 5 regions, max 7 regions, time remaining 49.00ms, optional threshold 9.80ms
[2024-10-11T04:30:54.097+0800][debug][gc,ergo,cset] GC(476) Finish adding old regions to collection set (Maximum number of regions). Initial 7 regions, optional 0 regions
[2024-10-11T04:30:54.097+0800][debug][gc,ergo,cset] GC(476) Finish choosing collection set old regions. Initial: 7, optional: 0, predicted old time: 0.00ms, predicted optional time: 0.00ms, time remaining: 48.32
[2024-10-11T04:30:54.140+0800][debug][gc,ergo,cset] Preventive GC, insufficient free regions. Predicted need 6. Curr Eden 1 (Pred 2). Curr Survivor 1 (Pred 1). Curr Old 51 (Pred 3) Free 6 Alloc 1
[2024-10-11T04:30:54.140+0800][debug][gc,ergo,cset] GC(477) Start adding old regions to collection set. Min 5 regions, max 7 regions, time remaining 48.95ms, optional threshold 9.79ms
[2024-10-11T04:30:54.140+0800][debug][gc,ergo,cset] GC(477) Finish adding old regions to collection set (Maximum number of regions). Initial 7 regions, optional 0 regions
[2024-10-11T04:30:54.140+0800][debug][gc,ergo,cset] GC(477) Finish choosing collection set old regions. Initial: 7, optional: 0, predicted old time: 0.00ms, predicted optional time: 0.00ms, time remaining: 47.89
[2024-10-11T04:30:54.245+0800][debug][gc,ergo,cset] Preventive GC, insufficient free regions. Predicted need 7. Curr Eden 2 (Pred 3). Curr Survivor 1 (Pred 1). Curr Old 49 (Pred 3) Free 7 Alloc 1
[2024-10-11T04:30:54.245+0800][debug][gc,ergo,cset] GC(478) Start adding old regions to collection set. Min 5 regions, max 7 regions, time remaining 48.68ms, optional threshold 9.74ms
[2024-10-11T04:30:54.245+0800][debug][gc,ergo,cset] GC(478) Finish adding old regions to collection set (Maximum number of regions). Initial 7 regions, optional 0 regions
[2024-10-11T04:30:54.245+0800][debug][gc,ergo,cset] GC(478) Finish choosing collection set old regions. Initial: 7, optional: 0, predicted old time: 0.00ms, predicted optional time: 0.00ms, time remaining: 47.18
[2024-10-11T04:30:54.351+0800][debug][gc,ergo,cset] Preventive GC, insufficient free regions. Predicted need 8. Curr Eden 2 (Pred 3). Curr Survivor 1 (Pred 1). Curr Old 48 (Pred 4) Free 8 Alloc 1
[2024-10-11T04:30:54.351+0800][debug][gc,ergo,cset] GC(479) Start adding old regions to collection set. Min 5 regions, max 7 regions, time remaining 48.59ms, optional threshold 9.72ms
[2024-10-11T04:30:54.351+0800][debug][gc,ergo,cset] GC(479) Finish adding old regions to collection set (Maximum number of regions). Initial 7 regions, optional 0 regions
[2024-10-11T04:30:54.351+0800][debug][gc,ergo,cset] GC(479) Finish choosing collection set old regions. Initial: 7, optional: 0, predicted old time: 0.00ms, predicted optional time: 0.00ms, time remaining: 46.68
[2024-10-11T04:30:54.456+0800][debug][gc,ergo,cset] Preventive GC, insufficient free regions. Predicted need 9. Curr Eden 2 (Pred 3). Curr Survivor 1 (Pred 1). Curr Old 47 (Pred 5) Free 9 Alloc 1
[2024-10-11T04:30:54.457+0800][debug][gc,ergo,cset] GC(480) Start adding old regions to collection set. Min 5 regions, max 7 regions, time remaining 48.61ms, optional threshold 9.72ms
[2024-10-11T04:30:54.457+0800][debug][gc,ergo,cset] GC(480) Old candidate collection set empty.
[2024-10-11T04:30:54.457+0800][debug][gc,ergo,cset] GC(480) Finish choosing collection set old regions. Initial: 5, optional: 0, predicted old time: 0.00ms, predicted optional time: 0.00ms, time remaining: 47.16
[2024-10-11T04:30:54.615+0800][debug][gc,ergo,cset] GC(483) Pruned 8 regions out of 35, leaving 6484344 bytes waste (allowed 6710886)
[2024-10-11T04:30:54.884+0800][debug][gc,ergo,cset] Preventive GC, insufficient free regions. Predicted need 5. Curr Eden 2 (Pred 3). Curr Survivor 1 (Pred 1). Curr Old 52 (Pred 1) Free 4 Alloc 1
[2024-10-11T04:30:54.884+0800][debug][gc,ergo,cset] GC(485) Start adding old regions to collection set. Min 4 regions, max 7 regions, time remaining 48.70ms, optional threshold 9.74ms
[2024-10-11T04:30:54.884+0800][debug][gc,ergo,cset] GC(485) Finish adding old regions to collection set (Maximum number of regions). Initial 7 regions, optional 0 regions
[2024-10-11T04:30:54.884+0800][debug][gc,ergo,cset] GC(485) Finish choosing collection set old regions. Initial: 7, optional: 0, predicted old time: 0.00ms, predicted optional time: 0.00ms, time remaining: 48.13
[2024-10-11T04:30:54.989+0800][debug][gc,ergo,cset] GC(486) Start adding old regions to collection set. Min 4 regions, max 7 regions, time remaining 48.68ms, optional threshold 9.74ms
[2024-10-11T04:30:54.989+0800][debug][gc,ergo,cset] GC(486) Finish adding old regions to collection set (Maximum number of regions). Initial 7 regions, optional 0 regions
[2024-10-11T04:30:54.989+0800][debug][gc,ergo,cset] GC(486) Finish choosing collection set old regions. Initial: 7, optional: 0, predicted old time: 0.00ms, predicted optional time: 0.00ms, time remaining: 47.46
[2024-10-11T04:30:55.094+0800][debug][gc,ergo,cset] GC(487) Start adding old regions to collection set. Min 4 regions, max 7 regions, time remaining 48.60ms, optional threshold 9.72ms
[2024-10-11T04:30:55.094+0800][debug][gc,ergo,cset] GC(487) Finish adding old regions to collection set (Maximum number of regions). Initial 7 regions, optional 0 regions
[2024-10-11T04:30:55.094+0800][debug][gc,ergo,cset] GC(487) Finish choosing collection set old regions. Initial: 7, optional: 0, predicted old time: 0.00ms, predicted optional time: 0.00ms, time remaining: 46.88
[2024-10-11T04:30:55.199+0800][debug][gc,ergo,cset] GC(488) Start adding old regions to collection set. Min 4 regions, max 7 regions, time remaining 48.62ms, optional threshold 9.72ms
[2024-10-11T04:30:55.199+0800][debug][gc,ergo,cset] GC(488) Old candidate collection set empty.
[2024-10-11T04:30:55.199+0800][debug][gc,ergo,cset] GC(488) Finish choosing collection set old regions. Initial: 6, optional: 0, predicted old time: 0.00ms, predicted optional time: 0.00ms, time remaining: 46.96
[2024-10-11T04:30:55.524+0800][debug][gc,ergo,cset] GC(492) Pruned 11 regions out of 42, leaving 6304640 bytes waste (allowed 6710886)
[2024-10-11T04:30:55.668+0800][debug][gc,ergo,cset] Preventive GC, insufficient free regions. Predicted need 4. Curr Eden 2 (Pred 3). Curr Survivor 1 (Pred 1). Curr Old 52 (Pred 0) Free 4 Alloc 1
[2024-10-11T04:30:55.731+0800][debug][gc,ergo,cset] Preventive GC, insufficient free regions. Predicted need 4. Curr Eden 1 (Pred 2). Curr Survivor 1 (Pred 1). Curr Old 54 (Pred 1) Free 3 Alloc 1
[2024-10-11T04:30:55.731+0800][debug][gc,ergo,cset] GC(494) Start adding old regions to collection set. Min 4 regions, max 7 regions, time remaining 48.96ms, optional threshold 9.79ms
[2024-10-11T04:30:55.731+0800][debug][gc,ergo,cset] GC(494) Finish adding old regions to collection set (Maximum number of regions). Initial 7 regions, optional 0 regions
[2024-10-11T04:30:55.731+0800][debug][gc,ergo,cset] GC(494) Finish choosing collection set old regions. Initial: 7, optional: 0, predicted old time: 0.00ms, predicted optional time: 0.00ms, time remaining: 48.30
[2024-10-11T04:30:55.836+0800][debug][gc,ergo,cset] Preventive GC, insufficient free regions. Predicted need 7. Curr Eden 2 (Pred 3). Curr Survivor 1 (Pred 1). Curr Old 49 (Pred 3) Free 7 Alloc 1
[2024-10-11T04:30:55.836+0800][debug][gc,ergo,cset] GC(495) Start adding old regions to collection set. Min 4 regions, max 7 regions, time remaining 48.61ms, optional threshold 9.72ms
[2024-10-11T04:30:55.836+0800][debug][gc,ergo,cset] GC(495) Finish adding old regions to collection set (Maximum number of regions). Initial 7 regions, optional 0 regions
[2024-10-11T04:30:55.836+0800][debug][gc,ergo,cset] GC(495) Finish choosing collection set old regions. Initial: 7, optional: 0, predicted old time: 0.00ms, predicted optional time: 0.00ms, time remaining: 47.27
[2024-10-11T04:30:55.942+0800][debug][gc,ergo,cset] GC(496) Start adding old regions to collection set. Min 4 regions, max 7 regions, time remaining 48.52ms, optional threshold 9.70ms
[2024-10-11T04:30:55.942+0800][debug][gc,ergo,cset] GC(496) Finish adding old regions to collection set (Maximum number of regions). Initial 7 regions, optional 0 regions
[2024-10-11T04:30:55.942+0800][debug][gc,ergo,cset] GC(496) Finish choosing collection set old regions. Initial: 7, optional: 0, predicted old time: 0.00ms, predicted optional time: 0.00ms, time remaining: 46.87
[2024-10-11T04:30:56.048+0800][debug][gc,ergo,cset] GC(497) Start adding old regions to collection set. Min 4 regions, max 7 regions, time remaining 48.55ms, optional threshold 9.71ms
[2024-10-11T04:30:56.048+0800][debug][gc,ergo,cset] GC(497) Finish adding old regions to collection set (Maximum number of regions). Initial 7 regions, optional 0 regions
[2024-10-11T04:30:56.048+0800][debug][gc,ergo,cset] GC(497) Finish choosing collection set old regions. Initial: 7, optional: 0, predicted old time: 0.00ms, predicted optional time: 0.00ms, time remaining: 46.72
[2024-10-11T04:30:56.153+0800][debug][gc,ergo,cset] GC(498) Start adding old regions to collection set. Min 4 regions, max 7 regions, time remaining 48.53ms, optional threshold 9.71ms
[2024-10-11T04:30:56.153+0800][debug][gc,ergo,cset] GC(498) Old candidate collection set empty.
[2024-10-11T04:30:56.153+0800][debug][gc,ergo,cset] GC(498) Finish choosing collection set old regions. Initial: 3, optional: 0, predicted old time: 0.00ms, predicted optional time: 0.00ms, time remaining: 47.63
[2024-10-11T04:30:56.477+0800][debug][gc,ergo,cset] GC(502) Pruned 11 regions out of 47, leaving 6563520 bytes waste (allowed 6710886)
[2024-10-11T04:30:56.621+0800][debug][gc,ergo,cset] Preventive GC, insufficient free regions. Predicted need 4. Curr Eden 2 (Pred 3). Curr Survivor 1 (Pred 1). Curr Old 53 (Pred 0) Free 3 Alloc 1
[2024-10-11T04:30:56.684+0800][debug][gc,ergo,cset] Preventive GC, insufficient free regions. Predicted need 5. Curr Eden 1 (Pred 2). Curr Survivor 1 (Pred 1). Curr Old 55 (Pred 2) Free 2 Alloc 1
[2024-10-11T04:30:56.685+0800][debug][gc,ergo,cset] GC(504) Start adding old regions to collection set. Min 5 regions, max 7 regions, time remaining 49.00ms, optional threshold 9.80ms
[2024-10-11T04:30:56.685+0800][debug][gc,ergo,cset] GC(504) Finish adding old regions to collection set (Maximum number of regions). Initial 7 regions, optional 0 regions
[2024-10-11T04:30:56.685+0800][debug][gc,ergo,cset] GC(504) Finish choosing collection set old regions. Initial: 7, optional: 0, predicted old time: 0.00ms, predicted optional time: 0.00ms, time remaining: 48.32
[2024-10-11T04:30:56.727+0800][debug][gc,ergo,cset] Preventive GC, insufficient free regions. Predicted need 6. Curr Eden 1 (Pred 2). Curr Survivor 1 (Pred 1). Curr Old 56 (Pred 3) Free 1 Alloc 1
[2024-10-11T04:30:56.727+0800][debug][gc,ergo,cset] GC(505) Start adding old regions to collection set. Min 5 regions, max 7 regions, time remaining 48.97ms, optional threshold 9.79ms
[2024-10-11T04:30:56.727+0800][debug][gc,ergo,cset] GC(505) Finish adding old regions to collection set (Maximum number of regions). Initial 7 regions, optional 0 regions
[2024-10-11T04:30:56.727+0800][debug][gc,ergo,cset] GC(505) Finish choosing collection set old regions. Initial: 7, optional: 0, predicted old time: 0.00ms, predicted optional time: 0.00ms, time remaining: 47.84
[2024-10-11T04:30:56.791+0800][debug][gc,ergo,cset] GC(506) Start adding old regions to collection set. Min 5 regions, max 7 regions, time remaining 48.85ms, optional threshold 9.77ms
[2024-10-11T04:30:56.791+0800][debug][gc,ergo,cset] GC(506) Finish adding old regions to collection set (Maximum number of regions). Initial 7 regions, optional 0 regions
[2024-10-11T04:30:56.791+0800][debug][gc,ergo,cset] GC(506) Finish choosing collection set old regions. Initial: 7, optional: 0, predicted old time: 0.00ms, predicted optional time: 0.00ms, time remaining: 47.47
[2024-10-11T04:30:57.468+0800][debug][gc,ergo,cset] GC(513) Pruned 10 regions out of 35, leaving 6662936 bytes waste (allowed 6710886)
[2024-10-11T04:30:57.716+0800][debug][gc,ergo,cset] Preventive GC, insufficient free regions. Predicted need 5. Curr Eden 2 (Pred 3). Curr Survivor 1 (Pred 1). Curr Old 51 (Pred 1) Free 5 Alloc 1
[2024-10-11T04:30:57.717+0800][debug][gc,ergo,cset] GC(515) Start adding old regions to collection set. Min 4 regions, max 7 regions, time remaining 45.49ms, optional threshold 9.10ms
[2024-10-11T04:30:57.717+0800][debug][gc,ergo,cset] GC(515) Finish adding old regions to collection set (Maximum number of regions). Initial 7 regions, optional 0 regions
[2024-10-11T04:30:57.717+0800][debug][gc,ergo,cset] GC(515) Finish choosing collection set old regions. Initial: 7, optional: 0, predicted old time: 0.00ms, predicted optional time: 0.00ms, time remaining: 42.51
[2024-10-11T04:30:57.829+0800][debug][gc,ergo,cset] GC(516) Start adding old regions to collection set. Min 4 regions, max 7 regions, time remaining 44.97ms, optional threshold 8.99ms
[2024-10-11T04:30:57.829+0800][debug][gc,ergo,cset] GC(516) Finish adding old regions to collection set (Maximum number of regions). Initial 7 regions, optional 0 regions
[2024-10-11T04:30:57.829+0800][debug][gc,ergo,cset] GC(516) Finish choosing collection set old regions. Initial: 7, optional: 0, predicted old time: 0.00ms, predicted optional time: 0.00ms, time remaining: 38.32
[2024-10-11T04:30:57.945+0800][debug][gc,ergo,cset] GC(517) Start adding old regions to collection set. Min 4 regions, max 7 regions, time remaining 44.50ms, optional threshold 8.90ms
[2024-10-11T04:30:57.945+0800][debug][gc,ergo,cset] GC(517) Finish adding old regions to collection set (Maximum number of regions). Initial 7 regions, optional 0 regions
[2024-10-11T04:30:57.945+0800][debug][gc,ergo,cset] GC(517) Finish choosing collection set old regions. Initial: 7, optional: 0, predicted old time: 0.00ms, predicted optional time: 0.00ms, time remaining: 36.95
[2024-10-11T04:30:58.064+0800][debug][gc,ergo,cset] GC(518) Start adding old regions to collection set. Min 4 regions, max 7 regions, time remaining 43.92ms, optional threshold 8.78ms
[2024-10-11T04:30:58.064+0800][debug][gc,ergo,cset] GC(518) Old candidate collection set empty.
[2024-10-11T04:30:58.064+0800][debug][gc,ergo,cset] GC(518) Finish choosing collection set old regions. Initial: 4, optional: 0, predicted old time: 0.00ms, predicted optional time: 0.00ms, time remaining: 38.18
[2024-10-11T04:30:58.397+0800][debug][gc,ergo,cset] GC(522) Pruned 11 regions out of 41, leaving 6314792 bytes waste (allowed 6710886)
[2024-10-11T04:30:58.541+0800][debug][gc,ergo,cset] Preventive GC, insufficient free regions. Predicted need 4. Curr Eden 2 (Pred 3). Curr Survivor 1 (Pred 1). Curr Old 52 (Pred 0) Free 4 Alloc 1
[2024-10-11T04:30:58.606+0800][debug][gc,ergo,cset] Preventive GC, insufficient free regions. Predicted need 4. Curr Eden 1 (Pred 2). Curr Survivor 1 (Pred 1). Curr Old 54 (Pred 1) Free 3 Alloc 1
[2024-10-11T04:30:58.606+0800][debug][gc,ergo,cset] GC(524) Start adding old regions to collection set. Min 4 regions, max 7 regions, time remaining 47.40ms, optional threshold 9.48ms
[2024-10-11T04:30:58.606+0800][debug][gc,ergo,cset] GC(524) Finish adding old regions to collection set (Maximum number of regions). Initial 7 regions, optional 0 regions
[2024-10-11T04:30:58.606+0800][debug][gc,ergo,cset] GC(524) Finish choosing collection set old regions. Initial: 7, optional: 0, predicted old time: 0.00ms, predicted optional time: 0.00ms, time remaining: 45.06
[2024-10-11T04:30:58.714+0800][debug][gc,ergo,cset] GC(525) Start adding old regions to collection set. Min 4 regions, max 7 regions, time remaining 46.04ms, optional threshold 9.21ms
[2024-10-11T04:30:58.714+0800][debug][gc,ergo,cset] GC(525) Finish adding old regions to collection set (Maximum number of regions). Initial 7 regions, optional 0 regions
[2024-10-11T04:30:58.714+0800][debug][gc,ergo,cset] GC(525) Finish choosing collection set old regions. Initial: 7, optional: 0, predicted old time: 0.00ms, predicted optional time: 0.00ms, time remaining: 41.74
[2024-10-11T04:30:58.827+0800][debug][gc,ergo,cset] GC(526) Start adding old regions to collection set. Min 4 regions, max 7 regions, time remaining 45.47ms, optional threshold 9.09ms
[2024-10-11T04:30:58.827+0800][debug][gc,ergo,cset] GC(526) Finish adding old regions to collection set (Maximum number of regions). Initial 7 regions, optional 0 regions
[2024-10-11T04:30:58.827+0800][debug][gc,ergo,cset] GC(526) Finish choosing collection set old regions. Initial: 7, optional: 0, predicted old time: 0.00ms, predicted optional time: 0.00ms, time remaining: 39.60
[2024-10-11T04:30:58.938+0800][debug][gc,ergo,cset] GC(527) Start adding old regions to collection set. Min 4 regions, max 7 regions, time remaining 45.63ms, optional threshold 9.13ms
[2024-10-11T04:30:58.938+0800][debug][gc,ergo,cset] GC(527) Finish adding old regions to collection set (Maximum number of regions). Initial 7 regions, optional 0 regions
[2024-10-11T04:30:58.938+0800][debug][gc,ergo,cset] GC(527) Finish choosing collection set old regions. Initial: 7, optional: 0, predicted old time: 0.00ms, predicted optional time: 0.00ms, time remaining: 39.05
[2024-10-11T04:30:59.048+0800][debug][gc,ergo,cset] GC(528) Start adding old regions to collection set. Min 4 regions, max 7 regions, time remaining 46.00ms, optional threshold 9.20ms
[2024-10-11T04:30:59.048+0800][debug][gc,ergo,cset] GC(528) Old candidate collection set empty.
[2024-10-11T04:30:59.048+0800][debug][gc,ergo,cset] GC(528) Finish choosing collection set old regions. Initial: 2, optional: 0, predicted old time: 0.00ms, predicted optional time: 0.00ms, time remaining: 44.23
[2024-10-11T04:30:59.169+0800][debug][gc,ergo,cset] GC(531) Pruned 12 regions out of 38, leaving 6451152 bytes waste (allowed 6710886)
[2024-10-11T04:30:59.439+0800][debug][gc,ergo,cset] Preventive GC, insufficient free regions. Predicted need 6. Curr Eden 2 (Pred 3). Curr Survivor 1 (Pred 1). Curr Old 51 (Pred 2) Free 5 Alloc 1
[2024-10-11T04:30:59.439+0800][debug][gc,ergo,cset] GC(533) Start adding old regions to collection set. Min 4 regions, max 7 regions, time remaining 46.90ms, optional threshold 9.38ms
[2024-10-11T04:30:59.439+0800][debug][gc,ergo,cset] GC(533) Finish adding old regions to collection set (Maximum number of regions). Initial 7 regions, optional 0 regions
[2024-10-11T04:30:59.439+0800][debug][gc,ergo,cset] GC(533) Finish choosing collection set old regions. Initial: 7, optional: 0, predicted old time: 0.00ms, predicted optional time: 0.00ms, time remaining: 44.52
[2024-10-11T04:30:59.547+0800][debug][gc,ergo,cset] GC(534) Start adding old regions to collection set. Min 4 regions, max 7 regions, time remaining 46.88ms, optional threshold 9.38ms
[2024-10-11T04:30:59.547+0800][debug][gc,ergo,cset] GC(534) Finish adding old regions to collection set (Maximum number of regions). Initial 7 regions, optional 0 regions
[2024-10-11T04:30:59.547+0800][debug][gc,ergo,cset] GC(534) Finish choosing collection set old regions. Initial: 7, optional: 0, predicted old time: 0.00ms, predicted optional time: 0.00ms, time remaining: 43.06
[2024-10-11T04:30:59.655+0800][debug][gc,ergo,cset] GC(535) Start adding old regions to collection set. Min 4 regions, max 7 regions, time remaining 47.02ms, optional threshold 9.40ms
[2024-10-11T04:30:59.655+0800][debug][gc,ergo,cset] GC(535) Finish adding old regions to collection set (Maximum number of regions). Initial 7 regions, optional 0 regions
[2024-10-11T04:30:59.655+0800][debug][gc,ergo,cset] GC(535) Finish choosing collection set old regions. Initial: 7, optional: 0, predicted old time: 0.00ms, predicted optional time: 0.00ms, time remaining: 42.60
[2024-10-11T04:30:59.762+0800][debug][gc,ergo,cset] GC(536) Start adding old regions to collection set. Min 4 regions, max 7 regions, time remaining 47.22ms, optional threshold 9.44ms
[2024-10-11T04:30:59.762+0800][debug][gc,ergo,cset] GC(536) Old candidate collection set empty.
[2024-10-11T04:30:59.762+0800][debug][gc,ergo,cset] GC(536) Finish choosing collection set old regions. Initial: 5, optional: 0, predicted old time: 0.00ms, predicted optional time: 0.00ms, time remaining: 44.21
[2024-10-11T04:31:00.087+0800][debug][gc,ergo,cset] GC(540) Pruned 10 regions out of 39, leaving 6583032 bytes waste (allowed 6710886)
[2024-10-11T04:31:00.295+0800][debug][gc,ergo,cset] Preventive GC, insufficient free regions. Predicted need 4. Curr Eden 1 (Pred 2). Curr Survivor 1 (Pred 1). Curr Old 53 (Pred 1) Free 4 Alloc 1
[2024-10-11T04:31:00.295+0800][debug][gc,ergo,cset] GC(542) Start adding old regions to collection set. Min 4 regions, max 7 regions, time remaining 48.67ms, optional threshold 9.73ms
[2024-10-11T04:31:00.295+0800][debug][gc,ergo,cset] GC(542) Finish adding old regions to collection set (Maximum number of regions). Initial 7 regions, optional 0 regions
[2024-10-11T04:31:00.295+0800][debug][gc,ergo,cset] GC(542) Finish choosing collection set old regions. Initial: 7, optional: 0, predicted old time: 0.00ms, predicted optional time: 0.00ms, time remaining: 47.90
[2024-10-11T04:31:00.400+0800][debug][gc,ergo,cset] Preventive GC, insufficient free regions. Predicted need 7. Curr Eden 2 (Pred 3). Curr Survivor 1 (Pred 1). Curr Old 49 (Pred 3) Free 7 Alloc 1
[2024-10-11T04:31:00.400+0800][debug][gc,ergo,cset] GC(543) Start adding old regions to collection set. Min 4 regions, max 7 regions, time remaining 48.22ms, optional threshold 9.64ms
[2024-10-11T04:31:00.400+0800][debug][gc,ergo,cset] GC(543) Finish adding old regions to collection set (Maximum number of regions). Initial 7 regions, optional 0 regions
[2024-10-11T04:31:00.400+0800][debug][gc,ergo,cset] GC(543) Finish choosing collection set old regions. Initial: 7, optional: 0, predicted old time: 0.00ms, predicted optional time: 0.00ms, time remaining: 46.38
[2024-10-11T04:31:00.505+0800][debug][gc,ergo,cset] GC(544) Start adding old regions to collection set. Min 4 regions, max 7 regions, time remaining 48.27ms, optional threshold 9.65ms
[2024-10-11T04:31:00.505+0800][debug][gc,ergo,cset] GC(544) Finish adding old regions to collection set (Maximum number of regions). Initial 7 regions, optional 0 regions
[2024-10-11T04:31:00.505+0800][debug][gc,ergo,cset] GC(544) Finish choosing collection set old regions. Initial: 7, optional: 0, predicted old time: 0.00ms, predicted optional time: 0.00ms, time remaining: 46.21
[2024-10-11T04:31:00.611+0800][debug][gc,ergo,cset] GC(545) Start adding old regions to collection set. Min 4 regions, max 7 regions, time remaining 48.32ms, optional threshold 9.66ms
[2024-10-11T04:31:00.611+0800][debug][gc,ergo,cset] GC(545) Finish adding old regions to collection set (Maximum number of regions). Initial 7 regions, optional 0 regions
[2024-10-11T04:31:00.611+0800][debug][gc,ergo,cset] GC(545) Finish choosing collection set old regions. Initial: 7, optional: 0, predicted old time: 0.00ms, predicted optional time: 0.00ms, time remaining: 46.10
[2024-10-11T04:31:00.717+0800][debug][gc,ergo,cset] GC(546) Start adding old regions to collection set. Min 4 regions, max 7 regions, time remaining 48.35ms, optional threshold 9.67ms
[2024-10-11T04:31:00.717+0800][debug][gc,ergo,cset] GC(546) Old candidate collection set empty.
[2024-10-11T04:31:00.717+0800][debug][gc,ergo,cset] GC(546) Finish choosing collection set old regions. Initial: 1, optional: 0, predicted old time: 0.00ms, predicted optional time: 0.00ms, time remaining: 48.02
[2024-10-11T04:31:00.936+0800][debug][gc,ergo,cset] GC(549) Pruned 10 regions out of 42, leaving 6324808 bytes waste (allowed 6710886)
[2024-10-11T04:31:01.081+0800][debug][gc,ergo,cset] Preventive GC, insufficient free regions. Predicted need 4. Curr Eden 2 (Pred 3). Curr Survivor 1 (Pred 1). Curr Old 53 (Pred 0) Free 3 Alloc 1
[2024-10-11T04:31:01.144+0800][debug][gc,ergo,cset] Preventive GC, insufficient free regions. Predicted need 5. Curr Eden 1 (Pred 2). Curr Survivor 1 (Pred 1). Curr Old 55 (Pred 2) Free 2 Alloc 1
[2024-10-11T04:31:01.144+0800][debug][gc,ergo,cset] GC(551) Start adding old regions to collection set. Min 4 regions, max 7 regions, time remaining 48.89ms, optional threshold 9.78ms
[2024-10-11T04:31:01.144+0800][debug][gc,ergo,cset] GC(551) Finish adding old regions to collection set (Maximum number of regions). Initial 7 regions, optional 0 regions
[2024-10-11T04:31:01.144+0800][debug][gc,ergo,cset] GC(551) Finish choosing collection set old regions. Initial: 7, optional: 0, predicted old time: 0.00ms, predicted optional time: 0.00ms, time remaining: 47.86
[2024-10-11T04:31:01.187+0800][debug][gc,ergo,cset] Preventive GC, insufficient free regions. Predicted need 5. Curr Eden 1 (Pred 2). Curr Survivor 1 (Pred 1). Curr Old 56 (Pred 2) Free 1 Alloc 1
[2024-10-11T04:31:01.187+0800][debug][gc,ergo,cset] GC(552) Start adding old regions to collection set. Min 4 regions, max 7 regions, time remaining 48.85ms, optional threshold 9.77ms
[2024-10-11T04:31:01.187+0800][debug][gc,ergo,cset] GC(552) Finish adding old regions to collection set (Maximum number of regions). Initial 7 regions, optional 0 regions
[2024-10-11T04:31:01.187+0800][debug][gc,ergo,cset] GC(552) Finish choosing collection set old regions. Initial: 7, optional: 0, predicted old time: 0.00ms, predicted optional time: 0.00ms, time remaining: 47.42
[2024-10-11T04:31:01.250+0800][debug][gc,ergo,cset] GC(553) Start adding old regions to collection set. Min 4 regions, max 7 regions, time remaining 48.82ms, optional threshold 9.76ms
[2024-10-11T04:31:01.250+0800][debug][gc,ergo,cset] GC(553) Finish adding old regions to collection set (Maximum number of regions). Initial 7 regions, optional 0 regions
[2024-10-11T04:31:01.250+0800][debug][gc,ergo,cset] GC(553) Finish choosing collection set old regions. Initial: 7, optional: 0, predicted old time: 0.00ms, predicted optional time: 0.00ms, time remaining: 47.16
[2024-10-11T04:31:01.909+0800][debug][gc,ergo,cset] GC(560) Pruned 9 regions out of 35, leaving 6321584 bytes waste (allowed 6710886)
[2024-10-11T04:31:02.159+0800][debug][gc,ergo,cset] Preventive GC, insufficient free regions. Predicted need 6. Curr Eden 2 (Pred 3). Curr Survivor 1 (Pred 1). Curr Old 51 (Pred 2) Free 5 Alloc 1
[2024-10-11T04:31:02.159+0800][debug][gc,ergo,cset] GC(562) Start adding old regions to collection set. Min 4 regions, max 7 regions, time remaining 47.88ms, optional threshold 9.58ms
[2024-10-11T04:31:02.159+0800][debug][gc,ergo,cset] GC(562) Finish adding old regions to collection set (Maximum number of regions). Initial 7 regions, optional 0 regions
[2024-10-11T04:31:02.159+0800][debug][gc,ergo,cset] GC(562) Finish choosing collection set old regions. Initial: 7, optional: 0, predicted old time: 0.00ms, predicted optional time: 0.00ms, time remaining: 46.00
[2024-10-11T04:31:02.223+0800][debug][gc,ergo,cset] Preventive GC, insufficient free regions. Predicted need 6. Curr Eden 1 (Pred 2). Curr Survivor 1 (Pred 1). Curr Old 51 (Pred 3) Free 6 Alloc 1
[2024-10-11T04:31:02.223+0800][debug][gc,ergo,cset] GC(563) Start adding old regions to collection set. Min 4 regions, max 7 regions, time remaining 48.41ms, optional threshold 9.68ms
[2024-10-11T04:31:02.223+0800][debug][gc,ergo,cset] GC(563) Finish adding old regions to collection set (Maximum number of regions). Initial 7 regions, optional 0 regions
[2024-10-11T04:31:02.223+0800][debug][gc,ergo,cset] GC(563) Finish choosing collection set old regions. Initial: 7, optional: 0, predicted old time: 0.00ms, predicted optional time: 0.00ms, time remaining: 45.95
[2024-10-11T04:31:02.328+0800][debug][gc,ergo,cset] Preventive GC, insufficient free regions. Predicted need 7. Curr Eden 2 (Pred 3). Curr Survivor 1 (Pred 1). Curr Old 49 (Pred 3) Free 7 Alloc 1
[2024-10-11T04:31:02.328+0800][debug][gc,ergo,cset] GC(564) Start adding old regions to collection set. Min 4 regions, max 7 regions, time remaining 47.99ms, optional threshold 9.60ms
[2024-10-11T04:31:02.328+0800][debug][gc,ergo,cset] GC(564) Finish adding old regions to collection set (Maximum number of regions). Initial 7 regions, optional 0 regions
[2024-10-11T04:31:02.328+0800][debug][gc,ergo,cset] GC(564) Finish choosing collection set old regions. Initial: 7, optional: 0, predicted old time: 0.00ms, predicted optional time: 0.00ms, time remaining: 45.31
[2024-10-11T04:31:02.434+0800][debug][gc,ergo,cset] Preventive GC, insufficient free regions. Predicted need 7. Curr Eden 2 (Pred 3). Curr Survivor 1 (Pred 1). Curr Old 49 (Pred 3) Free 7 Alloc 1
[2024-10-11T04:31:02.434+0800][debug][gc,ergo,cset] GC(565) Start adding old regions to collection set. Min 4 regions, max 7 regions, time remaining 47.99ms, optional threshold 9.60ms
[2024-10-11T04:31:02.434+0800][debug][gc,ergo,cset] GC(565) Old candidate collection set empty.
[2024-10-11T04:31:02.434+0800][debug][gc,ergo,cset] GC(565) Finish choosing collection set old regions. Initial: 5, optional: 0, predicted old time: 0.00ms, predicted optional time: 0.00ms, time remaining: 45.96
[2024-10-11T04:31:02.654+0800][debug][gc,ergo,cset] GC(568) Pruned 13 regions out of 42, leaving 6612016 bytes waste (allowed 6710886)
[2024-10-11T04:31:02.798+0800][debug][gc,ergo,cset] Preventive GC, insufficient free regions. Predicted need 4. Curr Eden 2 (Pred 3). Curr Survivor 1 (Pred 1). Curr Old 53 (Pred 0) Free 3 Alloc 1
[2024-10-11T04:31:02.861+0800][debug][gc,ergo,cset] Preventive GC, insufficient free regions. Predicted need 4. Curr Eden 1 (Pred 2). Curr Survivor 1 (Pred 1). Curr Old 55 (Pred 1) Free 2 Alloc 1
[2024-10-11T04:31:02.861+0800][debug][gc,ergo,cset] GC(570) Start adding old regions to collection set. Min 4 regions, max 7 regions, time remaining 48.84ms, optional threshold 9.77ms
[2024-10-11T04:31:02.861+0800][debug][gc,ergo,cset] GC(570) Finish adding old regions to collection set (Maximum number of regions). Initial 7 regions, optional 0 regions
[2024-10-11T04:31:02.862+0800][debug][gc,ergo,cset] GC(570) Finish choosing collection set old regions. Initial: 7, optional: 0, predicted old time: 0.00ms, predicted optional time: 0.00ms, time remaining: 48.27
[2024-10-11T04:31:02.904+0800][debug][gc,ergo,cset] Preventive GC, insufficient free regions. Predicted need 5. Curr Eden 1 (Pred 2). Curr Survivor 1 (Pred 1). Curr Old 53 (Pred 2) Free 4 Alloc 1
[2024-10-11T04:31:02.904+0800][debug][gc,ergo,cset] GC(571) Start adding old regions to collection set. Min 4 regions, max 7 regions, time remaining 48.80ms, optional threshold 9.76ms
[2024-10-11T04:31:02.904+0800][debug][gc,ergo,cset] GC(571) Finish adding old regions to collection set (Maximum number of regions). Initial 7 regions, optional 0 regions
[2024-10-11T04:31:02.904+0800][debug][gc,ergo,cset] GC(571) Finish choosing collection set old regions. Initial: 7, optional: 0, predicted old time: 0.00ms, predicted optional time: 0.00ms, time remaining: 47.42
[2024-10-11T04:31:02.968+0800][debug][gc,ergo,cset] Preventive GC, insufficient free regions. Predicted need 5. Curr Eden 1 (Pred 2). Curr Survivor 1 (Pred 1). Curr Old 56 (Pred 2) Free 1 Alloc 1
[2024-10-11T04:31:02.968+0800][debug][gc,ergo,cset] GC(572) Start adding old regions to collection set. Min 4 regions, max 7 regions, time remaining 48.78ms, optional threshold 9.76ms
[2024-10-11T04:31:02.968+0800][debug][gc,ergo,cset] GC(572) Finish adding old regions to collection set (Maximum number of regions). Initial 7 regions, optional 0 regions
[2024-10-11T04:31:02.968+0800][debug][gc,ergo,cset] GC(572) Finish choosing collection set old regions. Initial: 7, optional: 0, predicted old time: 0.00ms, predicted optional time: 0.00ms, time remaining: 46.86
[2024-10-11T04:31:03.011+0800][debug][gc,ergo,cset] GC(573) Start adding old regions to collection set. Min 4 regions, max 7 regions, time remaining 48.58ms, optional threshold 9.72ms
[2024-10-11T04:31:03.011+0800][debug][gc,ergo,cset] GC(573) Finish adding old regions to collection set (Maximum number of regions). Initial 7 regions, optional 0 regions
[2024-10-11T04:31:03.012+0800][debug][gc,ergo,cset] GC(573) Finish choosing collection set old regions. Initial: 7, optional: 0, predicted old time: 0.00ms, predicted optional time: 0.00ms, time remaining: 46.59
[2024-10-11T04:31:03.626+0800][debug][gc,ergo,cset] GC(580) Pruned 11 regions out of 36, leaving 6397104 bytes waste (allowed 6710886)
[2024-10-11T04:31:03.875+0800][debug][gc,ergo,cset] Preventive GC, insufficient free regions. Predicted need 5. Curr Eden 2 (Pred 3). Curr Survivor 1 (Pred 1). Curr Old 51 (Pred 1) Free 5 Alloc 1
[2024-10-11T04:31:03.875+0800][debug][gc,ergo,cset] GC(582) Start adding old regions to collection set. Min 4 regions, max 7 regions, time remaining 48.68ms, optional threshold 9.74ms
[2024-10-11T04:31:03.875+0800][debug][gc,ergo,cset] GC(582) Finish adding old regions to collection set (Maximum number of regions). Initial 7 regions, optional 0 regions
[2024-10-11T04:31:03.875+0800][debug][gc,ergo,cset] GC(582) Finish choosing collection set old regions. Initial: 7, optional: 0, predicted old time: 0.00ms, predicted optional time: 0.00ms, time remaining: 47.73
[2024-10-11T04:31:03.981+0800][debug][gc,ergo,cset] GC(583) Start adding old regions to collection set. Min 4 regions, max 7 regions, time remaining 48.60ms, optional threshold 9.72ms
[2024-10-11T04:31:03.981+0800][debug][gc,ergo,cset] GC(583) Finish adding old regions to collection set (Maximum number of regions). Initial 7 regions, optional 0 regions
[2024-10-11T04:31:03.981+0800][debug][gc,ergo,cset] GC(583) Finish choosing collection set old regions. Initial: 7, optional: 0, predicted old time: 0.00ms, predicted optional time: 0.00ms, time remaining: 47.05
[2024-10-11T04:31:04.086+0800][debug][gc,ergo,cset] GC(584) Start adding old regions to collection set. Min 4 regions, max 7 regions, time remaining 48.61ms, optional threshold 9.72ms
[2024-10-11T04:31:04.086+0800][debug][gc,ergo,cset] GC(584) Finish adding old regions to collection set (Maximum number of regions). Initial 7 regions, optional 0 regions
[2024-10-11T04:31:04.086+0800][debug][gc,ergo,cset] GC(584) Finish choosing collection set old regions. Initial: 7, optional: 0, predicted old time: 0.00ms, predicted optional time: 0.00ms, time remaining: 46.94
[2024-10-11T04:31:04.191+0800][debug][gc,ergo,cset] GC(585) Start adding old regions to collection set. Min 4 regions, max 7 regions, time remaining 48.62ms, optional threshold 9.72ms
[2024-10-11T04:31:04.191+0800][debug][gc,ergo,cset] GC(585) Old candidate collection set empty.
[2024-10-11T04:31:04.191+0800][debug][gc,ergo,cset] GC(585) Finish choosing collection set old regions. Initial: 4, optional: 0, predicted old time: 0.00ms, predicted optional time: 0.00ms, time remaining: 47.53
[2024-10-11T04:31:04.516+0800][debug][gc,ergo,cset] GC(589) Pruned 12 regions out of 41, leaving 6485856 bytes waste (allowed 6710886)
[2024-10-11T04:31:04.660+0800][debug][gc,ergo,cset] Preventive GC, insufficient free regions. Predicted need 4. Curr Eden 2 (Pred 3). Curr Survivor 1 (Pred 1). Curr Old 52 (Pred 0) Free 4 Alloc 1
[2024-10-11T04:31:04.723+0800][debug][gc,ergo,cset] Preventive GC, insufficient free regions. Predicted need 4. Curr Eden 1 (Pred 2). Curr Survivor 1 (Pred 1). Curr Old 54 (Pred 1) Free 3 Alloc 1
[2024-10-11T04:31:04.723+0800][debug][gc,ergo,cset] GC(591) Start adding old regions to collection set. Min 4 regions, max 7 regions, time remaining 48.99ms, optional threshold 9.80ms
[2024-10-11T04:31:04.723+0800][debug][gc,ergo,cset] GC(591) Finish adding old regions to collection set (Maximum number of regions). Initial 7 regions, optional 0 regions
[2024-10-11T04:31:04.723+0800][debug][gc,ergo,cset] GC(591) Finish choosing collection set old regions. Initial: 7, optional: 0, predicted old time: 0.00ms, predicted optional time: 0.00ms, time remaining: 48.33
[2024-10-11T04:31:04.827+0800][debug][gc,ergo,cset] Preventive GC, insufficient free regions. Predicted need 6. Curr Eden 2 (Pred 3). Curr Survivor 1 (Pred 1). Curr Old 50 (Pred 2) Free 6 Alloc 1
[2024-10-11T04:31:04.827+0800][debug][gc,ergo,cset] GC(592) Start adding old regions to collection set. Min 4 regions, max 7 regions, time remaining 48.71ms, optional threshold 9.74ms
[2024-10-11T04:31:04.827+0800][debug][gc,ergo,cset] GC(592) Finish adding old regions to collection set (Maximum number of regions). Initial 7 regions, optional 0 regions
[2024-10-11T04:31:04.827+0800][debug][gc,ergo,cset] GC(592) Finish choosing collection set old regions. Initial: 7, optional: 0, predicted old time: 0.00ms, predicted optional time: 0.00ms, time remaining: 47.56
[2024-10-11T04:31:04.933+0800][debug][gc,ergo,cset] GC(593) Start adding old regions to collection set. Min 4 regions, max 7 regions, time remaining 48.61ms, optional threshold 9.72ms
[2024-10-11T04:31:04.933+0800][debug][gc,ergo,cset] GC(593) Finish adding old regions to collection set (Maximum number of regions). Initial 7 regions, optional 0 regions
[2024-10-11T04:31:04.933+0800][debug][gc,ergo,cset] GC(593) Finish choosing collection set old regions. Initial: 7, optional: 0, predicted old time: 0.00ms, predicted optional time: 0.00ms, time remaining: 47.19
[2024-10-11T04:31:05.038+0800][debug][gc,ergo,cset] GC(594) Start adding old regions to collection set. Min 4 regions, max 7 regions, time remaining 48.58ms, optional threshold 9.72ms
[2024-10-11T04:31:05.038+0800][debug][gc,ergo,cset] GC(594) Finish adding old regions to collection set (Maximum number of regions). Initial 7 regions, optional 0 regions
[2024-10-11T04:31:05.038+0800][debug][gc,ergo,cset] GC(594) Finish choosing collection set old regions. Initial: 7, optional: 0, predicted old time: 0.00ms, predicted optional time: 0.00ms, time remaining: 46.84
[2024-10-11T04:31:05.144+0800][debug][gc,ergo,cset] GC(595) Start adding old regions to collection set. Min 4 regions, max 7 regions, time remaining 48.62ms, optional threshold 9.72ms
[2024-10-11T04:31:05.144+0800][debug][gc,ergo,cset] GC(595) Old candidate collection set empty.
[2024-10-11T04:31:05.144+0800][debug][gc,ergo,cset] GC(595) Finish choosing collection set old regions. Initial: 1, optional: 0, predicted old time: 0.00ms, predicted optional time: 0.00ms, time remaining: 48.36
[2024-10-11T04:31:05.363+0800][debug][gc,ergo,cset] GC(598) Pruned 9 regions out of 36, leaving 6495896 bytes waste (allowed 6710886)
[2024-10-11T04:31:05.570+0800][debug][gc,ergo,cset] Preventive GC, insufficient free regions. Predicted need 4. Curr Eden 1 (Pred 2). Curr Survivor 1 (Pred 1). Curr Old 53 (Pred 1) Free 4 Alloc 1
[2024-10-11T04:31:05.570+0800][debug][gc,ergo,cset] GC(600) Start adding old regions to collection set. Min 4 regions, max 7 regions, time remaining 48.99ms, optional threshold 9.80ms
[2024-10-11T04:31:05.571+0800][debug][gc,ergo,cset] GC(600) Finish adding old regions to collection set (Maximum number of regions). Initial 7 regions, optional 0 regions
[2024-10-11T04:31:05.571+0800][debug][gc,ergo,cset] GC(600) Finish choosing collection set old regions. Initial: 7, optional: 0, predicted old time: 0.00ms, predicted optional time: 0.00ms, time remaining: 48.07
[2024-10-11T04:31:05.675+0800][debug][gc,ergo,cset] GC(601) Start adding old regions to collection set. Min 4 regions, max 7 regions, time remaining 48.64ms, optional threshold 9.73ms
[2024-10-11T04:31:05.675+0800][debug][gc,ergo,cset] GC(601) Finish adding old regions to collection set (Maximum number of regions). Initial 7 regions, optional 0 regions
[2024-10-11T04:31:05.675+0800][debug][gc,ergo,cset] GC(601) Finish choosing collection set old regions. Initial: 7, optional: 0, predicted old time: 0.00ms, predicted optional time: 0.00ms, time remaining: 47.36
[2024-10-11T04:31:05.781+0800][debug][gc,ergo,cset] GC(602) Start adding old regions to collection set. Min 4 regions, max 7 regions, time remaining 48.58ms, optional threshold 9.72ms
[2024-10-11T04:31:05.781+0800][debug][gc,ergo,cset] GC(602) Finish adding old regions to collection set (Maximum number of regions). Initial 7 regions, optional 0 regions
[2024-10-11T04:31:05.781+0800][debug][gc,ergo,cset] GC(602) Finish choosing collection set old regions. Initial: 7, optional: 0, predicted old time: 0.00ms, predicted optional time: 0.00ms, time remaining: 46.94
[2024-10-11T04:31:05.886+0800][debug][gc,ergo,cset] GC(603) Start adding old regions to collection set. Min 4 regions, max 7 regions, time remaining 48.59ms, optional threshold 9.72ms
[2024-10-11T04:31:05.886+0800][debug][gc,ergo,cset] GC(603) Old candidate collection set empty.
[2024-10-11T04:31:05.886+0800][debug][gc,ergo,cset] GC(603) Finish choosing collection set old regions. Initial: 6, optional: 0, predicted old time: 0.00ms, predicted optional time: 0.00ms, time remaining: 46.99
[2024-10-11T04:31:06.212+0800][debug][gc,ergo,cset] GC(607) Pruned 9 regions out of 38, leaving 6306296 bytes waste (allowed 6710886)
[2024-10-11T04:31:06.355+0800][debug][gc,ergo,cset] Preventive GC, insufficient free regions. Predicted need 4. Curr Eden 2 (Pred 3). Curr Survivor 1 (Pred 1). Curr Old 52 (Pred 0) Free 4 Alloc 1
[2024-10-11T04:31:06.419+0800][debug][gc,ergo,cset] Preventive GC, insufficient free regions. Predicted need 4. Curr Eden 1 (Pred 2). Curr Survivor 1 (Pred 1). Curr Old 54 (Pred 1) Free 3 Alloc 1
[2024-10-11T04:31:06.419+0800][debug][gc,ergo,cset] GC(609) Start adding old regions to collection set. Min 4 regions, max 7 regions, time remaining 48.95ms, optional threshold 9.79ms
[2024-10-11T04:31:06.419+0800][debug][gc,ergo,cset] GC(609) Finish adding old regions to collection set (Maximum number of regions). Initial 7 regions, optional 0 regions
[2024-10-11T04:31:06.419+0800][debug][gc,ergo,cset] GC(609) Finish choosing collection set old regions. Initial: 7, optional: 0, predicted old time: 0.00ms, predicted optional time: 0.00ms, time remaining: 48.12
[2024-10-11T04:31:06.462+0800][debug][gc,ergo,cset] Preventive GC, insufficient free regions. Predicted need 6. Curr Eden 1 (Pred 2). Curr Survivor 1 (Pred 1). Curr Old 53 (Pred 3) Free 4 Alloc 1
[2024-10-11T04:31:06.462+0800][debug][gc,ergo,cset] GC(610) Start adding old regions to collection set. Min 4 regions, max 7 regions, time remaining 48.91ms, optional threshold 9.78ms
[2024-10-11T04:31:06.462+0800][debug][gc,ergo,cset] GC(610) Finish adding old regions to collection set (Maximum number of regions). Initial 7 regions, optional 0 regions
[2024-10-11T04:31:06.462+0800][debug][gc,ergo,cset] GC(610) Finish choosing collection set old regions. Initial: 7, optional: 0, predicted old time: 0.00ms, predicted optional time: 0.00ms, time remaining: 47.51
[2024-10-11T04:31:06.528+0800][debug][gc,ergo,cset] GC(611) Start adding old regions to collection set. Min 4 regions, max 7 regions, time remaining 48.88ms, optional threshold 9.78ms
[2024-10-11T04:31:06.528+0800][debug][gc,ergo,cset] GC(611) Finish adding old regions to collection set (Maximum number of regions). Initial 7 regions, optional 0 regions
[2024-10-11T04:31:06.528+0800][debug][gc,ergo,cset] GC(611) Finish choosing collection set old regions. Initial: 7, optional: 0, predicted old time: 0.00ms, predicted optional time: 0.00ms, time remaining: 47.29
[2024-10-11T04:31:07.186+0800][debug][gc,ergo,cset] GC(618) Pruned 11 regions out of 34, leaving 5812512 bytes waste (allowed 6710886)
[2024-10-11T04:31:07.434+0800][debug][gc,ergo,cset] Preventive GC, insufficient free regions. Predicted need 5. Curr Eden 2 (Pred 3). Curr Survivor 1 (Pred 1). Curr Old 51 (Pred 1) Free 5 Alloc 1
[2024-10-11T04:31:07.435+0800][debug][gc,ergo,cset] GC(620) Start adding old regions to collection set. Min 3 regions, max 7 regions, time remaining 48.76ms, optional threshold 9.75ms
[2024-10-11T04:31:07.435+0800][debug][gc,ergo,cset] GC(620) Finish adding old regions to collection set (Maximum number of regions). Initial 7 regions, optional 0 regions
[2024-10-11T04:31:07.435+0800][debug][gc,ergo,cset] GC(620) Finish choosing collection set old regions. Initial: 7, optional: 0, predicted old time: 0.00ms, predicted optional time: 0.00ms, time remaining: 48.09
[2024-10-11T04:31:07.539+0800][debug][gc,ergo,cset] GC(621) Start adding old regions to collection set. Min 3 regions, max 7 regions, time remaining 48.73ms, optional threshold 9.75ms
[2024-10-11T04:31:07.539+0800][debug][gc,ergo,cset] GC(621) Finish adding old regions to collection set (Maximum number of regions). Initial 7 regions, optional 0 regions
[2024-10-11T04:31:07.539+0800][debug][gc,ergo,cset] GC(621) Finish choosing collection set old regions. Initial: 7, optional: 0, predicted old time: 0.00ms, predicted optional time: 0.00ms, time remaining: 47.55
[2024-10-11T04:31:07.644+0800][debug][gc,ergo,cset] GC(622) Start adding old regions to collection set. Min 3 regions, max 7 regions, time remaining 48.67ms, optional threshold 9.73ms
[2024-10-11T04:31:07.644+0800][debug][gc,ergo,cset] GC(622) Finish adding old regions to collection set (Maximum number of regions). Initial 7 regions, optional 0 regions
[2024-10-11T04:31:07.644+0800][debug][gc,ergo,cset] GC(622) Finish choosing collection set old regions. Initial: 7, optional: 0, predicted old time: 0.00ms, predicted optional time: 0.00ms, time remaining: 47.21
[2024-10-11T04:31:07.750+0800][debug][gc,ergo,cset] GC(623) Start adding old regions to collection set. Min 3 regions, max 7 regions, time remaining 48.65ms, optional threshold 9.73ms
[2024-10-11T04:31:07.750+0800][debug][gc,ergo,cset] GC(623) Old candidate collection set empty.
[2024-10-11T04:31:07.750+0800][debug][gc,ergo,cset] GC(623) Finish choosing collection set old regions. Initial: 2, optional: 0, predicted old time: 0.00ms, predicted optional time: 0.00ms, time remaining: 48.16
[2024-10-11T04:31:08.074+0800][debug][gc,ergo,cset] GC(627) Pruned 10 regions out of 42, leaving 6229264 bytes waste (allowed 6710886)
[2024-10-11T04:31:08.219+0800][debug][gc,ergo,cset] Preventive GC, insufficient free regions. Predicted need 4. Curr Eden 2 (Pred 3). Curr Survivor 1 (Pred 1). Curr Old 51 (Pred 0) Free 4 Alloc 1
[2024-10-11T04:31:08.282+0800][debug][gc,ergo,cset] Preventive GC, insufficient free regions. Predicted need 4. Curr Eden 1 (Pred 2). Curr Survivor 1 (Pred 1). Curr Old 53 (Pred 1) Free 4 Alloc 1
[2024-10-11T04:31:08.282+0800][debug][gc,ergo,cset] GC(629) Start adding old regions to collection set. Min 4 regions, max 7 regions, time remaining 48.96ms, optional threshold 9.79ms
[2024-10-11T04:31:08.282+0800][debug][gc,ergo,cset] GC(629) Finish adding old regions to collection set (Maximum number of regions). Initial 7 regions, optional 0 regions
[2024-10-11T04:31:08.282+0800][debug][gc,ergo,cset] GC(629) Finish choosing collection set old regions. Initial: 7, optional: 0, predicted old time: 0.00ms, predicted optional time: 0.00ms, time remaining: 48.05
[2024-10-11T04:31:08.388+0800][debug][gc,ergo,cset] GC(630) Start adding old regions to collection set. Min 4 regions, max 7 regions, time remaining 48.01ms, optional threshold 9.60ms
[2024-10-11T04:31:08.388+0800][debug][gc,ergo,cset] GC(630) Finish adding old regions to collection set (Maximum number of regions). Initial 7 regions, optional 0 regions
[2024-10-11T04:31:08.388+0800][debug][gc,ergo,cset] GC(630) Finish choosing collection set old regions. Initial: 7, optional: 0, predicted old time: 0.00ms, predicted optional time: 0.00ms, time remaining: 45.82
[2024-10-11T04:31:08.493+0800][debug][gc,ergo,cset] GC(631) Start adding old regions to collection set. Min 4 regions, max 7 regions, time remaining 48.09ms, optional threshold 9.62ms
[2024-10-11T04:31:08.494+0800][debug][gc,ergo,cset] GC(631) Finish adding old regions to collection set (Maximum number of regions). Initial 7 regions, optional 0 regions
[2024-10-11T04:31:08.494+0800][debug][gc,ergo,cset] GC(631) Finish choosing collection set old regions. Initial: 7, optional: 0, predicted old time: 0.00ms, predicted optional time: 0.00ms, time remaining: 45.77
[2024-10-11T04:31:08.599+0800][debug][gc,ergo,cset] GC(632) Start adding old regions to collection set. Min 4 regions, max 7 regions, time remaining 48.21ms, optional threshold 9.64ms
[2024-10-11T04:31:08.599+0800][debug][gc,ergo,cset] GC(632) Finish adding old regions to collection set (Maximum number of regions). Initial 7 regions, optional 0 regions
[2024-10-11T04:31:08.599+0800][debug][gc,ergo,cset] GC(632) Finish choosing collection set old regions. Initial: 7, optional: 0, predicted old time: 0.00ms, predicted optional time: 0.00ms, time remaining: 45.83
[2024-10-11T04:31:08.705+0800][debug][gc,ergo,cset] GC(633) Start adding old regions to collection set. Min 4 regions, max 7 regions, time remaining 48.33ms, optional threshold 9.67ms
[2024-10-11T04:31:08.705+0800][debug][gc,ergo,cset] GC(633) Old candidate collection set empty.
[2024-10-11T04:31:08.705+0800][debug][gc,ergo,cset] GC(633) Finish choosing collection set old regions. Initial: 4, optional: 0, predicted old time: 0.00ms, predicted optional time: 0.00ms, time remaining: 46.98
[2024-10-11T04:31:09.029+0800][debug][gc,ergo,cset] GC(637) Pruned 9 regions out of 39, leaving 6054440 bytes waste (allowed 6710886)
[2024-10-11T04:31:09.173+0800][debug][gc,ergo,cset] Preventive GC, insufficient free regions. Predicted need 4. Curr Eden 2 (Pred 3). Curr Survivor 1 (Pred 1). Curr Old 52 (Pred 0) Free 4 Alloc 1
[2024-10-11T04:31:09.236+0800][debug][gc,ergo,cset] Preventive GC, insufficient free regions. Predicted need 5. Curr Eden 1 (Pred 2). Curr Survivor 1 (Pred 1). Curr Old 53 (Pred 2) Free 4 Alloc 1
[2024-10-11T04:31:09.236+0800][debug][gc,ergo,cset] GC(639) Start adding old regions to collection set. Min 4 regions, max 7 regions, time remaining 48.95ms, optional threshold 9.79ms
[2024-10-11T04:31:09.236+0800][debug][gc,ergo,cset] GC(639) Finish adding old regions to collection set (Maximum number of regions). Initial 7 regions, optional 0 regions
[2024-10-11T04:31:09.236+0800][debug][gc,ergo,cset] GC(639) Finish choosing collection set old regions. Initial: 7, optional: 0, predicted old time: 0.00ms, predicted optional time: 0.00ms, time remaining: 48.07
[2024-10-11T04:31:09.341+0800][debug][gc,ergo,cset] Preventive GC, insufficient free regions. Predicted need 6. Curr Eden 2 (Pred 3). Curr Survivor 1 (Pred 1). Curr Old 51 (Pred 2) Free 5 Alloc 1
[2024-10-11T04:31:09.341+0800][debug][gc,ergo,cset] GC(640) Start adding old regions to collection set. Min 4 regions, max 7 regions, time remaining 48.62ms, optional threshold 9.72ms
[2024-10-11T04:31:09.341+0800][debug][gc,ergo,cset] GC(640) Finish adding old regions to collection set (Maximum number of regions). Initial 7 regions, optional 0 regions
[2024-10-11T04:31:09.341+0800][debug][gc,ergo,cset] GC(640) Finish choosing collection set old regions. Initial: 7, optional: 0, predicted old time: 0.00ms, predicted optional time: 0.00ms, time remaining: 47.33
[2024-10-11T04:31:09.446+0800][debug][gc,ergo,cset] Preventive GC, insufficient free regions. Predicted need 7. Curr Eden 2 (Pred 3). Curr Survivor 1 (Pred 1). Curr Old 50 (Pred 3) Free 6 Alloc 1
[2024-10-11T04:31:09.446+0800][debug][gc,ergo,cset] GC(641) Start adding old regions to collection set. Min 4 regions, max 7 regions, time remaining 48.59ms, optional threshold 9.72ms
[2024-10-11T04:31:09.446+0800][debug][gc,ergo,cset] GC(641) Finish adding old regions to collection set (Maximum number of regions). Initial 7 regions, optional 0 regions
[2024-10-11T04:31:09.446+0800][debug][gc,ergo,cset] GC(641) Finish choosing collection set old regions. Initial: 7, optional: 0, predicted old time: 0.00ms, predicted optional time: 0.00ms, time remaining: 47.08
[2024-10-11T04:31:09.511+0800][debug][gc,ergo,cset] Preventive GC, insufficient free regions. Predicted need 6. Curr Eden 1 (Pred 2). Curr Survivor 1 (Pred 1). Curr Old 53 (Pred 3) Free 4 Alloc 1
[2024-10-11T04:31:09.511+0800][debug][gc,ergo,cset] GC(642) Start adding old regions to collection set. Min 4 regions, max 7 regions, time remaining 48.88ms, optional threshold 9.78ms
[2024-10-11T04:31:09.511+0800][debug][gc,ergo,cset] GC(642) Finish adding old regions to collection set (Maximum number of regions). Initial 7 regions, optional 0 regions
[2024-10-11T04:31:09.511+0800][debug][gc,ergo,cset] GC(642) Finish choosing collection set old regions. Initial: 7, optional: 0, predicted old time: 0.00ms, predicted optional time: 0.00ms, time remaining: 47.14
[2024-10-11T04:31:09.554+0800][debug][gc,ergo,cset] Preventive GC, insufficient free regions. Predicted need 5. Curr Eden 1 (Pred 2). Curr Survivor 1 (Pred 1). Curr Old 55 (Pred 2) Free 2 Alloc 1
[2024-10-11T04:31:09.555+0800][debug][gc,ergo,cset] GC(643) Start adding old regions to collection set. Min 4 regions, max 7 regions, time remaining 48.91ms, optional threshold 9.78ms
[2024-10-11T04:31:09.555+0800][debug][gc,ergo,cset] GC(643) Old candidate collection set empty.
[2024-10-11T04:31:09.555+0800][debug][gc,ergo,cset] GC(643) Finish choosing collection set old regions. Initial: 2, optional: 0, predicted old time: 0.00ms, predicted optional time: 0.00ms, time remaining: 48.38
[2024-10-11T04:31:10.272+0800][debug][gc,ergo,cset] GC(652) Pruned 10 regions out of 41, leaving 6280304 bytes waste (allowed 6710886)
[2024-10-11T04:31:10.520+0800][debug][gc,ergo,cset] Preventive GC, insufficient free regions. Predicted need 5. Curr Eden 2 (Pred 3). Curr Survivor 1 (Pred 1). Curr Old 52 (Pred 1) Free 4 Alloc 1
[2024-10-11T04:31:10.520+0800][debug][gc,ergo,cset] GC(654) Start adding old regions to collection set. Min 4 regions, max 7 regions, time remaining 48.68ms, optional threshold 9.74ms
[2024-10-11T04:31:10.520+0800][debug][gc,ergo,cset] GC(654) Finish adding old regions to collection set (Maximum number of regions). Initial 7 regions, optional 0 regions
[2024-10-11T04:31:10.520+0800][debug][gc,ergo,cset] GC(654) Finish choosing collection set old regions. Initial: 7, optional: 0, predicted old time: 0.00ms, predicted optional time: 0.00ms, time remaining: 48.03
[2024-10-11T04:31:10.625+0800][debug][gc,ergo,cset] GC(655) Start adding old regions to collection set. Min 4 regions, max 7 regions, time remaining 48.63ms, optional threshold 9.73ms
[2024-10-11T04:31:10.625+0800][debug][gc,ergo,cset] GC(655) Finish adding old regions to collection set (Maximum number of regions). Initial 7 regions, optional 0 regions
[2024-10-11T04:31:10.625+0800][debug][gc,ergo,cset] GC(655) Finish choosing collection set old regions. Initial: 7, optional: 0, predicted old time: 0.00ms, predicted optional time: 0.00ms, time remaining: 47.35
[2024-10-11T04:31:10.730+0800][debug][gc,ergo,cset] GC(656) Start adding old regions to collection set. Min 4 regions, max 7 regions, time remaining 48.61ms, optional threshold 9.72ms
[2024-10-11T04:31:10.730+0800][debug][gc,ergo,cset] GC(656) Finish adding old regions to collection set (Maximum number of regions). Initial 7 regions, optional 0 regions
[2024-10-11T04:31:10.730+0800][debug][gc,ergo,cset] GC(656) Finish choosing collection set old regions. Initial: 7, optional: 0, predicted old time: 0.00ms, predicted optional time: 0.00ms, time remaining: 47.05
[2024-10-11T04:31:10.836+0800][debug][gc,ergo,cset] GC(657) Start adding old regions to collection set. Min 4 regions, max 7 regions, time remaining 48.61ms, optional threshold 9.72ms
[2024-10-11T04:31:10.836+0800][debug][gc,ergo,cset] GC(657) Finish adding old regions to collection set (Maximum number of regions). Initial 7 regions, optional 0 regions
[2024-10-11T04:31:10.836+0800][debug][gc,ergo,cset] GC(657) Finish choosing collection set old regions. Initial: 7, optional: 0, predicted old time: 0.00ms, predicted optional time: 0.00ms, time remaining: 46.79
[2024-10-11T04:31:10.941+0800][debug][gc,ergo,cset] GC(658) Start adding old regions to collection set. Min 4 regions, max 7 regions, time remaining 48.63ms, optional threshold 9.73ms
[2024-10-11T04:31:10.941+0800][debug][gc,ergo,cset] GC(658) Old candidate collection set empty.
[2024-10-11T04:31:10.941+0800][debug][gc,ergo,cset] GC(658) Finish choosing collection set old regions. Initial: 3, optional: 0, predicted old time: 0.00ms, predicted optional time: 0.00ms, time remaining: 47.84
[2024-10-11T04:31:11.265+0800][debug][gc,ergo,cset] GC(662) Pruned 11 regions out of 43, leaving 6507840 bytes waste (allowed 6710886)
[2024-10-11T04:31:11.408+0800][debug][gc,ergo,cset] Preventive GC, insufficient free regions. Predicted need 4. Curr Eden 2 (Pred 3). Curr Survivor 1 (Pred 1). Curr Old 52 (Pred 0) Free 4 Alloc 1
[2024-10-11T04:31:11.472+0800][debug][gc,ergo,cset] Preventive GC, insufficient free regions. Predicted need 5. Curr Eden 1 (Pred 2). Curr Survivor 1 (Pred 1). Curr Old 54 (Pred 2) Free 3 Alloc 1
[2024-10-11T04:31:11.472+0800][debug][gc,ergo,cset] GC(664) Start adding old regions to collection set. Min 4 regions, max 7 regions, time remaining 48.96ms, optional threshold 9.79ms
[2024-10-11T04:31:11.472+0800][debug][gc,ergo,cset] GC(664) Finish adding old regions to collection set (Maximum number of regions). Initial 7 regions, optional 0 regions
[2024-10-11T04:31:11.472+0800][debug][gc,ergo,cset] GC(664) Finish choosing collection set old regions. Initial: 7, optional: 0, predicted old time: 0.00ms, predicted optional time: 0.00ms, time remaining: 47.98
[2024-10-11T04:31:11.515+0800][debug][gc,ergo,cset] Preventive GC, insufficient free regions. Predicted need 5. Curr Eden 1 (Pred 2). Curr Survivor 1 (Pred 1). Curr Old 55 (Pred 2) Free 2 Alloc 1
[2024-10-11T04:31:11.516+0800][debug][gc,ergo,cset] GC(665) Start adding old regions to collection set. Min 4 regions, max 7 regions, time remaining 48.90ms, optional threshold 9.78ms
[2024-10-11T04:31:11.516+0800][debug][gc,ergo,cset] GC(665) Finish adding old regions to collection set (Maximum number of regions). Initial 7 regions, optional 0 regions
[2024-10-11T04:31:11.516+0800][debug][gc,ergo,cset] GC(665) Finish choosing collection set old regions. Initial: 7, optional: 0, predicted old time: 0.00ms, predicted optional time: 0.00ms, time remaining: 47.65
[2024-10-11T04:31:11.579+0800][debug][gc,ergo,cset] GC(666) Start adding old regions to collection set. Min 4 regions, max 7 regions, time remaining 48.81ms, optional threshold 9.76ms
[2024-10-11T04:31:11.579+0800][debug][gc,ergo,cset] GC(666) Finish adding old regions to collection set (Maximum number of regions). Initial 7 regions, optional 0 regions
[2024-10-11T04:31:11.579+0800][debug][gc,ergo,cset] GC(666) Finish choosing collection set old regions. Initial: 7, optional: 0, predicted old time: 0.00ms, predicted optional time: 0.00ms, time remaining: 47.16
[2024-10-11T04:31:12.234+0800][debug][gc,ergo,cset] GC(673) Pruned 9 regions out of 35, leaving 6072272 bytes waste (allowed 6710886)
[2024-10-11T04:31:12.481+0800][debug][gc,ergo,cset] Preventive GC, insufficient free regions. Predicted need 5. Curr Eden 2 (Pred 3). Curr Survivor 1 (Pred 1). Curr Old 51 (Pred 1) Free 5 Alloc 1
[2024-10-11T04:31:12.482+0800][debug][gc,ergo,cset] GC(675) Start adding old regions to collection set. Min 4 regions, max 7 regions, time remaining 48.73ms, optional threshold 9.75ms
[2024-10-11T04:31:12.482+0800][debug][gc,ergo,cset] GC(675) Finish adding old regions to collection set (Maximum number of regions). Initial 7 regions, optional 0 regions
[2024-10-11T04:31:12.482+0800][debug][gc,ergo,cset] GC(675) Finish choosing collection set old regions. Initial: 7, optional: 0, predicted old time: 0.00ms, predicted optional time: 0.00ms, time remaining: 47.89
[2024-10-11T04:31:12.586+0800][debug][gc,ergo,cset] GC(676) Start adding old regions to collection set. Min 4 regions, max 7 regions, time remaining 48.68ms, optional threshold 9.74ms
[2024-10-11T04:31:12.586+0800][debug][gc,ergo,cset] GC(676) Finish adding old regions to collection set (Maximum number of regions). Initial 7 regions, optional 0 regions
[2024-10-11T04:31:12.586+0800][debug][gc,ergo,cset] GC(676) Finish choosing collection set old regions. Initial: 7, optional: 0, predicted old time: 0.00ms, predicted optional time: 0.00ms, time remaining: 47.39
[2024-10-11T04:31:12.692+0800][debug][gc,ergo,cset] GC(677) Start adding old regions to collection set. Min 4 regions, max 7 regions, time remaining 48.60ms, optional threshold 9.72ms
[2024-10-11T04:31:12.692+0800][debug][gc,ergo,cset] GC(677) Finish adding old regions to collection set (Maximum number of regions). Initial 7 regions, optional 0 regions
[2024-10-11T04:31:12.692+0800][debug][gc,ergo,cset] GC(677) Finish choosing collection set old regions. Initial: 7, optional: 0, predicted old time: 0.00ms, predicted optional time: 0.00ms, time remaining: 46.92
[2024-10-11T04:31:12.798+0800][debug][gc,ergo,cset] GC(678) Start adding old regions to collection set. Min 4 regions, max 7 regions, time remaining 48.55ms, optional threshold 9.71ms
[2024-10-11T04:31:12.798+0800][debug][gc,ergo,cset] GC(678) Old candidate collection set empty.
[2024-10-11T04:31:12.798+0800][debug][gc,ergo,cset] GC(678) Finish choosing collection set old regions. Initial: 5, optional: 0, predicted old time: 0.00ms, predicted optional time: 0.00ms, time remaining: 47.08
[2024-10-11T04:31:13.122+0800][debug][gc,ergo,cset] GC(682) Pruned 9 regions out of 36, leaving 6685776 bytes waste (allowed 6710886)
[2024-10-11T04:31:13.266+0800][debug][gc,ergo,cset] Preventive GC, insufficient free regions. Predicted need 4. Curr Eden 2 (Pred 3). Curr Survivor 1 (Pred 1). Curr Old 52 (Pred 0) Free 4 Alloc 1
[2024-10-11T04:31:13.329+0800][debug][gc,ergo,cset] Preventive GC, insufficient free regions. Predicted need 4. Curr Eden 1 (Pred 2). Curr Survivor 1 (Pred 1). Curr Old 54 (Pred 1) Free 3 Alloc 1
[2024-10-11T04:31:13.330+0800][debug][gc,ergo,cset] GC(684) Start adding old regions to collection set. Min 4 regions, max 7 regions, time remaining 48.98ms, optional threshold 9.80ms
[2024-10-11T04:31:13.330+0800][debug][gc,ergo,cset] GC(684) Finish adding old regions to collection set (Maximum number of regions). Initial 7 regions, optional 0 regions
[2024-10-11T04:31:13.330+0800][debug][gc,ergo,cset] GC(684) Finish choosing collection set old regions. Initial: 7, optional: 0, predicted old time: 0.00ms, predicted optional time: 0.00ms, time remaining: 48.20
[2024-10-11T04:31:13.372+0800][debug][gc,ergo,cset] Preventive GC, insufficient free regions. Predicted need 5. Curr Eden 1 (Pred 2). Curr Survivor 1 (Pred 1). Curr Old 52 (Pred 2) Free 5 Alloc 1
[2024-10-11T04:31:13.373+0800][debug][gc,ergo,cset] GC(685) Start adding old regions to collection set. Min 4 regions, max 7 regions, time remaining 48.96ms, optional threshold 9.79ms
[2024-10-11T04:31:13.373+0800][debug][gc,ergo,cset] GC(685) Finish adding old regions to collection set (Maximum number of regions). Initial 7 regions, optional 0 regions
[2024-10-11T04:31:13.373+0800][debug][gc,ergo,cset] GC(685) Finish choosing collection set old regions. Initial: 7, optional: 0, predicted old time: 0.00ms, predicted optional time: 0.00ms, time remaining: 47.78
[2024-10-11T04:31:13.477+0800][debug][gc,ergo,cset] Preventive GC, insufficient free regions. Predicted need 7. Curr Eden 2 (Pred 3). Curr Survivor 1 (Pred 1). Curr Old 49 (Pred 3) Free 7 Alloc 1
[2024-10-11T04:31:13.477+0800][debug][gc,ergo,cset] GC(686) Start adding old regions to collection set. Min 4 regions, max 7 regions, time remaining 48.57ms, optional threshold 9.71ms
[2024-10-11T04:31:13.477+0800][debug][gc,ergo,cset] GC(686) Finish adding old regions to collection set (Maximum number of regions). Initial 7 regions, optional 0 regions
[2024-10-11T04:31:13.478+0800][debug][gc,ergo,cset] GC(686) Finish choosing collection set old regions. Initial: 7, optional: 0, predicted old time: 0.00ms, predicted optional time: 0.00ms, time remaining: 47.11
[2024-10-11T04:31:13.583+0800][debug][gc,ergo,cset] GC(687) Start adding old regions to collection set. Min 4 regions, max 7 regions, time remaining 48.61ms, optional threshold 9.72ms
[2024-10-11T04:31:13.583+0800][debug][gc,ergo,cset] GC(687) Old candidate collection set empty.
[2024-10-11T04:31:13.583+0800][debug][gc,ergo,cset] GC(687) Finish choosing collection set old regions. Initial: 6, optional: 0, predicted old time: 0.00ms, predicted optional time: 0.00ms, time remaining: 47.15
[2024-10-11T04:31:13.803+0800][debug][gc,ergo,cset] GC(690) Pruned 9 regions out of 35, leaving 6272392 bytes waste (allowed 6710886)
[2024-10-11T04:31:14.010+0800][debug][gc,ergo,cset] Preventive GC, insufficient free regions. Predicted need 4. Curr Eden 1 (Pred 2). Curr Survivor 1 (Pred 1). Curr Old 53 (Pred 1) Free 4 Alloc 1
[2024-10-11T04:31:14.011+0800][debug][gc,ergo,cset] GC(692) Start adding old regions to collection set. Min 4 regions, max 7 regions, time remaining 49.00ms, optional threshold 9.80ms
[2024-10-11T04:31:14.011+0800][debug][gc,ergo,cset] GC(692) Finish adding old regions to collection set (Maximum number of regions). Initial 7 regions, optional 0 regions
[2024-10-11T04:31:14.011+0800][debug][gc,ergo,cset] GC(692) Finish choosing collection set old regions. Initial: 7, optional: 0, predicted old time: 0.00ms, predicted optional time: 0.00ms, time remaining: 48.25
[2024-10-11T04:31:14.115+0800][debug][gc,ergo,cset] GC(693) Start adding old regions to collection set. Min 4 regions, max 7 regions, time remaining 48.66ms, optional threshold 9.73ms
[2024-10-11T04:31:14.115+0800][debug][gc,ergo,cset] GC(693) Finish adding old regions to collection set (Maximum number of regions). Initial 7 regions, optional 0 regions
[2024-10-11T04:31:14.115+0800][debug][gc,ergo,cset] GC(693) Finish choosing collection set old regions. Initial: 7, optional: 0, predicted old time: 0.00ms, predicted optional time: 0.00ms, time remaining: 47.36
[2024-10-11T04:31:14.221+0800][debug][gc,ergo,cset] GC(694) Start adding old regions to collection set. Min 4 regions, max 7 regions, time remaining 48.63ms, optional threshold 9.73ms
[2024-10-11T04:31:14.221+0800][debug][gc,ergo,cset] GC(694) Finish adding old regions to collection set (Maximum number of regions). Initial 7 regions, optional 0 regions
[2024-10-11T04:31:14.221+0800][debug][gc,ergo,cset] GC(694) Finish choosing collection set old regions. Initial: 7, optional: 0, predicted old time: 0.00ms, predicted optional time: 0.00ms, time remaining: 47.13
[2024-10-11T04:31:14.326+0800][debug][gc,ergo,cset] GC(695) Start adding old regions to collection set. Min 4 regions, max 7 regions, time remaining 48.64ms, optional threshold 9.73ms
[2024-10-11T04:31:14.326+0800][debug][gc,ergo,cset] GC(695) Old candidate collection set empty.
[2024-10-11T04:31:14.326+0800][debug][gc,ergo,cset] GC(695) Finish choosing collection set old regions. Initial: 5, optional: 0, predicted old time: 0.00ms, predicted optional time: 0.00ms, time remaining: 47.42
[2024-10-11T04:31:14.650+0800][debug][gc,ergo,cset] GC(699) Pruned 10 regions out of 37, leaving 6491544 bytes waste (allowed 6710886)
