[2024-10-12T11:44:00.520+0800][debug][gc,ergo,cset] GC(9) Pruned 6 regions out of 23, leaving 6301128 bytes waste (allowed 6710886)
[2024-10-12T11:44:00.948+0800][debug][gc,ergo,cset] GC(11) Start adding old regions to collection set. Min 3 regions, max 7 regions, time remaining 40.20ms, optional threshold 8.04ms
[2024-10-12T11:44:00.948+0800][debug][gc,ergo,cset] GC(11) Finish adding old regions to collection set (Maximum number of regions). Initial 7 regions, optional 0 regions
[2024-10-12T11:44:00.948+0800][debug][gc,ergo,cset] GC(11) Finish choosing collection set old regions. Initial: 7, optional: 0, predicted old time: 0.00ms, predicted optional time: 0.00ms, time remaining: 32.21
[2024-10-12T11:44:01.057+0800][debug][gc,ergo,cset] GC(12) Start adding old regions to collection set. Min 3 regions, max 7 regions, time remaining 41.47ms, optional threshold 8.29ms
[2024-10-12T11:44:01.057+0800][debug][gc,ergo,cset] GC(12) Finish adding old regions to collection set (Maximum number of regions). Initial 7 regions, optional 0 regions
[2024-10-12T11:44:01.057+0800][debug][gc,ergo,cset] GC(12) Finish choosing collection set old regions. Initial: 7, optional: 0, predicted old time: 0.00ms, predicted optional time: 0.00ms, time remaining: 33.29
[2024-10-12T11:44:01.165+0800][debug][gc,ergo,cset] GC(13) Start adding old regions to collection set. Min 3 regions, max 7 regions, time remaining 42.85ms, optional threshold 8.57ms
[2024-10-12T11:44:01.165+0800][debug][gc,ergo,cset] GC(13) Old candidate collection set empty.
[2024-10-12T11:44:01.165+0800][debug][gc,ergo,cset] GC(13) Finish choosing collection set old regions. Initial: 3, optional: 0, predicted old time: 0.00ms, predicted optional time: 0.00ms, time remaining: 39.08
[2024-10-12T11:44:01.553+0800][debug][gc,ergo,cset] GC(15) Pruned 11 regions out of 25, leaving 6566304 bytes waste (allowed 6710886)
[2024-10-12T11:44:01.931+0800][debug][gc,ergo,cset] GC(17) Start adding old regions to collection set. Min 2 regions, max 7 regions, time remaining 45.60ms, optional threshold 9.12ms
[2024-10-12T11:44:01.931+0800][debug][gc,ergo,cset] GC(17) Finish adding old regions to collection set (Maximum number of regions). Initial 7 regions, optional 0 regions
[2024-10-12T11:44:01.931+0800][debug][gc,ergo,cset] GC(17) Finish choosing collection set old regions. Initial: 7, optional: 0, predicted old time: 0.00ms, predicted optional time: 0.00ms, time remaining: 41.10
[2024-10-12T11:44:02.040+0800][debug][gc,ergo,cset] GC(18) Start adding old regions to collection set. Min 2 regions, max 7 regions, time remaining 45.81ms, optional threshold 9.16ms
[2024-10-12T11:44:02.040+0800][debug][gc,ergo,cset] GC(18) Old candidate collection set empty.
[2024-10-12T11:44:02.040+0800][debug][gc,ergo,cset] GC(18) Finish choosing collection set old regions. Initial: 7, optional: 0, predicted old time: 0.00ms, predicted optional time: 0.00ms, time remaining: 38.54
[2024-10-12T11:44:02.325+0800][debug][gc,ergo,cset] GC(20) Pruned 11 regions out of 26, leaving 6442280 bytes waste (allowed 6710886)
[2024-10-12T11:44:02.639+0800][debug][gc,ergo,cset] GC(22) Start adding old regions to collection set. Min 2 regions, max 7 regions, time remaining 47.13ms, optional threshold 9.43ms
[2024-10-12T11:44:02.639+0800][debug][gc,ergo,cset] GC(22) Finish adding old regions to collection set (Maximum number of regions). Initial 7 regions, optional 0 regions
[2024-10-12T11:44:02.639+0800][debug][gc,ergo,cset] GC(22) Finish choosing collection set old regions. Initial: 7, optional: 0, predicted old time: 0.00ms, predicted optional time: 0.00ms, time remaining: 43.78
[2024-10-12T11:44:02.750+0800][debug][gc,ergo,cset] GC(23) Start adding old regions to collection set. Min 2 regions, max 7 regions, time remaining 46.92ms, optional threshold 9.38ms
[2024-10-12T11:44:02.750+0800][debug][gc,ergo,cset] GC(23) Finish adding old regions to collection set (Maximum number of regions). Initial 7 regions, optional 0 regions
[2024-10-12T11:44:02.750+0800][debug][gc,ergo,cset] GC(23) Finish choosing collection set old regions. Initial: 7, optional: 0, predicted old time: 0.00ms, predicted optional time: 0.00ms, time remaining: 42.10
[2024-10-12T11:44:02.856+0800][debug][gc,ergo,cset] GC(24) Start adding old regions to collection set. Min 2 regions, max 7 regions, time remaining 47.31ms, optional threshold 9.46ms
[2024-10-12T11:44:02.856+0800][debug][gc,ergo,cset] GC(24) Old candidate collection set empty.
[2024-10-12T11:44:02.856+0800][debug][gc,ergo,cset] GC(24) Finish choosing collection set old regions. Initial: 1, optional: 0, predicted old time: 0.00ms, predicted optional time: 0.00ms, time remaining: 46.70
[2024-10-12T11:44:03.352+0800][debug][gc,ergo,cset] GC(29) Pruned 11 regions out of 39, leaving 6662576 bytes waste (allowed 6710886)
[2024-10-12T11:44:03.603+0800][debug][gc,ergo,cset] Preventive GC, insufficient free regions. Predicted need 6. Curr Eden 2 (Pred 3). Curr Survivor 1 (Pred 1). Curr Old 51 (Pred 2) Free 6 Alloc 1
[2024-10-12T11:44:03.604+0800][debug][gc,ergo,cset] GC(31) Start adding old regions to collection set. Min 4 regions, max 9 regions, time remaining 47.67ms, optional threshold 9.53ms
[2024-10-12T11:44:03.604+0800][debug][gc,ergo,cset] GC(31) Finish adding old regions to collection set (Maximum number of regions). Initial 9 regions, optional 0 regions
[2024-10-12T11:44:03.604+0800][debug][gc,ergo,cset] GC(31) Finish choosing collection set old regions. Initial: 9, optional: 0, predicted old time: 0.00ms, predicted optional time: 0.00ms, time remaining: 44.51
[2024-10-12T11:44:03.710+0800][debug][gc,ergo,cset] GC(32) Start adding old regions to collection set. Min 4 regions, max 9 regions, time remaining 47.62ms, optional threshold 9.52ms
[2024-10-12T11:44:03.710+0800][debug][gc,ergo,cset] GC(32) Finish adding old regions to collection set (Maximum number of regions). Initial 9 regions, optional 0 regions
[2024-10-12T11:44:03.710+0800][debug][gc,ergo,cset] GC(32) Finish choosing collection set old regions. Initial: 9, optional: 0, predicted old time: 0.00ms, predicted optional time: 0.00ms, time remaining: 43.00
[2024-10-12T11:44:03.817+0800][debug][gc,ergo,cset] GC(33) Start adding old regions to collection set. Min 4 regions, max 9 regions, time remaining 47.66ms, optional threshold 9.53ms
[2024-10-12T11:44:03.817+0800][debug][gc,ergo,cset] GC(33) Finish adding old regions to collection set (Maximum number of regions). Initial 9 regions, optional 0 regions
[2024-10-12T11:44:03.817+0800][debug][gc,ergo,cset] GC(33) Finish choosing collection set old regions. Initial: 9, optional: 0, predicted old time: 0.00ms, predicted optional time: 0.00ms, time remaining: 42.95
[2024-10-12T11:44:03.923+0800][debug][gc,ergo,cset] GC(34) Start adding old regions to collection set. Min 4 regions, max 9 regions, time remaining 48.03ms, optional threshold 9.61ms
[2024-10-12T11:44:03.923+0800][debug][gc,ergo,cset] GC(34) Old candidate collection set empty.
[2024-10-12T11:44:03.923+0800][debug][gc,ergo,cset] GC(34) Finish choosing collection set old regions. Initial: 1, optional: 0, predicted old time: 0.00ms, predicted optional time: 0.00ms, time remaining: 47.59
[2024-10-12T11:44:04.145+0800][debug][gc,ergo,cset] GC(37) Pruned 0 regions out of 34, leaving 0 bytes waste (allowed 0)
[2024-10-12T11:44:04.395+0800][debug][gc,ergo,cset] GC(39) Start adding old regions to collection set. Min 5 regions, max 8 regions, time remaining 48.43ms, optional threshold 9.69ms
[2024-10-12T11:44:04.396+0800][debug][gc,ergo,cset] GC(39) Finish adding old regions to collection set (Maximum number of regions). Initial 8 regions, optional 0 regions
[2024-10-12T11:44:04.396+0800][debug][gc,ergo,cset] GC(39) Finish choosing collection set old regions. Initial: 8, optional: 0, predicted old time: 0.00ms, predicted optional time: 0.00ms, time remaining: 46.47
[2024-10-12T11:44:04.503+0800][debug][gc,ergo,cset] GC(40) Start adding old regions to collection set. Min 5 regions, max 8 regions, time remaining 47.65ms, optional threshold 9.53ms
[2024-10-12T11:44:04.503+0800][debug][gc,ergo,cset] GC(40) Finish adding old regions to collection set (Maximum number of regions). Initial 8 regions, optional 0 regions
[2024-10-12T11:44:04.503+0800][debug][gc,ergo,cset] GC(40) Finish choosing collection set old regions. Initial: 8, optional: 0, predicted old time: 0.00ms, predicted optional time: 0.00ms, time remaining: 45.04
[2024-10-12T11:44:04.608+0800][debug][gc,ergo,cset] GC(41) Start adding old regions to collection set. Min 5 regions, max 8 regions, time remaining 47.83ms, optional threshold 9.57ms
[2024-10-12T11:44:04.608+0800][debug][gc,ergo,cset] GC(41) Finish adding old regions to collection set (Maximum number of regions). Initial 8 regions, optional 0 regions
[2024-10-12T11:44:04.608+0800][debug][gc,ergo,cset] GC(41) Finish choosing collection set old regions. Initial: 8, optional: 0, predicted old time: 0.00ms, predicted optional time: 0.00ms, time remaining: 45.14
[2024-10-12T11:44:04.715+0800][debug][gc,ergo,cset] GC(42) Start adding old regions to collection set. Min 5 regions, max 8 regions, time remaining 47.99ms, optional threshold 9.60ms
[2024-10-12T11:44:04.715+0800][debug][gc,ergo,cset] GC(42) Finish adding old regions to collection set (Maximum number of regions). Initial 8 regions, optional 0 regions
[2024-10-12T11:44:04.715+0800][debug][gc,ergo,cset] GC(42) Finish choosing collection set old regions. Initial: 8, optional: 0, predicted old time: 0.00ms, predicted optional time: 0.00ms, time remaining: 44.88
[2024-10-12T11:44:04.822+0800][debug][gc,ergo,cset] GC(43) Start adding old regions to collection set. Min 5 regions, max 8 regions, time remaining 48.04ms, optional threshold 9.61ms
[2024-10-12T11:44:04.822+0800][debug][gc,ergo,cset] GC(43) Old candidate collection set empty.
[2024-10-12T11:44:04.822+0800][debug][gc,ergo,cset] GC(43) Finish choosing collection set old regions. Initial: 2, optional: 0, predicted old time: 0.00ms, predicted optional time: 0.00ms, time remaining: 46.83
[2024-10-12T11:44:05.087+0800][debug][gc,ergo,cset] GC(47) Pruned 0 regions out of 39, leaving 0 bytes waste (allowed 0)
[2024-10-12T11:44:05.315+0800][debug][gc,ergo,cset] Preventive GC, insufficient free regions. Predicted need 5. Curr Eden 1 (Pred 2). Curr Survivor 1 (Pred 1). Curr Old 52 (Pred 2) Free 5 Alloc 1
[2024-10-12T11:44:05.316+0800][debug][gc,ergo,cset] GC(49) Start adding old regions to collection set. Min 5 regions, max 8 regions, time remaining 48.87ms, optional threshold 9.77ms
[2024-10-12T11:44:05.316+0800][debug][gc,ergo,cset] GC(49) Finish adding old regions to collection set (Maximum number of regions). Initial 8 regions, optional 0 regions
[2024-10-12T11:44:05.316+0800][debug][gc,ergo,cset] GC(49) Finish choosing collection set old regions. Initial: 8, optional: 0, predicted old time: 0.00ms, predicted optional time: 0.00ms, time remaining: 47.47
[2024-10-12T11:44:05.421+0800][debug][gc,ergo,cset] GC(50) Start adding old regions to collection set. Min 5 regions, max 8 regions, time remaining 48.52ms, optional threshold 9.70ms
[2024-10-12T11:44:05.421+0800][debug][gc,ergo,cset] GC(50) Finish adding old regions to collection set (Maximum number of regions). Initial 8 regions, optional 0 regions
[2024-10-12T11:44:05.421+0800][debug][gc,ergo,cset] GC(50) Finish choosing collection set old regions. Initial: 8, optional: 0, predicted old time: 0.00ms, predicted optional time: 0.00ms, time remaining: 46.69
[2024-10-12T11:44:05.527+0800][debug][gc,ergo,cset] GC(51) Start adding old regions to collection set. Min 5 regions, max 8 regions, time remaining 48.35ms, optional threshold 9.67ms
[2024-10-12T11:44:05.527+0800][debug][gc,ergo,cset] GC(51) Finish adding old regions to collection set (Maximum number of regions). Initial 8 regions, optional 0 regions
[2024-10-12T11:44:05.527+0800][debug][gc,ergo,cset] GC(51) Finish choosing collection set old regions. Initial: 8, optional: 0, predicted old time: 0.00ms, predicted optional time: 0.00ms, time remaining: 46.27
[2024-10-12T11:44:05.634+0800][debug][gc,ergo,cset] GC(52) Start adding old regions to collection set. Min 5 regions, max 8 regions, time remaining 48.34ms, optional threshold 9.67ms
[2024-10-12T11:44:05.634+0800][debug][gc,ergo,cset] GC(52) Finish adding old regions to collection set (Maximum number of regions). Initial 8 regions, optional 0 regions
[2024-10-12T11:44:05.634+0800][debug][gc,ergo,cset] GC(52) Finish choosing collection set old regions. Initial: 8, optional: 0, predicted old time: 0.00ms, predicted optional time: 0.00ms, time remaining: 46.09
[2024-10-12T11:44:05.740+0800][debug][gc,ergo,cset] GC(53) Start adding old regions to collection set. Min 5 regions, max 8 regions, time remaining 48.29ms, optional threshold 9.66ms
[2024-10-12T11:44:05.740+0800][debug][gc,ergo,cset] GC(53) Old candidate collection set empty.
[2024-10-12T11:44:05.740+0800][debug][gc,ergo,cset] GC(53) Finish choosing collection set old regions. Initial: 7, optional: 0, predicted old time: 0.00ms, predicted optional time: 0.00ms, time remaining: 45.45
[2024-10-12T11:44:06.067+0800][debug][gc,ergo,cset] GC(57) Pruned 0 regions out of 37, leaving 0 bytes waste (allowed 0)
[2024-10-12T11:44:06.317+0800][debug][gc,ergo,cset] Preventive GC, insufficient free regions. Predicted need 6. Curr Eden 2 (Pred 3). Curr Survivor 1 (Pred 1). Curr Old 50 (Pred 2) Free 6 Alloc 1
[2024-10-12T11:44:06.317+0800][debug][gc,ergo,cset] GC(59) Start adding old regions to collection set. Min 5 regions, max 8 regions, time remaining 48.64ms, optional threshold 9.73ms
[2024-10-12T11:44:06.317+0800][debug][gc,ergo,cset] GC(59) Finish adding old regions to collection set (Maximum number of regions). Initial 8 regions, optional 0 regions
[2024-10-12T11:44:06.317+0800][debug][gc,ergo,cset] GC(59) Finish choosing collection set old regions. Initial: 8, optional: 0, predicted old time: 0.00ms, predicted optional time: 0.00ms, time remaining: 47.54
[2024-10-12T11:44:06.422+0800][debug][gc,ergo,cset] GC(60) Start adding old regions to collection set. Min 5 regions, max 8 regions, time remaining 48.63ms, optional threshold 9.73ms
[2024-10-12T11:44:06.422+0800][debug][gc,ergo,cset] GC(60) Finish adding old regions to collection set (Maximum number of regions). Initial 8 regions, optional 0 regions
[2024-10-12T11:44:06.422+0800][debug][gc,ergo,cset] GC(60) Finish choosing collection set old regions. Initial: 8, optional: 0, predicted old time: 0.00ms, predicted optional time: 0.00ms, time remaining: 46.94
[2024-10-12T11:44:06.528+0800][debug][gc,ergo,cset] GC(61) Start adding old regions to collection set. Min 5 regions, max 8 regions, time remaining 48.57ms, optional threshold 9.71ms
[2024-10-12T11:44:06.528+0800][debug][gc,ergo,cset] GC(61) Finish adding old regions to collection set (Maximum number of regions). Initial 8 regions, optional 0 regions
[2024-10-12T11:44:06.528+0800][debug][gc,ergo,cset] GC(61) Finish choosing collection set old regions. Initial: 8, optional: 0, predicted old time: 0.00ms, predicted optional time: 0.00ms, time remaining: 46.51
[2024-10-12T11:44:06.634+0800][debug][gc,ergo,cset] GC(62) Start adding old regions to collection set. Min 5 regions, max 8 regions, time remaining 48.58ms, optional threshold 9.72ms
[2024-10-12T11:44:06.634+0800][debug][gc,ergo,cset] GC(62) Finish adding old regions to collection set (Maximum number of regions). Initial 8 regions, optional 0 regions
[2024-10-12T11:44:06.634+0800][debug][gc,ergo,cset] GC(62) Finish choosing collection set old regions. Initial: 8, optional: 0, predicted old time: 0.00ms, predicted optional time: 0.00ms, time remaining: 46.40
[2024-10-12T11:44:06.741+0800][debug][gc,ergo,cset] GC(63) Start adding old regions to collection set. Min 5 regions, max 8 regions, time remaining 48.62ms, optional threshold 9.72ms
[2024-10-12T11:44:06.741+0800][debug][gc,ergo,cset] GC(63) Old candidate collection set empty.
[2024-10-12T11:44:06.741+0800][debug][gc,ergo,cset] GC(63) Finish choosing collection set old regions. Initial: 5, optional: 0, predicted old time: 0.00ms, predicted optional time: 0.00ms, time remaining: 47.11
[2024-10-12T11:44:07.065+0800][debug][gc,ergo,cset] GC(67) Pruned 0 regions out of 40, leaving 0 bytes waste (allowed 0)
[2024-10-12T11:44:07.314+0800][debug][gc,ergo,cset] Preventive GC, insufficient free regions. Predicted need 6. Curr Eden 2 (Pred 3). Curr Survivor 1 (Pred 1). Curr Old 51 (Pred 2) Free 5 Alloc 1
[2024-10-12T11:44:07.315+0800][debug][gc,ergo,cset] GC(69) Start adding old regions to collection set. Min 5 regions, max 8 regions, time remaining 48.78ms, optional threshold 9.76ms
[2024-10-12T11:44:07.315+0800][debug][gc,ergo,cset] GC(69) Finish adding old regions to collection set (Maximum number of regions). Initial 8 regions, optional 0 regions
[2024-10-12T11:44:07.315+0800][debug][gc,ergo,cset] GC(69) Finish choosing collection set old regions. Initial: 8, optional: 0, predicted old time: 0.00ms, predicted optional time: 0.00ms, time remaining: 47.83
[2024-10-12T11:44:07.338+0800][debug][gc,ergo,cset] Preventive GC, insufficient free regions. Predicted need 6. Curr Eden 1 (Pred 2). Curr Survivor 1 (Pred 1). Curr Old 54 (Pred 3) Free 3 Alloc 1
[2024-10-12T11:44:07.338+0800][debug][gc,ergo,cset] GC(70) Start adding old regions to collection set. Min 5 regions, max 8 regions, time remaining 49.02ms, optional threshold 9.80ms
[2024-10-12T11:44:07.338+0800][debug][gc,ergo,cset] GC(70) Finish adding old regions to collection set (Maximum number of regions). Initial 8 regions, optional 0 regions
[2024-10-12T11:44:07.338+0800][debug][gc,ergo,cset] GC(70) Finish choosing collection set old regions. Initial: 8, optional: 0, predicted old time: 0.00ms, predicted optional time: 0.00ms, time remaining: 47.58
[2024-10-12T11:44:07.341+0800][debug][gc,ergo,cset] GC(71) Start adding old regions to collection set. Min 5 regions, max 8 regions, time remaining 49.34ms, optional threshold 9.87ms
[2024-10-12T11:44:07.341+0800][debug][gc,ergo,cset] GC(71) Finish adding old regions to collection set (Maximum number of regions). Initial 8 regions, optional 0 regions
[2024-10-12T11:44:07.341+0800][debug][gc,ergo,cset] GC(71) Finish choosing collection set old regions. Initial: 8, optional: 0, predicted old time: 0.00ms, predicted optional time: 0.00ms, time remaining: 47.72
[2024-10-12T11:44:07.405+0800][debug][gc,ergo,cset] GC(72) Start adding old regions to collection set. Min 5 regions, max 8 regions, time remaining 48.89ms, optional threshold 9.78ms
[2024-10-12T11:44:07.405+0800][debug][gc,ergo,cset] GC(72) Finish adding old regions to collection set (Maximum number of regions). Initial 8 regions, optional 0 regions
[2024-10-12T11:44:07.405+0800][debug][gc,ergo,cset] GC(72) Finish choosing collection set old regions. Initial: 8, optional: 0, predicted old time: 0.00ms, predicted optional time: 0.00ms, time remaining: 46.93
[2024-10-12T11:44:07.978+0800][debug][gc,ergo,cset] GC(78) Pruned 0 regions out of 32, leaving 0 bytes waste (allowed 0)
[2024-10-12T11:44:08.227+0800][debug][gc,ergo,cset] GC(80) Start adding old regions to collection set. Min 4 regions, max 8 regions, time remaining 48.77ms, optional threshold 9.75ms
[2024-10-12T11:44:08.227+0800][debug][gc,ergo,cset] GC(80) Finish adding old regions to collection set (Maximum number of regions). Initial 8 regions, optional 0 regions
[2024-10-12T11:44:08.227+0800][debug][gc,ergo,cset] GC(80) Finish choosing collection set old regions. Initial: 8, optional: 0, predicted old time: 0.00ms, predicted optional time: 0.00ms, time remaining: 47.67
[2024-10-12T11:44:08.333+0800][debug][gc,ergo,cset] GC(81) Start adding old regions to collection set. Min 4 regions, max 8 regions, time remaining 48.67ms, optional threshold 9.73ms
[2024-10-12T11:44:08.333+0800][debug][gc,ergo,cset] GC(81) Finish adding old regions to collection set (Maximum number of regions). Initial 8 regions, optional 0 regions
[2024-10-12T11:44:08.333+0800][debug][gc,ergo,cset] GC(81) Finish choosing collection set old regions. Initial: 8, optional: 0, predicted old time: 0.00ms, predicted optional time: 0.00ms, time remaining: 46.97
[2024-10-12T11:44:08.439+0800][debug][gc,ergo,cset] GC(82) Start adding old regions to collection set. Min 4 regions, max 8 regions, time remaining 48.54ms, optional threshold 9.71ms
[2024-10-12T11:44:08.439+0800][debug][gc,ergo,cset] GC(82) Finish adding old regions to collection set (Maximum number of regions). Initial 8 regions, optional 0 regions
[2024-10-12T11:44:08.439+0800][debug][gc,ergo,cset] GC(82) Finish choosing collection set old regions. Initial: 8, optional: 0, predicted old time: 0.00ms, predicted optional time: 0.00ms, time remaining: 46.43
[2024-10-12T11:44:08.546+0800][debug][gc,ergo,cset] GC(83) Start adding old regions to collection set. Min 4 regions, max 8 regions, time remaining 48.45ms, optional threshold 9.69ms
[2024-10-12T11:44:08.546+0800][debug][gc,ergo,cset] GC(83) Old candidate collection set empty.
[2024-10-12T11:44:08.546+0800][debug][gc,ergo,cset] GC(83) Finish choosing collection set old regions. Initial: 8, optional: 0, predicted old time: 0.00ms, predicted optional time: 0.00ms, time remaining: 45.66
[2024-10-12T11:44:08.872+0800][debug][gc,ergo,cset] GC(87) Pruned 0 regions out of 34, leaving 0 bytes waste (allowed 0)
[2024-10-12T11:44:09.122+0800][debug][gc,ergo,cset] Preventive GC, insufficient free regions. Predicted need 6. Curr Eden 2 (Pred 3). Curr Survivor 1 (Pred 1). Curr Old 50 (Pred 2) Free 6 Alloc 1
[2024-10-12T11:44:09.122+0800][debug][gc,ergo,cset] GC(89) Start adding old regions to collection set. Min 5 regions, max 8 regions, time remaining 48.66ms, optional threshold 9.73ms
[2024-10-12T11:44:09.122+0800][debug][gc,ergo,cset] GC(89) Finish adding old regions to collection set (Maximum number of regions). Initial 8 regions, optional 0 regions
[2024-10-12T11:44:09.122+0800][debug][gc,ergo,cset] GC(89) Finish choosing collection set old regions. Initial: 8, optional: 0, predicted old time: 0.00ms, predicted optional time: 0.00ms, time remaining: 47.70
[2024-10-12T11:44:09.228+0800][debug][gc,ergo,cset] GC(90) Start adding old regions to collection set. Min 5 regions, max 8 regions, time remaining 48.60ms, optional threshold 9.72ms
[2024-10-12T11:44:09.228+0800][debug][gc,ergo,cset] GC(90) Finish adding old regions to collection set (Maximum number of regions). Initial 8 regions, optional 0 regions
[2024-10-12T11:44:09.228+0800][debug][gc,ergo,cset] GC(90) Finish choosing collection set old regions. Initial: 8, optional: 0, predicted old time: 0.00ms, predicted optional time: 0.00ms, time remaining: 46.98
[2024-10-12T11:44:09.333+0800][debug][gc,ergo,cset] GC(91) Start adding old regions to collection set. Min 5 regions, max 8 regions, time remaining 48.61ms, optional threshold 9.72ms
[2024-10-12T11:44:09.333+0800][debug][gc,ergo,cset] GC(91) Finish adding old regions to collection set (Maximum number of regions). Initial 8 regions, optional 0 regions
[2024-10-12T11:44:09.333+0800][debug][gc,ergo,cset] GC(91) Finish choosing collection set old regions. Initial: 8, optional: 0, predicted old time: 0.00ms, predicted optional time: 0.00ms, time remaining: 46.73
[2024-10-12T11:44:09.439+0800][debug][gc,ergo,cset] GC(92) Start adding old regions to collection set. Min 5 regions, max 8 regions, time remaining 48.63ms, optional threshold 9.73ms
[2024-10-12T11:44:09.440+0800][debug][gc,ergo,cset] GC(92) Finish adding old regions to collection set (Maximum number of regions). Initial 8 regions, optional 0 regions
[2024-10-12T11:44:09.440+0800][debug][gc,ergo,cset] GC(92) Finish choosing collection set old regions. Initial: 8, optional: 0, predicted old time: 0.00ms, predicted optional time: 0.00ms, time remaining: 46.41
[2024-10-12T11:44:09.546+0800][debug][gc,ergo,cset] GC(93) Start adding old regions to collection set. Min 5 regions, max 8 regions, time remaining 48.12ms, optional threshold 9.62ms
[2024-10-12T11:44:09.546+0800][debug][gc,ergo,cset] GC(93) Old candidate collection set empty.
[2024-10-12T11:44:09.546+0800][debug][gc,ergo,cset] GC(93) Finish choosing collection set old regions. Initial: 2, optional: 0, predicted old time: 0.00ms, predicted optional time: 0.00ms, time remaining: 47.02
[2024-10-12T11:44:09.871+0800][debug][gc,ergo,cset] GC(97) Pruned 0 regions out of 38, leaving 0 bytes waste (allowed 0)
[2024-10-12T11:44:10.121+0800][debug][gc,ergo,cset] Preventive GC, insufficient free regions. Predicted need 5. Curr Eden 2 (Pred 3). Curr Survivor 1 (Pred 1). Curr Old 52 (Pred 1) Free 4 Alloc 1
[2024-10-12T11:44:10.121+0800][debug][gc,ergo,cset] GC(99) Start adding old regions to collection set. Min 5 regions, max 8 regions, time remaining 48.51ms, optional threshold 9.70ms
[2024-10-12T11:44:10.121+0800][debug][gc,ergo,cset] GC(99) Finish adding old regions to collection set (Maximum number of regions). Initial 8 regions, optional 0 regions
[2024-10-12T11:44:10.121+0800][debug][gc,ergo,cset] GC(99) Finish choosing collection set old regions. Initial: 8, optional: 0, predicted old time: 0.00ms, predicted optional time: 0.00ms, time remaining: 47.35
[2024-10-12T11:44:10.226+0800][debug][gc,ergo,cset] Preventive GC, insufficient free regions. Predicted need 7. Curr Eden 2 (Pred 3). Curr Survivor 1 (Pred 1). Curr Old 50 (Pred 3) Free 6 Alloc 1
[2024-10-12T11:44:10.226+0800][debug][gc,ergo,cset] GC(100) Start adding old regions to collection set. Min 5 regions, max 8 regions, time remaining 48.50ms, optional threshold 9.70ms
[2024-10-12T11:44:10.226+0800][debug][gc,ergo,cset] GC(100) Finish adding old regions to collection set (Maximum number of regions). Initial 8 regions, optional 0 regions
[2024-10-12T11:44:10.226+0800][debug][gc,ergo,cset] GC(100) Finish choosing collection set old regions. Initial: 8, optional: 0, predicted old time: 0.00ms, predicted optional time: 0.00ms, time remaining: 46.73
[2024-10-12T11:44:10.291+0800][debug][gc,ergo,cset] Preventive GC, insufficient free regions. Predicted need 7. Curr Eden 1 (Pred 2). Curr Survivor 1 (Pred 1). Curr Old 50 (Pred 4) Free 7 Alloc 1
[2024-10-12T11:44:10.291+0800][debug][gc,ergo,cset] GC(101) Start adding old regions to collection set. Min 5 regions, max 8 regions, time remaining 48.79ms, optional threshold 9.76ms
[2024-10-12T11:44:10.291+0800][debug][gc,ergo,cset] GC(101) Finish adding old regions to collection set (Maximum number of regions). Initial 8 regions, optional 0 regions
[2024-10-12T11:44:10.291+0800][debug][gc,ergo,cset] GC(101) Finish choosing collection set old regions. Initial: 8, optional: 0, predicted old time: 0.00ms, predicted optional time: 0.00ms, time remaining: 46.57
[2024-10-12T11:44:10.396+0800][debug][gc,ergo,cset] Preventive GC, insufficient free regions. Predicted need 8. Curr Eden 2 (Pred 3). Curr Survivor 1 (Pred 1). Curr Old 48 (Pred 4) Free 8 Alloc 1
[2024-10-12T11:44:10.396+0800][debug][gc,ergo,cset] GC(102) Start adding old regions to collection set. Min 5 regions, max 8 regions, time remaining 48.50ms, optional threshold 9.70ms
[2024-10-12T11:44:10.396+0800][debug][gc,ergo,cset] GC(102) Finish adding old regions to collection set (Maximum number of regions). Initial 8 regions, optional 0 regions
[2024-10-12T11:44:10.396+0800][debug][gc,ergo,cset] GC(102) Finish choosing collection set old regions. Initial: 8, optional: 0, predicted old time: 0.00ms, predicted optional time: 0.00ms, time remaining: 46.13
[2024-10-12T11:44:10.502+0800][debug][gc,ergo,cset] Preventive GC, insufficient free regions. Predicted need 9. Curr Eden 2 (Pred 3). Curr Survivor 1 (Pred 1). Curr Old 47 (Pred 5) Free 9 Alloc 1
[2024-10-12T11:44:10.503+0800][debug][gc,ergo,cset] GC(103) Start adding old regions to collection set. Min 5 regions, max 8 regions, time remaining 48.50ms, optional threshold 9.70ms
[2024-10-12T11:44:10.503+0800][debug][gc,ergo,cset] GC(103) Old candidate collection set empty.
[2024-10-12T11:44:10.503+0800][debug][gc,ergo,cset] GC(103) Finish choosing collection set old regions. Initial: 6, optional: 0, predicted old time: 0.00ms, predicted optional time: 0.00ms, time remaining: 46.10
[2024-10-12T11:44:10.724+0800][debug][gc,ergo,cset] GC(106) Pruned 0 regions out of 41, leaving 0 bytes waste (allowed 0)
[2024-10-12T11:44:10.973+0800][debug][gc,ergo,cset] Preventive GC, insufficient free regions. Predicted need 6. Curr Eden 2 (Pred 3). Curr Survivor 1 (Pred 1). Curr Old 51 (Pred 2) Free 5 Alloc 1
[2024-10-12T11:44:10.974+0800][debug][gc,ergo,cset] GC(108) Start adding old regions to collection set. Min 6 regions, max 8 regions, time remaining 48.65ms, optional threshold 9.73ms
[2024-10-12T11:44:10.974+0800][debug][gc,ergo,cset] GC(108) Finish adding old regions to collection set (Maximum number of regions). Initial 8 regions, optional 0 regions
[2024-10-12T11:44:10.974+0800][debug][gc,ergo,cset] GC(108) Finish choosing collection set old regions. Initial: 8, optional: 0, predicted old time: 0.00ms, predicted optional time: 0.00ms, time remaining: 47.71
[2024-10-12T11:44:11.038+0800][debug][gc,ergo,cset] Preventive GC, insufficient free regions. Predicted need 7. Curr Eden 1 (Pred 2). Curr Survivor 1 (Pred 1). Curr Old 50 (Pred 4) Free 7 Alloc 1
[2024-10-12T11:44:11.038+0800][debug][gc,ergo,cset] GC(109) Start adding old regions to collection set. Min 6 regions, max 8 regions, time remaining 48.90ms, optional threshold 9.78ms
[2024-10-12T11:44:11.038+0800][debug][gc,ergo,cset] GC(109) Finish adding old regions to collection set (Maximum number of regions). Initial 8 regions, optional 0 regions
[2024-10-12T11:44:11.038+0800][debug][gc,ergo,cset] GC(109) Finish choosing collection set old regions. Initial: 8, optional: 0, predicted old time: 0.00ms, predicted optional time: 0.00ms, time remaining: 47.12
[2024-10-12T11:44:11.143+0800][debug][gc,ergo,cset] Preventive GC, insufficient free regions. Predicted need 9. Curr Eden 2 (Pred 3). Curr Survivor 1 (Pred 1). Curr Old 48 (Pred 5) Free 8 Alloc 1
[2024-10-12T11:44:11.143+0800][debug][gc,ergo,cset] GC(110) Start adding old regions to collection set. Min 6 regions, max 8 regions, time remaining 48.60ms, optional threshold 9.72ms
[2024-10-12T11:44:11.143+0800][debug][gc,ergo,cset] GC(110) Finish adding old regions to collection set (Maximum number of regions). Initial 8 regions, optional 0 regions
[2024-10-12T11:44:11.143+0800][debug][gc,ergo,cset] GC(110) Finish choosing collection set old regions. Initial: 8, optional: 0, predicted old time: 0.00ms, predicted optional time: 0.00ms, time remaining: 46.65
[2024-10-12T11:44:11.250+0800][debug][gc,ergo,cset] Preventive GC, insufficient free regions. Predicted need 9. Curr Eden 2 (Pred 3). Curr Survivor 1 (Pred 1). Curr Old 48 (Pred 5) Free 8 Alloc 1
[2024-10-12T11:44:11.250+0800][debug][gc,ergo,cset] GC(111) Start adding old regions to collection set. Min 6 regions, max 8 regions, time remaining 48.57ms, optional threshold 9.71ms
[2024-10-12T11:44:11.250+0800][debug][gc,ergo,cset] GC(111) Finish adding old regions to collection set (Maximum number of regions). Initial 8 regions, optional 0 regions
[2024-10-12T11:44:11.250+0800][debug][gc,ergo,cset] GC(111) Finish choosing collection set old regions. Initial: 8, optional: 0, predicted old time: 0.00ms, predicted optional time: 0.00ms, time remaining: 46.39
[2024-10-12T11:44:11.355+0800][debug][gc,ergo,cset] Preventive GC, insufficient free regions. Predicted need 9. Curr Eden 2 (Pred 3). Curr Survivor 1 (Pred 1). Curr Old 47 (Pred 5) Free 9 Alloc 1
[2024-10-12T11:44:11.355+0800][debug][gc,ergo,cset] GC(112) Start adding old regions to collection set. Min 6 regions, max 8 regions, time remaining 48.59ms, optional threshold 9.72ms
[2024-10-12T11:44:11.355+0800][debug][gc,ergo,cset] GC(112) Finish adding old regions to collection set (Maximum number of regions). Initial 8 regions, optional 0 regions
[2024-10-12T11:44:11.355+0800][debug][gc,ergo,cset] GC(112) Finish choosing collection set old regions. Initial: 8, optional: 0, predicted old time: 0.00ms, predicted optional time: 0.00ms, time remaining: 45.95
[2024-10-12T11:44:11.464+0800][debug][gc,ergo,cset] GC(113) Start adding old regions to collection set. Min 6 regions, max 8 regions, time remaining 48.59ms, optional threshold 9.72ms
[2024-10-12T11:44:11.464+0800][debug][gc,ergo,cset] GC(113) Old candidate collection set empty.
[2024-10-12T11:44:11.464+0800][debug][gc,ergo,cset] GC(113) Finish choosing collection set old regions. Initial: 1, optional: 0, predicted old time: 0.00ms, predicted optional time: 0.00ms, time remaining: 48.02
[2024-10-12T11:44:11.580+0800][debug][gc,ergo,cset] GC(115) Pruned 0 regions out of 41, leaving 0 bytes waste (allowed 0)
[2024-10-12T11:44:11.725+0800][debug][gc,ergo,cset] Preventive GC, insufficient free regions. Predicted need 4. Curr Eden 2 (Pred 3). Curr Survivor 1 (Pred 1). Curr Old 52 (Pred 0) Free 4 Alloc 1
[2024-10-12T11:44:11.788+0800][debug][gc,ergo,cset] Preventive GC, insufficient free regions. Predicted need 4. Curr Eden 1 (Pred 2). Curr Survivor 1 (Pred 1). Curr Old 54 (Pred 1) Free 3 Alloc 1
[2024-10-12T11:44:11.789+0800][debug][gc,ergo,cset] GC(117) Start adding old regions to collection set. Min 6 regions, max 8 regions, time remaining 48.95ms, optional threshold 9.79ms
[2024-10-12T11:44:11.789+0800][debug][gc,ergo,cset] GC(117) Finish adding old regions to collection set (Maximum number of regions). Initial 8 regions, optional 0 regions
[2024-10-12T11:44:11.789+0800][debug][gc,ergo,cset] GC(117) Finish choosing collection set old regions. Initial: 8, optional: 0, predicted old time: 0.00ms, predicted optional time: 0.00ms, time remaining: 48.08
[2024-10-12T11:44:11.832+0800][debug][gc,ergo,cset] Preventive GC, insufficient free regions. Predicted need 7. Curr Eden 1 (Pred 2). Curr Survivor 1 (Pred 1). Curr Old 50 (Pred 4) Free 7 Alloc 1
[2024-10-12T11:44:11.832+0800][debug][gc,ergo,cset] GC(118) Start adding old regions to collection set. Min 6 regions, max 8 regions, time remaining 48.92ms, optional threshold 9.78ms
[2024-10-12T11:44:11.832+0800][debug][gc,ergo,cset] GC(118) Finish adding old regions to collection set (Maximum number of regions). Initial 8 regions, optional 0 regions
[2024-10-12T11:44:11.832+0800][debug][gc,ergo,cset] GC(118) Finish choosing collection set old regions. Initial: 8, optional: 0, predicted old time: 0.00ms, predicted optional time: 0.00ms, time remaining: 47.31
[2024-10-12T11:44:11.938+0800][debug][gc,ergo,cset] Preventive GC, insufficient free regions. Predicted need 8. Curr Eden 2 (Pred 3). Curr Survivor 1 (Pred 1). Curr Old 47 (Pred 4) Free 8 Alloc 1
[2024-10-12T11:44:11.938+0800][debug][gc,ergo,cset] GC(119) Start adding old regions to collection set. Min 6 regions, max 8 regions, time remaining 48.67ms, optional threshold 9.73ms
[2024-10-12T11:44:11.938+0800][debug][gc,ergo,cset] GC(119) Finish adding old regions to collection set (Maximum number of regions). Initial 8 regions, optional 0 regions
[2024-10-12T11:44:11.939+0800][debug][gc,ergo,cset] GC(119) Finish choosing collection set old regions. Initial: 8, optional: 0, predicted old time: 0.00ms, predicted optional time: 0.00ms, time remaining: 47.01
[2024-10-12T11:44:12.044+0800][debug][gc,ergo,cset] GC(120) Start adding old regions to collection set. Min 6 regions, max 8 regions, time remaining 48.61ms, optional threshold 9.72ms
[2024-10-12T11:44:12.044+0800][debug][gc,ergo,cset] GC(120) Finish adding old regions to collection set (Maximum number of regions). Initial 8 regions, optional 0 regions
[2024-10-12T11:44:12.044+0800][debug][gc,ergo,cset] GC(120) Finish choosing collection set old regions. Initial: 8, optional: 0, predicted old time: 0.00ms, predicted optional time: 0.00ms, time remaining: 46.47
[2024-10-12T11:44:12.151+0800][debug][gc,ergo,cset] GC(121) Start adding old regions to collection set. Min 6 regions, max 8 regions, time remaining 48.58ms, optional threshold 9.72ms
[2024-10-12T11:44:12.151+0800][debug][gc,ergo,cset] GC(121) Finish adding old regions to collection set (Maximum number of regions). Initial 8 regions, optional 0 regions
[2024-10-12T11:44:12.151+0800][debug][gc,ergo,cset] GC(121) Finish choosing collection set old regions. Initial: 8, optional: 0, predicted old time: 0.00ms, predicted optional time: 0.00ms, time remaining: 45.96
[2024-10-12T11:44:12.258+0800][debug][gc,ergo,cset] GC(122) Start adding old regions to collection set. Min 6 regions, max 8 regions, time remaining 48.51ms, optional threshold 9.70ms
[2024-10-12T11:44:12.258+0800][debug][gc,ergo,cset] GC(122) Old candidate collection set empty.
[2024-10-12T11:44:12.258+0800][debug][gc,ergo,cset] GC(122) Finish choosing collection set old regions. Initial: 1, optional: 0, predicted old time: 0.00ms, predicted optional time: 0.00ms, time remaining: 48.03
[2024-10-12T11:44:12.478+0800][debug][gc,ergo,cset] GC(125) Pruned 0 regions out of 39, leaving 0 bytes waste (allowed 0)
[2024-10-12T11:44:12.727+0800][debug][gc,ergo,cset] Preventive GC, insufficient free regions. Predicted need 5. Curr Eden 2 (Pred 3). Curr Survivor 1 (Pred 1). Curr Old 51 (Pred 1) Free 5 Alloc 1
[2024-10-12T11:44:12.728+0800][debug][gc,ergo,cset] GC(127) Start adding old regions to collection set. Min 5 regions, max 8 regions, time remaining 48.66ms, optional threshold 9.73ms
[2024-10-12T11:44:12.728+0800][debug][gc,ergo,cset] GC(127) Finish adding old regions to collection set (Maximum number of regions). Initial 8 regions, optional 0 regions
[2024-10-12T11:44:12.728+0800][debug][gc,ergo,cset] GC(127) Finish choosing collection set old regions. Initial: 8, optional: 0, predicted old time: 0.00ms, predicted optional time: 0.00ms, time remaining: 47.64
[2024-10-12T11:44:12.833+0800][debug][gc,ergo,cset] GC(128) Start adding old regions to collection set. Min 5 regions, max 8 regions, time remaining 48.57ms, optional threshold 9.71ms
[2024-10-12T11:44:12.833+0800][debug][gc,ergo,cset] GC(128) Finish adding old regions to collection set (Maximum number of regions). Initial 8 regions, optional 0 regions
[2024-10-12T11:44:12.833+0800][debug][gc,ergo,cset] GC(128) Finish choosing collection set old regions. Initial: 8, optional: 0, predicted old time: 0.00ms, predicted optional time: 0.00ms, time remaining: 46.71
[2024-10-12T11:44:12.939+0800][debug][gc,ergo,cset] GC(129) Start adding old regions to collection set. Min 5 regions, max 8 regions, time remaining 48.57ms, optional threshold 9.71ms
[2024-10-12T11:44:12.939+0800][debug][gc,ergo,cset] GC(129) Finish adding old regions to collection set (Maximum number of regions). Initial 8 regions, optional 0 regions
[2024-10-12T11:44:12.939+0800][debug][gc,ergo,cset] GC(129) Finish choosing collection set old regions. Initial: 8, optional: 0, predicted old time: 0.00ms, predicted optional time: 0.00ms, time remaining: 46.52
[2024-10-12T11:44:13.045+0800][debug][gc,ergo,cset] GC(130) Start adding old regions to collection set. Min 5 regions, max 8 regions, time remaining 48.58ms, optional threshold 9.72ms
[2024-10-12T11:44:13.045+0800][debug][gc,ergo,cset] GC(130) Finish adding old regions to collection set (Maximum number of regions). Initial 8 regions, optional 0 regions
[2024-10-12T11:44:13.045+0800][debug][gc,ergo,cset] GC(130) Finish choosing collection set old regions. Initial: 8, optional: 0, predicted old time: 0.00ms, predicted optional time: 0.00ms, time remaining: 46.40
[2024-10-12T11:44:13.151+0800][debug][gc,ergo,cset] GC(131) Start adding old regions to collection set. Min 5 regions, max 8 regions, time remaining 48.57ms, optional threshold 9.71ms
[2024-10-12T11:44:13.151+0800][debug][gc,ergo,cset] GC(131) Old candidate collection set empty.
[2024-10-12T11:44:13.151+0800][debug][gc,ergo,cset] GC(131) Finish choosing collection set old regions. Initial: 7, optional: 0, predicted old time: 0.00ms, predicted optional time: 0.00ms, time remaining: 45.93
[2024-10-12T11:44:13.478+0800][debug][gc,ergo,cset] GC(135) Pruned 0 regions out of 41, leaving 0 bytes waste (allowed 0)
[2024-10-12T11:44:13.686+0800][debug][gc,ergo,cset] Preventive GC, insufficient free regions. Predicted need 6. Curr Eden 1 (Pred 2). Curr Survivor 1 (Pred 1). Curr Old 52 (Pred 3) Free 5 Alloc 1
[2024-10-12T11:44:13.686+0800][debug][gc,ergo,cset] GC(137) Start adding old regions to collection set. Min 6 regions, max 8 regions, time remaining 48.97ms, optional threshold 9.79ms
[2024-10-12T11:44:13.686+0800][debug][gc,ergo,cset] GC(137) Finish adding old regions to collection set (Maximum number of regions). Initial 8 regions, optional 0 regions
[2024-10-12T11:44:13.686+0800][debug][gc,ergo,cset] GC(137) Finish choosing collection set old regions. Initial: 8, optional: 0, predicted old time: 0.00ms, predicted optional time: 0.00ms, time remaining: 47.79
[2024-10-12T11:44:13.791+0800][debug][gc,ergo,cset] GC(138) Start adding old regions to collection set. Min 6 regions, max 8 regions, time remaining 48.64ms, optional threshold 9.73ms
[2024-10-12T11:44:13.791+0800][debug][gc,ergo,cset] GC(138) Finish adding old regions to collection set (Maximum number of regions). Initial 8 regions, optional 0 regions
[2024-10-12T11:44:13.791+0800][debug][gc,ergo,cset] GC(138) Finish choosing collection set old regions. Initial: 8, optional: 0, predicted old time: 0.00ms, predicted optional time: 0.00ms, time remaining: 47.14
[2024-10-12T11:44:13.897+0800][debug][gc,ergo,cset] GC(139) Start adding old regions to collection set. Min 6 regions, max 8 regions, time remaining 48.47ms, optional threshold 9.69ms
[2024-10-12T11:44:13.897+0800][debug][gc,ergo,cset] GC(139) Finish adding old regions to collection set (Maximum number of regions). Initial 8 regions, optional 0 regions
[2024-10-12T11:44:13.897+0800][debug][gc,ergo,cset] GC(139) Finish choosing collection set old regions. Initial: 8, optional: 0, predicted old time: 0.00ms, predicted optional time: 0.00ms, time remaining: 46.51
[2024-10-12T11:44:14.003+0800][debug][gc,ergo,cset] GC(140) Start adding old regions to collection set. Min 6 regions, max 8 regions, time remaining 48.43ms, optional threshold 9.69ms
[2024-10-12T11:44:14.003+0800][debug][gc,ergo,cset] GC(140) Finish adding old regions to collection set (Maximum number of regions). Initial 8 regions, optional 0 regions
[2024-10-12T11:44:14.003+0800][debug][gc,ergo,cset] GC(140) Finish choosing collection set old regions. Initial: 8, optional: 0, predicted old time: 0.00ms, predicted optional time: 0.00ms, time remaining: 46.13
[2024-10-12T11:44:14.111+0800][debug][gc,ergo,cset] GC(141) Start adding old regions to collection set. Min 6 regions, max 8 regions, time remaining 48.35ms, optional threshold 9.67ms
[2024-10-12T11:44:14.111+0800][debug][gc,ergo,cset] GC(141) Finish adding old regions to collection set (Maximum number of regions). Initial 8 regions, optional 0 regions
[2024-10-12T11:44:14.111+0800][debug][gc,ergo,cset] GC(141) Finish choosing collection set old regions. Initial: 8, optional: 0, predicted old time: 0.00ms, predicted optional time: 0.00ms, time remaining: 45.63
[2024-10-12T11:44:14.218+0800][debug][gc,ergo,cset] GC(142) Start adding old regions to collection set. Min 6 regions, max 8 regions, time remaining 48.33ms, optional threshold 9.67ms
[2024-10-12T11:44:14.218+0800][debug][gc,ergo,cset] GC(142) Old candidate collection set empty.
[2024-10-12T11:44:14.218+0800][debug][gc,ergo,cset] GC(142) Finish choosing collection set old regions. Initial: 1, optional: 0, predicted old time: 0.00ms, predicted optional time: 0.00ms, time remaining: 47.61
[2024-10-12T11:44:14.544+0800][debug][gc,ergo,cset] GC(146) Pruned 0 regions out of 39, leaving 0 bytes waste (allowed 0)
[2024-10-12T11:44:14.791+0800][debug][gc,ergo,cset] Preventive GC, insufficient free regions. Predicted need 6. Curr Eden 2 (Pred 3). Curr Survivor 1 (Pred 1). Curr Old 51 (Pred 2) Free 5 Alloc 1
[2024-10-12T11:44:14.792+0800][debug][gc,ergo,cset] GC(148) Start adding old regions to collection set. Min 5 regions, max 8 regions, time remaining 48.68ms, optional threshold 9.74ms
[2024-10-12T11:44:14.792+0800][debug][gc,ergo,cset] GC(148) Finish adding old regions to collection set (Maximum number of regions). Initial 8 regions, optional 0 regions
[2024-10-12T11:44:14.792+0800][debug][gc,ergo,cset] GC(148) Finish choosing collection set old regions. Initial: 8, optional: 0, predicted old time: 0.00ms, predicted optional time: 0.00ms, time remaining: 47.49
[2024-10-12T11:44:14.897+0800][debug][gc,ergo,cset] GC(149) Start adding old regions to collection set. Min 5 regions, max 8 regions, time remaining 48.64ms, optional threshold 9.73ms
[2024-10-12T11:44:14.897+0800][debug][gc,ergo,cset] GC(149) Finish adding old regions to collection set (Maximum number of regions). Initial 8 regions, optional 0 regions
[2024-10-12T11:44:14.897+0800][debug][gc,ergo,cset] GC(149) Finish choosing collection set old regions. Initial: 8, optional: 0, predicted old time: 0.00ms, predicted optional time: 0.00ms, time remaining: 46.81
[2024-10-12T11:44:15.003+0800][debug][gc,ergo,cset] GC(150) Start adding old regions to collection set. Min 5 regions, max 8 regions, time remaining 48.60ms, optional threshold 9.72ms
[2024-10-12T11:44:15.003+0800][debug][gc,ergo,cset] GC(150) Finish adding old regions to collection set (Maximum number of regions). Initial 8 regions, optional 0 regions
[2024-10-12T11:44:15.003+0800][debug][gc,ergo,cset] GC(150) Finish choosing collection set old regions. Initial: 8, optional: 0, predicted old time: 0.00ms, predicted optional time: 0.00ms, time remaining: 46.48
[2024-10-12T11:44:15.108+0800][debug][gc,ergo,cset] GC(151) Start adding old regions to collection set. Min 5 regions, max 8 regions, time remaining 48.59ms, optional threshold 9.72ms
[2024-10-12T11:44:15.108+0800][debug][gc,ergo,cset] GC(151) Finish adding old regions to collection set (Maximum number of regions). Initial 8 regions, optional 0 regions
[2024-10-12T11:44:15.109+0800][debug][gc,ergo,cset] GC(151) Finish choosing collection set old regions. Initial: 8, optional: 0, predicted old time: 0.00ms, predicted optional time: 0.00ms, time remaining: 46.27
[2024-10-12T11:44:15.215+0800][debug][gc,ergo,cset] GC(152) Start adding old regions to collection set. Min 5 regions, max 8 regions, time remaining 48.55ms, optional threshold 9.71ms
[2024-10-12T11:44:15.215+0800][debug][gc,ergo,cset] GC(152) Old candidate collection set empty.
[2024-10-12T11:44:15.215+0800][debug][gc,ergo,cset] GC(152) Finish choosing collection set old regions. Initial: 7, optional: 0, predicted old time: 0.00ms, predicted optional time: 0.00ms, time remaining: 45.85
[2024-10-12T11:44:15.540+0800][debug][gc,ergo,cset] GC(156) Pruned 0 regions out of 35, leaving 0 bytes waste (allowed 0)
[2024-10-12T11:44:15.789+0800][debug][gc,ergo,cset] Preventive GC, insufficient free regions. Predicted need 6. Curr Eden 2 (Pred 3). Curr Survivor 1 (Pred 1). Curr Old 51 (Pred 2) Free 5 Alloc 1
[2024-10-12T11:44:15.790+0800][debug][gc,ergo,cset] GC(158) Start adding old regions to collection set. Min 5 regions, max 8 regions, time remaining 48.76ms, optional threshold 9.75ms
[2024-10-12T11:44:15.790+0800][debug][gc,ergo,cset] GC(158) Finish adding old regions to collection set (Maximum number of regions). Initial 8 regions, optional 0 regions
[2024-10-12T11:44:15.790+0800][debug][gc,ergo,cset] GC(158) Finish choosing collection set old regions. Initial: 8, optional: 0, predicted old time: 0.00ms, predicted optional time: 0.00ms, time remaining: 47.84
[2024-10-12T11:44:15.894+0800][debug][gc,ergo,cset] GC(159) Start adding old regions to collection set. Min 5 regions, max 8 regions, time remaining 48.76ms, optional threshold 9.75ms
[2024-10-12T11:44:15.895+0800][debug][gc,ergo,cset] GC(159) Finish adding old regions to collection set (Maximum number of regions). Initial 8 regions, optional 0 regions
[2024-10-12T11:44:15.895+0800][debug][gc,ergo,cset] GC(159) Finish choosing collection set old regions. Initial: 8, optional: 0, predicted old time: 0.00ms, predicted optional time: 0.00ms, time remaining: 47.23
[2024-10-12T11:44:16.000+0800][debug][gc,ergo,cset] GC(160) Start adding old regions to collection set. Min 5 regions, max 8 regions, time remaining 48.69ms, optional threshold 9.74ms
[2024-10-12T11:44:16.000+0800][debug][gc,ergo,cset] GC(160) Finish adding old regions to collection set (Maximum number of regions). Initial 8 regions, optional 0 regions
[2024-10-12T11:44:16.000+0800][debug][gc,ergo,cset] GC(160) Finish choosing collection set old regions. Initial: 8, optional: 0, predicted old time: 0.00ms, predicted optional time: 0.00ms, time remaining: 46.81
[2024-10-12T11:44:16.106+0800][debug][gc,ergo,cset] GC(161) Start adding old regions to collection set. Min 5 regions, max 8 regions, time remaining 48.66ms, optional threshold 9.73ms
[2024-10-12T11:44:16.106+0800][debug][gc,ergo,cset] GC(161) Finish adding old regions to collection set (Maximum number of regions). Initial 8 regions, optional 0 regions
[2024-10-12T11:44:16.106+0800][debug][gc,ergo,cset] GC(161) Finish choosing collection set old regions. Initial: 8, optional: 0, predicted old time: 0.00ms, predicted optional time: 0.00ms, time remaining: 46.49
[2024-10-12T11:44:16.212+0800][debug][gc,ergo,cset] GC(162) Start adding old regions to collection set. Min 5 regions, max 8 regions, time remaining 48.61ms, optional threshold 9.72ms
[2024-10-12T11:44:16.212+0800][debug][gc,ergo,cset] GC(162) Old candidate collection set empty.
[2024-10-12T11:44:16.212+0800][debug][gc,ergo,cset] GC(162) Finish choosing collection set old regions. Initial: 3, optional: 0, predicted old time: 0.00ms, predicted optional time: 0.00ms, time remaining: 47.38
[2024-10-12T11:44:16.536+0800][debug][gc,ergo,cset] GC(166) Pruned 0 regions out of 37, leaving 0 bytes waste (allowed 0)
[2024-10-12T11:44:16.744+0800][debug][gc,ergo,cset] Preventive GC, insufficient free regions. Predicted need 6. Curr Eden 1 (Pred 2). Curr Survivor 1 (Pred 1). Curr Old 51 (Pred 3) Free 6 Alloc 1
[2024-10-12T11:44:16.744+0800][debug][gc,ergo,cset] GC(168) Start adding old regions to collection set. Min 5 regions, max 8 regions, time remaining 49.05ms, optional threshold 9.81ms
[2024-10-12T11:44:16.744+0800][debug][gc,ergo,cset] GC(168) Finish adding old regions to collection set (Maximum number of regions). Initial 8 regions, optional 0 regions
[2024-10-12T11:44:16.744+0800][debug][gc,ergo,cset] GC(168) Finish choosing collection set old regions. Initial: 8, optional: 0, predicted old time: 0.00ms, predicted optional time: 0.00ms, time remaining: 47.85
[2024-10-12T11:44:16.849+0800][debug][gc,ergo,cset] GC(169) Start adding old regions to collection set. Min 5 regions, max 8 regions, time remaining 48.70ms, optional threshold 9.74ms
[2024-10-12T11:44:16.849+0800][debug][gc,ergo,cset] GC(169) Finish adding old regions to collection set (Maximum number of regions). Initial 8 regions, optional 0 regions
[2024-10-12T11:44:16.849+0800][debug][gc,ergo,cset] GC(169) Finish choosing collection set old regions. Initial: 8, optional: 0, predicted old time: 0.00ms, predicted optional time: 0.00ms, time remaining: 47.11
[2024-10-12T11:44:16.955+0800][debug][gc,ergo,cset] GC(170) Start adding old regions to collection set. Min 5 regions, max 8 regions, time remaining 48.68ms, optional threshold 9.74ms
[2024-10-12T11:44:16.955+0800][debug][gc,ergo,cset] GC(170) Finish adding old regions to collection set (Maximum number of regions). Initial 8 regions, optional 0 regions
[2024-10-12T11:44:16.955+0800][debug][gc,ergo,cset] GC(170) Finish choosing collection set old regions. Initial: 8, optional: 0, predicted old time: 0.00ms, predicted optional time: 0.00ms, time remaining: 46.90
[2024-10-12T11:44:17.061+0800][debug][gc,ergo,cset] GC(171) Start adding old regions to collection set. Min 5 regions, max 8 regions, time remaining 48.64ms, optional threshold 9.73ms
[2024-10-12T11:44:17.061+0800][debug][gc,ergo,cset] GC(171) Finish adding old regions to collection set (Maximum number of regions). Initial 8 regions, optional 0 regions
[2024-10-12T11:44:17.061+0800][debug][gc,ergo,cset] GC(171) Finish choosing collection set old regions. Initial: 8, optional: 0, predicted old time: 0.00ms, predicted optional time: 0.00ms, time remaining: 46.53
[2024-10-12T11:44:17.167+0800][debug][gc,ergo,cset] GC(172) Start adding old regions to collection set. Min 5 regions, max 8 regions, time remaining 48.55ms, optional threshold 9.71ms
[2024-10-12T11:44:17.167+0800][debug][gc,ergo,cset] GC(172) Old candidate collection set empty.
[2024-10-12T11:44:17.167+0800][debug][gc,ergo,cset] GC(172) Finish choosing collection set old regions. Initial: 5, optional: 0, predicted old time: 0.00ms, predicted optional time: 0.00ms, time remaining: 46.58
[2024-10-12T11:44:17.491+0800][debug][gc,ergo,cset] GC(176) Pruned 0 regions out of 41, leaving 0 bytes waste (allowed 0)
[2024-10-12T11:44:17.699+0800][debug][gc,ergo,cset] Preventive GC, insufficient free regions. Predicted need 6. Curr Eden 1 (Pred 2). Curr Survivor 1 (Pred 1). Curr Old 52 (Pred 3) Free 5 Alloc 1
[2024-10-12T11:44:17.699+0800][debug][gc,ergo,cset] GC(178) Start adding old regions to collection set. Min 6 regions, max 8 regions, time remaining 49.02ms, optional threshold 9.80ms
[2024-10-12T11:44:17.699+0800][debug][gc,ergo,cset] GC(178) Finish adding old regions to collection set (Maximum number of regions). Initial 8 regions, optional 0 regions
[2024-10-12T11:44:17.699+0800][debug][gc,ergo,cset] GC(178) Finish choosing collection set old regions. Initial: 8, optional: 0, predicted old time: 0.00ms, predicted optional time: 0.00ms, time remaining: 47.93
[2024-10-12T11:44:17.804+0800][debug][gc,ergo,cset] Preventive GC, insufficient free regions. Predicted need 8. Curr Eden 2 (Pred 3). Curr Survivor 1 (Pred 1). Curr Old 48 (Pred 4) Free 8 Alloc 1
[2024-10-12T11:44:17.804+0800][debug][gc,ergo,cset] GC(179) Start adding old regions to collection set. Min 6 regions, max 8 regions, time remaining 48.68ms, optional threshold 9.74ms
[2024-10-12T11:44:17.804+0800][debug][gc,ergo,cset] GC(179) Finish adding old regions to collection set (Maximum number of regions). Initial 8 regions, optional 0 regions
[2024-10-12T11:44:17.804+0800][debug][gc,ergo,cset] GC(179) Finish choosing collection set old regions. Initial: 8, optional: 0, predicted old time: 0.00ms, predicted optional time: 0.00ms, time remaining: 47.20
[2024-10-12T11:44:17.909+0800][debug][gc,ergo,cset] GC(180) Start adding old regions to collection set. Min 6 regions, max 8 regions, time remaining 48.68ms, optional threshold 9.74ms
[2024-10-12T11:44:17.909+0800][debug][gc,ergo,cset] GC(180) Finish adding old regions to collection set (Maximum number of regions). Initial 8 regions, optional 0 regions
[2024-10-12T11:44:17.909+0800][debug][gc,ergo,cset] GC(180) Finish choosing collection set old regions. Initial: 8, optional: 0, predicted old time: 0.00ms, predicted optional time: 0.00ms, time remaining: 46.97
[2024-10-12T11:44:18.015+0800][debug][gc,ergo,cset] GC(181) Start adding old regions to collection set. Min 6 regions, max 8 regions, time remaining 48.68ms, optional threshold 9.74ms
[2024-10-12T11:44:18.015+0800][debug][gc,ergo,cset] GC(181) Finish adding old regions to collection set (Maximum number of regions). Initial 8 regions, optional 0 regions
[2024-10-12T11:44:18.015+0800][debug][gc,ergo,cset] GC(181) Finish choosing collection set old regions. Initial: 8, optional: 0, predicted old time: 0.00ms, predicted optional time: 0.00ms, time remaining: 46.84
[2024-10-12T11:44:18.121+0800][debug][gc,ergo,cset] GC(182) Start adding old regions to collection set. Min 6 regions, max 8 regions, time remaining 48.68ms, optional threshold 9.74ms
[2024-10-12T11:44:18.121+0800][debug][gc,ergo,cset] GC(182) Finish adding old regions to collection set (Maximum number of regions). Initial 8 regions, optional 0 regions
[2024-10-12T11:44:18.121+0800][debug][gc,ergo,cset] GC(182) Finish choosing collection set old regions. Initial: 8, optional: 0, predicted old time: 0.00ms, predicted optional time: 0.00ms, time remaining: 46.37
[2024-10-12T11:44:18.227+0800][debug][gc,ergo,cset] GC(183) Start adding old regions to collection set. Min 6 regions, max 8 regions, time remaining 48.61ms, optional threshold 9.72ms
[2024-10-12T11:44:18.227+0800][debug][gc,ergo,cset] GC(183) Old candidate collection set empty.
[2024-10-12T11:44:18.227+0800][debug][gc,ergo,cset] GC(183) Finish choosing collection set old regions. Initial: 1, optional: 0, predicted old time: 0.00ms, predicted optional time: 0.00ms, time remaining: 48.04
[2024-10-12T11:44:18.469+0800][debug][gc,ergo,cset] GC(187) Pruned 0 regions out of 42, leaving 0 bytes waste (allowed 0)
[2024-10-12T11:44:18.635+0800][debug][gc,ergo,cset] Preventive GC, insufficient free regions. Predicted need 4. Curr Eden 2 (Pred 3). Curr Survivor 1 (Pred 1). Curr Old 51 (Pred 0) Free 4 Alloc 1
[2024-10-12T11:44:18.698+0800][debug][gc,ergo,cset] Preventive GC, insufficient free regions. Predicted need 5. Curr Eden 1 (Pred 2). Curr Survivor 1 (Pred 1). Curr Old 52 (Pred 2) Free 5 Alloc 1
[2024-10-12T11:44:18.698+0800][debug][gc,ergo,cset] GC(189) Start adding old regions to collection set. Min 6 regions, max 8 regions, time remaining 49.04ms, optional threshold 9.81ms
[2024-10-12T11:44:18.698+0800][debug][gc,ergo,cset] GC(189) Finish adding old regions to collection set (Maximum number of regions). Initial 8 regions, optional 0 regions
[2024-10-12T11:44:18.698+0800][debug][gc,ergo,cset] GC(189) Finish choosing collection set old regions. Initial: 8, optional: 0, predicted old time: 0.00ms, predicted optional time: 0.00ms, time remaining: 47.91
[2024-10-12T11:44:18.803+0800][debug][gc,ergo,cset] Preventive GC, insufficient free regions. Predicted need 8. Curr Eden 2 (Pred 3). Curr Survivor 1 (Pred 1). Curr Old 48 (Pred 4) Free 8 Alloc 1
[2024-10-12T11:44:18.803+0800][debug][gc,ergo,cset] GC(190) Start adding old regions to collection set. Min 6 regions, max 8 regions, time remaining 48.73ms, optional threshold 9.75ms
[2024-10-12T11:44:18.803+0800][debug][gc,ergo,cset] GC(190) Finish adding old regions to collection set (Maximum number of regions). Initial 8 regions, optional 0 regions
[2024-10-12T11:44:18.803+0800][debug][gc,ergo,cset] GC(190) Finish choosing collection set old regions. Initial: 8, optional: 0, predicted old time: 0.00ms, predicted optional time: 0.00ms, time remaining: 47.07
[2024-10-12T11:44:18.908+0800][debug][gc,ergo,cset] GC(191) Start adding old regions to collection set. Min 6 regions, max 8 regions, time remaining 48.65ms, optional threshold 9.73ms
[2024-10-12T11:44:18.908+0800][debug][gc,ergo,cset] GC(191) Finish adding old regions to collection set (Maximum number of regions). Initial 8 regions, optional 0 regions
[2024-10-12T11:44:18.908+0800][debug][gc,ergo,cset] GC(191) Finish choosing collection set old regions. Initial: 8, optional: 0, predicted old time: 0.00ms, predicted optional time: 0.00ms, time remaining: 46.68
[2024-10-12T11:44:19.014+0800][debug][gc,ergo,cset] GC(192) Start adding old regions to collection set. Min 6 regions, max 8 regions, time remaining 48.63ms, optional threshold 9.73ms
[2024-10-12T11:44:19.014+0800][debug][gc,ergo,cset] GC(192) Finish adding old regions to collection set (Maximum number of regions). Initial 8 regions, optional 0 regions
[2024-10-12T11:44:19.014+0800][debug][gc,ergo,cset] GC(192) Finish choosing collection set old regions. Initial: 8, optional: 0, predicted old time: 0.00ms, predicted optional time: 0.00ms, time remaining: 46.42
[2024-10-12T11:44:19.119+0800][debug][gc,ergo,cset] GC(193) Start adding old regions to collection set. Min 6 regions, max 8 regions, time remaining 48.60ms, optional threshold 9.72ms
[2024-10-12T11:44:19.119+0800][debug][gc,ergo,cset] GC(193) Finish adding old regions to collection set (Maximum number of regions). Initial 8 regions, optional 0 regions
[2024-10-12T11:44:19.119+0800][debug][gc,ergo,cset] GC(193) Finish choosing collection set old regions. Initial: 8, optional: 0, predicted old time: 0.00ms, predicted optional time: 0.00ms, time remaining: 46.19
[2024-10-12T11:44:19.225+0800][debug][gc,ergo,cset] GC(194) Start adding old regions to collection set. Min 6 regions, max 8 regions, time remaining 48.65ms, optional threshold 9.73ms
[2024-10-12T11:44:19.225+0800][debug][gc,ergo,cset] GC(194) Old candidate collection set empty.
[2024-10-12T11:44:19.226+0800][debug][gc,ergo,cset] GC(194) Finish choosing collection set old regions. Initial: 2, optional: 0, predicted old time: 0.00ms, predicted optional time: 0.00ms, time remaining: 47.60
[2024-10-12T11:44:19.549+0800][debug][gc,ergo,cset] GC(198) Pruned 0 regions out of 41, leaving 0 bytes waste (allowed 0)
[2024-10-12T11:44:19.756+0800][debug][gc,ergo,cset] Preventive GC, insufficient free regions. Predicted need 5. Curr Eden 1 (Pred 2). Curr Survivor 1 (Pred 1). Curr Old 52 (Pred 2) Free 5 Alloc 1
[2024-10-12T11:44:19.756+0800][debug][gc,ergo,cset] GC(200) Start adding old regions to collection set. Min 6 regions, max 8 regions, time remaining 49.04ms, optional threshold 9.81ms
[2024-10-12T11:44:19.756+0800][debug][gc,ergo,cset] GC(200) Finish adding old regions to collection set (Maximum number of regions). Initial 8 regions, optional 0 regions
[2024-10-12T11:44:19.756+0800][debug][gc,ergo,cset] GC(200) Finish choosing collection set old regions. Initial: 8, optional: 0, predicted old time: 0.00ms, predicted optional time: 0.00ms, time remaining: 47.96
[2024-10-12T11:44:19.861+0800][debug][gc,ergo,cset] GC(201) Start adding old regions to collection set. Min 6 regions, max 8 regions, time remaining 48.68ms, optional threshold 9.74ms
[2024-10-12T11:44:19.861+0800][debug][gc,ergo,cset] GC(201) Finish adding old regions to collection set (Maximum number of regions). Initial 8 regions, optional 0 regions
[2024-10-12T11:44:19.861+0800][debug][gc,ergo,cset] GC(201) Finish choosing collection set old regions. Initial: 8, optional: 0, predicted old time: 0.00ms, predicted optional time: 0.00ms, time remaining: 47.07
[2024-10-12T11:44:19.966+0800][debug][gc,ergo,cset] GC(202) Start adding old regions to collection set. Min 6 regions, max 8 regions, time remaining 48.69ms, optional threshold 9.74ms
[2024-10-12T11:44:19.966+0800][debug][gc,ergo,cset] GC(202) Finish adding old regions to collection set (Maximum number of regions). Initial 8 regions, optional 0 regions
[2024-10-12T11:44:19.966+0800][debug][gc,ergo,cset] GC(202) Finish choosing collection set old regions. Initial: 8, optional: 0, predicted old time: 0.00ms, predicted optional time: 0.00ms, time remaining: 46.87
[2024-10-12T11:44:20.073+0800][debug][gc,ergo,cset] GC(203) Start adding old regions to collection set. Min 6 regions, max 8 regions, time remaining 48.63ms, optional threshold 9.73ms
[2024-10-12T11:44:20.073+0800][debug][gc,ergo,cset] GC(203) Finish adding old regions to collection set (Maximum number of regions). Initial 8 regions, optional 0 regions
[2024-10-12T11:44:20.073+0800][debug][gc,ergo,cset] GC(203) Finish choosing collection set old regions. Initial: 8, optional: 0, predicted old time: 0.00ms, predicted optional time: 0.00ms, time remaining: 46.48
[2024-10-12T11:44:20.179+0800][debug][gc,ergo,cset] GC(204) Start adding old regions to collection set. Min 6 regions, max 8 regions, time remaining 48.59ms, optional threshold 9.72ms
[2024-10-12T11:44:20.179+0800][debug][gc,ergo,cset] GC(204) Finish adding old regions to collection set (Maximum number of regions). Initial 8 regions, optional 0 regions
[2024-10-12T11:44:20.179+0800][debug][gc,ergo,cset] GC(204) Finish choosing collection set old regions. Initial: 8, optional: 0, predicted old time: 0.00ms, predicted optional time: 0.00ms, time remaining: 46.13
[2024-10-12T11:44:20.286+0800][debug][gc,ergo,cset] GC(205) Start adding old regions to collection set. Min 6 regions, max 8 regions, time remaining 48.48ms, optional threshold 9.70ms
[2024-10-12T11:44:20.286+0800][debug][gc,ergo,cset] GC(205) Old candidate collection set empty.
[2024-10-12T11:44:20.286+0800][debug][gc,ergo,cset] GC(205) Finish choosing collection set old regions. Initial: 1, optional: 0, predicted old time: 0.00ms, predicted optional time: 0.00ms, time remaining: 47.87
[2024-10-12T11:44:20.609+0800][debug][gc,ergo,cset] GC(209) Pruned 0 regions out of 41, leaving 0 bytes waste (allowed 0)
[2024-10-12T11:44:20.754+0800][debug][gc,ergo,cset] Preventive GC, insufficient free regions. Predicted need 4. Curr Eden 2 (Pred 3). Curr Survivor 1 (Pred 1). Curr Old 51 (Pred 0) Free 4 Alloc 1
[2024-10-12T11:44:20.817+0800][debug][gc,ergo,cset] Preventive GC, insufficient free regions. Predicted need 5. Curr Eden 1 (Pred 2). Curr Survivor 1 (Pred 1). Curr Old 53 (Pred 2) Free 4 Alloc 1
[2024-10-12T11:44:20.818+0800][debug][gc,ergo,cset] GC(211) Start adding old regions to collection set. Min 6 regions, max 8 regions, time remaining 49.05ms, optional threshold 9.81ms
[2024-10-12T11:44:20.818+0800][debug][gc,ergo,cset] GC(211) Finish adding old regions to collection set (Maximum number of regions). Initial 8 regions, optional 0 regions
[2024-10-12T11:44:20.818+0800][debug][gc,ergo,cset] GC(211) Finish choosing collection set old regions. Initial: 8, optional: 0, predicted old time: 0.00ms, predicted optional time: 0.00ms, time remaining: 47.90
[2024-10-12T11:44:20.922+0800][debug][gc,ergo,cset] GC(212) Start adding old regions to collection set. Min 6 regions, max 8 regions, time remaining 48.71ms, optional threshold 9.74ms
[2024-10-12T11:44:20.922+0800][debug][gc,ergo,cset] GC(212) Finish adding old regions to collection set (Maximum number of regions). Initial 8 regions, optional 0 regions
[2024-10-12T11:44:20.922+0800][debug][gc,ergo,cset] GC(212) Finish choosing collection set old regions. Initial: 8, optional: 0, predicted old time: 0.00ms, predicted optional time: 0.00ms, time remaining: 47.28
[2024-10-12T11:44:21.028+0800][debug][gc,ergo,cset] GC(213) Start adding old regions to collection set. Min 6 regions, max 8 regions, time remaining 48.63ms, optional threshold 9.73ms
[2024-10-12T11:44:21.028+0800][debug][gc,ergo,cset] GC(213) Finish adding old regions to collection set (Maximum number of regions). Initial 8 regions, optional 0 regions
[2024-10-12T11:44:21.028+0800][debug][gc,ergo,cset] GC(213) Finish choosing collection set old regions. Initial: 8, optional: 0, predicted old time: 0.00ms, predicted optional time: 0.00ms, time remaining: 46.80
[2024-10-12T11:44:21.134+0800][debug][gc,ergo,cset] GC(214) Start adding old regions to collection set. Min 6 regions, max 8 regions, time remaining 48.61ms, optional threshold 9.72ms
[2024-10-12T11:44:21.134+0800][debug][gc,ergo,cset] GC(214) Finish adding old regions to collection set (Maximum number of regions). Initial 8 regions, optional 0 regions
[2024-10-12T11:44:21.134+0800][debug][gc,ergo,cset] GC(214) Finish choosing collection set old regions. Initial: 8, optional: 0, predicted old time: 0.00ms, predicted optional time: 0.00ms, time remaining: 46.57
[2024-10-12T11:44:21.241+0800][debug][gc,ergo,cset] GC(215) Start adding old regions to collection set. Min 6 regions, max 8 regions, time remaining 48.48ms, optional threshold 9.70ms
[2024-10-12T11:44:21.241+0800][debug][gc,ergo,cset] GC(215) Finish adding old regions to collection set (Maximum number of regions). Initial 8 regions, optional 0 regions
[2024-10-12T11:44:21.241+0800][debug][gc,ergo,cset] GC(215) Finish choosing collection set old regions. Initial: 8, optional: 0, predicted old time: 0.00ms, predicted optional time: 0.00ms, time remaining: 45.84
[2024-10-12T11:44:21.347+0800][debug][gc,ergo,cset] GC(216) Start adding old regions to collection set. Min 6 regions, max 8 regions, time remaining 48.48ms, optional threshold 9.70ms
[2024-10-12T11:44:21.347+0800][debug][gc,ergo,cset] GC(216) Old candidate collection set empty.
[2024-10-12T11:44:21.348+0800][debug][gc,ergo,cset] GC(216) Finish choosing collection set old regions. Initial: 1, optional: 0, predicted old time: 0.00ms, predicted optional time: 0.00ms, time remaining: 47.86
[2024-10-12T11:44:21.672+0800][debug][gc,ergo,cset] GC(220) Pruned 0 regions out of 40, leaving 0 bytes waste (allowed 0)
[2024-10-12T11:44:21.880+0800][debug][gc,ergo,cset] Preventive GC, insufficient free regions. Predicted need 5. Curr Eden 1 (Pred 2). Curr Survivor 1 (Pred 1). Curr Old 53 (Pred 2) Free 4 Alloc 1
[2024-10-12T11:44:21.880+0800][debug][gc,ergo,cset] GC(222) Start adding old regions to collection set. Min 5 regions, max 8 regions, time remaining 49.00ms, optional threshold 9.80ms
[2024-10-12T11:44:21.880+0800][debug][gc,ergo,cset] GC(222) Finish adding old regions to collection set (Maximum number of regions). Initial 8 regions, optional 0 regions
[2024-10-12T11:44:21.880+0800][debug][gc,ergo,cset] GC(222) Finish choosing collection set old regions. Initial: 8, optional: 0, predicted old time: 0.00ms, predicted optional time: 0.00ms, time remaining: 47.92
[2024-10-12T11:44:21.984+0800][debug][gc,ergo,cset] GC(223) Start adding old regions to collection set. Min 5 regions, max 8 regions, time remaining 48.67ms, optional threshold 9.73ms
[2024-10-12T11:44:21.984+0800][debug][gc,ergo,cset] GC(223) Finish adding old regions to collection set (Maximum number of regions). Initial 8 regions, optional 0 regions
[2024-10-12T11:44:21.985+0800][debug][gc,ergo,cset] GC(223) Finish choosing collection set old regions. Initial: 8, optional: 0, predicted old time: 0.00ms, predicted optional time: 0.00ms, time remaining: 47.03
[2024-10-12T11:44:22.090+0800][debug][gc,ergo,cset] GC(224) Start adding old regions to collection set. Min 5 regions, max 8 regions, time remaining 48.60ms, optional threshold 9.72ms
[2024-10-12T11:44:22.090+0800][debug][gc,ergo,cset] GC(224) Finish adding old regions to collection set (Maximum number of regions). Initial 8 regions, optional 0 regions
[2024-10-12T11:44:22.090+0800][debug][gc,ergo,cset] GC(224) Finish choosing collection set old regions. Initial: 8, optional: 0, predicted old time: 0.00ms, predicted optional time: 0.00ms, time remaining: 46.67
[2024-10-12T11:44:22.196+0800][debug][gc,ergo,cset] GC(225) Start adding old regions to collection set. Min 5 regions, max 8 regions, time remaining 48.47ms, optional threshold 9.69ms
[2024-10-12T11:44:22.196+0800][debug][gc,ergo,cset] GC(225) Finish adding old regions to collection set (Maximum number of regions). Initial 8 regions, optional 0 regions
[2024-10-12T11:44:22.196+0800][debug][gc,ergo,cset] GC(225) Finish choosing collection set old regions. Initial: 8, optional: 0, predicted old time: 0.00ms, predicted optional time: 0.00ms, time remaining: 46.16
[2024-10-12T11:44:22.303+0800][debug][gc,ergo,cset] GC(226) Start adding old regions to collection set. Min 5 regions, max 8 regions, time remaining 48.50ms, optional threshold 9.70ms
[2024-10-12T11:44:22.303+0800][debug][gc,ergo,cset] GC(226) Old candidate collection set empty.
[2024-10-12T11:44:22.303+0800][debug][gc,ergo,cset] GC(226) Finish choosing collection set old regions. Initial: 8, optional: 0, predicted old time: 0.00ms, predicted optional time: 0.00ms, time remaining: 45.94
[2024-10-12T11:44:22.628+0800][debug][gc,ergo,cset] GC(230) Pruned 0 regions out of 42, leaving 0 bytes waste (allowed 0)
[2024-10-12T11:44:22.836+0800][debug][gc,ergo,cset] Preventive GC, insufficient free regions. Predicted need 6. Curr Eden 1 (Pred 2). Curr Survivor 1 (Pred 1). Curr Old 51 (Pred 3) Free 6 Alloc 1
[2024-10-12T11:44:22.836+0800][debug][gc,ergo,cset] GC(232) Start adding old regions to collection set. Min 6 regions, max 8 regions, time remaining 48.97ms, optional threshold 9.79ms
[2024-10-12T11:44:22.836+0800][debug][gc,ergo,cset] GC(232) Finish adding old regions to collection set (Maximum number of regions). Initial 8 regions, optional 0 regions
[2024-10-12T11:44:22.836+0800][debug][gc,ergo,cset] GC(232) Finish choosing collection set old regions. Initial: 8, optional: 0, predicted old time: 0.00ms, predicted optional time: 0.00ms, time remaining: 47.77
[2024-10-12T11:44:22.921+0800][debug][gc,ergo,cset] Preventive GC, insufficient free regions. Predicted need 8. Curr Eden 2 (Pred 3). Curr Survivor 1 (Pred 1). Curr Old 48 (Pred 4) Free 8 Alloc 1
[2024-10-12T11:44:22.921+0800][debug][gc,ergo,cset] GC(233) Start adding old regions to collection set. Min 6 regions, max 8 regions, time remaining 48.62ms, optional threshold 9.72ms
[2024-10-12T11:44:22.921+0800][debug][gc,ergo,cset] GC(233) Finish adding old regions to collection set (Maximum number of regions). Initial 8 regions, optional 0 regions
[2024-10-12T11:44:22.921+0800][debug][gc,ergo,cset] GC(233) Finish choosing collection set old regions. Initial: 8, optional: 0, predicted old time: 0.00ms, predicted optional time: 0.00ms, time remaining: 46.96
[2024-10-12T11:44:23.048+0800][debug][gc,ergo,cset] Preventive GC, insufficient free regions. Predicted need 9. Curr Eden 2 (Pred 3). Curr Survivor 1 (Pred 1). Curr Old 46 (Pred 5) Free 9 Alloc 1
[2024-10-12T11:44:23.048+0800][debug][gc,ergo,cset] GC(234) Start adding old regions to collection set. Min 6 regions, max 8 regions, time remaining 48.50ms, optional threshold 9.70ms
[2024-10-12T11:44:23.048+0800][debug][gc,ergo,cset] GC(234) Finish adding old regions to collection set (Maximum number of regions). Initial 8 regions, optional 0 regions
[2024-10-12T11:44:23.048+0800][debug][gc,ergo,cset] GC(234) Finish choosing collection set old regions. Initial: 8, optional: 0, predicted old time: 0.00ms, predicted optional time: 0.00ms, time remaining: 46.58
[2024-10-12T11:44:23.154+0800][debug][gc,ergo,cset] GC(235) Start adding old regions to collection set. Min 6 regions, max 8 regions, time remaining 48.50ms, optional threshold 9.70ms
[2024-10-12T11:44:23.154+0800][debug][gc,ergo,cset] GC(235) Finish adding old regions to collection set (Maximum number of regions). Initial 8 regions, optional 0 regions
[2024-10-12T11:44:23.154+0800][debug][gc,ergo,cset] GC(235) Finish choosing collection set old regions. Initial: 8, optional: 0, predicted old time: 0.00ms, predicted optional time: 0.00ms, time remaining: 46.38
[2024-10-12T11:44:23.261+0800][debug][gc,ergo,cset] GC(236) Start adding old regions to collection set. Min 6 regions, max 8 regions, time remaining 48.51ms, optional threshold 9.70ms
[2024-10-12T11:44:23.261+0800][debug][gc,ergo,cset] GC(236) Finish adding old regions to collection set (Maximum number of regions). Initial 8 regions, optional 0 regions
[2024-10-12T11:44:23.261+0800][debug][gc,ergo,cset] GC(236) Finish choosing collection set old regions. Initial: 8, optional: 0, predicted old time: 0.00ms, predicted optional time: 0.00ms, time remaining: 46.12
[2024-10-12T11:44:23.368+0800][debug][gc,ergo,cset] GC(237) Start adding old regions to collection set. Min 6 regions, max 8 regions, time remaining 48.39ms, optional threshold 9.68ms
[2024-10-12T11:44:23.368+0800][debug][gc,ergo,cset] GC(237) Old candidate collection set empty.
[2024-10-12T11:44:23.368+0800][debug][gc,ergo,cset] GC(237) Finish choosing collection set old regions. Initial: 2, optional: 0, predicted old time: 0.00ms, predicted optional time: 0.00ms, time remaining: 47.43
[2024-10-12T11:44:23.693+0800][debug][gc,ergo,cset] GC(241) Pruned 0 regions out of 44, leaving 0 bytes waste (allowed 0)
[2024-10-12T11:44:23.899+0800][debug][gc,ergo,cset] Preventive GC, insufficient free regions. Predicted need 5. Curr Eden 1 (Pred 2). Curr Survivor 1 (Pred 1). Curr Old 53 (Pred 2) Free 4 Alloc 1
[2024-10-12T11:44:23.899+0800][debug][gc,ergo,cset] GC(243) Start adding old regions to collection set. Min 6 regions, max 8 regions, time remaining 48.97ms, optional threshold 9.79ms
[2024-10-12T11:44:23.899+0800][debug][gc,ergo,cset] GC(243) Finish adding old regions to collection set (Maximum number of regions). Initial 8 regions, optional 0 regions
[2024-10-12T11:44:23.899+0800][debug][gc,ergo,cset] GC(243) Finish choosing collection set old regions. Initial: 8, optional: 0, predicted old time: 0.00ms, predicted optional time: 0.00ms, time remaining: 47.99
[2024-10-12T11:44:23.943+0800][debug][gc,ergo,cset] Preventive GC, insufficient free regions. Predicted need 7. Curr Eden 1 (Pred 2). Curr Survivor 1 (Pred 1). Curr Old 52 (Pred 4) Free 5 Alloc 1
[2024-10-12T11:44:23.943+0800][debug][gc,ergo,cset] GC(244) Start adding old regions to collection set. Min 6 regions, max 8 regions, time remaining 48.93ms, optional threshold 9.79ms
[2024-10-12T11:44:23.943+0800][debug][gc,ergo,cset] GC(244) Finish adding old regions to collection set (Maximum number of regions). Initial 8 regions, optional 0 regions
[2024-10-12T11:44:23.943+0800][debug][gc,ergo,cset] GC(244) Finish choosing collection set old regions. Initial: 8, optional: 0, predicted old time: 0.00ms, predicted optional time: 0.00ms, time remaining: 47.41
[2024-10-12T11:44:24.007+0800][debug][gc,ergo,cset] Preventive GC, insufficient free regions. Predicted need 7. Curr Eden 1 (Pred 2). Curr Survivor 1 (Pred 1). Curr Old 55 (Pred 4) Free 2 Alloc 1
[2024-10-12T11:44:24.007+0800][debug][gc,ergo,cset] GC(245) Start adding old regions to collection set. Min 6 regions, max 8 regions, time remaining 48.93ms, optional threshold 9.79ms
[2024-10-12T11:44:24.007+0800][debug][gc,ergo,cset] GC(245) Finish adding old regions to collection set (Maximum number of regions). Initial 8 regions, optional 0 regions
[2024-10-12T11:44:24.007+0800][debug][gc,ergo,cset] GC(245) Finish choosing collection set old regions. Initial: 8, optional: 0, predicted old time: 0.00ms, predicted optional time: 0.00ms, time remaining: 47.25
[2024-10-12T11:44:24.051+0800][debug][gc,ergo,cset] GC(246) Start adding old regions to collection set. Min 6 regions, max 8 regions, time remaining 48.90ms, optional threshold 9.78ms
[2024-10-12T11:44:24.051+0800][debug][gc,ergo,cset] GC(246) Finish adding old regions to collection set (Maximum number of regions). Initial 8 regions, optional 0 regions
[2024-10-12T11:44:24.051+0800][debug][gc,ergo,cset] GC(246) Finish choosing collection set old regions. Initial: 8, optional: 0, predicted old time: 0.00ms, predicted optional time: 0.00ms, time remaining: 47.04
[2024-10-12T11:44:24.726+0800][debug][gc,ergo,cset] GC(253) Pruned 0 regions out of 40, leaving 0 bytes waste (allowed 0)
[2024-10-12T11:44:24.933+0800][debug][gc,ergo,cset] Preventive GC, insufficient free regions. Predicted need 5. Curr Eden 1 (Pred 2). Curr Survivor 1 (Pred 1). Curr Old 52 (Pred 2) Free 5 Alloc 1
[2024-10-12T11:44:24.933+0800][debug][gc,ergo,cset] GC(255) Start adding old regions to collection set. Min 5 regions, max 8 regions, time remaining 49.00ms, optional threshold 9.80ms
[2024-10-12T11:44:24.933+0800][debug][gc,ergo,cset] GC(255) Finish adding old regions to collection set (Maximum number of regions). Initial 8 regions, optional 0 regions
[2024-10-12T11:44:24.933+0800][debug][gc,ergo,cset] GC(255) Finish choosing collection set old regions. Initial: 8, optional: 0, predicted old time: 0.00ms, predicted optional time: 0.00ms, time remaining: 47.98
[2024-10-12T11:44:25.038+0800][debug][gc,ergo,cset] GC(256) Start adding old regions to collection set. Min 5 regions, max 8 regions, time remaining 48.62ms, optional threshold 9.72ms
[2024-10-12T11:44:25.038+0800][debug][gc,ergo,cset] GC(256) Finish adding old regions to collection set (Maximum number of regions). Initial 8 regions, optional 0 regions
[2024-10-12T11:44:25.038+0800][debug][gc,ergo,cset] GC(256) Finish choosing collection set old regions. Initial: 8, optional: 0, predicted old time: 0.00ms, predicted optional time: 0.00ms, time remaining: 47.07
[2024-10-12T11:44:25.144+0800][debug][gc,ergo,cset] GC(257) Start adding old regions to collection set. Min 5 regions, max 8 regions, time remaining 48.60ms, optional threshold 9.72ms
[2024-10-12T11:44:25.144+0800][debug][gc,ergo,cset] GC(257) Finish adding old regions to collection set (Maximum number of regions). Initial 8 regions, optional 0 regions
[2024-10-12T11:44:25.144+0800][debug][gc,ergo,cset] GC(257) Finish choosing collection set old regions. Initial: 8, optional: 0, predicted old time: 0.00ms, predicted optional time: 0.00ms, time remaining: 46.75
[2024-10-12T11:44:25.250+0800][debug][gc,ergo,cset] GC(258) Start adding old regions to collection set. Min 5 regions, max 8 regions, time remaining 48.64ms, optional threshold 9.73ms
[2024-10-12T11:44:25.250+0800][debug][gc,ergo,cset] GC(258) Finish adding old regions to collection set (Maximum number of regions). Initial 8 regions, optional 0 regions
[2024-10-12T11:44:25.250+0800][debug][gc,ergo,cset] GC(258) Finish choosing collection set old regions. Initial: 8, optional: 0, predicted old time: 0.00ms, predicted optional time: 0.00ms, time remaining: 46.65
[2024-10-12T11:44:25.356+0800][debug][gc,ergo,cset] GC(259) Start adding old regions to collection set. Min 5 regions, max 8 regions, time remaining 48.59ms, optional threshold 9.72ms
[2024-10-12T11:44:25.356+0800][debug][gc,ergo,cset] GC(259) Old candidate collection set empty.
[2024-10-12T11:44:25.356+0800][debug][gc,ergo,cset] GC(259) Finish choosing collection set old regions. Initial: 8, optional: 0, predicted old time: 0.00ms, predicted optional time: 0.00ms, time remaining: 46.02
[2024-10-12T11:44:25.682+0800][debug][gc,ergo,cset] GC(263) Pruned 0 regions out of 39, leaving 0 bytes waste (allowed 0)
[2024-10-12T11:44:25.889+0800][debug][gc,ergo,cset] Preventive GC, insufficient free regions. Predicted need 5. Curr Eden 1 (Pred 2). Curr Survivor 1 (Pred 1). Curr Old 52 (Pred 2) Free 5 Alloc 1
[2024-10-12T11:44:25.889+0800][debug][gc,ergo,cset] GC(265) Start adding old regions to collection set. Min 5 regions, max 8 regions, time remaining 49.04ms, optional threshold 9.81ms
[2024-10-12T11:44:25.889+0800][debug][gc,ergo,cset] GC(265) Finish adding old regions to collection set (Maximum number of regions). Initial 8 regions, optional 0 regions
[2024-10-12T11:44:25.889+0800][debug][gc,ergo,cset] GC(265) Finish choosing collection set old regions. Initial: 8, optional: 0, predicted old time: 0.00ms, predicted optional time: 0.00ms, time remaining: 48.01
[2024-10-12T11:44:25.994+0800][debug][gc,ergo,cset] GC(266) Start adding old regions to collection set. Min 5 regions, max 8 regions, time remaining 48.71ms, optional threshold 9.74ms
[2024-10-12T11:44:25.994+0800][debug][gc,ergo,cset] GC(266) Finish adding old regions to collection set (Maximum number of regions). Initial 8 regions, optional 0 regions
[2024-10-12T11:44:25.994+0800][debug][gc,ergo,cset] GC(266) Finish choosing collection set old regions. Initial: 8, optional: 0, predicted old time: 0.00ms, predicted optional time: 0.00ms, time remaining: 47.18
[2024-10-12T11:44:26.099+0800][debug][gc,ergo,cset] GC(267) Start adding old regions to collection set. Min 5 regions, max 8 regions, time remaining 48.67ms, optional threshold 9.73ms
[2024-10-12T11:44:26.099+0800][debug][gc,ergo,cset] GC(267) Finish adding old regions to collection set (Maximum number of regions). Initial 8 regions, optional 0 regions
[2024-10-12T11:44:26.099+0800][debug][gc,ergo,cset] GC(267) Finish choosing collection set old regions. Initial: 8, optional: 0, predicted old time: 0.00ms, predicted optional time: 0.00ms, time remaining: 46.85
[2024-10-12T11:44:26.204+0800][debug][gc,ergo,cset] GC(268) Start adding old regions to collection set. Min 5 regions, max 8 regions, time remaining 48.66ms, optional threshold 9.73ms
[2024-10-12T11:44:26.204+0800][debug][gc,ergo,cset] GC(268) Finish adding old regions to collection set (Maximum number of regions). Initial 8 regions, optional 0 regions
[2024-10-12T11:44:26.204+0800][debug][gc,ergo,cset] GC(268) Finish choosing collection set old regions. Initial: 8, optional: 0, predicted old time: 0.00ms, predicted optional time: 0.00ms, time remaining: 46.64
[2024-10-12T11:44:26.310+0800][debug][gc,ergo,cset] GC(269) Start adding old regions to collection set. Min 5 regions, max 8 regions, time remaining 48.66ms, optional threshold 9.73ms
[2024-10-12T11:44:26.310+0800][debug][gc,ergo,cset] GC(269) Old candidate collection set empty.
[2024-10-12T11:44:26.310+0800][debug][gc,ergo,cset] GC(269) Finish choosing collection set old regions. Initial: 7, optional: 0, predicted old time: 0.00ms, predicted optional time: 0.00ms, time remaining: 46.59
[2024-10-12T11:44:26.635+0800][debug][gc,ergo,cset] GC(273) Pruned 0 regions out of 39, leaving 0 bytes waste (allowed 0)
[2024-10-12T11:44:26.843+0800][debug][gc,ergo,cset] Preventive GC, insufficient free regions. Predicted need 5. Curr Eden 1 (Pred 2). Curr Survivor 1 (Pred 1). Curr Old 52 (Pred 2) Free 5 Alloc 1
[2024-10-12T11:44:26.843+0800][debug][gc,ergo,cset] GC(275) Start adding old regions to collection set. Min 5 regions, max 8 regions, time remaining 49.04ms, optional threshold 9.81ms
[2024-10-12T11:44:26.843+0800][debug][gc,ergo,cset] GC(275) Finish adding old regions to collection set (Maximum number of regions). Initial 8 regions, optional 0 regions
[2024-10-12T11:44:26.843+0800][debug][gc,ergo,cset] GC(275) Finish choosing collection set old regions. Initial: 8, optional: 0, predicted old time: 0.00ms, predicted optional time: 0.00ms, time remaining: 47.99
[2024-10-12T11:44:26.948+0800][debug][gc,ergo,cset] GC(276) Start adding old regions to collection set. Min 5 regions, max 8 regions, time remaining 48.76ms, optional threshold 9.75ms
[2024-10-12T11:44:26.948+0800][debug][gc,ergo,cset] GC(276) Finish adding old regions to collection set (Maximum number of regions). Initial 8 regions, optional 0 regions
[2024-10-12T11:44:26.948+0800][debug][gc,ergo,cset] GC(276) Finish choosing collection set old regions. Initial: 8, optional: 0, predicted old time: 0.00ms, predicted optional time: 0.00ms, time remaining: 47.44
[2024-10-12T11:44:27.053+0800][debug][gc,ergo,cset] GC(277) Start adding old regions to collection set. Min 5 regions, max 8 regions, time remaining 48.68ms, optional threshold 9.74ms
[2024-10-12T11:44:27.053+0800][debug][gc,ergo,cset] GC(277) Finish adding old regions to collection set (Maximum number of regions). Initial 8 regions, optional 0 regions
[2024-10-12T11:44:27.053+0800][debug][gc,ergo,cset] GC(277) Finish choosing collection set old regions. Initial: 8, optional: 0, predicted old time: 0.00ms, predicted optional time: 0.00ms, time remaining: 47.02
[2024-10-12T11:44:27.159+0800][debug][gc,ergo,cset] GC(278) Start adding old regions to collection set. Min 5 regions, max 8 regions, time remaining 48.65ms, optional threshold 9.73ms
[2024-10-12T11:44:27.159+0800][debug][gc,ergo,cset] GC(278) Finish adding old regions to collection set (Maximum number of regions). Initial 8 regions, optional 0 regions
[2024-10-12T11:44:27.159+0800][debug][gc,ergo,cset] GC(278) Finish choosing collection set old regions. Initial: 8, optional: 0, predicted old time: 0.00ms, predicted optional time: 0.00ms, time remaining: 46.68
[2024-10-12T11:44:27.264+0800][debug][gc,ergo,cset] GC(279) Start adding old regions to collection set. Min 5 regions, max 8 regions, time remaining 48.66ms, optional threshold 9.73ms
[2024-10-12T11:44:27.264+0800][debug][gc,ergo,cset] GC(279) Old candidate collection set empty.
[2024-10-12T11:44:27.264+0800][debug][gc,ergo,cset] GC(279) Finish choosing collection set old regions. Initial: 7, optional: 0, predicted old time: 0.00ms, predicted optional time: 0.00ms, time remaining: 46.44
[2024-10-12T11:44:27.591+0800][debug][gc,ergo,cset] GC(283) Pruned 0 regions out of 40, leaving 0 bytes waste (allowed 0)
[2024-10-12T11:44:27.796+0800][debug][gc,ergo,cset] Preventive GC, insufficient free regions. Predicted need 6. Curr Eden 1 (Pred 2). Curr Survivor 1 (Pred 1). Curr Old 52 (Pred 3) Free 5 Alloc 1
[2024-10-12T11:44:27.797+0800][debug][gc,ergo,cset] GC(285) Start adding old regions to collection set. Min 5 regions, max 8 regions, time remaining 49.07ms, optional threshold 9.81ms
[2024-10-12T11:44:27.797+0800][debug][gc,ergo,cset] GC(285) Finish adding old regions to collection set (Maximum number of regions). Initial 8 regions, optional 0 regions
[2024-10-12T11:44:27.797+0800][debug][gc,ergo,cset] GC(285) Finish choosing collection set old regions. Initial: 8, optional: 0, predicted old time: 0.00ms, predicted optional time: 0.00ms, time remaining: 47.99
[2024-10-12T11:44:27.902+0800][debug][gc,ergo,cset] Preventive GC, insufficient free regions. Predicted need 7. Curr Eden 2 (Pred 3). Curr Survivor 1 (Pred 1). Curr Old 49 (Pred 3) Free 7 Alloc 1
[2024-10-12T11:44:27.902+0800][debug][gc,ergo,cset] GC(286) Start adding old regions to collection set. Min 5 regions, max 8 regions, time remaining 48.78ms, optional threshold 9.76ms
[2024-10-12T11:44:27.902+0800][debug][gc,ergo,cset] GC(286) Finish adding old regions to collection set (Maximum number of regions). Initial 8 regions, optional 0 regions
[2024-10-12T11:44:27.902+0800][debug][gc,ergo,cset] GC(286) Finish choosing collection set old regions. Initial: 8, optional: 0, predicted old time: 0.00ms, predicted optional time: 0.00ms, time remaining: 47.36
[2024-10-12T11:44:28.007+0800][debug][gc,ergo,cset] Preventive GC, insufficient free regions. Predicted need 8. Curr Eden 2 (Pred 3). Curr Survivor 1 (Pred 1). Curr Old 49 (Pred 4) Free 7 Alloc 1
[2024-10-12T11:44:28.007+0800][debug][gc,ergo,cset] GC(287) Start adding old regions to collection set. Min 5 regions, max 8 regions, time remaining 48.74ms, optional threshold 9.75ms
[2024-10-12T11:44:28.007+0800][debug][gc,ergo,cset] GC(287) Finish adding old regions to collection set (Maximum number of regions). Initial 8 regions, optional 0 regions
[2024-10-12T11:44:28.007+0800][debug][gc,ergo,cset] GC(287) Finish choosing collection set old regions. Initial: 8, optional: 0, predicted old time: 0.00ms, predicted optional time: 0.00ms, time remaining: 47.01
[2024-10-12T11:44:28.072+0800][debug][gc,ergo,cset] Preventive GC, insufficient free regions. Predicted need 7. Curr Eden 1 (Pred 2). Curr Survivor 1 (Pred 1). Curr Old 51 (Pred 4) Free 6 Alloc 1
[2024-10-12T11:44:28.072+0800][debug][gc,ergo,cset] GC(288) Start adding old regions to collection set. Min 5 regions, max 8 regions, time remaining 49.02ms, optional threshold 9.80ms
[2024-10-12T11:44:28.072+0800][debug][gc,ergo,cset] GC(288) Finish adding old regions to collection set (Maximum number of regions). Initial 8 regions, optional 0 regions
[2024-10-12T11:44:28.072+0800][debug][gc,ergo,cset] GC(288) Finish choosing collection set old regions. Initial: 8, optional: 0, predicted old time: 0.00ms, predicted optional time: 0.00ms, time remaining: 47.16
[2024-10-12T11:44:28.116+0800][debug][gc,ergo,cset] Preventive GC, insufficient free regions. Predicted need 8. Curr Eden 1 (Pred 2). Curr Survivor 1 (Pred 1). Curr Old 53 (Pred 5) Free 4 Alloc 1
[2024-10-12T11:44:28.116+0800][debug][gc,ergo,cset] GC(289) Start adding old regions to collection set. Min 5 regions, max 8 regions, time remaining 48.94ms, optional threshold 9.79ms
[2024-10-12T11:44:28.117+0800][debug][gc,ergo,cset] GC(289) Old candidate collection set empty.
[2024-10-12T11:44:28.117+0800][debug][gc,ergo,cset] GC(289) Finish choosing collection set old regions. Initial: 8, optional: 0, predicted old time: 0.00ms, predicted optional time: 0.00ms, time remaining: 46.39
[2024-10-12T11:44:28.840+0800][debug][gc,ergo,cset] GC(298) Pruned 0 regions out of 41, leaving 0 bytes waste (allowed 0)
[2024-10-12T11:44:29.046+0800][debug][gc,ergo,cset] Preventive GC, insufficient free regions. Predicted need 6. Curr Eden 1 (Pred 2). Curr Survivor 1 (Pred 1). Curr Old 51 (Pred 3) Free 6 Alloc 1
[2024-10-12T11:44:29.047+0800][debug][gc,ergo,cset] GC(300) Start adding old regions to collection set. Min 6 regions, max 8 regions, time remaining 49.11ms, optional threshold 9.82ms
[2024-10-12T11:44:29.047+0800][debug][gc,ergo,cset] GC(300) Finish adding old regions to collection set (Maximum number of regions). Initial 8 regions, optional 0 regions
[2024-10-12T11:44:29.047+0800][debug][gc,ergo,cset] GC(300) Finish choosing collection set old regions. Initial: 8, optional: 0, predicted old time: 0.00ms, predicted optional time: 0.00ms, time remaining: 48.14
[2024-10-12T11:44:29.151+0800][debug][gc,ergo,cset] Preventive GC, insufficient free regions. Predicted need 8. Curr Eden 2 (Pred 4). Curr Survivor 1 (Pred 1). Curr Old 48 (Pred 4) Free 8 Alloc 1
[2024-10-12T11:44:29.151+0800][debug][gc,ergo,cset] GC(301) Start adding old regions to collection set. Min 6 regions, max 8 regions, time remaining 48.72ms, optional threshold 9.74ms
[2024-10-12T11:44:29.151+0800][debug][gc,ergo,cset] GC(301) Finish adding old regions to collection set (Maximum number of regions). Initial 8 regions, optional 0 regions
[2024-10-12T11:44:29.151+0800][debug][gc,ergo,cset] GC(301) Finish choosing collection set old regions. Initial: 8, optional: 0, predicted old time: 0.00ms, predicted optional time: 0.00ms, time remaining: 47.32
[2024-10-12T11:44:29.257+0800][debug][gc,ergo,cset] GC(302) Start adding old regions to collection set. Min 6 regions, max 8 regions, time remaining 48.66ms, optional threshold 9.73ms
[2024-10-12T11:44:29.257+0800][debug][gc,ergo,cset] GC(302) Finish adding old regions to collection set (Maximum number of regions). Initial 8 regions, optional 0 regions
[2024-10-12T11:44:29.257+0800][debug][gc,ergo,cset] GC(302) Finish choosing collection set old regions. Initial: 8, optional: 0, predicted old time: 0.00ms, predicted optional time: 0.00ms, time remaining: 46.94
[2024-10-12T11:44:29.363+0800][debug][gc,ergo,cset] GC(303) Start adding old regions to collection set. Min 6 regions, max 8 regions, time remaining 48.59ms, optional threshold 9.72ms
[2024-10-12T11:44:29.363+0800][debug][gc,ergo,cset] GC(303) Finish adding old regions to collection set (Maximum number of regions). Initial 8 regions, optional 0 regions
[2024-10-12T11:44:29.363+0800][debug][gc,ergo,cset] GC(303) Finish choosing collection set old regions. Initial: 8, optional: 0, predicted old time: 0.00ms, predicted optional time: 0.00ms, time remaining: 46.62
[2024-10-12T11:44:29.469+0800][debug][gc,ergo,cset] GC(304) Start adding old regions to collection set. Min 6 regions, max 8 regions, time remaining 48.58ms, optional threshold 9.72ms
[2024-10-12T11:44:29.469+0800][debug][gc,ergo,cset] GC(304) Finish adding old regions to collection set (Maximum number of regions). Initial 8 regions, optional 0 regions
[2024-10-12T11:44:29.469+0800][debug][gc,ergo,cset] GC(304) Finish choosing collection set old regions. Initial: 8, optional: 0, predicted old time: 0.00ms, predicted optional time: 0.00ms, time remaining: 46.15
[2024-10-12T11:44:29.575+0800][debug][gc,ergo,cset] GC(305) Start adding old regions to collection set. Min 6 regions, max 8 regions, time remaining 48.48ms, optional threshold 9.70ms
[2024-10-12T11:44:29.575+0800][debug][gc,ergo,cset] GC(305) Old candidate collection set empty.
[2024-10-12T11:44:29.575+0800][debug][gc,ergo,cset] GC(305) Finish choosing collection set old regions. Initial: 1, optional: 0, predicted old time: 0.00ms, predicted optional time: 0.00ms, time remaining: 47.90
[2024-10-12T11:44:29.900+0800][debug][gc,ergo,cset] GC(309) Pruned 0 regions out of 36, leaving 0 bytes waste (allowed 0)
[2024-10-12T11:44:30.107+0800][debug][gc,ergo,cset] Preventive GC, insufficient free regions. Predicted need 5. Curr Eden 1 (Pred 2). Curr Survivor 1 (Pred 1). Curr Old 52 (Pred 2) Free 5 Alloc 1
[2024-10-12T11:44:30.107+0800][debug][gc,ergo,cset] GC(311) Start adding old regions to collection set. Min 5 regions, max 8 regions, time remaining 49.01ms, optional threshold 9.80ms
[2024-10-12T11:44:30.107+0800][debug][gc,ergo,cset] GC(311) Finish adding old regions to collection set (Maximum number of regions). Initial 8 regions, optional 0 regions
[2024-10-12T11:44:30.107+0800][debug][gc,ergo,cset] GC(311) Finish choosing collection set old regions. Initial: 8, optional: 0, predicted old time: 0.00ms, predicted optional time: 0.00ms, time remaining: 47.85
[2024-10-12T11:44:30.212+0800][debug][gc,ergo,cset] GC(312) Start adding old regions to collection set. Min 5 regions, max 8 regions, time remaining 48.62ms, optional threshold 9.72ms
[2024-10-12T11:44:30.212+0800][debug][gc,ergo,cset] GC(312) Finish adding old regions to collection set (Maximum number of regions). Initial 8 regions, optional 0 regions
[2024-10-12T11:44:30.212+0800][debug][gc,ergo,cset] GC(312) Finish choosing collection set old regions. Initial: 8, optional: 0, predicted old time: 0.00ms, predicted optional time: 0.00ms, time remaining: 46.87
[2024-10-12T11:44:30.318+0800][debug][gc,ergo,cset] GC(313) Start adding old regions to collection set. Min 5 regions, max 8 regions, time remaining 48.59ms, optional threshold 9.72ms
[2024-10-12T11:44:30.318+0800][debug][gc,ergo,cset] GC(313) Finish adding old regions to collection set (Maximum number of regions). Initial 8 regions, optional 0 regions
[2024-10-12T11:44:30.318+0800][debug][gc,ergo,cset] GC(313) Finish choosing collection set old regions. Initial: 8, optional: 0, predicted old time: 0.00ms, predicted optional time: 0.00ms, time remaining: 46.63
[2024-10-12T11:44:30.423+0800][debug][gc,ergo,cset] GC(314) Start adding old regions to collection set. Min 5 regions, max 8 regions, time remaining 48.59ms, optional threshold 9.72ms
[2024-10-12T11:44:30.423+0800][debug][gc,ergo,cset] GC(314) Finish adding old regions to collection set (Maximum number of regions). Initial 8 regions, optional 0 regions
[2024-10-12T11:44:30.423+0800][debug][gc,ergo,cset] GC(314) Finish choosing collection set old regions. Initial: 8, optional: 0, predicted old time: 0.00ms, predicted optional time: 0.00ms, time remaining: 46.42
[2024-10-12T11:44:30.530+0800][debug][gc,ergo,cset] GC(315) Start adding old regions to collection set. Min 5 regions, max 8 regions, time remaining 48.59ms, optional threshold 9.72ms
[2024-10-12T11:44:30.530+0800][debug][gc,ergo,cset] GC(315) Old candidate collection set empty.
[2024-10-12T11:44:30.530+0800][debug][gc,ergo,cset] GC(315) Finish choosing collection set old regions. Initial: 4, optional: 0, predicted old time: 0.00ms, predicted optional time: 0.00ms, time remaining: 47.07
[2024-10-12T11:44:30.853+0800][debug][gc,ergo,cset] GC(319) Pruned 0 regions out of 39, leaving 0 bytes waste (allowed 0)
[2024-10-12T11:44:31.060+0800][debug][gc,ergo,cset] Preventive GC, insufficient free regions. Predicted need 5. Curr Eden 1 (Pred 2). Curr Survivor 1 (Pred 1). Curr Old 52 (Pred 2) Free 5 Alloc 1
[2024-10-12T11:44:31.061+0800][debug][gc,ergo,cset] GC(321) Start adding old regions to collection set. Min 5 regions, max 8 regions, time remaining 49.07ms, optional threshold 9.81ms
[2024-10-12T11:44:31.061+0800][debug][gc,ergo,cset] GC(321) Finish adding old regions to collection set (Maximum number of regions). Initial 8 regions, optional 0 regions
[2024-10-12T11:44:31.061+0800][debug][gc,ergo,cset] GC(321) Finish choosing collection set old regions. Initial: 8, optional: 0, predicted old time: 0.00ms, predicted optional time: 0.00ms, time remaining: 48.05
[2024-10-12T11:44:31.166+0800][debug][gc,ergo,cset] GC(322) Start adding old regions to collection set. Min 5 regions, max 8 regions, time remaining 48.70ms, optional threshold 9.74ms
[2024-10-12T11:44:31.166+0800][debug][gc,ergo,cset] GC(322) Finish adding old regions to collection set (Maximum number of regions). Initial 8 regions, optional 0 regions
[2024-10-12T11:44:31.166+0800][debug][gc,ergo,cset] GC(322) Finish choosing collection set old regions. Initial: 8, optional: 0, predicted old time: 0.00ms, predicted optional time: 0.00ms, time remaining: 47.21
[2024-10-12T11:44:31.271+0800][debug][gc,ergo,cset] GC(323) Start adding old regions to collection set. Min 5 regions, max 8 regions, time remaining 48.64ms, optional threshold 9.73ms
[2024-10-12T11:44:31.271+0800][debug][gc,ergo,cset] GC(323) Finish adding old regions to collection set (Maximum number of regions). Initial 8 regions, optional 0 regions
[2024-10-12T11:44:31.271+0800][debug][gc,ergo,cset] GC(323) Finish choosing collection set old regions. Initial: 8, optional: 0, predicted old time: 0.00ms, predicted optional time: 0.00ms, time remaining: 46.85
[2024-10-12T11:44:31.377+0800][debug][gc,ergo,cset] GC(324) Start adding old regions to collection set. Min 5 regions, max 8 regions, time remaining 48.65ms, optional threshold 9.73ms
[2024-10-12T11:44:31.377+0800][debug][gc,ergo,cset] GC(324) Finish adding old regions to collection set (Maximum number of regions). Initial 8 regions, optional 0 regions
[2024-10-12T11:44:31.377+0800][debug][gc,ergo,cset] GC(324) Finish choosing collection set old regions. Initial: 8, optional: 0, predicted old time: 0.00ms, predicted optional time: 0.00ms, time remaining: 46.58
[2024-10-12T11:44:31.483+0800][debug][gc,ergo,cset] GC(325) Start adding old regions to collection set. Min 5 regions, max 8 regions, time remaining 48.63ms, optional threshold 9.73ms
[2024-10-12T11:44:31.483+0800][debug][gc,ergo,cset] GC(325) Old candidate collection set empty.
[2024-10-12T11:44:31.483+0800][debug][gc,ergo,cset] GC(325) Finish choosing collection set old regions. Initial: 7, optional: 0, predicted old time: 0.00ms, predicted optional time: 0.00ms, time remaining: 46.35
[2024-10-12T11:44:31.789+0800][debug][gc,ergo,cset] GC(329) Pruned 0 regions out of 39, leaving 0 bytes waste (allowed 0)
[2024-10-12T11:44:32.058+0800][debug][gc,ergo,cset] Preventive GC, insufficient free regions. Predicted need 6. Curr Eden 2 (Pred 3). Curr Survivor 1 (Pred 1). Curr Old 50 (Pred 2) Free 6 Alloc 1
[2024-10-12T11:44:32.058+0800][debug][gc,ergo,cset] GC(331) Start adding old regions to collection set. Min 5 regions, max 8 regions, time remaining 48.70ms, optional threshold 9.74ms
[2024-10-12T11:44:32.058+0800][debug][gc,ergo,cset] GC(331) Finish adding old regions to collection set (Maximum number of regions). Initial 8 regions, optional 0 regions
[2024-10-12T11:44:32.058+0800][debug][gc,ergo,cset] GC(331) Finish choosing collection set old regions. Initial: 8, optional: 0, predicted old time: 0.00ms, predicted optional time: 0.00ms, time remaining: 47.78
[2024-10-12T11:44:32.163+0800][debug][gc,ergo,cset] GC(332) Start adding old regions to collection set. Min 5 regions, max 8 regions, time remaining 48.69ms, optional threshold 9.74ms
[2024-10-12T11:44:32.163+0800][debug][gc,ergo,cset] GC(332) Finish adding old regions to collection set (Maximum number of regions). Initial 8 regions, optional 0 regions
[2024-10-12T11:44:32.163+0800][debug][gc,ergo,cset] GC(332) Finish choosing collection set old regions. Initial: 8, optional: 0, predicted old time: 0.00ms, predicted optional time: 0.00ms, time remaining: 47.18
[2024-10-12T11:44:32.269+0800][debug][gc,ergo,cset] GC(333) Start adding old regions to collection set. Min 5 regions, max 8 regions, time remaining 48.63ms, optional threshold 9.73ms
[2024-10-12T11:44:32.269+0800][debug][gc,ergo,cset] GC(333) Finish adding old regions to collection set (Maximum number of regions). Initial 8 regions, optional 0 regions
[2024-10-12T11:44:32.269+0800][debug][gc,ergo,cset] GC(333) Finish choosing collection set old regions. Initial: 8, optional: 0, predicted old time: 0.00ms, predicted optional time: 0.00ms, time remaining: 46.74
[2024-10-12T11:44:32.374+0800][debug][gc,ergo,cset] GC(334) Start adding old regions to collection set. Min 5 regions, max 8 regions, time remaining 48.64ms, optional threshold 9.73ms
[2024-10-12T11:44:32.374+0800][debug][gc,ergo,cset] GC(334) Finish adding old regions to collection set (Maximum number of regions). Initial 8 regions, optional 0 regions
[2024-10-12T11:44:32.374+0800][debug][gc,ergo,cset] GC(334) Finish choosing collection set old regions. Initial: 8, optional: 0, predicted old time: 0.00ms, predicted optional time: 0.00ms, time remaining: 46.50
[2024-10-12T11:44:32.480+0800][debug][gc,ergo,cset] GC(335) Start adding old regions to collection set. Min 5 regions, max 8 regions, time remaining 48.62ms, optional threshold 9.72ms
[2024-10-12T11:44:32.480+0800][debug][gc,ergo,cset] GC(335) Old candidate collection set empty.
[2024-10-12T11:44:32.480+0800][debug][gc,ergo,cset] GC(335) Finish choosing collection set old regions. Initial: 7, optional: 0, predicted old time: 0.00ms, predicted optional time: 0.00ms, time remaining: 46.19
[2024-10-12T11:44:32.806+0800][debug][gc,ergo,cset] GC(339) Pruned 0 regions out of 41, leaving 0 bytes waste (allowed 0)
[2024-10-12T11:44:33.013+0800][debug][gc,ergo,cset] Preventive GC, insufficient free regions. Predicted need 5. Curr Eden 1 (Pred 2). Curr Survivor 1 (Pred 1). Curr Old 52 (Pred 2) Free 5 Alloc 1
[2024-10-12T11:44:33.014+0800][debug][gc,ergo,cset] GC(341) Start adding old regions to collection set. Min 6 regions, max 8 regions, time remaining 49.01ms, optional threshold 9.80ms
[2024-10-12T11:44:33.014+0800][debug][gc,ergo,cset] GC(341) Finish adding old regions to collection set (Maximum number of regions). Initial 8 regions, optional 0 regions
[2024-10-12T11:44:33.014+0800][debug][gc,ergo,cset] GC(341) Finish choosing collection set old regions. Initial: 8, optional: 0, predicted old time: 0.00ms, predicted optional time: 0.00ms, time remaining: 48.28
[2024-10-12T11:44:33.118+0800][debug][gc,ergo,cset] GC(342) Start adding old regions to collection set. Min 6 regions, max 8 regions, time remaining 48.70ms, optional threshold 9.74ms
[2024-10-12T11:44:33.118+0800][debug][gc,ergo,cset] GC(342) Finish adding old regions to collection set (Maximum number of regions). Initial 8 regions, optional 0 regions
[2024-10-12T11:44:33.118+0800][debug][gc,ergo,cset] GC(342) Finish choosing collection set old regions. Initial: 8, optional: 0, predicted old time: 0.00ms, predicted optional time: 0.00ms, time remaining: 47.23
[2024-10-12T11:44:33.224+0800][debug][gc,ergo,cset] GC(343) Start adding old regions to collection set. Min 6 regions, max 8 regions, time remaining 48.65ms, optional threshold 9.73ms
[2024-10-12T11:44:33.224+0800][debug][gc,ergo,cset] GC(343) Finish adding old regions to collection set (Maximum number of regions). Initial 8 regions, optional 0 regions
[2024-10-12T11:44:33.224+0800][debug][gc,ergo,cset] GC(343) Finish choosing collection set old regions. Initial: 8, optional: 0, predicted old time: 0.00ms, predicted optional time: 0.00ms, time remaining: 46.81
[2024-10-12T11:44:33.329+0800][debug][gc,ergo,cset] GC(344) Start adding old regions to collection set. Min 6 regions, max 8 regions, time remaining 48.68ms, optional threshold 9.74ms
[2024-10-12T11:44:33.329+0800][debug][gc,ergo,cset] GC(344) Finish adding old regions to collection set (Maximum number of regions). Initial 8 regions, optional 0 regions
[2024-10-12T11:44:33.329+0800][debug][gc,ergo,cset] GC(344) Finish choosing collection set old regions. Initial: 8, optional: 0, predicted old time: 0.00ms, predicted optional time: 0.00ms, time remaining: 46.65
[2024-10-12T11:44:33.435+0800][debug][gc,ergo,cset] GC(345) Start adding old regions to collection set. Min 6 regions, max 8 regions, time remaining 48.65ms, optional threshold 9.73ms
[2024-10-12T11:44:33.435+0800][debug][gc,ergo,cset] GC(345) Finish adding old regions to collection set (Maximum number of regions). Initial 8 regions, optional 0 regions
[2024-10-12T11:44:33.435+0800][debug][gc,ergo,cset] GC(345) Finish choosing collection set old regions. Initial: 8, optional: 0, predicted old time: 0.00ms, predicted optional time: 0.00ms, time remaining: 46.33
[2024-10-12T11:44:33.541+0800][debug][gc,ergo,cset] GC(346) Start adding old regions to collection set. Min 6 regions, max 8 regions, time remaining 48.64ms, optional threshold 9.73ms
[2024-10-12T11:44:33.541+0800][debug][gc,ergo,cset] GC(346) Old candidate collection set empty.
[2024-10-12T11:44:33.541+0800][debug][gc,ergo,cset] GC(346) Finish choosing collection set old regions. Initial: 1, optional: 0, predicted old time: 0.00ms, predicted optional time: 0.00ms, time remaining: 48.28
[2024-10-12T11:44:33.864+0800][debug][gc,ergo,cset] GC(350) Pruned 0 regions out of 42, leaving 0 bytes waste (allowed 0)
[2024-10-12T11:44:34.030+0800][debug][gc,ergo,cset] Preventive GC, insufficient free regions. Predicted need 5. Curr Eden 1 (Pred 2). Curr Survivor 1 (Pred 1). Curr Old 53 (Pred 2) Free 4 Alloc 1
[2024-10-12T11:44:34.031+0800][debug][gc,ergo,cset] GC(352) Start adding old regions to collection set. Min 6 regions, max 8 regions, time remaining 49.10ms, optional threshold 9.82ms
[2024-10-12T11:44:34.031+0800][debug][gc,ergo,cset] GC(352) Finish adding old regions to collection set (Maximum number of regions). Initial 8 regions, optional 0 regions
[2024-10-12T11:44:34.031+0800][debug][gc,ergo,cset] GC(352) Finish choosing collection set old regions. Initial: 8, optional: 0, predicted old time: 0.00ms, predicted optional time: 0.00ms, time remaining: 47.95
[2024-10-12T11:44:34.156+0800][debug][gc,ergo,cset] Preventive GC, insufficient free regions. Predicted need 7. Curr Eden 2 (Pred 3). Curr Survivor 1 (Pred 1). Curr Old 49 (Pred 3) Free 6 Alloc 1
[2024-10-12T11:44:34.157+0800][debug][gc,ergo,cset] GC(353) Start adding old regions to collection set. Min 6 regions, max 8 regions, time remaining 48.83ms, optional threshold 9.77ms
[2024-10-12T11:44:34.157+0800][debug][gc,ergo,cset] GC(353) Finish adding old regions to collection set (Maximum number of regions). Initial 8 regions, optional 0 regions
[2024-10-12T11:44:34.157+0800][debug][gc,ergo,cset] GC(353) Finish choosing collection set old regions. Initial: 8, optional: 0, predicted old time: 0.00ms, predicted optional time: 0.00ms, time remaining: 47.30
[2024-10-12T11:44:34.221+0800][debug][gc,ergo,cset] Preventive GC, insufficient free regions. Predicted need 7. Curr Eden 1 (Pred 2). Curr Survivor 1 (Pred 1). Curr Old 52 (Pred 4) Free 5 Alloc 1
[2024-10-12T11:44:34.221+0800][debug][gc,ergo,cset] GC(354) Start adding old regions to collection set. Min 6 regions, max 8 regions, time remaining 49.05ms, optional threshold 9.81ms
[2024-10-12T11:44:34.221+0800][debug][gc,ergo,cset] GC(354) Finish adding old regions to collection set (Maximum number of regions). Initial 8 regions, optional 0 regions
[2024-10-12T11:44:34.221+0800][debug][gc,ergo,cset] GC(354) Finish choosing collection set old regions. Initial: 8, optional: 0, predicted old time: 0.00ms, predicted optional time: 0.00ms, time remaining: 47.22
[2024-10-12T11:44:34.266+0800][debug][gc,ergo,cset] Preventive GC, insufficient free regions. Predicted need 8. Curr Eden 1 (Pred 2). Curr Survivor 1 (Pred 1). Curr Old 55 (Pred 5) Free 2 Alloc 1
[2024-10-12T11:44:34.266+0800][debug][gc,ergo,cset] GC(355) Start adding old regions to collection set. Min 6 regions, max 8 regions, time remaining 48.96ms, optional threshold 9.79ms
[2024-10-12T11:44:34.266+0800][debug][gc,ergo,cset] GC(355) Finish adding old regions to collection set (Maximum number of regions). Initial 8 regions, optional 0 regions
[2024-10-12T11:44:34.266+0800][debug][gc,ergo,cset] GC(355) Finish choosing collection set old regions. Initial: 8, optional: 0, predicted old time: 0.00ms, predicted optional time: 0.00ms, time remaining: 47.05
[2024-10-12T11:44:34.330+0800][debug][gc,ergo,cset] GC(356) Start adding old regions to collection set. Min 6 regions, max 8 regions, time remaining 48.98ms, optional threshold 9.80ms
[2024-10-12T11:44:34.330+0800][debug][gc,ergo,cset] GC(356) Finish adding old regions to collection set (Maximum number of regions). Initial 8 regions, optional 0 regions
[2024-10-12T11:44:34.330+0800][debug][gc,ergo,cset] GC(356) Finish choosing collection set old regions. Initial: 8, optional: 0, predicted old time: 0.00ms, predicted optional time: 0.00ms, time remaining: 46.74
[2024-10-12T11:44:34.983+0800][debug][gc,ergo,cset] GC(363) Pruned 0 regions out of 35, leaving 0 bytes waste (allowed 0)
[2024-10-12T11:44:35.231+0800][debug][gc,ergo,cset] Preventive GC, insufficient free regions. Predicted need 6. Curr Eden 2 (Pred 3). Curr Survivor 1 (Pred 1). Curr Old 51 (Pred 2) Free 5 Alloc 1
[2024-10-12T11:44:35.231+0800][debug][gc,ergo,cset] GC(365) Start adding old regions to collection set. Min 5 regions, max 8 regions, time remaining 48.82ms, optional threshold 9.76ms
[2024-10-12T11:44:35.231+0800][debug][gc,ergo,cset] GC(365) Finish adding old regions to collection set (Maximum number of regions). Initial 8 regions, optional 0 regions
[2024-10-12T11:44:35.231+0800][debug][gc,ergo,cset] GC(365) Finish choosing collection set old regions. Initial: 8, optional: 0, predicted old time: 0.00ms, predicted optional time: 0.00ms, time remaining: 47.65
[2024-10-12T11:44:35.336+0800][debug][gc,ergo,cset] GC(366) Start adding old regions to collection set. Min 5 regions, max 8 regions, time remaining 48.80ms, optional threshold 9.76ms
[2024-10-12T11:44:35.336+0800][debug][gc,ergo,cset] GC(366) Finish adding old regions to collection set (Maximum number of regions). Initial 8 regions, optional 0 regions
[2024-10-12T11:44:35.336+0800][debug][gc,ergo,cset] GC(366) Finish choosing collection set old regions. Initial: 8, optional: 0, predicted old time: 0.00ms, predicted optional time: 0.00ms, time remaining: 47.23
[2024-10-12T11:44:35.441+0800][debug][gc,ergo,cset] GC(367) Start adding old regions to collection set. Min 5 regions, max 8 regions, time remaining 48.71ms, optional threshold 9.74ms
[2024-10-12T11:44:35.441+0800][debug][gc,ergo,cset] GC(367) Finish adding old regions to collection set (Maximum number of regions). Initial 8 regions, optional 0 regions
[2024-10-12T11:44:35.441+0800][debug][gc,ergo,cset] GC(367) Finish choosing collection set old regions. Initial: 8, optional: 0, predicted old time: 0.00ms, predicted optional time: 0.00ms, time remaining: 46.89
[2024-10-12T11:44:35.547+0800][debug][gc,ergo,cset] GC(368) Start adding old regions to collection set. Min 5 regions, max 8 regions, time remaining 48.69ms, optional threshold 9.74ms
[2024-10-12T11:44:35.547+0800][debug][gc,ergo,cset] GC(368) Finish adding old regions to collection set (Maximum number of regions). Initial 8 regions, optional 0 regions
[2024-10-12T11:44:35.547+0800][debug][gc,ergo,cset] GC(368) Finish choosing collection set old regions. Initial: 8, optional: 0, predicted old time: 0.00ms, predicted optional time: 0.00ms, time remaining: 46.55
[2024-10-12T11:44:35.654+0800][debug][gc,ergo,cset] GC(369) Start adding old regions to collection set. Min 5 regions, max 8 regions, time remaining 48.60ms, optional threshold 9.72ms
[2024-10-12T11:44:35.654+0800][debug][gc,ergo,cset] GC(369) Old candidate collection set empty.
[2024-10-12T11:44:35.654+0800][debug][gc,ergo,cset] GC(369) Finish choosing collection set old regions. Initial: 3, optional: 0, predicted old time: 0.00ms, predicted optional time: 0.00ms, time remaining: 47.44
[2024-10-12T11:44:35.978+0800][debug][gc,ergo,cset] GC(373) Pruned 0 regions out of 39, leaving 0 bytes waste (allowed 0)
[2024-10-12T11:44:36.185+0800][debug][gc,ergo,cset] Preventive GC, insufficient free regions. Predicted need 5. Curr Eden 1 (Pred 2). Curr Survivor 1 (Pred 1). Curr Old 53 (Pred 2) Free 4 Alloc 1
[2024-10-12T11:44:36.185+0800][debug][gc,ergo,cset] GC(375) Start adding old regions to collection set. Min 5 regions, max 8 regions, time remaining 49.03ms, optional threshold 9.81ms
[2024-10-12T11:44:36.185+0800][debug][gc,ergo,cset] GC(375) Finish adding old regions to collection set (Maximum number of regions). Initial 8 regions, optional 0 regions
[2024-10-12T11:44:36.185+0800][debug][gc,ergo,cset] GC(375) Finish choosing collection set old regions. Initial: 8, optional: 0, predicted old time: 0.00ms, predicted optional time: 0.00ms, time remaining: 47.99
[2024-10-12T11:44:36.228+0800][debug][gc,ergo,cset] Preventive GC, insufficient free regions. Predicted need 6. Curr Eden 1 (Pred 2). Curr Survivor 1 (Pred 1). Curr Old 52 (Pred 3) Free 5 Alloc 1
[2024-10-12T11:44:36.228+0800][debug][gc,ergo,cset] GC(376) Start adding old regions to collection set. Min 5 regions, max 8 regions, time remaining 49.01ms, optional threshold 9.80ms
[2024-10-12T11:44:36.228+0800][debug][gc,ergo,cset] GC(376) Finish adding old regions to collection set (Maximum number of regions). Initial 8 regions, optional 0 regions
[2024-10-12T11:44:36.228+0800][debug][gc,ergo,cset] GC(376) Finish choosing collection set old regions. Initial: 8, optional: 0, predicted old time: 0.00ms, predicted optional time: 0.00ms, time remaining: 47.63
[2024-10-12T11:44:36.252+0800][debug][gc,ergo,cset] Preventive GC, insufficient free regions. Predicted need 6. Curr Eden 1 (Pred 2). Curr Survivor 1 (Pred 1). Curr Old 52 (Pred 3) Free 5 Alloc 1
[2024-10-12T11:44:36.252+0800][debug][gc,ergo,cset] GC(377) Start adding old regions to collection set. Min 5 regions, max 8 regions, time remaining 48.98ms, optional threshold 9.80ms
[2024-10-12T11:44:36.252+0800][debug][gc,ergo,cset] GC(377) Finish adding old regions to collection set (Maximum number of regions). Initial 8 regions, optional 0 regions
[2024-10-12T11:44:36.252+0800][debug][gc,ergo,cset] GC(377) Finish choosing collection set old regions. Initial: 8, optional: 0, predicted old time: 0.00ms, predicted optional time: 0.00ms, time remaining: 47.19
[2024-10-12T11:44:36.256+0800][debug][gc,ergo,cset] Preventive GC, insufficient free regions. Predicted need 6. Curr Eden 0 (Pred 1). Curr Survivor 1 (Pred 1). Curr Old 55 (Pred 4) Free 2 Alloc 1
[2024-10-12T11:44:36.256+0800][debug][gc,ergo,cset] GC(378) Start adding old regions to collection set. Min 5 regions, max 8 regions, time remaining 49.51ms, optional threshold 9.90ms
[2024-10-12T11:44:36.256+0800][debug][gc,ergo,cset] GC(378) Finish adding old regions to collection set (Maximum number of regions). Initial 8 regions, optional 0 regions
[2024-10-12T11:44:36.256+0800][debug][gc,ergo,cset] GC(378) Finish choosing collection set old regions. Initial: 8, optional: 0, predicted old time: 0.00ms, predicted optional time: 0.00ms, time remaining: 47.50
[2024-10-12T11:44:36.320+0800][debug][gc,ergo,cset] GC(379) Start adding old regions to collection set. Min 5 regions, max 8 regions, time remaining 48.97ms, optional threshold 9.79ms
[2024-10-12T11:44:36.321+0800][debug][gc,ergo,cset] GC(379) Old candidate collection set empty.
[2024-10-12T11:44:36.321+0800][debug][gc,ergo,cset] GC(379) Finish choosing collection set old regions. Initial: 7, optional: 0, predicted old time: 0.00ms, predicted optional time: 0.00ms, time remaining: 46.61
[2024-10-12T11:44:36.996+0800][debug][gc,ergo,cset] GC(386) Pruned 0 regions out of 37, leaving 0 bytes waste (allowed 0)
[2024-10-12T11:44:37.244+0800][debug][gc,ergo,cset] Preventive GC, insufficient free regions. Predicted need 6. Curr Eden 2 (Pred 3). Curr Survivor 1 (Pred 1). Curr Old 51 (Pred 2) Free 5 Alloc 1
[2024-10-12T11:44:37.245+0800][debug][gc,ergo,cset] GC(388) Start adding old regions to collection set. Min 5 regions, max 8 regions, time remaining 48.84ms, optional threshold 9.77ms
[2024-10-12T11:44:37.245+0800][debug][gc,ergo,cset] GC(388) Finish adding old regions to collection set (Maximum number of regions). Initial 8 regions, optional 0 regions
[2024-10-12T11:44:37.245+0800][debug][gc,ergo,cset] GC(388) Finish choosing collection set old regions. Initial: 8, optional: 0, predicted old time: 0.00ms, predicted optional time: 0.00ms, time remaining: 47.76
[2024-10-12T11:44:37.309+0800][debug][gc,ergo,cset] Preventive GC, insufficient free regions. Predicted need 6. Curr Eden 1 (Pred 2). Curr Survivor 1 (Pred 1). Curr Old 54 (Pred 3) Free 3 Alloc 1
[2024-10-12T11:44:37.309+0800][debug][gc,ergo,cset] GC(389) Start adding old regions to collection set. Min 5 regions, max 8 regions, time remaining 49.05ms, optional threshold 9.81ms
[2024-10-12T11:44:37.309+0800][debug][gc,ergo,cset] GC(389) Finish adding old regions to collection set (Maximum number of regions). Initial 8 regions, optional 0 regions
[2024-10-12T11:44:37.309+0800][debug][gc,ergo,cset] GC(389) Finish choosing collection set old regions. Initial: 8, optional: 0, predicted old time: 0.00ms, predicted optional time: 0.00ms, time remaining: 47.58
[2024-10-12T11:44:37.353+0800][debug][gc,ergo,cset] Preventive GC, insufficient free regions. Predicted need 7. Curr Eden 1 (Pred 2). Curr Survivor 1 (Pred 1). Curr Old 56 (Pred 4) Free 1 Alloc 1
[2024-10-12T11:44:37.353+0800][debug][gc,ergo,cset] GC(390) Start adding old regions to collection set. Min 5 regions, max 8 regions, time remaining 48.99ms, optional threshold 9.80ms
[2024-10-12T11:44:37.353+0800][debug][gc,ergo,cset] GC(390) Finish adding old regions to collection set (Maximum number of regions). Initial 8 regions, optional 0 regions
[2024-10-12T11:44:37.353+0800][debug][gc,ergo,cset] GC(390) Finish choosing collection set old regions. Initial: 8, optional: 0, predicted old time: 0.00ms, predicted optional time: 0.00ms, time remaining: 47.18
[2024-10-12T11:44:37.416+0800][debug][gc,ergo,cset] GC(391) Start adding old regions to collection set. Min 5 regions, max 8 regions, time remaining 49.02ms, optional threshold 9.80ms
[2024-10-12T11:44:37.416+0800][debug][gc,ergo,cset] GC(391) Finish adding old regions to collection set (Maximum number of regions). Initial 8 regions, optional 0 regions
[2024-10-12T11:44:37.416+0800][debug][gc,ergo,cset] GC(391) Finish choosing collection set old regions. Initial: 8, optional: 0, predicted old time: 0.00ms, predicted optional time: 0.00ms, time remaining: 46.97
[2024-10-12T11:44:38.069+0800][debug][gc,ergo,cset] GC(398) Pruned 0 regions out of 34, leaving 0 bytes waste (allowed 0)
[2024-10-12T11:44:38.317+0800][debug][gc,ergo,cset] Preventive GC, insufficient free regions. Predicted need 6. Curr Eden 2 (Pred 3). Curr Survivor 1 (Pred 1). Curr Old 51 (Pred 2) Free 5 Alloc 1
[2024-10-12T11:44:38.317+0800][debug][gc,ergo,cset] GC(400) Start adding old regions to collection set. Min 5 regions, max 8 regions, time remaining 48.85ms, optional threshold 9.77ms
[2024-10-12T11:44:38.317+0800][debug][gc,ergo,cset] GC(400) Finish adding old regions to collection set (Maximum number of regions). Initial 8 regions, optional 0 regions
[2024-10-12T11:44:38.317+0800][debug][gc,ergo,cset] GC(400) Finish choosing collection set old regions. Initial: 8, optional: 0, predicted old time: 0.00ms, predicted optional time: 0.00ms, time remaining: 47.76
[2024-10-12T11:44:38.381+0800][debug][gc,ergo,cset] Preventive GC, insufficient free regions. Predicted need 6. Curr Eden 1 (Pred 2). Curr Survivor 1 (Pred 1). Curr Old 51 (Pred 3) Free 6 Alloc 1
[2024-10-12T11:44:38.381+0800][debug][gc,ergo,cset] GC(401) Start adding old regions to collection set. Min 5 regions, max 8 regions, time remaining 49.09ms, optional threshold 9.82ms
[2024-10-12T11:44:38.381+0800][debug][gc,ergo,cset] GC(401) Finish adding old regions to collection set (Maximum number of regions). Initial 8 regions, optional 0 regions
[2024-10-12T11:44:38.381+0800][debug][gc,ergo,cset] GC(401) Finish choosing collection set old regions. Initial: 8, optional: 0, predicted old time: 0.00ms, predicted optional time: 0.00ms, time remaining: 47.60
[2024-10-12T11:44:38.486+0800][debug][gc,ergo,cset] GC(402) Start adding old regions to collection set. Min 5 regions, max 8 regions, time remaining 48.72ms, optional threshold 9.74ms
[2024-10-12T11:44:38.486+0800][debug][gc,ergo,cset] GC(402) Finish adding old regions to collection set (Maximum number of regions). Initial 8 regions, optional 0 regions
[2024-10-12T11:44:38.486+0800][debug][gc,ergo,cset] GC(402) Finish choosing collection set old regions. Initial: 8, optional: 0, predicted old time: 0.00ms, predicted optional time: 0.00ms, time remaining: 46.98
[2024-10-12T11:44:38.593+0800][debug][gc,ergo,cset] GC(403) Start adding old regions to collection set. Min 5 regions, max 8 regions, time remaining 48.64ms, optional threshold 9.73ms
[2024-10-12T11:44:38.593+0800][debug][gc,ergo,cset] GC(403) Finish adding old regions to collection set (Maximum number of regions). Initial 8 regions, optional 0 regions
[2024-10-12T11:44:38.593+0800][debug][gc,ergo,cset] GC(403) Finish choosing collection set old regions. Initial: 8, optional: 0, predicted old time: 0.00ms, predicted optional time: 0.00ms, time remaining: 46.49
[2024-10-12T11:44:38.699+0800][debug][gc,ergo,cset] GC(404) Start adding old regions to collection set. Min 5 regions, max 8 regions, time remaining 48.52ms, optional threshold 9.70ms
[2024-10-12T11:44:38.699+0800][debug][gc,ergo,cset] GC(404) Old candidate collection set empty.
[2024-10-12T11:44:38.699+0800][debug][gc,ergo,cset] GC(404) Finish choosing collection set old regions. Initial: 2, optional: 0, predicted old time: 0.00ms, predicted optional time: 0.00ms, time remaining: 47.66
[2024-10-12T11:44:39.022+0800][debug][gc,ergo,cset] GC(408) Pruned 0 regions out of 40, leaving 0 bytes waste (allowed 0)
[2024-10-12T11:44:39.166+0800][debug][gc,ergo,cset] Preventive GC, insufficient free regions. Predicted need 4. Curr Eden 2 (Pred 3). Curr Survivor 1 (Pred 1). Curr Old 53 (Pred 0) Free 3 Alloc 1
[2024-10-12T11:44:39.230+0800][debug][gc,ergo,cset] Preventive GC, insufficient free regions. Predicted need 4. Curr Eden 1 (Pred 2). Curr Survivor 1 (Pred 1). Curr Old 55 (Pred 1) Free 2 Alloc 1
[2024-10-12T11:44:39.230+0800][debug][gc,ergo,cset] GC(410) Start adding old regions to collection set. Min 5 regions, max 8 regions, time remaining 49.05ms, optional threshold 9.81ms
[2024-10-12T11:44:39.230+0800][debug][gc,ergo,cset] GC(410) Finish adding old regions to collection set (Maximum number of regions). Initial 8 regions, optional 0 regions
[2024-10-12T11:44:39.230+0800][debug][gc,ergo,cset] GC(410) Finish choosing collection set old regions. Initial: 8, optional: 0, predicted old time: 0.00ms, predicted optional time: 0.00ms, time remaining: 48.52
[2024-10-12T11:44:39.334+0800][debug][gc,ergo,cset] Preventive GC, insufficient free regions. Predicted need 7. Curr Eden 2 (Pred 3). Curr Survivor 1 (Pred 1). Curr Old 49 (Pred 3) Free 7 Alloc 1
[2024-10-12T11:44:39.334+0800][debug][gc,ergo,cset] GC(411) Start adding old regions to collection set. Min 5 regions, max 8 regions, time remaining 48.76ms, optional threshold 9.75ms
[2024-10-12T11:44:39.334+0800][debug][gc,ergo,cset] GC(411) Finish adding old regions to collection set (Maximum number of regions). Initial 8 regions, optional 0 regions
[2024-10-12T11:44:39.334+0800][debug][gc,ergo,cset] GC(411) Finish choosing collection set old regions. Initial: 8, optional: 0, predicted old time: 0.00ms, predicted optional time: 0.00ms, time remaining: 47.45
[2024-10-12T11:44:39.439+0800][debug][gc,ergo,cset] GC(412) Start adding old regions to collection set. Min 5 regions, max 8 regions, time remaining 48.69ms, optional threshold 9.74ms
[2024-10-12T11:44:39.439+0800][debug][gc,ergo,cset] GC(412) Finish adding old regions to collection set (Maximum number of regions). Initial 8 regions, optional 0 regions
[2024-10-12T11:44:39.439+0800][debug][gc,ergo,cset] GC(412) Finish choosing collection set old regions. Initial: 8, optional: 0, predicted old time: 0.00ms, predicted optional time: 0.00ms, time remaining: 46.86
[2024-10-12T11:44:39.545+0800][debug][gc,ergo,cset] GC(413) Start adding old regions to collection set. Min 5 regions, max 8 regions, time remaining 48.67ms, optional threshold 9.73ms
[2024-10-12T11:44:39.545+0800][debug][gc,ergo,cset] GC(413) Finish adding old regions to collection set (Maximum number of regions). Initial 8 regions, optional 0 regions
[2024-10-12T11:44:39.545+0800][debug][gc,ergo,cset] GC(413) Finish choosing collection set old regions. Initial: 8, optional: 0, predicted old time: 0.00ms, predicted optional time: 0.00ms, time remaining: 46.62
[2024-10-12T11:44:39.651+0800][debug][gc,ergo,cset] GC(414) Start adding old regions to collection set. Min 5 regions, max 8 regions, time remaining 48.63ms, optional threshold 9.73ms
[2024-10-12T11:44:39.651+0800][debug][gc,ergo,cset] GC(414) Old candidate collection set empty.
[2024-10-12T11:44:39.651+0800][debug][gc,ergo,cset] GC(414) Finish choosing collection set old regions. Initial: 8, optional: 0, predicted old time: 0.00ms, predicted optional time: 0.00ms, time remaining: 45.90
[2024-10-12T11:44:39.976+0800][debug][gc,ergo,cset] GC(418) Pruned 0 regions out of 37, leaving 0 bytes waste (allowed 0)
[2024-10-12T11:44:40.224+0800][debug][gc,ergo,cset] Preventive GC, insufficient free regions. Predicted need 6. Curr Eden 2 (Pred 3). Curr Survivor 1 (Pred 1). Curr Old 51 (Pred 2) Free 5 Alloc 1
[2024-10-12T11:44:40.224+0800][debug][gc,ergo,cset] GC(420) Start adding old regions to collection set. Min 5 regions, max 8 regions, time remaining 48.77ms, optional threshold 9.75ms
[2024-10-12T11:44:40.224+0800][debug][gc,ergo,cset] GC(420) Finish adding old regions to collection set (Maximum number of regions). Initial 8 regions, optional 0 regions
[2024-10-12T11:44:40.224+0800][debug][gc,ergo,cset] GC(420) Finish choosing collection set old regions. Initial: 8, optional: 0, predicted old time: 0.00ms, predicted optional time: 0.00ms, time remaining: 47.73
[2024-10-12T11:44:40.329+0800][debug][gc,ergo,cset] Preventive GC, insufficient free regions. Predicted need 7. Curr Eden 2 (Pred 3). Curr Survivor 1 (Pred 1). Curr Old 49 (Pred 3) Free 7 Alloc 1
[2024-10-12T11:44:40.330+0800][debug][gc,ergo,cset] GC(421) Start adding old regions to collection set. Min 5 regions, max 8 regions, time remaining 48.76ms, optional threshold 9.75ms
[2024-10-12T11:44:40.330+0800][debug][gc,ergo,cset] GC(421) Finish adding old regions to collection set (Maximum number of regions). Initial 8 regions, optional 0 regions
[2024-10-12T11:44:40.330+0800][debug][gc,ergo,cset] GC(421) Finish choosing collection set old regions. Initial: 8, optional: 0, predicted old time: 0.00ms, predicted optional time: 0.00ms, time remaining: 47.24
[2024-10-12T11:44:40.434+0800][debug][gc,ergo,cset] GC(422) Start adding old regions to collection set. Min 5 regions, max 8 regions, time remaining 48.75ms, optional threshold 9.75ms
[2024-10-12T11:44:40.434+0800][debug][gc,ergo,cset] GC(422) Finish adding old regions to collection set (Maximum number of regions). Initial 8 regions, optional 0 regions
[2024-10-12T11:44:40.434+0800][debug][gc,ergo,cset] GC(422) Finish choosing collection set old regions. Initial: 8, optional: 0, predicted old time: 0.00ms, predicted optional time: 0.00ms, time remaining: 47.02
[2024-10-12T11:44:40.540+0800][debug][gc,ergo,cset] GC(423) Start adding old regions to collection set. Min 5 regions, max 8 regions, time remaining 48.70ms, optional threshold 9.74ms
[2024-10-12T11:44:40.540+0800][debug][gc,ergo,cset] GC(423) Finish adding old regions to collection set (Maximum number of regions). Initial 8 regions, optional 0 regions
[2024-10-12T11:44:40.540+0800][debug][gc,ergo,cset] GC(423) Finish choosing collection set old regions. Initial: 8, optional: 0, predicted old time: 0.00ms, predicted optional time: 0.00ms, time remaining: 46.66
[2024-10-12T11:44:40.646+0800][debug][gc,ergo,cset] GC(424) Start adding old regions to collection set. Min 5 regions, max 8 regions, time remaining 48.61ms, optional threshold 9.72ms
[2024-10-12T11:44:40.646+0800][debug][gc,ergo,cset] GC(424) Old candidate collection set empty.
[2024-10-12T11:44:40.646+0800][debug][gc,ergo,cset] GC(424) Finish choosing collection set old regions. Initial: 5, optional: 0, predicted old time: 0.00ms, predicted optional time: 0.00ms, time remaining: 46.89
[2024-10-12T11:44:40.972+0800][debug][gc,ergo,cset] GC(428) Pruned 0 regions out of 40, leaving 0 bytes waste (allowed 0)
[2024-10-12T11:44:41.180+0800][debug][gc,ergo,cset] Preventive GC, insufficient free regions. Predicted need 5. Curr Eden 1 (Pred 2). Curr Survivor 1 (Pred 1). Curr Old 52 (Pred 2) Free 5 Alloc 1
[2024-10-12T11:44:41.180+0800][debug][gc,ergo,cset] GC(430) Start adding old regions to collection set. Min 5 regions, max 8 regions, time remaining 49.03ms, optional threshold 9.81ms
[2024-10-12T11:44:41.180+0800][debug][gc,ergo,cset] GC(430) Finish adding old regions to collection set (Maximum number of regions). Initial 8 regions, optional 0 regions
[2024-10-12T11:44:41.180+0800][debug][gc,ergo,cset] GC(430) Finish choosing collection set old regions. Initial: 8, optional: 0, predicted old time: 0.00ms, predicted optional time: 0.00ms, time remaining: 47.93
[2024-10-12T11:44:41.285+0800][debug][gc,ergo,cset] GC(431) Start adding old regions to collection set. Min 5 regions, max 8 regions, time remaining 48.67ms, optional threshold 9.73ms
[2024-10-12T11:44:41.285+0800][debug][gc,ergo,cset] GC(431) Finish adding old regions to collection set (Maximum number of regions). Initial 8 regions, optional 0 regions
[2024-10-12T11:44:41.285+0800][debug][gc,ergo,cset] GC(431) Finish choosing collection set old regions. Initial: 8, optional: 0, predicted old time: 0.00ms, predicted optional time: 0.00ms, time remaining: 47.11
[2024-10-12T11:44:41.391+0800][debug][gc,ergo,cset] GC(432) Start adding old regions to collection set. Min 5 regions, max 8 regions, time remaining 48.65ms, optional threshold 9.73ms
[2024-10-12T11:44:41.391+0800][debug][gc,ergo,cset] GC(432) Finish adding old regions to collection set (Maximum number of regions). Initial 8 regions, optional 0 regions
[2024-10-12T11:44:41.391+0800][debug][gc,ergo,cset] GC(432) Finish choosing collection set old regions. Initial: 8, optional: 0, predicted old time: 0.00ms, predicted optional time: 0.00ms, time remaining: 46.83
[2024-10-12T11:44:41.497+0800][debug][gc,ergo,cset] GC(433) Start adding old regions to collection set. Min 5 regions, max 8 regions, time remaining 48.59ms, optional threshold 9.72ms
[2024-10-12T11:44:41.497+0800][debug][gc,ergo,cset] GC(433) Finish adding old regions to collection set (Maximum number of regions). Initial 8 regions, optional 0 regions
[2024-10-12T11:44:41.497+0800][debug][gc,ergo,cset] GC(433) Finish choosing collection set old regions. Initial: 8, optional: 0, predicted old time: 0.00ms, predicted optional time: 0.00ms, time remaining: 46.59
[2024-10-12T11:44:41.603+0800][debug][gc,ergo,cset] GC(434) Start adding old regions to collection set. Min 5 regions, max 8 regions, time remaining 48.60ms, optional threshold 9.72ms
[2024-10-12T11:44:41.603+0800][debug][gc,ergo,cset] GC(434) Old candidate collection set empty.
[2024-10-12T11:44:41.603+0800][debug][gc,ergo,cset] GC(434) Finish choosing collection set old regions. Initial: 8, optional: 0, predicted old time: 0.00ms, predicted optional time: 0.00ms, time remaining: 45.83
[2024-10-12T11:44:41.928+0800][debug][gc,ergo,cset] GC(438) Pruned 0 regions out of 38, leaving 0 bytes waste (allowed 0)
[2024-10-12T11:44:42.136+0800][debug][gc,ergo,cset] Preventive GC, insufficient free regions. Predicted need 5. Curr Eden 1 (Pred 2). Curr Survivor 1 (Pred 1). Curr Old 52 (Pred 2) Free 5 Alloc 1
[2024-10-12T11:44:42.136+0800][debug][gc,ergo,cset] GC(440) Start adding old regions to collection set. Min 5 regions, max 8 regions, time remaining 49.05ms, optional threshold 9.81ms
[2024-10-12T11:44:42.136+0800][debug][gc,ergo,cset] GC(440) Finish adding old regions to collection set (Maximum number of regions). Initial 8 regions, optional 0 regions
[2024-10-12T11:44:42.136+0800][debug][gc,ergo,cset] GC(440) Finish choosing collection set old regions. Initial: 8, optional: 0, predicted old time: 0.00ms, predicted optional time: 0.00ms, time remaining: 48.15
[2024-10-12T11:44:42.240+0800][debug][gc,ergo,cset] GC(441) Start adding old regions to collection set. Min 5 regions, max 8 regions, time remaining 48.71ms, optional threshold 9.74ms
[2024-10-12T11:44:42.240+0800][debug][gc,ergo,cset] GC(441) Finish adding old regions to collection set (Maximum number of regions). Initial 8 regions, optional 0 regions
[2024-10-12T11:44:42.240+0800][debug][gc,ergo,cset] GC(441) Finish choosing collection set old regions. Initial: 8, optional: 0, predicted old time: 0.00ms, predicted optional time: 0.00ms, time remaining: 47.28
[2024-10-12T11:44:42.346+0800][debug][gc,ergo,cset] GC(442) Start adding old regions to collection set. Min 5 regions, max 8 regions, time remaining 48.68ms, optional threshold 9.74ms
[2024-10-12T11:44:42.346+0800][debug][gc,ergo,cset] GC(442) Finish adding old regions to collection set (Maximum number of regions). Initial 8 regions, optional 0 regions
[2024-10-12T11:44:42.346+0800][debug][gc,ergo,cset] GC(442) Finish choosing collection set old regions. Initial: 8, optional: 0, predicted old time: 0.00ms, predicted optional time: 0.00ms, time remaining: 46.92
[2024-10-12T11:44:42.452+0800][debug][gc,ergo,cset] GC(443) Start adding old regions to collection set. Min 5 regions, max 8 regions, time remaining 48.57ms, optional threshold 9.71ms
[2024-10-12T11:44:42.452+0800][debug][gc,ergo,cset] GC(443) Finish adding old regions to collection set (Maximum number of regions). Initial 8 regions, optional 0 regions
[2024-10-12T11:44:42.452+0800][debug][gc,ergo,cset] GC(443) Finish choosing collection set old regions. Initial: 8, optional: 0, predicted old time: 0.00ms, predicted optional time: 0.00ms, time remaining: 46.43
[2024-10-12T11:44:42.558+0800][debug][gc,ergo,cset] GC(444) Start adding old regions to collection set. Min 5 regions, max 8 regions, time remaining 48.56ms, optional threshold 9.71ms
[2024-10-12T11:44:42.558+0800][debug][gc,ergo,cset] GC(444) Old candidate collection set empty.
[2024-10-12T11:44:42.558+0800][debug][gc,ergo,cset] GC(444) Finish choosing collection set old regions. Initial: 6, optional: 0, predicted old time: 0.00ms, predicted optional time: 0.00ms, time remaining: 46.26
[2024-10-12T11:44:42.883+0800][debug][gc,ergo,cset] GC(448) Pruned 0 regions out of 38, leaving 0 bytes waste (allowed 0)
[2024-10-12T11:44:43.132+0800][debug][gc,ergo,cset] Preventive GC, insufficient free regions. Predicted need 6. Curr Eden 2 (Pred 3). Curr Survivor 1 (Pred 1). Curr Old 51 (Pred 2) Free 5 Alloc 1
[2024-10-12T11:44:43.132+0800][debug][gc,ergo,cset] GC(450) Start adding old regions to collection set. Min 5 regions, max 8 regions, time remaining 48.72ms, optional threshold 9.74ms
[2024-10-12T11:44:43.132+0800][debug][gc,ergo,cset] GC(450) Finish adding old regions to collection set (Maximum number of regions). Initial 8 regions, optional 0 regions
[2024-10-12T11:44:43.132+0800][debug][gc,ergo,cset] GC(450) Finish choosing collection set old regions. Initial: 8, optional: 0, predicted old time: 0.00ms, predicted optional time: 0.00ms, time remaining: 47.87
[2024-10-12T11:44:43.237+0800][debug][gc,ergo,cset] GC(451) Start adding old regions to collection set. Min 5 regions, max 8 regions, time remaining 48.69ms, optional threshold 9.74ms
[2024-10-12T11:44:43.237+0800][debug][gc,ergo,cset] GC(451) Finish adding old regions to collection set (Maximum number of regions). Initial 8 regions, optional 0 regions
[2024-10-12T11:44:43.237+0800][debug][gc,ergo,cset] GC(451) Finish choosing collection set old regions. Initial: 8, optional: 0, predicted old time: 0.00ms, predicted optional time: 0.00ms, time remaining: 47.21
[2024-10-12T11:44:43.342+0800][debug][gc,ergo,cset] GC(452) Start adding old regions to collection set. Min 5 regions, max 8 regions, time remaining 48.65ms, optional threshold 9.73ms
[2024-10-12T11:44:43.342+0800][debug][gc,ergo,cset] GC(452) Finish adding old regions to collection set (Maximum number of regions). Initial 8 regions, optional 0 regions
[2024-10-12T11:44:43.342+0800][debug][gc,ergo,cset] GC(452) Finish choosing collection set old regions. Initial: 8, optional: 0, predicted old time: 0.00ms, predicted optional time: 0.00ms, time remaining: 46.82
[2024-10-12T11:44:43.448+0800][debug][gc,ergo,cset] GC(453) Start adding old regions to collection set. Min 5 regions, max 8 regions, time remaining 48.65ms, optional threshold 9.73ms
[2024-10-12T11:44:43.448+0800][debug][gc,ergo,cset] GC(453) Finish adding old regions to collection set (Maximum number of regions). Initial 8 regions, optional 0 regions
[2024-10-12T11:44:43.448+0800][debug][gc,ergo,cset] GC(453) Finish choosing collection set old regions. Initial: 8, optional: 0, predicted old time: 0.00ms, predicted optional time: 0.00ms, time remaining: 46.57
[2024-10-12T11:44:43.554+0800][debug][gc,ergo,cset] GC(454) Start adding old regions to collection set. Min 5 regions, max 8 regions, time remaining 48.66ms, optional threshold 9.73ms
[2024-10-12T11:44:43.554+0800][debug][gc,ergo,cset] GC(454) Old candidate collection set empty.
[2024-10-12T11:44:43.554+0800][debug][gc,ergo,cset] GC(454) Finish choosing collection set old regions. Initial: 6, optional: 0, predicted old time: 0.00ms, predicted optional time: 0.00ms, time remaining: 46.73
[2024-10-12T11:44:43.879+0800][debug][gc,ergo,cset] GC(458) Pruned 0 regions out of 41, leaving 0 bytes waste (allowed 0)
[2024-10-12T11:44:44.086+0800][debug][gc,ergo,cset] Preventive GC, insufficient free regions. Predicted need 6. Curr Eden 1 (Pred 2). Curr Survivor 1 (Pred 1). Curr Old 52 (Pred 3) Free 5 Alloc 1
[2024-10-12T11:44:44.086+0800][debug][gc,ergo,cset] GC(460) Start adding old regions to collection set. Min 6 regions, max 8 regions, time remaining 49.08ms, optional threshold 9.82ms
[2024-10-12T11:44:44.086+0800][debug][gc,ergo,cset] GC(460) Finish adding old regions to collection set (Maximum number of regions). Initial 8 regions, optional 0 regions
[2024-10-12T11:44:44.086+0800][debug][gc,ergo,cset] GC(460) Finish choosing collection set old regions. Initial: 8, optional: 0, predicted old time: 0.00ms, predicted optional time: 0.00ms, time remaining: 47.98
[2024-10-12T11:44:44.191+0800][debug][gc,ergo,cset] Preventive GC, insufficient free regions. Predicted need 8. Curr Eden 2 (Pred 3). Curr Survivor 1 (Pred 1). Curr Old 48 (Pred 4) Free 8 Alloc 1
[2024-10-12T11:44:44.191+0800][debug][gc,ergo,cset] GC(461) Start adding old regions to collection set. Min 6 regions, max 8 regions, time remaining 48.73ms, optional threshold 9.75ms
[2024-10-12T11:44:44.191+0800][debug][gc,ergo,cset] GC(461) Finish adding old regions to collection set (Maximum number of regions). Initial 8 regions, optional 0 regions
[2024-10-12T11:44:44.191+0800][debug][gc,ergo,cset] GC(461) Finish choosing collection set old regions. Initial: 8, optional: 0, predicted old time: 0.00ms, predicted optional time: 0.00ms, time remaining: 47.19
[2024-10-12T11:44:44.297+0800][debug][gc,ergo,cset] GC(462) Start adding old regions to collection set. Min 6 regions, max 8 regions, time remaining 48.66ms, optional threshold 9.73ms
[2024-10-12T11:44:44.297+0800][debug][gc,ergo,cset] GC(462) Finish adding old regions to collection set (Maximum number of regions). Initial 8 regions, optional 0 regions
[2024-10-12T11:44:44.297+0800][debug][gc,ergo,cset] GC(462) Finish choosing collection set old regions. Initial: 8, optional: 0, predicted old time: 0.00ms, predicted optional time: 0.00ms, time remaining: 46.90
[2024-10-12T11:44:44.402+0800][debug][gc,ergo,cset] GC(463) Start adding old regions to collection set. Min 6 regions, max 8 regions, time remaining 48.61ms, optional threshold 9.72ms
[2024-10-12T11:44:44.402+0800][debug][gc,ergo,cset] GC(463) Finish adding old regions to collection set (Maximum number of regions). Initial 8 regions, optional 0 regions
[2024-10-12T11:44:44.403+0800][debug][gc,ergo,cset] GC(463) Finish choosing collection set old regions. Initial: 8, optional: 0, predicted old time: 0.00ms, predicted optional time: 0.00ms, time remaining: 46.75
[2024-10-12T11:44:44.509+0800][debug][gc,ergo,cset] GC(464) Start adding old regions to collection set. Min 6 regions, max 8 regions, time remaining 48.61ms, optional threshold 9.72ms
[2024-10-12T11:44:44.509+0800][debug][gc,ergo,cset] GC(464) Finish adding old regions to collection set (Maximum number of regions). Initial 8 regions, optional 0 regions
[2024-10-12T11:44:44.509+0800][debug][gc,ergo,cset] GC(464) Finish choosing collection set old regions. Initial: 8, optional: 0, predicted old time: 0.00ms, predicted optional time: 0.00ms, time remaining: 46.53
[2024-10-12T11:44:44.615+0800][debug][gc,ergo,cset] GC(465) Start adding old regions to collection set. Min 6 regions, max 8 regions, time remaining 48.61ms, optional threshold 9.72ms
[2024-10-12T11:44:44.615+0800][debug][gc,ergo,cset] GC(465) Old candidate collection set empty.
[2024-10-12T11:44:44.615+0800][debug][gc,ergo,cset] GC(465) Finish choosing collection set old regions. Initial: 1, optional: 0, predicted old time: 0.00ms, predicted optional time: 0.00ms, time remaining: 48.08
[2024-10-12T11:44:44.939+0800][debug][gc,ergo,cset] GC(469) Pruned 0 regions out of 43, leaving 0 bytes waste (allowed 0)
[2024-10-12T11:44:45.146+0800][debug][gc,ergo,cset] Preventive GC, insufficient free regions. Predicted need 5. Curr Eden 1 (Pred 2). Curr Survivor 1 (Pred 1). Curr Old 53 (Pred 2) Free 4 Alloc 1
[2024-10-12T11:44:45.147+0800][debug][gc,ergo,cset] GC(471) Start adding old regions to collection set. Min 6 regions, max 8 regions, time remaining 48.99ms, optional threshold 9.80ms
[2024-10-12T11:44:45.147+0800][debug][gc,ergo,cset] GC(471) Finish adding old regions to collection set (Maximum number of regions). Initial 8 regions, optional 0 regions
[2024-10-12T11:44:45.147+0800][debug][gc,ergo,cset] GC(471) Finish choosing collection set old regions. Initial: 8, optional: 0, predicted old time: 0.00ms, predicted optional time: 0.00ms, time remaining: 47.86
[2024-10-12T11:44:45.252+0800][debug][gc,ergo,cset] Preventive GC, insufficient free regions. Predicted need 7. Curr Eden 2 (Pred 3). Curr Survivor 1 (Pred 1). Curr Old 49 (Pred 3) Free 6 Alloc 1
[2024-10-12T11:44:45.252+0800][debug][gc,ergo,cset] GC(472) Start adding old regions to collection set. Min 6 regions, max 8 regions, time remaining 48.66ms, optional threshold 9.73ms
[2024-10-12T11:44:45.252+0800][debug][gc,ergo,cset] GC(472) Finish adding old regions to collection set (Maximum number of regions). Initial 8 regions, optional 0 regions
[2024-10-12T11:44:45.252+0800][debug][gc,ergo,cset] GC(472) Finish choosing collection set old regions. Initial: 8, optional: 0, predicted old time: 0.00ms, predicted optional time: 0.00ms, time remaining: 47.14
[2024-10-12T11:44:45.329+0800][debug][gc,ergo,cset] Preventive GC, insufficient free regions. Predicted need 7. Curr Eden 1 (Pred 2). Curr Survivor 1 (Pred 1). Curr Old 52 (Pred 4) Free 5 Alloc 1
[2024-10-12T11:44:45.330+0800][debug][gc,ergo,cset] GC(473) Start adding old regions to collection set. Min 6 regions, max 8 regions, time remaining 48.96ms, optional threshold 9.79ms
[2024-10-12T11:44:45.330+0800][debug][gc,ergo,cset] GC(473) Finish adding old regions to collection set (Maximum number of regions). Initial 8 regions, optional 0 regions
[2024-10-12T11:44:45.330+0800][debug][gc,ergo,cset] GC(473) Finish choosing collection set old regions. Initial: 8, optional: 0, predicted old time: 0.00ms, predicted optional time: 0.00ms, time remaining: 46.95
[2024-10-12T11:44:45.385+0800][debug][gc,ergo,cset] Preventive GC, insufficient free regions. Predicted need 8. Curr Eden 1 (Pred 2). Curr Survivor 1 (Pred 1). Curr Old 55 (Pred 5) Free 2 Alloc 1
[2024-10-12T11:44:45.386+0800][debug][gc,ergo,cset] GC(474) Start adding old regions to collection set. Min 6 regions, max 8 regions, time remaining 48.93ms, optional threshold 9.79ms
[2024-10-12T11:44:45.386+0800][debug][gc,ergo,cset] GC(474) Finish adding old regions to collection set (Maximum number of regions). Initial 8 regions, optional 0 regions
[2024-10-12T11:44:45.386+0800][debug][gc,ergo,cset] GC(474) Finish choosing collection set old regions. Initial: 8, optional: 0, predicted old time: 0.00ms, predicted optional time: 0.00ms, time remaining: 46.59
[2024-10-12T11:44:45.453+0800][debug][gc,ergo,cset] GC(475) Start adding old regions to collection set. Min 6 regions, max 8 regions, time remaining 48.87ms, optional threshold 9.77ms
[2024-10-12T11:44:45.453+0800][debug][gc,ergo,cset] GC(475) Finish adding old regions to collection set (Maximum number of regions). Initial 8 regions, optional 0 regions
[2024-10-12T11:44:45.453+0800][debug][gc,ergo,cset] GC(475) Finish choosing collection set old regions. Initial: 8, optional: 0, predicted old time: 0.00ms, predicted optional time: 0.00ms, time remaining: 46.38
[2024-10-12T11:44:46.187+0800][debug][gc,ergo,cset] GC(482) Pruned 0 regions out of 33, leaving 0 bytes waste (allowed 0)
[2024-10-12T11:44:46.437+0800][debug][gc,ergo,cset] Preventive GC, insufficient free regions. Predicted need 6. Curr Eden 2 (Pred 3). Curr Survivor 1 (Pred 1). Curr Old 50 (Pred 2) Free 6 Alloc 1
[2024-10-12T11:44:46.437+0800][debug][gc,ergo,cset] GC(484) Start adding old regions to collection set. Min 5 regions, max 8 regions, time remaining 47.33ms, optional threshold 9.47ms
[2024-10-12T11:44:46.437+0800][debug][gc,ergo,cset] GC(484) Finish adding old regions to collection set (Maximum number of regions). Initial 8 regions, optional 0 regions
[2024-10-12T11:44:46.437+0800][debug][gc,ergo,cset] GC(484) Finish choosing collection set old regions. Initial: 8, optional: 0, predicted old time: 0.00ms, predicted optional time: 0.00ms, time remaining: 45.22
[2024-10-12T11:44:46.544+0800][debug][gc,ergo,cset] GC(485) Start adding old regions to collection set. Min 5 regions, max 8 regions, time remaining 47.33ms, optional threshold 9.47ms
[2024-10-12T11:44:46.544+0800][debug][gc,ergo,cset] GC(485) Finish adding old regions to collection set (Maximum number of regions). Initial 8 regions, optional 0 regions
[2024-10-12T11:44:46.544+0800][debug][gc,ergo,cset] GC(485) Finish choosing collection set old regions. Initial: 8, optional: 0, predicted old time: 0.00ms, predicted optional time: 0.00ms, time remaining: 43.54
[2024-10-12T11:44:46.651+0800][debug][gc,ergo,cset] GC(486) Start adding old regions to collection set. Min 5 regions, max 8 regions, time remaining 47.52ms, optional threshold 9.50ms
[2024-10-12T11:44:46.651+0800][debug][gc,ergo,cset] GC(486) Finish adding old regions to collection set (Maximum number of regions). Initial 8 regions, optional 0 regions
[2024-10-12T11:44:46.651+0800][debug][gc,ergo,cset] GC(486) Finish choosing collection set old regions. Initial: 8, optional: 0, predicted old time: 0.00ms, predicted optional time: 0.00ms, time remaining: 43.31
[2024-10-12T11:44:46.757+0800][debug][gc,ergo,cset] GC(487) Start adding old regions to collection set. Min 5 regions, max 8 regions, time remaining 47.64ms, optional threshold 9.53ms
[2024-10-12T11:44:46.757+0800][debug][gc,ergo,cset] GC(487) Finish adding old regions to collection set (Maximum number of regions). Initial 8 regions, optional 0 regions
[2024-10-12T11:44:46.757+0800][debug][gc,ergo,cset] GC(487) Finish choosing collection set old regions. Initial: 8, optional: 0, predicted old time: 0.00ms, predicted optional time: 0.00ms, time remaining: 43.11
[2024-10-12T11:44:46.864+0800][debug][gc,ergo,cset] GC(488) Start adding old regions to collection set. Min 5 regions, max 8 regions, time remaining 47.83ms, optional threshold 9.57ms
[2024-10-12T11:44:46.865+0800][debug][gc,ergo,cset] GC(488) Old candidate collection set empty.
[2024-10-12T11:44:46.865+0800][debug][gc,ergo,cset] GC(488) Finish choosing collection set old regions. Initial: 1, optional: 0, predicted old time: 0.00ms, predicted optional time: 0.00ms, time remaining: 47.15
[2024-10-12T11:44:47.188+0800][debug][gc,ergo,cset] GC(492) Pruned 0 regions out of 38, leaving 0 bytes waste (allowed 0)
[2024-10-12T11:44:47.395+0800][debug][gc,ergo,cset] Preventive GC, insufficient free regions. Predicted need 5. Curr Eden 1 (Pred 2). Curr Survivor 1 (Pred 1). Curr Old 52 (Pred 2) Free 5 Alloc 1
[2024-10-12T11:44:47.396+0800][debug][gc,ergo,cset] GC(494) Start adding old regions to collection set. Min 5 regions, max 8 regions, time remaining 48.89ms, optional threshold 9.78ms
[2024-10-12T11:44:47.396+0800][debug][gc,ergo,cset] GC(494) Finish adding old regions to collection set (Maximum number of regions). Initial 8 regions, optional 0 regions
[2024-10-12T11:44:47.396+0800][debug][gc,ergo,cset] GC(494) Finish choosing collection set old regions. Initial: 8, optional: 0, predicted old time: 0.00ms, predicted optional time: 0.00ms, time remaining: 47.62
[2024-10-12T11:44:47.502+0800][debug][gc,ergo,cset] GC(495) Start adding old regions to collection set. Min 5 regions, max 8 regions, time remaining 48.31ms, optional threshold 9.66ms
[2024-10-12T11:44:47.502+0800][debug][gc,ergo,cset] GC(495) Finish adding old regions to collection set (Maximum number of regions). Initial 8 regions, optional 0 regions
[2024-10-12T11:44:47.502+0800][debug][gc,ergo,cset] GC(495) Finish choosing collection set old regions. Initial: 8, optional: 0, predicted old time: 0.00ms, predicted optional time: 0.00ms, time remaining: 45.93
[2024-10-12T11:44:47.609+0800][debug][gc,ergo,cset] GC(496) Start adding old regions to collection set. Min 5 regions, max 8 regions, time remaining 48.29ms, optional threshold 9.66ms
[2024-10-12T11:44:47.609+0800][debug][gc,ergo,cset] GC(496) Finish adding old regions to collection set (Maximum number of regions). Initial 8 regions, optional 0 regions
[2024-10-12T11:44:47.609+0800][debug][gc,ergo,cset] GC(496) Finish choosing collection set old regions. Initial: 8, optional: 0, predicted old time: 0.00ms, predicted optional time: 0.00ms, time remaining: 45.65
[2024-10-12T11:44:47.717+0800][debug][gc,ergo,cset] GC(497) Start adding old regions to collection set. Min 5 regions, max 8 regions, time remaining 48.06ms, optional threshold 9.61ms
[2024-10-12T11:44:47.717+0800][debug][gc,ergo,cset] GC(497) Finish adding old regions to collection set (Maximum number of regions). Initial 8 regions, optional 0 regions
[2024-10-12T11:44:47.717+0800][debug][gc,ergo,cset] GC(497) Finish choosing collection set old regions. Initial: 8, optional: 0, predicted old time: 0.00ms, predicted optional time: 0.00ms, time remaining: 44.74
[2024-10-12T11:44:47.824+0800][debug][gc,ergo,cset] GC(498) Start adding old regions to collection set. Min 5 regions, max 8 regions, time remaining 48.11ms, optional threshold 9.62ms
[2024-10-12T11:44:47.824+0800][debug][gc,ergo,cset] GC(498) Old candidate collection set empty.
[2024-10-12T11:44:47.824+0800][debug][gc,ergo,cset] GC(498) Finish choosing collection set old regions. Initial: 6, optional: 0, predicted old time: 0.00ms, predicted optional time: 0.00ms, time remaining: 45.43
[2024-10-12T11:44:48.155+0800][debug][gc,ergo,cset] GC(502) Pruned 0 regions out of 39, leaving 0 bytes waste (allowed 0)
[2024-10-12T11:44:48.361+0800][debug][gc,ergo,cset] Preventive GC, insufficient free regions. Predicted need 5. Curr Eden 1 (Pred 2). Curr Survivor 1 (Pred 1). Curr Old 52 (Pred 2) Free 5 Alloc 1
[2024-10-12T11:44:48.361+0800][debug][gc,ergo,cset] GC(504) Start adding old regions to collection set. Min 5 regions, max 8 regions, time remaining 48.55ms, optional threshold 9.71ms
[2024-10-12T11:44:48.361+0800][debug][gc,ergo,cset] GC(504) Finish adding old regions to collection set (Maximum number of regions). Initial 8 regions, optional 0 regions
[2024-10-12T11:44:48.362+0800][debug][gc,ergo,cset] GC(504) Finish choosing collection set old regions. Initial: 8, optional: 0, predicted old time: 0.00ms, predicted optional time: 0.00ms, time remaining: 47.46
[2024-10-12T11:44:48.467+0800][debug][gc,ergo,cset] GC(505) Start adding old regions to collection set. Min 5 regions, max 8 regions, time remaining 48.20ms, optional threshold 9.64ms
[2024-10-12T11:44:48.467+0800][debug][gc,ergo,cset] GC(505) Finish adding old regions to collection set (Maximum number of regions). Initial 8 regions, optional 0 regions
[2024-10-12T11:44:48.467+0800][debug][gc,ergo,cset] GC(505) Finish choosing collection set old regions. Initial: 8, optional: 0, predicted old time: 0.00ms, predicted optional time: 0.00ms, time remaining: 46.47
[2024-10-12T11:44:48.572+0800][debug][gc,ergo,cset] GC(506) Start adding old regions to collection set. Min 5 regions, max 8 regions, time remaining 48.20ms, optional threshold 9.64ms
[2024-10-12T11:44:48.572+0800][debug][gc,ergo,cset] GC(506) Finish adding old regions to collection set (Maximum number of regions). Initial 8 regions, optional 0 regions
[2024-10-12T11:44:48.572+0800][debug][gc,ergo,cset] GC(506) Finish choosing collection set old regions. Initial: 8, optional: 0, predicted old time: 0.00ms, predicted optional time: 0.00ms, time remaining: 46.17
[2024-10-12T11:44:48.679+0800][debug][gc,ergo,cset] GC(507) Start adding old regions to collection set. Min 5 regions, max 8 regions, time remaining 48.26ms, optional threshold 9.65ms
[2024-10-12T11:44:48.679+0800][debug][gc,ergo,cset] GC(507) Finish adding old regions to collection set (Maximum number of regions). Initial 8 regions, optional 0 regions
[2024-10-12T11:44:48.679+0800][debug][gc,ergo,cset] GC(507) Finish choosing collection set old regions. Initial: 8, optional: 0, predicted old time: 0.00ms, predicted optional time: 0.00ms, time remaining: 45.91
[2024-10-12T11:44:48.785+0800][debug][gc,ergo,cset] GC(508) Start adding old regions to collection set. Min 5 regions, max 8 regions, time remaining 48.23ms, optional threshold 9.65ms
[2024-10-12T11:44:48.785+0800][debug][gc,ergo,cset] GC(508) Old candidate collection set empty.
[2024-10-12T11:44:48.785+0800][debug][gc,ergo,cset] GC(508) Finish choosing collection set old regions. Initial: 7, optional: 0, predicted old time: 0.00ms, predicted optional time: 0.00ms, time remaining: 45.41
[2024-10-12T11:44:49.112+0800][debug][gc,ergo,cset] GC(512) Pruned 0 regions out of 41, leaving 0 bytes waste (allowed 0)
[2024-10-12T11:44:49.319+0800][debug][gc,ergo,cset] Preventive GC, insufficient free regions. Predicted need 6. Curr Eden 1 (Pred 2). Curr Survivor 1 (Pred 1). Curr Old 52 (Pred 3) Free 5 Alloc 1
[2024-10-12T11:44:49.319+0800][debug][gc,ergo,cset] GC(514) Start adding old regions to collection set. Min 6 regions, max 8 regions, time remaining 48.92ms, optional threshold 9.78ms
[2024-10-12T11:44:49.319+0800][debug][gc,ergo,cset] GC(514) Finish adding old regions to collection set (Maximum number of regions). Initial 8 regions, optional 0 regions
[2024-10-12T11:44:49.319+0800][debug][gc,ergo,cset] GC(514) Finish choosing collection set old regions. Initial: 8, optional: 0, predicted old time: 0.00ms, predicted optional time: 0.00ms, time remaining: 47.83
[2024-10-12T11:44:49.424+0800][debug][gc,ergo,cset] Preventive GC, insufficient free regions. Predicted need 8. Curr Eden 2 (Pred 3). Curr Survivor 1 (Pred 1). Curr Old 48 (Pred 4) Free 8 Alloc 1
[2024-10-12T11:44:49.424+0800][debug][gc,ergo,cset] GC(515) Start adding old regions to collection set. Min 6 regions, max 8 regions, time remaining 48.56ms, optional threshold 9.71ms
[2024-10-12T11:44:49.424+0800][debug][gc,ergo,cset] GC(515) Finish adding old regions to collection set (Maximum number of regions). Initial 8 regions, optional 0 regions
[2024-10-12T11:44:49.424+0800][debug][gc,ergo,cset] GC(515) Finish choosing collection set old regions. Initial: 8, optional: 0, predicted old time: 0.00ms, predicted optional time: 0.00ms, time remaining: 46.97
[2024-10-12T11:44:49.530+0800][debug][gc,ergo,cset] GC(516) Start adding old regions to collection set. Min 6 regions, max 8 regions, time remaining 48.54ms, optional threshold 9.71ms
[2024-10-12T11:44:49.530+0800][debug][gc,ergo,cset] GC(516) Finish adding old regions to collection set (Maximum number of regions). Initial 8 regions, optional 0 regions
[2024-10-12T11:44:49.530+0800][debug][gc,ergo,cset] GC(516) Finish choosing collection set old regions. Initial: 8, optional: 0, predicted old time: 0.00ms, predicted optional time: 0.00ms, time remaining: 46.70
[2024-10-12T11:44:49.637+0800][debug][gc,ergo,cset] GC(517) Start adding old regions to collection set. Min 6 regions, max 8 regions, time remaining 48.49ms, optional threshold 9.70ms
[2024-10-12T11:44:49.637+0800][debug][gc,ergo,cset] GC(517) Finish adding old regions to collection set (Maximum number of regions). Initial 8 regions, optional 0 regions
[2024-10-12T11:44:49.637+0800][debug][gc,ergo,cset] GC(517) Finish choosing collection set old regions. Initial: 8, optional: 0, predicted old time: 0.00ms, predicted optional time: 0.00ms, time remaining: 46.33
[2024-10-12T11:44:49.744+0800][debug][gc,ergo,cset] GC(518) Start adding old regions to collection set. Min 6 regions, max 8 regions, time remaining 48.34ms, optional threshold 9.67ms
[2024-10-12T11:44:49.744+0800][debug][gc,ergo,cset] GC(518) Finish adding old regions to collection set (Maximum number of regions). Initial 8 regions, optional 0 regions
[2024-10-12T11:44:49.745+0800][debug][gc,ergo,cset] GC(518) Finish choosing collection set old regions. Initial: 8, optional: 0, predicted old time: 0.00ms, predicted optional time: 0.00ms, time remaining: 45.63
[2024-10-12T11:44:49.851+0800][debug][gc,ergo,cset] GC(519) Start adding old regions to collection set. Min 6 regions, max 8 regions, time remaining 48.38ms, optional threshold 9.68ms
[2024-10-12T11:44:49.851+0800][debug][gc,ergo,cset] GC(519) Old candidate collection set empty.
[2024-10-12T11:44:49.851+0800][debug][gc,ergo,cset] GC(519) Finish choosing collection set old regions. Initial: 1, optional: 0, predicted old time: 0.00ms, predicted optional time: 0.00ms, time remaining: 47.81
[2024-10-12T11:44:50.178+0800][debug][gc,ergo,cset] GC(523) Pruned 0 regions out of 40, leaving 0 bytes waste (allowed 0)
[2024-10-12T11:44:50.385+0800][debug][gc,ergo,cset] Preventive GC, insufficient free regions. Predicted need 5. Curr Eden 1 (Pred 2). Curr Survivor 1 (Pred 1). Curr Old 52 (Pred 2) Free 5 Alloc 1
[2024-10-12T11:44:50.386+0800][debug][gc,ergo,cset] GC(525) Start adding old regions to collection set. Min 5 regions, max 8 regions, time remaining 48.76ms, optional threshold 9.75ms
[2024-10-12T11:44:50.386+0800][debug][gc,ergo,cset] GC(525) Finish adding old regions to collection set (Maximum number of regions). Initial 8 regions, optional 0 regions
[2024-10-12T11:44:50.386+0800][debug][gc,ergo,cset] GC(525) Finish choosing collection set old regions. Initial: 8, optional: 0, predicted old time: 0.00ms, predicted optional time: 0.00ms, time remaining: 47.42
[2024-10-12T11:44:50.491+0800][debug][gc,ergo,cset] GC(526) Start adding old regions to collection set. Min 5 regions, max 8 regions, time remaining 48.34ms, optional threshold 9.67ms
[2024-10-12T11:44:50.491+0800][debug][gc,ergo,cset] GC(526) Finish adding old regions to collection set (Maximum number of regions). Initial 8 regions, optional 0 regions
[2024-10-12T11:44:50.491+0800][debug][gc,ergo,cset] GC(526) Finish choosing collection set old regions. Initial: 8, optional: 0, predicted old time: 0.00ms, predicted optional time: 0.00ms, time remaining: 46.43
[2024-10-12T11:44:50.596+0800][debug][gc,ergo,cset] GC(527) Start adding old regions to collection set. Min 5 regions, max 8 regions, time remaining 48.28ms, optional threshold 9.66ms
[2024-10-12T11:44:50.596+0800][debug][gc,ergo,cset] GC(527) Finish adding old regions to collection set (Maximum number of regions). Initial 8 regions, optional 0 regions
[2024-10-12T11:44:50.596+0800][debug][gc,ergo,cset] GC(527) Finish choosing collection set old regions. Initial: 8, optional: 0, predicted old time: 0.00ms, predicted optional time: 0.00ms, time remaining: 45.82
[2024-10-12T11:44:50.702+0800][debug][gc,ergo,cset] GC(528) Start adding old regions to collection set. Min 5 regions, max 8 regions, time remaining 48.35ms, optional threshold 9.67ms
[2024-10-12T11:44:50.703+0800][debug][gc,ergo,cset] GC(528) Finish adding old regions to collection set (Maximum number of regions). Initial 8 regions, optional 0 regions
[2024-10-12T11:44:50.703+0800][debug][gc,ergo,cset] GC(528) Finish choosing collection set old regions. Initial: 8, optional: 0, predicted old time: 0.00ms, predicted optional time: 0.00ms, time remaining: 45.87
[2024-10-12T11:44:50.808+0800][debug][gc,ergo,cset] GC(529) Start adding old regions to collection set. Min 5 regions, max 8 regions, time remaining 48.40ms, optional threshold 9.68ms
[2024-10-12T11:44:50.808+0800][debug][gc,ergo,cset] GC(529) Old candidate collection set empty.
[2024-10-12T11:44:50.808+0800][debug][gc,ergo,cset] GC(529) Finish choosing collection set old regions. Initial: 8, optional: 0, predicted old time: 0.00ms, predicted optional time: 0.00ms, time remaining: 45.15
[2024-10-12T11:44:51.135+0800][debug][gc,ergo,cset] GC(533) Pruned 0 regions out of 37, leaving 0 bytes waste (allowed 0)
[2024-10-12T11:44:51.383+0800][debug][gc,ergo,cset] Preventive GC, insufficient free regions. Predicted need 6. Curr Eden 2 (Pred 3). Curr Survivor 1 (Pred 1). Curr Old 51 (Pred 2) Free 5 Alloc 1
[2024-10-12T11:44:51.383+0800][debug][gc,ergo,cset] GC(535) Start adding old regions to collection set. Min 5 regions, max 8 regions, time remaining 48.62ms, optional threshold 9.72ms
[2024-10-12T11:44:51.383+0800][debug][gc,ergo,cset] GC(535) Finish adding old regions to collection set (Maximum number of regions). Initial 8 regions, optional 0 regions
[2024-10-12T11:44:51.383+0800][debug][gc,ergo,cset] GC(535) Finish choosing collection set old regions. Initial: 8, optional: 0, predicted old time: 0.00ms, predicted optional time: 0.00ms, time remaining: 47.62
[2024-10-12T11:44:51.488+0800][debug][gc,ergo,cset] GC(536) Start adding old regions to collection set. Min 5 regions, max 8 regions, time remaining 48.55ms, optional threshold 9.71ms
[2024-10-12T11:44:51.488+0800][debug][gc,ergo,cset] GC(536) Finish adding old regions to collection set (Maximum number of regions). Initial 8 regions, optional 0 regions
[2024-10-12T11:44:51.488+0800][debug][gc,ergo,cset] GC(536) Finish choosing collection set old regions. Initial: 8, optional: 0, predicted old time: 0.00ms, predicted optional time: 0.00ms, time remaining: 46.89
[2024-10-12T11:44:51.594+0800][debug][gc,ergo,cset] GC(537) Start adding old regions to collection set. Min 5 regions, max 8 regions, time remaining 48.54ms, optional threshold 9.71ms
[2024-10-12T11:44:51.594+0800][debug][gc,ergo,cset] GC(537) Finish adding old regions to collection set (Maximum number of regions). Initial 8 regions, optional 0 regions
[2024-10-12T11:44:51.594+0800][debug][gc,ergo,cset] GC(537) Finish choosing collection set old regions. Initial: 8, optional: 0, predicted old time: 0.00ms, predicted optional time: 0.00ms, time remaining: 46.52
[2024-10-12T11:44:51.700+0800][debug][gc,ergo,cset] GC(538) Start adding old regions to collection set. Min 5 regions, max 8 regions, time remaining 48.57ms, optional threshold 9.71ms
[2024-10-12T11:44:51.700+0800][debug][gc,ergo,cset] GC(538) Finish adding old regions to collection set (Maximum number of regions). Initial 8 regions, optional 0 regions
[2024-10-12T11:44:51.700+0800][debug][gc,ergo,cset] GC(538) Finish choosing collection set old regions. Initial: 8, optional: 0, predicted old time: 0.00ms, predicted optional time: 0.00ms, time remaining: 46.34
[2024-10-12T11:44:51.806+0800][debug][gc,ergo,cset] GC(539) Start adding old regions to collection set. Min 5 regions, max 8 regions, time remaining 48.58ms, optional threshold 9.72ms
[2024-10-12T11:44:51.806+0800][debug][gc,ergo,cset] GC(539) Old candidate collection set empty.
[2024-10-12T11:44:51.806+0800][debug][gc,ergo,cset] GC(539) Finish choosing collection set old regions. Initial: 5, optional: 0, predicted old time: 0.00ms, predicted optional time: 0.00ms, time remaining: 46.87
[2024-10-12T11:44:51.924+0800][debug][gc,ergo,cset] GC(542) Pruned 0 regions out of 38, leaving 0 bytes waste (allowed 0)
[2024-10-12T11:44:52.193+0800][debug][gc,ergo,cset] GC(544) Start adding old regions to collection set. Min 5 regions, max 8 regions, time remaining 48.74ms, optional threshold 9.75ms
[2024-10-12T11:44:52.193+0800][debug][gc,ergo,cset] GC(544) Finish adding old regions to collection set (Maximum number of regions). Initial 8 regions, optional 0 regions
[2024-10-12T11:44:52.193+0800][debug][gc,ergo,cset] GC(544) Finish choosing collection set old regions. Initial: 8, optional: 0, predicted old time: 0.00ms, predicted optional time: 0.00ms, time remaining: 47.30
[2024-10-12T11:44:52.300+0800][debug][gc,ergo,cset] GC(545) Start adding old regions to collection set. Min 5 regions, max 8 regions, time remaining 48.39ms, optional threshold 9.68ms
[2024-10-12T11:44:52.300+0800][debug][gc,ergo,cset] GC(545) Finish adding old regions to collection set (Maximum number of regions). Initial 8 regions, optional 0 regions
[2024-10-12T11:44:52.300+0800][debug][gc,ergo,cset] GC(545) Finish choosing collection set old regions. Initial: 8, optional: 0, predicted old time: 0.00ms, predicted optional time: 0.00ms, time remaining: 46.17
[2024-10-12T11:44:52.406+0800][debug][gc,ergo,cset] GC(546) Start adding old regions to collection set. Min 5 regions, max 8 regions, time remaining 48.38ms, optional threshold 9.68ms
[2024-10-12T11:44:52.406+0800][debug][gc,ergo,cset] GC(546) Finish adding old regions to collection set (Maximum number of regions). Initial 8 regions, optional 0 regions
[2024-10-12T11:44:52.406+0800][debug][gc,ergo,cset] GC(546) Finish choosing collection set old regions. Initial: 8, optional: 0, predicted old time: 0.00ms, predicted optional time: 0.00ms, time remaining: 45.98
[2024-10-12T11:44:52.512+0800][debug][gc,ergo,cset] GC(547) Start adding old regions to collection set. Min 5 regions, max 8 regions, time remaining 48.41ms, optional threshold 9.68ms
[2024-10-12T11:44:52.512+0800][debug][gc,ergo,cset] GC(547) Finish adding old regions to collection set (Maximum number of regions). Initial 8 regions, optional 0 regions
[2024-10-12T11:44:52.512+0800][debug][gc,ergo,cset] GC(547) Finish choosing collection set old regions. Initial: 8, optional: 0, predicted old time: 0.00ms, predicted optional time: 0.00ms, time remaining: 45.90
[2024-10-12T11:44:52.618+0800][debug][gc,ergo,cset] GC(548) Start adding old regions to collection set. Min 5 regions, max 8 regions, time remaining 48.45ms, optional threshold 9.69ms
[2024-10-12T11:44:52.618+0800][debug][gc,ergo,cset] GC(548) Old candidate collection set empty.
[2024-10-12T11:44:52.618+0800][debug][gc,ergo,cset] GC(548) Finish choosing collection set old regions. Initial: 6, optional: 0, predicted old time: 0.00ms, predicted optional time: 0.00ms, time remaining: 46.08
[2024-10-12T11:44:52.944+0800][debug][gc,ergo,cset] GC(552) Pruned 0 regions out of 35, leaving 0 bytes waste (allowed 0)
[2024-10-12T11:44:53.152+0800][debug][gc,ergo,cset] Preventive GC, insufficient free regions. Predicted need 5. Curr Eden 1 (Pred 2). Curr Survivor 1 (Pred 2). Curr Old 52 (Pred 2) Free 5 Alloc 1
[2024-10-12T11:44:53.152+0800][debug][gc,ergo,cset] GC(554) Start adding old regions to collection set. Min 5 regions, max 8 regions, time remaining 48.91ms, optional threshold 9.78ms
[2024-10-12T11:44:53.152+0800][debug][gc,ergo,cset] GC(554) Finish adding old regions to collection set (Maximum number of regions). Initial 8 regions, optional 0 regions
[2024-10-12T11:44:53.152+0800][debug][gc,ergo,cset] GC(554) Finish choosing collection set old regions. Initial: 8, optional: 0, predicted old time: 0.00ms, predicted optional time: 0.00ms, time remaining: 48.13
[2024-10-12T11:44:53.256+0800][debug][gc,ergo,cset] GC(555) Start adding old regions to collection set. Min 5 regions, max 8 regions, time remaining 48.55ms, optional threshold 9.71ms
[2024-10-12T11:44:53.256+0800][debug][gc,ergo,cset] GC(555) Finish adding old regions to collection set (Maximum number of regions). Initial 8 regions, optional 0 regions
[2024-10-12T11:44:53.256+0800][debug][gc,ergo,cset] GC(555) Finish choosing collection set old regions. Initial: 8, optional: 0, predicted old time: 0.00ms, predicted optional time: 0.00ms, time remaining: 47.08
[2024-10-12T11:44:53.362+0800][debug][gc,ergo,cset] GC(556) Start adding old regions to collection set. Min 5 regions, max 8 regions, time remaining 48.55ms, optional threshold 9.71ms
[2024-10-12T11:44:53.362+0800][debug][gc,ergo,cset] GC(556) Finish adding old regions to collection set (Maximum number of regions). Initial 8 regions, optional 0 regions
[2024-10-12T11:44:53.362+0800][debug][gc,ergo,cset] GC(556) Finish choosing collection set old regions. Initial: 8, optional: 0, predicted old time: 0.00ms, predicted optional time: 0.00ms, time remaining: 46.81
[2024-10-12T11:44:53.467+0800][debug][gc,ergo,cset] GC(557) Start adding old regions to collection set. Min 5 regions, max 8 regions, time remaining 48.57ms, optional threshold 9.71ms
[2024-10-12T11:44:53.467+0800][debug][gc,ergo,cset] GC(557) Finish adding old regions to collection set (Maximum number of regions). Initial 8 regions, optional 0 regions
[2024-10-12T11:44:53.467+0800][debug][gc,ergo,cset] GC(557) Finish choosing collection set old regions. Initial: 8, optional: 0, predicted old time: 0.00ms, predicted optional time: 0.00ms, time remaining: 46.54
[2024-10-12T11:44:53.574+0800][debug][gc,ergo,cset] GC(558) Start adding old regions to collection set. Min 5 regions, max 8 regions, time remaining 48.57ms, optional threshold 9.71ms
[2024-10-12T11:44:53.574+0800][debug][gc,ergo,cset] GC(558) Old candidate collection set empty.
[2024-10-12T11:44:53.574+0800][debug][gc,ergo,cset] GC(558) Finish choosing collection set old regions. Initial: 3, optional: 0, predicted old time: 0.00ms, predicted optional time: 0.00ms, time remaining: 47.33
[2024-10-12T11:44:53.899+0800][debug][gc,ergo,cset] GC(562) Pruned 0 regions out of 34, leaving 0 bytes waste (allowed 0)
[2024-10-12T11:44:54.107+0800][debug][gc,ergo,cset] Preventive GC, insufficient free regions. Predicted need 5. Curr Eden 1 (Pred 2). Curr Survivor 1 (Pred 1). Curr Old 52 (Pred 2) Free 5 Alloc 1
[2024-10-12T11:44:54.107+0800][debug][gc,ergo,cset] GC(564) Start adding old regions to collection set. Min 5 regions, max 8 regions, time remaining 48.96ms, optional threshold 9.79ms
[2024-10-12T11:44:54.107+0800][debug][gc,ergo,cset] GC(564) Finish adding old regions to collection set (Maximum number of regions). Initial 8 regions, optional 0 regions
[2024-10-12T11:44:54.107+0800][debug][gc,ergo,cset] GC(564) Finish choosing collection set old regions. Initial: 8, optional: 0, predicted old time: 0.00ms, predicted optional time: 0.00ms, time remaining: 48.14
[2024-10-12T11:44:54.213+0800][debug][gc,ergo,cset] GC(565) Start adding old regions to collection set. Min 5 regions, max 8 regions, time remaining 48.61ms, optional threshold 9.72ms
[2024-10-12T11:44:54.213+0800][debug][gc,ergo,cset] GC(565) Finish adding old regions to collection set (Maximum number of regions). Initial 8 regions, optional 0 regions
[2024-10-12T11:44:54.213+0800][debug][gc,ergo,cset] GC(565) Finish choosing collection set old regions. Initial: 8, optional: 0, predicted old time: 0.00ms, predicted optional time: 0.00ms, time remaining: 47.28
[2024-10-12T11:44:54.318+0800][debug][gc,ergo,cset] GC(566) Start adding old regions to collection set. Min 5 regions, max 8 regions, time remaining 48.56ms, optional threshold 9.71ms
[2024-10-12T11:44:54.318+0800][debug][gc,ergo,cset] GC(566) Finish adding old regions to collection set (Maximum number of regions). Initial 8 regions, optional 0 regions
[2024-10-12T11:44:54.318+0800][debug][gc,ergo,cset] GC(566) Finish choosing collection set old regions. Initial: 8, optional: 0, predicted old time: 0.00ms, predicted optional time: 0.00ms, time remaining: 46.73
[2024-10-12T11:44:54.424+0800][debug][gc,ergo,cset] GC(567) Start adding old regions to collection set. Min 5 regions, max 8 regions, time remaining 48.49ms, optional threshold 9.70ms
[2024-10-12T11:44:54.424+0800][debug][gc,ergo,cset] GC(567) Finish adding old regions to collection set (Maximum number of regions). Initial 8 regions, optional 0 regions
[2024-10-12T11:44:54.424+0800][debug][gc,ergo,cset] GC(567) Finish choosing collection set old regions. Initial: 8, optional: 0, predicted old time: 0.00ms, predicted optional time: 0.00ms, time remaining: 46.17
[2024-10-12T11:44:54.531+0800][debug][gc,ergo,cset] GC(568) Start adding old regions to collection set. Min 5 regions, max 8 regions, time remaining 48.44ms, optional threshold 9.69ms
[2024-10-12T11:44:54.531+0800][debug][gc,ergo,cset] GC(568) Old candidate collection set empty.
[2024-10-12T11:44:54.531+0800][debug][gc,ergo,cset] GC(568) Finish choosing collection set old regions. Initial: 2, optional: 0, predicted old time: 0.00ms, predicted optional time: 0.00ms, time remaining: 47.53
[2024-10-12T11:44:54.856+0800][debug][gc,ergo,cset] GC(572) Pruned 0 regions out of 34, leaving 0 bytes waste (allowed 0)
[2024-10-12T11:44:55.063+0800][debug][gc,ergo,cset] Preventive GC, insufficient free regions. Predicted need 5. Curr Eden 1 (Pred 2). Curr Survivor 1 (Pred 1). Curr Old 52 (Pred 2) Free 5 Alloc 1
[2024-10-12T11:44:55.063+0800][debug][gc,ergo,cset] GC(574) Start adding old regions to collection set. Min 5 regions, max 8 regions, time remaining 48.95ms, optional threshold 9.79ms
[2024-10-12T11:44:55.063+0800][debug][gc,ergo,cset] GC(574) Finish adding old regions to collection set (Maximum number of regions). Initial 8 regions, optional 0 regions
[2024-10-12T11:44:55.063+0800][debug][gc,ergo,cset] GC(574) Finish choosing collection set old regions. Initial: 8, optional: 0, predicted old time: 0.00ms, predicted optional time: 0.00ms, time remaining: 48.15
[2024-10-12T11:44:55.168+0800][debug][gc,ergo,cset] GC(575) Start adding old regions to collection set. Min 5 regions, max 8 regions, time remaining 48.56ms, optional threshold 9.71ms
[2024-10-12T11:44:55.168+0800][debug][gc,ergo,cset] GC(575) Finish adding old regions to collection set (Maximum number of regions). Initial 8 regions, optional 0 regions
[2024-10-12T11:44:55.168+0800][debug][gc,ergo,cset] GC(575) Finish choosing collection set old regions. Initial: 8, optional: 0, predicted old time: 0.00ms, predicted optional time: 0.00ms, time remaining: 47.11
[2024-10-12T11:44:55.274+0800][debug][gc,ergo,cset] GC(576) Start adding old regions to collection set. Min 5 regions, max 8 regions, time remaining 48.55ms, optional threshold 9.71ms
[2024-10-12T11:44:55.274+0800][debug][gc,ergo,cset] GC(576) Finish adding old regions to collection set (Maximum number of regions). Initial 8 regions, optional 0 regions
[2024-10-12T11:44:55.274+0800][debug][gc,ergo,cset] GC(576) Finish choosing collection set old regions. Initial: 8, optional: 0, predicted old time: 0.00ms, predicted optional time: 0.00ms, time remaining: 46.68
[2024-10-12T11:44:55.380+0800][debug][gc,ergo,cset] GC(577) Start adding old regions to collection set. Min 5 regions, max 8 regions, time remaining 48.54ms, optional threshold 9.71ms
[2024-10-12T11:44:55.380+0800][debug][gc,ergo,cset] GC(577) Finish adding old regions to collection set (Maximum number of regions). Initial 8 regions, optional 0 regions
[2024-10-12T11:44:55.380+0800][debug][gc,ergo,cset] GC(577) Finish choosing collection set old regions. Initial: 8, optional: 0, predicted old time: 0.00ms, predicted optional time: 0.00ms, time remaining: 46.28
[2024-10-12T11:44:55.486+0800][debug][gc,ergo,cset] GC(578) Start adding old regions to collection set. Min 5 regions, max 8 regions, time remaining 48.49ms, optional threshold 9.70ms
[2024-10-12T11:44:55.486+0800][debug][gc,ergo,cset] GC(578) Old candidate collection set empty.
[2024-10-12T11:44:55.486+0800][debug][gc,ergo,cset] GC(578) Finish choosing collection set old regions. Initial: 2, optional: 0, predicted old time: 0.00ms, predicted optional time: 0.00ms, time remaining: 47.51
[2024-10-12T11:44:55.812+0800][debug][gc,ergo,cset] GC(582) Pruned 0 regions out of 40, leaving 0 bytes waste (allowed 0)
[2024-10-12T11:44:56.019+0800][debug][gc,ergo,cset] Preventive GC, insufficient free regions. Predicted need 5. Curr Eden 1 (Pred 2). Curr Survivor 1 (Pred 1). Curr Old 52 (Pred 2) Free 5 Alloc 1
[2024-10-12T11:44:56.019+0800][debug][gc,ergo,cset] GC(584) Start adding old regions to collection set. Min 5 regions, max 8 regions, time remaining 48.91ms, optional threshold 9.78ms
[2024-10-12T11:44:56.019+0800][debug][gc,ergo,cset] GC(584) Finish adding old regions to collection set (Maximum number of regions). Initial 8 regions, optional 0 regions
[2024-10-12T11:44:56.020+0800][debug][gc,ergo,cset] GC(584) Finish choosing collection set old regions. Initial: 8, optional: 0, predicted old time: 0.00ms, predicted optional time: 0.00ms, time remaining: 47.66
[2024-10-12T11:44:56.124+0800][debug][gc,ergo,cset] GC(585) Start adding old regions to collection set. Min 5 regions, max 8 regions, time remaining 48.52ms, optional threshold 9.70ms
[2024-10-12T11:44:56.124+0800][debug][gc,ergo,cset] GC(585) Finish adding old regions to collection set (Maximum number of regions). Initial 8 regions, optional 0 regions
[2024-10-12T11:44:56.124+0800][debug][gc,ergo,cset] GC(585) Finish choosing collection set old regions. Initial: 8, optional: 0, predicted old time: 0.00ms, predicted optional time: 0.00ms, time remaining: 46.68
[2024-10-12T11:44:56.230+0800][debug][gc,ergo,cset] GC(586) Start adding old regions to collection set. Min 5 regions, max 8 regions, time remaining 48.43ms, optional threshold 9.69ms
[2024-10-12T11:44:56.230+0800][debug][gc,ergo,cset] GC(586) Finish adding old regions to collection set (Maximum number of regions). Initial 8 regions, optional 0 regions
[2024-10-12T11:44:56.230+0800][debug][gc,ergo,cset] GC(586) Finish choosing collection set old regions. Initial: 8, optional: 0, predicted old time: 0.00ms, predicted optional time: 0.00ms, time remaining: 46.35
[2024-10-12T11:44:56.336+0800][debug][gc,ergo,cset] GC(587) Start adding old regions to collection set. Min 5 regions, max 8 regions, time remaining 48.47ms, optional threshold 9.69ms
[2024-10-12T11:44:56.336+0800][debug][gc,ergo,cset] GC(587) Finish adding old regions to collection set (Maximum number of regions). Initial 8 regions, optional 0 regions
[2024-10-12T11:44:56.336+0800][debug][gc,ergo,cset] GC(587) Finish choosing collection set old regions. Initial: 8, optional: 0, predicted old time: 0.00ms, predicted optional time: 0.00ms, time remaining: 46.29
[2024-10-12T11:44:56.443+0800][debug][gc,ergo,cset] GC(588) Start adding old regions to collection set. Min 5 regions, max 8 regions, time remaining 48.52ms, optional threshold 9.70ms
[2024-10-12T11:44:56.443+0800][debug][gc,ergo,cset] GC(588) Old candidate collection set empty.
[2024-10-12T11:44:56.443+0800][debug][gc,ergo,cset] GC(588) Finish choosing collection set old regions. Initial: 8, optional: 0, predicted old time: 0.00ms, predicted optional time: 0.00ms, time remaining: 45.80
[2024-10-12T11:44:56.769+0800][debug][gc,ergo,cset] GC(592) Pruned 0 regions out of 37, leaving 0 bytes waste (allowed 0)
[2024-10-12T11:44:57.017+0800][debug][gc,ergo,cset] Preventive GC, insufficient free regions. Predicted need 6. Curr Eden 2 (Pred 3). Curr Survivor 1 (Pred 1). Curr Old 51 (Pred 2) Free 5 Alloc 1
[2024-10-12T11:44:57.018+0800][debug][gc,ergo,cset] GC(594) Start adding old regions to collection set. Min 5 regions, max 8 regions, time remaining 48.70ms, optional threshold 9.74ms
[2024-10-12T11:44:57.018+0800][debug][gc,ergo,cset] GC(594) Finish adding old regions to collection set (Maximum number of regions). Initial 8 regions, optional 0 regions
[2024-10-12T11:44:57.018+0800][debug][gc,ergo,cset] GC(594) Finish choosing collection set old regions. Initial: 8, optional: 0, predicted old time: 0.00ms, predicted optional time: 0.00ms, time remaining: 47.65
[2024-10-12T11:44:57.122+0800][debug][gc,ergo,cset] Preventive GC, insufficient free regions. Predicted need 7. Curr Eden 2 (Pred 3). Curr Survivor 1 (Pred 1). Curr Old 49 (Pred 3) Free 7 Alloc 1
[2024-10-12T11:44:57.123+0800][debug][gc,ergo,cset] GC(595) Start adding old regions to collection set. Min 5 regions, max 8 regions, time remaining 48.69ms, optional threshold 9.74ms
[2024-10-12T11:44:57.123+0800][debug][gc,ergo,cset] GC(595) Finish adding old regions to collection set (Maximum number of regions). Initial 8 regions, optional 0 regions
[2024-10-12T11:44:57.123+0800][debug][gc,ergo,cset] GC(595) Finish choosing collection set old regions. Initial: 8, optional: 0, predicted old time: 0.00ms, predicted optional time: 0.00ms, time remaining: 47.18
[2024-10-12T11:44:57.228+0800][debug][gc,ergo,cset] GC(596) Start adding old regions to collection set. Min 5 regions, max 8 regions, time remaining 48.60ms, optional threshold 9.72ms
[2024-10-12T11:44:57.228+0800][debug][gc,ergo,cset] GC(596) Finish adding old regions to collection set (Maximum number of regions). Initial 8 regions, optional 0 regions
[2024-10-12T11:44:57.228+0800][debug][gc,ergo,cset] GC(596) Finish choosing collection set old regions. Initial: 8, optional: 0, predicted old time: 0.00ms, predicted optional time: 0.00ms, time remaining: 46.71
[2024-10-12T11:44:57.334+0800][debug][gc,ergo,cset] Preventive GC, insufficient free regions. Predicted need 9. Curr Eden 2 (Pred 3). Curr Survivor 1 (Pred 1). Curr Old 47 (Pred 5) Free 9 Alloc 1
[2024-10-12T11:44:57.335+0800][debug][gc,ergo,cset] GC(597) Start adding old regions to collection set. Min 5 regions, max 8 regions, time remaining 48.57ms, optional threshold 9.71ms
[2024-10-12T11:44:57.335+0800][debug][gc,ergo,cset] GC(597) Finish adding old regions to collection set (Maximum number of regions). Initial 8 regions, optional 0 regions
[2024-10-12T11:44:57.335+0800][debug][gc,ergo,cset] GC(597) Finish choosing collection set old regions. Initial: 8, optional: 0, predicted old time: 0.00ms, predicted optional time: 0.00ms, time remaining: 46.38
[2024-10-12T11:44:57.441+0800][debug][gc,ergo,cset] GC(598) Start adding old regions to collection set. Min 5 regions, max 8 regions, time remaining 48.55ms, optional threshold 9.71ms
[2024-10-12T11:44:57.441+0800][debug][gc,ergo,cset] GC(598) Old candidate collection set empty.
[2024-10-12T11:44:57.441+0800][debug][gc,ergo,cset] GC(598) Finish choosing collection set old regions. Initial: 5, optional: 0, predicted old time: 0.00ms, predicted optional time: 0.00ms, time remaining: 46.68
[2024-10-12T11:44:57.767+0800][debug][gc,ergo,cset] GC(602) Pruned 0 regions out of 39, leaving 0 bytes waste (allowed 0)
[2024-10-12T11:44:57.911+0800][debug][gc,ergo,cset] Preventive GC, insufficient free regions. Predicted need 4. Curr Eden 2 (Pred 3). Curr Survivor 1 (Pred 1). Curr Old 52 (Pred 0) Free 4 Alloc 1
[2024-10-12T11:44:57.974+0800][debug][gc,ergo,cset] Preventive GC, insufficient free regions. Predicted need 4. Curr Eden 1 (Pred 2). Curr Survivor 1 (Pred 1). Curr Old 54 (Pred 1) Free 3 Alloc 1
[2024-10-12T11:44:57.975+0800][debug][gc,ergo,cset] GC(604) Start adding old regions to collection set. Min 5 regions, max 8 regions, time remaining 48.96ms, optional threshold 9.79ms
[2024-10-12T11:44:57.975+0800][debug][gc,ergo,cset] GC(604) Finish adding old regions to collection set (Maximum number of regions). Initial 8 regions, optional 0 regions
[2024-10-12T11:44:57.975+0800][debug][gc,ergo,cset] GC(604) Finish choosing collection set old regions. Initial: 8, optional: 0, predicted old time: 0.00ms, predicted optional time: 0.00ms, time remaining: 48.32
[2024-10-12T11:44:58.079+0800][debug][gc,ergo,cset] Preventive GC, insufficient free regions. Predicted need 7. Curr Eden 2 (Pred 3). Curr Survivor 1 (Pred 1). Curr Old 50 (Pred 3) Free 6 Alloc 1
[2024-10-12T11:44:58.079+0800][debug][gc,ergo,cset] GC(605) Start adding old regions to collection set. Min 5 regions, max 8 regions, time remaining 48.64ms, optional threshold 9.73ms
[2024-10-12T11:44:58.079+0800][debug][gc,ergo,cset] GC(605) Finish adding old regions to collection set (Maximum number of regions). Initial 8 regions, optional 0 regions
[2024-10-12T11:44:58.079+0800][debug][gc,ergo,cset] GC(605) Finish choosing collection set old regions. Initial: 8, optional: 0, predicted old time: 0.00ms, predicted optional time: 0.00ms, time remaining: 47.28
[2024-10-12T11:44:58.143+0800][debug][gc,ergo,cset] Preventive GC, insufficient free regions. Predicted need 7. Curr Eden 1 (Pred 2). Curr Survivor 1 (Pred 1). Curr Old 53 (Pred 4) Free 4 Alloc 1
[2024-10-12T11:44:58.143+0800][debug][gc,ergo,cset] GC(606) Start adding old regions to collection set. Min 5 regions, max 8 regions, time remaining 48.92ms, optional threshold 9.78ms
[2024-10-12T11:44:58.143+0800][debug][gc,ergo,cset] GC(606) Finish adding old regions to collection set (Maximum number of regions). Initial 8 regions, optional 0 regions
[2024-10-12T11:44:58.143+0800][debug][gc,ergo,cset] GC(606) Finish choosing collection set old regions. Initial: 8, optional: 0, predicted old time: 0.00ms, predicted optional time: 0.00ms, time remaining: 47.13
[2024-10-12T11:44:58.188+0800][debug][gc,ergo,cset] GC(607) Start adding old regions to collection set. Min 5 regions, max 8 regions, time remaining 48.90ms, optional threshold 9.78ms
[2024-10-12T11:44:58.188+0800][debug][gc,ergo,cset] GC(607) Finish adding old regions to collection set (Maximum number of regions). Initial 8 regions, optional 0 regions
[2024-10-12T11:44:58.188+0800][debug][gc,ergo,cset] GC(607) Finish choosing collection set old regions. Initial: 8, optional: 0, predicted old time: 0.00ms, predicted optional time: 0.00ms, time remaining: 46.92
[2024-10-12T11:44:58.805+0800][debug][gc,ergo,cset] GC(614) Pruned 0 regions out of 34, leaving 0 bytes waste (allowed 0)
[2024-10-12T11:44:59.053+0800][debug][gc,ergo,cset] Preventive GC, insufficient free regions. Predicted need 6. Curr Eden 2 (Pred 3). Curr Survivor 1 (Pred 1). Curr Old 51 (Pred 2) Free 5 Alloc 1
[2024-10-12T11:44:59.053+0800][debug][gc,ergo,cset] GC(616) Start adding old regions to collection set. Min 5 regions, max 8 regions, time remaining 48.79ms, optional threshold 9.76ms
[2024-10-12T11:44:59.053+0800][debug][gc,ergo,cset] GC(616) Finish adding old regions to collection set (Maximum number of regions). Initial 8 regions, optional 0 regions
[2024-10-12T11:44:59.053+0800][debug][gc,ergo,cset] GC(616) Finish choosing collection set old regions. Initial: 8, optional: 0, predicted old time: 0.00ms, predicted optional time: 0.00ms, time remaining: 47.86
[2024-10-12T11:44:59.158+0800][debug][gc,ergo,cset] Preventive GC, insufficient free regions. Predicted need 7. Curr Eden 2 (Pred 3). Curr Survivor 1 (Pred 1). Curr Old 49 (Pred 3) Free 7 Alloc 1
[2024-10-12T11:44:59.158+0800][debug][gc,ergo,cset] GC(617) Start adding old regions to collection set. Min 5 regions, max 8 regions, time remaining 48.81ms, optional threshold 9.76ms
[2024-10-12T11:44:59.159+0800][debug][gc,ergo,cset] GC(617) Finish adding old regions to collection set (Maximum number of regions). Initial 8 regions, optional 0 regions
[2024-10-12T11:44:59.159+0800][debug][gc,ergo,cset] GC(617) Finish choosing collection set old regions. Initial: 8, optional: 0, predicted old time: 0.00ms, predicted optional time: 0.00ms, time remaining: 47.50
[2024-10-12T11:44:59.264+0800][debug][gc,ergo,cset] GC(618) Start adding old regions to collection set. Min 5 regions, max 8 regions, time remaining 48.68ms, optional threshold 9.74ms
[2024-10-12T11:44:59.264+0800][debug][gc,ergo,cset] GC(618) Finish adding old regions to collection set (Maximum number of regions). Initial 8 regions, optional 0 regions
[2024-10-12T11:44:59.264+0800][debug][gc,ergo,cset] GC(618) Finish choosing collection set old regions. Initial: 8, optional: 0, predicted old time: 0.00ms, predicted optional time: 0.00ms, time remaining: 46.73
[2024-10-12T11:44:59.369+0800][debug][gc,ergo,cset] GC(619) Start adding old regions to collection set. Min 5 regions, max 8 regions, time remaining 48.68ms, optional threshold 9.74ms
[2024-10-12T11:44:59.369+0800][debug][gc,ergo,cset] GC(619) Finish adding old regions to collection set (Maximum number of regions). Initial 8 regions, optional 0 regions
[2024-10-12T11:44:59.369+0800][debug][gc,ergo,cset] GC(619) Finish choosing collection set old regions. Initial: 8, optional: 0, predicted old time: 0.00ms, predicted optional time: 0.00ms, time remaining: 46.37
[2024-10-12T11:44:59.476+0800][debug][gc,ergo,cset] GC(620) Start adding old regions to collection set. Min 5 regions, max 8 regions, time remaining 48.48ms, optional threshold 9.70ms
[2024-10-12T11:44:59.476+0800][debug][gc,ergo,cset] GC(620) Old candidate collection set empty.
[2024-10-12T11:44:59.476+0800][debug][gc,ergo,cset] GC(620) Finish choosing collection set old regions. Initial: 2, optional: 0, predicted old time: 0.00ms, predicted optional time: 0.00ms, time remaining: 47.63
[2024-10-12T11:44:59.695+0800][debug][gc,ergo,cset] GC(623) Pruned 0 regions out of 34, leaving 0 bytes waste (allowed 0)
[2024-10-12T11:44:59.944+0800][debug][gc,ergo,cset] GC(625) Start adding old regions to collection set. Min 5 regions, max 8 regions, time remaining 48.64ms, optional threshold 9.73ms
[2024-10-12T11:44:59.944+0800][debug][gc,ergo,cset] GC(625) Finish adding old regions to collection set (Maximum number of regions). Initial 8 regions, optional 0 regions
[2024-10-12T11:44:59.944+0800][debug][gc,ergo,cset] GC(625) Finish choosing collection set old regions. Initial: 8, optional: 0, predicted old time: 0.00ms, predicted optional time: 0.00ms, time remaining: 47.77
[2024-10-12T11:45:00.049+0800][debug][gc,ergo,cset] GC(626) Start adding old regions to collection set. Min 5 regions, max 8 regions, time remaining 48.64ms, optional threshold 9.73ms
[2024-10-12T11:45:00.049+0800][debug][gc,ergo,cset] GC(626) Finish adding old regions to collection set (Maximum number of regions). Initial 8 regions, optional 0 regions
[2024-10-12T11:45:00.049+0800][debug][gc,ergo,cset] GC(626) Finish choosing collection set old regions. Initial: 8, optional: 0, predicted old time: 0.00ms, predicted optional time: 0.00ms, time remaining: 46.93
[2024-10-12T11:45:00.154+0800][debug][gc,ergo,cset] GC(627) Start adding old regions to collection set. Min 5 regions, max 8 regions, time remaining 48.59ms, optional threshold 9.72ms
[2024-10-12T11:45:00.154+0800][debug][gc,ergo,cset] GC(627) Finish adding old regions to collection set (Maximum number of regions). Initial 8 regions, optional 0 regions
[2024-10-12T11:45:00.154+0800][debug][gc,ergo,cset] GC(627) Finish choosing collection set old regions. Initial: 8, optional: 0, predicted old time: 0.00ms, predicted optional time: 0.00ms, time remaining: 46.56
[2024-10-12T11:45:00.260+0800][debug][gc,ergo,cset] GC(628) Start adding old regions to collection set. Min 5 regions, max 8 regions, time remaining 48.58ms, optional threshold 9.72ms
[2024-10-12T11:45:00.260+0800][debug][gc,ergo,cset] GC(628) Finish adding old regions to collection set (Maximum number of regions). Initial 8 regions, optional 0 regions
[2024-10-12T11:45:00.260+0800][debug][gc,ergo,cset] GC(628) Finish choosing collection set old regions. Initial: 8, optional: 0, predicted old time: 0.00ms, predicted optional time: 0.00ms, time remaining: 46.20
[2024-10-12T11:45:00.366+0800][debug][gc,ergo,cset] GC(629) Start adding old regions to collection set. Min 5 regions, max 8 regions, time remaining 48.55ms, optional threshold 9.71ms
[2024-10-12T11:45:00.366+0800][debug][gc,ergo,cset] GC(629) Old candidate collection set empty.
[2024-10-12T11:45:00.366+0800][debug][gc,ergo,cset] GC(629) Finish choosing collection set old regions. Initial: 2, optional: 0, predicted old time: 0.00ms, predicted optional time: 0.00ms, time remaining: 47.61
[2024-10-12T11:45:00.690+0800][debug][gc,ergo,cset] GC(633) Pruned 0 regions out of 39, leaving 0 bytes waste (allowed 0)
[2024-10-12T11:45:00.856+0800][debug][gc,ergo,cset] Preventive GC, insufficient free regions. Predicted need 5. Curr Eden 1 (Pred 2). Curr Survivor 1 (Pred 1). Curr Old 52 (Pred 2) Free 5 Alloc 1
[2024-10-12T11:45:00.856+0800][debug][gc,ergo,cset] GC(635) Start adding old regions to collection set. Min 5 regions, max 8 regions, time remaining 49.00ms, optional threshold 9.80ms
[2024-10-12T11:45:00.856+0800][debug][gc,ergo,cset] GC(635) Finish adding old regions to collection set (Maximum number of regions). Initial 8 regions, optional 0 regions
[2024-10-12T11:45:00.856+0800][debug][gc,ergo,cset] GC(635) Finish choosing collection set old regions. Initial: 8, optional: 0, predicted old time: 0.00ms, predicted optional time: 0.00ms, time remaining: 47.96
[2024-10-12T11:45:00.982+0800][debug][gc,ergo,cset] Preventive GC, insufficient free regions. Predicted need 7. Curr Eden 2 (Pred 3). Curr Survivor 1 (Pred 1). Curr Old 48 (Pred 3) Free 7 Alloc 1
[2024-10-12T11:45:00.982+0800][debug][gc,ergo,cset] GC(636) Start adding old regions to collection set. Min 5 regions, max 8 regions, time remaining 48.64ms, optional threshold 9.73ms
[2024-10-12T11:45:00.982+0800][debug][gc,ergo,cset] GC(636) Finish adding old regions to collection set (Maximum number of regions). Initial 8 regions, optional 0 regions
[2024-10-12T11:45:00.982+0800][debug][gc,ergo,cset] GC(636) Finish choosing collection set old regions. Initial: 8, optional: 0, predicted old time: 0.00ms, predicted optional time: 0.00ms, time remaining: 47.04
[2024-10-12T11:45:01.088+0800][debug][gc,ergo,cset] GC(637) Start adding old regions to collection set. Min 5 regions, max 8 regions, time remaining 48.56ms, optional threshold 9.71ms
[2024-10-12T11:45:01.088+0800][debug][gc,ergo,cset] GC(637) Finish adding old regions to collection set (Maximum number of regions). Initial 8 regions, optional 0 regions
[2024-10-12T11:45:01.088+0800][debug][gc,ergo,cset] GC(637) Finish choosing collection set old regions. Initial: 8, optional: 0, predicted old time: 0.00ms, predicted optional time: 0.00ms, time remaining: 46.61
[2024-10-12T11:45:01.193+0800][debug][gc,ergo,cset] GC(638) Start adding old regions to collection set. Min 5 regions, max 8 regions, time remaining 48.60ms, optional threshold 9.72ms
[2024-10-12T11:45:01.193+0800][debug][gc,ergo,cset] GC(638) Finish adding old regions to collection set (Maximum number of regions). Initial 8 regions, optional 0 regions
[2024-10-12T11:45:01.193+0800][debug][gc,ergo,cset] GC(638) Finish choosing collection set old regions. Initial: 8, optional: 0, predicted old time: 0.00ms, predicted optional time: 0.00ms, time remaining: 46.54
[2024-10-12T11:45:01.299+0800][debug][gc,ergo,cset] GC(639) Start adding old regions to collection set. Min 5 regions, max 8 regions, time remaining 48.53ms, optional threshold 9.71ms
[2024-10-12T11:45:01.299+0800][debug][gc,ergo,cset] GC(639) Old candidate collection set empty.
[2024-10-12T11:45:01.299+0800][debug][gc,ergo,cset] GC(639) Finish choosing collection set old regions. Initial: 7, optional: 0, predicted old time: 0.00ms, predicted optional time: 0.00ms, time remaining: 45.85
[2024-10-12T11:45:01.624+0800][debug][gc,ergo,cset] GC(643) Pruned 0 regions out of 38, leaving 0 bytes waste (allowed 0)
[2024-10-12T11:45:01.872+0800][debug][gc,ergo,cset] Preventive GC, insufficient free regions. Predicted need 6. Curr Eden 2 (Pred 3). Curr Survivor 1 (Pred 1). Curr Old 50 (Pred 2) Free 6 Alloc 1
[2024-10-12T11:45:01.872+0800][debug][gc,ergo,cset] GC(645) Start adding old regions to collection set. Min 5 regions, max 8 regions, time remaining 48.68ms, optional threshold 9.74ms
[2024-10-12T11:45:01.872+0800][debug][gc,ergo,cset] GC(645) Finish adding old regions to collection set (Maximum number of regions). Initial 8 regions, optional 0 regions
[2024-10-12T11:45:01.872+0800][debug][gc,ergo,cset] GC(645) Finish choosing collection set old regions. Initial: 8, optional: 0, predicted old time: 0.00ms, predicted optional time: 0.00ms, time remaining: 47.78
[2024-10-12T11:45:01.977+0800][debug][gc,ergo,cset] GC(646) Start adding old regions to collection set. Min 5 regions, max 8 regions, time remaining 48.62ms, optional threshold 9.72ms
[2024-10-12T11:45:01.977+0800][debug][gc,ergo,cset] GC(646) Finish adding old regions to collection set (Maximum number of regions). Initial 8 regions, optional 0 regions
[2024-10-12T11:45:01.977+0800][debug][gc,ergo,cset] GC(646) Finish choosing collection set old regions. Initial: 8, optional: 0, predicted old time: 0.00ms, predicted optional time: 0.00ms, time remaining: 46.81
[2024-10-12T11:45:02.083+0800][debug][gc,ergo,cset] GC(647) Start adding old regions to collection set. Min 5 regions, max 8 regions, time remaining 48.61ms, optional threshold 9.72ms
[2024-10-12T11:45:02.083+0800][debug][gc,ergo,cset] GC(647) Finish adding old regions to collection set (Maximum number of regions). Initial 8 regions, optional 0 regions
[2024-10-12T11:45:02.083+0800][debug][gc,ergo,cset] GC(647) Finish choosing collection set old regions. Initial: 8, optional: 0, predicted old time: 0.00ms, predicted optional time: 0.00ms, time remaining: 46.68
[2024-10-12T11:45:02.189+0800][debug][gc,ergo,cset] GC(648) Start adding old regions to collection set. Min 5 regions, max 8 regions, time remaining 48.60ms, optional threshold 9.72ms
[2024-10-12T11:45:02.189+0800][debug][gc,ergo,cset] GC(648) Finish adding old regions to collection set (Maximum number of regions). Initial 8 regions, optional 0 regions
[2024-10-12T11:45:02.189+0800][debug][gc,ergo,cset] GC(648) Finish choosing collection set old regions. Initial: 8, optional: 0, predicted old time: 0.00ms, predicted optional time: 0.00ms, time remaining: 46.39
[2024-10-12T11:45:02.295+0800][debug][gc,ergo,cset] GC(649) Start adding old regions to collection set. Min 5 regions, max 8 regions, time remaining 48.52ms, optional threshold 9.70ms
[2024-10-12T11:45:02.295+0800][debug][gc,ergo,cset] GC(649) Old candidate collection set empty.
[2024-10-12T11:45:02.295+0800][debug][gc,ergo,cset] GC(649) Finish choosing collection set old regions. Initial: 6, optional: 0, predicted old time: 0.00ms, predicted optional time: 0.00ms, time remaining: 46.00
[2024-10-12T11:45:02.620+0800][debug][gc,ergo,cset] GC(653) Pruned 0 regions out of 39, leaving 0 bytes waste (allowed 0)
[2024-10-12T11:45:02.827+0800][debug][gc,ergo,cset] Preventive GC, insufficient free regions. Predicted need 5. Curr Eden 1 (Pred 2). Curr Survivor 1 (Pred 1). Curr Old 52 (Pred 2) Free 5 Alloc 1
[2024-10-12T11:45:02.827+0800][debug][gc,ergo,cset] GC(655) Start adding old regions to collection set. Min 5 regions, max 8 regions, time remaining 48.96ms, optional threshold 9.79ms
[2024-10-12T11:45:02.827+0800][debug][gc,ergo,cset] GC(655) Finish adding old regions to collection set (Maximum number of regions). Initial 8 regions, optional 0 regions
[2024-10-12T11:45:02.827+0800][debug][gc,ergo,cset] GC(655) Finish choosing collection set old regions. Initial: 8, optional: 0, predicted old time: 0.00ms, predicted optional time: 0.00ms, time remaining: 47.90
[2024-10-12T11:45:02.932+0800][debug][gc,ergo,cset] GC(656) Start adding old regions to collection set. Min 5 regions, max 8 regions, time remaining 48.60ms, optional threshold 9.72ms
[2024-10-12T11:45:02.932+0800][debug][gc,ergo,cset] GC(656) Finish adding old regions to collection set (Maximum number of regions). Initial 8 regions, optional 0 regions
[2024-10-12T11:45:02.932+0800][debug][gc,ergo,cset] GC(656) Finish choosing collection set old regions. Initial: 8, optional: 0, predicted old time: 0.00ms, predicted optional time: 0.00ms, time remaining: 47.18
[2024-10-12T11:45:03.037+0800][debug][gc,ergo,cset] GC(657) Start adding old regions to collection set. Min 5 regions, max 8 regions, time remaining 48.52ms, optional threshold 9.70ms
[2024-10-12T11:45:03.037+0800][debug][gc,ergo,cset] GC(657) Finish adding old regions to collection set (Maximum number of regions). Initial 8 regions, optional 0 regions
[2024-10-12T11:45:03.037+0800][debug][gc,ergo,cset] GC(657) Finish choosing collection set old regions. Initial: 8, optional: 0, predicted old time: 0.00ms, predicted optional time: 0.00ms, time remaining: 46.74
[2024-10-12T11:45:03.144+0800][debug][gc,ergo,cset] GC(658) Start adding old regions to collection set. Min 5 regions, max 8 regions, time remaining 48.47ms, optional threshold 9.69ms
[2024-10-12T11:45:03.144+0800][debug][gc,ergo,cset] GC(658) Finish adding old regions to collection set (Maximum number of regions). Initial 8 regions, optional 0 regions
[2024-10-12T11:45:03.144+0800][debug][gc,ergo,cset] GC(658) Finish choosing collection set old regions. Initial: 8, optional: 0, predicted old time: 0.00ms, predicted optional time: 0.00ms, time remaining: 46.43
[2024-10-12T11:45:03.250+0800][debug][gc,ergo,cset] GC(659) Start adding old regions to collection set. Min 5 regions, max 8 regions, time remaining 48.51ms, optional threshold 9.70ms
[2024-10-12T11:45:03.250+0800][debug][gc,ergo,cset] GC(659) Old candidate collection set empty.
[2024-10-12T11:45:03.250+0800][debug][gc,ergo,cset] GC(659) Finish choosing collection set old regions. Initial: 7, optional: 0, predicted old time: 0.00ms, predicted optional time: 0.00ms, time remaining: 46.14
[2024-10-12T11:45:03.575+0800][debug][gc,ergo,cset] GC(663) Pruned 0 regions out of 39, leaving 0 bytes waste (allowed 0)
[2024-10-12T11:45:03.823+0800][debug][gc,ergo,cset] Preventive GC, insufficient free regions. Predicted need 6. Curr Eden 2 (Pred 3). Curr Survivor 1 (Pred 1). Curr Old 51 (Pred 2) Free 5 Alloc 1
[2024-10-12T11:45:03.823+0800][debug][gc,ergo,cset] GC(665) Start adding old regions to collection set. Min 5 regions, max 8 regions, time remaining 48.69ms, optional threshold 9.74ms
[2024-10-12T11:45:03.823+0800][debug][gc,ergo,cset] GC(665) Finish adding old regions to collection set (Maximum number of regions). Initial 8 regions, optional 0 regions
[2024-10-12T11:45:03.823+0800][debug][gc,ergo,cset] GC(665) Finish choosing collection set old regions. Initial: 8, optional: 0, predicted old time: 0.00ms, predicted optional time: 0.00ms, time remaining: 47.64
[2024-10-12T11:45:03.928+0800][debug][gc,ergo,cset] GC(666) Start adding old regions to collection set. Min 5 regions, max 8 regions, time remaining 48.65ms, optional threshold 9.73ms
[2024-10-12T11:45:03.928+0800][debug][gc,ergo,cset] GC(666) Finish adding old regions to collection set (Maximum number of regions). Initial 8 regions, optional 0 regions
[2024-10-12T11:45:03.928+0800][debug][gc,ergo,cset] GC(666) Finish choosing collection set old regions. Initial: 8, optional: 0, predicted old time: 0.00ms, predicted optional time: 0.00ms, time remaining: 47.09
[2024-10-12T11:45:04.033+0800][debug][gc,ergo,cset] GC(667) Start adding old regions to collection set. Min 5 regions, max 8 regions, time remaining 48.58ms, optional threshold 9.72ms
[2024-10-12T11:45:04.033+0800][debug][gc,ergo,cset] GC(667) Finish adding old regions to collection set (Maximum number of regions). Initial 8 regions, optional 0 regions
[2024-10-12T11:45:04.033+0800][debug][gc,ergo,cset] GC(667) Finish choosing collection set old regions. Initial: 8, optional: 0, predicted old time: 0.00ms, predicted optional time: 0.00ms, time remaining: 46.73
[2024-10-12T11:45:04.139+0800][debug][gc,ergo,cset] GC(668) Start adding old regions to collection set. Min 5 regions, max 8 regions, time remaining 48.55ms, optional threshold 9.71ms
[2024-10-12T11:45:04.139+0800][debug][gc,ergo,cset] GC(668) Finish adding old regions to collection set (Maximum number of regions). Initial 8 regions, optional 0 regions
[2024-10-12T11:45:04.139+0800][debug][gc,ergo,cset] GC(668) Finish choosing collection set old regions. Initial: 8, optional: 0, predicted old time: 0.00ms, predicted optional time: 0.00ms, time remaining: 46.51
[2024-10-12T11:45:04.245+0800][debug][gc,ergo,cset] GC(669) Start adding old regions to collection set. Min 5 regions, max 8 regions, time remaining 48.54ms, optional threshold 9.71ms
[2024-10-12T11:45:04.245+0800][debug][gc,ergo,cset] GC(669) Old candidate collection set empty.
[2024-10-12T11:45:04.245+0800][debug][gc,ergo,cset] GC(669) Finish choosing collection set old regions. Initial: 7, optional: 0, predicted old time: 0.00ms, predicted optional time: 0.00ms, time remaining: 45.95
[2024-10-12T11:45:04.570+0800][debug][gc,ergo,cset] GC(673) Pruned 0 regions out of 40, leaving 0 bytes waste (allowed 0)
[2024-10-12T11:45:04.818+0800][debug][gc,ergo,cset] Preventive GC, insufficient free regions. Predicted need 6. Curr Eden 2 (Pred 3). Curr Survivor 1 (Pred 1). Curr Old 51 (Pred 2) Free 5 Alloc 1
[2024-10-12T11:45:04.818+0800][debug][gc,ergo,cset] GC(675) Start adding old regions to collection set. Min 5 regions, max 8 regions, time remaining 48.65ms, optional threshold 9.73ms
[2024-10-12T11:45:04.818+0800][debug][gc,ergo,cset] GC(675) Finish adding old regions to collection set (Maximum number of regions). Initial 8 regions, optional 0 regions
[2024-10-12T11:45:04.818+0800][debug][gc,ergo,cset] GC(675) Finish choosing collection set old regions. Initial: 8, optional: 0, predicted old time: 0.00ms, predicted optional time: 0.00ms, time remaining: 47.53
[2024-10-12T11:45:04.923+0800][debug][gc,ergo,cset] GC(676) Start adding old regions to collection set. Min 5 regions, max 8 regions, time remaining 48.63ms, optional threshold 9.73ms
[2024-10-12T11:45:04.924+0800][debug][gc,ergo,cset] GC(676) Finish adding old regions to collection set (Maximum number of regions). Initial 8 regions, optional 0 regions
[2024-10-12T11:45:04.924+0800][debug][gc,ergo,cset] GC(676) Finish choosing collection set old regions. Initial: 8, optional: 0, predicted old time: 0.00ms, predicted optional time: 0.00ms, time remaining: 47.00
[2024-10-12T11:45:05.029+0800][debug][gc,ergo,cset] GC(677) Start adding old regions to collection set. Min 5 regions, max 8 regions, time remaining 48.62ms, optional threshold 9.72ms
[2024-10-12T11:45:05.029+0800][debug][gc,ergo,cset] GC(677) Finish adding old regions to collection set (Maximum number of regions). Initial 8 regions, optional 0 regions
[2024-10-12T11:45:05.029+0800][debug][gc,ergo,cset] GC(677) Finish choosing collection set old regions. Initial: 8, optional: 0, predicted old time: 0.00ms, predicted optional time: 0.00ms, time remaining: 46.78
[2024-10-12T11:45:05.135+0800][debug][gc,ergo,cset] GC(678) Start adding old regions to collection set. Min 5 regions, max 8 regions, time remaining 48.58ms, optional threshold 9.72ms
[2024-10-12T11:45:05.135+0800][debug][gc,ergo,cset] GC(678) Finish adding old regions to collection set (Maximum number of regions). Initial 8 regions, optional 0 regions
[2024-10-12T11:45:05.135+0800][debug][gc,ergo,cset] GC(678) Finish choosing collection set old regions. Initial: 8, optional: 0, predicted old time: 0.00ms, predicted optional time: 0.00ms, time remaining: 46.59
[2024-10-12T11:45:05.240+0800][debug][gc,ergo,cset] GC(679) Start adding old regions to collection set. Min 5 regions, max 8 regions, time remaining 48.49ms, optional threshold 9.70ms
[2024-10-12T11:45:05.240+0800][debug][gc,ergo,cset] GC(679) Old candidate collection set empty.
[2024-10-12T11:45:05.240+0800][debug][gc,ergo,cset] GC(679) Finish choosing collection set old regions. Initial: 8, optional: 0, predicted old time: 0.00ms, predicted optional time: 0.00ms, time remaining: 45.59
