[2024-10-12T11:43:58.287+0800][info] Using G1
[2024-10-12T11:43:58.290+0800][info] Version: 17.0.11-internal+0-adhoc.cxl.TencentKona-17-TencentKona-17.0.11 (release)
[2024-10-12T11:43:58.290+0800][info] CPUs: 72 total, 72 available
[2024-10-12T11:43:58.290+0800][info] Memory: 125G
[2024-10-12T11:43:58.290+0800][info] Large Page Support: Disabled
[2024-10-12T11:43:58.290+0800][info] NUMA Support: Disabled
[2024-10-12T11:43:58.290+0800][info] Compressed Oops: Enabled (32-bit)
[2024-10-12T11:43:58.290+0800][info] Heap Region Size: 2M
[2024-10-12T11:43:58.290+0800][info] Heap Min Capacity: 128M
[2024-10-12T11:43:58.290+0800][info] Heap Initial Capacity: 128M
[2024-10-12T11:43:58.290+0800][info] Heap Max Capacity: 128M
[2024-10-12T11:43:58.290+0800][info] Pre-touch: Disabled
[2024-10-12T11:43:58.290+0800][info] Parallel Workers: 48
[2024-10-12T11:43:58.290+0800][info] Concurrent Workers: 12
[2024-10-12T11:43:58.290+0800][info] Concurrent Refinement Workers: 48
[2024-10-12T11:43:58.290+0800][info] Periodic GC: Disabled
[2024-10-12T11:43:58.302+0800][info] CDS archive(s) mapped at: [0x000076e5ab000000-0x000076e5abbc7000-0x000076e5abbc7000), size 12349440, SharedBaseAddress: 0x000076e5ab000000, ArchiveRelocationMode: 1.
[2024-10-12T11:43:58.302+0800][info] Compressed class space mapped at: 0x000076e5ac000000-0x000076e5ec000000, reserved size: 1073741824
[2024-10-12T11:43:58.302+0800][info] Narrow klass base: 0x000076e5ab000000, Narrow klass shift: 0, Narrow klass range: 0x100000000
[2024-10-12T11:43:58.499+0800][info] GC(0) Pause Young (Normal) (G1 Evacuation Pause)
[2024-10-12T11:43:58.500+0800][info] GC(0) Using 3 workers of 48 for evacuation
[2024-10-12T11:43:58.505+0800][info] GC(0)   Pre Evacuate Collection Set: 0.1ms
[2024-10-12T11:43:58.505+0800][info] GC(0)   Merge Heap Roots: 0.0ms
[2024-10-12T11:43:58.505+0800][info] GC(0)   Evacuate Collection Set: 4.0ms
[2024-10-12T11:43:58.505+0800][info] GC(0)   Post Evacuate Collection Set: 0.7ms
[2024-10-12T11:43:58.505+0800][info] GC(0)   Other: 0.9ms
[2024-10-12T11:43:58.505+0800][info] GC(0) Eden regions: 3->0(2)
[2024-10-12T11:43:58.505+0800][info] GC(0) Survivor regions: 0->1(1)
[2024-10-12T11:43:58.505+0800][info] GC(0) Old regions: 0->2
[2024-10-12T11:43:58.505+0800][info] GC(0) Archive regions: 2->2
[2024-10-12T11:43:58.505+0800][info] GC(0) Humongous regions: 1->1
[2024-10-12T11:43:58.505+0800][info] GC(0) Metaspace: 1152K(1280K)->1152K(1280K) NonClass: 1034K(1088K)->1034K(1088K) Class: 118K(192K)->118K(192K)
[2024-10-12T11:43:58.505+0800][info] GC(0) Pause Young (Normal) (G1 Evacuation Pause) 9M->9M(128M) 5.741ms
[2024-10-12T11:43:58.505+0800][info] GC(0) User=0.01s Sys=0.01s Real=0.01s
[2024-10-12T11:43:58.613+0800][info] GC(1) Pause Young (Normal) (G1 Evacuation Pause)
[2024-10-12T11:43:58.613+0800][info] GC(1) Using 3 workers of 48 for evacuation
[2024-10-12T11:43:58.617+0800][info] GC(1)   Pre Evacuate Collection Set: 0.1ms
[2024-10-12T11:43:58.617+0800][info] GC(1)   Merge Heap Roots: 0.0ms
[2024-10-12T11:43:58.617+0800][info] GC(1)   Evacuate Collection Set: 3.7ms
[2024-10-12T11:43:58.617+0800][info] GC(1)   Post Evacuate Collection Set: 0.3ms
[2024-10-12T11:43:58.617+0800][info] GC(1)   Other: 0.2ms
[2024-10-12T11:43:58.617+0800][info] GC(1) Eden regions: 2->0(2)
[2024-10-12T11:43:58.617+0800][info] GC(1) Survivor regions: 1->1(1)
[2024-10-12T11:43:58.617+0800][info] GC(1) Old regions: 2->4
[2024-10-12T11:43:58.617+0800][info] GC(1) Archive regions: 2->2
[2024-10-12T11:43:58.617+0800][info] GC(1) Humongous regions: 1->1
[2024-10-12T11:43:58.617+0800][info] GC(1) Metaspace: 1240K(1344K)->1240K(1344K) NonClass: 1112K(1152K)->1112K(1152K) Class: 127K(192K)->127K(192K)
[2024-10-12T11:43:58.617+0800][info] GC(1) Pause Young (Normal) (G1 Evacuation Pause) 13M->12M(128M) 4.414ms
[2024-10-12T11:43:58.617+0800][info] GC(1) User=0.01s Sys=0.00s Real=0.01s
[2024-10-12T11:43:58.745+0800][info] GC(2) Pause Young (Normal) (G1 Evacuation Pause)
[2024-10-12T11:43:58.745+0800][info] GC(2) Using 3 workers of 48 for evacuation
[2024-10-12T11:43:58.749+0800][info] GC(2)   Pre Evacuate Collection Set: 0.1ms
[2024-10-12T11:43:58.749+0800][info] GC(2)   Merge Heap Roots: 0.0ms
[2024-10-12T11:43:58.749+0800][info] GC(2)   Evacuate Collection Set: 3.5ms
[2024-10-12T11:43:58.749+0800][info] GC(2)   Post Evacuate Collection Set: 0.8ms
[2024-10-12T11:43:58.749+0800][info] GC(2)   Other: 0.2ms
[2024-10-12T11:43:58.749+0800][info] GC(2) Eden regions: 2->0(2)
[2024-10-12T11:43:58.749+0800][info] GC(2) Survivor regions: 1->1(1)
[2024-10-12T11:43:58.749+0800][info] GC(2) Old regions: 4->6
[2024-10-12T11:43:58.749+0800][info] GC(2) Archive regions: 2->2
[2024-10-12T11:43:58.749+0800][info] GC(2) Humongous regions: 1->1
[2024-10-12T11:43:58.750+0800][info] GC(2) Metaspace: 1363K(1472K)->1363K(1472K) NonClass: 1228K(1280K)->1228K(1280K) Class: 135K(192K)->135K(192K)
[2024-10-12T11:43:58.750+0800][info] GC(2) Pause Young (Normal) (G1 Evacuation Pause) 16M->16M(128M) 4.835ms
[2024-10-12T11:43:58.750+0800][info] GC(2) User=0.01s Sys=0.00s Real=0.01s
[2024-10-12T11:43:58.853+0800][info] GC(3) Pause Young (Normal) (G1 Evacuation Pause)
[2024-10-12T11:43:58.853+0800][info] GC(3) Using 3 workers of 48 for evacuation
[2024-10-12T11:43:58.857+0800][info] GC(3)   Pre Evacuate Collection Set: 0.1ms
[2024-10-12T11:43:58.857+0800][info] GC(3)   Merge Heap Roots: 0.1ms
[2024-10-12T11:43:58.857+0800][info] GC(3)   Evacuate Collection Set: 3.4ms
[2024-10-12T11:43:58.857+0800][info] GC(3)   Post Evacuate Collection Set: 0.2ms
[2024-10-12T11:43:58.857+0800][info] GC(3)   Other: 0.2ms
[2024-10-12T11:43:58.857+0800][info] GC(3) Eden regions: 2->0(3)
[2024-10-12T11:43:58.857+0800][info] GC(3) Survivor regions: 1->1(1)
[2024-10-12T11:43:58.857+0800][info] GC(3) Old regions: 6->7
[2024-10-12T11:43:58.857+0800][info] GC(3) Archive regions: 2->2
[2024-10-12T11:43:58.857+0800][info] GC(3) Humongous regions: 1->1
[2024-10-12T11:43:58.857+0800][info] GC(3) Metaspace: 1364K(1472K)->1364K(1472K) NonClass: 1228K(1280K)->1228K(1280K) Class: 135K(192K)->135K(192K)
[2024-10-12T11:43:58.857+0800][info] GC(3) Pause Young (Normal) (G1 Evacuation Pause) 20M->19M(128M) 4.083ms
[2024-10-12T11:43:58.857+0800][info] GC(3) User=0.01s Sys=0.00s Real=0.01s
[2024-10-12T11:43:59.024+0800][info] GC(4) Pause Young (Normal) (G1 Evacuation Pause)
[2024-10-12T11:43:59.024+0800][info] GC(4) Using 3 workers of 48 for evacuation
[2024-10-12T11:43:59.029+0800][info] GC(4)   Pre Evacuate Collection Set: 0.1ms
[2024-10-12T11:43:59.029+0800][info] GC(4)   Merge Heap Roots: 0.0ms
[2024-10-12T11:43:59.029+0800][info] GC(4)   Evacuate Collection Set: 4.5ms
[2024-10-12T11:43:59.029+0800][info] GC(4)   Post Evacuate Collection Set: 0.2ms
[2024-10-12T11:43:59.029+0800][info] GC(4)   Other: 0.2ms
[2024-10-12T11:43:59.029+0800][info] GC(4) Eden regions: 3->0(5)
[2024-10-12T11:43:59.029+0800][info] GC(4) Survivor regions: 1->1(1)
[2024-10-12T11:43:59.029+0800][info] GC(4) Old regions: 7->10
[2024-10-12T11:43:59.029+0800][info] GC(4) Archive regions: 2->2
[2024-10-12T11:43:59.029+0800][info] GC(4) Humongous regions: 1->1
[2024-10-12T11:43:59.029+0800][info] GC(4) Metaspace: 1369K(1536K)->1369K(1536K) NonClass: 1233K(1344K)->1233K(1344K) Class: 135K(192K)->135K(192K)
[2024-10-12T11:43:59.029+0800][info] GC(4) Pause Young (Normal) (G1 Evacuation Pause) 25M->24M(128M) 5.116ms
[2024-10-12T11:43:59.029+0800][info] GC(4) User=0.00s Sys=0.01s Real=0.01s
[2024-10-12T11:43:59.302+0800][info] GC(5) Pause Young (Normal) (G1 Evacuation Pause)
[2024-10-12T11:43:59.302+0800][info] GC(5) Using 3 workers of 48 for evacuation
[2024-10-12T11:43:59.310+0800][info] GC(5)   Pre Evacuate Collection Set: 0.1ms
[2024-10-12T11:43:59.310+0800][info] GC(5)   Merge Heap Roots: 0.1ms
[2024-10-12T11:43:59.310+0800][info] GC(5)   Evacuate Collection Set: 7.5ms
[2024-10-12T11:43:59.310+0800][info] GC(5)   Post Evacuate Collection Set: 0.2ms
[2024-10-12T11:43:59.310+0800][info] GC(5)   Other: 0.2ms
[2024-10-12T11:43:59.310+0800][info] GC(5) Eden regions: 5->0(6)
[2024-10-12T11:43:59.310+0800][info] GC(5) Survivor regions: 1->1(1)
[2024-10-12T11:43:59.310+0800][info] GC(5) Old regions: 10->15
[2024-10-12T11:43:59.310+0800][info] GC(5) Archive regions: 2->2
[2024-10-12T11:43:59.310+0800][info] GC(5) Humongous regions: 1->1
[2024-10-12T11:43:59.310+0800][info] GC(5) Metaspace: 1380K(1536K)->1380K(1536K) NonClass: 1244K(1344K)->1244K(1344K) Class: 135K(192K)->135K(192K)
[2024-10-12T11:43:59.311+0800][info] GC(5) Pause Young (Normal) (G1 Evacuation Pause) 34M->34M(128M) 8.263ms
[2024-10-12T11:43:59.311+0800][info] GC(5) User=0.00s Sys=0.02s Real=0.01s
[2024-10-12T11:43:59.643+0800][info] GC(6) Pause Young (Normal) (G1 Evacuation Pause)
[2024-10-12T11:43:59.643+0800][info] GC(6) Using 3 workers of 48 for evacuation
[2024-10-12T11:43:59.652+0800][info] GC(6)   Pre Evacuate Collection Set: 0.1ms
[2024-10-12T11:43:59.652+0800][info] GC(6)   Merge Heap Roots: 0.1ms
[2024-10-12T11:43:59.652+0800][info] GC(6)   Evacuate Collection Set: 8.6ms
[2024-10-12T11:43:59.652+0800][info] GC(6)   Post Evacuate Collection Set: 0.2ms
[2024-10-12T11:43:59.652+0800][info] GC(6)   Other: 0.3ms
[2024-10-12T11:43:59.652+0800][info] GC(6) Eden regions: 6->0(8)
[2024-10-12T11:43:59.652+0800][info] GC(6) Survivor regions: 1->1(1)
[2024-10-12T11:43:59.652+0800][info] GC(6) Old regions: 15->21
[2024-10-12T11:43:59.652+0800][info] GC(6) Archive regions: 2->2
[2024-10-12T11:43:59.652+0800][info] GC(6) Humongous regions: 1->1
[2024-10-12T11:43:59.652+0800][info] GC(6) Metaspace: 1386K(1536K)->1386K(1536K) NonClass: 1250K(1344K)->1250K(1344K) Class: 135K(192K)->135K(192K)
[2024-10-12T11:43:59.652+0800][info] GC(6) Pause Young (Normal) (G1 Evacuation Pause) 46M->46M(128M) 9.339ms
[2024-10-12T11:43:59.652+0800][info] GC(6) User=0.02s Sys=0.00s Real=0.01s
[2024-10-12T11:44:00.092+0800][info] GC(7) Pause Young (Normal) (G1 Evacuation Pause)
[2024-10-12T11:44:00.092+0800][info] GC(7) Using 3 workers of 48 for evacuation
[2024-10-12T11:44:00.104+0800][info] GC(7)   Pre Evacuate Collection Set: 0.1ms
[2024-10-12T11:44:00.104+0800][info] GC(7)   Merge Heap Roots: 0.1ms
[2024-10-12T11:44:00.104+0800][info] GC(7)   Evacuate Collection Set: 10.4ms
[2024-10-12T11:44:00.104+0800][info] GC(7)   Post Evacuate Collection Set: 0.2ms
[2024-10-12T11:44:00.104+0800][info] GC(7)   Other: 0.3ms
[2024-10-12T11:44:00.104+0800][info] GC(7) Eden regions: 8->0(7)
[2024-10-12T11:44:00.104+0800][info] GC(7) Survivor regions: 1->2(2)
[2024-10-12T11:44:00.104+0800][info] GC(7) Old regions: 21->27
[2024-10-12T11:44:00.104+0800][info] GC(7) Archive regions: 2->2
[2024-10-12T11:44:00.104+0800][info] GC(7) Humongous regions: 1->1
[2024-10-12T11:44:00.104+0800][info] GC(7) Metaspace: 1398K(1536K)->1398K(1536K) NonClass: 1262K(1344K)->1262K(1344K) Class: 135K(192K)->135K(192K)
[2024-10-12T11:44:00.104+0800][info] GC(7) Pause Young (Normal) (G1 Evacuation Pause) 61M->61M(128M) 11.231ms
[2024-10-12T11:44:00.104+0800][info] GC(7) User=0.01s Sys=0.02s Real=0.01s
[2024-10-12T11:44:00.500+0800][info] GC(8) Pause Young (Concurrent Start) (G1 Evacuation Pause)
[2024-10-12T11:44:00.500+0800][info] GC(8) Using 3 workers of 48 for evacuation
[2024-10-12T11:44:00.509+0800][info] GC(8)   Pre Evacuate Collection Set: 0.1ms
[2024-10-12T11:44:00.509+0800][info] GC(8)   Merge Heap Roots: 0.1ms
[2024-10-12T11:44:00.509+0800][info] GC(8)   Evacuate Collection Set: 7.8ms
[2024-10-12T11:44:00.509+0800][info] GC(8)   Post Evacuate Collection Set: 0.2ms
[2024-10-12T11:44:00.509+0800][info] GC(8)   Other: 1.2ms
[2024-10-12T11:44:00.509+0800][info] GC(8) Eden regions: 7->0(5)
[2024-10-12T11:44:00.509+0800][info] GC(8) Survivor regions: 2->2(2)
[2024-10-12T11:44:00.509+0800][info] GC(8) Old regions: 27->32
[2024-10-12T11:44:00.509+0800][info] GC(8) Archive regions: 2->2
[2024-10-12T11:44:00.509+0800][info] GC(8) Humongous regions: 1->1
[2024-10-12T11:44:00.509+0800][info] GC(8) Metaspace: 1410K(1536K)->1410K(1536K) NonClass: 1274K(1344K)->1274K(1344K) Class: 135K(192K)->135K(192K)
[2024-10-12T11:44:00.509+0800][info] GC(8) Pause Young (Concurrent Start) (G1 Evacuation Pause) 74M->71M(128M) 9.647ms
[2024-10-12T11:44:00.509+0800][info] GC(8) User=0.00s Sys=0.02s Real=0.01s
[2024-10-12T11:44:00.509+0800][info] GC(9) Concurrent Mark Cycle
[2024-10-12T11:44:00.510+0800][info] GC(9) Concurrent Clear Claimed Marks
[2024-10-12T11:44:00.510+0800][info] GC(9) Concurrent Clear Claimed Marks 0.021ms
[2024-10-12T11:44:00.510+0800][info] GC(9) Concurrent Scan Root Regions
[2024-10-12T11:44:00.512+0800][info] GC(9) Concurrent Scan Root Regions 2.232ms
[2024-10-12T11:44:00.512+0800][info] GC(9) Concurrent Mark
[2024-10-12T11:44:00.512+0800][info] GC(9) Concurrent Mark From Roots
[2024-10-12T11:44:00.513+0800][info] GC(9) Using 12 workers of 12 for marking
[2024-10-12T11:44:00.516+0800][info] GC(9) Concurrent Mark From Roots 3.856ms
[2024-10-12T11:44:00.516+0800][info] GC(9) Concurrent Preclean
[2024-10-12T11:44:00.517+0800][info] GC(9) Concurrent Preclean 1.439ms
[2024-10-12T11:44:00.517+0800][info] GC(9) Pause Remark
[2024-10-12T11:44:00.518+0800][info] GC(9) Pause Remark 72M->70M(128M) 1.245ms
[2024-10-12T11:44:00.519+0800][info] GC(9) User=0.00s Sys=0.00s Real=0.00s
[2024-10-12T11:44:00.519+0800][info] GC(9) Concurrent Mark 6.753ms
[2024-10-12T11:44:00.519+0800][info] GC(9) Concurrent Rebuild Remembered Sets
[2024-10-12T11:44:00.519+0800][info] GC(9) Concurrent Rebuild Remembered Sets 0.875ms
[2024-10-12T11:44:00.520+0800][info] GC(9) Pause Cleanup
[2024-10-12T11:44:00.520+0800][info] GC(9) Pause Cleanup 70M->70M(128M) 0.238ms
[2024-10-12T11:44:00.520+0800][info] GC(9) User=0.00s Sys=0.00s Real=0.00s
[2024-10-12T11:44:00.520+0800][info] GC(9) Concurrent Cleanup for Next Mark
[2024-10-12T11:44:00.521+0800][info] GC(9) Concurrent Cleanup for Next Mark 1.339ms
[2024-10-12T11:44:00.521+0800][info] GC(9) Concurrent Mark Cycle 11.825ms
[2024-10-12T11:44:00.834+0800][info] GC(10) Pause Young (Prepare Mixed) (G1 Evacuation Pause)
[2024-10-12T11:44:00.835+0800][info] GC(10) Using 3 workers of 48 for evacuation
[2024-10-12T11:44:00.843+0800][info] GC(10)   Pre Evacuate Collection Set: 0.1ms
[2024-10-12T11:44:00.843+0800][info] GC(10)   Merge Heap Roots: 0.1ms
[2024-10-12T11:44:00.843+0800][info] GC(10)   Evacuate Collection Set: 7.5ms
[2024-10-12T11:44:00.843+0800][info] GC(10)   Post Evacuate Collection Set: 0.2ms
[2024-10-12T11:44:00.843+0800][info] GC(10)   Other: 0.2ms
[2024-10-12T11:44:00.843+0800][info] GC(10) Eden regions: 5->0(2)
[2024-10-12T11:44:00.843+0800][info] GC(10) Survivor regions: 2->1(1)
[2024-10-12T11:44:00.843+0800][info] GC(10) Old regions: 31->37
[2024-10-12T11:44:00.843+0800][info] GC(10) Archive regions: 2->2
[2024-10-12T11:44:00.843+0800][info] GC(10) Humongous regions: 2->2
[2024-10-12T11:44:00.843+0800][info] GC(10) Metaspace: 1427K(1536K)->1427K(1536K) NonClass: 1291K(1344K)->1291K(1344K) Class: 135K(192K)->135K(192K)
[2024-10-12T11:44:00.843+0800][info] GC(10) Pause Young (Prepare Mixed) (G1 Evacuation Pause) 81M->80M(128M) 8.239ms
[2024-10-12T11:44:00.843+0800][info] GC(10) User=0.01s Sys=0.01s Real=0.00s
[2024-10-12T11:44:00.948+0800][info] GC(11) Pause Young (Mixed) (G1 Evacuation Pause)
[2024-10-12T11:44:00.948+0800][info] GC(11) Using 3 workers of 48 for evacuation
[2024-10-12T11:44:00.953+0800][info] GC(11)   Pre Evacuate Collection Set: 0.2ms
[2024-10-12T11:44:00.953+0800][info] GC(11)   Merge Heap Roots: 0.1ms
[2024-10-12T11:44:00.953+0800][info] GC(11)   Evacuate Collection Set: 4.6ms
[2024-10-12T11:44:00.953+0800][info] GC(11)   Post Evacuate Collection Set: 0.3ms
[2024-10-12T11:44:00.953+0800][info] GC(11)   Other: 0.2ms
[2024-10-12T11:44:00.953+0800][info] GC(11) Eden regions: 2->0(2)
[2024-10-12T11:44:00.953+0800][info] GC(11) Survivor regions: 1->1(1)
[2024-10-12T11:44:00.953+0800][info] GC(11) Old regions: 37->33
[2024-10-12T11:44:00.953+0800][info] GC(11) Archive regions: 2->2
[2024-10-12T11:44:00.953+0800][info] GC(11) Humongous regions: 2->2
[2024-10-12T11:44:00.953+0800][info] GC(11) Metaspace: 1438K(1600K)->1438K(1600K) NonClass: 1302K(1408K)->1302K(1408K) Class: 135K(192K)->135K(192K)
[2024-10-12T11:44:00.953+0800][info] GC(11) Pause Young (Mixed) (G1 Evacuation Pause) 84M->72M(128M) 5.387ms
[2024-10-12T11:44:00.953+0800][info] GC(11) User=0.01s Sys=0.02s Real=0.01s
[2024-10-12T11:44:01.057+0800][info] GC(12) Pause Young (Mixed) (G1 Evacuation Pause)
[2024-10-12T11:44:01.057+0800][info] GC(12) Using 3 workers of 48 for evacuation
[2024-10-12T11:44:01.060+0800][info] GC(12)   Pre Evacuate Collection Set: 0.2ms
[2024-10-12T11:44:01.060+0800][info] GC(12)   Merge Heap Roots: 0.1ms
[2024-10-12T11:44:01.060+0800][info] GC(12)   Evacuate Collection Set: 2.1ms
[2024-10-12T11:44:01.060+0800][info] GC(12)   Post Evacuate Collection Set: 0.3ms
[2024-10-12T11:44:01.060+0800][info] GC(12)   Other: 0.2ms
[2024-10-12T11:44:01.060+0800][info] GC(12) Eden regions: 2->0(2)
[2024-10-12T11:44:01.060+0800][info] GC(12) Survivor regions: 1->1(1)
[2024-10-12T11:44:01.060+0800][info] GC(12) Old regions: 33->29
[2024-10-12T11:44:01.060+0800][info] GC(12) Archive regions: 2->2
[2024-10-12T11:44:01.060+0800][info] GC(12) Humongous regions: 2->2
[2024-10-12T11:44:01.060+0800][info] GC(12) Metaspace: 1441K(1600K)->1441K(1600K) NonClass: 1305K(1408K)->1305K(1408K) Class: 135K(192K)->135K(192K)
[2024-10-12T11:44:01.060+0800][info] GC(12) Pause Young (Mixed) (G1 Evacuation Pause) 76M->65M(128M) 2.966ms
[2024-10-12T11:44:01.060+0800][info] GC(12) User=0.00s Sys=0.00s Real=0.00s
[2024-10-12T11:44:01.165+0800][info] GC(13) Pause Young (Mixed) (G1 Evacuation Pause)
[2024-10-12T11:44:01.165+0800][info] GC(13) Using 3 workers of 48 for evacuation
[2024-10-12T11:44:01.168+0800][info] GC(13)   Pre Evacuate Collection Set: 0.2ms
[2024-10-12T11:44:01.168+0800][info] GC(13)   Merge Heap Roots: 0.1ms
[2024-10-12T11:44:01.168+0800][info] GC(13)   Evacuate Collection Set: 2.1ms
[2024-10-12T11:44:01.168+0800][info] GC(13)   Post Evacuate Collection Set: 0.2ms
[2024-10-12T11:44:01.168+0800][info] GC(13)   Other: 0.2ms
[2024-10-12T11:44:01.168+0800][info] GC(13) Eden regions: 2->0(7)
[2024-10-12T11:44:01.168+0800][info] GC(13) Survivor regions: 1->1(1)
[2024-10-12T11:44:01.168+0800][info] GC(13) Old regions: 29->29
[2024-10-12T11:44:01.168+0800][info] GC(13) Archive regions: 2->2
[2024-10-12T11:44:01.168+0800][info] GC(13) Humongous regions: 2->2
[2024-10-12T11:44:01.168+0800][info] GC(13) Metaspace: 1467K(1600K)->1467K(1600K) NonClass: 1331K(1408K)->1331K(1408K) Class: 135K(192K)->135K(192K)
[2024-10-12T11:44:01.168+0800][info] GC(13) Pause Young (Mixed) (G1 Evacuation Pause) 68M->64M(128M) 2.881ms
[2024-10-12T11:44:01.168+0800][info] GC(13) User=0.01s Sys=0.00s Real=0.01s
[2024-10-12T11:44:01.542+0800][info] GC(14) Pause Young (Concurrent Start) (G1 Evacuation Pause)
[2024-10-12T11:44:01.542+0800][info] GC(14) Using 3 workers of 48 for evacuation
[2024-10-12T11:44:01.545+0800][info] GC(14)   Pre Evacuate Collection Set: 0.1ms
[2024-10-12T11:44:01.545+0800][info] GC(14)   Merge Heap Roots: 0.1ms
[2024-10-12T11:44:01.545+0800][info] GC(14)   Evacuate Collection Set: 2.7ms
[2024-10-12T11:44:01.545+0800][info] GC(14)   Post Evacuate Collection Set: 0.2ms
[2024-10-12T11:44:01.545+0800][info] GC(14)   Other: 0.4ms
[2024-10-12T11:44:01.545+0800][info] GC(14) Eden regions: 7->0(4)
[2024-10-12T11:44:01.545+0800][info] GC(14) Survivor regions: 1->1(1)
[2024-10-12T11:44:01.545+0800][info] GC(14) Old regions: 29->36
[2024-10-12T11:44:01.545+0800][info] GC(14) Archive regions: 2->2
[2024-10-12T11:44:01.545+0800][info] GC(14) Humongous regions: 2->2
[2024-10-12T11:44:01.545+0800][info] GC(14) Metaspace: 1512K(1664K)->1512K(1664K) NonClass: 1376K(1472K)->1376K(1472K) Class: 135K(192K)->135K(192K)
[2024-10-12T11:44:01.545+0800][info] GC(14) Pause Young (Concurrent Start) (G1 Evacuation Pause) 78M->78M(128M) 3.687ms
[2024-10-12T11:44:01.545+0800][info] GC(14) User=0.01s Sys=0.01s Real=0.01s
[2024-10-12T11:44:01.545+0800][info] GC(15) Concurrent Mark Cycle
[2024-10-12T11:44:01.545+0800][info] GC(15) Concurrent Clear Claimed Marks
[2024-10-12T11:44:01.545+0800][info] GC(15) Concurrent Clear Claimed Marks 0.018ms
[2024-10-12T11:44:01.545+0800][info] GC(15) Concurrent Scan Root Regions
[2024-10-12T11:44:01.546+0800][info] GC(15) Concurrent Scan Root Regions 0.160ms
[2024-10-12T11:44:01.546+0800][info] GC(15) Concurrent Mark
[2024-10-12T11:44:01.546+0800][info] GC(15) Concurrent Mark From Roots
[2024-10-12T11:44:01.546+0800][info] GC(15) Using 12 workers of 12 for marking
[2024-10-12T11:44:01.549+0800][info] GC(15) Concurrent Mark From Roots 2.882ms
[2024-10-12T11:44:01.549+0800][info] GC(15) Concurrent Preclean
[2024-10-12T11:44:01.550+0800][info] GC(15) Concurrent Preclean 1.686ms
[2024-10-12T11:44:01.550+0800][info] GC(15) Pause Remark
[2024-10-12T11:44:01.552+0800][info] GC(15) Pause Remark 78M->76M(128M) 1.313ms
[2024-10-12T11:44:01.552+0800][info] GC(15) User=0.00s Sys=0.00s Real=0.00s
[2024-10-12T11:44:01.552+0800][info] GC(15) Concurrent Mark 6.139ms
[2024-10-12T11:44:01.552+0800][info] GC(15) Concurrent Rebuild Remembered Sets
[2024-10-12T11:44:01.553+0800][info] GC(15) Concurrent Rebuild Remembered Sets 1.108ms
[2024-10-12T11:44:01.553+0800][info] GC(15) Pause Cleanup
[2024-10-12T11:44:01.553+0800][info] GC(15) Pause Cleanup 76M->76M(128M) 0.184ms
[2024-10-12T11:44:01.553+0800][info] GC(15) User=0.00s Sys=0.00s Real=0.01s
[2024-10-12T11:44:01.553+0800][info] GC(15) Concurrent Cleanup for Next Mark
[2024-10-12T11:44:01.556+0800][info] GC(15) Concurrent Cleanup for Next Mark 2.761ms
[2024-10-12T11:44:01.556+0800][info] GC(15) Concurrent Mark Cycle 10.646ms
[2024-10-12T11:44:01.825+0800][info] GC(16) Pause Young (Prepare Mixed) (G1 Evacuation Pause)
[2024-10-12T11:44:01.825+0800][info] GC(16) Using 3 workers of 48 for evacuation
[2024-10-12T11:44:01.827+0800][info] GC(16)   Pre Evacuate Collection Set: 0.1ms
[2024-10-12T11:44:01.827+0800][info] GC(16)   Merge Heap Roots: 0.1ms
[2024-10-12T11:44:01.827+0800][info] GC(16)   Evacuate Collection Set: 2.1ms
[2024-10-12T11:44:01.827+0800][info] GC(16)   Post Evacuate Collection Set: 0.2ms
[2024-10-12T11:44:01.827+0800][info] GC(16)   Other: 0.3ms
[2024-10-12T11:44:01.827+0800][info] GC(16) Eden regions: 4->0(2)
[2024-10-12T11:44:01.828+0800][info] GC(16) Survivor regions: 1->1(1)
[2024-10-12T11:44:01.828+0800][info] GC(16) Old regions: 35->39
[2024-10-12T11:44:01.828+0800][info] GC(16) Archive regions: 2->2
[2024-10-12T11:44:01.828+0800][info] GC(16) Humongous regions: 2->2
[2024-10-12T11:44:01.828+0800][info] GC(16) Metaspace: 1518K(1664K)->1518K(1664K) NonClass: 1382K(1472K)->1382K(1472K) Class: 135K(192K)->135K(192K)
[2024-10-12T11:44:01.828+0800][info] GC(16) Pause Young (Prepare Mixed) (G1 Evacuation Pause) 84M->84M(128M) 2.872ms
[2024-10-12T11:44:01.828+0800][info] GC(16) User=0.01s Sys=0.00s Real=0.01s
[2024-10-12T11:44:01.931+0800][info] GC(17) Pause Young (Mixed) (G1 Evacuation Pause)
[2024-10-12T11:44:01.931+0800][info] GC(17) Using 3 workers of 48 for evacuation
[2024-10-12T11:44:01.936+0800][info] GC(17)   Pre Evacuate Collection Set: 0.2ms
[2024-10-12T11:44:01.936+0800][info] GC(17)   Merge Heap Roots: 0.1ms
[2024-10-12T11:44:01.936+0800][info] GC(17)   Evacuate Collection Set: 4.4ms
[2024-10-12T11:44:01.936+0800][info] GC(17)   Post Evacuate Collection Set: 0.3ms
[2024-10-12T11:44:01.936+0800][info] GC(17)   Other: 0.2ms
[2024-10-12T11:44:01.936+0800][info] GC(17) Eden regions: 2->0(2)
[2024-10-12T11:44:01.936+0800][info] GC(17) Survivor regions: 1->1(1)
[2024-10-12T11:44:01.936+0800][info] GC(17) Old regions: 39->36
[2024-10-12T11:44:01.936+0800][info] GC(17) Archive regions: 2->2
[2024-10-12T11:44:01.936+0800][info] GC(17) Humongous regions: 2->2
[2024-10-12T11:44:01.936+0800][info] GC(17) Metaspace: 1518K(1664K)->1518K(1664K) NonClass: 1382K(1472K)->1382K(1472K) Class: 135K(192K)->135K(192K)
[2024-10-12T11:44:01.936+0800][info] GC(17) Pause Young (Mixed) (G1 Evacuation Pause) 88M->78M(128M) 5.254ms
[2024-10-12T11:44:01.936+0800][info] GC(17) User=0.01s Sys=0.00s Real=0.01s
[2024-10-12T11:44:02.040+0800][info] GC(18) Pause Young (Mixed) (G1 Evacuation Pause)
[2024-10-12T11:44:02.040+0800][info] GC(18) Using 3 workers of 48 for evacuation
[2024-10-12T11:44:02.045+0800][info] GC(18)   Pre Evacuate Collection Set: 0.2ms
[2024-10-12T11:44:02.045+0800][info] GC(18)   Merge Heap Roots: 0.1ms
[2024-10-12T11:44:02.045+0800][info] GC(18)   Evacuate Collection Set: 4.8ms
[2024-10-12T11:44:02.045+0800][info] GC(18)   Post Evacuate Collection Set: 0.3ms
[2024-10-12T11:44:02.045+0800][info] GC(18)   Other: 0.2ms
[2024-10-12T11:44:02.046+0800][info] GC(18) Eden regions: 2->0(5)
[2024-10-12T11:44:02.046+0800][info] GC(18) Survivor regions: 1->1(1)
[2024-10-12T11:44:02.046+0800][info] GC(18) Old regions: 36->34
[2024-10-12T11:44:02.046+0800][info] GC(18) Archive regions: 2->2
[2024-10-12T11:44:02.046+0800][info] GC(18) Humongous regions: 2->2
[2024-10-12T11:44:02.046+0800][info] GC(18) Metaspace: 1518K(1664K)->1518K(1664K) NonClass: 1382K(1472K)->1382K(1472K) Class: 135K(192K)->135K(192K)
[2024-10-12T11:44:02.046+0800][info] GC(18) Pause Young (Mixed) (G1 Evacuation Pause) 81M->74M(128M) 5.650ms
[2024-10-12T11:44:02.046+0800][info] GC(18) User=0.01s Sys=0.00s Real=0.01s
[2024-10-12T11:44:02.314+0800][info] GC(19) Pause Young (Concurrent Start) (G1 Evacuation Pause)
[2024-10-12T11:44:02.314+0800][info] GC(19) Using 3 workers of 48 for evacuation
[2024-10-12T11:44:02.317+0800][info] GC(19)   Pre Evacuate Collection Set: 0.1ms
[2024-10-12T11:44:02.317+0800][info] GC(19)   Merge Heap Roots: 0.1ms
[2024-10-12T11:44:02.317+0800][info] GC(19)   Evacuate Collection Set: 2.0ms
[2024-10-12T11:44:02.317+0800][info] GC(19)   Post Evacuate Collection Set: 0.2ms
[2024-10-12T11:44:02.317+0800][info] GC(19)   Other: 0.4ms
[2024-10-12T11:44:02.317+0800][info] GC(19) Eden regions: 5->0(3)
[2024-10-12T11:44:02.317+0800][info] GC(19) Survivor regions: 1->1(1)
[2024-10-12T11:44:02.317+0800][info] GC(19) Old regions: 34->39
[2024-10-12T11:44:02.317+0800][info] GC(19) Archive regions: 2->2
[2024-10-12T11:44:02.317+0800][info] GC(19) Humongous regions: 2->2
[2024-10-12T11:44:02.317+0800][info] GC(19) Metaspace: 1523K(1664K)->1523K(1664K) NonClass: 1387K(1472K)->1387K(1472K) Class: 135K(192K)->135K(192K)
[2024-10-12T11:44:02.317+0800][info] GC(19) Pause Young (Concurrent Start) (G1 Evacuation Pause) 84M->84M(128M) 2.859ms
[2024-10-12T11:44:02.317+0800][info] GC(19) User=0.00s Sys=0.00s Real=0.00s
[2024-10-12T11:44:02.317+0800][info] GC(20) Concurrent Mark Cycle
[2024-10-12T11:44:02.317+0800][info] GC(20) Concurrent Clear Claimed Marks
[2024-10-12T11:44:02.317+0800][info] GC(20) Concurrent Clear Claimed Marks 0.018ms
[2024-10-12T11:44:02.317+0800][info] GC(20) Concurrent Scan Root Regions
[2024-10-12T11:44:02.317+0800][info] GC(20) Concurrent Scan Root Regions 0.152ms
[2024-10-12T11:44:02.317+0800][info] GC(20) Concurrent Mark
[2024-10-12T11:44:02.317+0800][info] GC(20) Concurrent Mark From Roots
[2024-10-12T11:44:02.317+0800][info] GC(20) Using 12 workers of 12 for marking
[2024-10-12T11:44:02.320+0800][info] GC(20) Concurrent Mark From Roots 3.183ms
[2024-10-12T11:44:02.320+0800][info] GC(20) Concurrent Preclean
[2024-10-12T11:44:02.322+0800][info] GC(20) Concurrent Preclean 1.677ms
[2024-10-12T11:44:02.322+0800][info] GC(20) Pause Remark
[2024-10-12T11:44:02.324+0800][info] GC(20) Pause Remark 84M->84M(128M) 1.221ms
[2024-10-12T11:44:02.324+0800][info] GC(20) User=0.00s Sys=0.00s Real=0.00s
[2024-10-12T11:44:02.324+0800][info] GC(20) Concurrent Mark 6.305ms
[2024-10-12T11:44:02.324+0800][info] GC(20) Concurrent Rebuild Remembered Sets
[2024-10-12T11:44:02.325+0800][info] GC(20) Concurrent Rebuild Remembered Sets 1.157ms
[2024-10-12T11:44:02.325+0800][info] GC(20) Pause Cleanup
[2024-10-12T11:44:02.325+0800][info] GC(20) Pause Cleanup 84M->84M(128M) 0.228ms
[2024-10-12T11:44:02.325+0800][info] GC(20) User=0.00s Sys=0.00s Real=0.01s
[2024-10-12T11:44:02.325+0800][info] GC(20) Concurrent Cleanup for Next Mark
[2024-10-12T11:44:02.326+0800][info] GC(20) Concurrent Cleanup for Next Mark 0.352ms
[2024-10-12T11:44:02.326+0800][info] GC(20) Concurrent Mark Cycle 8.579ms
[2024-10-12T11:44:02.534+0800][info] GC(21) Pause Young (Prepare Mixed) (G1 Evacuation Pause)
[2024-10-12T11:44:02.534+0800][info] GC(21) Using 3 workers of 48 for evacuation
[2024-10-12T11:44:02.536+0800][info] GC(21)   Pre Evacuate Collection Set: 0.1ms
[2024-10-12T11:44:02.536+0800][info] GC(21)   Merge Heap Roots: 0.1ms
[2024-10-12T11:44:02.536+0800][info] GC(21)   Evacuate Collection Set: 1.3ms
[2024-10-12T11:44:02.536+0800][info] GC(21)   Post Evacuate Collection Set: 0.2ms
[2024-10-12T11:44:02.536+0800][info] GC(21)   Other: 0.2ms
[2024-10-12T11:44:02.536+0800][info] GC(21) Eden regions: 3->0(2)
[2024-10-12T11:44:02.536+0800][info] GC(21) Survivor regions: 1->1(1)
[2024-10-12T11:44:02.536+0800][info] GC(21) Old regions: 39->42
[2024-10-12T11:44:02.536+0800][info] GC(21) Archive regions: 2->2
[2024-10-12T11:44:02.536+0800][info] GC(21) Humongous regions: 2->2
[2024-10-12T11:44:02.536+0800][info] GC(21) Metaspace: 1523K(1664K)->1523K(1664K) NonClass: 1387K(1472K)->1387K(1472K) Class: 135K(192K)->135K(192K)
[2024-10-12T11:44:02.536+0800][info] GC(21) Pause Young (Prepare Mixed) (G1 Evacuation Pause) 90M->90M(128M) 2.063ms
[2024-10-12T11:44:02.536+0800][info] GC(21) User=0.01s Sys=0.00s Real=0.00s
[2024-10-12T11:44:02.639+0800][info] GC(22) Pause Young (Mixed) (G1 Evacuation Pause)
[2024-10-12T11:44:02.639+0800][info] GC(22) Using 3 workers of 48 for evacuation
[2024-10-12T11:44:02.645+0800][info] GC(22)   Pre Evacuate Collection Set: 0.2ms
[2024-10-12T11:44:02.645+0800][info] GC(22)   Merge Heap Roots: 0.1ms
[2024-10-12T11:44:02.645+0800][info] GC(22)   Evacuate Collection Set: 5.7ms
[2024-10-12T11:44:02.645+0800][info] GC(22)   Post Evacuate Collection Set: 0.3ms
[2024-10-12T11:44:02.645+0800][info] GC(22)   Other: 0.2ms
[2024-10-12T11:44:02.645+0800][info] GC(22) Eden regions: 2->0(2)
[2024-10-12T11:44:02.645+0800][info] GC(22) Survivor regions: 1->1(1)
[2024-10-12T11:44:02.645+0800][info] GC(22) Old regions: 42->39
[2024-10-12T11:44:02.645+0800][info] GC(22) Archive regions: 2->2
[2024-10-12T11:44:02.645+0800][info] GC(22) Humongous regions: 2->2
[2024-10-12T11:44:02.645+0800][info] GC(22) Metaspace: 1528K(1664K)->1528K(1664K) NonClass: 1392K(1472K)->1392K(1472K) Class: 135K(192K)->135K(192K)
[2024-10-12T11:44:02.646+0800][info] GC(22) Pause Young (Mixed) (G1 Evacuation Pause) 93M->85M(128M) 6.494ms
[2024-10-12T11:44:02.646+0800][info] GC(22) User=0.01s Sys=0.01s Real=0.01s
[2024-10-12T11:44:02.750+0800][info] GC(23) Pause Young (Mixed) (G1 Evacuation Pause)
[2024-10-12T11:44:02.750+0800][info] GC(23) Using 3 workers of 48 for evacuation
[2024-10-12T11:44:02.752+0800][info] GC(23)   Pre Evacuate Collection Set: 0.1ms
[2024-10-12T11:44:02.753+0800][info] GC(23)   Merge Heap Roots: 0.1ms
[2024-10-12T11:44:02.753+0800][info] GC(23)   Evacuate Collection Set: 2.3ms
[2024-10-12T11:44:02.753+0800][info] GC(23)   Post Evacuate Collection Set: 0.2ms
[2024-10-12T11:44:02.753+0800][info] GC(23)   Other: 0.2ms
[2024-10-12T11:44:02.753+0800][info] GC(23) Eden regions: 2->0(2)
[2024-10-12T11:44:02.753+0800][info] GC(23) Survivor regions: 1->1(1)
[2024-10-12T11:44:02.753+0800][info] GC(23) Old regions: 39->39
[2024-10-12T11:44:02.753+0800][info] GC(23) Archive regions: 2->2
[2024-10-12T11:44:02.753+0800][info] GC(23) Humongous regions: 2->2
[2024-10-12T11:44:02.753+0800][info] GC(23) Metaspace: 1557K(1664K)->1557K(1664K) NonClass: 1421K(1472K)->1421K(1472K) Class: 135K(192K)->135K(192K)
[2024-10-12T11:44:02.753+0800][info] GC(23) Pause Young (Mixed) (G1 Evacuation Pause) 89M->84M(128M) 2.998ms
[2024-10-12T11:44:02.753+0800][info] GC(23) User=0.01s Sys=0.00s Real=0.00s
[2024-10-12T11:44:02.856+0800][info] GC(24) Pause Young (Mixed) (G1 Evacuation Pause)
[2024-10-12T11:44:02.856+0800][info] GC(24) Using 3 workers of 48 for evacuation
[2024-10-12T11:44:02.857+0800][info] GC(24)   Pre Evacuate Collection Set: 0.2ms
[2024-10-12T11:44:02.857+0800][info] GC(24)   Merge Heap Roots: 0.1ms
[2024-10-12T11:44:02.857+0800][info] GC(24)   Evacuate Collection Set: 1.2ms
[2024-10-12T11:44:02.857+0800][info] GC(24)   Post Evacuate Collection Set: 0.3ms
[2024-10-12T11:44:02.857+0800][info] GC(24)   Other: 0.2ms
[2024-10-12T11:44:02.857+0800][info] GC(24) Eden regions: 2->0(3)
[2024-10-12T11:44:02.857+0800][info] GC(24) Survivor regions: 1->1(1)
[2024-10-12T11:44:02.857+0800][info] GC(24) Old regions: 39->40
[2024-10-12T11:44:02.857+0800][info] GC(24) Archive regions: 2->2
[2024-10-12T11:44:02.857+0800][info] GC(24) Humongous regions: 2->2
[2024-10-12T11:44:02.857+0800][info] GC(24) Metaspace: 1557K(1664K)->1557K(1664K) NonClass: 1421K(1472K)->1421K(1472K) Class: 135K(192K)->135K(192K)
[2024-10-12T11:44:02.858+0800][info] GC(24) Pause Young (Mixed) (G1 Evacuation Pause) 87M->87M(128M) 1.969ms
[2024-10-12T11:44:02.858+0800][info] GC(24) User=0.00s Sys=0.00s Real=0.00s
[2024-10-12T11:44:03.023+0800][info] GC(25) Pause Young (Normal) (G1 Evacuation Pause)
[2024-10-12T11:44:03.023+0800][info] GC(25) Using 3 workers of 48 for evacuation
[2024-10-12T11:44:03.025+0800][info] GC(25)   Pre Evacuate Collection Set: 0.1ms
[2024-10-12T11:44:03.025+0800][info] GC(25)   Merge Heap Roots: 0.1ms
[2024-10-12T11:44:03.025+0800][info] GC(25)   Evacuate Collection Set: 1.4ms
[2024-10-12T11:44:03.025+0800][info] GC(25)   Post Evacuate Collection Set: 0.2ms
[2024-10-12T11:44:03.025+0800][info] GC(25)   Other: 0.3ms
[2024-10-12T11:44:03.025+0800][info] GC(25) Eden regions: 3->0(2)
[2024-10-12T11:44:03.025+0800][info] GC(25) Survivor regions: 1->1(1)
[2024-10-12T11:44:03.025+0800][info] GC(25) Old regions: 40->43
[2024-10-12T11:44:03.025+0800][info] GC(25) Archive regions: 2->2
[2024-10-12T11:44:03.025+0800][info] GC(25) Humongous regions: 3->2
[2024-10-12T11:44:03.025+0800][info] GC(25) Metaspace: 1557K(1664K)->1557K(1664K) NonClass: 1421K(1472K)->1421K(1472K) Class: 135K(192K)->135K(192K)
[2024-10-12T11:44:03.025+0800][info] GC(25) Pause Young (Normal) (G1 Evacuation Pause) 95M->93M(128M) 2.215ms
[2024-10-12T11:44:03.025+0800][info] GC(25) User=0.00s Sys=0.00s Real=0.01s
[2024-10-12T11:44:03.129+0800][info] GC(26) Pause Young (Normal) (G1 Evacuation Pause)
[2024-10-12T11:44:03.129+0800][info] GC(26) Using 3 workers of 48 for evacuation
[2024-10-12T11:44:03.130+0800][info] GC(26)   Pre Evacuate Collection Set: 0.1ms
[2024-10-12T11:44:03.130+0800][info] GC(26)   Merge Heap Roots: 0.0ms
[2024-10-12T11:44:03.130+0800][info] GC(26)   Evacuate Collection Set: 1.0ms
[2024-10-12T11:44:03.130+0800][info] GC(26)   Post Evacuate Collection Set: 0.2ms
[2024-10-12T11:44:03.130+0800][info] GC(26)   Other: 0.2ms
[2024-10-12T11:44:03.130+0800][info] GC(26) Eden regions: 2->0(2)
[2024-10-12T11:44:03.130+0800][info] GC(26) Survivor regions: 1->1(1)
[2024-10-12T11:44:03.130+0800][info] GC(26) Old regions: 43->45
[2024-10-12T11:44:03.130+0800][info] GC(26) Archive regions: 2->2
[2024-10-12T11:44:03.130+0800][info] GC(26) Humongous regions: 2->2
[2024-10-12T11:44:03.130+0800][info] GC(26) Metaspace: 1558K(1664K)->1558K(1664K) NonClass: 1422K(1472K)->1422K(1472K) Class: 135K(192K)->135K(192K)
[2024-10-12T11:44:03.131+0800][info] GC(26) Pause Young (Normal) (G1 Evacuation Pause) 97M->97M(128M) 1.713ms
[2024-10-12T11:44:03.131+0800][info] GC(26) User=0.00s Sys=0.00s Real=0.00s
[2024-10-12T11:44:03.233+0800][info] GC(27) Pause Young (Normal) (G1 Evacuation Pause)
[2024-10-12T11:44:03.233+0800][info] GC(27) Using 3 workers of 48 for evacuation
[2024-10-12T11:44:03.235+0800][info] GC(27)   Pre Evacuate Collection Set: 0.1ms
[2024-10-12T11:44:03.235+0800][info] GC(27)   Merge Heap Roots: 0.0ms
[2024-10-12T11:44:03.235+0800][info] GC(27)   Evacuate Collection Set: 1.7ms
[2024-10-12T11:44:03.236+0800][info] GC(27)   Post Evacuate Collection Set: 0.2ms
[2024-10-12T11:44:03.236+0800][info] GC(27)   Other: 0.2ms
[2024-10-12T11:44:03.236+0800][info] GC(27) Eden regions: 2->0(2)
[2024-10-12T11:44:03.236+0800][info] GC(27) Survivor regions: 1->1(1)
[2024-10-12T11:44:03.236+0800][info] GC(27) Old regions: 45->47
[2024-10-12T11:44:03.236+0800][info] GC(27) Archive regions: 2->2
[2024-10-12T11:44:03.236+0800][info] GC(27) Humongous regions: 2->2
[2024-10-12T11:44:03.236+0800][info] GC(27) Metaspace: 1558K(1664K)->1558K(1664K) NonClass: 1422K(1472K)->1422K(1472K) Class: 135K(192K)->135K(192K)
[2024-10-12T11:44:03.236+0800][info] GC(27) Pause Young (Normal) (G1 Evacuation Pause) 101M->101M(128M) 2.378ms
[2024-10-12T11:44:03.236+0800][info] GC(27) User=0.01s Sys=0.00s Real=0.00s
[2024-10-12T11:44:03.339+0800][info] GC(28) Pause Young (Concurrent Start) (G1 Evacuation Pause)
[2024-10-12T11:44:03.339+0800][info] GC(28) Using 3 workers of 48 for evacuation
[2024-10-12T11:44:03.343+0800][info] GC(28)   Pre Evacuate Collection Set: 0.1ms
[2024-10-12T11:44:03.343+0800][info] GC(28)   Merge Heap Roots: 0.1ms
[2024-10-12T11:44:03.343+0800][info] GC(28)   Evacuate Collection Set: 3.3ms
[2024-10-12T11:44:03.343+0800][info] GC(28)   Post Evacuate Collection Set: 0.2ms
[2024-10-12T11:44:03.343+0800][info] GC(28)   Other: 0.4ms
[2024-10-12T11:44:03.343+0800][info] GC(28) Eden regions: 2->0(2)
[2024-10-12T11:44:03.343+0800][info] GC(28) Survivor regions: 1->1(1)
[2024-10-12T11:44:03.343+0800][info] GC(28) Old regions: 47->49
[2024-10-12T11:44:03.343+0800][info] GC(28) Archive regions: 2->2
[2024-10-12T11:44:03.343+0800][info] GC(28) Humongous regions: 2->2
[2024-10-12T11:44:03.343+0800][info] GC(28) Metaspace: 1558K(1664K)->1558K(1664K) NonClass: 1422K(1472K)->1422K(1472K) Class: 135K(192K)->135K(192K)
[2024-10-12T11:44:03.343+0800][info] GC(28) Pause Young (Concurrent Start) (G1 Evacuation Pause) 104M->105M(128M) 4.237ms
[2024-10-12T11:44:03.343+0800][info] GC(28) User=0.01s Sys=0.00s Real=0.00s
[2024-10-12T11:44:03.343+0800][info] GC(29) Concurrent Mark Cycle
[2024-10-12T11:44:03.344+0800][info] GC(29) Concurrent Clear Claimed Marks
[2024-10-12T11:44:03.344+0800][info] GC(29) Concurrent Clear Claimed Marks 0.018ms
[2024-10-12T11:44:03.344+0800][info] GC(29) Concurrent Scan Root Regions
[2024-10-12T11:44:03.344+0800][info] GC(29) Concurrent Scan Root Regions 0.155ms
[2024-10-12T11:44:03.344+0800][info] GC(29) Concurrent Mark
[2024-10-12T11:44:03.344+0800][info] GC(29) Concurrent Mark From Roots
[2024-10-12T11:44:03.344+0800][info] GC(29) Using 12 workers of 12 for marking
[2024-10-12T11:44:03.347+0800][info] GC(29) Concurrent Mark From Roots 3.361ms
[2024-10-12T11:44:03.347+0800][info] GC(29) Concurrent Preclean
[2024-10-12T11:44:03.349+0800][info] GC(29) Concurrent Preclean 1.624ms
[2024-10-12T11:44:03.349+0800][info] GC(29) Pause Remark
[2024-10-12T11:44:03.351+0800][info] GC(29) Pause Remark 105M->105M(128M) 1.648ms
[2024-10-12T11:44:03.351+0800][info] GC(29) User=0.00s Sys=0.00s Real=0.00s
[2024-10-12T11:44:03.351+0800][info] GC(29) Concurrent Mark 6.896ms
[2024-10-12T11:44:03.351+0800][info] GC(29) Concurrent Rebuild Remembered Sets
[2024-10-12T11:44:03.352+0800][info] GC(29) Concurrent Rebuild Remembered Sets 1.236ms
[2024-10-12T11:44:03.352+0800][info] GC(29) Pause Cleanup
[2024-10-12T11:44:03.352+0800][info] GC(29) Pause Cleanup 105M->105M(128M) 0.230ms
[2024-10-12T11:44:03.352+0800][info] GC(29) User=0.00s Sys=0.00s Real=0.00s
[2024-10-12T11:44:03.352+0800][info] GC(29) Concurrent Cleanup for Next Mark
[2024-10-12T11:44:03.353+0800][info] GC(29) Concurrent Cleanup for Next Mark 0.379ms
[2024-10-12T11:44:03.353+0800][info] GC(29) Concurrent Mark Cycle 9.240ms
[2024-10-12T11:44:03.498+0800][info] GC(30) Pause Young (Prepare Mixed) (G1 Evacuation Pause)
[2024-10-12T11:44:03.498+0800][info] GC(30) Using 3 workers of 48 for evacuation
[2024-10-12T11:44:03.500+0800][info] GC(30)   Pre Evacuate Collection Set: 0.1ms
[2024-10-12T11:44:03.500+0800][info] GC(30)   Merge Heap Roots: 0.1ms
[2024-10-12T11:44:03.500+0800][info] GC(30)   Evacuate Collection Set: 1.3ms
[2024-10-12T11:44:03.500+0800][info] GC(30)   Post Evacuate Collection Set: 0.2ms
[2024-10-12T11:44:03.500+0800][info] GC(30)   Other: 0.2ms
[2024-10-12T11:44:03.500+0800][info] GC(30) Eden regions: 2->0(2)
[2024-10-12T11:44:03.500+0800][info] GC(30) Survivor regions: 1->1(1)
[2024-10-12T11:44:03.500+0800][info] GC(30) Old regions: 49->51
[2024-10-12T11:44:03.500+0800][info] GC(30) Archive regions: 2->2
[2024-10-12T11:44:03.500+0800][info] GC(30) Humongous regions: 2->2
[2024-10-12T11:44:03.500+0800][info] GC(30) Metaspace: 1560K(1664K)->1560K(1664K) NonClass: 1424K(1472K)->1424K(1472K) Class: 135K(192K)->135K(192K)
[2024-10-12T11:44:03.500+0800][info] GC(30) Pause Young (Prepare Mixed) (G1 Evacuation Pause) 108M->109M(128M) 2.002ms
[2024-10-12T11:44:03.500+0800][info] GC(30) User=0.00s Sys=0.00s Real=0.00s
[2024-10-12T11:44:03.603+0800][info] GC(31) Pause Young (Mixed) (G1 Preventive Collection)
[2024-10-12T11:44:03.603+0800][info] GC(31) Using 3 workers of 48 for evacuation
[2024-10-12T11:44:03.606+0800][info] GC(31) To-space exhausted
[2024-10-12T11:44:03.607+0800][info] GC(31)   Pre Evacuate Collection Set: 0.2ms
[2024-10-12T11:44:03.607+0800][info] GC(31)   Merge Heap Roots: 0.1ms
[2024-10-12T11:44:03.607+0800][info] GC(31)   Evacuate Collection Set: 2.3ms
[2024-10-12T11:44:03.607+0800][info] GC(31)   Post Evacuate Collection Set: 0.3ms
[2024-10-12T11:44:03.607+0800][info] GC(31)   Other: 0.2ms
[2024-10-12T11:44:03.607+0800][info] GC(31) Eden regions: 2->0(2)
[2024-10-12T11:44:03.607+0800][info] GC(31) Survivor regions: 1->1(1)
[2024-10-12T11:44:03.607+0800][info] GC(31) Old regions: 51->48
[2024-10-12T11:44:03.607+0800][info] GC(31) Archive regions: 2->2
[2024-10-12T11:44:03.607+0800][info] GC(31) Humongous regions: 2->2
[2024-10-12T11:44:03.607+0800][info] GC(31) Metaspace: 1562K(1664K)->1562K(1664K) NonClass: 1426K(1472K)->1426K(1472K) Class: 135K(192K)->135K(192K)
[2024-10-12T11:44:03.607+0800][info] GC(31) Pause Young (Mixed) (G1 Preventive Collection) 112M->103M(128M) 3.195ms
[2024-10-12T11:44:03.607+0800][info] GC(31) User=0.00s Sys=0.00s Real=0.01s
[2024-10-12T11:44:03.709+0800][info] GC(32) Pause Young (Mixed) (G1 Evacuation Pause)
[2024-10-12T11:44:03.709+0800][info] GC(32) Using 3 workers of 48 for evacuation
[2024-10-12T11:44:03.713+0800][info] GC(32)   Pre Evacuate Collection Set: 0.2ms
[2024-10-12T11:44:03.713+0800][info] GC(32)   Merge Heap Roots: 0.1ms
[2024-10-12T11:44:03.713+0800][info] GC(32)   Evacuate Collection Set: 3.2ms
[2024-10-12T11:44:03.713+0800][info] GC(32)   Post Evacuate Collection Set: 0.3ms
[2024-10-12T11:44:03.713+0800][info] GC(32)   Other: 0.1ms
[2024-10-12T11:44:03.713+0800][info] GC(32) Eden regions: 2->0(2)
[2024-10-12T11:44:03.713+0800][info] GC(32) Survivor regions: 1->1(1)
[2024-10-12T11:44:03.713+0800][info] GC(32) Old regions: 48->46
[2024-10-12T11:44:03.713+0800][info] GC(32) Archive regions: 2->2
[2024-10-12T11:44:03.713+0800][info] GC(32) Humongous regions: 2->2
[2024-10-12T11:44:03.713+0800][info] GC(32) Metaspace: 1562K(1664K)->1562K(1664K) NonClass: 1426K(1472K)->1426K(1472K) Class: 135K(192K)->135K(192K)
[2024-10-12T11:44:03.713+0800][info] GC(32) Pause Young (Mixed) (G1 Evacuation Pause) 107M->99M(128M) 3.915ms
[2024-10-12T11:44:03.713+0800][info] GC(32) User=0.01s Sys=0.00s Real=0.01s
[2024-10-12T11:44:03.817+0800][info] GC(33) Pause Young (Mixed) (G1 Evacuation Pause)
[2024-10-12T11:44:03.817+0800][info] GC(33) Using 3 workers of 48 for evacuation
[2024-10-12T11:44:03.820+0800][info] GC(33)   Pre Evacuate Collection Set: 0.2ms
[2024-10-12T11:44:03.820+0800][info] GC(33)   Merge Heap Roots: 0.1ms
[2024-10-12T11:44:03.820+0800][info] GC(33)   Evacuate Collection Set: 2.9ms
[2024-10-12T11:44:03.820+0800][info] GC(33)   Post Evacuate Collection Set: 0.2ms
[2024-10-12T11:44:03.820+0800][info] GC(33)   Other: 0.1ms
[2024-10-12T11:44:03.820+0800][info] GC(33) Eden regions: 2->0(2)
[2024-10-12T11:44:03.820+0800][info] GC(33) Survivor regions: 1->1(1)
[2024-10-12T11:44:03.820+0800][info] GC(33) Old regions: 46->45
[2024-10-12T11:44:03.821+0800][info] GC(33) Archive regions: 2->2
[2024-10-12T11:44:03.821+0800][info] GC(33) Humongous regions: 2->2
[2024-10-12T11:44:03.821+0800][info] GC(33) Metaspace: 1566K(1664K)->1566K(1664K) NonClass: 1430K(1472K)->1430K(1472K) Class: 135K(192K)->135K(192K)
[2024-10-12T11:44:03.821+0800][info] GC(33) Pause Young (Mixed) (G1 Evacuation Pause) 103M->96M(128M) 3.605ms
[2024-10-12T11:44:03.821+0800][info] GC(33) User=0.01s Sys=0.00s Real=0.00s
[2024-10-12T11:44:03.923+0800][info] GC(34) Pause Young (Mixed) (G1 Evacuation Pause)
[2024-10-12T11:44:03.923+0800][info] GC(34) Using 3 workers of 48 for evacuation
[2024-10-12T11:44:03.925+0800][info] GC(34)   Pre Evacuate Collection Set: 0.2ms
[2024-10-12T11:44:03.925+0800][info] GC(34)   Merge Heap Roots: 0.1ms
[2024-10-12T11:44:03.925+0800][info] GC(34)   Evacuate Collection Set: 1.4ms
[2024-10-12T11:44:03.925+0800][info] GC(34)   Post Evacuate Collection Set: 0.2ms
[2024-10-12T11:44:03.925+0800][info] GC(34)   Other: 0.1ms
[2024-10-12T11:44:03.925+0800][info] GC(34) Eden regions: 2->0(2)
[2024-10-12T11:44:03.925+0800][info] GC(34) Survivor regions: 1->1(1)
[2024-10-12T11:44:03.925+0800][info] GC(34) Old regions: 45->47
[2024-10-12T11:44:03.925+0800][info] GC(34) Archive regions: 2->2
[2024-10-12T11:44:03.925+0800][info] GC(34) Humongous regions: 2->2
[2024-10-12T11:44:03.925+0800][info] GC(34) Metaspace: 1566K(1664K)->1566K(1664K) NonClass: 1430K(1472K)->1430K(1472K) Class: 135K(192K)->135K(192K)
[2024-10-12T11:44:03.926+0800][info] GC(34) Pause Young (Mixed) (G1 Evacuation Pause) 100M->100M(128M) 2.147ms
[2024-10-12T11:44:03.926+0800][info] GC(34) User=0.00s Sys=0.01s Real=0.01s
[2024-10-12T11:44:04.029+0800][info] GC(35) Pause Young (Normal) (G1 Evacuation Pause)
[2024-10-12T11:44:04.029+0800][info] GC(35) Using 3 workers of 48 for evacuation
[2024-10-12T11:44:04.030+0800][info] GC(35)   Pre Evacuate Collection Set: 0.1ms
[2024-10-12T11:44:04.031+0800][info] GC(35)   Merge Heap Roots: 0.1ms
[2024-10-12T11:44:04.031+0800][info] GC(35)   Evacuate Collection Set: 0.8ms
[2024-10-12T11:44:04.031+0800][info] GC(35)   Post Evacuate Collection Set: 0.2ms
[2024-10-12T11:44:04.031+0800][info] GC(35)   Other: 0.2ms
[2024-10-12T11:44:04.031+0800][info] GC(35) Eden regions: 2->0(2)
[2024-10-12T11:44:04.031+0800][info] GC(35) Survivor regions: 1->1(1)
[2024-10-12T11:44:04.031+0800][info] GC(35) Old regions: 47->49
[2024-10-12T11:44:04.031+0800][info] GC(35) Archive regions: 2->2
[2024-10-12T11:44:04.031+0800][info] GC(35) Humongous regions: 2->2
[2024-10-12T11:44:04.031+0800][info] GC(35) Metaspace: 1568K(1728K)->1568K(1728K) NonClass: 1432K(1536K)->1432K(1536K) Class: 135K(192K)->135K(192K)
[2024-10-12T11:44:04.031+0800][info] GC(35) Pause Young (Normal) (G1 Evacuation Pause) 103M->104M(128M) 1.486ms
[2024-10-12T11:44:04.031+0800][info] GC(35) User=0.00s Sys=0.00s Real=0.00s
[2024-10-12T11:44:04.134+0800][info] GC(36) Pause Young (Concurrent Start) (G1 Evacuation Pause)
[2024-10-12T11:44:04.134+0800][info] GC(36) Using 3 workers of 48 for evacuation
[2024-10-12T11:44:04.136+0800][info] GC(36)   Pre Evacuate Collection Set: 0.1ms
[2024-10-12T11:44:04.136+0800][info] GC(36)   Merge Heap Roots: 0.1ms
[2024-10-12T11:44:04.136+0800][info] GC(36)   Evacuate Collection Set: 1.1ms
[2024-10-12T11:44:04.136+0800][info] GC(36)   Post Evacuate Collection Set: 0.2ms
[2024-10-12T11:44:04.136+0800][info] GC(36)   Other: 0.4ms
[2024-10-12T11:44:04.136+0800][info] GC(36) Eden regions: 2->0(2)
[2024-10-12T11:44:04.136+0800][info] GC(36) Survivor regions: 1->1(1)
[2024-10-12T11:44:04.136+0800][info] GC(36) Old regions: 49->50
[2024-10-12T11:44:04.136+0800][info] GC(36) Archive regions: 2->2
[2024-10-12T11:44:04.136+0800][info] GC(36) Humongous regions: 2->2
[2024-10-12T11:44:04.136+0800][info] GC(36) Metaspace: 1582K(1728K)->1582K(1728K) NonClass: 1446K(1536K)->1446K(1536K) Class: 135K(192K)->135K(192K)
[2024-10-12T11:44:04.136+0800][info] GC(36) Pause Young (Concurrent Start) (G1 Evacuation Pause) 107M->107M(128M) 1.943ms
[2024-10-12T11:44:04.136+0800][info] GC(36) User=0.00s Sys=0.00s Real=0.00s
[2024-10-12T11:44:04.136+0800][info] GC(37) Concurrent Mark Cycle
[2024-10-12T11:44:04.136+0800][info] GC(37) Concurrent Clear Claimed Marks
[2024-10-12T11:44:04.136+0800][info] GC(37) Concurrent Clear Claimed Marks 0.017ms
[2024-10-12T11:44:04.136+0800][info] GC(37) Concurrent Scan Root Regions
[2024-10-12T11:44:04.136+0800][info] GC(37) Concurrent Scan Root Regions 0.147ms
[2024-10-12T11:44:04.136+0800][info] GC(37) Concurrent Mark
[2024-10-12T11:44:04.136+0800][info] GC(37) Concurrent Mark From Roots
[2024-10-12T11:44:04.136+0800][info] GC(37) Using 12 workers of 12 for marking
[2024-10-12T11:44:04.141+0800][info] GC(37) Concurrent Mark From Roots 4.288ms
[2024-10-12T11:44:04.141+0800][info] GC(37) Concurrent Preclean
[2024-10-12T11:44:04.142+0800][info] GC(37) Concurrent Preclean 1.508ms
[2024-10-12T11:44:04.142+0800][info] GC(37) Pause Remark
[2024-10-12T11:44:04.144+0800][info] GC(37) Pause Remark 108M->104M(128M) 1.378ms
[2024-10-12T11:44:04.144+0800][info] GC(37) User=0.00s Sys=0.00s Real=0.00s
[2024-10-12T11:44:04.144+0800][info] GC(37) Concurrent Mark 7.448ms
[2024-10-12T11:44:04.144+0800][info] GC(37) Concurrent Rebuild Remembered Sets
[2024-10-12T11:44:04.145+0800][info] GC(37) Concurrent Rebuild Remembered Sets 1.172ms
[2024-10-12T11:44:04.145+0800][info] GC(37) Pause Cleanup
[2024-10-12T11:44:04.145+0800][info] GC(37) Pause Cleanup 104M->104M(128M) 0.183ms
[2024-10-12T11:44:04.145+0800][info] GC(37) User=0.00s Sys=0.00s Real=0.01s
[2024-10-12T11:44:04.145+0800][info] GC(37) Concurrent Cleanup for Next Mark
[2024-10-12T11:44:04.146+0800][info] GC(37) Concurrent Cleanup for Next Mark 0.336ms
[2024-10-12T11:44:04.146+0800][info] GC(37) Concurrent Mark Cycle 9.559ms
[2024-10-12T11:44:04.291+0800][info] GC(38) Pause Young (Prepare Mixed) (G1 Evacuation Pause)
[2024-10-12T11:44:04.291+0800][info] GC(38) Using 3 workers of 48 for evacuation
[2024-10-12T11:44:04.293+0800][info] GC(38)   Pre Evacuate Collection Set: 0.1ms
[2024-10-12T11:44:04.293+0800][info] GC(38)   Merge Heap Roots: 0.1ms
[2024-10-12T11:44:04.293+0800][info] GC(38)   Evacuate Collection Set: 1.0ms
[2024-10-12T11:44:04.293+0800][info] GC(38)   Post Evacuate Collection Set: 0.2ms
[2024-10-12T11:44:04.293+0800][info] GC(38)   Other: 0.2ms
[2024-10-12T11:44:04.293+0800][info] GC(38) Eden regions: 2->0(2)
[2024-10-12T11:44:04.293+0800][info] GC(38) Survivor regions: 1->1(1)
[2024-10-12T11:44:04.293+0800][info] GC(38) Old regions: 48->50
[2024-10-12T11:44:04.293+0800][info] GC(38) Archive regions: 2->2
[2024-10-12T11:44:04.293+0800][info] GC(38) Humongous regions: 2->2
[2024-10-12T11:44:04.293+0800][info] GC(38) Metaspace: 1598K(1728K)->1598K(1728K) NonClass: 1462K(1536K)->1462K(1536K) Class: 135K(192K)->135K(192K)
[2024-10-12T11:44:04.293+0800][info] GC(38) Pause Young (Prepare Mixed) (G1 Evacuation Pause) 107M->107M(128M) 1.749ms
[2024-10-12T11:44:04.293+0800][info] GC(38) User=0.01s Sys=0.00s Real=0.00s
[2024-10-12T11:44:04.395+0800][info] GC(39) Pause Young (Mixed) (G1 Evacuation Pause)
[2024-10-12T11:44:04.395+0800][info] GC(39) Using 3 workers of 48 for evacuation
[2024-10-12T11:44:04.399+0800][info] GC(39)   Pre Evacuate Collection Set: 1.1ms
[2024-10-12T11:44:04.399+0800][info] GC(39)   Merge Heap Roots: 0.1ms
[2024-10-12T11:44:04.399+0800][info] GC(39)   Evacuate Collection Set: 2.6ms
[2024-10-12T11:44:04.399+0800][info] GC(39)   Post Evacuate Collection Set: 0.3ms
[2024-10-12T11:44:04.399+0800][info] GC(39)   Other: 0.2ms
[2024-10-12T11:44:04.399+0800][info] GC(39) Eden regions: 2->0(2)
[2024-10-12T11:44:04.399+0800][info] GC(39) Survivor regions: 1->1(1)
[2024-10-12T11:44:04.399+0800][info] GC(39) Old regions: 50->47
[2024-10-12T11:44:04.399+0800][info] GC(39) Archive regions: 2->2
[2024-10-12T11:44:04.399+0800][info] GC(39) Humongous regions: 2->2
[2024-10-12T11:44:04.399+0800][info] GC(39) Metaspace: 1598K(1728K)->1598K(1728K) NonClass: 1462K(1536K)->1462K(1536K) Class: 135K(192K)->135K(192K)
[2024-10-12T11:44:04.399+0800][info] GC(39) Pause Young (Mixed) (G1 Evacuation Pause) 111M->101M(128M) 4.316ms
[2024-10-12T11:44:04.399+0800][info] GC(39) User=0.01s Sys=0.00s Real=0.00s
[2024-10-12T11:44:04.503+0800][info] GC(40) Pause Young (Mixed) (G1 Evacuation Pause)
[2024-10-12T11:44:04.503+0800][info] GC(40) Using 3 workers of 48 for evacuation
[2024-10-12T11:44:04.506+0800][info] GC(40)   Pre Evacuate Collection Set: 0.2ms
[2024-10-12T11:44:04.506+0800][info] GC(40)   Merge Heap Roots: 0.1ms
[2024-10-12T11:44:04.506+0800][info] GC(40)   Evacuate Collection Set: 2.6ms
[2024-10-12T11:44:04.506+0800][info] GC(40)   Post Evacuate Collection Set: 0.3ms
[2024-10-12T11:44:04.506+0800][info] GC(40)   Other: 0.2ms
[2024-10-12T11:44:04.506+0800][info] GC(40) Eden regions: 2->0(2)
[2024-10-12T11:44:04.506+0800][info] GC(40) Survivor regions: 1->1(1)
[2024-10-12T11:44:04.506+0800][info] GC(40) Old regions: 47->46
[2024-10-12T11:44:04.506+0800][info] GC(40) Archive regions: 2->2
[2024-10-12T11:44:04.506+0800][info] GC(40) Humongous regions: 2->2
[2024-10-12T11:44:04.506+0800][info] GC(40) Metaspace: 1598K(1728K)->1598K(1728K) NonClass: 1462K(1536K)->1462K(1536K) Class: 135K(192K)->135K(192K)
[2024-10-12T11:44:04.506+0800][info] GC(40) Pause Young (Mixed) (G1 Evacuation Pause) 105M->98M(128M) 3.438ms
[2024-10-12T11:44:04.506+0800][info] GC(40) User=0.01s Sys=0.00s Real=0.01s
[2024-10-12T11:44:04.608+0800][info] GC(41) Pause Young (Mixed) (G1 Evacuation Pause)
[2024-10-12T11:44:04.608+0800][info] GC(41) Using 3 workers of 48 for evacuation
[2024-10-12T11:44:04.612+0800][info] GC(41)   Pre Evacuate Collection Set: 0.2ms
[2024-10-12T11:44:04.612+0800][info] GC(41)   Merge Heap Roots: 0.1ms
[2024-10-12T11:44:04.612+0800][info] GC(41)   Evacuate Collection Set: 2.9ms
[2024-10-12T11:44:04.612+0800][info] GC(41)   Post Evacuate Collection Set: 0.2ms
[2024-10-12T11:44:04.612+0800][info] GC(41)   Other: 0.2ms
[2024-10-12T11:44:04.612+0800][info] GC(41) Eden regions: 2->0(2)
[2024-10-12T11:44:04.612+0800][info] GC(41) Survivor regions: 1->1(1)
[2024-10-12T11:44:04.612+0800][info] GC(41) Old regions: 46->46
[2024-10-12T11:44:04.612+0800][info] GC(41) Archive regions: 2->2
[2024-10-12T11:44:04.612+0800][info] GC(41) Humongous regions: 2->2
[2024-10-12T11:44:04.612+0800][info] GC(41) Metaspace: 1598K(1728K)->1598K(1728K) NonClass: 1463K(1536K)->1463K(1536K) Class: 135K(192K)->135K(192K)
[2024-10-12T11:44:04.612+0800][info] GC(41) Pause Young (Mixed) (G1 Evacuation Pause) 102M->98M(128M) 3.619ms
[2024-10-12T11:44:04.612+0800][info] GC(41) User=0.01s Sys=0.00s Real=0.00s
[2024-10-12T11:44:04.715+0800][info] GC(42) Pause Young (Mixed) (G1 Evacuation Pause)
[2024-10-12T11:44:04.715+0800][info] GC(42) Using 3 workers of 48 for evacuation
[2024-10-12T11:44:04.719+0800][info] GC(42)   Pre Evacuate Collection Set: 0.2ms
[2024-10-12T11:44:04.719+0800][info] GC(42)   Merge Heap Roots: 0.1ms
[2024-10-12T11:44:04.719+0800][info] GC(42)   Evacuate Collection Set: 3.3ms
[2024-10-12T11:44:04.719+0800][info] GC(42)   Post Evacuate Collection Set: 0.3ms
[2024-10-12T11:44:04.719+0800][info] GC(42)   Other: 0.1ms
[2024-10-12T11:44:04.719+0800][info] GC(42) Eden regions: 2->0(2)
[2024-10-12T11:44:04.719+0800][info] GC(42) Survivor regions: 1->1(1)
[2024-10-12T11:44:04.719+0800][info] GC(42) Old regions: 46->44
[2024-10-12T11:44:04.719+0800][info] GC(42) Archive regions: 2->2
[2024-10-12T11:44:04.719+0800][info] GC(42) Humongous regions: 2->2
[2024-10-12T11:44:04.719+0800][info] GC(42) Metaspace: 1600K(1728K)->1600K(1728K) NonClass: 1464K(1536K)->1464K(1536K) Class: 135K(192K)->135K(192K)
[2024-10-12T11:44:04.719+0800][info] GC(42) Pause Young (Mixed) (G1 Evacuation Pause) 101M->95M(128M) 4.118ms
[2024-10-12T11:44:04.719+0800][info] GC(42) User=0.01s Sys=0.00s Real=0.00s
[2024-10-12T11:44:04.821+0800][info] GC(43) Pause Young (Mixed) (G1 Evacuation Pause)
[2024-10-12T11:44:04.821+0800][info] GC(43) Using 3 workers of 48 for evacuation
[2024-10-12T11:44:04.825+0800][info] GC(43)   Pre Evacuate Collection Set: 0.2ms
[2024-10-12T11:44:04.825+0800][info] GC(43)   Merge Heap Roots: 0.1ms
[2024-10-12T11:44:04.825+0800][info] GC(43)   Evacuate Collection Set: 2.6ms
[2024-10-12T11:44:04.825+0800][info] GC(43)   Post Evacuate Collection Set: 0.3ms
[2024-10-12T11:44:04.825+0800][info] GC(43)   Other: 0.2ms
[2024-10-12T11:44:04.825+0800][info] GC(43) Eden regions: 2->0(2)
[2024-10-12T11:44:04.825+0800][info] GC(43) Survivor regions: 1->1(1)
[2024-10-12T11:44:04.825+0800][info] GC(43) Old regions: 44->45
[2024-10-12T11:44:04.825+0800][info] GC(43) Archive regions: 2->2
[2024-10-12T11:44:04.825+0800][info] GC(43) Humongous regions: 2->2
[2024-10-12T11:44:04.825+0800][info] GC(43) Metaspace: 1600K(1728K)->1600K(1728K) NonClass: 1464K(1536K)->1464K(1536K) Class: 135K(192K)->135K(192K)
[2024-10-12T11:44:04.825+0800][info] GC(43) Pause Young (Mixed) (G1 Evacuation Pause) 99M->97M(128M) 3.421ms
[2024-10-12T11:44:04.825+0800][info] GC(43) User=0.01s Sys=0.00s Real=0.00s
[2024-10-12T11:44:04.928+0800][info] GC(44) Pause Young (Normal) (G1 Evacuation Pause)
[2024-10-12T11:44:04.928+0800][info] GC(44) Using 3 workers of 48 for evacuation
[2024-10-12T11:44:04.930+0800][info] GC(44)   Pre Evacuate Collection Set: 0.1ms
[2024-10-12T11:44:04.930+0800][info] GC(44)   Merge Heap Roots: 0.1ms
[2024-10-12T11:44:04.930+0800][info] GC(44)   Evacuate Collection Set: 1.1ms
[2024-10-12T11:44:04.930+0800][info] GC(44)   Post Evacuate Collection Set: 0.2ms
[2024-10-12T11:44:04.930+0800][info] GC(44)   Other: 0.2ms
[2024-10-12T11:44:04.930+0800][info] GC(44) Eden regions: 2->0(2)
[2024-10-12T11:44:04.930+0800][info] GC(44) Survivor regions: 1->1(1)
[2024-10-12T11:44:04.930+0800][info] GC(44) Old regions: 45->47
[2024-10-12T11:44:04.930+0800][info] GC(44) Archive regions: 2->2
[2024-10-12T11:44:04.930+0800][info] GC(44) Humongous regions: 2->2
[2024-10-12T11:44:04.930+0800][info] GC(44) Metaspace: 1600K(1728K)->1600K(1728K) NonClass: 1464K(1536K)->1464K(1536K) Class: 135K(192K)->135K(192K)
[2024-10-12T11:44:04.930+0800][info] GC(44) Pause Young (Normal) (G1 Evacuation Pause) 101M->101M(128M) 1.844ms
[2024-10-12T11:44:04.930+0800][info] GC(44) User=0.00s Sys=0.00s Real=0.00s
[2024-10-12T11:44:05.032+0800][info] GC(45) Pause Young (Normal) (G1 Evacuation Pause)
[2024-10-12T11:44:05.032+0800][info] GC(45) Using 3 workers of 48 for evacuation
[2024-10-12T11:44:05.034+0800][info] GC(45)   Pre Evacuate Collection Set: 0.1ms
[2024-10-12T11:44:05.034+0800][info] GC(45)   Merge Heap Roots: 0.1ms
[2024-10-12T11:44:05.034+0800][info] GC(45)   Evacuate Collection Set: 1.2ms
[2024-10-12T11:44:05.034+0800][info] GC(45)   Post Evacuate Collection Set: 0.2ms
[2024-10-12T11:44:05.034+0800][info] GC(45)   Other: 0.2ms
[2024-10-12T11:44:05.034+0800][info] GC(45) Eden regions: 2->0(2)
[2024-10-12T11:44:05.034+0800][info] GC(45) Survivor regions: 1->1(1)
[2024-10-12T11:44:05.034+0800][info] GC(45) Old regions: 47->49
[2024-10-12T11:44:05.034+0800][info] GC(45) Archive regions: 2->2
[2024-10-12T11:44:05.034+0800][info] GC(45) Humongous regions: 2->2
[2024-10-12T11:44:05.034+0800][info] GC(45) Metaspace: 1600K(1728K)->1600K(1728K) NonClass: 1464K(1536K)->1464K(1536K) Class: 135K(192K)->135K(192K)
[2024-10-12T11:44:05.034+0800][info] GC(45) Pause Young (Normal) (G1 Evacuation Pause) 104M->105M(128M) 1.845ms
[2024-10-12T11:44:05.034+0800][info] GC(45) User=0.01s Sys=0.00s Real=0.01s
[2024-10-12T11:44:05.075+0800][info] GC(46) Pause Young (Concurrent Start) (G1 Humongous Allocation)
[2024-10-12T11:44:05.075+0800][info] GC(46) Using 3 workers of 48 for evacuation
[2024-10-12T11:44:05.077+0800][info] GC(46)   Pre Evacuate Collection Set: 0.1ms
[2024-10-12T11:44:05.077+0800][info] GC(46)   Merge Heap Roots: 0.1ms
[2024-10-12T11:44:05.077+0800][info] GC(46)   Evacuate Collection Set: 0.8ms
[2024-10-12T11:44:05.077+0800][info] GC(46)   Post Evacuate Collection Set: 0.2ms
[2024-10-12T11:44:05.077+0800][info] GC(46)   Other: 0.4ms
[2024-10-12T11:44:05.077+0800][info] GC(46) Eden regions: 1->0(2)
[2024-10-12T11:44:05.077+0800][info] GC(46) Survivor regions: 1->1(1)
[2024-10-12T11:44:05.077+0800][info] GC(46) Old regions: 49->50
[2024-10-12T11:44:05.077+0800][info] GC(46) Archive regions: 2->2
[2024-10-12T11:44:05.077+0800][info] GC(46) Humongous regions: 2->2
[2024-10-12T11:44:05.077+0800][info] GC(46) Metaspace: 1600K(1728K)->1600K(1728K) NonClass: 1464K(1536K)->1464K(1536K) Class: 135K(192K)->135K(192K)
[2024-10-12T11:44:05.077+0800][info] GC(46) Pause Young (Concurrent Start) (G1 Humongous Allocation) 107M->107M(128M) 1.685ms
[2024-10-12T11:44:05.077+0800][info] GC(46) User=0.00s Sys=0.00s Real=0.00s
[2024-10-12T11:44:05.077+0800][info] GC(47) Concurrent Mark Cycle
[2024-10-12T11:44:05.077+0800][info] GC(47) Concurrent Clear Claimed Marks
[2024-10-12T11:44:05.077+0800][info] GC(47) Concurrent Clear Claimed Marks 0.016ms
[2024-10-12T11:44:05.077+0800][info] GC(47) Concurrent Scan Root Regions
[2024-10-12T11:44:05.077+0800][info] GC(47) Concurrent Scan Root Regions 0.197ms
[2024-10-12T11:44:05.077+0800][info] GC(47) Concurrent Mark
[2024-10-12T11:44:05.077+0800][info] GC(47) Concurrent Mark From Roots
[2024-10-12T11:44:05.077+0800][info] GC(47) Using 12 workers of 12 for marking
[2024-10-12T11:44:05.082+0800][info] GC(47) Concurrent Mark From Roots 4.505ms
[2024-10-12T11:44:05.082+0800][info] GC(47) Concurrent Preclean
[2024-10-12T11:44:05.084+0800][info] GC(47) Concurrent Preclean 1.676ms
[2024-10-12T11:44:05.084+0800][info] GC(47) Pause Remark
[2024-10-12T11:44:05.085+0800][info] GC(47) Pause Remark 109M->109M(128M) 1.379ms
[2024-10-12T11:44:05.085+0800][info] GC(47) User=0.00s Sys=0.00s Real=0.01s
[2024-10-12T11:44:05.085+0800][info] GC(47) Concurrent Mark 8.295ms
[2024-10-12T11:44:05.085+0800][info] GC(47) Concurrent Rebuild Remembered Sets
[2024-10-12T11:44:05.087+0800][info] GC(47) Concurrent Rebuild Remembered Sets 1.539ms
[2024-10-12T11:44:05.087+0800][info] GC(47) Pause Cleanup
[2024-10-12T11:44:05.087+0800][info] GC(47) Pause Cleanup 109M->109M(128M) 0.203ms
[2024-10-12T11:44:05.087+0800][info] GC(47) User=0.00s Sys=0.00s Real=0.00s
[2024-10-12T11:44:05.087+0800][info] GC(47) Concurrent Cleanup for Next Mark
[2024-10-12T11:44:05.088+0800][info] GC(47) Concurrent Cleanup for Next Mark 0.347ms
[2024-10-12T11:44:05.088+0800][info] GC(47) Concurrent Mark Cycle 10.964ms
[2024-10-12T11:44:05.252+0800][info] GC(48) Pause Young (Prepare Mixed) (G1 Evacuation Pause)
[2024-10-12T11:44:05.252+0800][info] GC(48) Using 3 workers of 48 for evacuation
[2024-10-12T11:44:05.254+0800][info] GC(48)   Pre Evacuate Collection Set: 0.1ms
[2024-10-12T11:44:05.254+0800][info] GC(48)   Merge Heap Roots: 0.1ms
[2024-10-12T11:44:05.254+0800][info] GC(48)   Evacuate Collection Set: 1.1ms
[2024-10-12T11:44:05.254+0800][info] GC(48)   Post Evacuate Collection Set: 0.2ms
[2024-10-12T11:44:05.254+0800][info] GC(48)   Other: 0.2ms
[2024-10-12T11:44:05.254+0800][info] GC(48) Eden regions: 2->0(2)
[2024-10-12T11:44:05.254+0800][info] GC(48) Survivor regions: 1->1(1)
[2024-10-12T11:44:05.254+0800][info] GC(48) Old regions: 50->52
[2024-10-12T11:44:05.254+0800][info] GC(48) Archive regions: 2->2
[2024-10-12T11:44:05.254+0800][info] GC(48) Humongous regions: 3->3
[2024-10-12T11:44:05.254+0800][info] GC(48) Metaspace: 1606K(1728K)->1606K(1728K) NonClass: 1470K(1536K)->1470K(1536K) Class: 135K(192K)->135K(192K)
[2024-10-12T11:44:05.254+0800][info] GC(48) Pause Young (Prepare Mixed) (G1 Evacuation Pause) 112M->113M(128M) 1.805ms
[2024-10-12T11:44:05.254+0800][info] GC(48) User=0.01s Sys=0.00s Real=0.01s
[2024-10-12T11:44:05.316+0800][info] GC(49) Pause Young (Mixed) (G1 Preventive Collection)
[2024-10-12T11:44:05.316+0800][info] GC(49) Using 3 workers of 48 for evacuation
[2024-10-12T11:44:05.318+0800][info] GC(49)   Pre Evacuate Collection Set: 0.2ms
[2024-10-12T11:44:05.318+0800][info] GC(49)   Merge Heap Roots: 0.1ms
[2024-10-12T11:44:05.318+0800][info] GC(49)   Evacuate Collection Set: 1.8ms
[2024-10-12T11:44:05.318+0800][info] GC(49)   Post Evacuate Collection Set: 0.2ms
[2024-10-12T11:44:05.318+0800][info] GC(49)   Other: 0.2ms
[2024-10-12T11:44:05.318+0800][info] GC(49) Eden regions: 1->0(2)
[2024-10-12T11:44:05.318+0800][info] GC(49) Survivor regions: 1->1(1)
[2024-10-12T11:44:05.318+0800][info] GC(49) Old regions: 52->48
[2024-10-12T11:44:05.318+0800][info] GC(49) Archive regions: 2->2
[2024-10-12T11:44:05.318+0800][info] GC(49) Humongous regions: 3->3
[2024-10-12T11:44:05.318+0800][info] GC(49) Metaspace: 1606K(1728K)->1606K(1728K) NonClass: 1470K(1536K)->1470K(1536K) Class: 135K(192K)->135K(192K)
[2024-10-12T11:44:05.318+0800][info] GC(49) Pause Young (Mixed) (G1 Preventive Collection) 115M->105M(128M) 2.569ms
[2024-10-12T11:44:05.318+0800][info] GC(49) User=0.00s Sys=0.00s Real=0.00s
[2024-10-12T11:44:05.421+0800][info] GC(50) Pause Young (Mixed) (G1 Evacuation Pause)
[2024-10-12T11:44:05.421+0800][info] GC(50) Using 3 workers of 48 for evacuation
[2024-10-12T11:44:05.425+0800][info] GC(50)   Pre Evacuate Collection Set: 0.2ms
[2024-10-12T11:44:05.425+0800][info] GC(50)   Merge Heap Roots: 0.1ms
[2024-10-12T11:44:05.425+0800][info] GC(50)   Evacuate Collection Set: 2.7ms
[2024-10-12T11:44:05.425+0800][info] GC(50)   Post Evacuate Collection Set: 0.2ms
[2024-10-12T11:44:05.425+0800][info] GC(50)   Other: 0.2ms
[2024-10-12T11:44:05.425+0800][info] GC(50) Eden regions: 2->0(2)
[2024-10-12T11:44:05.425+0800][info] GC(50) Survivor regions: 1->1(1)
[2024-10-12T11:44:05.425+0800][info] GC(50) Old regions: 48->47
[2024-10-12T11:44:05.425+0800][info] GC(50) Archive regions: 2->2
[2024-10-12T11:44:05.425+0800][info] GC(50) Humongous regions: 3->3
[2024-10-12T11:44:05.425+0800][info] GC(50) Metaspace: 1610K(1728K)->1610K(1728K) NonClass: 1474K(1536K)->1474K(1536K) Class: 135K(192K)->135K(192K)
[2024-10-12T11:44:05.425+0800][info] GC(50) Pause Young (Mixed) (G1 Evacuation Pause) 109M->102M(128M) 3.491ms
[2024-10-12T11:44:05.425+0800][info] GC(50) User=0.01s Sys=0.00s Real=0.00s
[2024-10-12T11:44:05.527+0800][info] GC(51) Pause Young (Mixed) (G1 Evacuation Pause)
[2024-10-12T11:44:05.527+0800][info] GC(51) Using 3 workers of 48 for evacuation
[2024-10-12T11:44:05.530+0800][info] GC(51)   Pre Evacuate Collection Set: 0.2ms
[2024-10-12T11:44:05.530+0800][info] GC(51)   Merge Heap Roots: 0.1ms
[2024-10-12T11:44:05.530+0800][info] GC(51)   Evacuate Collection Set: 2.7ms
[2024-10-12T11:44:05.530+0800][info] GC(51)   Post Evacuate Collection Set: 0.3ms
[2024-10-12T11:44:05.530+0800][info] GC(51)   Other: 0.1ms
[2024-10-12T11:44:05.530+0800][info] GC(51) Eden regions: 2->0(2)
[2024-10-12T11:44:05.531+0800][info] GC(51) Survivor regions: 1->1(1)
[2024-10-12T11:44:05.531+0800][info] GC(51) Old regions: 47->45
[2024-10-12T11:44:05.531+0800][info] GC(51) Archive regions: 2->2
[2024-10-12T11:44:05.531+0800][info] GC(51) Humongous regions: 3->3
[2024-10-12T11:44:05.531+0800][info] GC(51) Metaspace: 1610K(1728K)->1610K(1728K) NonClass: 1474K(1536K)->1474K(1536K) Class: 135K(192K)->135K(192K)
[2024-10-12T11:44:05.531+0800][info] GC(51) Pause Young (Mixed) (G1 Evacuation Pause) 105M->99M(128M) 3.499ms
[2024-10-12T11:44:05.531+0800][info] GC(51) User=0.01s Sys=0.00s Real=0.00s
[2024-10-12T11:44:05.634+0800][info] GC(52) Pause Young (Mixed) (G1 Evacuation Pause)
[2024-10-12T11:44:05.634+0800][info] GC(52) Using 3 workers of 48 for evacuation
[2024-10-12T11:44:05.638+0800][info] GC(52)   Pre Evacuate Collection Set: 0.2ms
[2024-10-12T11:44:05.638+0800][info] GC(52)   Merge Heap Roots: 0.1ms
[2024-10-12T11:44:05.638+0800][info] GC(52)   Evacuate Collection Set: 3.2ms
[2024-10-12T11:44:05.638+0800][info] GC(52)   Post Evacuate Collection Set: 0.3ms
[2024-10-12T11:44:05.638+0800][info] GC(52)   Other: 0.2ms
[2024-10-12T11:44:05.638+0800][info] GC(52) Eden regions: 2->0(2)
[2024-10-12T11:44:05.638+0800][info] GC(52) Survivor regions: 1->1(1)
[2024-10-12T11:44:05.638+0800][info] GC(52) Old regions: 45->44
[2024-10-12T11:44:05.638+0800][info] GC(52) Archive regions: 2->2
[2024-10-12T11:44:05.638+0800][info] GC(52) Humongous regions: 3->3
[2024-10-12T11:44:05.638+0800][info] GC(52) Metaspace: 1610K(1728K)->1610K(1728K) NonClass: 1474K(1536K)->1474K(1536K) Class: 135K(192K)->135K(192K)
[2024-10-12T11:44:05.638+0800][info] GC(52) Pause Young (Mixed) (G1 Evacuation Pause) 103M->97M(128M) 4.031ms
[2024-10-12T11:44:05.638+0800][info] GC(52) User=0.01s Sys=0.00s Real=0.00s
[2024-10-12T11:44:05.740+0800][info] GC(53) Pause Young (Mixed) (G1 Evacuation Pause)
[2024-10-12T11:44:05.740+0800][info] GC(53) Using 3 workers of 48 for evacuation
[2024-10-12T11:44:05.745+0800][info] GC(53)   Pre Evacuate Collection Set: 0.2ms
[2024-10-12T11:44:05.745+0800][info] GC(53)   Merge Heap Roots: 0.1ms
[2024-10-12T11:44:05.745+0800][info] GC(53)   Evacuate Collection Set: 3.8ms
[2024-10-12T11:44:05.745+0800][info] GC(53)   Post Evacuate Collection Set: 0.3ms
[2024-10-12T11:44:05.745+0800][info] GC(53)   Other: 0.2ms
[2024-10-12T11:44:05.745+0800][info] GC(53) Eden regions: 2->0(2)
[2024-10-12T11:44:05.745+0800][info] GC(53) Survivor regions: 1->1(1)
[2024-10-12T11:44:05.745+0800][info] GC(53) Old regions: 44->44
[2024-10-12T11:44:05.745+0800][info] GC(53) Archive regions: 2->2
[2024-10-12T11:44:05.745+0800][info] GC(53) Humongous regions: 3->3
[2024-10-12T11:44:05.745+0800][info] GC(53) Metaspace: 1610K(1728K)->1610K(1728K) NonClass: 1474K(1536K)->1474K(1536K) Class: 135K(192K)->135K(192K)
[2024-10-12T11:44:05.745+0800][info] GC(53) Pause Young (Mixed) (G1 Evacuation Pause) 100M->96M(128M) 4.664ms
[2024-10-12T11:44:05.745+0800][info] GC(53) User=0.01s Sys=0.00s Real=0.00s
[2024-10-12T11:44:05.848+0800][info] GC(54) Pause Young (Normal) (G1 Evacuation Pause)
[2024-10-12T11:44:05.848+0800][info] GC(54) Using 3 workers of 48 for evacuation
[2024-10-12T11:44:05.849+0800][info] GC(54)   Pre Evacuate Collection Set: 0.1ms
[2024-10-12T11:44:05.849+0800][info] GC(54)   Merge Heap Roots: 0.0ms
[2024-10-12T11:44:05.849+0800][info] GC(54)   Evacuate Collection Set: 0.9ms
[2024-10-12T11:44:05.849+0800][info] GC(54)   Post Evacuate Collection Set: 0.2ms
[2024-10-12T11:44:05.849+0800][info] GC(54)   Other: 0.2ms
[2024-10-12T11:44:05.849+0800][info] GC(54) Eden regions: 2->0(2)
[2024-10-12T11:44:05.849+0800][info] GC(54) Survivor regions: 1->1(1)
[2024-10-12T11:44:05.849+0800][info] GC(54) Old regions: 44->45
[2024-10-12T11:44:05.849+0800][info] GC(54) Archive regions: 2->2
[2024-10-12T11:44:05.849+0800][info] GC(54) Humongous regions: 3->3
[2024-10-12T11:44:05.849+0800][info] GC(54) Metaspace: 1610K(1728K)->1610K(1728K) NonClass: 1474K(1536K)->1474K(1536K) Class: 135K(192K)->135K(192K)
[2024-10-12T11:44:05.849+0800][info] GC(54) Pause Young (Normal) (G1 Evacuation Pause) 100M->99M(128M) 1.634ms
[2024-10-12T11:44:05.849+0800][info] GC(54) User=0.01s Sys=0.00s Real=0.00s
[2024-10-12T11:44:05.952+0800][info] GC(55) Pause Young (Normal) (G1 Evacuation Pause)
[2024-10-12T11:44:05.952+0800][info] GC(55) Using 3 workers of 48 for evacuation
[2024-10-12T11:44:05.953+0800][info] GC(55)   Pre Evacuate Collection Set: 0.1ms
[2024-10-12T11:44:05.953+0800][info] GC(55)   Merge Heap Roots: 0.1ms
[2024-10-12T11:44:05.953+0800][info] GC(55)   Evacuate Collection Set: 1.0ms
[2024-10-12T11:44:05.953+0800][info] GC(55)   Post Evacuate Collection Set: 0.3ms
[2024-10-12T11:44:05.953+0800][info] GC(55)   Other: 0.2ms
[2024-10-12T11:44:05.953+0800][info] GC(55) Eden regions: 2->0(2)
[2024-10-12T11:44:05.953+0800][info] GC(55) Survivor regions: 1->1(1)
[2024-10-12T11:44:05.953+0800][info] GC(55) Old regions: 45->47
[2024-10-12T11:44:05.953+0800][info] GC(55) Archive regions: 2->2
[2024-10-12T11:44:05.953+0800][info] GC(55) Humongous regions: 3->3
[2024-10-12T11:44:05.953+0800][info] GC(55) Metaspace: 1610K(1728K)->1610K(1728K) NonClass: 1474K(1536K)->1474K(1536K) Class: 135K(192K)->135K(192K)
[2024-10-12T11:44:05.953+0800][info] GC(55) Pause Young (Normal) (G1 Evacuation Pause) 103M->103M(128M) 1.792ms
[2024-10-12T11:44:05.953+0800][info] GC(55) User=0.00s Sys=0.00s Real=0.01s
[2024-10-12T11:44:06.056+0800][info] GC(56) Pause Young (Concurrent Start) (G1 Evacuation Pause)
[2024-10-12T11:44:06.056+0800][info] GC(56) Using 3 workers of 48 for evacuation
[2024-10-12T11:44:06.058+0800][info] GC(56)   Pre Evacuate Collection Set: 0.1ms
[2024-10-12T11:44:06.058+0800][info] GC(56)   Merge Heap Roots: 0.1ms
[2024-10-12T11:44:06.058+0800][info] GC(56)   Evacuate Collection Set: 1.1ms
[2024-10-12T11:44:06.058+0800][info] GC(56)   Post Evacuate Collection Set: 0.2ms
[2024-10-12T11:44:06.058+0800][info] GC(56)   Other: 0.4ms
[2024-10-12T11:44:06.058+0800][info] GC(56) Eden regions: 2->0(2)
[2024-10-12T11:44:06.058+0800][info] GC(56) Survivor regions: 1->1(1)
[2024-10-12T11:44:06.058+0800][info] GC(56) Old regions: 47->49
[2024-10-12T11:44:06.058+0800][info] GC(56) Archive regions: 2->2
[2024-10-12T11:44:06.058+0800][info] GC(56) Humongous regions: 3->3
[2024-10-12T11:44:06.058+0800][info] GC(56) Metaspace: 1610K(1728K)->1610K(1728K) NonClass: 1474K(1536K)->1474K(1536K) Class: 135K(192K)->135K(192K)
[2024-10-12T11:44:06.058+0800][info] GC(56) Pause Young (Concurrent Start) (G1 Evacuation Pause) 107M->107M(128M) 1.970ms
[2024-10-12T11:44:06.058+0800][info] GC(56) User=0.01s Sys=0.00s Real=0.00s
[2024-10-12T11:44:06.058+0800][info] GC(57) Concurrent Mark Cycle
[2024-10-12T11:44:06.059+0800][info] GC(57) Concurrent Clear Claimed Marks
[2024-10-12T11:44:06.059+0800][info] GC(57) Concurrent Clear Claimed Marks 0.020ms
[2024-10-12T11:44:06.059+0800][info] GC(57) Concurrent Scan Root Regions
[2024-10-12T11:44:06.059+0800][info] GC(57) Concurrent Scan Root Regions 0.168ms
[2024-10-12T11:44:06.059+0800][info] GC(57) Concurrent Mark
[2024-10-12T11:44:06.059+0800][info] GC(57) Concurrent Mark From Roots
[2024-10-12T11:44:06.059+0800][info] GC(57) Using 12 workers of 12 for marking
[2024-10-12T11:44:06.062+0800][info] GC(57) Concurrent Mark From Roots 3.453ms
[2024-10-12T11:44:06.062+0800][info] GC(57) Concurrent Preclean
[2024-10-12T11:44:06.064+0800][info] GC(57) Concurrent Preclean 1.663ms
[2024-10-12T11:44:06.064+0800][info] GC(57) Pause Remark
[2024-10-12T11:44:06.065+0800][info] GC(57) Pause Remark 108M->106M(128M) 1.399ms
[2024-10-12T11:44:06.066+0800][info] GC(57) User=0.00s Sys=0.00s Real=0.01s
[2024-10-12T11:44:06.066+0800][info] GC(57) Concurrent Mark 6.825ms
[2024-10-12T11:44:06.066+0800][info] GC(57) Concurrent Rebuild Remembered Sets
[2024-10-12T11:44:06.067+0800][info] GC(57) Concurrent Rebuild Remembered Sets 1.328ms
[2024-10-12T11:44:06.067+0800][info] GC(57) Pause Cleanup
[2024-10-12T11:44:06.067+0800][info] GC(57) Pause Cleanup 106M->106M(128M) 0.205ms
[2024-10-12T11:44:06.067+0800][info] GC(57) User=0.00s Sys=0.00s Real=0.00s
[2024-10-12T11:44:06.067+0800][info] GC(57) Concurrent Cleanup for Next Mark
[2024-10-12T11:44:06.068+0800][info] GC(57) Concurrent Cleanup for Next Mark 0.390ms
[2024-10-12T11:44:06.068+0800][info] GC(57) Concurrent Mark Cycle 9.312ms
[2024-10-12T11:44:06.212+0800][info] GC(58) Pause Young (Prepare Mixed) (G1 Evacuation Pause)
[2024-10-12T11:44:06.212+0800][info] GC(58) Using 3 workers of 48 for evacuation
[2024-10-12T11:44:06.214+0800][info] GC(58)   Pre Evacuate Collection Set: 0.1ms
[2024-10-12T11:44:06.214+0800][info] GC(58)   Merge Heap Roots: 0.1ms
[2024-10-12T11:44:06.214+0800][info] GC(58)   Evacuate Collection Set: 1.0ms
[2024-10-12T11:44:06.214+0800][info] GC(58)   Post Evacuate Collection Set: 0.2ms
[2024-10-12T11:44:06.214+0800][info] GC(58)   Other: 0.2ms
[2024-10-12T11:44:06.214+0800][info] GC(58) Eden regions: 2->0(2)
[2024-10-12T11:44:06.214+0800][info] GC(58) Survivor regions: 1->1(1)
[2024-10-12T11:44:06.214+0800][info] GC(58) Old regions: 48->50
[2024-10-12T11:44:06.214+0800][info] GC(58) Archive regions: 2->2
[2024-10-12T11:44:06.214+0800][info] GC(58) Humongous regions: 3->3
[2024-10-12T11:44:06.214+0800][info] GC(58) Metaspace: 1610K(1728K)->1610K(1728K) NonClass: 1474K(1536K)->1474K(1536K) Class: 135K(192K)->135K(192K)
[2024-10-12T11:44:06.214+0800][info] GC(58) Pause Young (Prepare Mixed) (G1 Evacuation Pause) 109M->109M(128M) 1.728ms
[2024-10-12T11:44:06.214+0800][info] GC(58) User=0.00s Sys=0.00s Real=0.01s
[2024-10-12T11:44:06.317+0800][info] GC(59) Pause Young (Mixed) (G1 Preventive Collection)
[2024-10-12T11:44:06.317+0800][info] GC(59) Using 3 workers of 48 for evacuation
[2024-10-12T11:44:06.319+0800][info] GC(59)   Pre Evacuate Collection Set: 0.2ms
[2024-10-12T11:44:06.319+0800][info] GC(59)   Merge Heap Roots: 0.1ms
[2024-10-12T11:44:06.319+0800][info] GC(59)   Evacuate Collection Set: 1.8ms
[2024-10-12T11:44:06.319+0800][info] GC(59)   Post Evacuate Collection Set: 0.2ms
[2024-10-12T11:44:06.319+0800][info] GC(59)   Other: 0.2ms
[2024-10-12T11:44:06.319+0800][info] GC(59) Eden regions: 2->0(2)
[2024-10-12T11:44:06.319+0800][info] GC(59) Survivor regions: 1->1(1)
[2024-10-12T11:44:06.319+0800][info] GC(59) Old regions: 50->47
[2024-10-12T11:44:06.319+0800][info] GC(59) Archive regions: 2->2
[2024-10-12T11:44:06.319+0800][info] GC(59) Humongous regions: 3->3
[2024-10-12T11:44:06.319+0800][info] GC(59) Metaspace: 1610K(1728K)->1610K(1728K) NonClass: 1474K(1536K)->1474K(1536K) Class: 135K(192K)->135K(192K)
[2024-10-12T11:44:06.320+0800][info] GC(59) Pause Young (Mixed) (G1 Preventive Collection) 112M->103M(128M) 2.549ms
[2024-10-12T11:44:06.320+0800][info] GC(59) User=0.00s Sys=0.00s Real=0.00s
[2024-10-12T11:44:06.422+0800][info] GC(60) Pause Young (Mixed) (G1 Evacuation Pause)
[2024-10-12T11:44:06.422+0800][info] GC(60) Using 3 workers of 48 for evacuation
[2024-10-12T11:44:06.425+0800][info] GC(60)   Pre Evacuate Collection Set: 0.2ms
[2024-10-12T11:44:06.425+0800][info] GC(60)   Merge Heap Roots: 0.1ms
[2024-10-12T11:44:06.425+0800][info] GC(60)   Evacuate Collection Set: 2.8ms
[2024-10-12T11:44:06.425+0800][info] GC(60)   Post Evacuate Collection Set: 0.3ms
[2024-10-12T11:44:06.425+0800][info] GC(60)   Other: 0.1ms
[2024-10-12T11:44:06.425+0800][info] GC(60) Eden regions: 2->0(2)
[2024-10-12T11:44:06.425+0800][info] GC(60) Survivor regions: 1->1(1)
[2024-10-12T11:44:06.425+0800][info] GC(60) Old regions: 47->46
[2024-10-12T11:44:06.425+0800][info] GC(60) Archive regions: 2->2
[2024-10-12T11:44:06.425+0800][info] GC(60) Humongous regions: 3->3
[2024-10-12T11:44:06.425+0800][info] GC(60) Metaspace: 1610K(1728K)->1610K(1728K) NonClass: 1474K(1536K)->1474K(1536K) Class: 135K(192K)->135K(192K)
[2024-10-12T11:44:06.425+0800][info] GC(60) Pause Young (Mixed) (G1 Evacuation Pause) 106M->100M(128M) 3.683ms
[2024-10-12T11:44:06.425+0800][info] GC(60) User=0.00s Sys=0.00s Real=0.01s
[2024-10-12T11:44:06.528+0800][info] GC(61) Pause Young (Mixed) (G1 Evacuation Pause)
[2024-10-12T11:44:06.528+0800][info] GC(61) Using 3 workers of 48 for evacuation
[2024-10-12T11:44:06.532+0800][info] GC(61)   Pre Evacuate Collection Set: 0.2ms
[2024-10-12T11:44:06.532+0800][info] GC(61)   Merge Heap Roots: 0.1ms
[2024-10-12T11:44:06.532+0800][info] GC(61)   Evacuate Collection Set: 2.7ms
[2024-10-12T11:44:06.532+0800][info] GC(61)   Post Evacuate Collection Set: 0.2ms
[2024-10-12T11:44:06.532+0800][info] GC(61)   Other: 0.2ms
[2024-10-12T11:44:06.532+0800][info] GC(61) Eden regions: 2->0(2)
[2024-10-12T11:44:06.532+0800][info] GC(61) Survivor regions: 1->1(1)
[2024-10-12T11:44:06.532+0800][info] GC(61) Old regions: 46->45
[2024-10-12T11:44:06.532+0800][info] GC(61) Archive regions: 2->2
[2024-10-12T11:44:06.532+0800][info] GC(61) Humongous regions: 3->3
[2024-10-12T11:44:06.532+0800][info] GC(61) Metaspace: 1610K(1728K)->1610K(1728K) NonClass: 1474K(1536K)->1474K(1536K) Class: 135K(192K)->135K(192K)
[2024-10-12T11:44:06.532+0800][info] GC(61) Pause Young (Mixed) (G1 Evacuation Pause) 104M->99M(128M) 3.510ms
[2024-10-12T11:44:06.532+0800][info] GC(61) User=0.01s Sys=0.00s Real=0.00s
[2024-10-12T11:44:06.634+0800][info] GC(62) Pause Young (Mixed) (G1 Evacuation Pause)
[2024-10-12T11:44:06.634+0800][info] GC(62) Using 3 workers of 48 for evacuation
[2024-10-12T11:44:06.638+0800][info] GC(62)   Pre Evacuate Collection Set: 0.1ms
[2024-10-12T11:44:06.638+0800][info] GC(62)   Merge Heap Roots: 0.1ms
[2024-10-12T11:44:06.638+0800][info] GC(62)   Evacuate Collection Set: 3.0ms
[2024-10-12T11:44:06.638+0800][info] GC(62)   Post Evacuate Collection Set: 0.3ms
[2024-10-12T11:44:06.638+0800][info] GC(62)   Other: 0.2ms
[2024-10-12T11:44:06.638+0800][info] GC(62) Eden regions: 2->0(2)
[2024-10-12T11:44:06.638+0800][info] GC(62) Survivor regions: 1->1(1)
[2024-10-12T11:44:06.638+0800][info] GC(62) Old regions: 45->45
[2024-10-12T11:44:06.638+0800][info] GC(62) Archive regions: 2->2
[2024-10-12T11:44:06.638+0800][info] GC(62) Humongous regions: 3->3
[2024-10-12T11:44:06.638+0800][info] GC(62) Metaspace: 1610K(1728K)->1610K(1728K) NonClass: 1474K(1536K)->1474K(1536K) Class: 135K(192K)->135K(192K)
[2024-10-12T11:44:06.638+0800][info] GC(62) Pause Young (Mixed) (G1 Evacuation Pause) 102M->98M(128M) 3.787ms
[2024-10-12T11:44:06.638+0800][info] GC(62) User=0.01s Sys=0.00s Real=0.00s
[2024-10-12T11:44:06.741+0800][info] GC(63) Pause Young (Mixed) (G1 Evacuation Pause)
[2024-10-12T11:44:06.741+0800][info] GC(63) Using 3 workers of 48 for evacuation
[2024-10-12T11:44:06.744+0800][info] GC(63)   Pre Evacuate Collection Set: 0.1ms
[2024-10-12T11:44:06.744+0800][info] GC(63)   Merge Heap Roots: 0.1ms
[2024-10-12T11:44:06.744+0800][info] GC(63)   Evacuate Collection Set: 2.0ms
[2024-10-12T11:44:06.744+0800][info] GC(63)   Post Evacuate Collection Set: 0.2ms
[2024-10-12T11:44:06.744+0800][info] GC(63)   Other: 0.2ms
[2024-10-12T11:44:06.744+0800][info] GC(63) Eden regions: 2->0(2)
[2024-10-12T11:44:06.744+0800][info] GC(63) Survivor regions: 1->1(1)
[2024-10-12T11:44:06.744+0800][info] GC(63) Old regions: 45->45
[2024-10-12T11:44:06.744+0800][info] GC(63) Archive regions: 2->2
[2024-10-12T11:44:06.744+0800][info] GC(63) Humongous regions: 3->3
[2024-10-12T11:44:06.744+0800][info] GC(63) Metaspace: 1610K(1728K)->1610K(1728K) NonClass: 1474K(1536K)->1474K(1536K) Class: 135K(192K)->135K(192K)
[2024-10-12T11:44:06.744+0800][info] GC(63) Pause Young (Mixed) (G1 Evacuation Pause) 101M->98M(128M) 2.730ms
[2024-10-12T11:44:06.744+0800][info] GC(63) User=0.01s Sys=0.00s Real=0.00s
[2024-10-12T11:44:06.846+0800][info] GC(64) Pause Young (Normal) (G1 Evacuation Pause)
[2024-10-12T11:44:06.846+0800][info] GC(64) Using 3 workers of 48 for evacuation
[2024-10-12T11:44:06.848+0800][info] GC(64)   Pre Evacuate Collection Set: 0.1ms
[2024-10-12T11:44:06.848+0800][info] GC(64)   Merge Heap Roots: 0.1ms
[2024-10-12T11:44:06.848+0800][info] GC(64)   Evacuate Collection Set: 1.0ms
[2024-10-12T11:44:06.848+0800][info] GC(64)   Post Evacuate Collection Set: 0.2ms
[2024-10-12T11:44:06.848+0800][info] GC(64)   Other: 0.2ms
[2024-10-12T11:44:06.848+0800][info] GC(64) Eden regions: 2->0(2)
[2024-10-12T11:44:06.848+0800][info] GC(64) Survivor regions: 1->1(1)
[2024-10-12T11:44:06.848+0800][info] GC(64) Old regions: 45->47
[2024-10-12T11:44:06.848+0800][info] GC(64) Archive regions: 2->2
[2024-10-12T11:44:06.848+0800][info] GC(64) Humongous regions: 3->3
[2024-10-12T11:44:06.848+0800][info] GC(64) Metaspace: 1610K(1728K)->1610K(1728K) NonClass: 1474K(1536K)->1474K(1536K) Class: 135K(192K)->135K(192K)
[2024-10-12T11:44:06.848+0800][info] GC(64) Pause Young (Normal) (G1 Evacuation Pause) 101M->102M(128M) 1.750ms
[2024-10-12T11:44:06.848+0800][info] GC(64) User=0.00s Sys=0.00s Real=0.00s
[2024-10-12T11:44:06.951+0800][info] GC(65) Pause Young (Normal) (G1 Evacuation Pause)
[2024-10-12T11:44:06.951+0800][info] GC(65) Using 3 workers of 48 for evacuation
[2024-10-12T11:44:06.952+0800][info] GC(65)   Pre Evacuate Collection Set: 0.1ms
[2024-10-12T11:44:06.952+0800][info] GC(65)   Merge Heap Roots: 0.0ms
[2024-10-12T11:44:06.952+0800][info] GC(65)   Evacuate Collection Set: 0.8ms
[2024-10-12T11:44:06.952+0800][info] GC(65)   Post Evacuate Collection Set: 0.2ms
[2024-10-12T11:44:06.952+0800][info] GC(65)   Other: 0.2ms
[2024-10-12T11:44:06.952+0800][info] GC(65) Eden regions: 2->0(2)
[2024-10-12T11:44:06.952+0800][info] GC(65) Survivor regions: 1->1(1)
[2024-10-12T11:44:06.952+0800][info] GC(65) Old regions: 47->49
[2024-10-12T11:44:06.952+0800][info] GC(65) Archive regions: 2->2
[2024-10-12T11:44:06.952+0800][info] GC(65) Humongous regions: 3->3
[2024-10-12T11:44:06.952+0800][info] GC(65) Metaspace: 1610K(1728K)->1610K(1728K) NonClass: 1474K(1536K)->1474K(1536K) Class: 135K(192K)->135K(192K)
[2024-10-12T11:44:06.952+0800][info] GC(65) Pause Young (Normal) (G1 Evacuation Pause) 105M->106M(128M) 1.517ms
[2024-10-12T11:44:06.952+0800][info] GC(65) User=0.00s Sys=0.00s Real=0.00s
[2024-10-12T11:44:07.054+0800][info] GC(66) Pause Young (Concurrent Start) (G1 Evacuation Pause)
[2024-10-12T11:44:07.055+0800][info] GC(66) Using 3 workers of 48 for evacuation
[2024-10-12T11:44:07.056+0800][info] GC(66)   Pre Evacuate Collection Set: 0.1ms
[2024-10-12T11:44:07.056+0800][info] GC(66)   Merge Heap Roots: 0.1ms
[2024-10-12T11:44:07.056+0800][info] GC(66)   Evacuate Collection Set: 1.0ms
[2024-10-12T11:44:07.056+0800][info] GC(66)   Post Evacuate Collection Set: 0.2ms
[2024-10-12T11:44:07.056+0800][info] GC(66)   Other: 0.3ms
[2024-10-12T11:44:07.056+0800][info] GC(66) Eden regions: 2->0(2)
[2024-10-12T11:44:07.056+0800][info] GC(66) Survivor regions: 1->1(1)
[2024-10-12T11:44:07.056+0800][info] GC(66) Old regions: 49->51
[2024-10-12T11:44:07.056+0800][info] GC(66) Archive regions: 2->2
[2024-10-12T11:44:07.056+0800][info] GC(66) Humongous regions: 3->3
[2024-10-12T11:44:07.056+0800][info] GC(66) Metaspace: 1610K(1728K)->1610K(1728K) NonClass: 1474K(1536K)->1474K(1536K) Class: 135K(192K)->135K(192K)
[2024-10-12T11:44:07.056+0800][info] GC(66) Pause Young (Concurrent Start) (G1 Evacuation Pause) 110M->110M(128M) 1.829ms
[2024-10-12T11:44:07.056+0800][info] GC(66) User=0.00s Sys=0.00s Real=0.00s
[2024-10-12T11:44:07.056+0800][info] GC(67) Concurrent Mark Cycle
[2024-10-12T11:44:07.057+0800][info] GC(67) Concurrent Clear Claimed Marks
[2024-10-12T11:44:07.057+0800][info] GC(67) Concurrent Clear Claimed Marks 0.021ms
[2024-10-12T11:44:07.057+0800][info] GC(67) Concurrent Scan Root Regions
[2024-10-12T11:44:07.057+0800][info] GC(67) Concurrent Scan Root Regions 0.159ms
[2024-10-12T11:44:07.057+0800][info] GC(67) Concurrent Mark
[2024-10-12T11:44:07.057+0800][info] GC(67) Concurrent Mark From Roots
[2024-10-12T11:44:07.057+0800][info] GC(67) Using 12 workers of 12 for marking
[2024-10-12T11:44:07.060+0800][info] GC(67) Concurrent Mark From Roots 3.402ms
[2024-10-12T11:44:07.060+0800][info] GC(67) Concurrent Preclean
[2024-10-12T11:44:07.062+0800][info] GC(67) Concurrent Preclean 1.688ms
[2024-10-12T11:44:07.062+0800][info] GC(67) Pause Remark
[2024-10-12T11:44:07.063+0800][info] GC(67) Pause Remark 110M->108M(128M) 1.467ms
[2024-10-12T11:44:07.064+0800][info] GC(67) User=0.01s Sys=0.00s Real=0.00s
[2024-10-12T11:44:07.064+0800][info] GC(67) Concurrent Mark 6.878ms
[2024-10-12T11:44:07.064+0800][info] GC(67) Concurrent Rebuild Remembered Sets
[2024-10-12T11:44:07.065+0800][info] GC(67) Concurrent Rebuild Remembered Sets 1.276ms
[2024-10-12T11:44:07.065+0800][info] GC(67) Pause Cleanup
[2024-10-12T11:44:07.065+0800][info] GC(67) Pause Cleanup 108M->108M(128M) 0.193ms
[2024-10-12T11:44:07.065+0800][info] GC(67) User=0.00s Sys=0.00s Real=0.00s
[2024-10-12T11:44:07.065+0800][info] GC(67) Concurrent Cleanup for Next Mark
[2024-10-12T11:44:07.066+0800][info] GC(67) Concurrent Cleanup for Next Mark 0.328ms
[2024-10-12T11:44:07.066+0800][info] GC(67) Concurrent Mark Cycle 9.254ms
[2024-10-12T11:44:07.211+0800][info] GC(68) Pause Young (Prepare Mixed) (G1 Evacuation Pause)
[2024-10-12T11:44:07.211+0800][info] GC(68) Using 3 workers of 48 for evacuation
[2024-10-12T11:44:07.212+0800][info] GC(68)   Pre Evacuate Collection Set: 0.1ms
[2024-10-12T11:44:07.212+0800][info] GC(68)   Merge Heap Roots: 0.1ms
[2024-10-12T11:44:07.212+0800][info] GC(68)   Evacuate Collection Set: 0.9ms
[2024-10-12T11:44:07.212+0800][info] GC(68)   Post Evacuate Collection Set: 0.2ms
[2024-10-12T11:44:07.212+0800][info] GC(68)   Other: 0.2ms
[2024-10-12T11:44:07.212+0800][info] GC(68) Eden regions: 2->0(2)
[2024-10-12T11:44:07.212+0800][info] GC(68) Survivor regions: 1->1(1)
[2024-10-12T11:44:07.212+0800][info] GC(68) Old regions: 50->51
[2024-10-12T11:44:07.212+0800][info] GC(68) Archive regions: 2->2
[2024-10-12T11:44:07.212+0800][info] GC(68) Humongous regions: 3->3
[2024-10-12T11:44:07.212+0800][info] GC(68) Metaspace: 1610K(1728K)->1610K(1728K) NonClass: 1474K(1536K)->1474K(1536K) Class: 135K(192K)->135K(192K)
[2024-10-12T11:44:07.212+0800][info] GC(68) Pause Young (Prepare Mixed) (G1 Evacuation Pause) 111M->111M(128M) 1.601ms
[2024-10-12T11:44:07.212+0800][info] GC(68) User=0.00s Sys=0.00s Real=0.00s
[2024-10-12T11:44:07.315+0800][info] GC(69) Pause Young (Mixed) (G1 Preventive Collection)
[2024-10-12T11:44:07.315+0800][info] GC(69) Using 3 workers of 48 for evacuation
[2024-10-12T11:44:07.317+0800][info] GC(69) To-space exhausted
[2024-10-12T11:44:07.317+0800][info] GC(69)   Pre Evacuate Collection Set: 0.2ms
[2024-10-12T11:44:07.317+0800][info] GC(69)   Merge Heap Roots: 0.1ms
[2024-10-12T11:44:07.317+0800][info] GC(69)   Evacuate Collection Set: 1.5ms
[2024-10-12T11:44:07.317+0800][info] GC(69)   Post Evacuate Collection Set: 0.3ms
[2024-10-12T11:44:07.317+0800][info] GC(69)   Other: 0.2ms
[2024-10-12T11:44:07.317+0800][info] GC(69) Eden regions: 2->0(2)
[2024-10-12T11:44:07.317+0800][info] GC(69) Survivor regions: 1->1(1)
[2024-10-12T11:44:07.317+0800][info] GC(69) Old regions: 51->54
[2024-10-12T11:44:07.317+0800][info] GC(69) Archive regions: 2->2
[2024-10-12T11:44:07.317+0800][info] GC(69) Humongous regions: 3->3
[2024-10-12T11:44:07.317+0800][info] GC(69) Metaspace: 1610K(1728K)->1610K(1728K) NonClass: 1474K(1536K)->1474K(1536K) Class: 135K(192K)->135K(192K)
[2024-10-12T11:44:07.317+0800][info] GC(69) Pause Young (Mixed) (G1 Preventive Collection) 114M->117M(128M) 2.369ms
[2024-10-12T11:44:07.317+0800][info] GC(69) User=0.01s Sys=0.01s Real=0.00s
[2024-10-12T11:44:07.338+0800][info] GC(70) Pause Young (Mixed) (G1 Preventive Collection)
[2024-10-12T11:44:07.338+0800][info] GC(70) Using 3 workers of 48 for evacuation
[2024-10-12T11:44:07.340+0800][info] GC(70) To-space exhausted
[2024-10-12T11:44:07.340+0800][info] GC(70)   Pre Evacuate Collection Set: 0.1ms
[2024-10-12T11:44:07.340+0800][info] GC(70)   Merge Heap Roots: 0.1ms
[2024-10-12T11:44:07.340+0800][info] GC(70)   Evacuate Collection Set: 1.5ms
[2024-10-12T11:44:07.340+0800][info] GC(70)   Post Evacuate Collection Set: 0.5ms
[2024-10-12T11:44:07.340+0800][info] GC(70)   Other: 0.2ms
[2024-10-12T11:44:07.340+0800][info] GC(70) Eden regions: 1->0(2)
[2024-10-12T11:44:07.340+0800][info] GC(70) Survivor regions: 1->1(1)
[2024-10-12T11:44:07.340+0800][info] GC(70) Old regions: 54->57
[2024-10-12T11:44:07.340+0800][info] GC(70) Archive regions: 2->2
[2024-10-12T11:44:07.340+0800][info] GC(70) Humongous regions: 3->3
[2024-10-12T11:44:07.340+0800][info] GC(70) Metaspace: 1610K(1728K)->1610K(1728K) NonClass: 1474K(1536K)->1474K(1536K) Class: 135K(192K)->135K(192K)
[2024-10-12T11:44:07.340+0800][info] GC(70) Pause Young (Mixed) (G1 Preventive Collection) 118M->122M(128M) 2.549ms
[2024-10-12T11:44:07.340+0800][info] GC(70) User=0.00s Sys=0.00s Real=0.00s
[2024-10-12T11:44:07.341+0800][info] GC(71) Pause Young (Mixed) (G1 Evacuation Pause)
[2024-10-12T11:44:07.341+0800][info] GC(71) Using 3 workers of 48 for evacuation
[2024-10-12T11:44:07.342+0800][info] GC(71) To-space exhausted
[2024-10-12T11:44:07.342+0800][info] GC(71)   Pre Evacuate Collection Set: 0.1ms
[2024-10-12T11:44:07.342+0800][info] GC(71)   Merge Heap Roots: 0.1ms
[2024-10-12T11:44:07.342+0800][info] GC(71)   Evacuate Collection Set: 0.7ms
[2024-10-12T11:44:07.342+0800][info] GC(71)   Post Evacuate Collection Set: 0.3ms
[2024-10-12T11:44:07.342+0800][info] GC(71)   Other: 0.1ms
[2024-10-12T11:44:07.342+0800][info] GC(71) Eden regions: 0->0(3)
[2024-10-12T11:44:07.342+0800][info] GC(71) Survivor regions: 1->0(0)
[2024-10-12T11:44:07.342+0800][info] GC(71) Old regions: 57->58
[2024-10-12T11:44:07.342+0800][info] GC(71) Archive regions: 2->2
[2024-10-12T11:44:07.342+0800][info] GC(71) Humongous regions: 4->3
[2024-10-12T11:44:07.342+0800][info] GC(71) Metaspace: 1610K(1728K)->1610K(1728K) NonClass: 1474K(1536K)->1474K(1536K) Class: 135K(192K)->135K(192K)
[2024-10-12T11:44:07.342+0800][info] GC(71) Pause Young (Mixed) (G1 Evacuation Pause) 124M->122M(128M) 1.441ms
[2024-10-12T11:44:07.342+0800][info] GC(71) User=0.01s Sys=0.00s Real=0.00s
[2024-10-12T11:44:07.405+0800][info] GC(72) Pause Young (Mixed) (G1 Evacuation Pause)
[2024-10-12T11:44:07.405+0800][info] GC(72) Using 3 workers of 48 for evacuation
[2024-10-12T11:44:07.406+0800][info] GC(72) To-space exhausted
[2024-10-12T11:44:07.406+0800][info] GC(72)   Pre Evacuate Collection Set: 0.2ms
[2024-10-12T11:44:07.406+0800][info] GC(72)   Merge Heap Roots: 0.1ms
[2024-10-12T11:44:07.406+0800][info] GC(72)   Evacuate Collection Set: 0.8ms
[2024-10-12T11:44:07.406+0800][info] GC(72)   Post Evacuate Collection Set: 0.4ms
[2024-10-12T11:44:07.406+0800][info] GC(72)   Other: 0.2ms
[2024-10-12T11:44:07.406+0800][info] GC(72) Eden regions: 1->0(3)
[2024-10-12T11:44:07.406+0800][info] GC(72) Survivor regions: 0->0(0)
[2024-10-12T11:44:07.406+0800][info] GC(72) Old regions: 58->59
[2024-10-12T11:44:07.406+0800][info] GC(72) Archive regions: 2->2
[2024-10-12T11:44:07.406+0800][info] GC(72) Humongous regions: 3->3
[2024-10-12T11:44:07.406+0800][info] GC(72) Metaspace: 1610K(1728K)->1610K(1728K) NonClass: 1474K(1536K)->1474K(1536K) Class: 135K(192K)->135K(192K)
[2024-10-12T11:44:07.406+0800][info] GC(72) Pause Young (Mixed) (G1 Evacuation Pause) 124M->124M(128M) 1.813ms
[2024-10-12T11:44:07.406+0800][info] GC(72) User=0.00s Sys=0.00s Real=0.01s
[2024-10-12T11:44:07.406+0800][info] Attempting full compaction
[2024-10-12T11:44:07.406+0800][info] GC(73) Using 3 workers of 48 for full compaction
[2024-10-12T11:44:07.407+0800][info] GC(73) Pause Full (G1 Compaction Pause)
[2024-10-12T11:44:07.407+0800][info] GC(73) Phase 1: Mark live objects
[2024-10-12T11:44:07.412+0800][info] GC(73) Phase 1: Mark live objects 4.837ms
[2024-10-12T11:44:07.412+0800][info] GC(73) Phase 2: Prepare for compaction
[2024-10-12T11:44:07.412+0800][info] GC(73) Phase 2: Prepare for compaction 0.798ms
[2024-10-12T11:44:07.413+0800][info] GC(73) Phase 3: Adjust pointers
[2024-10-12T11:44:07.414+0800][info] GC(73) Phase 3: Adjust pointers 1.594ms
[2024-10-12T11:44:07.414+0800][info] GC(73) Phase 4: Compact heap
[2024-10-12T11:44:07.426+0800][info] GC(73) Phase 4: Compact heap 11.765ms
[2024-10-12T11:44:07.427+0800][info] GC(73) Eden regions: 0->0(4)
[2024-10-12T11:44:07.428+0800][info] GC(73) Survivor regions: 0->0(0)
[2024-10-12T11:44:07.428+0800][info] GC(73) Old regions: 59->39
[2024-10-12T11:44:07.428+0800][info] GC(73) Archive regions: 2->2
[2024-10-12T11:44:07.428+0800][info] GC(73) Humongous regions: 3->3
[2024-10-12T11:44:07.428+0800][info] GC(73) Metaspace: 1610K(1728K)->1560K(1728K) NonClass: 1474K(1536K)->1435K(1536K) Class: 135K(192K)->124K(192K)
[2024-10-12T11:44:07.428+0800][info] GC(73) Pause Full (G1 Compaction Pause) 124M->72M(128M) 20.835ms
[2024-10-12T11:44:07.428+0800][info] GC(73) User=0.05s Sys=0.00s Real=0.02s
[2024-10-12T11:44:07.654+0800][info] GC(74) Pause Young (Normal) (G1 Evacuation Pause)
[2024-10-12T11:44:07.654+0800][info] GC(74) Using 3 workers of 48 for evacuation
[2024-10-12T11:44:07.656+0800][info] GC(74)   Pre Evacuate Collection Set: 0.1ms
[2024-10-12T11:44:07.656+0800][info] GC(74)   Merge Heap Roots: 0.1ms
[2024-10-12T11:44:07.656+0800][info] GC(74)   Evacuate Collection Set: 1.3ms
[2024-10-12T11:44:07.656+0800][info] GC(74)   Post Evacuate Collection Set: 0.2ms
[2024-10-12T11:44:07.656+0800][info] GC(74)   Other: 0.2ms
[2024-10-12T11:44:07.656+0800][info] GC(74) Eden regions: 4->0(2)
[2024-10-12T11:44:07.656+0800][info] GC(74) Survivor regions: 0->1(1)
[2024-10-12T11:44:07.656+0800][info] GC(74) Old regions: 39->42
[2024-10-12T11:44:07.656+0800][info] GC(74) Archive regions: 2->2
[2024-10-12T11:44:07.656+0800][info] GC(74) Humongous regions: 3->3
[2024-10-12T11:44:07.656+0800][info] GC(74) Metaspace: 1560K(1728K)->1560K(1728K) NonClass: 1435K(1536K)->1435K(1536K) Class: 124K(192K)->124K(192K)
[2024-10-12T11:44:07.656+0800][info] GC(74) Pause Young (Normal) (G1 Evacuation Pause) 80M->79M(128M) 2.031ms
[2024-10-12T11:44:07.656+0800][info] GC(74) User=0.00s Sys=0.00s Real=0.00s
[2024-10-12T11:44:07.758+0800][info] GC(75) Pause Young (Normal) (G1 Evacuation Pause)
[2024-10-12T11:44:07.758+0800][info] GC(75) Using 3 workers of 48 for evacuation
[2024-10-12T11:44:07.760+0800][info] GC(75)   Pre Evacuate Collection Set: 0.1ms
[2024-10-12T11:44:07.760+0800][info] GC(75)   Merge Heap Roots: 0.1ms
[2024-10-12T11:44:07.760+0800][info] GC(75)   Evacuate Collection Set: 1.1ms
[2024-10-12T11:44:07.760+0800][info] GC(75)   Post Evacuate Collection Set: 0.2ms
[2024-10-12T11:44:07.760+0800][info] GC(75)   Other: 0.2ms
[2024-10-12T11:44:07.760+0800][info] GC(75) Eden regions: 2->0(2)
[2024-10-12T11:44:07.760+0800][info] GC(75) Survivor regions: 1->1(1)
[2024-10-12T11:44:07.760+0800][info] GC(75) Old regions: 42->44
[2024-10-12T11:44:07.760+0800][info] GC(75) Archive regions: 2->2
[2024-10-12T11:44:07.760+0800][info] GC(75) Humongous regions: 3->3
[2024-10-12T11:44:07.760+0800][info] GC(75) Metaspace: 1562K(1728K)->1562K(1728K) NonClass: 1438K(1536K)->1438K(1536K) Class: 124K(192K)->124K(192K)
[2024-10-12T11:44:07.760+0800][info] GC(75) Pause Young (Normal) (G1 Evacuation Pause) 83M->83M(128M) 1.773ms
[2024-10-12T11:44:07.760+0800][info] GC(75) User=0.01s Sys=0.00s Real=0.00s
[2024-10-12T11:44:07.863+0800][info] GC(76) Pause Young (Normal) (G1 Evacuation Pause)
[2024-10-12T11:44:07.863+0800][info] GC(76) Using 3 workers of 48 for evacuation
[2024-10-12T11:44:07.864+0800][info] GC(76)   Pre Evacuate Collection Set: 0.1ms
[2024-10-12T11:44:07.864+0800][info] GC(76)   Merge Heap Roots: 0.1ms
[2024-10-12T11:44:07.864+0800][info] GC(76)   Evacuate Collection Set: 0.9ms
[2024-10-12T11:44:07.864+0800][info] GC(76)   Post Evacuate Collection Set: 0.2ms
[2024-10-12T11:44:07.864+0800][info] GC(76)   Other: 0.2ms
[2024-10-12T11:44:07.864+0800][info] GC(76) Eden regions: 2->0(2)
[2024-10-12T11:44:07.864+0800][info] GC(76) Survivor regions: 1->1(1)
[2024-10-12T11:44:07.864+0800][info] GC(76) Old regions: 44->46
[2024-10-12T11:44:07.864+0800][info] GC(76) Archive regions: 2->2
[2024-10-12T11:44:07.864+0800][info] GC(76) Humongous regions: 3->3
[2024-10-12T11:44:07.864+0800][info] GC(76) Metaspace: 1562K(1728K)->1562K(1728K) NonClass: 1438K(1536K)->1438K(1536K) Class: 124K(192K)->124K(192K)
[2024-10-12T11:44:07.864+0800][info] GC(76) Pause Young (Normal) (G1 Evacuation Pause) 87M->87M(128M) 1.607ms
[2024-10-12T11:44:07.864+0800][info] GC(76) User=0.00s Sys=0.00s Real=0.00s
[2024-10-12T11:44:07.967+0800][info] GC(77) Pause Young (Concurrent Start) (G1 Evacuation Pause)
[2024-10-12T11:44:07.967+0800][info] GC(77) Using 3 workers of 48 for evacuation
[2024-10-12T11:44:07.968+0800][info] GC(77)   Pre Evacuate Collection Set: 0.1ms
[2024-10-12T11:44:07.968+0800][info] GC(77)   Merge Heap Roots: 0.1ms
[2024-10-12T11:44:07.968+0800][info] GC(77)   Evacuate Collection Set: 1.0ms
[2024-10-12T11:44:07.968+0800][info] GC(77)   Post Evacuate Collection Set: 0.2ms
[2024-10-12T11:44:07.968+0800][info] GC(77)   Other: 0.4ms
[2024-10-12T11:44:07.968+0800][info] GC(77) Eden regions: 2->0(2)
[2024-10-12T11:44:07.968+0800][info] GC(77) Survivor regions: 1->1(1)
[2024-10-12T11:44:07.968+0800][info] GC(77) Old regions: 46->48
[2024-10-12T11:44:07.968+0800][info] GC(77) Archive regions: 2->2
[2024-10-12T11:44:07.968+0800][info] GC(77) Humongous regions: 3->3
[2024-10-12T11:44:07.968+0800][info] GC(77) Metaspace: 1562K(1728K)->1562K(1728K) NonClass: 1438K(1536K)->1438K(1536K) Class: 124K(192K)->124K(192K)
[2024-10-12T11:44:07.968+0800][info] GC(77) Pause Young (Concurrent Start) (G1 Evacuation Pause) 90M->91M(128M) 1.857ms
[2024-10-12T11:44:07.968+0800][info] GC(77) User=0.01s Sys=0.00s Real=0.00s
[2024-10-12T11:44:07.969+0800][info] GC(78) Concurrent Mark Cycle
[2024-10-12T11:44:07.969+0800][info] GC(78) Concurrent Clear Claimed Marks
[2024-10-12T11:44:07.969+0800][info] GC(78) Concurrent Clear Claimed Marks 0.017ms
[2024-10-12T11:44:07.969+0800][info] GC(78) Concurrent Scan Root Regions
[2024-10-12T11:44:07.969+0800][info] GC(78) Concurrent Scan Root Regions 0.152ms
[2024-10-12T11:44:07.969+0800][info] GC(78) Concurrent Mark
[2024-10-12T11:44:07.969+0800][info] GC(78) Concurrent Mark From Roots
[2024-10-12T11:44:07.969+0800][info] GC(78) Using 12 workers of 12 for marking
[2024-10-12T11:44:07.972+0800][info] GC(78) Concurrent Mark From Roots 3.607ms
[2024-10-12T11:44:07.972+0800][info] GC(78) Concurrent Preclean
[2024-10-12T11:44:07.974+0800][info] GC(78) Concurrent Preclean 1.693ms
[2024-10-12T11:44:07.974+0800][info] GC(78) Pause Remark
[2024-10-12T11:44:07.976+0800][info] GC(78) Pause Remark 91M->91M(128M) 1.427ms
[2024-10-12T11:44:07.976+0800][info] GC(78) User=0.00s Sys=0.00s Real=0.00s
[2024-10-12T11:44:07.976+0800][info] GC(78) Concurrent Mark 7.051ms
[2024-10-12T11:44:07.976+0800][info] GC(78) Concurrent Rebuild Remembered Sets
[2024-10-12T11:44:07.977+0800][info] GC(78) Concurrent Rebuild Remembered Sets 1.298ms
[2024-10-12T11:44:07.977+0800][info] GC(78) Pause Cleanup
[2024-10-12T11:44:07.978+0800][info] GC(78) Pause Cleanup 91M->91M(128M) 0.220ms
[2024-10-12T11:44:07.978+0800][info] GC(78) User=0.00s Sys=0.00s Real=0.00s
[2024-10-12T11:44:07.978+0800][info] GC(78) Concurrent Cleanup for Next Mark
[2024-10-12T11:44:07.978+0800][info] GC(78) Concurrent Cleanup for Next Mark 0.413ms
[2024-10-12T11:44:07.978+0800][info] GC(78) Concurrent Mark Cycle 9.519ms
[2024-10-12T11:44:08.123+0800][info] GC(79) Pause Young (Prepare Mixed) (G1 Evacuation Pause)
[2024-10-12T11:44:08.123+0800][info] GC(79) Using 3 workers of 48 for evacuation
[2024-10-12T11:44:08.124+0800][info] GC(79)   Pre Evacuate Collection Set: 0.1ms
[2024-10-12T11:44:08.124+0800][info] GC(79)   Merge Heap Roots: 0.1ms
[2024-10-12T11:44:08.124+0800][info] GC(79)   Evacuate Collection Set: 1.0ms
[2024-10-12T11:44:08.124+0800][info] GC(79)   Post Evacuate Collection Set: 0.2ms
[2024-10-12T11:44:08.124+0800][info] GC(79)   Other: 0.2ms
[2024-10-12T11:44:08.124+0800][info] GC(79) Eden regions: 2->0(2)
[2024-10-12T11:44:08.124+0800][info] GC(79) Survivor regions: 1->1(1)
[2024-10-12T11:44:08.124+0800][info] GC(79) Old regions: 47->49
[2024-10-12T11:44:08.124+0800][info] GC(79) Archive regions: 2->2
[2024-10-12T11:44:08.124+0800][info] GC(79) Humongous regions: 3->3
[2024-10-12T11:44:08.124+0800][info] GC(79) Metaspace: 1562K(1728K)->1562K(1728K) NonClass: 1438K(1536K)->1438K(1536K) Class: 124K(192K)->124K(192K)
[2024-10-12T11:44:08.125+0800][info] GC(79) Pause Young (Prepare Mixed) (G1 Evacuation Pause) 94M->94M(128M) 1.719ms
[2024-10-12T11:44:08.125+0800][info] GC(79) User=0.00s Sys=0.00s Real=0.00s
[2024-10-12T11:44:08.227+0800][info] GC(80) Pause Young (Mixed) (G1 Evacuation Pause)
[2024-10-12T11:44:08.227+0800][info] GC(80) Using 3 workers of 48 for evacuation
[2024-10-12T11:44:08.230+0800][info] GC(80)   Pre Evacuate Collection Set: 0.2ms
[2024-10-12T11:44:08.230+0800][info] GC(80)   Merge Heap Roots: 0.1ms
[2024-10-12T11:44:08.230+0800][info] GC(80)   Evacuate Collection Set: 2.1ms
[2024-10-12T11:44:08.230+0800][info] GC(80)   Post Evacuate Collection Set: 0.2ms
[2024-10-12T11:44:08.230+0800][info] GC(80)   Other: 0.2ms
[2024-10-12T11:44:08.230+0800][info] GC(80) Eden regions: 2->0(2)
[2024-10-12T11:44:08.230+0800][info] GC(80) Survivor regions: 1->1(1)
[2024-10-12T11:44:08.230+0800][info] GC(80) Old regions: 49->46
[2024-10-12T11:44:08.230+0800][info] GC(80) Archive regions: 2->2
[2024-10-12T11:44:08.230+0800][info] GC(80) Humongous regions: 3->3
[2024-10-12T11:44:08.230+0800][info] GC(80) Metaspace: 1562K(1728K)->1562K(1728K) NonClass: 1438K(1536K)->1438K(1536K) Class: 124K(192K)->124K(192K)
[2024-10-12T11:44:08.230+0800][info] GC(80) Pause Young (Mixed) (G1 Evacuation Pause) 98M->91M(128M) 2.900ms
[2024-10-12T11:44:08.230+0800][info] GC(80) User=0.00s Sys=0.01s Real=0.00s
[2024-10-12T11:44:08.333+0800][info] GC(81) Pause Young (Mixed) (G1 Evacuation Pause)
[2024-10-12T11:44:08.333+0800][info] GC(81) Using 3 workers of 48 for evacuation
[2024-10-12T11:44:08.336+0800][info] GC(81)   Pre Evacuate Collection Set: 0.2ms
[2024-10-12T11:44:08.336+0800][info] GC(81)   Merge Heap Roots: 0.1ms
[2024-10-12T11:44:08.336+0800][info] GC(81)   Evacuate Collection Set: 2.7ms
[2024-10-12T11:44:08.336+0800][info] GC(81)   Post Evacuate Collection Set: 0.2ms
[2024-10-12T11:44:08.336+0800][info] GC(81)   Other: 0.2ms
[2024-10-12T11:44:08.336+0800][info] GC(81) Eden regions: 2->0(2)
[2024-10-12T11:44:08.336+0800][info] GC(81) Survivor regions: 1->1(1)
[2024-10-12T11:44:08.336+0800][info] GC(81) Old regions: 46->44
[2024-10-12T11:44:08.336+0800][info] GC(81) Archive regions: 2->2
[2024-10-12T11:44:08.336+0800][info] GC(81) Humongous regions: 3->3
[2024-10-12T11:44:08.336+0800][info] GC(81) Metaspace: 1565K(1728K)->1565K(1728K) NonClass: 1441K(1536K)->1441K(1536K) Class: 124K(192K)->124K(192K)
[2024-10-12T11:44:08.336+0800][info] GC(81) Pause Young (Mixed) (G1 Evacuation Pause) 94M->90M(128M) 3.460ms
[2024-10-12T11:44:08.336+0800][info] GC(81) User=0.01s Sys=0.00s Real=0.01s
[2024-10-12T11:44:08.439+0800][info] GC(82) Pause Young (Mixed) (G1 Evacuation Pause)
[2024-10-12T11:44:08.439+0800][info] GC(82) Using 3 workers of 48 for evacuation
[2024-10-12T11:44:08.442+0800][info] GC(82)   Pre Evacuate Collection Set: 0.2ms
[2024-10-12T11:44:08.442+0800][info] GC(82)   Merge Heap Roots: 0.1ms
[2024-10-12T11:44:08.442+0800][info] GC(82)   Evacuate Collection Set: 3.1ms
[2024-10-12T11:44:08.442+0800][info] GC(82)   Post Evacuate Collection Set: 0.3ms
[2024-10-12T11:44:08.442+0800][info] GC(82)   Other: 0.2ms
[2024-10-12T11:44:08.442+0800][info] GC(82) Eden regions: 2->0(2)
[2024-10-12T11:44:08.442+0800][info] GC(82) Survivor regions: 1->1(1)
[2024-10-12T11:44:08.442+0800][info] GC(82) Old regions: 44->43
[2024-10-12T11:44:08.442+0800][info] GC(82) Archive regions: 2->2
[2024-10-12T11:44:08.442+0800][info] GC(82) Humongous regions: 3->3
[2024-10-12T11:44:08.442+0800][info] GC(82) Metaspace: 1565K(1728K)->1565K(1728K) NonClass: 1441K(1536K)->1441K(1536K) Class: 124K(192K)->124K(192K)
[2024-10-12T11:44:08.442+0800][info] GC(82) Pause Young (Mixed) (G1 Evacuation Pause) 94M->91M(128M) 3.967ms
[2024-10-12T11:44:08.443+0800][info] GC(82) User=0.01s Sys=0.00s Real=0.00s
[2024-10-12T11:44:08.546+0800][info] GC(83) Pause Young (Mixed) (G1 Evacuation Pause)
[2024-10-12T11:44:08.546+0800][info] GC(83) Using 3 workers of 48 for evacuation
[2024-10-12T11:44:08.550+0800][info] GC(83)   Pre Evacuate Collection Set: 0.2ms
[2024-10-12T11:44:08.550+0800][info] GC(83)   Merge Heap Roots: 0.1ms
[2024-10-12T11:44:08.550+0800][info] GC(83)   Evacuate Collection Set: 4.1ms
[2024-10-12T11:44:08.550+0800][info] GC(83)   Post Evacuate Collection Set: 0.3ms
[2024-10-12T11:44:08.550+0800][info] GC(83)   Other: 0.2ms
[2024-10-12T11:44:08.550+0800][info] GC(83) Eden regions: 2->0(2)
[2024-10-12T11:44:08.550+0800][info] GC(83) Survivor regions: 1->1(1)
[2024-10-12T11:44:08.550+0800][info] GC(83) Old regions: 43->42
[2024-10-12T11:44:08.551+0800][info] GC(83) Archive regions: 2->2
[2024-10-12T11:44:08.551+0800][info] GC(83) Humongous regions: 3->3
[2024-10-12T11:44:08.551+0800][info] GC(83) Metaspace: 1565K(1728K)->1565K(1728K) NonClass: 1441K(1536K)->1441K(1536K) Class: 124K(192K)->124K(192K)
[2024-10-12T11:44:08.551+0800][info] GC(83) Pause Young (Mixed) (G1 Evacuation Pause) 94M->91M(128M) 5.008ms
[2024-10-12T11:44:08.551+0800][info] GC(83) User=0.01s Sys=0.00s Real=0.00s
[2024-10-12T11:44:08.653+0800][info] GC(84) Pause Young (Normal) (G1 Evacuation Pause)
[2024-10-12T11:44:08.653+0800][info] GC(84) Using 3 workers of 48 for evacuation
[2024-10-12T11:44:08.654+0800][info] GC(84)   Pre Evacuate Collection Set: 0.1ms
[2024-10-12T11:44:08.654+0800][info] GC(84)   Merge Heap Roots: 0.1ms
[2024-10-12T11:44:08.654+0800][info] GC(84)   Evacuate Collection Set: 1.2ms
[2024-10-12T11:44:08.654+0800][info] GC(84)   Post Evacuate Collection Set: 0.2ms
[2024-10-12T11:44:08.654+0800][info] GC(84)   Other: 0.2ms
[2024-10-12T11:44:08.654+0800][info] GC(84) Eden regions: 2->0(2)
[2024-10-12T11:44:08.654+0800][info] GC(84) Survivor regions: 1->1(1)
[2024-10-12T11:44:08.654+0800][info] GC(84) Old regions: 42->44
[2024-10-12T11:44:08.655+0800][info] GC(84) Archive regions: 2->2
[2024-10-12T11:44:08.655+0800][info] GC(84) Humongous regions: 3->3
[2024-10-12T11:44:08.655+0800][info] GC(84) Metaspace: 1565K(1728K)->1565K(1728K) NonClass: 1441K(1536K)->1441K(1536K) Class: 124K(192K)->124K(192K)
[2024-10-12T11:44:08.655+0800][info] GC(84) Pause Young (Normal) (G1 Evacuation Pause) 95M->95M(128M) 1.879ms
[2024-10-12T11:44:08.655+0800][info] GC(84) User=0.00s Sys=0.00s Real=0.01s
[2024-10-12T11:44:08.757+0800][info] GC(85) Pause Young (Normal) (G1 Evacuation Pause)
[2024-10-12T11:44:08.757+0800][info] GC(85) Using 3 workers of 48 for evacuation
[2024-10-12T11:44:08.759+0800][info] GC(85)   Pre Evacuate Collection Set: 0.1ms
[2024-10-12T11:44:08.759+0800][info] GC(85)   Merge Heap Roots: 0.1ms
[2024-10-12T11:44:08.759+0800][info] GC(85)   Evacuate Collection Set: 1.2ms
[2024-10-12T11:44:08.759+0800][info] GC(85)   Post Evacuate Collection Set: 0.2ms
[2024-10-12T11:44:08.759+0800][info] GC(85)   Other: 0.2ms
[2024-10-12T11:44:08.759+0800][info] GC(85) Eden regions: 2->0(2)
[2024-10-12T11:44:08.759+0800][info] GC(85) Survivor regions: 1->1(1)
[2024-10-12T11:44:08.759+0800][info] GC(85) Old regions: 44->46
[2024-10-12T11:44:08.759+0800][info] GC(85) Archive regions: 2->2
[2024-10-12T11:44:08.759+0800][info] GC(85) Humongous regions: 3->3
[2024-10-12T11:44:08.759+0800][info] GC(85) Metaspace: 1565K(1728K)->1565K(1728K) NonClass: 1441K(1536K)->1441K(1536K) Class: 124K(192K)->124K(192K)
[2024-10-12T11:44:08.759+0800][info] GC(85) Pause Young (Normal) (G1 Evacuation Pause) 99M->99M(128M) 1.934ms
[2024-10-12T11:44:08.759+0800][info] GC(85) User=0.01s Sys=0.00s Real=0.00s
[2024-10-12T11:44:08.862+0800][info] GC(86) Pause Young (Concurrent Start) (G1 Evacuation Pause)
[2024-10-12T11:44:08.862+0800][info] GC(86) Using 3 workers of 48 for evacuation
[2024-10-12T11:44:08.863+0800][info] GC(86)   Pre Evacuate Collection Set: 0.1ms
[2024-10-12T11:44:08.863+0800][info] GC(86)   Merge Heap Roots: 0.1ms
[2024-10-12T11:44:08.863+0800][info] GC(86)   Evacuate Collection Set: 1.0ms
[2024-10-12T11:44:08.863+0800][info] GC(86)   Post Evacuate Collection Set: 0.2ms
[2024-10-12T11:44:08.863+0800][info] GC(86)   Other: 0.4ms
[2024-10-12T11:44:08.863+0800][info] GC(86) Eden regions: 2->0(2)
[2024-10-12T11:44:08.863+0800][info] GC(86) Survivor regions: 1->1(1)
[2024-10-12T11:44:08.863+0800][info] GC(86) Old regions: 46->48
[2024-10-12T11:44:08.863+0800][info] GC(86) Archive regions: 2->2
[2024-10-12T11:44:08.863+0800][info] GC(86) Humongous regions: 3->3
[2024-10-12T11:44:08.863+0800][info] GC(86) Metaspace: 1565K(1728K)->1565K(1728K) NonClass: 1441K(1536K)->1441K(1536K) Class: 124K(192K)->124K(192K)
[2024-10-12T11:44:08.864+0800][info] GC(86) Pause Young (Concurrent Start) (G1 Evacuation Pause) 102M->103M(128M) 1.859ms
[2024-10-12T11:44:08.864+0800][info] GC(86) User=0.00s Sys=0.00s Real=0.00s
[2024-10-12T11:44:08.864+0800][info] GC(87) Concurrent Mark Cycle
[2024-10-12T11:44:08.864+0800][info] GC(87) Concurrent Clear Claimed Marks
[2024-10-12T11:44:08.864+0800][info] GC(87) Concurrent Clear Claimed Marks 0.017ms
[2024-10-12T11:44:08.864+0800][info] GC(87) Concurrent Scan Root Regions
[2024-10-12T11:44:08.864+0800][info] GC(87) Concurrent Scan Root Regions 0.165ms
[2024-10-12T11:44:08.864+0800][info] GC(87) Concurrent Mark
[2024-10-12T11:44:08.864+0800][info] GC(87) Concurrent Mark From Roots
[2024-10-12T11:44:08.864+0800][info] GC(87) Using 12 workers of 12 for marking
[2024-10-12T11:44:08.867+0800][info] GC(87) Concurrent Mark From Roots 3.373ms
[2024-10-12T11:44:08.867+0800][info] GC(87) Concurrent Preclean
[2024-10-12T11:44:08.869+0800][info] GC(87) Concurrent Preclean 1.663ms
[2024-10-12T11:44:08.869+0800][info] GC(87) Pause Remark
[2024-10-12T11:44:08.870+0800][info] GC(87) Pause Remark 103M->103M(128M) 1.375ms
[2024-10-12T11:44:08.871+0800][info] GC(87) User=0.01s Sys=0.00s Real=0.00s
[2024-10-12T11:44:08.871+0800][info] GC(87) Concurrent Mark 6.751ms
[2024-10-12T11:44:08.871+0800][info] GC(87) Concurrent Rebuild Remembered Sets
[2024-10-12T11:44:08.872+0800][info] GC(87) Concurrent Rebuild Remembered Sets 1.251ms
[2024-10-12T11:44:08.872+0800][info] GC(87) Pause Cleanup
[2024-10-12T11:44:08.872+0800][info] GC(87) Pause Cleanup 103M->103M(128M) 0.209ms
[2024-10-12T11:44:08.872+0800][info] GC(87) User=0.00s Sys=0.00s Real=0.00s
[2024-10-12T11:44:08.872+0800][info] GC(87) Concurrent Cleanup for Next Mark
[2024-10-12T11:44:08.873+0800][info] GC(87) Concurrent Cleanup for Next Mark 0.397ms
[2024-10-12T11:44:08.873+0800][info] GC(87) Concurrent Mark Cycle 9.161ms
[2024-10-12T11:44:09.018+0800][info] GC(88) Pause Young (Prepare Mixed) (G1 Evacuation Pause)
[2024-10-12T11:44:09.018+0800][info] GC(88) Using 3 workers of 48 for evacuation
[2024-10-12T11:44:09.019+0800][info] GC(88)   Pre Evacuate Collection Set: 0.1ms
[2024-10-12T11:44:09.019+0800][info] GC(88)   Merge Heap Roots: 0.1ms
[2024-10-12T11:44:09.019+0800][info] GC(88)   Evacuate Collection Set: 1.0ms
[2024-10-12T11:44:09.019+0800][info] GC(88)   Post Evacuate Collection Set: 0.2ms
[2024-10-12T11:44:09.019+0800][info] GC(88)   Other: 0.2ms
[2024-10-12T11:44:09.019+0800][info] GC(88) Eden regions: 2->0(2)
[2024-10-12T11:44:09.019+0800][info] GC(88) Survivor regions: 1->1(1)
[2024-10-12T11:44:09.020+0800][info] GC(88) Old regions: 48->50
[2024-10-12T11:44:09.020+0800][info] GC(88) Archive regions: 2->2
[2024-10-12T11:44:09.020+0800][info] GC(88) Humongous regions: 3->3
[2024-10-12T11:44:09.020+0800][info] GC(88) Metaspace: 1566K(1728K)->1566K(1728K) NonClass: 1442K(1536K)->1442K(1536K) Class: 124K(192K)->124K(192K)
[2024-10-12T11:44:09.020+0800][info] GC(88) Pause Young (Prepare Mixed) (G1 Evacuation Pause) 106M->107M(128M) 1.764ms
[2024-10-12T11:44:09.020+0800][info] GC(88) User=0.01s Sys=0.00s Real=0.00s
[2024-10-12T11:44:09.122+0800][info] GC(89) Pause Young (Mixed) (G1 Preventive Collection)
[2024-10-12T11:44:09.122+0800][info] GC(89) Using 3 workers of 48 for evacuation
[2024-10-12T11:44:09.124+0800][info] GC(89)   Pre Evacuate Collection Set: 0.2ms
[2024-10-12T11:44:09.125+0800][info] GC(89)   Merge Heap Roots: 0.1ms
[2024-10-12T11:44:09.125+0800][info] GC(89)   Evacuate Collection Set: 2.0ms
[2024-10-12T11:44:09.125+0800][info] GC(89)   Post Evacuate Collection Set: 0.3ms
[2024-10-12T11:44:09.125+0800][info] GC(89)   Other: 0.2ms
[2024-10-12T11:44:09.125+0800][info] GC(89) Eden regions: 2->0(2)
[2024-10-12T11:44:09.125+0800][info] GC(89) Survivor regions: 1->1(1)
[2024-10-12T11:44:09.125+0800][info] GC(89) Old regions: 50->47
[2024-10-12T11:44:09.125+0800][info] GC(89) Archive regions: 2->2
[2024-10-12T11:44:09.125+0800][info] GC(89) Humongous regions: 3->3
[2024-10-12T11:44:09.125+0800][info] GC(89) Metaspace: 1566K(1728K)->1566K(1728K) NonClass: 1442K(1536K)->1442K(1536K) Class: 124K(192K)->124K(192K)
[2024-10-12T11:44:09.125+0800][info] GC(89) Pause Young (Mixed) (G1 Preventive Collection) 110M->101M(128M) 2.860ms
[2024-10-12T11:44:09.125+0800][info] GC(89) User=0.00s Sys=0.00s Real=0.00s
[2024-10-12T11:44:09.228+0800][info] GC(90) Pause Young (Mixed) (G1 Evacuation Pause)
[2024-10-12T11:44:09.228+0800][info] GC(90) Using 3 workers of 48 for evacuation
[2024-10-12T11:44:09.231+0800][info] GC(90)   Pre Evacuate Collection Set: 0.1ms
[2024-10-12T11:44:09.231+0800][info] GC(90)   Merge Heap Roots: 0.1ms
[2024-10-12T11:44:09.231+0800][info] GC(90)   Evacuate Collection Set: 2.4ms
[2024-10-12T11:44:09.231+0800][info] GC(90)   Post Evacuate Collection Set: 0.2ms
[2024-10-12T11:44:09.231+0800][info] GC(90)   Other: 0.1ms
[2024-10-12T11:44:09.231+0800][info] GC(90) Eden regions: 2->0(2)
[2024-10-12T11:44:09.231+0800][info] GC(90) Survivor regions: 1->1(1)
[2024-10-12T11:44:09.231+0800][info] GC(90) Old regions: 47->45
[2024-10-12T11:44:09.231+0800][info] GC(90) Archive regions: 2->2
[2024-10-12T11:44:09.231+0800][info] GC(90) Humongous regions: 3->3
[2024-10-12T11:44:09.231+0800][info] GC(90) Metaspace: 1566K(1728K)->1566K(1728K) NonClass: 1442K(1536K)->1442K(1536K) Class: 124K(192K)->124K(192K)
[2024-10-12T11:44:09.231+0800][info] GC(90) Pause Young (Mixed) (G1 Evacuation Pause) 105M->98M(128M) 3.126ms
[2024-10-12T11:44:09.231+0800][info] GC(90) User=0.01s Sys=0.00s Real=0.00s
[2024-10-12T11:44:09.333+0800][info] GC(91) Pause Young (Mixed) (G1 Evacuation Pause)
[2024-10-12T11:44:09.333+0800][info] GC(91) Using 3 workers of 48 for evacuation
[2024-10-12T11:44:09.336+0800][info] GC(91)   Pre Evacuate Collection Set: 0.2ms
[2024-10-12T11:44:09.336+0800][info] GC(91)   Merge Heap Roots: 0.1ms
[2024-10-12T11:44:09.336+0800][info] GC(91)   Evacuate Collection Set: 2.4ms
[2024-10-12T11:44:09.336+0800][info] GC(91)   Post Evacuate Collection Set: 0.2ms
[2024-10-12T11:44:09.336+0800][info] GC(91)   Other: 0.1ms
[2024-10-12T11:44:09.336+0800][info] GC(91) Eden regions: 2->0(2)
[2024-10-12T11:44:09.336+0800][info] GC(91) Survivor regions: 1->1(1)
[2024-10-12T11:44:09.336+0800][info] GC(91) Old regions: 45->44
[2024-10-12T11:44:09.336+0800][info] GC(91) Archive regions: 2->2
[2024-10-12T11:44:09.336+0800][info] GC(91) Humongous regions: 3->3
[2024-10-12T11:44:09.336+0800][info] GC(91) Metaspace: 1566K(1728K)->1566K(1728K) NonClass: 1442K(1536K)->1442K(1536K) Class: 124K(192K)->124K(192K)
[2024-10-12T11:44:09.336+0800][info] GC(91) Pause Young (Mixed) (G1 Evacuation Pause) 102M->96M(128M) 3.192ms
[2024-10-12T11:44:09.336+0800][info] GC(91) User=0.00s Sys=0.00s Real=0.01s
[2024-10-12T11:44:09.439+0800][info] GC(92) Pause Young (Mixed) (G1 Evacuation Pause)
[2024-10-12T11:44:09.439+0800][info] GC(92) Using 3 workers of 48 for evacuation
[2024-10-12T11:44:09.444+0800][info] GC(92)   Pre Evacuate Collection Set: 1.0ms
[2024-10-12T11:44:09.444+0800][info] GC(92)   Merge Heap Roots: 0.1ms
[2024-10-12T11:44:09.444+0800][info] GC(92)   Evacuate Collection Set: 3.4ms
[2024-10-12T11:44:09.444+0800][info] GC(92)   Post Evacuate Collection Set: 0.2ms
[2024-10-12T11:44:09.444+0800][info] GC(92)   Other: 0.2ms
[2024-10-12T11:44:09.444+0800][info] GC(92) Eden regions: 2->0(2)
[2024-10-12T11:44:09.444+0800][info] GC(92) Survivor regions: 1->1(1)
[2024-10-12T11:44:09.444+0800][info] GC(92) Old regions: 44->44
[2024-10-12T11:44:09.444+0800][info] GC(92) Archive regions: 2->2
[2024-10-12T11:44:09.444+0800][info] GC(92) Humongous regions: 3->3
[2024-10-12T11:44:09.444+0800][info] GC(92) Metaspace: 1566K(1728K)->1566K(1728K) NonClass: 1442K(1536K)->1442K(1536K) Class: 124K(192K)->124K(192K)
[2024-10-12T11:44:09.444+0800][info] GC(92) Pause Young (Mixed) (G1 Evacuation Pause) 100M->95M(128M) 4.970ms
[2024-10-12T11:44:09.444+0800][info] GC(92) User=0.01s Sys=0.00s Real=0.00s
[2024-10-12T11:44:09.546+0800][info] GC(93) Pause Young (Mixed) (G1 Evacuation Pause)
[2024-10-12T11:44:09.546+0800][info] GC(93) Using 3 workers of 48 for evacuation
[2024-10-12T11:44:09.549+0800][info] GC(93)   Pre Evacuate Collection Set: 0.2ms
[2024-10-12T11:44:09.549+0800][info] GC(93)   Merge Heap Roots: 0.1ms
[2024-10-12T11:44:09.549+0800][info] GC(93)   Evacuate Collection Set: 2.5ms
[2024-10-12T11:44:09.549+0800][info] GC(93)   Post Evacuate Collection Set: 0.3ms
[2024-10-12T11:44:09.549+0800][info] GC(93)   Other: 0.1ms
[2024-10-12T11:44:09.549+0800][info] GC(93) Eden regions: 2->0(2)
[2024-10-12T11:44:09.549+0800][info] GC(93) Survivor regions: 1->1(1)
[2024-10-12T11:44:09.549+0800][info] GC(93) Old regions: 44->44
[2024-10-12T11:44:09.549+0800][info] GC(93) Archive regions: 2->2
[2024-10-12T11:44:09.549+0800][info] GC(93) Humongous regions: 3->3
[2024-10-12T11:44:09.549+0800][info] GC(93) Metaspace: 1566K(1728K)->1566K(1728K) NonClass: 1442K(1536K)->1442K(1536K) Class: 124K(192K)->124K(192K)
[2024-10-12T11:44:09.549+0800][info] GC(93) Pause Young (Mixed) (G1 Evacuation Pause) 99M->97M(128M) 3.289ms
[2024-10-12T11:44:09.549+0800][info] GC(93) User=0.00s Sys=0.00s Real=0.00s
[2024-10-12T11:44:09.653+0800][info] GC(94) Pause Young (Normal) (G1 Evacuation Pause)
[2024-10-12T11:44:09.653+0800][info] GC(94) Using 3 workers of 48 for evacuation
[2024-10-12T11:44:09.654+0800][info] GC(94)   Pre Evacuate Collection Set: 0.1ms
[2024-10-12T11:44:09.654+0800][info] GC(94)   Merge Heap Roots: 0.1ms
[2024-10-12T11:44:09.654+0800][info] GC(94)   Evacuate Collection Set: 1.0ms
[2024-10-12T11:44:09.654+0800][info] GC(94)   Post Evacuate Collection Set: 0.2ms
[2024-10-12T11:44:09.654+0800][info] GC(94)   Other: 0.2ms
[2024-10-12T11:44:09.654+0800][info] GC(94) Eden regions: 2->0(2)
[2024-10-12T11:44:09.654+0800][info] GC(94) Survivor regions: 1->1(1)
[2024-10-12T11:44:09.654+0800][info] GC(94) Old regions: 44->46
[2024-10-12T11:44:09.654+0800][info] GC(94) Archive regions: 2->2
[2024-10-12T11:44:09.654+0800][info] GC(94) Humongous regions: 4->3
[2024-10-12T11:44:09.654+0800][info] GC(94) Metaspace: 1566K(1728K)->1566K(1728K) NonClass: 1442K(1536K)->1442K(1536K) Class: 124K(192K)->124K(192K)
[2024-10-12T11:44:09.654+0800][info] GC(94) Pause Young (Normal) (G1 Evacuation Pause) 103M->101M(128M) 1.661ms
[2024-10-12T11:44:09.654+0800][info] GC(94) User=0.01s Sys=0.00s Real=0.01s
[2024-10-12T11:44:09.756+0800][info] GC(95) Pause Young (Normal) (G1 Evacuation Pause)
[2024-10-12T11:44:09.756+0800][info] GC(95) Using 3 workers of 48 for evacuation
[2024-10-12T11:44:09.758+0800][info] GC(95)   Pre Evacuate Collection Set: 0.1ms
[2024-10-12T11:44:09.758+0800][info] GC(95)   Merge Heap Roots: 0.1ms
[2024-10-12T11:44:09.758+0800][info] GC(95)   Evacuate Collection Set: 1.1ms
[2024-10-12T11:44:09.758+0800][info] GC(95)   Post Evacuate Collection Set: 0.2ms
[2024-10-12T11:44:09.758+0800][info] GC(95)   Other: 0.2ms
[2024-10-12T11:44:09.758+0800][info] GC(95) Eden regions: 2->0(2)
[2024-10-12T11:44:09.758+0800][info] GC(95) Survivor regions: 1->1(1)
[2024-10-12T11:44:09.758+0800][info] GC(95) Old regions: 46->48
[2024-10-12T11:44:09.758+0800][info] GC(95) Archive regions: 2->2
[2024-10-12T11:44:09.758+0800][info] GC(95) Humongous regions: 3->3
[2024-10-12T11:44:09.758+0800][info] GC(95) Metaspace: 1566K(1728K)->1566K(1728K) NonClass: 1442K(1536K)->1442K(1536K) Class: 124K(192K)->124K(192K)
[2024-10-12T11:44:09.758+0800][info] GC(95) Pause Young (Normal) (G1 Evacuation Pause) 104M->105M(128M) 1.789ms
[2024-10-12T11:44:09.758+0800][info] GC(95) User=0.00s Sys=0.00s Real=0.00s
[2024-10-12T11:44:09.861+0800][info] GC(96) Pause Young (Concurrent Start) (G1 Evacuation Pause)
[2024-10-12T11:44:09.861+0800][info] GC(96) Using 3 workers of 48 for evacuation
[2024-10-12T11:44:09.863+0800][info] GC(96)   Pre Evacuate Collection Set: 0.1ms
[2024-10-12T11:44:09.863+0800][info] GC(96)   Merge Heap Roots: 0.1ms
[2024-10-12T11:44:09.863+0800][info] GC(96)   Evacuate Collection Set: 1.0ms
[2024-10-12T11:44:09.863+0800][info] GC(96)   Post Evacuate Collection Set: 0.2ms
[2024-10-12T11:44:09.863+0800][info] GC(96)   Other: 0.4ms
[2024-10-12T11:44:09.863+0800][info] GC(96) Eden regions: 2->0(2)
[2024-10-12T11:44:09.863+0800][info] GC(96) Survivor regions: 1->1(1)
[2024-10-12T11:44:09.863+0800][info] GC(96) Old regions: 48->50
[2024-10-12T11:44:09.863+0800][info] GC(96) Archive regions: 2->2
[2024-10-12T11:44:09.863+0800][info] GC(96) Humongous regions: 3->3
[2024-10-12T11:44:09.863+0800][info] GC(96) Metaspace: 1566K(1728K)->1566K(1728K) NonClass: 1442K(1536K)->1442K(1536K) Class: 124K(192K)->124K(192K)
[2024-10-12T11:44:09.863+0800][info] GC(96) Pause Young (Concurrent Start) (G1 Evacuation Pause) 109M->109M(128M) 1.828ms
[2024-10-12T11:44:09.863+0800][info] GC(96) User=0.00s Sys=0.00s Real=0.00s
[2024-10-12T11:44:09.863+0800][info] GC(97) Concurrent Mark Cycle
[2024-10-12T11:44:09.863+0800][info] GC(97) Concurrent Clear Claimed Marks
[2024-10-12T11:44:09.863+0800][info] GC(97) Concurrent Clear Claimed Marks 0.017ms
[2024-10-12T11:44:09.863+0800][info] GC(97) Concurrent Scan Root Regions
[2024-10-12T11:44:09.863+0800][info] GC(97) Concurrent Scan Root Regions 0.165ms
[2024-10-12T11:44:09.863+0800][info] GC(97) Concurrent Mark
[2024-10-12T11:44:09.863+0800][info] GC(97) Concurrent Mark From Roots
[2024-10-12T11:44:09.863+0800][info] GC(97) Using 12 workers of 12 for marking
[2024-10-12T11:44:09.866+0800][info] GC(97) Concurrent Mark From Roots 3.210ms
[2024-10-12T11:44:09.866+0800][info] GC(97) Concurrent Preclean
[2024-10-12T11:44:09.868+0800][info] GC(97) Concurrent Preclean 1.664ms
[2024-10-12T11:44:09.868+0800][info] GC(97) Pause Remark
[2024-10-12T11:44:09.870+0800][info] GC(97) Pause Remark 109M->109M(128M) 1.400ms
[2024-10-12T11:44:09.870+0800][info] GC(97) User=0.00s Sys=0.00s Real=0.00s
[2024-10-12T11:44:09.870+0800][info] GC(97) Concurrent Mark 6.579ms
[2024-10-12T11:44:09.870+0800][info] GC(97) Concurrent Rebuild Remembered Sets
[2024-10-12T11:44:09.871+0800][info] GC(97) Concurrent Rebuild Remembered Sets 1.257ms
[2024-10-12T11:44:09.871+0800][info] GC(97) Pause Cleanup
[2024-10-12T11:44:09.871+0800][info] GC(97) Pause Cleanup 109M->109M(128M) 0.203ms
[2024-10-12T11:44:09.871+0800][info] GC(97) User=0.00s Sys=0.00s Real=0.00s
[2024-10-12T11:44:09.871+0800][info] GC(97) Concurrent Cleanup for Next Mark
[2024-10-12T11:44:09.872+0800][info] GC(97) Concurrent Cleanup for Next Mark 0.387ms
[2024-10-12T11:44:09.872+0800][info] GC(97) Concurrent Mark Cycle 8.968ms
[2024-10-12T11:44:10.016+0800][info] GC(98) Pause Young (Prepare Mixed) (G1 Evacuation Pause)
[2024-10-12T11:44:10.017+0800][info] GC(98) Using 3 workers of 48 for evacuation
[2024-10-12T11:44:10.018+0800][info] GC(98)   Pre Evacuate Collection Set: 0.1ms
[2024-10-12T11:44:10.018+0800][info] GC(98)   Merge Heap Roots: 0.1ms
[2024-10-12T11:44:10.018+0800][info] GC(98)   Evacuate Collection Set: 1.2ms
[2024-10-12T11:44:10.018+0800][info] GC(98)   Post Evacuate Collection Set: 0.2ms
[2024-10-12T11:44:10.018+0800][info] GC(98)   Other: 0.2ms
[2024-10-12T11:44:10.018+0800][info] GC(98) Eden regions: 2->0(2)
[2024-10-12T11:44:10.018+0800][info] GC(98) Survivor regions: 1->1(1)
[2024-10-12T11:44:10.018+0800][info] GC(98) Old regions: 50->52
[2024-10-12T11:44:10.018+0800][info] GC(98) Archive regions: 2->2
[2024-10-12T11:44:10.018+0800][info] GC(98) Humongous regions: 3->3
[2024-10-12T11:44:10.018+0800][info] GC(98) Metaspace: 1567K(1728K)->1567K(1728K) NonClass: 1442K(1536K)->1442K(1536K) Class: 124K(192K)->124K(192K)
[2024-10-12T11:44:10.018+0800][info] GC(98) Pause Young (Prepare Mixed) (G1 Evacuation Pause) 112M->113M(128M) 1.919ms
[2024-10-12T11:44:10.018+0800][info] GC(98) User=0.01s Sys=0.00s Real=0.00s
[2024-10-12T11:44:10.121+0800][info] GC(99) Pause Young (Mixed) (G1 Preventive Collection)
[2024-10-12T11:44:10.121+0800][info] GC(99) Using 3 workers of 48 for evacuation
[2024-10-12T11:44:10.123+0800][info] GC(99) To-space exhausted
[2024-10-12T11:44:10.124+0800][info] GC(99)   Pre Evacuate Collection Set: 0.2ms
[2024-10-12T11:44:10.124+0800][info] GC(99)   Merge Heap Roots: 0.1ms
[2024-10-12T11:44:10.124+0800][info] GC(99)   Evacuate Collection Set: 1.5ms
[2024-10-12T11:44:10.124+0800][info] GC(99)   Post Evacuate Collection Set: 0.3ms
[2024-10-12T11:44:10.124+0800][info] GC(99)   Other: 0.2ms
[2024-10-12T11:44:10.124+0800][info] GC(99) Eden regions: 2->0(2)
[2024-10-12T11:44:10.124+0800][info] GC(99) Survivor regions: 1->1(1)
[2024-10-12T11:44:10.124+0800][info] GC(99) Old regions: 52->50
[2024-10-12T11:44:10.124+0800][info] GC(99) Archive regions: 2->2
[2024-10-12T11:44:10.124+0800][info] GC(99) Humongous regions: 3->3
[2024-10-12T11:44:10.124+0800][info] GC(99) Metaspace: 1567K(1728K)->1567K(1728K) NonClass: 1442K(1536K)->1442K(1536K) Class: 124K(192K)->124K(192K)
[2024-10-12T11:44:10.124+0800][info] GC(99) Pause Young (Mixed) (G1 Preventive Collection) 116M->109M(128M) 2.335ms
[2024-10-12T11:44:10.124+0800][info] GC(99) User=0.00s Sys=0.00s Real=0.00s
[2024-10-12T11:44:10.226+0800][info] GC(100) Pause Young (Mixed) (G1 Preventive Collection)
[2024-10-12T11:44:10.226+0800][info] GC(100) Using 3 workers of 48 for evacuation
[2024-10-12T11:44:10.229+0800][info] GC(100) To-space exhausted
[2024-10-12T11:44:10.229+0800][info] GC(100)   Pre Evacuate Collection Set: 0.2ms
[2024-10-12T11:44:10.229+0800][info] GC(100)   Merge Heap Roots: 0.1ms
[2024-10-12T11:44:10.229+0800][info] GC(100)   Evacuate Collection Set: 2.2ms
[2024-10-12T11:44:10.229+0800][info] GC(100)   Post Evacuate Collection Set: 0.3ms
[2024-10-12T11:44:10.229+0800][info] GC(100)   Other: 0.1ms
[2024-10-12T11:44:10.229+0800][info] GC(100) Eden regions: 2->0(2)
[2024-10-12T11:44:10.229+0800][info] GC(100) Survivor regions: 1->1(1)
[2024-10-12T11:44:10.229+0800][info] GC(100) Old regions: 50->50
[2024-10-12T11:44:10.229+0800][info] GC(100) Archive regions: 2->2
[2024-10-12T11:44:10.229+0800][info] GC(100) Humongous regions: 3->3
[2024-10-12T11:44:10.229+0800][info] GC(100) Metaspace: 1567K(1728K)->1567K(1728K) NonClass: 1442K(1536K)->1442K(1536K) Class: 124K(192K)->124K(192K)
[2024-10-12T11:44:10.229+0800][info] GC(100) Pause Young (Mixed) (G1 Preventive Collection) 113M->109M(128M) 2.985ms
[2024-10-12T11:44:10.229+0800][info] GC(100) User=0.01s Sys=0.00s Real=0.00s
[2024-10-12T11:44:10.291+0800][info] GC(101) Pause Young (Mixed) (G1 Preventive Collection)
[2024-10-12T11:44:10.291+0800][info] GC(101) Using 3 workers of 48 for evacuation
[2024-10-12T11:44:10.294+0800][info] GC(101)   Pre Evacuate Collection Set: 0.2ms
[2024-10-12T11:44:10.294+0800][info] GC(101)   Merge Heap Roots: 0.1ms
[2024-10-12T11:44:10.294+0800][info] GC(101)   Evacuate Collection Set: 2.3ms
[2024-10-12T11:44:10.294+0800][info] GC(101)   Post Evacuate Collection Set: 0.2ms
[2024-10-12T11:44:10.294+0800][info] GC(101)   Other: 0.1ms
[2024-10-12T11:44:10.294+0800][info] GC(101) Eden regions: 1->0(2)
[2024-10-12T11:44:10.294+0800][info] GC(101) Survivor regions: 1->1(1)
[2024-10-12T11:44:10.294+0800][info] GC(101) Old regions: 50->48
[2024-10-12T11:44:10.294+0800][info] GC(101) Archive regions: 2->2
[2024-10-12T11:44:10.294+0800][info] GC(101) Humongous regions: 3->3
[2024-10-12T11:44:10.294+0800][info] GC(101) Metaspace: 1567K(1728K)->1567K(1728K) NonClass: 1442K(1536K)->1442K(1536K) Class: 124K(192K)->124K(192K)
[2024-10-12T11:44:10.294+0800][info] GC(101) Pause Young (Mixed) (G1 Preventive Collection) 111M->105M(128M) 3.067ms
[2024-10-12T11:44:10.294+0800][info] GC(101) User=0.01s Sys=0.00s Real=0.01s
[2024-10-12T11:44:10.396+0800][info] GC(102) Pause Young (Mixed) (G1 Preventive Collection)
[2024-10-12T11:44:10.396+0800][info] GC(102) Using 3 workers of 48 for evacuation
[2024-10-12T11:44:10.399+0800][info] GC(102)   Pre Evacuate Collection Set: 0.2ms
[2024-10-12T11:44:10.399+0800][info] GC(102)   Merge Heap Roots: 0.1ms
[2024-10-12T11:44:10.399+0800][info] GC(102)   Evacuate Collection Set: 2.6ms
[2024-10-12T11:44:10.399+0800][info] GC(102)   Post Evacuate Collection Set: 0.3ms
[2024-10-12T11:44:10.400+0800][info] GC(102)   Other: 0.2ms
[2024-10-12T11:44:10.400+0800][info] GC(102) Eden regions: 2->0(2)
[2024-10-12T11:44:10.400+0800][info] GC(102) Survivor regions: 1->1(1)
[2024-10-12T11:44:10.400+0800][info] GC(102) Old regions: 48->47
[2024-10-12T11:44:10.400+0800][info] GC(102) Archive regions: 2->2
[2024-10-12T11:44:10.400+0800][info] GC(102) Humongous regions: 3->3
[2024-10-12T11:44:10.400+0800][info] GC(102) Metaspace: 1567K(1728K)->1567K(1728K) NonClass: 1442K(1536K)->1442K(1536K) Class: 124K(192K)->124K(192K)
[2024-10-12T11:44:10.400+0800][info] GC(102) Pause Young (Mixed) (G1 Preventive Collection) 108M->103M(128M) 3.439ms
[2024-10-12T11:44:10.400+0800][info] GC(102) User=0.01s Sys=0.00s Real=0.00s
[2024-10-12T11:44:10.503+0800][info] GC(103) Pause Young (Mixed) (G1 Preventive Collection)
[2024-10-12T11:44:10.503+0800][info] GC(103) Using 3 workers of 48 for evacuation
[2024-10-12T11:44:10.507+0800][info] GC(103)   Pre Evacuate Collection Set: 0.2ms
[2024-10-12T11:44:10.507+0800][info] GC(103)   Merge Heap Roots: 0.1ms
[2024-10-12T11:44:10.507+0800][info] GC(103)   Evacuate Collection Set: 3.5ms
[2024-10-12T11:44:10.507+0800][info] GC(103)   Post Evacuate Collection Set: 0.3ms
[2024-10-12T11:44:10.507+0800][info] GC(103)   Other: 0.2ms
[2024-10-12T11:44:10.507+0800][info] GC(103) Eden regions: 2->0(2)
[2024-10-12T11:44:10.507+0800][info] GC(103) Survivor regions: 1->1(1)
[2024-10-12T11:44:10.507+0800][info] GC(103) Old regions: 47->47
[2024-10-12T11:44:10.507+0800][info] GC(103) Archive regions: 2->2
[2024-10-12T11:44:10.507+0800][info] GC(103) Humongous regions: 3->3
[2024-10-12T11:44:10.507+0800][info] GC(103) Metaspace: 1567K(1728K)->1567K(1728K) NonClass: 1442K(1536K)->1442K(1536K) Class: 124K(192K)->124K(192K)
[2024-10-12T11:44:10.507+0800][info] GC(103) Pause Young (Mixed) (G1 Preventive Collection) 106M->103M(128M) 4.297ms
[2024-10-12T11:44:10.507+0800][info] GC(103) User=0.02s Sys=0.00s Real=0.01s
[2024-10-12T11:44:10.609+0800][info] GC(104) Pause Young (Normal) (G1 Evacuation Pause)
[2024-10-12T11:44:10.609+0800][info] GC(104) Using 3 workers of 48 for evacuation
[2024-10-12T11:44:10.611+0800][info] GC(104)   Pre Evacuate Collection Set: 0.1ms
[2024-10-12T11:44:10.611+0800][info] GC(104)   Merge Heap Roots: 0.1ms
[2024-10-12T11:44:10.611+0800][info] GC(104)   Evacuate Collection Set: 0.9ms
[2024-10-12T11:44:10.611+0800][info] GC(104)   Post Evacuate Collection Set: 0.2ms
[2024-10-12T11:44:10.611+0800][info] GC(104)   Other: 0.2ms
[2024-10-12T11:44:10.611+0800][info] GC(104) Eden regions: 2->0(2)
[2024-10-12T11:44:10.611+0800][info] GC(104) Survivor regions: 1->1(1)
[2024-10-12T11:44:10.611+0800][info] GC(104) Old regions: 47->49
[2024-10-12T11:44:10.611+0800][info] GC(104) Archive regions: 2->2
[2024-10-12T11:44:10.611+0800][info] GC(104) Humongous regions: 3->3
[2024-10-12T11:44:10.611+0800][info] GC(104) Metaspace: 1567K(1728K)->1567K(1728K) NonClass: 1442K(1536K)->1442K(1536K) Class: 124K(192K)->124K(192K)
[2024-10-12T11:44:10.611+0800][info] GC(104) Pause Young (Normal) (G1 Evacuation Pause) 106M->107M(128M) 1.663ms
[2024-10-12T11:44:10.611+0800][info] GC(104) User=0.00s Sys=0.00s Real=0.00s
[2024-10-12T11:44:10.714+0800][info] GC(105) Pause Young (Concurrent Start) (G1 Evacuation Pause)
[2024-10-12T11:44:10.714+0800][info] GC(105) Using 3 workers of 48 for evacuation
[2024-10-12T11:44:10.715+0800][info] GC(105)   Pre Evacuate Collection Set: 0.1ms
[2024-10-12T11:44:10.715+0800][info] GC(105)   Merge Heap Roots: 0.1ms
[2024-10-12T11:44:10.715+0800][info] GC(105)   Evacuate Collection Set: 0.9ms
[2024-10-12T11:44:10.715+0800][info] GC(105)   Post Evacuate Collection Set: 0.2ms
[2024-10-12T11:44:10.715+0800][info] GC(105)   Other: 0.4ms
[2024-10-12T11:44:10.715+0800][info] GC(105) Eden regions: 2->0(2)
[2024-10-12T11:44:10.715+0800][info] GC(105) Survivor regions: 1->1(1)
[2024-10-12T11:44:10.715+0800][info] GC(105) Old regions: 49->51
[2024-10-12T11:44:10.715+0800][info] GC(105) Archive regions: 2->2
[2024-10-12T11:44:10.715+0800][info] GC(105) Humongous regions: 3->3
[2024-10-12T11:44:10.715+0800][info] GC(105) Metaspace: 1567K(1728K)->1567K(1728K) NonClass: 1442K(1536K)->1442K(1536K) Class: 124K(192K)->124K(192K)
[2024-10-12T11:44:10.715+0800][info] GC(105) Pause Young (Concurrent Start) (G1 Evacuation Pause) 111M->111M(128M) 1.783ms
[2024-10-12T11:44:10.715+0800][info] GC(105) User=0.00s Sys=0.00s Real=0.00s
[2024-10-12T11:44:10.715+0800][info] GC(106) Concurrent Mark Cycle
[2024-10-12T11:44:10.715+0800][info] GC(106) Concurrent Clear Claimed Marks
[2024-10-12T11:44:10.716+0800][info] GC(106) Concurrent Clear Claimed Marks 0.016ms
[2024-10-12T11:44:10.716+0800][info] GC(106) Concurrent Scan Root Regions
[2024-10-12T11:44:10.716+0800][info] GC(106) Concurrent Scan Root Regions 0.150ms
[2024-10-12T11:44:10.716+0800][info] GC(106) Concurrent Mark
[2024-10-12T11:44:10.716+0800][info] GC(106) Concurrent Mark From Roots
[2024-10-12T11:44:10.716+0800][info] GC(106) Using 12 workers of 12 for marking
[2024-10-12T11:44:10.719+0800][info] GC(106) Concurrent Mark From Roots 3.283ms
[2024-10-12T11:44:10.719+0800][info] GC(106) Concurrent Preclean
[2024-10-12T11:44:10.721+0800][info] GC(106) Concurrent Preclean 1.663ms
[2024-10-12T11:44:10.721+0800][info] GC(106) Pause Remark
[2024-10-12T11:44:10.722+0800][info] GC(106) Pause Remark 111M->107M(128M) 1.472ms
[2024-10-12T11:44:10.722+0800][info] GC(106) User=0.00s Sys=0.00s Real=0.00s
[2024-10-12T11:44:10.722+0800][info] GC(106) Concurrent Mark 6.740ms
[2024-10-12T11:44:10.722+0800][info] GC(106) Concurrent Rebuild Remembered Sets
[2024-10-12T11:44:10.724+0800][info] GC(106) Concurrent Rebuild Remembered Sets 1.325ms
[2024-10-12T11:44:10.724+0800][info] GC(106) Pause Cleanup
[2024-10-12T11:44:10.724+0800][info] GC(106) Pause Cleanup 107M->107M(128M) 0.195ms
[2024-10-12T11:44:10.724+0800][info] GC(106) User=0.00s Sys=0.00s Real=0.00s
[2024-10-12T11:44:10.724+0800][info] GC(106) Concurrent Cleanup for Next Mark
[2024-10-12T11:44:10.725+0800][info] GC(106) Concurrent Cleanup for Next Mark 0.348ms
[2024-10-12T11:44:10.725+0800][info] GC(106) Concurrent Mark Cycle 9.130ms
[2024-10-12T11:44:10.869+0800][info] GC(107) Pause Young (Prepare Mixed) (G1 Evacuation Pause)
[2024-10-12T11:44:10.869+0800][info] GC(107) Using 3 workers of 48 for evacuation
[2024-10-12T11:44:10.871+0800][info] GC(107)   Pre Evacuate Collection Set: 0.1ms
[2024-10-12T11:44:10.871+0800][info] GC(107)   Merge Heap Roots: 0.1ms
[2024-10-12T11:44:10.871+0800][info] GC(107)   Evacuate Collection Set: 1.0ms
[2024-10-12T11:44:10.871+0800][info] GC(107)   Post Evacuate Collection Set: 0.2ms
[2024-10-12T11:44:10.871+0800][info] GC(107)   Other: 0.2ms
[2024-10-12T11:44:10.871+0800][info] GC(107) Eden regions: 2->0(2)
[2024-10-12T11:44:10.871+0800][info] GC(107) Survivor regions: 1->1(1)
[2024-10-12T11:44:10.871+0800][info] GC(107) Old regions: 49->51
[2024-10-12T11:44:10.871+0800][info] GC(107) Archive regions: 2->2
[2024-10-12T11:44:10.871+0800][info] GC(107) Humongous regions: 3->3
[2024-10-12T11:44:10.871+0800][info] GC(107) Metaspace: 1569K(1728K)->1569K(1728K) NonClass: 1445K(1536K)->1445K(1536K) Class: 124K(192K)->124K(192K)
[2024-10-12T11:44:10.871+0800][info] GC(107) Pause Young (Prepare Mixed) (G1 Evacuation Pause) 110M->111M(128M) 1.727ms
[2024-10-12T11:44:10.871+0800][info] GC(107) User=0.00s Sys=0.01s Real=0.00s
[2024-10-12T11:44:10.974+0800][info] GC(108) Pause Young (Mixed) (G1 Preventive Collection)
[2024-10-12T11:44:10.974+0800][info] GC(108) Using 3 workers of 48 for evacuation
[2024-10-12T11:44:10.976+0800][info] GC(108) To-space exhausted
[2024-10-12T11:44:10.976+0800][info] GC(108)   Pre Evacuate Collection Set: 0.2ms
[2024-10-12T11:44:10.976+0800][info] GC(108)   Merge Heap Roots: 0.1ms
[2024-10-12T11:44:10.976+0800][info] GC(108)   Evacuate Collection Set: 1.8ms
[2024-10-12T11:44:10.976+0800][info] GC(108)   Post Evacuate Collection Set: 0.4ms
[2024-10-12T11:44:10.976+0800][info] GC(108)   Other: 0.2ms
[2024-10-12T11:44:10.976+0800][info] GC(108) Eden regions: 2->0(2)
[2024-10-12T11:44:10.976+0800][info] GC(108) Survivor regions: 1->1(1)
[2024-10-12T11:44:10.976+0800][info] GC(108) Old regions: 51->50
[2024-10-12T11:44:10.976+0800][info] GC(108) Archive regions: 2->2
[2024-10-12T11:44:10.976+0800][info] GC(108) Humongous regions: 3->3
[2024-10-12T11:44:10.976+0800][info] GC(108) Metaspace: 1569K(1728K)->1569K(1728K) NonClass: 1445K(1536K)->1445K(1536K) Class: 124K(192K)->124K(192K)
[2024-10-12T11:44:10.976+0800][info] GC(108) Pause Young (Mixed) (G1 Preventive Collection) 115M->109M(128M) 2.806ms
[2024-10-12T11:44:10.976+0800][info] GC(108) User=0.01s Sys=0.00s Real=0.00s
[2024-10-12T11:44:11.038+0800][info] GC(109) Pause Young (Mixed) (G1 Preventive Collection)
[2024-10-12T11:44:11.038+0800][info] GC(109) Using 3 workers of 48 for evacuation
[2024-10-12T11:44:11.041+0800][info] GC(109)   Pre Evacuate Collection Set: 0.2ms
[2024-10-12T11:44:11.041+0800][info] GC(109)   Merge Heap Roots: 0.1ms
[2024-10-12T11:44:11.041+0800][info] GC(109)   Evacuate Collection Set: 2.3ms
[2024-10-12T11:44:11.041+0800][info] GC(109)   Post Evacuate Collection Set: 0.2ms
[2024-10-12T11:44:11.041+0800][info] GC(109)   Other: 0.2ms
[2024-10-12T11:44:11.041+0800][info] GC(109) Eden regions: 1->0(2)
[2024-10-12T11:44:11.041+0800][info] GC(109) Survivor regions: 1->1(1)
[2024-10-12T11:44:11.041+0800][info] GC(109) Old regions: 50->48
[2024-10-12T11:44:11.041+0800][info] GC(109) Archive regions: 2->2
[2024-10-12T11:44:11.041+0800][info] GC(109) Humongous regions: 3->3
[2024-10-12T11:44:11.041+0800][info] GC(109) Metaspace: 1569K(1728K)->1569K(1728K) NonClass: 1445K(1536K)->1445K(1536K) Class: 124K(192K)->124K(192K)
[2024-10-12T11:44:11.041+0800][info] GC(109) Pause Young (Mixed) (G1 Preventive Collection) 111M->105M(128M) 3.090ms
[2024-10-12T11:44:11.041+0800][info] GC(109) User=0.01s Sys=0.00s Real=0.00s
[2024-10-12T11:44:11.143+0800][info] GC(110) Pause Young (Mixed) (G1 Preventive Collection)
[2024-10-12T11:44:11.143+0800][info] GC(110) Using 3 workers of 48 for evacuation
[2024-10-12T11:44:11.147+0800][info] GC(110) To-space exhausted
[2024-10-12T11:44:11.147+0800][info] GC(110)   Pre Evacuate Collection Set: 0.2ms
[2024-10-12T11:44:11.147+0800][info] GC(110)   Merge Heap Roots: 0.1ms
[2024-10-12T11:44:11.147+0800][info] GC(110)   Evacuate Collection Set: 2.8ms
[2024-10-12T11:44:11.147+0800][info] GC(110)   Post Evacuate Collection Set: 0.3ms
[2024-10-12T11:44:11.147+0800][info] GC(110)   Other: 0.2ms
[2024-10-12T11:44:11.147+0800][info] GC(110) Eden regions: 2->0(2)
[2024-10-12T11:44:11.147+0800][info] GC(110) Survivor regions: 1->1(1)
[2024-10-12T11:44:11.147+0800][info] GC(110) Old regions: 48->48
[2024-10-12T11:44:11.147+0800][info] GC(110) Archive regions: 2->2
[2024-10-12T11:44:11.147+0800][info] GC(110) Humongous regions: 3->3
[2024-10-12T11:44:11.147+0800][info] GC(110) Metaspace: 1569K(1728K)->1569K(1728K) NonClass: 1445K(1536K)->1445K(1536K) Class: 124K(192K)->124K(192K)
[2024-10-12T11:44:11.147+0800][info] GC(110) Pause Young (Mixed) (G1 Preventive Collection) 108M->105M(128M) 3.579ms
[2024-10-12T11:44:11.147+0800][info] GC(110) User=0.01s Sys=0.00s Real=0.01s
[2024-10-12T11:44:11.250+0800][info] GC(111) Pause Young (Mixed) (G1 Preventive Collection)
[2024-10-12T11:44:11.250+0800][info] GC(111) Using 3 workers of 48 for evacuation
[2024-10-12T11:44:11.253+0800][info] GC(111)   Pre Evacuate Collection Set: 0.2ms
[2024-10-12T11:44:11.253+0800][info] GC(111)   Merge Heap Roots: 0.1ms
[2024-10-12T11:44:11.253+0800][info] GC(111)   Evacuate Collection Set: 2.5ms
[2024-10-12T11:44:11.253+0800][info] GC(111)   Post Evacuate Collection Set: 0.2ms
[2024-10-12T11:44:11.253+0800][info] GC(111)   Other: 0.1ms
[2024-10-12T11:44:11.253+0800][info] GC(111) Eden regions: 2->0(2)
[2024-10-12T11:44:11.253+0800][info] GC(111) Survivor regions: 1->1(1)
[2024-10-12T11:44:11.253+0800][info] GC(111) Old regions: 48->47
[2024-10-12T11:44:11.253+0800][info] GC(111) Archive regions: 2->2
[2024-10-12T11:44:11.253+0800][info] GC(111) Humongous regions: 3->3
[2024-10-12T11:44:11.253+0800][info] GC(111) Metaspace: 1569K(1728K)->1569K(1728K) NonClass: 1445K(1536K)->1445K(1536K) Class: 124K(192K)->124K(192K)
[2024-10-12T11:44:11.253+0800][info] GC(111) Pause Young (Mixed) (G1 Preventive Collection) 109M->103M(128M) 3.276ms
[2024-10-12T11:44:11.253+0800][info] GC(111) User=0.01s Sys=0.00s Real=0.00s
[2024-10-12T11:44:11.355+0800][info] GC(112) Pause Young (Mixed) (G1 Preventive Collection)
[2024-10-12T11:44:11.355+0800][info] GC(112) Using 3 workers of 48 for evacuation
[2024-10-12T11:44:11.360+0800][info] GC(112) To-space exhausted
[2024-10-12T11:44:11.360+0800][info] GC(112)   Pre Evacuate Collection Set: 0.2ms
[2024-10-12T11:44:11.360+0800][info] GC(112)   Merge Heap Roots: 0.1ms
[2024-10-12T11:44:11.360+0800][info] GC(112)   Evacuate Collection Set: 4.2ms
[2024-10-12T11:44:11.360+0800][info] GC(112)   Post Evacuate Collection Set: 0.4ms
[2024-10-12T11:44:11.360+0800][info] GC(112)   Other: 0.2ms
[2024-10-12T11:44:11.360+0800][info] GC(112) Eden regions: 2->0(2)
[2024-10-12T11:44:11.360+0800][info] GC(112) Survivor regions: 1->1(1)
[2024-10-12T11:44:11.360+0800][info] GC(112) Old regions: 47->49
[2024-10-12T11:44:11.360+0800][info] GC(112) Archive regions: 2->2
[2024-10-12T11:44:11.360+0800][info] GC(112) Humongous regions: 3->3
[2024-10-12T11:44:11.360+0800][info] GC(112) Metaspace: 1569K(1728K)->1569K(1728K) NonClass: 1445K(1536K)->1445K(1536K) Class: 124K(192K)->124K(192K)
[2024-10-12T11:44:11.360+0800][info] GC(112) Pause Young (Mixed) (G1 Preventive Collection) 107M->107M(128M) 5.218ms
[2024-10-12T11:44:11.360+0800][info] GC(112) User=0.01s Sys=0.00s Real=0.00s
[2024-10-12T11:44:11.464+0800][info] GC(113) Pause Young (Mixed) (G1 Evacuation Pause)
[2024-10-12T11:44:11.464+0800][info] GC(113) Using 3 workers of 48 for evacuation
[2024-10-12T11:44:11.466+0800][info] GC(113)   Pre Evacuate Collection Set: 0.2ms
[2024-10-12T11:44:11.466+0800][info] GC(113)   Merge Heap Roots: 0.1ms
[2024-10-12T11:44:11.466+0800][info] GC(113)   Evacuate Collection Set: 1.9ms
[2024-10-12T11:44:11.466+0800][info] GC(113)   Post Evacuate Collection Set: 0.2ms
[2024-10-12T11:44:11.466+0800][info] GC(113)   Other: 0.2ms
[2024-10-12T11:44:11.466+0800][info] GC(113) Eden regions: 2->0(2)
[2024-10-12T11:44:11.466+0800][info] GC(113) Survivor regions: 1->1(1)
[2024-10-12T11:44:11.466+0800][info] GC(113) Old regions: 49->51
[2024-10-12T11:44:11.466+0800][info] GC(113) Archive regions: 2->2
[2024-10-12T11:44:11.466+0800][info] GC(113) Humongous regions: 3->3
[2024-10-12T11:44:11.466+0800][info] GC(113) Metaspace: 1569K(1728K)->1569K(1728K) NonClass: 1445K(1536K)->1445K(1536K) Class: 124K(192K)->124K(192K)
[2024-10-12T11:44:11.466+0800][info] GC(113) Pause Young (Mixed) (G1 Evacuation Pause) 111M->111M(128M) 2.648ms
[2024-10-12T11:44:11.466+0800][info] GC(113) User=0.00s Sys=0.00s Real=0.01s
[2024-10-12T11:44:11.569+0800][info] GC(114) Pause Young (Concurrent Start) (G1 Evacuation Pause)
[2024-10-12T11:44:11.569+0800][info] GC(114) Using 3 workers of 48 for evacuation
[2024-10-12T11:44:11.571+0800][info] GC(114)   Pre Evacuate Collection Set: 0.1ms
[2024-10-12T11:44:11.571+0800][info] GC(114)   Merge Heap Roots: 0.1ms
[2024-10-12T11:44:11.571+0800][info] GC(114)   Evacuate Collection Set: 1.1ms
[2024-10-12T11:44:11.571+0800][info] GC(114)   Post Evacuate Collection Set: 0.2ms
[2024-10-12T11:44:11.571+0800][info] GC(114)   Other: 0.4ms
[2024-10-12T11:44:11.571+0800][info] GC(114) Eden regions: 2->0(2)
[2024-10-12T11:44:11.571+0800][info] GC(114) Survivor regions: 1->1(1)
[2024-10-12T11:44:11.571+0800][info] GC(114) Old regions: 51->53
[2024-10-12T11:44:11.571+0800][info] GC(114) Archive regions: 2->2
[2024-10-12T11:44:11.571+0800][info] GC(114) Humongous regions: 3->3
[2024-10-12T11:44:11.571+0800][info] GC(114) Metaspace: 1569K(1728K)->1569K(1728K) NonClass: 1445K(1536K)->1445K(1536K) Class: 124K(192K)->124K(192K)
[2024-10-12T11:44:11.571+0800][info] GC(114) Pause Young (Concurrent Start) (G1 Evacuation Pause) 114M->115M(128M) 1.954ms
[2024-10-12T11:44:11.571+0800][info] GC(114) User=0.01s Sys=0.00s Real=0.00s
[2024-10-12T11:44:11.571+0800][info] GC(115) Concurrent Mark Cycle
[2024-10-12T11:44:11.571+0800][info] GC(115) Concurrent Clear Claimed Marks
[2024-10-12T11:44:11.571+0800][info] GC(115) Concurrent Clear Claimed Marks 0.017ms
[2024-10-12T11:44:11.571+0800][info] GC(115) Concurrent Scan Root Regions
[2024-10-12T11:44:11.571+0800][info] GC(115) Concurrent Scan Root Regions 0.156ms
[2024-10-12T11:44:11.571+0800][info] GC(115) Concurrent Mark
[2024-10-12T11:44:11.571+0800][info] GC(115) Concurrent Mark From Roots
[2024-10-12T11:44:11.571+0800][info] GC(115) Using 12 workers of 12 for marking
[2024-10-12T11:44:11.575+0800][info] GC(115) Concurrent Mark From Roots 4.204ms
[2024-10-12T11:44:11.575+0800][info] GC(115) Concurrent Preclean
[2024-10-12T11:44:11.577+0800][info] GC(115) Concurrent Preclean 1.673ms
[2024-10-12T11:44:11.577+0800][info] GC(115) Pause Remark
[2024-10-12T11:44:11.579+0800][info] GC(115) Pause Remark 115M->113M(128M) 1.460ms
[2024-10-12T11:44:11.579+0800][info] GC(115) User=0.00s Sys=0.00s Real=0.00s
[2024-10-12T11:44:11.579+0800][info] GC(115) Concurrent Mark 7.677ms
[2024-10-12T11:44:11.579+0800][info] GC(115) Concurrent Rebuild Remembered Sets
[2024-10-12T11:44:11.580+0800][info] GC(115) Concurrent Rebuild Remembered Sets 1.371ms
[2024-10-12T11:44:11.580+0800][info] GC(115) Pause Cleanup
[2024-10-12T11:44:11.581+0800][info] GC(115) Pause Cleanup 113M->113M(128M) 0.186ms
[2024-10-12T11:44:11.581+0800][info] GC(115) User=0.00s Sys=0.00s Real=0.00s
[2024-10-12T11:44:11.581+0800][info] GC(115) Concurrent Cleanup for Next Mark
[2024-10-12T11:44:11.581+0800][info] GC(115) Concurrent Cleanup for Next Mark 0.379ms
[2024-10-12T11:44:11.581+0800][info] GC(115) Concurrent Mark Cycle 10.145ms
[2024-10-12T11:44:11.725+0800][info] GC(116) Pause Young (Prepare Mixed) (G1 Preventive Collection)
[2024-10-12T11:44:11.725+0800][info] GC(116) Using 3 workers of 48 for evacuation
[2024-10-12T11:44:11.727+0800][info] GC(116)   Pre Evacuate Collection Set: 0.1ms
[2024-10-12T11:44:11.727+0800][info] GC(116)   Merge Heap Roots: 0.1ms
[2024-10-12T11:44:11.727+0800][info] GC(116)   Evacuate Collection Set: 1.1ms
[2024-10-12T11:44:11.727+0800][info] GC(116)   Post Evacuate Collection Set: 0.2ms
[2024-10-12T11:44:11.727+0800][info] GC(116)   Other: 0.2ms
[2024-10-12T11:44:11.727+0800][info] GC(116) Eden regions: 2->0(2)
[2024-10-12T11:44:11.727+0800][info] GC(116) Survivor regions: 1->1(1)
[2024-10-12T11:44:11.727+0800][info] GC(116) Old regions: 52->54
[2024-10-12T11:44:11.727+0800][info] GC(116) Archive regions: 2->2
[2024-10-12T11:44:11.727+0800][info] GC(116) Humongous regions: 3->3
[2024-10-12T11:44:11.727+0800][info] GC(116) Metaspace: 1581K(1728K)->1581K(1728K) NonClass: 1457K(1536K)->1457K(1536K) Class: 124K(192K)->124K(192K)
[2024-10-12T11:44:11.727+0800][info] GC(116) Pause Young (Prepare Mixed) (G1 Preventive Collection) 116M->116M(128M) 1.860ms
[2024-10-12T11:44:11.727+0800][info] GC(116) User=0.00s Sys=0.00s Real=0.00s
[2024-10-12T11:44:11.789+0800][info] GC(117) Pause Young (Mixed) (G1 Preventive Collection)
[2024-10-12T11:44:11.789+0800][info] GC(117) Using 3 workers of 48 for evacuation
[2024-10-12T11:44:11.791+0800][info] GC(117) To-space exhausted
[2024-10-12T11:44:11.791+0800][info] GC(117)   Pre Evacuate Collection Set: 0.1ms
[2024-10-12T11:44:11.791+0800][info] GC(117)   Merge Heap Roots: 0.1ms
[2024-10-12T11:44:11.791+0800][info] GC(117)   Evacuate Collection Set: 1.5ms
[2024-10-12T11:44:11.791+0800][info] GC(117)   Post Evacuate Collection Set: 0.3ms
[2024-10-12T11:44:11.791+0800][info] GC(117)   Other: 0.2ms
[2024-10-12T11:44:11.791+0800][info] GC(117) Eden regions: 1->0(2)
[2024-10-12T11:44:11.791+0800][info] GC(117) Survivor regions: 1->1(1)
[2024-10-12T11:44:11.791+0800][info] GC(117) Old regions: 54->50
[2024-10-12T11:44:11.791+0800][info] GC(117) Archive regions: 2->2
[2024-10-12T11:44:11.791+0800][info] GC(117) Humongous regions: 3->3
[2024-10-12T11:44:11.791+0800][info] GC(117) Metaspace: 1581K(1728K)->1581K(1728K) NonClass: 1457K(1536K)->1457K(1536K) Class: 124K(192K)->124K(192K)
[2024-10-12T11:44:11.791+0800][info] GC(117) Pause Young (Mixed) (G1 Preventive Collection) 118M->109M(128M) 2.382ms
[2024-10-12T11:44:11.791+0800][info] GC(117) User=0.00s Sys=0.00s Real=0.00s
[2024-10-12T11:44:11.832+0800][info] GC(118) Pause Young (Mixed) (G1 Preventive Collection)
[2024-10-12T11:44:11.832+0800][info] GC(118) Using 3 workers of 48 for evacuation
[2024-10-12T11:44:11.835+0800][info] GC(118)   Pre Evacuate Collection Set: 0.2ms
[2024-10-12T11:44:11.835+0800][info] GC(118)   Merge Heap Roots: 0.1ms
[2024-10-12T11:44:11.835+0800][info] GC(118)   Evacuate Collection Set: 2.0ms
[2024-10-12T11:44:11.835+0800][info] GC(118)   Post Evacuate Collection Set: 0.2ms
[2024-10-12T11:44:11.835+0800][info] GC(118)   Other: 0.1ms
[2024-10-12T11:44:11.835+0800][info] GC(118) Eden regions: 1->0(2)
[2024-10-12T11:44:11.835+0800][info] GC(118) Survivor regions: 1->1(1)
[2024-10-12T11:44:11.835+0800][info] GC(118) Old regions: 50->47
[2024-10-12T11:44:11.835+0800][info] GC(118) Archive regions: 2->2
[2024-10-12T11:44:11.835+0800][info] GC(118) Humongous regions: 3->3
[2024-10-12T11:44:11.835+0800][info] GC(118) Metaspace: 1581K(1728K)->1581K(1728K) NonClass: 1457K(1536K)->1457K(1536K) Class: 124K(192K)->124K(192K)
[2024-10-12T11:44:11.835+0800][info] GC(118) Pause Young (Mixed) (G1 Preventive Collection) 111M->103M(128M) 2.735ms
[2024-10-12T11:44:11.835+0800][info] GC(118) User=0.01s Sys=0.00s Real=0.01s
[2024-10-12T11:44:11.938+0800][info] GC(119) Pause Young (Mixed) (G1 Preventive Collection)
[2024-10-12T11:44:11.938+0800][info] GC(119) Using 3 workers of 48 for evacuation
[2024-10-12T11:44:11.942+0800][info] GC(119)   Pre Evacuate Collection Set: 0.2ms
[2024-10-12T11:44:11.942+0800][info] GC(119)   Merge Heap Roots: 0.1ms
[2024-10-12T11:44:11.942+0800][info] GC(119)   Evacuate Collection Set: 2.9ms
[2024-10-12T11:44:11.942+0800][info] GC(119)   Post Evacuate Collection Set: 0.2ms
[2024-10-12T11:44:11.942+0800][info] GC(119)   Other: 0.1ms
[2024-10-12T11:44:11.942+0800][info] GC(119) Eden regions: 2->0(2)
[2024-10-12T11:44:11.942+0800][info] GC(119) Survivor regions: 1->1(1)
[2024-10-12T11:44:11.942+0800][info] GC(119) Old regions: 47->46
[2024-10-12T11:44:11.942+0800][info] GC(119) Archive regions: 2->2
[2024-10-12T11:44:11.942+0800][info] GC(119) Humongous regions: 4->3
[2024-10-12T11:44:11.942+0800][info] GC(119) Metaspace: 1581K(1728K)->1581K(1728K) NonClass: 1457K(1536K)->1457K(1536K) Class: 124K(192K)->124K(192K)
[2024-10-12T11:44:11.942+0800][info] GC(119) Pause Young (Mixed) (G1 Preventive Collection) 108M->100M(128M) 3.652ms
[2024-10-12T11:44:11.942+0800][info] GC(119) User=0.01s Sys=0.00s Real=0.00s
[2024-10-12T11:44:12.044+0800][info] GC(120) Pause Young (Mixed) (G1 Evacuation Pause)
[2024-10-12T11:44:12.044+0800][info] GC(120) Using 3 workers of 48 for evacuation
[2024-10-12T11:44:12.048+0800][info] GC(120)   Pre Evacuate Collection Set: 0.2ms
[2024-10-12T11:44:12.048+0800][info] GC(120)   Merge Heap Roots: 0.1ms
[2024-10-12T11:44:12.048+0800][info] GC(120)   Evacuate Collection Set: 3.2ms
[2024-10-12T11:44:12.048+0800][info] GC(120)   Post Evacuate Collection Set: 0.2ms
[2024-10-12T11:44:12.048+0800][info] GC(120)   Other: 0.1ms
[2024-10-12T11:44:12.048+0800][info] GC(120) Eden regions: 2->0(2)
[2024-10-12T11:44:12.048+0800][info] GC(120) Survivor regions: 1->1(1)
[2024-10-12T11:44:12.048+0800][info] GC(120) Old regions: 46->45
[2024-10-12T11:44:12.048+0800][info] GC(120) Archive regions: 2->2
[2024-10-12T11:44:12.048+0800][info] GC(120) Humongous regions: 3->3
[2024-10-12T11:44:12.048+0800][info] GC(120) Metaspace: 1581K(1728K)->1581K(1728K) NonClass: 1457K(1536K)->1457K(1536K) Class: 124K(192K)->124K(192K)
[2024-10-12T11:44:12.048+0800][info] GC(120) Pause Young (Mixed) (G1 Evacuation Pause) 103M->99M(128M) 3.999ms
[2024-10-12T11:44:12.048+0800][info] GC(120) User=0.01s Sys=0.00s Real=0.01s
[2024-10-12T11:44:12.151+0800][info] GC(121) Pause Young (Mixed) (G1 Evacuation Pause)
[2024-10-12T11:44:12.151+0800][info] GC(121) Using 3 workers of 48 for evacuation
[2024-10-12T11:44:12.156+0800][info] GC(121)   Pre Evacuate Collection Set: 0.2ms
[2024-10-12T11:44:12.156+0800][info] GC(121)   Merge Heap Roots: 0.1ms
[2024-10-12T11:44:12.156+0800][info] GC(121)   Evacuate Collection Set: 3.9ms
[2024-10-12T11:44:12.156+0800][info] GC(121)   Post Evacuate Collection Set: 0.3ms
[2024-10-12T11:44:12.156+0800][info] GC(121)   Other: 0.1ms
[2024-10-12T11:44:12.156+0800][info] GC(121) Eden regions: 2->0(2)
[2024-10-12T11:44:12.156+0800][info] GC(121) Survivor regions: 1->1(1)
[2024-10-12T11:44:12.156+0800][info] GC(121) Old regions: 45->45
[2024-10-12T11:44:12.156+0800][info] GC(121) Archive regions: 2->2
[2024-10-12T11:44:12.156+0800][info] GC(121) Humongous regions: 3->3
[2024-10-12T11:44:12.156+0800][info] GC(121) Metaspace: 1581K(1728K)->1581K(1728K) NonClass: 1457K(1536K)->1457K(1536K) Class: 124K(192K)->124K(192K)
[2024-10-12T11:44:12.156+0800][info] GC(121) Pause Young (Mixed) (G1 Evacuation Pause) 103M->99M(128M) 4.741ms
[2024-10-12T11:44:12.156+0800][info] GC(121) User=0.01s Sys=0.00s Real=0.01s
[2024-10-12T11:44:12.258+0800][info] GC(122) Pause Young (Mixed) (G1 Evacuation Pause)
[2024-10-12T11:44:12.258+0800][info] GC(122) Using 3 workers of 48 for evacuation
[2024-10-12T11:44:12.260+0800][info] GC(122)   Pre Evacuate Collection Set: 0.2ms
[2024-10-12T11:44:12.260+0800][info] GC(122)   Merge Heap Roots: 0.1ms
[2024-10-12T11:44:12.260+0800][info] GC(122)   Evacuate Collection Set: 1.9ms
[2024-10-12T11:44:12.260+0800][info] GC(122)   Post Evacuate Collection Set: 0.2ms
[2024-10-12T11:44:12.261+0800][info] GC(122)   Other: 0.1ms
[2024-10-12T11:44:12.261+0800][info] GC(122) Eden regions: 2->0(2)
[2024-10-12T11:44:12.261+0800][info] GC(122) Survivor regions: 1->1(1)
[2024-10-12T11:44:12.261+0800][info] GC(122) Old regions: 45->47
[2024-10-12T11:44:12.261+0800][info] GC(122) Archive regions: 2->2
[2024-10-12T11:44:12.261+0800][info] GC(122) Humongous regions: 3->3
[2024-10-12T11:44:12.261+0800][info] GC(122) Metaspace: 1581K(1728K)->1581K(1728K) NonClass: 1457K(1536K)->1457K(1536K) Class: 124K(192K)->124K(192K)
[2024-10-12T11:44:12.261+0800][info] GC(122) Pause Young (Mixed) (G1 Evacuation Pause) 103M->103M(128M) 2.663ms
[2024-10-12T11:44:12.261+0800][info] GC(122) User=0.01s Sys=0.00s Real=0.00s
[2024-10-12T11:44:12.363+0800][info] GC(123) Pause Young (Normal) (G1 Evacuation Pause)
[2024-10-12T11:44:12.363+0800][info] GC(123) Using 3 workers of 48 for evacuation
[2024-10-12T11:44:12.365+0800][info] GC(123)   Pre Evacuate Collection Set: 0.1ms
[2024-10-12T11:44:12.365+0800][info] GC(123)   Merge Heap Roots: 0.1ms
[2024-10-12T11:44:12.365+0800][info] GC(123)   Evacuate Collection Set: 0.8ms
[2024-10-12T11:44:12.365+0800][info] GC(123)   Post Evacuate Collection Set: 0.2ms
[2024-10-12T11:44:12.365+0800][info] GC(123)   Other: 0.2ms
[2024-10-12T11:44:12.365+0800][info] GC(123) Eden regions: 2->0(2)
[2024-10-12T11:44:12.365+0800][info] GC(123) Survivor regions: 1->1(1)
[2024-10-12T11:44:12.365+0800][info] GC(123) Old regions: 47->49
[2024-10-12T11:44:12.365+0800][info] GC(123) Archive regions: 2->2
[2024-10-12T11:44:12.365+0800][info] GC(123) Humongous regions: 3->3
[2024-10-12T11:44:12.365+0800][info] GC(123) Metaspace: 1581K(1728K)->1581K(1728K) NonClass: 1457K(1536K)->1457K(1536K) Class: 124K(192K)->124K(192K)
[2024-10-12T11:44:12.365+0800][info] GC(123) Pause Young (Normal) (G1 Evacuation Pause) 107M->107M(128M) 1.554ms
[2024-10-12T11:44:12.365+0800][info] GC(123) User=0.00s Sys=0.00s Real=0.00s
[2024-10-12T11:44:12.467+0800][info] GC(124) Pause Young (Concurrent Start) (G1 Evacuation Pause)
[2024-10-12T11:44:12.467+0800][info] GC(124) Using 3 workers of 48 for evacuation
[2024-10-12T11:44:12.469+0800][info] GC(124)   Pre Evacuate Collection Set: 0.1ms
[2024-10-12T11:44:12.469+0800][info] GC(124)   Merge Heap Roots: 0.1ms
[2024-10-12T11:44:12.469+0800][info] GC(124)   Evacuate Collection Set: 1.0ms
[2024-10-12T11:44:12.469+0800][info] GC(124)   Post Evacuate Collection Set: 0.2ms
[2024-10-12T11:44:12.469+0800][info] GC(124)   Other: 0.4ms
[2024-10-12T11:44:12.469+0800][info] GC(124) Eden regions: 2->0(2)
[2024-10-12T11:44:12.469+0800][info] GC(124) Survivor regions: 1->1(1)
[2024-10-12T11:44:12.469+0800][info] GC(124) Old regions: 49->51
[2024-10-12T11:44:12.469+0800][info] GC(124) Archive regions: 2->2
[2024-10-12T11:44:12.469+0800][info] GC(124) Humongous regions: 3->3
[2024-10-12T11:44:12.469+0800][info] GC(124) Metaspace: 1585K(1792K)->1585K(1792K) NonClass: 1460K(1600K)->1460K(1600K) Class: 124K(192K)->124K(192K)
[2024-10-12T11:44:12.469+0800][info] GC(124) Pause Young (Concurrent Start) (G1 Evacuation Pause) 110M->111M(128M) 1.901ms
[2024-10-12T11:44:12.469+0800][info] GC(124) User=0.00s Sys=0.00s Real=0.00s
[2024-10-12T11:44:12.469+0800][info] GC(125) Concurrent Mark Cycle
[2024-10-12T11:44:12.469+0800][info] GC(125) Concurrent Clear Claimed Marks
[2024-10-12T11:44:12.469+0800][info] GC(125) Concurrent Clear Claimed Marks 0.016ms
[2024-10-12T11:44:12.469+0800][info] GC(125) Concurrent Scan Root Regions
[2024-10-12T11:44:12.469+0800][info] GC(125) Concurrent Scan Root Regions 0.125ms
[2024-10-12T11:44:12.469+0800][info] GC(125) Concurrent Mark
[2024-10-12T11:44:12.469+0800][info] GC(125) Concurrent Mark From Roots
[2024-10-12T11:44:12.469+0800][info] GC(125) Using 12 workers of 12 for marking
[2024-10-12T11:44:12.473+0800][info] GC(125) Concurrent Mark From Roots 3.617ms
[2024-10-12T11:44:12.473+0800][info] GC(125) Concurrent Preclean
[2024-10-12T11:44:12.475+0800][info] GC(125) Concurrent Preclean 1.666ms
[2024-10-12T11:44:12.475+0800][info] GC(125) Pause Remark
[2024-10-12T11:44:12.476+0800][info] GC(125) Pause Remark 111M->107M(128M) 1.388ms
[2024-10-12T11:44:12.476+0800][info] GC(125) User=0.00s Sys=0.00s Real=0.00s
[2024-10-12T11:44:12.476+0800][info] GC(125) Concurrent Mark 6.902ms
[2024-10-12T11:44:12.476+0800][info] GC(125) Concurrent Rebuild Remembered Sets
[2024-10-12T11:44:12.478+0800][info] GC(125) Concurrent Rebuild Remembered Sets 1.482ms
[2024-10-12T11:44:12.478+0800][info] GC(125) Pause Cleanup
[2024-10-12T11:44:12.478+0800][info] GC(125) Pause Cleanup 107M->107M(128M) 0.264ms
[2024-10-12T11:44:12.478+0800][info] GC(125) User=0.01s Sys=0.00s Real=0.00s
[2024-10-12T11:44:12.478+0800][info] GC(125) Concurrent Cleanup for Next Mark
[2024-10-12T11:44:12.479+0800][info] GC(125) Concurrent Cleanup for Next Mark 0.361ms
[2024-10-12T11:44:12.479+0800][info] GC(125) Concurrent Mark Cycle 9.513ms
[2024-10-12T11:44:12.623+0800][info] GC(126) Pause Young (Prepare Mixed) (G1 Evacuation Pause)
[2024-10-12T11:44:12.623+0800][info] GC(126) Using 3 workers of 48 for evacuation
[2024-10-12T11:44:12.625+0800][info] GC(126)   Pre Evacuate Collection Set: 0.1ms
[2024-10-12T11:44:12.625+0800][info] GC(126)   Merge Heap Roots: 0.1ms
[2024-10-12T11:44:12.625+0800][info] GC(126)   Evacuate Collection Set: 1.1ms
[2024-10-12T11:44:12.625+0800][info] GC(126)   Post Evacuate Collection Set: 0.2ms
[2024-10-12T11:44:12.625+0800][info] GC(126)   Other: 0.2ms
[2024-10-12T11:44:12.625+0800][info] GC(126) Eden regions: 2->0(2)
[2024-10-12T11:44:12.625+0800][info] GC(126) Survivor regions: 1->1(1)
[2024-10-12T11:44:12.625+0800][info] GC(126) Old regions: 49->51
[2024-10-12T11:44:12.625+0800][info] GC(126) Archive regions: 2->2
[2024-10-12T11:44:12.625+0800][info] GC(126) Humongous regions: 3->3
[2024-10-12T11:44:12.625+0800][info] GC(126) Metaspace: 1585K(1792K)->1585K(1792K) NonClass: 1461K(1600K)->1461K(1600K) Class: 124K(192K)->124K(192K)
[2024-10-12T11:44:12.625+0800][info] GC(126) Pause Young (Prepare Mixed) (G1 Evacuation Pause) 110M->111M(128M) 1.826ms
[2024-10-12T11:44:12.625+0800][info] GC(126) User=0.00s Sys=0.00s Real=0.01s
[2024-10-12T11:44:12.727+0800][info] GC(127) Pause Young (Mixed) (G1 Preventive Collection)
[2024-10-12T11:44:12.727+0800][info] GC(127) Using 3 workers of 48 for evacuation
[2024-10-12T11:44:12.730+0800][info] GC(127)   Pre Evacuate Collection Set: 0.2ms
[2024-10-12T11:44:12.730+0800][info] GC(127)   Merge Heap Roots: 0.1ms
[2024-10-12T11:44:12.730+0800][info] GC(127)   Evacuate Collection Set: 2.0ms
[2024-10-12T11:44:12.730+0800][info] GC(127)   Post Evacuate Collection Set: 0.2ms
[2024-10-12T11:44:12.730+0800][info] GC(127)   Other: 0.2ms
[2024-10-12T11:44:12.730+0800][info] GC(127) Eden regions: 2->0(2)
[2024-10-12T11:44:12.730+0800][info] GC(127) Survivor regions: 1->1(1)
[2024-10-12T11:44:12.730+0800][info] GC(127) Old regions: 51->47
[2024-10-12T11:44:12.730+0800][info] GC(127) Archive regions: 2->2
[2024-10-12T11:44:12.730+0800][info] GC(127) Humongous regions: 3->3
[2024-10-12T11:44:12.730+0800][info] GC(127) Metaspace: 1585K(1792K)->1585K(1792K) NonClass: 1461K(1600K)->1461K(1600K) Class: 124K(192K)->124K(192K)
[2024-10-12T11:44:12.730+0800][info] GC(127) Pause Young (Mixed) (G1 Preventive Collection) 114M->103M(128M) 2.874ms
[2024-10-12T11:44:12.730+0800][info] GC(127) User=0.01s Sys=0.00s Real=0.00s
[2024-10-12T11:44:12.833+0800][info] GC(128) Pause Young (Mixed) (G1 Evacuation Pause)
[2024-10-12T11:44:12.833+0800][info] GC(128) Using 3 workers of 48 for evacuation
[2024-10-12T11:44:12.836+0800][info] GC(128)   Pre Evacuate Collection Set: 0.2ms
[2024-10-12T11:44:12.836+0800][info] GC(128)   Merge Heap Roots: 0.1ms
[2024-10-12T11:44:12.836+0800][info] GC(128)   Evacuate Collection Set: 2.5ms
[2024-10-12T11:44:12.836+0800][info] GC(128)   Post Evacuate Collection Set: 0.2ms
[2024-10-12T11:44:12.836+0800][info] GC(128)   Other: 0.2ms
[2024-10-12T11:44:12.836+0800][info] GC(128) Eden regions: 2->0(2)
[2024-10-12T11:44:12.836+0800][info] GC(128) Survivor regions: 1->1(1)
[2024-10-12T11:44:12.836+0800][info] GC(128) Old regions: 47->45
[2024-10-12T11:44:12.836+0800][info] GC(128) Archive regions: 2->2
[2024-10-12T11:44:12.836+0800][info] GC(128) Humongous regions: 3->3
[2024-10-12T11:44:12.836+0800][info] GC(128) Metaspace: 1585K(1792K)->1585K(1792K) NonClass: 1461K(1600K)->1461K(1600K) Class: 124K(192K)->124K(192K)
[2024-10-12T11:44:12.836+0800][info] GC(128) Pause Young (Mixed) (G1 Evacuation Pause) 106M->99M(128M) 3.229ms
[2024-10-12T11:44:12.836+0800][info] GC(128) User=0.01s Sys=0.00s Real=0.00s
[2024-10-12T11:44:12.938+0800][info] GC(129) Pause Young (Mixed) (G1 Evacuation Pause)
[2024-10-12T11:44:12.939+0800][info] GC(129) Using 3 workers of 48 for evacuation
[2024-10-12T11:44:12.942+0800][info] GC(129)   Pre Evacuate Collection Set: 0.2ms
[2024-10-12T11:44:12.942+0800][info] GC(129)   Merge Heap Roots: 0.1ms
[2024-10-12T11:44:12.942+0800][info] GC(129)   Evacuate Collection Set: 2.9ms
[2024-10-12T11:44:12.942+0800][info] GC(129)   Post Evacuate Collection Set: 0.2ms
[2024-10-12T11:44:12.942+0800][info] GC(129)   Other: 0.1ms
[2024-10-12T11:44:12.942+0800][info] GC(129) Eden regions: 2->0(2)
[2024-10-12T11:44:12.942+0800][info] GC(129) Survivor regions: 1->1(1)
[2024-10-12T11:44:12.942+0800][info] GC(129) Old regions: 45->45
[2024-10-12T11:44:12.942+0800][info] GC(129) Archive regions: 2->2
[2024-10-12T11:44:12.942+0800][info] GC(129) Humongous regions: 3->3
[2024-10-12T11:44:12.942+0800][info] GC(129) Metaspace: 1585K(1792K)->1585K(1792K) NonClass: 1461K(1600K)->1461K(1600K) Class: 124K(192K)->124K(192K)
[2024-10-12T11:44:12.942+0800][info] GC(129) Pause Young (Mixed) (G1 Evacuation Pause) 103M->99M(128M) 3.685ms
[2024-10-12T11:44:12.942+0800][info] GC(129) User=0.01s Sys=0.00s Real=0.00s
[2024-10-12T11:44:13.045+0800][info] GC(130) Pause Young (Mixed) (G1 Evacuation Pause)
[2024-10-12T11:44:13.045+0800][info] GC(130) Using 3 workers of 48 for evacuation
[2024-10-12T11:44:13.048+0800][info] GC(130)   Pre Evacuate Collection Set: 0.2ms
[2024-10-12T11:44:13.048+0800][info] GC(130)   Merge Heap Roots: 0.1ms
[2024-10-12T11:44:13.048+0800][info] GC(130)   Evacuate Collection Set: 2.8ms
[2024-10-12T11:44:13.048+0800][info] GC(130)   Post Evacuate Collection Set: 0.2ms
[2024-10-12T11:44:13.048+0800][info] GC(130)   Other: 0.2ms
[2024-10-12T11:44:13.048+0800][info] GC(130) Eden regions: 2->0(2)
[2024-10-12T11:44:13.048+0800][info] GC(130) Survivor regions: 1->1(1)
[2024-10-12T11:44:13.048+0800][info] GC(130) Old regions: 45->44
[2024-10-12T11:44:13.049+0800][info] GC(130) Archive regions: 2->2
[2024-10-12T11:44:13.049+0800][info] GC(130) Humongous regions: 3->3
[2024-10-12T11:44:13.049+0800][info] GC(130) Metaspace: 1585K(1792K)->1585K(1792K) NonClass: 1461K(1600K)->1461K(1600K) Class: 124K(192K)->124K(192K)
[2024-10-12T11:44:13.049+0800][info] GC(130) Pause Young (Mixed) (G1 Evacuation Pause) 103M->97M(128M) 3.642ms
[2024-10-12T11:44:13.049+0800][info] GC(130) User=0.01s Sys=0.00s Real=0.01s
[2024-10-12T11:44:13.151+0800][info] GC(131) Pause Young (Mixed) (G1 Evacuation Pause)
[2024-10-12T11:44:13.151+0800][info] GC(131) Using 3 workers of 48 for evacuation
[2024-10-12T11:44:13.155+0800][info] GC(131)   Pre Evacuate Collection Set: 0.2ms
[2024-10-12T11:44:13.156+0800][info] GC(131)   Merge Heap Roots: 0.1ms
[2024-10-12T11:44:13.156+0800][info] GC(131)   Evacuate Collection Set: 4.1ms
[2024-10-12T11:44:13.156+0800][info] GC(131)   Post Evacuate Collection Set: 0.3ms
[2024-10-12T11:44:13.156+0800][info] GC(131)   Other: 0.2ms
[2024-10-12T11:44:13.156+0800][info] GC(131) Eden regions: 2->0(2)
[2024-10-12T11:44:13.156+0800][info] GC(131) Survivor regions: 1->1(1)
[2024-10-12T11:44:13.156+0800][info] GC(131) Old regions: 44->44
[2024-10-12T11:44:13.156+0800][info] GC(131) Archive regions: 2->2
[2024-10-12T11:44:13.156+0800][info] GC(131) Humongous regions: 3->3
[2024-10-12T11:44:13.156+0800][info] GC(131) Metaspace: 1585K(1792K)->1585K(1792K) NonClass: 1461K(1600K)->1461K(1600K) Class: 124K(192K)->124K(192K)
[2024-10-12T11:44:13.156+0800][info] GC(131) Pause Young (Mixed) (G1 Evacuation Pause) 101M->97M(128M) 4.898ms
[2024-10-12T11:44:13.156+0800][info] GC(131) User=0.01s Sys=0.00s Real=0.01s
[2024-10-12T11:44:13.258+0800][info] GC(132) Pause Young (Normal) (G1 Evacuation Pause)
[2024-10-12T11:44:13.258+0800][info] GC(132) Using 3 workers of 48 for evacuation
[2024-10-12T11:44:13.260+0800][info] GC(132)   Pre Evacuate Collection Set: 0.1ms
[2024-10-12T11:44:13.260+0800][info] GC(132)   Merge Heap Roots: 0.1ms
[2024-10-12T11:44:13.260+0800][info] GC(132)   Evacuate Collection Set: 1.0ms
[2024-10-12T11:44:13.260+0800][info] GC(132)   Post Evacuate Collection Set: 0.2ms
[2024-10-12T11:44:13.260+0800][info] GC(132)   Other: 0.2ms
[2024-10-12T11:44:13.260+0800][info] GC(132) Eden regions: 2->0(2)
[2024-10-12T11:44:13.260+0800][info] GC(132) Survivor regions: 1->1(1)
[2024-10-12T11:44:13.260+0800][info] GC(132) Old regions: 44->46
[2024-10-12T11:44:13.260+0800][info] GC(132) Archive regions: 2->2
[2024-10-12T11:44:13.260+0800][info] GC(132) Humongous regions: 3->3
[2024-10-12T11:44:13.260+0800][info] GC(132) Metaspace: 1585K(1792K)->1585K(1792K) NonClass: 1461K(1600K)->1461K(1600K) Class: 124K(192K)->124K(192K)
[2024-10-12T11:44:13.260+0800][info] GC(132) Pause Young (Normal) (G1 Evacuation Pause) 101M->101M(128M) 1.695ms
[2024-10-12T11:44:13.260+0800][info] GC(132) User=0.00s Sys=0.00s Real=0.00s
[2024-10-12T11:44:13.362+0800][info] GC(133) Pause Young (Normal) (G1 Evacuation Pause)
[2024-10-12T11:44:13.362+0800][info] GC(133) Using 3 workers of 48 for evacuation
[2024-10-12T11:44:13.364+0800][info] GC(133)   Pre Evacuate Collection Set: 0.1ms
[2024-10-12T11:44:13.364+0800][info] GC(133)   Merge Heap Roots: 0.1ms
[2024-10-12T11:44:13.364+0800][info] GC(133)   Evacuate Collection Set: 1.0ms
[2024-10-12T11:44:13.364+0800][info] GC(133)   Post Evacuate Collection Set: 0.2ms
[2024-10-12T11:44:13.364+0800][info] GC(133)   Other: 0.2ms
[2024-10-12T11:44:13.364+0800][info] GC(133) Eden regions: 2->0(2)
[2024-10-12T11:44:13.364+0800][info] GC(133) Survivor regions: 1->1(1)
[2024-10-12T11:44:13.364+0800][info] GC(133) Old regions: 46->48
[2024-10-12T11:44:13.364+0800][info] GC(133) Archive regions: 2->2
[2024-10-12T11:44:13.364+0800][info] GC(133) Humongous regions: 3->3
[2024-10-12T11:44:13.364+0800][info] GC(133) Metaspace: 1585K(1792K)->1585K(1792K) NonClass: 1461K(1600K)->1461K(1600K) Class: 124K(192K)->124K(192K)
[2024-10-12T11:44:13.364+0800][info] GC(133) Pause Young (Normal) (G1 Evacuation Pause) 105M->105M(128M) 1.695ms
[2024-10-12T11:44:13.364+0800][info] GC(133) User=0.00s Sys=0.00s Real=0.00s
[2024-10-12T11:44:13.467+0800][info] GC(134) Pause Young (Concurrent Start) (G1 Evacuation Pause)
[2024-10-12T11:44:13.467+0800][info] GC(134) Using 3 workers of 48 for evacuation
[2024-10-12T11:44:13.469+0800][info] GC(134)   Pre Evacuate Collection Set: 0.1ms
[2024-10-12T11:44:13.469+0800][info] GC(134)   Merge Heap Roots: 0.1ms
[2024-10-12T11:44:13.469+0800][info] GC(134)   Evacuate Collection Set: 1.2ms
[2024-10-12T11:44:13.469+0800][info] GC(134)   Post Evacuate Collection Set: 0.2ms
[2024-10-12T11:44:13.469+0800][info] GC(134)   Other: 0.4ms
[2024-10-12T11:44:13.469+0800][info] GC(134) Eden regions: 2->0(2)
[2024-10-12T11:44:13.469+0800][info] GC(134) Survivor regions: 1->1(1)
[2024-10-12T11:44:13.469+0800][info] GC(134) Old regions: 48->50
[2024-10-12T11:44:13.469+0800][info] GC(134) Archive regions: 2->2
[2024-10-12T11:44:13.469+0800][info] GC(134) Humongous regions: 3->3
[2024-10-12T11:44:13.469+0800][info] GC(134) Metaspace: 1585K(1792K)->1585K(1792K) NonClass: 1461K(1600K)->1461K(1600K) Class: 124K(192K)->124K(192K)
[2024-10-12T11:44:13.469+0800][info] GC(134) Pause Young (Concurrent Start) (G1 Evacuation Pause) 109M->109M(128M) 2.079ms
[2024-10-12T11:44:13.469+0800][info] GC(134) User=0.01s Sys=0.00s Real=0.00s
[2024-10-12T11:44:13.469+0800][info] GC(135) Concurrent Mark Cycle
[2024-10-12T11:44:13.469+0800][info] GC(135) Concurrent Clear Claimed Marks
[2024-10-12T11:44:13.469+0800][info] GC(135) Concurrent Clear Claimed Marks 0.017ms
[2024-10-12T11:44:13.469+0800][info] GC(135) Concurrent Scan Root Regions
[2024-10-12T11:44:13.469+0800][info] GC(135) Concurrent Scan Root Regions 0.192ms
[2024-10-12T11:44:13.469+0800][info] GC(135) Concurrent Mark
[2024-10-12T11:44:13.469+0800][info] GC(135) Concurrent Mark From Roots
[2024-10-12T11:44:13.469+0800][info] GC(135) Using 12 workers of 12 for marking
[2024-10-12T11:44:13.473+0800][info] GC(135) Concurrent Mark From Roots 3.497ms
[2024-10-12T11:44:13.473+0800][info] GC(135) Concurrent Preclean
[2024-10-12T11:44:13.474+0800][info] GC(135) Concurrent Preclean 1.687ms
[2024-10-12T11:44:13.475+0800][info] GC(135) Pause Remark
[2024-10-12T11:44:13.476+0800][info] GC(135) Pause Remark 110M->110M(128M) 1.486ms
[2024-10-12T11:44:13.476+0800][info] GC(135) User=0.00s Sys=0.00s Real=0.00s
[2024-10-12T11:44:13.476+0800][info] GC(135) Concurrent Mark 6.991ms
[2024-10-12T11:44:13.476+0800][info] GC(135) Concurrent Rebuild Remembered Sets
[2024-10-12T11:44:13.478+0800][info] GC(135) Concurrent Rebuild Remembered Sets 1.362ms
[2024-10-12T11:44:13.478+0800][info] GC(135) Pause Cleanup
[2024-10-12T11:44:13.478+0800][info] GC(135) Pause Cleanup 110M->110M(128M) 0.249ms
[2024-10-12T11:44:13.478+0800][info] GC(135) User=0.00s Sys=0.00s Real=0.00s
[2024-10-12T11:44:13.478+0800][info] GC(135) Concurrent Cleanup for Next Mark
[2024-10-12T11:44:13.478+0800][info] GC(135) Concurrent Cleanup for Next Mark 0.377ms
[2024-10-12T11:44:13.478+0800][info] GC(135) Concurrent Mark Cycle 9.585ms
[2024-10-12T11:44:13.622+0800][info] GC(136) Pause Young (Prepare Mixed) (G1 Evacuation Pause)
[2024-10-12T11:44:13.622+0800][info] GC(136) Using 3 workers of 48 for evacuation
[2024-10-12T11:44:13.624+0800][info] GC(136)   Pre Evacuate Collection Set: 0.1ms
[2024-10-12T11:44:13.624+0800][info] GC(136)   Merge Heap Roots: 0.1ms
[2024-10-12T11:44:13.624+0800][info] GC(136)   Evacuate Collection Set: 1.0ms
[2024-10-12T11:44:13.624+0800][info] GC(136)   Post Evacuate Collection Set: 0.2ms
[2024-10-12T11:44:13.624+0800][info] GC(136)   Other: 0.2ms
[2024-10-12T11:44:13.624+0800][info] GC(136) Eden regions: 2->0(2)
[2024-10-12T11:44:13.624+0800][info] GC(136) Survivor regions: 1->1(1)
[2024-10-12T11:44:13.624+0800][info] GC(136) Old regions: 50->52
[2024-10-12T11:44:13.624+0800][info] GC(136) Archive regions: 2->2
[2024-10-12T11:44:13.624+0800][info] GC(136) Humongous regions: 3->3
[2024-10-12T11:44:13.624+0800][info] GC(136) Metaspace: 1586K(1792K)->1586K(1792K) NonClass: 1462K(1600K)->1462K(1600K) Class: 124K(192K)->124K(192K)
[2024-10-12T11:44:13.624+0800][info] GC(136) Pause Young (Prepare Mixed) (G1 Evacuation Pause) 113M->113M(128M) 1.777ms
[2024-10-12T11:44:13.624+0800][info] GC(136) User=0.01s Sys=0.00s Real=0.00s
[2024-10-12T11:44:13.686+0800][info] GC(137) Pause Young (Mixed) (G1 Preventive Collection)
[2024-10-12T11:44:13.686+0800][info] GC(137) Using 3 workers of 48 for evacuation
[2024-10-12T11:44:13.688+0800][info] GC(137)   Pre Evacuate Collection Set: 0.2ms
[2024-10-12T11:44:13.688+0800][info] GC(137)   Merge Heap Roots: 0.1ms
[2024-10-12T11:44:13.688+0800][info] GC(137)   Evacuate Collection Set: 1.7ms
[2024-10-12T11:44:13.688+0800][info] GC(137)   Post Evacuate Collection Set: 0.2ms
[2024-10-12T11:44:13.688+0800][info] GC(137)   Other: 0.2ms
[2024-10-12T11:44:13.688+0800][info] GC(137) Eden regions: 1->0(2)
[2024-10-12T11:44:13.688+0800][info] GC(137) Survivor regions: 1->1(1)
[2024-10-12T11:44:13.688+0800][info] GC(137) Old regions: 52->48
[2024-10-12T11:44:13.688+0800][info] GC(137) Archive regions: 2->2
[2024-10-12T11:44:13.688+0800][info] GC(137) Humongous regions: 3->3
[2024-10-12T11:44:13.688+0800][info] GC(137) Metaspace: 1586K(1792K)->1586K(1792K) NonClass: 1462K(1600K)->1462K(1600K) Class: 124K(192K)->124K(192K)
[2024-10-12T11:44:13.689+0800][info] GC(137) Pause Young (Mixed) (G1 Preventive Collection) 115M->105M(128M) 2.459ms
[2024-10-12T11:44:13.689+0800][info] GC(137) User=0.00s Sys=0.00s Real=0.00s
[2024-10-12T11:44:13.791+0800][info] GC(138) Pause Young (Mixed) (G1 Evacuation Pause)
[2024-10-12T11:44:13.791+0800][info] GC(138) Using 3 workers of 48 for evacuation
[2024-10-12T11:44:13.794+0800][info] GC(138)   Pre Evacuate Collection Set: 0.2ms
[2024-10-12T11:44:13.794+0800][info] GC(138)   Merge Heap Roots: 0.1ms
[2024-10-12T11:44:13.794+0800][info] GC(138)   Evacuate Collection Set: 2.6ms
[2024-10-12T11:44:13.794+0800][info] GC(138)   Post Evacuate Collection Set: 0.2ms
[2024-10-12T11:44:13.794+0800][info] GC(138)   Other: 0.2ms
[2024-10-12T11:44:13.794+0800][info] GC(138) Eden regions: 2->0(2)
[2024-10-12T11:44:13.794+0800][info] GC(138) Survivor regions: 1->1(1)
[2024-10-12T11:44:13.794+0800][info] GC(138) Old regions: 48->46
[2024-10-12T11:44:13.794+0800][info] GC(138) Archive regions: 2->2
[2024-10-12T11:44:13.794+0800][info] GC(138) Humongous regions: 3->3
[2024-10-12T11:44:13.794+0800][info] GC(138) Metaspace: 1586K(1792K)->1586K(1792K) NonClass: 1462K(1600K)->1462K(1600K) Class: 124K(192K)->124K(192K)
[2024-10-12T11:44:13.794+0800][info] GC(138) Pause Young (Mixed) (G1 Evacuation Pause) 109M->100M(128M) 3.458ms
[2024-10-12T11:44:13.794+0800][info] GC(138) User=0.01s Sys=0.00s Real=0.01s
[2024-10-12T11:44:13.897+0800][info] GC(139) Pause Young (Mixed) (G1 Evacuation Pause)
[2024-10-12T11:44:13.897+0800][info] GC(139) Using 3 workers of 48 for evacuation
[2024-10-12T11:44:13.901+0800][info] GC(139)   Pre Evacuate Collection Set: 0.2ms
[2024-10-12T11:44:13.901+0800][info] GC(139)   Merge Heap Roots: 0.1ms
[2024-10-12T11:44:13.901+0800][info] GC(139)   Evacuate Collection Set: 2.9ms
[2024-10-12T11:44:13.901+0800][info] GC(139)   Post Evacuate Collection Set: 0.2ms
[2024-10-12T11:44:13.901+0800][info] GC(139)   Other: 0.2ms
[2024-10-12T11:44:13.901+0800][info] GC(139) Eden regions: 2->0(2)
[2024-10-12T11:44:13.901+0800][info] GC(139) Survivor regions: 1->1(1)
[2024-10-12T11:44:13.901+0800][info] GC(139) Old regions: 46->45
[2024-10-12T11:44:13.901+0800][info] GC(139) Archive regions: 2->2
[2024-10-12T11:44:13.901+0800][info] GC(139) Humongous regions: 3->3
[2024-10-12T11:44:13.901+0800][info] GC(139) Metaspace: 1586K(1792K)->1586K(1792K) NonClass: 1462K(1600K)->1462K(1600K) Class: 124K(192K)->124K(192K)
[2024-10-12T11:44:13.901+0800][info] GC(139) Pause Young (Mixed) (G1 Evacuation Pause) 103M->98M(128M) 3.781ms
[2024-10-12T11:44:13.901+0800][info] GC(139) User=0.01s Sys=0.00s Real=0.00s
[2024-10-12T11:44:14.003+0800][info] GC(140) Pause Young (Mixed) (G1 Evacuation Pause)
[2024-10-12T11:44:14.003+0800][info] GC(140) Using 3 workers of 48 for evacuation
[2024-10-12T11:44:14.007+0800][info] GC(140)   Pre Evacuate Collection Set: 0.2ms
[2024-10-12T11:44:14.007+0800][info] GC(140)   Merge Heap Roots: 0.1ms
[2024-10-12T11:44:14.007+0800][info] GC(140)   Evacuate Collection Set: 3.2ms
[2024-10-12T11:44:14.007+0800][info] GC(140)   Post Evacuate Collection Set: 0.3ms
[2024-10-12T11:44:14.007+0800][info] GC(140)   Other: 0.1ms
[2024-10-12T11:44:14.007+0800][info] GC(140) Eden regions: 2->0(2)
[2024-10-12T11:44:14.007+0800][info] GC(140) Survivor regions: 1->1(1)
[2024-10-12T11:44:14.007+0800][info] GC(140) Old regions: 45->43
[2024-10-12T11:44:14.007+0800][info] GC(140) Archive regions: 2->2
[2024-10-12T11:44:14.007+0800][info] GC(140) Humongous regions: 3->3
[2024-10-12T11:44:14.007+0800][info] GC(140) Metaspace: 1586K(1792K)->1586K(1792K) NonClass: 1462K(1600K)->1462K(1600K) Class: 124K(192K)->124K(192K)
[2024-10-12T11:44:14.007+0800][info] GC(140) Pause Young (Mixed) (G1 Evacuation Pause) 101M->95M(128M) 3.988ms
[2024-10-12T11:44:14.007+0800][info] GC(140) User=0.01s Sys=0.00s Real=0.01s
[2024-10-12T11:44:14.111+0800][info] GC(141) Pause Young (Mixed) (G1 Evacuation Pause)
[2024-10-12T11:44:14.111+0800][info] GC(141) Using 3 workers of 48 for evacuation
[2024-10-12T11:44:14.115+0800][info] GC(141)   Pre Evacuate Collection Set: 0.2ms
[2024-10-12T11:44:14.115+0800][info] GC(141)   Merge Heap Roots: 0.1ms
[2024-10-12T11:44:14.115+0800][info] GC(141)   Evacuate Collection Set: 4.0ms
[2024-10-12T11:44:14.115+0800][info] GC(141)   Post Evacuate Collection Set: 0.3ms
[2024-10-12T11:44:14.115+0800][info] GC(141)   Other: 0.1ms
[2024-10-12T11:44:14.115+0800][info] GC(141) Eden regions: 2->0(2)
[2024-10-12T11:44:14.115+0800][info] GC(141) Survivor regions: 1->1(1)
[2024-10-12T11:44:14.115+0800][info] GC(141) Old regions: 43->43
[2024-10-12T11:44:14.115+0800][info] GC(141) Archive regions: 2->2
[2024-10-12T11:44:14.115+0800][info] GC(141) Humongous regions: 4->3
[2024-10-12T11:44:14.115+0800][info] GC(141) Metaspace: 1586K(1792K)->1586K(1792K) NonClass: 1462K(1600K)->1462K(1600K) Class: 124K(192K)->124K(192K)
[2024-10-12T11:44:14.115+0800][info] GC(141) Pause Young (Mixed) (G1 Evacuation Pause) 100M->94M(128M) 4.843ms
[2024-10-12T11:44:14.115+0800][info] GC(141) User=0.01s Sys=0.00s Real=0.01s
[2024-10-12T11:44:14.218+0800][info] GC(142) Pause Young (Mixed) (G1 Evacuation Pause)
[2024-10-12T11:44:14.218+0800][info] GC(142) Using 3 workers of 48 for evacuation
[2024-10-12T11:44:14.220+0800][info] GC(142)   Pre Evacuate Collection Set: 0.2ms
[2024-10-12T11:44:14.220+0800][info] GC(142)   Merge Heap Roots: 0.1ms
[2024-10-12T11:44:14.220+0800][info] GC(142)   Evacuate Collection Set: 2.0ms
[2024-10-12T11:44:14.220+0800][info] GC(142)   Post Evacuate Collection Set: 0.3ms
[2024-10-12T11:44:14.220+0800][info] GC(142)   Other: 0.1ms
[2024-10-12T11:44:14.220+0800][info] GC(142) Eden regions: 2->0(2)
[2024-10-12T11:44:14.220+0800][info] GC(142) Survivor regions: 1->1(1)
[2024-10-12T11:44:14.220+0800][info] GC(142) Old regions: 43->44
[2024-10-12T11:44:14.220+0800][info] GC(142) Archive regions: 2->2
[2024-10-12T11:44:14.220+0800][info] GC(142) Humongous regions: 3->3
[2024-10-12T11:44:14.220+0800][info] GC(142) Metaspace: 1586K(1792K)->1586K(1792K) NonClass: 1462K(1600K)->1462K(1600K) Class: 124K(192K)->124K(192K)
[2024-10-12T11:44:14.220+0800][info] GC(142) Pause Young (Mixed) (G1 Evacuation Pause) 98M->97M(128M) 2.835ms
[2024-10-12T11:44:14.220+0800][info] GC(142) User=0.01s Sys=0.00s Real=0.00s
[2024-10-12T11:44:14.323+0800][info] GC(143) Pause Young (Normal) (G1 Evacuation Pause)
[2024-10-12T11:44:14.323+0800][info] GC(143) Using 3 workers of 48 for evacuation
[2024-10-12T11:44:14.325+0800][info] GC(143)   Pre Evacuate Collection Set: 0.1ms
[2024-10-12T11:44:14.325+0800][info] GC(143)   Merge Heap Roots: 0.1ms
[2024-10-12T11:44:14.325+0800][info] GC(143)   Evacuate Collection Set: 1.2ms
[2024-10-12T11:44:14.325+0800][info] GC(143)   Post Evacuate Collection Set: 0.2ms
[2024-10-12T11:44:14.325+0800][info] GC(143)   Other: 0.2ms
[2024-10-12T11:44:14.325+0800][info] GC(143) Eden regions: 2->0(2)
[2024-10-12T11:44:14.325+0800][info] GC(143) Survivor regions: 1->1(1)
[2024-10-12T11:44:14.325+0800][info] GC(143) Old regions: 44->46
[2024-10-12T11:44:14.325+0800][info] GC(143) Archive regions: 2->2
[2024-10-12T11:44:14.325+0800][info] GC(143) Humongous regions: 3->3
[2024-10-12T11:44:14.325+0800][info] GC(143) Metaspace: 1586K(1792K)->1586K(1792K) NonClass: 1462K(1600K)->1462K(1600K) Class: 124K(192K)->124K(192K)
[2024-10-12T11:44:14.325+0800][info] GC(143) Pause Young (Normal) (G1 Evacuation Pause) 100M->100M(128M) 1.961ms
[2024-10-12T11:44:14.325+0800][info] GC(143) User=0.01s Sys=0.00s Real=0.01s
[2024-10-12T11:44:14.427+0800][info] GC(144) Pause Young (Normal) (G1 Evacuation Pause)
[2024-10-12T11:44:14.427+0800][info] GC(144) Using 3 workers of 48 for evacuation
[2024-10-12T11:44:14.429+0800][info] GC(144)   Pre Evacuate Collection Set: 0.1ms
[2024-10-12T11:44:14.429+0800][info] GC(144)   Merge Heap Roots: 0.1ms
[2024-10-12T11:44:14.429+0800][info] GC(144)   Evacuate Collection Set: 1.0ms
[2024-10-12T11:44:14.429+0800][info] GC(144)   Post Evacuate Collection Set: 0.2ms
[2024-10-12T11:44:14.429+0800][info] GC(144)   Other: 0.2ms
[2024-10-12T11:44:14.429+0800][info] GC(144) Eden regions: 2->0(2)
[2024-10-12T11:44:14.429+0800][info] GC(144) Survivor regions: 1->1(1)
[2024-10-12T11:44:14.429+0800][info] GC(144) Old regions: 46->48
[2024-10-12T11:44:14.429+0800][info] GC(144) Archive regions: 2->2
[2024-10-12T11:44:14.429+0800][info] GC(144) Humongous regions: 3->3
[2024-10-12T11:44:14.429+0800][info] GC(144) Metaspace: 1586K(1792K)->1586K(1792K) NonClass: 1462K(1600K)->1462K(1600K) Class: 124K(192K)->124K(192K)
[2024-10-12T11:44:14.429+0800][info] GC(144) Pause Young (Normal) (G1 Evacuation Pause) 104M->104M(128M) 1.667ms
[2024-10-12T11:44:14.429+0800][info] GC(144) User=0.00s Sys=0.01s Real=0.00s
[2024-10-12T11:44:14.532+0800][info] GC(145) Pause Young (Concurrent Start) (G1 Evacuation Pause)
[2024-10-12T11:44:14.532+0800][info] GC(145) Using 3 workers of 48 for evacuation
[2024-10-12T11:44:14.534+0800][info] GC(145)   Pre Evacuate Collection Set: 0.1ms
[2024-10-12T11:44:14.534+0800][info] GC(145)   Merge Heap Roots: 0.1ms
[2024-10-12T11:44:14.534+0800][info] GC(145)   Evacuate Collection Set: 1.2ms
[2024-10-12T11:44:14.534+0800][info] GC(145)   Post Evacuate Collection Set: 0.2ms
[2024-10-12T11:44:14.534+0800][info] GC(145)   Other: 0.5ms
[2024-10-12T11:44:14.534+0800][info] GC(145) Eden regions: 2->0(2)
[2024-10-12T11:44:14.534+0800][info] GC(145) Survivor regions: 1->1(1)
[2024-10-12T11:44:14.534+0800][info] GC(145) Old regions: 48->50
[2024-10-12T11:44:14.534+0800][info] GC(145) Archive regions: 2->2
[2024-10-12T11:44:14.534+0800][info] GC(145) Humongous regions: 3->3
[2024-10-12T11:44:14.534+0800][info] GC(145) Metaspace: 1586K(1792K)->1586K(1792K) NonClass: 1462K(1600K)->1462K(1600K) Class: 124K(192K)->124K(192K)
[2024-10-12T11:44:14.534+0800][info] GC(145) Pause Young (Concurrent Start) (G1 Evacuation Pause) 108M->108M(128M) 2.166ms
[2024-10-12T11:44:14.534+0800][info] GC(145) User=0.01s Sys=0.00s Real=0.01s
[2024-10-12T11:44:14.534+0800][info] GC(146) Concurrent Mark Cycle
[2024-10-12T11:44:14.534+0800][info] GC(146) Concurrent Clear Claimed Marks
[2024-10-12T11:44:14.534+0800][info] GC(146) Concurrent Clear Claimed Marks 0.017ms
[2024-10-12T11:44:14.534+0800][info] GC(146) Concurrent Scan Root Regions
[2024-10-12T11:44:14.534+0800][info] GC(146) Concurrent Scan Root Regions 0.151ms
[2024-10-12T11:44:14.534+0800][info] GC(146) Concurrent Mark
[2024-10-12T11:44:14.534+0800][info] GC(146) Concurrent Mark From Roots
[2024-10-12T11:44:14.534+0800][info] GC(146) Using 12 workers of 12 for marking
[2024-10-12T11:44:14.539+0800][info] GC(146) Concurrent Mark From Roots 4.437ms
[2024-10-12T11:44:14.539+0800][info] GC(146) Concurrent Preclean
[2024-10-12T11:44:14.540+0800][info] GC(146) Concurrent Preclean 1.662ms
[2024-10-12T11:44:14.540+0800][info] GC(146) Pause Remark
[2024-10-12T11:44:14.542+0800][info] GC(146) Pause Remark 108M->106M(128M) 1.424ms
[2024-10-12T11:44:14.542+0800][info] GC(146) User=0.00s Sys=0.00s Real=0.00s
[2024-10-12T11:44:14.542+0800][info] GC(146) Concurrent Mark 7.832ms
[2024-10-12T11:44:14.542+0800][info] GC(146) Concurrent Rebuild Remembered Sets
[2024-10-12T11:44:14.543+0800][info] GC(146) Concurrent Rebuild Remembered Sets 1.302ms
[2024-10-12T11:44:14.544+0800][info] GC(146) Pause Cleanup
[2024-10-12T11:44:14.544+0800][info] GC(146) Pause Cleanup 106M->106M(128M) 0.194ms
[2024-10-12T11:44:14.544+0800][info] GC(146) User=0.00s Sys=0.00s Real=0.00s
[2024-10-12T11:44:14.544+0800][info] GC(146) Concurrent Cleanup for Next Mark
[2024-10-12T11:44:14.544+0800][info] GC(146) Concurrent Cleanup for Next Mark 0.331ms
[2024-10-12T11:44:14.544+0800][info] GC(146) Concurrent Mark Cycle 10.221ms
[2024-10-12T11:44:14.687+0800][info] GC(147) Pause Young (Prepare Mixed) (G1 Evacuation Pause)
[2024-10-12T11:44:14.687+0800][info] GC(147) Using 3 workers of 48 for evacuation
[2024-10-12T11:44:14.689+0800][info] GC(147)   Pre Evacuate Collection Set: 0.1ms
[2024-10-12T11:44:14.689+0800][info] GC(147)   Merge Heap Roots: 0.1ms
[2024-10-12T11:44:14.689+0800][info] GC(147)   Evacuate Collection Set: 1.0ms
[2024-10-12T11:44:14.689+0800][info] GC(147)   Post Evacuate Collection Set: 0.2ms
[2024-10-12T11:44:14.689+0800][info] GC(147)   Other: 0.2ms
[2024-10-12T11:44:14.689+0800][info] GC(147) Eden regions: 2->0(2)
[2024-10-12T11:44:14.689+0800][info] GC(147) Survivor regions: 1->1(1)
[2024-10-12T11:44:14.689+0800][info] GC(147) Old regions: 49->51
[2024-10-12T11:44:14.689+0800][info] GC(147) Archive regions: 2->2
[2024-10-12T11:44:14.689+0800][info] GC(147) Humongous regions: 3->3
[2024-10-12T11:44:14.689+0800][info] GC(147) Metaspace: 1586K(1792K)->1586K(1792K) NonClass: 1462K(1600K)->1462K(1600K) Class: 124K(192K)->124K(192K)
[2024-10-12T11:44:14.689+0800][info] GC(147) Pause Young (Prepare Mixed) (G1 Evacuation Pause) 109M->110M(128M) 1.650ms
[2024-10-12T11:44:14.689+0800][info] GC(147) User=0.00s Sys=0.00s Real=0.00s
[2024-10-12T11:44:14.792+0800][info] GC(148) Pause Young (Mixed) (G1 Preventive Collection)
[2024-10-12T11:44:14.792+0800][info] GC(148) Using 3 workers of 48 for evacuation
[2024-10-12T11:44:14.794+0800][info] GC(148)   Pre Evacuate Collection Set: 0.1ms
[2024-10-12T11:44:14.794+0800][info] GC(148)   Merge Heap Roots: 0.1ms
[2024-10-12T11:44:14.794+0800][info] GC(148)   Evacuate Collection Set: 2.2ms
[2024-10-12T11:44:14.795+0800][info] GC(148)   Post Evacuate Collection Set: 0.3ms
[2024-10-12T11:44:14.795+0800][info] GC(148)   Other: 0.2ms
[2024-10-12T11:44:14.795+0800][info] GC(148) Eden regions: 2->0(2)
[2024-10-12T11:44:14.795+0800][info] GC(148) Survivor regions: 1->1(1)
[2024-10-12T11:44:14.795+0800][info] GC(148) Old regions: 51->47
[2024-10-12T11:44:14.795+0800][info] GC(148) Archive regions: 2->2
[2024-10-12T11:44:14.795+0800][info] GC(148) Humongous regions: 3->3
[2024-10-12T11:44:14.795+0800][info] GC(148) Metaspace: 1586K(1792K)->1586K(1792K) NonClass: 1462K(1600K)->1462K(1600K) Class: 124K(192K)->124K(192K)
[2024-10-12T11:44:14.795+0800][info] GC(148) Pause Young (Mixed) (G1 Preventive Collection) 113M->103M(128M) 2.977ms
[2024-10-12T11:44:14.795+0800][info] GC(148) User=0.01s Sys=0.00s Real=0.01s
[2024-10-12T11:44:14.897+0800][info] GC(149) Pause Young (Mixed) (G1 Evacuation Pause)
[2024-10-12T11:44:14.897+0800][info] GC(149) Using 3 workers of 48 for evacuation
[2024-10-12T11:44:14.900+0800][info] GC(149)   Pre Evacuate Collection Set: 0.1ms
[2024-10-12T11:44:14.900+0800][info] GC(149)   Merge Heap Roots: 0.1ms
[2024-10-12T11:44:14.900+0800][info] GC(149)   Evacuate Collection Set: 2.6ms
[2024-10-12T11:44:14.900+0800][info] GC(149)   Post Evacuate Collection Set: 0.3ms
[2024-10-12T11:44:14.900+0800][info] GC(149)   Other: 0.1ms
[2024-10-12T11:44:14.900+0800][info] GC(149) Eden regions: 2->0(2)
[2024-10-12T11:44:14.900+0800][info] GC(149) Survivor regions: 1->1(1)
[2024-10-12T11:44:14.900+0800][info] GC(149) Old regions: 47->46
[2024-10-12T11:44:14.900+0800][info] GC(149) Archive regions: 2->2
[2024-10-12T11:44:14.900+0800][info] GC(149) Humongous regions: 3->3
[2024-10-12T11:44:14.900+0800][info] GC(149) Metaspace: 1586K(1792K)->1586K(1792K) NonClass: 1462K(1600K)->1462K(1600K) Class: 124K(192K)->124K(192K)
[2024-10-12T11:44:14.900+0800][info] GC(149) Pause Young (Mixed) (G1 Evacuation Pause) 107M->100M(128M) 3.399ms
[2024-10-12T11:44:14.900+0800][info] GC(149) User=0.01s Sys=0.00s Real=0.00s
[2024-10-12T11:44:15.003+0800][info] GC(150) Pause Young (Mixed) (G1 Evacuation Pause)
[2024-10-12T11:44:15.003+0800][info] GC(150) Using 3 workers of 48 for evacuation
[2024-10-12T11:44:15.006+0800][info] GC(150)   Pre Evacuate Collection Set: 0.1ms
[2024-10-12T11:44:15.006+0800][info] GC(150)   Merge Heap Roots: 0.1ms
[2024-10-12T11:44:15.006+0800][info] GC(150)   Evacuate Collection Set: 2.8ms
[2024-10-12T11:44:15.006+0800][info] GC(150)   Post Evacuate Collection Set: 0.3ms
[2024-10-12T11:44:15.006+0800][info] GC(150)   Other: 0.2ms
[2024-10-12T11:44:15.006+0800][info] GC(150) Eden regions: 2->0(2)
[2024-10-12T11:44:15.006+0800][info] GC(150) Survivor regions: 1->1(1)
[2024-10-12T11:44:15.006+0800][info] GC(150) Old regions: 46->45
[2024-10-12T11:44:15.006+0800][info] GC(150) Archive regions: 2->2
[2024-10-12T11:44:15.006+0800][info] GC(150) Humongous regions: 3->3
[2024-10-12T11:44:15.006+0800][info] GC(150) Metaspace: 1586K(1792K)->1586K(1792K) NonClass: 1462K(1600K)->1462K(1600K) Class: 124K(192K)->124K(192K)
[2024-10-12T11:44:15.006+0800][info] GC(150) Pause Young (Mixed) (G1 Evacuation Pause) 103M->98M(128M) 3.616ms
[2024-10-12T11:44:15.007+0800][info] GC(150) User=0.01s Sys=0.00s Real=0.01s
[2024-10-12T11:44:15.108+0800][info] GC(151) Pause Young (Mixed) (G1 Evacuation Pause)
[2024-10-12T11:44:15.108+0800][info] GC(151) Using 3 workers of 48 for evacuation
[2024-10-12T11:44:15.112+0800][info] GC(151)   Pre Evacuate Collection Set: 0.1ms
[2024-10-12T11:44:15.112+0800][info] GC(151)   Merge Heap Roots: 0.1ms
[2024-10-12T11:44:15.112+0800][info] GC(151)   Evacuate Collection Set: 3.4ms
[2024-10-12T11:44:15.112+0800][info] GC(151)   Post Evacuate Collection Set: 0.3ms
[2024-10-12T11:44:15.112+0800][info] GC(151)   Other: 0.1ms
[2024-10-12T11:44:15.112+0800][info] GC(151) Eden regions: 2->0(2)
[2024-10-12T11:44:15.112+0800][info] GC(151) Survivor regions: 1->1(1)
[2024-10-12T11:44:15.112+0800][info] GC(151) Old regions: 45->44
[2024-10-12T11:44:15.112+0800][info] GC(151) Archive regions: 2->2
[2024-10-12T11:44:15.112+0800][info] GC(151) Humongous regions: 3->3
[2024-10-12T11:44:15.112+0800][info] GC(151) Metaspace: 1586K(1792K)->1586K(1792K) NonClass: 1462K(1600K)->1462K(1600K) Class: 124K(192K)->124K(192K)
[2024-10-12T11:44:15.113+0800][info] GC(151) Pause Young (Mixed) (G1 Evacuation Pause) 101M->97M(128M) 4.140ms
[2024-10-12T11:44:15.113+0800][info] GC(151) User=0.01s Sys=0.00s Real=0.00s
[2024-10-12T11:44:15.215+0800][info] GC(152) Pause Young (Mixed) (G1 Evacuation Pause)
[2024-10-12T11:44:15.215+0800][info] GC(152) Using 3 workers of 48 for evacuation
[2024-10-12T11:44:15.220+0800][info] GC(152)   Pre Evacuate Collection Set: 0.1ms
[2024-10-12T11:44:15.220+0800][info] GC(152)   Merge Heap Roots: 0.1ms
[2024-10-12T11:44:15.220+0800][info] GC(152)   Evacuate Collection Set: 3.9ms
[2024-10-12T11:44:15.220+0800][info] GC(152)   Post Evacuate Collection Set: 0.3ms
[2024-10-12T11:44:15.220+0800][info] GC(152)   Other: 0.2ms
[2024-10-12T11:44:15.220+0800][info] GC(152) Eden regions: 2->0(2)
[2024-10-12T11:44:15.220+0800][info] GC(152) Survivor regions: 1->1(1)
[2024-10-12T11:44:15.220+0800][info] GC(152) Old regions: 44->43
[2024-10-12T11:44:15.220+0800][info] GC(152) Archive regions: 2->2
[2024-10-12T11:44:15.220+0800][info] GC(152) Humongous regions: 3->3
[2024-10-12T11:44:15.220+0800][info] GC(152) Metaspace: 1586K(1792K)->1586K(1792K) NonClass: 1462K(1600K)->1462K(1600K) Class: 124K(192K)->124K(192K)
[2024-10-12T11:44:15.220+0800][info] GC(152) Pause Young (Mixed) (G1 Evacuation Pause) 100M->95M(128M) 4.701ms
[2024-10-12T11:44:15.220+0800][info] GC(152) User=0.01s Sys=0.00s Real=0.00s
[2024-10-12T11:44:15.322+0800][info] GC(153) Pause Young (Normal) (G1 Evacuation Pause)
[2024-10-12T11:44:15.322+0800][info] GC(153) Using 3 workers of 48 for evacuation
[2024-10-12T11:44:15.323+0800][info] GC(153)   Pre Evacuate Collection Set: 0.1ms
[2024-10-12T11:44:15.323+0800][info] GC(153)   Merge Heap Roots: 0.1ms
[2024-10-12T11:44:15.323+0800][info] GC(153)   Evacuate Collection Set: 0.9ms
[2024-10-12T11:44:15.323+0800][info] GC(153)   Post Evacuate Collection Set: 0.2ms
[2024-10-12T11:44:15.323+0800][info] GC(153)   Other: 0.2ms
[2024-10-12T11:44:15.323+0800][info] GC(153) Eden regions: 2->0(2)
[2024-10-12T11:44:15.323+0800][info] GC(153) Survivor regions: 1->1(1)
[2024-10-12T11:44:15.323+0800][info] GC(153) Old regions: 43->45
[2024-10-12T11:44:15.323+0800][info] GC(153) Archive regions: 2->2
[2024-10-12T11:44:15.323+0800][info] GC(153) Humongous regions: 3->3
[2024-10-12T11:44:15.323+0800][info] GC(153) Metaspace: 1586K(1792K)->1586K(1792K) NonClass: 1462K(1600K)->1462K(1600K) Class: 124K(192K)->124K(192K)
[2024-10-12T11:44:15.323+0800][info] GC(153) Pause Young (Normal) (G1 Evacuation Pause) 98M->98M(128M) 1.596ms
[2024-10-12T11:44:15.323+0800][info] GC(153) User=0.00s Sys=0.00s Real=0.00s
[2024-10-12T11:44:15.426+0800][info] GC(154) Pause Young (Normal) (G1 Evacuation Pause)
[2024-10-12T11:44:15.426+0800][info] GC(154) Using 3 workers of 48 for evacuation
[2024-10-12T11:44:15.427+0800][info] GC(154)   Pre Evacuate Collection Set: 0.1ms
[2024-10-12T11:44:15.427+0800][info] GC(154)   Merge Heap Roots: 0.1ms
[2024-10-12T11:44:15.427+0800][info] GC(154)   Evacuate Collection Set: 0.9ms
[2024-10-12T11:44:15.427+0800][info] GC(154)   Post Evacuate Collection Set: 0.2ms
[2024-10-12T11:44:15.427+0800][info] GC(154)   Other: 0.2ms
[2024-10-12T11:44:15.427+0800][info] GC(154) Eden regions: 2->0(2)
[2024-10-12T11:44:15.427+0800][info] GC(154) Survivor regions: 1->1(1)
[2024-10-12T11:44:15.428+0800][info] GC(154) Old regions: 45->47
[2024-10-12T11:44:15.428+0800][info] GC(154) Archive regions: 2->2
[2024-10-12T11:44:15.428+0800][info] GC(154) Humongous regions: 3->3
[2024-10-12T11:44:15.428+0800][info] GC(154) Metaspace: 1586K(1792K)->1586K(1792K) NonClass: 1462K(1600K)->1462K(1600K) Class: 124K(192K)->124K(192K)
[2024-10-12T11:44:15.428+0800][info] GC(154) Pause Young (Normal) (G1 Evacuation Pause) 102M->102M(128M) 1.544ms
[2024-10-12T11:44:15.428+0800][info] GC(154) User=0.00s Sys=0.00s Real=0.00s
[2024-10-12T11:44:15.530+0800][info] GC(155) Pause Young (Concurrent Start) (G1 Evacuation Pause)
[2024-10-12T11:44:15.530+0800][info] GC(155) Using 3 workers of 48 for evacuation
[2024-10-12T11:44:15.531+0800][info] GC(155)   Pre Evacuate Collection Set: 0.1ms
[2024-10-12T11:44:15.531+0800][info] GC(155)   Merge Heap Roots: 0.1ms
[2024-10-12T11:44:15.531+0800][info] GC(155)   Evacuate Collection Set: 1.1ms
[2024-10-12T11:44:15.531+0800][info] GC(155)   Post Evacuate Collection Set: 0.2ms
[2024-10-12T11:44:15.531+0800][info] GC(155)   Other: 0.4ms
[2024-10-12T11:44:15.531+0800][info] GC(155) Eden regions: 2->0(2)
[2024-10-12T11:44:15.531+0800][info] GC(155) Survivor regions: 1->1(1)
[2024-10-12T11:44:15.531+0800][info] GC(155) Old regions: 47->49
[2024-10-12T11:44:15.531+0800][info] GC(155) Archive regions: 2->2
[2024-10-12T11:44:15.531+0800][info] GC(155) Humongous regions: 3->3
[2024-10-12T11:44:15.531+0800][info] GC(155) Metaspace: 1586K(1792K)->1586K(1792K) NonClass: 1462K(1600K)->1462K(1600K) Class: 124K(192K)->124K(192K)
[2024-10-12T11:44:15.531+0800][info] GC(155) Pause Young (Concurrent Start) (G1 Evacuation Pause) 105M->106M(128M) 1.880ms
[2024-10-12T11:44:15.531+0800][info] GC(155) User=0.01s Sys=0.00s Real=0.00s
[2024-10-12T11:44:15.532+0800][info] GC(156) Concurrent Mark Cycle
[2024-10-12T11:44:15.532+0800][info] GC(156) Concurrent Clear Claimed Marks
[2024-10-12T11:44:15.532+0800][info] GC(156) Concurrent Clear Claimed Marks 0.016ms
[2024-10-12T11:44:15.532+0800][info] GC(156) Concurrent Scan Root Regions
[2024-10-12T11:44:15.532+0800][info] GC(156) Concurrent Scan Root Regions 0.116ms
[2024-10-12T11:44:15.532+0800][info] GC(156) Concurrent Mark
[2024-10-12T11:44:15.532+0800][info] GC(156) Concurrent Mark From Roots
[2024-10-12T11:44:15.532+0800][info] GC(156) Using 12 workers of 12 for marking
[2024-10-12T11:44:15.535+0800][info] GC(156) Concurrent Mark From Roots 3.347ms
[2024-10-12T11:44:15.535+0800][info] GC(156) Concurrent Preclean
[2024-10-12T11:44:15.537+0800][info] GC(156) Concurrent Preclean 1.665ms
[2024-10-12T11:44:15.537+0800][info] GC(156) Pause Remark
[2024-10-12T11:44:15.538+0800][info] GC(156) Pause Remark 106M->106M(128M) 1.479ms
[2024-10-12T11:44:15.538+0800][info] GC(156) User=0.00s Sys=0.00s Real=0.00s
[2024-10-12T11:44:15.538+0800][info] GC(156) Concurrent Mark 6.749ms
[2024-10-12T11:44:15.539+0800][info] GC(156) Concurrent Rebuild Remembered Sets
[2024-10-12T11:44:15.540+0800][info] GC(156) Concurrent Rebuild Remembered Sets 1.359ms
[2024-10-12T11:44:15.540+0800][info] GC(156) Pause Cleanup
[2024-10-12T11:44:15.540+0800][info] GC(156) Pause Cleanup 106M->106M(128M) 0.257ms
[2024-10-12T11:44:15.540+0800][info] GC(156) User=0.00s Sys=0.00s Real=0.00s
[2024-10-12T11:44:15.540+0800][info] GC(156) Concurrent Cleanup for Next Mark
[2024-10-12T11:44:15.541+0800][info] GC(156) Concurrent Cleanup for Next Mark 0.371ms
[2024-10-12T11:44:15.541+0800][info] GC(156) Concurrent Mark Cycle 9.231ms
[2024-10-12T11:44:15.686+0800][info] GC(157) Pause Young (Prepare Mixed) (G1 Evacuation Pause)
[2024-10-12T11:44:15.686+0800][info] GC(157) Using 3 workers of 48 for evacuation
[2024-10-12T11:44:15.687+0800][info] GC(157)   Pre Evacuate Collection Set: 0.1ms
[2024-10-12T11:44:15.687+0800][info] GC(157)   Merge Heap Roots: 0.1ms
[2024-10-12T11:44:15.687+0800][info] GC(157)   Evacuate Collection Set: 1.0ms
[2024-10-12T11:44:15.687+0800][info] GC(157)   Post Evacuate Collection Set: 0.2ms
[2024-10-12T11:44:15.687+0800][info] GC(157)   Other: 0.2ms
[2024-10-12T11:44:15.687+0800][info] GC(157) Eden regions: 2->0(2)
[2024-10-12T11:44:15.687+0800][info] GC(157) Survivor regions: 1->1(1)
[2024-10-12T11:44:15.687+0800][info] GC(157) Old regions: 49->51
[2024-10-12T11:44:15.687+0800][info] GC(157) Archive regions: 2->2
[2024-10-12T11:44:15.687+0800][info] GC(157) Humongous regions: 3->3
[2024-10-12T11:44:15.687+0800][info] GC(157) Metaspace: 1614K(1792K)->1614K(1792K) NonClass: 1490K(1600K)->1490K(1600K) Class: 124K(192K)->124K(192K)
[2024-10-12T11:44:15.687+0800][info] GC(157) Pause Young (Prepare Mixed) (G1 Evacuation Pause) 109M->110M(128M) 1.617ms
[2024-10-12T11:44:15.687+0800][info] GC(157) User=0.01s Sys=0.00s Real=0.00s
[2024-10-12T11:44:15.789+0800][info] GC(158) Pause Young (Mixed) (G1 Preventive Collection)
[2024-10-12T11:44:15.790+0800][info] GC(158) Using 3 workers of 48 for evacuation
[2024-10-12T11:44:15.792+0800][info] GC(158)   Pre Evacuate Collection Set: 0.1ms
[2024-10-12T11:44:15.792+0800][info] GC(158)   Merge Heap Roots: 0.1ms
[2024-10-12T11:44:15.792+0800][info] GC(158)   Evacuate Collection Set: 1.8ms
[2024-10-12T11:44:15.792+0800][info] GC(158)   Post Evacuate Collection Set: 0.2ms
[2024-10-12T11:44:15.792+0800][info] GC(158)   Other: 0.2ms
[2024-10-12T11:44:15.792+0800][info] GC(158) Eden regions: 2->0(2)
[2024-10-12T11:44:15.792+0800][info] GC(158) Survivor regions: 1->1(1)
[2024-10-12T11:44:15.792+0800][info] GC(158) Old regions: 51->47
[2024-10-12T11:44:15.792+0800][info] GC(158) Archive regions: 2->2
[2024-10-12T11:44:15.792+0800][info] GC(158) Humongous regions: 3->3
[2024-10-12T11:44:15.792+0800][info] GC(158) Metaspace: 1614K(1792K)->1614K(1792K) NonClass: 1490K(1600K)->1490K(1600K) Class: 124K(192K)->124K(192K)
[2024-10-12T11:44:15.792+0800][info] GC(158) Pause Young (Mixed) (G1 Preventive Collection) 113M->103M(128M) 2.523ms
[2024-10-12T11:44:15.792+0800][info] GC(158) User=0.00s Sys=0.00s Real=0.00s
[2024-10-12T11:44:15.894+0800][info] GC(159) Pause Young (Mixed) (G1 Evacuation Pause)
[2024-10-12T11:44:15.894+0800][info] GC(159) Using 3 workers of 48 for evacuation
[2024-10-12T11:44:15.898+0800][info] GC(159)   Pre Evacuate Collection Set: 0.1ms
[2024-10-12T11:44:15.898+0800][info] GC(159)   Merge Heap Roots: 0.1ms
[2024-10-12T11:44:15.898+0800][info] GC(159)   Evacuate Collection Set: 2.6ms
[2024-10-12T11:44:15.898+0800][info] GC(159)   Post Evacuate Collection Set: 0.3ms
[2024-10-12T11:44:15.898+0800][info] GC(159)   Other: 0.2ms
[2024-10-12T11:44:15.898+0800][info] GC(159) Eden regions: 2->0(2)
[2024-10-12T11:44:15.898+0800][info] GC(159) Survivor regions: 1->1(1)
[2024-10-12T11:44:15.898+0800][info] GC(159) Old regions: 47->46
[2024-10-12T11:44:15.898+0800][info] GC(159) Archive regions: 2->2
[2024-10-12T11:44:15.898+0800][info] GC(159) Humongous regions: 3->3
[2024-10-12T11:44:15.898+0800][info] GC(159) Metaspace: 1614K(1792K)->1614K(1792K) NonClass: 1490K(1600K)->1490K(1600K) Class: 124K(192K)->124K(192K)
[2024-10-12T11:44:15.898+0800][info] GC(159) Pause Young (Mixed) (G1 Evacuation Pause) 107M->100M(128M) 3.328ms
[2024-10-12T11:44:15.898+0800][info] GC(159) User=0.00s Sys=0.00s Real=0.00s
[2024-10-12T11:44:16.000+0800][info] GC(160) Pause Young (Mixed) (G1 Evacuation Pause)
[2024-10-12T11:44:16.000+0800][info] GC(160) Using 3 workers of 48 for evacuation
[2024-10-12T11:44:16.003+0800][info] GC(160)   Pre Evacuate Collection Set: 0.1ms
[2024-10-12T11:44:16.003+0800][info] GC(160)   Merge Heap Roots: 0.1ms
[2024-10-12T11:44:16.003+0800][info] GC(160)   Evacuate Collection Set: 2.8ms
[2024-10-12T11:44:16.003+0800][info] GC(160)   Post Evacuate Collection Set: 0.2ms
[2024-10-12T11:44:16.003+0800][info] GC(160)   Other: 0.1ms
[2024-10-12T11:44:16.003+0800][info] GC(160) Eden regions: 2->0(2)
[2024-10-12T11:44:16.003+0800][info] GC(160) Survivor regions: 1->1(1)
[2024-10-12T11:44:16.003+0800][info] GC(160) Old regions: 46->44
[2024-10-12T11:44:16.003+0800][info] GC(160) Archive regions: 2->2
[2024-10-12T11:44:16.003+0800][info] GC(160) Humongous regions: 3->3
[2024-10-12T11:44:16.003+0800][info] GC(160) Metaspace: 1614K(1792K)->1614K(1792K) NonClass: 1490K(1600K)->1490K(1600K) Class: 124K(192K)->124K(192K)
[2024-10-12T11:44:16.003+0800][info] GC(160) Pause Young (Mixed) (G1 Evacuation Pause) 104M->97M(128M) 3.474ms
[2024-10-12T11:44:16.003+0800][info] GC(160) User=0.01s Sys=0.00s Real=0.00s
[2024-10-12T11:44:16.106+0800][info] GC(161) Pause Young (Mixed) (G1 Evacuation Pause)
[2024-10-12T11:44:16.106+0800][info] GC(161) Using 3 workers of 48 for evacuation
[2024-10-12T11:44:16.110+0800][info] GC(161)   Pre Evacuate Collection Set: 0.1ms
[2024-10-12T11:44:16.110+0800][info] GC(161)   Merge Heap Roots: 0.1ms
[2024-10-12T11:44:16.110+0800][info] GC(161)   Evacuate Collection Set: 3.0ms
[2024-10-12T11:44:16.110+0800][info] GC(161)   Post Evacuate Collection Set: 0.2ms
[2024-10-12T11:44:16.110+0800][info] GC(161)   Other: 0.1ms
[2024-10-12T11:44:16.110+0800][info] GC(161) Eden regions: 2->0(2)
[2024-10-12T11:44:16.110+0800][info] GC(161) Survivor regions: 1->1(1)
[2024-10-12T11:44:16.110+0800][info] GC(161) Old regions: 44->43
[2024-10-12T11:44:16.110+0800][info] GC(161) Archive regions: 2->2
[2024-10-12T11:44:16.110+0800][info] GC(161) Humongous regions: 3->3
[2024-10-12T11:44:16.110+0800][info] GC(161) Metaspace: 1614K(1792K)->1614K(1792K) NonClass: 1490K(1600K)->1490K(1600K) Class: 124K(192K)->124K(192K)
[2024-10-12T11:44:16.110+0800][info] GC(161) Pause Young (Mixed) (G1 Evacuation Pause) 101M->95M(128M) 3.753ms
[2024-10-12T11:44:16.110+0800][info] GC(161) User=0.01s Sys=0.00s Real=0.00s
[2024-10-12T11:44:16.212+0800][info] GC(162) Pause Young (Mixed) (G1 Evacuation Pause)
[2024-10-12T11:44:16.212+0800][info] GC(162) Using 3 workers of 48 for evacuation
[2024-10-12T11:44:16.215+0800][info] GC(162)   Pre Evacuate Collection Set: 0.1ms
[2024-10-12T11:44:16.215+0800][info] GC(162)   Merge Heap Roots: 0.1ms
[2024-10-12T11:44:16.215+0800][info] GC(162)   Evacuate Collection Set: 3.0ms
[2024-10-12T11:44:16.215+0800][info] GC(162)   Post Evacuate Collection Set: 0.3ms
[2024-10-12T11:44:16.215+0800][info] GC(162)   Other: 0.1ms
[2024-10-12T11:44:16.216+0800][info] GC(162) Eden regions: 2->0(2)
[2024-10-12T11:44:16.216+0800][info] GC(162) Survivor regions: 1->1(1)
[2024-10-12T11:44:16.216+0800][info] GC(162) Old regions: 43->44
[2024-10-12T11:44:16.216+0800][info] GC(162) Archive regions: 2->2
[2024-10-12T11:44:16.216+0800][info] GC(162) Humongous regions: 3->3
[2024-10-12T11:44:16.216+0800][info] GC(162) Metaspace: 1614K(1792K)->1614K(1792K) NonClass: 1490K(1600K)->1490K(1600K) Class: 124K(192K)->124K(192K)
[2024-10-12T11:44:16.216+0800][info] GC(162) Pause Young (Mixed) (G1 Evacuation Pause) 99M->97M(128M) 3.704ms
[2024-10-12T11:44:16.216+0800][info] GC(162) User=0.01s Sys=0.00s Real=0.01s
[2024-10-12T11:44:16.319+0800][info] GC(163) Pause Young (Normal) (G1 Evacuation Pause)
[2024-10-12T11:44:16.319+0800][info] GC(163) Using 3 workers of 48 for evacuation
[2024-10-12T11:44:16.320+0800][info] GC(163)   Pre Evacuate Collection Set: 0.1ms
[2024-10-12T11:44:16.320+0800][info] GC(163)   Merge Heap Roots: 0.1ms
[2024-10-12T11:44:16.320+0800][info] GC(163)   Evacuate Collection Set: 0.9ms
[2024-10-12T11:44:16.320+0800][info] GC(163)   Post Evacuate Collection Set: 0.2ms
[2024-10-12T11:44:16.320+0800][info] GC(163)   Other: 0.2ms
[2024-10-12T11:44:16.320+0800][info] GC(163) Eden regions: 2->0(2)
[2024-10-12T11:44:16.320+0800][info] GC(163) Survivor regions: 1->1(1)
[2024-10-12T11:44:16.320+0800][info] GC(163) Old regions: 44->46
[2024-10-12T11:44:16.320+0800][info] GC(163) Archive regions: 2->2
[2024-10-12T11:44:16.320+0800][info] GC(163) Humongous regions: 4->3
[2024-10-12T11:44:16.320+0800][info] GC(163) Metaspace: 1614K(1792K)->1614K(1792K) NonClass: 1490K(1600K)->1490K(1600K) Class: 124K(192K)->124K(192K)
[2024-10-12T11:44:16.320+0800][info] GC(163) Pause Young (Normal) (G1 Evacuation Pause) 102M->101M(128M) 1.530ms
[2024-10-12T11:44:16.320+0800][info] GC(163) User=0.00s Sys=0.00s Real=0.00s
[2024-10-12T11:44:16.422+0800][info] GC(164) Pause Young (Normal) (G1 Evacuation Pause)
[2024-10-12T11:44:16.422+0800][info] GC(164) Using 3 workers of 48 for evacuation
[2024-10-12T11:44:16.424+0800][info] GC(164)   Pre Evacuate Collection Set: 0.1ms
[2024-10-12T11:44:16.424+0800][info] GC(164)   Merge Heap Roots: 0.0ms
[2024-10-12T11:44:16.424+0800][info] GC(164)   Evacuate Collection Set: 0.9ms
[2024-10-12T11:44:16.424+0800][info] GC(164)   Post Evacuate Collection Set: 0.2ms
[2024-10-12T11:44:16.424+0800][info] GC(164)   Other: 0.2ms
[2024-10-12T11:44:16.424+0800][info] GC(164) Eden regions: 2->0(2)
[2024-10-12T11:44:16.424+0800][info] GC(164) Survivor regions: 1->1(1)
[2024-10-12T11:44:16.424+0800][info] GC(164) Old regions: 46->48
[2024-10-12T11:44:16.424+0800][info] GC(164) Archive regions: 2->2
[2024-10-12T11:44:16.424+0800][info] GC(164) Humongous regions: 3->3
[2024-10-12T11:44:16.424+0800][info] GC(164) Metaspace: 1614K(1792K)->1614K(1792K) NonClass: 1490K(1600K)->1490K(1600K) Class: 124K(192K)->124K(192K)
[2024-10-12T11:44:16.424+0800][info] GC(164) Pause Young (Normal) (G1 Evacuation Pause) 104M->105M(128M) 1.464ms
[2024-10-12T11:44:16.424+0800][info] GC(164) User=0.00s Sys=0.00s Real=0.00s
[2024-10-12T11:44:16.526+0800][info] GC(165) Pause Young (Concurrent Start) (G1 Evacuation Pause)
[2024-10-12T11:44:16.526+0800][info] GC(165) Using 3 workers of 48 for evacuation
[2024-10-12T11:44:16.528+0800][info] GC(165)   Pre Evacuate Collection Set: 0.1ms
[2024-10-12T11:44:16.528+0800][info] GC(165)   Merge Heap Roots: 0.1ms
[2024-10-12T11:44:16.528+0800][info] GC(165)   Evacuate Collection Set: 1.0ms
[2024-10-12T11:44:16.528+0800][info] GC(165)   Post Evacuate Collection Set: 0.2ms
[2024-10-12T11:44:16.528+0800][info] GC(165)   Other: 0.3ms
[2024-10-12T11:44:16.528+0800][info] GC(165) Eden regions: 2->0(2)
[2024-10-12T11:44:16.528+0800][info] GC(165) Survivor regions: 1->1(1)
[2024-10-12T11:44:16.528+0800][info] GC(165) Old regions: 48->50
[2024-10-12T11:44:16.528+0800][info] GC(165) Archive regions: 2->2
[2024-10-12T11:44:16.528+0800][info] GC(165) Humongous regions: 3->3
[2024-10-12T11:44:16.528+0800][info] GC(165) Metaspace: 1614K(1792K)->1614K(1792K) NonClass: 1490K(1600K)->1490K(1600K) Class: 124K(192K)->124K(192K)
[2024-10-12T11:44:16.528+0800][info] GC(165) Pause Young (Concurrent Start) (G1 Evacuation Pause) 108M->108M(128M) 1.715ms
[2024-10-12T11:44:16.528+0800][info] GC(165) User=0.00s Sys=0.00s Real=0.00s
[2024-10-12T11:44:16.528+0800][info] GC(166) Concurrent Mark Cycle
[2024-10-12T11:44:16.528+0800][info] GC(166) Concurrent Clear Claimed Marks
[2024-10-12T11:44:16.528+0800][info] GC(166) Concurrent Clear Claimed Marks 0.038ms
[2024-10-12T11:44:16.528+0800][info] GC(166) Concurrent Scan Root Regions
[2024-10-12T11:44:16.528+0800][info] GC(166) Concurrent Scan Root Regions 0.156ms
[2024-10-12T11:44:16.528+0800][info] GC(166) Concurrent Mark
[2024-10-12T11:44:16.528+0800][info] GC(166) Concurrent Mark From Roots
[2024-10-12T11:44:16.528+0800][info] GC(166) Using 12 workers of 12 for marking
[2024-10-12T11:44:16.531+0800][info] GC(166) Concurrent Mark From Roots 3.199ms
[2024-10-12T11:44:16.531+0800][info] GC(166) Concurrent Preclean
[2024-10-12T11:44:16.533+0800][info] GC(166) Concurrent Preclean 1.663ms
[2024-10-12T11:44:16.533+0800][info] GC(166) Pause Remark
[2024-10-12T11:44:16.534+0800][info] GC(166) Pause Remark 109M->107M(128M) 1.436ms
[2024-10-12T11:44:16.534+0800][info] GC(166) User=0.00s Sys=0.01s Real=0.01s
[2024-10-12T11:44:16.535+0800][info] GC(166) Concurrent Mark 6.530ms
[2024-10-12T11:44:16.535+0800][info] GC(166) Concurrent Rebuild Remembered Sets
[2024-10-12T11:44:16.536+0800][info] GC(166) Concurrent Rebuild Remembered Sets 1.348ms
[2024-10-12T11:44:16.536+0800][info] GC(166) Pause Cleanup
[2024-10-12T11:44:16.536+0800][info] GC(166) Pause Cleanup 107M->107M(128M) 0.247ms
[2024-10-12T11:44:16.536+0800][info] GC(166) User=0.00s Sys=0.00s Real=0.00s
[2024-10-12T11:44:16.536+0800][info] GC(166) Concurrent Cleanup for Next Mark
[2024-10-12T11:44:16.537+0800][info] GC(166) Concurrent Cleanup for Next Mark 0.381ms
[2024-10-12T11:44:16.537+0800][info] GC(166) Concurrent Mark Cycle 9.015ms
[2024-10-12T11:44:16.681+0800][info] GC(167) Pause Young (Prepare Mixed) (G1 Evacuation Pause)
[2024-10-12T11:44:16.681+0800][info] GC(167) Using 3 workers of 48 for evacuation
[2024-10-12T11:44:16.682+0800][info] GC(167)   Pre Evacuate Collection Set: 0.1ms
[2024-10-12T11:44:16.682+0800][info] GC(167)   Merge Heap Roots: 0.1ms
[2024-10-12T11:44:16.682+0800][info] GC(167)   Evacuate Collection Set: 0.9ms
[2024-10-12T11:44:16.682+0800][info] GC(167)   Post Evacuate Collection Set: 0.2ms
[2024-10-12T11:44:16.682+0800][info] GC(167)   Other: 0.2ms
[2024-10-12T11:44:16.682+0800][info] GC(167) Eden regions: 2->0(2)
[2024-10-12T11:44:16.682+0800][info] GC(167) Survivor regions: 1->1(1)
[2024-10-12T11:44:16.682+0800][info] GC(167) Old regions: 49->51
[2024-10-12T11:44:16.682+0800][info] GC(167) Archive regions: 2->2
[2024-10-12T11:44:16.682+0800][info] GC(167) Humongous regions: 3->3
[2024-10-12T11:44:16.682+0800][info] GC(167) Metaspace: 1614K(1792K)->1614K(1792K) NonClass: 1490K(1600K)->1490K(1600K) Class: 124K(192K)->124K(192K)
[2024-10-12T11:44:16.683+0800][info] GC(167) Pause Young (Prepare Mixed) (G1 Evacuation Pause) 110M->110M(128M) 1.577ms
[2024-10-12T11:44:16.683+0800][info] GC(167) User=0.00s Sys=0.00s Real=0.00s
[2024-10-12T11:44:16.744+0800][info] GC(168) Pause Young (Mixed) (G1 Preventive Collection)
[2024-10-12T11:44:16.744+0800][info] GC(168) Using 3 workers of 48 for evacuation
[2024-10-12T11:44:16.747+0800][info] GC(168)   Pre Evacuate Collection Set: 0.1ms
[2024-10-12T11:44:16.747+0800][info] GC(168)   Merge Heap Roots: 0.1ms
[2024-10-12T11:44:16.747+0800][info] GC(168)   Evacuate Collection Set: 1.9ms
[2024-10-12T11:44:16.747+0800][info] GC(168)   Post Evacuate Collection Set: 0.2ms
[2024-10-12T11:44:16.747+0800][info] GC(168)   Other: 0.2ms
[2024-10-12T11:44:16.747+0800][info] GC(168) Eden regions: 1->0(2)
[2024-10-12T11:44:16.747+0800][info] GC(168) Survivor regions: 1->1(1)
[2024-10-12T11:44:16.747+0800][info] GC(168) Old regions: 51->47
[2024-10-12T11:44:16.747+0800][info] GC(168) Archive regions: 2->2
[2024-10-12T11:44:16.747+0800][info] GC(168) Humongous regions: 3->3
[2024-10-12T11:44:16.747+0800][info] GC(168) Metaspace: 1614K(1792K)->1614K(1792K) NonClass: 1490K(1600K)->1490K(1600K) Class: 124K(192K)->124K(192K)
[2024-10-12T11:44:16.747+0800][info] GC(168) Pause Young (Mixed) (G1 Preventive Collection) 112M->103M(128M) 2.651ms
[2024-10-12T11:44:16.747+0800][info] GC(168) User=0.01s Sys=0.00s Real=0.01s
[2024-10-12T11:44:16.849+0800][info] GC(169) Pause Young (Mixed) (G1 Evacuation Pause)
[2024-10-12T11:44:16.849+0800][info] GC(169) Using 3 workers of 48 for evacuation
[2024-10-12T11:44:16.852+0800][info] GC(169)   Pre Evacuate Collection Set: 0.1ms
[2024-10-12T11:44:16.852+0800][info] GC(169)   Merge Heap Roots: 0.1ms
[2024-10-12T11:44:16.852+0800][info] GC(169)   Evacuate Collection Set: 2.5ms
[2024-10-12T11:44:16.852+0800][info] GC(169)   Post Evacuate Collection Set: 0.2ms
[2024-10-12T11:44:16.852+0800][info] GC(169)   Other: 0.2ms
[2024-10-12T11:44:16.852+0800][info] GC(169) Eden regions: 2->0(2)
[2024-10-12T11:44:16.852+0800][info] GC(169) Survivor regions: 1->1(1)
[2024-10-12T11:44:16.852+0800][info] GC(169) Old regions: 47->46
[2024-10-12T11:44:16.852+0800][info] GC(169) Archive regions: 2->2
[2024-10-12T11:44:16.852+0800][info] GC(169) Humongous regions: 3->3
[2024-10-12T11:44:16.852+0800][info] GC(169) Metaspace: 1614K(1792K)->1614K(1792K) NonClass: 1490K(1600K)->1490K(1600K) Class: 124K(192K)->124K(192K)
[2024-10-12T11:44:16.852+0800][info] GC(169) Pause Young (Mixed) (G1 Evacuation Pause) 106M->100M(128M) 3.144ms
[2024-10-12T11:44:16.852+0800][info] GC(169) User=0.01s Sys=0.00s Real=0.00s
[2024-10-12T11:44:16.955+0800][info] GC(170) Pause Young (Mixed) (G1 Evacuation Pause)
[2024-10-12T11:44:16.955+0800][info] GC(170) Using 3 workers of 48 for evacuation
[2024-10-12T11:44:16.959+0800][info] GC(170)   Pre Evacuate Collection Set: 0.1ms
[2024-10-12T11:44:16.959+0800][info] GC(170)   Merge Heap Roots: 0.1ms
[2024-10-12T11:44:16.959+0800][info] GC(170)   Evacuate Collection Set: 2.8ms
[2024-10-12T11:44:16.959+0800][info] GC(170)   Post Evacuate Collection Set: 0.2ms
[2024-10-12T11:44:16.959+0800][info] GC(170)   Other: 0.1ms
[2024-10-12T11:44:16.959+0800][info] GC(170) Eden regions: 2->0(2)
[2024-10-12T11:44:16.959+0800][info] GC(170) Survivor regions: 1->1(1)
[2024-10-12T11:44:16.959+0800][info] GC(170) Old regions: 46->45
[2024-10-12T11:44:16.959+0800][info] GC(170) Archive regions: 2->2
[2024-10-12T11:44:16.959+0800][info] GC(170) Humongous regions: 3->3
[2024-10-12T11:44:16.959+0800][info] GC(170) Metaspace: 1614K(1792K)->1614K(1792K) NonClass: 1490K(1600K)->1490K(1600K) Class: 124K(192K)->124K(192K)
[2024-10-12T11:44:16.959+0800][info] GC(170) Pause Young (Mixed) (G1 Evacuation Pause) 104M->99M(128M) 3.502ms
[2024-10-12T11:44:16.959+0800][info] GC(170) User=0.01s Sys=0.00s Real=0.00s
[2024-10-12T11:44:17.061+0800][info] GC(171) Pause Young (Mixed) (G1 Evacuation Pause)
[2024-10-12T11:44:17.061+0800][info] GC(171) Using 3 workers of 48 for evacuation
[2024-10-12T11:44:17.064+0800][info] GC(171)   Pre Evacuate Collection Set: 0.1ms
[2024-10-12T11:44:17.064+0800][info] GC(171)   Merge Heap Roots: 0.1ms
[2024-10-12T11:44:17.064+0800][info] GC(171)   Evacuate Collection Set: 3.0ms
[2024-10-12T11:44:17.064+0800][info] GC(171)   Post Evacuate Collection Set: 0.3ms
[2024-10-12T11:44:17.064+0800][info] GC(171)   Other: 0.1ms
[2024-10-12T11:44:17.064+0800][info] GC(171) Eden regions: 2->0(2)
[2024-10-12T11:44:17.064+0800][info] GC(171) Survivor regions: 1->1(1)
[2024-10-12T11:44:17.064+0800][info] GC(171) Old regions: 45->44
[2024-10-12T11:44:17.064+0800][info] GC(171) Archive regions: 2->2
[2024-10-12T11:44:17.064+0800][info] GC(171) Humongous regions: 3->3
[2024-10-12T11:44:17.064+0800][info] GC(171) Metaspace: 1614K(1792K)->1614K(1792K) NonClass: 1490K(1600K)->1490K(1600K) Class: 124K(192K)->124K(192K)
[2024-10-12T11:44:17.064+0800][info] GC(171) Pause Young (Mixed) (G1 Evacuation Pause) 103M->96M(128M) 3.716ms
[2024-10-12T11:44:17.064+0800][info] GC(171) User=0.01s Sys=0.00s Real=0.00s
[2024-10-12T11:44:17.167+0800][info] GC(172) Pause Young (Mixed) (G1 Evacuation Pause)
[2024-10-12T11:44:17.167+0800][info] GC(172) Using 3 workers of 48 for evacuation
[2024-10-12T11:44:17.171+0800][info] GC(172)   Pre Evacuate Collection Set: 0.1ms
[2024-10-12T11:44:17.171+0800][info] GC(172)   Merge Heap Roots: 0.1ms
[2024-10-12T11:44:17.171+0800][info] GC(172)   Evacuate Collection Set: 3.6ms
[2024-10-12T11:44:17.171+0800][info] GC(172)   Post Evacuate Collection Set: 0.3ms
[2024-10-12T11:44:17.171+0800][info] GC(172)   Other: 0.1ms
[2024-10-12T11:44:17.171+0800][info] GC(172) Eden regions: 2->0(2)
[2024-10-12T11:44:17.171+0800][info] GC(172) Survivor regions: 1->1(1)
[2024-10-12T11:44:17.171+0800][info] GC(172) Old regions: 44->44
[2024-10-12T11:44:17.171+0800][info] GC(172) Archive regions: 2->2
[2024-10-12T11:44:17.171+0800][info] GC(172) Humongous regions: 3->3
[2024-10-12T11:44:17.171+0800][info] GC(172) Metaspace: 1614K(1792K)->1614K(1792K) NonClass: 1490K(1600K)->1490K(1600K) Class: 124K(192K)->124K(192K)
[2024-10-12T11:44:17.171+0800][info] GC(172) Pause Young (Mixed) (G1 Evacuation Pause) 100M->97M(128M) 4.380ms
[2024-10-12T11:44:17.171+0800][info] GC(172) User=0.01s Sys=0.00s Real=0.00s
[2024-10-12T11:44:17.273+0800][info] GC(173) Pause Young (Normal) (G1 Evacuation Pause)
[2024-10-12T11:44:17.273+0800][info] GC(173) Using 3 workers of 48 for evacuation
[2024-10-12T11:44:17.275+0800][info] GC(173)   Pre Evacuate Collection Set: 0.1ms
[2024-10-12T11:44:17.275+0800][info] GC(173)   Merge Heap Roots: 0.0ms
[2024-10-12T11:44:17.275+0800][info] GC(173)   Evacuate Collection Set: 0.8ms
[2024-10-12T11:44:17.275+0800][info] GC(173)   Post Evacuate Collection Set: 0.2ms
[2024-10-12T11:44:17.275+0800][info] GC(173)   Other: 0.2ms
[2024-10-12T11:44:17.275+0800][info] GC(173) Eden regions: 2->0(2)
[2024-10-12T11:44:17.275+0800][info] GC(173) Survivor regions: 1->1(1)
[2024-10-12T11:44:17.275+0800][info] GC(173) Old regions: 44->46
[2024-10-12T11:44:17.275+0800][info] GC(173) Archive regions: 2->2
[2024-10-12T11:44:17.275+0800][info] GC(173) Humongous regions: 3->3
[2024-10-12T11:44:17.275+0800][info] GC(173) Metaspace: 1614K(1792K)->1614K(1792K) NonClass: 1490K(1600K)->1490K(1600K) Class: 124K(192K)->124K(192K)
[2024-10-12T11:44:17.275+0800][info] GC(173) Pause Young (Normal) (G1 Evacuation Pause) 101M->101M(128M) 1.453ms
[2024-10-12T11:44:17.275+0800][info] GC(173) User=0.01s Sys=0.00s Real=0.00s
[2024-10-12T11:44:17.377+0800][info] GC(174) Pause Young (Normal) (G1 Evacuation Pause)
[2024-10-12T11:44:17.377+0800][info] GC(174) Using 3 workers of 48 for evacuation
[2024-10-12T11:44:17.379+0800][info] GC(174)   Pre Evacuate Collection Set: 0.1ms
[2024-10-12T11:44:17.379+0800][info] GC(174)   Merge Heap Roots: 0.0ms
[2024-10-12T11:44:17.379+0800][info] GC(174)   Evacuate Collection Set: 0.9ms
[2024-10-12T11:44:17.379+0800][info] GC(174)   Post Evacuate Collection Set: 0.2ms
[2024-10-12T11:44:17.379+0800][info] GC(174)   Other: 0.2ms
[2024-10-12T11:44:17.379+0800][info] GC(174) Eden regions: 2->0(2)
[2024-10-12T11:44:17.379+0800][info] GC(174) Survivor regions: 1->1(1)
[2024-10-12T11:44:17.379+0800][info] GC(174) Old regions: 46->48
[2024-10-12T11:44:17.379+0800][info] GC(174) Archive regions: 2->2
[2024-10-12T11:44:17.379+0800][info] GC(174) Humongous regions: 3->3
[2024-10-12T11:44:17.379+0800][info] GC(174) Metaspace: 1616K(1792K)->1616K(1792K) NonClass: 1492K(1600K)->1492K(1600K) Class: 124K(192K)->124K(192K)
[2024-10-12T11:44:17.379+0800][info] GC(174) Pause Young (Normal) (G1 Evacuation Pause) 105M->105M(128M) 1.480ms
[2024-10-12T11:44:17.379+0800][info] GC(174) User=0.01s Sys=0.00s Real=0.00s
[2024-10-12T11:44:17.481+0800][info] GC(175) Pause Young (Concurrent Start) (G1 Evacuation Pause)
[2024-10-12T11:44:17.481+0800][info] GC(175) Using 3 workers of 48 for evacuation
[2024-10-12T11:44:17.482+0800][info] GC(175)   Pre Evacuate Collection Set: 0.1ms
[2024-10-12T11:44:17.482+0800][info] GC(175)   Merge Heap Roots: 0.1ms
[2024-10-12T11:44:17.482+0800][info] GC(175)   Evacuate Collection Set: 0.9ms
[2024-10-12T11:44:17.482+0800][info] GC(175)   Post Evacuate Collection Set: 0.2ms
[2024-10-12T11:44:17.482+0800][info] GC(175)   Other: 0.3ms
[2024-10-12T11:44:17.482+0800][info] GC(175) Eden regions: 2->0(2)
[2024-10-12T11:44:17.482+0800][info] GC(175) Survivor regions: 1->1(1)
[2024-10-12T11:44:17.482+0800][info] GC(175) Old regions: 48->50
[2024-10-12T11:44:17.482+0800][info] GC(175) Archive regions: 2->2
[2024-10-12T11:44:17.482+0800][info] GC(175) Humongous regions: 3->3
[2024-10-12T11:44:17.482+0800][info] GC(175) Metaspace: 1616K(1792K)->1616K(1792K) NonClass: 1492K(1600K)->1492K(1600K) Class: 124K(192K)->124K(192K)
[2024-10-12T11:44:17.482+0800][info] GC(175) Pause Young (Concurrent Start) (G1 Evacuation Pause) 109M->109M(128M) 1.700ms
[2024-10-12T11:44:17.482+0800][info] GC(175) User=0.00s Sys=0.00s Real=0.00s
[2024-10-12T11:44:17.482+0800][info] GC(176) Concurrent Mark Cycle
[2024-10-12T11:44:17.483+0800][info] GC(176) Concurrent Clear Claimed Marks
[2024-10-12T11:44:17.483+0800][info] GC(176) Concurrent Clear Claimed Marks 0.017ms
[2024-10-12T11:44:17.483+0800][info] GC(176) Concurrent Scan Root Regions
[2024-10-12T11:44:17.483+0800][info] GC(176) Concurrent Scan Root Regions 0.134ms
[2024-10-12T11:44:17.483+0800][info] GC(176) Concurrent Mark
[2024-10-12T11:44:17.483+0800][info] GC(176) Concurrent Mark From Roots
[2024-10-12T11:44:17.483+0800][info] GC(176) Using 12 workers of 12 for marking
[2024-10-12T11:44:17.486+0800][info] GC(176) Concurrent Mark From Roots 3.264ms
[2024-10-12T11:44:17.486+0800][info] GC(176) Concurrent Preclean
[2024-10-12T11:44:17.488+0800][info] GC(176) Concurrent Preclean 1.671ms
[2024-10-12T11:44:17.488+0800][info] GC(176) Pause Remark
[2024-10-12T11:44:17.489+0800][info] GC(176) Pause Remark 109M->109M(128M) 1.584ms
[2024-10-12T11:44:17.489+0800][info] GC(176) User=0.00s Sys=0.00s Real=0.00s
[2024-10-12T11:44:17.490+0800][info] GC(176) Concurrent Mark 6.843ms
[2024-10-12T11:44:17.490+0800][info] GC(176) Concurrent Rebuild Remembered Sets
[2024-10-12T11:44:17.491+0800][info] GC(176) Concurrent Rebuild Remembered Sets 1.265ms
[2024-10-12T11:44:17.491+0800][info] GC(176) Pause Cleanup
[2024-10-12T11:44:17.491+0800][info] GC(176) Pause Cleanup 109M->109M(128M) 0.223ms
[2024-10-12T11:44:17.491+0800][info] GC(176) User=0.01s Sys=0.00s Real=0.00s
[2024-10-12T11:44:17.491+0800][info] GC(176) Concurrent Cleanup for Next Mark
[2024-10-12T11:44:17.492+0800][info] GC(176) Concurrent Cleanup for Next Mark 0.368ms
[2024-10-12T11:44:17.492+0800][info] GC(176) Concurrent Mark Cycle 9.156ms
[2024-10-12T11:44:17.636+0800][info] GC(177) Pause Young (Prepare Mixed) (G1 Evacuation Pause)
[2024-10-12T11:44:17.636+0800][info] GC(177) Using 3 workers of 48 for evacuation
[2024-10-12T11:44:17.638+0800][info] GC(177)   Pre Evacuate Collection Set: 0.1ms
[2024-10-12T11:44:17.638+0800][info] GC(177)   Merge Heap Roots: 0.1ms
[2024-10-12T11:44:17.638+0800][info] GC(177)   Evacuate Collection Set: 1.1ms
[2024-10-12T11:44:17.638+0800][info] GC(177)   Post Evacuate Collection Set: 0.2ms
[2024-10-12T11:44:17.638+0800][info] GC(177)   Other: 0.2ms
[2024-10-12T11:44:17.638+0800][info] GC(177) Eden regions: 2->0(2)
[2024-10-12T11:44:17.638+0800][info] GC(177) Survivor regions: 1->1(1)
[2024-10-12T11:44:17.638+0800][info] GC(177) Old regions: 50->52
[2024-10-12T11:44:17.638+0800][info] GC(177) Archive regions: 2->2
[2024-10-12T11:44:17.638+0800][info] GC(177) Humongous regions: 3->3
[2024-10-12T11:44:17.638+0800][info] GC(177) Metaspace: 1616K(1792K)->1616K(1792K) NonClass: 1492K(1600K)->1492K(1600K) Class: 124K(192K)->124K(192K)
[2024-10-12T11:44:17.638+0800][info] GC(177) Pause Young (Prepare Mixed) (G1 Evacuation Pause) 113M->113M(128M) 1.796ms
[2024-10-12T11:44:17.638+0800][info] GC(177) User=0.00s Sys=0.00s Real=0.00s
[2024-10-12T11:44:17.699+0800][info] GC(178) Pause Young (Mixed) (G1 Preventive Collection)
[2024-10-12T11:44:17.699+0800][info] GC(178) Using 3 workers of 48 for evacuation
[2024-10-12T11:44:17.702+0800][info] GC(178)   Pre Evacuate Collection Set: 0.1ms
[2024-10-12T11:44:17.702+0800][info] GC(178)   Merge Heap Roots: 0.1ms
[2024-10-12T11:44:17.702+0800][info] GC(178)   Evacuate Collection Set: 1.9ms
[2024-10-12T11:44:17.702+0800][info] GC(178)   Post Evacuate Collection Set: 0.2ms
[2024-10-12T11:44:17.702+0800][info] GC(178)   Other: 0.2ms
[2024-10-12T11:44:17.702+0800][info] GC(178) Eden regions: 1->0(2)
[2024-10-12T11:44:17.702+0800][info] GC(178) Survivor regions: 1->1(1)
[2024-10-12T11:44:17.702+0800][info] GC(178) Old regions: 52->48
[2024-10-12T11:44:17.702+0800][info] GC(178) Archive regions: 2->2
[2024-10-12T11:44:17.702+0800][info] GC(178) Humongous regions: 3->3
[2024-10-12T11:44:17.702+0800][info] GC(178) Metaspace: 1616K(1792K)->1616K(1792K) NonClass: 1492K(1600K)->1492K(1600K) Class: 124K(192K)->124K(192K)
[2024-10-12T11:44:17.702+0800][info] GC(178) Pause Young (Mixed) (G1 Preventive Collection) 115M->105M(128M) 2.676ms
[2024-10-12T11:44:17.702+0800][info] GC(178) User=0.00s Sys=0.00s Real=0.00s
[2024-10-12T11:44:17.804+0800][info] GC(179) Pause Young (Mixed) (G1 Preventive Collection)
[2024-10-12T11:44:17.804+0800][info] GC(179) Using 3 workers of 48 for evacuation
[2024-10-12T11:44:17.807+0800][info] GC(179)   Pre Evacuate Collection Set: 0.1ms
[2024-10-12T11:44:17.807+0800][info] GC(179)   Merge Heap Roots: 0.1ms
[2024-10-12T11:44:17.807+0800][info] GC(179)   Evacuate Collection Set: 2.2ms
[2024-10-12T11:44:17.807+0800][info] GC(179)   Post Evacuate Collection Set: 0.2ms
[2024-10-12T11:44:17.807+0800][info] GC(179)   Other: 0.1ms
[2024-10-12T11:44:17.807+0800][info] GC(179) Eden regions: 2->0(2)
[2024-10-12T11:44:17.807+0800][info] GC(179) Survivor regions: 1->1(1)
[2024-10-12T11:44:17.807+0800][info] GC(179) Old regions: 48->46
[2024-10-12T11:44:17.807+0800][info] GC(179) Archive regions: 2->2
[2024-10-12T11:44:17.807+0800][info] GC(179) Humongous regions: 3->3
[2024-10-12T11:44:17.807+0800][info] GC(179) Metaspace: 1616K(1792K)->1616K(1792K) NonClass: 1492K(1600K)->1492K(1600K) Class: 124K(192K)->124K(192K)
[2024-10-12T11:44:17.807+0800][info] GC(179) Pause Young (Mixed) (G1 Preventive Collection) 109M->101M(128M) 2.930ms
[2024-10-12T11:44:17.807+0800][info] GC(179) User=0.01s Sys=0.00s Real=0.01s
[2024-10-12T11:44:17.909+0800][info] GC(180) Pause Young (Mixed) (G1 Evacuation Pause)
[2024-10-12T11:44:17.909+0800][info] GC(180) Using 3 workers of 48 for evacuation
[2024-10-12T11:44:17.913+0800][info] GC(180)   Pre Evacuate Collection Set: 0.2ms
[2024-10-12T11:44:17.913+0800][info] GC(180)   Merge Heap Roots: 0.1ms
[2024-10-12T11:44:17.913+0800][info] GC(180)   Evacuate Collection Set: 2.6ms
[2024-10-12T11:44:17.913+0800][info] GC(180)   Post Evacuate Collection Set: 0.2ms
[2024-10-12T11:44:17.913+0800][info] GC(180)   Other: 0.1ms
[2024-10-12T11:44:17.913+0800][info] GC(180) Eden regions: 2->0(2)
[2024-10-12T11:44:17.913+0800][info] GC(180) Survivor regions: 1->1(1)
[2024-10-12T11:44:17.913+0800][info] GC(180) Old regions: 46->46
[2024-10-12T11:44:17.913+0800][info] GC(180) Archive regions: 2->2
[2024-10-12T11:44:17.913+0800][info] GC(180) Humongous regions: 3->3
[2024-10-12T11:44:17.913+0800][info] GC(180) Metaspace: 1616K(1792K)->1616K(1792K) NonClass: 1492K(1600K)->1492K(1600K) Class: 124K(192K)->124K(192K)
[2024-10-12T11:44:17.913+0800][info] GC(180) Pause Young (Mixed) (G1 Evacuation Pause) 104M->100M(128M) 3.327ms
[2024-10-12T11:44:17.913+0800][info] GC(180) User=0.01s Sys=0.00s Real=0.00s
[2024-10-12T11:44:18.015+0800][info] GC(181) Pause Young (Mixed) (G1 Evacuation Pause)
[2024-10-12T11:44:18.015+0800][info] GC(181) Using 3 workers of 48 for evacuation
[2024-10-12T11:44:18.018+0800][info] GC(181)   Pre Evacuate Collection Set: 0.1ms
[2024-10-12T11:44:18.018+0800][info] GC(181)   Merge Heap Roots: 0.1ms
[2024-10-12T11:44:18.018+0800][info] GC(181)   Evacuate Collection Set: 2.7ms
[2024-10-12T11:44:18.018+0800][info] GC(181)   Post Evacuate Collection Set: 0.2ms
[2024-10-12T11:44:18.018+0800][info] GC(181)   Other: 0.2ms
[2024-10-12T11:44:18.018+0800][info] GC(181) Eden regions: 2->0(2)
[2024-10-12T11:44:18.018+0800][info] GC(181) Survivor regions: 1->1(1)
[2024-10-12T11:44:18.018+0800][info] GC(181) Old regions: 46->44
[2024-10-12T11:44:18.018+0800][info] GC(181) Archive regions: 2->2
[2024-10-12T11:44:18.018+0800][info] GC(181) Humongous regions: 3->3
[2024-10-12T11:44:18.018+0800][info] GC(181) Metaspace: 1616K(1792K)->1616K(1792K) NonClass: 1492K(1600K)->1492K(1600K) Class: 124K(192K)->124K(192K)
[2024-10-12T11:44:18.018+0800][info] GC(181) Pause Young (Mixed) (G1 Evacuation Pause) 104M->97M(128M) 3.345ms
[2024-10-12T11:44:18.018+0800][info] GC(181) User=0.01s Sys=0.00s Real=0.00s
[2024-10-12T11:44:18.121+0800][info] GC(182) Pause Young (Mixed) (G1 Evacuation Pause)
[2024-10-12T11:44:18.121+0800][info] GC(182) Using 3 workers of 48 for evacuation
[2024-10-12T11:44:18.125+0800][info] GC(182)   Pre Evacuate Collection Set: 0.1ms
[2024-10-12T11:44:18.125+0800][info] GC(182)   Merge Heap Roots: 0.1ms
[2024-10-12T11:44:18.125+0800][info] GC(182)   Evacuate Collection Set: 3.9ms
[2024-10-12T11:44:18.125+0800][info] GC(182)   Post Evacuate Collection Set: 0.3ms
[2024-10-12T11:44:18.125+0800][info] GC(182)   Other: 0.2ms
[2024-10-12T11:44:18.125+0800][info] GC(182) Eden regions: 2->0(2)
[2024-10-12T11:44:18.125+0800][info] GC(182) Survivor regions: 1->1(1)
[2024-10-12T11:44:18.125+0800][info] GC(182) Old regions: 44->45
[2024-10-12T11:44:18.125+0800][info] GC(182) Archive regions: 2->2
[2024-10-12T11:44:18.125+0800][info] GC(182) Humongous regions: 3->3
[2024-10-12T11:44:18.125+0800][info] GC(182) Metaspace: 1621K(1792K)->1621K(1792K) NonClass: 1497K(1600K)->1497K(1600K) Class: 124K(192K)->124K(192K)
[2024-10-12T11:44:18.125+0800][info] GC(182) Pause Young (Mixed) (G1 Evacuation Pause) 101M->98M(128M) 4.632ms
[2024-10-12T11:44:18.125+0800][info] GC(182) User=0.01s Sys=0.00s Real=0.01s
[2024-10-12T11:44:18.227+0800][info] GC(183) Pause Young (Mixed) (G1 Evacuation Pause)
[2024-10-12T11:44:18.227+0800][info] GC(183) Using 3 workers of 48 for evacuation
[2024-10-12T11:44:18.230+0800][info] GC(183)   Pre Evacuate Collection Set: 0.1ms
[2024-10-12T11:44:18.230+0800][info] GC(183)   Merge Heap Roots: 0.1ms
[2024-10-12T11:44:18.230+0800][info] GC(183)   Evacuate Collection Set: 2.4ms
[2024-10-12T11:44:18.230+0800][info] GC(183)   Post Evacuate Collection Set: 0.2ms
[2024-10-12T11:44:18.230+0800][info] GC(183)   Other: 0.1ms
[2024-10-12T11:44:18.230+0800][info] GC(183) Eden regions: 2->0(2)
[2024-10-12T11:44:18.230+0800][info] GC(183) Survivor regions: 1->1(1)
[2024-10-12T11:44:18.230+0800][info] GC(183) Old regions: 45->46
[2024-10-12T11:44:18.230+0800][info] GC(183) Archive regions: 2->2
[2024-10-12T11:44:18.230+0800][info] GC(183) Humongous regions: 3->3
[2024-10-12T11:44:18.230+0800][info] GC(183) Metaspace: 1621K(1792K)->1621K(1792K) NonClass: 1497K(1600K)->1497K(1600K) Class: 124K(192K)->124K(192K)
[2024-10-12T11:44:18.230+0800][info] GC(183) Pause Young (Mixed) (G1 Evacuation Pause) 101M->100M(128M) 3.073ms
[2024-10-12T11:44:18.230+0800][info] GC(183) User=0.00s Sys=0.00s Real=0.00s
[2024-10-12T11:44:18.333+0800][info] GC(184) Pause Young (Normal) (G1 Evacuation Pause)
[2024-10-12T11:44:18.333+0800][info] GC(184) Using 3 workers of 48 for evacuation
[2024-10-12T11:44:18.335+0800][info] GC(184)   Pre Evacuate Collection Set: 0.1ms
[2024-10-12T11:44:18.335+0800][info] GC(184)   Merge Heap Roots: 0.0ms
[2024-10-12T11:44:18.335+0800][info] GC(184)   Evacuate Collection Set: 1.0ms
[2024-10-12T11:44:18.335+0800][info] GC(184)   Post Evacuate Collection Set: 0.2ms
[2024-10-12T11:44:18.335+0800][info] GC(184)   Other: 0.2ms
[2024-10-12T11:44:18.335+0800][info] GC(184) Eden regions: 2->0(2)
[2024-10-12T11:44:18.335+0800][info] GC(184) Survivor regions: 1->1(1)
[2024-10-12T11:44:18.335+0800][info] GC(184) Old regions: 46->48
[2024-10-12T11:44:18.335+0800][info] GC(184) Archive regions: 2->2
[2024-10-12T11:44:18.335+0800][info] GC(184) Humongous regions: 3->3
[2024-10-12T11:44:18.335+0800][info] GC(184) Metaspace: 1621K(1792K)->1621K(1792K) NonClass: 1497K(1600K)->1497K(1600K) Class: 124K(192K)->124K(192K)
[2024-10-12T11:44:18.335+0800][info] GC(184) Pause Young (Normal) (G1 Evacuation Pause) 104M->104M(128M) 1.664ms
[2024-10-12T11:44:18.335+0800][info] GC(184) User=0.00s Sys=0.00s Real=0.01s
[2024-10-12T11:44:18.437+0800][info] GC(185) Pause Young (Normal) (G1 Evacuation Pause)
[2024-10-12T11:44:18.437+0800][info] GC(185) Using 3 workers of 48 for evacuation
[2024-10-12T11:44:18.438+0800][info] GC(185)   Pre Evacuate Collection Set: 0.1ms
[2024-10-12T11:44:18.438+0800][info] GC(185)   Merge Heap Roots: 0.0ms
[2024-10-12T11:44:18.438+0800][info] GC(185)   Evacuate Collection Set: 1.0ms
[2024-10-12T11:44:18.438+0800][info] GC(185)   Post Evacuate Collection Set: 0.2ms
[2024-10-12T11:44:18.438+0800][info] GC(185)   Other: 0.2ms
[2024-10-12T11:44:18.438+0800][info] GC(185) Eden regions: 2->0(2)
[2024-10-12T11:44:18.438+0800][info] GC(185) Survivor regions: 1->1(1)
[2024-10-12T11:44:18.438+0800][info] GC(185) Old regions: 48->50
[2024-10-12T11:44:18.438+0800][info] GC(185) Archive regions: 2->2
[2024-10-12T11:44:18.438+0800][info] GC(185) Humongous regions: 3->3
[2024-10-12T11:44:18.438+0800][info] GC(185) Metaspace: 1621K(1792K)->1621K(1792K) NonClass: 1497K(1600K)->1497K(1600K) Class: 124K(192K)->124K(192K)
[2024-10-12T11:44:18.438+0800][info] GC(185) Pause Young (Normal) (G1 Evacuation Pause) 107M->108M(128M) 1.618ms
[2024-10-12T11:44:18.438+0800][info] GC(185) User=0.00s Sys=0.00s Real=0.00s
[2024-10-12T11:44:18.459+0800][info] GC(186) Pause Young (Concurrent Start) (G1 Humongous Allocation)
[2024-10-12T11:44:18.459+0800][info] GC(186) Using 3 workers of 48 for evacuation
[2024-10-12T11:44:18.460+0800][info] GC(186)   Pre Evacuate Collection Set: 0.1ms
[2024-10-12T11:44:18.460+0800][info] GC(186)   Merge Heap Roots: 0.0ms
[2024-10-12T11:44:18.460+0800][info] GC(186)   Evacuate Collection Set: 0.6ms
[2024-10-12T11:44:18.460+0800][info] GC(186)   Post Evacuate Collection Set: 0.2ms
[2024-10-12T11:44:18.460+0800][info] GC(186)   Other: 0.4ms
[2024-10-12T11:44:18.460+0800][info] GC(186) Eden regions: 1->0(2)
[2024-10-12T11:44:18.460+0800][info] GC(186) Survivor regions: 1->1(1)
[2024-10-12T11:44:18.460+0800][info] GC(186) Old regions: 50->51
[2024-10-12T11:44:18.460+0800][info] GC(186) Archive regions: 2->2
[2024-10-12T11:44:18.460+0800][info] GC(186) Humongous regions: 3->3
[2024-10-12T11:44:18.460+0800][info] GC(186) Metaspace: 1621K(1792K)->1621K(1792K) NonClass: 1497K(1600K)->1497K(1600K) Class: 124K(192K)->124K(192K)
[2024-10-12T11:44:18.460+0800][info] GC(186) Pause Young (Concurrent Start) (G1 Humongous Allocation) 109M->109M(128M) 1.402ms
[2024-10-12T11:44:18.460+0800][info] GC(186) User=0.00s Sys=0.00s Real=0.00s
[2024-10-12T11:44:18.460+0800][info] GC(187) Concurrent Mark Cycle
[2024-10-12T11:44:18.461+0800][info] GC(187) Concurrent Clear Claimed Marks
[2024-10-12T11:44:18.461+0800][info] GC(187) Concurrent Clear Claimed Marks 0.017ms
[2024-10-12T11:44:18.461+0800][info] GC(187) Concurrent Scan Root Regions
[2024-10-12T11:44:18.461+0800][info] GC(187) Concurrent Scan Root Regions 0.152ms
[2024-10-12T11:44:18.461+0800][info] GC(187) Concurrent Mark
[2024-10-12T11:44:18.461+0800][info] GC(187) Concurrent Mark From Roots
[2024-10-12T11:44:18.461+0800][info] GC(187) Using 12 workers of 12 for marking
[2024-10-12T11:44:18.464+0800][info] GC(187) Concurrent Mark From Roots 3.503ms
[2024-10-12T11:44:18.464+0800][info] GC(187) Concurrent Preclean
[2024-10-12T11:44:18.466+0800][info] GC(187) Concurrent Preclean 1.688ms
[2024-10-12T11:44:18.466+0800][info] GC(187) Pause Remark
[2024-10-12T11:44:18.468+0800][info] GC(187) Pause Remark 111M->111M(128M) 1.562ms
[2024-10-12T11:44:18.468+0800][info] GC(187) User=0.00s Sys=0.00s Real=0.00s
[2024-10-12T11:44:18.468+0800][info] GC(187) Concurrent Mark 7.074ms
[2024-10-12T11:44:18.468+0800][info] GC(187) Concurrent Rebuild Remembered Sets
[2024-10-12T11:44:18.469+0800][info] GC(187) Concurrent Rebuild Remembered Sets 1.401ms
[2024-10-12T11:44:18.469+0800][info] GC(187) Pause Cleanup
[2024-10-12T11:44:18.470+0800][info] GC(187) Pause Cleanup 111M->111M(128M) 0.172ms
[2024-10-12T11:44:18.470+0800][info] GC(187) User=0.00s Sys=0.00s Real=0.00s
[2024-10-12T11:44:18.470+0800][info] GC(187) Concurrent Cleanup for Next Mark
[2024-10-12T11:44:18.470+0800][info] GC(187) Concurrent Cleanup for Next Mark 0.374ms
[2024-10-12T11:44:18.470+0800][info] GC(187) Concurrent Mark Cycle 9.485ms
[2024-10-12T11:44:18.635+0800][info] GC(188) Pause Young (Prepare Mixed) (G1 Preventive Collection)
[2024-10-12T11:44:18.635+0800][info] GC(188) Using 3 workers of 48 for evacuation
[2024-10-12T11:44:18.636+0800][info] GC(188)   Pre Evacuate Collection Set: 0.1ms
[2024-10-12T11:44:18.636+0800][info] GC(188)   Merge Heap Roots: 0.1ms
[2024-10-12T11:44:18.636+0800][info] GC(188)   Evacuate Collection Set: 1.1ms
[2024-10-12T11:44:18.636+0800][info] GC(188)   Post Evacuate Collection Set: 0.2ms
[2024-10-12T11:44:18.636+0800][info] GC(188)   Other: 0.2ms
[2024-10-12T11:44:18.636+0800][info] GC(188) Eden regions: 2->0(2)
[2024-10-12T11:44:18.636+0800][info] GC(188) Survivor regions: 1->1(1)
[2024-10-12T11:44:18.636+0800][info] GC(188) Old regions: 51->52
[2024-10-12T11:44:18.636+0800][info] GC(188) Archive regions: 2->2
[2024-10-12T11:44:18.636+0800][info] GC(188) Humongous regions: 4->3
[2024-10-12T11:44:18.636+0800][info] GC(188) Metaspace: 1621K(1792K)->1621K(1792K) NonClass: 1497K(1600K)->1497K(1600K) Class: 124K(192K)->124K(192K)
[2024-10-12T11:44:18.636+0800][info] GC(188) Pause Young (Prepare Mixed) (G1 Preventive Collection) 115M->113M(128M) 1.754ms
[2024-10-12T11:44:18.636+0800][info] GC(188) User=0.00s Sys=0.00s Real=0.00s
[2024-10-12T11:44:18.698+0800][info] GC(189) Pause Young (Mixed) (G1 Preventive Collection)
[2024-10-12T11:44:18.698+0800][info] GC(189) Using 3 workers of 48 for evacuation
[2024-10-12T11:44:18.700+0800][info] GC(189)   Pre Evacuate Collection Set: 0.1ms
[2024-10-12T11:44:18.700+0800][info] GC(189)   Merge Heap Roots: 0.1ms
[2024-10-12T11:44:18.700+0800][info] GC(189)   Evacuate Collection Set: 1.7ms
[2024-10-12T11:44:18.700+0800][info] GC(189)   Post Evacuate Collection Set: 0.2ms
[2024-10-12T11:44:18.700+0800][info] GC(189)   Other: 0.2ms
[2024-10-12T11:44:18.700+0800][info] GC(189) Eden regions: 1->0(2)
[2024-10-12T11:44:18.700+0800][info] GC(189) Survivor regions: 1->1(1)
[2024-10-12T11:44:18.700+0800][info] GC(189) Old regions: 52->48
[2024-10-12T11:44:18.700+0800][info] GC(189) Archive regions: 2->2
[2024-10-12T11:44:18.700+0800][info] GC(189) Humongous regions: 3->3
[2024-10-12T11:44:18.700+0800][info] GC(189) Metaspace: 1621K(1792K)->1621K(1792K) NonClass: 1497K(1600K)->1497K(1600K) Class: 124K(192K)->124K(192K)
[2024-10-12T11:44:18.700+0800][info] GC(189) Pause Young (Mixed) (G1 Preventive Collection) 115M->104M(128M) 2.422ms
[2024-10-12T11:44:18.700+0800][info] GC(189) User=0.01s Sys=0.01s Real=0.00s
[2024-10-12T11:44:18.803+0800][info] GC(190) Pause Young (Mixed) (G1 Preventive Collection)
[2024-10-12T11:44:18.803+0800][info] GC(190) Using 3 workers of 48 for evacuation
[2024-10-12T11:44:18.806+0800][info] GC(190)   Pre Evacuate Collection Set: 0.1ms
[2024-10-12T11:44:18.806+0800][info] GC(190)   Merge Heap Roots: 0.1ms
[2024-10-12T11:44:18.806+0800][info] GC(190)   Evacuate Collection Set: 2.4ms
[2024-10-12T11:44:18.806+0800][info] GC(190)   Post Evacuate Collection Set: 0.2ms
[2024-10-12T11:44:18.806+0800][info] GC(190)   Other: 0.1ms
[2024-10-12T11:44:18.806+0800][info] GC(190) Eden regions: 2->0(2)
[2024-10-12T11:44:18.806+0800][info] GC(190) Survivor regions: 1->1(1)
[2024-10-12T11:44:18.806+0800][info] GC(190) Old regions: 48->46
[2024-10-12T11:44:18.806+0800][info] GC(190) Archive regions: 2->2
[2024-10-12T11:44:18.806+0800][info] GC(190) Humongous regions: 3->3
[2024-10-12T11:44:18.806+0800][info] GC(190) Metaspace: 1621K(1792K)->1621K(1792K) NonClass: 1497K(1600K)->1497K(1600K) Class: 124K(192K)->124K(192K)
[2024-10-12T11:44:18.806+0800][info] GC(190) Pause Young (Mixed) (G1 Preventive Collection) 108M->100M(128M) 3.102ms
[2024-10-12T11:44:18.806+0800][info] GC(190) User=0.01s Sys=0.00s Real=0.01s
[2024-10-12T11:44:18.908+0800][info] GC(191) Pause Young (Mixed) (G1 Evacuation Pause)
[2024-10-12T11:44:18.908+0800][info] GC(191) Using 3 workers of 48 for evacuation
[2024-10-12T11:44:18.911+0800][info] GC(191)   Pre Evacuate Collection Set: 0.1ms
[2024-10-12T11:44:18.911+0800][info] GC(191)   Merge Heap Roots: 0.1ms
[2024-10-12T11:44:18.911+0800][info] GC(191)   Evacuate Collection Set: 2.6ms
[2024-10-12T11:44:18.911+0800][info] GC(191)   Post Evacuate Collection Set: 0.2ms
[2024-10-12T11:44:18.911+0800][info] GC(191)   Other: 0.1ms
[2024-10-12T11:44:18.911+0800][info] GC(191) Eden regions: 2->0(2)
[2024-10-12T11:44:18.911+0800][info] GC(191) Survivor regions: 1->1(1)
[2024-10-12T11:44:18.911+0800][info] GC(191) Old regions: 46->44
[2024-10-12T11:44:18.911+0800][info] GC(191) Archive regions: 2->2
[2024-10-12T11:44:18.911+0800][info] GC(191) Humongous regions: 3->3
[2024-10-12T11:44:18.911+0800][info] GC(191) Metaspace: 1621K(1792K)->1621K(1792K) NonClass: 1497K(1600K)->1497K(1600K) Class: 124K(192K)->124K(192K)
[2024-10-12T11:44:18.911+0800][info] GC(191) Pause Young (Mixed) (G1 Evacuation Pause) 103M->96M(128M) 3.262ms
[2024-10-12T11:44:18.911+0800][info] GC(191) User=0.01s Sys=0.00s Real=0.00s
[2024-10-12T11:44:19.014+0800][info] GC(192) Pause Young (Mixed) (G1 Evacuation Pause)
[2024-10-12T11:44:19.014+0800][info] GC(192) Using 3 workers of 48 for evacuation
[2024-10-12T11:44:19.017+0800][info] GC(192)   Pre Evacuate Collection Set: 0.1ms
[2024-10-12T11:44:19.017+0800][info] GC(192)   Merge Heap Roots: 0.1ms
[2024-10-12T11:44:19.017+0800][info] GC(192)   Evacuate Collection Set: 2.9ms
[2024-10-12T11:44:19.017+0800][info] GC(192)   Post Evacuate Collection Set: 0.2ms
[2024-10-12T11:44:19.017+0800][info] GC(192)   Other: 0.1ms
[2024-10-12T11:44:19.017+0800][info] GC(192) Eden regions: 2->0(2)
[2024-10-12T11:44:19.017+0800][info] GC(192) Survivor regions: 1->1(1)
[2024-10-12T11:44:19.017+0800][info] GC(192) Old regions: 44->43
[2024-10-12T11:44:19.017+0800][info] GC(192) Archive regions: 2->2
[2024-10-12T11:44:19.017+0800][info] GC(192) Humongous regions: 3->3
[2024-10-12T11:44:19.017+0800][info] GC(192) Metaspace: 1621K(1792K)->1621K(1792K) NonClass: 1497K(1600K)->1497K(1600K) Class: 124K(192K)->124K(192K)
[2024-10-12T11:44:19.017+0800][info] GC(192) Pause Young (Mixed) (G1 Evacuation Pause) 100M->94M(128M) 3.649ms
[2024-10-12T11:44:19.017+0800][info] GC(192) User=0.01s Sys=0.00s Real=0.00s
[2024-10-12T11:44:19.119+0800][info] GC(193) Pause Young (Mixed) (G1 Evacuation Pause)
[2024-10-12T11:44:19.119+0800][info] GC(193) Using 3 workers of 48 for evacuation
[2024-10-12T11:44:19.123+0800][info] GC(193)   Pre Evacuate Collection Set: 0.1ms
[2024-10-12T11:44:19.123+0800][info] GC(193)   Merge Heap Roots: 0.1ms
[2024-10-12T11:44:19.123+0800][info] GC(193)   Evacuate Collection Set: 3.2ms
[2024-10-12T11:44:19.123+0800][info] GC(193)   Post Evacuate Collection Set: 0.2ms
[2024-10-12T11:44:19.123+0800][info] GC(193)   Other: 0.1ms
[2024-10-12T11:44:19.123+0800][info] GC(193) Eden regions: 2->0(2)
[2024-10-12T11:44:19.123+0800][info] GC(193) Survivor regions: 1->1(1)
[2024-10-12T11:44:19.123+0800][info] GC(193) Old regions: 43->43
[2024-10-12T11:44:19.123+0800][info] GC(193) Archive regions: 2->2
[2024-10-12T11:44:19.123+0800][info] GC(193) Humongous regions: 3->3
[2024-10-12T11:44:19.123+0800][info] GC(193) Metaspace: 1621K(1792K)->1621K(1792K) NonClass: 1497K(1600K)->1497K(1600K) Class: 124K(192K)->124K(192K)
[2024-10-12T11:44:19.123+0800][info] GC(193) Pause Young (Mixed) (G1 Evacuation Pause) 98M->94M(128M) 3.908ms
[2024-10-12T11:44:19.123+0800][info] GC(193) User=0.01s Sys=0.00s Real=0.00s
[2024-10-12T11:44:19.225+0800][info] GC(194) Pause Young (Mixed) (G1 Evacuation Pause)
[2024-10-12T11:44:19.225+0800][info] GC(194) Using 3 workers of 48 for evacuation
[2024-10-12T11:44:19.228+0800][info] GC(194)   Pre Evacuate Collection Set: 0.1ms
[2024-10-12T11:44:19.228+0800][info] GC(194)   Merge Heap Roots: 0.1ms
[2024-10-12T11:44:19.228+0800][info] GC(194)   Evacuate Collection Set: 2.3ms
[2024-10-12T11:44:19.228+0800][info] GC(194)   Post Evacuate Collection Set: 0.3ms
[2024-10-12T11:44:19.228+0800][info] GC(194)   Other: 0.1ms
[2024-10-12T11:44:19.228+0800][info] GC(194) Eden regions: 2->0(2)
[2024-10-12T11:44:19.228+0800][info] GC(194) Survivor regions: 1->1(1)
[2024-10-12T11:44:19.228+0800][info] GC(194) Old regions: 43->44
[2024-10-12T11:44:19.228+0800][info] GC(194) Archive regions: 2->2
[2024-10-12T11:44:19.228+0800][info] GC(194) Humongous regions: 3->3
[2024-10-12T11:44:19.228+0800][info] GC(194) Metaspace: 1621K(1792K)->1621K(1792K) NonClass: 1497K(1600K)->1497K(1600K) Class: 124K(192K)->124K(192K)
[2024-10-12T11:44:19.228+0800][info] GC(194) Pause Young (Mixed) (G1 Evacuation Pause) 98M->96M(128M) 2.969ms
[2024-10-12T11:44:19.228+0800][info] GC(194) User=0.01s Sys=0.00s Real=0.00s
[2024-10-12T11:44:19.330+0800][info] GC(195) Pause Young (Normal) (G1 Evacuation Pause)
[2024-10-12T11:44:19.330+0800][info] GC(195) Using 3 workers of 48 for evacuation
[2024-10-12T11:44:19.332+0800][info] GC(195)   Pre Evacuate Collection Set: 0.1ms
[2024-10-12T11:44:19.332+0800][info] GC(195)   Merge Heap Roots: 0.0ms
[2024-10-12T11:44:19.332+0800][info] GC(195)   Evacuate Collection Set: 0.9ms
[2024-10-12T11:44:19.332+0800][info] GC(195)   Post Evacuate Collection Set: 0.2ms
[2024-10-12T11:44:19.332+0800][info] GC(195)   Other: 0.2ms
[2024-10-12T11:44:19.332+0800][info] GC(195) Eden regions: 2->0(2)
[2024-10-12T11:44:19.332+0800][info] GC(195) Survivor regions: 1->1(1)
[2024-10-12T11:44:19.332+0800][info] GC(195) Old regions: 44->46
[2024-10-12T11:44:19.332+0800][info] GC(195) Archive regions: 2->2
[2024-10-12T11:44:19.332+0800][info] GC(195) Humongous regions: 3->3
[2024-10-12T11:44:19.332+0800][info] GC(195) Metaspace: 1621K(1792K)->1621K(1792K) NonClass: 1497K(1600K)->1497K(1600K) Class: 124K(192K)->124K(192K)
[2024-10-12T11:44:19.332+0800][info] GC(195) Pause Young (Normal) (G1 Evacuation Pause) 100M->100M(128M) 1.506ms
[2024-10-12T11:44:19.332+0800][info] GC(195) User=0.00s Sys=0.00s Real=0.00s
[2024-10-12T11:44:19.434+0800][info] GC(196) Pause Young (Normal) (G1 Evacuation Pause)
[2024-10-12T11:44:19.434+0800][info] GC(196) Using 3 workers of 48 for evacuation
[2024-10-12T11:44:19.436+0800][info] GC(196)   Pre Evacuate Collection Set: 0.1ms
[2024-10-12T11:44:19.436+0800][info] GC(196)   Merge Heap Roots: 0.0ms
[2024-10-12T11:44:19.436+0800][info] GC(196)   Evacuate Collection Set: 1.0ms
[2024-10-12T11:44:19.436+0800][info] GC(196)   Post Evacuate Collection Set: 0.2ms
[2024-10-12T11:44:19.436+0800][info] GC(196)   Other: 0.2ms
[2024-10-12T11:44:19.436+0800][info] GC(196) Eden regions: 2->0(2)
[2024-10-12T11:44:19.436+0800][info] GC(196) Survivor regions: 1->1(1)
[2024-10-12T11:44:19.436+0800][info] GC(196) Old regions: 46->48
[2024-10-12T11:44:19.436+0800][info] GC(196) Archive regions: 2->2
[2024-10-12T11:44:19.436+0800][info] GC(196) Humongous regions: 3->3
[2024-10-12T11:44:19.436+0800][info] GC(196) Metaspace: 1621K(1792K)->1621K(1792K) NonClass: 1497K(1600K)->1497K(1600K) Class: 124K(192K)->124K(192K)
[2024-10-12T11:44:19.436+0800][info] GC(196) Pause Young (Normal) (G1 Evacuation Pause) 104M->105M(128M) 1.617ms
[2024-10-12T11:44:19.436+0800][info] GC(196) User=0.01s Sys=0.00s Real=0.00s
[2024-10-12T11:44:19.538+0800][info] GC(197) Pause Young (Concurrent Start) (G1 Evacuation Pause)
[2024-10-12T11:44:19.538+0800][info] GC(197) Using 3 workers of 48 for evacuation
[2024-10-12T11:44:19.540+0800][info] GC(197)   Pre Evacuate Collection Set: 0.1ms
[2024-10-12T11:44:19.540+0800][info] GC(197)   Merge Heap Roots: 0.1ms
[2024-10-12T11:44:19.540+0800][info] GC(197)   Evacuate Collection Set: 1.1ms
[2024-10-12T11:44:19.540+0800][info] GC(197)   Post Evacuate Collection Set: 0.2ms
[2024-10-12T11:44:19.540+0800][info] GC(197)   Other: 0.3ms
[2024-10-12T11:44:19.540+0800][info] GC(197) Eden regions: 2->0(2)
[2024-10-12T11:44:19.540+0800][info] GC(197) Survivor regions: 1->1(1)
[2024-10-12T11:44:19.540+0800][info] GC(197) Old regions: 48->50
[2024-10-12T11:44:19.540+0800][info] GC(197) Archive regions: 2->2
[2024-10-12T11:44:19.540+0800][info] GC(197) Humongous regions: 3->3
[2024-10-12T11:44:19.540+0800][info] GC(197) Metaspace: 1621K(1792K)->1621K(1792K) NonClass: 1497K(1600K)->1497K(1600K) Class: 124K(192K)->124K(192K)
[2024-10-12T11:44:19.540+0800][info] GC(197) Pause Young (Concurrent Start) (G1 Evacuation Pause) 108M->108M(128M) 1.821ms
[2024-10-12T11:44:19.540+0800][info] GC(197) User=0.00s Sys=0.00s Real=0.00s
[2024-10-12T11:44:19.540+0800][info] GC(198) Concurrent Mark Cycle
[2024-10-12T11:44:19.540+0800][info] GC(198) Concurrent Clear Claimed Marks
[2024-10-12T11:44:19.540+0800][info] GC(198) Concurrent Clear Claimed Marks 0.016ms
[2024-10-12T11:44:19.540+0800][info] GC(198) Concurrent Scan Root Regions
[2024-10-12T11:44:19.540+0800][info] GC(198) Concurrent Scan Root Regions 0.185ms
[2024-10-12T11:44:19.540+0800][info] GC(198) Concurrent Mark
[2024-10-12T11:44:19.540+0800][info] GC(198) Concurrent Mark From Roots
[2024-10-12T11:44:19.540+0800][info] GC(198) Using 12 workers of 12 for marking
[2024-10-12T11:44:19.543+0800][info] GC(198) Concurrent Mark From Roots 3.258ms
[2024-10-12T11:44:19.543+0800][info] GC(198) Concurrent Preclean
[2024-10-12T11:44:19.545+0800][info] GC(198) Concurrent Preclean 1.714ms
[2024-10-12T11:44:19.545+0800][info] GC(198) Pause Remark
[2024-10-12T11:44:19.547+0800][info] GC(198) Pause Remark 109M->109M(128M) 1.493ms
[2024-10-12T11:44:19.547+0800][info] GC(198) User=0.00s Sys=0.00s Real=0.00s
[2024-10-12T11:44:19.547+0800][info] GC(198) Concurrent Mark 6.726ms
[2024-10-12T11:44:19.547+0800][info] GC(198) Concurrent Rebuild Remembered Sets
[2024-10-12T11:44:19.548+0800][info] GC(198) Concurrent Rebuild Remembered Sets 1.427ms
[2024-10-12T11:44:19.549+0800][info] GC(198) Pause Cleanup
[2024-10-12T11:44:19.549+0800][info] GC(198) Pause Cleanup 109M->109M(128M) 0.250ms
[2024-10-12T11:44:19.549+0800][info] GC(198) User=0.00s Sys=0.00s Real=0.00s
[2024-10-12T11:44:19.549+0800][info] GC(198) Concurrent Cleanup for Next Mark
[2024-10-12T11:44:19.549+0800][info] GC(198) Concurrent Cleanup for Next Mark 0.359ms
[2024-10-12T11:44:19.549+0800][info] GC(198) Concurrent Mark Cycle 9.332ms
[2024-10-12T11:44:19.693+0800][info] GC(199) Pause Young (Prepare Mixed) (G1 Evacuation Pause)
[2024-10-12T11:44:19.693+0800][info] GC(199) Using 3 workers of 48 for evacuation
[2024-10-12T11:44:19.695+0800][info] GC(199)   Pre Evacuate Collection Set: 0.1ms
[2024-10-12T11:44:19.695+0800][info] GC(199)   Merge Heap Roots: 0.1ms
[2024-10-12T11:44:19.695+0800][info] GC(199)   Evacuate Collection Set: 1.2ms
[2024-10-12T11:44:19.695+0800][info] GC(199)   Post Evacuate Collection Set: 0.2ms
[2024-10-12T11:44:19.695+0800][info] GC(199)   Other: 0.2ms
[2024-10-12T11:44:19.695+0800][info] GC(199) Eden regions: 2->0(2)
[2024-10-12T11:44:19.695+0800][info] GC(199) Survivor regions: 1->1(1)
[2024-10-12T11:44:19.695+0800][info] GC(199) Old regions: 50->52
[2024-10-12T11:44:19.695+0800][info] GC(199) Archive regions: 2->2
[2024-10-12T11:44:19.695+0800][info] GC(199) Humongous regions: 3->3
[2024-10-12T11:44:19.695+0800][info] GC(199) Metaspace: 1621K(1792K)->1621K(1792K) NonClass: 1497K(1600K)->1497K(1600K) Class: 124K(192K)->124K(192K)
[2024-10-12T11:44:19.695+0800][info] GC(199) Pause Young (Prepare Mixed) (G1 Evacuation Pause) 112M->112M(128M) 1.884ms
[2024-10-12T11:44:19.695+0800][info] GC(199) User=0.00s Sys=0.00s Real=0.00s
[2024-10-12T11:44:19.756+0800][info] GC(200) Pause Young (Mixed) (G1 Preventive Collection)
[2024-10-12T11:44:19.756+0800][info] GC(200) Using 3 workers of 48 for evacuation
[2024-10-12T11:44:19.759+0800][info] GC(200)   Pre Evacuate Collection Set: 0.1ms
[2024-10-12T11:44:19.759+0800][info] GC(200)   Merge Heap Roots: 0.1ms
[2024-10-12T11:44:19.759+0800][info] GC(200)   Evacuate Collection Set: 1.8ms
[2024-10-12T11:44:19.759+0800][info] GC(200)   Post Evacuate Collection Set: 0.2ms
[2024-10-12T11:44:19.759+0800][info] GC(200)   Other: 0.2ms
[2024-10-12T11:44:19.759+0800][info] GC(200) Eden regions: 1->0(2)
[2024-10-12T11:44:19.759+0800][info] GC(200) Survivor regions: 1->1(1)
[2024-10-12T11:44:19.759+0800][info] GC(200) Old regions: 52->47
[2024-10-12T11:44:19.759+0800][info] GC(200) Archive regions: 2->2
[2024-10-12T11:44:19.759+0800][info] GC(200) Humongous regions: 3->3
[2024-10-12T11:44:19.759+0800][info] GC(200) Metaspace: 1621K(1792K)->1621K(1792K) NonClass: 1497K(1600K)->1497K(1600K) Class: 124K(192K)->124K(192K)
[2024-10-12T11:44:19.759+0800][info] GC(200) Pause Young (Mixed) (G1 Preventive Collection) 114M->103M(128M) 2.496ms
[2024-10-12T11:44:19.759+0800][info] GC(200) User=0.00s Sys=0.00s Real=0.00s
[2024-10-12T11:44:19.861+0800][info] GC(201) Pause Young (Mixed) (G1 Evacuation Pause)
[2024-10-12T11:44:19.861+0800][info] GC(201) Using 3 workers of 48 for evacuation
[2024-10-12T11:44:19.864+0800][info] GC(201)   Pre Evacuate Collection Set: 0.1ms
[2024-10-12T11:44:19.864+0800][info] GC(201)   Merge Heap Roots: 0.1ms
[2024-10-12T11:44:19.864+0800][info] GC(201)   Evacuate Collection Set: 2.2ms
[2024-10-12T11:44:19.864+0800][info] GC(201)   Post Evacuate Collection Set: 0.2ms
[2024-10-12T11:44:19.864+0800][info] GC(201)   Other: 0.2ms
[2024-10-12T11:44:19.864+0800][info] GC(201) Eden regions: 2->0(2)
[2024-10-12T11:44:19.864+0800][info] GC(201) Survivor regions: 1->1(1)
[2024-10-12T11:44:19.864+0800][info] GC(201) Old regions: 47->46
[2024-10-12T11:44:19.864+0800][info] GC(201) Archive regions: 2->2
[2024-10-12T11:44:19.864+0800][info] GC(201) Humongous regions: 3->3
[2024-10-12T11:44:19.864+0800][info] GC(201) Metaspace: 1621K(1792K)->1621K(1792K) NonClass: 1497K(1600K)->1497K(1600K) Class: 124K(192K)->124K(192K)
[2024-10-12T11:44:19.864+0800][info] GC(201) Pause Young (Mixed) (G1 Evacuation Pause) 107M->100M(128M) 2.902ms
[2024-10-12T11:44:19.864+0800][info] GC(201) User=0.01s Sys=0.00s Real=0.00s
[2024-10-12T11:44:19.966+0800][info] GC(202) Pause Young (Mixed) (G1 Evacuation Pause)
[2024-10-12T11:44:19.966+0800][info] GC(202) Using 3 workers of 48 for evacuation
[2024-10-12T11:44:19.970+0800][info] GC(202)   Pre Evacuate Collection Set: 0.1ms
[2024-10-12T11:44:19.970+0800][info] GC(202)   Merge Heap Roots: 0.1ms
[2024-10-12T11:44:19.970+0800][info] GC(202)   Evacuate Collection Set: 3.1ms
[2024-10-12T11:44:19.970+0800][info] GC(202)   Post Evacuate Collection Set: 0.2ms
[2024-10-12T11:44:19.970+0800][info] GC(202)   Other: 0.1ms
[2024-10-12T11:44:19.970+0800][info] GC(202) Eden regions: 2->0(2)
[2024-10-12T11:44:19.970+0800][info] GC(202) Survivor regions: 1->1(1)
[2024-10-12T11:44:19.970+0800][info] GC(202) Old regions: 46->45
[2024-10-12T11:44:19.970+0800][info] GC(202) Archive regions: 2->2
[2024-10-12T11:44:19.970+0800][info] GC(202) Humongous regions: 3->3
[2024-10-12T11:44:19.970+0800][info] GC(202) Metaspace: 1621K(1792K)->1621K(1792K) NonClass: 1497K(1600K)->1497K(1600K) Class: 124K(192K)->124K(192K)
[2024-10-12T11:44:19.970+0800][info] GC(202) Pause Young (Mixed) (G1 Evacuation Pause) 103M->98M(128M) 3.821ms
[2024-10-12T11:44:19.970+0800][info] GC(202) User=0.01s Sys=0.00s Real=0.00s
[2024-10-12T11:44:20.073+0800][info] GC(203) Pause Young (Mixed) (G1 Evacuation Pause)
[2024-10-12T11:44:20.073+0800][info] GC(203) Using 3 workers of 48 for evacuation
[2024-10-12T11:44:20.076+0800][info] GC(203)   Pre Evacuate Collection Set: 0.1ms
[2024-10-12T11:44:20.076+0800][info] GC(203)   Merge Heap Roots: 0.1ms
[2024-10-12T11:44:20.077+0800][info] GC(203)   Evacuate Collection Set: 3.3ms
[2024-10-12T11:44:20.077+0800][info] GC(203)   Post Evacuate Collection Set: 0.3ms
[2024-10-12T11:44:20.077+0800][info] GC(203)   Other: 0.1ms
[2024-10-12T11:44:20.077+0800][info] GC(203) Eden regions: 2->0(2)
[2024-10-12T11:44:20.077+0800][info] GC(203) Survivor regions: 1->1(1)
[2024-10-12T11:44:20.077+0800][info] GC(203) Old regions: 45->45
[2024-10-12T11:44:20.077+0800][info] GC(203) Archive regions: 2->2
[2024-10-12T11:44:20.077+0800][info] GC(203) Humongous regions: 3->3
[2024-10-12T11:44:20.077+0800][info] GC(203) Metaspace: 1621K(1792K)->1621K(1792K) NonClass: 1497K(1600K)->1497K(1600K) Class: 124K(192K)->124K(192K)
[2024-10-12T11:44:20.077+0800][info] GC(203) Pause Young (Mixed) (G1 Evacuation Pause) 102M->98M(128M) 3.981ms
[2024-10-12T11:44:20.077+0800][info] GC(203) User=0.02s Sys=0.00s Real=0.01s
[2024-10-12T11:44:20.179+0800][info] GC(204) Pause Young (Mixed) (G1 Evacuation Pause)
[2024-10-12T11:44:20.179+0800][info] GC(204) Using 3 workers of 48 for evacuation
[2024-10-12T11:44:20.183+0800][info] GC(204)   Pre Evacuate Collection Set: 0.1ms
[2024-10-12T11:44:20.183+0800][info] GC(204)   Merge Heap Roots: 0.1ms
[2024-10-12T11:44:20.183+0800][info] GC(204)   Evacuate Collection Set: 3.7ms
[2024-10-12T11:44:20.183+0800][info] GC(204)   Post Evacuate Collection Set: 0.3ms
[2024-10-12T11:44:20.183+0800][info] GC(204)   Other: 0.1ms
[2024-10-12T11:44:20.183+0800][info] GC(204) Eden regions: 2->0(2)
[2024-10-12T11:44:20.183+0800][info] GC(204) Survivor regions: 1->1(1)
[2024-10-12T11:44:20.183+0800][info] GC(204) Old regions: 45->44
[2024-10-12T11:44:20.183+0800][info] GC(204) Archive regions: 2->2
[2024-10-12T11:44:20.183+0800][info] GC(204) Humongous regions: 3->3
[2024-10-12T11:44:20.183+0800][info] GC(204) Metaspace: 1621K(1792K)->1621K(1792K) NonClass: 1497K(1600K)->1497K(1600K) Class: 124K(192K)->124K(192K)
[2024-10-12T11:44:20.183+0800][info] GC(204) Pause Young (Mixed) (G1 Evacuation Pause) 101M->96M(128M) 4.519ms
[2024-10-12T11:44:20.183+0800][info] GC(204) User=0.01s Sys=0.00s Real=0.00s
[2024-10-12T11:44:20.286+0800][info] GC(205) Pause Young (Mixed) (G1 Evacuation Pause)
[2024-10-12T11:44:20.286+0800][info] GC(205) Using 3 workers of 48 for evacuation
[2024-10-12T11:44:20.289+0800][info] GC(205)   Pre Evacuate Collection Set: 0.1ms
[2024-10-12T11:44:20.289+0800][info] GC(205)   Merge Heap Roots: 0.1ms
[2024-10-12T11:44:20.289+0800][info] GC(205)   Evacuate Collection Set: 2.1ms
[2024-10-12T11:44:20.289+0800][info] GC(205)   Post Evacuate Collection Set: 0.3ms
[2024-10-12T11:44:20.289+0800][info] GC(205)   Other: 0.1ms
[2024-10-12T11:44:20.289+0800][info] GC(205) Eden regions: 2->0(2)
[2024-10-12T11:44:20.289+0800][info] GC(205) Survivor regions: 1->1(1)
[2024-10-12T11:44:20.289+0800][info] GC(205) Old regions: 44->45
[2024-10-12T11:44:20.289+0800][info] GC(205) Archive regions: 2->2
[2024-10-12T11:44:20.289+0800][info] GC(205) Humongous regions: 3->3
[2024-10-12T11:44:20.289+0800][info] GC(205) Metaspace: 1621K(1792K)->1621K(1792K) NonClass: 1497K(1600K)->1497K(1600K) Class: 124K(192K)->124K(192K)
[2024-10-12T11:44:20.289+0800][info] GC(205) Pause Young (Mixed) (G1 Evacuation Pause) 100M->99M(128M) 2.852ms
[2024-10-12T11:44:20.289+0800][info] GC(205) User=0.00s Sys=0.00s Real=0.00s
[2024-10-12T11:44:20.391+0800][info] GC(206) Pause Young (Normal) (G1 Evacuation Pause)
[2024-10-12T11:44:20.391+0800][info] GC(206) Using 3 workers of 48 for evacuation
[2024-10-12T11:44:20.392+0800][info] GC(206)   Pre Evacuate Collection Set: 0.1ms
[2024-10-12T11:44:20.392+0800][info] GC(206)   Merge Heap Roots: 0.1ms
[2024-10-12T11:44:20.392+0800][info] GC(206)   Evacuate Collection Set: 0.7ms
[2024-10-12T11:44:20.392+0800][info] GC(206)   Post Evacuate Collection Set: 0.2ms
[2024-10-12T11:44:20.392+0800][info] GC(206)   Other: 0.2ms
[2024-10-12T11:44:20.392+0800][info] GC(206) Eden regions: 2->0(2)
[2024-10-12T11:44:20.392+0800][info] GC(206) Survivor regions: 1->1(1)
[2024-10-12T11:44:20.392+0800][info] GC(206) Old regions: 45->47
[2024-10-12T11:44:20.392+0800][info] GC(206) Archive regions: 2->2
[2024-10-12T11:44:20.392+0800][info] GC(206) Humongous regions: 3->3
[2024-10-12T11:44:20.392+0800][info] GC(206) Metaspace: 1621K(1792K)->1621K(1792K) NonClass: 1497K(1600K)->1497K(1600K) Class: 124K(192K)->124K(192K)
[2024-10-12T11:44:20.392+0800][info] GC(206) Pause Young (Normal) (G1 Evacuation Pause) 103M->102M(128M) 1.399ms
[2024-10-12T11:44:20.392+0800][info] GC(206) User=0.01s Sys=0.00s Real=0.00s
[2024-10-12T11:44:20.495+0800][info] GC(207) Pause Young (Normal) (G1 Evacuation Pause)
[2024-10-12T11:44:20.495+0800][info] GC(207) Using 3 workers of 48 for evacuation
[2024-10-12T11:44:20.496+0800][info] GC(207)   Pre Evacuate Collection Set: 0.1ms
[2024-10-12T11:44:20.496+0800][info] GC(207)   Merge Heap Roots: 0.1ms
[2024-10-12T11:44:20.496+0800][info] GC(207)   Evacuate Collection Set: 1.0ms
[2024-10-12T11:44:20.496+0800][info] GC(207)   Post Evacuate Collection Set: 0.2ms
[2024-10-12T11:44:20.497+0800][info] GC(207)   Other: 0.2ms
[2024-10-12T11:44:20.497+0800][info] GC(207) Eden regions: 2->0(2)
[2024-10-12T11:44:20.497+0800][info] GC(207) Survivor regions: 1->1(1)
[2024-10-12T11:44:20.497+0800][info] GC(207) Old regions: 47->49
[2024-10-12T11:44:20.497+0800][info] GC(207) Archive regions: 2->2
[2024-10-12T11:44:20.497+0800][info] GC(207) Humongous regions: 3->3
[2024-10-12T11:44:20.497+0800][info] GC(207) Metaspace: 1621K(1792K)->1621K(1792K) NonClass: 1497K(1600K)->1497K(1600K) Class: 124K(192K)->124K(192K)
[2024-10-12T11:44:20.497+0800][info] GC(207) Pause Young (Normal) (G1 Evacuation Pause) 106M->106M(128M) 1.719ms
[2024-10-12T11:44:20.497+0800][info] GC(207) User=0.00s Sys=0.00s Real=0.00s
[2024-10-12T11:44:20.599+0800][info] GC(208) Pause Young (Concurrent Start) (G1 Evacuation Pause)
[2024-10-12T11:44:20.599+0800][info] GC(208) Using 3 workers of 48 for evacuation
[2024-10-12T11:44:20.600+0800][info] GC(208)   Pre Evacuate Collection Set: 0.1ms
[2024-10-12T11:44:20.600+0800][info] GC(208)   Merge Heap Roots: 0.0ms
[2024-10-12T11:44:20.600+0800][info] GC(208)   Evacuate Collection Set: 0.9ms
[2024-10-12T11:44:20.600+0800][info] GC(208)   Post Evacuate Collection Set: 0.2ms
[2024-10-12T11:44:20.600+0800][info] GC(208)   Other: 0.3ms
[2024-10-12T11:44:20.600+0800][info] GC(208) Eden regions: 2->0(2)
[2024-10-12T11:44:20.600+0800][info] GC(208) Survivor regions: 1->1(1)
[2024-10-12T11:44:20.600+0800][info] GC(208) Old regions: 49->51
[2024-10-12T11:44:20.600+0800][info] GC(208) Archive regions: 2->2
[2024-10-12T11:44:20.600+0800][info] GC(208) Humongous regions: 3->3
[2024-10-12T11:44:20.600+0800][info] GC(208) Metaspace: 1621K(1792K)->1621K(1792K) NonClass: 1497K(1600K)->1497K(1600K) Class: 124K(192K)->124K(192K)
[2024-10-12T11:44:20.600+0800][info] GC(208) Pause Young (Concurrent Start) (G1 Evacuation Pause) 110M->110M(128M) 1.685ms
[2024-10-12T11:44:20.600+0800][info] GC(208) User=0.01s Sys=0.00s Real=0.00s
[2024-10-12T11:44:20.600+0800][info] GC(209) Concurrent Mark Cycle
[2024-10-12T11:44:20.600+0800][info] GC(209) Concurrent Clear Claimed Marks
[2024-10-12T11:44:20.601+0800][info] GC(209) Concurrent Clear Claimed Marks 0.016ms
[2024-10-12T11:44:20.601+0800][info] GC(209) Concurrent Scan Root Regions
[2024-10-12T11:44:20.601+0800][info] GC(209) Concurrent Scan Root Regions 0.163ms
[2024-10-12T11:44:20.601+0800][info] GC(209) Concurrent Mark
[2024-10-12T11:44:20.601+0800][info] GC(209) Concurrent Mark From Roots
[2024-10-12T11:44:20.601+0800][info] GC(209) Using 12 workers of 12 for marking
[2024-10-12T11:44:20.604+0800][info] GC(209) Concurrent Mark From Roots 3.174ms
[2024-10-12T11:44:20.604+0800][info] GC(209) Concurrent Preclean
[2024-10-12T11:44:20.606+0800][info] GC(209) Concurrent Preclean 1.695ms
[2024-10-12T11:44:20.606+0800][info] GC(209) Pause Remark
[2024-10-12T11:44:20.607+0800][info] GC(209) Pause Remark 111M->111M(128M) 1.591ms
[2024-10-12T11:44:20.607+0800][info] GC(209) User=0.00s Sys=0.00s Real=0.00s
[2024-10-12T11:44:20.608+0800][info] GC(209) Concurrent Mark 6.817ms
[2024-10-12T11:44:20.608+0800][info] GC(209) Concurrent Rebuild Remembered Sets
[2024-10-12T11:44:20.609+0800][info] GC(209) Concurrent Rebuild Remembered Sets 1.419ms
[2024-10-12T11:44:20.609+0800][info] GC(209) Pause Cleanup
[2024-10-12T11:44:20.609+0800][info] GC(209) Pause Cleanup 111M->111M(128M) 0.203ms
[2024-10-12T11:44:20.609+0800][info] GC(209) User=0.00s Sys=0.00s Real=0.00s
[2024-10-12T11:44:20.609+0800][info] GC(209) Concurrent Cleanup for Next Mark
[2024-10-12T11:44:20.610+0800][info] GC(209) Concurrent Cleanup for Next Mark 0.377ms
[2024-10-12T11:44:20.610+0800][info] GC(209) Concurrent Mark Cycle 9.331ms
[2024-10-12T11:44:20.755+0800][info] GC(210) Pause Young (Prepare Mixed) (G1 Preventive Collection)
[2024-10-12T11:44:20.755+0800][info] GC(210) Using 3 workers of 48 for evacuation
[2024-10-12T11:44:20.756+0800][info] GC(210)   Pre Evacuate Collection Set: 0.1ms
[2024-10-12T11:44:20.756+0800][info] GC(210)   Merge Heap Roots: 0.1ms
[2024-10-12T11:44:20.756+0800][info] GC(210)   Evacuate Collection Set: 0.9ms
[2024-10-12T11:44:20.756+0800][info] GC(210)   Post Evacuate Collection Set: 0.2ms
[2024-10-12T11:44:20.756+0800][info] GC(210)   Other: 0.2ms
[2024-10-12T11:44:20.756+0800][info] GC(210) Eden regions: 2->0(2)
[2024-10-12T11:44:20.756+0800][info] GC(210) Survivor regions: 1->1(1)
[2024-10-12T11:44:20.756+0800][info] GC(210) Old regions: 51->53
[2024-10-12T11:44:20.756+0800][info] GC(210) Archive regions: 2->2
[2024-10-12T11:44:20.756+0800][info] GC(210) Humongous regions: 4->3
[2024-10-12T11:44:20.756+0800][info] GC(210) Metaspace: 1621K(1792K)->1621K(1792K) NonClass: 1497K(1600K)->1497K(1600K) Class: 124K(192K)->124K(192K)
[2024-10-12T11:44:20.756+0800][info] GC(210) Pause Young (Prepare Mixed) (G1 Preventive Collection) 116M->114M(128M) 1.662ms
[2024-10-12T11:44:20.756+0800][info] GC(210) User=0.00s Sys=0.00s Real=0.00s
[2024-10-12T11:44:20.818+0800][info] GC(211) Pause Young (Mixed) (G1 Preventive Collection)
[2024-10-12T11:44:20.818+0800][info] GC(211) Using 3 workers of 48 for evacuation
[2024-10-12T11:44:20.820+0800][info] GC(211)   Pre Evacuate Collection Set: 0.2ms
[2024-10-12T11:44:20.820+0800][info] GC(211)   Merge Heap Roots: 0.1ms
[2024-10-12T11:44:20.820+0800][info] GC(211)   Evacuate Collection Set: 1.7ms
[2024-10-12T11:44:20.820+0800][info] GC(211)   Post Evacuate Collection Set: 0.2ms
[2024-10-12T11:44:20.820+0800][info] GC(211)   Other: 0.2ms
[2024-10-12T11:44:20.820+0800][info] GC(211) Eden regions: 1->0(2)
[2024-10-12T11:44:20.820+0800][info] GC(211) Survivor regions: 1->1(1)
[2024-10-12T11:44:20.820+0800][info] GC(211) Old regions: 53->48
[2024-10-12T11:44:20.820+0800][info] GC(211) Archive regions: 2->2
[2024-10-12T11:44:20.820+0800][info] GC(211) Humongous regions: 3->3
[2024-10-12T11:44:20.820+0800][info] GC(211) Metaspace: 1621K(1792K)->1621K(1792K) NonClass: 1497K(1600K)->1497K(1600K) Class: 124K(192K)->124K(192K)
[2024-10-12T11:44:20.820+0800][info] GC(211) Pause Young (Mixed) (G1 Preventive Collection) 116M->105M(128M) 2.393ms
[2024-10-12T11:44:20.820+0800][info] GC(211) User=0.00s Sys=0.00s Real=0.00s
[2024-10-12T11:44:20.922+0800][info] GC(212) Pause Young (Mixed) (G1 Evacuation Pause)
[2024-10-12T11:44:20.922+0800][info] GC(212) Using 3 workers of 48 for evacuation
[2024-10-12T11:44:20.925+0800][info] GC(212)   Pre Evacuate Collection Set: 0.2ms
[2024-10-12T11:44:20.925+0800][info] GC(212)   Merge Heap Roots: 0.1ms
[2024-10-12T11:44:20.925+0800][info] GC(212)   Evacuate Collection Set: 2.2ms
[2024-10-12T11:44:20.925+0800][info] GC(212)   Post Evacuate Collection Set: 0.2ms
[2024-10-12T11:44:20.925+0800][info] GC(212)   Other: 0.1ms
[2024-10-12T11:44:20.925+0800][info] GC(212) Eden regions: 2->0(2)
[2024-10-12T11:44:20.925+0800][info] GC(212) Survivor regions: 1->1(1)
[2024-10-12T11:44:20.925+0800][info] GC(212) Old regions: 48->46
[2024-10-12T11:44:20.925+0800][info] GC(212) Archive regions: 2->2
[2024-10-12T11:44:20.925+0800][info] GC(212) Humongous regions: 3->3
[2024-10-12T11:44:20.925+0800][info] GC(212) Metaspace: 1621K(1792K)->1621K(1792K) NonClass: 1497K(1600K)->1497K(1600K) Class: 124K(192K)->124K(192K)
[2024-10-12T11:44:20.925+0800][info] GC(212) Pause Young (Mixed) (G1 Evacuation Pause) 109M->101M(128M) 3.027ms
[2024-10-12T11:44:20.925+0800][info] GC(212) User=0.00s Sys=0.00s Real=0.01s
[2024-10-12T11:44:21.028+0800][info] GC(213) Pause Young (Mixed) (G1 Evacuation Pause)
[2024-10-12T11:44:21.028+0800][info] GC(213) Using 3 workers of 48 for evacuation
[2024-10-12T11:44:21.031+0800][info] GC(213)   Pre Evacuate Collection Set: 0.2ms
[2024-10-12T11:44:21.031+0800][info] GC(213)   Merge Heap Roots: 0.1ms
[2024-10-12T11:44:21.031+0800][info] GC(213)   Evacuate Collection Set: 2.6ms
[2024-10-12T11:44:21.031+0800][info] GC(213)   Post Evacuate Collection Set: 0.2ms
[2024-10-12T11:44:21.032+0800][info] GC(213)   Other: 0.1ms
[2024-10-12T11:44:21.032+0800][info] GC(213) Eden regions: 2->0(2)
[2024-10-12T11:44:21.032+0800][info] GC(213) Survivor regions: 1->1(1)
[2024-10-12T11:44:21.032+0800][info] GC(213) Old regions: 46->45
[2024-10-12T11:44:21.032+0800][info] GC(213) Archive regions: 2->2
[2024-10-12T11:44:21.032+0800][info] GC(213) Humongous regions: 3->3
[2024-10-12T11:44:21.032+0800][info] GC(213) Metaspace: 1621K(1792K)->1621K(1792K) NonClass: 1497K(1600K)->1497K(1600K) Class: 124K(192K)->124K(192K)
[2024-10-12T11:44:21.032+0800][info] GC(213) Pause Young (Mixed) (G1 Evacuation Pause) 104M->98M(128M) 3.383ms
[2024-10-12T11:44:21.032+0800][info] GC(213) User=0.01s Sys=0.00s Real=0.00s
[2024-10-12T11:44:21.134+0800][info] GC(214) Pause Young (Mixed) (G1 Evacuation Pause)
[2024-10-12T11:44:21.134+0800][info] GC(214) Using 3 workers of 48 for evacuation
[2024-10-12T11:44:21.138+0800][info] GC(214)   Pre Evacuate Collection Set: 0.2ms
[2024-10-12T11:44:21.138+0800][info] GC(214)   Merge Heap Roots: 0.1ms
[2024-10-12T11:44:21.138+0800][info] GC(214)   Evacuate Collection Set: 3.4ms
[2024-10-12T11:44:21.138+0800][info] GC(214)   Post Evacuate Collection Set: 0.3ms
[2024-10-12T11:44:21.138+0800][info] GC(214)   Other: 0.2ms
[2024-10-12T11:44:21.138+0800][info] GC(214) Eden regions: 2->0(2)
[2024-10-12T11:44:21.138+0800][info] GC(214) Survivor regions: 1->1(1)
[2024-10-12T11:44:21.138+0800][info] GC(214) Old regions: 45->44
[2024-10-12T11:44:21.138+0800][info] GC(214) Archive regions: 2->2
[2024-10-12T11:44:21.138+0800][info] GC(214) Humongous regions: 3->3
[2024-10-12T11:44:21.138+0800][info] GC(214) Metaspace: 1621K(1792K)->1621K(1792K) NonClass: 1497K(1600K)->1497K(1600K) Class: 124K(192K)->124K(192K)
[2024-10-12T11:44:21.138+0800][info] GC(214) Pause Young (Mixed) (G1 Evacuation Pause) 101M->96M(128M) 4.198ms
[2024-10-12T11:44:21.138+0800][info] GC(214) User=0.01s Sys=0.00s Real=0.00s
[2024-10-12T11:44:21.241+0800][info] GC(215) Pause Young (Mixed) (G1 Evacuation Pause)
[2024-10-12T11:44:21.241+0800][info] GC(215) Using 3 workers of 48 for evacuation
[2024-10-12T11:44:21.245+0800][info] GC(215)   Pre Evacuate Collection Set: 0.2ms
[2024-10-12T11:44:21.245+0800][info] GC(215)   Merge Heap Roots: 0.1ms
[2024-10-12T11:44:21.245+0800][info] GC(215)   Evacuate Collection Set: 3.9ms
[2024-10-12T11:44:21.245+0800][info] GC(215)   Post Evacuate Collection Set: 0.3ms
[2024-10-12T11:44:21.245+0800][info] GC(215)   Other: 0.1ms
[2024-10-12T11:44:21.245+0800][info] GC(215) Eden regions: 2->0(2)
[2024-10-12T11:44:21.245+0800][info] GC(215) Survivor regions: 1->1(1)
[2024-10-12T11:44:21.245+0800][info] GC(215) Old regions: 44->44
[2024-10-12T11:44:21.245+0800][info] GC(215) Archive regions: 2->2
[2024-10-12T11:44:21.245+0800][info] GC(215) Humongous regions: 3->3
[2024-10-12T11:44:21.245+0800][info] GC(215) Metaspace: 1621K(1792K)->1621K(1792K) NonClass: 1497K(1600K)->1497K(1600K) Class: 124K(192K)->124K(192K)
[2024-10-12T11:44:21.245+0800][info] GC(215) Pause Young (Mixed) (G1 Evacuation Pause) 99M->97M(128M) 4.679ms
[2024-10-12T11:44:21.245+0800][info] GC(215) User=0.01s Sys=0.01s Real=0.01s
[2024-10-12T11:44:21.347+0800][info] GC(216) Pause Young (Mixed) (G1 Evacuation Pause)
[2024-10-12T11:44:21.347+0800][info] GC(216) Using 3 workers of 48 for evacuation
[2024-10-12T11:44:21.350+0800][info] GC(216)   Pre Evacuate Collection Set: 0.2ms
[2024-10-12T11:44:21.350+0800][info] GC(216)   Merge Heap Roots: 0.1ms
[2024-10-12T11:44:21.350+0800][info] GC(216)   Evacuate Collection Set: 2.4ms
[2024-10-12T11:44:21.350+0800][info] GC(216)   Post Evacuate Collection Set: 0.2ms
[2024-10-12T11:44:21.350+0800][info] GC(216)   Other: 0.1ms
[2024-10-12T11:44:21.350+0800][info] GC(216) Eden regions: 2->0(2)
[2024-10-12T11:44:21.350+0800][info] GC(216) Survivor regions: 1->1(1)
[2024-10-12T11:44:21.350+0800][info] GC(216) Old regions: 44->46
[2024-10-12T11:44:21.350+0800][info] GC(216) Archive regions: 2->2
[2024-10-12T11:44:21.350+0800][info] GC(216) Humongous regions: 3->3
[2024-10-12T11:44:21.351+0800][info] GC(216) Metaspace: 1621K(1792K)->1621K(1792K) NonClass: 1497K(1600K)->1497K(1600K) Class: 124K(192K)->124K(192K)
[2024-10-12T11:44:21.351+0800][info] GC(216) Pause Young (Mixed) (G1 Evacuation Pause) 100M->100M(128M) 3.121ms
[2024-10-12T11:44:21.351+0800][info] GC(216) User=0.01s Sys=0.00s Real=0.00s
[2024-10-12T11:44:21.453+0800][info] GC(217) Pause Young (Normal) (G1 Evacuation Pause)
[2024-10-12T11:44:21.453+0800][info] GC(217) Using 3 workers of 48 for evacuation
[2024-10-12T11:44:21.455+0800][info] GC(217)   Pre Evacuate Collection Set: 0.1ms
[2024-10-12T11:44:21.455+0800][info] GC(217)   Merge Heap Roots: 0.1ms
[2024-10-12T11:44:21.455+0800][info] GC(217)   Evacuate Collection Set: 0.9ms
[2024-10-12T11:44:21.455+0800][info] GC(217)   Post Evacuate Collection Set: 0.2ms
[2024-10-12T11:44:21.455+0800][info] GC(217)   Other: 0.2ms
[2024-10-12T11:44:21.455+0800][info] GC(217) Eden regions: 2->0(2)
[2024-10-12T11:44:21.455+0800][info] GC(217) Survivor regions: 1->1(1)
[2024-10-12T11:44:21.455+0800][info] GC(217) Old regions: 46->47
[2024-10-12T11:44:21.455+0800][info] GC(217) Archive regions: 2->2
[2024-10-12T11:44:21.455+0800][info] GC(217) Humongous regions: 3->3
[2024-10-12T11:44:21.455+0800][info] GC(217) Metaspace: 1621K(1792K)->1621K(1792K) NonClass: 1497K(1600K)->1497K(1600K) Class: 124K(192K)->124K(192K)
[2024-10-12T11:44:21.455+0800][info] GC(217) Pause Young (Normal) (G1 Evacuation Pause) 103M->103M(128M) 1.597ms
[2024-10-12T11:44:21.455+0800][info] GC(217) User=0.00s Sys=0.00s Real=0.00s
[2024-10-12T11:44:21.557+0800][info] GC(218) Pause Young (Normal) (G1 Evacuation Pause)
[2024-10-12T11:44:21.557+0800][info] GC(218) Using 3 workers of 48 for evacuation
[2024-10-12T11:44:21.559+0800][info] GC(218)   Pre Evacuate Collection Set: 0.1ms
[2024-10-12T11:44:21.559+0800][info] GC(218)   Merge Heap Roots: 0.0ms
[2024-10-12T11:44:21.559+0800][info] GC(218)   Evacuate Collection Set: 1.0ms
[2024-10-12T11:44:21.559+0800][info] GC(218)   Post Evacuate Collection Set: 0.2ms
[2024-10-12T11:44:21.559+0800][info] GC(218)   Other: 0.2ms
[2024-10-12T11:44:21.559+0800][info] GC(218) Eden regions: 2->0(2)
[2024-10-12T11:44:21.559+0800][info] GC(218) Survivor regions: 1->1(1)
[2024-10-12T11:44:21.559+0800][info] GC(218) Old regions: 47->49
[2024-10-12T11:44:21.559+0800][info] GC(218) Archive regions: 2->2
[2024-10-12T11:44:21.559+0800][info] GC(218) Humongous regions: 3->3
[2024-10-12T11:44:21.559+0800][info] GC(218) Metaspace: 1621K(1792K)->1621K(1792K) NonClass: 1497K(1600K)->1497K(1600K) Class: 124K(192K)->124K(192K)
[2024-10-12T11:44:21.559+0800][info] GC(218) Pause Young (Normal) (G1 Evacuation Pause) 107M->107M(128M) 1.622ms
[2024-10-12T11:44:21.559+0800][info] GC(218) User=0.00s Sys=0.00s Real=0.00s
[2024-10-12T11:44:21.661+0800][info] GC(219) Pause Young (Concurrent Start) (G1 Evacuation Pause)
[2024-10-12T11:44:21.661+0800][info] GC(219) Using 3 workers of 48 for evacuation
[2024-10-12T11:44:21.663+0800][info] GC(219)   Pre Evacuate Collection Set: 0.1ms
[2024-10-12T11:44:21.663+0800][info] GC(219)   Merge Heap Roots: 0.1ms
[2024-10-12T11:44:21.663+0800][info] GC(219)   Evacuate Collection Set: 0.9ms
[2024-10-12T11:44:21.663+0800][info] GC(219)   Post Evacuate Collection Set: 0.2ms
[2024-10-12T11:44:21.663+0800][info] GC(219)   Other: 0.3ms
[2024-10-12T11:44:21.663+0800][info] GC(219) Eden regions: 2->0(2)
[2024-10-12T11:44:21.663+0800][info] GC(219) Survivor regions: 1->1(1)
[2024-10-12T11:44:21.663+0800][info] GC(219) Old regions: 49->51
[2024-10-12T11:44:21.663+0800][info] GC(219) Archive regions: 2->2
[2024-10-12T11:44:21.663+0800][info] GC(219) Humongous regions: 3->3
[2024-10-12T11:44:21.663+0800][info] GC(219) Metaspace: 1621K(1792K)->1621K(1792K) NonClass: 1497K(1600K)->1497K(1600K) Class: 124K(192K)->124K(192K)
[2024-10-12T11:44:21.663+0800][info] GC(219) Pause Young (Concurrent Start) (G1 Evacuation Pause) 111M->110M(128M) 1.742ms
[2024-10-12T11:44:21.663+0800][info] GC(219) User=0.01s Sys=0.00s Real=0.00s
[2024-10-12T11:44:21.663+0800][info] GC(220) Concurrent Mark Cycle
[2024-10-12T11:44:21.663+0800][info] GC(220) Concurrent Clear Claimed Marks
[2024-10-12T11:44:21.663+0800][info] GC(220) Concurrent Clear Claimed Marks 0.017ms
[2024-10-12T11:44:21.663+0800][info] GC(220) Concurrent Scan Root Regions
[2024-10-12T11:44:21.663+0800][info] GC(220) Concurrent Scan Root Regions 0.158ms
[2024-10-12T11:44:21.663+0800][info] GC(220) Concurrent Mark
[2024-10-12T11:44:21.663+0800][info] GC(220) Concurrent Mark From Roots
[2024-10-12T11:44:21.663+0800][info] GC(220) Using 12 workers of 12 for marking
[2024-10-12T11:44:21.667+0800][info] GC(220) Concurrent Mark From Roots 3.658ms
[2024-10-12T11:44:21.667+0800][info] GC(220) Concurrent Preclean
[2024-10-12T11:44:21.669+0800][info] GC(220) Concurrent Preclean 1.670ms
[2024-10-12T11:44:21.669+0800][info] GC(220) Pause Remark
[2024-10-12T11:44:21.670+0800][info] GC(220) Pause Remark 111M->111M(128M) 1.480ms
[2024-10-12T11:44:21.670+0800][info] GC(220) User=0.01s Sys=0.00s Real=0.00s
[2024-10-12T11:44:21.671+0800][info] GC(220) Concurrent Mark 7.056ms
[2024-10-12T11:44:21.671+0800][info] GC(220) Concurrent Rebuild Remembered Sets
[2024-10-12T11:44:21.672+0800][info] GC(220) Concurrent Rebuild Remembered Sets 1.532ms
[2024-10-12T11:44:21.672+0800][info] GC(220) Pause Cleanup
[2024-10-12T11:44:21.672+0800][info] GC(220) Pause Cleanup 111M->111M(128M) 0.207ms
[2024-10-12T11:44:21.672+0800][info] GC(220) User=0.00s Sys=0.00s Real=0.00s
[2024-10-12T11:44:21.673+0800][info] GC(220) Concurrent Cleanup for Next Mark
[2024-10-12T11:44:21.673+0800][info] GC(220) Concurrent Cleanup for Next Mark 0.384ms
[2024-10-12T11:44:21.673+0800][info] GC(220) Concurrent Mark Cycle 9.723ms
[2024-10-12T11:44:21.816+0800][info] GC(221) Pause Young (Prepare Mixed) (G1 Evacuation Pause)
[2024-10-12T11:44:21.816+0800][info] GC(221) Using 3 workers of 48 for evacuation
[2024-10-12T11:44:21.818+0800][info] GC(221)   Pre Evacuate Collection Set: 0.1ms
[2024-10-12T11:44:21.818+0800][info] GC(221)   Merge Heap Roots: 0.1ms
[2024-10-12T11:44:21.818+0800][info] GC(221)   Evacuate Collection Set: 1.1ms
[2024-10-12T11:44:21.818+0800][info] GC(221)   Post Evacuate Collection Set: 0.2ms
[2024-10-12T11:44:21.818+0800][info] GC(221)   Other: 0.2ms
[2024-10-12T11:44:21.818+0800][info] GC(221) Eden regions: 2->0(2)
[2024-10-12T11:44:21.818+0800][info] GC(221) Survivor regions: 1->1(1)
[2024-10-12T11:44:21.818+0800][info] GC(221) Old regions: 51->53
[2024-10-12T11:44:21.818+0800][info] GC(221) Archive regions: 2->2
[2024-10-12T11:44:21.818+0800][info] GC(221) Humongous regions: 3->3
[2024-10-12T11:44:21.818+0800][info] GC(221) Metaspace: 1621K(1792K)->1621K(1792K) NonClass: 1497K(1600K)->1497K(1600K) Class: 124K(192K)->124K(192K)
[2024-10-12T11:44:21.818+0800][info] GC(221) Pause Young (Prepare Mixed) (G1 Evacuation Pause) 114M->114M(128M) 1.836ms
[2024-10-12T11:44:21.818+0800][info] GC(221) User=0.01s Sys=0.00s Real=0.00s
[2024-10-12T11:44:21.880+0800][info] GC(222) Pause Young (Mixed) (G1 Preventive Collection)
[2024-10-12T11:44:21.880+0800][info] GC(222) Using 3 workers of 48 for evacuation
[2024-10-12T11:44:21.882+0800][info] GC(222)   Pre Evacuate Collection Set: 0.2ms
[2024-10-12T11:44:21.882+0800][info] GC(222)   Merge Heap Roots: 0.1ms
[2024-10-12T11:44:21.882+0800][info] GC(222)   Evacuate Collection Set: 1.4ms
[2024-10-12T11:44:21.882+0800][info] GC(222)   Post Evacuate Collection Set: 0.2ms
[2024-10-12T11:44:21.882+0800][info] GC(222)   Other: 0.2ms
[2024-10-12T11:44:21.882+0800][info] GC(222) Eden regions: 1->0(2)
[2024-10-12T11:44:21.882+0800][info] GC(222) Survivor regions: 1->1(1)
[2024-10-12T11:44:21.882+0800][info] GC(222) Old regions: 53->48
[2024-10-12T11:44:21.882+0800][info] GC(222) Archive regions: 2->2
[2024-10-12T11:44:21.882+0800][info] GC(222) Humongous regions: 3->3
[2024-10-12T11:44:21.882+0800][info] GC(222) Metaspace: 1621K(1792K)->1621K(1792K) NonClass: 1497K(1600K)->1497K(1600K) Class: 124K(192K)->124K(192K)
[2024-10-12T11:44:21.882+0800][info] GC(222) Pause Young (Mixed) (G1 Preventive Collection) 116M->105M(128M) 2.198ms
[2024-10-12T11:44:21.882+0800][info] GC(222) User=0.00s Sys=0.00s Real=0.00s
[2024-10-12T11:44:21.984+0800][info] GC(223) Pause Young (Mixed) (G1 Evacuation Pause)
[2024-10-12T11:44:21.984+0800][info] GC(223) Using 3 workers of 48 for evacuation
[2024-10-12T11:44:21.987+0800][info] GC(223)   Pre Evacuate Collection Set: 0.2ms
[2024-10-12T11:44:21.987+0800][info] GC(223)   Merge Heap Roots: 0.1ms
[2024-10-12T11:44:21.987+0800][info] GC(223)   Evacuate Collection Set: 2.2ms
[2024-10-12T11:44:21.987+0800][info] GC(223)   Post Evacuate Collection Set: 0.2ms
[2024-10-12T11:44:21.987+0800][info] GC(223)   Other: 0.1ms
[2024-10-12T11:44:21.987+0800][info] GC(223) Eden regions: 2->0(2)
[2024-10-12T11:44:21.987+0800][info] GC(223) Survivor regions: 1->1(1)
[2024-10-12T11:44:21.987+0800][info] GC(223) Old regions: 48->45
[2024-10-12T11:44:21.987+0800][info] GC(223) Archive regions: 2->2
[2024-10-12T11:44:21.987+0800][info] GC(223) Humongous regions: 3->3
[2024-10-12T11:44:21.987+0800][info] GC(223) Metaspace: 1621K(1792K)->1621K(1792K) NonClass: 1497K(1600K)->1497K(1600K) Class: 124K(192K)->124K(192K)
[2024-10-12T11:44:21.987+0800][info] GC(223) Pause Young (Mixed) (G1 Evacuation Pause) 108M->99M(128M) 2.992ms
[2024-10-12T11:44:21.987+0800][info] GC(223) User=0.00s Sys=0.00s Real=0.01s
[2024-10-12T11:44:22.090+0800][info] GC(224) Pause Young (Mixed) (G1 Evacuation Pause)
[2024-10-12T11:44:22.090+0800][info] GC(224) Using 3 workers of 48 for evacuation
[2024-10-12T11:44:22.094+0800][info] GC(224)   Pre Evacuate Collection Set: 0.2ms
[2024-10-12T11:44:22.094+0800][info] GC(224)   Merge Heap Roots: 0.1ms
[2024-10-12T11:44:22.094+0800][info] GC(224)   Evacuate Collection Set: 3.4ms
[2024-10-12T11:44:22.094+0800][info] GC(224)   Post Evacuate Collection Set: 0.3ms
[2024-10-12T11:44:22.094+0800][info] GC(224)   Other: 0.1ms
[2024-10-12T11:44:22.094+0800][info] GC(224) Eden regions: 2->0(2)
[2024-10-12T11:44:22.094+0800][info] GC(224) Survivor regions: 1->1(1)
[2024-10-12T11:44:22.094+0800][info] GC(224) Old regions: 45->44
[2024-10-12T11:44:22.094+0800][info] GC(224) Archive regions: 2->2
[2024-10-12T11:44:22.094+0800][info] GC(224) Humongous regions: 3->3
[2024-10-12T11:44:22.094+0800][info] GC(224) Metaspace: 1621K(1792K)->1621K(1792K) NonClass: 1497K(1600K)->1497K(1600K) Class: 124K(192K)->124K(192K)
[2024-10-12T11:44:22.094+0800][info] GC(224) Pause Young (Mixed) (G1 Evacuation Pause) 103M->97M(128M) 4.150ms
[2024-10-12T11:44:22.094+0800][info] GC(224) User=0.01s Sys=0.00s Real=0.01s
[2024-10-12T11:44:22.196+0800][info] GC(225) Pause Young (Mixed) (G1 Evacuation Pause)
[2024-10-12T11:44:22.196+0800][info] GC(225) Using 3 workers of 48 for evacuation
[2024-10-12T11:44:22.200+0800][info] GC(225)   Pre Evacuate Collection Set: 0.2ms
[2024-10-12T11:44:22.200+0800][info] GC(225)   Merge Heap Roots: 0.1ms
[2024-10-12T11:44:22.200+0800][info] GC(225)   Evacuate Collection Set: 3.0ms
[2024-10-12T11:44:22.200+0800][info] GC(225)   Post Evacuate Collection Set: 0.2ms
[2024-10-12T11:44:22.200+0800][info] GC(225)   Other: 0.2ms
[2024-10-12T11:44:22.200+0800][info] GC(225) Eden regions: 2->0(2)
[2024-10-12T11:44:22.200+0800][info] GC(225) Survivor regions: 1->1(1)
[2024-10-12T11:44:22.200+0800][info] GC(225) Old regions: 44->44
[2024-10-12T11:44:22.200+0800][info] GC(225) Archive regions: 2->2
[2024-10-12T11:44:22.200+0800][info] GC(225) Humongous regions: 3->3
[2024-10-12T11:44:22.200+0800][info] GC(225) Metaspace: 1621K(1792K)->1621K(1792K) NonClass: 1497K(1600K)->1497K(1600K) Class: 124K(192K)->124K(192K)
[2024-10-12T11:44:22.200+0800][info] GC(225) Pause Young (Mixed) (G1 Evacuation Pause) 100M->97M(128M) 3.724ms
[2024-10-12T11:44:22.200+0800][info] GC(225) User=0.01s Sys=0.00s Real=0.00s
[2024-10-12T11:44:22.303+0800][info] GC(226) Pause Young (Mixed) (G1 Evacuation Pause)
[2024-10-12T11:44:22.303+0800][info] GC(226) Using 3 workers of 48 for evacuation
[2024-10-12T11:44:22.306+0800][info] GC(226)   Pre Evacuate Collection Set: 0.2ms
[2024-10-12T11:44:22.306+0800][info] GC(226)   Merge Heap Roots: 0.1ms
[2024-10-12T11:44:22.306+0800][info] GC(226)   Evacuate Collection Set: 3.2ms
[2024-10-12T11:44:22.306+0800][info] GC(226)   Post Evacuate Collection Set: 0.2ms
[2024-10-12T11:44:22.306+0800][info] GC(226)   Other: 0.2ms
[2024-10-12T11:44:22.307+0800][info] GC(226) Eden regions: 2->0(2)
[2024-10-12T11:44:22.307+0800][info] GC(226) Survivor regions: 1->1(1)
[2024-10-12T11:44:22.307+0800][info] GC(226) Old regions: 44->44
[2024-10-12T11:44:22.307+0800][info] GC(226) Archive regions: 2->2
[2024-10-12T11:44:22.307+0800][info] GC(226) Humongous regions: 3->3
[2024-10-12T11:44:22.307+0800][info] GC(226) Metaspace: 1621K(1792K)->1621K(1792K) NonClass: 1497K(1600K)->1497K(1600K) Class: 124K(192K)->124K(192K)
[2024-10-12T11:44:22.307+0800][info] GC(226) Pause Young (Mixed) (G1 Evacuation Pause) 100M->96M(128M) 3.930ms
[2024-10-12T11:44:22.307+0800][info] GC(226) User=0.01s Sys=0.00s Real=0.01s
[2024-10-12T11:44:22.409+0800][info] GC(227) Pause Young (Normal) (G1 Evacuation Pause)
[2024-10-12T11:44:22.409+0800][info] GC(227) Using 3 workers of 48 for evacuation
[2024-10-12T11:44:22.410+0800][info] GC(227)   Pre Evacuate Collection Set: 0.1ms
[2024-10-12T11:44:22.410+0800][info] GC(227)   Merge Heap Roots: 0.1ms
[2024-10-12T11:44:22.410+0800][info] GC(227)   Evacuate Collection Set: 1.0ms
[2024-10-12T11:44:22.410+0800][info] GC(227)   Post Evacuate Collection Set: 0.2ms
[2024-10-12T11:44:22.410+0800][info] GC(227)   Other: 0.2ms
[2024-10-12T11:44:22.410+0800][info] GC(227) Eden regions: 2->0(2)
[2024-10-12T11:44:22.410+0800][info] GC(227) Survivor regions: 1->1(1)
[2024-10-12T11:44:22.410+0800][info] GC(227) Old regions: 44->45
[2024-10-12T11:44:22.410+0800][info] GC(227) Archive regions: 2->2
[2024-10-12T11:44:22.410+0800][info] GC(227) Humongous regions: 3->3
[2024-10-12T11:44:22.410+0800][info] GC(227) Metaspace: 1621K(1792K)->1621K(1792K) NonClass: 1497K(1600K)->1497K(1600K) Class: 124K(192K)->124K(192K)
[2024-10-12T11:44:22.410+0800][info] GC(227) Pause Young (Normal) (G1 Evacuation Pause) 99M->99M(128M) 1.778ms
[2024-10-12T11:44:22.411+0800][info] GC(227) User=0.01s Sys=0.00s Real=0.00s
[2024-10-12T11:44:22.513+0800][info] GC(228) Pause Young (Normal) (G1 Evacuation Pause)
[2024-10-12T11:44:22.513+0800][info] GC(228) Using 3 workers of 48 for evacuation
[2024-10-12T11:44:22.515+0800][info] GC(228)   Pre Evacuate Collection Set: 0.1ms
[2024-10-12T11:44:22.515+0800][info] GC(228)   Merge Heap Roots: 0.1ms
[2024-10-12T11:44:22.515+0800][info] GC(228)   Evacuate Collection Set: 0.8ms
[2024-10-12T11:44:22.515+0800][info] GC(228)   Post Evacuate Collection Set: 0.2ms
[2024-10-12T11:44:22.515+0800][info] GC(228)   Other: 0.2ms
[2024-10-12T11:44:22.515+0800][info] GC(228) Eden regions: 2->0(2)
[2024-10-12T11:44:22.515+0800][info] GC(228) Survivor regions: 1->1(1)
[2024-10-12T11:44:22.515+0800][info] GC(228) Old regions: 45->47
[2024-10-12T11:44:22.515+0800][info] GC(228) Archive regions: 2->2
[2024-10-12T11:44:22.515+0800][info] GC(228) Humongous regions: 3->3
[2024-10-12T11:44:22.515+0800][info] GC(228) Metaspace: 1622K(1792K)->1622K(1792K) NonClass: 1498K(1600K)->1498K(1600K) Class: 124K(192K)->124K(192K)
[2024-10-12T11:44:22.515+0800][info] GC(228) Pause Young (Normal) (G1 Evacuation Pause) 103M->103M(128M) 1.534ms
[2024-10-12T11:44:22.515+0800][info] GC(228) User=0.00s Sys=0.00s Real=0.00s
[2024-10-12T11:44:22.617+0800][info] GC(229) Pause Young (Concurrent Start) (G1 Evacuation Pause)
[2024-10-12T11:44:22.617+0800][info] GC(229) Using 3 workers of 48 for evacuation
[2024-10-12T11:44:22.619+0800][info] GC(229)   Pre Evacuate Collection Set: 0.1ms
[2024-10-12T11:44:22.619+0800][info] GC(229)   Merge Heap Roots: 0.1ms
[2024-10-12T11:44:22.619+0800][info] GC(229)   Evacuate Collection Set: 1.1ms
[2024-10-12T11:44:22.619+0800][info] GC(229)   Post Evacuate Collection Set: 0.2ms
[2024-10-12T11:44:22.619+0800][info] GC(229)   Other: 0.4ms
[2024-10-12T11:44:22.619+0800][info] GC(229) Eden regions: 2->0(2)
[2024-10-12T11:44:22.619+0800][info] GC(229) Survivor regions: 1->1(1)
[2024-10-12T11:44:22.619+0800][info] GC(229) Old regions: 47->49
[2024-10-12T11:44:22.619+0800][info] GC(229) Archive regions: 2->2
[2024-10-12T11:44:22.619+0800][info] GC(229) Humongous regions: 3->3
[2024-10-12T11:44:22.619+0800][info] GC(229) Metaspace: 1622K(1792K)->1622K(1792K) NonClass: 1498K(1600K)->1498K(1600K) Class: 124K(192K)->124K(192K)
[2024-10-12T11:44:22.619+0800][info] GC(229) Pause Young (Concurrent Start) (G1 Evacuation Pause) 106M->107M(128M) 2.007ms
[2024-10-12T11:44:22.619+0800][info] GC(229) User=0.01s Sys=0.00s Real=0.00s
[2024-10-12T11:44:22.619+0800][info] GC(230) Concurrent Mark Cycle
[2024-10-12T11:44:22.619+0800][info] GC(230) Concurrent Clear Claimed Marks
[2024-10-12T11:44:22.619+0800][info] GC(230) Concurrent Clear Claimed Marks 0.016ms
[2024-10-12T11:44:22.619+0800][info] GC(230) Concurrent Scan Root Regions
[2024-10-12T11:44:22.619+0800][info] GC(230) Concurrent Scan Root Regions 0.155ms
[2024-10-12T11:44:22.619+0800][info] GC(230) Concurrent Mark
[2024-10-12T11:44:22.619+0800][info] GC(230) Concurrent Mark From Roots
[2024-10-12T11:44:22.619+0800][info] GC(230) Using 12 workers of 12 for marking
[2024-10-12T11:44:22.623+0800][info] GC(230) Concurrent Mark From Roots 3.282ms
[2024-10-12T11:44:22.623+0800][info] GC(230) Concurrent Preclean
[2024-10-12T11:44:22.624+0800][info] GC(230) Concurrent Preclean 1.666ms
[2024-10-12T11:44:22.624+0800][info] GC(230) Pause Remark
[2024-10-12T11:44:22.626+0800][info] GC(230) Pause Remark 107M->107M(128M) 1.443ms
[2024-10-12T11:44:22.626+0800][info] GC(230) User=0.01s Sys=0.00s Real=0.01s
[2024-10-12T11:44:22.626+0800][info] GC(230) Concurrent Mark 6.577ms
[2024-10-12T11:44:22.626+0800][info] GC(230) Concurrent Rebuild Remembered Sets
[2024-10-12T11:44:22.627+0800][info] GC(230) Concurrent Rebuild Remembered Sets 1.416ms
[2024-10-12T11:44:22.627+0800][info] GC(230) Pause Cleanup
[2024-10-12T11:44:22.628+0800][info] GC(230) Pause Cleanup 107M->107M(128M) 0.250ms
[2024-10-12T11:44:22.628+0800][info] GC(230) User=0.00s Sys=0.00s Real=0.00s
[2024-10-12T11:44:22.628+0800][info] GC(230) Concurrent Cleanup for Next Mark
[2024-10-12T11:44:22.628+0800][info] GC(230) Concurrent Cleanup for Next Mark 0.372ms
[2024-10-12T11:44:22.628+0800][info] GC(230) Concurrent Mark Cycle 9.147ms
[2024-10-12T11:44:22.773+0800][info] GC(231) Pause Young (Prepare Mixed) (G1 Evacuation Pause)
[2024-10-12T11:44:22.773+0800][info] GC(231) Using 3 workers of 48 for evacuation
[2024-10-12T11:44:22.774+0800][info] GC(231)   Pre Evacuate Collection Set: 0.1ms
[2024-10-12T11:44:22.774+0800][info] GC(231)   Merge Heap Roots: 0.1ms
[2024-10-12T11:44:22.774+0800][info] GC(231)   Evacuate Collection Set: 1.0ms
[2024-10-12T11:44:22.774+0800][info] GC(231)   Post Evacuate Collection Set: 0.2ms
[2024-10-12T11:44:22.774+0800][info] GC(231)   Other: 0.2ms
[2024-10-12T11:44:22.774+0800][info] GC(231) Eden regions: 2->0(2)
[2024-10-12T11:44:22.775+0800][info] GC(231) Survivor regions: 1->1(1)
[2024-10-12T11:44:22.775+0800][info] GC(231) Old regions: 49->51
[2024-10-12T11:44:22.775+0800][info] GC(231) Archive regions: 2->2
[2024-10-12T11:44:22.775+0800][info] GC(231) Humongous regions: 3->3
[2024-10-12T11:44:22.775+0800][info] GC(231) Metaspace: 1632K(1792K)->1632K(1792K) NonClass: 1508K(1600K)->1508K(1600K) Class: 124K(192K)->124K(192K)
[2024-10-12T11:44:22.775+0800][info] GC(231) Pause Young (Prepare Mixed) (G1 Evacuation Pause) 111M->111M(128M) 1.764ms
[2024-10-12T11:44:22.775+0800][info] GC(231) User=0.00s Sys=0.00s Real=0.01s
[2024-10-12T11:44:22.836+0800][info] GC(232) Pause Young (Mixed) (G1 Preventive Collection)
[2024-10-12T11:44:22.836+0800][info] GC(232) Using 3 workers of 48 for evacuation
[2024-10-12T11:44:22.839+0800][info] GC(232)   Pre Evacuate Collection Set: 0.2ms
[2024-10-12T11:44:22.839+0800][info] GC(232)   Merge Heap Roots: 0.1ms
[2024-10-12T11:44:22.839+0800][info] GC(232)   Evacuate Collection Set: 2.0ms
[2024-10-12T11:44:22.839+0800][info] GC(232)   Post Evacuate Collection Set: 0.2ms
[2024-10-12T11:44:22.839+0800][info] GC(232)   Other: 0.2ms
[2024-10-12T11:44:22.839+0800][info] GC(232) Eden regions: 1->0(2)
[2024-10-12T11:44:22.839+0800][info] GC(232) Survivor regions: 1->1(1)
[2024-10-12T11:44:22.839+0800][info] GC(232) Old regions: 51->48
[2024-10-12T11:44:22.839+0800][info] GC(232) Archive regions: 2->2
[2024-10-12T11:44:22.839+0800][info] GC(232) Humongous regions: 3->3
[2024-10-12T11:44:22.839+0800][info] GC(232) Metaspace: 1632K(1792K)->1632K(1792K) NonClass: 1508K(1600K)->1508K(1600K) Class: 124K(192K)->124K(192K)
[2024-10-12T11:44:22.839+0800][info] GC(232) Pause Young (Mixed) (G1 Preventive Collection) 113M->104M(128M) 2.773ms
[2024-10-12T11:44:22.839+0800][info] GC(232) User=0.01s Sys=0.00s Real=0.00s
[2024-10-12T11:44:22.921+0800][info] GC(233) Pause Young (Mixed) (G1 Preventive Collection)
[2024-10-12T11:44:22.921+0800][info] GC(233) Using 3 workers of 48 for evacuation
[2024-10-12T11:44:22.924+0800][info] GC(233)   Pre Evacuate Collection Set: 0.2ms
[2024-10-12T11:44:22.924+0800][info] GC(233)   Merge Heap Roots: 0.1ms
[2024-10-12T11:44:22.924+0800][info] GC(233)   Evacuate Collection Set: 2.8ms
[2024-10-12T11:44:22.924+0800][info] GC(233)   Post Evacuate Collection Set: 0.2ms
[2024-10-12T11:44:22.924+0800][info] GC(233)   Other: 0.1ms
[2024-10-12T11:44:22.924+0800][info] GC(233) Eden regions: 2->0(2)
[2024-10-12T11:44:22.924+0800][info] GC(233) Survivor regions: 1->1(1)
[2024-10-12T11:44:22.924+0800][info] GC(233) Old regions: 48->46
[2024-10-12T11:44:22.924+0800][info] GC(233) Archive regions: 2->2
[2024-10-12T11:44:22.924+0800][info] GC(233) Humongous regions: 3->3
[2024-10-12T11:44:22.924+0800][info] GC(233) Metaspace: 1632K(1792K)->1632K(1792K) NonClass: 1508K(1600K)->1508K(1600K) Class: 124K(192K)->124K(192K)
[2024-10-12T11:44:22.925+0800][info] GC(233) Pause Young (Mixed) (G1 Preventive Collection) 107M->100M(128M) 3.601ms
[2024-10-12T11:44:22.925+0800][info] GC(233) User=0.00s Sys=0.00s Real=0.00s
[2024-10-12T11:44:23.048+0800][info] GC(234) Pause Young (Mixed) (G1 Preventive Collection)
[2024-10-12T11:44:23.048+0800][info] GC(234) Using 3 workers of 48 for evacuation
[2024-10-12T11:44:23.051+0800][info] GC(234)   Pre Evacuate Collection Set: 0.2ms
[2024-10-12T11:44:23.051+0800][info] GC(234)   Merge Heap Roots: 0.1ms
[2024-10-12T11:44:23.051+0800][info] GC(234)   Evacuate Collection Set: 3.0ms
[2024-10-12T11:44:23.051+0800][info] GC(234)   Post Evacuate Collection Set: 0.3ms
[2024-10-12T11:44:23.052+0800][info] GC(234)   Other: 0.1ms
[2024-10-12T11:44:23.052+0800][info] GC(234) Eden regions: 2->0(2)
[2024-10-12T11:44:23.052+0800][info] GC(234) Survivor regions: 1->1(1)
[2024-10-12T11:44:23.052+0800][info] GC(234) Old regions: 46->45
[2024-10-12T11:44:23.052+0800][info] GC(234) Archive regions: 2->2
[2024-10-12T11:44:23.052+0800][info] GC(234) Humongous regions: 4->3
[2024-10-12T11:44:23.052+0800][info] GC(234) Metaspace: 1632K(1792K)->1632K(1792K) NonClass: 1508K(1600K)->1508K(1600K) Class: 124K(192K)->124K(192K)
[2024-10-12T11:44:23.052+0800][info] GC(234) Pause Young (Mixed) (G1 Preventive Collection) 106M->99M(128M) 3.765ms
[2024-10-12T11:44:23.052+0800][info] GC(234) User=0.01s Sys=0.00s Real=0.00s
[2024-10-12T11:44:23.154+0800][info] GC(235) Pause Young (Mixed) (G1 Evacuation Pause)
[2024-10-12T11:44:23.154+0800][info] GC(235) Using 3 workers of 48 for evacuation
[2024-10-12T11:44:23.158+0800][info] GC(235)   Pre Evacuate Collection Set: 0.2ms
[2024-10-12T11:44:23.158+0800][info] GC(235)   Merge Heap Roots: 0.1ms
[2024-10-12T11:44:23.158+0800][info] GC(235)   Evacuate Collection Set: 3.2ms
[2024-10-12T11:44:23.158+0800][info] GC(235)   Post Evacuate Collection Set: 0.2ms
[2024-10-12T11:44:23.158+0800][info] GC(235)   Other: 0.1ms
[2024-10-12T11:44:23.158+0800][info] GC(235) Eden regions: 2->0(2)
[2024-10-12T11:44:23.158+0800][info] GC(235) Survivor regions: 1->1(1)
[2024-10-12T11:44:23.158+0800][info] GC(235) Old regions: 45->45
[2024-10-12T11:44:23.158+0800][info] GC(235) Archive regions: 2->2
[2024-10-12T11:44:23.158+0800][info] GC(235) Humongous regions: 3->3
[2024-10-12T11:44:23.158+0800][info] GC(235) Metaspace: 1632K(1792K)->1632K(1792K) NonClass: 1508K(1600K)->1508K(1600K) Class: 124K(192K)->124K(192K)
[2024-10-12T11:44:23.158+0800][info] GC(235) Pause Young (Mixed) (G1 Evacuation Pause) 103M->99M(128M) 3.946ms
[2024-10-12T11:44:23.158+0800][info] GC(235) User=0.01s Sys=0.00s Real=0.00s
[2024-10-12T11:44:23.260+0800][info] GC(236) Pause Young (Mixed) (G1 Evacuation Pause)
[2024-10-12T11:44:23.260+0800][info] GC(236) Using 3 workers of 48 for evacuation
[2024-10-12T11:44:23.265+0800][info] GC(236)   Pre Evacuate Collection Set: 0.2ms
[2024-10-12T11:44:23.265+0800][info] GC(236)   Merge Heap Roots: 0.1ms
[2024-10-12T11:44:23.265+0800][info] GC(236)   Evacuate Collection Set: 3.7ms
[2024-10-12T11:44:23.265+0800][info] GC(236)   Post Evacuate Collection Set: 0.3ms
[2024-10-12T11:44:23.265+0800][info] GC(236)   Other: 0.1ms
[2024-10-12T11:44:23.265+0800][info] GC(236) Eden regions: 2->0(2)
[2024-10-12T11:44:23.265+0800][info] GC(236) Survivor regions: 1->1(1)
[2024-10-12T11:44:23.265+0800][info] GC(236) Old regions: 45->44
[2024-10-12T11:44:23.265+0800][info] GC(236) Archive regions: 2->2
[2024-10-12T11:44:23.265+0800][info] GC(236) Humongous regions: 3->3
[2024-10-12T11:44:23.265+0800][info] GC(236) Metaspace: 1632K(1792K)->1632K(1792K) NonClass: 1508K(1600K)->1508K(1600K) Class: 124K(192K)->124K(192K)
[2024-10-12T11:44:23.265+0800][info] GC(236) Pause Young (Mixed) (G1 Evacuation Pause) 103M->97M(128M) 4.527ms
[2024-10-12T11:44:23.265+0800][info] GC(236) User=0.01s Sys=0.00s Real=0.00s
[2024-10-12T11:44:23.368+0800][info] GC(237) Pause Young (Mixed) (G1 Evacuation Pause)
[2024-10-12T11:44:23.368+0800][info] GC(237) Using 3 workers of 48 for evacuation
[2024-10-12T11:44:23.371+0800][info] GC(237)   Pre Evacuate Collection Set: 0.2ms
[2024-10-12T11:44:23.371+0800][info] GC(237)   Merge Heap Roots: 0.1ms
[2024-10-12T11:44:23.371+0800][info] GC(237)   Evacuate Collection Set: 2.4ms
[2024-10-12T11:44:23.371+0800][info] GC(237)   Post Evacuate Collection Set: 0.3ms
[2024-10-12T11:44:23.371+0800][info] GC(237)   Other: 0.1ms
[2024-10-12T11:44:23.371+0800][info] GC(237) Eden regions: 2->0(2)
[2024-10-12T11:44:23.371+0800][info] GC(237) Survivor regions: 1->1(1)
[2024-10-12T11:44:23.371+0800][info] GC(237) Old regions: 44->46
[2024-10-12T11:44:23.371+0800][info] GC(237) Archive regions: 2->2
[2024-10-12T11:44:23.371+0800][info] GC(237) Humongous regions: 3->3
[2024-10-12T11:44:23.371+0800][info] GC(237) Metaspace: 1632K(1792K)->1632K(1792K) NonClass: 1508K(1600K)->1508K(1600K) Class: 124K(192K)->124K(192K)
[2024-10-12T11:44:23.371+0800][info] GC(237) Pause Young (Mixed) (G1 Evacuation Pause) 100M->100M(128M) 3.166ms
[2024-10-12T11:44:23.371+0800][info] GC(237) User=0.01s Sys=0.00s Real=0.00s
[2024-10-12T11:44:23.473+0800][info] GC(238) Pause Young (Normal) (G1 Evacuation Pause)
[2024-10-12T11:44:23.473+0800][info] GC(238) Using 3 workers of 48 for evacuation
[2024-10-12T11:44:23.474+0800][info] GC(238)   Pre Evacuate Collection Set: 0.1ms
[2024-10-12T11:44:23.474+0800][info] GC(238)   Merge Heap Roots: 0.1ms
[2024-10-12T11:44:23.474+0800][info] GC(238)   Evacuate Collection Set: 0.9ms
[2024-10-12T11:44:23.474+0800][info] GC(238)   Post Evacuate Collection Set: 0.2ms
[2024-10-12T11:44:23.474+0800][info] GC(238)   Other: 0.2ms
[2024-10-12T11:44:23.474+0800][info] GC(238) Eden regions: 2->0(2)
[2024-10-12T11:44:23.474+0800][info] GC(238) Survivor regions: 1->1(1)
[2024-10-12T11:44:23.474+0800][info] GC(238) Old regions: 46->48
[2024-10-12T11:44:23.474+0800][info] GC(238) Archive regions: 2->2
[2024-10-12T11:44:23.474+0800][info] GC(238) Humongous regions: 3->3
[2024-10-12T11:44:23.474+0800][info] GC(238) Metaspace: 1632K(1792K)->1632K(1792K) NonClass: 1508K(1600K)->1508K(1600K) Class: 124K(192K)->124K(192K)
[2024-10-12T11:44:23.474+0800][info] GC(238) Pause Young (Normal) (G1 Evacuation Pause) 103M->104M(128M) 1.632ms
[2024-10-12T11:44:23.474+0800][info] GC(238) User=0.00s Sys=0.01s Real=0.01s
[2024-10-12T11:44:23.577+0800][info] GC(239) Pause Young (Normal) (G1 Evacuation Pause)
[2024-10-12T11:44:23.577+0800][info] GC(239) Using 3 workers of 48 for evacuation
[2024-10-12T11:44:23.578+0800][info] GC(239)   Pre Evacuate Collection Set: 0.1ms
[2024-10-12T11:44:23.578+0800][info] GC(239)   Merge Heap Roots: 0.1ms
[2024-10-12T11:44:23.578+0800][info] GC(239)   Evacuate Collection Set: 0.9ms
[2024-10-12T11:44:23.578+0800][info] GC(239)   Post Evacuate Collection Set: 0.2ms
[2024-10-12T11:44:23.578+0800][info] GC(239)   Other: 0.2ms
[2024-10-12T11:44:23.578+0800][info] GC(239) Eden regions: 2->0(2)
[2024-10-12T11:44:23.578+0800][info] GC(239) Survivor regions: 1->1(1)
[2024-10-12T11:44:23.579+0800][info] GC(239) Old regions: 48->50
[2024-10-12T11:44:23.579+0800][info] GC(239) Archive regions: 2->2
[2024-10-12T11:44:23.579+0800][info] GC(239) Humongous regions: 3->3
[2024-10-12T11:44:23.579+0800][info] GC(239) Metaspace: 1632K(1792K)->1632K(1792K) NonClass: 1508K(1600K)->1508K(1600K) Class: 124K(192K)->124K(192K)
[2024-10-12T11:44:23.579+0800][info] GC(239) Pause Young (Normal) (G1 Evacuation Pause) 107M->108M(128M) 1.636ms
[2024-10-12T11:44:23.579+0800][info] GC(239) User=0.00s Sys=0.00s Real=0.00s
[2024-10-12T11:44:23.681+0800][info] GC(240) Pause Young (Concurrent Start) (G1 Evacuation Pause)
[2024-10-12T11:44:23.681+0800][info] GC(240) Using 3 workers of 48 for evacuation
[2024-10-12T11:44:23.682+0800][info] GC(240)   Pre Evacuate Collection Set: 0.1ms
[2024-10-12T11:44:23.682+0800][info] GC(240)   Merge Heap Roots: 0.1ms
[2024-10-12T11:44:23.682+0800][info] GC(240)   Evacuate Collection Set: 0.8ms
[2024-10-12T11:44:23.682+0800][info] GC(240)   Post Evacuate Collection Set: 0.2ms
[2024-10-12T11:44:23.682+0800][info] GC(240)   Other: 0.4ms
[2024-10-12T11:44:23.682+0800][info] GC(240) Eden regions: 2->0(2)
[2024-10-12T11:44:23.682+0800][info] GC(240) Survivor regions: 1->1(1)
[2024-10-12T11:44:23.682+0800][info] GC(240) Old regions: 50->51
[2024-10-12T11:44:23.682+0800][info] GC(240) Archive regions: 2->2
[2024-10-12T11:44:23.682+0800][info] GC(240) Humongous regions: 3->3
[2024-10-12T11:44:23.682+0800][info] GC(240) Metaspace: 1632K(1792K)->1632K(1792K) NonClass: 1508K(1600K)->1508K(1600K) Class: 124K(192K)->124K(192K)
[2024-10-12T11:44:23.683+0800][info] GC(240) Pause Young (Concurrent Start) (G1 Evacuation Pause) 111M->111M(128M) 1.719ms
[2024-10-12T11:44:23.683+0800][info] GC(240) User=0.01s Sys=0.00s Real=0.00s
[2024-10-12T11:44:23.683+0800][info] GC(241) Concurrent Mark Cycle
[2024-10-12T11:44:23.683+0800][info] GC(241) Concurrent Clear Claimed Marks
[2024-10-12T11:44:23.683+0800][info] GC(241) Concurrent Clear Claimed Marks 0.017ms
[2024-10-12T11:44:23.683+0800][info] GC(241) Concurrent Scan Root Regions
[2024-10-12T11:44:23.683+0800][info] GC(241) Concurrent Scan Root Regions 0.163ms
[2024-10-12T11:44:23.683+0800][info] GC(241) Concurrent Mark
[2024-10-12T11:44:23.683+0800][info] GC(241) Concurrent Mark From Roots
[2024-10-12T11:44:23.683+0800][info] GC(241) Using 12 workers of 12 for marking
[2024-10-12T11:44:23.687+0800][info] GC(241) Concurrent Mark From Roots 4.303ms
[2024-10-12T11:44:23.687+0800][info] GC(241) Concurrent Preclean
[2024-10-12T11:44:23.689+0800][info] GC(241) Concurrent Preclean 1.674ms
[2024-10-12T11:44:23.689+0800][info] GC(241) Pause Remark
[2024-10-12T11:44:23.691+0800][info] GC(241) Pause Remark 111M->111M(128M) 1.609ms
[2024-10-12T11:44:23.691+0800][info] GC(241) User=0.00s Sys=0.00s Real=0.00s
[2024-10-12T11:44:23.691+0800][info] GC(241) Concurrent Mark 7.872ms
[2024-10-12T11:44:23.691+0800][info] GC(241) Concurrent Rebuild Remembered Sets
[2024-10-12T11:44:23.692+0800][info] GC(241) Concurrent Rebuild Remembered Sets 1.455ms
[2024-10-12T11:44:23.692+0800][info] GC(241) Pause Cleanup
[2024-10-12T11:44:23.693+0800][info] GC(241) Pause Cleanup 111M->111M(128M) 0.214ms
[2024-10-12T11:44:23.693+0800][info] GC(241) User=0.00s Sys=0.00s Real=0.00s
[2024-10-12T11:44:23.693+0800][info] GC(241) Concurrent Cleanup for Next Mark
[2024-10-12T11:44:23.693+0800][info] GC(241) Concurrent Cleanup for Next Mark 0.380ms
[2024-10-12T11:44:23.693+0800][info] GC(241) Concurrent Mark Cycle 10.390ms
[2024-10-12T11:44:23.836+0800][info] GC(242) Pause Young (Prepare Mixed) (G1 Evacuation Pause)
[2024-10-12T11:44:23.836+0800][info] GC(242) Using 3 workers of 48 for evacuation
[2024-10-12T11:44:23.838+0800][info] GC(242)   Pre Evacuate Collection Set: 0.1ms
[2024-10-12T11:44:23.838+0800][info] GC(242)   Merge Heap Roots: 0.1ms
[2024-10-12T11:44:23.838+0800][info] GC(242)   Evacuate Collection Set: 1.0ms
[2024-10-12T11:44:23.838+0800][info] GC(242)   Post Evacuate Collection Set: 0.2ms
[2024-10-12T11:44:23.838+0800][info] GC(242)   Other: 0.2ms
[2024-10-12T11:44:23.838+0800][info] GC(242) Eden regions: 2->0(2)
[2024-10-12T11:44:23.838+0800][info] GC(242) Survivor regions: 1->1(1)
[2024-10-12T11:44:23.838+0800][info] GC(242) Old regions: 51->53
[2024-10-12T11:44:23.838+0800][info] GC(242) Archive regions: 2->2
[2024-10-12T11:44:23.838+0800][info] GC(242) Humongous regions: 3->3
[2024-10-12T11:44:23.838+0800][info] GC(242) Metaspace: 1632K(1792K)->1632K(1792K) NonClass: 1508K(1600K)->1508K(1600K) Class: 124K(192K)->124K(192K)
[2024-10-12T11:44:23.838+0800][info] GC(242) Pause Young (Prepare Mixed) (G1 Evacuation Pause) 115M->115M(128M) 1.780ms
[2024-10-12T11:44:23.838+0800][info] GC(242) User=0.01s Sys=0.00s Real=0.00s
[2024-10-12T11:44:23.899+0800][info] GC(243) Pause Young (Mixed) (G1 Preventive Collection)
[2024-10-12T11:44:23.899+0800][info] GC(243) Using 3 workers of 48 for evacuation
[2024-10-12T11:44:23.902+0800][info] GC(243) To-space exhausted
[2024-10-12T11:44:23.902+0800][info] GC(243)   Pre Evacuate Collection Set: 0.2ms
[2024-10-12T11:44:23.902+0800][info] GC(243)   Merge Heap Roots: 0.1ms
[2024-10-12T11:44:23.902+0800][info] GC(243)   Evacuate Collection Set: 1.7ms
[2024-10-12T11:44:23.902+0800][info] GC(243)   Post Evacuate Collection Set: 0.4ms
[2024-10-12T11:44:23.902+0800][info] GC(243)   Other: 0.2ms
[2024-10-12T11:44:23.902+0800][info] GC(243) Eden regions: 1->0(2)
[2024-10-12T11:44:23.902+0800][info] GC(243) Survivor regions: 1->1(1)
[2024-10-12T11:44:23.902+0800][info] GC(243) Old regions: 53->52
[2024-10-12T11:44:23.902+0800][info] GC(243) Archive regions: 2->2
[2024-10-12T11:44:23.902+0800][info] GC(243) Humongous regions: 3->3
[2024-10-12T11:44:23.902+0800][info] GC(243) Metaspace: 1632K(1792K)->1632K(1792K) NonClass: 1508K(1600K)->1508K(1600K) Class: 124K(192K)->124K(192K)
[2024-10-12T11:44:23.902+0800][info] GC(243) Pause Young (Mixed) (G1 Preventive Collection) 117M->113M(128M) 2.548ms
[2024-10-12T11:44:23.902+0800][info] GC(243) User=0.00s Sys=0.00s Real=0.00s
[2024-10-12T11:44:23.943+0800][info] GC(244) Pause Young (Mixed) (G1 Preventive Collection)
[2024-10-12T11:44:23.943+0800][info] GC(244) Using 3 workers of 48 for evacuation
[2024-10-12T11:44:23.945+0800][info] GC(244) To-space exhausted
[2024-10-12T11:44:23.945+0800][info] GC(244)   Pre Evacuate Collection Set: 0.2ms
[2024-10-12T11:44:23.945+0800][info] GC(244)   Merge Heap Roots: 0.1ms
[2024-10-12T11:44:23.945+0800][info] GC(244)   Evacuate Collection Set: 1.8ms
[2024-10-12T11:44:23.945+0800][info] GC(244)   Post Evacuate Collection Set: 0.3ms
[2024-10-12T11:44:23.945+0800][info] GC(244)   Other: 0.2ms
[2024-10-12T11:44:23.945+0800][info] GC(244) Eden regions: 1->0(2)
[2024-10-12T11:44:23.945+0800][info] GC(244) Survivor regions: 1->1(1)
[2024-10-12T11:44:23.946+0800][info] GC(244) Old regions: 52->55
[2024-10-12T11:44:23.946+0800][info] GC(244) Archive regions: 2->2
[2024-10-12T11:44:23.946+0800][info] GC(244) Humongous regions: 3->3
[2024-10-12T11:44:23.946+0800][info] GC(244) Metaspace: 1632K(1792K)->1632K(1792K) NonClass: 1508K(1600K)->1508K(1600K) Class: 124K(192K)->124K(192K)
[2024-10-12T11:44:23.946+0800][info] GC(244) Pause Young (Mixed) (G1 Preventive Collection) 115M->119M(128M) 2.654ms
[2024-10-12T11:44:23.946+0800][info] GC(244) User=0.01s Sys=0.00s Real=0.01s
[2024-10-12T11:44:24.007+0800][info] GC(245) Pause Young (Mixed) (G1 Preventive Collection)
[2024-10-12T11:44:24.007+0800][info] GC(245) Using 3 workers of 48 for evacuation
[2024-10-12T11:44:24.009+0800][info] GC(245) To-space exhausted
[2024-10-12T11:44:24.009+0800][info] GC(245)   Pre Evacuate Collection Set: 0.2ms
[2024-10-12T11:44:24.009+0800][info] GC(245)   Merge Heap Roots: 0.1ms
[2024-10-12T11:44:24.009+0800][info] GC(245)   Evacuate Collection Set: 1.3ms
[2024-10-12T11:44:24.009+0800][info] GC(245)   Post Evacuate Collection Set: 0.7ms
[2024-10-12T11:44:24.009+0800][info] GC(245)   Other: 0.2ms
[2024-10-12T11:44:24.009+0800][info] GC(245) Eden regions: 1->0(2)
[2024-10-12T11:44:24.009+0800][info] GC(245) Survivor regions: 1->1(1)
[2024-10-12T11:44:24.009+0800][info] GC(245) Old regions: 55->57
[2024-10-12T11:44:24.009+0800][info] GC(245) Archive regions: 2->2
[2024-10-12T11:44:24.009+0800][info] GC(245) Humongous regions: 3->3
[2024-10-12T11:44:24.009+0800][info] GC(245) Metaspace: 1632K(1792K)->1632K(1792K) NonClass: 1508K(1600K)->1508K(1600K) Class: 124K(192K)->124K(192K)
[2024-10-12T11:44:24.009+0800][info] GC(245) Pause Young (Mixed) (G1 Preventive Collection) 121M->123M(128M) 2.510ms
[2024-10-12T11:44:24.009+0800][info] GC(245) User=0.00s Sys=0.00s Real=0.00s
[2024-10-12T11:44:24.051+0800][info] GC(246) Pause Young (Mixed) (G1 Evacuation Pause)
[2024-10-12T11:44:24.051+0800][info] GC(246) Using 3 workers of 48 for evacuation
[2024-10-12T11:44:24.053+0800][info] GC(246) To-space exhausted
[2024-10-12T11:44:24.053+0800][info] GC(246)   Pre Evacuate Collection Set: 0.2ms
[2024-10-12T11:44:24.053+0800][info] GC(246)   Merge Heap Roots: 0.1ms
[2024-10-12T11:44:24.053+0800][info] GC(246)   Evacuate Collection Set: 0.7ms
[2024-10-12T11:44:24.053+0800][info] GC(246)   Post Evacuate Collection Set: 0.4ms
[2024-10-12T11:44:24.053+0800][info] GC(246)   Other: 0.2ms
[2024-10-12T11:44:24.053+0800][info] GC(246) Eden regions: 1->0(3)
[2024-10-12T11:44:24.053+0800][info] GC(246) Survivor regions: 1->0(0)
[2024-10-12T11:44:24.053+0800][info] GC(246) Old regions: 57->59
[2024-10-12T11:44:24.053+0800][info] GC(246) Archive regions: 2->2
[2024-10-12T11:44:24.053+0800][info] GC(246) Humongous regions: 3->3
[2024-10-12T11:44:24.053+0800][info] GC(246) Metaspace: 1632K(1792K)->1632K(1792K) NonClass: 1508K(1600K)->1508K(1600K) Class: 124K(192K)->124K(192K)
[2024-10-12T11:44:24.053+0800][info] GC(246) Pause Young (Mixed) (G1 Evacuation Pause) 124M->124M(128M) 1.748ms
[2024-10-12T11:44:24.053+0800][info] GC(246) User=0.00s Sys=0.00s Real=0.00s
[2024-10-12T11:44:24.053+0800][info] Attempting full compaction
[2024-10-12T11:44:24.053+0800][info] GC(247) Using 3 workers of 48 for full compaction
[2024-10-12T11:44:24.053+0800][info] GC(247) Pause Full (G1 Compaction Pause)
[2024-10-12T11:44:24.053+0800][info] GC(247) Phase 1: Mark live objects
[2024-10-12T11:44:24.057+0800][info] GC(247) Phase 1: Mark live objects 3.711ms
[2024-10-12T11:44:24.057+0800][info] GC(247) Phase 2: Prepare for compaction
[2024-10-12T11:44:24.057+0800][info] GC(247) Phase 2: Prepare for compaction 0.689ms
[2024-10-12T11:44:24.057+0800][info] GC(247) Phase 3: Adjust pointers
[2024-10-12T11:44:24.059+0800][info] GC(247) Phase 3: Adjust pointers 1.752ms
[2024-10-12T11:44:24.059+0800][info] GC(247) Phase 4: Compact heap
[2024-10-12T11:44:24.072+0800][info] GC(247) Phase 4: Compact heap 12.573ms
[2024-10-12T11:44:24.073+0800][info] GC(247) Eden regions: 0->0(4)
[2024-10-12T11:44:24.073+0800][info] GC(247) Survivor regions: 0->0(0)
[2024-10-12T11:44:24.073+0800][info] GC(247) Old regions: 59->38
[2024-10-12T11:44:24.073+0800][info] GC(247) Archive regions: 2->2
[2024-10-12T11:44:24.073+0800][info] GC(247) Humongous regions: 3->3
[2024-10-12T11:44:24.073+0800][info] GC(247) Metaspace: 1632K(1792K)->1632K(1792K) NonClass: 1508K(1600K)->1508K(1600K) Class: 124K(192K)->124K(192K)
[2024-10-12T11:44:24.073+0800][info] GC(247) Pause Full (G1 Compaction Pause) 124M->72M(128M) 20.563ms
[2024-10-12T11:44:24.074+0800][info] GC(247) User=0.04s Sys=0.00s Real=0.03s
[2024-10-12T11:44:24.299+0800][info] GC(248) Pause Young (Normal) (G1 Evacuation Pause)
[2024-10-12T11:44:24.299+0800][info] GC(248) Using 3 workers of 48 for evacuation
[2024-10-12T11:44:24.301+0800][info] GC(248)   Pre Evacuate Collection Set: 0.1ms
[2024-10-12T11:44:24.301+0800][info] GC(248)   Merge Heap Roots: 0.1ms
[2024-10-12T11:44:24.301+0800][info] GC(248)   Evacuate Collection Set: 1.4ms
[2024-10-12T11:44:24.301+0800][info] GC(248)   Post Evacuate Collection Set: 0.2ms
[2024-10-12T11:44:24.301+0800][info] GC(248)   Other: 0.2ms
[2024-10-12T11:44:24.301+0800][info] GC(248) Eden regions: 4->0(2)
[2024-10-12T11:44:24.301+0800][info] GC(248) Survivor regions: 0->1(1)
[2024-10-12T11:44:24.301+0800][info] GC(248) Old regions: 38->42
[2024-10-12T11:44:24.301+0800][info] GC(248) Archive regions: 2->2
[2024-10-12T11:44:24.301+0800][info] GC(248) Humongous regions: 3->3
[2024-10-12T11:44:24.301+0800][info] GC(248) Metaspace: 1632K(1792K)->1632K(1792K) NonClass: 1508K(1600K)->1508K(1600K) Class: 124K(192K)->124K(192K)
[2024-10-12T11:44:24.301+0800][info] GC(248) Pause Young (Normal) (G1 Evacuation Pause) 80M->80M(128M) 2.126ms
[2024-10-12T11:44:24.301+0800][info] GC(248) User=0.00s Sys=0.00s Real=0.00s
[2024-10-12T11:44:24.403+0800][info] GC(249) Pause Young (Normal) (G1 Evacuation Pause)
[2024-10-12T11:44:24.403+0800][info] GC(249) Using 3 workers of 48 for evacuation
[2024-10-12T11:44:24.405+0800][info] GC(249)   Pre Evacuate Collection Set: 0.1ms
[2024-10-12T11:44:24.405+0800][info] GC(249)   Merge Heap Roots: 0.0ms
[2024-10-12T11:44:24.405+0800][info] GC(249)   Evacuate Collection Set: 1.3ms
[2024-10-12T11:44:24.405+0800][info] GC(249)   Post Evacuate Collection Set: 0.2ms
[2024-10-12T11:44:24.405+0800][info] GC(249)   Other: 0.2ms
[2024-10-12T11:44:24.405+0800][info] GC(249) Eden regions: 2->0(2)
[2024-10-12T11:44:24.405+0800][info] GC(249) Survivor regions: 1->1(1)
[2024-10-12T11:44:24.405+0800][info] GC(249) Old regions: 42->44
[2024-10-12T11:44:24.405+0800][info] GC(249) Archive regions: 2->2
[2024-10-12T11:44:24.405+0800][info] GC(249) Humongous regions: 3->3
[2024-10-12T11:44:24.405+0800][info] GC(249) Metaspace: 1632K(1792K)->1632K(1792K) NonClass: 1508K(1600K)->1508K(1600K) Class: 124K(192K)->124K(192K)
[2024-10-12T11:44:24.405+0800][info] GC(249) Pause Young (Normal) (G1 Evacuation Pause) 84M->84M(128M) 1.994ms
[2024-10-12T11:44:24.405+0800][info] GC(249) User=0.00s Sys=0.01s Real=0.00s
[2024-10-12T11:44:24.507+0800][info] GC(250) Pause Young (Normal) (G1 Evacuation Pause)
[2024-10-12T11:44:24.507+0800][info] GC(250) Using 3 workers of 48 for evacuation
[2024-10-12T11:44:24.509+0800][info] GC(250)   Pre Evacuate Collection Set: 0.1ms
[2024-10-12T11:44:24.509+0800][info] GC(250)   Merge Heap Roots: 0.0ms
[2024-10-12T11:44:24.509+0800][info] GC(250)   Evacuate Collection Set: 1.0ms
[2024-10-12T11:44:24.509+0800][info] GC(250)   Post Evacuate Collection Set: 0.2ms
[2024-10-12T11:44:24.509+0800][info] GC(250)   Other: 0.2ms
[2024-10-12T11:44:24.509+0800][info] GC(250) Eden regions: 2->0(2)
[2024-10-12T11:44:24.509+0800][info] GC(250) Survivor regions: 1->1(1)
[2024-10-12T11:44:24.509+0800][info] GC(250) Old regions: 44->46
[2024-10-12T11:44:24.509+0800][info] GC(250) Archive regions: 2->2
[2024-10-12T11:44:24.509+0800][info] GC(250) Humongous regions: 3->3
[2024-10-12T11:44:24.509+0800][info] GC(250) Metaspace: 1632K(1792K)->1632K(1792K) NonClass: 1508K(1600K)->1508K(1600K) Class: 124K(192K)->124K(192K)
[2024-10-12T11:44:24.509+0800][info] GC(250) Pause Young (Normal) (G1 Evacuation Pause) 88M->88M(128M) 1.616ms
[2024-10-12T11:44:24.509+0800][info] GC(250) User=0.00s Sys=0.00s Real=0.00s
[2024-10-12T11:44:24.611+0800][info] GC(251) Pause Young (Normal) (G1 Evacuation Pause)
[2024-10-12T11:44:24.611+0800][info] GC(251) Using 3 workers of 48 for evacuation
[2024-10-12T11:44:24.612+0800][info] GC(251)   Pre Evacuate Collection Set: 0.1ms
[2024-10-12T11:44:24.612+0800][info] GC(251)   Merge Heap Roots: 0.1ms
[2024-10-12T11:44:24.612+0800][info] GC(251)   Evacuate Collection Set: 0.9ms
[2024-10-12T11:44:24.612+0800][info] GC(251)   Post Evacuate Collection Set: 0.2ms
[2024-10-12T11:44:24.612+0800][info] GC(251)   Other: 0.2ms
[2024-10-12T11:44:24.612+0800][info] GC(251) Eden regions: 2->0(2)
[2024-10-12T11:44:24.612+0800][info] GC(251) Survivor regions: 1->1(1)
[2024-10-12T11:44:24.612+0800][info] GC(251) Old regions: 46->48
[2024-10-12T11:44:24.612+0800][info] GC(251) Archive regions: 2->2
[2024-10-12T11:44:24.612+0800][info] GC(251) Humongous regions: 3->3
[2024-10-12T11:44:24.612+0800][info] GC(251) Metaspace: 1632K(1792K)->1632K(1792K) NonClass: 1508K(1600K)->1508K(1600K) Class: 124K(192K)->124K(192K)
[2024-10-12T11:44:24.612+0800][info] GC(251) Pause Young (Normal) (G1 Evacuation Pause) 92M->93M(128M) 1.584ms
[2024-10-12T11:44:24.612+0800][info] GC(251) User=0.00s Sys=0.00s Real=0.00s
[2024-10-12T11:44:24.715+0800][info] GC(252) Pause Young (Concurrent Start) (G1 Evacuation Pause)
[2024-10-12T11:44:24.715+0800][info] GC(252) Using 3 workers of 48 for evacuation
[2024-10-12T11:44:24.717+0800][info] GC(252)   Pre Evacuate Collection Set: 0.1ms
[2024-10-12T11:44:24.717+0800][info] GC(252)   Merge Heap Roots: 0.1ms
[2024-10-12T11:44:24.717+0800][info] GC(252)   Evacuate Collection Set: 1.2ms
[2024-10-12T11:44:24.717+0800][info] GC(252)   Post Evacuate Collection Set: 0.2ms
[2024-10-12T11:44:24.717+0800][info] GC(252)   Other: 0.4ms
[2024-10-12T11:44:24.717+0800][info] GC(252) Eden regions: 2->0(2)
[2024-10-12T11:44:24.717+0800][info] GC(252) Survivor regions: 1->1(1)
[2024-10-12T11:44:24.717+0800][info] GC(252) Old regions: 48->50
[2024-10-12T11:44:24.717+0800][info] GC(252) Archive regions: 2->2
[2024-10-12T11:44:24.717+0800][info] GC(252) Humongous regions: 3->3
[2024-10-12T11:44:24.717+0800][info] GC(252) Metaspace: 1632K(1792K)->1632K(1792K) NonClass: 1508K(1600K)->1508K(1600K) Class: 124K(192K)->124K(192K)
[2024-10-12T11:44:24.717+0800][info] GC(252) Pause Young (Concurrent Start) (G1 Evacuation Pause) 96M->97M(128M) 2.060ms
[2024-10-12T11:44:24.717+0800][info] GC(252) User=0.00s Sys=0.00s Real=0.00s
[2024-10-12T11:44:24.717+0800][info] GC(253) Concurrent Mark Cycle
[2024-10-12T11:44:24.717+0800][info] GC(253) Concurrent Clear Claimed Marks
[2024-10-12T11:44:24.717+0800][info] GC(253) Concurrent Clear Claimed Marks 0.017ms
[2024-10-12T11:44:24.717+0800][info] GC(253) Concurrent Scan Root Regions
[2024-10-12T11:44:24.717+0800][info] GC(253) Concurrent Scan Root Regions 0.125ms
[2024-10-12T11:44:24.717+0800][info] GC(253) Concurrent Mark
[2024-10-12T11:44:24.717+0800][info] GC(253) Concurrent Mark From Roots
[2024-10-12T11:44:24.717+0800][info] GC(253) Using 12 workers of 12 for marking
[2024-10-12T11:44:24.721+0800][info] GC(253) Concurrent Mark From Roots 3.404ms
[2024-10-12T11:44:24.721+0800][info] GC(253) Concurrent Preclean
[2024-10-12T11:44:24.722+0800][info] GC(253) Concurrent Preclean 1.692ms
[2024-10-12T11:44:24.723+0800][info] GC(253) Pause Remark
[2024-10-12T11:44:24.724+0800][info] GC(253) Pause Remark 97M->97M(128M) 1.616ms
[2024-10-12T11:44:24.724+0800][info] GC(253) User=0.00s Sys=0.00s Real=0.00s
[2024-10-12T11:44:24.724+0800][info] GC(253) Concurrent Mark 7.048ms
[2024-10-12T11:44:24.724+0800][info] GC(253) Concurrent Rebuild Remembered Sets
[2024-10-12T11:44:24.726+0800][info] GC(253) Concurrent Rebuild Remembered Sets 1.412ms
[2024-10-12T11:44:24.726+0800][info] GC(253) Pause Cleanup
[2024-10-12T11:44:24.726+0800][info] GC(253) Pause Cleanup 97M->97M(128M) 0.243ms
[2024-10-12T11:44:24.726+0800][info] GC(253) User=0.00s Sys=0.00s Real=0.00s
[2024-10-12T11:44:24.726+0800][info] GC(253) Concurrent Cleanup for Next Mark
[2024-10-12T11:44:24.727+0800][info] GC(253) Concurrent Cleanup for Next Mark 0.358ms
[2024-10-12T11:44:24.727+0800][info] GC(253) Concurrent Mark Cycle 9.555ms
[2024-10-12T11:44:24.870+0800][info] GC(254) Pause Young (Prepare Mixed) (G1 Evacuation Pause)
[2024-10-12T11:44:24.870+0800][info] GC(254) Using 3 workers of 48 for evacuation
[2024-10-12T11:44:24.872+0800][info] GC(254)   Pre Evacuate Collection Set: 0.1ms
[2024-10-12T11:44:24.872+0800][info] GC(254)   Merge Heap Roots: 0.1ms
[2024-10-12T11:44:24.872+0800][info] GC(254)   Evacuate Collection Set: 1.0ms
[2024-10-12T11:44:24.872+0800][info] GC(254)   Post Evacuate Collection Set: 0.2ms
[2024-10-12T11:44:24.872+0800][info] GC(254)   Other: 0.2ms
[2024-10-12T11:44:24.872+0800][info] GC(254) Eden regions: 2->0(2)
[2024-10-12T11:44:24.872+0800][info] GC(254) Survivor regions: 1->1(1)
[2024-10-12T11:44:24.872+0800][info] GC(254) Old regions: 50->52
[2024-10-12T11:44:24.872+0800][info] GC(254) Archive regions: 2->2
[2024-10-12T11:44:24.872+0800][info] GC(254) Humongous regions: 3->3
[2024-10-12T11:44:24.872+0800][info] GC(254) Metaspace: 1632K(1792K)->1632K(1792K) NonClass: 1508K(1600K)->1508K(1600K) Class: 124K(192K)->124K(192K)
[2024-10-12T11:44:24.872+0800][info] GC(254) Pause Young (Prepare Mixed) (G1 Evacuation Pause) 100M->101M(128M) 1.745ms
[2024-10-12T11:44:24.872+0800][info] GC(254) User=0.00s Sys=0.00s Real=0.00s
[2024-10-12T11:44:24.933+0800][info] GC(255) Pause Young (Mixed) (G1 Preventive Collection)
[2024-10-12T11:44:24.933+0800][info] GC(255) Using 3 workers of 48 for evacuation
[2024-10-12T11:44:24.936+0800][info] GC(255)   Pre Evacuate Collection Set: 0.2ms
[2024-10-12T11:44:24.936+0800][info] GC(255)   Merge Heap Roots: 0.1ms
[2024-10-12T11:44:24.936+0800][info] GC(255)   Evacuate Collection Set: 1.7ms
[2024-10-12T11:44:24.936+0800][info] GC(255)   Post Evacuate Collection Set: 0.2ms
[2024-10-12T11:44:24.936+0800][info] GC(255)   Other: 0.2ms
[2024-10-12T11:44:24.936+0800][info] GC(255) Eden regions: 1->0(2)
[2024-10-12T11:44:24.936+0800][info] GC(255) Survivor regions: 1->1(1)
[2024-10-12T11:44:24.936+0800][info] GC(255) Old regions: 52->47
[2024-10-12T11:44:24.936+0800][info] GC(255) Archive regions: 2->2
[2024-10-12T11:44:24.936+0800][info] GC(255) Humongous regions: 3->3
[2024-10-12T11:44:24.936+0800][info] GC(255) Metaspace: 1632K(1792K)->1632K(1792K) NonClass: 1508K(1600K)->1508K(1600K) Class: 124K(192K)->124K(192K)
[2024-10-12T11:44:24.936+0800][info] GC(255) Pause Young (Mixed) (G1 Preventive Collection) 103M->95M(128M) 2.546ms
[2024-10-12T11:44:24.936+0800][info] GC(255) User=0.00s Sys=0.00s Real=0.00s
[2024-10-12T11:44:25.038+0800][info] GC(256) Pause Young (Mixed) (G1 Evacuation Pause)
[2024-10-12T11:44:25.038+0800][info] GC(256) Using 3 workers of 48 for evacuation
[2024-10-12T11:44:25.041+0800][info] GC(256)   Pre Evacuate Collection Set: 0.1ms
[2024-10-12T11:44:25.041+0800][info] GC(256)   Merge Heap Roots: 0.1ms
[2024-10-12T11:44:25.041+0800][info] GC(256)   Evacuate Collection Set: 2.5ms
[2024-10-12T11:44:25.041+0800][info] GC(256)   Post Evacuate Collection Set: 0.2ms
[2024-10-12T11:44:25.041+0800][info] GC(256)   Other: 0.1ms
[2024-10-12T11:44:25.041+0800][info] GC(256) Eden regions: 2->0(2)
[2024-10-12T11:44:25.041+0800][info] GC(256) Survivor regions: 1->1(1)
[2024-10-12T11:44:25.041+0800][info] GC(256) Old regions: 47->46
[2024-10-12T11:44:25.041+0800][info] GC(256) Archive regions: 2->2
[2024-10-12T11:44:25.041+0800][info] GC(256) Humongous regions: 3->3
[2024-10-12T11:44:25.041+0800][info] GC(256) Metaspace: 1632K(1792K)->1632K(1792K) NonClass: 1508K(1600K)->1508K(1600K) Class: 124K(192K)->124K(192K)
[2024-10-12T11:44:25.041+0800][info] GC(256) Pause Young (Mixed) (G1 Evacuation Pause) 99M->96M(128M) 3.224ms
[2024-10-12T11:44:25.041+0800][info] GC(256) User=0.01s Sys=0.00s Real=0.00s
[2024-10-12T11:44:25.144+0800][info] GC(257) Pause Young (Mixed) (G1 Evacuation Pause)
[2024-10-12T11:44:25.144+0800][info] GC(257) Using 3 workers of 48 for evacuation
[2024-10-12T11:44:25.147+0800][info] GC(257)   Pre Evacuate Collection Set: 0.1ms
[2024-10-12T11:44:25.147+0800][info] GC(257)   Merge Heap Roots: 0.1ms
[2024-10-12T11:44:25.147+0800][info] GC(257)   Evacuate Collection Set: 2.6ms
[2024-10-12T11:44:25.147+0800][info] GC(257)   Post Evacuate Collection Set: 0.2ms
[2024-10-12T11:44:25.147+0800][info] GC(257)   Other: 0.1ms
[2024-10-12T11:44:25.147+0800][info] GC(257) Eden regions: 2->0(2)
[2024-10-12T11:44:25.147+0800][info] GC(257) Survivor regions: 1->1(1)
[2024-10-12T11:44:25.147+0800][info] GC(257) Old regions: 46->46
[2024-10-12T11:44:25.147+0800][info] GC(257) Archive regions: 2->2
[2024-10-12T11:44:25.147+0800][info] GC(257) Humongous regions: 3->3
[2024-10-12T11:44:25.147+0800][info] GC(257) Metaspace: 1632K(1792K)->1632K(1792K) NonClass: 1508K(1600K)->1508K(1600K) Class: 124K(192K)->124K(192K)
[2024-10-12T11:44:25.147+0800][info] GC(257) Pause Young (Mixed) (G1 Evacuation Pause) 99M->97M(128M) 3.311ms
[2024-10-12T11:44:25.147+0800][info] GC(257) User=0.01s Sys=0.00s Real=0.01s
[2024-10-12T11:44:25.250+0800][info] GC(258) Pause Young (Mixed) (G1 Evacuation Pause)
[2024-10-12T11:44:25.250+0800][info] GC(258) Using 3 workers of 48 for evacuation
[2024-10-12T11:44:25.253+0800][info] GC(258)   Pre Evacuate Collection Set: 0.1ms
[2024-10-12T11:44:25.253+0800][info] GC(258)   Merge Heap Roots: 0.1ms
[2024-10-12T11:44:25.253+0800][info] GC(258)   Evacuate Collection Set: 3.2ms
[2024-10-12T11:44:25.253+0800][info] GC(258)   Post Evacuate Collection Set: 0.2ms
[2024-10-12T11:44:25.253+0800][info] GC(258)   Other: 0.1ms
[2024-10-12T11:44:25.253+0800][info] GC(258) Eden regions: 2->0(2)
[2024-10-12T11:44:25.254+0800][info] GC(258) Survivor regions: 1->1(1)
[2024-10-12T11:44:25.254+0800][info] GC(258) Old regions: 46->46
[2024-10-12T11:44:25.254+0800][info] GC(258) Archive regions: 2->2
[2024-10-12T11:44:25.254+0800][info] GC(258) Humongous regions: 4->3
[2024-10-12T11:44:25.254+0800][info] GC(258) Metaspace: 1632K(1792K)->1632K(1792K) NonClass: 1508K(1600K)->1508K(1600K) Class: 124K(192K)->124K(192K)
[2024-10-12T11:44:25.254+0800][info] GC(258) Pause Young (Mixed) (G1 Evacuation Pause) 102M->98M(128M) 3.891ms
[2024-10-12T11:44:25.254+0800][info] GC(258) User=0.01s Sys=0.01s Real=0.01s
[2024-10-12T11:44:25.356+0800][info] GC(259) Pause Young (Mixed) (G1 Evacuation Pause)
[2024-10-12T11:44:25.356+0800][info] GC(259) Using 3 workers of 48 for evacuation
[2024-10-12T11:44:25.361+0800][info] GC(259)   Pre Evacuate Collection Set: 0.1ms
[2024-10-12T11:44:25.361+0800][info] GC(259)   Merge Heap Roots: 0.1ms
[2024-10-12T11:44:25.361+0800][info] GC(259)   Evacuate Collection Set: 4.4ms
[2024-10-12T11:44:25.361+0800][info] GC(259)   Post Evacuate Collection Set: 0.3ms
[2024-10-12T11:44:25.361+0800][info] GC(259)   Other: 0.1ms
[2024-10-12T11:44:25.361+0800][info] GC(259) Eden regions: 2->0(2)
[2024-10-12T11:44:25.361+0800][info] GC(259) Survivor regions: 1->1(1)
[2024-10-12T11:44:25.361+0800][info] GC(259) Old regions: 46->45
[2024-10-12T11:44:25.361+0800][info] GC(259) Archive regions: 2->2
[2024-10-12T11:44:25.361+0800][info] GC(259) Humongous regions: 3->3
[2024-10-12T11:44:25.361+0800][info] GC(259) Metaspace: 1632K(1792K)->1632K(1792K) NonClass: 1508K(1600K)->1508K(1600K) Class: 124K(192K)->124K(192K)
[2024-10-12T11:44:25.361+0800][info] GC(259) Pause Young (Mixed) (G1 Evacuation Pause) 101M->98M(128M) 5.175ms
[2024-10-12T11:44:25.361+0800][info] GC(259) User=0.01s Sys=0.00s Real=0.00s
[2024-10-12T11:44:25.463+0800][info] GC(260) Pause Young (Normal) (G1 Evacuation Pause)
[2024-10-12T11:44:25.463+0800][info] GC(260) Using 3 workers of 48 for evacuation
[2024-10-12T11:44:25.465+0800][info] GC(260)   Pre Evacuate Collection Set: 0.1ms
[2024-10-12T11:44:25.465+0800][info] GC(260)   Merge Heap Roots: 0.1ms
[2024-10-12T11:44:25.465+0800][info] GC(260)   Evacuate Collection Set: 1.1ms
[2024-10-12T11:44:25.465+0800][info] GC(260)   Post Evacuate Collection Set: 0.2ms
[2024-10-12T11:44:25.465+0800][info] GC(260)   Other: 0.2ms
[2024-10-12T11:44:25.465+0800][info] GC(260) Eden regions: 2->0(2)
[2024-10-12T11:44:25.465+0800][info] GC(260) Survivor regions: 1->1(1)
[2024-10-12T11:44:25.465+0800][info] GC(260) Old regions: 45->47
[2024-10-12T11:44:25.465+0800][info] GC(260) Archive regions: 2->2
[2024-10-12T11:44:25.465+0800][info] GC(260) Humongous regions: 3->3
[2024-10-12T11:44:25.465+0800][info] GC(260) Metaspace: 1632K(1792K)->1632K(1792K) NonClass: 1508K(1600K)->1508K(1600K) Class: 124K(192K)->124K(192K)
[2024-10-12T11:44:25.465+0800][info] GC(260) Pause Young (Normal) (G1 Evacuation Pause) 102M->102M(128M) 1.788ms
[2024-10-12T11:44:25.465+0800][info] GC(260) User=0.00s Sys=0.00s Real=0.01s
[2024-10-12T11:44:25.567+0800][info] GC(261) Pause Young (Normal) (G1 Evacuation Pause)
[2024-10-12T11:44:25.567+0800][info] GC(261) Using 3 workers of 48 for evacuation
[2024-10-12T11:44:25.568+0800][info] GC(261)   Pre Evacuate Collection Set: 0.1ms
[2024-10-12T11:44:25.568+0800][info] GC(261)   Merge Heap Roots: 0.0ms
[2024-10-12T11:44:25.568+0800][info] GC(261)   Evacuate Collection Set: 0.7ms
[2024-10-12T11:44:25.568+0800][info] GC(261)   Post Evacuate Collection Set: 0.2ms
[2024-10-12T11:44:25.569+0800][info] GC(261)   Other: 0.2ms
[2024-10-12T11:44:25.569+0800][info] GC(261) Eden regions: 2->0(2)
[2024-10-12T11:44:25.569+0800][info] GC(261) Survivor regions: 1->1(1)
[2024-10-12T11:44:25.569+0800][info] GC(261) Old regions: 47->49
[2024-10-12T11:44:25.569+0800][info] GC(261) Archive regions: 2->2
[2024-10-12T11:44:25.569+0800][info] GC(261) Humongous regions: 3->3
[2024-10-12T11:44:25.569+0800][info] GC(261) Metaspace: 1632K(1792K)->1632K(1792K) NonClass: 1508K(1600K)->1508K(1600K) Class: 124K(192K)->124K(192K)
[2024-10-12T11:44:25.569+0800][info] GC(261) Pause Young (Normal) (G1 Evacuation Pause) 105M->105M(128M) 1.366ms
[2024-10-12T11:44:25.569+0800][info] GC(261) User=0.01s Sys=0.00s Real=0.00s
[2024-10-12T11:44:25.671+0800][info] GC(262) Pause Young (Concurrent Start) (G1 Evacuation Pause)
[2024-10-12T11:44:25.671+0800][info] GC(262) Using 3 workers of 48 for evacuation
[2024-10-12T11:44:25.673+0800][info] GC(262)   Pre Evacuate Collection Set: 0.1ms
[2024-10-12T11:44:25.673+0800][info] GC(262)   Merge Heap Roots: 0.1ms
[2024-10-12T11:44:25.673+0800][info] GC(262)   Evacuate Collection Set: 0.9ms
[2024-10-12T11:44:25.673+0800][info] GC(262)   Post Evacuate Collection Set: 0.2ms
[2024-10-12T11:44:25.673+0800][info] GC(262)   Other: 0.4ms
[2024-10-12T11:44:25.673+0800][info] GC(262) Eden regions: 2->0(2)
[2024-10-12T11:44:25.673+0800][info] GC(262) Survivor regions: 1->1(1)
[2024-10-12T11:44:25.673+0800][info] GC(262) Old regions: 49->51
[2024-10-12T11:44:25.673+0800][info] GC(262) Archive regions: 2->2
[2024-10-12T11:44:25.673+0800][info] GC(262) Humongous regions: 3->3
[2024-10-12T11:44:25.673+0800][info] GC(262) Metaspace: 1632K(1792K)->1632K(1792K) NonClass: 1508K(1600K)->1508K(1600K) Class: 124K(192K)->124K(192K)
[2024-10-12T11:44:25.673+0800][info] GC(262) Pause Young (Concurrent Start) (G1 Evacuation Pause) 109M->109M(128M) 1.635ms
[2024-10-12T11:44:25.673+0800][info] GC(262) User=0.00s Sys=0.00s Real=0.00s
[2024-10-12T11:44:25.673+0800][info] GC(263) Concurrent Mark Cycle
[2024-10-12T11:44:25.673+0800][info] GC(263) Concurrent Clear Claimed Marks
[2024-10-12T11:44:25.673+0800][info] GC(263) Concurrent Clear Claimed Marks 0.016ms
[2024-10-12T11:44:25.673+0800][info] GC(263) Concurrent Scan Root Regions
[2024-10-12T11:44:25.673+0800][info] GC(263) Concurrent Scan Root Regions 0.154ms
[2024-10-12T11:44:25.673+0800][info] GC(263) Concurrent Mark
[2024-10-12T11:44:25.673+0800][info] GC(263) Concurrent Mark From Roots
[2024-10-12T11:44:25.673+0800][info] GC(263) Using 12 workers of 12 for marking
[2024-10-12T11:44:25.676+0800][info] GC(263) Concurrent Mark From Roots 3.266ms
[2024-10-12T11:44:25.676+0800][info] GC(263) Concurrent Preclean
[2024-10-12T11:44:25.678+0800][info] GC(263) Concurrent Preclean 1.699ms
[2024-10-12T11:44:25.678+0800][info] GC(263) Pause Remark
[2024-10-12T11:44:25.680+0800][info] GC(263) Pause Remark 109M->107M(128M) 1.657ms
[2024-10-12T11:44:25.680+0800][info] GC(263) User=0.01s Sys=0.00s Real=0.00s
[2024-10-12T11:44:25.680+0800][info] GC(263) Concurrent Mark 6.981ms
[2024-10-12T11:44:25.680+0800][info] GC(263) Concurrent Rebuild Remembered Sets
[2024-10-12T11:44:25.681+0800][info] GC(263) Concurrent Rebuild Remembered Sets 1.134ms
[2024-10-12T11:44:25.681+0800][info] GC(263) Pause Cleanup
[2024-10-12T11:44:25.682+0800][info] GC(263) Pause Cleanup 107M->107M(128M) 0.232ms
[2024-10-12T11:44:25.682+0800][info] GC(263) User=0.00s Sys=0.00s Real=0.00s
[2024-10-12T11:44:25.682+0800][info] GC(263) Concurrent Cleanup for Next Mark
[2024-10-12T11:44:25.682+0800][info] GC(263) Concurrent Cleanup for Next Mark 0.382ms
[2024-10-12T11:44:25.682+0800][info] GC(263) Concurrent Mark Cycle 9.275ms
[2024-10-12T11:44:25.826+0800][info] GC(264) Pause Young (Prepare Mixed) (G1 Evacuation Pause)
[2024-10-12T11:44:25.826+0800][info] GC(264) Using 3 workers of 48 for evacuation
[2024-10-12T11:44:25.827+0800][info] GC(264)   Pre Evacuate Collection Set: 0.1ms
[2024-10-12T11:44:25.827+0800][info] GC(264)   Merge Heap Roots: 0.1ms
[2024-10-12T11:44:25.827+0800][info] GC(264)   Evacuate Collection Set: 1.0ms
[2024-10-12T11:44:25.827+0800][info] GC(264)   Post Evacuate Collection Set: 0.2ms
[2024-10-12T11:44:25.827+0800][info] GC(264)   Other: 0.2ms
[2024-10-12T11:44:25.827+0800][info] GC(264) Eden regions: 2->0(2)
[2024-10-12T11:44:25.827+0800][info] GC(264) Survivor regions: 1->1(1)
[2024-10-12T11:44:25.827+0800][info] GC(264) Old regions: 50->52
[2024-10-12T11:44:25.827+0800][info] GC(264) Archive regions: 2->2
[2024-10-12T11:44:25.827+0800][info] GC(264) Humongous regions: 3->3
[2024-10-12T11:44:25.827+0800][info] GC(264) Metaspace: 1632K(1792K)->1632K(1792K) NonClass: 1508K(1600K)->1508K(1600K) Class: 124K(192K)->124K(192K)
[2024-10-12T11:44:25.827+0800][info] GC(264) Pause Young (Prepare Mixed) (G1 Evacuation Pause) 110M->111M(128M) 1.716ms
[2024-10-12T11:44:25.827+0800][info] GC(264) User=0.01s Sys=0.00s Real=0.00s
[2024-10-12T11:44:25.889+0800][info] GC(265) Pause Young (Mixed) (G1 Preventive Collection)
[2024-10-12T11:44:25.889+0800][info] GC(265) Using 3 workers of 48 for evacuation
[2024-10-12T11:44:25.891+0800][info] GC(265)   Pre Evacuate Collection Set: 0.1ms
[2024-10-12T11:44:25.891+0800][info] GC(265)   Merge Heap Roots: 0.1ms
[2024-10-12T11:44:25.891+0800][info] GC(265)   Evacuate Collection Set: 1.6ms
[2024-10-12T11:44:25.891+0800][info] GC(265)   Post Evacuate Collection Set: 0.2ms
[2024-10-12T11:44:25.891+0800][info] GC(265)   Other: 0.2ms
[2024-10-12T11:44:25.891+0800][info] GC(265) Eden regions: 1->0(2)
[2024-10-12T11:44:25.891+0800][info] GC(265) Survivor regions: 1->1(1)
[2024-10-12T11:44:25.891+0800][info] GC(265) Old regions: 52->48
[2024-10-12T11:44:25.891+0800][info] GC(265) Archive regions: 2->2
[2024-10-12T11:44:25.891+0800][info] GC(265) Humongous regions: 3->3
[2024-10-12T11:44:25.891+0800][info] GC(265) Metaspace: 1633K(1792K)->1633K(1792K) NonClass: 1509K(1600K)->1509K(1600K) Class: 124K(192K)->124K(192K)
[2024-10-12T11:44:25.892+0800][info] GC(265) Pause Young (Mixed) (G1 Preventive Collection) 113M->103M(128M) 2.389ms
[2024-10-12T11:44:25.892+0800][info] GC(265) User=0.00s Sys=0.00s Real=0.00s
[2024-10-12T11:44:25.994+0800][info] GC(266) Pause Young (Mixed) (G1 Evacuation Pause)
[2024-10-12T11:44:25.994+0800][info] GC(266) Using 3 workers of 48 for evacuation
[2024-10-12T11:44:25.997+0800][info] GC(266)   Pre Evacuate Collection Set: 0.1ms
[2024-10-12T11:44:25.997+0800][info] GC(266)   Merge Heap Roots: 0.1ms
[2024-10-12T11:44:25.997+0800][info] GC(266)   Evacuate Collection Set: 2.4ms
[2024-10-12T11:44:25.997+0800][info] GC(266)   Post Evacuate Collection Set: 0.2ms
[2024-10-12T11:44:25.997+0800][info] GC(266)   Other: 0.1ms
[2024-10-12T11:44:25.997+0800][info] GC(266) Eden regions: 2->0(2)
[2024-10-12T11:44:25.997+0800][info] GC(266) Survivor regions: 1->1(1)
[2024-10-12T11:44:25.997+0800][info] GC(266) Old regions: 48->46
[2024-10-12T11:44:25.997+0800][info] GC(266) Archive regions: 2->2
[2024-10-12T11:44:25.997+0800][info] GC(266) Humongous regions: 3->3
[2024-10-12T11:44:25.997+0800][info] GC(266) Metaspace: 1633K(1792K)->1633K(1792K) NonClass: 1509K(1600K)->1509K(1600K) Class: 124K(192K)->124K(192K)
[2024-10-12T11:44:25.997+0800][info] GC(266) Pause Young (Mixed) (G1 Evacuation Pause) 107M->100M(128M) 3.083ms
[2024-10-12T11:44:25.997+0800][info] GC(266) User=0.01s Sys=0.00s Real=0.00s
[2024-10-12T11:44:26.099+0800][info] GC(267) Pause Young (Mixed) (G1 Evacuation Pause)
[2024-10-12T11:44:26.099+0800][info] GC(267) Using 3 workers of 48 for evacuation
[2024-10-12T11:44:26.102+0800][info] GC(267)   Pre Evacuate Collection Set: 0.1ms
[2024-10-12T11:44:26.102+0800][info] GC(267)   Merge Heap Roots: 0.1ms
[2024-10-12T11:44:26.102+0800][info] GC(267)   Evacuate Collection Set: 2.5ms
[2024-10-12T11:44:26.102+0800][info] GC(267)   Post Evacuate Collection Set: 0.3ms
[2024-10-12T11:44:26.102+0800][info] GC(267)   Other: 0.1ms
[2024-10-12T11:44:26.102+0800][info] GC(267) Eden regions: 2->0(2)
[2024-10-12T11:44:26.102+0800][info] GC(267) Survivor regions: 1->1(1)
[2024-10-12T11:44:26.102+0800][info] GC(267) Old regions: 46->45
[2024-10-12T11:44:26.102+0800][info] GC(267) Archive regions: 2->2
[2024-10-12T11:44:26.102+0800][info] GC(267) Humongous regions: 3->3
[2024-10-12T11:44:26.102+0800][info] GC(267) Metaspace: 1633K(1792K)->1633K(1792K) NonClass: 1509K(1600K)->1509K(1600K) Class: 124K(192K)->124K(192K)
[2024-10-12T11:44:26.102+0800][info] GC(267) Pause Young (Mixed) (G1 Evacuation Pause) 104M->98M(128M) 3.255ms
[2024-10-12T11:44:26.102+0800][info] GC(267) User=0.01s Sys=0.00s Real=0.00s
[2024-10-12T11:44:26.204+0800][info] GC(268) Pause Young (Mixed) (G1 Evacuation Pause)
[2024-10-12T11:44:26.204+0800][info] GC(268) Using 3 workers of 48 for evacuation
[2024-10-12T11:44:26.208+0800][info] GC(268)   Pre Evacuate Collection Set: 0.1ms
[2024-10-12T11:44:26.208+0800][info] GC(268)   Merge Heap Roots: 0.1ms
[2024-10-12T11:44:26.208+0800][info] GC(268)   Evacuate Collection Set: 3.0ms
[2024-10-12T11:44:26.208+0800][info] GC(268)   Post Evacuate Collection Set: 0.2ms
[2024-10-12T11:44:26.208+0800][info] GC(268)   Other: 0.1ms
[2024-10-12T11:44:26.208+0800][info] GC(268) Eden regions: 2->0(2)
[2024-10-12T11:44:26.208+0800][info] GC(268) Survivor regions: 1->1(1)
[2024-10-12T11:44:26.208+0800][info] GC(268) Old regions: 45->44
[2024-10-12T11:44:26.208+0800][info] GC(268) Archive regions: 2->2
[2024-10-12T11:44:26.208+0800][info] GC(268) Humongous regions: 3->3
[2024-10-12T11:44:26.208+0800][info] GC(268) Metaspace: 1633K(1792K)->1633K(1792K) NonClass: 1509K(1600K)->1509K(1600K) Class: 124K(192K)->124K(192K)
[2024-10-12T11:44:26.208+0800][info] GC(268) Pause Young (Mixed) (G1 Evacuation Pause) 102M->96M(128M) 3.704ms
[2024-10-12T11:44:26.208+0800][info] GC(268) User=0.01s Sys=0.01s Real=0.01s
[2024-10-12T11:44:26.310+0800][info] GC(269) Pause Young (Mixed) (G1 Evacuation Pause)
[2024-10-12T11:44:26.310+0800][info] GC(269) Using 3 workers of 48 for evacuation
[2024-10-12T11:44:26.314+0800][info] GC(269)   Pre Evacuate Collection Set: 0.1ms
[2024-10-12T11:44:26.314+0800][info] GC(269)   Merge Heap Roots: 0.1ms
[2024-10-12T11:44:26.314+0800][info] GC(269)   Evacuate Collection Set: 3.2ms
[2024-10-12T11:44:26.314+0800][info] GC(269)   Post Evacuate Collection Set: 0.2ms
[2024-10-12T11:44:26.314+0800][info] GC(269)   Other: 0.2ms
[2024-10-12T11:44:26.314+0800][info] GC(269) Eden regions: 2->0(2)
[2024-10-12T11:44:26.314+0800][info] GC(269) Survivor regions: 1->1(1)
[2024-10-12T11:44:26.314+0800][info] GC(269) Old regions: 44->44
[2024-10-12T11:44:26.314+0800][info] GC(269) Archive regions: 2->2
[2024-10-12T11:44:26.314+0800][info] GC(269) Humongous regions: 3->3
[2024-10-12T11:44:26.314+0800][info] GC(269) Metaspace: 1633K(1792K)->1633K(1792K) NonClass: 1509K(1600K)->1509K(1600K) Class: 124K(192K)->124K(192K)
[2024-10-12T11:44:26.314+0800][info] GC(269) Pause Young (Mixed) (G1 Evacuation Pause) 100M->97M(128M) 3.980ms
[2024-10-12T11:44:26.314+0800][info] GC(269) User=0.01s Sys=0.00s Real=0.01s
[2024-10-12T11:44:26.417+0800][info] GC(270) Pause Young (Normal) (G1 Evacuation Pause)
[2024-10-12T11:44:26.417+0800][info] GC(270) Using 3 workers of 48 for evacuation
[2024-10-12T11:44:26.418+0800][info] GC(270)   Pre Evacuate Collection Set: 0.1ms
[2024-10-12T11:44:26.418+0800][info] GC(270)   Merge Heap Roots: 0.1ms
[2024-10-12T11:44:26.418+0800][info] GC(270)   Evacuate Collection Set: 0.9ms
[2024-10-12T11:44:26.418+0800][info] GC(270)   Post Evacuate Collection Set: 0.2ms
[2024-10-12T11:44:26.418+0800][info] GC(270)   Other: 0.2ms
[2024-10-12T11:44:26.418+0800][info] GC(270) Eden regions: 2->0(2)
[2024-10-12T11:44:26.418+0800][info] GC(270) Survivor regions: 1->1(1)
[2024-10-12T11:44:26.418+0800][info] GC(270) Old regions: 44->46
[2024-10-12T11:44:26.418+0800][info] GC(270) Archive regions: 2->2
[2024-10-12T11:44:26.418+0800][info] GC(270) Humongous regions: 3->3
[2024-10-12T11:44:26.418+0800][info] GC(270) Metaspace: 1633K(1792K)->1633K(1792K) NonClass: 1509K(1600K)->1509K(1600K) Class: 124K(192K)->124K(192K)
[2024-10-12T11:44:26.418+0800][info] GC(270) Pause Young (Normal) (G1 Evacuation Pause) 100M->100M(128M) 1.539ms
[2024-10-12T11:44:26.418+0800][info] GC(270) User=0.00s Sys=0.00s Real=0.00s
[2024-10-12T11:44:26.521+0800][info] GC(271) Pause Young (Normal) (G1 Evacuation Pause)
[2024-10-12T11:44:26.521+0800][info] GC(271) Using 3 workers of 48 for evacuation
[2024-10-12T11:44:26.522+0800][info] GC(271)   Pre Evacuate Collection Set: 0.1ms
[2024-10-12T11:44:26.522+0800][info] GC(271)   Merge Heap Roots: 0.1ms
[2024-10-12T11:44:26.522+0800][info] GC(271)   Evacuate Collection Set: 1.1ms
[2024-10-12T11:44:26.522+0800][info] GC(271)   Post Evacuate Collection Set: 0.2ms
[2024-10-12T11:44:26.522+0800][info] GC(271)   Other: 0.2ms
[2024-10-12T11:44:26.522+0800][info] GC(271) Eden regions: 2->0(2)
[2024-10-12T11:44:26.522+0800][info] GC(271) Survivor regions: 1->1(1)
[2024-10-12T11:44:26.522+0800][info] GC(271) Old regions: 46->48
[2024-10-12T11:44:26.522+0800][info] GC(271) Archive regions: 2->2
[2024-10-12T11:44:26.522+0800][info] GC(271) Humongous regions: 3->3
[2024-10-12T11:44:26.522+0800][info] GC(271) Metaspace: 1633K(1792K)->1633K(1792K) NonClass: 1509K(1600K)->1509K(1600K) Class: 124K(192K)->124K(192K)
[2024-10-12T11:44:26.522+0800][info] GC(271) Pause Young (Normal) (G1 Evacuation Pause) 104M->104M(128M) 1.733ms
[2024-10-12T11:44:26.522+0800][info] GC(271) User=0.00s Sys=0.00s Real=0.00s
[2024-10-12T11:44:26.624+0800][info] GC(272) Pause Young (Concurrent Start) (G1 Evacuation Pause)
[2024-10-12T11:44:26.624+0800][info] GC(272) Using 3 workers of 48 for evacuation
[2024-10-12T11:44:26.626+0800][info] GC(272)   Pre Evacuate Collection Set: 0.1ms
[2024-10-12T11:44:26.626+0800][info] GC(272)   Merge Heap Roots: 0.1ms
[2024-10-12T11:44:26.626+0800][info] GC(272)   Evacuate Collection Set: 1.1ms
[2024-10-12T11:44:26.626+0800][info] GC(272)   Post Evacuate Collection Set: 0.2ms
[2024-10-12T11:44:26.626+0800][info] GC(272)   Other: 0.4ms
[2024-10-12T11:44:26.626+0800][info] GC(272) Eden regions: 2->0(2)
[2024-10-12T11:44:26.626+0800][info] GC(272) Survivor regions: 1->1(1)
[2024-10-12T11:44:26.626+0800][info] GC(272) Old regions: 48->50
[2024-10-12T11:44:26.626+0800][info] GC(272) Archive regions: 2->2
[2024-10-12T11:44:26.626+0800][info] GC(272) Humongous regions: 3->3
[2024-10-12T11:44:26.626+0800][info] GC(272) Metaspace: 1633K(1792K)->1633K(1792K) NonClass: 1509K(1600K)->1509K(1600K) Class: 124K(192K)->124K(192K)
[2024-10-12T11:44:26.626+0800][info] GC(272) Pause Young (Concurrent Start) (G1 Evacuation Pause) 108M->108M(128M) 1.970ms
[2024-10-12T11:44:26.626+0800][info] GC(272) User=0.00s Sys=0.00s Real=0.01s
[2024-10-12T11:44:26.626+0800][info] GC(273) Concurrent Mark Cycle
[2024-10-12T11:44:26.626+0800][info] GC(273) Concurrent Clear Claimed Marks
[2024-10-12T11:44:26.626+0800][info] GC(273) Concurrent Clear Claimed Marks 0.017ms
[2024-10-12T11:44:26.626+0800][info] GC(273) Concurrent Scan Root Regions
[2024-10-12T11:44:26.627+0800][info] GC(273) Concurrent Scan Root Regions 0.111ms
[2024-10-12T11:44:26.627+0800][info] GC(273) Concurrent Mark
[2024-10-12T11:44:26.627+0800][info] GC(273) Concurrent Mark From Roots
[2024-10-12T11:44:26.627+0800][info] GC(273) Using 12 workers of 12 for marking
[2024-10-12T11:44:26.630+0800][info] GC(273) Concurrent Mark From Roots 3.511ms
[2024-10-12T11:44:26.630+0800][info] GC(273) Concurrent Preclean
[2024-10-12T11:44:26.632+0800][info] GC(273) Concurrent Preclean 1.676ms
[2024-10-12T11:44:26.632+0800][info] GC(273) Pause Remark
[2024-10-12T11:44:26.634+0800][info] GC(273) Pause Remark 109M->109M(128M) 1.631ms
[2024-10-12T11:44:26.634+0800][info] GC(273) User=0.00s Sys=0.00s Real=0.01s
[2024-10-12T11:44:26.634+0800][info] GC(273) Concurrent Mark 7.147ms
[2024-10-12T11:44:26.634+0800][info] GC(273) Concurrent Rebuild Remembered Sets
[2024-10-12T11:44:26.635+0800][info] GC(273) Concurrent Rebuild Remembered Sets 1.217ms
[2024-10-12T11:44:26.635+0800][info] GC(273) Pause Cleanup
[2024-10-12T11:44:26.635+0800][info] GC(273) Pause Cleanup 109M->109M(128M) 0.247ms
[2024-10-12T11:44:26.635+0800][info] GC(273) User=0.00s Sys=0.00s Real=0.00s
[2024-10-12T11:44:26.635+0800][info] GC(273) Concurrent Cleanup for Next Mark
[2024-10-12T11:44:26.636+0800][info] GC(273) Concurrent Cleanup for Next Mark 0.377ms
[2024-10-12T11:44:26.636+0800][info] GC(273) Concurrent Mark Cycle 9.480ms
[2024-10-12T11:44:26.780+0800][info] GC(274) Pause Young (Prepare Mixed) (G1 Evacuation Pause)
[2024-10-12T11:44:26.780+0800][info] GC(274) Using 3 workers of 48 for evacuation
[2024-10-12T11:44:26.781+0800][info] GC(274)   Pre Evacuate Collection Set: 0.1ms
[2024-10-12T11:44:26.781+0800][info] GC(274)   Merge Heap Roots: 0.1ms
[2024-10-12T11:44:26.781+0800][info] GC(274)   Evacuate Collection Set: 1.0ms
[2024-10-12T11:44:26.781+0800][info] GC(274)   Post Evacuate Collection Set: 0.3ms
[2024-10-12T11:44:26.781+0800][info] GC(274)   Other: 0.2ms
[2024-10-12T11:44:26.781+0800][info] GC(274) Eden regions: 2->0(2)
[2024-10-12T11:44:26.781+0800][info] GC(274) Survivor regions: 1->1(1)
[2024-10-12T11:44:26.781+0800][info] GC(274) Old regions: 50->52
[2024-10-12T11:44:26.782+0800][info] GC(274) Archive regions: 2->2
[2024-10-12T11:44:26.782+0800][info] GC(274) Humongous regions: 3->3
[2024-10-12T11:44:26.782+0800][info] GC(274) Metaspace: 1633K(1792K)->1633K(1792K) NonClass: 1509K(1600K)->1509K(1600K) Class: 124K(192K)->124K(192K)
[2024-10-12T11:44:26.782+0800][info] GC(274) Pause Young (Prepare Mixed) (G1 Evacuation Pause) 112M->112M(128M) 1.710ms
[2024-10-12T11:44:26.782+0800][info] GC(274) User=0.01s Sys=0.00s Real=0.00s
[2024-10-12T11:44:26.843+0800][info] GC(275) Pause Young (Mixed) (G1 Preventive Collection)
[2024-10-12T11:44:26.843+0800][info] GC(275) Using 3 workers of 48 for evacuation
[2024-10-12T11:44:26.845+0800][info] GC(275)   Pre Evacuate Collection Set: 0.1ms
[2024-10-12T11:44:26.845+0800][info] GC(275)   Merge Heap Roots: 0.1ms
[2024-10-12T11:44:26.845+0800][info] GC(275)   Evacuate Collection Set: 1.6ms
[2024-10-12T11:44:26.845+0800][info] GC(275)   Post Evacuate Collection Set: 0.2ms
[2024-10-12T11:44:26.845+0800][info] GC(275)   Other: 0.2ms
[2024-10-12T11:44:26.845+0800][info] GC(275) Eden regions: 1->0(2)
[2024-10-12T11:44:26.845+0800][info] GC(275) Survivor regions: 1->1(1)
[2024-10-12T11:44:26.845+0800][info] GC(275) Old regions: 52->48
[2024-10-12T11:44:26.845+0800][info] GC(275) Archive regions: 2->2
[2024-10-12T11:44:26.845+0800][info] GC(275) Humongous regions: 3->3
[2024-10-12T11:44:26.845+0800][info] GC(275) Metaspace: 1633K(1792K)->1633K(1792K) NonClass: 1509K(1600K)->1509K(1600K) Class: 124K(192K)->124K(192K)
[2024-10-12T11:44:26.845+0800][info] GC(275) Pause Young (Mixed) (G1 Preventive Collection) 114M->104M(128M) 2.319ms
[2024-10-12T11:44:26.845+0800][info] GC(275) User=0.00s Sys=0.00s Real=0.01s
[2024-10-12T11:44:26.948+0800][info] GC(276) Pause Young (Mixed) (G1 Evacuation Pause)
[2024-10-12T11:44:26.948+0800][info] GC(276) Using 3 workers of 48 for evacuation
[2024-10-12T11:44:26.951+0800][info] GC(276)   Pre Evacuate Collection Set: 0.1ms
[2024-10-12T11:44:26.951+0800][info] GC(276)   Merge Heap Roots: 0.1ms
[2024-10-12T11:44:26.951+0800][info] GC(276)   Evacuate Collection Set: 2.4ms
[2024-10-12T11:44:26.951+0800][info] GC(276)   Post Evacuate Collection Set: 0.2ms
[2024-10-12T11:44:26.951+0800][info] GC(276)   Other: 0.1ms
[2024-10-12T11:44:26.951+0800][info] GC(276) Eden regions: 2->0(2)
[2024-10-12T11:44:26.951+0800][info] GC(276) Survivor regions: 1->1(1)
[2024-10-12T11:44:26.951+0800][info] GC(276) Old regions: 48->46
[2024-10-12T11:44:26.951+0800][info] GC(276) Archive regions: 2->2
[2024-10-12T11:44:26.951+0800][info] GC(276) Humongous regions: 3->3
[2024-10-12T11:44:26.951+0800][info] GC(276) Metaspace: 1633K(1792K)->1633K(1792K) NonClass: 1509K(1600K)->1509K(1600K) Class: 124K(192K)->124K(192K)
[2024-10-12T11:44:26.951+0800][info] GC(276) Pause Young (Mixed) (G1 Evacuation Pause) 108M->101M(128M) 3.091ms
[2024-10-12T11:44:26.951+0800][info] GC(276) User=0.01s Sys=0.00s Real=0.00s
[2024-10-12T11:44:27.053+0800][info] GC(277) Pause Young (Mixed) (G1 Evacuation Pause)
[2024-10-12T11:44:27.053+0800][info] GC(277) Using 3 workers of 48 for evacuation
[2024-10-12T11:44:27.056+0800][info] GC(277)   Pre Evacuate Collection Set: 0.2ms
[2024-10-12T11:44:27.056+0800][info] GC(277)   Merge Heap Roots: 0.1ms
[2024-10-12T11:44:27.056+0800][info] GC(277)   Evacuate Collection Set: 2.7ms
[2024-10-12T11:44:27.056+0800][info] GC(277)   Post Evacuate Collection Set: 0.2ms
[2024-10-12T11:44:27.056+0800][info] GC(277)   Other: 0.1ms
[2024-10-12T11:44:27.056+0800][info] GC(277) Eden regions: 2->0(2)
[2024-10-12T11:44:27.056+0800][info] GC(277) Survivor regions: 1->1(1)
[2024-10-12T11:44:27.056+0800][info] GC(277) Old regions: 46->45
[2024-10-12T11:44:27.056+0800][info] GC(277) Archive regions: 2->2
[2024-10-12T11:44:27.056+0800][info] GC(277) Humongous regions: 3->3
[2024-10-12T11:44:27.056+0800][info] GC(277) Metaspace: 1633K(1792K)->1633K(1792K) NonClass: 1509K(1600K)->1509K(1600K) Class: 124K(192K)->124K(192K)
[2024-10-12T11:44:27.056+0800][info] GC(277) Pause Young (Mixed) (G1 Evacuation Pause) 104M->98M(128M) 3.407ms
[2024-10-12T11:44:27.056+0800][info] GC(277) User=0.01s Sys=0.01s Real=0.01s
[2024-10-12T11:44:27.159+0800][info] GC(278) Pause Young (Mixed) (G1 Evacuation Pause)
[2024-10-12T11:44:27.159+0800][info] GC(278) Using 3 workers of 48 for evacuation
[2024-10-12T11:44:27.162+0800][info] GC(278)   Pre Evacuate Collection Set: 0.1ms
[2024-10-12T11:44:27.162+0800][info] GC(278)   Merge Heap Roots: 0.1ms
[2024-10-12T11:44:27.162+0800][info] GC(278)   Evacuate Collection Set: 2.8ms
[2024-10-12T11:44:27.162+0800][info] GC(278)   Post Evacuate Collection Set: 0.2ms
[2024-10-12T11:44:27.162+0800][info] GC(278)   Other: 0.2ms
[2024-10-12T11:44:27.162+0800][info] GC(278) Eden regions: 2->0(2)
[2024-10-12T11:44:27.162+0800][info] GC(278) Survivor regions: 1->1(1)
[2024-10-12T11:44:27.162+0800][info] GC(278) Old regions: 45->45
[2024-10-12T11:44:27.162+0800][info] GC(278) Archive regions: 2->2
[2024-10-12T11:44:27.162+0800][info] GC(278) Humongous regions: 3->3
[2024-10-12T11:44:27.162+0800][info] GC(278) Metaspace: 1633K(1792K)->1633K(1792K) NonClass: 1509K(1600K)->1509K(1600K) Class: 124K(192K)->124K(192K)
[2024-10-12T11:44:27.162+0800][info] GC(278) Pause Young (Mixed) (G1 Evacuation Pause) 102M->98M(128M) 3.539ms
[2024-10-12T11:44:27.162+0800][info] GC(278) User=0.01s Sys=0.00s Real=0.00s
[2024-10-12T11:44:27.264+0800][info] GC(279) Pause Young (Mixed) (G1 Evacuation Pause)
[2024-10-12T11:44:27.264+0800][info] GC(279) Using 3 workers of 48 for evacuation
[2024-10-12T11:44:27.268+0800][info] GC(279)   Pre Evacuate Collection Set: 0.1ms
[2024-10-12T11:44:27.268+0800][info] GC(279)   Merge Heap Roots: 0.1ms
[2024-10-12T11:44:27.268+0800][info] GC(279)   Evacuate Collection Set: 3.6ms
[2024-10-12T11:44:27.268+0800][info] GC(279)   Post Evacuate Collection Set: 0.3ms
[2024-10-12T11:44:27.268+0800][info] GC(279)   Other: 0.1ms
[2024-10-12T11:44:27.268+0800][info] GC(279) Eden regions: 2->0(2)
[2024-10-12T11:44:27.268+0800][info] GC(279) Survivor regions: 1->1(1)
[2024-10-12T11:44:27.268+0800][info] GC(279) Old regions: 45->44
[2024-10-12T11:44:27.268+0800][info] GC(279) Archive regions: 2->2
[2024-10-12T11:44:27.268+0800][info] GC(279) Humongous regions: 3->3
[2024-10-12T11:44:27.268+0800][info] GC(279) Metaspace: 1633K(1792K)->1633K(1792K) NonClass: 1509K(1600K)->1509K(1600K) Class: 124K(192K)->124K(192K)
[2024-10-12T11:44:27.268+0800][info] GC(279) Pause Young (Mixed) (G1 Evacuation Pause) 101M->97M(128M) 4.402ms
[2024-10-12T11:44:27.269+0800][info] GC(279) User=0.01s Sys=0.00s Real=0.01s
[2024-10-12T11:44:27.371+0800][info] GC(280) Pause Young (Normal) (G1 Evacuation Pause)
[2024-10-12T11:44:27.371+0800][info] GC(280) Using 3 workers of 48 for evacuation
[2024-10-12T11:44:27.373+0800][info] GC(280)   Pre Evacuate Collection Set: 0.1ms
[2024-10-12T11:44:27.373+0800][info] GC(280)   Merge Heap Roots: 0.1ms
[2024-10-12T11:44:27.373+0800][info] GC(280)   Evacuate Collection Set: 1.1ms
[2024-10-12T11:44:27.373+0800][info] GC(280)   Post Evacuate Collection Set: 0.2ms
[2024-10-12T11:44:27.373+0800][info] GC(280)   Other: 0.2ms
[2024-10-12T11:44:27.373+0800][info] GC(280) Eden regions: 2->0(2)
[2024-10-12T11:44:27.373+0800][info] GC(280) Survivor regions: 1->1(1)
[2024-10-12T11:44:27.373+0800][info] GC(280) Old regions: 44->46
[2024-10-12T11:44:27.373+0800][info] GC(280) Archive regions: 2->2
[2024-10-12T11:44:27.373+0800][info] GC(280) Humongous regions: 4->3
[2024-10-12T11:44:27.373+0800][info] GC(280) Metaspace: 1633K(1792K)->1633K(1792K) NonClass: 1509K(1600K)->1509K(1600K) Class: 124K(192K)->124K(192K)
[2024-10-12T11:44:27.373+0800][info] GC(280) Pause Young (Normal) (G1 Evacuation Pause) 102M->101M(128M) 1.733ms
[2024-10-12T11:44:27.373+0800][info] GC(280) User=0.00s Sys=0.00s Real=0.00s
[2024-10-12T11:44:27.475+0800][info] GC(281) Pause Young (Normal) (G1 Evacuation Pause)
[2024-10-12T11:44:27.475+0800][info] GC(281) Using 3 workers of 48 for evacuation
[2024-10-12T11:44:27.476+0800][info] GC(281)   Pre Evacuate Collection Set: 0.1ms
[2024-10-12T11:44:27.476+0800][info] GC(281)   Merge Heap Roots: 0.0ms
[2024-10-12T11:44:27.476+0800][info] GC(281)   Evacuate Collection Set: 0.9ms
[2024-10-12T11:44:27.476+0800][info] GC(281)   Post Evacuate Collection Set: 0.2ms
[2024-10-12T11:44:27.476+0800][info] GC(281)   Other: 0.2ms
[2024-10-12T11:44:27.476+0800][info] GC(281) Eden regions: 2->0(2)
[2024-10-12T11:44:27.476+0800][info] GC(281) Survivor regions: 1->1(1)
[2024-10-12T11:44:27.476+0800][info] GC(281) Old regions: 46->48
[2024-10-12T11:44:27.476+0800][info] GC(281) Archive regions: 2->2
[2024-10-12T11:44:27.476+0800][info] GC(281) Humongous regions: 3->3
[2024-10-12T11:44:27.476+0800][info] GC(281) Metaspace: 1633K(1792K)->1633K(1792K) NonClass: 1509K(1600K)->1509K(1600K) Class: 124K(192K)->124K(192K)
[2024-10-12T11:44:27.476+0800][info] GC(281) Pause Young (Normal) (G1 Evacuation Pause) 104M->104M(128M) 1.521ms
[2024-10-12T11:44:27.476+0800][info] GC(281) User=0.00s Sys=0.00s Real=0.00s
[2024-10-12T11:44:27.579+0800][info] GC(282) Pause Young (Concurrent Start) (G1 Evacuation Pause)
[2024-10-12T11:44:27.579+0800][info] GC(282) Using 3 workers of 48 for evacuation
[2024-10-12T11:44:27.580+0800][info] GC(282)   Pre Evacuate Collection Set: 0.1ms
[2024-10-12T11:44:27.580+0800][info] GC(282)   Merge Heap Roots: 0.1ms
[2024-10-12T11:44:27.581+0800][info] GC(282)   Evacuate Collection Set: 0.9ms
[2024-10-12T11:44:27.581+0800][info] GC(282)   Post Evacuate Collection Set: 0.2ms
[2024-10-12T11:44:27.581+0800][info] GC(282)   Other: 0.3ms
[2024-10-12T11:44:27.581+0800][info] GC(282) Eden regions: 2->0(2)
[2024-10-12T11:44:27.581+0800][info] GC(282) Survivor regions: 1->1(1)
[2024-10-12T11:44:27.581+0800][info] GC(282) Old regions: 48->50
[2024-10-12T11:44:27.581+0800][info] GC(282) Archive regions: 2->2
[2024-10-12T11:44:27.581+0800][info] GC(282) Humongous regions: 3->3
[2024-10-12T11:44:27.581+0800][info] GC(282) Metaspace: 1633K(1792K)->1633K(1792K) NonClass: 1509K(1600K)->1509K(1600K) Class: 124K(192K)->124K(192K)
[2024-10-12T11:44:27.581+0800][info] GC(282) Pause Young (Concurrent Start) (G1 Evacuation Pause) 108M->108M(128M) 1.650ms
[2024-10-12T11:44:27.581+0800][info] GC(282) User=0.01s Sys=0.00s Real=0.00s
[2024-10-12T11:44:27.581+0800][info] GC(283) Concurrent Mark Cycle
[2024-10-12T11:44:27.581+0800][info] GC(283) Concurrent Clear Claimed Marks
[2024-10-12T11:44:27.581+0800][info] GC(283) Concurrent Clear Claimed Marks 0.016ms
[2024-10-12T11:44:27.581+0800][info] GC(283) Concurrent Scan Root Regions
[2024-10-12T11:44:27.581+0800][info] GC(283) Concurrent Scan Root Regions 0.161ms
[2024-10-12T11:44:27.581+0800][info] GC(283) Concurrent Mark
[2024-10-12T11:44:27.581+0800][info] GC(283) Concurrent Mark From Roots
[2024-10-12T11:44:27.581+0800][info] GC(283) Using 12 workers of 12 for marking
[2024-10-12T11:44:27.585+0800][info] GC(283) Concurrent Mark From Roots 4.341ms
[2024-10-12T11:44:27.585+0800][info] GC(283) Concurrent Preclean
[2024-10-12T11:44:27.587+0800][info] GC(283) Concurrent Preclean 1.678ms
[2024-10-12T11:44:27.587+0800][info] GC(283) Pause Remark
[2024-10-12T11:44:27.589+0800][info] GC(283) Pause Remark 108M->108M(128M) 1.650ms
[2024-10-12T11:44:27.589+0800][info] GC(283) User=0.01s Sys=0.00s Real=0.00s
[2024-10-12T11:44:27.589+0800][info] GC(283) Concurrent Mark 7.991ms
[2024-10-12T11:44:27.589+0800][info] GC(283) Concurrent Rebuild Remembered Sets
[2024-10-12T11:44:27.590+0800][info] GC(283) Concurrent Rebuild Remembered Sets 1.293ms
[2024-10-12T11:44:27.590+0800][info] GC(283) Pause Cleanup
[2024-10-12T11:44:27.591+0800][info] GC(283) Pause Cleanup 108M->108M(128M) 0.251ms
[2024-10-12T11:44:27.591+0800][info] GC(283) User=0.00s Sys=0.00s Real=0.00s
[2024-10-12T11:44:27.591+0800][info] GC(283) Concurrent Cleanup for Next Mark
[2024-10-12T11:44:27.591+0800][info] GC(283) Concurrent Cleanup for Next Mark 0.339ms
[2024-10-12T11:44:27.591+0800][info] GC(283) Concurrent Mark Cycle 10.425ms
[2024-10-12T11:44:27.734+0800][info] GC(284) Pause Young (Prepare Mixed) (G1 Evacuation Pause)
[2024-10-12T11:44:27.734+0800][info] GC(284) Using 3 workers of 48 for evacuation
[2024-10-12T11:44:27.735+0800][info] GC(284)   Pre Evacuate Collection Set: 0.1ms
[2024-10-12T11:44:27.735+0800][info] GC(284)   Merge Heap Roots: 0.1ms
[2024-10-12T11:44:27.735+0800][info] GC(284)   Evacuate Collection Set: 1.1ms
[2024-10-12T11:44:27.735+0800][info] GC(284)   Post Evacuate Collection Set: 0.2ms
[2024-10-12T11:44:27.735+0800][info] GC(284)   Other: 0.2ms
[2024-10-12T11:44:27.735+0800][info] GC(284) Eden regions: 2->0(2)
[2024-10-12T11:44:27.735+0800][info] GC(284) Survivor regions: 1->1(1)
[2024-10-12T11:44:27.735+0800][info] GC(284) Old regions: 50->52
[2024-10-12T11:44:27.735+0800][info] GC(284) Archive regions: 2->2
[2024-10-12T11:44:27.735+0800][info] GC(284) Humongous regions: 3->3
[2024-10-12T11:44:27.735+0800][info] GC(284) Metaspace: 1633K(1792K)->1633K(1792K) NonClass: 1509K(1600K)->1509K(1600K) Class: 124K(192K)->124K(192K)
[2024-10-12T11:44:27.735+0800][info] GC(284) Pause Young (Prepare Mixed) (G1 Evacuation Pause) 111M->112M(128M) 1.744ms
[2024-10-12T11:44:27.735+0800][info] GC(284) User=0.01s Sys=0.00s Real=0.00s
[2024-10-12T11:44:27.797+0800][info] GC(285) Pause Young (Mixed) (G1 Preventive Collection)
[2024-10-12T11:44:27.797+0800][info] GC(285) Using 3 workers of 48 for evacuation
[2024-10-12T11:44:27.799+0800][info] GC(285) To-space exhausted
[2024-10-12T11:44:27.799+0800][info] GC(285)   Pre Evacuate Collection Set: 0.1ms
[2024-10-12T11:44:27.799+0800][info] GC(285)   Merge Heap Roots: 0.1ms
[2024-10-12T11:44:27.799+0800][info] GC(285)   Evacuate Collection Set: 1.8ms
[2024-10-12T11:44:27.799+0800][info] GC(285)   Post Evacuate Collection Set: 0.3ms
[2024-10-12T11:44:27.799+0800][info] GC(285)   Other: 0.2ms
[2024-10-12T11:44:27.799+0800][info] GC(285) Eden regions: 1->0(2)
[2024-10-12T11:44:27.799+0800][info] GC(285) Survivor regions: 1->1(1)
[2024-10-12T11:44:27.799+0800][info] GC(285) Old regions: 52->49
[2024-10-12T11:44:27.799+0800][info] GC(285) Archive regions: 2->2
[2024-10-12T11:44:27.799+0800][info] GC(285) Humongous regions: 3->3
[2024-10-12T11:44:27.799+0800][info] GC(285) Metaspace: 1633K(1792K)->1633K(1792K) NonClass: 1509K(1600K)->1509K(1600K) Class: 124K(192K)->124K(192K)
[2024-10-12T11:44:27.799+0800][info] GC(285) Pause Young (Mixed) (G1 Preventive Collection) 114M->107M(128M) 2.519ms
[2024-10-12T11:44:27.799+0800][info] GC(285) User=0.00s Sys=0.00s Real=0.00s
[2024-10-12T11:44:27.902+0800][info] GC(286) Pause Young (Mixed) (G1 Preventive Collection)
[2024-10-12T11:44:27.902+0800][info] GC(286) Using 3 workers of 48 for evacuation
[2024-10-12T11:44:27.905+0800][info] GC(286) To-space exhausted
[2024-10-12T11:44:27.905+0800][info] GC(286)   Pre Evacuate Collection Set: 0.1ms
[2024-10-12T11:44:27.905+0800][info] GC(286)   Merge Heap Roots: 0.1ms
[2024-10-12T11:44:27.905+0800][info] GC(286)   Evacuate Collection Set: 2.3ms
[2024-10-12T11:44:27.905+0800][info] GC(286)   Post Evacuate Collection Set: 0.3ms
[2024-10-12T11:44:27.905+0800][info] GC(286)   Other: 0.2ms
[2024-10-12T11:44:27.905+0800][info] GC(286) Eden regions: 2->0(2)
[2024-10-12T11:44:27.905+0800][info] GC(286) Survivor regions: 1->1(1)
[2024-10-12T11:44:27.905+0800][info] GC(286) Old regions: 49->49
[2024-10-12T11:44:27.905+0800][info] GC(286) Archive regions: 2->2
[2024-10-12T11:44:27.905+0800][info] GC(286) Humongous regions: 3->3
[2024-10-12T11:44:27.905+0800][info] GC(286) Metaspace: 1633K(1792K)->1633K(1792K) NonClass: 1509K(1600K)->1509K(1600K) Class: 124K(192K)->124K(192K)
[2024-10-12T11:44:27.905+0800][info] GC(286) Pause Young (Mixed) (G1 Preventive Collection) 111M->107M(128M) 2.998ms
[2024-10-12T11:44:27.905+0800][info] GC(286) User=0.00s Sys=0.00s Real=0.00s
[2024-10-12T11:44:28.007+0800][info] GC(287) Pause Young (Mixed) (G1 Preventive Collection)
[2024-10-12T11:44:28.007+0800][info] GC(287) Using 3 workers of 48 for evacuation
[2024-10-12T11:44:28.010+0800][info] GC(287) To-space exhausted
[2024-10-12T11:44:28.010+0800][info] GC(287)   Pre Evacuate Collection Set: 0.1ms
[2024-10-12T11:44:28.010+0800][info] GC(287)   Merge Heap Roots: 0.1ms
[2024-10-12T11:44:28.010+0800][info] GC(287)   Evacuate Collection Set: 2.3ms
[2024-10-12T11:44:28.010+0800][info] GC(287)   Post Evacuate Collection Set: 0.3ms
[2024-10-12T11:44:28.010+0800][info] GC(287)   Other: 0.2ms
[2024-10-12T11:44:28.010+0800][info] GC(287) Eden regions: 2->0(2)
[2024-10-12T11:44:28.010+0800][info] GC(287) Survivor regions: 1->1(1)
[2024-10-12T11:44:28.010+0800][info] GC(287) Old regions: 49->51
[2024-10-12T11:44:28.010+0800][info] GC(287) Archive regions: 2->2
[2024-10-12T11:44:28.010+0800][info] GC(287) Humongous regions: 3->3
[2024-10-12T11:44:28.010+0800][info] GC(287) Metaspace: 1633K(1792K)->1633K(1792K) NonClass: 1509K(1600K)->1509K(1600K) Class: 124K(192K)->124K(192K)
[2024-10-12T11:44:28.010+0800][info] GC(287) Pause Young (Mixed) (G1 Preventive Collection) 111M->111M(128M) 3.021ms
[2024-10-12T11:44:28.010+0800][info] GC(287) User=0.01s Sys=0.00s Real=0.00s
[2024-10-12T11:44:28.072+0800][info] GC(288) Pause Young (Mixed) (G1 Preventive Collection)
[2024-10-12T11:44:28.072+0800][info] GC(288) Using 3 workers of 48 for evacuation
[2024-10-12T11:44:28.075+0800][info] GC(288) To-space exhausted
[2024-10-12T11:44:28.075+0800][info] GC(288)   Pre Evacuate Collection Set: 0.1ms
[2024-10-12T11:44:28.075+0800][info] GC(288)   Merge Heap Roots: 0.1ms
[2024-10-12T11:44:28.075+0800][info] GC(288)   Evacuate Collection Set: 2.7ms
[2024-10-12T11:44:28.075+0800][info] GC(288)   Post Evacuate Collection Set: 0.4ms
[2024-10-12T11:44:28.075+0800][info] GC(288)   Other: 0.2ms
[2024-10-12T11:44:28.075+0800][info] GC(288) Eden regions: 1->0(2)
[2024-10-12T11:44:28.075+0800][info] GC(288) Survivor regions: 1->1(1)
[2024-10-12T11:44:28.075+0800][info] GC(288) Old regions: 51->53
[2024-10-12T11:44:28.075+0800][info] GC(288) Archive regions: 2->2
[2024-10-12T11:44:28.075+0800][info] GC(288) Humongous regions: 3->3
[2024-10-12T11:44:28.075+0800][info] GC(288) Metaspace: 1633K(1792K)->1633K(1792K) NonClass: 1509K(1600K)->1509K(1600K) Class: 124K(192K)->124K(192K)
[2024-10-12T11:44:28.075+0800][info] GC(288) Pause Young (Mixed) (G1 Preventive Collection) 113M->115M(128M) 3.543ms
[2024-10-12T11:44:28.075+0800][info] GC(288) User=0.01s Sys=0.00s Real=0.01s
[2024-10-12T11:44:28.116+0800][info] GC(289) Pause Young (Mixed) (G1 Preventive Collection)
[2024-10-12T11:44:28.116+0800][info] GC(289) Using 3 workers of 48 for evacuation
[2024-10-12T11:44:28.122+0800][info] GC(289) To-space exhausted
[2024-10-12T11:44:28.122+0800][info] GC(289)   Pre Evacuate Collection Set: 0.1ms
[2024-10-12T11:44:28.122+0800][info] GC(289)   Merge Heap Roots: 0.1ms
[2024-10-12T11:44:28.122+0800][info] GC(289)   Evacuate Collection Set: 3.4ms
[2024-10-12T11:44:28.122+0800][info] GC(289)   Post Evacuate Collection Set: 1.5ms
[2024-10-12T11:44:28.122+0800][info] GC(289)   Other: 0.2ms
[2024-10-12T11:44:28.122+0800][info] GC(289) Eden regions: 1->0(2)
[2024-10-12T11:44:28.122+0800][info] GC(289) Survivor regions: 1->1(1)
[2024-10-12T11:44:28.122+0800][info] GC(289) Old regions: 53->57
[2024-10-12T11:44:28.122+0800][info] GC(289) Archive regions: 2->2
[2024-10-12T11:44:28.122+0800][info] GC(289) Humongous regions: 3->3
[2024-10-12T11:44:28.122+0800][info] GC(289) Metaspace: 1633K(1792K)->1633K(1792K) NonClass: 1509K(1600K)->1509K(1600K) Class: 124K(192K)->124K(192K)
[2024-10-12T11:44:28.122+0800][info] GC(289) Pause Young (Mixed) (G1 Preventive Collection) 117M->123M(128M) 5.365ms
[2024-10-12T11:44:28.122+0800][info] GC(289) User=0.02s Sys=0.00s Real=0.00s
[2024-10-12T11:44:28.183+0800][info] GC(290) Pause Young (Concurrent Start) (G1 Evacuation Pause)
[2024-10-12T11:44:28.183+0800][info] GC(290) Using 3 workers of 48 for evacuation
[2024-10-12T11:44:28.184+0800][info] GC(290) To-space exhausted
[2024-10-12T11:44:28.184+0800][info] GC(290)   Pre Evacuate Collection Set: 0.1ms
[2024-10-12T11:44:28.184+0800][info] GC(290)   Merge Heap Roots: 0.1ms
[2024-10-12T11:44:28.184+0800][info] GC(290)   Evacuate Collection Set: 0.5ms
[2024-10-12T11:44:28.184+0800][info] GC(290)   Post Evacuate Collection Set: 0.2ms
[2024-10-12T11:44:28.184+0800][info] GC(290)   Other: 0.3ms
[2024-10-12T11:44:28.184+0800][info] GC(290) Eden regions: 1->0(3)
[2024-10-12T11:44:28.184+0800][info] GC(290) Survivor regions: 1->0(0)
[2024-10-12T11:44:28.184+0800][info] GC(290) Old regions: 57->59
[2024-10-12T11:44:28.184+0800][info] GC(290) Archive regions: 2->2
[2024-10-12T11:44:28.184+0800][info] GC(290) Humongous regions: 3->3
[2024-10-12T11:44:28.184+0800][info] GC(290) Metaspace: 1633K(1792K)->1633K(1792K) NonClass: 1509K(1600K)->1509K(1600K) Class: 124K(192K)->124K(192K)
[2024-10-12T11:44:28.185+0800][info] GC(290) Pause Young (Concurrent Start) (G1 Evacuation Pause) 125M->125M(128M) 1.350ms
[2024-10-12T11:44:28.185+0800][info] GC(290) User=0.00s Sys=0.00s Real=0.00s
[2024-10-12T11:44:28.185+0800][info] Attempting full compaction
[2024-10-12T11:44:28.185+0800][info] GC(291) Using 3 workers of 48 for full compaction
[2024-10-12T11:44:28.185+0800][info] GC(291) Pause Full (G1 Compaction Pause)
[2024-10-12T11:44:28.185+0800][info] GC(292) Concurrent Mark Cycle
[2024-10-12T11:44:28.185+0800][info] GC(292) Concurrent Clear Claimed Marks
[2024-10-12T11:44:28.185+0800][info] GC(292) Concurrent Clear Claimed Marks 0.018ms
[2024-10-12T11:44:28.185+0800][info] GC(292) Concurrent Scan Root Regions
[2024-10-12T11:44:28.185+0800][info] GC(292) Concurrent Scan Root Regions 0.010ms
[2024-10-12T11:44:28.185+0800][info] GC(292) Concurrent Mark
[2024-10-12T11:44:28.185+0800][info] GC(292) Concurrent Mark From Roots
[2024-10-12T11:44:28.185+0800][info] GC(292) Using 12 workers of 12 for marking
[2024-10-12T11:44:28.185+0800][info] GC(291) Phase 1: Mark live objects
[2024-10-12T11:44:28.189+0800][info] GC(291) Phase 1: Mark live objects 3.563ms
[2024-10-12T11:44:28.189+0800][info] GC(291) Phase 2: Prepare for compaction
[2024-10-12T11:44:28.189+0800][info] GC(291) Phase 2: Prepare for compaction 0.683ms
[2024-10-12T11:44:28.189+0800][info] GC(291) Phase 3: Adjust pointers
[2024-10-12T11:44:28.191+0800][info] GC(291) Phase 3: Adjust pointers 1.615ms
[2024-10-12T11:44:28.191+0800][info] GC(291) Phase 4: Compact heap
[2024-10-12T11:44:28.206+0800][info] GC(291) Phase 4: Compact heap 14.819ms
[2024-10-12T11:44:28.207+0800][info] GC(291) Eden regions: 0->0(4)
[2024-10-12T11:44:28.207+0800][info] GC(291) Survivor regions: 0->0(0)
[2024-10-12T11:44:28.207+0800][info] GC(291) Old regions: 59->38
[2024-10-12T11:44:28.207+0800][info] GC(291) Archive regions: 2->2
[2024-10-12T11:44:28.207+0800][info] GC(291) Humongous regions: 3->3
[2024-10-12T11:44:28.208+0800][info] GC(291) Metaspace: 1633K(1792K)->1633K(1792K) NonClass: 1509K(1600K)->1509K(1600K) Class: 124K(192K)->124K(192K)
[2024-10-12T11:44:28.208+0800][info] GC(291) Pause Full (G1 Compaction Pause) 125M->72M(128M) 22.919ms
[2024-10-12T11:44:28.208+0800][info] GC(291) User=0.05s Sys=0.00s Real=0.03s
[2024-10-12T11:44:28.208+0800][info] GC(292) Concurrent Mark From Roots 23.083ms
[2024-10-12T11:44:28.208+0800][info] GC(292) Concurrent Mark Abort
[2024-10-12T11:44:28.208+0800][info] GC(292) Concurrent Mark Cycle 23.280ms
[2024-10-12T11:44:28.413+0800][info] GC(293) Pause Young (Normal) (G1 Evacuation Pause)
[2024-10-12T11:44:28.413+0800][info] GC(293) Using 3 workers of 48 for evacuation
[2024-10-12T11:44:28.415+0800][info] GC(293)   Pre Evacuate Collection Set: 0.1ms
[2024-10-12T11:44:28.415+0800][info] GC(293)   Merge Heap Roots: 0.0ms
[2024-10-12T11:44:28.415+0800][info] GC(293)   Evacuate Collection Set: 1.3ms
[2024-10-12T11:44:28.415+0800][info] GC(293)   Post Evacuate Collection Set: 0.2ms
[2024-10-12T11:44:28.415+0800][info] GC(293)   Other: 0.3ms
[2024-10-12T11:44:28.415+0800][info] GC(293) Eden regions: 4->0(2)
[2024-10-12T11:44:28.415+0800][info] GC(293) Survivor regions: 0->1(1)
[2024-10-12T11:44:28.415+0800][info] GC(293) Old regions: 38->42
[2024-10-12T11:44:28.415+0800][info] GC(293) Archive regions: 2->2
[2024-10-12T11:44:28.415+0800][info] GC(293) Humongous regions: 3->3
[2024-10-12T11:44:28.415+0800][info] GC(293) Metaspace: 1633K(1792K)->1633K(1792K) NonClass: 1509K(1600K)->1509K(1600K) Class: 124K(192K)->124K(192K)
[2024-10-12T11:44:28.415+0800][info] GC(293) Pause Young (Normal) (G1 Evacuation Pause) 79M->80M(128M) 2.002ms
[2024-10-12T11:44:28.415+0800][info] GC(293) User=0.01s Sys=0.00s Real=0.01s
[2024-10-12T11:44:28.517+0800][info] GC(294) Pause Young (Normal) (G1 Evacuation Pause)
[2024-10-12T11:44:28.517+0800][info] GC(294) Using 3 workers of 48 for evacuation
[2024-10-12T11:44:28.519+0800][info] GC(294)   Pre Evacuate Collection Set: 0.1ms
[2024-10-12T11:44:28.519+0800][info] GC(294)   Merge Heap Roots: 0.1ms
[2024-10-12T11:44:28.519+0800][info] GC(294)   Evacuate Collection Set: 0.9ms
[2024-10-12T11:44:28.519+0800][info] GC(294)   Post Evacuate Collection Set: 0.2ms
[2024-10-12T11:44:28.519+0800][info] GC(294)   Other: 0.2ms
[2024-10-12T11:44:28.519+0800][info] GC(294) Eden regions: 2->0(2)
[2024-10-12T11:44:28.519+0800][info] GC(294) Survivor regions: 1->1(1)
[2024-10-12T11:44:28.519+0800][info] GC(294) Old regions: 42->43
[2024-10-12T11:44:28.519+0800][info] GC(294) Archive regions: 2->2
[2024-10-12T11:44:28.519+0800][info] GC(294) Humongous regions: 3->3
[2024-10-12T11:44:28.519+0800][info] GC(294) Metaspace: 1633K(1792K)->1633K(1792K) NonClass: 1509K(1600K)->1509K(1600K) Class: 124K(192K)->124K(192K)
[2024-10-12T11:44:28.519+0800][info] GC(294) Pause Young (Normal) (G1 Evacuation Pause) 84M->83M(128M) 1.500ms
[2024-10-12T11:44:28.519+0800][info] GC(294) User=0.00s Sys=0.00s Real=0.00s
[2024-10-12T11:44:28.621+0800][info] GC(295) Pause Young (Normal) (G1 Evacuation Pause)
[2024-10-12T11:44:28.621+0800][info] GC(295) Using 3 workers of 48 for evacuation
[2024-10-12T11:44:28.622+0800][info] GC(295)   Pre Evacuate Collection Set: 0.1ms
[2024-10-12T11:44:28.622+0800][info] GC(295)   Merge Heap Roots: 0.1ms
[2024-10-12T11:44:28.622+0800][info] GC(295)   Evacuate Collection Set: 1.0ms
[2024-10-12T11:44:28.622+0800][info] GC(295)   Post Evacuate Collection Set: 0.2ms
[2024-10-12T11:44:28.622+0800][info] GC(295)   Other: 0.2ms
[2024-10-12T11:44:28.622+0800][info] GC(295) Eden regions: 2->0(2)
[2024-10-12T11:44:28.622+0800][info] GC(295) Survivor regions: 1->1(1)
[2024-10-12T11:44:28.622+0800][info] GC(295) Old regions: 43->45
[2024-10-12T11:44:28.622+0800][info] GC(295) Archive regions: 2->2
[2024-10-12T11:44:28.622+0800][info] GC(295) Humongous regions: 3->3
[2024-10-12T11:44:28.622+0800][info] GC(295) Metaspace: 1633K(1792K)->1633K(1792K) NonClass: 1509K(1600K)->1509K(1600K) Class: 124K(192K)->124K(192K)
[2024-10-12T11:44:28.622+0800][info] GC(295) Pause Young (Normal) (G1 Evacuation Pause) 87M->87M(128M) 1.618ms
[2024-10-12T11:44:28.622+0800][info] GC(295) User=0.01s Sys=0.00s Real=0.00s
[2024-10-12T11:44:28.725+0800][info] GC(296) Pause Young (Normal) (G1 Evacuation Pause)
[2024-10-12T11:44:28.725+0800][info] GC(296) Using 3 workers of 48 for evacuation
[2024-10-12T11:44:28.726+0800][info] GC(296)   Pre Evacuate Collection Set: 0.1ms
[2024-10-12T11:44:28.726+0800][info] GC(296)   Merge Heap Roots: 0.1ms
[2024-10-12T11:44:28.726+0800][info] GC(296)   Evacuate Collection Set: 1.0ms
[2024-10-12T11:44:28.726+0800][info] GC(296)   Post Evacuate Collection Set: 0.2ms
[2024-10-12T11:44:28.726+0800][info] GC(296)   Other: 0.2ms
[2024-10-12T11:44:28.726+0800][info] GC(296) Eden regions: 2->0(2)
[2024-10-12T11:44:28.726+0800][info] GC(296) Survivor regions: 1->1(1)
[2024-10-12T11:44:28.726+0800][info] GC(296) Old regions: 45->47
[2024-10-12T11:44:28.726+0800][info] GC(296) Archive regions: 2->2
[2024-10-12T11:44:28.726+0800][info] GC(296) Humongous regions: 3->3
[2024-10-12T11:44:28.726+0800][info] GC(296) Metaspace: 1633K(1792K)->1633K(1792K) NonClass: 1509K(1600K)->1509K(1600K) Class: 124K(192K)->124K(192K)
[2024-10-12T11:44:28.726+0800][info] GC(296) Pause Young (Normal) (G1 Evacuation Pause) 90M->91M(128M) 1.638ms
[2024-10-12T11:44:28.727+0800][info] GC(296) User=0.00s Sys=0.00s Real=0.01s
[2024-10-12T11:44:28.829+0800][info] GC(297) Pause Young (Concurrent Start) (G1 Evacuation Pause)
[2024-10-12T11:44:28.829+0800][info] GC(297) Using 3 workers of 48 for evacuation
[2024-10-12T11:44:28.830+0800][info] GC(297)   Pre Evacuate Collection Set: 0.1ms
[2024-10-12T11:44:28.830+0800][info] GC(297)   Merge Heap Roots: 0.1ms
[2024-10-12T11:44:28.830+0800][info] GC(297)   Evacuate Collection Set: 1.0ms
[2024-10-12T11:44:28.830+0800][info] GC(297)   Post Evacuate Collection Set: 0.2ms
[2024-10-12T11:44:28.830+0800][info] GC(297)   Other: 0.4ms
[2024-10-12T11:44:28.830+0800][info] GC(297) Eden regions: 2->0(2)
[2024-10-12T11:44:28.830+0800][info] GC(297) Survivor regions: 1->1(1)
[2024-10-12T11:44:28.830+0800][info] GC(297) Old regions: 47->49
[2024-10-12T11:44:28.830+0800][info] GC(297) Archive regions: 2->2
[2024-10-12T11:44:28.830+0800][info] GC(297) Humongous regions: 3->3
[2024-10-12T11:44:28.830+0800][info] GC(297) Metaspace: 1633K(1792K)->1633K(1792K) NonClass: 1509K(1600K)->1509K(1600K) Class: 124K(192K)->124K(192K)
[2024-10-12T11:44:28.830+0800][info] GC(297) Pause Young (Concurrent Start) (G1 Evacuation Pause) 95M->95M(128M) 1.806ms
[2024-10-12T11:44:28.830+0800][info] GC(297) User=0.00s Sys=0.00s Real=0.00s
[2024-10-12T11:44:28.830+0800][info] GC(298) Concurrent Mark Cycle
[2024-10-12T11:44:28.830+0800][info] GC(298) Concurrent Clear Claimed Marks
[2024-10-12T11:44:28.830+0800][info] GC(298) Concurrent Clear Claimed Marks 0.016ms
[2024-10-12T11:44:28.831+0800][info] GC(298) Concurrent Scan Root Regions
[2024-10-12T11:44:28.831+0800][info] GC(298) Concurrent Scan Root Regions 0.159ms
[2024-10-12T11:44:28.831+0800][info] GC(298) Concurrent Mark
[2024-10-12T11:44:28.831+0800][info] GC(298) Concurrent Mark From Roots
[2024-10-12T11:44:28.831+0800][info] GC(298) Using 12 workers of 12 for marking
[2024-10-12T11:44:28.834+0800][info] GC(298) Concurrent Mark From Roots 3.540ms
[2024-10-12T11:44:28.834+0800][info] GC(298) Concurrent Preclean
[2024-10-12T11:44:28.836+0800][info] GC(298) Concurrent Preclean 1.658ms
[2024-10-12T11:44:28.836+0800][info] GC(298) Pause Remark
[2024-10-12T11:44:28.838+0800][info] GC(298) Pause Remark 95M->95M(128M) 1.653ms
[2024-10-12T11:44:28.838+0800][info] GC(298) User=0.00s Sys=0.00s Real=0.00s
[2024-10-12T11:44:28.838+0800][info] GC(298) Concurrent Mark 7.174ms
[2024-10-12T11:44:28.838+0800][info] GC(298) Concurrent Rebuild Remembered Sets
[2024-10-12T11:44:28.839+0800][info] GC(298) Concurrent Rebuild Remembered Sets 1.278ms
[2024-10-12T11:44:28.839+0800][info] GC(298) Pause Cleanup
[2024-10-12T11:44:28.840+0800][info] GC(298) Pause Cleanup 95M->95M(128M) 0.250ms
[2024-10-12T11:44:28.840+0800][info] GC(298) User=0.00s Sys=0.00s Real=0.00s
[2024-10-12T11:44:28.840+0800][info] GC(298) Concurrent Cleanup for Next Mark
[2024-10-12T11:44:28.840+0800][info] GC(298) Concurrent Cleanup for Next Mark 0.408ms
[2024-10-12T11:44:28.840+0800][info] GC(298) Concurrent Mark Cycle 9.599ms
[2024-10-12T11:44:28.984+0800][info] GC(299) Pause Young (Prepare Mixed) (G1 Evacuation Pause)
[2024-10-12T11:44:28.984+0800][info] GC(299) Using 3 workers of 48 for evacuation
[2024-10-12T11:44:28.985+0800][info] GC(299)   Pre Evacuate Collection Set: 0.1ms
[2024-10-12T11:44:28.985+0800][info] GC(299)   Merge Heap Roots: 0.1ms
[2024-10-12T11:44:28.985+0800][info] GC(299)   Evacuate Collection Set: 0.9ms
[2024-10-12T11:44:28.985+0800][info] GC(299)   Post Evacuate Collection Set: 0.3ms
[2024-10-12T11:44:28.985+0800][info] GC(299)   Other: 0.2ms
[2024-10-12T11:44:28.985+0800][info] GC(299) Eden regions: 2->0(2)
[2024-10-12T11:44:28.985+0800][info] GC(299) Survivor regions: 1->1(1)
[2024-10-12T11:44:28.985+0800][info] GC(299) Old regions: 49->51
[2024-10-12T11:44:28.985+0800][info] GC(299) Archive regions: 2->2
[2024-10-12T11:44:28.985+0800][info] GC(299) Humongous regions: 3->3
[2024-10-12T11:44:28.985+0800][info] GC(299) Metaspace: 1634K(1792K)->1634K(1792K) NonClass: 1510K(1600K)->1510K(1600K) Class: 124K(192K)->124K(192K)
[2024-10-12T11:44:28.985+0800][info] GC(299) Pause Young (Prepare Mixed) (G1 Evacuation Pause) 98M->99M(128M) 1.589ms
[2024-10-12T11:44:28.985+0800][info] GC(299) User=0.00s Sys=0.00s Real=0.01s
[2024-10-12T11:44:29.047+0800][info] GC(300) Pause Young (Mixed) (G1 Preventive Collection)
[2024-10-12T11:44:29.047+0800][info] GC(300) Using 3 workers of 48 for evacuation
[2024-10-12T11:44:29.049+0800][info] GC(300)   Pre Evacuate Collection Set: 0.1ms
[2024-10-12T11:44:29.049+0800][info] GC(300)   Merge Heap Roots: 0.1ms
[2024-10-12T11:44:29.049+0800][info] GC(300)   Evacuate Collection Set: 1.9ms
[2024-10-12T11:44:29.049+0800][info] GC(300)   Post Evacuate Collection Set: 0.2ms
[2024-10-12T11:44:29.049+0800][info] GC(300)   Other: 0.2ms
[2024-10-12T11:44:29.049+0800][info] GC(300) Eden regions: 1->0(2)
[2024-10-12T11:44:29.049+0800][info] GC(300) Survivor regions: 1->1(1)
[2024-10-12T11:44:29.049+0800][info] GC(300) Old regions: 51->48
[2024-10-12T11:44:29.049+0800][info] GC(300) Archive regions: 2->2
[2024-10-12T11:44:29.049+0800][info] GC(300) Humongous regions: 3->3
[2024-10-12T11:44:29.049+0800][info] GC(300) Metaspace: 1634K(1792K)->1634K(1792K) NonClass: 1510K(1600K)->1510K(1600K) Class: 124K(192K)->124K(192K)
[2024-10-12T11:44:29.049+0800][info] GC(300) Pause Young (Mixed) (G1 Preventive Collection) 101M->95M(128M) 2.664ms
[2024-10-12T11:44:29.049+0800][info] GC(300) User=0.01s Sys=0.01s Real=0.00s
[2024-10-12T11:44:29.151+0800][info] GC(301) Pause Young (Mixed) (G1 Preventive Collection)
[2024-10-12T11:44:29.151+0800][info] GC(301) Using 3 workers of 48 for evacuation
[2024-10-12T11:44:29.154+0800][info] GC(301)   Pre Evacuate Collection Set: 0.1ms
[2024-10-12T11:44:29.154+0800][info] GC(301)   Merge Heap Roots: 0.1ms
[2024-10-12T11:44:29.154+0800][info] GC(301)   Evacuate Collection Set: 2.5ms
[2024-10-12T11:44:29.154+0800][info] GC(301)   Post Evacuate Collection Set: 0.3ms
[2024-10-12T11:44:29.154+0800][info] GC(301)   Other: 0.1ms
[2024-10-12T11:44:29.154+0800][info] GC(301) Eden regions: 2->0(2)
[2024-10-12T11:44:29.154+0800][info] GC(301) Survivor regions: 1->1(1)
[2024-10-12T11:44:29.154+0800][info] GC(301) Old regions: 48->46
[2024-10-12T11:44:29.154+0800][info] GC(301) Archive regions: 2->2
[2024-10-12T11:44:29.154+0800][info] GC(301) Humongous regions: 3->3
[2024-10-12T11:44:29.154+0800][info] GC(301) Metaspace: 1634K(1792K)->1634K(1792K) NonClass: 1510K(1600K)->1510K(1600K) Class: 124K(192K)->124K(192K)
[2024-10-12T11:44:29.155+0800][info] GC(301) Pause Young (Mixed) (G1 Preventive Collection) 99M->95M(128M) 3.236ms
[2024-10-12T11:44:29.155+0800][info] GC(301) User=0.01s Sys=0.00s Real=0.01s
[2024-10-12T11:44:29.257+0800][info] GC(302) Pause Young (Mixed) (G1 Evacuation Pause)
[2024-10-12T11:44:29.257+0800][info] GC(302) Using 3 workers of 48 for evacuation
[2024-10-12T11:44:29.260+0800][info] GC(302)   Pre Evacuate Collection Set: 0.1ms
[2024-10-12T11:44:29.260+0800][info] GC(302)   Merge Heap Roots: 0.1ms
[2024-10-12T11:44:29.260+0800][info] GC(302)   Evacuate Collection Set: 2.8ms
[2024-10-12T11:44:29.260+0800][info] GC(302)   Post Evacuate Collection Set: 0.3ms
[2024-10-12T11:44:29.260+0800][info] GC(302)   Other: 0.1ms
[2024-10-12T11:44:29.260+0800][info] GC(302) Eden regions: 2->0(2)
[2024-10-12T11:44:29.260+0800][info] GC(302) Survivor regions: 1->1(1)
[2024-10-12T11:44:29.260+0800][info] GC(302) Old regions: 46->45
[2024-10-12T11:44:29.260+0800][info] GC(302) Archive regions: 2->2
[2024-10-12T11:44:29.260+0800][info] GC(302) Humongous regions: 3->3
[2024-10-12T11:44:29.260+0800][info] GC(302) Metaspace: 1634K(1792K)->1634K(1792K) NonClass: 1510K(1600K)->1510K(1600K) Class: 124K(192K)->124K(192K)
[2024-10-12T11:44:29.260+0800][info] GC(302) Pause Young (Mixed) (G1 Evacuation Pause) 99M->95M(128M) 3.516ms
[2024-10-12T11:44:29.260+0800][info] GC(302) User=0.01s Sys=0.00s Real=0.00s
[2024-10-12T11:44:29.362+0800][info] GC(303) Pause Young (Mixed) (G1 Evacuation Pause)
[2024-10-12T11:44:29.362+0800][info] GC(303) Using 3 workers of 48 for evacuation
[2024-10-12T11:44:29.366+0800][info] GC(303)   Pre Evacuate Collection Set: 0.1ms
[2024-10-12T11:44:29.366+0800][info] GC(303)   Merge Heap Roots: 0.1ms
[2024-10-12T11:44:29.366+0800][info] GC(303)   Evacuate Collection Set: 3.1ms
[2024-10-12T11:44:29.366+0800][info] GC(303)   Post Evacuate Collection Set: 0.2ms
[2024-10-12T11:44:29.366+0800][info] GC(303)   Other: 0.1ms
[2024-10-12T11:44:29.366+0800][info] GC(303) Eden regions: 2->0(2)
[2024-10-12T11:44:29.366+0800][info] GC(303) Survivor regions: 1->1(1)
[2024-10-12T11:44:29.366+0800][info] GC(303) Old regions: 45->45
[2024-10-12T11:44:29.366+0800][info] GC(303) Archive regions: 2->2
[2024-10-12T11:44:29.366+0800][info] GC(303) Humongous regions: 3->3
[2024-10-12T11:44:29.366+0800][info] GC(303) Metaspace: 1634K(1792K)->1634K(1792K) NonClass: 1510K(1600K)->1510K(1600K) Class: 124K(192K)->124K(192K)
[2024-10-12T11:44:29.366+0800][info] GC(303) Pause Young (Mixed) (G1 Evacuation Pause) 98M->95M(128M) 3.842ms
[2024-10-12T11:44:29.366+0800][info] GC(303) User=0.01s Sys=0.00s Real=0.01s
[2024-10-12T11:44:29.469+0800][info] GC(304) Pause Young (Mixed) (G1 Evacuation Pause)
[2024-10-12T11:44:29.469+0800][info] GC(304) Using 3 workers of 48 for evacuation
[2024-10-12T11:44:29.473+0800][info] GC(304)   Pre Evacuate Collection Set: 0.1ms
[2024-10-12T11:44:29.473+0800][info] GC(304)   Merge Heap Roots: 0.1ms
[2024-10-12T11:44:29.473+0800][info] GC(304)   Evacuate Collection Set: 3.6ms
[2024-10-12T11:44:29.473+0800][info] GC(304)   Post Evacuate Collection Set: 0.3ms
[2024-10-12T11:44:29.473+0800][info] GC(304)   Other: 0.1ms
[2024-10-12T11:44:29.473+0800][info] GC(304) Eden regions: 2->0(2)
[2024-10-12T11:44:29.473+0800][info] GC(304) Survivor regions: 1->1(1)
[2024-10-12T11:44:29.473+0800][info] GC(304) Old regions: 45->44
[2024-10-12T11:44:29.473+0800][info] GC(304) Archive regions: 2->2
[2024-10-12T11:44:29.473+0800][info] GC(304) Humongous regions: 3->3
[2024-10-12T11:44:29.473+0800][info] GC(304) Metaspace: 1634K(1792K)->1634K(1792K) NonClass: 1510K(1600K)->1510K(1600K) Class: 124K(192K)->124K(192K)
[2024-10-12T11:44:29.473+0800][info] GC(304) Pause Young (Mixed) (G1 Evacuation Pause) 99M->95M(128M) 4.458ms
[2024-10-12T11:44:29.473+0800][info] GC(304) User=0.01s Sys=0.00s Real=0.01s
[2024-10-12T11:44:29.575+0800][info] GC(305) Pause Young (Mixed) (G1 Evacuation Pause)
[2024-10-12T11:44:29.575+0800][info] GC(305) Using 3 workers of 48 for evacuation
[2024-10-12T11:44:29.578+0800][info] GC(305)   Pre Evacuate Collection Set: 0.2ms
[2024-10-12T11:44:29.578+0800][info] GC(305)   Merge Heap Roots: 0.1ms
[2024-10-12T11:44:29.578+0800][info] GC(305)   Evacuate Collection Set: 2.3ms
[2024-10-12T11:44:29.578+0800][info] GC(305)   Post Evacuate Collection Set: 0.2ms
[2024-10-12T11:44:29.578+0800][info] GC(305)   Other: 0.1ms
[2024-10-12T11:44:29.578+0800][info] GC(305) Eden regions: 2->0(2)
[2024-10-12T11:44:29.578+0800][info] GC(305) Survivor regions: 1->1(1)
[2024-10-12T11:44:29.578+0800][info] GC(305) Old regions: 44->45
[2024-10-12T11:44:29.578+0800][info] GC(305) Archive regions: 2->2
[2024-10-12T11:44:29.578+0800][info] GC(305) Humongous regions: 3->3
[2024-10-12T11:44:29.578+0800][info] GC(305) Metaspace: 1634K(1792K)->1634K(1792K) NonClass: 1510K(1600K)->1510K(1600K) Class: 124K(192K)->124K(192K)
[2024-10-12T11:44:29.578+0800][info] GC(305) Pause Young (Mixed) (G1 Evacuation Pause) 99M->97M(128M) 3.031ms
[2024-10-12T11:44:29.578+0800][info] GC(305) User=0.01s Sys=0.00s Real=0.00s
[2024-10-12T11:44:29.681+0800][info] GC(306) Pause Young (Normal) (G1 Evacuation Pause)
[2024-10-12T11:44:29.681+0800][info] GC(306) Using 3 workers of 48 for evacuation
[2024-10-12T11:44:29.683+0800][info] GC(306)   Pre Evacuate Collection Set: 0.1ms
[2024-10-12T11:44:29.683+0800][info] GC(306)   Merge Heap Roots: 0.1ms
[2024-10-12T11:44:29.683+0800][info] GC(306)   Evacuate Collection Set: 1.0ms
[2024-10-12T11:44:29.683+0800][info] GC(306)   Post Evacuate Collection Set: 0.2ms
[2024-10-12T11:44:29.683+0800][info] GC(306)   Other: 0.5ms
[2024-10-12T11:44:29.683+0800][info] GC(306) Eden regions: 2->0(2)
[2024-10-12T11:44:29.683+0800][info] GC(306) Survivor regions: 1->1(1)
[2024-10-12T11:44:29.683+0800][info] GC(306) Old regions: 45->47
[2024-10-12T11:44:29.683+0800][info] GC(306) Archive regions: 2->2
[2024-10-12T11:44:29.683+0800][info] GC(306) Humongous regions: 4->3
[2024-10-12T11:44:29.683+0800][info] GC(306) Metaspace: 1634K(1792K)->1634K(1792K) NonClass: 1510K(1600K)->1510K(1600K) Class: 124K(192K)->124K(192K)
[2024-10-12T11:44:29.683+0800][info] GC(306) Pause Young (Normal) (G1 Evacuation Pause) 103M->101M(128M) 1.995ms
[2024-10-12T11:44:29.683+0800][info] GC(306) User=0.00s Sys=0.00s Real=0.00s
[2024-10-12T11:44:29.785+0800][info] GC(307) Pause Young (Normal) (G1 Evacuation Pause)
[2024-10-12T11:44:29.785+0800][info] GC(307) Using 3 workers of 48 for evacuation
[2024-10-12T11:44:29.786+0800][info] GC(307)   Pre Evacuate Collection Set: 0.1ms
[2024-10-12T11:44:29.786+0800][info] GC(307)   Merge Heap Roots: 0.1ms
[2024-10-12T11:44:29.787+0800][info] GC(307)   Evacuate Collection Set: 0.9ms
[2024-10-12T11:44:29.787+0800][info] GC(307)   Post Evacuate Collection Set: 0.2ms
[2024-10-12T11:44:29.787+0800][info] GC(307)   Other: 0.2ms
[2024-10-12T11:44:29.787+0800][info] GC(307) Eden regions: 2->0(2)
[2024-10-12T11:44:29.787+0800][info] GC(307) Survivor regions: 1->1(1)
[2024-10-12T11:44:29.787+0800][info] GC(307) Old regions: 47->48
[2024-10-12T11:44:29.787+0800][info] GC(307) Archive regions: 2->2
[2024-10-12T11:44:29.787+0800][info] GC(307) Humongous regions: 3->3
[2024-10-12T11:44:29.787+0800][info] GC(307) Metaspace: 1634K(1792K)->1634K(1792K) NonClass: 1510K(1600K)->1510K(1600K) Class: 124K(192K)->124K(192K)
[2024-10-12T11:44:29.787+0800][info] GC(307) Pause Young (Normal) (G1 Evacuation Pause) 105M->104M(128M) 1.512ms
[2024-10-12T11:44:29.787+0800][info] GC(307) User=0.00s Sys=0.00s Real=0.00s
[2024-10-12T11:44:29.889+0800][info] GC(308) Pause Young (Concurrent Start) (G1 Evacuation Pause)
[2024-10-12T11:44:29.889+0800][info] GC(308) Using 3 workers of 48 for evacuation
[2024-10-12T11:44:29.891+0800][info] GC(308)   Pre Evacuate Collection Set: 0.1ms
[2024-10-12T11:44:29.891+0800][info] GC(308)   Merge Heap Roots: 0.0ms
[2024-10-12T11:44:29.891+0800][info] GC(308)   Evacuate Collection Set: 1.1ms
[2024-10-12T11:44:29.891+0800][info] GC(308)   Post Evacuate Collection Set: 0.2ms
[2024-10-12T11:44:29.891+0800][info] GC(308)   Other: 0.4ms
[2024-10-12T11:44:29.891+0800][info] GC(308) Eden regions: 2->0(2)
[2024-10-12T11:44:29.891+0800][info] GC(308) Survivor regions: 1->1(1)
[2024-10-12T11:44:29.891+0800][info] GC(308) Old regions: 48->50
[2024-10-12T11:44:29.891+0800][info] GC(308) Archive regions: 2->2
[2024-10-12T11:44:29.891+0800][info] GC(308) Humongous regions: 3->3
[2024-10-12T11:44:29.891+0800][info] GC(308) Metaspace: 1634K(1792K)->1634K(1792K) NonClass: 1510K(1600K)->1510K(1600K) Class: 124K(192K)->124K(192K)
[2024-10-12T11:44:29.891+0800][info] GC(308) Pause Young (Concurrent Start) (G1 Evacuation Pause) 108M->108M(128M) 1.849ms
[2024-10-12T11:44:29.891+0800][info] GC(308) User=0.01s Sys=0.00s Real=0.00s
[2024-10-12T11:44:29.891+0800][info] GC(309) Concurrent Mark Cycle
[2024-10-12T11:44:29.891+0800][info] GC(309) Concurrent Clear Claimed Marks
[2024-10-12T11:44:29.891+0800][info] GC(309) Concurrent Clear Claimed Marks 0.017ms
[2024-10-12T11:44:29.891+0800][info] GC(309) Concurrent Scan Root Regions
[2024-10-12T11:44:29.891+0800][info] GC(309) Concurrent Scan Root Regions 0.154ms
[2024-10-12T11:44:29.891+0800][info] GC(309) Concurrent Mark
[2024-10-12T11:44:29.891+0800][info] GC(309) Concurrent Mark From Roots
[2024-10-12T11:44:29.891+0800][info] GC(309) Using 12 workers of 12 for marking
[2024-10-12T11:44:29.894+0800][info] GC(309) Concurrent Mark From Roots 3.319ms
[2024-10-12T11:44:29.894+0800][info] GC(309) Concurrent Preclean
[2024-10-12T11:44:29.896+0800][info] GC(309) Concurrent Preclean 1.682ms
[2024-10-12T11:44:29.896+0800][info] GC(309) Pause Remark
[2024-10-12T11:44:29.898+0800][info] GC(309) Pause Remark 109M->109M(128M) 1.576ms
[2024-10-12T11:44:29.898+0800][info] GC(309) User=0.00s Sys=0.00s Real=0.00s
[2024-10-12T11:44:29.898+0800][info] GC(309) Concurrent Mark 6.885ms
[2024-10-12T11:44:29.898+0800][info] GC(309) Concurrent Rebuild Remembered Sets
[2024-10-12T11:44:29.899+0800][info] GC(309) Concurrent Rebuild Remembered Sets 1.229ms
[2024-10-12T11:44:29.899+0800][info] GC(309) Pause Cleanup
[2024-10-12T11:44:29.900+0800][info] GC(309) Pause Cleanup 109M->109M(128M) 0.260ms
[2024-10-12T11:44:29.900+0800][info] GC(309) User=0.00s Sys=0.00s Real=0.00s
[2024-10-12T11:44:29.900+0800][info] GC(309) Concurrent Cleanup for Next Mark
[2024-10-12T11:44:29.900+0800][info] GC(309) Concurrent Cleanup for Next Mark 0.380ms
[2024-10-12T11:44:29.900+0800][info] GC(309) Concurrent Mark Cycle 9.286ms
[2024-10-12T11:44:30.044+0800][info] GC(310) Pause Young (Prepare Mixed) (G1 Evacuation Pause)
[2024-10-12T11:44:30.044+0800][info] GC(310) Using 3 workers of 48 for evacuation
[2024-10-12T11:44:30.045+0800][info] GC(310)   Pre Evacuate Collection Set: 0.1ms
[2024-10-12T11:44:30.045+0800][info] GC(310)   Merge Heap Roots: 0.1ms
[2024-10-12T11:44:30.045+0800][info] GC(310)   Evacuate Collection Set: 1.0ms
[2024-10-12T11:44:30.045+0800][info] GC(310)   Post Evacuate Collection Set: 0.2ms
[2024-10-12T11:44:30.045+0800][info] GC(310)   Other: 0.2ms
[2024-10-12T11:44:30.045+0800][info] GC(310) Eden regions: 2->0(2)
[2024-10-12T11:44:30.045+0800][info] GC(310) Survivor regions: 1->1(1)
[2024-10-12T11:44:30.045+0800][info] GC(310) Old regions: 50->52
[2024-10-12T11:44:30.045+0800][info] GC(310) Archive regions: 2->2
[2024-10-12T11:44:30.045+0800][info] GC(310) Humongous regions: 3->3
[2024-10-12T11:44:30.046+0800][info] GC(310) Metaspace: 1635K(1792K)->1635K(1792K) NonClass: 1511K(1600K)->1511K(1600K) Class: 124K(192K)->124K(192K)
[2024-10-12T11:44:30.046+0800][info] GC(310) Pause Young (Prepare Mixed) (G1 Evacuation Pause) 112M->112M(128M) 1.748ms
[2024-10-12T11:44:30.046+0800][info] GC(310) User=0.01s Sys=0.00s Real=0.01s
[2024-10-12T11:44:30.107+0800][info] GC(311) Pause Young (Mixed) (G1 Preventive Collection)
[2024-10-12T11:44:30.107+0800][info] GC(311) Using 3 workers of 48 for evacuation
[2024-10-12T11:44:30.110+0800][info] GC(311)   Pre Evacuate Collection Set: 0.1ms
[2024-10-12T11:44:30.110+0800][info] GC(311)   Merge Heap Roots: 0.1ms
[2024-10-12T11:44:30.110+0800][info] GC(311)   Evacuate Collection Set: 1.9ms
[2024-10-12T11:44:30.110+0800][info] GC(311)   Post Evacuate Collection Set: 0.2ms
[2024-10-12T11:44:30.110+0800][info] GC(311)   Other: 0.2ms
[2024-10-12T11:44:30.110+0800][info] GC(311) Eden regions: 1->0(2)
[2024-10-12T11:44:30.110+0800][info] GC(311) Survivor regions: 1->1(1)
[2024-10-12T11:44:30.110+0800][info] GC(311) Old regions: 52->47
[2024-10-12T11:44:30.110+0800][info] GC(311) Archive regions: 2->2
[2024-10-12T11:44:30.110+0800][info] GC(311) Humongous regions: 3->3
[2024-10-12T11:44:30.110+0800][info] GC(311) Metaspace: 1635K(1792K)->1635K(1792K) NonClass: 1511K(1600K)->1511K(1600K) Class: 124K(192K)->124K(192K)
[2024-10-12T11:44:30.110+0800][info] GC(311) Pause Young (Mixed) (G1 Preventive Collection) 114M->102M(128M) 2.634ms
[2024-10-12T11:44:30.110+0800][info] GC(311) User=0.00s Sys=0.00s Real=0.00s
[2024-10-12T11:44:30.212+0800][info] GC(312) Pause Young (Mixed) (G1 Evacuation Pause)
[2024-10-12T11:44:30.212+0800][info] GC(312) Using 3 workers of 48 for evacuation
[2024-10-12T11:44:30.215+0800][info] GC(312)   Pre Evacuate Collection Set: 0.1ms
[2024-10-12T11:44:30.215+0800][info] GC(312)   Merge Heap Roots: 0.1ms
[2024-10-12T11:44:30.215+0800][info] GC(312)   Evacuate Collection Set: 2.7ms
[2024-10-12T11:44:30.215+0800][info] GC(312)   Post Evacuate Collection Set: 0.2ms
[2024-10-12T11:44:30.215+0800][info] GC(312)   Other: 0.2ms
[2024-10-12T11:44:30.215+0800][info] GC(312) Eden regions: 2->0(2)
[2024-10-12T11:44:30.215+0800][info] GC(312) Survivor regions: 1->1(1)
[2024-10-12T11:44:30.215+0800][info] GC(312) Old regions: 47->46
[2024-10-12T11:44:30.215+0800][info] GC(312) Archive regions: 2->2
[2024-10-12T11:44:30.215+0800][info] GC(312) Humongous regions: 3->3
[2024-10-12T11:44:30.215+0800][info] GC(312) Metaspace: 1635K(1792K)->1635K(1792K) NonClass: 1511K(1600K)->1511K(1600K) Class: 124K(192K)->124K(192K)
[2024-10-12T11:44:30.215+0800][info] GC(312) Pause Young (Mixed) (G1 Evacuation Pause) 106M->100M(128M) 3.439ms
[2024-10-12T11:44:30.215+0800][info] GC(312) User=0.00s Sys=0.00s Real=0.01s
[2024-10-12T11:44:30.318+0800][info] GC(313) Pause Young (Mixed) (G1 Evacuation Pause)
[2024-10-12T11:44:30.318+0800][info] GC(313) Using 3 workers of 48 for evacuation
[2024-10-12T11:44:30.321+0800][info] GC(313)   Pre Evacuate Collection Set: 0.1ms
[2024-10-12T11:44:30.321+0800][info] GC(313)   Merge Heap Roots: 0.1ms
[2024-10-12T11:44:30.321+0800][info] GC(313)   Evacuate Collection Set: 2.9ms
[2024-10-12T11:44:30.321+0800][info] GC(313)   Post Evacuate Collection Set: 0.3ms
[2024-10-12T11:44:30.321+0800][info] GC(313)   Other: 0.2ms
[2024-10-12T11:44:30.321+0800][info] GC(313) Eden regions: 2->0(2)
[2024-10-12T11:44:30.321+0800][info] GC(313) Survivor regions: 1->1(1)
[2024-10-12T11:44:30.321+0800][info] GC(313) Old regions: 46->45
[2024-10-12T11:44:30.321+0800][info] GC(313) Archive regions: 2->2
[2024-10-12T11:44:30.322+0800][info] GC(313) Humongous regions: 3->3
[2024-10-12T11:44:30.322+0800][info] GC(313) Metaspace: 1636K(1792K)->1636K(1792K) NonClass: 1512K(1600K)->1512K(1600K) Class: 124K(192K)->124K(192K)
[2024-10-12T11:44:30.322+0800][info] GC(313) Pause Young (Mixed) (G1 Evacuation Pause) 103M->98M(128M) 3.665ms
[2024-10-12T11:44:30.322+0800][info] GC(313) User=0.01s Sys=0.00s Real=0.00s
[2024-10-12T11:44:30.423+0800][info] GC(314) Pause Young (Mixed) (G1 Evacuation Pause)
[2024-10-12T11:44:30.423+0800][info] GC(314) Using 3 workers of 48 for evacuation
[2024-10-12T11:44:30.427+0800][info] GC(314)   Pre Evacuate Collection Set: 0.1ms
[2024-10-12T11:44:30.427+0800][info] GC(314)   Merge Heap Roots: 0.1ms
[2024-10-12T11:44:30.427+0800][info] GC(314)   Evacuate Collection Set: 3.0ms
[2024-10-12T11:44:30.427+0800][info] GC(314)   Post Evacuate Collection Set: 0.3ms
[2024-10-12T11:44:30.427+0800][info] GC(314)   Other: 0.1ms
[2024-10-12T11:44:30.427+0800][info] GC(314) Eden regions: 2->0(2)
[2024-10-12T11:44:30.427+0800][info] GC(314) Survivor regions: 1->1(1)
[2024-10-12T11:44:30.427+0800][info] GC(314) Old regions: 45->44
[2024-10-12T11:44:30.427+0800][info] GC(314) Archive regions: 2->2
[2024-10-12T11:44:30.427+0800][info] GC(314) Humongous regions: 3->3
[2024-10-12T11:44:30.427+0800][info] GC(314) Metaspace: 1636K(1792K)->1636K(1792K) NonClass: 1512K(1600K)->1512K(1600K) Class: 124K(192K)->124K(192K)
[2024-10-12T11:44:30.427+0800][info] GC(314) Pause Young (Mixed) (G1 Evacuation Pause) 102M->96M(128M) 3.730ms
[2024-10-12T11:44:30.427+0800][info] GC(314) User=0.01s Sys=0.00s Real=0.01s
[2024-10-12T11:44:30.529+0800][info] GC(315) Pause Young (Mixed) (G1 Evacuation Pause)
[2024-10-12T11:44:30.530+0800][info] GC(315) Using 3 workers of 48 for evacuation
[2024-10-12T11:44:30.533+0800][info] GC(315)   Pre Evacuate Collection Set: 0.1ms
[2024-10-12T11:44:30.533+0800][info] GC(315)   Merge Heap Roots: 0.1ms
[2024-10-12T11:44:30.533+0800][info] GC(315)   Evacuate Collection Set: 2.6ms
[2024-10-12T11:44:30.533+0800][info] GC(315)   Post Evacuate Collection Set: 0.2ms
[2024-10-12T11:44:30.533+0800][info] GC(315)   Other: 0.1ms
[2024-10-12T11:44:30.533+0800][info] GC(315) Eden regions: 2->0(2)
[2024-10-12T11:44:30.533+0800][info] GC(315) Survivor regions: 1->1(1)
[2024-10-12T11:44:30.533+0800][info] GC(315) Old regions: 44->44
[2024-10-12T11:44:30.533+0800][info] GC(315) Archive regions: 2->2
[2024-10-12T11:44:30.533+0800][info] GC(315) Humongous regions: 3->3
[2024-10-12T11:44:30.533+0800][info] GC(315) Metaspace: 1636K(1792K)->1636K(1792K) NonClass: 1512K(1600K)->1512K(1600K) Class: 124K(192K)->124K(192K)
[2024-10-12T11:44:30.533+0800][info] GC(315) Pause Young (Mixed) (G1 Evacuation Pause) 100M->96M(128M) 3.317ms
[2024-10-12T11:44:30.533+0800][info] GC(315) User=0.01s Sys=0.01s Real=0.00s
[2024-10-12T11:44:30.635+0800][info] GC(316) Pause Young (Normal) (G1 Evacuation Pause)
[2024-10-12T11:44:30.635+0800][info] GC(316) Using 3 workers of 48 for evacuation
[2024-10-12T11:44:30.636+0800][info] GC(316)   Pre Evacuate Collection Set: 0.1ms
[2024-10-12T11:44:30.636+0800][info] GC(316)   Merge Heap Roots: 0.1ms
[2024-10-12T11:44:30.636+0800][info] GC(316)   Evacuate Collection Set: 1.0ms
[2024-10-12T11:44:30.636+0800][info] GC(316)   Post Evacuate Collection Set: 0.2ms
[2024-10-12T11:44:30.636+0800][info] GC(316)   Other: 0.2ms
[2024-10-12T11:44:30.636+0800][info] GC(316) Eden regions: 2->0(2)
[2024-10-12T11:44:30.636+0800][info] GC(316) Survivor regions: 1->1(1)
[2024-10-12T11:44:30.636+0800][info] GC(316) Old regions: 44->46
[2024-10-12T11:44:30.636+0800][info] GC(316) Archive regions: 2->2
[2024-10-12T11:44:30.636+0800][info] GC(316) Humongous regions: 3->3
[2024-10-12T11:44:30.636+0800][info] GC(316) Metaspace: 1636K(1792K)->1636K(1792K) NonClass: 1512K(1600K)->1512K(1600K) Class: 124K(192K)->124K(192K)
[2024-10-12T11:44:30.636+0800][info] GC(316) Pause Young (Normal) (G1 Evacuation Pause) 100M->100M(128M) 1.665ms
[2024-10-12T11:44:30.636+0800][info] GC(316) User=0.00s Sys=0.00s Real=0.00s
[2024-10-12T11:44:30.739+0800][info] GC(317) Pause Young (Normal) (G1 Evacuation Pause)
[2024-10-12T11:44:30.739+0800][info] GC(317) Using 3 workers of 48 for evacuation
[2024-10-12T11:44:30.740+0800][info] GC(317)   Pre Evacuate Collection Set: 0.1ms
[2024-10-12T11:44:30.740+0800][info] GC(317)   Merge Heap Roots: 0.0ms
[2024-10-12T11:44:30.740+0800][info] GC(317)   Evacuate Collection Set: 1.0ms
[2024-10-12T11:44:30.740+0800][info] GC(317)   Post Evacuate Collection Set: 0.2ms
[2024-10-12T11:44:30.740+0800][info] GC(317)   Other: 0.2ms
[2024-10-12T11:44:30.740+0800][info] GC(317) Eden regions: 2->0(2)
[2024-10-12T11:44:30.740+0800][info] GC(317) Survivor regions: 1->1(1)
[2024-10-12T11:44:30.740+0800][info] GC(317) Old regions: 46->48
[2024-10-12T11:44:30.740+0800][info] GC(317) Archive regions: 2->2
[2024-10-12T11:44:30.740+0800][info] GC(317) Humongous regions: 3->3
[2024-10-12T11:44:30.740+0800][info] GC(317) Metaspace: 1636K(1792K)->1636K(1792K) NonClass: 1512K(1600K)->1512K(1600K) Class: 124K(192K)->124K(192K)
[2024-10-12T11:44:30.740+0800][info] GC(317) Pause Young (Normal) (G1 Evacuation Pause) 104M->104M(128M) 1.618ms
[2024-10-12T11:44:30.740+0800][info] GC(317) User=0.00s Sys=0.00s Real=0.00s
[2024-10-12T11:44:30.842+0800][info] GC(318) Pause Young (Concurrent Start) (G1 Evacuation Pause)
[2024-10-12T11:44:30.842+0800][info] GC(318) Using 3 workers of 48 for evacuation
[2024-10-12T11:44:30.844+0800][info] GC(318)   Pre Evacuate Collection Set: 0.1ms
[2024-10-12T11:44:30.844+0800][info] GC(318)   Merge Heap Roots: 0.1ms
[2024-10-12T11:44:30.844+0800][info] GC(318)   Evacuate Collection Set: 1.0ms
[2024-10-12T11:44:30.844+0800][info] GC(318)   Post Evacuate Collection Set: 0.2ms
[2024-10-12T11:44:30.844+0800][info] GC(318)   Other: 0.3ms
[2024-10-12T11:44:30.844+0800][info] GC(318) Eden regions: 2->0(2)
[2024-10-12T11:44:30.844+0800][info] GC(318) Survivor regions: 1->1(1)
[2024-10-12T11:44:30.844+0800][info] GC(318) Old regions: 48->50
[2024-10-12T11:44:30.844+0800][info] GC(318) Archive regions: 2->2
[2024-10-12T11:44:30.844+0800][info] GC(318) Humongous regions: 3->3
[2024-10-12T11:44:30.844+0800][info] GC(318) Metaspace: 1636K(1792K)->1636K(1792K) NonClass: 1512K(1600K)->1512K(1600K) Class: 124K(192K)->124K(192K)
[2024-10-12T11:44:30.844+0800][info] GC(318) Pause Young (Concurrent Start) (G1 Evacuation Pause) 108M->108M(128M) 1.731ms
[2024-10-12T11:44:30.844+0800][info] GC(318) User=0.00s Sys=0.00s Real=0.00s
[2024-10-12T11:44:30.844+0800][info] GC(319) Concurrent Mark Cycle
[2024-10-12T11:44:30.844+0800][info] GC(319) Concurrent Clear Claimed Marks
[2024-10-12T11:44:30.844+0800][info] GC(319) Concurrent Clear Claimed Marks 0.016ms
[2024-10-12T11:44:30.844+0800][info] GC(319) Concurrent Scan Root Regions
[2024-10-12T11:44:30.844+0800][info] GC(319) Concurrent Scan Root Regions 0.107ms
[2024-10-12T11:44:30.844+0800][info] GC(319) Concurrent Mark
[2024-10-12T11:44:30.844+0800][info] GC(319) Concurrent Mark From Roots
[2024-10-12T11:44:30.844+0800][info] GC(319) Using 12 workers of 12 for marking
[2024-10-12T11:44:30.848+0800][info] GC(319) Concurrent Mark From Roots 3.503ms
[2024-10-12T11:44:30.848+0800][info] GC(319) Concurrent Preclean
[2024-10-12T11:44:30.850+0800][info] GC(319) Concurrent Preclean 1.696ms
[2024-10-12T11:44:30.850+0800][info] GC(319) Pause Remark
[2024-10-12T11:44:30.851+0800][info] GC(319) Pause Remark 108M->108M(128M) 1.617ms
[2024-10-12T11:44:30.851+0800][info] GC(319) User=0.00s Sys=0.00s Real=0.00s
[2024-10-12T11:44:30.851+0800][info] GC(319) Concurrent Mark 7.128ms
[2024-10-12T11:44:30.851+0800][info] GC(319) Concurrent Rebuild Remembered Sets
[2024-10-12T11:44:30.853+0800][info] GC(319) Concurrent Rebuild Remembered Sets 1.386ms
[2024-10-12T11:44:30.853+0800][info] GC(319) Pause Cleanup
[2024-10-12T11:44:30.853+0800][info] GC(319) Pause Cleanup 108M->108M(128M) 0.281ms
[2024-10-12T11:44:30.853+0800][info] GC(319) User=0.00s Sys=0.00s Real=0.01s
[2024-10-12T11:44:30.853+0800][info] GC(319) Concurrent Cleanup for Next Mark
[2024-10-12T11:44:30.854+0800][info] GC(319) Concurrent Cleanup for Next Mark 0.379ms
[2024-10-12T11:44:30.854+0800][info] GC(319) Concurrent Mark Cycle 9.688ms
[2024-10-12T11:44:30.997+0800][info] GC(320) Pause Young (Prepare Mixed) (G1 Evacuation Pause)
[2024-10-12T11:44:30.997+0800][info] GC(320) Using 3 workers of 48 for evacuation
[2024-10-12T11:44:30.999+0800][info] GC(320)   Pre Evacuate Collection Set: 0.1ms
[2024-10-12T11:44:30.999+0800][info] GC(320)   Merge Heap Roots: 0.1ms
[2024-10-12T11:44:30.999+0800][info] GC(320)   Evacuate Collection Set: 1.1ms
[2024-10-12T11:44:30.999+0800][info] GC(320)   Post Evacuate Collection Set: 0.2ms
[2024-10-12T11:44:30.999+0800][info] GC(320)   Other: 0.2ms
[2024-10-12T11:44:30.999+0800][info] GC(320) Eden regions: 2->0(2)
[2024-10-12T11:44:30.999+0800][info] GC(320) Survivor regions: 1->1(1)
[2024-10-12T11:44:30.999+0800][info] GC(320) Old regions: 50->52
[2024-10-12T11:44:30.999+0800][info] GC(320) Archive regions: 2->2
[2024-10-12T11:44:30.999+0800][info] GC(320) Humongous regions: 3->3
[2024-10-12T11:44:30.999+0800][info] GC(320) Metaspace: 1636K(1792K)->1636K(1792K) NonClass: 1512K(1600K)->1512K(1600K) Class: 124K(192K)->124K(192K)
[2024-10-12T11:44:30.999+0800][info] GC(320) Pause Young (Prepare Mixed) (G1 Evacuation Pause) 111M->112M(128M) 1.818ms
[2024-10-12T11:44:30.999+0800][info] GC(320) User=0.00s Sys=0.00s Real=0.00s
[2024-10-12T11:44:31.061+0800][info] GC(321) Pause Young (Mixed) (G1 Preventive Collection)
[2024-10-12T11:44:31.061+0800][info] GC(321) Using 3 workers of 48 for evacuation
[2024-10-12T11:44:31.063+0800][info] GC(321)   Pre Evacuate Collection Set: 0.1ms
[2024-10-12T11:44:31.063+0800][info] GC(321)   Merge Heap Roots: 0.1ms
[2024-10-12T11:44:31.063+0800][info] GC(321)   Evacuate Collection Set: 1.7ms
[2024-10-12T11:44:31.063+0800][info] GC(321)   Post Evacuate Collection Set: 0.2ms
[2024-10-12T11:44:31.063+0800][info] GC(321)   Other: 0.2ms
[2024-10-12T11:44:31.063+0800][info] GC(321) Eden regions: 1->0(2)
[2024-10-12T11:44:31.063+0800][info] GC(321) Survivor regions: 1->1(1)
[2024-10-12T11:44:31.063+0800][info] GC(321) Old regions: 52->47
[2024-10-12T11:44:31.063+0800][info] GC(321) Archive regions: 2->2
[2024-10-12T11:44:31.063+0800][info] GC(321) Humongous regions: 3->3
[2024-10-12T11:44:31.063+0800][info] GC(321) Metaspace: 1636K(1792K)->1636K(1792K) NonClass: 1512K(1600K)->1512K(1600K) Class: 124K(192K)->124K(192K)
[2024-10-12T11:44:31.063+0800][info] GC(321) Pause Young (Mixed) (G1 Preventive Collection) 114M->103M(128M) 2.449ms
[2024-10-12T11:44:31.063+0800][info] GC(321) User=0.01s Sys=0.00s Real=0.00s
[2024-10-12T11:44:31.166+0800][info] GC(322) Pause Young (Mixed) (G1 Evacuation Pause)
[2024-10-12T11:44:31.166+0800][info] GC(322) Using 3 workers of 48 for evacuation
[2024-10-12T11:44:31.169+0800][info] GC(322)   Pre Evacuate Collection Set: 0.1ms
[2024-10-12T11:44:31.169+0800][info] GC(322)   Merge Heap Roots: 0.1ms
[2024-10-12T11:44:31.169+0800][info] GC(322)   Evacuate Collection Set: 2.6ms
[2024-10-12T11:44:31.169+0800][info] GC(322)   Post Evacuate Collection Set: 0.2ms
[2024-10-12T11:44:31.169+0800][info] GC(322)   Other: 0.1ms
[2024-10-12T11:44:31.169+0800][info] GC(322) Eden regions: 2->0(2)
[2024-10-12T11:44:31.169+0800][info] GC(322) Survivor regions: 1->1(1)
[2024-10-12T11:44:31.169+0800][info] GC(322) Old regions: 47->46
[2024-10-12T11:44:31.169+0800][info] GC(322) Archive regions: 2->2
[2024-10-12T11:44:31.169+0800][info] GC(322) Humongous regions: 3->3
[2024-10-12T11:44:31.169+0800][info] GC(322) Metaspace: 1636K(1792K)->1636K(1792K) NonClass: 1512K(1600K)->1512K(1600K) Class: 124K(192K)->124K(192K)
[2024-10-12T11:44:31.169+0800][info] GC(322) Pause Young (Mixed) (G1 Evacuation Pause) 107M->100M(128M) 3.338ms
[2024-10-12T11:44:31.169+0800][info] GC(322) User=0.01s Sys=0.00s Real=0.00s
[2024-10-12T11:44:31.271+0800][info] GC(323) Pause Young (Mixed) (G1 Evacuation Pause)
[2024-10-12T11:44:31.271+0800][info] GC(323) Using 3 workers of 48 for evacuation
[2024-10-12T11:44:31.274+0800][info] GC(323)   Pre Evacuate Collection Set: 0.1ms
[2024-10-12T11:44:31.274+0800][info] GC(323)   Merge Heap Roots: 0.1ms
[2024-10-12T11:44:31.274+0800][info] GC(323)   Evacuate Collection Set: 2.9ms
[2024-10-12T11:44:31.274+0800][info] GC(323)   Post Evacuate Collection Set: 0.2ms
[2024-10-12T11:44:31.274+0800][info] GC(323)   Other: 0.1ms
[2024-10-12T11:44:31.274+0800][info] GC(323) Eden regions: 2->0(2)
[2024-10-12T11:44:31.274+0800][info] GC(323) Survivor regions: 1->1(1)
[2024-10-12T11:44:31.274+0800][info] GC(323) Old regions: 46->45
[2024-10-12T11:44:31.274+0800][info] GC(323) Archive regions: 2->2
[2024-10-12T11:44:31.274+0800][info] GC(323) Humongous regions: 3->3
[2024-10-12T11:44:31.274+0800][info] GC(323) Metaspace: 1636K(1792K)->1636K(1792K) NonClass: 1512K(1600K)->1512K(1600K) Class: 124K(192K)->124K(192K)
[2024-10-12T11:44:31.274+0800][info] GC(323) Pause Young (Mixed) (G1 Evacuation Pause) 103M->98M(128M) 3.564ms
[2024-10-12T11:44:31.275+0800][info] GC(323) User=0.01s Sys=0.00s Real=0.01s
[2024-10-12T11:44:31.377+0800][info] GC(324) Pause Young (Mixed) (G1 Evacuation Pause)
[2024-10-12T11:44:31.377+0800][info] GC(324) Using 3 workers of 48 for evacuation
[2024-10-12T11:44:31.381+0800][info] GC(324)   Pre Evacuate Collection Set: 0.1ms
[2024-10-12T11:44:31.381+0800][info] GC(324)   Merge Heap Roots: 0.1ms
[2024-10-12T11:44:31.381+0800][info] GC(324)   Evacuate Collection Set: 3.0ms
[2024-10-12T11:44:31.381+0800][info] GC(324)   Post Evacuate Collection Set: 0.2ms
[2024-10-12T11:44:31.381+0800][info] GC(324)   Other: 0.1ms
[2024-10-12T11:44:31.381+0800][info] GC(324) Eden regions: 2->0(2)
[2024-10-12T11:44:31.381+0800][info] GC(324) Survivor regions: 1->1(1)
[2024-10-12T11:44:31.381+0800][info] GC(324) Old regions: 45->45
[2024-10-12T11:44:31.381+0800][info] GC(324) Archive regions: 2->2
[2024-10-12T11:44:31.381+0800][info] GC(324) Humongous regions: 3->3
[2024-10-12T11:44:31.381+0800][info] GC(324) Metaspace: 1636K(1792K)->1636K(1792K) NonClass: 1512K(1600K)->1512K(1600K) Class: 124K(192K)->124K(192K)
[2024-10-12T11:44:31.381+0800][info] GC(324) Pause Young (Mixed) (G1 Evacuation Pause) 101M->98M(128M) 3.800ms
[2024-10-12T11:44:31.381+0800][info] GC(324) User=0.01s Sys=0.01s Real=0.00s
[2024-10-12T11:44:31.483+0800][info] GC(325) Pause Young (Mixed) (G1 Evacuation Pause)
[2024-10-12T11:44:31.483+0800][info] GC(325) Using 3 workers of 48 for evacuation
[2024-10-12T11:44:31.488+0800][info] GC(325)   Pre Evacuate Collection Set: 0.1ms
[2024-10-12T11:44:31.488+0800][info] GC(325)   Merge Heap Roots: 0.1ms
[2024-10-12T11:44:31.488+0800][info] GC(325)   Evacuate Collection Set: 4.2ms
[2024-10-12T11:44:31.488+0800][info] GC(325)   Post Evacuate Collection Set: 0.3ms
[2024-10-12T11:44:31.488+0800][info] GC(325)   Other: 0.1ms
[2024-10-12T11:44:31.488+0800][info] GC(325) Eden regions: 2->0(2)
[2024-10-12T11:44:31.488+0800][info] GC(325) Survivor regions: 1->1(1)
[2024-10-12T11:44:31.488+0800][info] GC(325) Old regions: 45->44
[2024-10-12T11:44:31.488+0800][info] GC(325) Archive regions: 2->2
[2024-10-12T11:44:31.488+0800][info] GC(325) Humongous regions: 3->3
[2024-10-12T11:44:31.488+0800][info] GC(325) Metaspace: 1636K(1792K)->1636K(1792K) NonClass: 1512K(1600K)->1512K(1600K) Class: 124K(192K)->124K(192K)
[2024-10-12T11:44:31.488+0800][info] GC(325) Pause Young (Mixed) (G1 Evacuation Pause) 101M->97M(128M) 5.062ms
[2024-10-12T11:44:31.488+0800][info] GC(325) User=0.01s Sys=0.00s Real=0.01s
[2024-10-12T11:44:31.591+0800][info] GC(326) Pause Young (Normal) (G1 Evacuation Pause)
[2024-10-12T11:44:31.591+0800][info] GC(326) Using 3 workers of 48 for evacuation
[2024-10-12T11:44:31.592+0800][info] GC(326)   Pre Evacuate Collection Set: 0.1ms
[2024-10-12T11:44:31.592+0800][info] GC(326)   Merge Heap Roots: 0.1ms
[2024-10-12T11:44:31.592+0800][info] GC(326)   Evacuate Collection Set: 1.0ms
[2024-10-12T11:44:31.592+0800][info] GC(326)   Post Evacuate Collection Set: 0.2ms
[2024-10-12T11:44:31.592+0800][info] GC(326)   Other: 0.2ms
[2024-10-12T11:44:31.592+0800][info] GC(326) Eden regions: 2->0(2)
[2024-10-12T11:44:31.592+0800][info] GC(326) Survivor regions: 1->1(1)
[2024-10-12T11:44:31.592+0800][info] GC(326) Old regions: 44->46
[2024-10-12T11:44:31.592+0800][info] GC(326) Archive regions: 2->2
[2024-10-12T11:44:31.592+0800][info] GC(326) Humongous regions: 3->3
[2024-10-12T11:44:31.592+0800][info] GC(326) Metaspace: 1636K(1792K)->1636K(1792K) NonClass: 1512K(1600K)->1512K(1600K) Class: 124K(192K)->124K(192K)
[2024-10-12T11:44:31.592+0800][info] GC(326) Pause Young (Normal) (G1 Evacuation Pause) 100M->100M(128M) 1.634ms
[2024-10-12T11:44:31.592+0800][info] GC(326) User=0.01s Sys=0.00s Real=0.00s
[2024-10-12T11:44:31.694+0800][info] GC(327) Pause Young (Normal) (G1 Evacuation Pause)
[2024-10-12T11:44:31.694+0800][info] GC(327) Using 3 workers of 48 for evacuation
[2024-10-12T11:44:31.696+0800][info] GC(327)   Pre Evacuate Collection Set: 0.1ms
[2024-10-12T11:44:31.696+0800][info] GC(327)   Merge Heap Roots: 0.1ms
[2024-10-12T11:44:31.696+0800][info] GC(327)   Evacuate Collection Set: 1.0ms
[2024-10-12T11:44:31.696+0800][info] GC(327)   Post Evacuate Collection Set: 0.2ms
[2024-10-12T11:44:31.696+0800][info] GC(327)   Other: 0.2ms
[2024-10-12T11:44:31.696+0800][info] GC(327) Eden regions: 2->0(2)
[2024-10-12T11:44:31.696+0800][info] GC(327) Survivor regions: 1->1(1)
[2024-10-12T11:44:31.696+0800][info] GC(327) Old regions: 46->48
[2024-10-12T11:44:31.696+0800][info] GC(327) Archive regions: 2->2
[2024-10-12T11:44:31.696+0800][info] GC(327) Humongous regions: 3->3
[2024-10-12T11:44:31.696+0800][info] GC(327) Metaspace: 1636K(1792K)->1636K(1792K) NonClass: 1512K(1600K)->1512K(1600K) Class: 124K(192K)->124K(192K)
[2024-10-12T11:44:31.696+0800][info] GC(327) Pause Young (Normal) (G1 Evacuation Pause) 104M->104M(128M) 1.616ms
[2024-10-12T11:44:31.696+0800][info] GC(327) User=0.00s Sys=0.00s Real=0.00s
[2024-10-12T11:44:31.778+0800][info] GC(328) Pause Young (Concurrent Start) (G1 Humongous Allocation)
[2024-10-12T11:44:31.778+0800][info] GC(328) Using 3 workers of 48 for evacuation
[2024-10-12T11:44:31.779+0800][info] GC(328)   Pre Evacuate Collection Set: 0.1ms
[2024-10-12T11:44:31.779+0800][info] GC(328)   Merge Heap Roots: 0.1ms
[2024-10-12T11:44:31.779+0800][info] GC(328)   Evacuate Collection Set: 1.1ms
[2024-10-12T11:44:31.779+0800][info] GC(328)   Post Evacuate Collection Set: 0.2ms
[2024-10-12T11:44:31.779+0800][info] GC(328)   Other: 0.4ms
[2024-10-12T11:44:31.779+0800][info] GC(328) Eden regions: 2->0(2)
[2024-10-12T11:44:31.780+0800][info] GC(328) Survivor regions: 1->1(1)
[2024-10-12T11:44:31.780+0800][info] GC(328) Old regions: 48->50
[2024-10-12T11:44:31.780+0800][info] GC(328) Archive regions: 2->2
[2024-10-12T11:44:31.780+0800][info] GC(328) Humongous regions: 3->3
[2024-10-12T11:44:31.780+0800][info] GC(328) Metaspace: 1636K(1792K)->1636K(1792K) NonClass: 1512K(1600K)->1512K(1600K) Class: 124K(192K)->124K(192K)
[2024-10-12T11:44:31.780+0800][info] GC(328) Pause Young (Concurrent Start) (G1 Humongous Allocation) 107M->108M(128M) 1.857ms
[2024-10-12T11:44:31.780+0800][info] GC(328) User=0.01s Sys=0.00s Real=0.00s
[2024-10-12T11:44:31.780+0800][info] GC(329) Concurrent Mark Cycle
[2024-10-12T11:44:31.780+0800][info] GC(329) Concurrent Clear Claimed Marks
[2024-10-12T11:44:31.780+0800][info] GC(329) Concurrent Clear Claimed Marks 0.016ms
[2024-10-12T11:44:31.780+0800][info] GC(329) Concurrent Scan Root Regions
[2024-10-12T11:44:31.780+0800][info] GC(329) Concurrent Scan Root Regions 0.156ms
[2024-10-12T11:44:31.780+0800][info] GC(329) Concurrent Mark
[2024-10-12T11:44:31.780+0800][info] GC(329) Concurrent Mark From Roots
[2024-10-12T11:44:31.780+0800][info] GC(329) Using 12 workers of 12 for marking
[2024-10-12T11:44:31.783+0800][info] GC(329) Concurrent Mark From Roots 3.291ms
[2024-10-12T11:44:31.783+0800][info] GC(329) Concurrent Preclean
[2024-10-12T11:44:31.785+0800][info] GC(329) Concurrent Preclean 1.700ms
[2024-10-12T11:44:31.785+0800][info] GC(329) Pause Remark
[2024-10-12T11:44:31.787+0800][info] GC(329) Pause Remark 110M->108M(128M) 1.584ms
[2024-10-12T11:44:31.787+0800][info] GC(329) User=0.00s Sys=0.00s Real=0.01s
[2024-10-12T11:44:31.787+0800][info] GC(329) Concurrent Mark 6.836ms
[2024-10-12T11:44:31.787+0800][info] GC(329) Concurrent Rebuild Remembered Sets
[2024-10-12T11:44:31.788+0800][info] GC(329) Concurrent Rebuild Remembered Sets 1.334ms
[2024-10-12T11:44:31.788+0800][info] GC(329) Pause Cleanup
[2024-10-12T11:44:31.789+0800][info] GC(329) Pause Cleanup 108M->108M(128M) 0.247ms
[2024-10-12T11:44:31.789+0800][info] GC(329) User=0.00s Sys=0.00s Real=0.00s
[2024-10-12T11:44:31.789+0800][info] GC(329) Concurrent Cleanup for Next Mark
[2024-10-12T11:44:31.789+0800][info] GC(329) Concurrent Cleanup for Next Mark 0.378ms
[2024-10-12T11:44:31.789+0800][info] GC(329) Concurrent Mark Cycle 9.336ms
[2024-10-12T11:44:31.954+0800][info] GC(330) Pause Young (Prepare Mixed) (G1 Evacuation Pause)
[2024-10-12T11:44:31.954+0800][info] GC(330) Using 3 workers of 48 for evacuation
[2024-10-12T11:44:31.955+0800][info] GC(330)   Pre Evacuate Collection Set: 0.1ms
[2024-10-12T11:44:31.955+0800][info] GC(330)   Merge Heap Roots: 0.1ms
[2024-10-12T11:44:31.955+0800][info] GC(330)   Evacuate Collection Set: 1.1ms
[2024-10-12T11:44:31.955+0800][info] GC(330)   Post Evacuate Collection Set: 0.2ms
[2024-10-12T11:44:31.955+0800][info] GC(330)   Other: 0.2ms
[2024-10-12T11:44:31.955+0800][info] GC(330) Eden regions: 2->0(2)
[2024-10-12T11:44:31.955+0800][info] GC(330) Survivor regions: 1->1(1)
[2024-10-12T11:44:31.955+0800][info] GC(330) Old regions: 49->50
[2024-10-12T11:44:31.955+0800][info] GC(330) Archive regions: 2->2
[2024-10-12T11:44:31.955+0800][info] GC(330) Humongous regions: 4->3
[2024-10-12T11:44:31.955+0800][info] GC(330) Metaspace: 1636K(1792K)->1636K(1792K) NonClass: 1512K(1600K)->1512K(1600K) Class: 124K(192K)->124K(192K)
[2024-10-12T11:44:31.956+0800][info] GC(330) Pause Young (Prepare Mixed) (G1 Evacuation Pause) 112M->109M(128M) 1.767ms
[2024-10-12T11:44:31.956+0800][info] GC(330) User=0.00s Sys=0.00s Real=0.00s
[2024-10-12T11:44:32.058+0800][info] GC(331) Pause Young (Mixed) (G1 Preventive Collection)
[2024-10-12T11:44:32.058+0800][info] GC(331) Using 3 workers of 48 for evacuation
[2024-10-12T11:44:32.061+0800][info] GC(331)   Pre Evacuate Collection Set: 0.1ms
[2024-10-12T11:44:32.061+0800][info] GC(331)   Merge Heap Roots: 0.1ms
[2024-10-12T11:44:32.061+0800][info] GC(331)   Evacuate Collection Set: 1.8ms
[2024-10-12T11:44:32.061+0800][info] GC(331)   Post Evacuate Collection Set: 0.2ms
[2024-10-12T11:44:32.061+0800][info] GC(331)   Other: 0.2ms
[2024-10-12T11:44:32.061+0800][info] GC(331) Eden regions: 2->0(2)
[2024-10-12T11:44:32.061+0800][info] GC(331) Survivor regions: 1->1(1)
[2024-10-12T11:44:32.061+0800][info] GC(331) Old regions: 50->47
[2024-10-12T11:44:32.061+0800][info] GC(331) Archive regions: 2->2
[2024-10-12T11:44:32.061+0800][info] GC(331) Humongous regions: 3->3
[2024-10-12T11:44:32.061+0800][info] GC(331) Metaspace: 1636K(1792K)->1636K(1792K) NonClass: 1512K(1600K)->1512K(1600K) Class: 124K(192K)->124K(192K)
[2024-10-12T11:44:32.061+0800][info] GC(331) Pause Young (Mixed) (G1 Preventive Collection) 113M->103M(128M) 2.597ms
[2024-10-12T11:44:32.061+0800][info] GC(331) User=0.00s Sys=0.00s Real=0.00s
[2024-10-12T11:44:32.163+0800][info] GC(332) Pause Young (Mixed) (G1 Evacuation Pause)
[2024-10-12T11:44:32.163+0800][info] GC(332) Using 3 workers of 48 for evacuation
[2024-10-12T11:44:32.166+0800][info] GC(332)   Pre Evacuate Collection Set: 0.1ms
[2024-10-12T11:44:32.166+0800][info] GC(332)   Merge Heap Roots: 0.1ms
[2024-10-12T11:44:32.166+0800][info] GC(332)   Evacuate Collection Set: 2.6ms
[2024-10-12T11:44:32.166+0800][info] GC(332)   Post Evacuate Collection Set: 0.3ms
[2024-10-12T11:44:32.166+0800][info] GC(332)   Other: 0.2ms
[2024-10-12T11:44:32.166+0800][info] GC(332) Eden regions: 2->0(2)
[2024-10-12T11:44:32.166+0800][info] GC(332) Survivor regions: 1->1(1)
[2024-10-12T11:44:32.166+0800][info] GC(332) Old regions: 47->45
[2024-10-12T11:44:32.166+0800][info] GC(332) Archive regions: 2->2
[2024-10-12T11:44:32.166+0800][info] GC(332) Humongous regions: 3->3
[2024-10-12T11:44:32.166+0800][info] GC(332) Metaspace: 1636K(1792K)->1636K(1792K) NonClass: 1512K(1600K)->1512K(1600K) Class: 124K(192K)->124K(192K)
[2024-10-12T11:44:32.166+0800][info] GC(332) Pause Young (Mixed) (G1 Evacuation Pause) 106M->99M(128M) 3.372ms
[2024-10-12T11:44:32.166+0800][info] GC(332) User=0.00s Sys=0.00s Real=0.01s
[2024-10-12T11:44:32.268+0800][info] GC(333) Pause Young (Mixed) (G1 Evacuation Pause)
[2024-10-12T11:44:32.269+0800][info] GC(333) Using 3 workers of 48 for evacuation
[2024-10-12T11:44:32.272+0800][info] GC(333)   Pre Evacuate Collection Set: 0.1ms
[2024-10-12T11:44:32.272+0800][info] GC(333)   Merge Heap Roots: 0.1ms
[2024-10-12T11:44:32.272+0800][info] GC(333)   Evacuate Collection Set: 2.5ms
[2024-10-12T11:44:32.272+0800][info] GC(333)   Post Evacuate Collection Set: 0.2ms
[2024-10-12T11:44:32.272+0800][info] GC(333)   Other: 0.1ms
[2024-10-12T11:44:32.272+0800][info] GC(333) Eden regions: 2->0(2)
[2024-10-12T11:44:32.272+0800][info] GC(333) Survivor regions: 1->1(1)
[2024-10-12T11:44:32.272+0800][info] GC(333) Old regions: 45->44
[2024-10-12T11:44:32.272+0800][info] GC(333) Archive regions: 2->2
[2024-10-12T11:44:32.272+0800][info] GC(333) Humongous regions: 3->3
[2024-10-12T11:44:32.272+0800][info] GC(333) Metaspace: 1636K(1792K)->1636K(1792K) NonClass: 1512K(1600K)->1512K(1600K) Class: 124K(192K)->124K(192K)
[2024-10-12T11:44:32.272+0800][info] GC(333) Pause Young (Mixed) (G1 Evacuation Pause) 103M->97M(128M) 3.255ms
[2024-10-12T11:44:32.272+0800][info] GC(333) User=0.00s Sys=0.00s Real=0.00s
[2024-10-12T11:44:32.374+0800][info] GC(334) Pause Young (Mixed) (G1 Evacuation Pause)
[2024-10-12T11:44:32.374+0800][info] GC(334) Using 3 workers of 48 for evacuation
[2024-10-12T11:44:32.378+0800][info] GC(334)   Pre Evacuate Collection Set: 0.1ms
[2024-10-12T11:44:32.378+0800][info] GC(334)   Merge Heap Roots: 0.1ms
[2024-10-12T11:44:32.378+0800][info] GC(334)   Evacuate Collection Set: 3.3ms
[2024-10-12T11:44:32.378+0800][info] GC(334)   Post Evacuate Collection Set: 0.3ms
[2024-10-12T11:44:32.378+0800][info] GC(334)   Other: 0.2ms
[2024-10-12T11:44:32.378+0800][info] GC(334) Eden regions: 2->0(2)
[2024-10-12T11:44:32.378+0800][info] GC(334) Survivor regions: 1->1(1)
[2024-10-12T11:44:32.378+0800][info] GC(334) Old regions: 44->44
[2024-10-12T11:44:32.378+0800][info] GC(334) Archive regions: 2->2
[2024-10-12T11:44:32.378+0800][info] GC(334) Humongous regions: 3->3
[2024-10-12T11:44:32.378+0800][info] GC(334) Metaspace: 1636K(1792K)->1636K(1792K) NonClass: 1512K(1600K)->1512K(1600K) Class: 124K(192K)->124K(192K)
[2024-10-12T11:44:32.378+0800][info] GC(334) Pause Young (Mixed) (G1 Evacuation Pause) 100M->96M(128M) 4.038ms
[2024-10-12T11:44:32.378+0800][info] GC(334) User=0.01s Sys=0.00s Real=0.00s
[2024-10-12T11:44:32.480+0800][info] GC(335) Pause Young (Mixed) (G1 Evacuation Pause)
[2024-10-12T11:44:32.480+0800][info] GC(335) Using 3 workers of 48 for evacuation
[2024-10-12T11:44:32.485+0800][info] GC(335)   Pre Evacuate Collection Set: 0.1ms
[2024-10-12T11:44:32.485+0800][info] GC(335)   Merge Heap Roots: 0.1ms
[2024-10-12T11:44:32.485+0800][info] GC(335)   Evacuate Collection Set: 4.2ms
[2024-10-12T11:44:32.485+0800][info] GC(335)   Post Evacuate Collection Set: 0.3ms
[2024-10-12T11:44:32.485+0800][info] GC(335)   Other: 0.2ms
[2024-10-12T11:44:32.485+0800][info] GC(335) Eden regions: 2->0(2)
[2024-10-12T11:44:32.485+0800][info] GC(335) Survivor regions: 1->1(1)
[2024-10-12T11:44:32.485+0800][info] GC(335) Old regions: 44->44
[2024-10-12T11:44:32.485+0800][info] GC(335) Archive regions: 2->2
[2024-10-12T11:44:32.485+0800][info] GC(335) Humongous regions: 3->3
[2024-10-12T11:44:32.485+0800][info] GC(335) Metaspace: 1636K(1792K)->1636K(1792K) NonClass: 1512K(1600K)->1512K(1600K) Class: 124K(192K)->124K(192K)
[2024-10-12T11:44:32.485+0800][info] GC(335) Pause Young (Mixed) (G1 Evacuation Pause) 100M->97M(128M) 5.052ms
[2024-10-12T11:44:32.485+0800][info] GC(335) User=0.01s Sys=0.00s Real=0.01s
[2024-10-12T11:44:32.587+0800][info] GC(336) Pause Young (Normal) (G1 Evacuation Pause)
[2024-10-12T11:44:32.587+0800][info] GC(336) Using 3 workers of 48 for evacuation
[2024-10-12T11:44:32.589+0800][info] GC(336)   Pre Evacuate Collection Set: 0.1ms
[2024-10-12T11:44:32.589+0800][info] GC(336)   Merge Heap Roots: 0.1ms
[2024-10-12T11:44:32.589+0800][info] GC(336)   Evacuate Collection Set: 1.0ms
[2024-10-12T11:44:32.589+0800][info] GC(336)   Post Evacuate Collection Set: 0.2ms
[2024-10-12T11:44:32.589+0800][info] GC(336)   Other: 0.2ms
[2024-10-12T11:44:32.589+0800][info] GC(336) Eden regions: 2->0(2)
[2024-10-12T11:44:32.589+0800][info] GC(336) Survivor regions: 1->1(1)
[2024-10-12T11:44:32.589+0800][info] GC(336) Old regions: 44->46
[2024-10-12T11:44:32.589+0800][info] GC(336) Archive regions: 2->2
[2024-10-12T11:44:32.589+0800][info] GC(336) Humongous regions: 3->3
[2024-10-12T11:44:32.589+0800][info] GC(336) Metaspace: 1636K(1792K)->1636K(1792K) NonClass: 1512K(1600K)->1512K(1600K) Class: 124K(192K)->124K(192K)
[2024-10-12T11:44:32.589+0800][info] GC(336) Pause Young (Normal) (G1 Evacuation Pause) 100M->100M(128M) 1.659ms
[2024-10-12T11:44:32.589+0800][info] GC(336) User=0.01s Sys=0.00s Real=0.00s
[2024-10-12T11:44:32.691+0800][info] GC(337) Pause Young (Normal) (G1 Evacuation Pause)
[2024-10-12T11:44:32.691+0800][info] GC(337) Using 3 workers of 48 for evacuation
[2024-10-12T11:44:32.693+0800][info] GC(337)   Pre Evacuate Collection Set: 0.1ms
[2024-10-12T11:44:32.693+0800][info] GC(337)   Merge Heap Roots: 0.1ms
[2024-10-12T11:44:32.693+0800][info] GC(337)   Evacuate Collection Set: 0.9ms
[2024-10-12T11:44:32.693+0800][info] GC(337)   Post Evacuate Collection Set: 0.2ms
[2024-10-12T11:44:32.693+0800][info] GC(337)   Other: 0.2ms
[2024-10-12T11:44:32.693+0800][info] GC(337) Eden regions: 2->0(2)
[2024-10-12T11:44:32.693+0800][info] GC(337) Survivor regions: 1->1(1)
[2024-10-12T11:44:32.693+0800][info] GC(337) Old regions: 46->48
[2024-10-12T11:44:32.693+0800][info] GC(337) Archive regions: 2->2
[2024-10-12T11:44:32.693+0800][info] GC(337) Humongous regions: 3->3
[2024-10-12T11:44:32.693+0800][info] GC(337) Metaspace: 1639K(1792K)->1639K(1792K) NonClass: 1515K(1600K)->1515K(1600K) Class: 124K(192K)->124K(192K)
[2024-10-12T11:44:32.693+0800][info] GC(337) Pause Young (Normal) (G1 Evacuation Pause) 104M->104M(128M) 1.462ms
[2024-10-12T11:44:32.693+0800][info] GC(337) User=0.00s Sys=0.00s Real=0.00s
[2024-10-12T11:44:32.795+0800][info] GC(338) Pause Young (Concurrent Start) (G1 Evacuation Pause)
[2024-10-12T11:44:32.795+0800][info] GC(338) Using 3 workers of 48 for evacuation
[2024-10-12T11:44:32.797+0800][info] GC(338)   Pre Evacuate Collection Set: 0.1ms
[2024-10-12T11:44:32.797+0800][info] GC(338)   Merge Heap Roots: 0.1ms
[2024-10-12T11:44:32.797+0800][info] GC(338)   Evacuate Collection Set: 1.3ms
[2024-10-12T11:44:32.797+0800][info] GC(338)   Post Evacuate Collection Set: 0.2ms
[2024-10-12T11:44:32.797+0800][info] GC(338)   Other: 0.4ms
[2024-10-12T11:44:32.797+0800][info] GC(338) Eden regions: 2->0(2)
[2024-10-12T11:44:32.797+0800][info] GC(338) Survivor regions: 1->1(1)
[2024-10-12T11:44:32.797+0800][info] GC(338) Old regions: 48->50
[2024-10-12T11:44:32.797+0800][info] GC(338) Archive regions: 2->2
[2024-10-12T11:44:32.797+0800][info] GC(338) Humongous regions: 3->3
[2024-10-12T11:44:32.797+0800][info] GC(338) Metaspace: 1639K(1792K)->1639K(1792K) NonClass: 1515K(1600K)->1515K(1600K) Class: 124K(192K)->124K(192K)
[2024-10-12T11:44:32.797+0800][info] GC(338) Pause Young (Concurrent Start) (G1 Evacuation Pause) 108M->109M(128M) 2.121ms
[2024-10-12T11:44:32.797+0800][info] GC(338) User=0.01s Sys=0.00s Real=0.00s
[2024-10-12T11:44:32.797+0800][info] GC(339) Concurrent Mark Cycle
[2024-10-12T11:44:32.797+0800][info] GC(339) Concurrent Clear Claimed Marks
[2024-10-12T11:44:32.797+0800][info] GC(339) Concurrent Clear Claimed Marks 0.017ms
[2024-10-12T11:44:32.797+0800][info] GC(339) Concurrent Scan Root Regions
[2024-10-12T11:44:32.797+0800][info] GC(339) Concurrent Scan Root Regions 0.158ms
[2024-10-12T11:44:32.797+0800][info] GC(339) Concurrent Mark
[2024-10-12T11:44:32.797+0800][info] GC(339) Concurrent Mark From Roots
[2024-10-12T11:44:32.797+0800][info] GC(339) Using 12 workers of 12 for marking
[2024-10-12T11:44:32.801+0800][info] GC(339) Concurrent Mark From Roots 3.383ms
[2024-10-12T11:44:32.801+0800][info] GC(339) Concurrent Preclean
[2024-10-12T11:44:32.803+0800][info] GC(339) Concurrent Preclean 1.708ms
[2024-10-12T11:44:32.803+0800][info] GC(339) Pause Remark
[2024-10-12T11:44:32.804+0800][info] GC(339) Pause Remark 109M->109M(128M) 1.637ms
[2024-10-12T11:44:32.804+0800][info] GC(339) User=0.00s Sys=0.00s Real=0.00s
[2024-10-12T11:44:32.804+0800][info] GC(339) Concurrent Mark 6.985ms
[2024-10-12T11:44:32.804+0800][info] GC(339) Concurrent Rebuild Remembered Sets
[2024-10-12T11:44:32.806+0800][info] GC(339) Concurrent Rebuild Remembered Sets 1.211ms
[2024-10-12T11:44:32.806+0800][info] GC(339) Pause Cleanup
[2024-10-12T11:44:32.806+0800][info] GC(339) Pause Cleanup 109M->109M(128M) 0.252ms
[2024-10-12T11:44:32.806+0800][info] GC(339) User=0.00s Sys=0.00s Real=0.00s
[2024-10-12T11:44:32.806+0800][info] GC(339) Concurrent Cleanup for Next Mark
[2024-10-12T11:44:32.807+0800][info] GC(339) Concurrent Cleanup for Next Mark 0.331ms
[2024-10-12T11:44:32.807+0800][info] GC(339) Concurrent Mark Cycle 9.349ms
[2024-10-12T11:44:32.950+0800][info] GC(340) Pause Young (Prepare Mixed) (G1 Evacuation Pause)
[2024-10-12T11:44:32.951+0800][info] GC(340) Using 3 workers of 48 for evacuation
[2024-10-12T11:44:32.952+0800][info] GC(340)   Pre Evacuate Collection Set: 0.1ms
[2024-10-12T11:44:32.952+0800][info] GC(340)   Merge Heap Roots: 0.1ms
[2024-10-12T11:44:32.952+0800][info] GC(340)   Evacuate Collection Set: 1.2ms
[2024-10-12T11:44:32.952+0800][info] GC(340)   Post Evacuate Collection Set: 0.2ms
[2024-10-12T11:44:32.952+0800][info] GC(340)   Other: 0.2ms
[2024-10-12T11:44:32.952+0800][info] GC(340) Eden regions: 2->0(2)
[2024-10-12T11:44:32.952+0800][info] GC(340) Survivor regions: 1->1(1)
[2024-10-12T11:44:32.952+0800][info] GC(340) Old regions: 50->52
[2024-10-12T11:44:32.952+0800][info] GC(340) Archive regions: 2->2
[2024-10-12T11:44:32.952+0800][info] GC(340) Humongous regions: 3->3
[2024-10-12T11:44:32.952+0800][info] GC(340) Metaspace: 1639K(1792K)->1639K(1792K) NonClass: 1515K(1600K)->1515K(1600K) Class: 124K(192K)->124K(192K)
[2024-10-12T11:44:32.952+0800][info] GC(340) Pause Young (Prepare Mixed) (G1 Evacuation Pause) 112M->112M(128M) 1.853ms
[2024-10-12T11:44:32.952+0800][info] GC(340) User=0.00s Sys=0.00s Real=0.00s
[2024-10-12T11:44:33.014+0800][info] GC(341) Pause Young (Mixed) (G1 Preventive Collection)
[2024-10-12T11:44:33.014+0800][info] GC(341) Using 3 workers of 48 for evacuation
[2024-10-12T11:44:33.016+0800][info] GC(341)   Pre Evacuate Collection Set: 0.1ms
[2024-10-12T11:44:33.016+0800][info] GC(341)   Merge Heap Roots: 0.1ms
[2024-10-12T11:44:33.016+0800][info] GC(341)   Evacuate Collection Set: 1.4ms
[2024-10-12T11:44:33.016+0800][info] GC(341)   Post Evacuate Collection Set: 0.2ms
[2024-10-12T11:44:33.016+0800][info] GC(341)   Other: 0.2ms
[2024-10-12T11:44:33.016+0800][info] GC(341) Eden regions: 1->0(2)
[2024-10-12T11:44:33.016+0800][info] GC(341) Survivor regions: 1->1(1)
[2024-10-12T11:44:33.016+0800][info] GC(341) Old regions: 52->47
[2024-10-12T11:44:33.016+0800][info] GC(341) Archive regions: 2->2
[2024-10-12T11:44:33.016+0800][info] GC(341) Humongous regions: 3->3
[2024-10-12T11:44:33.016+0800][info] GC(341) Metaspace: 1639K(1792K)->1639K(1792K) NonClass: 1515K(1600K)->1515K(1600K) Class: 124K(192K)->124K(192K)
[2024-10-12T11:44:33.016+0800][info] GC(341) Pause Young (Mixed) (G1 Preventive Collection) 114M->102M(128M) 2.140ms
[2024-10-12T11:44:33.016+0800][info] GC(341) User=0.01s Sys=0.00s Real=0.00s
[2024-10-12T11:44:33.118+0800][info] GC(342) Pause Young (Mixed) (G1 Evacuation Pause)
[2024-10-12T11:44:33.118+0800][info] GC(342) Using 3 workers of 48 for evacuation
[2024-10-12T11:44:33.121+0800][info] GC(342)   Pre Evacuate Collection Set: 0.1ms
[2024-10-12T11:44:33.121+0800][info] GC(342)   Merge Heap Roots: 0.1ms
[2024-10-12T11:44:33.121+0800][info] GC(342)   Evacuate Collection Set: 2.7ms
[2024-10-12T11:44:33.121+0800][info] GC(342)   Post Evacuate Collection Set: 0.2ms
[2024-10-12T11:44:33.121+0800][info] GC(342)   Other: 0.2ms
[2024-10-12T11:44:33.121+0800][info] GC(342) Eden regions: 2->0(2)
[2024-10-12T11:44:33.121+0800][info] GC(342) Survivor regions: 1->1(1)
[2024-10-12T11:44:33.121+0800][info] GC(342) Old regions: 47->45
[2024-10-12T11:44:33.121+0800][info] GC(342) Archive regions: 2->2
[2024-10-12T11:44:33.121+0800][info] GC(342) Humongous regions: 3->3
[2024-10-12T11:44:33.121+0800][info] GC(342) Metaspace: 1639K(1792K)->1639K(1792K) NonClass: 1515K(1600K)->1515K(1600K) Class: 124K(192K)->124K(192K)
[2024-10-12T11:44:33.121+0800][info] GC(342) Pause Young (Mixed) (G1 Evacuation Pause) 106M->99M(128M) 3.446ms
[2024-10-12T11:44:33.121+0800][info] GC(342) User=0.01s Sys=0.00s Real=0.00s
[2024-10-12T11:44:33.224+0800][info] GC(343) Pause Young (Mixed) (G1 Evacuation Pause)
[2024-10-12T11:44:33.224+0800][info] GC(343) Using 3 workers of 48 for evacuation
[2024-10-12T11:44:33.227+0800][info] GC(343)   Pre Evacuate Collection Set: 0.1ms
[2024-10-12T11:44:33.227+0800][info] GC(343)   Merge Heap Roots: 0.1ms
[2024-10-12T11:44:33.227+0800][info] GC(343)   Evacuate Collection Set: 2.7ms
[2024-10-12T11:44:33.227+0800][info] GC(343)   Post Evacuate Collection Set: 0.2ms
[2024-10-12T11:44:33.227+0800][info] GC(343)   Other: 0.2ms
[2024-10-12T11:44:33.227+0800][info] GC(343) Eden regions: 2->0(2)
[2024-10-12T11:44:33.227+0800][info] GC(343) Survivor regions: 1->1(1)
[2024-10-12T11:44:33.227+0800][info] GC(343) Old regions: 45->45
[2024-10-12T11:44:33.227+0800][info] GC(343) Archive regions: 2->2
[2024-10-12T11:44:33.227+0800][info] GC(343) Humongous regions: 3->3
[2024-10-12T11:44:33.227+0800][info] GC(343) Metaspace: 1639K(1792K)->1639K(1792K) NonClass: 1515K(1600K)->1515K(1600K) Class: 124K(192K)->124K(192K)
[2024-10-12T11:44:33.227+0800][info] GC(343) Pause Young (Mixed) (G1 Evacuation Pause) 103M->98M(128M) 3.376ms
[2024-10-12T11:44:33.227+0800][info] GC(343) User=0.01s Sys=0.00s Real=0.01s
[2024-10-12T11:44:33.329+0800][info] GC(344) Pause Young (Mixed) (G1 Evacuation Pause)
[2024-10-12T11:44:33.329+0800][info] GC(344) Using 3 workers of 48 for evacuation
[2024-10-12T11:44:33.333+0800][info] GC(344)   Pre Evacuate Collection Set: 0.1ms
[2024-10-12T11:44:33.333+0800][info] GC(344)   Merge Heap Roots: 0.1ms
[2024-10-12T11:44:33.333+0800][info] GC(344)   Evacuate Collection Set: 3.0ms
[2024-10-12T11:44:33.333+0800][info] GC(344)   Post Evacuate Collection Set: 0.3ms
[2024-10-12T11:44:33.333+0800][info] GC(344)   Other: 0.1ms
[2024-10-12T11:44:33.333+0800][info] GC(344) Eden regions: 2->0(2)
[2024-10-12T11:44:33.333+0800][info] GC(344) Survivor regions: 1->1(1)
[2024-10-12T11:44:33.333+0800][info] GC(344) Old regions: 45->43
[2024-10-12T11:44:33.333+0800][info] GC(344) Archive regions: 2->2
[2024-10-12T11:44:33.333+0800][info] GC(344) Humongous regions: 3->3
[2024-10-12T11:44:33.333+0800][info] GC(344) Metaspace: 1639K(1792K)->1639K(1792K) NonClass: 1515K(1600K)->1515K(1600K) Class: 124K(192K)->124K(192K)
[2024-10-12T11:44:33.333+0800][info] GC(344) Pause Young (Mixed) (G1 Evacuation Pause) 102M->95M(128M) 3.693ms
[2024-10-12T11:44:33.333+0800][info] GC(344) User=0.01s Sys=0.00s Real=0.00s
[2024-10-12T11:44:33.435+0800][info] GC(345) Pause Young (Mixed) (G1 Evacuation Pause)
[2024-10-12T11:44:33.435+0800][info] GC(345) Using 3 workers of 48 for evacuation
[2024-10-12T11:44:33.439+0800][info] GC(345)   Pre Evacuate Collection Set: 0.1ms
[2024-10-12T11:44:33.439+0800][info] GC(345)   Merge Heap Roots: 0.1ms
[2024-10-12T11:44:33.439+0800][info] GC(345)   Evacuate Collection Set: 3.2ms
[2024-10-12T11:44:33.439+0800][info] GC(345)   Post Evacuate Collection Set: 0.3ms
[2024-10-12T11:44:33.439+0800][info] GC(345)   Other: 0.2ms
[2024-10-12T11:44:33.439+0800][info] GC(345) Eden regions: 2->0(2)
[2024-10-12T11:44:33.439+0800][info] GC(345) Survivor regions: 1->1(1)
[2024-10-12T11:44:33.439+0800][info] GC(345) Old regions: 43->43
[2024-10-12T11:44:33.439+0800][info] GC(345) Archive regions: 2->2
[2024-10-12T11:44:33.439+0800][info] GC(345) Humongous regions: 3->3
[2024-10-12T11:44:33.439+0800][info] GC(345) Metaspace: 1640K(1792K)->1640K(1792K) NonClass: 1516K(1600K)->1516K(1600K) Class: 124K(192K)->124K(192K)
[2024-10-12T11:44:33.439+0800][info] GC(345) Pause Young (Mixed) (G1 Evacuation Pause) 99M->95M(128M) 4.005ms
[2024-10-12T11:44:33.439+0800][info] GC(345) User=0.01s Sys=0.00s Real=0.00s
[2024-10-12T11:44:33.541+0800][info] GC(346) Pause Young (Mixed) (G1 Evacuation Pause)
[2024-10-12T11:44:33.541+0800][info] GC(346) Using 3 workers of 48 for evacuation
[2024-10-12T11:44:33.543+0800][info] GC(346)   Pre Evacuate Collection Set: 0.1ms
[2024-10-12T11:44:33.543+0800][info] GC(346)   Merge Heap Roots: 0.1ms
[2024-10-12T11:44:33.543+0800][info] GC(346)   Evacuate Collection Set: 1.5ms
[2024-10-12T11:44:33.543+0800][info] GC(346)   Post Evacuate Collection Set: 0.2ms
[2024-10-12T11:44:33.543+0800][info] GC(346)   Other: 0.1ms
[2024-10-12T11:44:33.543+0800][info] GC(346) Eden regions: 2->0(2)
[2024-10-12T11:44:33.543+0800][info] GC(346) Survivor regions: 1->1(1)
[2024-10-12T11:44:33.543+0800][info] GC(346) Old regions: 43->45
[2024-10-12T11:44:33.543+0800][info] GC(346) Archive regions: 2->2
[2024-10-12T11:44:33.543+0800][info] GC(346) Humongous regions: 3->3
[2024-10-12T11:44:33.543+0800][info] GC(346) Metaspace: 1640K(1792K)->1640K(1792K) NonClass: 1516K(1600K)->1516K(1600K) Class: 124K(192K)->124K(192K)
[2024-10-12T11:44:33.543+0800][info] GC(346) Pause Young (Mixed) (G1 Evacuation Pause) 98M->99M(128M) 2.133ms
[2024-10-12T11:44:33.543+0800][info] GC(346) User=0.01s Sys=0.00s Real=0.00s
[2024-10-12T11:44:33.646+0800][info] GC(347) Pause Young (Normal) (G1 Evacuation Pause)
[2024-10-12T11:44:33.646+0800][info] GC(347) Using 3 workers of 48 for evacuation
[2024-10-12T11:44:33.647+0800][info] GC(347)   Pre Evacuate Collection Set: 0.1ms
[2024-10-12T11:44:33.647+0800][info] GC(347)   Merge Heap Roots: 0.1ms
[2024-10-12T11:44:33.647+0800][info] GC(347)   Evacuate Collection Set: 0.9ms
[2024-10-12T11:44:33.647+0800][info] GC(347)   Post Evacuate Collection Set: 0.2ms
[2024-10-12T11:44:33.647+0800][info] GC(347)   Other: 0.2ms
[2024-10-12T11:44:33.647+0800][info] GC(347) Eden regions: 2->0(2)
[2024-10-12T11:44:33.647+0800][info] GC(347) Survivor regions: 1->1(1)
[2024-10-12T11:44:33.647+0800][info] GC(347) Old regions: 45->47
[2024-10-12T11:44:33.647+0800][info] GC(347) Archive regions: 2->2
[2024-10-12T11:44:33.647+0800][info] GC(347) Humongous regions: 3->3
[2024-10-12T11:44:33.647+0800][info] GC(347) Metaspace: 1640K(1792K)->1640K(1792K) NonClass: 1516K(1600K)->1516K(1600K) Class: 124K(192K)->124K(192K)
[2024-10-12T11:44:33.647+0800][info] GC(347) Pause Young (Normal) (G1 Evacuation Pause) 102M->103M(128M) 1.556ms
[2024-10-12T11:44:33.648+0800][info] GC(347) User=0.00s Sys=0.00s Real=0.00s
[2024-10-12T11:44:33.750+0800][info] GC(348) Pause Young (Normal) (G1 Evacuation Pause)
[2024-10-12T11:44:33.750+0800][info] GC(348) Using 3 workers of 48 for evacuation
[2024-10-12T11:44:33.751+0800][info] GC(348)   Pre Evacuate Collection Set: 0.1ms
[2024-10-12T11:44:33.751+0800][info] GC(348)   Merge Heap Roots: 0.1ms
[2024-10-12T11:44:33.751+0800][info] GC(348)   Evacuate Collection Set: 0.8ms
[2024-10-12T11:44:33.751+0800][info] GC(348)   Post Evacuate Collection Set: 0.2ms
[2024-10-12T11:44:33.751+0800][info] GC(348)   Other: 0.2ms
[2024-10-12T11:44:33.751+0800][info] GC(348) Eden regions: 2->0(2)
[2024-10-12T11:44:33.751+0800][info] GC(348) Survivor regions: 1->1(1)
[2024-10-12T11:44:33.751+0800][info] GC(348) Old regions: 47->49
[2024-10-12T11:44:33.751+0800][info] GC(348) Archive regions: 2->2
[2024-10-12T11:44:33.751+0800][info] GC(348) Humongous regions: 3->3
[2024-10-12T11:44:33.751+0800][info] GC(348) Metaspace: 1640K(1792K)->1640K(1792K) NonClass: 1516K(1600K)->1516K(1600K) Class: 124K(192K)->124K(192K)
[2024-10-12T11:44:33.751+0800][info] GC(348) Pause Young (Normal) (G1 Evacuation Pause) 106M->106M(128M) 1.431ms
[2024-10-12T11:44:33.751+0800][info] GC(348) User=0.01s Sys=0.00s Real=0.00s
[2024-10-12T11:44:33.853+0800][info] GC(349) Pause Young (Concurrent Start) (G1 Evacuation Pause)
[2024-10-12T11:44:33.853+0800][info] GC(349) Using 3 workers of 48 for evacuation
[2024-10-12T11:44:33.855+0800][info] GC(349)   Pre Evacuate Collection Set: 0.1ms
[2024-10-12T11:44:33.855+0800][info] GC(349)   Merge Heap Roots: 0.1ms
[2024-10-12T11:44:33.855+0800][info] GC(349)   Evacuate Collection Set: 0.9ms
[2024-10-12T11:44:33.855+0800][info] GC(349)   Post Evacuate Collection Set: 0.2ms
[2024-10-12T11:44:33.855+0800][info] GC(349)   Other: 0.3ms
[2024-10-12T11:44:33.855+0800][info] GC(349) Eden regions: 2->0(2)
[2024-10-12T11:44:33.855+0800][info] GC(349) Survivor regions: 1->1(1)
[2024-10-12T11:44:33.855+0800][info] GC(349) Old regions: 49->51
[2024-10-12T11:44:33.855+0800][info] GC(349) Archive regions: 2->2
[2024-10-12T11:44:33.855+0800][info] GC(349) Humongous regions: 3->3
[2024-10-12T11:44:33.855+0800][info] GC(349) Metaspace: 1641K(1792K)->1641K(1792K) NonClass: 1517K(1600K)->1517K(1600K) Class: 124K(192K)->124K(192K)
[2024-10-12T11:44:33.855+0800][info] GC(349) Pause Young (Concurrent Start) (G1 Evacuation Pause) 110M->110M(128M) 1.704ms
[2024-10-12T11:44:33.855+0800][info] GC(349) User=0.00s Sys=0.00s Real=0.00s
[2024-10-12T11:44:33.855+0800][info] GC(350) Concurrent Mark Cycle
[2024-10-12T11:44:33.855+0800][info] GC(350) Concurrent Clear Claimed Marks
[2024-10-12T11:44:33.855+0800][info] GC(350) Concurrent Clear Claimed Marks 0.016ms
[2024-10-12T11:44:33.855+0800][info] GC(350) Concurrent Scan Root Regions
[2024-10-12T11:44:33.855+0800][info] GC(350) Concurrent Scan Root Regions 0.150ms
[2024-10-12T11:44:33.855+0800][info] GC(350) Concurrent Mark
[2024-10-12T11:44:33.855+0800][info] GC(350) Concurrent Mark From Roots
[2024-10-12T11:44:33.855+0800][info] GC(350) Using 12 workers of 12 for marking
[2024-10-12T11:44:33.859+0800][info] GC(350) Concurrent Mark From Roots 3.146ms
[2024-10-12T11:44:33.859+0800][info] GC(350) Concurrent Preclean
[2024-10-12T11:44:33.860+0800][info] GC(350) Concurrent Preclean 1.678ms
[2024-10-12T11:44:33.860+0800][info] GC(350) Pause Remark
[2024-10-12T11:44:33.862+0800][info] GC(350) Pause Remark 111M->111M(128M) 1.615ms
[2024-10-12T11:44:33.862+0800][info] GC(350) User=0.01s Sys=0.00s Real=0.00s
[2024-10-12T11:44:33.862+0800][info] GC(350) Concurrent Mark 6.699ms
[2024-10-12T11:44:33.862+0800][info] GC(350) Concurrent Rebuild Remembered Sets
[2024-10-12T11:44:33.863+0800][info] GC(350) Concurrent Rebuild Remembered Sets 1.284ms
[2024-10-12T11:44:33.864+0800][info] GC(350) Pause Cleanup
[2024-10-12T11:44:33.864+0800][info] GC(350) Pause Cleanup 111M->111M(128M) 0.249ms
[2024-10-12T11:44:33.864+0800][info] GC(350) User=0.01s Sys=0.00s Real=0.00s
[2024-10-12T11:44:33.864+0800][info] GC(350) Concurrent Cleanup for Next Mark
[2024-10-12T11:44:33.864+0800][info] GC(350) Concurrent Cleanup for Next Mark 0.335ms
[2024-10-12T11:44:33.864+0800][info] GC(350) Concurrent Mark Cycle 9.097ms
[2024-10-12T11:44:34.008+0800][info] GC(351) Pause Young (Prepare Mixed) (G1 Evacuation Pause)
[2024-10-12T11:44:34.008+0800][info] GC(351) Using 3 workers of 48 for evacuation
[2024-10-12T11:44:34.010+0800][info] GC(351)   Pre Evacuate Collection Set: 0.1ms
[2024-10-12T11:44:34.010+0800][info] GC(351)   Merge Heap Roots: 0.1ms
[2024-10-12T11:44:34.010+0800][info] GC(351)   Evacuate Collection Set: 1.0ms
[2024-10-12T11:44:34.010+0800][info] GC(351)   Post Evacuate Collection Set: 0.2ms
[2024-10-12T11:44:34.010+0800][info] GC(351)   Other: 0.2ms
[2024-10-12T11:44:34.010+0800][info] GC(351) Eden regions: 2->0(2)
[2024-10-12T11:44:34.010+0800][info] GC(351) Survivor regions: 1->1(1)
[2024-10-12T11:44:34.010+0800][info] GC(351) Old regions: 51->53
[2024-10-12T11:44:34.010+0800][info] GC(351) Archive regions: 2->2
[2024-10-12T11:44:34.010+0800][info] GC(351) Humongous regions: 3->3
[2024-10-12T11:44:34.010+0800][info] GC(351) Metaspace: 1641K(1792K)->1641K(1792K) NonClass: 1517K(1600K)->1517K(1600K) Class: 124K(192K)->124K(192K)
[2024-10-12T11:44:34.010+0800][info] GC(351) Pause Young (Prepare Mixed) (G1 Evacuation Pause) 114M->114M(128M) 1.710ms
[2024-10-12T11:44:34.010+0800][info] GC(351) User=0.00s Sys=0.00s Real=0.00s
[2024-10-12T11:44:34.030+0800][info] GC(352) Pause Young (Mixed) (G1 Preventive Collection)
[2024-10-12T11:44:34.030+0800][info] GC(352) Using 3 workers of 48 for evacuation
[2024-10-12T11:44:34.033+0800][info] GC(352) To-space exhausted
[2024-10-12T11:44:34.033+0800][info] GC(352)   Pre Evacuate Collection Set: 0.2ms
[2024-10-12T11:44:34.033+0800][info] GC(352)   Merge Heap Roots: 0.1ms
[2024-10-12T11:44:34.033+0800][info] GC(352)   Evacuate Collection Set: 1.6ms
[2024-10-12T11:44:34.033+0800][info] GC(352)   Post Evacuate Collection Set: 0.3ms
[2024-10-12T11:44:34.033+0800][info] GC(352)   Other: 0.2ms
[2024-10-12T11:44:34.033+0800][info] GC(352) Eden regions: 1->0(2)
[2024-10-12T11:44:34.033+0800][info] GC(352) Survivor regions: 1->1(1)
[2024-10-12T11:44:34.033+0800][info] GC(352) Old regions: 53->49
[2024-10-12T11:44:34.033+0800][info] GC(352) Archive regions: 2->2
[2024-10-12T11:44:34.033+0800][info] GC(352) Humongous regions: 3->3
[2024-10-12T11:44:34.033+0800][info] GC(352) Metaspace: 1641K(1792K)->1641K(1792K) NonClass: 1517K(1600K)->1517K(1600K) Class: 124K(192K)->124K(192K)
[2024-10-12T11:44:34.033+0800][info] GC(352) Pause Young (Mixed) (G1 Preventive Collection) 115M->107M(128M) 2.429ms
[2024-10-12T11:44:34.033+0800][info] GC(352) User=0.01s Sys=0.00s Real=0.00s
[2024-10-12T11:44:34.156+0800][info] GC(353) Pause Young (Mixed) (G1 Preventive Collection)
[2024-10-12T11:44:34.156+0800][info] GC(353) Using 3 workers of 48 for evacuation
[2024-10-12T11:44:34.159+0800][info] GC(353) To-space exhausted
[2024-10-12T11:44:34.159+0800][info] GC(353)   Pre Evacuate Collection Set: 0.2ms
[2024-10-12T11:44:34.159+0800][info] GC(353)   Merge Heap Roots: 0.1ms
[2024-10-12T11:44:34.159+0800][info] GC(353)   Evacuate Collection Set: 2.1ms
[2024-10-12T11:44:34.159+0800][info] GC(353)   Post Evacuate Collection Set: 0.3ms
[2024-10-12T11:44:34.159+0800][info] GC(353)   Other: 0.2ms
[2024-10-12T11:44:34.159+0800][info] GC(353) Eden regions: 2->0(2)
[2024-10-12T11:44:34.159+0800][info] GC(353) Survivor regions: 1->1(1)
[2024-10-12T11:44:34.159+0800][info] GC(353) Old regions: 49->52
[2024-10-12T11:44:34.159+0800][info] GC(353) Archive regions: 2->2
[2024-10-12T11:44:34.159+0800][info] GC(353) Humongous regions: 4->3
[2024-10-12T11:44:34.159+0800][info] GC(353) Metaspace: 1641K(1792K)->1641K(1792K) NonClass: 1517K(1600K)->1517K(1600K) Class: 124K(192K)->124K(192K)
[2024-10-12T11:44:34.159+0800][info] GC(353) Pause Young (Mixed) (G1 Preventive Collection) 112M->113M(128M) 2.956ms
[2024-10-12T11:44:34.159+0800][info] GC(353) User=0.01s Sys=0.00s Real=0.00s
[2024-10-12T11:44:34.221+0800][info] GC(354) Pause Young (Mixed) (G1 Preventive Collection)
[2024-10-12T11:44:34.221+0800][info] GC(354) Using 3 workers of 48 for evacuation
[2024-10-12T11:44:34.224+0800][info] GC(354) To-space exhausted
[2024-10-12T11:44:34.224+0800][info] GC(354)   Pre Evacuate Collection Set: 0.2ms
[2024-10-12T11:44:34.224+0800][info] GC(354)   Merge Heap Roots: 0.1ms
[2024-10-12T11:44:34.224+0800][info] GC(354)   Evacuate Collection Set: 2.4ms
[2024-10-12T11:44:34.224+0800][info] GC(354)   Post Evacuate Collection Set: 0.4ms
[2024-10-12T11:44:34.224+0800][info] GC(354)   Other: 0.1ms
[2024-10-12T11:44:34.224+0800][info] GC(354) Eden regions: 1->0(2)
[2024-10-12T11:44:34.224+0800][info] GC(354) Survivor regions: 1->1(1)
[2024-10-12T11:44:34.224+0800][info] GC(354) Old regions: 52->55
[2024-10-12T11:44:34.224+0800][info] GC(354) Archive regions: 2->2
[2024-10-12T11:44:34.224+0800][info] GC(354) Humongous regions: 3->3
[2024-10-12T11:44:34.224+0800][info] GC(354) Metaspace: 1641K(1792K)->1641K(1792K) NonClass: 1517K(1600K)->1517K(1600K) Class: 124K(192K)->124K(192K)
[2024-10-12T11:44:34.224+0800][info] GC(354) Pause Young (Mixed) (G1 Preventive Collection) 114M->118M(128M) 3.345ms
[2024-10-12T11:44:34.224+0800][info] GC(354) User=0.01s Sys=0.00s Real=0.00s
[2024-10-12T11:44:34.266+0800][info] GC(355) Pause Young (Mixed) (G1 Preventive Collection)
[2024-10-12T11:44:34.266+0800][info] GC(355) Using 3 workers of 48 for evacuation
[2024-10-12T11:44:34.268+0800][info] GC(355) To-space exhausted
[2024-10-12T11:44:34.268+0800][info] GC(355)   Pre Evacuate Collection Set: 0.2ms
[2024-10-12T11:44:34.268+0800][info] GC(355)   Merge Heap Roots: 0.1ms
[2024-10-12T11:44:34.268+0800][info] GC(355)   Evacuate Collection Set: 1.4ms
[2024-10-12T11:44:34.268+0800][info] GC(355)   Post Evacuate Collection Set: 0.5ms
[2024-10-12T11:44:34.268+0800][info] GC(355)   Other: 0.2ms
[2024-10-12T11:44:34.268+0800][info] GC(355) Eden regions: 1->0(2)
[2024-10-12T11:44:34.268+0800][info] GC(355) Survivor regions: 1->1(1)
[2024-10-12T11:44:34.268+0800][info] GC(355) Old regions: 55->57
[2024-10-12T11:44:34.268+0800][info] GC(355) Archive regions: 2->2
[2024-10-12T11:44:34.268+0800][info] GC(355) Humongous regions: 3->3
[2024-10-12T11:44:34.268+0800][info] GC(355) Metaspace: 1641K(1792K)->1641K(1792K) NonClass: 1517K(1600K)->1517K(1600K) Class: 124K(192K)->124K(192K)
[2024-10-12T11:44:34.268+0800][info] GC(355) Pause Young (Mixed) (G1 Preventive Collection) 120M->122M(128M) 2.484ms
[2024-10-12T11:44:34.268+0800][info] GC(355) User=0.00s Sys=0.00s Real=0.00s
[2024-10-12T11:44:34.330+0800][info] GC(356) Pause Young (Mixed) (G1 Evacuation Pause)
[2024-10-12T11:44:34.330+0800][info] GC(356) Using 3 workers of 48 for evacuation
[2024-10-12T11:44:34.332+0800][info] GC(356) To-space exhausted
[2024-10-12T11:44:34.332+0800][info] GC(356)   Pre Evacuate Collection Set: 0.2ms
[2024-10-12T11:44:34.332+0800][info] GC(356)   Merge Heap Roots: 0.1ms
[2024-10-12T11:44:34.332+0800][info] GC(356)   Evacuate Collection Set: 1.2ms
[2024-10-12T11:44:34.332+0800][info] GC(356)   Post Evacuate Collection Set: 0.9ms
[2024-10-12T11:44:34.332+0800][info] GC(356)   Other: 0.2ms
[2024-10-12T11:44:34.332+0800][info] GC(356) Eden regions: 1->0(3)
[2024-10-12T11:44:34.332+0800][info] GC(356) Survivor regions: 1->0(0)
[2024-10-12T11:44:34.332+0800][info] GC(356) Old regions: 57->59
[2024-10-12T11:44:34.332+0800][info] GC(356) Archive regions: 2->2
[2024-10-12T11:44:34.332+0800][info] GC(356) Humongous regions: 3->3
[2024-10-12T11:44:34.332+0800][info] GC(356) Metaspace: 1641K(1792K)->1641K(1792K) NonClass: 1517K(1600K)->1517K(1600K) Class: 124K(192K)->124K(192K)
[2024-10-12T11:44:34.332+0800][info] GC(356) Pause Young (Mixed) (G1 Evacuation Pause) 124M->124M(128M) 2.619ms
[2024-10-12T11:44:34.332+0800][info] GC(356) User=0.00s Sys=0.00s Real=0.00s
[2024-10-12T11:44:34.332+0800][info] Attempting full compaction
[2024-10-12T11:44:34.332+0800][info] GC(357) Using 3 workers of 48 for full compaction
[2024-10-12T11:44:34.332+0800][info] GC(357) Pause Full (G1 Compaction Pause)
[2024-10-12T11:44:34.332+0800][info] GC(357) Phase 1: Mark live objects
[2024-10-12T11:44:34.336+0800][info] GC(357) Phase 1: Mark live objects 3.672ms
[2024-10-12T11:44:34.336+0800][info] GC(357) Phase 2: Prepare for compaction
[2024-10-12T11:44:34.337+0800][info] GC(357) Phase 2: Prepare for compaction 0.910ms
[2024-10-12T11:44:34.337+0800][info] GC(357) Phase 3: Adjust pointers
[2024-10-12T11:44:34.339+0800][info] GC(357) Phase 3: Adjust pointers 1.661ms
[2024-10-12T11:44:34.339+0800][info] GC(357) Phase 4: Compact heap
[2024-10-12T11:44:34.349+0800][info] GC(357) Phase 4: Compact heap 10.425ms
[2024-10-12T11:44:34.351+0800][info] GC(357) Eden regions: 0->0(4)
[2024-10-12T11:44:34.351+0800][info] GC(357) Survivor regions: 0->0(0)
[2024-10-12T11:44:34.351+0800][info] GC(357) Old regions: 59->38
[2024-10-12T11:44:34.351+0800][info] GC(357) Archive regions: 2->2
[2024-10-12T11:44:34.351+0800][info] GC(357) Humongous regions: 3->3
[2024-10-12T11:44:34.351+0800][info] GC(357) Metaspace: 1641K(1792K)->1641K(1792K) NonClass: 1517K(1600K)->1517K(1600K) Class: 124K(192K)->124K(192K)
[2024-10-12T11:44:34.351+0800][info] GC(357) Pause Full (G1 Compaction Pause) 124M->71M(128M) 18.404ms
[2024-10-12T11:44:34.351+0800][info] GC(357) User=0.04s Sys=0.00s Real=0.02s
[2024-10-12T11:44:34.556+0800][info] GC(358) Pause Young (Normal) (G1 Evacuation Pause)
[2024-10-12T11:44:34.556+0800][info] GC(358) Using 3 workers of 48 for evacuation
[2024-10-12T11:44:34.558+0800][info] GC(358)   Pre Evacuate Collection Set: 0.1ms
[2024-10-12T11:44:34.558+0800][info] GC(358)   Merge Heap Roots: 0.1ms
[2024-10-12T11:44:34.558+0800][info] GC(358)   Evacuate Collection Set: 1.4ms
[2024-10-12T11:44:34.558+0800][info] GC(358)   Post Evacuate Collection Set: 0.2ms
[2024-10-12T11:44:34.558+0800][info] GC(358)   Other: 0.3ms
[2024-10-12T11:44:34.558+0800][info] GC(358) Eden regions: 4->0(2)
[2024-10-12T11:44:34.558+0800][info] GC(358) Survivor regions: 0->1(1)
[2024-10-12T11:44:34.558+0800][info] GC(358) Old regions: 38->41
[2024-10-12T11:44:34.558+0800][info] GC(358) Archive regions: 2->2
[2024-10-12T11:44:34.558+0800][info] GC(358) Humongous regions: 3->3
[2024-10-12T11:44:34.558+0800][info] GC(358) Metaspace: 1641K(1792K)->1641K(1792K) NonClass: 1517K(1600K)->1517K(1600K) Class: 124K(192K)->124K(192K)
[2024-10-12T11:44:34.558+0800][info] GC(358) Pause Young (Normal) (G1 Evacuation Pause) 79M->79M(128M) 2.145ms
[2024-10-12T11:44:34.558+0800][info] GC(358) User=0.01s Sys=0.00s Real=0.00s
[2024-10-12T11:44:34.660+0800][info] GC(359) Pause Young (Normal) (G1 Evacuation Pause)
[2024-10-12T11:44:34.660+0800][info] GC(359) Using 3 workers of 48 for evacuation
[2024-10-12T11:44:34.662+0800][info] GC(359)   Pre Evacuate Collection Set: 0.1ms
[2024-10-12T11:44:34.662+0800][info] GC(359)   Merge Heap Roots: 0.1ms
[2024-10-12T11:44:34.662+0800][info] GC(359)   Evacuate Collection Set: 1.0ms
[2024-10-12T11:44:34.662+0800][info] GC(359)   Post Evacuate Collection Set: 0.2ms
[2024-10-12T11:44:34.662+0800][info] GC(359)   Other: 0.2ms
[2024-10-12T11:44:34.662+0800][info] GC(359) Eden regions: 2->0(2)
[2024-10-12T11:44:34.662+0800][info] GC(359) Survivor regions: 1->1(1)
[2024-10-12T11:44:34.662+0800][info] GC(359) Old regions: 41->43
[2024-10-12T11:44:34.662+0800][info] GC(359) Archive regions: 2->2
[2024-10-12T11:44:34.662+0800][info] GC(359) Humongous regions: 3->3
[2024-10-12T11:44:34.662+0800][info] GC(359) Metaspace: 1641K(1792K)->1641K(1792K) NonClass: 1517K(1600K)->1517K(1600K) Class: 124K(192K)->124K(192K)
[2024-10-12T11:44:34.662+0800][info] GC(359) Pause Young (Normal) (G1 Evacuation Pause) 82M->83M(128M) 1.772ms
[2024-10-12T11:44:34.662+0800][info] GC(359) User=0.00s Sys=0.00s Real=0.00s
[2024-10-12T11:44:34.765+0800][info] GC(360) Pause Young (Normal) (G1 Evacuation Pause)
[2024-10-12T11:44:34.765+0800][info] GC(360) Using 3 workers of 48 for evacuation
[2024-10-12T11:44:34.766+0800][info] GC(360)   Pre Evacuate Collection Set: 0.1ms
[2024-10-12T11:44:34.766+0800][info] GC(360)   Merge Heap Roots: 0.0ms
[2024-10-12T11:44:34.766+0800][info] GC(360)   Evacuate Collection Set: 1.0ms
[2024-10-12T11:44:34.766+0800][info] GC(360)   Post Evacuate Collection Set: 0.2ms
[2024-10-12T11:44:34.766+0800][info] GC(360)   Other: 0.2ms
[2024-10-12T11:44:34.766+0800][info] GC(360) Eden regions: 2->0(2)
[2024-10-12T11:44:34.766+0800][info] GC(360) Survivor regions: 1->1(1)
[2024-10-12T11:44:34.766+0800][info] GC(360) Old regions: 43->45
[2024-10-12T11:44:34.766+0800][info] GC(360) Archive regions: 2->2
[2024-10-12T11:44:34.766+0800][info] GC(360) Humongous regions: 3->3
[2024-10-12T11:44:34.766+0800][info] GC(360) Metaspace: 1641K(1792K)->1641K(1792K) NonClass: 1517K(1600K)->1517K(1600K) Class: 124K(192K)->124K(192K)
[2024-10-12T11:44:34.766+0800][info] GC(360) Pause Young (Normal) (G1 Evacuation Pause) 86M->87M(128M) 1.615ms
[2024-10-12T11:44:34.766+0800][info] GC(360) User=0.00s Sys=0.00s Real=0.01s
[2024-10-12T11:44:34.868+0800][info] GC(361) Pause Young (Normal) (G1 Evacuation Pause)
[2024-10-12T11:44:34.868+0800][info] GC(361) Using 3 workers of 48 for evacuation
[2024-10-12T11:44:34.870+0800][info] GC(361)   Pre Evacuate Collection Set: 0.1ms
[2024-10-12T11:44:34.870+0800][info] GC(361)   Merge Heap Roots: 0.1ms
[2024-10-12T11:44:34.870+0800][info] GC(361)   Evacuate Collection Set: 1.0ms
[2024-10-12T11:44:34.870+0800][info] GC(361)   Post Evacuate Collection Set: 0.2ms
[2024-10-12T11:44:34.870+0800][info] GC(361)   Other: 0.2ms
[2024-10-12T11:44:34.870+0800][info] GC(361) Eden regions: 2->0(2)
[2024-10-12T11:44:34.870+0800][info] GC(361) Survivor regions: 1->1(1)
[2024-10-12T11:44:34.870+0800][info] GC(361) Old regions: 45->47
[2024-10-12T11:44:34.870+0800][info] GC(361) Archive regions: 2->2
[2024-10-12T11:44:34.870+0800][info] GC(361) Humongous regions: 3->3
[2024-10-12T11:44:34.870+0800][info] GC(361) Metaspace: 1641K(1792K)->1641K(1792K) NonClass: 1517K(1600K)->1517K(1600K) Class: 124K(192K)->124K(192K)
[2024-10-12T11:44:34.870+0800][info] GC(361) Pause Young (Normal) (G1 Evacuation Pause) 90M->91M(128M) 1.597ms
[2024-10-12T11:44:34.870+0800][info] GC(361) User=0.00s Sys=0.00s Real=0.00s
[2024-10-12T11:44:34.972+0800][info] GC(362) Pause Young (Concurrent Start) (G1 Evacuation Pause)
[2024-10-12T11:44:34.972+0800][info] GC(362) Using 3 workers of 48 for evacuation
[2024-10-12T11:44:34.974+0800][info] GC(362)   Pre Evacuate Collection Set: 0.1ms
[2024-10-12T11:44:34.974+0800][info] GC(362)   Merge Heap Roots: 0.1ms
[2024-10-12T11:44:34.974+0800][info] GC(362)   Evacuate Collection Set: 0.9ms
[2024-10-12T11:44:34.974+0800][info] GC(362)   Post Evacuate Collection Set: 0.2ms
[2024-10-12T11:44:34.974+0800][info] GC(362)   Other: 0.3ms
[2024-10-12T11:44:34.974+0800][info] GC(362) Eden regions: 2->0(2)
[2024-10-12T11:44:34.974+0800][info] GC(362) Survivor regions: 1->1(1)
[2024-10-12T11:44:34.974+0800][info] GC(362) Old regions: 47->49
[2024-10-12T11:44:34.974+0800][info] GC(362) Archive regions: 2->2
[2024-10-12T11:44:34.974+0800][info] GC(362) Humongous regions: 3->3
[2024-10-12T11:44:34.974+0800][info] GC(362) Metaspace: 1641K(1792K)->1641K(1792K) NonClass: 1517K(1600K)->1517K(1600K) Class: 124K(192K)->124K(192K)
[2024-10-12T11:44:34.974+0800][info] GC(362) Pause Young (Concurrent Start) (G1 Evacuation Pause) 94M->94M(128M) 1.684ms
[2024-10-12T11:44:34.974+0800][info] GC(362) User=0.00s Sys=0.00s Real=0.01s
[2024-10-12T11:44:34.974+0800][info] GC(363) Concurrent Mark Cycle
[2024-10-12T11:44:34.974+0800][info] GC(363) Concurrent Clear Claimed Marks
[2024-10-12T11:44:34.974+0800][info] GC(363) Concurrent Clear Claimed Marks 0.016ms
[2024-10-12T11:44:34.974+0800][info] GC(363) Concurrent Scan Root Regions
[2024-10-12T11:44:34.974+0800][info] GC(363) Concurrent Scan Root Regions 0.156ms
[2024-10-12T11:44:34.974+0800][info] GC(363) Concurrent Mark
[2024-10-12T11:44:34.974+0800][info] GC(363) Concurrent Mark From Roots
[2024-10-12T11:44:34.974+0800][info] GC(363) Using 12 workers of 12 for marking
[2024-10-12T11:44:34.978+0800][info] GC(363) Concurrent Mark From Roots 3.642ms
[2024-10-12T11:44:34.978+0800][info] GC(363) Concurrent Preclean
[2024-10-12T11:44:34.980+0800][info] GC(363) Concurrent Preclean 1.685ms
[2024-10-12T11:44:34.980+0800][info] GC(363) Pause Remark
[2024-10-12T11:44:34.981+0800][info] GC(363) Pause Remark 95M->95M(128M) 1.556ms
[2024-10-12T11:44:34.981+0800][info] GC(363) User=0.00s Sys=0.00s Real=0.00s
[2024-10-12T11:44:34.982+0800][info] GC(363) Concurrent Mark 7.144ms
[2024-10-12T11:44:34.982+0800][info] GC(363) Concurrent Rebuild Remembered Sets
[2024-10-12T11:44:34.983+0800][info] GC(363) Concurrent Rebuild Remembered Sets 1.306ms
[2024-10-12T11:44:34.983+0800][info] GC(363) Pause Cleanup
[2024-10-12T11:44:34.983+0800][info] GC(363) Pause Cleanup 95M->95M(128M) 0.250ms
[2024-10-12T11:44:34.983+0800][info] GC(363) User=0.00s Sys=0.00s Real=0.00s
[2024-10-12T11:44:34.983+0800][info] GC(363) Concurrent Cleanup for Next Mark
[2024-10-12T11:44:34.984+0800][info] GC(363) Concurrent Cleanup for Next Mark 0.358ms
[2024-10-12T11:44:34.984+0800][info] GC(363) Concurrent Mark Cycle 9.598ms
[2024-10-12T11:44:35.127+0800][info] GC(364) Pause Young (Prepare Mixed) (G1 Evacuation Pause)
[2024-10-12T11:44:35.127+0800][info] GC(364) Using 3 workers of 48 for evacuation
[2024-10-12T11:44:35.128+0800][info] GC(364)   Pre Evacuate Collection Set: 0.1ms
[2024-10-12T11:44:35.128+0800][info] GC(364)   Merge Heap Roots: 0.1ms
[2024-10-12T11:44:35.128+0800][info] GC(364)   Evacuate Collection Set: 0.9ms
[2024-10-12T11:44:35.128+0800][info] GC(364)   Post Evacuate Collection Set: 0.2ms
[2024-10-12T11:44:35.128+0800][info] GC(364)   Other: 0.2ms
[2024-10-12T11:44:35.129+0800][info] GC(364) Eden regions: 2->0(2)
[2024-10-12T11:44:35.129+0800][info] GC(364) Survivor regions: 1->1(1)
[2024-10-12T11:44:35.129+0800][info] GC(364) Old regions: 49->51
[2024-10-12T11:44:35.129+0800][info] GC(364) Archive regions: 2->2
[2024-10-12T11:44:35.129+0800][info] GC(364) Humongous regions: 3->3
[2024-10-12T11:44:35.129+0800][info] GC(364) Metaspace: 1641K(1792K)->1641K(1792K) NonClass: 1517K(1600K)->1517K(1600K) Class: 124K(192K)->124K(192K)
[2024-10-12T11:44:35.129+0800][info] GC(364) Pause Young (Prepare Mixed) (G1 Evacuation Pause) 98M->98M(128M) 1.658ms
[2024-10-12T11:44:35.129+0800][info] GC(364) User=0.00s Sys=0.00s Real=0.00s
[2024-10-12T11:44:35.231+0800][info] GC(365) Pause Young (Mixed) (G1 Preventive Collection)
[2024-10-12T11:44:35.231+0800][info] GC(365) Using 3 workers of 48 for evacuation
[2024-10-12T11:44:35.234+0800][info] GC(365) To-space exhausted
[2024-10-12T11:44:35.234+0800][info] GC(365)   Pre Evacuate Collection Set: 0.1ms
[2024-10-12T11:44:35.234+0800][info] GC(365)   Merge Heap Roots: 0.1ms
[2024-10-12T11:44:35.234+0800][info] GC(365)   Evacuate Collection Set: 2.0ms
[2024-10-12T11:44:35.234+0800][info] GC(365)   Post Evacuate Collection Set: 0.3ms
[2024-10-12T11:44:35.234+0800][info] GC(365)   Other: 0.2ms
[2024-10-12T11:44:35.234+0800][info] GC(365) Eden regions: 2->0(2)
[2024-10-12T11:44:35.234+0800][info] GC(365) Survivor regions: 1->1(1)
[2024-10-12T11:44:35.234+0800][info] GC(365) Old regions: 51->48
[2024-10-12T11:44:35.234+0800][info] GC(365) Archive regions: 2->2
[2024-10-12T11:44:35.234+0800][info] GC(365) Humongous regions: 3->3
[2024-10-12T11:44:35.234+0800][info] GC(365) Metaspace: 1641K(1792K)->1641K(1792K) NonClass: 1517K(1600K)->1517K(1600K) Class: 124K(192K)->124K(192K)
[2024-10-12T11:44:35.234+0800][info] GC(365) Pause Young (Mixed) (G1 Preventive Collection) 101M->97M(128M) 2.774ms
[2024-10-12T11:44:35.234+0800][info] GC(365) User=0.00s Sys=0.01s Real=0.01s
[2024-10-12T11:44:35.336+0800][info] GC(366) Pause Young (Mixed) (G1 Evacuation Pause)
[2024-10-12T11:44:35.336+0800][info] GC(366) Using 3 workers of 48 for evacuation
[2024-10-12T11:44:35.339+0800][info] GC(366)   Pre Evacuate Collection Set: 0.1ms
[2024-10-12T11:44:35.339+0800][info] GC(366)   Merge Heap Roots: 0.1ms
[2024-10-12T11:44:35.339+0800][info] GC(366)   Evacuate Collection Set: 2.5ms
[2024-10-12T11:44:35.339+0800][info] GC(366)   Post Evacuate Collection Set: 0.2ms
[2024-10-12T11:44:35.339+0800][info] GC(366)   Other: 0.1ms
[2024-10-12T11:44:35.339+0800][info] GC(366) Eden regions: 2->0(2)
[2024-10-12T11:44:35.339+0800][info] GC(366) Survivor regions: 1->1(1)
[2024-10-12T11:44:35.339+0800][info] GC(366) Old regions: 48->46
[2024-10-12T11:44:35.339+0800][info] GC(366) Archive regions: 2->2
[2024-10-12T11:44:35.339+0800][info] GC(366) Humongous regions: 3->3
[2024-10-12T11:44:35.339+0800][info] GC(366) Metaspace: 1641K(1792K)->1641K(1792K) NonClass: 1517K(1600K)->1517K(1600K) Class: 124K(192K)->124K(192K)
[2024-10-12T11:44:35.339+0800][info] GC(366) Pause Young (Mixed) (G1 Evacuation Pause) 101M->96M(128M) 3.177ms
[2024-10-12T11:44:35.339+0800][info] GC(366) User=0.01s Sys=0.00s Real=0.00s
[2024-10-12T11:44:35.441+0800][info] GC(367) Pause Young (Mixed) (G1 Evacuation Pause)
[2024-10-12T11:44:35.441+0800][info] GC(367) Using 3 workers of 48 for evacuation
[2024-10-12T11:44:35.445+0800][info] GC(367)   Pre Evacuate Collection Set: 0.1ms
[2024-10-12T11:44:35.445+0800][info] GC(367)   Merge Heap Roots: 0.1ms
[2024-10-12T11:44:35.445+0800][info] GC(367)   Evacuate Collection Set: 2.6ms
[2024-10-12T11:44:35.445+0800][info] GC(367)   Post Evacuate Collection Set: 0.2ms
[2024-10-12T11:44:35.445+0800][info] GC(367)   Other: 0.1ms
[2024-10-12T11:44:35.445+0800][info] GC(367) Eden regions: 2->0(2)
[2024-10-12T11:44:35.445+0800][info] GC(367) Survivor regions: 1->1(1)
[2024-10-12T11:44:35.445+0800][info] GC(367) Old regions: 46->45
[2024-10-12T11:44:35.445+0800][info] GC(367) Archive regions: 2->2
[2024-10-12T11:44:35.445+0800][info] GC(367) Humongous regions: 3->3
[2024-10-12T11:44:35.445+0800][info] GC(367) Metaspace: 1650K(1856K)->1650K(1856K) NonClass: 1526K(1664K)->1526K(1664K) Class: 124K(192K)->124K(192K)
[2024-10-12T11:44:35.445+0800][info] GC(367) Pause Young (Mixed) (G1 Evacuation Pause) 99M->96M(128M) 3.367ms
[2024-10-12T11:44:35.445+0800][info] GC(367) User=0.01s Sys=0.00s Real=0.00s
[2024-10-12T11:44:35.547+0800][info] GC(368) Pause Young (Mixed) (G1 Evacuation Pause)
[2024-10-12T11:44:35.547+0800][info] GC(368) Using 3 workers of 48 for evacuation
[2024-10-12T11:44:35.551+0800][info] GC(368)   Pre Evacuate Collection Set: 0.1ms
[2024-10-12T11:44:35.551+0800][info] GC(368)   Merge Heap Roots: 0.1ms
[2024-10-12T11:44:35.551+0800][info] GC(368)   Evacuate Collection Set: 3.5ms
[2024-10-12T11:44:35.551+0800][info] GC(368)   Post Evacuate Collection Set: 0.3ms
[2024-10-12T11:44:35.551+0800][info] GC(368)   Other: 0.2ms
[2024-10-12T11:44:35.551+0800][info] GC(368) Eden regions: 2->0(2)
[2024-10-12T11:44:35.551+0800][info] GC(368) Survivor regions: 1->1(1)
[2024-10-12T11:44:35.551+0800][info] GC(368) Old regions: 45->45
[2024-10-12T11:44:35.551+0800][info] GC(368) Archive regions: 2->2
[2024-10-12T11:44:35.551+0800][info] GC(368) Humongous regions: 3->3
[2024-10-12T11:44:35.551+0800][info] GC(368) Metaspace: 1650K(1856K)->1650K(1856K) NonClass: 1526K(1664K)->1526K(1664K) Class: 124K(192K)->124K(192K)
[2024-10-12T11:44:35.551+0800][info] GC(368) Pause Young (Mixed) (G1 Evacuation Pause) 99M->96M(128M) 4.283ms
[2024-10-12T11:44:35.551+0800][info] GC(368) User=0.01s Sys=0.00s Real=0.00s
[2024-10-12T11:44:35.654+0800][info] GC(369) Pause Young (Mixed) (G1 Evacuation Pause)
[2024-10-12T11:44:35.654+0800][info] GC(369) Using 3 workers of 48 for evacuation
[2024-10-12T11:44:35.658+0800][info] GC(369)   Pre Evacuate Collection Set: 0.2ms
[2024-10-12T11:44:35.658+0800][info] GC(369)   Merge Heap Roots: 0.1ms
[2024-10-12T11:44:35.658+0800][info] GC(369)   Evacuate Collection Set: 3.3ms
[2024-10-12T11:44:35.658+0800][info] GC(369)   Post Evacuate Collection Set: 0.3ms
[2024-10-12T11:44:35.658+0800][info] GC(369)   Other: 0.1ms
[2024-10-12T11:44:35.658+0800][info] GC(369) Eden regions: 2->0(2)
[2024-10-12T11:44:35.658+0800][info] GC(369) Survivor regions: 1->1(1)
[2024-10-12T11:44:35.658+0800][info] GC(369) Old regions: 45->45
[2024-10-12T11:44:35.658+0800][info] GC(369) Archive regions: 2->2
[2024-10-12T11:44:35.658+0800][info] GC(369) Humongous regions: 3->3
[2024-10-12T11:44:35.658+0800][info] GC(369) Metaspace: 1650K(1856K)->1650K(1856K) NonClass: 1526K(1664K)->1526K(1664K) Class: 124K(192K)->124K(192K)
[2024-10-12T11:44:35.658+0800][info] GC(369) Pause Young (Mixed) (G1 Evacuation Pause) 100M->98M(128M) 4.148ms
[2024-10-12T11:44:35.658+0800][info] GC(369) User=0.01s Sys=0.00s Real=0.00s
[2024-10-12T11:44:35.760+0800][info] GC(370) Pause Young (Normal) (G1 Evacuation Pause)
[2024-10-12T11:44:35.760+0800][info] GC(370) Using 3 workers of 48 for evacuation
[2024-10-12T11:44:35.761+0800][info] GC(370)   Pre Evacuate Collection Set: 0.1ms
[2024-10-12T11:44:35.761+0800][info] GC(370)   Merge Heap Roots: 0.0ms
[2024-10-12T11:44:35.761+0800][info] GC(370)   Evacuate Collection Set: 0.9ms
[2024-10-12T11:44:35.761+0800][info] GC(370)   Post Evacuate Collection Set: 0.2ms
[2024-10-12T11:44:35.761+0800][info] GC(370)   Other: 0.2ms
[2024-10-12T11:44:35.761+0800][info] GC(370) Eden regions: 2->0(2)
[2024-10-12T11:44:35.761+0800][info] GC(370) Survivor regions: 1->1(1)
[2024-10-12T11:44:35.761+0800][info] GC(370) Old regions: 45->47
[2024-10-12T11:44:35.761+0800][info] GC(370) Archive regions: 2->2
[2024-10-12T11:44:35.761+0800][info] GC(370) Humongous regions: 3->3
[2024-10-12T11:44:35.761+0800][info] GC(370) Metaspace: 1650K(1856K)->1650K(1856K) NonClass: 1526K(1664K)->1526K(1664K) Class: 124K(192K)->124K(192K)
[2024-10-12T11:44:35.761+0800][info] GC(370) Pause Young (Normal) (G1 Evacuation Pause) 101M->101M(128M) 1.512ms
[2024-10-12T11:44:35.761+0800][info] GC(370) User=0.01s Sys=0.00s Real=0.00s
[2024-10-12T11:44:35.864+0800][info] GC(371) Pause Young (Normal) (G1 Evacuation Pause)
[2024-10-12T11:44:35.864+0800][info] GC(371) Using 3 workers of 48 for evacuation
[2024-10-12T11:44:35.865+0800][info] GC(371)   Pre Evacuate Collection Set: 0.1ms
[2024-10-12T11:44:35.865+0800][info] GC(371)   Merge Heap Roots: 0.0ms
[2024-10-12T11:44:35.865+0800][info] GC(371)   Evacuate Collection Set: 0.9ms
[2024-10-12T11:44:35.865+0800][info] GC(371)   Post Evacuate Collection Set: 0.2ms
[2024-10-12T11:44:35.865+0800][info] GC(371)   Other: 0.2ms
[2024-10-12T11:44:35.865+0800][info] GC(371) Eden regions: 2->0(2)
[2024-10-12T11:44:35.865+0800][info] GC(371) Survivor regions: 1->1(1)
[2024-10-12T11:44:35.865+0800][info] GC(371) Old regions: 47->49
[2024-10-12T11:44:35.865+0800][info] GC(371) Archive regions: 2->2
[2024-10-12T11:44:35.865+0800][info] GC(371) Humongous regions: 3->3
[2024-10-12T11:44:35.865+0800][info] GC(371) Metaspace: 1650K(1856K)->1650K(1856K) NonClass: 1526K(1664K)->1526K(1664K) Class: 124K(192K)->124K(192K)
[2024-10-12T11:44:35.865+0800][info] GC(371) Pause Young (Normal) (G1 Evacuation Pause) 105M->105M(128M) 1.465ms
[2024-10-12T11:44:35.865+0800][info] GC(371) User=0.00s Sys=0.00s Real=0.00s
[2024-10-12T11:44:35.967+0800][info] GC(372) Pause Young (Concurrent Start) (G1 Evacuation Pause)
[2024-10-12T11:44:35.967+0800][info] GC(372) Using 3 workers of 48 for evacuation
[2024-10-12T11:44:35.968+0800][info] GC(372)   Pre Evacuate Collection Set: 0.1ms
[2024-10-12T11:44:35.968+0800][info] GC(372)   Merge Heap Roots: 0.1ms
[2024-10-12T11:44:35.968+0800][info] GC(372)   Evacuate Collection Set: 0.9ms
[2024-10-12T11:44:35.968+0800][info] GC(372)   Post Evacuate Collection Set: 0.2ms
[2024-10-12T11:44:35.969+0800][info] GC(372)   Other: 0.3ms
[2024-10-12T11:44:35.969+0800][info] GC(372) Eden regions: 2->0(2)
[2024-10-12T11:44:35.969+0800][info] GC(372) Survivor regions: 1->1(1)
[2024-10-12T11:44:35.969+0800][info] GC(372) Old regions: 49->51
[2024-10-12T11:44:35.969+0800][info] GC(372) Archive regions: 2->2
[2024-10-12T11:44:35.969+0800][info] GC(372) Humongous regions: 3->3
[2024-10-12T11:44:35.969+0800][info] GC(372) Metaspace: 1650K(1856K)->1650K(1856K) NonClass: 1526K(1664K)->1526K(1664K) Class: 124K(192K)->124K(192K)
[2024-10-12T11:44:35.969+0800][info] GC(372) Pause Young (Concurrent Start) (G1 Evacuation Pause) 108M->109M(128M) 1.649ms
[2024-10-12T11:44:35.969+0800][info] GC(372) User=0.00s Sys=0.00s Real=0.00s
[2024-10-12T11:44:35.969+0800][info] GC(373) Concurrent Mark Cycle
[2024-10-12T11:44:35.969+0800][info] GC(373) Concurrent Clear Claimed Marks
[2024-10-12T11:44:35.969+0800][info] GC(373) Concurrent Clear Claimed Marks 0.016ms
[2024-10-12T11:44:35.969+0800][info] GC(373) Concurrent Scan Root Regions
[2024-10-12T11:44:35.969+0800][info] GC(373) Concurrent Scan Root Regions 0.153ms
[2024-10-12T11:44:35.969+0800][info] GC(373) Concurrent Mark
[2024-10-12T11:44:35.969+0800][info] GC(373) Concurrent Mark From Roots
[2024-10-12T11:44:35.969+0800][info] GC(373) Using 12 workers of 12 for marking
[2024-10-12T11:44:35.972+0800][info] GC(373) Concurrent Mark From Roots 3.312ms
[2024-10-12T11:44:35.972+0800][info] GC(373) Concurrent Preclean
[2024-10-12T11:44:35.974+0800][info] GC(373) Concurrent Preclean 1.697ms
[2024-10-12T11:44:35.974+0800][info] GC(373) Pause Remark
[2024-10-12T11:44:35.976+0800][info] GC(373) Pause Remark 109M->109M(128M) 1.545ms
[2024-10-12T11:44:35.976+0800][info] GC(373) User=0.00s Sys=0.00s Real=0.00s
[2024-10-12T11:44:35.976+0800][info] GC(373) Concurrent Mark 6.880ms
[2024-10-12T11:44:35.976+0800][info] GC(373) Concurrent Rebuild Remembered Sets
[2024-10-12T11:44:35.977+0800][info] GC(373) Concurrent Rebuild Remembered Sets 1.252ms
[2024-10-12T11:44:35.977+0800][info] GC(373) Pause Cleanup
[2024-10-12T11:44:35.978+0800][info] GC(373) Pause Cleanup 109M->109M(128M) 0.257ms
[2024-10-12T11:44:35.978+0800][info] GC(373) User=0.00s Sys=0.00s Real=0.00s
[2024-10-12T11:44:35.978+0800][info] GC(373) Concurrent Cleanup for Next Mark
[2024-10-12T11:44:35.978+0800][info] GC(373) Concurrent Cleanup for Next Mark 0.354ms
[2024-10-12T11:44:35.978+0800][info] GC(373) Concurrent Mark Cycle 9.302ms
[2024-10-12T11:44:36.122+0800][info] GC(374) Pause Young (Prepare Mixed) (G1 Evacuation Pause)
[2024-10-12T11:44:36.122+0800][info] GC(374) Using 3 workers of 48 for evacuation
[2024-10-12T11:44:36.124+0800][info] GC(374)   Pre Evacuate Collection Set: 0.1ms
[2024-10-12T11:44:36.124+0800][info] GC(374)   Merge Heap Roots: 0.1ms
[2024-10-12T11:44:36.124+0800][info] GC(374)   Evacuate Collection Set: 1.2ms
[2024-10-12T11:44:36.124+0800][info] GC(374)   Post Evacuate Collection Set: 0.2ms
[2024-10-12T11:44:36.124+0800][info] GC(374)   Other: 0.2ms
[2024-10-12T11:44:36.124+0800][info] GC(374) Eden regions: 2->0(2)
[2024-10-12T11:44:36.124+0800][info] GC(374) Survivor regions: 1->1(1)
[2024-10-12T11:44:36.124+0800][info] GC(374) Old regions: 51->53
[2024-10-12T11:44:36.124+0800][info] GC(374) Archive regions: 2->2
[2024-10-12T11:44:36.124+0800][info] GC(374) Humongous regions: 3->3
[2024-10-12T11:44:36.124+0800][info] GC(374) Metaspace: 1651K(1856K)->1651K(1856K) NonClass: 1527K(1664K)->1527K(1664K) Class: 124K(192K)->124K(192K)
[2024-10-12T11:44:36.124+0800][info] GC(374) Pause Young (Prepare Mixed) (G1 Evacuation Pause) 112M->113M(128M) 1.831ms
[2024-10-12T11:44:36.124+0800][info] GC(374) User=0.00s Sys=0.01s Real=0.00s
[2024-10-12T11:44:36.185+0800][info] GC(375) Pause Young (Mixed) (G1 Preventive Collection)
[2024-10-12T11:44:36.185+0800][info] GC(375) Using 3 workers of 48 for evacuation
[2024-10-12T11:44:36.187+0800][info] GC(375) To-space exhausted
[2024-10-12T11:44:36.187+0800][info] GC(375)   Pre Evacuate Collection Set: 0.1ms
[2024-10-12T11:44:36.187+0800][info] GC(375)   Merge Heap Roots: 0.1ms
[2024-10-12T11:44:36.187+0800][info] GC(375)   Evacuate Collection Set: 1.5ms
[2024-10-12T11:44:36.187+0800][info] GC(375)   Post Evacuate Collection Set: 0.3ms
[2024-10-12T11:44:36.187+0800][info] GC(375)   Other: 0.2ms
[2024-10-12T11:44:36.187+0800][info] GC(375) Eden regions: 1->0(2)
[2024-10-12T11:44:36.187+0800][info] GC(375) Survivor regions: 1->1(1)
[2024-10-12T11:44:36.187+0800][info] GC(375) Old regions: 53->52
[2024-10-12T11:44:36.187+0800][info] GC(375) Archive regions: 2->2
[2024-10-12T11:44:36.187+0800][info] GC(375) Humongous regions: 3->3
[2024-10-12T11:44:36.187+0800][info] GC(375) Metaspace: 1651K(1856K)->1651K(1856K) NonClass: 1527K(1664K)->1527K(1664K) Class: 124K(192K)->124K(192K)
[2024-10-12T11:44:36.187+0800][info] GC(375) Pause Young (Mixed) (G1 Preventive Collection) 114M->112M(128M) 2.333ms
[2024-10-12T11:44:36.187+0800][info] GC(375) User=0.01s Sys=0.00s Real=0.01s
[2024-10-12T11:44:36.228+0800][info] GC(376) Pause Young (Mixed) (G1 Preventive Collection)
[2024-10-12T11:44:36.228+0800][info] GC(376) Using 3 workers of 48 for evacuation
[2024-10-12T11:44:36.231+0800][info] GC(376) To-space exhausted
[2024-10-12T11:44:36.231+0800][info] GC(376)   Pre Evacuate Collection Set: 0.1ms
[2024-10-12T11:44:36.231+0800][info] GC(376)   Merge Heap Roots: 0.1ms
[2024-10-12T11:44:36.231+0800][info] GC(376)   Evacuate Collection Set: 2.3ms
[2024-10-12T11:44:36.231+0800][info] GC(376)   Post Evacuate Collection Set: 0.4ms
[2024-10-12T11:44:36.231+0800][info] GC(376)   Other: 0.2ms
[2024-10-12T11:44:36.231+0800][info] GC(376) Eden regions: 1->0(2)
[2024-10-12T11:44:36.231+0800][info] GC(376) Survivor regions: 1->1(1)
[2024-10-12T11:44:36.231+0800][info] GC(376) Old regions: 52->52
[2024-10-12T11:44:36.231+0800][info] GC(376) Archive regions: 2->2
[2024-10-12T11:44:36.231+0800][info] GC(376) Humongous regions: 3->3
[2024-10-12T11:44:36.231+0800][info] GC(376) Metaspace: 1651K(1856K)->1651K(1856K) NonClass: 1527K(1664K)->1527K(1664K) Class: 124K(192K)->124K(192K)
[2024-10-12T11:44:36.231+0800][info] GC(376) Pause Young (Mixed) (G1 Preventive Collection) 114M->112M(128M) 3.180ms
[2024-10-12T11:44:36.231+0800][info] GC(376) User=0.01s Sys=0.00s Real=0.00s
[2024-10-12T11:44:36.252+0800][info] GC(377) Pause Young (Mixed) (G1 Preventive Collection)
[2024-10-12T11:44:36.252+0800][info] GC(377) Using 3 workers of 48 for evacuation
[2024-10-12T11:44:36.256+0800][info] GC(377) To-space exhausted
[2024-10-12T11:44:36.256+0800][info] GC(377)   Pre Evacuate Collection Set: 0.1ms
[2024-10-12T11:44:36.256+0800][info] GC(377)   Merge Heap Roots: 0.1ms
[2024-10-12T11:44:36.256+0800][info] GC(377)   Evacuate Collection Set: 2.5ms
[2024-10-12T11:44:36.256+0800][info] GC(377)   Post Evacuate Collection Set: 0.4ms
[2024-10-12T11:44:36.256+0800][info] GC(377)   Other: 0.2ms
[2024-10-12T11:44:36.256+0800][info] GC(377) Eden regions: 1->0(2)
[2024-10-12T11:44:36.256+0800][info] GC(377) Survivor regions: 1->1(1)
[2024-10-12T11:44:36.256+0800][info] GC(377) Old regions: 52->55
[2024-10-12T11:44:36.256+0800][info] GC(377) Archive regions: 2->2
[2024-10-12T11:44:36.256+0800][info] GC(377) Humongous regions: 3->3
[2024-10-12T11:44:36.256+0800][info] GC(377) Metaspace: 1651K(1856K)->1651K(1856K) NonClass: 1527K(1664K)->1527K(1664K) Class: 124K(192K)->124K(192K)
[2024-10-12T11:44:36.256+0800][info] GC(377) Pause Young (Mixed) (G1 Preventive Collection) 113M->118M(128M) 3.431ms
[2024-10-12T11:44:36.256+0800][info] GC(377) User=0.01s Sys=0.00s Real=0.01s
[2024-10-12T11:44:36.256+0800][info] GC(378) Pause Young (Mixed) (G1 Preventive Collection)
[2024-10-12T11:44:36.256+0800][info] GC(378) Using 3 workers of 48 for evacuation
[2024-10-12T11:44:36.258+0800][info] GC(378) To-space exhausted
[2024-10-12T11:44:36.258+0800][info] GC(378)   Pre Evacuate Collection Set: 0.1ms
[2024-10-12T11:44:36.258+0800][info] GC(378)   Merge Heap Roots: 0.1ms
[2024-10-12T11:44:36.258+0800][info] GC(378)   Evacuate Collection Set: 1.4ms
[2024-10-12T11:44:36.258+0800][info] GC(378)   Post Evacuate Collection Set: 0.4ms
[2024-10-12T11:44:36.259+0800][info] GC(378)   Other: 0.1ms
[2024-10-12T11:44:36.259+0800][info] GC(378) Eden regions: 0->0(3)
[2024-10-12T11:44:36.259+0800][info] GC(378) Survivor regions: 1->0(1)
[2024-10-12T11:44:36.259+0800][info] GC(378) Old regions: 55->58
[2024-10-12T11:44:36.259+0800][info] GC(378) Archive regions: 2->2
[2024-10-12T11:44:36.259+0800][info] GC(378) Humongous regions: 4->3
[2024-10-12T11:44:36.259+0800][info] GC(378) Metaspace: 1651K(1856K)->1651K(1856K) NonClass: 1527K(1664K)->1527K(1664K) Class: 124K(192K)->124K(192K)
[2024-10-12T11:44:36.259+0800][info] GC(378) Pause Young (Mixed) (G1 Preventive Collection) 120M->122M(128M) 2.231ms
[2024-10-12T11:44:36.259+0800][info] GC(378) User=0.00s Sys=0.00s Real=0.00s
[2024-10-12T11:44:36.320+0800][info] GC(379) Pause Young (Mixed) (G1 Evacuation Pause)
[2024-10-12T11:44:36.320+0800][info] GC(379) Using 3 workers of 48 for evacuation
[2024-10-12T11:44:36.325+0800][info] GC(379) To-space exhausted
[2024-10-12T11:44:36.325+0800][info] GC(379)   Pre Evacuate Collection Set: 0.1ms
[2024-10-12T11:44:36.325+0800][info] GC(379)   Merge Heap Roots: 0.1ms
[2024-10-12T11:44:36.325+0800][info] GC(379)   Evacuate Collection Set: 2.4ms
[2024-10-12T11:44:36.325+0800][info] GC(379)   Post Evacuate Collection Set: 1.9ms
[2024-10-12T11:44:36.325+0800][info] GC(379)   Other: 0.2ms
[2024-10-12T11:44:36.325+0800][info] GC(379) Eden regions: 1->0(3)
[2024-10-12T11:44:36.325+0800][info] GC(379) Survivor regions: 0->0(0)
[2024-10-12T11:44:36.325+0800][info] GC(379) Old regions: 58->59
[2024-10-12T11:44:36.325+0800][info] GC(379) Archive regions: 2->2
[2024-10-12T11:44:36.325+0800][info] GC(379) Humongous regions: 3->3
[2024-10-12T11:44:36.325+0800][info] GC(379) Metaspace: 1651K(1856K)->1651K(1856K) NonClass: 1527K(1664K)->1527K(1664K) Class: 124K(192K)->124K(192K)
[2024-10-12T11:44:36.325+0800][info] GC(379) Pause Young (Mixed) (G1 Evacuation Pause) 123M->123M(128M) 4.792ms
[2024-10-12T11:44:36.325+0800][info] GC(379) User=0.01s Sys=0.00s Real=0.01s
[2024-10-12T11:44:36.325+0800][info] Attempting full compaction
[2024-10-12T11:44:36.325+0800][info] GC(380) Using 3 workers of 48 for full compaction
[2024-10-12T11:44:36.325+0800][info] GC(380) Pause Full (G1 Compaction Pause)
[2024-10-12T11:44:36.325+0800][info] GC(380) Phase 1: Mark live objects
[2024-10-12T11:44:36.329+0800][info] GC(380) Phase 1: Mark live objects 3.558ms
[2024-10-12T11:44:36.329+0800][info] GC(380) Phase 2: Prepare for compaction
[2024-10-12T11:44:36.330+0800][info] GC(380) Phase 2: Prepare for compaction 0.607ms
[2024-10-12T11:44:36.330+0800][info] GC(380) Phase 3: Adjust pointers
[2024-10-12T11:44:36.331+0800][info] GC(380) Phase 3: Adjust pointers 1.738ms
[2024-10-12T11:44:36.331+0800][info] GC(380) Phase 4: Compact heap
[2024-10-12T11:44:36.343+0800][info] GC(380) Phase 4: Compact heap 11.601ms
[2024-10-12T11:44:36.345+0800][info] GC(380) Eden regions: 0->0(4)
[2024-10-12T11:44:36.345+0800][info] GC(380) Survivor regions: 0->0(0)
[2024-10-12T11:44:36.345+0800][info] GC(380) Old regions: 59->37
[2024-10-12T11:44:36.345+0800][info] GC(380) Archive regions: 2->2
[2024-10-12T11:44:36.345+0800][info] GC(380) Humongous regions: 3->3
[2024-10-12T11:44:36.345+0800][info] GC(380) Metaspace: 1651K(1856K)->1651K(1856K) NonClass: 1527K(1664K)->1527K(1664K) Class: 124K(192K)->124K(192K)
[2024-10-12T11:44:36.345+0800][info] GC(380) Pause Full (G1 Compaction Pause) 123M->71M(128M) 19.430ms
[2024-10-12T11:44:36.345+0800][info] GC(380) User=0.05s Sys=0.00s Real=0.01s
[2024-10-12T11:44:36.570+0800][info] GC(381) Pause Young (Normal) (G1 Evacuation Pause)
[2024-10-12T11:44:36.570+0800][info] GC(381) Using 3 workers of 48 for evacuation
[2024-10-12T11:44:36.572+0800][info] GC(381)   Pre Evacuate Collection Set: 0.1ms
[2024-10-12T11:44:36.572+0800][info] GC(381)   Merge Heap Roots: 0.1ms
[2024-10-12T11:44:36.572+0800][info] GC(381)   Evacuate Collection Set: 1.4ms
[2024-10-12T11:44:36.572+0800][info] GC(381)   Post Evacuate Collection Set: 0.2ms
[2024-10-12T11:44:36.572+0800][info] GC(381)   Other: 0.2ms
[2024-10-12T11:44:36.572+0800][info] GC(381) Eden regions: 4->0(2)
[2024-10-12T11:44:36.572+0800][info] GC(381) Survivor regions: 0->1(1)
[2024-10-12T11:44:36.572+0800][info] GC(381) Old regions: 37->41
[2024-10-12T11:44:36.572+0800][info] GC(381) Archive regions: 2->2
[2024-10-12T11:44:36.572+0800][info] GC(381) Humongous regions: 3->3
[2024-10-12T11:44:36.572+0800][info] GC(381) Metaspace: 1651K(1856K)->1651K(1856K) NonClass: 1527K(1664K)->1527K(1664K) Class: 124K(192K)->124K(192K)
[2024-10-12T11:44:36.572+0800][info] GC(381) Pause Young (Normal) (G1 Evacuation Pause) 79M->80M(128M) 2.066ms
[2024-10-12T11:44:36.572+0800][info] GC(381) User=0.00s Sys=0.00s Real=0.00s
[2024-10-12T11:44:36.674+0800][info] GC(382) Pause Young (Normal) (G1 Evacuation Pause)
[2024-10-12T11:44:36.674+0800][info] GC(382) Using 3 workers of 48 for evacuation
[2024-10-12T11:44:36.676+0800][info] GC(382)   Pre Evacuate Collection Set: 0.1ms
[2024-10-12T11:44:36.676+0800][info] GC(382)   Merge Heap Roots: 0.1ms
[2024-10-12T11:44:36.676+0800][info] GC(382)   Evacuate Collection Set: 1.1ms
[2024-10-12T11:44:36.676+0800][info] GC(382)   Post Evacuate Collection Set: 0.2ms
[2024-10-12T11:44:36.676+0800][info] GC(382)   Other: 0.2ms
[2024-10-12T11:44:36.676+0800][info] GC(382) Eden regions: 2->0(2)
[2024-10-12T11:44:36.676+0800][info] GC(382) Survivor regions: 1->1(1)
[2024-10-12T11:44:36.676+0800][info] GC(382) Old regions: 41->43
[2024-10-12T11:44:36.676+0800][info] GC(382) Archive regions: 2->2
[2024-10-12T11:44:36.676+0800][info] GC(382) Humongous regions: 3->3
[2024-10-12T11:44:36.676+0800][info] GC(382) Metaspace: 1651K(1856K)->1651K(1856K) NonClass: 1527K(1664K)->1527K(1664K) Class: 124K(192K)->124K(192K)
[2024-10-12T11:44:36.676+0800][info] GC(382) Pause Young (Normal) (G1 Evacuation Pause) 84M->84M(128M) 1.692ms
[2024-10-12T11:44:36.676+0800][info] GC(382) User=0.00s Sys=0.00s Real=0.00s
[2024-10-12T11:44:36.778+0800][info] GC(383) Pause Young (Normal) (G1 Evacuation Pause)
[2024-10-12T11:44:36.778+0800][info] GC(383) Using 3 workers of 48 for evacuation
[2024-10-12T11:44:36.779+0800][info] GC(383)   Pre Evacuate Collection Set: 0.1ms
[2024-10-12T11:44:36.779+0800][info] GC(383)   Merge Heap Roots: 0.0ms
[2024-10-12T11:44:36.779+0800][info] GC(383)   Evacuate Collection Set: 0.9ms
[2024-10-12T11:44:36.780+0800][info] GC(383)   Post Evacuate Collection Set: 0.2ms
[2024-10-12T11:44:36.780+0800][info] GC(383)   Other: 0.2ms
[2024-10-12T11:44:36.780+0800][info] GC(383) Eden regions: 2->0(2)
[2024-10-12T11:44:36.780+0800][info] GC(383) Survivor regions: 1->1(1)
[2024-10-12T11:44:36.780+0800][info] GC(383) Old regions: 43->45
[2024-10-12T11:44:36.780+0800][info] GC(383) Archive regions: 2->2
[2024-10-12T11:44:36.780+0800][info] GC(383) Humongous regions: 3->3
[2024-10-12T11:44:36.780+0800][info] GC(383) Metaspace: 1651K(1856K)->1651K(1856K) NonClass: 1527K(1664K)->1527K(1664K) Class: 124K(192K)->124K(192K)
[2024-10-12T11:44:36.780+0800][info] GC(383) Pause Young (Normal) (G1 Evacuation Pause) 88M->88M(128M) 1.523ms
[2024-10-12T11:44:36.780+0800][info] GC(383) User=0.00s Sys=0.00s Real=0.00s
[2024-10-12T11:44:36.882+0800][info] GC(384) Pause Young (Normal) (G1 Evacuation Pause)
[2024-10-12T11:44:36.882+0800][info] GC(384) Using 3 workers of 48 for evacuation
[2024-10-12T11:44:36.883+0800][info] GC(384)   Pre Evacuate Collection Set: 0.1ms
[2024-10-12T11:44:36.883+0800][info] GC(384)   Merge Heap Roots: 0.0ms
[2024-10-12T11:44:36.883+0800][info] GC(384)   Evacuate Collection Set: 0.9ms
[2024-10-12T11:44:36.883+0800][info] GC(384)   Post Evacuate Collection Set: 0.2ms
[2024-10-12T11:44:36.883+0800][info] GC(384)   Other: 0.2ms
[2024-10-12T11:44:36.883+0800][info] GC(384) Eden regions: 2->0(2)
[2024-10-12T11:44:36.883+0800][info] GC(384) Survivor regions: 1->1(1)
[2024-10-12T11:44:36.883+0800][info] GC(384) Old regions: 45->47
[2024-10-12T11:44:36.883+0800][info] GC(384) Archive regions: 2->2
[2024-10-12T11:44:36.883+0800][info] GC(384) Humongous regions: 3->3
[2024-10-12T11:44:36.883+0800][info] GC(384) Metaspace: 1651K(1856K)->1651K(1856K) NonClass: 1527K(1664K)->1527K(1664K) Class: 124K(192K)->124K(192K)
[2024-10-12T11:44:36.883+0800][info] GC(384) Pause Young (Normal) (G1 Evacuation Pause) 92M->92M(128M) 1.481ms
[2024-10-12T11:44:36.883+0800][info] GC(384) User=0.00s Sys=0.00s Real=0.00s
[2024-10-12T11:44:36.985+0800][info] GC(385) Pause Young (Concurrent Start) (G1 Evacuation Pause)
[2024-10-12T11:44:36.986+0800][info] GC(385) Using 3 workers of 48 for evacuation
[2024-10-12T11:44:36.987+0800][info] GC(385)   Pre Evacuate Collection Set: 0.1ms
[2024-10-12T11:44:36.987+0800][info] GC(385)   Merge Heap Roots: 0.1ms
[2024-10-12T11:44:36.987+0800][info] GC(385)   Evacuate Collection Set: 1.1ms
[2024-10-12T11:44:36.987+0800][info] GC(385)   Post Evacuate Collection Set: 0.2ms
[2024-10-12T11:44:36.987+0800][info] GC(385)   Other: 0.3ms
[2024-10-12T11:44:36.987+0800][info] GC(385) Eden regions: 2->0(2)
[2024-10-12T11:44:36.987+0800][info] GC(385) Survivor regions: 1->1(1)
[2024-10-12T11:44:36.987+0800][info] GC(385) Old regions: 47->49
[2024-10-12T11:44:36.987+0800][info] GC(385) Archive regions: 2->2
[2024-10-12T11:44:36.987+0800][info] GC(385) Humongous regions: 3->3
[2024-10-12T11:44:36.987+0800][info] GC(385) Metaspace: 1651K(1856K)->1651K(1856K) NonClass: 1527K(1664K)->1527K(1664K) Class: 124K(192K)->124K(192K)
[2024-10-12T11:44:36.987+0800][info] GC(385) Pause Young (Concurrent Start) (G1 Evacuation Pause) 95M->96M(128M) 1.881ms
[2024-10-12T11:44:36.987+0800][info] GC(385) User=0.00s Sys=0.00s Real=0.00s
[2024-10-12T11:44:36.987+0800][info] GC(386) Concurrent Mark Cycle
[2024-10-12T11:44:36.988+0800][info] GC(386) Concurrent Clear Claimed Marks
[2024-10-12T11:44:36.988+0800][info] GC(386) Concurrent Clear Claimed Marks 0.017ms
[2024-10-12T11:44:36.988+0800][info] GC(386) Concurrent Scan Root Regions
[2024-10-12T11:44:36.988+0800][info] GC(386) Concurrent Scan Root Regions 0.114ms
[2024-10-12T11:44:36.988+0800][info] GC(386) Concurrent Mark
[2024-10-12T11:44:36.988+0800][info] GC(386) Concurrent Mark From Roots
[2024-10-12T11:44:36.988+0800][info] GC(386) Using 12 workers of 12 for marking
[2024-10-12T11:44:36.991+0800][info] GC(386) Concurrent Mark From Roots 3.204ms
[2024-10-12T11:44:36.991+0800][info] GC(386) Concurrent Preclean
[2024-10-12T11:44:36.993+0800][info] GC(386) Concurrent Preclean 1.697ms
[2024-10-12T11:44:36.993+0800][info] GC(386) Pause Remark
[2024-10-12T11:44:36.994+0800][info] GC(386) Pause Remark 96M->96M(128M) 1.590ms
[2024-10-12T11:44:36.994+0800][info] GC(386) User=0.00s Sys=0.00s Real=0.01s
[2024-10-12T11:44:36.994+0800][info] GC(386) Concurrent Mark 6.753ms
[2024-10-12T11:44:36.994+0800][info] GC(386) Concurrent Rebuild Remembered Sets
[2024-10-12T11:44:36.996+0800][info] GC(386) Concurrent Rebuild Remembered Sets 1.252ms
[2024-10-12T11:44:36.996+0800][info] GC(386) Pause Cleanup
[2024-10-12T11:44:36.996+0800][info] GC(386) Pause Cleanup 96M->96M(128M) 0.244ms
[2024-10-12T11:44:36.996+0800][info] GC(386) User=0.00s Sys=0.00s Real=0.00s
[2024-10-12T11:44:36.996+0800][info] GC(386) Concurrent Cleanup for Next Mark
[2024-10-12T11:44:36.997+0800][info] GC(386) Concurrent Cleanup for Next Mark 0.386ms
[2024-10-12T11:44:36.997+0800][info] GC(386) Concurrent Mark Cycle 9.156ms
[2024-10-12T11:44:37.140+0800][info] GC(387) Pause Young (Prepare Mixed) (G1 Evacuation Pause)
[2024-10-12T11:44:37.140+0800][info] GC(387) Using 3 workers of 48 for evacuation
[2024-10-12T11:44:37.142+0800][info] GC(387)   Pre Evacuate Collection Set: 0.1ms
[2024-10-12T11:44:37.142+0800][info] GC(387)   Merge Heap Roots: 0.1ms
[2024-10-12T11:44:37.142+0800][info] GC(387)   Evacuate Collection Set: 1.1ms
[2024-10-12T11:44:37.142+0800][info] GC(387)   Post Evacuate Collection Set: 0.2ms
[2024-10-12T11:44:37.142+0800][info] GC(387)   Other: 0.2ms
[2024-10-12T11:44:37.142+0800][info] GC(387) Eden regions: 2->0(2)
[2024-10-12T11:44:37.142+0800][info] GC(387) Survivor regions: 1->1(1)
[2024-10-12T11:44:37.142+0800][info] GC(387) Old regions: 49->51
[2024-10-12T11:44:37.142+0800][info] GC(387) Archive regions: 2->2
[2024-10-12T11:44:37.142+0800][info] GC(387) Humongous regions: 3->3
[2024-10-12T11:44:37.142+0800][info] GC(387) Metaspace: 1652K(1856K)->1652K(1856K) NonClass: 1527K(1664K)->1527K(1664K) Class: 124K(192K)->124K(192K)
[2024-10-12T11:44:37.142+0800][info] GC(387) Pause Young (Prepare Mixed) (G1 Evacuation Pause) 99M->100M(128M) 1.785ms
[2024-10-12T11:44:37.142+0800][info] GC(387) User=0.00s Sys=0.00s Real=0.00s
[2024-10-12T11:44:37.244+0800][info] GC(388) Pause Young (Mixed) (G1 Preventive Collection)
[2024-10-12T11:44:37.244+0800][info] GC(388) Using 3 workers of 48 for evacuation
[2024-10-12T11:44:37.248+0800][info] GC(388) To-space exhausted
[2024-10-12T11:44:37.248+0800][info] GC(388)   Pre Evacuate Collection Set: 0.1ms
[2024-10-12T11:44:37.248+0800][info] GC(388)   Merge Heap Roots: 0.1ms
[2024-10-12T11:44:37.248+0800][info] GC(388)   Evacuate Collection Set: 2.2ms
[2024-10-12T11:44:37.248+0800][info] GC(388)   Post Evacuate Collection Set: 0.8ms
[2024-10-12T11:44:37.248+0800][info] GC(388)   Other: 0.2ms
[2024-10-12T11:44:37.248+0800][info] GC(388) Eden regions: 2->0(2)
[2024-10-12T11:44:37.248+0800][info] GC(388) Survivor regions: 1->1(1)
[2024-10-12T11:44:37.248+0800][info] GC(388) Old regions: 51->54
[2024-10-12T11:44:37.248+0800][info] GC(388) Archive regions: 2->2
[2024-10-12T11:44:37.248+0800][info] GC(388) Humongous regions: 3->3
[2024-10-12T11:44:37.248+0800][info] GC(388) Metaspace: 1652K(1856K)->1652K(1856K) NonClass: 1527K(1664K)->1527K(1664K) Class: 124K(192K)->124K(192K)
[2024-10-12T11:44:37.248+0800][info] GC(388) Pause Young (Mixed) (G1 Preventive Collection) 103M->108M(128M) 3.452ms
[2024-10-12T11:44:37.248+0800][info] GC(388) User=0.01s Sys=0.00s Real=0.01s
[2024-10-12T11:44:37.309+0800][info] GC(389) Pause Young (Mixed) (G1 Preventive Collection)
[2024-10-12T11:44:37.309+0800][info] GC(389) Using 3 workers of 48 for evacuation
[2024-10-12T11:44:37.312+0800][info] GC(389) To-space exhausted
[2024-10-12T11:44:37.312+0800][info] GC(389)   Pre Evacuate Collection Set: 0.1ms
[2024-10-12T11:44:37.312+0800][info] GC(389)   Merge Heap Roots: 0.1ms
[2024-10-12T11:44:37.312+0800][info] GC(389)   Evacuate Collection Set: 1.6ms
[2024-10-12T11:44:37.312+0800][info] GC(389)   Post Evacuate Collection Set: 0.5ms
[2024-10-12T11:44:37.312+0800][info] GC(389)   Other: 0.2ms
[2024-10-12T11:44:37.312+0800][info] GC(389) Eden regions: 1->0(2)
[2024-10-12T11:44:37.312+0800][info] GC(389) Survivor regions: 1->1(1)
[2024-10-12T11:44:37.312+0800][info] GC(389) Old regions: 54->56
[2024-10-12T11:44:37.312+0800][info] GC(389) Archive regions: 2->2
[2024-10-12T11:44:37.312+0800][info] GC(389) Humongous regions: 3->3
[2024-10-12T11:44:37.312+0800][info] GC(389) Metaspace: 1652K(1856K)->1652K(1856K) NonClass: 1527K(1664K)->1527K(1664K) Class: 124K(192K)->124K(192K)
[2024-10-12T11:44:37.312+0800][info] GC(389) Pause Young (Mixed) (G1 Preventive Collection) 110M->112M(128M) 2.567ms
[2024-10-12T11:44:37.312+0800][info] GC(389) User=0.01s Sys=0.00s Real=0.00s
[2024-10-12T11:44:37.353+0800][info] GC(390) Pause Young (Mixed) (G1 Preventive Collection)
[2024-10-12T11:44:37.353+0800][info] GC(390) Using 3 workers of 48 for evacuation
[2024-10-12T11:44:37.354+0800][info] GC(390) To-space exhausted
[2024-10-12T11:44:37.354+0800][info] GC(390)   Pre Evacuate Collection Set: 0.1ms
[2024-10-12T11:44:37.354+0800][info] GC(390)   Merge Heap Roots: 0.1ms
[2024-10-12T11:44:37.355+0800][info] GC(390)   Evacuate Collection Set: 1.1ms
[2024-10-12T11:44:37.355+0800][info] GC(390)   Post Evacuate Collection Set: 0.3ms
[2024-10-12T11:44:37.355+0800][info] GC(390)   Other: 0.2ms
[2024-10-12T11:44:37.355+0800][info] GC(390) Eden regions: 1->0(2)
[2024-10-12T11:44:37.355+0800][info] GC(390) Survivor regions: 1->1(1)
[2024-10-12T11:44:37.355+0800][info] GC(390) Old regions: 56->57
[2024-10-12T11:44:37.355+0800][info] GC(390) Archive regions: 2->2
[2024-10-12T11:44:37.355+0800][info] GC(390) Humongous regions: 3->3
[2024-10-12T11:44:37.355+0800][info] GC(390) Metaspace: 1652K(1856K)->1652K(1856K) NonClass: 1527K(1664K)->1527K(1664K) Class: 124K(192K)->124K(192K)
[2024-10-12T11:44:37.355+0800][info] GC(390) Pause Young (Mixed) (G1 Preventive Collection) 114M->113M(128M) 1.920ms
[2024-10-12T11:44:37.355+0800][info] GC(390) User=0.01s Sys=0.00s Real=0.01s
[2024-10-12T11:44:37.416+0800][info] GC(391) Pause Young (Mixed) (G1 Evacuation Pause)
[2024-10-12T11:44:37.416+0800][info] GC(391) Using 3 workers of 48 for evacuation
[2024-10-12T11:44:37.418+0800][info] GC(391) To-space exhausted
[2024-10-12T11:44:37.418+0800][info] GC(391)   Pre Evacuate Collection Set: 0.1ms
[2024-10-12T11:44:37.418+0800][info] GC(391)   Merge Heap Roots: 0.1ms
[2024-10-12T11:44:37.418+0800][info] GC(391)   Evacuate Collection Set: 0.8ms
[2024-10-12T11:44:37.418+0800][info] GC(391)   Post Evacuate Collection Set: 0.3ms
[2024-10-12T11:44:37.418+0800][info] GC(391)   Other: 0.2ms
[2024-10-12T11:44:37.418+0800][info] GC(391) Eden regions: 1->0(3)
[2024-10-12T11:44:37.418+0800][info] GC(391) Survivor regions: 1->0(0)
[2024-10-12T11:44:37.418+0800][info] GC(391) Old regions: 57->59
[2024-10-12T11:44:37.418+0800][info] GC(391) Archive regions: 2->2
[2024-10-12T11:44:37.418+0800][info] GC(391) Humongous regions: 3->3
[2024-10-12T11:44:37.418+0800][info] GC(391) Metaspace: 1652K(1856K)->1652K(1856K) NonClass: 1528K(1664K)->1528K(1664K) Class: 124K(192K)->124K(192K)
[2024-10-12T11:44:37.418+0800][info] GC(391) Pause Young (Mixed) (G1 Evacuation Pause) 115M->115M(128M) 1.660ms
[2024-10-12T11:44:37.418+0800][info] GC(391) User=0.00s Sys=0.00s Real=0.00s
[2024-10-12T11:44:37.418+0800][info] Attempting full compaction
[2024-10-12T11:44:37.418+0800][info] GC(392) Using 3 workers of 48 for full compaction
[2024-10-12T11:44:37.418+0800][info] GC(392) Pause Full (G1 Compaction Pause)
[2024-10-12T11:44:37.418+0800][info] GC(392) Phase 1: Mark live objects
[2024-10-12T11:44:37.422+0800][info] GC(392) Phase 1: Mark live objects 3.459ms
[2024-10-12T11:44:37.422+0800][info] GC(392) Phase 2: Prepare for compaction
[2024-10-12T11:44:37.422+0800][info] GC(392) Phase 2: Prepare for compaction 0.732ms
[2024-10-12T11:44:37.422+0800][info] GC(392) Phase 3: Adjust pointers
[2024-10-12T11:44:37.424+0800][info] GC(392) Phase 3: Adjust pointers 1.681ms
[2024-10-12T11:44:37.424+0800][info] GC(392) Phase 4: Compact heap
[2024-10-12T11:44:37.436+0800][info] GC(392) Phase 4: Compact heap 11.444ms
[2024-10-12T11:44:37.437+0800][info] GC(392) Eden regions: 0->0(4)
[2024-10-12T11:44:37.437+0800][info] GC(392) Survivor regions: 0->0(0)
[2024-10-12T11:44:37.437+0800][info] GC(392) Old regions: 59->38
[2024-10-12T11:44:37.437+0800][info] GC(392) Archive regions: 2->2
[2024-10-12T11:44:37.437+0800][info] GC(392) Humongous regions: 3->3
[2024-10-12T11:44:37.437+0800][info] GC(392) Metaspace: 1652K(1856K)->1652K(1856K) NonClass: 1528K(1664K)->1528K(1664K) Class: 124K(192K)->124K(192K)
[2024-10-12T11:44:37.437+0800][info] GC(392) Pause Full (G1 Compaction Pause) 115M->72M(128M) 19.157ms
[2024-10-12T11:44:37.437+0800][info] GC(392) User=0.05s Sys=0.00s Real=0.02s
[2024-10-12T11:44:37.642+0800][info] GC(393) Pause Young (Normal) (G1 Evacuation Pause)
[2024-10-12T11:44:37.642+0800][info] GC(393) Using 3 workers of 48 for evacuation
[2024-10-12T11:44:37.644+0800][info] GC(393)   Pre Evacuate Collection Set: 0.1ms
[2024-10-12T11:44:37.644+0800][info] GC(393)   Merge Heap Roots: 0.0ms
[2024-10-12T11:44:37.644+0800][info] GC(393)   Evacuate Collection Set: 1.3ms
[2024-10-12T11:44:37.644+0800][info] GC(393)   Post Evacuate Collection Set: 0.2ms
[2024-10-12T11:44:37.644+0800][info] GC(393)   Other: 0.2ms
[2024-10-12T11:44:37.644+0800][info] GC(393) Eden regions: 4->0(2)
[2024-10-12T11:44:37.644+0800][info] GC(393) Survivor regions: 0->1(1)
[2024-10-12T11:44:37.644+0800][info] GC(393) Old regions: 38->41
[2024-10-12T11:44:37.644+0800][info] GC(393) Archive regions: 2->2
[2024-10-12T11:44:37.644+0800][info] GC(393) Humongous regions: 3->3
[2024-10-12T11:44:37.644+0800][info] GC(393) Metaspace: 1653K(1856K)->1653K(1856K) NonClass: 1529K(1664K)->1529K(1664K) Class: 124K(192K)->124K(192K)
[2024-10-12T11:44:37.644+0800][info] GC(393) Pause Young (Normal) (G1 Evacuation Pause) 79M->79M(128M) 1.959ms
[2024-10-12T11:44:37.644+0800][info] GC(393) User=0.01s Sys=0.00s Real=0.00s
[2024-10-12T11:44:37.746+0800][info] GC(394) Pause Young (Normal) (G1 Evacuation Pause)
[2024-10-12T11:44:37.746+0800][info] GC(394) Using 3 workers of 48 for evacuation
[2024-10-12T11:44:37.748+0800][info] GC(394)   Pre Evacuate Collection Set: 0.1ms
[2024-10-12T11:44:37.748+0800][info] GC(394)   Merge Heap Roots: 0.1ms
[2024-10-12T11:44:37.748+0800][info] GC(394)   Evacuate Collection Set: 1.0ms
[2024-10-12T11:44:37.748+0800][info] GC(394)   Post Evacuate Collection Set: 0.2ms
[2024-10-12T11:44:37.748+0800][info] GC(394)   Other: 0.2ms
[2024-10-12T11:44:37.748+0800][info] GC(394) Eden regions: 2->0(2)
[2024-10-12T11:44:37.748+0800][info] GC(394) Survivor regions: 1->1(1)
[2024-10-12T11:44:37.748+0800][info] GC(394) Old regions: 41->43
[2024-10-12T11:44:37.748+0800][info] GC(394) Archive regions: 2->2
[2024-10-12T11:44:37.748+0800][info] GC(394) Humongous regions: 3->3
[2024-10-12T11:44:37.748+0800][info] GC(394) Metaspace: 1653K(1856K)->1653K(1856K) NonClass: 1529K(1664K)->1529K(1664K) Class: 124K(192K)->124K(192K)
[2024-10-12T11:44:37.748+0800][info] GC(394) Pause Young (Normal) (G1 Evacuation Pause) 83M->83M(128M) 1.614ms
[2024-10-12T11:44:37.748+0800][info] GC(394) User=0.00s Sys=0.00s Real=0.00s
[2024-10-12T11:44:37.850+0800][info] GC(395) Pause Young (Normal) (G1 Evacuation Pause)
[2024-10-12T11:44:37.850+0800][info] GC(395) Using 3 workers of 48 for evacuation
[2024-10-12T11:44:37.852+0800][info] GC(395)   Pre Evacuate Collection Set: 0.1ms
[2024-10-12T11:44:37.852+0800][info] GC(395)   Merge Heap Roots: 0.1ms
[2024-10-12T11:44:37.852+0800][info] GC(395)   Evacuate Collection Set: 1.0ms
[2024-10-12T11:44:37.852+0800][info] GC(395)   Post Evacuate Collection Set: 0.2ms
[2024-10-12T11:44:37.852+0800][info] GC(395)   Other: 0.2ms
[2024-10-12T11:44:37.852+0800][info] GC(395) Eden regions: 2->0(2)
[2024-10-12T11:44:37.852+0800][info] GC(395) Survivor regions: 1->1(1)
[2024-10-12T11:44:37.852+0800][info] GC(395) Old regions: 43->45
[2024-10-12T11:44:37.852+0800][info] GC(395) Archive regions: 2->2
[2024-10-12T11:44:37.852+0800][info] GC(395) Humongous regions: 3->3
[2024-10-12T11:44:37.852+0800][info] GC(395) Metaspace: 1655K(1856K)->1655K(1856K) NonClass: 1531K(1664K)->1531K(1664K) Class: 124K(192K)->124K(192K)
[2024-10-12T11:44:37.852+0800][info] GC(395) Pause Young (Normal) (G1 Evacuation Pause) 86M->86M(128M) 1.582ms
[2024-10-12T11:44:37.852+0800][info] GC(395) User=0.01s Sys=0.00s Real=0.00s
[2024-10-12T11:44:37.954+0800][info] GC(396) Pause Young (Normal) (G1 Evacuation Pause)
[2024-10-12T11:44:37.954+0800][info] GC(396) Using 3 workers of 48 for evacuation
[2024-10-12T11:44:37.955+0800][info] GC(396)   Pre Evacuate Collection Set: 0.1ms
[2024-10-12T11:44:37.955+0800][info] GC(396)   Merge Heap Roots: 0.1ms
[2024-10-12T11:44:37.955+0800][info] GC(396)   Evacuate Collection Set: 1.0ms
[2024-10-12T11:44:37.955+0800][info] GC(396)   Post Evacuate Collection Set: 0.2ms
[2024-10-12T11:44:37.955+0800][info] GC(396)   Other: 0.2ms
[2024-10-12T11:44:37.955+0800][info] GC(396) Eden regions: 2->0(2)
[2024-10-12T11:44:37.955+0800][info] GC(396) Survivor regions: 1->1(1)
[2024-10-12T11:44:37.955+0800][info] GC(396) Old regions: 45->47
[2024-10-12T11:44:37.955+0800][info] GC(396) Archive regions: 2->2
[2024-10-12T11:44:37.955+0800][info] GC(396) Humongous regions: 3->3
[2024-10-12T11:44:37.955+0800][info] GC(396) Metaspace: 1655K(1856K)->1655K(1856K) NonClass: 1531K(1664K)->1531K(1664K) Class: 124K(192K)->124K(192K)
[2024-10-12T11:44:37.955+0800][info] GC(396) Pause Young (Normal) (G1 Evacuation Pause) 90M->90M(128M) 1.600ms
[2024-10-12T11:44:37.955+0800][info] GC(396) User=0.00s Sys=0.00s Real=0.00s
[2024-10-12T11:44:38.058+0800][info] GC(397) Pause Young (Concurrent Start) (G1 Evacuation Pause)
[2024-10-12T11:44:38.058+0800][info] GC(397) Using 3 workers of 48 for evacuation
[2024-10-12T11:44:38.060+0800][info] GC(397)   Pre Evacuate Collection Set: 0.1ms
[2024-10-12T11:44:38.060+0800][info] GC(397)   Merge Heap Roots: 0.1ms
[2024-10-12T11:44:38.060+0800][info] GC(397)   Evacuate Collection Set: 1.2ms
[2024-10-12T11:44:38.060+0800][info] GC(397)   Post Evacuate Collection Set: 0.2ms
[2024-10-12T11:44:38.060+0800][info] GC(397)   Other: 0.4ms
[2024-10-12T11:44:38.060+0800][info] GC(397) Eden regions: 2->0(2)
[2024-10-12T11:44:38.060+0800][info] GC(397) Survivor regions: 1->1(1)
[2024-10-12T11:44:38.060+0800][info] GC(397) Old regions: 47->49
[2024-10-12T11:44:38.060+0800][info] GC(397) Archive regions: 2->2
[2024-10-12T11:44:38.060+0800][info] GC(397) Humongous regions: 3->3
[2024-10-12T11:44:38.060+0800][info] GC(397) Metaspace: 1675K(1856K)->1675K(1856K) NonClass: 1550K(1664K)->1550K(1664K) Class: 124K(192K)->124K(192K)
[2024-10-12T11:44:38.060+0800][info] GC(397) Pause Young (Concurrent Start) (G1 Evacuation Pause) 94M->94M(128M) 1.950ms
[2024-10-12T11:44:38.060+0800][info] GC(397) User=0.01s Sys=0.00s Real=0.00s
[2024-10-12T11:44:38.060+0800][info] GC(398) Concurrent Mark Cycle
[2024-10-12T11:44:38.060+0800][info] GC(398) Concurrent Clear Claimed Marks
[2024-10-12T11:44:38.060+0800][info] GC(398) Concurrent Clear Claimed Marks 0.017ms
[2024-10-12T11:44:38.060+0800][info] GC(398) Concurrent Scan Root Regions
[2024-10-12T11:44:38.060+0800][info] GC(398) Concurrent Scan Root Regions 0.158ms
[2024-10-12T11:44:38.060+0800][info] GC(398) Concurrent Mark
[2024-10-12T11:44:38.060+0800][info] GC(398) Concurrent Mark From Roots
[2024-10-12T11:44:38.060+0800][info] GC(398) Using 12 workers of 12 for marking
[2024-10-12T11:44:38.064+0800][info] GC(398) Concurrent Mark From Roots 3.258ms
[2024-10-12T11:44:38.064+0800][info] GC(398) Concurrent Preclean
[2024-10-12T11:44:38.065+0800][info] GC(398) Concurrent Preclean 1.700ms
[2024-10-12T11:44:38.065+0800][info] GC(398) Pause Remark
[2024-10-12T11:44:38.067+0800][info] GC(398) Pause Remark 95M->95M(128M) 1.567ms
[2024-10-12T11:44:38.067+0800][info] GC(398) User=0.00s Sys=0.00s Real=0.00s
[2024-10-12T11:44:38.067+0800][info] GC(398) Concurrent Mark 6.860ms
[2024-10-12T11:44:38.067+0800][info] GC(398) Concurrent Rebuild Remembered Sets
[2024-10-12T11:44:38.068+0800][info] GC(398) Concurrent Rebuild Remembered Sets 1.234ms
[2024-10-12T11:44:38.069+0800][info] GC(398) Pause Cleanup
[2024-10-12T11:44:38.069+0800][info] GC(398) Pause Cleanup 95M->95M(128M) 0.248ms
[2024-10-12T11:44:38.069+0800][info] GC(398) User=0.00s Sys=0.00s Real=0.00s
[2024-10-12T11:44:38.069+0800][info] GC(398) Concurrent Cleanup for Next Mark
[2024-10-12T11:44:38.069+0800][info] GC(398) Concurrent Cleanup for Next Mark 0.420ms
[2024-10-12T11:44:38.069+0800][info] GC(398) Concurrent Mark Cycle 9.336ms
[2024-10-12T11:44:38.213+0800][info] GC(399) Pause Young (Prepare Mixed) (G1 Evacuation Pause)
[2024-10-12T11:44:38.213+0800][info] GC(399) Using 3 workers of 48 for evacuation
[2024-10-12T11:44:38.215+0800][info] GC(399)   Pre Evacuate Collection Set: 0.1ms
[2024-10-12T11:44:38.215+0800][info] GC(399)   Merge Heap Roots: 0.1ms
[2024-10-12T11:44:38.215+0800][info] GC(399)   Evacuate Collection Set: 1.0ms
[2024-10-12T11:44:38.215+0800][info] GC(399)   Post Evacuate Collection Set: 0.2ms
[2024-10-12T11:44:38.215+0800][info] GC(399)   Other: 0.2ms
[2024-10-12T11:44:38.215+0800][info] GC(399) Eden regions: 2->0(2)
[2024-10-12T11:44:38.215+0800][info] GC(399) Survivor regions: 1->1(1)
[2024-10-12T11:44:38.215+0800][info] GC(399) Old regions: 49->51
[2024-10-12T11:44:38.215+0800][info] GC(399) Archive regions: 2->2
[2024-10-12T11:44:38.215+0800][info] GC(399) Humongous regions: 3->3
[2024-10-12T11:44:38.215+0800][info] GC(399) Metaspace: 1675K(1856K)->1675K(1856K) NonClass: 1550K(1664K)->1550K(1664K) Class: 124K(192K)->124K(192K)
[2024-10-12T11:44:38.215+0800][info] GC(399) Pause Young (Prepare Mixed) (G1 Evacuation Pause) 98M->99M(128M) 1.738ms
[2024-10-12T11:44:38.215+0800][info] GC(399) User=0.00s Sys=0.00s Real=0.01s
[2024-10-12T11:44:38.317+0800][info] GC(400) Pause Young (Mixed) (G1 Preventive Collection)
[2024-10-12T11:44:38.317+0800][info] GC(400) Using 3 workers of 48 for evacuation
[2024-10-12T11:44:38.319+0800][info] GC(400) To-space exhausted
[2024-10-12T11:44:38.319+0800][info] GC(400)   Pre Evacuate Collection Set: 0.1ms
[2024-10-12T11:44:38.319+0800][info] GC(400)   Merge Heap Roots: 0.1ms
[2024-10-12T11:44:38.320+0800][info] GC(400)   Evacuate Collection Set: 1.8ms
[2024-10-12T11:44:38.320+0800][info] GC(400)   Post Evacuate Collection Set: 0.3ms
[2024-10-12T11:44:38.320+0800][info] GC(400)   Other: 0.2ms
[2024-10-12T11:44:38.320+0800][info] GC(400) Eden regions: 2->0(2)
[2024-10-12T11:44:38.320+0800][info] GC(400) Survivor regions: 1->1(1)
[2024-10-12T11:44:38.320+0800][info] GC(400) Old regions: 51->51
[2024-10-12T11:44:38.320+0800][info] GC(400) Archive regions: 2->2
[2024-10-12T11:44:38.320+0800][info] GC(400) Humongous regions: 3->3
[2024-10-12T11:44:38.320+0800][info] GC(400) Metaspace: 1675K(1856K)->1675K(1856K) NonClass: 1550K(1664K)->1550K(1664K) Class: 124K(192K)->124K(192K)
[2024-10-12T11:44:38.320+0800][info] GC(400) Pause Young (Mixed) (G1 Preventive Collection) 102M->101M(128M) 2.660ms
[2024-10-12T11:44:38.320+0800][info] GC(400) User=0.00s Sys=0.00s Real=0.00s
[2024-10-12T11:44:38.381+0800][info] GC(401) Pause Young (Mixed) (G1 Preventive Collection)
[2024-10-12T11:44:38.381+0800][info] GC(401) Using 3 workers of 48 for evacuation
[2024-10-12T11:44:38.384+0800][info] GC(401)   Pre Evacuate Collection Set: 0.1ms
[2024-10-12T11:44:38.384+0800][info] GC(401)   Merge Heap Roots: 0.1ms
[2024-10-12T11:44:38.384+0800][info] GC(401)   Evacuate Collection Set: 2.2ms
[2024-10-12T11:44:38.384+0800][info] GC(401)   Post Evacuate Collection Set: 0.3ms
[2024-10-12T11:44:38.384+0800][info] GC(401)   Other: 0.1ms
[2024-10-12T11:44:38.384+0800][info] GC(401) Eden regions: 1->0(2)
[2024-10-12T11:44:38.384+0800][info] GC(401) Survivor regions: 1->1(1)
[2024-10-12T11:44:38.384+0800][info] GC(401) Old regions: 51->48
[2024-10-12T11:44:38.384+0800][info] GC(401) Archive regions: 2->2
[2024-10-12T11:44:38.384+0800][info] GC(401) Humongous regions: 3->3
[2024-10-12T11:44:38.384+0800][info] GC(401) Metaspace: 1675K(1856K)->1675K(1856K) NonClass: 1550K(1664K)->1550K(1664K) Class: 124K(192K)->124K(192K)
[2024-10-12T11:44:38.384+0800][info] GC(401) Pause Young (Mixed) (G1 Preventive Collection) 103M->98M(128M) 2.982ms
[2024-10-12T11:44:38.384+0800][info] GC(401) User=0.01s Sys=0.00s Real=0.00s
[2024-10-12T11:44:38.486+0800][info] GC(402) Pause Young (Mixed) (G1 Evacuation Pause)
[2024-10-12T11:44:38.486+0800][info] GC(402) Using 3 workers of 48 for evacuation
[2024-10-12T11:44:38.489+0800][info] GC(402)   Pre Evacuate Collection Set: 0.1ms
[2024-10-12T11:44:38.490+0800][info] GC(402)   Merge Heap Roots: 0.1ms
[2024-10-12T11:44:38.490+0800][info] GC(402)   Evacuate Collection Set: 2.8ms
[2024-10-12T11:44:38.490+0800][info] GC(402)   Post Evacuate Collection Set: 0.3ms
[2024-10-12T11:44:38.490+0800][info] GC(402)   Other: 0.2ms
[2024-10-12T11:44:38.490+0800][info] GC(402) Eden regions: 2->0(2)
[2024-10-12T11:44:38.490+0800][info] GC(402) Survivor regions: 1->1(1)
[2024-10-12T11:44:38.490+0800][info] GC(402) Old regions: 48->46
[2024-10-12T11:44:38.490+0800][info] GC(402) Archive regions: 2->2
[2024-10-12T11:44:38.490+0800][info] GC(402) Humongous regions: 3->3
[2024-10-12T11:44:38.490+0800][info] GC(402) Metaspace: 1675K(1856K)->1675K(1856K) NonClass: 1550K(1664K)->1550K(1664K) Class: 124K(192K)->124K(192K)
[2024-10-12T11:44:38.490+0800][info] GC(402) Pause Young (Mixed) (G1 Evacuation Pause) 101M->96M(128M) 3.553ms
[2024-10-12T11:44:38.490+0800][info] GC(402) User=0.01s Sys=0.00s Real=0.00s
[2024-10-12T11:44:38.593+0800][info] GC(403) Pause Young (Mixed) (G1 Evacuation Pause)
[2024-10-12T11:44:38.593+0800][info] GC(403) Using 3 workers of 48 for evacuation
[2024-10-12T11:44:38.597+0800][info] GC(403)   Pre Evacuate Collection Set: 0.1ms
[2024-10-12T11:44:38.597+0800][info] GC(403)   Merge Heap Roots: 0.1ms
[2024-10-12T11:44:38.597+0800][info] GC(403)   Evacuate Collection Set: 3.6ms
[2024-10-12T11:44:38.597+0800][info] GC(403)   Post Evacuate Collection Set: 0.3ms
[2024-10-12T11:44:38.597+0800][info] GC(403)   Other: 0.1ms
[2024-10-12T11:44:38.597+0800][info] GC(403) Eden regions: 2->0(2)
[2024-10-12T11:44:38.597+0800][info] GC(403) Survivor regions: 1->1(1)
[2024-10-12T11:44:38.597+0800][info] GC(403) Old regions: 46->45
[2024-10-12T11:44:38.597+0800][info] GC(403) Archive regions: 2->2
[2024-10-12T11:44:38.597+0800][info] GC(403) Humongous regions: 4->3
[2024-10-12T11:44:38.597+0800][info] GC(403) Metaspace: 1675K(1856K)->1675K(1856K) NonClass: 1550K(1664K)->1550K(1664K) Class: 124K(192K)->124K(192K)
[2024-10-12T11:44:38.597+0800][info] GC(403) Pause Young (Mixed) (G1 Evacuation Pause) 102M->96M(128M) 4.472ms
[2024-10-12T11:44:38.597+0800][info] GC(403) User=0.01s Sys=0.00s Real=0.01s
[2024-10-12T11:44:38.699+0800][info] GC(404) Pause Young (Mixed) (G1 Evacuation Pause)
[2024-10-12T11:44:38.699+0800][info] GC(404) Using 3 workers of 48 for evacuation
[2024-10-12T11:44:38.702+0800][info] GC(404)   Pre Evacuate Collection Set: 0.1ms
[2024-10-12T11:44:38.702+0800][info] GC(404)   Merge Heap Roots: 0.1ms
[2024-10-12T11:44:38.702+0800][info] GC(404)   Evacuate Collection Set: 2.7ms
[2024-10-12T11:44:38.702+0800][info] GC(404)   Post Evacuate Collection Set: 0.3ms
[2024-10-12T11:44:38.702+0800][info] GC(404)   Other: 0.1ms
[2024-10-12T11:44:38.702+0800][info] GC(404) Eden regions: 2->0(2)
[2024-10-12T11:44:38.702+0800][info] GC(404) Survivor regions: 1->1(1)
[2024-10-12T11:44:38.702+0800][info] GC(404) Old regions: 45->47
[2024-10-12T11:44:38.702+0800][info] GC(404) Archive regions: 2->2
[2024-10-12T11:44:38.703+0800][info] GC(404) Humongous regions: 3->3
[2024-10-12T11:44:38.703+0800][info] GC(404) Metaspace: 1675K(1856K)->1675K(1856K) NonClass: 1550K(1664K)->1550K(1664K) Class: 124K(192K)->124K(192K)
[2024-10-12T11:44:38.703+0800][info] GC(404) Pause Young (Mixed) (G1 Evacuation Pause) 99M->100M(128M) 3.419ms
[2024-10-12T11:44:38.703+0800][info] GC(404) User=0.01s Sys=0.00s Real=0.00s
[2024-10-12T11:44:38.805+0800][info] GC(405) Pause Young (Normal) (G1 Evacuation Pause)
[2024-10-12T11:44:38.805+0800][info] GC(405) Using 3 workers of 48 for evacuation
[2024-10-12T11:44:38.806+0800][info] GC(405)   Pre Evacuate Collection Set: 0.1ms
[2024-10-12T11:44:38.806+0800][info] GC(405)   Merge Heap Roots: 0.0ms
[2024-10-12T11:44:38.806+0800][info] GC(405)   Evacuate Collection Set: 1.0ms
[2024-10-12T11:44:38.806+0800][info] GC(405)   Post Evacuate Collection Set: 0.2ms
[2024-10-12T11:44:38.806+0800][info] GC(405)   Other: 0.2ms
[2024-10-12T11:44:38.806+0800][info] GC(405) Eden regions: 2->0(2)
[2024-10-12T11:44:38.806+0800][info] GC(405) Survivor regions: 1->1(1)
[2024-10-12T11:44:38.806+0800][info] GC(405) Old regions: 47->49
[2024-10-12T11:44:38.806+0800][info] GC(405) Archive regions: 2->2
[2024-10-12T11:44:38.806+0800][info] GC(405) Humongous regions: 3->3
[2024-10-12T11:44:38.806+0800][info] GC(405) Metaspace: 1675K(1856K)->1675K(1856K) NonClass: 1550K(1664K)->1550K(1664K) Class: 124K(192K)->124K(192K)
[2024-10-12T11:44:38.807+0800][info] GC(405) Pause Young (Normal) (G1 Evacuation Pause) 103M->104M(128M) 1.728ms
[2024-10-12T11:44:38.807+0800][info] GC(405) User=0.00s Sys=0.00s Real=0.01s
[2024-10-12T11:44:38.908+0800][info] GC(406) Pause Young (Normal) (G1 Evacuation Pause)
[2024-10-12T11:44:38.908+0800][info] GC(406) Using 3 workers of 48 for evacuation
[2024-10-12T11:44:38.910+0800][info] GC(406)   Pre Evacuate Collection Set: 0.1ms
[2024-10-12T11:44:38.910+0800][info] GC(406)   Merge Heap Roots: 0.0ms
[2024-10-12T11:44:38.910+0800][info] GC(406)   Evacuate Collection Set: 0.7ms
[2024-10-12T11:44:38.910+0800][info] GC(406)   Post Evacuate Collection Set: 0.2ms
[2024-10-12T11:44:38.910+0800][info] GC(406)   Other: 0.2ms
[2024-10-12T11:44:38.910+0800][info] GC(406) Eden regions: 2->0(2)
[2024-10-12T11:44:38.910+0800][info] GC(406) Survivor regions: 1->1(1)
[2024-10-12T11:44:38.910+0800][info] GC(406) Old regions: 49->51
[2024-10-12T11:44:38.910+0800][info] GC(406) Archive regions: 2->2
[2024-10-12T11:44:38.910+0800][info] GC(406) Humongous regions: 3->3
[2024-10-12T11:44:38.910+0800][info] GC(406) Metaspace: 1675K(1856K)->1675K(1856K) NonClass: 1550K(1664K)->1550K(1664K) Class: 124K(192K)->124K(192K)
[2024-10-12T11:44:38.910+0800][info] GC(406) Pause Young (Normal) (G1 Evacuation Pause) 107M->107M(128M) 1.325ms
[2024-10-12T11:44:38.910+0800][info] GC(406) User=0.00s Sys=0.00s Real=0.00s
[2024-10-12T11:44:39.012+0800][info] GC(407) Pause Young (Concurrent Start) (G1 Evacuation Pause)
[2024-10-12T11:44:39.012+0800][info] GC(407) Using 3 workers of 48 for evacuation
[2024-10-12T11:44:39.013+0800][info] GC(407)   Pre Evacuate Collection Set: 0.1ms
[2024-10-12T11:44:39.013+0800][info] GC(407)   Merge Heap Roots: 0.0ms
[2024-10-12T11:44:39.013+0800][info] GC(407)   Evacuate Collection Set: 0.9ms
[2024-10-12T11:44:39.013+0800][info] GC(407)   Post Evacuate Collection Set: 0.2ms
[2024-10-12T11:44:39.013+0800][info] GC(407)   Other: 0.3ms
[2024-10-12T11:44:39.013+0800][info] GC(407) Eden regions: 2->0(2)
[2024-10-12T11:44:39.013+0800][info] GC(407) Survivor regions: 1->1(1)
[2024-10-12T11:44:39.013+0800][info] GC(407) Old regions: 51->53
[2024-10-12T11:44:39.013+0800][info] GC(407) Archive regions: 2->2
[2024-10-12T11:44:39.013+0800][info] GC(407) Humongous regions: 3->3
[2024-10-12T11:44:39.013+0800][info] GC(407) Metaspace: 1675K(1856K)->1675K(1856K) NonClass: 1550K(1664K)->1550K(1664K) Class: 124K(192K)->124K(192K)
[2024-10-12T11:44:39.013+0800][info] GC(407) Pause Young (Concurrent Start) (G1 Evacuation Pause) 111M->112M(128M) 1.698ms
[2024-10-12T11:44:39.013+0800][info] GC(407) User=0.00s Sys=0.00s Real=0.01s
[2024-10-12T11:44:39.014+0800][info] GC(408) Concurrent Mark Cycle
[2024-10-12T11:44:39.014+0800][info] GC(408) Concurrent Clear Claimed Marks
[2024-10-12T11:44:39.014+0800][info] GC(408) Concurrent Clear Claimed Marks 0.016ms
[2024-10-12T11:44:39.014+0800][info] GC(408) Concurrent Scan Root Regions
[2024-10-12T11:44:39.014+0800][info] GC(408) Concurrent Scan Root Regions 0.115ms
[2024-10-12T11:44:39.014+0800][info] GC(408) Concurrent Mark
[2024-10-12T11:44:39.014+0800][info] GC(408) Concurrent Mark From Roots
[2024-10-12T11:44:39.014+0800][info] GC(408) Using 12 workers of 12 for marking
[2024-10-12T11:44:39.017+0800][info] GC(408) Concurrent Mark From Roots 3.408ms
[2024-10-12T11:44:39.017+0800][info] GC(408) Concurrent Preclean
[2024-10-12T11:44:39.019+0800][info] GC(408) Concurrent Preclean 1.677ms
[2024-10-12T11:44:39.019+0800][info] GC(408) Pause Remark
[2024-10-12T11:44:39.021+0800][info] GC(408) Pause Remark 112M->112M(128M) 1.573ms
[2024-10-12T11:44:39.021+0800][info] GC(408) User=0.00s Sys=0.00s Real=0.00s
[2024-10-12T11:44:39.021+0800][info] GC(408) Concurrent Mark 6.976ms
[2024-10-12T11:44:39.021+0800][info] GC(408) Concurrent Rebuild Remembered Sets
[2024-10-12T11:44:39.022+0800][info] GC(408) Concurrent Rebuild Remembered Sets 1.322ms
[2024-10-12T11:44:39.022+0800][info] GC(408) Pause Cleanup
[2024-10-12T11:44:39.023+0800][info] GC(408) Pause Cleanup 112M->112M(128M) 0.269ms
[2024-10-12T11:44:39.023+0800][info] GC(408) User=0.00s Sys=0.00s Real=0.00s
[2024-10-12T11:44:39.023+0800][info] GC(408) Concurrent Cleanup for Next Mark
[2024-10-12T11:44:39.023+0800][info] GC(408) Concurrent Cleanup for Next Mark 0.376ms
[2024-10-12T11:44:39.023+0800][info] GC(408) Concurrent Mark Cycle 9.447ms
[2024-10-12T11:44:39.166+0800][info] GC(409) Pause Young (Prepare Mixed) (G1 Preventive Collection)
[2024-10-12T11:44:39.166+0800][info] GC(409) Using 3 workers of 48 for evacuation
[2024-10-12T11:44:39.168+0800][info] GC(409)   Pre Evacuate Collection Set: 0.1ms
[2024-10-12T11:44:39.168+0800][info] GC(409)   Merge Heap Roots: 0.1ms
[2024-10-12T11:44:39.168+0800][info] GC(409)   Evacuate Collection Set: 1.1ms
[2024-10-12T11:44:39.168+0800][info] GC(409)   Post Evacuate Collection Set: 0.2ms
[2024-10-12T11:44:39.168+0800][info] GC(409)   Other: 0.2ms
[2024-10-12T11:44:39.168+0800][info] GC(409) Eden regions: 2->0(2)
[2024-10-12T11:44:39.168+0800][info] GC(409) Survivor regions: 1->1(1)
[2024-10-12T11:44:39.168+0800][info] GC(409) Old regions: 53->55
[2024-10-12T11:44:39.168+0800][info] GC(409) Archive regions: 2->2
[2024-10-12T11:44:39.168+0800][info] GC(409) Humongous regions: 3->3
[2024-10-12T11:44:39.168+0800][info] GC(409) Metaspace: 1675K(1856K)->1675K(1856K) NonClass: 1550K(1664K)->1550K(1664K) Class: 124K(192K)->124K(192K)
[2024-10-12T11:44:39.168+0800][info] GC(409) Pause Young (Prepare Mixed) (G1 Preventive Collection) 115M->115M(128M) 1.753ms
[2024-10-12T11:44:39.168+0800][info] GC(409) User=0.00s Sys=0.00s Real=0.00s
[2024-10-12T11:44:39.230+0800][info] GC(410) Pause Young (Mixed) (G1 Preventive Collection)
[2024-10-12T11:44:39.230+0800][info] GC(410) Using 3 workers of 48 for evacuation
[2024-10-12T11:44:39.231+0800][info] GC(410) To-space exhausted
[2024-10-12T11:44:39.231+0800][info] GC(410)   Pre Evacuate Collection Set: 0.1ms
[2024-10-12T11:44:39.231+0800][info] GC(410)   Merge Heap Roots: 0.1ms
[2024-10-12T11:44:39.231+0800][info] GC(410)   Evacuate Collection Set: 1.0ms
[2024-10-12T11:44:39.231+0800][info] GC(410)   Post Evacuate Collection Set: 0.3ms
[2024-10-12T11:44:39.231+0800][info] GC(410)   Other: 0.2ms
[2024-10-12T11:44:39.231+0800][info] GC(410) Eden regions: 1->0(2)
[2024-10-12T11:44:39.231+0800][info] GC(410) Survivor regions: 1->1(1)
[2024-10-12T11:44:39.231+0800][info] GC(410) Old regions: 55->49
[2024-10-12T11:44:39.231+0800][info] GC(410) Archive regions: 2->2
[2024-10-12T11:44:39.231+0800][info] GC(410) Humongous regions: 3->3
[2024-10-12T11:44:39.231+0800][info] GC(410) Metaspace: 1675K(1856K)->1675K(1856K) NonClass: 1550K(1664K)->1550K(1664K) Class: 124K(192K)->124K(192K)
[2024-10-12T11:44:39.232+0800][info] GC(410) Pause Young (Mixed) (G1 Preventive Collection) 117M->106M(128M) 1.799ms
[2024-10-12T11:44:39.232+0800][info] GC(410) User=0.00s Sys=0.00s Real=0.00s
[2024-10-12T11:44:39.334+0800][info] GC(411) Pause Young (Mixed) (G1 Preventive Collection)
[2024-10-12T11:44:39.334+0800][info] GC(411) Using 3 workers of 48 for evacuation
[2024-10-12T11:44:39.337+0800][info] GC(411)   Pre Evacuate Collection Set: 0.1ms
[2024-10-12T11:44:39.337+0800][info] GC(411)   Merge Heap Roots: 0.1ms
[2024-10-12T11:44:39.337+0800][info] GC(411)   Evacuate Collection Set: 2.3ms
[2024-10-12T11:44:39.337+0800][info] GC(411)   Post Evacuate Collection Set: 0.2ms
[2024-10-12T11:44:39.337+0800][info] GC(411)   Other: 0.1ms
[2024-10-12T11:44:39.337+0800][info] GC(411) Eden regions: 2->0(2)
[2024-10-12T11:44:39.337+0800][info] GC(411) Survivor regions: 1->1(1)
[2024-10-12T11:44:39.337+0800][info] GC(411) Old regions: 49->47
[2024-10-12T11:44:39.337+0800][info] GC(411) Archive regions: 2->2
[2024-10-12T11:44:39.337+0800][info] GC(411) Humongous regions: 3->3
[2024-10-12T11:44:39.337+0800][info] GC(411) Metaspace: 1675K(1856K)->1675K(1856K) NonClass: 1550K(1664K)->1550K(1664K) Class: 124K(192K)->124K(192K)
[2024-10-12T11:44:39.337+0800][info] GC(411) Pause Young (Mixed) (G1 Preventive Collection) 109M->102M(128M) 3.019ms
[2024-10-12T11:44:39.337+0800][info] GC(411) User=0.00s Sys=0.00s Real=0.00s
[2024-10-12T11:44:39.439+0800][info] GC(412) Pause Young (Mixed) (G1 Evacuation Pause)
[2024-10-12T11:44:39.439+0800][info] GC(412) Using 3 workers of 48 for evacuation
[2024-10-12T11:44:39.443+0800][info] GC(412)   Pre Evacuate Collection Set: 0.1ms
[2024-10-12T11:44:39.443+0800][info] GC(412)   Merge Heap Roots: 0.1ms
[2024-10-12T11:44:39.443+0800][info] GC(412)   Evacuate Collection Set: 2.8ms
[2024-10-12T11:44:39.443+0800][info] GC(412)   Post Evacuate Collection Set: 0.3ms
[2024-10-12T11:44:39.443+0800][info] GC(412)   Other: 0.1ms
[2024-10-12T11:44:39.443+0800][info] GC(412) Eden regions: 2->0(2)
[2024-10-12T11:44:39.443+0800][info] GC(412) Survivor regions: 1->1(1)
[2024-10-12T11:44:39.443+0800][info] GC(412) Old regions: 47->47
[2024-10-12T11:44:39.443+0800][info] GC(412) Archive regions: 2->2
[2024-10-12T11:44:39.443+0800][info] GC(412) Humongous regions: 3->3
[2024-10-12T11:44:39.443+0800][info] GC(412) Metaspace: 1675K(1856K)->1675K(1856K) NonClass: 1550K(1664K)->1550K(1664K) Class: 124K(192K)->124K(192K)
[2024-10-12T11:44:39.443+0800][info] GC(412) Pause Young (Mixed) (G1 Evacuation Pause) 106M->101M(128M) 3.548ms
[2024-10-12T11:44:39.443+0800][info] GC(412) User=0.00s Sys=0.00s Real=0.00s
[2024-10-12T11:44:39.545+0800][info] GC(413) Pause Young (Mixed) (G1 Evacuation Pause)
[2024-10-12T11:44:39.545+0800][info] GC(413) Using 3 workers of 48 for evacuation
[2024-10-12T11:44:39.548+0800][info] GC(413)   Pre Evacuate Collection Set: 0.1ms
[2024-10-12T11:44:39.548+0800][info] GC(413)   Merge Heap Roots: 0.1ms
[2024-10-12T11:44:39.548+0800][info] GC(413)   Evacuate Collection Set: 3.1ms
[2024-10-12T11:44:39.548+0800][info] GC(413)   Post Evacuate Collection Set: 0.3ms
[2024-10-12T11:44:39.548+0800][info] GC(413)   Other: 0.2ms
[2024-10-12T11:44:39.548+0800][info] GC(413) Eden regions: 2->0(2)
[2024-10-12T11:44:39.548+0800][info] GC(413) Survivor regions: 1->1(1)
[2024-10-12T11:44:39.548+0800][info] GC(413) Old regions: 47->46
[2024-10-12T11:44:39.548+0800][info] GC(413) Archive regions: 2->2
[2024-10-12T11:44:39.548+0800][info] GC(413) Humongous regions: 3->3
[2024-10-12T11:44:39.548+0800][info] GC(413) Metaspace: 1675K(1856K)->1675K(1856K) NonClass: 1550K(1664K)->1550K(1664K) Class: 124K(192K)->124K(192K)
[2024-10-12T11:44:39.549+0800][info] GC(413) Pause Young (Mixed) (G1 Evacuation Pause) 105M->100M(128M) 3.855ms
[2024-10-12T11:44:39.549+0800][info] GC(413) User=0.01s Sys=0.00s Real=0.01s
[2024-10-12T11:44:39.651+0800][info] GC(414) Pause Young (Mixed) (G1 Evacuation Pause)
[2024-10-12T11:44:39.651+0800][info] GC(414) Using 3 workers of 48 for evacuation
[2024-10-12T11:44:39.656+0800][info] GC(414)   Pre Evacuate Collection Set: 0.1ms
[2024-10-12T11:44:39.656+0800][info] GC(414)   Merge Heap Roots: 0.1ms
[2024-10-12T11:44:39.656+0800][info] GC(414)   Evacuate Collection Set: 4.4ms
[2024-10-12T11:44:39.656+0800][info] GC(414)   Post Evacuate Collection Set: 0.3ms
[2024-10-12T11:44:39.656+0800][info] GC(414)   Other: 0.2ms
[2024-10-12T11:44:39.656+0800][info] GC(414) Eden regions: 2->0(2)
[2024-10-12T11:44:39.656+0800][info] GC(414) Survivor regions: 1->1(1)
[2024-10-12T11:44:39.656+0800][info] GC(414) Old regions: 46->46
[2024-10-12T11:44:39.656+0800][info] GC(414) Archive regions: 2->2
[2024-10-12T11:44:39.656+0800][info] GC(414) Humongous regions: 3->3
[2024-10-12T11:44:39.656+0800][info] GC(414) Metaspace: 1675K(1856K)->1675K(1856K) NonClass: 1550K(1664K)->1550K(1664K) Class: 124K(192K)->124K(192K)
[2024-10-12T11:44:39.656+0800][info] GC(414) Pause Young (Mixed) (G1 Evacuation Pause) 103M->99M(128M) 5.177ms
[2024-10-12T11:44:39.656+0800][info] GC(414) User=0.01s Sys=0.00s Real=0.01s
[2024-10-12T11:44:39.758+0800][info] GC(415) Pause Young (Normal) (G1 Evacuation Pause)
[2024-10-12T11:44:39.758+0800][info] GC(415) Using 3 workers of 48 for evacuation
[2024-10-12T11:44:39.760+0800][info] GC(415)   Pre Evacuate Collection Set: 0.1ms
[2024-10-12T11:44:39.760+0800][info] GC(415)   Merge Heap Roots: 0.1ms
[2024-10-12T11:44:39.760+0800][info] GC(415)   Evacuate Collection Set: 1.1ms
[2024-10-12T11:44:39.760+0800][info] GC(415)   Post Evacuate Collection Set: 0.2ms
[2024-10-12T11:44:39.760+0800][info] GC(415)   Other: 0.2ms
[2024-10-12T11:44:39.760+0800][info] GC(415) Eden regions: 2->0(2)
[2024-10-12T11:44:39.760+0800][info] GC(415) Survivor regions: 1->1(1)
[2024-10-12T11:44:39.760+0800][info] GC(415) Old regions: 46->47
[2024-10-12T11:44:39.760+0800][info] GC(415) Archive regions: 2->2
[2024-10-12T11:44:39.760+0800][info] GC(415) Humongous regions: 3->3
[2024-10-12T11:44:39.760+0800][info] GC(415) Metaspace: 1675K(1856K)->1675K(1856K) NonClass: 1550K(1664K)->1550K(1664K) Class: 124K(192K)->124K(192K)
[2024-10-12T11:44:39.760+0800][info] GC(415) Pause Young (Normal) (G1 Evacuation Pause) 103M->103M(128M) 1.747ms
[2024-10-12T11:44:39.760+0800][info] GC(415) User=0.01s Sys=0.00s Real=0.00s
[2024-10-12T11:44:39.862+0800][info] GC(416) Pause Young (Normal) (G1 Evacuation Pause)
[2024-10-12T11:44:39.862+0800][info] GC(416) Using 3 workers of 48 for evacuation
[2024-10-12T11:44:39.864+0800][info] GC(416)   Pre Evacuate Collection Set: 0.1ms
[2024-10-12T11:44:39.864+0800][info] GC(416)   Merge Heap Roots: 0.1ms
[2024-10-12T11:44:39.864+0800][info] GC(416)   Evacuate Collection Set: 0.8ms
[2024-10-12T11:44:39.864+0800][info] GC(416)   Post Evacuate Collection Set: 0.2ms
[2024-10-12T11:44:39.864+0800][info] GC(416)   Other: 0.2ms
[2024-10-12T11:44:39.864+0800][info] GC(416) Eden regions: 2->0(2)
[2024-10-12T11:44:39.864+0800][info] GC(416) Survivor regions: 1->1(1)
[2024-10-12T11:44:39.864+0800][info] GC(416) Old regions: 47->49
[2024-10-12T11:44:39.864+0800][info] GC(416) Archive regions: 2->2
[2024-10-12T11:44:39.864+0800][info] GC(416) Humongous regions: 3->3
[2024-10-12T11:44:39.864+0800][info] GC(416) Metaspace: 1675K(1856K)->1675K(1856K) NonClass: 1550K(1664K)->1550K(1664K) Class: 124K(192K)->124K(192K)
[2024-10-12T11:44:39.864+0800][info] GC(416) Pause Young (Normal) (G1 Evacuation Pause) 106M->106M(128M) 1.439ms
[2024-10-12T11:44:39.864+0800][info] GC(416) User=0.00s Sys=0.00s Real=0.00s
[2024-10-12T11:44:39.966+0800][info] GC(417) Pause Young (Concurrent Start) (G1 Evacuation Pause)
[2024-10-12T11:44:39.966+0800][info] GC(417) Using 3 workers of 48 for evacuation
[2024-10-12T11:44:39.967+0800][info] GC(417)   Pre Evacuate Collection Set: 0.1ms
[2024-10-12T11:44:39.967+0800][info] GC(417)   Merge Heap Roots: 0.1ms
[2024-10-12T11:44:39.967+0800][info] GC(417)   Evacuate Collection Set: 0.9ms
[2024-10-12T11:44:39.967+0800][info] GC(417)   Post Evacuate Collection Set: 0.2ms
[2024-10-12T11:44:39.967+0800][info] GC(417)   Other: 0.3ms
[2024-10-12T11:44:39.967+0800][info] GC(417) Eden regions: 2->0(2)
[2024-10-12T11:44:39.967+0800][info] GC(417) Survivor regions: 1->1(1)
[2024-10-12T11:44:39.967+0800][info] GC(417) Old regions: 49->51
[2024-10-12T11:44:39.967+0800][info] GC(417) Archive regions: 2->2
[2024-10-12T11:44:39.967+0800][info] GC(417) Humongous regions: 3->3
[2024-10-12T11:44:39.967+0800][info] GC(417) Metaspace: 1675K(1856K)->1675K(1856K) NonClass: 1550K(1664K)->1550K(1664K) Class: 124K(192K)->124K(192K)
[2024-10-12T11:44:39.967+0800][info] GC(417) Pause Young (Concurrent Start) (G1 Evacuation Pause) 110M->110M(128M) 1.669ms
[2024-10-12T11:44:39.967+0800][info] GC(417) User=0.00s Sys=0.01s Real=0.00s
[2024-10-12T11:44:39.968+0800][info] GC(418) Concurrent Mark Cycle
[2024-10-12T11:44:39.968+0800][info] GC(418) Concurrent Clear Claimed Marks
[2024-10-12T11:44:39.968+0800][info] GC(418) Concurrent Clear Claimed Marks 0.016ms
[2024-10-12T11:44:39.968+0800][info] GC(418) Concurrent Scan Root Regions
[2024-10-12T11:44:39.968+0800][info] GC(418) Concurrent Scan Root Regions 0.183ms
[2024-10-12T11:44:39.968+0800][info] GC(418) Concurrent Mark
[2024-10-12T11:44:39.968+0800][info] GC(418) Concurrent Mark From Roots
[2024-10-12T11:44:39.968+0800][info] GC(418) Using 12 workers of 12 for marking
[2024-10-12T11:44:39.971+0800][info] GC(418) Concurrent Mark From Roots 3.422ms
[2024-10-12T11:44:39.971+0800][info] GC(418) Concurrent Preclean
[2024-10-12T11:44:39.973+0800][info] GC(418) Concurrent Preclean 1.677ms
[2024-10-12T11:44:39.973+0800][info] GC(418) Pause Remark
[2024-10-12T11:44:39.975+0800][info] GC(418) Pause Remark 110M->107M(128M) 1.622ms
[2024-10-12T11:44:39.975+0800][info] GC(418) User=0.01s Sys=0.00s Real=0.01s
[2024-10-12T11:44:39.975+0800][info] GC(418) Concurrent Mark 7.002ms
[2024-10-12T11:44:39.975+0800][info] GC(418) Concurrent Rebuild Remembered Sets
[2024-10-12T11:44:39.976+0800][info] GC(418) Concurrent Rebuild Remembered Sets 1.259ms
[2024-10-12T11:44:39.976+0800][info] GC(418) Pause Cleanup
[2024-10-12T11:44:39.976+0800][info] GC(418) Pause Cleanup 107M->107M(128M) 0.245ms
[2024-10-12T11:44:39.977+0800][info] GC(418) User=0.00s Sys=0.00s Real=0.00s
[2024-10-12T11:44:39.977+0800][info] GC(418) Concurrent Cleanup for Next Mark
[2024-10-12T11:44:39.977+0800][info] GC(418) Concurrent Cleanup for Next Mark 0.350ms
[2024-10-12T11:44:39.977+0800][info] GC(418) Concurrent Mark Cycle 9.436ms
[2024-10-12T11:44:40.121+0800][info] GC(419) Pause Young (Prepare Mixed) (G1 Evacuation Pause)
[2024-10-12T11:44:40.121+0800][info] GC(419) Using 3 workers of 48 for evacuation
[2024-10-12T11:44:40.122+0800][info] GC(419)   Pre Evacuate Collection Set: 0.1ms
[2024-10-12T11:44:40.122+0800][info] GC(419)   Merge Heap Roots: 0.1ms
[2024-10-12T11:44:40.122+0800][info] GC(419)   Evacuate Collection Set: 1.1ms
[2024-10-12T11:44:40.122+0800][info] GC(419)   Post Evacuate Collection Set: 0.2ms
[2024-10-12T11:44:40.122+0800][info] GC(419)   Other: 0.2ms
[2024-10-12T11:44:40.122+0800][info] GC(419) Eden regions: 2->0(2)
[2024-10-12T11:44:40.122+0800][info] GC(419) Survivor regions: 1->1(1)
[2024-10-12T11:44:40.122+0800][info] GC(419) Old regions: 49->51
[2024-10-12T11:44:40.122+0800][info] GC(419) Archive regions: 2->2
[2024-10-12T11:44:40.122+0800][info] GC(419) Humongous regions: 3->3
[2024-10-12T11:44:40.122+0800][info] GC(419) Metaspace: 1675K(1856K)->1675K(1856K) NonClass: 1550K(1664K)->1550K(1664K) Class: 124K(192K)->124K(192K)
[2024-10-12T11:44:40.122+0800][info] GC(419) Pause Young (Prepare Mixed) (G1 Evacuation Pause) 110M->110M(128M) 1.808ms
[2024-10-12T11:44:40.122+0800][info] GC(419) User=0.01s Sys=0.00s Real=0.00s
[2024-10-12T11:44:40.224+0800][info] GC(420) Pause Young (Mixed) (G1 Preventive Collection)
[2024-10-12T11:44:40.224+0800][info] GC(420) Using 3 workers of 48 for evacuation
[2024-10-12T11:44:40.227+0800][info] GC(420) To-space exhausted
[2024-10-12T11:44:40.227+0800][info] GC(420)   Pre Evacuate Collection Set: 0.1ms
[2024-10-12T11:44:40.227+0800][info] GC(420)   Merge Heap Roots: 0.1ms
[2024-10-12T11:44:40.227+0800][info] GC(420)   Evacuate Collection Set: 1.9ms
[2024-10-12T11:44:40.227+0800][info] GC(420)   Post Evacuate Collection Set: 0.3ms
[2024-10-12T11:44:40.227+0800][info] GC(420)   Other: 0.2ms
[2024-10-12T11:44:40.227+0800][info] GC(420) Eden regions: 2->0(2)
[2024-10-12T11:44:40.227+0800][info] GC(420) Survivor regions: 1->1(1)
[2024-10-12T11:44:40.227+0800][info] GC(420) Old regions: 51->49
[2024-10-12T11:44:40.227+0800][info] GC(420) Archive regions: 2->2
[2024-10-12T11:44:40.227+0800][info] GC(420) Humongous regions: 3->3
[2024-10-12T11:44:40.227+0800][info] GC(420) Metaspace: 1675K(1856K)->1675K(1856K) NonClass: 1550K(1664K)->1550K(1664K) Class: 124K(192K)->124K(192K)
[2024-10-12T11:44:40.227+0800][info] GC(420) Pause Young (Mixed) (G1 Preventive Collection) 114M->107M(128M) 2.632ms
[2024-10-12T11:44:40.227+0800][info] GC(420) User=0.01s Sys=0.00s Real=0.01s
[2024-10-12T11:44:40.329+0800][info] GC(421) Pause Young (Mixed) (G1 Preventive Collection)
[2024-10-12T11:44:40.329+0800][info] GC(421) Using 3 workers of 48 for evacuation
[2024-10-12T11:44:40.332+0800][info] GC(421)   Pre Evacuate Collection Set: 0.1ms
[2024-10-12T11:44:40.332+0800][info] GC(421)   Merge Heap Roots: 0.1ms
[2024-10-12T11:44:40.332+0800][info] GC(421)   Evacuate Collection Set: 2.2ms
[2024-10-12T11:44:40.332+0800][info] GC(421)   Post Evacuate Collection Set: 0.2ms
[2024-10-12T11:44:40.332+0800][info] GC(421)   Other: 0.2ms
[2024-10-12T11:44:40.332+0800][info] GC(421) Eden regions: 2->0(2)
[2024-10-12T11:44:40.332+0800][info] GC(421) Survivor regions: 1->1(1)
[2024-10-12T11:44:40.332+0800][info] GC(421) Old regions: 49->47
[2024-10-12T11:44:40.332+0800][info] GC(421) Archive regions: 2->2
[2024-10-12T11:44:40.332+0800][info] GC(421) Humongous regions: 3->3
[2024-10-12T11:44:40.332+0800][info] GC(421) Metaspace: 1675K(1856K)->1675K(1856K) NonClass: 1550K(1664K)->1550K(1664K) Class: 124K(192K)->124K(192K)
[2024-10-12T11:44:40.332+0800][info] GC(421) Pause Young (Mixed) (G1 Preventive Collection) 111M->103M(128M) 2.941ms
[2024-10-12T11:44:40.332+0800][info] GC(421) User=0.01s Sys=0.00s Real=0.00s
[2024-10-12T11:44:40.434+0800][info] GC(422) Pause Young (Mixed) (G1 Evacuation Pause)
[2024-10-12T11:44:40.434+0800][info] GC(422) Using 3 workers of 48 for evacuation
[2024-10-12T11:44:40.438+0800][info] GC(422)   Pre Evacuate Collection Set: 0.1ms
[2024-10-12T11:44:40.438+0800][info] GC(422)   Merge Heap Roots: 0.1ms
[2024-10-12T11:44:40.438+0800][info] GC(422)   Evacuate Collection Set: 2.7ms
[2024-10-12T11:44:40.438+0800][info] GC(422)   Post Evacuate Collection Set: 0.2ms
[2024-10-12T11:44:40.438+0800][info] GC(422)   Other: 0.1ms
[2024-10-12T11:44:40.438+0800][info] GC(422) Eden regions: 2->0(2)
[2024-10-12T11:44:40.438+0800][info] GC(422) Survivor regions: 1->1(1)
[2024-10-12T11:44:40.438+0800][info] GC(422) Old regions: 47->46
[2024-10-12T11:44:40.438+0800][info] GC(422) Archive regions: 2->2
[2024-10-12T11:44:40.438+0800][info] GC(422) Humongous regions: 3->3
[2024-10-12T11:44:40.438+0800][info] GC(422) Metaspace: 1675K(1856K)->1675K(1856K) NonClass: 1550K(1664K)->1550K(1664K) Class: 124K(192K)->124K(192K)
[2024-10-12T11:44:40.438+0800][info] GC(422) Pause Young (Mixed) (G1 Evacuation Pause) 107M->101M(128M) 3.458ms
[2024-10-12T11:44:40.438+0800][info] GC(422) User=0.01s Sys=0.00s Real=0.00s
[2024-10-12T11:44:40.540+0800][info] GC(423) Pause Young (Mixed) (G1 Evacuation Pause)
[2024-10-12T11:44:40.540+0800][info] GC(423) Using 3 workers of 48 for evacuation
[2024-10-12T11:44:40.544+0800][info] GC(423)   Pre Evacuate Collection Set: 0.1ms
[2024-10-12T11:44:40.544+0800][info] GC(423)   Merge Heap Roots: 0.1ms
[2024-10-12T11:44:40.544+0800][info] GC(423)   Evacuate Collection Set: 3.4ms
[2024-10-12T11:44:40.544+0800][info] GC(423)   Post Evacuate Collection Set: 0.3ms
[2024-10-12T11:44:40.544+0800][info] GC(423)   Other: 0.1ms
[2024-10-12T11:44:40.544+0800][info] GC(423) Eden regions: 2->0(2)
[2024-10-12T11:44:40.544+0800][info] GC(423) Survivor regions: 1->1(1)
[2024-10-12T11:44:40.544+0800][info] GC(423) Old regions: 46->45
[2024-10-12T11:44:40.544+0800][info] GC(423) Archive regions: 2->2
[2024-10-12T11:44:40.544+0800][info] GC(423) Humongous regions: 3->3
[2024-10-12T11:44:40.544+0800][info] GC(423) Metaspace: 1675K(1856K)->1675K(1856K) NonClass: 1550K(1664K)->1550K(1664K) Class: 124K(192K)->124K(192K)
[2024-10-12T11:44:40.544+0800][info] GC(423) Pause Young (Mixed) (G1 Evacuation Pause) 104M->99M(128M) 4.103ms
[2024-10-12T11:44:40.544+0800][info] GC(423) User=0.01s Sys=0.00s Real=0.00s
[2024-10-12T11:44:40.646+0800][info] GC(424) Pause Young (Mixed) (G1 Evacuation Pause)
[2024-10-12T11:44:40.646+0800][info] GC(424) Using 3 workers of 48 for evacuation
[2024-10-12T11:44:40.651+0800][info] GC(424)   Pre Evacuate Collection Set: 0.1ms
[2024-10-12T11:44:40.651+0800][info] GC(424)   Merge Heap Roots: 0.1ms
[2024-10-12T11:44:40.651+0800][info] GC(424)   Evacuate Collection Set: 4.0ms
[2024-10-12T11:44:40.651+0800][info] GC(424)   Post Evacuate Collection Set: 0.3ms
[2024-10-12T11:44:40.651+0800][info] GC(424)   Other: 0.1ms
[2024-10-12T11:44:40.651+0800][info] GC(424) Eden regions: 2->0(2)
[2024-10-12T11:44:40.651+0800][info] GC(424) Survivor regions: 1->1(1)
[2024-10-12T11:44:40.651+0800][info] GC(424) Old regions: 45->46
[2024-10-12T11:44:40.651+0800][info] GC(424) Archive regions: 2->2
[2024-10-12T11:44:40.651+0800][info] GC(424) Humongous regions: 3->3
[2024-10-12T11:44:40.651+0800][info] GC(424) Metaspace: 1675K(1856K)->1675K(1856K) NonClass: 1550K(1664K)->1550K(1664K) Class: 124K(192K)->124K(192K)
[2024-10-12T11:44:40.651+0800][info] GC(424) Pause Young (Mixed) (G1 Evacuation Pause) 103M->100M(128M) 4.826ms
[2024-10-12T11:44:40.651+0800][info] GC(424) User=0.01s Sys=0.00s Real=0.00s
[2024-10-12T11:44:40.754+0800][info] GC(425) Pause Young (Normal) (G1 Evacuation Pause)
[2024-10-12T11:44:40.754+0800][info] GC(425) Using 3 workers of 48 for evacuation
[2024-10-12T11:44:40.756+0800][info] GC(425)   Pre Evacuate Collection Set: 0.1ms
[2024-10-12T11:44:40.756+0800][info] GC(425)   Merge Heap Roots: 0.0ms
[2024-10-12T11:44:40.756+0800][info] GC(425)   Evacuate Collection Set: 1.0ms
[2024-10-12T11:44:40.756+0800][info] GC(425)   Post Evacuate Collection Set: 0.2ms
[2024-10-12T11:44:40.756+0800][info] GC(425)   Other: 0.2ms
[2024-10-12T11:44:40.756+0800][info] GC(425) Eden regions: 2->0(2)
[2024-10-12T11:44:40.756+0800][info] GC(425) Survivor regions: 1->1(1)
[2024-10-12T11:44:40.756+0800][info] GC(425) Old regions: 46->48
[2024-10-12T11:44:40.756+0800][info] GC(425) Archive regions: 2->2
[2024-10-12T11:44:40.756+0800][info] GC(425) Humongous regions: 4->3
[2024-10-12T11:44:40.756+0800][info] GC(425) Metaspace: 1675K(1856K)->1675K(1856K) NonClass: 1550K(1664K)->1550K(1664K) Class: 124K(192K)->124K(192K)
[2024-10-12T11:44:40.756+0800][info] GC(425) Pause Young (Normal) (G1 Evacuation Pause) 106M->104M(128M) 1.668ms
[2024-10-12T11:44:40.756+0800][info] GC(425) User=0.00s Sys=0.00s Real=0.00s
[2024-10-12T11:44:40.858+0800][info] GC(426) Pause Young (Normal) (G1 Evacuation Pause)
[2024-10-12T11:44:40.858+0800][info] GC(426) Using 3 workers of 48 for evacuation
[2024-10-12T11:44:40.859+0800][info] GC(426)   Pre Evacuate Collection Set: 0.1ms
[2024-10-12T11:44:40.859+0800][info] GC(426)   Merge Heap Roots: 0.1ms
[2024-10-12T11:44:40.859+0800][info] GC(426)   Evacuate Collection Set: 1.1ms
[2024-10-12T11:44:40.859+0800][info] GC(426)   Post Evacuate Collection Set: 0.2ms
[2024-10-12T11:44:40.859+0800][info] GC(426)   Other: 0.2ms
[2024-10-12T11:44:40.859+0800][info] GC(426) Eden regions: 2->0(2)
[2024-10-12T11:44:40.859+0800][info] GC(426) Survivor regions: 1->1(1)
[2024-10-12T11:44:40.859+0800][info] GC(426) Old regions: 48->50
[2024-10-12T11:44:40.859+0800][info] GC(426) Archive regions: 2->2
[2024-10-12T11:44:40.859+0800][info] GC(426) Humongous regions: 3->3
[2024-10-12T11:44:40.859+0800][info] GC(426) Metaspace: 1675K(1856K)->1675K(1856K) NonClass: 1550K(1664K)->1550K(1664K) Class: 124K(192K)->124K(192K)
[2024-10-12T11:44:40.859+0800][info] GC(426) Pause Young (Normal) (G1 Evacuation Pause) 108M->108M(128M) 1.667ms
[2024-10-12T11:44:40.859+0800][info] GC(426) User=0.00s Sys=0.00s Real=0.00s
[2024-10-12T11:44:40.962+0800][info] GC(427) Pause Young (Concurrent Start) (G1 Evacuation Pause)
[2024-10-12T11:44:40.962+0800][info] GC(427) Using 3 workers of 48 for evacuation
[2024-10-12T11:44:40.963+0800][info] GC(427)   Pre Evacuate Collection Set: 0.1ms
[2024-10-12T11:44:40.964+0800][info] GC(427)   Merge Heap Roots: 0.0ms
[2024-10-12T11:44:40.964+0800][info] GC(427)   Evacuate Collection Set: 1.1ms
[2024-10-12T11:44:40.964+0800][info] GC(427)   Post Evacuate Collection Set: 0.2ms
[2024-10-12T11:44:40.964+0800][info] GC(427)   Other: 0.3ms
[2024-10-12T11:44:40.964+0800][info] GC(427) Eden regions: 2->0(2)
[2024-10-12T11:44:40.964+0800][info] GC(427) Survivor regions: 1->1(1)
[2024-10-12T11:44:40.964+0800][info] GC(427) Old regions: 50->52
[2024-10-12T11:44:40.964+0800][info] GC(427) Archive regions: 2->2
[2024-10-12T11:44:40.964+0800][info] GC(427) Humongous regions: 3->3
[2024-10-12T11:44:40.964+0800][info] GC(427) Metaspace: 1675K(1856K)->1675K(1856K) NonClass: 1550K(1664K)->1550K(1664K) Class: 124K(192K)->124K(192K)
[2024-10-12T11:44:40.964+0800][info] GC(427) Pause Young (Concurrent Start) (G1 Evacuation Pause) 112M->112M(128M) 1.830ms
[2024-10-12T11:44:40.964+0800][info] GC(427) User=0.01s Sys=0.00s Real=0.00s
[2024-10-12T11:44:40.964+0800][info] GC(428) Concurrent Mark Cycle
[2024-10-12T11:44:40.964+0800][info] GC(428) Concurrent Clear Claimed Marks
[2024-10-12T11:44:40.964+0800][info] GC(428) Concurrent Clear Claimed Marks 0.016ms
[2024-10-12T11:44:40.964+0800][info] GC(428) Concurrent Scan Root Regions
[2024-10-12T11:44:40.964+0800][info] GC(428) Concurrent Scan Root Regions 0.122ms
[2024-10-12T11:44:40.964+0800][info] GC(428) Concurrent Mark
[2024-10-12T11:44:40.964+0800][info] GC(428) Concurrent Mark From Roots
[2024-10-12T11:44:40.964+0800][info] GC(428) Using 12 workers of 12 for marking
[2024-10-12T11:44:40.967+0800][info] GC(428) Concurrent Mark From Roots 3.323ms
[2024-10-12T11:44:40.967+0800][info] GC(428) Concurrent Preclean
[2024-10-12T11:44:40.969+0800][info] GC(428) Concurrent Preclean 1.663ms
[2024-10-12T11:44:40.969+0800][info] GC(428) Pause Remark
[2024-10-12T11:44:40.971+0800][info] GC(428) Pause Remark 112M->108M(128M) 1.508ms
[2024-10-12T11:44:40.971+0800][info] GC(428) User=0.00s Sys=0.00s Real=0.00s
[2024-10-12T11:44:40.971+0800][info] GC(428) Concurrent Mark 6.750ms
[2024-10-12T11:44:40.971+0800][info] GC(428) Concurrent Rebuild Remembered Sets
[2024-10-12T11:44:40.972+0800][info] GC(428) Concurrent Rebuild Remembered Sets 1.322ms
[2024-10-12T11:44:40.972+0800][info] GC(428) Pause Cleanup
[2024-10-12T11:44:40.973+0800][info] GC(428) Pause Cleanup 108M->108M(128M) 0.252ms
[2024-10-12T11:44:40.973+0800][info] GC(428) User=0.00s Sys=0.00s Real=0.00s
[2024-10-12T11:44:40.973+0800][info] GC(428) Concurrent Cleanup for Next Mark
[2024-10-12T11:44:40.973+0800][info] GC(428) Concurrent Cleanup for Next Mark 0.384ms
[2024-10-12T11:44:40.973+0800][info] GC(428) Concurrent Mark Cycle 9.219ms
[2024-10-12T11:44:41.117+0800][info] GC(429) Pause Young (Prepare Mixed) (G1 Evacuation Pause)
[2024-10-12T11:44:41.117+0800][info] GC(429) Using 3 workers of 48 for evacuation
[2024-10-12T11:44:41.118+0800][info] GC(429)   Pre Evacuate Collection Set: 0.1ms
[2024-10-12T11:44:41.118+0800][info] GC(429)   Merge Heap Roots: 0.1ms
[2024-10-12T11:44:41.118+0800][info] GC(429)   Evacuate Collection Set: 1.0ms
[2024-10-12T11:44:41.118+0800][info] GC(429)   Post Evacuate Collection Set: 0.2ms
[2024-10-12T11:44:41.118+0800][info] GC(429)   Other: 0.2ms
[2024-10-12T11:44:41.118+0800][info] GC(429) Eden regions: 2->0(2)
[2024-10-12T11:44:41.118+0800][info] GC(429) Survivor regions: 1->1(1)
[2024-10-12T11:44:41.118+0800][info] GC(429) Old regions: 50->52
[2024-10-12T11:44:41.118+0800][info] GC(429) Archive regions: 2->2
[2024-10-12T11:44:41.118+0800][info] GC(429) Humongous regions: 3->3
[2024-10-12T11:44:41.118+0800][info] GC(429) Metaspace: 1675K(1856K)->1675K(1856K) NonClass: 1550K(1664K)->1550K(1664K) Class: 124K(192K)->124K(192K)
[2024-10-12T11:44:41.118+0800][info] GC(429) Pause Young (Prepare Mixed) (G1 Evacuation Pause) 111M->112M(128M) 1.696ms
[2024-10-12T11:44:41.118+0800][info] GC(429) User=0.00s Sys=0.00s Real=0.00s
[2024-10-12T11:44:41.180+0800][info] GC(430) Pause Young (Mixed) (G1 Preventive Collection)
[2024-10-12T11:44:41.180+0800][info] GC(430) Using 3 workers of 48 for evacuation
[2024-10-12T11:44:41.182+0800][info] GC(430)   Pre Evacuate Collection Set: 0.1ms
[2024-10-12T11:44:41.182+0800][info] GC(430)   Merge Heap Roots: 0.1ms
[2024-10-12T11:44:41.183+0800][info] GC(430)   Evacuate Collection Set: 1.9ms
[2024-10-12T11:44:41.183+0800][info] GC(430)   Post Evacuate Collection Set: 0.2ms
[2024-10-12T11:44:41.183+0800][info] GC(430)   Other: 0.2ms
[2024-10-12T11:44:41.183+0800][info] GC(430) Eden regions: 1->0(2)
[2024-10-12T11:44:41.183+0800][info] GC(430) Survivor regions: 1->1(1)
[2024-10-12T11:44:41.183+0800][info] GC(430) Old regions: 52->48
[2024-10-12T11:44:41.183+0800][info] GC(430) Archive regions: 2->2
[2024-10-12T11:44:41.183+0800][info] GC(430) Humongous regions: 3->3
[2024-10-12T11:44:41.183+0800][info] GC(430) Metaspace: 1675K(1856K)->1675K(1856K) NonClass: 1550K(1664K)->1550K(1664K) Class: 124K(192K)->124K(192K)
[2024-10-12T11:44:41.183+0800][info] GC(430) Pause Young (Mixed) (G1 Preventive Collection) 114M->104M(128M) 2.661ms
[2024-10-12T11:44:41.183+0800][info] GC(430) User=0.00s Sys=0.00s Real=0.00s
[2024-10-12T11:44:41.285+0800][info] GC(431) Pause Young (Mixed) (G1 Evacuation Pause)
[2024-10-12T11:44:41.285+0800][info] GC(431) Using 3 workers of 48 for evacuation
[2024-10-12T11:44:41.288+0800][info] GC(431)   Pre Evacuate Collection Set: 0.1ms
[2024-10-12T11:44:41.288+0800][info] GC(431)   Merge Heap Roots: 0.1ms
[2024-10-12T11:44:41.288+0800][info] GC(431)   Evacuate Collection Set: 2.7ms
[2024-10-12T11:44:41.288+0800][info] GC(431)   Post Evacuate Collection Set: 0.2ms
[2024-10-12T11:44:41.288+0800][info] GC(431)   Other: 0.1ms
[2024-10-12T11:44:41.288+0800][info] GC(431) Eden regions: 2->0(2)
[2024-10-12T11:44:41.288+0800][info] GC(431) Survivor regions: 1->1(1)
[2024-10-12T11:44:41.288+0800][info] GC(431) Old regions: 48->46
[2024-10-12T11:44:41.288+0800][info] GC(431) Archive regions: 2->2
[2024-10-12T11:44:41.288+0800][info] GC(431) Humongous regions: 3->3
[2024-10-12T11:44:41.288+0800][info] GC(431) Metaspace: 1675K(1856K)->1675K(1856K) NonClass: 1550K(1664K)->1550K(1664K) Class: 124K(192K)->124K(192K)
[2024-10-12T11:44:41.288+0800][info] GC(431) Pause Young (Mixed) (G1 Evacuation Pause) 108M->100M(128M) 3.408ms
[2024-10-12T11:44:41.288+0800][info] GC(431) User=0.01s Sys=0.00s Real=0.01s
[2024-10-12T11:44:41.390+0800][info] GC(432) Pause Young (Mixed) (G1 Evacuation Pause)
[2024-10-12T11:44:41.391+0800][info] GC(432) Using 3 workers of 48 for evacuation
[2024-10-12T11:44:41.394+0800][info] GC(432)   Pre Evacuate Collection Set: 0.1ms
[2024-10-12T11:44:41.394+0800][info] GC(432)   Merge Heap Roots: 0.1ms
[2024-10-12T11:44:41.394+0800][info] GC(432)   Evacuate Collection Set: 3.2ms
[2024-10-12T11:44:41.394+0800][info] GC(432)   Post Evacuate Collection Set: 0.3ms
[2024-10-12T11:44:41.394+0800][info] GC(432)   Other: 0.1ms
[2024-10-12T11:44:41.394+0800][info] GC(432) Eden regions: 2->0(2)
[2024-10-12T11:44:41.394+0800][info] GC(432) Survivor regions: 1->1(1)
[2024-10-12T11:44:41.394+0800][info] GC(432) Old regions: 46->45
[2024-10-12T11:44:41.394+0800][info] GC(432) Archive regions: 2->2
[2024-10-12T11:44:41.394+0800][info] GC(432) Humongous regions: 3->3
[2024-10-12T11:44:41.394+0800][info] GC(432) Metaspace: 1675K(1856K)->1675K(1856K) NonClass: 1550K(1664K)->1550K(1664K) Class: 124K(192K)->124K(192K)
[2024-10-12T11:44:41.394+0800][info] GC(432) Pause Young (Mixed) (G1 Evacuation Pause) 104M->98M(128M) 3.993ms
[2024-10-12T11:44:41.395+0800][info] GC(432) User=0.01s Sys=0.00s Real=0.01s
[2024-10-12T11:44:41.497+0800][info] GC(433) Pause Young (Mixed) (G1 Evacuation Pause)
[2024-10-12T11:44:41.497+0800][info] GC(433) Using 3 workers of 48 for evacuation
[2024-10-12T11:44:41.500+0800][info] GC(433)   Pre Evacuate Collection Set: 0.1ms
[2024-10-12T11:44:41.500+0800][info] GC(433)   Merge Heap Roots: 0.1ms
[2024-10-12T11:44:41.500+0800][info] GC(433)   Evacuate Collection Set: 3.1ms
[2024-10-12T11:44:41.500+0800][info] GC(433)   Post Evacuate Collection Set: 0.3ms
[2024-10-12T11:44:41.500+0800][info] GC(433)   Other: 0.1ms
[2024-10-12T11:44:41.500+0800][info] GC(433) Eden regions: 2->0(2)
[2024-10-12T11:44:41.500+0800][info] GC(433) Survivor regions: 1->1(1)
[2024-10-12T11:44:41.500+0800][info] GC(433) Old regions: 45->44
[2024-10-12T11:44:41.500+0800][info] GC(433) Archive regions: 2->2
[2024-10-12T11:44:41.500+0800][info] GC(433) Humongous regions: 3->3
[2024-10-12T11:44:41.500+0800][info] GC(433) Metaspace: 1675K(1856K)->1675K(1856K) NonClass: 1550K(1664K)->1550K(1664K) Class: 124K(192K)->124K(192K)
[2024-10-12T11:44:41.500+0800][info] GC(433) Pause Young (Mixed) (G1 Evacuation Pause) 101M->97M(128M) 3.772ms
[2024-10-12T11:44:41.500+0800][info] GC(433) User=0.01s Sys=0.00s Real=0.00s
[2024-10-12T11:44:41.603+0800][info] GC(434) Pause Young (Mixed) (G1 Evacuation Pause)
[2024-10-12T11:44:41.603+0800][info] GC(434) Using 3 workers of 48 for evacuation
[2024-10-12T11:44:41.608+0800][info] GC(434)   Pre Evacuate Collection Set: 0.1ms
[2024-10-12T11:44:41.608+0800][info] GC(434)   Merge Heap Roots: 0.1ms
[2024-10-12T11:44:41.608+0800][info] GC(434)   Evacuate Collection Set: 4.3ms
[2024-10-12T11:44:41.608+0800][info] GC(434)   Post Evacuate Collection Set: 0.3ms
[2024-10-12T11:44:41.608+0800][info] GC(434)   Other: 0.2ms
[2024-10-12T11:44:41.608+0800][info] GC(434) Eden regions: 2->0(2)
[2024-10-12T11:44:41.608+0800][info] GC(434) Survivor regions: 1->1(1)
[2024-10-12T11:44:41.608+0800][info] GC(434) Old regions: 44->44
[2024-10-12T11:44:41.608+0800][info] GC(434) Archive regions: 2->2
[2024-10-12T11:44:41.608+0800][info] GC(434) Humongous regions: 3->3
[2024-10-12T11:44:41.608+0800][info] GC(434) Metaspace: 1675K(1856K)->1675K(1856K) NonClass: 1550K(1664K)->1550K(1664K) Class: 124K(192K)->124K(192K)
[2024-10-12T11:44:41.608+0800][info] GC(434) Pause Young (Mixed) (G1 Evacuation Pause) 100M->96M(128M) 5.102ms
[2024-10-12T11:44:41.608+0800][info] GC(434) User=0.01s Sys=0.00s Real=0.01s
[2024-10-12T11:44:41.710+0800][info] GC(435) Pause Young (Normal) (G1 Evacuation Pause)
[2024-10-12T11:44:41.710+0800][info] GC(435) Using 3 workers of 48 for evacuation
[2024-10-12T11:44:41.711+0800][info] GC(435)   Pre Evacuate Collection Set: 0.1ms
[2024-10-12T11:44:41.711+0800][info] GC(435)   Merge Heap Roots: 0.1ms
[2024-10-12T11:44:41.711+0800][info] GC(435)   Evacuate Collection Set: 0.9ms
[2024-10-12T11:44:41.711+0800][info] GC(435)   Post Evacuate Collection Set: 0.2ms
[2024-10-12T11:44:41.711+0800][info] GC(435)   Other: 0.2ms
[2024-10-12T11:44:41.711+0800][info] GC(435) Eden regions: 2->0(2)
[2024-10-12T11:44:41.711+0800][info] GC(435) Survivor regions: 1->1(1)
[2024-10-12T11:44:41.711+0800][info] GC(435) Old regions: 44->46
[2024-10-12T11:44:41.711+0800][info] GC(435) Archive regions: 2->2
[2024-10-12T11:44:41.711+0800][info] GC(435) Humongous regions: 3->3
[2024-10-12T11:44:41.711+0800][info] GC(435) Metaspace: 1675K(1856K)->1675K(1856K) NonClass: 1550K(1664K)->1550K(1664K) Class: 124K(192K)->124K(192K)
[2024-10-12T11:44:41.712+0800][info] GC(435) Pause Young (Normal) (G1 Evacuation Pause) 100M->100M(128M) 1.518ms
[2024-10-12T11:44:41.712+0800][info] GC(435) User=0.01s Sys=0.00s Real=0.00s
[2024-10-12T11:44:41.814+0800][info] GC(436) Pause Young (Normal) (G1 Evacuation Pause)
[2024-10-12T11:44:41.814+0800][info] GC(436) Using 3 workers of 48 for evacuation
[2024-10-12T11:44:41.816+0800][info] GC(436)   Pre Evacuate Collection Set: 0.1ms
[2024-10-12T11:44:41.816+0800][info] GC(436)   Merge Heap Roots: 0.0ms
[2024-10-12T11:44:41.816+0800][info] GC(436)   Evacuate Collection Set: 1.2ms
[2024-10-12T11:44:41.816+0800][info] GC(436)   Post Evacuate Collection Set: 0.2ms
[2024-10-12T11:44:41.816+0800][info] GC(436)   Other: 0.2ms
[2024-10-12T11:44:41.816+0800][info] GC(436) Eden regions: 2->0(2)
[2024-10-12T11:44:41.816+0800][info] GC(436) Survivor regions: 1->1(1)
[2024-10-12T11:44:41.816+0800][info] GC(436) Old regions: 46->48
[2024-10-12T11:44:41.816+0800][info] GC(436) Archive regions: 2->2
[2024-10-12T11:44:41.816+0800][info] GC(436) Humongous regions: 3->3
[2024-10-12T11:44:41.816+0800][info] GC(436) Metaspace: 1675K(1856K)->1675K(1856K) NonClass: 1550K(1664K)->1550K(1664K) Class: 124K(192K)->124K(192K)
[2024-10-12T11:44:41.816+0800][info] GC(436) Pause Young (Normal) (G1 Evacuation Pause) 103M->104M(128M) 1.778ms
[2024-10-12T11:44:41.816+0800][info] GC(436) User=0.00s Sys=0.00s Real=0.00s
[2024-10-12T11:44:41.918+0800][info] GC(437) Pause Young (Concurrent Start) (G1 Evacuation Pause)
[2024-10-12T11:44:41.918+0800][info] GC(437) Using 3 workers of 48 for evacuation
[2024-10-12T11:44:41.919+0800][info] GC(437)   Pre Evacuate Collection Set: 0.1ms
[2024-10-12T11:44:41.919+0800][info] GC(437)   Merge Heap Roots: 0.1ms
[2024-10-12T11:44:41.919+0800][info] GC(437)   Evacuate Collection Set: 0.9ms
[2024-10-12T11:44:41.919+0800][info] GC(437)   Post Evacuate Collection Set: 0.2ms
[2024-10-12T11:44:41.919+0800][info] GC(437)   Other: 0.3ms
[2024-10-12T11:44:41.919+0800][info] GC(437) Eden regions: 2->0(2)
[2024-10-12T11:44:41.919+0800][info] GC(437) Survivor regions: 1->1(1)
[2024-10-12T11:44:41.919+0800][info] GC(437) Old regions: 48->50
[2024-10-12T11:44:41.919+0800][info] GC(437) Archive regions: 2->2
[2024-10-12T11:44:41.919+0800][info] GC(437) Humongous regions: 3->3
[2024-10-12T11:44:41.919+0800][info] GC(437) Metaspace: 1675K(1856K)->1675K(1856K) NonClass: 1550K(1664K)->1550K(1664K) Class: 124K(192K)->124K(192K)
[2024-10-12T11:44:41.919+0800][info] GC(437) Pause Young (Concurrent Start) (G1 Evacuation Pause) 107M->108M(128M) 1.727ms
[2024-10-12T11:44:41.919+0800][info] GC(437) User=0.01s Sys=0.00s Real=0.00s
[2024-10-12T11:44:41.920+0800][info] GC(438) Concurrent Mark Cycle
[2024-10-12T11:44:41.920+0800][info] GC(438) Concurrent Clear Claimed Marks
[2024-10-12T11:44:41.920+0800][info] GC(438) Concurrent Clear Claimed Marks 0.016ms
[2024-10-12T11:44:41.920+0800][info] GC(438) Concurrent Scan Root Regions
[2024-10-12T11:44:41.920+0800][info] GC(438) Concurrent Scan Root Regions 0.156ms
[2024-10-12T11:44:41.920+0800][info] GC(438) Concurrent Mark
[2024-10-12T11:44:41.920+0800][info] GC(438) Concurrent Mark From Roots
[2024-10-12T11:44:41.920+0800][info] GC(438) Using 12 workers of 12 for marking
[2024-10-12T11:44:41.923+0800][info] GC(438) Concurrent Mark From Roots 3.271ms
[2024-10-12T11:44:41.923+0800][info] GC(438) Concurrent Preclean
[2024-10-12T11:44:41.925+0800][info] GC(438) Concurrent Preclean 1.684ms
[2024-10-12T11:44:41.925+0800][info] GC(438) Pause Remark
[2024-10-12T11:44:41.926+0800][info] GC(438) Pause Remark 108M->108M(128M) 1.536ms
[2024-10-12T11:44:41.926+0800][info] GC(438) User=0.00s Sys=0.00s Real=0.01s
[2024-10-12T11:44:41.927+0800][info] GC(438) Concurrent Mark 6.722ms
[2024-10-12T11:44:41.927+0800][info] GC(438) Concurrent Rebuild Remembered Sets
[2024-10-12T11:44:41.928+0800][info] GC(438) Concurrent Rebuild Remembered Sets 1.363ms
[2024-10-12T11:44:41.928+0800][info] GC(438) Pause Cleanup
[2024-10-12T11:44:41.928+0800][info] GC(438) Pause Cleanup 108M->108M(128M) 0.248ms
[2024-10-12T11:44:41.928+0800][info] GC(438) User=0.00s Sys=0.00s Real=0.00s
[2024-10-12T11:44:41.928+0800][info] GC(438) Concurrent Cleanup for Next Mark
[2024-10-12T11:44:41.929+0800][info] GC(438) Concurrent Cleanup for Next Mark 0.368ms
[2024-10-12T11:44:41.929+0800][info] GC(438) Concurrent Mark Cycle 9.247ms
[2024-10-12T11:44:42.073+0800][info] GC(439) Pause Young (Prepare Mixed) (G1 Evacuation Pause)
[2024-10-12T11:44:42.073+0800][info] GC(439) Using 3 workers of 48 for evacuation
[2024-10-12T11:44:42.074+0800][info] GC(439)   Pre Evacuate Collection Set: 0.1ms
[2024-10-12T11:44:42.074+0800][info] GC(439)   Merge Heap Roots: 0.1ms
[2024-10-12T11:44:42.074+0800][info] GC(439)   Evacuate Collection Set: 1.1ms
[2024-10-12T11:44:42.074+0800][info] GC(439)   Post Evacuate Collection Set: 0.2ms
[2024-10-12T11:44:42.074+0800][info] GC(439)   Other: 0.2ms
[2024-10-12T11:44:42.074+0800][info] GC(439) Eden regions: 2->0(2)
[2024-10-12T11:44:42.074+0800][info] GC(439) Survivor regions: 1->1(1)
[2024-10-12T11:44:42.074+0800][info] GC(439) Old regions: 50->52
[2024-10-12T11:44:42.074+0800][info] GC(439) Archive regions: 2->2
[2024-10-12T11:44:42.074+0800][info] GC(439) Humongous regions: 3->3
[2024-10-12T11:44:42.074+0800][info] GC(439) Metaspace: 1675K(1856K)->1675K(1856K) NonClass: 1550K(1664K)->1550K(1664K) Class: 124K(192K)->124K(192K)
[2024-10-12T11:44:42.075+0800][info] GC(439) Pause Young (Prepare Mixed) (G1 Evacuation Pause) 111M->112M(128M) 1.825ms
[2024-10-12T11:44:42.075+0800][info] GC(439) User=0.01s Sys=0.00s Real=0.01s
[2024-10-12T11:44:42.136+0800][info] GC(440) Pause Young (Mixed) (G1 Preventive Collection)
[2024-10-12T11:44:42.136+0800][info] GC(440) Using 3 workers of 48 for evacuation
[2024-10-12T11:44:42.138+0800][info] GC(440)   Pre Evacuate Collection Set: 0.1ms
[2024-10-12T11:44:42.138+0800][info] GC(440)   Merge Heap Roots: 0.1ms
[2024-10-12T11:44:42.138+0800][info] GC(440)   Evacuate Collection Set: 1.7ms
[2024-10-12T11:44:42.138+0800][info] GC(440)   Post Evacuate Collection Set: 0.2ms
[2024-10-12T11:44:42.138+0800][info] GC(440)   Other: 0.2ms
[2024-10-12T11:44:42.138+0800][info] GC(440) Eden regions: 1->0(2)
[2024-10-12T11:44:42.138+0800][info] GC(440) Survivor regions: 1->1(1)
[2024-10-12T11:44:42.138+0800][info] GC(440) Old regions: 52->48
[2024-10-12T11:44:42.138+0800][info] GC(440) Archive regions: 2->2
[2024-10-12T11:44:42.138+0800][info] GC(440) Humongous regions: 3->3
[2024-10-12T11:44:42.138+0800][info] GC(440) Metaspace: 1675K(1856K)->1675K(1856K) NonClass: 1550K(1664K)->1550K(1664K) Class: 124K(192K)->124K(192K)
[2024-10-12T11:44:42.138+0800][info] GC(440) Pause Young (Mixed) (G1 Preventive Collection) 114M->104M(128M) 2.408ms
[2024-10-12T11:44:42.138+0800][info] GC(440) User=0.00s Sys=0.00s Real=0.00s
[2024-10-12T11:44:42.240+0800][info] GC(441) Pause Young (Mixed) (G1 Evacuation Pause)
[2024-10-12T11:44:42.240+0800][info] GC(441) Using 3 workers of 48 for evacuation
[2024-10-12T11:44:42.243+0800][info] GC(441)   Pre Evacuate Collection Set: 0.1ms
[2024-10-12T11:44:42.243+0800][info] GC(441)   Merge Heap Roots: 0.1ms
[2024-10-12T11:44:42.243+0800][info] GC(441)   Evacuate Collection Set: 2.5ms
[2024-10-12T11:44:42.243+0800][info] GC(441)   Post Evacuate Collection Set: 0.2ms
[2024-10-12T11:44:42.243+0800][info] GC(441)   Other: 0.1ms
[2024-10-12T11:44:42.243+0800][info] GC(441) Eden regions: 2->0(2)
[2024-10-12T11:44:42.243+0800][info] GC(441) Survivor regions: 1->1(1)
[2024-10-12T11:44:42.243+0800][info] GC(441) Old regions: 48->46
[2024-10-12T11:44:42.244+0800][info] GC(441) Archive regions: 2->2
[2024-10-12T11:44:42.244+0800][info] GC(441) Humongous regions: 3->3
[2024-10-12T11:44:42.244+0800][info] GC(441) Metaspace: 1675K(1856K)->1675K(1856K) NonClass: 1550K(1664K)->1550K(1664K) Class: 124K(192K)->124K(192K)
[2024-10-12T11:44:42.244+0800][info] GC(441) Pause Young (Mixed) (G1 Evacuation Pause) 108M->101M(128M) 3.224ms
[2024-10-12T11:44:42.244+0800][info] GC(441) User=0.01s Sys=0.00s Real=0.00s
[2024-10-12T11:44:42.346+0800][info] GC(442) Pause Young (Mixed) (G1 Evacuation Pause)
[2024-10-12T11:44:42.346+0800][info] GC(442) Using 3 workers of 48 for evacuation
[2024-10-12T11:44:42.350+0800][info] GC(442)   Pre Evacuate Collection Set: 0.1ms
[2024-10-12T11:44:42.350+0800][info] GC(442)   Merge Heap Roots: 0.1ms
[2024-10-12T11:44:42.350+0800][info] GC(442)   Evacuate Collection Set: 3.0ms
[2024-10-12T11:44:42.350+0800][info] GC(442)   Post Evacuate Collection Set: 0.3ms
[2024-10-12T11:44:42.350+0800][info] GC(442)   Other: 0.1ms
[2024-10-12T11:44:42.350+0800][info] GC(442) Eden regions: 2->0(2)
[2024-10-12T11:44:42.350+0800][info] GC(442) Survivor regions: 1->1(1)
[2024-10-12T11:44:42.350+0800][info] GC(442) Old regions: 46->45
[2024-10-12T11:44:42.350+0800][info] GC(442) Archive regions: 2->2
[2024-10-12T11:44:42.350+0800][info] GC(442) Humongous regions: 3->3
[2024-10-12T11:44:42.350+0800][info] GC(442) Metaspace: 1675K(1856K)->1675K(1856K) NonClass: 1550K(1664K)->1550K(1664K) Class: 124K(192K)->124K(192K)
[2024-10-12T11:44:42.350+0800][info] GC(442) Pause Young (Mixed) (G1 Evacuation Pause) 104M->98M(128M) 3.726ms
[2024-10-12T11:44:42.350+0800][info] GC(442) User=0.01s Sys=0.00s Real=0.00s
[2024-10-12T11:44:42.452+0800][info] GC(443) Pause Young (Mixed) (G1 Evacuation Pause)
[2024-10-12T11:44:42.452+0800][info] GC(443) Using 3 workers of 48 for evacuation
[2024-10-12T11:44:42.456+0800][info] GC(443)   Pre Evacuate Collection Set: 0.1ms
[2024-10-12T11:44:42.456+0800][info] GC(443)   Merge Heap Roots: 0.1ms
[2024-10-12T11:44:42.456+0800][info] GC(443)   Evacuate Collection Set: 3.3ms
[2024-10-12T11:44:42.456+0800][info] GC(443)   Post Evacuate Collection Set: 0.3ms
[2024-10-12T11:44:42.456+0800][info] GC(443)   Other: 0.1ms
[2024-10-12T11:44:42.456+0800][info] GC(443) Eden regions: 2->0(2)
[2024-10-12T11:44:42.456+0800][info] GC(443) Survivor regions: 1->1(1)
[2024-10-12T11:44:42.456+0800][info] GC(443) Old regions: 45->44
[2024-10-12T11:44:42.456+0800][info] GC(443) Archive regions: 2->2
[2024-10-12T11:44:42.456+0800][info] GC(443) Humongous regions: 3->3
[2024-10-12T11:44:42.456+0800][info] GC(443) Metaspace: 1675K(1856K)->1675K(1856K) NonClass: 1550K(1664K)->1550K(1664K) Class: 124K(192K)->124K(192K)
[2024-10-12T11:44:42.456+0800][info] GC(443) Pause Young (Mixed) (G1 Evacuation Pause) 101M->97M(128M) 4.077ms
[2024-10-12T11:44:42.456+0800][info] GC(443) User=0.01s Sys=0.00s Real=0.01s
[2024-10-12T11:44:42.558+0800][info] GC(444) Pause Young (Mixed) (G1 Evacuation Pause)
[2024-10-12T11:44:42.558+0800][info] GC(444) Using 3 workers of 48 for evacuation
[2024-10-12T11:44:42.563+0800][info] GC(444)   Pre Evacuate Collection Set: 0.1ms
[2024-10-12T11:44:42.563+0800][info] GC(444)   Merge Heap Roots: 0.1ms
[2024-10-12T11:44:42.563+0800][info] GC(444)   Evacuate Collection Set: 4.0ms
[2024-10-12T11:44:42.563+0800][info] GC(444)   Post Evacuate Collection Set: 0.3ms
[2024-10-12T11:44:42.563+0800][info] GC(444)   Other: 0.1ms
[2024-10-12T11:44:42.563+0800][info] GC(444) Eden regions: 2->0(2)
[2024-10-12T11:44:42.563+0800][info] GC(444) Survivor regions: 1->1(1)
[2024-10-12T11:44:42.563+0800][info] GC(444) Old regions: 44->45
[2024-10-12T11:44:42.563+0800][info] GC(444) Archive regions: 2->2
[2024-10-12T11:44:42.563+0800][info] GC(444) Humongous regions: 3->3
[2024-10-12T11:44:42.563+0800][info] GC(444) Metaspace: 1675K(1856K)->1675K(1856K) NonClass: 1550K(1664K)->1550K(1664K) Class: 124K(192K)->124K(192K)
[2024-10-12T11:44:42.563+0800][info] GC(444) Pause Young (Mixed) (G1 Evacuation Pause) 101M->98M(128M) 4.761ms
[2024-10-12T11:44:42.563+0800][info] GC(444) User=0.01s Sys=0.00s Real=0.00s
[2024-10-12T11:44:42.665+0800][info] GC(445) Pause Young (Normal) (G1 Evacuation Pause)
[2024-10-12T11:44:42.665+0800][info] GC(445) Using 3 workers of 48 for evacuation
[2024-10-12T11:44:42.666+0800][info] GC(445)   Pre Evacuate Collection Set: 0.1ms
[2024-10-12T11:44:42.666+0800][info] GC(445)   Merge Heap Roots: 0.1ms
[2024-10-12T11:44:42.666+0800][info] GC(445)   Evacuate Collection Set: 1.1ms
[2024-10-12T11:44:42.666+0800][info] GC(445)   Post Evacuate Collection Set: 0.2ms
[2024-10-12T11:44:42.666+0800][info] GC(445)   Other: 0.2ms
[2024-10-12T11:44:42.666+0800][info] GC(445) Eden regions: 2->0(2)
[2024-10-12T11:44:42.667+0800][info] GC(445) Survivor regions: 1->1(1)
[2024-10-12T11:44:42.667+0800][info] GC(445) Old regions: 45->47
[2024-10-12T11:44:42.667+0800][info] GC(445) Archive regions: 2->2
[2024-10-12T11:44:42.667+0800][info] GC(445) Humongous regions: 3->3
[2024-10-12T11:44:42.667+0800][info] GC(445) Metaspace: 1675K(1856K)->1675K(1856K) NonClass: 1550K(1664K)->1550K(1664K) Class: 124K(192K)->124K(192K)
[2024-10-12T11:44:42.667+0800][info] GC(445) Pause Young (Normal) (G1 Evacuation Pause) 101M->102M(128M) 1.784ms
[2024-10-12T11:44:42.667+0800][info] GC(445) User=0.01s Sys=0.00s Real=0.01s
[2024-10-12T11:44:42.769+0800][info] GC(446) Pause Young (Normal) (G1 Evacuation Pause)
[2024-10-12T11:44:42.769+0800][info] GC(446) Using 3 workers of 48 for evacuation
[2024-10-12T11:44:42.770+0800][info] GC(446)   Pre Evacuate Collection Set: 0.1ms
[2024-10-12T11:44:42.770+0800][info] GC(446)   Merge Heap Roots: 0.0ms
[2024-10-12T11:44:42.770+0800][info] GC(446)   Evacuate Collection Set: 1.1ms
[2024-10-12T11:44:42.770+0800][info] GC(446)   Post Evacuate Collection Set: 0.2ms
[2024-10-12T11:44:42.770+0800][info] GC(446)   Other: 0.2ms
[2024-10-12T11:44:42.771+0800][info] GC(446) Eden regions: 2->0(2)
[2024-10-12T11:44:42.771+0800][info] GC(446) Survivor regions: 1->1(1)
[2024-10-12T11:44:42.771+0800][info] GC(446) Old regions: 47->49
[2024-10-12T11:44:42.771+0800][info] GC(446) Archive regions: 2->2
[2024-10-12T11:44:42.771+0800][info] GC(446) Humongous regions: 3->3
[2024-10-12T11:44:42.771+0800][info] GC(446) Metaspace: 1675K(1856K)->1675K(1856K) NonClass: 1550K(1664K)->1550K(1664K) Class: 124K(192K)->124K(192K)
[2024-10-12T11:44:42.771+0800][info] GC(446) Pause Young (Normal) (G1 Evacuation Pause) 105M->106M(128M) 1.759ms
[2024-10-12T11:44:42.771+0800][info] GC(446) User=0.00s Sys=0.00s Real=0.00s
[2024-10-12T11:44:42.873+0800][info] GC(447) Pause Young (Concurrent Start) (G1 Evacuation Pause)
[2024-10-12T11:44:42.873+0800][info] GC(447) Using 3 workers of 48 for evacuation
[2024-10-12T11:44:42.874+0800][info] GC(447)   Pre Evacuate Collection Set: 0.1ms
[2024-10-12T11:44:42.874+0800][info] GC(447)   Merge Heap Roots: 0.1ms
[2024-10-12T11:44:42.874+0800][info] GC(447)   Evacuate Collection Set: 1.0ms
[2024-10-12T11:44:42.874+0800][info] GC(447)   Post Evacuate Collection Set: 0.2ms
[2024-10-12T11:44:42.874+0800][info] GC(447)   Other: 0.4ms
[2024-10-12T11:44:42.874+0800][info] GC(447) Eden regions: 2->0(2)
[2024-10-12T11:44:42.874+0800][info] GC(447) Survivor regions: 1->1(1)
[2024-10-12T11:44:42.874+0800][info] GC(447) Old regions: 49->50
[2024-10-12T11:44:42.874+0800][info] GC(447) Archive regions: 2->2
[2024-10-12T11:44:42.874+0800][info] GC(447) Humongous regions: 3->3
[2024-10-12T11:44:42.874+0800][info] GC(447) Metaspace: 1675K(1856K)->1675K(1856K) NonClass: 1550K(1664K)->1550K(1664K) Class: 124K(192K)->124K(192K)
[2024-10-12T11:44:42.874+0800][info] GC(447) Pause Young (Concurrent Start) (G1 Evacuation Pause) 109M->109M(128M) 1.773ms
[2024-10-12T11:44:42.874+0800][info] GC(447) User=0.01s Sys=0.00s Real=0.01s
[2024-10-12T11:44:42.875+0800][info] GC(448) Concurrent Mark Cycle
[2024-10-12T11:44:42.875+0800][info] GC(448) Concurrent Clear Claimed Marks
[2024-10-12T11:44:42.875+0800][info] GC(448) Concurrent Clear Claimed Marks 0.017ms
[2024-10-12T11:44:42.875+0800][info] GC(448) Concurrent Scan Root Regions
[2024-10-12T11:44:42.875+0800][info] GC(448) Concurrent Scan Root Regions 0.152ms
[2024-10-12T11:44:42.875+0800][info] GC(448) Concurrent Mark
[2024-10-12T11:44:42.875+0800][info] GC(448) Concurrent Mark From Roots
[2024-10-12T11:44:42.875+0800][info] GC(448) Using 12 workers of 12 for marking
[2024-10-12T11:44:42.878+0800][info] GC(448) Concurrent Mark From Roots 3.438ms
[2024-10-12T11:44:42.878+0800][info] GC(448) Concurrent Preclean
[2024-10-12T11:44:42.880+0800][info] GC(448) Concurrent Preclean 1.684ms
[2024-10-12T11:44:42.880+0800][info] GC(448) Pause Remark
[2024-10-12T11:44:42.882+0800][info] GC(448) Pause Remark 110M->108M(128M) 1.571ms
[2024-10-12T11:44:42.882+0800][info] GC(448) User=0.01s Sys=0.00s Real=0.00s
[2024-10-12T11:44:42.882+0800][info] GC(448) Concurrent Mark 7.002ms
[2024-10-12T11:44:42.882+0800][info] GC(448) Concurrent Rebuild Remembered Sets
[2024-10-12T11:44:42.883+0800][info] GC(448) Concurrent Rebuild Remembered Sets 1.150ms
[2024-10-12T11:44:42.883+0800][info] GC(448) Pause Cleanup
[2024-10-12T11:44:42.883+0800][info] GC(448) Pause Cleanup 108M->108M(128M) 0.253ms
[2024-10-12T11:44:42.883+0800][info] GC(448) User=0.00s Sys=0.00s Real=0.00s
[2024-10-12T11:44:42.883+0800][info] GC(448) Concurrent Cleanup for Next Mark
[2024-10-12T11:44:42.884+0800][info] GC(448) Concurrent Cleanup for Next Mark 0.382ms
[2024-10-12T11:44:42.884+0800][info] GC(448) Concurrent Mark Cycle 9.327ms
[2024-10-12T11:44:43.028+0800][info] GC(449) Pause Young (Prepare Mixed) (G1 Evacuation Pause)
[2024-10-12T11:44:43.028+0800][info] GC(449) Using 3 workers of 48 for evacuation
[2024-10-12T11:44:43.030+0800][info] GC(449)   Pre Evacuate Collection Set: 0.1ms
[2024-10-12T11:44:43.030+0800][info] GC(449)   Merge Heap Roots: 0.1ms
[2024-10-12T11:44:43.030+0800][info] GC(449)   Evacuate Collection Set: 1.3ms
[2024-10-12T11:44:43.030+0800][info] GC(449)   Post Evacuate Collection Set: 0.2ms
[2024-10-12T11:44:43.030+0800][info] GC(449)   Other: 0.2ms
[2024-10-12T11:44:43.030+0800][info] GC(449) Eden regions: 2->0(2)
[2024-10-12T11:44:43.030+0800][info] GC(449) Survivor regions: 1->1(1)
[2024-10-12T11:44:43.030+0800][info] GC(449) Old regions: 49->51
[2024-10-12T11:44:43.030+0800][info] GC(449) Archive regions: 2->2
[2024-10-12T11:44:43.030+0800][info] GC(449) Humongous regions: 4->3
[2024-10-12T11:44:43.030+0800][info] GC(449) Metaspace: 1675K(1856K)->1675K(1856K) NonClass: 1550K(1664K)->1550K(1664K) Class: 124K(192K)->124K(192K)
[2024-10-12T11:44:43.030+0800][info] GC(449) Pause Young (Prepare Mixed) (G1 Evacuation Pause) 113M->111M(128M) 2.009ms
[2024-10-12T11:44:43.030+0800][info] GC(449) User=0.01s Sys=0.00s Real=0.00s
[2024-10-12T11:44:43.132+0800][info] GC(450) Pause Young (Mixed) (G1 Preventive Collection)
[2024-10-12T11:44:43.132+0800][info] GC(450) Using 3 workers of 48 for evacuation
[2024-10-12T11:44:43.135+0800][info] GC(450)   Pre Evacuate Collection Set: 0.1ms
[2024-10-12T11:44:43.135+0800][info] GC(450)   Merge Heap Roots: 0.1ms
[2024-10-12T11:44:43.135+0800][info] GC(450)   Evacuate Collection Set: 1.9ms
[2024-10-12T11:44:43.135+0800][info] GC(450)   Post Evacuate Collection Set: 0.2ms
[2024-10-12T11:44:43.135+0800][info] GC(450)   Other: 0.2ms
[2024-10-12T11:44:43.135+0800][info] GC(450) Eden regions: 2->0(2)
[2024-10-12T11:44:43.135+0800][info] GC(450) Survivor regions: 1->1(1)
[2024-10-12T11:44:43.135+0800][info] GC(450) Old regions: 51->47
[2024-10-12T11:44:43.135+0800][info] GC(450) Archive regions: 2->2
[2024-10-12T11:44:43.135+0800][info] GC(450) Humongous regions: 3->3
[2024-10-12T11:44:43.135+0800][info] GC(450) Metaspace: 1675K(1856K)->1675K(1856K) NonClass: 1550K(1664K)->1550K(1664K) Class: 124K(192K)->124K(192K)
[2024-10-12T11:44:43.135+0800][info] GC(450) Pause Young (Mixed) (G1 Preventive Collection) 114M->103M(128M) 2.613ms
[2024-10-12T11:44:43.135+0800][info] GC(450) User=0.01s Sys=0.00s Real=0.01s
[2024-10-12T11:44:43.237+0800][info] GC(451) Pause Young (Mixed) (G1 Evacuation Pause)
[2024-10-12T11:44:43.237+0800][info] GC(451) Using 3 workers of 48 for evacuation
[2024-10-12T11:44:43.240+0800][info] GC(451)   Pre Evacuate Collection Set: 0.1ms
[2024-10-12T11:44:43.240+0800][info] GC(451)   Merge Heap Roots: 0.1ms
[2024-10-12T11:44:43.240+0800][info] GC(451)   Evacuate Collection Set: 2.4ms
[2024-10-12T11:44:43.240+0800][info] GC(451)   Post Evacuate Collection Set: 0.2ms
[2024-10-12T11:44:43.240+0800][info] GC(451)   Other: 0.2ms
[2024-10-12T11:44:43.240+0800][info] GC(451) Eden regions: 2->0(2)
[2024-10-12T11:44:43.240+0800][info] GC(451) Survivor regions: 1->1(1)
[2024-10-12T11:44:43.240+0800][info] GC(451) Old regions: 47->45
[2024-10-12T11:44:43.240+0800][info] GC(451) Archive regions: 2->2
[2024-10-12T11:44:43.240+0800][info] GC(451) Humongous regions: 3->3
[2024-10-12T11:44:43.240+0800][info] GC(451) Metaspace: 1675K(1856K)->1675K(1856K) NonClass: 1550K(1664K)->1550K(1664K) Class: 124K(192K)->124K(192K)
[2024-10-12T11:44:43.240+0800][info] GC(451) Pause Young (Mixed) (G1 Evacuation Pause) 107M->99M(128M) 3.149ms
[2024-10-12T11:44:43.240+0800][info] GC(451) User=0.00s Sys=0.01s Real=0.00s
[2024-10-12T11:44:43.342+0800][info] GC(452) Pause Young (Mixed) (G1 Evacuation Pause)
[2024-10-12T11:44:43.342+0800][info] GC(452) Using 3 workers of 48 for evacuation
[2024-10-12T11:44:43.346+0800][info] GC(452)   Pre Evacuate Collection Set: 0.1ms
[2024-10-12T11:44:43.346+0800][info] GC(452)   Merge Heap Roots: 0.1ms
[2024-10-12T11:44:43.346+0800][info] GC(452)   Evacuate Collection Set: 2.8ms
[2024-10-12T11:44:43.346+0800][info] GC(452)   Post Evacuate Collection Set: 0.2ms
[2024-10-12T11:44:43.346+0800][info] GC(452)   Other: 0.1ms
[2024-10-12T11:44:43.346+0800][info] GC(452) Eden regions: 2->0(2)
[2024-10-12T11:44:43.346+0800][info] GC(452) Survivor regions: 1->1(1)
[2024-10-12T11:44:43.346+0800][info] GC(452) Old regions: 45->45
[2024-10-12T11:44:43.346+0800][info] GC(452) Archive regions: 2->2
[2024-10-12T11:44:43.346+0800][info] GC(452) Humongous regions: 3->3
[2024-10-12T11:44:43.346+0800][info] GC(452) Metaspace: 1675K(1856K)->1675K(1856K) NonClass: 1550K(1664K)->1550K(1664K) Class: 124K(192K)->124K(192K)
[2024-10-12T11:44:43.346+0800][info] GC(452) Pause Young (Mixed) (G1 Evacuation Pause) 103M->98M(128M) 3.550ms
[2024-10-12T11:44:43.346+0800][info] GC(452) User=0.01s Sys=0.00s Real=0.01s
[2024-10-12T11:44:43.448+0800][info] GC(453) Pause Young (Mixed) (G1 Evacuation Pause)
[2024-10-12T11:44:43.448+0800][info] GC(453) Using 3 workers of 48 for evacuation
[2024-10-12T11:44:43.451+0800][info] GC(453)   Pre Evacuate Collection Set: 0.1ms
[2024-10-12T11:44:43.451+0800][info] GC(453)   Merge Heap Roots: 0.1ms
[2024-10-12T11:44:43.451+0800][info] GC(453)   Evacuate Collection Set: 2.8ms
[2024-10-12T11:44:43.451+0800][info] GC(453)   Post Evacuate Collection Set: 0.2ms
[2024-10-12T11:44:43.452+0800][info] GC(453)   Other: 0.1ms
[2024-10-12T11:44:43.452+0800][info] GC(453) Eden regions: 2->0(2)
[2024-10-12T11:44:43.452+0800][info] GC(453) Survivor regions: 1->1(1)
[2024-10-12T11:44:43.452+0800][info] GC(453) Old regions: 45->44
[2024-10-12T11:44:43.452+0800][info] GC(453) Archive regions: 2->2
[2024-10-12T11:44:43.452+0800][info] GC(453) Humongous regions: 3->3
[2024-10-12T11:44:43.452+0800][info] GC(453) Metaspace: 1675K(1856K)->1675K(1856K) NonClass: 1550K(1664K)->1550K(1664K) Class: 124K(192K)->124K(192K)
[2024-10-12T11:44:43.452+0800][info] GC(453) Pause Young (Mixed) (G1 Evacuation Pause) 102M->97M(128M) 3.531ms
[2024-10-12T11:44:43.452+0800][info] GC(453) User=0.01s Sys=0.00s Real=0.00s
[2024-10-12T11:44:43.554+0800][info] GC(454) Pause Young (Mixed) (G1 Evacuation Pause)
[2024-10-12T11:44:43.554+0800][info] GC(454) Using 3 workers of 48 for evacuation
[2024-10-12T11:44:43.558+0800][info] GC(454)   Pre Evacuate Collection Set: 0.1ms
[2024-10-12T11:44:43.558+0800][info] GC(454)   Merge Heap Roots: 0.1ms
[2024-10-12T11:44:43.558+0800][info] GC(454)   Evacuate Collection Set: 3.3ms
[2024-10-12T11:44:43.558+0800][info] GC(454)   Post Evacuate Collection Set: 0.3ms
[2024-10-12T11:44:43.558+0800][info] GC(454)   Other: 0.1ms
[2024-10-12T11:44:43.558+0800][info] GC(454) Eden regions: 2->0(2)
[2024-10-12T11:44:43.558+0800][info] GC(454) Survivor regions: 1->1(1)
[2024-10-12T11:44:43.558+0800][info] GC(454) Old regions: 44->44
[2024-10-12T11:44:43.558+0800][info] GC(454) Archive regions: 2->2
[2024-10-12T11:44:43.558+0800][info] GC(454) Humongous regions: 3->3
[2024-10-12T11:44:43.558+0800][info] GC(454) Metaspace: 1675K(1856K)->1675K(1856K) NonClass: 1550K(1664K)->1550K(1664K) Class: 124K(192K)->124K(192K)
[2024-10-12T11:44:43.558+0800][info] GC(454) Pause Young (Mixed) (G1 Evacuation Pause) 100M->97M(128M) 4.066ms
[2024-10-12T11:44:43.558+0800][info] GC(454) User=0.01s Sys=0.00s Real=0.00s
[2024-10-12T11:44:43.660+0800][info] GC(455) Pause Young (Normal) (G1 Evacuation Pause)
[2024-10-12T11:44:43.660+0800][info] GC(455) Using 3 workers of 48 for evacuation
[2024-10-12T11:44:43.662+0800][info] GC(455)   Pre Evacuate Collection Set: 0.1ms
[2024-10-12T11:44:43.662+0800][info] GC(455)   Merge Heap Roots: 0.1ms
[2024-10-12T11:44:43.662+0800][info] GC(455)   Evacuate Collection Set: 1.3ms
[2024-10-12T11:44:43.662+0800][info] GC(455)   Post Evacuate Collection Set: 0.2ms
[2024-10-12T11:44:43.662+0800][info] GC(455)   Other: 0.2ms
[2024-10-12T11:44:43.662+0800][info] GC(455) Eden regions: 2->0(2)
[2024-10-12T11:44:43.662+0800][info] GC(455) Survivor regions: 1->1(1)
[2024-10-12T11:44:43.662+0800][info] GC(455) Old regions: 44->46
[2024-10-12T11:44:43.662+0800][info] GC(455) Archive regions: 2->2
[2024-10-12T11:44:43.662+0800][info] GC(455) Humongous regions: 3->3
[2024-10-12T11:44:43.662+0800][info] GC(455) Metaspace: 1675K(1856K)->1675K(1856K) NonClass: 1550K(1664K)->1550K(1664K) Class: 124K(192K)->124K(192K)
[2024-10-12T11:44:43.662+0800][info] GC(455) Pause Young (Normal) (G1 Evacuation Pause) 101M->101M(128M) 1.895ms
[2024-10-12T11:44:43.662+0800][info] GC(455) User=0.00s Sys=0.00s Real=0.00s
[2024-10-12T11:44:43.764+0800][info] GC(456) Pause Young (Normal) (G1 Evacuation Pause)
[2024-10-12T11:44:43.764+0800][info] GC(456) Using 3 workers of 48 for evacuation
[2024-10-12T11:44:43.766+0800][info] GC(456)   Pre Evacuate Collection Set: 0.1ms
[2024-10-12T11:44:43.766+0800][info] GC(456)   Merge Heap Roots: 0.0ms
[2024-10-12T11:44:43.766+0800][info] GC(456)   Evacuate Collection Set: 1.1ms
[2024-10-12T11:44:43.766+0800][info] GC(456)   Post Evacuate Collection Set: 0.2ms
[2024-10-12T11:44:43.766+0800][info] GC(456)   Other: 0.2ms
[2024-10-12T11:44:43.766+0800][info] GC(456) Eden regions: 2->0(2)
[2024-10-12T11:44:43.766+0800][info] GC(456) Survivor regions: 1->1(1)
[2024-10-12T11:44:43.766+0800][info] GC(456) Old regions: 46->48
[2024-10-12T11:44:43.766+0800][info] GC(456) Archive regions: 2->2
[2024-10-12T11:44:43.766+0800][info] GC(456) Humongous regions: 3->3
[2024-10-12T11:44:43.766+0800][info] GC(456) Metaspace: 1675K(1856K)->1675K(1856K) NonClass: 1550K(1664K)->1550K(1664K) Class: 124K(192K)->124K(192K)
[2024-10-12T11:44:43.766+0800][info] GC(456) Pause Young (Normal) (G1 Evacuation Pause) 104M->105M(128M) 1.729ms
[2024-10-12T11:44:43.766+0800][info] GC(456) User=0.01s Sys=0.00s Real=0.01s
[2024-10-12T11:44:43.868+0800][info] GC(457) Pause Young (Concurrent Start) (G1 Evacuation Pause)
[2024-10-12T11:44:43.868+0800][info] GC(457) Using 3 workers of 48 for evacuation
[2024-10-12T11:44:43.870+0800][info] GC(457)   Pre Evacuate Collection Set: 0.1ms
[2024-10-12T11:44:43.870+0800][info] GC(457)   Merge Heap Roots: 0.1ms
[2024-10-12T11:44:43.870+0800][info] GC(457)   Evacuate Collection Set: 1.0ms
[2024-10-12T11:44:43.870+0800][info] GC(457)   Post Evacuate Collection Set: 0.2ms
[2024-10-12T11:44:43.870+0800][info] GC(457)   Other: 0.3ms
[2024-10-12T11:44:43.870+0800][info] GC(457) Eden regions: 2->0(2)
[2024-10-12T11:44:43.870+0800][info] GC(457) Survivor regions: 1->1(1)
[2024-10-12T11:44:43.870+0800][info] GC(457) Old regions: 48->50
[2024-10-12T11:44:43.870+0800][info] GC(457) Archive regions: 2->2
[2024-10-12T11:44:43.870+0800][info] GC(457) Humongous regions: 3->3
[2024-10-12T11:44:43.870+0800][info] GC(457) Metaspace: 1675K(1856K)->1675K(1856K) NonClass: 1550K(1664K)->1550K(1664K) Class: 124K(192K)->124K(192K)
[2024-10-12T11:44:43.870+0800][info] GC(457) Pause Young (Concurrent Start) (G1 Evacuation Pause) 109M->109M(128M) 1.783ms
[2024-10-12T11:44:43.870+0800][info] GC(457) User=0.00s Sys=0.00s Real=0.00s
[2024-10-12T11:44:43.870+0800][info] GC(458) Concurrent Mark Cycle
[2024-10-12T11:44:43.870+0800][info] GC(458) Concurrent Clear Claimed Marks
[2024-10-12T11:44:43.870+0800][info] GC(458) Concurrent Clear Claimed Marks 0.017ms
[2024-10-12T11:44:43.870+0800][info] GC(458) Concurrent Scan Root Regions
[2024-10-12T11:44:43.870+0800][info] GC(458) Concurrent Scan Root Regions 0.114ms
[2024-10-12T11:44:43.870+0800][info] GC(458) Concurrent Mark
[2024-10-12T11:44:43.870+0800][info] GC(458) Concurrent Mark From Roots
[2024-10-12T11:44:43.870+0800][info] GC(458) Using 12 workers of 12 for marking
[2024-10-12T11:44:43.874+0800][info] GC(458) Concurrent Mark From Roots 3.288ms
[2024-10-12T11:44:43.874+0800][info] GC(458) Concurrent Preclean
[2024-10-12T11:44:43.875+0800][info] GC(458) Concurrent Preclean 1.677ms
[2024-10-12T11:44:43.875+0800][info] GC(458) Pause Remark
[2024-10-12T11:44:43.877+0800][info] GC(458) Pause Remark 109M->109M(128M) 1.584ms
[2024-10-12T11:44:43.877+0800][info] GC(458) User=0.00s Sys=0.00s Real=0.00s
[2024-10-12T11:44:43.877+0800][info] GC(458) Concurrent Mark 6.887ms
[2024-10-12T11:44:43.877+0800][info] GC(458) Concurrent Rebuild Remembered Sets
[2024-10-12T11:44:43.878+0800][info] GC(458) Concurrent Rebuild Remembered Sets 1.222ms
[2024-10-12T11:44:43.879+0800][info] GC(458) Pause Cleanup
[2024-10-12T11:44:43.879+0800][info] GC(458) Pause Cleanup 109M->109M(128M) 0.248ms
[2024-10-12T11:44:43.879+0800][info] GC(458) User=0.00s Sys=0.00s Real=0.00s
[2024-10-12T11:44:43.879+0800][info] GC(458) Concurrent Cleanup for Next Mark
[2024-10-12T11:44:43.879+0800][info] GC(458) Concurrent Cleanup for Next Mark 0.377ms
[2024-10-12T11:44:43.879+0800][info] GC(458) Concurrent Mark Cycle 9.238ms
[2024-10-12T11:44:44.023+0800][info] GC(459) Pause Young (Prepare Mixed) (G1 Evacuation Pause)
[2024-10-12T11:44:44.023+0800][info] GC(459) Using 3 workers of 48 for evacuation
[2024-10-12T11:44:44.024+0800][info] GC(459)   Pre Evacuate Collection Set: 0.1ms
[2024-10-12T11:44:44.024+0800][info] GC(459)   Merge Heap Roots: 0.1ms
[2024-10-12T11:44:44.024+0800][info] GC(459)   Evacuate Collection Set: 1.0ms
[2024-10-12T11:44:44.024+0800][info] GC(459)   Post Evacuate Collection Set: 0.2ms
[2024-10-12T11:44:44.024+0800][info] GC(459)   Other: 0.2ms
[2024-10-12T11:44:44.024+0800][info] GC(459) Eden regions: 2->0(2)
[2024-10-12T11:44:44.024+0800][info] GC(459) Survivor regions: 1->1(1)
[2024-10-12T11:44:44.024+0800][info] GC(459) Old regions: 50->52
[2024-10-12T11:44:44.024+0800][info] GC(459) Archive regions: 2->2
[2024-10-12T11:44:44.024+0800][info] GC(459) Humongous regions: 3->3
[2024-10-12T11:44:44.024+0800][info] GC(459) Metaspace: 1675K(1856K)->1675K(1856K) NonClass: 1550K(1664K)->1550K(1664K) Class: 124K(192K)->124K(192K)
[2024-10-12T11:44:44.024+0800][info] GC(459) Pause Young (Prepare Mixed) (G1 Evacuation Pause) 112M->113M(128M) 1.689ms
[2024-10-12T11:44:44.025+0800][info] GC(459) User=0.01s Sys=0.00s Real=0.00s
[2024-10-12T11:44:44.086+0800][info] GC(460) Pause Young (Mixed) (G1 Preventive Collection)
[2024-10-12T11:44:44.086+0800][info] GC(460) Using 3 workers of 48 for evacuation
[2024-10-12T11:44:44.089+0800][info] GC(460)   Pre Evacuate Collection Set: 0.1ms
[2024-10-12T11:44:44.089+0800][info] GC(460)   Merge Heap Roots: 0.1ms
[2024-10-12T11:44:44.089+0800][info] GC(460)   Evacuate Collection Set: 1.8ms
[2024-10-12T11:44:44.089+0800][info] GC(460)   Post Evacuate Collection Set: 0.2ms
[2024-10-12T11:44:44.089+0800][info] GC(460)   Other: 0.2ms
[2024-10-12T11:44:44.089+0800][info] GC(460) Eden regions: 1->0(2)
[2024-10-12T11:44:44.089+0800][info] GC(460) Survivor regions: 1->1(1)
[2024-10-12T11:44:44.089+0800][info] GC(460) Old regions: 52->48
[2024-10-12T11:44:44.089+0800][info] GC(460) Archive regions: 2->2
[2024-10-12T11:44:44.089+0800][info] GC(460) Humongous regions: 3->3
[2024-10-12T11:44:44.089+0800][info] GC(460) Metaspace: 1675K(1856K)->1675K(1856K) NonClass: 1550K(1664K)->1550K(1664K) Class: 124K(192K)->124K(192K)
[2024-10-12T11:44:44.089+0800][info] GC(460) Pause Young (Mixed) (G1 Preventive Collection) 114M->105M(128M) 2.522ms
[2024-10-12T11:44:44.089+0800][info] GC(460) User=0.00s Sys=0.00s Real=0.00s
[2024-10-12T11:44:44.191+0800][info] GC(461) Pause Young (Mixed) (G1 Preventive Collection)
[2024-10-12T11:44:44.191+0800][info] GC(461) Using 3 workers of 48 for evacuation
[2024-10-12T11:44:44.194+0800][info] GC(461)   Pre Evacuate Collection Set: 0.2ms
[2024-10-12T11:44:44.194+0800][info] GC(461)   Merge Heap Roots: 0.1ms
[2024-10-12T11:44:44.194+0800][info] GC(461)   Evacuate Collection Set: 2.6ms
[2024-10-12T11:44:44.194+0800][info] GC(461)   Post Evacuate Collection Set: 0.2ms
[2024-10-12T11:44:44.194+0800][info] GC(461)   Other: 0.1ms
[2024-10-12T11:44:44.194+0800][info] GC(461) Eden regions: 2->0(2)
[2024-10-12T11:44:44.194+0800][info] GC(461) Survivor regions: 1->1(1)
[2024-10-12T11:44:44.194+0800][info] GC(461) Old regions: 48->47
[2024-10-12T11:44:44.194+0800][info] GC(461) Archive regions: 2->2
[2024-10-12T11:44:44.194+0800][info] GC(461) Humongous regions: 3->3
[2024-10-12T11:44:44.194+0800][info] GC(461) Metaspace: 1675K(1856K)->1675K(1856K) NonClass: 1550K(1664K)->1550K(1664K) Class: 124K(192K)->124K(192K)
[2024-10-12T11:44:44.194+0800][info] GC(461) Pause Young (Mixed) (G1 Preventive Collection) 108M->102M(128M) 3.333ms
[2024-10-12T11:44:44.194+0800][info] GC(461) User=0.01s Sys=0.00s Real=0.01s
[2024-10-12T11:44:44.297+0800][info] GC(462) Pause Young (Mixed) (G1 Evacuation Pause)
[2024-10-12T11:44:44.297+0800][info] GC(462) Using 3 workers of 48 for evacuation
[2024-10-12T11:44:44.300+0800][info] GC(462)   Pre Evacuate Collection Set: 0.1ms
[2024-10-12T11:44:44.300+0800][info] GC(462)   Merge Heap Roots: 0.1ms
[2024-10-12T11:44:44.300+0800][info] GC(462)   Evacuate Collection Set: 3.0ms
[2024-10-12T11:44:44.300+0800][info] GC(462)   Post Evacuate Collection Set: 0.3ms
[2024-10-12T11:44:44.300+0800][info] GC(462)   Other: 0.1ms
[2024-10-12T11:44:44.300+0800][info] GC(462) Eden regions: 2->0(2)
[2024-10-12T11:44:44.300+0800][info] GC(462) Survivor regions: 1->1(1)
[2024-10-12T11:44:44.300+0800][info] GC(462) Old regions: 47->45
[2024-10-12T11:44:44.300+0800][info] GC(462) Archive regions: 2->2
[2024-10-12T11:44:44.300+0800][info] GC(462) Humongous regions: 3->3
[2024-10-12T11:44:44.300+0800][info] GC(462) Metaspace: 1675K(1856K)->1675K(1856K) NonClass: 1550K(1664K)->1550K(1664K) Class: 124K(192K)->124K(192K)
[2024-10-12T11:44:44.300+0800][info] GC(462) Pause Young (Mixed) (G1 Evacuation Pause) 106M->98M(128M) 3.747ms
[2024-10-12T11:44:44.300+0800][info] GC(462) User=0.01s Sys=0.00s Real=0.00s
[2024-10-12T11:44:44.402+0800][info] GC(463) Pause Young (Mixed) (G1 Evacuation Pause)
[2024-10-12T11:44:44.402+0800][info] GC(463) Using 3 workers of 48 for evacuation
[2024-10-12T11:44:44.406+0800][info] GC(463)   Pre Evacuate Collection Set: 0.2ms
[2024-10-12T11:44:44.406+0800][info] GC(463)   Merge Heap Roots: 0.1ms
[2024-10-12T11:44:44.406+0800][info] GC(463)   Evacuate Collection Set: 3.1ms
[2024-10-12T11:44:44.406+0800][info] GC(463)   Post Evacuate Collection Set: 0.3ms
[2024-10-12T11:44:44.406+0800][info] GC(463)   Other: 0.1ms
[2024-10-12T11:44:44.406+0800][info] GC(463) Eden regions: 2->0(2)
[2024-10-12T11:44:44.406+0800][info] GC(463) Survivor regions: 1->1(1)
[2024-10-12T11:44:44.406+0800][info] GC(463) Old regions: 45->44
[2024-10-12T11:44:44.406+0800][info] GC(463) Archive regions: 2->2
[2024-10-12T11:44:44.406+0800][info] GC(463) Humongous regions: 3->3
[2024-10-12T11:44:44.406+0800][info] GC(463) Metaspace: 1675K(1856K)->1675K(1856K) NonClass: 1550K(1664K)->1550K(1664K) Class: 124K(192K)->124K(192K)
[2024-10-12T11:44:44.406+0800][info] GC(463) Pause Young (Mixed) (G1 Evacuation Pause) 102M->96M(128M) 3.863ms
[2024-10-12T11:44:44.406+0800][info] GC(463) User=0.01s Sys=0.00s Real=0.01s
[2024-10-12T11:44:44.509+0800][info] GC(464) Pause Young (Mixed) (G1 Evacuation Pause)
[2024-10-12T11:44:44.509+0800][info] GC(464) Using 3 workers of 48 for evacuation
[2024-10-12T11:44:44.513+0800][info] GC(464)   Pre Evacuate Collection Set: 0.1ms
[2024-10-12T11:44:44.513+0800][info] GC(464)   Merge Heap Roots: 0.1ms
[2024-10-12T11:44:44.513+0800][info] GC(464)   Evacuate Collection Set: 3.5ms
[2024-10-12T11:44:44.513+0800][info] GC(464)   Post Evacuate Collection Set: 0.2ms
[2024-10-12T11:44:44.513+0800][info] GC(464)   Other: 0.1ms
[2024-10-12T11:44:44.513+0800][info] GC(464) Eden regions: 2->0(2)
[2024-10-12T11:44:44.513+0800][info] GC(464) Survivor regions: 1->1(1)
[2024-10-12T11:44:44.513+0800][info] GC(464) Old regions: 44->44
[2024-10-12T11:44:44.513+0800][info] GC(464) Archive regions: 2->2
[2024-10-12T11:44:44.513+0800][info] GC(464) Humongous regions: 3->3
[2024-10-12T11:44:44.513+0800][info] GC(464) Metaspace: 1675K(1856K)->1675K(1856K) NonClass: 1550K(1664K)->1550K(1664K) Class: 124K(192K)->124K(192K)
[2024-10-12T11:44:44.513+0800][info] GC(464) Pause Young (Mixed) (G1 Evacuation Pause) 100M->96M(128M) 4.172ms
[2024-10-12T11:44:44.513+0800][info] GC(464) User=0.01s Sys=0.00s Real=0.00s
[2024-10-12T11:44:44.615+0800][info] GC(465) Pause Young (Mixed) (G1 Evacuation Pause)
[2024-10-12T11:44:44.615+0800][info] GC(465) Using 3 workers of 48 for evacuation
[2024-10-12T11:44:44.618+0800][info] GC(465)   Pre Evacuate Collection Set: 0.1ms
[2024-10-12T11:44:44.618+0800][info] GC(465)   Merge Heap Roots: 0.1ms
[2024-10-12T11:44:44.618+0800][info] GC(465)   Evacuate Collection Set: 2.6ms
[2024-10-12T11:44:44.618+0800][info] GC(465)   Post Evacuate Collection Set: 0.3ms
[2024-10-12T11:44:44.618+0800][info] GC(465)   Other: 0.1ms
[2024-10-12T11:44:44.618+0800][info] GC(465) Eden regions: 2->0(2)
[2024-10-12T11:44:44.618+0800][info] GC(465) Survivor regions: 1->1(1)
[2024-10-12T11:44:44.618+0800][info] GC(465) Old regions: 44->45
[2024-10-12T11:44:44.618+0800][info] GC(465) Archive regions: 2->2
[2024-10-12T11:44:44.618+0800][info] GC(465) Humongous regions: 3->3
[2024-10-12T11:44:44.618+0800][info] GC(465) Metaspace: 1675K(1856K)->1675K(1856K) NonClass: 1550K(1664K)->1550K(1664K) Class: 124K(192K)->124K(192K)
[2024-10-12T11:44:44.618+0800][info] GC(465) Pause Young (Mixed) (G1 Evacuation Pause) 99M->99M(128M) 3.346ms
[2024-10-12T11:44:44.618+0800][info] GC(465) User=0.01s Sys=0.00s Real=0.00s
[2024-10-12T11:44:44.721+0800][info] GC(466) Pause Young (Normal) (G1 Evacuation Pause)
[2024-10-12T11:44:44.721+0800][info] GC(466) Using 3 workers of 48 for evacuation
[2024-10-12T11:44:44.722+0800][info] GC(466)   Pre Evacuate Collection Set: 0.1ms
[2024-10-12T11:44:44.722+0800][info] GC(466)   Merge Heap Roots: 0.1ms
[2024-10-12T11:44:44.722+0800][info] GC(466)   Evacuate Collection Set: 0.9ms
[2024-10-12T11:44:44.722+0800][info] GC(466)   Post Evacuate Collection Set: 0.2ms
[2024-10-12T11:44:44.722+0800][info] GC(466)   Other: 0.2ms
[2024-10-12T11:44:44.722+0800][info] GC(466) Eden regions: 2->0(2)
[2024-10-12T11:44:44.722+0800][info] GC(466) Survivor regions: 1->1(1)
[2024-10-12T11:44:44.722+0800][info] GC(466) Old regions: 45->47
[2024-10-12T11:44:44.722+0800][info] GC(466) Archive regions: 2->2
[2024-10-12T11:44:44.722+0800][info] GC(466) Humongous regions: 3->3
[2024-10-12T11:44:44.722+0800][info] GC(466) Metaspace: 1675K(1856K)->1675K(1856K) NonClass: 1550K(1664K)->1550K(1664K) Class: 124K(192K)->124K(192K)
[2024-10-12T11:44:44.722+0800][info] GC(466) Pause Young (Normal) (G1 Evacuation Pause) 103M->103M(128M) 1.599ms
[2024-10-12T11:44:44.722+0800][info] GC(466) User=0.00s Sys=0.00s Real=0.00s
[2024-10-12T11:44:44.824+0800][info] GC(467) Pause Young (Normal) (G1 Evacuation Pause)
[2024-10-12T11:44:44.824+0800][info] GC(467) Using 3 workers of 48 for evacuation
[2024-10-12T11:44:44.826+0800][info] GC(467)   Pre Evacuate Collection Set: 0.1ms
[2024-10-12T11:44:44.826+0800][info] GC(467)   Merge Heap Roots: 0.1ms
[2024-10-12T11:44:44.826+0800][info] GC(467)   Evacuate Collection Set: 1.0ms
[2024-10-12T11:44:44.826+0800][info] GC(467)   Post Evacuate Collection Set: 0.2ms
[2024-10-12T11:44:44.826+0800][info] GC(467)   Other: 0.2ms
[2024-10-12T11:44:44.826+0800][info] GC(467) Eden regions: 2->0(2)
[2024-10-12T11:44:44.826+0800][info] GC(467) Survivor regions: 1->1(1)
[2024-10-12T11:44:44.826+0800][info] GC(467) Old regions: 47->49
[2024-10-12T11:44:44.826+0800][info] GC(467) Archive regions: 2->2
[2024-10-12T11:44:44.826+0800][info] GC(467) Humongous regions: 3->3
[2024-10-12T11:44:44.826+0800][info] GC(467) Metaspace: 1675K(1856K)->1675K(1856K) NonClass: 1550K(1664K)->1550K(1664K) Class: 124K(192K)->124K(192K)
[2024-10-12T11:44:44.826+0800][info] GC(467) Pause Young (Normal) (G1 Evacuation Pause) 106M->107M(128M) 1.635ms
[2024-10-12T11:44:44.826+0800][info] GC(467) User=0.00s Sys=0.00s Real=0.01s
[2024-10-12T11:44:44.928+0800][info] GC(468) Pause Young (Concurrent Start) (G1 Evacuation Pause)
[2024-10-12T11:44:44.928+0800][info] GC(468) Using 3 workers of 48 for evacuation
[2024-10-12T11:44:44.930+0800][info] GC(468)   Pre Evacuate Collection Set: 0.1ms
[2024-10-12T11:44:44.930+0800][info] GC(468)   Merge Heap Roots: 0.1ms
[2024-10-12T11:44:44.930+0800][info] GC(468)   Evacuate Collection Set: 0.9ms
[2024-10-12T11:44:44.930+0800][info] GC(468)   Post Evacuate Collection Set: 0.2ms
[2024-10-12T11:44:44.930+0800][info] GC(468)   Other: 0.4ms
[2024-10-12T11:44:44.930+0800][info] GC(468) Eden regions: 2->0(2)
[2024-10-12T11:44:44.930+0800][info] GC(468) Survivor regions: 1->1(1)
[2024-10-12T11:44:44.930+0800][info] GC(468) Old regions: 49->51
[2024-10-12T11:44:44.930+0800][info] GC(468) Archive regions: 2->2
[2024-10-12T11:44:44.930+0800][info] GC(468) Humongous regions: 3->3
[2024-10-12T11:44:44.930+0800][info] GC(468) Metaspace: 1675K(1856K)->1675K(1856K) NonClass: 1550K(1664K)->1550K(1664K) Class: 124K(192K)->124K(192K)
[2024-10-12T11:44:44.930+0800][info] GC(468) Pause Young (Concurrent Start) (G1 Evacuation Pause) 111M->110M(128M) 1.789ms
[2024-10-12T11:44:44.930+0800][info] GC(468) User=0.01s Sys=0.00s Real=0.00s
[2024-10-12T11:44:44.930+0800][info] GC(469) Concurrent Mark Cycle
[2024-10-12T11:44:44.930+0800][info] GC(469) Concurrent Clear Claimed Marks
[2024-10-12T11:44:44.930+0800][info] GC(469) Concurrent Clear Claimed Marks 0.016ms
[2024-10-12T11:44:44.930+0800][info] GC(469) Concurrent Scan Root Regions
[2024-10-12T11:44:44.931+0800][info] GC(469) Concurrent Scan Root Regions 0.153ms
[2024-10-12T11:44:44.931+0800][info] GC(469) Concurrent Mark
[2024-10-12T11:44:44.931+0800][info] GC(469) Concurrent Mark From Roots
[2024-10-12T11:44:44.931+0800][info] GC(469) Using 12 workers of 12 for marking
[2024-10-12T11:44:44.934+0800][info] GC(469) Concurrent Mark From Roots 3.230ms
[2024-10-12T11:44:44.934+0800][info] GC(469) Concurrent Preclean
[2024-10-12T11:44:44.936+0800][info] GC(469) Concurrent Preclean 1.673ms
[2024-10-12T11:44:44.936+0800][info] GC(469) Pause Remark
[2024-10-12T11:44:44.937+0800][info] GC(469) Pause Remark 111M->111M(128M) 1.606ms
[2024-10-12T11:44:44.937+0800][info] GC(469) User=0.00s Sys=0.00s Real=0.00s
[2024-10-12T11:44:44.937+0800][info] GC(469) Concurrent Mark 6.875ms
[2024-10-12T11:44:44.938+0800][info] GC(469) Concurrent Rebuild Remembered Sets
[2024-10-12T11:44:44.939+0800][info] GC(469) Concurrent Rebuild Remembered Sets 1.299ms
[2024-10-12T11:44:44.939+0800][info] GC(469) Pause Cleanup
[2024-10-12T11:44:44.939+0800][info] GC(469) Pause Cleanup 111M->111M(128M) 0.246ms
[2024-10-12T11:44:44.939+0800][info] GC(469) User=0.00s Sys=0.00s Real=0.00s
[2024-10-12T11:44:44.939+0800][info] GC(469) Concurrent Cleanup for Next Mark
[2024-10-12T11:44:44.940+0800][info] GC(469) Concurrent Cleanup for Next Mark 0.372ms
[2024-10-12T11:44:44.940+0800][info] GC(469) Concurrent Mark Cycle 9.333ms
[2024-10-12T11:44:45.083+0800][info] GC(470) Pause Young (Prepare Mixed) (G1 Evacuation Pause)
[2024-10-12T11:44:45.083+0800][info] GC(470) Using 3 workers of 48 for evacuation
[2024-10-12T11:44:45.085+0800][info] GC(470)   Pre Evacuate Collection Set: 0.1ms
[2024-10-12T11:44:45.085+0800][info] GC(470)   Merge Heap Roots: 0.1ms
[2024-10-12T11:44:45.085+0800][info] GC(470)   Evacuate Collection Set: 1.1ms
[2024-10-12T11:44:45.085+0800][info] GC(470)   Post Evacuate Collection Set: 0.2ms
[2024-10-12T11:44:45.085+0800][info] GC(470)   Other: 0.2ms
[2024-10-12T11:44:45.085+0800][info] GC(470) Eden regions: 2->0(2)
[2024-10-12T11:44:45.085+0800][info] GC(470) Survivor regions: 1->1(1)
[2024-10-12T11:44:45.085+0800][info] GC(470) Old regions: 51->53
[2024-10-12T11:44:45.085+0800][info] GC(470) Archive regions: 2->2
[2024-10-12T11:44:45.085+0800][info] GC(470) Humongous regions: 3->3
[2024-10-12T11:44:45.085+0800][info] GC(470) Metaspace: 1675K(1856K)->1675K(1856K) NonClass: 1550K(1664K)->1550K(1664K) Class: 124K(192K)->124K(192K)
[2024-10-12T11:44:45.085+0800][info] GC(470) Pause Young (Prepare Mixed) (G1 Evacuation Pause) 114M->114M(128M) 1.798ms
[2024-10-12T11:44:45.085+0800][info] GC(470) User=0.00s Sys=0.01s Real=0.01s
[2024-10-12T11:44:45.146+0800][info] GC(471) Pause Young (Mixed) (G1 Preventive Collection)
[2024-10-12T11:44:45.147+0800][info] GC(471) Using 3 workers of 48 for evacuation
[2024-10-12T11:44:45.149+0800][info] GC(471) To-space exhausted
[2024-10-12T11:44:45.149+0800][info] GC(471)   Pre Evacuate Collection Set: 0.2ms
[2024-10-12T11:44:45.149+0800][info] GC(471)   Merge Heap Roots: 0.1ms
[2024-10-12T11:44:45.149+0800][info] GC(471)   Evacuate Collection Set: 1.6ms
[2024-10-12T11:44:45.149+0800][info] GC(471)   Post Evacuate Collection Set: 0.3ms
[2024-10-12T11:44:45.149+0800][info] GC(471)   Other: 0.2ms
[2024-10-12T11:44:45.149+0800][info] GC(471) Eden regions: 1->0(2)
[2024-10-12T11:44:45.149+0800][info] GC(471) Survivor regions: 1->1(1)
[2024-10-12T11:44:45.149+0800][info] GC(471) Old regions: 53->49
[2024-10-12T11:44:45.149+0800][info] GC(471) Archive regions: 2->2
[2024-10-12T11:44:45.149+0800][info] GC(471) Humongous regions: 3->3
[2024-10-12T11:44:45.149+0800][info] GC(471) Metaspace: 1675K(1856K)->1675K(1856K) NonClass: 1550K(1664K)->1550K(1664K) Class: 124K(192K)->124K(192K)
[2024-10-12T11:44:45.149+0800][info] GC(471) Pause Young (Mixed) (G1 Preventive Collection) 116M->107M(128M) 2.456ms
[2024-10-12T11:44:45.149+0800][info] GC(471) User=0.01s Sys=0.00s Real=0.00s
[2024-10-12T11:44:45.252+0800][info] GC(472) Pause Young (Mixed) (G1 Preventive Collection)
[2024-10-12T11:44:45.252+0800][info] GC(472) Using 3 workers of 48 for evacuation
[2024-10-12T11:44:45.265+0800][info] GC(472) To-space exhausted
[2024-10-12T11:44:45.265+0800][info] GC(472)   Pre Evacuate Collection Set: 0.2ms
[2024-10-12T11:44:45.265+0800][info] GC(472)   Merge Heap Roots: 0.1ms
[2024-10-12T11:44:45.265+0800][info] GC(472)   Evacuate Collection Set: 11.3ms
[2024-10-12T11:44:45.265+0800][info] GC(472)   Post Evacuate Collection Set: 0.9ms
[2024-10-12T11:44:45.265+0800][info] GC(472)   Other: 0.2ms
[2024-10-12T11:44:45.265+0800][info] GC(472) Eden regions: 2->0(2)
[2024-10-12T11:44:45.265+0800][info] GC(472) Survivor regions: 1->1(1)
[2024-10-12T11:44:45.265+0800][info] GC(472) Old regions: 49->52
[2024-10-12T11:44:45.265+0800][info] GC(472) Archive regions: 2->2
[2024-10-12T11:44:45.265+0800][info] GC(472) Humongous regions: 4->3
[2024-10-12T11:44:45.265+0800][info] GC(472) Metaspace: 1675K(1856K)->1675K(1856K) NonClass: 1550K(1664K)->1550K(1664K) Class: 124K(192K)->124K(192K)
[2024-10-12T11:44:45.265+0800][info] GC(472) Pause Young (Mixed) (G1 Preventive Collection) 113M->113M(128M) 12.833ms
[2024-10-12T11:44:45.265+0800][info] GC(472) User=0.01s Sys=0.02s Real=0.01s
[2024-10-12T11:44:45.329+0800][info] GC(473) Pause Young (Mixed) (G1 Preventive Collection)
[2024-10-12T11:44:45.329+0800][info] GC(473) Using 3 workers of 48 for evacuation
[2024-10-12T11:44:45.344+0800][info] GC(473) To-space exhausted
[2024-10-12T11:44:45.344+0800][info] GC(473)   Pre Evacuate Collection Set: 0.2ms
[2024-10-12T11:44:45.344+0800][info] GC(473)   Merge Heap Roots: 0.1ms
[2024-10-12T11:44:45.344+0800][info] GC(473)   Evacuate Collection Set: 13.8ms
[2024-10-12T11:44:45.344+0800][info] GC(473)   Post Evacuate Collection Set: 0.5ms
[2024-10-12T11:44:45.344+0800][info] GC(473)   Other: 0.2ms
[2024-10-12T11:44:45.344+0800][info] GC(473) Eden regions: 1->0(2)
[2024-10-12T11:44:45.344+0800][info] GC(473) Survivor regions: 1->1(1)
[2024-10-12T11:44:45.344+0800][info] GC(473) Old regions: 52->55
[2024-10-12T11:44:45.344+0800][info] GC(473) Archive regions: 2->2
[2024-10-12T11:44:45.344+0800][info] GC(473) Humongous regions: 3->3
[2024-10-12T11:44:45.344+0800][info] GC(473) Metaspace: 1675K(1856K)->1675K(1856K) NonClass: 1550K(1664K)->1550K(1664K) Class: 124K(192K)->124K(192K)
[2024-10-12T11:44:45.344+0800][info] GC(473) Pause Young (Mixed) (G1 Preventive Collection) 115M->119M(128M) 14.969ms
[2024-10-12T11:44:45.344+0800][info] GC(473) User=0.01s Sys=0.03s Real=0.01s
[2024-10-12T11:44:45.386+0800][info] GC(474) Pause Young (Mixed) (G1 Preventive Collection)
[2024-10-12T11:44:45.386+0800][info] GC(474) Using 3 workers of 48 for evacuation
[2024-10-12T11:44:45.391+0800][info] GC(474) To-space exhausted
[2024-10-12T11:44:45.391+0800][info] GC(474)   Pre Evacuate Collection Set: 0.2ms
[2024-10-12T11:44:45.391+0800][info] GC(474)   Merge Heap Roots: 0.1ms
[2024-10-12T11:44:45.391+0800][info] GC(474)   Evacuate Collection Set: 4.2ms
[2024-10-12T11:44:45.391+0800][info] GC(474)   Post Evacuate Collection Set: 0.5ms
[2024-10-12T11:44:45.391+0800][info] GC(474)   Other: 0.2ms
[2024-10-12T11:44:45.391+0800][info] GC(474) Eden regions: 1->0(2)
[2024-10-12T11:44:45.391+0800][info] GC(474) Survivor regions: 1->1(1)
[2024-10-12T11:44:45.391+0800][info] GC(474) Old regions: 55->57
[2024-10-12T11:44:45.391+0800][info] GC(474) Archive regions: 2->2
[2024-10-12T11:44:45.391+0800][info] GC(474) Humongous regions: 3->3
[2024-10-12T11:44:45.391+0800][info] GC(474) Metaspace: 1675K(1856K)->1675K(1856K) NonClass: 1550K(1664K)->1550K(1664K) Class: 124K(192K)->124K(192K)
[2024-10-12T11:44:45.391+0800][info] GC(474) Pause Young (Mixed) (G1 Preventive Collection) 120M->122M(128M) 5.259ms
[2024-10-12T11:44:45.391+0800][info] GC(474) User=0.01s Sys=0.01s Real=0.00s
[2024-10-12T11:44:45.453+0800][info] GC(475) Pause Young (Mixed) (G1 Evacuation Pause)
[2024-10-12T11:44:45.453+0800][info] GC(475) Using 3 workers of 48 for evacuation
[2024-10-12T11:44:45.456+0800][info] GC(475) To-space exhausted
[2024-10-12T11:44:45.456+0800][info] GC(475)   Pre Evacuate Collection Set: 0.2ms
[2024-10-12T11:44:45.456+0800][info] GC(475)   Merge Heap Roots: 0.1ms
[2024-10-12T11:44:45.456+0800][info] GC(475)   Evacuate Collection Set: 1.3ms
[2024-10-12T11:44:45.456+0800][info] GC(475)   Post Evacuate Collection Set: 0.9ms
[2024-10-12T11:44:45.456+0800][info] GC(475)   Other: 0.2ms
[2024-10-12T11:44:45.456+0800][info] GC(475) Eden regions: 1->0(3)
[2024-10-12T11:44:45.456+0800][info] GC(475) Survivor regions: 1->0(0)
[2024-10-12T11:44:45.456+0800][info] GC(475) Old regions: 57->59
[2024-10-12T11:44:45.456+0800][info] GC(475) Archive regions: 2->2
[2024-10-12T11:44:45.456+0800][info] GC(475) Humongous regions: 3->3
[2024-10-12T11:44:45.456+0800][info] GC(475) Metaspace: 1675K(1856K)->1675K(1856K) NonClass: 1550K(1664K)->1550K(1664K) Class: 124K(192K)->124K(192K)
[2024-10-12T11:44:45.456+0800][info] GC(475) Pause Young (Mixed) (G1 Evacuation Pause) 124M->124M(128M) 2.844ms
[2024-10-12T11:44:45.456+0800][info] GC(475) User=0.01s Sys=0.00s Real=0.00s
[2024-10-12T11:44:45.456+0800][info] Attempting full compaction
[2024-10-12T11:44:45.456+0800][info] GC(476) Using 3 workers of 48 for full compaction
[2024-10-12T11:44:45.456+0800][info] GC(476) Pause Full (G1 Compaction Pause)
[2024-10-12T11:44:45.456+0800][info] GC(476) Phase 1: Mark live objects
[2024-10-12T11:44:45.462+0800][info] GC(476) Phase 1: Mark live objects 5.220ms
[2024-10-12T11:44:45.462+0800][info] GC(476) Phase 2: Prepare for compaction
[2024-10-12T11:44:45.462+0800][info] GC(476) Phase 2: Prepare for compaction 0.864ms
[2024-10-12T11:44:45.462+0800][info] GC(476) Phase 3: Adjust pointers
[2024-10-12T11:44:45.464+0800][info] GC(476) Phase 3: Adjust pointers 1.834ms
[2024-10-12T11:44:45.464+0800][info] GC(476) Phase 4: Compact heap
[2024-10-12T11:44:45.538+0800][info] GC(476) Phase 4: Compact heap 73.917ms
[2024-10-12T11:44:45.540+0800][info] GC(476) Eden regions: 0->0(4)
[2024-10-12T11:44:45.540+0800][info] GC(476) Survivor regions: 0->0(0)
[2024-10-12T11:44:45.540+0800][info] GC(476) Old regions: 59->38
[2024-10-12T11:44:45.540+0800][info] GC(476) Archive regions: 2->2
[2024-10-12T11:44:45.540+0800][info] GC(476) Humongous regions: 3->3
[2024-10-12T11:44:45.540+0800][info] GC(476) Metaspace: 1675K(1856K)->1675K(1856K) NonClass: 1550K(1664K)->1550K(1664K) Class: 124K(192K)->124K(192K)
[2024-10-12T11:44:45.540+0800][info] GC(476) Pause Full (G1 Compaction Pause) 124M->71M(128M) 83.787ms
[2024-10-12T11:44:45.540+0800][info] GC(476) User=0.07s Sys=0.12s Real=0.08s
[2024-10-12T11:44:45.750+0800][info] GC(477) Pause Young (Normal) (G1 Evacuation Pause)
[2024-10-12T11:44:45.750+0800][info] GC(477) Using 3 workers of 48 for evacuation
[2024-10-12T11:44:45.756+0800][info] GC(477)   Pre Evacuate Collection Set: 0.1ms
[2024-10-12T11:44:45.756+0800][info] GC(477)   Merge Heap Roots: 0.1ms
[2024-10-12T11:44:45.756+0800][info] GC(477)   Evacuate Collection Set: 5.0ms
[2024-10-12T11:44:45.756+0800][info] GC(477)   Post Evacuate Collection Set: 0.2ms
[2024-10-12T11:44:45.756+0800][info] GC(477)   Other: 0.2ms
[2024-10-12T11:44:45.756+0800][info] GC(477) Eden regions: 4->0(2)
[2024-10-12T11:44:45.756+0800][info] GC(477) Survivor regions: 0->1(1)
[2024-10-12T11:44:45.756+0800][info] GC(477) Old regions: 38->41
[2024-10-12T11:44:45.756+0800][info] GC(477) Archive regions: 2->2
[2024-10-12T11:44:45.756+0800][info] GC(477) Humongous regions: 3->3
[2024-10-12T11:44:45.756+0800][info] GC(477) Metaspace: 1675K(1856K)->1675K(1856K) NonClass: 1550K(1664K)->1550K(1664K) Class: 124K(192K)->124K(192K)
[2024-10-12T11:44:45.756+0800][info] GC(477) Pause Young (Normal) (G1 Evacuation Pause) 79M->79M(128M) 5.762ms
[2024-10-12T11:44:45.756+0800][info] GC(477) User=0.00s Sys=0.01s Real=0.01s
[2024-10-12T11:44:45.858+0800][info] GC(478) Pause Young (Normal) (G1 Evacuation Pause)
[2024-10-12T11:44:45.858+0800][info] GC(478) Using 3 workers of 48 for evacuation
[2024-10-12T11:44:45.861+0800][info] GC(478)   Pre Evacuate Collection Set: 0.1ms
[2024-10-12T11:44:45.861+0800][info] GC(478)   Merge Heap Roots: 0.1ms
[2024-10-12T11:44:45.861+0800][info] GC(478)   Evacuate Collection Set: 2.8ms
[2024-10-12T11:44:45.861+0800][info] GC(478)   Post Evacuate Collection Set: 0.3ms
[2024-10-12T11:44:45.861+0800][info] GC(478)   Other: 0.2ms
[2024-10-12T11:44:45.861+0800][info] GC(478) Eden regions: 2->0(2)
[2024-10-12T11:44:45.861+0800][info] GC(478) Survivor regions: 1->1(1)
[2024-10-12T11:44:45.861+0800][info] GC(478) Old regions: 41->43
[2024-10-12T11:44:45.861+0800][info] GC(478) Archive regions: 2->2
[2024-10-12T11:44:45.862+0800][info] GC(478) Humongous regions: 3->3
[2024-10-12T11:44:45.862+0800][info] GC(478) Metaspace: 1675K(1856K)->1675K(1856K) NonClass: 1550K(1664K)->1550K(1664K) Class: 124K(192K)->124K(192K)
[2024-10-12T11:44:45.862+0800][info] GC(478) Pause Young (Normal) (G1 Evacuation Pause) 82M->82M(128M) 3.580ms
[2024-10-12T11:44:45.862+0800][info] GC(478) User=0.01s Sys=0.00s Real=0.00s
[2024-10-12T11:44:45.964+0800][info] GC(479) Pause Young (Normal) (G1 Evacuation Pause)
[2024-10-12T11:44:45.964+0800][info] GC(479) Using 3 workers of 48 for evacuation
[2024-10-12T11:44:45.967+0800][info] GC(479)   Pre Evacuate Collection Set: 0.1ms
[2024-10-12T11:44:45.967+0800][info] GC(479)   Merge Heap Roots: 0.1ms
[2024-10-12T11:44:45.967+0800][info] GC(479)   Evacuate Collection Set: 2.4ms
[2024-10-12T11:44:45.967+0800][info] GC(479)   Post Evacuate Collection Set: 0.2ms
[2024-10-12T11:44:45.967+0800][info] GC(479)   Other: 0.2ms
[2024-10-12T11:44:45.967+0800][info] GC(479) Eden regions: 2->0(2)
[2024-10-12T11:44:45.967+0800][info] GC(479) Survivor regions: 1->1(1)
[2024-10-12T11:44:45.967+0800][info] GC(479) Old regions: 43->45
[2024-10-12T11:44:45.967+0800][info] GC(479) Archive regions: 2->2
[2024-10-12T11:44:45.967+0800][info] GC(479) Humongous regions: 3->3
[2024-10-12T11:44:45.967+0800][info] GC(479) Metaspace: 1675K(1856K)->1675K(1856K) NonClass: 1550K(1664K)->1550K(1664K) Class: 124K(192K)->124K(192K)
[2024-10-12T11:44:45.967+0800][info] GC(479) Pause Young (Normal) (G1 Evacuation Pause) 85M->86M(128M) 3.028ms
[2024-10-12T11:44:45.967+0800][info] GC(479) User=0.00s Sys=0.01s Real=0.01s
[2024-10-12T11:44:46.069+0800][info] GC(480) Pause Young (Normal) (G1 Evacuation Pause)
[2024-10-12T11:44:46.069+0800][info] GC(480) Using 3 workers of 48 for evacuation
[2024-10-12T11:44:46.072+0800][info] GC(480)   Pre Evacuate Collection Set: 0.1ms
[2024-10-12T11:44:46.072+0800][info] GC(480)   Merge Heap Roots: 0.0ms
[2024-10-12T11:44:46.072+0800][info] GC(480)   Evacuate Collection Set: 2.2ms
[2024-10-12T11:44:46.072+0800][info] GC(480)   Post Evacuate Collection Set: 0.2ms
[2024-10-12T11:44:46.072+0800][info] GC(480)   Other: 0.2ms
[2024-10-12T11:44:46.072+0800][info] GC(480) Eden regions: 2->0(2)
[2024-10-12T11:44:46.072+0800][info] GC(480) Survivor regions: 1->1(1)
[2024-10-12T11:44:46.072+0800][info] GC(480) Old regions: 45->47
[2024-10-12T11:44:46.072+0800][info] GC(480) Archive regions: 2->2
[2024-10-12T11:44:46.072+0800][info] GC(480) Humongous regions: 3->3
[2024-10-12T11:44:46.072+0800][info] GC(480) Metaspace: 1675K(1856K)->1675K(1856K) NonClass: 1550K(1664K)->1550K(1664K) Class: 124K(192K)->124K(192K)
[2024-10-12T11:44:46.072+0800][info] GC(480) Pause Young (Normal) (G1 Evacuation Pause) 89M->90M(128M) 2.903ms
[2024-10-12T11:44:46.072+0800][info] GC(480) User=0.01s Sys=0.00s Real=0.00s
[2024-10-12T11:44:46.175+0800][info] GC(481) Pause Young (Concurrent Start) (G1 Evacuation Pause)
[2024-10-12T11:44:46.175+0800][info] GC(481) Using 3 workers of 48 for evacuation
[2024-10-12T11:44:46.177+0800][info] GC(481)   Pre Evacuate Collection Set: 0.1ms
[2024-10-12T11:44:46.177+0800][info] GC(481)   Merge Heap Roots: 0.1ms
[2024-10-12T11:44:46.177+0800][info] GC(481)   Evacuate Collection Set: 1.9ms
[2024-10-12T11:44:46.177+0800][info] GC(481)   Post Evacuate Collection Set: 0.2ms
[2024-10-12T11:44:46.177+0800][info] GC(481)   Other: 0.3ms
[2024-10-12T11:44:46.177+0800][info] GC(481) Eden regions: 2->0(2)
[2024-10-12T11:44:46.177+0800][info] GC(481) Survivor regions: 1->1(1)
[2024-10-12T11:44:46.177+0800][info] GC(481) Old regions: 47->49
[2024-10-12T11:44:46.177+0800][info] GC(481) Archive regions: 2->2
[2024-10-12T11:44:46.177+0800][info] GC(481) Humongous regions: 3->3
[2024-10-12T11:44:46.177+0800][info] GC(481) Metaspace: 1675K(1856K)->1675K(1856K) NonClass: 1550K(1664K)->1550K(1664K) Class: 124K(192K)->124K(192K)
[2024-10-12T11:44:46.177+0800][info] GC(481) Pause Young (Concurrent Start) (G1 Evacuation Pause) 93M->94M(128M) 2.712ms
[2024-10-12T11:44:46.177+0800][info] GC(481) User=0.00s Sys=0.00s Real=0.00s
[2024-10-12T11:44:46.178+0800][info] GC(482) Concurrent Mark Cycle
[2024-10-12T11:44:46.178+0800][info] GC(482) Concurrent Clear Claimed Marks
[2024-10-12T11:44:46.178+0800][info] GC(482) Concurrent Clear Claimed Marks 0.017ms
[2024-10-12T11:44:46.178+0800][info] GC(482) Concurrent Scan Root Regions
[2024-10-12T11:44:46.178+0800][info] GC(482) Concurrent Scan Root Regions 0.176ms
[2024-10-12T11:44:46.178+0800][info] GC(482) Concurrent Mark
[2024-10-12T11:44:46.178+0800][info] GC(482) Concurrent Mark From Roots
[2024-10-12T11:44:46.178+0800][info] GC(482) Using 12 workers of 12 for marking
[2024-10-12T11:44:46.182+0800][info] GC(482) Concurrent Mark From Roots 3.740ms
[2024-10-12T11:44:46.182+0800][info] GC(482) Concurrent Preclean
[2024-10-12T11:44:46.183+0800][info] GC(482) Concurrent Preclean 1.683ms
[2024-10-12T11:44:46.183+0800][info] GC(482) Pause Remark
[2024-10-12T11:44:46.185+0800][info] GC(482) Pause Remark 94M->94M(128M) 1.654ms
[2024-10-12T11:44:46.185+0800][info] GC(482) User=0.01s Sys=0.00s Real=0.01s
[2024-10-12T11:44:46.185+0800][info] GC(482) Concurrent Mark 7.356ms
[2024-10-12T11:44:46.185+0800][info] GC(482) Concurrent Rebuild Remembered Sets
[2024-10-12T11:44:46.187+0800][info] GC(482) Concurrent Rebuild Remembered Sets 1.280ms
[2024-10-12T11:44:46.187+0800][info] GC(482) Pause Cleanup
[2024-10-12T11:44:46.187+0800][info] GC(482) Pause Cleanup 94M->94M(128M) 0.240ms
[2024-10-12T11:44:46.187+0800][info] GC(482) User=0.00s Sys=0.00s Real=0.00s
[2024-10-12T11:44:46.187+0800][info] GC(482) Concurrent Cleanup for Next Mark
[2024-10-12T11:44:46.187+0800][info] GC(482) Concurrent Cleanup for Next Mark 0.416ms
[2024-10-12T11:44:46.187+0800][info] GC(482) Concurrent Mark Cycle 9.856ms
[2024-10-12T11:44:46.331+0800][info] GC(483) Pause Young (Prepare Mixed) (G1 Evacuation Pause)
[2024-10-12T11:44:46.331+0800][info] GC(483) Using 3 workers of 48 for evacuation
[2024-10-12T11:44:46.334+0800][info] GC(483)   Pre Evacuate Collection Set: 0.1ms
[2024-10-12T11:44:46.334+0800][info] GC(483)   Merge Heap Roots: 0.1ms
[2024-10-12T11:44:46.334+0800][info] GC(483)   Evacuate Collection Set: 3.1ms
[2024-10-12T11:44:46.334+0800][info] GC(483)   Post Evacuate Collection Set: 0.2ms
[2024-10-12T11:44:46.334+0800][info] GC(483)   Other: 0.2ms
[2024-10-12T11:44:46.334+0800][info] GC(483) Eden regions: 2->0(2)
[2024-10-12T11:44:46.334+0800][info] GC(483) Survivor regions: 1->1(1)
[2024-10-12T11:44:46.334+0800][info] GC(483) Old regions: 49->50
[2024-10-12T11:44:46.334+0800][info] GC(483) Archive regions: 2->2
[2024-10-12T11:44:46.334+0800][info] GC(483) Humongous regions: 3->3
[2024-10-12T11:44:46.334+0800][info] GC(483) Metaspace: 1675K(1856K)->1675K(1856K) NonClass: 1550K(1664K)->1550K(1664K) Class: 124K(192K)->124K(192K)
[2024-10-12T11:44:46.335+0800][info] GC(483) Pause Young (Prepare Mixed) (G1 Evacuation Pause) 97M->97M(128M) 3.886ms
[2024-10-12T11:44:46.335+0800][info] GC(483) User=0.01s Sys=0.01s Real=0.01s
[2024-10-12T11:44:46.437+0800][info] GC(484) Pause Young (Mixed) (G1 Preventive Collection)
[2024-10-12T11:44:46.437+0800][info] GC(484) Using 3 workers of 48 for evacuation
[2024-10-12T11:44:46.442+0800][info] GC(484)   Pre Evacuate Collection Set: 0.1ms
[2024-10-12T11:44:46.442+0800][info] GC(484)   Merge Heap Roots: 0.1ms
[2024-10-12T11:44:46.442+0800][info] GC(484)   Evacuate Collection Set: 4.0ms
[2024-10-12T11:44:46.442+0800][info] GC(484)   Post Evacuate Collection Set: 0.2ms
[2024-10-12T11:44:46.442+0800][info] GC(484)   Other: 0.2ms
[2024-10-12T11:44:46.442+0800][info] GC(484) Eden regions: 2->0(2)
[2024-10-12T11:44:46.442+0800][info] GC(484) Survivor regions: 1->1(1)
[2024-10-12T11:44:46.442+0800][info] GC(484) Old regions: 50->47
[2024-10-12T11:44:46.442+0800][info] GC(484) Archive regions: 2->2
[2024-10-12T11:44:46.442+0800][info] GC(484) Humongous regions: 3->3
[2024-10-12T11:44:46.442+0800][info] GC(484) Metaspace: 1675K(1856K)->1675K(1856K) NonClass: 1550K(1664K)->1550K(1664K) Class: 124K(192K)->124K(192K)
[2024-10-12T11:44:46.442+0800][info] GC(484) Pause Young (Mixed) (G1 Preventive Collection) 101M->93M(128M) 4.838ms
[2024-10-12T11:44:46.442+0800][info] GC(484) User=0.01s Sys=0.01s Real=0.00s
[2024-10-12T11:44:46.544+0800][info] GC(485) Pause Young (Mixed) (G1 Evacuation Pause)
[2024-10-12T11:44:46.544+0800][info] GC(485) Using 3 workers of 48 for evacuation
[2024-10-12T11:44:46.548+0800][info] GC(485)   Pre Evacuate Collection Set: 0.2ms
[2024-10-12T11:44:46.548+0800][info] GC(485)   Merge Heap Roots: 0.1ms
[2024-10-12T11:44:46.548+0800][info] GC(485)   Evacuate Collection Set: 3.1ms
[2024-10-12T11:44:46.548+0800][info] GC(485)   Post Evacuate Collection Set: 0.3ms
[2024-10-12T11:44:46.548+0800][info] GC(485)   Other: 0.1ms
[2024-10-12T11:44:46.548+0800][info] GC(485) Eden regions: 2->0(2)
[2024-10-12T11:44:46.548+0800][info] GC(485) Survivor regions: 1->1(1)
[2024-10-12T11:44:46.548+0800][info] GC(485) Old regions: 47->45
[2024-10-12T11:44:46.548+0800][info] GC(485) Archive regions: 2->2
[2024-10-12T11:44:46.548+0800][info] GC(485) Humongous regions: 3->3
[2024-10-12T11:44:46.548+0800][info] GC(485) Metaspace: 1675K(1856K)->1675K(1856K) NonClass: 1550K(1664K)->1550K(1664K) Class: 124K(192K)->124K(192K)
[2024-10-12T11:44:46.548+0800][info] GC(485) Pause Young (Mixed) (G1 Evacuation Pause) 96M->93M(128M) 3.855ms
[2024-10-12T11:44:46.548+0800][info] GC(485) User=0.01s Sys=0.00s Real=0.01s
[2024-10-12T11:44:46.651+0800][info] GC(486) Pause Young (Mixed) (G1 Evacuation Pause)
[2024-10-12T11:44:46.651+0800][info] GC(486) Using 3 workers of 48 for evacuation
[2024-10-12T11:44:46.655+0800][info] GC(486)   Pre Evacuate Collection Set: 0.2ms
[2024-10-12T11:44:46.655+0800][info] GC(486)   Merge Heap Roots: 0.1ms
[2024-10-12T11:44:46.655+0800][info] GC(486)   Evacuate Collection Set: 3.7ms
[2024-10-12T11:44:46.655+0800][info] GC(486)   Post Evacuate Collection Set: 0.3ms
[2024-10-12T11:44:46.655+0800][info] GC(486)   Other: 0.1ms
[2024-10-12T11:44:46.655+0800][info] GC(486) Eden regions: 2->0(2)
[2024-10-12T11:44:46.655+0800][info] GC(486) Survivor regions: 1->1(1)
[2024-10-12T11:44:46.655+0800][info] GC(486) Old regions: 45->43
[2024-10-12T11:44:46.655+0800][info] GC(486) Archive regions: 2->2
[2024-10-12T11:44:46.655+0800][info] GC(486) Humongous regions: 3->3
[2024-10-12T11:44:46.655+0800][info] GC(486) Metaspace: 1675K(1856K)->1675K(1856K) NonClass: 1550K(1664K)->1550K(1664K) Class: 124K(192K)->124K(192K)
[2024-10-12T11:44:46.655+0800][info] GC(486) Pause Young (Mixed) (G1 Evacuation Pause) 97M->91M(128M) 4.546ms
[2024-10-12T11:44:46.655+0800][info] GC(486) User=0.01s Sys=0.00s Real=0.01s
[2024-10-12T11:44:46.757+0800][info] GC(487) Pause Young (Mixed) (G1 Evacuation Pause)
[2024-10-12T11:44:46.757+0800][info] GC(487) Using 3 workers of 48 for evacuation
[2024-10-12T11:44:46.762+0800][info] GC(487)   Pre Evacuate Collection Set: 0.2ms
[2024-10-12T11:44:46.762+0800][info] GC(487)   Merge Heap Roots: 0.1ms
[2024-10-12T11:44:46.762+0800][info] GC(487)   Evacuate Collection Set: 3.7ms
[2024-10-12T11:44:46.762+0800][info] GC(487)   Post Evacuate Collection Set: 0.3ms
[2024-10-12T11:44:46.762+0800][info] GC(487)   Other: 0.1ms
[2024-10-12T11:44:46.762+0800][info] GC(487) Eden regions: 2->0(2)
[2024-10-12T11:44:46.762+0800][info] GC(487) Survivor regions: 1->1(1)
[2024-10-12T11:44:46.762+0800][info] GC(487) Old regions: 43->43
[2024-10-12T11:44:46.762+0800][info] GC(487) Archive regions: 2->2
[2024-10-12T11:44:46.762+0800][info] GC(487) Humongous regions: 3->3
[2024-10-12T11:44:46.762+0800][info] GC(487) Metaspace: 1675K(1856K)->1675K(1856K) NonClass: 1550K(1664K)->1550K(1664K) Class: 124K(192K)->124K(192K)
[2024-10-12T11:44:46.762+0800][info] GC(487) Pause Young (Mixed) (G1 Evacuation Pause) 95M->94M(128M) 4.534ms
[2024-10-12T11:44:46.762+0800][info] GC(487) User=0.01s Sys=0.00s Real=0.00s
[2024-10-12T11:44:46.864+0800][info] GC(488) Pause Young (Mixed) (G1 Evacuation Pause)
[2024-10-12T11:44:46.864+0800][info] GC(488) Using 3 workers of 48 for evacuation
[2024-10-12T11:44:46.868+0800][info] GC(488)   Pre Evacuate Collection Set: 0.2ms
[2024-10-12T11:44:46.868+0800][info] GC(488)   Merge Heap Roots: 0.1ms
[2024-10-12T11:44:46.868+0800][info] GC(488)   Evacuate Collection Set: 2.6ms
[2024-10-12T11:44:46.868+0800][info] GC(488)   Post Evacuate Collection Set: 0.2ms
[2024-10-12T11:44:46.868+0800][info] GC(488)   Other: 0.2ms
[2024-10-12T11:44:46.868+0800][info] GC(488) Eden regions: 2->0(2)
[2024-10-12T11:44:46.868+0800][info] GC(488) Survivor regions: 1->1(1)
[2024-10-12T11:44:46.868+0800][info] GC(488) Old regions: 43->45
[2024-10-12T11:44:46.868+0800][info] GC(488) Archive regions: 2->2
[2024-10-12T11:44:46.868+0800][info] GC(488) Humongous regions: 3->3
[2024-10-12T11:44:46.868+0800][info] GC(488) Metaspace: 1675K(1856K)->1675K(1856K) NonClass: 1550K(1664K)->1550K(1664K) Class: 124K(192K)->124K(192K)
[2024-10-12T11:44:46.868+0800][info] GC(488) Pause Young (Mixed) (G1 Evacuation Pause) 97M->97M(128M) 3.383ms
[2024-10-12T11:44:46.868+0800][info] GC(488) User=0.01s Sys=0.01s Real=0.01s
[2024-10-12T11:44:46.970+0800][info] GC(489) Pause Young (Normal) (G1 Evacuation Pause)
[2024-10-12T11:44:46.970+0800][info] GC(489) Using 3 workers of 48 for evacuation
[2024-10-12T11:44:46.971+0800][info] GC(489)   Pre Evacuate Collection Set: 0.1ms
[2024-10-12T11:44:46.971+0800][info] GC(489)   Merge Heap Roots: 0.1ms
[2024-10-12T11:44:46.971+0800][info] GC(489)   Evacuate Collection Set: 0.9ms
[2024-10-12T11:44:46.971+0800][info] GC(489)   Post Evacuate Collection Set: 0.2ms
[2024-10-12T11:44:46.971+0800][info] GC(489)   Other: 0.2ms
[2024-10-12T11:44:46.971+0800][info] GC(489) Eden regions: 2->0(2)
[2024-10-12T11:44:46.971+0800][info] GC(489) Survivor regions: 1->1(1)
[2024-10-12T11:44:46.971+0800][info] GC(489) Old regions: 45->47
[2024-10-12T11:44:46.971+0800][info] GC(489) Archive regions: 2->2
[2024-10-12T11:44:46.971+0800][info] GC(489) Humongous regions: 3->3
[2024-10-12T11:44:46.971+0800][info] GC(489) Metaspace: 1675K(1856K)->1675K(1856K) NonClass: 1550K(1664K)->1550K(1664K) Class: 124K(192K)->124K(192K)
[2024-10-12T11:44:46.972+0800][info] GC(489) Pause Young (Normal) (G1 Evacuation Pause) 101M->101M(128M) 1.603ms
[2024-10-12T11:44:46.972+0800][info] GC(489) User=0.01s Sys=0.00s Real=0.00s
[2024-10-12T11:44:47.074+0800][info] GC(490) Pause Young (Normal) (G1 Evacuation Pause)
[2024-10-12T11:44:47.074+0800][info] GC(490) Using 3 workers of 48 for evacuation
[2024-10-12T11:44:47.075+0800][info] GC(490)   Pre Evacuate Collection Set: 0.1ms
[2024-10-12T11:44:47.075+0800][info] GC(490)   Merge Heap Roots: 0.1ms
[2024-10-12T11:44:47.075+0800][info] GC(490)   Evacuate Collection Set: 0.9ms
[2024-10-12T11:44:47.075+0800][info] GC(490)   Post Evacuate Collection Set: 0.2ms
[2024-10-12T11:44:47.075+0800][info] GC(490)   Other: 0.2ms
[2024-10-12T11:44:47.075+0800][info] GC(490) Eden regions: 2->0(2)
[2024-10-12T11:44:47.075+0800][info] GC(490) Survivor regions: 1->1(1)
[2024-10-12T11:44:47.075+0800][info] GC(490) Old regions: 47->48
[2024-10-12T11:44:47.075+0800][info] GC(490) Archive regions: 2->2
[2024-10-12T11:44:47.075+0800][info] GC(490) Humongous regions: 3->3
[2024-10-12T11:44:47.075+0800][info] GC(490) Metaspace: 1675K(1856K)->1675K(1856K) NonClass: 1550K(1664K)->1550K(1664K) Class: 124K(192K)->124K(192K)
[2024-10-12T11:44:47.075+0800][info] GC(490) Pause Young (Normal) (G1 Evacuation Pause) 104M->104M(128M) 1.517ms
[2024-10-12T11:44:47.075+0800][info] GC(490) User=0.00s Sys=0.00s Real=0.00s
[2024-10-12T11:44:47.177+0800][info] GC(491) Pause Young (Concurrent Start) (G1 Evacuation Pause)
[2024-10-12T11:44:47.177+0800][info] GC(491) Using 3 workers of 48 for evacuation
[2024-10-12T11:44:47.179+0800][info] GC(491)   Pre Evacuate Collection Set: 0.1ms
[2024-10-12T11:44:47.179+0800][info] GC(491)   Merge Heap Roots: 0.1ms
[2024-10-12T11:44:47.179+0800][info] GC(491)   Evacuate Collection Set: 0.9ms
[2024-10-12T11:44:47.179+0800][info] GC(491)   Post Evacuate Collection Set: 0.2ms
[2024-10-12T11:44:47.179+0800][info] GC(491)   Other: 0.3ms
[2024-10-12T11:44:47.179+0800][info] GC(491) Eden regions: 2->0(2)
[2024-10-12T11:44:47.179+0800][info] GC(491) Survivor regions: 1->1(1)
[2024-10-12T11:44:47.179+0800][info] GC(491) Old regions: 48->50
[2024-10-12T11:44:47.179+0800][info] GC(491) Archive regions: 2->2
[2024-10-12T11:44:47.179+0800][info] GC(491) Humongous regions: 3->3
[2024-10-12T11:44:47.179+0800][info] GC(491) Metaspace: 1675K(1856K)->1675K(1856K) NonClass: 1550K(1664K)->1550K(1664K) Class: 124K(192K)->124K(192K)
[2024-10-12T11:44:47.179+0800][info] GC(491) Pause Young (Concurrent Start) (G1 Evacuation Pause) 107M->107M(128M) 1.692ms
[2024-10-12T11:44:47.179+0800][info] GC(491) User=0.00s Sys=0.00s Real=0.00s
[2024-10-12T11:44:47.179+0800][info] GC(492) Concurrent Mark Cycle
[2024-10-12T11:44:47.179+0800][info] GC(492) Concurrent Clear Claimed Marks
[2024-10-12T11:44:47.179+0800][info] GC(492) Concurrent Clear Claimed Marks 0.017ms
[2024-10-12T11:44:47.179+0800][info] GC(492) Concurrent Scan Root Regions
[2024-10-12T11:44:47.179+0800][info] GC(492) Concurrent Scan Root Regions 0.154ms
[2024-10-12T11:44:47.179+0800][info] GC(492) Concurrent Mark
[2024-10-12T11:44:47.179+0800][info] GC(492) Concurrent Mark From Roots
[2024-10-12T11:44:47.180+0800][info] GC(492) Using 12 workers of 12 for marking
[2024-10-12T11:44:47.183+0800][info] GC(492) Concurrent Mark From Roots 3.523ms
[2024-10-12T11:44:47.183+0800][info] GC(492) Concurrent Preclean
[2024-10-12T11:44:47.185+0800][info] GC(492) Concurrent Preclean 1.680ms
[2024-10-12T11:44:47.185+0800][info] GC(492) Pause Remark
[2024-10-12T11:44:47.186+0800][info] GC(492) Pause Remark 108M->108M(128M) 1.540ms
[2024-10-12T11:44:47.186+0800][info] GC(492) User=0.00s Sys=0.00s Real=0.01s
[2024-10-12T11:44:47.186+0800][info] GC(492) Concurrent Mark 6.979ms
[2024-10-12T11:44:47.187+0800][info] GC(492) Concurrent Rebuild Remembered Sets
[2024-10-12T11:44:47.188+0800][info] GC(492) Concurrent Rebuild Remembered Sets 1.327ms
[2024-10-12T11:44:47.188+0800][info] GC(492) Pause Cleanup
[2024-10-12T11:44:47.188+0800][info] GC(492) Pause Cleanup 108M->108M(128M) 0.282ms
[2024-10-12T11:44:47.188+0800][info] GC(492) User=0.00s Sys=0.00s Real=0.00s
[2024-10-12T11:44:47.188+0800][info] GC(492) Concurrent Cleanup for Next Mark
[2024-10-12T11:44:47.189+0800][info] GC(492) Concurrent Cleanup for Next Mark 0.338ms
[2024-10-12T11:44:47.189+0800][info] GC(492) Concurrent Mark Cycle 9.469ms
[2024-10-12T11:44:47.333+0800][info] GC(493) Pause Young (Prepare Mixed) (G1 Evacuation Pause)
[2024-10-12T11:44:47.333+0800][info] GC(493) Using 3 workers of 48 for evacuation
[2024-10-12T11:44:47.334+0800][info] GC(493)   Pre Evacuate Collection Set: 0.1ms
[2024-10-12T11:44:47.334+0800][info] GC(493)   Merge Heap Roots: 0.1ms
[2024-10-12T11:44:47.334+0800][info] GC(493)   Evacuate Collection Set: 1.0ms
[2024-10-12T11:44:47.334+0800][info] GC(493)   Post Evacuate Collection Set: 0.2ms
[2024-10-12T11:44:47.334+0800][info] GC(493)   Other: 0.2ms
[2024-10-12T11:44:47.334+0800][info] GC(493) Eden regions: 2->0(2)
[2024-10-12T11:44:47.334+0800][info] GC(493) Survivor regions: 1->1(1)
[2024-10-12T11:44:47.334+0800][info] GC(493) Old regions: 50->52
[2024-10-12T11:44:47.334+0800][info] GC(493) Archive regions: 2->2
[2024-10-12T11:44:47.334+0800][info] GC(493) Humongous regions: 3->3
[2024-10-12T11:44:47.334+0800][info] GC(493) Metaspace: 1675K(1856K)->1675K(1856K) NonClass: 1550K(1664K)->1550K(1664K) Class: 124K(192K)->124K(192K)
[2024-10-12T11:44:47.334+0800][info] GC(493) Pause Young (Prepare Mixed) (G1 Evacuation Pause) 111M->111M(128M) 1.703ms
[2024-10-12T11:44:47.334+0800][info] GC(493) User=0.00s Sys=0.00s Real=0.01s
[2024-10-12T11:44:47.396+0800][info] GC(494) Pause Young (Mixed) (G1 Preventive Collection)
[2024-10-12T11:44:47.396+0800][info] GC(494) Using 3 workers of 48 for evacuation
[2024-10-12T11:44:47.399+0800][info] GC(494)   Pre Evacuate Collection Set: 0.2ms
[2024-10-12T11:44:47.399+0800][info] GC(494)   Merge Heap Roots: 0.1ms
[2024-10-12T11:44:47.399+0800][info] GC(494)   Evacuate Collection Set: 2.3ms
[2024-10-12T11:44:47.399+0800][info] GC(494)   Post Evacuate Collection Set: 0.2ms
[2024-10-12T11:44:47.399+0800][info] GC(494)   Other: 0.2ms
[2024-10-12T11:44:47.399+0800][info] GC(494) Eden regions: 1->0(2)
[2024-10-12T11:44:47.399+0800][info] GC(494) Survivor regions: 1->1(1)
[2024-10-12T11:44:47.399+0800][info] GC(494) Old regions: 52->47
[2024-10-12T11:44:47.399+0800][info] GC(494) Archive regions: 2->2
[2024-10-12T11:44:47.399+0800][info] GC(494) Humongous regions: 3->3
[2024-10-12T11:44:47.399+0800][info] GC(494) Metaspace: 1675K(1856K)->1675K(1856K) NonClass: 1550K(1664K)->1550K(1664K) Class: 124K(192K)->124K(192K)
[2024-10-12T11:44:47.399+0800][info] GC(494) Pause Young (Mixed) (G1 Preventive Collection) 113M->101M(128M) 3.044ms
[2024-10-12T11:44:47.399+0800][info] GC(494) User=0.01s Sys=0.00s Real=0.00s
[2024-10-12T11:44:47.502+0800][info] GC(495) Pause Young (Mixed) (G1 Evacuation Pause)
[2024-10-12T11:44:47.502+0800][info] GC(495) Using 3 workers of 48 for evacuation
[2024-10-12T11:44:47.506+0800][info] GC(495)   Pre Evacuate Collection Set: 0.2ms
[2024-10-12T11:44:47.506+0800][info] GC(495)   Merge Heap Roots: 0.1ms
[2024-10-12T11:44:47.506+0800][info] GC(495)   Evacuate Collection Set: 3.4ms
[2024-10-12T11:44:47.506+0800][info] GC(495)   Post Evacuate Collection Set: 0.3ms
[2024-10-12T11:44:47.506+0800][info] GC(495)   Other: 0.1ms
[2024-10-12T11:44:47.506+0800][info] GC(495) Eden regions: 2->0(2)
[2024-10-12T11:44:47.506+0800][info] GC(495) Survivor regions: 1->1(1)
[2024-10-12T11:44:47.506+0800][info] GC(495) Old regions: 47->46
[2024-10-12T11:44:47.506+0800][info] GC(495) Archive regions: 2->2
[2024-10-12T11:44:47.506+0800][info] GC(495) Humongous regions: 4->3
[2024-10-12T11:44:47.506+0800][info] GC(495) Metaspace: 1675K(1856K)->1675K(1856K) NonClass: 1550K(1664K)->1550K(1664K) Class: 124K(192K)->124K(192K)
[2024-10-12T11:44:47.506+0800][info] GC(495) Pause Young (Mixed) (G1 Evacuation Pause) 107M->100M(128M) 4.164ms
[2024-10-12T11:44:47.506+0800][info] GC(495) User=0.01s Sys=0.00s Real=0.01s
[2024-10-12T11:44:47.609+0800][info] GC(496) Pause Young (Mixed) (G1 Evacuation Pause)
[2024-10-12T11:44:47.609+0800][info] GC(496) Using 3 workers of 48 for evacuation
[2024-10-12T11:44:47.614+0800][info] GC(496)   Pre Evacuate Collection Set: 0.2ms
[2024-10-12T11:44:47.614+0800][info] GC(496)   Merge Heap Roots: 0.1ms
[2024-10-12T11:44:47.614+0800][info] GC(496)   Evacuate Collection Set: 5.1ms
[2024-10-12T11:44:47.614+0800][info] GC(496)   Post Evacuate Collection Set: 0.3ms
[2024-10-12T11:44:47.614+0800][info] GC(496)   Other: 0.1ms
[2024-10-12T11:44:47.614+0800][info] GC(496) Eden regions: 2->0(2)
[2024-10-12T11:44:47.614+0800][info] GC(496) Survivor regions: 1->1(1)
[2024-10-12T11:44:47.614+0800][info] GC(496) Old regions: 46->45
[2024-10-12T11:44:47.614+0800][info] GC(496) Archive regions: 2->2
[2024-10-12T11:44:47.614+0800][info] GC(496) Humongous regions: 3->3
[2024-10-12T11:44:47.614+0800][info] GC(496) Metaspace: 1675K(1856K)->1675K(1856K) NonClass: 1550K(1664K)->1550K(1664K) Class: 124K(192K)->124K(192K)
[2024-10-12T11:44:47.614+0800][info] GC(496) Pause Young (Mixed) (G1 Evacuation Pause) 103M->98M(128M) 5.927ms
[2024-10-12T11:44:47.614+0800][info] GC(496) User=0.01s Sys=0.00s Real=0.01s
[2024-10-12T11:44:47.717+0800][info] GC(497) Pause Young (Mixed) (G1 Evacuation Pause)
[2024-10-12T11:44:47.717+0800][info] GC(497) Using 3 workers of 48 for evacuation
[2024-10-12T11:44:47.721+0800][info] GC(497)   Pre Evacuate Collection Set: 0.2ms
[2024-10-12T11:44:47.721+0800][info] GC(497)   Merge Heap Roots: 0.1ms
[2024-10-12T11:44:47.721+0800][info] GC(497)   Evacuate Collection Set: 3.6ms
[2024-10-12T11:44:47.721+0800][info] GC(497)   Post Evacuate Collection Set: 0.3ms
[2024-10-12T11:44:47.721+0800][info] GC(497)   Other: 0.1ms
[2024-10-12T11:44:47.721+0800][info] GC(497) Eden regions: 2->0(2)
[2024-10-12T11:44:47.721+0800][info] GC(497) Survivor regions: 1->1(1)
[2024-10-12T11:44:47.721+0800][info] GC(497) Old regions: 45->44
[2024-10-12T11:44:47.721+0800][info] GC(497) Archive regions: 2->2
[2024-10-12T11:44:47.721+0800][info] GC(497) Humongous regions: 3->3
[2024-10-12T11:44:47.721+0800][info] GC(497) Metaspace: 1675K(1856K)->1675K(1856K) NonClass: 1550K(1664K)->1550K(1664K) Class: 124K(192K)->124K(192K)
[2024-10-12T11:44:47.721+0800][info] GC(497) Pause Young (Mixed) (G1 Evacuation Pause) 101M->97M(128M) 4.475ms
[2024-10-12T11:44:47.721+0800][info] GC(497) User=0.02s Sys=0.00s Real=0.00s
[2024-10-12T11:44:47.823+0800][info] GC(498) Pause Young (Mixed) (G1 Evacuation Pause)
[2024-10-12T11:44:47.824+0800][info] GC(498) Using 3 workers of 48 for evacuation
[2024-10-12T11:44:47.828+0800][info] GC(498)   Pre Evacuate Collection Set: 0.2ms
[2024-10-12T11:44:47.828+0800][info] GC(498)   Merge Heap Roots: 0.1ms
[2024-10-12T11:44:47.828+0800][info] GC(498)   Evacuate Collection Set: 3.6ms
[2024-10-12T11:44:47.828+0800][info] GC(498)   Post Evacuate Collection Set: 0.3ms
[2024-10-12T11:44:47.828+0800][info] GC(498)   Other: 0.1ms
[2024-10-12T11:44:47.828+0800][info] GC(498) Eden regions: 2->0(2)
[2024-10-12T11:44:47.828+0800][info] GC(498) Survivor regions: 1->1(1)
[2024-10-12T11:44:47.828+0800][info] GC(498) Old regions: 44->44
[2024-10-12T11:44:47.828+0800][info] GC(498) Archive regions: 2->2
[2024-10-12T11:44:47.828+0800][info] GC(498) Humongous regions: 3->3
[2024-10-12T11:44:47.828+0800][info] GC(498) Metaspace: 1675K(1856K)->1675K(1856K) NonClass: 1550K(1664K)->1550K(1664K) Class: 124K(192K)->124K(192K)
[2024-10-12T11:44:47.828+0800][info] GC(498) Pause Young (Mixed) (G1 Evacuation Pause) 100M->97M(128M) 4.352ms
[2024-10-12T11:44:47.828+0800][info] GC(498) User=0.01s Sys=0.00s Real=0.01s
[2024-10-12T11:44:47.933+0800][info] GC(499) Pause Young (Normal) (G1 Evacuation Pause)
[2024-10-12T11:44:47.933+0800][info] GC(499) Using 3 workers of 48 for evacuation
[2024-10-12T11:44:47.935+0800][info] GC(499)   Pre Evacuate Collection Set: 0.3ms
[2024-10-12T11:44:47.935+0800][info] GC(499)   Merge Heap Roots: 0.1ms
[2024-10-12T11:44:47.935+0800][info] GC(499)   Evacuate Collection Set: 1.0ms
[2024-10-12T11:44:47.935+0800][info] GC(499)   Post Evacuate Collection Set: 0.3ms
[2024-10-12T11:44:47.935+0800][info] GC(499)   Other: 0.3ms
[2024-10-12T11:44:47.935+0800][info] GC(499) Eden regions: 2->0(2)
[2024-10-12T11:44:47.935+0800][info] GC(499) Survivor regions: 1->1(1)
[2024-10-12T11:44:47.935+0800][info] GC(499) Old regions: 44->46
[2024-10-12T11:44:47.935+0800][info] GC(499) Archive regions: 2->2
[2024-10-12T11:44:47.935+0800][info] GC(499) Humongous regions: 3->3
[2024-10-12T11:44:47.935+0800][info] GC(499) Metaspace: 1675K(1856K)->1675K(1856K) NonClass: 1550K(1664K)->1550K(1664K) Class: 124K(192K)->124K(192K)
[2024-10-12T11:44:47.935+0800][info] GC(499) Pause Young (Normal) (G1 Evacuation Pause) 100M->100M(128M) 2.045ms
[2024-10-12T11:44:47.935+0800][info] GC(499) User=0.00s Sys=0.00s Real=0.00s
[2024-10-12T11:44:48.038+0800][info] GC(500) Pause Young (Normal) (G1 Evacuation Pause)
[2024-10-12T11:44:48.038+0800][info] GC(500) Using 3 workers of 48 for evacuation
[2024-10-12T11:44:48.039+0800][info] GC(500)   Pre Evacuate Collection Set: 0.1ms
[2024-10-12T11:44:48.039+0800][info] GC(500)   Merge Heap Roots: 0.1ms
[2024-10-12T11:44:48.039+0800][info] GC(500)   Evacuate Collection Set: 1.1ms
[2024-10-12T11:44:48.039+0800][info] GC(500)   Post Evacuate Collection Set: 0.2ms
[2024-10-12T11:44:48.039+0800][info] GC(500)   Other: 0.2ms
[2024-10-12T11:44:48.039+0800][info] GC(500) Eden regions: 2->0(2)
[2024-10-12T11:44:48.039+0800][info] GC(500) Survivor regions: 1->1(1)
[2024-10-12T11:44:48.039+0800][info] GC(500) Old regions: 46->48
[2024-10-12T11:44:48.039+0800][info] GC(500) Archive regions: 2->2
[2024-10-12T11:44:48.039+0800][info] GC(500) Humongous regions: 3->3
[2024-10-12T11:44:48.039+0800][info] GC(500) Metaspace: 1675K(1856K)->1675K(1856K) NonClass: 1550K(1664K)->1550K(1664K) Class: 124K(192K)->124K(192K)
[2024-10-12T11:44:48.039+0800][info] GC(500) Pause Young (Normal) (G1 Evacuation Pause) 104M->104M(128M) 1.772ms
[2024-10-12T11:44:48.039+0800][info] GC(500) User=0.01s Sys=0.00s Real=0.00s
[2024-10-12T11:44:48.142+0800][info] GC(501) Pause Young (Concurrent Start) (G1 Evacuation Pause)
[2024-10-12T11:44:48.142+0800][info] GC(501) Using 3 workers of 48 for evacuation
[2024-10-12T11:44:48.145+0800][info] GC(501)   Pre Evacuate Collection Set: 0.1ms
[2024-10-12T11:44:48.145+0800][info] GC(501)   Merge Heap Roots: 0.1ms
[2024-10-12T11:44:48.145+0800][info] GC(501)   Evacuate Collection Set: 1.3ms
[2024-10-12T11:44:48.145+0800][info] GC(501)   Post Evacuate Collection Set: 0.2ms
[2024-10-12T11:44:48.145+0800][info] GC(501)   Other: 1.1ms
[2024-10-12T11:44:48.145+0800][info] GC(501) Eden regions: 2->0(2)
[2024-10-12T11:44:48.145+0800][info] GC(501) Survivor regions: 1->1(1)
[2024-10-12T11:44:48.145+0800][info] GC(501) Old regions: 48->50
[2024-10-12T11:44:48.145+0800][info] GC(501) Archive regions: 2->2
[2024-10-12T11:44:48.145+0800][info] GC(501) Humongous regions: 3->3
[2024-10-12T11:44:48.145+0800][info] GC(501) Metaspace: 1675K(1856K)->1675K(1856K) NonClass: 1550K(1664K)->1550K(1664K) Class: 124K(192K)->124K(192K)
[2024-10-12T11:44:48.145+0800][info] GC(501) Pause Young (Concurrent Start) (G1 Evacuation Pause) 108M->108M(128M) 3.000ms
[2024-10-12T11:44:48.145+0800][info] GC(501) User=0.00s Sys=0.00s Real=0.00s
[2024-10-12T11:44:48.145+0800][info] GC(502) Concurrent Mark Cycle
[2024-10-12T11:44:48.145+0800][info] GC(502) Concurrent Clear Claimed Marks
[2024-10-12T11:44:48.145+0800][info] GC(502) Concurrent Clear Claimed Marks 0.017ms
[2024-10-12T11:44:48.145+0800][info] GC(502) Concurrent Scan Root Regions
[2024-10-12T11:44:48.145+0800][info] GC(502) Concurrent Scan Root Regions 0.216ms
[2024-10-12T11:44:48.145+0800][info] GC(502) Concurrent Mark
[2024-10-12T11:44:48.145+0800][info] GC(502) Concurrent Mark From Roots
[2024-10-12T11:44:48.145+0800][info] GC(502) Using 12 workers of 12 for marking
[2024-10-12T11:44:48.149+0800][info] GC(502) Concurrent Mark From Roots 3.534ms
[2024-10-12T11:44:48.149+0800][info] GC(502) Concurrent Preclean
[2024-10-12T11:44:48.151+0800][info] GC(502) Concurrent Preclean 1.689ms
[2024-10-12T11:44:48.151+0800][info] GC(502) Pause Remark
[2024-10-12T11:44:48.154+0800][info] GC(502) Pause Remark 109M->109M(128M) 2.742ms
[2024-10-12T11:44:48.154+0800][info] GC(502) User=0.01s Sys=0.00s Real=0.01s
[2024-10-12T11:44:48.154+0800][info] GC(502) Concurrent Mark 8.330ms
[2024-10-12T11:44:48.154+0800][info] GC(502) Concurrent Rebuild Remembered Sets
[2024-10-12T11:44:48.155+0800][info] GC(502) Concurrent Rebuild Remembered Sets 1.235ms
[2024-10-12T11:44:48.155+0800][info] GC(502) Pause Cleanup
[2024-10-12T11:44:48.155+0800][info] GC(502) Pause Cleanup 109M->109M(128M) 0.202ms
[2024-10-12T11:44:48.155+0800][info] GC(502) User=0.00s Sys=0.00s Real=0.00s
[2024-10-12T11:44:48.155+0800][info] GC(502) Concurrent Cleanup for Next Mark
[2024-10-12T11:44:48.157+0800][info] GC(502) Concurrent Cleanup for Next Mark 1.729ms
[2024-10-12T11:44:48.157+0800][info] GC(502) Concurrent Mark Cycle 12.132ms
[2024-10-12T11:44:48.298+0800][info] GC(503) Pause Young (Prepare Mixed) (G1 Evacuation Pause)
[2024-10-12T11:44:48.298+0800][info] GC(503) Using 3 workers of 48 for evacuation
[2024-10-12T11:44:48.300+0800][info] GC(503)   Pre Evacuate Collection Set: 0.1ms
[2024-10-12T11:44:48.300+0800][info] GC(503)   Merge Heap Roots: 0.1ms
[2024-10-12T11:44:48.300+0800][info] GC(503)   Evacuate Collection Set: 1.0ms
[2024-10-12T11:44:48.300+0800][info] GC(503)   Post Evacuate Collection Set: 0.2ms
[2024-10-12T11:44:48.300+0800][info] GC(503)   Other: 0.2ms
[2024-10-12T11:44:48.300+0800][info] GC(503) Eden regions: 2->0(2)
[2024-10-12T11:44:48.300+0800][info] GC(503) Survivor regions: 1->1(1)
[2024-10-12T11:44:48.300+0800][info] GC(503) Old regions: 50->52
[2024-10-12T11:44:48.300+0800][info] GC(503) Archive regions: 2->2
[2024-10-12T11:44:48.300+0800][info] GC(503) Humongous regions: 3->3
[2024-10-12T11:44:48.300+0800][info] GC(503) Metaspace: 1675K(1856K)->1675K(1856K) NonClass: 1550K(1664K)->1550K(1664K) Class: 124K(192K)->124K(192K)
[2024-10-12T11:44:48.300+0800][info] GC(503) Pause Young (Prepare Mixed) (G1 Evacuation Pause) 112M->112M(128M) 1.719ms
[2024-10-12T11:44:48.300+0800][info] GC(503) User=0.00s Sys=0.00s Real=0.00s
[2024-10-12T11:44:48.361+0800][info] GC(504) Pause Young (Mixed) (G1 Preventive Collection)
[2024-10-12T11:44:48.361+0800][info] GC(504) Using 3 workers of 48 for evacuation
[2024-10-12T11:44:48.364+0800][info] GC(504)   Pre Evacuate Collection Set: 0.2ms
[2024-10-12T11:44:48.364+0800][info] GC(504)   Merge Heap Roots: 0.1ms
[2024-10-12T11:44:48.364+0800][info] GC(504)   Evacuate Collection Set: 1.7ms
[2024-10-12T11:44:48.364+0800][info] GC(504)   Post Evacuate Collection Set: 0.3ms
[2024-10-12T11:44:48.364+0800][info] GC(504)   Other: 0.3ms
[2024-10-12T11:44:48.364+0800][info] GC(504) Eden regions: 1->0(2)
[2024-10-12T11:44:48.364+0800][info] GC(504) Survivor regions: 1->1(1)
[2024-10-12T11:44:48.364+0800][info] GC(504) Old regions: 52->47
[2024-10-12T11:44:48.364+0800][info] GC(504) Archive regions: 2->2
[2024-10-12T11:44:48.364+0800][info] GC(504) Humongous regions: 3->3
[2024-10-12T11:44:48.364+0800][info] GC(504) Metaspace: 1675K(1856K)->1675K(1856K) NonClass: 1550K(1664K)->1550K(1664K) Class: 124K(192K)->124K(192K)
[2024-10-12T11:44:48.364+0800][info] GC(504) Pause Young (Mixed) (G1 Preventive Collection) 114M->103M(128M) 2.649ms
[2024-10-12T11:44:48.364+0800][info] GC(504) User=0.01s Sys=0.01s Real=0.00s
[2024-10-12T11:44:48.467+0800][info] GC(505) Pause Young (Mixed) (G1 Evacuation Pause)
[2024-10-12T11:44:48.467+0800][info] GC(505) Using 3 workers of 48 for evacuation
[2024-10-12T11:44:48.470+0800][info] GC(505)   Pre Evacuate Collection Set: 0.2ms
[2024-10-12T11:44:48.470+0800][info] GC(505)   Merge Heap Roots: 0.1ms
[2024-10-12T11:44:48.470+0800][info] GC(505)   Evacuate Collection Set: 2.7ms
[2024-10-12T11:44:48.470+0800][info] GC(505)   Post Evacuate Collection Set: 0.3ms
[2024-10-12T11:44:48.470+0800][info] GC(505)   Other: 0.1ms
[2024-10-12T11:44:48.470+0800][info] GC(505) Eden regions: 2->0(2)
[2024-10-12T11:44:48.470+0800][info] GC(505) Survivor regions: 1->1(1)
[2024-10-12T11:44:48.470+0800][info] GC(505) Old regions: 47->46
[2024-10-12T11:44:48.470+0800][info] GC(505) Archive regions: 2->2
[2024-10-12T11:44:48.470+0800][info] GC(505) Humongous regions: 3->3
[2024-10-12T11:44:48.470+0800][info] GC(505) Metaspace: 1675K(1856K)->1675K(1856K) NonClass: 1550K(1664K)->1550K(1664K) Class: 124K(192K)->124K(192K)
[2024-10-12T11:44:48.470+0800][info] GC(505) Pause Young (Mixed) (G1 Evacuation Pause) 106M->101M(128M) 3.609ms
[2024-10-12T11:44:48.470+0800][info] GC(505) User=0.01s Sys=0.00s Real=0.00s
[2024-10-12T11:44:48.572+0800][info] GC(506) Pause Young (Mixed) (G1 Evacuation Pause)
[2024-10-12T11:44:48.572+0800][info] GC(506) Using 3 workers of 48 for evacuation
[2024-10-12T11:44:48.576+0800][info] GC(506)   Pre Evacuate Collection Set: 0.2ms
[2024-10-12T11:44:48.576+0800][info] GC(506)   Merge Heap Roots: 0.1ms
[2024-10-12T11:44:48.576+0800][info] GC(506)   Evacuate Collection Set: 3.0ms
[2024-10-12T11:44:48.576+0800][info] GC(506)   Post Evacuate Collection Set: 0.3ms
[2024-10-12T11:44:48.576+0800][info] GC(506)   Other: 0.2ms
[2024-10-12T11:44:48.576+0800][info] GC(506) Eden regions: 2->0(2)
[2024-10-12T11:44:48.576+0800][info] GC(506) Survivor regions: 1->1(1)
[2024-10-12T11:44:48.576+0800][info] GC(506) Old regions: 46->46
[2024-10-12T11:44:48.576+0800][info] GC(506) Archive regions: 2->2
[2024-10-12T11:44:48.576+0800][info] GC(506) Humongous regions: 3->3
[2024-10-12T11:44:48.576+0800][info] GC(506) Metaspace: 1675K(1856K)->1675K(1856K) NonClass: 1550K(1664K)->1550K(1664K) Class: 124K(192K)->124K(192K)
[2024-10-12T11:44:48.576+0800][info] GC(506) Pause Young (Mixed) (G1 Evacuation Pause) 104M->100M(128M) 3.793ms
[2024-10-12T11:44:48.576+0800][info] GC(506) User=0.01s Sys=0.00s Real=0.01s
[2024-10-12T11:44:48.679+0800][info] GC(507) Pause Young (Mixed) (G1 Evacuation Pause)
[2024-10-12T11:44:48.679+0800][info] GC(507) Using 3 workers of 48 for evacuation
[2024-10-12T11:44:48.683+0800][info] GC(507)   Pre Evacuate Collection Set: 0.1ms
[2024-10-12T11:44:48.683+0800][info] GC(507)   Merge Heap Roots: 0.1ms
[2024-10-12T11:44:48.683+0800][info] GC(507)   Evacuate Collection Set: 3.6ms
[2024-10-12T11:44:48.683+0800][info] GC(507)   Post Evacuate Collection Set: 0.3ms
[2024-10-12T11:44:48.683+0800][info] GC(507)   Other: 0.1ms
[2024-10-12T11:44:48.683+0800][info] GC(507) Eden regions: 2->0(2)
[2024-10-12T11:44:48.683+0800][info] GC(507) Survivor regions: 1->1(1)
[2024-10-12T11:44:48.683+0800][info] GC(507) Old regions: 46->45
[2024-10-12T11:44:48.683+0800][info] GC(507) Archive regions: 2->2
[2024-10-12T11:44:48.683+0800][info] GC(507) Humongous regions: 3->3
[2024-10-12T11:44:48.683+0800][info] GC(507) Metaspace: 1675K(1856K)->1675K(1856K) NonClass: 1550K(1664K)->1550K(1664K) Class: 124K(192K)->124K(192K)
[2024-10-12T11:44:48.683+0800][info] GC(507) Pause Young (Mixed) (G1 Evacuation Pause) 103M->98M(128M) 4.361ms
[2024-10-12T11:44:48.683+0800][info] GC(507) User=0.01s Sys=0.00s Real=0.00s
[2024-10-12T11:44:48.785+0800][info] GC(508) Pause Young (Mixed) (G1 Evacuation Pause)
[2024-10-12T11:44:48.785+0800][info] GC(508) Using 3 workers of 48 for evacuation
[2024-10-12T11:44:48.790+0800][info] GC(508)   Pre Evacuate Collection Set: 0.1ms
[2024-10-12T11:44:48.790+0800][info] GC(508)   Merge Heap Roots: 0.1ms
[2024-10-12T11:44:48.790+0800][info] GC(508)   Evacuate Collection Set: 4.1ms
[2024-10-12T11:44:48.790+0800][info] GC(508)   Post Evacuate Collection Set: 0.3ms
[2024-10-12T11:44:48.790+0800][info] GC(508)   Other: 0.1ms
[2024-10-12T11:44:48.790+0800][info] GC(508) Eden regions: 2->0(2)
[2024-10-12T11:44:48.790+0800][info] GC(508) Survivor regions: 1->1(1)
[2024-10-12T11:44:48.790+0800][info] GC(508) Old regions: 45->45
[2024-10-12T11:44:48.790+0800][info] GC(508) Archive regions: 2->2
[2024-10-12T11:44:48.790+0800][info] GC(508) Humongous regions: 3->3
[2024-10-12T11:44:48.790+0800][info] GC(508) Metaspace: 1675K(1856K)->1675K(1856K) NonClass: 1550K(1664K)->1550K(1664K) Class: 124K(192K)->124K(192K)
[2024-10-12T11:44:48.790+0800][info] GC(508) Pause Young (Mixed) (G1 Evacuation Pause) 101M->98M(128M) 4.902ms
[2024-10-12T11:44:48.790+0800][info] GC(508) User=0.01s Sys=0.00s Real=0.00s
[2024-10-12T11:44:48.893+0800][info] GC(509) Pause Young (Normal) (G1 Evacuation Pause)
[2024-10-12T11:44:48.893+0800][info] GC(509) Using 3 workers of 48 for evacuation
[2024-10-12T11:44:48.894+0800][info] GC(509)   Pre Evacuate Collection Set: 0.1ms
[2024-10-12T11:44:48.894+0800][info] GC(509)   Merge Heap Roots: 0.1ms
[2024-10-12T11:44:48.894+0800][info] GC(509)   Evacuate Collection Set: 1.0ms
[2024-10-12T11:44:48.894+0800][info] GC(509)   Post Evacuate Collection Set: 0.2ms
[2024-10-12T11:44:48.894+0800][info] GC(509)   Other: 0.2ms
[2024-10-12T11:44:48.894+0800][info] GC(509) Eden regions: 2->0(2)
[2024-10-12T11:44:48.894+0800][info] GC(509) Survivor regions: 1->1(1)
[2024-10-12T11:44:48.894+0800][info] GC(509) Old regions: 45->47
[2024-10-12T11:44:48.894+0800][info] GC(509) Archive regions: 2->2
[2024-10-12T11:44:48.894+0800][info] GC(509) Humongous regions: 3->3
[2024-10-12T11:44:48.894+0800][info] GC(509) Metaspace: 1675K(1856K)->1675K(1856K) NonClass: 1550K(1664K)->1550K(1664K) Class: 124K(192K)->124K(192K)
[2024-10-12T11:44:48.894+0800][info] GC(509) Pause Young (Normal) (G1 Evacuation Pause) 101M->102M(128M) 1.668ms
[2024-10-12T11:44:48.894+0800][info] GC(509) User=0.01s Sys=0.00s Real=0.01s
[2024-10-12T11:44:48.997+0800][info] GC(510) Pause Young (Normal) (G1 Evacuation Pause)
[2024-10-12T11:44:48.997+0800][info] GC(510) Using 3 workers of 48 for evacuation
[2024-10-12T11:44:48.998+0800][info] GC(510)   Pre Evacuate Collection Set: 0.1ms
[2024-10-12T11:44:48.998+0800][info] GC(510)   Merge Heap Roots: 0.1ms
[2024-10-12T11:44:48.998+0800][info] GC(510)   Evacuate Collection Set: 0.9ms
[2024-10-12T11:44:48.998+0800][info] GC(510)   Post Evacuate Collection Set: 0.2ms
[2024-10-12T11:44:48.998+0800][info] GC(510)   Other: 0.2ms
[2024-10-12T11:44:48.998+0800][info] GC(510) Eden regions: 2->0(2)
[2024-10-12T11:44:48.998+0800][info] GC(510) Survivor regions: 1->1(1)
[2024-10-12T11:44:48.998+0800][info] GC(510) Old regions: 47->49
[2024-10-12T11:44:48.998+0800][info] GC(510) Archive regions: 2->2
[2024-10-12T11:44:48.998+0800][info] GC(510) Humongous regions: 3->3
[2024-10-12T11:44:48.998+0800][info] GC(510) Metaspace: 1675K(1856K)->1675K(1856K) NonClass: 1550K(1664K)->1550K(1664K) Class: 124K(192K)->124K(192K)
[2024-10-12T11:44:48.998+0800][info] GC(510) Pause Young (Normal) (G1 Evacuation Pause) 105M->106M(128M) 1.642ms
[2024-10-12T11:44:48.998+0800][info] GC(510) User=0.00s Sys=0.00s Real=0.00s
[2024-10-12T11:44:49.101+0800][info] GC(511) Pause Young (Concurrent Start) (G1 Evacuation Pause)
[2024-10-12T11:44:49.101+0800][info] GC(511) Using 3 workers of 48 for evacuation
[2024-10-12T11:44:49.102+0800][info] GC(511)   Pre Evacuate Collection Set: 0.1ms
[2024-10-12T11:44:49.102+0800][info] GC(511)   Merge Heap Roots: 0.1ms
[2024-10-12T11:44:49.102+0800][info] GC(511)   Evacuate Collection Set: 0.9ms
[2024-10-12T11:44:49.102+0800][info] GC(511)   Post Evacuate Collection Set: 0.2ms
[2024-10-12T11:44:49.102+0800][info] GC(511)   Other: 0.3ms
[2024-10-12T11:44:49.102+0800][info] GC(511) Eden regions: 2->0(2)
[2024-10-12T11:44:49.102+0800][info] GC(511) Survivor regions: 1->1(1)
[2024-10-12T11:44:49.102+0800][info] GC(511) Old regions: 49->50
[2024-10-12T11:44:49.102+0800][info] GC(511) Archive regions: 2->2
[2024-10-12T11:44:49.102+0800][info] GC(511) Humongous regions: 3->3
[2024-10-12T11:44:49.102+0800][info] GC(511) Metaspace: 1675K(1856K)->1675K(1856K) NonClass: 1550K(1664K)->1550K(1664K) Class: 124K(192K)->124K(192K)
[2024-10-12T11:44:49.102+0800][info] GC(511) Pause Young (Concurrent Start) (G1 Evacuation Pause) 109M->109M(128M) 1.692ms
[2024-10-12T11:44:49.102+0800][info] GC(511) User=0.00s Sys=0.00s Real=0.00s
[2024-10-12T11:44:49.102+0800][info] GC(512) Concurrent Mark Cycle
[2024-10-12T11:44:49.102+0800][info] GC(512) Concurrent Clear Claimed Marks
[2024-10-12T11:44:49.102+0800][info] GC(512) Concurrent Clear Claimed Marks 0.017ms
[2024-10-12T11:44:49.102+0800][info] GC(512) Concurrent Scan Root Regions
[2024-10-12T11:44:49.103+0800][info] GC(512) Concurrent Scan Root Regions 0.151ms
[2024-10-12T11:44:49.103+0800][info] GC(512) Concurrent Mark
[2024-10-12T11:44:49.103+0800][info] GC(512) Concurrent Mark From Roots
[2024-10-12T11:44:49.103+0800][info] GC(512) Using 12 workers of 12 for marking
[2024-10-12T11:44:49.106+0800][info] GC(512) Concurrent Mark From Roots 3.679ms
[2024-10-12T11:44:49.106+0800][info] GC(512) Concurrent Preclean
[2024-10-12T11:44:49.108+0800][info] GC(512) Concurrent Preclean 1.673ms
[2024-10-12T11:44:49.108+0800][info] GC(512) Pause Remark
[2024-10-12T11:44:49.110+0800][info] GC(512) Pause Remark 109M->109M(128M) 1.600ms
[2024-10-12T11:44:49.110+0800][info] GC(512) User=0.01s Sys=0.00s Real=0.00s
[2024-10-12T11:44:49.110+0800][info] GC(512) Concurrent Mark 7.261ms
[2024-10-12T11:44:49.110+0800][info] GC(512) Concurrent Rebuild Remembered Sets
[2024-10-12T11:44:49.111+0800][info] GC(512) Concurrent Rebuild Remembered Sets 1.247ms
[2024-10-12T11:44:49.111+0800][info] GC(512) Pause Cleanup
[2024-10-12T11:44:49.112+0800][info] GC(512) Pause Cleanup 109M->109M(128M) 0.255ms
[2024-10-12T11:44:49.112+0800][info] GC(512) User=0.00s Sys=0.00s Real=0.00s
[2024-10-12T11:44:49.112+0800][info] GC(512) Concurrent Cleanup for Next Mark
[2024-10-12T11:44:49.112+0800][info] GC(512) Concurrent Cleanup for Next Mark 0.732ms
[2024-10-12T11:44:49.113+0800][info] GC(512) Concurrent Mark Cycle 10.102ms
[2024-10-12T11:44:49.255+0800][info] GC(513) Pause Young (Prepare Mixed) (G1 Evacuation Pause)
[2024-10-12T11:44:49.255+0800][info] GC(513) Using 3 workers of 48 for evacuation
[2024-10-12T11:44:49.257+0800][info] GC(513)   Pre Evacuate Collection Set: 0.1ms
[2024-10-12T11:44:49.257+0800][info] GC(513)   Merge Heap Roots: 0.1ms
[2024-10-12T11:44:49.257+0800][info] GC(513)   Evacuate Collection Set: 1.2ms
[2024-10-12T11:44:49.257+0800][info] GC(513)   Post Evacuate Collection Set: 0.2ms
[2024-10-12T11:44:49.257+0800][info] GC(513)   Other: 0.3ms
[2024-10-12T11:44:49.257+0800][info] GC(513) Eden regions: 2->0(2)
[2024-10-12T11:44:49.257+0800][info] GC(513) Survivor regions: 1->1(1)
[2024-10-12T11:44:49.257+0800][info] GC(513) Old regions: 50->52
[2024-10-12T11:44:49.257+0800][info] GC(513) Archive regions: 2->2
[2024-10-12T11:44:49.257+0800][info] GC(513) Humongous regions: 3->3
[2024-10-12T11:44:49.257+0800][info] GC(513) Metaspace: 1675K(1856K)->1675K(1856K) NonClass: 1550K(1664K)->1550K(1664K) Class: 124K(192K)->124K(192K)
[2024-10-12T11:44:49.257+0800][info] GC(513) Pause Young (Prepare Mixed) (G1 Evacuation Pause) 112M->113M(128M) 1.994ms
[2024-10-12T11:44:49.257+0800][info] GC(513) User=0.00s Sys=0.00s Real=0.00s
[2024-10-12T11:44:49.319+0800][info] GC(514) Pause Young (Mixed) (G1 Preventive Collection)
[2024-10-12T11:44:49.319+0800][info] GC(514) Using 3 workers of 48 for evacuation
[2024-10-12T11:44:49.322+0800][info] GC(514)   Pre Evacuate Collection Set: 0.2ms
[2024-10-12T11:44:49.322+0800][info] GC(514)   Merge Heap Roots: 0.1ms
[2024-10-12T11:44:49.322+0800][info] GC(514)   Evacuate Collection Set: 1.8ms
[2024-10-12T11:44:49.322+0800][info] GC(514)   Post Evacuate Collection Set: 0.2ms
[2024-10-12T11:44:49.322+0800][info] GC(514)   Other: 0.2ms
[2024-10-12T11:44:49.322+0800][info] GC(514) Eden regions: 1->0(2)
[2024-10-12T11:44:49.322+0800][info] GC(514) Survivor regions: 1->1(1)
[2024-10-12T11:44:49.322+0800][info] GC(514) Old regions: 52->48
[2024-10-12T11:44:49.322+0800][info] GC(514) Archive regions: 2->2
[2024-10-12T11:44:49.322+0800][info] GC(514) Humongous regions: 3->3
[2024-10-12T11:44:49.322+0800][info] GC(514) Metaspace: 1675K(1856K)->1675K(1856K) NonClass: 1550K(1664K)->1550K(1664K) Class: 124K(192K)->124K(192K)
[2024-10-12T11:44:49.322+0800][info] GC(514) Pause Young (Mixed) (G1 Preventive Collection) 115M->104M(128M) 2.598ms
[2024-10-12T11:44:49.322+0800][info] GC(514) User=0.01s Sys=0.00s Real=0.00s
[2024-10-12T11:44:49.424+0800][info] GC(515) Pause Young (Mixed) (G1 Preventive Collection)
[2024-10-12T11:44:49.424+0800][info] GC(515) Using 3 workers of 48 for evacuation
[2024-10-12T11:44:49.427+0800][info] GC(515)   Pre Evacuate Collection Set: 0.1ms
[2024-10-12T11:44:49.427+0800][info] GC(515)   Merge Heap Roots: 0.1ms
[2024-10-12T11:44:49.427+0800][info] GC(515)   Evacuate Collection Set: 2.6ms
[2024-10-12T11:44:49.427+0800][info] GC(515)   Post Evacuate Collection Set: 0.3ms
[2024-10-12T11:44:49.427+0800][info] GC(515)   Other: 0.2ms
[2024-10-12T11:44:49.427+0800][info] GC(515) Eden regions: 2->0(2)
[2024-10-12T11:44:49.427+0800][info] GC(515) Survivor regions: 1->1(1)
[2024-10-12T11:44:49.427+0800][info] GC(515) Old regions: 48->46
[2024-10-12T11:44:49.427+0800][info] GC(515) Archive regions: 2->2
[2024-10-12T11:44:49.427+0800][info] GC(515) Humongous regions: 3->3
[2024-10-12T11:44:49.427+0800][info] GC(515) Metaspace: 1675K(1856K)->1675K(1856K) NonClass: 1550K(1664K)->1550K(1664K) Class: 124K(192K)->124K(192K)
[2024-10-12T11:44:49.427+0800][info] GC(515) Pause Young (Mixed) (G1 Preventive Collection) 108M->101M(128M) 3.329ms
[2024-10-12T11:44:49.427+0800][info] GC(515) User=0.01s Sys=0.00s Real=0.01s
[2024-10-12T11:44:49.530+0800][info] GC(516) Pause Young (Mixed) (G1 Evacuation Pause)
[2024-10-12T11:44:49.530+0800][info] GC(516) Using 3 workers of 48 for evacuation
[2024-10-12T11:44:49.534+0800][info] GC(516)   Pre Evacuate Collection Set: 0.2ms
[2024-10-12T11:44:49.534+0800][info] GC(516)   Merge Heap Roots: 0.1ms
[2024-10-12T11:44:49.534+0800][info] GC(516)   Evacuate Collection Set: 3.8ms
[2024-10-12T11:44:49.534+0800][info] GC(516)   Post Evacuate Collection Set: 0.3ms
[2024-10-12T11:44:49.534+0800][info] GC(516)   Other: 0.1ms
[2024-10-12T11:44:49.535+0800][info] GC(516) Eden regions: 2->0(2)
[2024-10-12T11:44:49.535+0800][info] GC(516) Survivor regions: 1->1(1)
[2024-10-12T11:44:49.535+0800][info] GC(516) Old regions: 46->46
[2024-10-12T11:44:49.535+0800][info] GC(516) Archive regions: 2->2
[2024-10-12T11:44:49.535+0800][info] GC(516) Humongous regions: 3->3
[2024-10-12T11:44:49.535+0800][info] GC(516) Metaspace: 1675K(1856K)->1675K(1856K) NonClass: 1550K(1664K)->1550K(1664K) Class: 124K(192K)->124K(192K)
[2024-10-12T11:44:49.535+0800][info] GC(516) Pause Young (Mixed) (G1 Evacuation Pause) 104M->100M(128M) 4.643ms
[2024-10-12T11:44:49.535+0800][info] GC(516) User=0.01s Sys=0.01s Real=0.01s
[2024-10-12T11:44:49.637+0800][info] GC(517) Pause Young (Mixed) (G1 Evacuation Pause)
[2024-10-12T11:44:49.637+0800][info] GC(517) Using 3 workers of 48 for evacuation
[2024-10-12T11:44:49.641+0800][info] GC(517)   Pre Evacuate Collection Set: 0.2ms
[2024-10-12T11:44:49.641+0800][info] GC(517)   Merge Heap Roots: 0.1ms
[2024-10-12T11:44:49.641+0800][info] GC(517)   Evacuate Collection Set: 3.7ms
[2024-10-12T11:44:49.641+0800][info] GC(517)   Post Evacuate Collection Set: 0.3ms
[2024-10-12T11:44:49.641+0800][info] GC(517)   Other: 0.2ms
[2024-10-12T11:44:49.641+0800][info] GC(517) Eden regions: 2->0(2)
[2024-10-12T11:44:49.641+0800][info] GC(517) Survivor regions: 1->1(1)
[2024-10-12T11:44:49.641+0800][info] GC(517) Old regions: 46->44
[2024-10-12T11:44:49.641+0800][info] GC(517) Archive regions: 2->2
[2024-10-12T11:44:49.641+0800][info] GC(517) Humongous regions: 3->3
[2024-10-12T11:44:49.641+0800][info] GC(517) Metaspace: 1675K(1856K)->1675K(1856K) NonClass: 1550K(1664K)->1550K(1664K) Class: 124K(192K)->124K(192K)
[2024-10-12T11:44:49.641+0800][info] GC(517) Pause Young (Mixed) (G1 Evacuation Pause) 103M->97M(128M) 4.558ms
[2024-10-12T11:44:49.641+0800][info] GC(517) User=0.01s Sys=0.00s Real=0.00s
[2024-10-12T11:44:49.744+0800][info] GC(518) Pause Young (Mixed) (G1 Evacuation Pause)
[2024-10-12T11:44:49.744+0800][info] GC(518) Using 3 workers of 48 for evacuation
[2024-10-12T11:44:49.748+0800][info] GC(518)   Pre Evacuate Collection Set: 0.2ms
[2024-10-12T11:44:49.748+0800][info] GC(518)   Merge Heap Roots: 0.1ms
[2024-10-12T11:44:49.748+0800][info] GC(518)   Evacuate Collection Set: 3.3ms
[2024-10-12T11:44:49.748+0800][info] GC(518)   Post Evacuate Collection Set: 0.3ms
[2024-10-12T11:44:49.748+0800][info] GC(518)   Other: 0.2ms
[2024-10-12T11:44:49.748+0800][info] GC(518) Eden regions: 2->0(2)
[2024-10-12T11:44:49.748+0800][info] GC(518) Survivor regions: 1->1(1)
[2024-10-12T11:44:49.748+0800][info] GC(518) Old regions: 44->43
[2024-10-12T11:44:49.748+0800][info] GC(518) Archive regions: 2->2
[2024-10-12T11:44:49.748+0800][info] GC(518) Humongous regions: 4->3
[2024-10-12T11:44:49.748+0800][info] GC(518) Metaspace: 1675K(1856K)->1675K(1856K) NonClass: 1550K(1664K)->1550K(1664K) Class: 124K(192K)->124K(192K)
[2024-10-12T11:44:49.749+0800][info] GC(518) Pause Young (Mixed) (G1 Evacuation Pause) 102M->95M(128M) 4.115ms
[2024-10-12T11:44:49.749+0800][info] GC(518) User=0.01s Sys=0.00s Real=0.01s
[2024-10-12T11:44:49.851+0800][info] GC(519) Pause Young (Mixed) (G1 Evacuation Pause)
[2024-10-12T11:44:49.851+0800][info] GC(519) Using 3 workers of 48 for evacuation
[2024-10-12T11:44:49.854+0800][info] GC(519)   Pre Evacuate Collection Set: 0.2ms
[2024-10-12T11:44:49.854+0800][info] GC(519)   Merge Heap Roots: 0.1ms
[2024-10-12T11:44:49.854+0800][info] GC(519)   Evacuate Collection Set: 3.1ms
[2024-10-12T11:44:49.854+0800][info] GC(519)   Post Evacuate Collection Set: 0.3ms
[2024-10-12T11:44:49.855+0800][info] GC(519)   Other: 0.2ms
[2024-10-12T11:44:49.855+0800][info] GC(519) Eden regions: 2->0(2)
[2024-10-12T11:44:49.855+0800][info] GC(519) Survivor regions: 1->1(1)
[2024-10-12T11:44:49.855+0800][info] GC(519) Old regions: 43->45
[2024-10-12T11:44:49.855+0800][info] GC(519) Archive regions: 2->2
[2024-10-12T11:44:49.855+0800][info] GC(519) Humongous regions: 3->3
[2024-10-12T11:44:49.855+0800][info] GC(519) Metaspace: 1675K(1856K)->1675K(1856K) NonClass: 1550K(1664K)->1550K(1664K) Class: 124K(192K)->124K(192K)
[2024-10-12T11:44:49.855+0800][info] GC(519) Pause Young (Mixed) (G1 Evacuation Pause) 98M->98M(128M) 3.902ms
[2024-10-12T11:44:49.855+0800][info] GC(519) User=0.00s Sys=0.00s Real=0.01s
[2024-10-12T11:44:49.957+0800][info] GC(520) Pause Young (Normal) (G1 Evacuation Pause)
[2024-10-12T11:44:49.957+0800][info] GC(520) Using 3 workers of 48 for evacuation
[2024-10-12T11:44:49.961+0800][info] GC(520)   Pre Evacuate Collection Set: 0.1ms
[2024-10-12T11:44:49.961+0800][info] GC(520)   Merge Heap Roots: 0.1ms
[2024-10-12T11:44:49.961+0800][info] GC(520)   Evacuate Collection Set: 2.8ms
[2024-10-12T11:44:49.961+0800][info] GC(520)   Post Evacuate Collection Set: 0.2ms
[2024-10-12T11:44:49.961+0800][info] GC(520)   Other: 0.2ms
[2024-10-12T11:44:49.961+0800][info] GC(520) Eden regions: 2->0(2)
[2024-10-12T11:44:49.961+0800][info] GC(520) Survivor regions: 1->1(1)
[2024-10-12T11:44:49.961+0800][info] GC(520) Old regions: 45->46
[2024-10-12T11:44:49.961+0800][info] GC(520) Archive regions: 2->2
[2024-10-12T11:44:49.961+0800][info] GC(520) Humongous regions: 3->3
[2024-10-12T11:44:49.961+0800][info] GC(520) Metaspace: 1675K(1856K)->1675K(1856K) NonClass: 1550K(1664K)->1550K(1664K) Class: 124K(192K)->124K(192K)
[2024-10-12T11:44:49.961+0800][info] GC(520) Pause Young (Normal) (G1 Evacuation Pause) 101M->101M(128M) 3.525ms
[2024-10-12T11:44:49.961+0800][info] GC(520) User=0.00s Sys=0.01s Real=0.00s
[2024-10-12T11:44:50.063+0800][info] GC(521) Pause Young (Normal) (G1 Evacuation Pause)
[2024-10-12T11:44:50.063+0800][info] GC(521) Using 3 workers of 48 for evacuation
[2024-10-12T11:44:50.064+0800][info] GC(521)   Pre Evacuate Collection Set: 0.1ms
[2024-10-12T11:44:50.064+0800][info] GC(521)   Merge Heap Roots: 0.1ms
[2024-10-12T11:44:50.064+0800][info] GC(521)   Evacuate Collection Set: 0.9ms
[2024-10-12T11:44:50.064+0800][info] GC(521)   Post Evacuate Collection Set: 0.2ms
[2024-10-12T11:44:50.064+0800][info] GC(521)   Other: 0.2ms
[2024-10-12T11:44:50.064+0800][info] GC(521) Eden regions: 2->0(2)
[2024-10-12T11:44:50.064+0800][info] GC(521) Survivor regions: 1->1(1)
[2024-10-12T11:44:50.064+0800][info] GC(521) Old regions: 46->48
[2024-10-12T11:44:50.065+0800][info] GC(521) Archive regions: 2->2
[2024-10-12T11:44:50.065+0800][info] GC(521) Humongous regions: 3->3
[2024-10-12T11:44:50.065+0800][info] GC(521) Metaspace: 1675K(1856K)->1675K(1856K) NonClass: 1550K(1664K)->1550K(1664K) Class: 124K(192K)->124K(192K)
[2024-10-12T11:44:50.065+0800][info] GC(521) Pause Young (Normal) (G1 Evacuation Pause) 105M->105M(128M) 1.541ms
[2024-10-12T11:44:50.065+0800][info] GC(521) User=0.01s Sys=0.00s Real=0.00s
[2024-10-12T11:44:50.167+0800][info] GC(522) Pause Young (Concurrent Start) (G1 Evacuation Pause)
[2024-10-12T11:44:50.167+0800][info] GC(522) Using 3 workers of 48 for evacuation
[2024-10-12T11:44:50.169+0800][info] GC(522)   Pre Evacuate Collection Set: 0.1ms
[2024-10-12T11:44:50.169+0800][info] GC(522)   Merge Heap Roots: 0.1ms
[2024-10-12T11:44:50.169+0800][info] GC(522)   Evacuate Collection Set: 1.1ms
[2024-10-12T11:44:50.169+0800][info] GC(522)   Post Evacuate Collection Set: 0.2ms
[2024-10-12T11:44:50.169+0800][info] GC(522)   Other: 0.3ms
[2024-10-12T11:44:50.169+0800][info] GC(522) Eden regions: 2->0(2)
[2024-10-12T11:44:50.169+0800][info] GC(522) Survivor regions: 1->1(1)
[2024-10-12T11:44:50.169+0800][info] GC(522) Old regions: 48->50
[2024-10-12T11:44:50.169+0800][info] GC(522) Archive regions: 2->2
[2024-10-12T11:44:50.169+0800][info] GC(522) Humongous regions: 3->3
[2024-10-12T11:44:50.169+0800][info] GC(522) Metaspace: 1675K(1856K)->1675K(1856K) NonClass: 1550K(1664K)->1550K(1664K) Class: 124K(192K)->124K(192K)
[2024-10-12T11:44:50.169+0800][info] GC(522) Pause Young (Concurrent Start) (G1 Evacuation Pause) 109M->109M(128M) 1.887ms
[2024-10-12T11:44:50.169+0800][info] GC(522) User=0.00s Sys=0.00s Real=0.00s
[2024-10-12T11:44:50.169+0800][info] GC(523) Concurrent Mark Cycle
[2024-10-12T11:44:50.169+0800][info] GC(523) Concurrent Clear Claimed Marks
[2024-10-12T11:44:50.169+0800][info] GC(523) Concurrent Clear Claimed Marks 0.021ms
[2024-10-12T11:44:50.169+0800][info] GC(523) Concurrent Scan Root Regions
[2024-10-12T11:44:50.169+0800][info] GC(523) Concurrent Scan Root Regions 0.113ms
[2024-10-12T11:44:50.169+0800][info] GC(523) Concurrent Mark
[2024-10-12T11:44:50.169+0800][info] GC(523) Concurrent Mark From Roots
[2024-10-12T11:44:50.169+0800][info] GC(523) Using 12 workers of 12 for marking
[2024-10-12T11:44:50.173+0800][info] GC(523) Concurrent Mark From Roots 3.319ms
[2024-10-12T11:44:50.173+0800][info] GC(523) Concurrent Preclean
[2024-10-12T11:44:50.174+0800][info] GC(523) Concurrent Preclean 1.691ms
[2024-10-12T11:44:50.174+0800][info] GC(523) Pause Remark
[2024-10-12T11:44:50.176+0800][info] GC(523) Pause Remark 109M->109M(128M) 1.620ms
[2024-10-12T11:44:50.176+0800][info] GC(523) User=0.01s Sys=0.00s Real=0.00s
[2024-10-12T11:44:50.176+0800][info] GC(523) Concurrent Mark 6.972ms
[2024-10-12T11:44:50.176+0800][info] GC(523) Concurrent Rebuild Remembered Sets
[2024-10-12T11:44:50.178+0800][info] GC(523) Concurrent Rebuild Remembered Sets 1.374ms
[2024-10-12T11:44:50.178+0800][info] GC(523) Pause Cleanup
[2024-10-12T11:44:50.178+0800][info] GC(523) Pause Cleanup 109M->109M(128M) 0.251ms
[2024-10-12T11:44:50.178+0800][info] GC(523) User=0.00s Sys=0.00s Real=0.00s
[2024-10-12T11:44:50.178+0800][info] GC(523) Concurrent Cleanup for Next Mark
[2024-10-12T11:44:50.178+0800][info] GC(523) Concurrent Cleanup for Next Mark 0.387ms
[2024-10-12T11:44:50.179+0800][info] GC(523) Concurrent Mark Cycle 9.510ms
[2024-10-12T11:44:50.322+0800][info] GC(524) Pause Young (Prepare Mixed) (G1 Evacuation Pause)
[2024-10-12T11:44:50.322+0800][info] GC(524) Using 3 workers of 48 for evacuation
[2024-10-12T11:44:50.324+0800][info] GC(524)   Pre Evacuate Collection Set: 0.1ms
[2024-10-12T11:44:50.324+0800][info] GC(524)   Merge Heap Roots: 0.1ms
[2024-10-12T11:44:50.324+0800][info] GC(524)   Evacuate Collection Set: 1.1ms
[2024-10-12T11:44:50.324+0800][info] GC(524)   Post Evacuate Collection Set: 0.2ms
[2024-10-12T11:44:50.324+0800][info] GC(524)   Other: 0.2ms
[2024-10-12T11:44:50.324+0800][info] GC(524) Eden regions: 2->0(2)
[2024-10-12T11:44:50.324+0800][info] GC(524) Survivor regions: 1->1(1)
[2024-10-12T11:44:50.324+0800][info] GC(524) Old regions: 50->52
[2024-10-12T11:44:50.324+0800][info] GC(524) Archive regions: 2->2
[2024-10-12T11:44:50.324+0800][info] GC(524) Humongous regions: 3->3
[2024-10-12T11:44:50.324+0800][info] GC(524) Metaspace: 1675K(1856K)->1675K(1856K) NonClass: 1550K(1664K)->1550K(1664K) Class: 124K(192K)->124K(192K)
[2024-10-12T11:44:50.324+0800][info] GC(524) Pause Young (Prepare Mixed) (G1 Evacuation Pause) 113M->113M(128M) 1.853ms
[2024-10-12T11:44:50.324+0800][info] GC(524) User=0.00s Sys=0.00s Real=0.00s
[2024-10-12T11:44:50.385+0800][info] GC(525) Pause Young (Mixed) (G1 Preventive Collection)
[2024-10-12T11:44:50.385+0800][info] GC(525) Using 3 workers of 48 for evacuation
[2024-10-12T11:44:50.388+0800][info] GC(525)   Pre Evacuate Collection Set: 0.2ms
[2024-10-12T11:44:50.388+0800][info] GC(525)   Merge Heap Roots: 0.1ms
[2024-10-12T11:44:50.388+0800][info] GC(525)   Evacuate Collection Set: 1.5ms
[2024-10-12T11:44:50.388+0800][info] GC(525)   Post Evacuate Collection Set: 0.2ms
[2024-10-12T11:44:50.388+0800][info] GC(525)   Other: 0.2ms
[2024-10-12T11:44:50.388+0800][info] GC(525) Eden regions: 1->0(2)
[2024-10-12T11:44:50.388+0800][info] GC(525) Survivor regions: 1->1(1)
[2024-10-12T11:44:50.388+0800][info] GC(525) Old regions: 52->47
[2024-10-12T11:44:50.388+0800][info] GC(525) Archive regions: 2->2
[2024-10-12T11:44:50.388+0800][info] GC(525) Humongous regions: 3->3
[2024-10-12T11:44:50.388+0800][info] GC(525) Metaspace: 1675K(1856K)->1675K(1856K) NonClass: 1550K(1664K)->1550K(1664K) Class: 124K(192K)->124K(192K)
[2024-10-12T11:44:50.388+0800][info] GC(525) Pause Young (Mixed) (G1 Preventive Collection) 114M->103M(128M) 2.305ms
[2024-10-12T11:44:50.388+0800][info] GC(525) User=0.00s Sys=0.00s Real=0.00s
[2024-10-12T11:44:50.490+0800][info] GC(526) Pause Young (Mixed) (G1 Evacuation Pause)
[2024-10-12T11:44:50.491+0800][info] GC(526) Using 3 workers of 48 for evacuation
[2024-10-12T11:44:50.494+0800][info] GC(526)   Pre Evacuate Collection Set: 0.2ms
[2024-10-12T11:44:50.494+0800][info] GC(526)   Merge Heap Roots: 0.1ms
[2024-10-12T11:44:50.494+0800][info] GC(526)   Evacuate Collection Set: 2.6ms
[2024-10-12T11:44:50.494+0800][info] GC(526)   Post Evacuate Collection Set: 0.2ms
[2024-10-12T11:44:50.494+0800][info] GC(526)   Other: 0.1ms
[2024-10-12T11:44:50.494+0800][info] GC(526) Eden regions: 2->0(2)
[2024-10-12T11:44:50.494+0800][info] GC(526) Survivor regions: 1->1(1)
[2024-10-12T11:44:50.494+0800][info] GC(526) Old regions: 47->45
[2024-10-12T11:44:50.494+0800][info] GC(526) Archive regions: 2->2
[2024-10-12T11:44:50.494+0800][info] GC(526) Humongous regions: 3->3
[2024-10-12T11:44:50.494+0800][info] GC(526) Metaspace: 1675K(1856K)->1675K(1856K) NonClass: 1550K(1664K)->1550K(1664K) Class: 124K(192K)->124K(192K)
[2024-10-12T11:44:50.494+0800][info] GC(526) Pause Young (Mixed) (G1 Evacuation Pause) 106M->98M(128M) 3.426ms
[2024-10-12T11:44:50.494+0800][info] GC(526) User=0.01s Sys=0.00s Real=0.01s
[2024-10-12T11:44:50.596+0800][info] GC(527) Pause Young (Mixed) (G1 Evacuation Pause)
[2024-10-12T11:44:50.596+0800][info] GC(527) Using 3 workers of 48 for evacuation
[2024-10-12T11:44:50.600+0800][info] GC(527)   Pre Evacuate Collection Set: 0.2ms
[2024-10-12T11:44:50.600+0800][info] GC(527)   Merge Heap Roots: 0.1ms
[2024-10-12T11:44:50.600+0800][info] GC(527)   Evacuate Collection Set: 3.0ms
[2024-10-12T11:44:50.600+0800][info] GC(527)   Post Evacuate Collection Set: 0.3ms
[2024-10-12T11:44:50.600+0800][info] GC(527)   Other: 0.1ms
[2024-10-12T11:44:50.600+0800][info] GC(527) Eden regions: 2->0(2)
[2024-10-12T11:44:50.600+0800][info] GC(527) Survivor regions: 1->1(1)
[2024-10-12T11:44:50.600+0800][info] GC(527) Old regions: 45->44
[2024-10-12T11:44:50.600+0800][info] GC(527) Archive regions: 2->2
[2024-10-12T11:44:50.600+0800][info] GC(527) Humongous regions: 3->3
[2024-10-12T11:44:50.600+0800][info] GC(527) Metaspace: 1675K(1856K)->1675K(1856K) NonClass: 1550K(1664K)->1550K(1664K) Class: 124K(192K)->124K(192K)
[2024-10-12T11:44:50.600+0800][info] GC(527) Pause Young (Mixed) (G1 Evacuation Pause) 101M->97M(128M) 3.825ms
[2024-10-12T11:44:50.600+0800][info] GC(527) User=0.01s Sys=0.00s Real=0.00s
[2024-10-12T11:44:50.702+0800][info] GC(528) Pause Young (Mixed) (G1 Evacuation Pause)
[2024-10-12T11:44:50.702+0800][info] GC(528) Using 3 workers of 48 for evacuation
[2024-10-12T11:44:50.706+0800][info] GC(528)   Pre Evacuate Collection Set: 0.2ms
[2024-10-12T11:44:50.706+0800][info] GC(528)   Merge Heap Roots: 0.1ms
[2024-10-12T11:44:50.706+0800][info] GC(528)   Evacuate Collection Set: 2.8ms
[2024-10-12T11:44:50.706+0800][info] GC(528)   Post Evacuate Collection Set: 0.2ms
[2024-10-12T11:44:50.706+0800][info] GC(528)   Other: 0.1ms
[2024-10-12T11:44:50.706+0800][info] GC(528) Eden regions: 2->0(2)
[2024-10-12T11:44:50.706+0800][info] GC(528) Survivor regions: 1->1(1)
[2024-10-12T11:44:50.706+0800][info] GC(528) Old regions: 44->44
[2024-10-12T11:44:50.706+0800][info] GC(528) Archive regions: 2->2
[2024-10-12T11:44:50.706+0800][info] GC(528) Humongous regions: 3->3
[2024-10-12T11:44:50.706+0800][info] GC(528) Metaspace: 1675K(1856K)->1675K(1856K) NonClass: 1550K(1664K)->1550K(1664K) Class: 124K(192K)->124K(192K)
[2024-10-12T11:44:50.706+0800][info] GC(528) Pause Young (Mixed) (G1 Evacuation Pause) 100M->96M(128M) 3.638ms
[2024-10-12T11:44:50.706+0800][info] GC(528) User=0.01s Sys=0.00s Real=0.01s
[2024-10-12T11:44:50.808+0800][info] GC(529) Pause Young (Mixed) (G1 Evacuation Pause)
[2024-10-12T11:44:50.808+0800][info] GC(529) Using 3 workers of 48 for evacuation
[2024-10-12T11:44:50.813+0800][info] GC(529)   Pre Evacuate Collection Set: 0.2ms
[2024-10-12T11:44:50.813+0800][info] GC(529)   Merge Heap Roots: 0.1ms
[2024-10-12T11:44:50.813+0800][info] GC(529)   Evacuate Collection Set: 4.5ms
[2024-10-12T11:44:50.813+0800][info] GC(529)   Post Evacuate Collection Set: 0.3ms
[2024-10-12T11:44:50.813+0800][info] GC(529)   Other: 0.2ms
[2024-10-12T11:44:50.813+0800][info] GC(529) Eden regions: 2->0(2)
[2024-10-12T11:44:50.813+0800][info] GC(529) Survivor regions: 1->1(1)
[2024-10-12T11:44:50.813+0800][info] GC(529) Old regions: 44->44
[2024-10-12T11:44:50.813+0800][info] GC(529) Archive regions: 2->2
[2024-10-12T11:44:50.813+0800][info] GC(529) Humongous regions: 3->3
[2024-10-12T11:44:50.814+0800][info] GC(529) Metaspace: 1675K(1856K)->1675K(1856K) NonClass: 1550K(1664K)->1550K(1664K) Class: 124K(192K)->124K(192K)
[2024-10-12T11:44:50.814+0800][info] GC(529) Pause Young (Mixed) (G1 Evacuation Pause) 100M->96M(128M) 5.391ms
[2024-10-12T11:44:50.814+0800][info] GC(529) User=0.01s Sys=0.00s Real=0.01s
[2024-10-12T11:44:50.916+0800][info] GC(530) Pause Young (Normal) (G1 Evacuation Pause)
[2024-10-12T11:44:50.916+0800][info] GC(530) Using 3 workers of 48 for evacuation
[2024-10-12T11:44:50.918+0800][info] GC(530)   Pre Evacuate Collection Set: 0.1ms
[2024-10-12T11:44:50.918+0800][info] GC(530)   Merge Heap Roots: 0.1ms
[2024-10-12T11:44:50.918+0800][info] GC(530)   Evacuate Collection Set: 1.0ms
[2024-10-12T11:44:50.918+0800][info] GC(530)   Post Evacuate Collection Set: 0.2ms
[2024-10-12T11:44:50.918+0800][info] GC(530)   Other: 0.2ms
[2024-10-12T11:44:50.918+0800][info] GC(530) Eden regions: 2->0(2)
[2024-10-12T11:44:50.918+0800][info] GC(530) Survivor regions: 1->1(1)
[2024-10-12T11:44:50.918+0800][info] GC(530) Old regions: 44->46
[2024-10-12T11:44:50.918+0800][info] GC(530) Archive regions: 2->2
[2024-10-12T11:44:50.918+0800][info] GC(530) Humongous regions: 3->3
[2024-10-12T11:44:50.918+0800][info] GC(530) Metaspace: 1675K(1856K)->1675K(1856K) NonClass: 1550K(1664K)->1550K(1664K) Class: 124K(192K)->124K(192K)
[2024-10-12T11:44:50.918+0800][info] GC(530) Pause Young (Normal) (G1 Evacuation Pause) 99M->100M(128M) 1.685ms
[2024-10-12T11:44:50.918+0800][info] GC(530) User=0.01s Sys=0.00s Real=0.00s
[2024-10-12T11:44:51.020+0800][info] GC(531) Pause Young (Normal) (G1 Evacuation Pause)
[2024-10-12T11:44:51.020+0800][info] GC(531) Using 3 workers of 48 for evacuation
[2024-10-12T11:44:51.021+0800][info] GC(531)   Pre Evacuate Collection Set: 0.1ms
[2024-10-12T11:44:51.021+0800][info] GC(531)   Merge Heap Roots: 0.1ms
[2024-10-12T11:44:51.021+0800][info] GC(531)   Evacuate Collection Set: 1.0ms
[2024-10-12T11:44:51.021+0800][info] GC(531)   Post Evacuate Collection Set: 0.2ms
[2024-10-12T11:44:51.021+0800][info] GC(531)   Other: 0.2ms
[2024-10-12T11:44:51.021+0800][info] GC(531) Eden regions: 2->0(2)
[2024-10-12T11:44:51.021+0800][info] GC(531) Survivor regions: 1->1(1)
[2024-10-12T11:44:51.021+0800][info] GC(531) Old regions: 46->48
[2024-10-12T11:44:51.021+0800][info] GC(531) Archive regions: 2->2
[2024-10-12T11:44:51.021+0800][info] GC(531) Humongous regions: 3->3
[2024-10-12T11:44:51.021+0800][info] GC(531) Metaspace: 1675K(1856K)->1675K(1856K) NonClass: 1550K(1664K)->1550K(1664K) Class: 124K(192K)->124K(192K)
[2024-10-12T11:44:51.021+0800][info] GC(531) Pause Young (Normal) (G1 Evacuation Pause) 103M->104M(128M) 1.643ms
[2024-10-12T11:44:51.021+0800][info] GC(531) User=0.00s Sys=0.00s Real=0.00s
[2024-10-12T11:44:51.124+0800][info] GC(532) Pause Young (Concurrent Start) (G1 Evacuation Pause)
[2024-10-12T11:44:51.124+0800][info] GC(532) Using 3 workers of 48 for evacuation
[2024-10-12T11:44:51.126+0800][info] GC(532)   Pre Evacuate Collection Set: 0.1ms
[2024-10-12T11:44:51.126+0800][info] GC(532)   Merge Heap Roots: 0.1ms
[2024-10-12T11:44:51.126+0800][info] GC(532)   Evacuate Collection Set: 1.0ms
[2024-10-12T11:44:51.126+0800][info] GC(532)   Post Evacuate Collection Set: 0.2ms
[2024-10-12T11:44:51.126+0800][info] GC(532)   Other: 0.4ms
[2024-10-12T11:44:51.126+0800][info] GC(532) Eden regions: 2->0(2)
[2024-10-12T11:44:51.126+0800][info] GC(532) Survivor regions: 1->1(1)
[2024-10-12T11:44:51.126+0800][info] GC(532) Old regions: 48->49
[2024-10-12T11:44:51.126+0800][info] GC(532) Archive regions: 2->2
[2024-10-12T11:44:51.126+0800][info] GC(532) Humongous regions: 3->3
[2024-10-12T11:44:51.126+0800][info] GC(532) Metaspace: 1675K(1856K)->1675K(1856K) NonClass: 1550K(1664K)->1550K(1664K) Class: 124K(192K)->124K(192K)
[2024-10-12T11:44:51.126+0800][info] GC(532) Pause Young (Concurrent Start) (G1 Evacuation Pause) 107M->107M(128M) 1.817ms
[2024-10-12T11:44:51.126+0800][info] GC(532) User=0.01s Sys=0.00s Real=0.01s
[2024-10-12T11:44:51.126+0800][info] GC(533) Concurrent Mark Cycle
[2024-10-12T11:44:51.126+0800][info] GC(533) Concurrent Clear Claimed Marks
[2024-10-12T11:44:51.126+0800][info] GC(533) Concurrent Clear Claimed Marks 0.016ms
[2024-10-12T11:44:51.126+0800][info] GC(533) Concurrent Scan Root Regions
[2024-10-12T11:44:51.126+0800][info] GC(533) Concurrent Scan Root Regions 0.113ms
[2024-10-12T11:44:51.126+0800][info] GC(533) Concurrent Mark
[2024-10-12T11:44:51.126+0800][info] GC(533) Concurrent Mark From Roots
[2024-10-12T11:44:51.126+0800][info] GC(533) Using 12 workers of 12 for marking
[2024-10-12T11:44:51.130+0800][info] GC(533) Concurrent Mark From Roots 3.764ms
[2024-10-12T11:44:51.130+0800][info] GC(533) Concurrent Preclean
[2024-10-12T11:44:51.132+0800][info] GC(533) Concurrent Preclean 1.662ms
[2024-10-12T11:44:51.132+0800][info] GC(533) Pause Remark
[2024-10-12T11:44:51.133+0800][info] GC(533) Pause Remark 108M->108M(128M) 1.688ms
[2024-10-12T11:44:51.133+0800][info] GC(533) User=0.00s Sys=0.00s Real=0.01s
[2024-10-12T11:44:51.133+0800][info] GC(533) Concurrent Mark 7.441ms
[2024-10-12T11:44:51.134+0800][info] GC(533) Concurrent Rebuild Remembered Sets
[2024-10-12T11:44:51.135+0800][info] GC(533) Concurrent Rebuild Remembered Sets 1.169ms
[2024-10-12T11:44:51.135+0800][info] GC(533) Pause Cleanup
[2024-10-12T11:44:51.135+0800][info] GC(533) Pause Cleanup 108M->108M(128M) 0.213ms
[2024-10-12T11:44:51.135+0800][info] GC(533) User=0.00s Sys=0.00s Real=0.00s
[2024-10-12T11:44:51.135+0800][info] GC(533) Concurrent Cleanup for Next Mark
[2024-10-12T11:44:51.135+0800][info] GC(533) Concurrent Cleanup for Next Mark 0.389ms
[2024-10-12T11:44:51.135+0800][info] GC(533) Concurrent Mark Cycle 9.640ms
[2024-10-12T11:44:51.279+0800][info] GC(534) Pause Young (Prepare Mixed) (G1 Evacuation Pause)
[2024-10-12T11:44:51.279+0800][info] GC(534) Using 3 workers of 48 for evacuation
[2024-10-12T11:44:51.281+0800][info] GC(534)   Pre Evacuate Collection Set: 0.1ms
[2024-10-12T11:44:51.281+0800][info] GC(534)   Merge Heap Roots: 0.1ms
[2024-10-12T11:44:51.281+0800][info] GC(534)   Evacuate Collection Set: 1.2ms
[2024-10-12T11:44:51.281+0800][info] GC(534)   Post Evacuate Collection Set: 0.2ms
[2024-10-12T11:44:51.281+0800][info] GC(534)   Other: 0.2ms
[2024-10-12T11:44:51.281+0800][info] GC(534) Eden regions: 2->0(2)
[2024-10-12T11:44:51.281+0800][info] GC(534) Survivor regions: 1->1(1)
[2024-10-12T11:44:51.281+0800][info] GC(534) Old regions: 49->51
[2024-10-12T11:44:51.281+0800][info] GC(534) Archive regions: 2->2
[2024-10-12T11:44:51.281+0800][info] GC(534) Humongous regions: 3->3
[2024-10-12T11:44:51.281+0800][info] GC(534) Metaspace: 1675K(1856K)->1675K(1856K) NonClass: 1550K(1664K)->1550K(1664K) Class: 124K(192K)->124K(192K)
[2024-10-12T11:44:51.281+0800][info] GC(534) Pause Young (Prepare Mixed) (G1 Evacuation Pause) 111M->111M(128M) 1.883ms
[2024-10-12T11:44:51.281+0800][info] GC(534) User=0.00s Sys=0.00s Real=0.00s
[2024-10-12T11:44:51.383+0800][info] GC(535) Pause Young (Mixed) (G1 Preventive Collection)
[2024-10-12T11:44:51.383+0800][info] GC(535) Using 3 workers of 48 for evacuation
[2024-10-12T11:44:51.386+0800][info] GC(535)   Pre Evacuate Collection Set: 0.2ms
[2024-10-12T11:44:51.386+0800][info] GC(535)   Merge Heap Roots: 0.1ms
[2024-10-12T11:44:51.386+0800][info] GC(535)   Evacuate Collection Set: 1.9ms
[2024-10-12T11:44:51.386+0800][info] GC(535)   Post Evacuate Collection Set: 0.2ms
[2024-10-12T11:44:51.386+0800][info] GC(535)   Other: 0.2ms
[2024-10-12T11:44:51.386+0800][info] GC(535) Eden regions: 2->0(2)
[2024-10-12T11:44:51.386+0800][info] GC(535) Survivor regions: 1->1(1)
[2024-10-12T11:44:51.386+0800][info] GC(535) Old regions: 51->47
[2024-10-12T11:44:51.386+0800][info] GC(535) Archive regions: 2->2
[2024-10-12T11:44:51.386+0800][info] GC(535) Humongous regions: 3->3
[2024-10-12T11:44:51.386+0800][info] GC(535) Metaspace: 1675K(1856K)->1675K(1856K) NonClass: 1550K(1664K)->1550K(1664K) Class: 124K(192K)->124K(192K)
[2024-10-12T11:44:51.386+0800][info] GC(535) Pause Young (Mixed) (G1 Preventive Collection) 115M->103M(128M) 2.683ms
[2024-10-12T11:44:51.386+0800][info] GC(535) User=0.00s Sys=0.00s Real=0.01s
[2024-10-12T11:44:51.488+0800][info] GC(536) Pause Young (Mixed) (G1 Evacuation Pause)
[2024-10-12T11:44:51.488+0800][info] GC(536) Using 3 workers of 48 for evacuation
[2024-10-12T11:44:51.491+0800][info] GC(536)   Pre Evacuate Collection Set: 0.2ms
[2024-10-12T11:44:51.491+0800][info] GC(536)   Merge Heap Roots: 0.1ms
[2024-10-12T11:44:51.491+0800][info] GC(536)   Evacuate Collection Set: 2.5ms
[2024-10-12T11:44:51.491+0800][info] GC(536)   Post Evacuate Collection Set: 0.2ms
[2024-10-12T11:44:51.491+0800][info] GC(536)   Other: 0.1ms
[2024-10-12T11:44:51.491+0800][info] GC(536) Eden regions: 2->0(2)
[2024-10-12T11:44:51.491+0800][info] GC(536) Survivor regions: 1->1(1)
[2024-10-12T11:44:51.491+0800][info] GC(536) Old regions: 47->46
[2024-10-12T11:44:51.492+0800][info] GC(536) Archive regions: 2->2
[2024-10-12T11:44:51.492+0800][info] GC(536) Humongous regions: 3->3
[2024-10-12T11:44:51.492+0800][info] GC(536) Metaspace: 1675K(1856K)->1675K(1856K) NonClass: 1550K(1664K)->1550K(1664K) Class: 124K(192K)->124K(192K)
[2024-10-12T11:44:51.492+0800][info] GC(536) Pause Young (Mixed) (G1 Evacuation Pause) 107M->100M(128M) 3.252ms
[2024-10-12T11:44:51.492+0800][info] GC(536) User=0.01s Sys=0.00s Real=0.00s
[2024-10-12T11:44:51.594+0800][info] GC(537) Pause Young (Mixed) (G1 Evacuation Pause)
[2024-10-12T11:44:51.594+0800][info] GC(537) Using 3 workers of 48 for evacuation
[2024-10-12T11:44:51.597+0800][info] GC(537)   Pre Evacuate Collection Set: 0.2ms
[2024-10-12T11:44:51.597+0800][info] GC(537)   Merge Heap Roots: 0.1ms
[2024-10-12T11:44:51.598+0800][info] GC(537)   Evacuate Collection Set: 2.9ms
[2024-10-12T11:44:51.598+0800][info] GC(537)   Post Evacuate Collection Set: 0.2ms
[2024-10-12T11:44:51.598+0800][info] GC(537)   Other: 0.1ms
[2024-10-12T11:44:51.598+0800][info] GC(537) Eden regions: 2->0(2)
[2024-10-12T11:44:51.598+0800][info] GC(537) Survivor regions: 1->1(1)
[2024-10-12T11:44:51.598+0800][info] GC(537) Old regions: 46->45
[2024-10-12T11:44:51.598+0800][info] GC(537) Archive regions: 2->2
[2024-10-12T11:44:51.598+0800][info] GC(537) Humongous regions: 3->3
[2024-10-12T11:44:51.598+0800][info] GC(537) Metaspace: 1675K(1856K)->1675K(1856K) NonClass: 1550K(1664K)->1550K(1664K) Class: 124K(192K)->124K(192K)
[2024-10-12T11:44:51.598+0800][info] GC(537) Pause Young (Mixed) (G1 Evacuation Pause) 104M->99M(128M) 3.628ms
[2024-10-12T11:44:51.598+0800][info] GC(537) User=0.01s Sys=0.00s Real=0.00s
[2024-10-12T11:44:51.700+0800][info] GC(538) Pause Young (Mixed) (G1 Evacuation Pause)
[2024-10-12T11:44:51.700+0800][info] GC(538) Using 3 workers of 48 for evacuation
[2024-10-12T11:44:51.703+0800][info] GC(538)   Pre Evacuate Collection Set: 0.2ms
[2024-10-12T11:44:51.703+0800][info] GC(538)   Merge Heap Roots: 0.1ms
[2024-10-12T11:44:51.703+0800][info] GC(538)   Evacuate Collection Set: 3.0ms
[2024-10-12T11:44:51.703+0800][info] GC(538)   Post Evacuate Collection Set: 0.2ms
[2024-10-12T11:44:51.703+0800][info] GC(538)   Other: 0.1ms
[2024-10-12T11:44:51.703+0800][info] GC(538) Eden regions: 2->0(2)
[2024-10-12T11:44:51.703+0800][info] GC(538) Survivor regions: 1->1(1)
[2024-10-12T11:44:51.704+0800][info] GC(538) Old regions: 45->45
[2024-10-12T11:44:51.704+0800][info] GC(538) Archive regions: 2->2
[2024-10-12T11:44:51.704+0800][info] GC(538) Humongous regions: 3->3
[2024-10-12T11:44:51.704+0800][info] GC(538) Metaspace: 1675K(1856K)->1675K(1856K) NonClass: 1550K(1664K)->1550K(1664K) Class: 124K(192K)->124K(192K)
[2024-10-12T11:44:51.704+0800][info] GC(538) Pause Young (Mixed) (G1 Evacuation Pause) 102M->98M(128M) 3.737ms
[2024-10-12T11:44:51.704+0800][info] GC(538) User=0.00s Sys=0.00s Real=0.00s
[2024-10-12T11:44:51.806+0800][info] GC(539) Pause Young (Mixed) (G1 Evacuation Pause)
[2024-10-12T11:44:51.806+0800][info] GC(539) Using 3 workers of 48 for evacuation
[2024-10-12T11:44:51.810+0800][info] GC(539)   Pre Evacuate Collection Set: 0.2ms
[2024-10-12T11:44:51.810+0800][info] GC(539)   Merge Heap Roots: 0.1ms
[2024-10-12T11:44:51.810+0800][info] GC(539)   Evacuate Collection Set: 3.2ms
[2024-10-12T11:44:51.810+0800][info] GC(539)   Post Evacuate Collection Set: 0.3ms
[2024-10-12T11:44:51.810+0800][info] GC(539)   Other: 0.1ms
[2024-10-12T11:44:51.810+0800][info] GC(539) Eden regions: 2->0(2)
[2024-10-12T11:44:51.810+0800][info] GC(539) Survivor regions: 1->1(1)
[2024-10-12T11:44:51.810+0800][info] GC(539) Old regions: 45->44
[2024-10-12T11:44:51.810+0800][info] GC(539) Archive regions: 2->2
[2024-10-12T11:44:51.810+0800][info] GC(539) Humongous regions: 3->3
[2024-10-12T11:44:51.810+0800][info] GC(539) Metaspace: 1675K(1856K)->1675K(1856K) NonClass: 1550K(1664K)->1550K(1664K) Class: 124K(192K)->124K(192K)
[2024-10-12T11:44:51.810+0800][info] GC(539) Pause Young (Mixed) (G1 Evacuation Pause) 102M->97M(128M) 3.987ms
[2024-10-12T11:44:51.810+0800][info] GC(539) User=0.00s Sys=0.00s Real=0.00s
[2024-10-12T11:44:51.912+0800][info] GC(540) Pause Young (Normal) (G1 Evacuation Pause)
[2024-10-12T11:44:51.912+0800][info] GC(540) Using 3 workers of 48 for evacuation
[2024-10-12T11:44:51.914+0800][info] GC(540)   Pre Evacuate Collection Set: 0.1ms
[2024-10-12T11:44:51.914+0800][info] GC(540)   Merge Heap Roots: 0.1ms
[2024-10-12T11:44:51.914+0800][info] GC(540)   Evacuate Collection Set: 0.8ms
[2024-10-12T11:44:51.914+0800][info] GC(540)   Post Evacuate Collection Set: 0.2ms
[2024-10-12T11:44:51.914+0800][info] GC(540)   Other: 0.2ms
[2024-10-12T11:44:51.914+0800][info] GC(540) Eden regions: 2->0(2)
[2024-10-12T11:44:51.914+0800][info] GC(540) Survivor regions: 1->1(1)
[2024-10-12T11:44:51.914+0800][info] GC(540) Old regions: 44->46
[2024-10-12T11:44:51.914+0800][info] GC(540) Archive regions: 2->2
[2024-10-12T11:44:51.914+0800][info] GC(540) Humongous regions: 3->3
[2024-10-12T11:44:51.914+0800][info] GC(540) Metaspace: 1675K(1856K)->1675K(1856K) NonClass: 1550K(1664K)->1550K(1664K) Class: 124K(192K)->124K(192K)
[2024-10-12T11:44:51.914+0800][info] GC(540) Pause Young (Normal) (G1 Evacuation Pause) 101M->101M(128M) 1.509ms
[2024-10-12T11:44:51.914+0800][info] GC(540) User=0.00s Sys=0.00s Real=0.01s
[2024-10-12T11:44:51.914+0800][info] GC(541) Pause Young (Concurrent Start) (G1 Humongous Allocation)
[2024-10-12T11:44:51.914+0800][info] GC(541) Using 3 workers of 48 for evacuation
[2024-10-12T11:44:51.915+0800][info] GC(541)   Pre Evacuate Collection Set: 0.0ms
[2024-10-12T11:44:51.915+0800][info] GC(541)   Merge Heap Roots: 0.0ms
[2024-10-12T11:44:51.915+0800][info] GC(541)   Evacuate Collection Set: 0.5ms
[2024-10-12T11:44:51.915+0800][info] GC(541)   Post Evacuate Collection Set: 0.2ms
[2024-10-12T11:44:51.915+0800][info] GC(541)   Other: 0.3ms
[2024-10-12T11:44:51.915+0800][info] GC(541) Eden regions: 1->0(2)
[2024-10-12T11:44:51.915+0800][info] GC(541) Survivor regions: 1->1(1)
[2024-10-12T11:44:51.915+0800][info] GC(541) Old regions: 46->47
[2024-10-12T11:44:51.915+0800][info] GC(541) Archive regions: 2->2
[2024-10-12T11:44:51.915+0800][info] GC(541) Humongous regions: 3->3
[2024-10-12T11:44:51.915+0800][info] GC(541) Metaspace: 1675K(1856K)->1675K(1856K) NonClass: 1550K(1664K)->1550K(1664K) Class: 124K(192K)->124K(192K)
[2024-10-12T11:44:51.915+0800][info] GC(541) Pause Young (Concurrent Start) (G1 Humongous Allocation) 102M->102M(128M) 1.169ms
[2024-10-12T11:44:51.915+0800][info] GC(541) User=0.00s Sys=0.00s Real=0.00s
[2024-10-12T11:44:51.915+0800][info] GC(542) Concurrent Mark Cycle
[2024-10-12T11:44:51.915+0800][info] GC(542) Concurrent Clear Claimed Marks
[2024-10-12T11:44:51.915+0800][info] GC(542) Concurrent Clear Claimed Marks 0.017ms
[2024-10-12T11:44:51.915+0800][info] GC(542) Concurrent Scan Root Regions
[2024-10-12T11:44:51.916+0800][info] GC(542) Concurrent Scan Root Regions 0.106ms
[2024-10-12T11:44:51.916+0800][info] GC(542) Concurrent Mark
[2024-10-12T11:44:51.916+0800][info] GC(542) Concurrent Mark From Roots
[2024-10-12T11:44:51.916+0800][info] GC(542) Using 12 workers of 12 for marking
[2024-10-12T11:44:51.919+0800][info] GC(542) Concurrent Mark From Roots 3.569ms
[2024-10-12T11:44:51.919+0800][info] GC(542) Concurrent Preclean
[2024-10-12T11:44:51.921+0800][info] GC(542) Concurrent Preclean 1.674ms
[2024-10-12T11:44:51.921+0800][info] GC(542) Pause Remark
[2024-10-12T11:44:51.923+0800][info] GC(542) Pause Remark 104M->104M(128M) 1.665ms
[2024-10-12T11:44:51.923+0800][info] GC(542) User=0.00s Sys=0.01s Real=0.00s
[2024-10-12T11:44:51.923+0800][info] GC(542) Concurrent Mark 7.250ms
[2024-10-12T11:44:51.923+0800][info] GC(542) Concurrent Rebuild Remembered Sets
[2024-10-12T11:44:51.924+0800][info] GC(542) Concurrent Rebuild Remembered Sets 1.201ms
[2024-10-12T11:44:51.924+0800][info] GC(542) Pause Cleanup
[2024-10-12T11:44:51.924+0800][info] GC(542) Pause Cleanup 104M->104M(128M) 0.196ms
[2024-10-12T11:44:51.924+0800][info] GC(542) User=0.00s Sys=0.00s Real=0.00s
[2024-10-12T11:44:51.924+0800][info] GC(542) Concurrent Cleanup for Next Mark
[2024-10-12T11:44:51.925+0800][info] GC(542) Concurrent Cleanup for Next Mark 0.303ms
[2024-10-12T11:44:51.925+0800][info] GC(542) Concurrent Mark Cycle 9.485ms
[2024-10-12T11:44:52.089+0800][info] GC(543) Pause Young (Prepare Mixed) (G1 Evacuation Pause)
[2024-10-12T11:44:52.089+0800][info] GC(543) Using 3 workers of 48 for evacuation
[2024-10-12T11:44:52.091+0800][info] GC(543)   Pre Evacuate Collection Set: 0.1ms
[2024-10-12T11:44:52.091+0800][info] GC(543)   Merge Heap Roots: 0.1ms
[2024-10-12T11:44:52.091+0800][info] GC(543)   Evacuate Collection Set: 0.8ms
[2024-10-12T11:44:52.091+0800][info] GC(543)   Post Evacuate Collection Set: 0.2ms
[2024-10-12T11:44:52.091+0800][info] GC(543)   Other: 0.2ms
[2024-10-12T11:44:52.091+0800][info] GC(543) Eden regions: 2->0(2)
[2024-10-12T11:44:52.091+0800][info] GC(543) Survivor regions: 1->1(1)
[2024-10-12T11:44:52.091+0800][info] GC(543) Old regions: 47->48
[2024-10-12T11:44:52.091+0800][info] GC(543) Archive regions: 2->2
[2024-10-12T11:44:52.091+0800][info] GC(543) Humongous regions: 4->3
[2024-10-12T11:44:52.091+0800][info] GC(543) Metaspace: 1675K(1856K)->1675K(1856K) NonClass: 1550K(1664K)->1550K(1664K) Class: 124K(192K)->124K(192K)
[2024-10-12T11:44:52.091+0800][info] GC(543) Pause Young (Prepare Mixed) (G1 Evacuation Pause) 107M->105M(128M) 1.492ms
[2024-10-12T11:44:52.091+0800][info] GC(543) User=0.00s Sys=0.00s Real=0.00s
[2024-10-12T11:44:52.193+0800][info] GC(544) Pause Young (Mixed) (G1 Evacuation Pause)
[2024-10-12T11:44:52.193+0800][info] GC(544) Using 3 workers of 48 for evacuation
[2024-10-12T11:44:52.198+0800][info] GC(544)   Pre Evacuate Collection Set: 0.2ms
[2024-10-12T11:44:52.198+0800][info] GC(544)   Merge Heap Roots: 0.1ms
[2024-10-12T11:44:52.198+0800][info] GC(544)   Evacuate Collection Set: 3.9ms
[2024-10-12T11:44:52.198+0800][info] GC(544)   Post Evacuate Collection Set: 0.2ms
[2024-10-12T11:44:52.198+0800][info] GC(544)   Other: 0.2ms
[2024-10-12T11:44:52.198+0800][info] GC(544) Eden regions: 2->0(2)
[2024-10-12T11:44:52.198+0800][info] GC(544) Survivor regions: 1->1(1)
[2024-10-12T11:44:52.198+0800][info] GC(544) Old regions: 48->47
[2024-10-12T11:44:52.198+0800][info] GC(544) Archive regions: 2->2
[2024-10-12T11:44:52.198+0800][info] GC(544) Humongous regions: 3->3
[2024-10-12T11:44:52.198+0800][info] GC(544) Metaspace: 1675K(1856K)->1675K(1856K) NonClass: 1550K(1664K)->1550K(1664K) Class: 124K(192K)->124K(192K)
[2024-10-12T11:44:52.198+0800][info] GC(544) Pause Young (Mixed) (G1 Evacuation Pause) 109M->103M(128M) 4.653ms
[2024-10-12T11:44:52.198+0800][info] GC(544) User=0.01s Sys=0.00s Real=0.00s
[2024-10-12T11:44:52.300+0800][info] GC(545) Pause Young (Mixed) (G1 Evacuation Pause)
[2024-10-12T11:44:52.300+0800][info] GC(545) Using 3 workers of 48 for evacuation
[2024-10-12T11:44:52.303+0800][info] GC(545)   Pre Evacuate Collection Set: 0.2ms
[2024-10-12T11:44:52.303+0800][info] GC(545)   Merge Heap Roots: 0.1ms
[2024-10-12T11:44:52.303+0800][info] GC(545)   Evacuate Collection Set: 2.7ms
[2024-10-12T11:44:52.303+0800][info] GC(545)   Post Evacuate Collection Set: 0.2ms
[2024-10-12T11:44:52.303+0800][info] GC(545)   Other: 0.1ms
[2024-10-12T11:44:52.303+0800][info] GC(545) Eden regions: 2->0(2)
[2024-10-12T11:44:52.303+0800][info] GC(545) Survivor regions: 1->1(1)
[2024-10-12T11:44:52.303+0800][info] GC(545) Old regions: 47->46
[2024-10-12T11:44:52.303+0800][info] GC(545) Archive regions: 2->2
[2024-10-12T11:44:52.303+0800][info] GC(545) Humongous regions: 3->3
[2024-10-12T11:44:52.303+0800][info] GC(545) Metaspace: 1675K(1856K)->1675K(1856K) NonClass: 1550K(1664K)->1550K(1664K) Class: 124K(192K)->124K(192K)
[2024-10-12T11:44:52.303+0800][info] GC(545) Pause Young (Mixed) (G1 Evacuation Pause) 106M->100M(128M) 3.446ms
[2024-10-12T11:44:52.303+0800][info] GC(545) User=0.01s Sys=0.00s Real=0.00s
[2024-10-12T11:44:52.406+0800][info] GC(546) Pause Young (Mixed) (G1 Evacuation Pause)
[2024-10-12T11:44:52.406+0800][info] GC(546) Using 3 workers of 48 for evacuation
[2024-10-12T11:44:52.409+0800][info] GC(546)   Pre Evacuate Collection Set: 0.2ms
[2024-10-12T11:44:52.409+0800][info] GC(546)   Merge Heap Roots: 0.1ms
[2024-10-12T11:44:52.409+0800][info] GC(546)   Evacuate Collection Set: 2.6ms
[2024-10-12T11:44:52.409+0800][info] GC(546)   Post Evacuate Collection Set: 0.3ms
[2024-10-12T11:44:52.409+0800][info] GC(546)   Other: 0.1ms
[2024-10-12T11:44:52.409+0800][info] GC(546) Eden regions: 2->0(2)
[2024-10-12T11:44:52.409+0800][info] GC(546) Survivor regions: 1->1(1)
[2024-10-12T11:44:52.409+0800][info] GC(546) Old regions: 46->45
[2024-10-12T11:44:52.409+0800][info] GC(546) Archive regions: 2->2
[2024-10-12T11:44:52.409+0800][info] GC(546) Humongous regions: 3->3
[2024-10-12T11:44:52.409+0800][info] GC(546) Metaspace: 1675K(1856K)->1675K(1856K) NonClass: 1550K(1664K)->1550K(1664K) Class: 124K(192K)->124K(192K)
[2024-10-12T11:44:52.409+0800][info] GC(546) Pause Young (Mixed) (G1 Evacuation Pause) 103M->99M(128M) 3.451ms
[2024-10-12T11:44:52.409+0800][info] GC(546) User=0.01s Sys=0.00s Real=0.00s
[2024-10-12T11:44:52.512+0800][info] GC(547) Pause Young (Mixed) (G1 Evacuation Pause)
[2024-10-12T11:44:52.512+0800][info] GC(547) Using 3 workers of 48 for evacuation
[2024-10-12T11:44:52.515+0800][info] GC(547)   Pre Evacuate Collection Set: 0.2ms
[2024-10-12T11:44:52.516+0800][info] GC(547)   Merge Heap Roots: 0.1ms
[2024-10-12T11:44:52.516+0800][info] GC(547)   Evacuate Collection Set: 3.2ms
[2024-10-12T11:44:52.516+0800][info] GC(547)   Post Evacuate Collection Set: 0.3ms
[2024-10-12T11:44:52.516+0800][info] GC(547)   Other: 0.2ms
[2024-10-12T11:44:52.516+0800][info] GC(547) Eden regions: 2->0(2)
[2024-10-12T11:44:52.516+0800][info] GC(547) Survivor regions: 1->1(1)
[2024-10-12T11:44:52.516+0800][info] GC(547) Old regions: 45->46
[2024-10-12T11:44:52.516+0800][info] GC(547) Archive regions: 2->2
[2024-10-12T11:44:52.516+0800][info] GC(547) Humongous regions: 3->3
[2024-10-12T11:44:52.516+0800][info] GC(547) Metaspace: 1675K(1856K)->1675K(1856K) NonClass: 1550K(1664K)->1550K(1664K) Class: 124K(192K)->124K(192K)
[2024-10-12T11:44:52.516+0800][info] GC(547) Pause Young (Mixed) (G1 Evacuation Pause) 103M->101M(128M) 4.012ms
[2024-10-12T11:44:52.516+0800][info] GC(547) User=0.01s Sys=0.00s Real=0.01s
[2024-10-12T11:44:52.618+0800][info] GC(548) Pause Young (Mixed) (G1 Evacuation Pause)
[2024-10-12T11:44:52.618+0800][info] GC(548) Using 3 workers of 48 for evacuation
[2024-10-12T11:44:52.623+0800][info] GC(548)   Pre Evacuate Collection Set: 0.2ms
[2024-10-12T11:44:52.623+0800][info] GC(548)   Merge Heap Roots: 0.1ms
[2024-10-12T11:44:52.623+0800][info] GC(548)   Evacuate Collection Set: 3.9ms
[2024-10-12T11:44:52.623+0800][info] GC(548)   Post Evacuate Collection Set: 0.3ms
[2024-10-12T11:44:52.623+0800][info] GC(548)   Other: 0.1ms
[2024-10-12T11:44:52.623+0800][info] GC(548) Eden regions: 2->0(2)
[2024-10-12T11:44:52.623+0800][info] GC(548) Survivor regions: 1->1(1)
[2024-10-12T11:44:52.623+0800][info] GC(548) Old regions: 46->45
[2024-10-12T11:44:52.623+0800][info] GC(548) Archive regions: 2->2
[2024-10-12T11:44:52.623+0800][info] GC(548) Humongous regions: 3->3
[2024-10-12T11:44:52.623+0800][info] GC(548) Metaspace: 1675K(1856K)->1675K(1856K) NonClass: 1550K(1664K)->1550K(1664K) Class: 124K(192K)->124K(192K)
[2024-10-12T11:44:52.623+0800][info] GC(548) Pause Young (Mixed) (G1 Evacuation Pause) 104M->98M(128M) 4.758ms
[2024-10-12T11:44:52.623+0800][info] GC(548) User=0.01s Sys=0.00s Real=0.00s
[2024-10-12T11:44:52.725+0800][info] GC(549) Pause Young (Normal) (G1 Evacuation Pause)
[2024-10-12T11:44:52.725+0800][info] GC(549) Using 3 workers of 48 for evacuation
[2024-10-12T11:44:52.727+0800][info] GC(549)   Pre Evacuate Collection Set: 0.1ms
[2024-10-12T11:44:52.727+0800][info] GC(549)   Merge Heap Roots: 0.1ms
[2024-10-12T11:44:52.727+0800][info] GC(549)   Evacuate Collection Set: 1.2ms
[2024-10-12T11:44:52.727+0800][info] GC(549)   Post Evacuate Collection Set: 0.2ms
[2024-10-12T11:44:52.727+0800][info] GC(549)   Other: 0.2ms
[2024-10-12T11:44:52.727+0800][info] GC(549) Eden regions: 2->0(2)
[2024-10-12T11:44:52.727+0800][info] GC(549) Survivor regions: 1->1(1)
[2024-10-12T11:44:52.727+0800][info] GC(549) Old regions: 45->47
[2024-10-12T11:44:52.727+0800][info] GC(549) Archive regions: 2->2
[2024-10-12T11:44:52.727+0800][info] GC(549) Humongous regions: 3->3
[2024-10-12T11:44:52.727+0800][info] GC(549) Metaspace: 1675K(1856K)->1675K(1856K) NonClass: 1550K(1664K)->1550K(1664K) Class: 124K(192K)->124K(192K)
[2024-10-12T11:44:52.727+0800][info] GC(549) Pause Young (Normal) (G1 Evacuation Pause) 101M->102M(128M) 1.906ms
[2024-10-12T11:44:52.727+0800][info] GC(549) User=0.01s Sys=0.00s Real=0.00s
[2024-10-12T11:44:52.830+0800][info] GC(550) Pause Young (Normal) (G1 Evacuation Pause)
[2024-10-12T11:44:52.830+0800][info] GC(550) Using 3 workers of 48 for evacuation
[2024-10-12T11:44:52.831+0800][info] GC(550)   Pre Evacuate Collection Set: 0.1ms
[2024-10-12T11:44:52.831+0800][info] GC(550)   Merge Heap Roots: 0.1ms
[2024-10-12T11:44:52.831+0800][info] GC(550)   Evacuate Collection Set: 0.9ms
[2024-10-12T11:44:52.831+0800][info] GC(550)   Post Evacuate Collection Set: 0.2ms
[2024-10-12T11:44:52.831+0800][info] GC(550)   Other: 0.2ms
[2024-10-12T11:44:52.831+0800][info] GC(550) Eden regions: 2->0(2)
[2024-10-12T11:44:52.831+0800][info] GC(550) Survivor regions: 1->1(1)
[2024-10-12T11:44:52.831+0800][info] GC(550) Old regions: 47->49
[2024-10-12T11:44:52.831+0800][info] GC(550) Archive regions: 2->2
[2024-10-12T11:44:52.831+0800][info] GC(550) Humongous regions: 3->3
[2024-10-12T11:44:52.831+0800][info] GC(550) Metaspace: 1675K(1856K)->1675K(1856K) NonClass: 1550K(1664K)->1550K(1664K) Class: 124K(192K)->124K(192K)
[2024-10-12T11:44:52.831+0800][info] GC(550) Pause Young (Normal) (G1 Evacuation Pause) 105M->106M(128M) 1.549ms
[2024-10-12T11:44:52.831+0800][info] GC(550) User=0.00s Sys=0.00s Real=0.00s
[2024-10-12T11:44:52.933+0800][info] GC(551) Pause Young (Concurrent Start) (G1 Evacuation Pause)
[2024-10-12T11:44:52.933+0800][info] GC(551) Using 3 workers of 48 for evacuation
[2024-10-12T11:44:52.935+0800][info] GC(551)   Pre Evacuate Collection Set: 0.1ms
[2024-10-12T11:44:52.935+0800][info] GC(551)   Merge Heap Roots: 0.1ms
[2024-10-12T11:44:52.935+0800][info] GC(551)   Evacuate Collection Set: 0.8ms
[2024-10-12T11:44:52.935+0800][info] GC(551)   Post Evacuate Collection Set: 0.2ms
[2024-10-12T11:44:52.935+0800][info] GC(551)   Other: 0.3ms
[2024-10-12T11:44:52.935+0800][info] GC(551) Eden regions: 2->0(2)
[2024-10-12T11:44:52.935+0800][info] GC(551) Survivor regions: 1->1(1)
[2024-10-12T11:44:52.935+0800][info] GC(551) Old regions: 49->50
[2024-10-12T11:44:52.935+0800][info] GC(551) Archive regions: 2->2
[2024-10-12T11:44:52.935+0800][info] GC(551) Humongous regions: 3->3
[2024-10-12T11:44:52.935+0800][info] GC(551) Metaspace: 1675K(1856K)->1675K(1856K) NonClass: 1550K(1664K)->1550K(1664K) Class: 124K(192K)->124K(192K)
[2024-10-12T11:44:52.935+0800][info] GC(551) Pause Young (Concurrent Start) (G1 Evacuation Pause) 109M->109M(128M) 1.629ms
[2024-10-12T11:44:52.935+0800][info] GC(551) User=0.00s Sys=0.00s Real=0.00s
[2024-10-12T11:44:52.935+0800][info] GC(552) Concurrent Mark Cycle
[2024-10-12T11:44:52.935+0800][info] GC(552) Concurrent Clear Claimed Marks
[2024-10-12T11:44:52.935+0800][info] GC(552) Concurrent Clear Claimed Marks 0.017ms
[2024-10-12T11:44:52.935+0800][info] GC(552) Concurrent Scan Root Regions
[2024-10-12T11:44:52.935+0800][info] GC(552) Concurrent Scan Root Regions 0.160ms
[2024-10-12T11:44:52.935+0800][info] GC(552) Concurrent Mark
[2024-10-12T11:44:52.935+0800][info] GC(552) Concurrent Mark From Roots
[2024-10-12T11:44:52.935+0800][info] GC(552) Using 12 workers of 12 for marking
[2024-10-12T11:44:52.939+0800][info] GC(552) Concurrent Mark From Roots 3.306ms
[2024-10-12T11:44:52.939+0800][info] GC(552) Concurrent Preclean
[2024-10-12T11:44:52.941+0800][info] GC(552) Concurrent Preclean 1.711ms
[2024-10-12T11:44:52.941+0800][info] GC(552) Pause Remark
[2024-10-12T11:44:52.942+0800][info] GC(552) Pause Remark 109M->109M(128M) 1.652ms
[2024-10-12T11:44:52.942+0800][info] GC(552) User=0.00s Sys=0.00s Real=0.00s
[2024-10-12T11:44:52.942+0800][info] GC(552) Concurrent Mark 6.929ms
[2024-10-12T11:44:52.942+0800][info] GC(552) Concurrent Rebuild Remembered Sets
[2024-10-12T11:44:52.944+0800][info] GC(552) Concurrent Rebuild Remembered Sets 1.149ms
[2024-10-12T11:44:52.944+0800][info] GC(552) Pause Cleanup
[2024-10-12T11:44:52.944+0800][info] GC(552) Pause Cleanup 109M->109M(128M) 0.214ms
[2024-10-12T11:44:52.944+0800][info] GC(552) User=0.00s Sys=0.00s Real=0.00s
[2024-10-12T11:44:52.944+0800][info] GC(552) Concurrent Cleanup for Next Mark
[2024-10-12T11:44:52.944+0800][info] GC(552) Concurrent Cleanup for Next Mark 0.378ms
[2024-10-12T11:44:52.944+0800][info] GC(552) Concurrent Mark Cycle 9.216ms
[2024-10-12T11:44:53.088+0800][info] GC(553) Pause Young (Prepare Mixed) (G1 Evacuation Pause)
[2024-10-12T11:44:53.088+0800][info] GC(553) Using 3 workers of 48 for evacuation
[2024-10-12T11:44:53.090+0800][info] GC(553)   Pre Evacuate Collection Set: 0.1ms
[2024-10-12T11:44:53.090+0800][info] GC(553)   Merge Heap Roots: 0.1ms
[2024-10-12T11:44:53.090+0800][info] GC(553)   Evacuate Collection Set: 1.2ms
[2024-10-12T11:44:53.090+0800][info] GC(553)   Post Evacuate Collection Set: 0.2ms
[2024-10-12T11:44:53.090+0800][info] GC(553)   Other: 0.2ms
[2024-10-12T11:44:53.090+0800][info] GC(553) Eden regions: 2->0(2)
[2024-10-12T11:44:53.090+0800][info] GC(553) Survivor regions: 1->1(1)
[2024-10-12T11:44:53.090+0800][info] GC(553) Old regions: 50->52
[2024-10-12T11:44:53.090+0800][info] GC(553) Archive regions: 2->2
[2024-10-12T11:44:53.090+0800][info] GC(553) Humongous regions: 3->3
[2024-10-12T11:44:53.090+0800][info] GC(553) Metaspace: 1675K(1856K)->1675K(1856K) NonClass: 1550K(1664K)->1550K(1664K) Class: 124K(192K)->124K(192K)
[2024-10-12T11:44:53.090+0800][info] GC(553) Pause Young (Prepare Mixed) (G1 Evacuation Pause) 113M->113M(128M) 1.933ms
[2024-10-12T11:44:53.090+0800][info] GC(553) User=0.00s Sys=0.00s Real=0.00s
[2024-10-12T11:44:53.152+0800][info] GC(554) Pause Young (Mixed) (G1 Preventive Collection)
[2024-10-12T11:44:53.152+0800][info] GC(554) Using 3 workers of 48 for evacuation
[2024-10-12T11:44:53.154+0800][info] GC(554)   Pre Evacuate Collection Set: 0.2ms
[2024-10-12T11:44:53.154+0800][info] GC(554)   Merge Heap Roots: 0.1ms
[2024-10-12T11:44:53.154+0800][info] GC(554)   Evacuate Collection Set: 1.6ms
[2024-10-12T11:44:53.154+0800][info] GC(554)   Post Evacuate Collection Set: 0.2ms
[2024-10-12T11:44:53.154+0800][info] GC(554)   Other: 0.2ms
[2024-10-12T11:44:53.154+0800][info] GC(554) Eden regions: 1->0(2)
[2024-10-12T11:44:53.154+0800][info] GC(554) Survivor regions: 1->1(1)
[2024-10-12T11:44:53.154+0800][info] GC(554) Old regions: 52->47
[2024-10-12T11:44:53.154+0800][info] GC(554) Archive regions: 2->2
[2024-10-12T11:44:53.154+0800][info] GC(554) Humongous regions: 3->3
[2024-10-12T11:44:53.154+0800][info] GC(554) Metaspace: 1675K(1856K)->1675K(1856K) NonClass: 1550K(1664K)->1550K(1664K) Class: 124K(192K)->124K(192K)
[2024-10-12T11:44:53.154+0800][info] GC(554) Pause Young (Mixed) (G1 Preventive Collection) 115M->103M(128M) 2.369ms
[2024-10-12T11:44:53.154+0800][info] GC(554) User=0.01s Sys=0.00s Real=0.01s
[2024-10-12T11:44:53.256+0800][info] GC(555) Pause Young (Mixed) (G1 Evacuation Pause)
[2024-10-12T11:44:53.256+0800][info] GC(555) Using 3 workers of 48 for evacuation
[2024-10-12T11:44:53.259+0800][info] GC(555)   Pre Evacuate Collection Set: 0.2ms
[2024-10-12T11:44:53.259+0800][info] GC(555)   Merge Heap Roots: 0.1ms
[2024-10-12T11:44:53.259+0800][info] GC(555)   Evacuate Collection Set: 2.3ms
[2024-10-12T11:44:53.259+0800][info] GC(555)   Post Evacuate Collection Set: 0.2ms
[2024-10-12T11:44:53.259+0800][info] GC(555)   Other: 0.1ms
[2024-10-12T11:44:53.259+0800][info] GC(555) Eden regions: 2->0(2)
[2024-10-12T11:44:53.259+0800][info] GC(555) Survivor regions: 1->1(1)
[2024-10-12T11:44:53.259+0800][info] GC(555) Old regions: 47->45
[2024-10-12T11:44:53.259+0800][info] GC(555) Archive regions: 2->2
[2024-10-12T11:44:53.259+0800][info] GC(555) Humongous regions: 3->3
[2024-10-12T11:44:53.259+0800][info] GC(555) Metaspace: 1675K(1856K)->1675K(1856K) NonClass: 1550K(1664K)->1550K(1664K) Class: 124K(192K)->124K(192K)
[2024-10-12T11:44:53.260+0800][info] GC(555) Pause Young (Mixed) (G1 Evacuation Pause) 106M->99M(128M) 3.131ms
[2024-10-12T11:44:53.260+0800][info] GC(555) User=0.01s Sys=0.00s Real=0.00s
[2024-10-12T11:44:53.362+0800][info] GC(556) Pause Young (Mixed) (G1 Evacuation Pause)
[2024-10-12T11:44:53.362+0800][info] GC(556) Using 3 workers of 48 for evacuation
[2024-10-12T11:44:53.365+0800][info] GC(556)   Pre Evacuate Collection Set: 0.2ms
[2024-10-12T11:44:53.365+0800][info] GC(556)   Merge Heap Roots: 0.1ms
[2024-10-12T11:44:53.365+0800][info] GC(556)   Evacuate Collection Set: 2.2ms
[2024-10-12T11:44:53.365+0800][info] GC(556)   Post Evacuate Collection Set: 0.2ms
[2024-10-12T11:44:53.365+0800][info] GC(556)   Other: 0.1ms
[2024-10-12T11:44:53.365+0800][info] GC(556) Eden regions: 2->0(2)
[2024-10-12T11:44:53.365+0800][info] GC(556) Survivor regions: 1->1(1)
[2024-10-12T11:44:53.365+0800][info] GC(556) Old regions: 45->43
[2024-10-12T11:44:53.365+0800][info] GC(556) Archive regions: 2->2
[2024-10-12T11:44:53.365+0800][info] GC(556) Humongous regions: 3->3
[2024-10-12T11:44:53.365+0800][info] GC(556) Metaspace: 1675K(1856K)->1675K(1856K) NonClass: 1550K(1664K)->1550K(1664K) Class: 124K(192K)->124K(192K)
[2024-10-12T11:44:53.365+0800][info] GC(556) Pause Young (Mixed) (G1 Evacuation Pause) 102M->95M(128M) 2.968ms
[2024-10-12T11:44:53.365+0800][info] GC(556) User=0.01s Sys=0.00s Real=0.00s
[2024-10-12T11:44:53.467+0800][info] GC(557) Pause Young (Mixed) (G1 Evacuation Pause)
[2024-10-12T11:44:53.467+0800][info] GC(557) Using 3 workers of 48 for evacuation
[2024-10-12T11:44:53.471+0800][info] GC(557)   Pre Evacuate Collection Set: 0.2ms
[2024-10-12T11:44:53.471+0800][info] GC(557)   Merge Heap Roots: 0.1ms
[2024-10-12T11:44:53.471+0800][info] GC(557)   Evacuate Collection Set: 2.8ms
[2024-10-12T11:44:53.471+0800][info] GC(557)   Post Evacuate Collection Set: 0.2ms
[2024-10-12T11:44:53.471+0800][info] GC(557)   Other: 0.1ms
[2024-10-12T11:44:53.471+0800][info] GC(557) Eden regions: 2->0(2)
[2024-10-12T11:44:53.471+0800][info] GC(557) Survivor regions: 1->1(1)
[2024-10-12T11:44:53.471+0800][info] GC(557) Old regions: 43->43
[2024-10-12T11:44:53.471+0800][info] GC(557) Archive regions: 2->2
[2024-10-12T11:44:53.471+0800][info] GC(557) Humongous regions: 3->3
[2024-10-12T11:44:53.471+0800][info] GC(557) Metaspace: 1675K(1856K)->1675K(1856K) NonClass: 1550K(1664K)->1550K(1664K) Class: 124K(192K)->124K(192K)
[2024-10-12T11:44:53.471+0800][info] GC(557) Pause Young (Mixed) (G1 Evacuation Pause) 99M->95M(128M) 3.616ms
[2024-10-12T11:44:53.471+0800][info] GC(557) User=0.01s Sys=0.00s Real=0.00s
[2024-10-12T11:44:53.573+0800][info] GC(558) Pause Young (Mixed) (G1 Evacuation Pause)
[2024-10-12T11:44:53.573+0800][info] GC(558) Using 3 workers of 48 for evacuation
[2024-10-12T11:44:53.578+0800][info] GC(558)   Pre Evacuate Collection Set: 0.2ms
[2024-10-12T11:44:53.578+0800][info] GC(558)   Merge Heap Roots: 0.1ms
[2024-10-12T11:44:53.578+0800][info] GC(558)   Evacuate Collection Set: 3.5ms
[2024-10-12T11:44:53.578+0800][info] GC(558)   Post Evacuate Collection Set: 0.3ms
[2024-10-12T11:44:53.578+0800][info] GC(558)   Other: 0.1ms
[2024-10-12T11:44:53.578+0800][info] GC(558) Eden regions: 2->0(2)
[2024-10-12T11:44:53.578+0800][info] GC(558) Survivor regions: 1->1(1)
[2024-10-12T11:44:53.578+0800][info] GC(558) Old regions: 43->45
[2024-10-12T11:44:53.578+0800][info] GC(558) Archive regions: 2->2
[2024-10-12T11:44:53.578+0800][info] GC(558) Humongous regions: 3->3
[2024-10-12T11:44:53.578+0800][info] GC(558) Metaspace: 1675K(1856K)->1675K(1856K) NonClass: 1550K(1664K)->1550K(1664K) Class: 124K(192K)->124K(192K)
[2024-10-12T11:44:53.578+0800][info] GC(558) Pause Young (Mixed) (G1 Evacuation Pause) 98M->98M(128M) 4.283ms
[2024-10-12T11:44:53.578+0800][info] GC(558) User=0.01s Sys=0.00s Real=0.00s
[2024-10-12T11:44:53.680+0800][info] GC(559) Pause Young (Normal) (G1 Evacuation Pause)
[2024-10-12T11:44:53.680+0800][info] GC(559) Using 3 workers of 48 for evacuation
[2024-10-12T11:44:53.682+0800][info] GC(559)   Pre Evacuate Collection Set: 0.1ms
[2024-10-12T11:44:53.682+0800][info] GC(559)   Merge Heap Roots: 0.1ms
[2024-10-12T11:44:53.682+0800][info] GC(559)   Evacuate Collection Set: 1.0ms
[2024-10-12T11:44:53.682+0800][info] GC(559)   Post Evacuate Collection Set: 0.2ms
[2024-10-12T11:44:53.682+0800][info] GC(559)   Other: 0.2ms
[2024-10-12T11:44:53.682+0800][info] GC(559) Eden regions: 2->0(2)
[2024-10-12T11:44:53.682+0800][info] GC(559) Survivor regions: 1->1(1)
[2024-10-12T11:44:53.682+0800][info] GC(559) Old regions: 45->47
[2024-10-12T11:44:53.682+0800][info] GC(559) Archive regions: 2->2
[2024-10-12T11:44:53.682+0800][info] GC(559) Humongous regions: 3->3
[2024-10-12T11:44:53.682+0800][info] GC(559) Metaspace: 1675K(1856K)->1675K(1856K) NonClass: 1550K(1664K)->1550K(1664K) Class: 124K(192K)->124K(192K)
[2024-10-12T11:44:53.682+0800][info] GC(559) Pause Young (Normal) (G1 Evacuation Pause) 101M->102M(128M) 1.743ms
[2024-10-12T11:44:53.682+0800][info] GC(559) User=0.01s Sys=0.00s Real=0.00s
[2024-10-12T11:44:53.784+0800][info] GC(560) Pause Young (Normal) (G1 Evacuation Pause)
[2024-10-12T11:44:53.784+0800][info] GC(560) Using 3 workers of 48 for evacuation
[2024-10-12T11:44:53.786+0800][info] GC(560)   Pre Evacuate Collection Set: 0.1ms
[2024-10-12T11:44:53.786+0800][info] GC(560)   Merge Heap Roots: 0.1ms
[2024-10-12T11:44:53.786+0800][info] GC(560)   Evacuate Collection Set: 1.0ms
[2024-10-12T11:44:53.786+0800][info] GC(560)   Post Evacuate Collection Set: 0.2ms
[2024-10-12T11:44:53.786+0800][info] GC(560)   Other: 0.2ms
[2024-10-12T11:44:53.786+0800][info] GC(560) Eden regions: 2->0(2)
[2024-10-12T11:44:53.786+0800][info] GC(560) Survivor regions: 1->1(1)
[2024-10-12T11:44:53.786+0800][info] GC(560) Old regions: 47->49
[2024-10-12T11:44:53.786+0800][info] GC(560) Archive regions: 2->2
[2024-10-12T11:44:53.786+0800][info] GC(560) Humongous regions: 3->3
[2024-10-12T11:44:53.786+0800][info] GC(560) Metaspace: 1675K(1856K)->1675K(1856K) NonClass: 1550K(1664K)->1550K(1664K) Class: 124K(192K)->124K(192K)
[2024-10-12T11:44:53.786+0800][info] GC(560) Pause Young (Normal) (G1 Evacuation Pause) 105M->106M(128M) 1.745ms
[2024-10-12T11:44:53.786+0800][info] GC(560) User=0.00s Sys=0.00s Real=0.01s
[2024-10-12T11:44:53.888+0800][info] GC(561) Pause Young (Concurrent Start) (G1 Evacuation Pause)
[2024-10-12T11:44:53.888+0800][info] GC(561) Using 3 workers of 48 for evacuation
[2024-10-12T11:44:53.890+0800][info] GC(561)   Pre Evacuate Collection Set: 0.1ms
[2024-10-12T11:44:53.890+0800][info] GC(561)   Merge Heap Roots: 0.1ms
[2024-10-12T11:44:53.890+0800][info] GC(561)   Evacuate Collection Set: 1.1ms
[2024-10-12T11:44:53.890+0800][info] GC(561)   Post Evacuate Collection Set: 0.2ms
[2024-10-12T11:44:53.890+0800][info] GC(561)   Other: 0.3ms
[2024-10-12T11:44:53.890+0800][info] GC(561) Eden regions: 2->0(2)
[2024-10-12T11:44:53.890+0800][info] GC(561) Survivor regions: 1->1(1)
[2024-10-12T11:44:53.890+0800][info] GC(561) Old regions: 49->50
[2024-10-12T11:44:53.890+0800][info] GC(561) Archive regions: 2->2
[2024-10-12T11:44:53.890+0800][info] GC(561) Humongous regions: 3->3
[2024-10-12T11:44:53.890+0800][info] GC(561) Metaspace: 1675K(1856K)->1675K(1856K) NonClass: 1550K(1664K)->1550K(1664K) Class: 124K(192K)->124K(192K)
[2024-10-12T11:44:53.890+0800][info] GC(561) Pause Young (Concurrent Start) (G1 Evacuation Pause) 109M->109M(128M) 1.920ms
[2024-10-12T11:44:53.890+0800][info] GC(561) User=0.00s Sys=0.00s Real=0.00s
[2024-10-12T11:44:53.890+0800][info] GC(562) Concurrent Mark Cycle
[2024-10-12T11:44:53.890+0800][info] GC(562) Concurrent Clear Claimed Marks
[2024-10-12T11:44:53.890+0800][info] GC(562) Concurrent Clear Claimed Marks 0.016ms
[2024-10-12T11:44:53.890+0800][info] GC(562) Concurrent Scan Root Regions
[2024-10-12T11:44:53.891+0800][info] GC(562) Concurrent Scan Root Regions 0.180ms
[2024-10-12T11:44:53.891+0800][info] GC(562) Concurrent Mark
[2024-10-12T11:44:53.891+0800][info] GC(562) Concurrent Mark From Roots
[2024-10-12T11:44:53.891+0800][info] GC(562) Using 12 workers of 12 for marking
[2024-10-12T11:44:53.894+0800][info] GC(562) Concurrent Mark From Roots 3.104ms
[2024-10-12T11:44:53.894+0800][info] GC(562) Concurrent Preclean
[2024-10-12T11:44:53.895+0800][info] GC(562) Concurrent Preclean 1.689ms
[2024-10-12T11:44:53.896+0800][info] GC(562) Pause Remark
[2024-10-12T11:44:53.897+0800][info] GC(562) Pause Remark 109M->109M(128M) 1.698ms
[2024-10-12T11:44:53.897+0800][info] GC(562) User=0.00s Sys=0.00s Real=0.00s
[2024-10-12T11:44:53.897+0800][info] GC(562) Concurrent Mark 6.817ms
[2024-10-12T11:44:53.897+0800][info] GC(562) Concurrent Rebuild Remembered Sets
[2024-10-12T11:44:53.899+0800][info] GC(562) Concurrent Rebuild Remembered Sets 1.188ms
[2024-10-12T11:44:53.899+0800][info] GC(562) Pause Cleanup
[2024-10-12T11:44:53.899+0800][info] GC(562) Pause Cleanup 109M->109M(128M) 0.213ms
[2024-10-12T11:44:53.899+0800][info] GC(562) User=0.00s Sys=0.00s Real=0.00s
[2024-10-12T11:44:53.899+0800][info] GC(562) Concurrent Cleanup for Next Mark
[2024-10-12T11:44:53.899+0800][info] GC(562) Concurrent Cleanup for Next Mark 0.338ms
[2024-10-12T11:44:53.899+0800][info] GC(562) Concurrent Mark Cycle 9.051ms
[2024-10-12T11:44:54.044+0800][info] GC(563) Pause Young (Prepare Mixed) (G1 Evacuation Pause)
[2024-10-12T11:44:54.044+0800][info] GC(563) Using 3 workers of 48 for evacuation
[2024-10-12T11:44:54.045+0800][info] GC(563)   Pre Evacuate Collection Set: 0.1ms
[2024-10-12T11:44:54.045+0800][info] GC(563)   Merge Heap Roots: 0.1ms
[2024-10-12T11:44:54.045+0800][info] GC(563)   Evacuate Collection Set: 1.0ms
[2024-10-12T11:44:54.045+0800][info] GC(563)   Post Evacuate Collection Set: 0.2ms
[2024-10-12T11:44:54.045+0800][info] GC(563)   Other: 0.2ms
[2024-10-12T11:44:54.045+0800][info] GC(563) Eden regions: 2->0(2)
[2024-10-12T11:44:54.045+0800][info] GC(563) Survivor regions: 1->1(1)
[2024-10-12T11:44:54.045+0800][info] GC(563) Old regions: 50->52
[2024-10-12T11:44:54.045+0800][info] GC(563) Archive regions: 2->2
[2024-10-12T11:44:54.045+0800][info] GC(563) Humongous regions: 3->3
[2024-10-12T11:44:54.045+0800][info] GC(563) Metaspace: 1675K(1856K)->1675K(1856K) NonClass: 1550K(1664K)->1550K(1664K) Class: 124K(192K)->124K(192K)
[2024-10-12T11:44:54.046+0800][info] GC(563) Pause Young (Prepare Mixed) (G1 Evacuation Pause) 113M->113M(128M) 1.746ms
[2024-10-12T11:44:54.046+0800][info] GC(563) User=0.00s Sys=0.00s Real=0.01s
[2024-10-12T11:44:54.107+0800][info] GC(564) Pause Young (Mixed) (G1 Preventive Collection)
[2024-10-12T11:44:54.107+0800][info] GC(564) Using 3 workers of 48 for evacuation
[2024-10-12T11:44:54.109+0800][info] GC(564)   Pre Evacuate Collection Set: 0.2ms
[2024-10-12T11:44:54.109+0800][info] GC(564)   Merge Heap Roots: 0.1ms
[2024-10-12T11:44:54.109+0800][info] GC(564)   Evacuate Collection Set: 1.6ms
[2024-10-12T11:44:54.109+0800][info] GC(564)   Post Evacuate Collection Set: 0.2ms
[2024-10-12T11:44:54.109+0800][info] GC(564)   Other: 0.2ms
[2024-10-12T11:44:54.109+0800][info] GC(564) Eden regions: 1->0(2)
[2024-10-12T11:44:54.109+0800][info] GC(564) Survivor regions: 1->1(1)
[2024-10-12T11:44:54.109+0800][info] GC(564) Old regions: 52->48
[2024-10-12T11:44:54.109+0800][info] GC(564) Archive regions: 2->2
[2024-10-12T11:44:54.109+0800][info] GC(564) Humongous regions: 3->3
[2024-10-12T11:44:54.109+0800][info] GC(564) Metaspace: 1675K(1856K)->1675K(1856K) NonClass: 1550K(1664K)->1550K(1664K) Class: 124K(192K)->124K(192K)
[2024-10-12T11:44:54.109+0800][info] GC(564) Pause Young (Mixed) (G1 Preventive Collection) 115M->104M(128M) 2.332ms
[2024-10-12T11:44:54.109+0800][info] GC(564) User=0.01s Sys=0.00s Real=0.00s
[2024-10-12T11:44:54.212+0800][info] GC(565) Pause Young (Mixed) (G1 Evacuation Pause)
[2024-10-12T11:44:54.212+0800][info] GC(565) Using 3 workers of 48 for evacuation
[2024-10-12T11:44:54.215+0800][info] GC(565)   Pre Evacuate Collection Set: 0.2ms
[2024-10-12T11:44:54.215+0800][info] GC(565)   Merge Heap Roots: 0.1ms
[2024-10-12T11:44:54.215+0800][info] GC(565)   Evacuate Collection Set: 2.2ms
[2024-10-12T11:44:54.215+0800][info] GC(565)   Post Evacuate Collection Set: 0.3ms
[2024-10-12T11:44:54.215+0800][info] GC(565)   Other: 0.2ms
[2024-10-12T11:44:54.215+0800][info] GC(565) Eden regions: 2->0(2)
[2024-10-12T11:44:54.215+0800][info] GC(565) Survivor regions: 1->1(1)
[2024-10-12T11:44:54.215+0800][info] GC(565) Old regions: 48->45
[2024-10-12T11:44:54.215+0800][info] GC(565) Archive regions: 2->2
[2024-10-12T11:44:54.215+0800][info] GC(565) Humongous regions: 4->3
[2024-10-12T11:44:54.215+0800][info] GC(565) Metaspace: 1675K(1856K)->1675K(1856K) NonClass: 1550K(1664K)->1550K(1664K) Class: 124K(192K)->124K(192K)
[2024-10-12T11:44:54.215+0800][info] GC(565) Pause Young (Mixed) (G1 Evacuation Pause) 109M->99M(128M) 2.992ms
[2024-10-12T11:44:54.215+0800][info] GC(565) User=0.00s Sys=0.00s Real=0.01s
[2024-10-12T11:44:54.318+0800][info] GC(566) Pause Young (Mixed) (G1 Evacuation Pause)
[2024-10-12T11:44:54.318+0800][info] GC(566) Using 3 workers of 48 for evacuation
[2024-10-12T11:44:54.321+0800][info] GC(566)   Pre Evacuate Collection Set: 0.2ms
[2024-10-12T11:44:54.321+0800][info] GC(566)   Merge Heap Roots: 0.1ms
[2024-10-12T11:44:54.321+0800][info] GC(566)   Evacuate Collection Set: 3.0ms
[2024-10-12T11:44:54.321+0800][info] GC(566)   Post Evacuate Collection Set: 0.3ms
[2024-10-12T11:44:54.321+0800][info] GC(566)   Other: 0.1ms
[2024-10-12T11:44:54.321+0800][info] GC(566) Eden regions: 2->0(2)
[2024-10-12T11:44:54.321+0800][info] GC(566) Survivor regions: 1->1(1)
[2024-10-12T11:44:54.321+0800][info] GC(566) Old regions: 45->43
[2024-10-12T11:44:54.321+0800][info] GC(566) Archive regions: 2->2
[2024-10-12T11:44:54.321+0800][info] GC(566) Humongous regions: 3->3
[2024-10-12T11:44:54.321+0800][info] GC(566) Metaspace: 1675K(1856K)->1675K(1856K) NonClass: 1550K(1664K)->1550K(1664K) Class: 124K(192K)->124K(192K)
[2024-10-12T11:44:54.321+0800][info] GC(566) Pause Young (Mixed) (G1 Evacuation Pause) 103M->95M(128M) 3.709ms
[2024-10-12T11:44:54.321+0800][info] GC(566) User=0.01s Sys=0.00s Real=0.00s
[2024-10-12T11:44:54.424+0800][info] GC(567) Pause Young (Mixed) (G1 Evacuation Pause)
[2024-10-12T11:44:54.424+0800][info] GC(567) Using 3 workers of 48 for evacuation
[2024-10-12T11:44:54.428+0800][info] GC(567)   Pre Evacuate Collection Set: 0.2ms
[2024-10-12T11:44:54.428+0800][info] GC(567)   Merge Heap Roots: 0.1ms
[2024-10-12T11:44:54.428+0800][info] GC(567)   Evacuate Collection Set: 3.6ms
[2024-10-12T11:44:54.428+0800][info] GC(567)   Post Evacuate Collection Set: 0.3ms
[2024-10-12T11:44:54.428+0800][info] GC(567)   Other: 0.2ms
[2024-10-12T11:44:54.428+0800][info] GC(567) Eden regions: 2->0(2)
[2024-10-12T11:44:54.428+0800][info] GC(567) Survivor regions: 1->1(1)
[2024-10-12T11:44:54.428+0800][info] GC(567) Old regions: 43->43
[2024-10-12T11:44:54.428+0800][info] GC(567) Archive regions: 2->2
[2024-10-12T11:44:54.428+0800][info] GC(567) Humongous regions: 3->3
[2024-10-12T11:44:54.428+0800][info] GC(567) Metaspace: 1675K(1856K)->1675K(1856K) NonClass: 1550K(1664K)->1550K(1664K) Class: 124K(192K)->124K(192K)
[2024-10-12T11:44:54.428+0800][info] GC(567) Pause Young (Mixed) (G1 Evacuation Pause) 99M->95M(128M) 4.473ms
[2024-10-12T11:44:54.428+0800][info] GC(567) User=0.01s Sys=0.00s Real=0.01s
[2024-10-12T11:44:54.531+0800][info] GC(568) Pause Young (Mixed) (G1 Evacuation Pause)
[2024-10-12T11:44:54.531+0800][info] GC(568) Using 3 workers of 48 for evacuation
[2024-10-12T11:44:54.534+0800][info] GC(568)   Pre Evacuate Collection Set: 0.2ms
[2024-10-12T11:44:54.534+0800][info] GC(568)   Merge Heap Roots: 0.1ms
[2024-10-12T11:44:54.534+0800][info] GC(568)   Evacuate Collection Set: 3.1ms
[2024-10-12T11:44:54.534+0800][info] GC(568)   Post Evacuate Collection Set: 0.3ms
[2024-10-12T11:44:54.534+0800][info] GC(568)   Other: 0.1ms
[2024-10-12T11:44:54.534+0800][info] GC(568) Eden regions: 2->0(2)
[2024-10-12T11:44:54.534+0800][info] GC(568) Survivor regions: 1->1(1)
[2024-10-12T11:44:54.534+0800][info] GC(568) Old regions: 43->44
[2024-10-12T11:44:54.534+0800][info] GC(568) Archive regions: 2->2
[2024-10-12T11:44:54.534+0800][info] GC(568) Humongous regions: 3->3
[2024-10-12T11:44:54.534+0800][info] GC(568) Metaspace: 1675K(1856K)->1675K(1856K) NonClass: 1550K(1664K)->1550K(1664K) Class: 124K(192K)->124K(192K)
[2024-10-12T11:44:54.535+0800][info] GC(568) Pause Young (Mixed) (G1 Evacuation Pause) 98M->97M(128M) 4.009ms
[2024-10-12T11:44:54.535+0800][info] GC(568) User=0.01s Sys=0.00s Real=0.01s
[2024-10-12T11:44:54.637+0800][info] GC(569) Pause Young (Normal) (G1 Evacuation Pause)
[2024-10-12T11:44:54.637+0800][info] GC(569) Using 3 workers of 48 for evacuation
[2024-10-12T11:44:54.639+0800][info] GC(569)   Pre Evacuate Collection Set: 0.1ms
[2024-10-12T11:44:54.639+0800][info] GC(569)   Merge Heap Roots: 0.0ms
[2024-10-12T11:44:54.639+0800][info] GC(569)   Evacuate Collection Set: 1.0ms
[2024-10-12T11:44:54.639+0800][info] GC(569)   Post Evacuate Collection Set: 0.2ms
[2024-10-12T11:44:54.639+0800][info] GC(569)   Other: 0.2ms
[2024-10-12T11:44:54.639+0800][info] GC(569) Eden regions: 2->0(2)
[2024-10-12T11:44:54.639+0800][info] GC(569) Survivor regions: 1->1(1)
[2024-10-12T11:44:54.639+0800][info] GC(569) Old regions: 44->46
[2024-10-12T11:44:54.639+0800][info] GC(569) Archive regions: 2->2
[2024-10-12T11:44:54.639+0800][info] GC(569) Humongous regions: 3->3
[2024-10-12T11:44:54.639+0800][info] GC(569) Metaspace: 1675K(1856K)->1675K(1856K) NonClass: 1550K(1664K)->1550K(1664K) Class: 124K(192K)->124K(192K)
[2024-10-12T11:44:54.639+0800][info] GC(569) Pause Young (Normal) (G1 Evacuation Pause) 100M->100M(128M) 1.707ms
[2024-10-12T11:44:54.639+0800][info] GC(569) User=0.00s Sys=0.01s Real=0.00s
[2024-10-12T11:44:54.741+0800][info] GC(570) Pause Young (Normal) (G1 Evacuation Pause)
[2024-10-12T11:44:54.741+0800][info] GC(570) Using 3 workers of 48 for evacuation
[2024-10-12T11:44:54.742+0800][info] GC(570)   Pre Evacuate Collection Set: 0.1ms
[2024-10-12T11:44:54.742+0800][info] GC(570)   Merge Heap Roots: 0.1ms
[2024-10-12T11:44:54.742+0800][info] GC(570)   Evacuate Collection Set: 0.9ms
[2024-10-12T11:44:54.742+0800][info] GC(570)   Post Evacuate Collection Set: 0.2ms
[2024-10-12T11:44:54.742+0800][info] GC(570)   Other: 0.2ms
[2024-10-12T11:44:54.742+0800][info] GC(570) Eden regions: 2->0(2)
[2024-10-12T11:44:54.742+0800][info] GC(570) Survivor regions: 1->1(1)
[2024-10-12T11:44:54.742+0800][info] GC(570) Old regions: 46->48
[2024-10-12T11:44:54.742+0800][info] GC(570) Archive regions: 2->2
[2024-10-12T11:44:54.742+0800][info] GC(570) Humongous regions: 3->3
[2024-10-12T11:44:54.742+0800][info] GC(570) Metaspace: 1675K(1856K)->1675K(1856K) NonClass: 1550K(1664K)->1550K(1664K) Class: 124K(192K)->124K(192K)
[2024-10-12T11:44:54.743+0800][info] GC(570) Pause Young (Normal) (G1 Evacuation Pause) 104M->104M(128M) 1.555ms
[2024-10-12T11:44:54.743+0800][info] GC(570) User=0.01s Sys=0.00s Real=0.00s
[2024-10-12T11:44:54.845+0800][info] GC(571) Pause Young (Concurrent Start) (G1 Evacuation Pause)
[2024-10-12T11:44:54.845+0800][info] GC(571) Using 3 workers of 48 for evacuation
[2024-10-12T11:44:54.847+0800][info] GC(571)   Pre Evacuate Collection Set: 0.1ms
[2024-10-12T11:44:54.847+0800][info] GC(571)   Merge Heap Roots: 0.1ms
[2024-10-12T11:44:54.847+0800][info] GC(571)   Evacuate Collection Set: 0.9ms
[2024-10-12T11:44:54.847+0800][info] GC(571)   Post Evacuate Collection Set: 0.2ms
[2024-10-12T11:44:54.847+0800][info] GC(571)   Other: 0.4ms
[2024-10-12T11:44:54.847+0800][info] GC(571) Eden regions: 2->0(2)
[2024-10-12T11:44:54.847+0800][info] GC(571) Survivor regions: 1->1(1)
[2024-10-12T11:44:54.847+0800][info] GC(571) Old regions: 48->50
[2024-10-12T11:44:54.847+0800][info] GC(571) Archive regions: 2->2
[2024-10-12T11:44:54.847+0800][info] GC(571) Humongous regions: 3->3
[2024-10-12T11:44:54.847+0800][info] GC(571) Metaspace: 1675K(1856K)->1675K(1856K) NonClass: 1550K(1664K)->1550K(1664K) Class: 124K(192K)->124K(192K)
[2024-10-12T11:44:54.847+0800][info] GC(571) Pause Young (Concurrent Start) (G1 Evacuation Pause) 108M->109M(128M) 1.770ms
[2024-10-12T11:44:54.847+0800][info] GC(571) User=0.00s Sys=0.00s Real=0.01s
[2024-10-12T11:44:54.847+0800][info] GC(572) Concurrent Mark Cycle
[2024-10-12T11:44:54.847+0800][info] GC(572) Concurrent Clear Claimed Marks
[2024-10-12T11:44:54.847+0800][info] GC(572) Concurrent Clear Claimed Marks 0.017ms
[2024-10-12T11:44:54.847+0800][info] GC(572) Concurrent Scan Root Regions
[2024-10-12T11:44:54.847+0800][info] GC(572) Concurrent Scan Root Regions 0.167ms
[2024-10-12T11:44:54.847+0800][info] GC(572) Concurrent Mark
[2024-10-12T11:44:54.847+0800][info] GC(572) Concurrent Mark From Roots
[2024-10-12T11:44:54.847+0800][info] GC(572) Using 12 workers of 12 for marking
[2024-10-12T11:44:54.851+0800][info] GC(572) Concurrent Mark From Roots 3.334ms
[2024-10-12T11:44:54.851+0800][info] GC(572) Concurrent Preclean
[2024-10-12T11:44:54.852+0800][info] GC(572) Concurrent Preclean 1.677ms
[2024-10-12T11:44:54.852+0800][info] GC(572) Pause Remark
[2024-10-12T11:44:54.854+0800][info] GC(572) Pause Remark 109M->109M(128M) 1.578ms
[2024-10-12T11:44:54.854+0800][info] GC(572) User=0.00s Sys=0.00s Real=0.01s
[2024-10-12T11:44:54.854+0800][info] GC(572) Concurrent Mark 6.825ms
[2024-10-12T11:44:54.854+0800][info] GC(572) Concurrent Rebuild Remembered Sets
[2024-10-12T11:44:54.855+0800][info] GC(572) Concurrent Rebuild Remembered Sets 1.309ms
[2024-10-12T11:44:54.855+0800][info] GC(572) Pause Cleanup
[2024-10-12T11:44:54.856+0800][info] GC(572) Pause Cleanup 109M->109M(128M) 0.245ms
[2024-10-12T11:44:54.856+0800][info] GC(572) User=0.00s Sys=0.00s Real=0.00s
[2024-10-12T11:44:54.856+0800][info] GC(572) Concurrent Cleanup for Next Mark
[2024-10-12T11:44:54.856+0800][info] GC(572) Concurrent Cleanup for Next Mark 0.337ms
[2024-10-12T11:44:54.856+0800][info] GC(572) Concurrent Mark Cycle 9.274ms
[2024-10-12T11:44:55.000+0800][info] GC(573) Pause Young (Prepare Mixed) (G1 Evacuation Pause)
[2024-10-12T11:44:55.000+0800][info] GC(573) Using 3 workers of 48 for evacuation
[2024-10-12T11:44:55.002+0800][info] GC(573)   Pre Evacuate Collection Set: 0.1ms
[2024-10-12T11:44:55.002+0800][info] GC(573)   Merge Heap Roots: 0.1ms
[2024-10-12T11:44:55.002+0800][info] GC(573)   Evacuate Collection Set: 1.1ms
[2024-10-12T11:44:55.002+0800][info] GC(573)   Post Evacuate Collection Set: 0.2ms
[2024-10-12T11:44:55.002+0800][info] GC(573)   Other: 0.2ms
[2024-10-12T11:44:55.002+0800][info] GC(573) Eden regions: 2->0(2)
[2024-10-12T11:44:55.002+0800][info] GC(573) Survivor regions: 1->1(1)
[2024-10-12T11:44:55.002+0800][info] GC(573) Old regions: 50->52
[2024-10-12T11:44:55.002+0800][info] GC(573) Archive regions: 2->2
[2024-10-12T11:44:55.002+0800][info] GC(573) Humongous regions: 3->3
[2024-10-12T11:44:55.002+0800][info] GC(573) Metaspace: 1675K(1856K)->1675K(1856K) NonClass: 1550K(1664K)->1550K(1664K) Class: 124K(192K)->124K(192K)
[2024-10-12T11:44:55.002+0800][info] GC(573) Pause Young (Prepare Mixed) (G1 Evacuation Pause) 112M->112M(128M) 1.792ms
[2024-10-12T11:44:55.002+0800][info] GC(573) User=0.01s Sys=0.00s Real=0.00s
[2024-10-12T11:44:55.063+0800][info] GC(574) Pause Young (Mixed) (G1 Preventive Collection)
[2024-10-12T11:44:55.063+0800][info] GC(574) Using 3 workers of 48 for evacuation
[2024-10-12T11:44:55.065+0800][info] GC(574)   Pre Evacuate Collection Set: 0.2ms
[2024-10-12T11:44:55.065+0800][info] GC(574)   Merge Heap Roots: 0.1ms
[2024-10-12T11:44:55.066+0800][info] GC(574)   Evacuate Collection Set: 1.8ms
[2024-10-12T11:44:55.066+0800][info] GC(574)   Post Evacuate Collection Set: 0.2ms
[2024-10-12T11:44:55.066+0800][info] GC(574)   Other: 0.2ms
[2024-10-12T11:44:55.066+0800][info] GC(574) Eden regions: 1->0(2)
[2024-10-12T11:44:55.066+0800][info] GC(574) Survivor regions: 1->1(1)
[2024-10-12T11:44:55.066+0800][info] GC(574) Old regions: 52->47
[2024-10-12T11:44:55.066+0800][info] GC(574) Archive regions: 2->2
[2024-10-12T11:44:55.066+0800][info] GC(574) Humongous regions: 3->3
[2024-10-12T11:44:55.066+0800][info] GC(574) Metaspace: 1675K(1856K)->1675K(1856K) NonClass: 1550K(1664K)->1550K(1664K) Class: 124K(192K)->124K(192K)
[2024-10-12T11:44:55.066+0800][info] GC(574) Pause Young (Mixed) (G1 Preventive Collection) 114M->102M(128M) 2.525ms
[2024-10-12T11:44:55.066+0800][info] GC(574) User=0.01s Sys=0.00s Real=0.01s
[2024-10-12T11:44:55.168+0800][info] GC(575) Pause Young (Mixed) (G1 Evacuation Pause)
[2024-10-12T11:44:55.168+0800][info] GC(575) Using 3 workers of 48 for evacuation
[2024-10-12T11:44:55.171+0800][info] GC(575)   Pre Evacuate Collection Set: 0.2ms
[2024-10-12T11:44:55.171+0800][info] GC(575)   Merge Heap Roots: 0.1ms
[2024-10-12T11:44:55.171+0800][info] GC(575)   Evacuate Collection Set: 2.3ms
[2024-10-12T11:44:55.171+0800][info] GC(575)   Post Evacuate Collection Set: 0.2ms
[2024-10-12T11:44:55.171+0800][info] GC(575)   Other: 0.1ms
[2024-10-12T11:44:55.171+0800][info] GC(575) Eden regions: 2->0(2)
[2024-10-12T11:44:55.171+0800][info] GC(575) Survivor regions: 1->1(1)
[2024-10-12T11:44:55.171+0800][info] GC(575) Old regions: 47->45
[2024-10-12T11:44:55.171+0800][info] GC(575) Archive regions: 2->2
[2024-10-12T11:44:55.171+0800][info] GC(575) Humongous regions: 3->3
[2024-10-12T11:44:55.171+0800][info] GC(575) Metaspace: 1682K(1856K)->1682K(1856K) NonClass: 1558K(1664K)->1558K(1664K) Class: 124K(192K)->124K(192K)
[2024-10-12T11:44:55.171+0800][info] GC(575) Pause Young (Mixed) (G1 Evacuation Pause) 106M->98M(128M) 3.049ms
[2024-10-12T11:44:55.171+0800][info] GC(575) User=0.00s Sys=0.00s Real=0.00s
[2024-10-12T11:44:55.274+0800][info] GC(576) Pause Young (Mixed) (G1 Evacuation Pause)
[2024-10-12T11:44:55.274+0800][info] GC(576) Using 3 workers of 48 for evacuation
[2024-10-12T11:44:55.277+0800][info] GC(576)   Pre Evacuate Collection Set: 0.2ms
[2024-10-12T11:44:55.277+0800][info] GC(576)   Merge Heap Roots: 0.1ms
[2024-10-12T11:44:55.277+0800][info] GC(576)   Evacuate Collection Set: 2.7ms
[2024-10-12T11:44:55.277+0800][info] GC(576)   Post Evacuate Collection Set: 0.3ms
[2024-10-12T11:44:55.277+0800][info] GC(576)   Other: 0.1ms
[2024-10-12T11:44:55.277+0800][info] GC(576) Eden regions: 2->0(2)
[2024-10-12T11:44:55.277+0800][info] GC(576) Survivor regions: 1->1(1)
[2024-10-12T11:44:55.277+0800][info] GC(576) Old regions: 45->43
[2024-10-12T11:44:55.277+0800][info] GC(576) Archive regions: 2->2
[2024-10-12T11:44:55.277+0800][info] GC(576) Humongous regions: 3->3
[2024-10-12T11:44:55.277+0800][info] GC(576) Metaspace: 1682K(1856K)->1682K(1856K) NonClass: 1558K(1664K)->1558K(1664K) Class: 124K(192K)->124K(192K)
[2024-10-12T11:44:55.277+0800][info] GC(576) Pause Young (Mixed) (G1 Evacuation Pause) 101M->95M(128M) 3.472ms
[2024-10-12T11:44:55.277+0800][info] GC(576) User=0.00s Sys=0.01s Real=0.00s
[2024-10-12T11:44:55.380+0800][info] GC(577) Pause Young (Mixed) (G1 Evacuation Pause)
[2024-10-12T11:44:55.380+0800][info] GC(577) Using 3 workers of 48 for evacuation
[2024-10-12T11:44:55.384+0800][info] GC(577)   Pre Evacuate Collection Set: 0.2ms
[2024-10-12T11:44:55.384+0800][info] GC(577)   Merge Heap Roots: 0.1ms
[2024-10-12T11:44:55.384+0800][info] GC(577)   Evacuate Collection Set: 3.4ms
[2024-10-12T11:44:55.384+0800][info] GC(577)   Post Evacuate Collection Set: 0.3ms
[2024-10-12T11:44:55.384+0800][info] GC(577)   Other: 0.1ms
[2024-10-12T11:44:55.384+0800][info] GC(577) Eden regions: 2->0(2)
[2024-10-12T11:44:55.384+0800][info] GC(577) Survivor regions: 1->1(1)
[2024-10-12T11:44:55.384+0800][info] GC(577) Old regions: 43->43
[2024-10-12T11:44:55.384+0800][info] GC(577) Archive regions: 2->2
[2024-10-12T11:44:55.384+0800][info] GC(577) Humongous regions: 3->3
[2024-10-12T11:44:55.384+0800][info] GC(577) Metaspace: 1682K(1856K)->1682K(1856K) NonClass: 1558K(1664K)->1558K(1664K) Class: 124K(192K)->124K(192K)
[2024-10-12T11:44:55.384+0800][info] GC(577) Pause Young (Mixed) (G1 Evacuation Pause) 99M->95M(128M) 4.224ms
[2024-10-12T11:44:55.384+0800][info] GC(577) User=0.01s Sys=0.00s Real=0.00s
[2024-10-12T11:44:55.486+0800][info] GC(578) Pause Young (Mixed) (G1 Evacuation Pause)
[2024-10-12T11:44:55.486+0800][info] GC(578) Using 3 workers of 48 for evacuation
[2024-10-12T11:44:55.490+0800][info] GC(578)   Pre Evacuate Collection Set: 0.2ms
[2024-10-12T11:44:55.490+0800][info] GC(578)   Merge Heap Roots: 0.1ms
[2024-10-12T11:44:55.490+0800][info] GC(578)   Evacuate Collection Set: 2.9ms
[2024-10-12T11:44:55.490+0800][info] GC(578)   Post Evacuate Collection Set: 0.3ms
[2024-10-12T11:44:55.490+0800][info] GC(578)   Other: 0.2ms
[2024-10-12T11:44:55.490+0800][info] GC(578) Eden regions: 2->0(2)
[2024-10-12T11:44:55.490+0800][info] GC(578) Survivor regions: 1->1(1)
[2024-10-12T11:44:55.490+0800][info] GC(578) Old regions: 43->44
[2024-10-12T11:44:55.490+0800][info] GC(578) Archive regions: 2->2
[2024-10-12T11:44:55.490+0800][info] GC(578) Humongous regions: 3->3
[2024-10-12T11:44:55.490+0800][info] GC(578) Metaspace: 1682K(1856K)->1682K(1856K) NonClass: 1558K(1664K)->1558K(1664K) Class: 124K(192K)->124K(192K)
[2024-10-12T11:44:55.490+0800][info] GC(578) Pause Young (Mixed) (G1 Evacuation Pause) 98M->96M(128M) 3.656ms
[2024-10-12T11:44:55.490+0800][info] GC(578) User=0.00s Sys=0.00s Real=0.00s
[2024-10-12T11:44:55.593+0800][info] GC(579) Pause Young (Normal) (G1 Evacuation Pause)
[2024-10-12T11:44:55.593+0800][info] GC(579) Using 3 workers of 48 for evacuation
[2024-10-12T11:44:55.594+0800][info] GC(579)   Pre Evacuate Collection Set: 0.1ms
[2024-10-12T11:44:55.594+0800][info] GC(579)   Merge Heap Roots: 0.1ms
[2024-10-12T11:44:55.594+0800][info] GC(579)   Evacuate Collection Set: 1.1ms
[2024-10-12T11:44:55.594+0800][info] GC(579)   Post Evacuate Collection Set: 0.2ms
[2024-10-12T11:44:55.594+0800][info] GC(579)   Other: 0.2ms
[2024-10-12T11:44:55.594+0800][info] GC(579) Eden regions: 2->0(2)
[2024-10-12T11:44:55.594+0800][info] GC(579) Survivor regions: 1->1(1)
[2024-10-12T11:44:55.594+0800][info] GC(579) Old regions: 44->46
[2024-10-12T11:44:55.594+0800][info] GC(579) Archive regions: 2->2
[2024-10-12T11:44:55.594+0800][info] GC(579) Humongous regions: 3->3
[2024-10-12T11:44:55.594+0800][info] GC(579) Metaspace: 1682K(1856K)->1682K(1856K) NonClass: 1558K(1664K)->1558K(1664K) Class: 124K(192K)->124K(192K)
[2024-10-12T11:44:55.594+0800][info] GC(579) Pause Young (Normal) (G1 Evacuation Pause) 100M->100M(128M) 1.817ms
[2024-10-12T11:44:55.594+0800][info] GC(579) User=0.00s Sys=0.00s Real=0.01s
[2024-10-12T11:44:55.697+0800][info] GC(580) Pause Young (Normal) (G1 Evacuation Pause)
[2024-10-12T11:44:55.697+0800][info] GC(580) Using 3 workers of 48 for evacuation
[2024-10-12T11:44:55.698+0800][info] GC(580)   Pre Evacuate Collection Set: 0.1ms
[2024-10-12T11:44:55.698+0800][info] GC(580)   Merge Heap Roots: 0.1ms
[2024-10-12T11:44:55.698+0800][info] GC(580)   Evacuate Collection Set: 1.1ms
[2024-10-12T11:44:55.698+0800][info] GC(580)   Post Evacuate Collection Set: 0.2ms
[2024-10-12T11:44:55.698+0800][info] GC(580)   Other: 0.2ms
[2024-10-12T11:44:55.698+0800][info] GC(580) Eden regions: 2->0(2)
[2024-10-12T11:44:55.698+0800][info] GC(580) Survivor regions: 1->1(1)
[2024-10-12T11:44:55.698+0800][info] GC(580) Old regions: 46->48
[2024-10-12T11:44:55.698+0800][info] GC(580) Archive regions: 2->2
[2024-10-12T11:44:55.698+0800][info] GC(580) Humongous regions: 3->3
[2024-10-12T11:44:55.698+0800][info] GC(580) Metaspace: 1682K(1856K)->1682K(1856K) NonClass: 1558K(1664K)->1558K(1664K) Class: 124K(192K)->124K(192K)
[2024-10-12T11:44:55.698+0800][info] GC(580) Pause Young (Normal) (G1 Evacuation Pause) 103M->104M(128M) 1.757ms
[2024-10-12T11:44:55.698+0800][info] GC(580) User=0.01s Sys=0.00s Real=0.00s
[2024-10-12T11:44:55.801+0800][info] GC(581) Pause Young (Concurrent Start) (G1 Evacuation Pause)
[2024-10-12T11:44:55.801+0800][info] GC(581) Using 3 workers of 48 for evacuation
[2024-10-12T11:44:55.803+0800][info] GC(581)   Pre Evacuate Collection Set: 0.1ms
[2024-10-12T11:44:55.803+0800][info] GC(581)   Merge Heap Roots: 0.1ms
[2024-10-12T11:44:55.803+0800][info] GC(581)   Evacuate Collection Set: 1.0ms
[2024-10-12T11:44:55.803+0800][info] GC(581)   Post Evacuate Collection Set: 0.2ms
[2024-10-12T11:44:55.803+0800][info] GC(581)   Other: 0.4ms
[2024-10-12T11:44:55.803+0800][info] GC(581) Eden regions: 2->0(2)
[2024-10-12T11:44:55.803+0800][info] GC(581) Survivor regions: 1->1(1)
[2024-10-12T11:44:55.803+0800][info] GC(581) Old regions: 48->50
[2024-10-12T11:44:55.803+0800][info] GC(581) Archive regions: 2->2
[2024-10-12T11:44:55.803+0800][info] GC(581) Humongous regions: 3->3
[2024-10-12T11:44:55.803+0800][info] GC(581) Metaspace: 1682K(1856K)->1682K(1856K) NonClass: 1558K(1664K)->1558K(1664K) Class: 124K(192K)->124K(192K)
[2024-10-12T11:44:55.803+0800][info] GC(581) Pause Young (Concurrent Start) (G1 Evacuation Pause) 107M->108M(128M) 1.897ms
[2024-10-12T11:44:55.803+0800][info] GC(581) User=0.01s Sys=0.00s Real=0.00s
[2024-10-12T11:44:55.803+0800][info] GC(582) Concurrent Mark Cycle
[2024-10-12T11:44:55.803+0800][info] GC(582) Concurrent Clear Claimed Marks
[2024-10-12T11:44:55.803+0800][info] GC(582) Concurrent Clear Claimed Marks 0.017ms
[2024-10-12T11:44:55.803+0800][info] GC(582) Concurrent Scan Root Regions
[2024-10-12T11:44:55.803+0800][info] GC(582) Concurrent Scan Root Regions 0.112ms
[2024-10-12T11:44:55.803+0800][info] GC(582) Concurrent Mark
[2024-10-12T11:44:55.803+0800][info] GC(582) Concurrent Mark From Roots
[2024-10-12T11:44:55.803+0800][info] GC(582) Using 12 workers of 12 for marking
[2024-10-12T11:44:55.807+0800][info] GC(582) Concurrent Mark From Roots 3.354ms
[2024-10-12T11:44:55.807+0800][info] GC(582) Concurrent Preclean
[2024-10-12T11:44:55.808+0800][info] GC(582) Concurrent Preclean 1.686ms
[2024-10-12T11:44:55.808+0800][info] GC(582) Pause Remark
[2024-10-12T11:44:55.810+0800][info] GC(582) Pause Remark 108M->108M(128M) 1.728ms
[2024-10-12T11:44:55.810+0800][info] GC(582) User=0.01s Sys=0.00s Real=0.00s
[2024-10-12T11:44:55.810+0800][info] GC(582) Concurrent Mark 7.091ms
[2024-10-12T11:44:55.810+0800][info] GC(582) Concurrent Rebuild Remembered Sets
[2024-10-12T11:44:55.812+0800][info] GC(582) Concurrent Rebuild Remembered Sets 1.326ms
[2024-10-12T11:44:55.812+0800][info] GC(582) Pause Cleanup
[2024-10-12T11:44:55.812+0800][info] GC(582) Pause Cleanup 108M->108M(128M) 0.252ms
[2024-10-12T11:44:55.812+0800][info] GC(582) User=0.01s Sys=0.00s Real=0.00s
[2024-10-12T11:44:55.812+0800][info] GC(582) Concurrent Cleanup for Next Mark
[2024-10-12T11:44:55.812+0800][info] GC(582) Concurrent Cleanup for Next Mark 0.332ms
[2024-10-12T11:44:55.813+0800][info] GC(582) Concurrent Mark Cycle 9.499ms
[2024-10-12T11:44:55.956+0800][info] GC(583) Pause Young (Prepare Mixed) (G1 Evacuation Pause)
[2024-10-12T11:44:55.956+0800][info] GC(583) Using 3 workers of 48 for evacuation
[2024-10-12T11:44:55.958+0800][info] GC(583)   Pre Evacuate Collection Set: 0.1ms
[2024-10-12T11:44:55.958+0800][info] GC(583)   Merge Heap Roots: 0.1ms
[2024-10-12T11:44:55.958+0800][info] GC(583)   Evacuate Collection Set: 1.1ms
[2024-10-12T11:44:55.958+0800][info] GC(583)   Post Evacuate Collection Set: 0.2ms
[2024-10-12T11:44:55.958+0800][info] GC(583)   Other: 0.2ms
[2024-10-12T11:44:55.958+0800][info] GC(583) Eden regions: 2->0(2)
[2024-10-12T11:44:55.958+0800][info] GC(583) Survivor regions: 1->1(1)
[2024-10-12T11:44:55.958+0800][info] GC(583) Old regions: 50->52
[2024-10-12T11:44:55.958+0800][info] GC(583) Archive regions: 2->2
[2024-10-12T11:44:55.958+0800][info] GC(583) Humongous regions: 3->3
[2024-10-12T11:44:55.958+0800][info] GC(583) Metaspace: 1682K(1856K)->1682K(1856K) NonClass: 1558K(1664K)->1558K(1664K) Class: 124K(192K)->124K(192K)
[2024-10-12T11:44:55.958+0800][info] GC(583) Pause Young (Prepare Mixed) (G1 Evacuation Pause) 111M->112M(128M) 1.857ms
[2024-10-12T11:44:55.958+0800][info] GC(583) User=0.00s Sys=0.00s Real=0.00s
[2024-10-12T11:44:56.019+0800][info] GC(584) Pause Young (Mixed) (G1 Preventive Collection)
[2024-10-12T11:44:56.019+0800][info] GC(584) Using 3 workers of 48 for evacuation
[2024-10-12T11:44:56.022+0800][info] GC(584)   Pre Evacuate Collection Set: 0.2ms
[2024-10-12T11:44:56.022+0800][info] GC(584)   Merge Heap Roots: 0.1ms
[2024-10-12T11:44:56.022+0800][info] GC(584)   Evacuate Collection Set: 1.9ms
[2024-10-12T11:44:56.022+0800][info] GC(584)   Post Evacuate Collection Set: 0.2ms
[2024-10-12T11:44:56.022+0800][info] GC(584)   Other: 0.2ms
[2024-10-12T11:44:56.022+0800][info] GC(584) Eden regions: 1->0(2)
[2024-10-12T11:44:56.022+0800][info] GC(584) Survivor regions: 1->1(1)
[2024-10-12T11:44:56.022+0800][info] GC(584) Old regions: 52->48
[2024-10-12T11:44:56.022+0800][info] GC(584) Archive regions: 2->2
[2024-10-12T11:44:56.022+0800][info] GC(584) Humongous regions: 3->3
[2024-10-12T11:44:56.022+0800][info] GC(584) Metaspace: 1682K(1856K)->1682K(1856K) NonClass: 1558K(1664K)->1558K(1664K) Class: 124K(192K)->124K(192K)
[2024-10-12T11:44:56.022+0800][info] GC(584) Pause Young (Mixed) (G1 Preventive Collection) 114M->104M(128M) 2.685ms
[2024-10-12T11:44:56.022+0800][info] GC(584) User=0.01s Sys=0.00s Real=0.00s
[2024-10-12T11:44:56.124+0800][info] GC(585) Pause Young (Mixed) (G1 Evacuation Pause)
[2024-10-12T11:44:56.124+0800][info] GC(585) Using 3 workers of 48 for evacuation
[2024-10-12T11:44:56.128+0800][info] GC(585)   Pre Evacuate Collection Set: 0.2ms
[2024-10-12T11:44:56.128+0800][info] GC(585)   Merge Heap Roots: 0.1ms
[2024-10-12T11:44:56.128+0800][info] GC(585)   Evacuate Collection Set: 2.7ms
[2024-10-12T11:44:56.128+0800][info] GC(585)   Post Evacuate Collection Set: 0.2ms
[2024-10-12T11:44:56.128+0800][info] GC(585)   Other: 0.1ms
[2024-10-12T11:44:56.128+0800][info] GC(585) Eden regions: 2->0(2)
[2024-10-12T11:44:56.128+0800][info] GC(585) Survivor regions: 1->1(1)
[2024-10-12T11:44:56.128+0800][info] GC(585) Old regions: 48->46
[2024-10-12T11:44:56.128+0800][info] GC(585) Archive regions: 2->2
[2024-10-12T11:44:56.128+0800][info] GC(585) Humongous regions: 3->3
[2024-10-12T11:44:56.128+0800][info] GC(585) Metaspace: 1682K(1856K)->1682K(1856K) NonClass: 1558K(1664K)->1558K(1664K) Class: 124K(192K)->124K(192K)
[2024-10-12T11:44:56.128+0800][info] GC(585) Pause Young (Mixed) (G1 Evacuation Pause) 108M->100M(128M) 3.450ms
[2024-10-12T11:44:56.128+0800][info] GC(585) User=0.01s Sys=0.00s Real=0.01s
[2024-10-12T11:44:56.230+0800][info] GC(586) Pause Young (Mixed) (G1 Evacuation Pause)
[2024-10-12T11:44:56.230+0800][info] GC(586) Using 3 workers of 48 for evacuation
[2024-10-12T11:44:56.234+0800][info] GC(586)   Pre Evacuate Collection Set: 0.2ms
[2024-10-12T11:44:56.234+0800][info] GC(586)   Merge Heap Roots: 0.1ms
[2024-10-12T11:44:56.234+0800][info] GC(586)   Evacuate Collection Set: 2.9ms
[2024-10-12T11:44:56.234+0800][info] GC(586)   Post Evacuate Collection Set: 0.2ms
[2024-10-12T11:44:56.234+0800][info] GC(586)   Other: 0.1ms
[2024-10-12T11:44:56.234+0800][info] GC(586) Eden regions: 2->0(2)
[2024-10-12T11:44:56.234+0800][info] GC(586) Survivor regions: 1->1(1)
[2024-10-12T11:44:56.234+0800][info] GC(586) Old regions: 46->45
[2024-10-12T11:44:56.234+0800][info] GC(586) Archive regions: 2->2
[2024-10-12T11:44:56.234+0800][info] GC(586) Humongous regions: 3->3
[2024-10-12T11:44:56.234+0800][info] GC(586) Metaspace: 1682K(1856K)->1682K(1856K) NonClass: 1558K(1664K)->1558K(1664K) Class: 124K(192K)->124K(192K)
[2024-10-12T11:44:56.234+0800][info] GC(586) Pause Young (Mixed) (G1 Evacuation Pause) 103M->98M(128M) 3.644ms
[2024-10-12T11:44:56.234+0800][info] GC(586) User=0.01s Sys=0.00s Real=0.01s
[2024-10-12T11:44:56.336+0800][info] GC(587) Pause Young (Mixed) (G1 Evacuation Pause)
[2024-10-12T11:44:56.336+0800][info] GC(587) Using 3 workers of 48 for evacuation
[2024-10-12T11:44:56.340+0800][info] GC(587)   Pre Evacuate Collection Set: 0.2ms
[2024-10-12T11:44:56.340+0800][info] GC(587)   Merge Heap Roots: 0.1ms
[2024-10-12T11:44:56.340+0800][info] GC(587)   Evacuate Collection Set: 3.1ms
[2024-10-12T11:44:56.340+0800][info] GC(587)   Post Evacuate Collection Set: 0.2ms
[2024-10-12T11:44:56.340+0800][info] GC(587)   Other: 0.1ms
[2024-10-12T11:44:56.340+0800][info] GC(587) Eden regions: 2->0(2)
[2024-10-12T11:44:56.340+0800][info] GC(587) Survivor regions: 1->1(1)
[2024-10-12T11:44:56.340+0800][info] GC(587) Old regions: 45->44
[2024-10-12T11:44:56.340+0800][info] GC(587) Archive regions: 2->2
[2024-10-12T11:44:56.340+0800][info] GC(587) Humongous regions: 3->3
[2024-10-12T11:44:56.340+0800][info] GC(587) Metaspace: 1682K(1856K)->1682K(1856K) NonClass: 1558K(1664K)->1558K(1664K) Class: 124K(192K)->124K(192K)
[2024-10-12T11:44:56.340+0800][info] GC(587) Pause Young (Mixed) (G1 Evacuation Pause) 102M->97M(128M) 3.865ms
[2024-10-12T11:44:56.340+0800][info] GC(587) User=0.01s Sys=0.00s Real=0.00s
[2024-10-12T11:44:56.443+0800][info] GC(588) Pause Young (Mixed) (G1 Evacuation Pause)
[2024-10-12T11:44:56.443+0800][info] GC(588) Using 3 workers of 48 for evacuation
[2024-10-12T11:44:56.448+0800][info] GC(588)   Pre Evacuate Collection Set: 0.2ms
[2024-10-12T11:44:56.448+0800][info] GC(588)   Merge Heap Roots: 0.1ms
[2024-10-12T11:44:56.448+0800][info] GC(588)   Evacuate Collection Set: 4.5ms
[2024-10-12T11:44:56.448+0800][info] GC(588)   Post Evacuate Collection Set: 0.3ms
[2024-10-12T11:44:56.448+0800][info] GC(588)   Other: 0.2ms
[2024-10-12T11:44:56.448+0800][info] GC(588) Eden regions: 2->0(2)
[2024-10-12T11:44:56.448+0800][info] GC(588) Survivor regions: 1->1(1)
[2024-10-12T11:44:56.448+0800][info] GC(588) Old regions: 44->43
[2024-10-12T11:44:56.448+0800][info] GC(588) Archive regions: 2->2
[2024-10-12T11:44:56.448+0800][info] GC(588) Humongous regions: 4->3
[2024-10-12T11:44:56.448+0800][info] GC(588) Metaspace: 1682K(1856K)->1682K(1856K) NonClass: 1558K(1664K)->1558K(1664K) Class: 124K(192K)->124K(192K)
[2024-10-12T11:44:56.448+0800][info] GC(588) Pause Young (Mixed) (G1 Evacuation Pause) 103M->95M(128M) 5.344ms
[2024-10-12T11:44:56.448+0800][info] GC(588) User=0.02s Sys=0.00s Real=0.01s
[2024-10-12T11:44:56.551+0800][info] GC(589) Pause Young (Normal) (G1 Evacuation Pause)
[2024-10-12T11:44:56.551+0800][info] GC(589) Using 3 workers of 48 for evacuation
[2024-10-12T11:44:56.552+0800][info] GC(589)   Pre Evacuate Collection Set: 0.1ms
[2024-10-12T11:44:56.552+0800][info] GC(589)   Merge Heap Roots: 0.0ms
[2024-10-12T11:44:56.552+0800][info] GC(589)   Evacuate Collection Set: 1.0ms
[2024-10-12T11:44:56.552+0800][info] GC(589)   Post Evacuate Collection Set: 0.2ms
[2024-10-12T11:44:56.552+0800][info] GC(589)   Other: 0.2ms
[2024-10-12T11:44:56.552+0800][info] GC(589) Eden regions: 2->0(2)
[2024-10-12T11:44:56.552+0800][info] GC(589) Survivor regions: 1->1(1)
[2024-10-12T11:44:56.552+0800][info] GC(589) Old regions: 43->45
[2024-10-12T11:44:56.552+0800][info] GC(589) Archive regions: 2->2
[2024-10-12T11:44:56.552+0800][info] GC(589) Humongous regions: 3->3
[2024-10-12T11:44:56.552+0800][info] GC(589) Metaspace: 1682K(1856K)->1682K(1856K) NonClass: 1558K(1664K)->1558K(1664K) Class: 124K(192K)->124K(192K)
[2024-10-12T11:44:56.552+0800][info] GC(589) Pause Young (Normal) (G1 Evacuation Pause) 99M->99M(128M) 1.584ms
[2024-10-12T11:44:56.552+0800][info] GC(589) User=0.00s Sys=0.00s Real=0.00s
[2024-10-12T11:44:56.655+0800][info] GC(590) Pause Young (Normal) (G1 Evacuation Pause)
[2024-10-12T11:44:56.655+0800][info] GC(590) Using 3 workers of 48 for evacuation
[2024-10-12T11:44:56.656+0800][info] GC(590)   Pre Evacuate Collection Set: 0.1ms
[2024-10-12T11:44:56.656+0800][info] GC(590)   Merge Heap Roots: 0.1ms
[2024-10-12T11:44:56.656+0800][info] GC(590)   Evacuate Collection Set: 1.0ms
[2024-10-12T11:44:56.656+0800][info] GC(590)   Post Evacuate Collection Set: 0.2ms
[2024-10-12T11:44:56.656+0800][info] GC(590)   Other: 0.2ms
[2024-10-12T11:44:56.657+0800][info] GC(590) Eden regions: 2->0(2)
[2024-10-12T11:44:56.657+0800][info] GC(590) Survivor regions: 1->1(1)
[2024-10-12T11:44:56.657+0800][info] GC(590) Old regions: 45->47
[2024-10-12T11:44:56.657+0800][info] GC(590) Archive regions: 2->2
[2024-10-12T11:44:56.657+0800][info] GC(590) Humongous regions: 3->3
[2024-10-12T11:44:56.657+0800][info] GC(590) Metaspace: 1682K(1856K)->1682K(1856K) NonClass: 1558K(1664K)->1558K(1664K) Class: 124K(192K)->124K(192K)
[2024-10-12T11:44:56.657+0800][info] GC(590) Pause Young (Normal) (G1 Evacuation Pause) 102M->103M(128M) 1.705ms
[2024-10-12T11:44:56.657+0800][info] GC(590) User=0.00s Sys=0.00s Real=0.00s
[2024-10-12T11:44:56.759+0800][info] GC(591) Pause Young (Concurrent Start) (G1 Evacuation Pause)
[2024-10-12T11:44:56.759+0800][info] GC(591) Using 3 workers of 48 for evacuation
[2024-10-12T11:44:56.760+0800][info] GC(591)   Pre Evacuate Collection Set: 0.1ms
[2024-10-12T11:44:56.760+0800][info] GC(591)   Merge Heap Roots: 0.1ms
[2024-10-12T11:44:56.760+0800][info] GC(591)   Evacuate Collection Set: 0.9ms
[2024-10-12T11:44:56.760+0800][info] GC(591)   Post Evacuate Collection Set: 0.2ms
[2024-10-12T11:44:56.760+0800][info] GC(591)   Other: 0.4ms
[2024-10-12T11:44:56.760+0800][info] GC(591) Eden regions: 2->0(2)
[2024-10-12T11:44:56.760+0800][info] GC(591) Survivor regions: 1->1(1)
[2024-10-12T11:44:56.760+0800][info] GC(591) Old regions: 47->49
[2024-10-12T11:44:56.760+0800][info] GC(591) Archive regions: 2->2
[2024-10-12T11:44:56.760+0800][info] GC(591) Humongous regions: 3->3
[2024-10-12T11:44:56.760+0800][info] GC(591) Metaspace: 1682K(1856K)->1682K(1856K) NonClass: 1558K(1664K)->1558K(1664K) Class: 124K(192K)->124K(192K)
[2024-10-12T11:44:56.760+0800][info] GC(591) Pause Young (Concurrent Start) (G1 Evacuation Pause) 106M->106M(128M) 1.724ms
[2024-10-12T11:44:56.760+0800][info] GC(591) User=0.00s Sys=0.00s Real=0.00s
[2024-10-12T11:44:56.761+0800][info] GC(592) Concurrent Mark Cycle
[2024-10-12T11:44:56.761+0800][info] GC(592) Concurrent Clear Claimed Marks
[2024-10-12T11:44:56.761+0800][info] GC(592) Concurrent Clear Claimed Marks 0.017ms
[2024-10-12T11:44:56.761+0800][info] GC(592) Concurrent Scan Root Regions
[2024-10-12T11:44:56.761+0800][info] GC(592) Concurrent Scan Root Regions 0.162ms
[2024-10-12T11:44:56.761+0800][info] GC(592) Concurrent Mark
[2024-10-12T11:44:56.761+0800][info] GC(592) Concurrent Mark From Roots
[2024-10-12T11:44:56.761+0800][info] GC(592) Using 12 workers of 12 for marking
[2024-10-12T11:44:56.764+0800][info] GC(592) Concurrent Mark From Roots 3.364ms
[2024-10-12T11:44:56.764+0800][info] GC(592) Concurrent Preclean
[2024-10-12T11:44:56.766+0800][info] GC(592) Concurrent Preclean 1.690ms
[2024-10-12T11:44:56.766+0800][info] GC(592) Pause Remark
[2024-10-12T11:44:56.768+0800][info] GC(592) Pause Remark 107M->107M(128M) 1.603ms
[2024-10-12T11:44:56.768+0800][info] GC(592) User=0.00s Sys=0.00s Real=0.00s
[2024-10-12T11:44:56.768+0800][info] GC(592) Concurrent Mark 6.961ms
[2024-10-12T11:44:56.768+0800][info] GC(592) Concurrent Rebuild Remembered Sets
[2024-10-12T11:44:56.769+0800][info] GC(592) Concurrent Rebuild Remembered Sets 1.290ms
[2024-10-12T11:44:56.769+0800][info] GC(592) Pause Cleanup
[2024-10-12T11:44:56.769+0800][info] GC(592) Pause Cleanup 107M->107M(128M) 0.220ms
[2024-10-12T11:44:56.769+0800][info] GC(592) User=0.00s Sys=0.00s Real=0.00s
[2024-10-12T11:44:56.770+0800][info] GC(592) Concurrent Cleanup for Next Mark
[2024-10-12T11:44:56.770+0800][info] GC(592) Concurrent Cleanup for Next Mark 0.391ms
[2024-10-12T11:44:56.770+0800][info] GC(592) Concurrent Mark Cycle 9.351ms
[2024-10-12T11:44:56.914+0800][info] GC(593) Pause Young (Prepare Mixed) (G1 Evacuation Pause)
[2024-10-12T11:44:56.914+0800][info] GC(593) Using 3 workers of 48 for evacuation
[2024-10-12T11:44:56.915+0800][info] GC(593)   Pre Evacuate Collection Set: 0.1ms
[2024-10-12T11:44:56.915+0800][info] GC(593)   Merge Heap Roots: 0.1ms
[2024-10-12T11:44:56.915+0800][info] GC(593)   Evacuate Collection Set: 0.9ms
[2024-10-12T11:44:56.915+0800][info] GC(593)   Post Evacuate Collection Set: 0.2ms
[2024-10-12T11:44:56.915+0800][info] GC(593)   Other: 0.2ms
[2024-10-12T11:44:56.915+0800][info] GC(593) Eden regions: 2->0(2)
[2024-10-12T11:44:56.915+0800][info] GC(593) Survivor regions: 1->1(1)
[2024-10-12T11:44:56.915+0800][info] GC(593) Old regions: 49->51
[2024-10-12T11:44:56.915+0800][info] GC(593) Archive regions: 2->2
[2024-10-12T11:44:56.915+0800][info] GC(593) Humongous regions: 3->3
[2024-10-12T11:44:56.915+0800][info] GC(593) Metaspace: 1682K(1856K)->1682K(1856K) NonClass: 1558K(1664K)->1558K(1664K) Class: 124K(192K)->124K(192K)
[2024-10-12T11:44:56.915+0800][info] GC(593) Pause Young (Prepare Mixed) (G1 Evacuation Pause) 110M->110M(128M) 1.599ms
[2024-10-12T11:44:56.915+0800][info] GC(593) User=0.00s Sys=0.00s Real=0.00s
[2024-10-12T11:44:57.017+0800][info] GC(594) Pause Young (Mixed) (G1 Preventive Collection)
[2024-10-12T11:44:57.018+0800][info] GC(594) Using 3 workers of 48 for evacuation
[2024-10-12T11:44:57.020+0800][info] GC(594) To-space exhausted
[2024-10-12T11:44:57.020+0800][info] GC(594)   Pre Evacuate Collection Set: 0.2ms
[2024-10-12T11:44:57.020+0800][info] GC(594)   Merge Heap Roots: 0.1ms
[2024-10-12T11:44:57.020+0800][info] GC(594)   Evacuate Collection Set: 1.8ms
[2024-10-12T11:44:57.020+0800][info] GC(594)   Post Evacuate Collection Set: 0.3ms
[2024-10-12T11:44:57.020+0800][info] GC(594)   Other: 0.2ms
[2024-10-12T11:44:57.020+0800][info] GC(594) Eden regions: 2->0(2)
[2024-10-12T11:44:57.020+0800][info] GC(594) Survivor regions: 1->1(1)
[2024-10-12T11:44:57.020+0800][info] GC(594) Old regions: 51->49
[2024-10-12T11:44:57.020+0800][info] GC(594) Archive regions: 2->2
[2024-10-12T11:44:57.020+0800][info] GC(594) Humongous regions: 3->3
[2024-10-12T11:44:57.020+0800][info] GC(594) Metaspace: 1682K(1856K)->1682K(1856K) NonClass: 1558K(1664K)->1558K(1664K) Class: 124K(192K)->124K(192K)
[2024-10-12T11:44:57.020+0800][info] GC(594) Pause Young (Mixed) (G1 Preventive Collection) 114M->107M(128M) 2.578ms
[2024-10-12T11:44:57.020+0800][info] GC(594) User=0.01s Sys=0.00s Real=0.00s
[2024-10-12T11:44:57.123+0800][info] GC(595) Pause Young (Mixed) (G1 Preventive Collection)
[2024-10-12T11:44:57.123+0800][info] GC(595) Using 3 workers of 48 for evacuation
[2024-10-12T11:44:57.126+0800][info] GC(595)   Pre Evacuate Collection Set: 0.2ms
[2024-10-12T11:44:57.126+0800][info] GC(595)   Merge Heap Roots: 0.1ms
[2024-10-12T11:44:57.126+0800][info] GC(595)   Evacuate Collection Set: 2.6ms
[2024-10-12T11:44:57.126+0800][info] GC(595)   Post Evacuate Collection Set: 0.2ms
[2024-10-12T11:44:57.126+0800][info] GC(595)   Other: 0.1ms
[2024-10-12T11:44:57.126+0800][info] GC(595) Eden regions: 2->0(2)
[2024-10-12T11:44:57.126+0800][info] GC(595) Survivor regions: 1->1(1)
[2024-10-12T11:44:57.126+0800][info] GC(595) Old regions: 49->47
[2024-10-12T11:44:57.126+0800][info] GC(595) Archive regions: 2->2
[2024-10-12T11:44:57.126+0800][info] GC(595) Humongous regions: 3->3
[2024-10-12T11:44:57.126+0800][info] GC(595) Metaspace: 1682K(1856K)->1682K(1856K) NonClass: 1558K(1664K)->1558K(1664K) Class: 124K(192K)->124K(192K)
[2024-10-12T11:44:57.126+0800][info] GC(595) Pause Young (Mixed) (G1 Preventive Collection) 111M->103M(128M) 3.313ms
[2024-10-12T11:44:57.126+0800][info] GC(595) User=0.01s Sys=0.00s Real=0.01s
[2024-10-12T11:44:57.228+0800][info] GC(596) Pause Young (Mixed) (G1 Evacuation Pause)
[2024-10-12T11:44:57.228+0800][info] GC(596) Using 3 workers of 48 for evacuation
[2024-10-12T11:44:57.232+0800][info] GC(596)   Pre Evacuate Collection Set: 0.2ms
[2024-10-12T11:44:57.232+0800][info] GC(596)   Merge Heap Roots: 0.1ms
[2024-10-12T11:44:57.232+0800][info] GC(596)   Evacuate Collection Set: 3.1ms
[2024-10-12T11:44:57.232+0800][info] GC(596)   Post Evacuate Collection Set: 0.2ms
[2024-10-12T11:44:57.232+0800][info] GC(596)   Other: 0.1ms
[2024-10-12T11:44:57.232+0800][info] GC(596) Eden regions: 2->0(2)
[2024-10-12T11:44:57.232+0800][info] GC(596) Survivor regions: 1->1(1)
[2024-10-12T11:44:57.232+0800][info] GC(596) Old regions: 47->47
[2024-10-12T11:44:57.232+0800][info] GC(596) Archive regions: 2->2
[2024-10-12T11:44:57.232+0800][info] GC(596) Humongous regions: 3->3
[2024-10-12T11:44:57.232+0800][info] GC(596) Metaspace: 1682K(1856K)->1682K(1856K) NonClass: 1558K(1664K)->1558K(1664K) Class: 124K(192K)->124K(192K)
[2024-10-12T11:44:57.232+0800][info] GC(596) Pause Young (Mixed) (G1 Evacuation Pause) 106M->103M(128M) 3.869ms
[2024-10-12T11:44:57.232+0800][info] GC(596) User=0.01s Sys=0.00s Real=0.00s
[2024-10-12T11:44:57.335+0800][info] GC(597) Pause Young (Mixed) (G1 Preventive Collection)
[2024-10-12T11:44:57.335+0800][info] GC(597) Using 3 workers of 48 for evacuation
[2024-10-12T11:44:57.339+0800][info] GC(597)   Pre Evacuate Collection Set: 0.2ms
[2024-10-12T11:44:57.339+0800][info] GC(597)   Merge Heap Roots: 0.1ms
[2024-10-12T11:44:57.339+0800][info] GC(597)   Evacuate Collection Set: 3.3ms
[2024-10-12T11:44:57.339+0800][info] GC(597)   Post Evacuate Collection Set: 0.3ms
[2024-10-12T11:44:57.339+0800][info] GC(597)   Other: 0.2ms
[2024-10-12T11:44:57.339+0800][info] GC(597) Eden regions: 2->0(2)
[2024-10-12T11:44:57.339+0800][info] GC(597) Survivor regions: 1->1(1)
[2024-10-12T11:44:57.339+0800][info] GC(597) Old regions: 47->46
[2024-10-12T11:44:57.339+0800][info] GC(597) Archive regions: 2->2
[2024-10-12T11:44:57.339+0800][info] GC(597) Humongous regions: 3->3
[2024-10-12T11:44:57.339+0800][info] GC(597) Metaspace: 1682K(1856K)->1682K(1856K) NonClass: 1558K(1664K)->1558K(1664K) Class: 124K(192K)->124K(192K)
[2024-10-12T11:44:57.339+0800][info] GC(597) Pause Young (Mixed) (G1 Preventive Collection) 106M->101M(128M) 4.124ms
[2024-10-12T11:44:57.339+0800][info] GC(597) User=0.01s Sys=0.00s Real=0.00s
[2024-10-12T11:44:57.441+0800][info] GC(598) Pause Young (Mixed) (G1 Evacuation Pause)
[2024-10-12T11:44:57.441+0800][info] GC(598) Using 3 workers of 48 for evacuation
[2024-10-12T11:44:57.445+0800][info] GC(598)   Pre Evacuate Collection Set: 0.2ms
[2024-10-12T11:44:57.445+0800][info] GC(598)   Merge Heap Roots: 0.1ms
[2024-10-12T11:44:57.445+0800][info] GC(598)   Evacuate Collection Set: 3.3ms
[2024-10-12T11:44:57.445+0800][info] GC(598)   Post Evacuate Collection Set: 0.3ms
[2024-10-12T11:44:57.445+0800][info] GC(598)   Other: 0.1ms
[2024-10-12T11:44:57.445+0800][info] GC(598) Eden regions: 2->0(2)
[2024-10-12T11:44:57.445+0800][info] GC(598) Survivor regions: 1->1(1)
[2024-10-12T11:44:57.445+0800][info] GC(598) Old regions: 46->46
[2024-10-12T11:44:57.445+0800][info] GC(598) Archive regions: 2->2
[2024-10-12T11:44:57.445+0800][info] GC(598) Humongous regions: 3->3
[2024-10-12T11:44:57.445+0800][info] GC(598) Metaspace: 1682K(1856K)->1682K(1856K) NonClass: 1558K(1664K)->1558K(1664K) Class: 124K(192K)->124K(192K)
[2024-10-12T11:44:57.445+0800][info] GC(598) Pause Young (Mixed) (G1 Evacuation Pause) 105M->101M(128M) 4.125ms
[2024-10-12T11:44:57.445+0800][info] GC(598) User=0.01s Sys=0.00s Real=0.01s
[2024-10-12T11:44:57.547+0800][info] GC(599) Pause Young (Normal) (G1 Evacuation Pause)
[2024-10-12T11:44:57.547+0800][info] GC(599) Using 3 workers of 48 for evacuation
[2024-10-12T11:44:57.549+0800][info] GC(599)   Pre Evacuate Collection Set: 0.1ms
[2024-10-12T11:44:57.549+0800][info] GC(599)   Merge Heap Roots: 0.1ms
[2024-10-12T11:44:57.549+0800][info] GC(599)   Evacuate Collection Set: 1.0ms
[2024-10-12T11:44:57.549+0800][info] GC(599)   Post Evacuate Collection Set: 0.2ms
[2024-10-12T11:44:57.549+0800][info] GC(599)   Other: 0.2ms
[2024-10-12T11:44:57.549+0800][info] GC(599) Eden regions: 2->0(2)
[2024-10-12T11:44:57.549+0800][info] GC(599) Survivor regions: 1->1(1)
[2024-10-12T11:44:57.549+0800][info] GC(599) Old regions: 46->48
[2024-10-12T11:44:57.549+0800][info] GC(599) Archive regions: 2->2
[2024-10-12T11:44:57.549+0800][info] GC(599) Humongous regions: 3->3
[2024-10-12T11:44:57.549+0800][info] GC(599) Metaspace: 1682K(1856K)->1682K(1856K) NonClass: 1558K(1664K)->1558K(1664K) Class: 124K(192K)->124K(192K)
[2024-10-12T11:44:57.549+0800][info] GC(599) Pause Young (Normal) (G1 Evacuation Pause) 104M->105M(128M) 1.783ms
[2024-10-12T11:44:57.549+0800][info] GC(599) User=0.01s Sys=0.00s Real=0.00s
[2024-10-12T11:44:57.651+0800][info] GC(600) Pause Young (Normal) (G1 Evacuation Pause)
[2024-10-12T11:44:57.651+0800][info] GC(600) Using 3 workers of 48 for evacuation
[2024-10-12T11:44:57.653+0800][info] GC(600)   Pre Evacuate Collection Set: 0.1ms
[2024-10-12T11:44:57.653+0800][info] GC(600)   Merge Heap Roots: 0.1ms
[2024-10-12T11:44:57.653+0800][info] GC(600)   Evacuate Collection Set: 0.9ms
[2024-10-12T11:44:57.653+0800][info] GC(600)   Post Evacuate Collection Set: 0.2ms
[2024-10-12T11:44:57.653+0800][info] GC(600)   Other: 0.2ms
[2024-10-12T11:44:57.653+0800][info] GC(600) Eden regions: 2->0(2)
[2024-10-12T11:44:57.653+0800][info] GC(600) Survivor regions: 1->1(1)
[2024-10-12T11:44:57.653+0800][info] GC(600) Old regions: 48->50
[2024-10-12T11:44:57.653+0800][info] GC(600) Archive regions: 2->2
[2024-10-12T11:44:57.653+0800][info] GC(600) Humongous regions: 3->3
[2024-10-12T11:44:57.653+0800][info] GC(600) Metaspace: 1682K(1856K)->1682K(1856K) NonClass: 1558K(1664K)->1558K(1664K) Class: 124K(192K)->124K(192K)
[2024-10-12T11:44:57.653+0800][info] GC(600) Pause Young (Normal) (G1 Evacuation Pause) 108M->109M(128M) 1.622ms
[2024-10-12T11:44:57.653+0800][info] GC(600) User=0.00s Sys=0.00s Real=0.00s
[2024-10-12T11:44:57.756+0800][info] GC(601) Pause Young (Concurrent Start) (G1 Evacuation Pause)
[2024-10-12T11:44:57.756+0800][info] GC(601) Using 3 workers of 48 for evacuation
[2024-10-12T11:44:57.758+0800][info] GC(601)   Pre Evacuate Collection Set: 0.1ms
[2024-10-12T11:44:57.758+0800][info] GC(601)   Merge Heap Roots: 0.1ms
[2024-10-12T11:44:57.758+0800][info] GC(601)   Evacuate Collection Set: 1.1ms
[2024-10-12T11:44:57.758+0800][info] GC(601)   Post Evacuate Collection Set: 0.2ms
[2024-10-12T11:44:57.758+0800][info] GC(601)   Other: 0.3ms
[2024-10-12T11:44:57.758+0800][info] GC(601) Eden regions: 2->0(2)
[2024-10-12T11:44:57.758+0800][info] GC(601) Survivor regions: 1->1(1)
[2024-10-12T11:44:57.758+0800][info] GC(601) Old regions: 50->52
[2024-10-12T11:44:57.758+0800][info] GC(601) Archive regions: 2->2
[2024-10-12T11:44:57.758+0800][info] GC(601) Humongous regions: 3->3
[2024-10-12T11:44:57.758+0800][info] GC(601) Metaspace: 1695K(1856K)->1695K(1856K) NonClass: 1571K(1664K)->1571K(1664K) Class: 124K(192K)->124K(192K)
[2024-10-12T11:44:57.758+0800][info] GC(601) Pause Young (Concurrent Start) (G1 Evacuation Pause) 112M->113M(128M) 1.912ms
[2024-10-12T11:44:57.758+0800][info] GC(601) User=0.00s Sys=0.00s Real=0.00s
[2024-10-12T11:44:57.758+0800][info] GC(602) Concurrent Mark Cycle
[2024-10-12T11:44:57.758+0800][info] GC(602) Concurrent Clear Claimed Marks
[2024-10-12T11:44:57.758+0800][info] GC(602) Concurrent Clear Claimed Marks 0.017ms
[2024-10-12T11:44:57.758+0800][info] GC(602) Concurrent Scan Root Regions
[2024-10-12T11:44:57.758+0800][info] GC(602) Concurrent Scan Root Regions 0.157ms
[2024-10-12T11:44:57.758+0800][info] GC(602) Concurrent Mark
[2024-10-12T11:44:57.758+0800][info] GC(602) Concurrent Mark From Roots
[2024-10-12T11:44:57.758+0800][info] GC(602) Using 12 workers of 12 for marking
[2024-10-12T11:44:57.762+0800][info] GC(602) Concurrent Mark From Roots 3.475ms
[2024-10-12T11:44:57.762+0800][info] GC(602) Concurrent Preclean
[2024-10-12T11:44:57.763+0800][info] GC(602) Concurrent Preclean 1.674ms
[2024-10-12T11:44:57.763+0800][info] GC(602) Pause Remark
[2024-10-12T11:44:57.765+0800][info] GC(602) Pause Remark 113M->113M(128M) 1.587ms
[2024-10-12T11:44:57.765+0800][info] GC(602) User=0.00s Sys=0.00s Real=0.00s
[2024-10-12T11:44:57.765+0800][info] GC(602) Concurrent Mark 7.046ms
[2024-10-12T11:44:57.765+0800][info] GC(602) Concurrent Rebuild Remembered Sets
[2024-10-12T11:44:57.766+0800][info] GC(602) Concurrent Rebuild Remembered Sets 1.165ms
[2024-10-12T11:44:57.766+0800][info] GC(602) Pause Cleanup
[2024-10-12T11:44:57.767+0800][info] GC(602) Pause Cleanup 113M->113M(128M) 0.249ms
[2024-10-12T11:44:57.767+0800][info] GC(602) User=0.00s Sys=0.00s Real=0.00s
[2024-10-12T11:44:57.767+0800][info] GC(602) Concurrent Cleanup for Next Mark
[2024-10-12T11:44:57.767+0800][info] GC(602) Concurrent Cleanup for Next Mark 0.395ms
[2024-10-12T11:44:57.767+0800][info] GC(602) Concurrent Mark Cycle 9.353ms
[2024-10-12T11:44:57.911+0800][info] GC(603) Pause Young (Prepare Mixed) (G1 Preventive Collection)
[2024-10-12T11:44:57.911+0800][info] GC(603) Using 3 workers of 48 for evacuation
[2024-10-12T11:44:57.913+0800][info] GC(603)   Pre Evacuate Collection Set: 0.1ms
[2024-10-12T11:44:57.913+0800][info] GC(603)   Merge Heap Roots: 0.1ms
[2024-10-12T11:44:57.913+0800][info] GC(603)   Evacuate Collection Set: 1.1ms
[2024-10-12T11:44:57.913+0800][info] GC(603)   Post Evacuate Collection Set: 0.2ms
[2024-10-12T11:44:57.913+0800][info] GC(603)   Other: 0.2ms
[2024-10-12T11:44:57.913+0800][info] GC(603) Eden regions: 2->0(2)
[2024-10-12T11:44:57.913+0800][info] GC(603) Survivor regions: 1->1(1)
[2024-10-12T11:44:57.913+0800][info] GC(603) Old regions: 52->54
[2024-10-12T11:44:57.913+0800][info] GC(603) Archive regions: 2->2
[2024-10-12T11:44:57.913+0800][info] GC(603) Humongous regions: 3->3
[2024-10-12T11:44:57.913+0800][info] GC(603) Metaspace: 1695K(1856K)->1695K(1856K) NonClass: 1571K(1664K)->1571K(1664K) Class: 124K(192K)->124K(192K)
[2024-10-12T11:44:57.913+0800][info] GC(603) Pause Young (Prepare Mixed) (G1 Preventive Collection) 116M->116M(128M) 1.802ms
[2024-10-12T11:44:57.913+0800][info] GC(603) User=0.00s Sys=0.00s Real=0.00s
[2024-10-12T11:44:57.975+0800][info] GC(604) Pause Young (Mixed) (G1 Preventive Collection)
[2024-10-12T11:44:57.975+0800][info] GC(604) Using 3 workers of 48 for evacuation
[2024-10-12T11:44:57.976+0800][info] GC(604) To-space exhausted
[2024-10-12T11:44:57.976+0800][info] GC(604)   Pre Evacuate Collection Set: 0.2ms
[2024-10-12T11:44:57.976+0800][info] GC(604)   Merge Heap Roots: 0.1ms
[2024-10-12T11:44:57.976+0800][info] GC(604)   Evacuate Collection Set: 1.3ms
[2024-10-12T11:44:57.976+0800][info] GC(604)   Post Evacuate Collection Set: 0.3ms
[2024-10-12T11:44:57.977+0800][info] GC(604)   Other: 0.2ms
[2024-10-12T11:44:57.977+0800][info] GC(604) Eden regions: 1->0(2)
[2024-10-12T11:44:57.977+0800][info] GC(604) Survivor regions: 1->1(1)
[2024-10-12T11:44:57.977+0800][info] GC(604) Old regions: 54->50
[2024-10-12T11:44:57.977+0800][info] GC(604) Archive regions: 2->2
[2024-10-12T11:44:57.977+0800][info] GC(604) Humongous regions: 3->3
[2024-10-12T11:44:57.977+0800][info] GC(604) Metaspace: 1695K(1856K)->1695K(1856K) NonClass: 1571K(1664K)->1571K(1664K) Class: 124K(192K)->124K(192K)
[2024-10-12T11:44:57.977+0800][info] GC(604) Pause Young (Mixed) (G1 Preventive Collection) 118M->109M(128M) 2.068ms
[2024-10-12T11:44:57.977+0800][info] GC(604) User=0.00s Sys=0.00s Real=0.00s
[2024-10-12T11:44:58.079+0800][info] GC(605) Pause Young (Mixed) (G1 Preventive Collection)
[2024-10-12T11:44:58.079+0800][info] GC(605) Using 3 workers of 48 for evacuation
[2024-10-12T11:44:58.082+0800][info] GC(605) To-space exhausted
[2024-10-12T11:44:58.082+0800][info] GC(605)   Pre Evacuate Collection Set: 0.2ms
[2024-10-12T11:44:58.082+0800][info] GC(605)   Merge Heap Roots: 0.1ms
[2024-10-12T11:44:58.082+0800][info] GC(605)   Evacuate Collection Set: 2.1ms
[2024-10-12T11:44:58.082+0800][info] GC(605)   Post Evacuate Collection Set: 0.4ms
[2024-10-12T11:44:58.082+0800][info] GC(605)   Other: 0.2ms
[2024-10-12T11:44:58.082+0800][info] GC(605) Eden regions: 2->0(2)
[2024-10-12T11:44:58.082+0800][info] GC(605) Survivor regions: 1->1(1)
[2024-10-12T11:44:58.082+0800][info] GC(605) Old regions: 50->53
[2024-10-12T11:44:58.082+0800][info] GC(605) Archive regions: 2->2
[2024-10-12T11:44:58.082+0800][info] GC(605) Humongous regions: 3->3
[2024-10-12T11:44:58.082+0800][info] GC(605) Metaspace: 1695K(1856K)->1695K(1856K) NonClass: 1571K(1664K)->1571K(1664K) Class: 124K(192K)->124K(192K)
[2024-10-12T11:44:58.082+0800][info] GC(605) Pause Young (Mixed) (G1 Preventive Collection) 113M->115M(128M) 2.906ms
[2024-10-12T11:44:58.082+0800][info] GC(605) User=0.01s Sys=0.00s Real=0.00s
[2024-10-12T11:44:58.143+0800][info] GC(606) Pause Young (Mixed) (G1 Preventive Collection)
[2024-10-12T11:44:58.143+0800][info] GC(606) Using 3 workers of 48 for evacuation
[2024-10-12T11:44:58.146+0800][info] GC(606) To-space exhausted
[2024-10-12T11:44:58.146+0800][info] GC(606)   Pre Evacuate Collection Set: 0.2ms
[2024-10-12T11:44:58.146+0800][info] GC(606)   Merge Heap Roots: 0.1ms
[2024-10-12T11:44:58.146+0800][info] GC(606)   Evacuate Collection Set: 1.6ms
[2024-10-12T11:44:58.146+0800][info] GC(606)   Post Evacuate Collection Set: 0.4ms
[2024-10-12T11:44:58.146+0800][info] GC(606)   Other: 0.2ms
[2024-10-12T11:44:58.146+0800][info] GC(606) Eden regions: 1->0(2)
[2024-10-12T11:44:58.146+0800][info] GC(606) Survivor regions: 1->1(1)
[2024-10-12T11:44:58.146+0800][info] GC(606) Old regions: 53->57
[2024-10-12T11:44:58.146+0800][info] GC(606) Archive regions: 2->2
[2024-10-12T11:44:58.146+0800][info] GC(606) Humongous regions: 3->3
[2024-10-12T11:44:58.146+0800][info] GC(606) Metaspace: 1695K(1856K)->1695K(1856K) NonClass: 1571K(1664K)->1571K(1664K) Class: 124K(192K)->124K(192K)
[2024-10-12T11:44:58.146+0800][info] GC(606) Pause Young (Mixed) (G1 Preventive Collection) 117M->123M(128M) 2.553ms
[2024-10-12T11:44:58.146+0800][info] GC(606) User=0.01s Sys=0.00s Real=0.01s
[2024-10-12T11:44:58.188+0800][info] GC(607) Pause Young (Mixed) (G1 Evacuation Pause)
[2024-10-12T11:44:58.188+0800][info] GC(607) Using 3 workers of 48 for evacuation
[2024-10-12T11:44:58.191+0800][info] GC(607) To-space exhausted
[2024-10-12T11:44:58.191+0800][info] GC(607)   Pre Evacuate Collection Set: 0.2ms
[2024-10-12T11:44:58.191+0800][info] GC(607)   Merge Heap Roots: 0.1ms
[2024-10-12T11:44:58.191+0800][info] GC(607)   Evacuate Collection Set: 1.7ms
[2024-10-12T11:44:58.191+0800][info] GC(607)   Post Evacuate Collection Set: 1.4ms
[2024-10-12T11:44:58.191+0800][info] GC(607)   Other: 0.2ms
[2024-10-12T11:44:58.191+0800][info] GC(607) Eden regions: 1->0(3)
[2024-10-12T11:44:58.191+0800][info] GC(607) Survivor regions: 1->0(0)
[2024-10-12T11:44:58.191+0800][info] GC(607) Old regions: 57->59
[2024-10-12T11:44:58.191+0800][info] GC(607) Archive regions: 2->2
[2024-10-12T11:44:58.191+0800][info] GC(607) Humongous regions: 3->3
[2024-10-12T11:44:58.191+0800][info] GC(607) Metaspace: 1695K(1856K)->1695K(1856K) NonClass: 1571K(1664K)->1571K(1664K) Class: 124K(192K)->124K(192K)
[2024-10-12T11:44:58.191+0800][info] GC(607) Pause Young (Mixed) (G1 Evacuation Pause) 125M->125M(128M) 3.626ms
[2024-10-12T11:44:58.191+0800][info] GC(607) User=0.01s Sys=0.00s Real=0.00s
[2024-10-12T11:44:58.191+0800][info] Attempting full compaction
[2024-10-12T11:44:58.191+0800][info] GC(608) Using 3 workers of 48 for full compaction
[2024-10-12T11:44:58.191+0800][info] GC(608) Pause Full (G1 Compaction Pause)
[2024-10-12T11:44:58.191+0800][info] GC(608) Phase 1: Mark live objects
[2024-10-12T11:44:58.195+0800][info] GC(608) Phase 1: Mark live objects 3.546ms
[2024-10-12T11:44:58.195+0800][info] GC(608) Phase 2: Prepare for compaction
[2024-10-12T11:44:58.196+0800][info] GC(608) Phase 2: Prepare for compaction 0.771ms
[2024-10-12T11:44:58.196+0800][info] GC(608) Phase 3: Adjust pointers
[2024-10-12T11:44:58.198+0800][info] GC(608) Phase 3: Adjust pointers 2.062ms
[2024-10-12T11:44:58.198+0800][info] GC(608) Phase 4: Compact heap
[2024-10-12T11:44:58.213+0800][info] GC(608) Phase 4: Compact heap 14.776ms
[2024-10-12T11:44:58.214+0800][info] GC(608) Eden regions: 0->0(3)
[2024-10-12T11:44:58.214+0800][info] GC(608) Survivor regions: 0->0(0)
[2024-10-12T11:44:58.214+0800][info] GC(608) Old regions: 59->39
[2024-10-12T11:44:58.214+0800][info] GC(608) Archive regions: 2->2
[2024-10-12T11:44:58.214+0800][info] GC(608) Humongous regions: 3->3
[2024-10-12T11:44:58.214+0800][info] GC(608) Metaspace: 1695K(1856K)->1695K(1856K) NonClass: 1571K(1664K)->1571K(1664K) Class: 124K(192K)->124K(192K)
[2024-10-12T11:44:58.214+0800][info] GC(608) Pause Full (G1 Compaction Pause) 125M->72M(128M) 23.012ms
[2024-10-12T11:44:58.214+0800][info] GC(608) User=0.05s Sys=0.00s Real=0.03s
[2024-10-12T11:44:58.378+0800][info] GC(609) Pause Young (Normal) (G1 Evacuation Pause)
[2024-10-12T11:44:58.378+0800][info] GC(609) Using 3 workers of 48 for evacuation
[2024-10-12T11:44:58.380+0800][info] GC(609)   Pre Evacuate Collection Set: 0.1ms
[2024-10-12T11:44:58.380+0800][info] GC(609)   Merge Heap Roots: 0.1ms
[2024-10-12T11:44:58.380+0800][info] GC(609)   Evacuate Collection Set: 1.0ms
[2024-10-12T11:44:58.380+0800][info] GC(609)   Post Evacuate Collection Set: 0.2ms
[2024-10-12T11:44:58.380+0800][info] GC(609)   Other: 0.2ms
[2024-10-12T11:44:58.380+0800][info] GC(609) Eden regions: 3->0(2)
[2024-10-12T11:44:58.380+0800][info] GC(609) Survivor regions: 0->1(1)
[2024-10-12T11:44:58.380+0800][info] GC(609) Old regions: 39->41
[2024-10-12T11:44:58.380+0800][info] GC(609) Archive regions: 2->2
[2024-10-12T11:44:58.380+0800][info] GC(609) Humongous regions: 3->3
[2024-10-12T11:44:58.380+0800][info] GC(609) Metaspace: 1695K(1856K)->1695K(1856K) NonClass: 1571K(1664K)->1571K(1664K) Class: 124K(192K)->124K(192K)
[2024-10-12T11:44:58.380+0800][info] GC(609) Pause Young (Normal) (G1 Evacuation Pause) 78M->78M(128M) 1.736ms
[2024-10-12T11:44:58.380+0800][info] GC(609) User=0.01s Sys=0.00s Real=0.00s
[2024-10-12T11:44:58.483+0800][info] GC(610) Pause Young (Normal) (G1 Evacuation Pause)
[2024-10-12T11:44:58.483+0800][info] GC(610) Using 3 workers of 48 for evacuation
[2024-10-12T11:44:58.484+0800][info] GC(610)   Pre Evacuate Collection Set: 0.1ms
[2024-10-12T11:44:58.484+0800][info] GC(610)   Merge Heap Roots: 0.0ms
[2024-10-12T11:44:58.484+0800][info] GC(610)   Evacuate Collection Set: 0.9ms
[2024-10-12T11:44:58.484+0800][info] GC(610)   Post Evacuate Collection Set: 0.2ms
[2024-10-12T11:44:58.484+0800][info] GC(610)   Other: 0.2ms
[2024-10-12T11:44:58.484+0800][info] GC(610) Eden regions: 2->0(2)
[2024-10-12T11:44:58.484+0800][info] GC(610) Survivor regions: 1->1(1)
[2024-10-12T11:44:58.484+0800][info] GC(610) Old regions: 41->43
[2024-10-12T11:44:58.484+0800][info] GC(610) Archive regions: 2->2
[2024-10-12T11:44:58.484+0800][info] GC(610) Humongous regions: 3->3
[2024-10-12T11:44:58.484+0800][info] GC(610) Metaspace: 1695K(1856K)->1695K(1856K) NonClass: 1571K(1664K)->1571K(1664K) Class: 124K(192K)->124K(192K)
[2024-10-12T11:44:58.484+0800][info] GC(610) Pause Young (Normal) (G1 Evacuation Pause) 81M->82M(128M) 1.533ms
[2024-10-12T11:44:58.484+0800][info] GC(610) User=0.00s Sys=0.00s Real=0.00s
[2024-10-12T11:44:58.586+0800][info] GC(611) Pause Young (Normal) (G1 Evacuation Pause)
[2024-10-12T11:44:58.586+0800][info] GC(611) Using 3 workers of 48 for evacuation
[2024-10-12T11:44:58.587+0800][info] GC(611)   Pre Evacuate Collection Set: 0.1ms
[2024-10-12T11:44:58.588+0800][info] GC(611)   Merge Heap Roots: 0.0ms
[2024-10-12T11:44:58.588+0800][info] GC(611)   Evacuate Collection Set: 0.9ms
[2024-10-12T11:44:58.588+0800][info] GC(611)   Post Evacuate Collection Set: 0.2ms
[2024-10-12T11:44:58.588+0800][info] GC(611)   Other: 0.2ms
[2024-10-12T11:44:58.588+0800][info] GC(611) Eden regions: 2->0(2)
[2024-10-12T11:44:58.588+0800][info] GC(611) Survivor regions: 1->1(1)
[2024-10-12T11:44:58.588+0800][info] GC(611) Old regions: 43->45
[2024-10-12T11:44:58.588+0800][info] GC(611) Archive regions: 2->2
[2024-10-12T11:44:58.588+0800][info] GC(611) Humongous regions: 3->3
[2024-10-12T11:44:58.588+0800][info] GC(611) Metaspace: 1695K(1856K)->1695K(1856K) NonClass: 1571K(1664K)->1571K(1664K) Class: 124K(192K)->124K(192K)
[2024-10-12T11:44:58.588+0800][info] GC(611) Pause Young (Normal) (G1 Evacuation Pause) 85M->85M(128M) 1.538ms
[2024-10-12T11:44:58.588+0800][info] GC(611) User=0.00s Sys=0.00s Real=0.00s
[2024-10-12T11:44:58.691+0800][info] GC(612) Pause Young (Normal) (G1 Evacuation Pause)
[2024-10-12T11:44:58.691+0800][info] GC(612) Using 3 workers of 48 for evacuation
[2024-10-12T11:44:58.692+0800][info] GC(612)   Pre Evacuate Collection Set: 0.1ms
[2024-10-12T11:44:58.692+0800][info] GC(612)   Merge Heap Roots: 0.1ms
[2024-10-12T11:44:58.692+0800][info] GC(612)   Evacuate Collection Set: 1.0ms
[2024-10-12T11:44:58.692+0800][info] GC(612)   Post Evacuate Collection Set: 0.2ms
[2024-10-12T11:44:58.692+0800][info] GC(612)   Other: 0.2ms
[2024-10-12T11:44:58.692+0800][info] GC(612) Eden regions: 2->0(2)
[2024-10-12T11:44:58.692+0800][info] GC(612) Survivor regions: 1->1(1)
[2024-10-12T11:44:58.692+0800][info] GC(612) Old regions: 45->47
[2024-10-12T11:44:58.692+0800][info] GC(612) Archive regions: 2->2
[2024-10-12T11:44:58.692+0800][info] GC(612) Humongous regions: 4->4
[2024-10-12T11:44:58.692+0800][info] GC(612) Metaspace: 1695K(1856K)->1695K(1856K) NonClass: 1571K(1664K)->1571K(1664K) Class: 124K(192K)->124K(192K)
[2024-10-12T11:44:58.692+0800][info] GC(612) Pause Young (Normal) (G1 Evacuation Pause) 91M->91M(128M) 1.715ms
[2024-10-12T11:44:58.692+0800][info] GC(612) User=0.01s Sys=0.00s Real=0.00s
[2024-10-12T11:44:58.794+0800][info] GC(613) Pause Young (Concurrent Start) (G1 Evacuation Pause)
[2024-10-12T11:44:58.794+0800][info] GC(613) Using 3 workers of 48 for evacuation
[2024-10-12T11:44:58.796+0800][info] GC(613)   Pre Evacuate Collection Set: 0.1ms
[2024-10-12T11:44:58.796+0800][info] GC(613)   Merge Heap Roots: 0.1ms
[2024-10-12T11:44:58.796+0800][info] GC(613)   Evacuate Collection Set: 0.9ms
[2024-10-12T11:44:58.796+0800][info] GC(613)   Post Evacuate Collection Set: 0.2ms
[2024-10-12T11:44:58.796+0800][info] GC(613)   Other: 0.4ms
[2024-10-12T11:44:58.796+0800][info] GC(613) Eden regions: 2->0(2)
[2024-10-12T11:44:58.796+0800][info] GC(613) Survivor regions: 1->1(1)
[2024-10-12T11:44:58.796+0800][info] GC(613) Old regions: 47->49
[2024-10-12T11:44:58.796+0800][info] GC(613) Archive regions: 2->2
[2024-10-12T11:44:58.796+0800][info] GC(613) Humongous regions: 4->4
[2024-10-12T11:44:58.796+0800][info] GC(613) Metaspace: 1695K(1856K)->1695K(1856K) NonClass: 1571K(1664K)->1571K(1664K) Class: 124K(192K)->124K(192K)
[2024-10-12T11:44:58.796+0800][info] GC(613) Pause Young (Concurrent Start) (G1 Evacuation Pause) 95M->95M(128M) 1.759ms
[2024-10-12T11:44:58.796+0800][info] GC(613) User=0.00s Sys=0.00s Real=0.00s
[2024-10-12T11:44:58.796+0800][info] GC(614) Concurrent Mark Cycle
[2024-10-12T11:44:58.796+0800][info] GC(614) Concurrent Clear Claimed Marks
[2024-10-12T11:44:58.796+0800][info] GC(614) Concurrent Clear Claimed Marks 0.017ms
[2024-10-12T11:44:58.796+0800][info] GC(614) Concurrent Scan Root Regions
[2024-10-12T11:44:58.797+0800][info] GC(614) Concurrent Scan Root Regions 0.168ms
[2024-10-12T11:44:58.797+0800][info] GC(614) Concurrent Mark
[2024-10-12T11:44:58.797+0800][info] GC(614) Concurrent Mark From Roots
[2024-10-12T11:44:58.797+0800][info] GC(614) Using 12 workers of 12 for marking
[2024-10-12T11:44:58.800+0800][info] GC(614) Concurrent Mark From Roots 3.219ms
[2024-10-12T11:44:58.800+0800][info] GC(614) Concurrent Preclean
[2024-10-12T11:44:58.801+0800][info] GC(614) Concurrent Preclean 1.691ms
[2024-10-12T11:44:58.802+0800][info] GC(614) Pause Remark
[2024-10-12T11:44:58.803+0800][info] GC(614) Pause Remark 96M->94M(128M) 1.652ms
[2024-10-12T11:44:58.803+0800][info] GC(614) User=0.01s Sys=0.00s Real=0.00s
[2024-10-12T11:44:58.803+0800][info] GC(614) Concurrent Mark 6.825ms
[2024-10-12T11:44:58.803+0800][info] GC(614) Concurrent Rebuild Remembered Sets
[2024-10-12T11:44:58.805+0800][info] GC(614) Concurrent Rebuild Remembered Sets 1.323ms
[2024-10-12T11:44:58.805+0800][info] GC(614) Pause Cleanup
[2024-10-12T11:44:58.805+0800][info] GC(614) Pause Cleanup 94M->94M(128M) 0.198ms
[2024-10-12T11:44:58.805+0800][info] GC(614) User=0.00s Sys=0.00s Real=0.01s
[2024-10-12T11:44:58.805+0800][info] GC(614) Concurrent Cleanup for Next Mark
[2024-10-12T11:44:58.806+0800][info] GC(614) Concurrent Cleanup for Next Mark 0.378ms
[2024-10-12T11:44:58.806+0800][info] GC(614) Concurrent Mark Cycle 9.305ms
[2024-10-12T11:44:58.949+0800][info] GC(615) Pause Young (Prepare Mixed) (G1 Evacuation Pause)
[2024-10-12T11:44:58.949+0800][info] GC(615) Using 3 workers of 48 for evacuation
[2024-10-12T11:44:58.951+0800][info] GC(615)   Pre Evacuate Collection Set: 0.1ms
[2024-10-12T11:44:58.951+0800][info] GC(615)   Merge Heap Roots: 0.1ms
[2024-10-12T11:44:58.951+0800][info] GC(615)   Evacuate Collection Set: 1.1ms
[2024-10-12T11:44:58.951+0800][info] GC(615)   Post Evacuate Collection Set: 0.2ms
[2024-10-12T11:44:58.951+0800][info] GC(615)   Other: 0.2ms
[2024-10-12T11:44:58.951+0800][info] GC(615) Eden regions: 2->0(2)
[2024-10-12T11:44:58.951+0800][info] GC(615) Survivor regions: 1->1(1)
[2024-10-12T11:44:58.951+0800][info] GC(615) Old regions: 49->51
[2024-10-12T11:44:58.951+0800][info] GC(615) Archive regions: 2->2
[2024-10-12T11:44:58.951+0800][info] GC(615) Humongous regions: 3->3
[2024-10-12T11:44:58.951+0800][info] GC(615) Metaspace: 1695K(1856K)->1695K(1856K) NonClass: 1571K(1664K)->1571K(1664K) Class: 124K(192K)->124K(192K)
[2024-10-12T11:44:58.951+0800][info] GC(615) Pause Young (Prepare Mixed) (G1 Evacuation Pause) 97M->97M(128M) 1.860ms
[2024-10-12T11:44:58.951+0800][info] GC(615) User=0.00s Sys=0.00s Real=0.00s
[2024-10-12T11:44:59.053+0800][info] GC(616) Pause Young (Mixed) (G1 Preventive Collection)
[2024-10-12T11:44:59.053+0800][info] GC(616) Using 3 workers of 48 for evacuation
[2024-10-12T11:44:59.056+0800][info] GC(616) To-space exhausted
[2024-10-12T11:44:59.056+0800][info] GC(616)   Pre Evacuate Collection Set: 0.2ms
[2024-10-12T11:44:59.056+0800][info] GC(616)   Merge Heap Roots: 0.1ms
[2024-10-12T11:44:59.056+0800][info] GC(616)   Evacuate Collection Set: 1.8ms
[2024-10-12T11:44:59.056+0800][info] GC(616)   Post Evacuate Collection Set: 0.3ms
[2024-10-12T11:44:59.056+0800][info] GC(616)   Other: 0.2ms
[2024-10-12T11:44:59.056+0800][info] GC(616) Eden regions: 2->0(2)
[2024-10-12T11:44:59.056+0800][info] GC(616) Survivor regions: 1->1(1)
[2024-10-12T11:44:59.056+0800][info] GC(616) Old regions: 51->49
[2024-10-12T11:44:59.056+0800][info] GC(616) Archive regions: 2->2
[2024-10-12T11:44:59.056+0800][info] GC(616) Humongous regions: 3->3
[2024-10-12T11:44:59.056+0800][info] GC(616) Metaspace: 1695K(1856K)->1695K(1856K) NonClass: 1571K(1664K)->1571K(1664K) Class: 124K(192K)->124K(192K)
[2024-10-12T11:44:59.056+0800][info] GC(616) Pause Young (Mixed) (G1 Preventive Collection) 101M->98M(128M) 2.609ms
[2024-10-12T11:44:59.056+0800][info] GC(616) User=0.01s Sys=0.00s Real=0.00s
[2024-10-12T11:44:59.158+0800][info] GC(617) Pause Young (Mixed) (G1 Preventive Collection)
[2024-10-12T11:44:59.158+0800][info] GC(617) Using 3 workers of 48 for evacuation
[2024-10-12T11:44:59.161+0800][info] GC(617)   Pre Evacuate Collection Set: 0.2ms
[2024-10-12T11:44:59.161+0800][info] GC(617)   Merge Heap Roots: 0.1ms
[2024-10-12T11:44:59.161+0800][info] GC(617)   Evacuate Collection Set: 2.3ms
[2024-10-12T11:44:59.161+0800][info] GC(617)   Post Evacuate Collection Set: 0.3ms
[2024-10-12T11:44:59.161+0800][info] GC(617)   Other: 0.1ms
[2024-10-12T11:44:59.161+0800][info] GC(617) Eden regions: 2->0(2)
[2024-10-12T11:44:59.161+0800][info] GC(617) Survivor regions: 1->1(1)
[2024-10-12T11:44:59.161+0800][info] GC(617) Old regions: 49->47
[2024-10-12T11:44:59.161+0800][info] GC(617) Archive regions: 2->2
[2024-10-12T11:44:59.161+0800][info] GC(617) Humongous regions: 3->3
[2024-10-12T11:44:59.161+0800][info] GC(617) Metaspace: 1695K(1856K)->1695K(1856K) NonClass: 1571K(1664K)->1571K(1664K) Class: 124K(192K)->124K(192K)
[2024-10-12T11:44:59.162+0800][info] GC(617) Pause Young (Mixed) (G1 Preventive Collection) 101M->95M(128M) 3.084ms
[2024-10-12T11:44:59.162+0800][info] GC(617) User=0.01s Sys=0.00s Real=0.00s
[2024-10-12T11:44:59.263+0800][info] GC(618) Pause Young (Mixed) (G1 Evacuation Pause)
[2024-10-12T11:44:59.264+0800][info] GC(618) Using 3 workers of 48 for evacuation
[2024-10-12T11:44:59.267+0800][info] GC(618)   Pre Evacuate Collection Set: 0.2ms
[2024-10-12T11:44:59.267+0800][info] GC(618)   Merge Heap Roots: 0.1ms
[2024-10-12T11:44:59.267+0800][info] GC(618)   Evacuate Collection Set: 2.8ms
[2024-10-12T11:44:59.267+0800][info] GC(618)   Post Evacuate Collection Set: 0.2ms
[2024-10-12T11:44:59.267+0800][info] GC(618)   Other: 0.1ms
[2024-10-12T11:44:59.267+0800][info] GC(618) Eden regions: 2->0(2)
[2024-10-12T11:44:59.267+0800][info] GC(618) Survivor regions: 1->1(1)
[2024-10-12T11:44:59.267+0800][info] GC(618) Old regions: 47->47
[2024-10-12T11:44:59.267+0800][info] GC(618) Archive regions: 2->2
[2024-10-12T11:44:59.267+0800][info] GC(618) Humongous regions: 3->3
[2024-10-12T11:44:59.267+0800][info] GC(618) Metaspace: 1695K(1856K)->1695K(1856K) NonClass: 1571K(1664K)->1571K(1664K) Class: 124K(192K)->124K(192K)
[2024-10-12T11:44:59.267+0800][info] GC(618) Pause Young (Mixed) (G1 Evacuation Pause) 98M->97M(128M) 3.514ms
[2024-10-12T11:44:59.267+0800][info] GC(618) User=0.01s Sys=0.00s Real=0.01s
[2024-10-12T11:44:59.369+0800][info] GC(619) Pause Young (Mixed) (G1 Evacuation Pause)
[2024-10-12T11:44:59.369+0800][info] GC(619) Using 3 workers of 48 for evacuation
[2024-10-12T11:44:59.374+0800][info] GC(619)   Pre Evacuate Collection Set: 0.1ms
[2024-10-12T11:44:59.374+0800][info] GC(619)   Merge Heap Roots: 0.1ms
[2024-10-12T11:44:59.374+0800][info] GC(619)   Evacuate Collection Set: 3.9ms
[2024-10-12T11:44:59.374+0800][info] GC(619)   Post Evacuate Collection Set: 0.3ms
[2024-10-12T11:44:59.374+0800][info] GC(619)   Other: 0.1ms
[2024-10-12T11:44:59.374+0800][info] GC(619) Eden regions: 2->0(2)
[2024-10-12T11:44:59.374+0800][info] GC(619) Survivor regions: 1->1(1)
[2024-10-12T11:44:59.374+0800][info] GC(619) Old regions: 47->45
[2024-10-12T11:44:59.374+0800][info] GC(619) Archive regions: 2->2
[2024-10-12T11:44:59.374+0800][info] GC(619) Humongous regions: 3->3
[2024-10-12T11:44:59.374+0800][info] GC(619) Metaspace: 1695K(1856K)->1695K(1856K) NonClass: 1571K(1664K)->1571K(1664K) Class: 124K(192K)->124K(192K)
[2024-10-12T11:44:59.374+0800][info] GC(619) Pause Young (Mixed) (G1 Evacuation Pause) 101M->97M(128M) 4.696ms
[2024-10-12T11:44:59.374+0800][info] GC(619) User=0.01s Sys=0.00s Real=0.01s
[2024-10-12T11:44:59.476+0800][info] GC(620) Pause Young (Mixed) (G1 Evacuation Pause)
[2024-10-12T11:44:59.476+0800][info] GC(620) Using 3 workers of 48 for evacuation
[2024-10-12T11:44:59.479+0800][info] GC(620)   Pre Evacuate Collection Set: 0.2ms
[2024-10-12T11:44:59.479+0800][info] GC(620)   Merge Heap Roots: 0.1ms
[2024-10-12T11:44:59.479+0800][info] GC(620)   Evacuate Collection Set: 2.3ms
[2024-10-12T11:44:59.479+0800][info] GC(620)   Post Evacuate Collection Set: 0.2ms
[2024-10-12T11:44:59.479+0800][info] GC(620)   Other: 0.1ms
[2024-10-12T11:44:59.479+0800][info] GC(620) Eden regions: 2->0(2)
[2024-10-12T11:44:59.479+0800][info] GC(620) Survivor regions: 1->1(1)
[2024-10-12T11:44:59.479+0800][info] GC(620) Old regions: 45->47
[2024-10-12T11:44:59.479+0800][info] GC(620) Archive regions: 2->2
[2024-10-12T11:44:59.479+0800][info] GC(620) Humongous regions: 3->3
[2024-10-12T11:44:59.479+0800][info] GC(620) Metaspace: 1695K(1856K)->1695K(1856K) NonClass: 1571K(1664K)->1571K(1664K) Class: 124K(192K)->124K(192K)
[2024-10-12T11:44:59.479+0800][info] GC(620) Pause Young (Mixed) (G1 Evacuation Pause) 100M->100M(128M) 2.996ms
[2024-10-12T11:44:59.479+0800][info] GC(620) User=0.01s Sys=0.00s Real=0.00s
[2024-10-12T11:44:59.581+0800][info] GC(621) Pause Young (Normal) (G1 Evacuation Pause)
[2024-10-12T11:44:59.581+0800][info] GC(621) Using 3 workers of 48 for evacuation
[2024-10-12T11:44:59.583+0800][info] GC(621)   Pre Evacuate Collection Set: 0.1ms
[2024-10-12T11:44:59.583+0800][info] GC(621)   Merge Heap Roots: 0.1ms
[2024-10-12T11:44:59.583+0800][info] GC(621)   Evacuate Collection Set: 0.9ms
[2024-10-12T11:44:59.583+0800][info] GC(621)   Post Evacuate Collection Set: 0.2ms
[2024-10-12T11:44:59.583+0800][info] GC(621)   Other: 0.2ms
[2024-10-12T11:44:59.583+0800][info] GC(621) Eden regions: 2->0(2)
[2024-10-12T11:44:59.583+0800][info] GC(621) Survivor regions: 1->1(1)
[2024-10-12T11:44:59.583+0800][info] GC(621) Old regions: 47->49
[2024-10-12T11:44:59.583+0800][info] GC(621) Archive regions: 2->2
[2024-10-12T11:44:59.583+0800][info] GC(621) Humongous regions: 3->3
[2024-10-12T11:44:59.583+0800][info] GC(621) Metaspace: 1695K(1856K)->1695K(1856K) NonClass: 1571K(1664K)->1571K(1664K) Class: 124K(192K)->124K(192K)
[2024-10-12T11:44:59.583+0800][info] GC(621) Pause Young (Normal) (G1 Evacuation Pause) 104M->104M(128M) 1.570ms
[2024-10-12T11:44:59.583+0800][info] GC(621) User=0.01s Sys=0.00s Real=0.00s
[2024-10-12T11:44:59.685+0800][info] GC(622) Pause Young (Concurrent Start) (G1 Evacuation Pause)
[2024-10-12T11:44:59.685+0800][info] GC(622) Using 3 workers of 48 for evacuation
[2024-10-12T11:44:59.687+0800][info] GC(622)   Pre Evacuate Collection Set: 0.1ms
[2024-10-12T11:44:59.687+0800][info] GC(622)   Merge Heap Roots: 0.1ms
[2024-10-12T11:44:59.687+0800][info] GC(622)   Evacuate Collection Set: 1.0ms
[2024-10-12T11:44:59.687+0800][info] GC(622)   Post Evacuate Collection Set: 0.2ms
[2024-10-12T11:44:59.687+0800][info] GC(622)   Other: 0.4ms
[2024-10-12T11:44:59.687+0800][info] GC(622) Eden regions: 2->0(2)
[2024-10-12T11:44:59.687+0800][info] GC(622) Survivor regions: 1->1(1)
[2024-10-12T11:44:59.687+0800][info] GC(622) Old regions: 49->51
[2024-10-12T11:44:59.687+0800][info] GC(622) Archive regions: 2->2
[2024-10-12T11:44:59.687+0800][info] GC(622) Humongous regions: 3->3
[2024-10-12T11:44:59.687+0800][info] GC(622) Metaspace: 1695K(1856K)->1695K(1856K) NonClass: 1571K(1664K)->1571K(1664K) Class: 124K(192K)->124K(192K)
[2024-10-12T11:44:59.687+0800][info] GC(622) Pause Young (Concurrent Start) (G1 Evacuation Pause) 108M->108M(128M) 1.894ms
[2024-10-12T11:44:59.687+0800][info] GC(622) User=0.00s Sys=0.00s Real=0.01s
[2024-10-12T11:44:59.687+0800][info] GC(623) Concurrent Mark Cycle
[2024-10-12T11:44:59.687+0800][info] GC(623) Concurrent Clear Claimed Marks
[2024-10-12T11:44:59.687+0800][info] GC(623) Concurrent Clear Claimed Marks 0.018ms
[2024-10-12T11:44:59.687+0800][info] GC(623) Concurrent Scan Root Regions
[2024-10-12T11:44:59.687+0800][info] GC(623) Concurrent Scan Root Regions 0.158ms
[2024-10-12T11:44:59.687+0800][info] GC(623) Concurrent Mark
[2024-10-12T11:44:59.687+0800][info] GC(623) Concurrent Mark From Roots
[2024-10-12T11:44:59.687+0800][info] GC(623) Using 12 workers of 12 for marking
[2024-10-12T11:44:59.690+0800][info] GC(623) Concurrent Mark From Roots 3.272ms
[2024-10-12T11:44:59.690+0800][info] GC(623) Concurrent Preclean
[2024-10-12T11:44:59.692+0800][info] GC(623) Concurrent Preclean 1.676ms
[2024-10-12T11:44:59.692+0800][info] GC(623) Pause Remark
[2024-10-12T11:44:59.694+0800][info] GC(623) Pause Remark 108M->105M(128M) 1.606ms
[2024-10-12T11:44:59.694+0800][info] GC(623) User=0.01s Sys=0.00s Real=0.01s
[2024-10-12T11:44:59.694+0800][info] GC(623) Concurrent Mark 6.787ms
[2024-10-12T11:44:59.694+0800][info] GC(623) Concurrent Rebuild Remembered Sets
[2024-10-12T11:44:59.695+0800][info] GC(623) Concurrent Rebuild Remembered Sets 1.148ms
[2024-10-12T11:44:59.695+0800][info] GC(623) Pause Cleanup
[2024-10-12T11:44:59.695+0800][info] GC(623) Pause Cleanup 105M->105M(128M) 0.211ms
[2024-10-12T11:44:59.695+0800][info] GC(623) User=0.00s Sys=0.00s Real=0.00s
[2024-10-12T11:44:59.696+0800][info] GC(623) Concurrent Cleanup for Next Mark
[2024-10-12T11:44:59.696+0800][info] GC(623) Concurrent Cleanup for Next Mark 0.329ms
[2024-10-12T11:44:59.696+0800][info] GC(623) Concurrent Mark Cycle 9.018ms
[2024-10-12T11:44:59.840+0800][info] GC(624) Pause Young (Prepare Mixed) (G1 Evacuation Pause)
[2024-10-12T11:44:59.840+0800][info] GC(624) Using 3 workers of 48 for evacuation
[2024-10-12T11:44:59.842+0800][info] GC(624)   Pre Evacuate Collection Set: 0.1ms
[2024-10-12T11:44:59.842+0800][info] GC(624)   Merge Heap Roots: 0.1ms
[2024-10-12T11:44:59.842+0800][info] GC(624)   Evacuate Collection Set: 1.0ms
[2024-10-12T11:44:59.842+0800][info] GC(624)   Post Evacuate Collection Set: 0.2ms
[2024-10-12T11:44:59.842+0800][info] GC(624)   Other: 0.2ms
[2024-10-12T11:44:59.842+0800][info] GC(624) Eden regions: 2->0(2)
[2024-10-12T11:44:59.842+0800][info] GC(624) Survivor regions: 1->1(1)
[2024-10-12T11:44:59.842+0800][info] GC(624) Old regions: 49->50
[2024-10-12T11:44:59.842+0800][info] GC(624) Archive regions: 2->2
[2024-10-12T11:44:59.842+0800][info] GC(624) Humongous regions: 3->3
[2024-10-12T11:44:59.842+0800][info] GC(624) Metaspace: 1695K(1856K)->1695K(1856K) NonClass: 1571K(1664K)->1571K(1664K) Class: 124K(192K)->124K(192K)
[2024-10-12T11:44:59.842+0800][info] GC(624) Pause Young (Prepare Mixed) (G1 Evacuation Pause) 108M->107M(128M) 1.715ms
[2024-10-12T11:44:59.842+0800][info] GC(624) User=0.00s Sys=0.00s Real=0.00s
[2024-10-12T11:44:59.944+0800][info] GC(625) Pause Young (Mixed) (G1 Evacuation Pause)
[2024-10-12T11:44:59.944+0800][info] GC(625) Using 3 workers of 48 for evacuation
[2024-10-12T11:44:59.946+0800][info] GC(625)   Pre Evacuate Collection Set: 0.2ms
[2024-10-12T11:44:59.946+0800][info] GC(625)   Merge Heap Roots: 0.1ms
[2024-10-12T11:44:59.946+0800][info] GC(625)   Evacuate Collection Set: 1.7ms
[2024-10-12T11:44:59.946+0800][info] GC(625)   Post Evacuate Collection Set: 0.2ms
[2024-10-12T11:44:59.946+0800][info] GC(625)   Other: 0.2ms
[2024-10-12T11:44:59.946+0800][info] GC(625) Eden regions: 2->0(2)
[2024-10-12T11:44:59.946+0800][info] GC(625) Survivor regions: 1->1(1)
[2024-10-12T11:44:59.946+0800][info] GC(625) Old regions: 50->46
[2024-10-12T11:44:59.946+0800][info] GC(625) Archive regions: 2->2
[2024-10-12T11:44:59.946+0800][info] GC(625) Humongous regions: 3->3
[2024-10-12T11:44:59.946+0800][info] GC(625) Metaspace: 1695K(1856K)->1695K(1856K) NonClass: 1571K(1664K)->1571K(1664K) Class: 124K(192K)->124K(192K)
[2024-10-12T11:44:59.946+0800][info] GC(625) Pause Young (Mixed) (G1 Evacuation Pause) 111M->100M(128M) 2.481ms
[2024-10-12T11:44:59.946+0800][info] GC(625) User=0.01s Sys=0.00s Real=0.01s
[2024-10-12T11:45:00.048+0800][info] GC(626) Pause Young (Mixed) (G1 Evacuation Pause)
[2024-10-12T11:45:00.048+0800][info] GC(626) Using 3 workers of 48 for evacuation
[2024-10-12T11:45:00.052+0800][info] GC(626)   Pre Evacuate Collection Set: 0.2ms
[2024-10-12T11:45:00.052+0800][info] GC(626)   Merge Heap Roots: 0.1ms
[2024-10-12T11:45:00.052+0800][info] GC(626)   Evacuate Collection Set: 2.5ms
[2024-10-12T11:45:00.052+0800][info] GC(626)   Post Evacuate Collection Set: 0.2ms
[2024-10-12T11:45:00.052+0800][info] GC(626)   Other: 0.2ms
[2024-10-12T11:45:00.052+0800][info] GC(626) Eden regions: 2->0(2)
[2024-10-12T11:45:00.052+0800][info] GC(626) Survivor regions: 1->1(1)
[2024-10-12T11:45:00.052+0800][info] GC(626) Old regions: 46->44
[2024-10-12T11:45:00.052+0800][info] GC(626) Archive regions: 2->2
[2024-10-12T11:45:00.052+0800][info] GC(626) Humongous regions: 3->3
[2024-10-12T11:45:00.052+0800][info] GC(626) Metaspace: 1695K(1856K)->1695K(1856K) NonClass: 1571K(1664K)->1571K(1664K) Class: 124K(192K)->124K(192K)
[2024-10-12T11:45:00.052+0800][info] GC(626) Pause Young (Mixed) (G1 Evacuation Pause) 103M->97M(128M) 3.316ms
[2024-10-12T11:45:00.052+0800][info] GC(626) User=0.01s Sys=0.00s Real=0.00s
[2024-10-12T11:45:00.154+0800][info] GC(627) Pause Young (Mixed) (G1 Evacuation Pause)
[2024-10-12T11:45:00.154+0800][info] GC(627) Using 3 workers of 48 for evacuation
[2024-10-12T11:45:00.157+0800][info] GC(627)   Pre Evacuate Collection Set: 0.2ms
[2024-10-12T11:45:00.157+0800][info] GC(627)   Merge Heap Roots: 0.1ms
[2024-10-12T11:45:00.157+0800][info] GC(627)   Evacuate Collection Set: 2.7ms
[2024-10-12T11:45:00.157+0800][info] GC(627)   Post Evacuate Collection Set: 0.2ms
[2024-10-12T11:45:00.157+0800][info] GC(627)   Other: 0.2ms
[2024-10-12T11:45:00.157+0800][info] GC(627) Eden regions: 2->0(2)
[2024-10-12T11:45:00.157+0800][info] GC(627) Survivor regions: 1->1(1)
[2024-10-12T11:45:00.157+0800][info] GC(627) Old regions: 44->43
[2024-10-12T11:45:00.157+0800][info] GC(627) Archive regions: 2->2
[2024-10-12T11:45:00.157+0800][info] GC(627) Humongous regions: 3->3
[2024-10-12T11:45:00.157+0800][info] GC(627) Metaspace: 1695K(1856K)->1695K(1856K) NonClass: 1571K(1664K)->1571K(1664K) Class: 124K(192K)->124K(192K)
[2024-10-12T11:45:00.157+0800][info] GC(627) Pause Young (Mixed) (G1 Evacuation Pause) 100M->95M(128M) 3.491ms
[2024-10-12T11:45:00.157+0800][info] GC(627) User=0.01s Sys=0.00s Real=0.00s
[2024-10-12T11:45:00.260+0800][info] GC(628) Pause Young (Mixed) (G1 Evacuation Pause)
[2024-10-12T11:45:00.260+0800][info] GC(628) Using 3 workers of 48 for evacuation
[2024-10-12T11:45:00.263+0800][info] GC(628)   Pre Evacuate Collection Set: 0.2ms
[2024-10-12T11:45:00.263+0800][info] GC(628)   Merge Heap Roots: 0.1ms
[2024-10-12T11:45:00.263+0800][info] GC(628)   Evacuate Collection Set: 3.2ms
[2024-10-12T11:45:00.263+0800][info] GC(628)   Post Evacuate Collection Set: 0.3ms
[2024-10-12T11:45:00.263+0800][info] GC(628)   Other: 0.1ms
[2024-10-12T11:45:00.263+0800][info] GC(628) Eden regions: 2->0(2)
[2024-10-12T11:45:00.264+0800][info] GC(628) Survivor regions: 1->1(1)
[2024-10-12T11:45:00.264+0800][info] GC(628) Old regions: 43->43
[2024-10-12T11:45:00.264+0800][info] GC(628) Archive regions: 2->2
[2024-10-12T11:45:00.264+0800][info] GC(628) Humongous regions: 3->3
[2024-10-12T11:45:00.264+0800][info] GC(628) Metaspace: 1695K(1856K)->1695K(1856K) NonClass: 1571K(1664K)->1571K(1664K) Class: 124K(192K)->124K(192K)
[2024-10-12T11:45:00.264+0800][info] GC(628) Pause Young (Mixed) (G1 Evacuation Pause) 99M->95M(128M) 4.009ms
[2024-10-12T11:45:00.264+0800][info] GC(628) User=0.01s Sys=0.00s Real=0.00s
[2024-10-12T11:45:00.366+0800][info] GC(629) Pause Young (Mixed) (G1 Evacuation Pause)
[2024-10-12T11:45:00.366+0800][info] GC(629) Using 3 workers of 48 for evacuation
[2024-10-12T11:45:00.369+0800][info] GC(629)   Pre Evacuate Collection Set: 0.2ms
[2024-10-12T11:45:00.369+0800][info] GC(629)   Merge Heap Roots: 0.1ms
[2024-10-12T11:45:00.369+0800][info] GC(629)   Evacuate Collection Set: 2.5ms
[2024-10-12T11:45:00.369+0800][info] GC(629)   Post Evacuate Collection Set: 0.3ms
[2024-10-12T11:45:00.369+0800][info] GC(629)   Other: 0.1ms
[2024-10-12T11:45:00.369+0800][info] GC(629) Eden regions: 2->0(2)
[2024-10-12T11:45:00.369+0800][info] GC(629) Survivor regions: 1->1(1)
[2024-10-12T11:45:00.369+0800][info] GC(629) Old regions: 43->45
[2024-10-12T11:45:00.369+0800][info] GC(629) Archive regions: 2->2
[2024-10-12T11:45:00.369+0800][info] GC(629) Humongous regions: 3->3
[2024-10-12T11:45:00.369+0800][info] GC(629) Metaspace: 1695K(1856K)->1695K(1856K) NonClass: 1571K(1664K)->1571K(1664K) Class: 124K(192K)->124K(192K)
[2024-10-12T11:45:00.369+0800][info] GC(629) Pause Young (Mixed) (G1 Evacuation Pause) 99M->98M(128M) 3.295ms
[2024-10-12T11:45:00.369+0800][info] GC(629) User=0.01s Sys=0.00s Real=0.00s
[2024-10-12T11:45:00.471+0800][info] GC(630) Pause Young (Normal) (G1 Evacuation Pause)
[2024-10-12T11:45:00.471+0800][info] GC(630) Using 3 workers of 48 for evacuation
[2024-10-12T11:45:00.473+0800][info] GC(630)   Pre Evacuate Collection Set: 0.1ms
[2024-10-12T11:45:00.473+0800][info] GC(630)   Merge Heap Roots: 0.1ms
[2024-10-12T11:45:00.473+0800][info] GC(630)   Evacuate Collection Set: 1.0ms
[2024-10-12T11:45:00.473+0800][info] GC(630)   Post Evacuate Collection Set: 0.2ms
[2024-10-12T11:45:00.473+0800][info] GC(630)   Other: 0.2ms
[2024-10-12T11:45:00.473+0800][info] GC(630) Eden regions: 2->0(2)
[2024-10-12T11:45:00.473+0800][info] GC(630) Survivor regions: 1->1(1)
[2024-10-12T11:45:00.473+0800][info] GC(630) Old regions: 45->46
[2024-10-12T11:45:00.473+0800][info] GC(630) Archive regions: 2->2
[2024-10-12T11:45:00.473+0800][info] GC(630) Humongous regions: 3->3
[2024-10-12T11:45:00.473+0800][info] GC(630) Metaspace: 1695K(1856K)->1695K(1856K) NonClass: 1571K(1664K)->1571K(1664K) Class: 124K(192K)->124K(192K)
[2024-10-12T11:45:00.473+0800][info] GC(630) Pause Young (Normal) (G1 Evacuation Pause) 101M->101M(128M) 1.684ms
[2024-10-12T11:45:00.473+0800][info] GC(630) User=0.00s Sys=0.01s Real=0.00s
[2024-10-12T11:45:00.575+0800][info] GC(631) Pause Young (Normal) (G1 Evacuation Pause)
[2024-10-12T11:45:00.575+0800][info] GC(631) Using 3 workers of 48 for evacuation
[2024-10-12T11:45:00.576+0800][info] GC(631)   Pre Evacuate Collection Set: 0.1ms
[2024-10-12T11:45:00.576+0800][info] GC(631)   Merge Heap Roots: 0.1ms
[2024-10-12T11:45:00.576+0800][info] GC(631)   Evacuate Collection Set: 1.1ms
[2024-10-12T11:45:00.576+0800][info] GC(631)   Post Evacuate Collection Set: 0.2ms
[2024-10-12T11:45:00.576+0800][info] GC(631)   Other: 0.2ms
[2024-10-12T11:45:00.576+0800][info] GC(631) Eden regions: 2->0(2)
[2024-10-12T11:45:00.576+0800][info] GC(631) Survivor regions: 1->1(1)
[2024-10-12T11:45:00.576+0800][info] GC(631) Old regions: 46->48
[2024-10-12T11:45:00.576+0800][info] GC(631) Archive regions: 2->2
[2024-10-12T11:45:00.576+0800][info] GC(631) Humongous regions: 3->3
[2024-10-12T11:45:00.576+0800][info] GC(631) Metaspace: 1695K(1856K)->1695K(1856K) NonClass: 1571K(1664K)->1571K(1664K) Class: 124K(192K)->124K(192K)
[2024-10-12T11:45:00.576+0800][info] GC(631) Pause Young (Normal) (G1 Evacuation Pause) 105M->105M(128M) 1.731ms
[2024-10-12T11:45:00.576+0800][info] GC(631) User=0.01s Sys=0.00s Real=0.00s
[2024-10-12T11:45:00.679+0800][info] GC(632) Pause Young (Concurrent Start) (G1 Evacuation Pause)
[2024-10-12T11:45:00.679+0800][info] GC(632) Using 3 workers of 48 for evacuation
[2024-10-12T11:45:00.680+0800][info] GC(632)   Pre Evacuate Collection Set: 0.1ms
[2024-10-12T11:45:00.680+0800][info] GC(632)   Merge Heap Roots: 0.1ms
[2024-10-12T11:45:00.680+0800][info] GC(632)   Evacuate Collection Set: 0.9ms
[2024-10-12T11:45:00.680+0800][info] GC(632)   Post Evacuate Collection Set: 0.2ms
[2024-10-12T11:45:00.680+0800][info] GC(632)   Other: 0.3ms
[2024-10-12T11:45:00.680+0800][info] GC(632) Eden regions: 2->0(2)
[2024-10-12T11:45:00.680+0800][info] GC(632) Survivor regions: 1->1(1)
[2024-10-12T11:45:00.680+0800][info] GC(632) Old regions: 48->50
[2024-10-12T11:45:00.680+0800][info] GC(632) Archive regions: 2->2
[2024-10-12T11:45:00.680+0800][info] GC(632) Humongous regions: 3->3
[2024-10-12T11:45:00.680+0800][info] GC(632) Metaspace: 1695K(1856K)->1695K(1856K) NonClass: 1571K(1664K)->1571K(1664K) Class: 124K(192K)->124K(192K)
[2024-10-12T11:45:00.680+0800][info] GC(632) Pause Young (Concurrent Start) (G1 Evacuation Pause) 109M->109M(128M) 1.747ms
[2024-10-12T11:45:00.681+0800][info] GC(632) User=0.00s Sys=0.00s Real=0.00s
[2024-10-12T11:45:00.681+0800][info] GC(633) Concurrent Mark Cycle
[2024-10-12T11:45:00.681+0800][info] GC(633) Concurrent Clear Claimed Marks
[2024-10-12T11:45:00.681+0800][info] GC(633) Concurrent Clear Claimed Marks 0.017ms
[2024-10-12T11:45:00.681+0800][info] GC(633) Concurrent Scan Root Regions
[2024-10-12T11:45:00.681+0800][info] GC(633) Concurrent Scan Root Regions 0.158ms
[2024-10-12T11:45:00.681+0800][info] GC(633) Concurrent Mark
[2024-10-12T11:45:00.681+0800][info] GC(633) Concurrent Mark From Roots
[2024-10-12T11:45:00.681+0800][info] GC(633) Using 12 workers of 12 for marking
[2024-10-12T11:45:00.684+0800][info] GC(633) Concurrent Mark From Roots 3.544ms
[2024-10-12T11:45:00.684+0800][info] GC(633) Concurrent Preclean
[2024-10-12T11:45:00.686+0800][info] GC(633) Concurrent Preclean 1.714ms
[2024-10-12T11:45:00.686+0800][info] GC(633) Pause Remark
[2024-10-12T11:45:00.688+0800][info] GC(633) Pause Remark 109M->109M(128M) 1.712ms
[2024-10-12T11:45:00.688+0800][info] GC(633) User=0.01s Sys=0.00s Real=0.00s
[2024-10-12T11:45:00.688+0800][info] GC(633) Concurrent Mark 7.300ms
[2024-10-12T11:45:00.688+0800][info] GC(633) Concurrent Rebuild Remembered Sets
[2024-10-12T11:45:00.689+0800][info] GC(633) Concurrent Rebuild Remembered Sets 1.230ms
[2024-10-12T11:45:00.690+0800][info] GC(633) Pause Cleanup
[2024-10-12T11:45:00.690+0800][info] GC(633) Pause Cleanup 109M->109M(128M) 0.249ms
[2024-10-12T11:45:00.690+0800][info] GC(633) User=0.00s Sys=0.00s Real=0.00s
[2024-10-12T11:45:00.690+0800][info] GC(633) Concurrent Cleanup for Next Mark
[2024-10-12T11:45:00.690+0800][info] GC(633) Concurrent Cleanup for Next Mark 0.384ms
[2024-10-12T11:45:00.690+0800][info] GC(633) Concurrent Mark Cycle 9.702ms
[2024-10-12T11:45:00.833+0800][info] GC(634) Pause Young (Prepare Mixed) (G1 Evacuation Pause)
[2024-10-12T11:45:00.833+0800][info] GC(634) Using 3 workers of 48 for evacuation
[2024-10-12T11:45:00.835+0800][info] GC(634)   Pre Evacuate Collection Set: 0.1ms
[2024-10-12T11:45:00.835+0800][info] GC(634)   Merge Heap Roots: 0.1ms
[2024-10-12T11:45:00.835+0800][info] GC(634)   Evacuate Collection Set: 1.3ms
[2024-10-12T11:45:00.835+0800][info] GC(634)   Post Evacuate Collection Set: 0.2ms
[2024-10-12T11:45:00.835+0800][info] GC(634)   Other: 0.2ms
[2024-10-12T11:45:00.835+0800][info] GC(634) Eden regions: 2->0(2)
[2024-10-12T11:45:00.835+0800][info] GC(634) Survivor regions: 1->1(1)
[2024-10-12T11:45:00.835+0800][info] GC(634) Old regions: 50->52
[2024-10-12T11:45:00.835+0800][info] GC(634) Archive regions: 2->2
[2024-10-12T11:45:00.835+0800][info] GC(634) Humongous regions: 3->3
[2024-10-12T11:45:00.835+0800][info] GC(634) Metaspace: 1695K(1856K)->1695K(1856K) NonClass: 1571K(1664K)->1571K(1664K) Class: 124K(192K)->124K(192K)
[2024-10-12T11:45:00.835+0800][info] GC(634) Pause Young (Prepare Mixed) (G1 Evacuation Pause) 112M->113M(128M) 2.004ms
[2024-10-12T11:45:00.835+0800][info] GC(634) User=0.01s Sys=0.01s Real=0.00s
[2024-10-12T11:45:00.856+0800][info] GC(635) Pause Young (Mixed) (G1 Preventive Collection)
[2024-10-12T11:45:00.856+0800][info] GC(635) Using 3 workers of 48 for evacuation
[2024-10-12T11:45:00.858+0800][info] GC(635)   Pre Evacuate Collection Set: 0.2ms
[2024-10-12T11:45:00.858+0800][info] GC(635)   Merge Heap Roots: 0.1ms
[2024-10-12T11:45:00.858+0800][info] GC(635)   Evacuate Collection Set: 1.7ms
[2024-10-12T11:45:00.858+0800][info] GC(635)   Post Evacuate Collection Set: 0.2ms
[2024-10-12T11:45:00.858+0800][info] GC(635)   Other: 0.2ms
[2024-10-12T11:45:00.858+0800][info] GC(635) Eden regions: 1->0(2)
[2024-10-12T11:45:00.858+0800][info] GC(635) Survivor regions: 1->1(1)
[2024-10-12T11:45:00.858+0800][info] GC(635) Old regions: 52->48
[2024-10-12T11:45:00.858+0800][info] GC(635) Archive regions: 2->2
[2024-10-12T11:45:00.858+0800][info] GC(635) Humongous regions: 3->3
[2024-10-12T11:45:00.859+0800][info] GC(635) Metaspace: 1695K(1856K)->1695K(1856K) NonClass: 1571K(1664K)->1571K(1664K) Class: 124K(192K)->124K(192K)
[2024-10-12T11:45:00.859+0800][info] GC(635) Pause Young (Mixed) (G1 Preventive Collection) 114M->103M(128M) 2.572ms
[2024-10-12T11:45:00.859+0800][info] GC(635) User=0.00s Sys=0.00s Real=0.00s
[2024-10-12T11:45:00.982+0800][info] GC(636) Pause Young (Mixed) (G1 Preventive Collection)
[2024-10-12T11:45:00.982+0800][info] GC(636) Using 3 workers of 48 for evacuation
[2024-10-12T11:45:00.985+0800][info] GC(636)   Pre Evacuate Collection Set: 0.2ms
[2024-10-12T11:45:00.985+0800][info] GC(636)   Merge Heap Roots: 0.1ms
[2024-10-12T11:45:00.985+0800][info] GC(636)   Evacuate Collection Set: 2.6ms
[2024-10-12T11:45:00.985+0800][info] GC(636)   Post Evacuate Collection Set: 0.2ms
[2024-10-12T11:45:00.985+0800][info] GC(636)   Other: 0.1ms
[2024-10-12T11:45:00.985+0800][info] GC(636) Eden regions: 2->0(2)
[2024-10-12T11:45:00.985+0800][info] GC(636) Survivor regions: 1->1(1)
[2024-10-12T11:45:00.985+0800][info] GC(636) Old regions: 48->46
[2024-10-12T11:45:00.985+0800][info] GC(636) Archive regions: 2->2
[2024-10-12T11:45:00.985+0800][info] GC(636) Humongous regions: 4->3
[2024-10-12T11:45:00.985+0800][info] GC(636) Metaspace: 1695K(1856K)->1695K(1856K) NonClass: 1571K(1664K)->1571K(1664K) Class: 124K(192K)->124K(192K)
[2024-10-12T11:45:00.985+0800][info] GC(636) Pause Young (Mixed) (G1 Preventive Collection) 109M->100M(128M) 3.335ms
[2024-10-12T11:45:00.985+0800][info] GC(636) User=0.01s Sys=0.00s Real=0.01s
[2024-10-12T11:45:01.088+0800][info] GC(637) Pause Young (Mixed) (G1 Evacuation Pause)
[2024-10-12T11:45:01.088+0800][info] GC(637) Using 3 workers of 48 for evacuation
[2024-10-12T11:45:01.091+0800][info] GC(637)   Pre Evacuate Collection Set: 0.2ms
[2024-10-12T11:45:01.091+0800][info] GC(637)   Merge Heap Roots: 0.1ms
[2024-10-12T11:45:01.091+0800][info] GC(637)   Evacuate Collection Set: 2.7ms
[2024-10-12T11:45:01.091+0800][info] GC(637)   Post Evacuate Collection Set: 0.2ms
[2024-10-12T11:45:01.091+0800][info] GC(637)   Other: 0.1ms
[2024-10-12T11:45:01.091+0800][info] GC(637) Eden regions: 2->0(2)
[2024-10-12T11:45:01.091+0800][info] GC(637) Survivor regions: 1->1(1)
[2024-10-12T11:45:01.091+0800][info] GC(637) Old regions: 46->46
[2024-10-12T11:45:01.091+0800][info] GC(637) Archive regions: 2->2
[2024-10-12T11:45:01.091+0800][info] GC(637) Humongous regions: 3->3
[2024-10-12T11:45:01.091+0800][info] GC(637) Metaspace: 1695K(1856K)->1695K(1856K) NonClass: 1571K(1664K)->1571K(1664K) Class: 124K(192K)->124K(192K)
[2024-10-12T11:45:01.091+0800][info] GC(637) Pause Young (Mixed) (G1 Evacuation Pause) 103M->100M(128M) 3.420ms
[2024-10-12T11:45:01.091+0800][info] GC(637) User=0.01s Sys=0.00s Real=0.00s
[2024-10-12T11:45:01.193+0800][info] GC(638) Pause Young (Mixed) (G1 Evacuation Pause)
[2024-10-12T11:45:01.193+0800][info] GC(638) Using 3 workers of 48 for evacuation
[2024-10-12T11:45:01.196+0800][info] GC(638)   Pre Evacuate Collection Set: 0.2ms
[2024-10-12T11:45:01.196+0800][info] GC(638)   Merge Heap Roots: 0.1ms
[2024-10-12T11:45:01.196+0800][info] GC(638)   Evacuate Collection Set: 2.8ms
[2024-10-12T11:45:01.196+0800][info] GC(638)   Post Evacuate Collection Set: 0.2ms
[2024-10-12T11:45:01.196+0800][info] GC(638)   Other: 0.1ms
[2024-10-12T11:45:01.196+0800][info] GC(638) Eden regions: 2->0(2)
[2024-10-12T11:45:01.196+0800][info] GC(638) Survivor regions: 1->1(1)
[2024-10-12T11:45:01.196+0800][info] GC(638) Old regions: 46->44
[2024-10-12T11:45:01.196+0800][info] GC(638) Archive regions: 2->2
[2024-10-12T11:45:01.196+0800][info] GC(638) Humongous regions: 3->3
[2024-10-12T11:45:01.196+0800][info] GC(638) Metaspace: 1695K(1856K)->1695K(1856K) NonClass: 1571K(1664K)->1571K(1664K) Class: 124K(192K)->124K(192K)
[2024-10-12T11:45:01.196+0800][info] GC(638) Pause Young (Mixed) (G1 Evacuation Pause) 103M->97M(128M) 3.616ms
[2024-10-12T11:45:01.196+0800][info] GC(638) User=0.01s Sys=0.01s Real=0.01s
[2024-10-12T11:45:01.299+0800][info] GC(639) Pause Young (Mixed) (G1 Evacuation Pause)
[2024-10-12T11:45:01.299+0800][info] GC(639) Using 3 workers of 48 for evacuation
[2024-10-12T11:45:01.303+0800][info] GC(639)   Pre Evacuate Collection Set: 0.2ms
[2024-10-12T11:45:01.304+0800][info] GC(639)   Merge Heap Roots: 0.1ms
[2024-10-12T11:45:01.304+0800][info] GC(639)   Evacuate Collection Set: 4.0ms
[2024-10-12T11:45:01.304+0800][info] GC(639)   Post Evacuate Collection Set: 0.3ms
[2024-10-12T11:45:01.304+0800][info] GC(639)   Other: 0.1ms
[2024-10-12T11:45:01.304+0800][info] GC(639) Eden regions: 2->0(2)
[2024-10-12T11:45:01.304+0800][info] GC(639) Survivor regions: 1->1(1)
[2024-10-12T11:45:01.304+0800][info] GC(639) Old regions: 44->43
[2024-10-12T11:45:01.304+0800][info] GC(639) Archive regions: 2->2
[2024-10-12T11:45:01.304+0800][info] GC(639) Humongous regions: 3->3
[2024-10-12T11:45:01.304+0800][info] GC(639) Metaspace: 1695K(1856K)->1695K(1856K) NonClass: 1571K(1664K)->1571K(1664K) Class: 124K(192K)->124K(192K)
[2024-10-12T11:45:01.304+0800][info] GC(639) Pause Young (Mixed) (G1 Evacuation Pause) 101M->95M(128M) 4.833ms
[2024-10-12T11:45:01.304+0800][info] GC(639) User=0.01s Sys=0.00s Real=0.00s
[2024-10-12T11:45:01.406+0800][info] GC(640) Pause Young (Normal) (G1 Evacuation Pause)
[2024-10-12T11:45:01.406+0800][info] GC(640) Using 3 workers of 48 for evacuation
[2024-10-12T11:45:01.407+0800][info] GC(640)   Pre Evacuate Collection Set: 0.1ms
[2024-10-12T11:45:01.407+0800][info] GC(640)   Merge Heap Roots: 0.1ms
[2024-10-12T11:45:01.407+0800][info] GC(640)   Evacuate Collection Set: 1.0ms
[2024-10-12T11:45:01.407+0800][info] GC(640)   Post Evacuate Collection Set: 0.2ms
[2024-10-12T11:45:01.407+0800][info] GC(640)   Other: 0.2ms
[2024-10-12T11:45:01.407+0800][info] GC(640) Eden regions: 2->0(2)
[2024-10-12T11:45:01.407+0800][info] GC(640) Survivor regions: 1->1(1)
[2024-10-12T11:45:01.407+0800][info] GC(640) Old regions: 43->45
[2024-10-12T11:45:01.407+0800][info] GC(640) Archive regions: 2->2
[2024-10-12T11:45:01.407+0800][info] GC(640) Humongous regions: 3->3
[2024-10-12T11:45:01.407+0800][info] GC(640) Metaspace: 1695K(1856K)->1695K(1856K) NonClass: 1571K(1664K)->1571K(1664K) Class: 124K(192K)->124K(192K)
[2024-10-12T11:45:01.407+0800][info] GC(640) Pause Young (Normal) (G1 Evacuation Pause) 98M->98M(128M) 1.636ms
[2024-10-12T11:45:01.407+0800][info] GC(640) User=0.01s Sys=0.00s Real=0.00s
[2024-10-12T11:45:01.510+0800][info] GC(641) Pause Young (Normal) (G1 Evacuation Pause)
[2024-10-12T11:45:01.510+0800][info] GC(641) Using 3 workers of 48 for evacuation
[2024-10-12T11:45:01.511+0800][info] GC(641)   Pre Evacuate Collection Set: 0.1ms
[2024-10-12T11:45:01.511+0800][info] GC(641)   Merge Heap Roots: 0.1ms
[2024-10-12T11:45:01.511+0800][info] GC(641)   Evacuate Collection Set: 0.9ms
[2024-10-12T11:45:01.511+0800][info] GC(641)   Post Evacuate Collection Set: 0.2ms
[2024-10-12T11:45:01.511+0800][info] GC(641)   Other: 0.2ms
[2024-10-12T11:45:01.511+0800][info] GC(641) Eden regions: 2->0(2)
[2024-10-12T11:45:01.511+0800][info] GC(641) Survivor regions: 1->1(1)
[2024-10-12T11:45:01.511+0800][info] GC(641) Old regions: 45->47
[2024-10-12T11:45:01.511+0800][info] GC(641) Archive regions: 2->2
[2024-10-12T11:45:01.511+0800][info] GC(641) Humongous regions: 3->3
[2024-10-12T11:45:01.511+0800][info] GC(641) Metaspace: 1695K(1856K)->1695K(1856K) NonClass: 1571K(1664K)->1571K(1664K) Class: 124K(192K)->124K(192K)
[2024-10-12T11:45:01.511+0800][info] GC(641) Pause Young (Normal) (G1 Evacuation Pause) 102M->102M(128M) 1.578ms
[2024-10-12T11:45:01.511+0800][info] GC(641) User=0.00s Sys=0.00s Real=0.00s
[2024-10-12T11:45:01.613+0800][info] GC(642) Pause Young (Concurrent Start) (G1 Evacuation Pause)
[2024-10-12T11:45:01.613+0800][info] GC(642) Using 3 workers of 48 for evacuation
[2024-10-12T11:45:01.615+0800][info] GC(642)   Pre Evacuate Collection Set: 0.1ms
[2024-10-12T11:45:01.615+0800][info] GC(642)   Merge Heap Roots: 0.1ms
[2024-10-12T11:45:01.615+0800][info] GC(642)   Evacuate Collection Set: 1.2ms
[2024-10-12T11:45:01.615+0800][info] GC(642)   Post Evacuate Collection Set: 0.2ms
[2024-10-12T11:45:01.615+0800][info] GC(642)   Other: 0.4ms
[2024-10-12T11:45:01.615+0800][info] GC(642) Eden regions: 2->0(2)
[2024-10-12T11:45:01.615+0800][info] GC(642) Survivor regions: 1->1(1)
[2024-10-12T11:45:01.615+0800][info] GC(642) Old regions: 47->49
[2024-10-12T11:45:01.615+0800][info] GC(642) Archive regions: 2->2
[2024-10-12T11:45:01.615+0800][info] GC(642) Humongous regions: 3->3
[2024-10-12T11:45:01.615+0800][info] GC(642) Metaspace: 1695K(1856K)->1695K(1856K) NonClass: 1571K(1664K)->1571K(1664K) Class: 124K(192K)->124K(192K)
[2024-10-12T11:45:01.615+0800][info] GC(642) Pause Young (Concurrent Start) (G1 Evacuation Pause) 106M->106M(128M) 2.060ms
[2024-10-12T11:45:01.615+0800][info] GC(642) User=0.01s Sys=0.00s Real=0.01s
[2024-10-12T11:45:01.615+0800][info] GC(643) Concurrent Mark Cycle
[2024-10-12T11:45:01.615+0800][info] GC(643) Concurrent Clear Claimed Marks
[2024-10-12T11:45:01.615+0800][info] GC(643) Concurrent Clear Claimed Marks 0.017ms
[2024-10-12T11:45:01.615+0800][info] GC(643) Concurrent Scan Root Regions
[2024-10-12T11:45:01.615+0800][info] GC(643) Concurrent Scan Root Regions 0.157ms
[2024-10-12T11:45:01.615+0800][info] GC(643) Concurrent Mark
[2024-10-12T11:45:01.615+0800][info] GC(643) Concurrent Mark From Roots
[2024-10-12T11:45:01.615+0800][info] GC(643) Using 12 workers of 12 for marking
[2024-10-12T11:45:01.619+0800][info] GC(643) Concurrent Mark From Roots 3.393ms
[2024-10-12T11:45:01.619+0800][info] GC(643) Concurrent Preclean
[2024-10-12T11:45:01.621+0800][info] GC(643) Concurrent Preclean 1.665ms
[2024-10-12T11:45:01.621+0800][info] GC(643) Pause Remark
[2024-10-12T11:45:01.622+0800][info] GC(643) Pause Remark 107M->105M(128M) 1.657ms
[2024-10-12T11:45:01.622+0800][info] GC(643) User=0.00s Sys=0.00s Real=0.00s
[2024-10-12T11:45:01.622+0800][info] GC(643) Concurrent Mark 7.038ms
[2024-10-12T11:45:01.623+0800][info] GC(643) Concurrent Rebuild Remembered Sets
[2024-10-12T11:45:01.624+0800][info] GC(643) Concurrent Rebuild Remembered Sets 1.351ms
[2024-10-12T11:45:01.624+0800][info] GC(643) Pause Cleanup
[2024-10-12T11:45:01.624+0800][info] GC(643) Pause Cleanup 105M->105M(128M) 0.184ms
[2024-10-12T11:45:01.624+0800][info] GC(643) User=0.00s Sys=0.00s Real=0.00s
[2024-10-12T11:45:01.624+0800][info] GC(643) Concurrent Cleanup for Next Mark
[2024-10-12T11:45:01.625+0800][info] GC(643) Concurrent Cleanup for Next Mark 0.380ms
[2024-10-12T11:45:01.625+0800][info] GC(643) Concurrent Mark Cycle 9.490ms
[2024-10-12T11:45:01.768+0800][info] GC(644) Pause Young (Prepare Mixed) (G1 Evacuation Pause)
[2024-10-12T11:45:01.768+0800][info] GC(644) Using 3 workers of 48 for evacuation
[2024-10-12T11:45:01.770+0800][info] GC(644)   Pre Evacuate Collection Set: 0.1ms
[2024-10-12T11:45:01.770+0800][info] GC(644)   Merge Heap Roots: 0.1ms
[2024-10-12T11:45:01.770+0800][info] GC(644)   Evacuate Collection Set: 1.0ms
[2024-10-12T11:45:01.770+0800][info] GC(644)   Post Evacuate Collection Set: 0.2ms
[2024-10-12T11:45:01.770+0800][info] GC(644)   Other: 0.2ms
[2024-10-12T11:45:01.770+0800][info] GC(644) Eden regions: 2->0(2)
[2024-10-12T11:45:01.770+0800][info] GC(644) Survivor regions: 1->1(1)
[2024-10-12T11:45:01.770+0800][info] GC(644) Old regions: 48->50
[2024-10-12T11:45:01.770+0800][info] GC(644) Archive regions: 2->2
[2024-10-12T11:45:01.770+0800][info] GC(644) Humongous regions: 3->3
[2024-10-12T11:45:01.770+0800][info] GC(644) Metaspace: 1695K(1856K)->1695K(1856K) NonClass: 1571K(1664K)->1571K(1664K) Class: 124K(192K)->124K(192K)
[2024-10-12T11:45:01.770+0800][info] GC(644) Pause Young (Prepare Mixed) (G1 Evacuation Pause) 108M->108M(128M) 1.759ms
[2024-10-12T11:45:01.770+0800][info] GC(644) User=0.00s Sys=0.00s Real=0.00s
[2024-10-12T11:45:01.872+0800][info] GC(645) Pause Young (Mixed) (G1 Preventive Collection)
[2024-10-12T11:45:01.872+0800][info] GC(645) Using 3 workers of 48 for evacuation
[2024-10-12T11:45:01.875+0800][info] GC(645)   Pre Evacuate Collection Set: 0.2ms
[2024-10-12T11:45:01.875+0800][info] GC(645)   Merge Heap Roots: 0.1ms
[2024-10-12T11:45:01.875+0800][info] GC(645)   Evacuate Collection Set: 2.1ms
[2024-10-12T11:45:01.875+0800][info] GC(645)   Post Evacuate Collection Set: 0.2ms
[2024-10-12T11:45:01.875+0800][info] GC(645)   Other: 0.2ms
[2024-10-12T11:45:01.875+0800][info] GC(645) Eden regions: 2->0(2)
[2024-10-12T11:45:01.875+0800][info] GC(645) Survivor regions: 1->1(1)
[2024-10-12T11:45:01.875+0800][info] GC(645) Old regions: 50->46
[2024-10-12T11:45:01.875+0800][info] GC(645) Archive regions: 2->2
[2024-10-12T11:45:01.875+0800][info] GC(645) Humongous regions: 3->3
[2024-10-12T11:45:01.875+0800][info] GC(645) Metaspace: 1695K(1856K)->1695K(1856K) NonClass: 1571K(1664K)->1571K(1664K) Class: 124K(192K)->124K(192K)
[2024-10-12T11:45:01.875+0800][info] GC(645) Pause Young (Mixed) (G1 Preventive Collection) 111M->101M(128M) 2.810ms
[2024-10-12T11:45:01.875+0800][info] GC(645) User=0.01s Sys=0.00s Real=0.01s
[2024-10-12T11:45:01.977+0800][info] GC(646) Pause Young (Mixed) (G1 Evacuation Pause)
[2024-10-12T11:45:01.977+0800][info] GC(646) Using 3 workers of 48 for evacuation
[2024-10-12T11:45:01.981+0800][info] GC(646)   Pre Evacuate Collection Set: 0.2ms
[2024-10-12T11:45:01.981+0800][info] GC(646)   Merge Heap Roots: 0.1ms
[2024-10-12T11:45:01.981+0800][info] GC(646)   Evacuate Collection Set: 2.7ms
[2024-10-12T11:45:01.981+0800][info] GC(646)   Post Evacuate Collection Set: 0.2ms
[2024-10-12T11:45:01.981+0800][info] GC(646)   Other: 0.2ms
[2024-10-12T11:45:01.981+0800][info] GC(646) Eden regions: 2->0(2)
[2024-10-12T11:45:01.981+0800][info] GC(646) Survivor regions: 1->1(1)
[2024-10-12T11:45:01.981+0800][info] GC(646) Old regions: 46->45
[2024-10-12T11:45:01.981+0800][info] GC(646) Archive regions: 2->2
[2024-10-12T11:45:01.981+0800][info] GC(646) Humongous regions: 3->3
[2024-10-12T11:45:01.981+0800][info] GC(646) Metaspace: 1695K(1856K)->1695K(1856K) NonClass: 1571K(1664K)->1571K(1664K) Class: 124K(192K)->124K(192K)
[2024-10-12T11:45:01.981+0800][info] GC(646) Pause Young (Mixed) (G1 Evacuation Pause) 104M->99M(128M) 3.493ms
[2024-10-12T11:45:01.981+0800][info] GC(646) User=0.01s Sys=0.00s Real=0.00s
[2024-10-12T11:45:02.083+0800][info] GC(647) Pause Young (Mixed) (G1 Evacuation Pause)
[2024-10-12T11:45:02.083+0800][info] GC(647) Using 3 workers of 48 for evacuation
[2024-10-12T11:45:02.086+0800][info] GC(647)   Pre Evacuate Collection Set: 0.2ms
[2024-10-12T11:45:02.086+0800][info] GC(647)   Merge Heap Roots: 0.1ms
[2024-10-12T11:45:02.086+0800][info] GC(647)   Evacuate Collection Set: 2.9ms
[2024-10-12T11:45:02.086+0800][info] GC(647)   Post Evacuate Collection Set: 0.3ms
[2024-10-12T11:45:02.086+0800][info] GC(647)   Other: 0.1ms
[2024-10-12T11:45:02.086+0800][info] GC(647) Eden regions: 2->0(2)
[2024-10-12T11:45:02.086+0800][info] GC(647) Survivor regions: 1->1(1)
[2024-10-12T11:45:02.086+0800][info] GC(647) Old regions: 45->46
[2024-10-12T11:45:02.086+0800][info] GC(647) Archive regions: 2->2
[2024-10-12T11:45:02.086+0800][info] GC(647) Humongous regions: 3->3
[2024-10-12T11:45:02.086+0800][info] GC(647) Metaspace: 1695K(1856K)->1695K(1856K) NonClass: 1571K(1664K)->1571K(1664K) Class: 124K(192K)->124K(192K)
[2024-10-12T11:45:02.086+0800][info] GC(647) Pause Young (Mixed) (G1 Evacuation Pause) 103M->100M(128M) 3.658ms
[2024-10-12T11:45:02.086+0800][info] GC(647) User=0.01s Sys=0.00s Real=0.01s
[2024-10-12T11:45:02.189+0800][info] GC(648) Pause Young (Mixed) (G1 Evacuation Pause)
[2024-10-12T11:45:02.189+0800][info] GC(648) Using 3 workers of 48 for evacuation
[2024-10-12T11:45:02.192+0800][info] GC(648)   Pre Evacuate Collection Set: 0.2ms
[2024-10-12T11:45:02.192+0800][info] GC(648)   Merge Heap Roots: 0.1ms
[2024-10-12T11:45:02.192+0800][info] GC(648)   Evacuate Collection Set: 3.0ms
[2024-10-12T11:45:02.192+0800][info] GC(648)   Post Evacuate Collection Set: 0.3ms
[2024-10-12T11:45:02.193+0800][info] GC(648)   Other: 0.2ms
[2024-10-12T11:45:02.193+0800][info] GC(648) Eden regions: 2->0(2)
[2024-10-12T11:45:02.193+0800][info] GC(648) Survivor regions: 1->1(1)
[2024-10-12T11:45:02.193+0800][info] GC(648) Old regions: 46->45
[2024-10-12T11:45:02.193+0800][info] GC(648) Archive regions: 2->2
[2024-10-12T11:45:02.193+0800][info] GC(648) Humongous regions: 3->3
[2024-10-12T11:45:02.193+0800][info] GC(648) Metaspace: 1695K(1856K)->1695K(1856K) NonClass: 1571K(1664K)->1571K(1664K) Class: 124K(192K)->124K(192K)
[2024-10-12T11:45:02.193+0800][info] GC(648) Pause Young (Mixed) (G1 Evacuation Pause) 103M->98M(128M) 3.819ms
[2024-10-12T11:45:02.193+0800][info] GC(648) User=0.01s Sys=0.00s Real=0.00s
[2024-10-12T11:45:02.295+0800][info] GC(649) Pause Young (Mixed) (G1 Evacuation Pause)
[2024-10-12T11:45:02.295+0800][info] GC(649) Using 3 workers of 48 for evacuation
[2024-10-12T11:45:02.299+0800][info] GC(649)   Pre Evacuate Collection Set: 0.2ms
[2024-10-12T11:45:02.299+0800][info] GC(649)   Merge Heap Roots: 0.1ms
[2024-10-12T11:45:02.299+0800][info] GC(649)   Evacuate Collection Set: 4.0ms
[2024-10-12T11:45:02.299+0800][info] GC(649)   Post Evacuate Collection Set: 0.3ms
[2024-10-12T11:45:02.299+0800][info] GC(649)   Other: 0.2ms
[2024-10-12T11:45:02.299+0800][info] GC(649) Eden regions: 2->0(2)
[2024-10-12T11:45:02.299+0800][info] GC(649) Survivor regions: 1->1(1)
[2024-10-12T11:45:02.299+0800][info] GC(649) Old regions: 45->44
[2024-10-12T11:45:02.299+0800][info] GC(649) Archive regions: 2->2
[2024-10-12T11:45:02.299+0800][info] GC(649) Humongous regions: 3->3
[2024-10-12T11:45:02.299+0800][info] GC(649) Metaspace: 1695K(1856K)->1695K(1856K) NonClass: 1571K(1664K)->1571K(1664K) Class: 124K(192K)->124K(192K)
[2024-10-12T11:45:02.299+0800][info] GC(649) Pause Young (Mixed) (G1 Evacuation Pause) 102M->97M(128M) 4.898ms
[2024-10-12T11:45:02.299+0800][info] GC(649) User=0.01s Sys=0.00s Real=0.00s
[2024-10-12T11:45:02.402+0800][info] GC(650) Pause Young (Normal) (G1 Evacuation Pause)
[2024-10-12T11:45:02.402+0800][info] GC(650) Using 3 workers of 48 for evacuation
[2024-10-12T11:45:02.403+0800][info] GC(650)   Pre Evacuate Collection Set: 0.1ms
[2024-10-12T11:45:02.403+0800][info] GC(650)   Merge Heap Roots: 0.0ms
[2024-10-12T11:45:02.403+0800][info] GC(650)   Evacuate Collection Set: 0.8ms
[2024-10-12T11:45:02.403+0800][info] GC(650)   Post Evacuate Collection Set: 0.2ms
[2024-10-12T11:45:02.403+0800][info] GC(650)   Other: 0.2ms
[2024-10-12T11:45:02.403+0800][info] GC(650) Eden regions: 2->0(2)
[2024-10-12T11:45:02.403+0800][info] GC(650) Survivor regions: 1->1(1)
[2024-10-12T11:45:02.403+0800][info] GC(650) Old regions: 44->46
[2024-10-12T11:45:02.403+0800][info] GC(650) Archive regions: 2->2
[2024-10-12T11:45:02.403+0800][info] GC(650) Humongous regions: 3->3
[2024-10-12T11:45:02.403+0800][info] GC(650) Metaspace: 1695K(1856K)->1695K(1856K) NonClass: 1571K(1664K)->1571K(1664K) Class: 124K(192K)->124K(192K)
[2024-10-12T11:45:02.403+0800][info] GC(650) Pause Young (Normal) (G1 Evacuation Pause) 101M->101M(128M) 1.462ms
[2024-10-12T11:45:02.403+0800][info] GC(650) User=0.00s Sys=0.00s Real=0.00s
[2024-10-12T11:45:02.505+0800][info] GC(651) Pause Young (Normal) (G1 Evacuation Pause)
[2024-10-12T11:45:02.505+0800][info] GC(651) Using 3 workers of 48 for evacuation
[2024-10-12T11:45:02.507+0800][info] GC(651)   Pre Evacuate Collection Set: 0.1ms
[2024-10-12T11:45:02.507+0800][info] GC(651)   Merge Heap Roots: 0.1ms
[2024-10-12T11:45:02.507+0800][info] GC(651)   Evacuate Collection Set: 0.9ms
[2024-10-12T11:45:02.507+0800][info] GC(651)   Post Evacuate Collection Set: 0.2ms
[2024-10-12T11:45:02.507+0800][info] GC(651)   Other: 0.2ms
[2024-10-12T11:45:02.507+0800][info] GC(651) Eden regions: 2->0(2)
[2024-10-12T11:45:02.507+0800][info] GC(651) Survivor regions: 1->1(1)
[2024-10-12T11:45:02.507+0800][info] GC(651) Old regions: 46->48
[2024-10-12T11:45:02.507+0800][info] GC(651) Archive regions: 2->2
[2024-10-12T11:45:02.507+0800][info] GC(651) Humongous regions: 3->3
[2024-10-12T11:45:02.507+0800][info] GC(651) Metaspace: 1695K(1856K)->1695K(1856K) NonClass: 1571K(1664K)->1571K(1664K) Class: 124K(192K)->124K(192K)
[2024-10-12T11:45:02.507+0800][info] GC(651) Pause Young (Normal) (G1 Evacuation Pause) 105M->105M(128M) 1.630ms
[2024-10-12T11:45:02.507+0800][info] GC(651) User=0.00s Sys=0.00s Real=0.00s
[2024-10-12T11:45:02.609+0800][info] GC(652) Pause Young (Concurrent Start) (G1 Evacuation Pause)
[2024-10-12T11:45:02.609+0800][info] GC(652) Using 3 workers of 48 for evacuation
[2024-10-12T11:45:02.611+0800][info] GC(652)   Pre Evacuate Collection Set: 0.1ms
[2024-10-12T11:45:02.611+0800][info] GC(652)   Merge Heap Roots: 0.1ms
[2024-10-12T11:45:02.611+0800][info] GC(652)   Evacuate Collection Set: 0.8ms
[2024-10-12T11:45:02.611+0800][info] GC(652)   Post Evacuate Collection Set: 0.2ms
[2024-10-12T11:45:02.611+0800][info] GC(652)   Other: 0.4ms
[2024-10-12T11:45:02.611+0800][info] GC(652) Eden regions: 2->0(2)
[2024-10-12T11:45:02.611+0800][info] GC(652) Survivor regions: 1->1(1)
[2024-10-12T11:45:02.611+0800][info] GC(652) Old regions: 48->50
[2024-10-12T11:45:02.611+0800][info] GC(652) Archive regions: 2->2
[2024-10-12T11:45:02.611+0800][info] GC(652) Humongous regions: 3->3
[2024-10-12T11:45:02.611+0800][info] GC(652) Metaspace: 1695K(1856K)->1695K(1856K) NonClass: 1571K(1664K)->1571K(1664K) Class: 124K(192K)->124K(192K)
[2024-10-12T11:45:02.611+0800][info] GC(652) Pause Young (Concurrent Start) (G1 Evacuation Pause) 109M->109M(128M) 1.693ms
[2024-10-12T11:45:02.611+0800][info] GC(652) User=0.00s Sys=0.01s Real=0.00s
[2024-10-12T11:45:02.611+0800][info] GC(653) Concurrent Mark Cycle
[2024-10-12T11:45:02.611+0800][info] GC(653) Concurrent Clear Claimed Marks
[2024-10-12T11:45:02.611+0800][info] GC(653) Concurrent Clear Claimed Marks 0.017ms
[2024-10-12T11:45:02.611+0800][info] GC(653) Concurrent Scan Root Regions
[2024-10-12T11:45:02.611+0800][info] GC(653) Concurrent Scan Root Regions 0.162ms
[2024-10-12T11:45:02.611+0800][info] GC(653) Concurrent Mark
[2024-10-12T11:45:02.611+0800][info] GC(653) Concurrent Mark From Roots
[2024-10-12T11:45:02.611+0800][info] GC(653) Using 12 workers of 12 for marking
[2024-10-12T11:45:02.614+0800][info] GC(653) Concurrent Mark From Roots 3.326ms
[2024-10-12T11:45:02.614+0800][info] GC(653) Concurrent Preclean
[2024-10-12T11:45:02.616+0800][info] GC(653) Concurrent Preclean 1.669ms
[2024-10-12T11:45:02.616+0800][info] GC(653) Pause Remark
[2024-10-12T11:45:02.618+0800][info] GC(653) Pause Remark 109M->109M(128M) 1.702ms
[2024-10-12T11:45:02.618+0800][info] GC(653) User=0.00s Sys=0.00s Real=0.00s
[2024-10-12T11:45:02.618+0800][info] GC(653) Concurrent Mark 7.037ms
[2024-10-12T11:45:02.618+0800][info] GC(653) Concurrent Rebuild Remembered Sets
[2024-10-12T11:45:02.620+0800][info] GC(653) Concurrent Rebuild Remembered Sets 1.632ms
[2024-10-12T11:45:02.620+0800][info] GC(653) Pause Cleanup
[2024-10-12T11:45:02.620+0800][info] GC(653) Pause Cleanup 109M->109M(128M) 0.197ms
[2024-10-12T11:45:02.620+0800][info] GC(653) User=0.00s Sys=0.00s Real=0.00s
[2024-10-12T11:45:02.620+0800][info] GC(653) Concurrent Cleanup for Next Mark
[2024-10-12T11:45:02.621+0800][info] GC(653) Concurrent Cleanup for Next Mark 0.379ms
[2024-10-12T11:45:02.621+0800][info] GC(653) Concurrent Mark Cycle 9.786ms
[2024-10-12T11:45:02.764+0800][info] GC(654) Pause Young (Prepare Mixed) (G1 Evacuation Pause)
[2024-10-12T11:45:02.764+0800][info] GC(654) Using 3 workers of 48 for evacuation
[2024-10-12T11:45:02.765+0800][info] GC(654)   Pre Evacuate Collection Set: 0.1ms
[2024-10-12T11:45:02.765+0800][info] GC(654)   Merge Heap Roots: 0.1ms
[2024-10-12T11:45:02.765+0800][info] GC(654)   Evacuate Collection Set: 1.2ms
[2024-10-12T11:45:02.765+0800][info] GC(654)   Post Evacuate Collection Set: 0.2ms
[2024-10-12T11:45:02.765+0800][info] GC(654)   Other: 0.2ms
[2024-10-12T11:45:02.765+0800][info] GC(654) Eden regions: 2->0(2)
[2024-10-12T11:45:02.765+0800][info] GC(654) Survivor regions: 1->1(1)
[2024-10-12T11:45:02.765+0800][info] GC(654) Old regions: 50->52
[2024-10-12T11:45:02.765+0800][info] GC(654) Archive regions: 2->2
[2024-10-12T11:45:02.765+0800][info] GC(654) Humongous regions: 3->3
[2024-10-12T11:45:02.765+0800][info] GC(654) Metaspace: 1695K(1856K)->1695K(1856K) NonClass: 1571K(1664K)->1571K(1664K) Class: 124K(192K)->124K(192K)
[2024-10-12T11:45:02.766+0800][info] GC(654) Pause Young (Prepare Mixed) (G1 Evacuation Pause) 112M->113M(128M) 1.987ms
[2024-10-12T11:45:02.766+0800][info] GC(654) User=0.00s Sys=0.00s Real=0.01s
[2024-10-12T11:45:02.827+0800][info] GC(655) Pause Young (Mixed) (G1 Preventive Collection)
[2024-10-12T11:45:02.827+0800][info] GC(655) Using 3 workers of 48 for evacuation
[2024-10-12T11:45:02.829+0800][info] GC(655)   Pre Evacuate Collection Set: 0.2ms
[2024-10-12T11:45:02.829+0800][info] GC(655)   Merge Heap Roots: 0.1ms
[2024-10-12T11:45:02.829+0800][info] GC(655)   Evacuate Collection Set: 1.9ms
[2024-10-12T11:45:02.829+0800][info] GC(655)   Post Evacuate Collection Set: 0.2ms
[2024-10-12T11:45:02.829+0800][info] GC(655)   Other: 0.2ms
[2024-10-12T11:45:02.829+0800][info] GC(655) Eden regions: 1->0(2)
[2024-10-12T11:45:02.829+0800][info] GC(655) Survivor regions: 1->1(1)
[2024-10-12T11:45:02.829+0800][info] GC(655) Old regions: 52->48
[2024-10-12T11:45:02.829+0800][info] GC(655) Archive regions: 2->2
[2024-10-12T11:45:02.829+0800][info] GC(655) Humongous regions: 3->3
[2024-10-12T11:45:02.829+0800][info] GC(655) Metaspace: 1695K(1856K)->1695K(1856K) NonClass: 1571K(1664K)->1571K(1664K) Class: 124K(192K)->124K(192K)
[2024-10-12T11:45:02.830+0800][info] GC(655) Pause Young (Mixed) (G1 Preventive Collection) 115M->105M(128M) 2.627ms
[2024-10-12T11:45:02.830+0800][info] GC(655) User=0.00s Sys=0.00s Real=0.00s
[2024-10-12T11:45:02.932+0800][info] GC(656) Pause Young (Mixed) (G1 Evacuation Pause)
[2024-10-12T11:45:02.932+0800][info] GC(656) Using 3 workers of 48 for evacuation
[2024-10-12T11:45:02.935+0800][info] GC(656)   Pre Evacuate Collection Set: 0.2ms
[2024-10-12T11:45:02.935+0800][info] GC(656)   Merge Heap Roots: 0.1ms
[2024-10-12T11:45:02.935+0800][info] GC(656)   Evacuate Collection Set: 2.5ms
[2024-10-12T11:45:02.935+0800][info] GC(656)   Post Evacuate Collection Set: 0.3ms
[2024-10-12T11:45:02.935+0800][info] GC(656)   Other: 0.1ms
[2024-10-12T11:45:02.935+0800][info] GC(656) Eden regions: 2->0(2)
[2024-10-12T11:45:02.935+0800][info] GC(656) Survivor regions: 1->1(1)
[2024-10-12T11:45:02.935+0800][info] GC(656) Old regions: 48->46
[2024-10-12T11:45:02.935+0800][info] GC(656) Archive regions: 2->2
[2024-10-12T11:45:02.935+0800][info] GC(656) Humongous regions: 3->3
[2024-10-12T11:45:02.935+0800][info] GC(656) Metaspace: 1695K(1856K)->1695K(1856K) NonClass: 1571K(1664K)->1571K(1664K) Class: 124K(192K)->124K(192K)
[2024-10-12T11:45:02.935+0800][info] GC(656) Pause Young (Mixed) (G1 Evacuation Pause) 108M->100M(128M) 3.274ms
[2024-10-12T11:45:02.935+0800][info] GC(656) User=0.00s Sys=0.00s Real=0.01s
[2024-10-12T11:45:03.037+0800][info] GC(657) Pause Young (Mixed) (G1 Evacuation Pause)
[2024-10-12T11:45:03.037+0800][info] GC(657) Using 3 workers of 48 for evacuation
[2024-10-12T11:45:03.041+0800][info] GC(657)   Pre Evacuate Collection Set: 0.2ms
[2024-10-12T11:45:03.041+0800][info] GC(657)   Merge Heap Roots: 0.1ms
[2024-10-12T11:45:03.041+0800][info] GC(657)   Evacuate Collection Set: 3.1ms
[2024-10-12T11:45:03.041+0800][info] GC(657)   Post Evacuate Collection Set: 0.3ms
[2024-10-12T11:45:03.041+0800][info] GC(657)   Other: 0.1ms
[2024-10-12T11:45:03.041+0800][info] GC(657) Eden regions: 2->0(2)
[2024-10-12T11:45:03.041+0800][info] GC(657) Survivor regions: 1->1(1)
[2024-10-12T11:45:03.041+0800][info] GC(657) Old regions: 46->45
[2024-10-12T11:45:03.041+0800][info] GC(657) Archive regions: 2->2
[2024-10-12T11:45:03.041+0800][info] GC(657) Humongous regions: 3->3
[2024-10-12T11:45:03.041+0800][info] GC(657) Metaspace: 1695K(1856K)->1695K(1856K) NonClass: 1571K(1664K)->1571K(1664K) Class: 124K(192K)->124K(192K)
[2024-10-12T11:45:03.041+0800][info] GC(657) Pause Young (Mixed) (G1 Evacuation Pause) 104M->98M(128M) 3.867ms
[2024-10-12T11:45:03.041+0800][info] GC(657) User=0.00s Sys=0.01s Real=0.00s
[2024-10-12T11:45:03.144+0800][info] GC(658) Pause Young (Mixed) (G1 Evacuation Pause)
[2024-10-12T11:45:03.144+0800][info] GC(658) Using 3 workers of 48 for evacuation
[2024-10-12T11:45:03.147+0800][info] GC(658)   Pre Evacuate Collection Set: 0.2ms
[2024-10-12T11:45:03.147+0800][info] GC(658)   Merge Heap Roots: 0.1ms
[2024-10-12T11:45:03.147+0800][info] GC(658)   Evacuate Collection Set: 2.8ms
[2024-10-12T11:45:03.147+0800][info] GC(658)   Post Evacuate Collection Set: 0.3ms
[2024-10-12T11:45:03.147+0800][info] GC(658)   Other: 0.2ms
[2024-10-12T11:45:03.147+0800][info] GC(658) Eden regions: 2->0(2)
[2024-10-12T11:45:03.147+0800][info] GC(658) Survivor regions: 1->1(1)
[2024-10-12T11:45:03.147+0800][info] GC(658) Old regions: 45->44
[2024-10-12T11:45:03.147+0800][info] GC(658) Archive regions: 2->2
[2024-10-12T11:45:03.147+0800][info] GC(658) Humongous regions: 4->3
[2024-10-12T11:45:03.147+0800][info] GC(658) Metaspace: 1695K(1856K)->1695K(1856K) NonClass: 1571K(1664K)->1571K(1664K) Class: 124K(192K)->124K(192K)
[2024-10-12T11:45:03.147+0800][info] GC(658) Pause Young (Mixed) (G1 Evacuation Pause) 103M->96M(128M) 3.666ms
[2024-10-12T11:45:03.147+0800][info] GC(658) User=0.01s Sys=0.00s Real=0.01s
[2024-10-12T11:45:03.250+0800][info] GC(659) Pause Young (Mixed) (G1 Evacuation Pause)
[2024-10-12T11:45:03.250+0800][info] GC(659) Using 3 workers of 48 for evacuation
[2024-10-12T11:45:03.254+0800][info] GC(659)   Pre Evacuate Collection Set: 0.2ms
[2024-10-12T11:45:03.254+0800][info] GC(659)   Merge Heap Roots: 0.1ms
[2024-10-12T11:45:03.254+0800][info] GC(659)   Evacuate Collection Set: 4.0ms
[2024-10-12T11:45:03.254+0800][info] GC(659)   Post Evacuate Collection Set: 0.3ms
[2024-10-12T11:45:03.254+0800][info] GC(659)   Other: 0.1ms
[2024-10-12T11:45:03.254+0800][info] GC(659) Eden regions: 2->0(2)
[2024-10-12T11:45:03.254+0800][info] GC(659) Survivor regions: 1->1(1)
[2024-10-12T11:45:03.254+0800][info] GC(659) Old regions: 44->43
[2024-10-12T11:45:03.254+0800][info] GC(659) Archive regions: 2->2
[2024-10-12T11:45:03.254+0800][info] GC(659) Humongous regions: 3->3
[2024-10-12T11:45:03.254+0800][info] GC(659) Metaspace: 1695K(1856K)->1695K(1856K) NonClass: 1571K(1664K)->1571K(1664K) Class: 124K(192K)->124K(192K)
[2024-10-12T11:45:03.254+0800][info] GC(659) Pause Young (Mixed) (G1 Evacuation Pause) 100M->95M(128M) 4.796ms
[2024-10-12T11:45:03.254+0800][info] GC(659) User=0.01s Sys=0.00s Real=0.01s
[2024-10-12T11:45:03.357+0800][info] GC(660) Pause Young (Normal) (G1 Evacuation Pause)
[2024-10-12T11:45:03.357+0800][info] GC(660) Using 3 workers of 48 for evacuation
[2024-10-12T11:45:03.358+0800][info] GC(660)   Pre Evacuate Collection Set: 0.1ms
[2024-10-12T11:45:03.358+0800][info] GC(660)   Merge Heap Roots: 0.1ms
[2024-10-12T11:45:03.358+0800][info] GC(660)   Evacuate Collection Set: 0.9ms
[2024-10-12T11:45:03.358+0800][info] GC(660)   Post Evacuate Collection Set: 0.2ms
[2024-10-12T11:45:03.358+0800][info] GC(660)   Other: 0.2ms
[2024-10-12T11:45:03.358+0800][info] GC(660) Eden regions: 2->0(2)
[2024-10-12T11:45:03.358+0800][info] GC(660) Survivor regions: 1->1(1)
[2024-10-12T11:45:03.358+0800][info] GC(660) Old regions: 43->45
[2024-10-12T11:45:03.358+0800][info] GC(660) Archive regions: 2->2
[2024-10-12T11:45:03.358+0800][info] GC(660) Humongous regions: 3->3
[2024-10-12T11:45:03.358+0800][info] GC(660) Metaspace: 1695K(1856K)->1695K(1856K) NonClass: 1571K(1664K)->1571K(1664K) Class: 124K(192K)->124K(192K)
[2024-10-12T11:45:03.358+0800][info] GC(660) Pause Young (Normal) (G1 Evacuation Pause) 99M->99M(128M) 1.572ms
[2024-10-12T11:45:03.358+0800][info] GC(660) User=0.01s Sys=0.00s Real=0.00s
[2024-10-12T11:45:03.460+0800][info] GC(661) Pause Young (Normal) (G1 Evacuation Pause)
[2024-10-12T11:45:03.460+0800][info] GC(661) Using 3 workers of 48 for evacuation
[2024-10-12T11:45:03.462+0800][info] GC(661)   Pre Evacuate Collection Set: 0.1ms
[2024-10-12T11:45:03.462+0800][info] GC(661)   Merge Heap Roots: 0.1ms
[2024-10-12T11:45:03.462+0800][info] GC(661)   Evacuate Collection Set: 1.0ms
[2024-10-12T11:45:03.462+0800][info] GC(661)   Post Evacuate Collection Set: 0.2ms
[2024-10-12T11:45:03.462+0800][info] GC(661)   Other: 0.2ms
[2024-10-12T11:45:03.462+0800][info] GC(661) Eden regions: 2->0(2)
[2024-10-12T11:45:03.462+0800][info] GC(661) Survivor regions: 1->1(1)
[2024-10-12T11:45:03.462+0800][info] GC(661) Old regions: 45->47
[2024-10-12T11:45:03.462+0800][info] GC(661) Archive regions: 2->2
[2024-10-12T11:45:03.462+0800][info] GC(661) Humongous regions: 3->3
[2024-10-12T11:45:03.462+0800][info] GC(661) Metaspace: 1695K(1856K)->1695K(1856K) NonClass: 1571K(1664K)->1571K(1664K) Class: 124K(192K)->124K(192K)
[2024-10-12T11:45:03.462+0800][info] GC(661) Pause Young (Normal) (G1 Evacuation Pause) 102M->103M(128M) 1.727ms
[2024-10-12T11:45:03.462+0800][info] GC(661) User=0.00s Sys=0.00s Real=0.00s
[2024-10-12T11:45:03.564+0800][info] GC(662) Pause Young (Concurrent Start) (G1 Evacuation Pause)
[2024-10-12T11:45:03.564+0800][info] GC(662) Using 3 workers of 48 for evacuation
[2024-10-12T11:45:03.566+0800][info] GC(662)   Pre Evacuate Collection Set: 0.1ms
[2024-10-12T11:45:03.566+0800][info] GC(662)   Merge Heap Roots: 0.1ms
[2024-10-12T11:45:03.566+0800][info] GC(662)   Evacuate Collection Set: 1.0ms
[2024-10-12T11:45:03.566+0800][info] GC(662)   Post Evacuate Collection Set: 0.2ms
[2024-10-12T11:45:03.566+0800][info] GC(662)   Other: 0.3ms
[2024-10-12T11:45:03.566+0800][info] GC(662) Eden regions: 2->0(2)
[2024-10-12T11:45:03.566+0800][info] GC(662) Survivor regions: 1->1(1)
[2024-10-12T11:45:03.566+0800][info] GC(662) Old regions: 47->49
[2024-10-12T11:45:03.566+0800][info] GC(662) Archive regions: 2->2
[2024-10-12T11:45:03.566+0800][info] GC(662) Humongous regions: 3->3
[2024-10-12T11:45:03.566+0800][info] GC(662) Metaspace: 1695K(1856K)->1695K(1856K) NonClass: 1571K(1664K)->1571K(1664K) Class: 124K(192K)->124K(192K)
[2024-10-12T11:45:03.566+0800][info] GC(662) Pause Young (Concurrent Start) (G1 Evacuation Pause) 106M->106M(128M) 1.766ms
[2024-10-12T11:45:03.566+0800][info] GC(662) User=0.01s Sys=0.00s Real=0.01s
[2024-10-12T11:45:03.566+0800][info] GC(663) Concurrent Mark Cycle
[2024-10-12T11:45:03.566+0800][info] GC(663) Concurrent Clear Claimed Marks
[2024-10-12T11:45:03.566+0800][info] GC(663) Concurrent Clear Claimed Marks 0.017ms
[2024-10-12T11:45:03.566+0800][info] GC(663) Concurrent Scan Root Regions
[2024-10-12T11:45:03.566+0800][info] GC(663) Concurrent Scan Root Regions 0.161ms
[2024-10-12T11:45:03.566+0800][info] GC(663) Concurrent Mark
[2024-10-12T11:45:03.566+0800][info] GC(663) Concurrent Mark From Roots
[2024-10-12T11:45:03.566+0800][info] GC(663) Using 12 workers of 12 for marking
[2024-10-12T11:45:03.570+0800][info] GC(663) Concurrent Mark From Roots 3.262ms
[2024-10-12T11:45:03.570+0800][info] GC(663) Concurrent Preclean
[2024-10-12T11:45:03.571+0800][info] GC(663) Concurrent Preclean 1.675ms
[2024-10-12T11:45:03.571+0800][info] GC(663) Pause Remark
[2024-10-12T11:45:03.573+0800][info] GC(663) Pause Remark 107M->107M(128M) 1.627ms
[2024-10-12T11:45:03.573+0800][info] GC(663) User=0.01s Sys=0.00s Real=0.00s
[2024-10-12T11:45:03.573+0800][info] GC(663) Concurrent Mark 6.887ms
[2024-10-12T11:45:03.573+0800][info] GC(663) Concurrent Rebuild Remembered Sets
[2024-10-12T11:45:03.574+0800][info] GC(663) Concurrent Rebuild Remembered Sets 1.312ms
[2024-10-12T11:45:03.575+0800][info] GC(663) Pause Cleanup
[2024-10-12T11:45:03.575+0800][info] GC(663) Pause Cleanup 107M->107M(128M) 0.247ms
[2024-10-12T11:45:03.575+0800][info] GC(663) User=0.00s Sys=0.00s Real=0.00s
[2024-10-12T11:45:03.575+0800][info] GC(663) Concurrent Cleanup for Next Mark
[2024-10-12T11:45:03.575+0800][info] GC(663) Concurrent Cleanup for Next Mark 0.381ms
[2024-10-12T11:45:03.575+0800][info] GC(663) Concurrent Mark Cycle 9.373ms
[2024-10-12T11:45:03.719+0800][info] GC(664) Pause Young (Prepare Mixed) (G1 Evacuation Pause)
[2024-10-12T11:45:03.719+0800][info] GC(664) Using 3 workers of 48 for evacuation
[2024-10-12T11:45:03.720+0800][info] GC(664)   Pre Evacuate Collection Set: 0.1ms
[2024-10-12T11:45:03.720+0800][info] GC(664)   Merge Heap Roots: 0.1ms
[2024-10-12T11:45:03.720+0800][info] GC(664)   Evacuate Collection Set: 1.1ms
[2024-10-12T11:45:03.720+0800][info] GC(664)   Post Evacuate Collection Set: 0.2ms
[2024-10-12T11:45:03.720+0800][info] GC(664)   Other: 0.2ms
[2024-10-12T11:45:03.720+0800][info] GC(664) Eden regions: 2->0(2)
[2024-10-12T11:45:03.720+0800][info] GC(664) Survivor regions: 1->1(1)
[2024-10-12T11:45:03.720+0800][info] GC(664) Old regions: 49->51
[2024-10-12T11:45:03.720+0800][info] GC(664) Archive regions: 2->2
[2024-10-12T11:45:03.720+0800][info] GC(664) Humongous regions: 3->3
[2024-10-12T11:45:03.720+0800][info] GC(664) Metaspace: 1695K(1856K)->1695K(1856K) NonClass: 1571K(1664K)->1571K(1664K) Class: 124K(192K)->124K(192K)
[2024-10-12T11:45:03.720+0800][info] GC(664) Pause Young (Prepare Mixed) (G1 Evacuation Pause) 110M->110M(128M) 1.869ms
[2024-10-12T11:45:03.721+0800][info] GC(664) User=0.01s Sys=0.01s Real=0.00s
[2024-10-12T11:45:03.823+0800][info] GC(665) Pause Young (Mixed) (G1 Preventive Collection)
[2024-10-12T11:45:03.823+0800][info] GC(665) Using 3 workers of 48 for evacuation
[2024-10-12T11:45:03.825+0800][info] GC(665)   Pre Evacuate Collection Set: 0.2ms
[2024-10-12T11:45:03.825+0800][info] GC(665)   Merge Heap Roots: 0.1ms
[2024-10-12T11:45:03.825+0800][info] GC(665)   Evacuate Collection Set: 1.9ms
[2024-10-12T11:45:03.825+0800][info] GC(665)   Post Evacuate Collection Set: 0.2ms
[2024-10-12T11:45:03.825+0800][info] GC(665)   Other: 0.2ms
[2024-10-12T11:45:03.825+0800][info] GC(665) Eden regions: 2->0(2)
[2024-10-12T11:45:03.825+0800][info] GC(665) Survivor regions: 1->1(1)
[2024-10-12T11:45:03.825+0800][info] GC(665) Old regions: 51->47
[2024-10-12T11:45:03.825+0800][info] GC(665) Archive regions: 2->2
[2024-10-12T11:45:03.825+0800][info] GC(665) Humongous regions: 3->3
[2024-10-12T11:45:03.825+0800][info] GC(665) Metaspace: 1695K(1856K)->1695K(1856K) NonClass: 1571K(1664K)->1571K(1664K) Class: 124K(192K)->124K(192K)
[2024-10-12T11:45:03.825+0800][info] GC(665) Pause Young (Mixed) (G1 Preventive Collection) 113M->103M(128M) 2.670ms
[2024-10-12T11:45:03.825+0800][info] GC(665) User=0.00s Sys=0.00s Real=0.01s
[2024-10-12T11:45:03.928+0800][info] GC(666) Pause Young (Mixed) (G1 Evacuation Pause)
[2024-10-12T11:45:03.928+0800][info] GC(666) Using 3 workers of 48 for evacuation
[2024-10-12T11:45:03.931+0800][info] GC(666)   Pre Evacuate Collection Set: 0.2ms
[2024-10-12T11:45:03.931+0800][info] GC(666)   Merge Heap Roots: 0.1ms
[2024-10-12T11:45:03.931+0800][info] GC(666)   Evacuate Collection Set: 2.5ms
[2024-10-12T11:45:03.931+0800][info] GC(666)   Post Evacuate Collection Set: 0.2ms
[2024-10-12T11:45:03.931+0800][info] GC(666)   Other: 0.1ms
[2024-10-12T11:45:03.931+0800][info] GC(666) Eden regions: 2->0(2)
[2024-10-12T11:45:03.931+0800][info] GC(666) Survivor regions: 1->1(1)
[2024-10-12T11:45:03.931+0800][info] GC(666) Old regions: 47->46
[2024-10-12T11:45:03.931+0800][info] GC(666) Archive regions: 2->2
[2024-10-12T11:45:03.931+0800][info] GC(666) Humongous regions: 3->3
[2024-10-12T11:45:03.931+0800][info] GC(666) Metaspace: 1695K(1856K)->1695K(1856K) NonClass: 1571K(1664K)->1571K(1664K) Class: 124K(192K)->124K(192K)
[2024-10-12T11:45:03.931+0800][info] GC(666) Pause Young (Mixed) (G1 Evacuation Pause) 107M->100M(128M) 3.244ms
[2024-10-12T11:45:03.931+0800][info] GC(666) User=0.01s Sys=0.00s Real=0.00s
[2024-10-12T11:45:04.033+0800][info] GC(667) Pause Young (Mixed) (G1 Evacuation Pause)
[2024-10-12T11:45:04.033+0800][info] GC(667) Using 3 workers of 48 for evacuation
[2024-10-12T11:45:04.036+0800][info] GC(667)   Pre Evacuate Collection Set: 0.2ms
[2024-10-12T11:45:04.036+0800][info] GC(667)   Merge Heap Roots: 0.1ms
[2024-10-12T11:45:04.036+0800][info] GC(667)   Evacuate Collection Set: 2.7ms
[2024-10-12T11:45:04.037+0800][info] GC(667)   Post Evacuate Collection Set: 0.3ms
[2024-10-12T11:45:04.037+0800][info] GC(667)   Other: 0.2ms
[2024-10-12T11:45:04.037+0800][info] GC(667) Eden regions: 2->0(2)
[2024-10-12T11:45:04.037+0800][info] GC(667) Survivor regions: 1->1(1)
[2024-10-12T11:45:04.037+0800][info] GC(667) Old regions: 46->45
[2024-10-12T11:45:04.037+0800][info] GC(667) Archive regions: 2->2
[2024-10-12T11:45:04.037+0800][info] GC(667) Humongous regions: 3->3
[2024-10-12T11:45:04.037+0800][info] GC(667) Metaspace: 1695K(1856K)->1695K(1856K) NonClass: 1571K(1664K)->1571K(1664K) Class: 124K(192K)->124K(192K)
[2024-10-12T11:45:04.037+0800][info] GC(667) Pause Young (Mixed) (G1 Evacuation Pause) 104M->98M(128M) 3.519ms
[2024-10-12T11:45:04.037+0800][info] GC(667) User=0.01s Sys=0.00s Real=0.00s
[2024-10-12T11:45:04.139+0800][info] GC(668) Pause Young (Mixed) (G1 Evacuation Pause)
[2024-10-12T11:45:04.139+0800][info] GC(668) Using 3 workers of 48 for evacuation
[2024-10-12T11:45:04.142+0800][info] GC(668)   Pre Evacuate Collection Set: 0.2ms
[2024-10-12T11:45:04.142+0800][info] GC(668)   Merge Heap Roots: 0.1ms
[2024-10-12T11:45:04.142+0800][info] GC(668)   Evacuate Collection Set: 3.1ms
[2024-10-12T11:45:04.142+0800][info] GC(668)   Post Evacuate Collection Set: 0.3ms
[2024-10-12T11:45:04.142+0800][info] GC(668)   Other: 0.2ms
[2024-10-12T11:45:04.142+0800][info] GC(668) Eden regions: 2->0(2)
[2024-10-12T11:45:04.142+0800][info] GC(668) Survivor regions: 1->1(1)
[2024-10-12T11:45:04.142+0800][info] GC(668) Old regions: 45->44
[2024-10-12T11:45:04.142+0800][info] GC(668) Archive regions: 2->2
[2024-10-12T11:45:04.142+0800][info] GC(668) Humongous regions: 3->3
[2024-10-12T11:45:04.142+0800][info] GC(668) Metaspace: 1695K(1856K)->1695K(1856K) NonClass: 1571K(1664K)->1571K(1664K) Class: 124K(192K)->124K(192K)
[2024-10-12T11:45:04.143+0800][info] GC(668) Pause Young (Mixed) (G1 Evacuation Pause) 101M->97M(128M) 3.932ms
[2024-10-12T11:45:04.143+0800][info] GC(668) User=0.01s Sys=0.00s Real=0.00s
[2024-10-12T11:45:04.245+0800][info] GC(669) Pause Young (Mixed) (G1 Evacuation Pause)
[2024-10-12T11:45:04.245+0800][info] GC(669) Using 3 workers of 48 for evacuation
[2024-10-12T11:45:04.250+0800][info] GC(669)   Pre Evacuate Collection Set: 0.2ms
[2024-10-12T11:45:04.250+0800][info] GC(669)   Merge Heap Roots: 0.1ms
[2024-10-12T11:45:04.250+0800][info] GC(669)   Evacuate Collection Set: 4.3ms
[2024-10-12T11:45:04.250+0800][info] GC(669)   Post Evacuate Collection Set: 0.4ms
[2024-10-12T11:45:04.250+0800][info] GC(669)   Other: 0.1ms
[2024-10-12T11:45:04.250+0800][info] GC(669) Eden regions: 2->0(2)
[2024-10-12T11:45:04.250+0800][info] GC(669) Survivor regions: 1->1(1)
[2024-10-12T11:45:04.250+0800][info] GC(669) Old regions: 44->44
[2024-10-12T11:45:04.250+0800][info] GC(669) Archive regions: 2->2
[2024-10-12T11:45:04.250+0800][info] GC(669) Humongous regions: 3->3
[2024-10-12T11:45:04.250+0800][info] GC(669) Metaspace: 1695K(1856K)->1695K(1856K) NonClass: 1571K(1664K)->1571K(1664K) Class: 124K(192K)->124K(192K)
[2024-10-12T11:45:04.250+0800][info] GC(669) Pause Young (Mixed) (G1 Evacuation Pause) 100M->97M(128M) 5.224ms
[2024-10-12T11:45:04.250+0800][info] GC(669) User=0.02s Sys=0.00s Real=0.01s
[2024-10-12T11:45:04.352+0800][info] GC(670) Pause Young (Normal) (G1 Evacuation Pause)
[2024-10-12T11:45:04.352+0800][info] GC(670) Using 3 workers of 48 for evacuation
[2024-10-12T11:45:04.354+0800][info] GC(670)   Pre Evacuate Collection Set: 0.1ms
[2024-10-12T11:45:04.354+0800][info] GC(670)   Merge Heap Roots: 0.1ms
[2024-10-12T11:45:04.354+0800][info] GC(670)   Evacuate Collection Set: 1.0ms
[2024-10-12T11:45:04.354+0800][info] GC(670)   Post Evacuate Collection Set: 0.2ms
[2024-10-12T11:45:04.354+0800][info] GC(670)   Other: 0.2ms
[2024-10-12T11:45:04.354+0800][info] GC(670) Eden regions: 2->0(2)
[2024-10-12T11:45:04.354+0800][info] GC(670) Survivor regions: 1->1(1)
[2024-10-12T11:45:04.354+0800][info] GC(670) Old regions: 44->46
[2024-10-12T11:45:04.354+0800][info] GC(670) Archive regions: 2->2
[2024-10-12T11:45:04.354+0800][info] GC(670) Humongous regions: 3->3
[2024-10-12T11:45:04.354+0800][info] GC(670) Metaspace: 1695K(1856K)->1695K(1856K) NonClass: 1571K(1664K)->1571K(1664K) Class: 124K(192K)->124K(192K)
[2024-10-12T11:45:04.354+0800][info] GC(670) Pause Young (Normal) (G1 Evacuation Pause) 100M->100M(128M) 1.722ms
[2024-10-12T11:45:04.354+0800][info] GC(670) User=0.00s Sys=0.00s Real=0.01s
[2024-10-12T11:45:04.456+0800][info] GC(671) Pause Young (Normal) (G1 Evacuation Pause)
[2024-10-12T11:45:04.456+0800][info] GC(671) Using 3 workers of 48 for evacuation
[2024-10-12T11:45:04.457+0800][info] GC(671)   Pre Evacuate Collection Set: 0.1ms
[2024-10-12T11:45:04.457+0800][info] GC(671)   Merge Heap Roots: 0.1ms
[2024-10-12T11:45:04.457+0800][info] GC(671)   Evacuate Collection Set: 0.8ms
[2024-10-12T11:45:04.457+0800][info] GC(671)   Post Evacuate Collection Set: 0.2ms
[2024-10-12T11:45:04.457+0800][info] GC(671)   Other: 0.2ms
[2024-10-12T11:45:04.457+0800][info] GC(671) Eden regions: 2->0(2)
[2024-10-12T11:45:04.457+0800][info] GC(671) Survivor regions: 1->1(1)
[2024-10-12T11:45:04.457+0800][info] GC(671) Old regions: 46->48
[2024-10-12T11:45:04.457+0800][info] GC(671) Archive regions: 2->2
[2024-10-12T11:45:04.457+0800][info] GC(671) Humongous regions: 3->3
[2024-10-12T11:45:04.457+0800][info] GC(671) Metaspace: 1695K(1856K)->1695K(1856K) NonClass: 1571K(1664K)->1571K(1664K) Class: 124K(192K)->124K(192K)
[2024-10-12T11:45:04.457+0800][info] GC(671) Pause Young (Normal) (G1 Evacuation Pause) 104M->104M(128M) 1.540ms
[2024-10-12T11:45:04.458+0800][info] GC(671) User=0.00s Sys=0.00s Real=0.00s
[2024-10-12T11:45:04.559+0800][info] GC(672) Pause Young (Concurrent Start) (G1 Evacuation Pause)
[2024-10-12T11:45:04.559+0800][info] GC(672) Using 3 workers of 48 for evacuation
[2024-10-12T11:45:04.561+0800][info] GC(672)   Pre Evacuate Collection Set: 0.1ms
[2024-10-12T11:45:04.561+0800][info] GC(672)   Merge Heap Roots: 0.1ms
[2024-10-12T11:45:04.561+0800][info] GC(672)   Evacuate Collection Set: 1.0ms
[2024-10-12T11:45:04.561+0800][info] GC(672)   Post Evacuate Collection Set: 0.2ms
[2024-10-12T11:45:04.561+0800][info] GC(672)   Other: 0.3ms
[2024-10-12T11:45:04.561+0800][info] GC(672) Eden regions: 2->0(2)
[2024-10-12T11:45:04.561+0800][info] GC(672) Survivor regions: 1->1(1)
[2024-10-12T11:45:04.561+0800][info] GC(672) Old regions: 48->50
[2024-10-12T11:45:04.561+0800][info] GC(672) Archive regions: 2->2
[2024-10-12T11:45:04.561+0800][info] GC(672) Humongous regions: 3->3
[2024-10-12T11:45:04.561+0800][info] GC(672) Metaspace: 1695K(1856K)->1695K(1856K) NonClass: 1571K(1664K)->1571K(1664K) Class: 124K(192K)->124K(192K)
[2024-10-12T11:45:04.561+0800][info] GC(672) Pause Young (Concurrent Start) (G1 Evacuation Pause) 108M->108M(128M) 1.822ms
[2024-10-12T11:45:04.561+0800][info] GC(672) User=0.00s Sys=0.00s Real=0.00s
[2024-10-12T11:45:04.561+0800][info] GC(673) Concurrent Mark Cycle
[2024-10-12T11:45:04.561+0800][info] GC(673) Concurrent Clear Claimed Marks
[2024-10-12T11:45:04.561+0800][info] GC(673) Concurrent Clear Claimed Marks 0.017ms
[2024-10-12T11:45:04.561+0800][info] GC(673) Concurrent Scan Root Regions
[2024-10-12T11:45:04.562+0800][info] GC(673) Concurrent Scan Root Regions 0.121ms
[2024-10-12T11:45:04.562+0800][info] GC(673) Concurrent Mark
[2024-10-12T11:45:04.562+0800][info] GC(673) Concurrent Mark From Roots
[2024-10-12T11:45:04.562+0800][info] GC(673) Using 12 workers of 12 for marking
[2024-10-12T11:45:04.565+0800][info] GC(673) Concurrent Mark From Roots 3.568ms
[2024-10-12T11:45:04.565+0800][info] GC(673) Concurrent Preclean
[2024-10-12T11:45:04.567+0800][info] GC(673) Concurrent Preclean 1.688ms
[2024-10-12T11:45:04.567+0800][info] GC(673) Pause Remark
[2024-10-12T11:45:04.569+0800][info] GC(673) Pause Remark 108M->106M(128M) 1.616ms
[2024-10-12T11:45:04.569+0800][info] GC(673) User=0.01s Sys=0.00s Real=0.00s
[2024-10-12T11:45:04.569+0800][info] GC(673) Concurrent Mark 7.180ms
[2024-10-12T11:45:04.569+0800][info] GC(673) Concurrent Rebuild Remembered Sets
[2024-10-12T11:45:04.570+0800][info] GC(673) Concurrent Rebuild Remembered Sets 1.259ms
[2024-10-12T11:45:04.570+0800][info] GC(673) Pause Cleanup
[2024-10-12T11:45:04.570+0800][info] GC(673) Pause Cleanup 106M->106M(128M) 0.267ms
[2024-10-12T11:45:04.570+0800][info] GC(673) User=0.00s Sys=0.00s Real=0.00s
[2024-10-12T11:45:04.570+0800][info] GC(673) Concurrent Cleanup for Next Mark
[2024-10-12T11:45:04.571+0800][info] GC(673) Concurrent Cleanup for Next Mark 0.382ms
[2024-10-12T11:45:04.571+0800][info] GC(673) Concurrent Mark Cycle 9.551ms
[2024-10-12T11:45:04.714+0800][info] GC(674) Pause Young (Prepare Mixed) (G1 Evacuation Pause)
[2024-10-12T11:45:04.714+0800][info] GC(674) Using 3 workers of 48 for evacuation
[2024-10-12T11:45:04.716+0800][info] GC(674)   Pre Evacuate Collection Set: 0.1ms
[2024-10-12T11:45:04.716+0800][info] GC(674)   Merge Heap Roots: 0.1ms
[2024-10-12T11:45:04.716+0800][info] GC(674)   Evacuate Collection Set: 1.2ms
[2024-10-12T11:45:04.716+0800][info] GC(674)   Post Evacuate Collection Set: 0.2ms
[2024-10-12T11:45:04.716+0800][info] GC(674)   Other: 0.2ms
[2024-10-12T11:45:04.716+0800][info] GC(674) Eden regions: 2->0(2)
[2024-10-12T11:45:04.716+0800][info] GC(674) Survivor regions: 1->1(1)
[2024-10-12T11:45:04.716+0800][info] GC(674) Old regions: 49->51
[2024-10-12T11:45:04.716+0800][info] GC(674) Archive regions: 2->2
[2024-10-12T11:45:04.716+0800][info] GC(674) Humongous regions: 3->3
[2024-10-12T11:45:04.716+0800][info] GC(674) Metaspace: 1695K(1856K)->1695K(1856K) NonClass: 1571K(1664K)->1571K(1664K) Class: 124K(192K)->124K(192K)
[2024-10-12T11:45:04.716+0800][info] GC(674) Pause Young (Prepare Mixed) (G1 Evacuation Pause) 109M->110M(128M) 1.956ms
[2024-10-12T11:45:04.716+0800][info] GC(674) User=0.00s Sys=0.00s Real=0.00s
[2024-10-12T11:45:04.818+0800][info] GC(675) Pause Young (Mixed) (G1 Preventive Collection)
[2024-10-12T11:45:04.818+0800][info] GC(675) Using 3 workers of 48 for evacuation
[2024-10-12T11:45:04.821+0800][info] GC(675)   Pre Evacuate Collection Set: 0.2ms
[2024-10-12T11:45:04.821+0800][info] GC(675)   Merge Heap Roots: 0.1ms
[2024-10-12T11:45:04.821+0800][info] GC(675)   Evacuate Collection Set: 2.0ms
[2024-10-12T11:45:04.821+0800][info] GC(675)   Post Evacuate Collection Set: 0.2ms
[2024-10-12T11:45:04.821+0800][info] GC(675)   Other: 0.2ms
[2024-10-12T11:45:04.821+0800][info] GC(675) Eden regions: 2->0(2)
[2024-10-12T11:45:04.821+0800][info] GC(675) Survivor regions: 1->1(1)
[2024-10-12T11:45:04.821+0800][info] GC(675) Old regions: 51->47
[2024-10-12T11:45:04.821+0800][info] GC(675) Archive regions: 2->2
[2024-10-12T11:45:04.821+0800][info] GC(675) Humongous regions: 3->3
[2024-10-12T11:45:04.821+0800][info] GC(675) Metaspace: 1695K(1856K)->1695K(1856K) NonClass: 1571K(1664K)->1571K(1664K) Class: 124K(192K)->124K(192K)
[2024-10-12T11:45:04.821+0800][info] GC(675) Pause Young (Mixed) (G1 Preventive Collection) 113M->103M(128M) 2.860ms
[2024-10-12T11:45:04.821+0800][info] GC(675) User=0.01s Sys=0.00s Real=0.00s
[2024-10-12T11:45:04.923+0800][info] GC(676) Pause Young (Mixed) (G1 Evacuation Pause)
[2024-10-12T11:45:04.923+0800][info] GC(676) Using 3 workers of 48 for evacuation
[2024-10-12T11:45:04.927+0800][info] GC(676)   Pre Evacuate Collection Set: 0.2ms
[2024-10-12T11:45:04.927+0800][info] GC(676)   Merge Heap Roots: 0.1ms
[2024-10-12T11:45:04.927+0800][info] GC(676)   Evacuate Collection Set: 2.6ms
[2024-10-12T11:45:04.927+0800][info] GC(676)   Post Evacuate Collection Set: 0.2ms
[2024-10-12T11:45:04.927+0800][info] GC(676)   Other: 0.1ms
[2024-10-12T11:45:04.927+0800][info] GC(676) Eden regions: 2->0(2)
[2024-10-12T11:45:04.927+0800][info] GC(676) Survivor regions: 1->1(1)
[2024-10-12T11:45:04.927+0800][info] GC(676) Old regions: 47->47
[2024-10-12T11:45:04.927+0800][info] GC(676) Archive regions: 2->2
[2024-10-12T11:45:04.927+0800][info] GC(676) Humongous regions: 3->3
[2024-10-12T11:45:04.927+0800][info] GC(676) Metaspace: 1695K(1856K)->1695K(1856K) NonClass: 1571K(1664K)->1571K(1664K) Class: 124K(192K)->124K(192K)
[2024-10-12T11:45:04.927+0800][info] GC(676) Pause Young (Mixed) (G1 Evacuation Pause) 107M->102M(128M) 3.365ms
[2024-10-12T11:45:04.927+0800][info] GC(676) User=0.01s Sys=0.00s Real=0.01s
[2024-10-12T11:45:05.029+0800][info] GC(677) Pause Young (Mixed) (G1 Evacuation Pause)
[2024-10-12T11:45:05.029+0800][info] GC(677) Using 3 workers of 48 for evacuation
[2024-10-12T11:45:05.032+0800][info] GC(677)   Pre Evacuate Collection Set: 0.2ms
[2024-10-12T11:45:05.032+0800][info] GC(677)   Merge Heap Roots: 0.1ms
[2024-10-12T11:45:05.032+0800][info] GC(677)   Evacuate Collection Set: 2.7ms
[2024-10-12T11:45:05.032+0800][info] GC(677)   Post Evacuate Collection Set: 0.2ms
[2024-10-12T11:45:05.032+0800][info] GC(677)   Other: 0.1ms
[2024-10-12T11:45:05.032+0800][info] GC(677) Eden regions: 2->0(2)
[2024-10-12T11:45:05.032+0800][info] GC(677) Survivor regions: 1->1(1)
[2024-10-12T11:45:05.032+0800][info] GC(677) Old regions: 47->46
[2024-10-12T11:45:05.032+0800][info] GC(677) Archive regions: 2->2
[2024-10-12T11:45:05.032+0800][info] GC(677) Humongous regions: 3->3
[2024-10-12T11:45:05.032+0800][info] GC(677) Metaspace: 1695K(1856K)->1695K(1856K) NonClass: 1571K(1664K)->1571K(1664K) Class: 124K(192K)->124K(192K)
[2024-10-12T11:45:05.032+0800][info] GC(677) Pause Young (Mixed) (G1 Evacuation Pause) 106M->101M(128M) 3.541ms
[2024-10-12T11:45:05.032+0800][info] GC(677) User=0.01s Sys=0.00s Real=0.00s
[2024-10-12T11:45:05.135+0800][info] GC(678) Pause Young (Mixed) (G1 Evacuation Pause)
[2024-10-12T11:45:05.135+0800][info] GC(678) Using 3 workers of 48 for evacuation
[2024-10-12T11:45:05.138+0800][info] GC(678)   Pre Evacuate Collection Set: 0.4ms
[2024-10-12T11:45:05.138+0800][info] GC(678)   Merge Heap Roots: 0.1ms
[2024-10-12T11:45:05.138+0800][info] GC(678)   Evacuate Collection Set: 2.7ms
[2024-10-12T11:45:05.138+0800][info] GC(678)   Post Evacuate Collection Set: 0.2ms
[2024-10-12T11:45:05.138+0800][info] GC(678)   Other: 0.2ms
[2024-10-12T11:45:05.138+0800][info] GC(678) Eden regions: 2->0(2)
[2024-10-12T11:45:05.138+0800][info] GC(678) Survivor regions: 1->1(1)
[2024-10-12T11:45:05.138+0800][info] GC(678) Old regions: 46->45
[2024-10-12T11:45:05.138+0800][info] GC(678) Archive regions: 2->2
[2024-10-12T11:45:05.138+0800][info] GC(678) Humongous regions: 3->3
[2024-10-12T11:45:05.138+0800][info] GC(678) Metaspace: 1695K(1856K)->1695K(1856K) NonClass: 1571K(1664K)->1571K(1664K) Class: 124K(192K)->124K(192K)
[2024-10-12T11:45:05.138+0800][info] GC(678) Pause Young (Mixed) (G1 Evacuation Pause) 104M->99M(128M) 3.664ms
[2024-10-12T11:45:05.138+0800][info] GC(678) User=0.01s Sys=0.00s Real=0.00s
[2024-10-12T11:45:05.240+0800][info] GC(679) Pause Young (Mixed) (G1 Evacuation Pause)
[2024-10-12T11:45:05.240+0800][info] GC(679) Using 3 workers of 48 for evacuation
[2024-10-12T11:45:05.245+0800][info] GC(679)   Pre Evacuate Collection Set: 0.2ms
[2024-10-12T11:45:05.246+0800][info] GC(679)   Merge Heap Roots: 0.1ms
[2024-10-12T11:45:05.246+0800][info] GC(679)   Evacuate Collection Set: 4.6ms
[2024-10-12T11:45:05.246+0800][info] GC(679)   Post Evacuate Collection Set: 0.3ms
[2024-10-12T11:45:05.246+0800][info] GC(679)   Other: 0.1ms
[2024-10-12T11:45:05.246+0800][info] GC(679) Eden regions: 2->0(2)
[2024-10-12T11:45:05.246+0800][info] GC(679) Survivor regions: 1->1(1)
[2024-10-12T11:45:05.246+0800][info] GC(679) Old regions: 45->44
[2024-10-12T11:45:05.246+0800][info] GC(679) Archive regions: 2->2
[2024-10-12T11:45:05.246+0800][info] GC(679) Humongous regions: 3->3
[2024-10-12T11:45:05.246+0800][info] GC(679) Metaspace: 1695K(1856K)->1695K(1856K) NonClass: 1571K(1664K)->1571K(1664K) Class: 124K(192K)->124K(192K)
[2024-10-12T11:45:05.246+0800][info] GC(679) Pause Young (Mixed) (G1 Evacuation Pause) 103M->97M(128M) 5.462ms
[2024-10-12T11:45:05.246+0800][info] GC(679) User=0.02s Sys=0.00s Real=0.01s
[2024-10-12T11:45:05.268+0800][info] Heap
[2024-10-12T11:45:05.268+0800][info]  garbage-first heap   total 131072K, used 99968K [0x00000000f8000000, 0x0000000100000000)
[2024-10-12T11:45:05.268+0800][info]   region size 2048K, 2 young (4096K), 1 survivors (2048K)
[2024-10-12T11:45:05.268+0800][info]  Metaspace       used 1695K, committed 1856K, reserved 1114112K
[2024-10-12T11:45:05.268+0800][info]   class space    used 124K, committed 192K, reserved 1048576K
