[2024-10-12T10:22:24.619+0800][info] Using G1
[2024-10-12T10:22:24.622+0800][info] Version: 17.0.11-internal+0-adhoc.cxl.TencentKona-17-TencentKona-17.0.11 (release)
[2024-10-12T10:22:24.622+0800][info] CPUs: 72 total, 72 available
[2024-10-12T10:22:24.622+0800][info] Memory: 125G
[2024-10-12T10:22:24.622+0800][info] Large Page Support: Disabled
[2024-10-12T10:22:24.622+0800][info] NUMA Support: Disabled
[2024-10-12T10:22:24.622+0800][info] Compressed Oops: Enabled (32-bit)
[2024-10-12T10:22:24.622+0800][info] Heap Region Size: 2M
[2024-10-12T10:22:24.622+0800][info] Heap Min Capacity: 128M
[2024-10-12T10:22:24.622+0800][info] Heap Initial Capacity: 128M
[2024-10-12T10:22:24.622+0800][info] Heap Max Capacity: 128M
[2024-10-12T10:22:24.622+0800][info] Pre-touch: Disabled
[2024-10-12T10:22:24.622+0800][info] Parallel Workers: 48
[2024-10-12T10:22:24.622+0800][info] Concurrent Workers: 12
[2024-10-12T10:22:24.622+0800][info] Concurrent Refinement Workers: 48
[2024-10-12T10:22:24.622+0800][info] Periodic GC: Disabled
[2024-10-12T10:22:24.633+0800][info] CDS archive(s) mapped at: [0x00007f23e3000000-0x00007f23e3bc7000-0x00007f23e3bc7000), size 12349440, SharedBaseAddress: 0x00007f23e3000000, ArchiveRelocationMode: 1.
[2024-10-12T10:22:24.633+0800][info] Compressed class space mapped at: 0x00007f23e4000000-0x00007f2424000000, reserved size: 1073741824
[2024-10-12T10:22:24.633+0800][info] Narrow klass base: 0x00007f23e3000000, Narrow klass shift: 0, Narrow klass range: 0x100000000
[2024-10-12T10:22:24.809+0800][info] GC(0) Pause Young (Normal) (G1 Evacuation Pause)
[2024-10-12T10:22:24.810+0800][info] GC(0) Using 3 workers of 48 for evacuation
[2024-10-12T10:22:24.814+0800][info] GC(0)   Pre Evacuate Collection Set: 0.0ms
[2024-10-12T10:22:24.814+0800][info] GC(0)   Merge Heap Roots: 0.0ms
[2024-10-12T10:22:24.814+0800][info] GC(0)   Evacuate Collection Set: 3.1ms
[2024-10-12T10:22:24.814+0800][info] GC(0)   Post Evacuate Collection Set: 0.5ms
[2024-10-12T10:22:24.814+0800][info] GC(0)   Other: 0.8ms
[2024-10-12T10:22:24.814+0800][info] GC(0) Eden regions: 3->0(2)
[2024-10-12T10:22:24.814+0800][info] GC(0) Survivor regions: 0->1(1)
[2024-10-12T10:22:24.814+0800][info] GC(0) Old regions: 0->2
[2024-10-12T10:22:24.814+0800][info] GC(0) Archive regions: 2->2
[2024-10-12T10:22:24.814+0800][info] GC(0) Humongous regions: 1->1
[2024-10-12T10:22:24.814+0800][info] GC(0) Metaspace: 1152K(1280K)->1152K(1280K) NonClass: 1033K(1088K)->1033K(1088K) Class: 118K(192K)->118K(192K)
[2024-10-12T10:22:24.814+0800][info] GC(0) Pause Young (Normal) (G1 Evacuation Pause) 9M->8M(128M) 4.560ms
[2024-10-12T10:22:24.814+0800][info] GC(0) User=0.01s Sys=0.00s Real=0.01s
[2024-10-12T10:22:24.921+0800][info] GC(1) Pause Young (Normal) (G1 Evacuation Pause)
[2024-10-12T10:22:24.921+0800][info] GC(1) Using 3 workers of 48 for evacuation
[2024-10-12T10:22:24.925+0800][info] GC(1)   Pre Evacuate Collection Set: 0.1ms
[2024-10-12T10:22:24.925+0800][info] GC(1)   Merge Heap Roots: 0.0ms
[2024-10-12T10:22:24.925+0800][info] GC(1)   Evacuate Collection Set: 3.6ms
[2024-10-12T10:22:24.925+0800][info] GC(1)   Post Evacuate Collection Set: 0.2ms
[2024-10-12T10:22:24.925+0800][info] GC(1)   Other: 0.2ms
[2024-10-12T10:22:24.925+0800][info] GC(1) Eden regions: 2->0(2)
[2024-10-12T10:22:24.925+0800][info] GC(1) Survivor regions: 1->1(1)
[2024-10-12T10:22:24.925+0800][info] GC(1) Old regions: 2->3
[2024-10-12T10:22:24.925+0800][info] GC(1) Archive regions: 2->2
[2024-10-12T10:22:24.925+0800][info] GC(1) Humongous regions: 1->1
[2024-10-12T10:22:24.925+0800][info] GC(1) Metaspace: 1239K(1344K)->1239K(1344K) NonClass: 1111K(1152K)->1111K(1152K) Class: 127K(192K)->127K(192K)
[2024-10-12T10:22:24.925+0800][info] GC(1) Pause Young (Normal) (G1 Evacuation Pause) 11M->11M(128M) 4.129ms
[2024-10-12T10:22:24.925+0800][info] GC(1) User=0.01s Sys=0.00s Real=0.01s
[2024-10-12T10:22:25.053+0800][info] GC(2) Pause Young (Normal) (G1 Evacuation Pause)
[2024-10-12T10:22:25.053+0800][info] GC(2) Using 3 workers of 48 for evacuation
[2024-10-12T10:22:25.056+0800][info] GC(2)   Pre Evacuate Collection Set: 0.1ms
[2024-10-12T10:22:25.057+0800][info] GC(2)   Merge Heap Roots: 0.0ms
[2024-10-12T10:22:25.057+0800][info] GC(2)   Evacuate Collection Set: 2.6ms
[2024-10-12T10:22:25.057+0800][info] GC(2)   Post Evacuate Collection Set: 0.8ms
[2024-10-12T10:22:25.057+0800][info] GC(2)   Other: 0.2ms
[2024-10-12T10:22:25.057+0800][info] GC(2) Eden regions: 2->0(2)
[2024-10-12T10:22:25.057+0800][info] GC(2) Survivor regions: 1->1(1)
[2024-10-12T10:22:25.057+0800][info] GC(2) Old regions: 3->5
[2024-10-12T10:22:25.057+0800][info] GC(2) Archive regions: 2->2
[2024-10-12T10:22:25.057+0800][info] GC(2) Humongous regions: 1->1
[2024-10-12T10:22:25.057+0800][info] GC(2) Metaspace: 1364K(1472K)->1364K(1472K) NonClass: 1228K(1280K)->1228K(1280K) Class: 135K(192K)->135K(192K)
[2024-10-12T10:22:25.057+0800][info] GC(2) Pause Young (Normal) (G1 Evacuation Pause) 15M->15M(128M) 3.825ms
[2024-10-12T10:22:25.057+0800][info] GC(2) User=0.01s Sys=0.00s Real=0.01s
[2024-10-12T10:22:25.160+0800][info] GC(3) Pause Young (Normal) (G1 Evacuation Pause)
[2024-10-12T10:22:25.160+0800][info] GC(3) Using 3 workers of 48 for evacuation
[2024-10-12T10:22:25.164+0800][info] GC(3)   Pre Evacuate Collection Set: 0.1ms
[2024-10-12T10:22:25.164+0800][info] GC(3)   Merge Heap Roots: 0.0ms
[2024-10-12T10:22:25.164+0800][info] GC(3)   Evacuate Collection Set: 3.3ms
[2024-10-12T10:22:25.164+0800][info] GC(3)   Post Evacuate Collection Set: 0.2ms
[2024-10-12T10:22:25.164+0800][info] GC(3)   Other: 0.2ms
[2024-10-12T10:22:25.164+0800][info] GC(3) Eden regions: 2->0(3)
[2024-10-12T10:22:25.164+0800][info] GC(3) Survivor regions: 1->1(1)
[2024-10-12T10:22:25.164+0800][info] GC(3) Old regions: 5->7
[2024-10-12T10:22:25.164+0800][info] GC(3) Archive regions: 2->2
[2024-10-12T10:22:25.164+0800][info] GC(3) Humongous regions: 1->1
[2024-10-12T10:22:25.164+0800][info] GC(3) Metaspace: 1365K(1536K)->1365K(1536K) NonClass: 1230K(1344K)->1230K(1344K) Class: 135K(192K)->135K(192K)
[2024-10-12T10:22:25.164+0800][info] GC(3) Pause Young (Normal) (G1 Evacuation Pause) 18M->19M(128M) 3.957ms
[2024-10-12T10:22:25.164+0800][info] GC(3) User=0.00s Sys=0.01s Real=0.00s
[2024-10-12T10:22:25.331+0800][info] GC(4) Pause Young (Normal) (G1 Evacuation Pause)
[2024-10-12T10:22:25.331+0800][info] GC(4) Using 3 workers of 48 for evacuation
[2024-10-12T10:22:25.336+0800][info] GC(4)   Pre Evacuate Collection Set: 0.1ms
[2024-10-12T10:22:25.336+0800][info] GC(4)   Merge Heap Roots: 0.0ms
[2024-10-12T10:22:25.336+0800][info] GC(4)   Evacuate Collection Set: 4.5ms
[2024-10-12T10:22:25.336+0800][info] GC(4)   Post Evacuate Collection Set: 0.2ms
[2024-10-12T10:22:25.336+0800][info] GC(4)   Other: 0.2ms
[2024-10-12T10:22:25.336+0800][info] GC(4) Eden regions: 3->0(5)
[2024-10-12T10:22:25.336+0800][info] GC(4) Survivor regions: 1->1(1)
[2024-10-12T10:22:25.336+0800][info] GC(4) Old regions: 7->10
[2024-10-12T10:22:25.336+0800][info] GC(4) Archive regions: 2->2
[2024-10-12T10:22:25.336+0800][info] GC(4) Humongous regions: 1->1
[2024-10-12T10:22:25.336+0800][info] GC(4) Metaspace: 1371K(1536K)->1371K(1536K) NonClass: 1235K(1344K)->1235K(1344K) Class: 135K(192K)->135K(192K)
[2024-10-12T10:22:25.336+0800][info] GC(4) Pause Young (Normal) (G1 Evacuation Pause) 25M->25M(128M) 5.083ms
[2024-10-12T10:22:25.336+0800][info] GC(4) User=0.00s Sys=0.01s Real=0.01s
[2024-10-12T10:22:25.607+0800][info] GC(5) Pause Young (Normal) (G1 Evacuation Pause)
[2024-10-12T10:22:25.607+0800][info] GC(5) Using 3 workers of 48 for evacuation
[2024-10-12T10:22:25.614+0800][info] GC(5)   Pre Evacuate Collection Set: 0.1ms
[2024-10-12T10:22:25.614+0800][info] GC(5)   Merge Heap Roots: 0.0ms
[2024-10-12T10:22:25.614+0800][info] GC(5)   Evacuate Collection Set: 6.3ms
[2024-10-12T10:22:25.614+0800][info] GC(5)   Post Evacuate Collection Set: 0.2ms
[2024-10-12T10:22:25.614+0800][info] GC(5)   Other: 0.2ms
[2024-10-12T10:22:25.614+0800][info] GC(5) Eden regions: 5->0(6)
[2024-10-12T10:22:25.614+0800][info] GC(5) Survivor regions: 1->1(1)
[2024-10-12T10:22:25.614+0800][info] GC(5) Old regions: 10->14
[2024-10-12T10:22:25.614+0800][info] GC(5) Archive regions: 2->2
[2024-10-12T10:22:25.614+0800][info] GC(5) Humongous regions: 1->1
[2024-10-12T10:22:25.614+0800][info] GC(5) Metaspace: 1381K(1536K)->1381K(1536K) NonClass: 1245K(1344K)->1245K(1344K) Class: 135K(192K)->135K(192K)
[2024-10-12T10:22:25.614+0800][info] GC(5) Pause Young (Normal) (G1 Evacuation Pause) 34M->33M(128M) 6.908ms
[2024-10-12T10:22:25.614+0800][info] GC(5) User=0.01s Sys=0.01s Real=0.01s
[2024-10-12T10:22:25.948+0800][info] GC(6) Pause Young (Normal) (G1 Evacuation Pause)
[2024-10-12T10:22:25.948+0800][info] GC(6) Using 3 workers of 48 for evacuation
[2024-10-12T10:22:25.955+0800][info] GC(6)   Pre Evacuate Collection Set: 0.1ms
[2024-10-12T10:22:25.955+0800][info] GC(6)   Merge Heap Roots: 0.0ms
[2024-10-12T10:22:25.955+0800][info] GC(6)   Evacuate Collection Set: 6.6ms
[2024-10-12T10:22:25.955+0800][info] GC(6)   Post Evacuate Collection Set: 0.2ms
[2024-10-12T10:22:25.955+0800][info] GC(6)   Other: 0.2ms
[2024-10-12T10:22:25.955+0800][info] GC(6) Eden regions: 6->0(8)
[2024-10-12T10:22:25.955+0800][info] GC(6) Survivor regions: 1->1(1)
[2024-10-12T10:22:25.955+0800][info] GC(6) Old regions: 14->19
[2024-10-12T10:22:25.955+0800][info] GC(6) Archive regions: 2->2
[2024-10-12T10:22:25.955+0800][info] GC(6) Humongous regions: 1->1
[2024-10-12T10:22:25.955+0800][info] GC(6) Metaspace: 1388K(1536K)->1388K(1536K) NonClass: 1252K(1344K)->1252K(1344K) Class: 135K(192K)->135K(192K)
[2024-10-12T10:22:25.955+0800][info] GC(6) Pause Young (Normal) (G1 Evacuation Pause) 45M->43M(128M) 7.218ms
[2024-10-12T10:22:25.955+0800][info] GC(6) User=0.00s Sys=0.02s Real=0.01s
[2024-10-12T10:22:26.395+0800][info] GC(7) Pause Young (Normal) (G1 Evacuation Pause)
[2024-10-12T10:22:26.395+0800][info] GC(7) Using 3 workers of 48 for evacuation
[2024-10-12T10:22:26.404+0800][info] GC(7)   Pre Evacuate Collection Set: 0.1ms
[2024-10-12T10:22:26.404+0800][info] GC(7)   Merge Heap Roots: 0.0ms
[2024-10-12T10:22:26.404+0800][info] GC(7)   Evacuate Collection Set: 9.1ms
[2024-10-12T10:22:26.404+0800][info] GC(7)   Post Evacuate Collection Set: 0.2ms
[2024-10-12T10:22:26.404+0800][info] GC(7)   Other: 0.2ms
[2024-10-12T10:22:26.404+0800][info] GC(7) Eden regions: 8->0(8)
[2024-10-12T10:22:26.404+0800][info] GC(7) Survivor regions: 1->2(2)
[2024-10-12T10:22:26.404+0800][info] GC(7) Old regions: 19->25
[2024-10-12T10:22:26.404+0800][info] GC(7) Archive regions: 2->2
[2024-10-12T10:22:26.404+0800][info] GC(7) Humongous regions: 1->1
[2024-10-12T10:22:26.404+0800][info] GC(7) Metaspace: 1400K(1536K)->1400K(1536K) NonClass: 1264K(1344K)->1264K(1344K) Class: 135K(192K)->135K(192K)
[2024-10-12T10:22:26.404+0800][info] GC(7) Pause Young (Normal) (G1 Evacuation Pause) 59M->57M(128M) 9.723ms
[2024-10-12T10:22:26.404+0800][info] GC(7) User=0.01s Sys=0.02s Real=0.00s
[2024-10-12T10:22:26.841+0800][info] GC(8) Pause Young (Normal) (G1 Evacuation Pause)
[2024-10-12T10:22:26.841+0800][info] GC(8) Using 3 workers of 48 for evacuation
[2024-10-12T10:22:26.850+0800][info] GC(8)   Pre Evacuate Collection Set: 0.1ms
[2024-10-12T10:22:26.850+0800][info] GC(8)   Merge Heap Roots: 0.0ms
[2024-10-12T10:22:26.850+0800][info] GC(8)   Evacuate Collection Set: 8.3ms
[2024-10-12T10:22:26.850+0800][info] GC(8)   Post Evacuate Collection Set: 0.2ms
[2024-10-12T10:22:26.850+0800][info] GC(8)   Other: 0.2ms
[2024-10-12T10:22:26.850+0800][info] GC(8) Eden regions: 8->0(6)
[2024-10-12T10:22:26.850+0800][info] GC(8) Survivor regions: 2->2(2)
[2024-10-12T10:22:26.850+0800][info] GC(8) Old regions: 25->31
[2024-10-12T10:22:26.850+0800][info] GC(8) Archive regions: 2->2
[2024-10-12T10:22:26.850+0800][info] GC(8) Humongous regions: 1->1
[2024-10-12T10:22:26.850+0800][info] GC(8) Metaspace: 1411K(1536K)->1411K(1536K) NonClass: 1276K(1344K)->1276K(1344K) Class: 135K(192K)->135K(192K)
[2024-10-12T10:22:26.850+0800][info] GC(8) Pause Young (Normal) (G1 Evacuation Pause) 72M->69M(128M) 9.002ms
[2024-10-12T10:22:26.850+0800][info] GC(8) User=0.02s Sys=0.01s Real=0.01s
[2024-10-12T10:22:26.892+0800][info] GC(9) Pause Young (Concurrent Start) (G1 Humongous Allocation)
[2024-10-12T10:22:26.892+0800][info] GC(9) Using 3 workers of 48 for evacuation
[2024-10-12T10:22:26.897+0800][info] GC(9)   Pre Evacuate Collection Set: 0.1ms
[2024-10-12T10:22:26.897+0800][info] GC(9)   Merge Heap Roots: 0.1ms
[2024-10-12T10:22:26.897+0800][info] GC(9)   Evacuate Collection Set: 3.1ms
[2024-10-12T10:22:26.897+0800][info] GC(9)   Post Evacuate Collection Set: 0.2ms
[2024-10-12T10:22:26.897+0800][info] GC(9)   Other: 1.2ms
[2024-10-12T10:22:26.897+0800][info] GC(9) Eden regions: 1->0(6)
[2024-10-12T10:22:26.897+0800][info] GC(9) Survivor regions: 2->1(1)
[2024-10-12T10:22:26.897+0800][info] GC(9) Old regions: 31->33
[2024-10-12T10:22:26.897+0800][info] GC(9) Archive regions: 2->2
[2024-10-12T10:22:26.897+0800][info] GC(9) Humongous regions: 1->1
[2024-10-12T10:22:26.897+0800][info] GC(9) Metaspace: 1411K(1536K)->1411K(1536K) NonClass: 1276K(1344K)->1276K(1344K) Class: 135K(192K)->135K(192K)
[2024-10-12T10:22:26.897+0800][info] GC(9) Pause Young (Concurrent Start) (G1 Humongous Allocation) 71M->71M(128M) 4.748ms
[2024-10-12T10:22:26.897+0800][info] GC(9) User=0.01s Sys=0.00s Real=0.01s
[2024-10-12T10:22:26.897+0800][info] GC(10) Concurrent Mark Cycle
[2024-10-12T10:22:26.897+0800][info] GC(10) Concurrent Clear Claimed Marks
[2024-10-12T10:22:26.897+0800][info] GC(10) Concurrent Clear Claimed Marks 0.022ms
[2024-10-12T10:22:26.897+0800][info] GC(10) Concurrent Scan Root Regions
[2024-10-12T10:22:26.898+0800][info] GC(10) Concurrent Scan Root Regions 1.030ms
[2024-10-12T10:22:26.898+0800][info] GC(10) Concurrent Mark
[2024-10-12T10:22:26.898+0800][info] GC(10) Concurrent Mark From Roots
[2024-10-12T10:22:26.900+0800][info] GC(10) Using 12 workers of 12 for marking
[2024-10-12T10:22:26.903+0800][info] GC(10) Concurrent Mark From Roots 4.722ms
[2024-10-12T10:22:26.903+0800][info] GC(10) Concurrent Preclean
[2024-10-12T10:22:26.904+0800][info] GC(10) Concurrent Preclean 1.040ms
[2024-10-12T10:22:26.904+0800][info] GC(10) Pause Remark
[2024-10-12T10:22:26.905+0800][info] GC(10) Pause Remark 73M->71M(128M) 1.164ms
[2024-10-12T10:22:26.905+0800][info] GC(10) User=0.01s Sys=0.00s Real=0.01s
[2024-10-12T10:22:26.905+0800][info] GC(10) Concurrent Mark 7.201ms
[2024-10-12T10:22:26.905+0800][info] GC(10) Concurrent Rebuild Remembered Sets
[2024-10-12T10:22:26.906+0800][info] GC(10) Concurrent Rebuild Remembered Sets 0.933ms
[2024-10-12T10:22:26.906+0800][info] GC(10) Pause Cleanup
[2024-10-12T10:22:26.907+0800][info] GC(10) Pause Cleanup 71M->71M(128M) 0.183ms
[2024-10-12T10:22:26.907+0800][info] GC(10) User=0.00s Sys=0.00s Real=0.00s
[2024-10-12T10:22:26.907+0800][info] GC(10) Concurrent Cleanup for Next Mark
[2024-10-12T10:22:26.908+0800][info] GC(10) Concurrent Cleanup for Next Mark 1.192ms
[2024-10-12T10:22:26.908+0800][info] GC(10) Concurrent Mark Cycle 10.941ms
[2024-10-12T10:22:27.289+0800][info] GC(11) Pause Young (Prepare Mixed) (G1 Evacuation Pause)
[2024-10-12T10:22:27.289+0800][info] GC(11) Using 3 workers of 48 for evacuation
[2024-10-12T10:22:27.296+0800][info] GC(11)   Pre Evacuate Collection Set: 0.1ms
[2024-10-12T10:22:27.296+0800][info] GC(11)   Merge Heap Roots: 0.0ms
[2024-10-12T10:22:27.296+0800][info] GC(11)   Evacuate Collection Set: 6.2ms
[2024-10-12T10:22:27.296+0800][info] GC(11)   Post Evacuate Collection Set: 0.2ms
[2024-10-12T10:22:27.296+0800][info] GC(11)   Other: 0.2ms
[2024-10-12T10:22:27.296+0800][info] GC(11) Eden regions: 6->0(2)
[2024-10-12T10:22:27.296+0800][info] GC(11) Survivor regions: 1->1(1)
[2024-10-12T10:22:27.296+0800][info] GC(11) Old regions: 32->38
[2024-10-12T10:22:27.296+0800][info] GC(11) Archive regions: 2->2
[2024-10-12T10:22:27.296+0800][info] GC(11) Humongous regions: 2->2
[2024-10-12T10:22:27.296+0800][info] GC(11) Metaspace: 1441K(1600K)->1441K(1600K) NonClass: 1305K(1408K)->1305K(1408K) Class: 135K(192K)->135K(192K)
[2024-10-12T10:22:27.296+0800][info] GC(11) Pause Young (Prepare Mixed) (G1 Evacuation Pause) 83M->83M(128M) 6.864ms
[2024-10-12T10:22:27.296+0800][info] GC(11) User=0.01s Sys=0.02s Real=0.01s
[2024-10-12T10:22:27.402+0800][info] GC(12) Pause Young (Mixed) (G1 Evacuation Pause)
[2024-10-12T10:22:27.402+0800][info] GC(12) Using 3 workers of 48 for evacuation
[2024-10-12T10:22:27.406+0800][info] GC(12)   Pre Evacuate Collection Set: 0.1ms
[2024-10-12T10:22:27.406+0800][info] GC(12)   Merge Heap Roots: 0.1ms
[2024-10-12T10:22:27.406+0800][info] GC(12)   Evacuate Collection Set: 3.9ms
[2024-10-12T10:22:27.406+0800][info] GC(12)   Post Evacuate Collection Set: 0.2ms
[2024-10-12T10:22:27.406+0800][info] GC(12)   Other: 0.2ms
[2024-10-12T10:22:27.406+0800][info] GC(12) Eden regions: 2->0(2)
[2024-10-12T10:22:27.406+0800][info] GC(12) Survivor regions: 1->1(1)
[2024-10-12T10:22:27.406+0800][info] GC(12) Old regions: 38->34
[2024-10-12T10:22:27.406+0800][info] GC(12) Archive regions: 2->2
[2024-10-12T10:22:27.406+0800][info] GC(12) Humongous regions: 2->2
[2024-10-12T10:22:27.406+0800][info] GC(12) Metaspace: 1470K(1600K)->1470K(1600K) NonClass: 1334K(1408K)->1334K(1408K) Class: 135K(192K)->135K(192K)
[2024-10-12T10:22:27.406+0800][info] GC(12) Pause Young (Mixed) (G1 Evacuation Pause) 87M->74M(128M) 4.640ms
[2024-10-12T10:22:27.406+0800][info] GC(12) User=0.01s Sys=0.01s Real=0.01s
[2024-10-12T10:22:27.510+0800][info] GC(13) Pause Young (Mixed) (G1 Evacuation Pause)
[2024-10-12T10:22:27.510+0800][info] GC(13) Using 3 workers of 48 for evacuation
[2024-10-12T10:22:27.513+0800][info] GC(13)   Pre Evacuate Collection Set: 0.2ms
[2024-10-12T10:22:27.513+0800][info] GC(13)   Merge Heap Roots: 0.1ms
[2024-10-12T10:22:27.513+0800][info] GC(13)   Evacuate Collection Set: 1.8ms
[2024-10-12T10:22:27.513+0800][info] GC(13)   Post Evacuate Collection Set: 0.2ms
[2024-10-12T10:22:27.513+0800][info] GC(13)   Other: 0.1ms
[2024-10-12T10:22:27.513+0800][info] GC(13) Eden regions: 2->0(2)
[2024-10-12T10:22:27.513+0800][info] GC(13) Survivor regions: 1->1(1)
[2024-10-12T10:22:27.513+0800][info] GC(13) Old regions: 34->31
[2024-10-12T10:22:27.513+0800][info] GC(13) Archive regions: 2->2
[2024-10-12T10:22:27.513+0800][info] GC(13) Humongous regions: 2->2
[2024-10-12T10:22:27.513+0800][info] GC(13) Metaspace: 1484K(1600K)->1484K(1600K) NonClass: 1348K(1408K)->1348K(1408K) Class: 135K(192K)->135K(192K)
[2024-10-12T10:22:27.513+0800][info] GC(13) Pause Young (Mixed) (G1 Evacuation Pause) 78M->69M(128M) 2.527ms
[2024-10-12T10:22:27.513+0800][info] GC(13) User=0.00s Sys=0.00s Real=0.00s
[2024-10-12T10:22:27.617+0800][info] GC(14) Pause Young (Mixed) (G1 Evacuation Pause)
[2024-10-12T10:22:27.618+0800][info] GC(14) Using 3 workers of 48 for evacuation
[2024-10-12T10:22:27.620+0800][info] GC(14)   Pre Evacuate Collection Set: 0.2ms
[2024-10-12T10:22:27.620+0800][info] GC(14)   Merge Heap Roots: 0.0ms
[2024-10-12T10:22:27.620+0800][info] GC(14)   Evacuate Collection Set: 1.5ms
[2024-10-12T10:22:27.620+0800][info] GC(14)   Post Evacuate Collection Set: 0.2ms
[2024-10-12T10:22:27.620+0800][info] GC(14)   Other: 0.1ms
[2024-10-12T10:22:27.620+0800][info] GC(14) Eden regions: 2->0(6)
[2024-10-12T10:22:27.620+0800][info] GC(14) Survivor regions: 1->1(1)
[2024-10-12T10:22:27.620+0800][info] GC(14) Old regions: 31->30
[2024-10-12T10:22:27.620+0800][info] GC(14) Archive regions: 2->2
[2024-10-12T10:22:27.620+0800][info] GC(14) Humongous regions: 2->2
[2024-10-12T10:22:27.620+0800][info] GC(14) Metaspace: 1520K(1664K)->1520K(1664K) NonClass: 1384K(1472K)->1384K(1472K) Class: 135K(192K)->135K(192K)
[2024-10-12T10:22:27.620+0800][info] GC(14) Pause Young (Mixed) (G1 Evacuation Pause) 73M->67M(128M) 2.195ms
[2024-10-12T10:22:27.620+0800][info] GC(14) User=0.00s Sys=0.00s Real=0.00s
[2024-10-12T10:22:27.950+0800][info] GC(15) Pause Young (Concurrent Start) (G1 Evacuation Pause)
[2024-10-12T10:22:27.950+0800][info] GC(15) Using 3 workers of 48 for evacuation
[2024-10-12T10:22:27.952+0800][info] GC(15)   Pre Evacuate Collection Set: 0.1ms
[2024-10-12T10:22:27.952+0800][info] GC(15)   Merge Heap Roots: 0.1ms
[2024-10-12T10:22:27.952+0800][info] GC(15)   Evacuate Collection Set: 1.9ms
[2024-10-12T10:22:27.952+0800][info] GC(15)   Post Evacuate Collection Set: 0.2ms
[2024-10-12T10:22:27.952+0800][info] GC(15)   Other: 0.4ms
[2024-10-12T10:22:27.952+0800][info] GC(15) Eden regions: 6->0(4)
[2024-10-12T10:22:27.952+0800][info] GC(15) Survivor regions: 1->1(1)
[2024-10-12T10:22:27.952+0800][info] GC(15) Old regions: 30->36
[2024-10-12T10:22:27.952+0800][info] GC(15) Archive regions: 2->2
[2024-10-12T10:22:27.952+0800][info] GC(15) Humongous regions: 2->2
[2024-10-12T10:22:27.952+0800][info] GC(15) Metaspace: 1522K(1664K)->1522K(1664K) NonClass: 1386K(1472K)->1386K(1472K) Class: 135K(192K)->135K(192K)
[2024-10-12T10:22:27.952+0800][info] GC(15) Pause Young (Concurrent Start) (G1 Evacuation Pause) 79M->78M(128M) 2.806ms
[2024-10-12T10:22:27.952+0800][info] GC(15) User=0.01s Sys=0.00s Real=0.00s
[2024-10-12T10:22:27.952+0800][info] GC(16) Concurrent Mark Cycle
[2024-10-12T10:22:27.952+0800][info] GC(16) Concurrent Clear Claimed Marks
[2024-10-12T10:22:27.952+0800][info] GC(16) Concurrent Clear Claimed Marks 0.011ms
[2024-10-12T10:22:27.952+0800][info] GC(16) Concurrent Scan Root Regions
[2024-10-12T10:22:27.953+0800][info] GC(16) Concurrent Scan Root Regions 0.110ms
[2024-10-12T10:22:27.953+0800][info] GC(16) Concurrent Mark
[2024-10-12T10:22:27.953+0800][info] GC(16) Concurrent Mark From Roots
[2024-10-12T10:22:27.953+0800][info] GC(16) Using 12 workers of 12 for marking
[2024-10-12T10:22:27.955+0800][info] GC(16) Concurrent Mark From Roots 2.753ms
[2024-10-12T10:22:27.955+0800][info] GC(16) Concurrent Preclean
[2024-10-12T10:22:27.957+0800][info] GC(16) Concurrent Preclean 1.706ms
[2024-10-12T10:22:27.957+0800][info] GC(16) Pause Remark
[2024-10-12T10:22:27.959+0800][info] GC(16) Pause Remark 79M->77M(128M) 1.318ms
[2024-10-12T10:22:27.959+0800][info] GC(16) User=0.00s Sys=0.00s Real=0.00s
[2024-10-12T10:22:27.959+0800][info] GC(16) Concurrent Mark 6.020ms
[2024-10-12T10:22:27.959+0800][info] GC(16) Concurrent Rebuild Remembered Sets
[2024-10-12T10:22:27.960+0800][info] GC(16) Concurrent Rebuild Remembered Sets 1.668ms
[2024-10-12T10:22:27.960+0800][info] GC(16) Pause Cleanup
[2024-10-12T10:22:27.961+0800][info] GC(16) Pause Cleanup 77M->77M(128M) 0.174ms
[2024-10-12T10:22:27.961+0800][info] GC(16) User=0.00s Sys=0.00s Real=0.00s
[2024-10-12T10:22:27.961+0800][info] GC(16) Concurrent Cleanup for Next Mark
[2024-10-12T10:22:27.963+0800][info] GC(16) Concurrent Cleanup for Next Mark 2.152ms
[2024-10-12T10:22:27.963+0800][info] GC(16) Concurrent Mark Cycle 10.485ms
[2024-10-12T10:22:28.232+0800][info] GC(17) Pause Young (Prepare Mixed) (G1 Evacuation Pause)
[2024-10-12T10:22:28.232+0800][info] GC(17) Using 3 workers of 48 for evacuation
[2024-10-12T10:22:28.234+0800][info] GC(17)   Pre Evacuate Collection Set: 0.1ms
[2024-10-12T10:22:28.234+0800][info] GC(17)   Merge Heap Roots: 0.1ms
[2024-10-12T10:22:28.234+0800][info] GC(17)   Evacuate Collection Set: 1.3ms
[2024-10-12T10:22:28.234+0800][info] GC(17)   Post Evacuate Collection Set: 0.2ms
[2024-10-12T10:22:28.234+0800][info] GC(17)   Other: 0.2ms
[2024-10-12T10:22:28.234+0800][info] GC(17) Eden regions: 4->0(2)
[2024-10-12T10:22:28.234+0800][info] GC(17) Survivor regions: 1->1(1)
[2024-10-12T10:22:28.234+0800][info] GC(17) Old regions: 35->39
[2024-10-12T10:22:28.234+0800][info] GC(17) Archive regions: 2->2
[2024-10-12T10:22:28.234+0800][info] GC(17) Humongous regions: 2->2
[2024-10-12T10:22:28.234+0800][info] GC(17) Metaspace: 1526K(1664K)->1526K(1664K) NonClass: 1390K(1472K)->1390K(1472K) Class: 135K(192K)->135K(192K)
[2024-10-12T10:22:28.234+0800][info] GC(17) Pause Young (Prepare Mixed) (G1 Evacuation Pause) 84M->85M(128M) 2.019ms
[2024-10-12T10:22:28.234+0800][info] GC(17) User=0.00s Sys=0.00s Real=0.01s
[2024-10-12T10:22:28.338+0800][info] GC(18) Pause Young (Mixed) (G1 Evacuation Pause)
[2024-10-12T10:22:28.338+0800][info] GC(18) Using 3 workers of 48 for evacuation
[2024-10-12T10:22:28.342+0800][info] GC(18)   Pre Evacuate Collection Set: 0.1ms
[2024-10-12T10:22:28.342+0800][info] GC(18)   Merge Heap Roots: 0.1ms
[2024-10-12T10:22:28.342+0800][info] GC(18)   Evacuate Collection Set: 3.6ms
[2024-10-12T10:22:28.342+0800][info] GC(18)   Post Evacuate Collection Set: 0.2ms
[2024-10-12T10:22:28.342+0800][info] GC(18)   Other: 0.2ms
[2024-10-12T10:22:28.342+0800][info] GC(18) Eden regions: 2->0(2)
[2024-10-12T10:22:28.342+0800][info] GC(18) Survivor regions: 1->1(1)
[2024-10-12T10:22:28.342+0800][info] GC(18) Old regions: 39->36
[2024-10-12T10:22:28.342+0800][info] GC(18) Archive regions: 2->2
[2024-10-12T10:22:28.342+0800][info] GC(18) Humongous regions: 2->2
[2024-10-12T10:22:28.342+0800][info] GC(18) Metaspace: 1526K(1664K)->1526K(1664K) NonClass: 1390K(1472K)->1390K(1472K) Class: 135K(192K)->135K(192K)
[2024-10-12T10:22:28.342+0800][info] GC(18) Pause Young (Mixed) (G1 Evacuation Pause) 89M->79M(128M) 4.392ms
[2024-10-12T10:22:28.342+0800][info] GC(18) User=0.00s Sys=0.01s Real=0.00s
[2024-10-12T10:22:28.445+0800][info] GC(19) Pause Young (Mixed) (G1 Evacuation Pause)
[2024-10-12T10:22:28.445+0800][info] GC(19) Using 3 workers of 48 for evacuation
[2024-10-12T10:22:28.447+0800][info] GC(19)   Pre Evacuate Collection Set: 0.2ms
[2024-10-12T10:22:28.447+0800][info] GC(19)   Merge Heap Roots: 0.0ms
[2024-10-12T10:22:28.447+0800][info] GC(19)   Evacuate Collection Set: 1.7ms
[2024-10-12T10:22:28.447+0800][info] GC(19)   Post Evacuate Collection Set: 0.2ms
[2024-10-12T10:22:28.447+0800][info] GC(19)   Other: 0.1ms
[2024-10-12T10:22:28.447+0800][info] GC(19) Eden regions: 2->0(5)
[2024-10-12T10:22:28.447+0800][info] GC(19) Survivor regions: 1->1(1)
[2024-10-12T10:22:28.447+0800][info] GC(19) Old regions: 36->35
[2024-10-12T10:22:28.447+0800][info] GC(19) Archive regions: 2->2
[2024-10-12T10:22:28.447+0800][info] GC(19) Humongous regions: 2->2
[2024-10-12T10:22:28.447+0800][info] GC(19) Metaspace: 1531K(1664K)->1531K(1664K) NonClass: 1395K(1472K)->1395K(1472K) Class: 135K(192K)->135K(192K)
[2024-10-12T10:22:28.447+0800][info] GC(19) Pause Young (Mixed) (G1 Evacuation Pause) 83M->77M(128M) 2.427ms
[2024-10-12T10:22:28.447+0800][info] GC(19) User=0.00s Sys=0.00s Real=0.01s
[2024-10-12T10:22:28.716+0800][info] GC(20) Pause Young (Concurrent Start) (G1 Evacuation Pause)
[2024-10-12T10:22:28.716+0800][info] GC(20) Using 3 workers of 48 for evacuation
[2024-10-12T10:22:28.719+0800][info] GC(20)   Pre Evacuate Collection Set: 0.1ms
[2024-10-12T10:22:28.719+0800][info] GC(20)   Merge Heap Roots: 0.1ms
[2024-10-12T10:22:28.719+0800][info] GC(20)   Evacuate Collection Set: 1.8ms
[2024-10-12T10:22:28.719+0800][info] GC(20)   Post Evacuate Collection Set: 0.2ms
[2024-10-12T10:22:28.719+0800][info] GC(20)   Other: 0.4ms
[2024-10-12T10:22:28.719+0800][info] GC(20) Eden regions: 5->0(3)
[2024-10-12T10:22:28.719+0800][info] GC(20) Survivor regions: 1->1(1)
[2024-10-12T10:22:28.719+0800][info] GC(20) Old regions: 35->40
[2024-10-12T10:22:28.719+0800][info] GC(20) Archive regions: 2->2
[2024-10-12T10:22:28.719+0800][info] GC(20) Humongous regions: 2->2
[2024-10-12T10:22:28.719+0800][info] GC(20) Metaspace: 1531K(1664K)->1531K(1664K) NonClass: 1395K(1472K)->1395K(1472K) Class: 135K(192K)->135K(192K)
[2024-10-12T10:22:28.719+0800][info] GC(20) Pause Young (Concurrent Start) (G1 Evacuation Pause) 86M->86M(128M) 2.619ms
[2024-10-12T10:22:28.719+0800][info] GC(20) User=0.00s Sys=0.00s Real=0.00s
[2024-10-12T10:22:28.719+0800][info] GC(21) Concurrent Mark Cycle
[2024-10-12T10:22:28.719+0800][info] GC(21) Concurrent Clear Claimed Marks
[2024-10-12T10:22:28.719+0800][info] GC(21) Concurrent Clear Claimed Marks 0.011ms
[2024-10-12T10:22:28.719+0800][info] GC(21) Concurrent Scan Root Regions
[2024-10-12T10:22:28.719+0800][info] GC(21) Concurrent Scan Root Regions 0.145ms
[2024-10-12T10:22:28.719+0800][info] GC(21) Concurrent Mark
[2024-10-12T10:22:28.719+0800][info] GC(21) Concurrent Mark From Roots
[2024-10-12T10:22:28.719+0800][info] GC(21) Using 12 workers of 12 for marking
[2024-10-12T10:22:28.722+0800][info] GC(21) Concurrent Mark From Roots 3.189ms
[2024-10-12T10:22:28.722+0800][info] GC(21) Concurrent Preclean
[2024-10-12T10:22:28.724+0800][info] GC(21) Concurrent Preclean 1.657ms
[2024-10-12T10:22:28.724+0800][info] GC(21) Pause Remark
[2024-10-12T10:22:28.725+0800][info] GC(21) Pause Remark 87M->87M(128M) 1.237ms
[2024-10-12T10:22:28.725+0800][info] GC(21) User=0.01s Sys=0.00s Real=0.01s
[2024-10-12T10:22:28.725+0800][info] GC(21) Concurrent Mark 6.355ms
[2024-10-12T10:22:28.726+0800][info] GC(21) Concurrent Rebuild Remembered Sets
[2024-10-12T10:22:28.727+0800][info] GC(21) Concurrent Rebuild Remembered Sets 1.666ms
[2024-10-12T10:22:28.727+0800][info] GC(21) Pause Cleanup
[2024-10-12T10:22:28.728+0800][info] GC(21) Pause Cleanup 87M->87M(128M) 0.235ms
[2024-10-12T10:22:28.728+0800][info] GC(21) User=0.00s Sys=0.00s Real=0.00s
[2024-10-12T10:22:28.728+0800][info] GC(21) Concurrent Cleanup for Next Mark
[2024-10-12T10:22:28.728+0800][info] GC(21) Concurrent Cleanup for Next Mark 0.402ms
[2024-10-12T10:22:28.728+0800][info] GC(21) Concurrent Mark Cycle 9.127ms
[2024-10-12T10:22:28.935+0800][info] GC(22) Pause Young (Prepare Mixed) (G1 Evacuation Pause)
[2024-10-12T10:22:28.935+0800][info] GC(22) Using 3 workers of 48 for evacuation
[2024-10-12T10:22:28.937+0800][info] GC(22)   Pre Evacuate Collection Set: 0.1ms
[2024-10-12T10:22:28.937+0800][info] GC(22)   Merge Heap Roots: 0.1ms
[2024-10-12T10:22:28.937+0800][info] GC(22)   Evacuate Collection Set: 1.2ms
[2024-10-12T10:22:28.937+0800][info] GC(22)   Post Evacuate Collection Set: 0.2ms
[2024-10-12T10:22:28.937+0800][info] GC(22)   Other: 0.2ms
[2024-10-12T10:22:28.937+0800][info] GC(22) Eden regions: 3->0(2)
[2024-10-12T10:22:28.937+0800][info] GC(22) Survivor regions: 1->1(1)
[2024-10-12T10:22:28.937+0800][info] GC(22) Old regions: 40->43
[2024-10-12T10:22:28.937+0800][info] GC(22) Archive regions: 2->2
[2024-10-12T10:22:28.937+0800][info] GC(22) Humongous regions: 2->2
[2024-10-12T10:22:28.937+0800][info] GC(22) Metaspace: 1535K(1664K)->1535K(1664K) NonClass: 1399K(1472K)->1399K(1472K) Class: 135K(192K)->135K(192K)
[2024-10-12T10:22:28.937+0800][info] GC(22) Pause Young (Prepare Mixed) (G1 Evacuation Pause) 92M->93M(128M) 1.939ms
[2024-10-12T10:22:28.937+0800][info] GC(22) User=0.01s Sys=0.00s Real=0.00s
[2024-10-12T10:22:29.041+0800][info] GC(23) Pause Young (Mixed) (G1 Evacuation Pause)
[2024-10-12T10:22:29.041+0800][info] GC(23) Using 3 workers of 48 for evacuation
[2024-10-12T10:22:29.048+0800][info] GC(23)   Pre Evacuate Collection Set: 0.1ms
[2024-10-12T10:22:29.048+0800][info] GC(23)   Merge Heap Roots: 0.0ms
[2024-10-12T10:22:29.048+0800][info] GC(23)   Evacuate Collection Set: 6.4ms
[2024-10-12T10:22:29.048+0800][info] GC(23)   Post Evacuate Collection Set: 0.2ms
[2024-10-12T10:22:29.048+0800][info] GC(23)   Other: 0.2ms
[2024-10-12T10:22:29.048+0800][info] GC(23) Eden regions: 2->0(2)
[2024-10-12T10:22:29.048+0800][info] GC(23) Survivor regions: 1->1(1)
[2024-10-12T10:22:29.048+0800][info] GC(23) Old regions: 43->42
[2024-10-12T10:22:29.048+0800][info] GC(23) Archive regions: 2->2
[2024-10-12T10:22:29.048+0800][info] GC(23) Humongous regions: 2->2
[2024-10-12T10:22:29.048+0800][info] GC(23) Metaspace: 1561K(1664K)->1561K(1664K) NonClass: 1425K(1472K)->1425K(1472K) Class: 135K(192K)->135K(192K)
[2024-10-12T10:22:29.048+0800][info] GC(23) Pause Young (Mixed) (G1 Evacuation Pause) 96M->90M(128M) 7.132ms
[2024-10-12T10:22:29.048+0800][info] GC(23) User=0.00s Sys=0.02s Real=0.01s
[2024-10-12T10:22:29.151+0800][info] GC(24) Pause Young (Mixed) (G1 Evacuation Pause)
[2024-10-12T10:22:29.151+0800][info] GC(24) Using 3 workers of 48 for evacuation
[2024-10-12T10:22:29.153+0800][info] GC(24)   Pre Evacuate Collection Set: 0.2ms
[2024-10-12T10:22:29.153+0800][info] GC(24)   Merge Heap Roots: 0.0ms
[2024-10-12T10:22:29.153+0800][info] GC(24)   Evacuate Collection Set: 1.8ms
[2024-10-12T10:22:29.153+0800][info] GC(24)   Post Evacuate Collection Set: 0.2ms
[2024-10-12T10:22:29.153+0800][info] GC(24)   Other: 0.1ms
[2024-10-12T10:22:29.153+0800][info] GC(24) Eden regions: 2->0(2)
[2024-10-12T10:22:29.153+0800][info] GC(24) Survivor regions: 1->1(1)
[2024-10-12T10:22:29.153+0800][info] GC(24) Old regions: 42->41
[2024-10-12T10:22:29.153+0800][info] GC(24) Archive regions: 2->2
[2024-10-12T10:22:29.153+0800][info] GC(24) Humongous regions: 2->2
[2024-10-12T10:22:29.153+0800][info] GC(24) Metaspace: 1561K(1664K)->1561K(1664K) NonClass: 1425K(1472K)->1425K(1472K) Class: 135K(192K)->135K(192K)
[2024-10-12T10:22:29.153+0800][info] GC(24) Pause Young (Mixed) (G1 Evacuation Pause) 93M->89M(128M) 2.490ms
[2024-10-12T10:22:29.153+0800][info] GC(24) User=0.01s Sys=0.00s Real=0.01s
[2024-10-12T10:22:29.257+0800][info] GC(25) Pause Young (Mixed) (G1 Evacuation Pause)
[2024-10-12T10:22:29.257+0800][info] GC(25) Using 3 workers of 48 for evacuation
[2024-10-12T10:22:29.258+0800][info] GC(25)   Pre Evacuate Collection Set: 0.1ms
[2024-10-12T10:22:29.258+0800][info] GC(25)   Merge Heap Roots: 0.0ms
[2024-10-12T10:22:29.258+0800][info] GC(25)   Evacuate Collection Set: 0.9ms
[2024-10-12T10:22:29.258+0800][info] GC(25)   Post Evacuate Collection Set: 0.2ms
[2024-10-12T10:22:29.258+0800][info] GC(25)   Other: 0.2ms
[2024-10-12T10:22:29.258+0800][info] GC(25) Eden regions: 2->0(2)
[2024-10-12T10:22:29.259+0800][info] GC(25) Survivor regions: 1->1(1)
[2024-10-12T10:22:29.259+0800][info] GC(25) Old regions: 41->43
[2024-10-12T10:22:29.259+0800][info] GC(25) Archive regions: 2->2
[2024-10-12T10:22:29.259+0800][info] GC(25) Humongous regions: 3->2
[2024-10-12T10:22:29.259+0800][info] GC(25) Metaspace: 1561K(1664K)->1561K(1664K) NonClass: 1425K(1472K)->1425K(1472K) Class: 135K(192K)->135K(192K)
[2024-10-12T10:22:29.259+0800][info] GC(25) Pause Young (Mixed) (G1 Evacuation Pause) 94M->92M(128M) 1.473ms
[2024-10-12T10:22:29.259+0800][info] GC(25) User=0.00s Sys=0.00s Real=0.00s
[2024-10-12T10:22:29.361+0800][info] GC(26) Pause Young (Normal) (G1 Evacuation Pause)
[2024-10-12T10:22:29.361+0800][info] GC(26) Using 3 workers of 48 for evacuation
[2024-10-12T10:22:29.362+0800][info] GC(26)   Pre Evacuate Collection Set: 0.1ms
[2024-10-12T10:22:29.362+0800][info] GC(26)   Merge Heap Roots: 0.0ms
[2024-10-12T10:22:29.362+0800][info] GC(26)   Evacuate Collection Set: 0.7ms
[2024-10-12T10:22:29.362+0800][info] GC(26)   Post Evacuate Collection Set: 0.2ms
[2024-10-12T10:22:29.362+0800][info] GC(26)   Other: 0.2ms
[2024-10-12T10:22:29.362+0800][info] GC(26) Eden regions: 2->0(2)
[2024-10-12T10:22:29.362+0800][info] GC(26) Survivor regions: 1->1(1)
[2024-10-12T10:22:29.362+0800][info] GC(26) Old regions: 43->44
[2024-10-12T10:22:29.362+0800][info] GC(26) Archive regions: 2->2
[2024-10-12T10:22:29.362+0800][info] GC(26) Humongous regions: 2->2
[2024-10-12T10:22:29.362+0800][info] GC(26) Metaspace: 1561K(1664K)->1561K(1664K) NonClass: 1425K(1472K)->1425K(1472K) Class: 135K(192K)->135K(192K)
[2024-10-12T10:22:29.362+0800][info] GC(26) Pause Young (Normal) (G1 Evacuation Pause) 95M->95M(128M) 1.320ms
[2024-10-12T10:22:29.362+0800][info] GC(26) User=0.00s Sys=0.00s Real=0.00s
[2024-10-12T10:22:29.466+0800][info] GC(27) Pause Young (Normal) (G1 Evacuation Pause)
[2024-10-12T10:22:29.466+0800][info] GC(27) Using 3 workers of 48 for evacuation
[2024-10-12T10:22:29.467+0800][info] GC(27)   Pre Evacuate Collection Set: 0.1ms
[2024-10-12T10:22:29.467+0800][info] GC(27)   Merge Heap Roots: 0.0ms
[2024-10-12T10:22:29.467+0800][info] GC(27)   Evacuate Collection Set: 0.7ms
[2024-10-12T10:22:29.467+0800][info] GC(27)   Post Evacuate Collection Set: 0.2ms
[2024-10-12T10:22:29.467+0800][info] GC(27)   Other: 0.2ms
[2024-10-12T10:22:29.467+0800][info] GC(27) Eden regions: 2->0(2)
[2024-10-12T10:22:29.467+0800][info] GC(27) Survivor regions: 1->1(1)
[2024-10-12T10:22:29.467+0800][info] GC(27) Old regions: 44->46
[2024-10-12T10:22:29.467+0800][info] GC(27) Archive regions: 2->2
[2024-10-12T10:22:29.467+0800][info] GC(27) Humongous regions: 2->2
[2024-10-12T10:22:29.467+0800][info] GC(27) Metaspace: 1562K(1664K)->1562K(1664K) NonClass: 1426K(1472K)->1426K(1472K) Class: 135K(192K)->135K(192K)
[2024-10-12T10:22:29.467+0800][info] GC(27) Pause Young (Normal) (G1 Evacuation Pause) 99M->99M(128M) 1.359ms
[2024-10-12T10:22:29.467+0800][info] GC(27) User=0.00s Sys=0.00s Real=0.00s
[2024-10-12T10:22:29.569+0800][info] GC(28) Pause Young (Concurrent Start) (G1 Evacuation Pause)
[2024-10-12T10:22:29.570+0800][info] GC(28) Using 3 workers of 48 for evacuation
[2024-10-12T10:22:29.571+0800][info] GC(28)   Pre Evacuate Collection Set: 0.1ms
[2024-10-12T10:22:29.571+0800][info] GC(28)   Merge Heap Roots: 0.0ms
[2024-10-12T10:22:29.571+0800][info] GC(28)   Evacuate Collection Set: 0.7ms
[2024-10-12T10:22:29.571+0800][info] GC(28)   Post Evacuate Collection Set: 0.2ms
[2024-10-12T10:22:29.571+0800][info] GC(28)   Other: 0.4ms
[2024-10-12T10:22:29.571+0800][info] GC(28) Eden regions: 2->0(2)
[2024-10-12T10:22:29.571+0800][info] GC(28) Survivor regions: 1->1(1)
[2024-10-12T10:22:29.571+0800][info] GC(28) Old regions: 46->48
[2024-10-12T10:22:29.571+0800][info] GC(28) Archive regions: 2->2
[2024-10-12T10:22:29.571+0800][info] GC(28) Humongous regions: 2->2
[2024-10-12T10:22:29.571+0800][info] GC(28) Metaspace: 1562K(1664K)->1562K(1664K) NonClass: 1426K(1472K)->1426K(1472K) Class: 135K(192K)->135K(192K)
[2024-10-12T10:22:29.571+0800][info] GC(28) Pause Young (Concurrent Start) (G1 Evacuation Pause) 103M->103M(128M) 1.496ms
[2024-10-12T10:22:29.571+0800][info] GC(28) User=0.00s Sys=0.00s Real=0.00s
[2024-10-12T10:22:29.571+0800][info] GC(29) Concurrent Mark Cycle
[2024-10-12T10:22:29.571+0800][info] GC(29) Concurrent Clear Claimed Marks
[2024-10-12T10:22:29.571+0800][info] GC(29) Concurrent Clear Claimed Marks 0.010ms
[2024-10-12T10:22:29.571+0800][info] GC(29) Concurrent Scan Root Regions
[2024-10-12T10:22:29.571+0800][info] GC(29) Concurrent Scan Root Regions 0.150ms
[2024-10-12T10:22:29.571+0800][info] GC(29) Concurrent Mark
[2024-10-12T10:22:29.571+0800][info] GC(29) Concurrent Mark From Roots
[2024-10-12T10:22:29.571+0800][info] GC(29) Using 12 workers of 12 for marking
[2024-10-12T10:22:29.575+0800][info] GC(29) Concurrent Mark From Roots 3.511ms
[2024-10-12T10:22:29.575+0800][info] GC(29) Concurrent Preclean
[2024-10-12T10:22:29.576+0800][info] GC(29) Concurrent Preclean 1.657ms
[2024-10-12T10:22:29.577+0800][info] GC(29) Pause Remark
[2024-10-12T10:22:29.578+0800][info] GC(29) Pause Remark 104M->104M(128M) 1.270ms
[2024-10-12T10:22:29.578+0800][info] GC(29) User=0.00s Sys=0.00s Real=0.00s
[2024-10-12T10:22:29.578+0800][info] GC(29) Concurrent Mark 6.656ms
[2024-10-12T10:22:29.578+0800][info] GC(29) Concurrent Rebuild Remembered Sets
[2024-10-12T10:22:29.580+0800][info] GC(29) Concurrent Rebuild Remembered Sets 1.722ms
[2024-10-12T10:22:29.580+0800][info] GC(29) Pause Cleanup
[2024-10-12T10:22:29.580+0800][info] GC(29) Pause Cleanup 104M->104M(128M) 0.244ms
[2024-10-12T10:22:29.580+0800][info] GC(29) User=0.00s Sys=0.00s Real=0.00s
[2024-10-12T10:22:29.580+0800][info] GC(29) Concurrent Cleanup for Next Mark
[2024-10-12T10:22:29.581+0800][info] GC(29) Concurrent Cleanup for Next Mark 0.408ms
[2024-10-12T10:22:29.581+0800][info] GC(29) Concurrent Mark Cycle 9.500ms
[2024-10-12T10:22:29.726+0800][info] GC(30) Pause Young (Prepare Mixed) (G1 Evacuation Pause)
[2024-10-12T10:22:29.726+0800][info] GC(30) Using 3 workers of 48 for evacuation
[2024-10-12T10:22:29.727+0800][info] GC(30)   Pre Evacuate Collection Set: 0.1ms
[2024-10-12T10:22:29.727+0800][info] GC(30)   Merge Heap Roots: 0.0ms
[2024-10-12T10:22:29.727+0800][info] GC(30)   Evacuate Collection Set: 0.8ms
[2024-10-12T10:22:29.727+0800][info] GC(30)   Post Evacuate Collection Set: 0.2ms
[2024-10-12T10:22:29.727+0800][info] GC(30)   Other: 0.2ms
[2024-10-12T10:22:29.727+0800][info] GC(30) Eden regions: 2->0(2)
[2024-10-12T10:22:29.727+0800][info] GC(30) Survivor regions: 1->1(1)
[2024-10-12T10:22:29.727+0800][info] GC(30) Old regions: 48->50
[2024-10-12T10:22:29.728+0800][info] GC(30) Archive regions: 2->2
[2024-10-12T10:22:29.728+0800][info] GC(30) Humongous regions: 2->2
[2024-10-12T10:22:29.728+0800][info] GC(30) Metaspace: 1563K(1664K)->1563K(1664K) NonClass: 1428K(1472K)->1428K(1472K) Class: 135K(192K)->135K(192K)
[2024-10-12T10:22:29.728+0800][info] GC(30) Pause Young (Prepare Mixed) (G1 Evacuation Pause) 107M->106M(128M) 1.469ms
[2024-10-12T10:22:29.728+0800][info] GC(30) User=0.00s Sys=0.00s Real=0.00s
[2024-10-12T10:22:29.830+0800][info] GC(31) Pause Young (Mixed) (G1 Evacuation Pause)
[2024-10-12T10:22:29.830+0800][info] GC(31) Using 3 workers of 48 for evacuation
[2024-10-12T10:22:29.832+0800][info] GC(31)   Pre Evacuate Collection Set: 0.2ms
[2024-10-12T10:22:29.832+0800][info] GC(31)   Merge Heap Roots: 0.0ms
[2024-10-12T10:22:29.832+0800][info] GC(31)   Evacuate Collection Set: 1.3ms
[2024-10-12T10:22:29.832+0800][info] GC(31)   Post Evacuate Collection Set: 0.2ms
[2024-10-12T10:22:29.832+0800][info] GC(31)   Other: 0.2ms
[2024-10-12T10:22:29.832+0800][info] GC(31) Eden regions: 2->0(2)
[2024-10-12T10:22:29.832+0800][info] GC(31) Survivor regions: 1->1(1)
[2024-10-12T10:22:29.832+0800][info] GC(31) Old regions: 50->47
[2024-10-12T10:22:29.832+0800][info] GC(31) Archive regions: 2->2
[2024-10-12T10:22:29.832+0800][info] GC(31) Humongous regions: 2->2
[2024-10-12T10:22:29.832+0800][info] GC(31) Metaspace: 1563K(1664K)->1563K(1664K) NonClass: 1428K(1472K)->1428K(1472K) Class: 135K(192K)->135K(192K)
[2024-10-12T10:22:29.832+0800][info] GC(31) Pause Young (Mixed) (G1 Evacuation Pause) 110M->100M(128M) 2.022ms
[2024-10-12T10:22:29.832+0800][info] GC(31) User=0.01s Sys=0.00s Real=0.00s
[2024-10-12T10:22:29.935+0800][info] GC(32) Pause Young (Mixed) (G1 Evacuation Pause)
[2024-10-12T10:22:29.936+0800][info] GC(32) Using 3 workers of 48 for evacuation
[2024-10-12T10:22:29.938+0800][info] GC(32)   Pre Evacuate Collection Set: 0.1ms
[2024-10-12T10:22:29.938+0800][info] GC(32)   Merge Heap Roots: 0.0ms
[2024-10-12T10:22:29.938+0800][info] GC(32)   Evacuate Collection Set: 2.0ms
[2024-10-12T10:22:29.938+0800][info] GC(32)   Post Evacuate Collection Set: 0.2ms
[2024-10-12T10:22:29.938+0800][info] GC(32)   Other: 0.1ms
[2024-10-12T10:22:29.938+0800][info] GC(32) Eden regions: 2->0(2)
[2024-10-12T10:22:29.938+0800][info] GC(32) Survivor regions: 1->1(1)
[2024-10-12T10:22:29.938+0800][info] GC(32) Old regions: 47->45
[2024-10-12T10:22:29.938+0800][info] GC(32) Archive regions: 2->2
[2024-10-12T10:22:29.938+0800][info] GC(32) Humongous regions: 2->2
[2024-10-12T10:22:29.938+0800][info] GC(32) Metaspace: 1566K(1664K)->1566K(1664K) NonClass: 1430K(1472K)->1430K(1472K) Class: 135K(192K)->135K(192K)
[2024-10-12T10:22:29.938+0800][info] GC(32) Pause Young (Mixed) (G1 Evacuation Pause) 104M->97M(128M) 2.561ms
[2024-10-12T10:22:29.938+0800][info] GC(32) User=0.01s Sys=0.00s Real=0.00s
[2024-10-12T10:22:30.041+0800][info] GC(33) Pause Young (Mixed) (G1 Evacuation Pause)
[2024-10-12T10:22:30.041+0800][info] GC(33) Using 3 workers of 48 for evacuation
[2024-10-12T10:22:30.043+0800][info] GC(33)   Pre Evacuate Collection Set: 0.1ms
[2024-10-12T10:22:30.043+0800][info] GC(33)   Merge Heap Roots: 0.0ms
[2024-10-12T10:22:30.043+0800][info] GC(33)   Evacuate Collection Set: 2.0ms
[2024-10-12T10:22:30.043+0800][info] GC(33)   Post Evacuate Collection Set: 0.2ms
[2024-10-12T10:22:30.043+0800][info] GC(33)   Other: 0.1ms
[2024-10-12T10:22:30.043+0800][info] GC(33) Eden regions: 2->0(2)
[2024-10-12T10:22:30.043+0800][info] GC(33) Survivor regions: 1->1(1)
[2024-10-12T10:22:30.043+0800][info] GC(33) Old regions: 45->44
[2024-10-12T10:22:30.043+0800][info] GC(33) Archive regions: 2->2
[2024-10-12T10:22:30.043+0800][info] GC(33) Humongous regions: 2->2
[2024-10-12T10:22:30.043+0800][info] GC(33) Metaspace: 1566K(1664K)->1566K(1664K) NonClass: 1430K(1472K)->1430K(1472K) Class: 135K(192K)->135K(192K)
[2024-10-12T10:22:30.043+0800][info] GC(33) Pause Young (Mixed) (G1 Evacuation Pause) 101M->95M(128M) 2.649ms
[2024-10-12T10:22:30.043+0800][info] GC(33) User=0.01s Sys=0.00s Real=0.00s
[2024-10-12T10:22:30.147+0800][info] GC(34) Pause Young (Mixed) (G1 Evacuation Pause)
[2024-10-12T10:22:30.147+0800][info] GC(34) Using 3 workers of 48 for evacuation
[2024-10-12T10:22:30.148+0800][info] GC(34)   Pre Evacuate Collection Set: 0.1ms
[2024-10-12T10:22:30.148+0800][info] GC(34)   Merge Heap Roots: 0.0ms
[2024-10-12T10:22:30.148+0800][info] GC(34)   Evacuate Collection Set: 1.1ms
[2024-10-12T10:22:30.148+0800][info] GC(34)   Post Evacuate Collection Set: 0.2ms
[2024-10-12T10:22:30.148+0800][info] GC(34)   Other: 0.1ms
[2024-10-12T10:22:30.148+0800][info] GC(34) Eden regions: 2->0(2)
[2024-10-12T10:22:30.148+0800][info] GC(34) Survivor regions: 1->1(1)
[2024-10-12T10:22:30.148+0800][info] GC(34) Old regions: 44->45
[2024-10-12T10:22:30.148+0800][info] GC(34) Archive regions: 2->2
[2024-10-12T10:22:30.148+0800][info] GC(34) Humongous regions: 2->2
[2024-10-12T10:22:30.148+0800][info] GC(34) Metaspace: 1567K(1728K)->1567K(1728K) NonClass: 1431K(1536K)->1431K(1536K) Class: 135K(192K)->135K(192K)
[2024-10-12T10:22:30.148+0800][info] GC(34) Pause Young (Mixed) (G1 Evacuation Pause) 98M->97M(128M) 1.713ms
[2024-10-12T10:22:30.148+0800][info] GC(34) User=0.00s Sys=0.00s Real=0.00s
[2024-10-12T10:22:30.251+0800][info] GC(35) Pause Young (Normal) (G1 Evacuation Pause)
[2024-10-12T10:22:30.251+0800][info] GC(35) Using 3 workers of 48 for evacuation
[2024-10-12T10:22:30.252+0800][info] GC(35)   Pre Evacuate Collection Set: 0.1ms
[2024-10-12T10:22:30.252+0800][info] GC(35)   Merge Heap Roots: 0.0ms
[2024-10-12T10:22:30.252+0800][info] GC(35)   Evacuate Collection Set: 0.7ms
[2024-10-12T10:22:30.252+0800][info] GC(35)   Post Evacuate Collection Set: 0.2ms
[2024-10-12T10:22:30.252+0800][info] GC(35)   Other: 0.2ms
[2024-10-12T10:22:30.252+0800][info] GC(35) Eden regions: 2->0(2)
[2024-10-12T10:22:30.252+0800][info] GC(35) Survivor regions: 1->1(1)
[2024-10-12T10:22:30.252+0800][info] GC(35) Old regions: 45->47
[2024-10-12T10:22:30.252+0800][info] GC(35) Archive regions: 2->2
[2024-10-12T10:22:30.252+0800][info] GC(35) Humongous regions: 2->2
[2024-10-12T10:22:30.252+0800][info] GC(35) Metaspace: 1567K(1728K)->1567K(1728K) NonClass: 1431K(1536K)->1431K(1536K) Class: 135K(192K)->135K(192K)
[2024-10-12T10:22:30.252+0800][info] GC(35) Pause Young (Normal) (G1 Evacuation Pause) 101M->101M(128M) 1.260ms
[2024-10-12T10:22:30.252+0800][info] GC(35) User=0.00s Sys=0.00s Real=0.00s
[2024-10-12T10:22:30.355+0800][info] GC(36) Pause Young (Normal) (G1 Evacuation Pause)
[2024-10-12T10:22:30.355+0800][info] GC(36) Using 3 workers of 48 for evacuation
[2024-10-12T10:22:30.357+0800][info] GC(36)   Pre Evacuate Collection Set: 0.1ms
[2024-10-12T10:22:30.357+0800][info] GC(36)   Merge Heap Roots: 0.0ms
[2024-10-12T10:22:30.357+0800][info] GC(36)   Evacuate Collection Set: 1.1ms
[2024-10-12T10:22:30.357+0800][info] GC(36)   Post Evacuate Collection Set: 0.2ms
[2024-10-12T10:22:30.357+0800][info] GC(36)   Other: 0.2ms
[2024-10-12T10:22:30.357+0800][info] GC(36) Eden regions: 2->0(2)
[2024-10-12T10:22:30.357+0800][info] GC(36) Survivor regions: 1->1(1)
[2024-10-12T10:22:30.357+0800][info] GC(36) Old regions: 47->49
[2024-10-12T10:22:30.357+0800][info] GC(36) Archive regions: 2->2
[2024-10-12T10:22:30.357+0800][info] GC(36) Humongous regions: 2->2
[2024-10-12T10:22:30.357+0800][info] GC(36) Metaspace: 1568K(1728K)->1568K(1728K) NonClass: 1432K(1536K)->1432K(1536K) Class: 135K(192K)->135K(192K)
[2024-10-12T10:22:30.357+0800][info] GC(36) Pause Young (Normal) (G1 Evacuation Pause) 105M->105M(128M) 1.658ms
[2024-10-12T10:22:30.357+0800][info] GC(36) User=0.01s Sys=0.00s Real=0.00s
[2024-10-12T10:22:30.460+0800][info] GC(37) Pause Young (Concurrent Start) (G1 Evacuation Pause)
[2024-10-12T10:22:30.460+0800][info] GC(37) Using 3 workers of 48 for evacuation
[2024-10-12T10:22:30.462+0800][info] GC(37)   Pre Evacuate Collection Set: 0.1ms
[2024-10-12T10:22:30.462+0800][info] GC(37)   Merge Heap Roots: 0.0ms
[2024-10-12T10:22:30.462+0800][info] GC(37)   Evacuate Collection Set: 0.9ms
[2024-10-12T10:22:30.462+0800][info] GC(37)   Post Evacuate Collection Set: 0.2ms
[2024-10-12T10:22:30.462+0800][info] GC(37)   Other: 0.4ms
[2024-10-12T10:22:30.462+0800][info] GC(37) Eden regions: 2->0(2)
[2024-10-12T10:22:30.462+0800][info] GC(37) Survivor regions: 1->1(1)
[2024-10-12T10:22:30.462+0800][info] GC(37) Old regions: 49->51
[2024-10-12T10:22:30.462+0800][info] GC(37) Archive regions: 2->2
[2024-10-12T10:22:30.462+0800][info] GC(37) Humongous regions: 2->2
[2024-10-12T10:22:30.462+0800][info] GC(37) Metaspace: 1581K(1728K)->1581K(1728K) NonClass: 1445K(1536K)->1445K(1536K) Class: 135K(192K)->135K(192K)
[2024-10-12T10:22:30.462+0800][info] GC(37) Pause Young (Concurrent Start) (G1 Evacuation Pause) 109M->109M(128M) 1.624ms
[2024-10-12T10:22:30.462+0800][info] GC(37) User=0.01s Sys=0.00s Real=0.00s
[2024-10-12T10:22:30.462+0800][info] GC(38) Concurrent Mark Cycle
[2024-10-12T10:22:30.462+0800][info] GC(38) Concurrent Clear Claimed Marks
[2024-10-12T10:22:30.462+0800][info] GC(38) Concurrent Clear Claimed Marks 0.010ms
[2024-10-12T10:22:30.462+0800][info] GC(38) Concurrent Scan Root Regions
[2024-10-12T10:22:30.462+0800][info] GC(38) Concurrent Scan Root Regions 0.100ms
[2024-10-12T10:22:30.462+0800][info] GC(38) Concurrent Mark
[2024-10-12T10:22:30.462+0800][info] GC(38) Concurrent Mark From Roots
[2024-10-12T10:22:30.462+0800][info] GC(38) Using 12 workers of 12 for marking
[2024-10-12T10:22:30.465+0800][info] GC(38) Concurrent Mark From Roots 3.376ms
[2024-10-12T10:22:30.465+0800][info] GC(38) Concurrent Preclean
[2024-10-12T10:22:30.467+0800][info] GC(38) Concurrent Preclean 1.659ms
[2024-10-12T10:22:30.467+0800][info] GC(38) Pause Remark
[2024-10-12T10:22:30.469+0800][info] GC(38) Pause Remark 109M->107M(128M) 1.385ms
[2024-10-12T10:22:30.469+0800][info] GC(38) User=0.00s Sys=0.00s Real=0.00s
[2024-10-12T10:22:30.469+0800][info] GC(38) Concurrent Mark 6.713ms
[2024-10-12T10:22:30.469+0800][info] GC(38) Concurrent Rebuild Remembered Sets
[2024-10-12T10:22:30.470+0800][info] GC(38) Concurrent Rebuild Remembered Sets 1.743ms
[2024-10-12T10:22:30.471+0800][info] GC(38) Pause Cleanup
[2024-10-12T10:22:30.471+0800][info] GC(38) Pause Cleanup 107M->107M(128M) 0.242ms
[2024-10-12T10:22:30.471+0800][info] GC(38) User=0.00s Sys=0.00s Real=0.00s
[2024-10-12T10:22:30.471+0800][info] GC(38) Concurrent Cleanup for Next Mark
[2024-10-12T10:22:30.471+0800][info] GC(38) Concurrent Cleanup for Next Mark 0.396ms
[2024-10-12T10:22:30.471+0800][info] GC(38) Concurrent Mark Cycle 9.523ms
[2024-10-12T10:22:30.617+0800][info] GC(39) Pause Young (Prepare Mixed) (G1 Evacuation Pause)
[2024-10-12T10:22:30.617+0800][info] GC(39) Using 3 workers of 48 for evacuation
[2024-10-12T10:22:30.618+0800][info] GC(39)   Pre Evacuate Collection Set: 0.1ms
[2024-10-12T10:22:30.618+0800][info] GC(39)   Merge Heap Roots: 0.0ms
[2024-10-12T10:22:30.618+0800][info] GC(39)   Evacuate Collection Set: 0.9ms
[2024-10-12T10:22:30.618+0800][info] GC(39)   Post Evacuate Collection Set: 0.2ms
[2024-10-12T10:22:30.618+0800][info] GC(39)   Other: 0.2ms
[2024-10-12T10:22:30.618+0800][info] GC(39) Eden regions: 2->0(2)
[2024-10-12T10:22:30.618+0800][info] GC(39) Survivor regions: 1->1(1)
[2024-10-12T10:22:30.618+0800][info] GC(39) Old regions: 50->52
[2024-10-12T10:22:30.618+0800][info] GC(39) Archive regions: 2->2
[2024-10-12T10:22:30.618+0800][info] GC(39) Humongous regions: 2->2
[2024-10-12T10:22:30.618+0800][info] GC(39) Metaspace: 1600K(1728K)->1600K(1728K) NonClass: 1464K(1536K)->1464K(1536K) Class: 135K(192K)->135K(192K)
[2024-10-12T10:22:30.618+0800][info] GC(39) Pause Young (Prepare Mixed) (G1 Evacuation Pause) 111M->111M(128M) 1.556ms
[2024-10-12T10:22:30.618+0800][info] GC(39) User=0.00s Sys=0.00s Real=0.00s
[2024-10-12T10:22:30.720+0800][info] GC(40) Pause Young (Mixed) (G1 Preventive Collection)
[2024-10-12T10:22:30.720+0800][info] GC(40) Using 3 workers of 48 for evacuation
[2024-10-12T10:22:30.722+0800][info] GC(40) To-space exhausted
[2024-10-12T10:22:30.722+0800][info] GC(40)   Pre Evacuate Collection Set: 0.1ms
[2024-10-12T10:22:30.722+0800][info] GC(40)   Merge Heap Roots: 0.1ms
[2024-10-12T10:22:30.722+0800][info] GC(40)   Evacuate Collection Set: 1.3ms
[2024-10-12T10:22:30.722+0800][info] GC(40)   Post Evacuate Collection Set: 0.2ms
[2024-10-12T10:22:30.722+0800][info] GC(40)   Other: 0.2ms
[2024-10-12T10:22:30.722+0800][info] GC(40) Eden regions: 2->0(2)
[2024-10-12T10:22:30.722+0800][info] GC(40) Survivor regions: 1->1(1)
[2024-10-12T10:22:30.722+0800][info] GC(40) Old regions: 52->50
[2024-10-12T10:22:30.722+0800][info] GC(40) Archive regions: 2->2
[2024-10-12T10:22:30.722+0800][info] GC(40) Humongous regions: 2->2
[2024-10-12T10:22:30.722+0800][info] GC(40) Metaspace: 1600K(1728K)->1600K(1728K) NonClass: 1464K(1536K)->1464K(1536K) Class: 135K(192K)->135K(192K)
[2024-10-12T10:22:30.722+0800][info] GC(40) Pause Young (Mixed) (G1 Preventive Collection) 114M->107M(128M) 2.099ms
[2024-10-12T10:22:30.722+0800][info] GC(40) User=0.01s Sys=0.00s Real=0.00s
[2024-10-12T10:22:30.825+0800][info] GC(41) Pause Young (Mixed) (G1 Preventive Collection)
[2024-10-12T10:22:30.825+0800][info] GC(41) Using 3 workers of 48 for evacuation
[2024-10-12T10:22:30.827+0800][info] GC(41)   Pre Evacuate Collection Set: 0.1ms
[2024-10-12T10:22:30.827+0800][info] GC(41)   Merge Heap Roots: 0.0ms
[2024-10-12T10:22:30.827+0800][info] GC(41)   Evacuate Collection Set: 1.6ms
[2024-10-12T10:22:30.827+0800][info] GC(41)   Post Evacuate Collection Set: 0.2ms
[2024-10-12T10:22:30.827+0800][info] GC(41)   Other: 0.2ms
[2024-10-12T10:22:30.827+0800][info] GC(41) Eden regions: 2->0(2)
[2024-10-12T10:22:30.827+0800][info] GC(41) Survivor regions: 1->1(1)
[2024-10-12T10:22:30.827+0800][info] GC(41) Old regions: 50->49
[2024-10-12T10:22:30.827+0800][info] GC(41) Archive regions: 2->2
[2024-10-12T10:22:30.827+0800][info] GC(41) Humongous regions: 2->2
[2024-10-12T10:22:30.827+0800][info] GC(41) Metaspace: 1600K(1728K)->1600K(1728K) NonClass: 1464K(1536K)->1464K(1536K) Class: 135K(192K)->135K(192K)
[2024-10-12T10:22:30.827+0800][info] GC(41) Pause Young (Mixed) (G1 Preventive Collection) 111M->105M(128M) 2.251ms
[2024-10-12T10:22:30.827+0800][info] GC(41) User=0.00s Sys=0.00s Real=0.00s
[2024-10-12T10:22:30.929+0800][info] GC(42) Pause Young (Mixed) (G1 Evacuation Pause)
[2024-10-12T10:22:30.929+0800][info] GC(42) Using 3 workers of 48 for evacuation
[2024-10-12T10:22:30.932+0800][info] GC(42)   Pre Evacuate Collection Set: 0.1ms
[2024-10-12T10:22:30.932+0800][info] GC(42)   Merge Heap Roots: 0.1ms
[2024-10-12T10:22:30.932+0800][info] GC(42)   Evacuate Collection Set: 1.8ms
[2024-10-12T10:22:30.932+0800][info] GC(42)   Post Evacuate Collection Set: 0.2ms
[2024-10-12T10:22:30.932+0800][info] GC(42)   Other: 0.1ms
[2024-10-12T10:22:30.932+0800][info] GC(42) Eden regions: 2->0(2)
[2024-10-12T10:22:30.932+0800][info] GC(42) Survivor regions: 1->1(1)
[2024-10-12T10:22:30.932+0800][info] GC(42) Old regions: 49->48
[2024-10-12T10:22:30.932+0800][info] GC(42) Archive regions: 2->2
[2024-10-12T10:22:30.932+0800][info] GC(42) Humongous regions: 2->2
[2024-10-12T10:22:30.932+0800][info] GC(42) Metaspace: 1600K(1728K)->1600K(1728K) NonClass: 1465K(1536K)->1465K(1536K) Class: 135K(192K)->135K(192K)
[2024-10-12T10:22:30.932+0800][info] GC(42) Pause Young (Mixed) (G1 Evacuation Pause) 109M->103M(128M) 2.452ms
[2024-10-12T10:22:30.932+0800][info] GC(42) User=0.00s Sys=0.00s Real=0.00s
[2024-10-12T10:22:31.035+0800][info] GC(43) Pause Young (Mixed) (G1 Evacuation Pause)
[2024-10-12T10:22:31.035+0800][info] GC(43) Using 3 workers of 48 for evacuation
[2024-10-12T10:22:31.037+0800][info] GC(43)   Pre Evacuate Collection Set: 0.1ms
[2024-10-12T10:22:31.037+0800][info] GC(43)   Merge Heap Roots: 0.1ms
[2024-10-12T10:22:31.037+0800][info] GC(43)   Evacuate Collection Set: 1.9ms
[2024-10-12T10:22:31.037+0800][info] GC(43)   Post Evacuate Collection Set: 0.2ms
[2024-10-12T10:22:31.037+0800][info] GC(43)   Other: 0.2ms
[2024-10-12T10:22:31.037+0800][info] GC(43) Eden regions: 2->0(2)
[2024-10-12T10:22:31.037+0800][info] GC(43) Survivor regions: 1->1(1)
[2024-10-12T10:22:31.037+0800][info] GC(43) Old regions: 48->48
[2024-10-12T10:22:31.037+0800][info] GC(43) Archive regions: 2->2
[2024-10-12T10:22:31.037+0800][info] GC(43) Humongous regions: 2->2
[2024-10-12T10:22:31.037+0800][info] GC(43) Metaspace: 1602K(1728K)->1602K(1728K) NonClass: 1466K(1536K)->1466K(1536K) Class: 135K(192K)->135K(192K)
[2024-10-12T10:22:31.037+0800][info] GC(43) Pause Young (Mixed) (G1 Evacuation Pause) 107M->102M(128M) 2.559ms
[2024-10-12T10:22:31.037+0800][info] GC(43) User=0.00s Sys=0.00s Real=0.00s
[2024-10-12T10:22:31.139+0800][info] GC(44) Pause Young (Normal) (G1 Evacuation Pause)
[2024-10-12T10:22:31.139+0800][info] GC(44) Using 3 workers of 48 for evacuation
[2024-10-12T10:22:31.140+0800][info] GC(44)   Pre Evacuate Collection Set: 0.1ms
[2024-10-12T10:22:31.140+0800][info] GC(44)   Merge Heap Roots: 0.0ms
[2024-10-12T10:22:31.140+0800][info] GC(44)   Evacuate Collection Set: 0.7ms
[2024-10-12T10:22:31.140+0800][info] GC(44)   Post Evacuate Collection Set: 0.2ms
[2024-10-12T10:22:31.140+0800][info] GC(44)   Other: 0.2ms
[2024-10-12T10:22:31.140+0800][info] GC(44) Eden regions: 2->0(2)
[2024-10-12T10:22:31.140+0800][info] GC(44) Survivor regions: 1->1(1)
[2024-10-12T10:22:31.140+0800][info] GC(44) Old regions: 48->50
[2024-10-12T10:22:31.141+0800][info] GC(44) Archive regions: 2->2
[2024-10-12T10:22:31.141+0800][info] GC(44) Humongous regions: 2->2
[2024-10-12T10:22:31.141+0800][info] GC(44) Metaspace: 1602K(1728K)->1602K(1728K) NonClass: 1466K(1536K)->1466K(1536K) Class: 135K(192K)->135K(192K)
[2024-10-12T10:22:31.141+0800][info] GC(44) Pause Young (Normal) (G1 Evacuation Pause) 105M->106M(128M) 1.274ms
[2024-10-12T10:22:31.141+0800][info] GC(44) User=0.01s Sys=0.00s Real=0.00s
[2024-10-12T10:22:31.243+0800][info] GC(45) Pause Young (Concurrent Start) (G1 Evacuation Pause)
[2024-10-12T10:22:31.243+0800][info] GC(45) Using 3 workers of 48 for evacuation
[2024-10-12T10:22:31.245+0800][info] GC(45)   Pre Evacuate Collection Set: 0.1ms
[2024-10-12T10:22:31.245+0800][info] GC(45)   Merge Heap Roots: 0.0ms
[2024-10-12T10:22:31.245+0800][info] GC(45)   Evacuate Collection Set: 0.7ms
[2024-10-12T10:22:31.245+0800][info] GC(45)   Post Evacuate Collection Set: 0.2ms
[2024-10-12T10:22:31.245+0800][info] GC(45)   Other: 0.3ms
[2024-10-12T10:22:31.245+0800][info] GC(45) Eden regions: 2->0(2)
[2024-10-12T10:22:31.245+0800][info] GC(45) Survivor regions: 1->1(1)
[2024-10-12T10:22:31.245+0800][info] GC(45) Old regions: 50->52
[2024-10-12T10:22:31.245+0800][info] GC(45) Archive regions: 2->2
[2024-10-12T10:22:31.245+0800][info] GC(45) Humongous regions: 2->2
[2024-10-12T10:22:31.245+0800][info] GC(45) Metaspace: 1602K(1728K)->1602K(1728K) NonClass: 1466K(1536K)->1466K(1536K) Class: 135K(192K)->135K(192K)
[2024-10-12T10:22:31.245+0800][info] GC(45) Pause Young (Concurrent Start) (G1 Evacuation Pause) 109M->110M(128M) 1.464ms
[2024-10-12T10:22:31.245+0800][info] GC(45) User=0.00s Sys=0.00s Real=0.00s
[2024-10-12T10:22:31.245+0800][info] GC(46) Concurrent Mark Cycle
[2024-10-12T10:22:31.245+0800][info] GC(46) Concurrent Clear Claimed Marks
[2024-10-12T10:22:31.245+0800][info] GC(46) Concurrent Clear Claimed Marks 0.011ms
[2024-10-12T10:22:31.245+0800][info] GC(46) Concurrent Scan Root Regions
[2024-10-12T10:22:31.245+0800][info] GC(46) Concurrent Scan Root Regions 0.145ms
[2024-10-12T10:22:31.245+0800][info] GC(46) Concurrent Mark
[2024-10-12T10:22:31.245+0800][info] GC(46) Concurrent Mark From Roots
[2024-10-12T10:22:31.245+0800][info] GC(46) Using 12 workers of 12 for marking
[2024-10-12T10:22:31.249+0800][info] GC(46) Concurrent Mark From Roots 3.965ms
[2024-10-12T10:22:31.249+0800][info] GC(46) Concurrent Preclean
[2024-10-12T10:22:31.251+0800][info] GC(46) Concurrent Preclean 1.684ms
[2024-10-12T10:22:31.251+0800][info] GC(46) Pause Remark
[2024-10-12T10:22:31.252+0800][info] GC(46) Pause Remark 110M->108M(128M) 1.375ms
[2024-10-12T10:22:31.252+0800][info] GC(46) User=0.01s Sys=0.00s Real=0.00s
[2024-10-12T10:22:31.253+0800][info] GC(46) Concurrent Mark 7.338ms
[2024-10-12T10:22:31.253+0800][info] GC(46) Concurrent Rebuild Remembered Sets
[2024-10-12T10:22:31.254+0800][info] GC(46) Concurrent Rebuild Remembered Sets 1.736ms
[2024-10-12T10:22:31.254+0800][info] GC(46) Pause Cleanup
[2024-10-12T10:22:31.255+0800][info] GC(46) Pause Cleanup 108M->108M(128M) 0.204ms
[2024-10-12T10:22:31.255+0800][info] GC(46) User=0.00s Sys=0.00s Real=0.00s
[2024-10-12T10:22:31.255+0800][info] GC(46) Concurrent Cleanup for Next Mark
[2024-10-12T10:22:31.255+0800][info] GC(46) Concurrent Cleanup for Next Mark 0.362ms
[2024-10-12T10:22:31.255+0800][info] GC(46) Concurrent Mark Cycle 10.120ms
[2024-10-12T10:22:31.399+0800][info] GC(47) Pause Young (Prepare Mixed) (G1 Evacuation Pause)
[2024-10-12T10:22:31.399+0800][info] GC(47) Using 3 workers of 48 for evacuation
[2024-10-12T10:22:31.400+0800][info] GC(47)   Pre Evacuate Collection Set: 0.1ms
[2024-10-12T10:22:31.400+0800][info] GC(47)   Merge Heap Roots: 0.1ms
[2024-10-12T10:22:31.400+0800][info] GC(47)   Evacuate Collection Set: 1.2ms
[2024-10-12T10:22:31.400+0800][info] GC(47)   Post Evacuate Collection Set: 0.2ms
[2024-10-12T10:22:31.400+0800][info] GC(47)   Other: 0.2ms
[2024-10-12T10:22:31.400+0800][info] GC(47) Eden regions: 2->0(2)
[2024-10-12T10:22:31.400+0800][info] GC(47) Survivor regions: 1->1(1)
[2024-10-12T10:22:31.400+0800][info] GC(47) Old regions: 51->52
[2024-10-12T10:22:31.400+0800][info] GC(47) Archive regions: 2->2
[2024-10-12T10:22:31.400+0800][info] GC(47) Humongous regions: 2->2
[2024-10-12T10:22:31.400+0800][info] GC(47) Metaspace: 1608K(1728K)->1608K(1728K) NonClass: 1472K(1536K)->1472K(1536K) Class: 135K(192K)->135K(192K)
[2024-10-12T10:22:31.400+0800][info] GC(47) Pause Young (Prepare Mixed) (G1 Evacuation Pause) 111M->111M(128M) 1.811ms
[2024-10-12T10:22:31.400+0800][info] GC(47) User=0.01s Sys=0.00s Real=0.00s
[2024-10-12T10:22:31.504+0800][info] GC(48) Pause Young (Mixed) (G1 Preventive Collection)
[2024-10-12T10:22:31.504+0800][info] GC(48) Using 3 workers of 48 for evacuation
[2024-10-12T10:22:31.506+0800][info] GC(48) To-space exhausted
[2024-10-12T10:22:31.506+0800][info] GC(48)   Pre Evacuate Collection Set: 0.1ms
[2024-10-12T10:22:31.506+0800][info] GC(48)   Merge Heap Roots: 0.0ms
[2024-10-12T10:22:31.506+0800][info] GC(48)   Evacuate Collection Set: 1.3ms
[2024-10-12T10:22:31.506+0800][info] GC(48)   Post Evacuate Collection Set: 0.2ms
[2024-10-12T10:22:31.506+0800][info] GC(48)   Other: 0.2ms
[2024-10-12T10:22:31.506+0800][info] GC(48) Eden regions: 2->0(2)
[2024-10-12T10:22:31.506+0800][info] GC(48) Survivor regions: 1->1(1)
[2024-10-12T10:22:31.506+0800][info] GC(48) Old regions: 52->49
[2024-10-12T10:22:31.506+0800][info] GC(48) Archive regions: 2->2
[2024-10-12T10:22:31.506+0800][info] GC(48) Humongous regions: 3->2
[2024-10-12T10:22:31.506+0800][info] GC(48) Metaspace: 1608K(1728K)->1608K(1728K) NonClass: 1472K(1536K)->1472K(1536K) Class: 135K(192K)->135K(192K)
[2024-10-12T10:22:31.506+0800][info] GC(48) Pause Young (Mixed) (G1 Preventive Collection) 117M->105M(128M) 1.923ms
[2024-10-12T10:22:31.506+0800][info] GC(48) User=0.00s Sys=0.00s Real=0.01s
[2024-10-12T10:22:31.608+0800][info] GC(49) Pause Young (Mixed) (G1 Evacuation Pause)
[2024-10-12T10:22:31.608+0800][info] GC(49) Using 3 workers of 48 for evacuation
[2024-10-12T10:22:31.610+0800][info] GC(49)   Pre Evacuate Collection Set: 0.1ms
[2024-10-12T10:22:31.610+0800][info] GC(49)   Merge Heap Roots: 0.1ms
[2024-10-12T10:22:31.610+0800][info] GC(49)   Evacuate Collection Set: 1.7ms
[2024-10-12T10:22:31.610+0800][info] GC(49)   Post Evacuate Collection Set: 0.2ms
[2024-10-12T10:22:31.610+0800][info] GC(49)   Other: 0.1ms
[2024-10-12T10:22:31.610+0800][info] GC(49) Eden regions: 2->0(2)
[2024-10-12T10:22:31.610+0800][info] GC(49) Survivor regions: 1->1(1)
[2024-10-12T10:22:31.610+0800][info] GC(49) Old regions: 49->48
[2024-10-12T10:22:31.610+0800][info] GC(49) Archive regions: 2->2
[2024-10-12T10:22:31.610+0800][info] GC(49) Humongous regions: 2->2
[2024-10-12T10:22:31.610+0800][info] GC(49) Metaspace: 1608K(1728K)->1608K(1728K) NonClass: 1472K(1536K)->1472K(1536K) Class: 135K(192K)->135K(192K)
[2024-10-12T10:22:31.610+0800][info] GC(49) Pause Young (Mixed) (G1 Evacuation Pause) 109M->102M(128M) 2.367ms
[2024-10-12T10:22:31.610+0800][info] GC(49) User=0.00s Sys=0.00s Real=0.00s
[2024-10-12T10:22:31.713+0800][info] GC(50) Pause Young (Mixed) (G1 Evacuation Pause)
[2024-10-12T10:22:31.713+0800][info] GC(50) Using 3 workers of 48 for evacuation
[2024-10-12T10:22:31.715+0800][info] GC(50)   Pre Evacuate Collection Set: 0.1ms
[2024-10-12T10:22:31.715+0800][info] GC(50)   Merge Heap Roots: 0.0ms
[2024-10-12T10:22:31.715+0800][info] GC(50)   Evacuate Collection Set: 1.7ms
[2024-10-12T10:22:31.715+0800][info] GC(50)   Post Evacuate Collection Set: 0.2ms
[2024-10-12T10:22:31.715+0800][info] GC(50)   Other: 0.1ms
[2024-10-12T10:22:31.715+0800][info] GC(50) Eden regions: 2->0(2)
[2024-10-12T10:22:31.716+0800][info] GC(50) Survivor regions: 1->1(1)
[2024-10-12T10:22:31.716+0800][info] GC(50) Old regions: 48->47
[2024-10-12T10:22:31.716+0800][info] GC(50) Archive regions: 2->2
[2024-10-12T10:22:31.716+0800][info] GC(50) Humongous regions: 2->2
[2024-10-12T10:22:31.716+0800][info] GC(50) Metaspace: 1612K(1728K)->1612K(1728K) NonClass: 1476K(1536K)->1476K(1536K) Class: 135K(192K)->135K(192K)
[2024-10-12T10:22:31.716+0800][info] GC(50) Pause Young (Mixed) (G1 Evacuation Pause) 105M->100M(128M) 2.277ms
[2024-10-12T10:22:31.716+0800][info] GC(50) User=0.00s Sys=0.00s Real=0.00s
[2024-10-12T10:22:31.818+0800][info] GC(51) Pause Young (Mixed) (G1 Evacuation Pause)
[2024-10-12T10:22:31.818+0800][info] GC(51) Using 3 workers of 48 for evacuation
[2024-10-12T10:22:31.820+0800][info] GC(51)   Pre Evacuate Collection Set: 0.1ms
[2024-10-12T10:22:31.820+0800][info] GC(51)   Merge Heap Roots: 0.0ms
[2024-10-12T10:22:31.820+0800][info] GC(51)   Evacuate Collection Set: 2.1ms
[2024-10-12T10:22:31.820+0800][info] GC(51)   Post Evacuate Collection Set: 0.2ms
[2024-10-12T10:22:31.820+0800][info] GC(51)   Other: 0.1ms
[2024-10-12T10:22:31.820+0800][info] GC(51) Eden regions: 2->0(2)
[2024-10-12T10:22:31.820+0800][info] GC(51) Survivor regions: 1->1(1)
[2024-10-12T10:22:31.820+0800][info] GC(51) Old regions: 47->46
[2024-10-12T10:22:31.820+0800][info] GC(51) Archive regions: 2->2
[2024-10-12T10:22:31.820+0800][info] GC(51) Humongous regions: 2->2
[2024-10-12T10:22:31.820+0800][info] GC(51) Metaspace: 1612K(1728K)->1612K(1728K) NonClass: 1476K(1536K)->1476K(1536K) Class: 135K(192K)->135K(192K)
[2024-10-12T10:22:31.820+0800][info] GC(51) Pause Young (Mixed) (G1 Evacuation Pause) 104M->99M(128M) 2.731ms
[2024-10-12T10:22:31.820+0800][info] GC(51) User=0.01s Sys=0.00s Real=0.00s
[2024-10-12T10:22:31.923+0800][info] GC(52) Pause Young (Mixed) (G1 Evacuation Pause)
[2024-10-12T10:22:31.923+0800][info] GC(52) Using 3 workers of 48 for evacuation
[2024-10-12T10:22:31.925+0800][info] GC(52)   Pre Evacuate Collection Set: 0.1ms
[2024-10-12T10:22:31.925+0800][info] GC(52)   Merge Heap Roots: 0.0ms
[2024-10-12T10:22:31.925+0800][info] GC(52)   Evacuate Collection Set: 0.9ms
[2024-10-12T10:22:31.925+0800][info] GC(52)   Post Evacuate Collection Set: 0.2ms
[2024-10-12T10:22:31.925+0800][info] GC(52)   Other: 0.1ms
[2024-10-12T10:22:31.925+0800][info] GC(52) Eden regions: 2->0(2)
[2024-10-12T10:22:31.925+0800][info] GC(52) Survivor regions: 1->1(1)
[2024-10-12T10:22:31.925+0800][info] GC(52) Old regions: 46->48
[2024-10-12T10:22:31.925+0800][info] GC(52) Archive regions: 2->2
[2024-10-12T10:22:31.925+0800][info] GC(52) Humongous regions: 2->2
[2024-10-12T10:22:31.925+0800][info] GC(52) Metaspace: 1612K(1728K)->1612K(1728K) NonClass: 1476K(1536K)->1476K(1536K) Class: 135K(192K)->135K(192K)
[2024-10-12T10:22:31.925+0800][info] GC(52) Pause Young (Mixed) (G1 Evacuation Pause) 102M->102M(128M) 1.506ms
[2024-10-12T10:22:31.925+0800][info] GC(52) User=0.00s Sys=0.00s Real=0.00s
[2024-10-12T10:22:32.027+0800][info] GC(53) Pause Young (Normal) (G1 Evacuation Pause)
[2024-10-12T10:22:32.027+0800][info] GC(53) Using 3 workers of 48 for evacuation
[2024-10-12T10:22:32.028+0800][info] GC(53)   Pre Evacuate Collection Set: 0.1ms
[2024-10-12T10:22:32.028+0800][info] GC(53)   Merge Heap Roots: 0.0ms
[2024-10-12T10:22:32.028+0800][info] GC(53)   Evacuate Collection Set: 0.7ms
[2024-10-12T10:22:32.028+0800][info] GC(53)   Post Evacuate Collection Set: 0.2ms
[2024-10-12T10:22:32.028+0800][info] GC(53)   Other: 0.2ms
[2024-10-12T10:22:32.028+0800][info] GC(53) Eden regions: 2->0(2)
[2024-10-12T10:22:32.028+0800][info] GC(53) Survivor regions: 1->1(1)
[2024-10-12T10:22:32.028+0800][info] GC(53) Old regions: 48->50
[2024-10-12T10:22:32.028+0800][info] GC(53) Archive regions: 2->2
[2024-10-12T10:22:32.028+0800][info] GC(53) Humongous regions: 2->2
[2024-10-12T10:22:32.028+0800][info] GC(53) Metaspace: 1612K(1728K)->1612K(1728K) NonClass: 1476K(1536K)->1476K(1536K) Class: 135K(192K)->135K(192K)
[2024-10-12T10:22:32.028+0800][info] GC(53) Pause Young (Normal) (G1 Evacuation Pause) 106M->106M(128M) 1.269ms
[2024-10-12T10:22:32.029+0800][info] GC(53) User=0.01s Sys=0.00s Real=0.00s
[2024-10-12T10:22:32.131+0800][info] GC(54) Pause Young (Concurrent Start) (G1 Evacuation Pause)
[2024-10-12T10:22:32.131+0800][info] GC(54) Using 3 workers of 48 for evacuation
[2024-10-12T10:22:32.133+0800][info] GC(54)   Pre Evacuate Collection Set: 0.1ms
[2024-10-12T10:22:32.133+0800][info] GC(54)   Merge Heap Roots: 0.0ms
[2024-10-12T10:22:32.133+0800][info] GC(54)   Evacuate Collection Set: 0.8ms
[2024-10-12T10:22:32.133+0800][info] GC(54)   Post Evacuate Collection Set: 0.2ms
[2024-10-12T10:22:32.133+0800][info] GC(54)   Other: 0.4ms
[2024-10-12T10:22:32.133+0800][info] GC(54) Eden regions: 2->0(2)
[2024-10-12T10:22:32.133+0800][info] GC(54) Survivor regions: 1->1(1)
[2024-10-12T10:22:32.133+0800][info] GC(54) Old regions: 50->52
[2024-10-12T10:22:32.133+0800][info] GC(54) Archive regions: 2->2
[2024-10-12T10:22:32.133+0800][info] GC(54) Humongous regions: 2->2
[2024-10-12T10:22:32.133+0800][info] GC(54) Metaspace: 1612K(1728K)->1612K(1728K) NonClass: 1476K(1536K)->1476K(1536K) Class: 135K(192K)->135K(192K)
[2024-10-12T10:22:32.133+0800][info] GC(54) Pause Young (Concurrent Start) (G1 Evacuation Pause) 110M->110M(128M) 1.509ms
[2024-10-12T10:22:32.133+0800][info] GC(54) User=0.01s Sys=0.00s Real=0.00s
[2024-10-12T10:22:32.133+0800][info] GC(55) Concurrent Mark Cycle
[2024-10-12T10:22:32.133+0800][info] GC(55) Concurrent Clear Claimed Marks
[2024-10-12T10:22:32.133+0800][info] GC(55) Concurrent Clear Claimed Marks 0.020ms
[2024-10-12T10:22:32.133+0800][info] GC(55) Concurrent Scan Root Regions
[2024-10-12T10:22:32.133+0800][info] GC(55) Concurrent Scan Root Regions 0.111ms
[2024-10-12T10:22:32.133+0800][info] GC(55) Concurrent Mark
[2024-10-12T10:22:32.133+0800][info] GC(55) Concurrent Mark From Roots
[2024-10-12T10:22:32.133+0800][info] GC(55) Using 12 workers of 12 for marking
[2024-10-12T10:22:32.136+0800][info] GC(55) Concurrent Mark From Roots 3.153ms
[2024-10-12T10:22:32.136+0800][info] GC(55) Concurrent Preclean
[2024-10-12T10:22:32.138+0800][info] GC(55) Concurrent Preclean 1.681ms
[2024-10-12T10:22:32.138+0800][info] GC(55) Pause Remark
[2024-10-12T10:22:32.140+0800][info] GC(55) Pause Remark 111M->111M(128M) 1.382ms
[2024-10-12T10:22:32.140+0800][info] GC(55) User=0.00s Sys=0.00s Real=0.00s
[2024-10-12T10:22:32.140+0800][info] GC(55) Concurrent Mark 6.525ms
[2024-10-12T10:22:32.140+0800][info] GC(55) Concurrent Rebuild Remembered Sets
[2024-10-12T10:22:32.141+0800][info] GC(55) Concurrent Rebuild Remembered Sets 1.063ms
[2024-10-12T10:22:32.141+0800][info] GC(55) Pause Cleanup
[2024-10-12T10:22:32.141+0800][info] GC(55) Pause Cleanup 111M->111M(128M) 0.201ms
[2024-10-12T10:22:32.141+0800][info] GC(55) User=0.00s Sys=0.00s Real=0.00s
[2024-10-12T10:22:32.141+0800][info] GC(55) Concurrent Cleanup for Next Mark
[2024-10-12T10:22:32.142+0800][info] GC(55) Concurrent Cleanup for Next Mark 0.324ms
[2024-10-12T10:22:32.142+0800][info] GC(55) Concurrent Mark Cycle 8.581ms
[2024-10-12T10:22:32.287+0800][info] GC(56) Pause Young (Prepare Mixed) (G1 Evacuation Pause)
[2024-10-12T10:22:32.287+0800][info] GC(56) Using 3 workers of 48 for evacuation
[2024-10-12T10:22:32.288+0800][info] GC(56)   Pre Evacuate Collection Set: 0.1ms
[2024-10-12T10:22:32.288+0800][info] GC(56)   Merge Heap Roots: 0.1ms
[2024-10-12T10:22:32.288+0800][info] GC(56)   Evacuate Collection Set: 0.9ms
[2024-10-12T10:22:32.288+0800][info] GC(56)   Post Evacuate Collection Set: 0.2ms
[2024-10-12T10:22:32.288+0800][info] GC(56)   Other: 0.2ms
[2024-10-12T10:22:32.288+0800][info] GC(56) Eden regions: 2->0(2)
[2024-10-12T10:22:32.288+0800][info] GC(56) Survivor regions: 1->1(1)
[2024-10-12T10:22:32.288+0800][info] GC(56) Old regions: 52->54
[2024-10-12T10:22:32.288+0800][info] GC(56) Archive regions: 2->2
[2024-10-12T10:22:32.288+0800][info] GC(56) Humongous regions: 2->2
[2024-10-12T10:22:32.288+0800][info] GC(56) Metaspace: 1612K(1728K)->1612K(1728K) NonClass: 1476K(1536K)->1476K(1536K) Class: 135K(192K)->135K(192K)
[2024-10-12T10:22:32.288+0800][info] GC(56) Pause Young (Prepare Mixed) (G1 Evacuation Pause) 114M->114M(128M) 1.519ms
[2024-10-12T10:22:32.288+0800][info] GC(56) User=0.00s Sys=0.00s Real=0.00s
[2024-10-12T10:22:32.350+0800][info] GC(57) Pause Young (Mixed) (G1 Preventive Collection)
[2024-10-12T10:22:32.350+0800][info] GC(57) Using 3 workers of 48 for evacuation
[2024-10-12T10:22:32.352+0800][info] GC(57)   Pre Evacuate Collection Set: 0.1ms
[2024-10-12T10:22:32.352+0800][info] GC(57)   Merge Heap Roots: 0.0ms
[2024-10-12T10:22:32.352+0800][info] GC(57)   Evacuate Collection Set: 0.9ms
[2024-10-12T10:22:32.352+0800][info] GC(57)   Post Evacuate Collection Set: 0.2ms
[2024-10-12T10:22:32.352+0800][info] GC(57)   Other: 0.2ms
[2024-10-12T10:22:32.352+0800][info] GC(57) Eden regions: 1->0(2)
[2024-10-12T10:22:32.352+0800][info] GC(57) Survivor regions: 1->1(1)
[2024-10-12T10:22:32.352+0800][info] GC(57) Old regions: 54->50
[2024-10-12T10:22:32.352+0800][info] GC(57) Archive regions: 2->2
[2024-10-12T10:22:32.352+0800][info] GC(57) Humongous regions: 2->2
[2024-10-12T10:22:32.352+0800][info] GC(57) Metaspace: 1612K(1728K)->1612K(1728K) NonClass: 1476K(1536K)->1476K(1536K) Class: 135K(192K)->135K(192K)
[2024-10-12T10:22:32.352+0800][info] GC(57) Pause Young (Mixed) (G1 Preventive Collection) 116M->106M(128M) 1.523ms
[2024-10-12T10:22:32.352+0800][info] GC(57) User=0.01s Sys=0.00s Real=0.00s
[2024-10-12T10:22:32.454+0800][info] GC(58) Pause Young (Mixed) (G1 Evacuation Pause)
[2024-10-12T10:22:32.454+0800][info] GC(58) Using 3 workers of 48 for evacuation
[2024-10-12T10:22:32.456+0800][info] GC(58)   Pre Evacuate Collection Set: 0.1ms
[2024-10-12T10:22:32.456+0800][info] GC(58)   Merge Heap Roots: 0.1ms
[2024-10-12T10:22:32.456+0800][info] GC(58)   Evacuate Collection Set: 1.8ms
[2024-10-12T10:22:32.456+0800][info] GC(58)   Post Evacuate Collection Set: 0.2ms
[2024-10-12T10:22:32.456+0800][info] GC(58)   Other: 0.1ms
[2024-10-12T10:22:32.456+0800][info] GC(58) Eden regions: 2->0(2)
[2024-10-12T10:22:32.456+0800][info] GC(58) Survivor regions: 1->1(1)
[2024-10-12T10:22:32.456+0800][info] GC(58) Old regions: 50->48
[2024-10-12T10:22:32.456+0800][info] GC(58) Archive regions: 2->2
[2024-10-12T10:22:32.456+0800][info] GC(58) Humongous regions: 2->2
[2024-10-12T10:22:32.456+0800][info] GC(58) Metaspace: 1612K(1728K)->1612K(1728K) NonClass: 1476K(1536K)->1476K(1536K) Class: 135K(192K)->135K(192K)
[2024-10-12T10:22:32.456+0800][info] GC(58) Pause Young (Mixed) (G1 Evacuation Pause) 109M->102M(128M) 2.428ms
[2024-10-12T10:22:32.456+0800][info] GC(58) User=0.00s Sys=0.00s Real=0.00s
[2024-10-12T10:22:32.559+0800][info] GC(59) Pause Young (Mixed) (G1 Evacuation Pause)
[2024-10-12T10:22:32.559+0800][info] GC(59) Using 3 workers of 48 for evacuation
[2024-10-12T10:22:32.561+0800][info] GC(59)   Pre Evacuate Collection Set: 0.1ms
[2024-10-12T10:22:32.561+0800][info] GC(59)   Merge Heap Roots: 0.1ms
[2024-10-12T10:22:32.561+0800][info] GC(59)   Evacuate Collection Set: 1.7ms
[2024-10-12T10:22:32.561+0800][info] GC(59)   Post Evacuate Collection Set: 0.2ms
[2024-10-12T10:22:32.561+0800][info] GC(59)   Other: 0.1ms
[2024-10-12T10:22:32.561+0800][info] GC(59) Eden regions: 2->0(2)
[2024-10-12T10:22:32.561+0800][info] GC(59) Survivor regions: 1->1(1)
[2024-10-12T10:22:32.561+0800][info] GC(59) Old regions: 48->46
[2024-10-12T10:22:32.561+0800][info] GC(59) Archive regions: 2->2
[2024-10-12T10:22:32.561+0800][info] GC(59) Humongous regions: 2->2
[2024-10-12T10:22:32.561+0800][info] GC(59) Metaspace: 1612K(1728K)->1612K(1728K) NonClass: 1476K(1536K)->1476K(1536K) Class: 135K(192K)->135K(192K)
[2024-10-12T10:22:32.561+0800][info] GC(59) Pause Young (Mixed) (G1 Evacuation Pause) 105M->98M(128M) 2.362ms
[2024-10-12T10:22:32.561+0800][info] GC(59) User=0.00s Sys=0.00s Real=0.00s
[2024-10-12T10:22:32.663+0800][info] GC(60) Pause Young (Mixed) (G1 Evacuation Pause)
[2024-10-12T10:22:32.663+0800][info] GC(60) Using 3 workers of 48 for evacuation
[2024-10-12T10:22:32.666+0800][info] GC(60)   Pre Evacuate Collection Set: 0.1ms
[2024-10-12T10:22:32.666+0800][info] GC(60)   Merge Heap Roots: 0.1ms
[2024-10-12T10:22:32.666+0800][info] GC(60)   Evacuate Collection Set: 2.0ms
[2024-10-12T10:22:32.666+0800][info] GC(60)   Post Evacuate Collection Set: 0.2ms
[2024-10-12T10:22:32.666+0800][info] GC(60)   Other: 0.2ms
[2024-10-12T10:22:32.666+0800][info] GC(60) Eden regions: 2->0(2)
[2024-10-12T10:22:32.666+0800][info] GC(60) Survivor regions: 1->1(1)
[2024-10-12T10:22:32.666+0800][info] GC(60) Old regions: 46->45
[2024-10-12T10:22:32.666+0800][info] GC(60) Archive regions: 2->2
[2024-10-12T10:22:32.666+0800][info] GC(60) Humongous regions: 2->2
[2024-10-12T10:22:32.666+0800][info] GC(60) Metaspace: 1612K(1728K)->1612K(1728K) NonClass: 1476K(1536K)->1476K(1536K) Class: 135K(192K)->135K(192K)
[2024-10-12T10:22:32.666+0800][info] GC(60) Pause Young (Mixed) (G1 Evacuation Pause) 102M->97M(128M) 2.735ms
[2024-10-12T10:22:32.666+0800][info] GC(60) User=0.01s Sys=0.00s Real=0.01s
[2024-10-12T10:22:32.769+0800][info] GC(61) Pause Young (Mixed) (G1 Evacuation Pause)
[2024-10-12T10:22:32.769+0800][info] GC(61) Using 3 workers of 48 for evacuation
[2024-10-12T10:22:32.770+0800][info] GC(61)   Pre Evacuate Collection Set: 0.1ms
[2024-10-12T10:22:32.770+0800][info] GC(61)   Merge Heap Roots: 0.0ms
[2024-10-12T10:22:32.770+0800][info] GC(61)   Evacuate Collection Set: 0.9ms
[2024-10-12T10:22:32.770+0800][info] GC(61)   Post Evacuate Collection Set: 0.2ms
[2024-10-12T10:22:32.770+0800][info] GC(61)   Other: 0.1ms
[2024-10-12T10:22:32.770+0800][info] GC(61) Eden regions: 2->0(2)
[2024-10-12T10:22:32.770+0800][info] GC(61) Survivor regions: 1->1(1)
[2024-10-12T10:22:32.770+0800][info] GC(61) Old regions: 45->46
[2024-10-12T10:22:32.770+0800][info] GC(61) Archive regions: 2->2
[2024-10-12T10:22:32.770+0800][info] GC(61) Humongous regions: 2->2
[2024-10-12T10:22:32.770+0800][info] GC(61) Metaspace: 1612K(1728K)->1612K(1728K) NonClass: 1476K(1536K)->1476K(1536K) Class: 135K(192K)->135K(192K)
[2024-10-12T10:22:32.770+0800][info] GC(61) Pause Young (Mixed) (G1 Evacuation Pause) 101M->98M(128M) 1.523ms
[2024-10-12T10:22:32.770+0800][info] GC(61) User=0.00s Sys=0.01s Real=0.00s
[2024-10-12T10:22:32.872+0800][info] GC(62) Pause Young (Normal) (G1 Evacuation Pause)
[2024-10-12T10:22:32.872+0800][info] GC(62) Using 3 workers of 48 for evacuation
[2024-10-12T10:22:32.873+0800][info] GC(62)   Pre Evacuate Collection Set: 0.1ms
[2024-10-12T10:22:32.873+0800][info] GC(62)   Merge Heap Roots: 0.0ms
[2024-10-12T10:22:32.873+0800][info] GC(62)   Evacuate Collection Set: 0.6ms
[2024-10-12T10:22:32.873+0800][info] GC(62)   Post Evacuate Collection Set: 0.2ms
[2024-10-12T10:22:32.873+0800][info] GC(62)   Other: 0.2ms
[2024-10-12T10:22:32.873+0800][info] GC(62) Eden regions: 2->0(2)
[2024-10-12T10:22:32.873+0800][info] GC(62) Survivor regions: 1->1(1)
[2024-10-12T10:22:32.873+0800][info] GC(62) Old regions: 46->47
[2024-10-12T10:22:32.873+0800][info] GC(62) Archive regions: 2->2
[2024-10-12T10:22:32.873+0800][info] GC(62) Humongous regions: 2->2
[2024-10-12T10:22:32.873+0800][info] GC(62) Metaspace: 1612K(1728K)->1612K(1728K) NonClass: 1476K(1536K)->1476K(1536K) Class: 135K(192K)->135K(192K)
[2024-10-12T10:22:32.873+0800][info] GC(62) Pause Young (Normal) (G1 Evacuation Pause) 101M->101M(128M) 1.242ms
[2024-10-12T10:22:32.874+0800][info] GC(62) User=0.00s Sys=0.00s Real=0.01s
[2024-10-12T10:22:32.976+0800][info] GC(63) Pause Young (Normal) (G1 Evacuation Pause)
[2024-10-12T10:22:32.976+0800][info] GC(63) Using 3 workers of 48 for evacuation
[2024-10-12T10:22:32.977+0800][info] GC(63)   Pre Evacuate Collection Set: 0.1ms
[2024-10-12T10:22:32.977+0800][info] GC(63)   Merge Heap Roots: 0.0ms
[2024-10-12T10:22:32.977+0800][info] GC(63)   Evacuate Collection Set: 0.7ms
[2024-10-12T10:22:32.977+0800][info] GC(63)   Post Evacuate Collection Set: 0.2ms
[2024-10-12T10:22:32.977+0800][info] GC(63)   Other: 0.2ms
[2024-10-12T10:22:32.977+0800][info] GC(63) Eden regions: 2->0(2)
[2024-10-12T10:22:32.977+0800][info] GC(63) Survivor regions: 1->1(1)
[2024-10-12T10:22:32.977+0800][info] GC(63) Old regions: 47->49
[2024-10-12T10:22:32.977+0800][info] GC(63) Archive regions: 2->2
[2024-10-12T10:22:32.977+0800][info] GC(63) Humongous regions: 2->2
[2024-10-12T10:22:32.977+0800][info] GC(63) Metaspace: 1612K(1728K)->1612K(1728K) NonClass: 1476K(1536K)->1476K(1536K) Class: 135K(192K)->135K(192K)
[2024-10-12T10:22:32.978+0800][info] GC(63) Pause Young (Normal) (G1 Evacuation Pause) 105M->105M(128M) 1.354ms
[2024-10-12T10:22:32.978+0800][info] GC(63) User=0.01s Sys=0.00s Real=0.00s
[2024-10-12T10:22:33.080+0800][info] GC(64) Pause Young (Concurrent Start) (G1 Evacuation Pause)
[2024-10-12T10:22:33.080+0800][info] GC(64) Using 3 workers of 48 for evacuation
[2024-10-12T10:22:33.081+0800][info] GC(64)   Pre Evacuate Collection Set: 0.1ms
[2024-10-12T10:22:33.081+0800][info] GC(64)   Merge Heap Roots: 0.0ms
[2024-10-12T10:22:33.081+0800][info] GC(64)   Evacuate Collection Set: 0.8ms
[2024-10-12T10:22:33.081+0800][info] GC(64)   Post Evacuate Collection Set: 0.2ms
[2024-10-12T10:22:33.081+0800][info] GC(64)   Other: 0.4ms
[2024-10-12T10:22:33.081+0800][info] GC(64) Eden regions: 2->0(2)
[2024-10-12T10:22:33.081+0800][info] GC(64) Survivor regions: 1->1(1)
[2024-10-12T10:22:33.081+0800][info] GC(64) Old regions: 49->51
[2024-10-12T10:22:33.081+0800][info] GC(64) Archive regions: 2->2
[2024-10-12T10:22:33.081+0800][info] GC(64) Humongous regions: 2->2
[2024-10-12T10:22:33.081+0800][info] GC(64) Metaspace: 1612K(1728K)->1612K(1728K) NonClass: 1476K(1536K)->1476K(1536K) Class: 135K(192K)->135K(192K)
[2024-10-12T10:22:33.081+0800][info] GC(64) Pause Young (Concurrent Start) (G1 Evacuation Pause) 108M->109M(128M) 1.579ms
[2024-10-12T10:22:33.081+0800][info] GC(64) User=0.00s Sys=0.00s Real=0.00s
[2024-10-12T10:22:33.081+0800][info] GC(65) Concurrent Mark Cycle
[2024-10-12T10:22:33.081+0800][info] GC(65) Concurrent Clear Claimed Marks
[2024-10-12T10:22:33.081+0800][info] GC(65) Concurrent Clear Claimed Marks 0.018ms
[2024-10-12T10:22:33.081+0800][info] GC(65) Concurrent Scan Root Regions
[2024-10-12T10:22:33.082+0800][info] GC(65) Concurrent Scan Root Regions 0.156ms
[2024-10-12T10:22:33.082+0800][info] GC(65) Concurrent Mark
[2024-10-12T10:22:33.082+0800][info] GC(65) Concurrent Mark From Roots
[2024-10-12T10:22:33.082+0800][info] GC(65) Using 12 workers of 12 for marking
[2024-10-12T10:22:33.085+0800][info] GC(65) Concurrent Mark From Roots 3.531ms
[2024-10-12T10:22:33.085+0800][info] GC(65) Concurrent Preclean
[2024-10-12T10:22:33.087+0800][info] GC(65) Concurrent Preclean 1.668ms
[2024-10-12T10:22:33.087+0800][info] GC(65) Pause Remark
[2024-10-12T10:22:33.088+0800][info] GC(65) Pause Remark 109M->109M(128M) 1.307ms
[2024-10-12T10:22:33.088+0800][info] GC(65) User=0.01s Sys=0.00s Real=0.00s
[2024-10-12T10:22:33.088+0800][info] GC(65) Concurrent Mark 6.722ms
[2024-10-12T10:22:33.088+0800][info] GC(65) Concurrent Rebuild Remembered Sets
[2024-10-12T10:22:33.090+0800][info] GC(65) Concurrent Rebuild Remembered Sets 1.708ms
[2024-10-12T10:22:33.090+0800][info] GC(65) Pause Cleanup
[2024-10-12T10:22:33.090+0800][info] GC(65) Pause Cleanup 109M->109M(128M) 0.246ms
[2024-10-12T10:22:33.090+0800][info] GC(65) User=0.00s Sys=0.00s Real=0.00s
[2024-10-12T10:22:33.090+0800][info] GC(65) Concurrent Cleanup for Next Mark
[2024-10-12T10:22:33.091+0800][info] GC(65) Concurrent Cleanup for Next Mark 0.390ms
[2024-10-12T10:22:33.091+0800][info] GC(65) Concurrent Mark Cycle 9.586ms
[2024-10-12T10:22:33.236+0800][info] GC(66) Pause Young (Prepare Mixed) (G1 Evacuation Pause)
[2024-10-12T10:22:33.236+0800][info] GC(66) Using 3 workers of 48 for evacuation
[2024-10-12T10:22:33.237+0800][info] GC(66)   Pre Evacuate Collection Set: 0.1ms
[2024-10-12T10:22:33.237+0800][info] GC(66)   Merge Heap Roots: 0.0ms
[2024-10-12T10:22:33.237+0800][info] GC(66)   Evacuate Collection Set: 0.8ms
[2024-10-12T10:22:33.237+0800][info] GC(66)   Post Evacuate Collection Set: 0.2ms
[2024-10-12T10:22:33.237+0800][info] GC(66)   Other: 0.2ms
[2024-10-12T10:22:33.237+0800][info] GC(66) Eden regions: 2->0(2)
[2024-10-12T10:22:33.237+0800][info] GC(66) Survivor regions: 1->1(1)
[2024-10-12T10:22:33.237+0800][info] GC(66) Old regions: 51->53
[2024-10-12T10:22:33.237+0800][info] GC(66) Archive regions: 2->2
[2024-10-12T10:22:33.237+0800][info] GC(66) Humongous regions: 2->2
[2024-10-12T10:22:33.237+0800][info] GC(66) Metaspace: 1612K(1728K)->1612K(1728K) NonClass: 1476K(1536K)->1476K(1536K) Class: 135K(192K)->135K(192K)
[2024-10-12T10:22:33.237+0800][info] GC(66) Pause Young (Prepare Mixed) (G1 Evacuation Pause) 112M->112M(128M) 1.436ms
[2024-10-12T10:22:33.237+0800][info] GC(66) User=0.01s Sys=0.00s Real=0.00s
[2024-10-12T10:22:33.339+0800][info] GC(67) Pause Young (Mixed) (G1 Preventive Collection)
[2024-10-12T10:22:33.339+0800][info] GC(67) Using 3 workers of 48 for evacuation
[2024-10-12T10:22:33.341+0800][info] GC(67) To-space exhausted
[2024-10-12T10:22:33.341+0800][info] GC(67)   Pre Evacuate Collection Set: 0.1ms
[2024-10-12T10:22:33.341+0800][info] GC(67)   Merge Heap Roots: 0.1ms
[2024-10-12T10:22:33.341+0800][info] GC(67)   Evacuate Collection Set: 1.1ms
[2024-10-12T10:22:33.341+0800][info] GC(67)   Post Evacuate Collection Set: 0.2ms
[2024-10-12T10:22:33.341+0800][info] GC(67)   Other: 0.2ms
[2024-10-12T10:22:33.341+0800][info] GC(67) Eden regions: 2->0(2)
[2024-10-12T10:22:33.341+0800][info] GC(67) Survivor regions: 1->1(1)
[2024-10-12T10:22:33.341+0800][info] GC(67) Old regions: 53->50
[2024-10-12T10:22:33.341+0800][info] GC(67) Archive regions: 2->2
[2024-10-12T10:22:33.341+0800][info] GC(67) Humongous regions: 2->2
[2024-10-12T10:22:33.341+0800][info] GC(67) Metaspace: 1612K(1728K)->1612K(1728K) NonClass: 1476K(1536K)->1476K(1536K) Class: 135K(192K)->135K(192K)
[2024-10-12T10:22:33.341+0800][info] GC(67) Pause Young (Mixed) (G1 Preventive Collection) 116M->107M(128M) 1.809ms
[2024-10-12T10:22:33.341+0800][info] GC(67) User=0.00s Sys=0.00s Real=0.00s
[2024-10-12T10:22:33.444+0800][info] GC(68) Pause Young (Mixed) (G1 Evacuation Pause)
[2024-10-12T10:22:33.444+0800][info] GC(68) Using 3 workers of 48 for evacuation
[2024-10-12T10:22:33.446+0800][info] GC(68)   Pre Evacuate Collection Set: 0.1ms
[2024-10-12T10:22:33.446+0800][info] GC(68)   Merge Heap Roots: 0.1ms
[2024-10-12T10:22:33.446+0800][info] GC(68)   Evacuate Collection Set: 1.6ms
[2024-10-12T10:22:33.446+0800][info] GC(68)   Post Evacuate Collection Set: 0.2ms
[2024-10-12T10:22:33.446+0800][info] GC(68)   Other: 0.1ms
[2024-10-12T10:22:33.446+0800][info] GC(68) Eden regions: 2->0(2)
[2024-10-12T10:22:33.446+0800][info] GC(68) Survivor regions: 1->1(1)
[2024-10-12T10:22:33.446+0800][info] GC(68) Old regions: 50->48
[2024-10-12T10:22:33.446+0800][info] GC(68) Archive regions: 2->2
[2024-10-12T10:22:33.446+0800][info] GC(68) Humongous regions: 2->2
[2024-10-12T10:22:33.446+0800][info] GC(68) Metaspace: 1612K(1728K)->1612K(1728K) NonClass: 1476K(1536K)->1476K(1536K) Class: 135K(192K)->135K(192K)
[2024-10-12T10:22:33.446+0800][info] GC(68) Pause Young (Mixed) (G1 Evacuation Pause) 111M->102M(128M) 2.187ms
[2024-10-12T10:22:33.446+0800][info] GC(68) User=0.00s Sys=0.00s Real=0.01s
[2024-10-12T10:22:33.548+0800][info] GC(69) Pause Young (Mixed) (G1 Evacuation Pause)
[2024-10-12T10:22:33.548+0800][info] GC(69) Using 3 workers of 48 for evacuation
[2024-10-12T10:22:33.550+0800][info] GC(69)   Pre Evacuate Collection Set: 0.1ms
[2024-10-12T10:22:33.550+0800][info] GC(69)   Merge Heap Roots: 0.1ms
[2024-10-12T10:22:33.550+0800][info] GC(69)   Evacuate Collection Set: 1.8ms
[2024-10-12T10:22:33.550+0800][info] GC(69)   Post Evacuate Collection Set: 0.2ms
[2024-10-12T10:22:33.550+0800][info] GC(69)   Other: 0.1ms
[2024-10-12T10:22:33.550+0800][info] GC(69) Eden regions: 2->0(2)
[2024-10-12T10:22:33.550+0800][info] GC(69) Survivor regions: 1->1(1)
[2024-10-12T10:22:33.550+0800][info] GC(69) Old regions: 48->47
[2024-10-12T10:22:33.550+0800][info] GC(69) Archive regions: 2->2
[2024-10-12T10:22:33.550+0800][info] GC(69) Humongous regions: 2->2
[2024-10-12T10:22:33.550+0800][info] GC(69) Metaspace: 1612K(1728K)->1612K(1728K) NonClass: 1476K(1536K)->1476K(1536K) Class: 135K(192K)->135K(192K)
[2024-10-12T10:22:33.550+0800][info] GC(69) Pause Young (Mixed) (G1 Evacuation Pause) 106M->101M(128M) 2.399ms
[2024-10-12T10:22:33.550+0800][info] GC(69) User=0.01s Sys=0.00s Real=0.00s
[2024-10-12T10:22:33.653+0800][info] GC(70) Pause Young (Mixed) (G1 Evacuation Pause)
[2024-10-12T10:22:33.653+0800][info] GC(70) Using 3 workers of 48 for evacuation
[2024-10-12T10:22:33.656+0800][info] GC(70)   Pre Evacuate Collection Set: 0.1ms
[2024-10-12T10:22:33.656+0800][info] GC(70)   Merge Heap Roots: 0.1ms
[2024-10-12T10:22:33.656+0800][info] GC(70)   Evacuate Collection Set: 2.3ms
[2024-10-12T10:22:33.656+0800][info] GC(70)   Post Evacuate Collection Set: 0.2ms
[2024-10-12T10:22:33.656+0800][info] GC(70)   Other: 0.1ms
[2024-10-12T10:22:33.656+0800][info] GC(70) Eden regions: 2->0(2)
[2024-10-12T10:22:33.656+0800][info] GC(70) Survivor regions: 1->1(1)
[2024-10-12T10:22:33.656+0800][info] GC(70) Old regions: 47->47
[2024-10-12T10:22:33.656+0800][info] GC(70) Archive regions: 2->2
[2024-10-12T10:22:33.656+0800][info] GC(70) Humongous regions: 3->3
[2024-10-12T10:22:33.656+0800][info] GC(70) Metaspace: 1612K(1728K)->1612K(1728K) NonClass: 1476K(1536K)->1476K(1536K) Class: 135K(192K)->135K(192K)
[2024-10-12T10:22:33.656+0800][info] GC(70) Pause Young (Mixed) (G1 Evacuation Pause) 106M->103M(128M) 2.907ms
[2024-10-12T10:22:33.656+0800][info] GC(70) User=0.01s Sys=0.00s Real=0.00s
[2024-10-12T10:22:33.758+0800][info] GC(71) Pause Young (Mixed) (G1 Evacuation Pause)
[2024-10-12T10:22:33.758+0800][info] GC(71) Using 3 workers of 48 for evacuation
[2024-10-12T10:22:33.760+0800][info] GC(71)   Pre Evacuate Collection Set: 0.1ms
[2024-10-12T10:22:33.760+0800][info] GC(71)   Merge Heap Roots: 0.0ms
[2024-10-12T10:22:33.760+0800][info] GC(71)   Evacuate Collection Set: 1.3ms
[2024-10-12T10:22:33.760+0800][info] GC(71)   Post Evacuate Collection Set: 0.2ms
[2024-10-12T10:22:33.760+0800][info] GC(71)   Other: 0.1ms
[2024-10-12T10:22:33.760+0800][info] GC(71) Eden regions: 2->0(2)
[2024-10-12T10:22:33.760+0800][info] GC(71) Survivor regions: 1->1(1)
[2024-10-12T10:22:33.760+0800][info] GC(71) Old regions: 47->48
[2024-10-12T10:22:33.760+0800][info] GC(71) Archive regions: 2->2
[2024-10-12T10:22:33.760+0800][info] GC(71) Humongous regions: 3->3
[2024-10-12T10:22:33.760+0800][info] GC(71) Metaspace: 1612K(1728K)->1612K(1728K) NonClass: 1476K(1536K)->1476K(1536K) Class: 135K(192K)->135K(192K)
[2024-10-12T10:22:33.760+0800][info] GC(71) Pause Young (Mixed) (G1 Evacuation Pause) 106M->105M(128M) 1.904ms
[2024-10-12T10:22:33.760+0800][info] GC(71) User=0.00s Sys=0.00s Real=0.00s
[2024-10-12T10:22:33.863+0800][info] GC(72) Pause Young (Normal) (G1 Evacuation Pause)
[2024-10-12T10:22:33.863+0800][info] GC(72) Using 3 workers of 48 for evacuation
[2024-10-12T10:22:33.864+0800][info] GC(72)   Pre Evacuate Collection Set: 0.1ms
[2024-10-12T10:22:33.864+0800][info] GC(72)   Merge Heap Roots: 0.0ms
[2024-10-12T10:22:33.864+0800][info] GC(72)   Evacuate Collection Set: 0.7ms
[2024-10-12T10:22:33.864+0800][info] GC(72)   Post Evacuate Collection Set: 0.2ms
[2024-10-12T10:22:33.864+0800][info] GC(72)   Other: 0.2ms
[2024-10-12T10:22:33.864+0800][info] GC(72) Eden regions: 2->0(2)
[2024-10-12T10:22:33.864+0800][info] GC(72) Survivor regions: 1->1(1)
[2024-10-12T10:22:33.864+0800][info] GC(72) Old regions: 48->50
[2024-10-12T10:22:33.864+0800][info] GC(72) Archive regions: 2->2
[2024-10-12T10:22:33.864+0800][info] GC(72) Humongous regions: 3->3
[2024-10-12T10:22:33.864+0800][info] GC(72) Metaspace: 1612K(1728K)->1612K(1728K) NonClass: 1476K(1536K)->1476K(1536K) Class: 135K(192K)->135K(192K)
[2024-10-12T10:22:33.864+0800][info] GC(72) Pause Young (Normal) (G1 Evacuation Pause) 108M->108M(128M) 1.224ms
[2024-10-12T10:22:33.864+0800][info] GC(72) User=0.00s Sys=0.00s Real=0.00s
[2024-10-12T10:22:33.966+0800][info] GC(73) Pause Young (Concurrent Start) (G1 Evacuation Pause)
[2024-10-12T10:22:33.966+0800][info] GC(73) Using 3 workers of 48 for evacuation
[2024-10-12T10:22:33.967+0800][info] GC(73)   Pre Evacuate Collection Set: 0.1ms
[2024-10-12T10:22:33.967+0800][info] GC(73)   Merge Heap Roots: 0.0ms
[2024-10-12T10:22:33.967+0800][info] GC(73)   Evacuate Collection Set: 0.7ms
[2024-10-12T10:22:33.967+0800][info] GC(73)   Post Evacuate Collection Set: 0.2ms
[2024-10-12T10:22:33.967+0800][info] GC(73)   Other: 0.3ms
[2024-10-12T10:22:33.968+0800][info] GC(73) Eden regions: 2->0(2)
[2024-10-12T10:22:33.968+0800][info] GC(73) Survivor regions: 1->1(1)
[2024-10-12T10:22:33.968+0800][info] GC(73) Old regions: 50->52
[2024-10-12T10:22:33.968+0800][info] GC(73) Archive regions: 2->2
[2024-10-12T10:22:33.968+0800][info] GC(73) Humongous regions: 3->3
[2024-10-12T10:22:33.968+0800][info] GC(73) Metaspace: 1612K(1728K)->1612K(1728K) NonClass: 1476K(1536K)->1476K(1536K) Class: 135K(192K)->135K(192K)
[2024-10-12T10:22:33.968+0800][info] GC(73) Pause Young (Concurrent Start) (G1 Evacuation Pause) 112M->112M(128M) 1.481ms
[2024-10-12T10:22:33.968+0800][info] GC(73) User=0.00s Sys=0.00s Real=0.00s
[2024-10-12T10:22:33.968+0800][info] GC(74) Concurrent Mark Cycle
[2024-10-12T10:22:33.968+0800][info] GC(74) Concurrent Clear Claimed Marks
[2024-10-12T10:22:33.968+0800][info] GC(74) Concurrent Clear Claimed Marks 0.018ms
[2024-10-12T10:22:33.968+0800][info] GC(74) Concurrent Scan Root Regions
[2024-10-12T10:22:33.968+0800][info] GC(74) Concurrent Scan Root Regions 0.163ms
[2024-10-12T10:22:33.968+0800][info] GC(74) Concurrent Mark
[2024-10-12T10:22:33.968+0800][info] GC(74) Concurrent Mark From Roots
[2024-10-12T10:22:33.968+0800][info] GC(74) Using 12 workers of 12 for marking
[2024-10-12T10:22:33.972+0800][info] GC(74) Concurrent Mark From Roots 3.524ms
[2024-10-12T10:22:33.972+0800][info] GC(74) Concurrent Preclean
[2024-10-12T10:22:33.973+0800][info] GC(74) Concurrent Preclean 1.682ms
[2024-10-12T10:22:33.973+0800][info] GC(74) Pause Remark
[2024-10-12T10:22:33.975+0800][info] GC(74) Pause Remark 112M->111M(128M) 1.422ms
[2024-10-12T10:22:33.975+0800][info] GC(74) User=0.00s Sys=0.01s Real=0.00s
[2024-10-12T10:22:33.975+0800][info] GC(74) Concurrent Mark 6.931ms
[2024-10-12T10:22:33.975+0800][info] GC(74) Concurrent Rebuild Remembered Sets
[2024-10-12T10:22:33.977+0800][info] GC(74) Concurrent Rebuild Remembered Sets 1.728ms
[2024-10-12T10:22:33.977+0800][info] GC(74) Pause Cleanup
[2024-10-12T10:22:33.977+0800][info] GC(74) Pause Cleanup 111M->111M(128M) 0.160ms
[2024-10-12T10:22:33.977+0800][info] GC(74) User=0.00s Sys=0.00s Real=0.00s
[2024-10-12T10:22:33.977+0800][info] GC(74) Concurrent Cleanup for Next Mark
[2024-10-12T10:22:33.977+0800][info] GC(74) Concurrent Cleanup for Next Mark 0.377ms
[2024-10-12T10:22:33.977+0800][info] GC(74) Concurrent Mark Cycle 9.643ms
[2024-10-12T10:22:34.122+0800][info] GC(75) Pause Young (Prepare Mixed) (G1 Evacuation Pause)
[2024-10-12T10:22:34.122+0800][info] GC(75) Using 3 workers of 48 for evacuation
[2024-10-12T10:22:34.123+0800][info] GC(75)   Pre Evacuate Collection Set: 0.1ms
[2024-10-12T10:22:34.124+0800][info] GC(75)   Merge Heap Roots: 0.0ms
[2024-10-12T10:22:34.124+0800][info] GC(75)   Evacuate Collection Set: 0.8ms
[2024-10-12T10:22:34.124+0800][info] GC(75)   Post Evacuate Collection Set: 0.2ms
[2024-10-12T10:22:34.124+0800][info] GC(75)   Other: 0.2ms
[2024-10-12T10:22:34.124+0800][info] GC(75) Eden regions: 2->0(2)
[2024-10-12T10:22:34.124+0800][info] GC(75) Survivor regions: 1->1(1)
[2024-10-12T10:22:34.124+0800][info] GC(75) Old regions: 51->53
[2024-10-12T10:22:34.124+0800][info] GC(75) Archive regions: 2->2
[2024-10-12T10:22:34.124+0800][info] GC(75) Humongous regions: 3->3
[2024-10-12T10:22:34.124+0800][info] GC(75) Metaspace: 1614K(1728K)->1614K(1728K) NonClass: 1478K(1536K)->1478K(1536K) Class: 135K(192K)->135K(192K)
[2024-10-12T10:22:34.124+0800][info] GC(75) Pause Young (Prepare Mixed) (G1 Evacuation Pause) 114M->114M(128M) 1.419ms
[2024-10-12T10:22:34.124+0800][info] GC(75) User=0.01s Sys=0.00s Real=0.00s
[2024-10-12T10:22:34.185+0800][info] GC(76) Pause Young (Mixed) (G1 Preventive Collection)
[2024-10-12T10:22:34.185+0800][info] GC(76) Using 3 workers of 48 for evacuation
[2024-10-12T10:22:34.187+0800][info] GC(76)   Pre Evacuate Collection Set: 0.2ms
[2024-10-12T10:22:34.187+0800][info] GC(76)   Merge Heap Roots: 0.1ms
[2024-10-12T10:22:34.187+0800][info] GC(76)   Evacuate Collection Set: 1.1ms
[2024-10-12T10:22:34.187+0800][info] GC(76)   Post Evacuate Collection Set: 0.2ms
[2024-10-12T10:22:34.187+0800][info] GC(76)   Other: 0.2ms
[2024-10-12T10:22:34.187+0800][info] GC(76) Eden regions: 1->0(2)
[2024-10-12T10:22:34.187+0800][info] GC(76) Survivor regions: 1->1(1)
[2024-10-12T10:22:34.187+0800][info] GC(76) Old regions: 53->48
[2024-10-12T10:22:34.187+0800][info] GC(76) Archive regions: 2->2
[2024-10-12T10:22:34.187+0800][info] GC(76) Humongous regions: 3->3
[2024-10-12T10:22:34.187+0800][info] GC(76) Metaspace: 1614K(1728K)->1614K(1728K) NonClass: 1478K(1536K)->1478K(1536K) Class: 135K(192K)->135K(192K)
[2024-10-12T10:22:34.187+0800][info] GC(76) Pause Young (Mixed) (G1 Preventive Collection) 116M->105M(128M) 1.906ms
[2024-10-12T10:22:34.187+0800][info] GC(76) User=0.00s Sys=0.00s Real=0.01s
[2024-10-12T10:22:34.289+0800][info] GC(77) Pause Young (Mixed) (G1 Evacuation Pause)
[2024-10-12T10:22:34.289+0800][info] GC(77) Using 3 workers of 48 for evacuation
[2024-10-12T10:22:34.291+0800][info] GC(77)   Pre Evacuate Collection Set: 0.1ms
[2024-10-12T10:22:34.291+0800][info] GC(77)   Merge Heap Roots: 0.1ms
[2024-10-12T10:22:34.291+0800][info] GC(77)   Evacuate Collection Set: 1.8ms
[2024-10-12T10:22:34.291+0800][info] GC(77)   Post Evacuate Collection Set: 0.2ms
[2024-10-12T10:22:34.291+0800][info] GC(77)   Other: 0.1ms
[2024-10-12T10:22:34.291+0800][info] GC(77) Eden regions: 2->0(2)
[2024-10-12T10:22:34.291+0800][info] GC(77) Survivor regions: 1->1(1)
[2024-10-12T10:22:34.291+0800][info] GC(77) Old regions: 48->47
[2024-10-12T10:22:34.291+0800][info] GC(77) Archive regions: 2->2
[2024-10-12T10:22:34.291+0800][info] GC(77) Humongous regions: 3->3
[2024-10-12T10:22:34.291+0800][info] GC(77) Metaspace: 1614K(1728K)->1614K(1728K) NonClass: 1478K(1536K)->1478K(1536K) Class: 135K(192K)->135K(192K)
[2024-10-12T10:22:34.291+0800][info] GC(77) Pause Young (Mixed) (G1 Evacuation Pause) 109M->102M(128M) 2.413ms
[2024-10-12T10:22:34.291+0800][info] GC(77) User=0.00s Sys=0.00s Real=0.00s
[2024-10-12T10:22:34.394+0800][info] GC(78) Pause Young (Mixed) (G1 Evacuation Pause)
[2024-10-12T10:22:34.394+0800][info] GC(78) Using 3 workers of 48 for evacuation
[2024-10-12T10:22:34.397+0800][info] GC(78)   Pre Evacuate Collection Set: 0.1ms
[2024-10-12T10:22:34.397+0800][info] GC(78)   Merge Heap Roots: 0.1ms
[2024-10-12T10:22:34.397+0800][info] GC(78)   Evacuate Collection Set: 2.0ms
[2024-10-12T10:22:34.397+0800][info] GC(78)   Post Evacuate Collection Set: 0.2ms
[2024-10-12T10:22:34.397+0800][info] GC(78)   Other: 0.1ms
[2024-10-12T10:22:34.397+0800][info] GC(78) Eden regions: 2->0(2)
[2024-10-12T10:22:34.397+0800][info] GC(78) Survivor regions: 1->1(1)
[2024-10-12T10:22:34.397+0800][info] GC(78) Old regions: 47->45
[2024-10-12T10:22:34.397+0800][info] GC(78) Archive regions: 2->2
[2024-10-12T10:22:34.397+0800][info] GC(78) Humongous regions: 3->3
[2024-10-12T10:22:34.397+0800][info] GC(78) Metaspace: 1614K(1728K)->1614K(1728K) NonClass: 1478K(1536K)->1478K(1536K) Class: 135K(192K)->135K(192K)
[2024-10-12T10:22:34.397+0800][info] GC(78) Pause Young (Mixed) (G1 Evacuation Pause) 105M->99M(128M) 2.665ms
[2024-10-12T10:22:34.397+0800][info] GC(78) User=0.01s Sys=0.00s Real=0.00s
[2024-10-12T10:22:34.499+0800][info] GC(79) Pause Young (Mixed) (G1 Evacuation Pause)
[2024-10-12T10:22:34.499+0800][info] GC(79) Using 3 workers of 48 for evacuation
[2024-10-12T10:22:34.501+0800][info] GC(79)   Pre Evacuate Collection Set: 0.1ms
[2024-10-12T10:22:34.501+0800][info] GC(79)   Merge Heap Roots: 0.1ms
[2024-10-12T10:22:34.501+0800][info] GC(79)   Evacuate Collection Set: 1.6ms
[2024-10-12T10:22:34.501+0800][info] GC(79)   Post Evacuate Collection Set: 0.2ms
[2024-10-12T10:22:34.501+0800][info] GC(79)   Other: 0.1ms
[2024-10-12T10:22:34.501+0800][info] GC(79) Eden regions: 2->0(2)
[2024-10-12T10:22:34.501+0800][info] GC(79) Survivor regions: 1->1(1)
[2024-10-12T10:22:34.501+0800][info] GC(79) Old regions: 45->44
[2024-10-12T10:22:34.501+0800][info] GC(79) Archive regions: 2->2
[2024-10-12T10:22:34.501+0800][info] GC(79) Humongous regions: 3->3
[2024-10-12T10:22:34.501+0800][info] GC(79) Metaspace: 1614K(1728K)->1614K(1728K) NonClass: 1478K(1536K)->1478K(1536K) Class: 135K(192K)->135K(192K)
[2024-10-12T10:22:34.501+0800][info] GC(79) Pause Young (Mixed) (G1 Evacuation Pause) 102M->97M(128M) 2.265ms
[2024-10-12T10:22:34.501+0800][info] GC(79) User=0.00s Sys=0.00s Real=0.00s
[2024-10-12T10:22:34.604+0800][info] GC(80) Pause Young (Normal) (G1 Evacuation Pause)
[2024-10-12T10:22:34.604+0800][info] GC(80) Using 3 workers of 48 for evacuation
[2024-10-12T10:22:34.605+0800][info] GC(80)   Pre Evacuate Collection Set: 0.1ms
[2024-10-12T10:22:34.605+0800][info] GC(80)   Merge Heap Roots: 0.0ms
[2024-10-12T10:22:34.605+0800][info] GC(80)   Evacuate Collection Set: 0.7ms
[2024-10-12T10:22:34.605+0800][info] GC(80)   Post Evacuate Collection Set: 0.2ms
[2024-10-12T10:22:34.605+0800][info] GC(80)   Other: 0.2ms
[2024-10-12T10:22:34.605+0800][info] GC(80) Eden regions: 2->0(2)
[2024-10-12T10:22:34.605+0800][info] GC(80) Survivor regions: 1->1(1)
[2024-10-12T10:22:34.605+0800][info] GC(80) Old regions: 44->46
[2024-10-12T10:22:34.605+0800][info] GC(80) Archive regions: 2->2
[2024-10-12T10:22:34.605+0800][info] GC(80) Humongous regions: 3->3
[2024-10-12T10:22:34.605+0800][info] GC(80) Metaspace: 1617K(1728K)->1617K(1728K) NonClass: 1481K(1536K)->1481K(1536K) Class: 135K(192K)->135K(192K)
[2024-10-12T10:22:34.605+0800][info] GC(80) Pause Young (Normal) (G1 Evacuation Pause) 100M->101M(128M) 1.290ms
[2024-10-12T10:22:34.605+0800][info] GC(80) User=0.01s Sys=0.01s Real=0.00s
[2024-10-12T10:22:34.707+0800][info] GC(81) Pause Young (Normal) (G1 Evacuation Pause)
[2024-10-12T10:22:34.707+0800][info] GC(81) Using 3 workers of 48 for evacuation
[2024-10-12T10:22:34.708+0800][info] GC(81)   Pre Evacuate Collection Set: 0.1ms
[2024-10-12T10:22:34.708+0800][info] GC(81)   Merge Heap Roots: 0.0ms
[2024-10-12T10:22:34.708+0800][info] GC(81)   Evacuate Collection Set: 0.7ms
[2024-10-12T10:22:34.708+0800][info] GC(81)   Post Evacuate Collection Set: 0.2ms
[2024-10-12T10:22:34.708+0800][info] GC(81)   Other: 0.2ms
[2024-10-12T10:22:34.708+0800][info] GC(81) Eden regions: 2->0(2)
[2024-10-12T10:22:34.708+0800][info] GC(81) Survivor regions: 1->1(1)
[2024-10-12T10:22:34.708+0800][info] GC(81) Old regions: 46->48
[2024-10-12T10:22:34.708+0800][info] GC(81) Archive regions: 2->2
[2024-10-12T10:22:34.708+0800][info] GC(81) Humongous regions: 3->3
[2024-10-12T10:22:34.708+0800][info] GC(81) Metaspace: 1617K(1728K)->1617K(1728K) NonClass: 1481K(1536K)->1481K(1536K) Class: 135K(192K)->135K(192K)
[2024-10-12T10:22:34.708+0800][info] GC(81) Pause Young (Normal) (G1 Evacuation Pause) 104M->104M(128M) 1.371ms
[2024-10-12T10:22:34.708+0800][info] GC(81) User=0.00s Sys=0.00s Real=0.00s
[2024-10-12T10:22:34.811+0800][info] GC(82) Pause Young (Concurrent Start) (G1 Evacuation Pause)
[2024-10-12T10:22:34.811+0800][info] GC(82) Using 3 workers of 48 for evacuation
[2024-10-12T10:22:34.813+0800][info] GC(82)   Pre Evacuate Collection Set: 0.1ms
[2024-10-12T10:22:34.813+0800][info] GC(82)   Merge Heap Roots: 0.0ms
[2024-10-12T10:22:34.813+0800][info] GC(82)   Evacuate Collection Set: 0.9ms
[2024-10-12T10:22:34.813+0800][info] GC(82)   Post Evacuate Collection Set: 0.2ms
[2024-10-12T10:22:34.813+0800][info] GC(82)   Other: 0.3ms
[2024-10-12T10:22:34.813+0800][info] GC(82) Eden regions: 2->0(2)
[2024-10-12T10:22:34.813+0800][info] GC(82) Survivor regions: 1->1(1)
[2024-10-12T10:22:34.813+0800][info] GC(82) Old regions: 48->50
[2024-10-12T10:22:34.813+0800][info] GC(82) Archive regions: 2->2
[2024-10-12T10:22:34.813+0800][info] GC(82) Humongous regions: 3->3
[2024-10-12T10:22:34.813+0800][info] GC(82) Metaspace: 1617K(1728K)->1617K(1728K) NonClass: 1481K(1536K)->1481K(1536K) Class: 135K(192K)->135K(192K)
[2024-10-12T10:22:34.813+0800][info] GC(82) Pause Young (Concurrent Start) (G1 Evacuation Pause) 108M->108M(128M) 1.641ms
[2024-10-12T10:22:34.813+0800][info] GC(82) User=0.00s Sys=0.00s Real=0.00s
[2024-10-12T10:22:34.813+0800][info] GC(83) Concurrent Mark Cycle
[2024-10-12T10:22:34.813+0800][info] GC(83) Concurrent Clear Claimed Marks
[2024-10-12T10:22:34.813+0800][info] GC(83) Concurrent Clear Claimed Marks 0.042ms
[2024-10-12T10:22:34.813+0800][info] GC(83) Concurrent Scan Root Regions
[2024-10-12T10:22:34.813+0800][info] GC(83) Concurrent Scan Root Regions 0.151ms
[2024-10-12T10:22:34.813+0800][info] GC(83) Concurrent Mark
[2024-10-12T10:22:34.813+0800][info] GC(83) Concurrent Mark From Roots
[2024-10-12T10:22:34.813+0800][info] GC(83) Using 12 workers of 12 for marking
[2024-10-12T10:22:34.817+0800][info] GC(83) Concurrent Mark From Roots 3.401ms
[2024-10-12T10:22:34.817+0800][info] GC(83) Concurrent Preclean
[2024-10-12T10:22:34.818+0800][info] GC(83) Concurrent Preclean 1.692ms
[2024-10-12T10:22:34.819+0800][info] GC(83) Pause Remark
[2024-10-12T10:22:34.820+0800][info] GC(83) Pause Remark 109M->109M(128M) 1.417ms
[2024-10-12T10:22:34.820+0800][info] GC(83) User=0.01s Sys=0.00s Real=0.00s
[2024-10-12T10:22:34.820+0800][info] GC(83) Concurrent Mark 6.829ms
[2024-10-12T10:22:34.820+0800][info] GC(83) Concurrent Rebuild Remembered Sets
[2024-10-12T10:22:34.822+0800][info] GC(83) Concurrent Rebuild Remembered Sets 1.809ms
[2024-10-12T10:22:34.822+0800][info] GC(83) Pause Cleanup
[2024-10-12T10:22:34.822+0800][info] GC(83) Pause Cleanup 109M->109M(128M) 0.193ms
[2024-10-12T10:22:34.822+0800][info] GC(83) User=0.00s Sys=0.00s Real=0.00s
[2024-10-12T10:22:34.822+0800][info] GC(83) Concurrent Cleanup for Next Mark
[2024-10-12T10:22:34.823+0800][info] GC(83) Concurrent Cleanup for Next Mark 0.393ms
[2024-10-12T10:22:34.823+0800][info] GC(83) Concurrent Mark Cycle 9.764ms
[2024-10-12T10:22:34.966+0800][info] GC(84) Pause Young (Prepare Mixed) (G1 Evacuation Pause)
[2024-10-12T10:22:34.966+0800][info] GC(84) Using 3 workers of 48 for evacuation
[2024-10-12T10:22:34.968+0800][info] GC(84)   Pre Evacuate Collection Set: 0.1ms
[2024-10-12T10:22:34.968+0800][info] GC(84)   Merge Heap Roots: 0.1ms
[2024-10-12T10:22:34.968+0800][info] GC(84)   Evacuate Collection Set: 0.7ms
[2024-10-12T10:22:34.968+0800][info] GC(84)   Post Evacuate Collection Set: 0.2ms
[2024-10-12T10:22:34.968+0800][info] GC(84)   Other: 0.2ms
[2024-10-12T10:22:34.968+0800][info] GC(84) Eden regions: 2->0(2)
[2024-10-12T10:22:34.968+0800][info] GC(84) Survivor regions: 1->1(1)
[2024-10-12T10:22:34.968+0800][info] GC(84) Old regions: 50->52
[2024-10-12T10:22:34.968+0800][info] GC(84) Archive regions: 2->2
[2024-10-12T10:22:34.968+0800][info] GC(84) Humongous regions: 3->3
[2024-10-12T10:22:34.968+0800][info] GC(84) Metaspace: 1617K(1728K)->1617K(1728K) NonClass: 1481K(1536K)->1481K(1536K) Class: 135K(192K)->135K(192K)
[2024-10-12T10:22:34.968+0800][info] GC(84) Pause Young (Prepare Mixed) (G1 Evacuation Pause) 112M->112M(128M) 1.361ms
[2024-10-12T10:22:34.968+0800][info] GC(84) User=0.01s Sys=0.00s Real=0.00s
[2024-10-12T10:22:35.070+0800][info] GC(85) Pause Young (Mixed) (G1 Preventive Collection)
[2024-10-12T10:22:35.070+0800][info] GC(85) Using 3 workers of 48 for evacuation
[2024-10-12T10:22:35.072+0800][info] GC(85) To-space exhausted
[2024-10-12T10:22:35.072+0800][info] GC(85)   Pre Evacuate Collection Set: 0.1ms
[2024-10-12T10:22:35.072+0800][info] GC(85)   Merge Heap Roots: 0.0ms
[2024-10-12T10:22:35.072+0800][info] GC(85)   Evacuate Collection Set: 1.2ms
[2024-10-12T10:22:35.072+0800][info] GC(85)   Post Evacuate Collection Set: 0.2ms
[2024-10-12T10:22:35.072+0800][info] GC(85)   Other: 0.2ms
[2024-10-12T10:22:35.072+0800][info] GC(85) Eden regions: 2->0(2)
[2024-10-12T10:22:35.072+0800][info] GC(85) Survivor regions: 1->1(1)
[2024-10-12T10:22:35.072+0800][info] GC(85) Old regions: 52->49
[2024-10-12T10:22:35.072+0800][info] GC(85) Archive regions: 2->2
[2024-10-12T10:22:35.072+0800][info] GC(85) Humongous regions: 3->3
[2024-10-12T10:22:35.072+0800][info] GC(85) Metaspace: 1617K(1728K)->1617K(1728K) NonClass: 1481K(1536K)->1481K(1536K) Class: 135K(192K)->135K(192K)
[2024-10-12T10:22:35.072+0800][info] GC(85) Pause Young (Mixed) (G1 Preventive Collection) 116M->107M(128M) 1.882ms
[2024-10-12T10:22:35.072+0800][info] GC(85) User=0.01s Sys=0.00s Real=0.00s
[2024-10-12T10:22:35.174+0800][info] GC(86) Pause Young (Mixed) (G1 Evacuation Pause)
[2024-10-12T10:22:35.174+0800][info] GC(86) Using 3 workers of 48 for evacuation
[2024-10-12T10:22:35.176+0800][info] GC(86)   Pre Evacuate Collection Set: 0.1ms
[2024-10-12T10:22:35.176+0800][info] GC(86)   Merge Heap Roots: 0.0ms
[2024-10-12T10:22:35.176+0800][info] GC(86)   Evacuate Collection Set: 1.6ms
[2024-10-12T10:22:35.176+0800][info] GC(86)   Post Evacuate Collection Set: 0.2ms
[2024-10-12T10:22:35.176+0800][info] GC(86)   Other: 0.1ms
[2024-10-12T10:22:35.176+0800][info] GC(86) Eden regions: 2->0(2)
[2024-10-12T10:22:35.176+0800][info] GC(86) Survivor regions: 1->1(1)
[2024-10-12T10:22:35.176+0800][info] GC(86) Old regions: 49->48
[2024-10-12T10:22:35.176+0800][info] GC(86) Archive regions: 2->2
[2024-10-12T10:22:35.176+0800][info] GC(86) Humongous regions: 3->3
[2024-10-12T10:22:35.176+0800][info] GC(86) Metaspace: 1617K(1728K)->1617K(1728K) NonClass: 1481K(1536K)->1481K(1536K) Class: 135K(192K)->135K(192K)
[2024-10-12T10:22:35.176+0800][info] GC(86) Pause Young (Mixed) (G1 Evacuation Pause) 111M->103M(128M) 2.210ms
[2024-10-12T10:22:35.176+0800][info] GC(86) User=0.00s Sys=0.00s Real=0.00s
[2024-10-12T10:22:35.279+0800][info] GC(87) Pause Young (Mixed) (G1 Evacuation Pause)
[2024-10-12T10:22:35.279+0800][info] GC(87) Using 3 workers of 48 for evacuation
[2024-10-12T10:22:35.281+0800][info] GC(87)   Pre Evacuate Collection Set: 0.1ms
[2024-10-12T10:22:35.281+0800][info] GC(87)   Merge Heap Roots: 0.1ms
[2024-10-12T10:22:35.281+0800][info] GC(87)   Evacuate Collection Set: 1.8ms
[2024-10-12T10:22:35.281+0800][info] GC(87)   Post Evacuate Collection Set: 0.2ms
[2024-10-12T10:22:35.281+0800][info] GC(87)   Other: 0.1ms
[2024-10-12T10:22:35.282+0800][info] GC(87) Eden regions: 2->0(2)
[2024-10-12T10:22:35.282+0800][info] GC(87) Survivor regions: 1->1(1)
[2024-10-12T10:22:35.282+0800][info] GC(87) Old regions: 48->47
[2024-10-12T10:22:35.282+0800][info] GC(87) Archive regions: 2->2
[2024-10-12T10:22:35.282+0800][info] GC(87) Humongous regions: 3->3
[2024-10-12T10:22:35.282+0800][info] GC(87) Metaspace: 1617K(1728K)->1617K(1728K) NonClass: 1481K(1536K)->1481K(1536K) Class: 135K(192K)->135K(192K)
[2024-10-12T10:22:35.282+0800][info] GC(87) Pause Young (Mixed) (G1 Evacuation Pause) 107M->101M(128M) 2.406ms
[2024-10-12T10:22:35.282+0800][info] GC(87) User=0.00s Sys=0.00s Real=0.00s
[2024-10-12T10:22:35.384+0800][info] GC(88) Pause Young (Mixed) (G1 Evacuation Pause)
[2024-10-12T10:22:35.384+0800][info] GC(88) Using 3 workers of 48 for evacuation
[2024-10-12T10:22:35.386+0800][info] GC(88)   Pre Evacuate Collection Set: 0.1ms
[2024-10-12T10:22:35.386+0800][info] GC(88)   Merge Heap Roots: 0.1ms
[2024-10-12T10:22:35.386+0800][info] GC(88)   Evacuate Collection Set: 1.7ms
[2024-10-12T10:22:35.386+0800][info] GC(88)   Post Evacuate Collection Set: 0.2ms
[2024-10-12T10:22:35.386+0800][info] GC(88)   Other: 0.1ms
[2024-10-12T10:22:35.386+0800][info] GC(88) Eden regions: 2->0(2)
[2024-10-12T10:22:35.386+0800][info] GC(88) Survivor regions: 1->1(1)
[2024-10-12T10:22:35.386+0800][info] GC(88) Old regions: 47->46
[2024-10-12T10:22:35.386+0800][info] GC(88) Archive regions: 2->2
[2024-10-12T10:22:35.386+0800][info] GC(88) Humongous regions: 3->3
[2024-10-12T10:22:35.386+0800][info] GC(88) Metaspace: 1618K(1728K)->1618K(1728K) NonClass: 1482K(1536K)->1482K(1536K) Class: 135K(192K)->135K(192K)
[2024-10-12T10:22:35.386+0800][info] GC(88) Pause Young (Mixed) (G1 Evacuation Pause) 105M->101M(128M) 2.321ms
[2024-10-12T10:22:35.386+0800][info] GC(88) User=0.01s Sys=0.00s Real=0.01s
[2024-10-12T10:22:35.489+0800][info] GC(89) Pause Young (Normal) (G1 Evacuation Pause)
[2024-10-12T10:22:35.489+0800][info] GC(89) Using 3 workers of 48 for evacuation
[2024-10-12T10:22:35.490+0800][info] GC(89)   Pre Evacuate Collection Set: 0.1ms
[2024-10-12T10:22:35.490+0800][info] GC(89)   Merge Heap Roots: 0.0ms
[2024-10-12T10:22:35.490+0800][info] GC(89)   Evacuate Collection Set: 0.7ms
[2024-10-12T10:22:35.490+0800][info] GC(89)   Post Evacuate Collection Set: 0.2ms
[2024-10-12T10:22:35.490+0800][info] GC(89)   Other: 0.2ms
[2024-10-12T10:22:35.490+0800][info] GC(89) Eden regions: 2->0(2)
[2024-10-12T10:22:35.490+0800][info] GC(89) Survivor regions: 1->1(1)
[2024-10-12T10:22:35.490+0800][info] GC(89) Old regions: 46->48
[2024-10-12T10:22:35.490+0800][info] GC(89) Archive regions: 2->2
[2024-10-12T10:22:35.490+0800][info] GC(89) Humongous regions: 3->3
[2024-10-12T10:22:35.490+0800][info] GC(89) Metaspace: 1618K(1728K)->1618K(1728K) NonClass: 1482K(1536K)->1482K(1536K) Class: 135K(192K)->135K(192K)
[2024-10-12T10:22:35.490+0800][info] GC(89) Pause Young (Normal) (G1 Evacuation Pause) 104M->105M(128M) 1.332ms
[2024-10-12T10:22:35.490+0800][info] GC(89) User=0.00s Sys=0.00s Real=0.00s
[2024-10-12T10:22:35.592+0800][info] GC(90) Pause Young (Normal) (G1 Evacuation Pause)
[2024-10-12T10:22:35.592+0800][info] GC(90) Using 3 workers of 48 for evacuation
[2024-10-12T10:22:35.593+0800][info] GC(90)   Pre Evacuate Collection Set: 0.1ms
[2024-10-12T10:22:35.593+0800][info] GC(90)   Merge Heap Roots: 0.0ms
[2024-10-12T10:22:35.593+0800][info] GC(90)   Evacuate Collection Set: 0.7ms
[2024-10-12T10:22:35.593+0800][info] GC(90)   Post Evacuate Collection Set: 0.2ms
[2024-10-12T10:22:35.593+0800][info] GC(90)   Other: 0.2ms
[2024-10-12T10:22:35.593+0800][info] GC(90) Eden regions: 2->0(2)
[2024-10-12T10:22:35.593+0800][info] GC(90) Survivor regions: 1->1(1)
[2024-10-12T10:22:35.593+0800][info] GC(90) Old regions: 48->50
[2024-10-12T10:22:35.593+0800][info] GC(90) Archive regions: 2->2
[2024-10-12T10:22:35.593+0800][info] GC(90) Humongous regions: 3->3
[2024-10-12T10:22:35.593+0800][info] GC(90) Metaspace: 1618K(1728K)->1618K(1728K) NonClass: 1482K(1536K)->1482K(1536K) Class: 135K(192K)->135K(192K)
[2024-10-12T10:22:35.593+0800][info] GC(90) Pause Young (Normal) (G1 Evacuation Pause) 108M->108M(128M) 1.350ms
[2024-10-12T10:22:35.593+0800][info] GC(90) User=0.00s Sys=0.00s Real=0.01s
[2024-10-12T10:22:35.696+0800][info] GC(91) Pause Young (Concurrent Start) (G1 Evacuation Pause)
[2024-10-12T10:22:35.696+0800][info] GC(91) Using 3 workers of 48 for evacuation
[2024-10-12T10:22:35.697+0800][info] GC(91)   Pre Evacuate Collection Set: 0.1ms
[2024-10-12T10:22:35.697+0800][info] GC(91)   Merge Heap Roots: 0.0ms
[2024-10-12T10:22:35.697+0800][info] GC(91)   Evacuate Collection Set: 0.8ms
[2024-10-12T10:22:35.697+0800][info] GC(91)   Post Evacuate Collection Set: 0.2ms
[2024-10-12T10:22:35.697+0800][info] GC(91)   Other: 0.3ms
[2024-10-12T10:22:35.697+0800][info] GC(91) Eden regions: 2->0(2)
[2024-10-12T10:22:35.697+0800][info] GC(91) Survivor regions: 1->1(1)
[2024-10-12T10:22:35.697+0800][info] GC(91) Old regions: 50->52
[2024-10-12T10:22:35.697+0800][info] GC(91) Archive regions: 2->2
[2024-10-12T10:22:35.697+0800][info] GC(91) Humongous regions: 3->3
[2024-10-12T10:22:35.697+0800][info] GC(91) Metaspace: 1618K(1728K)->1618K(1728K) NonClass: 1482K(1536K)->1482K(1536K) Class: 135K(192K)->135K(192K)
[2024-10-12T10:22:35.697+0800][info] GC(91) Pause Young (Concurrent Start) (G1 Evacuation Pause) 112M->112M(128M) 1.588ms
[2024-10-12T10:22:35.697+0800][info] GC(91) User=0.00s Sys=0.00s Real=0.00s
[2024-10-12T10:22:35.698+0800][info] GC(92) Concurrent Mark Cycle
[2024-10-12T10:22:35.698+0800][info] GC(92) Concurrent Clear Claimed Marks
[2024-10-12T10:22:35.698+0800][info] GC(92) Concurrent Clear Claimed Marks 0.019ms
[2024-10-12T10:22:35.698+0800][info] GC(92) Concurrent Scan Root Regions
[2024-10-12T10:22:35.698+0800][info] GC(92) Concurrent Scan Root Regions 0.167ms
[2024-10-12T10:22:35.698+0800][info] GC(92) Concurrent Mark
[2024-10-12T10:22:35.698+0800][info] GC(92) Concurrent Mark From Roots
[2024-10-12T10:22:35.698+0800][info] GC(92) Using 12 workers of 12 for marking
[2024-10-12T10:22:35.701+0800][info] GC(92) Concurrent Mark From Roots 3.475ms
[2024-10-12T10:22:35.701+0800][info] GC(92) Concurrent Preclean
[2024-10-12T10:22:35.703+0800][info] GC(92) Concurrent Preclean 1.660ms
[2024-10-12T10:22:35.703+0800][info] GC(92) Pause Remark
[2024-10-12T10:22:35.705+0800][info] GC(92) Pause Remark 112M->109M(128M) 1.301ms
[2024-10-12T10:22:35.705+0800][info] GC(92) User=0.00s Sys=0.00s Real=0.00s
[2024-10-12T10:22:35.705+0800][info] GC(92) Concurrent Mark 6.934ms
[2024-10-12T10:22:35.705+0800][info] GC(92) Concurrent Rebuild Remembered Sets
[2024-10-12T10:22:35.707+0800][info] GC(92) Concurrent Rebuild Remembered Sets 1.717ms
[2024-10-12T10:22:35.707+0800][info] GC(92) Pause Cleanup
[2024-10-12T10:22:35.707+0800][info] GC(92) Pause Cleanup 109M->109M(128M) 0.192ms
[2024-10-12T10:22:35.707+0800][info] GC(92) User=0.00s Sys=0.00s Real=0.00s
[2024-10-12T10:22:35.707+0800][info] GC(92) Concurrent Cleanup for Next Mark
[2024-10-12T10:22:35.707+0800][info] GC(92) Concurrent Cleanup for Next Mark 0.326ms
[2024-10-12T10:22:35.707+0800][info] GC(92) Concurrent Mark Cycle 9.696ms
[2024-10-12T10:22:35.851+0800][info] GC(93) Pause Young (Prepare Mixed) (G1 Evacuation Pause)
[2024-10-12T10:22:35.851+0800][info] GC(93) Using 3 workers of 48 for evacuation
[2024-10-12T10:22:35.852+0800][info] GC(93)   Pre Evacuate Collection Set: 0.1ms
[2024-10-12T10:22:35.852+0800][info] GC(93)   Merge Heap Roots: 0.1ms
[2024-10-12T10:22:35.852+0800][info] GC(93)   Evacuate Collection Set: 0.8ms
[2024-10-12T10:22:35.852+0800][info] GC(93)   Post Evacuate Collection Set: 0.2ms
[2024-10-12T10:22:35.852+0800][info] GC(93)   Other: 0.2ms
[2024-10-12T10:22:35.852+0800][info] GC(93) Eden regions: 2->0(2)
[2024-10-12T10:22:35.852+0800][info] GC(93) Survivor regions: 1->1(1)
[2024-10-12T10:22:35.853+0800][info] GC(93) Old regions: 50->52
[2024-10-12T10:22:35.853+0800][info] GC(93) Archive regions: 2->2
[2024-10-12T10:22:35.853+0800][info] GC(93) Humongous regions: 3->3
[2024-10-12T10:22:35.853+0800][info] GC(93) Metaspace: 1618K(1728K)->1618K(1728K) NonClass: 1482K(1536K)->1482K(1536K) Class: 135K(192K)->135K(192K)
[2024-10-12T10:22:35.853+0800][info] GC(93) Pause Young (Prepare Mixed) (G1 Evacuation Pause) 112M->112M(128M) 1.391ms
[2024-10-12T10:22:35.853+0800][info] GC(93) User=0.00s Sys=0.00s Real=0.00s
[2024-10-12T10:22:35.915+0800][info] GC(94) Pause Young (Mixed) (G1 Preventive Collection)
[2024-10-12T10:22:35.915+0800][info] GC(94) Using 3 workers of 48 for evacuation
[2024-10-12T10:22:35.917+0800][info] GC(94)   Pre Evacuate Collection Set: 0.1ms
[2024-10-12T10:22:35.917+0800][info] GC(94)   Merge Heap Roots: 0.1ms
[2024-10-12T10:22:35.917+0800][info] GC(94)   Evacuate Collection Set: 1.1ms
[2024-10-12T10:22:35.917+0800][info] GC(94)   Post Evacuate Collection Set: 0.2ms
[2024-10-12T10:22:35.917+0800][info] GC(94)   Other: 0.2ms
[2024-10-12T10:22:35.917+0800][info] GC(94) Eden regions: 1->0(2)
[2024-10-12T10:22:35.917+0800][info] GC(94) Survivor regions: 1->1(1)
[2024-10-12T10:22:35.917+0800][info] GC(94) Old regions: 52->48
[2024-10-12T10:22:35.917+0800][info] GC(94) Archive regions: 2->2
[2024-10-12T10:22:35.917+0800][info] GC(94) Humongous regions: 4->3
[2024-10-12T10:22:35.917+0800][info] GC(94) Metaspace: 1619K(1728K)->1619K(1728K) NonClass: 1483K(1536K)->1483K(1536K) Class: 135K(192K)->135K(192K)
[2024-10-12T10:22:35.917+0800][info] GC(94) Pause Young (Mixed) (G1 Preventive Collection) 116M->104M(128M) 1.732ms
[2024-10-12T10:22:35.917+0800][info] GC(94) User=0.00s Sys=0.01s Real=0.00s
[2024-10-12T10:22:36.019+0800][info] GC(95) Pause Young (Mixed) (G1 Evacuation Pause)
[2024-10-12T10:22:36.019+0800][info] GC(95) Using 3 workers of 48 for evacuation
[2024-10-12T10:22:36.021+0800][info] GC(95)   Pre Evacuate Collection Set: 0.1ms
[2024-10-12T10:22:36.021+0800][info] GC(95)   Merge Heap Roots: 0.1ms
[2024-10-12T10:22:36.021+0800][info] GC(95)   Evacuate Collection Set: 1.5ms
[2024-10-12T10:22:36.021+0800][info] GC(95)   Post Evacuate Collection Set: 0.2ms
[2024-10-12T10:22:36.021+0800][info] GC(95)   Other: 0.1ms
[2024-10-12T10:22:36.021+0800][info] GC(95) Eden regions: 2->0(2)
[2024-10-12T10:22:36.021+0800][info] GC(95) Survivor regions: 1->1(1)
[2024-10-12T10:22:36.021+0800][info] GC(95) Old regions: 48->46
[2024-10-12T10:22:36.021+0800][info] GC(95) Archive regions: 2->2
[2024-10-12T10:22:36.021+0800][info] GC(95) Humongous regions: 3->3
[2024-10-12T10:22:36.021+0800][info] GC(95) Metaspace: 1619K(1728K)->1619K(1728K) NonClass: 1483K(1536K)->1483K(1536K) Class: 135K(192K)->135K(192K)
[2024-10-12T10:22:36.021+0800][info] GC(95) Pause Young (Mixed) (G1 Evacuation Pause) 107M->100M(128M) 2.141ms
[2024-10-12T10:22:36.021+0800][info] GC(95) User=0.01s Sys=0.00s Real=0.00s
[2024-10-12T10:22:36.124+0800][info] GC(96) Pause Young (Mixed) (G1 Evacuation Pause)
[2024-10-12T10:22:36.124+0800][info] GC(96) Using 3 workers of 48 for evacuation
[2024-10-12T10:22:36.126+0800][info] GC(96)   Pre Evacuate Collection Set: 0.1ms
[2024-10-12T10:22:36.126+0800][info] GC(96)   Merge Heap Roots: 0.1ms
[2024-10-12T10:22:36.126+0800][info] GC(96)   Evacuate Collection Set: 1.7ms
[2024-10-12T10:22:36.126+0800][info] GC(96)   Post Evacuate Collection Set: 0.2ms
[2024-10-12T10:22:36.126+0800][info] GC(96)   Other: 0.1ms
[2024-10-12T10:22:36.126+0800][info] GC(96) Eden regions: 2->0(2)
[2024-10-12T10:22:36.126+0800][info] GC(96) Survivor regions: 1->1(1)
[2024-10-12T10:22:36.126+0800][info] GC(96) Old regions: 46->44
[2024-10-12T10:22:36.126+0800][info] GC(96) Archive regions: 2->2
[2024-10-12T10:22:36.126+0800][info] GC(96) Humongous regions: 3->3
[2024-10-12T10:22:36.126+0800][info] GC(96) Metaspace: 1619K(1728K)->1619K(1728K) NonClass: 1483K(1536K)->1483K(1536K) Class: 135K(192K)->135K(192K)
[2024-10-12T10:22:36.126+0800][info] GC(96) Pause Young (Mixed) (G1 Evacuation Pause) 103M->97M(128M) 2.312ms
[2024-10-12T10:22:36.126+0800][info] GC(96) User=0.00s Sys=0.00s Real=0.01s
[2024-10-12T10:22:36.228+0800][info] GC(97) Pause Young (Mixed) (G1 Evacuation Pause)
[2024-10-12T10:22:36.228+0800][info] GC(97) Using 3 workers of 48 for evacuation
[2024-10-12T10:22:36.230+0800][info] GC(97)   Pre Evacuate Collection Set: 0.1ms
[2024-10-12T10:22:36.230+0800][info] GC(97)   Merge Heap Roots: 0.0ms
[2024-10-12T10:22:36.230+0800][info] GC(97)   Evacuate Collection Set: 1.7ms
[2024-10-12T10:22:36.230+0800][info] GC(97)   Post Evacuate Collection Set: 0.2ms
[2024-10-12T10:22:36.230+0800][info] GC(97)   Other: 0.1ms
[2024-10-12T10:22:36.230+0800][info] GC(97) Eden regions: 2->0(2)
[2024-10-12T10:22:36.230+0800][info] GC(97) Survivor regions: 1->1(1)
[2024-10-12T10:22:36.230+0800][info] GC(97) Old regions: 44->44
[2024-10-12T10:22:36.230+0800][info] GC(97) Archive regions: 2->2
[2024-10-12T10:22:36.230+0800][info] GC(97) Humongous regions: 3->3
[2024-10-12T10:22:36.230+0800][info] GC(97) Metaspace: 1619K(1728K)->1619K(1728K) NonClass: 1483K(1536K)->1483K(1536K) Class: 135K(192K)->135K(192K)
[2024-10-12T10:22:36.230+0800][info] GC(97) Pause Young (Mixed) (G1 Evacuation Pause) 100M->97M(128M) 2.321ms
[2024-10-12T10:22:36.230+0800][info] GC(97) User=0.01s Sys=0.00s Real=0.00s
[2024-10-12T10:22:36.333+0800][info] GC(98) Pause Young (Normal) (G1 Evacuation Pause)
[2024-10-12T10:22:36.333+0800][info] GC(98) Using 3 workers of 48 for evacuation
[2024-10-12T10:22:36.334+0800][info] GC(98)   Pre Evacuate Collection Set: 0.1ms
[2024-10-12T10:22:36.334+0800][info] GC(98)   Merge Heap Roots: 0.0ms
[2024-10-12T10:22:36.334+0800][info] GC(98)   Evacuate Collection Set: 0.7ms
[2024-10-12T10:22:36.334+0800][info] GC(98)   Post Evacuate Collection Set: 0.2ms
[2024-10-12T10:22:36.334+0800][info] GC(98)   Other: 0.2ms
[2024-10-12T10:22:36.334+0800][info] GC(98) Eden regions: 2->0(2)
[2024-10-12T10:22:36.334+0800][info] GC(98) Survivor regions: 1->1(1)
[2024-10-12T10:22:36.334+0800][info] GC(98) Old regions: 44->46
[2024-10-12T10:22:36.334+0800][info] GC(98) Archive regions: 2->2
[2024-10-12T10:22:36.334+0800][info] GC(98) Humongous regions: 3->3
[2024-10-12T10:22:36.334+0800][info] GC(98) Metaspace: 1619K(1728K)->1619K(1728K) NonClass: 1483K(1536K)->1483K(1536K) Class: 135K(192K)->135K(192K)
[2024-10-12T10:22:36.334+0800][info] GC(98) Pause Young (Normal) (G1 Evacuation Pause) 101M->100M(128M) 1.235ms
[2024-10-12T10:22:36.334+0800][info] GC(98) User=0.00s Sys=0.00s Real=0.01s
[2024-10-12T10:22:36.436+0800][info] GC(99) Pause Young (Normal) (G1 Evacuation Pause)
[2024-10-12T10:22:36.436+0800][info] GC(99) Using 3 workers of 48 for evacuation
[2024-10-12T10:22:36.437+0800][info] GC(99)   Pre Evacuate Collection Set: 0.1ms
[2024-10-12T10:22:36.437+0800][info] GC(99)   Merge Heap Roots: 0.0ms
[2024-10-12T10:22:36.437+0800][info] GC(99)   Evacuate Collection Set: 0.8ms
[2024-10-12T10:22:36.437+0800][info] GC(99)   Post Evacuate Collection Set: 0.2ms
[2024-10-12T10:22:36.437+0800][info] GC(99)   Other: 0.2ms
[2024-10-12T10:22:36.437+0800][info] GC(99) Eden regions: 2->0(2)
[2024-10-12T10:22:36.437+0800][info] GC(99) Survivor regions: 1->1(1)
[2024-10-12T10:22:36.437+0800][info] GC(99) Old regions: 46->48
[2024-10-12T10:22:36.437+0800][info] GC(99) Archive regions: 2->2
[2024-10-12T10:22:36.437+0800][info] GC(99) Humongous regions: 3->3
[2024-10-12T10:22:36.437+0800][info] GC(99) Metaspace: 1619K(1728K)->1619K(1728K) NonClass: 1483K(1536K)->1483K(1536K) Class: 135K(192K)->135K(192K)
[2024-10-12T10:22:36.437+0800][info] GC(99) Pause Young (Normal) (G1 Evacuation Pause) 104M->104M(128M) 1.444ms
[2024-10-12T10:22:36.437+0800][info] GC(99) User=0.00s Sys=0.00s Real=0.00s
[2024-10-12T10:22:36.540+0800][info] GC(100) Pause Young (Concurrent Start) (G1 Evacuation Pause)
[2024-10-12T10:22:36.540+0800][info] GC(100) Using 3 workers of 48 for evacuation
[2024-10-12T10:22:36.541+0800][info] GC(100)   Pre Evacuate Collection Set: 0.1ms
[2024-10-12T10:22:36.541+0800][info] GC(100)   Merge Heap Roots: 0.0ms
[2024-10-12T10:22:36.541+0800][info] GC(100)   Evacuate Collection Set: 0.8ms
[2024-10-12T10:22:36.541+0800][info] GC(100)   Post Evacuate Collection Set: 0.2ms
[2024-10-12T10:22:36.541+0800][info] GC(100)   Other: 0.4ms
[2024-10-12T10:22:36.541+0800][info] GC(100) Eden regions: 2->0(2)
[2024-10-12T10:22:36.541+0800][info] GC(100) Survivor regions: 1->1(1)
[2024-10-12T10:22:36.541+0800][info] GC(100) Old regions: 48->50
[2024-10-12T10:22:36.541+0800][info] GC(100) Archive regions: 2->2
[2024-10-12T10:22:36.541+0800][info] GC(100) Humongous regions: 3->3
[2024-10-12T10:22:36.541+0800][info] GC(100) Metaspace: 1619K(1728K)->1619K(1728K) NonClass: 1483K(1536K)->1483K(1536K) Class: 135K(192K)->135K(192K)
[2024-10-12T10:22:36.542+0800][info] GC(100) Pause Young (Concurrent Start) (G1 Evacuation Pause) 108M->108M(128M) 1.590ms
[2024-10-12T10:22:36.542+0800][info] GC(100) User=0.00s Sys=0.00s Real=0.00s
[2024-10-12T10:22:36.542+0800][info] GC(101) Concurrent Mark Cycle
[2024-10-12T10:22:36.542+0800][info] GC(101) Concurrent Clear Claimed Marks
[2024-10-12T10:22:36.542+0800][info] GC(101) Concurrent Clear Claimed Marks 0.018ms
[2024-10-12T10:22:36.542+0800][info] GC(101) Concurrent Scan Root Regions
[2024-10-12T10:22:36.542+0800][info] GC(101) Concurrent Scan Root Regions 0.151ms
[2024-10-12T10:22:36.542+0800][info] GC(101) Concurrent Mark
[2024-10-12T10:22:36.542+0800][info] GC(101) Concurrent Mark From Roots
[2024-10-12T10:22:36.542+0800][info] GC(101) Using 12 workers of 12 for marking
[2024-10-12T10:22:36.546+0800][info] GC(101) Concurrent Mark From Roots 3.665ms
[2024-10-12T10:22:36.546+0800][info] GC(101) Concurrent Preclean
[2024-10-12T10:22:36.547+0800][info] GC(101) Concurrent Preclean 1.663ms
[2024-10-12T10:22:36.547+0800][info] GC(101) Pause Remark
[2024-10-12T10:22:36.549+0800][info] GC(101) Pause Remark 108M->108M(128M) 1.363ms
[2024-10-12T10:22:36.549+0800][info] GC(101) User=0.00s Sys=0.00s Real=0.00s
[2024-10-12T10:22:36.549+0800][info] GC(101) Concurrent Mark 6.898ms
[2024-10-12T10:22:36.549+0800][info] GC(101) Concurrent Rebuild Remembered Sets
[2024-10-12T10:22:36.551+0800][info] GC(101) Concurrent Rebuild Remembered Sets 1.721ms
[2024-10-12T10:22:36.551+0800][info] GC(101) Pause Cleanup
[2024-10-12T10:22:36.551+0800][info] GC(101) Pause Cleanup 108M->108M(128M) 0.242ms
[2024-10-12T10:22:36.551+0800][info] GC(101) User=0.00s Sys=0.00s Real=0.00s
[2024-10-12T10:22:36.551+0800][info] GC(101) Concurrent Cleanup for Next Mark
[2024-10-12T10:22:36.551+0800][info] GC(101) Concurrent Cleanup for Next Mark 0.395ms
[2024-10-12T10:22:36.551+0800][info] GC(101) Concurrent Mark Cycle 9.768ms
[2024-10-12T10:22:36.695+0800][info] GC(102) Pause Young (Prepare Mixed) (G1 Evacuation Pause)
[2024-10-12T10:22:36.695+0800][info] GC(102) Using 3 workers of 48 for evacuation
[2024-10-12T10:22:36.696+0800][info] GC(102)   Pre Evacuate Collection Set: 0.1ms
[2024-10-12T10:22:36.696+0800][info] GC(102)   Merge Heap Roots: 0.1ms
[2024-10-12T10:22:36.696+0800][info] GC(102)   Evacuate Collection Set: 0.8ms
[2024-10-12T10:22:36.696+0800][info] GC(102)   Post Evacuate Collection Set: 0.2ms
[2024-10-12T10:22:36.696+0800][info] GC(102)   Other: 0.2ms
[2024-10-12T10:22:36.696+0800][info] GC(102) Eden regions: 2->0(2)
[2024-10-12T10:22:36.696+0800][info] GC(102) Survivor regions: 1->1(1)
[2024-10-12T10:22:36.696+0800][info] GC(102) Old regions: 50->52
[2024-10-12T10:22:36.696+0800][info] GC(102) Archive regions: 2->2
[2024-10-12T10:22:36.696+0800][info] GC(102) Humongous regions: 3->3
[2024-10-12T10:22:36.696+0800][info] GC(102) Metaspace: 1619K(1728K)->1619K(1728K) NonClass: 1483K(1536K)->1483K(1536K) Class: 135K(192K)->135K(192K)
[2024-10-12T10:22:36.696+0800][info] GC(102) Pause Young (Prepare Mixed) (G1 Evacuation Pause) 111M->112M(128M) 1.449ms
[2024-10-12T10:22:36.696+0800][info] GC(102) User=0.00s Sys=0.00s Real=0.00s
[2024-10-12T10:22:36.758+0800][info] GC(103) Pause Young (Mixed) (G1 Preventive Collection)
[2024-10-12T10:22:36.758+0800][info] GC(103) Using 3 workers of 48 for evacuation
[2024-10-12T10:22:36.760+0800][info] GC(103)   Pre Evacuate Collection Set: 0.1ms
[2024-10-12T10:22:36.760+0800][info] GC(103)   Merge Heap Roots: 0.0ms
[2024-10-12T10:22:36.760+0800][info] GC(103)   Evacuate Collection Set: 1.0ms
[2024-10-12T10:22:36.760+0800][info] GC(103)   Post Evacuate Collection Set: 0.2ms
[2024-10-12T10:22:36.760+0800][info] GC(103)   Other: 0.2ms
[2024-10-12T10:22:36.760+0800][info] GC(103) Eden regions: 1->0(2)
[2024-10-12T10:22:36.760+0800][info] GC(103) Survivor regions: 1->1(1)
[2024-10-12T10:22:36.760+0800][info] GC(103) Old regions: 52->48
[2024-10-12T10:22:36.760+0800][info] GC(103) Archive regions: 2->2
[2024-10-12T10:22:36.760+0800][info] GC(103) Humongous regions: 3->3
[2024-10-12T10:22:36.760+0800][info] GC(103) Metaspace: 1621K(1728K)->1621K(1728K) NonClass: 1485K(1536K)->1485K(1536K) Class: 135K(192K)->135K(192K)
[2024-10-12T10:22:36.760+0800][info] GC(103) Pause Young (Mixed) (G1 Preventive Collection) 114M->103M(128M) 1.647ms
[2024-10-12T10:22:36.760+0800][info] GC(103) User=0.00s Sys=0.00s Real=0.00s
[2024-10-12T10:22:36.862+0800][info] GC(104) Pause Young (Mixed) (G1 Evacuation Pause)
[2024-10-12T10:22:36.862+0800][info] GC(104) Using 3 workers of 48 for evacuation
[2024-10-12T10:22:36.864+0800][info] GC(104)   Pre Evacuate Collection Set: 0.1ms
[2024-10-12T10:22:36.864+0800][info] GC(104)   Merge Heap Roots: 0.0ms
[2024-10-12T10:22:36.864+0800][info] GC(104)   Evacuate Collection Set: 1.7ms
[2024-10-12T10:22:36.864+0800][info] GC(104)   Post Evacuate Collection Set: 0.2ms
[2024-10-12T10:22:36.864+0800][info] GC(104)   Other: 0.1ms
[2024-10-12T10:22:36.864+0800][info] GC(104) Eden regions: 2->0(2)
[2024-10-12T10:22:36.864+0800][info] GC(104) Survivor regions: 1->1(1)
[2024-10-12T10:22:36.864+0800][info] GC(104) Old regions: 48->47
[2024-10-12T10:22:36.864+0800][info] GC(104) Archive regions: 2->2
[2024-10-12T10:22:36.864+0800][info] GC(104) Humongous regions: 3->3
[2024-10-12T10:22:36.864+0800][info] GC(104) Metaspace: 1621K(1728K)->1621K(1728K) NonClass: 1485K(1536K)->1485K(1536K) Class: 135K(192K)->135K(192K)
[2024-10-12T10:22:36.864+0800][info] GC(104) Pause Young (Mixed) (G1 Evacuation Pause) 107M->102M(128M) 2.319ms
[2024-10-12T10:22:36.864+0800][info] GC(104) User=0.00s Sys=0.00s Real=0.00s
[2024-10-12T10:22:36.967+0800][info] GC(105) Pause Young (Mixed) (G1 Evacuation Pause)
[2024-10-12T10:22:36.967+0800][info] GC(105) Using 3 workers of 48 for evacuation
[2024-10-12T10:22:36.969+0800][info] GC(105)   Pre Evacuate Collection Set: 0.1ms
[2024-10-12T10:22:36.969+0800][info] GC(105)   Merge Heap Roots: 0.1ms
[2024-10-12T10:22:36.969+0800][info] GC(105)   Evacuate Collection Set: 1.7ms
[2024-10-12T10:22:36.969+0800][info] GC(105)   Post Evacuate Collection Set: 0.2ms
[2024-10-12T10:22:36.969+0800][info] GC(105)   Other: 0.1ms
[2024-10-12T10:22:36.969+0800][info] GC(105) Eden regions: 2->0(2)
[2024-10-12T10:22:36.969+0800][info] GC(105) Survivor regions: 1->1(1)
[2024-10-12T10:22:36.969+0800][info] GC(105) Old regions: 47->46
[2024-10-12T10:22:36.969+0800][info] GC(105) Archive regions: 2->2
[2024-10-12T10:22:36.969+0800][info] GC(105) Humongous regions: 3->3
[2024-10-12T10:22:36.969+0800][info] GC(105) Metaspace: 1621K(1728K)->1621K(1728K) NonClass: 1485K(1536K)->1485K(1536K) Class: 135K(192K)->135K(192K)
[2024-10-12T10:22:36.969+0800][info] GC(105) Pause Young (Mixed) (G1 Evacuation Pause) 105M->100M(128M) 2.326ms
[2024-10-12T10:22:36.969+0800][info] GC(105) User=0.01s Sys=0.00s Real=0.00s
[2024-10-12T10:22:37.071+0800][info] GC(106) Pause Young (Mixed) (G1 Evacuation Pause)
[2024-10-12T10:22:37.071+0800][info] GC(106) Using 3 workers of 48 for evacuation
[2024-10-12T10:22:37.073+0800][info] GC(106)   Pre Evacuate Collection Set: 0.1ms
[2024-10-12T10:22:37.073+0800][info] GC(106)   Merge Heap Roots: 0.0ms
[2024-10-12T10:22:37.073+0800][info] GC(106)   Evacuate Collection Set: 1.9ms
[2024-10-12T10:22:37.073+0800][info] GC(106)   Post Evacuate Collection Set: 0.2ms
[2024-10-12T10:22:37.074+0800][info] GC(106)   Other: 0.1ms
[2024-10-12T10:22:37.074+0800][info] GC(106) Eden regions: 2->0(2)
[2024-10-12T10:22:37.074+0800][info] GC(106) Survivor regions: 1->1(1)
[2024-10-12T10:22:37.074+0800][info] GC(106) Old regions: 46->46
[2024-10-12T10:22:37.074+0800][info] GC(106) Archive regions: 2->2
[2024-10-12T10:22:37.074+0800][info] GC(106) Humongous regions: 3->3
[2024-10-12T10:22:37.074+0800][info] GC(106) Metaspace: 1621K(1728K)->1621K(1728K) NonClass: 1485K(1536K)->1485K(1536K) Class: 135K(192K)->135K(192K)
[2024-10-12T10:22:37.074+0800][info] GC(106) Pause Young (Mixed) (G1 Evacuation Pause) 104M->100M(128M) 2.477ms
[2024-10-12T10:22:37.074+0800][info] GC(106) User=0.01s Sys=0.00s Real=0.01s
[2024-10-12T10:22:37.176+0800][info] GC(107) Pause Young (Mixed) (G1 Evacuation Pause)
[2024-10-12T10:22:37.176+0800][info] GC(107) Using 3 workers of 48 for evacuation
[2024-10-12T10:22:37.178+0800][info] GC(107)   Pre Evacuate Collection Set: 0.1ms
[2024-10-12T10:22:37.178+0800][info] GC(107)   Merge Heap Roots: 0.0ms
[2024-10-12T10:22:37.178+0800][info] GC(107)   Evacuate Collection Set: 1.0ms
[2024-10-12T10:22:37.178+0800][info] GC(107)   Post Evacuate Collection Set: 0.2ms
[2024-10-12T10:22:37.178+0800][info] GC(107)   Other: 0.1ms
[2024-10-12T10:22:37.178+0800][info] GC(107) Eden regions: 2->0(2)
[2024-10-12T10:22:37.178+0800][info] GC(107) Survivor regions: 1->1(1)
[2024-10-12T10:22:37.178+0800][info] GC(107) Old regions: 46->47
[2024-10-12T10:22:37.178+0800][info] GC(107) Archive regions: 2->2
[2024-10-12T10:22:37.178+0800][info] GC(107) Humongous regions: 3->3
[2024-10-12T10:22:37.178+0800][info] GC(107) Metaspace: 1621K(1728K)->1621K(1728K) NonClass: 1485K(1536K)->1485K(1536K) Class: 135K(192K)->135K(192K)
[2024-10-12T10:22:37.178+0800][info] GC(107) Pause Young (Mixed) (G1 Evacuation Pause) 103M->102M(128M) 1.637ms
[2024-10-12T10:22:37.178+0800][info] GC(107) User=0.00s Sys=0.00s Real=0.00s
[2024-10-12T10:22:37.280+0800][info] GC(108) Pause Young (Normal) (G1 Evacuation Pause)
[2024-10-12T10:22:37.280+0800][info] GC(108) Using 3 workers of 48 for evacuation
[2024-10-12T10:22:37.281+0800][info] GC(108)   Pre Evacuate Collection Set: 0.1ms
[2024-10-12T10:22:37.281+0800][info] GC(108)   Merge Heap Roots: 0.0ms
[2024-10-12T10:22:37.281+0800][info] GC(108)   Evacuate Collection Set: 0.8ms
[2024-10-12T10:22:37.281+0800][info] GC(108)   Post Evacuate Collection Set: 0.2ms
[2024-10-12T10:22:37.281+0800][info] GC(108)   Other: 0.2ms
[2024-10-12T10:22:37.281+0800][info] GC(108) Eden regions: 2->0(2)
[2024-10-12T10:22:37.281+0800][info] GC(108) Survivor regions: 1->1(1)
[2024-10-12T10:22:37.281+0800][info] GC(108) Old regions: 47->49
[2024-10-12T10:22:37.281+0800][info] GC(108) Archive regions: 2->2
[2024-10-12T10:22:37.281+0800][info] GC(108) Humongous regions: 3->3
[2024-10-12T10:22:37.281+0800][info] GC(108) Metaspace: 1621K(1728K)->1621K(1728K) NonClass: 1485K(1536K)->1485K(1536K) Class: 135K(192K)->135K(192K)
[2024-10-12T10:22:37.281+0800][info] GC(108) Pause Young (Normal) (G1 Evacuation Pause) 106M->106M(128M) 1.413ms
[2024-10-12T10:22:37.281+0800][info] GC(108) User=0.01s Sys=0.00s Real=0.00s
[2024-10-12T10:22:37.384+0800][info] GC(109) Pause Young (Concurrent Start) (G1 Evacuation Pause)
[2024-10-12T10:22:37.384+0800][info] GC(109) Using 3 workers of 48 for evacuation
[2024-10-12T10:22:37.386+0800][info] GC(109)   Pre Evacuate Collection Set: 0.1ms
[2024-10-12T10:22:37.386+0800][info] GC(109)   Merge Heap Roots: 0.0ms
[2024-10-12T10:22:37.386+0800][info] GC(109)   Evacuate Collection Set: 0.9ms
[2024-10-12T10:22:37.386+0800][info] GC(109)   Post Evacuate Collection Set: 0.2ms
[2024-10-12T10:22:37.386+0800][info] GC(109)   Other: 0.4ms
[2024-10-12T10:22:37.386+0800][info] GC(109) Eden regions: 2->0(2)
[2024-10-12T10:22:37.386+0800][info] GC(109) Survivor regions: 1->1(1)
[2024-10-12T10:22:37.386+0800][info] GC(109) Old regions: 49->51
[2024-10-12T10:22:37.386+0800][info] GC(109) Archive regions: 2->2
[2024-10-12T10:22:37.386+0800][info] GC(109) Humongous regions: 3->3
[2024-10-12T10:22:37.386+0800][info] GC(109) Metaspace: 1621K(1728K)->1621K(1728K) NonClass: 1485K(1536K)->1485K(1536K) Class: 135K(192K)->135K(192K)
[2024-10-12T10:22:37.386+0800][info] GC(109) Pause Young (Concurrent Start) (G1 Evacuation Pause) 110M->110M(128M) 1.668ms
[2024-10-12T10:22:37.386+0800][info] GC(109) User=0.01s Sys=0.00s Real=0.01s
[2024-10-12T10:22:37.386+0800][info] GC(110) Concurrent Mark Cycle
[2024-10-12T10:22:37.386+0800][info] GC(110) Concurrent Clear Claimed Marks
[2024-10-12T10:22:37.386+0800][info] GC(110) Concurrent Clear Claimed Marks 0.019ms
[2024-10-12T10:22:37.386+0800][info] GC(110) Concurrent Scan Root Regions
[2024-10-12T10:22:37.386+0800][info] GC(110) Concurrent Scan Root Regions 0.154ms
[2024-10-12T10:22:37.386+0800][info] GC(110) Concurrent Mark
[2024-10-12T10:22:37.386+0800][info] GC(110) Concurrent Mark From Roots
[2024-10-12T10:22:37.386+0800][info] GC(110) Using 12 workers of 12 for marking
[2024-10-12T10:22:37.390+0800][info] GC(110) Concurrent Mark From Roots 3.983ms
[2024-10-12T10:22:37.390+0800][info] GC(110) Concurrent Preclean
[2024-10-12T10:22:37.392+0800][info] GC(110) Concurrent Preclean 1.662ms
[2024-10-12T10:22:37.392+0800][info] GC(110) Pause Remark
[2024-10-12T10:22:37.393+0800][info] GC(110) Pause Remark 110M->110M(128M) 1.293ms
[2024-10-12T10:22:37.393+0800][info] GC(110) User=0.00s Sys=0.00s Real=0.01s
[2024-10-12T10:22:37.393+0800][info] GC(110) Concurrent Mark 7.114ms
[2024-10-12T10:22:37.393+0800][info] GC(110) Concurrent Rebuild Remembered Sets
[2024-10-12T10:22:37.395+0800][info] GC(110) Concurrent Rebuild Remembered Sets 1.714ms
[2024-10-12T10:22:37.395+0800][info] GC(110) Pause Cleanup
[2024-10-12T10:22:37.395+0800][info] GC(110) Pause Cleanup 110M->110M(128M) 0.190ms
[2024-10-12T10:22:37.395+0800][info] GC(110) User=0.00s Sys=0.00s Real=0.00s
[2024-10-12T10:22:37.395+0800][info] GC(110) Concurrent Cleanup for Next Mark
[2024-10-12T10:22:37.396+0800][info] GC(110) Concurrent Cleanup for Next Mark 0.359ms
[2024-10-12T10:22:37.396+0800][info] GC(110) Concurrent Mark Cycle 9.884ms
[2024-10-12T10:22:37.540+0800][info] GC(111) Pause Young (Prepare Mixed) (G1 Evacuation Pause)
[2024-10-12T10:22:37.540+0800][info] GC(111) Using 3 workers of 48 for evacuation
[2024-10-12T10:22:37.541+0800][info] GC(111)   Pre Evacuate Collection Set: 0.1ms
[2024-10-12T10:22:37.541+0800][info] GC(111)   Merge Heap Roots: 0.1ms
[2024-10-12T10:22:37.541+0800][info] GC(111)   Evacuate Collection Set: 0.8ms
[2024-10-12T10:22:37.541+0800][info] GC(111)   Post Evacuate Collection Set: 0.2ms
[2024-10-12T10:22:37.541+0800][info] GC(111)   Other: 0.2ms
[2024-10-12T10:22:37.541+0800][info] GC(111) Eden regions: 2->0(2)
[2024-10-12T10:22:37.541+0800][info] GC(111) Survivor regions: 1->1(1)
[2024-10-12T10:22:37.541+0800][info] GC(111) Old regions: 51->53
[2024-10-12T10:22:37.541+0800][info] GC(111) Archive regions: 2->2
[2024-10-12T10:22:37.541+0800][info] GC(111) Humongous regions: 3->3
[2024-10-12T10:22:37.541+0800][info] GC(111) Metaspace: 1621K(1728K)->1621K(1728K) NonClass: 1485K(1536K)->1485K(1536K) Class: 135K(192K)->135K(192K)
[2024-10-12T10:22:37.541+0800][info] GC(111) Pause Young (Prepare Mixed) (G1 Evacuation Pause) 113M->114M(128M) 1.411ms
[2024-10-12T10:22:37.541+0800][info] GC(111) User=0.00s Sys=0.00s Real=0.00s
[2024-10-12T10:22:37.602+0800][info] GC(112) Pause Young (Mixed) (G1 Preventive Collection)
[2024-10-12T10:22:37.602+0800][info] GC(112) Using 3 workers of 48 for evacuation
[2024-10-12T10:22:37.604+0800][info] GC(112)   Pre Evacuate Collection Set: 0.1ms
[2024-10-12T10:22:37.604+0800][info] GC(112)   Merge Heap Roots: 0.0ms
[2024-10-12T10:22:37.604+0800][info] GC(112)   Evacuate Collection Set: 1.2ms
[2024-10-12T10:22:37.604+0800][info] GC(112)   Post Evacuate Collection Set: 0.2ms
[2024-10-12T10:22:37.604+0800][info] GC(112)   Other: 0.2ms
[2024-10-12T10:22:37.604+0800][info] GC(112) Eden regions: 1->0(2)
[2024-10-12T10:22:37.604+0800][info] GC(112) Survivor regions: 1->1(1)
[2024-10-12T10:22:37.604+0800][info] GC(112) Old regions: 53->49
[2024-10-12T10:22:37.604+0800][info] GC(112) Archive regions: 2->2
[2024-10-12T10:22:37.604+0800][info] GC(112) Humongous regions: 3->3
[2024-10-12T10:22:37.604+0800][info] GC(112) Metaspace: 1621K(1728K)->1621K(1728K) NonClass: 1485K(1536K)->1485K(1536K) Class: 135K(192K)->135K(192K)
[2024-10-12T10:22:37.604+0800][info] GC(112) Pause Young (Mixed) (G1 Preventive Collection) 116M->106M(128M) 1.898ms
[2024-10-12T10:22:37.604+0800][info] GC(112) User=0.01s Sys=0.01s Real=0.00s
[2024-10-12T10:22:37.707+0800][info] GC(113) Pause Young (Mixed) (G1 Evacuation Pause)
[2024-10-12T10:22:37.707+0800][info] GC(113) Using 3 workers of 48 for evacuation
[2024-10-12T10:22:37.709+0800][info] GC(113)   Pre Evacuate Collection Set: 0.1ms
[2024-10-12T10:22:37.709+0800][info] GC(113)   Merge Heap Roots: 0.0ms
[2024-10-12T10:22:37.709+0800][info] GC(113)   Evacuate Collection Set: 1.6ms
[2024-10-12T10:22:37.709+0800][info] GC(113)   Post Evacuate Collection Set: 0.2ms
[2024-10-12T10:22:37.709+0800][info] GC(113)   Other: 0.2ms
[2024-10-12T10:22:37.709+0800][info] GC(113) Eden regions: 2->0(2)
[2024-10-12T10:22:37.709+0800][info] GC(113) Survivor regions: 1->1(1)
[2024-10-12T10:22:37.709+0800][info] GC(113) Old regions: 49->47
[2024-10-12T10:22:37.709+0800][info] GC(113) Archive regions: 2->2
[2024-10-12T10:22:37.709+0800][info] GC(113) Humongous regions: 3->3
[2024-10-12T10:22:37.709+0800][info] GC(113) Metaspace: 1633K(1792K)->1633K(1792K) NonClass: 1497K(1600K)->1497K(1600K) Class: 135K(192K)->135K(192K)
[2024-10-12T10:22:37.709+0800][info] GC(113) Pause Young (Mixed) (G1 Evacuation Pause) 110M->103M(128M) 2.276ms
[2024-10-12T10:22:37.709+0800][info] GC(113) User=0.00s Sys=0.00s Real=0.00s
[2024-10-12T10:22:37.811+0800][info] GC(114) Pause Young (Mixed) (G1 Evacuation Pause)
[2024-10-12T10:22:37.812+0800][info] GC(114) Using 3 workers of 48 for evacuation
[2024-10-12T10:22:37.814+0800][info] GC(114)   Pre Evacuate Collection Set: 0.1ms
[2024-10-12T10:22:37.814+0800][info] GC(114)   Merge Heap Roots: 0.1ms
[2024-10-12T10:22:37.814+0800][info] GC(114)   Evacuate Collection Set: 1.8ms
[2024-10-12T10:22:37.814+0800][info] GC(114)   Post Evacuate Collection Set: 0.2ms
[2024-10-12T10:22:37.814+0800][info] GC(114)   Other: 0.1ms
[2024-10-12T10:22:37.814+0800][info] GC(114) Eden regions: 2->0(2)
[2024-10-12T10:22:37.814+0800][info] GC(114) Survivor regions: 1->1(1)
[2024-10-12T10:22:37.814+0800][info] GC(114) Old regions: 47->46
[2024-10-12T10:22:37.814+0800][info] GC(114) Archive regions: 2->2
[2024-10-12T10:22:37.814+0800][info] GC(114) Humongous regions: 3->3
[2024-10-12T10:22:37.814+0800][info] GC(114) Metaspace: 1633K(1792K)->1633K(1792K) NonClass: 1497K(1600K)->1497K(1600K) Class: 135K(192K)->135K(192K)
[2024-10-12T10:22:37.814+0800][info] GC(114) Pause Young (Mixed) (G1 Evacuation Pause) 107M->101M(128M) 2.434ms
[2024-10-12T10:22:37.814+0800][info] GC(114) User=0.01s Sys=0.00s Real=0.01s
[2024-10-12T10:22:37.917+0800][info] GC(115) Pause Young (Mixed) (G1 Evacuation Pause)
[2024-10-12T10:22:37.917+0800][info] GC(115) Using 3 workers of 48 for evacuation
[2024-10-12T10:22:37.919+0800][info] GC(115)   Pre Evacuate Collection Set: 0.1ms
[2024-10-12T10:22:37.919+0800][info] GC(115)   Merge Heap Roots: 0.1ms
[2024-10-12T10:22:37.919+0800][info] GC(115)   Evacuate Collection Set: 1.7ms
[2024-10-12T10:22:37.919+0800][info] GC(115)   Post Evacuate Collection Set: 0.2ms
[2024-10-12T10:22:37.919+0800][info] GC(115)   Other: 0.1ms
[2024-10-12T10:22:37.919+0800][info] GC(115) Eden regions: 2->0(2)
[2024-10-12T10:22:37.919+0800][info] GC(115) Survivor regions: 1->1(1)
[2024-10-12T10:22:37.919+0800][info] GC(115) Old regions: 46->45
[2024-10-12T10:22:37.919+0800][info] GC(115) Archive regions: 2->2
[2024-10-12T10:22:37.919+0800][info] GC(115) Humongous regions: 3->3
[2024-10-12T10:22:37.919+0800][info] GC(115) Metaspace: 1633K(1792K)->1633K(1792K) NonClass: 1497K(1600K)->1497K(1600K) Class: 135K(192K)->135K(192K)
[2024-10-12T10:22:37.919+0800][info] GC(115) Pause Young (Mixed) (G1 Evacuation Pause) 104M->99M(128M) 2.364ms
[2024-10-12T10:22:37.919+0800][info] GC(115) User=0.01s Sys=0.00s Real=0.00s
[2024-10-12T10:22:38.021+0800][info] GC(116) Pause Young (Mixed) (G1 Evacuation Pause)
[2024-10-12T10:22:38.021+0800][info] GC(116) Using 3 workers of 48 for evacuation
[2024-10-12T10:22:38.023+0800][info] GC(116)   Pre Evacuate Collection Set: 0.2ms
[2024-10-12T10:22:38.023+0800][info] GC(116)   Merge Heap Roots: 0.1ms
[2024-10-12T10:22:38.023+0800][info] GC(116)   Evacuate Collection Set: 1.3ms
[2024-10-12T10:22:38.023+0800][info] GC(116)   Post Evacuate Collection Set: 0.2ms
[2024-10-12T10:22:38.023+0800][info] GC(116)   Other: 0.1ms
[2024-10-12T10:22:38.023+0800][info] GC(116) Eden regions: 2->0(2)
[2024-10-12T10:22:38.023+0800][info] GC(116) Survivor regions: 1->1(1)
[2024-10-12T10:22:38.023+0800][info] GC(116) Old regions: 45->46
[2024-10-12T10:22:38.023+0800][info] GC(116) Archive regions: 2->2
[2024-10-12T10:22:38.023+0800][info] GC(116) Humongous regions: 3->3
[2024-10-12T10:22:38.023+0800][info] GC(116) Metaspace: 1633K(1792K)->1633K(1792K) NonClass: 1497K(1600K)->1497K(1600K) Class: 135K(192K)->135K(192K)
[2024-10-12T10:22:38.023+0800][info] GC(116) Pause Young (Mixed) (G1 Evacuation Pause) 103M->101M(128M) 1.929ms
[2024-10-12T10:22:38.023+0800][info] GC(116) User=0.00s Sys=0.00s Real=0.00s
[2024-10-12T10:22:38.126+0800][info] GC(117) Pause Young (Normal) (G1 Evacuation Pause)
[2024-10-12T10:22:38.126+0800][info] GC(117) Using 3 workers of 48 for evacuation
[2024-10-12T10:22:38.127+0800][info] GC(117)   Pre Evacuate Collection Set: 0.1ms
[2024-10-12T10:22:38.127+0800][info] GC(117)   Merge Heap Roots: 0.0ms
[2024-10-12T10:22:38.127+0800][info] GC(117)   Evacuate Collection Set: 0.6ms
[2024-10-12T10:22:38.127+0800][info] GC(117)   Post Evacuate Collection Set: 0.2ms
[2024-10-12T10:22:38.127+0800][info] GC(117)   Other: 0.2ms
[2024-10-12T10:22:38.127+0800][info] GC(117) Eden regions: 2->0(2)
[2024-10-12T10:22:38.127+0800][info] GC(117) Survivor regions: 1->1(1)
[2024-10-12T10:22:38.127+0800][info] GC(117) Old regions: 46->48
[2024-10-12T10:22:38.127+0800][info] GC(117) Archive regions: 2->2
[2024-10-12T10:22:38.127+0800][info] GC(117) Humongous regions: 4->3
[2024-10-12T10:22:38.127+0800][info] GC(117) Metaspace: 1633K(1792K)->1633K(1792K) NonClass: 1497K(1600K)->1497K(1600K) Class: 135K(192K)->135K(192K)
[2024-10-12T10:22:38.127+0800][info] GC(117) Pause Young (Normal) (G1 Evacuation Pause) 107M->105M(128M) 1.267ms
[2024-10-12T10:22:38.127+0800][info] GC(117) User=0.01s Sys=0.00s Real=0.00s
[2024-10-12T10:22:38.229+0800][info] GC(118) Pause Young (Normal) (G1 Evacuation Pause)
[2024-10-12T10:22:38.229+0800][info] GC(118) Using 3 workers of 48 for evacuation
[2024-10-12T10:22:38.230+0800][info] GC(118)   Pre Evacuate Collection Set: 0.1ms
[2024-10-12T10:22:38.230+0800][info] GC(118)   Merge Heap Roots: 0.0ms
[2024-10-12T10:22:38.230+0800][info] GC(118)   Evacuate Collection Set: 0.7ms
[2024-10-12T10:22:38.230+0800][info] GC(118)   Post Evacuate Collection Set: 0.2ms
[2024-10-12T10:22:38.230+0800][info] GC(118)   Other: 0.2ms
[2024-10-12T10:22:38.230+0800][info] GC(118) Eden regions: 2->0(2)
[2024-10-12T10:22:38.230+0800][info] GC(118) Survivor regions: 1->1(1)
[2024-10-12T10:22:38.230+0800][info] GC(118) Old regions: 48->50
[2024-10-12T10:22:38.230+0800][info] GC(118) Archive regions: 2->2
[2024-10-12T10:22:38.230+0800][info] GC(118) Humongous regions: 3->3
[2024-10-12T10:22:38.231+0800][info] GC(118) Metaspace: 1633K(1792K)->1633K(1792K) NonClass: 1497K(1600K)->1497K(1600K) Class: 135K(192K)->135K(192K)
[2024-10-12T10:22:38.231+0800][info] GC(118) Pause Young (Normal) (G1 Evacuation Pause) 108M->109M(128M) 1.263ms
[2024-10-12T10:22:38.231+0800][info] GC(118) User=0.00s Sys=0.00s Real=0.00s
[2024-10-12T10:22:38.333+0800][info] GC(119) Pause Young (Concurrent Start) (G1 Evacuation Pause)
[2024-10-12T10:22:38.333+0800][info] GC(119) Using 3 workers of 48 for evacuation
[2024-10-12T10:22:38.335+0800][info] GC(119)   Pre Evacuate Collection Set: 0.1ms
[2024-10-12T10:22:38.335+0800][info] GC(119)   Merge Heap Roots: 0.0ms
[2024-10-12T10:22:38.335+0800][info] GC(119)   Evacuate Collection Set: 0.8ms
[2024-10-12T10:22:38.335+0800][info] GC(119)   Post Evacuate Collection Set: 0.2ms
[2024-10-12T10:22:38.335+0800][info] GC(119)   Other: 0.3ms
[2024-10-12T10:22:38.335+0800][info] GC(119) Eden regions: 2->0(2)
[2024-10-12T10:22:38.335+0800][info] GC(119) Survivor regions: 1->1(1)
[2024-10-12T10:22:38.335+0800][info] GC(119) Old regions: 50->52
[2024-10-12T10:22:38.335+0800][info] GC(119) Archive regions: 2->2
[2024-10-12T10:22:38.335+0800][info] GC(119) Humongous regions: 3->3
[2024-10-12T10:22:38.335+0800][info] GC(119) Metaspace: 1633K(1792K)->1633K(1792K) NonClass: 1497K(1600K)->1497K(1600K) Class: 135K(192K)->135K(192K)
[2024-10-12T10:22:38.335+0800][info] GC(119) Pause Young (Concurrent Start) (G1 Evacuation Pause) 112M->113M(128M) 1.558ms
[2024-10-12T10:22:38.335+0800][info] GC(119) User=0.01s Sys=0.00s Real=0.00s
[2024-10-12T10:22:38.335+0800][info] GC(120) Concurrent Mark Cycle
[2024-10-12T10:22:38.335+0800][info] GC(120) Concurrent Clear Claimed Marks
[2024-10-12T10:22:38.335+0800][info] GC(120) Concurrent Clear Claimed Marks 0.011ms
[2024-10-12T10:22:38.335+0800][info] GC(120) Concurrent Scan Root Regions
[2024-10-12T10:22:38.335+0800][info] GC(120) Concurrent Scan Root Regions 0.141ms
[2024-10-12T10:22:38.335+0800][info] GC(120) Concurrent Mark
[2024-10-12T10:22:38.335+0800][info] GC(120) Concurrent Mark From Roots
[2024-10-12T10:22:38.335+0800][info] GC(120) Using 12 workers of 12 for marking
[2024-10-12T10:22:38.339+0800][info] GC(120) Concurrent Mark From Roots 3.420ms
[2024-10-12T10:22:38.339+0800][info] GC(120) Concurrent Preclean
[2024-10-12T10:22:38.340+0800][info] GC(120) Concurrent Preclean 1.662ms
[2024-10-12T10:22:38.340+0800][info] GC(120) Pause Remark
[2024-10-12T10:22:38.342+0800][info] GC(120) Pause Remark 113M->109M(128M) 1.311ms
[2024-10-12T10:22:38.342+0800][info] GC(120) User=0.01s Sys=0.00s Real=0.00s
[2024-10-12T10:22:38.342+0800][info] GC(120) Concurrent Mark 6.613ms
[2024-10-12T10:22:38.342+0800][info] GC(120) Concurrent Rebuild Remembered Sets
[2024-10-12T10:22:38.344+0800][info] GC(120) Concurrent Rebuild Remembered Sets 1.686ms
[2024-10-12T10:22:38.344+0800][info] GC(120) Pause Cleanup
[2024-10-12T10:22:38.344+0800][info] GC(120) Pause Cleanup 109M->109M(128M) 0.198ms
[2024-10-12T10:22:38.344+0800][info] GC(120) User=0.00s Sys=0.00s Real=0.00s
[2024-10-12T10:22:38.344+0800][info] GC(120) Concurrent Cleanup for Next Mark
[2024-10-12T10:22:38.344+0800][info] GC(120) Concurrent Cleanup for Next Mark 0.355ms
[2024-10-12T10:22:38.344+0800][info] GC(120) Concurrent Mark Cycle 9.316ms
[2024-10-12T10:22:38.488+0800][info] GC(121) Pause Young (Prepare Mixed) (G1 Evacuation Pause)
[2024-10-12T10:22:38.488+0800][info] GC(121) Using 3 workers of 48 for evacuation
[2024-10-12T10:22:38.490+0800][info] GC(121)   Pre Evacuate Collection Set: 0.1ms
[2024-10-12T10:22:38.490+0800][info] GC(121)   Merge Heap Roots: 0.1ms
[2024-10-12T10:22:38.490+0800][info] GC(121)   Evacuate Collection Set: 0.9ms
[2024-10-12T10:22:38.490+0800][info] GC(121)   Post Evacuate Collection Set: 0.2ms
[2024-10-12T10:22:38.490+0800][info] GC(121)   Other: 0.2ms
[2024-10-12T10:22:38.490+0800][info] GC(121) Eden regions: 2->0(2)
[2024-10-12T10:22:38.490+0800][info] GC(121) Survivor regions: 1->1(1)
[2024-10-12T10:22:38.490+0800][info] GC(121) Old regions: 50->52
[2024-10-12T10:22:38.490+0800][info] GC(121) Archive regions: 2->2
[2024-10-12T10:22:38.490+0800][info] GC(121) Humongous regions: 3->3
[2024-10-12T10:22:38.490+0800][info] GC(121) Metaspace: 1633K(1792K)->1633K(1792K) NonClass: 1497K(1600K)->1497K(1600K) Class: 135K(192K)->135K(192K)
[2024-10-12T10:22:38.490+0800][info] GC(121) Pause Young (Prepare Mixed) (G1 Evacuation Pause) 112M->113M(128M) 1.595ms
[2024-10-12T10:22:38.490+0800][info] GC(121) User=0.00s Sys=0.00s Real=0.00s
[2024-10-12T10:22:38.593+0800][info] GC(122) Pause Young (Mixed) (G1 Preventive Collection)
[2024-10-12T10:22:38.593+0800][info] GC(122) Using 3 workers of 48 for evacuation
[2024-10-12T10:22:38.595+0800][info] GC(122) To-space exhausted
[2024-10-12T10:22:38.595+0800][info] GC(122)   Pre Evacuate Collection Set: 0.2ms
[2024-10-12T10:22:38.595+0800][info] GC(122)   Merge Heap Roots: 0.1ms
[2024-10-12T10:22:38.595+0800][info] GC(122)   Evacuate Collection Set: 1.2ms
[2024-10-12T10:22:38.595+0800][info] GC(122)   Post Evacuate Collection Set: 0.2ms
[2024-10-12T10:22:38.595+0800][info] GC(122)   Other: 0.2ms
[2024-10-12T10:22:38.595+0800][info] GC(122) Eden regions: 2->0(2)
[2024-10-12T10:22:38.595+0800][info] GC(122) Survivor regions: 1->1(1)
[2024-10-12T10:22:38.595+0800][info] GC(122) Old regions: 52->50
[2024-10-12T10:22:38.595+0800][info] GC(122) Archive regions: 2->2
[2024-10-12T10:22:38.595+0800][info] GC(122) Humongous regions: 3->3
[2024-10-12T10:22:38.595+0800][info] GC(122) Metaspace: 1633K(1792K)->1633K(1792K) NonClass: 1497K(1600K)->1497K(1600K) Class: 135K(192K)->135K(192K)
[2024-10-12T10:22:38.595+0800][info] GC(122) Pause Young (Mixed) (G1 Preventive Collection) 116M->109M(128M) 2.015ms
[2024-10-12T10:22:38.595+0800][info] GC(122) User=0.01s Sys=0.00s Real=0.01s
[2024-10-12T10:22:38.697+0800][info] GC(123) Pause Young (Mixed) (G1 Preventive Collection)
[2024-10-12T10:22:38.697+0800][info] GC(123) Using 3 workers of 48 for evacuation
[2024-10-12T10:22:38.699+0800][info] GC(123) To-space exhausted
[2024-10-12T10:22:38.699+0800][info] GC(123)   Pre Evacuate Collection Set: 0.2ms
[2024-10-12T10:22:38.699+0800][info] GC(123)   Merge Heap Roots: 0.1ms
[2024-10-12T10:22:38.699+0800][info] GC(123)   Evacuate Collection Set: 1.6ms
[2024-10-12T10:22:38.699+0800][info] GC(123)   Post Evacuate Collection Set: 0.2ms
[2024-10-12T10:22:38.699+0800][info] GC(123)   Other: 0.2ms
[2024-10-12T10:22:38.699+0800][info] GC(123) Eden regions: 2->0(2)
[2024-10-12T10:22:38.699+0800][info] GC(123) Survivor regions: 1->1(1)
[2024-10-12T10:22:38.699+0800][info] GC(123) Old regions: 50->49
[2024-10-12T10:22:38.699+0800][info] GC(123) Archive regions: 2->2
[2024-10-12T10:22:38.699+0800][info] GC(123) Humongous regions: 3->3
[2024-10-12T10:22:38.699+0800][info] GC(123) Metaspace: 1637K(1792K)->1637K(1792K) NonClass: 1501K(1600K)->1501K(1600K) Class: 135K(192K)->135K(192K)
[2024-10-12T10:22:38.699+0800][info] GC(123) Pause Young (Mixed) (G1 Preventive Collection) 113M->107M(128M) 2.365ms
[2024-10-12T10:22:38.699+0800][info] GC(123) User=0.01s Sys=0.00s Real=0.00s
[2024-10-12T10:22:38.802+0800][info] GC(124) Pause Young (Mixed) (G1 Preventive Collection)
[2024-10-12T10:22:38.802+0800][info] GC(124) Using 3 workers of 48 for evacuation
[2024-10-12T10:22:38.805+0800][info] GC(124) To-space exhausted
[2024-10-12T10:22:38.805+0800][info] GC(124)   Pre Evacuate Collection Set: 0.2ms
[2024-10-12T10:22:38.805+0800][info] GC(124)   Merge Heap Roots: 0.0ms
[2024-10-12T10:22:38.805+0800][info] GC(124)   Evacuate Collection Set: 1.8ms
[2024-10-12T10:22:38.805+0800][info] GC(124)   Post Evacuate Collection Set: 0.3ms
[2024-10-12T10:22:38.805+0800][info] GC(124)   Other: 0.2ms
[2024-10-12T10:22:38.805+0800][info] GC(124) Eden regions: 2->0(2)
[2024-10-12T10:22:38.805+0800][info] GC(124) Survivor regions: 1->1(1)
[2024-10-12T10:22:38.805+0800][info] GC(124) Old regions: 49->49
[2024-10-12T10:22:38.805+0800][info] GC(124) Archive regions: 2->2
[2024-10-12T10:22:38.805+0800][info] GC(124) Humongous regions: 3->3
[2024-10-12T10:22:38.805+0800][info] GC(124) Metaspace: 1637K(1792K)->1637K(1792K) NonClass: 1501K(1600K)->1501K(1600K) Class: 135K(192K)->135K(192K)
[2024-10-12T10:22:38.805+0800][info] GC(124) Pause Young (Mixed) (G1 Preventive Collection) 111M->107M(128M) 2.545ms
[2024-10-12T10:22:38.805+0800][info] GC(124) User=0.01s Sys=0.00s Real=0.00s
[2024-10-12T10:22:38.907+0800][info] GC(125) Pause Young (Mixed) (G1 Preventive Collection)
[2024-10-12T10:22:38.907+0800][info] GC(125) Using 3 workers of 48 for evacuation
[2024-10-12T10:22:38.909+0800][info] GC(125) To-space exhausted
[2024-10-12T10:22:38.909+0800][info] GC(125)   Pre Evacuate Collection Set: 0.2ms
[2024-10-12T10:22:38.909+0800][info] GC(125)   Merge Heap Roots: 0.1ms
[2024-10-12T10:22:38.909+0800][info] GC(125)   Evacuate Collection Set: 1.7ms
[2024-10-12T10:22:38.909+0800][info] GC(125)   Post Evacuate Collection Set: 0.3ms
[2024-10-12T10:22:38.909+0800][info] GC(125)   Other: 0.2ms
[2024-10-12T10:22:38.909+0800][info] GC(125) Eden regions: 2->0(2)
[2024-10-12T10:22:38.909+0800][info] GC(125) Survivor regions: 1->1(1)
[2024-10-12T10:22:38.909+0800][info] GC(125) Old regions: 49->50
[2024-10-12T10:22:38.909+0800][info] GC(125) Archive regions: 2->2
[2024-10-12T10:22:38.909+0800][info] GC(125) Humongous regions: 3->3
[2024-10-12T10:22:38.909+0800][info] GC(125) Metaspace: 1637K(1792K)->1637K(1792K) NonClass: 1501K(1600K)->1501K(1600K) Class: 135K(192K)->135K(192K)
[2024-10-12T10:22:38.909+0800][info] GC(125) Pause Young (Mixed) (G1 Preventive Collection) 111M->109M(128M) 2.475ms
[2024-10-12T10:22:38.909+0800][info] GC(125) User=0.00s Sys=0.00s Real=0.00s
[2024-10-12T10:22:39.012+0800][info] GC(126) Pause Young (Concurrent Start) (G1 Evacuation Pause)
[2024-10-12T10:22:39.012+0800][info] GC(126) Using 3 workers of 48 for evacuation
[2024-10-12T10:22:39.014+0800][info] GC(126)   Pre Evacuate Collection Set: 0.1ms
[2024-10-12T10:22:39.014+0800][info] GC(126)   Merge Heap Roots: 0.0ms
[2024-10-12T10:22:39.014+0800][info] GC(126)   Evacuate Collection Set: 0.8ms
[2024-10-12T10:22:39.014+0800][info] GC(126)   Post Evacuate Collection Set: 0.2ms
[2024-10-12T10:22:39.014+0800][info] GC(126)   Other: 0.3ms
[2024-10-12T10:22:39.014+0800][info] GC(126) Eden regions: 2->0(2)
[2024-10-12T10:22:39.014+0800][info] GC(126) Survivor regions: 1->1(1)
[2024-10-12T10:22:39.014+0800][info] GC(126) Old regions: 50->52
[2024-10-12T10:22:39.014+0800][info] GC(126) Archive regions: 2->2
[2024-10-12T10:22:39.014+0800][info] GC(126) Humongous regions: 3->3
[2024-10-12T10:22:39.014+0800][info] GC(126) Metaspace: 1637K(1792K)->1637K(1792K) NonClass: 1501K(1600K)->1501K(1600K) Class: 135K(192K)->135K(192K)
[2024-10-12T10:22:39.014+0800][info] GC(126) Pause Young (Concurrent Start) (G1 Evacuation Pause) 113M->113M(128M) 1.569ms
[2024-10-12T10:22:39.014+0800][info] GC(126) User=0.00s Sys=0.00s Real=0.01s
[2024-10-12T10:22:39.014+0800][info] GC(127) Concurrent Mark Cycle
[2024-10-12T10:22:39.014+0800][info] GC(127) Concurrent Clear Claimed Marks
[2024-10-12T10:22:39.014+0800][info] GC(127) Concurrent Clear Claimed Marks 0.018ms
[2024-10-12T10:22:39.014+0800][info] GC(127) Concurrent Scan Root Regions
[2024-10-12T10:22:39.014+0800][info] GC(127) Concurrent Scan Root Regions 0.152ms
[2024-10-12T10:22:39.014+0800][info] GC(127) Concurrent Mark
[2024-10-12T10:22:39.014+0800][info] GC(127) Concurrent Mark From Roots
[2024-10-12T10:22:39.014+0800][info] GC(127) Using 12 workers of 12 for marking
[2024-10-12T10:22:39.018+0800][info] GC(127) Concurrent Mark From Roots 3.574ms
[2024-10-12T10:22:39.018+0800][info] GC(127) Concurrent Preclean
[2024-10-12T10:22:39.019+0800][info] GC(127) Concurrent Preclean 1.687ms
[2024-10-12T10:22:39.020+0800][info] GC(127) Pause Remark
[2024-10-12T10:22:39.023+0800][info] GC(127) Pause Remark 113M->109M(128M) 3.125ms
[2024-10-12T10:22:39.023+0800][info] GC(127) User=0.01s Sys=0.00s Real=0.00s
[2024-10-12T10:22:39.023+0800][info] GC(127) Concurrent Mark 8.726ms
[2024-10-12T10:22:39.023+0800][info] GC(127) Concurrent Rebuild Remembered Sets
[2024-10-12T10:22:39.025+0800][info] GC(127) Concurrent Rebuild Remembered Sets 1.659ms
[2024-10-12T10:22:39.025+0800][info] GC(127) Pause Cleanup
[2024-10-12T10:22:39.025+0800][info] GC(127) Pause Cleanup 109M->109M(128M) 0.187ms
[2024-10-12T10:22:39.025+0800][info] GC(127) User=0.00s Sys=0.00s Real=0.00s
[2024-10-12T10:22:39.025+0800][info] GC(127) Concurrent Cleanup for Next Mark
[2024-10-12T10:22:39.025+0800][info] GC(127) Concurrent Cleanup for Next Mark 0.362ms
[2024-10-12T10:22:39.025+0800][info] GC(127) Concurrent Mark Cycle 11.449ms
[2024-10-12T10:22:39.167+0800][info] GC(128) Pause Young (Prepare Mixed) (G1 Evacuation Pause)
[2024-10-12T10:22:39.167+0800][info] GC(128) Using 3 workers of 48 for evacuation
[2024-10-12T10:22:39.169+0800][info] GC(128)   Pre Evacuate Collection Set: 0.1ms
[2024-10-12T10:22:39.169+0800][info] GC(128)   Merge Heap Roots: 0.1ms
[2024-10-12T10:22:39.169+0800][info] GC(128)   Evacuate Collection Set: 0.9ms
[2024-10-12T10:22:39.169+0800][info] GC(128)   Post Evacuate Collection Set: 0.2ms
[2024-10-12T10:22:39.169+0800][info] GC(128)   Other: 0.2ms
[2024-10-12T10:22:39.169+0800][info] GC(128) Eden regions: 2->0(2)
[2024-10-12T10:22:39.169+0800][info] GC(128) Survivor regions: 1->1(1)
[2024-10-12T10:22:39.169+0800][info] GC(128) Old regions: 50->52
[2024-10-12T10:22:39.169+0800][info] GC(128) Archive regions: 2->2
[2024-10-12T10:22:39.169+0800][info] GC(128) Humongous regions: 3->3
[2024-10-12T10:22:39.169+0800][info] GC(128) Metaspace: 1587K(1792K)->1587K(1792K) NonClass: 1463K(1600K)->1463K(1600K) Class: 124K(192K)->124K(192K)
[2024-10-12T10:22:39.169+0800][info] GC(128) Pause Young (Prepare Mixed) (G1 Evacuation Pause) 113M->113M(128M) 1.575ms
[2024-10-12T10:22:39.169+0800][info] GC(128) User=0.01s Sys=0.00s Real=0.00s
[2024-10-12T10:22:39.272+0800][info] GC(129) Pause Young (Mixed) (G1 Preventive Collection)
[2024-10-12T10:22:39.272+0800][info] GC(129) Using 3 workers of 48 for evacuation
[2024-10-12T10:22:39.273+0800][info] GC(129) To-space exhausted
[2024-10-12T10:22:39.273+0800][info] GC(129)   Pre Evacuate Collection Set: 0.2ms
[2024-10-12T10:22:39.274+0800][info] GC(129)   Merge Heap Roots: 0.1ms
[2024-10-12T10:22:39.274+0800][info] GC(129)   Evacuate Collection Set: 1.1ms
[2024-10-12T10:22:39.274+0800][info] GC(129)   Post Evacuate Collection Set: 0.2ms
[2024-10-12T10:22:39.274+0800][info] GC(129)   Other: 0.2ms
[2024-10-12T10:22:39.274+0800][info] GC(129) Eden regions: 2->0(2)
[2024-10-12T10:22:39.274+0800][info] GC(129) Survivor regions: 1->1(1)
[2024-10-12T10:22:39.274+0800][info] GC(129) Old regions: 52->50
[2024-10-12T10:22:39.274+0800][info] GC(129) Archive regions: 2->2
[2024-10-12T10:22:39.274+0800][info] GC(129) Humongous regions: 3->3
[2024-10-12T10:22:39.274+0800][info] GC(129) Metaspace: 1587K(1792K)->1587K(1792K) NonClass: 1463K(1600K)->1463K(1600K) Class: 124K(192K)->124K(192K)
[2024-10-12T10:22:39.274+0800][info] GC(129) Pause Young (Mixed) (G1 Preventive Collection) 116M->109M(128M) 1.836ms
[2024-10-12T10:22:39.274+0800][info] GC(129) User=0.00s Sys=0.00s Real=0.01s
[2024-10-12T10:22:39.376+0800][info] GC(130) Pause Young (Mixed) (G1 Preventive Collection)
[2024-10-12T10:22:39.376+0800][info] GC(130) Using 3 workers of 48 for evacuation
[2024-10-12T10:22:39.378+0800][info] GC(130) To-space exhausted
[2024-10-12T10:22:39.378+0800][info] GC(130)   Pre Evacuate Collection Set: 0.2ms
[2024-10-12T10:22:39.378+0800][info] GC(130)   Merge Heap Roots: 0.1ms
[2024-10-12T10:22:39.378+0800][info] GC(130)   Evacuate Collection Set: 1.6ms
[2024-10-12T10:22:39.378+0800][info] GC(130)   Post Evacuate Collection Set: 0.2ms
[2024-10-12T10:22:39.378+0800][info] GC(130)   Other: 0.2ms
[2024-10-12T10:22:39.378+0800][info] GC(130) Eden regions: 2->0(2)
[2024-10-12T10:22:39.378+0800][info] GC(130) Survivor regions: 1->1(1)
[2024-10-12T10:22:39.378+0800][info] GC(130) Old regions: 50->49
[2024-10-12T10:22:39.378+0800][info] GC(130) Archive regions: 2->2
[2024-10-12T10:22:39.378+0800][info] GC(130) Humongous regions: 3->3
[2024-10-12T10:22:39.378+0800][info] GC(130) Metaspace: 1587K(1792K)->1587K(1792K) NonClass: 1463K(1600K)->1463K(1600K) Class: 124K(192K)->124K(192K)
[2024-10-12T10:22:39.378+0800][info] GC(130) Pause Young (Mixed) (G1 Preventive Collection) 113M->107M(128M) 2.337ms
[2024-10-12T10:22:39.378+0800][info] GC(130) User=0.01s Sys=0.00s Real=0.00s
[2024-10-12T10:22:39.481+0800][info] GC(131) Pause Young (Mixed) (G1 Preventive Collection)
[2024-10-12T10:22:39.481+0800][info] GC(131) Using 3 workers of 48 for evacuation
[2024-10-12T10:22:39.483+0800][info] GC(131)   Pre Evacuate Collection Set: 0.2ms
[2024-10-12T10:22:39.483+0800][info] GC(131)   Merge Heap Roots: 0.1ms
[2024-10-12T10:22:39.483+0800][info] GC(131)   Evacuate Collection Set: 1.7ms
[2024-10-12T10:22:39.483+0800][info] GC(131)   Post Evacuate Collection Set: 0.2ms
[2024-10-12T10:22:39.483+0800][info] GC(131)   Other: 0.1ms
[2024-10-12T10:22:39.483+0800][info] GC(131) Eden regions: 2->0(2)
[2024-10-12T10:22:39.483+0800][info] GC(131) Survivor regions: 1->1(1)
[2024-10-12T10:22:39.483+0800][info] GC(131) Old regions: 49->48
[2024-10-12T10:22:39.483+0800][info] GC(131) Archive regions: 2->2
[2024-10-12T10:22:39.483+0800][info] GC(131) Humongous regions: 3->3
[2024-10-12T10:22:39.483+0800][info] GC(131) Metaspace: 1588K(1792K)->1588K(1792K) NonClass: 1464K(1600K)->1464K(1600K) Class: 124K(192K)->124K(192K)
[2024-10-12T10:22:39.483+0800][info] GC(131) Pause Young (Mixed) (G1 Preventive Collection) 110M->104M(128M) 2.425ms
[2024-10-12T10:22:39.483+0800][info] GC(131) User=0.01s Sys=0.00s Real=0.00s
[2024-10-12T10:22:39.585+0800][info] GC(132) Pause Young (Mixed) (G1 Evacuation Pause)
[2024-10-12T10:22:39.585+0800][info] GC(132) Using 3 workers of 48 for evacuation
[2024-10-12T10:22:39.587+0800][info] GC(132)   Pre Evacuate Collection Set: 0.1ms
[2024-10-12T10:22:39.587+0800][info] GC(132)   Merge Heap Roots: 0.1ms
[2024-10-12T10:22:39.587+0800][info] GC(132)   Evacuate Collection Set: 1.4ms
[2024-10-12T10:22:39.587+0800][info] GC(132)   Post Evacuate Collection Set: 0.2ms
[2024-10-12T10:22:39.587+0800][info] GC(132)   Other: 0.2ms
[2024-10-12T10:22:39.587+0800][info] GC(132) Eden regions: 2->0(2)
[2024-10-12T10:22:39.587+0800][info] GC(132) Survivor regions: 1->1(1)
[2024-10-12T10:22:39.587+0800][info] GC(132) Old regions: 48->48
[2024-10-12T10:22:39.587+0800][info] GC(132) Archive regions: 2->2
[2024-10-12T10:22:39.587+0800][info] GC(132) Humongous regions: 3->3
[2024-10-12T10:22:39.587+0800][info] GC(132) Metaspace: 1588K(1792K)->1588K(1792K) NonClass: 1464K(1600K)->1464K(1600K) Class: 124K(192K)->124K(192K)
[2024-10-12T10:22:39.587+0800][info] GC(132) Pause Young (Mixed) (G1 Evacuation Pause) 108M->104M(128M) 2.093ms
[2024-10-12T10:22:39.587+0800][info] GC(132) User=0.00s Sys=0.00s Real=0.00s
[2024-10-12T10:22:39.690+0800][info] GC(133) Pause Young (Normal) (G1 Evacuation Pause)
[2024-10-12T10:22:39.690+0800][info] GC(133) Using 3 workers of 48 for evacuation
[2024-10-12T10:22:39.691+0800][info] GC(133)   Pre Evacuate Collection Set: 0.1ms
[2024-10-12T10:22:39.691+0800][info] GC(133)   Merge Heap Roots: 0.0ms
[2024-10-12T10:22:39.691+0800][info] GC(133)   Evacuate Collection Set: 0.7ms
[2024-10-12T10:22:39.691+0800][info] GC(133)   Post Evacuate Collection Set: 0.2ms
[2024-10-12T10:22:39.691+0800][info] GC(133)   Other: 0.2ms
[2024-10-12T10:22:39.691+0800][info] GC(133) Eden regions: 2->0(2)
[2024-10-12T10:22:39.691+0800][info] GC(133) Survivor regions: 1->1(1)
[2024-10-12T10:22:39.691+0800][info] GC(133) Old regions: 48->50
[2024-10-12T10:22:39.691+0800][info] GC(133) Archive regions: 2->2
[2024-10-12T10:22:39.691+0800][info] GC(133) Humongous regions: 3->3
[2024-10-12T10:22:39.691+0800][info] GC(133) Metaspace: 1588K(1792K)->1588K(1792K) NonClass: 1464K(1600K)->1464K(1600K) Class: 124K(192K)->124K(192K)
[2024-10-12T10:22:39.691+0800][info] GC(133) Pause Young (Normal) (G1 Evacuation Pause) 108M->108M(128M) 1.352ms
[2024-10-12T10:22:39.691+0800][info] GC(133) User=0.00s Sys=0.00s Real=0.00s
[2024-10-12T10:22:39.793+0800][info] GC(134) Pause Young (Concurrent Start) (G1 Evacuation Pause)
[2024-10-12T10:22:39.793+0800][info] GC(134) Using 3 workers of 48 for evacuation
[2024-10-12T10:22:39.795+0800][info] GC(134)   Pre Evacuate Collection Set: 0.1ms
[2024-10-12T10:22:39.795+0800][info] GC(134)   Merge Heap Roots: 0.0ms
[2024-10-12T10:22:39.795+0800][info] GC(134)   Evacuate Collection Set: 0.7ms
[2024-10-12T10:22:39.795+0800][info] GC(134)   Post Evacuate Collection Set: 0.2ms
[2024-10-12T10:22:39.795+0800][info] GC(134)   Other: 0.3ms
[2024-10-12T10:22:39.795+0800][info] GC(134) Eden regions: 2->0(2)
[2024-10-12T10:22:39.795+0800][info] GC(134) Survivor regions: 1->1(1)
[2024-10-12T10:22:39.795+0800][info] GC(134) Old regions: 50->52
[2024-10-12T10:22:39.795+0800][info] GC(134) Archive regions: 2->2
[2024-10-12T10:22:39.795+0800][info] GC(134) Humongous regions: 3->3
[2024-10-12T10:22:39.795+0800][info] GC(134) Metaspace: 1588K(1792K)->1588K(1792K) NonClass: 1464K(1600K)->1464K(1600K) Class: 124K(192K)->124K(192K)
[2024-10-12T10:22:39.795+0800][info] GC(134) Pause Young (Concurrent Start) (G1 Evacuation Pause) 112M->112M(128M) 1.490ms
[2024-10-12T10:22:39.795+0800][info] GC(134) User=0.00s Sys=0.00s Real=0.00s
[2024-10-12T10:22:39.795+0800][info] GC(135) Concurrent Mark Cycle
[2024-10-12T10:22:39.795+0800][info] GC(135) Concurrent Clear Claimed Marks
[2024-10-12T10:22:39.795+0800][info] GC(135) Concurrent Clear Claimed Marks 0.017ms
[2024-10-12T10:22:39.795+0800][info] GC(135) Concurrent Scan Root Regions
[2024-10-12T10:22:39.795+0800][info] GC(135) Concurrent Scan Root Regions 0.160ms
[2024-10-12T10:22:39.795+0800][info] GC(135) Concurrent Mark
[2024-10-12T10:22:39.795+0800][info] GC(135) Concurrent Mark From Roots
[2024-10-12T10:22:39.795+0800][info] GC(135) Using 12 workers of 12 for marking
[2024-10-12T10:22:39.799+0800][info] GC(135) Concurrent Mark From Roots 3.367ms
[2024-10-12T10:22:39.799+0800][info] GC(135) Concurrent Preclean
[2024-10-12T10:22:39.800+0800][info] GC(135) Concurrent Preclean 1.691ms
[2024-10-12T10:22:39.800+0800][info] GC(135) Pause Remark
[2024-10-12T10:22:39.802+0800][info] GC(135) Pause Remark 113M->107M(128M) 1.257ms
[2024-10-12T10:22:39.802+0800][info] GC(135) User=0.01s Sys=0.00s Real=0.00s
[2024-10-12T10:22:39.802+0800][info] GC(135) Concurrent Mark 6.541ms
[2024-10-12T10:22:39.802+0800][info] GC(135) Concurrent Rebuild Remembered Sets
[2024-10-12T10:22:39.804+0800][info] GC(135) Concurrent Rebuild Remembered Sets 1.659ms
[2024-10-12T10:22:39.804+0800][info] GC(135) Pause Cleanup
[2024-10-12T10:22:39.804+0800][info] GC(135) Pause Cleanup 107M->107M(128M) 0.190ms
[2024-10-12T10:22:39.804+0800][info] GC(135) User=0.00s Sys=0.00s Real=0.00s
[2024-10-12T10:22:39.804+0800][info] GC(135) Concurrent Cleanup for Next Mark
[2024-10-12T10:22:39.804+0800][info] GC(135) Concurrent Cleanup for Next Mark 0.398ms
[2024-10-12T10:22:39.804+0800][info] GC(135) Concurrent Mark Cycle 9.308ms
[2024-10-12T10:22:39.949+0800][info] GC(136) Pause Young (Prepare Mixed) (G1 Evacuation Pause)
[2024-10-12T10:22:39.949+0800][info] GC(136) Using 3 workers of 48 for evacuation
[2024-10-12T10:22:39.951+0800][info] GC(136)   Pre Evacuate Collection Set: 0.1ms
[2024-10-12T10:22:39.951+0800][info] GC(136)   Merge Heap Roots: 0.0ms
[2024-10-12T10:22:39.951+0800][info] GC(136)   Evacuate Collection Set: 0.9ms
[2024-10-12T10:22:39.951+0800][info] GC(136)   Post Evacuate Collection Set: 0.2ms
[2024-10-12T10:22:39.951+0800][info] GC(136)   Other: 0.2ms
[2024-10-12T10:22:39.951+0800][info] GC(136) Eden regions: 2->0(2)
[2024-10-12T10:22:39.951+0800][info] GC(136) Survivor regions: 1->1(1)
[2024-10-12T10:22:39.951+0800][info] GC(136) Old regions: 49->51
[2024-10-12T10:22:39.951+0800][info] GC(136) Archive regions: 2->2
[2024-10-12T10:22:39.951+0800][info] GC(136) Humongous regions: 3->3
[2024-10-12T10:22:39.951+0800][info] GC(136) Metaspace: 1588K(1792K)->1588K(1792K) NonClass: 1464K(1600K)->1464K(1600K) Class: 124K(192K)->124K(192K)
[2024-10-12T10:22:39.951+0800][info] GC(136) Pause Young (Prepare Mixed) (G1 Evacuation Pause) 110M->111M(128M) 1.573ms
[2024-10-12T10:22:39.951+0800][info] GC(136) User=0.01s Sys=0.00s Real=0.00s
[2024-10-12T10:22:40.053+0800][info] GC(137) Pause Young (Mixed) (G1 Preventive Collection)
[2024-10-12T10:22:40.053+0800][info] GC(137) Using 3 workers of 48 for evacuation
[2024-10-12T10:22:40.055+0800][info] GC(137)   Pre Evacuate Collection Set: 0.2ms
[2024-10-12T10:22:40.055+0800][info] GC(137)   Merge Heap Roots: 0.1ms
[2024-10-12T10:22:40.055+0800][info] GC(137)   Evacuate Collection Set: 1.3ms
[2024-10-12T10:22:40.055+0800][info] GC(137)   Post Evacuate Collection Set: 0.2ms
[2024-10-12T10:22:40.055+0800][info] GC(137)   Other: 0.2ms
[2024-10-12T10:22:40.055+0800][info] GC(137) Eden regions: 2->0(2)
[2024-10-12T10:22:40.055+0800][info] GC(137) Survivor regions: 1->1(1)
[2024-10-12T10:22:40.055+0800][info] GC(137) Old regions: 51->48
[2024-10-12T10:22:40.055+0800][info] GC(137) Archive regions: 2->2
[2024-10-12T10:22:40.055+0800][info] GC(137) Humongous regions: 3->3
[2024-10-12T10:22:40.055+0800][info] GC(137) Metaspace: 1588K(1792K)->1588K(1792K) NonClass: 1464K(1600K)->1464K(1600K) Class: 124K(192K)->124K(192K)
[2024-10-12T10:22:40.055+0800][info] GC(137) Pause Young (Mixed) (G1 Preventive Collection) 114M->105M(128M) 1.977ms
[2024-10-12T10:22:40.055+0800][info] GC(137) User=0.00s Sys=0.00s Real=0.01s
[2024-10-12T10:22:40.157+0800][info] GC(138) Pause Young (Mixed) (G1 Evacuation Pause)
[2024-10-12T10:22:40.157+0800][info] GC(138) Using 3 workers of 48 for evacuation
[2024-10-12T10:22:40.159+0800][info] GC(138)   Pre Evacuate Collection Set: 0.2ms
[2024-10-12T10:22:40.159+0800][info] GC(138)   Merge Heap Roots: 0.0ms
[2024-10-12T10:22:40.159+0800][info] GC(138)   Evacuate Collection Set: 1.5ms
[2024-10-12T10:22:40.159+0800][info] GC(138)   Post Evacuate Collection Set: 0.2ms
[2024-10-12T10:22:40.159+0800][info] GC(138)   Other: 0.1ms
[2024-10-12T10:22:40.159+0800][info] GC(138) Eden regions: 2->0(2)
[2024-10-12T10:22:40.159+0800][info] GC(138) Survivor regions: 1->1(1)
[2024-10-12T10:22:40.159+0800][info] GC(138) Old regions: 48->47
[2024-10-12T10:22:40.159+0800][info] GC(138) Archive regions: 2->2
[2024-10-12T10:22:40.160+0800][info] GC(138) Humongous regions: 3->3
[2024-10-12T10:22:40.160+0800][info] GC(138) Metaspace: 1588K(1792K)->1588K(1792K) NonClass: 1464K(1600K)->1464K(1600K) Class: 124K(192K)->124K(192K)
[2024-10-12T10:22:40.160+0800][info] GC(138) Pause Young (Mixed) (G1 Evacuation Pause) 109M->102M(128M) 2.155ms
[2024-10-12T10:22:40.160+0800][info] GC(138) User=0.00s Sys=0.00s Real=0.00s
[2024-10-12T10:22:40.262+0800][info] GC(139) Pause Young (Mixed) (G1 Evacuation Pause)
[2024-10-12T10:22:40.262+0800][info] GC(139) Using 3 workers of 48 for evacuation
[2024-10-12T10:22:40.264+0800][info] GC(139)   Pre Evacuate Collection Set: 0.1ms
[2024-10-12T10:22:40.264+0800][info] GC(139)   Merge Heap Roots: 0.1ms
[2024-10-12T10:22:40.264+0800][info] GC(139)   Evacuate Collection Set: 1.8ms
[2024-10-12T10:22:40.264+0800][info] GC(139)   Post Evacuate Collection Set: 0.2ms
[2024-10-12T10:22:40.264+0800][info] GC(139)   Other: 0.1ms
[2024-10-12T10:22:40.264+0800][info] GC(139) Eden regions: 2->0(2)
[2024-10-12T10:22:40.264+0800][info] GC(139) Survivor regions: 1->1(1)
[2024-10-12T10:22:40.264+0800][info] GC(139) Old regions: 47->46
[2024-10-12T10:22:40.264+0800][info] GC(139) Archive regions: 2->2
[2024-10-12T10:22:40.264+0800][info] GC(139) Humongous regions: 3->3
[2024-10-12T10:22:40.264+0800][info] GC(139) Metaspace: 1588K(1792K)->1588K(1792K) NonClass: 1464K(1600K)->1464K(1600K) Class: 124K(192K)->124K(192K)
[2024-10-12T10:22:40.264+0800][info] GC(139) Pause Young (Mixed) (G1 Evacuation Pause) 106M->101M(128M) 2.386ms
[2024-10-12T10:22:40.264+0800][info] GC(139) User=0.01s Sys=0.00s Real=0.00s
[2024-10-12T10:22:40.367+0800][info] GC(140) Pause Young (Mixed) (G1 Evacuation Pause)
[2024-10-12T10:22:40.367+0800][info] GC(140) Using 3 workers of 48 for evacuation
[2024-10-12T10:22:40.370+0800][info] GC(140)   Pre Evacuate Collection Set: 0.2ms
[2024-10-12T10:22:40.370+0800][info] GC(140)   Merge Heap Roots: 0.0ms
[2024-10-12T10:22:40.370+0800][info] GC(140)   Evacuate Collection Set: 1.7ms
[2024-10-12T10:22:40.370+0800][info] GC(140)   Post Evacuate Collection Set: 0.2ms
[2024-10-12T10:22:40.370+0800][info] GC(140)   Other: 0.2ms
[2024-10-12T10:22:40.370+0800][info] GC(140) Eden regions: 2->0(2)
[2024-10-12T10:22:40.370+0800][info] GC(140) Survivor regions: 1->1(1)
[2024-10-12T10:22:40.370+0800][info] GC(140) Old regions: 46->46
[2024-10-12T10:22:40.370+0800][info] GC(140) Archive regions: 2->2
[2024-10-12T10:22:40.370+0800][info] GC(140) Humongous regions: 4->3
[2024-10-12T10:22:40.370+0800][info] GC(140) Metaspace: 1588K(1792K)->1588K(1792K) NonClass: 1464K(1600K)->1464K(1600K) Class: 124K(192K)->124K(192K)
[2024-10-12T10:22:40.370+0800][info] GC(140) Pause Young (Mixed) (G1 Evacuation Pause) 106M->101M(128M) 2.406ms
[2024-10-12T10:22:40.370+0800][info] GC(140) User=0.01s Sys=0.00s Real=0.00s
[2024-10-12T10:22:40.472+0800][info] GC(141) Pause Young (Normal) (G1 Evacuation Pause)
[2024-10-12T10:22:40.472+0800][info] GC(141) Using 3 workers of 48 for evacuation
[2024-10-12T10:22:40.473+0800][info] GC(141)   Pre Evacuate Collection Set: 0.1ms
[2024-10-12T10:22:40.473+0800][info] GC(141)   Merge Heap Roots: 0.0ms
[2024-10-12T10:22:40.473+0800][info] GC(141)   Evacuate Collection Set: 0.7ms
[2024-10-12T10:22:40.473+0800][info] GC(141)   Post Evacuate Collection Set: 0.2ms
[2024-10-12T10:22:40.473+0800][info] GC(141)   Other: 0.2ms
[2024-10-12T10:22:40.473+0800][info] GC(141) Eden regions: 2->0(2)
[2024-10-12T10:22:40.473+0800][info] GC(141) Survivor regions: 1->1(1)
[2024-10-12T10:22:40.473+0800][info] GC(141) Old regions: 46->48
[2024-10-12T10:22:40.473+0800][info] GC(141) Archive regions: 2->2
[2024-10-12T10:22:40.473+0800][info] GC(141) Humongous regions: 3->3
[2024-10-12T10:22:40.473+0800][info] GC(141) Metaspace: 1588K(1792K)->1588K(1792K) NonClass: 1464K(1600K)->1464K(1600K) Class: 124K(192K)->124K(192K)
[2024-10-12T10:22:40.473+0800][info] GC(141) Pause Young (Normal) (G1 Evacuation Pause) 104M->104M(128M) 1.266ms
[2024-10-12T10:22:40.473+0800][info] GC(141) User=0.00s Sys=0.00s Real=0.00s
[2024-10-12T10:22:40.576+0800][info] GC(142) Pause Young (Normal) (G1 Evacuation Pause)
[2024-10-12T10:22:40.576+0800][info] GC(142) Using 3 workers of 48 for evacuation
[2024-10-12T10:22:40.577+0800][info] GC(142)   Pre Evacuate Collection Set: 0.1ms
[2024-10-12T10:22:40.577+0800][info] GC(142)   Merge Heap Roots: 0.0ms
[2024-10-12T10:22:40.577+0800][info] GC(142)   Evacuate Collection Set: 0.7ms
[2024-10-12T10:22:40.577+0800][info] GC(142)   Post Evacuate Collection Set: 0.2ms
[2024-10-12T10:22:40.577+0800][info] GC(142)   Other: 0.2ms
[2024-10-12T10:22:40.577+0800][info] GC(142) Eden regions: 2->0(2)
[2024-10-12T10:22:40.577+0800][info] GC(142) Survivor regions: 1->1(1)
[2024-10-12T10:22:40.577+0800][info] GC(142) Old regions: 48->50
[2024-10-12T10:22:40.577+0800][info] GC(142) Archive regions: 2->2
[2024-10-12T10:22:40.577+0800][info] GC(142) Humongous regions: 3->3
[2024-10-12T10:22:40.577+0800][info] GC(142) Metaspace: 1588K(1792K)->1588K(1792K) NonClass: 1464K(1600K)->1464K(1600K) Class: 124K(192K)->124K(192K)
[2024-10-12T10:22:40.577+0800][info] GC(142) Pause Young (Normal) (G1 Evacuation Pause) 108M->109M(128M) 1.415ms
[2024-10-12T10:22:40.577+0800][info] GC(142) User=0.00s Sys=0.00s Real=0.00s
[2024-10-12T10:22:40.679+0800][info] GC(143) Pause Young (Concurrent Start) (G1 Evacuation Pause)
[2024-10-12T10:22:40.679+0800][info] GC(143) Using 3 workers of 48 for evacuation
[2024-10-12T10:22:40.681+0800][info] GC(143)   Pre Evacuate Collection Set: 0.1ms
[2024-10-12T10:22:40.681+0800][info] GC(143)   Merge Heap Roots: 0.0ms
[2024-10-12T10:22:40.681+0800][info] GC(143)   Evacuate Collection Set: 0.9ms
[2024-10-12T10:22:40.681+0800][info] GC(143)   Post Evacuate Collection Set: 0.2ms
[2024-10-12T10:22:40.681+0800][info] GC(143)   Other: 0.3ms
[2024-10-12T10:22:40.681+0800][info] GC(143) Eden regions: 2->0(2)
[2024-10-12T10:22:40.681+0800][info] GC(143) Survivor regions: 1->1(1)
[2024-10-12T10:22:40.681+0800][info] GC(143) Old regions: 50->52
[2024-10-12T10:22:40.681+0800][info] GC(143) Archive regions: 2->2
[2024-10-12T10:22:40.681+0800][info] GC(143) Humongous regions: 3->3
[2024-10-12T10:22:40.681+0800][info] GC(143) Metaspace: 1588K(1792K)->1588K(1792K) NonClass: 1464K(1600K)->1464K(1600K) Class: 124K(192K)->124K(192K)
[2024-10-12T10:22:40.681+0800][info] GC(143) Pause Young (Concurrent Start) (G1 Evacuation Pause) 112M->112M(128M) 1.629ms
[2024-10-12T10:22:40.681+0800][info] GC(143) User=0.00s Sys=0.01s Real=0.00s
[2024-10-12T10:22:40.681+0800][info] GC(144) Concurrent Mark Cycle
[2024-10-12T10:22:40.681+0800][info] GC(144) Concurrent Clear Claimed Marks
[2024-10-12T10:22:40.681+0800][info] GC(144) Concurrent Clear Claimed Marks 0.009ms
[2024-10-12T10:22:40.681+0800][info] GC(144) Concurrent Scan Root Regions
[2024-10-12T10:22:40.681+0800][info] GC(144) Concurrent Scan Root Regions 0.194ms
[2024-10-12T10:22:40.681+0800][info] GC(144) Concurrent Mark
[2024-10-12T10:22:40.681+0800][info] GC(144) Concurrent Mark From Roots
[2024-10-12T10:22:40.681+0800][info] GC(144) Using 12 workers of 12 for marking
[2024-10-12T10:22:40.685+0800][info] GC(144) Concurrent Mark From Roots 3.514ms
[2024-10-12T10:22:40.685+0800][info] GC(144) Concurrent Preclean
[2024-10-12T10:22:40.686+0800][info] GC(144) Concurrent Preclean 1.611ms
[2024-10-12T10:22:40.686+0800][info] GC(144) Pause Remark
[2024-10-12T10:22:40.688+0800][info] GC(144) Pause Remark 113M->113M(128M) 1.545ms
[2024-10-12T10:22:40.688+0800][info] GC(144) User=0.00s Sys=0.00s Real=0.00s
[2024-10-12T10:22:40.688+0800][info] GC(144) Concurrent Mark 6.980ms
[2024-10-12T10:22:40.688+0800][info] GC(144) Concurrent Rebuild Remembered Sets
[2024-10-12T10:22:40.690+0800][info] GC(144) Concurrent Rebuild Remembered Sets 1.665ms
[2024-10-12T10:22:40.690+0800][info] GC(144) Pause Cleanup
[2024-10-12T10:22:40.690+0800][info] GC(144) Pause Cleanup 113M->113M(128M) 0.208ms
[2024-10-12T10:22:40.690+0800][info] GC(144) User=0.00s Sys=0.00s Real=0.00s
[2024-10-12T10:22:40.690+0800][info] GC(144) Concurrent Cleanup for Next Mark
[2024-10-12T10:22:40.691+0800][info] GC(144) Concurrent Cleanup for Next Mark 0.398ms
[2024-10-12T10:22:40.691+0800][info] GC(144) Concurrent Mark Cycle 9.746ms
[2024-10-12T10:22:40.835+0800][info] GC(145) Pause Young (Prepare Mixed) (G1 Preventive Collection)
[2024-10-12T10:22:40.835+0800][info] GC(145) Using 3 workers of 48 for evacuation
[2024-10-12T10:22:40.836+0800][info] GC(145)   Pre Evacuate Collection Set: 0.1ms
[2024-10-12T10:22:40.836+0800][info] GC(145)   Merge Heap Roots: 0.1ms
[2024-10-12T10:22:40.836+0800][info] GC(145)   Evacuate Collection Set: 0.9ms
[2024-10-12T10:22:40.836+0800][info] GC(145)   Post Evacuate Collection Set: 0.2ms
[2024-10-12T10:22:40.836+0800][info] GC(145)   Other: 0.2ms
[2024-10-12T10:22:40.836+0800][info] GC(145) Eden regions: 2->0(2)
[2024-10-12T10:22:40.836+0800][info] GC(145) Survivor regions: 1->1(1)
[2024-10-12T10:22:40.836+0800][info] GC(145) Old regions: 52->54
[2024-10-12T10:22:40.836+0800][info] GC(145) Archive regions: 2->2
[2024-10-12T10:22:40.836+0800][info] GC(145) Humongous regions: 3->3
[2024-10-12T10:22:40.836+0800][info] GC(145) Metaspace: 1588K(1792K)->1588K(1792K) NonClass: 1464K(1600K)->1464K(1600K) Class: 124K(192K)->124K(192K)
[2024-10-12T10:22:40.836+0800][info] GC(145) Pause Young (Prepare Mixed) (G1 Preventive Collection) 116M->117M(128M) 1.559ms
[2024-10-12T10:22:40.837+0800][info] GC(145) User=0.00s Sys=0.00s Real=0.00s
[2024-10-12T10:22:40.898+0800][info] GC(146) Pause Young (Mixed) (G1 Preventive Collection)
[2024-10-12T10:22:40.898+0800][info] GC(146) Using 3 workers of 48 for evacuation
[2024-10-12T10:22:40.899+0800][info] GC(146) To-space exhausted
[2024-10-12T10:22:40.899+0800][info] GC(146)   Pre Evacuate Collection Set: 0.2ms
[2024-10-12T10:22:40.899+0800][info] GC(146)   Merge Heap Roots: 0.1ms
[2024-10-12T10:22:40.899+0800][info] GC(146)   Evacuate Collection Set: 0.8ms
[2024-10-12T10:22:40.899+0800][info] GC(146)   Post Evacuate Collection Set: 0.2ms
[2024-10-12T10:22:40.899+0800][info] GC(146)   Other: 0.2ms
[2024-10-12T10:22:40.899+0800][info] GC(146) Eden regions: 1->0(2)
[2024-10-12T10:22:40.899+0800][info] GC(146) Survivor regions: 1->1(1)
[2024-10-12T10:22:40.899+0800][info] GC(146) Old regions: 54->53
[2024-10-12T10:22:40.899+0800][info] GC(146) Archive regions: 2->2
[2024-10-12T10:22:40.899+0800][info] GC(146) Humongous regions: 3->3
[2024-10-12T10:22:40.899+0800][info] GC(146) Metaspace: 1588K(1792K)->1588K(1792K) NonClass: 1464K(1600K)->1464K(1600K) Class: 124K(192K)->124K(192K)
[2024-10-12T10:22:40.899+0800][info] GC(146) Pause Young (Mixed) (G1 Preventive Collection) 118M->115M(128M) 1.553ms
[2024-10-12T10:22:40.899+0800][info] GC(146) User=0.01s Sys=0.00s Real=0.00s
[2024-10-12T10:22:40.940+0800][info] GC(147) Pause Young (Mixed) (G1 Preventive Collection)
[2024-10-12T10:22:40.940+0800][info] GC(147) Using 3 workers of 48 for evacuation
[2024-10-12T10:22:40.942+0800][info] GC(147) To-space exhausted
[2024-10-12T10:22:40.942+0800][info] GC(147)   Pre Evacuate Collection Set: 0.2ms
[2024-10-12T10:22:40.942+0800][info] GC(147)   Merge Heap Roots: 0.1ms
[2024-10-12T10:22:40.942+0800][info] GC(147)   Evacuate Collection Set: 1.2ms
[2024-10-12T10:22:40.942+0800][info] GC(147)   Post Evacuate Collection Set: 0.3ms
[2024-10-12T10:22:40.942+0800][info] GC(147)   Other: 0.2ms
[2024-10-12T10:22:40.942+0800][info] GC(147) Eden regions: 1->0(2)
[2024-10-12T10:22:40.942+0800][info] GC(147) Survivor regions: 1->1(1)
[2024-10-12T10:22:40.942+0800][info] GC(147) Old regions: 53->54
[2024-10-12T10:22:40.942+0800][info] GC(147) Archive regions: 2->2
[2024-10-12T10:22:40.942+0800][info] GC(147) Humongous regions: 3->3
[2024-10-12T10:22:40.942+0800][info] GC(147) Metaspace: 1588K(1792K)->1588K(1792K) NonClass: 1464K(1600K)->1464K(1600K) Class: 124K(192K)->124K(192K)
[2024-10-12T10:22:40.942+0800][info] GC(147) Pause Young (Mixed) (G1 Preventive Collection) 117M->117M(128M) 1.914ms
[2024-10-12T10:22:40.942+0800][info] GC(147) User=0.00s Sys=0.00s Real=0.00s
[2024-10-12T10:22:41.004+0800][info] GC(148) Pause Young (Mixed) (G1 Preventive Collection)
[2024-10-12T10:22:41.004+0800][info] GC(148) Using 3 workers of 48 for evacuation
[2024-10-12T10:22:41.006+0800][info] GC(148) To-space exhausted
[2024-10-12T10:22:41.006+0800][info] GC(148)   Pre Evacuate Collection Set: 0.1ms
[2024-10-12T10:22:41.006+0800][info] GC(148)   Merge Heap Roots: 0.1ms
[2024-10-12T10:22:41.006+0800][info] GC(148)   Evacuate Collection Set: 1.2ms
[2024-10-12T10:22:41.006+0800][info] GC(148)   Post Evacuate Collection Set: 0.3ms
[2024-10-12T10:22:41.006+0800][info] GC(148)   Other: 0.1ms
[2024-10-12T10:22:41.006+0800][info] GC(148) Eden regions: 1->0(2)
[2024-10-12T10:22:41.006+0800][info] GC(148) Survivor regions: 1->1(1)
[2024-10-12T10:22:41.006+0800][info] GC(148) Old regions: 54->57
[2024-10-12T10:22:41.006+0800][info] GC(148) Archive regions: 2->2
[2024-10-12T10:22:41.006+0800][info] GC(148) Humongous regions: 3->3
[2024-10-12T10:22:41.006+0800][info] GC(148) Metaspace: 1588K(1792K)->1588K(1792K) NonClass: 1464K(1600K)->1464K(1600K) Class: 124K(192K)->124K(192K)
[2024-10-12T10:22:41.006+0800][info] GC(148) Pause Young (Mixed) (G1 Preventive Collection) 119M->123M(128M) 1.947ms
[2024-10-12T10:22:41.006+0800][info] GC(148) User=0.01s Sys=0.00s Real=0.01s
[2024-10-12T10:22:41.047+0800][info] GC(149) Pause Young (Mixed) (G1 Evacuation Pause)
[2024-10-12T10:22:41.047+0800][info] GC(149) Using 3 workers of 48 for evacuation
[2024-10-12T10:22:41.048+0800][info] GC(149) To-space exhausted
[2024-10-12T10:22:41.048+0800][info] GC(149)   Pre Evacuate Collection Set: 0.1ms
[2024-10-12T10:22:41.048+0800][info] GC(149)   Merge Heap Roots: 0.1ms
[2024-10-12T10:22:41.048+0800][info] GC(149)   Evacuate Collection Set: 0.2ms
[2024-10-12T10:22:41.048+0800][info] GC(149)   Post Evacuate Collection Set: 0.2ms
[2024-10-12T10:22:41.048+0800][info] GC(149)   Other: 0.1ms
[2024-10-12T10:22:41.048+0800][info] GC(149) Eden regions: 1->0(3)
[2024-10-12T10:22:41.048+0800][info] GC(149) Survivor regions: 1->0(0)
[2024-10-12T10:22:41.048+0800][info] GC(149) Old regions: 57->59
[2024-10-12T10:22:41.048+0800][info] GC(149) Archive regions: 2->2
[2024-10-12T10:22:41.048+0800][info] GC(149) Humongous regions: 3->3
[2024-10-12T10:22:41.048+0800][info] GC(149) Metaspace: 1588K(1792K)->1588K(1792K) NonClass: 1464K(1600K)->1464K(1600K) Class: 124K(192K)->124K(192K)
[2024-10-12T10:22:41.048+0800][info] GC(149) Pause Young (Mixed) (G1 Evacuation Pause) 124M->124M(128M) 0.861ms
[2024-10-12T10:22:41.048+0800][info] GC(149) User=0.00s Sys=0.00s Real=0.00s
[2024-10-12T10:22:41.048+0800][info] Attempting full compaction
[2024-10-12T10:22:41.048+0800][info] GC(150) Using 3 workers of 48 for full compaction
[2024-10-12T10:22:41.048+0800][info] GC(150) Pause Full (G1 Compaction Pause)
[2024-10-12T10:22:41.048+0800][info] GC(150) Phase 1: Mark live objects
[2024-10-12T10:22:41.051+0800][info] GC(150) Phase 1: Mark live objects 2.919ms
[2024-10-12T10:22:41.051+0800][info] GC(150) Phase 2: Prepare for compaction
[2024-10-12T10:22:41.052+0800][info] GC(150) Phase 2: Prepare for compaction 0.801ms
[2024-10-12T10:22:41.052+0800][info] GC(150) Phase 3: Adjust pointers
[2024-10-12T10:22:41.054+0800][info] GC(150) Phase 3: Adjust pointers 1.502ms
[2024-10-12T10:22:41.054+0800][info] GC(150) Phase 4: Compact heap
[2024-10-12T10:22:41.069+0800][info] GC(150) Phase 4: Compact heap 15.108ms
[2024-10-12T10:22:41.070+0800][info] GC(150) Eden regions: 0->0(4)
[2024-10-12T10:22:41.070+0800][info] GC(150) Survivor regions: 0->0(0)
[2024-10-12T10:22:41.070+0800][info] GC(150) Old regions: 59->38
[2024-10-12T10:22:41.070+0800][info] GC(150) Archive regions: 2->2
[2024-10-12T10:22:41.070+0800][info] GC(150) Humongous regions: 3->3
[2024-10-12T10:22:41.070+0800][info] GC(150) Metaspace: 1588K(1792K)->1588K(1792K) NonClass: 1464K(1600K)->1464K(1600K) Class: 124K(192K)->124K(192K)
[2024-10-12T10:22:41.070+0800][info] GC(150) Pause Full (G1 Compaction Pause) 124M->71M(128M) 22.000ms
[2024-10-12T10:22:41.070+0800][info] GC(150) User=0.04s Sys=0.00s Real=0.02s
[2024-10-12T10:22:41.296+0800][info] GC(151) Pause Young (Normal) (G1 Evacuation Pause)
[2024-10-12T10:22:41.296+0800][info] GC(151) Using 3 workers of 48 for evacuation
[2024-10-12T10:22:41.298+0800][info] GC(151)   Pre Evacuate Collection Set: 0.1ms
[2024-10-12T10:22:41.298+0800][info] GC(151)   Merge Heap Roots: 0.0ms
[2024-10-12T10:22:41.298+0800][info] GC(151)   Evacuate Collection Set: 1.1ms
[2024-10-12T10:22:41.298+0800][info] GC(151)   Post Evacuate Collection Set: 0.2ms
[2024-10-12T10:22:41.298+0800][info] GC(151)   Other: 0.2ms
[2024-10-12T10:22:41.298+0800][info] GC(151) Eden regions: 4->0(2)
[2024-10-12T10:22:41.298+0800][info] GC(151) Survivor regions: 0->1(1)
[2024-10-12T10:22:41.298+0800][info] GC(151) Old regions: 38->42
[2024-10-12T10:22:41.298+0800][info] GC(151) Archive regions: 2->2
[2024-10-12T10:22:41.298+0800][info] GC(151) Humongous regions: 3->3
[2024-10-12T10:22:41.298+0800][info] GC(151) Metaspace: 1589K(1792K)->1589K(1792K) NonClass: 1464K(1600K)->1464K(1600K) Class: 124K(192K)->124K(192K)
[2024-10-12T10:22:41.298+0800][info] GC(151) Pause Young (Normal) (G1 Evacuation Pause) 78M->79M(128M) 1.842ms
[2024-10-12T10:22:41.298+0800][info] GC(151) User=0.00s Sys=0.00s Real=0.00s
[2024-10-12T10:22:41.400+0800][info] GC(152) Pause Young (Normal) (G1 Evacuation Pause)
[2024-10-12T10:22:41.400+0800][info] GC(152) Using 3 workers of 48 for evacuation
[2024-10-12T10:22:41.401+0800][info] GC(152)   Pre Evacuate Collection Set: 0.1ms
[2024-10-12T10:22:41.401+0800][info] GC(152)   Merge Heap Roots: 0.0ms
[2024-10-12T10:22:41.401+0800][info] GC(152)   Evacuate Collection Set: 0.9ms
[2024-10-12T10:22:41.401+0800][info] GC(152)   Post Evacuate Collection Set: 0.2ms
[2024-10-12T10:22:41.401+0800][info] GC(152)   Other: 0.2ms
[2024-10-12T10:22:41.401+0800][info] GC(152) Eden regions: 2->0(2)
[2024-10-12T10:22:41.401+0800][info] GC(152) Survivor regions: 1->1(1)
[2024-10-12T10:22:41.401+0800][info] GC(152) Old regions: 42->44
[2024-10-12T10:22:41.401+0800][info] GC(152) Archive regions: 2->2
[2024-10-12T10:22:41.401+0800][info] GC(152) Humongous regions: 3->3
[2024-10-12T10:22:41.402+0800][info] GC(152) Metaspace: 1589K(1792K)->1589K(1792K) NonClass: 1464K(1600K)->1464K(1600K) Class: 124K(192K)->124K(192K)
[2024-10-12T10:22:41.402+0800][info] GC(152) Pause Young (Normal) (G1 Evacuation Pause) 83M->83M(128M) 1.546ms
[2024-10-12T10:22:41.402+0800][info] GC(152) User=0.00s Sys=0.00s Real=0.00s
[2024-10-12T10:22:41.504+0800][info] GC(153) Pause Young (Normal) (G1 Evacuation Pause)
[2024-10-12T10:22:41.504+0800][info] GC(153) Using 3 workers of 48 for evacuation
[2024-10-12T10:22:41.506+0800][info] GC(153)   Pre Evacuate Collection Set: 0.1ms
[2024-10-12T10:22:41.506+0800][info] GC(153)   Merge Heap Roots: 0.0ms
[2024-10-12T10:22:41.506+0800][info] GC(153)   Evacuate Collection Set: 0.8ms
[2024-10-12T10:22:41.506+0800][info] GC(153)   Post Evacuate Collection Set: 0.2ms
[2024-10-12T10:22:41.506+0800][info] GC(153)   Other: 0.2ms
[2024-10-12T10:22:41.506+0800][info] GC(153) Eden regions: 2->0(2)
[2024-10-12T10:22:41.506+0800][info] GC(153) Survivor regions: 1->1(1)
[2024-10-12T10:22:41.506+0800][info] GC(153) Old regions: 44->46
[2024-10-12T10:22:41.506+0800][info] GC(153) Archive regions: 2->2
[2024-10-12T10:22:41.506+0800][info] GC(153) Humongous regions: 3->3
[2024-10-12T10:22:41.506+0800][info] GC(153) Metaspace: 1589K(1792K)->1589K(1792K) NonClass: 1464K(1600K)->1464K(1600K) Class: 124K(192K)->124K(192K)
[2024-10-12T10:22:41.506+0800][info] GC(153) Pause Young (Normal) (G1 Evacuation Pause) 87M->87M(128M) 1.482ms
[2024-10-12T10:22:41.506+0800][info] GC(153) User=0.00s Sys=0.00s Real=0.01s
[2024-10-12T10:22:41.608+0800][info] GC(154) Pause Young (Normal) (G1 Evacuation Pause)
[2024-10-12T10:22:41.608+0800][info] GC(154) Using 3 workers of 48 for evacuation
[2024-10-12T10:22:41.609+0800][info] GC(154)   Pre Evacuate Collection Set: 0.1ms
[2024-10-12T10:22:41.609+0800][info] GC(154)   Merge Heap Roots: 0.0ms
[2024-10-12T10:22:41.609+0800][info] GC(154)   Evacuate Collection Set: 0.6ms
[2024-10-12T10:22:41.609+0800][info] GC(154)   Post Evacuate Collection Set: 0.2ms
[2024-10-12T10:22:41.609+0800][info] GC(154)   Other: 0.2ms
[2024-10-12T10:22:41.609+0800][info] GC(154) Eden regions: 2->0(2)
[2024-10-12T10:22:41.609+0800][info] GC(154) Survivor regions: 1->1(1)
[2024-10-12T10:22:41.609+0800][info] GC(154) Old regions: 46->47
[2024-10-12T10:22:41.609+0800][info] GC(154) Archive regions: 2->2
[2024-10-12T10:22:41.609+0800][info] GC(154) Humongous regions: 3->3
[2024-10-12T10:22:41.609+0800][info] GC(154) Metaspace: 1589K(1792K)->1589K(1792K) NonClass: 1464K(1600K)->1464K(1600K) Class: 124K(192K)->124K(192K)
[2024-10-12T10:22:41.609+0800][info] GC(154) Pause Young (Normal) (G1 Evacuation Pause) 91M->90M(128M) 1.193ms
[2024-10-12T10:22:41.609+0800][info] GC(154) User=0.00s Sys=0.00s Real=0.00s
[2024-10-12T10:22:41.712+0800][info] GC(155) Pause Young (Concurrent Start) (G1 Evacuation Pause)
[2024-10-12T10:22:41.712+0800][info] GC(155) Using 3 workers of 48 for evacuation
[2024-10-12T10:22:41.713+0800][info] GC(155)   Pre Evacuate Collection Set: 0.1ms
[2024-10-12T10:22:41.713+0800][info] GC(155)   Merge Heap Roots: 0.0ms
[2024-10-12T10:22:41.713+0800][info] GC(155)   Evacuate Collection Set: 0.8ms
[2024-10-12T10:22:41.713+0800][info] GC(155)   Post Evacuate Collection Set: 0.2ms
[2024-10-12T10:22:41.713+0800][info] GC(155)   Other: 0.3ms
[2024-10-12T10:22:41.713+0800][info] GC(155) Eden regions: 2->0(2)
[2024-10-12T10:22:41.713+0800][info] GC(155) Survivor regions: 1->1(1)
[2024-10-12T10:22:41.713+0800][info] GC(155) Old regions: 47->49
[2024-10-12T10:22:41.713+0800][info] GC(155) Archive regions: 2->2
[2024-10-12T10:22:41.713+0800][info] GC(155) Humongous regions: 3->3
[2024-10-12T10:22:41.713+0800][info] GC(155) Metaspace: 1616K(1792K)->1616K(1792K) NonClass: 1492K(1600K)->1492K(1600K) Class: 124K(192K)->124K(192K)
[2024-10-12T10:22:41.713+0800][info] GC(155) Pause Young (Concurrent Start) (G1 Evacuation Pause) 94M->94M(128M) 1.628ms
[2024-10-12T10:22:41.713+0800][info] GC(155) User=0.01s Sys=0.00s Real=0.01s
[2024-10-12T10:22:41.713+0800][info] GC(156) Concurrent Mark Cycle
[2024-10-12T10:22:41.713+0800][info] GC(156) Concurrent Clear Claimed Marks
[2024-10-12T10:22:41.713+0800][info] GC(156) Concurrent Clear Claimed Marks 0.010ms
[2024-10-12T10:22:41.713+0800][info] GC(156) Concurrent Scan Root Regions
[2024-10-12T10:22:41.713+0800][info] GC(156) Concurrent Scan Root Regions 0.096ms
[2024-10-12T10:22:41.713+0800][info] GC(156) Concurrent Mark
[2024-10-12T10:22:41.713+0800][info] GC(156) Concurrent Mark From Roots
[2024-10-12T10:22:41.713+0800][info] GC(156) Using 12 workers of 12 for marking
[2024-10-12T10:22:41.717+0800][info] GC(156) Concurrent Mark From Roots 3.298ms
[2024-10-12T10:22:41.717+0800][info] GC(156) Concurrent Preclean
[2024-10-12T10:22:41.719+0800][info] GC(156) Concurrent Preclean 1.731ms
[2024-10-12T10:22:41.719+0800][info] GC(156) Pause Remark
[2024-10-12T10:22:41.720+0800][info] GC(156) Pause Remark 95M->95M(128M) 1.449ms
[2024-10-12T10:22:41.720+0800][info] GC(156) User=0.01s Sys=0.00s Real=0.00s
[2024-10-12T10:22:41.720+0800][info] GC(156) Concurrent Mark 6.736ms
[2024-10-12T10:22:41.720+0800][info] GC(156) Concurrent Rebuild Remembered Sets
[2024-10-12T10:22:41.723+0800][info] GC(156) Concurrent Rebuild Remembered Sets 2.562ms
[2024-10-12T10:22:41.723+0800][info] GC(156) Pause Cleanup
[2024-10-12T10:22:41.723+0800][info] GC(156) Pause Cleanup 95M->95M(128M) 0.193ms
[2024-10-12T10:22:41.723+0800][info] GC(156) User=0.00s Sys=0.00s Real=0.00s
[2024-10-12T10:22:41.723+0800][info] GC(156) Concurrent Cleanup for Next Mark
[2024-10-12T10:22:41.724+0800][info] GC(156) Concurrent Cleanup for Next Mark 0.387ms
[2024-10-12T10:22:41.724+0800][info] GC(156) Concurrent Mark Cycle 10.260ms
[2024-10-12T10:22:41.867+0800][info] GC(157) Pause Young (Prepare Mixed) (G1 Evacuation Pause)
[2024-10-12T10:22:41.867+0800][info] GC(157) Using 3 workers of 48 for evacuation
[2024-10-12T10:22:41.868+0800][info] GC(157)   Pre Evacuate Collection Set: 0.1ms
[2024-10-12T10:22:41.868+0800][info] GC(157)   Merge Heap Roots: 0.1ms
[2024-10-12T10:22:41.868+0800][info] GC(157)   Evacuate Collection Set: 0.8ms
[2024-10-12T10:22:41.868+0800][info] GC(157)   Post Evacuate Collection Set: 0.2ms
[2024-10-12T10:22:41.868+0800][info] GC(157)   Other: 0.2ms
[2024-10-12T10:22:41.868+0800][info] GC(157) Eden regions: 2->0(2)
[2024-10-12T10:22:41.868+0800][info] GC(157) Survivor regions: 1->1(1)
[2024-10-12T10:22:41.868+0800][info] GC(157) Old regions: 49->51
[2024-10-12T10:22:41.868+0800][info] GC(157) Archive regions: 2->2
[2024-10-12T10:22:41.868+0800][info] GC(157) Humongous regions: 3->3
[2024-10-12T10:22:41.868+0800][info] GC(157) Metaspace: 1616K(1792K)->1616K(1792K) NonClass: 1492K(1600K)->1492K(1600K) Class: 124K(192K)->124K(192K)
[2024-10-12T10:22:41.868+0800][info] GC(157) Pause Young (Prepare Mixed) (G1 Evacuation Pause) 98M->98M(128M) 1.481ms
[2024-10-12T10:22:41.868+0800][info] GC(157) User=0.00s Sys=0.00s Real=0.00s
[2024-10-12T10:22:41.971+0800][info] GC(158) Pause Young (Mixed) (G1 Preventive Collection)
[2024-10-12T10:22:41.971+0800][info] GC(158) Using 3 workers of 48 for evacuation
[2024-10-12T10:22:41.973+0800][info] GC(158)   Pre Evacuate Collection Set: 0.2ms
[2024-10-12T10:22:41.973+0800][info] GC(158)   Merge Heap Roots: 0.1ms
[2024-10-12T10:22:41.973+0800][info] GC(158)   Evacuate Collection Set: 1.3ms
[2024-10-12T10:22:41.973+0800][info] GC(158)   Post Evacuate Collection Set: 0.2ms
[2024-10-12T10:22:41.973+0800][info] GC(158)   Other: 0.2ms
[2024-10-12T10:22:41.973+0800][info] GC(158) Eden regions: 2->0(2)
[2024-10-12T10:22:41.973+0800][info] GC(158) Survivor regions: 1->1(1)
[2024-10-12T10:22:41.973+0800][info] GC(158) Old regions: 51->48
[2024-10-12T10:22:41.973+0800][info] GC(158) Archive regions: 2->2
[2024-10-12T10:22:41.973+0800][info] GC(158) Humongous regions: 3->3
[2024-10-12T10:22:41.973+0800][info] GC(158) Metaspace: 1616K(1792K)->1616K(1792K) NonClass: 1492K(1600K)->1492K(1600K) Class: 124K(192K)->124K(192K)
[2024-10-12T10:22:41.973+0800][info] GC(158) Pause Young (Mixed) (G1 Preventive Collection) 101M->95M(128M) 2.153ms
[2024-10-12T10:22:41.973+0800][info] GC(158) User=0.00s Sys=0.00s Real=0.01s
[2024-10-12T10:22:42.075+0800][info] GC(159) Pause Young (Mixed) (G1 Evacuation Pause)
[2024-10-12T10:22:42.075+0800][info] GC(159) Using 3 workers of 48 for evacuation
[2024-10-12T10:22:42.077+0800][info] GC(159)   Pre Evacuate Collection Set: 0.2ms
[2024-10-12T10:22:42.077+0800][info] GC(159)   Merge Heap Roots: 0.1ms
[2024-10-12T10:22:42.077+0800][info] GC(159)   Evacuate Collection Set: 1.7ms
[2024-10-12T10:22:42.078+0800][info] GC(159)   Post Evacuate Collection Set: 0.2ms
[2024-10-12T10:22:42.078+0800][info] GC(159)   Other: 0.1ms
[2024-10-12T10:22:42.078+0800][info] GC(159) Eden regions: 2->0(2)
[2024-10-12T10:22:42.078+0800][info] GC(159) Survivor regions: 1->1(1)
[2024-10-12T10:22:42.078+0800][info] GC(159) Old regions: 48->47
[2024-10-12T10:22:42.078+0800][info] GC(159) Archive regions: 2->2
[2024-10-12T10:22:42.078+0800][info] GC(159) Humongous regions: 3->3
[2024-10-12T10:22:42.078+0800][info] GC(159) Metaspace: 1616K(1792K)->1616K(1792K) NonClass: 1492K(1600K)->1492K(1600K) Class: 124K(192K)->124K(192K)
[2024-10-12T10:22:42.078+0800][info] GC(159) Pause Young (Mixed) (G1 Evacuation Pause) 99M->95M(128M) 2.360ms
[2024-10-12T10:22:42.078+0800][info] GC(159) User=0.01s Sys=0.00s Real=0.00s
[2024-10-12T10:22:42.180+0800][info] GC(160) Pause Young (Mixed) (G1 Evacuation Pause)
[2024-10-12T10:22:42.180+0800][info] GC(160) Using 3 workers of 48 for evacuation
[2024-10-12T10:22:42.183+0800][info] GC(160)   Pre Evacuate Collection Set: 0.2ms
[2024-10-12T10:22:42.183+0800][info] GC(160)   Merge Heap Roots: 0.1ms
[2024-10-12T10:22:42.183+0800][info] GC(160)   Evacuate Collection Set: 1.8ms
[2024-10-12T10:22:42.183+0800][info] GC(160)   Post Evacuate Collection Set: 0.2ms
[2024-10-12T10:22:42.183+0800][info] GC(160)   Other: 0.1ms
[2024-10-12T10:22:42.183+0800][info] GC(160) Eden regions: 2->0(2)
[2024-10-12T10:22:42.183+0800][info] GC(160) Survivor regions: 1->1(1)
[2024-10-12T10:22:42.183+0800][info] GC(160) Old regions: 47->46
[2024-10-12T10:22:42.183+0800][info] GC(160) Archive regions: 2->2
[2024-10-12T10:22:42.183+0800][info] GC(160) Humongous regions: 3->3
[2024-10-12T10:22:42.183+0800][info] GC(160) Metaspace: 1616K(1792K)->1616K(1792K) NonClass: 1492K(1600K)->1492K(1600K) Class: 124K(192K)->124K(192K)
[2024-10-12T10:22:42.183+0800][info] GC(160) Pause Young (Mixed) (G1 Evacuation Pause) 98M->95M(128M) 2.556ms
[2024-10-12T10:22:42.183+0800][info] GC(160) User=0.01s Sys=0.00s Real=0.00s
[2024-10-12T10:22:42.285+0800][info] GC(161) Pause Young (Mixed) (G1 Evacuation Pause)
[2024-10-12T10:22:42.285+0800][info] GC(161) Using 3 workers of 48 for evacuation
[2024-10-12T10:22:42.287+0800][info] GC(161)   Pre Evacuate Collection Set: 0.2ms
[2024-10-12T10:22:42.287+0800][info] GC(161)   Merge Heap Roots: 0.1ms
[2024-10-12T10:22:42.287+0800][info] GC(161)   Evacuate Collection Set: 1.8ms
[2024-10-12T10:22:42.287+0800][info] GC(161)   Post Evacuate Collection Set: 0.2ms
[2024-10-12T10:22:42.287+0800][info] GC(161)   Other: 0.1ms
[2024-10-12T10:22:42.287+0800][info] GC(161) Eden regions: 2->0(2)
[2024-10-12T10:22:42.287+0800][info] GC(161) Survivor regions: 1->1(1)
[2024-10-12T10:22:42.287+0800][info] GC(161) Old regions: 46->46
[2024-10-12T10:22:42.287+0800][info] GC(161) Archive regions: 2->2
[2024-10-12T10:22:42.287+0800][info] GC(161) Humongous regions: 3->3
[2024-10-12T10:22:42.287+0800][info] GC(161) Metaspace: 1616K(1792K)->1616K(1792K) NonClass: 1492K(1600K)->1492K(1600K) Class: 124K(192K)->124K(192K)
[2024-10-12T10:22:42.287+0800][info] GC(161) Pause Young (Mixed) (G1 Evacuation Pause) 98M->95M(128M) 2.495ms
[2024-10-12T10:22:42.287+0800][info] GC(161) User=0.01s Sys=0.00s Real=0.01s
[2024-10-12T10:22:42.390+0800][info] GC(162) Pause Young (Normal) (G1 Evacuation Pause)
[2024-10-12T10:22:42.390+0800][info] GC(162) Using 3 workers of 48 for evacuation
[2024-10-12T10:22:42.391+0800][info] GC(162)   Pre Evacuate Collection Set: 0.1ms
[2024-10-12T10:22:42.391+0800][info] GC(162)   Merge Heap Roots: 0.0ms
[2024-10-12T10:22:42.391+0800][info] GC(162)   Evacuate Collection Set: 0.7ms
[2024-10-12T10:22:42.391+0800][info] GC(162)   Post Evacuate Collection Set: 0.2ms
[2024-10-12T10:22:42.391+0800][info] GC(162)   Other: 0.2ms
[2024-10-12T10:22:42.391+0800][info] GC(162) Eden regions: 2->0(2)
[2024-10-12T10:22:42.391+0800][info] GC(162) Survivor regions: 1->1(1)
[2024-10-12T10:22:42.391+0800][info] GC(162) Old regions: 46->48
[2024-10-12T10:22:42.391+0800][info] GC(162) Archive regions: 2->2
[2024-10-12T10:22:42.391+0800][info] GC(162) Humongous regions: 3->3
[2024-10-12T10:22:42.391+0800][info] GC(162) Metaspace: 1616K(1792K)->1616K(1792K) NonClass: 1492K(1600K)->1492K(1600K) Class: 124K(192K)->124K(192K)
[2024-10-12T10:22:42.391+0800][info] GC(162) Pause Young (Normal) (G1 Evacuation Pause) 99M->99M(128M) 1.368ms
[2024-10-12T10:22:42.391+0800][info] GC(162) User=0.00s Sys=0.00s Real=0.00s
[2024-10-12T10:22:42.493+0800][info] GC(163) Pause Young (Normal) (G1 Evacuation Pause)
[2024-10-12T10:22:42.493+0800][info] GC(163) Using 3 workers of 48 for evacuation
[2024-10-12T10:22:42.494+0800][info] GC(163)   Pre Evacuate Collection Set: 0.1ms
[2024-10-12T10:22:42.494+0800][info] GC(163)   Merge Heap Roots: 0.0ms
[2024-10-12T10:22:42.494+0800][info] GC(163)   Evacuate Collection Set: 0.7ms
[2024-10-12T10:22:42.494+0800][info] GC(163)   Post Evacuate Collection Set: 0.2ms
[2024-10-12T10:22:42.494+0800][info] GC(163)   Other: 0.2ms
[2024-10-12T10:22:42.494+0800][info] GC(163) Eden regions: 2->0(2)
[2024-10-12T10:22:42.494+0800][info] GC(163) Survivor regions: 1->1(1)
[2024-10-12T10:22:42.494+0800][info] GC(163) Old regions: 48->49
[2024-10-12T10:22:42.494+0800][info] GC(163) Archive regions: 2->2
[2024-10-12T10:22:42.494+0800][info] GC(163) Humongous regions: 3->3
[2024-10-12T10:22:42.494+0800][info] GC(163) Metaspace: 1616K(1792K)->1616K(1792K) NonClass: 1492K(1600K)->1492K(1600K) Class: 124K(192K)->124K(192K)
[2024-10-12T10:22:42.495+0800][info] GC(163) Pause Young (Normal) (G1 Evacuation Pause) 102M->102M(128M) 1.345ms
[2024-10-12T10:22:42.495+0800][info] GC(163) User=0.00s Sys=0.00s Real=0.00s
[2024-10-12T10:22:42.495+0800][info] GC(164) Pause Young (Concurrent Start) (G1 Humongous Allocation)
[2024-10-12T10:22:42.495+0800][info] GC(164) Using 3 workers of 48 for evacuation
[2024-10-12T10:22:42.496+0800][info] GC(164)   Pre Evacuate Collection Set: 0.0ms
[2024-10-12T10:22:42.496+0800][info] GC(164)   Merge Heap Roots: 0.0ms
[2024-10-12T10:22:42.496+0800][info] GC(164)   Evacuate Collection Set: 0.4ms
[2024-10-12T10:22:42.496+0800][info] GC(164)   Post Evacuate Collection Set: 0.2ms
[2024-10-12T10:22:42.496+0800][info] GC(164)   Other: 0.3ms
[2024-10-12T10:22:42.496+0800][info] GC(164) Eden regions: 1->0(2)
[2024-10-12T10:22:42.496+0800][info] GC(164) Survivor regions: 1->1(1)
[2024-10-12T10:22:42.496+0800][info] GC(164) Old regions: 49->50
[2024-10-12T10:22:42.496+0800][info] GC(164) Archive regions: 2->2
[2024-10-12T10:22:42.496+0800][info] GC(164) Humongous regions: 3->3
[2024-10-12T10:22:42.496+0800][info] GC(164) Metaspace: 1616K(1792K)->1616K(1792K) NonClass: 1492K(1600K)->1492K(1600K) Class: 124K(192K)->124K(192K)
[2024-10-12T10:22:42.496+0800][info] GC(164) Pause Young (Concurrent Start) (G1 Humongous Allocation) 102M->102M(128M) 1.094ms
[2024-10-12T10:22:42.496+0800][info] GC(164) User=0.00s Sys=0.00s Real=0.00s
[2024-10-12T10:22:42.496+0800][info] GC(165) Concurrent Mark Cycle
[2024-10-12T10:22:42.496+0800][info] GC(165) Concurrent Clear Claimed Marks
[2024-10-12T10:22:42.496+0800][info] GC(165) Concurrent Clear Claimed Marks 0.017ms
[2024-10-12T10:22:42.496+0800][info] GC(165) Concurrent Scan Root Regions
[2024-10-12T10:22:42.496+0800][info] GC(165) Concurrent Scan Root Regions 0.151ms
[2024-10-12T10:22:42.496+0800][info] GC(165) Concurrent Mark
[2024-10-12T10:22:42.496+0800][info] GC(165) Concurrent Mark From Roots
[2024-10-12T10:22:42.496+0800][info] GC(165) Using 12 workers of 12 for marking
[2024-10-12T10:22:42.500+0800][info] GC(165) Concurrent Mark From Roots 3.426ms
[2024-10-12T10:22:42.500+0800][info] GC(165) Concurrent Preclean
[2024-10-12T10:22:42.501+0800][info] GC(165) Concurrent Preclean 1.688ms
[2024-10-12T10:22:42.501+0800][info] GC(165) Pause Remark
[2024-10-12T10:22:42.503+0800][info] GC(165) Pause Remark 104M->104M(128M) 1.465ms
[2024-10-12T10:22:42.503+0800][info] GC(165) User=0.00s Sys=0.00s Real=0.00s
[2024-10-12T10:22:42.503+0800][info] GC(165) Concurrent Mark 6.796ms
[2024-10-12T10:22:42.503+0800][info] GC(165) Concurrent Rebuild Remembered Sets
[2024-10-12T10:22:42.505+0800][info] GC(165) Concurrent Rebuild Remembered Sets 1.625ms
[2024-10-12T10:22:42.505+0800][info] GC(165) Pause Cleanup
[2024-10-12T10:22:42.505+0800][info] GC(165) Pause Cleanup 104M->104M(128M) 0.185ms
[2024-10-12T10:22:42.505+0800][info] GC(165) User=0.00s Sys=0.00s Real=0.00s
[2024-10-12T10:22:42.505+0800][info] GC(165) Concurrent Cleanup for Next Mark
[2024-10-12T10:22:42.505+0800][info] GC(165) Concurrent Cleanup for Next Mark 0.401ms
[2024-10-12T10:22:42.506+0800][info] GC(165) Concurrent Mark Cycle 9.530ms
[2024-10-12T10:22:42.670+0800][info] GC(166) Pause Young (Prepare Mixed) (G1 Evacuation Pause)
[2024-10-12T10:22:42.670+0800][info] GC(166) Using 3 workers of 48 for evacuation
[2024-10-12T10:22:42.671+0800][info] GC(166)   Pre Evacuate Collection Set: 0.1ms
[2024-10-12T10:22:42.671+0800][info] GC(166)   Merge Heap Roots: 0.0ms
[2024-10-12T10:22:42.671+0800][info] GC(166)   Evacuate Collection Set: 0.6ms
[2024-10-12T10:22:42.671+0800][info] GC(166)   Post Evacuate Collection Set: 0.2ms
[2024-10-12T10:22:42.671+0800][info] GC(166)   Other: 0.2ms
[2024-10-12T10:22:42.671+0800][info] GC(166) Eden regions: 2->0(2)
[2024-10-12T10:22:42.671+0800][info] GC(166) Survivor regions: 1->1(1)
[2024-10-12T10:22:42.671+0800][info] GC(166) Old regions: 50->52
[2024-10-12T10:22:42.671+0800][info] GC(166) Archive regions: 2->2
[2024-10-12T10:22:42.671+0800][info] GC(166) Humongous regions: 4->3
[2024-10-12T10:22:42.671+0800][info] GC(166) Metaspace: 1616K(1792K)->1616K(1792K) NonClass: 1492K(1600K)->1492K(1600K) Class: 124K(192K)->124K(192K)
[2024-10-12T10:22:42.672+0800][info] GC(166) Pause Young (Prepare Mixed) (G1 Evacuation Pause) 108M->107M(128M) 1.287ms
[2024-10-12T10:22:42.672+0800][info] GC(166) User=0.01s Sys=0.00s Real=0.00s
[2024-10-12T10:22:42.733+0800][info] GC(167) Pause Young (Mixed) (G1 Preventive Collection)
[2024-10-12T10:22:42.733+0800][info] GC(167) Using 3 workers of 48 for evacuation
[2024-10-12T10:22:42.735+0800][info] GC(167)   Pre Evacuate Collection Set: 0.2ms
[2024-10-12T10:22:42.735+0800][info] GC(167)   Merge Heap Roots: 0.1ms
[2024-10-12T10:22:42.735+0800][info] GC(167)   Evacuate Collection Set: 1.3ms
[2024-10-12T10:22:42.735+0800][info] GC(167)   Post Evacuate Collection Set: 0.2ms
[2024-10-12T10:22:42.735+0800][info] GC(167)   Other: 0.2ms
[2024-10-12T10:22:42.735+0800][info] GC(167) Eden regions: 1->0(2)
[2024-10-12T10:22:42.735+0800][info] GC(167) Survivor regions: 1->1(1)
[2024-10-12T10:22:42.735+0800][info] GC(167) Old regions: 52->48
[2024-10-12T10:22:42.735+0800][info] GC(167) Archive regions: 2->2
[2024-10-12T10:22:42.735+0800][info] GC(167) Humongous regions: 3->3
[2024-10-12T10:22:42.735+0800][info] GC(167) Metaspace: 1616K(1792K)->1616K(1792K) NonClass: 1492K(1600K)->1492K(1600K) Class: 124K(192K)->124K(192K)
[2024-10-12T10:22:42.735+0800][info] GC(167) Pause Young (Mixed) (G1 Preventive Collection) 109M->101M(128M) 2.023ms
[2024-10-12T10:22:42.735+0800][info] GC(167) User=0.00s Sys=0.00s Real=0.01s
[2024-10-12T10:22:42.837+0800][info] GC(168) Pause Young (Mixed) (G1 Evacuation Pause)
[2024-10-12T10:22:42.838+0800][info] GC(168) Using 3 workers of 48 for evacuation
[2024-10-12T10:22:42.840+0800][info] GC(168)   Pre Evacuate Collection Set: 0.2ms
[2024-10-12T10:22:42.840+0800][info] GC(168)   Merge Heap Roots: 0.1ms
[2024-10-12T10:22:42.840+0800][info] GC(168)   Evacuate Collection Set: 1.6ms
[2024-10-12T10:22:42.840+0800][info] GC(168)   Post Evacuate Collection Set: 0.2ms
[2024-10-12T10:22:42.840+0800][info] GC(168)   Other: 0.1ms
[2024-10-12T10:22:42.840+0800][info] GC(168) Eden regions: 2->0(2)
[2024-10-12T10:22:42.840+0800][info] GC(168) Survivor regions: 1->1(1)
[2024-10-12T10:22:42.840+0800][info] GC(168) Old regions: 48->47
[2024-10-12T10:22:42.840+0800][info] GC(168) Archive regions: 2->2
[2024-10-12T10:22:42.840+0800][info] GC(168) Humongous regions: 3->3
[2024-10-12T10:22:42.840+0800][info] GC(168) Metaspace: 1616K(1792K)->1616K(1792K) NonClass: 1492K(1600K)->1492K(1600K) Class: 124K(192K)->124K(192K)
[2024-10-12T10:22:42.840+0800][info] GC(168) Pause Young (Mixed) (G1 Evacuation Pause) 105M->99M(128M) 2.243ms
[2024-10-12T10:22:42.840+0800][info] GC(168) User=0.01s Sys=0.00s Real=0.00s
[2024-10-12T10:22:42.942+0800][info] GC(169) Pause Young (Mixed) (G1 Evacuation Pause)
[2024-10-12T10:22:42.942+0800][info] GC(169) Using 3 workers of 48 for evacuation
[2024-10-12T10:22:42.944+0800][info] GC(169)   Pre Evacuate Collection Set: 0.2ms
[2024-10-12T10:22:42.944+0800][info] GC(169)   Merge Heap Roots: 0.1ms
[2024-10-12T10:22:42.944+0800][info] GC(169)   Evacuate Collection Set: 1.7ms
[2024-10-12T10:22:42.944+0800][info] GC(169)   Post Evacuate Collection Set: 0.2ms
[2024-10-12T10:22:42.944+0800][info] GC(169)   Other: 0.1ms
[2024-10-12T10:22:42.944+0800][info] GC(169) Eden regions: 2->0(2)
[2024-10-12T10:22:42.944+0800][info] GC(169) Survivor regions: 1->1(1)
[2024-10-12T10:22:42.944+0800][info] GC(169) Old regions: 47->45
[2024-10-12T10:22:42.944+0800][info] GC(169) Archive regions: 2->2
[2024-10-12T10:22:42.944+0800][info] GC(169) Humongous regions: 3->3
[2024-10-12T10:22:42.944+0800][info] GC(169) Metaspace: 1616K(1792K)->1616K(1792K) NonClass: 1492K(1600K)->1492K(1600K) Class: 124K(192K)->124K(192K)
[2024-10-12T10:22:42.944+0800][info] GC(169) Pause Young (Mixed) (G1 Evacuation Pause) 103M->97M(128M) 2.335ms
[2024-10-12T10:22:42.944+0800][info] GC(169) User=0.00s Sys=0.01s Real=0.00s
[2024-10-12T10:22:43.046+0800][info] GC(170) Pause Young (Mixed) (G1 Evacuation Pause)
[2024-10-12T10:22:43.046+0800][info] GC(170) Using 3 workers of 48 for evacuation
[2024-10-12T10:22:43.049+0800][info] GC(170)   Pre Evacuate Collection Set: 0.4ms
[2024-10-12T10:22:43.049+0800][info] GC(170)   Merge Heap Roots: 0.1ms
[2024-10-12T10:22:43.049+0800][info] GC(170)   Evacuate Collection Set: 1.8ms
[2024-10-12T10:22:43.049+0800][info] GC(170)   Post Evacuate Collection Set: 0.2ms
[2024-10-12T10:22:43.049+0800][info] GC(170)   Other: 0.2ms
[2024-10-12T10:22:43.049+0800][info] GC(170) Eden regions: 2->0(2)
[2024-10-12T10:22:43.049+0800][info] GC(170) Survivor regions: 1->1(1)
[2024-10-12T10:22:43.049+0800][info] GC(170) Old regions: 45->45
[2024-10-12T10:22:43.049+0800][info] GC(170) Archive regions: 2->2
[2024-10-12T10:22:43.049+0800][info] GC(170) Humongous regions: 3->3
[2024-10-12T10:22:43.049+0800][info] GC(170) Metaspace: 1616K(1792K)->1616K(1792K) NonClass: 1492K(1600K)->1492K(1600K) Class: 124K(192K)->124K(192K)
[2024-10-12T10:22:43.049+0800][info] GC(170) Pause Young (Mixed) (G1 Evacuation Pause) 100M->97M(128M) 2.792ms
[2024-10-12T10:22:43.049+0800][info] GC(170) User=0.01s Sys=0.00s Real=0.00s
[2024-10-12T10:22:43.151+0800][info] GC(171) Pause Young (Normal) (G1 Evacuation Pause)
[2024-10-12T10:22:43.151+0800][info] GC(171) Using 3 workers of 48 for evacuation
[2024-10-12T10:22:43.153+0800][info] GC(171)   Pre Evacuate Collection Set: 0.1ms
[2024-10-12T10:22:43.153+0800][info] GC(171)   Merge Heap Roots: 0.1ms
[2024-10-12T10:22:43.153+0800][info] GC(171)   Evacuate Collection Set: 0.7ms
[2024-10-12T10:22:43.153+0800][info] GC(171)   Post Evacuate Collection Set: 0.2ms
[2024-10-12T10:22:43.153+0800][info] GC(171)   Other: 0.2ms
[2024-10-12T10:22:43.153+0800][info] GC(171) Eden regions: 2->0(2)
[2024-10-12T10:22:43.153+0800][info] GC(171) Survivor regions: 1->1(1)
[2024-10-12T10:22:43.153+0800][info] GC(171) Old regions: 45->47
[2024-10-12T10:22:43.153+0800][info] GC(171) Archive regions: 2->2
[2024-10-12T10:22:43.153+0800][info] GC(171) Humongous regions: 3->3
[2024-10-12T10:22:43.153+0800][info] GC(171) Metaspace: 1616K(1792K)->1616K(1792K) NonClass: 1492K(1600K)->1492K(1600K) Class: 124K(192K)->124K(192K)
[2024-10-12T10:22:43.153+0800][info] GC(171) Pause Young (Normal) (G1 Evacuation Pause) 101M->101M(128M) 1.340ms
[2024-10-12T10:22:43.153+0800][info] GC(171) User=0.00s Sys=0.00s Real=0.00s
[2024-10-12T10:22:43.255+0800][info] GC(172) Pause Young (Normal) (G1 Evacuation Pause)
[2024-10-12T10:22:43.255+0800][info] GC(172) Using 3 workers of 48 for evacuation
[2024-10-12T10:22:43.257+0800][info] GC(172)   Pre Evacuate Collection Set: 0.1ms
[2024-10-12T10:22:43.257+0800][info] GC(172)   Merge Heap Roots: 0.1ms
[2024-10-12T10:22:43.257+0800][info] GC(172)   Evacuate Collection Set: 0.7ms
[2024-10-12T10:22:43.257+0800][info] GC(172)   Post Evacuate Collection Set: 0.2ms
[2024-10-12T10:22:43.257+0800][info] GC(172)   Other: 0.2ms
[2024-10-12T10:22:43.257+0800][info] GC(172) Eden regions: 2->0(2)
[2024-10-12T10:22:43.257+0800][info] GC(172) Survivor regions: 1->1(1)
[2024-10-12T10:22:43.257+0800][info] GC(172) Old regions: 47->49
[2024-10-12T10:22:43.257+0800][info] GC(172) Archive regions: 2->2
[2024-10-12T10:22:43.257+0800][info] GC(172) Humongous regions: 3->3
[2024-10-12T10:22:43.257+0800][info] GC(172) Metaspace: 1618K(1792K)->1618K(1792K) NonClass: 1494K(1600K)->1494K(1600K) Class: 124K(192K)->124K(192K)
[2024-10-12T10:22:43.257+0800][info] GC(172) Pause Young (Normal) (G1 Evacuation Pause) 105M->105M(128M) 1.337ms
[2024-10-12T10:22:43.257+0800][info] GC(172) User=0.00s Sys=0.00s Real=0.00s
[2024-10-12T10:22:43.359+0800][info] GC(173) Pause Young (Concurrent Start) (G1 Evacuation Pause)
[2024-10-12T10:22:43.359+0800][info] GC(173) Using 3 workers of 48 for evacuation
[2024-10-12T10:22:43.360+0800][info] GC(173)   Pre Evacuate Collection Set: 0.1ms
[2024-10-12T10:22:43.360+0800][info] GC(173)   Merge Heap Roots: 0.0ms
[2024-10-12T10:22:43.360+0800][info] GC(173)   Evacuate Collection Set: 0.8ms
[2024-10-12T10:22:43.360+0800][info] GC(173)   Post Evacuate Collection Set: 0.2ms
[2024-10-12T10:22:43.360+0800][info] GC(173)   Other: 0.4ms
[2024-10-12T10:22:43.360+0800][info] GC(173) Eden regions: 2->0(2)
[2024-10-12T10:22:43.360+0800][info] GC(173) Survivor regions: 1->1(1)
[2024-10-12T10:22:43.360+0800][info] GC(173) Old regions: 49->51
[2024-10-12T10:22:43.360+0800][info] GC(173) Archive regions: 2->2
[2024-10-12T10:22:43.360+0800][info] GC(173) Humongous regions: 3->3
[2024-10-12T10:22:43.360+0800][info] GC(173) Metaspace: 1618K(1792K)->1618K(1792K) NonClass: 1494K(1600K)->1494K(1600K) Class: 124K(192K)->124K(192K)
[2024-10-12T10:22:43.360+0800][info] GC(173) Pause Young (Concurrent Start) (G1 Evacuation Pause) 109M->109M(128M) 1.665ms
[2024-10-12T10:22:43.360+0800][info] GC(173) User=0.00s Sys=0.00s Real=0.00s
[2024-10-12T10:22:43.360+0800][info] GC(174) Concurrent Mark Cycle
[2024-10-12T10:22:43.360+0800][info] GC(174) Concurrent Clear Claimed Marks
[2024-10-12T10:22:43.360+0800][info] GC(174) Concurrent Clear Claimed Marks 0.009ms
[2024-10-12T10:22:43.360+0800][info] GC(174) Concurrent Scan Root Regions
[2024-10-12T10:22:43.361+0800][info] GC(174) Concurrent Scan Root Regions 0.147ms
[2024-10-12T10:22:43.361+0800][info] GC(174) Concurrent Mark
[2024-10-12T10:22:43.361+0800][info] GC(174) Concurrent Mark From Roots
[2024-10-12T10:22:43.361+0800][info] GC(174) Using 12 workers of 12 for marking
[2024-10-12T10:22:43.364+0800][info] GC(174) Concurrent Mark From Roots 3.365ms
[2024-10-12T10:22:43.364+0800][info] GC(174) Concurrent Preclean
[2024-10-12T10:22:43.366+0800][info] GC(174) Concurrent Preclean 1.699ms
[2024-10-12T10:22:43.366+0800][info] GC(174) Pause Remark
[2024-10-12T10:22:43.367+0800][info] GC(174) Pause Remark 110M->108M(128M) 1.528ms
[2024-10-12T10:22:43.367+0800][info] GC(174) User=0.00s Sys=0.00s Real=0.00s
[2024-10-12T10:22:43.368+0800][info] GC(174) Concurrent Mark 6.908ms
[2024-10-12T10:22:43.368+0800][info] GC(174) Concurrent Rebuild Remembered Sets
[2024-10-12T10:22:43.369+0800][info] GC(174) Concurrent Rebuild Remembered Sets 1.581ms
[2024-10-12T10:22:43.369+0800][info] GC(174) Pause Cleanup
[2024-10-12T10:22:43.370+0800][info] GC(174) Pause Cleanup 108M->108M(128M) 0.214ms
[2024-10-12T10:22:43.370+0800][info] GC(174) User=0.00s Sys=0.00s Real=0.00s
[2024-10-12T10:22:43.370+0800][info] GC(174) Concurrent Cleanup for Next Mark
[2024-10-12T10:22:43.370+0800][info] GC(174) Concurrent Cleanup for Next Mark 0.405ms
[2024-10-12T10:22:43.370+0800][info] GC(174) Concurrent Mark Cycle 9.584ms
[2024-10-12T10:22:43.514+0800][info] GC(175) Pause Young (Prepare Mixed) (G1 Evacuation Pause)
[2024-10-12T10:22:43.514+0800][info] GC(175) Using 3 workers of 48 for evacuation
[2024-10-12T10:22:43.515+0800][info] GC(175)   Pre Evacuate Collection Set: 0.1ms
[2024-10-12T10:22:43.515+0800][info] GC(175)   Merge Heap Roots: 0.1ms
[2024-10-12T10:22:43.515+0800][info] GC(175)   Evacuate Collection Set: 0.8ms
[2024-10-12T10:22:43.515+0800][info] GC(175)   Post Evacuate Collection Set: 0.2ms
[2024-10-12T10:22:43.515+0800][info] GC(175)   Other: 0.2ms
[2024-10-12T10:22:43.515+0800][info] GC(175) Eden regions: 2->0(2)
[2024-10-12T10:22:43.515+0800][info] GC(175) Survivor regions: 1->1(1)
[2024-10-12T10:22:43.515+0800][info] GC(175) Old regions: 50->52
[2024-10-12T10:22:43.515+0800][info] GC(175) Archive regions: 2->2
[2024-10-12T10:22:43.515+0800][info] GC(175) Humongous regions: 3->3
[2024-10-12T10:22:43.515+0800][info] GC(175) Metaspace: 1618K(1792K)->1618K(1792K) NonClass: 1494K(1600K)->1494K(1600K) Class: 124K(192K)->124K(192K)
[2024-10-12T10:22:43.516+0800][info] GC(175) Pause Young (Prepare Mixed) (G1 Evacuation Pause) 111M->111M(128M) 1.495ms
[2024-10-12T10:22:43.516+0800][info] GC(175) User=0.00s Sys=0.00s Real=0.00s
[2024-10-12T10:22:43.618+0800][info] GC(176) Pause Young (Mixed) (G1 Preventive Collection)
[2024-10-12T10:22:43.618+0800][info] GC(176) Using 3 workers of 48 for evacuation
[2024-10-12T10:22:43.619+0800][info] GC(176) To-space exhausted
[2024-10-12T10:22:43.619+0800][info] GC(176)   Pre Evacuate Collection Set: 0.2ms
[2024-10-12T10:22:43.619+0800][info] GC(176)   Merge Heap Roots: 0.1ms
[2024-10-12T10:22:43.619+0800][info] GC(176)   Evacuate Collection Set: 1.1ms
[2024-10-12T10:22:43.619+0800][info] GC(176)   Post Evacuate Collection Set: 0.2ms
[2024-10-12T10:22:43.619+0800][info] GC(176)   Other: 0.2ms
[2024-10-12T10:22:43.619+0800][info] GC(176) Eden regions: 2->0(2)
[2024-10-12T10:22:43.619+0800][info] GC(176) Survivor regions: 1->1(1)
[2024-10-12T10:22:43.619+0800][info] GC(176) Old regions: 52->52
[2024-10-12T10:22:43.619+0800][info] GC(176) Archive regions: 2->2
[2024-10-12T10:22:43.619+0800][info] GC(176) Humongous regions: 3->3
[2024-10-12T10:22:43.619+0800][info] GC(176) Metaspace: 1618K(1792K)->1618K(1792K) NonClass: 1494K(1600K)->1494K(1600K) Class: 124K(192K)->124K(192K)
[2024-10-12T10:22:43.619+0800][info] GC(176) Pause Young (Mixed) (G1 Preventive Collection) 115M->112M(128M) 1.797ms
[2024-10-12T10:22:43.619+0800][info] GC(176) User=0.00s Sys=0.00s Real=0.00s
[2024-10-12T10:22:43.681+0800][info] GC(177) Pause Young (Mixed) (G1 Preventive Collection)
[2024-10-12T10:22:43.681+0800][info] GC(177) Using 3 workers of 48 for evacuation
[2024-10-12T10:22:43.683+0800][info] GC(177)   Pre Evacuate Collection Set: 0.2ms
[2024-10-12T10:22:43.683+0800][info] GC(177)   Merge Heap Roots: 0.0ms
[2024-10-12T10:22:43.683+0800][info] GC(177)   Evacuate Collection Set: 1.3ms
[2024-10-12T10:22:43.683+0800][info] GC(177)   Post Evacuate Collection Set: 0.2ms
[2024-10-12T10:22:43.683+0800][info] GC(177)   Other: 0.1ms
[2024-10-12T10:22:43.683+0800][info] GC(177) Eden regions: 1->0(2)
[2024-10-12T10:22:43.683+0800][info] GC(177) Survivor regions: 1->1(1)
[2024-10-12T10:22:43.683+0800][info] GC(177) Old regions: 52->49
[2024-10-12T10:22:43.683+0800][info] GC(177) Archive regions: 2->2
[2024-10-12T10:22:43.683+0800][info] GC(177) Humongous regions: 3->3
[2024-10-12T10:22:43.683+0800][info] GC(177) Metaspace: 1618K(1792K)->1618K(1792K) NonClass: 1494K(1600K)->1494K(1600K) Class: 124K(192K)->124K(192K)
[2024-10-12T10:22:43.683+0800][info] GC(177) Pause Young (Mixed) (G1 Preventive Collection) 114M->106M(128M) 1.975ms
[2024-10-12T10:22:43.683+0800][info] GC(177) User=0.01s Sys=0.01s Real=0.00s
[2024-10-12T10:22:43.785+0800][info] GC(178) Pause Young (Mixed) (G1 Preventive Collection)
[2024-10-12T10:22:43.785+0800][info] GC(178) Using 3 workers of 48 for evacuation
[2024-10-12T10:22:43.788+0800][info] GC(178)   Pre Evacuate Collection Set: 0.2ms
[2024-10-12T10:22:43.788+0800][info] GC(178)   Merge Heap Roots: 0.1ms
[2024-10-12T10:22:43.788+0800][info] GC(178)   Evacuate Collection Set: 1.6ms
[2024-10-12T10:22:43.788+0800][info] GC(178)   Post Evacuate Collection Set: 0.2ms
[2024-10-12T10:22:43.788+0800][info] GC(178)   Other: 0.1ms
[2024-10-12T10:22:43.788+0800][info] GC(178) Eden regions: 2->0(2)
[2024-10-12T10:22:43.788+0800][info] GC(178) Survivor regions: 1->1(1)
[2024-10-12T10:22:43.788+0800][info] GC(178) Old regions: 49->48
[2024-10-12T10:22:43.788+0800][info] GC(178) Archive regions: 2->2
[2024-10-12T10:22:43.788+0800][info] GC(178) Humongous regions: 3->3
[2024-10-12T10:22:43.788+0800][info] GC(178) Metaspace: 1618K(1792K)->1618K(1792K) NonClass: 1494K(1600K)->1494K(1600K) Class: 124K(192K)->124K(192K)
[2024-10-12T10:22:43.788+0800][info] GC(178) Pause Young (Mixed) (G1 Preventive Collection) 110M->104M(128M) 2.276ms
[2024-10-12T10:22:43.788+0800][info] GC(178) User=0.00s Sys=0.00s Real=0.00s
[2024-10-12T10:22:43.890+0800][info] GC(179) Pause Young (Mixed) (G1 Evacuation Pause)
[2024-10-12T10:22:43.890+0800][info] GC(179) Using 3 workers of 48 for evacuation
[2024-10-12T10:22:43.893+0800][info] GC(179)   Pre Evacuate Collection Set: 0.2ms
[2024-10-12T10:22:43.893+0800][info] GC(179)   Merge Heap Roots: 0.1ms
[2024-10-12T10:22:43.893+0800][info] GC(179)   Evacuate Collection Set: 1.9ms
[2024-10-12T10:22:43.893+0800][info] GC(179)   Post Evacuate Collection Set: 0.2ms
[2024-10-12T10:22:43.893+0800][info] GC(179)   Other: 0.1ms
[2024-10-12T10:22:43.893+0800][info] GC(179) Eden regions: 2->0(2)
[2024-10-12T10:22:43.893+0800][info] GC(179) Survivor regions: 1->1(1)
[2024-10-12T10:22:43.893+0800][info] GC(179) Old regions: 48->49
[2024-10-12T10:22:43.893+0800][info] GC(179) Archive regions: 2->2
[2024-10-12T10:22:43.893+0800][info] GC(179) Humongous regions: 3->3
[2024-10-12T10:22:43.893+0800][info] GC(179) Metaspace: 1623K(1792K)->1623K(1792K) NonClass: 1499K(1600K)->1499K(1600K) Class: 124K(192K)->124K(192K)
[2024-10-12T10:22:43.893+0800][info] GC(179) Pause Young (Mixed) (G1 Evacuation Pause) 107M->105M(128M) 2.620ms
[2024-10-12T10:22:43.893+0800][info] GC(179) User=0.00s Sys=0.00s Real=0.00s
[2024-10-12T10:22:43.995+0800][info] GC(180) Pause Young (Normal) (G1 Evacuation Pause)
[2024-10-12T10:22:43.995+0800][info] GC(180) Using 3 workers of 48 for evacuation
[2024-10-12T10:22:43.996+0800][info] GC(180)   Pre Evacuate Collection Set: 0.1ms
[2024-10-12T10:22:43.996+0800][info] GC(180)   Merge Heap Roots: 0.0ms
[2024-10-12T10:22:43.996+0800][info] GC(180)   Evacuate Collection Set: 0.7ms
[2024-10-12T10:22:43.996+0800][info] GC(180)   Post Evacuate Collection Set: 0.2ms
[2024-10-12T10:22:43.996+0800][info] GC(180)   Other: 0.2ms
[2024-10-12T10:22:43.996+0800][info] GC(180) Eden regions: 2->0(2)
[2024-10-12T10:22:43.996+0800][info] GC(180) Survivor regions: 1->1(1)
[2024-10-12T10:22:43.996+0800][info] GC(180) Old regions: 49->50
[2024-10-12T10:22:43.996+0800][info] GC(180) Archive regions: 2->2
[2024-10-12T10:22:43.996+0800][info] GC(180) Humongous regions: 3->3
[2024-10-12T10:22:43.996+0800][info] GC(180) Metaspace: 1623K(1792K)->1623K(1792K) NonClass: 1499K(1600K)->1499K(1600K) Class: 124K(192K)->124K(192K)
[2024-10-12T10:22:43.996+0800][info] GC(180) Pause Young (Normal) (G1 Evacuation Pause) 109M->108M(128M) 1.267ms
[2024-10-12T10:22:43.996+0800][info] GC(180) User=0.00s Sys=0.00s Real=0.00s
[2024-10-12T10:22:44.099+0800][info] GC(181) Pause Young (Concurrent Start) (G1 Evacuation Pause)
[2024-10-12T10:22:44.099+0800][info] GC(181) Using 3 workers of 48 for evacuation
[2024-10-12T10:22:44.100+0800][info] GC(181)   Pre Evacuate Collection Set: 0.1ms
[2024-10-12T10:22:44.100+0800][info] GC(181)   Merge Heap Roots: 0.0ms
[2024-10-12T10:22:44.100+0800][info] GC(181)   Evacuate Collection Set: 0.7ms
[2024-10-12T10:22:44.100+0800][info] GC(181)   Post Evacuate Collection Set: 0.2ms
[2024-10-12T10:22:44.100+0800][info] GC(181)   Other: 0.3ms
[2024-10-12T10:22:44.100+0800][info] GC(181) Eden regions: 2->0(2)
[2024-10-12T10:22:44.100+0800][info] GC(181) Survivor regions: 1->1(1)
[2024-10-12T10:22:44.100+0800][info] GC(181) Old regions: 50->52
[2024-10-12T10:22:44.100+0800][info] GC(181) Archive regions: 2->2
[2024-10-12T10:22:44.100+0800][info] GC(181) Humongous regions: 3->3
[2024-10-12T10:22:44.100+0800][info] GC(181) Metaspace: 1623K(1792K)->1623K(1792K) NonClass: 1499K(1600K)->1499K(1600K) Class: 124K(192K)->124K(192K)
[2024-10-12T10:22:44.100+0800][info] GC(181) Pause Young (Concurrent Start) (G1 Evacuation Pause) 112M->112M(128M) 1.525ms
[2024-10-12T10:22:44.100+0800][info] GC(181) User=0.00s Sys=0.00s Real=0.00s
[2024-10-12T10:22:44.100+0800][info] GC(182) Concurrent Mark Cycle
[2024-10-12T10:22:44.100+0800][info] GC(182) Concurrent Clear Claimed Marks
[2024-10-12T10:22:44.100+0800][info] GC(182) Concurrent Clear Claimed Marks 0.017ms
[2024-10-12T10:22:44.100+0800][info] GC(182) Concurrent Scan Root Regions
[2024-10-12T10:22:44.101+0800][info] GC(182) Concurrent Scan Root Regions 0.117ms
[2024-10-12T10:22:44.101+0800][info] GC(182) Concurrent Mark
[2024-10-12T10:22:44.101+0800][info] GC(182) Concurrent Mark From Roots
[2024-10-12T10:22:44.101+0800][info] GC(182) Using 12 workers of 12 for marking
[2024-10-12T10:22:44.104+0800][info] GC(182) Concurrent Mark From Roots 3.450ms
[2024-10-12T10:22:44.104+0800][info] GC(182) Concurrent Preclean
[2024-10-12T10:22:44.106+0800][info] GC(182) Concurrent Preclean 1.699ms
[2024-10-12T10:22:44.106+0800][info] GC(182) Pause Remark
[2024-10-12T10:22:44.108+0800][info] GC(182) Pause Remark 112M->110M(128M) 1.640ms
[2024-10-12T10:22:44.108+0800][info] GC(182) User=0.00s Sys=0.00s Real=0.00s
[2024-10-12T10:22:44.108+0800][info] GC(182) Concurrent Mark 7.062ms
[2024-10-12T10:22:44.108+0800][info] GC(182) Concurrent Rebuild Remembered Sets
[2024-10-12T10:22:44.110+0800][info] GC(182) Concurrent Rebuild Remembered Sets 2.124ms
[2024-10-12T10:22:44.110+0800][info] GC(182) Pause Cleanup
[2024-10-12T10:22:44.110+0800][info] GC(182) Pause Cleanup 110M->110M(128M) 0.212ms
[2024-10-12T10:22:44.110+0800][info] GC(182) User=0.00s Sys=0.00s Real=0.00s
[2024-10-12T10:22:44.110+0800][info] GC(182) Concurrent Cleanup for Next Mark
[2024-10-12T10:22:44.111+0800][info] GC(182) Concurrent Cleanup for Next Mark 0.394ms
[2024-10-12T10:22:44.111+0800][info] GC(182) Concurrent Mark Cycle 10.271ms
[2024-10-12T10:22:44.254+0800][info] GC(183) Pause Young (Prepare Mixed) (G1 Evacuation Pause)
[2024-10-12T10:22:44.254+0800][info] GC(183) Using 3 workers of 48 for evacuation
[2024-10-12T10:22:44.255+0800][info] GC(183)   Pre Evacuate Collection Set: 0.1ms
[2024-10-12T10:22:44.255+0800][info] GC(183)   Merge Heap Roots: 0.1ms
[2024-10-12T10:22:44.255+0800][info] GC(183)   Evacuate Collection Set: 0.8ms
[2024-10-12T10:22:44.255+0800][info] GC(183)   Post Evacuate Collection Set: 0.2ms
[2024-10-12T10:22:44.255+0800][info] GC(183)   Other: 0.2ms
[2024-10-12T10:22:44.255+0800][info] GC(183) Eden regions: 2->0(2)
[2024-10-12T10:22:44.255+0800][info] GC(183) Survivor regions: 1->1(1)
[2024-10-12T10:22:44.255+0800][info] GC(183) Old regions: 51->53
[2024-10-12T10:22:44.255+0800][info] GC(183) Archive regions: 2->2
[2024-10-12T10:22:44.255+0800][info] GC(183) Humongous regions: 3->3
[2024-10-12T10:22:44.255+0800][info] GC(183) Metaspace: 1623K(1792K)->1623K(1792K) NonClass: 1499K(1600K)->1499K(1600K) Class: 124K(192K)->124K(192K)
[2024-10-12T10:22:44.255+0800][info] GC(183) Pause Young (Prepare Mixed) (G1 Evacuation Pause) 113M->114M(128M) 1.512ms
[2024-10-12T10:22:44.255+0800][info] GC(183) User=0.00s Sys=0.00s Real=0.00s
[2024-10-12T10:22:44.317+0800][info] GC(184) Pause Young (Mixed) (G1 Preventive Collection)
[2024-10-12T10:22:44.317+0800][info] GC(184) Using 3 workers of 48 for evacuation
[2024-10-12T10:22:44.318+0800][info] GC(184)   Pre Evacuate Collection Set: 0.2ms
[2024-10-12T10:22:44.318+0800][info] GC(184)   Merge Heap Roots: 0.0ms
[2024-10-12T10:22:44.318+0800][info] GC(184)   Evacuate Collection Set: 0.8ms
[2024-10-12T10:22:44.318+0800][info] GC(184)   Post Evacuate Collection Set: 0.2ms
[2024-10-12T10:22:44.318+0800][info] GC(184)   Other: 0.2ms
[2024-10-12T10:22:44.318+0800][info] GC(184) Eden regions: 1->0(2)
[2024-10-12T10:22:44.318+0800][info] GC(184) Survivor regions: 1->1(1)
[2024-10-12T10:22:44.318+0800][info] GC(184) Old regions: 53->49
[2024-10-12T10:22:44.318+0800][info] GC(184) Archive regions: 2->2
[2024-10-12T10:22:44.318+0800][info] GC(184) Humongous regions: 3->3
[2024-10-12T10:22:44.318+0800][info] GC(184) Metaspace: 1623K(1792K)->1623K(1792K) NonClass: 1499K(1600K)->1499K(1600K) Class: 124K(192K)->124K(192K)
[2024-10-12T10:22:44.318+0800][info] GC(184) Pause Young (Mixed) (G1 Preventive Collection) 116M->105M(128M) 1.507ms
[2024-10-12T10:22:44.318+0800][info] GC(184) User=0.01s Sys=0.00s Real=0.00s
[2024-10-12T10:22:44.421+0800][info] GC(185) Pause Young (Mixed) (G1 Evacuation Pause)
[2024-10-12T10:22:44.421+0800][info] GC(185) Using 3 workers of 48 for evacuation
[2024-10-12T10:22:44.423+0800][info] GC(185)   Pre Evacuate Collection Set: 0.1ms
[2024-10-12T10:22:44.423+0800][info] GC(185)   Merge Heap Roots: 0.1ms
[2024-10-12T10:22:44.423+0800][info] GC(185)   Evacuate Collection Set: 1.7ms
[2024-10-12T10:22:44.423+0800][info] GC(185)   Post Evacuate Collection Set: 0.2ms
[2024-10-12T10:22:44.423+0800][info] GC(185)   Other: 0.1ms
[2024-10-12T10:22:44.423+0800][info] GC(185) Eden regions: 2->0(2)
[2024-10-12T10:22:44.423+0800][info] GC(185) Survivor regions: 1->1(1)
[2024-10-12T10:22:44.423+0800][info] GC(185) Old regions: 49->47
[2024-10-12T10:22:44.423+0800][info] GC(185) Archive regions: 2->2
[2024-10-12T10:22:44.423+0800][info] GC(185) Humongous regions: 3->3
[2024-10-12T10:22:44.423+0800][info] GC(185) Metaspace: 1623K(1792K)->1623K(1792K) NonClass: 1499K(1600K)->1499K(1600K) Class: 124K(192K)->124K(192K)
[2024-10-12T10:22:44.423+0800][info] GC(185) Pause Young (Mixed) (G1 Evacuation Pause) 108M->102M(128M) 2.305ms
[2024-10-12T10:22:44.423+0800][info] GC(185) User=0.00s Sys=0.00s Real=0.00s
[2024-10-12T10:22:44.525+0800][info] GC(186) Pause Young (Mixed) (G1 Evacuation Pause)
[2024-10-12T10:22:44.525+0800][info] GC(186) Using 3 workers of 48 for evacuation
[2024-10-12T10:22:44.527+0800][info] GC(186)   Pre Evacuate Collection Set: 0.2ms
[2024-10-12T10:22:44.527+0800][info] GC(186)   Merge Heap Roots: 0.1ms
[2024-10-12T10:22:44.527+0800][info] GC(186)   Evacuate Collection Set: 1.9ms
[2024-10-12T10:22:44.527+0800][info] GC(186)   Post Evacuate Collection Set: 0.2ms
[2024-10-12T10:22:44.527+0800][info] GC(186)   Other: 0.1ms
[2024-10-12T10:22:44.527+0800][info] GC(186) Eden regions: 2->0(2)
[2024-10-12T10:22:44.527+0800][info] GC(186) Survivor regions: 1->1(1)
[2024-10-12T10:22:44.527+0800][info] GC(186) Old regions: 47->46
[2024-10-12T10:22:44.527+0800][info] GC(186) Archive regions: 2->2
[2024-10-12T10:22:44.527+0800][info] GC(186) Humongous regions: 3->3
[2024-10-12T10:22:44.527+0800][info] GC(186) Metaspace: 1623K(1792K)->1623K(1792K) NonClass: 1499K(1600K)->1499K(1600K) Class: 124K(192K)->124K(192K)
[2024-10-12T10:22:44.528+0800][info] GC(186) Pause Young (Mixed) (G1 Evacuation Pause) 105M->100M(128M) 2.557ms
[2024-10-12T10:22:44.528+0800][info] GC(186) User=0.00s Sys=0.00s Real=0.01s
[2024-10-12T10:22:44.630+0800][info] GC(187) Pause Young (Mixed) (G1 Evacuation Pause)
[2024-10-12T10:22:44.630+0800][info] GC(187) Using 3 workers of 48 for evacuation
[2024-10-12T10:22:44.632+0800][info] GC(187)   Pre Evacuate Collection Set: 0.2ms
[2024-10-12T10:22:44.633+0800][info] GC(187)   Merge Heap Roots: 0.1ms
[2024-10-12T10:22:44.633+0800][info] GC(187)   Evacuate Collection Set: 2.0ms
[2024-10-12T10:22:44.633+0800][info] GC(187)   Post Evacuate Collection Set: 0.2ms
[2024-10-12T10:22:44.633+0800][info] GC(187)   Other: 0.1ms
[2024-10-12T10:22:44.633+0800][info] GC(187) Eden regions: 2->0(2)
[2024-10-12T10:22:44.633+0800][info] GC(187) Survivor regions: 1->1(1)
[2024-10-12T10:22:44.633+0800][info] GC(187) Old regions: 46->46
[2024-10-12T10:22:44.633+0800][info] GC(187) Archive regions: 2->2
[2024-10-12T10:22:44.633+0800][info] GC(187) Humongous regions: 3->3
[2024-10-12T10:22:44.633+0800][info] GC(187) Metaspace: 1623K(1792K)->1623K(1792K) NonClass: 1499K(1600K)->1499K(1600K) Class: 124K(192K)->124K(192K)
[2024-10-12T10:22:44.633+0800][info] GC(187) Pause Young (Mixed) (G1 Evacuation Pause) 104M->99M(128M) 2.644ms
[2024-10-12T10:22:44.633+0800][info] GC(187) User=0.01s Sys=0.00s Real=0.00s
[2024-10-12T10:22:44.735+0800][info] GC(188) Pause Young (Mixed) (G1 Evacuation Pause)
[2024-10-12T10:22:44.735+0800][info] GC(188) Using 3 workers of 48 for evacuation
[2024-10-12T10:22:44.736+0800][info] GC(188)   Pre Evacuate Collection Set: 0.2ms
[2024-10-12T10:22:44.736+0800][info] GC(188)   Merge Heap Roots: 0.1ms
[2024-10-12T10:22:44.736+0800][info] GC(188)   Evacuate Collection Set: 0.9ms
[2024-10-12T10:22:44.736+0800][info] GC(188)   Post Evacuate Collection Set: 0.2ms
[2024-10-12T10:22:44.736+0800][info] GC(188)   Other: 0.1ms
[2024-10-12T10:22:44.736+0800][info] GC(188) Eden regions: 2->0(2)
[2024-10-12T10:22:44.736+0800][info] GC(188) Survivor regions: 1->1(1)
[2024-10-12T10:22:44.736+0800][info] GC(188) Old regions: 46->47
[2024-10-12T10:22:44.736+0800][info] GC(188) Archive regions: 2->2
[2024-10-12T10:22:44.736+0800][info] GC(188) Humongous regions: 3->3
[2024-10-12T10:22:44.736+0800][info] GC(188) Metaspace: 1623K(1792K)->1623K(1792K) NonClass: 1499K(1600K)->1499K(1600K) Class: 124K(192K)->124K(192K)
[2024-10-12T10:22:44.736+0800][info] GC(188) Pause Young (Mixed) (G1 Evacuation Pause) 103M->101M(128M) 1.585ms
[2024-10-12T10:22:44.736+0800][info] GC(188) User=0.01s Sys=0.00s Real=0.00s
[2024-10-12T10:22:44.839+0800][info] GC(189) Pause Young (Normal) (G1 Evacuation Pause)
[2024-10-12T10:22:44.839+0800][info] GC(189) Using 3 workers of 48 for evacuation
[2024-10-12T10:22:44.840+0800][info] GC(189)   Pre Evacuate Collection Set: 0.1ms
[2024-10-12T10:22:44.840+0800][info] GC(189)   Merge Heap Roots: 0.1ms
[2024-10-12T10:22:44.840+0800][info] GC(189)   Evacuate Collection Set: 0.7ms
[2024-10-12T10:22:44.840+0800][info] GC(189)   Post Evacuate Collection Set: 0.2ms
[2024-10-12T10:22:44.841+0800][info] GC(189)   Other: 0.2ms
[2024-10-12T10:22:44.841+0800][info] GC(189) Eden regions: 2->0(2)
[2024-10-12T10:22:44.841+0800][info] GC(189) Survivor regions: 1->1(1)
[2024-10-12T10:22:44.841+0800][info] GC(189) Old regions: 47->48
[2024-10-12T10:22:44.841+0800][info] GC(189) Archive regions: 2->2
[2024-10-12T10:22:44.841+0800][info] GC(189) Humongous regions: 4->3
[2024-10-12T10:22:44.841+0800][info] GC(189) Metaspace: 1623K(1792K)->1623K(1792K) NonClass: 1499K(1600K)->1499K(1600K) Class: 124K(192K)->124K(192K)
[2024-10-12T10:22:44.841+0800][info] GC(189) Pause Young (Normal) (G1 Evacuation Pause) 106M->104M(128M) 1.337ms
[2024-10-12T10:22:44.841+0800][info] GC(189) User=0.00s Sys=0.00s Real=0.00s
[2024-10-12T10:22:44.943+0800][info] GC(190) Pause Young (Normal) (G1 Evacuation Pause)
[2024-10-12T10:22:44.943+0800][info] GC(190) Using 3 workers of 48 for evacuation
[2024-10-12T10:22:44.944+0800][info] GC(190)   Pre Evacuate Collection Set: 0.1ms
[2024-10-12T10:22:44.944+0800][info] GC(190)   Merge Heap Roots: 0.0ms
[2024-10-12T10:22:44.944+0800][info] GC(190)   Evacuate Collection Set: 0.7ms
[2024-10-12T10:22:44.944+0800][info] GC(190)   Post Evacuate Collection Set: 0.2ms
[2024-10-12T10:22:44.944+0800][info] GC(190)   Other: 0.2ms
[2024-10-12T10:22:44.944+0800][info] GC(190) Eden regions: 2->0(2)
[2024-10-12T10:22:44.944+0800][info] GC(190) Survivor regions: 1->1(1)
[2024-10-12T10:22:44.944+0800][info] GC(190) Old regions: 48->50
[2024-10-12T10:22:44.944+0800][info] GC(190) Archive regions: 2->2
[2024-10-12T10:22:44.944+0800][info] GC(190) Humongous regions: 3->3
[2024-10-12T10:22:44.944+0800][info] GC(190) Metaspace: 1623K(1792K)->1623K(1792K) NonClass: 1499K(1600K)->1499K(1600K) Class: 124K(192K)->124K(192K)
[2024-10-12T10:22:44.944+0800][info] GC(190) Pause Young (Normal) (G1 Evacuation Pause) 108M->108M(128M) 1.301ms
[2024-10-12T10:22:44.944+0800][info] GC(190) User=0.01s Sys=0.00s Real=0.00s
[2024-10-12T10:22:45.046+0800][info] GC(191) Pause Young (Concurrent Start) (G1 Evacuation Pause)
[2024-10-12T10:22:45.046+0800][info] GC(191) Using 3 workers of 48 for evacuation
[2024-10-12T10:22:45.048+0800][info] GC(191)   Pre Evacuate Collection Set: 0.1ms
[2024-10-12T10:22:45.048+0800][info] GC(191)   Merge Heap Roots: 0.0ms
[2024-10-12T10:22:45.048+0800][info] GC(191)   Evacuate Collection Set: 0.8ms
[2024-10-12T10:22:45.048+0800][info] GC(191)   Post Evacuate Collection Set: 0.2ms
[2024-10-12T10:22:45.048+0800][info] GC(191)   Other: 0.3ms
[2024-10-12T10:22:45.048+0800][info] GC(191) Eden regions: 2->0(2)
[2024-10-12T10:22:45.048+0800][info] GC(191) Survivor regions: 1->1(1)
[2024-10-12T10:22:45.048+0800][info] GC(191) Old regions: 50->52
[2024-10-12T10:22:45.048+0800][info] GC(191) Archive regions: 2->2
[2024-10-12T10:22:45.048+0800][info] GC(191) Humongous regions: 3->3
[2024-10-12T10:22:45.048+0800][info] GC(191) Metaspace: 1623K(1792K)->1623K(1792K) NonClass: 1499K(1600K)->1499K(1600K) Class: 124K(192K)->124K(192K)
[2024-10-12T10:22:45.048+0800][info] GC(191) Pause Young (Concurrent Start) (G1 Evacuation Pause) 112M->112M(128M) 1.627ms
[2024-10-12T10:22:45.048+0800][info] GC(191) User=0.00s Sys=0.00s Real=0.00s
[2024-10-12T10:22:45.048+0800][info] GC(192) Concurrent Mark Cycle
[2024-10-12T10:22:45.048+0800][info] GC(192) Concurrent Clear Claimed Marks
[2024-10-12T10:22:45.048+0800][info] GC(192) Concurrent Clear Claimed Marks 0.017ms
[2024-10-12T10:22:45.048+0800][info] GC(192) Concurrent Scan Root Regions
[2024-10-12T10:22:45.048+0800][info] GC(192) Concurrent Scan Root Regions 0.150ms
[2024-10-12T10:22:45.048+0800][info] GC(192) Concurrent Mark
[2024-10-12T10:22:45.048+0800][info] GC(192) Concurrent Mark From Roots
[2024-10-12T10:22:45.048+0800][info] GC(192) Using 12 workers of 12 for marking
[2024-10-12T10:22:45.052+0800][info] GC(192) Concurrent Mark From Roots 3.305ms
[2024-10-12T10:22:45.052+0800][info] GC(192) Concurrent Preclean
[2024-10-12T10:22:45.053+0800][info] GC(192) Concurrent Preclean 1.696ms
[2024-10-12T10:22:45.054+0800][info] GC(192) Pause Remark
[2024-10-12T10:22:45.055+0800][info] GC(192) Pause Remark 113M->113M(128M) 1.472ms
[2024-10-12T10:22:45.055+0800][info] GC(192) User=0.01s Sys=0.00s Real=0.00s
[2024-10-12T10:22:45.055+0800][info] GC(192) Concurrent Mark 6.723ms
[2024-10-12T10:22:45.055+0800][info] GC(192) Concurrent Rebuild Remembered Sets
[2024-10-12T10:22:45.057+0800][info] GC(192) Concurrent Rebuild Remembered Sets 1.619ms
[2024-10-12T10:22:45.057+0800][info] GC(192) Pause Cleanup
[2024-10-12T10:22:45.057+0800][info] GC(192) Pause Cleanup 113M->113M(128M) 0.203ms
[2024-10-12T10:22:45.057+0800][info] GC(192) User=0.00s Sys=0.00s Real=0.00s
[2024-10-12T10:22:45.057+0800][info] GC(192) Concurrent Cleanup for Next Mark
[2024-10-12T10:22:45.058+0800][info] GC(192) Concurrent Cleanup for Next Mark 0.396ms
[2024-10-12T10:22:45.058+0800][info] GC(192) Concurrent Mark Cycle 9.461ms
[2024-10-12T10:22:45.201+0800][info] GC(193) Pause Young (Prepare Mixed) (G1 Preventive Collection)
[2024-10-12T10:22:45.201+0800][info] GC(193) Using 3 workers of 48 for evacuation
[2024-10-12T10:22:45.203+0800][info] GC(193)   Pre Evacuate Collection Set: 0.1ms
[2024-10-12T10:22:45.203+0800][info] GC(193)   Merge Heap Roots: 0.1ms
[2024-10-12T10:22:45.203+0800][info] GC(193)   Evacuate Collection Set: 0.7ms
[2024-10-12T10:22:45.203+0800][info] GC(193)   Post Evacuate Collection Set: 0.2ms
[2024-10-12T10:22:45.203+0800][info] GC(193)   Other: 0.2ms
[2024-10-12T10:22:45.203+0800][info] GC(193) Eden regions: 2->0(2)
[2024-10-12T10:22:45.203+0800][info] GC(193) Survivor regions: 1->1(1)
[2024-10-12T10:22:45.203+0800][info] GC(193) Old regions: 52->54
[2024-10-12T10:22:45.203+0800][info] GC(193) Archive regions: 2->2
[2024-10-12T10:22:45.203+0800][info] GC(193) Humongous regions: 3->3
[2024-10-12T10:22:45.203+0800][info] GC(193) Metaspace: 1623K(1792K)->1623K(1792K) NonClass: 1499K(1600K)->1499K(1600K) Class: 124K(192K)->124K(192K)
[2024-10-12T10:22:45.203+0800][info] GC(193) Pause Young (Prepare Mixed) (G1 Preventive Collection) 116M->116M(128M) 1.445ms
[2024-10-12T10:22:45.203+0800][info] GC(193) User=0.01s Sys=0.00s Real=0.00s
[2024-10-12T10:22:45.265+0800][info] GC(194) Pause Young (Mixed) (G1 Preventive Collection)
[2024-10-12T10:22:45.265+0800][info] GC(194) Using 3 workers of 48 for evacuation
[2024-10-12T10:22:45.266+0800][info] GC(194) To-space exhausted
[2024-10-12T10:22:45.266+0800][info] GC(194)   Pre Evacuate Collection Set: 0.2ms
[2024-10-12T10:22:45.266+0800][info] GC(194)   Merge Heap Roots: 0.1ms
[2024-10-12T10:22:45.266+0800][info] GC(194)   Evacuate Collection Set: 0.9ms
[2024-10-12T10:22:45.266+0800][info] GC(194)   Post Evacuate Collection Set: 0.2ms
[2024-10-12T10:22:45.266+0800][info] GC(194)   Other: 0.2ms
[2024-10-12T10:22:45.266+0800][info] GC(194) Eden regions: 1->0(2)
[2024-10-12T10:22:45.266+0800][info] GC(194) Survivor regions: 1->1(1)
[2024-10-12T10:22:45.266+0800][info] GC(194) Old regions: 54->52
[2024-10-12T10:22:45.266+0800][info] GC(194) Archive regions: 2->2
[2024-10-12T10:22:45.266+0800][info] GC(194) Humongous regions: 3->3
[2024-10-12T10:22:45.266+0800][info] GC(194) Metaspace: 1623K(1792K)->1623K(1792K) NonClass: 1499K(1600K)->1499K(1600K) Class: 124K(192K)->124K(192K)
[2024-10-12T10:22:45.266+0800][info] GC(194) Pause Young (Mixed) (G1 Preventive Collection) 118M->112M(128M) 1.687ms
[2024-10-12T10:22:45.266+0800][info] GC(194) User=0.00s Sys=0.00s Real=0.01s
[2024-10-12T10:22:45.307+0800][info] GC(195) Pause Young (Mixed) (G1 Preventive Collection)
[2024-10-12T10:22:45.307+0800][info] GC(195) Using 3 workers of 48 for evacuation
[2024-10-12T10:22:45.309+0800][info] GC(195) To-space exhausted
[2024-10-12T10:22:45.309+0800][info] GC(195)   Pre Evacuate Collection Set: 0.2ms
[2024-10-12T10:22:45.309+0800][info] GC(195)   Merge Heap Roots: 0.1ms
[2024-10-12T10:22:45.309+0800][info] GC(195)   Evacuate Collection Set: 1.2ms
[2024-10-12T10:22:45.309+0800][info] GC(195)   Post Evacuate Collection Set: 0.2ms
[2024-10-12T10:22:45.309+0800][info] GC(195)   Other: 0.1ms
[2024-10-12T10:22:45.309+0800][info] GC(195) Eden regions: 1->0(2)
[2024-10-12T10:22:45.309+0800][info] GC(195) Survivor regions: 1->1(1)
[2024-10-12T10:22:45.309+0800][info] GC(195) Old regions: 52->52
[2024-10-12T10:22:45.309+0800][info] GC(195) Archive regions: 2->2
[2024-10-12T10:22:45.309+0800][info] GC(195) Humongous regions: 3->3
[2024-10-12T10:22:45.309+0800][info] GC(195) Metaspace: 1623K(1792K)->1623K(1792K) NonClass: 1499K(1600K)->1499K(1600K) Class: 124K(192K)->124K(192K)
[2024-10-12T10:22:45.309+0800][info] GC(195) Pause Young (Mixed) (G1 Preventive Collection) 114M->112M(128M) 1.955ms
[2024-10-12T10:22:45.309+0800][info] GC(195) User=0.00s Sys=0.01s Real=0.00s
[2024-10-12T10:22:45.371+0800][info] GC(196) Pause Young (Mixed) (G1 Preventive Collection)
[2024-10-12T10:22:45.371+0800][info] GC(196) Using 3 workers of 48 for evacuation
[2024-10-12T10:22:45.372+0800][info] GC(196) To-space exhausted
[2024-10-12T10:22:45.373+0800][info] GC(196)   Pre Evacuate Collection Set: 0.2ms
[2024-10-12T10:22:45.373+0800][info] GC(196)   Merge Heap Roots: 0.1ms
[2024-10-12T10:22:45.373+0800][info] GC(196)   Evacuate Collection Set: 1.4ms
[2024-10-12T10:22:45.373+0800][info] GC(196)   Post Evacuate Collection Set: 0.2ms
[2024-10-12T10:22:45.373+0800][info] GC(196)   Other: 0.2ms
[2024-10-12T10:22:45.373+0800][info] GC(196) Eden regions: 1->0(2)
[2024-10-12T10:22:45.373+0800][info] GC(196) Survivor regions: 1->1(1)
[2024-10-12T10:22:45.373+0800][info] GC(196) Old regions: 52->54
[2024-10-12T10:22:45.373+0800][info] GC(196) Archive regions: 2->2
[2024-10-12T10:22:45.373+0800][info] GC(196) Humongous regions: 3->3
[2024-10-12T10:22:45.373+0800][info] GC(196) Metaspace: 1623K(1792K)->1623K(1792K) NonClass: 1499K(1600K)->1499K(1600K) Class: 124K(192K)->124K(192K)
[2024-10-12T10:22:45.373+0800][info] GC(196) Pause Young (Mixed) (G1 Preventive Collection) 114M->116M(128M) 2.156ms
[2024-10-12T10:22:45.373+0800][info] GC(196) User=0.00s Sys=0.00s Real=0.00s
[2024-10-12T10:22:45.414+0800][info] GC(197) Pause Young (Mixed) (G1 Preventive Collection)
[2024-10-12T10:22:45.414+0800][info] GC(197) Using 3 workers of 48 for evacuation
[2024-10-12T10:22:45.415+0800][info] GC(197) To-space exhausted
[2024-10-12T10:22:45.415+0800][info] GC(197)   Pre Evacuate Collection Set: 0.2ms
[2024-10-12T10:22:45.415+0800][info] GC(197)   Merge Heap Roots: 0.1ms
[2024-10-12T10:22:45.415+0800][info] GC(197)   Evacuate Collection Set: 1.0ms
[2024-10-12T10:22:45.415+0800][info] GC(197)   Post Evacuate Collection Set: 0.2ms
[2024-10-12T10:22:45.415+0800][info] GC(197)   Other: 0.2ms
[2024-10-12T10:22:45.415+0800][info] GC(197) Eden regions: 1->0(2)
[2024-10-12T10:22:45.415+0800][info] GC(197) Survivor regions: 1->1(1)
[2024-10-12T10:22:45.415+0800][info] GC(197) Old regions: 54->57
[2024-10-12T10:22:45.415+0800][info] GC(197) Archive regions: 2->2
[2024-10-12T10:22:45.415+0800][info] GC(197) Humongous regions: 3->3
[2024-10-12T10:22:45.415+0800][info] GC(197) Metaspace: 1623K(1792K)->1623K(1792K) NonClass: 1499K(1600K)->1499K(1600K) Class: 124K(192K)->124K(192K)
[2024-10-12T10:22:45.415+0800][info] GC(197) Pause Young (Mixed) (G1 Preventive Collection) 117M->121M(128M) 1.713ms
[2024-10-12T10:22:45.416+0800][info] GC(197) User=0.00s Sys=0.00s Real=0.00s
[2024-10-12T10:22:45.477+0800][info] GC(198) Pause Young (Mixed) (G1 Evacuation Pause)
[2024-10-12T10:22:45.477+0800][info] GC(198) Using 3 workers of 48 for evacuation
[2024-10-12T10:22:45.479+0800][info] GC(198) To-space exhausted
[2024-10-12T10:22:45.479+0800][info] GC(198)   Pre Evacuate Collection Set: 0.1ms
[2024-10-12T10:22:45.479+0800][info] GC(198)   Merge Heap Roots: 0.0ms
[2024-10-12T10:22:45.479+0800][info] GC(198)   Evacuate Collection Set: 0.4ms
[2024-10-12T10:22:45.479+0800][info] GC(198)   Post Evacuate Collection Set: 0.7ms
[2024-10-12T10:22:45.479+0800][info] GC(198)   Other: 0.1ms
[2024-10-12T10:22:45.479+0800][info] GC(198) Eden regions: 1->0(3)
[2024-10-12T10:22:45.479+0800][info] GC(198) Survivor regions: 1->0(0)
[2024-10-12T10:22:45.479+0800][info] GC(198) Old regions: 57->59
[2024-10-12T10:22:45.479+0800][info] GC(198) Archive regions: 2->2
[2024-10-12T10:22:45.479+0800][info] GC(198) Humongous regions: 3->3
[2024-10-12T10:22:45.479+0800][info] GC(198) Metaspace: 1623K(1792K)->1623K(1792K) NonClass: 1499K(1600K)->1499K(1600K) Class: 124K(192K)->124K(192K)
[2024-10-12T10:22:45.479+0800][info] GC(198) Pause Young (Mixed) (G1 Evacuation Pause) 123M->123M(128M) 1.505ms
[2024-10-12T10:22:45.479+0800][info] GC(198) User=0.00s Sys=0.00s Real=0.00s
[2024-10-12T10:22:45.479+0800][info] Attempting full compaction
[2024-10-12T10:22:45.479+0800][info] GC(199) Using 3 workers of 48 for full compaction
[2024-10-12T10:22:45.479+0800][info] GC(199) Pause Full (G1 Compaction Pause)
[2024-10-12T10:22:45.479+0800][info] GC(199) Phase 1: Mark live objects
[2024-10-12T10:22:45.482+0800][info] GC(199) Phase 1: Mark live objects 3.215ms
[2024-10-12T10:22:45.482+0800][info] GC(199) Phase 2: Prepare for compaction
[2024-10-12T10:22:45.483+0800][info] GC(199) Phase 2: Prepare for compaction 0.721ms
[2024-10-12T10:22:45.483+0800][info] GC(199) Phase 3: Adjust pointers
[2024-10-12T10:22:45.485+0800][info] GC(199) Phase 3: Adjust pointers 1.485ms
[2024-10-12T10:22:45.485+0800][info] GC(199) Phase 4: Compact heap
[2024-10-12T10:22:45.497+0800][info] GC(199) Phase 4: Compact heap 12.740ms
[2024-10-12T10:22:45.499+0800][info] GC(199) Eden regions: 0->0(3)
[2024-10-12T10:22:45.499+0800][info] GC(199) Survivor regions: 0->0(0)
[2024-10-12T10:22:45.499+0800][info] GC(199) Old regions: 59->39
[2024-10-12T10:22:45.499+0800][info] GC(199) Archive regions: 2->2
[2024-10-12T10:22:45.499+0800][info] GC(199) Humongous regions: 3->3
[2024-10-12T10:22:45.499+0800][info] GC(199) Metaspace: 1623K(1792K)->1623K(1792K) NonClass: 1499K(1600K)->1499K(1600K) Class: 124K(192K)->124K(192K)
[2024-10-12T10:22:45.499+0800][info] GC(199) Pause Full (G1 Compaction Pause) 123M->72M(128M) 19.741ms
[2024-10-12T10:22:45.499+0800][info] GC(199) User=0.03s Sys=0.01s Real=0.02s
[2024-10-12T10:22:45.663+0800][info] GC(200) Pause Young (Normal) (G1 Evacuation Pause)
[2024-10-12T10:22:45.663+0800][info] GC(200) Using 3 workers of 48 for evacuation
[2024-10-12T10:22:45.664+0800][info] GC(200)   Pre Evacuate Collection Set: 0.1ms
[2024-10-12T10:22:45.664+0800][info] GC(200)   Merge Heap Roots: 0.0ms
[2024-10-12T10:22:45.664+0800][info] GC(200)   Evacuate Collection Set: 0.9ms
[2024-10-12T10:22:45.664+0800][info] GC(200)   Post Evacuate Collection Set: 0.2ms
[2024-10-12T10:22:45.664+0800][info] GC(200)   Other: 0.2ms
[2024-10-12T10:22:45.664+0800][info] GC(200) Eden regions: 3->0(2)
[2024-10-12T10:22:45.664+0800][info] GC(200) Survivor regions: 0->1(1)
[2024-10-12T10:22:45.664+0800][info] GC(200) Old regions: 39->41
[2024-10-12T10:22:45.664+0800][info] GC(200) Archive regions: 2->2
[2024-10-12T10:22:45.664+0800][info] GC(200) Humongous regions: 3->3
[2024-10-12T10:22:45.664+0800][info] GC(200) Metaspace: 1623K(1792K)->1623K(1792K) NonClass: 1499K(1600K)->1499K(1600K) Class: 124K(192K)->124K(192K)
[2024-10-12T10:22:45.664+0800][info] GC(200) Pause Young (Normal) (G1 Evacuation Pause) 78M->78M(128M) 1.545ms
[2024-10-12T10:22:45.664+0800][info] GC(200) User=0.00s Sys=0.00s Real=0.00s
[2024-10-12T10:22:45.766+0800][info] GC(201) Pause Young (Normal) (G1 Evacuation Pause)
[2024-10-12T10:22:45.766+0800][info] GC(201) Using 3 workers of 48 for evacuation
[2024-10-12T10:22:45.767+0800][info] GC(201)   Pre Evacuate Collection Set: 0.1ms
[2024-10-12T10:22:45.767+0800][info] GC(201)   Merge Heap Roots: 0.0ms
[2024-10-12T10:22:45.767+0800][info] GC(201)   Evacuate Collection Set: 0.7ms
[2024-10-12T10:22:45.767+0800][info] GC(201)   Post Evacuate Collection Set: 0.2ms
[2024-10-12T10:22:45.767+0800][info] GC(201)   Other: 0.2ms
[2024-10-12T10:22:45.767+0800][info] GC(201) Eden regions: 2->0(2)
[2024-10-12T10:22:45.768+0800][info] GC(201) Survivor regions: 1->1(1)
[2024-10-12T10:22:45.768+0800][info] GC(201) Old regions: 41->43
[2024-10-12T10:22:45.768+0800][info] GC(201) Archive regions: 2->2
[2024-10-12T10:22:45.768+0800][info] GC(201) Humongous regions: 3->3
[2024-10-12T10:22:45.768+0800][info] GC(201) Metaspace: 1623K(1792K)->1623K(1792K) NonClass: 1499K(1600K)->1499K(1600K) Class: 124K(192K)->124K(192K)
[2024-10-12T10:22:45.768+0800][info] GC(201) Pause Young (Normal) (G1 Evacuation Pause) 81M->81M(128M) 1.286ms
[2024-10-12T10:22:45.768+0800][info] GC(201) User=0.00s Sys=0.00s Real=0.00s
[2024-10-12T10:22:45.870+0800][info] GC(202) Pause Young (Normal) (G1 Evacuation Pause)
[2024-10-12T10:22:45.870+0800][info] GC(202) Using 3 workers of 48 for evacuation
[2024-10-12T10:22:45.871+0800][info] GC(202)   Pre Evacuate Collection Set: 0.1ms
[2024-10-12T10:22:45.871+0800][info] GC(202)   Merge Heap Roots: 0.0ms
[2024-10-12T10:22:45.871+0800][info] GC(202)   Evacuate Collection Set: 0.7ms
[2024-10-12T10:22:45.871+0800][info] GC(202)   Post Evacuate Collection Set: 0.2ms
[2024-10-12T10:22:45.871+0800][info] GC(202)   Other: 0.2ms
[2024-10-12T10:22:45.871+0800][info] GC(202) Eden regions: 2->0(2)
[2024-10-12T10:22:45.871+0800][info] GC(202) Survivor regions: 1->1(1)
[2024-10-12T10:22:45.871+0800][info] GC(202) Old regions: 43->45
[2024-10-12T10:22:45.871+0800][info] GC(202) Archive regions: 2->2
[2024-10-12T10:22:45.871+0800][info] GC(202) Humongous regions: 3->3
[2024-10-12T10:22:45.871+0800][info] GC(202) Metaspace: 1623K(1792K)->1623K(1792K) NonClass: 1499K(1600K)->1499K(1600K) Class: 124K(192K)->124K(192K)
[2024-10-12T10:22:45.871+0800][info] GC(202) Pause Young (Normal) (G1 Evacuation Pause) 85M->85M(128M) 1.275ms
[2024-10-12T10:22:45.871+0800][info] GC(202) User=0.00s Sys=0.00s Real=0.00s
[2024-10-12T10:22:45.973+0800][info] GC(203) Pause Young (Normal) (G1 Evacuation Pause)
[2024-10-12T10:22:45.973+0800][info] GC(203) Using 3 workers of 48 for evacuation
[2024-10-12T10:22:45.975+0800][info] GC(203)   Pre Evacuate Collection Set: 0.1ms
[2024-10-12T10:22:45.975+0800][info] GC(203)   Merge Heap Roots: 0.1ms
[2024-10-12T10:22:45.975+0800][info] GC(203)   Evacuate Collection Set: 0.8ms
[2024-10-12T10:22:45.975+0800][info] GC(203)   Post Evacuate Collection Set: 0.2ms
[2024-10-12T10:22:45.975+0800][info] GC(203)   Other: 0.2ms
[2024-10-12T10:22:45.975+0800][info] GC(203) Eden regions: 2->0(2)
[2024-10-12T10:22:45.975+0800][info] GC(203) Survivor regions: 1->1(1)
[2024-10-12T10:22:45.975+0800][info] GC(203) Old regions: 45->47
[2024-10-12T10:22:45.975+0800][info] GC(203) Archive regions: 2->2
[2024-10-12T10:22:45.975+0800][info] GC(203) Humongous regions: 3->3
[2024-10-12T10:22:45.975+0800][info] GC(203) Metaspace: 1623K(1792K)->1623K(1792K) NonClass: 1499K(1600K)->1499K(1600K) Class: 124K(192K)->124K(192K)
[2024-10-12T10:22:45.975+0800][info] GC(203) Pause Young (Normal) (G1 Evacuation Pause) 88M->88M(128M) 1.417ms
[2024-10-12T10:22:45.975+0800][info] GC(203) User=0.00s Sys=0.00s Real=0.00s
[2024-10-12T10:22:46.077+0800][info] GC(204) Pause Young (Concurrent Start) (G1 Evacuation Pause)
[2024-10-12T10:22:46.077+0800][info] GC(204) Using 3 workers of 48 for evacuation
[2024-10-12T10:22:46.079+0800][info] GC(204)   Pre Evacuate Collection Set: 0.1ms
[2024-10-12T10:22:46.079+0800][info] GC(204)   Merge Heap Roots: 0.0ms
[2024-10-12T10:22:46.079+0800][info] GC(204)   Evacuate Collection Set: 0.8ms
[2024-10-12T10:22:46.079+0800][info] GC(204)   Post Evacuate Collection Set: 0.2ms
[2024-10-12T10:22:46.079+0800][info] GC(204)   Other: 0.3ms
[2024-10-12T10:22:46.079+0800][info] GC(204) Eden regions: 2->0(2)
[2024-10-12T10:22:46.079+0800][info] GC(204) Survivor regions: 1->1(1)
[2024-10-12T10:22:46.079+0800][info] GC(204) Old regions: 47->49
[2024-10-12T10:22:46.079+0800][info] GC(204) Archive regions: 2->2
[2024-10-12T10:22:46.079+0800][info] GC(204) Humongous regions: 3->3
[2024-10-12T10:22:46.079+0800][info] GC(204) Metaspace: 1623K(1792K)->1623K(1792K) NonClass: 1499K(1600K)->1499K(1600K) Class: 124K(192K)->124K(192K)
[2024-10-12T10:22:46.079+0800][info] GC(204) Pause Young (Concurrent Start) (G1 Evacuation Pause) 92M->92M(128M) 1.561ms
[2024-10-12T10:22:46.079+0800][info] GC(204) User=0.01s Sys=0.00s Real=0.00s
[2024-10-12T10:22:46.079+0800][info] GC(205) Concurrent Mark Cycle
[2024-10-12T10:22:46.079+0800][info] GC(205) Concurrent Clear Claimed Marks
[2024-10-12T10:22:46.079+0800][info] GC(205) Concurrent Clear Claimed Marks 0.017ms
[2024-10-12T10:22:46.079+0800][info] GC(205) Concurrent Scan Root Regions
[2024-10-12T10:22:46.079+0800][info] GC(205) Concurrent Scan Root Regions 0.150ms
[2024-10-12T10:22:46.079+0800][info] GC(205) Concurrent Mark
[2024-10-12T10:22:46.079+0800][info] GC(205) Concurrent Mark From Roots
[2024-10-12T10:22:46.079+0800][info] GC(205) Using 12 workers of 12 for marking
[2024-10-12T10:22:46.082+0800][info] GC(205) Concurrent Mark From Roots 3.255ms
[2024-10-12T10:22:46.082+0800][info] GC(205) Concurrent Preclean
[2024-10-12T10:22:46.084+0800][info] GC(205) Concurrent Preclean 1.695ms
[2024-10-12T10:22:46.084+0800][info] GC(205) Pause Remark
[2024-10-12T10:22:46.086+0800][info] GC(205) Pause Remark 93M->93M(128M) 1.410ms
[2024-10-12T10:22:46.086+0800][info] GC(205) User=0.00s Sys=0.00s Real=0.01s
[2024-10-12T10:22:46.086+0800][info] GC(205) Concurrent Mark 6.587ms
[2024-10-12T10:22:46.086+0800][info] GC(205) Concurrent Rebuild Remembered Sets
[2024-10-12T10:22:46.087+0800][info] GC(205) Concurrent Rebuild Remembered Sets 1.698ms
[2024-10-12T10:22:46.088+0800][info] GC(205) Pause Cleanup
[2024-10-12T10:22:46.088+0800][info] GC(205) Pause Cleanup 93M->93M(128M) 0.190ms
[2024-10-12T10:22:46.088+0800][info] GC(205) User=0.00s Sys=0.00s Real=0.00s
[2024-10-12T10:22:46.088+0800][info] GC(205) Concurrent Cleanup for Next Mark
[2024-10-12T10:22:46.088+0800][info] GC(205) Concurrent Cleanup for Next Mark 0.372ms
[2024-10-12T10:22:46.088+0800][info] GC(205) Concurrent Mark Cycle 9.367ms
[2024-10-12T10:22:46.232+0800][info] GC(206) Pause Young (Prepare Mixed) (G1 Evacuation Pause)
[2024-10-12T10:22:46.232+0800][info] GC(206) Using 3 workers of 48 for evacuation
[2024-10-12T10:22:46.233+0800][info] GC(206)   Pre Evacuate Collection Set: 0.1ms
[2024-10-12T10:22:46.233+0800][info] GC(206)   Merge Heap Roots: 0.1ms
[2024-10-12T10:22:46.233+0800][info] GC(206)   Evacuate Collection Set: 0.9ms
[2024-10-12T10:22:46.233+0800][info] GC(206)   Post Evacuate Collection Set: 0.2ms
[2024-10-12T10:22:46.233+0800][info] GC(206)   Other: 0.2ms
[2024-10-12T10:22:46.233+0800][info] GC(206) Eden regions: 2->0(2)
[2024-10-12T10:22:46.233+0800][info] GC(206) Survivor regions: 1->1(1)
[2024-10-12T10:22:46.233+0800][info] GC(206) Old regions: 49->51
[2024-10-12T10:22:46.233+0800][info] GC(206) Archive regions: 2->2
[2024-10-12T10:22:46.233+0800][info] GC(206) Humongous regions: 3->3
[2024-10-12T10:22:46.233+0800][info] GC(206) Metaspace: 1623K(1792K)->1623K(1792K) NonClass: 1499K(1600K)->1499K(1600K) Class: 124K(192K)->124K(192K)
[2024-10-12T10:22:46.233+0800][info] GC(206) Pause Young (Prepare Mixed) (G1 Evacuation Pause) 96M->96M(128M) 1.605ms
[2024-10-12T10:22:46.233+0800][info] GC(206) User=0.01s Sys=0.00s Real=0.01s
[2024-10-12T10:22:46.336+0800][info] GC(207) Pause Young (Mixed) (G1 Preventive Collection)
[2024-10-12T10:22:46.336+0800][info] GC(207) Using 3 workers of 48 for evacuation
[2024-10-12T10:22:46.338+0800][info] GC(207)   Pre Evacuate Collection Set: 0.2ms
[2024-10-12T10:22:46.338+0800][info] GC(207)   Merge Heap Roots: 0.1ms
[2024-10-12T10:22:46.338+0800][info] GC(207)   Evacuate Collection Set: 1.5ms
[2024-10-12T10:22:46.338+0800][info] GC(207)   Post Evacuate Collection Set: 0.2ms
[2024-10-12T10:22:46.338+0800][info] GC(207)   Other: 0.2ms
[2024-10-12T10:22:46.338+0800][info] GC(207) Eden regions: 2->0(2)
[2024-10-12T10:22:46.338+0800][info] GC(207) Survivor regions: 1->1(1)
[2024-10-12T10:22:46.338+0800][info] GC(207) Old regions: 51->48
[2024-10-12T10:22:46.338+0800][info] GC(207) Archive regions: 2->2
[2024-10-12T10:22:46.338+0800][info] GC(207) Humongous regions: 3->3
[2024-10-12T10:22:46.338+0800][info] GC(207) Metaspace: 1623K(1792K)->1623K(1792K) NonClass: 1499K(1600K)->1499K(1600K) Class: 124K(192K)->124K(192K)
[2024-10-12T10:22:46.338+0800][info] GC(207) Pause Young (Mixed) (G1 Preventive Collection) 100M->94M(128M) 2.219ms
[2024-10-12T10:22:46.338+0800][info] GC(207) User=0.01s Sys=0.00s Real=0.00s
[2024-10-12T10:22:46.441+0800][info] GC(208) Pause Young (Mixed) (G1 Evacuation Pause)
[2024-10-12T10:22:46.441+0800][info] GC(208) Using 3 workers of 48 for evacuation
[2024-10-12T10:22:46.443+0800][info] GC(208)   Pre Evacuate Collection Set: 0.2ms
[2024-10-12T10:22:46.443+0800][info] GC(208)   Merge Heap Roots: 0.1ms
[2024-10-12T10:22:46.443+0800][info] GC(208)   Evacuate Collection Set: 1.5ms
[2024-10-12T10:22:46.443+0800][info] GC(208)   Post Evacuate Collection Set: 0.2ms
[2024-10-12T10:22:46.443+0800][info] GC(208)   Other: 0.1ms
[2024-10-12T10:22:46.443+0800][info] GC(208) Eden regions: 2->0(2)
[2024-10-12T10:22:46.443+0800][info] GC(208) Survivor regions: 1->1(1)
[2024-10-12T10:22:46.443+0800][info] GC(208) Old regions: 48->47
[2024-10-12T10:22:46.443+0800][info] GC(208) Archive regions: 2->2
[2024-10-12T10:22:46.443+0800][info] GC(208) Humongous regions: 3->3
[2024-10-12T10:22:46.443+0800][info] GC(208) Metaspace: 1623K(1792K)->1623K(1792K) NonClass: 1499K(1600K)->1499K(1600K) Class: 124K(192K)->124K(192K)
[2024-10-12T10:22:46.443+0800][info] GC(208) Pause Young (Mixed) (G1 Evacuation Pause) 98M->94M(128M) 2.213ms
[2024-10-12T10:22:46.443+0800][info] GC(208) User=0.01s Sys=0.00s Real=0.00s
[2024-10-12T10:22:46.545+0800][info] GC(209) Pause Young (Mixed) (G1 Evacuation Pause)
[2024-10-12T10:22:46.545+0800][info] GC(209) Using 3 workers of 48 for evacuation
[2024-10-12T10:22:46.548+0800][info] GC(209)   Pre Evacuate Collection Set: 0.2ms
[2024-10-12T10:22:46.548+0800][info] GC(209)   Merge Heap Roots: 0.1ms
[2024-10-12T10:22:46.548+0800][info] GC(209)   Evacuate Collection Set: 1.8ms
[2024-10-12T10:22:46.548+0800][info] GC(209)   Post Evacuate Collection Set: 0.2ms
[2024-10-12T10:22:46.548+0800][info] GC(209)   Other: 0.1ms
[2024-10-12T10:22:46.548+0800][info] GC(209) Eden regions: 2->0(2)
[2024-10-12T10:22:46.548+0800][info] GC(209) Survivor regions: 1->1(1)
[2024-10-12T10:22:46.548+0800][info] GC(209) Old regions: 47->46
[2024-10-12T10:22:46.548+0800][info] GC(209) Archive regions: 2->2
[2024-10-12T10:22:46.548+0800][info] GC(209) Humongous regions: 3->3
[2024-10-12T10:22:46.548+0800][info] GC(209) Metaspace: 1623K(1792K)->1623K(1792K) NonClass: 1499K(1600K)->1499K(1600K) Class: 124K(192K)->124K(192K)
[2024-10-12T10:22:46.548+0800][info] GC(209) Pause Young (Mixed) (G1 Evacuation Pause) 98M->95M(128M) 2.538ms
[2024-10-12T10:22:46.548+0800][info] GC(209) User=0.00s Sys=0.00s Real=0.00s
[2024-10-12T10:22:46.650+0800][info] GC(210) Pause Young (Mixed) (G1 Evacuation Pause)
[2024-10-12T10:22:46.650+0800][info] GC(210) Using 3 workers of 48 for evacuation
[2024-10-12T10:22:46.652+0800][info] GC(210)   Pre Evacuate Collection Set: 0.2ms
[2024-10-12T10:22:46.652+0800][info] GC(210)   Merge Heap Roots: 0.0ms
[2024-10-12T10:22:46.652+0800][info] GC(210)   Evacuate Collection Set: 1.1ms
[2024-10-12T10:22:46.652+0800][info] GC(210)   Post Evacuate Collection Set: 0.2ms
[2024-10-12T10:22:46.652+0800][info] GC(210)   Other: 0.1ms
[2024-10-12T10:22:46.652+0800][info] GC(210) Eden regions: 2->0(2)
[2024-10-12T10:22:46.652+0800][info] GC(210) Survivor regions: 1->1(1)
[2024-10-12T10:22:46.652+0800][info] GC(210) Old regions: 46->47
[2024-10-12T10:22:46.652+0800][info] GC(210) Archive regions: 2->2
[2024-10-12T10:22:46.652+0800][info] GC(210) Humongous regions: 3->3
[2024-10-12T10:22:46.652+0800][info] GC(210) Metaspace: 1623K(1792K)->1623K(1792K) NonClass: 1499K(1600K)->1499K(1600K) Class: 124K(192K)->124K(192K)
[2024-10-12T10:22:46.652+0800][info] GC(210) Pause Young (Mixed) (G1 Evacuation Pause) 98M->98M(128M) 1.827ms
[2024-10-12T10:22:46.652+0800][info] GC(210) User=0.00s Sys=0.00s Real=0.00s
[2024-10-12T10:22:46.754+0800][info] GC(211) Pause Young (Normal) (G1 Evacuation Pause)
[2024-10-12T10:22:46.754+0800][info] GC(211) Using 3 workers of 48 for evacuation
[2024-10-12T10:22:46.756+0800][info] GC(211)   Pre Evacuate Collection Set: 0.1ms
[2024-10-12T10:22:46.756+0800][info] GC(211)   Merge Heap Roots: 0.1ms
[2024-10-12T10:22:46.756+0800][info] GC(211)   Evacuate Collection Set: 0.7ms
[2024-10-12T10:22:46.756+0800][info] GC(211)   Post Evacuate Collection Set: 0.2ms
[2024-10-12T10:22:46.756+0800][info] GC(211)   Other: 0.2ms
[2024-10-12T10:22:46.756+0800][info] GC(211) Eden regions: 2->0(2)
[2024-10-12T10:22:46.756+0800][info] GC(211) Survivor regions: 1->1(1)
[2024-10-12T10:22:46.756+0800][info] GC(211) Old regions: 47->49
[2024-10-12T10:22:46.756+0800][info] GC(211) Archive regions: 2->2
[2024-10-12T10:22:46.756+0800][info] GC(211) Humongous regions: 3->3
[2024-10-12T10:22:46.756+0800][info] GC(211) Metaspace: 1623K(1792K)->1623K(1792K) NonClass: 1499K(1600K)->1499K(1600K) Class: 124K(192K)->124K(192K)
[2024-10-12T10:22:46.756+0800][info] GC(211) Pause Young (Normal) (G1 Evacuation Pause) 101M->102M(128M) 1.280ms
[2024-10-12T10:22:46.756+0800][info] GC(211) User=0.01s Sys=0.00s Real=0.00s
[2024-10-12T10:22:46.858+0800][info] GC(212) Pause Young (Normal) (G1 Evacuation Pause)
[2024-10-12T10:22:46.858+0800][info] GC(212) Using 3 workers of 48 for evacuation
[2024-10-12T10:22:46.859+0800][info] GC(212)   Pre Evacuate Collection Set: 0.1ms
[2024-10-12T10:22:46.859+0800][info] GC(212)   Merge Heap Roots: 0.0ms
[2024-10-12T10:22:46.859+0800][info] GC(212)   Evacuate Collection Set: 0.7ms
[2024-10-12T10:22:46.859+0800][info] GC(212)   Post Evacuate Collection Set: 0.2ms
[2024-10-12T10:22:46.859+0800][info] GC(212)   Other: 0.2ms
[2024-10-12T10:22:46.859+0800][info] GC(212) Eden regions: 2->0(2)
[2024-10-12T10:22:46.859+0800][info] GC(212) Survivor regions: 1->1(1)
[2024-10-12T10:22:46.859+0800][info] GC(212) Old regions: 49->51
[2024-10-12T10:22:46.859+0800][info] GC(212) Archive regions: 2->2
[2024-10-12T10:22:46.859+0800][info] GC(212) Humongous regions: 3->3
[2024-10-12T10:22:46.859+0800][info] GC(212) Metaspace: 1623K(1792K)->1623K(1792K) NonClass: 1499K(1600K)->1499K(1600K) Class: 124K(192K)->124K(192K)
[2024-10-12T10:22:46.859+0800][info] GC(212) Pause Young (Normal) (G1 Evacuation Pause) 106M->106M(128M) 1.318ms
[2024-10-12T10:22:46.859+0800][info] GC(212) User=0.00s Sys=0.00s Real=0.00s
[2024-10-12T10:22:46.941+0800][info] GC(213) Pause Young (Concurrent Start) (G1 Humongous Allocation)
[2024-10-12T10:22:46.941+0800][info] GC(213) Using 3 workers of 48 for evacuation
[2024-10-12T10:22:46.942+0800][info] GC(213)   Pre Evacuate Collection Set: 0.1ms
[2024-10-12T10:22:46.942+0800][info] GC(213)   Merge Heap Roots: 0.0ms
[2024-10-12T10:22:46.942+0800][info] GC(213)   Evacuate Collection Set: 0.8ms
[2024-10-12T10:22:46.942+0800][info] GC(213)   Post Evacuate Collection Set: 0.2ms
[2024-10-12T10:22:46.942+0800][info] GC(213)   Other: 0.4ms
[2024-10-12T10:22:46.942+0800][info] GC(213) Eden regions: 2->0(2)
[2024-10-12T10:22:46.942+0800][info] GC(213) Survivor regions: 1->1(1)
[2024-10-12T10:22:46.942+0800][info] GC(213) Old regions: 51->53
[2024-10-12T10:22:46.942+0800][info] GC(213) Archive regions: 2->2
[2024-10-12T10:22:46.942+0800][info] GC(213) Humongous regions: 3->3
[2024-10-12T10:22:46.942+0800][info] GC(213) Metaspace: 1623K(1792K)->1623K(1792K) NonClass: 1499K(1600K)->1499K(1600K) Class: 124K(192K)->124K(192K)
[2024-10-12T10:22:46.942+0800][info] GC(213) Pause Young (Concurrent Start) (G1 Humongous Allocation) 109M->109M(128M) 1.582ms
[2024-10-12T10:22:46.942+0800][info] GC(213) User=0.00s Sys=0.00s Real=0.00s
[2024-10-12T10:22:46.942+0800][info] GC(214) Concurrent Mark Cycle
[2024-10-12T10:22:46.943+0800][info] GC(214) Concurrent Clear Claimed Marks
[2024-10-12T10:22:46.943+0800][info] GC(214) Concurrent Clear Claimed Marks 0.017ms
[2024-10-12T10:22:46.943+0800][info] GC(214) Concurrent Scan Root Regions
[2024-10-12T10:22:46.943+0800][info] GC(214) Concurrent Scan Root Regions 0.158ms
[2024-10-12T10:22:46.943+0800][info] GC(214) Concurrent Mark
[2024-10-12T10:22:46.943+0800][info] GC(214) Concurrent Mark From Roots
[2024-10-12T10:22:46.943+0800][info] GC(214) Using 12 workers of 12 for marking
[2024-10-12T10:22:46.946+0800][info] GC(214) Concurrent Mark From Roots 3.352ms
[2024-10-12T10:22:46.946+0800][info] GC(214) Concurrent Preclean
[2024-10-12T10:22:46.948+0800][info] GC(214) Concurrent Preclean 1.683ms
[2024-10-12T10:22:46.948+0800][info] GC(214) Pause Remark
[2024-10-12T10:22:46.949+0800][info] GC(214) Pause Remark 111M->111M(128M) 1.416ms
[2024-10-12T10:22:46.949+0800][info] GC(214) User=0.00s Sys=0.00s Real=0.00s
[2024-10-12T10:22:46.949+0800][info] GC(214) Concurrent Mark 6.673ms
[2024-10-12T10:22:46.949+0800][info] GC(214) Concurrent Rebuild Remembered Sets
[2024-10-12T10:22:46.951+0800][info] GC(214) Concurrent Rebuild Remembered Sets 1.744ms
[2024-10-12T10:22:46.951+0800][info] GC(214) Pause Cleanup
[2024-10-12T10:22:46.952+0800][info] GC(214) Pause Cleanup 111M->111M(128M) 0.189ms
[2024-10-12T10:22:46.952+0800][info] GC(214) User=0.00s Sys=0.00s Real=0.00s
[2024-10-12T10:22:46.952+0800][info] GC(214) Concurrent Cleanup for Next Mark
[2024-10-12T10:22:46.952+0800][info] GC(214) Concurrent Cleanup for Next Mark 0.396ms
[2024-10-12T10:22:46.952+0800][info] GC(214) Concurrent Mark Cycle 9.521ms
[2024-10-12T10:22:47.056+0800][info] GC(215) Pause Young (Prepare Mixed) (G1 Preventive Collection)
[2024-10-12T10:22:47.056+0800][info] GC(215) Using 3 workers of 48 for evacuation
[2024-10-12T10:22:47.057+0800][info] GC(215)   Pre Evacuate Collection Set: 0.1ms
[2024-10-12T10:22:47.057+0800][info] GC(215)   Merge Heap Roots: 0.1ms
[2024-10-12T10:22:47.057+0800][info] GC(215)   Evacuate Collection Set: 0.6ms
[2024-10-12T10:22:47.057+0800][info] GC(215)   Post Evacuate Collection Set: 0.2ms
[2024-10-12T10:22:47.057+0800][info] GC(215)   Other: 0.2ms
[2024-10-12T10:22:47.057+0800][info] GC(215) Eden regions: 1->0(2)
[2024-10-12T10:22:47.057+0800][info] GC(215) Survivor regions: 1->1(1)
[2024-10-12T10:22:47.057+0800][info] GC(215) Old regions: 53->54
[2024-10-12T10:22:47.057+0800][info] GC(215) Archive regions: 2->2
[2024-10-12T10:22:47.057+0800][info] GC(215) Humongous regions: 4->3
[2024-10-12T10:22:47.057+0800][info] GC(215) Metaspace: 1623K(1792K)->1623K(1792K) NonClass: 1499K(1600K)->1499K(1600K) Class: 124K(192K)->124K(192K)
[2024-10-12T10:22:47.057+0800][info] GC(215) Pause Young (Prepare Mixed) (G1 Preventive Collection) 113M->111M(128M) 1.400ms
[2024-10-12T10:22:47.057+0800][info] GC(215) User=0.00s Sys=0.00s Real=0.00s
[2024-10-12T10:22:47.118+0800][info] GC(216) Pause Young (Mixed) (G1 Preventive Collection)
[2024-10-12T10:22:47.118+0800][info] GC(216) Using 3 workers of 48 for evacuation
[2024-10-12T10:22:47.120+0800][info] GC(216)   Pre Evacuate Collection Set: 0.1ms
[2024-10-12T10:22:47.120+0800][info] GC(216)   Merge Heap Roots: 0.1ms
[2024-10-12T10:22:47.120+0800][info] GC(216)   Evacuate Collection Set: 0.9ms
[2024-10-12T10:22:47.120+0800][info] GC(216)   Post Evacuate Collection Set: 0.2ms
[2024-10-12T10:22:47.120+0800][info] GC(216)   Other: 0.2ms
[2024-10-12T10:22:47.120+0800][info] GC(216) Eden regions: 1->0(2)
[2024-10-12T10:22:47.120+0800][info] GC(216) Survivor regions: 1->1(1)
[2024-10-12T10:22:47.120+0800][info] GC(216) Old regions: 54->49
[2024-10-12T10:22:47.120+0800][info] GC(216) Archive regions: 2->2
[2024-10-12T10:22:47.120+0800][info] GC(216) Humongous regions: 3->3
[2024-10-12T10:22:47.120+0800][info] GC(216) Metaspace: 1623K(1792K)->1623K(1792K) NonClass: 1499K(1600K)->1499K(1600K) Class: 124K(192K)->124K(192K)
[2024-10-12T10:22:47.120+0800][info] GC(216) Pause Young (Mixed) (G1 Preventive Collection) 113M->103M(128M) 1.537ms
[2024-10-12T10:22:47.120+0800][info] GC(216) User=0.00s Sys=0.00s Real=0.00s
[2024-10-12T10:22:47.223+0800][info] GC(217) Pause Young (Mixed) (G1 Evacuation Pause)
[2024-10-12T10:22:47.223+0800][info] GC(217) Using 3 workers of 48 for evacuation
[2024-10-12T10:22:47.225+0800][info] GC(217)   Pre Evacuate Collection Set: 0.2ms
[2024-10-12T10:22:47.225+0800][info] GC(217)   Merge Heap Roots: 0.1ms
[2024-10-12T10:22:47.225+0800][info] GC(217)   Evacuate Collection Set: 1.6ms
[2024-10-12T10:22:47.225+0800][info] GC(217)   Post Evacuate Collection Set: 0.2ms
[2024-10-12T10:22:47.225+0800][info] GC(217)   Other: 0.1ms
[2024-10-12T10:22:47.225+0800][info] GC(217) Eden regions: 2->0(2)
[2024-10-12T10:22:47.225+0800][info] GC(217) Survivor regions: 1->1(1)
[2024-10-12T10:22:47.225+0800][info] GC(217) Old regions: 49->47
[2024-10-12T10:22:47.225+0800][info] GC(217) Archive regions: 2->2
[2024-10-12T10:22:47.225+0800][info] GC(217) Humongous regions: 3->3
[2024-10-12T10:22:47.225+0800][info] GC(217) Metaspace: 1623K(1792K)->1623K(1792K) NonClass: 1499K(1600K)->1499K(1600K) Class: 124K(192K)->124K(192K)
[2024-10-12T10:22:47.225+0800][info] GC(217) Pause Young (Mixed) (G1 Evacuation Pause) 107M->101M(128M) 2.267ms
[2024-10-12T10:22:47.225+0800][info] GC(217) User=0.01s Sys=0.00s Real=0.00s
[2024-10-12T10:22:47.327+0800][info] GC(218) Pause Young (Mixed) (G1 Evacuation Pause)
[2024-10-12T10:22:47.327+0800][info] GC(218) Using 3 workers of 48 for evacuation
[2024-10-12T10:22:47.329+0800][info] GC(218)   Pre Evacuate Collection Set: 0.2ms
[2024-10-12T10:22:47.329+0800][info] GC(218)   Merge Heap Roots: 0.1ms
[2024-10-12T10:22:47.329+0800][info] GC(218)   Evacuate Collection Set: 1.6ms
[2024-10-12T10:22:47.329+0800][info] GC(218)   Post Evacuate Collection Set: 0.2ms
[2024-10-12T10:22:47.329+0800][info] GC(218)   Other: 0.1ms
[2024-10-12T10:22:47.329+0800][info] GC(218) Eden regions: 2->0(2)
[2024-10-12T10:22:47.329+0800][info] GC(218) Survivor regions: 1->1(1)
[2024-10-12T10:22:47.329+0800][info] GC(218) Old regions: 47->46
[2024-10-12T10:22:47.329+0800][info] GC(218) Archive regions: 2->2
[2024-10-12T10:22:47.329+0800][info] GC(218) Humongous regions: 3->3
[2024-10-12T10:22:47.329+0800][info] GC(218) Metaspace: 1623K(1792K)->1623K(1792K) NonClass: 1499K(1600K)->1499K(1600K) Class: 124K(192K)->124K(192K)
[2024-10-12T10:22:47.329+0800][info] GC(218) Pause Young (Mixed) (G1 Evacuation Pause) 104M->99M(128M) 2.292ms
[2024-10-12T10:22:47.329+0800][info] GC(218) User=0.00s Sys=0.00s Real=0.00s
[2024-10-12T10:22:47.432+0800][info] GC(219) Pause Young (Mixed) (G1 Evacuation Pause)
[2024-10-12T10:22:47.432+0800][info] GC(219) Using 3 workers of 48 for evacuation
[2024-10-12T10:22:47.434+0800][info] GC(219)   Pre Evacuate Collection Set: 0.2ms
[2024-10-12T10:22:47.434+0800][info] GC(219)   Merge Heap Roots: 0.1ms
[2024-10-12T10:22:47.434+0800][info] GC(219)   Evacuate Collection Set: 1.9ms
[2024-10-12T10:22:47.434+0800][info] GC(219)   Post Evacuate Collection Set: 0.2ms
[2024-10-12T10:22:47.434+0800][info] GC(219)   Other: 0.1ms
[2024-10-12T10:22:47.434+0800][info] GC(219) Eden regions: 2->0(2)
[2024-10-12T10:22:47.434+0800][info] GC(219) Survivor regions: 1->1(1)
[2024-10-12T10:22:47.434+0800][info] GC(219) Old regions: 46->45
[2024-10-12T10:22:47.434+0800][info] GC(219) Archive regions: 2->2
[2024-10-12T10:22:47.434+0800][info] GC(219) Humongous regions: 3->3
[2024-10-12T10:22:47.434+0800][info] GC(219) Metaspace: 1623K(1792K)->1623K(1792K) NonClass: 1499K(1600K)->1499K(1600K) Class: 124K(192K)->124K(192K)
[2024-10-12T10:22:47.434+0800][info] GC(219) Pause Young (Mixed) (G1 Evacuation Pause) 102M->97M(128M) 2.580ms
[2024-10-12T10:22:47.434+0800][info] GC(219) User=0.00s Sys=0.00s Real=0.01s
[2024-10-12T10:22:47.537+0800][info] GC(220) Pause Young (Mixed) (G1 Evacuation Pause)
[2024-10-12T10:22:47.537+0800][info] GC(220) Using 3 workers of 48 for evacuation
[2024-10-12T10:22:47.538+0800][info] GC(220)   Pre Evacuate Collection Set: 0.1ms
[2024-10-12T10:22:47.538+0800][info] GC(220)   Merge Heap Roots: 0.1ms
[2024-10-12T10:22:47.538+0800][info] GC(220)   Evacuate Collection Set: 1.2ms
[2024-10-12T10:22:47.538+0800][info] GC(220)   Post Evacuate Collection Set: 0.2ms
[2024-10-12T10:22:47.538+0800][info] GC(220)   Other: 0.1ms
[2024-10-12T10:22:47.538+0800][info] GC(220) Eden regions: 2->0(2)
[2024-10-12T10:22:47.538+0800][info] GC(220) Survivor regions: 1->1(1)
[2024-10-12T10:22:47.538+0800][info] GC(220) Old regions: 45->46
[2024-10-12T10:22:47.538+0800][info] GC(220) Archive regions: 2->2
[2024-10-12T10:22:47.538+0800][info] GC(220) Humongous regions: 3->3
[2024-10-12T10:22:47.538+0800][info] GC(220) Metaspace: 1623K(1792K)->1623K(1792K) NonClass: 1499K(1600K)->1499K(1600K) Class: 124K(192K)->124K(192K)
[2024-10-12T10:22:47.538+0800][info] GC(220) Pause Young (Mixed) (G1 Evacuation Pause) 101M->99M(128M) 1.830ms
[2024-10-12T10:22:47.538+0800][info] GC(220) User=0.01s Sys=0.00s Real=0.00s
[2024-10-12T10:22:47.641+0800][info] GC(221) Pause Young (Normal) (G1 Evacuation Pause)
[2024-10-12T10:22:47.641+0800][info] GC(221) Using 3 workers of 48 for evacuation
[2024-10-12T10:22:47.642+0800][info] GC(221)   Pre Evacuate Collection Set: 0.1ms
[2024-10-12T10:22:47.642+0800][info] GC(221)   Merge Heap Roots: 0.1ms
[2024-10-12T10:22:47.642+0800][info] GC(221)   Evacuate Collection Set: 0.8ms
[2024-10-12T10:22:47.642+0800][info] GC(221)   Post Evacuate Collection Set: 0.2ms
[2024-10-12T10:22:47.642+0800][info] GC(221)   Other: 0.2ms
[2024-10-12T10:22:47.642+0800][info] GC(221) Eden regions: 2->0(2)
[2024-10-12T10:22:47.642+0800][info] GC(221) Survivor regions: 1->1(1)
[2024-10-12T10:22:47.642+0800][info] GC(221) Old regions: 46->48
[2024-10-12T10:22:47.642+0800][info] GC(221) Archive regions: 2->2
[2024-10-12T10:22:47.642+0800][info] GC(221) Humongous regions: 3->3
[2024-10-12T10:22:47.642+0800][info] GC(221) Metaspace: 1623K(1792K)->1623K(1792K) NonClass: 1499K(1600K)->1499K(1600K) Class: 124K(192K)->124K(192K)
[2024-10-12T10:22:47.642+0800][info] GC(221) Pause Young (Normal) (G1 Evacuation Pause) 103M->103M(128M) 1.348ms
[2024-10-12T10:22:47.643+0800][info] GC(221) User=0.00s Sys=0.00s Real=0.00s
[2024-10-12T10:22:47.745+0800][info] GC(222) Pause Young (Normal) (G1 Evacuation Pause)
[2024-10-12T10:22:47.745+0800][info] GC(222) Using 3 workers of 48 for evacuation
[2024-10-12T10:22:47.746+0800][info] GC(222)   Pre Evacuate Collection Set: 0.1ms
[2024-10-12T10:22:47.746+0800][info] GC(222)   Merge Heap Roots: 0.1ms
[2024-10-12T10:22:47.746+0800][info] GC(222)   Evacuate Collection Set: 0.7ms
[2024-10-12T10:22:47.746+0800][info] GC(222)   Post Evacuate Collection Set: 0.2ms
[2024-10-12T10:22:47.746+0800][info] GC(222)   Other: 0.2ms
[2024-10-12T10:22:47.746+0800][info] GC(222) Eden regions: 2->0(2)
[2024-10-12T10:22:47.746+0800][info] GC(222) Survivor regions: 1->1(1)
[2024-10-12T10:22:47.746+0800][info] GC(222) Old regions: 48->50
[2024-10-12T10:22:47.746+0800][info] GC(222) Archive regions: 2->2
[2024-10-12T10:22:47.746+0800][info] GC(222) Humongous regions: 3->3
[2024-10-12T10:22:47.746+0800][info] GC(222) Metaspace: 1623K(1792K)->1623K(1792K) NonClass: 1499K(1600K)->1499K(1600K) Class: 124K(192K)->124K(192K)
[2024-10-12T10:22:47.746+0800][info] GC(222) Pause Young (Normal) (G1 Evacuation Pause) 107M->107M(128M) 1.336ms
[2024-10-12T10:22:47.746+0800][info] GC(222) User=0.01s Sys=0.00s Real=0.01s
[2024-10-12T10:22:47.848+0800][info] GC(223) Pause Young (Concurrent Start) (G1 Evacuation Pause)
[2024-10-12T10:22:47.848+0800][info] GC(223) Using 3 workers of 48 for evacuation
[2024-10-12T10:22:47.850+0800][info] GC(223)   Pre Evacuate Collection Set: 0.1ms
[2024-10-12T10:22:47.850+0800][info] GC(223)   Merge Heap Roots: 0.0ms
[2024-10-12T10:22:47.850+0800][info] GC(223)   Evacuate Collection Set: 0.7ms
[2024-10-12T10:22:47.850+0800][info] GC(223)   Post Evacuate Collection Set: 0.2ms
[2024-10-12T10:22:47.850+0800][info] GC(223)   Other: 0.4ms
[2024-10-12T10:22:47.850+0800][info] GC(223) Eden regions: 2->0(2)
[2024-10-12T10:22:47.850+0800][info] GC(223) Survivor regions: 1->1(1)
[2024-10-12T10:22:47.850+0800][info] GC(223) Old regions: 50->52
[2024-10-12T10:22:47.850+0800][info] GC(223) Archive regions: 2->2
[2024-10-12T10:22:47.850+0800][info] GC(223) Humongous regions: 3->3
[2024-10-12T10:22:47.850+0800][info] GC(223) Metaspace: 1623K(1792K)->1623K(1792K) NonClass: 1499K(1600K)->1499K(1600K) Class: 124K(192K)->124K(192K)
[2024-10-12T10:22:47.850+0800][info] GC(223) Pause Young (Concurrent Start) (G1 Evacuation Pause) 111M->111M(128M) 1.506ms
[2024-10-12T10:22:47.850+0800][info] GC(223) User=0.00s Sys=0.00s Real=0.00s
[2024-10-12T10:22:47.850+0800][info] GC(224) Concurrent Mark Cycle
[2024-10-12T10:22:47.850+0800][info] GC(224) Concurrent Clear Claimed Marks
[2024-10-12T10:22:47.850+0800][info] GC(224) Concurrent Clear Claimed Marks 0.017ms
[2024-10-12T10:22:47.850+0800][info] GC(224) Concurrent Scan Root Regions
[2024-10-12T10:22:47.850+0800][info] GC(224) Concurrent Scan Root Regions 0.159ms
[2024-10-12T10:22:47.850+0800][info] GC(224) Concurrent Mark
[2024-10-12T10:22:47.850+0800][info] GC(224) Concurrent Mark From Roots
[2024-10-12T10:22:47.850+0800][info] GC(224) Using 12 workers of 12 for marking
[2024-10-12T10:22:47.854+0800][info] GC(224) Concurrent Mark From Roots 3.352ms
[2024-10-12T10:22:47.854+0800][info] GC(224) Concurrent Preclean
[2024-10-12T10:22:47.855+0800][info] GC(224) Concurrent Preclean 1.681ms
[2024-10-12T10:22:47.855+0800][info] GC(224) Pause Remark
[2024-10-12T10:22:47.857+0800][info] GC(224) Pause Remark 111M->111M(128M) 1.574ms
[2024-10-12T10:22:47.857+0800][info] GC(224) User=0.01s Sys=0.00s Real=0.00s
[2024-10-12T10:22:47.857+0800][info] GC(224) Concurrent Mark 6.919ms
[2024-10-12T10:22:47.857+0800][info] GC(224) Concurrent Rebuild Remembered Sets
[2024-10-12T10:22:47.859+0800][info] GC(224) Concurrent Rebuild Remembered Sets 1.671ms
[2024-10-12T10:22:47.859+0800][info] GC(224) Pause Cleanup
[2024-10-12T10:22:47.859+0800][info] GC(224) Pause Cleanup 111M->111M(128M) 0.195ms
[2024-10-12T10:22:47.859+0800][info] GC(224) User=0.00s Sys=0.00s Real=0.00s
[2024-10-12T10:22:47.859+0800][info] GC(224) Concurrent Cleanup for Next Mark
[2024-10-12T10:22:47.860+0800][info] GC(224) Concurrent Cleanup for Next Mark 0.400ms
[2024-10-12T10:22:47.860+0800][info] GC(224) Concurrent Mark Cycle 9.705ms
[2024-10-12T10:22:48.003+0800][info] GC(225) Pause Young (Prepare Mixed) (G1 Preventive Collection)
[2024-10-12T10:22:48.003+0800][info] GC(225) Using 3 workers of 48 for evacuation
[2024-10-12T10:22:48.005+0800][info] GC(225)   Pre Evacuate Collection Set: 0.1ms
[2024-10-12T10:22:48.005+0800][info] GC(225)   Merge Heap Roots: 0.0ms
[2024-10-12T10:22:48.005+0800][info] GC(225)   Evacuate Collection Set: 0.8ms
[2024-10-12T10:22:48.005+0800][info] GC(225)   Post Evacuate Collection Set: 0.2ms
[2024-10-12T10:22:48.005+0800][info] GC(225)   Other: 0.2ms
[2024-10-12T10:22:48.005+0800][info] GC(225) Eden regions: 2->0(2)
[2024-10-12T10:22:48.005+0800][info] GC(225) Survivor regions: 1->1(1)
[2024-10-12T10:22:48.005+0800][info] GC(225) Old regions: 52->54
[2024-10-12T10:22:48.005+0800][info] GC(225) Archive regions: 2->2
[2024-10-12T10:22:48.005+0800][info] GC(225) Humongous regions: 3->3
[2024-10-12T10:22:48.005+0800][info] GC(225) Metaspace: 1623K(1792K)->1623K(1792K) NonClass: 1499K(1600K)->1499K(1600K) Class: 124K(192K)->124K(192K)
[2024-10-12T10:22:48.005+0800][info] GC(225) Pause Young (Prepare Mixed) (G1 Preventive Collection) 114M->115M(128M) 1.550ms
[2024-10-12T10:22:48.005+0800][info] GC(225) User=0.01s Sys=0.00s Real=0.00s
[2024-10-12T10:22:48.066+0800][info] GC(226) Pause Young (Mixed) (G1 Preventive Collection)
[2024-10-12T10:22:48.067+0800][info] GC(226) Using 3 workers of 48 for evacuation
[2024-10-12T10:22:48.068+0800][info] GC(226) To-space exhausted
[2024-10-12T10:22:48.068+0800][info] GC(226)   Pre Evacuate Collection Set: 0.2ms
[2024-10-12T10:22:48.068+0800][info] GC(226)   Merge Heap Roots: 0.1ms
[2024-10-12T10:22:48.068+0800][info] GC(226)   Evacuate Collection Set: 1.0ms
[2024-10-12T10:22:48.068+0800][info] GC(226)   Post Evacuate Collection Set: 0.2ms
[2024-10-12T10:22:48.068+0800][info] GC(226)   Other: 0.5ms
[2024-10-12T10:22:48.068+0800][info] GC(226) Eden regions: 1->0(2)
[2024-10-12T10:22:48.068+0800][info] GC(226) Survivor regions: 1->1(1)
[2024-10-12T10:22:48.068+0800][info] GC(226) Old regions: 54->50
[2024-10-12T10:22:48.068+0800][info] GC(226) Archive regions: 2->2
[2024-10-12T10:22:48.068+0800][info] GC(226) Humongous regions: 3->3
[2024-10-12T10:22:48.068+0800][info] GC(226) Metaspace: 1623K(1792K)->1623K(1792K) NonClass: 1499K(1600K)->1499K(1600K) Class: 124K(192K)->124K(192K)
[2024-10-12T10:22:48.068+0800][info] GC(226) Pause Young (Mixed) (G1 Preventive Collection) 116M->108M(128M) 2.015ms
[2024-10-12T10:22:48.068+0800][info] GC(226) User=0.00s Sys=0.00s Real=0.00s
[2024-10-12T10:22:48.171+0800][info] GC(227) Pause Young (Mixed) (G1 Preventive Collection)
[2024-10-12T10:22:48.171+0800][info] GC(227) Using 3 workers of 48 for evacuation
[2024-10-12T10:22:48.173+0800][info] GC(227) To-space exhausted
[2024-10-12T10:22:48.173+0800][info] GC(227)   Pre Evacuate Collection Set: 0.2ms
[2024-10-12T10:22:48.173+0800][info] GC(227)   Merge Heap Roots: 0.1ms
[2024-10-12T10:22:48.173+0800][info] GC(227)   Evacuate Collection Set: 1.5ms
[2024-10-12T10:22:48.173+0800][info] GC(227)   Post Evacuate Collection Set: 0.2ms
[2024-10-12T10:22:48.173+0800][info] GC(227)   Other: 0.2ms
[2024-10-12T10:22:48.173+0800][info] GC(227) Eden regions: 2->0(2)
[2024-10-12T10:22:48.173+0800][info] GC(227) Survivor regions: 1->1(1)
[2024-10-12T10:22:48.173+0800][info] GC(227) Old regions: 50->49
[2024-10-12T10:22:48.173+0800][info] GC(227) Archive regions: 2->2
[2024-10-12T10:22:48.173+0800][info] GC(227) Humongous regions: 3->3
[2024-10-12T10:22:48.173+0800][info] GC(227) Metaspace: 1631K(1792K)->1631K(1792K) NonClass: 1507K(1600K)->1507K(1600K) Class: 124K(192K)->124K(192K)
[2024-10-12T10:22:48.173+0800][info] GC(227) Pause Young (Mixed) (G1 Preventive Collection) 111M->106M(128M) 2.252ms
[2024-10-12T10:22:48.173+0800][info] GC(227) User=0.00s Sys=0.00s Real=0.01s
[2024-10-12T10:22:48.276+0800][info] GC(228) Pause Young (Mixed) (G1 Preventive Collection)
[2024-10-12T10:22:48.276+0800][info] GC(228) Using 3 workers of 48 for evacuation
[2024-10-12T10:22:48.278+0800][info] GC(228)   Pre Evacuate Collection Set: 0.2ms
[2024-10-12T10:22:48.278+0800][info] GC(228)   Merge Heap Roots: 0.1ms
[2024-10-12T10:22:48.278+0800][info] GC(228)   Evacuate Collection Set: 1.6ms
[2024-10-12T10:22:48.278+0800][info] GC(228)   Post Evacuate Collection Set: 0.2ms
[2024-10-12T10:22:48.278+0800][info] GC(228)   Other: 0.1ms
[2024-10-12T10:22:48.278+0800][info] GC(228) Eden regions: 2->0(2)
[2024-10-12T10:22:48.278+0800][info] GC(228) Survivor regions: 1->1(1)
[2024-10-12T10:22:48.278+0800][info] GC(228) Old regions: 49->48
[2024-10-12T10:22:48.278+0800][info] GC(228) Archive regions: 2->2
[2024-10-12T10:22:48.278+0800][info] GC(228) Humongous regions: 3->3
[2024-10-12T10:22:48.278+0800][info] GC(228) Metaspace: 1631K(1792K)->1631K(1792K) NonClass: 1507K(1600K)->1507K(1600K) Class: 124K(192K)->124K(192K)
[2024-10-12T10:22:48.278+0800][info] GC(228) Pause Young (Mixed) (G1 Preventive Collection) 110M->103M(128M) 2.293ms
[2024-10-12T10:22:48.278+0800][info] GC(228) User=0.00s Sys=0.00s Real=0.00s
[2024-10-12T10:22:48.380+0800][info] GC(229) Pause Young (Mixed) (G1 Evacuation Pause)
[2024-10-12T10:22:48.381+0800][info] GC(229) Using 3 workers of 48 for evacuation
[2024-10-12T10:22:48.383+0800][info] GC(229)   Pre Evacuate Collection Set: 0.2ms
[2024-10-12T10:22:48.383+0800][info] GC(229)   Merge Heap Roots: 0.1ms
[2024-10-12T10:22:48.383+0800][info] GC(229)   Evacuate Collection Set: 1.8ms
[2024-10-12T10:22:48.383+0800][info] GC(229)   Post Evacuate Collection Set: 0.2ms
[2024-10-12T10:22:48.383+0800][info] GC(229)   Other: 0.1ms
[2024-10-12T10:22:48.383+0800][info] GC(229) Eden regions: 2->0(2)
[2024-10-12T10:22:48.383+0800][info] GC(229) Survivor regions: 1->1(1)
[2024-10-12T10:22:48.383+0800][info] GC(229) Old regions: 48->47
[2024-10-12T10:22:48.383+0800][info] GC(229) Archive regions: 2->2
[2024-10-12T10:22:48.383+0800][info] GC(229) Humongous regions: 3->3
[2024-10-12T10:22:48.383+0800][info] GC(229) Metaspace: 1634K(1792K)->1634K(1792K) NonClass: 1510K(1600K)->1510K(1600K) Class: 124K(192K)->124K(192K)
[2024-10-12T10:22:48.383+0800][info] GC(229) Pause Young (Mixed) (G1 Evacuation Pause) 106M->101M(128M) 2.557ms
[2024-10-12T10:22:48.383+0800][info] GC(229) User=0.01s Sys=0.00s Real=0.00s
[2024-10-12T10:22:48.485+0800][info] GC(230) Pause Young (Mixed) (G1 Evacuation Pause)
[2024-10-12T10:22:48.485+0800][info] GC(230) Using 3 workers of 48 for evacuation
[2024-10-12T10:22:48.487+0800][info] GC(230)   Pre Evacuate Collection Set: 0.2ms
[2024-10-12T10:22:48.487+0800][info] GC(230)   Merge Heap Roots: 0.1ms
[2024-10-12T10:22:48.487+0800][info] GC(230)   Evacuate Collection Set: 1.2ms
[2024-10-12T10:22:48.487+0800][info] GC(230)   Post Evacuate Collection Set: 0.2ms
[2024-10-12T10:22:48.487+0800][info] GC(230)   Other: 0.1ms
[2024-10-12T10:22:48.487+0800][info] GC(230) Eden regions: 2->0(2)
[2024-10-12T10:22:48.487+0800][info] GC(230) Survivor regions: 1->1(1)
[2024-10-12T10:22:48.487+0800][info] GC(230) Old regions: 47->48
[2024-10-12T10:22:48.487+0800][info] GC(230) Archive regions: 2->2
[2024-10-12T10:22:48.487+0800][info] GC(230) Humongous regions: 3->3
[2024-10-12T10:22:48.487+0800][info] GC(230) Metaspace: 1634K(1792K)->1634K(1792K) NonClass: 1510K(1600K)->1510K(1600K) Class: 124K(192K)->124K(192K)
[2024-10-12T10:22:48.487+0800][info] GC(230) Pause Young (Mixed) (G1 Evacuation Pause) 105M->104M(128M) 1.848ms
[2024-10-12T10:22:48.487+0800][info] GC(230) User=0.01s Sys=0.00s Real=0.00s
[2024-10-12T10:22:48.590+0800][info] GC(231) Pause Young (Normal) (G1 Evacuation Pause)
[2024-10-12T10:22:48.590+0800][info] GC(231) Using 3 workers of 48 for evacuation
[2024-10-12T10:22:48.591+0800][info] GC(231)   Pre Evacuate Collection Set: 0.1ms
[2024-10-12T10:22:48.591+0800][info] GC(231)   Merge Heap Roots: 0.0ms
[2024-10-12T10:22:48.591+0800][info] GC(231)   Evacuate Collection Set: 0.7ms
[2024-10-12T10:22:48.591+0800][info] GC(231)   Post Evacuate Collection Set: 0.2ms
[2024-10-12T10:22:48.591+0800][info] GC(231)   Other: 0.2ms
[2024-10-12T10:22:48.591+0800][info] GC(231) Eden regions: 2->0(2)
[2024-10-12T10:22:48.591+0800][info] GC(231) Survivor regions: 1->1(1)
[2024-10-12T10:22:48.591+0800][info] GC(231) Old regions: 48->50
[2024-10-12T10:22:48.591+0800][info] GC(231) Archive regions: 2->2
[2024-10-12T10:22:48.591+0800][info] GC(231) Humongous regions: 3->3
[2024-10-12T10:22:48.591+0800][info] GC(231) Metaspace: 1634K(1792K)->1634K(1792K) NonClass: 1510K(1600K)->1510K(1600K) Class: 124K(192K)->124K(192K)
[2024-10-12T10:22:48.591+0800][info] GC(231) Pause Young (Normal) (G1 Evacuation Pause) 107M->108M(128M) 1.321ms
[2024-10-12T10:22:48.591+0800][info] GC(231) User=0.00s Sys=0.00s Real=0.00s
[2024-10-12T10:22:48.693+0800][info] GC(232) Pause Young (Concurrent Start) (G1 Evacuation Pause)
[2024-10-12T10:22:48.693+0800][info] GC(232) Using 3 workers of 48 for evacuation
[2024-10-12T10:22:48.695+0800][info] GC(232)   Pre Evacuate Collection Set: 0.1ms
[2024-10-12T10:22:48.695+0800][info] GC(232)   Merge Heap Roots: 0.0ms
[2024-10-12T10:22:48.695+0800][info] GC(232)   Evacuate Collection Set: 0.7ms
[2024-10-12T10:22:48.695+0800][info] GC(232)   Post Evacuate Collection Set: 0.2ms
[2024-10-12T10:22:48.695+0800][info] GC(232)   Other: 0.3ms
[2024-10-12T10:22:48.695+0800][info] GC(232) Eden regions: 2->0(2)
[2024-10-12T10:22:48.695+0800][info] GC(232) Survivor regions: 1->1(1)
[2024-10-12T10:22:48.695+0800][info] GC(232) Old regions: 50->52
[2024-10-12T10:22:48.695+0800][info] GC(232) Archive regions: 2->2
[2024-10-12T10:22:48.695+0800][info] GC(232) Humongous regions: 3->3
[2024-10-12T10:22:48.695+0800][info] GC(232) Metaspace: 1634K(1792K)->1634K(1792K) NonClass: 1510K(1600K)->1510K(1600K) Class: 124K(192K)->124K(192K)
[2024-10-12T10:22:48.695+0800][info] GC(232) Pause Young (Concurrent Start) (G1 Evacuation Pause) 111M->112M(128M) 1.530ms
[2024-10-12T10:22:48.695+0800][info] GC(232) User=0.01s Sys=0.00s Real=0.00s
[2024-10-12T10:22:48.695+0800][info] GC(233) Concurrent Mark Cycle
[2024-10-12T10:22:48.695+0800][info] GC(233) Concurrent Clear Claimed Marks
[2024-10-12T10:22:48.695+0800][info] GC(233) Concurrent Clear Claimed Marks 0.017ms
[2024-10-12T10:22:48.695+0800][info] GC(233) Concurrent Scan Root Regions
[2024-10-12T10:22:48.695+0800][info] GC(233) Concurrent Scan Root Regions 0.114ms
[2024-10-12T10:22:48.695+0800][info] GC(233) Concurrent Mark
[2024-10-12T10:22:48.695+0800][info] GC(233) Concurrent Mark From Roots
[2024-10-12T10:22:48.695+0800][info] GC(233) Using 12 workers of 12 for marking
[2024-10-12T10:22:48.699+0800][info] GC(233) Concurrent Mark From Roots 3.237ms
[2024-10-12T10:22:48.699+0800][info] GC(233) Concurrent Preclean
[2024-10-12T10:22:48.700+0800][info] GC(233) Concurrent Preclean 1.704ms
[2024-10-12T10:22:48.700+0800][info] GC(233) Pause Remark
[2024-10-12T10:22:48.702+0800][info] GC(233) Pause Remark 112M->110M(128M) 1.688ms
[2024-10-12T10:22:48.702+0800][info] GC(233) User=0.01s Sys=0.00s Real=0.00s
[2024-10-12T10:22:48.702+0800][info] GC(233) Concurrent Mark 6.882ms
[2024-10-12T10:22:48.702+0800][info] GC(233) Concurrent Rebuild Remembered Sets
[2024-10-12T10:22:48.704+0800][info] GC(233) Concurrent Rebuild Remembered Sets 1.616ms
[2024-10-12T10:22:48.704+0800][info] GC(233) Pause Cleanup
[2024-10-12T10:22:48.704+0800][info] GC(233) Pause Cleanup 110M->110M(128M) 0.186ms
[2024-10-12T10:22:48.704+0800][info] GC(233) User=0.00s Sys=0.00s Real=0.00s
[2024-10-12T10:22:48.704+0800][info] GC(233) Concurrent Cleanup for Next Mark
[2024-10-12T10:22:48.705+0800][info] GC(233) Concurrent Cleanup for Next Mark 0.359ms
[2024-10-12T10:22:48.705+0800][info] GC(233) Concurrent Mark Cycle 9.525ms
[2024-10-12T10:22:48.849+0800][info] GC(234) Pause Young (Prepare Mixed) (G1 Evacuation Pause)
[2024-10-12T10:22:48.849+0800][info] GC(234) Using 3 workers of 48 for evacuation
[2024-10-12T10:22:48.850+0800][info] GC(234)   Pre Evacuate Collection Set: 0.1ms
[2024-10-12T10:22:48.850+0800][info] GC(234)   Merge Heap Roots: 0.1ms
[2024-10-12T10:22:48.850+0800][info] GC(234)   Evacuate Collection Set: 0.9ms
[2024-10-12T10:22:48.850+0800][info] GC(234)   Post Evacuate Collection Set: 0.2ms
[2024-10-12T10:22:48.850+0800][info] GC(234)   Other: 0.2ms
[2024-10-12T10:22:48.850+0800][info] GC(234) Eden regions: 2->0(2)
[2024-10-12T10:22:48.850+0800][info] GC(234) Survivor regions: 1->1(1)
[2024-10-12T10:22:48.850+0800][info] GC(234) Old regions: 51->53
[2024-10-12T10:22:48.850+0800][info] GC(234) Archive regions: 2->2
[2024-10-12T10:22:48.850+0800][info] GC(234) Humongous regions: 3->3
[2024-10-12T10:22:48.850+0800][info] GC(234) Metaspace: 1634K(1792K)->1634K(1792K) NonClass: 1510K(1600K)->1510K(1600K) Class: 124K(192K)->124K(192K)
[2024-10-12T10:22:48.850+0800][info] GC(234) Pause Young (Prepare Mixed) (G1 Evacuation Pause) 113M->114M(128M) 1.542ms
[2024-10-12T10:22:48.850+0800][info] GC(234) User=0.00s Sys=0.00s Real=0.00s
[2024-10-12T10:22:48.912+0800][info] GC(235) Pause Young (Mixed) (G1 Preventive Collection)
[2024-10-12T10:22:48.912+0800][info] GC(235) Using 3 workers of 48 for evacuation
[2024-10-12T10:22:48.913+0800][info] GC(235)   Pre Evacuate Collection Set: 0.2ms
[2024-10-12T10:22:48.913+0800][info] GC(235)   Merge Heap Roots: 0.0ms
[2024-10-12T10:22:48.913+0800][info] GC(235)   Evacuate Collection Set: 0.9ms
[2024-10-12T10:22:48.913+0800][info] GC(235)   Post Evacuate Collection Set: 0.2ms
[2024-10-12T10:22:48.913+0800][info] GC(235)   Other: 0.2ms
[2024-10-12T10:22:48.913+0800][info] GC(235) Eden regions: 1->0(2)
[2024-10-12T10:22:48.913+0800][info] GC(235) Survivor regions: 1->1(1)
[2024-10-12T10:22:48.913+0800][info] GC(235) Old regions: 53->49
[2024-10-12T10:22:48.913+0800][info] GC(235) Archive regions: 2->2
[2024-10-12T10:22:48.913+0800][info] GC(235) Humongous regions: 3->3
[2024-10-12T10:22:48.913+0800][info] GC(235) Metaspace: 1634K(1792K)->1634K(1792K) NonClass: 1510K(1600K)->1510K(1600K) Class: 124K(192K)->124K(192K)
[2024-10-12T10:22:48.913+0800][info] GC(235) Pause Young (Mixed) (G1 Preventive Collection) 116M->105M(128M) 1.571ms
[2024-10-12T10:22:48.913+0800][info] GC(235) User=0.00s Sys=0.00s Real=0.01s
[2024-10-12T10:22:49.016+0800][info] GC(236) Pause Young (Mixed) (G1 Evacuation Pause)
[2024-10-12T10:22:49.016+0800][info] GC(236) Using 3 workers of 48 for evacuation
[2024-10-12T10:22:49.018+0800][info] GC(236)   Pre Evacuate Collection Set: 0.2ms
[2024-10-12T10:22:49.018+0800][info] GC(236)   Merge Heap Roots: 0.1ms
[2024-10-12T10:22:49.018+0800][info] GC(236)   Evacuate Collection Set: 1.7ms
[2024-10-12T10:22:49.018+0800][info] GC(236)   Post Evacuate Collection Set: 0.2ms
[2024-10-12T10:22:49.018+0800][info] GC(236)   Other: 0.2ms
[2024-10-12T10:22:49.018+0800][info] GC(236) Eden regions: 2->0(2)
[2024-10-12T10:22:49.018+0800][info] GC(236) Survivor regions: 1->1(1)
[2024-10-12T10:22:49.018+0800][info] GC(236) Old regions: 49->47
[2024-10-12T10:22:49.018+0800][info] GC(236) Archive regions: 2->2
[2024-10-12T10:22:49.018+0800][info] GC(236) Humongous regions: 3->3
[2024-10-12T10:22:49.018+0800][info] GC(236) Metaspace: 1634K(1792K)->1634K(1792K) NonClass: 1510K(1600K)->1510K(1600K) Class: 124K(192K)->124K(192K)
[2024-10-12T10:22:49.018+0800][info] GC(236) Pause Young (Mixed) (G1 Evacuation Pause) 109M->102M(128M) 2.404ms
[2024-10-12T10:22:49.018+0800][info] GC(236) User=0.01s Sys=0.00s Real=0.00s
[2024-10-12T10:22:49.121+0800][info] GC(237) Pause Young (Mixed) (G1 Evacuation Pause)
[2024-10-12T10:22:49.121+0800][info] GC(237) Using 3 workers of 48 for evacuation
[2024-10-12T10:22:49.123+0800][info] GC(237)   Pre Evacuate Collection Set: 0.2ms
[2024-10-12T10:22:49.123+0800][info] GC(237)   Merge Heap Roots: 0.1ms
[2024-10-12T10:22:49.123+0800][info] GC(237)   Evacuate Collection Set: 1.6ms
[2024-10-12T10:22:49.123+0800][info] GC(237)   Post Evacuate Collection Set: 0.2ms
[2024-10-12T10:22:49.123+0800][info] GC(237)   Other: 0.1ms
[2024-10-12T10:22:49.123+0800][info] GC(237) Eden regions: 2->0(2)
[2024-10-12T10:22:49.123+0800][info] GC(237) Survivor regions: 1->1(1)
[2024-10-12T10:22:49.123+0800][info] GC(237) Old regions: 47->45
[2024-10-12T10:22:49.123+0800][info] GC(237) Archive regions: 2->2
[2024-10-12T10:22:49.123+0800][info] GC(237) Humongous regions: 3->3
[2024-10-12T10:22:49.123+0800][info] GC(237) Metaspace: 1634K(1792K)->1634K(1792K) NonClass: 1510K(1600K)->1510K(1600K) Class: 124K(192K)->124K(192K)
[2024-10-12T10:22:49.123+0800][info] GC(237) Pause Young (Mixed) (G1 Evacuation Pause) 105M->98M(128M) 2.315ms
[2024-10-12T10:22:49.123+0800][info] GC(237) User=0.01s Sys=0.00s Real=0.00s
[2024-10-12T10:22:49.226+0800][info] GC(238) Pause Young (Mixed) (G1 Evacuation Pause)
[2024-10-12T10:22:49.226+0800][info] GC(238) Using 3 workers of 48 for evacuation
[2024-10-12T10:22:49.228+0800][info] GC(238)   Pre Evacuate Collection Set: 0.2ms
[2024-10-12T10:22:49.228+0800][info] GC(238)   Merge Heap Roots: 0.1ms
[2024-10-12T10:22:49.228+0800][info] GC(238)   Evacuate Collection Set: 1.8ms
[2024-10-12T10:22:49.228+0800][info] GC(238)   Post Evacuate Collection Set: 0.2ms
[2024-10-12T10:22:49.228+0800][info] GC(238)   Other: 0.1ms
[2024-10-12T10:22:49.228+0800][info] GC(238) Eden regions: 2->0(2)
[2024-10-12T10:22:49.228+0800][info] GC(238) Survivor regions: 1->1(1)
[2024-10-12T10:22:49.228+0800][info] GC(238) Old regions: 45->44
[2024-10-12T10:22:49.228+0800][info] GC(238) Archive regions: 2->2
[2024-10-12T10:22:49.228+0800][info] GC(238) Humongous regions: 4->3
[2024-10-12T10:22:49.228+0800][info] GC(238) Metaspace: 1634K(1792K)->1634K(1792K) NonClass: 1510K(1600K)->1510K(1600K) Class: 124K(192K)->124K(192K)
[2024-10-12T10:22:49.228+0800][info] GC(238) Pause Young (Mixed) (G1 Evacuation Pause) 103M->96M(128M) 2.542ms
[2024-10-12T10:22:49.228+0800][info] GC(238) User=0.01s Sys=0.00s Real=0.00s
[2024-10-12T10:22:49.331+0800][info] GC(239) Pause Young (Normal) (G1 Evacuation Pause)
[2024-10-12T10:22:49.331+0800][info] GC(239) Using 3 workers of 48 for evacuation
[2024-10-12T10:22:49.332+0800][info] GC(239)   Pre Evacuate Collection Set: 0.1ms
[2024-10-12T10:22:49.332+0800][info] GC(239)   Merge Heap Roots: 0.0ms
[2024-10-12T10:22:49.332+0800][info] GC(239)   Evacuate Collection Set: 0.7ms
[2024-10-12T10:22:49.332+0800][info] GC(239)   Post Evacuate Collection Set: 0.2ms
[2024-10-12T10:22:49.332+0800][info] GC(239)   Other: 0.2ms
[2024-10-12T10:22:49.332+0800][info] GC(239) Eden regions: 2->0(2)
[2024-10-12T10:22:49.332+0800][info] GC(239) Survivor regions: 1->1(1)
[2024-10-12T10:22:49.332+0800][info] GC(239) Old regions: 44->46
[2024-10-12T10:22:49.332+0800][info] GC(239) Archive regions: 2->2
[2024-10-12T10:22:49.332+0800][info] GC(239) Humongous regions: 3->3
[2024-10-12T10:22:49.332+0800][info] GC(239) Metaspace: 1634K(1792K)->1634K(1792K) NonClass: 1510K(1600K)->1510K(1600K) Class: 124K(192K)->124K(192K)
[2024-10-12T10:22:49.332+0800][info] GC(239) Pause Young (Normal) (G1 Evacuation Pause) 100M->100M(128M) 1.301ms
[2024-10-12T10:22:49.332+0800][info] GC(239) User=0.00s Sys=0.00s Real=0.00s
[2024-10-12T10:22:49.435+0800][info] GC(240) Pause Young (Normal) (G1 Evacuation Pause)
[2024-10-12T10:22:49.435+0800][info] GC(240) Using 3 workers of 48 for evacuation
[2024-10-12T10:22:49.436+0800][info] GC(240)   Pre Evacuate Collection Set: 0.1ms
[2024-10-12T10:22:49.436+0800][info] GC(240)   Merge Heap Roots: 0.0ms
[2024-10-12T10:22:49.436+0800][info] GC(240)   Evacuate Collection Set: 0.7ms
[2024-10-12T10:22:49.436+0800][info] GC(240)   Post Evacuate Collection Set: 0.2ms
[2024-10-12T10:22:49.436+0800][info] GC(240)   Other: 0.2ms
[2024-10-12T10:22:49.436+0800][info] GC(240) Eden regions: 2->0(2)
[2024-10-12T10:22:49.436+0800][info] GC(240) Survivor regions: 1->1(1)
[2024-10-12T10:22:49.436+0800][info] GC(240) Old regions: 46->48
[2024-10-12T10:22:49.436+0800][info] GC(240) Archive regions: 2->2
[2024-10-12T10:22:49.436+0800][info] GC(240) Humongous regions: 3->3
[2024-10-12T10:22:49.436+0800][info] GC(240) Metaspace: 1634K(1792K)->1634K(1792K) NonClass: 1510K(1600K)->1510K(1600K) Class: 124K(192K)->124K(192K)
[2024-10-12T10:22:49.436+0800][info] GC(240) Pause Young (Normal) (G1 Evacuation Pause) 103M->104M(128M) 1.300ms
[2024-10-12T10:22:49.436+0800][info] GC(240) User=0.00s Sys=0.01s Real=0.00s
[2024-10-12T10:22:49.538+0800][info] GC(241) Pause Young (Concurrent Start) (G1 Evacuation Pause)
[2024-10-12T10:22:49.538+0800][info] GC(241) Using 3 workers of 48 for evacuation
[2024-10-12T10:22:49.540+0800][info] GC(241)   Pre Evacuate Collection Set: 0.1ms
[2024-10-12T10:22:49.540+0800][info] GC(241)   Merge Heap Roots: 0.0ms
[2024-10-12T10:22:49.540+0800][info] GC(241)   Evacuate Collection Set: 0.8ms
[2024-10-12T10:22:49.540+0800][info] GC(241)   Post Evacuate Collection Set: 0.2ms
[2024-10-12T10:22:49.540+0800][info] GC(241)   Other: 0.4ms
[2024-10-12T10:22:49.540+0800][info] GC(241) Eden regions: 2->0(2)
[2024-10-12T10:22:49.540+0800][info] GC(241) Survivor regions: 1->1(1)
[2024-10-12T10:22:49.540+0800][info] GC(241) Old regions: 48->50
[2024-10-12T10:22:49.540+0800][info] GC(241) Archive regions: 2->2
[2024-10-12T10:22:49.540+0800][info] GC(241) Humongous regions: 3->3
[2024-10-12T10:22:49.540+0800][info] GC(241) Metaspace: 1634K(1792K)->1634K(1792K) NonClass: 1510K(1600K)->1510K(1600K) Class: 124K(192K)->124K(192K)
[2024-10-12T10:22:49.540+0800][info] GC(241) Pause Young (Concurrent Start) (G1 Evacuation Pause) 108M->108M(128M) 1.626ms
[2024-10-12T10:22:49.540+0800][info] GC(241) User=0.00s Sys=0.00s Real=0.00s
[2024-10-12T10:22:49.540+0800][info] GC(242) Concurrent Mark Cycle
[2024-10-12T10:22:49.540+0800][info] GC(242) Concurrent Clear Claimed Marks
[2024-10-12T10:22:49.540+0800][info] GC(242) Concurrent Clear Claimed Marks 0.017ms
[2024-10-12T10:22:49.540+0800][info] GC(242) Concurrent Scan Root Regions
[2024-10-12T10:22:49.540+0800][info] GC(242) Concurrent Scan Root Regions 0.153ms
[2024-10-12T10:22:49.540+0800][info] GC(242) Concurrent Mark
[2024-10-12T10:22:49.540+0800][info] GC(242) Concurrent Mark From Roots
[2024-10-12T10:22:49.540+0800][info] GC(242) Using 12 workers of 12 for marking
[2024-10-12T10:22:49.544+0800][info] GC(242) Concurrent Mark From Roots 3.397ms
[2024-10-12T10:22:49.544+0800][info] GC(242) Concurrent Preclean
[2024-10-12T10:22:49.545+0800][info] GC(242) Concurrent Preclean 1.723ms
[2024-10-12T10:22:49.545+0800][info] GC(242) Pause Remark
[2024-10-12T10:22:49.547+0800][info] GC(242) Pause Remark 109M->107M(128M) 1.540ms
[2024-10-12T10:22:49.547+0800][info] GC(242) User=0.00s Sys=0.00s Real=0.00s
[2024-10-12T10:22:49.547+0800][info] GC(242) Concurrent Mark 6.918ms
[2024-10-12T10:22:49.547+0800][info] GC(242) Concurrent Rebuild Remembered Sets
[2024-10-12T10:22:49.549+0800][info] GC(242) Concurrent Rebuild Remembered Sets 1.668ms
[2024-10-12T10:22:49.549+0800][info] GC(242) Pause Cleanup
[2024-10-12T10:22:49.549+0800][info] GC(242) Pause Cleanup 107M->107M(128M) 0.199ms
[2024-10-12T10:22:49.549+0800][info] GC(242) User=0.00s Sys=0.00s Real=0.00s
[2024-10-12T10:22:49.549+0800][info] GC(242) Concurrent Cleanup for Next Mark
[2024-10-12T10:22:49.550+0800][info] GC(242) Concurrent Cleanup for Next Mark 0.353ms
[2024-10-12T10:22:49.550+0800][info] GC(242) Concurrent Mark Cycle 9.654ms
[2024-10-12T10:22:49.693+0800][info] GC(243) Pause Young (Prepare Mixed) (G1 Evacuation Pause)
[2024-10-12T10:22:49.693+0800][info] GC(243) Using 3 workers of 48 for evacuation
[2024-10-12T10:22:49.695+0800][info] GC(243)   Pre Evacuate Collection Set: 0.1ms
[2024-10-12T10:22:49.695+0800][info] GC(243)   Merge Heap Roots: 0.0ms
[2024-10-12T10:22:49.695+0800][info] GC(243)   Evacuate Collection Set: 0.8ms
[2024-10-12T10:22:49.695+0800][info] GC(243)   Post Evacuate Collection Set: 0.2ms
[2024-10-12T10:22:49.695+0800][info] GC(243)   Other: 0.2ms
[2024-10-12T10:22:49.695+0800][info] GC(243) Eden regions: 2->0(2)
[2024-10-12T10:22:49.695+0800][info] GC(243) Survivor regions: 1->1(1)
[2024-10-12T10:22:49.695+0800][info] GC(243) Old regions: 49->51
[2024-10-12T10:22:49.695+0800][info] GC(243) Archive regions: 2->2
[2024-10-12T10:22:49.695+0800][info] GC(243) Humongous regions: 3->3
[2024-10-12T10:22:49.695+0800][info] GC(243) Metaspace: 1634K(1792K)->1634K(1792K) NonClass: 1510K(1600K)->1510K(1600K) Class: 124K(192K)->124K(192K)
[2024-10-12T10:22:49.695+0800][info] GC(243) Pause Young (Prepare Mixed) (G1 Evacuation Pause) 110M->110M(128M) 1.511ms
[2024-10-12T10:22:49.695+0800][info] GC(243) User=0.01s Sys=0.00s Real=0.00s
[2024-10-12T10:22:49.797+0800][info] GC(244) Pause Young (Mixed) (G1 Preventive Collection)
[2024-10-12T10:22:49.797+0800][info] GC(244) Using 3 workers of 48 for evacuation
[2024-10-12T10:22:49.799+0800][info] GC(244) To-space exhausted
[2024-10-12T10:22:49.799+0800][info] GC(244)   Pre Evacuate Collection Set: 0.2ms
[2024-10-12T10:22:49.799+0800][info] GC(244)   Merge Heap Roots: 0.1ms
[2024-10-12T10:22:49.799+0800][info] GC(244)   Evacuate Collection Set: 1.2ms
[2024-10-12T10:22:49.799+0800][info] GC(244)   Post Evacuate Collection Set: 0.2ms
[2024-10-12T10:22:49.799+0800][info] GC(244)   Other: 0.2ms
[2024-10-12T10:22:49.799+0800][info] GC(244) Eden regions: 2->0(2)
[2024-10-12T10:22:49.799+0800][info] GC(244) Survivor regions: 1->1(1)
[2024-10-12T10:22:49.799+0800][info] GC(244) Old regions: 51->50
[2024-10-12T10:22:49.799+0800][info] GC(244) Archive regions: 2->2
[2024-10-12T10:22:49.799+0800][info] GC(244) Humongous regions: 3->3
[2024-10-12T10:22:49.799+0800][info] GC(244) Metaspace: 1634K(1792K)->1634K(1792K) NonClass: 1510K(1600K)->1510K(1600K) Class: 124K(192K)->124K(192K)
[2024-10-12T10:22:49.799+0800][info] GC(244) Pause Young (Mixed) (G1 Preventive Collection) 113M->108M(128M) 1.979ms
[2024-10-12T10:22:49.799+0800][info] GC(244) User=0.00s Sys=0.00s Real=0.00s
[2024-10-12T10:22:49.902+0800][info] GC(245) Pause Young (Mixed) (G1 Preventive Collection)
[2024-10-12T10:22:49.902+0800][info] GC(245) Using 3 workers of 48 for evacuation
[2024-10-12T10:22:49.904+0800][info] GC(245)   Pre Evacuate Collection Set: 0.2ms
[2024-10-12T10:22:49.904+0800][info] GC(245)   Merge Heap Roots: 0.1ms
[2024-10-12T10:22:49.904+0800][info] GC(245)   Evacuate Collection Set: 1.6ms
[2024-10-12T10:22:49.904+0800][info] GC(245)   Post Evacuate Collection Set: 0.2ms
[2024-10-12T10:22:49.904+0800][info] GC(245)   Other: 0.1ms
[2024-10-12T10:22:49.904+0800][info] GC(245) Eden regions: 2->0(2)
[2024-10-12T10:22:49.904+0800][info] GC(245) Survivor regions: 1->1(1)
[2024-10-12T10:22:49.904+0800][info] GC(245) Old regions: 50->48
[2024-10-12T10:22:49.904+0800][info] GC(245) Archive regions: 2->2
[2024-10-12T10:22:49.904+0800][info] GC(245) Humongous regions: 3->3
[2024-10-12T10:22:49.904+0800][info] GC(245) Metaspace: 1634K(1792K)->1634K(1792K) NonClass: 1510K(1600K)->1510K(1600K) Class: 124K(192K)->124K(192K)
[2024-10-12T10:22:49.904+0800][info] GC(245) Pause Young (Mixed) (G1 Preventive Collection) 111M->103M(128M) 2.254ms
[2024-10-12T10:22:49.904+0800][info] GC(245) User=0.01s Sys=0.00s Real=0.00s
[2024-10-12T10:22:50.006+0800][info] GC(246) Pause Young (Mixed) (G1 Evacuation Pause)
[2024-10-12T10:22:50.006+0800][info] GC(246) Using 3 workers of 48 for evacuation
[2024-10-12T10:22:50.009+0800][info] GC(246)   Pre Evacuate Collection Set: 0.2ms
[2024-10-12T10:22:50.009+0800][info] GC(246)   Merge Heap Roots: 0.0ms
[2024-10-12T10:22:50.009+0800][info] GC(246)   Evacuate Collection Set: 1.9ms
[2024-10-12T10:22:50.009+0800][info] GC(246)   Post Evacuate Collection Set: 0.2ms
[2024-10-12T10:22:50.009+0800][info] GC(246)   Other: 0.1ms
[2024-10-12T10:22:50.009+0800][info] GC(246) Eden regions: 2->0(2)
[2024-10-12T10:22:50.009+0800][info] GC(246) Survivor regions: 1->1(1)
[2024-10-12T10:22:50.009+0800][info] GC(246) Old regions: 48->47
[2024-10-12T10:22:50.009+0800][info] GC(246) Archive regions: 2->2
[2024-10-12T10:22:50.009+0800][info] GC(246) Humongous regions: 3->3
[2024-10-12T10:22:50.009+0800][info] GC(246) Metaspace: 1634K(1792K)->1634K(1792K) NonClass: 1510K(1600K)->1510K(1600K) Class: 124K(192K)->124K(192K)
[2024-10-12T10:22:50.009+0800][info] GC(246) Pause Young (Mixed) (G1 Evacuation Pause) 107M->102M(128M) 2.566ms
[2024-10-12T10:22:50.009+0800][info] GC(246) User=0.01s Sys=0.00s Real=0.00s
[2024-10-12T10:22:50.111+0800][info] GC(247) Pause Young (Mixed) (G1 Evacuation Pause)
[2024-10-12T10:22:50.111+0800][info] GC(247) Using 3 workers of 48 for evacuation
[2024-10-12T10:22:50.114+0800][info] GC(247)   Pre Evacuate Collection Set: 0.2ms
[2024-10-12T10:22:50.114+0800][info] GC(247)   Merge Heap Roots: 0.1ms
[2024-10-12T10:22:50.114+0800][info] GC(247)   Evacuate Collection Set: 1.8ms
[2024-10-12T10:22:50.114+0800][info] GC(247)   Post Evacuate Collection Set: 0.2ms
[2024-10-12T10:22:50.114+0800][info] GC(247)   Other: 0.1ms
[2024-10-12T10:22:50.114+0800][info] GC(247) Eden regions: 2->0(2)
[2024-10-12T10:22:50.114+0800][info] GC(247) Survivor regions: 1->1(1)
[2024-10-12T10:22:50.114+0800][info] GC(247) Old regions: 47->48
[2024-10-12T10:22:50.114+0800][info] GC(247) Archive regions: 2->2
[2024-10-12T10:22:50.114+0800][info] GC(247) Humongous regions: 3->3
[2024-10-12T10:22:50.114+0800][info] GC(247) Metaspace: 1634K(1792K)->1634K(1792K) NonClass: 1510K(1600K)->1510K(1600K) Class: 124K(192K)->124K(192K)
[2024-10-12T10:22:50.114+0800][info] GC(247) Pause Young (Mixed) (G1 Evacuation Pause) 105M->103M(128M) 2.446ms
[2024-10-12T10:22:50.114+0800][info] GC(247) User=0.00s Sys=0.01s Real=0.01s
[2024-10-12T10:22:50.216+0800][info] GC(248) Pause Young (Normal) (G1 Evacuation Pause)
[2024-10-12T10:22:50.216+0800][info] GC(248) Using 3 workers of 48 for evacuation
[2024-10-12T10:22:50.217+0800][info] GC(248)   Pre Evacuate Collection Set: 0.1ms
[2024-10-12T10:22:50.217+0800][info] GC(248)   Merge Heap Roots: 0.0ms
[2024-10-12T10:22:50.217+0800][info] GC(248)   Evacuate Collection Set: 0.6ms
[2024-10-12T10:22:50.217+0800][info] GC(248)   Post Evacuate Collection Set: 0.2ms
[2024-10-12T10:22:50.217+0800][info] GC(248)   Other: 0.2ms
[2024-10-12T10:22:50.217+0800][info] GC(248) Eden regions: 2->0(2)
[2024-10-12T10:22:50.217+0800][info] GC(248) Survivor regions: 1->1(1)
[2024-10-12T10:22:50.217+0800][info] GC(248) Old regions: 48->50
[2024-10-12T10:22:50.217+0800][info] GC(248) Archive regions: 2->2
[2024-10-12T10:22:50.217+0800][info] GC(248) Humongous regions: 3->3
[2024-10-12T10:22:50.217+0800][info] GC(248) Metaspace: 1634K(1792K)->1634K(1792K) NonClass: 1510K(1600K)->1510K(1600K) Class: 124K(192K)->124K(192K)
[2024-10-12T10:22:50.217+0800][info] GC(248) Pause Young (Normal) (G1 Evacuation Pause) 106M->107M(128M) 1.276ms
[2024-10-12T10:22:50.217+0800][info] GC(248) User=0.00s Sys=0.00s Real=0.00s
[2024-10-12T10:22:50.320+0800][info] GC(249) Pause Young (Concurrent Start) (G1 Evacuation Pause)
[2024-10-12T10:22:50.320+0800][info] GC(249) Using 3 workers of 48 for evacuation
[2024-10-12T10:22:50.321+0800][info] GC(249)   Pre Evacuate Collection Set: 0.1ms
[2024-10-12T10:22:50.321+0800][info] GC(249)   Merge Heap Roots: 0.0ms
[2024-10-12T10:22:50.321+0800][info] GC(249)   Evacuate Collection Set: 0.8ms
[2024-10-12T10:22:50.321+0800][info] GC(249)   Post Evacuate Collection Set: 0.2ms
[2024-10-12T10:22:50.321+0800][info] GC(249)   Other: 0.4ms
[2024-10-12T10:22:50.321+0800][info] GC(249) Eden regions: 2->0(2)
[2024-10-12T10:22:50.321+0800][info] GC(249) Survivor regions: 1->1(1)
[2024-10-12T10:22:50.321+0800][info] GC(249) Old regions: 50->52
[2024-10-12T10:22:50.321+0800][info] GC(249) Archive regions: 2->2
[2024-10-12T10:22:50.321+0800][info] GC(249) Humongous regions: 3->3
[2024-10-12T10:22:50.321+0800][info] GC(249) Metaspace: 1634K(1792K)->1634K(1792K) NonClass: 1510K(1600K)->1510K(1600K) Class: 124K(192K)->124K(192K)
[2024-10-12T10:22:50.321+0800][info] GC(249) Pause Young (Concurrent Start) (G1 Evacuation Pause) 110M->111M(128M) 1.579ms
[2024-10-12T10:22:50.321+0800][info] GC(249) User=0.00s Sys=0.00s Real=0.00s
[2024-10-12T10:22:50.322+0800][info] GC(250) Concurrent Mark Cycle
[2024-10-12T10:22:50.322+0800][info] GC(250) Concurrent Clear Claimed Marks
[2024-10-12T10:22:50.322+0800][info] GC(250) Concurrent Clear Claimed Marks 0.016ms
[2024-10-12T10:22:50.322+0800][info] GC(250) Concurrent Scan Root Regions
[2024-10-12T10:22:50.322+0800][info] GC(250) Concurrent Scan Root Regions 0.158ms
[2024-10-12T10:22:50.322+0800][info] GC(250) Concurrent Mark
[2024-10-12T10:22:50.322+0800][info] GC(250) Concurrent Mark From Roots
[2024-10-12T10:22:50.322+0800][info] GC(250) Using 12 workers of 12 for marking
[2024-10-12T10:22:50.325+0800][info] GC(250) Concurrent Mark From Roots 3.456ms
[2024-10-12T10:22:50.325+0800][info] GC(250) Concurrent Preclean
[2024-10-12T10:22:50.327+0800][info] GC(250) Concurrent Preclean 1.701ms
[2024-10-12T10:22:50.327+0800][info] GC(250) Pause Remark
[2024-10-12T10:22:50.329+0800][info] GC(250) Pause Remark 111M->109M(128M) 1.552ms
[2024-10-12T10:22:50.329+0800][info] GC(250) User=0.00s Sys=0.00s Real=0.00s
[2024-10-12T10:22:50.329+0800][info] GC(250) Concurrent Mark 7.024ms
[2024-10-12T10:22:50.329+0800][info] GC(250) Concurrent Rebuild Remembered Sets
[2024-10-12T10:22:50.331+0800][info] GC(250) Concurrent Rebuild Remembered Sets 1.692ms
[2024-10-12T10:22:50.331+0800][info] GC(250) Pause Cleanup
[2024-10-12T10:22:50.331+0800][info] GC(250) Pause Cleanup 109M->109M(128M) 0.247ms
[2024-10-12T10:22:50.331+0800][info] GC(250) User=0.00s Sys=0.00s Real=0.00s
[2024-10-12T10:22:50.331+0800][info] GC(250) Concurrent Cleanup for Next Mark
[2024-10-12T10:22:50.331+0800][info] GC(250) Concurrent Cleanup for Next Mark 0.362ms
[2024-10-12T10:22:50.331+0800][info] GC(250) Concurrent Mark Cycle 9.871ms
[2024-10-12T10:22:50.475+0800][info] GC(251) Pause Young (Prepare Mixed) (G1 Evacuation Pause)
[2024-10-12T10:22:50.475+0800][info] GC(251) Using 3 workers of 48 for evacuation
[2024-10-12T10:22:50.476+0800][info] GC(251)   Pre Evacuate Collection Set: 0.1ms
[2024-10-12T10:22:50.476+0800][info] GC(251)   Merge Heap Roots: 0.1ms
[2024-10-12T10:22:50.476+0800][info] GC(251)   Evacuate Collection Set: 0.8ms
[2024-10-12T10:22:50.476+0800][info] GC(251)   Post Evacuate Collection Set: 0.2ms
[2024-10-12T10:22:50.476+0800][info] GC(251)   Other: 0.2ms
[2024-10-12T10:22:50.476+0800][info] GC(251) Eden regions: 2->0(2)
[2024-10-12T10:22:50.476+0800][info] GC(251) Survivor regions: 1->1(1)
[2024-10-12T10:22:50.476+0800][info] GC(251) Old regions: 51->53
[2024-10-12T10:22:50.476+0800][info] GC(251) Archive regions: 2->2
[2024-10-12T10:22:50.476+0800][info] GC(251) Humongous regions: 3->3
[2024-10-12T10:22:50.476+0800][info] GC(251) Metaspace: 1634K(1792K)->1634K(1792K) NonClass: 1510K(1600K)->1510K(1600K) Class: 124K(192K)->124K(192K)
[2024-10-12T10:22:50.476+0800][info] GC(251) Pause Young (Prepare Mixed) (G1 Evacuation Pause) 113M->113M(128M) 1.495ms
[2024-10-12T10:22:50.476+0800][info] GC(251) User=0.01s Sys=0.00s Real=0.00s
[2024-10-12T10:22:50.538+0800][info] GC(252) Pause Young (Mixed) (G1 Preventive Collection)
[2024-10-12T10:22:50.538+0800][info] GC(252) Using 3 workers of 48 for evacuation
[2024-10-12T10:22:50.539+0800][info] GC(252)   Pre Evacuate Collection Set: 0.2ms
[2024-10-12T10:22:50.539+0800][info] GC(252)   Merge Heap Roots: 0.1ms
[2024-10-12T10:22:50.539+0800][info] GC(252)   Evacuate Collection Set: 1.0ms
[2024-10-12T10:22:50.539+0800][info] GC(252)   Post Evacuate Collection Set: 0.2ms
[2024-10-12T10:22:50.539+0800][info] GC(252)   Other: 0.2ms
[2024-10-12T10:22:50.539+0800][info] GC(252) Eden regions: 1->0(2)
[2024-10-12T10:22:50.539+0800][info] GC(252) Survivor regions: 1->1(1)
[2024-10-12T10:22:50.539+0800][info] GC(252) Old regions: 53->49
[2024-10-12T10:22:50.539+0800][info] GC(252) Archive regions: 2->2
[2024-10-12T10:22:50.539+0800][info] GC(252) Humongous regions: 3->3
[2024-10-12T10:22:50.539+0800][info] GC(252) Metaspace: 1634K(1792K)->1634K(1792K) NonClass: 1510K(1600K)->1510K(1600K) Class: 124K(192K)->124K(192K)
[2024-10-12T10:22:50.539+0800][info] GC(252) Pause Young (Mixed) (G1 Preventive Collection) 115M->105M(128M) 1.695ms
[2024-10-12T10:22:50.539+0800][info] GC(252) User=0.00s Sys=0.00s Real=0.00s
[2024-10-12T10:22:50.642+0800][info] GC(253) Pause Young (Mixed) (G1 Evacuation Pause)
[2024-10-12T10:22:50.642+0800][info] GC(253) Using 3 workers of 48 for evacuation
[2024-10-12T10:22:50.644+0800][info] GC(253)   Pre Evacuate Collection Set: 0.2ms
[2024-10-12T10:22:50.644+0800][info] GC(253)   Merge Heap Roots: 0.1ms
[2024-10-12T10:22:50.644+0800][info] GC(253)   Evacuate Collection Set: 1.8ms
[2024-10-12T10:22:50.644+0800][info] GC(253)   Post Evacuate Collection Set: 0.2ms
[2024-10-12T10:22:50.644+0800][info] GC(253)   Other: 0.1ms
[2024-10-12T10:22:50.644+0800][info] GC(253) Eden regions: 2->0(2)
[2024-10-12T10:22:50.644+0800][info] GC(253) Survivor regions: 1->1(1)
[2024-10-12T10:22:50.644+0800][info] GC(253) Old regions: 49->47
[2024-10-12T10:22:50.644+0800][info] GC(253) Archive regions: 2->2
[2024-10-12T10:22:50.644+0800][info] GC(253) Humongous regions: 3->3
[2024-10-12T10:22:50.645+0800][info] GC(253) Metaspace: 1634K(1792K)->1634K(1792K) NonClass: 1510K(1600K)->1510K(1600K) Class: 124K(192K)->124K(192K)
[2024-10-12T10:22:50.645+0800][info] GC(253) Pause Young (Mixed) (G1 Evacuation Pause) 108M->101M(128M) 2.494ms
[2024-10-12T10:22:50.645+0800][info] GC(253) User=0.01s Sys=0.00s Real=0.00s
[2024-10-12T10:22:50.747+0800][info] GC(254) Pause Young (Mixed) (G1 Evacuation Pause)
[2024-10-12T10:22:50.747+0800][info] GC(254) Using 3 workers of 48 for evacuation
[2024-10-12T10:22:50.749+0800][info] GC(254)   Pre Evacuate Collection Set: 0.2ms
[2024-10-12T10:22:50.749+0800][info] GC(254)   Merge Heap Roots: 0.1ms
[2024-10-12T10:22:50.749+0800][info] GC(254)   Evacuate Collection Set: 1.6ms
[2024-10-12T10:22:50.749+0800][info] GC(254)   Post Evacuate Collection Set: 0.2ms
[2024-10-12T10:22:50.749+0800][info] GC(254)   Other: 0.2ms
[2024-10-12T10:22:50.749+0800][info] GC(254) Eden regions: 2->0(2)
[2024-10-12T10:22:50.749+0800][info] GC(254) Survivor regions: 1->1(1)
[2024-10-12T10:22:50.749+0800][info] GC(254) Old regions: 47->45
[2024-10-12T10:22:50.749+0800][info] GC(254) Archive regions: 2->2
[2024-10-12T10:22:50.749+0800][info] GC(254) Humongous regions: 3->3
[2024-10-12T10:22:50.749+0800][info] GC(254) Metaspace: 1634K(1792K)->1634K(1792K) NonClass: 1510K(1600K)->1510K(1600K) Class: 124K(192K)->124K(192K)
[2024-10-12T10:22:50.749+0800][info] GC(254) Pause Young (Mixed) (G1 Evacuation Pause) 105M->98M(128M) 2.374ms
[2024-10-12T10:22:50.749+0800][info] GC(254) User=0.01s Sys=0.00s Real=0.00s
[2024-10-12T10:22:50.852+0800][info] GC(255) Pause Young (Mixed) (G1 Evacuation Pause)
[2024-10-12T10:22:50.852+0800][info] GC(255) Using 3 workers of 48 for evacuation
[2024-10-12T10:22:50.854+0800][info] GC(255)   Pre Evacuate Collection Set: 0.2ms
[2024-10-12T10:22:50.854+0800][info] GC(255)   Merge Heap Roots: 0.1ms
[2024-10-12T10:22:50.854+0800][info] GC(255)   Evacuate Collection Set: 1.9ms
[2024-10-12T10:22:50.854+0800][info] GC(255)   Post Evacuate Collection Set: 0.2ms
[2024-10-12T10:22:50.854+0800][info] GC(255)   Other: 0.1ms
[2024-10-12T10:22:50.854+0800][info] GC(255) Eden regions: 2->0(2)
[2024-10-12T10:22:50.854+0800][info] GC(255) Survivor regions: 1->1(1)
[2024-10-12T10:22:50.854+0800][info] GC(255) Old regions: 45->45
[2024-10-12T10:22:50.854+0800][info] GC(255) Archive regions: 2->2
[2024-10-12T10:22:50.854+0800][info] GC(255) Humongous regions: 3->3
[2024-10-12T10:22:50.854+0800][info] GC(255) Metaspace: 1634K(1792K)->1634K(1792K) NonClass: 1510K(1600K)->1510K(1600K) Class: 124K(192K)->124K(192K)
[2024-10-12T10:22:50.854+0800][info] GC(255) Pause Young (Mixed) (G1 Evacuation Pause) 102M->97M(128M) 2.592ms
[2024-10-12T10:22:50.854+0800][info] GC(255) User=0.01s Sys=0.00s Real=0.01s
[2024-10-12T10:22:50.957+0800][info] GC(256) Pause Young (Mixed) (G1 Evacuation Pause)
[2024-10-12T10:22:50.957+0800][info] GC(256) Using 3 workers of 48 for evacuation
[2024-10-12T10:22:50.958+0800][info] GC(256)   Pre Evacuate Collection Set: 0.2ms
[2024-10-12T10:22:50.958+0800][info] GC(256)   Merge Heap Roots: 0.0ms
[2024-10-12T10:22:50.958+0800][info] GC(256)   Evacuate Collection Set: 0.8ms
[2024-10-12T10:22:50.958+0800][info] GC(256)   Post Evacuate Collection Set: 0.2ms
[2024-10-12T10:22:50.958+0800][info] GC(256)   Other: 0.1ms
[2024-10-12T10:22:50.958+0800][info] GC(256) Eden regions: 2->0(2)
[2024-10-12T10:22:50.958+0800][info] GC(256) Survivor regions: 1->1(1)
[2024-10-12T10:22:50.958+0800][info] GC(256) Old regions: 45->46
[2024-10-12T10:22:50.958+0800][info] GC(256) Archive regions: 2->2
[2024-10-12T10:22:50.958+0800][info] GC(256) Humongous regions: 3->3
[2024-10-12T10:22:50.958+0800][info] GC(256) Metaspace: 1634K(1792K)->1634K(1792K) NonClass: 1510K(1600K)->1510K(1600K) Class: 124K(192K)->124K(192K)
[2024-10-12T10:22:50.958+0800][info] GC(256) Pause Young (Mixed) (G1 Evacuation Pause) 100M->99M(128M) 1.451ms
[2024-10-12T10:22:50.958+0800][info] GC(256) User=0.01s Sys=0.00s Real=0.00s
[2024-10-12T10:22:51.061+0800][info] GC(257) Pause Young (Normal) (G1 Evacuation Pause)
[2024-10-12T10:22:51.061+0800][info] GC(257) Using 3 workers of 48 for evacuation
[2024-10-12T10:22:51.062+0800][info] GC(257)   Pre Evacuate Collection Set: 0.1ms
[2024-10-12T10:22:51.062+0800][info] GC(257)   Merge Heap Roots: 0.0ms
[2024-10-12T10:22:51.062+0800][info] GC(257)   Evacuate Collection Set: 0.7ms
[2024-10-12T10:22:51.062+0800][info] GC(257)   Post Evacuate Collection Set: 0.2ms
[2024-10-12T10:22:51.062+0800][info] GC(257)   Other: 0.2ms
[2024-10-12T10:22:51.062+0800][info] GC(257) Eden regions: 2->0(2)
[2024-10-12T10:22:51.062+0800][info] GC(257) Survivor regions: 1->1(1)
[2024-10-12T10:22:51.062+0800][info] GC(257) Old regions: 46->47
[2024-10-12T10:22:51.062+0800][info] GC(257) Archive regions: 2->2
[2024-10-12T10:22:51.062+0800][info] GC(257) Humongous regions: 3->3
[2024-10-12T10:22:51.062+0800][info] GC(257) Metaspace: 1634K(1792K)->1634K(1792K) NonClass: 1510K(1600K)->1510K(1600K) Class: 124K(192K)->124K(192K)
[2024-10-12T10:22:51.062+0800][info] GC(257) Pause Young (Normal) (G1 Evacuation Pause) 103M->102M(128M) 1.346ms
[2024-10-12T10:22:51.062+0800][info] GC(257) User=0.00s Sys=0.00s Real=0.00s
[2024-10-12T10:22:51.164+0800][info] GC(258) Pause Young (Normal) (G1 Evacuation Pause)
[2024-10-12T10:22:51.164+0800][info] GC(258) Using 3 workers of 48 for evacuation
[2024-10-12T10:22:51.165+0800][info] GC(258)   Pre Evacuate Collection Set: 0.1ms
[2024-10-12T10:22:51.165+0800][info] GC(258)   Merge Heap Roots: 0.0ms
[2024-10-12T10:22:51.165+0800][info] GC(258)   Evacuate Collection Set: 0.8ms
[2024-10-12T10:22:51.166+0800][info] GC(258)   Post Evacuate Collection Set: 0.2ms
[2024-10-12T10:22:51.166+0800][info] GC(258)   Other: 0.2ms
[2024-10-12T10:22:51.166+0800][info] GC(258) Eden regions: 2->0(2)
[2024-10-12T10:22:51.166+0800][info] GC(258) Survivor regions: 1->1(1)
[2024-10-12T10:22:51.166+0800][info] GC(258) Old regions: 47->49
[2024-10-12T10:22:51.166+0800][info] GC(258) Archive regions: 2->2
[2024-10-12T10:22:51.166+0800][info] GC(258) Humongous regions: 3->3
[2024-10-12T10:22:51.166+0800][info] GC(258) Metaspace: 1634K(1792K)->1634K(1792K) NonClass: 1510K(1600K)->1510K(1600K) Class: 124K(192K)->124K(192K)
[2024-10-12T10:22:51.166+0800][info] GC(258) Pause Young (Normal) (G1 Evacuation Pause) 106M->106M(128M) 1.449ms
[2024-10-12T10:22:51.166+0800][info] GC(258) User=0.00s Sys=0.00s Real=0.01s
[2024-10-12T10:22:51.268+0800][info] GC(259) Pause Young (Concurrent Start) (G1 Evacuation Pause)
[2024-10-12T10:22:51.268+0800][info] GC(259) Using 3 workers of 48 for evacuation
[2024-10-12T10:22:51.270+0800][info] GC(259)   Pre Evacuate Collection Set: 0.1ms
[2024-10-12T10:22:51.270+0800][info] GC(259)   Merge Heap Roots: 0.0ms
[2024-10-12T10:22:51.270+0800][info] GC(259)   Evacuate Collection Set: 0.9ms
[2024-10-12T10:22:51.270+0800][info] GC(259)   Post Evacuate Collection Set: 0.2ms
[2024-10-12T10:22:51.270+0800][info] GC(259)   Other: 0.3ms
[2024-10-12T10:22:51.270+0800][info] GC(259) Eden regions: 2->0(2)
[2024-10-12T10:22:51.270+0800][info] GC(259) Survivor regions: 1->1(1)
[2024-10-12T10:22:51.270+0800][info] GC(259) Old regions: 49->51
[2024-10-12T10:22:51.270+0800][info] GC(259) Archive regions: 2->2
[2024-10-12T10:22:51.270+0800][info] GC(259) Humongous regions: 3->3
[2024-10-12T10:22:51.270+0800][info] GC(259) Metaspace: 1634K(1792K)->1634K(1792K) NonClass: 1510K(1600K)->1510K(1600K) Class: 124K(192K)->124K(192K)
[2024-10-12T10:22:51.270+0800][info] GC(259) Pause Young (Concurrent Start) (G1 Evacuation Pause) 110M->110M(128M) 1.704ms
[2024-10-12T10:22:51.270+0800][info] GC(259) User=0.00s Sys=0.00s Real=0.00s
[2024-10-12T10:22:51.270+0800][info] GC(260) Concurrent Mark Cycle
[2024-10-12T10:22:51.270+0800][info] GC(260) Concurrent Clear Claimed Marks
[2024-10-12T10:22:51.270+0800][info] GC(260) Concurrent Clear Claimed Marks 0.017ms
[2024-10-12T10:22:51.270+0800][info] GC(260) Concurrent Scan Root Regions
[2024-10-12T10:22:51.270+0800][info] GC(260) Concurrent Scan Root Regions 0.108ms
[2024-10-12T10:22:51.270+0800][info] GC(260) Concurrent Mark
[2024-10-12T10:22:51.270+0800][info] GC(260) Concurrent Mark From Roots
[2024-10-12T10:22:51.270+0800][info] GC(260) Using 12 workers of 12 for marking
[2024-10-12T10:22:51.274+0800][info] GC(260) Concurrent Mark From Roots 3.327ms
[2024-10-12T10:22:51.274+0800][info] GC(260) Concurrent Preclean
[2024-10-12T10:22:51.275+0800][info] GC(260) Concurrent Preclean 1.682ms
[2024-10-12T10:22:51.275+0800][info] GC(260) Pause Remark
[2024-10-12T10:22:51.277+0800][info] GC(260) Pause Remark 111M->111M(128M) 1.601ms
[2024-10-12T10:22:51.277+0800][info] GC(260) User=0.01s Sys=0.00s Real=0.00s
[2024-10-12T10:22:51.277+0800][info] GC(260) Concurrent Mark 6.946ms
[2024-10-12T10:22:51.277+0800][info] GC(260) Concurrent Rebuild Remembered Sets
[2024-10-12T10:22:51.279+0800][info] GC(260) Concurrent Rebuild Remembered Sets 1.645ms
[2024-10-12T10:22:51.279+0800][info] GC(260) Pause Cleanup
[2024-10-12T10:22:51.279+0800][info] GC(260) Pause Cleanup 111M->111M(128M) 0.251ms
[2024-10-12T10:22:51.279+0800][info] GC(260) User=0.00s Sys=0.00s Real=0.00s
[2024-10-12T10:22:51.279+0800][info] GC(260) Concurrent Cleanup for Next Mark
[2024-10-12T10:22:51.280+0800][info] GC(260) Concurrent Cleanup for Next Mark 0.396ms
[2024-10-12T10:22:51.280+0800][info] GC(260) Concurrent Mark Cycle 9.706ms
[2024-10-12T10:22:51.423+0800][info] GC(261) Pause Young (Prepare Mixed) (G1 Evacuation Pause)
[2024-10-12T10:22:51.423+0800][info] GC(261) Using 3 workers of 48 for evacuation
[2024-10-12T10:22:51.424+0800][info] GC(261)   Pre Evacuate Collection Set: 0.1ms
[2024-10-12T10:22:51.424+0800][info] GC(261)   Merge Heap Roots: 0.1ms
[2024-10-12T10:22:51.424+0800][info] GC(261)   Evacuate Collection Set: 0.8ms
[2024-10-12T10:22:51.424+0800][info] GC(261)   Post Evacuate Collection Set: 0.2ms
[2024-10-12T10:22:51.424+0800][info] GC(261)   Other: 0.2ms
[2024-10-12T10:22:51.424+0800][info] GC(261) Eden regions: 2->0(2)
[2024-10-12T10:22:51.424+0800][info] GC(261) Survivor regions: 1->1(1)
[2024-10-12T10:22:51.424+0800][info] GC(261) Old regions: 51->53
[2024-10-12T10:22:51.425+0800][info] GC(261) Archive regions: 2->2
[2024-10-12T10:22:51.425+0800][info] GC(261) Humongous regions: 3->3
[2024-10-12T10:22:51.425+0800][info] GC(261) Metaspace: 1634K(1792K)->1634K(1792K) NonClass: 1510K(1600K)->1510K(1600K) Class: 124K(192K)->124K(192K)
[2024-10-12T10:22:51.425+0800][info] GC(261) Pause Young (Prepare Mixed) (G1 Evacuation Pause) 114M->114M(128M) 1.465ms
[2024-10-12T10:22:51.425+0800][info] GC(261) User=0.01s Sys=0.00s Real=0.00s
[2024-10-12T10:22:51.425+0800][info] GC(262) Pause Young (Mixed) (G1 Preventive Collection)
[2024-10-12T10:22:51.425+0800][info] GC(262) Using 3 workers of 48 for evacuation
[2024-10-12T10:22:51.426+0800][info] GC(262)   Pre Evacuate Collection Set: 0.1ms
[2024-10-12T10:22:51.426+0800][info] GC(262)   Merge Heap Roots: 0.1ms
[2024-10-12T10:22:51.426+0800][info] GC(262)   Evacuate Collection Set: 1.0ms
[2024-10-12T10:22:51.426+0800][info] GC(262)   Post Evacuate Collection Set: 0.2ms
[2024-10-12T10:22:51.426+0800][info] GC(262)   Other: 0.1ms
[2024-10-12T10:22:51.426+0800][info] GC(262) Eden regions: 1->0(2)
[2024-10-12T10:22:51.426+0800][info] GC(262) Survivor regions: 1->1(1)
[2024-10-12T10:22:51.426+0800][info] GC(262) Old regions: 53->49
[2024-10-12T10:22:51.426+0800][info] GC(262) Archive regions: 2->2
[2024-10-12T10:22:51.426+0800][info] GC(262) Humongous regions: 3->3
[2024-10-12T10:22:51.426+0800][info] GC(262) Metaspace: 1634K(1792K)->1634K(1792K) NonClass: 1510K(1600K)->1510K(1600K) Class: 124K(192K)->124K(192K)
[2024-10-12T10:22:51.427+0800][info] GC(262) Pause Young (Mixed) (G1 Preventive Collection) 114M->104M(128M) 1.604ms
[2024-10-12T10:22:51.427+0800][info] GC(262) User=0.00s Sys=0.00s Real=0.01s
[2024-10-12T10:22:51.550+0800][info] GC(263) Pause Young (Mixed) (G1 Preventive Collection)
[2024-10-12T10:22:51.550+0800][info] GC(263) Using 3 workers of 48 for evacuation
[2024-10-12T10:22:51.552+0800][info] GC(263)   Pre Evacuate Collection Set: 0.2ms
[2024-10-12T10:22:51.552+0800][info] GC(263)   Merge Heap Roots: 0.1ms
[2024-10-12T10:22:51.552+0800][info] GC(263)   Evacuate Collection Set: 1.5ms
[2024-10-12T10:22:51.552+0800][info] GC(263)   Post Evacuate Collection Set: 0.2ms
[2024-10-12T10:22:51.552+0800][info] GC(263)   Other: 0.1ms
[2024-10-12T10:22:51.552+0800][info] GC(263) Eden regions: 2->0(2)
[2024-10-12T10:22:51.552+0800][info] GC(263) Survivor regions: 1->1(1)
[2024-10-12T10:22:51.552+0800][info] GC(263) Old regions: 49->47
[2024-10-12T10:22:51.552+0800][info] GC(263) Archive regions: 2->2
[2024-10-12T10:22:51.552+0800][info] GC(263) Humongous regions: 4->3
[2024-10-12T10:22:51.552+0800][info] GC(263) Metaspace: 1634K(1792K)->1634K(1792K) NonClass: 1510K(1600K)->1510K(1600K) Class: 124K(192K)->124K(192K)
[2024-10-12T10:22:51.552+0800][info] GC(263) Pause Young (Mixed) (G1 Preventive Collection) 110M->102M(128M) 2.202ms
[2024-10-12T10:22:51.552+0800][info] GC(263) User=0.01s Sys=0.00s Real=0.00s
[2024-10-12T10:22:51.655+0800][info] GC(264) Pause Young (Mixed) (G1 Evacuation Pause)
[2024-10-12T10:22:51.655+0800][info] GC(264) Using 3 workers of 48 for evacuation
[2024-10-12T10:22:51.657+0800][info] GC(264)   Pre Evacuate Collection Set: 0.2ms
[2024-10-12T10:22:51.657+0800][info] GC(264)   Merge Heap Roots: 0.1ms
[2024-10-12T10:22:51.657+0800][info] GC(264)   Evacuate Collection Set: 1.6ms
[2024-10-12T10:22:51.657+0800][info] GC(264)   Post Evacuate Collection Set: 0.2ms
[2024-10-12T10:22:51.657+0800][info] GC(264)   Other: 0.2ms
[2024-10-12T10:22:51.657+0800][info] GC(264) Eden regions: 2->0(2)
[2024-10-12T10:22:51.657+0800][info] GC(264) Survivor regions: 1->1(1)
[2024-10-12T10:22:51.657+0800][info] GC(264) Old regions: 47->46
[2024-10-12T10:22:51.657+0800][info] GC(264) Archive regions: 2->2
[2024-10-12T10:22:51.657+0800][info] GC(264) Humongous regions: 3->3
[2024-10-12T10:22:51.657+0800][info] GC(264) Metaspace: 1634K(1792K)->1634K(1792K) NonClass: 1510K(1600K)->1510K(1600K) Class: 124K(192K)->124K(192K)
[2024-10-12T10:22:51.657+0800][info] GC(264) Pause Young (Mixed) (G1 Evacuation Pause) 105M->100M(128M) 2.314ms
[2024-10-12T10:22:51.657+0800][info] GC(264) User=0.00s Sys=0.01s Real=0.00s
[2024-10-12T10:22:51.759+0800][info] GC(265) Pause Young (Mixed) (G1 Evacuation Pause)
[2024-10-12T10:22:51.759+0800][info] GC(265) Using 3 workers of 48 for evacuation
[2024-10-12T10:22:51.762+0800][info] GC(265)   Pre Evacuate Collection Set: 0.2ms
[2024-10-12T10:22:51.762+0800][info] GC(265)   Merge Heap Roots: 0.1ms
[2024-10-12T10:22:51.762+0800][info] GC(265)   Evacuate Collection Set: 2.0ms
[2024-10-12T10:22:51.762+0800][info] GC(265)   Post Evacuate Collection Set: 0.2ms
[2024-10-12T10:22:51.762+0800][info] GC(265)   Other: 0.1ms
[2024-10-12T10:22:51.762+0800][info] GC(265) Eden regions: 2->0(2)
[2024-10-12T10:22:51.762+0800][info] GC(265) Survivor regions: 1->1(1)
[2024-10-12T10:22:51.762+0800][info] GC(265) Old regions: 46->46
[2024-10-12T10:22:51.762+0800][info] GC(265) Archive regions: 2->2
[2024-10-12T10:22:51.762+0800][info] GC(265) Humongous regions: 3->3
[2024-10-12T10:22:51.762+0800][info] GC(265) Metaspace: 1634K(1792K)->1634K(1792K) NonClass: 1510K(1600K)->1510K(1600K) Class: 124K(192K)->124K(192K)
[2024-10-12T10:22:51.762+0800][info] GC(265) Pause Young (Mixed) (G1 Evacuation Pause) 103M->99M(128M) 2.667ms
[2024-10-12T10:22:51.762+0800][info] GC(265) User=0.00s Sys=0.00s Real=0.00s
[2024-10-12T10:22:51.865+0800][info] GC(266) Pause Young (Mixed) (G1 Evacuation Pause)
[2024-10-12T10:22:51.865+0800][info] GC(266) Using 3 workers of 48 for evacuation
[2024-10-12T10:22:51.866+0800][info] GC(266)   Pre Evacuate Collection Set: 0.2ms
[2024-10-12T10:22:51.866+0800][info] GC(266)   Merge Heap Roots: 0.1ms
[2024-10-12T10:22:51.866+0800][info] GC(266)   Evacuate Collection Set: 1.2ms
[2024-10-12T10:22:51.866+0800][info] GC(266)   Post Evacuate Collection Set: 0.2ms
[2024-10-12T10:22:51.866+0800][info] GC(266)   Other: 0.1ms
[2024-10-12T10:22:51.866+0800][info] GC(266) Eden regions: 2->0(2)
[2024-10-12T10:22:51.866+0800][info] GC(266) Survivor regions: 1->1(1)
[2024-10-12T10:22:51.866+0800][info] GC(266) Old regions: 46->46
[2024-10-12T10:22:51.866+0800][info] GC(266) Archive regions: 2->2
[2024-10-12T10:22:51.866+0800][info] GC(266) Humongous regions: 3->3
[2024-10-12T10:22:51.866+0800][info] GC(266) Metaspace: 1634K(1792K)->1634K(1792K) NonClass: 1510K(1600K)->1510K(1600K) Class: 124K(192K)->124K(192K)
[2024-10-12T10:22:51.866+0800][info] GC(266) Pause Young (Mixed) (G1 Evacuation Pause) 103M->100M(128M) 1.875ms
[2024-10-12T10:22:51.866+0800][info] GC(266) User=0.01s Sys=0.00s Real=0.01s
[2024-10-12T10:22:51.969+0800][info] GC(267) Pause Young (Normal) (G1 Evacuation Pause)
[2024-10-12T10:22:51.969+0800][info] GC(267) Using 3 workers of 48 for evacuation
[2024-10-12T10:22:51.970+0800][info] GC(267)   Pre Evacuate Collection Set: 0.1ms
[2024-10-12T10:22:51.970+0800][info] GC(267)   Merge Heap Roots: 0.0ms
[2024-10-12T10:22:51.970+0800][info] GC(267)   Evacuate Collection Set: 0.7ms
[2024-10-12T10:22:51.970+0800][info] GC(267)   Post Evacuate Collection Set: 0.2ms
[2024-10-12T10:22:51.970+0800][info] GC(267)   Other: 0.2ms
[2024-10-12T10:22:51.970+0800][info] GC(267) Eden regions: 2->0(2)
[2024-10-12T10:22:51.970+0800][info] GC(267) Survivor regions: 1->1(1)
[2024-10-12T10:22:51.970+0800][info] GC(267) Old regions: 46->48
[2024-10-12T10:22:51.970+0800][info] GC(267) Archive regions: 2->2
[2024-10-12T10:22:51.970+0800][info] GC(267) Humongous regions: 3->3
[2024-10-12T10:22:51.970+0800][info] GC(267) Metaspace: 1634K(1792K)->1634K(1792K) NonClass: 1510K(1600K)->1510K(1600K) Class: 124K(192K)->124K(192K)
[2024-10-12T10:22:51.970+0800][info] GC(267) Pause Young (Normal) (G1 Evacuation Pause) 103M->103M(128M) 1.344ms
[2024-10-12T10:22:51.970+0800][info] GC(267) User=0.00s Sys=0.00s Real=0.00s
[2024-10-12T10:22:52.072+0800][info] GC(268) Pause Young (Normal) (G1 Evacuation Pause)
[2024-10-12T10:22:52.072+0800][info] GC(268) Using 3 workers of 48 for evacuation
[2024-10-12T10:22:52.074+0800][info] GC(268)   Pre Evacuate Collection Set: 0.1ms
[2024-10-12T10:22:52.074+0800][info] GC(268)   Merge Heap Roots: 0.0ms
[2024-10-12T10:22:52.074+0800][info] GC(268)   Evacuate Collection Set: 0.7ms
[2024-10-12T10:22:52.074+0800][info] GC(268)   Post Evacuate Collection Set: 0.2ms
[2024-10-12T10:22:52.074+0800][info] GC(268)   Other: 0.2ms
[2024-10-12T10:22:52.074+0800][info] GC(268) Eden regions: 2->0(2)
[2024-10-12T10:22:52.074+0800][info] GC(268) Survivor regions: 1->1(1)
[2024-10-12T10:22:52.074+0800][info] GC(268) Old regions: 48->50
[2024-10-12T10:22:52.074+0800][info] GC(268) Archive regions: 2->2
[2024-10-12T10:22:52.074+0800][info] GC(268) Humongous regions: 3->3
[2024-10-12T10:22:52.074+0800][info] GC(268) Metaspace: 1635K(1792K)->1635K(1792K) NonClass: 1511K(1600K)->1511K(1600K) Class: 124K(192K)->124K(192K)
[2024-10-12T10:22:52.074+0800][info] GC(268) Pause Young (Normal) (G1 Evacuation Pause) 107M->107M(128M) 1.270ms
[2024-10-12T10:22:52.074+0800][info] GC(268) User=0.00s Sys=0.00s Real=0.01s
[2024-10-12T10:22:52.176+0800][info] GC(269) Pause Young (Concurrent Start) (G1 Evacuation Pause)
[2024-10-12T10:22:52.176+0800][info] GC(269) Using 3 workers of 48 for evacuation
[2024-10-12T10:22:52.177+0800][info] GC(269)   Pre Evacuate Collection Set: 0.1ms
[2024-10-12T10:22:52.177+0800][info] GC(269)   Merge Heap Roots: 0.0ms
[2024-10-12T10:22:52.177+0800][info] GC(269)   Evacuate Collection Set: 0.9ms
[2024-10-12T10:22:52.177+0800][info] GC(269)   Post Evacuate Collection Set: 0.2ms
[2024-10-12T10:22:52.177+0800][info] GC(269)   Other: 0.3ms
[2024-10-12T10:22:52.177+0800][info] GC(269) Eden regions: 2->0(2)
[2024-10-12T10:22:52.177+0800][info] GC(269) Survivor regions: 1->1(1)
[2024-10-12T10:22:52.177+0800][info] GC(269) Old regions: 50->52
[2024-10-12T10:22:52.177+0800][info] GC(269) Archive regions: 2->2
[2024-10-12T10:22:52.177+0800][info] GC(269) Humongous regions: 3->3
[2024-10-12T10:22:52.177+0800][info] GC(269) Metaspace: 1635K(1792K)->1635K(1792K) NonClass: 1511K(1600K)->1511K(1600K) Class: 124K(192K)->124K(192K)
[2024-10-12T10:22:52.178+0800][info] GC(269) Pause Young (Concurrent Start) (G1 Evacuation Pause) 111M->111M(128M) 1.699ms
[2024-10-12T10:22:52.178+0800][info] GC(269) User=0.00s Sys=0.00s Real=0.00s
[2024-10-12T10:22:52.178+0800][info] GC(270) Concurrent Mark Cycle
[2024-10-12T10:22:52.178+0800][info] GC(270) Concurrent Clear Claimed Marks
[2024-10-12T10:22:52.178+0800][info] GC(270) Concurrent Clear Claimed Marks 0.017ms
[2024-10-12T10:22:52.178+0800][info] GC(270) Concurrent Scan Root Regions
[2024-10-12T10:22:52.178+0800][info] GC(270) Concurrent Scan Root Regions 0.111ms
[2024-10-12T10:22:52.178+0800][info] GC(270) Concurrent Mark
[2024-10-12T10:22:52.178+0800][info] GC(270) Concurrent Mark From Roots
[2024-10-12T10:22:52.178+0800][info] GC(270) Using 12 workers of 12 for marking
[2024-10-12T10:22:52.181+0800][info] GC(270) Concurrent Mark From Roots 3.469ms
[2024-10-12T10:22:52.181+0800][info] GC(270) Concurrent Preclean
[2024-10-12T10:22:52.183+0800][info] GC(270) Concurrent Preclean 1.675ms
[2024-10-12T10:22:52.183+0800][info] GC(270) Pause Remark
[2024-10-12T10:22:52.185+0800][info] GC(270) Pause Remark 111M->107M(128M) 1.559ms
[2024-10-12T10:22:52.185+0800][info] GC(270) User=0.00s Sys=0.00s Real=0.00s
[2024-10-12T10:22:52.185+0800][info] GC(270) Concurrent Mark 6.895ms
[2024-10-12T10:22:52.185+0800][info] GC(270) Concurrent Rebuild Remembered Sets
[2024-10-12T10:22:52.186+0800][info] GC(270) Concurrent Rebuild Remembered Sets 1.628ms
[2024-10-12T10:22:52.187+0800][info] GC(270) Pause Cleanup
[2024-10-12T10:22:52.187+0800][info] GC(270) Pause Cleanup 107M->107M(128M) 0.186ms
[2024-10-12T10:22:52.187+0800][info] GC(270) User=0.00s Sys=0.00s Real=0.00s
[2024-10-12T10:22:52.187+0800][info] GC(270) Concurrent Cleanup for Next Mark
[2024-10-12T10:22:52.187+0800][info] GC(270) Concurrent Cleanup for Next Mark 0.403ms
[2024-10-12T10:22:52.187+0800][info] GC(270) Concurrent Mark Cycle 9.601ms
[2024-10-12T10:22:52.331+0800][info] GC(271) Pause Young (Prepare Mixed) (G1 Evacuation Pause)
[2024-10-12T10:22:52.331+0800][info] GC(271) Using 3 workers of 48 for evacuation
[2024-10-12T10:22:52.333+0800][info] GC(271)   Pre Evacuate Collection Set: 0.1ms
[2024-10-12T10:22:52.333+0800][info] GC(271)   Merge Heap Roots: 0.1ms
[2024-10-12T10:22:52.333+0800][info] GC(271)   Evacuate Collection Set: 0.8ms
[2024-10-12T10:22:52.333+0800][info] GC(271)   Post Evacuate Collection Set: 0.2ms
[2024-10-12T10:22:52.333+0800][info] GC(271)   Other: 0.2ms
[2024-10-12T10:22:52.333+0800][info] GC(271) Eden regions: 2->0(2)
[2024-10-12T10:22:52.333+0800][info] GC(271) Survivor regions: 1->1(1)
[2024-10-12T10:22:52.333+0800][info] GC(271) Old regions: 50->51
[2024-10-12T10:22:52.333+0800][info] GC(271) Archive regions: 2->2
[2024-10-12T10:22:52.333+0800][info] GC(271) Humongous regions: 3->3
[2024-10-12T10:22:52.333+0800][info] GC(271) Metaspace: 1635K(1792K)->1635K(1792K) NonClass: 1511K(1600K)->1511K(1600K) Class: 124K(192K)->124K(192K)
[2024-10-12T10:22:52.333+0800][info] GC(271) Pause Young (Prepare Mixed) (G1 Evacuation Pause) 111M->110M(128M) 1.480ms
[2024-10-12T10:22:52.333+0800][info] GC(271) User=0.01s Sys=0.00s Real=0.00s
[2024-10-12T10:22:52.435+0800][info] GC(272) Pause Young (Mixed) (G1 Preventive Collection)
[2024-10-12T10:22:52.435+0800][info] GC(272) Using 3 workers of 48 for evacuation
[2024-10-12T10:22:52.437+0800][info] GC(272) To-space exhausted
[2024-10-12T10:22:52.437+0800][info] GC(272)   Pre Evacuate Collection Set: 0.1ms
[2024-10-12T10:22:52.437+0800][info] GC(272)   Merge Heap Roots: 0.0ms
[2024-10-12T10:22:52.437+0800][info] GC(272)   Evacuate Collection Set: 1.2ms
[2024-10-12T10:22:52.437+0800][info] GC(272)   Post Evacuate Collection Set: 0.2ms
[2024-10-12T10:22:52.437+0800][info] GC(272)   Other: 0.2ms
[2024-10-12T10:22:52.437+0800][info] GC(272) Eden regions: 2->0(2)
[2024-10-12T10:22:52.437+0800][info] GC(272) Survivor regions: 1->1(1)
[2024-10-12T10:22:52.437+0800][info] GC(272) Old regions: 51->49
[2024-10-12T10:22:52.437+0800][info] GC(272) Archive regions: 2->2
[2024-10-12T10:22:52.437+0800][info] GC(272) Humongous regions: 3->3
[2024-10-12T10:22:52.437+0800][info] GC(272) Metaspace: 1635K(1792K)->1635K(1792K) NonClass: 1511K(1600K)->1511K(1600K) Class: 124K(192K)->124K(192K)
[2024-10-12T10:22:52.437+0800][info] GC(272) Pause Young (Mixed) (G1 Preventive Collection) 114M->107M(128M) 1.893ms
[2024-10-12T10:22:52.437+0800][info] GC(272) User=0.00s Sys=0.00s Real=0.00s
[2024-10-12T10:22:52.539+0800][info] GC(273) Pause Young (Mixed) (G1 Preventive Collection)
[2024-10-12T10:22:52.539+0800][info] GC(273) Using 3 workers of 48 for evacuation
[2024-10-12T10:22:52.542+0800][info] GC(273)   Pre Evacuate Collection Set: 0.2ms
[2024-10-12T10:22:52.542+0800][info] GC(273)   Merge Heap Roots: 0.1ms
[2024-10-12T10:22:52.542+0800][info] GC(273)   Evacuate Collection Set: 1.7ms
[2024-10-12T10:22:52.542+0800][info] GC(273)   Post Evacuate Collection Set: 0.2ms
[2024-10-12T10:22:52.542+0800][info] GC(273)   Other: 0.1ms
[2024-10-12T10:22:52.542+0800][info] GC(273) Eden regions: 2->0(2)
[2024-10-12T10:22:52.542+0800][info] GC(273) Survivor regions: 1->1(1)
[2024-10-12T10:22:52.542+0800][info] GC(273) Old regions: 49->48
[2024-10-12T10:22:52.542+0800][info] GC(273) Archive regions: 2->2
[2024-10-12T10:22:52.542+0800][info] GC(273) Humongous regions: 3->3
[2024-10-12T10:22:52.542+0800][info] GC(273) Metaspace: 1635K(1792K)->1635K(1792K) NonClass: 1511K(1600K)->1511K(1600K) Class: 124K(192K)->124K(192K)
[2024-10-12T10:22:52.542+0800][info] GC(273) Pause Young (Mixed) (G1 Preventive Collection) 110M->104M(128M) 2.437ms
[2024-10-12T10:22:52.542+0800][info] GC(273) User=0.01s Sys=0.00s Real=0.00s
[2024-10-12T10:22:52.644+0800][info] GC(274) Pause Young (Mixed) (G1 Evacuation Pause)
[2024-10-12T10:22:52.644+0800][info] GC(274) Using 3 workers of 48 for evacuation
[2024-10-12T10:22:52.646+0800][info] GC(274)   Pre Evacuate Collection Set: 0.2ms
[2024-10-12T10:22:52.646+0800][info] GC(274)   Merge Heap Roots: 0.1ms
[2024-10-12T10:22:52.646+0800][info] GC(274)   Evacuate Collection Set: 1.8ms
[2024-10-12T10:22:52.646+0800][info] GC(274)   Post Evacuate Collection Set: 0.2ms
[2024-10-12T10:22:52.646+0800][info] GC(274)   Other: 0.1ms
[2024-10-12T10:22:52.646+0800][info] GC(274) Eden regions: 2->0(2)
[2024-10-12T10:22:52.646+0800][info] GC(274) Survivor regions: 1->1(1)
[2024-10-12T10:22:52.646+0800][info] GC(274) Old regions: 48->47
[2024-10-12T10:22:52.646+0800][info] GC(274) Archive regions: 2->2
[2024-10-12T10:22:52.646+0800][info] GC(274) Humongous regions: 3->3
[2024-10-12T10:22:52.646+0800][info] GC(274) Metaspace: 1635K(1792K)->1635K(1792K) NonClass: 1511K(1600K)->1511K(1600K) Class: 124K(192K)->124K(192K)
[2024-10-12T10:22:52.646+0800][info] GC(274) Pause Young (Mixed) (G1 Evacuation Pause) 107M->101M(128M) 2.484ms
[2024-10-12T10:22:52.646+0800][info] GC(274) User=0.01s Sys=0.00s Real=0.01s
[2024-10-12T10:22:52.749+0800][info] GC(275) Pause Young (Mixed) (G1 Evacuation Pause)
[2024-10-12T10:22:52.749+0800][info] GC(275) Using 3 workers of 48 for evacuation
[2024-10-12T10:22:52.751+0800][info] GC(275)   Pre Evacuate Collection Set: 0.2ms
[2024-10-12T10:22:52.751+0800][info] GC(275)   Merge Heap Roots: 0.0ms
[2024-10-12T10:22:52.751+0800][info] GC(275)   Evacuate Collection Set: 1.5ms
[2024-10-12T10:22:52.751+0800][info] GC(275)   Post Evacuate Collection Set: 0.2ms
[2024-10-12T10:22:52.751+0800][info] GC(275)   Other: 0.2ms
[2024-10-12T10:22:52.751+0800][info] GC(275) Eden regions: 2->0(2)
[2024-10-12T10:22:52.751+0800][info] GC(275) Survivor regions: 1->1(1)
[2024-10-12T10:22:52.751+0800][info] GC(275) Old regions: 47->47
[2024-10-12T10:22:52.751+0800][info] GC(275) Archive regions: 2->2
[2024-10-12T10:22:52.751+0800][info] GC(275) Humongous regions: 3->3
[2024-10-12T10:22:52.751+0800][info] GC(275) Metaspace: 1635K(1792K)->1635K(1792K) NonClass: 1511K(1600K)->1511K(1600K) Class: 124K(192K)->124K(192K)
[2024-10-12T10:22:52.751+0800][info] GC(275) Pause Young (Mixed) (G1 Evacuation Pause) 105M->102M(128M) 2.208ms
[2024-10-12T10:22:52.751+0800][info] GC(275) User=0.01s Sys=0.00s Real=0.00s
[2024-10-12T10:22:52.853+0800][info] GC(276) Pause Young (Normal) (G1 Evacuation Pause)
[2024-10-12T10:22:52.853+0800][info] GC(276) Using 3 workers of 48 for evacuation
[2024-10-12T10:22:52.855+0800][info] GC(276)   Pre Evacuate Collection Set: 0.1ms
[2024-10-12T10:22:52.855+0800][info] GC(276)   Merge Heap Roots: 0.0ms
[2024-10-12T10:22:52.855+0800][info] GC(276)   Evacuate Collection Set: 0.8ms
[2024-10-12T10:22:52.855+0800][info] GC(276)   Post Evacuate Collection Set: 0.2ms
[2024-10-12T10:22:52.855+0800][info] GC(276)   Other: 0.2ms
[2024-10-12T10:22:52.855+0800][info] GC(276) Eden regions: 2->0(2)
[2024-10-12T10:22:52.855+0800][info] GC(276) Survivor regions: 1->1(1)
[2024-10-12T10:22:52.855+0800][info] GC(276) Old regions: 47->50
[2024-10-12T10:22:52.855+0800][info] GC(276) Archive regions: 2->2
[2024-10-12T10:22:52.855+0800][info] GC(276) Humongous regions: 3->3
[2024-10-12T10:22:52.855+0800][info] GC(276) Metaspace: 1635K(1792K)->1635K(1792K) NonClass: 1511K(1600K)->1511K(1600K) Class: 124K(192K)->124K(192K)
[2024-10-12T10:22:52.855+0800][info] GC(276) Pause Young (Normal) (G1 Evacuation Pause) 106M->107M(128M) 1.473ms
[2024-10-12T10:22:52.855+0800][info] GC(276) User=0.00s Sys=0.00s Real=0.00s
[2024-10-12T10:22:52.957+0800][info] GC(277) Pause Young (Concurrent Start) (G1 Evacuation Pause)
[2024-10-12T10:22:52.957+0800][info] GC(277) Using 3 workers of 48 for evacuation
[2024-10-12T10:22:52.959+0800][info] GC(277)   Pre Evacuate Collection Set: 0.1ms
[2024-10-12T10:22:52.959+0800][info] GC(277)   Merge Heap Roots: 0.0ms
[2024-10-12T10:22:52.959+0800][info] GC(277)   Evacuate Collection Set: 0.7ms
[2024-10-12T10:22:52.959+0800][info] GC(277)   Post Evacuate Collection Set: 0.2ms
[2024-10-12T10:22:52.959+0800][info] GC(277)   Other: 0.3ms
[2024-10-12T10:22:52.959+0800][info] GC(277) Eden regions: 2->0(2)
[2024-10-12T10:22:52.959+0800][info] GC(277) Survivor regions: 1->1(1)
[2024-10-12T10:22:52.959+0800][info] GC(277) Old regions: 50->52
[2024-10-12T10:22:52.959+0800][info] GC(277) Archive regions: 2->2
[2024-10-12T10:22:52.959+0800][info] GC(277) Humongous regions: 3->3
[2024-10-12T10:22:52.959+0800][info] GC(277) Metaspace: 1635K(1792K)->1635K(1792K) NonClass: 1511K(1600K)->1511K(1600K) Class: 124K(192K)->124K(192K)
[2024-10-12T10:22:52.959+0800][info] GC(277) Pause Young (Concurrent Start) (G1 Evacuation Pause) 111M->111M(128M) 1.470ms
[2024-10-12T10:22:52.959+0800][info] GC(277) User=0.00s Sys=0.00s Real=0.00s
[2024-10-12T10:22:52.959+0800][info] GC(278) Concurrent Mark Cycle
[2024-10-12T10:22:52.959+0800][info] GC(278) Concurrent Clear Claimed Marks
[2024-10-12T10:22:52.959+0800][info] GC(278) Concurrent Clear Claimed Marks 0.017ms
[2024-10-12T10:22:52.959+0800][info] GC(278) Concurrent Scan Root Regions
[2024-10-12T10:22:52.959+0800][info] GC(278) Concurrent Scan Root Regions 0.146ms
[2024-10-12T10:22:52.959+0800][info] GC(278) Concurrent Mark
[2024-10-12T10:22:52.959+0800][info] GC(278) Concurrent Mark From Roots
[2024-10-12T10:22:52.959+0800][info] GC(278) Using 12 workers of 12 for marking
[2024-10-12T10:22:52.963+0800][info] GC(278) Concurrent Mark From Roots 3.814ms
[2024-10-12T10:22:52.963+0800][info] GC(278) Concurrent Preclean
[2024-10-12T10:22:52.965+0800][info] GC(278) Concurrent Preclean 1.682ms
[2024-10-12T10:22:52.965+0800][info] GC(278) Pause Remark
[2024-10-12T10:22:52.966+0800][info] GC(278) Pause Remark 111M->111M(128M) 1.462ms
[2024-10-12T10:22:52.966+0800][info] GC(278) User=0.00s Sys=0.00s Real=0.01s
[2024-10-12T10:22:52.966+0800][info] GC(278) Concurrent Mark 7.179ms
[2024-10-12T10:22:52.966+0800][info] GC(278) Concurrent Rebuild Remembered Sets
[2024-10-12T10:22:52.968+0800][info] GC(278) Concurrent Rebuild Remembered Sets 1.624ms
[2024-10-12T10:22:52.968+0800][info] GC(278) Pause Cleanup
[2024-10-12T10:22:52.968+0800][info] GC(278) Pause Cleanup 111M->111M(128M) 0.187ms
[2024-10-12T10:22:52.968+0800][info] GC(278) User=0.00s Sys=0.00s Real=0.00s
[2024-10-12T10:22:52.968+0800][info] GC(278) Concurrent Cleanup for Next Mark
[2024-10-12T10:22:52.969+0800][info] GC(278) Concurrent Cleanup for Next Mark 0.396ms
[2024-10-12T10:22:52.969+0800][info] GC(278) Concurrent Mark Cycle 9.890ms
[2024-10-12T10:22:53.112+0800][info] GC(279) Pause Young (Prepare Mixed) (G1 Preventive Collection)
[2024-10-12T10:22:53.112+0800][info] GC(279) Using 3 workers of 48 for evacuation
[2024-10-12T10:22:53.114+0800][info] GC(279)   Pre Evacuate Collection Set: 0.1ms
[2024-10-12T10:22:53.114+0800][info] GC(279)   Merge Heap Roots: 0.1ms
[2024-10-12T10:22:53.114+0800][info] GC(279)   Evacuate Collection Set: 0.9ms
[2024-10-12T10:22:53.114+0800][info] GC(279)   Post Evacuate Collection Set: 0.2ms
[2024-10-12T10:22:53.114+0800][info] GC(279)   Other: 0.2ms
[2024-10-12T10:22:53.114+0800][info] GC(279) Eden regions: 2->0(2)
[2024-10-12T10:22:53.114+0800][info] GC(279) Survivor regions: 1->1(1)
[2024-10-12T10:22:53.114+0800][info] GC(279) Old regions: 52->54
[2024-10-12T10:22:53.114+0800][info] GC(279) Archive regions: 2->2
[2024-10-12T10:22:53.114+0800][info] GC(279) Humongous regions: 3->3
[2024-10-12T10:22:53.114+0800][info] GC(279) Metaspace: 1635K(1792K)->1635K(1792K) NonClass: 1511K(1600K)->1511K(1600K) Class: 124K(192K)->124K(192K)
[2024-10-12T10:22:53.114+0800][info] GC(279) Pause Young (Prepare Mixed) (G1 Preventive Collection) 114M->115M(128M) 1.580ms
[2024-10-12T10:22:53.114+0800][info] GC(279) User=0.00s Sys=0.00s Real=0.01s
[2024-10-12T10:22:53.175+0800][info] GC(280) Pause Young (Mixed) (G1 Preventive Collection)
[2024-10-12T10:22:53.175+0800][info] GC(280) Using 3 workers of 48 for evacuation
[2024-10-12T10:22:53.177+0800][info] GC(280) To-space exhausted
[2024-10-12T10:22:53.177+0800][info] GC(280)   Pre Evacuate Collection Set: 0.2ms
[2024-10-12T10:22:53.177+0800][info] GC(280)   Merge Heap Roots: 0.1ms
[2024-10-12T10:22:53.177+0800][info] GC(280)   Evacuate Collection Set: 1.0ms
[2024-10-12T10:22:53.177+0800][info] GC(280)   Post Evacuate Collection Set: 0.2ms
[2024-10-12T10:22:53.177+0800][info] GC(280)   Other: 0.2ms
[2024-10-12T10:22:53.177+0800][info] GC(280) Eden regions: 1->0(2)
[2024-10-12T10:22:53.177+0800][info] GC(280) Survivor regions: 1->1(1)
[2024-10-12T10:22:53.177+0800][info] GC(280) Old regions: 54->50
[2024-10-12T10:22:53.177+0800][info] GC(280) Archive regions: 2->2
[2024-10-12T10:22:53.177+0800][info] GC(280) Humongous regions: 3->3
[2024-10-12T10:22:53.177+0800][info] GC(280) Metaspace: 1635K(1792K)->1635K(1792K) NonClass: 1511K(1600K)->1511K(1600K) Class: 124K(192K)->124K(192K)
[2024-10-12T10:22:53.177+0800][info] GC(280) Pause Young (Mixed) (G1 Preventive Collection) 117M->108M(128M) 1.700ms
[2024-10-12T10:22:53.177+0800][info] GC(280) User=0.00s Sys=0.00s Real=0.00s
[2024-10-12T10:22:53.280+0800][info] GC(281) Pause Young (Mixed) (G1 Preventive Collection)
[2024-10-12T10:22:53.280+0800][info] GC(281) Using 3 workers of 48 for evacuation
[2024-10-12T10:22:53.282+0800][info] GC(281) To-space exhausted
[2024-10-12T10:22:53.282+0800][info] GC(281)   Pre Evacuate Collection Set: 0.2ms
[2024-10-12T10:22:53.282+0800][info] GC(281)   Merge Heap Roots: 0.1ms
[2024-10-12T10:22:53.282+0800][info] GC(281)   Evacuate Collection Set: 1.5ms
[2024-10-12T10:22:53.282+0800][info] GC(281)   Post Evacuate Collection Set: 0.2ms
[2024-10-12T10:22:53.282+0800][info] GC(281)   Other: 0.1ms
[2024-10-12T10:22:53.282+0800][info] GC(281) Eden regions: 2->0(2)
[2024-10-12T10:22:53.282+0800][info] GC(281) Survivor regions: 1->1(1)
[2024-10-12T10:22:53.282+0800][info] GC(281) Old regions: 50->49
[2024-10-12T10:22:53.282+0800][info] GC(281) Archive regions: 2->2
[2024-10-12T10:22:53.282+0800][info] GC(281) Humongous regions: 3->3
[2024-10-12T10:22:53.282+0800][info] GC(281) Metaspace: 1635K(1792K)->1635K(1792K) NonClass: 1511K(1600K)->1511K(1600K) Class: 124K(192K)->124K(192K)
[2024-10-12T10:22:53.282+0800][info] GC(281) Pause Young (Mixed) (G1 Preventive Collection) 112M->107M(128M) 2.172ms
[2024-10-12T10:22:53.282+0800][info] GC(281) User=0.00s Sys=0.00s Real=0.00s
[2024-10-12T10:22:53.384+0800][info] GC(282) Pause Young (Mixed) (G1 Preventive Collection)
[2024-10-12T10:22:53.384+0800][info] GC(282) Using 3 workers of 48 for evacuation
[2024-10-12T10:22:53.386+0800][info] GC(282)   Pre Evacuate Collection Set: 0.2ms
[2024-10-12T10:22:53.386+0800][info] GC(282)   Merge Heap Roots: 0.1ms
[2024-10-12T10:22:53.386+0800][info] GC(282)   Evacuate Collection Set: 1.6ms
[2024-10-12T10:22:53.386+0800][info] GC(282)   Post Evacuate Collection Set: 0.2ms
[2024-10-12T10:22:53.386+0800][info] GC(282)   Other: 0.1ms
[2024-10-12T10:22:53.386+0800][info] GC(282) Eden regions: 2->0(2)
[2024-10-12T10:22:53.386+0800][info] GC(282) Survivor regions: 1->1(1)
[2024-10-12T10:22:53.386+0800][info] GC(282) Old regions: 49->47
[2024-10-12T10:22:53.386+0800][info] GC(282) Archive regions: 2->2
[2024-10-12T10:22:53.386+0800][info] GC(282) Humongous regions: 3->3
[2024-10-12T10:22:53.386+0800][info] GC(282) Metaspace: 1635K(1792K)->1635K(1792K) NonClass: 1511K(1600K)->1511K(1600K) Class: 124K(192K)->124K(192K)
[2024-10-12T10:22:53.386+0800][info] GC(282) Pause Young (Mixed) (G1 Preventive Collection) 110M->102M(128M) 2.356ms
[2024-10-12T10:22:53.386+0800][info] GC(282) User=0.01s Sys=0.00s Real=0.01s
[2024-10-12T10:22:53.489+0800][info] GC(283) Pause Young (Mixed) (G1 Evacuation Pause)
[2024-10-12T10:22:53.489+0800][info] GC(283) Using 3 workers of 48 for evacuation
[2024-10-12T10:22:53.491+0800][info] GC(283)   Pre Evacuate Collection Set: 0.2ms
[2024-10-12T10:22:53.491+0800][info] GC(283)   Merge Heap Roots: 0.1ms
[2024-10-12T10:22:53.491+0800][info] GC(283)   Evacuate Collection Set: 1.8ms
[2024-10-12T10:22:53.491+0800][info] GC(283)   Post Evacuate Collection Set: 0.2ms
[2024-10-12T10:22:53.491+0800][info] GC(283)   Other: 0.1ms
[2024-10-12T10:22:53.491+0800][info] GC(283) Eden regions: 2->0(2)
[2024-10-12T10:22:53.491+0800][info] GC(283) Survivor regions: 1->1(1)
[2024-10-12T10:22:53.491+0800][info] GC(283) Old regions: 47->47
[2024-10-12T10:22:53.491+0800][info] GC(283) Archive regions: 2->2
[2024-10-12T10:22:53.491+0800][info] GC(283) Humongous regions: 3->3
[2024-10-12T10:22:53.491+0800][info] GC(283) Metaspace: 1635K(1792K)->1635K(1792K) NonClass: 1511K(1600K)->1511K(1600K) Class: 124K(192K)->124K(192K)
[2024-10-12T10:22:53.491+0800][info] GC(283) Pause Young (Mixed) (G1 Evacuation Pause) 106M->101M(128M) 2.527ms
[2024-10-12T10:22:53.491+0800][info] GC(283) User=0.01s Sys=0.00s Real=0.00s
[2024-10-12T10:22:53.594+0800][info] GC(284) Pause Young (Mixed) (G1 Evacuation Pause)
[2024-10-12T10:22:53.594+0800][info] GC(284) Using 3 workers of 48 for evacuation
[2024-10-12T10:22:53.595+0800][info] GC(284)   Pre Evacuate Collection Set: 0.2ms
[2024-10-12T10:22:53.595+0800][info] GC(284)   Merge Heap Roots: 0.0ms
[2024-10-12T10:22:53.595+0800][info] GC(284)   Evacuate Collection Set: 1.0ms
[2024-10-12T10:22:53.595+0800][info] GC(284)   Post Evacuate Collection Set: 0.2ms
[2024-10-12T10:22:53.595+0800][info] GC(284)   Other: 0.1ms
[2024-10-12T10:22:53.595+0800][info] GC(284) Eden regions: 2->0(2)
[2024-10-12T10:22:53.595+0800][info] GC(284) Survivor regions: 1->1(1)
[2024-10-12T10:22:53.595+0800][info] GC(284) Old regions: 47->48
[2024-10-12T10:22:53.595+0800][info] GC(284) Archive regions: 2->2
[2024-10-12T10:22:53.595+0800][info] GC(284) Humongous regions: 3->3
[2024-10-12T10:22:53.595+0800][info] GC(284) Metaspace: 1635K(1792K)->1635K(1792K) NonClass: 1511K(1600K)->1511K(1600K) Class: 124K(192K)->124K(192K)
[2024-10-12T10:22:53.595+0800][info] GC(284) Pause Young (Mixed) (G1 Evacuation Pause) 105M->103M(128M) 1.665ms
[2024-10-12T10:22:53.595+0800][info] GC(284) User=0.00s Sys=0.00s Real=0.00s
[2024-10-12T10:22:53.698+0800][info] GC(285) Pause Young (Normal) (G1 Evacuation Pause)
[2024-10-12T10:22:53.698+0800][info] GC(285) Using 3 workers of 48 for evacuation
[2024-10-12T10:22:53.699+0800][info] GC(285)   Pre Evacuate Collection Set: 0.1ms
[2024-10-12T10:22:53.699+0800][info] GC(285)   Merge Heap Roots: 0.0ms
[2024-10-12T10:22:53.699+0800][info] GC(285)   Evacuate Collection Set: 0.7ms
[2024-10-12T10:22:53.699+0800][info] GC(285)   Post Evacuate Collection Set: 0.2ms
[2024-10-12T10:22:53.699+0800][info] GC(285)   Other: 0.2ms
[2024-10-12T10:22:53.699+0800][info] GC(285) Eden regions: 2->0(2)
[2024-10-12T10:22:53.699+0800][info] GC(285) Survivor regions: 1->1(1)
[2024-10-12T10:22:53.700+0800][info] GC(285) Old regions: 48->50
[2024-10-12T10:22:53.700+0800][info] GC(285) Archive regions: 2->2
[2024-10-12T10:22:53.700+0800][info] GC(285) Humongous regions: 4->3
[2024-10-12T10:22:53.700+0800][info] GC(285) Metaspace: 1635K(1792K)->1635K(1792K) NonClass: 1511K(1600K)->1511K(1600K) Class: 124K(192K)->124K(192K)
[2024-10-12T10:22:53.700+0800][info] GC(285) Pause Young (Normal) (G1 Evacuation Pause) 109M->107M(128M) 1.293ms
[2024-10-12T10:22:53.700+0800][info] GC(285) User=0.00s Sys=0.00s Real=0.00s
[2024-10-12T10:22:53.802+0800][info] GC(286) Pause Young (Concurrent Start) (G1 Evacuation Pause)
[2024-10-12T10:22:53.802+0800][info] GC(286) Using 3 workers of 48 for evacuation
[2024-10-12T10:22:53.803+0800][info] GC(286)   Pre Evacuate Collection Set: 0.1ms
[2024-10-12T10:22:53.803+0800][info] GC(286)   Merge Heap Roots: 0.0ms
[2024-10-12T10:22:53.803+0800][info] GC(286)   Evacuate Collection Set: 0.7ms
[2024-10-12T10:22:53.803+0800][info] GC(286)   Post Evacuate Collection Set: 0.2ms
[2024-10-12T10:22:53.803+0800][info] GC(286)   Other: 0.4ms
[2024-10-12T10:22:53.803+0800][info] GC(286) Eden regions: 2->0(2)
[2024-10-12T10:22:53.803+0800][info] GC(286) Survivor regions: 1->1(1)
[2024-10-12T10:22:53.803+0800][info] GC(286) Old regions: 50->51
[2024-10-12T10:22:53.803+0800][info] GC(286) Archive regions: 2->2
[2024-10-12T10:22:53.803+0800][info] GC(286) Humongous regions: 3->3
[2024-10-12T10:22:53.803+0800][info] GC(286) Metaspace: 1635K(1792K)->1635K(1792K) NonClass: 1511K(1600K)->1511K(1600K) Class: 124K(192K)->124K(192K)
[2024-10-12T10:22:53.803+0800][info] GC(286) Pause Young (Concurrent Start) (G1 Evacuation Pause) 111M->110M(128M) 1.561ms
[2024-10-12T10:22:53.803+0800][info] GC(286) User=0.00s Sys=0.00s Real=0.00s
[2024-10-12T10:22:53.803+0800][info] GC(287) Concurrent Mark Cycle
[2024-10-12T10:22:53.803+0800][info] GC(287) Concurrent Clear Claimed Marks
[2024-10-12T10:22:53.803+0800][info] GC(287) Concurrent Clear Claimed Marks 0.017ms
[2024-10-12T10:22:53.803+0800][info] GC(287) Concurrent Scan Root Regions
[2024-10-12T10:22:53.804+0800][info] GC(287) Concurrent Scan Root Regions 0.148ms
[2024-10-12T10:22:53.804+0800][info] GC(287) Concurrent Mark
[2024-10-12T10:22:53.804+0800][info] GC(287) Concurrent Mark From Roots
[2024-10-12T10:22:53.804+0800][info] GC(287) Using 12 workers of 12 for marking
[2024-10-12T10:22:53.807+0800][info] GC(287) Concurrent Mark From Roots 3.367ms
[2024-10-12T10:22:53.807+0800][info] GC(287) Concurrent Preclean
[2024-10-12T10:22:53.809+0800][info] GC(287) Concurrent Preclean 1.702ms
[2024-10-12T10:22:53.809+0800][info] GC(287) Pause Remark
[2024-10-12T10:22:53.810+0800][info] GC(287) Pause Remark 111M->109M(128M) 1.480ms
[2024-10-12T10:22:53.810+0800][info] GC(287) User=0.00s Sys=0.00s Real=0.00s
[2024-10-12T10:22:53.810+0800][info] GC(287) Concurrent Mark 6.797ms
[2024-10-12T10:22:53.810+0800][info] GC(287) Concurrent Rebuild Remembered Sets
[2024-10-12T10:22:53.812+0800][info] GC(287) Concurrent Rebuild Remembered Sets 1.726ms
[2024-10-12T10:22:53.812+0800][info] GC(287) Pause Cleanup
[2024-10-12T10:22:53.812+0800][info] GC(287) Pause Cleanup 109M->109M(128M) 0.245ms
[2024-10-12T10:22:53.813+0800][info] GC(287) User=0.00s Sys=0.00s Real=0.00s
[2024-10-12T10:22:53.813+0800][info] GC(287) Concurrent Cleanup for Next Mark
[2024-10-12T10:22:53.813+0800][info] GC(287) Concurrent Cleanup for Next Mark 0.359ms
[2024-10-12T10:22:53.813+0800][info] GC(287) Concurrent Mark Cycle 9.588ms
[2024-10-12T10:22:53.957+0800][info] GC(288) Pause Young (Prepare Mixed) (G1 Evacuation Pause)
[2024-10-12T10:22:53.957+0800][info] GC(288) Using 3 workers of 48 for evacuation
[2024-10-12T10:22:53.958+0800][info] GC(288)   Pre Evacuate Collection Set: 0.1ms
[2024-10-12T10:22:53.958+0800][info] GC(288)   Merge Heap Roots: 0.0ms
[2024-10-12T10:22:53.958+0800][info] GC(288)   Evacuate Collection Set: 0.9ms
[2024-10-12T10:22:53.958+0800][info] GC(288)   Post Evacuate Collection Set: 0.2ms
[2024-10-12T10:22:53.958+0800][info] GC(288)   Other: 0.2ms
[2024-10-12T10:22:53.958+0800][info] GC(288) Eden regions: 2->0(2)
[2024-10-12T10:22:53.958+0800][info] GC(288) Survivor regions: 1->1(1)
[2024-10-12T10:22:53.958+0800][info] GC(288) Old regions: 50->52
[2024-10-12T10:22:53.958+0800][info] GC(288) Archive regions: 2->2
[2024-10-12T10:22:53.958+0800][info] GC(288) Humongous regions: 3->3
[2024-10-12T10:22:53.958+0800][info] GC(288) Metaspace: 1635K(1792K)->1635K(1792K) NonClass: 1511K(1600K)->1511K(1600K) Class: 124K(192K)->124K(192K)
[2024-10-12T10:22:53.958+0800][info] GC(288) Pause Young (Prepare Mixed) (G1 Evacuation Pause) 112M->112M(128M) 1.522ms
[2024-10-12T10:22:53.958+0800][info] GC(288) User=0.00s Sys=0.00s Real=0.00s
[2024-10-12T10:22:54.061+0800][info] GC(289) Pause Young (Mixed) (G1 Preventive Collection)
[2024-10-12T10:22:54.061+0800][info] GC(289) Using 3 workers of 48 for evacuation
[2024-10-12T10:22:54.062+0800][info] GC(289) To-space exhausted
[2024-10-12T10:22:54.062+0800][info] GC(289)   Pre Evacuate Collection Set: 0.2ms
[2024-10-12T10:22:54.062+0800][info] GC(289)   Merge Heap Roots: 0.1ms
[2024-10-12T10:22:54.062+0800][info] GC(289)   Evacuate Collection Set: 1.1ms
[2024-10-12T10:22:54.062+0800][info] GC(289)   Post Evacuate Collection Set: 0.2ms
[2024-10-12T10:22:54.062+0800][info] GC(289)   Other: 0.2ms
[2024-10-12T10:22:54.062+0800][info] GC(289) Eden regions: 2->0(2)
[2024-10-12T10:22:54.062+0800][info] GC(289) Survivor regions: 1->1(1)
[2024-10-12T10:22:54.062+0800][info] GC(289) Old regions: 52->52
[2024-10-12T10:22:54.062+0800][info] GC(289) Archive regions: 2->2
[2024-10-12T10:22:54.062+0800][info] GC(289) Humongous regions: 3->3
[2024-10-12T10:22:54.062+0800][info] GC(289) Metaspace: 1635K(1792K)->1635K(1792K) NonClass: 1511K(1600K)->1511K(1600K) Class: 124K(192K)->124K(192K)
[2024-10-12T10:22:54.062+0800][info] GC(289) Pause Young (Mixed) (G1 Preventive Collection) 116M->113M(128M) 1.887ms
[2024-10-12T10:22:54.062+0800][info] GC(289) User=0.00s Sys=0.00s Real=0.00s
[2024-10-12T10:22:54.124+0800][info] GC(290) Pause Young (Mixed) (G1 Preventive Collection)
[2024-10-12T10:22:54.124+0800][info] GC(290) Using 3 workers of 48 for evacuation
[2024-10-12T10:22:54.126+0800][info] GC(290) To-space exhausted
[2024-10-12T10:22:54.126+0800][info] GC(290)   Pre Evacuate Collection Set: 0.2ms
[2024-10-12T10:22:54.126+0800][info] GC(290)   Merge Heap Roots: 0.1ms
[2024-10-12T10:22:54.126+0800][info] GC(290)   Evacuate Collection Set: 1.5ms
[2024-10-12T10:22:54.126+0800][info] GC(290)   Post Evacuate Collection Set: 0.2ms
[2024-10-12T10:22:54.126+0800][info] GC(290)   Other: 0.2ms
[2024-10-12T10:22:54.126+0800][info] GC(290) Eden regions: 1->0(2)
[2024-10-12T10:22:54.126+0800][info] GC(290) Survivor regions: 1->1(1)
[2024-10-12T10:22:54.126+0800][info] GC(290) Old regions: 52->52
[2024-10-12T10:22:54.126+0800][info] GC(290) Archive regions: 2->2
[2024-10-12T10:22:54.126+0800][info] GC(290) Humongous regions: 3->3
[2024-10-12T10:22:54.126+0800][info] GC(290) Metaspace: 1636K(1792K)->1636K(1792K) NonClass: 1512K(1600K)->1512K(1600K) Class: 124K(192K)->124K(192K)
[2024-10-12T10:22:54.127+0800][info] GC(290) Pause Young (Mixed) (G1 Preventive Collection) 114M->112M(128M) 2.171ms
[2024-10-12T10:22:54.127+0800][info] GC(290) User=0.01s Sys=0.00s Real=0.01s
[2024-10-12T10:22:54.168+0800][info] GC(291) Pause Young (Mixed) (G1 Preventive Collection)
[2024-10-12T10:22:54.168+0800][info] GC(291) Using 3 workers of 48 for evacuation
[2024-10-12T10:22:54.170+0800][info] GC(291) To-space exhausted
[2024-10-12T10:22:54.170+0800][info] GC(291)   Pre Evacuate Collection Set: 0.2ms
[2024-10-12T10:22:54.170+0800][info] GC(291)   Merge Heap Roots: 0.1ms
[2024-10-12T10:22:54.170+0800][info] GC(291)   Evacuate Collection Set: 1.3ms
[2024-10-12T10:22:54.170+0800][info] GC(291)   Post Evacuate Collection Set: 0.3ms
[2024-10-12T10:22:54.170+0800][info] GC(291)   Other: 0.2ms
[2024-10-12T10:22:54.170+0800][info] GC(291) Eden regions: 1->0(2)
[2024-10-12T10:22:54.170+0800][info] GC(291) Survivor regions: 1->1(1)
[2024-10-12T10:22:54.170+0800][info] GC(291) Old regions: 52->53
[2024-10-12T10:22:54.170+0800][info] GC(291) Archive regions: 2->2
[2024-10-12T10:22:54.170+0800][info] GC(291) Humongous regions: 3->3
[2024-10-12T10:22:54.170+0800][info] GC(291) Metaspace: 1636K(1792K)->1636K(1792K) NonClass: 1512K(1600K)->1512K(1600K) Class: 124K(192K)->124K(192K)
[2024-10-12T10:22:54.170+0800][info] GC(291) Pause Young (Mixed) (G1 Preventive Collection) 114M->114M(128M) 2.096ms
[2024-10-12T10:22:54.170+0800][info] GC(291) User=0.00s Sys=0.00s Real=0.00s
[2024-10-12T10:22:54.231+0800][info] GC(292) Pause Young (Mixed) (G1 Preventive Collection)
[2024-10-12T10:22:54.231+0800][info] GC(292) Using 3 workers of 48 for evacuation
[2024-10-12T10:22:54.233+0800][info] GC(292) To-space exhausted
[2024-10-12T10:22:54.233+0800][info] GC(292)   Pre Evacuate Collection Set: 0.2ms
[2024-10-12T10:22:54.233+0800][info] GC(292)   Merge Heap Roots: 0.0ms
[2024-10-12T10:22:54.233+0800][info] GC(292)   Evacuate Collection Set: 1.1ms
[2024-10-12T10:22:54.233+0800][info] GC(292)   Post Evacuate Collection Set: 0.2ms
[2024-10-12T10:22:54.233+0800][info] GC(292)   Other: 0.2ms
[2024-10-12T10:22:54.233+0800][info] GC(292) Eden regions: 1->0(2)
[2024-10-12T10:22:54.233+0800][info] GC(292) Survivor regions: 1->1(1)
[2024-10-12T10:22:54.233+0800][info] GC(292) Old regions: 53->57
[2024-10-12T10:22:54.233+0800][info] GC(292) Archive regions: 2->2
[2024-10-12T10:22:54.233+0800][info] GC(292) Humongous regions: 3->3
[2024-10-12T10:22:54.233+0800][info] GC(292) Metaspace: 1636K(1792K)->1636K(1792K) NonClass: 1512K(1600K)->1512K(1600K) Class: 124K(192K)->124K(192K)
[2024-10-12T10:22:54.233+0800][info] GC(292) Pause Young (Mixed) (G1 Preventive Collection) 116M->122M(128M) 1.850ms
[2024-10-12T10:22:54.233+0800][info] GC(292) User=0.01s Sys=0.00s Real=0.00s
[2024-10-12T10:22:54.274+0800][info] GC(293) Pause Young (Mixed) (G1 Evacuation Pause)
[2024-10-12T10:22:54.274+0800][info] GC(293) Using 3 workers of 48 for evacuation
[2024-10-12T10:22:54.275+0800][info] GC(293) To-space exhausted
[2024-10-12T10:22:54.275+0800][info] GC(293)   Pre Evacuate Collection Set: 0.2ms
[2024-10-12T10:22:54.275+0800][info] GC(293)   Merge Heap Roots: 0.1ms
[2024-10-12T10:22:54.275+0800][info] GC(293)   Evacuate Collection Set: 0.3ms
[2024-10-12T10:22:54.275+0800][info] GC(293)   Post Evacuate Collection Set: 0.3ms
[2024-10-12T10:22:54.275+0800][info] GC(293)   Other: 0.1ms
[2024-10-12T10:22:54.275+0800][info] GC(293) Eden regions: 1->0(3)
[2024-10-12T10:22:54.275+0800][info] GC(293) Survivor regions: 1->0(0)
[2024-10-12T10:22:54.275+0800][info] GC(293) Old regions: 57->59
[2024-10-12T10:22:54.275+0800][info] GC(293) Archive regions: 2->2
[2024-10-12T10:22:54.275+0800][info] GC(293) Humongous regions: 3->3
[2024-10-12T10:22:54.275+0800][info] GC(293) Metaspace: 1636K(1792K)->1636K(1792K) NonClass: 1512K(1600K)->1512K(1600K) Class: 124K(192K)->124K(192K)
[2024-10-12T10:22:54.275+0800][info] GC(293) Pause Young (Mixed) (G1 Evacuation Pause) 123M->123M(128M) 1.011ms
[2024-10-12T10:22:54.275+0800][info] GC(293) User=0.00s Sys=0.00s Real=0.00s
[2024-10-12T10:22:54.275+0800][info] Attempting full compaction
[2024-10-12T10:22:54.275+0800][info] GC(294) Using 3 workers of 48 for full compaction
[2024-10-12T10:22:54.275+0800][info] GC(294) Pause Full (G1 Compaction Pause)
[2024-10-12T10:22:54.275+0800][info] GC(294) Phase 1: Mark live objects
[2024-10-12T10:22:54.279+0800][info] GC(294) Phase 1: Mark live objects 3.391ms
[2024-10-12T10:22:54.279+0800][info] GC(294) Phase 2: Prepare for compaction
[2024-10-12T10:22:54.279+0800][info] GC(294) Phase 2: Prepare for compaction 0.712ms
[2024-10-12T10:22:54.279+0800][info] GC(294) Phase 3: Adjust pointers
[2024-10-12T10:22:54.281+0800][info] GC(294) Phase 3: Adjust pointers 1.577ms
[2024-10-12T10:22:54.281+0800][info] GC(294) Phase 4: Compact heap
[2024-10-12T10:22:54.293+0800][info] GC(294) Phase 4: Compact heap 12.049ms
[2024-10-12T10:22:54.294+0800][info] GC(294) Eden regions: 0->0(4)
[2024-10-12T10:22:54.294+0800][info] GC(294) Survivor regions: 0->0(0)
[2024-10-12T10:22:54.294+0800][info] GC(294) Old regions: 59->38
[2024-10-12T10:22:54.294+0800][info] GC(294) Archive regions: 2->2
[2024-10-12T10:22:54.294+0800][info] GC(294) Humongous regions: 3->3
[2024-10-12T10:22:54.294+0800][info] GC(294) Metaspace: 1636K(1792K)->1636K(1792K) NonClass: 1512K(1600K)->1512K(1600K) Class: 124K(192K)->124K(192K)
[2024-10-12T10:22:54.295+0800][info] GC(294) Pause Full (G1 Compaction Pause) 123M->71M(128M) 19.410ms
[2024-10-12T10:22:54.295+0800][info] GC(294) User=0.04s Sys=0.00s Real=0.02s
[2024-10-12T10:22:54.520+0800][info] GC(295) Pause Young (Normal) (G1 Evacuation Pause)
[2024-10-12T10:22:54.520+0800][info] GC(295) Using 3 workers of 48 for evacuation
[2024-10-12T10:22:54.522+0800][info] GC(295)   Pre Evacuate Collection Set: 0.1ms
[2024-10-12T10:22:54.522+0800][info] GC(295)   Merge Heap Roots: 0.0ms
[2024-10-12T10:22:54.522+0800][info] GC(295)   Evacuate Collection Set: 1.0ms
[2024-10-12T10:22:54.522+0800][info] GC(295)   Post Evacuate Collection Set: 0.2ms
[2024-10-12T10:22:54.522+0800][info] GC(295)   Other: 0.3ms
[2024-10-12T10:22:54.522+0800][info] GC(295) Eden regions: 4->0(2)
[2024-10-12T10:22:54.522+0800][info] GC(295) Survivor regions: 0->1(1)
[2024-10-12T10:22:54.522+0800][info] GC(295) Old regions: 38->41
[2024-10-12T10:22:54.522+0800][info] GC(295) Archive regions: 2->2
[2024-10-12T10:22:54.522+0800][info] GC(295) Humongous regions: 3->3
[2024-10-12T10:22:54.522+0800][info] GC(295) Metaspace: 1636K(1792K)->1636K(1792K) NonClass: 1512K(1600K)->1512K(1600K) Class: 124K(192K)->124K(192K)
[2024-10-12T10:22:54.522+0800][info] GC(295) Pause Young (Normal) (G1 Evacuation Pause) 79M->79M(128M) 1.777ms
[2024-10-12T10:22:54.522+0800][info] GC(295) User=0.01s Sys=0.00s Real=0.00s
[2024-10-12T10:22:54.624+0800][info] GC(296) Pause Young (Normal) (G1 Evacuation Pause)
[2024-10-12T10:22:54.624+0800][info] GC(296) Using 3 workers of 48 for evacuation
[2024-10-12T10:22:54.626+0800][info] GC(296)   Pre Evacuate Collection Set: 0.1ms
[2024-10-12T10:22:54.626+0800][info] GC(296)   Merge Heap Roots: 0.0ms
[2024-10-12T10:22:54.626+0800][info] GC(296)   Evacuate Collection Set: 0.9ms
[2024-10-12T10:22:54.626+0800][info] GC(296)   Post Evacuate Collection Set: 0.2ms
[2024-10-12T10:22:54.626+0800][info] GC(296)   Other: 0.2ms
[2024-10-12T10:22:54.626+0800][info] GC(296) Eden regions: 2->0(2)
[2024-10-12T10:22:54.626+0800][info] GC(296) Survivor regions: 1->1(1)
[2024-10-12T10:22:54.626+0800][info] GC(296) Old regions: 41->43
[2024-10-12T10:22:54.626+0800][info] GC(296) Archive regions: 2->2
[2024-10-12T10:22:54.626+0800][info] GC(296) Humongous regions: 3->3
[2024-10-12T10:22:54.626+0800][info] GC(296) Metaspace: 1636K(1792K)->1636K(1792K) NonClass: 1512K(1600K)->1512K(1600K) Class: 124K(192K)->124K(192K)
[2024-10-12T10:22:54.626+0800][info] GC(296) Pause Young (Normal) (G1 Evacuation Pause) 82M->83M(128M) 1.526ms
[2024-10-12T10:22:54.626+0800][info] GC(296) User=0.00s Sys=0.00s Real=0.01s
[2024-10-12T10:22:54.728+0800][info] GC(297) Pause Young (Normal) (G1 Evacuation Pause)
[2024-10-12T10:22:54.728+0800][info] GC(297) Using 3 workers of 48 for evacuation
[2024-10-12T10:22:54.729+0800][info] GC(297)   Pre Evacuate Collection Set: 0.1ms
[2024-10-12T10:22:54.729+0800][info] GC(297)   Merge Heap Roots: 0.0ms
[2024-10-12T10:22:54.729+0800][info] GC(297)   Evacuate Collection Set: 0.7ms
[2024-10-12T10:22:54.729+0800][info] GC(297)   Post Evacuate Collection Set: 0.2ms
[2024-10-12T10:22:54.729+0800][info] GC(297)   Other: 0.2ms
[2024-10-12T10:22:54.729+0800][info] GC(297) Eden regions: 2->0(2)
[2024-10-12T10:22:54.729+0800][info] GC(297) Survivor regions: 1->1(1)
[2024-10-12T10:22:54.729+0800][info] GC(297) Old regions: 43->45
[2024-10-12T10:22:54.729+0800][info] GC(297) Archive regions: 2->2
[2024-10-12T10:22:54.729+0800][info] GC(297) Humongous regions: 3->3
[2024-10-12T10:22:54.729+0800][info] GC(297) Metaspace: 1636K(1792K)->1636K(1792K) NonClass: 1512K(1600K)->1512K(1600K) Class: 124K(192K)->124K(192K)
[2024-10-12T10:22:54.729+0800][info] GC(297) Pause Young (Normal) (G1 Evacuation Pause) 86M->86M(128M) 1.445ms
[2024-10-12T10:22:54.730+0800][info] GC(297) User=0.00s Sys=0.00s Real=0.00s
[2024-10-12T10:22:54.832+0800][info] GC(298) Pause Young (Normal) (G1 Evacuation Pause)
[2024-10-12T10:22:54.832+0800][info] GC(298) Using 3 workers of 48 for evacuation
[2024-10-12T10:22:54.833+0800][info] GC(298)   Pre Evacuate Collection Set: 0.1ms
[2024-10-12T10:22:54.833+0800][info] GC(298)   Merge Heap Roots: 0.0ms
[2024-10-12T10:22:54.833+0800][info] GC(298)   Evacuate Collection Set: 0.7ms
[2024-10-12T10:22:54.833+0800][info] GC(298)   Post Evacuate Collection Set: 0.2ms
[2024-10-12T10:22:54.833+0800][info] GC(298)   Other: 0.2ms
[2024-10-12T10:22:54.833+0800][info] GC(298) Eden regions: 2->0(2)
[2024-10-12T10:22:54.833+0800][info] GC(298) Survivor regions: 1->1(1)
[2024-10-12T10:22:54.833+0800][info] GC(298) Old regions: 45->47
[2024-10-12T10:22:54.833+0800][info] GC(298) Archive regions: 2->2
[2024-10-12T10:22:54.833+0800][info] GC(298) Humongous regions: 3->3
[2024-10-12T10:22:54.833+0800][info] GC(298) Metaspace: 1636K(1792K)->1636K(1792K) NonClass: 1512K(1600K)->1512K(1600K) Class: 124K(192K)->124K(192K)
[2024-10-12T10:22:54.833+0800][info] GC(298) Pause Young (Normal) (G1 Evacuation Pause) 90M->90M(128M) 1.343ms
[2024-10-12T10:22:54.833+0800][info] GC(298) User=0.00s Sys=0.01s Real=0.01s
[2024-10-12T10:22:54.935+0800][info] GC(299) Pause Young (Concurrent Start) (G1 Evacuation Pause)
[2024-10-12T10:22:54.935+0800][info] GC(299) Using 3 workers of 48 for evacuation
[2024-10-12T10:22:54.937+0800][info] GC(299)   Pre Evacuate Collection Set: 0.1ms
[2024-10-12T10:22:54.937+0800][info] GC(299)   Merge Heap Roots: 0.0ms
[2024-10-12T10:22:54.937+0800][info] GC(299)   Evacuate Collection Set: 0.7ms
[2024-10-12T10:22:54.937+0800][info] GC(299)   Post Evacuate Collection Set: 0.2ms
[2024-10-12T10:22:54.937+0800][info] GC(299)   Other: 0.4ms
[2024-10-12T10:22:54.937+0800][info] GC(299) Eden regions: 2->0(2)
[2024-10-12T10:22:54.937+0800][info] GC(299) Survivor regions: 1->1(1)
[2024-10-12T10:22:54.937+0800][info] GC(299) Old regions: 47->49
[2024-10-12T10:22:54.937+0800][info] GC(299) Archive regions: 2->2
[2024-10-12T10:22:54.937+0800][info] GC(299) Humongous regions: 3->3
[2024-10-12T10:22:54.937+0800][info] GC(299) Metaspace: 1636K(1792K)->1636K(1792K) NonClass: 1512K(1600K)->1512K(1600K) Class: 124K(192K)->124K(192K)
[2024-10-12T10:22:54.937+0800][info] GC(299) Pause Young (Concurrent Start) (G1 Evacuation Pause) 94M->94M(128M) 1.558ms
[2024-10-12T10:22:54.937+0800][info] GC(299) User=0.00s Sys=0.00s Real=0.00s
[2024-10-12T10:22:54.937+0800][info] GC(300) Concurrent Mark Cycle
[2024-10-12T10:22:54.937+0800][info] GC(300) Concurrent Clear Claimed Marks
[2024-10-12T10:22:54.937+0800][info] GC(300) Concurrent Clear Claimed Marks 0.017ms
[2024-10-12T10:22:54.937+0800][info] GC(300) Concurrent Scan Root Regions
[2024-10-12T10:22:54.937+0800][info] GC(300) Concurrent Scan Root Regions 0.120ms
[2024-10-12T10:22:54.937+0800][info] GC(300) Concurrent Mark
[2024-10-12T10:22:54.937+0800][info] GC(300) Concurrent Mark From Roots
[2024-10-12T10:22:54.937+0800][info] GC(300) Using 12 workers of 12 for marking
[2024-10-12T10:22:54.941+0800][info] GC(300) Concurrent Mark From Roots 3.264ms
[2024-10-12T10:22:54.941+0800][info] GC(300) Concurrent Preclean
[2024-10-12T10:22:54.942+0800][info] GC(300) Concurrent Preclean 1.732ms
[2024-10-12T10:22:54.943+0800][info] GC(300) Pause Remark
[2024-10-12T10:22:54.944+0800][info] GC(300) Pause Remark 94M->94M(128M) 1.576ms
[2024-10-12T10:22:54.944+0800][info] GC(300) User=0.01s Sys=0.00s Real=0.00s
[2024-10-12T10:22:54.944+0800][info] GC(300) Concurrent Mark 6.890ms
[2024-10-12T10:22:54.944+0800][info] GC(300) Concurrent Rebuild Remembered Sets
[2024-10-12T10:22:54.946+0800][info] GC(300) Concurrent Rebuild Remembered Sets 1.799ms
[2024-10-12T10:22:54.946+0800][info] GC(300) Pause Cleanup
[2024-10-12T10:22:54.946+0800][info] GC(300) Pause Cleanup 94M->94M(128M) 0.249ms
[2024-10-12T10:22:54.946+0800][info] GC(300) User=0.00s Sys=0.00s Real=0.00s
[2024-10-12T10:22:54.947+0800][info] GC(300) Concurrent Cleanup for Next Mark
[2024-10-12T10:22:54.947+0800][info] GC(300) Concurrent Cleanup for Next Mark 0.362ms
[2024-10-12T10:22:54.947+0800][info] GC(300) Concurrent Mark Cycle 9.791ms
[2024-10-12T10:22:55.091+0800][info] GC(301) Pause Young (Prepare Mixed) (G1 Evacuation Pause)
[2024-10-12T10:22:55.091+0800][info] GC(301) Using 3 workers of 48 for evacuation
[2024-10-12T10:22:55.092+0800][info] GC(301)   Pre Evacuate Collection Set: 0.1ms
[2024-10-12T10:22:55.092+0800][info] GC(301)   Merge Heap Roots: 0.0ms
[2024-10-12T10:22:55.092+0800][info] GC(301)   Evacuate Collection Set: 0.9ms
[2024-10-12T10:22:55.092+0800][info] GC(301)   Post Evacuate Collection Set: 0.2ms
[2024-10-12T10:22:55.092+0800][info] GC(301)   Other: 0.2ms
[2024-10-12T10:22:55.092+0800][info] GC(301) Eden regions: 2->0(2)
[2024-10-12T10:22:55.092+0800][info] GC(301) Survivor regions: 1->1(1)
[2024-10-12T10:22:55.092+0800][info] GC(301) Old regions: 49->51
[2024-10-12T10:22:55.092+0800][info] GC(301) Archive regions: 2->2
[2024-10-12T10:22:55.092+0800][info] GC(301) Humongous regions: 3->3
[2024-10-12T10:22:55.092+0800][info] GC(301) Metaspace: 1636K(1792K)->1636K(1792K) NonClass: 1512K(1600K)->1512K(1600K) Class: 124K(192K)->124K(192K)
[2024-10-12T10:22:55.092+0800][info] GC(301) Pause Young (Prepare Mixed) (G1 Evacuation Pause) 97M->98M(128M) 1.659ms
[2024-10-12T10:22:55.092+0800][info] GC(301) User=0.01s Sys=0.00s Real=0.00s
[2024-10-12T10:22:55.194+0800][info] GC(302) Pause Young (Mixed) (G1 Preventive Collection)
[2024-10-12T10:22:55.194+0800][info] GC(302) Using 3 workers of 48 for evacuation
[2024-10-12T10:22:55.196+0800][info] GC(302)   Pre Evacuate Collection Set: 0.2ms
[2024-10-12T10:22:55.196+0800][info] GC(302)   Merge Heap Roots: 0.1ms
[2024-10-12T10:22:55.196+0800][info] GC(302)   Evacuate Collection Set: 1.4ms
[2024-10-12T10:22:55.196+0800][info] GC(302)   Post Evacuate Collection Set: 0.2ms
[2024-10-12T10:22:55.196+0800][info] GC(302)   Other: 0.2ms
[2024-10-12T10:22:55.196+0800][info] GC(302) Eden regions: 2->0(2)
[2024-10-12T10:22:55.196+0800][info] GC(302) Survivor regions: 1->1(1)
[2024-10-12T10:22:55.196+0800][info] GC(302) Old regions: 51->48
[2024-10-12T10:22:55.196+0800][info] GC(302) Archive regions: 2->2
[2024-10-12T10:22:55.196+0800][info] GC(302) Humongous regions: 3->3
[2024-10-12T10:22:55.196+0800][info] GC(302) Metaspace: 1636K(1792K)->1636K(1792K) NonClass: 1512K(1600K)->1512K(1600K) Class: 124K(192K)->124K(192K)
[2024-10-12T10:22:55.196+0800][info] GC(302) Pause Young (Mixed) (G1 Preventive Collection) 101M->96M(128M) 2.100ms
[2024-10-12T10:22:55.197+0800][info] GC(302) User=0.00s Sys=0.01s Real=0.00s
[2024-10-12T10:22:55.299+0800][info] GC(303) Pause Young (Mixed) (G1 Evacuation Pause)
[2024-10-12T10:22:55.299+0800][info] GC(303) Using 3 workers of 48 for evacuation
[2024-10-12T10:22:55.301+0800][info] GC(303)   Pre Evacuate Collection Set: 0.2ms
[2024-10-12T10:22:55.301+0800][info] GC(303)   Merge Heap Roots: 0.1ms
[2024-10-12T10:22:55.301+0800][info] GC(303)   Evacuate Collection Set: 1.6ms
[2024-10-12T10:22:55.301+0800][info] GC(303)   Post Evacuate Collection Set: 0.2ms
[2024-10-12T10:22:55.301+0800][info] GC(303)   Other: 0.1ms
[2024-10-12T10:22:55.301+0800][info] GC(303) Eden regions: 2->0(2)
[2024-10-12T10:22:55.301+0800][info] GC(303) Survivor regions: 1->1(1)
[2024-10-12T10:22:55.301+0800][info] GC(303) Old regions: 48->47
[2024-10-12T10:22:55.301+0800][info] GC(303) Archive regions: 2->2
[2024-10-12T10:22:55.301+0800][info] GC(303) Humongous regions: 3->3
[2024-10-12T10:22:55.301+0800][info] GC(303) Metaspace: 1637K(1792K)->1637K(1792K) NonClass: 1513K(1600K)->1513K(1600K) Class: 124K(192K)->124K(192K)
[2024-10-12T10:22:55.301+0800][info] GC(303) Pause Young (Mixed) (G1 Evacuation Pause) 99M->95M(128M) 2.268ms
[2024-10-12T10:22:55.301+0800][info] GC(303) User=0.01s Sys=0.00s Real=0.00s
[2024-10-12T10:22:55.404+0800][info] GC(304) Pause Young (Mixed) (G1 Evacuation Pause)
[2024-10-12T10:22:55.404+0800][info] GC(304) Using 3 workers of 48 for evacuation
[2024-10-12T10:22:55.406+0800][info] GC(304)   Pre Evacuate Collection Set: 0.2ms
[2024-10-12T10:22:55.406+0800][info] GC(304)   Merge Heap Roots: 0.1ms
[2024-10-12T10:22:55.406+0800][info] GC(304)   Evacuate Collection Set: 1.7ms
[2024-10-12T10:22:55.406+0800][info] GC(304)   Post Evacuate Collection Set: 0.2ms
[2024-10-12T10:22:55.406+0800][info] GC(304)   Other: 0.1ms
[2024-10-12T10:22:55.406+0800][info] GC(304) Eden regions: 2->0(2)
[2024-10-12T10:22:55.406+0800][info] GC(304) Survivor regions: 1->1(1)
[2024-10-12T10:22:55.406+0800][info] GC(304) Old regions: 47->46
[2024-10-12T10:22:55.406+0800][info] GC(304) Archive regions: 2->2
[2024-10-12T10:22:55.406+0800][info] GC(304) Humongous regions: 3->3
[2024-10-12T10:22:55.406+0800][info] GC(304) Metaspace: 1637K(1792K)->1637K(1792K) NonClass: 1513K(1600K)->1513K(1600K) Class: 124K(192K)->124K(192K)
[2024-10-12T10:22:55.406+0800][info] GC(304) Pause Young (Mixed) (G1 Evacuation Pause) 98M->94M(128M) 2.446ms
[2024-10-12T10:22:55.406+0800][info] GC(304) User=0.01s Sys=0.00s Real=0.01s
[2024-10-12T10:22:55.509+0800][info] GC(305) Pause Young (Mixed) (G1 Evacuation Pause)
[2024-10-12T10:22:55.509+0800][info] GC(305) Using 3 workers of 48 for evacuation
[2024-10-12T10:22:55.510+0800][info] GC(305)   Pre Evacuate Collection Set: 0.2ms
[2024-10-12T10:22:55.510+0800][info] GC(305)   Merge Heap Roots: 0.1ms
[2024-10-12T10:22:55.510+0800][info] GC(305)   Evacuate Collection Set: 1.1ms
[2024-10-12T10:22:55.510+0800][info] GC(305)   Post Evacuate Collection Set: 0.2ms
[2024-10-12T10:22:55.510+0800][info] GC(305)   Other: 0.1ms
[2024-10-12T10:22:55.510+0800][info] GC(305) Eden regions: 2->0(2)
[2024-10-12T10:22:55.510+0800][info] GC(305) Survivor regions: 1->1(1)
[2024-10-12T10:22:55.510+0800][info] GC(305) Old regions: 46->46
[2024-10-12T10:22:55.510+0800][info] GC(305) Archive regions: 2->2
[2024-10-12T10:22:55.510+0800][info] GC(305) Humongous regions: 3->3
[2024-10-12T10:22:55.510+0800][info] GC(305) Metaspace: 1637K(1792K)->1637K(1792K) NonClass: 1513K(1600K)->1513K(1600K) Class: 124K(192K)->124K(192K)
[2024-10-12T10:22:55.510+0800][info] GC(305) Pause Young (Mixed) (G1 Evacuation Pause) 98M->96M(128M) 1.717ms
[2024-10-12T10:22:55.510+0800][info] GC(305) User=0.00s Sys=0.00s Real=0.00s
[2024-10-12T10:22:55.612+0800][info] GC(306) Pause Young (Normal) (G1 Evacuation Pause)
[2024-10-12T10:22:55.612+0800][info] GC(306) Using 3 workers of 48 for evacuation
[2024-10-12T10:22:55.614+0800][info] GC(306)   Pre Evacuate Collection Set: 0.1ms
[2024-10-12T10:22:55.614+0800][info] GC(306)   Merge Heap Roots: 0.0ms
[2024-10-12T10:22:55.614+0800][info] GC(306)   Evacuate Collection Set: 0.7ms
[2024-10-12T10:22:55.614+0800][info] GC(306)   Post Evacuate Collection Set: 0.2ms
[2024-10-12T10:22:55.614+0800][info] GC(306)   Other: 0.2ms
[2024-10-12T10:22:55.614+0800][info] GC(306) Eden regions: 2->0(2)
[2024-10-12T10:22:55.614+0800][info] GC(306) Survivor regions: 1->1(1)
[2024-10-12T10:22:55.614+0800][info] GC(306) Old regions: 46->48
[2024-10-12T10:22:55.614+0800][info] GC(306) Archive regions: 2->2
[2024-10-12T10:22:55.614+0800][info] GC(306) Humongous regions: 3->3
[2024-10-12T10:22:55.614+0800][info] GC(306) Metaspace: 1637K(1792K)->1637K(1792K) NonClass: 1513K(1600K)->1513K(1600K) Class: 124K(192K)->124K(192K)
[2024-10-12T10:22:55.614+0800][info] GC(306) Pause Young (Normal) (G1 Evacuation Pause) 100M->100M(128M) 1.323ms
[2024-10-12T10:22:55.614+0800][info] GC(306) User=0.01s Sys=0.00s Real=0.01s
[2024-10-12T10:22:55.716+0800][info] GC(307) Pause Young (Normal) (G1 Evacuation Pause)
[2024-10-12T10:22:55.716+0800][info] GC(307) Using 3 workers of 48 for evacuation
[2024-10-12T10:22:55.717+0800][info] GC(307)   Pre Evacuate Collection Set: 0.1ms
[2024-10-12T10:22:55.717+0800][info] GC(307)   Merge Heap Roots: 0.0ms
[2024-10-12T10:22:55.717+0800][info] GC(307)   Evacuate Collection Set: 0.7ms
[2024-10-12T10:22:55.717+0800][info] GC(307)   Post Evacuate Collection Set: 0.2ms
[2024-10-12T10:22:55.717+0800][info] GC(307)   Other: 0.2ms
[2024-10-12T10:22:55.718+0800][info] GC(307) Eden regions: 2->0(2)
[2024-10-12T10:22:55.718+0800][info] GC(307) Survivor regions: 1->1(1)
[2024-10-12T10:22:55.718+0800][info] GC(307) Old regions: 48->50
[2024-10-12T10:22:55.718+0800][info] GC(307) Archive regions: 2->2
[2024-10-12T10:22:55.718+0800][info] GC(307) Humongous regions: 3->3
[2024-10-12T10:22:55.718+0800][info] GC(307) Metaspace: 1638K(1792K)->1638K(1792K) NonClass: 1514K(1600K)->1514K(1600K) Class: 124K(192K)->124K(192K)
[2024-10-12T10:22:55.718+0800][info] GC(307) Pause Young (Normal) (G1 Evacuation Pause) 103M->103M(128M) 1.290ms
[2024-10-12T10:22:55.718+0800][info] GC(307) User=0.00s Sys=0.00s Real=0.00s
[2024-10-12T10:22:55.820+0800][info] GC(308) Pause Young (Concurrent Start) (G1 Evacuation Pause)
[2024-10-12T10:22:55.820+0800][info] GC(308) Using 3 workers of 48 for evacuation
[2024-10-12T10:22:55.821+0800][info] GC(308)   Pre Evacuate Collection Set: 0.1ms
[2024-10-12T10:22:55.821+0800][info] GC(308)   Merge Heap Roots: 0.0ms
[2024-10-12T10:22:55.821+0800][info] GC(308)   Evacuate Collection Set: 0.7ms
[2024-10-12T10:22:55.821+0800][info] GC(308)   Post Evacuate Collection Set: 0.2ms
[2024-10-12T10:22:55.821+0800][info] GC(308)   Other: 0.4ms
[2024-10-12T10:22:55.821+0800][info] GC(308) Eden regions: 2->0(2)
[2024-10-12T10:22:55.821+0800][info] GC(308) Survivor regions: 1->1(1)
[2024-10-12T10:22:55.821+0800][info] GC(308) Old regions: 50->52
[2024-10-12T10:22:55.821+0800][info] GC(308) Archive regions: 2->2
[2024-10-12T10:22:55.821+0800][info] GC(308) Humongous regions: 3->3
[2024-10-12T10:22:55.821+0800][info] GC(308) Metaspace: 1638K(1792K)->1638K(1792K) NonClass: 1514K(1600K)->1514K(1600K) Class: 124K(192K)->124K(192K)
[2024-10-12T10:22:55.821+0800][info] GC(308) Pause Young (Concurrent Start) (G1 Evacuation Pause) 107M->107M(128M) 1.579ms
[2024-10-12T10:22:55.821+0800][info] GC(308) User=0.00s Sys=0.00s Real=0.00s
[2024-10-12T10:22:55.821+0800][info] GC(309) Concurrent Mark Cycle
[2024-10-12T10:22:55.821+0800][info] GC(309) Concurrent Clear Claimed Marks
[2024-10-12T10:22:55.821+0800][info] GC(309) Concurrent Clear Claimed Marks 0.017ms
[2024-10-12T10:22:55.822+0800][info] GC(309) Concurrent Scan Root Regions
[2024-10-12T10:22:55.822+0800][info] GC(309) Concurrent Scan Root Regions 0.098ms
[2024-10-12T10:22:55.822+0800][info] GC(309) Concurrent Mark
[2024-10-12T10:22:55.822+0800][info] GC(309) Concurrent Mark From Roots
[2024-10-12T10:22:55.822+0800][info] GC(309) Using 12 workers of 12 for marking
[2024-10-12T10:22:55.825+0800][info] GC(309) Concurrent Mark From Roots 3.261ms
[2024-10-12T10:22:55.825+0800][info] GC(309) Concurrent Preclean
[2024-10-12T10:22:55.827+0800][info] GC(309) Concurrent Preclean 1.705ms
[2024-10-12T10:22:55.827+0800][info] GC(309) Pause Remark
[2024-10-12T10:22:55.828+0800][info] GC(309) Pause Remark 109M->109M(128M) 1.590ms
[2024-10-12T10:22:55.828+0800][info] GC(309) User=0.01s Sys=0.00s Real=0.00s
[2024-10-12T10:22:55.828+0800][info] GC(309) Concurrent Mark 6.788ms
[2024-10-12T10:22:55.828+0800][info] GC(309) Concurrent Rebuild Remembered Sets
[2024-10-12T10:22:55.830+0800][info] GC(309) Concurrent Rebuild Remembered Sets 1.848ms
[2024-10-12T10:22:55.830+0800][info] GC(309) Pause Cleanup
[2024-10-12T10:22:55.831+0800][info] GC(309) Pause Cleanup 109M->109M(128M) 0.245ms
[2024-10-12T10:22:55.831+0800][info] GC(309) User=0.00s Sys=0.00s Real=0.00s
[2024-10-12T10:22:55.831+0800][info] GC(309) Concurrent Cleanup for Next Mark
[2024-10-12T10:22:55.831+0800][info] GC(309) Concurrent Cleanup for Next Mark 0.393ms
[2024-10-12T10:22:55.831+0800][info] GC(309) Concurrent Mark Cycle 9.736ms
[2024-10-12T10:22:55.975+0800][info] GC(310) Pause Young (Prepare Mixed) (G1 Preventive Collection)
[2024-10-12T10:22:55.975+0800][info] GC(310) Using 3 workers of 48 for evacuation
[2024-10-12T10:22:55.977+0800][info] GC(310)   Pre Evacuate Collection Set: 0.1ms
[2024-10-12T10:22:55.977+0800][info] GC(310)   Merge Heap Roots: 0.0ms
[2024-10-12T10:22:55.977+0800][info] GC(310)   Evacuate Collection Set: 0.8ms
[2024-10-12T10:22:55.977+0800][info] GC(310)   Post Evacuate Collection Set: 0.2ms
[2024-10-12T10:22:55.977+0800][info] GC(310)   Other: 0.2ms
[2024-10-12T10:22:55.977+0800][info] GC(310) Eden regions: 2->0(2)
[2024-10-12T10:22:55.977+0800][info] GC(310) Survivor regions: 1->1(1)
[2024-10-12T10:22:55.977+0800][info] GC(310) Old regions: 52->54
[2024-10-12T10:22:55.977+0800][info] GC(310) Archive regions: 2->2
[2024-10-12T10:22:55.977+0800][info] GC(310) Humongous regions: 4->3
[2024-10-12T10:22:55.977+0800][info] GC(310) Metaspace: 1638K(1792K)->1638K(1792K) NonClass: 1514K(1600K)->1514K(1600K) Class: 124K(192K)->124K(192K)
[2024-10-12T10:22:55.977+0800][info] GC(310) Pause Young (Prepare Mixed) (G1 Preventive Collection) 112M->111M(128M) 1.440ms
[2024-10-12T10:22:55.977+0800][info] GC(310) User=0.00s Sys=0.00s Real=0.00s
[2024-10-12T10:22:56.038+0800][info] GC(311) Pause Young (Mixed) (G1 Preventive Collection)
[2024-10-12T10:22:56.038+0800][info] GC(311) Using 3 workers of 48 for evacuation
[2024-10-12T10:22:56.040+0800][info] GC(311) To-space exhausted
[2024-10-12T10:22:56.040+0800][info] GC(311)   Pre Evacuate Collection Set: 0.2ms
[2024-10-12T10:22:56.040+0800][info] GC(311)   Merge Heap Roots: 0.1ms
[2024-10-12T10:22:56.040+0800][info] GC(311)   Evacuate Collection Set: 0.9ms
[2024-10-12T10:22:56.040+0800][info] GC(311)   Post Evacuate Collection Set: 0.2ms
[2024-10-12T10:22:56.040+0800][info] GC(311)   Other: 0.2ms
[2024-10-12T10:22:56.040+0800][info] GC(311) Eden regions: 1->0(2)
[2024-10-12T10:22:56.040+0800][info] GC(311) Survivor regions: 1->1(1)
[2024-10-12T10:22:56.040+0800][info] GC(311) Old regions: 54->51
[2024-10-12T10:22:56.040+0800][info] GC(311) Archive regions: 2->2
[2024-10-12T10:22:56.040+0800][info] GC(311) Humongous regions: 3->3
[2024-10-12T10:22:56.040+0800][info] GC(311) Metaspace: 1638K(1792K)->1638K(1792K) NonClass: 1514K(1600K)->1514K(1600K) Class: 124K(192K)->124K(192K)
[2024-10-12T10:22:56.040+0800][info] GC(311) Pause Young (Mixed) (G1 Preventive Collection) 113M->108M(128M) 1.645ms
[2024-10-12T10:22:56.040+0800][info] GC(311) User=0.00s Sys=0.00s Real=0.00s
[2024-10-12T10:22:56.143+0800][info] GC(312) Pause Young (Mixed) (G1 Preventive Collection)
[2024-10-12T10:22:56.143+0800][info] GC(312) Using 3 workers of 48 for evacuation
[2024-10-12T10:22:56.145+0800][info] GC(312) To-space exhausted
[2024-10-12T10:22:56.145+0800][info] GC(312)   Pre Evacuate Collection Set: 0.2ms
[2024-10-12T10:22:56.145+0800][info] GC(312)   Merge Heap Roots: 0.1ms
[2024-10-12T10:22:56.145+0800][info] GC(312)   Evacuate Collection Set: 1.3ms
[2024-10-12T10:22:56.145+0800][info] GC(312)   Post Evacuate Collection Set: 0.3ms
[2024-10-12T10:22:56.145+0800][info] GC(312)   Other: 0.1ms
[2024-10-12T10:22:56.145+0800][info] GC(312) Eden regions: 2->0(2)
[2024-10-12T10:22:56.145+0800][info] GC(312) Survivor regions: 1->1(1)
[2024-10-12T10:22:56.145+0800][info] GC(312) Old regions: 51->54
[2024-10-12T10:22:56.145+0800][info] GC(312) Archive regions: 2->2
[2024-10-12T10:22:56.145+0800][info] GC(312) Humongous regions: 3->3
[2024-10-12T10:22:56.145+0800][info] GC(312) Metaspace: 1638K(1792K)->1638K(1792K) NonClass: 1514K(1600K)->1514K(1600K) Class: 124K(192K)->124K(192K)
[2024-10-12T10:22:56.145+0800][info] GC(312) Pause Young (Mixed) (G1 Preventive Collection) 111M->114M(128M) 2.026ms
[2024-10-12T10:22:56.145+0800][info] GC(312) User=0.00s Sys=0.00s Real=0.00s
[2024-10-12T10:22:56.206+0800][info] GC(313) Pause Young (Mixed) (G1 Preventive Collection)
[2024-10-12T10:22:56.206+0800][info] GC(313) Using 3 workers of 48 for evacuation
[2024-10-12T10:22:56.208+0800][info] GC(313) To-space exhausted
[2024-10-12T10:22:56.208+0800][info] GC(313)   Pre Evacuate Collection Set: 0.2ms
[2024-10-12T10:22:56.208+0800][info] GC(313)   Merge Heap Roots: 0.1ms
[2024-10-12T10:22:56.208+0800][info] GC(313)   Evacuate Collection Set: 1.0ms
[2024-10-12T10:22:56.208+0800][info] GC(313)   Post Evacuate Collection Set: 0.3ms
[2024-10-12T10:22:56.208+0800][info] GC(313)   Other: 0.1ms
[2024-10-12T10:22:56.208+0800][info] GC(313) Eden regions: 1->0(2)
[2024-10-12T10:22:56.208+0800][info] GC(313) Survivor regions: 1->1(1)
[2024-10-12T10:22:56.208+0800][info] GC(313) Old regions: 54->56
[2024-10-12T10:22:56.208+0800][info] GC(313) Archive regions: 2->2
[2024-10-12T10:22:56.208+0800][info] GC(313) Humongous regions: 3->3
[2024-10-12T10:22:56.208+0800][info] GC(313) Metaspace: 1638K(1792K)->1638K(1792K) NonClass: 1514K(1600K)->1514K(1600K) Class: 124K(192K)->124K(192K)
[2024-10-12T10:22:56.208+0800][info] GC(313) Pause Young (Mixed) (G1 Preventive Collection) 116M->118M(128M) 1.826ms
[2024-10-12T10:22:56.208+0800][info] GC(313) User=0.00s Sys=0.00s Real=0.00s
[2024-10-12T10:22:56.249+0800][info] GC(314) Pause Young (Mixed) (G1 Preventive Collection)
[2024-10-12T10:22:56.249+0800][info] GC(314) Using 3 workers of 48 for evacuation
[2024-10-12T10:22:56.250+0800][info] GC(314) To-space exhausted
[2024-10-12T10:22:56.250+0800][info] GC(314)   Pre Evacuate Collection Set: 0.2ms
[2024-10-12T10:22:56.250+0800][info] GC(314)   Merge Heap Roots: 0.1ms
[2024-10-12T10:22:56.250+0800][info] GC(314)   Evacuate Collection Set: 0.5ms
[2024-10-12T10:22:56.250+0800][info] GC(314)   Post Evacuate Collection Set: 0.2ms
[2024-10-12T10:22:56.250+0800][info] GC(314)   Other: 0.2ms
[2024-10-12T10:22:56.250+0800][info] GC(314) Eden regions: 1->0(2)
[2024-10-12T10:22:56.250+0800][info] GC(314) Survivor regions: 1->1(1)
[2024-10-12T10:22:56.250+0800][info] GC(314) Old regions: 56->57
[2024-10-12T10:22:56.250+0800][info] GC(314) Archive regions: 2->2
[2024-10-12T10:22:56.250+0800][info] GC(314) Humongous regions: 3->3
[2024-10-12T10:22:56.250+0800][info] GC(314) Metaspace: 1638K(1792K)->1638K(1792K) NonClass: 1514K(1600K)->1514K(1600K) Class: 124K(192K)->124K(192K)
[2024-10-12T10:22:56.250+0800][info] GC(314) Pause Young (Mixed) (G1 Preventive Collection) 120M->120M(128M) 1.222ms
[2024-10-12T10:22:56.250+0800][info] GC(314) User=0.00s Sys=0.00s Real=0.00s
[2024-10-12T10:22:56.312+0800][info] GC(315) Pause Young (Mixed) (G1 Evacuation Pause)
[2024-10-12T10:22:56.312+0800][info] GC(315) Using 3 workers of 48 for evacuation
[2024-10-12T10:22:56.313+0800][info] GC(315) To-space exhausted
[2024-10-12T10:22:56.313+0800][info] GC(315)   Pre Evacuate Collection Set: 0.2ms
[2024-10-12T10:22:56.313+0800][info] GC(315)   Merge Heap Roots: 0.1ms
[2024-10-12T10:22:56.313+0800][info] GC(315)   Evacuate Collection Set: 0.2ms
[2024-10-12T10:22:56.313+0800][info] GC(315)   Post Evacuate Collection Set: 0.2ms
[2024-10-12T10:22:56.313+0800][info] GC(315)   Other: 0.1ms
[2024-10-12T10:22:56.313+0800][info] GC(315) Eden regions: 1->0(3)
[2024-10-12T10:22:56.313+0800][info] GC(315) Survivor regions: 1->0(0)
[2024-10-12T10:22:56.313+0800][info] GC(315) Old regions: 57->59
[2024-10-12T10:22:56.313+0800][info] GC(315) Archive regions: 2->2
[2024-10-12T10:22:56.313+0800][info] GC(315) Humongous regions: 3->3
[2024-10-12T10:22:56.313+0800][info] GC(315) Metaspace: 1638K(1792K)->1638K(1792K) NonClass: 1514K(1600K)->1514K(1600K) Class: 124K(192K)->124K(192K)
[2024-10-12T10:22:56.313+0800][info] GC(315) Pause Young (Mixed) (G1 Evacuation Pause) 122M->122M(128M) 0.952ms
[2024-10-12T10:22:56.313+0800][info] GC(315) User=0.00s Sys=0.00s Real=0.01s
[2024-10-12T10:22:56.313+0800][info] Attempting full compaction
[2024-10-12T10:22:56.313+0800][info] GC(316) Using 3 workers of 48 for full compaction
[2024-10-12T10:22:56.313+0800][info] GC(316) Pause Full (G1 Compaction Pause)
[2024-10-12T10:22:56.313+0800][info] GC(316) Phase 1: Mark live objects
[2024-10-12T10:22:56.316+0800][info] GC(316) Phase 1: Mark live objects 3.218ms
[2024-10-12T10:22:56.316+0800][info] GC(316) Phase 2: Prepare for compaction
[2024-10-12T10:22:56.317+0800][info] GC(316) Phase 2: Prepare for compaction 0.685ms
[2024-10-12T10:22:56.317+0800][info] GC(316) Phase 3: Adjust pointers
[2024-10-12T10:22:56.319+0800][info] GC(316) Phase 3: Adjust pointers 1.572ms
[2024-10-12T10:22:56.319+0800][info] GC(316) Phase 4: Compact heap
[2024-10-12T10:22:56.330+0800][info] GC(316) Phase 4: Compact heap 11.548ms
[2024-10-12T10:22:56.332+0800][info] GC(316) Eden regions: 0->0(3)
[2024-10-12T10:22:56.332+0800][info] GC(316) Survivor regions: 0->0(0)
[2024-10-12T10:22:56.332+0800][info] GC(316) Old regions: 59->39
[2024-10-12T10:22:56.332+0800][info] GC(316) Archive regions: 2->2
[2024-10-12T10:22:56.332+0800][info] GC(316) Humongous regions: 3->3
[2024-10-12T10:22:56.332+0800][info] GC(316) Metaspace: 1638K(1792K)->1638K(1792K) NonClass: 1514K(1600K)->1514K(1600K) Class: 124K(192K)->124K(192K)
[2024-10-12T10:22:56.332+0800][info] GC(316) Pause Full (G1 Compaction Pause) 122M->71M(128M) 18.658ms
[2024-10-12T10:22:56.332+0800][info] GC(316) User=0.03s Sys=0.01s Real=0.01s
[2024-10-12T10:22:56.496+0800][info] GC(317) Pause Young (Normal) (G1 Evacuation Pause)
[2024-10-12T10:22:56.496+0800][info] GC(317) Using 3 workers of 48 for evacuation
[2024-10-12T10:22:56.497+0800][info] GC(317)   Pre Evacuate Collection Set: 0.1ms
[2024-10-12T10:22:56.497+0800][info] GC(317)   Merge Heap Roots: 0.0ms
[2024-10-12T10:22:56.497+0800][info] GC(317)   Evacuate Collection Set: 0.8ms
[2024-10-12T10:22:56.497+0800][info] GC(317)   Post Evacuate Collection Set: 0.2ms
[2024-10-12T10:22:56.497+0800][info] GC(317)   Other: 0.3ms
[2024-10-12T10:22:56.497+0800][info] GC(317) Eden regions: 3->0(2)
[2024-10-12T10:22:56.497+0800][info] GC(317) Survivor regions: 0->1(1)
[2024-10-12T10:22:56.497+0800][info] GC(317) Old regions: 39->41
[2024-10-12T10:22:56.497+0800][info] GC(317) Archive regions: 2->2
[2024-10-12T10:22:56.497+0800][info] GC(317) Humongous regions: 3->3
[2024-10-12T10:22:56.497+0800][info] GC(317) Metaspace: 1638K(1792K)->1638K(1792K) NonClass: 1514K(1600K)->1514K(1600K) Class: 124K(192K)->124K(192K)
[2024-10-12T10:22:56.497+0800][info] GC(317) Pause Young (Normal) (G1 Evacuation Pause) 77M->77M(128M) 1.558ms
[2024-10-12T10:22:56.497+0800][info] GC(317) User=0.00s Sys=0.00s Real=0.00s
[2024-10-12T10:22:56.600+0800][info] GC(318) Pause Young (Normal) (G1 Evacuation Pause)
[2024-10-12T10:22:56.600+0800][info] GC(318) Using 3 workers of 48 for evacuation
[2024-10-12T10:22:56.601+0800][info] GC(318)   Pre Evacuate Collection Set: 0.1ms
[2024-10-12T10:22:56.601+0800][info] GC(318)   Merge Heap Roots: 0.0ms
[2024-10-12T10:22:56.601+0800][info] GC(318)   Evacuate Collection Set: 0.8ms
[2024-10-12T10:22:56.601+0800][info] GC(318)   Post Evacuate Collection Set: 0.2ms
[2024-10-12T10:22:56.601+0800][info] GC(318)   Other: 0.2ms
[2024-10-12T10:22:56.601+0800][info] GC(318) Eden regions: 2->0(2)
[2024-10-12T10:22:56.601+0800][info] GC(318) Survivor regions: 1->1(1)
[2024-10-12T10:22:56.601+0800][info] GC(318) Old regions: 41->44
[2024-10-12T10:22:56.601+0800][info] GC(318) Archive regions: 2->2
[2024-10-12T10:22:56.601+0800][info] GC(318) Humongous regions: 3->3
[2024-10-12T10:22:56.601+0800][info] GC(318) Metaspace: 1638K(1792K)->1638K(1792K) NonClass: 1514K(1600K)->1514K(1600K) Class: 124K(192K)->124K(192K)
[2024-10-12T10:22:56.601+0800][info] GC(318) Pause Young (Normal) (G1 Evacuation Pause) 80M->81M(128M) 1.423ms
[2024-10-12T10:22:56.601+0800][info] GC(318) User=0.00s Sys=0.00s Real=0.00s
[2024-10-12T10:22:56.703+0800][info] GC(319) Pause Young (Normal) (G1 Evacuation Pause)
[2024-10-12T10:22:56.703+0800][info] GC(319) Using 3 workers of 48 for evacuation
[2024-10-12T10:22:56.705+0800][info] GC(319)   Pre Evacuate Collection Set: 0.1ms
[2024-10-12T10:22:56.705+0800][info] GC(319)   Merge Heap Roots: 0.0ms
[2024-10-12T10:22:56.705+0800][info] GC(319)   Evacuate Collection Set: 0.7ms
[2024-10-12T10:22:56.705+0800][info] GC(319)   Post Evacuate Collection Set: 0.2ms
[2024-10-12T10:22:56.705+0800][info] GC(319)   Other: 0.2ms
[2024-10-12T10:22:56.705+0800][info] GC(319) Eden regions: 2->0(2)
[2024-10-12T10:22:56.705+0800][info] GC(319) Survivor regions: 1->1(1)
[2024-10-12T10:22:56.705+0800][info] GC(319) Old regions: 44->46
[2024-10-12T10:22:56.705+0800][info] GC(319) Archive regions: 2->2
[2024-10-12T10:22:56.705+0800][info] GC(319) Humongous regions: 3->3
[2024-10-12T10:22:56.705+0800][info] GC(319) Metaspace: 1638K(1792K)->1638K(1792K) NonClass: 1514K(1600K)->1514K(1600K) Class: 124K(192K)->124K(192K)
[2024-10-12T10:22:56.705+0800][info] GC(319) Pause Young (Normal) (G1 Evacuation Pause) 85M->85M(128M) 1.293ms
[2024-10-12T10:22:56.705+0800][info] GC(319) User=0.00s Sys=0.00s Real=0.00s
[2024-10-12T10:22:56.807+0800][info] GC(320) Pause Young (Normal) (G1 Evacuation Pause)
[2024-10-12T10:22:56.807+0800][info] GC(320) Using 3 workers of 48 for evacuation
[2024-10-12T10:22:56.809+0800][info] GC(320)   Pre Evacuate Collection Set: 0.1ms
[2024-10-12T10:22:56.809+0800][info] GC(320)   Merge Heap Roots: 0.0ms
[2024-10-12T10:22:56.809+0800][info] GC(320)   Evacuate Collection Set: 0.8ms
[2024-10-12T10:22:56.809+0800][info] GC(320)   Post Evacuate Collection Set: 0.2ms
[2024-10-12T10:22:56.809+0800][info] GC(320)   Other: 0.2ms
[2024-10-12T10:22:56.809+0800][info] GC(320) Eden regions: 2->0(2)
[2024-10-12T10:22:56.809+0800][info] GC(320) Survivor regions: 1->1(1)
[2024-10-12T10:22:56.809+0800][info] GC(320) Old regions: 46->48
[2024-10-12T10:22:56.809+0800][info] GC(320) Archive regions: 2->2
[2024-10-12T10:22:56.809+0800][info] GC(320) Humongous regions: 3->3
[2024-10-12T10:22:56.809+0800][info] GC(320) Metaspace: 1638K(1792K)->1638K(1792K) NonClass: 1514K(1600K)->1514K(1600K) Class: 124K(192K)->124K(192K)
[2024-10-12T10:22:56.809+0800][info] GC(320) Pause Young (Normal) (G1 Evacuation Pause) 89M->89M(128M) 1.452ms
[2024-10-12T10:22:56.809+0800][info] GC(320) User=0.00s Sys=0.00s Real=0.00s
[2024-10-12T10:22:56.911+0800][info] GC(321) Pause Young (Concurrent Start) (G1 Evacuation Pause)
[2024-10-12T10:22:56.911+0800][info] GC(321) Using 3 workers of 48 for evacuation
[2024-10-12T10:22:56.912+0800][info] GC(321)   Pre Evacuate Collection Set: 0.1ms
[2024-10-12T10:22:56.912+0800][info] GC(321)   Merge Heap Roots: 0.0ms
[2024-10-12T10:22:56.912+0800][info] GC(321)   Evacuate Collection Set: 0.7ms
[2024-10-12T10:22:56.912+0800][info] GC(321)   Post Evacuate Collection Set: 0.2ms
[2024-10-12T10:22:56.912+0800][info] GC(321)   Other: 0.4ms
[2024-10-12T10:22:56.912+0800][info] GC(321) Eden regions: 2->0(2)
[2024-10-12T10:22:56.912+0800][info] GC(321) Survivor regions: 1->1(1)
[2024-10-12T10:22:56.912+0800][info] GC(321) Old regions: 48->49
[2024-10-12T10:22:56.912+0800][info] GC(321) Archive regions: 2->2
[2024-10-12T10:22:56.912+0800][info] GC(321) Humongous regions: 3->3
[2024-10-12T10:22:56.912+0800][info] GC(321) Metaspace: 1638K(1792K)->1638K(1792K) NonClass: 1514K(1600K)->1514K(1600K) Class: 124K(192K)->124K(192K)
[2024-10-12T10:22:56.912+0800][info] GC(321) Pause Young (Concurrent Start) (G1 Evacuation Pause) 93M->93M(128M) 1.528ms
[2024-10-12T10:22:56.912+0800][info] GC(321) User=0.00s Sys=0.01s Real=0.00s
[2024-10-12T10:22:56.912+0800][info] GC(322) Concurrent Mark Cycle
[2024-10-12T10:22:56.912+0800][info] GC(322) Concurrent Clear Claimed Marks
[2024-10-12T10:22:56.913+0800][info] GC(322) Concurrent Clear Claimed Marks 0.017ms
[2024-10-12T10:22:56.913+0800][info] GC(322) Concurrent Scan Root Regions
[2024-10-12T10:22:56.913+0800][info] GC(322) Concurrent Scan Root Regions 0.162ms
[2024-10-12T10:22:56.913+0800][info] GC(322) Concurrent Mark
[2024-10-12T10:22:56.913+0800][info] GC(322) Concurrent Mark From Roots
[2024-10-12T10:22:56.913+0800][info] GC(322) Using 12 workers of 12 for marking
[2024-10-12T10:22:56.917+0800][info] GC(322) Concurrent Mark From Roots 4.701ms
[2024-10-12T10:22:56.917+0800][info] GC(322) Concurrent Preclean
[2024-10-12T10:22:56.919+0800][info] GC(322) Concurrent Preclean 1.676ms
[2024-10-12T10:22:56.919+0800][info] GC(322) Pause Remark
[2024-10-12T10:22:56.921+0800][info] GC(322) Pause Remark 93M->93M(128M) 1.591ms
[2024-10-12T10:22:56.921+0800][info] GC(322) User=0.00s Sys=0.01s Real=0.00s
[2024-10-12T10:22:56.921+0800][info] GC(322) Concurrent Mark 8.242ms
[2024-10-12T10:22:56.921+0800][info] GC(322) Concurrent Rebuild Remembered Sets
[2024-10-12T10:22:56.923+0800][info] GC(322) Concurrent Rebuild Remembered Sets 1.783ms
[2024-10-12T10:22:56.923+0800][info] GC(322) Pause Cleanup
[2024-10-12T10:22:56.923+0800][info] GC(322) Pause Cleanup 93M->93M(128M) 0.247ms
[2024-10-12T10:22:56.923+0800][info] GC(322) User=0.00s Sys=0.00s Real=0.00s
[2024-10-12T10:22:56.923+0800][info] GC(322) Concurrent Cleanup for Next Mark
[2024-10-12T10:22:56.924+0800][info] GC(322) Concurrent Cleanup for Next Mark 0.396ms
[2024-10-12T10:22:56.924+0800][info] GC(322) Concurrent Mark Cycle 11.204ms
[2024-10-12T10:22:57.066+0800][info] GC(323) Pause Young (Prepare Mixed) (G1 Evacuation Pause)
[2024-10-12T10:22:57.066+0800][info] GC(323) Using 3 workers of 48 for evacuation
[2024-10-12T10:22:57.067+0800][info] GC(323)   Pre Evacuate Collection Set: 0.1ms
[2024-10-12T10:22:57.067+0800][info] GC(323)   Merge Heap Roots: 0.1ms
[2024-10-12T10:22:57.067+0800][info] GC(323)   Evacuate Collection Set: 0.8ms
[2024-10-12T10:22:57.067+0800][info] GC(323)   Post Evacuate Collection Set: 0.2ms
[2024-10-12T10:22:57.067+0800][info] GC(323)   Other: 0.2ms
[2024-10-12T10:22:57.067+0800][info] GC(323) Eden regions: 2->0(2)
[2024-10-12T10:22:57.068+0800][info] GC(323) Survivor regions: 1->1(1)
[2024-10-12T10:22:57.068+0800][info] GC(323) Old regions: 48->50
[2024-10-12T10:22:57.068+0800][info] GC(323) Archive regions: 2->2
[2024-10-12T10:22:57.068+0800][info] GC(323) Humongous regions: 3->3
[2024-10-12T10:22:57.068+0800][info] GC(323) Metaspace: 1638K(1792K)->1638K(1792K) NonClass: 1514K(1600K)->1514K(1600K) Class: 124K(192K)->124K(192K)
[2024-10-12T10:22:57.068+0800][info] GC(323) Pause Young (Prepare Mixed) (G1 Evacuation Pause) 96M->96M(128M) 1.485ms
[2024-10-12T10:22:57.068+0800][info] GC(323) User=0.01s Sys=0.00s Real=0.00s
[2024-10-12T10:22:57.170+0800][info] GC(324) Pause Young (Mixed) (G1 Preventive Collection)
[2024-10-12T10:22:57.170+0800][info] GC(324) Using 3 workers of 48 for evacuation
[2024-10-12T10:22:57.172+0800][info] GC(324)   Pre Evacuate Collection Set: 0.2ms
[2024-10-12T10:22:57.172+0800][info] GC(324)   Merge Heap Roots: 0.1ms
[2024-10-12T10:22:57.172+0800][info] GC(324)   Evacuate Collection Set: 1.4ms
[2024-10-12T10:22:57.172+0800][info] GC(324)   Post Evacuate Collection Set: 0.2ms
[2024-10-12T10:22:57.172+0800][info] GC(324)   Other: 0.2ms
[2024-10-12T10:22:57.172+0800][info] GC(324) Eden regions: 2->0(2)
[2024-10-12T10:22:57.172+0800][info] GC(324) Survivor regions: 1->1(1)
[2024-10-12T10:22:57.172+0800][info] GC(324) Old regions: 50->48
[2024-10-12T10:22:57.172+0800][info] GC(324) Archive regions: 2->2
[2024-10-12T10:22:57.172+0800][info] GC(324) Humongous regions: 3->3
[2024-10-12T10:22:57.172+0800][info] GC(324) Metaspace: 1638K(1792K)->1638K(1792K) NonClass: 1514K(1600K)->1514K(1600K) Class: 124K(192K)->124K(192K)
[2024-10-12T10:22:57.172+0800][info] GC(324) Pause Young (Mixed) (G1 Preventive Collection) 100M->94M(128M) 2.120ms
[2024-10-12T10:22:57.172+0800][info] GC(324) User=0.00s Sys=0.00s Real=0.00s
[2024-10-12T10:22:57.274+0800][info] GC(325) Pause Young (Mixed) (G1 Evacuation Pause)
[2024-10-12T10:22:57.274+0800][info] GC(325) Using 3 workers of 48 for evacuation
[2024-10-12T10:22:57.277+0800][info] GC(325)   Pre Evacuate Collection Set: 0.2ms
[2024-10-12T10:22:57.277+0800][info] GC(325)   Merge Heap Roots: 0.1ms
[2024-10-12T10:22:57.277+0800][info] GC(325)   Evacuate Collection Set: 1.7ms
[2024-10-12T10:22:57.277+0800][info] GC(325)   Post Evacuate Collection Set: 0.2ms
[2024-10-12T10:22:57.277+0800][info] GC(325)   Other: 0.1ms
[2024-10-12T10:22:57.277+0800][info] GC(325) Eden regions: 2->0(2)
[2024-10-12T10:22:57.277+0800][info] GC(325) Survivor regions: 1->1(1)
[2024-10-12T10:22:57.277+0800][info] GC(325) Old regions: 48->47
[2024-10-12T10:22:57.277+0800][info] GC(325) Archive regions: 2->2
[2024-10-12T10:22:57.277+0800][info] GC(325) Humongous regions: 3->3
[2024-10-12T10:22:57.277+0800][info] GC(325) Metaspace: 1638K(1792K)->1638K(1792K) NonClass: 1514K(1600K)->1514K(1600K) Class: 124K(192K)->124K(192K)
[2024-10-12T10:22:57.277+0800][info] GC(325) Pause Young (Mixed) (G1 Evacuation Pause) 98M->95M(128M) 2.365ms
[2024-10-12T10:22:57.277+0800][info] GC(325) User=0.01s Sys=0.00s Real=0.00s
[2024-10-12T10:22:57.379+0800][info] GC(326) Pause Young (Mixed) (G1 Evacuation Pause)
[2024-10-12T10:22:57.379+0800][info] GC(326) Using 3 workers of 48 for evacuation
[2024-10-12T10:22:57.381+0800][info] GC(326)   Pre Evacuate Collection Set: 0.2ms
[2024-10-12T10:22:57.381+0800][info] GC(326)   Merge Heap Roots: 0.1ms
[2024-10-12T10:22:57.381+0800][info] GC(326)   Evacuate Collection Set: 1.7ms
[2024-10-12T10:22:57.381+0800][info] GC(326)   Post Evacuate Collection Set: 0.2ms
[2024-10-12T10:22:57.381+0800][info] GC(326)   Other: 0.1ms
[2024-10-12T10:22:57.381+0800][info] GC(326) Eden regions: 2->0(2)
[2024-10-12T10:22:57.381+0800][info] GC(326) Survivor regions: 1->1(1)
[2024-10-12T10:22:57.381+0800][info] GC(326) Old regions: 47->46
[2024-10-12T10:22:57.381+0800][info] GC(326) Archive regions: 2->2
[2024-10-12T10:22:57.381+0800][info] GC(326) Humongous regions: 3->3
[2024-10-12T10:22:57.381+0800][info] GC(326) Metaspace: 1638K(1792K)->1638K(1792K) NonClass: 1514K(1600K)->1514K(1600K) Class: 124K(192K)->124K(192K)
[2024-10-12T10:22:57.381+0800][info] GC(326) Pause Young (Mixed) (G1 Evacuation Pause) 98M->94M(128M) 2.419ms
[2024-10-12T10:22:57.381+0800][info] GC(326) User=0.01s Sys=0.00s Real=0.00s
[2024-10-12T10:22:57.484+0800][info] GC(327) Pause Young (Mixed) (G1 Evacuation Pause)
[2024-10-12T10:22:57.484+0800][info] GC(327) Using 3 workers of 48 for evacuation
[2024-10-12T10:22:57.486+0800][info] GC(327)   Pre Evacuate Collection Set: 0.2ms
[2024-10-12T10:22:57.486+0800][info] GC(327)   Merge Heap Roots: 0.1ms
[2024-10-12T10:22:57.486+0800][info] GC(327)   Evacuate Collection Set: 1.9ms
[2024-10-12T10:22:57.486+0800][info] GC(327)   Post Evacuate Collection Set: 0.2ms
[2024-10-12T10:22:57.486+0800][info] GC(327)   Other: 0.1ms
[2024-10-12T10:22:57.486+0800][info] GC(327) Eden regions: 2->0(2)
[2024-10-12T10:22:57.486+0800][info] GC(327) Survivor regions: 1->1(1)
[2024-10-12T10:22:57.486+0800][info] GC(327) Old regions: 46->45
[2024-10-12T10:22:57.486+0800][info] GC(327) Archive regions: 2->2
[2024-10-12T10:22:57.486+0800][info] GC(327) Humongous regions: 3->3
[2024-10-12T10:22:57.486+0800][info] GC(327) Metaspace: 1638K(1792K)->1638K(1792K) NonClass: 1514K(1600K)->1514K(1600K) Class: 124K(192K)->124K(192K)
[2024-10-12T10:22:57.486+0800][info] GC(327) Pause Young (Mixed) (G1 Evacuation Pause) 97M->93M(128M) 2.527ms
[2024-10-12T10:22:57.486+0800][info] GC(327) User=0.01s Sys=0.00s Real=0.01s
[2024-10-12T10:22:57.589+0800][info] GC(328) Pause Young (Normal) (G1 Evacuation Pause)
[2024-10-12T10:22:57.589+0800][info] GC(328) Using 3 workers of 48 for evacuation
[2024-10-12T10:22:57.590+0800][info] GC(328)   Pre Evacuate Collection Set: 0.1ms
[2024-10-12T10:22:57.590+0800][info] GC(328)   Merge Heap Roots: 0.0ms
[2024-10-12T10:22:57.590+0800][info] GC(328)   Evacuate Collection Set: 0.8ms
[2024-10-12T10:22:57.590+0800][info] GC(328)   Post Evacuate Collection Set: 0.2ms
[2024-10-12T10:22:57.590+0800][info] GC(328)   Other: 0.2ms
[2024-10-12T10:22:57.590+0800][info] GC(328) Eden regions: 2->0(2)
[2024-10-12T10:22:57.590+0800][info] GC(328) Survivor regions: 1->1(1)
[2024-10-12T10:22:57.590+0800][info] GC(328) Old regions: 45->47
[2024-10-12T10:22:57.590+0800][info] GC(328) Archive regions: 2->2
[2024-10-12T10:22:57.590+0800][info] GC(328) Humongous regions: 3->3
[2024-10-12T10:22:57.590+0800][info] GC(328) Metaspace: 1638K(1792K)->1638K(1792K) NonClass: 1514K(1600K)->1514K(1600K) Class: 124K(192K)->124K(192K)
[2024-10-12T10:22:57.590+0800][info] GC(328) Pause Young (Normal) (G1 Evacuation Pause) 97M->97M(128M) 1.463ms
[2024-10-12T10:22:57.590+0800][info] GC(328) User=0.00s Sys=0.00s Real=0.00s
[2024-10-12T10:22:57.693+0800][info] GC(329) Pause Young (Normal) (G1 Evacuation Pause)
[2024-10-12T10:22:57.693+0800][info] GC(329) Using 3 workers of 48 for evacuation
[2024-10-12T10:22:57.694+0800][info] GC(329)   Pre Evacuate Collection Set: 0.1ms
[2024-10-12T10:22:57.694+0800][info] GC(329)   Merge Heap Roots: 0.0ms
[2024-10-12T10:22:57.694+0800][info] GC(329)   Evacuate Collection Set: 0.7ms
[2024-10-12T10:22:57.694+0800][info] GC(329)   Post Evacuate Collection Set: 0.2ms
[2024-10-12T10:22:57.694+0800][info] GC(329)   Other: 0.2ms
[2024-10-12T10:22:57.694+0800][info] GC(329) Eden regions: 2->0(2)
[2024-10-12T10:22:57.694+0800][info] GC(329) Survivor regions: 1->1(1)
[2024-10-12T10:22:57.694+0800][info] GC(329) Old regions: 47->49
[2024-10-12T10:22:57.694+0800][info] GC(329) Archive regions: 2->2
[2024-10-12T10:22:57.694+0800][info] GC(329) Humongous regions: 3->3
[2024-10-12T10:22:57.694+0800][info] GC(329) Metaspace: 1638K(1792K)->1638K(1792K) NonClass: 1514K(1600K)->1514K(1600K) Class: 124K(192K)->124K(192K)
[2024-10-12T10:22:57.694+0800][info] GC(329) Pause Young (Normal) (G1 Evacuation Pause) 101M->101M(128M) 1.314ms
[2024-10-12T10:22:57.694+0800][info] GC(329) User=0.01s Sys=0.00s Real=0.01s
[2024-10-12T10:22:57.796+0800][info] GC(330) Pause Young (Concurrent Start) (G1 Evacuation Pause)
[2024-10-12T10:22:57.796+0800][info] GC(330) Using 3 workers of 48 for evacuation
[2024-10-12T10:22:57.797+0800][info] GC(330)   Pre Evacuate Collection Set: 0.1ms
[2024-10-12T10:22:57.797+0800][info] GC(330)   Merge Heap Roots: 0.0ms
[2024-10-12T10:22:57.797+0800][info] GC(330)   Evacuate Collection Set: 0.6ms
[2024-10-12T10:22:57.797+0800][info] GC(330)   Post Evacuate Collection Set: 0.2ms
[2024-10-12T10:22:57.797+0800][info] GC(330)   Other: 0.3ms
[2024-10-12T10:22:57.797+0800][info] GC(330) Eden regions: 2->0(2)
[2024-10-12T10:22:57.797+0800][info] GC(330) Survivor regions: 1->1(1)
[2024-10-12T10:22:57.797+0800][info] GC(330) Old regions: 49->50
[2024-10-12T10:22:57.797+0800][info] GC(330) Archive regions: 2->2
[2024-10-12T10:22:57.797+0800][info] GC(330) Humongous regions: 3->3
[2024-10-12T10:22:57.797+0800][info] GC(330) Metaspace: 1638K(1792K)->1638K(1792K) NonClass: 1514K(1600K)->1514K(1600K) Class: 124K(192K)->124K(192K)
[2024-10-12T10:22:57.797+0800][info] GC(330) Pause Young (Concurrent Start) (G1 Evacuation Pause) 105M->104M(128M) 1.430ms
[2024-10-12T10:22:57.798+0800][info] GC(330) User=0.00s Sys=0.00s Real=0.00s
[2024-10-12T10:22:57.798+0800][info] GC(331) Concurrent Mark Cycle
[2024-10-12T10:22:57.798+0800][info] GC(331) Concurrent Clear Claimed Marks
[2024-10-12T10:22:57.798+0800][info] GC(331) Concurrent Clear Claimed Marks 0.017ms
[2024-10-12T10:22:57.798+0800][info] GC(331) Concurrent Scan Root Regions
[2024-10-12T10:22:57.798+0800][info] GC(331) Concurrent Scan Root Regions 0.157ms
[2024-10-12T10:22:57.798+0800][info] GC(331) Concurrent Mark
[2024-10-12T10:22:57.798+0800][info] GC(331) Concurrent Mark From Roots
[2024-10-12T10:22:57.798+0800][info] GC(331) Using 12 workers of 12 for marking
[2024-10-12T10:22:57.801+0800][info] GC(331) Concurrent Mark From Roots 3.492ms
[2024-10-12T10:22:57.801+0800][info] GC(331) Concurrent Preclean
[2024-10-12T10:22:57.803+0800][info] GC(331) Concurrent Preclean 1.681ms
[2024-10-12T10:22:57.803+0800][info] GC(331) Pause Remark
[2024-10-12T10:22:57.805+0800][info] GC(331) Pause Remark 104M->104M(128M) 1.479ms
[2024-10-12T10:22:57.805+0800][info] GC(331) User=0.00s Sys=0.00s Real=0.00s
[2024-10-12T10:22:57.805+0800][info] GC(331) Concurrent Mark 6.869ms
[2024-10-12T10:22:57.805+0800][info] GC(331) Concurrent Rebuild Remembered Sets
[2024-10-12T10:22:57.806+0800][info] GC(331) Concurrent Rebuild Remembered Sets 1.711ms
[2024-10-12T10:22:57.807+0800][info] GC(331) Pause Cleanup
[2024-10-12T10:22:57.807+0800][info] GC(331) Pause Cleanup 104M->104M(128M) 0.244ms
[2024-10-12T10:22:57.807+0800][info] GC(331) User=0.00s Sys=0.00s Real=0.00s
[2024-10-12T10:22:57.807+0800][info] GC(331) Concurrent Cleanup for Next Mark
[2024-10-12T10:22:57.807+0800][info] GC(331) Concurrent Cleanup for Next Mark 0.365ms
[2024-10-12T10:22:57.807+0800][info] GC(331) Concurrent Mark Cycle 9.709ms
[2024-10-12T10:22:57.951+0800][info] GC(332) Pause Young (Prepare Mixed) (G1 Evacuation Pause)
[2024-10-12T10:22:57.951+0800][info] GC(332) Using 3 workers of 48 for evacuation
[2024-10-12T10:22:57.952+0800][info] GC(332)   Pre Evacuate Collection Set: 0.1ms
[2024-10-12T10:22:57.952+0800][info] GC(332)   Merge Heap Roots: 0.1ms
[2024-10-12T10:22:57.952+0800][info] GC(332)   Evacuate Collection Set: 0.9ms
[2024-10-12T10:22:57.952+0800][info] GC(332)   Post Evacuate Collection Set: 0.2ms
[2024-10-12T10:22:57.952+0800][info] GC(332)   Other: 0.2ms
[2024-10-12T10:22:57.952+0800][info] GC(332) Eden regions: 2->0(2)
[2024-10-12T10:22:57.952+0800][info] GC(332) Survivor regions: 1->1(1)
[2024-10-12T10:22:57.952+0800][info] GC(332) Old regions: 50->52
[2024-10-12T10:22:57.952+0800][info] GC(332) Archive regions: 2->2
[2024-10-12T10:22:57.952+0800][info] GC(332) Humongous regions: 3->3
[2024-10-12T10:22:57.952+0800][info] GC(332) Metaspace: 1641K(1792K)->1641K(1792K) NonClass: 1517K(1600K)->1517K(1600K) Class: 124K(192K)->124K(192K)
[2024-10-12T10:22:57.953+0800][info] GC(332) Pause Young (Prepare Mixed) (G1 Evacuation Pause) 108M->107M(128M) 1.517ms
[2024-10-12T10:22:57.953+0800][info] GC(332) User=0.01s Sys=0.00s Real=0.00s
[2024-10-12T10:22:58.055+0800][info] GC(333) Pause Young (Mixed) (G1 Preventive Collection)
[2024-10-12T10:22:58.055+0800][info] GC(333) Using 3 workers of 48 for evacuation
[2024-10-12T10:22:58.056+0800][info] GC(333)   Pre Evacuate Collection Set: 0.2ms
[2024-10-12T10:22:58.056+0800][info] GC(333)   Merge Heap Roots: 0.1ms
[2024-10-12T10:22:58.056+0800][info] GC(333)   Evacuate Collection Set: 1.1ms
[2024-10-12T10:22:58.056+0800][info] GC(333)   Post Evacuate Collection Set: 0.2ms
[2024-10-12T10:22:58.056+0800][info] GC(333)   Other: 0.2ms
[2024-10-12T10:22:58.056+0800][info] GC(333) Eden regions: 2->0(2)
[2024-10-12T10:22:58.056+0800][info] GC(333) Survivor regions: 1->1(1)
[2024-10-12T10:22:58.056+0800][info] GC(333) Old regions: 52->48
[2024-10-12T10:22:58.056+0800][info] GC(333) Archive regions: 2->2
[2024-10-12T10:22:58.056+0800][info] GC(333) Humongous regions: 3->3
[2024-10-12T10:22:58.056+0800][info] GC(333) Metaspace: 1641K(1792K)->1641K(1792K) NonClass: 1517K(1600K)->1517K(1600K) Class: 124K(192K)->124K(192K)
[2024-10-12T10:22:58.057+0800][info] GC(333) Pause Young (Mixed) (G1 Preventive Collection) 111M->102M(128M) 1.786ms
[2024-10-12T10:22:58.057+0800][info] GC(333) User=0.00s Sys=0.00s Real=0.00s
[2024-10-12T10:22:58.160+0800][info] GC(334) Pause Young (Mixed) (G1 Evacuation Pause)
[2024-10-12T10:22:58.160+0800][info] GC(334) Using 3 workers of 48 for evacuation
[2024-10-12T10:22:58.162+0800][info] GC(334)   Pre Evacuate Collection Set: 0.2ms
[2024-10-12T10:22:58.162+0800][info] GC(334)   Merge Heap Roots: 0.1ms
[2024-10-12T10:22:58.162+0800][info] GC(334)   Evacuate Collection Set: 1.6ms
[2024-10-12T10:22:58.162+0800][info] GC(334)   Post Evacuate Collection Set: 0.2ms
[2024-10-12T10:22:58.162+0800][info] GC(334)   Other: 0.1ms
[2024-10-12T10:22:58.162+0800][info] GC(334) Eden regions: 2->0(2)
[2024-10-12T10:22:58.162+0800][info] GC(334) Survivor regions: 1->1(1)
[2024-10-12T10:22:58.162+0800][info] GC(334) Old regions: 48->47
[2024-10-12T10:22:58.162+0800][info] GC(334) Archive regions: 2->2
[2024-10-12T10:22:58.162+0800][info] GC(334) Humongous regions: 4->3
[2024-10-12T10:22:58.162+0800][info] GC(334) Metaspace: 1641K(1792K)->1641K(1792K) NonClass: 1517K(1600K)->1517K(1600K) Class: 124K(192K)->124K(192K)
[2024-10-12T10:22:58.162+0800][info] GC(334) Pause Young (Mixed) (G1 Evacuation Pause) 107M->100M(128M) 2.220ms
[2024-10-12T10:22:58.162+0800][info] GC(334) User=0.00s Sys=0.00s Real=0.00s
[2024-10-12T10:22:58.264+0800][info] GC(335) Pause Young (Mixed) (G1 Evacuation Pause)
[2024-10-12T10:22:58.264+0800][info] GC(335) Using 3 workers of 48 for evacuation
[2024-10-12T10:22:58.266+0800][info] GC(335)   Pre Evacuate Collection Set: 0.2ms
[2024-10-12T10:22:58.266+0800][info] GC(335)   Merge Heap Roots: 0.1ms
[2024-10-12T10:22:58.266+0800][info] GC(335)   Evacuate Collection Set: 1.7ms
[2024-10-12T10:22:58.266+0800][info] GC(335)   Post Evacuate Collection Set: 0.2ms
[2024-10-12T10:22:58.266+0800][info] GC(335)   Other: 0.1ms
[2024-10-12T10:22:58.266+0800][info] GC(335) Eden regions: 2->0(2)
[2024-10-12T10:22:58.266+0800][info] GC(335) Survivor regions: 1->1(1)
[2024-10-12T10:22:58.266+0800][info] GC(335) Old regions: 47->45
[2024-10-12T10:22:58.266+0800][info] GC(335) Archive regions: 2->2
[2024-10-12T10:22:58.266+0800][info] GC(335) Humongous regions: 3->3
[2024-10-12T10:22:58.266+0800][info] GC(335) Metaspace: 1641K(1792K)->1641K(1792K) NonClass: 1517K(1600K)->1517K(1600K) Class: 124K(192K)->124K(192K)
[2024-10-12T10:22:58.266+0800][info] GC(335) Pause Young (Mixed) (G1 Evacuation Pause) 104M->98M(128M) 2.365ms
[2024-10-12T10:22:58.266+0800][info] GC(335) User=0.01s Sys=0.00s Real=0.01s
[2024-10-12T10:22:58.369+0800][info] GC(336) Pause Young (Mixed) (G1 Evacuation Pause)
[2024-10-12T10:22:58.369+0800][info] GC(336) Using 3 workers of 48 for evacuation
[2024-10-12T10:22:58.371+0800][info] GC(336)   Pre Evacuate Collection Set: 0.2ms
[2024-10-12T10:22:58.371+0800][info] GC(336)   Merge Heap Roots: 0.1ms
[2024-10-12T10:22:58.371+0800][info] GC(336)   Evacuate Collection Set: 1.6ms
[2024-10-12T10:22:58.371+0800][info] GC(336)   Post Evacuate Collection Set: 0.2ms
[2024-10-12T10:22:58.371+0800][info] GC(336)   Other: 0.1ms
[2024-10-12T10:22:58.371+0800][info] GC(336) Eden regions: 2->0(2)
[2024-10-12T10:22:58.371+0800][info] GC(336) Survivor regions: 1->1(1)
[2024-10-12T10:22:58.371+0800][info] GC(336) Old regions: 45->46
[2024-10-12T10:22:58.371+0800][info] GC(336) Archive regions: 2->2
[2024-10-12T10:22:58.371+0800][info] GC(336) Humongous regions: 3->3
[2024-10-12T10:22:58.371+0800][info] GC(336) Metaspace: 1641K(1792K)->1641K(1792K) NonClass: 1517K(1600K)->1517K(1600K) Class: 124K(192K)->124K(192K)
[2024-10-12T10:22:58.371+0800][info] GC(336) Pause Young (Mixed) (G1 Evacuation Pause) 101M->99M(128M) 2.336ms
[2024-10-12T10:22:58.371+0800][info] GC(336) User=0.00s Sys=0.00s Real=0.00s
[2024-10-12T10:22:58.473+0800][info] GC(337) Pause Young (Normal) (G1 Evacuation Pause)
[2024-10-12T10:22:58.473+0800][info] GC(337) Using 3 workers of 48 for evacuation
[2024-10-12T10:22:58.475+0800][info] GC(337)   Pre Evacuate Collection Set: 0.1ms
[2024-10-12T10:22:58.475+0800][info] GC(337)   Merge Heap Roots: 0.0ms
[2024-10-12T10:22:58.475+0800][info] GC(337)   Evacuate Collection Set: 0.7ms
[2024-10-12T10:22:58.475+0800][info] GC(337)   Post Evacuate Collection Set: 0.2ms
[2024-10-12T10:22:58.475+0800][info] GC(337)   Other: 0.2ms
[2024-10-12T10:22:58.475+0800][info] GC(337) Eden regions: 2->0(2)
[2024-10-12T10:22:58.475+0800][info] GC(337) Survivor regions: 1->1(1)
[2024-10-12T10:22:58.475+0800][info] GC(337) Old regions: 46->47
[2024-10-12T10:22:58.475+0800][info] GC(337) Archive regions: 2->2
[2024-10-12T10:22:58.475+0800][info] GC(337) Humongous regions: 3->3
[2024-10-12T10:22:58.475+0800][info] GC(337) Metaspace: 1641K(1792K)->1641K(1792K) NonClass: 1517K(1600K)->1517K(1600K) Class: 124K(192K)->124K(192K)
[2024-10-12T10:22:58.475+0800][info] GC(337) Pause Young (Normal) (G1 Evacuation Pause) 102M->102M(128M) 1.270ms
[2024-10-12T10:22:58.475+0800][info] GC(337) User=0.00s Sys=0.00s Real=0.00s
[2024-10-12T10:22:58.577+0800][info] GC(338) Pause Young (Normal) (G1 Evacuation Pause)
[2024-10-12T10:22:58.577+0800][info] GC(338) Using 3 workers of 48 for evacuation
[2024-10-12T10:22:58.578+0800][info] GC(338)   Pre Evacuate Collection Set: 0.1ms
[2024-10-12T10:22:58.578+0800][info] GC(338)   Merge Heap Roots: 0.0ms
[2024-10-12T10:22:58.578+0800][info] GC(338)   Evacuate Collection Set: 0.6ms
[2024-10-12T10:22:58.578+0800][info] GC(338)   Post Evacuate Collection Set: 0.2ms
[2024-10-12T10:22:58.578+0800][info] GC(338)   Other: 0.2ms
[2024-10-12T10:22:58.578+0800][info] GC(338) Eden regions: 2->0(2)
[2024-10-12T10:22:58.578+0800][info] GC(338) Survivor regions: 1->1(1)
[2024-10-12T10:22:58.578+0800][info] GC(338) Old regions: 47->49
[2024-10-12T10:22:58.578+0800][info] GC(338) Archive regions: 2->2
[2024-10-12T10:22:58.578+0800][info] GC(338) Humongous regions: 3->3
[2024-10-12T10:22:58.578+0800][info] GC(338) Metaspace: 1641K(1792K)->1641K(1792K) NonClass: 1517K(1600K)->1517K(1600K) Class: 124K(192K)->124K(192K)
[2024-10-12T10:22:58.578+0800][info] GC(338) Pause Young (Normal) (G1 Evacuation Pause) 106M->105M(128M) 1.243ms
[2024-10-12T10:22:58.579+0800][info] GC(338) User=0.00s Sys=0.00s Real=0.00s
[2024-10-12T10:22:58.681+0800][info] GC(339) Pause Young (Concurrent Start) (G1 Evacuation Pause)
[2024-10-12T10:22:58.681+0800][info] GC(339) Using 3 workers of 48 for evacuation
[2024-10-12T10:22:58.682+0800][info] GC(339)   Pre Evacuate Collection Set: 0.1ms
[2024-10-12T10:22:58.682+0800][info] GC(339)   Merge Heap Roots: 0.0ms
[2024-10-12T10:22:58.682+0800][info] GC(339)   Evacuate Collection Set: 0.8ms
[2024-10-12T10:22:58.682+0800][info] GC(339)   Post Evacuate Collection Set: 0.2ms
[2024-10-12T10:22:58.682+0800][info] GC(339)   Other: 0.4ms
[2024-10-12T10:22:58.682+0800][info] GC(339) Eden regions: 2->0(2)
[2024-10-12T10:22:58.682+0800][info] GC(339) Survivor regions: 1->1(1)
[2024-10-12T10:22:58.682+0800][info] GC(339) Old regions: 49->51
[2024-10-12T10:22:58.682+0800][info] GC(339) Archive regions: 2->2
[2024-10-12T10:22:58.682+0800][info] GC(339) Humongous regions: 3->3
[2024-10-12T10:22:58.682+0800][info] GC(339) Metaspace: 1641K(1792K)->1641K(1792K) NonClass: 1517K(1600K)->1517K(1600K) Class: 124K(192K)->124K(192K)
[2024-10-12T10:22:58.682+0800][info] GC(339) Pause Young (Concurrent Start) (G1 Evacuation Pause) 109M->110M(128M) 1.668ms
[2024-10-12T10:22:58.682+0800][info] GC(339) User=0.01s Sys=0.00s Real=0.00s
[2024-10-12T10:22:58.682+0800][info] GC(340) Concurrent Mark Cycle
[2024-10-12T10:22:58.682+0800][info] GC(340) Concurrent Clear Claimed Marks
[2024-10-12T10:22:58.682+0800][info] GC(340) Concurrent Clear Claimed Marks 0.017ms
[2024-10-12T10:22:58.682+0800][info] GC(340) Concurrent Scan Root Regions
[2024-10-12T10:22:58.683+0800][info] GC(340) Concurrent Scan Root Regions 0.101ms
[2024-10-12T10:22:58.683+0800][info] GC(340) Concurrent Mark
[2024-10-12T10:22:58.683+0800][info] GC(340) Concurrent Mark From Roots
[2024-10-12T10:22:58.683+0800][info] GC(340) Using 12 workers of 12 for marking
[2024-10-12T10:22:58.686+0800][info] GC(340) Concurrent Mark From Roots 3.355ms
[2024-10-12T10:22:58.686+0800][info] GC(340) Concurrent Preclean
[2024-10-12T10:22:58.688+0800][info] GC(340) Concurrent Preclean 1.683ms
[2024-10-12T10:22:58.688+0800][info] GC(340) Pause Remark
[2024-10-12T10:22:58.689+0800][info] GC(340) Pause Remark 110M->110M(128M) 1.473ms
[2024-10-12T10:22:58.689+0800][info] GC(340) User=0.00s Sys=0.00s Real=0.00s
[2024-10-12T10:22:58.689+0800][info] GC(340) Concurrent Mark 6.755ms
[2024-10-12T10:22:58.689+0800][info] GC(340) Concurrent Rebuild Remembered Sets
[2024-10-12T10:22:58.691+0800][info] GC(340) Concurrent Rebuild Remembered Sets 1.697ms
[2024-10-12T10:22:58.691+0800][info] GC(340) Pause Cleanup
[2024-10-12T10:22:58.691+0800][info] GC(340) Pause Cleanup 110M->110M(128M) 0.193ms
[2024-10-12T10:22:58.691+0800][info] GC(340) User=0.00s Sys=0.00s Real=0.00s
[2024-10-12T10:22:58.691+0800][info] GC(340) Concurrent Cleanup for Next Mark
[2024-10-12T10:22:58.692+0800][info] GC(340) Concurrent Cleanup for Next Mark 0.399ms
[2024-10-12T10:22:58.692+0800][info] GC(340) Concurrent Mark Cycle 9.504ms
[2024-10-12T10:22:58.836+0800][info] GC(341) Pause Young (Prepare Mixed) (G1 Evacuation Pause)
[2024-10-12T10:22:58.836+0800][info] GC(341) Using 3 workers of 48 for evacuation
[2024-10-12T10:22:58.837+0800][info] GC(341)   Pre Evacuate Collection Set: 0.1ms
[2024-10-12T10:22:58.837+0800][info] GC(341)   Merge Heap Roots: 0.1ms
[2024-10-12T10:22:58.837+0800][info] GC(341)   Evacuate Collection Set: 0.7ms
[2024-10-12T10:22:58.837+0800][info] GC(341)   Post Evacuate Collection Set: 0.2ms
[2024-10-12T10:22:58.837+0800][info] GC(341)   Other: 0.2ms
[2024-10-12T10:22:58.837+0800][info] GC(341) Eden regions: 2->0(2)
[2024-10-12T10:22:58.837+0800][info] GC(341) Survivor regions: 1->1(1)
[2024-10-12T10:22:58.837+0800][info] GC(341) Old regions: 51->53
[2024-10-12T10:22:58.837+0800][info] GC(341) Archive regions: 2->2
[2024-10-12T10:22:58.837+0800][info] GC(341) Humongous regions: 3->3
[2024-10-12T10:22:58.837+0800][info] GC(341) Metaspace: 1643K(1792K)->1643K(1792K) NonClass: 1519K(1600K)->1519K(1600K) Class: 124K(192K)->124K(192K)
[2024-10-12T10:22:58.837+0800][info] GC(341) Pause Young (Prepare Mixed) (G1 Evacuation Pause) 113M->113M(128M) 1.455ms
[2024-10-12T10:22:58.837+0800][info] GC(341) User=0.00s Sys=0.01s Real=0.00s
[2024-10-12T10:22:58.899+0800][info] GC(342) Pause Young (Mixed) (G1 Preventive Collection)
[2024-10-12T10:22:58.899+0800][info] GC(342) Using 3 workers of 48 for evacuation
[2024-10-12T10:22:58.900+0800][info] GC(342)   Pre Evacuate Collection Set: 0.2ms
[2024-10-12T10:22:58.900+0800][info] GC(342)   Merge Heap Roots: 0.0ms
[2024-10-12T10:22:58.900+0800][info] GC(342)   Evacuate Collection Set: 1.0ms
[2024-10-12T10:22:58.900+0800][info] GC(342)   Post Evacuate Collection Set: 0.2ms
[2024-10-12T10:22:58.900+0800][info] GC(342)   Other: 0.2ms
[2024-10-12T10:22:58.900+0800][info] GC(342) Eden regions: 1->0(2)
[2024-10-12T10:22:58.900+0800][info] GC(342) Survivor regions: 1->1(1)
[2024-10-12T10:22:58.900+0800][info] GC(342) Old regions: 53->49
[2024-10-12T10:22:58.901+0800][info] GC(342) Archive regions: 2->2
[2024-10-12T10:22:58.901+0800][info] GC(342) Humongous regions: 3->3
[2024-10-12T10:22:58.901+0800][info] GC(342) Metaspace: 1643K(1792K)->1643K(1792K) NonClass: 1519K(1600K)->1519K(1600K) Class: 124K(192K)->124K(192K)
[2024-10-12T10:22:58.901+0800][info] GC(342) Pause Young (Mixed) (G1 Preventive Collection) 115M->105M(128M) 1.740ms
[2024-10-12T10:22:58.901+0800][info] GC(342) User=0.01s Sys=0.00s Real=0.00s
[2024-10-12T10:22:59.003+0800][info] GC(343) Pause Young (Mixed) (G1 Evacuation Pause)
[2024-10-12T10:22:59.003+0800][info] GC(343) Using 3 workers of 48 for evacuation
[2024-10-12T10:22:59.005+0800][info] GC(343)   Pre Evacuate Collection Set: 0.2ms
[2024-10-12T10:22:59.005+0800][info] GC(343)   Merge Heap Roots: 0.1ms
[2024-10-12T10:22:59.005+0800][info] GC(343)   Evacuate Collection Set: 1.4ms
[2024-10-12T10:22:59.005+0800][info] GC(343)   Post Evacuate Collection Set: 0.2ms
[2024-10-12T10:22:59.005+0800][info] GC(343)   Other: 0.1ms
[2024-10-12T10:22:59.005+0800][info] GC(343) Eden regions: 2->0(2)
[2024-10-12T10:22:59.005+0800][info] GC(343) Survivor regions: 1->1(1)
[2024-10-12T10:22:59.005+0800][info] GC(343) Old regions: 49->47
[2024-10-12T10:22:59.005+0800][info] GC(343) Archive regions: 2->2
[2024-10-12T10:22:59.005+0800][info] GC(343) Humongous regions: 3->3
[2024-10-12T10:22:59.005+0800][info] GC(343) Metaspace: 1643K(1792K)->1643K(1792K) NonClass: 1519K(1600K)->1519K(1600K) Class: 124K(192K)->124K(192K)
[2024-10-12T10:22:59.005+0800][info] GC(343) Pause Young (Mixed) (G1 Evacuation Pause) 109M->101M(128M) 2.133ms
[2024-10-12T10:22:59.005+0800][info] GC(343) User=0.00s Sys=0.00s Real=0.01s
[2024-10-12T10:22:59.108+0800][info] GC(344) Pause Young (Mixed) (G1 Evacuation Pause)
[2024-10-12T10:22:59.108+0800][info] GC(344) Using 3 workers of 48 for evacuation
[2024-10-12T10:22:59.110+0800][info] GC(344)   Pre Evacuate Collection Set: 0.2ms
[2024-10-12T10:22:59.110+0800][info] GC(344)   Merge Heap Roots: 0.1ms
[2024-10-12T10:22:59.110+0800][info] GC(344)   Evacuate Collection Set: 1.6ms
[2024-10-12T10:22:59.110+0800][info] GC(344)   Post Evacuate Collection Set: 0.2ms
[2024-10-12T10:22:59.110+0800][info] GC(344)   Other: 0.1ms
[2024-10-12T10:22:59.110+0800][info] GC(344) Eden regions: 2->0(2)
[2024-10-12T10:22:59.110+0800][info] GC(344) Survivor regions: 1->1(1)
[2024-10-12T10:22:59.110+0800][info] GC(344) Old regions: 47->45
[2024-10-12T10:22:59.110+0800][info] GC(344) Archive regions: 2->2
[2024-10-12T10:22:59.110+0800][info] GC(344) Humongous regions: 3->3
[2024-10-12T10:22:59.110+0800][info] GC(344) Metaspace: 1643K(1792K)->1643K(1792K) NonClass: 1519K(1600K)->1519K(1600K) Class: 124K(192K)->124K(192K)
[2024-10-12T10:22:59.110+0800][info] GC(344) Pause Young (Mixed) (G1 Evacuation Pause) 105M->97M(128M) 2.293ms
[2024-10-12T10:22:59.110+0800][info] GC(344) User=0.01s Sys=0.00s Real=0.00s
[2024-10-12T10:22:59.212+0800][info] GC(345) Pause Young (Mixed) (G1 Evacuation Pause)
[2024-10-12T10:22:59.212+0800][info] GC(345) Using 3 workers of 48 for evacuation
[2024-10-12T10:22:59.214+0800][info] GC(345)   Pre Evacuate Collection Set: 0.2ms
[2024-10-12T10:22:59.214+0800][info] GC(345)   Merge Heap Roots: 0.1ms
[2024-10-12T10:22:59.214+0800][info] GC(345)   Evacuate Collection Set: 1.5ms
[2024-10-12T10:22:59.214+0800][info] GC(345)   Post Evacuate Collection Set: 0.2ms
[2024-10-12T10:22:59.214+0800][info] GC(345)   Other: 0.1ms
[2024-10-12T10:22:59.214+0800][info] GC(345) Eden regions: 2->0(2)
[2024-10-12T10:22:59.215+0800][info] GC(345) Survivor regions: 1->1(1)
[2024-10-12T10:22:59.215+0800][info] GC(345) Old regions: 45->46
[2024-10-12T10:22:59.215+0800][info] GC(345) Archive regions: 2->2
[2024-10-12T10:22:59.215+0800][info] GC(345) Humongous regions: 3->3
[2024-10-12T10:22:59.215+0800][info] GC(345) Metaspace: 1643K(1792K)->1643K(1792K) NonClass: 1519K(1600K)->1519K(1600K) Class: 124K(192K)->124K(192K)
[2024-10-12T10:22:59.215+0800][info] GC(345) Pause Young (Mixed) (G1 Evacuation Pause) 101M->99M(128M) 2.158ms
[2024-10-12T10:22:59.215+0800][info] GC(345) User=0.01s Sys=0.00s Real=0.01s
[2024-10-12T10:22:59.317+0800][info] GC(346) Pause Young (Normal) (G1 Evacuation Pause)
[2024-10-12T10:22:59.317+0800][info] GC(346) Using 3 workers of 48 for evacuation
[2024-10-12T10:22:59.318+0800][info] GC(346)   Pre Evacuate Collection Set: 0.1ms
[2024-10-12T10:22:59.318+0800][info] GC(346)   Merge Heap Roots: 0.1ms
[2024-10-12T10:22:59.318+0800][info] GC(346)   Evacuate Collection Set: 0.6ms
[2024-10-12T10:22:59.318+0800][info] GC(346)   Post Evacuate Collection Set: 0.2ms
[2024-10-12T10:22:59.318+0800][info] GC(346)   Other: 0.2ms
[2024-10-12T10:22:59.318+0800][info] GC(346) Eden regions: 2->0(2)
[2024-10-12T10:22:59.318+0800][info] GC(346) Survivor regions: 1->1(1)
[2024-10-12T10:22:59.318+0800][info] GC(346) Old regions: 46->48
[2024-10-12T10:22:59.318+0800][info] GC(346) Archive regions: 2->2
[2024-10-12T10:22:59.318+0800][info] GC(346) Humongous regions: 3->3
[2024-10-12T10:22:59.318+0800][info] GC(346) Metaspace: 1643K(1792K)->1643K(1792K) NonClass: 1519K(1600K)->1519K(1600K) Class: 124K(192K)->124K(192K)
[2024-10-12T10:22:59.318+0800][info] GC(346) Pause Young (Normal) (G1 Evacuation Pause) 103M->103M(128M) 1.288ms
[2024-10-12T10:22:59.318+0800][info] GC(346) User=0.00s Sys=0.00s Real=0.00s
[2024-10-12T10:22:59.421+0800][info] GC(347) Pause Young (Normal) (G1 Evacuation Pause)
[2024-10-12T10:22:59.421+0800][info] GC(347) Using 3 workers of 48 for evacuation
[2024-10-12T10:22:59.422+0800][info] GC(347)   Pre Evacuate Collection Set: 0.1ms
[2024-10-12T10:22:59.422+0800][info] GC(347)   Merge Heap Roots: 0.0ms
[2024-10-12T10:22:59.422+0800][info] GC(347)   Evacuate Collection Set: 0.7ms
[2024-10-12T10:22:59.422+0800][info] GC(347)   Post Evacuate Collection Set: 0.2ms
[2024-10-12T10:22:59.422+0800][info] GC(347)   Other: 0.2ms
[2024-10-12T10:22:59.422+0800][info] GC(347) Eden regions: 2->0(2)
[2024-10-12T10:22:59.422+0800][info] GC(347) Survivor regions: 1->1(1)
[2024-10-12T10:22:59.422+0800][info] GC(347) Old regions: 48->50
[2024-10-12T10:22:59.422+0800][info] GC(347) Archive regions: 2->2
[2024-10-12T10:22:59.422+0800][info] GC(347) Humongous regions: 3->3
[2024-10-12T10:22:59.422+0800][info] GC(347) Metaspace: 1643K(1792K)->1643K(1792K) NonClass: 1519K(1600K)->1519K(1600K) Class: 124K(192K)->124K(192K)
[2024-10-12T10:22:59.422+0800][info] GC(347) Pause Young (Normal) (G1 Evacuation Pause) 107M->107M(128M) 1.407ms
[2024-10-12T10:22:59.422+0800][info] GC(347) User=0.01s Sys=0.00s Real=0.00s
[2024-10-12T10:22:59.524+0800][info] GC(348) Pause Young (Concurrent Start) (G1 Evacuation Pause)
[2024-10-12T10:22:59.524+0800][info] GC(348) Using 3 workers of 48 for evacuation
[2024-10-12T10:22:59.526+0800][info] GC(348)   Pre Evacuate Collection Set: 0.1ms
[2024-10-12T10:22:59.526+0800][info] GC(348)   Merge Heap Roots: 0.1ms
[2024-10-12T10:22:59.526+0800][info] GC(348)   Evacuate Collection Set: 0.7ms
[2024-10-12T10:22:59.526+0800][info] GC(348)   Post Evacuate Collection Set: 0.2ms
[2024-10-12T10:22:59.526+0800][info] GC(348)   Other: 0.4ms
[2024-10-12T10:22:59.526+0800][info] GC(348) Eden regions: 2->0(2)
[2024-10-12T10:22:59.526+0800][info] GC(348) Survivor regions: 1->1(1)
[2024-10-12T10:22:59.526+0800][info] GC(348) Old regions: 50->52
[2024-10-12T10:22:59.526+0800][info] GC(348) Archive regions: 2->2
[2024-10-12T10:22:59.526+0800][info] GC(348) Humongous regions: 3->3
[2024-10-12T10:22:59.526+0800][info] GC(348) Metaspace: 1643K(1792K)->1643K(1792K) NonClass: 1519K(1600K)->1519K(1600K) Class: 124K(192K)->124K(192K)
[2024-10-12T10:22:59.526+0800][info] GC(348) Pause Young (Concurrent Start) (G1 Evacuation Pause) 111M->111M(128M) 1.556ms
[2024-10-12T10:22:59.526+0800][info] GC(348) User=0.00s Sys=0.00s Real=0.01s
[2024-10-12T10:22:59.526+0800][info] GC(349) Concurrent Mark Cycle
[2024-10-12T10:22:59.526+0800][info] GC(349) Concurrent Clear Claimed Marks
[2024-10-12T10:22:59.526+0800][info] GC(349) Concurrent Clear Claimed Marks 0.015ms
[2024-10-12T10:22:59.526+0800][info] GC(349) Concurrent Scan Root Regions
[2024-10-12T10:22:59.526+0800][info] GC(349) Concurrent Scan Root Regions 0.102ms
[2024-10-12T10:22:59.526+0800][info] GC(349) Concurrent Mark
[2024-10-12T10:22:59.526+0800][info] GC(349) Concurrent Mark From Roots
[2024-10-12T10:22:59.526+0800][info] GC(349) Using 12 workers of 12 for marking
[2024-10-12T10:22:59.530+0800][info] GC(349) Concurrent Mark From Roots 3.541ms
[2024-10-12T10:22:59.530+0800][info] GC(349) Concurrent Preclean
[2024-10-12T10:22:59.531+0800][info] GC(349) Concurrent Preclean 1.667ms
[2024-10-12T10:22:59.531+0800][info] GC(349) Pause Remark
[2024-10-12T10:22:59.533+0800][info] GC(349) Pause Remark 111M->111M(128M) 1.578ms
[2024-10-12T10:22:59.533+0800][info] GC(349) User=0.00s Sys=0.00s Real=0.00s
[2024-10-12T10:22:59.533+0800][info] GC(349) Concurrent Mark 7.013ms
[2024-10-12T10:22:59.533+0800][info] GC(349) Concurrent Rebuild Remembered Sets
[2024-10-12T10:22:59.535+0800][info] GC(349) Concurrent Rebuild Remembered Sets 1.641ms
[2024-10-12T10:22:59.535+0800][info] GC(349) Pause Cleanup
[2024-10-12T10:22:59.535+0800][info] GC(349) Pause Cleanup 111M->111M(128M) 0.191ms
[2024-10-12T10:22:59.535+0800][info] GC(349) User=0.00s Sys=0.00s Real=0.00s
[2024-10-12T10:22:59.535+0800][info] GC(349) Concurrent Cleanup for Next Mark
[2024-10-12T10:22:59.535+0800][info] GC(349) Concurrent Cleanup for Next Mark 0.357ms
[2024-10-12T10:22:59.535+0800][info] GC(349) Concurrent Mark Cycle 9.608ms
[2024-10-12T10:22:59.679+0800][info] GC(350) Pause Young (Prepare Mixed) (G1 Preventive Collection)
[2024-10-12T10:22:59.679+0800][info] GC(350) Using 3 workers of 48 for evacuation
[2024-10-12T10:22:59.681+0800][info] GC(350)   Pre Evacuate Collection Set: 0.1ms
[2024-10-12T10:22:59.681+0800][info] GC(350)   Merge Heap Roots: 0.1ms
[2024-10-12T10:22:59.681+0800][info] GC(350)   Evacuate Collection Set: 0.8ms
[2024-10-12T10:22:59.681+0800][info] GC(350)   Post Evacuate Collection Set: 0.2ms
[2024-10-12T10:22:59.681+0800][info] GC(350)   Other: 0.2ms
[2024-10-12T10:22:59.681+0800][info] GC(350) Eden regions: 2->0(2)
[2024-10-12T10:22:59.681+0800][info] GC(350) Survivor regions: 1->1(1)
[2024-10-12T10:22:59.681+0800][info] GC(350) Old regions: 52->53
[2024-10-12T10:22:59.681+0800][info] GC(350) Archive regions: 2->2
[2024-10-12T10:22:59.681+0800][info] GC(350) Humongous regions: 3->3
[2024-10-12T10:22:59.681+0800][info] GC(350) Metaspace: 1643K(1792K)->1643K(1792K) NonClass: 1519K(1600K)->1519K(1600K) Class: 124K(192K)->124K(192K)
[2024-10-12T10:22:59.681+0800][info] GC(350) Pause Young (Prepare Mixed) (G1 Preventive Collection) 114M->114M(128M) 1.475ms
[2024-10-12T10:22:59.681+0800][info] GC(350) User=0.00s Sys=0.00s Real=0.00s
[2024-10-12T10:22:59.742+0800][info] GC(351) Pause Young (Mixed) (G1 Preventive Collection)
[2024-10-12T10:22:59.742+0800][info] GC(351) Using 3 workers of 48 for evacuation
[2024-10-12T10:22:59.744+0800][info] GC(351)   Pre Evacuate Collection Set: 0.2ms
[2024-10-12T10:22:59.744+0800][info] GC(351)   Merge Heap Roots: 0.1ms
[2024-10-12T10:22:59.744+0800][info] GC(351)   Evacuate Collection Set: 1.1ms
[2024-10-12T10:22:59.744+0800][info] GC(351)   Post Evacuate Collection Set: 0.2ms
[2024-10-12T10:22:59.744+0800][info] GC(351)   Other: 0.2ms
[2024-10-12T10:22:59.744+0800][info] GC(351) Eden regions: 1->0(2)
[2024-10-12T10:22:59.744+0800][info] GC(351) Survivor regions: 1->1(1)
[2024-10-12T10:22:59.744+0800][info] GC(351) Old regions: 53->49
[2024-10-12T10:22:59.744+0800][info] GC(351) Archive regions: 2->2
[2024-10-12T10:22:59.744+0800][info] GC(351) Humongous regions: 3->3
[2024-10-12T10:22:59.744+0800][info] GC(351) Metaspace: 1643K(1792K)->1643K(1792K) NonClass: 1519K(1600K)->1519K(1600K) Class: 124K(192K)->124K(192K)
[2024-10-12T10:22:59.744+0800][info] GC(351) Pause Young (Mixed) (G1 Preventive Collection) 116M->106M(128M) 1.780ms
[2024-10-12T10:22:59.744+0800][info] GC(351) User=0.01s Sys=0.00s Real=0.00s
[2024-10-12T10:22:59.846+0800][info] GC(352) Pause Young (Mixed) (G1 Evacuation Pause)
[2024-10-12T10:22:59.846+0800][info] GC(352) Using 3 workers of 48 for evacuation
[2024-10-12T10:22:59.848+0800][info] GC(352)   Pre Evacuate Collection Set: 0.2ms
[2024-10-12T10:22:59.848+0800][info] GC(352)   Merge Heap Roots: 0.1ms
[2024-10-12T10:22:59.848+0800][info] GC(352)   Evacuate Collection Set: 1.7ms
[2024-10-12T10:22:59.848+0800][info] GC(352)   Post Evacuate Collection Set: 0.2ms
[2024-10-12T10:22:59.848+0800][info] GC(352)   Other: 0.1ms
[2024-10-12T10:22:59.848+0800][info] GC(352) Eden regions: 2->0(2)
[2024-10-12T10:22:59.849+0800][info] GC(352) Survivor regions: 1->1(1)
[2024-10-12T10:22:59.849+0800][info] GC(352) Old regions: 49->48
[2024-10-12T10:22:59.849+0800][info] GC(352) Archive regions: 2->2
[2024-10-12T10:22:59.849+0800][info] GC(352) Humongous regions: 3->3
[2024-10-12T10:22:59.849+0800][info] GC(352) Metaspace: 1643K(1792K)->1643K(1792K) NonClass: 1519K(1600K)->1519K(1600K) Class: 124K(192K)->124K(192K)
[2024-10-12T10:22:59.849+0800][info] GC(352) Pause Young (Mixed) (G1 Evacuation Pause) 110M->103M(128M) 2.426ms
[2024-10-12T10:22:59.849+0800][info] GC(352) User=0.00s Sys=0.00s Real=0.00s
[2024-10-12T10:22:59.951+0800][info] GC(353) Pause Young (Mixed) (G1 Evacuation Pause)
[2024-10-12T10:22:59.951+0800][info] GC(353) Using 3 workers of 48 for evacuation
[2024-10-12T10:22:59.953+0800][info] GC(353)   Pre Evacuate Collection Set: 0.2ms
[2024-10-12T10:22:59.953+0800][info] GC(353)   Merge Heap Roots: 0.1ms
[2024-10-12T10:22:59.954+0800][info] GC(353)   Evacuate Collection Set: 1.7ms
[2024-10-12T10:22:59.954+0800][info] GC(353)   Post Evacuate Collection Set: 0.2ms
[2024-10-12T10:22:59.954+0800][info] GC(353)   Other: 0.1ms
[2024-10-12T10:22:59.954+0800][info] GC(353) Eden regions: 2->0(2)
[2024-10-12T10:22:59.954+0800][info] GC(353) Survivor regions: 1->1(1)
[2024-10-12T10:22:59.954+0800][info] GC(353) Old regions: 48->47
[2024-10-12T10:22:59.954+0800][info] GC(353) Archive regions: 2->2
[2024-10-12T10:22:59.954+0800][info] GC(353) Humongous regions: 3->3
[2024-10-12T10:22:59.954+0800][info] GC(353) Metaspace: 1643K(1792K)->1643K(1792K) NonClass: 1519K(1600K)->1519K(1600K) Class: 124K(192K)->124K(192K)
[2024-10-12T10:22:59.954+0800][info] GC(353) Pause Young (Mixed) (G1 Evacuation Pause) 107M->101M(128M) 2.411ms
[2024-10-12T10:22:59.954+0800][info] GC(353) User=0.01s Sys=0.00s Real=0.01s
[2024-10-12T10:23:00.056+0800][info] GC(354) Pause Young (Mixed) (G1 Evacuation Pause)
[2024-10-12T10:23:00.056+0800][info] GC(354) Using 3 workers of 48 for evacuation
[2024-10-12T10:23:00.058+0800][info] GC(354)   Pre Evacuate Collection Set: 0.2ms
[2024-10-12T10:23:00.058+0800][info] GC(354)   Merge Heap Roots: 0.1ms
[2024-10-12T10:23:00.058+0800][info] GC(354)   Evacuate Collection Set: 2.0ms
[2024-10-12T10:23:00.058+0800][info] GC(354)   Post Evacuate Collection Set: 0.2ms
[2024-10-12T10:23:00.058+0800][info] GC(354)   Other: 0.1ms
[2024-10-12T10:23:00.059+0800][info] GC(354) Eden regions: 2->0(2)
[2024-10-12T10:23:00.059+0800][info] GC(354) Survivor regions: 1->1(1)
[2024-10-12T10:23:00.059+0800][info] GC(354) Old regions: 47->47
[2024-10-12T10:23:00.059+0800][info] GC(354) Archive regions: 2->2
[2024-10-12T10:23:00.059+0800][info] GC(354) Humongous regions: 3->3
[2024-10-12T10:23:00.059+0800][info] GC(354) Metaspace: 1643K(1792K)->1643K(1792K) NonClass: 1519K(1600K)->1519K(1600K) Class: 124K(192K)->124K(192K)
[2024-10-12T10:23:00.059+0800][info] GC(354) Pause Young (Mixed) (G1 Evacuation Pause) 104M->101M(128M) 2.778ms
[2024-10-12T10:23:00.059+0800][info] GC(354) User=0.01s Sys=0.00s Real=0.00s
[2024-10-12T10:23:00.161+0800][info] GC(355) Pause Young (Mixed) (G1 Evacuation Pause)
[2024-10-12T10:23:00.161+0800][info] GC(355) Using 3 workers of 48 for evacuation
[2024-10-12T10:23:00.163+0800][info] GC(355)   Pre Evacuate Collection Set: 0.2ms
[2024-10-12T10:23:00.163+0800][info] GC(355)   Merge Heap Roots: 0.0ms
[2024-10-12T10:23:00.163+0800][info] GC(355)   Evacuate Collection Set: 1.4ms
[2024-10-12T10:23:00.163+0800][info] GC(355)   Post Evacuate Collection Set: 0.2ms
[2024-10-12T10:23:00.163+0800][info] GC(355)   Other: 0.1ms
[2024-10-12T10:23:00.163+0800][info] GC(355) Eden regions: 2->0(2)
[2024-10-12T10:23:00.163+0800][info] GC(355) Survivor regions: 1->1(1)
[2024-10-12T10:23:00.163+0800][info] GC(355) Old regions: 47->47
[2024-10-12T10:23:00.163+0800][info] GC(355) Archive regions: 2->2
[2024-10-12T10:23:00.163+0800][info] GC(355) Humongous regions: 3->3
[2024-10-12T10:23:00.163+0800][info] GC(355) Metaspace: 1643K(1792K)->1643K(1792K) NonClass: 1519K(1600K)->1519K(1600K) Class: 124K(192K)->124K(192K)
[2024-10-12T10:23:00.163+0800][info] GC(355) Pause Young (Mixed) (G1 Evacuation Pause) 105M->102M(128M) 2.045ms
[2024-10-12T10:23:00.163+0800][info] GC(355) User=0.00s Sys=0.00s Real=0.00s
[2024-10-12T10:23:00.265+0800][info] GC(356) Pause Young (Normal) (G1 Evacuation Pause)
[2024-10-12T10:23:00.265+0800][info] GC(356) Using 3 workers of 48 for evacuation
[2024-10-12T10:23:00.266+0800][info] GC(356)   Pre Evacuate Collection Set: 0.1ms
[2024-10-12T10:23:00.267+0800][info] GC(356)   Merge Heap Roots: 0.0ms
[2024-10-12T10:23:00.267+0800][info] GC(356)   Evacuate Collection Set: 0.6ms
[2024-10-12T10:23:00.267+0800][info] GC(356)   Post Evacuate Collection Set: 0.2ms
[2024-10-12T10:23:00.267+0800][info] GC(356)   Other: 0.2ms
[2024-10-12T10:23:00.267+0800][info] GC(356) Eden regions: 2->0(2)
[2024-10-12T10:23:00.267+0800][info] GC(356) Survivor regions: 1->1(1)
[2024-10-12T10:23:00.267+0800][info] GC(356) Old regions: 47->49
[2024-10-12T10:23:00.267+0800][info] GC(356) Archive regions: 2->2
[2024-10-12T10:23:00.267+0800][info] GC(356) Humongous regions: 3->3
[2024-10-12T10:23:00.267+0800][info] GC(356) Metaspace: 1643K(1792K)->1643K(1792K) NonClass: 1519K(1600K)->1519K(1600K) Class: 124K(192K)->124K(192K)
[2024-10-12T10:23:00.267+0800][info] GC(356) Pause Young (Normal) (G1 Evacuation Pause) 106M->105M(128M) 1.254ms
[2024-10-12T10:23:00.267+0800][info] GC(356) User=0.00s Sys=0.00s Real=0.00s
[2024-10-12T10:23:00.267+0800][info] GC(357) Pause Young (Concurrent Start) (G1 Humongous Allocation)
[2024-10-12T10:23:00.267+0800][info] GC(357) Using 3 workers of 48 for evacuation
[2024-10-12T10:23:00.268+0800][info] GC(357)   Pre Evacuate Collection Set: 0.0ms
[2024-10-12T10:23:00.268+0800][info] GC(357)   Merge Heap Roots: 0.0ms
[2024-10-12T10:23:00.268+0800][info] GC(357)   Evacuate Collection Set: 0.4ms
[2024-10-12T10:23:00.268+0800][info] GC(357)   Post Evacuate Collection Set: 0.2ms
[2024-10-12T10:23:00.268+0800][info] GC(357)   Other: 0.3ms
[2024-10-12T10:23:00.268+0800][info] GC(357) Eden regions: 1->0(2)
[2024-10-12T10:23:00.268+0800][info] GC(357) Survivor regions: 1->1(1)
[2024-10-12T10:23:00.268+0800][info] GC(357) Old regions: 49->50
[2024-10-12T10:23:00.268+0800][info] GC(357) Archive regions: 2->2
[2024-10-12T10:23:00.268+0800][info] GC(357) Humongous regions: 3->3
[2024-10-12T10:23:00.268+0800][info] GC(357) Metaspace: 1643K(1792K)->1643K(1792K) NonClass: 1519K(1600K)->1519K(1600K) Class: 124K(192K)->124K(192K)
[2024-10-12T10:23:00.268+0800][info] GC(357) Pause Young (Concurrent Start) (G1 Humongous Allocation) 105M->105M(128M) 1.093ms
[2024-10-12T10:23:00.268+0800][info] GC(357) User=0.00s Sys=0.00s Real=0.00s
[2024-10-12T10:23:00.268+0800][info] GC(358) Concurrent Mark Cycle
[2024-10-12T10:23:00.268+0800][info] GC(358) Concurrent Clear Claimed Marks
[2024-10-12T10:23:00.268+0800][info] GC(358) Concurrent Clear Claimed Marks 0.015ms
[2024-10-12T10:23:00.268+0800][info] GC(358) Concurrent Scan Root Regions
[2024-10-12T10:23:00.268+0800][info] GC(358) Concurrent Scan Root Regions 0.150ms
[2024-10-12T10:23:00.268+0800][info] GC(358) Concurrent Mark
[2024-10-12T10:23:00.268+0800][info] GC(358) Concurrent Mark From Roots
[2024-10-12T10:23:00.268+0800][info] GC(358) Using 12 workers of 12 for marking
[2024-10-12T10:23:00.272+0800][info] GC(358) Concurrent Mark From Roots 3.295ms
[2024-10-12T10:23:00.272+0800][info] GC(358) Concurrent Preclean
[2024-10-12T10:23:00.273+0800][info] GC(358) Concurrent Preclean 1.715ms
[2024-10-12T10:23:00.273+0800][info] GC(358) Pause Remark
[2024-10-12T10:23:00.275+0800][info] GC(358) Pause Remark 107M->107M(128M) 1.469ms
[2024-10-12T10:23:00.275+0800][info] GC(358) User=0.00s Sys=0.01s Real=0.00s
[2024-10-12T10:23:00.275+0800][info] GC(358) Concurrent Mark 6.648ms
[2024-10-12T10:23:00.275+0800][info] GC(358) Concurrent Rebuild Remembered Sets
[2024-10-12T10:23:00.277+0800][info] GC(358) Concurrent Rebuild Remembered Sets 1.726ms
[2024-10-12T10:23:00.277+0800][info] GC(358) Pause Cleanup
[2024-10-12T10:23:00.277+0800][info] GC(358) Pause Cleanup 107M->107M(128M) 0.187ms
[2024-10-12T10:23:00.277+0800][info] GC(358) User=0.00s Sys=0.00s Real=0.00s
[2024-10-12T10:23:00.277+0800][info] GC(358) Concurrent Cleanup for Next Mark
[2024-10-12T10:23:00.277+0800][info] GC(358) Concurrent Cleanup for Next Mark 0.402ms
[2024-10-12T10:23:00.277+0800][info] GC(358) Concurrent Mark Cycle 9.454ms
[2024-10-12T10:23:00.442+0800][info] GC(359) Pause Young (Prepare Mixed) (G1 Evacuation Pause)
[2024-10-12T10:23:00.442+0800][info] GC(359) Using 3 workers of 48 for evacuation
[2024-10-12T10:23:00.443+0800][info] GC(359)   Pre Evacuate Collection Set: 0.1ms
[2024-10-12T10:23:00.443+0800][info] GC(359)   Merge Heap Roots: 0.1ms
[2024-10-12T10:23:00.444+0800][info] GC(359)   Evacuate Collection Set: 0.7ms
[2024-10-12T10:23:00.444+0800][info] GC(359)   Post Evacuate Collection Set: 0.2ms
[2024-10-12T10:23:00.444+0800][info] GC(359)   Other: 0.2ms
[2024-10-12T10:23:00.444+0800][info] GC(359) Eden regions: 2->0(2)
[2024-10-12T10:23:00.444+0800][info] GC(359) Survivor regions: 1->1(1)
[2024-10-12T10:23:00.444+0800][info] GC(359) Old regions: 50->51
[2024-10-12T10:23:00.444+0800][info] GC(359) Archive regions: 2->2
[2024-10-12T10:23:00.444+0800][info] GC(359) Humongous regions: 4->3
[2024-10-12T10:23:00.444+0800][info] GC(359) Metaspace: 1652K(1856K)->1652K(1856K) NonClass: 1528K(1664K)->1528K(1664K) Class: 124K(192K)->124K(192K)
[2024-10-12T10:23:00.444+0800][info] GC(359) Pause Young (Prepare Mixed) (G1 Evacuation Pause) 111M->109M(128M) 1.427ms
[2024-10-12T10:23:00.444+0800][info] GC(359) User=0.01s Sys=0.00s Real=0.00s
[2024-10-12T10:23:00.546+0800][info] GC(360) Pause Young (Mixed) (G1 Preventive Collection)
[2024-10-12T10:23:00.546+0800][info] GC(360) Using 3 workers of 48 for evacuation
[2024-10-12T10:23:00.548+0800][info] GC(360) To-space exhausted
[2024-10-12T10:23:00.548+0800][info] GC(360)   Pre Evacuate Collection Set: 0.2ms
[2024-10-12T10:23:00.548+0800][info] GC(360)   Merge Heap Roots: 0.0ms
[2024-10-12T10:23:00.548+0800][info] GC(360)   Evacuate Collection Set: 1.3ms
[2024-10-12T10:23:00.548+0800][info] GC(360)   Post Evacuate Collection Set: 0.2ms
[2024-10-12T10:23:00.548+0800][info] GC(360)   Other: 0.2ms
[2024-10-12T10:23:00.548+0800][info] GC(360) Eden regions: 2->0(2)
[2024-10-12T10:23:00.548+0800][info] GC(360) Survivor regions: 1->1(1)
[2024-10-12T10:23:00.548+0800][info] GC(360) Old regions: 51->49
[2024-10-12T10:23:00.548+0800][info] GC(360) Archive regions: 2->2
[2024-10-12T10:23:00.548+0800][info] GC(360) Humongous regions: 3->3
[2024-10-12T10:23:00.548+0800][info] GC(360) Metaspace: 1652K(1856K)->1652K(1856K) NonClass: 1528K(1664K)->1528K(1664K) Class: 124K(192K)->124K(192K)
[2024-10-12T10:23:00.548+0800][info] GC(360) Pause Young (Mixed) (G1 Preventive Collection) 113M->107M(128M) 2.008ms
[2024-10-12T10:23:00.548+0800][info] GC(360) User=0.00s Sys=0.00s Real=0.00s
[2024-10-12T10:23:00.650+0800][info] GC(361) Pause Young (Mixed) (G1 Preventive Collection)
[2024-10-12T10:23:00.650+0800][info] GC(361) Using 3 workers of 48 for evacuation
[2024-10-12T10:23:00.652+0800][info] GC(361)   Pre Evacuate Collection Set: 0.2ms
[2024-10-12T10:23:00.652+0800][info] GC(361)   Merge Heap Roots: 0.0ms
[2024-10-12T10:23:00.652+0800][info] GC(361)   Evacuate Collection Set: 1.5ms
[2024-10-12T10:23:00.652+0800][info] GC(361)   Post Evacuate Collection Set: 0.2ms
[2024-10-12T10:23:00.652+0800][info] GC(361)   Other: 0.1ms
[2024-10-12T10:23:00.652+0800][info] GC(361) Eden regions: 2->0(2)
[2024-10-12T10:23:00.652+0800][info] GC(361) Survivor regions: 1->1(1)
[2024-10-12T10:23:00.652+0800][info] GC(361) Old regions: 49->48
[2024-10-12T10:23:00.653+0800][info] GC(361) Archive regions: 2->2
[2024-10-12T10:23:00.653+0800][info] GC(361) Humongous regions: 3->3
[2024-10-12T10:23:00.653+0800][info] GC(361) Metaspace: 1652K(1856K)->1652K(1856K) NonClass: 1528K(1664K)->1528K(1664K) Class: 124K(192K)->124K(192K)
[2024-10-12T10:23:00.653+0800][info] GC(361) Pause Young (Mixed) (G1 Preventive Collection) 110M->103M(128M) 2.188ms
[2024-10-12T10:23:00.653+0800][info] GC(361) User=0.00s Sys=0.00s Real=0.00s
[2024-10-12T10:23:00.755+0800][info] GC(362) Pause Young (Mixed) (G1 Evacuation Pause)
[2024-10-12T10:23:00.755+0800][info] GC(362) Using 3 workers of 48 for evacuation
[2024-10-12T10:23:00.758+0800][info] GC(362)   Pre Evacuate Collection Set: 0.2ms
[2024-10-12T10:23:00.758+0800][info] GC(362)   Merge Heap Roots: 0.1ms
[2024-10-12T10:23:00.758+0800][info] GC(362)   Evacuate Collection Set: 1.9ms
[2024-10-12T10:23:00.758+0800][info] GC(362)   Post Evacuate Collection Set: 0.2ms
[2024-10-12T10:23:00.758+0800][info] GC(362)   Other: 0.1ms
[2024-10-12T10:23:00.758+0800][info] GC(362) Eden regions: 2->0(2)
[2024-10-12T10:23:00.758+0800][info] GC(362) Survivor regions: 1->1(1)
[2024-10-12T10:23:00.758+0800][info] GC(362) Old regions: 48->46
[2024-10-12T10:23:00.758+0800][info] GC(362) Archive regions: 2->2
[2024-10-12T10:23:00.758+0800][info] GC(362) Humongous regions: 3->3
[2024-10-12T10:23:00.758+0800][info] GC(362) Metaspace: 1652K(1856K)->1652K(1856K) NonClass: 1528K(1664K)->1528K(1664K) Class: 124K(192K)->124K(192K)
[2024-10-12T10:23:00.758+0800][info] GC(362) Pause Young (Mixed) (G1 Evacuation Pause) 106M->100M(128M) 2.582ms
[2024-10-12T10:23:00.758+0800][info] GC(362) User=0.00s Sys=0.00s Real=0.00s
[2024-10-12T10:23:00.860+0800][info] GC(363) Pause Young (Mixed) (G1 Evacuation Pause)
[2024-10-12T10:23:00.860+0800][info] GC(363) Using 3 workers of 48 for evacuation
[2024-10-12T10:23:00.863+0800][info] GC(363)   Pre Evacuate Collection Set: 0.2ms
[2024-10-12T10:23:00.863+0800][info] GC(363)   Merge Heap Roots: 0.1ms
[2024-10-12T10:23:00.863+0800][info] GC(363)   Evacuate Collection Set: 2.1ms
[2024-10-12T10:23:00.863+0800][info] GC(363)   Post Evacuate Collection Set: 0.2ms
[2024-10-12T10:23:00.863+0800][info] GC(363)   Other: 0.1ms
[2024-10-12T10:23:00.863+0800][info] GC(363) Eden regions: 2->0(2)
[2024-10-12T10:23:00.863+0800][info] GC(363) Survivor regions: 1->1(1)
[2024-10-12T10:23:00.863+0800][info] GC(363) Old regions: 46->46
[2024-10-12T10:23:00.863+0800][info] GC(363) Archive regions: 2->2
[2024-10-12T10:23:00.863+0800][info] GC(363) Humongous regions: 3->3
[2024-10-12T10:23:00.863+0800][info] GC(363) Metaspace: 1652K(1856K)->1652K(1856K) NonClass: 1528K(1664K)->1528K(1664K) Class: 124K(192K)->124K(192K)
[2024-10-12T10:23:00.863+0800][info] GC(363) Pause Young (Mixed) (G1 Evacuation Pause) 103M->100M(128M) 2.762ms
[2024-10-12T10:23:00.863+0800][info] GC(363) User=0.01s Sys=0.00s Real=0.00s
[2024-10-12T10:23:00.966+0800][info] GC(364) Pause Young (Normal) (G1 Evacuation Pause)
[2024-10-12T10:23:00.966+0800][info] GC(364) Using 3 workers of 48 for evacuation
[2024-10-12T10:23:00.967+0800][info] GC(364)   Pre Evacuate Collection Set: 0.1ms
[2024-10-12T10:23:00.967+0800][info] GC(364)   Merge Heap Roots: 0.1ms
[2024-10-12T10:23:00.967+0800][info] GC(364)   Evacuate Collection Set: 0.7ms
[2024-10-12T10:23:00.967+0800][info] GC(364)   Post Evacuate Collection Set: 0.2ms
[2024-10-12T10:23:00.967+0800][info] GC(364)   Other: 0.2ms
[2024-10-12T10:23:00.967+0800][info] GC(364) Eden regions: 2->0(2)
[2024-10-12T10:23:00.967+0800][info] GC(364) Survivor regions: 1->1(1)
[2024-10-12T10:23:00.967+0800][info] GC(364) Old regions: 46->48
[2024-10-12T10:23:00.967+0800][info] GC(364) Archive regions: 2->2
[2024-10-12T10:23:00.967+0800][info] GC(364) Humongous regions: 3->3
[2024-10-12T10:23:00.967+0800][info] GC(364) Metaspace: 1652K(1856K)->1652K(1856K) NonClass: 1528K(1664K)->1528K(1664K) Class: 124K(192K)->124K(192K)
[2024-10-12T10:23:00.967+0800][info] GC(364) Pause Young (Normal) (G1 Evacuation Pause) 104M->104M(128M) 1.305ms
[2024-10-12T10:23:00.967+0800][info] GC(364) User=0.00s Sys=0.00s Real=0.00s
[2024-10-12T10:23:01.069+0800][info] GC(365) Pause Young (Normal) (G1 Evacuation Pause)
[2024-10-12T10:23:01.069+0800][info] GC(365) Using 3 workers of 48 for evacuation
[2024-10-12T10:23:01.070+0800][info] GC(365)   Pre Evacuate Collection Set: 0.1ms
[2024-10-12T10:23:01.070+0800][info] GC(365)   Merge Heap Roots: 0.0ms
[2024-10-12T10:23:01.070+0800][info] GC(365)   Evacuate Collection Set: 0.6ms
[2024-10-12T10:23:01.070+0800][info] GC(365)   Post Evacuate Collection Set: 0.2ms
[2024-10-12T10:23:01.070+0800][info] GC(365)   Other: 0.2ms
[2024-10-12T10:23:01.070+0800][info] GC(365) Eden regions: 2->0(2)
[2024-10-12T10:23:01.070+0800][info] GC(365) Survivor regions: 1->1(1)
[2024-10-12T10:23:01.070+0800][info] GC(365) Old regions: 48->50
[2024-10-12T10:23:01.070+0800][info] GC(365) Archive regions: 2->2
[2024-10-12T10:23:01.070+0800][info] GC(365) Humongous regions: 3->3
[2024-10-12T10:23:01.070+0800][info] GC(365) Metaspace: 1652K(1856K)->1652K(1856K) NonClass: 1528K(1664K)->1528K(1664K) Class: 124K(192K)->124K(192K)
[2024-10-12T10:23:01.070+0800][info] GC(365) Pause Young (Normal) (G1 Evacuation Pause) 107M->107M(128M) 1.280ms
[2024-10-12T10:23:01.070+0800][info] GC(365) User=0.00s Sys=0.00s Real=0.00s
[2024-10-12T10:23:01.173+0800][info] GC(366) Pause Young (Concurrent Start) (G1 Evacuation Pause)
[2024-10-12T10:23:01.173+0800][info] GC(366) Using 3 workers of 48 for evacuation
[2024-10-12T10:23:01.174+0800][info] GC(366)   Pre Evacuate Collection Set: 0.1ms
[2024-10-12T10:23:01.174+0800][info] GC(366)   Merge Heap Roots: 0.0ms
[2024-10-12T10:23:01.174+0800][info] GC(366)   Evacuate Collection Set: 0.7ms
[2024-10-12T10:23:01.174+0800][info] GC(366)   Post Evacuate Collection Set: 0.2ms
[2024-10-12T10:23:01.174+0800][info] GC(366)   Other: 0.3ms
[2024-10-12T10:23:01.174+0800][info] GC(366) Eden regions: 2->0(2)
[2024-10-12T10:23:01.174+0800][info] GC(366) Survivor regions: 1->1(1)
[2024-10-12T10:23:01.174+0800][info] GC(366) Old regions: 50->51
[2024-10-12T10:23:01.174+0800][info] GC(366) Archive regions: 2->2
[2024-10-12T10:23:01.174+0800][info] GC(366) Humongous regions: 3->3
[2024-10-12T10:23:01.174+0800][info] GC(366) Metaspace: 1652K(1856K)->1652K(1856K) NonClass: 1528K(1664K)->1528K(1664K) Class: 124K(192K)->124K(192K)
[2024-10-12T10:23:01.174+0800][info] GC(366) Pause Young (Concurrent Start) (G1 Evacuation Pause) 111M->110M(128M) 1.509ms
[2024-10-12T10:23:01.174+0800][info] GC(366) User=0.00s Sys=0.00s Real=0.01s
[2024-10-12T10:23:01.175+0800][info] GC(367) Concurrent Mark Cycle
[2024-10-12T10:23:01.175+0800][info] GC(367) Concurrent Clear Claimed Marks
[2024-10-12T10:23:01.175+0800][info] GC(367) Concurrent Clear Claimed Marks 0.015ms
[2024-10-12T10:23:01.175+0800][info] GC(367) Concurrent Scan Root Regions
[2024-10-12T10:23:01.175+0800][info] GC(367) Concurrent Scan Root Regions 0.147ms
[2024-10-12T10:23:01.175+0800][info] GC(367) Concurrent Mark
[2024-10-12T10:23:01.175+0800][info] GC(367) Concurrent Mark From Roots
[2024-10-12T10:23:01.175+0800][info] GC(367) Using 12 workers of 12 for marking
[2024-10-12T10:23:01.178+0800][info] GC(367) Concurrent Mark From Roots 3.327ms
[2024-10-12T10:23:01.178+0800][info] GC(367) Concurrent Preclean
[2024-10-12T10:23:01.180+0800][info] GC(367) Concurrent Preclean 1.676ms
[2024-10-12T10:23:01.180+0800][info] GC(367) Pause Remark
[2024-10-12T10:23:01.181+0800][info] GC(367) Pause Remark 111M->111M(128M) 1.467ms
[2024-10-12T10:23:01.181+0800][info] GC(367) User=0.00s Sys=0.00s Real=0.00s
[2024-10-12T10:23:01.181+0800][info] GC(367) Concurrent Mark 6.623ms
[2024-10-12T10:23:01.181+0800][info] GC(367) Concurrent Rebuild Remembered Sets
[2024-10-12T10:23:01.182+0800][info] GC(367) Concurrent Rebuild Remembered Sets 1.089ms
[2024-10-12T10:23:01.183+0800][info] GC(367) Pause Cleanup
[2024-10-12T10:23:01.183+0800][info] GC(367) Pause Cleanup 111M->111M(128M) 0.203ms
[2024-10-12T10:23:01.183+0800][info] GC(367) User=0.00s Sys=0.00s Real=0.00s
[2024-10-12T10:23:01.183+0800][info] GC(367) Concurrent Cleanup for Next Mark
[2024-10-12T10:23:01.183+0800][info] GC(367) Concurrent Cleanup for Next Mark 0.402ms
[2024-10-12T10:23:01.183+0800][info] GC(367) Concurrent Mark Cycle 8.764ms
[2024-10-12T10:23:01.328+0800][info] GC(368) Pause Young (Prepare Mixed) (G1 Evacuation Pause)
[2024-10-12T10:23:01.328+0800][info] GC(368) Using 3 workers of 48 for evacuation
[2024-10-12T10:23:01.329+0800][info] GC(368)   Pre Evacuate Collection Set: 0.1ms
[2024-10-12T10:23:01.329+0800][info] GC(368)   Merge Heap Roots: 0.1ms
[2024-10-12T10:23:01.329+0800][info] GC(368)   Evacuate Collection Set: 0.8ms
[2024-10-12T10:23:01.329+0800][info] GC(368)   Post Evacuate Collection Set: 0.2ms
[2024-10-12T10:23:01.329+0800][info] GC(368)   Other: 0.2ms
[2024-10-12T10:23:01.329+0800][info] GC(368) Eden regions: 2->0(2)
[2024-10-12T10:23:01.329+0800][info] GC(368) Survivor regions: 1->1(1)
[2024-10-12T10:23:01.329+0800][info] GC(368) Old regions: 51->53
[2024-10-12T10:23:01.329+0800][info] GC(368) Archive regions: 2->2
[2024-10-12T10:23:01.329+0800][info] GC(368) Humongous regions: 3->3
[2024-10-12T10:23:01.329+0800][info] GC(368) Metaspace: 1653K(1856K)->1653K(1856K) NonClass: 1529K(1664K)->1529K(1664K) Class: 124K(192K)->124K(192K)
[2024-10-12T10:23:01.329+0800][info] GC(368) Pause Young (Prepare Mixed) (G1 Evacuation Pause) 114M->114M(128M) 1.486ms
[2024-10-12T10:23:01.329+0800][info] GC(368) User=0.00s Sys=0.00s Real=0.00s
[2024-10-12T10:23:01.391+0800][info] GC(369) Pause Young (Mixed) (G1 Preventive Collection)
[2024-10-12T10:23:01.391+0800][info] GC(369) Using 3 workers of 48 for evacuation
[2024-10-12T10:23:01.392+0800][info] GC(369)   Pre Evacuate Collection Set: 0.2ms
[2024-10-12T10:23:01.392+0800][info] GC(369)   Merge Heap Roots: 0.0ms
[2024-10-12T10:23:01.392+0800][info] GC(369)   Evacuate Collection Set: 1.0ms
[2024-10-12T10:23:01.392+0800][info] GC(369)   Post Evacuate Collection Set: 0.2ms
[2024-10-12T10:23:01.392+0800][info] GC(369)   Other: 0.2ms
[2024-10-12T10:23:01.392+0800][info] GC(369) Eden regions: 1->0(2)
[2024-10-12T10:23:01.392+0800][info] GC(369) Survivor regions: 1->1(1)
[2024-10-12T10:23:01.392+0800][info] GC(369) Old regions: 53->49
[2024-10-12T10:23:01.392+0800][info] GC(369) Archive regions: 2->2
[2024-10-12T10:23:01.392+0800][info] GC(369) Humongous regions: 3->3
[2024-10-12T10:23:01.392+0800][info] GC(369) Metaspace: 1653K(1856K)->1653K(1856K) NonClass: 1529K(1664K)->1529K(1664K) Class: 124K(192K)->124K(192K)
[2024-10-12T10:23:01.392+0800][info] GC(369) Pause Young (Mixed) (G1 Preventive Collection) 116M->105M(128M) 1.747ms
[2024-10-12T10:23:01.392+0800][info] GC(369) User=0.00s Sys=0.00s Real=0.00s
[2024-10-12T10:23:01.495+0800][info] GC(370) Pause Young (Mixed) (G1 Evacuation Pause)
[2024-10-12T10:23:01.495+0800][info] GC(370) Using 3 workers of 48 for evacuation
[2024-10-12T10:23:01.497+0800][info] GC(370)   Pre Evacuate Collection Set: 0.1ms
[2024-10-12T10:23:01.497+0800][info] GC(370)   Merge Heap Roots: 0.1ms
[2024-10-12T10:23:01.497+0800][info] GC(370)   Evacuate Collection Set: 1.7ms
[2024-10-12T10:23:01.497+0800][info] GC(370)   Post Evacuate Collection Set: 0.2ms
[2024-10-12T10:23:01.497+0800][info] GC(370)   Other: 0.1ms
[2024-10-12T10:23:01.497+0800][info] GC(370) Eden regions: 2->0(2)
[2024-10-12T10:23:01.497+0800][info] GC(370) Survivor regions: 1->1(1)
[2024-10-12T10:23:01.497+0800][info] GC(370) Old regions: 49->47
[2024-10-12T10:23:01.497+0800][info] GC(370) Archive regions: 2->2
[2024-10-12T10:23:01.497+0800][info] GC(370) Humongous regions: 3->3
[2024-10-12T10:23:01.497+0800][info] GC(370) Metaspace: 1653K(1856K)->1653K(1856K) NonClass: 1529K(1664K)->1529K(1664K) Class: 124K(192K)->124K(192K)
[2024-10-12T10:23:01.497+0800][info] GC(370) Pause Young (Mixed) (G1 Evacuation Pause) 109M->102M(128M) 2.324ms
[2024-10-12T10:23:01.497+0800][info] GC(370) User=0.01s Sys=0.00s Real=0.00s
[2024-10-12T10:23:01.599+0800][info] GC(371) Pause Young (Mixed) (G1 Evacuation Pause)
[2024-10-12T10:23:01.599+0800][info] GC(371) Using 3 workers of 48 for evacuation
[2024-10-12T10:23:01.602+0800][info] GC(371)   Pre Evacuate Collection Set: 0.2ms
[2024-10-12T10:23:01.602+0800][info] GC(371)   Merge Heap Roots: 0.0ms
[2024-10-12T10:23:01.602+0800][info] GC(371)   Evacuate Collection Set: 1.7ms
[2024-10-12T10:23:01.602+0800][info] GC(371)   Post Evacuate Collection Set: 0.2ms
[2024-10-12T10:23:01.602+0800][info] GC(371)   Other: 0.1ms
[2024-10-12T10:23:01.602+0800][info] GC(371) Eden regions: 2->0(2)
[2024-10-12T10:23:01.602+0800][info] GC(371) Survivor regions: 1->1(1)
[2024-10-12T10:23:01.602+0800][info] GC(371) Old regions: 47->46
[2024-10-12T10:23:01.602+0800][info] GC(371) Archive regions: 2->2
[2024-10-12T10:23:01.602+0800][info] GC(371) Humongous regions: 3->3
[2024-10-12T10:23:01.602+0800][info] GC(371) Metaspace: 1653K(1856K)->1653K(1856K) NonClass: 1529K(1664K)->1529K(1664K) Class: 124K(192K)->124K(192K)
[2024-10-12T10:23:01.602+0800][info] GC(371) Pause Young (Mixed) (G1 Evacuation Pause) 105M->99M(128M) 2.369ms
[2024-10-12T10:23:01.602+0800][info] GC(371) User=0.01s Sys=0.00s Real=0.00s
[2024-10-12T10:23:01.704+0800][info] GC(372) Pause Young (Mixed) (G1 Evacuation Pause)
[2024-10-12T10:23:01.704+0800][info] GC(372) Using 3 workers of 48 for evacuation
[2024-10-12T10:23:01.707+0800][info] GC(372)   Pre Evacuate Collection Set: 0.2ms
[2024-10-12T10:23:01.707+0800][info] GC(372)   Merge Heap Roots: 0.1ms
[2024-10-12T10:23:01.707+0800][info] GC(372)   Evacuate Collection Set: 1.8ms
[2024-10-12T10:23:01.707+0800][info] GC(372)   Post Evacuate Collection Set: 0.2ms
[2024-10-12T10:23:01.707+0800][info] GC(372)   Other: 0.1ms
[2024-10-12T10:23:01.707+0800][info] GC(372) Eden regions: 2->0(2)
[2024-10-12T10:23:01.707+0800][info] GC(372) Survivor regions: 1->1(1)
[2024-10-12T10:23:01.707+0800][info] GC(372) Old regions: 46->45
[2024-10-12T10:23:01.707+0800][info] GC(372) Archive regions: 2->2
[2024-10-12T10:23:01.707+0800][info] GC(372) Humongous regions: 3->3
[2024-10-12T10:23:01.707+0800][info] GC(372) Metaspace: 1653K(1856K)->1653K(1856K) NonClass: 1529K(1664K)->1529K(1664K) Class: 124K(192K)->124K(192K)
[2024-10-12T10:23:01.707+0800][info] GC(372) Pause Young (Mixed) (G1 Evacuation Pause) 103M->98M(128M) 2.528ms
[2024-10-12T10:23:01.707+0800][info] GC(372) User=0.00s Sys=0.00s Real=0.01s
[2024-10-12T10:23:01.809+0800][info] GC(373) Pause Young (Normal) (G1 Evacuation Pause)
[2024-10-12T10:23:01.809+0800][info] GC(373) Using 3 workers of 48 for evacuation
[2024-10-12T10:23:01.810+0800][info] GC(373)   Pre Evacuate Collection Set: 0.1ms
[2024-10-12T10:23:01.810+0800][info] GC(373)   Merge Heap Roots: 0.0ms
[2024-10-12T10:23:01.810+0800][info] GC(373)   Evacuate Collection Set: 0.7ms
[2024-10-12T10:23:01.810+0800][info] GC(373)   Post Evacuate Collection Set: 0.2ms
[2024-10-12T10:23:01.810+0800][info] GC(373)   Other: 0.2ms
[2024-10-12T10:23:01.810+0800][info] GC(373) Eden regions: 2->0(2)
[2024-10-12T10:23:01.810+0800][info] GC(373) Survivor regions: 1->1(1)
[2024-10-12T10:23:01.810+0800][info] GC(373) Old regions: 45->47
[2024-10-12T10:23:01.810+0800][info] GC(373) Archive regions: 2->2
[2024-10-12T10:23:01.810+0800][info] GC(373) Humongous regions: 3->3
[2024-10-12T10:23:01.810+0800][info] GC(373) Metaspace: 1653K(1856K)->1653K(1856K) NonClass: 1529K(1664K)->1529K(1664K) Class: 124K(192K)->124K(192K)
[2024-10-12T10:23:01.810+0800][info] GC(373) Pause Young (Normal) (G1 Evacuation Pause) 102M->102M(128M) 1.391ms
[2024-10-12T10:23:01.810+0800][info] GC(373) User=0.00s Sys=0.00s Real=0.00s
[2024-10-12T10:23:01.913+0800][info] GC(374) Pause Young (Normal) (G1 Evacuation Pause)
[2024-10-12T10:23:01.913+0800][info] GC(374) Using 3 workers of 48 for evacuation
[2024-10-12T10:23:01.914+0800][info] GC(374)   Pre Evacuate Collection Set: 0.1ms
[2024-10-12T10:23:01.914+0800][info] GC(374)   Merge Heap Roots: 0.1ms
[2024-10-12T10:23:01.914+0800][info] GC(374)   Evacuate Collection Set: 0.8ms
[2024-10-12T10:23:01.914+0800][info] GC(374)   Post Evacuate Collection Set: 0.2ms
[2024-10-12T10:23:01.914+0800][info] GC(374)   Other: 0.2ms
[2024-10-12T10:23:01.914+0800][info] GC(374) Eden regions: 2->0(2)
[2024-10-12T10:23:01.914+0800][info] GC(374) Survivor regions: 1->1(1)
[2024-10-12T10:23:01.914+0800][info] GC(374) Old regions: 47->49
[2024-10-12T10:23:01.914+0800][info] GC(374) Archive regions: 2->2
[2024-10-12T10:23:01.914+0800][info] GC(374) Humongous regions: 3->3
[2024-10-12T10:23:01.914+0800][info] GC(374) Metaspace: 1653K(1856K)->1653K(1856K) NonClass: 1529K(1664K)->1529K(1664K) Class: 124K(192K)->124K(192K)
[2024-10-12T10:23:01.914+0800][info] GC(374) Pause Young (Normal) (G1 Evacuation Pause) 105M->106M(128M) 1.523ms
[2024-10-12T10:23:01.914+0800][info] GC(374) User=0.00s Sys=0.00s Real=0.01s
[2024-10-12T10:23:02.017+0800][info] GC(375) Pause Young (Concurrent Start) (G1 Evacuation Pause)
[2024-10-12T10:23:02.017+0800][info] GC(375) Using 3 workers of 48 for evacuation
[2024-10-12T10:23:02.018+0800][info] GC(375)   Pre Evacuate Collection Set: 0.1ms
[2024-10-12T10:23:02.018+0800][info] GC(375)   Merge Heap Roots: 0.0ms
[2024-10-12T10:23:02.018+0800][info] GC(375)   Evacuate Collection Set: 0.8ms
[2024-10-12T10:23:02.018+0800][info] GC(375)   Post Evacuate Collection Set: 0.2ms
[2024-10-12T10:23:02.018+0800][info] GC(375)   Other: 0.3ms
[2024-10-12T10:23:02.018+0800][info] GC(375) Eden regions: 2->0(2)
[2024-10-12T10:23:02.018+0800][info] GC(375) Survivor regions: 1->1(1)
[2024-10-12T10:23:02.018+0800][info] GC(375) Old regions: 49->51
[2024-10-12T10:23:02.018+0800][info] GC(375) Archive regions: 2->2
[2024-10-12T10:23:02.018+0800][info] GC(375) Humongous regions: 3->3
[2024-10-12T10:23:02.018+0800][info] GC(375) Metaspace: 1653K(1856K)->1653K(1856K) NonClass: 1529K(1664K)->1529K(1664K) Class: 124K(192K)->124K(192K)
[2024-10-12T10:23:02.018+0800][info] GC(375) Pause Young (Concurrent Start) (G1 Evacuation Pause) 109M->110M(128M) 1.559ms
[2024-10-12T10:23:02.018+0800][info] GC(375) User=0.01s Sys=0.00s Real=0.00s
[2024-10-12T10:23:02.018+0800][info] GC(376) Concurrent Mark Cycle
[2024-10-12T10:23:02.018+0800][info] GC(376) Concurrent Clear Claimed Marks
[2024-10-12T10:23:02.018+0800][info] GC(376) Concurrent Clear Claimed Marks 0.015ms
[2024-10-12T10:23:02.018+0800][info] GC(376) Concurrent Scan Root Regions
[2024-10-12T10:23:02.018+0800][info] GC(376) Concurrent Scan Root Regions 0.105ms
[2024-10-12T10:23:02.018+0800][info] GC(376) Concurrent Mark
[2024-10-12T10:23:02.018+0800][info] GC(376) Concurrent Mark From Roots
[2024-10-12T10:23:02.018+0800][info] GC(376) Using 12 workers of 12 for marking
[2024-10-12T10:23:02.022+0800][info] GC(376) Concurrent Mark From Roots 3.206ms
[2024-10-12T10:23:02.022+0800][info] GC(376) Concurrent Preclean
[2024-10-12T10:23:02.023+0800][info] GC(376) Concurrent Preclean 1.693ms
[2024-10-12T10:23:02.023+0800][info] GC(376) Pause Remark
[2024-10-12T10:23:02.025+0800][info] GC(376) Pause Remark 110M->110M(128M) 1.769ms
[2024-10-12T10:23:02.025+0800][info] GC(376) User=0.01s Sys=0.00s Real=0.01s
[2024-10-12T10:23:02.025+0800][info] GC(376) Concurrent Mark 6.881ms
[2024-10-12T10:23:02.025+0800][info] GC(376) Concurrent Rebuild Remembered Sets
[2024-10-12T10:23:02.027+0800][info] GC(376) Concurrent Rebuild Remembered Sets 1.739ms
[2024-10-12T10:23:02.027+0800][info] GC(376) Pause Cleanup
[2024-10-12T10:23:02.027+0800][info] GC(376) Pause Cleanup 110M->110M(128M) 0.185ms
[2024-10-12T10:23:02.027+0800][info] GC(376) User=0.00s Sys=0.00s Real=0.00s
[2024-10-12T10:23:02.027+0800][info] GC(376) Concurrent Cleanup for Next Mark
[2024-10-12T10:23:02.028+0800][info] GC(376) Concurrent Cleanup for Next Mark 0.363ms
[2024-10-12T10:23:02.028+0800][info] GC(376) Concurrent Mark Cycle 9.611ms
[2024-10-12T10:23:02.172+0800][info] GC(377) Pause Young (Prepare Mixed) (G1 Evacuation Pause)
[2024-10-12T10:23:02.172+0800][info] GC(377) Using 3 workers of 48 for evacuation
[2024-10-12T10:23:02.173+0800][info] GC(377)   Pre Evacuate Collection Set: 0.1ms
[2024-10-12T10:23:02.173+0800][info] GC(377)   Merge Heap Roots: 0.1ms
[2024-10-12T10:23:02.173+0800][info] GC(377)   Evacuate Collection Set: 0.8ms
[2024-10-12T10:23:02.173+0800][info] GC(377)   Post Evacuate Collection Set: 0.2ms
[2024-10-12T10:23:02.173+0800][info] GC(377)   Other: 0.2ms
[2024-10-12T10:23:02.173+0800][info] GC(377) Eden regions: 2->0(2)
[2024-10-12T10:23:02.173+0800][info] GC(377) Survivor regions: 1->1(1)
[2024-10-12T10:23:02.173+0800][info] GC(377) Old regions: 51->53
[2024-10-12T10:23:02.173+0800][info] GC(377) Archive regions: 2->2
[2024-10-12T10:23:02.173+0800][info] GC(377) Humongous regions: 3->3
[2024-10-12T10:23:02.173+0800][info] GC(377) Metaspace: 1654K(1856K)->1654K(1856K) NonClass: 1529K(1664K)->1529K(1664K) Class: 124K(192K)->124K(192K)
[2024-10-12T10:23:02.173+0800][info] GC(377) Pause Young (Prepare Mixed) (G1 Evacuation Pause) 113M->113M(128M) 1.563ms
[2024-10-12T10:23:02.173+0800][info] GC(377) User=0.00s Sys=0.00s Real=0.01s
[2024-10-12T10:23:02.235+0800][info] GC(378) Pause Young (Mixed) (G1 Preventive Collection)
[2024-10-12T10:23:02.235+0800][info] GC(378) Using 3 workers of 48 for evacuation
[2024-10-12T10:23:02.236+0800][info] GC(378)   Pre Evacuate Collection Set: 0.2ms
[2024-10-12T10:23:02.236+0800][info] GC(378)   Merge Heap Roots: 0.0ms
[2024-10-12T10:23:02.236+0800][info] GC(378)   Evacuate Collection Set: 1.0ms
[2024-10-12T10:23:02.236+0800][info] GC(378)   Post Evacuate Collection Set: 0.2ms
[2024-10-12T10:23:02.236+0800][info] GC(378)   Other: 0.2ms
[2024-10-12T10:23:02.236+0800][info] GC(378) Eden regions: 1->0(2)
[2024-10-12T10:23:02.236+0800][info] GC(378) Survivor regions: 1->1(1)
[2024-10-12T10:23:02.236+0800][info] GC(378) Old regions: 53->49
[2024-10-12T10:23:02.236+0800][info] GC(378) Archive regions: 2->2
[2024-10-12T10:23:02.236+0800][info] GC(378) Humongous regions: 3->3
[2024-10-12T10:23:02.236+0800][info] GC(378) Metaspace: 1654K(1856K)->1654K(1856K) NonClass: 1529K(1664K)->1529K(1664K) Class: 124K(192K)->124K(192K)
[2024-10-12T10:23:02.236+0800][info] GC(378) Pause Young (Mixed) (G1 Preventive Collection) 115M->105M(128M) 1.658ms
[2024-10-12T10:23:02.236+0800][info] GC(378) User=0.00s Sys=0.00s Real=0.00s
[2024-10-12T10:23:02.339+0800][info] GC(379) Pause Young (Mixed) (G1 Evacuation Pause)
[2024-10-12T10:23:02.339+0800][info] GC(379) Using 3 workers of 48 for evacuation
[2024-10-12T10:23:02.341+0800][info] GC(379)   Pre Evacuate Collection Set: 0.2ms
[2024-10-12T10:23:02.341+0800][info] GC(379)   Merge Heap Roots: 0.1ms
[2024-10-12T10:23:02.341+0800][info] GC(379)   Evacuate Collection Set: 1.4ms
[2024-10-12T10:23:02.341+0800][info] GC(379)   Post Evacuate Collection Set: 0.2ms
[2024-10-12T10:23:02.341+0800][info] GC(379)   Other: 0.1ms
[2024-10-12T10:23:02.341+0800][info] GC(379) Eden regions: 2->0(2)
[2024-10-12T10:23:02.341+0800][info] GC(379) Survivor regions: 1->1(1)
[2024-10-12T10:23:02.341+0800][info] GC(379) Old regions: 49->47
[2024-10-12T10:23:02.341+0800][info] GC(379) Archive regions: 2->2
[2024-10-12T10:23:02.341+0800][info] GC(379) Humongous regions: 3->3
[2024-10-12T10:23:02.341+0800][info] GC(379) Metaspace: 1654K(1856K)->1654K(1856K) NonClass: 1530K(1664K)->1530K(1664K) Class: 124K(192K)->124K(192K)
[2024-10-12T10:23:02.341+0800][info] GC(379) Pause Young (Mixed) (G1 Evacuation Pause) 109M->101M(128M) 2.092ms
[2024-10-12T10:23:02.341+0800][info] GC(379) User=0.01s Sys=0.00s Real=0.00s
[2024-10-12T10:23:02.443+0800][info] GC(380) Pause Young (Mixed) (G1 Evacuation Pause)
[2024-10-12T10:23:02.443+0800][info] GC(380) Using 3 workers of 48 for evacuation
[2024-10-12T10:23:02.445+0800][info] GC(380)   Pre Evacuate Collection Set: 0.2ms
[2024-10-12T10:23:02.445+0800][info] GC(380)   Merge Heap Roots: 0.1ms
[2024-10-12T10:23:02.445+0800][info] GC(380)   Evacuate Collection Set: 1.7ms
[2024-10-12T10:23:02.445+0800][info] GC(380)   Post Evacuate Collection Set: 0.2ms
[2024-10-12T10:23:02.445+0800][info] GC(380)   Other: 0.1ms
[2024-10-12T10:23:02.445+0800][info] GC(380) Eden regions: 2->0(2)
[2024-10-12T10:23:02.445+0800][info] GC(380) Survivor regions: 1->1(1)
[2024-10-12T10:23:02.446+0800][info] GC(380) Old regions: 47->46
[2024-10-12T10:23:02.446+0800][info] GC(380) Archive regions: 2->2
[2024-10-12T10:23:02.446+0800][info] GC(380) Humongous regions: 3->3
[2024-10-12T10:23:02.446+0800][info] GC(380) Metaspace: 1654K(1856K)->1654K(1856K) NonClass: 1530K(1664K)->1530K(1664K) Class: 124K(192K)->124K(192K)
[2024-10-12T10:23:02.446+0800][info] GC(380) Pause Young (Mixed) (G1 Evacuation Pause) 105M->100M(128M) 2.356ms
[2024-10-12T10:23:02.446+0800][info] GC(380) User=0.00s Sys=0.00s Real=0.01s
[2024-10-12T10:23:02.549+0800][info] GC(381) Pause Young (Mixed) (G1 Evacuation Pause)
[2024-10-12T10:23:02.549+0800][info] GC(381) Using 3 workers of 48 for evacuation
[2024-10-12T10:23:02.551+0800][info] GC(381)   Pre Evacuate Collection Set: 0.2ms
[2024-10-12T10:23:02.551+0800][info] GC(381)   Merge Heap Roots: 0.1ms
[2024-10-12T10:23:02.551+0800][info] GC(381)   Evacuate Collection Set: 1.9ms
[2024-10-12T10:23:02.551+0800][info] GC(381)   Post Evacuate Collection Set: 0.2ms
[2024-10-12T10:23:02.551+0800][info] GC(381)   Other: 0.2ms
[2024-10-12T10:23:02.551+0800][info] GC(381) Eden regions: 2->0(2)
[2024-10-12T10:23:02.551+0800][info] GC(381) Survivor regions: 1->1(1)
[2024-10-12T10:23:02.551+0800][info] GC(381) Old regions: 46->46
[2024-10-12T10:23:02.551+0800][info] GC(381) Archive regions: 2->2
[2024-10-12T10:23:02.551+0800][info] GC(381) Humongous regions: 4->3
[2024-10-12T10:23:02.551+0800][info] GC(381) Metaspace: 1655K(1856K)->1655K(1856K) NonClass: 1531K(1664K)->1531K(1664K) Class: 124K(192K)->124K(192K)
[2024-10-12T10:23:02.551+0800][info] GC(381) Pause Young (Mixed) (G1 Evacuation Pause) 106M->100M(128M) 2.619ms
[2024-10-12T10:23:02.551+0800][info] GC(381) User=0.00s Sys=0.00s Real=0.00s
[2024-10-12T10:23:02.653+0800][info] GC(382) Pause Young (Mixed) (G1 Evacuation Pause)
[2024-10-12T10:23:02.653+0800][info] GC(382) Using 3 workers of 48 for evacuation
[2024-10-12T10:23:02.655+0800][info] GC(382)   Pre Evacuate Collection Set: 0.1ms
[2024-10-12T10:23:02.655+0800][info] GC(382)   Merge Heap Roots: 0.1ms
[2024-10-12T10:23:02.655+0800][info] GC(382)   Evacuate Collection Set: 1.3ms
[2024-10-12T10:23:02.655+0800][info] GC(382)   Post Evacuate Collection Set: 0.2ms
[2024-10-12T10:23:02.655+0800][info] GC(382)   Other: 0.1ms
[2024-10-12T10:23:02.655+0800][info] GC(382) Eden regions: 2->0(2)
[2024-10-12T10:23:02.655+0800][info] GC(382) Survivor regions: 1->1(1)
[2024-10-12T10:23:02.655+0800][info] GC(382) Old regions: 46->47
[2024-10-12T10:23:02.655+0800][info] GC(382) Archive regions: 2->2
[2024-10-12T10:23:02.655+0800][info] GC(382) Humongous regions: 3->3
[2024-10-12T10:23:02.655+0800][info] GC(382) Metaspace: 1655K(1856K)->1655K(1856K) NonClass: 1531K(1664K)->1531K(1664K) Class: 124K(192K)->124K(192K)
[2024-10-12T10:23:02.655+0800][info] GC(382) Pause Young (Mixed) (G1 Evacuation Pause) 104M->101M(128M) 1.989ms
[2024-10-12T10:23:02.655+0800][info] GC(382) User=0.00s Sys=0.00s Real=0.00s
[2024-10-12T10:23:02.758+0800][info] GC(383) Pause Young (Normal) (G1 Evacuation Pause)
[2024-10-12T10:23:02.758+0800][info] GC(383) Using 3 workers of 48 for evacuation
[2024-10-12T10:23:02.759+0800][info] GC(383)   Pre Evacuate Collection Set: 0.1ms
[2024-10-12T10:23:02.759+0800][info] GC(383)   Merge Heap Roots: 0.1ms
[2024-10-12T10:23:02.759+0800][info] GC(383)   Evacuate Collection Set: 0.8ms
[2024-10-12T10:23:02.759+0800][info] GC(383)   Post Evacuate Collection Set: 0.2ms
[2024-10-12T10:23:02.759+0800][info] GC(383)   Other: 0.2ms
[2024-10-12T10:23:02.759+0800][info] GC(383) Eden regions: 2->0(2)
[2024-10-12T10:23:02.759+0800][info] GC(383) Survivor regions: 1->1(1)
[2024-10-12T10:23:02.759+0800][info] GC(383) Old regions: 47->49
[2024-10-12T10:23:02.759+0800][info] GC(383) Archive regions: 2->2
[2024-10-12T10:23:02.759+0800][info] GC(383) Humongous regions: 3->3
[2024-10-12T10:23:02.759+0800][info] GC(383) Metaspace: 1657K(1856K)->1657K(1856K) NonClass: 1533K(1664K)->1533K(1664K) Class: 124K(192K)->124K(192K)
[2024-10-12T10:23:02.759+0800][info] GC(383) Pause Young (Normal) (G1 Evacuation Pause) 105M->105M(128M) 1.459ms
[2024-10-12T10:23:02.759+0800][info] GC(383) User=0.01s Sys=0.00s Real=0.00s
[2024-10-12T10:23:02.862+0800][info] GC(384) Pause Young (Normal) (G1 Evacuation Pause)
[2024-10-12T10:23:02.862+0800][info] GC(384) Using 3 workers of 48 for evacuation
[2024-10-12T10:23:02.863+0800][info] GC(384)   Pre Evacuate Collection Set: 0.1ms
[2024-10-12T10:23:02.863+0800][info] GC(384)   Merge Heap Roots: 0.0ms
[2024-10-12T10:23:02.863+0800][info] GC(384)   Evacuate Collection Set: 0.7ms
[2024-10-12T10:23:02.863+0800][info] GC(384)   Post Evacuate Collection Set: 0.2ms
[2024-10-12T10:23:02.863+0800][info] GC(384)   Other: 0.2ms
[2024-10-12T10:23:02.863+0800][info] GC(384) Eden regions: 2->0(2)
[2024-10-12T10:23:02.863+0800][info] GC(384) Survivor regions: 1->1(1)
[2024-10-12T10:23:02.863+0800][info] GC(384) Old regions: 49->51
[2024-10-12T10:23:02.863+0800][info] GC(384) Archive regions: 2->2
[2024-10-12T10:23:02.863+0800][info] GC(384) Humongous regions: 3->3
[2024-10-12T10:23:02.863+0800][info] GC(384) Metaspace: 1657K(1856K)->1657K(1856K) NonClass: 1533K(1664K)->1533K(1664K) Class: 124K(192K)->124K(192K)
[2024-10-12T10:23:02.863+0800][info] GC(384) Pause Young (Normal) (G1 Evacuation Pause) 109M->109M(128M) 1.387ms
[2024-10-12T10:23:02.863+0800][info] GC(384) User=0.00s Sys=0.00s Real=0.00s
[2024-10-12T10:23:02.966+0800][info] GC(385) Pause Young (Concurrent Start) (G1 Evacuation Pause)
[2024-10-12T10:23:02.966+0800][info] GC(385) Using 3 workers of 48 for evacuation
[2024-10-12T10:23:02.967+0800][info] GC(385)   Pre Evacuate Collection Set: 0.1ms
[2024-10-12T10:23:02.967+0800][info] GC(385)   Merge Heap Roots: 0.0ms
[2024-10-12T10:23:02.967+0800][info] GC(385)   Evacuate Collection Set: 0.8ms
[2024-10-12T10:23:02.967+0800][info] GC(385)   Post Evacuate Collection Set: 0.2ms
[2024-10-12T10:23:02.967+0800][info] GC(385)   Other: 0.4ms
[2024-10-12T10:23:02.967+0800][info] GC(385) Eden regions: 2->0(2)
[2024-10-12T10:23:02.967+0800][info] GC(385) Survivor regions: 1->1(1)
[2024-10-12T10:23:02.967+0800][info] GC(385) Old regions: 51->53
[2024-10-12T10:23:02.967+0800][info] GC(385) Archive regions: 2->2
[2024-10-12T10:23:02.967+0800][info] GC(385) Humongous regions: 3->3
[2024-10-12T10:23:02.967+0800][info] GC(385) Metaspace: 1678K(1856K)->1678K(1856K) NonClass: 1554K(1664K)->1554K(1664K) Class: 124K(192K)->124K(192K)
[2024-10-12T10:23:02.967+0800][info] GC(385) Pause Young (Concurrent Start) (G1 Evacuation Pause) 113M->113M(128M) 1.579ms
[2024-10-12T10:23:02.967+0800][info] GC(385) User=0.00s Sys=0.00s Real=0.00s
[2024-10-12T10:23:02.967+0800][info] GC(386) Concurrent Mark Cycle
[2024-10-12T10:23:02.967+0800][info] GC(386) Concurrent Clear Claimed Marks
[2024-10-12T10:23:02.967+0800][info] GC(386) Concurrent Clear Claimed Marks 0.027ms
[2024-10-12T10:23:02.967+0800][info] GC(386) Concurrent Scan Root Regions
[2024-10-12T10:23:02.968+0800][info] GC(386) Concurrent Scan Root Regions 0.150ms
[2024-10-12T10:23:02.968+0800][info] GC(386) Concurrent Mark
[2024-10-12T10:23:02.968+0800][info] GC(386) Concurrent Mark From Roots
[2024-10-12T10:23:02.968+0800][info] GC(386) Using 12 workers of 12 for marking
[2024-10-12T10:23:02.971+0800][info] GC(386) Concurrent Mark From Roots 3.374ms
[2024-10-12T10:23:02.971+0800][info] GC(386) Concurrent Preclean
[2024-10-12T10:23:02.973+0800][info] GC(386) Concurrent Preclean 1.679ms
[2024-10-12T10:23:02.973+0800][info] GC(386) Pause Remark
[2024-10-12T10:23:02.974+0800][info] GC(386) Pause Remark 113M->111M(128M) 1.545ms
[2024-10-12T10:23:02.974+0800][info] GC(386) User=0.00s Sys=0.00s Real=0.01s
[2024-10-12T10:23:02.974+0800][info] GC(386) Concurrent Mark 6.772ms
[2024-10-12T10:23:02.974+0800][info] GC(386) Concurrent Rebuild Remembered Sets
[2024-10-12T10:23:02.976+0800][info] GC(386) Concurrent Rebuild Remembered Sets 1.609ms
[2024-10-12T10:23:02.976+0800][info] GC(386) Pause Cleanup
[2024-10-12T10:23:02.976+0800][info] GC(386) Pause Cleanup 111M->111M(128M) 0.184ms
[2024-10-12T10:23:02.976+0800][info] GC(386) User=0.00s Sys=0.00s Real=0.00s
[2024-10-12T10:23:02.976+0800][info] GC(386) Concurrent Cleanup for Next Mark
[2024-10-12T10:23:02.977+0800][info] GC(386) Concurrent Cleanup for Next Mark 0.362ms
[2024-10-12T10:23:02.977+0800][info] GC(386) Concurrent Mark Cycle 9.426ms
[2024-10-12T10:23:03.121+0800][info] GC(387) Pause Young (Prepare Mixed) (G1 Preventive Collection)
[2024-10-12T10:23:03.121+0800][info] GC(387) Using 3 workers of 48 for evacuation
[2024-10-12T10:23:03.122+0800][info] GC(387)   Pre Evacuate Collection Set: 0.1ms
[2024-10-12T10:23:03.122+0800][info] GC(387)   Merge Heap Roots: 0.1ms
[2024-10-12T10:23:03.122+0800][info] GC(387)   Evacuate Collection Set: 0.9ms
[2024-10-12T10:23:03.122+0800][info] GC(387)   Post Evacuate Collection Set: 0.2ms
[2024-10-12T10:23:03.122+0800][info] GC(387)   Other: 0.2ms
[2024-10-12T10:23:03.122+0800][info] GC(387) Eden regions: 2->0(2)
[2024-10-12T10:23:03.122+0800][info] GC(387) Survivor regions: 1->1(1)
[2024-10-12T10:23:03.122+0800][info] GC(387) Old regions: 52->54
[2024-10-12T10:23:03.122+0800][info] GC(387) Archive regions: 2->2
[2024-10-12T10:23:03.122+0800][info] GC(387) Humongous regions: 3->3
[2024-10-12T10:23:03.122+0800][info] GC(387) Metaspace: 1678K(1856K)->1678K(1856K) NonClass: 1554K(1664K)->1554K(1664K) Class: 124K(192K)->124K(192K)
[2024-10-12T10:23:03.122+0800][info] GC(387) Pause Young (Prepare Mixed) (G1 Preventive Collection) 114M->115M(128M) 1.644ms
[2024-10-12T10:23:03.122+0800][info] GC(387) User=0.01s Sys=0.00s Real=0.00s
[2024-10-12T10:23:03.184+0800][info] GC(388) Pause Young (Mixed) (G1 Preventive Collection)
[2024-10-12T10:23:03.184+0800][info] GC(388) Using 3 workers of 48 for evacuation
[2024-10-12T10:23:03.186+0800][info] GC(388) To-space exhausted
[2024-10-12T10:23:03.186+0800][info] GC(388)   Pre Evacuate Collection Set: 0.2ms
[2024-10-12T10:23:03.186+0800][info] GC(388)   Merge Heap Roots: 0.1ms
[2024-10-12T10:23:03.186+0800][info] GC(388)   Evacuate Collection Set: 1.1ms
[2024-10-12T10:23:03.186+0800][info] GC(388)   Post Evacuate Collection Set: 0.6ms
[2024-10-12T10:23:03.186+0800][info] GC(388)   Other: 0.2ms
[2024-10-12T10:23:03.186+0800][info] GC(388) Eden regions: 1->0(2)
[2024-10-12T10:23:03.186+0800][info] GC(388) Survivor regions: 1->1(1)
[2024-10-12T10:23:03.186+0800][info] GC(388) Old regions: 54->53
[2024-10-12T10:23:03.186+0800][info] GC(388) Archive regions: 2->2
[2024-10-12T10:23:03.186+0800][info] GC(388) Humongous regions: 3->3
[2024-10-12T10:23:03.186+0800][info] GC(388) Metaspace: 1678K(1856K)->1678K(1856K) NonClass: 1554K(1664K)->1554K(1664K) Class: 124K(192K)->124K(192K)
[2024-10-12T10:23:03.186+0800][info] GC(388) Pause Young (Mixed) (G1 Preventive Collection) 117M->114M(128M) 2.328ms
[2024-10-12T10:23:03.186+0800][info] GC(388) User=0.00s Sys=0.00s Real=0.01s
[2024-10-12T10:23:03.228+0800][info] GC(389) Pause Young (Mixed) (G1 Preventive Collection)
[2024-10-12T10:23:03.228+0800][info] GC(389) Using 3 workers of 48 for evacuation
[2024-10-12T10:23:03.229+0800][info] GC(389) To-space exhausted
[2024-10-12T10:23:03.229+0800][info] GC(389)   Pre Evacuate Collection Set: 0.2ms
[2024-10-12T10:23:03.229+0800][info] GC(389)   Merge Heap Roots: 0.1ms
[2024-10-12T10:23:03.229+0800][info] GC(389)   Evacuate Collection Set: 1.2ms
[2024-10-12T10:23:03.229+0800][info] GC(389)   Post Evacuate Collection Set: 0.3ms
[2024-10-12T10:23:03.229+0800][info] GC(389)   Other: 0.2ms
[2024-10-12T10:23:03.229+0800][info] GC(389) Eden regions: 1->0(2)
[2024-10-12T10:23:03.229+0800][info] GC(389) Survivor regions: 1->1(1)
[2024-10-12T10:23:03.229+0800][info] GC(389) Old regions: 53->56
[2024-10-12T10:23:03.229+0800][info] GC(389) Archive regions: 2->2
[2024-10-12T10:23:03.230+0800][info] GC(389) Humongous regions: 3->3
[2024-10-12T10:23:03.230+0800][info] GC(389) Metaspace: 1678K(1856K)->1678K(1856K) NonClass: 1554K(1664K)->1554K(1664K) Class: 124K(192K)->124K(192K)
[2024-10-12T10:23:03.230+0800][info] GC(389) Pause Young (Mixed) (G1 Preventive Collection) 116M->120M(128M) 2.024ms
[2024-10-12T10:23:03.230+0800][info] GC(389) User=0.01s Sys=0.00s Real=0.00s
[2024-10-12T10:23:03.291+0800][info] GC(390) Pause Young (Mixed) (G1 Preventive Collection)
[2024-10-12T10:23:03.291+0800][info] GC(390) Using 3 workers of 48 for evacuation
[2024-10-12T10:23:03.293+0800][info] GC(390) To-space exhausted
[2024-10-12T10:23:03.293+0800][info] GC(390)   Pre Evacuate Collection Set: 0.2ms
[2024-10-12T10:23:03.293+0800][info] GC(390)   Merge Heap Roots: 0.1ms
[2024-10-12T10:23:03.293+0800][info] GC(390)   Evacuate Collection Set: 0.7ms
[2024-10-12T10:23:03.293+0800][info] GC(390)   Post Evacuate Collection Set: 0.7ms
[2024-10-12T10:23:03.293+0800][info] GC(390)   Other: 0.1ms
[2024-10-12T10:23:03.293+0800][info] GC(390) Eden regions: 1->0(2)
[2024-10-12T10:23:03.293+0800][info] GC(390) Survivor regions: 1->1(1)
[2024-10-12T10:23:03.293+0800][info] GC(390) Old regions: 56->57
[2024-10-12T10:23:03.293+0800][info] GC(390) Archive regions: 2->2
[2024-10-12T10:23:03.293+0800][info] GC(390) Humongous regions: 3->3
[2024-10-12T10:23:03.293+0800][info] GC(390) Metaspace: 1678K(1856K)->1678K(1856K) NonClass: 1554K(1664K)->1554K(1664K) Class: 124K(192K)->124K(192K)
[2024-10-12T10:23:03.293+0800][info] GC(390) Pause Young (Mixed) (G1 Preventive Collection) 122M->122M(128M) 1.864ms
[2024-10-12T10:23:03.293+0800][info] GC(390) User=0.00s Sys=0.00s Real=0.00s
[2024-10-12T10:23:03.334+0800][info] GC(391) Pause Young (Mixed) (G1 Evacuation Pause)
[2024-10-12T10:23:03.334+0800][info] GC(391) Using 3 workers of 48 for evacuation
[2024-10-12T10:23:03.335+0800][info] GC(391) To-space exhausted
[2024-10-12T10:23:03.335+0800][info] GC(391)   Pre Evacuate Collection Set: 0.2ms
[2024-10-12T10:23:03.335+0800][info] GC(391)   Merge Heap Roots: 0.1ms
[2024-10-12T10:23:03.335+0800][info] GC(391)   Evacuate Collection Set: 0.3ms
[2024-10-12T10:23:03.335+0800][info] GC(391)   Post Evacuate Collection Set: 0.2ms
[2024-10-12T10:23:03.335+0800][info] GC(391)   Other: 0.1ms
[2024-10-12T10:23:03.335+0800][info] GC(391) Eden regions: 1->0(3)
[2024-10-12T10:23:03.335+0800][info] GC(391) Survivor regions: 1->0(0)
[2024-10-12T10:23:03.335+0800][info] GC(391) Old regions: 57->59
[2024-10-12T10:23:03.335+0800][info] GC(391) Archive regions: 2->2
[2024-10-12T10:23:03.335+0800][info] GC(391) Humongous regions: 3->3
[2024-10-12T10:23:03.335+0800][info] GC(391) Metaspace: 1678K(1856K)->1678K(1856K) NonClass: 1554K(1664K)->1554K(1664K) Class: 124K(192K)->124K(192K)
[2024-10-12T10:23:03.335+0800][info] GC(391) Pause Young (Mixed) (G1 Evacuation Pause) 123M->123M(128M) 1.049ms
[2024-10-12T10:23:03.335+0800][info] GC(391) User=0.00s Sys=0.00s Real=0.00s
[2024-10-12T10:23:03.335+0800][info] Attempting full compaction
[2024-10-12T10:23:03.335+0800][info] GC(392) Using 3 workers of 48 for full compaction
[2024-10-12T10:23:03.335+0800][info] GC(392) Pause Full (G1 Compaction Pause)
[2024-10-12T10:23:03.335+0800][info] GC(392) Phase 1: Mark live objects
[2024-10-12T10:23:03.338+0800][info] GC(392) Phase 1: Mark live objects 3.076ms
[2024-10-12T10:23:03.338+0800][info] GC(392) Phase 2: Prepare for compaction
[2024-10-12T10:23:03.339+0800][info] GC(392) Phase 2: Prepare for compaction 0.660ms
[2024-10-12T10:23:03.339+0800][info] GC(392) Phase 3: Adjust pointers
[2024-10-12T10:23:03.340+0800][info] GC(392) Phase 3: Adjust pointers 1.648ms
[2024-10-12T10:23:03.340+0800][info] GC(392) Phase 4: Compact heap
[2024-10-12T10:23:03.354+0800][info] GC(392) Phase 4: Compact heap 13.931ms
[2024-10-12T10:23:03.356+0800][info] GC(392) Eden regions: 0->0(3)
[2024-10-12T10:23:03.356+0800][info] GC(392) Survivor regions: 0->0(0)
[2024-10-12T10:23:03.356+0800][info] GC(392) Old regions: 59->39
[2024-10-12T10:23:03.356+0800][info] GC(392) Archive regions: 2->2
[2024-10-12T10:23:03.356+0800][info] GC(392) Humongous regions: 3->3
[2024-10-12T10:23:03.356+0800][info] GC(392) Metaspace: 1678K(1856K)->1678K(1856K) NonClass: 1554K(1664K)->1554K(1664K) Class: 124K(192K)->124K(192K)
[2024-10-12T10:23:03.356+0800][info] GC(392) Pause Full (G1 Compaction Pause) 123M->72M(128M) 20.933ms
[2024-10-12T10:23:03.356+0800][info] GC(392) User=0.04s Sys=0.01s Real=0.02s
[2024-10-12T10:23:03.520+0800][info] GC(393) Pause Young (Normal) (G1 Evacuation Pause)
[2024-10-12T10:23:03.520+0800][info] GC(393) Using 3 workers of 48 for evacuation
[2024-10-12T10:23:03.522+0800][info] GC(393)   Pre Evacuate Collection Set: 0.1ms
[2024-10-12T10:23:03.522+0800][info] GC(393)   Merge Heap Roots: 0.1ms
[2024-10-12T10:23:03.522+0800][info] GC(393)   Evacuate Collection Set: 1.0ms
[2024-10-12T10:23:03.522+0800][info] GC(393)   Post Evacuate Collection Set: 0.2ms
[2024-10-12T10:23:03.522+0800][info] GC(393)   Other: 0.2ms
[2024-10-12T10:23:03.522+0800][info] GC(393) Eden regions: 3->0(2)
[2024-10-12T10:23:03.522+0800][info] GC(393) Survivor regions: 0->1(1)
[2024-10-12T10:23:03.522+0800][info] GC(393) Old regions: 39->41
[2024-10-12T10:23:03.522+0800][info] GC(393) Archive regions: 2->2
[2024-10-12T10:23:03.522+0800][info] GC(393) Humongous regions: 3->3
[2024-10-12T10:23:03.522+0800][info] GC(393) Metaspace: 1678K(1856K)->1678K(1856K) NonClass: 1554K(1664K)->1554K(1664K) Class: 124K(192K)->124K(192K)
[2024-10-12T10:23:03.522+0800][info] GC(393) Pause Young (Normal) (G1 Evacuation Pause) 78M->78M(128M) 1.736ms
[2024-10-12T10:23:03.522+0800][info] GC(393) User=0.01s Sys=0.00s Real=0.00s
[2024-10-12T10:23:03.624+0800][info] GC(394) Pause Young (Normal) (G1 Evacuation Pause)
[2024-10-12T10:23:03.624+0800][info] GC(394) Using 3 workers of 48 for evacuation
[2024-10-12T10:23:03.625+0800][info] GC(394)   Pre Evacuate Collection Set: 0.1ms
[2024-10-12T10:23:03.625+0800][info] GC(394)   Merge Heap Roots: 0.0ms
[2024-10-12T10:23:03.625+0800][info] GC(394)   Evacuate Collection Set: 0.7ms
[2024-10-12T10:23:03.625+0800][info] GC(394)   Post Evacuate Collection Set: 0.2ms
[2024-10-12T10:23:03.625+0800][info] GC(394)   Other: 0.2ms
[2024-10-12T10:23:03.625+0800][info] GC(394) Eden regions: 2->0(2)
[2024-10-12T10:23:03.625+0800][info] GC(394) Survivor regions: 1->1(1)
[2024-10-12T10:23:03.625+0800][info] GC(394) Old regions: 41->43
[2024-10-12T10:23:03.625+0800][info] GC(394) Archive regions: 2->2
[2024-10-12T10:23:03.625+0800][info] GC(394) Humongous regions: 3->3
[2024-10-12T10:23:03.625+0800][info] GC(394) Metaspace: 1678K(1856K)->1678K(1856K) NonClass: 1554K(1664K)->1554K(1664K) Class: 124K(192K)->124K(192K)
[2024-10-12T10:23:03.625+0800][info] GC(394) Pause Young (Normal) (G1 Evacuation Pause) 82M->82M(128M) 1.345ms
[2024-10-12T10:23:03.625+0800][info] GC(394) User=0.00s Sys=0.00s Real=0.01s
[2024-10-12T10:23:03.728+0800][info] GC(395) Pause Young (Normal) (G1 Evacuation Pause)
[2024-10-12T10:23:03.728+0800][info] GC(395) Using 3 workers of 48 for evacuation
[2024-10-12T10:23:03.729+0800][info] GC(395)   Pre Evacuate Collection Set: 0.1ms
[2024-10-12T10:23:03.729+0800][info] GC(395)   Merge Heap Roots: 0.0ms
[2024-10-12T10:23:03.729+0800][info] GC(395)   Evacuate Collection Set: 0.6ms
[2024-10-12T10:23:03.729+0800][info] GC(395)   Post Evacuate Collection Set: 0.2ms
[2024-10-12T10:23:03.729+0800][info] GC(395)   Other: 0.2ms
[2024-10-12T10:23:03.729+0800][info] GC(395) Eden regions: 2->0(2)
[2024-10-12T10:23:03.729+0800][info] GC(395) Survivor regions: 1->1(1)
[2024-10-12T10:23:03.729+0800][info] GC(395) Old regions: 43->45
[2024-10-12T10:23:03.729+0800][info] GC(395) Archive regions: 2->2
[2024-10-12T10:23:03.729+0800][info] GC(395) Humongous regions: 3->3
[2024-10-12T10:23:03.729+0800][info] GC(395) Metaspace: 1678K(1856K)->1678K(1856K) NonClass: 1554K(1664K)->1554K(1664K) Class: 124K(192K)->124K(192K)
[2024-10-12T10:23:03.729+0800][info] GC(395) Pause Young (Normal) (G1 Evacuation Pause) 85M->85M(128M) 1.270ms
[2024-10-12T10:23:03.729+0800][info] GC(395) User=0.00s Sys=0.00s Real=0.00s
[2024-10-12T10:23:03.831+0800][info] GC(396) Pause Young (Normal) (G1 Evacuation Pause)
[2024-10-12T10:23:03.831+0800][info] GC(396) Using 3 workers of 48 for evacuation
[2024-10-12T10:23:03.832+0800][info] GC(396)   Pre Evacuate Collection Set: 0.1ms
[2024-10-12T10:23:03.832+0800][info] GC(396)   Merge Heap Roots: 0.0ms
[2024-10-12T10:23:03.832+0800][info] GC(396)   Evacuate Collection Set: 0.8ms
[2024-10-12T10:23:03.832+0800][info] GC(396)   Post Evacuate Collection Set: 0.2ms
[2024-10-12T10:23:03.832+0800][info] GC(396)   Other: 0.2ms
[2024-10-12T10:23:03.832+0800][info] GC(396) Eden regions: 2->0(2)
[2024-10-12T10:23:03.832+0800][info] GC(396) Survivor regions: 1->1(1)
[2024-10-12T10:23:03.832+0800][info] GC(396) Old regions: 45->47
[2024-10-12T10:23:03.832+0800][info] GC(396) Archive regions: 2->2
[2024-10-12T10:23:03.832+0800][info] GC(396) Humongous regions: 3->3
[2024-10-12T10:23:03.832+0800][info] GC(396) Metaspace: 1678K(1856K)->1678K(1856K) NonClass: 1554K(1664K)->1554K(1664K) Class: 124K(192K)->124K(192K)
[2024-10-12T10:23:03.832+0800][info] GC(396) Pause Young (Normal) (G1 Evacuation Pause) 89M->89M(128M) 1.459ms
[2024-10-12T10:23:03.833+0800][info] GC(396) User=0.01s Sys=0.00s Real=0.00s
[2024-10-12T10:23:03.935+0800][info] GC(397) Pause Young (Concurrent Start) (G1 Evacuation Pause)
[2024-10-12T10:23:03.935+0800][info] GC(397) Using 3 workers of 48 for evacuation
[2024-10-12T10:23:03.936+0800][info] GC(397)   Pre Evacuate Collection Set: 0.1ms
[2024-10-12T10:23:03.936+0800][info] GC(397)   Merge Heap Roots: 0.0ms
[2024-10-12T10:23:03.936+0800][info] GC(397)   Evacuate Collection Set: 0.7ms
[2024-10-12T10:23:03.936+0800][info] GC(397)   Post Evacuate Collection Set: 0.2ms
[2024-10-12T10:23:03.936+0800][info] GC(397)   Other: 0.3ms
[2024-10-12T10:23:03.936+0800][info] GC(397) Eden regions: 2->0(2)
[2024-10-12T10:23:03.936+0800][info] GC(397) Survivor regions: 1->1(1)
[2024-10-12T10:23:03.936+0800][info] GC(397) Old regions: 47->49
[2024-10-12T10:23:03.937+0800][info] GC(397) Archive regions: 2->2
[2024-10-12T10:23:03.937+0800][info] GC(397) Humongous regions: 3->3
[2024-10-12T10:23:03.937+0800][info] GC(397) Metaspace: 1678K(1856K)->1678K(1856K) NonClass: 1554K(1664K)->1554K(1664K) Class: 124K(192K)->124K(192K)
[2024-10-12T10:23:03.937+0800][info] GC(397) Pause Young (Concurrent Start) (G1 Evacuation Pause) 93M->93M(128M) 1.519ms
[2024-10-12T10:23:03.937+0800][info] GC(397) User=0.00s Sys=0.00s Real=0.00s
[2024-10-12T10:23:03.937+0800][info] GC(398) Concurrent Mark Cycle
[2024-10-12T10:23:03.937+0800][info] GC(398) Concurrent Clear Claimed Marks
[2024-10-12T10:23:03.937+0800][info] GC(398) Concurrent Clear Claimed Marks 0.016ms
[2024-10-12T10:23:03.937+0800][info] GC(398) Concurrent Scan Root Regions
[2024-10-12T10:23:03.937+0800][info] GC(398) Concurrent Scan Root Regions 0.110ms
[2024-10-12T10:23:03.937+0800][info] GC(398) Concurrent Mark
[2024-10-12T10:23:03.937+0800][info] GC(398) Concurrent Mark From Roots
[2024-10-12T10:23:03.937+0800][info] GC(398) Using 12 workers of 12 for marking
[2024-10-12T10:23:03.940+0800][info] GC(398) Concurrent Mark From Roots 2.988ms
[2024-10-12T10:23:03.940+0800][info] GC(398) Concurrent Preclean
[2024-10-12T10:23:03.942+0800][info] GC(398) Concurrent Preclean 1.691ms
[2024-10-12T10:23:03.942+0800][info] GC(398) Pause Remark
[2024-10-12T10:23:03.943+0800][info] GC(398) Pause Remark 93M->93M(128M) 1.849ms
[2024-10-12T10:23:03.943+0800][info] GC(398) User=0.00s Sys=0.00s Real=0.00s
[2024-10-12T10:23:03.944+0800][info] GC(398) Concurrent Mark 6.697ms
[2024-10-12T10:23:03.944+0800][info] GC(398) Concurrent Rebuild Remembered Sets
[2024-10-12T10:23:03.945+0800][info] GC(398) Concurrent Rebuild Remembered Sets 1.087ms
[2024-10-12T10:23:03.945+0800][info] GC(398) Pause Cleanup
[2024-10-12T10:23:03.945+0800][info] GC(398) Pause Cleanup 93M->93M(128M) 0.216ms
[2024-10-12T10:23:03.945+0800][info] GC(398) User=0.00s Sys=0.00s Real=0.00s
[2024-10-12T10:23:03.945+0800][info] GC(398) Concurrent Cleanup for Next Mark
[2024-10-12T10:23:03.945+0800][info] GC(398) Concurrent Cleanup for Next Mark 0.375ms
[2024-10-12T10:23:03.945+0800][info] GC(398) Concurrent Mark Cycle 8.845ms
[2024-10-12T10:23:04.090+0800][info] GC(399) Pause Young (Prepare Mixed) (G1 Evacuation Pause)
[2024-10-12T10:23:04.090+0800][info] GC(399) Using 3 workers of 48 for evacuation
[2024-10-12T10:23:04.091+0800][info] GC(399)   Pre Evacuate Collection Set: 0.1ms
[2024-10-12T10:23:04.091+0800][info] GC(399)   Merge Heap Roots: 0.0ms
[2024-10-12T10:23:04.091+0800][info] GC(399)   Evacuate Collection Set: 0.8ms
[2024-10-12T10:23:04.091+0800][info] GC(399)   Post Evacuate Collection Set: 0.2ms
[2024-10-12T10:23:04.091+0800][info] GC(399)   Other: 0.2ms
[2024-10-12T10:23:04.091+0800][info] GC(399) Eden regions: 2->0(2)
[2024-10-12T10:23:04.091+0800][info] GC(399) Survivor regions: 1->1(1)
[2024-10-12T10:23:04.091+0800][info] GC(399) Old regions: 49->51
[2024-10-12T10:23:04.091+0800][info] GC(399) Archive regions: 2->2
[2024-10-12T10:23:04.091+0800][info] GC(399) Humongous regions: 3->3
[2024-10-12T10:23:04.091+0800][info] GC(399) Metaspace: 1678K(1856K)->1678K(1856K) NonClass: 1554K(1664K)->1554K(1664K) Class: 124K(192K)->124K(192K)
[2024-10-12T10:23:04.091+0800][info] GC(399) Pause Young (Prepare Mixed) (G1 Evacuation Pause) 96M->97M(128M) 1.542ms
[2024-10-12T10:23:04.091+0800][info] GC(399) User=0.00s Sys=0.00s Real=0.00s
[2024-10-12T10:23:04.194+0800][info] GC(400) Pause Young (Mixed) (G1 Preventive Collection)
[2024-10-12T10:23:04.194+0800][info] GC(400) Using 3 workers of 48 for evacuation
[2024-10-12T10:23:04.196+0800][info] GC(400)   Pre Evacuate Collection Set: 0.2ms
[2024-10-12T10:23:04.196+0800][info] GC(400)   Merge Heap Roots: 0.1ms
[2024-10-12T10:23:04.196+0800][info] GC(400)   Evacuate Collection Set: 1.3ms
[2024-10-12T10:23:04.196+0800][info] GC(400)   Post Evacuate Collection Set: 0.2ms
[2024-10-12T10:23:04.196+0800][info] GC(400)   Other: 0.2ms
[2024-10-12T10:23:04.196+0800][info] GC(400) Eden regions: 2->0(2)
[2024-10-12T10:23:04.196+0800][info] GC(400) Survivor regions: 1->1(1)
[2024-10-12T10:23:04.196+0800][info] GC(400) Old regions: 51->48
[2024-10-12T10:23:04.196+0800][info] GC(400) Archive regions: 2->2
[2024-10-12T10:23:04.196+0800][info] GC(400) Humongous regions: 3->3
[2024-10-12T10:23:04.196+0800][info] GC(400) Metaspace: 1678K(1856K)->1678K(1856K) NonClass: 1554K(1664K)->1554K(1664K) Class: 124K(192K)->124K(192K)
[2024-10-12T10:23:04.196+0800][info] GC(400) Pause Young (Mixed) (G1 Preventive Collection) 100M->95M(128M) 2.018ms
[2024-10-12T10:23:04.196+0800][info] GC(400) User=0.01s Sys=0.00s Real=0.00s
[2024-10-12T10:23:04.298+0800][info] GC(401) Pause Young (Mixed) (G1 Evacuation Pause)
[2024-10-12T10:23:04.298+0800][info] GC(401) Using 3 workers of 48 for evacuation
[2024-10-12T10:23:04.300+0800][info] GC(401)   Pre Evacuate Collection Set: 0.2ms
[2024-10-12T10:23:04.300+0800][info] GC(401)   Merge Heap Roots: 0.1ms
[2024-10-12T10:23:04.300+0800][info] GC(401)   Evacuate Collection Set: 1.7ms
[2024-10-12T10:23:04.300+0800][info] GC(401)   Post Evacuate Collection Set: 0.2ms
[2024-10-12T10:23:04.300+0800][info] GC(401)   Other: 0.2ms
[2024-10-12T10:23:04.300+0800][info] GC(401) Eden regions: 2->0(2)
[2024-10-12T10:23:04.300+0800][info] GC(401) Survivor regions: 1->1(1)
[2024-10-12T10:23:04.300+0800][info] GC(401) Old regions: 48->46
[2024-10-12T10:23:04.300+0800][info] GC(401) Archive regions: 2->2
[2024-10-12T10:23:04.300+0800][info] GC(401) Humongous regions: 3->3
[2024-10-12T10:23:04.300+0800][info] GC(401) Metaspace: 1678K(1856K)->1678K(1856K) NonClass: 1554K(1664K)->1554K(1664K) Class: 124K(192K)->124K(192K)
[2024-10-12T10:23:04.300+0800][info] GC(401) Pause Young (Mixed) (G1 Evacuation Pause) 99M->92M(128M) 2.416ms
[2024-10-12T10:23:04.300+0800][info] GC(401) User=0.00s Sys=0.00s Real=0.00s
[2024-10-12T10:23:04.403+0800][info] GC(402) Pause Young (Mixed) (G1 Evacuation Pause)
[2024-10-12T10:23:04.403+0800][info] GC(402) Using 3 workers of 48 for evacuation
[2024-10-12T10:23:04.405+0800][info] GC(402)   Pre Evacuate Collection Set: 0.2ms
[2024-10-12T10:23:04.405+0800][info] GC(402)   Merge Heap Roots: 0.1ms
[2024-10-12T10:23:04.405+0800][info] GC(402)   Evacuate Collection Set: 1.8ms
[2024-10-12T10:23:04.405+0800][info] GC(402)   Post Evacuate Collection Set: 0.2ms
[2024-10-12T10:23:04.405+0800][info] GC(402)   Other: 0.2ms
[2024-10-12T10:23:04.405+0800][info] GC(402) Eden regions: 2->0(2)
[2024-10-12T10:23:04.405+0800][info] GC(402) Survivor regions: 1->1(1)
[2024-10-12T10:23:04.405+0800][info] GC(402) Old regions: 46->45
[2024-10-12T10:23:04.405+0800][info] GC(402) Archive regions: 2->2
[2024-10-12T10:23:04.405+0800][info] GC(402) Humongous regions: 3->3
[2024-10-12T10:23:04.405+0800][info] GC(402) Metaspace: 1678K(1856K)->1678K(1856K) NonClass: 1554K(1664K)->1554K(1664K) Class: 124K(192K)->124K(192K)
[2024-10-12T10:23:04.405+0800][info] GC(402) Pause Young (Mixed) (G1 Evacuation Pause) 96M->93M(128M) 2.598ms
[2024-10-12T10:23:04.405+0800][info] GC(402) User=0.01s Sys=0.00s Real=0.01s
[2024-10-12T10:23:04.508+0800][info] GC(403) Pause Young (Mixed) (G1 Evacuation Pause)
[2024-10-12T10:23:04.508+0800][info] GC(403) Using 3 workers of 48 for evacuation
[2024-10-12T10:23:04.509+0800][info] GC(403)   Pre Evacuate Collection Set: 0.2ms
[2024-10-12T10:23:04.509+0800][info] GC(403)   Merge Heap Roots: 0.1ms
[2024-10-12T10:23:04.509+0800][info] GC(403)   Evacuate Collection Set: 0.8ms
[2024-10-12T10:23:04.509+0800][info] GC(403)   Post Evacuate Collection Set: 0.2ms
[2024-10-12T10:23:04.509+0800][info] GC(403)   Other: 0.2ms
[2024-10-12T10:23:04.509+0800][info] GC(403) Eden regions: 2->0(2)
[2024-10-12T10:23:04.509+0800][info] GC(403) Survivor regions: 1->1(1)
[2024-10-12T10:23:04.509+0800][info] GC(403) Old regions: 45->47
[2024-10-12T10:23:04.509+0800][info] GC(403) Archive regions: 2->2
[2024-10-12T10:23:04.509+0800][info] GC(403) Humongous regions: 3->3
[2024-10-12T10:23:04.509+0800][info] GC(403) Metaspace: 1678K(1856K)->1678K(1856K) NonClass: 1554K(1664K)->1554K(1664K) Class: 124K(192K)->124K(192K)
[2024-10-12T10:23:04.509+0800][info] GC(403) Pause Young (Mixed) (G1 Evacuation Pause) 96M->96M(128M) 1.534ms
[2024-10-12T10:23:04.509+0800][info] GC(403) User=0.00s Sys=0.00s Real=0.00s
[2024-10-12T10:23:04.612+0800][info] GC(404) Pause Young (Normal) (G1 Evacuation Pause)
[2024-10-12T10:23:04.612+0800][info] GC(404) Using 3 workers of 48 for evacuation
[2024-10-12T10:23:04.613+0800][info] GC(404)   Pre Evacuate Collection Set: 0.1ms
[2024-10-12T10:23:04.613+0800][info] GC(404)   Merge Heap Roots: 0.0ms
[2024-10-12T10:23:04.613+0800][info] GC(404)   Evacuate Collection Set: 0.6ms
[2024-10-12T10:23:04.613+0800][info] GC(404)   Post Evacuate Collection Set: 0.2ms
[2024-10-12T10:23:04.613+0800][info] GC(404)   Other: 0.2ms
[2024-10-12T10:23:04.613+0800][info] GC(404) Eden regions: 2->0(2)
[2024-10-12T10:23:04.613+0800][info] GC(404) Survivor regions: 1->1(1)
[2024-10-12T10:23:04.613+0800][info] GC(404) Old regions: 47->49
[2024-10-12T10:23:04.613+0800][info] GC(404) Archive regions: 2->2
[2024-10-12T10:23:04.613+0800][info] GC(404) Humongous regions: 3->3
[2024-10-12T10:23:04.613+0800][info] GC(404) Metaspace: 1678K(1856K)->1678K(1856K) NonClass: 1554K(1664K)->1554K(1664K) Class: 124K(192K)->124K(192K)
[2024-10-12T10:23:04.613+0800][info] GC(404) Pause Young (Normal) (G1 Evacuation Pause) 100M->101M(128M) 1.260ms
[2024-10-12T10:23:04.613+0800][info] GC(404) User=0.01s Sys=0.00s Real=0.00s
[2024-10-12T10:23:04.715+0800][info] GC(405) Pause Young (Normal) (G1 Evacuation Pause)
[2024-10-12T10:23:04.715+0800][info] GC(405) Using 3 workers of 48 for evacuation
[2024-10-12T10:23:04.716+0800][info] GC(405)   Pre Evacuate Collection Set: 0.1ms
[2024-10-12T10:23:04.716+0800][info] GC(405)   Merge Heap Roots: 0.0ms
[2024-10-12T10:23:04.716+0800][info] GC(405)   Evacuate Collection Set: 0.7ms
[2024-10-12T10:23:04.716+0800][info] GC(405)   Post Evacuate Collection Set: 0.2ms
[2024-10-12T10:23:04.716+0800][info] GC(405)   Other: 0.2ms
[2024-10-12T10:23:04.716+0800][info] GC(405) Eden regions: 2->0(2)
[2024-10-12T10:23:04.716+0800][info] GC(405) Survivor regions: 1->1(1)
[2024-10-12T10:23:04.716+0800][info] GC(405) Old regions: 49->51
[2024-10-12T10:23:04.716+0800][info] GC(405) Archive regions: 2->2
[2024-10-12T10:23:04.716+0800][info] GC(405) Humongous regions: 3->3
[2024-10-12T10:23:04.716+0800][info] GC(405) Metaspace: 1678K(1856K)->1678K(1856K) NonClass: 1554K(1664K)->1554K(1664K) Class: 124K(192K)->124K(192K)
[2024-10-12T10:23:04.716+0800][info] GC(405) Pause Young (Normal) (G1 Evacuation Pause) 104M->104M(128M) 1.312ms
[2024-10-12T10:23:04.716+0800][info] GC(405) User=0.00s Sys=0.00s Real=0.00s
[2024-10-12T10:23:04.717+0800][info] GC(406) Pause Young (Concurrent Start) (G1 Humongous Allocation)
[2024-10-12T10:23:04.717+0800][info] GC(406) Using 3 workers of 48 for evacuation
[2024-10-12T10:23:04.718+0800][info] GC(406)   Pre Evacuate Collection Set: 0.0ms
[2024-10-12T10:23:04.718+0800][info] GC(406)   Merge Heap Roots: 0.0ms
[2024-10-12T10:23:04.718+0800][info] GC(406)   Evacuate Collection Set: 0.5ms
[2024-10-12T10:23:04.718+0800][info] GC(406)   Post Evacuate Collection Set: 0.2ms
[2024-10-12T10:23:04.718+0800][info] GC(406)   Other: 0.3ms
[2024-10-12T10:23:04.718+0800][info] GC(406) Eden regions: 1->0(2)
[2024-10-12T10:23:04.718+0800][info] GC(406) Survivor regions: 1->1(1)
[2024-10-12T10:23:04.718+0800][info] GC(406) Old regions: 51->52
[2024-10-12T10:23:04.718+0800][info] GC(406) Archive regions: 2->2
[2024-10-12T10:23:04.718+0800][info] GC(406) Humongous regions: 3->3
[2024-10-12T10:23:04.718+0800][info] GC(406) Metaspace: 1678K(1856K)->1678K(1856K) NonClass: 1554K(1664K)->1554K(1664K) Class: 124K(192K)->124K(192K)
[2024-10-12T10:23:04.718+0800][info] GC(406) Pause Young (Concurrent Start) (G1 Humongous Allocation) 105M->105M(128M) 1.169ms
[2024-10-12T10:23:04.718+0800][info] GC(406) User=0.00s Sys=0.00s Real=0.00s
[2024-10-12T10:23:04.718+0800][info] GC(407) Concurrent Mark Cycle
[2024-10-12T10:23:04.718+0800][info] GC(407) Concurrent Clear Claimed Marks
[2024-10-12T10:23:04.718+0800][info] GC(407) Concurrent Clear Claimed Marks 0.015ms
[2024-10-12T10:23:04.718+0800][info] GC(407) Concurrent Scan Root Regions
[2024-10-12T10:23:04.718+0800][info] GC(407) Concurrent Scan Root Regions 0.148ms
[2024-10-12T10:23:04.718+0800][info] GC(407) Concurrent Mark
[2024-10-12T10:23:04.718+0800][info] GC(407) Concurrent Mark From Roots
[2024-10-12T10:23:04.718+0800][info] GC(407) Using 12 workers of 12 for marking
[2024-10-12T10:23:04.722+0800][info] GC(407) Concurrent Mark From Roots 3.508ms
[2024-10-12T10:23:04.722+0800][info] GC(407) Concurrent Preclean
[2024-10-12T10:23:04.723+0800][info] GC(407) Concurrent Preclean 1.678ms
[2024-10-12T10:23:04.723+0800][info] GC(407) Pause Remark
[2024-10-12T10:23:04.725+0800][info] GC(407) Pause Remark 107M->105M(128M) 1.531ms
[2024-10-12T10:23:04.725+0800][info] GC(407) User=0.01s Sys=0.00s Real=0.00s
[2024-10-12T10:23:04.725+0800][info] GC(407) Concurrent Mark 6.930ms
[2024-10-12T10:23:04.725+0800][info] GC(407) Concurrent Rebuild Remembered Sets
[2024-10-12T10:23:04.727+0800][info] GC(407) Concurrent Rebuild Remembered Sets 1.631ms
[2024-10-12T10:23:04.727+0800][info] GC(407) Pause Cleanup
[2024-10-12T10:23:04.727+0800][info] GC(407) Pause Cleanup 105M->105M(128M) 0.194ms
[2024-10-12T10:23:04.727+0800][info] GC(407) User=0.00s Sys=0.00s Real=0.00s
[2024-10-12T10:23:04.727+0800][info] GC(407) Concurrent Cleanup for Next Mark
[2024-10-12T10:23:04.727+0800][info] GC(407) Concurrent Cleanup for Next Mark 0.395ms
[2024-10-12T10:23:04.727+0800][info] GC(407) Concurrent Mark Cycle 9.638ms
[2024-10-12T10:23:04.892+0800][info] GC(408) Pause Young (Prepare Mixed) (G1 Evacuation Pause)
[2024-10-12T10:23:04.892+0800][info] GC(408) Using 3 workers of 48 for evacuation
[2024-10-12T10:23:04.893+0800][info] GC(408)   Pre Evacuate Collection Set: 0.1ms
[2024-10-12T10:23:04.893+0800][info] GC(408)   Merge Heap Roots: 0.1ms
[2024-10-12T10:23:04.893+0800][info] GC(408)   Evacuate Collection Set: 0.7ms
[2024-10-12T10:23:04.893+0800][info] GC(408)   Post Evacuate Collection Set: 0.2ms
[2024-10-12T10:23:04.893+0800][info] GC(408)   Other: 0.3ms
[2024-10-12T10:23:04.893+0800][info] GC(408) Eden regions: 2->0(2)
[2024-10-12T10:23:04.893+0800][info] GC(408) Survivor regions: 1->1(1)
[2024-10-12T10:23:04.893+0800][info] GC(408) Old regions: 51->52
[2024-10-12T10:23:04.893+0800][info] GC(408) Archive regions: 2->2
[2024-10-12T10:23:04.894+0800][info] GC(408) Humongous regions: 4->3
[2024-10-12T10:23:04.894+0800][info] GC(408) Metaspace: 1678K(1856K)->1678K(1856K) NonClass: 1554K(1664K)->1554K(1664K) Class: 124K(192K)->124K(192K)
[2024-10-12T10:23:04.894+0800][info] GC(408) Pause Young (Prepare Mixed) (G1 Evacuation Pause) 109M->107M(128M) 1.572ms
[2024-10-12T10:23:04.894+0800][info] GC(408) User=0.01s Sys=0.00s Real=0.01s
[2024-10-12T10:23:04.996+0800][info] GC(409) Pause Young (Mixed) (G1 Preventive Collection)
[2024-10-12T10:23:04.996+0800][info] GC(409) Using 3 workers of 48 for evacuation
[2024-10-12T10:23:04.998+0800][info] GC(409) To-space exhausted
[2024-10-12T10:23:04.998+0800][info] GC(409)   Pre Evacuate Collection Set: 0.2ms
[2024-10-12T10:23:04.998+0800][info] GC(409)   Merge Heap Roots: 0.1ms
[2024-10-12T10:23:04.998+0800][info] GC(409)   Evacuate Collection Set: 1.2ms
[2024-10-12T10:23:04.998+0800][info] GC(409)   Post Evacuate Collection Set: 0.2ms
[2024-10-12T10:23:04.998+0800][info] GC(409)   Other: 0.2ms
[2024-10-12T10:23:04.998+0800][info] GC(409) Eden regions: 2->0(2)
[2024-10-12T10:23:04.998+0800][info] GC(409) Survivor regions: 1->1(1)
[2024-10-12T10:23:04.998+0800][info] GC(409) Old regions: 52->50
[2024-10-12T10:23:04.998+0800][info] GC(409) Archive regions: 2->2
[2024-10-12T10:23:04.998+0800][info] GC(409) Humongous regions: 3->3
[2024-10-12T10:23:04.998+0800][info] GC(409) Metaspace: 1678K(1856K)->1678K(1856K) NonClass: 1554K(1664K)->1554K(1664K) Class: 124K(192K)->124K(192K)
[2024-10-12T10:23:04.998+0800][info] GC(409) Pause Young (Mixed) (G1 Preventive Collection) 110M->105M(128M) 1.945ms
[2024-10-12T10:23:04.998+0800][info] GC(409) User=0.00s Sys=0.00s Real=0.00s
[2024-10-12T10:23:05.100+0800][info] GC(410) Pause Young (Mixed) (G1 Preventive Collection)
[2024-10-12T10:23:05.100+0800][info] GC(410) Using 3 workers of 48 for evacuation
[2024-10-12T10:23:05.102+0800][info] GC(410)   Pre Evacuate Collection Set: 0.2ms
[2024-10-12T10:23:05.102+0800][info] GC(410)   Merge Heap Roots: 0.1ms
[2024-10-12T10:23:05.102+0800][info] GC(410)   Evacuate Collection Set: 1.7ms
[2024-10-12T10:23:05.102+0800][info] GC(410)   Post Evacuate Collection Set: 0.2ms
[2024-10-12T10:23:05.102+0800][info] GC(410)   Other: 0.1ms
[2024-10-12T10:23:05.102+0800][info] GC(410) Eden regions: 2->0(2)
[2024-10-12T10:23:05.102+0800][info] GC(410) Survivor regions: 1->1(1)
[2024-10-12T10:23:05.102+0800][info] GC(410) Old regions: 50->48
[2024-10-12T10:23:05.103+0800][info] GC(410) Archive regions: 2->2
[2024-10-12T10:23:05.103+0800][info] GC(410) Humongous regions: 3->3
[2024-10-12T10:23:05.103+0800][info] GC(410) Metaspace: 1678K(1856K)->1678K(1856K) NonClass: 1554K(1664K)->1554K(1664K) Class: 124K(192K)->124K(192K)
[2024-10-12T10:23:05.103+0800][info] GC(410) Pause Young (Mixed) (G1 Preventive Collection) 109M->102M(128M) 2.316ms
[2024-10-12T10:23:05.103+0800][info] GC(410) User=0.01s Sys=0.00s Real=0.00s
[2024-10-12T10:23:05.205+0800][info] GC(411) Pause Young (Mixed) (G1 Evacuation Pause)
[2024-10-12T10:23:05.205+0800][info] GC(411) Using 3 workers of 48 for evacuation
[2024-10-12T10:23:05.207+0800][info] GC(411)   Pre Evacuate Collection Set: 0.1ms
[2024-10-12T10:23:05.207+0800][info] GC(411)   Merge Heap Roots: 0.1ms
[2024-10-12T10:23:05.207+0800][info] GC(411)   Evacuate Collection Set: 1.9ms
[2024-10-12T10:23:05.207+0800][info] GC(411)   Post Evacuate Collection Set: 0.2ms
[2024-10-12T10:23:05.207+0800][info] GC(411)   Other: 0.2ms
[2024-10-12T10:23:05.207+0800][info] GC(411) Eden regions: 2->0(2)
[2024-10-12T10:23:05.208+0800][info] GC(411) Survivor regions: 1->1(1)
[2024-10-12T10:23:05.208+0800][info] GC(411) Old regions: 48->48
[2024-10-12T10:23:05.208+0800][info] GC(411) Archive regions: 2->2
[2024-10-12T10:23:05.208+0800][info] GC(411) Humongous regions: 3->3
[2024-10-12T10:23:05.208+0800][info] GC(411) Metaspace: 1678K(1856K)->1678K(1856K) NonClass: 1554K(1664K)->1554K(1664K) Class: 124K(192K)->124K(192K)
[2024-10-12T10:23:05.208+0800][info] GC(411) Pause Young (Mixed) (G1 Evacuation Pause) 106M->102M(128M) 2.556ms
[2024-10-12T10:23:05.208+0800][info] GC(411) User=0.01s Sys=0.00s Real=0.01s
[2024-10-12T10:23:05.310+0800][info] GC(412) Pause Young (Mixed) (G1 Evacuation Pause)
[2024-10-12T10:23:05.310+0800][info] GC(412) Using 3 workers of 48 for evacuation
[2024-10-12T10:23:05.312+0800][info] GC(412)   Pre Evacuate Collection Set: 0.2ms
[2024-10-12T10:23:05.312+0800][info] GC(412)   Merge Heap Roots: 0.1ms
[2024-10-12T10:23:05.312+0800][info] GC(412)   Evacuate Collection Set: 1.8ms
[2024-10-12T10:23:05.312+0800][info] GC(412)   Post Evacuate Collection Set: 0.2ms
[2024-10-12T10:23:05.312+0800][info] GC(412)   Other: 0.1ms
[2024-10-12T10:23:05.312+0800][info] GC(412) Eden regions: 2->0(2)
[2024-10-12T10:23:05.312+0800][info] GC(412) Survivor regions: 1->1(1)
[2024-10-12T10:23:05.312+0800][info] GC(412) Old regions: 48->48
[2024-10-12T10:23:05.312+0800][info] GC(412) Archive regions: 2->2
[2024-10-12T10:23:05.312+0800][info] GC(412) Humongous regions: 3->3
[2024-10-12T10:23:05.312+0800][info] GC(412) Metaspace: 1678K(1856K)->1678K(1856K) NonClass: 1554K(1664K)->1554K(1664K) Class: 124K(192K)->124K(192K)
[2024-10-12T10:23:05.312+0800][info] GC(412) Pause Young (Mixed) (G1 Evacuation Pause) 106M->103M(128M) 2.466ms
[2024-10-12T10:23:05.312+0800][info] GC(412) User=0.00s Sys=0.00s Real=0.00s
[2024-10-12T10:23:05.415+0800][info] GC(413) Pause Young (Normal) (G1 Evacuation Pause)
[2024-10-12T10:23:05.415+0800][info] GC(413) Using 3 workers of 48 for evacuation
[2024-10-12T10:23:05.416+0800][info] GC(413)   Pre Evacuate Collection Set: 0.1ms
[2024-10-12T10:23:05.416+0800][info] GC(413)   Merge Heap Roots: 0.0ms
[2024-10-12T10:23:05.416+0800][info] GC(413)   Evacuate Collection Set: 0.8ms
[2024-10-12T10:23:05.416+0800][info] GC(413)   Post Evacuate Collection Set: 0.2ms
[2024-10-12T10:23:05.416+0800][info] GC(413)   Other: 0.2ms
[2024-10-12T10:23:05.416+0800][info] GC(413) Eden regions: 2->0(2)
[2024-10-12T10:23:05.416+0800][info] GC(413) Survivor regions: 1->1(1)
[2024-10-12T10:23:05.416+0800][info] GC(413) Old regions: 48->50
[2024-10-12T10:23:05.416+0800][info] GC(413) Archive regions: 2->2
[2024-10-12T10:23:05.416+0800][info] GC(413) Humongous regions: 3->3
[2024-10-12T10:23:05.416+0800][info] GC(413) Metaspace: 1678K(1856K)->1678K(1856K) NonClass: 1554K(1664K)->1554K(1664K) Class: 124K(192K)->124K(192K)
[2024-10-12T10:23:05.416+0800][info] GC(413) Pause Young (Normal) (G1 Evacuation Pause) 106M->107M(128M) 1.422ms
[2024-10-12T10:23:05.416+0800][info] GC(413) User=0.00s Sys=0.00s Real=0.00s
[2024-10-12T10:23:05.518+0800][info] GC(414) Pause Young (Concurrent Start) (G1 Evacuation Pause)
[2024-10-12T10:23:05.518+0800][info] GC(414) Using 3 workers of 48 for evacuation
[2024-10-12T10:23:05.520+0800][info] GC(414)   Pre Evacuate Collection Set: 0.1ms
[2024-10-12T10:23:05.520+0800][info] GC(414)   Merge Heap Roots: 0.0ms
[2024-10-12T10:23:05.520+0800][info] GC(414)   Evacuate Collection Set: 0.8ms
[2024-10-12T10:23:05.520+0800][info] GC(414)   Post Evacuate Collection Set: 0.2ms
[2024-10-12T10:23:05.520+0800][info] GC(414)   Other: 0.3ms
[2024-10-12T10:23:05.520+0800][info] GC(414) Eden regions: 2->0(2)
[2024-10-12T10:23:05.520+0800][info] GC(414) Survivor regions: 1->1(1)
[2024-10-12T10:23:05.520+0800][info] GC(414) Old regions: 50->52
[2024-10-12T10:23:05.520+0800][info] GC(414) Archive regions: 2->2
[2024-10-12T10:23:05.520+0800][info] GC(414) Humongous regions: 3->3
[2024-10-12T10:23:05.520+0800][info] GC(414) Metaspace: 1678K(1856K)->1678K(1856K) NonClass: 1554K(1664K)->1554K(1664K) Class: 124K(192K)->124K(192K)
[2024-10-12T10:23:05.520+0800][info] GC(414) Pause Young (Concurrent Start) (G1 Evacuation Pause) 110M->111M(128M) 1.534ms
[2024-10-12T10:23:05.520+0800][info] GC(414) User=0.00s Sys=0.00s Real=0.00s
[2024-10-12T10:23:05.520+0800][info] GC(415) Concurrent Mark Cycle
[2024-10-12T10:23:05.520+0800][info] GC(415) Concurrent Clear Claimed Marks
[2024-10-12T10:23:05.520+0800][info] GC(415) Concurrent Clear Claimed Marks 0.016ms
[2024-10-12T10:23:05.520+0800][info] GC(415) Concurrent Scan Root Regions
[2024-10-12T10:23:05.520+0800][info] GC(415) Concurrent Scan Root Regions 0.158ms
[2024-10-12T10:23:05.520+0800][info] GC(415) Concurrent Mark
[2024-10-12T10:23:05.520+0800][info] GC(415) Concurrent Mark From Roots
[2024-10-12T10:23:05.520+0800][info] GC(415) Using 12 workers of 12 for marking
[2024-10-12T10:23:05.524+0800][info] GC(415) Concurrent Mark From Roots 3.465ms
[2024-10-12T10:23:05.524+0800][info] GC(415) Concurrent Preclean
[2024-10-12T10:23:05.525+0800][info] GC(415) Concurrent Preclean 1.709ms
[2024-10-12T10:23:05.525+0800][info] GC(415) Pause Remark
[2024-10-12T10:23:05.527+0800][info] GC(415) Pause Remark 111M->108M(128M) 1.602ms
[2024-10-12T10:23:05.527+0800][info] GC(415) User=0.00s Sys=0.00s Real=0.00s
[2024-10-12T10:23:05.527+0800][info] GC(415) Concurrent Mark 7.034ms
[2024-10-12T10:23:05.527+0800][info] GC(415) Concurrent Rebuild Remembered Sets
[2024-10-12T10:23:05.529+0800][info] GC(415) Concurrent Rebuild Remembered Sets 1.622ms
[2024-10-12T10:23:05.529+0800][info] GC(415) Pause Cleanup
[2024-10-12T10:23:05.529+0800][info] GC(415) Pause Cleanup 108M->108M(128M) 0.199ms
[2024-10-12T10:23:05.529+0800][info] GC(415) User=0.00s Sys=0.00s Real=0.00s
[2024-10-12T10:23:05.529+0800][info] GC(415) Concurrent Cleanup for Next Mark
[2024-10-12T10:23:05.530+0800][info] GC(415) Concurrent Cleanup for Next Mark 0.407ms
[2024-10-12T10:23:05.530+0800][info] GC(415) Concurrent Mark Cycle 9.808ms
[2024-10-12T10:23:05.673+0800][info] GC(416) Pause Young (Prepare Mixed) (G1 Evacuation Pause)
[2024-10-12T10:23:05.673+0800][info] GC(416) Using 3 workers of 48 for evacuation
[2024-10-12T10:23:05.675+0800][info] GC(416)   Pre Evacuate Collection Set: 0.1ms
[2024-10-12T10:23:05.675+0800][info] GC(416)   Merge Heap Roots: 0.1ms
[2024-10-12T10:23:05.675+0800][info] GC(416)   Evacuate Collection Set: 0.8ms
[2024-10-12T10:23:05.675+0800][info] GC(416)   Post Evacuate Collection Set: 0.2ms
[2024-10-12T10:23:05.675+0800][info] GC(416)   Other: 0.2ms
[2024-10-12T10:23:05.675+0800][info] GC(416) Eden regions: 2->0(2)
[2024-10-12T10:23:05.675+0800][info] GC(416) Survivor regions: 1->1(1)
[2024-10-12T10:23:05.675+0800][info] GC(416) Old regions: 50->53
[2024-10-12T10:23:05.675+0800][info] GC(416) Archive regions: 2->2
[2024-10-12T10:23:05.675+0800][info] GC(416) Humongous regions: 3->3
[2024-10-12T10:23:05.675+0800][info] GC(416) Metaspace: 1678K(1856K)->1678K(1856K) NonClass: 1554K(1664K)->1554K(1664K) Class: 124K(192K)->124K(192K)
[2024-10-12T10:23:05.675+0800][info] GC(416) Pause Young (Prepare Mixed) (G1 Evacuation Pause) 111M->112M(128M) 1.522ms
[2024-10-12T10:23:05.675+0800][info] GC(416) User=0.00s Sys=0.00s Real=0.00s
[2024-10-12T10:23:05.736+0800][info] GC(417) Pause Young (Mixed) (G1 Preventive Collection)
[2024-10-12T10:23:05.736+0800][info] GC(417) Using 3 workers of 48 for evacuation
[2024-10-12T10:23:05.738+0800][info] GC(417)   Pre Evacuate Collection Set: 0.2ms
[2024-10-12T10:23:05.738+0800][info] GC(417)   Merge Heap Roots: 0.0ms
[2024-10-12T10:23:05.738+0800][info] GC(417)   Evacuate Collection Set: 1.1ms
[2024-10-12T10:23:05.738+0800][info] GC(417)   Post Evacuate Collection Set: 0.2ms
[2024-10-12T10:23:05.738+0800][info] GC(417)   Other: 0.2ms
[2024-10-12T10:23:05.738+0800][info] GC(417) Eden regions: 1->0(2)
[2024-10-12T10:23:05.738+0800][info] GC(417) Survivor regions: 1->1(1)
[2024-10-12T10:23:05.738+0800][info] GC(417) Old regions: 53->49
[2024-10-12T10:23:05.738+0800][info] GC(417) Archive regions: 2->2
[2024-10-12T10:23:05.738+0800][info] GC(417) Humongous regions: 3->3
[2024-10-12T10:23:05.738+0800][info] GC(417) Metaspace: 1678K(1856K)->1678K(1856K) NonClass: 1554K(1664K)->1554K(1664K) Class: 124K(192K)->124K(192K)
[2024-10-12T10:23:05.738+0800][info] GC(417) Pause Young (Mixed) (G1 Preventive Collection) 114M->105M(128M) 1.773ms
[2024-10-12T10:23:05.738+0800][info] GC(417) User=0.01s Sys=0.00s Real=0.00s
[2024-10-12T10:23:05.840+0800][info] GC(418) Pause Young (Mixed) (G1 Evacuation Pause)
[2024-10-12T10:23:05.840+0800][info] GC(418) Using 3 workers of 48 for evacuation
[2024-10-12T10:23:05.842+0800][info] GC(418)   Pre Evacuate Collection Set: 0.2ms
[2024-10-12T10:23:05.842+0800][info] GC(418)   Merge Heap Roots: 0.1ms
[2024-10-12T10:23:05.842+0800][info] GC(418)   Evacuate Collection Set: 1.6ms
[2024-10-12T10:23:05.842+0800][info] GC(418)   Post Evacuate Collection Set: 0.2ms
[2024-10-12T10:23:05.843+0800][info] GC(418)   Other: 0.1ms
[2024-10-12T10:23:05.843+0800][info] GC(418) Eden regions: 2->0(2)
[2024-10-12T10:23:05.843+0800][info] GC(418) Survivor regions: 1->1(1)
[2024-10-12T10:23:05.843+0800][info] GC(418) Old regions: 49->47
[2024-10-12T10:23:05.843+0800][info] GC(418) Archive regions: 2->2
[2024-10-12T10:23:05.843+0800][info] GC(418) Humongous regions: 3->3
[2024-10-12T10:23:05.843+0800][info] GC(418) Metaspace: 1678K(1856K)->1678K(1856K) NonClass: 1554K(1664K)->1554K(1664K) Class: 124K(192K)->124K(192K)
[2024-10-12T10:23:05.843+0800][info] GC(418) Pause Young (Mixed) (G1 Evacuation Pause) 108M->101M(128M) 2.244ms
[2024-10-12T10:23:05.843+0800][info] GC(418) User=0.00s Sys=0.00s Real=0.00s
[2024-10-12T10:23:05.945+0800][info] GC(419) Pause Young (Mixed) (G1 Evacuation Pause)
[2024-10-12T10:23:05.945+0800][info] GC(419) Using 3 workers of 48 for evacuation
[2024-10-12T10:23:05.947+0800][info] GC(419)   Pre Evacuate Collection Set: 0.2ms
[2024-10-12T10:23:05.947+0800][info] GC(419)   Merge Heap Roots: 0.1ms
[2024-10-12T10:23:05.947+0800][info] GC(419)   Evacuate Collection Set: 1.8ms
[2024-10-12T10:23:05.947+0800][info] GC(419)   Post Evacuate Collection Set: 0.2ms
[2024-10-12T10:23:05.947+0800][info] GC(419)   Other: 0.2ms
[2024-10-12T10:23:05.947+0800][info] GC(419) Eden regions: 2->0(2)
[2024-10-12T10:23:05.947+0800][info] GC(419) Survivor regions: 1->1(1)
[2024-10-12T10:23:05.947+0800][info] GC(419) Old regions: 47->46
[2024-10-12T10:23:05.948+0800][info] GC(419) Archive regions: 2->2
[2024-10-12T10:23:05.948+0800][info] GC(419) Humongous regions: 3->3
[2024-10-12T10:23:05.948+0800][info] GC(419) Metaspace: 1678K(1856K)->1678K(1856K) NonClass: 1554K(1664K)->1554K(1664K) Class: 124K(192K)->124K(192K)
[2024-10-12T10:23:05.948+0800][info] GC(419) Pause Young (Mixed) (G1 Evacuation Pause) 105M->99M(128M) 2.434ms
[2024-10-12T10:23:05.948+0800][info] GC(419) User=0.00s Sys=0.00s Real=0.00s
[2024-10-12T10:23:06.050+0800][info] GC(420) Pause Young (Mixed) (G1 Evacuation Pause)
[2024-10-12T10:23:06.050+0800][info] GC(420) Using 3 workers of 48 for evacuation
[2024-10-12T10:23:06.052+0800][info] GC(420)   Pre Evacuate Collection Set: 0.2ms
[2024-10-12T10:23:06.052+0800][info] GC(420)   Merge Heap Roots: 0.0ms
[2024-10-12T10:23:06.052+0800][info] GC(420)   Evacuate Collection Set: 2.0ms
[2024-10-12T10:23:06.052+0800][info] GC(420)   Post Evacuate Collection Set: 0.2ms
[2024-10-12T10:23:06.052+0800][info] GC(420)   Other: 0.1ms
[2024-10-12T10:23:06.052+0800][info] GC(420) Eden regions: 2->0(2)
[2024-10-12T10:23:06.052+0800][info] GC(420) Survivor regions: 1->1(1)
[2024-10-12T10:23:06.052+0800][info] GC(420) Old regions: 46->46
[2024-10-12T10:23:06.052+0800][info] GC(420) Archive regions: 2->2
[2024-10-12T10:23:06.052+0800][info] GC(420) Humongous regions: 3->3
[2024-10-12T10:23:06.052+0800][info] GC(420) Metaspace: 1678K(1856K)->1678K(1856K) NonClass: 1554K(1664K)->1554K(1664K) Class: 124K(192K)->124K(192K)
[2024-10-12T10:23:06.052+0800][info] GC(420) Pause Young (Mixed) (G1 Evacuation Pause) 103M->100M(128M) 2.657ms
[2024-10-12T10:23:06.052+0800][info] GC(420) User=0.01s Sys=0.00s Real=0.00s
[2024-10-12T10:23:06.155+0800][info] GC(421) Pause Young (Mixed) (G1 Evacuation Pause)
[2024-10-12T10:23:06.155+0800][info] GC(421) Using 3 workers of 48 for evacuation
[2024-10-12T10:23:06.156+0800][info] GC(421)   Pre Evacuate Collection Set: 0.2ms
[2024-10-12T10:23:06.156+0800][info] GC(421)   Merge Heap Roots: 0.0ms
[2024-10-12T10:23:06.156+0800][info] GC(421)   Evacuate Collection Set: 0.9ms
[2024-10-12T10:23:06.156+0800][info] GC(421)   Post Evacuate Collection Set: 0.2ms
[2024-10-12T10:23:06.156+0800][info] GC(421)   Other: 0.1ms
[2024-10-12T10:23:06.156+0800][info] GC(421) Eden regions: 2->0(2)
[2024-10-12T10:23:06.156+0800][info] GC(421) Survivor regions: 1->1(1)
[2024-10-12T10:23:06.156+0800][info] GC(421) Old regions: 46->48
[2024-10-12T10:23:06.156+0800][info] GC(421) Archive regions: 2->2
[2024-10-12T10:23:06.156+0800][info] GC(421) Humongous regions: 3->3
[2024-10-12T10:23:06.156+0800][info] GC(421) Metaspace: 1678K(1856K)->1678K(1856K) NonClass: 1554K(1664K)->1554K(1664K) Class: 124K(192K)->124K(192K)
[2024-10-12T10:23:06.156+0800][info] GC(421) Pause Young (Mixed) (G1 Evacuation Pause) 103M->103M(128M) 1.531ms
[2024-10-12T10:23:06.157+0800][info] GC(421) User=0.00s Sys=0.00s Real=0.00s
[2024-10-12T10:23:06.259+0800][info] GC(422) Pause Young (Normal) (G1 Evacuation Pause)
[2024-10-12T10:23:06.259+0800][info] GC(422) Using 3 workers of 48 for evacuation
[2024-10-12T10:23:06.260+0800][info] GC(422)   Pre Evacuate Collection Set: 0.1ms
[2024-10-12T10:23:06.260+0800][info] GC(422)   Merge Heap Roots: 0.0ms
[2024-10-12T10:23:06.260+0800][info] GC(422)   Evacuate Collection Set: 0.7ms
[2024-10-12T10:23:06.260+0800][info] GC(422)   Post Evacuate Collection Set: 0.2ms
[2024-10-12T10:23:06.260+0800][info] GC(422)   Other: 0.2ms
[2024-10-12T10:23:06.260+0800][info] GC(422) Eden regions: 2->0(2)
[2024-10-12T10:23:06.260+0800][info] GC(422) Survivor regions: 1->1(1)
[2024-10-12T10:23:06.260+0800][info] GC(422) Old regions: 48->50
[2024-10-12T10:23:06.260+0800][info] GC(422) Archive regions: 2->2
[2024-10-12T10:23:06.260+0800][info] GC(422) Humongous regions: 3->3
[2024-10-12T10:23:06.260+0800][info] GC(422) Metaspace: 1678K(1856K)->1678K(1856K) NonClass: 1554K(1664K)->1554K(1664K) Class: 124K(192K)->124K(192K)
[2024-10-12T10:23:06.260+0800][info] GC(422) Pause Young (Normal) (G1 Evacuation Pause) 107M->107M(128M) 1.343ms
[2024-10-12T10:23:06.260+0800][info] GC(422) User=0.00s Sys=0.00s Real=0.00s
[2024-10-12T10:23:06.362+0800][info] GC(423) Pause Young (Concurrent Start) (G1 Evacuation Pause)
[2024-10-12T10:23:06.362+0800][info] GC(423) Using 3 workers of 48 for evacuation
[2024-10-12T10:23:06.364+0800][info] GC(423)   Pre Evacuate Collection Set: 0.1ms
[2024-10-12T10:23:06.364+0800][info] GC(423)   Merge Heap Roots: 0.0ms
[2024-10-12T10:23:06.364+0800][info] GC(423)   Evacuate Collection Set: 0.7ms
[2024-10-12T10:23:06.364+0800][info] GC(423)   Post Evacuate Collection Set: 0.2ms
[2024-10-12T10:23:06.364+0800][info] GC(423)   Other: 0.3ms
[2024-10-12T10:23:06.364+0800][info] GC(423) Eden regions: 2->0(2)
[2024-10-12T10:23:06.364+0800][info] GC(423) Survivor regions: 1->1(1)
[2024-10-12T10:23:06.364+0800][info] GC(423) Old regions: 50->52
[2024-10-12T10:23:06.364+0800][info] GC(423) Archive regions: 2->2
[2024-10-12T10:23:06.364+0800][info] GC(423) Humongous regions: 3->3
[2024-10-12T10:23:06.364+0800][info] GC(423) Metaspace: 1678K(1856K)->1678K(1856K) NonClass: 1554K(1664K)->1554K(1664K) Class: 124K(192K)->124K(192K)
[2024-10-12T10:23:06.364+0800][info] GC(423) Pause Young (Concurrent Start) (G1 Evacuation Pause) 111M->111M(128M) 1.435ms
[2024-10-12T10:23:06.364+0800][info] GC(423) User=0.01s Sys=0.00s Real=0.00s
[2024-10-12T10:23:06.364+0800][info] GC(424) Concurrent Mark Cycle
[2024-10-12T10:23:06.364+0800][info] GC(424) Concurrent Clear Claimed Marks
[2024-10-12T10:23:06.364+0800][info] GC(424) Concurrent Clear Claimed Marks 0.017ms
[2024-10-12T10:23:06.364+0800][info] GC(424) Concurrent Scan Root Regions
[2024-10-12T10:23:06.364+0800][info] GC(424) Concurrent Scan Root Regions 0.165ms
[2024-10-12T10:23:06.364+0800][info] GC(424) Concurrent Mark
[2024-10-12T10:23:06.364+0800][info] GC(424) Concurrent Mark From Roots
[2024-10-12T10:23:06.364+0800][info] GC(424) Using 12 workers of 12 for marking
[2024-10-12T10:23:06.368+0800][info] GC(424) Concurrent Mark From Roots 3.540ms
[2024-10-12T10:23:06.368+0800][info] GC(424) Concurrent Preclean
[2024-10-12T10:23:06.369+0800][info] GC(424) Concurrent Preclean 1.694ms
[2024-10-12T10:23:06.370+0800][info] GC(424) Pause Remark
[2024-10-12T10:23:06.371+0800][info] GC(424) Pause Remark 112M->112M(128M) 1.610ms
[2024-10-12T10:23:06.371+0800][info] GC(424) User=0.01s Sys=0.00s Real=0.00s
[2024-10-12T10:23:06.371+0800][info] GC(424) Concurrent Mark 7.106ms
[2024-10-12T10:23:06.371+0800][info] GC(424) Concurrent Rebuild Remembered Sets
[2024-10-12T10:23:06.373+0800][info] GC(424) Concurrent Rebuild Remembered Sets 1.658ms
[2024-10-12T10:23:06.373+0800][info] GC(424) Pause Cleanup
[2024-10-12T10:23:06.373+0800][info] GC(424) Pause Cleanup 112M->112M(128M) 0.201ms
[2024-10-12T10:23:06.373+0800][info] GC(424) User=0.00s Sys=0.00s Real=0.00s
[2024-10-12T10:23:06.373+0800][info] GC(424) Concurrent Cleanup for Next Mark
[2024-10-12T10:23:06.374+0800][info] GC(424) Concurrent Cleanup for Next Mark 0.362ms
[2024-10-12T10:23:06.374+0800][info] GC(424) Concurrent Mark Cycle 9.865ms
[2024-10-12T10:23:06.517+0800][info] GC(425) Pause Young (Prepare Mixed) (G1 Preventive Collection)
[2024-10-12T10:23:06.517+0800][info] GC(425) Using 3 workers of 48 for evacuation
[2024-10-12T10:23:06.518+0800][info] GC(425)   Pre Evacuate Collection Set: 0.2ms
[2024-10-12T10:23:06.518+0800][info] GC(425)   Merge Heap Roots: 0.1ms
[2024-10-12T10:23:06.518+0800][info] GC(425)   Evacuate Collection Set: 0.8ms
[2024-10-12T10:23:06.518+0800][info] GC(425)   Post Evacuate Collection Set: 0.2ms
[2024-10-12T10:23:06.518+0800][info] GC(425)   Other: 0.2ms
[2024-10-12T10:23:06.519+0800][info] GC(425) Eden regions: 2->0(2)
[2024-10-12T10:23:06.519+0800][info] GC(425) Survivor regions: 1->1(1)
[2024-10-12T10:23:06.519+0800][info] GC(425) Old regions: 52->54
[2024-10-12T10:23:06.519+0800][info] GC(425) Archive regions: 2->2
[2024-10-12T10:23:06.519+0800][info] GC(425) Humongous regions: 3->3
[2024-10-12T10:23:06.519+0800][info] GC(425) Metaspace: 1678K(1856K)->1678K(1856K) NonClass: 1554K(1664K)->1554K(1664K) Class: 124K(192K)->124K(192K)
[2024-10-12T10:23:06.519+0800][info] GC(425) Pause Young (Prepare Mixed) (G1 Preventive Collection) 115M->115M(128M) 1.593ms
[2024-10-12T10:23:06.519+0800][info] GC(425) User=0.01s Sys=0.00s Real=0.00s
[2024-10-12T10:23:06.580+0800][info] GC(426) Pause Young (Mixed) (G1 Preventive Collection)
[2024-10-12T10:23:06.580+0800][info] GC(426) Using 3 workers of 48 for evacuation
[2024-10-12T10:23:06.582+0800][info] GC(426) To-space exhausted
[2024-10-12T10:23:06.582+0800][info] GC(426)   Pre Evacuate Collection Set: 0.2ms
[2024-10-12T10:23:06.582+0800][info] GC(426)   Merge Heap Roots: 0.0ms
[2024-10-12T10:23:06.582+0800][info] GC(426)   Evacuate Collection Set: 1.0ms
[2024-10-12T10:23:06.582+0800][info] GC(426)   Post Evacuate Collection Set: 0.2ms
[2024-10-12T10:23:06.582+0800][info] GC(426)   Other: 0.2ms
[2024-10-12T10:23:06.582+0800][info] GC(426) Eden regions: 1->0(2)
[2024-10-12T10:23:06.582+0800][info] GC(426) Survivor regions: 1->1(1)
[2024-10-12T10:23:06.582+0800][info] GC(426) Old regions: 54->53
[2024-10-12T10:23:06.582+0800][info] GC(426) Archive regions: 2->2
[2024-10-12T10:23:06.582+0800][info] GC(426) Humongous regions: 3->3
[2024-10-12T10:23:06.582+0800][info] GC(426) Metaspace: 1678K(1856K)->1678K(1856K) NonClass: 1554K(1664K)->1554K(1664K) Class: 124K(192K)->124K(192K)
[2024-10-12T10:23:06.582+0800][info] GC(426) Pause Young (Mixed) (G1 Preventive Collection) 117M->114M(128M) 1.808ms
[2024-10-12T10:23:06.582+0800][info] GC(426) User=0.00s Sys=0.00s Real=0.00s
[2024-10-12T10:23:06.623+0800][info] GC(427) Pause Young (Mixed) (G1 Preventive Collection)
[2024-10-12T10:23:06.623+0800][info] GC(427) Using 3 workers of 48 for evacuation
[2024-10-12T10:23:06.625+0800][info] GC(427) To-space exhausted
[2024-10-12T10:23:06.625+0800][info] GC(427)   Pre Evacuate Collection Set: 0.2ms
[2024-10-12T10:23:06.625+0800][info] GC(427)   Merge Heap Roots: 0.1ms
[2024-10-12T10:23:06.625+0800][info] GC(427)   Evacuate Collection Set: 1.2ms
[2024-10-12T10:23:06.625+0800][info] GC(427)   Post Evacuate Collection Set: 0.3ms
[2024-10-12T10:23:06.625+0800][info] GC(427)   Other: 0.2ms
[2024-10-12T10:23:06.625+0800][info] GC(427) Eden regions: 1->0(2)
[2024-10-12T10:23:06.625+0800][info] GC(427) Survivor regions: 1->1(1)
[2024-10-12T10:23:06.625+0800][info] GC(427) Old regions: 53->55
[2024-10-12T10:23:06.625+0800][info] GC(427) Archive regions: 2->2
[2024-10-12T10:23:06.625+0800][info] GC(427) Humongous regions: 3->3
[2024-10-12T10:23:06.625+0800][info] GC(427) Metaspace: 1678K(1856K)->1678K(1856K) NonClass: 1554K(1664K)->1554K(1664K) Class: 124K(192K)->124K(192K)
[2024-10-12T10:23:06.625+0800][info] GC(427) Pause Young (Mixed) (G1 Preventive Collection) 116M->118M(128M) 1.993ms
[2024-10-12T10:23:06.625+0800][info] GC(427) User=0.00s Sys=0.01s Real=0.01s
[2024-10-12T10:23:06.687+0800][info] GC(428) Pause Young (Mixed) (G1 Preventive Collection)
[2024-10-12T10:23:06.687+0800][info] GC(428) Using 3 workers of 48 for evacuation
[2024-10-12T10:23:06.688+0800][info] GC(428) To-space exhausted
[2024-10-12T10:23:06.688+0800][info] GC(428)   Pre Evacuate Collection Set: 0.2ms
[2024-10-12T10:23:06.688+0800][info] GC(428)   Merge Heap Roots: 0.1ms
[2024-10-12T10:23:06.688+0800][info] GC(428)   Evacuate Collection Set: 0.7ms
[2024-10-12T10:23:06.688+0800][info] GC(428)   Post Evacuate Collection Set: 0.2ms
[2024-10-12T10:23:06.688+0800][info] GC(428)   Other: 0.2ms
[2024-10-12T10:23:06.688+0800][info] GC(428) Eden regions: 1->0(2)
[2024-10-12T10:23:06.688+0800][info] GC(428) Survivor regions: 1->1(1)
[2024-10-12T10:23:06.688+0800][info] GC(428) Old regions: 55->57
[2024-10-12T10:23:06.688+0800][info] GC(428) Archive regions: 2->2
[2024-10-12T10:23:06.688+0800][info] GC(428) Humongous regions: 3->3
[2024-10-12T10:23:06.688+0800][info] GC(428) Metaspace: 1678K(1856K)->1678K(1856K) NonClass: 1554K(1664K)->1554K(1664K) Class: 124K(192K)->124K(192K)
[2024-10-12T10:23:06.688+0800][info] GC(428) Pause Young (Mixed) (G1 Preventive Collection) 120M->121M(128M) 1.458ms
[2024-10-12T10:23:06.688+0800][info] GC(428) User=0.01s Sys=0.00s Real=0.00s
[2024-10-12T10:23:06.729+0800][info] GC(429) Pause Young (Mixed) (G1 Evacuation Pause)
[2024-10-12T10:23:06.729+0800][info] GC(429) Using 3 workers of 48 for evacuation
[2024-10-12T10:23:06.730+0800][info] GC(429) To-space exhausted
[2024-10-12T10:23:06.731+0800][info] GC(429)   Pre Evacuate Collection Set: 0.2ms
[2024-10-12T10:23:06.731+0800][info] GC(429)   Merge Heap Roots: 0.1ms
[2024-10-12T10:23:06.731+0800][info] GC(429)   Evacuate Collection Set: 0.4ms
[2024-10-12T10:23:06.731+0800][info] GC(429)   Post Evacuate Collection Set: 0.7ms
[2024-10-12T10:23:06.731+0800][info] GC(429)   Other: 0.2ms
[2024-10-12T10:23:06.731+0800][info] GC(429) Eden regions: 1->0(3)
[2024-10-12T10:23:06.731+0800][info] GC(429) Survivor regions: 1->0(0)
[2024-10-12T10:23:06.731+0800][info] GC(429) Old regions: 57->59
[2024-10-12T10:23:06.731+0800][info] GC(429) Archive regions: 2->2
[2024-10-12T10:23:06.731+0800][info] GC(429) Humongous regions: 3->3
[2024-10-12T10:23:06.731+0800][info] GC(429) Metaspace: 1678K(1856K)->1678K(1856K) NonClass: 1554K(1664K)->1554K(1664K) Class: 124K(192K)->124K(192K)
[2024-10-12T10:23:06.731+0800][info] GC(429) Pause Young (Mixed) (G1 Evacuation Pause) 123M->123M(128M) 1.611ms
[2024-10-12T10:23:06.731+0800][info] GC(429) User=0.00s Sys=0.00s Real=0.00s
[2024-10-12T10:23:06.731+0800][info] Attempting full compaction
[2024-10-12T10:23:06.731+0800][info] GC(430) Using 3 workers of 48 for full compaction
[2024-10-12T10:23:06.731+0800][info] GC(430) Pause Full (G1 Compaction Pause)
[2024-10-12T10:23:06.731+0800][info] GC(430) Phase 1: Mark live objects
[2024-10-12T10:23:06.734+0800][info] GC(430) Phase 1: Mark live objects 3.146ms
[2024-10-12T10:23:06.734+0800][info] GC(430) Phase 2: Prepare for compaction
[2024-10-12T10:23:06.735+0800][info] GC(430) Phase 2: Prepare for compaction 0.720ms
[2024-10-12T10:23:06.735+0800][info] GC(430) Phase 3: Adjust pointers
[2024-10-12T10:23:06.736+0800][info] GC(430) Phase 3: Adjust pointers 1.663ms
[2024-10-12T10:23:06.736+0800][info] GC(430) Phase 4: Compact heap
[2024-10-12T10:23:06.748+0800][info] GC(430) Phase 4: Compact heap 11.900ms
[2024-10-12T10:23:06.750+0800][info] GC(430) Eden regions: 0->0(3)
[2024-10-12T10:23:06.750+0800][info] GC(430) Survivor regions: 0->0(0)
[2024-10-12T10:23:06.750+0800][info] GC(430) Old regions: 59->39
[2024-10-12T10:23:06.750+0800][info] GC(430) Archive regions: 2->2
[2024-10-12T10:23:06.750+0800][info] GC(430) Humongous regions: 3->3
[2024-10-12T10:23:06.750+0800][info] GC(430) Metaspace: 1678K(1856K)->1678K(1856K) NonClass: 1554K(1664K)->1554K(1664K) Class: 124K(192K)->124K(192K)
[2024-10-12T10:23:06.750+0800][info] GC(430) Pause Full (G1 Compaction Pause) 123M->71M(128M) 19.171ms
[2024-10-12T10:23:06.750+0800][info] GC(430) User=0.04s Sys=0.00s Real=0.02s
[2024-10-12T10:23:06.914+0800][info] GC(431) Pause Young (Normal) (G1 Evacuation Pause)
[2024-10-12T10:23:06.914+0800][info] GC(431) Using 3 workers of 48 for evacuation
[2024-10-12T10:23:06.915+0800][info] GC(431)   Pre Evacuate Collection Set: 0.1ms
[2024-10-12T10:23:06.915+0800][info] GC(431)   Merge Heap Roots: 0.0ms
[2024-10-12T10:23:06.915+0800][info] GC(431)   Evacuate Collection Set: 0.9ms
[2024-10-12T10:23:06.915+0800][info] GC(431)   Post Evacuate Collection Set: 0.2ms
[2024-10-12T10:23:06.915+0800][info] GC(431)   Other: 0.2ms
[2024-10-12T10:23:06.915+0800][info] GC(431) Eden regions: 3->0(2)
[2024-10-12T10:23:06.915+0800][info] GC(431) Survivor regions: 0->1(1)
[2024-10-12T10:23:06.915+0800][info] GC(431) Old regions: 39->41
[2024-10-12T10:23:06.915+0800][info] GC(431) Archive regions: 2->2
[2024-10-12T10:23:06.915+0800][info] GC(431) Humongous regions: 3->3
[2024-10-12T10:23:06.915+0800][info] GC(431) Metaspace: 1678K(1856K)->1678K(1856K) NonClass: 1554K(1664K)->1554K(1664K) Class: 124K(192K)->124K(192K)
[2024-10-12T10:23:06.916+0800][info] GC(431) Pause Young (Normal) (G1 Evacuation Pause) 77M->77M(128M) 1.592ms
[2024-10-12T10:23:06.916+0800][info] GC(431) User=0.00s Sys=0.00s Real=0.00s
[2024-10-12T10:23:07.019+0800][info] GC(432) Pause Young (Normal) (G1 Evacuation Pause)
[2024-10-12T10:23:07.019+0800][info] GC(432) Using 3 workers of 48 for evacuation
[2024-10-12T10:23:07.020+0800][info] GC(432)   Pre Evacuate Collection Set: 0.1ms
[2024-10-12T10:23:07.020+0800][info] GC(432)   Merge Heap Roots: 0.1ms
[2024-10-12T10:23:07.020+0800][info] GC(432)   Evacuate Collection Set: 0.7ms
[2024-10-12T10:23:07.020+0800][info] GC(432)   Post Evacuate Collection Set: 0.2ms
[2024-10-12T10:23:07.020+0800][info] GC(432)   Other: 0.2ms
[2024-10-12T10:23:07.020+0800][info] GC(432) Eden regions: 2->0(2)
[2024-10-12T10:23:07.020+0800][info] GC(432) Survivor regions: 1->1(1)
[2024-10-12T10:23:07.020+0800][info] GC(432) Old regions: 41->43
[2024-10-12T10:23:07.020+0800][info] GC(432) Archive regions: 2->2
[2024-10-12T10:23:07.020+0800][info] GC(432) Humongous regions: 4->4
[2024-10-12T10:23:07.020+0800][info] GC(432) Metaspace: 1678K(1856K)->1678K(1856K) NonClass: 1554K(1664K)->1554K(1664K) Class: 124K(192K)->124K(192K)
[2024-10-12T10:23:07.020+0800][info] GC(432) Pause Young (Normal) (G1 Evacuation Pause) 82M->83M(128M) 1.317ms
[2024-10-12T10:23:07.020+0800][info] GC(432) User=0.01s Sys=0.00s Real=0.00s
[2024-10-12T10:23:07.122+0800][info] GC(433) Pause Young (Normal) (G1 Evacuation Pause)
[2024-10-12T10:23:07.122+0800][info] GC(433) Using 3 workers of 48 for evacuation
[2024-10-12T10:23:07.123+0800][info] GC(433)   Pre Evacuate Collection Set: 0.1ms
[2024-10-12T10:23:07.123+0800][info] GC(433)   Merge Heap Roots: 0.0ms
[2024-10-12T10:23:07.123+0800][info] GC(433)   Evacuate Collection Set: 0.7ms
[2024-10-12T10:23:07.123+0800][info] GC(433)   Post Evacuate Collection Set: 0.2ms
[2024-10-12T10:23:07.123+0800][info] GC(433)   Other: 0.2ms
[2024-10-12T10:23:07.123+0800][info] GC(433) Eden regions: 2->0(2)
[2024-10-12T10:23:07.123+0800][info] GC(433) Survivor regions: 1->1(1)
[2024-10-12T10:23:07.123+0800][info] GC(433) Old regions: 43->45
[2024-10-12T10:23:07.123+0800][info] GC(433) Archive regions: 2->2
[2024-10-12T10:23:07.123+0800][info] GC(433) Humongous regions: 4->4
[2024-10-12T10:23:07.123+0800][info] GC(433) Metaspace: 1678K(1856K)->1678K(1856K) NonClass: 1554K(1664K)->1554K(1664K) Class: 124K(192K)->124K(192K)
[2024-10-12T10:23:07.123+0800][info] GC(433) Pause Young (Normal) (G1 Evacuation Pause) 86M->87M(128M) 1.307ms
[2024-10-12T10:23:07.123+0800][info] GC(433) User=0.00s Sys=0.00s Real=0.00s
[2024-10-12T10:23:07.226+0800][info] GC(434) Pause Young (Concurrent Start) (G1 Evacuation Pause)
[2024-10-12T10:23:07.226+0800][info] GC(434) Using 3 workers of 48 for evacuation
[2024-10-12T10:23:07.227+0800][info] GC(434)   Pre Evacuate Collection Set: 0.1ms
[2024-10-12T10:23:07.227+0800][info] GC(434)   Merge Heap Roots: 0.0ms
[2024-10-12T10:23:07.227+0800][info] GC(434)   Evacuate Collection Set: 0.7ms
[2024-10-12T10:23:07.227+0800][info] GC(434)   Post Evacuate Collection Set: 0.2ms
[2024-10-12T10:23:07.227+0800][info] GC(434)   Other: 0.4ms
[2024-10-12T10:23:07.227+0800][info] GC(434) Eden regions: 2->0(2)
[2024-10-12T10:23:07.227+0800][info] GC(434) Survivor regions: 1->1(1)
[2024-10-12T10:23:07.227+0800][info] GC(434) Old regions: 45->47
[2024-10-12T10:23:07.227+0800][info] GC(434) Archive regions: 2->2
[2024-10-12T10:23:07.227+0800][info] GC(434) Humongous regions: 4->4
[2024-10-12T10:23:07.227+0800][info] GC(434) Metaspace: 1678K(1856K)->1678K(1856K) NonClass: 1554K(1664K)->1554K(1664K) Class: 124K(192K)->124K(192K)
[2024-10-12T10:23:07.227+0800][info] GC(434) Pause Young (Concurrent Start) (G1 Evacuation Pause) 90M->91M(128M) 1.508ms
[2024-10-12T10:23:07.227+0800][info] GC(434) User=0.01s Sys=0.00s Real=0.00s
[2024-10-12T10:23:07.227+0800][info] GC(435) Concurrent Mark Cycle
[2024-10-12T10:23:07.227+0800][info] GC(435) Concurrent Clear Claimed Marks
[2024-10-12T10:23:07.227+0800][info] GC(435) Concurrent Clear Claimed Marks 0.017ms
[2024-10-12T10:23:07.227+0800][info] GC(435) Concurrent Scan Root Regions
[2024-10-12T10:23:07.228+0800][info] GC(435) Concurrent Scan Root Regions 0.155ms
[2024-10-12T10:23:07.228+0800][info] GC(435) Concurrent Mark
[2024-10-12T10:23:07.228+0800][info] GC(435) Concurrent Mark From Roots
[2024-10-12T10:23:07.228+0800][info] GC(435) Using 12 workers of 12 for marking
[2024-10-12T10:23:07.232+0800][info] GC(435) Concurrent Mark From Roots 4.275ms
[2024-10-12T10:23:07.232+0800][info] GC(435) Concurrent Preclean
[2024-10-12T10:23:07.234+0800][info] GC(435) Concurrent Preclean 1.728ms
[2024-10-12T10:23:07.234+0800][info] GC(435) Pause Remark
[2024-10-12T10:23:07.235+0800][info] GC(435) Pause Remark 91M->89M(128M) 1.592ms
[2024-10-12T10:23:07.235+0800][info] GC(435) User=0.00s Sys=0.00s Real=0.00s
[2024-10-12T10:23:07.235+0800][info] GC(435) Concurrent Mark 7.868ms
[2024-10-12T10:23:07.236+0800][info] GC(435) Concurrent Rebuild Remembered Sets
[2024-10-12T10:23:07.238+0800][info] GC(435) Concurrent Rebuild Remembered Sets 2.245ms
[2024-10-12T10:23:07.238+0800][info] GC(435) Pause Cleanup
[2024-10-12T10:23:07.238+0800][info] GC(435) Pause Cleanup 89M->89M(128M) 0.200ms
[2024-10-12T10:23:07.238+0800][info] GC(435) User=0.00s Sys=0.00s Real=0.00s
[2024-10-12T10:23:07.238+0800][info] GC(435) Concurrent Cleanup for Next Mark
[2024-10-12T10:23:07.239+0800][info] GC(435) Concurrent Cleanup for Next Mark 0.359ms
[2024-10-12T10:23:07.239+0800][info] GC(435) Concurrent Mark Cycle 11.203ms
[2024-10-12T10:23:07.380+0800][info] GC(436) Pause Young (Prepare Mixed) (G1 Evacuation Pause)
[2024-10-12T10:23:07.380+0800][info] GC(436) Using 3 workers of 48 for evacuation
[2024-10-12T10:23:07.382+0800][info] GC(436)   Pre Evacuate Collection Set: 0.1ms
[2024-10-12T10:23:07.382+0800][info] GC(436)   Merge Heap Roots: 0.1ms
[2024-10-12T10:23:07.382+0800][info] GC(436)   Evacuate Collection Set: 0.8ms
[2024-10-12T10:23:07.382+0800][info] GC(436)   Post Evacuate Collection Set: 0.2ms
[2024-10-12T10:23:07.382+0800][info] GC(436)   Other: 0.2ms
[2024-10-12T10:23:07.382+0800][info] GC(436) Eden regions: 2->0(2)
[2024-10-12T10:23:07.382+0800][info] GC(436) Survivor regions: 1->1(1)
[2024-10-12T10:23:07.382+0800][info] GC(436) Old regions: 47->49
[2024-10-12T10:23:07.382+0800][info] GC(436) Archive regions: 2->2
[2024-10-12T10:23:07.382+0800][info] GC(436) Humongous regions: 3->3
[2024-10-12T10:23:07.382+0800][info] GC(436) Metaspace: 1678K(1856K)->1678K(1856K) NonClass: 1554K(1664K)->1554K(1664K) Class: 124K(192K)->124K(192K)
[2024-10-12T10:23:07.382+0800][info] GC(436) Pause Young (Prepare Mixed) (G1 Evacuation Pause) 92M->92M(128M) 1.488ms
[2024-10-12T10:23:07.382+0800][info] GC(436) User=0.00s Sys=0.00s Real=0.00s
[2024-10-12T10:23:07.484+0800][info] GC(437) Pause Young (Mixed) (G1 Evacuation Pause)
[2024-10-12T10:23:07.484+0800][info] GC(437) Using 3 workers of 48 for evacuation
[2024-10-12T10:23:07.486+0800][info] GC(437)   Pre Evacuate Collection Set: 0.2ms
[2024-10-12T10:23:07.486+0800][info] GC(437)   Merge Heap Roots: 0.1ms
[2024-10-12T10:23:07.486+0800][info] GC(437)   Evacuate Collection Set: 1.6ms
[2024-10-12T10:23:07.486+0800][info] GC(437)   Post Evacuate Collection Set: 0.2ms
[2024-10-12T10:23:07.486+0800][info] GC(437)   Other: 0.2ms
[2024-10-12T10:23:07.486+0800][info] GC(437) Eden regions: 2->0(2)
[2024-10-12T10:23:07.486+0800][info] GC(437) Survivor regions: 1->1(1)
[2024-10-12T10:23:07.486+0800][info] GC(437) Old regions: 49->46
[2024-10-12T10:23:07.487+0800][info] GC(437) Archive regions: 2->2
[2024-10-12T10:23:07.487+0800][info] GC(437) Humongous regions: 3->3
[2024-10-12T10:23:07.487+0800][info] GC(437) Metaspace: 1678K(1856K)->1678K(1856K) NonClass: 1554K(1664K)->1554K(1664K) Class: 124K(192K)->124K(192K)
[2024-10-12T10:23:07.487+0800][info] GC(437) Pause Young (Mixed) (G1 Evacuation Pause) 96M->92M(128M) 2.289ms
[2024-10-12T10:23:07.487+0800][info] GC(437) User=0.00s Sys=0.00s Real=0.01s
[2024-10-12T10:23:07.589+0800][info] GC(438) Pause Young (Mixed) (G1 Evacuation Pause)
[2024-10-12T10:23:07.589+0800][info] GC(438) Using 3 workers of 48 for evacuation
[2024-10-12T10:23:07.591+0800][info] GC(438)   Pre Evacuate Collection Set: 0.2ms
[2024-10-12T10:23:07.591+0800][info] GC(438)   Merge Heap Roots: 0.1ms
[2024-10-12T10:23:07.591+0800][info] GC(438)   Evacuate Collection Set: 1.6ms
[2024-10-12T10:23:07.591+0800][info] GC(438)   Post Evacuate Collection Set: 0.2ms
[2024-10-12T10:23:07.591+0800][info] GC(438)   Other: 0.1ms
[2024-10-12T10:23:07.591+0800][info] GC(438) Eden regions: 2->0(2)
[2024-10-12T10:23:07.591+0800][info] GC(438) Survivor regions: 1->1(1)
[2024-10-12T10:23:07.591+0800][info] GC(438) Old regions: 46->46
[2024-10-12T10:23:07.591+0800][info] GC(438) Archive regions: 2->2
[2024-10-12T10:23:07.591+0800][info] GC(438) Humongous regions: 3->3
[2024-10-12T10:23:07.591+0800][info] GC(438) Metaspace: 1678K(1856K)->1678K(1856K) NonClass: 1554K(1664K)->1554K(1664K) Class: 124K(192K)->124K(192K)
[2024-10-12T10:23:07.591+0800][info] GC(438) Pause Young (Mixed) (G1 Evacuation Pause) 95M->93M(128M) 2.309ms
[2024-10-12T10:23:07.591+0800][info] GC(438) User=0.01s Sys=0.00s Real=0.00s
[2024-10-12T10:23:07.694+0800][info] GC(439) Pause Young (Mixed) (G1 Evacuation Pause)
[2024-10-12T10:23:07.694+0800][info] GC(439) Using 3 workers of 48 for evacuation
[2024-10-12T10:23:07.696+0800][info] GC(439)   Pre Evacuate Collection Set: 0.2ms
[2024-10-12T10:23:07.696+0800][info] GC(439)   Merge Heap Roots: 0.1ms
[2024-10-12T10:23:07.696+0800][info] GC(439)   Evacuate Collection Set: 1.8ms
[2024-10-12T10:23:07.696+0800][info] GC(439)   Post Evacuate Collection Set: 0.2ms
[2024-10-12T10:23:07.696+0800][info] GC(439)   Other: 0.1ms
[2024-10-12T10:23:07.696+0800][info] GC(439) Eden regions: 2->0(2)
[2024-10-12T10:23:07.696+0800][info] GC(439) Survivor regions: 1->1(1)
[2024-10-12T10:23:07.696+0800][info] GC(439) Old regions: 46->45
[2024-10-12T10:23:07.696+0800][info] GC(439) Archive regions: 2->2
[2024-10-12T10:23:07.696+0800][info] GC(439) Humongous regions: 3->3
[2024-10-12T10:23:07.696+0800][info] GC(439) Metaspace: 1678K(1856K)->1678K(1856K) NonClass: 1554K(1664K)->1554K(1664K) Class: 124K(192K)->124K(192K)
[2024-10-12T10:23:07.696+0800][info] GC(439) Pause Young (Mixed) (G1 Evacuation Pause) 97M->93M(128M) 2.472ms
[2024-10-12T10:23:07.696+0800][info] GC(439) User=0.01s Sys=0.00s Real=0.00s
[2024-10-12T10:23:07.798+0800][info] GC(440) Pause Young (Mixed) (G1 Evacuation Pause)
[2024-10-12T10:23:07.798+0800][info] GC(440) Using 3 workers of 48 for evacuation
[2024-10-12T10:23:07.799+0800][info] GC(440)   Pre Evacuate Collection Set: 0.2ms
[2024-10-12T10:23:07.799+0800][info] GC(440)   Merge Heap Roots: 0.0ms
[2024-10-12T10:23:07.799+0800][info] GC(440)   Evacuate Collection Set: 0.9ms
[2024-10-12T10:23:07.800+0800][info] GC(440)   Post Evacuate Collection Set: 0.2ms
[2024-10-12T10:23:07.800+0800][info] GC(440)   Other: 0.1ms
[2024-10-12T10:23:07.800+0800][info] GC(440) Eden regions: 2->0(2)
[2024-10-12T10:23:07.800+0800][info] GC(440) Survivor regions: 1->1(1)
[2024-10-12T10:23:07.800+0800][info] GC(440) Old regions: 45->46
[2024-10-12T10:23:07.800+0800][info] GC(440) Archive regions: 2->2
[2024-10-12T10:23:07.800+0800][info] GC(440) Humongous regions: 3->3
[2024-10-12T10:23:07.800+0800][info] GC(440) Metaspace: 1678K(1856K)->1678K(1856K) NonClass: 1554K(1664K)->1554K(1664K) Class: 124K(192K)->124K(192K)
[2024-10-12T10:23:07.800+0800][info] GC(440) Pause Young (Mixed) (G1 Evacuation Pause) 96M->96M(128M) 1.489ms
[2024-10-12T10:23:07.800+0800][info] GC(440) User=0.00s Sys=0.00s Real=0.00s
[2024-10-12T10:23:07.902+0800][info] GC(441) Pause Young (Normal) (G1 Evacuation Pause)
[2024-10-12T10:23:07.902+0800][info] GC(441) Using 3 workers of 48 for evacuation
[2024-10-12T10:23:07.903+0800][info] GC(441)   Pre Evacuate Collection Set: 0.1ms
[2024-10-12T10:23:07.903+0800][info] GC(441)   Merge Heap Roots: 0.0ms
[2024-10-12T10:23:07.903+0800][info] GC(441)   Evacuate Collection Set: 0.7ms
[2024-10-12T10:23:07.903+0800][info] GC(441)   Post Evacuate Collection Set: 0.2ms
[2024-10-12T10:23:07.903+0800][info] GC(441)   Other: 0.2ms
[2024-10-12T10:23:07.903+0800][info] GC(441) Eden regions: 2->0(2)
[2024-10-12T10:23:07.903+0800][info] GC(441) Survivor regions: 1->1(1)
[2024-10-12T10:23:07.903+0800][info] GC(441) Old regions: 46->48
[2024-10-12T10:23:07.903+0800][info] GC(441) Archive regions: 2->2
[2024-10-12T10:23:07.903+0800][info] GC(441) Humongous regions: 3->3
[2024-10-12T10:23:07.903+0800][info] GC(441) Metaspace: 1678K(1856K)->1678K(1856K) NonClass: 1554K(1664K)->1554K(1664K) Class: 124K(192K)->124K(192K)
[2024-10-12T10:23:07.903+0800][info] GC(441) Pause Young (Normal) (G1 Evacuation Pause) 100M->100M(128M) 1.283ms
[2024-10-12T10:23:07.903+0800][info] GC(441) User=0.01s Sys=0.00s Real=0.00s
[2024-10-12T10:23:08.005+0800][info] GC(442) Pause Young (Normal) (G1 Evacuation Pause)
[2024-10-12T10:23:08.006+0800][info] GC(442) Using 3 workers of 48 for evacuation
[2024-10-12T10:23:08.007+0800][info] GC(442)   Pre Evacuate Collection Set: 0.1ms
[2024-10-12T10:23:08.007+0800][info] GC(442)   Merge Heap Roots: 0.0ms
[2024-10-12T10:23:08.007+0800][info] GC(442)   Evacuate Collection Set: 0.6ms
[2024-10-12T10:23:08.007+0800][info] GC(442)   Post Evacuate Collection Set: 0.2ms
[2024-10-12T10:23:08.007+0800][info] GC(442)   Other: 0.2ms
[2024-10-12T10:23:08.007+0800][info] GC(442) Eden regions: 2->0(2)
[2024-10-12T10:23:08.007+0800][info] GC(442) Survivor regions: 1->1(1)
[2024-10-12T10:23:08.007+0800][info] GC(442) Old regions: 48->50
[2024-10-12T10:23:08.007+0800][info] GC(442) Archive regions: 2->2
[2024-10-12T10:23:08.007+0800][info] GC(442) Humongous regions: 3->3
[2024-10-12T10:23:08.007+0800][info] GC(442) Metaspace: 1678K(1856K)->1678K(1856K) NonClass: 1554K(1664K)->1554K(1664K) Class: 124K(192K)->124K(192K)
[2024-10-12T10:23:08.007+0800][info] GC(442) Pause Young (Normal) (G1 Evacuation Pause) 104M->104M(128M) 1.256ms
[2024-10-12T10:23:08.007+0800][info] GC(442) User=0.00s Sys=0.01s Real=0.00s
[2024-10-12T10:23:08.109+0800][info] GC(443) Pause Young (Concurrent Start) (G1 Evacuation Pause)
[2024-10-12T10:23:08.109+0800][info] GC(443) Using 3 workers of 48 for evacuation
[2024-10-12T10:23:08.111+0800][info] GC(443)   Pre Evacuate Collection Set: 0.1ms
[2024-10-12T10:23:08.111+0800][info] GC(443)   Merge Heap Roots: 0.0ms
[2024-10-12T10:23:08.111+0800][info] GC(443)   Evacuate Collection Set: 0.9ms
[2024-10-12T10:23:08.111+0800][info] GC(443)   Post Evacuate Collection Set: 0.2ms
[2024-10-12T10:23:08.111+0800][info] GC(443)   Other: 0.3ms
[2024-10-12T10:23:08.111+0800][info] GC(443) Eden regions: 2->0(2)
[2024-10-12T10:23:08.111+0800][info] GC(443) Survivor regions: 1->1(1)
[2024-10-12T10:23:08.111+0800][info] GC(443) Old regions: 50->52
[2024-10-12T10:23:08.111+0800][info] GC(443) Archive regions: 2->2
[2024-10-12T10:23:08.111+0800][info] GC(443) Humongous regions: 3->3
[2024-10-12T10:23:08.111+0800][info] GC(443) Metaspace: 1678K(1856K)->1678K(1856K) NonClass: 1554K(1664K)->1554K(1664K) Class: 124K(192K)->124K(192K)
[2024-10-12T10:23:08.111+0800][info] GC(443) Pause Young (Concurrent Start) (G1 Evacuation Pause) 108M->108M(128M) 1.637ms
[2024-10-12T10:23:08.111+0800][info] GC(443) User=0.00s Sys=0.00s Real=0.00s
[2024-10-12T10:23:08.111+0800][info] GC(444) Concurrent Mark Cycle
[2024-10-12T10:23:08.111+0800][info] GC(444) Concurrent Clear Claimed Marks
[2024-10-12T10:23:08.111+0800][info] GC(444) Concurrent Clear Claimed Marks 0.017ms
[2024-10-12T10:23:08.111+0800][info] GC(444) Concurrent Scan Root Regions
[2024-10-12T10:23:08.111+0800][info] GC(444) Concurrent Scan Root Regions 0.148ms
[2024-10-12T10:23:08.111+0800][info] GC(444) Concurrent Mark
[2024-10-12T10:23:08.111+0800][info] GC(444) Concurrent Mark From Roots
[2024-10-12T10:23:08.111+0800][info] GC(444) Using 12 workers of 12 for marking
[2024-10-12T10:23:08.115+0800][info] GC(444) Concurrent Mark From Roots 4.008ms
[2024-10-12T10:23:08.115+0800][info] GC(444) Concurrent Preclean
[2024-10-12T10:23:08.117+0800][info] GC(444) Concurrent Preclean 1.668ms
[2024-10-12T10:23:08.117+0800][info] GC(444) Pause Remark
[2024-10-12T10:23:08.119+0800][info] GC(444) Pause Remark 108M->108M(128M) 1.525ms
[2024-10-12T10:23:08.119+0800][info] GC(444) User=0.00s Sys=0.00s Real=0.00s
[2024-10-12T10:23:08.119+0800][info] GC(444) Concurrent Mark 7.399ms
[2024-10-12T10:23:08.119+0800][info] GC(444) Concurrent Rebuild Remembered Sets
[2024-10-12T10:23:08.120+0800][info] GC(444) Concurrent Rebuild Remembered Sets 1.622ms
[2024-10-12T10:23:08.120+0800][info] GC(444) Pause Cleanup
[2024-10-12T10:23:08.121+0800][info] GC(444) Pause Cleanup 108M->108M(128M) 0.194ms
[2024-10-12T10:23:08.121+0800][info] GC(444) User=0.00s Sys=0.00s Real=0.00s
[2024-10-12T10:23:08.121+0800][info] GC(444) Concurrent Cleanup for Next Mark
[2024-10-12T10:23:08.121+0800][info] GC(444) Concurrent Cleanup for Next Mark 0.377ms
[2024-10-12T10:23:08.121+0800][info] GC(444) Concurrent Mark Cycle 10.122ms
[2024-10-12T10:23:08.264+0800][info] GC(445) Pause Young (Prepare Mixed) (G1 Preventive Collection)
[2024-10-12T10:23:08.264+0800][info] GC(445) Using 3 workers of 48 for evacuation
[2024-10-12T10:23:08.265+0800][info] GC(445)   Pre Evacuate Collection Set: 0.1ms
[2024-10-12T10:23:08.265+0800][info] GC(445)   Merge Heap Roots: 0.1ms
[2024-10-12T10:23:08.265+0800][info] GC(445)   Evacuate Collection Set: 0.8ms
[2024-10-12T10:23:08.265+0800][info] GC(445)   Post Evacuate Collection Set: 0.2ms
[2024-10-12T10:23:08.265+0800][info] GC(445)   Other: 0.2ms
[2024-10-12T10:23:08.265+0800][info] GC(445) Eden regions: 2->0(2)
[2024-10-12T10:23:08.265+0800][info] GC(445) Survivor regions: 1->1(1)
[2024-10-12T10:23:08.265+0800][info] GC(445) Old regions: 52->54
[2024-10-12T10:23:08.266+0800][info] GC(445) Archive regions: 2->2
[2024-10-12T10:23:08.266+0800][info] GC(445) Humongous regions: 3->3
[2024-10-12T10:23:08.266+0800][info] GC(445) Metaspace: 1678K(1856K)->1678K(1856K) NonClass: 1554K(1664K)->1554K(1664K) Class: 124K(192K)->124K(192K)
[2024-10-12T10:23:08.266+0800][info] GC(445) Pause Young (Prepare Mixed) (G1 Preventive Collection) 111M->112M(128M) 1.551ms
[2024-10-12T10:23:08.266+0800][info] GC(445) User=0.01s Sys=0.00s Real=0.01s
[2024-10-12T10:23:08.327+0800][info] GC(446) Pause Young (Mixed) (G1 Preventive Collection)
[2024-10-12T10:23:08.327+0800][info] GC(446) Using 3 workers of 48 for evacuation
[2024-10-12T10:23:08.328+0800][info] GC(446) To-space exhausted
[2024-10-12T10:23:08.328+0800][info] GC(446)   Pre Evacuate Collection Set: 0.2ms
[2024-10-12T10:23:08.328+0800][info] GC(446)   Merge Heap Roots: 0.1ms
[2024-10-12T10:23:08.328+0800][info] GC(446)   Evacuate Collection Set: 0.9ms
[2024-10-12T10:23:08.328+0800][info] GC(446)   Post Evacuate Collection Set: 0.2ms
[2024-10-12T10:23:08.328+0800][info] GC(446)   Other: 0.2ms
[2024-10-12T10:23:08.329+0800][info] GC(446) Eden regions: 1->0(2)
[2024-10-12T10:23:08.329+0800][info] GC(446) Survivor regions: 1->1(1)
[2024-10-12T10:23:08.329+0800][info] GC(446) Old regions: 54->51
[2024-10-12T10:23:08.329+0800][info] GC(446) Archive regions: 2->2
[2024-10-12T10:23:08.329+0800][info] GC(446) Humongous regions: 3->3
[2024-10-12T10:23:08.329+0800][info] GC(446) Metaspace: 1678K(1856K)->1678K(1856K) NonClass: 1554K(1664K)->1554K(1664K) Class: 124K(192K)->124K(192K)
[2024-10-12T10:23:08.329+0800][info] GC(446) Pause Young (Mixed) (G1 Preventive Collection) 114M->107M(128M) 1.641ms
[2024-10-12T10:23:08.329+0800][info] GC(446) User=0.00s Sys=0.00s Real=0.00s
[2024-10-12T10:23:08.431+0800][info] GC(447) Pause Young (Mixed) (G1 Preventive Collection)
[2024-10-12T10:23:08.431+0800][info] GC(447) Using 3 workers of 48 for evacuation
[2024-10-12T10:23:08.433+0800][info] GC(447) To-space exhausted
[2024-10-12T10:23:08.433+0800][info] GC(447)   Pre Evacuate Collection Set: 0.2ms
[2024-10-12T10:23:08.433+0800][info] GC(447)   Merge Heap Roots: 0.0ms
[2024-10-12T10:23:08.433+0800][info] GC(447)   Evacuate Collection Set: 1.3ms
[2024-10-12T10:23:08.433+0800][info] GC(447)   Post Evacuate Collection Set: 0.2ms
[2024-10-12T10:23:08.433+0800][info] GC(447)   Other: 0.1ms
[2024-10-12T10:23:08.433+0800][info] GC(447) Eden regions: 2->0(2)
[2024-10-12T10:23:08.433+0800][info] GC(447) Survivor regions: 1->1(1)
[2024-10-12T10:23:08.433+0800][info] GC(447) Old regions: 51->53
[2024-10-12T10:23:08.433+0800][info] GC(447) Archive regions: 2->2
[2024-10-12T10:23:08.433+0800][info] GC(447) Humongous regions: 3->3
[2024-10-12T10:23:08.433+0800][info] GC(447) Metaspace: 1678K(1856K)->1678K(1856K) NonClass: 1554K(1664K)->1554K(1664K) Class: 124K(192K)->124K(192K)
[2024-10-12T10:23:08.433+0800][info] GC(447) Pause Young (Mixed) (G1 Preventive Collection) 111M->111M(128M) 2.009ms
[2024-10-12T10:23:08.433+0800][info] GC(447) User=0.01s Sys=0.00s Real=0.01s
[2024-10-12T10:23:08.495+0800][info] GC(448) Pause Young (Mixed) (G1 Preventive Collection)
[2024-10-12T10:23:08.495+0800][info] GC(448) Using 3 workers of 48 for evacuation
[2024-10-12T10:23:08.496+0800][info] GC(448) To-space exhausted
[2024-10-12T10:23:08.496+0800][info] GC(448)   Pre Evacuate Collection Set: 0.2ms
[2024-10-12T10:23:08.496+0800][info] GC(448)   Merge Heap Roots: 0.1ms
[2024-10-12T10:23:08.496+0800][info] GC(448)   Evacuate Collection Set: 1.2ms
[2024-10-12T10:23:08.496+0800][info] GC(448)   Post Evacuate Collection Set: 0.3ms
[2024-10-12T10:23:08.496+0800][info] GC(448)   Other: 0.1ms
[2024-10-12T10:23:08.496+0800][info] GC(448) Eden regions: 1->0(2)
[2024-10-12T10:23:08.496+0800][info] GC(448) Survivor regions: 1->1(1)
[2024-10-12T10:23:08.497+0800][info] GC(448) Old regions: 53->56
[2024-10-12T10:23:08.497+0800][info] GC(448) Archive regions: 2->2
[2024-10-12T10:23:08.497+0800][info] GC(448) Humongous regions: 3->3
[2024-10-12T10:23:08.497+0800][info] GC(448) Metaspace: 1678K(1856K)->1678K(1856K) NonClass: 1554K(1664K)->1554K(1664K) Class: 124K(192K)->124K(192K)
[2024-10-12T10:23:08.497+0800][info] GC(448) Pause Young (Mixed) (G1 Preventive Collection) 113M->117M(128M) 2.007ms
[2024-10-12T10:23:08.497+0800][info] GC(448) User=0.00s Sys=0.00s Real=0.00s
[2024-10-12T10:23:08.538+0800][info] GC(449) Pause Young (Mixed) (G1 Preventive Collection)
[2024-10-12T10:23:08.538+0800][info] GC(449) Using 3 workers of 48 for evacuation
[2024-10-12T10:23:08.539+0800][info] GC(449) To-space exhausted
[2024-10-12T10:23:08.539+0800][info] GC(449)   Pre Evacuate Collection Set: 0.2ms
[2024-10-12T10:23:08.539+0800][info] GC(449)   Merge Heap Roots: 0.1ms
[2024-10-12T10:23:08.539+0800][info] GC(449)   Evacuate Collection Set: 0.5ms
[2024-10-12T10:23:08.539+0800][info] GC(449)   Post Evacuate Collection Set: 0.5ms
[2024-10-12T10:23:08.539+0800][info] GC(449)   Other: 0.1ms
[2024-10-12T10:23:08.539+0800][info] GC(449) Eden regions: 1->0(2)
[2024-10-12T10:23:08.539+0800][info] GC(449) Survivor regions: 1->1(1)
[2024-10-12T10:23:08.539+0800][info] GC(449) Old regions: 56->57
[2024-10-12T10:23:08.539+0800][info] GC(449) Archive regions: 2->2
[2024-10-12T10:23:08.539+0800][info] GC(449) Humongous regions: 3->3
[2024-10-12T10:23:08.539+0800][info] GC(449) Metaspace: 1678K(1856K)->1678K(1856K) NonClass: 1554K(1664K)->1554K(1664K) Class: 124K(192K)->124K(192K)
[2024-10-12T10:23:08.539+0800][info] GC(449) Pause Young (Mixed) (G1 Preventive Collection) 119M->118M(128M) 1.504ms
[2024-10-12T10:23:08.539+0800][info] GC(449) User=0.01s Sys=0.00s Real=0.00s
[2024-10-12T10:23:08.601+0800][info] GC(450) Pause Young (Mixed) (G1 Evacuation Pause)
[2024-10-12T10:23:08.601+0800][info] GC(450) Using 3 workers of 48 for evacuation
[2024-10-12T10:23:08.602+0800][info] GC(450) To-space exhausted
[2024-10-12T10:23:08.602+0800][info] GC(450)   Pre Evacuate Collection Set: 0.2ms
[2024-10-12T10:23:08.602+0800][info] GC(450)   Merge Heap Roots: 0.1ms
[2024-10-12T10:23:08.602+0800][info] GC(450)   Evacuate Collection Set: 0.3ms
[2024-10-12T10:23:08.602+0800][info] GC(450)   Post Evacuate Collection Set: 0.3ms
[2024-10-12T10:23:08.602+0800][info] GC(450)   Other: 0.1ms
[2024-10-12T10:23:08.602+0800][info] GC(450) Eden regions: 1->0(3)
[2024-10-12T10:23:08.602+0800][info] GC(450) Survivor regions: 1->0(0)
[2024-10-12T10:23:08.602+0800][info] GC(450) Old regions: 57->59
[2024-10-12T10:23:08.602+0800][info] GC(450) Archive regions: 2->2
[2024-10-12T10:23:08.602+0800][info] GC(450) Humongous regions: 3->3
[2024-10-12T10:23:08.602+0800][info] GC(450) Metaspace: 1678K(1856K)->1678K(1856K) NonClass: 1554K(1664K)->1554K(1664K) Class: 124K(192K)->124K(192K)
[2024-10-12T10:23:08.602+0800][info] GC(450) Pause Young (Mixed) (G1 Evacuation Pause) 120M->120M(128M) 1.111ms
[2024-10-12T10:23:08.602+0800][info] GC(450) User=0.00s Sys=0.00s Real=0.00s
[2024-10-12T10:23:08.602+0800][info] Attempting full compaction
[2024-10-12T10:23:08.602+0800][info] GC(451) Using 3 workers of 48 for full compaction
[2024-10-12T10:23:08.602+0800][info] GC(451) Pause Full (G1 Compaction Pause)
[2024-10-12T10:23:08.602+0800][info] GC(451) Phase 1: Mark live objects
[2024-10-12T10:23:08.605+0800][info] GC(451) Phase 1: Mark live objects 3.253ms
[2024-10-12T10:23:08.605+0800][info] GC(451) Phase 2: Prepare for compaction
[2024-10-12T10:23:08.606+0800][info] GC(451) Phase 2: Prepare for compaction 0.710ms
[2024-10-12T10:23:08.606+0800][info] GC(451) Phase 3: Adjust pointers
[2024-10-12T10:23:08.608+0800][info] GC(451) Phase 3: Adjust pointers 1.658ms
[2024-10-12T10:23:08.608+0800][info] GC(451) Phase 4: Compact heap
[2024-10-12T10:23:08.621+0800][info] GC(451) Phase 4: Compact heap 13.592ms
[2024-10-12T10:23:08.623+0800][info] GC(451) Eden regions: 0->0(3)
[2024-10-12T10:23:08.623+0800][info] GC(451) Survivor regions: 0->0(0)
[2024-10-12T10:23:08.623+0800][info] GC(451) Old regions: 59->39
[2024-10-12T10:23:08.623+0800][info] GC(451) Archive regions: 2->2
[2024-10-12T10:23:08.623+0800][info] GC(451) Humongous regions: 3->3
[2024-10-12T10:23:08.623+0800][info] GC(451) Metaspace: 1678K(1856K)->1678K(1856K) NonClass: 1554K(1664K)->1554K(1664K) Class: 124K(192K)->124K(192K)
[2024-10-12T10:23:08.623+0800][info] GC(451) Pause Full (G1 Compaction Pause) 120M->72M(128M) 20.862ms
[2024-10-12T10:23:08.623+0800][info] GC(451) User=0.04s Sys=0.00s Real=0.02s
[2024-10-12T10:23:08.787+0800][info] GC(452) Pause Young (Normal) (G1 Evacuation Pause)
[2024-10-12T10:23:08.787+0800][info] GC(452) Using 3 workers of 48 for evacuation
[2024-10-12T10:23:08.788+0800][info] GC(452)   Pre Evacuate Collection Set: 0.1ms
[2024-10-12T10:23:08.789+0800][info] GC(452)   Merge Heap Roots: 0.1ms
[2024-10-12T10:23:08.789+0800][info] GC(452)   Evacuate Collection Set: 1.0ms
[2024-10-12T10:23:08.789+0800][info] GC(452)   Post Evacuate Collection Set: 0.2ms
[2024-10-12T10:23:08.789+0800][info] GC(452)   Other: 0.2ms
[2024-10-12T10:23:08.789+0800][info] GC(452) Eden regions: 3->0(2)
[2024-10-12T10:23:08.789+0800][info] GC(452) Survivor regions: 0->1(1)
[2024-10-12T10:23:08.789+0800][info] GC(452) Old regions: 39->42
[2024-10-12T10:23:08.789+0800][info] GC(452) Archive regions: 2->2
[2024-10-12T10:23:08.789+0800][info] GC(452) Humongous regions: 3->3
[2024-10-12T10:23:08.789+0800][info] GC(452) Metaspace: 1678K(1856K)->1678K(1856K) NonClass: 1554K(1664K)->1554K(1664K) Class: 124K(192K)->124K(192K)
[2024-10-12T10:23:08.789+0800][info] GC(452) Pause Young (Normal) (G1 Evacuation Pause) 77M->78M(128M) 1.667ms
[2024-10-12T10:23:08.789+0800][info] GC(452) User=0.00s Sys=0.00s Real=0.00s
[2024-10-12T10:23:08.891+0800][info] GC(453) Pause Young (Normal) (G1 Evacuation Pause)
[2024-10-12T10:23:08.891+0800][info] GC(453) Using 3 workers of 48 for evacuation
[2024-10-12T10:23:08.892+0800][info] GC(453)   Pre Evacuate Collection Set: 0.1ms
[2024-10-12T10:23:08.892+0800][info] GC(453)   Merge Heap Roots: 0.0ms
[2024-10-12T10:23:08.892+0800][info] GC(453)   Evacuate Collection Set: 0.7ms
[2024-10-12T10:23:08.892+0800][info] GC(453)   Post Evacuate Collection Set: 0.2ms
[2024-10-12T10:23:08.892+0800][info] GC(453)   Other: 0.2ms
[2024-10-12T10:23:08.892+0800][info] GC(453) Eden regions: 2->0(2)
[2024-10-12T10:23:08.892+0800][info] GC(453) Survivor regions: 1->1(1)
[2024-10-12T10:23:08.892+0800][info] GC(453) Old regions: 42->44
[2024-10-12T10:23:08.892+0800][info] GC(453) Archive regions: 2->2
[2024-10-12T10:23:08.892+0800][info] GC(453) Humongous regions: 3->3
[2024-10-12T10:23:08.892+0800][info] GC(453) Metaspace: 1678K(1856K)->1678K(1856K) NonClass: 1554K(1664K)->1554K(1664K) Class: 124K(192K)->124K(192K)
[2024-10-12T10:23:08.892+0800][info] GC(453) Pause Young (Normal) (G1 Evacuation Pause) 82M->82M(128M) 1.334ms
[2024-10-12T10:23:08.892+0800][info] GC(453) User=0.01s Sys=0.00s Real=0.00s
[2024-10-12T10:23:08.995+0800][info] GC(454) Pause Young (Normal) (G1 Evacuation Pause)
[2024-10-12T10:23:08.995+0800][info] GC(454) Using 3 workers of 48 for evacuation
[2024-10-12T10:23:08.996+0800][info] GC(454)   Pre Evacuate Collection Set: 0.1ms
[2024-10-12T10:23:08.996+0800][info] GC(454)   Merge Heap Roots: 0.0ms
[2024-10-12T10:23:08.996+0800][info] GC(454)   Evacuate Collection Set: 0.7ms
[2024-10-12T10:23:08.996+0800][info] GC(454)   Post Evacuate Collection Set: 0.2ms
[2024-10-12T10:23:08.996+0800][info] GC(454)   Other: 0.2ms
[2024-10-12T10:23:08.996+0800][info] GC(454) Eden regions: 2->0(2)
[2024-10-12T10:23:08.996+0800][info] GC(454) Survivor regions: 1->1(1)
[2024-10-12T10:23:08.996+0800][info] GC(454) Old regions: 44->46
[2024-10-12T10:23:08.996+0800][info] GC(454) Archive regions: 2->2
[2024-10-12T10:23:08.996+0800][info] GC(454) Humongous regions: 3->3
[2024-10-12T10:23:08.996+0800][info] GC(454) Metaspace: 1678K(1856K)->1678K(1856K) NonClass: 1554K(1664K)->1554K(1664K) Class: 124K(192K)->124K(192K)
[2024-10-12T10:23:08.996+0800][info] GC(454) Pause Young (Normal) (G1 Evacuation Pause) 86M->86M(128M) 1.303ms
[2024-10-12T10:23:08.996+0800][info] GC(454) User=0.00s Sys=0.01s Real=0.00s
[2024-10-12T10:23:09.098+0800][info] GC(455) Pause Young (Concurrent Start) (G1 Evacuation Pause)
[2024-10-12T10:23:09.098+0800][info] GC(455) Using 3 workers of 48 for evacuation
[2024-10-12T10:23:09.099+0800][info] GC(455)   Pre Evacuate Collection Set: 0.1ms
[2024-10-12T10:23:09.099+0800][info] GC(455)   Merge Heap Roots: 0.0ms
[2024-10-12T10:23:09.099+0800][info] GC(455)   Evacuate Collection Set: 0.8ms
[2024-10-12T10:23:09.099+0800][info] GC(455)   Post Evacuate Collection Set: 0.2ms
[2024-10-12T10:23:09.099+0800][info] GC(455)   Other: 0.3ms
[2024-10-12T10:23:09.099+0800][info] GC(455) Eden regions: 2->0(2)
[2024-10-12T10:23:09.099+0800][info] GC(455) Survivor regions: 1->1(1)
[2024-10-12T10:23:09.100+0800][info] GC(455) Old regions: 46->48
[2024-10-12T10:23:09.100+0800][info] GC(455) Archive regions: 2->2
[2024-10-12T10:23:09.100+0800][info] GC(455) Humongous regions: 3->3
[2024-10-12T10:23:09.100+0800][info] GC(455) Metaspace: 1678K(1856K)->1678K(1856K) NonClass: 1554K(1664K)->1554K(1664K) Class: 124K(192K)->124K(192K)
[2024-10-12T10:23:09.100+0800][info] GC(455) Pause Young (Concurrent Start) (G1 Evacuation Pause) 90M->90M(128M) 1.554ms
[2024-10-12T10:23:09.100+0800][info] GC(455) User=0.01s Sys=0.00s Real=0.00s
[2024-10-12T10:23:09.100+0800][info] GC(456) Concurrent Mark Cycle
[2024-10-12T10:23:09.100+0800][info] GC(456) Concurrent Clear Claimed Marks
[2024-10-12T10:23:09.100+0800][info] GC(456) Concurrent Clear Claimed Marks 0.017ms
[2024-10-12T10:23:09.100+0800][info] GC(456) Concurrent Scan Root Regions
[2024-10-12T10:23:09.100+0800][info] GC(456) Concurrent Scan Root Regions 0.163ms
[2024-10-12T10:23:09.100+0800][info] GC(456) Concurrent Mark
[2024-10-12T10:23:09.100+0800][info] GC(456) Concurrent Mark From Roots
[2024-10-12T10:23:09.100+0800][info] GC(456) Using 12 workers of 12 for marking
[2024-10-12T10:23:09.103+0800][info] GC(456) Concurrent Mark From Roots 3.389ms
[2024-10-12T10:23:09.103+0800][info] GC(456) Concurrent Preclean
[2024-10-12T10:23:09.105+0800][info] GC(456) Concurrent Preclean 1.707ms
[2024-10-12T10:23:09.105+0800][info] GC(456) Pause Remark
[2024-10-12T10:23:09.107+0800][info] GC(456) Pause Remark 91M->91M(128M) 1.418ms
[2024-10-12T10:23:09.107+0800][info] GC(456) User=0.00s Sys=0.01s Real=0.00s
[2024-10-12T10:23:09.107+0800][info] GC(456) Concurrent Mark 6.768ms
[2024-10-12T10:23:09.107+0800][info] GC(456) Concurrent Rebuild Remembered Sets
[2024-10-12T10:23:09.108+0800][info] GC(456) Concurrent Rebuild Remembered Sets 1.621ms
[2024-10-12T10:23:09.108+0800][info] GC(456) Pause Cleanup
[2024-10-12T10:23:09.109+0800][info] GC(456) Pause Cleanup 91M->91M(128M) 0.233ms
[2024-10-12T10:23:09.109+0800][info] GC(456) User=0.00s Sys=0.00s Real=0.00s
[2024-10-12T10:23:09.109+0800][info] GC(456) Concurrent Cleanup for Next Mark
[2024-10-12T10:23:09.109+0800][info] GC(456) Concurrent Cleanup for Next Mark 0.379ms
[2024-10-12T10:23:09.109+0800][info] GC(456) Concurrent Mark Cycle 9.487ms
[2024-10-12T10:23:09.253+0800][info] GC(457) Pause Young (Prepare Mixed) (G1 Evacuation Pause)
[2024-10-12T10:23:09.253+0800][info] GC(457) Using 3 workers of 48 for evacuation
[2024-10-12T10:23:09.255+0800][info] GC(457)   Pre Evacuate Collection Set: 0.1ms
[2024-10-12T10:23:09.255+0800][info] GC(457)   Merge Heap Roots: 0.1ms
[2024-10-12T10:23:09.255+0800][info] GC(457)   Evacuate Collection Set: 0.8ms
[2024-10-12T10:23:09.255+0800][info] GC(457)   Post Evacuate Collection Set: 0.2ms
[2024-10-12T10:23:09.255+0800][info] GC(457)   Other: 0.2ms
[2024-10-12T10:23:09.255+0800][info] GC(457) Eden regions: 2->0(2)
[2024-10-12T10:23:09.255+0800][info] GC(457) Survivor regions: 1->1(1)
[2024-10-12T10:23:09.255+0800][info] GC(457) Old regions: 48->50
[2024-10-12T10:23:09.255+0800][info] GC(457) Archive regions: 2->2
[2024-10-12T10:23:09.255+0800][info] GC(457) Humongous regions: 4->3
[2024-10-12T10:23:09.255+0800][info] GC(457) Metaspace: 1678K(1856K)->1678K(1856K) NonClass: 1554K(1664K)->1554K(1664K) Class: 124K(192K)->124K(192K)
[2024-10-12T10:23:09.255+0800][info] GC(457) Pause Young (Prepare Mixed) (G1 Evacuation Pause) 96M->94M(128M) 1.526ms
[2024-10-12T10:23:09.255+0800][info] GC(457) User=0.00s Sys=0.00s Real=0.00s
[2024-10-12T10:23:09.357+0800][info] GC(458) Pause Young (Mixed) (G1 Evacuation Pause)
[2024-10-12T10:23:09.357+0800][info] GC(458) Using 3 workers of 48 for evacuation
[2024-10-12T10:23:09.359+0800][info] GC(458)   Pre Evacuate Collection Set: 0.2ms
[2024-10-12T10:23:09.359+0800][info] GC(458)   Merge Heap Roots: 0.0ms
[2024-10-12T10:23:09.359+0800][info] GC(458)   Evacuate Collection Set: 1.1ms
[2024-10-12T10:23:09.359+0800][info] GC(458)   Post Evacuate Collection Set: 0.2ms
[2024-10-12T10:23:09.359+0800][info] GC(458)   Other: 0.2ms
[2024-10-12T10:23:09.359+0800][info] GC(458) Eden regions: 2->0(2)
[2024-10-12T10:23:09.359+0800][info] GC(458) Survivor regions: 1->1(1)
[2024-10-12T10:23:09.359+0800][info] GC(458) Old regions: 50->46
[2024-10-12T10:23:09.359+0800][info] GC(458) Archive regions: 2->2
[2024-10-12T10:23:09.359+0800][info] GC(458) Humongous regions: 3->3
[2024-10-12T10:23:09.359+0800][info] GC(458) Metaspace: 1678K(1856K)->1678K(1856K) NonClass: 1554K(1664K)->1554K(1664K) Class: 124K(192K)->124K(192K)
[2024-10-12T10:23:09.359+0800][info] GC(458) Pause Young (Mixed) (G1 Evacuation Pause) 98M->90M(128M) 1.868ms
[2024-10-12T10:23:09.359+0800][info] GC(458) User=0.00s Sys=0.00s Real=0.00s
[2024-10-12T10:23:09.461+0800][info] GC(459) Pause Young (Mixed) (G1 Evacuation Pause)
[2024-10-12T10:23:09.461+0800][info] GC(459) Using 3 workers of 48 for evacuation
[2024-10-12T10:23:09.464+0800][info] GC(459)   Pre Evacuate Collection Set: 0.2ms
[2024-10-12T10:23:09.464+0800][info] GC(459)   Merge Heap Roots: 0.1ms
[2024-10-12T10:23:09.464+0800][info] GC(459)   Evacuate Collection Set: 1.8ms
[2024-10-12T10:23:09.464+0800][info] GC(459)   Post Evacuate Collection Set: 0.2ms
[2024-10-12T10:23:09.464+0800][info] GC(459)   Other: 0.2ms
[2024-10-12T10:23:09.464+0800][info] GC(459) Eden regions: 2->0(2)
[2024-10-12T10:23:09.464+0800][info] GC(459) Survivor regions: 1->1(1)
[2024-10-12T10:23:09.464+0800][info] GC(459) Old regions: 46->46
[2024-10-12T10:23:09.464+0800][info] GC(459) Archive regions: 2->2
[2024-10-12T10:23:09.464+0800][info] GC(459) Humongous regions: 3->3
[2024-10-12T10:23:09.464+0800][info] GC(459) Metaspace: 1678K(1856K)->1678K(1856K) NonClass: 1554K(1664K)->1554K(1664K) Class: 124K(192K)->124K(192K)
[2024-10-12T10:23:09.464+0800][info] GC(459) Pause Young (Mixed) (G1 Evacuation Pause) 94M->91M(128M) 2.536ms
[2024-10-12T10:23:09.464+0800][info] GC(459) User=0.00s Sys=0.00s Real=0.00s
[2024-10-12T10:23:09.566+0800][info] GC(460) Pause Young (Mixed) (G1 Evacuation Pause)
[2024-10-12T10:23:09.566+0800][info] GC(460) Using 3 workers of 48 for evacuation
[2024-10-12T10:23:09.568+0800][info] GC(460)   Pre Evacuate Collection Set: 0.2ms
[2024-10-12T10:23:09.568+0800][info] GC(460)   Merge Heap Roots: 0.1ms
[2024-10-12T10:23:09.568+0800][info] GC(460)   Evacuate Collection Set: 1.8ms
[2024-10-12T10:23:09.568+0800][info] GC(460)   Post Evacuate Collection Set: 0.2ms
[2024-10-12T10:23:09.569+0800][info] GC(460)   Other: 0.1ms
[2024-10-12T10:23:09.569+0800][info] GC(460) Eden regions: 2->0(2)
[2024-10-12T10:23:09.569+0800][info] GC(460) Survivor regions: 1->1(1)
[2024-10-12T10:23:09.569+0800][info] GC(460) Old regions: 46->45
[2024-10-12T10:23:09.569+0800][info] GC(460) Archive regions: 2->2
[2024-10-12T10:23:09.569+0800][info] GC(460) Humongous regions: 3->3
[2024-10-12T10:23:09.569+0800][info] GC(460) Metaspace: 1678K(1856K)->1678K(1856K) NonClass: 1554K(1664K)->1554K(1664K) Class: 124K(192K)->124K(192K)
[2024-10-12T10:23:09.569+0800][info] GC(460) Pause Young (Mixed) (G1 Evacuation Pause) 95M->92M(128M) 2.542ms
[2024-10-12T10:23:09.569+0800][info] GC(460) User=0.01s Sys=0.00s Real=0.00s
[2024-10-12T10:23:09.671+0800][info] GC(461) Pause Young (Normal) (G1 Evacuation Pause)
[2024-10-12T10:23:09.671+0800][info] GC(461) Using 3 workers of 48 for evacuation
[2024-10-12T10:23:09.672+0800][info] GC(461)   Pre Evacuate Collection Set: 0.1ms
[2024-10-12T10:23:09.672+0800][info] GC(461)   Merge Heap Roots: 0.0ms
[2024-10-12T10:23:09.672+0800][info] GC(461)   Evacuate Collection Set: 0.7ms
[2024-10-12T10:23:09.672+0800][info] GC(461)   Post Evacuate Collection Set: 0.2ms
[2024-10-12T10:23:09.672+0800][info] GC(461)   Other: 0.2ms
[2024-10-12T10:23:09.672+0800][info] GC(461) Eden regions: 2->0(2)
[2024-10-12T10:23:09.672+0800][info] GC(461) Survivor regions: 1->1(1)
[2024-10-12T10:23:09.672+0800][info] GC(461) Old regions: 45->46
[2024-10-12T10:23:09.672+0800][info] GC(461) Archive regions: 2->2
[2024-10-12T10:23:09.672+0800][info] GC(461) Humongous regions: 3->3
[2024-10-12T10:23:09.672+0800][info] GC(461) Metaspace: 1678K(1856K)->1678K(1856K) NonClass: 1554K(1664K)->1554K(1664K) Class: 124K(192K)->124K(192K)
[2024-10-12T10:23:09.672+0800][info] GC(461) Pause Young (Normal) (G1 Evacuation Pause) 95M->95M(128M) 1.318ms
[2024-10-12T10:23:09.672+0800][info] GC(461) User=0.00s Sys=0.00s Real=0.00s
[2024-10-12T10:23:09.774+0800][info] GC(462) Pause Young (Normal) (G1 Evacuation Pause)
[2024-10-12T10:23:09.775+0800][info] GC(462) Using 3 workers of 48 for evacuation
[2024-10-12T10:23:09.776+0800][info] GC(462)   Pre Evacuate Collection Set: 0.1ms
[2024-10-12T10:23:09.776+0800][info] GC(462)   Merge Heap Roots: 0.0ms
[2024-10-12T10:23:09.776+0800][info] GC(462)   Evacuate Collection Set: 0.8ms
[2024-10-12T10:23:09.776+0800][info] GC(462)   Post Evacuate Collection Set: 0.2ms
[2024-10-12T10:23:09.776+0800][info] GC(462)   Other: 0.2ms
[2024-10-12T10:23:09.776+0800][info] GC(462) Eden regions: 2->0(2)
[2024-10-12T10:23:09.776+0800][info] GC(462) Survivor regions: 1->1(1)
[2024-10-12T10:23:09.776+0800][info] GC(462) Old regions: 46->48
[2024-10-12T10:23:09.776+0800][info] GC(462) Archive regions: 2->2
[2024-10-12T10:23:09.776+0800][info] GC(462) Humongous regions: 3->3
[2024-10-12T10:23:09.776+0800][info] GC(462) Metaspace: 1678K(1856K)->1678K(1856K) NonClass: 1554K(1664K)->1554K(1664K) Class: 124K(192K)->124K(192K)
[2024-10-12T10:23:09.776+0800][info] GC(462) Pause Young (Normal) (G1 Evacuation Pause) 98M->99M(128M) 1.469ms
[2024-10-12T10:23:09.776+0800][info] GC(462) User=0.00s Sys=0.00s Real=0.00s
[2024-10-12T10:23:09.878+0800][info] GC(463) Pause Young (Concurrent Start) (G1 Evacuation Pause)
[2024-10-12T10:23:09.878+0800][info] GC(463) Using 3 workers of 48 for evacuation
[2024-10-12T10:23:09.880+0800][info] GC(463)   Pre Evacuate Collection Set: 0.1ms
[2024-10-12T10:23:09.880+0800][info] GC(463)   Merge Heap Roots: 0.0ms
[2024-10-12T10:23:09.880+0800][info] GC(463)   Evacuate Collection Set: 0.8ms
[2024-10-12T10:23:09.880+0800][info] GC(463)   Post Evacuate Collection Set: 0.2ms
[2024-10-12T10:23:09.880+0800][info] GC(463)   Other: 0.4ms
[2024-10-12T10:23:09.880+0800][info] GC(463) Eden regions: 2->0(2)
[2024-10-12T10:23:09.880+0800][info] GC(463) Survivor regions: 1->1(1)
[2024-10-12T10:23:09.880+0800][info] GC(463) Old regions: 48->50
[2024-10-12T10:23:09.880+0800][info] GC(463) Archive regions: 2->2
[2024-10-12T10:23:09.880+0800][info] GC(463) Humongous regions: 3->3
[2024-10-12T10:23:09.880+0800][info] GC(463) Metaspace: 1678K(1856K)->1678K(1856K) NonClass: 1554K(1664K)->1554K(1664K) Class: 124K(192K)->124K(192K)
[2024-10-12T10:23:09.880+0800][info] GC(463) Pause Young (Concurrent Start) (G1 Evacuation Pause) 102M->103M(128M) 1.568ms
[2024-10-12T10:23:09.880+0800][info] GC(463) User=0.00s Sys=0.00s Real=0.00s
[2024-10-12T10:23:09.880+0800][info] GC(464) Concurrent Mark Cycle
[2024-10-12T10:23:09.880+0800][info] GC(464) Concurrent Clear Claimed Marks
[2024-10-12T10:23:09.880+0800][info] GC(464) Concurrent Clear Claimed Marks 0.017ms
[2024-10-12T10:23:09.880+0800][info] GC(464) Concurrent Scan Root Regions
[2024-10-12T10:23:09.880+0800][info] GC(464) Concurrent Scan Root Regions 0.154ms
[2024-10-12T10:23:09.880+0800][info] GC(464) Concurrent Mark
[2024-10-12T10:23:09.880+0800][info] GC(464) Concurrent Mark From Roots
[2024-10-12T10:23:09.880+0800][info] GC(464) Using 12 workers of 12 for marking
[2024-10-12T10:23:09.885+0800][info] GC(464) Concurrent Mark From Roots 4.186ms
[2024-10-12T10:23:09.885+0800][info] GC(464) Concurrent Preclean
[2024-10-12T10:23:09.886+0800][info] GC(464) Concurrent Preclean 1.704ms
[2024-10-12T10:23:09.886+0800][info] GC(464) Pause Remark
[2024-10-12T10:23:09.888+0800][info] GC(464) Pause Remark 103M->103M(128M) 1.589ms
[2024-10-12T10:23:09.888+0800][info] GC(464) User=0.00s Sys=0.00s Real=0.00s
[2024-10-12T10:23:09.888+0800][info] GC(464) Concurrent Mark 7.802ms
[2024-10-12T10:23:09.888+0800][info] GC(464) Concurrent Rebuild Remembered Sets
[2024-10-12T10:23:09.890+0800][info] GC(464) Concurrent Rebuild Remembered Sets 1.654ms
[2024-10-12T10:23:09.890+0800][info] GC(464) Pause Cleanup
[2024-10-12T10:23:09.890+0800][info] GC(464) Pause Cleanup 103M->103M(128M) 0.195ms
[2024-10-12T10:23:09.890+0800][info] GC(464) User=0.00s Sys=0.00s Real=0.00s
[2024-10-12T10:23:09.890+0800][info] GC(464) Concurrent Cleanup for Next Mark
[2024-10-12T10:23:09.891+0800][info] GC(464) Concurrent Cleanup for Next Mark 0.398ms
[2024-10-12T10:23:09.891+0800][info] GC(464) Concurrent Mark Cycle 10.568ms
[2024-10-12T10:23:10.033+0800][info] GC(465) Pause Young (Prepare Mixed) (G1 Evacuation Pause)
[2024-10-12T10:23:10.033+0800][info] GC(465) Using 3 workers of 48 for evacuation
[2024-10-12T10:23:10.035+0800][info] GC(465)   Pre Evacuate Collection Set: 0.1ms
[2024-10-12T10:23:10.035+0800][info] GC(465)   Merge Heap Roots: 0.1ms
[2024-10-12T10:23:10.035+0800][info] GC(465)   Evacuate Collection Set: 0.8ms
[2024-10-12T10:23:10.035+0800][info] GC(465)   Post Evacuate Collection Set: 0.2ms
[2024-10-12T10:23:10.035+0800][info] GC(465)   Other: 0.2ms
[2024-10-12T10:23:10.035+0800][info] GC(465) Eden regions: 2->0(2)
[2024-10-12T10:23:10.035+0800][info] GC(465) Survivor regions: 1->1(1)
[2024-10-12T10:23:10.035+0800][info] GC(465) Old regions: 50->52
[2024-10-12T10:23:10.035+0800][info] GC(465) Archive regions: 2->2
[2024-10-12T10:23:10.035+0800][info] GC(465) Humongous regions: 3->3
[2024-10-12T10:23:10.035+0800][info] GC(465) Metaspace: 1678K(1856K)->1678K(1856K) NonClass: 1554K(1664K)->1554K(1664K) Class: 124K(192K)->124K(192K)
[2024-10-12T10:23:10.035+0800][info] GC(465) Pause Young (Prepare Mixed) (G1 Evacuation Pause) 106M->106M(128M) 1.529ms
[2024-10-12T10:23:10.035+0800][info] GC(465) User=0.00s Sys=0.00s Real=0.00s
[2024-10-12T10:23:10.137+0800][info] GC(466) Pause Young (Mixed) (G1 Preventive Collection)
[2024-10-12T10:23:10.137+0800][info] GC(466) Using 3 workers of 48 for evacuation
[2024-10-12T10:23:10.139+0800][info] GC(466) To-space exhausted
[2024-10-12T10:23:10.139+0800][info] GC(466)   Pre Evacuate Collection Set: 0.2ms
[2024-10-12T10:23:10.139+0800][info] GC(466)   Merge Heap Roots: 0.1ms
[2024-10-12T10:23:10.139+0800][info] GC(466)   Evacuate Collection Set: 1.1ms
[2024-10-12T10:23:10.139+0800][info] GC(466)   Post Evacuate Collection Set: 0.2ms
[2024-10-12T10:23:10.139+0800][info] GC(466)   Other: 0.2ms
[2024-10-12T10:23:10.139+0800][info] GC(466) Eden regions: 2->0(2)
[2024-10-12T10:23:10.139+0800][info] GC(466) Survivor regions: 1->1(1)
[2024-10-12T10:23:10.139+0800][info] GC(466) Old regions: 52->51
[2024-10-12T10:23:10.139+0800][info] GC(466) Archive regions: 2->2
[2024-10-12T10:23:10.139+0800][info] GC(466) Humongous regions: 3->3
[2024-10-12T10:23:10.139+0800][info] GC(466) Metaspace: 1678K(1856K)->1678K(1856K) NonClass: 1554K(1664K)->1554K(1664K) Class: 124K(192K)->124K(192K)
[2024-10-12T10:23:10.139+0800][info] GC(466) Pause Young (Mixed) (G1 Preventive Collection) 110M->106M(128M) 1.848ms
[2024-10-12T10:23:10.139+0800][info] GC(466) User=0.01s Sys=0.00s Real=0.00s
[2024-10-12T10:23:10.200+0800][info] GC(467) Pause Young (Mixed) (G1 Preventive Collection)
[2024-10-12T10:23:10.200+0800][info] GC(467) Using 3 workers of 48 for evacuation
[2024-10-12T10:23:10.202+0800][info] GC(467)   Pre Evacuate Collection Set: 0.2ms
[2024-10-12T10:23:10.202+0800][info] GC(467)   Merge Heap Roots: 0.1ms
[2024-10-12T10:23:10.202+0800][info] GC(467)   Evacuate Collection Set: 1.5ms
[2024-10-12T10:23:10.202+0800][info] GC(467)   Post Evacuate Collection Set: 0.2ms
[2024-10-12T10:23:10.202+0800][info] GC(467)   Other: 0.1ms
[2024-10-12T10:23:10.202+0800][info] GC(467) Eden regions: 1->0(2)
[2024-10-12T10:23:10.203+0800][info] GC(467) Survivor regions: 1->1(1)
[2024-10-12T10:23:10.203+0800][info] GC(467) Old regions: 51->49
[2024-10-12T10:23:10.203+0800][info] GC(467) Archive regions: 2->2
[2024-10-12T10:23:10.203+0800][info] GC(467) Humongous regions: 3->3
[2024-10-12T10:23:10.203+0800][info] GC(467) Metaspace: 1678K(1856K)->1678K(1856K) NonClass: 1554K(1664K)->1554K(1664K) Class: 124K(192K)->124K(192K)
[2024-10-12T10:23:10.203+0800][info] GC(467) Pause Young (Mixed) (G1 Preventive Collection) 107M->102M(128M) 2.180ms
[2024-10-12T10:23:10.203+0800][info] GC(467) User=0.00s Sys=0.00s Real=0.00s
[2024-10-12T10:23:10.305+0800][info] GC(468) Pause Young (Mixed) (G1 Preventive Collection)
[2024-10-12T10:23:10.305+0800][info] GC(468) Using 3 workers of 48 for evacuation
[2024-10-12T10:23:10.307+0800][info] GC(468) To-space exhausted
[2024-10-12T10:23:10.307+0800][info] GC(468)   Pre Evacuate Collection Set: 0.2ms
[2024-10-12T10:23:10.307+0800][info] GC(468)   Merge Heap Roots: 0.1ms
[2024-10-12T10:23:10.307+0800][info] GC(468)   Evacuate Collection Set: 1.9ms
[2024-10-12T10:23:10.307+0800][info] GC(468)   Post Evacuate Collection Set: 0.2ms
[2024-10-12T10:23:10.307+0800][info] GC(468)   Other: 0.2ms
[2024-10-12T10:23:10.307+0800][info] GC(468) Eden regions: 2->0(2)
[2024-10-12T10:23:10.307+0800][info] GC(468) Survivor regions: 1->1(1)
[2024-10-12T10:23:10.307+0800][info] GC(468) Old regions: 49->50
[2024-10-12T10:23:10.307+0800][info] GC(468) Archive regions: 2->2
[2024-10-12T10:23:10.307+0800][info] GC(468) Humongous regions: 3->3
[2024-10-12T10:23:10.307+0800][info] GC(468) Metaspace: 1678K(1856K)->1678K(1856K) NonClass: 1554K(1664K)->1554K(1664K) Class: 124K(192K)->124K(192K)
[2024-10-12T10:23:10.307+0800][info] GC(468) Pause Young (Mixed) (G1 Preventive Collection) 105M->105M(128M) 2.590ms
[2024-10-12T10:23:10.307+0800][info] GC(468) User=0.01s Sys=0.00s Real=0.01s
[2024-10-12T10:23:10.410+0800][info] GC(469) Pause Young (Mixed) (G1 Preventive Collection)
[2024-10-12T10:23:10.410+0800][info] GC(469) Using 3 workers of 48 for evacuation
[2024-10-12T10:23:10.412+0800][info] GC(469) To-space exhausted
[2024-10-12T10:23:10.412+0800][info] GC(469)   Pre Evacuate Collection Set: 0.2ms
[2024-10-12T10:23:10.412+0800][info] GC(469)   Merge Heap Roots: 0.1ms
[2024-10-12T10:23:10.412+0800][info] GC(469)   Evacuate Collection Set: 1.6ms
[2024-10-12T10:23:10.412+0800][info] GC(469)   Post Evacuate Collection Set: 0.2ms
[2024-10-12T10:23:10.412+0800][info] GC(469)   Other: 0.1ms
[2024-10-12T10:23:10.412+0800][info] GC(469) Eden regions: 2->0(2)
[2024-10-12T10:23:10.412+0800][info] GC(469) Survivor regions: 1->1(1)
[2024-10-12T10:23:10.412+0800][info] GC(469) Old regions: 50->52
[2024-10-12T10:23:10.412+0800][info] GC(469) Archive regions: 2->2
[2024-10-12T10:23:10.412+0800][info] GC(469) Humongous regions: 3->3
[2024-10-12T10:23:10.412+0800][info] GC(469) Metaspace: 1678K(1856K)->1678K(1856K) NonClass: 1554K(1664K)->1554K(1664K) Class: 124K(192K)->124K(192K)
[2024-10-12T10:23:10.413+0800][info] GC(469) Pause Young (Mixed) (G1 Preventive Collection) 108M->109M(128M) 2.318ms
[2024-10-12T10:23:10.413+0800][info] GC(469) User=0.01s Sys=0.00s Real=0.00s
[2024-10-12T10:23:10.474+0800][info] GC(470) Pause Young (Mixed) (G1 Preventive Collection)
[2024-10-12T10:23:10.474+0800][info] GC(470) Using 3 workers of 48 for evacuation
[2024-10-12T10:23:10.476+0800][info] GC(470)   Pre Evacuate Collection Set: 0.2ms
[2024-10-12T10:23:10.476+0800][info] GC(470)   Merge Heap Roots: 0.1ms
[2024-10-12T10:23:10.476+0800][info] GC(470)   Evacuate Collection Set: 1.1ms
[2024-10-12T10:23:10.476+0800][info] GC(470)   Post Evacuate Collection Set: 0.2ms
[2024-10-12T10:23:10.476+0800][info] GC(470)   Other: 0.1ms
[2024-10-12T10:23:10.476+0800][info] GC(470) Eden regions: 1->0(2)
[2024-10-12T10:23:10.476+0800][info] GC(470) Survivor regions: 1->1(1)
[2024-10-12T10:23:10.476+0800][info] GC(470) Old regions: 52->53
[2024-10-12T10:23:10.476+0800][info] GC(470) Archive regions: 2->2
[2024-10-12T10:23:10.476+0800][info] GC(470) Humongous regions: 3->3
[2024-10-12T10:23:10.476+0800][info] GC(470) Metaspace: 1678K(1856K)->1678K(1856K) NonClass: 1554K(1664K)->1554K(1664K) Class: 124K(192K)->124K(192K)
[2024-10-12T10:23:10.476+0800][info] GC(470) Pause Young (Mixed) (G1 Preventive Collection) 110M->110M(128M) 1.732ms
[2024-10-12T10:23:10.476+0800][info] GC(470) User=0.00s Sys=0.00s Real=0.00s
[2024-10-12T10:23:10.578+0800][info] GC(471) Pause Young (Concurrent Start) (G1 Preventive Collection)
[2024-10-12T10:23:10.579+0800][info] GC(471) Using 3 workers of 48 for evacuation
[2024-10-12T10:23:10.580+0800][info] GC(471)   Pre Evacuate Collection Set: 0.1ms
[2024-10-12T10:23:10.580+0800][info] GC(471)   Merge Heap Roots: 0.0ms
[2024-10-12T10:23:10.580+0800][info] GC(471)   Evacuate Collection Set: 0.7ms
[2024-10-12T10:23:10.580+0800][info] GC(471)   Post Evacuate Collection Set: 0.2ms
[2024-10-12T10:23:10.580+0800][info] GC(471)   Other: 0.4ms
[2024-10-12T10:23:10.580+0800][info] GC(471) Eden regions: 2->0(2)
[2024-10-12T10:23:10.580+0800][info] GC(471) Survivor regions: 1->1(1)
[2024-10-12T10:23:10.580+0800][info] GC(471) Old regions: 53->55
[2024-10-12T10:23:10.580+0800][info] GC(471) Archive regions: 2->2
[2024-10-12T10:23:10.580+0800][info] GC(471) Humongous regions: 3->3
[2024-10-12T10:23:10.580+0800][info] GC(471) Metaspace: 1678K(1856K)->1678K(1856K) NonClass: 1554K(1664K)->1554K(1664K) Class: 124K(192K)->124K(192K)
[2024-10-12T10:23:10.580+0800][info] GC(471) Pause Young (Concurrent Start) (G1 Preventive Collection) 113M->114M(128M) 1.477ms
[2024-10-12T10:23:10.580+0800][info] GC(471) User=0.00s Sys=0.00s Real=0.00s
[2024-10-12T10:23:10.580+0800][info] GC(472) Concurrent Mark Cycle
[2024-10-12T10:23:10.580+0800][info] GC(472) Concurrent Clear Claimed Marks
[2024-10-12T10:23:10.580+0800][info] GC(472) Concurrent Clear Claimed Marks 0.016ms
[2024-10-12T10:23:10.580+0800][info] GC(472) Concurrent Scan Root Regions
[2024-10-12T10:23:10.580+0800][info] GC(472) Concurrent Scan Root Regions 0.103ms
[2024-10-12T10:23:10.580+0800][info] GC(472) Concurrent Mark
[2024-10-12T10:23:10.580+0800][info] GC(472) Concurrent Mark From Roots
[2024-10-12T10:23:10.580+0800][info] GC(472) Using 12 workers of 12 for marking
[2024-10-12T10:23:10.584+0800][info] GC(472) Concurrent Mark From Roots 3.652ms
[2024-10-12T10:23:10.584+0800][info] GC(472) Concurrent Preclean
[2024-10-12T10:23:10.586+0800][info] GC(472) Concurrent Preclean 1.729ms
[2024-10-12T10:23:10.586+0800][info] GC(472) Pause Remark
[2024-10-12T10:23:10.588+0800][info] GC(472) Pause Remark 114M->114M(128M) 1.704ms
[2024-10-12T10:23:10.588+0800][info] GC(472) User=0.00s Sys=0.00s Real=0.00s
[2024-10-12T10:23:10.588+0800][info] GC(472) Concurrent Mark 7.424ms
[2024-10-12T10:23:10.588+0800][info] GC(472) Concurrent Rebuild Remembered Sets
[2024-10-12T10:23:10.589+0800][info] GC(472) Concurrent Rebuild Remembered Sets 1.773ms
[2024-10-12T10:23:10.590+0800][info] GC(472) Pause Cleanup
[2024-10-12T10:23:10.590+0800][info] GC(472) Pause Cleanup 114M->114M(128M) 0.246ms
[2024-10-12T10:23:10.590+0800][info] GC(472) User=0.00s Sys=0.00s Real=0.00s
[2024-10-12T10:23:10.590+0800][info] GC(472) Concurrent Cleanup for Next Mark
[2024-10-12T10:23:10.590+0800][info] GC(472) Concurrent Cleanup for Next Mark 0.401ms
[2024-10-12T10:23:10.590+0800][info] GC(472) Concurrent Mark Cycle 10.310ms
[2024-10-12T10:23:10.692+0800][info] GC(473) Pause Young (Prepare Mixed) (G1 Preventive Collection)
[2024-10-12T10:23:10.692+0800][info] GC(473) Using 3 workers of 48 for evacuation
[2024-10-12T10:23:10.693+0800][info] GC(473)   Pre Evacuate Collection Set: 0.1ms
[2024-10-12T10:23:10.694+0800][info] GC(473)   Merge Heap Roots: 0.1ms
[2024-10-12T10:23:10.694+0800][info] GC(473)   Evacuate Collection Set: 0.6ms
[2024-10-12T10:23:10.694+0800][info] GC(473)   Post Evacuate Collection Set: 0.2ms
[2024-10-12T10:23:10.694+0800][info] GC(473)   Other: 0.2ms
[2024-10-12T10:23:10.694+0800][info] GC(473) Eden regions: 1->0(2)
[2024-10-12T10:23:10.694+0800][info] GC(473) Survivor regions: 1->1(1)
[2024-10-12T10:23:10.694+0800][info] GC(473) Old regions: 55->56
[2024-10-12T10:23:10.694+0800][info] GC(473) Archive regions: 2->2
[2024-10-12T10:23:10.694+0800][info] GC(473) Humongous regions: 3->3
[2024-10-12T10:23:10.694+0800][info] GC(473) Metaspace: 1678K(1856K)->1678K(1856K) NonClass: 1554K(1664K)->1554K(1664K) Class: 124K(192K)->124K(192K)
[2024-10-12T10:23:10.694+0800][info] GC(473) Pause Young (Prepare Mixed) (G1 Preventive Collection) 116M->116M(128M) 1.307ms
[2024-10-12T10:23:10.694+0800][info] GC(473) User=0.00s Sys=0.00s Real=0.01s
[2024-10-12T10:23:10.735+0800][info] GC(474) Pause Young (Mixed) (G1 Preventive Collection)
[2024-10-12T10:23:10.735+0800][info] GC(474) Using 3 workers of 48 for evacuation
[2024-10-12T10:23:10.736+0800][info] GC(474) To-space exhausted
[2024-10-12T10:23:10.736+0800][info] GC(474)   Pre Evacuate Collection Set: 0.2ms
[2024-10-12T10:23:10.736+0800][info] GC(474)   Merge Heap Roots: 0.0ms
[2024-10-12T10:23:10.736+0800][info] GC(474)   Evacuate Collection Set: 0.4ms
[2024-10-12T10:23:10.736+0800][info] GC(474)   Post Evacuate Collection Set: 0.2ms
[2024-10-12T10:23:10.736+0800][info] GC(474)   Other: 0.2ms
[2024-10-12T10:23:10.736+0800][info] GC(474) Eden regions: 1->0(2)
[2024-10-12T10:23:10.736+0800][info] GC(474) Survivor regions: 1->1(1)
[2024-10-12T10:23:10.736+0800][info] GC(474) Old regions: 56->55
[2024-10-12T10:23:10.736+0800][info] GC(474) Archive regions: 2->2
[2024-10-12T10:23:10.736+0800][info] GC(474) Humongous regions: 3->3
[2024-10-12T10:23:10.736+0800][info] GC(474) Metaspace: 1678K(1856K)->1678K(1856K) NonClass: 1554K(1664K)->1554K(1664K) Class: 124K(192K)->124K(192K)
[2024-10-12T10:23:10.736+0800][info] GC(474) Pause Young (Mixed) (G1 Preventive Collection) 117M->115M(128M) 1.104ms
[2024-10-12T10:23:10.736+0800][info] GC(474) User=0.00s Sys=0.00s Real=0.00s
[2024-10-12T10:23:10.797+0800][info] GC(475) Pause Young (Mixed) (G1 Preventive Collection)
[2024-10-12T10:23:10.797+0800][info] GC(475) Using 3 workers of 48 for evacuation
[2024-10-12T10:23:10.798+0800][info] GC(475) To-space exhausted
[2024-10-12T10:23:10.798+0800][info] GC(475)   Pre Evacuate Collection Set: 0.2ms
[2024-10-12T10:23:10.798+0800][info] GC(475)   Merge Heap Roots: 0.1ms
[2024-10-12T10:23:10.798+0800][info] GC(475)   Evacuate Collection Set: 0.5ms
[2024-10-12T10:23:10.798+0800][info] GC(475)   Post Evacuate Collection Set: 0.2ms
[2024-10-12T10:23:10.798+0800][info] GC(475)   Other: 0.1ms
[2024-10-12T10:23:10.799+0800][info] GC(475) Eden regions: 1->0(2)
[2024-10-12T10:23:10.799+0800][info] GC(475) Survivor regions: 1->1(1)
[2024-10-12T10:23:10.799+0800][info] GC(475) Old regions: 55->56
[2024-10-12T10:23:10.799+0800][info] GC(475) Archive regions: 2->2
[2024-10-12T10:23:10.799+0800][info] GC(475) Humongous regions: 3->3
[2024-10-12T10:23:10.799+0800][info] GC(475) Metaspace: 1678K(1856K)->1678K(1856K) NonClass: 1554K(1664K)->1554K(1664K) Class: 124K(192K)->124K(192K)
[2024-10-12T10:23:10.799+0800][info] GC(475) Pause Young (Mixed) (G1 Preventive Collection) 117M->117M(128M) 1.179ms
[2024-10-12T10:23:10.799+0800][info] GC(475) User=0.00s Sys=0.00s Real=0.00s
[2024-10-12T10:23:10.840+0800][info] GC(476) Pause Young (Mixed) (G1 Preventive Collection)
[2024-10-12T10:23:10.840+0800][info] GC(476) Using 3 workers of 48 for evacuation
[2024-10-12T10:23:10.842+0800][info] GC(476) To-space exhausted
[2024-10-12T10:23:10.842+0800][info] GC(476)   Pre Evacuate Collection Set: 0.2ms
[2024-10-12T10:23:10.842+0800][info] GC(476)   Merge Heap Roots: 0.1ms
[2024-10-12T10:23:10.842+0800][info] GC(476)   Evacuate Collection Set: 0.6ms
[2024-10-12T10:23:10.842+0800][info] GC(476)   Post Evacuate Collection Set: 0.7ms
[2024-10-12T10:23:10.842+0800][info] GC(476)   Other: 0.2ms
[2024-10-12T10:23:10.842+0800][info] GC(476) Eden regions: 1->0(2)
[2024-10-12T10:23:10.842+0800][info] GC(476) Survivor regions: 1->1(1)
[2024-10-12T10:23:10.842+0800][info] GC(476) Old regions: 56->57
[2024-10-12T10:23:10.842+0800][info] GC(476) Archive regions: 2->2
[2024-10-12T10:23:10.842+0800][info] GC(476) Humongous regions: 3->3
[2024-10-12T10:23:10.842+0800][info] GC(476) Metaspace: 1678K(1856K)->1678K(1856K) NonClass: 1554K(1664K)->1554K(1664K) Class: 124K(192K)->124K(192K)
[2024-10-12T10:23:10.842+0800][info] GC(476) Pause Young (Mixed) (G1 Preventive Collection) 119M->119M(128M) 1.732ms
[2024-10-12T10:23:10.842+0800][info] GC(476) User=0.00s Sys=0.00s Real=0.00s
[2024-10-12T10:23:10.903+0800][info] GC(477) Pause Young (Mixed) (G1 Evacuation Pause)
[2024-10-12T10:23:10.903+0800][info] GC(477) Using 3 workers of 48 for evacuation
[2024-10-12T10:23:10.905+0800][info] GC(477) To-space exhausted
[2024-10-12T10:23:10.905+0800][info] GC(477)   Pre Evacuate Collection Set: 0.2ms
[2024-10-12T10:23:10.905+0800][info] GC(477)   Merge Heap Roots: 0.1ms
[2024-10-12T10:23:10.905+0800][info] GC(477)   Evacuate Collection Set: 0.5ms
[2024-10-12T10:23:10.905+0800][info] GC(477)   Post Evacuate Collection Set: 0.7ms
[2024-10-12T10:23:10.905+0800][info] GC(477)   Other: 0.1ms
[2024-10-12T10:23:10.905+0800][info] GC(477) Eden regions: 1->0(3)
[2024-10-12T10:23:10.905+0800][info] GC(477) Survivor regions: 1->0(0)
[2024-10-12T10:23:10.905+0800][info] GC(477) Old regions: 57->59
[2024-10-12T10:23:10.905+0800][info] GC(477) Archive regions: 2->2
[2024-10-12T10:23:10.905+0800][info] GC(477) Humongous regions: 3->3
[2024-10-12T10:23:10.905+0800][info] GC(477) Metaspace: 1678K(1856K)->1678K(1856K) NonClass: 1554K(1664K)->1554K(1664K) Class: 124K(192K)->124K(192K)
[2024-10-12T10:23:10.905+0800][info] GC(477) Pause Young (Mixed) (G1 Evacuation Pause) 120M->120M(128M) 1.657ms
[2024-10-12T10:23:10.905+0800][info] GC(477) User=0.01s Sys=0.00s Real=0.00s
[2024-10-12T10:23:10.905+0800][info] Attempting full compaction
[2024-10-12T10:23:10.905+0800][info] GC(478) Using 3 workers of 48 for full compaction
[2024-10-12T10:23:10.905+0800][info] GC(478) Pause Full (G1 Compaction Pause)
[2024-10-12T10:23:10.905+0800][info] GC(478) Phase 1: Mark live objects
[2024-10-12T10:23:10.908+0800][info] GC(478) Phase 1: Mark live objects 3.172ms
[2024-10-12T10:23:10.908+0800][info] GC(478) Phase 2: Prepare for compaction
[2024-10-12T10:23:10.909+0800][info] GC(478) Phase 2: Prepare for compaction 0.689ms
[2024-10-12T10:23:10.909+0800][info] GC(478) Phase 3: Adjust pointers
[2024-10-12T10:23:10.910+0800][info] GC(478) Phase 3: Adjust pointers 1.668ms
[2024-10-12T10:23:10.911+0800][info] GC(478) Phase 4: Compact heap
[2024-10-12T10:23:10.922+0800][info] GC(478) Phase 4: Compact heap 11.079ms
[2024-10-12T10:23:10.923+0800][info] GC(478) Eden regions: 0->0(4)
[2024-10-12T10:23:10.923+0800][info] GC(478) Survivor regions: 0->0(0)
[2024-10-12T10:23:10.923+0800][info] GC(478) Old regions: 59->38
[2024-10-12T10:23:10.923+0800][info] GC(478) Archive regions: 2->2
[2024-10-12T10:23:10.923+0800][info] GC(478) Humongous regions: 3->3
[2024-10-12T10:23:10.923+0800][info] GC(478) Metaspace: 1678K(1856K)->1678K(1856K) NonClass: 1554K(1664K)->1554K(1664K) Class: 124K(192K)->124K(192K)
[2024-10-12T10:23:10.923+0800][info] GC(478) Pause Full (G1 Compaction Pause) 120M->71M(128M) 18.280ms
[2024-10-12T10:23:10.923+0800][info] GC(478) User=0.03s Sys=0.00s Real=0.02s
[2024-10-12T10:23:11.128+0800][info] GC(479) Pause Young (Normal) (G1 Evacuation Pause)
[2024-10-12T10:23:11.128+0800][info] GC(479) Using 3 workers of 48 for evacuation
[2024-10-12T10:23:11.130+0800][info] GC(479)   Pre Evacuate Collection Set: 0.1ms
[2024-10-12T10:23:11.130+0800][info] GC(479)   Merge Heap Roots: 0.1ms
[2024-10-12T10:23:11.130+0800][info] GC(479)   Evacuate Collection Set: 1.0ms
[2024-10-12T10:23:11.130+0800][info] GC(479)   Post Evacuate Collection Set: 0.2ms
[2024-10-12T10:23:11.130+0800][info] GC(479)   Other: 0.2ms
[2024-10-12T10:23:11.130+0800][info] GC(479) Eden regions: 4->0(2)
[2024-10-12T10:23:11.130+0800][info] GC(479) Survivor regions: 0->1(1)
[2024-10-12T10:23:11.130+0800][info] GC(479) Old regions: 38->41
[2024-10-12T10:23:11.130+0800][info] GC(479) Archive regions: 2->2
[2024-10-12T10:23:11.130+0800][info] GC(479) Humongous regions: 3->3
[2024-10-12T10:23:11.130+0800][info] GC(479) Metaspace: 1678K(1856K)->1678K(1856K) NonClass: 1554K(1664K)->1554K(1664K) Class: 124K(192K)->124K(192K)
[2024-10-12T10:23:11.130+0800][info] GC(479) Pause Young (Normal) (G1 Evacuation Pause) 79M->78M(128M) 1.728ms
[2024-10-12T10:23:11.130+0800][info] GC(479) User=0.00s Sys=0.00s Real=0.00s
[2024-10-12T10:23:11.232+0800][info] GC(480) Pause Young (Normal) (G1 Evacuation Pause)
[2024-10-12T10:23:11.232+0800][info] GC(480) Using 3 workers of 48 for evacuation
[2024-10-12T10:23:11.233+0800][info] GC(480)   Pre Evacuate Collection Set: 0.1ms
[2024-10-12T10:23:11.233+0800][info] GC(480)   Merge Heap Roots: 0.0ms
[2024-10-12T10:23:11.233+0800][info] GC(480)   Evacuate Collection Set: 0.7ms
[2024-10-12T10:23:11.233+0800][info] GC(480)   Post Evacuate Collection Set: 0.2ms
[2024-10-12T10:23:11.233+0800][info] GC(480)   Other: 0.2ms
[2024-10-12T10:23:11.233+0800][info] GC(480) Eden regions: 2->0(2)
[2024-10-12T10:23:11.233+0800][info] GC(480) Survivor regions: 1->1(1)
[2024-10-12T10:23:11.233+0800][info] GC(480) Old regions: 41->43
[2024-10-12T10:23:11.233+0800][info] GC(480) Archive regions: 2->2
[2024-10-12T10:23:11.233+0800][info] GC(480) Humongous regions: 3->3
[2024-10-12T10:23:11.233+0800][info] GC(480) Metaspace: 1678K(1856K)->1678K(1856K) NonClass: 1554K(1664K)->1554K(1664K) Class: 124K(192K)->124K(192K)
[2024-10-12T10:23:11.233+0800][info] GC(480) Pause Young (Normal) (G1 Evacuation Pause) 82M->82M(128M) 1.357ms
[2024-10-12T10:23:11.233+0800][info] GC(480) User=0.00s Sys=0.00s Real=0.01s
[2024-10-12T10:23:11.336+0800][info] GC(481) Pause Young (Normal) (G1 Evacuation Pause)
[2024-10-12T10:23:11.336+0800][info] GC(481) Using 3 workers of 48 for evacuation
[2024-10-12T10:23:11.337+0800][info] GC(481)   Pre Evacuate Collection Set: 0.1ms
[2024-10-12T10:23:11.337+0800][info] GC(481)   Merge Heap Roots: 0.0ms
[2024-10-12T10:23:11.337+0800][info] GC(481)   Evacuate Collection Set: 0.8ms
[2024-10-12T10:23:11.337+0800][info] GC(481)   Post Evacuate Collection Set: 0.2ms
[2024-10-12T10:23:11.337+0800][info] GC(481)   Other: 0.2ms
[2024-10-12T10:23:11.337+0800][info] GC(481) Eden regions: 2->0(2)
[2024-10-12T10:23:11.337+0800][info] GC(481) Survivor regions: 1->1(1)
[2024-10-12T10:23:11.337+0800][info] GC(481) Old regions: 43->45
[2024-10-12T10:23:11.337+0800][info] GC(481) Archive regions: 2->2
[2024-10-12T10:23:11.337+0800][info] GC(481) Humongous regions: 3->3
[2024-10-12T10:23:11.337+0800][info] GC(481) Metaspace: 1678K(1856K)->1678K(1856K) NonClass: 1554K(1664K)->1554K(1664K) Class: 124K(192K)->124K(192K)
[2024-10-12T10:23:11.337+0800][info] GC(481) Pause Young (Normal) (G1 Evacuation Pause) 86M->86M(128M) 1.501ms
[2024-10-12T10:23:11.337+0800][info] GC(481) User=0.00s Sys=0.01s Real=0.00s
[2024-10-12T10:23:11.439+0800][info] GC(482) Pause Young (Normal) (G1 Evacuation Pause)
[2024-10-12T10:23:11.439+0800][info] GC(482) Using 3 workers of 48 for evacuation
[2024-10-12T10:23:11.441+0800][info] GC(482)   Pre Evacuate Collection Set: 0.1ms
[2024-10-12T10:23:11.441+0800][info] GC(482)   Merge Heap Roots: 0.0ms
[2024-10-12T10:23:11.441+0800][info] GC(482)   Evacuate Collection Set: 0.7ms
[2024-10-12T10:23:11.441+0800][info] GC(482)   Post Evacuate Collection Set: 0.2ms
[2024-10-12T10:23:11.441+0800][info] GC(482)   Other: 0.2ms
[2024-10-12T10:23:11.441+0800][info] GC(482) Eden regions: 2->0(2)
[2024-10-12T10:23:11.441+0800][info] GC(482) Survivor regions: 1->1(1)
[2024-10-12T10:23:11.441+0800][info] GC(482) Old regions: 45->47
[2024-10-12T10:23:11.441+0800][info] GC(482) Archive regions: 2->2
[2024-10-12T10:23:11.441+0800][info] GC(482) Humongous regions: 3->3
[2024-10-12T10:23:11.441+0800][info] GC(482) Metaspace: 1678K(1856K)->1678K(1856K) NonClass: 1554K(1664K)->1554K(1664K) Class: 124K(192K)->124K(192K)
[2024-10-12T10:23:11.441+0800][info] GC(482) Pause Young (Normal) (G1 Evacuation Pause) 90M->90M(128M) 1.337ms
[2024-10-12T10:23:11.441+0800][info] GC(482) User=0.00s Sys=0.00s Real=0.00s
[2024-10-12T10:23:11.441+0800][info] GC(483) Pause Young (Concurrent Start) (G1 Humongous Allocation)
[2024-10-12T10:23:11.441+0800][info] GC(483) Using 3 workers of 48 for evacuation
[2024-10-12T10:23:11.442+0800][info] GC(483)   Pre Evacuate Collection Set: 0.0ms
[2024-10-12T10:23:11.442+0800][info] GC(483)   Merge Heap Roots: 0.0ms
[2024-10-12T10:23:11.442+0800][info] GC(483)   Evacuate Collection Set: 0.5ms
[2024-10-12T10:23:11.442+0800][info] GC(483)   Post Evacuate Collection Set: 0.2ms
[2024-10-12T10:23:11.442+0800][info] GC(483)   Other: 0.3ms
[2024-10-12T10:23:11.442+0800][info] GC(483) Eden regions: 1->0(2)
[2024-10-12T10:23:11.442+0800][info] GC(483) Survivor regions: 1->1(1)
[2024-10-12T10:23:11.442+0800][info] GC(483) Old regions: 47->48
[2024-10-12T10:23:11.442+0800][info] GC(483) Archive regions: 2->2
[2024-10-12T10:23:11.442+0800][info] GC(483) Humongous regions: 3->3
[2024-10-12T10:23:11.442+0800][info] GC(483) Metaspace: 1678K(1856K)->1678K(1856K) NonClass: 1554K(1664K)->1554K(1664K) Class: 124K(192K)->124K(192K)
[2024-10-12T10:23:11.442+0800][info] GC(483) Pause Young (Concurrent Start) (G1 Humongous Allocation) 91M->91M(128M) 1.148ms
[2024-10-12T10:23:11.442+0800][info] GC(483) User=0.00s Sys=0.00s Real=0.00s
[2024-10-12T10:23:11.442+0800][info] GC(484) Concurrent Mark Cycle
[2024-10-12T10:23:11.442+0800][info] GC(484) Concurrent Clear Claimed Marks
[2024-10-12T10:23:11.442+0800][info] GC(484) Concurrent Clear Claimed Marks 0.017ms
[2024-10-12T10:23:11.442+0800][info] GC(484) Concurrent Scan Root Regions
[2024-10-12T10:23:11.442+0800][info] GC(484) Concurrent Scan Root Regions 0.158ms
[2024-10-12T10:23:11.442+0800][info] GC(484) Concurrent Mark
[2024-10-12T10:23:11.442+0800][info] GC(484) Concurrent Mark From Roots
[2024-10-12T10:23:11.442+0800][info] GC(484) Using 12 workers of 12 for marking
[2024-10-12T10:23:11.446+0800][info] GC(484) Concurrent Mark From Roots 3.491ms
[2024-10-12T10:23:11.446+0800][info] GC(484) Concurrent Preclean
[2024-10-12T10:23:11.448+0800][info] GC(484) Concurrent Preclean 1.679ms
[2024-10-12T10:23:11.448+0800][info] GC(484) Pause Remark
[2024-10-12T10:23:11.449+0800][info] GC(484) Pause Remark 93M->93M(128M) 1.638ms
[2024-10-12T10:23:11.449+0800][info] GC(484) User=0.00s Sys=0.00s Real=0.00s
[2024-10-12T10:23:11.449+0800][info] GC(484) Concurrent Mark 7.015ms
[2024-10-12T10:23:11.450+0800][info] GC(484) Concurrent Rebuild Remembered Sets
[2024-10-12T10:23:11.451+0800][info] GC(484) Concurrent Rebuild Remembered Sets 1.634ms
[2024-10-12T10:23:11.451+0800][info] GC(484) Pause Cleanup
[2024-10-12T10:23:11.452+0800][info] GC(484) Pause Cleanup 93M->93M(128M) 0.240ms
[2024-10-12T10:23:11.452+0800][info] GC(484) User=0.00s Sys=0.00s Real=0.00s
[2024-10-12T10:23:11.452+0800][info] GC(484) Concurrent Cleanup for Next Mark
[2024-10-12T10:23:11.452+0800][info] GC(484) Concurrent Cleanup for Next Mark 0.391ms
[2024-10-12T10:23:11.452+0800][info] GC(484) Concurrent Mark Cycle 9.773ms
[2024-10-12T10:23:11.616+0800][info] GC(485) Pause Young (Prepare Mixed) (G1 Evacuation Pause)
[2024-10-12T10:23:11.616+0800][info] GC(485) Using 3 workers of 48 for evacuation
[2024-10-12T10:23:11.618+0800][info] GC(485)   Pre Evacuate Collection Set: 0.1ms
[2024-10-12T10:23:11.618+0800][info] GC(485)   Merge Heap Roots: 0.1ms
[2024-10-12T10:23:11.618+0800][info] GC(485)   Evacuate Collection Set: 0.8ms
[2024-10-12T10:23:11.618+0800][info] GC(485)   Post Evacuate Collection Set: 0.2ms
[2024-10-12T10:23:11.618+0800][info] GC(485)   Other: 0.2ms
[2024-10-12T10:23:11.618+0800][info] GC(485) Eden regions: 2->0(2)
[2024-10-12T10:23:11.618+0800][info] GC(485) Survivor regions: 1->1(1)
[2024-10-12T10:23:11.618+0800][info] GC(485) Old regions: 48->49
[2024-10-12T10:23:11.618+0800][info] GC(485) Archive regions: 2->2
[2024-10-12T10:23:11.618+0800][info] GC(485) Humongous regions: 4->3
[2024-10-12T10:23:11.618+0800][info] GC(485) Metaspace: 1678K(1856K)->1678K(1856K) NonClass: 1554K(1664K)->1554K(1664K) Class: 124K(192K)->124K(192K)
[2024-10-12T10:23:11.618+0800][info] GC(485) Pause Young (Prepare Mixed) (G1 Evacuation Pause) 97M->95M(128M) 1.504ms
[2024-10-12T10:23:11.618+0800][info] GC(485) User=0.00s Sys=0.00s Real=0.00s
[2024-10-12T10:23:11.720+0800][info] GC(486) Pause Young (Mixed) (G1 Evacuation Pause)
[2024-10-12T10:23:11.720+0800][info] GC(486) Using 3 workers of 48 for evacuation
[2024-10-12T10:23:11.722+0800][info] GC(486)   Pre Evacuate Collection Set: 0.2ms
[2024-10-12T10:23:11.722+0800][info] GC(486)   Merge Heap Roots: 0.1ms
[2024-10-12T10:23:11.722+0800][info] GC(486)   Evacuate Collection Set: 1.6ms
[2024-10-12T10:23:11.722+0800][info] GC(486)   Post Evacuate Collection Set: 0.2ms
[2024-10-12T10:23:11.722+0800][info] GC(486)   Other: 0.2ms
[2024-10-12T10:23:11.722+0800][info] GC(486) Eden regions: 2->0(2)
[2024-10-12T10:23:11.722+0800][info] GC(486) Survivor regions: 1->1(1)
[2024-10-12T10:23:11.722+0800][info] GC(486) Old regions: 49->47
[2024-10-12T10:23:11.722+0800][info] GC(486) Archive regions: 2->2
[2024-10-12T10:23:11.723+0800][info] GC(486) Humongous regions: 3->3
[2024-10-12T10:23:11.723+0800][info] GC(486) Metaspace: 1678K(1856K)->1678K(1856K) NonClass: 1554K(1664K)->1554K(1664K) Class: 124K(192K)->124K(192K)
[2024-10-12T10:23:11.723+0800][info] GC(486) Pause Young (Mixed) (G1 Evacuation Pause) 98M->92M(128M) 2.291ms
[2024-10-12T10:23:11.723+0800][info] GC(486) User=0.01s Sys=0.00s Real=0.00s
[2024-10-12T10:23:11.825+0800][info] GC(487) Pause Young (Mixed) (G1 Evacuation Pause)
[2024-10-12T10:23:11.825+0800][info] GC(487) Using 3 workers of 48 for evacuation
[2024-10-12T10:23:11.827+0800][info] GC(487)   Pre Evacuate Collection Set: 0.2ms
[2024-10-12T10:23:11.827+0800][info] GC(487)   Merge Heap Roots: 0.1ms
[2024-10-12T10:23:11.827+0800][info] GC(487)   Evacuate Collection Set: 1.6ms
[2024-10-12T10:23:11.827+0800][info] GC(487)   Post Evacuate Collection Set: 0.2ms
[2024-10-12T10:23:11.827+0800][info] GC(487)   Other: 0.1ms
[2024-10-12T10:23:11.827+0800][info] GC(487) Eden regions: 2->0(2)
[2024-10-12T10:23:11.827+0800][info] GC(487) Survivor regions: 1->1(1)
[2024-10-12T10:23:11.827+0800][info] GC(487) Old regions: 47->46
[2024-10-12T10:23:11.827+0800][info] GC(487) Archive regions: 2->2
[2024-10-12T10:23:11.827+0800][info] GC(487) Humongous regions: 3->3
[2024-10-12T10:23:11.827+0800][info] GC(487) Metaspace: 1678K(1856K)->1678K(1856K) NonClass: 1554K(1664K)->1554K(1664K) Class: 124K(192K)->124K(192K)
[2024-10-12T10:23:11.827+0800][info] GC(487) Pause Young (Mixed) (G1 Evacuation Pause) 96M->92M(128M) 2.321ms
[2024-10-12T10:23:11.827+0800][info] GC(487) User=0.00s Sys=0.00s Real=0.01s
[2024-10-12T10:23:11.930+0800][info] GC(488) Pause Young (Mixed) (G1 Evacuation Pause)
[2024-10-12T10:23:11.930+0800][info] GC(488) Using 3 workers of 48 for evacuation
[2024-10-12T10:23:11.932+0800][info] GC(488)   Pre Evacuate Collection Set: 0.4ms
[2024-10-12T10:23:11.932+0800][info] GC(488)   Merge Heap Roots: 0.1ms
[2024-10-12T10:23:11.932+0800][info] GC(488)   Evacuate Collection Set: 1.9ms
[2024-10-12T10:23:11.932+0800][info] GC(488)   Post Evacuate Collection Set: 0.2ms
[2024-10-12T10:23:11.932+0800][info] GC(488)   Other: 0.1ms
[2024-10-12T10:23:11.932+0800][info] GC(488) Eden regions: 2->0(2)
[2024-10-12T10:23:11.932+0800][info] GC(488) Survivor regions: 1->1(1)
[2024-10-12T10:23:11.932+0800][info] GC(488) Old regions: 46->45
[2024-10-12T10:23:11.932+0800][info] GC(488) Archive regions: 2->2
[2024-10-12T10:23:11.932+0800][info] GC(488) Humongous regions: 3->3
[2024-10-12T10:23:11.932+0800][info] GC(488) Metaspace: 1678K(1856K)->1678K(1856K) NonClass: 1554K(1664K)->1554K(1664K) Class: 124K(192K)->124K(192K)
[2024-10-12T10:23:11.932+0800][info] GC(488) Pause Young (Mixed) (G1 Evacuation Pause) 95M->93M(128M) 2.819ms
[2024-10-12T10:23:11.932+0800][info] GC(488) User=0.00s Sys=0.00s Real=0.00s
[2024-10-12T10:23:12.034+0800][info] GC(489) Pause Young (Mixed) (G1 Evacuation Pause)
[2024-10-12T10:23:12.035+0800][info] GC(489) Using 3 workers of 48 for evacuation
[2024-10-12T10:23:12.037+0800][info] GC(489)   Pre Evacuate Collection Set: 0.1ms
[2024-10-12T10:23:12.037+0800][info] GC(489)   Merge Heap Roots: 0.1ms
[2024-10-12T10:23:12.037+0800][info] GC(489)   Evacuate Collection Set: 1.9ms
[2024-10-12T10:23:12.037+0800][info] GC(489)   Post Evacuate Collection Set: 0.2ms
[2024-10-12T10:23:12.037+0800][info] GC(489)   Other: 0.1ms
[2024-10-12T10:23:12.037+0800][info] GC(489) Eden regions: 2->0(2)
[2024-10-12T10:23:12.037+0800][info] GC(489) Survivor regions: 1->1(1)
[2024-10-12T10:23:12.037+0800][info] GC(489) Old regions: 45->45
[2024-10-12T10:23:12.037+0800][info] GC(489) Archive regions: 2->2
[2024-10-12T10:23:12.037+0800][info] GC(489) Humongous regions: 3->3
[2024-10-12T10:23:12.037+0800][info] GC(489) Metaspace: 1678K(1856K)->1678K(1856K) NonClass: 1554K(1664K)->1554K(1664K) Class: 124K(192K)->124K(192K)
[2024-10-12T10:23:12.037+0800][info] GC(489) Pause Young (Mixed) (G1 Evacuation Pause) 96M->94M(128M) 2.535ms
[2024-10-12T10:23:12.037+0800][info] GC(489) User=0.01s Sys=0.00s Real=0.00s
[2024-10-12T10:23:12.140+0800][info] GC(490) Pause Young (Normal) (G1 Evacuation Pause)
[2024-10-12T10:23:12.140+0800][info] GC(490) Using 3 workers of 48 for evacuation
[2024-10-12T10:23:12.141+0800][info] GC(490)   Pre Evacuate Collection Set: 0.1ms
[2024-10-12T10:23:12.141+0800][info] GC(490)   Merge Heap Roots: 0.0ms
[2024-10-12T10:23:12.141+0800][info] GC(490)   Evacuate Collection Set: 0.7ms
[2024-10-12T10:23:12.141+0800][info] GC(490)   Post Evacuate Collection Set: 0.2ms
[2024-10-12T10:23:12.141+0800][info] GC(490)   Other: 0.2ms
[2024-10-12T10:23:12.141+0800][info] GC(490) Eden regions: 2->0(2)
[2024-10-12T10:23:12.141+0800][info] GC(490) Survivor regions: 1->1(1)
[2024-10-12T10:23:12.141+0800][info] GC(490) Old regions: 45->47
[2024-10-12T10:23:12.141+0800][info] GC(490) Archive regions: 2->2
[2024-10-12T10:23:12.141+0800][info] GC(490) Humongous regions: 3->3
[2024-10-12T10:23:12.141+0800][info] GC(490) Metaspace: 1678K(1856K)->1678K(1856K) NonClass: 1554K(1664K)->1554K(1664K) Class: 124K(192K)->124K(192K)
[2024-10-12T10:23:12.141+0800][info] GC(490) Pause Young (Normal) (G1 Evacuation Pause) 98M->98M(128M) 1.298ms
[2024-10-12T10:23:12.141+0800][info] GC(490) User=0.01s Sys=0.00s Real=0.00s
[2024-10-12T10:23:12.243+0800][info] GC(491) Pause Young (Normal) (G1 Evacuation Pause)
[2024-10-12T10:23:12.243+0800][info] GC(491) Using 3 workers of 48 for evacuation
[2024-10-12T10:23:12.244+0800][info] GC(491)   Pre Evacuate Collection Set: 0.1ms
[2024-10-12T10:23:12.244+0800][info] GC(491)   Merge Heap Roots: 0.1ms
[2024-10-12T10:23:12.244+0800][info] GC(491)   Evacuate Collection Set: 0.8ms
[2024-10-12T10:23:12.244+0800][info] GC(491)   Post Evacuate Collection Set: 0.2ms
[2024-10-12T10:23:12.244+0800][info] GC(491)   Other: 0.2ms
[2024-10-12T10:23:12.244+0800][info] GC(491) Eden regions: 2->0(2)
[2024-10-12T10:23:12.244+0800][info] GC(491) Survivor regions: 1->1(1)
[2024-10-12T10:23:12.244+0800][info] GC(491) Old regions: 47->49
[2024-10-12T10:23:12.244+0800][info] GC(491) Archive regions: 2->2
[2024-10-12T10:23:12.244+0800][info] GC(491) Humongous regions: 3->3
[2024-10-12T10:23:12.245+0800][info] GC(491) Metaspace: 1678K(1856K)->1678K(1856K) NonClass: 1554K(1664K)->1554K(1664K) Class: 124K(192K)->124K(192K)
[2024-10-12T10:23:12.245+0800][info] GC(491) Pause Young (Normal) (G1 Evacuation Pause) 102M->102M(128M) 1.491ms
[2024-10-12T10:23:12.245+0800][info] GC(491) User=0.00s Sys=0.00s Real=0.00s
[2024-10-12T10:23:12.347+0800][info] GC(492) Pause Young (Concurrent Start) (G1 Evacuation Pause)
[2024-10-12T10:23:12.347+0800][info] GC(492) Using 3 workers of 48 for evacuation
[2024-10-12T10:23:12.348+0800][info] GC(492)   Pre Evacuate Collection Set: 0.1ms
[2024-10-12T10:23:12.348+0800][info] GC(492)   Merge Heap Roots: 0.0ms
[2024-10-12T10:23:12.348+0800][info] GC(492)   Evacuate Collection Set: 0.6ms
[2024-10-12T10:23:12.348+0800][info] GC(492)   Post Evacuate Collection Set: 0.2ms
[2024-10-12T10:23:12.348+0800][info] GC(492)   Other: 0.3ms
[2024-10-12T10:23:12.348+0800][info] GC(492) Eden regions: 2->0(2)
[2024-10-12T10:23:12.348+0800][info] GC(492) Survivor regions: 1->1(1)
[2024-10-12T10:23:12.348+0800][info] GC(492) Old regions: 49->51
[2024-10-12T10:23:12.348+0800][info] GC(492) Archive regions: 2->2
[2024-10-12T10:23:12.348+0800][info] GC(492) Humongous regions: 3->3
[2024-10-12T10:23:12.348+0800][info] GC(492) Metaspace: 1678K(1856K)->1678K(1856K) NonClass: 1554K(1664K)->1554K(1664K) Class: 124K(192K)->124K(192K)
[2024-10-12T10:23:12.348+0800][info] GC(492) Pause Young (Concurrent Start) (G1 Evacuation Pause) 106M->106M(128M) 1.363ms
[2024-10-12T10:23:12.348+0800][info] GC(492) User=0.00s Sys=0.00s Real=0.00s
[2024-10-12T10:23:12.348+0800][info] GC(493) Concurrent Mark Cycle
[2024-10-12T10:23:12.349+0800][info] GC(493) Concurrent Clear Claimed Marks
[2024-10-12T10:23:12.349+0800][info] GC(493) Concurrent Clear Claimed Marks 0.016ms
[2024-10-12T10:23:12.349+0800][info] GC(493) Concurrent Scan Root Regions
[2024-10-12T10:23:12.349+0800][info] GC(493) Concurrent Scan Root Regions 0.146ms
[2024-10-12T10:23:12.349+0800][info] GC(493) Concurrent Mark
[2024-10-12T10:23:12.349+0800][info] GC(493) Concurrent Mark From Roots
[2024-10-12T10:23:12.349+0800][info] GC(493) Using 12 workers of 12 for marking
[2024-10-12T10:23:12.352+0800][info] GC(493) Concurrent Mark From Roots 3.573ms
[2024-10-12T10:23:12.352+0800][info] GC(493) Concurrent Preclean
[2024-10-12T10:23:12.354+0800][info] GC(493) Concurrent Preclean 1.744ms
[2024-10-12T10:23:12.354+0800][info] GC(493) Pause Remark
[2024-10-12T10:23:12.356+0800][info] GC(493) Pause Remark 106M->106M(128M) 1.490ms
[2024-10-12T10:23:12.356+0800][info] GC(493) User=0.00s Sys=0.00s Real=0.00s
[2024-10-12T10:23:12.356+0800][info] GC(493) Concurrent Mark 7.059ms
[2024-10-12T10:23:12.356+0800][info] GC(493) Concurrent Rebuild Remembered Sets
[2024-10-12T10:23:12.357+0800][info] GC(493) Concurrent Rebuild Remembered Sets 1.629ms
[2024-10-12T10:23:12.358+0800][info] GC(493) Pause Cleanup
[2024-10-12T10:23:12.358+0800][info] GC(493) Pause Cleanup 106M->106M(128M) 0.218ms
[2024-10-12T10:23:12.358+0800][info] GC(493) User=0.00s Sys=0.00s Real=0.00s
[2024-10-12T10:23:12.358+0800][info] GC(493) Concurrent Cleanup for Next Mark
[2024-10-12T10:23:12.358+0800][info] GC(493) Concurrent Cleanup for Next Mark 0.390ms
[2024-10-12T10:23:12.358+0800][info] GC(493) Concurrent Mark Cycle 9.731ms
[2024-10-12T10:23:12.502+0800][info] GC(494) Pause Young (Prepare Mixed) (G1 Evacuation Pause)
[2024-10-12T10:23:12.502+0800][info] GC(494) Using 3 workers of 48 for evacuation
[2024-10-12T10:23:12.503+0800][info] GC(494)   Pre Evacuate Collection Set: 0.1ms
[2024-10-12T10:23:12.503+0800][info] GC(494)   Merge Heap Roots: 0.1ms
[2024-10-12T10:23:12.503+0800][info] GC(494)   Evacuate Collection Set: 0.9ms
[2024-10-12T10:23:12.503+0800][info] GC(494)   Post Evacuate Collection Set: 0.2ms
[2024-10-12T10:23:12.503+0800][info] GC(494)   Other: 0.2ms
[2024-10-12T10:23:12.503+0800][info] GC(494) Eden regions: 2->0(2)
[2024-10-12T10:23:12.503+0800][info] GC(494) Survivor regions: 1->1(1)
[2024-10-12T10:23:12.503+0800][info] GC(494) Old regions: 51->53
[2024-10-12T10:23:12.503+0800][info] GC(494) Archive regions: 2->2
[2024-10-12T10:23:12.503+0800][info] GC(494) Humongous regions: 3->3
[2024-10-12T10:23:12.503+0800][info] GC(494) Metaspace: 1678K(1856K)->1678K(1856K) NonClass: 1554K(1664K)->1554K(1664K) Class: 124K(192K)->124K(192K)
[2024-10-12T10:23:12.503+0800][info] GC(494) Pause Young (Prepare Mixed) (G1 Evacuation Pause) 109M->110M(128M) 1.603ms
[2024-10-12T10:23:12.503+0800][info] GC(494) User=0.00s Sys=0.01s Real=0.00s
[2024-10-12T10:23:12.565+0800][info] GC(495) Pause Young (Mixed) (G1 Preventive Collection)
[2024-10-12T10:23:12.565+0800][info] GC(495) Using 3 workers of 48 for evacuation
[2024-10-12T10:23:12.566+0800][info] GC(495)   Pre Evacuate Collection Set: 0.2ms
[2024-10-12T10:23:12.566+0800][info] GC(495)   Merge Heap Roots: 0.1ms
[2024-10-12T10:23:12.566+0800][info] GC(495)   Evacuate Collection Set: 1.1ms
[2024-10-12T10:23:12.566+0800][info] GC(495)   Post Evacuate Collection Set: 0.2ms
[2024-10-12T10:23:12.566+0800][info] GC(495)   Other: 0.2ms
[2024-10-12T10:23:12.566+0800][info] GC(495) Eden regions: 1->0(2)
[2024-10-12T10:23:12.566+0800][info] GC(495) Survivor regions: 1->1(1)
[2024-10-12T10:23:12.566+0800][info] GC(495) Old regions: 53->49
[2024-10-12T10:23:12.566+0800][info] GC(495) Archive regions: 2->2
[2024-10-12T10:23:12.566+0800][info] GC(495) Humongous regions: 3->3
[2024-10-12T10:23:12.566+0800][info] GC(495) Metaspace: 1678K(1856K)->1678K(1856K) NonClass: 1554K(1664K)->1554K(1664K) Class: 124K(192K)->124K(192K)
[2024-10-12T10:23:12.566+0800][info] GC(495) Pause Young (Mixed) (G1 Preventive Collection) 112M->102M(128M) 1.750ms
[2024-10-12T10:23:12.566+0800][info] GC(495) User=0.00s Sys=0.00s Real=0.01s
[2024-10-12T10:23:12.669+0800][info] GC(496) Pause Young (Mixed) (G1 Evacuation Pause)
[2024-10-12T10:23:12.669+0800][info] GC(496) Using 3 workers of 48 for evacuation
[2024-10-12T10:23:12.671+0800][info] GC(496)   Pre Evacuate Collection Set: 0.2ms
[2024-10-12T10:23:12.671+0800][info] GC(496)   Merge Heap Roots: 0.1ms
[2024-10-12T10:23:12.671+0800][info] GC(496)   Evacuate Collection Set: 1.7ms
[2024-10-12T10:23:12.671+0800][info] GC(496)   Post Evacuate Collection Set: 0.2ms
[2024-10-12T10:23:12.671+0800][info] GC(496)   Other: 0.1ms
[2024-10-12T10:23:12.671+0800][info] GC(496) Eden regions: 2->0(2)
[2024-10-12T10:23:12.671+0800][info] GC(496) Survivor regions: 1->1(1)
[2024-10-12T10:23:12.671+0800][info] GC(496) Old regions: 49->47
[2024-10-12T10:23:12.671+0800][info] GC(496) Archive regions: 2->2
[2024-10-12T10:23:12.671+0800][info] GC(496) Humongous regions: 3->3
[2024-10-12T10:23:12.671+0800][info] GC(496) Metaspace: 1678K(1856K)->1678K(1856K) NonClass: 1554K(1664K)->1554K(1664K) Class: 124K(192K)->124K(192K)
[2024-10-12T10:23:12.671+0800][info] GC(496) Pause Young (Mixed) (G1 Evacuation Pause) 106M->101M(128M) 2.405ms
[2024-10-12T10:23:12.671+0800][info] GC(496) User=0.00s Sys=0.00s Real=0.00s
[2024-10-12T10:23:12.773+0800][info] GC(497) Pause Young (Mixed) (G1 Evacuation Pause)
[2024-10-12T10:23:12.773+0800][info] GC(497) Using 3 workers of 48 for evacuation
[2024-10-12T10:23:12.776+0800][info] GC(497)   Pre Evacuate Collection Set: 0.2ms
[2024-10-12T10:23:12.776+0800][info] GC(497)   Merge Heap Roots: 0.1ms
[2024-10-12T10:23:12.776+0800][info] GC(497)   Evacuate Collection Set: 1.7ms
[2024-10-12T10:23:12.776+0800][info] GC(497)   Post Evacuate Collection Set: 0.2ms
[2024-10-12T10:23:12.776+0800][info] GC(497)   Other: 0.1ms
[2024-10-12T10:23:12.776+0800][info] GC(497) Eden regions: 2->0(2)
[2024-10-12T10:23:12.776+0800][info] GC(497) Survivor regions: 1->1(1)
[2024-10-12T10:23:12.776+0800][info] GC(497) Old regions: 47->46
[2024-10-12T10:23:12.776+0800][info] GC(497) Archive regions: 2->2
[2024-10-12T10:23:12.776+0800][info] GC(497) Humongous regions: 3->3
[2024-10-12T10:23:12.776+0800][info] GC(497) Metaspace: 1678K(1856K)->1678K(1856K) NonClass: 1554K(1664K)->1554K(1664K) Class: 124K(192K)->124K(192K)
[2024-10-12T10:23:12.776+0800][info] GC(497) Pause Young (Mixed) (G1 Evacuation Pause) 104M->99M(128M) 2.398ms
[2024-10-12T10:23:12.776+0800][info] GC(497) User=0.01s Sys=0.00s Real=0.00s
[2024-10-12T10:23:12.878+0800][info] GC(498) Pause Young (Mixed) (G1 Evacuation Pause)
[2024-10-12T10:23:12.878+0800][info] GC(498) Using 3 workers of 48 for evacuation
[2024-10-12T10:23:12.881+0800][info] GC(498)   Pre Evacuate Collection Set: 0.2ms
[2024-10-12T10:23:12.881+0800][info] GC(498)   Merge Heap Roots: 0.1ms
[2024-10-12T10:23:12.881+0800][info] GC(498)   Evacuate Collection Set: 1.9ms
[2024-10-12T10:23:12.881+0800][info] GC(498)   Post Evacuate Collection Set: 0.2ms
[2024-10-12T10:23:12.881+0800][info] GC(498)   Other: 0.1ms
[2024-10-12T10:23:12.881+0800][info] GC(498) Eden regions: 2->0(2)
[2024-10-12T10:23:12.881+0800][info] GC(498) Survivor regions: 1->1(1)
[2024-10-12T10:23:12.881+0800][info] GC(498) Old regions: 46->46
[2024-10-12T10:23:12.881+0800][info] GC(498) Archive regions: 2->2
[2024-10-12T10:23:12.881+0800][info] GC(498) Humongous regions: 3->3
[2024-10-12T10:23:12.881+0800][info] GC(498) Metaspace: 1678K(1856K)->1678K(1856K) NonClass: 1554K(1664K)->1554K(1664K) Class: 124K(192K)->124K(192K)
[2024-10-12T10:23:12.881+0800][info] GC(498) Pause Young (Mixed) (G1 Evacuation Pause) 103M->99M(128M) 2.579ms
[2024-10-12T10:23:12.881+0800][info] GC(498) User=0.00s Sys=0.00s Real=0.00s
[2024-10-12T10:23:12.983+0800][info] GC(499) Pause Young (Mixed) (G1 Evacuation Pause)
[2024-10-12T10:23:12.983+0800][info] GC(499) Using 3 workers of 48 for evacuation
[2024-10-12T10:23:12.985+0800][info] GC(499)   Pre Evacuate Collection Set: 0.2ms
[2024-10-12T10:23:12.985+0800][info] GC(499)   Merge Heap Roots: 0.0ms
[2024-10-12T10:23:12.985+0800][info] GC(499)   Evacuate Collection Set: 1.0ms
[2024-10-12T10:23:12.985+0800][info] GC(499)   Post Evacuate Collection Set: 0.2ms
[2024-10-12T10:23:12.985+0800][info] GC(499)   Other: 0.1ms
[2024-10-12T10:23:12.985+0800][info] GC(499) Eden regions: 2->0(2)
[2024-10-12T10:23:12.985+0800][info] GC(499) Survivor regions: 1->1(1)
[2024-10-12T10:23:12.985+0800][info] GC(499) Old regions: 46->48
[2024-10-12T10:23:12.985+0800][info] GC(499) Archive regions: 2->2
[2024-10-12T10:23:12.985+0800][info] GC(499) Humongous regions: 3->3
[2024-10-12T10:23:12.985+0800][info] GC(499) Metaspace: 1678K(1856K)->1678K(1856K) NonClass: 1554K(1664K)->1554K(1664K) Class: 124K(192K)->124K(192K)
[2024-10-12T10:23:12.985+0800][info] GC(499) Pause Young (Mixed) (G1 Evacuation Pause) 103M->103M(128M) 1.690ms
[2024-10-12T10:23:12.985+0800][info] GC(499) User=0.01s Sys=0.00s Real=0.00s
[2024-10-12T10:23:13.087+0800][info] GC(500) Pause Young (Normal) (G1 Evacuation Pause)
[2024-10-12T10:23:13.087+0800][info] GC(500) Using 3 workers of 48 for evacuation
[2024-10-12T10:23:13.088+0800][info] GC(500)   Pre Evacuate Collection Set: 0.1ms
[2024-10-12T10:23:13.088+0800][info] GC(500)   Merge Heap Roots: 0.1ms
[2024-10-12T10:23:13.088+0800][info] GC(500)   Evacuate Collection Set: 0.7ms
[2024-10-12T10:23:13.088+0800][info] GC(500)   Post Evacuate Collection Set: 0.2ms
[2024-10-12T10:23:13.089+0800][info] GC(500)   Other: 0.2ms
[2024-10-12T10:23:13.089+0800][info] GC(500) Eden regions: 2->0(2)
[2024-10-12T10:23:13.089+0800][info] GC(500) Survivor regions: 1->1(1)
[2024-10-12T10:23:13.089+0800][info] GC(500) Old regions: 48->50
[2024-10-12T10:23:13.089+0800][info] GC(500) Archive regions: 2->2
[2024-10-12T10:23:13.089+0800][info] GC(500) Humongous regions: 3->3
[2024-10-12T10:23:13.089+0800][info] GC(500) Metaspace: 1678K(1856K)->1678K(1856K) NonClass: 1554K(1664K)->1554K(1664K) Class: 124K(192K)->124K(192K)
[2024-10-12T10:23:13.089+0800][info] GC(500) Pause Young (Normal) (G1 Evacuation Pause) 106M->107M(128M) 1.332ms
[2024-10-12T10:23:13.089+0800][info] GC(500) User=0.00s Sys=0.00s Real=0.00s
[2024-10-12T10:23:13.191+0800][info] GC(501) Pause Young (Concurrent Start) (G1 Evacuation Pause)
[2024-10-12T10:23:13.191+0800][info] GC(501) Using 3 workers of 48 for evacuation
[2024-10-12T10:23:13.192+0800][info] GC(501)   Pre Evacuate Collection Set: 0.1ms
[2024-10-12T10:23:13.192+0800][info] GC(501)   Merge Heap Roots: 0.0ms
[2024-10-12T10:23:13.192+0800][info] GC(501)   Evacuate Collection Set: 0.7ms
[2024-10-12T10:23:13.192+0800][info] GC(501)   Post Evacuate Collection Set: 0.2ms
[2024-10-12T10:23:13.192+0800][info] GC(501)   Other: 0.3ms
[2024-10-12T10:23:13.192+0800][info] GC(501) Eden regions: 2->0(2)
[2024-10-12T10:23:13.192+0800][info] GC(501) Survivor regions: 1->1(1)
[2024-10-12T10:23:13.192+0800][info] GC(501) Old regions: 50->52
[2024-10-12T10:23:13.192+0800][info] GC(501) Archive regions: 2->2
[2024-10-12T10:23:13.192+0800][info] GC(501) Humongous regions: 3->3
[2024-10-12T10:23:13.192+0800][info] GC(501) Metaspace: 1678K(1856K)->1678K(1856K) NonClass: 1554K(1664K)->1554K(1664K) Class: 124K(192K)->124K(192K)
[2024-10-12T10:23:13.192+0800][info] GC(501) Pause Young (Concurrent Start) (G1 Evacuation Pause) 110M->111M(128M) 1.527ms
[2024-10-12T10:23:13.192+0800][info] GC(501) User=0.00s Sys=0.00s Real=0.00s
[2024-10-12T10:23:13.192+0800][info] GC(502) Concurrent Mark Cycle
[2024-10-12T10:23:13.193+0800][info] GC(502) Concurrent Clear Claimed Marks
[2024-10-12T10:23:13.193+0800][info] GC(502) Concurrent Clear Claimed Marks 0.016ms
[2024-10-12T10:23:13.193+0800][info] GC(502) Concurrent Scan Root Regions
[2024-10-12T10:23:13.193+0800][info] GC(502) Concurrent Scan Root Regions 0.096ms
[2024-10-12T10:23:13.193+0800][info] GC(502) Concurrent Mark
[2024-10-12T10:23:13.193+0800][info] GC(502) Concurrent Mark From Roots
[2024-10-12T10:23:13.193+0800][info] GC(502) Using 12 workers of 12 for marking
[2024-10-12T10:23:13.196+0800][info] GC(502) Concurrent Mark From Roots 3.413ms
[2024-10-12T10:23:13.196+0800][info] GC(502) Concurrent Preclean
[2024-10-12T10:23:13.198+0800][info] GC(502) Concurrent Preclean 1.732ms
[2024-10-12T10:23:13.198+0800][info] GC(502) Pause Remark
[2024-10-12T10:23:13.200+0800][info] GC(502) Pause Remark 111M->111M(128M) 1.568ms
[2024-10-12T10:23:13.200+0800][info] GC(502) User=0.00s Sys=0.00s Real=0.00s
[2024-10-12T10:23:13.200+0800][info] GC(502) Concurrent Mark 7.033ms
[2024-10-12T10:23:13.200+0800][info] GC(502) Concurrent Rebuild Remembered Sets
[2024-10-12T10:23:13.201+0800][info] GC(502) Concurrent Rebuild Remembered Sets 1.620ms
[2024-10-12T10:23:13.202+0800][info] GC(502) Pause Cleanup
[2024-10-12T10:23:13.202+0800][info] GC(502) Pause Cleanup 111M->111M(128M) 0.219ms
[2024-10-12T10:23:13.202+0800][info] GC(502) User=0.00s Sys=0.00s Real=0.00s
[2024-10-12T10:23:13.202+0800][info] GC(502) Concurrent Cleanup for Next Mark
[2024-10-12T10:23:13.202+0800][info] GC(502) Concurrent Cleanup for Next Mark 0.393ms
[2024-10-12T10:23:13.202+0800][info] GC(502) Concurrent Mark Cycle 9.728ms
[2024-10-12T10:23:13.346+0800][info] GC(503) Pause Young (Prepare Mixed) (G1 Preventive Collection)
[2024-10-12T10:23:13.346+0800][info] GC(503) Using 3 workers of 48 for evacuation
[2024-10-12T10:23:13.347+0800][info] GC(503)   Pre Evacuate Collection Set: 0.1ms
[2024-10-12T10:23:13.347+0800][info] GC(503)   Merge Heap Roots: 0.1ms
[2024-10-12T10:23:13.347+0800][info] GC(503)   Evacuate Collection Set: 0.9ms
[2024-10-12T10:23:13.347+0800][info] GC(503)   Post Evacuate Collection Set: 0.2ms
[2024-10-12T10:23:13.347+0800][info] GC(503)   Other: 0.2ms
[2024-10-12T10:23:13.347+0800][info] GC(503) Eden regions: 2->0(2)
[2024-10-12T10:23:13.347+0800][info] GC(503) Survivor regions: 1->1(1)
[2024-10-12T10:23:13.347+0800][info] GC(503) Old regions: 52->54
[2024-10-12T10:23:13.347+0800][info] GC(503) Archive regions: 2->2
[2024-10-12T10:23:13.347+0800][info] GC(503) Humongous regions: 3->3
[2024-10-12T10:23:13.347+0800][info] GC(503) Metaspace: 1678K(1856K)->1678K(1856K) NonClass: 1554K(1664K)->1554K(1664K) Class: 124K(192K)->124K(192K)
[2024-10-12T10:23:13.348+0800][info] GC(503) Pause Young (Prepare Mixed) (G1 Preventive Collection) 114M->115M(128M) 1.557ms
[2024-10-12T10:23:13.348+0800][info] GC(503) User=0.00s Sys=0.00s Real=0.00s
[2024-10-12T10:23:13.409+0800][info] GC(504) Pause Young (Mixed) (G1 Preventive Collection)
[2024-10-12T10:23:13.409+0800][info] GC(504) Using 3 workers of 48 for evacuation
[2024-10-12T10:23:13.411+0800][info] GC(504)   Pre Evacuate Collection Set: 0.2ms
[2024-10-12T10:23:13.411+0800][info] GC(504)   Merge Heap Roots: 0.1ms
[2024-10-12T10:23:13.411+0800][info] GC(504)   Evacuate Collection Set: 1.0ms
[2024-10-12T10:23:13.411+0800][info] GC(504)   Post Evacuate Collection Set: 0.2ms
[2024-10-12T10:23:13.411+0800][info] GC(504)   Other: 0.2ms
[2024-10-12T10:23:13.411+0800][info] GC(504) Eden regions: 1->0(2)
[2024-10-12T10:23:13.411+0800][info] GC(504) Survivor regions: 1->1(1)
[2024-10-12T10:23:13.411+0800][info] GC(504) Old regions: 54->49
[2024-10-12T10:23:13.411+0800][info] GC(504) Archive regions: 2->2
[2024-10-12T10:23:13.411+0800][info] GC(504) Humongous regions: 3->3
[2024-10-12T10:23:13.411+0800][info] GC(504) Metaspace: 1678K(1856K)->1678K(1856K) NonClass: 1554K(1664K)->1554K(1664K) Class: 124K(192K)->124K(192K)
[2024-10-12T10:23:13.411+0800][info] GC(504) Pause Young (Mixed) (G1 Preventive Collection) 117M->105M(128M) 1.757ms
[2024-10-12T10:23:13.411+0800][info] GC(504) User=0.01s Sys=0.00s Real=0.00s
[2024-10-12T10:23:13.513+0800][info] GC(505) Pause Young (Mixed) (G1 Evacuation Pause)
[2024-10-12T10:23:13.513+0800][info] GC(505) Using 3 workers of 48 for evacuation
[2024-10-12T10:23:13.515+0800][info] GC(505)   Pre Evacuate Collection Set: 0.2ms
[2024-10-12T10:23:13.515+0800][info] GC(505)   Merge Heap Roots: 0.1ms
[2024-10-12T10:23:13.515+0800][info] GC(505)   Evacuate Collection Set: 1.5ms
[2024-10-12T10:23:13.515+0800][info] GC(505)   Post Evacuate Collection Set: 0.2ms
[2024-10-12T10:23:13.516+0800][info] GC(505)   Other: 0.1ms
[2024-10-12T10:23:13.516+0800][info] GC(505) Eden regions: 2->0(2)
[2024-10-12T10:23:13.516+0800][info] GC(505) Survivor regions: 1->1(1)
[2024-10-12T10:23:13.516+0800][info] GC(505) Old regions: 49->47
[2024-10-12T10:23:13.516+0800][info] GC(505) Archive regions: 2->2
[2024-10-12T10:23:13.516+0800][info] GC(505) Humongous regions: 3->3
[2024-10-12T10:23:13.516+0800][info] GC(505) Metaspace: 1678K(1856K)->1678K(1856K) NonClass: 1554K(1664K)->1554K(1664K) Class: 124K(192K)->124K(192K)
[2024-10-12T10:23:13.516+0800][info] GC(505) Pause Young (Mixed) (G1 Evacuation Pause) 109M->102M(128M) 2.216ms
[2024-10-12T10:23:13.516+0800][info] GC(505) User=0.00s Sys=0.00s Real=0.00s
[2024-10-12T10:23:13.618+0800][info] GC(506) Pause Young (Mixed) (G1 Evacuation Pause)
[2024-10-12T10:23:13.618+0800][info] GC(506) Using 3 workers of 48 for evacuation
[2024-10-12T10:23:13.620+0800][info] GC(506)   Pre Evacuate Collection Set: 0.1ms
[2024-10-12T10:23:13.620+0800][info] GC(506)   Merge Heap Roots: 0.0ms
[2024-10-12T10:23:13.620+0800][info] GC(506)   Evacuate Collection Set: 1.7ms
[2024-10-12T10:23:13.620+0800][info] GC(506)   Post Evacuate Collection Set: 0.2ms
[2024-10-12T10:23:13.620+0800][info] GC(506)   Other: 0.1ms
[2024-10-12T10:23:13.620+0800][info] GC(506) Eden regions: 2->0(2)
[2024-10-12T10:23:13.620+0800][info] GC(506) Survivor regions: 1->1(1)
[2024-10-12T10:23:13.620+0800][info] GC(506) Old regions: 47->46
[2024-10-12T10:23:13.620+0800][info] GC(506) Archive regions: 2->2
[2024-10-12T10:23:13.620+0800][info] GC(506) Humongous regions: 3->3
[2024-10-12T10:23:13.620+0800][info] GC(506) Metaspace: 1678K(1856K)->1678K(1856K) NonClass: 1554K(1664K)->1554K(1664K) Class: 124K(192K)->124K(192K)
[2024-10-12T10:23:13.620+0800][info] GC(506) Pause Young (Mixed) (G1 Evacuation Pause) 105M->99M(128M) 2.343ms
[2024-10-12T10:23:13.620+0800][info] GC(506) User=0.01s Sys=0.01s Real=0.00s
[2024-10-12T10:23:13.723+0800][info] GC(507) Pause Young (Mixed) (G1 Evacuation Pause)
[2024-10-12T10:23:13.723+0800][info] GC(507) Using 3 workers of 48 for evacuation
[2024-10-12T10:23:13.726+0800][info] GC(507)   Pre Evacuate Collection Set: 0.2ms
[2024-10-12T10:23:13.726+0800][info] GC(507)   Merge Heap Roots: 0.1ms
[2024-10-12T10:23:13.726+0800][info] GC(507)   Evacuate Collection Set: 2.1ms
[2024-10-12T10:23:13.726+0800][info] GC(507)   Post Evacuate Collection Set: 0.2ms
[2024-10-12T10:23:13.726+0800][info] GC(507)   Other: 0.1ms
[2024-10-12T10:23:13.726+0800][info] GC(507) Eden regions: 2->0(2)
[2024-10-12T10:23:13.726+0800][info] GC(507) Survivor regions: 1->1(1)
[2024-10-12T10:23:13.726+0800][info] GC(507) Old regions: 46->46
[2024-10-12T10:23:13.726+0800][info] GC(507) Archive regions: 2->2
[2024-10-12T10:23:13.726+0800][info] GC(507) Humongous regions: 4->3
[2024-10-12T10:23:13.726+0800][info] GC(507) Metaspace: 1678K(1856K)->1678K(1856K) NonClass: 1554K(1664K)->1554K(1664K) Class: 124K(192K)->124K(192K)
[2024-10-12T10:23:13.726+0800][info] GC(507) Pause Young (Mixed) (G1 Evacuation Pause) 104M->100M(128M) 2.789ms
[2024-10-12T10:23:13.726+0800][info] GC(507) User=0.00s Sys=0.00s Real=0.01s
[2024-10-12T10:23:13.828+0800][info] GC(508) Pause Young (Mixed) (G1 Evacuation Pause)
[2024-10-12T10:23:13.828+0800][info] GC(508) Using 3 workers of 48 for evacuation
[2024-10-12T10:23:13.829+0800][info] GC(508)   Pre Evacuate Collection Set: 0.1ms
[2024-10-12T10:23:13.829+0800][info] GC(508)   Merge Heap Roots: 0.1ms
[2024-10-12T10:23:13.829+0800][info] GC(508)   Evacuate Collection Set: 1.0ms
[2024-10-12T10:23:13.829+0800][info] GC(508)   Post Evacuate Collection Set: 0.2ms
[2024-10-12T10:23:13.829+0800][info] GC(508)   Other: 0.1ms
[2024-10-12T10:23:13.829+0800][info] GC(508) Eden regions: 2->0(2)
[2024-10-12T10:23:13.829+0800][info] GC(508) Survivor regions: 1->1(1)
[2024-10-12T10:23:13.829+0800][info] GC(508) Old regions: 46->47
[2024-10-12T10:23:13.830+0800][info] GC(508) Archive regions: 2->2
[2024-10-12T10:23:13.830+0800][info] GC(508) Humongous regions: 3->3
[2024-10-12T10:23:13.830+0800][info] GC(508) Metaspace: 1678K(1856K)->1678K(1856K) NonClass: 1554K(1664K)->1554K(1664K) Class: 124K(192K)->124K(192K)
[2024-10-12T10:23:13.830+0800][info] GC(508) Pause Young (Mixed) (G1 Evacuation Pause) 103M->102M(128M) 1.591ms
[2024-10-12T10:23:13.830+0800][info] GC(508) User=0.00s Sys=0.00s Real=0.00s
[2024-10-12T10:23:13.932+0800][info] GC(509) Pause Young (Normal) (G1 Evacuation Pause)
[2024-10-12T10:23:13.932+0800][info] GC(509) Using 3 workers of 48 for evacuation
[2024-10-12T10:23:13.933+0800][info] GC(509)   Pre Evacuate Collection Set: 0.1ms
[2024-10-12T10:23:13.933+0800][info] GC(509)   Merge Heap Roots: 0.1ms
[2024-10-12T10:23:13.933+0800][info] GC(509)   Evacuate Collection Set: 0.7ms
[2024-10-12T10:23:13.933+0800][info] GC(509)   Post Evacuate Collection Set: 0.2ms
[2024-10-12T10:23:13.933+0800][info] GC(509)   Other: 0.2ms
[2024-10-12T10:23:13.933+0800][info] GC(509) Eden regions: 2->0(2)
[2024-10-12T10:23:13.933+0800][info] GC(509) Survivor regions: 1->1(1)
[2024-10-12T10:23:13.933+0800][info] GC(509) Old regions: 47->49
[2024-10-12T10:23:13.933+0800][info] GC(509) Archive regions: 2->2
[2024-10-12T10:23:13.933+0800][info] GC(509) Humongous regions: 3->3
[2024-10-12T10:23:13.933+0800][info] GC(509) Metaspace: 1678K(1856K)->1678K(1856K) NonClass: 1554K(1664K)->1554K(1664K) Class: 124K(192K)->124K(192K)
[2024-10-12T10:23:13.933+0800][info] GC(509) Pause Young (Normal) (G1 Evacuation Pause) 105M->106M(128M) 1.408ms
[2024-10-12T10:23:13.934+0800][info] GC(509) User=0.00s Sys=0.00s Real=0.01s
[2024-10-12T10:23:14.036+0800][info] GC(510) Pause Young (Normal) (G1 Evacuation Pause)
[2024-10-12T10:23:14.036+0800][info] GC(510) Using 3 workers of 48 for evacuation
[2024-10-12T10:23:14.037+0800][info] GC(510)   Pre Evacuate Collection Set: 0.1ms
[2024-10-12T10:23:14.037+0800][info] GC(510)   Merge Heap Roots: 0.0ms
[2024-10-12T10:23:14.037+0800][info] GC(510)   Evacuate Collection Set: 0.7ms
[2024-10-12T10:23:14.037+0800][info] GC(510)   Post Evacuate Collection Set: 0.2ms
[2024-10-12T10:23:14.037+0800][info] GC(510)   Other: 0.2ms
[2024-10-12T10:23:14.037+0800][info] GC(510) Eden regions: 2->0(2)
[2024-10-12T10:23:14.037+0800][info] GC(510) Survivor regions: 1->1(1)
[2024-10-12T10:23:14.037+0800][info] GC(510) Old regions: 49->51
[2024-10-12T10:23:14.037+0800][info] GC(510) Archive regions: 2->2
[2024-10-12T10:23:14.037+0800][info] GC(510) Humongous regions: 3->3
[2024-10-12T10:23:14.037+0800][info] GC(510) Metaspace: 1678K(1856K)->1678K(1856K) NonClass: 1554K(1664K)->1554K(1664K) Class: 124K(192K)->124K(192K)
[2024-10-12T10:23:14.037+0800][info] GC(510) Pause Young (Normal) (G1 Evacuation Pause) 109M->110M(128M) 1.380ms
[2024-10-12T10:23:14.037+0800][info] GC(510) User=0.01s Sys=0.00s Real=0.00s
[2024-10-12T10:23:14.139+0800][info] GC(511) Pause Young (Concurrent Start) (G1 Evacuation Pause)
[2024-10-12T10:23:14.140+0800][info] GC(511) Using 3 workers of 48 for evacuation
[2024-10-12T10:23:14.141+0800][info] GC(511)   Pre Evacuate Collection Set: 0.1ms
[2024-10-12T10:23:14.141+0800][info] GC(511)   Merge Heap Roots: 0.0ms
[2024-10-12T10:23:14.141+0800][info] GC(511)   Evacuate Collection Set: 0.7ms
[2024-10-12T10:23:14.141+0800][info] GC(511)   Post Evacuate Collection Set: 0.2ms
[2024-10-12T10:23:14.141+0800][info] GC(511)   Other: 0.3ms
[2024-10-12T10:23:14.141+0800][info] GC(511) Eden regions: 2->0(2)
[2024-10-12T10:23:14.141+0800][info] GC(511) Survivor regions: 1->1(1)
[2024-10-12T10:23:14.141+0800][info] GC(511) Old regions: 51->53
[2024-10-12T10:23:14.141+0800][info] GC(511) Archive regions: 2->2
[2024-10-12T10:23:14.141+0800][info] GC(511) Humongous regions: 3->3
[2024-10-12T10:23:14.141+0800][info] GC(511) Metaspace: 1678K(1856K)->1678K(1856K) NonClass: 1554K(1664K)->1554K(1664K) Class: 124K(192K)->124K(192K)
[2024-10-12T10:23:14.141+0800][info] GC(511) Pause Young (Concurrent Start) (G1 Evacuation Pause) 113M->113M(128M) 1.448ms
[2024-10-12T10:23:14.141+0800][info] GC(511) User=0.00s Sys=0.00s Real=0.00s
[2024-10-12T10:23:14.141+0800][info] GC(512) Concurrent Mark Cycle
[2024-10-12T10:23:14.141+0800][info] GC(512) Concurrent Clear Claimed Marks
[2024-10-12T10:23:14.141+0800][info] GC(512) Concurrent Clear Claimed Marks 0.022ms
[2024-10-12T10:23:14.141+0800][info] GC(512) Concurrent Scan Root Regions
[2024-10-12T10:23:14.141+0800][info] GC(512) Concurrent Scan Root Regions 0.099ms
[2024-10-12T10:23:14.141+0800][info] GC(512) Concurrent Mark
[2024-10-12T10:23:14.141+0800][info] GC(512) Concurrent Mark From Roots
[2024-10-12T10:23:14.141+0800][info] GC(512) Using 12 workers of 12 for marking
[2024-10-12T10:23:14.145+0800][info] GC(512) Concurrent Mark From Roots 3.411ms
[2024-10-12T10:23:14.145+0800][info] GC(512) Concurrent Preclean
[2024-10-12T10:23:14.147+0800][info] GC(512) Concurrent Preclean 1.947ms
[2024-10-12T10:23:14.149+0800][info] GC(512) Pause Remark
[2024-10-12T10:23:14.152+0800][info] GC(512) Pause Remark 113M->109M(128M) 2.681ms
[2024-10-12T10:23:14.152+0800][info] GC(512) User=0.00s Sys=0.00s Real=0.00s
[2024-10-12T10:23:14.152+0800][info] GC(512) Concurrent Mark 10.547ms
[2024-10-12T10:23:14.152+0800][info] GC(512) Concurrent Rebuild Remembered Sets
[2024-10-12T10:23:14.154+0800][info] GC(512) Concurrent Rebuild Remembered Sets 2.235ms
[2024-10-12T10:23:14.154+0800][info] GC(512) Pause Cleanup
[2024-10-12T10:23:14.154+0800][info] GC(512) Pause Cleanup 109M->109M(128M) 0.204ms
[2024-10-12T10:23:14.154+0800][info] GC(512) User=0.00s Sys=0.00s Real=0.00s
[2024-10-12T10:23:14.154+0800][info] GC(512) Concurrent Cleanup for Next Mark
[2024-10-12T10:23:14.155+0800][info] GC(512) Concurrent Cleanup for Next Mark 0.361ms
[2024-10-12T10:23:14.155+0800][info] GC(512) Concurrent Mark Cycle 13.853ms
[2024-10-12T10:23:14.309+0800][info] GC(513) Pause Young (Prepare Mixed) (G1 Evacuation Pause)
[2024-10-12T10:23:14.309+0800][info] GC(513) Using 3 workers of 48 for evacuation
[2024-10-12T10:23:14.314+0800][info] GC(513)   Pre Evacuate Collection Set: 0.1ms
[2024-10-12T10:23:14.314+0800][info] GC(513)   Merge Heap Roots: 0.1ms
[2024-10-12T10:23:14.314+0800][info] GC(513)   Evacuate Collection Set: 4.3ms
[2024-10-12T10:23:14.314+0800][info] GC(513)   Post Evacuate Collection Set: 0.2ms
[2024-10-12T10:23:14.314+0800][info] GC(513)   Other: 0.3ms
[2024-10-12T10:23:14.314+0800][info] GC(513) Eden regions: 2->0(2)
[2024-10-12T10:23:14.314+0800][info] GC(513) Survivor regions: 1->1(1)
[2024-10-12T10:23:14.314+0800][info] GC(513) Old regions: 51->53
[2024-10-12T10:23:14.314+0800][info] GC(513) Archive regions: 2->2
[2024-10-12T10:23:14.314+0800][info] GC(513) Humongous regions: 3->3
[2024-10-12T10:23:14.314+0800][info] GC(513) Metaspace: 1678K(1856K)->1678K(1856K) NonClass: 1554K(1664K)->1554K(1664K) Class: 124K(192K)->124K(192K)
[2024-10-12T10:23:14.314+0800][info] GC(513) Pause Young (Prepare Mixed) (G1 Evacuation Pause) 113M->113M(128M) 5.045ms
[2024-10-12T10:23:14.314+0800][info] GC(513) User=0.00s Sys=0.01s Real=0.01s
[2024-10-12T10:23:14.375+0800][info] GC(514) Pause Young (Mixed) (G1 Preventive Collection)
[2024-10-12T10:23:14.376+0800][info] GC(514) Using 3 workers of 48 for evacuation
[2024-10-12T10:23:14.381+0800][info] GC(514)   Pre Evacuate Collection Set: 0.2ms
[2024-10-12T10:23:14.381+0800][info] GC(514)   Merge Heap Roots: 0.1ms
[2024-10-12T10:23:14.381+0800][info] GC(514)   Evacuate Collection Set: 4.6ms
[2024-10-12T10:23:14.381+0800][info] GC(514)   Post Evacuate Collection Set: 0.2ms
[2024-10-12T10:23:14.381+0800][info] GC(514)   Other: 0.2ms
[2024-10-12T10:23:14.381+0800][info] GC(514) Eden regions: 1->0(2)
[2024-10-12T10:23:14.381+0800][info] GC(514) Survivor regions: 1->1(1)
[2024-10-12T10:23:14.381+0800][info] GC(514) Old regions: 53->49
[2024-10-12T10:23:14.381+0800][info] GC(514) Archive regions: 2->2
[2024-10-12T10:23:14.381+0800][info] GC(514) Humongous regions: 3->3
[2024-10-12T10:23:14.381+0800][info] GC(514) Metaspace: 1678K(1856K)->1678K(1856K) NonClass: 1554K(1664K)->1554K(1664K) Class: 124K(192K)->124K(192K)
[2024-10-12T10:23:14.381+0800][info] GC(514) Pause Young (Mixed) (G1 Preventive Collection) 115M->105M(128M) 5.265ms
[2024-10-12T10:23:14.381+0800][info] GC(514) User=0.01s Sys=0.00s Real=0.00s
[2024-10-12T10:23:14.483+0800][info] GC(515) Pause Young (Mixed) (G1 Evacuation Pause)
[2024-10-12T10:23:14.483+0800][info] GC(515) Using 3 workers of 48 for evacuation
[2024-10-12T10:23:14.491+0800][info] GC(515)   Pre Evacuate Collection Set: 0.2ms
[2024-10-12T10:23:14.491+0800][info] GC(515)   Merge Heap Roots: 0.0ms
[2024-10-12T10:23:14.491+0800][info] GC(515)   Evacuate Collection Set: 6.8ms
[2024-10-12T10:23:14.491+0800][info] GC(515)   Post Evacuate Collection Set: 0.2ms
[2024-10-12T10:23:14.491+0800][info] GC(515)   Other: 0.1ms
[2024-10-12T10:23:14.491+0800][info] GC(515) Eden regions: 2->0(2)
[2024-10-12T10:23:14.491+0800][info] GC(515) Survivor regions: 1->1(1)
[2024-10-12T10:23:14.491+0800][info] GC(515) Old regions: 49->47
[2024-10-12T10:23:14.491+0800][info] GC(515) Archive regions: 2->2
[2024-10-12T10:23:14.491+0800][info] GC(515) Humongous regions: 3->3
[2024-10-12T10:23:14.491+0800][info] GC(515) Metaspace: 1678K(1856K)->1678K(1856K) NonClass: 1554K(1664K)->1554K(1664K) Class: 124K(192K)->124K(192K)
[2024-10-12T10:23:14.491+0800][info] GC(515) Pause Young (Mixed) (G1 Evacuation Pause) 109M->102M(128M) 7.495ms
[2024-10-12T10:23:14.491+0800][info] GC(515) User=0.02s Sys=0.01s Real=0.01s
[2024-10-12T10:23:14.593+0800][info] GC(516) Pause Young (Mixed) (G1 Evacuation Pause)
[2024-10-12T10:23:14.593+0800][info] GC(516) Using 3 workers of 48 for evacuation
[2024-10-12T10:23:14.600+0800][info] GC(516)   Pre Evacuate Collection Set: 0.2ms
[2024-10-12T10:23:14.600+0800][info] GC(516)   Merge Heap Roots: 0.1ms
[2024-10-12T10:23:14.600+0800][info] GC(516)   Evacuate Collection Set: 6.8ms
[2024-10-12T10:23:14.600+0800][info] GC(516)   Post Evacuate Collection Set: 0.2ms
[2024-10-12T10:23:14.600+0800][info] GC(516)   Other: 0.2ms
[2024-10-12T10:23:14.600+0800][info] GC(516) Eden regions: 2->0(2)
[2024-10-12T10:23:14.600+0800][info] GC(516) Survivor regions: 1->1(1)
[2024-10-12T10:23:14.600+0800][info] GC(516) Old regions: 47->46
[2024-10-12T10:23:14.600+0800][info] GC(516) Archive regions: 2->2
[2024-10-12T10:23:14.600+0800][info] GC(516) Humongous regions: 3->3
[2024-10-12T10:23:14.600+0800][info] GC(516) Metaspace: 1678K(1856K)->1678K(1856K) NonClass: 1554K(1664K)->1554K(1664K) Class: 124K(192K)->124K(192K)
[2024-10-12T10:23:14.601+0800][info] GC(516) Pause Young (Mixed) (G1 Evacuation Pause) 106M->100M(128M) 7.493ms
[2024-10-12T10:23:14.601+0800][info] GC(516) User=0.01s Sys=0.01s Real=0.01s
[2024-10-12T10:23:14.703+0800][info] GC(517) Pause Young (Mixed) (G1 Evacuation Pause)
[2024-10-12T10:23:14.703+0800][info] GC(517) Using 3 workers of 48 for evacuation
[2024-10-12T10:23:14.710+0800][info] GC(517)   Pre Evacuate Collection Set: 0.2ms
[2024-10-12T10:23:14.710+0800][info] GC(517)   Merge Heap Roots: 0.1ms
[2024-10-12T10:23:14.710+0800][info] GC(517)   Evacuate Collection Set: 6.8ms
[2024-10-12T10:23:14.710+0800][info] GC(517)   Post Evacuate Collection Set: 0.2ms
[2024-10-12T10:23:14.710+0800][info] GC(517)   Other: 0.1ms
[2024-10-12T10:23:14.710+0800][info] GC(517) Eden regions: 2->0(2)
[2024-10-12T10:23:14.710+0800][info] GC(517) Survivor regions: 1->1(1)
[2024-10-12T10:23:14.710+0800][info] GC(517) Old regions: 46->45
[2024-10-12T10:23:14.710+0800][info] GC(517) Archive regions: 2->2
[2024-10-12T10:23:14.710+0800][info] GC(517) Humongous regions: 3->3
[2024-10-12T10:23:14.710+0800][info] GC(517) Metaspace: 1678K(1856K)->1678K(1856K) NonClass: 1554K(1664K)->1554K(1664K) Class: 124K(192K)->124K(192K)
[2024-10-12T10:23:14.711+0800][info] GC(517) Pause Young (Mixed) (G1 Evacuation Pause) 103M->97M(128M) 7.501ms
[2024-10-12T10:23:14.711+0800][info] GC(517) User=0.01s Sys=0.02s Real=0.01s
[2024-10-12T10:23:14.813+0800][info] GC(518) Pause Young (Mixed) (G1 Evacuation Pause)
[2024-10-12T10:23:14.813+0800][info] GC(518) Using 3 workers of 48 for evacuation
[2024-10-12T10:23:14.816+0800][info] GC(518)   Pre Evacuate Collection Set: 0.2ms
[2024-10-12T10:23:14.816+0800][info] GC(518)   Merge Heap Roots: 0.0ms
[2024-10-12T10:23:14.816+0800][info] GC(518)   Evacuate Collection Set: 3.0ms
[2024-10-12T10:23:14.816+0800][info] GC(518)   Post Evacuate Collection Set: 0.2ms
[2024-10-12T10:23:14.816+0800][info] GC(518)   Other: 0.1ms
[2024-10-12T10:23:14.816+0800][info] GC(518) Eden regions: 2->0(2)
[2024-10-12T10:23:14.816+0800][info] GC(518) Survivor regions: 1->1(1)
[2024-10-12T10:23:14.816+0800][info] GC(518) Old regions: 45->46
[2024-10-12T10:23:14.816+0800][info] GC(518) Archive regions: 2->2
[2024-10-12T10:23:14.816+0800][info] GC(518) Humongous regions: 3->3
[2024-10-12T10:23:14.816+0800][info] GC(518) Metaspace: 1678K(1856K)->1678K(1856K) NonClass: 1554K(1664K)->1554K(1664K) Class: 124K(192K)->124K(192K)
[2024-10-12T10:23:14.816+0800][info] GC(518) Pause Young (Mixed) (G1 Evacuation Pause) 100M->100M(128M) 3.654ms
[2024-10-12T10:23:14.816+0800][info] GC(518) User=0.00s Sys=0.00s Real=0.01s
[2024-10-12T10:23:14.919+0800][info] GC(519) Pause Young (Normal) (G1 Evacuation Pause)
[2024-10-12T10:23:14.919+0800][info] GC(519) Using 3 workers of 48 for evacuation
[2024-10-12T10:23:14.921+0800][info] GC(519)   Pre Evacuate Collection Set: 0.1ms
[2024-10-12T10:23:14.921+0800][info] GC(519)   Merge Heap Roots: 0.1ms
[2024-10-12T10:23:14.921+0800][info] GC(519)   Evacuate Collection Set: 2.0ms
[2024-10-12T10:23:14.921+0800][info] GC(519)   Post Evacuate Collection Set: 0.2ms
[2024-10-12T10:23:14.921+0800][info] GC(519)   Other: 0.2ms
[2024-10-12T10:23:14.921+0800][info] GC(519) Eden regions: 2->0(2)
[2024-10-12T10:23:14.921+0800][info] GC(519) Survivor regions: 1->1(1)
[2024-10-12T10:23:14.921+0800][info] GC(519) Old regions: 46->48
[2024-10-12T10:23:14.921+0800][info] GC(519) Archive regions: 2->2
[2024-10-12T10:23:14.921+0800][info] GC(519) Humongous regions: 3->3
[2024-10-12T10:23:14.921+0800][info] GC(519) Metaspace: 1678K(1856K)->1678K(1856K) NonClass: 1554K(1664K)->1554K(1664K) Class: 124K(192K)->124K(192K)
[2024-10-12T10:23:14.921+0800][info] GC(519) Pause Young (Normal) (G1 Evacuation Pause) 103M->104M(128M) 2.658ms
[2024-10-12T10:23:14.921+0800][info] GC(519) User=0.00s Sys=0.00s Real=0.00s
[2024-10-12T10:23:15.023+0800][info] GC(520) Pause Young (Normal) (G1 Evacuation Pause)
[2024-10-12T10:23:15.023+0800][info] GC(520) Using 3 workers of 48 for evacuation
[2024-10-12T10:23:15.025+0800][info] GC(520)   Pre Evacuate Collection Set: 0.1ms
[2024-10-12T10:23:15.025+0800][info] GC(520)   Merge Heap Roots: 0.0ms
[2024-10-12T10:23:15.025+0800][info] GC(520)   Evacuate Collection Set: 1.4ms
[2024-10-12T10:23:15.025+0800][info] GC(520)   Post Evacuate Collection Set: 0.2ms
[2024-10-12T10:23:15.025+0800][info] GC(520)   Other: 0.2ms
[2024-10-12T10:23:15.025+0800][info] GC(520) Eden regions: 2->0(2)
[2024-10-12T10:23:15.025+0800][info] GC(520) Survivor regions: 1->1(1)
[2024-10-12T10:23:15.026+0800][info] GC(520) Old regions: 48->50
[2024-10-12T10:23:15.026+0800][info] GC(520) Archive regions: 2->2
[2024-10-12T10:23:15.026+0800][info] GC(520) Humongous regions: 3->3
[2024-10-12T10:23:15.026+0800][info] GC(520) Metaspace: 1678K(1856K)->1678K(1856K) NonClass: 1554K(1664K)->1554K(1664K) Class: 124K(192K)->124K(192K)
[2024-10-12T10:23:15.026+0800][info] GC(520) Pause Young (Normal) (G1 Evacuation Pause) 107M->108M(128M) 2.117ms
[2024-10-12T10:23:15.026+0800][info] GC(520) User=0.01s Sys=0.00s Real=0.01s
[2024-10-12T10:23:15.128+0800][info] GC(521) Pause Young (Concurrent Start) (G1 Evacuation Pause)
[2024-10-12T10:23:15.128+0800][info] GC(521) Using 3 workers of 48 for evacuation
[2024-10-12T10:23:15.130+0800][info] GC(521)   Pre Evacuate Collection Set: 0.1ms
[2024-10-12T10:23:15.130+0800][info] GC(521)   Merge Heap Roots: 0.0ms
[2024-10-12T10:23:15.130+0800][info] GC(521)   Evacuate Collection Set: 1.1ms
[2024-10-12T10:23:15.130+0800][info] GC(521)   Post Evacuate Collection Set: 0.2ms
[2024-10-12T10:23:15.130+0800][info] GC(521)   Other: 0.4ms
[2024-10-12T10:23:15.130+0800][info] GC(521) Eden regions: 2->0(2)
[2024-10-12T10:23:15.130+0800][info] GC(521) Survivor regions: 1->1(1)
[2024-10-12T10:23:15.130+0800][info] GC(521) Old regions: 50->52
[2024-10-12T10:23:15.130+0800][info] GC(521) Archive regions: 2->2
[2024-10-12T10:23:15.130+0800][info] GC(521) Humongous regions: 3->3
[2024-10-12T10:23:15.130+0800][info] GC(521) Metaspace: 1678K(1856K)->1678K(1856K) NonClass: 1554K(1664K)->1554K(1664K) Class: 124K(192K)->124K(192K)
[2024-10-12T10:23:15.130+0800][info] GC(521) Pause Young (Concurrent Start) (G1 Evacuation Pause) 111M->112M(128M) 1.910ms
[2024-10-12T10:23:15.130+0800][info] GC(521) User=0.00s Sys=0.00s Real=0.00s
[2024-10-12T10:23:15.130+0800][info] GC(522) Concurrent Mark Cycle
[2024-10-12T10:23:15.130+0800][info] GC(522) Concurrent Clear Claimed Marks
[2024-10-12T10:23:15.130+0800][info] GC(522) Concurrent Clear Claimed Marks 0.017ms
[2024-10-12T10:23:15.130+0800][info] GC(522) Concurrent Scan Root Regions
[2024-10-12T10:23:15.130+0800][info] GC(522) Concurrent Scan Root Regions 0.110ms
[2024-10-12T10:23:15.130+0800][info] GC(522) Concurrent Mark
[2024-10-12T10:23:15.130+0800][info] GC(522) Concurrent Mark From Roots
[2024-10-12T10:23:15.130+0800][info] GC(522) Using 12 workers of 12 for marking
[2024-10-12T10:23:15.135+0800][info] GC(522) Concurrent Mark From Roots 5.027ms
[2024-10-12T10:23:15.135+0800][info] GC(522) Concurrent Preclean
[2024-10-12T10:23:15.137+0800][info] GC(522) Concurrent Preclean 1.737ms
[2024-10-12T10:23:15.137+0800][info] GC(522) Pause Remark
[2024-10-12T10:23:15.139+0800][info] GC(522) Pause Remark 112M->112M(128M) 1.579ms
[2024-10-12T10:23:15.139+0800][info] GC(522) User=0.00s Sys=0.00s Real=0.00s
[2024-10-12T10:23:15.139+0800][info] GC(522) Concurrent Mark 8.600ms
[2024-10-12T10:23:15.139+0800][info] GC(522) Concurrent Rebuild Remembered Sets
[2024-10-12T10:23:15.141+0800][info] GC(522) Concurrent Rebuild Remembered Sets 1.723ms
[2024-10-12T10:23:15.141+0800][info] GC(522) Pause Cleanup
[2024-10-12T10:23:15.141+0800][info] GC(522) Pause Cleanup 112M->112M(128M) 0.178ms
[2024-10-12T10:23:15.141+0800][info] GC(522) User=0.00s Sys=0.00s Real=0.00s
[2024-10-12T10:23:15.141+0800][info] GC(522) Concurrent Cleanup for Next Mark
[2024-10-12T10:23:15.141+0800][info] GC(522) Concurrent Cleanup for Next Mark 0.349ms
[2024-10-12T10:23:15.141+0800][info] GC(522) Concurrent Mark Cycle 11.258ms
[2024-10-12T10:23:15.283+0800][info] GC(523) Pause Young (Prepare Mixed) (G1 Preventive Collection)
[2024-10-12T10:23:15.283+0800][info] GC(523) Using 3 workers of 48 for evacuation
[2024-10-12T10:23:15.285+0800][info] GC(523)   Pre Evacuate Collection Set: 0.1ms
[2024-10-12T10:23:15.285+0800][info] GC(523)   Merge Heap Roots: 0.1ms
[2024-10-12T10:23:15.285+0800][info] GC(523)   Evacuate Collection Set: 1.3ms
[2024-10-12T10:23:15.285+0800][info] GC(523)   Post Evacuate Collection Set: 0.2ms
[2024-10-12T10:23:15.285+0800][info] GC(523)   Other: 0.2ms
[2024-10-12T10:23:15.285+0800][info] GC(523) Eden regions: 2->0(2)
[2024-10-12T10:23:15.285+0800][info] GC(523) Survivor regions: 1->1(1)
[2024-10-12T10:23:15.285+0800][info] GC(523) Old regions: 52->54
[2024-10-12T10:23:15.285+0800][info] GC(523) Archive regions: 2->2
[2024-10-12T10:23:15.285+0800][info] GC(523) Humongous regions: 3->3
[2024-10-12T10:23:15.285+0800][info] GC(523) Metaspace: 1678K(1856K)->1678K(1856K) NonClass: 1554K(1664K)->1554K(1664K) Class: 124K(192K)->124K(192K)
[2024-10-12T10:23:15.285+0800][info] GC(523) Pause Young (Prepare Mixed) (G1 Preventive Collection) 115M->116M(128M) 1.994ms
[2024-10-12T10:23:15.285+0800][info] GC(523) User=0.00s Sys=0.01s Real=0.01s
[2024-10-12T10:23:15.347+0800][info] GC(524) Pause Young (Mixed) (G1 Preventive Collection)
[2024-10-12T10:23:15.347+0800][info] GC(524) Using 3 workers of 48 for evacuation
[2024-10-12T10:23:15.350+0800][info] GC(524) To-space exhausted
[2024-10-12T10:23:15.350+0800][info] GC(524)   Pre Evacuate Collection Set: 0.2ms
[2024-10-12T10:23:15.350+0800][info] GC(524)   Merge Heap Roots: 0.1ms
[2024-10-12T10:23:15.350+0800][info] GC(524)   Evacuate Collection Set: 2.2ms
[2024-10-12T10:23:15.350+0800][info] GC(524)   Post Evacuate Collection Set: 0.2ms
[2024-10-12T10:23:15.350+0800][info] GC(524)   Other: 0.2ms
[2024-10-12T10:23:15.350+0800][info] GC(524) Eden regions: 1->0(2)
[2024-10-12T10:23:15.350+0800][info] GC(524) Survivor regions: 1->1(1)
[2024-10-12T10:23:15.350+0800][info] GC(524) Old regions: 54->51
[2024-10-12T10:23:15.350+0800][info] GC(524) Archive regions: 2->2
[2024-10-12T10:23:15.350+0800][info] GC(524) Humongous regions: 3->3
[2024-10-12T10:23:15.350+0800][info] GC(524) Metaspace: 1678K(1856K)->1678K(1856K) NonClass: 1554K(1664K)->1554K(1664K) Class: 124K(192K)->124K(192K)
[2024-10-12T10:23:15.350+0800][info] GC(524) Pause Young (Mixed) (G1 Preventive Collection) 118M->110M(128M) 2.940ms
[2024-10-12T10:23:15.350+0800][info] GC(524) User=0.00s Sys=0.00s Real=0.00s
[2024-10-12T10:23:15.452+0800][info] GC(525) Pause Young (Mixed) (G1 Preventive Collection)
[2024-10-12T10:23:15.452+0800][info] GC(525) Using 3 workers of 48 for evacuation
[2024-10-12T10:23:15.456+0800][info] GC(525) To-space exhausted
[2024-10-12T10:23:15.456+0800][info] GC(525)   Pre Evacuate Collection Set: 0.2ms
[2024-10-12T10:23:15.456+0800][info] GC(525)   Merge Heap Roots: 0.1ms
[2024-10-12T10:23:15.456+0800][info] GC(525)   Evacuate Collection Set: 3.8ms
[2024-10-12T10:23:15.456+0800][info] GC(525)   Post Evacuate Collection Set: 0.3ms
[2024-10-12T10:23:15.456+0800][info] GC(525)   Other: 0.1ms
[2024-10-12T10:23:15.456+0800][info] GC(525) Eden regions: 2->0(2)
[2024-10-12T10:23:15.456+0800][info] GC(525) Survivor regions: 1->1(1)
[2024-10-12T10:23:15.456+0800][info] GC(525) Old regions: 51->56
[2024-10-12T10:23:15.456+0800][info] GC(525) Archive regions: 2->2
[2024-10-12T10:23:15.457+0800][info] GC(525) Humongous regions: 3->3
[2024-10-12T10:23:15.457+0800][info] GC(525) Metaspace: 1678K(1856K)->1678K(1856K) NonClass: 1554K(1664K)->1554K(1664K) Class: 124K(192K)->124K(192K)
[2024-10-12T10:23:15.457+0800][info] GC(525) Pause Young (Mixed) (G1 Preventive Collection) 114M->120M(128M) 4.510ms
[2024-10-12T10:23:15.457+0800][info] GC(525) User=0.01s Sys=0.00s Real=0.01s
[2024-10-12T10:23:15.518+0800][info] GC(526) Pause Young (Mixed) (G1 Preventive Collection)
[2024-10-12T10:23:15.518+0800][info] GC(526) Using 3 workers of 48 for evacuation
[2024-10-12T10:23:15.520+0800][info] GC(526) To-space exhausted
[2024-10-12T10:23:15.520+0800][info] GC(526)   Pre Evacuate Collection Set: 0.2ms
[2024-10-12T10:23:15.520+0800][info] GC(526)   Merge Heap Roots: 0.1ms
[2024-10-12T10:23:15.520+0800][info] GC(526)   Evacuate Collection Set: 0.7ms
[2024-10-12T10:23:15.520+0800][info] GC(526)   Post Evacuate Collection Set: 0.2ms
[2024-10-12T10:23:15.520+0800][info] GC(526)   Other: 0.2ms
[2024-10-12T10:23:15.520+0800][info] GC(526) Eden regions: 1->0(2)
[2024-10-12T10:23:15.520+0800][info] GC(526) Survivor regions: 1->1(1)
[2024-10-12T10:23:15.520+0800][info] GC(526) Old regions: 56->57
[2024-10-12T10:23:15.520+0800][info] GC(526) Archive regions: 2->2
[2024-10-12T10:23:15.520+0800][info] GC(526) Humongous regions: 3->3
[2024-10-12T10:23:15.520+0800][info] GC(526) Metaspace: 1678K(1856K)->1678K(1856K) NonClass: 1554K(1664K)->1554K(1664K) Class: 124K(192K)->124K(192K)
[2024-10-12T10:23:15.520+0800][info] GC(526) Pause Young (Mixed) (G1 Preventive Collection) 122M->122M(128M) 1.507ms
[2024-10-12T10:23:15.520+0800][info] GC(526) User=0.00s Sys=0.00s Real=0.00s
[2024-10-12T10:23:15.561+0800][info] GC(527) Pause Young (Mixed) (G1 Evacuation Pause)
[2024-10-12T10:23:15.561+0800][info] GC(527) Using 3 workers of 48 for evacuation
[2024-10-12T10:23:15.562+0800][info] GC(527) To-space exhausted
[2024-10-12T10:23:15.562+0800][info] GC(527)   Pre Evacuate Collection Set: 0.2ms
[2024-10-12T10:23:15.562+0800][info] GC(527)   Merge Heap Roots: 0.1ms
[2024-10-12T10:23:15.562+0800][info] GC(527)   Evacuate Collection Set: 0.4ms
[2024-10-12T10:23:15.562+0800][info] GC(527)   Post Evacuate Collection Set: 0.7ms
[2024-10-12T10:23:15.562+0800][info] GC(527)   Other: 0.1ms
[2024-10-12T10:23:15.562+0800][info] GC(527) Eden regions: 1->0(3)
[2024-10-12T10:23:15.562+0800][info] GC(527) Survivor regions: 1->0(0)
[2024-10-12T10:23:15.562+0800][info] GC(527) Old regions: 57->59
[2024-10-12T10:23:15.562+0800][info] GC(527) Archive regions: 2->2
[2024-10-12T10:23:15.562+0800][info] GC(527) Humongous regions: 3->3
[2024-10-12T10:23:15.562+0800][info] GC(527) Metaspace: 1678K(1856K)->1678K(1856K) NonClass: 1554K(1664K)->1554K(1664K) Class: 124K(192K)->124K(192K)
[2024-10-12T10:23:15.563+0800][info] GC(527) Pause Young (Mixed) (G1 Evacuation Pause) 123M->123M(128M) 1.619ms
[2024-10-12T10:23:15.563+0800][info] GC(527) User=0.01s Sys=0.00s Real=0.00s
[2024-10-12T10:23:15.563+0800][info] Attempting full compaction
[2024-10-12T10:23:15.563+0800][info] GC(528) Using 3 workers of 48 for full compaction
[2024-10-12T10:23:15.563+0800][info] GC(528) Pause Full (G1 Compaction Pause)
[2024-10-12T10:23:15.563+0800][info] GC(528) Phase 1: Mark live objects
[2024-10-12T10:23:15.566+0800][info] GC(528) Phase 1: Mark live objects 3.202ms
[2024-10-12T10:23:15.566+0800][info] GC(528) Phase 2: Prepare for compaction
[2024-10-12T10:23:15.567+0800][info] GC(528) Phase 2: Prepare for compaction 0.700ms
[2024-10-12T10:23:15.567+0800][info] GC(528) Phase 3: Adjust pointers
[2024-10-12T10:23:15.568+0800][info] GC(528) Phase 3: Adjust pointers 1.662ms
[2024-10-12T10:23:15.568+0800][info] GC(528) Phase 4: Compact heap
[2024-10-12T10:23:15.595+0800][info] GC(528) Phase 4: Compact heap 26.553ms
[2024-10-12T10:23:15.596+0800][info] GC(528) Eden regions: 0->0(4)
[2024-10-12T10:23:15.596+0800][info] GC(528) Survivor regions: 0->0(0)
[2024-10-12T10:23:15.596+0800][info] GC(528) Old regions: 59->38
[2024-10-12T10:23:15.596+0800][info] GC(528) Archive regions: 2->2
[2024-10-12T10:23:15.596+0800][info] GC(528) Humongous regions: 3->3
[2024-10-12T10:23:15.596+0800][info] GC(528) Metaspace: 1678K(1856K)->1678K(1856K) NonClass: 1554K(1664K)->1554K(1664K) Class: 124K(192K)->124K(192K)
[2024-10-12T10:23:15.596+0800][info] GC(528) Pause Full (G1 Compaction Pause) 123M->71M(128M) 33.789ms
[2024-10-12T10:23:15.597+0800][info] GC(528) User=0.04s Sys=0.03s Real=0.04s
[2024-10-12T10:23:15.824+0800][info] GC(529) Pause Young (Normal) (G1 Evacuation Pause)
[2024-10-12T10:23:15.824+0800][info] GC(529) Using 3 workers of 48 for evacuation
[2024-10-12T10:23:15.827+0800][info] GC(529)   Pre Evacuate Collection Set: 0.1ms
[2024-10-12T10:23:15.827+0800][info] GC(529)   Merge Heap Roots: 0.1ms
[2024-10-12T10:23:15.827+0800][info] GC(529)   Evacuate Collection Set: 2.6ms
[2024-10-12T10:23:15.827+0800][info] GC(529)   Post Evacuate Collection Set: 0.2ms
[2024-10-12T10:23:15.827+0800][info] GC(529)   Other: 0.2ms
[2024-10-12T10:23:15.827+0800][info] GC(529) Eden regions: 4->0(2)
[2024-10-12T10:23:15.827+0800][info] GC(529) Survivor regions: 0->1(1)
[2024-10-12T10:23:15.827+0800][info] GC(529) Old regions: 38->41
[2024-10-12T10:23:15.827+0800][info] GC(529) Archive regions: 2->2
[2024-10-12T10:23:15.827+0800][info] GC(529) Humongous regions: 3->3
[2024-10-12T10:23:15.827+0800][info] GC(529) Metaspace: 1678K(1856K)->1678K(1856K) NonClass: 1554K(1664K)->1554K(1664K) Class: 124K(192K)->124K(192K)
[2024-10-12T10:23:15.827+0800][info] GC(529) Pause Young (Normal) (G1 Evacuation Pause) 79M->79M(128M) 3.349ms
[2024-10-12T10:23:15.827+0800][info] GC(529) User=0.01s Sys=0.00s Real=0.01s
[2024-10-12T10:23:15.929+0800][info] GC(530) Pause Young (Normal) (G1 Evacuation Pause)
[2024-10-12T10:23:15.929+0800][info] GC(530) Using 3 workers of 48 for evacuation
[2024-10-12T10:23:15.930+0800][info] GC(530)   Pre Evacuate Collection Set: 0.1ms
[2024-10-12T10:23:15.930+0800][info] GC(530)   Merge Heap Roots: 0.0ms
[2024-10-12T10:23:15.931+0800][info] GC(530)   Evacuate Collection Set: 0.7ms
[2024-10-12T10:23:15.931+0800][info] GC(530)   Post Evacuate Collection Set: 0.2ms
[2024-10-12T10:23:15.931+0800][info] GC(530)   Other: 0.2ms
[2024-10-12T10:23:15.931+0800][info] GC(530) Eden regions: 2->0(2)
[2024-10-12T10:23:15.931+0800][info] GC(530) Survivor regions: 1->1(1)
[2024-10-12T10:23:15.931+0800][info] GC(530) Old regions: 41->44
[2024-10-12T10:23:15.931+0800][info] GC(530) Archive regions: 2->2
[2024-10-12T10:23:15.931+0800][info] GC(530) Humongous regions: 3->3
[2024-10-12T10:23:15.931+0800][info] GC(530) Metaspace: 1678K(1856K)->1678K(1856K) NonClass: 1554K(1664K)->1554K(1664K) Class: 124K(192K)->124K(192K)
[2024-10-12T10:23:15.931+0800][info] GC(530) Pause Young (Normal) (G1 Evacuation Pause) 83M->84M(128M) 1.328ms
[2024-10-12T10:23:15.931+0800][info] GC(530) User=0.00s Sys=0.00s Real=0.00s
[2024-10-12T10:23:16.033+0800][info] GC(531) Pause Young (Normal) (G1 Evacuation Pause)
[2024-10-12T10:23:16.033+0800][info] GC(531) Using 3 workers of 48 for evacuation
[2024-10-12T10:23:16.035+0800][info] GC(531)   Pre Evacuate Collection Set: 0.1ms
[2024-10-12T10:23:16.035+0800][info] GC(531)   Merge Heap Roots: 0.1ms
[2024-10-12T10:23:16.036+0800][info] GC(531)   Evacuate Collection Set: 1.7ms
[2024-10-12T10:23:16.036+0800][info] GC(531)   Post Evacuate Collection Set: 0.2ms
[2024-10-12T10:23:16.036+0800][info] GC(531)   Other: 0.2ms
[2024-10-12T10:23:16.036+0800][info] GC(531) Eden regions: 2->0(2)
[2024-10-12T10:23:16.036+0800][info] GC(531) Survivor regions: 1->1(1)
[2024-10-12T10:23:16.036+0800][info] GC(531) Old regions: 44->46
[2024-10-12T10:23:16.036+0800][info] GC(531) Archive regions: 2->2
[2024-10-12T10:23:16.036+0800][info] GC(531) Humongous regions: 4->4
[2024-10-12T10:23:16.036+0800][info] GC(531) Metaspace: 1678K(1856K)->1678K(1856K) NonClass: 1554K(1664K)->1554K(1664K) Class: 124K(192K)->124K(192K)
[2024-10-12T10:23:16.036+0800][info] GC(531) Pause Young (Normal) (G1 Evacuation Pause) 89M->90M(128M) 2.333ms
[2024-10-12T10:23:16.036+0800][info] GC(531) User=0.00s Sys=0.00s Real=0.00s
[2024-10-12T10:23:16.138+0800][info] GC(532) Pause Young (Concurrent Start) (G1 Evacuation Pause)
[2024-10-12T10:23:16.138+0800][info] GC(532) Using 3 workers of 48 for evacuation
[2024-10-12T10:23:16.140+0800][info] GC(532)   Pre Evacuate Collection Set: 0.1ms
[2024-10-12T10:23:16.140+0800][info] GC(532)   Merge Heap Roots: 0.0ms
[2024-10-12T10:23:16.140+0800][info] GC(532)   Evacuate Collection Set: 1.2ms
[2024-10-12T10:23:16.140+0800][info] GC(532)   Post Evacuate Collection Set: 0.2ms
[2024-10-12T10:23:16.140+0800][info] GC(532)   Other: 0.4ms
[2024-10-12T10:23:16.140+0800][info] GC(532) Eden regions: 2->0(2)
[2024-10-12T10:23:16.140+0800][info] GC(532) Survivor regions: 1->1(1)
[2024-10-12T10:23:16.140+0800][info] GC(532) Old regions: 46->47
[2024-10-12T10:23:16.140+0800][info] GC(532) Archive regions: 2->2
[2024-10-12T10:23:16.140+0800][info] GC(532) Humongous regions: 4->4
[2024-10-12T10:23:16.140+0800][info] GC(532) Metaspace: 1678K(1856K)->1678K(1856K) NonClass: 1554K(1664K)->1554K(1664K) Class: 124K(192K)->124K(192K)
[2024-10-12T10:23:16.140+0800][info] GC(532) Pause Young (Concurrent Start) (G1 Evacuation Pause) 93M->93M(128M) 2.010ms
[2024-10-12T10:23:16.140+0800][info] GC(532) User=0.00s Sys=0.00s Real=0.00s
[2024-10-12T10:23:16.140+0800][info] GC(533) Concurrent Mark Cycle
[2024-10-12T10:23:16.140+0800][info] GC(533) Concurrent Clear Claimed Marks
[2024-10-12T10:23:16.140+0800][info] GC(533) Concurrent Clear Claimed Marks 0.017ms
[2024-10-12T10:23:16.140+0800][info] GC(533) Concurrent Scan Root Regions
[2024-10-12T10:23:16.140+0800][info] GC(533) Concurrent Scan Root Regions 0.148ms
[2024-10-12T10:23:16.140+0800][info] GC(533) Concurrent Mark
[2024-10-12T10:23:16.140+0800][info] GC(533) Concurrent Mark From Roots
[2024-10-12T10:23:16.140+0800][info] GC(533) Using 12 workers of 12 for marking
[2024-10-12T10:23:16.144+0800][info] GC(533) Concurrent Mark From Roots 3.970ms
[2024-10-12T10:23:16.144+0800][info] GC(533) Concurrent Preclean
[2024-10-12T10:23:16.146+0800][info] GC(533) Concurrent Preclean 1.743ms
[2024-10-12T10:23:16.146+0800][info] GC(533) Pause Remark
[2024-10-12T10:23:16.148+0800][info] GC(533) Pause Remark 94M->92M(128M) 1.587ms
[2024-10-12T10:23:16.148+0800][info] GC(533) User=0.00s Sys=0.00s Real=0.00s
[2024-10-12T10:23:16.148+0800][info] GC(533) Concurrent Mark 7.632ms
[2024-10-12T10:23:16.148+0800][info] GC(533) Concurrent Rebuild Remembered Sets
[2024-10-12T10:23:16.150+0800][info] GC(533) Concurrent Rebuild Remembered Sets 2.201ms
[2024-10-12T10:23:16.150+0800][info] GC(533) Pause Cleanup
[2024-10-12T10:23:16.150+0800][info] GC(533) Pause Cleanup 92M->92M(128M) 0.240ms
[2024-10-12T10:23:16.150+0800][info] GC(533) User=0.00s Sys=0.00s Real=0.00s
[2024-10-12T10:23:16.150+0800][info] GC(533) Concurrent Cleanup for Next Mark
[2024-10-12T10:23:16.151+0800][info] GC(533) Concurrent Cleanup for Next Mark 0.402ms
[2024-10-12T10:23:16.151+0800][info] GC(533) Concurrent Mark Cycle 10.998ms
[2024-10-12T10:23:16.293+0800][info] GC(534) Pause Young (Prepare Mixed) (G1 Evacuation Pause)
[2024-10-12T10:23:16.293+0800][info] GC(534) Using 3 workers of 48 for evacuation
[2024-10-12T10:23:16.295+0800][info] GC(534)   Pre Evacuate Collection Set: 0.1ms
[2024-10-12T10:23:16.295+0800][info] GC(534)   Merge Heap Roots: 0.0ms
[2024-10-12T10:23:16.295+0800][info] GC(534)   Evacuate Collection Set: 1.6ms
[2024-10-12T10:23:16.295+0800][info] GC(534)   Post Evacuate Collection Set: 0.2ms
[2024-10-12T10:23:16.295+0800][info] GC(534)   Other: 0.2ms
[2024-10-12T10:23:16.295+0800][info] GC(534) Eden regions: 2->0(2)
[2024-10-12T10:23:16.295+0800][info] GC(534) Survivor regions: 1->1(1)
[2024-10-12T10:23:16.295+0800][info] GC(534) Old regions: 47->49
[2024-10-12T10:23:16.295+0800][info] GC(534) Archive regions: 2->2
[2024-10-12T10:23:16.295+0800][info] GC(534) Humongous regions: 3->3
[2024-10-12T10:23:16.295+0800][info] GC(534) Metaspace: 1678K(1856K)->1678K(1856K) NonClass: 1554K(1664K)->1554K(1664K) Class: 124K(192K)->124K(192K)
[2024-10-12T10:23:16.295+0800][info] GC(534) Pause Young (Prepare Mixed) (G1 Evacuation Pause) 95M->95M(128M) 2.244ms
[2024-10-12T10:23:16.295+0800][info] GC(534) User=0.01s Sys=0.01s Real=0.00s
[2024-10-12T10:23:16.397+0800][info] GC(535) Pause Young (Mixed) (G1 Evacuation Pause)
[2024-10-12T10:23:16.398+0800][info] GC(535) Using 3 workers of 48 for evacuation
[2024-10-12T10:23:16.400+0800][info] GC(535)   Pre Evacuate Collection Set: 0.1ms
[2024-10-12T10:23:16.400+0800][info] GC(535)   Merge Heap Roots: 0.1ms
[2024-10-12T10:23:16.400+0800][info] GC(535)   Evacuate Collection Set: 1.6ms
[2024-10-12T10:23:16.400+0800][info] GC(535)   Post Evacuate Collection Set: 0.2ms
[2024-10-12T10:23:16.400+0800][info] GC(535)   Other: 0.2ms
[2024-10-12T10:23:16.400+0800][info] GC(535) Eden regions: 2->0(2)
[2024-10-12T10:23:16.400+0800][info] GC(535) Survivor regions: 1->1(1)
[2024-10-12T10:23:16.400+0800][info] GC(535) Old regions: 49->46
[2024-10-12T10:23:16.400+0800][info] GC(535) Archive regions: 2->2
[2024-10-12T10:23:16.400+0800][info] GC(535) Humongous regions: 3->3
[2024-10-12T10:23:16.400+0800][info] GC(535) Metaspace: 1678K(1856K)->1678K(1856K) NonClass: 1554K(1664K)->1554K(1664K) Class: 124K(192K)->124K(192K)
[2024-10-12T10:23:16.400+0800][info] GC(535) Pause Young (Mixed) (G1 Evacuation Pause) 98M->91M(128M) 2.258ms
[2024-10-12T10:23:16.400+0800][info] GC(535) User=0.00s Sys=0.00s Real=0.00s
[2024-10-12T10:23:16.502+0800][info] GC(536) Pause Young (Mixed) (G1 Evacuation Pause)
[2024-10-12T10:23:16.502+0800][info] GC(536) Using 3 workers of 48 for evacuation
[2024-10-12T10:23:16.504+0800][info] GC(536)   Pre Evacuate Collection Set: 0.2ms
[2024-10-12T10:23:16.504+0800][info] GC(536)   Merge Heap Roots: 0.1ms
[2024-10-12T10:23:16.504+0800][info] GC(536)   Evacuate Collection Set: 1.7ms
[2024-10-12T10:23:16.504+0800][info] GC(536)   Post Evacuate Collection Set: 0.2ms
[2024-10-12T10:23:16.504+0800][info] GC(536)   Other: 0.1ms
[2024-10-12T10:23:16.504+0800][info] GC(536) Eden regions: 2->0(2)
[2024-10-12T10:23:16.504+0800][info] GC(536) Survivor regions: 1->1(1)
[2024-10-12T10:23:16.504+0800][info] GC(536) Old regions: 46->45
[2024-10-12T10:23:16.505+0800][info] GC(536) Archive regions: 2->2
[2024-10-12T10:23:16.505+0800][info] GC(536) Humongous regions: 3->3
[2024-10-12T10:23:16.505+0800][info] GC(536) Metaspace: 1678K(1856K)->1678K(1856K) NonClass: 1554K(1664K)->1554K(1664K) Class: 124K(192K)->124K(192K)
[2024-10-12T10:23:16.505+0800][info] GC(536) Pause Young (Mixed) (G1 Evacuation Pause) 94M->90M(128M) 2.359ms
[2024-10-12T10:23:16.505+0800][info] GC(536) User=0.01s Sys=0.00s Real=0.00s
[2024-10-12T10:23:16.607+0800][info] GC(537) Pause Young (Mixed) (G1 Evacuation Pause)
[2024-10-12T10:23:16.607+0800][info] GC(537) Using 3 workers of 48 for evacuation
[2024-10-12T10:23:16.609+0800][info] GC(537)   Pre Evacuate Collection Set: 0.2ms
[2024-10-12T10:23:16.609+0800][info] GC(537)   Merge Heap Roots: 0.1ms
[2024-10-12T10:23:16.609+0800][info] GC(537)   Evacuate Collection Set: 1.9ms
[2024-10-12T10:23:16.609+0800][info] GC(537)   Post Evacuate Collection Set: 0.2ms
[2024-10-12T10:23:16.609+0800][info] GC(537)   Other: 0.1ms
[2024-10-12T10:23:16.609+0800][info] GC(537) Eden regions: 2->0(2)
[2024-10-12T10:23:16.609+0800][info] GC(537) Survivor regions: 1->1(1)
[2024-10-12T10:23:16.609+0800][info] GC(537) Old regions: 45->45
[2024-10-12T10:23:16.609+0800][info] GC(537) Archive regions: 2->2
[2024-10-12T10:23:16.609+0800][info] GC(537) Humongous regions: 3->3
[2024-10-12T10:23:16.609+0800][info] GC(537) Metaspace: 1678K(1856K)->1678K(1856K) NonClass: 1554K(1664K)->1554K(1664K) Class: 124K(192K)->124K(192K)
[2024-10-12T10:23:16.609+0800][info] GC(537) Pause Young (Mixed) (G1 Evacuation Pause) 94M->92M(128M) 2.629ms
[2024-10-12T10:23:16.609+0800][info] GC(537) User=0.00s Sys=0.00s Real=0.00s
[2024-10-12T10:23:16.712+0800][info] GC(538) Pause Young (Mixed) (G1 Evacuation Pause)
[2024-10-12T10:23:16.712+0800][info] GC(538) Using 3 workers of 48 for evacuation
[2024-10-12T10:23:16.714+0800][info] GC(538)   Pre Evacuate Collection Set: 0.2ms
[2024-10-12T10:23:16.714+0800][info] GC(538)   Merge Heap Roots: 0.1ms
[2024-10-12T10:23:16.714+0800][info] GC(538)   Evacuate Collection Set: 1.6ms
[2024-10-12T10:23:16.714+0800][info] GC(538)   Post Evacuate Collection Set: 0.2ms
[2024-10-12T10:23:16.714+0800][info] GC(538)   Other: 0.1ms
[2024-10-12T10:23:16.714+0800][info] GC(538) Eden regions: 2->0(2)
[2024-10-12T10:23:16.714+0800][info] GC(538) Survivor regions: 1->1(1)
[2024-10-12T10:23:16.714+0800][info] GC(538) Old regions: 45->46
[2024-10-12T10:23:16.714+0800][info] GC(538) Archive regions: 2->2
[2024-10-12T10:23:16.714+0800][info] GC(538) Humongous regions: 3->3
[2024-10-12T10:23:16.714+0800][info] GC(538) Metaspace: 1678K(1856K)->1678K(1856K) NonClass: 1554K(1664K)->1554K(1664K) Class: 124K(192K)->124K(192K)
[2024-10-12T10:23:16.714+0800][info] GC(538) Pause Young (Mixed) (G1 Evacuation Pause) 96M->95M(128M) 2.256ms
[2024-10-12T10:23:16.714+0800][info] GC(538) User=0.01s Sys=0.00s Real=0.01s
[2024-10-12T10:23:16.816+0800][info] GC(539) Pause Young (Normal) (G1 Evacuation Pause)
[2024-10-12T10:23:16.816+0800][info] GC(539) Using 3 workers of 48 for evacuation
[2024-10-12T10:23:16.818+0800][info] GC(539)   Pre Evacuate Collection Set: 0.1ms
[2024-10-12T10:23:16.818+0800][info] GC(539)   Merge Heap Roots: 0.0ms
[2024-10-12T10:23:16.818+0800][info] GC(539)   Evacuate Collection Set: 0.8ms
[2024-10-12T10:23:16.818+0800][info] GC(539)   Post Evacuate Collection Set: 0.2ms
[2024-10-12T10:23:16.818+0800][info] GC(539)   Other: 0.2ms
[2024-10-12T10:23:16.818+0800][info] GC(539) Eden regions: 2->0(2)
[2024-10-12T10:23:16.818+0800][info] GC(539) Survivor regions: 1->1(1)
[2024-10-12T10:23:16.818+0800][info] GC(539) Old regions: 46->48
[2024-10-12T10:23:16.818+0800][info] GC(539) Archive regions: 2->2
[2024-10-12T10:23:16.818+0800][info] GC(539) Humongous regions: 3->3
[2024-10-12T10:23:16.818+0800][info] GC(539) Metaspace: 1678K(1856K)->1678K(1856K) NonClass: 1554K(1664K)->1554K(1664K) Class: 124K(192K)->124K(192K)
[2024-10-12T10:23:16.818+0800][info] GC(539) Pause Young (Normal) (G1 Evacuation Pause) 99M->99M(128M) 1.436ms
[2024-10-12T10:23:16.818+0800][info] GC(539) User=0.00s Sys=0.00s Real=0.00s
[2024-10-12T10:23:16.920+0800][info] GC(540) Pause Young (Normal) (G1 Evacuation Pause)
[2024-10-12T10:23:16.920+0800][info] GC(540) Using 3 workers of 48 for evacuation
[2024-10-12T10:23:16.921+0800][info] GC(540)   Pre Evacuate Collection Set: 0.1ms
[2024-10-12T10:23:16.921+0800][info] GC(540)   Merge Heap Roots: 0.0ms
[2024-10-12T10:23:16.921+0800][info] GC(540)   Evacuate Collection Set: 0.6ms
[2024-10-12T10:23:16.921+0800][info] GC(540)   Post Evacuate Collection Set: 0.2ms
[2024-10-12T10:23:16.921+0800][info] GC(540)   Other: 0.2ms
[2024-10-12T10:23:16.921+0800][info] GC(540) Eden regions: 2->0(2)
[2024-10-12T10:23:16.921+0800][info] GC(540) Survivor regions: 1->1(1)
[2024-10-12T10:23:16.921+0800][info] GC(540) Old regions: 48->49
[2024-10-12T10:23:16.921+0800][info] GC(540) Archive regions: 2->2
[2024-10-12T10:23:16.921+0800][info] GC(540) Humongous regions: 3->3
[2024-10-12T10:23:16.921+0800][info] GC(540) Metaspace: 1678K(1856K)->1678K(1856K) NonClass: 1554K(1664K)->1554K(1664K) Class: 124K(192K)->124K(192K)
[2024-10-12T10:23:16.921+0800][info] GC(540) Pause Young (Normal) (G1 Evacuation Pause) 102M->102M(128M) 1.182ms
[2024-10-12T10:23:16.921+0800][info] GC(540) User=0.00s Sys=0.00s Real=0.00s
[2024-10-12T10:23:17.023+0800][info] GC(541) Pause Young (Concurrent Start) (G1 Evacuation Pause)
[2024-10-12T10:23:17.023+0800][info] GC(541) Using 3 workers of 48 for evacuation
[2024-10-12T10:23:17.025+0800][info] GC(541)   Pre Evacuate Collection Set: 0.1ms
[2024-10-12T10:23:17.025+0800][info] GC(541)   Merge Heap Roots: 0.1ms
[2024-10-12T10:23:17.025+0800][info] GC(541)   Evacuate Collection Set: 0.9ms
[2024-10-12T10:23:17.025+0800][info] GC(541)   Post Evacuate Collection Set: 0.2ms
[2024-10-12T10:23:17.025+0800][info] GC(541)   Other: 0.4ms
[2024-10-12T10:23:17.025+0800][info] GC(541) Eden regions: 2->0(2)
[2024-10-12T10:23:17.025+0800][info] GC(541) Survivor regions: 1->1(1)
[2024-10-12T10:23:17.025+0800][info] GC(541) Old regions: 49->51
[2024-10-12T10:23:17.025+0800][info] GC(541) Archive regions: 2->2
[2024-10-12T10:23:17.025+0800][info] GC(541) Humongous regions: 3->3
[2024-10-12T10:23:17.025+0800][info] GC(541) Metaspace: 1678K(1856K)->1678K(1856K) NonClass: 1554K(1664K)->1554K(1664K) Class: 124K(192K)->124K(192K)
[2024-10-12T10:23:17.025+0800][info] GC(541) Pause Young (Concurrent Start) (G1 Evacuation Pause) 105M->106M(128M) 1.637ms
[2024-10-12T10:23:17.025+0800][info] GC(541) User=0.00s Sys=0.00s Real=0.00s
[2024-10-12T10:23:17.025+0800][info] GC(542) Concurrent Mark Cycle
[2024-10-12T10:23:17.025+0800][info] GC(542) Concurrent Clear Claimed Marks
[2024-10-12T10:23:17.025+0800][info] GC(542) Concurrent Clear Claimed Marks 0.017ms
[2024-10-12T10:23:17.025+0800][info] GC(542) Concurrent Scan Root Regions
[2024-10-12T10:23:17.025+0800][info] GC(542) Concurrent Scan Root Regions 0.148ms
[2024-10-12T10:23:17.025+0800][info] GC(542) Concurrent Mark
[2024-10-12T10:23:17.025+0800][info] GC(542) Concurrent Mark From Roots
[2024-10-12T10:23:17.025+0800][info] GC(542) Using 12 workers of 12 for marking
[2024-10-12T10:23:17.029+0800][info] GC(542) Concurrent Mark From Roots 3.318ms
[2024-10-12T10:23:17.029+0800][info] GC(542) Concurrent Preclean
[2024-10-12T10:23:17.030+0800][info] GC(542) Concurrent Preclean 1.698ms
[2024-10-12T10:23:17.030+0800][info] GC(542) Pause Remark
[2024-10-12T10:23:17.032+0800][info] GC(542) Pause Remark 107M->107M(128M) 1.515ms
[2024-10-12T10:23:17.032+0800][info] GC(542) User=0.01s Sys=0.00s Real=0.00s
[2024-10-12T10:23:17.032+0800][info] GC(542) Concurrent Mark 6.785ms
[2024-10-12T10:23:17.032+0800][info] GC(542) Concurrent Rebuild Remembered Sets
[2024-10-12T10:23:17.034+0800][info] GC(542) Concurrent Rebuild Remembered Sets 1.681ms
[2024-10-12T10:23:17.034+0800][info] GC(542) Pause Cleanup
[2024-10-12T10:23:17.034+0800][info] GC(542) Pause Cleanup 107M->107M(128M) 0.206ms
[2024-10-12T10:23:17.034+0800][info] GC(542) User=0.00s Sys=0.00s Real=0.00s
[2024-10-12T10:23:17.034+0800][info] GC(542) Concurrent Cleanup for Next Mark
[2024-10-12T10:23:17.034+0800][info] GC(542) Concurrent Cleanup for Next Mark 0.359ms
[2024-10-12T10:23:17.034+0800][info] GC(542) Concurrent Mark Cycle 9.544ms
[2024-10-12T10:23:17.178+0800][info] GC(543) Pause Young (Prepare Mixed) (G1 Evacuation Pause)
[2024-10-12T10:23:17.178+0800][info] GC(543) Using 3 workers of 48 for evacuation
[2024-10-12T10:23:17.180+0800][info] GC(543)   Pre Evacuate Collection Set: 0.1ms
[2024-10-12T10:23:17.180+0800][info] GC(543)   Merge Heap Roots: 0.1ms
[2024-10-12T10:23:17.180+0800][info] GC(543)   Evacuate Collection Set: 0.9ms
[2024-10-12T10:23:17.180+0800][info] GC(543)   Post Evacuate Collection Set: 0.2ms
[2024-10-12T10:23:17.180+0800][info] GC(543)   Other: 0.2ms
[2024-10-12T10:23:17.180+0800][info] GC(543) Eden regions: 2->0(2)
[2024-10-12T10:23:17.180+0800][info] GC(543) Survivor regions: 1->1(1)
[2024-10-12T10:23:17.180+0800][info] GC(543) Old regions: 51->53
[2024-10-12T10:23:17.180+0800][info] GC(543) Archive regions: 2->2
[2024-10-12T10:23:17.180+0800][info] GC(543) Humongous regions: 3->3
[2024-10-12T10:23:17.180+0800][info] GC(543) Metaspace: 1678K(1856K)->1678K(1856K) NonClass: 1554K(1664K)->1554K(1664K) Class: 124K(192K)->124K(192K)
[2024-10-12T10:23:17.180+0800][info] GC(543) Pause Young (Prepare Mixed) (G1 Evacuation Pause) 110M->110M(128M) 1.542ms
[2024-10-12T10:23:17.180+0800][info] GC(543) User=0.01s Sys=0.00s Real=0.00s
[2024-10-12T10:23:17.241+0800][info] GC(544) Pause Young (Mixed) (G1 Preventive Collection)
[2024-10-12T10:23:17.241+0800][info] GC(544) Using 3 workers of 48 for evacuation
[2024-10-12T10:23:17.243+0800][info] GC(544)   Pre Evacuate Collection Set: 0.2ms
[2024-10-12T10:23:17.243+0800][info] GC(544)   Merge Heap Roots: 0.1ms
[2024-10-12T10:23:17.243+0800][info] GC(544)   Evacuate Collection Set: 0.9ms
[2024-10-12T10:23:17.243+0800][info] GC(544)   Post Evacuate Collection Set: 0.2ms
[2024-10-12T10:23:17.243+0800][info] GC(544)   Other: 0.2ms
[2024-10-12T10:23:17.243+0800][info] GC(544) Eden regions: 1->0(2)
[2024-10-12T10:23:17.243+0800][info] GC(544) Survivor regions: 1->1(1)
[2024-10-12T10:23:17.243+0800][info] GC(544) Old regions: 53->49
[2024-10-12T10:23:17.243+0800][info] GC(544) Archive regions: 2->2
[2024-10-12T10:23:17.243+0800][info] GC(544) Humongous regions: 3->3
[2024-10-12T10:23:17.243+0800][info] GC(544) Metaspace: 1678K(1856K)->1678K(1856K) NonClass: 1554K(1664K)->1554K(1664K) Class: 124K(192K)->124K(192K)
[2024-10-12T10:23:17.243+0800][info] GC(544) Pause Young (Mixed) (G1 Preventive Collection) 112M->101M(128M) 1.583ms
[2024-10-12T10:23:17.243+0800][info] GC(544) User=0.00s Sys=0.00s Real=0.00s
[2024-10-12T10:23:17.345+0800][info] GC(545) Pause Young (Mixed) (G1 Evacuation Pause)
[2024-10-12T10:23:17.345+0800][info] GC(545) Using 3 workers of 48 for evacuation
[2024-10-12T10:23:17.348+0800][info] GC(545)   Pre Evacuate Collection Set: 0.2ms
[2024-10-12T10:23:17.348+0800][info] GC(545)   Merge Heap Roots: 0.1ms
[2024-10-12T10:23:17.348+0800][info] GC(545)   Evacuate Collection Set: 1.6ms
[2024-10-12T10:23:17.348+0800][info] GC(545)   Post Evacuate Collection Set: 0.2ms
[2024-10-12T10:23:17.348+0800][info] GC(545)   Other: 0.2ms
[2024-10-12T10:23:17.348+0800][info] GC(545) Eden regions: 2->0(2)
[2024-10-12T10:23:17.348+0800][info] GC(545) Survivor regions: 1->1(1)
[2024-10-12T10:23:17.348+0800][info] GC(545) Old regions: 49->47
[2024-10-12T10:23:17.348+0800][info] GC(545) Archive regions: 2->2
[2024-10-12T10:23:17.348+0800][info] GC(545) Humongous regions: 3->3
[2024-10-12T10:23:17.348+0800][info] GC(545) Metaspace: 1678K(1856K)->1678K(1856K) NonClass: 1554K(1664K)->1554K(1664K) Class: 124K(192K)->124K(192K)
[2024-10-12T10:23:17.348+0800][info] GC(545) Pause Young (Mixed) (G1 Evacuation Pause) 105M->99M(128M) 2.329ms
[2024-10-12T10:23:17.348+0800][info] GC(545) User=0.01s Sys=0.00s Real=0.00s
[2024-10-12T10:23:17.450+0800][info] GC(546) Pause Young (Mixed) (G1 Evacuation Pause)
[2024-10-12T10:23:17.450+0800][info] GC(546) Using 3 workers of 48 for evacuation
[2024-10-12T10:23:17.452+0800][info] GC(546)   Pre Evacuate Collection Set: 0.2ms
[2024-10-12T10:23:17.452+0800][info] GC(546)   Merge Heap Roots: 0.0ms
[2024-10-12T10:23:17.452+0800][info] GC(546)   Evacuate Collection Set: 1.6ms
[2024-10-12T10:23:17.452+0800][info] GC(546)   Post Evacuate Collection Set: 0.2ms
[2024-10-12T10:23:17.452+0800][info] GC(546)   Other: 0.1ms
[2024-10-12T10:23:17.452+0800][info] GC(546) Eden regions: 2->0(2)
[2024-10-12T10:23:17.452+0800][info] GC(546) Survivor regions: 1->1(1)
[2024-10-12T10:23:17.452+0800][info] GC(546) Old regions: 47->45
[2024-10-12T10:23:17.452+0800][info] GC(546) Archive regions: 2->2
[2024-10-12T10:23:17.452+0800][info] GC(546) Humongous regions: 3->3
[2024-10-12T10:23:17.452+0800][info] GC(546) Metaspace: 1678K(1856K)->1678K(1856K) NonClass: 1554K(1664K)->1554K(1664K) Class: 124K(192K)->124K(192K)
[2024-10-12T10:23:17.452+0800][info] GC(546) Pause Young (Mixed) (G1 Evacuation Pause) 103M->97M(128M) 2.324ms
[2024-10-12T10:23:17.452+0800][info] GC(546) User=0.00s Sys=0.00s Real=0.00s
[2024-10-12T10:23:17.555+0800][info] GC(547) Pause Young (Mixed) (G1 Evacuation Pause)
[2024-10-12T10:23:17.555+0800][info] GC(547) Using 3 workers of 48 for evacuation
[2024-10-12T10:23:17.557+0800][info] GC(547)   Pre Evacuate Collection Set: 0.2ms
[2024-10-12T10:23:17.557+0800][info] GC(547)   Merge Heap Roots: 0.1ms
[2024-10-12T10:23:17.557+0800][info] GC(547)   Evacuate Collection Set: 1.9ms
[2024-10-12T10:23:17.557+0800][info] GC(547)   Post Evacuate Collection Set: 0.2ms
[2024-10-12T10:23:17.557+0800][info] GC(547)   Other: 0.1ms
[2024-10-12T10:23:17.557+0800][info] GC(547) Eden regions: 2->0(2)
[2024-10-12T10:23:17.557+0800][info] GC(547) Survivor regions: 1->1(1)
[2024-10-12T10:23:17.557+0800][info] GC(547) Old regions: 45->45
[2024-10-12T10:23:17.557+0800][info] GC(547) Archive regions: 2->2
[2024-10-12T10:23:17.557+0800][info] GC(547) Humongous regions: 3->3
[2024-10-12T10:23:17.557+0800][info] GC(547) Metaspace: 1678K(1856K)->1678K(1856K) NonClass: 1554K(1664K)->1554K(1664K) Class: 124K(192K)->124K(192K)
[2024-10-12T10:23:17.557+0800][info] GC(547) Pause Young (Mixed) (G1 Evacuation Pause) 101M->97M(128M) 2.613ms
[2024-10-12T10:23:17.557+0800][info] GC(547) User=0.01s Sys=0.00s Real=0.00s
[2024-10-12T10:23:17.659+0800][info] GC(548) Pause Young (Mixed) (G1 Evacuation Pause)
[2024-10-12T10:23:17.659+0800][info] GC(548) Using 3 workers of 48 for evacuation
[2024-10-12T10:23:17.661+0800][info] GC(548)   Pre Evacuate Collection Set: 0.2ms
[2024-10-12T10:23:17.661+0800][info] GC(548)   Merge Heap Roots: 0.1ms
[2024-10-12T10:23:17.661+0800][info] GC(548)   Evacuate Collection Set: 0.8ms
[2024-10-12T10:23:17.661+0800][info] GC(548)   Post Evacuate Collection Set: 0.2ms
[2024-10-12T10:23:17.661+0800][info] GC(548)   Other: 0.1ms
[2024-10-12T10:23:17.661+0800][info] GC(548) Eden regions: 2->0(2)
[2024-10-12T10:23:17.661+0800][info] GC(548) Survivor regions: 1->1(1)
[2024-10-12T10:23:17.661+0800][info] GC(548) Old regions: 45->47
[2024-10-12T10:23:17.661+0800][info] GC(548) Archive regions: 2->2
[2024-10-12T10:23:17.661+0800][info] GC(548) Humongous regions: 3->3
[2024-10-12T10:23:17.661+0800][info] GC(548) Metaspace: 1678K(1856K)->1678K(1856K) NonClass: 1554K(1664K)->1554K(1664K) Class: 124K(192K)->124K(192K)
[2024-10-12T10:23:17.661+0800][info] GC(548) Pause Young (Mixed) (G1 Evacuation Pause) 100M->100M(128M) 1.509ms
[2024-10-12T10:23:17.661+0800][info] GC(548) User=0.00s Sys=0.00s Real=0.00s
[2024-10-12T10:23:17.763+0800][info] GC(549) Pause Young (Normal) (G1 Evacuation Pause)
[2024-10-12T10:23:17.763+0800][info] GC(549) Using 3 workers of 48 for evacuation
[2024-10-12T10:23:17.764+0800][info] GC(549)   Pre Evacuate Collection Set: 0.1ms
[2024-10-12T10:23:17.764+0800][info] GC(549)   Merge Heap Roots: 0.0ms
[2024-10-12T10:23:17.764+0800][info] GC(549)   Evacuate Collection Set: 0.7ms
[2024-10-12T10:23:17.764+0800][info] GC(549)   Post Evacuate Collection Set: 0.2ms
[2024-10-12T10:23:17.764+0800][info] GC(549)   Other: 0.2ms
[2024-10-12T10:23:17.764+0800][info] GC(549) Eden regions: 2->0(2)
[2024-10-12T10:23:17.764+0800][info] GC(549) Survivor regions: 1->1(1)
[2024-10-12T10:23:17.764+0800][info] GC(549) Old regions: 47->48
[2024-10-12T10:23:17.764+0800][info] GC(549) Archive regions: 2->2
[2024-10-12T10:23:17.764+0800][info] GC(549) Humongous regions: 3->3
[2024-10-12T10:23:17.764+0800][info] GC(549) Metaspace: 1678K(1856K)->1678K(1856K) NonClass: 1554K(1664K)->1554K(1664K) Class: 124K(192K)->124K(192K)
[2024-10-12T10:23:17.765+0800][info] GC(549) Pause Young (Normal) (G1 Evacuation Pause) 103M->103M(128M) 1.333ms
[2024-10-12T10:23:17.765+0800][info] GC(549) User=0.01s Sys=0.00s Real=0.00s
[2024-10-12T10:23:17.867+0800][info] GC(550) Pause Young (Normal) (G1 Evacuation Pause)
[2024-10-12T10:23:17.867+0800][info] GC(550) Using 3 workers of 48 for evacuation
[2024-10-12T10:23:17.868+0800][info] GC(550)   Pre Evacuate Collection Set: 0.1ms
[2024-10-12T10:23:17.868+0800][info] GC(550)   Merge Heap Roots: 0.0ms
[2024-10-12T10:23:17.868+0800][info] GC(550)   Evacuate Collection Set: 0.7ms
[2024-10-12T10:23:17.868+0800][info] GC(550)   Post Evacuate Collection Set: 0.2ms
[2024-10-12T10:23:17.868+0800][info] GC(550)   Other: 0.2ms
[2024-10-12T10:23:17.868+0800][info] GC(550) Eden regions: 2->0(2)
[2024-10-12T10:23:17.868+0800][info] GC(550) Survivor regions: 1->1(1)
[2024-10-12T10:23:17.868+0800][info] GC(550) Old regions: 48->50
[2024-10-12T10:23:17.868+0800][info] GC(550) Archive regions: 2->2
[2024-10-12T10:23:17.868+0800][info] GC(550) Humongous regions: 3->3
[2024-10-12T10:23:17.868+0800][info] GC(550) Metaspace: 1678K(1856K)->1678K(1856K) NonClass: 1554K(1664K)->1554K(1664K) Class: 124K(192K)->124K(192K)
[2024-10-12T10:23:17.868+0800][info] GC(550) Pause Young (Normal) (G1 Evacuation Pause) 107M->107M(128M) 1.258ms
[2024-10-12T10:23:17.868+0800][info] GC(550) User=0.00s Sys=0.01s Real=0.00s
[2024-10-12T10:23:17.970+0800][info] GC(551) Pause Young (Concurrent Start) (G1 Evacuation Pause)
[2024-10-12T10:23:17.970+0800][info] GC(551) Using 3 workers of 48 for evacuation
[2024-10-12T10:23:17.972+0800][info] GC(551)   Pre Evacuate Collection Set: 0.1ms
[2024-10-12T10:23:17.972+0800][info] GC(551)   Merge Heap Roots: 0.0ms
[2024-10-12T10:23:17.972+0800][info] GC(551)   Evacuate Collection Set: 0.8ms
[2024-10-12T10:23:17.972+0800][info] GC(551)   Post Evacuate Collection Set: 0.2ms
[2024-10-12T10:23:17.972+0800][info] GC(551)   Other: 0.3ms
[2024-10-12T10:23:17.972+0800][info] GC(551) Eden regions: 2->0(2)
[2024-10-12T10:23:17.972+0800][info] GC(551) Survivor regions: 1->1(1)
[2024-10-12T10:23:17.972+0800][info] GC(551) Old regions: 50->52
[2024-10-12T10:23:17.972+0800][info] GC(551) Archive regions: 2->2
[2024-10-12T10:23:17.972+0800][info] GC(551) Humongous regions: 3->3
[2024-10-12T10:23:17.972+0800][info] GC(551) Metaspace: 1678K(1856K)->1678K(1856K) NonClass: 1554K(1664K)->1554K(1664K) Class: 124K(192K)->124K(192K)
[2024-10-12T10:23:17.972+0800][info] GC(551) Pause Young (Concurrent Start) (G1 Evacuation Pause) 110M->111M(128M) 1.595ms
[2024-10-12T10:23:17.972+0800][info] GC(551) User=0.01s Sys=0.00s Real=0.00s
[2024-10-12T10:23:17.972+0800][info] GC(552) Concurrent Mark Cycle
[2024-10-12T10:23:17.972+0800][info] GC(552) Concurrent Clear Claimed Marks
[2024-10-12T10:23:17.972+0800][info] GC(552) Concurrent Clear Claimed Marks 0.017ms
[2024-10-12T10:23:17.972+0800][info] GC(552) Concurrent Scan Root Regions
[2024-10-12T10:23:17.972+0800][info] GC(552) Concurrent Scan Root Regions 0.102ms
[2024-10-12T10:23:17.972+0800][info] GC(552) Concurrent Mark
[2024-10-12T10:23:17.972+0800][info] GC(552) Concurrent Mark From Roots
[2024-10-12T10:23:17.972+0800][info] GC(552) Using 12 workers of 12 for marking
[2024-10-12T10:23:17.976+0800][info] GC(552) Concurrent Mark From Roots 3.412ms
[2024-10-12T10:23:17.976+0800][info] GC(552) Concurrent Preclean
[2024-10-12T10:23:17.977+0800][info] GC(552) Concurrent Preclean 1.690ms
[2024-10-12T10:23:17.977+0800][info] GC(552) Pause Remark
[2024-10-12T10:23:17.979+0800][info] GC(552) Pause Remark 111M->111M(128M) 1.569ms
[2024-10-12T10:23:17.979+0800][info] GC(552) User=0.00s Sys=0.00s Real=0.00s
[2024-10-12T10:23:17.979+0800][info] GC(552) Concurrent Mark 6.916ms
[2024-10-12T10:23:17.979+0800][info] GC(552) Concurrent Rebuild Remembered Sets
[2024-10-12T10:23:17.981+0800][info] GC(552) Concurrent Rebuild Remembered Sets 1.684ms
[2024-10-12T10:23:17.981+0800][info] GC(552) Pause Cleanup
[2024-10-12T10:23:17.981+0800][info] GC(552) Pause Cleanup 111M->111M(128M) 0.191ms
[2024-10-12T10:23:17.981+0800][info] GC(552) User=0.00s Sys=0.00s Real=0.00s
[2024-10-12T10:23:17.981+0800][info] GC(552) Concurrent Cleanup for Next Mark
[2024-10-12T10:23:17.982+0800][info] GC(552) Concurrent Cleanup for Next Mark 0.358ms
[2024-10-12T10:23:17.982+0800][info] GC(552) Concurrent Mark Cycle 9.553ms
[2024-10-12T10:23:18.125+0800][info] GC(553) Pause Young (Prepare Mixed) (G1 Preventive Collection)
[2024-10-12T10:23:18.125+0800][info] GC(553) Using 3 workers of 48 for evacuation
[2024-10-12T10:23:18.126+0800][info] GC(553)   Pre Evacuate Collection Set: 0.1ms
[2024-10-12T10:23:18.126+0800][info] GC(553)   Merge Heap Roots: 0.1ms
[2024-10-12T10:23:18.127+0800][info] GC(553)   Evacuate Collection Set: 0.9ms
[2024-10-12T10:23:18.127+0800][info] GC(553)   Post Evacuate Collection Set: 0.2ms
[2024-10-12T10:23:18.127+0800][info] GC(553)   Other: 0.3ms
[2024-10-12T10:23:18.127+0800][info] GC(553) Eden regions: 2->0(2)
[2024-10-12T10:23:18.127+0800][info] GC(553) Survivor regions: 1->1(1)
[2024-10-12T10:23:18.127+0800][info] GC(553) Old regions: 52->54
[2024-10-12T10:23:18.127+0800][info] GC(553) Archive regions: 2->2
[2024-10-12T10:23:18.127+0800][info] GC(553) Humongous regions: 3->3
[2024-10-12T10:23:18.127+0800][info] GC(553) Metaspace: 1678K(1856K)->1678K(1856K) NonClass: 1554K(1664K)->1554K(1664K) Class: 124K(192K)->124K(192K)
[2024-10-12T10:23:18.127+0800][info] GC(553) Pause Young (Prepare Mixed) (G1 Preventive Collection) 114M->114M(128M) 1.597ms
[2024-10-12T10:23:18.127+0800][info] GC(553) User=0.00s Sys=0.01s Real=0.01s
[2024-10-12T10:23:18.188+0800][info] GC(554) Pause Young (Mixed) (G1 Preventive Collection)
[2024-10-12T10:23:18.188+0800][info] GC(554) Using 3 workers of 48 for evacuation
[2024-10-12T10:23:18.190+0800][info] GC(554)   Pre Evacuate Collection Set: 0.1ms
[2024-10-12T10:23:18.190+0800][info] GC(554)   Merge Heap Roots: 0.1ms
[2024-10-12T10:23:18.190+0800][info] GC(554)   Evacuate Collection Set: 1.2ms
[2024-10-12T10:23:18.190+0800][info] GC(554)   Post Evacuate Collection Set: 0.2ms
[2024-10-12T10:23:18.190+0800][info] GC(554)   Other: 0.2ms
[2024-10-12T10:23:18.190+0800][info] GC(554) Eden regions: 1->0(2)
[2024-10-12T10:23:18.190+0800][info] GC(554) Survivor regions: 1->1(1)
[2024-10-12T10:23:18.190+0800][info] GC(554) Old regions: 54->49
[2024-10-12T10:23:18.190+0800][info] GC(554) Archive regions: 2->2
[2024-10-12T10:23:18.190+0800][info] GC(554) Humongous regions: 3->3
[2024-10-12T10:23:18.190+0800][info] GC(554) Metaspace: 1678K(1856K)->1678K(1856K) NonClass: 1554K(1664K)->1554K(1664K) Class: 124K(192K)->124K(192K)
[2024-10-12T10:23:18.190+0800][info] GC(554) Pause Young (Mixed) (G1 Preventive Collection) 116M->106M(128M) 1.875ms
[2024-10-12T10:23:18.190+0800][info] GC(554) User=0.00s Sys=0.00s Real=0.00s
[2024-10-12T10:23:18.293+0800][info] GC(555) Pause Young (Mixed) (G1 Preventive Collection)
[2024-10-12T10:23:18.293+0800][info] GC(555) Using 3 workers of 48 for evacuation
[2024-10-12T10:23:18.295+0800][info] GC(555)   Pre Evacuate Collection Set: 0.2ms
[2024-10-12T10:23:18.295+0800][info] GC(555)   Merge Heap Roots: 0.1ms
[2024-10-12T10:23:18.295+0800][info] GC(555)   Evacuate Collection Set: 1.5ms
[2024-10-12T10:23:18.295+0800][info] GC(555)   Post Evacuate Collection Set: 0.2ms
[2024-10-12T10:23:18.295+0800][info] GC(555)   Other: 0.1ms
[2024-10-12T10:23:18.295+0800][info] GC(555) Eden regions: 2->0(2)
[2024-10-12T10:23:18.295+0800][info] GC(555) Survivor regions: 1->1(1)
[2024-10-12T10:23:18.295+0800][info] GC(555) Old regions: 49->47
[2024-10-12T10:23:18.295+0800][info] GC(555) Archive regions: 2->2
[2024-10-12T10:23:18.295+0800][info] GC(555) Humongous regions: 4->3
[2024-10-12T10:23:18.295+0800][info] GC(555) Metaspace: 1678K(1856K)->1678K(1856K) NonClass: 1554K(1664K)->1554K(1664K) Class: 124K(192K)->124K(192K)
[2024-10-12T10:23:18.295+0800][info] GC(555) Pause Young (Mixed) (G1 Preventive Collection) 111M->102M(128M) 2.210ms
[2024-10-12T10:23:18.295+0800][info] GC(555) User=0.01s Sys=0.00s Real=0.01s
[2024-10-12T10:23:18.397+0800][info] GC(556) Pause Young (Mixed) (G1 Evacuation Pause)
[2024-10-12T10:23:18.397+0800][info] GC(556) Using 3 workers of 48 for evacuation
[2024-10-12T10:23:18.400+0800][info] GC(556)   Pre Evacuate Collection Set: 0.2ms
[2024-10-12T10:23:18.400+0800][info] GC(556)   Merge Heap Roots: 0.1ms
[2024-10-12T10:23:18.400+0800][info] GC(556)   Evacuate Collection Set: 2.4ms
[2024-10-12T10:23:18.400+0800][info] GC(556)   Post Evacuate Collection Set: 0.2ms
[2024-10-12T10:23:18.400+0800][info] GC(556)   Other: 0.1ms
[2024-10-12T10:23:18.400+0800][info] GC(556) Eden regions: 2->0(2)
[2024-10-12T10:23:18.400+0800][info] GC(556) Survivor regions: 1->1(1)
[2024-10-12T10:23:18.400+0800][info] GC(556) Old regions: 47->46
[2024-10-12T10:23:18.400+0800][info] GC(556) Archive regions: 2->2
[2024-10-12T10:23:18.400+0800][info] GC(556) Humongous regions: 3->3
[2024-10-12T10:23:18.400+0800][info] GC(556) Metaspace: 1678K(1856K)->1678K(1856K) NonClass: 1554K(1664K)->1554K(1664K) Class: 124K(192K)->124K(192K)
[2024-10-12T10:23:18.400+0800][info] GC(556) Pause Young (Mixed) (G1 Evacuation Pause) 106M->100M(128M) 3.124ms
[2024-10-12T10:23:18.400+0800][info] GC(556) User=0.01s Sys=0.00s Real=0.00s
[2024-10-12T10:23:18.503+0800][info] GC(557) Pause Young (Mixed) (G1 Evacuation Pause)
[2024-10-12T10:23:18.503+0800][info] GC(557) Using 3 workers of 48 for evacuation
[2024-10-12T10:23:18.505+0800][info] GC(557)   Pre Evacuate Collection Set: 0.2ms
[2024-10-12T10:23:18.505+0800][info] GC(557)   Merge Heap Roots: 0.1ms
[2024-10-12T10:23:18.505+0800][info] GC(557)   Evacuate Collection Set: 1.9ms
[2024-10-12T10:23:18.505+0800][info] GC(557)   Post Evacuate Collection Set: 0.2ms
[2024-10-12T10:23:18.505+0800][info] GC(557)   Other: 0.1ms
[2024-10-12T10:23:18.505+0800][info] GC(557) Eden regions: 2->0(2)
[2024-10-12T10:23:18.505+0800][info] GC(557) Survivor regions: 1->1(1)
[2024-10-12T10:23:18.505+0800][info] GC(557) Old regions: 46->46
[2024-10-12T10:23:18.506+0800][info] GC(557) Archive regions: 2->2
[2024-10-12T10:23:18.506+0800][info] GC(557) Humongous regions: 3->3
[2024-10-12T10:23:18.506+0800][info] GC(557) Metaspace: 1678K(1856K)->1678K(1856K) NonClass: 1554K(1664K)->1554K(1664K) Class: 124K(192K)->124K(192K)
[2024-10-12T10:23:18.506+0800][info] GC(557) Pause Young (Mixed) (G1 Evacuation Pause) 104M->100M(128M) 2.610ms
[2024-10-12T10:23:18.506+0800][info] GC(557) User=0.00s Sys=0.00s Real=0.01s
[2024-10-12T10:23:18.608+0800][info] GC(558) Pause Young (Mixed) (G1 Evacuation Pause)
[2024-10-12T10:23:18.608+0800][info] GC(558) Using 3 workers of 48 for evacuation
[2024-10-12T10:23:18.610+0800][info] GC(558)   Pre Evacuate Collection Set: 0.2ms
[2024-10-12T10:23:18.610+0800][info] GC(558)   Merge Heap Roots: 0.1ms
[2024-10-12T10:23:18.610+0800][info] GC(558)   Evacuate Collection Set: 1.5ms
[2024-10-12T10:23:18.610+0800][info] GC(558)   Post Evacuate Collection Set: 0.2ms
[2024-10-12T10:23:18.610+0800][info] GC(558)   Other: 0.2ms
[2024-10-12T10:23:18.610+0800][info] GC(558) Eden regions: 2->0(2)
[2024-10-12T10:23:18.610+0800][info] GC(558) Survivor regions: 1->1(1)
[2024-10-12T10:23:18.610+0800][info] GC(558) Old regions: 46->47
[2024-10-12T10:23:18.610+0800][info] GC(558) Archive regions: 2->2
[2024-10-12T10:23:18.610+0800][info] GC(558) Humongous regions: 3->3
[2024-10-12T10:23:18.610+0800][info] GC(558) Metaspace: 1678K(1856K)->1678K(1856K) NonClass: 1554K(1664K)->1554K(1664K) Class: 124K(192K)->124K(192K)
[2024-10-12T10:23:18.610+0800][info] GC(558) Pause Young (Mixed) (G1 Evacuation Pause) 103M->101M(128M) 2.238ms
[2024-10-12T10:23:18.610+0800][info] GC(558) User=0.00s Sys=0.00s Real=0.00s
[2024-10-12T10:23:18.712+0800][info] GC(559) Pause Young (Normal) (G1 Evacuation Pause)
[2024-10-12T10:23:18.712+0800][info] GC(559) Using 3 workers of 48 for evacuation
[2024-10-12T10:23:18.714+0800][info] GC(559)   Pre Evacuate Collection Set: 0.1ms
[2024-10-12T10:23:18.714+0800][info] GC(559)   Merge Heap Roots: 0.0ms
[2024-10-12T10:23:18.714+0800][info] GC(559)   Evacuate Collection Set: 0.8ms
[2024-10-12T10:23:18.714+0800][info] GC(559)   Post Evacuate Collection Set: 0.2ms
[2024-10-12T10:23:18.714+0800][info] GC(559)   Other: 0.2ms
[2024-10-12T10:23:18.714+0800][info] GC(559) Eden regions: 2->0(2)
[2024-10-12T10:23:18.714+0800][info] GC(559) Survivor regions: 1->1(1)
[2024-10-12T10:23:18.714+0800][info] GC(559) Old regions: 47->49
[2024-10-12T10:23:18.714+0800][info] GC(559) Archive regions: 2->2
[2024-10-12T10:23:18.714+0800][info] GC(559) Humongous regions: 3->3
[2024-10-12T10:23:18.714+0800][info] GC(559) Metaspace: 1678K(1856K)->1678K(1856K) NonClass: 1554K(1664K)->1554K(1664K) Class: 124K(192K)->124K(192K)
[2024-10-12T10:23:18.714+0800][info] GC(559) Pause Young (Normal) (G1 Evacuation Pause) 105M->105M(128M) 1.486ms
[2024-10-12T10:23:18.714+0800][info] GC(559) User=0.01s Sys=0.00s Real=0.01s
[2024-10-12T10:23:18.816+0800][info] GC(560) Pause Young (Normal) (G1 Evacuation Pause)
[2024-10-12T10:23:18.816+0800][info] GC(560) Using 3 workers of 48 for evacuation
[2024-10-12T10:23:18.817+0800][info] GC(560)   Pre Evacuate Collection Set: 0.1ms
[2024-10-12T10:23:18.817+0800][info] GC(560)   Merge Heap Roots: 0.0ms
[2024-10-12T10:23:18.817+0800][info] GC(560)   Evacuate Collection Set: 0.7ms
[2024-10-12T10:23:18.817+0800][info] GC(560)   Post Evacuate Collection Set: 0.2ms
[2024-10-12T10:23:18.817+0800][info] GC(560)   Other: 0.2ms
[2024-10-12T10:23:18.817+0800][info] GC(560) Eden regions: 2->0(2)
[2024-10-12T10:23:18.817+0800][info] GC(560) Survivor regions: 1->1(1)
[2024-10-12T10:23:18.817+0800][info] GC(560) Old regions: 49->51
[2024-10-12T10:23:18.817+0800][info] GC(560) Archive regions: 2->2
[2024-10-12T10:23:18.817+0800][info] GC(560) Humongous regions: 3->3
[2024-10-12T10:23:18.817+0800][info] GC(560) Metaspace: 1678K(1856K)->1678K(1856K) NonClass: 1554K(1664K)->1554K(1664K) Class: 124K(192K)->124K(192K)
[2024-10-12T10:23:18.817+0800][info] GC(560) Pause Young (Normal) (G1 Evacuation Pause) 109M->109M(128M) 1.379ms
[2024-10-12T10:23:18.817+0800][info] GC(560) User=0.00s Sys=0.00s Real=0.00s
[2024-10-12T10:23:18.920+0800][info] GC(561) Pause Young (Concurrent Start) (G1 Evacuation Pause)
[2024-10-12T10:23:18.920+0800][info] GC(561) Using 3 workers of 48 for evacuation
[2024-10-12T10:23:18.921+0800][info] GC(561)   Pre Evacuate Collection Set: 0.1ms
[2024-10-12T10:23:18.921+0800][info] GC(561)   Merge Heap Roots: 0.0ms
[2024-10-12T10:23:18.921+0800][info] GC(561)   Evacuate Collection Set: 0.8ms
[2024-10-12T10:23:18.921+0800][info] GC(561)   Post Evacuate Collection Set: 0.2ms
[2024-10-12T10:23:18.921+0800][info] GC(561)   Other: 0.3ms
[2024-10-12T10:23:18.921+0800][info] GC(561) Eden regions: 2->0(2)
[2024-10-12T10:23:18.921+0800][info] GC(561) Survivor regions: 1->1(1)
[2024-10-12T10:23:18.921+0800][info] GC(561) Old regions: 51->53
[2024-10-12T10:23:18.921+0800][info] GC(561) Archive regions: 2->2
[2024-10-12T10:23:18.921+0800][info] GC(561) Humongous regions: 3->3
[2024-10-12T10:23:18.921+0800][info] GC(561) Metaspace: 1678K(1856K)->1678K(1856K) NonClass: 1554K(1664K)->1554K(1664K) Class: 124K(192K)->124K(192K)
[2024-10-12T10:23:18.921+0800][info] GC(561) Pause Young (Concurrent Start) (G1 Evacuation Pause) 113M->113M(128M) 1.579ms
[2024-10-12T10:23:18.921+0800][info] GC(561) User=0.01s Sys=0.00s Real=0.00s
[2024-10-12T10:23:18.921+0800][info] GC(562) Concurrent Mark Cycle
[2024-10-12T10:23:18.921+0800][info] GC(562) Concurrent Clear Claimed Marks
[2024-10-12T10:23:18.921+0800][info] GC(562) Concurrent Clear Claimed Marks 0.016ms
[2024-10-12T10:23:18.921+0800][info] GC(562) Concurrent Scan Root Regions
[2024-10-12T10:23:18.922+0800][info] GC(562) Concurrent Scan Root Regions 0.105ms
[2024-10-12T10:23:18.922+0800][info] GC(562) Concurrent Mark
[2024-10-12T10:23:18.922+0800][info] GC(562) Concurrent Mark From Roots
[2024-10-12T10:23:18.922+0800][info] GC(562) Using 12 workers of 12 for marking
[2024-10-12T10:23:18.926+0800][info] GC(562) Concurrent Mark From Roots 4.595ms
[2024-10-12T10:23:18.926+0800][info] GC(562) Concurrent Preclean
[2024-10-12T10:23:18.928+0800][info] GC(562) Concurrent Preclean 1.691ms
[2024-10-12T10:23:18.928+0800][info] GC(562) Pause Remark
[2024-10-12T10:23:18.930+0800][info] GC(562) Pause Remark 114M->112M(128M) 1.527ms
[2024-10-12T10:23:18.930+0800][info] GC(562) User=0.00s Sys=0.00s Real=0.00s
[2024-10-12T10:23:18.930+0800][info] GC(562) Concurrent Mark 8.052ms
[2024-10-12T10:23:18.930+0800][info] GC(562) Concurrent Rebuild Remembered Sets
[2024-10-12T10:23:18.931+0800][info] GC(562) Concurrent Rebuild Remembered Sets 1.726ms
[2024-10-12T10:23:18.932+0800][info] GC(562) Pause Cleanup
[2024-10-12T10:23:18.932+0800][info] GC(562) Pause Cleanup 112M->112M(128M) 0.247ms
[2024-10-12T10:23:18.932+0800][info] GC(562) User=0.00s Sys=0.00s Real=0.00s
[2024-10-12T10:23:18.932+0800][info] GC(562) Concurrent Cleanup for Next Mark
[2024-10-12T10:23:18.932+0800][info] GC(562) Concurrent Cleanup for Next Mark 0.360ms
[2024-10-12T10:23:18.932+0800][info] GC(562) Concurrent Mark Cycle 10.850ms
[2024-10-12T10:23:19.074+0800][info] GC(563) Pause Young (Prepare Mixed) (G1 Preventive Collection)
[2024-10-12T10:23:19.075+0800][info] GC(563) Using 3 workers of 48 for evacuation
[2024-10-12T10:23:19.076+0800][info] GC(563)   Pre Evacuate Collection Set: 0.1ms
[2024-10-12T10:23:19.076+0800][info] GC(563)   Merge Heap Roots: 0.1ms
[2024-10-12T10:23:19.076+0800][info] GC(563)   Evacuate Collection Set: 0.8ms
[2024-10-12T10:23:19.076+0800][info] GC(563)   Post Evacuate Collection Set: 0.2ms
[2024-10-12T10:23:19.076+0800][info] GC(563)   Other: 0.2ms
[2024-10-12T10:23:19.076+0800][info] GC(563) Eden regions: 2->0(2)
[2024-10-12T10:23:19.076+0800][info] GC(563) Survivor regions: 1->1(1)
[2024-10-12T10:23:19.076+0800][info] GC(563) Old regions: 52->54
[2024-10-12T10:23:19.076+0800][info] GC(563) Archive regions: 2->2
[2024-10-12T10:23:19.076+0800][info] GC(563) Humongous regions: 3->3
[2024-10-12T10:23:19.076+0800][info] GC(563) Metaspace: 1678K(1856K)->1678K(1856K) NonClass: 1554K(1664K)->1554K(1664K) Class: 124K(192K)->124K(192K)
[2024-10-12T10:23:19.076+0800][info] GC(563) Pause Young (Prepare Mixed) (G1 Preventive Collection) 115M->115M(128M) 1.469ms
[2024-10-12T10:23:19.076+0800][info] GC(563) User=0.01s Sys=0.00s Real=0.00s
[2024-10-12T10:23:19.138+0800][info] GC(564) Pause Young (Mixed) (G1 Preventive Collection)
[2024-10-12T10:23:19.138+0800][info] GC(564) Using 3 workers of 48 for evacuation
[2024-10-12T10:23:19.139+0800][info] GC(564)   Pre Evacuate Collection Set: 0.2ms
[2024-10-12T10:23:19.139+0800][info] GC(564)   Merge Heap Roots: 0.0ms
[2024-10-12T10:23:19.139+0800][info] GC(564)   Evacuate Collection Set: 0.8ms
[2024-10-12T10:23:19.139+0800][info] GC(564)   Post Evacuate Collection Set: 0.2ms
[2024-10-12T10:23:19.139+0800][info] GC(564)   Other: 0.2ms
[2024-10-12T10:23:19.139+0800][info] GC(564) Eden regions: 1->0(2)
[2024-10-12T10:23:19.139+0800][info] GC(564) Survivor regions: 1->1(1)
[2024-10-12T10:23:19.139+0800][info] GC(564) Old regions: 54->49
[2024-10-12T10:23:19.139+0800][info] GC(564) Archive regions: 2->2
[2024-10-12T10:23:19.139+0800][info] GC(564) Humongous regions: 3->3
[2024-10-12T10:23:19.139+0800][info] GC(564) Metaspace: 1678K(1856K)->1678K(1856K) NonClass: 1554K(1664K)->1554K(1664K) Class: 124K(192K)->124K(192K)
[2024-10-12T10:23:19.139+0800][info] GC(564) Pause Young (Mixed) (G1 Preventive Collection) 117M->106M(128M) 1.489ms
[2024-10-12T10:23:19.139+0800][info] GC(564) User=0.00s Sys=0.00s Real=0.00s
[2024-10-12T10:23:19.241+0800][info] GC(565) Pause Young (Mixed) (G1 Evacuation Pause)
[2024-10-12T10:23:19.241+0800][info] GC(565) Using 3 workers of 48 for evacuation
[2024-10-12T10:23:19.244+0800][info] GC(565)   Pre Evacuate Collection Set: 0.2ms
[2024-10-12T10:23:19.244+0800][info] GC(565)   Merge Heap Roots: 0.1ms
[2024-10-12T10:23:19.244+0800][info] GC(565)   Evacuate Collection Set: 1.6ms
[2024-10-12T10:23:19.244+0800][info] GC(565)   Post Evacuate Collection Set: 0.2ms
[2024-10-12T10:23:19.244+0800][info] GC(565)   Other: 0.1ms
[2024-10-12T10:23:19.244+0800][info] GC(565) Eden regions: 2->0(2)
[2024-10-12T10:23:19.244+0800][info] GC(565) Survivor regions: 1->1(1)
[2024-10-12T10:23:19.244+0800][info] GC(565) Old regions: 49->47
[2024-10-12T10:23:19.244+0800][info] GC(565) Archive regions: 2->2
[2024-10-12T10:23:19.244+0800][info] GC(565) Humongous regions: 3->3
[2024-10-12T10:23:19.244+0800][info] GC(565) Metaspace: 1678K(1856K)->1678K(1856K) NonClass: 1554K(1664K)->1554K(1664K) Class: 124K(192K)->124K(192K)
[2024-10-12T10:23:19.244+0800][info] GC(565) Pause Young (Mixed) (G1 Evacuation Pause) 110M->101M(128M) 2.252ms
[2024-10-12T10:23:19.244+0800][info] GC(565) User=0.01s Sys=0.00s Real=0.00s
[2024-10-12T10:23:19.346+0800][info] GC(566) Pause Young (Mixed) (G1 Evacuation Pause)
[2024-10-12T10:23:19.346+0800][info] GC(566) Using 3 workers of 48 for evacuation
[2024-10-12T10:23:19.349+0800][info] GC(566)   Pre Evacuate Collection Set: 0.2ms
[2024-10-12T10:23:19.349+0800][info] GC(566)   Merge Heap Roots: 0.1ms
[2024-10-12T10:23:19.349+0800][info] GC(566)   Evacuate Collection Set: 1.9ms
[2024-10-12T10:23:19.349+0800][info] GC(566)   Post Evacuate Collection Set: 0.2ms
[2024-10-12T10:23:19.349+0800][info] GC(566)   Other: 0.1ms
[2024-10-12T10:23:19.349+0800][info] GC(566) Eden regions: 2->0(2)
[2024-10-12T10:23:19.349+0800][info] GC(566) Survivor regions: 1->1(1)
[2024-10-12T10:23:19.349+0800][info] GC(566) Old regions: 47->46
[2024-10-12T10:23:19.349+0800][info] GC(566) Archive regions: 2->2
[2024-10-12T10:23:19.349+0800][info] GC(566) Humongous regions: 3->3
[2024-10-12T10:23:19.349+0800][info] GC(566) Metaspace: 1678K(1856K)->1678K(1856K) NonClass: 1554K(1664K)->1554K(1664K) Class: 124K(192K)->124K(192K)
[2024-10-12T10:23:19.349+0800][info] GC(566) Pause Young (Mixed) (G1 Evacuation Pause) 105M->100M(128M) 2.577ms
[2024-10-12T10:23:19.349+0800][info] GC(566) User=0.00s Sys=0.01s Real=0.00s
[2024-10-12T10:23:19.451+0800][info] GC(567) Pause Young (Mixed) (G1 Evacuation Pause)
[2024-10-12T10:23:19.451+0800][info] GC(567) Using 3 workers of 48 for evacuation
[2024-10-12T10:23:19.453+0800][info] GC(567)   Pre Evacuate Collection Set: 0.2ms
[2024-10-12T10:23:19.454+0800][info] GC(567)   Merge Heap Roots: 0.1ms
[2024-10-12T10:23:19.454+0800][info] GC(567)   Evacuate Collection Set: 2.0ms
[2024-10-12T10:23:19.454+0800][info] GC(567)   Post Evacuate Collection Set: 0.2ms
[2024-10-12T10:23:19.454+0800][info] GC(567)   Other: 0.1ms
[2024-10-12T10:23:19.454+0800][info] GC(567) Eden regions: 2->0(2)
[2024-10-12T10:23:19.454+0800][info] GC(567) Survivor regions: 1->1(1)
[2024-10-12T10:23:19.454+0800][info] GC(567) Old regions: 46->46
[2024-10-12T10:23:19.454+0800][info] GC(567) Archive regions: 2->2
[2024-10-12T10:23:19.454+0800][info] GC(567) Humongous regions: 3->3
[2024-10-12T10:23:19.454+0800][info] GC(567) Metaspace: 1678K(1856K)->1678K(1856K) NonClass: 1554K(1664K)->1554K(1664K) Class: 124K(192K)->124K(192K)
[2024-10-12T10:23:19.454+0800][info] GC(567) Pause Young (Mixed) (G1 Evacuation Pause) 104M->99M(128M) 2.739ms
[2024-10-12T10:23:19.454+0800][info] GC(567) User=0.00s Sys=0.00s Real=0.01s
[2024-10-12T10:23:19.556+0800][info] GC(568) Pause Young (Mixed) (G1 Evacuation Pause)
[2024-10-12T10:23:19.556+0800][info] GC(568) Using 3 workers of 48 for evacuation
[2024-10-12T10:23:19.558+0800][info] GC(568)   Pre Evacuate Collection Set: 0.2ms
[2024-10-12T10:23:19.558+0800][info] GC(568)   Merge Heap Roots: 0.0ms
[2024-10-12T10:23:19.558+0800][info] GC(568)   Evacuate Collection Set: 1.0ms
[2024-10-12T10:23:19.558+0800][info] GC(568)   Post Evacuate Collection Set: 0.2ms
[2024-10-12T10:23:19.558+0800][info] GC(568)   Other: 0.1ms
[2024-10-12T10:23:19.558+0800][info] GC(568) Eden regions: 2->0(2)
[2024-10-12T10:23:19.558+0800][info] GC(568) Survivor regions: 1->1(1)
[2024-10-12T10:23:19.558+0800][info] GC(568) Old regions: 46->48
[2024-10-12T10:23:19.558+0800][info] GC(568) Archive regions: 2->2
[2024-10-12T10:23:19.558+0800][info] GC(568) Humongous regions: 3->3
[2024-10-12T10:23:19.558+0800][info] GC(568) Metaspace: 1686K(1856K)->1686K(1856K) NonClass: 1562K(1664K)->1562K(1664K) Class: 124K(192K)->124K(192K)
[2024-10-12T10:23:19.558+0800][info] GC(568) Pause Young (Mixed) (G1 Evacuation Pause) 103M->103M(128M) 1.603ms
[2024-10-12T10:23:19.558+0800][info] GC(568) User=0.01s Sys=0.00s Real=0.00s
[2024-10-12T10:23:19.660+0800][info] GC(569) Pause Young (Normal) (G1 Evacuation Pause)
[2024-10-12T10:23:19.660+0800][info] GC(569) Using 3 workers of 48 for evacuation
[2024-10-12T10:23:19.661+0800][info] GC(569)   Pre Evacuate Collection Set: 0.1ms
[2024-10-12T10:23:19.661+0800][info] GC(569)   Merge Heap Roots: 0.1ms
[2024-10-12T10:23:19.661+0800][info] GC(569)   Evacuate Collection Set: 0.8ms
[2024-10-12T10:23:19.661+0800][info] GC(569)   Post Evacuate Collection Set: 0.2ms
[2024-10-12T10:23:19.661+0800][info] GC(569)   Other: 0.2ms
[2024-10-12T10:23:19.661+0800][info] GC(569) Eden regions: 2->0(2)
[2024-10-12T10:23:19.661+0800][info] GC(569) Survivor regions: 1->1(1)
[2024-10-12T10:23:19.661+0800][info] GC(569) Old regions: 48->50
[2024-10-12T10:23:19.661+0800][info] GC(569) Archive regions: 2->2
[2024-10-12T10:23:19.661+0800][info] GC(569) Humongous regions: 3->3
[2024-10-12T10:23:19.661+0800][info] GC(569) Metaspace: 1686K(1856K)->1686K(1856K) NonClass: 1562K(1664K)->1562K(1664K) Class: 124K(192K)->124K(192K)
[2024-10-12T10:23:19.661+0800][info] GC(569) Pause Young (Normal) (G1 Evacuation Pause) 107M->107M(128M) 1.449ms
[2024-10-12T10:23:19.661+0800][info] GC(569) User=0.00s Sys=0.00s Real=0.00s
[2024-10-12T10:23:19.764+0800][info] GC(570) Pause Young (Concurrent Start) (G1 Evacuation Pause)
[2024-10-12T10:23:19.764+0800][info] GC(570) Using 3 workers of 48 for evacuation
[2024-10-12T10:23:19.766+0800][info] GC(570)   Pre Evacuate Collection Set: 0.1ms
[2024-10-12T10:23:19.766+0800][info] GC(570)   Merge Heap Roots: 0.0ms
[2024-10-12T10:23:19.766+0800][info] GC(570)   Evacuate Collection Set: 1.1ms
[2024-10-12T10:23:19.766+0800][info] GC(570)   Post Evacuate Collection Set: 0.2ms
[2024-10-12T10:23:19.766+0800][info] GC(570)   Other: 0.4ms
[2024-10-12T10:23:19.766+0800][info] GC(570) Eden regions: 2->0(2)
[2024-10-12T10:23:19.766+0800][info] GC(570) Survivor regions: 1->1(1)
[2024-10-12T10:23:19.766+0800][info] GC(570) Old regions: 50->52
[2024-10-12T10:23:19.766+0800][info] GC(570) Archive regions: 2->2
[2024-10-12T10:23:19.766+0800][info] GC(570) Humongous regions: 3->3
[2024-10-12T10:23:19.766+0800][info] GC(570) Metaspace: 1686K(1856K)->1686K(1856K) NonClass: 1562K(1664K)->1562K(1664K) Class: 124K(192K)->124K(192K)
[2024-10-12T10:23:19.766+0800][info] GC(570) Pause Young (Concurrent Start) (G1 Evacuation Pause) 111M->111M(128M) 1.953ms
[2024-10-12T10:23:19.766+0800][info] GC(570) User=0.01s Sys=0.00s Real=0.01s
[2024-10-12T10:23:19.766+0800][info] GC(571) Concurrent Mark Cycle
[2024-10-12T10:23:19.766+0800][info] GC(571) Concurrent Clear Claimed Marks
[2024-10-12T10:23:19.766+0800][info] GC(571) Concurrent Clear Claimed Marks 0.017ms
[2024-10-12T10:23:19.766+0800][info] GC(571) Concurrent Scan Root Regions
[2024-10-12T10:23:19.766+0800][info] GC(571) Concurrent Scan Root Regions 0.154ms
[2024-10-12T10:23:19.766+0800][info] GC(571) Concurrent Mark
[2024-10-12T10:23:19.766+0800][info] GC(571) Concurrent Mark From Roots
[2024-10-12T10:23:19.766+0800][info] GC(571) Using 12 workers of 12 for marking
[2024-10-12T10:23:19.770+0800][info] GC(571) Concurrent Mark From Roots 3.705ms
[2024-10-12T10:23:19.770+0800][info] GC(571) Concurrent Preclean
[2024-10-12T10:23:19.772+0800][info] GC(571) Concurrent Preclean 1.669ms
[2024-10-12T10:23:19.772+0800][info] GC(571) Pause Remark
[2024-10-12T10:23:19.773+0800][info] GC(571) Pause Remark 111M->111M(128M) 1.553ms
[2024-10-12T10:23:19.773+0800][info] GC(571) User=0.00s Sys=0.00s Real=0.01s
[2024-10-12T10:23:19.774+0800][info] GC(571) Concurrent Mark 7.179ms
[2024-10-12T10:23:19.774+0800][info] GC(571) Concurrent Rebuild Remembered Sets
[2024-10-12T10:23:19.775+0800][info] GC(571) Concurrent Rebuild Remembered Sets 1.756ms
[2024-10-12T10:23:19.775+0800][info] GC(571) Pause Cleanup
[2024-10-12T10:23:19.776+0800][info] GC(571) Pause Cleanup 111M->111M(128M) 0.198ms
[2024-10-12T10:23:19.776+0800][info] GC(571) User=0.00s Sys=0.00s Real=0.00s
[2024-10-12T10:23:19.776+0800][info] GC(571) Concurrent Cleanup for Next Mark
[2024-10-12T10:23:19.776+0800][info] GC(571) Concurrent Cleanup for Next Mark 0.396ms
[2024-10-12T10:23:19.776+0800][info] GC(571) Concurrent Mark Cycle 10.062ms
[2024-10-12T10:23:19.919+0800][info] GC(572) Pause Young (Prepare Mixed) (G1 Preventive Collection)
[2024-10-12T10:23:19.919+0800][info] GC(572) Using 3 workers of 48 for evacuation
[2024-10-12T10:23:19.921+0800][info] GC(572)   Pre Evacuate Collection Set: 0.1ms
[2024-10-12T10:23:19.921+0800][info] GC(572)   Merge Heap Roots: 0.1ms
[2024-10-12T10:23:19.921+0800][info] GC(572)   Evacuate Collection Set: 1.0ms
[2024-10-12T10:23:19.921+0800][info] GC(572)   Post Evacuate Collection Set: 0.2ms
[2024-10-12T10:23:19.921+0800][info] GC(572)   Other: 0.2ms
[2024-10-12T10:23:19.921+0800][info] GC(572) Eden regions: 2->0(2)
[2024-10-12T10:23:19.921+0800][info] GC(572) Survivor regions: 1->1(1)
[2024-10-12T10:23:19.921+0800][info] GC(572) Old regions: 52->54
[2024-10-12T10:23:19.921+0800][info] GC(572) Archive regions: 2->2
[2024-10-12T10:23:19.921+0800][info] GC(572) Humongous regions: 3->3
[2024-10-12T10:23:19.921+0800][info] GC(572) Metaspace: 1686K(1856K)->1686K(1856K) NonClass: 1562K(1664K)->1562K(1664K) Class: 124K(192K)->124K(192K)
[2024-10-12T10:23:19.921+0800][info] GC(572) Pause Young (Prepare Mixed) (G1 Preventive Collection) 114M->115M(128M) 1.631ms
[2024-10-12T10:23:19.921+0800][info] GC(572) User=0.00s Sys=0.00s Real=0.00s
[2024-10-12T10:23:19.982+0800][info] GC(573) Pause Young (Mixed) (G1 Preventive Collection)
[2024-10-12T10:23:19.983+0800][info] GC(573) Using 3 workers of 48 for evacuation
[2024-10-12T10:23:19.984+0800][info] GC(573) To-space exhausted
[2024-10-12T10:23:19.984+0800][info] GC(573)   Pre Evacuate Collection Set: 0.2ms
[2024-10-12T10:23:19.984+0800][info] GC(573)   Merge Heap Roots: 0.1ms
[2024-10-12T10:23:19.984+0800][info] GC(573)   Evacuate Collection Set: 0.9ms
[2024-10-12T10:23:19.984+0800][info] GC(573)   Post Evacuate Collection Set: 0.2ms
[2024-10-12T10:23:19.984+0800][info] GC(573)   Other: 0.2ms
[2024-10-12T10:23:19.984+0800][info] GC(573) Eden regions: 1->0(2)
[2024-10-12T10:23:19.984+0800][info] GC(573) Survivor regions: 1->1(1)
[2024-10-12T10:23:19.984+0800][info] GC(573) Old regions: 54->53
[2024-10-12T10:23:19.984+0800][info] GC(573) Archive regions: 2->2
[2024-10-12T10:23:19.984+0800][info] GC(573) Humongous regions: 3->3
[2024-10-12T10:23:19.984+0800][info] GC(573) Metaspace: 1686K(1856K)->1686K(1856K) NonClass: 1562K(1664K)->1562K(1664K) Class: 124K(192K)->124K(192K)
[2024-10-12T10:23:19.984+0800][info] GC(573) Pause Young (Mixed) (G1 Preventive Collection) 117M->114M(128M) 1.651ms
[2024-10-12T10:23:19.984+0800][info] GC(573) User=0.00s Sys=0.00s Real=0.00s
[2024-10-12T10:23:20.025+0800][info] GC(574) Pause Young (Mixed) (G1 Preventive Collection)
[2024-10-12T10:23:20.025+0800][info] GC(574) Using 3 workers of 48 for evacuation
[2024-10-12T10:23:20.027+0800][info] GC(574) To-space exhausted
[2024-10-12T10:23:20.027+0800][info] GC(574)   Pre Evacuate Collection Set: 0.2ms
[2024-10-12T10:23:20.027+0800][info] GC(574)   Merge Heap Roots: 0.1ms
[2024-10-12T10:23:20.027+0800][info] GC(574)   Evacuate Collection Set: 1.2ms
[2024-10-12T10:23:20.027+0800][info] GC(574)   Post Evacuate Collection Set: 0.3ms
[2024-10-12T10:23:20.027+0800][info] GC(574)   Other: 0.2ms
[2024-10-12T10:23:20.027+0800][info] GC(574) Eden regions: 1->0(2)
[2024-10-12T10:23:20.027+0800][info] GC(574) Survivor regions: 1->1(1)
[2024-10-12T10:23:20.027+0800][info] GC(574) Old regions: 53->56
[2024-10-12T10:23:20.027+0800][info] GC(574) Archive regions: 2->2
[2024-10-12T10:23:20.027+0800][info] GC(574) Humongous regions: 3->3
[2024-10-12T10:23:20.027+0800][info] GC(574) Metaspace: 1686K(1856K)->1686K(1856K) NonClass: 1562K(1664K)->1562K(1664K) Class: 124K(192K)->124K(192K)
[2024-10-12T10:23:20.027+0800][info] GC(574) Pause Young (Mixed) (G1 Preventive Collection) 116M->120M(128M) 1.990ms
[2024-10-12T10:23:20.027+0800][info] GC(574) User=0.00s Sys=0.00s Real=0.00s
[2024-10-12T10:23:20.089+0800][info] GC(575) Pause Young (Mixed) (G1 Preventive Collection)
[2024-10-12T10:23:20.089+0800][info] GC(575) Using 3 workers of 48 for evacuation
[2024-10-12T10:23:20.090+0800][info] GC(575) To-space exhausted
[2024-10-12T10:23:20.090+0800][info] GC(575)   Pre Evacuate Collection Set: 0.2ms
[2024-10-12T10:23:20.090+0800][info] GC(575)   Merge Heap Roots: 0.1ms
[2024-10-12T10:23:20.090+0800][info] GC(575)   Evacuate Collection Set: 0.5ms
[2024-10-12T10:23:20.090+0800][info] GC(575)   Post Evacuate Collection Set: 0.7ms
[2024-10-12T10:23:20.090+0800][info] GC(575)   Other: 0.1ms
[2024-10-12T10:23:20.090+0800][info] GC(575) Eden regions: 1->0(2)
[2024-10-12T10:23:20.090+0800][info] GC(575) Survivor regions: 1->1(1)
[2024-10-12T10:23:20.090+0800][info] GC(575) Old regions: 56->57
[2024-10-12T10:23:20.090+0800][info] GC(575) Archive regions: 2->2
[2024-10-12T10:23:20.090+0800][info] GC(575) Humongous regions: 3->3
[2024-10-12T10:23:20.090+0800][info] GC(575) Metaspace: 1686K(1856K)->1686K(1856K) NonClass: 1562K(1664K)->1562K(1664K) Class: 124K(192K)->124K(192K)
[2024-10-12T10:23:20.090+0800][info] GC(575) Pause Young (Mixed) (G1 Preventive Collection) 122M->122M(128M) 1.640ms
[2024-10-12T10:23:20.090+0800][info] GC(575) User=0.01s Sys=0.00s Real=0.00s
[2024-10-12T10:23:20.131+0800][info] GC(576) Pause Young (Mixed) (G1 Evacuation Pause)
[2024-10-12T10:23:20.131+0800][info] GC(576) Using 3 workers of 48 for evacuation
[2024-10-12T10:23:20.133+0800][info] GC(576) To-space exhausted
[2024-10-12T10:23:20.133+0800][info] GC(576)   Pre Evacuate Collection Set: 0.2ms
[2024-10-12T10:23:20.133+0800][info] GC(576)   Merge Heap Roots: 0.1ms
[2024-10-12T10:23:20.133+0800][info] GC(576)   Evacuate Collection Set: 0.4ms
[2024-10-12T10:23:20.133+0800][info] GC(576)   Post Evacuate Collection Set: 0.6ms
[2024-10-12T10:23:20.133+0800][info] GC(576)   Other: 0.2ms
[2024-10-12T10:23:20.133+0800][info] GC(576) Eden regions: 1->0(3)
[2024-10-12T10:23:20.133+0800][info] GC(576) Survivor regions: 1->0(0)
[2024-10-12T10:23:20.133+0800][info] GC(576) Old regions: 57->59
[2024-10-12T10:23:20.133+0800][info] GC(576) Archive regions: 2->2
[2024-10-12T10:23:20.133+0800][info] GC(576) Humongous regions: 3->3
[2024-10-12T10:23:20.133+0800][info] GC(576) Metaspace: 1686K(1856K)->1686K(1856K) NonClass: 1562K(1664K)->1562K(1664K) Class: 124K(192K)->124K(192K)
[2024-10-12T10:23:20.133+0800][info] GC(576) Pause Young (Mixed) (G1 Evacuation Pause) 123M->123M(128M) 1.490ms
[2024-10-12T10:23:20.133+0800][info] GC(576) User=0.00s Sys=0.00s Real=0.00s
[2024-10-12T10:23:20.133+0800][info] Attempting full compaction
[2024-10-12T10:23:20.133+0800][info] GC(577) Using 3 workers of 48 for full compaction
[2024-10-12T10:23:20.133+0800][info] GC(577) Pause Full (G1 Compaction Pause)
[2024-10-12T10:23:20.133+0800][info] GC(577) Phase 1: Mark live objects
[2024-10-12T10:23:20.136+0800][info] GC(577) Phase 1: Mark live objects 2.956ms
[2024-10-12T10:23:20.136+0800][info] GC(577) Phase 2: Prepare for compaction
[2024-10-12T10:23:20.136+0800][info] GC(577) Phase 2: Prepare for compaction 0.646ms
[2024-10-12T10:23:20.137+0800][info] GC(577) Phase 3: Adjust pointers
[2024-10-12T10:23:20.138+0800][info] GC(577) Phase 3: Adjust pointers 1.705ms
[2024-10-12T10:23:20.138+0800][info] GC(577) Phase 4: Compact heap
[2024-10-12T10:23:20.150+0800][info] GC(577) Phase 4: Compact heap 11.243ms
[2024-10-12T10:23:20.151+0800][info] GC(577) Eden regions: 0->0(3)
[2024-10-12T10:23:20.151+0800][info] GC(577) Survivor regions: 0->0(0)
[2024-10-12T10:23:20.151+0800][info] GC(577) Old regions: 59->39
[2024-10-12T10:23:20.151+0800][info] GC(577) Archive regions: 2->2
[2024-10-12T10:23:20.151+0800][info] GC(577) Humongous regions: 3->3
[2024-10-12T10:23:20.151+0800][info] GC(577) Metaspace: 1686K(1856K)->1686K(1856K) NonClass: 1562K(1664K)->1562K(1664K) Class: 124K(192K)->124K(192K)
[2024-10-12T10:23:20.151+0800][info] GC(577) Pause Full (G1 Compaction Pause) 123M->72M(128M) 18.201ms
[2024-10-12T10:23:20.151+0800][info] GC(577) User=0.04s Sys=0.00s Real=0.02s
[2024-10-12T10:23:20.315+0800][info] GC(578) Pause Young (Normal) (G1 Evacuation Pause)
[2024-10-12T10:23:20.315+0800][info] GC(578) Using 3 workers of 48 for evacuation
[2024-10-12T10:23:20.317+0800][info] GC(578)   Pre Evacuate Collection Set: 0.1ms
[2024-10-12T10:23:20.317+0800][info] GC(578)   Merge Heap Roots: 0.0ms
[2024-10-12T10:23:20.317+0800][info] GC(578)   Evacuate Collection Set: 0.9ms
[2024-10-12T10:23:20.317+0800][info] GC(578)   Post Evacuate Collection Set: 0.2ms
[2024-10-12T10:23:20.317+0800][info] GC(578)   Other: 0.2ms
[2024-10-12T10:23:20.317+0800][info] GC(578) Eden regions: 3->0(2)
[2024-10-12T10:23:20.317+0800][info] GC(578) Survivor regions: 0->1(1)
[2024-10-12T10:23:20.317+0800][info] GC(578) Old regions: 39->42
[2024-10-12T10:23:20.317+0800][info] GC(578) Archive regions: 2->2
[2024-10-12T10:23:20.317+0800][info] GC(578) Humongous regions: 3->3
[2024-10-12T10:23:20.317+0800][info] GC(578) Metaspace: 1686K(1856K)->1686K(1856K) NonClass: 1562K(1664K)->1562K(1664K) Class: 124K(192K)->124K(192K)
[2024-10-12T10:23:20.317+0800][info] GC(578) Pause Young (Normal) (G1 Evacuation Pause) 78M->78M(128M) 1.573ms
[2024-10-12T10:23:20.317+0800][info] GC(578) User=0.00s Sys=0.01s Real=0.00s
[2024-10-12T10:23:20.420+0800][info] GC(579) Pause Young (Normal) (G1 Evacuation Pause)
[2024-10-12T10:23:20.420+0800][info] GC(579) Using 3 workers of 48 for evacuation
[2024-10-12T10:23:20.421+0800][info] GC(579)   Pre Evacuate Collection Set: 0.1ms
[2024-10-12T10:23:20.421+0800][info] GC(579)   Merge Heap Roots: 0.0ms
[2024-10-12T10:23:20.421+0800][info] GC(579)   Evacuate Collection Set: 0.7ms
[2024-10-12T10:23:20.421+0800][info] GC(579)   Post Evacuate Collection Set: 0.2ms
[2024-10-12T10:23:20.421+0800][info] GC(579)   Other: 0.2ms
[2024-10-12T10:23:20.421+0800][info] GC(579) Eden regions: 2->0(2)
[2024-10-12T10:23:20.421+0800][info] GC(579) Survivor regions: 1->1(1)
[2024-10-12T10:23:20.421+0800][info] GC(579) Old regions: 42->43
[2024-10-12T10:23:20.421+0800][info] GC(579) Archive regions: 2->2
[2024-10-12T10:23:20.421+0800][info] GC(579) Humongous regions: 4->4
[2024-10-12T10:23:20.421+0800][info] GC(579) Metaspace: 1686K(1856K)->1686K(1856K) NonClass: 1562K(1664K)->1562K(1664K) Class: 124K(192K)->124K(192K)
[2024-10-12T10:23:20.421+0800][info] GC(579) Pause Young (Normal) (G1 Evacuation Pause) 84M->84M(128M) 1.366ms
[2024-10-12T10:23:20.421+0800][info] GC(579) User=0.00s Sys=0.00s Real=0.00s
[2024-10-12T10:23:20.523+0800][info] GC(580) Pause Young (Normal) (G1 Evacuation Pause)
[2024-10-12T10:23:20.523+0800][info] GC(580) Using 3 workers of 48 for evacuation
[2024-10-12T10:23:20.524+0800][info] GC(580)   Pre Evacuate Collection Set: 0.1ms
[2024-10-12T10:23:20.524+0800][info] GC(580)   Merge Heap Roots: 0.0ms
[2024-10-12T10:23:20.524+0800][info] GC(580)   Evacuate Collection Set: 0.6ms
[2024-10-12T10:23:20.524+0800][info] GC(580)   Post Evacuate Collection Set: 0.2ms
[2024-10-12T10:23:20.524+0800][info] GC(580)   Other: 0.2ms
[2024-10-12T10:23:20.524+0800][info] GC(580) Eden regions: 2->0(2)
[2024-10-12T10:23:20.524+0800][info] GC(580) Survivor regions: 1->1(1)
[2024-10-12T10:23:20.524+0800][info] GC(580) Old regions: 43->45
[2024-10-12T10:23:20.524+0800][info] GC(580) Archive regions: 2->2
[2024-10-12T10:23:20.524+0800][info] GC(580) Humongous regions: 4->4
[2024-10-12T10:23:20.524+0800][info] GC(580) Metaspace: 1686K(1856K)->1686K(1856K) NonClass: 1562K(1664K)->1562K(1664K) Class: 124K(192K)->124K(192K)
[2024-10-12T10:23:20.524+0800][info] GC(580) Pause Young (Normal) (G1 Evacuation Pause) 87M->87M(128M) 1.251ms
[2024-10-12T10:23:20.524+0800][info] GC(580) User=0.00s Sys=0.00s Real=0.00s
[2024-10-12T10:23:20.627+0800][info] GC(581) Pause Young (Concurrent Start) (G1 Evacuation Pause)
[2024-10-12T10:23:20.627+0800][info] GC(581) Using 3 workers of 48 for evacuation
[2024-10-12T10:23:20.628+0800][info] GC(581)   Pre Evacuate Collection Set: 0.1ms
[2024-10-12T10:23:20.628+0800][info] GC(581)   Merge Heap Roots: 0.1ms
[2024-10-12T10:23:20.628+0800][info] GC(581)   Evacuate Collection Set: 0.7ms
[2024-10-12T10:23:20.628+0800][info] GC(581)   Post Evacuate Collection Set: 0.2ms
[2024-10-12T10:23:20.628+0800][info] GC(581)   Other: 0.3ms
[2024-10-12T10:23:20.628+0800][info] GC(581) Eden regions: 2->0(2)
[2024-10-12T10:23:20.628+0800][info] GC(581) Survivor regions: 1->1(1)
[2024-10-12T10:23:20.628+0800][info] GC(581) Old regions: 45->47
[2024-10-12T10:23:20.628+0800][info] GC(581) Archive regions: 2->2
[2024-10-12T10:23:20.628+0800][info] GC(581) Humongous regions: 4->4
[2024-10-12T10:23:20.628+0800][info] GC(581) Metaspace: 1686K(1856K)->1686K(1856K) NonClass: 1562K(1664K)->1562K(1664K) Class: 124K(192K)->124K(192K)
[2024-10-12T10:23:20.628+0800][info] GC(581) Pause Young (Concurrent Start) (G1 Evacuation Pause) 91M->91M(128M) 1.526ms
[2024-10-12T10:23:20.628+0800][info] GC(581) User=0.01s Sys=0.00s Real=0.00s
[2024-10-12T10:23:20.628+0800][info] GC(582) Concurrent Mark Cycle
[2024-10-12T10:23:20.628+0800][info] GC(582) Concurrent Clear Claimed Marks
[2024-10-12T10:23:20.628+0800][info] GC(582) Concurrent Clear Claimed Marks 0.017ms
[2024-10-12T10:23:20.628+0800][info] GC(582) Concurrent Scan Root Regions
[2024-10-12T10:23:20.629+0800][info] GC(582) Concurrent Scan Root Regions 0.099ms
[2024-10-12T10:23:20.629+0800][info] GC(582) Concurrent Mark
[2024-10-12T10:23:20.629+0800][info] GC(582) Concurrent Mark From Roots
[2024-10-12T10:23:20.629+0800][info] GC(582) Using 12 workers of 12 for marking
[2024-10-12T10:23:20.632+0800][info] GC(582) Concurrent Mark From Roots 3.533ms
[2024-10-12T10:23:20.632+0800][info] GC(582) Concurrent Preclean
[2024-10-12T10:23:20.634+0800][info] GC(582) Concurrent Preclean 1.718ms
[2024-10-12T10:23:20.634+0800][info] GC(582) Pause Remark
[2024-10-12T10:23:20.636+0800][info] GC(582) Pause Remark 92M->90M(128M) 1.723ms
[2024-10-12T10:23:20.636+0800][info] GC(582) User=0.01s Sys=0.00s Real=0.00s
[2024-10-12T10:23:20.636+0800][info] GC(582) Concurrent Mark 7.319ms
[2024-10-12T10:23:20.636+0800][info] GC(582) Concurrent Rebuild Remembered Sets
[2024-10-12T10:23:20.638+0800][info] GC(582) Concurrent Rebuild Remembered Sets 1.778ms
[2024-10-12T10:23:20.638+0800][info] GC(582) Pause Cleanup
[2024-10-12T10:23:20.638+0800][info] GC(582) Pause Cleanup 90M->90M(128M) 0.254ms
[2024-10-12T10:23:20.638+0800][info] GC(582) User=0.00s Sys=0.00s Real=0.00s
[2024-10-12T10:23:20.638+0800][info] GC(582) Concurrent Cleanup for Next Mark
[2024-10-12T10:23:20.638+0800][info] GC(582) Concurrent Cleanup for Next Mark 0.356ms
[2024-10-12T10:23:20.639+0800][info] GC(582) Concurrent Mark Cycle 10.177ms
[2024-10-12T10:23:20.781+0800][info] GC(583) Pause Young (Prepare Mixed) (G1 Evacuation Pause)
[2024-10-12T10:23:20.781+0800][info] GC(583) Using 3 workers of 48 for evacuation
[2024-10-12T10:23:20.783+0800][info] GC(583)   Pre Evacuate Collection Set: 0.1ms
[2024-10-12T10:23:20.783+0800][info] GC(583)   Merge Heap Roots: 0.1ms
[2024-10-12T10:23:20.783+0800][info] GC(583)   Evacuate Collection Set: 1.4ms
[2024-10-12T10:23:20.783+0800][info] GC(583)   Post Evacuate Collection Set: 0.2ms
[2024-10-12T10:23:20.783+0800][info] GC(583)   Other: 0.3ms
[2024-10-12T10:23:20.783+0800][info] GC(583) Eden regions: 2->0(2)
[2024-10-12T10:23:20.783+0800][info] GC(583) Survivor regions: 1->1(1)
[2024-10-12T10:23:20.783+0800][info] GC(583) Old regions: 47->49
[2024-10-12T10:23:20.783+0800][info] GC(583) Archive regions: 2->2
[2024-10-12T10:23:20.783+0800][info] GC(583) Humongous regions: 3->3
[2024-10-12T10:23:20.783+0800][info] GC(583) Metaspace: 1686K(1856K)->1686K(1856K) NonClass: 1562K(1664K)->1562K(1664K) Class: 124K(192K)->124K(192K)
[2024-10-12T10:23:20.784+0800][info] GC(583) Pause Young (Prepare Mixed) (G1 Evacuation Pause) 93M->93M(128M) 2.160ms
[2024-10-12T10:23:20.784+0800][info] GC(583) User=0.00s Sys=0.00s Real=0.00s
[2024-10-12T10:23:20.886+0800][info] GC(584) Pause Young (Mixed) (G1 Evacuation Pause)
[2024-10-12T10:23:20.886+0800][info] GC(584) Using 3 workers of 48 for evacuation
[2024-10-12T10:23:20.888+0800][info] GC(584)   Pre Evacuate Collection Set: 0.2ms
[2024-10-12T10:23:20.888+0800][info] GC(584)   Merge Heap Roots: 0.1ms
[2024-10-12T10:23:20.888+0800][info] GC(584)   Evacuate Collection Set: 1.3ms
[2024-10-12T10:23:20.888+0800][info] GC(584)   Post Evacuate Collection Set: 0.2ms
[2024-10-12T10:23:20.888+0800][info] GC(584)   Other: 0.2ms
[2024-10-12T10:23:20.888+0800][info] GC(584) Eden regions: 2->0(2)
[2024-10-12T10:23:20.888+0800][info] GC(584) Survivor regions: 1->1(1)
[2024-10-12T10:23:20.888+0800][info] GC(584) Old regions: 49->47
[2024-10-12T10:23:20.888+0800][info] GC(584) Archive regions: 2->2
[2024-10-12T10:23:20.888+0800][info] GC(584) Humongous regions: 3->3
[2024-10-12T10:23:20.888+0800][info] GC(584) Metaspace: 1686K(1856K)->1686K(1856K) NonClass: 1562K(1664K)->1562K(1664K) Class: 124K(192K)->124K(192K)
[2024-10-12T10:23:20.888+0800][info] GC(584) Pause Young (Mixed) (G1 Evacuation Pause) 97M->92M(128M) 2.039ms
[2024-10-12T10:23:20.888+0800][info] GC(584) User=0.01s Sys=0.01s Real=0.00s
[2024-10-12T10:23:20.990+0800][info] GC(585) Pause Young (Mixed) (G1 Evacuation Pause)
[2024-10-12T10:23:20.990+0800][info] GC(585) Using 3 workers of 48 for evacuation
[2024-10-12T10:23:20.992+0800][info] GC(585)   Pre Evacuate Collection Set: 0.2ms
[2024-10-12T10:23:20.992+0800][info] GC(585)   Merge Heap Roots: 0.1ms
[2024-10-12T10:23:20.992+0800][info] GC(585)   Evacuate Collection Set: 1.7ms
[2024-10-12T10:23:20.992+0800][info] GC(585)   Post Evacuate Collection Set: 0.2ms
[2024-10-12T10:23:20.992+0800][info] GC(585)   Other: 0.1ms
[2024-10-12T10:23:20.992+0800][info] GC(585) Eden regions: 2->0(2)
[2024-10-12T10:23:20.992+0800][info] GC(585) Survivor regions: 1->1(1)
[2024-10-12T10:23:20.992+0800][info] GC(585) Old regions: 47->45
[2024-10-12T10:23:20.992+0800][info] GC(585) Archive regions: 2->2
[2024-10-12T10:23:20.992+0800][info] GC(585) Humongous regions: 3->3
[2024-10-12T10:23:20.992+0800][info] GC(585) Metaspace: 1686K(1856K)->1686K(1856K) NonClass: 1562K(1664K)->1562K(1664K) Class: 124K(192K)->124K(192K)
[2024-10-12T10:23:20.993+0800][info] GC(585) Pause Young (Mixed) (G1 Evacuation Pause) 96M->92M(128M) 2.321ms
[2024-10-12T10:23:20.993+0800][info] GC(585) User=0.00s Sys=0.00s Real=0.00s
[2024-10-12T10:23:21.095+0800][info] GC(586) Pause Young (Mixed) (G1 Evacuation Pause)
[2024-10-12T10:23:21.095+0800][info] GC(586) Using 3 workers of 48 for evacuation
[2024-10-12T10:23:21.097+0800][info] GC(586)   Pre Evacuate Collection Set: 0.2ms
[2024-10-12T10:23:21.097+0800][info] GC(586)   Merge Heap Roots: 0.1ms
[2024-10-12T10:23:21.097+0800][info] GC(586)   Evacuate Collection Set: 1.9ms
[2024-10-12T10:23:21.097+0800][info] GC(586)   Post Evacuate Collection Set: 0.2ms
[2024-10-12T10:23:21.097+0800][info] GC(586)   Other: 0.1ms
[2024-10-12T10:23:21.097+0800][info] GC(586) Eden regions: 2->0(2)
[2024-10-12T10:23:21.097+0800][info] GC(586) Survivor regions: 1->1(1)
[2024-10-12T10:23:21.097+0800][info] GC(586) Old regions: 45->45
[2024-10-12T10:23:21.097+0800][info] GC(586) Archive regions: 2->2
[2024-10-12T10:23:21.097+0800][info] GC(586) Humongous regions: 3->3
[2024-10-12T10:23:21.097+0800][info] GC(586) Metaspace: 1686K(1856K)->1686K(1856K) NonClass: 1562K(1664K)->1562K(1664K) Class: 124K(192K)->124K(192K)
[2024-10-12T10:23:21.097+0800][info] GC(586) Pause Young (Mixed) (G1 Evacuation Pause) 96M->93M(128M) 2.614ms
[2024-10-12T10:23:21.097+0800][info] GC(586) User=0.01s Sys=0.00s Real=0.00s
[2024-10-12T10:23:21.199+0800][info] GC(587) Pause Young (Normal) (G1 Evacuation Pause)
[2024-10-12T10:23:21.199+0800][info] GC(587) Using 3 workers of 48 for evacuation
[2024-10-12T10:23:21.201+0800][info] GC(587)   Pre Evacuate Collection Set: 0.1ms
[2024-10-12T10:23:21.201+0800][info] GC(587)   Merge Heap Roots: 0.0ms
[2024-10-12T10:23:21.201+0800][info] GC(587)   Evacuate Collection Set: 0.7ms
[2024-10-12T10:23:21.201+0800][info] GC(587)   Post Evacuate Collection Set: 0.2ms
[2024-10-12T10:23:21.201+0800][info] GC(587)   Other: 0.2ms
[2024-10-12T10:23:21.201+0800][info] GC(587) Eden regions: 2->0(2)
[2024-10-12T10:23:21.201+0800][info] GC(587) Survivor regions: 1->1(1)
[2024-10-12T10:23:21.201+0800][info] GC(587) Old regions: 45->47
[2024-10-12T10:23:21.201+0800][info] GC(587) Archive regions: 2->2
[2024-10-12T10:23:21.201+0800][info] GC(587) Humongous regions: 3->3
[2024-10-12T10:23:21.201+0800][info] GC(587) Metaspace: 1686K(1856K)->1686K(1856K) NonClass: 1562K(1664K)->1562K(1664K) Class: 124K(192K)->124K(192K)
[2024-10-12T10:23:21.201+0800][info] GC(587) Pause Young (Normal) (G1 Evacuation Pause) 96M->97M(128M) 1.353ms
[2024-10-12T10:23:21.201+0800][info] GC(587) User=0.00s Sys=0.00s Real=0.00s
[2024-10-12T10:23:21.303+0800][info] GC(588) Pause Young (Normal) (G1 Evacuation Pause)
[2024-10-12T10:23:21.303+0800][info] GC(588) Using 3 workers of 48 for evacuation
[2024-10-12T10:23:21.305+0800][info] GC(588)   Pre Evacuate Collection Set: 0.1ms
[2024-10-12T10:23:21.305+0800][info] GC(588)   Merge Heap Roots: 0.0ms
[2024-10-12T10:23:21.305+0800][info] GC(588)   Evacuate Collection Set: 0.7ms
[2024-10-12T10:23:21.305+0800][info] GC(588)   Post Evacuate Collection Set: 0.2ms
[2024-10-12T10:23:21.305+0800][info] GC(588)   Other: 0.2ms
[2024-10-12T10:23:21.305+0800][info] GC(588) Eden regions: 2->0(2)
[2024-10-12T10:23:21.305+0800][info] GC(588) Survivor regions: 1->1(1)
[2024-10-12T10:23:21.305+0800][info] GC(588) Old regions: 47->49
[2024-10-12T10:23:21.305+0800][info] GC(588) Archive regions: 2->2
[2024-10-12T10:23:21.305+0800][info] GC(588) Humongous regions: 3->3
[2024-10-12T10:23:21.305+0800][info] GC(588) Metaspace: 1686K(1856K)->1686K(1856K) NonClass: 1562K(1664K)->1562K(1664K) Class: 124K(192K)->124K(192K)
[2024-10-12T10:23:21.305+0800][info] GC(588) Pause Young (Normal) (G1 Evacuation Pause) 100M->101M(128M) 1.291ms
[2024-10-12T10:23:21.305+0800][info] GC(588) User=0.00s Sys=0.00s Real=0.00s
[2024-10-12T10:23:21.407+0800][info] GC(589) Pause Young (Concurrent Start) (G1 Evacuation Pause)
[2024-10-12T10:23:21.407+0800][info] GC(589) Using 3 workers of 48 for evacuation
[2024-10-12T10:23:21.408+0800][info] GC(589)   Pre Evacuate Collection Set: 0.1ms
[2024-10-12T10:23:21.408+0800][info] GC(589)   Merge Heap Roots: 0.0ms
[2024-10-12T10:23:21.408+0800][info] GC(589)   Evacuate Collection Set: 0.8ms
[2024-10-12T10:23:21.408+0800][info] GC(589)   Post Evacuate Collection Set: 0.2ms
[2024-10-12T10:23:21.408+0800][info] GC(589)   Other: 0.3ms
[2024-10-12T10:23:21.408+0800][info] GC(589) Eden regions: 2->0(2)
[2024-10-12T10:23:21.408+0800][info] GC(589) Survivor regions: 1->1(1)
[2024-10-12T10:23:21.408+0800][info] GC(589) Old regions: 49->51
[2024-10-12T10:23:21.408+0800][info] GC(589) Archive regions: 2->2
[2024-10-12T10:23:21.408+0800][info] GC(589) Humongous regions: 3->3
[2024-10-12T10:23:21.408+0800][info] GC(589) Metaspace: 1686K(1856K)->1686K(1856K) NonClass: 1562K(1664K)->1562K(1664K) Class: 124K(192K)->124K(192K)
[2024-10-12T10:23:21.408+0800][info] GC(589) Pause Young (Concurrent Start) (G1 Evacuation Pause) 104M->105M(128M) 1.555ms
[2024-10-12T10:23:21.408+0800][info] GC(589) User=0.00s Sys=0.00s Real=0.00s
[2024-10-12T10:23:21.408+0800][info] GC(590) Concurrent Mark Cycle
[2024-10-12T10:23:21.408+0800][info] GC(590) Concurrent Clear Claimed Marks
[2024-10-12T10:23:21.409+0800][info] GC(590) Concurrent Clear Claimed Marks 0.017ms
[2024-10-12T10:23:21.409+0800][info] GC(590) Concurrent Scan Root Regions
[2024-10-12T10:23:21.409+0800][info] GC(590) Concurrent Scan Root Regions 0.157ms
[2024-10-12T10:23:21.409+0800][info] GC(590) Concurrent Mark
[2024-10-12T10:23:21.409+0800][info] GC(590) Concurrent Mark From Roots
[2024-10-12T10:23:21.409+0800][info] GC(590) Using 12 workers of 12 for marking
[2024-10-12T10:23:21.412+0800][info] GC(590) Concurrent Mark From Roots 3.395ms
[2024-10-12T10:23:21.412+0800][info] GC(590) Concurrent Preclean
[2024-10-12T10:23:21.414+0800][info] GC(590) Concurrent Preclean 1.707ms
[2024-10-12T10:23:21.414+0800][info] GC(590) Pause Remark
[2024-10-12T10:23:21.416+0800][info] GC(590) Pause Remark 105M->104M(128M) 1.590ms
[2024-10-12T10:23:21.416+0800][info] GC(590) User=0.00s Sys=0.00s Real=0.00s
[2024-10-12T10:23:21.416+0800][info] GC(590) Concurrent Mark 7.012ms
[2024-10-12T10:23:21.416+0800][info] GC(590) Concurrent Rebuild Remembered Sets
[2024-10-12T10:23:21.418+0800][info] GC(590) Concurrent Rebuild Remembered Sets 1.753ms
[2024-10-12T10:23:21.418+0800][info] GC(590) Pause Cleanup
[2024-10-12T10:23:21.418+0800][info] GC(590) Pause Cleanup 104M->104M(128M) 0.249ms
[2024-10-12T10:23:21.418+0800][info] GC(590) User=0.00s Sys=0.00s Real=0.00s
[2024-10-12T10:23:21.418+0800][info] GC(590) Concurrent Cleanup for Next Mark
[2024-10-12T10:23:21.418+0800][info] GC(590) Concurrent Cleanup for Next Mark 0.364ms
[2024-10-12T10:23:21.418+0800][info] GC(590) Concurrent Mark Cycle 9.898ms
[2024-10-12T10:23:21.562+0800][info] GC(591) Pause Young (Prepare Mixed) (G1 Evacuation Pause)
[2024-10-12T10:23:21.562+0800][info] GC(591) Using 3 workers of 48 for evacuation
[2024-10-12T10:23:21.563+0800][info] GC(591)   Pre Evacuate Collection Set: 0.1ms
[2024-10-12T10:23:21.563+0800][info] GC(591)   Merge Heap Roots: 0.1ms
[2024-10-12T10:23:21.563+0800][info] GC(591)   Evacuate Collection Set: 0.8ms
[2024-10-12T10:23:21.563+0800][info] GC(591)   Post Evacuate Collection Set: 0.2ms
[2024-10-12T10:23:21.563+0800][info] GC(591)   Other: 0.2ms
[2024-10-12T10:23:21.563+0800][info] GC(591) Eden regions: 2->0(2)
[2024-10-12T10:23:21.563+0800][info] GC(591) Survivor regions: 1->1(1)
[2024-10-12T10:23:21.563+0800][info] GC(591) Old regions: 50->52
[2024-10-12T10:23:21.563+0800][info] GC(591) Archive regions: 2->2
[2024-10-12T10:23:21.563+0800][info] GC(591) Humongous regions: 3->3
[2024-10-12T10:23:21.563+0800][info] GC(591) Metaspace: 1686K(1856K)->1686K(1856K) NonClass: 1562K(1664K)->1562K(1664K) Class: 124K(192K)->124K(192K)
[2024-10-12T10:23:21.563+0800][info] GC(591) Pause Young (Prepare Mixed) (G1 Evacuation Pause) 107M->107M(128M) 1.521ms
[2024-10-12T10:23:21.563+0800][info] GC(591) User=0.00s Sys=0.00s Real=0.00s
[2024-10-12T10:23:21.625+0800][info] GC(592) Pause Young (Mixed) (G1 Preventive Collection)
[2024-10-12T10:23:21.625+0800][info] GC(592) Using 3 workers of 48 for evacuation
[2024-10-12T10:23:21.626+0800][info] GC(592)   Pre Evacuate Collection Set: 0.2ms
[2024-10-12T10:23:21.626+0800][info] GC(592)   Merge Heap Roots: 0.1ms
[2024-10-12T10:23:21.626+0800][info] GC(592)   Evacuate Collection Set: 1.3ms
[2024-10-12T10:23:21.626+0800][info] GC(592)   Post Evacuate Collection Set: 0.2ms
[2024-10-12T10:23:21.626+0800][info] GC(592)   Other: 0.2ms
[2024-10-12T10:23:21.626+0800][info] GC(592) Eden regions: 1->0(2)
[2024-10-12T10:23:21.627+0800][info] GC(592) Survivor regions: 1->1(1)
[2024-10-12T10:23:21.627+0800][info] GC(592) Old regions: 52->48
[2024-10-12T10:23:21.627+0800][info] GC(592) Archive regions: 2->2
[2024-10-12T10:23:21.627+0800][info] GC(592) Humongous regions: 3->3
[2024-10-12T10:23:21.627+0800][info] GC(592) Metaspace: 1686K(1856K)->1686K(1856K) NonClass: 1562K(1664K)->1562K(1664K) Class: 124K(192K)->124K(192K)
[2024-10-12T10:23:21.627+0800][info] GC(592) Pause Young (Mixed) (G1 Preventive Collection) 109M->100M(128M) 2.015ms
[2024-10-12T10:23:21.627+0800][info] GC(592) User=0.01s Sys=0.00s Real=0.01s
[2024-10-12T10:23:21.729+0800][info] GC(593) Pause Young (Mixed) (G1 Evacuation Pause)
[2024-10-12T10:23:21.729+0800][info] GC(593) Using 3 workers of 48 for evacuation
[2024-10-12T10:23:21.731+0800][info] GC(593)   Pre Evacuate Collection Set: 0.2ms
[2024-10-12T10:23:21.731+0800][info] GC(593)   Merge Heap Roots: 0.1ms
[2024-10-12T10:23:21.731+0800][info] GC(593)   Evacuate Collection Set: 1.9ms
[2024-10-12T10:23:21.731+0800][info] GC(593)   Post Evacuate Collection Set: 0.2ms
[2024-10-12T10:23:21.731+0800][info] GC(593)   Other: 0.1ms
[2024-10-12T10:23:21.731+0800][info] GC(593) Eden regions: 2->0(2)
[2024-10-12T10:23:21.731+0800][info] GC(593) Survivor regions: 1->1(1)
[2024-10-12T10:23:21.731+0800][info] GC(593) Old regions: 48->48
[2024-10-12T10:23:21.731+0800][info] GC(593) Archive regions: 2->2
[2024-10-12T10:23:21.731+0800][info] GC(593) Humongous regions: 3->3
[2024-10-12T10:23:21.731+0800][info] GC(593) Metaspace: 1686K(1856K)->1686K(1856K) NonClass: 1562K(1664K)->1562K(1664K) Class: 124K(192K)->124K(192K)
[2024-10-12T10:23:21.731+0800][info] GC(593) Pause Young (Mixed) (G1 Evacuation Pause) 104M->101M(128M) 2.531ms
[2024-10-12T10:23:21.731+0800][info] GC(593) User=0.01s Sys=0.00s Real=0.00s
[2024-10-12T10:23:21.834+0800][info] GC(594) Pause Young (Mixed) (G1 Evacuation Pause)
[2024-10-12T10:23:21.834+0800][info] GC(594) Using 3 workers of 48 for evacuation
[2024-10-12T10:23:21.836+0800][info] GC(594)   Pre Evacuate Collection Set: 0.2ms
[2024-10-12T10:23:21.836+0800][info] GC(594)   Merge Heap Roots: 0.1ms
[2024-10-12T10:23:21.836+0800][info] GC(594)   Evacuate Collection Set: 1.8ms
[2024-10-12T10:23:21.836+0800][info] GC(594)   Post Evacuate Collection Set: 0.2ms
[2024-10-12T10:23:21.836+0800][info] GC(594)   Other: 0.1ms
[2024-10-12T10:23:21.836+0800][info] GC(594) Eden regions: 2->0(2)
[2024-10-12T10:23:21.836+0800][info] GC(594) Survivor regions: 1->1(1)
[2024-10-12T10:23:21.836+0800][info] GC(594) Old regions: 48->46
[2024-10-12T10:23:21.836+0800][info] GC(594) Archive regions: 2->2
[2024-10-12T10:23:21.836+0800][info] GC(594) Humongous regions: 3->3
[2024-10-12T10:23:21.836+0800][info] GC(594) Metaspace: 1697K(1856K)->1697K(1856K) NonClass: 1572K(1664K)->1572K(1664K) Class: 124K(192K)->124K(192K)
[2024-10-12T10:23:21.836+0800][info] GC(594) Pause Young (Mixed) (G1 Evacuation Pause) 104M->98M(128M) 2.470ms
[2024-10-12T10:23:21.836+0800][info] GC(594) User=0.00s Sys=0.00s Real=0.00s
[2024-10-12T10:23:21.938+0800][info] GC(595) Pause Young (Mixed) (G1 Evacuation Pause)
[2024-10-12T10:23:21.938+0800][info] GC(595) Using 3 workers of 48 for evacuation
[2024-10-12T10:23:21.940+0800][info] GC(595)   Pre Evacuate Collection Set: 0.2ms
[2024-10-12T10:23:21.940+0800][info] GC(595)   Merge Heap Roots: 0.1ms
[2024-10-12T10:23:21.940+0800][info] GC(595)   Evacuate Collection Set: 1.4ms
[2024-10-12T10:23:21.940+0800][info] GC(595)   Post Evacuate Collection Set: 0.2ms
[2024-10-12T10:23:21.940+0800][info] GC(595)   Other: 0.1ms
[2024-10-12T10:23:21.940+0800][info] GC(595) Eden regions: 2->0(2)
[2024-10-12T10:23:21.940+0800][info] GC(595) Survivor regions: 1->1(1)
[2024-10-12T10:23:21.940+0800][info] GC(595) Old regions: 46->47
[2024-10-12T10:23:21.940+0800][info] GC(595) Archive regions: 2->2
[2024-10-12T10:23:21.940+0800][info] GC(595) Humongous regions: 3->3
[2024-10-12T10:23:21.940+0800][info] GC(595) Metaspace: 1697K(1856K)->1697K(1856K) NonClass: 1572K(1664K)->1572K(1664K) Class: 124K(192K)->124K(192K)
[2024-10-12T10:23:21.940+0800][info] GC(595) Pause Young (Mixed) (G1 Evacuation Pause) 101M->99M(128M) 2.136ms
[2024-10-12T10:23:21.941+0800][info] GC(595) User=0.00s Sys=0.00s Real=0.00s
[2024-10-12T10:23:22.043+0800][info] GC(596) Pause Young (Normal) (G1 Evacuation Pause)
[2024-10-12T10:23:22.043+0800][info] GC(596) Using 3 workers of 48 for evacuation
[2024-10-12T10:23:22.044+0800][info] GC(596)   Pre Evacuate Collection Set: 0.1ms
[2024-10-12T10:23:22.044+0800][info] GC(596)   Merge Heap Roots: 0.0ms
[2024-10-12T10:23:22.044+0800][info] GC(596)   Evacuate Collection Set: 0.8ms
[2024-10-12T10:23:22.045+0800][info] GC(596)   Post Evacuate Collection Set: 0.2ms
[2024-10-12T10:23:22.045+0800][info] GC(596)   Other: 0.2ms
[2024-10-12T10:23:22.045+0800][info] GC(596) Eden regions: 2->0(2)
[2024-10-12T10:23:22.045+0800][info] GC(596) Survivor regions: 1->1(1)
[2024-10-12T10:23:22.045+0800][info] GC(596) Old regions: 47->48
[2024-10-12T10:23:22.045+0800][info] GC(596) Archive regions: 2->2
[2024-10-12T10:23:22.045+0800][info] GC(596) Humongous regions: 3->3
[2024-10-12T10:23:22.045+0800][info] GC(596) Metaspace: 1697K(1856K)->1697K(1856K) NonClass: 1572K(1664K)->1572K(1664K) Class: 124K(192K)->124K(192K)
[2024-10-12T10:23:22.045+0800][info] GC(596) Pause Young (Normal) (G1 Evacuation Pause) 103M->103M(128M) 1.436ms
[2024-10-12T10:23:22.045+0800][info] GC(596) User=0.01s Sys=0.00s Real=0.00s
[2024-10-12T10:23:22.147+0800][info] GC(597) Pause Young (Normal) (G1 Evacuation Pause)
[2024-10-12T10:23:22.147+0800][info] GC(597) Using 3 workers of 48 for evacuation
[2024-10-12T10:23:22.148+0800][info] GC(597)   Pre Evacuate Collection Set: 0.1ms
[2024-10-12T10:23:22.148+0800][info] GC(597)   Merge Heap Roots: 0.0ms
[2024-10-12T10:23:22.148+0800][info] GC(597)   Evacuate Collection Set: 0.8ms
[2024-10-12T10:23:22.148+0800][info] GC(597)   Post Evacuate Collection Set: 0.2ms
[2024-10-12T10:23:22.148+0800][info] GC(597)   Other: 0.2ms
[2024-10-12T10:23:22.148+0800][info] GC(597) Eden regions: 2->0(2)
[2024-10-12T10:23:22.148+0800][info] GC(597) Survivor regions: 1->1(1)
[2024-10-12T10:23:22.148+0800][info] GC(597) Old regions: 48->50
[2024-10-12T10:23:22.148+0800][info] GC(597) Archive regions: 2->2
[2024-10-12T10:23:22.148+0800][info] GC(597) Humongous regions: 3->3
[2024-10-12T10:23:22.148+0800][info] GC(597) Metaspace: 1697K(1856K)->1697K(1856K) NonClass: 1572K(1664K)->1572K(1664K) Class: 124K(192K)->124K(192K)
[2024-10-12T10:23:22.148+0800][info] GC(597) Pause Young (Normal) (G1 Evacuation Pause) 106M->107M(128M) 1.394ms
[2024-10-12T10:23:22.148+0800][info] GC(597) User=0.00s Sys=0.00s Real=0.00s
[2024-10-12T10:23:22.251+0800][info] GC(598) Pause Young (Concurrent Start) (G1 Evacuation Pause)
[2024-10-12T10:23:22.251+0800][info] GC(598) Using 3 workers of 48 for evacuation
[2024-10-12T10:23:22.252+0800][info] GC(598)   Pre Evacuate Collection Set: 0.1ms
[2024-10-12T10:23:22.252+0800][info] GC(598)   Merge Heap Roots: 0.0ms
[2024-10-12T10:23:22.252+0800][info] GC(598)   Evacuate Collection Set: 0.8ms
[2024-10-12T10:23:22.252+0800][info] GC(598)   Post Evacuate Collection Set: 0.2ms
[2024-10-12T10:23:22.252+0800][info] GC(598)   Other: 0.3ms
[2024-10-12T10:23:22.252+0800][info] GC(598) Eden regions: 2->0(2)
[2024-10-12T10:23:22.252+0800][info] GC(598) Survivor regions: 1->1(1)
[2024-10-12T10:23:22.252+0800][info] GC(598) Old regions: 50->52
[2024-10-12T10:23:22.252+0800][info] GC(598) Archive regions: 2->2
[2024-10-12T10:23:22.252+0800][info] GC(598) Humongous regions: 3->3
[2024-10-12T10:23:22.252+0800][info] GC(598) Metaspace: 1697K(1856K)->1697K(1856K) NonClass: 1572K(1664K)->1572K(1664K) Class: 124K(192K)->124K(192K)
[2024-10-12T10:23:22.252+0800][info] GC(598) Pause Young (Concurrent Start) (G1 Evacuation Pause) 110M->111M(128M) 1.576ms
[2024-10-12T10:23:22.252+0800][info] GC(598) User=0.00s Sys=0.00s Real=0.00s
[2024-10-12T10:23:22.252+0800][info] GC(599) Concurrent Mark Cycle
[2024-10-12T10:23:22.252+0800][info] GC(599) Concurrent Clear Claimed Marks
[2024-10-12T10:23:22.252+0800][info] GC(599) Concurrent Clear Claimed Marks 0.017ms
[2024-10-12T10:23:22.252+0800][info] GC(599) Concurrent Scan Root Regions
[2024-10-12T10:23:22.253+0800][info] GC(599) Concurrent Scan Root Regions 0.148ms
[2024-10-12T10:23:22.253+0800][info] GC(599) Concurrent Mark
[2024-10-12T10:23:22.253+0800][info] GC(599) Concurrent Mark From Roots
[2024-10-12T10:23:22.253+0800][info] GC(599) Using 12 workers of 12 for marking
[2024-10-12T10:23:22.256+0800][info] GC(599) Concurrent Mark From Roots 3.400ms
[2024-10-12T10:23:22.256+0800][info] GC(599) Concurrent Preclean
[2024-10-12T10:23:22.258+0800][info] GC(599) Concurrent Preclean 1.693ms
[2024-10-12T10:23:22.258+0800][info] GC(599) Pause Remark
[2024-10-12T10:23:22.260+0800][info] GC(599) Pause Remark 111M->111M(128M) 1.751ms
[2024-10-12T10:23:22.260+0800][info] GC(599) User=0.00s Sys=0.00s Real=0.00s
[2024-10-12T10:23:22.260+0800][info] GC(599) Concurrent Mark 7.115ms
[2024-10-12T10:23:22.260+0800][info] GC(599) Concurrent Rebuild Remembered Sets
[2024-10-12T10:23:22.262+0800][info] GC(599) Concurrent Rebuild Remembered Sets 1.769ms
[2024-10-12T10:23:22.262+0800][info] GC(599) Pause Cleanup
[2024-10-12T10:23:22.262+0800][info] GC(599) Pause Cleanup 111M->111M(128M) 0.204ms
[2024-10-12T10:23:22.262+0800][info] GC(599) User=0.00s Sys=0.00s Real=0.00s
[2024-10-12T10:23:22.262+0800][info] GC(599) Concurrent Cleanup for Next Mark
[2024-10-12T10:23:22.262+0800][info] GC(599) Concurrent Cleanup for Next Mark 0.359ms
[2024-10-12T10:23:22.262+0800][info] GC(599) Concurrent Mark Cycle 9.961ms
[2024-10-12T10:23:22.405+0800][info] GC(600) Pause Young (Prepare Mixed) (G1 Preventive Collection)
[2024-10-12T10:23:22.405+0800][info] GC(600) Using 3 workers of 48 for evacuation
[2024-10-12T10:23:22.407+0800][info] GC(600)   Pre Evacuate Collection Set: 0.1ms
[2024-10-12T10:23:22.407+0800][info] GC(600)   Merge Heap Roots: 0.1ms
[2024-10-12T10:23:22.407+0800][info] GC(600)   Evacuate Collection Set: 0.8ms
[2024-10-12T10:23:22.407+0800][info] GC(600)   Post Evacuate Collection Set: 0.2ms
[2024-10-12T10:23:22.407+0800][info] GC(600)   Other: 0.2ms
[2024-10-12T10:23:22.407+0800][info] GC(600) Eden regions: 2->0(2)
[2024-10-12T10:23:22.407+0800][info] GC(600) Survivor regions: 1->1(1)
[2024-10-12T10:23:22.407+0800][info] GC(600) Old regions: 52->54
[2024-10-12T10:23:22.407+0800][info] GC(600) Archive regions: 2->2
[2024-10-12T10:23:22.407+0800][info] GC(600) Humongous regions: 3->3
[2024-10-12T10:23:22.407+0800][info] GC(600) Metaspace: 1697K(1856K)->1697K(1856K) NonClass: 1572K(1664K)->1572K(1664K) Class: 124K(192K)->124K(192K)
[2024-10-12T10:23:22.407+0800][info] GC(600) Pause Young (Prepare Mixed) (G1 Preventive Collection) 114M->114M(128M) 1.514ms
[2024-10-12T10:23:22.407+0800][info] GC(600) User=0.00s Sys=0.00s Real=0.00s
[2024-10-12T10:23:22.469+0800][info] GC(601) Pause Young (Mixed) (G1 Preventive Collection)
[2024-10-12T10:23:22.469+0800][info] GC(601) Using 3 workers of 48 for evacuation
[2024-10-12T10:23:22.470+0800][info] GC(601) To-space exhausted
[2024-10-12T10:23:22.470+0800][info] GC(601)   Pre Evacuate Collection Set: 0.2ms
[2024-10-12T10:23:22.470+0800][info] GC(601)   Merge Heap Roots: 0.0ms
[2024-10-12T10:23:22.470+0800][info] GC(601)   Evacuate Collection Set: 0.9ms
[2024-10-12T10:23:22.470+0800][info] GC(601)   Post Evacuate Collection Set: 0.2ms
[2024-10-12T10:23:22.470+0800][info] GC(601)   Other: 0.2ms
[2024-10-12T10:23:22.470+0800][info] GC(601) Eden regions: 1->0(2)
[2024-10-12T10:23:22.470+0800][info] GC(601) Survivor regions: 1->1(1)
[2024-10-12T10:23:22.470+0800][info] GC(601) Old regions: 54->53
[2024-10-12T10:23:22.470+0800][info] GC(601) Archive regions: 2->2
[2024-10-12T10:23:22.470+0800][info] GC(601) Humongous regions: 3->3
[2024-10-12T10:23:22.470+0800][info] GC(601) Metaspace: 1697K(1856K)->1697K(1856K) NonClass: 1572K(1664K)->1572K(1664K) Class: 124K(192K)->124K(192K)
[2024-10-12T10:23:22.470+0800][info] GC(601) Pause Young (Mixed) (G1 Preventive Collection) 116M->113M(128M) 1.635ms
[2024-10-12T10:23:22.470+0800][info] GC(601) User=0.00s Sys=0.00s Real=0.00s
[2024-10-12T10:23:22.511+0800][info] GC(602) Pause Young (Mixed) (G1 Preventive Collection)
[2024-10-12T10:23:22.511+0800][info] GC(602) Using 3 workers of 48 for evacuation
[2024-10-12T10:23:22.513+0800][info] GC(602) To-space exhausted
[2024-10-12T10:23:22.513+0800][info] GC(602)   Pre Evacuate Collection Set: 0.2ms
[2024-10-12T10:23:22.513+0800][info] GC(602)   Merge Heap Roots: 0.1ms
[2024-10-12T10:23:22.513+0800][info] GC(602)   Evacuate Collection Set: 1.1ms
[2024-10-12T10:23:22.513+0800][info] GC(602)   Post Evacuate Collection Set: 0.2ms
[2024-10-12T10:23:22.513+0800][info] GC(602)   Other: 0.1ms
[2024-10-12T10:23:22.513+0800][info] GC(602) Eden regions: 1->0(2)
[2024-10-12T10:23:22.513+0800][info] GC(602) Survivor regions: 1->1(1)
[2024-10-12T10:23:22.513+0800][info] GC(602) Old regions: 53->52
[2024-10-12T10:23:22.513+0800][info] GC(602) Archive regions: 2->2
[2024-10-12T10:23:22.513+0800][info] GC(602) Humongous regions: 3->3
[2024-10-12T10:23:22.513+0800][info] GC(602) Metaspace: 1697K(1856K)->1697K(1856K) NonClass: 1572K(1664K)->1572K(1664K) Class: 124K(192K)->124K(192K)
[2024-10-12T10:23:22.513+0800][info] GC(602) Pause Young (Mixed) (G1 Preventive Collection) 114M->111M(128M) 1.828ms
[2024-10-12T10:23:22.513+0800][info] GC(602) User=0.00s Sys=0.00s Real=0.01s
[2024-10-12T10:23:22.575+0800][info] GC(603) Pause Young (Mixed) (G1 Preventive Collection)
[2024-10-12T10:23:22.575+0800][info] GC(603) Using 3 workers of 48 for evacuation
[2024-10-12T10:23:22.577+0800][info] GC(603) To-space exhausted
[2024-10-12T10:23:22.577+0800][info] GC(603)   Pre Evacuate Collection Set: 0.2ms
[2024-10-12T10:23:22.577+0800][info] GC(603)   Merge Heap Roots: 0.1ms
[2024-10-12T10:23:22.577+0800][info] GC(603)   Evacuate Collection Set: 1.4ms
[2024-10-12T10:23:22.577+0800][info] GC(603)   Post Evacuate Collection Set: 0.2ms
[2024-10-12T10:23:22.577+0800][info] GC(603)   Other: 0.2ms
[2024-10-12T10:23:22.577+0800][info] GC(603) Eden regions: 1->0(2)
[2024-10-12T10:23:22.577+0800][info] GC(603) Survivor regions: 1->1(1)
[2024-10-12T10:23:22.577+0800][info] GC(603) Old regions: 52->51
[2024-10-12T10:23:22.577+0800][info] GC(603) Archive regions: 2->2
[2024-10-12T10:23:22.577+0800][info] GC(603) Humongous regions: 3->3
[2024-10-12T10:23:22.577+0800][info] GC(603) Metaspace: 1697K(1856K)->1697K(1856K) NonClass: 1572K(1664K)->1572K(1664K) Class: 124K(192K)->124K(192K)
[2024-10-12T10:23:22.577+0800][info] GC(603) Pause Young (Mixed) (G1 Preventive Collection) 113M->109M(128M) 2.158ms
[2024-10-12T10:23:22.577+0800][info] GC(603) User=0.00s Sys=0.00s Real=0.00s
[2024-10-12T10:23:22.618+0800][info] GC(604) Pause Young (Mixed) (G1 Preventive Collection)
[2024-10-12T10:23:22.618+0800][info] GC(604) Using 3 workers of 48 for evacuation
[2024-10-12T10:23:22.620+0800][info] GC(604) To-space exhausted
[2024-10-12T10:23:22.620+0800][info] GC(604)   Pre Evacuate Collection Set: 0.2ms
[2024-10-12T10:23:22.620+0800][info] GC(604)   Merge Heap Roots: 0.1ms
[2024-10-12T10:23:22.620+0800][info] GC(604)   Evacuate Collection Set: 1.4ms
[2024-10-12T10:23:22.620+0800][info] GC(604)   Post Evacuate Collection Set: 0.2ms
[2024-10-12T10:23:22.620+0800][info] GC(604)   Other: 0.1ms
[2024-10-12T10:23:22.620+0800][info] GC(604) Eden regions: 1->0(2)
[2024-10-12T10:23:22.620+0800][info] GC(604) Survivor regions: 1->1(1)
[2024-10-12T10:23:22.620+0800][info] GC(604) Old regions: 51->54
[2024-10-12T10:23:22.620+0800][info] GC(604) Archive regions: 2->2
[2024-10-12T10:23:22.620+0800][info] GC(604) Humongous regions: 3->3
[2024-10-12T10:23:22.620+0800][info] GC(604) Metaspace: 1697K(1856K)->1697K(1856K) NonClass: 1572K(1664K)->1572K(1664K) Class: 124K(192K)->124K(192K)
[2024-10-12T10:23:22.620+0800][info] GC(604) Pause Young (Mixed) (G1 Preventive Collection) 111M->115M(128M) 2.135ms
[2024-10-12T10:23:22.620+0800][info] GC(604) User=0.00s Sys=0.00s Real=0.00s
[2024-10-12T10:23:22.641+0800][info] GC(605) Pause Young (Mixed) (G1 Preventive Collection)
[2024-10-12T10:23:22.641+0800][info] GC(605) Using 3 workers of 48 for evacuation
[2024-10-12T10:23:22.642+0800][info] GC(605) To-space exhausted
[2024-10-12T10:23:22.642+0800][info] GC(605)   Pre Evacuate Collection Set: 0.2ms
[2024-10-12T10:23:22.642+0800][info] GC(605)   Merge Heap Roots: 0.1ms
[2024-10-12T10:23:22.642+0800][info] GC(605)   Evacuate Collection Set: 0.9ms
[2024-10-12T10:23:22.642+0800][info] GC(605)   Post Evacuate Collection Set: 0.2ms
[2024-10-12T10:23:22.642+0800][info] GC(605)   Other: 0.2ms
[2024-10-12T10:23:22.642+0800][info] GC(605) Eden regions: 1->0(2)
[2024-10-12T10:23:22.642+0800][info] GC(605) Survivor regions: 1->1(1)
[2024-10-12T10:23:22.642+0800][info] GC(605) Old regions: 54->56
[2024-10-12T10:23:22.642+0800][info] GC(605) Archive regions: 2->2
[2024-10-12T10:23:22.642+0800][info] GC(605) Humongous regions: 3->3
[2024-10-12T10:23:22.642+0800][info] GC(605) Metaspace: 1697K(1856K)->1697K(1856K) NonClass: 1572K(1664K)->1572K(1664K) Class: 124K(192K)->124K(192K)
[2024-10-12T10:23:22.642+0800][info] GC(605) Pause Young (Mixed) (G1 Preventive Collection) 116M->118M(128M) 1.650ms
[2024-10-12T10:23:22.642+0800][info] GC(605) User=0.00s Sys=0.00s Real=0.00s
[2024-10-12T10:23:22.643+0800][info] GC(606) Pause Young (Concurrent Start) (G1 Preventive Collection)
[2024-10-12T10:23:22.643+0800][info] GC(606) Using 3 workers of 48 for evacuation
[2024-10-12T10:23:22.644+0800][info] GC(606)   Pre Evacuate Collection Set: 0.0ms
[2024-10-12T10:23:22.644+0800][info] GC(606)   Merge Heap Roots: 0.0ms
[2024-10-12T10:23:22.644+0800][info] GC(606)   Evacuate Collection Set: 0.4ms
[2024-10-12T10:23:22.644+0800][info] GC(606)   Post Evacuate Collection Set: 0.2ms
[2024-10-12T10:23:22.644+0800][info] GC(606)   Other: 0.3ms
[2024-10-12T10:23:22.644+0800][info] GC(606) Eden regions: 0->0(3)
[2024-10-12T10:23:22.644+0800][info] GC(606) Survivor regions: 1->0(1)
[2024-10-12T10:23:22.644+0800][info] GC(606) Old regions: 56->57
[2024-10-12T10:23:22.644+0800][info] GC(606) Archive regions: 2->2
[2024-10-12T10:23:22.644+0800][info] GC(606) Humongous regions: 4->3
[2024-10-12T10:23:22.644+0800][info] GC(606) Metaspace: 1697K(1856K)->1697K(1856K) NonClass: 1572K(1664K)->1572K(1664K) Class: 124K(192K)->124K(192K)
[2024-10-12T10:23:22.644+0800][info] GC(606) Pause Young (Concurrent Start) (G1 Preventive Collection) 120M->118M(128M) 1.028ms
[2024-10-12T10:23:22.644+0800][info] GC(606) User=0.00s Sys=0.01s Real=0.00s
[2024-10-12T10:23:22.644+0800][info] GC(607) Concurrent Mark Cycle
[2024-10-12T10:23:22.644+0800][info] GC(607) Concurrent Clear Claimed Marks
[2024-10-12T10:23:22.644+0800][info] GC(607) Concurrent Clear Claimed Marks 0.017ms
[2024-10-12T10:23:22.644+0800][info] GC(607) Concurrent Scan Root Regions
[2024-10-12T10:23:22.644+0800][info] GC(607) Concurrent Scan Root Regions 0.154ms
[2024-10-12T10:23:22.644+0800][info] GC(607) Concurrent Mark
[2024-10-12T10:23:22.644+0800][info] GC(607) Concurrent Mark From Roots
[2024-10-12T10:23:22.644+0800][info] GC(607) Using 12 workers of 12 for marking
[2024-10-12T10:23:22.648+0800][info] GC(607) Concurrent Mark From Roots 3.467ms
[2024-10-12T10:23:22.648+0800][info] GC(607) Concurrent Preclean
[2024-10-12T10:23:22.650+0800][info] GC(607) Concurrent Preclean 1.739ms
[2024-10-12T10:23:22.650+0800][info] GC(607) Pause Remark
[2024-10-12T10:23:22.651+0800][info] GC(607) Pause Remark 118M->112M(128M) 1.529ms
[2024-10-12T10:23:22.651+0800][info] GC(607) User=0.00s Sys=0.00s Real=0.00s
[2024-10-12T10:23:22.652+0800][info] GC(607) Concurrent Mark 7.056ms
[2024-10-12T10:23:22.652+0800][info] GC(607) Concurrent Rebuild Remembered Sets
[2024-10-12T10:23:22.653+0800][info] GC(607) Concurrent Rebuild Remembered Sets 1.701ms
[2024-10-12T10:23:22.653+0800][info] GC(607) Pause Cleanup
[2024-10-12T10:23:22.654+0800][info] GC(607) Pause Cleanup 112M->112M(128M) 0.189ms
[2024-10-12T10:23:22.654+0800][info] GC(607) User=0.00s Sys=0.00s Real=0.00s
[2024-10-12T10:23:22.654+0800][info] GC(607) Concurrent Cleanup for Next Mark
[2024-10-12T10:23:22.654+0800][info] GC(607) Concurrent Cleanup for Next Mark 0.343ms
[2024-10-12T10:23:22.654+0800][info] GC(607) Concurrent Mark Cycle 9.821ms
[2024-10-12T10:23:22.818+0800][info] GC(608) Pause Young (Prepare Mixed) (G1 Preventive Collection)
[2024-10-12T10:23:22.819+0800][info] GC(608) Using 3 workers of 48 for evacuation
[2024-10-12T10:23:22.820+0800][info] GC(608)   Pre Evacuate Collection Set: 0.1ms
[2024-10-12T10:23:22.820+0800][info] GC(608)   Merge Heap Roots: 0.1ms
[2024-10-12T10:23:22.820+0800][info] GC(608)   Evacuate Collection Set: 0.7ms
[2024-10-12T10:23:22.820+0800][info] GC(608)   Post Evacuate Collection Set: 0.2ms
[2024-10-12T10:23:22.820+0800][info] GC(608)   Other: 0.2ms
[2024-10-12T10:23:22.820+0800][info] GC(608) Eden regions: 2->0(2)
[2024-10-12T10:23:22.820+0800][info] GC(608) Survivor regions: 0->1(1)
[2024-10-12T10:23:22.820+0800][info] GC(608) Old regions: 54->55
[2024-10-12T10:23:22.820+0800][info] GC(608) Archive regions: 2->2
[2024-10-12T10:23:22.820+0800][info] GC(608) Humongous regions: 3->3
[2024-10-12T10:23:22.820+0800][info] GC(608) Metaspace: 1697K(1856K)->1697K(1856K) NonClass: 1572K(1664K)->1572K(1664K) Class: 124K(192K)->124K(192K)
[2024-10-12T10:23:22.820+0800][info] GC(608) Pause Young (Prepare Mixed) (G1 Preventive Collection) 116M->116M(128M) 1.417ms
[2024-10-12T10:23:22.820+0800][info] GC(608) User=0.00s Sys=0.00s Real=0.00s
[2024-10-12T10:23:22.881+0800][info] GC(609) Pause Young (Mixed) (G1 Preventive Collection)
[2024-10-12T10:23:22.881+0800][info] GC(609) Using 3 workers of 48 for evacuation
[2024-10-12T10:23:22.882+0800][info] GC(609) To-space exhausted
[2024-10-12T10:23:22.882+0800][info] GC(609)   Pre Evacuate Collection Set: 0.2ms
[2024-10-12T10:23:22.882+0800][info] GC(609)   Merge Heap Roots: 0.1ms
[2024-10-12T10:23:22.882+0800][info] GC(609)   Evacuate Collection Set: 0.6ms
[2024-10-12T10:23:22.882+0800][info] GC(609)   Post Evacuate Collection Set: 0.2ms
[2024-10-12T10:23:22.882+0800][info] GC(609)   Other: 0.2ms
[2024-10-12T10:23:22.882+0800][info] GC(609) Eden regions: 1->0(2)
[2024-10-12T10:23:22.882+0800][info] GC(609) Survivor regions: 1->1(1)
[2024-10-12T10:23:22.882+0800][info] GC(609) Old regions: 55->50
[2024-10-12T10:23:22.882+0800][info] GC(609) Archive regions: 2->2
[2024-10-12T10:23:22.882+0800][info] GC(609) Humongous regions: 3->3
[2024-10-12T10:23:22.882+0800][info] GC(609) Metaspace: 1697K(1856K)->1697K(1856K) NonClass: 1572K(1664K)->1572K(1664K) Class: 124K(192K)->124K(192K)
[2024-10-12T10:23:22.882+0800][info] GC(609) Pause Young (Mixed) (G1 Preventive Collection) 118M->107M(128M) 1.272ms
[2024-10-12T10:23:22.882+0800][info] GC(609) User=0.00s Sys=0.00s Real=0.00s
[2024-10-12T10:23:22.985+0800][info] GC(610) Pause Young (Mixed) (G1 Evacuation Pause)
[2024-10-12T10:23:22.985+0800][info] GC(610) Using 3 workers of 48 for evacuation
[2024-10-12T10:23:22.987+0800][info] GC(610)   Pre Evacuate Collection Set: 0.2ms
[2024-10-12T10:23:22.987+0800][info] GC(610)   Merge Heap Roots: 0.0ms
[2024-10-12T10:23:22.987+0800][info] GC(610)   Evacuate Collection Set: 1.2ms
[2024-10-12T10:23:22.987+0800][info] GC(610)   Post Evacuate Collection Set: 0.2ms
[2024-10-12T10:23:22.987+0800][info] GC(610)   Other: 0.1ms
[2024-10-12T10:23:22.987+0800][info] GC(610) Eden regions: 2->0(2)
[2024-10-12T10:23:22.987+0800][info] GC(610) Survivor regions: 1->1(1)
[2024-10-12T10:23:22.987+0800][info] GC(610) Old regions: 50->47
[2024-10-12T10:23:22.987+0800][info] GC(610) Archive regions: 2->2
[2024-10-12T10:23:22.987+0800][info] GC(610) Humongous regions: 3->3
[2024-10-12T10:23:22.987+0800][info] GC(610) Metaspace: 1697K(1856K)->1697K(1856K) NonClass: 1572K(1664K)->1572K(1664K) Class: 124K(192K)->124K(192K)
[2024-10-12T10:23:22.987+0800][info] GC(610) Pause Young (Mixed) (G1 Evacuation Pause) 111M->101M(128M) 1.891ms
[2024-10-12T10:23:22.987+0800][info] GC(610) User=0.00s Sys=0.00s Real=0.00s
[2024-10-12T10:23:23.090+0800][info] GC(611) Pause Young (Mixed) (G1 Evacuation Pause)
[2024-10-12T10:23:23.090+0800][info] GC(611) Using 3 workers of 48 for evacuation
[2024-10-12T10:23:23.092+0800][info] GC(611)   Pre Evacuate Collection Set: 0.2ms
[2024-10-12T10:23:23.092+0800][info] GC(611)   Merge Heap Roots: 0.0ms
[2024-10-12T10:23:23.092+0800][info] GC(611)   Evacuate Collection Set: 1.5ms
[2024-10-12T10:23:23.092+0800][info] GC(611)   Post Evacuate Collection Set: 0.2ms
[2024-10-12T10:23:23.092+0800][info] GC(611)   Other: 0.1ms
[2024-10-12T10:23:23.092+0800][info] GC(611) Eden regions: 2->0(2)
[2024-10-12T10:23:23.092+0800][info] GC(611) Survivor regions: 1->1(1)
[2024-10-12T10:23:23.092+0800][info] GC(611) Old regions: 47->45
[2024-10-12T10:23:23.092+0800][info] GC(611) Archive regions: 2->2
[2024-10-12T10:23:23.092+0800][info] GC(611) Humongous regions: 3->3
[2024-10-12T10:23:23.092+0800][info] GC(611) Metaspace: 1697K(1856K)->1697K(1856K) NonClass: 1572K(1664K)->1572K(1664K) Class: 124K(192K)->124K(192K)
[2024-10-12T10:23:23.092+0800][info] GC(611) Pause Young (Mixed) (G1 Evacuation Pause) 105M->98M(128M) 2.163ms
[2024-10-12T10:23:23.092+0800][info] GC(611) User=0.01s Sys=0.00s Real=0.00s
[2024-10-12T10:23:23.194+0800][info] GC(612) Pause Young (Mixed) (G1 Evacuation Pause)
[2024-10-12T10:23:23.194+0800][info] GC(612) Using 3 workers of 48 for evacuation
[2024-10-12T10:23:23.196+0800][info] GC(612)   Pre Evacuate Collection Set: 0.2ms
[2024-10-12T10:23:23.196+0800][info] GC(612)   Merge Heap Roots: 0.0ms
[2024-10-12T10:23:23.196+0800][info] GC(612)   Evacuate Collection Set: 1.3ms
[2024-10-12T10:23:23.196+0800][info] GC(612)   Post Evacuate Collection Set: 0.2ms
[2024-10-12T10:23:23.196+0800][info] GC(612)   Other: 0.1ms
[2024-10-12T10:23:23.196+0800][info] GC(612) Eden regions: 2->0(2)
[2024-10-12T10:23:23.196+0800][info] GC(612) Survivor regions: 1->1(1)
[2024-10-12T10:23:23.196+0800][info] GC(612) Old regions: 45->46
[2024-10-12T10:23:23.196+0800][info] GC(612) Archive regions: 2->2
[2024-10-12T10:23:23.196+0800][info] GC(612) Humongous regions: 3->3
[2024-10-12T10:23:23.196+0800][info] GC(612) Metaspace: 1697K(1856K)->1697K(1856K) NonClass: 1572K(1664K)->1572K(1664K) Class: 124K(192K)->124K(192K)
[2024-10-12T10:23:23.196+0800][info] GC(612) Pause Young (Mixed) (G1 Evacuation Pause) 101M->100M(128M) 1.941ms
[2024-10-12T10:23:23.196+0800][info] GC(612) User=0.00s Sys=0.00s Real=0.00s
[2024-10-12T10:23:23.298+0800][info] GC(613) Pause Young (Normal) (G1 Evacuation Pause)
[2024-10-12T10:23:23.298+0800][info] GC(613) Using 3 workers of 48 for evacuation
[2024-10-12T10:23:23.299+0800][info] GC(613)   Pre Evacuate Collection Set: 0.1ms
[2024-10-12T10:23:23.299+0800][info] GC(613)   Merge Heap Roots: 0.0ms
[2024-10-12T10:23:23.299+0800][info] GC(613)   Evacuate Collection Set: 0.7ms
[2024-10-12T10:23:23.299+0800][info] GC(613)   Post Evacuate Collection Set: 0.2ms
[2024-10-12T10:23:23.299+0800][info] GC(613)   Other: 0.2ms
[2024-10-12T10:23:23.299+0800][info] GC(613) Eden regions: 2->0(2)
[2024-10-12T10:23:23.299+0800][info] GC(613) Survivor regions: 1->1(1)
[2024-10-12T10:23:23.299+0800][info] GC(613) Old regions: 46->48
[2024-10-12T10:23:23.299+0800][info] GC(613) Archive regions: 2->2
[2024-10-12T10:23:23.299+0800][info] GC(613) Humongous regions: 3->3
[2024-10-12T10:23:23.299+0800][info] GC(613) Metaspace: 1697K(1856K)->1697K(1856K) NonClass: 1572K(1664K)->1572K(1664K) Class: 124K(192K)->124K(192K)
[2024-10-12T10:23:23.299+0800][info] GC(613) Pause Young (Normal) (G1 Evacuation Pause) 104M->104M(128M) 1.285ms
[2024-10-12T10:23:23.299+0800][info] GC(613) User=0.01s Sys=0.01s Real=0.00s
[2024-10-12T10:23:23.402+0800][info] GC(614) Pause Young (Normal) (G1 Evacuation Pause)
[2024-10-12T10:23:23.402+0800][info] GC(614) Using 3 workers of 48 for evacuation
[2024-10-12T10:23:23.403+0800][info] GC(614)   Pre Evacuate Collection Set: 0.1ms
[2024-10-12T10:23:23.403+0800][info] GC(614)   Merge Heap Roots: 0.0ms
[2024-10-12T10:23:23.403+0800][info] GC(614)   Evacuate Collection Set: 0.7ms
[2024-10-12T10:23:23.403+0800][info] GC(614)   Post Evacuate Collection Set: 0.2ms
[2024-10-12T10:23:23.403+0800][info] GC(614)   Other: 0.2ms
[2024-10-12T10:23:23.403+0800][info] GC(614) Eden regions: 2->0(2)
[2024-10-12T10:23:23.403+0800][info] GC(614) Survivor regions: 1->1(1)
[2024-10-12T10:23:23.403+0800][info] GC(614) Old regions: 48->50
[2024-10-12T10:23:23.403+0800][info] GC(614) Archive regions: 2->2
[2024-10-12T10:23:23.403+0800][info] GC(614) Humongous regions: 3->3
[2024-10-12T10:23:23.403+0800][info] GC(614) Metaspace: 1697K(1856K)->1697K(1856K) NonClass: 1572K(1664K)->1572K(1664K) Class: 124K(192K)->124K(192K)
[2024-10-12T10:23:23.403+0800][info] GC(614) Pause Young (Normal) (G1 Evacuation Pause) 107M->108M(128M) 1.372ms
[2024-10-12T10:23:23.403+0800][info] GC(614) User=0.00s Sys=0.00s Real=0.00s
[2024-10-12T10:23:23.505+0800][info] GC(615) Pause Young (Concurrent Start) (G1 Evacuation Pause)
[2024-10-12T10:23:23.506+0800][info] GC(615) Using 3 workers of 48 for evacuation
[2024-10-12T10:23:23.507+0800][info] GC(615)   Pre Evacuate Collection Set: 0.1ms
[2024-10-12T10:23:23.507+0800][info] GC(615)   Merge Heap Roots: 0.0ms
[2024-10-12T10:23:23.507+0800][info] GC(615)   Evacuate Collection Set: 0.7ms
[2024-10-12T10:23:23.507+0800][info] GC(615)   Post Evacuate Collection Set: 0.2ms
[2024-10-12T10:23:23.507+0800][info] GC(615)   Other: 0.3ms
[2024-10-12T10:23:23.507+0800][info] GC(615) Eden regions: 2->0(2)
[2024-10-12T10:23:23.507+0800][info] GC(615) Survivor regions: 1->1(1)
[2024-10-12T10:23:23.507+0800][info] GC(615) Old regions: 50->52
[2024-10-12T10:23:23.507+0800][info] GC(615) Archive regions: 2->2
[2024-10-12T10:23:23.507+0800][info] GC(615) Humongous regions: 3->3
[2024-10-12T10:23:23.507+0800][info] GC(615) Metaspace: 1697K(1856K)->1697K(1856K) NonClass: 1572K(1664K)->1572K(1664K) Class: 124K(192K)->124K(192K)
[2024-10-12T10:23:23.507+0800][info] GC(615) Pause Young (Concurrent Start) (G1 Evacuation Pause) 111M->112M(128M) 1.503ms
[2024-10-12T10:23:23.507+0800][info] GC(615) User=0.00s Sys=0.00s Real=0.00s
[2024-10-12T10:23:23.507+0800][info] GC(616) Concurrent Mark Cycle
[2024-10-12T10:23:23.507+0800][info] GC(616) Concurrent Clear Claimed Marks
[2024-10-12T10:23:23.507+0800][info] GC(616) Concurrent Clear Claimed Marks 0.019ms
[2024-10-12T10:23:23.507+0800][info] GC(616) Concurrent Scan Root Regions
[2024-10-12T10:23:23.507+0800][info] GC(616) Concurrent Scan Root Regions 0.156ms
[2024-10-12T10:23:23.507+0800][info] GC(616) Concurrent Mark
[2024-10-12T10:23:23.507+0800][info] GC(616) Concurrent Mark From Roots
[2024-10-12T10:23:23.507+0800][info] GC(616) Using 12 workers of 12 for marking
[2024-10-12T10:23:23.511+0800][info] GC(616) Concurrent Mark From Roots 3.524ms
[2024-10-12T10:23:23.511+0800][info] GC(616) Concurrent Preclean
[2024-10-12T10:23:23.513+0800][info] GC(616) Concurrent Preclean 1.700ms
[2024-10-12T10:23:23.513+0800][info] GC(616) Pause Remark
[2024-10-12T10:23:23.514+0800][info] GC(616) Pause Remark 112M->108M(128M) 1.544ms
[2024-10-12T10:23:23.514+0800][info] GC(616) User=0.00s Sys=0.00s Real=0.01s
[2024-10-12T10:23:23.514+0800][info] GC(616) Concurrent Mark 7.070ms
[2024-10-12T10:23:23.514+0800][info] GC(616) Concurrent Rebuild Remembered Sets
[2024-10-12T10:23:23.516+0800][info] GC(616) Concurrent Rebuild Remembered Sets 1.767ms
[2024-10-12T10:23:23.516+0800][info] GC(616) Pause Cleanup
[2024-10-12T10:23:23.516+0800][info] GC(616) Pause Cleanup 108M->108M(128M) 0.157ms
[2024-10-12T10:23:23.516+0800][info] GC(616) User=0.00s Sys=0.00s Real=0.00s
[2024-10-12T10:23:23.517+0800][info] GC(616) Concurrent Cleanup for Next Mark
[2024-10-12T10:23:23.517+0800][info] GC(616) Concurrent Cleanup for Next Mark 0.398ms
[2024-10-12T10:23:23.517+0800][info] GC(616) Concurrent Mark Cycle 9.839ms
[2024-10-12T10:23:23.660+0800][info] GC(617) Pause Young (Prepare Mixed) (G1 Evacuation Pause)
[2024-10-12T10:23:23.660+0800][info] GC(617) Using 3 workers of 48 for evacuation
[2024-10-12T10:23:23.662+0800][info] GC(617)   Pre Evacuate Collection Set: 0.1ms
[2024-10-12T10:23:23.662+0800][info] GC(617)   Merge Heap Roots: 0.1ms
[2024-10-12T10:23:23.662+0800][info] GC(617)   Evacuate Collection Set: 0.9ms
[2024-10-12T10:23:23.662+0800][info] GC(617)   Post Evacuate Collection Set: 0.2ms
[2024-10-12T10:23:23.662+0800][info] GC(617)   Other: 0.2ms
[2024-10-12T10:23:23.662+0800][info] GC(617) Eden regions: 2->0(2)
[2024-10-12T10:23:23.662+0800][info] GC(617) Survivor regions: 1->1(1)
[2024-10-12T10:23:23.662+0800][info] GC(617) Old regions: 50->52
[2024-10-12T10:23:23.662+0800][info] GC(617) Archive regions: 2->2
[2024-10-12T10:23:23.662+0800][info] GC(617) Humongous regions: 3->3
[2024-10-12T10:23:23.662+0800][info] GC(617) Metaspace: 1697K(1856K)->1697K(1856K) NonClass: 1572K(1664K)->1572K(1664K) Class: 124K(192K)->124K(192K)
[2024-10-12T10:23:23.662+0800][info] GC(617) Pause Young (Prepare Mixed) (G1 Evacuation Pause) 111M->112M(128M) 1.590ms
[2024-10-12T10:23:23.662+0800][info] GC(617) User=0.00s Sys=0.00s Real=0.00s
[2024-10-12T10:23:23.723+0800][info] GC(618) Pause Young (Mixed) (G1 Preventive Collection)
[2024-10-12T10:23:23.723+0800][info] GC(618) Using 3 workers of 48 for evacuation
[2024-10-12T10:23:23.725+0800][info] GC(618)   Pre Evacuate Collection Set: 0.2ms
[2024-10-12T10:23:23.725+0800][info] GC(618)   Merge Heap Roots: 0.1ms
[2024-10-12T10:23:23.725+0800][info] GC(618)   Evacuate Collection Set: 1.2ms
[2024-10-12T10:23:23.725+0800][info] GC(618)   Post Evacuate Collection Set: 0.2ms
[2024-10-12T10:23:23.725+0800][info] GC(618)   Other: 0.2ms
[2024-10-12T10:23:23.725+0800][info] GC(618) Eden regions: 1->0(2)
[2024-10-12T10:23:23.725+0800][info] GC(618) Survivor regions: 1->1(1)
[2024-10-12T10:23:23.725+0800][info] GC(618) Old regions: 52->49
[2024-10-12T10:23:23.725+0800][info] GC(618) Archive regions: 2->2
[2024-10-12T10:23:23.725+0800][info] GC(618) Humongous regions: 3->3
[2024-10-12T10:23:23.725+0800][info] GC(618) Metaspace: 1697K(1856K)->1697K(1856K) NonClass: 1572K(1664K)->1572K(1664K) Class: 124K(192K)->124K(192K)
[2024-10-12T10:23:23.725+0800][info] GC(618) Pause Young (Mixed) (G1 Preventive Collection) 113M->105M(128M) 1.894ms
[2024-10-12T10:23:23.725+0800][info] GC(618) User=0.01s Sys=0.00s Real=0.01s
[2024-10-12T10:23:23.828+0800][info] GC(619) Pause Young (Mixed) (G1 Preventive Collection)
[2024-10-12T10:23:23.828+0800][info] GC(619) Using 3 workers of 48 for evacuation
[2024-10-12T10:23:23.830+0800][info] GC(619)   Pre Evacuate Collection Set: 0.2ms
[2024-10-12T10:23:23.830+0800][info] GC(619)   Merge Heap Roots: 0.1ms
[2024-10-12T10:23:23.830+0800][info] GC(619)   Evacuate Collection Set: 1.9ms
[2024-10-12T10:23:23.830+0800][info] GC(619)   Post Evacuate Collection Set: 0.2ms
[2024-10-12T10:23:23.830+0800][info] GC(619)   Other: 0.1ms
[2024-10-12T10:23:23.830+0800][info] GC(619) Eden regions: 2->0(2)
[2024-10-12T10:23:23.830+0800][info] GC(619) Survivor regions: 1->1(1)
[2024-10-12T10:23:23.830+0800][info] GC(619) Old regions: 49->48
[2024-10-12T10:23:23.830+0800][info] GC(619) Archive regions: 2->2
[2024-10-12T10:23:23.830+0800][info] GC(619) Humongous regions: 3->3
[2024-10-12T10:23:23.830+0800][info] GC(619) Metaspace: 1697K(1856K)->1697K(1856K) NonClass: 1572K(1664K)->1572K(1664K) Class: 124K(192K)->124K(192K)
[2024-10-12T10:23:23.830+0800][info] GC(619) Pause Young (Mixed) (G1 Preventive Collection) 109M->103M(128M) 2.562ms
[2024-10-12T10:23:23.830+0800][info] GC(619) User=0.01s Sys=0.00s Real=0.00s
[2024-10-12T10:23:23.932+0800][info] GC(620) Pause Young (Mixed) (G1 Evacuation Pause)
[2024-10-12T10:23:23.932+0800][info] GC(620) Using 3 workers of 48 for evacuation
[2024-10-12T10:23:23.935+0800][info] GC(620)   Pre Evacuate Collection Set: 0.2ms
[2024-10-12T10:23:23.935+0800][info] GC(620)   Merge Heap Roots: 0.1ms
[2024-10-12T10:23:23.935+0800][info] GC(620)   Evacuate Collection Set: 2.0ms
[2024-10-12T10:23:23.935+0800][info] GC(620)   Post Evacuate Collection Set: 0.2ms
[2024-10-12T10:23:23.935+0800][info] GC(620)   Other: 0.1ms
[2024-10-12T10:23:23.935+0800][info] GC(620) Eden regions: 2->0(2)
[2024-10-12T10:23:23.935+0800][info] GC(620) Survivor regions: 1->1(1)
[2024-10-12T10:23:23.935+0800][info] GC(620) Old regions: 48->47
[2024-10-12T10:23:23.935+0800][info] GC(620) Archive regions: 2->2
[2024-10-12T10:23:23.935+0800][info] GC(620) Humongous regions: 3->3
[2024-10-12T10:23:23.935+0800][info] GC(620) Metaspace: 1697K(1856K)->1697K(1856K) NonClass: 1572K(1664K)->1572K(1664K) Class: 124K(192K)->124K(192K)
[2024-10-12T10:23:23.935+0800][info] GC(620) Pause Young (Mixed) (G1 Evacuation Pause) 107M->102M(128M) 2.671ms
[2024-10-12T10:23:23.935+0800][info] GC(620) User=0.00s Sys=0.00s Real=0.01s
[2024-10-12T10:23:24.038+0800][info] GC(621) Pause Young (Mixed) (G1 Evacuation Pause)
[2024-10-12T10:23:24.038+0800][info] GC(621) Using 3 workers of 48 for evacuation
[2024-10-12T10:23:24.040+0800][info] GC(621)   Pre Evacuate Collection Set: 0.2ms
[2024-10-12T10:23:24.040+0800][info] GC(621)   Merge Heap Roots: 0.1ms
[2024-10-12T10:23:24.040+0800][info] GC(621)   Evacuate Collection Set: 1.9ms
[2024-10-12T10:23:24.040+0800][info] GC(621)   Post Evacuate Collection Set: 0.2ms
[2024-10-12T10:23:24.040+0800][info] GC(621)   Other: 0.2ms
[2024-10-12T10:23:24.040+0800][info] GC(621) Eden regions: 2->0(2)
[2024-10-12T10:23:24.040+0800][info] GC(621) Survivor regions: 1->1(1)
[2024-10-12T10:23:24.040+0800][info] GC(621) Old regions: 47->46
[2024-10-12T10:23:24.040+0800][info] GC(621) Archive regions: 2->2
[2024-10-12T10:23:24.040+0800][info] GC(621) Humongous regions: 3->3
[2024-10-12T10:23:24.040+0800][info] GC(621) Metaspace: 1697K(1856K)->1697K(1856K) NonClass: 1572K(1664K)->1572K(1664K) Class: 124K(192K)->124K(192K)
[2024-10-12T10:23:24.040+0800][info] GC(621) Pause Young (Mixed) (G1 Evacuation Pause) 105M->99M(128M) 2.590ms
[2024-10-12T10:23:24.040+0800][info] GC(621) User=0.01s Sys=0.00s Real=0.00s
[2024-10-12T10:23:24.143+0800][info] GC(622) Pause Young (Mixed) (G1 Evacuation Pause)
[2024-10-12T10:23:24.143+0800][info] GC(622) Using 3 workers of 48 for evacuation
[2024-10-12T10:23:24.144+0800][info] GC(622)   Pre Evacuate Collection Set: 0.2ms
[2024-10-12T10:23:24.144+0800][info] GC(622)   Merge Heap Roots: 0.0ms
[2024-10-12T10:23:24.144+0800][info] GC(622)   Evacuate Collection Set: 1.0ms
[2024-10-12T10:23:24.144+0800][info] GC(622)   Post Evacuate Collection Set: 0.2ms
[2024-10-12T10:23:24.144+0800][info] GC(622)   Other: 0.1ms
[2024-10-12T10:23:24.144+0800][info] GC(622) Eden regions: 2->0(2)
[2024-10-12T10:23:24.144+0800][info] GC(622) Survivor regions: 1->1(1)
[2024-10-12T10:23:24.144+0800][info] GC(622) Old regions: 46->48
[2024-10-12T10:23:24.144+0800][info] GC(622) Archive regions: 2->2
[2024-10-12T10:23:24.144+0800][info] GC(622) Humongous regions: 3->3
[2024-10-12T10:23:24.144+0800][info] GC(622) Metaspace: 1697K(1856K)->1697K(1856K) NonClass: 1572K(1664K)->1572K(1664K) Class: 124K(192K)->124K(192K)
[2024-10-12T10:23:24.144+0800][info] GC(622) Pause Young (Mixed) (G1 Evacuation Pause) 103M->103M(128M) 1.595ms
[2024-10-12T10:23:24.144+0800][info] GC(622) User=0.00s Sys=0.00s Real=0.00s
[2024-10-12T10:23:24.246+0800][info] GC(623) Pause Young (Normal) (G1 Evacuation Pause)
[2024-10-12T10:23:24.246+0800][info] GC(623) Using 3 workers of 48 for evacuation
[2024-10-12T10:23:24.248+0800][info] GC(623)   Pre Evacuate Collection Set: 0.1ms
[2024-10-12T10:23:24.248+0800][info] GC(623)   Merge Heap Roots: 0.0ms
[2024-10-12T10:23:24.248+0800][info] GC(623)   Evacuate Collection Set: 0.7ms
[2024-10-12T10:23:24.248+0800][info] GC(623)   Post Evacuate Collection Set: 0.2ms
[2024-10-12T10:23:24.248+0800][info] GC(623)   Other: 0.2ms
[2024-10-12T10:23:24.248+0800][info] GC(623) Eden regions: 2->0(2)
[2024-10-12T10:23:24.248+0800][info] GC(623) Survivor regions: 1->1(1)
[2024-10-12T10:23:24.248+0800][info] GC(623) Old regions: 48->50
[2024-10-12T10:23:24.248+0800][info] GC(623) Archive regions: 2->2
[2024-10-12T10:23:24.248+0800][info] GC(623) Humongous regions: 3->3
[2024-10-12T10:23:24.248+0800][info] GC(623) Metaspace: 1697K(1856K)->1697K(1856K) NonClass: 1572K(1664K)->1572K(1664K) Class: 124K(192K)->124K(192K)
[2024-10-12T10:23:24.248+0800][info] GC(623) Pause Young (Normal) (G1 Evacuation Pause) 107M->107M(128M) 1.304ms
[2024-10-12T10:23:24.248+0800][info] GC(623) User=0.00s Sys=0.00s Real=0.00s
[2024-10-12T10:23:24.350+0800][info] GC(624) Pause Young (Concurrent Start) (G1 Evacuation Pause)
[2024-10-12T10:23:24.350+0800][info] GC(624) Using 3 workers of 48 for evacuation
[2024-10-12T10:23:24.351+0800][info] GC(624)   Pre Evacuate Collection Set: 0.1ms
[2024-10-12T10:23:24.351+0800][info] GC(624)   Merge Heap Roots: 0.0ms
[2024-10-12T10:23:24.351+0800][info] GC(624)   Evacuate Collection Set: 0.7ms
[2024-10-12T10:23:24.351+0800][info] GC(624)   Post Evacuate Collection Set: 0.2ms
[2024-10-12T10:23:24.351+0800][info] GC(624)   Other: 0.3ms
[2024-10-12T10:23:24.351+0800][info] GC(624) Eden regions: 2->0(2)
[2024-10-12T10:23:24.351+0800][info] GC(624) Survivor regions: 1->1(1)
[2024-10-12T10:23:24.351+0800][info] GC(624) Old regions: 50->51
[2024-10-12T10:23:24.351+0800][info] GC(624) Archive regions: 2->2
[2024-10-12T10:23:24.351+0800][info] GC(624) Humongous regions: 3->3
[2024-10-12T10:23:24.351+0800][info] GC(624) Metaspace: 1697K(1856K)->1697K(1856K) NonClass: 1572K(1664K)->1572K(1664K) Class: 124K(192K)->124K(192K)
[2024-10-12T10:23:24.351+0800][info] GC(624) Pause Young (Concurrent Start) (G1 Evacuation Pause) 111M->110M(128M) 1.502ms
[2024-10-12T10:23:24.351+0800][info] GC(624) User=0.00s Sys=0.00s Real=0.00s
[2024-10-12T10:23:24.351+0800][info] GC(625) Concurrent Mark Cycle
[2024-10-12T10:23:24.351+0800][info] GC(625) Concurrent Clear Claimed Marks
[2024-10-12T10:23:24.351+0800][info] GC(625) Concurrent Clear Claimed Marks 0.017ms
[2024-10-12T10:23:24.351+0800][info] GC(625) Concurrent Scan Root Regions
[2024-10-12T10:23:24.352+0800][info] GC(625) Concurrent Scan Root Regions 0.148ms
[2024-10-12T10:23:24.352+0800][info] GC(625) Concurrent Mark
[2024-10-12T10:23:24.352+0800][info] GC(625) Concurrent Mark From Roots
[2024-10-12T10:23:24.352+0800][info] GC(625) Using 12 workers of 12 for marking
[2024-10-12T10:23:24.356+0800][info] GC(625) Concurrent Mark From Roots 3.881ms
[2024-10-12T10:23:24.356+0800][info] GC(625) Concurrent Preclean
[2024-10-12T10:23:24.357+0800][info] GC(625) Concurrent Preclean 1.755ms
[2024-10-12T10:23:24.357+0800][info] GC(625) Pause Remark
[2024-10-12T10:23:24.359+0800][info] GC(625) Pause Remark 111M->111M(128M) 1.536ms
[2024-10-12T10:23:24.359+0800][info] GC(625) User=0.00s Sys=0.00s Real=0.00s
[2024-10-12T10:23:24.359+0800][info] GC(625) Concurrent Mark 7.397ms
[2024-10-12T10:23:24.359+0800][info] GC(625) Concurrent Rebuild Remembered Sets
[2024-10-12T10:23:24.361+0800][info] GC(625) Concurrent Rebuild Remembered Sets 1.796ms
[2024-10-12T10:23:24.361+0800][info] GC(625) Pause Cleanup
[2024-10-12T10:23:24.361+0800][info] GC(625) Pause Cleanup 111M->111M(128M) 0.207ms
[2024-10-12T10:23:24.361+0800][info] GC(625) User=0.00s Sys=0.00s Real=0.00s
[2024-10-12T10:23:24.361+0800][info] GC(625) Concurrent Cleanup for Next Mark
[2024-10-12T10:23:24.362+0800][info] GC(625) Concurrent Cleanup for Next Mark 0.343ms
[2024-10-12T10:23:24.362+0800][info] GC(625) Concurrent Mark Cycle 10.258ms
[2024-10-12T10:23:24.505+0800][info] GC(626) Pause Young (Prepare Mixed) (G1 Evacuation Pause)
[2024-10-12T10:23:24.505+0800][info] GC(626) Using 3 workers of 48 for evacuation
[2024-10-12T10:23:24.506+0800][info] GC(626)   Pre Evacuate Collection Set: 0.1ms
[2024-10-12T10:23:24.507+0800][info] GC(626)   Merge Heap Roots: 0.1ms
[2024-10-12T10:23:24.507+0800][info] GC(626)   Evacuate Collection Set: 1.0ms
[2024-10-12T10:23:24.507+0800][info] GC(626)   Post Evacuate Collection Set: 0.2ms
[2024-10-12T10:23:24.507+0800][info] GC(626)   Other: 0.2ms
[2024-10-12T10:23:24.507+0800][info] GC(626) Eden regions: 2->0(2)
[2024-10-12T10:23:24.507+0800][info] GC(626) Survivor regions: 1->1(1)
[2024-10-12T10:23:24.507+0800][info] GC(626) Old regions: 51->53
[2024-10-12T10:23:24.507+0800][info] GC(626) Archive regions: 2->2
[2024-10-12T10:23:24.507+0800][info] GC(626) Humongous regions: 3->3
[2024-10-12T10:23:24.507+0800][info] GC(626) Metaspace: 1697K(1856K)->1697K(1856K) NonClass: 1572K(1664K)->1572K(1664K) Class: 124K(192K)->124K(192K)
[2024-10-12T10:23:24.507+0800][info] GC(626) Pause Young (Prepare Mixed) (G1 Evacuation Pause) 114M->114M(128M) 1.659ms
[2024-10-12T10:23:24.507+0800][info] GC(626) User=0.01s Sys=0.00s Real=0.01s
[2024-10-12T10:23:24.568+0800][info] GC(627) Pause Young (Mixed) (G1 Preventive Collection)
[2024-10-12T10:23:24.568+0800][info] GC(627) Using 3 workers of 48 for evacuation
[2024-10-12T10:23:24.570+0800][info] GC(627) To-space exhausted
[2024-10-12T10:23:24.570+0800][info] GC(627)   Pre Evacuate Collection Set: 0.2ms
[2024-10-12T10:23:24.570+0800][info] GC(627)   Merge Heap Roots: 0.0ms
[2024-10-12T10:23:24.570+0800][info] GC(627)   Evacuate Collection Set: 1.0ms
[2024-10-12T10:23:24.570+0800][info] GC(627)   Post Evacuate Collection Set: 0.2ms
[2024-10-12T10:23:24.570+0800][info] GC(627)   Other: 0.2ms
[2024-10-12T10:23:24.570+0800][info] GC(627) Eden regions: 1->0(2)
[2024-10-12T10:23:24.570+0800][info] GC(627) Survivor regions: 1->1(1)
[2024-10-12T10:23:24.570+0800][info] GC(627) Old regions: 53->50
[2024-10-12T10:23:24.570+0800][info] GC(627) Archive regions: 2->2
[2024-10-12T10:23:24.570+0800][info] GC(627) Humongous regions: 3->3
[2024-10-12T10:23:24.570+0800][info] GC(627) Metaspace: 1697K(1856K)->1697K(1856K) NonClass: 1572K(1664K)->1572K(1664K) Class: 124K(192K)->124K(192K)
[2024-10-12T10:23:24.570+0800][info] GC(627) Pause Young (Mixed) (G1 Preventive Collection) 116M->108M(128M) 1.726ms
[2024-10-12T10:23:24.570+0800][info] GC(627) User=0.01s Sys=0.00s Real=0.00s
[2024-10-12T10:23:24.672+0800][info] GC(628) Pause Young (Mixed) (G1 Preventive Collection)
[2024-10-12T10:23:24.672+0800][info] GC(628) Using 3 workers of 48 for evacuation
[2024-10-12T10:23:24.674+0800][info] GC(628) To-space exhausted
[2024-10-12T10:23:24.674+0800][info] GC(628)   Pre Evacuate Collection Set: 0.2ms
[2024-10-12T10:23:24.674+0800][info] GC(628)   Merge Heap Roots: 0.1ms
[2024-10-12T10:23:24.674+0800][info] GC(628)   Evacuate Collection Set: 1.6ms
[2024-10-12T10:23:24.674+0800][info] GC(628)   Post Evacuate Collection Set: 0.2ms
[2024-10-12T10:23:24.674+0800][info] GC(628)   Other: 0.2ms
[2024-10-12T10:23:24.674+0800][info] GC(628) Eden regions: 2->0(2)
[2024-10-12T10:23:24.674+0800][info] GC(628) Survivor regions: 1->1(1)
[2024-10-12T10:23:24.674+0800][info] GC(628) Old regions: 50->51
[2024-10-12T10:23:24.674+0800][info] GC(628) Archive regions: 2->2
[2024-10-12T10:23:24.674+0800][info] GC(628) Humongous regions: 3->3
[2024-10-12T10:23:24.674+0800][info] GC(628) Metaspace: 1697K(1856K)->1697K(1856K) NonClass: 1572K(1664K)->1572K(1664K) Class: 124K(192K)->124K(192K)
[2024-10-12T10:23:24.674+0800][info] GC(628) Pause Young (Mixed) (G1 Preventive Collection) 112M->110M(128M) 2.358ms
[2024-10-12T10:23:24.675+0800][info] GC(628) User=0.01s Sys=0.00s Real=0.01s
[2024-10-12T10:23:24.736+0800][info] GC(629) Pause Young (Mixed) (G1 Preventive Collection)
[2024-10-12T10:23:24.736+0800][info] GC(629) Using 3 workers of 48 for evacuation
[2024-10-12T10:23:24.739+0800][info] GC(629) To-space exhausted
[2024-10-12T10:23:24.739+0800][info] GC(629)   Pre Evacuate Collection Set: 0.2ms
[2024-10-12T10:23:24.739+0800][info] GC(629)   Merge Heap Roots: 0.1ms
[2024-10-12T10:23:24.739+0800][info] GC(629)   Evacuate Collection Set: 1.6ms
[2024-10-12T10:23:24.739+0800][info] GC(629)   Post Evacuate Collection Set: 0.3ms
[2024-10-12T10:23:24.739+0800][info] GC(629)   Other: 0.2ms
[2024-10-12T10:23:24.739+0800][info] GC(629) Eden regions: 1->0(2)
[2024-10-12T10:23:24.739+0800][info] GC(629) Survivor regions: 1->1(1)
[2024-10-12T10:23:24.739+0800][info] GC(629) Old regions: 51->55
[2024-10-12T10:23:24.739+0800][info] GC(629) Archive regions: 2->2
[2024-10-12T10:23:24.739+0800][info] GC(629) Humongous regions: 3->3
[2024-10-12T10:23:24.739+0800][info] GC(629) Metaspace: 1697K(1856K)->1697K(1856K) NonClass: 1572K(1664K)->1572K(1664K) Class: 124K(192K)->124K(192K)
[2024-10-12T10:23:24.739+0800][info] GC(629) Pause Young (Mixed) (G1 Preventive Collection) 112M->118M(128M) 2.398ms
[2024-10-12T10:23:24.739+0800][info] GC(629) User=0.01s Sys=0.00s Real=0.00s
[2024-10-12T10:23:24.780+0800][info] GC(630) Pause Young (Mixed) (G1 Preventive Collection)
[2024-10-12T10:23:24.780+0800][info] GC(630) Using 3 workers of 48 for evacuation
[2024-10-12T10:23:24.781+0800][info] GC(630) To-space exhausted
[2024-10-12T10:23:24.781+0800][info] GC(630)   Pre Evacuate Collection Set: 0.2ms
[2024-10-12T10:23:24.781+0800][info] GC(630)   Merge Heap Roots: 0.1ms
[2024-10-12T10:23:24.781+0800][info] GC(630)   Evacuate Collection Set: 0.8ms
[2024-10-12T10:23:24.781+0800][info] GC(630)   Post Evacuate Collection Set: 0.3ms
[2024-10-12T10:23:24.781+0800][info] GC(630)   Other: 0.2ms
[2024-10-12T10:23:24.781+0800][info] GC(630) Eden regions: 1->0(2)
[2024-10-12T10:23:24.781+0800][info] GC(630) Survivor regions: 1->1(1)
[2024-10-12T10:23:24.781+0800][info] GC(630) Old regions: 55->57
[2024-10-12T10:23:24.781+0800][info] GC(630) Archive regions: 2->2
[2024-10-12T10:23:24.781+0800][info] GC(630) Humongous regions: 3->3
[2024-10-12T10:23:24.781+0800][info] GC(630) Metaspace: 1697K(1856K)->1697K(1856K) NonClass: 1572K(1664K)->1572K(1664K) Class: 124K(192K)->124K(192K)
[2024-10-12T10:23:24.781+0800][info] GC(630) Pause Young (Mixed) (G1 Preventive Collection) 120M->122M(128M) 1.646ms
[2024-10-12T10:23:24.781+0800][info] GC(630) User=0.00s Sys=0.00s Real=0.00s
[2024-10-12T10:23:24.843+0800][info] GC(631) Pause Young (Mixed) (G1 Evacuation Pause)
[2024-10-12T10:23:24.843+0800][info] GC(631) Using 3 workers of 48 for evacuation
[2024-10-12T10:23:24.844+0800][info] GC(631) To-space exhausted
[2024-10-12T10:23:24.844+0800][info] GC(631)   Pre Evacuate Collection Set: 0.2ms
[2024-10-12T10:23:24.844+0800][info] GC(631)   Merge Heap Roots: 0.1ms
[2024-10-12T10:23:24.844+0800][info] GC(631)   Evacuate Collection Set: 0.2ms
[2024-10-12T10:23:24.844+0800][info] GC(631)   Post Evacuate Collection Set: 0.6ms
[2024-10-12T10:23:24.844+0800][info] GC(631)   Other: 0.1ms
[2024-10-12T10:23:24.844+0800][info] GC(631) Eden regions: 1->0(3)
[2024-10-12T10:23:24.844+0800][info] GC(631) Survivor regions: 1->0(0)
[2024-10-12T10:23:24.844+0800][info] GC(631) Old regions: 57->59
[2024-10-12T10:23:24.844+0800][info] GC(631) Archive regions: 2->2
[2024-10-12T10:23:24.844+0800][info] GC(631) Humongous regions: 3->3
[2024-10-12T10:23:24.844+0800][info] GC(631) Metaspace: 1697K(1856K)->1697K(1856K) NonClass: 1572K(1664K)->1572K(1664K) Class: 124K(192K)->124K(192K)
[2024-10-12T10:23:24.844+0800][info] GC(631) Pause Young (Mixed) (G1 Evacuation Pause) 123M->123M(128M) 1.265ms
[2024-10-12T10:23:24.844+0800][info] GC(631) User=0.00s Sys=0.00s Real=0.00s
[2024-10-12T10:23:24.844+0800][info] Attempting full compaction
[2024-10-12T10:23:24.844+0800][info] GC(632) Using 3 workers of 48 for full compaction
[2024-10-12T10:23:24.844+0800][info] GC(632) Pause Full (G1 Compaction Pause)
[2024-10-12T10:23:24.844+0800][info] GC(632) Phase 1: Mark live objects
[2024-10-12T10:23:24.847+0800][info] GC(632) Phase 1: Mark live objects 3.092ms
[2024-10-12T10:23:24.847+0800][info] GC(632) Phase 2: Prepare for compaction
[2024-10-12T10:23:24.848+0800][info] GC(632) Phase 2: Prepare for compaction 0.709ms
[2024-10-12T10:23:24.848+0800][info] GC(632) Phase 3: Adjust pointers
[2024-10-12T10:23:24.850+0800][info] GC(632) Phase 3: Adjust pointers 1.758ms
[2024-10-12T10:23:24.850+0800][info] GC(632) Phase 4: Compact heap
[2024-10-12T10:23:24.864+0800][info] GC(632) Phase 4: Compact heap 14.078ms
[2024-10-12T10:23:24.865+0800][info] GC(632) Eden regions: 0->0(4)
[2024-10-12T10:23:24.865+0800][info] GC(632) Survivor regions: 0->0(0)
[2024-10-12T10:23:24.865+0800][info] GC(632) Old regions: 59->38
[2024-10-12T10:23:24.865+0800][info] GC(632) Archive regions: 2->2
[2024-10-12T10:23:24.865+0800][info] GC(632) Humongous regions: 3->3
[2024-10-12T10:23:24.865+0800][info] GC(632) Metaspace: 1697K(1856K)->1697K(1856K) NonClass: 1572K(1664K)->1572K(1664K) Class: 124K(192K)->124K(192K)
[2024-10-12T10:23:24.865+0800][info] GC(632) Pause Full (G1 Compaction Pause) 123M->71M(128M) 21.368ms
[2024-10-12T10:23:24.865+0800][info] GC(632) User=0.04s Sys=0.00s Real=0.03s
[2024-10-12T10:23:25.071+0800][info] GC(633) Pause Young (Normal) (G1 Evacuation Pause)
[2024-10-12T10:23:25.071+0800][info] GC(633) Using 3 workers of 48 for evacuation
[2024-10-12T10:23:25.072+0800][info] GC(633)   Pre Evacuate Collection Set: 0.1ms
[2024-10-12T10:23:25.072+0800][info] GC(633)   Merge Heap Roots: 0.1ms
[2024-10-12T10:23:25.072+0800][info] GC(633)   Evacuate Collection Set: 1.1ms
[2024-10-12T10:23:25.072+0800][info] GC(633)   Post Evacuate Collection Set: 0.2ms
[2024-10-12T10:23:25.072+0800][info] GC(633)   Other: 0.2ms
[2024-10-12T10:23:25.072+0800][info] GC(633) Eden regions: 4->0(2)
[2024-10-12T10:23:25.072+0800][info] GC(633) Survivor regions: 0->1(1)
[2024-10-12T10:23:25.072+0800][info] GC(633) Old regions: 38->41
[2024-10-12T10:23:25.073+0800][info] GC(633) Archive regions: 2->2
[2024-10-12T10:23:25.073+0800][info] GC(633) Humongous regions: 4->4
[2024-10-12T10:23:25.073+0800][info] GC(633) Metaspace: 1697K(1856K)->1697K(1856K) NonClass: 1572K(1664K)->1572K(1664K) Class: 124K(192K)->124K(192K)
[2024-10-12T10:23:25.073+0800][info] GC(633) Pause Young (Normal) (G1 Evacuation Pause) 81M->81M(128M) 1.882ms
[2024-10-12T10:23:25.073+0800][info] GC(633) User=0.00s Sys=0.00s Real=0.00s
[2024-10-12T10:23:25.175+0800][info] GC(634) Pause Young (Normal) (G1 Evacuation Pause)
[2024-10-12T10:23:25.175+0800][info] GC(634) Using 3 workers of 48 for evacuation
[2024-10-12T10:23:25.176+0800][info] GC(634)   Pre Evacuate Collection Set: 0.1ms
[2024-10-12T10:23:25.176+0800][info] GC(634)   Merge Heap Roots: 0.0ms
[2024-10-12T10:23:25.176+0800][info] GC(634)   Evacuate Collection Set: 0.7ms
[2024-10-12T10:23:25.176+0800][info] GC(634)   Post Evacuate Collection Set: 0.2ms
[2024-10-12T10:23:25.176+0800][info] GC(634)   Other: 0.2ms
[2024-10-12T10:23:25.176+0800][info] GC(634) Eden regions: 2->0(2)
[2024-10-12T10:23:25.176+0800][info] GC(634) Survivor regions: 1->1(1)
[2024-10-12T10:23:25.176+0800][info] GC(634) Old regions: 41->43
[2024-10-12T10:23:25.176+0800][info] GC(634) Archive regions: 2->2
[2024-10-12T10:23:25.176+0800][info] GC(634) Humongous regions: 4->4
[2024-10-12T10:23:25.176+0800][info] GC(634) Metaspace: 1697K(1856K)->1697K(1856K) NonClass: 1572K(1664K)->1572K(1664K) Class: 124K(192K)->124K(192K)
[2024-10-12T10:23:25.176+0800][info] GC(634) Pause Young (Normal) (G1 Evacuation Pause) 84M->85M(128M) 1.375ms
[2024-10-12T10:23:25.176+0800][info] GC(634) User=0.00s Sys=0.00s Real=0.00s
[2024-10-12T10:23:25.278+0800][info] GC(635) Pause Young (Normal) (G1 Evacuation Pause)
[2024-10-12T10:23:25.278+0800][info] GC(635) Using 3 workers of 48 for evacuation
[2024-10-12T10:23:25.280+0800][info] GC(635)   Pre Evacuate Collection Set: 0.1ms
[2024-10-12T10:23:25.280+0800][info] GC(635)   Merge Heap Roots: 0.0ms
[2024-10-12T10:23:25.280+0800][info] GC(635)   Evacuate Collection Set: 0.8ms
[2024-10-12T10:23:25.280+0800][info] GC(635)   Post Evacuate Collection Set: 0.2ms
[2024-10-12T10:23:25.280+0800][info] GC(635)   Other: 0.2ms
[2024-10-12T10:23:25.280+0800][info] GC(635) Eden regions: 2->0(2)
[2024-10-12T10:23:25.280+0800][info] GC(635) Survivor regions: 1->1(1)
[2024-10-12T10:23:25.280+0800][info] GC(635) Old regions: 43->45
[2024-10-12T10:23:25.280+0800][info] GC(635) Archive regions: 2->2
[2024-10-12T10:23:25.280+0800][info] GC(635) Humongous regions: 4->4
[2024-10-12T10:23:25.280+0800][info] GC(635) Metaspace: 1697K(1856K)->1697K(1856K) NonClass: 1572K(1664K)->1572K(1664K) Class: 124K(192K)->124K(192K)
[2024-10-12T10:23:25.280+0800][info] GC(635) Pause Young (Normal) (G1 Evacuation Pause) 88M->88M(128M) 1.459ms
[2024-10-12T10:23:25.280+0800][info] GC(635) User=0.01s Sys=0.00s Real=0.00s
[2024-10-12T10:23:25.382+0800][info] GC(636) Pause Young (Normal) (G1 Evacuation Pause)
[2024-10-12T10:23:25.382+0800][info] GC(636) Using 3 workers of 48 for evacuation
[2024-10-12T10:23:25.383+0800][info] GC(636)   Pre Evacuate Collection Set: 0.1ms
[2024-10-12T10:23:25.384+0800][info] GC(636)   Merge Heap Roots: 0.1ms
[2024-10-12T10:23:25.384+0800][info] GC(636)   Evacuate Collection Set: 0.7ms
[2024-10-12T10:23:25.384+0800][info] GC(636)   Post Evacuate Collection Set: 0.2ms
[2024-10-12T10:23:25.384+0800][info] GC(636)   Other: 0.2ms
[2024-10-12T10:23:25.384+0800][info] GC(636) Eden regions: 2->0(2)
[2024-10-12T10:23:25.384+0800][info] GC(636) Survivor regions: 1->1(1)
[2024-10-12T10:23:25.384+0800][info] GC(636) Old regions: 45->47
[2024-10-12T10:23:25.384+0800][info] GC(636) Archive regions: 2->2
[2024-10-12T10:23:25.384+0800][info] GC(636) Humongous regions: 4->4
[2024-10-12T10:23:25.384+0800][info] GC(636) Metaspace: 1697K(1856K)->1697K(1856K) NonClass: 1572K(1664K)->1572K(1664K) Class: 124K(192K)->124K(192K)
[2024-10-12T10:23:25.384+0800][info] GC(636) Pause Young (Normal) (G1 Evacuation Pause) 92M->92M(128M) 1.341ms
[2024-10-12T10:23:25.384+0800][info] GC(636) User=0.00s Sys=0.00s Real=0.00s
[2024-10-12T10:23:25.486+0800][info] GC(637) Pause Young (Concurrent Start) (G1 Evacuation Pause)
[2024-10-12T10:23:25.486+0800][info] GC(637) Using 3 workers of 48 for evacuation
[2024-10-12T10:23:25.487+0800][info] GC(637)   Pre Evacuate Collection Set: 0.1ms
[2024-10-12T10:23:25.487+0800][info] GC(637)   Merge Heap Roots: 0.0ms
[2024-10-12T10:23:25.487+0800][info] GC(637)   Evacuate Collection Set: 0.8ms
[2024-10-12T10:23:25.487+0800][info] GC(637)   Post Evacuate Collection Set: 0.2ms
[2024-10-12T10:23:25.487+0800][info] GC(637)   Other: 0.4ms
[2024-10-12T10:23:25.487+0800][info] GC(637) Eden regions: 2->0(2)
[2024-10-12T10:23:25.487+0800][info] GC(637) Survivor regions: 1->1(1)
[2024-10-12T10:23:25.487+0800][info] GC(637) Old regions: 47->49
[2024-10-12T10:23:25.487+0800][info] GC(637) Archive regions: 2->2
[2024-10-12T10:23:25.487+0800][info] GC(637) Humongous regions: 4->4
[2024-10-12T10:23:25.487+0800][info] GC(637) Metaspace: 1697K(1856K)->1697K(1856K) NonClass: 1572K(1664K)->1572K(1664K) Class: 124K(192K)->124K(192K)
[2024-10-12T10:23:25.487+0800][info] GC(637) Pause Young (Concurrent Start) (G1 Evacuation Pause) 96M->96M(128M) 1.588ms
[2024-10-12T10:23:25.487+0800][info] GC(637) User=0.00s Sys=0.00s Real=0.00s
[2024-10-12T10:23:25.487+0800][info] GC(638) Concurrent Mark Cycle
[2024-10-12T10:23:25.487+0800][info] GC(638) Concurrent Clear Claimed Marks
[2024-10-12T10:23:25.487+0800][info] GC(638) Concurrent Clear Claimed Marks 0.017ms
[2024-10-12T10:23:25.487+0800][info] GC(638) Concurrent Scan Root Regions
[2024-10-12T10:23:25.488+0800][info] GC(638) Concurrent Scan Root Regions 0.115ms
[2024-10-12T10:23:25.488+0800][info] GC(638) Concurrent Mark
[2024-10-12T10:23:25.488+0800][info] GC(638) Concurrent Mark From Roots
[2024-10-12T10:23:25.488+0800][info] GC(638) Using 12 workers of 12 for marking
[2024-10-12T10:23:25.491+0800][info] GC(638) Concurrent Mark From Roots 3.861ms
[2024-10-12T10:23:25.492+0800][info] GC(638) Concurrent Preclean
[2024-10-12T10:23:25.493+0800][info] GC(638) Concurrent Preclean 1.710ms
[2024-10-12T10:23:25.493+0800][info] GC(638) Pause Remark
[2024-10-12T10:23:25.495+0800][info] GC(638) Pause Remark 97M->95M(128M) 1.553ms
[2024-10-12T10:23:25.495+0800][info] GC(638) User=0.00s Sys=0.00s Real=0.00s
[2024-10-12T10:23:25.495+0800][info] GC(638) Concurrent Mark 7.391ms
[2024-10-12T10:23:25.495+0800][info] GC(638) Concurrent Rebuild Remembered Sets
[2024-10-12T10:23:25.497+0800][info] GC(638) Concurrent Rebuild Remembered Sets 1.794ms
[2024-10-12T10:23:25.497+0800][info] GC(638) Pause Cleanup
[2024-10-12T10:23:25.497+0800][info] GC(638) Pause Cleanup 95M->95M(128M) 0.209ms
[2024-10-12T10:23:25.497+0800][info] GC(638) User=0.00s Sys=0.00s Real=0.00s
[2024-10-12T10:23:25.497+0800][info] GC(638) Concurrent Cleanup for Next Mark
[2024-10-12T10:23:25.498+0800][info] GC(638) Concurrent Cleanup for Next Mark 0.357ms
[2024-10-12T10:23:25.498+0800][info] GC(638) Concurrent Mark Cycle 10.237ms
[2024-10-12T10:23:25.641+0800][info] GC(639) Pause Young (Prepare Mixed) (G1 Evacuation Pause)
[2024-10-12T10:23:25.641+0800][info] GC(639) Using 3 workers of 48 for evacuation
[2024-10-12T10:23:25.642+0800][info] GC(639)   Pre Evacuate Collection Set: 0.1ms
[2024-10-12T10:23:25.642+0800][info] GC(639)   Merge Heap Roots: 0.1ms
[2024-10-12T10:23:25.642+0800][info] GC(639)   Evacuate Collection Set: 0.8ms
[2024-10-12T10:23:25.642+0800][info] GC(639)   Post Evacuate Collection Set: 0.2ms
[2024-10-12T10:23:25.642+0800][info] GC(639)   Other: 0.2ms
[2024-10-12T10:23:25.642+0800][info] GC(639) Eden regions: 2->0(2)
[2024-10-12T10:23:25.642+0800][info] GC(639) Survivor regions: 1->1(1)
[2024-10-12T10:23:25.642+0800][info] GC(639) Old regions: 49->51
[2024-10-12T10:23:25.642+0800][info] GC(639) Archive regions: 2->2
[2024-10-12T10:23:25.642+0800][info] GC(639) Humongous regions: 3->3
[2024-10-12T10:23:25.642+0800][info] GC(639) Metaspace: 1697K(1856K)->1697K(1856K) NonClass: 1572K(1664K)->1572K(1664K) Class: 124K(192K)->124K(192K)
[2024-10-12T10:23:25.642+0800][info] GC(639) Pause Young (Prepare Mixed) (G1 Evacuation Pause) 98M->98M(128M) 1.494ms
[2024-10-12T10:23:25.642+0800][info] GC(639) User=0.01s Sys=0.00s Real=0.00s
[2024-10-12T10:23:25.744+0800][info] GC(640) Pause Young (Mixed) (G1 Preventive Collection)
[2024-10-12T10:23:25.744+0800][info] GC(640) Using 3 workers of 48 for evacuation
[2024-10-12T10:23:25.746+0800][info] GC(640)   Pre Evacuate Collection Set: 0.2ms
[2024-10-12T10:23:25.746+0800][info] GC(640)   Merge Heap Roots: 0.1ms
[2024-10-12T10:23:25.746+0800][info] GC(640)   Evacuate Collection Set: 1.5ms
[2024-10-12T10:23:25.746+0800][info] GC(640)   Post Evacuate Collection Set: 0.2ms
[2024-10-12T10:23:25.746+0800][info] GC(640)   Other: 0.2ms
[2024-10-12T10:23:25.746+0800][info] GC(640) Eden regions: 2->0(2)
[2024-10-12T10:23:25.746+0800][info] GC(640) Survivor regions: 1->1(1)
[2024-10-12T10:23:25.746+0800][info] GC(640) Old regions: 51->48
[2024-10-12T10:23:25.746+0800][info] GC(640) Archive regions: 2->2
[2024-10-12T10:23:25.746+0800][info] GC(640) Humongous regions: 3->3
[2024-10-12T10:23:25.746+0800][info] GC(640) Metaspace: 1697K(1856K)->1697K(1856K) NonClass: 1572K(1664K)->1572K(1664K) Class: 124K(192K)->124K(192K)
[2024-10-12T10:23:25.746+0800][info] GC(640) Pause Young (Mixed) (G1 Preventive Collection) 101M->96M(128M) 2.215ms
[2024-10-12T10:23:25.746+0800][info] GC(640) User=0.00s Sys=0.00s Real=0.01s
[2024-10-12T10:23:25.849+0800][info] GC(641) Pause Young (Mixed) (G1 Evacuation Pause)
[2024-10-12T10:23:25.849+0800][info] GC(641) Using 3 workers of 48 for evacuation
[2024-10-12T10:23:25.851+0800][info] GC(641)   Pre Evacuate Collection Set: 0.2ms
[2024-10-12T10:23:25.851+0800][info] GC(641)   Merge Heap Roots: 0.1ms
[2024-10-12T10:23:25.851+0800][info] GC(641)   Evacuate Collection Set: 1.6ms
[2024-10-12T10:23:25.851+0800][info] GC(641)   Post Evacuate Collection Set: 0.2ms
[2024-10-12T10:23:25.851+0800][info] GC(641)   Other: 0.1ms
[2024-10-12T10:23:25.851+0800][info] GC(641) Eden regions: 2->0(2)
[2024-10-12T10:23:25.851+0800][info] GC(641) Survivor regions: 1->1(1)
[2024-10-12T10:23:25.851+0800][info] GC(641) Old regions: 48->46
[2024-10-12T10:23:25.851+0800][info] GC(641) Archive regions: 2->2
[2024-10-12T10:23:25.851+0800][info] GC(641) Humongous regions: 3->3
[2024-10-12T10:23:25.851+0800][info] GC(641) Metaspace: 1697K(1856K)->1697K(1856K) NonClass: 1572K(1664K)->1572K(1664K) Class: 124K(192K)->124K(192K)
[2024-10-12T10:23:25.851+0800][info] GC(641) Pause Young (Mixed) (G1 Evacuation Pause) 100M->94M(128M) 2.267ms
[2024-10-12T10:23:25.851+0800][info] GC(641) User=0.00s Sys=0.00s Real=0.00s
[2024-10-12T10:23:25.953+0800][info] GC(642) Pause Young (Mixed) (G1 Evacuation Pause)
[2024-10-12T10:23:25.953+0800][info] GC(642) Using 3 workers of 48 for evacuation
[2024-10-12T10:23:25.956+0800][info] GC(642)   Pre Evacuate Collection Set: 0.2ms
[2024-10-12T10:23:25.956+0800][info] GC(642)   Merge Heap Roots: 0.1ms
[2024-10-12T10:23:25.956+0800][info] GC(642)   Evacuate Collection Set: 2.0ms
[2024-10-12T10:23:25.956+0800][info] GC(642)   Post Evacuate Collection Set: 0.2ms
[2024-10-12T10:23:25.956+0800][info] GC(642)   Other: 0.1ms
[2024-10-12T10:23:25.956+0800][info] GC(642) Eden regions: 2->0(2)
[2024-10-12T10:23:25.956+0800][info] GC(642) Survivor regions: 1->1(1)
[2024-10-12T10:23:25.956+0800][info] GC(642) Old regions: 46->46
[2024-10-12T10:23:25.956+0800][info] GC(642) Archive regions: 2->2
[2024-10-12T10:23:25.956+0800][info] GC(642) Humongous regions: 3->3
[2024-10-12T10:23:25.956+0800][info] GC(642) Metaspace: 1697K(1856K)->1697K(1856K) NonClass: 1572K(1664K)->1572K(1664K) Class: 124K(192K)->124K(192K)
[2024-10-12T10:23:25.956+0800][info] GC(642) Pause Young (Mixed) (G1 Evacuation Pause) 98M->96M(128M) 2.675ms
[2024-10-12T10:23:25.956+0800][info] GC(642) User=0.01s Sys=0.00s Real=0.00s
[2024-10-12T10:23:26.058+0800][info] GC(643) Pause Young (Mixed) (G1 Evacuation Pause)
[2024-10-12T10:23:26.058+0800][info] GC(643) Using 3 workers of 48 for evacuation
[2024-10-12T10:23:26.060+0800][info] GC(643)   Pre Evacuate Collection Set: 0.2ms
[2024-10-12T10:23:26.060+0800][info] GC(643)   Merge Heap Roots: 0.0ms
[2024-10-12T10:23:26.060+0800][info] GC(643)   Evacuate Collection Set: 0.8ms
[2024-10-12T10:23:26.060+0800][info] GC(643)   Post Evacuate Collection Set: 0.2ms
[2024-10-12T10:23:26.060+0800][info] GC(643)   Other: 0.1ms
[2024-10-12T10:23:26.060+0800][info] GC(643) Eden regions: 2->0(2)
[2024-10-12T10:23:26.060+0800][info] GC(643) Survivor regions: 1->1(1)
[2024-10-12T10:23:26.060+0800][info] GC(643) Old regions: 46->47
[2024-10-12T10:23:26.060+0800][info] GC(643) Archive regions: 2->2
[2024-10-12T10:23:26.060+0800][info] GC(643) Humongous regions: 3->3
[2024-10-12T10:23:26.060+0800][info] GC(643) Metaspace: 1697K(1856K)->1697K(1856K) NonClass: 1572K(1664K)->1572K(1664K) Class: 124K(192K)->124K(192K)
[2024-10-12T10:23:26.060+0800][info] GC(643) Pause Young (Mixed) (G1 Evacuation Pause) 99M->98M(128M) 1.499ms
[2024-10-12T10:23:26.060+0800][info] GC(643) User=0.00s Sys=0.00s Real=0.00s
[2024-10-12T10:23:26.162+0800][info] GC(644) Pause Young (Normal) (G1 Evacuation Pause)
[2024-10-12T10:23:26.162+0800][info] GC(644) Using 3 workers of 48 for evacuation
[2024-10-12T10:23:26.163+0800][info] GC(644)   Pre Evacuate Collection Set: 0.1ms
[2024-10-12T10:23:26.163+0800][info] GC(644)   Merge Heap Roots: 0.0ms
[2024-10-12T10:23:26.163+0800][info] GC(644)   Evacuate Collection Set: 0.8ms
[2024-10-12T10:23:26.163+0800][info] GC(644)   Post Evacuate Collection Set: 0.2ms
[2024-10-12T10:23:26.163+0800][info] GC(644)   Other: 0.2ms
[2024-10-12T10:23:26.163+0800][info] GC(644) Eden regions: 2->0(2)
[2024-10-12T10:23:26.163+0800][info] GC(644) Survivor regions: 1->1(1)
[2024-10-12T10:23:26.163+0800][info] GC(644) Old regions: 47->49
[2024-10-12T10:23:26.163+0800][info] GC(644) Archive regions: 2->2
[2024-10-12T10:23:26.163+0800][info] GC(644) Humongous regions: 3->3
[2024-10-12T10:23:26.163+0800][info] GC(644) Metaspace: 1697K(1856K)->1697K(1856K) NonClass: 1572K(1664K)->1572K(1664K) Class: 124K(192K)->124K(192K)
[2024-10-12T10:23:26.163+0800][info] GC(644) Pause Young (Normal) (G1 Evacuation Pause) 102M->102M(128M) 1.451ms
[2024-10-12T10:23:26.163+0800][info] GC(644) User=0.01s Sys=0.00s Real=0.00s
[2024-10-12T10:23:26.266+0800][info] GC(645) Pause Young (Normal) (G1 Evacuation Pause)
[2024-10-12T10:23:26.266+0800][info] GC(645) Using 3 workers of 48 for evacuation
[2024-10-12T10:23:26.267+0800][info] GC(645)   Pre Evacuate Collection Set: 0.1ms
[2024-10-12T10:23:26.267+0800][info] GC(645)   Merge Heap Roots: 0.0ms
[2024-10-12T10:23:26.267+0800][info] GC(645)   Evacuate Collection Set: 0.7ms
[2024-10-12T10:23:26.267+0800][info] GC(645)   Post Evacuate Collection Set: 0.2ms
[2024-10-12T10:23:26.267+0800][info] GC(645)   Other: 0.2ms
[2024-10-12T10:23:26.267+0800][info] GC(645) Eden regions: 2->0(2)
[2024-10-12T10:23:26.267+0800][info] GC(645) Survivor regions: 1->1(1)
[2024-10-12T10:23:26.267+0800][info] GC(645) Old regions: 49->51
[2024-10-12T10:23:26.267+0800][info] GC(645) Archive regions: 2->2
[2024-10-12T10:23:26.267+0800][info] GC(645) Humongous regions: 3->3
[2024-10-12T10:23:26.267+0800][info] GC(645) Metaspace: 1697K(1856K)->1697K(1856K) NonClass: 1572K(1664K)->1572K(1664K) Class: 124K(192K)->124K(192K)
[2024-10-12T10:23:26.267+0800][info] GC(645) Pause Young (Normal) (G1 Evacuation Pause) 105M->106M(128M) 1.355ms
[2024-10-12T10:23:26.267+0800][info] GC(645) User=0.00s Sys=0.00s Real=0.00s
[2024-10-12T10:23:26.369+0800][info] GC(646) Pause Young (Concurrent Start) (G1 Evacuation Pause)
[2024-10-12T10:23:26.369+0800][info] GC(646) Using 3 workers of 48 for evacuation
[2024-10-12T10:23:26.370+0800][info] GC(646)   Pre Evacuate Collection Set: 0.1ms
[2024-10-12T10:23:26.370+0800][info] GC(646)   Merge Heap Roots: 0.0ms
[2024-10-12T10:23:26.370+0800][info] GC(646)   Evacuate Collection Set: 0.7ms
[2024-10-12T10:23:26.370+0800][info] GC(646)   Post Evacuate Collection Set: 0.2ms
[2024-10-12T10:23:26.370+0800][info] GC(646)   Other: 0.3ms
[2024-10-12T10:23:26.371+0800][info] GC(646) Eden regions: 2->0(2)
[2024-10-12T10:23:26.371+0800][info] GC(646) Survivor regions: 1->1(1)
[2024-10-12T10:23:26.371+0800][info] GC(646) Old regions: 51->53
[2024-10-12T10:23:26.371+0800][info] GC(646) Archive regions: 2->2
[2024-10-12T10:23:26.371+0800][info] GC(646) Humongous regions: 3->3
[2024-10-12T10:23:26.371+0800][info] GC(646) Metaspace: 1697K(1856K)->1697K(1856K) NonClass: 1572K(1664K)->1572K(1664K) Class: 124K(192K)->124K(192K)
[2024-10-12T10:23:26.371+0800][info] GC(646) Pause Young (Concurrent Start) (G1 Evacuation Pause) 110M->109M(128M) 1.473ms
[2024-10-12T10:23:26.371+0800][info] GC(646) User=0.00s Sys=0.00s Real=0.00s
[2024-10-12T10:23:26.371+0800][info] GC(647) Concurrent Mark Cycle
[2024-10-12T10:23:26.371+0800][info] GC(647) Concurrent Clear Claimed Marks
[2024-10-12T10:23:26.371+0800][info] GC(647) Concurrent Clear Claimed Marks 0.017ms
[2024-10-12T10:23:26.371+0800][info] GC(647) Concurrent Scan Root Regions
[2024-10-12T10:23:26.371+0800][info] GC(647) Concurrent Scan Root Regions 0.155ms
[2024-10-12T10:23:26.371+0800][info] GC(647) Concurrent Mark
[2024-10-12T10:23:26.371+0800][info] GC(647) Concurrent Mark From Roots
[2024-10-12T10:23:26.371+0800][info] GC(647) Using 12 workers of 12 for marking
[2024-10-12T10:23:26.374+0800][info] GC(647) Concurrent Mark From Roots 3.274ms
[2024-10-12T10:23:26.374+0800][info] GC(647) Concurrent Preclean
[2024-10-12T10:23:26.376+0800][info] GC(647) Concurrent Preclean 1.684ms
[2024-10-12T10:23:26.376+0800][info] GC(647) Pause Remark
[2024-10-12T10:23:26.378+0800][info] GC(647) Pause Remark 110M->110M(128M) 1.847ms
[2024-10-12T10:23:26.378+0800][info] GC(647) User=0.01s Sys=0.00s Real=0.00s
[2024-10-12T10:23:26.378+0800][info] GC(647) Concurrent Mark 7.055ms
[2024-10-12T10:23:26.378+0800][info] GC(647) Concurrent Rebuild Remembered Sets
[2024-10-12T10:23:26.380+0800][info] GC(647) Concurrent Rebuild Remembered Sets 1.644ms
[2024-10-12T10:23:26.380+0800][info] GC(647) Pause Cleanup
[2024-10-12T10:23:26.380+0800][info] GC(647) Pause Cleanup 110M->110M(128M) 0.197ms
[2024-10-12T10:23:26.380+0800][info] GC(647) User=0.00s Sys=0.00s Real=0.00s
[2024-10-12T10:23:26.380+0800][info] GC(647) Concurrent Cleanup for Next Mark
[2024-10-12T10:23:26.381+0800][info] GC(647) Concurrent Cleanup for Next Mark 0.391ms
[2024-10-12T10:23:26.381+0800][info] GC(647) Concurrent Mark Cycle 9.804ms
[2024-10-12T10:23:26.524+0800][info] GC(648) Pause Young (Prepare Mixed) (G1 Preventive Collection)
[2024-10-12T10:23:26.524+0800][info] GC(648) Using 3 workers of 48 for evacuation
[2024-10-12T10:23:26.525+0800][info] GC(648)   Pre Evacuate Collection Set: 0.1ms
[2024-10-12T10:23:26.525+0800][info] GC(648)   Merge Heap Roots: 0.1ms
[2024-10-12T10:23:26.525+0800][info] GC(648)   Evacuate Collection Set: 0.8ms
[2024-10-12T10:23:26.525+0800][info] GC(648)   Post Evacuate Collection Set: 0.2ms
[2024-10-12T10:23:26.525+0800][info] GC(648)   Other: 0.2ms
[2024-10-12T10:23:26.525+0800][info] GC(648) Eden regions: 2->0(2)
[2024-10-12T10:23:26.525+0800][info] GC(648) Survivor regions: 1->1(1)
[2024-10-12T10:23:26.525+0800][info] GC(648) Old regions: 53->54
[2024-10-12T10:23:26.525+0800][info] GC(648) Archive regions: 2->2
[2024-10-12T10:23:26.525+0800][info] GC(648) Humongous regions: 3->3
[2024-10-12T10:23:26.525+0800][info] GC(648) Metaspace: 1697K(1856K)->1697K(1856K) NonClass: 1572K(1664K)->1572K(1664K) Class: 124K(192K)->124K(192K)
[2024-10-12T10:23:26.525+0800][info] GC(648) Pause Young (Prepare Mixed) (G1 Preventive Collection) 113M->113M(128M) 1.496ms
[2024-10-12T10:23:26.525+0800][info] GC(648) User=0.00s Sys=0.00s Real=0.01s
[2024-10-12T10:23:26.587+0800][info] GC(649) Pause Young (Mixed) (G1 Preventive Collection)
[2024-10-12T10:23:26.587+0800][info] GC(649) Using 3 workers of 48 for evacuation
[2024-10-12T10:23:26.588+0800][info] GC(649) To-space exhausted
[2024-10-12T10:23:26.588+0800][info] GC(649)   Pre Evacuate Collection Set: 0.2ms
[2024-10-12T10:23:26.588+0800][info] GC(649)   Merge Heap Roots: 0.1ms
[2024-10-12T10:23:26.588+0800][info] GC(649)   Evacuate Collection Set: 0.8ms
[2024-10-12T10:23:26.588+0800][info] GC(649)   Post Evacuate Collection Set: 0.2ms
[2024-10-12T10:23:26.588+0800][info] GC(649)   Other: 0.2ms
[2024-10-12T10:23:26.588+0800][info] GC(649) Eden regions: 1->0(2)
[2024-10-12T10:23:26.588+0800][info] GC(649) Survivor regions: 1->1(1)
[2024-10-12T10:23:26.588+0800][info] GC(649) Old regions: 54->52
[2024-10-12T10:23:26.588+0800][info] GC(649) Archive regions: 2->2
[2024-10-12T10:23:26.588+0800][info] GC(649) Humongous regions: 3->3
[2024-10-12T10:23:26.588+0800][info] GC(649) Metaspace: 1697K(1856K)->1697K(1856K) NonClass: 1572K(1664K)->1572K(1664K) Class: 124K(192K)->124K(192K)
[2024-10-12T10:23:26.588+0800][info] GC(649) Pause Young (Mixed) (G1 Preventive Collection) 114M->110M(128M) 1.546ms
[2024-10-12T10:23:26.588+0800][info] GC(649) User=0.00s Sys=0.00s Real=0.00s
[2024-10-12T10:23:26.629+0800][info] GC(650) Pause Young (Mixed) (G1 Preventive Collection)
[2024-10-12T10:23:26.629+0800][info] GC(650) Using 3 workers of 48 for evacuation
[2024-10-12T10:23:26.631+0800][info] GC(650)   Pre Evacuate Collection Set: 0.2ms
[2024-10-12T10:23:26.631+0800][info] GC(650)   Merge Heap Roots: 0.1ms
[2024-10-12T10:23:26.631+0800][info] GC(650)   Evacuate Collection Set: 1.3ms
[2024-10-12T10:23:26.631+0800][info] GC(650)   Post Evacuate Collection Set: 0.2ms
[2024-10-12T10:23:26.631+0800][info] GC(650)   Other: 0.1ms
[2024-10-12T10:23:26.631+0800][info] GC(650) Eden regions: 1->0(2)
[2024-10-12T10:23:26.631+0800][info] GC(650) Survivor regions: 1->1(1)
[2024-10-12T10:23:26.631+0800][info] GC(650) Old regions: 52->49
[2024-10-12T10:23:26.631+0800][info] GC(650) Archive regions: 2->2
[2024-10-12T10:23:26.631+0800][info] GC(650) Humongous regions: 3->3
[2024-10-12T10:23:26.631+0800][info] GC(650) Metaspace: 1697K(1856K)->1697K(1856K) NonClass: 1572K(1664K)->1572K(1664K) Class: 124K(192K)->124K(192K)
[2024-10-12T10:23:26.631+0800][info] GC(650) Pause Young (Mixed) (G1 Preventive Collection) 111M->104M(128M) 1.994ms
[2024-10-12T10:23:26.631+0800][info] GC(650) User=0.01s Sys=0.00s Real=0.00s
[2024-10-12T10:23:26.734+0800][info] GC(651) Pause Young (Mixed) (G1 Preventive Collection)
[2024-10-12T10:23:26.734+0800][info] GC(651) Using 3 workers of 48 for evacuation
[2024-10-12T10:23:26.736+0800][info] GC(651)   Pre Evacuate Collection Set: 0.2ms
[2024-10-12T10:23:26.736+0800][info] GC(651)   Merge Heap Roots: 0.1ms
[2024-10-12T10:23:26.736+0800][info] GC(651)   Evacuate Collection Set: 1.9ms
[2024-10-12T10:23:26.736+0800][info] GC(651)   Post Evacuate Collection Set: 0.2ms
[2024-10-12T10:23:26.736+0800][info] GC(651)   Other: 0.1ms
[2024-10-12T10:23:26.736+0800][info] GC(651) Eden regions: 2->0(2)
[2024-10-12T10:23:26.736+0800][info] GC(651) Survivor regions: 1->1(1)
[2024-10-12T10:23:26.736+0800][info] GC(651) Old regions: 49->48
[2024-10-12T10:23:26.736+0800][info] GC(651) Archive regions: 2->2
[2024-10-12T10:23:26.736+0800][info] GC(651) Humongous regions: 3->3
[2024-10-12T10:23:26.736+0800][info] GC(651) Metaspace: 1697K(1856K)->1697K(1856K) NonClass: 1572K(1664K)->1572K(1664K) Class: 124K(192K)->124K(192K)
[2024-10-12T10:23:26.736+0800][info] GC(651) Pause Young (Mixed) (G1 Preventive Collection) 108M->103M(128M) 2.605ms
[2024-10-12T10:23:26.736+0800][info] GC(651) User=0.00s Sys=0.00s Real=0.00s
[2024-10-12T10:23:26.838+0800][info] GC(652) Pause Young (Mixed) (G1 Evacuation Pause)
[2024-10-12T10:23:26.838+0800][info] GC(652) Using 3 workers of 48 for evacuation
[2024-10-12T10:23:26.841+0800][info] GC(652)   Pre Evacuate Collection Set: 0.1ms
[2024-10-12T10:23:26.841+0800][info] GC(652)   Merge Heap Roots: 0.1ms
[2024-10-12T10:23:26.841+0800][info] GC(652)   Evacuate Collection Set: 1.9ms
[2024-10-12T10:23:26.841+0800][info] GC(652)   Post Evacuate Collection Set: 0.2ms
[2024-10-12T10:23:26.841+0800][info] GC(652)   Other: 0.1ms
[2024-10-12T10:23:26.841+0800][info] GC(652) Eden regions: 2->0(2)
[2024-10-12T10:23:26.841+0800][info] GC(652) Survivor regions: 1->1(1)
[2024-10-12T10:23:26.841+0800][info] GC(652) Old regions: 48->48
[2024-10-12T10:23:26.841+0800][info] GC(652) Archive regions: 2->2
[2024-10-12T10:23:26.841+0800][info] GC(652) Humongous regions: 3->3
[2024-10-12T10:23:26.841+0800][info] GC(652) Metaspace: 1697K(1856K)->1697K(1856K) NonClass: 1572K(1664K)->1572K(1664K) Class: 124K(192K)->124K(192K)
[2024-10-12T10:23:26.841+0800][info] GC(652) Pause Young (Mixed) (G1 Evacuation Pause) 106M->103M(128M) 2.577ms
[2024-10-12T10:23:26.841+0800][info] GC(652) User=0.00s Sys=0.00s Real=0.00s
[2024-10-12T10:23:26.943+0800][info] GC(653) Pause Young (Mixed) (G1 Evacuation Pause)
[2024-10-12T10:23:26.943+0800][info] GC(653) Using 3 workers of 48 for evacuation
[2024-10-12T10:23:26.945+0800][info] GC(653)   Pre Evacuate Collection Set: 0.2ms
[2024-10-12T10:23:26.945+0800][info] GC(653)   Merge Heap Roots: 0.0ms
[2024-10-12T10:23:26.945+0800][info] GC(653)   Evacuate Collection Set: 1.2ms
[2024-10-12T10:23:26.945+0800][info] GC(653)   Post Evacuate Collection Set: 0.2ms
[2024-10-12T10:23:26.945+0800][info] GC(653)   Other: 0.1ms
[2024-10-12T10:23:26.945+0800][info] GC(653) Eden regions: 2->0(2)
[2024-10-12T10:23:26.945+0800][info] GC(653) Survivor regions: 1->1(1)
[2024-10-12T10:23:26.945+0800][info] GC(653) Old regions: 48->48
[2024-10-12T10:23:26.945+0800][info] GC(653) Archive regions: 2->2
[2024-10-12T10:23:26.945+0800][info] GC(653) Humongous regions: 3->3
[2024-10-12T10:23:26.945+0800][info] GC(653) Metaspace: 1697K(1856K)->1697K(1856K) NonClass: 1572K(1664K)->1572K(1664K) Class: 124K(192K)->124K(192K)
[2024-10-12T10:23:26.945+0800][info] GC(653) Pause Young (Mixed) (G1 Evacuation Pause) 106M->103M(128M) 1.890ms
[2024-10-12T10:23:26.945+0800][info] GC(653) User=0.00s Sys=0.00s Real=0.01s
[2024-10-12T10:23:27.047+0800][info] GC(654) Pause Young (Normal) (G1 Evacuation Pause)
[2024-10-12T10:23:27.047+0800][info] GC(654) Using 3 workers of 48 for evacuation
[2024-10-12T10:23:27.049+0800][info] GC(654)   Pre Evacuate Collection Set: 0.1ms
[2024-10-12T10:23:27.049+0800][info] GC(654)   Merge Heap Roots: 0.0ms
[2024-10-12T10:23:27.049+0800][info] GC(654)   Evacuate Collection Set: 0.8ms
[2024-10-12T10:23:27.049+0800][info] GC(654)   Post Evacuate Collection Set: 0.2ms
[2024-10-12T10:23:27.049+0800][info] GC(654)   Other: 0.2ms
[2024-10-12T10:23:27.049+0800][info] GC(654) Eden regions: 2->0(2)
[2024-10-12T10:23:27.049+0800][info] GC(654) Survivor regions: 1->1(1)
[2024-10-12T10:23:27.049+0800][info] GC(654) Old regions: 48->50
[2024-10-12T10:23:27.049+0800][info] GC(654) Archive regions: 2->2
[2024-10-12T10:23:27.049+0800][info] GC(654) Humongous regions: 3->3
[2024-10-12T10:23:27.049+0800][info] GC(654) Metaspace: 1697K(1856K)->1697K(1856K) NonClass: 1572K(1664K)->1572K(1664K) Class: 124K(192K)->124K(192K)
[2024-10-12T10:23:27.049+0800][info] GC(654) Pause Young (Normal) (G1 Evacuation Pause) 106M->107M(128M) 1.419ms
[2024-10-12T10:23:27.049+0800][info] GC(654) User=0.00s Sys=0.00s Real=0.00s
[2024-10-12T10:23:27.090+0800][info] GC(655) Pause Young (Concurrent Start) (G1 Humongous Allocation)
[2024-10-12T10:23:27.090+0800][info] GC(655) Using 3 workers of 48 for evacuation
[2024-10-12T10:23:27.091+0800][info] GC(655)   Pre Evacuate Collection Set: 0.1ms
[2024-10-12T10:23:27.091+0800][info] GC(655)   Merge Heap Roots: 0.0ms
[2024-10-12T10:23:27.091+0800][info] GC(655)   Evacuate Collection Set: 0.6ms
[2024-10-12T10:23:27.091+0800][info] GC(655)   Post Evacuate Collection Set: 0.2ms
[2024-10-12T10:23:27.091+0800][info] GC(655)   Other: 0.3ms
[2024-10-12T10:23:27.091+0800][info] GC(655) Eden regions: 1->0(2)
[2024-10-12T10:23:27.091+0800][info] GC(655) Survivor regions: 1->1(1)
[2024-10-12T10:23:27.091+0800][info] GC(655) Old regions: 50->51
[2024-10-12T10:23:27.091+0800][info] GC(655) Archive regions: 2->2
[2024-10-12T10:23:27.091+0800][info] GC(655) Humongous regions: 3->3
[2024-10-12T10:23:27.091+0800][info] GC(655) Metaspace: 1697K(1856K)->1697K(1856K) NonClass: 1572K(1664K)->1572K(1664K) Class: 124K(192K)->124K(192K)
[2024-10-12T10:23:27.091+0800][info] GC(655) Pause Young (Concurrent Start) (G1 Humongous Allocation) 109M->109M(128M) 1.316ms
[2024-10-12T10:23:27.091+0800][info] GC(655) User=0.00s Sys=0.01s Real=0.00s
[2024-10-12T10:23:27.091+0800][info] GC(656) Concurrent Mark Cycle
[2024-10-12T10:23:27.091+0800][info] GC(656) Concurrent Clear Claimed Marks
[2024-10-12T10:23:27.091+0800][info] GC(656) Concurrent Clear Claimed Marks 0.037ms
[2024-10-12T10:23:27.091+0800][info] GC(656) Concurrent Scan Root Regions
[2024-10-12T10:23:27.091+0800][info] GC(656) Concurrent Scan Root Regions 0.098ms
[2024-10-12T10:23:27.091+0800][info] GC(656) Concurrent Mark
[2024-10-12T10:23:27.091+0800][info] GC(656) Concurrent Mark From Roots
[2024-10-12T10:23:27.091+0800][info] GC(656) Using 12 workers of 12 for marking
[2024-10-12T10:23:27.095+0800][info] GC(656) Concurrent Mark From Roots 3.511ms
[2024-10-12T10:23:27.095+0800][info] GC(656) Concurrent Preclean
[2024-10-12T10:23:27.097+0800][info] GC(656) Concurrent Preclean 1.669ms
[2024-10-12T10:23:27.097+0800][info] GC(656) Pause Remark
[2024-10-12T10:23:27.099+0800][info] GC(656) Pause Remark 111M->109M(128M) 1.825ms
[2024-10-12T10:23:27.099+0800][info] GC(656) User=0.00s Sys=0.00s Real=0.00s
[2024-10-12T10:23:27.099+0800][info] GC(656) Concurrent Mark 7.256ms
[2024-10-12T10:23:27.099+0800][info] GC(656) Concurrent Rebuild Remembered Sets
[2024-10-12T10:23:27.100+0800][info] GC(656) Concurrent Rebuild Remembered Sets 1.601ms
[2024-10-12T10:23:27.100+0800][info] GC(656) Pause Cleanup
[2024-10-12T10:23:27.101+0800][info] GC(656) Pause Cleanup 109M->109M(128M) 0.166ms
[2024-10-12T10:23:27.101+0800][info] GC(656) User=0.00s Sys=0.00s Real=0.00s
[2024-10-12T10:23:27.101+0800][info] GC(656) Concurrent Cleanup for Next Mark
[2024-10-12T10:23:27.101+0800][info] GC(656) Concurrent Cleanup for Next Mark 0.324ms
[2024-10-12T10:23:27.101+0800][info] GC(656) Concurrent Mark Cycle 9.758ms
[2024-10-12T10:23:27.265+0800][info] GC(657) Pause Young (Prepare Mixed) (G1 Evacuation Pause)
[2024-10-12T10:23:27.265+0800][info] GC(657) Using 3 workers of 48 for evacuation
[2024-10-12T10:23:27.266+0800][info] GC(657)   Pre Evacuate Collection Set: 0.1ms
[2024-10-12T10:23:27.266+0800][info] GC(657)   Merge Heap Roots: 0.1ms
[2024-10-12T10:23:27.266+0800][info] GC(657)   Evacuate Collection Set: 0.8ms
[2024-10-12T10:23:27.266+0800][info] GC(657)   Post Evacuate Collection Set: 0.2ms
[2024-10-12T10:23:27.266+0800][info] GC(657)   Other: 0.2ms
[2024-10-12T10:23:27.266+0800][info] GC(657) Eden regions: 2->0(2)
[2024-10-12T10:23:27.266+0800][info] GC(657) Survivor regions: 1->1(1)
[2024-10-12T10:23:27.266+0800][info] GC(657) Old regions: 50->52
[2024-10-12T10:23:27.266+0800][info] GC(657) Archive regions: 2->2
[2024-10-12T10:23:27.266+0800][info] GC(657) Humongous regions: 4->3
[2024-10-12T10:23:27.266+0800][info] GC(657) Metaspace: 1697K(1856K)->1697K(1856K) NonClass: 1572K(1664K)->1572K(1664K) Class: 124K(192K)->124K(192K)
[2024-10-12T10:23:27.266+0800][info] GC(657) Pause Young (Prepare Mixed) (G1 Evacuation Pause) 113M->111M(128M) 1.440ms
[2024-10-12T10:23:27.266+0800][info] GC(657) User=0.00s Sys=0.00s Real=0.01s
[2024-10-12T10:23:27.369+0800][info] GC(658) Pause Young (Mixed) (G1 Preventive Collection)
[2024-10-12T10:23:27.369+0800][info] GC(658) Using 3 workers of 48 for evacuation
[2024-10-12T10:23:27.371+0800][info] GC(658) To-space exhausted
[2024-10-12T10:23:27.371+0800][info] GC(658)   Pre Evacuate Collection Set: 0.2ms
[2024-10-12T10:23:27.371+0800][info] GC(658)   Merge Heap Roots: 0.0ms
[2024-10-12T10:23:27.371+0800][info] GC(658)   Evacuate Collection Set: 1.2ms
[2024-10-12T10:23:27.371+0800][info] GC(658)   Post Evacuate Collection Set: 0.2ms
[2024-10-12T10:23:27.371+0800][info] GC(658)   Other: 0.2ms
[2024-10-12T10:23:27.371+0800][info] GC(658) Eden regions: 2->0(2)
[2024-10-12T10:23:27.371+0800][info] GC(658) Survivor regions: 1->1(1)
[2024-10-12T10:23:27.371+0800][info] GC(658) Old regions: 52->49
[2024-10-12T10:23:27.371+0800][info] GC(658) Archive regions: 2->2
[2024-10-12T10:23:27.371+0800][info] GC(658) Humongous regions: 3->3
[2024-10-12T10:23:27.371+0800][info] GC(658) Metaspace: 1697K(1856K)->1697K(1856K) NonClass: 1572K(1664K)->1572K(1664K) Class: 124K(192K)->124K(192K)
[2024-10-12T10:23:27.371+0800][info] GC(658) Pause Young (Mixed) (G1 Preventive Collection) 115M->106M(128M) 1.949ms
[2024-10-12T10:23:27.371+0800][info] GC(658) User=0.00s Sys=0.00s Real=0.00s
[2024-10-12T10:23:27.473+0800][info] GC(659) Pause Young (Mixed) (G1 Evacuation Pause)
[2024-10-12T10:23:27.473+0800][info] GC(659) Using 3 workers of 48 for evacuation
[2024-10-12T10:23:27.475+0800][info] GC(659)   Pre Evacuate Collection Set: 0.2ms
[2024-10-12T10:23:27.475+0800][info] GC(659)   Merge Heap Roots: 0.1ms
[2024-10-12T10:23:27.475+0800][info] GC(659)   Evacuate Collection Set: 1.6ms
[2024-10-12T10:23:27.475+0800][info] GC(659)   Post Evacuate Collection Set: 0.2ms
[2024-10-12T10:23:27.475+0800][info] GC(659)   Other: 0.2ms
[2024-10-12T10:23:27.475+0800][info] GC(659) Eden regions: 2->0(2)
[2024-10-12T10:23:27.475+0800][info] GC(659) Survivor regions: 1->1(1)
[2024-10-12T10:23:27.475+0800][info] GC(659) Old regions: 49->47
[2024-10-12T10:23:27.475+0800][info] GC(659) Archive regions: 2->2
[2024-10-12T10:23:27.475+0800][info] GC(659) Humongous regions: 3->3
[2024-10-12T10:23:27.475+0800][info] GC(659) Metaspace: 1697K(1856K)->1697K(1856K) NonClass: 1572K(1664K)->1572K(1664K) Class: 124K(192K)->124K(192K)
[2024-10-12T10:23:27.475+0800][info] GC(659) Pause Young (Mixed) (G1 Evacuation Pause) 110M->102M(128M) 2.250ms
[2024-10-12T10:23:27.475+0800][info] GC(659) User=0.00s Sys=0.00s Real=0.01s
[2024-10-12T10:23:27.578+0800][info] GC(660) Pause Young (Mixed) (G1 Evacuation Pause)
[2024-10-12T10:23:27.578+0800][info] GC(660) Using 3 workers of 48 for evacuation
[2024-10-12T10:23:27.580+0800][info] GC(660)   Pre Evacuate Collection Set: 0.2ms
[2024-10-12T10:23:27.580+0800][info] GC(660)   Merge Heap Roots: 0.1ms
[2024-10-12T10:23:27.580+0800][info] GC(660)   Evacuate Collection Set: 2.0ms
[2024-10-12T10:23:27.580+0800][info] GC(660)   Post Evacuate Collection Set: 0.2ms
[2024-10-12T10:23:27.580+0800][info] GC(660)   Other: 0.1ms
[2024-10-12T10:23:27.580+0800][info] GC(660) Eden regions: 2->0(2)
[2024-10-12T10:23:27.580+0800][info] GC(660) Survivor regions: 1->1(1)
[2024-10-12T10:23:27.580+0800][info] GC(660) Old regions: 47->46
[2024-10-12T10:23:27.580+0800][info] GC(660) Archive regions: 2->2
[2024-10-12T10:23:27.580+0800][info] GC(660) Humongous regions: 3->3
[2024-10-12T10:23:27.580+0800][info] GC(660) Metaspace: 1697K(1856K)->1697K(1856K) NonClass: 1572K(1664K)->1572K(1664K) Class: 124K(192K)->124K(192K)
[2024-10-12T10:23:27.580+0800][info] GC(660) Pause Young (Mixed) (G1 Evacuation Pause) 106M->99M(128M) 2.682ms
[2024-10-12T10:23:27.580+0800][info] GC(660) User=0.00s Sys=0.01s Real=0.00s
[2024-10-12T10:23:27.682+0800][info] GC(661) Pause Young (Mixed) (G1 Evacuation Pause)
[2024-10-12T10:23:27.682+0800][info] GC(661) Using 3 workers of 48 for evacuation
[2024-10-12T10:23:27.684+0800][info] GC(661)   Pre Evacuate Collection Set: 0.2ms
[2024-10-12T10:23:27.684+0800][info] GC(661)   Merge Heap Roots: 0.0ms
[2024-10-12T10:23:27.684+0800][info] GC(661)   Evacuate Collection Set: 1.3ms
[2024-10-12T10:23:27.684+0800][info] GC(661)   Post Evacuate Collection Set: 0.2ms
[2024-10-12T10:23:27.684+0800][info] GC(661)   Other: 0.1ms
[2024-10-12T10:23:27.684+0800][info] GC(661) Eden regions: 2->0(2)
[2024-10-12T10:23:27.684+0800][info] GC(661) Survivor regions: 1->1(1)
[2024-10-12T10:23:27.684+0800][info] GC(661) Old regions: 46->46
[2024-10-12T10:23:27.684+0800][info] GC(661) Archive regions: 2->2
[2024-10-12T10:23:27.684+0800][info] GC(661) Humongous regions: 3->3
[2024-10-12T10:23:27.684+0800][info] GC(661) Metaspace: 1697K(1856K)->1697K(1856K) NonClass: 1572K(1664K)->1572K(1664K) Class: 124K(192K)->124K(192K)
[2024-10-12T10:23:27.684+0800][info] GC(661) Pause Young (Mixed) (G1 Evacuation Pause) 103M->100M(128M) 1.935ms
[2024-10-12T10:23:27.684+0800][info] GC(661) User=0.01s Sys=0.00s Real=0.00s
[2024-10-12T10:23:27.787+0800][info] GC(662) Pause Young (Normal) (G1 Evacuation Pause)
[2024-10-12T10:23:27.787+0800][info] GC(662) Using 3 workers of 48 for evacuation
[2024-10-12T10:23:27.788+0800][info] GC(662)   Pre Evacuate Collection Set: 0.1ms
[2024-10-12T10:23:27.788+0800][info] GC(662)   Merge Heap Roots: 0.0ms
[2024-10-12T10:23:27.788+0800][info] GC(662)   Evacuate Collection Set: 0.7ms
[2024-10-12T10:23:27.788+0800][info] GC(662)   Post Evacuate Collection Set: 0.2ms
[2024-10-12T10:23:27.788+0800][info] GC(662)   Other: 0.2ms
[2024-10-12T10:23:27.788+0800][info] GC(662) Eden regions: 2->0(2)
[2024-10-12T10:23:27.788+0800][info] GC(662) Survivor regions: 1->1(1)
[2024-10-12T10:23:27.788+0800][info] GC(662) Old regions: 46->48
[2024-10-12T10:23:27.788+0800][info] GC(662) Archive regions: 2->2
[2024-10-12T10:23:27.788+0800][info] GC(662) Humongous regions: 3->3
[2024-10-12T10:23:27.788+0800][info] GC(662) Metaspace: 1697K(1856K)->1697K(1856K) NonClass: 1572K(1664K)->1572K(1664K) Class: 124K(192K)->124K(192K)
[2024-10-12T10:23:27.788+0800][info] GC(662) Pause Young (Normal) (G1 Evacuation Pause) 104M->104M(128M) 1.347ms
[2024-10-12T10:23:27.788+0800][info] GC(662) User=0.00s Sys=0.00s Real=0.00s
[2024-10-12T10:23:27.890+0800][info] GC(663) Pause Young (Normal) (G1 Evacuation Pause)
[2024-10-12T10:23:27.890+0800][info] GC(663) Using 3 workers of 48 for evacuation
[2024-10-12T10:23:27.891+0800][info] GC(663)   Pre Evacuate Collection Set: 0.1ms
[2024-10-12T10:23:27.891+0800][info] GC(663)   Merge Heap Roots: 0.0ms
[2024-10-12T10:23:27.891+0800][info] GC(663)   Evacuate Collection Set: 0.8ms
[2024-10-12T10:23:27.891+0800][info] GC(663)   Post Evacuate Collection Set: 0.2ms
[2024-10-12T10:23:27.891+0800][info] GC(663)   Other: 0.2ms
[2024-10-12T10:23:27.891+0800][info] GC(663) Eden regions: 2->0(2)
[2024-10-12T10:23:27.891+0800][info] GC(663) Survivor regions: 1->1(1)
[2024-10-12T10:23:27.891+0800][info] GC(663) Old regions: 48->50
[2024-10-12T10:23:27.891+0800][info] GC(663) Archive regions: 2->2
[2024-10-12T10:23:27.891+0800][info] GC(663) Humongous regions: 3->3
[2024-10-12T10:23:27.892+0800][info] GC(663) Metaspace: 1697K(1856K)->1697K(1856K) NonClass: 1572K(1664K)->1572K(1664K) Class: 124K(192K)->124K(192K)
[2024-10-12T10:23:27.892+0800][info] GC(663) Pause Young (Normal) (G1 Evacuation Pause) 108M->108M(128M) 1.414ms
[2024-10-12T10:23:27.892+0800][info] GC(663) User=0.00s Sys=0.00s Real=0.00s
[2024-10-12T10:23:27.994+0800][info] GC(664) Pause Young (Concurrent Start) (G1 Evacuation Pause)
[2024-10-12T10:23:27.994+0800][info] GC(664) Using 3 workers of 48 for evacuation
[2024-10-12T10:23:27.995+0800][info] GC(664)   Pre Evacuate Collection Set: 0.1ms
[2024-10-12T10:23:27.995+0800][info] GC(664)   Merge Heap Roots: 0.0ms
[2024-10-12T10:23:27.995+0800][info] GC(664)   Evacuate Collection Set: 0.8ms
[2024-10-12T10:23:27.995+0800][info] GC(664)   Post Evacuate Collection Set: 0.2ms
[2024-10-12T10:23:27.995+0800][info] GC(664)   Other: 0.3ms
[2024-10-12T10:23:27.995+0800][info] GC(664) Eden regions: 2->0(2)
[2024-10-12T10:23:27.995+0800][info] GC(664) Survivor regions: 1->1(1)
[2024-10-12T10:23:27.995+0800][info] GC(664) Old regions: 50->52
[2024-10-12T10:23:27.995+0800][info] GC(664) Archive regions: 2->2
[2024-10-12T10:23:27.995+0800][info] GC(664) Humongous regions: 3->3
[2024-10-12T10:23:27.995+0800][info] GC(664) Metaspace: 1697K(1856K)->1697K(1856K) NonClass: 1572K(1664K)->1572K(1664K) Class: 124K(192K)->124K(192K)
[2024-10-12T10:23:27.995+0800][info] GC(664) Pause Young (Concurrent Start) (G1 Evacuation Pause) 112M->112M(128M) 1.564ms
[2024-10-12T10:23:27.995+0800][info] GC(664) User=0.01s Sys=0.00s Real=0.00s
[2024-10-12T10:23:27.995+0800][info] GC(665) Concurrent Mark Cycle
[2024-10-12T10:23:27.996+0800][info] GC(665) Concurrent Clear Claimed Marks
[2024-10-12T10:23:27.996+0800][info] GC(665) Concurrent Clear Claimed Marks 0.017ms
[2024-10-12T10:23:27.996+0800][info] GC(665) Concurrent Scan Root Regions
[2024-10-12T10:23:27.996+0800][info] GC(665) Concurrent Scan Root Regions 0.157ms
[2024-10-12T10:23:27.996+0800][info] GC(665) Concurrent Mark
[2024-10-12T10:23:27.996+0800][info] GC(665) Concurrent Mark From Roots
[2024-10-12T10:23:27.996+0800][info] GC(665) Using 12 workers of 12 for marking
[2024-10-12T10:23:27.999+0800][info] GC(665) Concurrent Mark From Roots 3.538ms
[2024-10-12T10:23:27.999+0800][info] GC(665) Concurrent Preclean
[2024-10-12T10:23:28.001+0800][info] GC(665) Concurrent Preclean 1.672ms
[2024-10-12T10:23:28.001+0800][info] GC(665) Pause Remark
[2024-10-12T10:23:28.003+0800][info] GC(665) Pause Remark 112M->112M(128M) 1.644ms
[2024-10-12T10:23:28.003+0800][info] GC(665) User=0.00s Sys=0.00s Real=0.00s
[2024-10-12T10:23:28.003+0800][info] GC(665) Concurrent Mark 7.112ms
[2024-10-12T10:23:28.003+0800][info] GC(665) Concurrent Rebuild Remembered Sets
[2024-10-12T10:23:28.005+0800][info] GC(665) Concurrent Rebuild Remembered Sets 1.768ms
[2024-10-12T10:23:28.005+0800][info] GC(665) Pause Cleanup
[2024-10-12T10:23:28.005+0800][info] GC(665) Pause Cleanup 112M->112M(128M) 0.167ms
[2024-10-12T10:23:28.005+0800][info] GC(665) User=0.00s Sys=0.00s Real=0.00s
[2024-10-12T10:23:28.005+0800][info] GC(665) Concurrent Cleanup for Next Mark
[2024-10-12T10:23:28.005+0800][info] GC(665) Concurrent Cleanup for Next Mark 0.367ms
[2024-10-12T10:23:28.005+0800][info] GC(665) Concurrent Mark Cycle 9.867ms
[2024-10-12T10:23:28.148+0800][info] GC(666) Pause Young (Prepare Mixed) (G1 Preventive Collection)
[2024-10-12T10:23:28.148+0800][info] GC(666) Using 3 workers of 48 for evacuation
[2024-10-12T10:23:28.150+0800][info] GC(666)   Pre Evacuate Collection Set: 0.1ms
[2024-10-12T10:23:28.150+0800][info] GC(666)   Merge Heap Roots: 0.1ms
[2024-10-12T10:23:28.150+0800][info] GC(666)   Evacuate Collection Set: 0.8ms
[2024-10-12T10:23:28.150+0800][info] GC(666)   Post Evacuate Collection Set: 0.2ms
[2024-10-12T10:23:28.150+0800][info] GC(666)   Other: 0.2ms
[2024-10-12T10:23:28.150+0800][info] GC(666) Eden regions: 2->0(2)
[2024-10-12T10:23:28.150+0800][info] GC(666) Survivor regions: 1->1(1)
[2024-10-12T10:23:28.150+0800][info] GC(666) Old regions: 52->54
[2024-10-12T10:23:28.150+0800][info] GC(666) Archive regions: 2->2
[2024-10-12T10:23:28.150+0800][info] GC(666) Humongous regions: 3->3
[2024-10-12T10:23:28.150+0800][info] GC(666) Metaspace: 1697K(1856K)->1697K(1856K) NonClass: 1572K(1664K)->1572K(1664K) Class: 124K(192K)->124K(192K)
[2024-10-12T10:23:28.150+0800][info] GC(666) Pause Young (Prepare Mixed) (G1 Preventive Collection) 115M->115M(128M) 1.452ms
[2024-10-12T10:23:28.150+0800][info] GC(666) User=0.00s Sys=0.00s Real=0.00s
[2024-10-12T10:23:28.211+0800][info] GC(667) Pause Young (Mixed) (G1 Preventive Collection)
[2024-10-12T10:23:28.211+0800][info] GC(667) Using 3 workers of 48 for evacuation
[2024-10-12T10:23:28.213+0800][info] GC(667) To-space exhausted
[2024-10-12T10:23:28.213+0800][info] GC(667)   Pre Evacuate Collection Set: 0.2ms
[2024-10-12T10:23:28.213+0800][info] GC(667)   Merge Heap Roots: 0.0ms
[2024-10-12T10:23:28.213+0800][info] GC(667)   Evacuate Collection Set: 0.9ms
[2024-10-12T10:23:28.213+0800][info] GC(667)   Post Evacuate Collection Set: 0.2ms
[2024-10-12T10:23:28.213+0800][info] GC(667)   Other: 0.2ms
[2024-10-12T10:23:28.213+0800][info] GC(667) Eden regions: 1->0(2)
[2024-10-12T10:23:28.213+0800][info] GC(667) Survivor regions: 1->1(1)
[2024-10-12T10:23:28.213+0800][info] GC(667) Old regions: 54->52
[2024-10-12T10:23:28.213+0800][info] GC(667) Archive regions: 2->2
[2024-10-12T10:23:28.213+0800][info] GC(667) Humongous regions: 3->3
[2024-10-12T10:23:28.213+0800][info] GC(667) Metaspace: 1697K(1856K)->1697K(1856K) NonClass: 1572K(1664K)->1572K(1664K) Class: 124K(192K)->124K(192K)
[2024-10-12T10:23:28.213+0800][info] GC(667) Pause Young (Mixed) (G1 Preventive Collection) 117M->112M(128M) 1.584ms
[2024-10-12T10:23:28.213+0800][info] GC(667) User=0.00s Sys=0.00s Real=0.00s
[2024-10-12T10:23:28.254+0800][info] GC(668) Pause Young (Mixed) (G1 Preventive Collection)
[2024-10-12T10:23:28.254+0800][info] GC(668) Using 3 workers of 48 for evacuation
[2024-10-12T10:23:28.256+0800][info] GC(668) To-space exhausted
[2024-10-12T10:23:28.256+0800][info] GC(668)   Pre Evacuate Collection Set: 0.2ms
[2024-10-12T10:23:28.256+0800][info] GC(668)   Merge Heap Roots: 0.1ms
[2024-10-12T10:23:28.256+0800][info] GC(668)   Evacuate Collection Set: 1.5ms
[2024-10-12T10:23:28.256+0800][info] GC(668)   Post Evacuate Collection Set: 0.2ms
[2024-10-12T10:23:28.256+0800][info] GC(668)   Other: 0.2ms
[2024-10-12T10:23:28.256+0800][info] GC(668) Eden regions: 1->0(2)
[2024-10-12T10:23:28.256+0800][info] GC(668) Survivor regions: 1->1(1)
[2024-10-12T10:23:28.256+0800][info] GC(668) Old regions: 52->50
[2024-10-12T10:23:28.256+0800][info] GC(668) Archive regions: 2->2
[2024-10-12T10:23:28.256+0800][info] GC(668) Humongous regions: 3->3
[2024-10-12T10:23:28.256+0800][info] GC(668) Metaspace: 1697K(1856K)->1697K(1856K) NonClass: 1572K(1664K)->1572K(1664K) Class: 124K(192K)->124K(192K)
[2024-10-12T10:23:28.256+0800][info] GC(668) Pause Young (Mixed) (G1 Preventive Collection) 114M->108M(128M) 2.233ms
[2024-10-12T10:23:28.256+0800][info] GC(668) User=0.01s Sys=0.00s Real=0.00s
[2024-10-12T10:23:28.358+0800][info] GC(669) Pause Young (Mixed) (G1 Preventive Collection)
[2024-10-12T10:23:28.358+0800][info] GC(669) Using 3 workers of 48 for evacuation
[2024-10-12T10:23:28.361+0800][info] GC(669) To-space exhausted
[2024-10-12T10:23:28.361+0800][info] GC(669)   Pre Evacuate Collection Set: 0.2ms
[2024-10-12T10:23:28.361+0800][info] GC(669)   Merge Heap Roots: 0.1ms
[2024-10-12T10:23:28.361+0800][info] GC(669)   Evacuate Collection Set: 1.6ms
[2024-10-12T10:23:28.361+0800][info] GC(669)   Post Evacuate Collection Set: 0.2ms
[2024-10-12T10:23:28.361+0800][info] GC(669)   Other: 0.2ms
[2024-10-12T10:23:28.361+0800][info] GC(669) Eden regions: 2->0(2)
[2024-10-12T10:23:28.361+0800][info] GC(669) Survivor regions: 1->1(1)
[2024-10-12T10:23:28.361+0800][info] GC(669) Old regions: 50->50
[2024-10-12T10:23:28.361+0800][info] GC(669) Archive regions: 2->2
[2024-10-12T10:23:28.361+0800][info] GC(669) Humongous regions: 3->3
[2024-10-12T10:23:28.361+0800][info] GC(669) Metaspace: 1697K(1856K)->1697K(1856K) NonClass: 1572K(1664K)->1572K(1664K) Class: 124K(192K)->124K(192K)
[2024-10-12T10:23:28.361+0800][info] GC(669) Pause Young (Mixed) (G1 Preventive Collection) 111M->109M(128M) 2.302ms
[2024-10-12T10:23:28.361+0800][info] GC(669) User=0.01s Sys=0.00s Real=0.00s
[2024-10-12T10:23:28.463+0800][info] GC(670) Pause Young (Mixed) (G1 Preventive Collection)
[2024-10-12T10:23:28.463+0800][info] GC(670) Using 3 workers of 48 for evacuation
[2024-10-12T10:23:28.465+0800][info] GC(670) To-space exhausted
[2024-10-12T10:23:28.466+0800][info] GC(670)   Pre Evacuate Collection Set: 0.2ms
[2024-10-12T10:23:28.466+0800][info] GC(670)   Merge Heap Roots: 0.1ms
[2024-10-12T10:23:28.466+0800][info] GC(670)   Evacuate Collection Set: 1.6ms
[2024-10-12T10:23:28.466+0800][info] GC(670)   Post Evacuate Collection Set: 0.3ms
[2024-10-12T10:23:28.466+0800][info] GC(670)   Other: 0.2ms
[2024-10-12T10:23:28.466+0800][info] GC(670) Eden regions: 2->0(2)
[2024-10-12T10:23:28.466+0800][info] GC(670) Survivor regions: 1->1(1)
[2024-10-12T10:23:28.466+0800][info] GC(670) Old regions: 50->53
[2024-10-12T10:23:28.466+0800][info] GC(670) Archive regions: 2->2
[2024-10-12T10:23:28.466+0800][info] GC(670) Humongous regions: 3->3
[2024-10-12T10:23:28.466+0800][info] GC(670) Metaspace: 1697K(1856K)->1697K(1856K) NonClass: 1572K(1664K)->1572K(1664K) Class: 124K(192K)->124K(192K)
[2024-10-12T10:23:28.466+0800][info] GC(670) Pause Young (Mixed) (G1 Preventive Collection) 112M->115M(128M) 2.439ms
[2024-10-12T10:23:28.466+0800][info] GC(670) User=0.00s Sys=0.00s Real=0.01s
[2024-10-12T10:23:28.568+0800][info] GC(671) Pause Young (Concurrent Start) (G1 Preventive Collection)
[2024-10-12T10:23:28.568+0800][info] GC(671) Using 3 workers of 48 for evacuation
[2024-10-12T10:23:28.569+0800][info] GC(671)   Pre Evacuate Collection Set: 0.1ms
[2024-10-12T10:23:28.569+0800][info] GC(671)   Merge Heap Roots: 0.1ms
[2024-10-12T10:23:28.569+0800][info] GC(671)   Evacuate Collection Set: 0.8ms
[2024-10-12T10:23:28.569+0800][info] GC(671)   Post Evacuate Collection Set: 0.2ms
[2024-10-12T10:23:28.569+0800][info] GC(671)   Other: 0.4ms
[2024-10-12T10:23:28.569+0800][info] GC(671) Eden regions: 2->0(2)
[2024-10-12T10:23:28.569+0800][info] GC(671) Survivor regions: 1->1(1)
[2024-10-12T10:23:28.569+0800][info] GC(671) Old regions: 53->55
[2024-10-12T10:23:28.569+0800][info] GC(671) Archive regions: 2->2
[2024-10-12T10:23:28.569+0800][info] GC(671) Humongous regions: 3->3
[2024-10-12T10:23:28.569+0800][info] GC(671) Metaspace: 1697K(1856K)->1697K(1856K) NonClass: 1572K(1664K)->1572K(1664K) Class: 124K(192K)->124K(192K)
[2024-10-12T10:23:28.569+0800][info] GC(671) Pause Young (Concurrent Start) (G1 Preventive Collection) 118M->118M(128M) 1.698ms
[2024-10-12T10:23:28.570+0800][info] GC(671) User=0.00s Sys=0.01s Real=0.00s
[2024-10-12T10:23:28.570+0800][info] GC(672) Concurrent Mark Cycle
[2024-10-12T10:23:28.570+0800][info] GC(672) Concurrent Clear Claimed Marks
[2024-10-12T10:23:28.570+0800][info] GC(672) Concurrent Clear Claimed Marks 0.017ms
[2024-10-12T10:23:28.570+0800][info] GC(672) Concurrent Scan Root Regions
[2024-10-12T10:23:28.570+0800][info] GC(672) Concurrent Scan Root Regions 0.108ms
[2024-10-12T10:23:28.570+0800][info] GC(672) Concurrent Mark
[2024-10-12T10:23:28.570+0800][info] GC(672) Concurrent Mark From Roots
[2024-10-12T10:23:28.570+0800][info] GC(672) Using 12 workers of 12 for marking
[2024-10-12T10:23:28.573+0800][info] GC(672) Concurrent Mark From Roots 3.290ms
[2024-10-12T10:23:28.573+0800][info] GC(672) Concurrent Preclean
[2024-10-12T10:23:28.575+0800][info] GC(672) Concurrent Preclean 1.674ms
[2024-10-12T10:23:28.575+0800][info] GC(672) Pause Remark
[2024-10-12T10:23:28.577+0800][info] GC(672) Pause Remark 118M->112M(128M) 1.603ms
[2024-10-12T10:23:28.577+0800][info] GC(672) User=0.01s Sys=0.00s Real=0.00s
[2024-10-12T10:23:28.577+0800][info] GC(672) Concurrent Mark 6.892ms
[2024-10-12T10:23:28.577+0800][info] GC(672) Concurrent Rebuild Remembered Sets
[2024-10-12T10:23:28.578+0800][info] GC(672) Concurrent Rebuild Remembered Sets 1.112ms
[2024-10-12T10:23:28.578+0800][info] GC(672) Pause Cleanup
[2024-10-12T10:23:28.578+0800][info] GC(672) Pause Cleanup 112M->112M(128M) 0.248ms
[2024-10-12T10:23:28.578+0800][info] GC(672) User=0.00s Sys=0.00s Real=0.00s
[2024-10-12T10:23:28.578+0800][info] GC(672) Concurrent Cleanup for Next Mark
[2024-10-12T10:23:28.579+0800][info] GC(672) Concurrent Cleanup for Next Mark 0.353ms
[2024-10-12T10:23:28.579+0800][info] GC(672) Concurrent Mark Cycle 9.071ms
[2024-10-12T10:23:28.723+0800][info] GC(673) Pause Young (Prepare Mixed) (G1 Preventive Collection)
[2024-10-12T10:23:28.723+0800][info] GC(673) Using 3 workers of 48 for evacuation
[2024-10-12T10:23:28.724+0800][info] GC(673)   Pre Evacuate Collection Set: 0.1ms
[2024-10-12T10:23:28.724+0800][info] GC(673)   Merge Heap Roots: 0.1ms
[2024-10-12T10:23:28.724+0800][info] GC(673)   Evacuate Collection Set: 0.9ms
[2024-10-12T10:23:28.724+0800][info] GC(673)   Post Evacuate Collection Set: 0.2ms
[2024-10-12T10:23:28.724+0800][info] GC(673)   Other: 0.2ms
[2024-10-12T10:23:28.724+0800][info] GC(673) Eden regions: 2->0(2)
[2024-10-12T10:23:28.724+0800][info] GC(673) Survivor regions: 1->1(1)
[2024-10-12T10:23:28.724+0800][info] GC(673) Old regions: 52->54
[2024-10-12T10:23:28.724+0800][info] GC(673) Archive regions: 2->2
[2024-10-12T10:23:28.724+0800][info] GC(673) Humongous regions: 3->3
[2024-10-12T10:23:28.724+0800][info] GC(673) Metaspace: 1697K(1856K)->1697K(1856K) NonClass: 1572K(1664K)->1572K(1664K) Class: 124K(192K)->124K(192K)
[2024-10-12T10:23:28.724+0800][info] GC(673) Pause Young (Prepare Mixed) (G1 Preventive Collection) 115M->116M(128M) 1.591ms
[2024-10-12T10:23:28.724+0800][info] GC(673) User=0.01s Sys=0.00s Real=0.00s
[2024-10-12T10:23:28.786+0800][info] GC(674) Pause Young (Mixed) (G1 Preventive Collection)
[2024-10-12T10:23:28.786+0800][info] GC(674) Using 3 workers of 48 for evacuation
[2024-10-12T10:23:28.787+0800][info] GC(674)   Pre Evacuate Collection Set: 0.2ms
[2024-10-12T10:23:28.787+0800][info] GC(674)   Merge Heap Roots: 0.1ms
[2024-10-12T10:23:28.787+0800][info] GC(674)   Evacuate Collection Set: 0.7ms
[2024-10-12T10:23:28.787+0800][info] GC(674)   Post Evacuate Collection Set: 0.2ms
[2024-10-12T10:23:28.787+0800][info] GC(674)   Other: 0.2ms
[2024-10-12T10:23:28.787+0800][info] GC(674) Eden regions: 1->0(2)
[2024-10-12T10:23:28.787+0800][info] GC(674) Survivor regions: 1->1(1)
[2024-10-12T10:23:28.787+0800][info] GC(674) Old regions: 54->49
[2024-10-12T10:23:28.787+0800][info] GC(674) Archive regions: 2->2
[2024-10-12T10:23:28.787+0800][info] GC(674) Humongous regions: 3->3
[2024-10-12T10:23:28.787+0800][info] GC(674) Metaspace: 1697K(1856K)->1697K(1856K) NonClass: 1572K(1664K)->1572K(1664K) Class: 124K(192K)->124K(192K)
[2024-10-12T10:23:28.787+0800][info] GC(674) Pause Young (Mixed) (G1 Preventive Collection) 118M->105M(128M) 1.434ms
[2024-10-12T10:23:28.787+0800][info] GC(674) User=0.00s Sys=0.00s Real=0.00s
[2024-10-12T10:23:28.889+0800][info] GC(675) Pause Young (Mixed) (G1 Evacuation Pause)
[2024-10-12T10:23:28.889+0800][info] GC(675) Using 3 workers of 48 for evacuation
[2024-10-12T10:23:28.891+0800][info] GC(675)   Pre Evacuate Collection Set: 0.2ms
[2024-10-12T10:23:28.891+0800][info] GC(675)   Merge Heap Roots: 0.0ms
[2024-10-12T10:23:28.891+0800][info] GC(675)   Evacuate Collection Set: 1.5ms
[2024-10-12T10:23:28.891+0800][info] GC(675)   Post Evacuate Collection Set: 0.2ms
[2024-10-12T10:23:28.891+0800][info] GC(675)   Other: 0.1ms
[2024-10-12T10:23:28.891+0800][info] GC(675) Eden regions: 2->0(2)
[2024-10-12T10:23:28.891+0800][info] GC(675) Survivor regions: 1->1(1)
[2024-10-12T10:23:28.891+0800][info] GC(675) Old regions: 49->47
[2024-10-12T10:23:28.891+0800][info] GC(675) Archive regions: 2->2
[2024-10-12T10:23:28.891+0800][info] GC(675) Humongous regions: 3->3
[2024-10-12T10:23:28.891+0800][info] GC(675) Metaspace: 1697K(1856K)->1697K(1856K) NonClass: 1572K(1664K)->1572K(1664K) Class: 124K(192K)->124K(192K)
[2024-10-12T10:23:28.892+0800][info] GC(675) Pause Young (Mixed) (G1 Evacuation Pause) 109M->102M(128M) 2.164ms
[2024-10-12T10:23:28.892+0800][info] GC(675) User=0.01s Sys=0.00s Real=0.00s
[2024-10-12T10:23:28.994+0800][info] GC(676) Pause Young (Mixed) (G1 Evacuation Pause)
[2024-10-12T10:23:28.994+0800][info] GC(676) Using 3 workers of 48 for evacuation
[2024-10-12T10:23:28.996+0800][info] GC(676)   Pre Evacuate Collection Set: 0.2ms
[2024-10-12T10:23:28.996+0800][info] GC(676)   Merge Heap Roots: 0.0ms
[2024-10-12T10:23:28.996+0800][info] GC(676)   Evacuate Collection Set: 1.7ms
[2024-10-12T10:23:28.996+0800][info] GC(676)   Post Evacuate Collection Set: 0.2ms
[2024-10-12T10:23:28.996+0800][info] GC(676)   Other: 0.1ms
[2024-10-12T10:23:28.996+0800][info] GC(676) Eden regions: 2->0(2)
[2024-10-12T10:23:28.996+0800][info] GC(676) Survivor regions: 1->1(1)
[2024-10-12T10:23:28.996+0800][info] GC(676) Old regions: 47->46
[2024-10-12T10:23:28.996+0800][info] GC(676) Archive regions: 2->2
[2024-10-12T10:23:28.996+0800][info] GC(676) Humongous regions: 3->3
[2024-10-12T10:23:28.996+0800][info] GC(676) Metaspace: 1697K(1856K)->1697K(1856K) NonClass: 1572K(1664K)->1572K(1664K) Class: 124K(192K)->124K(192K)
[2024-10-12T10:23:28.996+0800][info] GC(676) Pause Young (Mixed) (G1 Evacuation Pause) 105M->100M(128M) 2.355ms
[2024-10-12T10:23:28.996+0800][info] GC(676) User=0.00s Sys=0.00s Real=0.00s
[2024-10-12T10:23:29.098+0800][info] GC(677) Pause Young (Mixed) (G1 Evacuation Pause)
[2024-10-12T10:23:29.099+0800][info] GC(677) Using 3 workers of 48 for evacuation
[2024-10-12T10:23:29.101+0800][info] GC(677)   Pre Evacuate Collection Set: 0.2ms
[2024-10-12T10:23:29.101+0800][info] GC(677)   Merge Heap Roots: 0.1ms
[2024-10-12T10:23:29.101+0800][info] GC(677)   Evacuate Collection Set: 1.8ms
[2024-10-12T10:23:29.101+0800][info] GC(677)   Post Evacuate Collection Set: 0.2ms
[2024-10-12T10:23:29.101+0800][info] GC(677)   Other: 0.1ms
[2024-10-12T10:23:29.101+0800][info] GC(677) Eden regions: 2->0(2)
[2024-10-12T10:23:29.101+0800][info] GC(677) Survivor regions: 1->1(1)
[2024-10-12T10:23:29.101+0800][info] GC(677) Old regions: 46->46
[2024-10-12T10:23:29.101+0800][info] GC(677) Archive regions: 2->2
[2024-10-12T10:23:29.101+0800][info] GC(677) Humongous regions: 3->3
[2024-10-12T10:23:29.101+0800][info] GC(677) Metaspace: 1697K(1856K)->1697K(1856K) NonClass: 1572K(1664K)->1572K(1664K) Class: 124K(192K)->124K(192K)
[2024-10-12T10:23:29.101+0800][info] GC(677) Pause Young (Mixed) (G1 Evacuation Pause) 104M->100M(128M) 2.543ms
[2024-10-12T10:23:29.101+0800][info] GC(677) User=0.00s Sys=0.00s Real=0.00s
[2024-10-12T10:23:29.204+0800][info] GC(678) Pause Young (Mixed) (G1 Evacuation Pause)
[2024-10-12T10:23:29.204+0800][info] GC(678) Using 3 workers of 48 for evacuation
[2024-10-12T10:23:29.205+0800][info] GC(678)   Pre Evacuate Collection Set: 0.2ms
[2024-10-12T10:23:29.205+0800][info] GC(678)   Merge Heap Roots: 0.1ms
[2024-10-12T10:23:29.205+0800][info] GC(678)   Evacuate Collection Set: 0.9ms
[2024-10-12T10:23:29.205+0800][info] GC(678)   Post Evacuate Collection Set: 0.2ms
[2024-10-12T10:23:29.205+0800][info] GC(678)   Other: 0.1ms
[2024-10-12T10:23:29.205+0800][info] GC(678) Eden regions: 2->0(2)
[2024-10-12T10:23:29.205+0800][info] GC(678) Survivor regions: 1->1(1)
[2024-10-12T10:23:29.205+0800][info] GC(678) Old regions: 46->48
[2024-10-12T10:23:29.205+0800][info] GC(678) Archive regions: 2->2
[2024-10-12T10:23:29.205+0800][info] GC(678) Humongous regions: 3->3
[2024-10-12T10:23:29.205+0800][info] GC(678) Metaspace: 1697K(1856K)->1697K(1856K) NonClass: 1572K(1664K)->1572K(1664K) Class: 124K(192K)->124K(192K)
[2024-10-12T10:23:29.205+0800][info] GC(678) Pause Young (Mixed) (G1 Evacuation Pause) 103M->103M(128M) 1.579ms
[2024-10-12T10:23:29.205+0800][info] GC(678) User=0.00s Sys=0.00s Real=0.01s
[2024-10-12T10:23:29.307+0800][info] GC(679) Pause Young (Normal) (G1 Evacuation Pause)
[2024-10-12T10:23:29.307+0800][info] GC(679) Using 3 workers of 48 for evacuation
[2024-10-12T10:23:29.308+0800][info] GC(679)   Pre Evacuate Collection Set: 0.1ms
[2024-10-12T10:23:29.308+0800][info] GC(679)   Merge Heap Roots: 0.0ms
[2024-10-12T10:23:29.308+0800][info] GC(679)   Evacuate Collection Set: 0.7ms
[2024-10-12T10:23:29.308+0800][info] GC(679)   Post Evacuate Collection Set: 0.2ms
[2024-10-12T10:23:29.308+0800][info] GC(679)   Other: 0.2ms
[2024-10-12T10:23:29.308+0800][info] GC(679) Eden regions: 2->0(2)
[2024-10-12T10:23:29.308+0800][info] GC(679) Survivor regions: 1->1(1)
[2024-10-12T10:23:29.308+0800][info] GC(679) Old regions: 48->50
[2024-10-12T10:23:29.308+0800][info] GC(679) Archive regions: 2->2
[2024-10-12T10:23:29.308+0800][info] GC(679) Humongous regions: 3->3
[2024-10-12T10:23:29.308+0800][info] GC(679) Metaspace: 1697K(1856K)->1697K(1856K) NonClass: 1572K(1664K)->1572K(1664K) Class: 124K(192K)->124K(192K)
[2024-10-12T10:23:29.308+0800][info] GC(679) Pause Young (Normal) (G1 Evacuation Pause) 107M->107M(128M) 1.353ms
[2024-10-12T10:23:29.308+0800][info] GC(679) User=0.01s Sys=0.00s Real=0.00s
[2024-10-12T10:23:29.329+0800][info] GC(680) Pause Young (Concurrent Start) (G1 Humongous Allocation)
[2024-10-12T10:23:29.329+0800][info] GC(680) Using 3 workers of 48 for evacuation
[2024-10-12T10:23:29.330+0800][info] GC(680)   Pre Evacuate Collection Set: 0.1ms
[2024-10-12T10:23:29.330+0800][info] GC(680)   Merge Heap Roots: 0.0ms
[2024-10-12T10:23:29.330+0800][info] GC(680)   Evacuate Collection Set: 0.5ms
[2024-10-12T10:23:29.330+0800][info] GC(680)   Post Evacuate Collection Set: 0.2ms
[2024-10-12T10:23:29.330+0800][info] GC(680)   Other: 0.4ms
[2024-10-12T10:23:29.330+0800][info] GC(680) Eden regions: 1->0(2)
[2024-10-12T10:23:29.330+0800][info] GC(680) Survivor regions: 1->1(1)
[2024-10-12T10:23:29.330+0800][info] GC(680) Old regions: 50->51
[2024-10-12T10:23:29.330+0800][info] GC(680) Archive regions: 2->2
[2024-10-12T10:23:29.330+0800][info] GC(680) Humongous regions: 3->3
[2024-10-12T10:23:29.330+0800][info] GC(680) Metaspace: 1697K(1856K)->1697K(1856K) NonClass: 1572K(1664K)->1572K(1664K) Class: 124K(192K)->124K(192K)
[2024-10-12T10:23:29.330+0800][info] GC(680) Pause Young (Concurrent Start) (G1 Humongous Allocation) 108M->108M(128M) 1.241ms
[2024-10-12T10:23:29.330+0800][info] GC(680) User=0.00s Sys=0.01s Real=0.00s
[2024-10-12T10:23:29.330+0800][info] GC(681) Concurrent Mark Cycle
[2024-10-12T10:23:29.330+0800][info] GC(681) Concurrent Clear Claimed Marks
[2024-10-12T10:23:29.330+0800][info] GC(681) Concurrent Clear Claimed Marks 0.017ms
[2024-10-12T10:23:29.330+0800][info] GC(681) Concurrent Scan Root Regions
[2024-10-12T10:23:29.331+0800][info] GC(681) Concurrent Scan Root Regions 0.123ms
[2024-10-12T10:23:29.331+0800][info] GC(681) Concurrent Mark
[2024-10-12T10:23:29.331+0800][info] GC(681) Concurrent Mark From Roots
[2024-10-12T10:23:29.331+0800][info] GC(681) Using 12 workers of 12 for marking
[2024-10-12T10:23:29.334+0800][info] GC(681) Concurrent Mark From Roots 3.520ms
[2024-10-12T10:23:29.334+0800][info] GC(681) Concurrent Preclean
[2024-10-12T10:23:29.336+0800][info] GC(681) Concurrent Preclean 1.676ms
[2024-10-12T10:23:29.336+0800][info] GC(681) Pause Remark
[2024-10-12T10:23:29.337+0800][info] GC(681) Pause Remark 110M->110M(128M) 1.531ms
[2024-10-12T10:23:29.337+0800][info] GC(681) User=0.00s Sys=0.00s Real=0.00s
[2024-10-12T10:23:29.338+0800][info] GC(681) Concurrent Mark 6.961ms
[2024-10-12T10:23:29.338+0800][info] GC(681) Concurrent Rebuild Remembered Sets
[2024-10-12T10:23:29.339+0800][info] GC(681) Concurrent Rebuild Remembered Sets 1.771ms
[2024-10-12T10:23:29.340+0800][info] GC(681) Pause Cleanup
[2024-10-12T10:23:29.340+0800][info] GC(681) Pause Cleanup 110M->110M(128M) 0.192ms
[2024-10-12T10:23:29.340+0800][info] GC(681) User=0.00s Sys=0.00s Real=0.00s
[2024-10-12T10:23:29.340+0800][info] GC(681) Concurrent Cleanup for Next Mark
[2024-10-12T10:23:29.340+0800][info] GC(681) Concurrent Cleanup for Next Mark 0.357ms
[2024-10-12T10:23:29.340+0800][info] GC(681) Concurrent Mark Cycle 9.765ms
[2024-10-12T10:23:29.504+0800][info] GC(682) Pause Young (Prepare Mixed) (G1 Preventive Collection)
[2024-10-12T10:23:29.504+0800][info] GC(682) Using 3 workers of 48 for evacuation
[2024-10-12T10:23:29.508+0800][info] GC(682)   Pre Evacuate Collection Set: 0.1ms
[2024-10-12T10:23:29.508+0800][info] GC(682)   Merge Heap Roots: 0.0ms
[2024-10-12T10:23:29.508+0800][info] GC(682)   Evacuate Collection Set: 2.0ms
[2024-10-12T10:23:29.508+0800][info] GC(682)   Post Evacuate Collection Set: 0.8ms
[2024-10-12T10:23:29.508+0800][info] GC(682)   Other: 0.4ms
[2024-10-12T10:23:29.508+0800][info] GC(682) Eden regions: 2->0(2)
[2024-10-12T10:23:29.508+0800][info] GC(682) Survivor regions: 1->1(1)
[2024-10-12T10:23:29.508+0800][info] GC(682) Old regions: 51->52
[2024-10-12T10:23:29.508+0800][info] GC(682) Archive regions: 2->2
[2024-10-12T10:23:29.508+0800][info] GC(682) Humongous regions: 4->3
[2024-10-12T10:23:29.508+0800][info] GC(682) Metaspace: 1697K(1856K)->1697K(1856K) NonClass: 1572K(1664K)->1572K(1664K) Class: 124K(192K)->124K(192K)
[2024-10-12T10:23:29.508+0800][info] GC(682) Pause Young (Prepare Mixed) (G1 Preventive Collection) 114M->112M(128M) 3.614ms
[2024-10-12T10:23:29.508+0800][info] GC(682) User=0.00s Sys=0.00s Real=0.01s
[2024-10-12T10:23:29.612+0800][info] GC(683) Pause Young (Mixed) (G1 Preventive Collection)
[2024-10-12T10:23:29.612+0800][info] GC(683) Using 3 workers of 48 for evacuation
[2024-10-12T10:23:29.614+0800][info] GC(683) To-space exhausted
[2024-10-12T10:23:29.614+0800][info] GC(683)   Pre Evacuate Collection Set: 0.2ms
[2024-10-12T10:23:29.614+0800][info] GC(683)   Merge Heap Roots: 0.1ms
[2024-10-12T10:23:29.614+0800][info] GC(683)   Evacuate Collection Set: 1.4ms
[2024-10-12T10:23:29.614+0800][info] GC(683)   Post Evacuate Collection Set: 0.4ms
[2024-10-12T10:23:29.614+0800][info] GC(683)   Other: 0.3ms
[2024-10-12T10:23:29.614+0800][info] GC(683) Eden regions: 2->0(2)
[2024-10-12T10:23:29.614+0800][info] GC(683) Survivor regions: 1->1(1)
[2024-10-12T10:23:29.614+0800][info] GC(683) Old regions: 52->51
[2024-10-12T10:23:29.614+0800][info] GC(683) Archive regions: 2->2
[2024-10-12T10:23:29.614+0800][info] GC(683) Humongous regions: 3->3
[2024-10-12T10:23:29.615+0800][info] GC(683) Metaspace: 1697K(1856K)->1697K(1856K) NonClass: 1572K(1664K)->1572K(1664K) Class: 124K(192K)->124K(192K)
[2024-10-12T10:23:29.615+0800][info] GC(683) Pause Young (Mixed) (G1 Preventive Collection) 116M->111M(128M) 2.474ms
[2024-10-12T10:23:29.615+0800][info] GC(683) User=0.00s Sys=0.00s Real=0.01s
[2024-10-12T10:23:29.717+0800][info] GC(684) Pause Young (Mixed) (G1 Preventive Collection)
[2024-10-12T10:23:29.717+0800][info] GC(684) Using 3 workers of 48 for evacuation
[2024-10-12T10:23:29.719+0800][info] GC(684) To-space exhausted
[2024-10-12T10:23:29.719+0800][info] GC(684)   Pre Evacuate Collection Set: 0.2ms
[2024-10-12T10:23:29.719+0800][info] GC(684)   Merge Heap Roots: 0.1ms
[2024-10-12T10:23:29.719+0800][info] GC(684)   Evacuate Collection Set: 1.6ms
[2024-10-12T10:23:29.719+0800][info] GC(684)   Post Evacuate Collection Set: 0.4ms
[2024-10-12T10:23:29.719+0800][info] GC(684)   Other: 0.2ms
[2024-10-12T10:23:29.719+0800][info] GC(684) Eden regions: 2->0(2)
[2024-10-12T10:23:29.719+0800][info] GC(684) Survivor regions: 1->1(1)
[2024-10-12T10:23:29.719+0800][info] GC(684) Old regions: 51->56
[2024-10-12T10:23:29.719+0800][info] GC(684) Archive regions: 2->2
[2024-10-12T10:23:29.719+0800][info] GC(684) Humongous regions: 3->3
[2024-10-12T10:23:29.719+0800][info] GC(684) Metaspace: 1697K(1856K)->1697K(1856K) NonClass: 1572K(1664K)->1572K(1664K) Class: 124K(192K)->124K(192K)
[2024-10-12T10:23:29.719+0800][info] GC(684) Pause Young (Mixed) (G1 Preventive Collection) 114M->120M(128M) 2.450ms
[2024-10-12T10:23:29.719+0800][info] GC(684) User=0.01s Sys=0.00s Real=0.00s
[2024-10-12T10:23:29.781+0800][info] GC(685) Pause Young (Mixed) (G1 Preventive Collection)
[2024-10-12T10:23:29.781+0800][info] GC(685) Using 3 workers of 48 for evacuation
[2024-10-12T10:23:29.782+0800][info] GC(685) To-space exhausted
[2024-10-12T10:23:29.782+0800][info] GC(685)   Pre Evacuate Collection Set: 0.2ms
[2024-10-12T10:23:29.782+0800][info] GC(685)   Merge Heap Roots: 0.1ms
[2024-10-12T10:23:29.782+0800][info] GC(685)   Evacuate Collection Set: 0.5ms
[2024-10-12T10:23:29.782+0800][info] GC(685)   Post Evacuate Collection Set: 0.3ms
[2024-10-12T10:23:29.782+0800][info] GC(685)   Other: 0.2ms
[2024-10-12T10:23:29.782+0800][info] GC(685) Eden regions: 1->0(2)
[2024-10-12T10:23:29.782+0800][info] GC(685) Survivor regions: 1->1(1)
[2024-10-12T10:23:29.782+0800][info] GC(685) Old regions: 56->57
[2024-10-12T10:23:29.782+0800][info] GC(685) Archive regions: 2->2
[2024-10-12T10:23:29.782+0800][info] GC(685) Humongous regions: 3->3
[2024-10-12T10:23:29.782+0800][info] GC(685) Metaspace: 1697K(1856K)->1697K(1856K) NonClass: 1572K(1664K)->1572K(1664K) Class: 124K(192K)->124K(192K)
[2024-10-12T10:23:29.782+0800][info] GC(685) Pause Young (Mixed) (G1 Preventive Collection) 122M->122M(128M) 1.366ms
[2024-10-12T10:23:29.782+0800][info] GC(685) User=0.00s Sys=0.00s Real=0.00s
[2024-10-12T10:23:29.823+0800][info] GC(686) Pause Young (Mixed) (G1 Evacuation Pause)
[2024-10-12T10:23:29.824+0800][info] GC(686) Using 3 workers of 48 for evacuation
[2024-10-12T10:23:29.825+0800][info] GC(686) To-space exhausted
[2024-10-12T10:23:29.825+0800][info] GC(686)   Pre Evacuate Collection Set: 0.2ms
[2024-10-12T10:23:29.825+0800][info] GC(686)   Merge Heap Roots: 0.1ms
[2024-10-12T10:23:29.826+0800][info] GC(686)   Evacuate Collection Set: 0.8ms
[2024-10-12T10:23:29.826+0800][info] GC(686)   Post Evacuate Collection Set: 0.9ms
[2024-10-12T10:23:29.826+0800][info] GC(686)   Other: 0.2ms
[2024-10-12T10:23:29.826+0800][info] GC(686) Eden regions: 1->0(3)
[2024-10-12T10:23:29.826+0800][info] GC(686) Survivor regions: 1->0(0)
[2024-10-12T10:23:29.826+0800][info] GC(686) Old regions: 57->59
[2024-10-12T10:23:29.826+0800][info] GC(686) Archive regions: 2->2
[2024-10-12T10:23:29.826+0800][info] GC(686) Humongous regions: 3->3
[2024-10-12T10:23:29.826+0800][info] GC(686) Metaspace: 1697K(1856K)->1697K(1856K) NonClass: 1572K(1664K)->1572K(1664K) Class: 124K(192K)->124K(192K)
[2024-10-12T10:23:29.826+0800][info] GC(686) Pause Young (Mixed) (G1 Evacuation Pause) 123M->123M(128M) 2.167ms
[2024-10-12T10:23:29.826+0800][info] GC(686) User=0.00s Sys=0.00s Real=0.01s
[2024-10-12T10:23:29.826+0800][info] Attempting full compaction
[2024-10-12T10:23:29.826+0800][info] GC(687) Using 3 workers of 48 for full compaction
[2024-10-12T10:23:29.826+0800][info] GC(687) Pause Full (G1 Compaction Pause)
[2024-10-12T10:23:29.826+0800][info] GC(687) Phase 1: Mark live objects
[2024-10-12T10:23:29.830+0800][info] GC(687) Phase 1: Mark live objects 4.100ms
[2024-10-12T10:23:29.830+0800][info] GC(687) Phase 2: Prepare for compaction
[2024-10-12T10:23:29.830+0800][info] GC(687) Phase 2: Prepare for compaction 0.501ms
[2024-10-12T10:23:29.830+0800][info] GC(687) Phase 3: Adjust pointers
[2024-10-12T10:23:29.831+0800][info] GC(687) Phase 3: Adjust pointers 0.978ms
[2024-10-12T10:23:29.831+0800][info] GC(687) Phase 4: Compact heap
[2024-10-12T10:23:29.841+0800][info] GC(687) Phase 4: Compact heap 9.768ms
[2024-10-12T10:23:29.843+0800][info] GC(687) Eden regions: 0->0(3)
[2024-10-12T10:23:29.843+0800][info] GC(687) Survivor regions: 0->0(0)
[2024-10-12T10:23:29.843+0800][info] GC(687) Old regions: 59->39
[2024-10-12T10:23:29.843+0800][info] GC(687) Archive regions: 2->2
[2024-10-12T10:23:29.843+0800][info] GC(687) Humongous regions: 3->3
[2024-10-12T10:23:29.843+0800][info] GC(687) Metaspace: 1697K(1856K)->1697K(1856K) NonClass: 1572K(1664K)->1572K(1664K) Class: 124K(192K)->124K(192K)
[2024-10-12T10:23:29.844+0800][info] GC(687) Pause Full (G1 Compaction Pause) 123M->72M(128M) 17.765ms
[2024-10-12T10:23:29.844+0800][info] GC(687) User=0.03s Sys=0.01s Real=0.01s
[2024-10-12T10:23:30.007+0800][info] GC(688) Pause Young (Normal) (G1 Evacuation Pause)
[2024-10-12T10:23:30.007+0800][info] GC(688) Using 3 workers of 48 for evacuation
[2024-10-12T10:23:30.009+0800][info] GC(688)   Pre Evacuate Collection Set: 0.1ms
[2024-10-12T10:23:30.009+0800][info] GC(688)   Merge Heap Roots: 0.0ms
[2024-10-12T10:23:30.009+0800][info] GC(688)   Evacuate Collection Set: 0.8ms
[2024-10-12T10:23:30.009+0800][info] GC(688)   Post Evacuate Collection Set: 0.2ms
[2024-10-12T10:23:30.009+0800][info] GC(688)   Other: 0.2ms
[2024-10-12T10:23:30.009+0800][info] GC(688) Eden regions: 3->0(2)
[2024-10-12T10:23:30.009+0800][info] GC(688) Survivor regions: 0->1(1)
[2024-10-12T10:23:30.009+0800][info] GC(688) Old regions: 39->41
[2024-10-12T10:23:30.009+0800][info] GC(688) Archive regions: 2->2
[2024-10-12T10:23:30.009+0800][info] GC(688) Humongous regions: 3->3
[2024-10-12T10:23:30.009+0800][info] GC(688) Metaspace: 1697K(1856K)->1697K(1856K) NonClass: 1572K(1664K)->1572K(1664K) Class: 124K(192K)->124K(192K)
[2024-10-12T10:23:30.009+0800][info] GC(688) Pause Young (Normal) (G1 Evacuation Pause) 77M->77M(128M) 1.503ms
[2024-10-12T10:23:30.009+0800][info] GC(688) User=0.00s Sys=0.00s Real=0.00s
[2024-10-12T10:23:30.111+0800][info] GC(689) Pause Young (Normal) (G1 Evacuation Pause)
[2024-10-12T10:23:30.111+0800][info] GC(689) Using 3 workers of 48 for evacuation
[2024-10-12T10:23:30.113+0800][info] GC(689)   Pre Evacuate Collection Set: 0.1ms
[2024-10-12T10:23:30.113+0800][info] GC(689)   Merge Heap Roots: 0.1ms
[2024-10-12T10:23:30.113+0800][info] GC(689)   Evacuate Collection Set: 0.8ms
[2024-10-12T10:23:30.113+0800][info] GC(689)   Post Evacuate Collection Set: 0.2ms
[2024-10-12T10:23:30.113+0800][info] GC(689)   Other: 0.2ms
[2024-10-12T10:23:30.113+0800][info] GC(689) Eden regions: 2->0(2)
[2024-10-12T10:23:30.113+0800][info] GC(689) Survivor regions: 1->1(1)
[2024-10-12T10:23:30.113+0800][info] GC(689) Old regions: 41->43
[2024-10-12T10:23:30.113+0800][info] GC(689) Archive regions: 2->2
[2024-10-12T10:23:30.113+0800][info] GC(689) Humongous regions: 3->3
[2024-10-12T10:23:30.113+0800][info] GC(689) Metaspace: 1697K(1856K)->1697K(1856K) NonClass: 1572K(1664K)->1572K(1664K) Class: 124K(192K)->124K(192K)
[2024-10-12T10:23:30.113+0800][info] GC(689) Pause Young (Normal) (G1 Evacuation Pause) 81M->81M(128M) 1.473ms
[2024-10-12T10:23:30.113+0800][info] GC(689) User=0.00s Sys=0.00s Real=0.00s
[2024-10-12T10:23:30.215+0800][info] GC(690) Pause Young (Normal) (G1 Evacuation Pause)
[2024-10-12T10:23:30.215+0800][info] GC(690) Using 3 workers of 48 for evacuation
[2024-10-12T10:23:30.216+0800][info] GC(690)   Pre Evacuate Collection Set: 0.1ms
[2024-10-12T10:23:30.216+0800][info] GC(690)   Merge Heap Roots: 0.0ms
[2024-10-12T10:23:30.216+0800][info] GC(690)   Evacuate Collection Set: 0.8ms
[2024-10-12T10:23:30.216+0800][info] GC(690)   Post Evacuate Collection Set: 0.2ms
[2024-10-12T10:23:30.216+0800][info] GC(690)   Other: 0.2ms
[2024-10-12T10:23:30.216+0800][info] GC(690) Eden regions: 2->0(2)
[2024-10-12T10:23:30.216+0800][info] GC(690) Survivor regions: 1->1(1)
[2024-10-12T10:23:30.216+0800][info] GC(690) Old regions: 43->46
[2024-10-12T10:23:30.216+0800][info] GC(690) Archive regions: 2->2
[2024-10-12T10:23:30.216+0800][info] GC(690) Humongous regions: 3->3
[2024-10-12T10:23:30.216+0800][info] GC(690) Metaspace: 1697K(1856K)->1697K(1856K) NonClass: 1572K(1664K)->1572K(1664K) Class: 124K(192K)->124K(192K)
[2024-10-12T10:23:30.216+0800][info] GC(690) Pause Young (Normal) (G1 Evacuation Pause) 85M->86M(128M) 1.410ms
[2024-10-12T10:23:30.216+0800][info] GC(690) User=0.01s Sys=0.00s Real=0.00s
[2024-10-12T10:23:30.318+0800][info] GC(691) Pause Young (Normal) (G1 Evacuation Pause)
[2024-10-12T10:23:30.318+0800][info] GC(691) Using 3 workers of 48 for evacuation
[2024-10-12T10:23:30.320+0800][info] GC(691)   Pre Evacuate Collection Set: 0.1ms
[2024-10-12T10:23:30.320+0800][info] GC(691)   Merge Heap Roots: 0.0ms
[2024-10-12T10:23:30.320+0800][info] GC(691)   Evacuate Collection Set: 0.7ms
[2024-10-12T10:23:30.320+0800][info] GC(691)   Post Evacuate Collection Set: 0.2ms
[2024-10-12T10:23:30.320+0800][info] GC(691)   Other: 0.2ms
[2024-10-12T10:23:30.320+0800][info] GC(691) Eden regions: 2->0(2)
[2024-10-12T10:23:30.320+0800][info] GC(691) Survivor regions: 1->1(1)
[2024-10-12T10:23:30.320+0800][info] GC(691) Old regions: 46->47
[2024-10-12T10:23:30.320+0800][info] GC(691) Archive regions: 2->2
[2024-10-12T10:23:30.320+0800][info] GC(691) Humongous regions: 3->3
[2024-10-12T10:23:30.320+0800][info] GC(691) Metaspace: 1697K(1856K)->1697K(1856K) NonClass: 1572K(1664K)->1572K(1664K) Class: 124K(192K)->124K(192K)
[2024-10-12T10:23:30.320+0800][info] GC(691) Pause Young (Normal) (G1 Evacuation Pause) 90M->89M(128M) 1.378ms
[2024-10-12T10:23:30.320+0800][info] GC(691) User=0.00s Sys=0.00s Real=0.00s
[2024-10-12T10:23:30.422+0800][info] GC(692) Pause Young (Concurrent Start) (G1 Evacuation Pause)
[2024-10-12T10:23:30.422+0800][info] GC(692) Using 3 workers of 48 for evacuation
[2024-10-12T10:23:30.424+0800][info] GC(692)   Pre Evacuate Collection Set: 0.1ms
[2024-10-12T10:23:30.424+0800][info] GC(692)   Merge Heap Roots: 0.1ms
[2024-10-12T10:23:30.424+0800][info] GC(692)   Evacuate Collection Set: 0.8ms
[2024-10-12T10:23:30.424+0800][info] GC(692)   Post Evacuate Collection Set: 0.2ms
[2024-10-12T10:23:30.424+0800][info] GC(692)   Other: 1.1ms
[2024-10-12T10:23:30.424+0800][info] GC(692) Eden regions: 2->0(2)
[2024-10-12T10:23:30.424+0800][info] GC(692) Survivor regions: 1->1(1)
[2024-10-12T10:23:30.424+0800][info] GC(692) Old regions: 47->49
[2024-10-12T10:23:30.424+0800][info] GC(692) Archive regions: 2->2
[2024-10-12T10:23:30.424+0800][info] GC(692) Humongous regions: 3->3
[2024-10-12T10:23:30.424+0800][info] GC(692) Metaspace: 1697K(1856K)->1697K(1856K) NonClass: 1572K(1664K)->1572K(1664K) Class: 124K(192K)->124K(192K)
[2024-10-12T10:23:30.424+0800][info] GC(692) Pause Young (Concurrent Start) (G1 Evacuation Pause) 93M->93M(128M) 2.410ms
[2024-10-12T10:23:30.424+0800][info] GC(692) User=0.00s Sys=0.00s Real=0.00s
[2024-10-12T10:23:30.424+0800][info] GC(693) Concurrent Mark Cycle
[2024-10-12T10:23:30.424+0800][info] GC(693) Concurrent Clear Claimed Marks
[2024-10-12T10:23:30.424+0800][info] GC(693) Concurrent Clear Claimed Marks 0.017ms
[2024-10-12T10:23:30.424+0800][info] GC(693) Concurrent Scan Root Regions
[2024-10-12T10:23:30.425+0800][info] GC(693) Concurrent Scan Root Regions 0.156ms
[2024-10-12T10:23:30.425+0800][info] GC(693) Concurrent Mark
[2024-10-12T10:23:30.425+0800][info] GC(693) Concurrent Mark From Roots
[2024-10-12T10:23:30.425+0800][info] GC(693) Using 12 workers of 12 for marking
[2024-10-12T10:23:30.428+0800][info] GC(693) Concurrent Mark From Roots 3.383ms
[2024-10-12T10:23:30.428+0800][info] GC(693) Concurrent Preclean
[2024-10-12T10:23:30.430+0800][info] GC(693) Concurrent Preclean 1.694ms
[2024-10-12T10:23:30.430+0800][info] GC(693) Pause Remark
[2024-10-12T10:23:30.431+0800][info] GC(693) Pause Remark 94M->94M(128M) 1.711ms
[2024-10-12T10:23:30.432+0800][info] GC(693) User=0.00s Sys=0.00s Real=0.00s
[2024-10-12T10:23:30.432+0800][info] GC(693) Concurrent Mark 7.042ms
[2024-10-12T10:23:30.432+0800][info] GC(693) Concurrent Rebuild Remembered Sets
[2024-10-12T10:23:30.433+0800][info] GC(693) Concurrent Rebuild Remembered Sets 1.733ms
[2024-10-12T10:23:30.433+0800][info] GC(693) Pause Cleanup
[2024-10-12T10:23:30.434+0800][info] GC(693) Pause Cleanup 94M->94M(128M) 0.189ms
[2024-10-12T10:23:30.434+0800][info] GC(693) User=0.00s Sys=0.00s Real=0.00s
[2024-10-12T10:23:30.434+0800][info] GC(693) Concurrent Cleanup for Next Mark
[2024-10-12T10:23:30.434+0800][info] GC(693) Concurrent Cleanup for Next Mark 0.691ms
[2024-10-12T10:23:30.434+0800][info] GC(693) Concurrent Mark Cycle 10.173ms
[2024-10-12T10:23:30.578+0800][info] GC(694) Pause Young (Prepare Mixed) (G1 Evacuation Pause)
[2024-10-12T10:23:30.578+0800][info] GC(694) Using 3 workers of 48 for evacuation
[2024-10-12T10:23:30.579+0800][info] GC(694)   Pre Evacuate Collection Set: 0.1ms
[2024-10-12T10:23:30.579+0800][info] GC(694)   Merge Heap Roots: 0.0ms
[2024-10-12T10:23:30.579+0800][info] GC(694)   Evacuate Collection Set: 0.8ms
[2024-10-12T10:23:30.579+0800][info] GC(694)   Post Evacuate Collection Set: 0.2ms
[2024-10-12T10:23:30.579+0800][info] GC(694)   Other: 0.2ms
[2024-10-12T10:23:30.579+0800][info] GC(694) Eden regions: 2->0(2)
[2024-10-12T10:23:30.579+0800][info] GC(694) Survivor regions: 1->1(1)
[2024-10-12T10:23:30.579+0800][info] GC(694) Old regions: 49->51
[2024-10-12T10:23:30.579+0800][info] GC(694) Archive regions: 2->2
[2024-10-12T10:23:30.579+0800][info] GC(694) Humongous regions: 3->3
[2024-10-12T10:23:30.579+0800][info] GC(694) Metaspace: 1697K(1856K)->1697K(1856K) NonClass: 1572K(1664K)->1572K(1664K) Class: 124K(192K)->124K(192K)
[2024-10-12T10:23:30.579+0800][info] GC(694) Pause Young (Prepare Mixed) (G1 Evacuation Pause) 97M->97M(128M) 1.507ms
[2024-10-12T10:23:30.579+0800][info] GC(694) User=0.00s Sys=0.00s Real=0.00s
[2024-10-12T10:23:30.681+0800][info] GC(695) Pause Young (Mixed) (G1 Preventive Collection)
[2024-10-12T10:23:30.681+0800][info] GC(695) Using 3 workers of 48 for evacuation
[2024-10-12T10:23:30.683+0800][info] GC(695)   Pre Evacuate Collection Set: 0.2ms
[2024-10-12T10:23:30.683+0800][info] GC(695)   Merge Heap Roots: 0.1ms
[2024-10-12T10:23:30.683+0800][info] GC(695)   Evacuate Collection Set: 1.3ms
[2024-10-12T10:23:30.683+0800][info] GC(695)   Post Evacuate Collection Set: 0.2ms
[2024-10-12T10:23:30.683+0800][info] GC(695)   Other: 0.3ms
[2024-10-12T10:23:30.683+0800][info] GC(695) Eden regions: 2->0(2)
[2024-10-12T10:23:30.683+0800][info] GC(695) Survivor regions: 1->1(1)
[2024-10-12T10:23:30.683+0800][info] GC(695) Old regions: 51->48
[2024-10-12T10:23:30.683+0800][info] GC(695) Archive regions: 2->2
[2024-10-12T10:23:30.683+0800][info] GC(695) Humongous regions: 3->3
[2024-10-12T10:23:30.683+0800][info] GC(695) Metaspace: 1697K(1856K)->1697K(1856K) NonClass: 1572K(1664K)->1572K(1664K) Class: 124K(192K)->124K(192K)
[2024-10-12T10:23:30.683+0800][info] GC(695) Pause Young (Mixed) (G1 Preventive Collection) 101M->96M(128M) 2.029ms
[2024-10-12T10:23:30.683+0800][info] GC(695) User=0.00s Sys=0.00s Real=0.00s
[2024-10-12T10:23:30.786+0800][info] GC(696) Pause Young (Mixed) (G1 Evacuation Pause)
[2024-10-12T10:23:30.786+0800][info] GC(696) Using 3 workers of 48 for evacuation
[2024-10-12T10:23:30.788+0800][info] GC(696)   Pre Evacuate Collection Set: 0.2ms
[2024-10-12T10:23:30.788+0800][info] GC(696)   Merge Heap Roots: 0.1ms
[2024-10-12T10:23:30.788+0800][info] GC(696)   Evacuate Collection Set: 1.6ms
[2024-10-12T10:23:30.788+0800][info] GC(696)   Post Evacuate Collection Set: 0.2ms
[2024-10-12T10:23:30.788+0800][info] GC(696)   Other: 0.1ms
[2024-10-12T10:23:30.788+0800][info] GC(696) Eden regions: 2->0(2)
[2024-10-12T10:23:30.788+0800][info] GC(696) Survivor regions: 1->1(1)
[2024-10-12T10:23:30.788+0800][info] GC(696) Old regions: 48->47
[2024-10-12T10:23:30.788+0800][info] GC(696) Archive regions: 2->2
[2024-10-12T10:23:30.788+0800][info] GC(696) Humongous regions: 3->3
[2024-10-12T10:23:30.788+0800][info] GC(696) Metaspace: 1697K(1856K)->1697K(1856K) NonClass: 1572K(1664K)->1572K(1664K) Class: 124K(192K)->124K(192K)
[2024-10-12T10:23:30.788+0800][info] GC(696) Pause Young (Mixed) (G1 Evacuation Pause) 100M->96M(128M) 2.370ms
[2024-10-12T10:23:30.788+0800][info] GC(696) User=0.00s Sys=0.00s Real=0.00s
[2024-10-12T10:23:30.890+0800][info] GC(697) Pause Young (Mixed) (G1 Evacuation Pause)
[2024-10-12T10:23:30.890+0800][info] GC(697) Using 3 workers of 48 for evacuation
[2024-10-12T10:23:30.892+0800][info] GC(697)   Pre Evacuate Collection Set: 0.2ms
[2024-10-12T10:23:30.892+0800][info] GC(697)   Merge Heap Roots: 0.1ms
[2024-10-12T10:23:30.892+0800][info] GC(697)   Evacuate Collection Set: 1.7ms
[2024-10-12T10:23:30.892+0800][info] GC(697)   Post Evacuate Collection Set: 0.2ms
[2024-10-12T10:23:30.892+0800][info] GC(697)   Other: 0.1ms
[2024-10-12T10:23:30.892+0800][info] GC(697) Eden regions: 2->0(2)
[2024-10-12T10:23:30.892+0800][info] GC(697) Survivor regions: 1->1(1)
[2024-10-12T10:23:30.892+0800][info] GC(697) Old regions: 47->46
[2024-10-12T10:23:30.892+0800][info] GC(697) Archive regions: 2->2
[2024-10-12T10:23:30.892+0800][info] GC(697) Humongous regions: 3->3
[2024-10-12T10:23:30.892+0800][info] GC(697) Metaspace: 1697K(1856K)->1697K(1856K) NonClass: 1572K(1664K)->1572K(1664K) Class: 124K(192K)->124K(192K)
[2024-10-12T10:23:30.892+0800][info] GC(697) Pause Young (Mixed) (G1 Evacuation Pause) 99M->95M(128M) 2.366ms
[2024-10-12T10:23:30.892+0800][info] GC(697) User=0.00s Sys=0.00s Real=0.00s
[2024-10-12T10:23:30.995+0800][info] GC(698) Pause Young (Mixed) (G1 Evacuation Pause)
[2024-10-12T10:23:30.995+0800][info] GC(698) Using 3 workers of 48 for evacuation
[2024-10-12T10:23:30.997+0800][info] GC(698)   Pre Evacuate Collection Set: 0.1ms
[2024-10-12T10:23:30.997+0800][info] GC(698)   Merge Heap Roots: 0.0ms
[2024-10-12T10:23:30.997+0800][info] GC(698)   Evacuate Collection Set: 1.6ms
[2024-10-12T10:23:30.997+0800][info] GC(698)   Post Evacuate Collection Set: 0.2ms
[2024-10-12T10:23:30.997+0800][info] GC(698)   Other: 0.1ms
[2024-10-12T10:23:30.997+0800][info] GC(698) Eden regions: 2->0(2)
[2024-10-12T10:23:30.997+0800][info] GC(698) Survivor regions: 1->1(1)
[2024-10-12T10:23:30.997+0800][info] GC(698) Old regions: 46->47
[2024-10-12T10:23:30.997+0800][info] GC(698) Archive regions: 2->2
[2024-10-12T10:23:30.997+0800][info] GC(698) Humongous regions: 3->3
[2024-10-12T10:23:30.997+0800][info] GC(698) Metaspace: 1697K(1856K)->1697K(1856K) NonClass: 1572K(1664K)->1572K(1664K) Class: 124K(192K)->124K(192K)
[2024-10-12T10:23:30.997+0800][info] GC(698) Pause Young (Mixed) (G1 Evacuation Pause) 98M->99M(128M) 2.279ms
[2024-10-12T10:23:30.997+0800][info] GC(698) User=0.01s Sys=0.00s Real=0.00s
[2024-10-12T10:23:31.099+0800][info] GC(699) Pause Young (Normal) (G1 Evacuation Pause)
[2024-10-12T10:23:31.099+0800][info] GC(699) Using 3 workers of 48 for evacuation
[2024-10-12T10:23:31.100+0800][info] GC(699)   Pre Evacuate Collection Set: 0.1ms
[2024-10-12T10:23:31.101+0800][info] GC(699)   Merge Heap Roots: 0.0ms
[2024-10-12T10:23:31.101+0800][info] GC(699)   Evacuate Collection Set: 0.8ms
[2024-10-12T10:23:31.101+0800][info] GC(699)   Post Evacuate Collection Set: 0.2ms
[2024-10-12T10:23:31.101+0800][info] GC(699)   Other: 0.2ms
[2024-10-12T10:23:31.101+0800][info] GC(699) Eden regions: 2->0(2)
[2024-10-12T10:23:31.101+0800][info] GC(699) Survivor regions: 1->1(1)
[2024-10-12T10:23:31.101+0800][info] GC(699) Old regions: 47->49
[2024-10-12T10:23:31.101+0800][info] GC(699) Archive regions: 2->2
[2024-10-12T10:23:31.101+0800][info] GC(699) Humongous regions: 3->3
[2024-10-12T10:23:31.101+0800][info] GC(699) Metaspace: 1697K(1856K)->1697K(1856K) NonClass: 1572K(1664K)->1572K(1664K) Class: 124K(192K)->124K(192K)
[2024-10-12T10:23:31.101+0800][info] GC(699) Pause Young (Normal) (G1 Evacuation Pause) 102M->103M(128M) 1.415ms
[2024-10-12T10:23:31.101+0800][info] GC(699) User=0.00s Sys=0.00s Real=0.00s
[2024-10-12T10:23:31.203+0800][info] GC(700) Pause Young (Normal) (G1 Evacuation Pause)
[2024-10-12T10:23:31.203+0800][info] GC(700) Using 3 workers of 48 for evacuation
[2024-10-12T10:23:31.204+0800][info] GC(700)   Pre Evacuate Collection Set: 0.1ms
[2024-10-12T10:23:31.204+0800][info] GC(700)   Merge Heap Roots: 0.0ms
[2024-10-12T10:23:31.204+0800][info] GC(700)   Evacuate Collection Set: 0.6ms
[2024-10-12T10:23:31.204+0800][info] GC(700)   Post Evacuate Collection Set: 0.2ms
[2024-10-12T10:23:31.204+0800][info] GC(700)   Other: 0.2ms
[2024-10-12T10:23:31.204+0800][info] GC(700) Eden regions: 2->0(2)
[2024-10-12T10:23:31.204+0800][info] GC(700) Survivor regions: 1->1(1)
[2024-10-12T10:23:31.204+0800][info] GC(700) Old regions: 49->50
[2024-10-12T10:23:31.204+0800][info] GC(700) Archive regions: 2->2
[2024-10-12T10:23:31.204+0800][info] GC(700) Humongous regions: 3->3
[2024-10-12T10:23:31.204+0800][info] GC(700) Metaspace: 1697K(1856K)->1697K(1856K) NonClass: 1572K(1664K)->1572K(1664K) Class: 124K(192K)->124K(192K)
[2024-10-12T10:23:31.204+0800][info] GC(700) Pause Young (Normal) (G1 Evacuation Pause) 106M->106M(128M) 1.227ms
[2024-10-12T10:23:31.204+0800][info] GC(700) User=0.01s Sys=0.00s Real=0.00s
[2024-10-12T10:23:31.306+0800][info] GC(701) Pause Young (Concurrent Start) (G1 Evacuation Pause)
[2024-10-12T10:23:31.306+0800][info] GC(701) Using 3 workers of 48 for evacuation
[2024-10-12T10:23:31.308+0800][info] GC(701)   Pre Evacuate Collection Set: 0.1ms
[2024-10-12T10:23:31.308+0800][info] GC(701)   Merge Heap Roots: 0.0ms
[2024-10-12T10:23:31.308+0800][info] GC(701)   Evacuate Collection Set: 0.7ms
[2024-10-12T10:23:31.308+0800][info] GC(701)   Post Evacuate Collection Set: 0.2ms
[2024-10-12T10:23:31.308+0800][info] GC(701)   Other: 0.4ms
[2024-10-12T10:23:31.308+0800][info] GC(701) Eden regions: 2->0(2)
[2024-10-12T10:23:31.308+0800][info] GC(701) Survivor regions: 1->1(1)
[2024-10-12T10:23:31.308+0800][info] GC(701) Old regions: 50->52
[2024-10-12T10:23:31.308+0800][info] GC(701) Archive regions: 2->2
[2024-10-12T10:23:31.308+0800][info] GC(701) Humongous regions: 3->3
[2024-10-12T10:23:31.308+0800][info] GC(701) Metaspace: 1697K(1856K)->1697K(1856K) NonClass: 1572K(1664K)->1572K(1664K) Class: 124K(192K)->124K(192K)
[2024-10-12T10:23:31.308+0800][info] GC(701) Pause Young (Concurrent Start) (G1 Evacuation Pause) 109M->110M(128M) 1.561ms
[2024-10-12T10:23:31.308+0800][info] GC(701) User=0.00s Sys=0.00s Real=0.00s
[2024-10-12T10:23:31.308+0800][info] GC(702) Concurrent Mark Cycle
[2024-10-12T10:23:31.308+0800][info] GC(702) Concurrent Clear Claimed Marks
[2024-10-12T10:23:31.308+0800][info] GC(702) Concurrent Clear Claimed Marks 0.016ms
[2024-10-12T10:23:31.308+0800][info] GC(702) Concurrent Scan Root Regions
[2024-10-12T10:23:31.308+0800][info] GC(702) Concurrent Scan Root Regions 0.107ms
[2024-10-12T10:23:31.308+0800][info] GC(702) Concurrent Mark
[2024-10-12T10:23:31.308+0800][info] GC(702) Concurrent Mark From Roots
[2024-10-12T10:23:31.308+0800][info] GC(702) Using 12 workers of 12 for marking
[2024-10-12T10:23:31.312+0800][info] GC(702) Concurrent Mark From Roots 3.697ms
[2024-10-12T10:23:31.312+0800][info] GC(702) Concurrent Preclean
[2024-10-12T10:23:31.314+0800][info] GC(702) Concurrent Preclean 1.712ms
[2024-10-12T10:23:31.314+0800][info] GC(702) Pause Remark
[2024-10-12T10:23:31.315+0800][info] GC(702) Pause Remark 110M->110M(128M) 1.553ms
[2024-10-12T10:23:31.315+0800][info] GC(702) User=0.00s Sys=0.00s Real=0.00s
[2024-10-12T10:23:31.316+0800][info] GC(702) Concurrent Mark 7.281ms
[2024-10-12T10:23:31.316+0800][info] GC(702) Concurrent Rebuild Remembered Sets
[2024-10-12T10:23:31.317+0800][info] GC(702) Concurrent Rebuild Remembered Sets 1.822ms
[2024-10-12T10:23:31.318+0800][info] GC(702) Pause Cleanup
[2024-10-12T10:23:31.318+0800][info] GC(702) Pause Cleanup 110M->110M(128M) 0.217ms
[2024-10-12T10:23:31.318+0800][info] GC(702) User=0.00s Sys=0.00s Real=0.00s
[2024-10-12T10:23:31.318+0800][info] GC(702) Concurrent Cleanup for Next Mark
[2024-10-12T10:23:31.318+0800][info] GC(702) Concurrent Cleanup for Next Mark 0.407ms
[2024-10-12T10:23:31.318+0800][info] GC(702) Concurrent Mark Cycle 10.221ms
[2024-10-12T10:23:31.461+0800][info] GC(703) Pause Young (Prepare Mixed) (G1 Preventive Collection)
[2024-10-12T10:23:31.461+0800][info] GC(703) Using 3 workers of 48 for evacuation
[2024-10-12T10:23:31.463+0800][info] GC(703)   Pre Evacuate Collection Set: 0.1ms
[2024-10-12T10:23:31.463+0800][info] GC(703)   Merge Heap Roots: 0.1ms
[2024-10-12T10:23:31.463+0800][info] GC(703)   Evacuate Collection Set: 1.0ms
[2024-10-12T10:23:31.463+0800][info] GC(703)   Post Evacuate Collection Set: 0.2ms
[2024-10-12T10:23:31.463+0800][info] GC(703)   Other: 0.2ms
[2024-10-12T10:23:31.463+0800][info] GC(703) Eden regions: 2->0(2)
[2024-10-12T10:23:31.463+0800][info] GC(703) Survivor regions: 1->1(1)
[2024-10-12T10:23:31.463+0800][info] GC(703) Old regions: 52->54
[2024-10-12T10:23:31.463+0800][info] GC(703) Archive regions: 2->2
[2024-10-12T10:23:31.463+0800][info] GC(703) Humongous regions: 3->3
[2024-10-12T10:23:31.463+0800][info] GC(703) Metaspace: 1697K(1856K)->1697K(1856K) NonClass: 1572K(1664K)->1572K(1664K) Class: 124K(192K)->124K(192K)
[2024-10-12T10:23:31.463+0800][info] GC(703) Pause Young (Prepare Mixed) (G1 Preventive Collection) 113M->114M(128M) 1.588ms
[2024-10-12T10:23:31.463+0800][info] GC(703) User=0.01s Sys=0.00s Real=0.00s
[2024-10-12T10:23:31.524+0800][info] GC(704) Pause Young (Mixed) (G1 Preventive Collection)
[2024-10-12T10:23:31.524+0800][info] GC(704) Using 3 workers of 48 for evacuation
[2024-10-12T10:23:31.526+0800][info] GC(704) To-space exhausted
[2024-10-12T10:23:31.526+0800][info] GC(704)   Pre Evacuate Collection Set: 0.2ms
[2024-10-12T10:23:31.526+0800][info] GC(704)   Merge Heap Roots: 0.1ms
[2024-10-12T10:23:31.526+0800][info] GC(704)   Evacuate Collection Set: 0.9ms
[2024-10-12T10:23:31.526+0800][info] GC(704)   Post Evacuate Collection Set: 0.2ms
[2024-10-12T10:23:31.526+0800][info] GC(704)   Other: 0.2ms
[2024-10-12T10:23:31.526+0800][info] GC(704) Eden regions: 1->0(2)
[2024-10-12T10:23:31.526+0800][info] GC(704) Survivor regions: 1->1(1)
[2024-10-12T10:23:31.526+0800][info] GC(704) Old regions: 54->53
[2024-10-12T10:23:31.526+0800][info] GC(704) Archive regions: 2->2
[2024-10-12T10:23:31.526+0800][info] GC(704) Humongous regions: 3->3
[2024-10-12T10:23:31.526+0800][info] GC(704) Metaspace: 1697K(1856K)->1697K(1856K) NonClass: 1572K(1664K)->1572K(1664K) Class: 124K(192K)->124K(192K)
[2024-10-12T10:23:31.526+0800][info] GC(704) Pause Young (Mixed) (G1 Preventive Collection) 115M->112M(128M) 1.713ms
[2024-10-12T10:23:31.526+0800][info] GC(704) User=0.00s Sys=0.00s Real=0.01s
[2024-10-12T10:23:31.567+0800][info] GC(705) Pause Young (Mixed) (G1 Preventive Collection)
[2024-10-12T10:23:31.567+0800][info] GC(705) Using 3 workers of 48 for evacuation
[2024-10-12T10:23:31.569+0800][info] GC(705) To-space exhausted
[2024-10-12T10:23:31.569+0800][info] GC(705)   Pre Evacuate Collection Set: 0.2ms
[2024-10-12T10:23:31.569+0800][info] GC(705)   Merge Heap Roots: 0.1ms
[2024-10-12T10:23:31.569+0800][info] GC(705)   Evacuate Collection Set: 1.1ms
[2024-10-12T10:23:31.569+0800][info] GC(705)   Post Evacuate Collection Set: 0.6ms
[2024-10-12T10:23:31.569+0800][info] GC(705)   Other: 0.2ms
[2024-10-12T10:23:31.569+0800][info] GC(705) Eden regions: 1->0(2)
[2024-10-12T10:23:31.569+0800][info] GC(705) Survivor regions: 1->1(1)
[2024-10-12T10:23:31.569+0800][info] GC(705) Old regions: 53->55
[2024-10-12T10:23:31.569+0800][info] GC(705) Archive regions: 2->2
[2024-10-12T10:23:31.569+0800][info] GC(705) Humongous regions: 3->3
[2024-10-12T10:23:31.569+0800][info] GC(705) Metaspace: 1697K(1856K)->1697K(1856K) NonClass: 1572K(1664K)->1572K(1664K) Class: 124K(192K)->124K(192K)
[2024-10-12T10:23:31.569+0800][info] GC(705) Pause Young (Mixed) (G1 Preventive Collection) 114M->116M(128M) 2.255ms
[2024-10-12T10:23:31.569+0800][info] GC(705) User=0.01s Sys=0.00s Real=0.00s
[2024-10-12T10:23:31.592+0800][info] Heap
[2024-10-12T10:23:31.592+0800][info]  garbage-first heap   total 131072K, used 119680K [0x00000000f8000000, 0x0000000100000000)
[2024-10-12T10:23:31.592+0800][info]   region size 2048K, 2 young (4096K), 1 survivors (2048K)
[2024-10-12T10:23:31.592+0800][info]  Metaspace       used 1697K, committed 1856K, reserved 1114112K
[2024-10-12T10:23:31.592+0800][info]   class space    used 124K, committed 192K, reserved 1048576K
