[2024-10-12T10:22:26.907+0800][debug][gc,ergo,cset] GC(10) Pruned 9 regions out of 27, leaving 6072912 bytes waste (allowed 6710886)
[2024-10-12T10:22:27.402+0800][debug][gc,ergo,cset] GC(12) Start adding old regions to collection set. Min 3 regions, max 7 regions, time remaining 41.93ms, optional threshold 8.39ms
[2024-10-12T10:22:27.402+0800][debug][gc,ergo,cset] GC(12) Finish adding old regions to collection set (Maximum number of regions). Initial 7 regions, optional 0 regions
[2024-10-12T10:22:27.402+0800][debug][gc,ergo,cset] GC(12) Finish choosing collection set old regions. Initial: 7, optional: 0, predicted old time: 0.00ms, predicted optional time: 0.00ms, time remaining: 35.43
[2024-10-12T10:22:27.510+0800][debug][gc,ergo,cset] GC(13) Start adding old regions to collection set. Min 3 regions, max 7 regions, time remaining 42.87ms, optional threshold 8.57ms
[2024-10-12T10:22:27.510+0800][debug][gc,ergo,cset] GC(13) Finish adding old regions to collection set (Maximum number of regions). Initial 7 regions, optional 0 regions
[2024-10-12T10:22:27.510+0800][debug][gc,ergo,cset] GC(13) Finish choosing collection set old regions. Initial: 7, optional: 0, predicted old time: 0.00ms, predicted optional time: 0.00ms, time remaining: 34.42
[2024-10-12T10:22:27.618+0800][debug][gc,ergo,cset] GC(14) Start adding old regions to collection set. Min 3 regions, max 7 regions, time remaining 44.11ms, optional threshold 8.82ms
[2024-10-12T10:22:27.618+0800][debug][gc,ergo,cset] GC(14) Old candidate collection set empty.
[2024-10-12T10:22:27.618+0800][debug][gc,ergo,cset] GC(14) Finish choosing collection set old regions. Initial: 4, optional: 0, predicted old time: 0.00ms, predicted optional time: 0.00ms, time remaining: 39.52
[2024-10-12T10:22:27.961+0800][debug][gc,ergo,cset] GC(16) Pruned 11 regions out of 24, leaving 6406136 bytes waste (allowed 6710886)
[2024-10-12T10:22:28.338+0800][debug][gc,ergo,cset] GC(18) Start adding old regions to collection set. Min 2 regions, max 7 regions, time remaining 46.40ms, optional threshold 9.28ms
[2024-10-12T10:22:28.338+0800][debug][gc,ergo,cset] GC(18) Finish adding old regions to collection set (Maximum number of regions). Initial 7 regions, optional 0 regions
[2024-10-12T10:22:28.338+0800][debug][gc,ergo,cset] GC(18) Finish choosing collection set old regions. Initial: 7, optional: 0, predicted old time: 0.00ms, predicted optional time: 0.00ms, time remaining: 42.83
[2024-10-12T10:22:28.445+0800][debug][gc,ergo,cset] GC(19) Start adding old regions to collection set. Min 2 regions, max 7 regions, time remaining 46.63ms, optional threshold 9.33ms
[2024-10-12T10:22:28.445+0800][debug][gc,ergo,cset] GC(19) Old candidate collection set empty.
[2024-10-12T10:22:28.445+0800][debug][gc,ergo,cset] GC(19) Finish choosing collection set old regions. Initial: 6, optional: 0, predicted old time: 0.00ms, predicted optional time: 0.00ms, time remaining: 42.28
[2024-10-12T10:22:28.728+0800][debug][gc,ergo,cset] GC(21) Pruned 12 regions out of 27, leaving 6561096 bytes waste (allowed 6710886)
[2024-10-12T10:22:29.041+0800][debug][gc,ergo,cset] GC(23) Start adding old regions to collection set. Min 2 regions, max 7 regions, time remaining 47.71ms, optional threshold 9.54ms
[2024-10-12T10:22:29.041+0800][debug][gc,ergo,cset] GC(23) Finish adding old regions to collection set (Maximum number of regions). Initial 7 regions, optional 0 regions
[2024-10-12T10:22:29.041+0800][debug][gc,ergo,cset] GC(23) Finish choosing collection set old regions. Initial: 7, optional: 0, predicted old time: 0.00ms, predicted optional time: 0.00ms, time remaining: 44.65
[2024-10-12T10:22:29.151+0800][debug][gc,ergo,cset] GC(24) Start adding old regions to collection set. Min 2 regions, max 7 regions, time remaining 47.23ms, optional threshold 9.45ms
[2024-10-12T10:22:29.151+0800][debug][gc,ergo,cset] GC(24) Finish adding old regions to collection set (Maximum number of regions). Initial 7 regions, optional 0 regions
[2024-10-12T10:22:29.151+0800][debug][gc,ergo,cset] GC(24) Finish choosing collection set old regions. Initial: 7, optional: 0, predicted old time: 0.00ms, predicted optional time: 0.00ms, time remaining: 42.90
[2024-10-12T10:22:29.257+0800][debug][gc,ergo,cset] GC(25) Start adding old regions to collection set. Min 2 regions, max 7 regions, time remaining 47.60ms, optional threshold 9.52ms
[2024-10-12T10:22:29.257+0800][debug][gc,ergo,cset] GC(25) Old candidate collection set empty.
[2024-10-12T10:22:29.257+0800][debug][gc,ergo,cset] GC(25) Finish choosing collection set old regions. Initial: 1, optional: 0, predicted old time: 0.00ms, predicted optional time: 0.00ms, time remaining: 47.04
[2024-10-12T10:22:29.580+0800][debug][gc,ergo,cset] GC(29) Pruned 11 regions out of 34, leaving 6408968 bytes waste (allowed 6710886)
[2024-10-12T10:22:29.830+0800][debug][gc,ergo,cset] GC(31) Start adding old regions to collection set. Min 3 regions, max 7 regions, time remaining 48.63ms, optional threshold 9.73ms
[2024-10-12T10:22:29.830+0800][debug][gc,ergo,cset] GC(31) Finish adding old regions to collection set (Maximum number of regions). Initial 7 regions, optional 0 regions
[2024-10-12T10:22:29.830+0800][debug][gc,ergo,cset] GC(31) Finish choosing collection set old regions. Initial: 7, optional: 0, predicted old time: 0.00ms, predicted optional time: 0.00ms, time remaining: 47.31
[2024-10-12T10:22:29.936+0800][debug][gc,ergo,cset] GC(32) Start adding old regions to collection set. Min 3 regions, max 7 regions, time remaining 48.65ms, optional threshold 9.73ms
[2024-10-12T10:22:29.936+0800][debug][gc,ergo,cset] GC(32) Finish adding old regions to collection set (Maximum number of regions). Initial 7 regions, optional 0 regions
[2024-10-12T10:22:29.936+0800][debug][gc,ergo,cset] GC(32) Finish choosing collection set old regions. Initial: 7, optional: 0, predicted old time: 0.00ms, predicted optional time: 0.00ms, time remaining: 47.03
[2024-10-12T10:22:30.041+0800][debug][gc,ergo,cset] GC(33) Start adding old regions to collection set. Min 3 regions, max 7 regions, time remaining 48.71ms, optional threshold 9.74ms
[2024-10-12T10:22:30.041+0800][debug][gc,ergo,cset] GC(33) Finish adding old regions to collection set (Maximum number of regions). Initial 7 regions, optional 0 regions
[2024-10-12T10:22:30.041+0800][debug][gc,ergo,cset] GC(33) Finish choosing collection set old regions. Initial: 7, optional: 0, predicted old time: 0.00ms, predicted optional time: 0.00ms, time remaining: 46.76
[2024-10-12T10:22:30.147+0800][debug][gc,ergo,cset] GC(34) Start adding old regions to collection set. Min 3 regions, max 7 regions, time remaining 48.73ms, optional threshold 9.75ms
[2024-10-12T10:22:30.147+0800][debug][gc,ergo,cset] GC(34) Old candidate collection set empty.
[2024-10-12T10:22:30.147+0800][debug][gc,ergo,cset] GC(34) Finish choosing collection set old regions. Initial: 2, optional: 0, predicted old time: 0.00ms, predicted optional time: 0.00ms, time remaining: 48.20
[2024-10-12T10:22:30.471+0800][debug][gc,ergo,cset] GC(38) Pruned 11 regions out of 39, leaving 6461056 bytes waste (allowed 6710886)
[2024-10-12T10:22:30.720+0800][debug][gc,ergo,cset] Preventive GC, insufficient free regions. Predicted need 6. Curr Eden 2 (Pred 3). Curr Survivor 1 (Pred 1). Curr Old 52 (Pred 2) Free 5 Alloc 1
[2024-10-12T10:22:30.720+0800][debug][gc,ergo,cset] GC(40) Start adding old regions to collection set. Min 4 regions, max 7 regions, time remaining 48.94ms, optional threshold 9.79ms
[2024-10-12T10:22:30.720+0800][debug][gc,ergo,cset] GC(40) Finish adding old regions to collection set (Maximum number of regions). Initial 7 regions, optional 0 regions
[2024-10-12T10:22:30.720+0800][debug][gc,ergo,cset] GC(40) Finish choosing collection set old regions. Initial: 7, optional: 0, predicted old time: 0.00ms, predicted optional time: 0.00ms, time remaining: 48.00
[2024-10-12T10:22:30.825+0800][debug][gc,ergo,cset] Preventive GC, insufficient free regions. Predicted need 7. Curr Eden 2 (Pred 3). Curr Survivor 1 (Pred 1). Curr Old 50 (Pred 3) Free 7 Alloc 1
[2024-10-12T10:22:30.825+0800][debug][gc,ergo,cset] GC(41) Start adding old regions to collection set. Min 4 regions, max 7 regions, time remaining 48.93ms, optional threshold 9.79ms
[2024-10-12T10:22:30.825+0800][debug][gc,ergo,cset] GC(41) Finish adding old regions to collection set (Maximum number of regions). Initial 7 regions, optional 0 regions
[2024-10-12T10:22:30.825+0800][debug][gc,ergo,cset] GC(41) Finish choosing collection set old regions. Initial: 7, optional: 0, predicted old time: 0.00ms, predicted optional time: 0.00ms, time remaining: 47.62
[2024-10-12T10:22:30.930+0800][debug][gc,ergo,cset] GC(42) Start adding old regions to collection set. Min 4 regions, max 7 regions, time remaining 48.93ms, optional threshold 9.79ms
[2024-10-12T10:22:30.930+0800][debug][gc,ergo,cset] GC(42) Finish adding old regions to collection set (Maximum number of regions). Initial 7 regions, optional 0 regions
[2024-10-12T10:22:30.930+0800][debug][gc,ergo,cset] GC(42) Finish choosing collection set old regions. Initial: 7, optional: 0, predicted old time: 0.00ms, predicted optional time: 0.00ms, time remaining: 47.58
[2024-10-12T10:22:31.035+0800][debug][gc,ergo,cset] GC(43) Start adding old regions to collection set. Min 4 regions, max 7 regions, time remaining 48.93ms, optional threshold 9.79ms
[2024-10-12T10:22:31.035+0800][debug][gc,ergo,cset] GC(43) Old candidate collection set empty.
[2024-10-12T10:22:31.035+0800][debug][gc,ergo,cset] GC(43) Finish choosing collection set old regions. Initial: 7, optional: 0, predicted old time: 0.00ms, predicted optional time: 0.00ms, time remaining: 47.50
[2024-10-12T10:22:31.255+0800][debug][gc,ergo,cset] GC(46) Pruned 11 regions out of 40, leaving 6404712 bytes waste (allowed 6710886)
[2024-10-12T10:22:31.504+0800][debug][gc,ergo,cset] Preventive GC, insufficient free regions. Predicted need 5. Curr Eden 2 (Pred 3). Curr Survivor 1 (Pred 1). Curr Old 52 (Pred 1) Free 4 Alloc 1
[2024-10-12T10:22:31.504+0800][debug][gc,ergo,cset] GC(48) Start adding old regions to collection set. Min 4 regions, max 7 regions, time remaining 48.97ms, optional threshold 9.79ms
[2024-10-12T10:22:31.504+0800][debug][gc,ergo,cset] GC(48) Finish adding old regions to collection set (Maximum number of regions). Initial 7 regions, optional 0 regions
[2024-10-12T10:22:31.504+0800][debug][gc,ergo,cset] GC(48) Finish choosing collection set old regions. Initial: 7, optional: 0, predicted old time: 0.00ms, predicted optional time: 0.00ms, time remaining: 48.32
[2024-10-12T10:22:31.608+0800][debug][gc,ergo,cset] GC(49) Start adding old regions to collection set. Min 4 regions, max 7 regions, time remaining 48.97ms, optional threshold 9.79ms
[2024-10-12T10:22:31.608+0800][debug][gc,ergo,cset] GC(49) Finish adding old regions to collection set (Maximum number of regions). Initial 7 regions, optional 0 regions
[2024-10-12T10:22:31.608+0800][debug][gc,ergo,cset] GC(49) Finish choosing collection set old regions. Initial: 7, optional: 0, predicted old time: 0.00ms, predicted optional time: 0.00ms, time remaining: 47.91
[2024-10-12T10:22:31.713+0800][debug][gc,ergo,cset] GC(50) Start adding old regions to collection set. Min 4 regions, max 7 regions, time remaining 48.95ms, optional threshold 9.79ms
[2024-10-12T10:22:31.713+0800][debug][gc,ergo,cset] GC(50) Finish adding old regions to collection set (Maximum number of regions). Initial 7 regions, optional 0 regions
[2024-10-12T10:22:31.713+0800][debug][gc,ergo,cset] GC(50) Finish choosing collection set old regions. Initial: 7, optional: 0, predicted old time: 0.00ms, predicted optional time: 0.00ms, time remaining: 47.68
[2024-10-12T10:22:31.818+0800][debug][gc,ergo,cset] GC(51) Start adding old regions to collection set. Min 4 regions, max 7 regions, time remaining 48.97ms, optional threshold 9.79ms
[2024-10-12T10:22:31.818+0800][debug][gc,ergo,cset] GC(51) Finish adding old regions to collection set (Maximum number of regions). Initial 7 regions, optional 0 regions
[2024-10-12T10:22:31.818+0800][debug][gc,ergo,cset] GC(51) Finish choosing collection set old regions. Initial: 7, optional: 0, predicted old time: 0.00ms, predicted optional time: 0.00ms, time remaining: 47.63
[2024-10-12T10:22:31.924+0800][debug][gc,ergo,cset] GC(52) Start adding old regions to collection set. Min 4 regions, max 7 regions, time remaining 48.97ms, optional threshold 9.79ms
[2024-10-12T10:22:31.924+0800][debug][gc,ergo,cset] GC(52) Old candidate collection set empty.
[2024-10-12T10:22:31.924+0800][debug][gc,ergo,cset] GC(52) Finish choosing collection set old regions. Initial: 1, optional: 0, predicted old time: 0.00ms, predicted optional time: 0.00ms, time remaining: 48.77
[2024-10-12T10:22:32.141+0800][debug][gc,ergo,cset] GC(55) Pruned 11 regions out of 41, leaving 6456232 bytes waste (allowed 6710886)
[2024-10-12T10:22:32.350+0800][debug][gc,ergo,cset] Preventive GC, insufficient free regions. Predicted need 4. Curr Eden 1 (Pred 2). Curr Survivor 1 (Pred 1). Curr Old 54 (Pred 1) Free 4 Alloc 1
[2024-10-12T10:22:32.350+0800][debug][gc,ergo,cset] GC(57) Start adding old regions to collection set. Min 4 regions, max 7 regions, time remaining 49.19ms, optional threshold 9.84ms
[2024-10-12T10:22:32.350+0800][debug][gc,ergo,cset] GC(57) Finish adding old regions to collection set (Maximum number of regions). Initial 7 regions, optional 0 regions
[2024-10-12T10:22:32.350+0800][debug][gc,ergo,cset] GC(57) Finish choosing collection set old regions. Initial: 7, optional: 0, predicted old time: 0.00ms, predicted optional time: 0.00ms, time remaining: 48.49
[2024-10-12T10:22:32.454+0800][debug][gc,ergo,cset] GC(58) Start adding old regions to collection set. Min 4 regions, max 7 regions, time remaining 48.99ms, optional threshold 9.80ms
[2024-10-12T10:22:32.454+0800][debug][gc,ergo,cset] GC(58) Finish adding old regions to collection set (Maximum number of regions). Initial 7 regions, optional 0 regions
[2024-10-12T10:22:32.454+0800][debug][gc,ergo,cset] GC(58) Finish choosing collection set old regions. Initial: 7, optional: 0, predicted old time: 0.00ms, predicted optional time: 0.00ms, time remaining: 48.05
[2024-10-12T10:22:32.559+0800][debug][gc,ergo,cset] GC(59) Start adding old regions to collection set. Min 4 regions, max 7 regions, time remaining 48.95ms, optional threshold 9.79ms
[2024-10-12T10:22:32.559+0800][debug][gc,ergo,cset] GC(59) Finish adding old regions to collection set (Maximum number of regions). Initial 7 regions, optional 0 regions
[2024-10-12T10:22:32.559+0800][debug][gc,ergo,cset] GC(59) Finish choosing collection set old regions. Initial: 7, optional: 0, predicted old time: 0.00ms, predicted optional time: 0.00ms, time remaining: 47.80
[2024-10-12T10:22:32.663+0800][debug][gc,ergo,cset] GC(60) Start adding old regions to collection set. Min 4 regions, max 7 regions, time remaining 48.93ms, optional threshold 9.79ms
[2024-10-12T10:22:32.663+0800][debug][gc,ergo,cset] GC(60) Finish adding old regions to collection set (Maximum number of regions). Initial 7 regions, optional 0 regions
[2024-10-12T10:22:32.663+0800][debug][gc,ergo,cset] GC(60) Finish choosing collection set old regions. Initial: 7, optional: 0, predicted old time: 0.00ms, predicted optional time: 0.00ms, time remaining: 47.55
[2024-10-12T10:22:32.769+0800][debug][gc,ergo,cset] GC(61) Start adding old regions to collection set. Min 4 regions, max 7 regions, time remaining 48.91ms, optional threshold 9.78ms
[2024-10-12T10:22:32.769+0800][debug][gc,ergo,cset] GC(61) Old candidate collection set empty.
[2024-10-12T10:22:32.769+0800][debug][gc,ergo,cset] GC(61) Finish choosing collection set old regions. Initial: 2, optional: 0, predicted old time: 0.00ms, predicted optional time: 0.00ms, time remaining: 48.52
[2024-10-12T10:22:33.090+0800][debug][gc,ergo,cset] GC(65) Pruned 12 regions out of 43, leaving 6414672 bytes waste (allowed 6710886)
[2024-10-12T10:22:33.339+0800][debug][gc,ergo,cset] Preventive GC, insufficient free regions. Predicted need 5. Curr Eden 2 (Pred 3). Curr Survivor 1 (Pred 1). Curr Old 53 (Pred 1) Free 4 Alloc 1
[2024-10-12T10:22:33.339+0800][debug][gc,ergo,cset] GC(67) Start adding old regions to collection set. Min 4 regions, max 7 regions, time remaining 49.05ms, optional threshold 9.81ms
[2024-10-12T10:22:33.339+0800][debug][gc,ergo,cset] GC(67) Finish adding old regions to collection set (Maximum number of regions). Initial 7 regions, optional 0 regions
[2024-10-12T10:22:33.339+0800][debug][gc,ergo,cset] GC(67) Finish choosing collection set old regions. Initial: 7, optional: 0, predicted old time: 0.00ms, predicted optional time: 0.00ms, time remaining: 48.50
[2024-10-12T10:22:33.444+0800][debug][gc,ergo,cset] GC(68) Start adding old regions to collection set. Min 4 regions, max 7 regions, time remaining 49.04ms, optional threshold 9.81ms
[2024-10-12T10:22:33.444+0800][debug][gc,ergo,cset] GC(68) Finish adding old regions to collection set (Maximum number of regions). Initial 7 regions, optional 0 regions
[2024-10-12T10:22:33.444+0800][debug][gc,ergo,cset] GC(68) Finish choosing collection set old regions. Initial: 7, optional: 0, predicted old time: 0.00ms, predicted optional time: 0.00ms, time remaining: 48.10
[2024-10-12T10:22:33.548+0800][debug][gc,ergo,cset] GC(69) Start adding old regions to collection set. Min 4 regions, max 7 regions, time remaining 49.00ms, optional threshold 9.80ms
[2024-10-12T10:22:33.548+0800][debug][gc,ergo,cset] GC(69) Finish adding old regions to collection set (Maximum number of regions). Initial 7 regions, optional 0 regions
[2024-10-12T10:22:33.548+0800][debug][gc,ergo,cset] GC(69) Finish choosing collection set old regions. Initial: 7, optional: 0, predicted old time: 0.00ms, predicted optional time: 0.00ms, time remaining: 47.82
[2024-10-12T10:22:33.653+0800][debug][gc,ergo,cset] GC(70) Start adding old regions to collection set. Min 4 regions, max 7 regions, time remaining 48.99ms, optional threshold 9.80ms
[2024-10-12T10:22:33.653+0800][debug][gc,ergo,cset] GC(70) Finish adding old regions to collection set (Maximum number of regions). Initial 7 regions, optional 0 regions
[2024-10-12T10:22:33.653+0800][debug][gc,ergo,cset] GC(70) Finish choosing collection set old regions. Initial: 7, optional: 0, predicted old time: 0.00ms, predicted optional time: 0.00ms, time remaining: 47.68
[2024-10-12T10:22:33.758+0800][debug][gc,ergo,cset] GC(71) Start adding old regions to collection set. Min 4 regions, max 7 regions, time remaining 48.98ms, optional threshold 9.80ms
[2024-10-12T10:22:33.758+0800][debug][gc,ergo,cset] GC(71) Old candidate collection set empty.
[2024-10-12T10:22:33.758+0800][debug][gc,ergo,cset] GC(71) Finish choosing collection set old regions. Initial: 3, optional: 0, predicted old time: 0.00ms, predicted optional time: 0.00ms, time remaining: 48.41
[2024-10-12T10:22:33.977+0800][debug][gc,ergo,cset] GC(74) Pruned 10 regions out of 38, leaving 6060336 bytes waste (allowed 6710886)
[2024-10-12T10:22:34.185+0800][debug][gc,ergo,cset] Preventive GC, insufficient free regions. Predicted need 4. Curr Eden 1 (Pred 2). Curr Survivor 1 (Pred 1). Curr Old 53 (Pred 1) Free 4 Alloc 1
[2024-10-12T10:22:34.185+0800][debug][gc,ergo,cset] GC(76) Start adding old regions to collection set. Min 4 regions, max 7 regions, time remaining 49.22ms, optional threshold 9.84ms
[2024-10-12T10:22:34.185+0800][debug][gc,ergo,cset] GC(76) Finish adding old regions to collection set (Maximum number of regions). Initial 7 regions, optional 0 regions
[2024-10-12T10:22:34.185+0800][debug][gc,ergo,cset] GC(76) Finish choosing collection set old regions. Initial: 7, optional: 0, predicted old time: 0.00ms, predicted optional time: 0.00ms, time remaining: 48.64
[2024-10-12T10:22:34.289+0800][debug][gc,ergo,cset] GC(77) Start adding old regions to collection set. Min 4 regions, max 7 regions, time remaining 48.96ms, optional threshold 9.79ms
[2024-10-12T10:22:34.289+0800][debug][gc,ergo,cset] GC(77) Finish adding old regions to collection set (Maximum number of regions). Initial 7 regions, optional 0 regions
[2024-10-12T10:22:34.289+0800][debug][gc,ergo,cset] GC(77) Finish choosing collection set old regions. Initial: 7, optional: 0, predicted old time: 0.00ms, predicted optional time: 0.00ms, time remaining: 48.00
[2024-10-12T10:22:34.394+0800][debug][gc,ergo,cset] GC(78) Start adding old regions to collection set. Min 4 regions, max 7 regions, time remaining 48.92ms, optional threshold 9.78ms
[2024-10-12T10:22:34.394+0800][debug][gc,ergo,cset] GC(78) Finish adding old regions to collection set (Maximum number of regions). Initial 7 regions, optional 0 regions
[2024-10-12T10:22:34.394+0800][debug][gc,ergo,cset] GC(78) Finish choosing collection set old regions. Initial: 7, optional: 0, predicted old time: 0.00ms, predicted optional time: 0.00ms, time remaining: 47.80
[2024-10-12T10:22:34.499+0800][debug][gc,ergo,cset] GC(79) Start adding old regions to collection set. Min 4 regions, max 7 regions, time remaining 48.92ms, optional threshold 9.78ms
[2024-10-12T10:22:34.499+0800][debug][gc,ergo,cset] GC(79) Old candidate collection set empty.
[2024-10-12T10:22:34.499+0800][debug][gc,ergo,cset] GC(79) Finish choosing collection set old regions. Initial: 7, optional: 0, predicted old time: 0.00ms, predicted optional time: 0.00ms, time remaining: 47.67
[2024-10-12T10:22:34.822+0800][debug][gc,ergo,cset] GC(83) Pruned 12 regions out of 39, leaving 6633280 bytes waste (allowed 6710886)
[2024-10-12T10:22:35.070+0800][debug][gc,ergo,cset] Preventive GC, insufficient free regions. Predicted need 5. Curr Eden 2 (Pred 3). Curr Survivor 1 (Pred 1). Curr Old 52 (Pred 1) Free 4 Alloc 1
[2024-10-12T10:22:35.070+0800][debug][gc,ergo,cset] GC(85) Start adding old regions to collection set. Min 4 regions, max 7 regions, time remaining 49.03ms, optional threshold 9.81ms
[2024-10-12T10:22:35.070+0800][debug][gc,ergo,cset] GC(85) Finish adding old regions to collection set (Maximum number of regions). Initial 7 regions, optional 0 regions
[2024-10-12T10:22:35.070+0800][debug][gc,ergo,cset] GC(85) Finish choosing collection set old regions. Initial: 7, optional: 0, predicted old time: 0.00ms, predicted optional time: 0.00ms, time remaining: 48.52
[2024-10-12T10:22:35.174+0800][debug][gc,ergo,cset] GC(86) Start adding old regions to collection set. Min 4 regions, max 7 regions, time remaining 49.02ms, optional threshold 9.80ms
[2024-10-12T10:22:35.174+0800][debug][gc,ergo,cset] GC(86) Finish adding old regions to collection set (Maximum number of regions). Initial 7 regions, optional 0 regions
[2024-10-12T10:22:35.174+0800][debug][gc,ergo,cset] GC(86) Finish choosing collection set old regions. Initial: 7, optional: 0, predicted old time: 0.00ms, predicted optional time: 0.00ms, time remaining: 48.26
[2024-10-12T10:22:35.279+0800][debug][gc,ergo,cset] GC(87) Start adding old regions to collection set. Min 4 regions, max 7 regions, time remaining 49.01ms, optional threshold 9.80ms
[2024-10-12T10:22:35.279+0800][debug][gc,ergo,cset] GC(87) Finish adding old regions to collection set (Maximum number of regions). Initial 7 regions, optional 0 regions
[2024-10-12T10:22:35.279+0800][debug][gc,ergo,cset] GC(87) Finish choosing collection set old regions. Initial: 7, optional: 0, predicted old time: 0.00ms, predicted optional time: 0.00ms, time remaining: 47.87
[2024-10-12T10:22:35.384+0800][debug][gc,ergo,cset] GC(88) Start adding old regions to collection set. Min 4 regions, max 7 regions, time remaining 48.99ms, optional threshold 9.80ms
[2024-10-12T10:22:35.384+0800][debug][gc,ergo,cset] GC(88) Old candidate collection set empty.
[2024-10-12T10:22:35.384+0800][debug][gc,ergo,cset] GC(88) Finish choosing collection set old regions. Initial: 6, optional: 0, predicted old time: 0.00ms, predicted optional time: 0.00ms, time remaining: 47.91
[2024-10-12T10:22:35.707+0800][debug][gc,ergo,cset] GC(92) Pruned 11 regions out of 38, leaving 6242208 bytes waste (allowed 6710886)
[2024-10-12T10:22:35.915+0800][debug][gc,ergo,cset] Preventive GC, insufficient free regions. Predicted need 4. Curr Eden 1 (Pred 2). Curr Survivor 1 (Pred 1). Curr Old 52 (Pred 1) Free 4 Alloc 1
[2024-10-12T10:22:35.915+0800][debug][gc,ergo,cset] GC(94) Start adding old regions to collection set. Min 4 regions, max 7 regions, time remaining 49.23ms, optional threshold 9.85ms
[2024-10-12T10:22:35.915+0800][debug][gc,ergo,cset] GC(94) Finish adding old regions to collection set (Maximum number of regions). Initial 7 regions, optional 0 regions
[2024-10-12T10:22:35.915+0800][debug][gc,ergo,cset] GC(94) Finish choosing collection set old regions. Initial: 7, optional: 0, predicted old time: 0.00ms, predicted optional time: 0.00ms, time remaining: 48.75
[2024-10-12T10:22:36.019+0800][debug][gc,ergo,cset] GC(95) Start adding old regions to collection set. Min 4 regions, max 7 regions, time remaining 48.99ms, optional threshold 9.80ms
[2024-10-12T10:22:36.019+0800][debug][gc,ergo,cset] GC(95) Finish adding old regions to collection set (Maximum number of regions). Initial 7 regions, optional 0 regions
[2024-10-12T10:22:36.019+0800][debug][gc,ergo,cset] GC(95) Finish choosing collection set old regions. Initial: 7, optional: 0, predicted old time: 0.00ms, predicted optional time: 0.00ms, time remaining: 48.08
[2024-10-12T10:22:36.124+0800][debug][gc,ergo,cset] GC(96) Start adding old regions to collection set. Min 4 regions, max 7 regions, time remaining 48.96ms, optional threshold 9.79ms
[2024-10-12T10:22:36.124+0800][debug][gc,ergo,cset] GC(96) Finish adding old regions to collection set (Maximum number of regions). Initial 7 regions, optional 0 regions
[2024-10-12T10:22:36.124+0800][debug][gc,ergo,cset] GC(96) Finish choosing collection set old regions. Initial: 7, optional: 0, predicted old time: 0.00ms, predicted optional time: 0.00ms, time remaining: 47.80
[2024-10-12T10:22:36.228+0800][debug][gc,ergo,cset] GC(97) Start adding old regions to collection set. Min 4 regions, max 7 regions, time remaining 48.98ms, optional threshold 9.80ms
[2024-10-12T10:22:36.228+0800][debug][gc,ergo,cset] GC(97) Old candidate collection set empty.
[2024-10-12T10:22:36.228+0800][debug][gc,ergo,cset] GC(97) Finish choosing collection set old regions. Initial: 6, optional: 0, predicted old time: 0.00ms, predicted optional time: 0.00ms, time remaining: 47.93
[2024-10-12T10:22:36.551+0800][debug][gc,ergo,cset] GC(101) Pruned 10 regions out of 40, leaving 6371328 bytes waste (allowed 6710886)
[2024-10-12T10:22:36.758+0800][debug][gc,ergo,cset] Preventive GC, insufficient free regions. Predicted need 5. Curr Eden 1 (Pred 2). Curr Survivor 1 (Pred 1). Curr Old 52 (Pred 2) Free 5 Alloc 1
[2024-10-12T10:22:36.758+0800][debug][gc,ergo,cset] GC(103) Start adding old regions to collection set. Min 4 regions, max 7 regions, time remaining 49.24ms, optional threshold 9.85ms
[2024-10-12T10:22:36.758+0800][debug][gc,ergo,cset] GC(103) Finish adding old regions to collection set (Maximum number of regions). Initial 7 regions, optional 0 regions
[2024-10-12T10:22:36.758+0800][debug][gc,ergo,cset] GC(103) Finish choosing collection set old regions. Initial: 7, optional: 0, predicted old time: 0.00ms, predicted optional time: 0.00ms, time remaining: 48.62
[2024-10-12T10:22:36.862+0800][debug][gc,ergo,cset] GC(104) Start adding old regions to collection set. Min 4 regions, max 7 regions, time remaining 49.02ms, optional threshold 9.80ms
[2024-10-12T10:22:36.862+0800][debug][gc,ergo,cset] GC(104) Finish adding old regions to collection set (Maximum number of regions). Initial 7 regions, optional 0 regions
[2024-10-12T10:22:36.862+0800][debug][gc,ergo,cset] GC(104) Finish choosing collection set old regions. Initial: 7, optional: 0, predicted old time: 0.00ms, predicted optional time: 0.00ms, time remaining: 48.12
[2024-10-12T10:22:36.967+0800][debug][gc,ergo,cset] GC(105) Start adding old regions to collection set. Min 4 regions, max 7 regions, time remaining 49.00ms, optional threshold 9.80ms
[2024-10-12T10:22:36.967+0800][debug][gc,ergo,cset] GC(105) Finish adding old regions to collection set (Maximum number of regions). Initial 7 regions, optional 0 regions
[2024-10-12T10:22:36.967+0800][debug][gc,ergo,cset] GC(105) Finish choosing collection set old regions. Initial: 7, optional: 0, predicted old time: 0.00ms, predicted optional time: 0.00ms, time remaining: 47.95
[2024-10-12T10:22:37.071+0800][debug][gc,ergo,cset] GC(106) Start adding old regions to collection set. Min 4 regions, max 7 regions, time remaining 49.00ms, optional threshold 9.80ms
[2024-10-12T10:22:37.071+0800][debug][gc,ergo,cset] GC(106) Finish adding old regions to collection set (Maximum number of regions). Initial 7 regions, optional 0 regions
[2024-10-12T10:22:37.071+0800][debug][gc,ergo,cset] GC(106) Finish choosing collection set old regions. Initial: 7, optional: 0, predicted old time: 0.00ms, predicted optional time: 0.00ms, time remaining: 47.82
[2024-10-12T10:22:37.176+0800][debug][gc,ergo,cset] GC(107) Start adding old regions to collection set. Min 4 regions, max 7 regions, time remaining 49.00ms, optional threshold 9.80ms
[2024-10-12T10:22:37.176+0800][debug][gc,ergo,cset] GC(107) Old candidate collection set empty.
[2024-10-12T10:22:37.176+0800][debug][gc,ergo,cset] GC(107) Finish choosing collection set old regions. Initial: 2, optional: 0, predicted old time: 0.00ms, predicted optional time: 0.00ms, time remaining: 48.64
[2024-10-12T10:22:37.395+0800][debug][gc,ergo,cset] GC(110) Pruned 11 regions out of 42, leaving 6200632 bytes waste (allowed 6710886)
[2024-10-12T10:22:37.602+0800][debug][gc,ergo,cset] Preventive GC, insufficient free regions. Predicted need 5. Curr Eden 1 (Pred 2). Curr Survivor 1 (Pred 1). Curr Old 53 (Pred 2) Free 4 Alloc 1
[2024-10-12T10:22:37.602+0800][debug][gc,ergo,cset] GC(112) Start adding old regions to collection set. Min 4 regions, max 7 regions, time remaining 49.22ms, optional threshold 9.84ms
[2024-10-12T10:22:37.602+0800][debug][gc,ergo,cset] GC(112) Finish adding old regions to collection set (Maximum number of regions). Initial 7 regions, optional 0 regions
[2024-10-12T10:22:37.602+0800][debug][gc,ergo,cset] GC(112) Finish choosing collection set old regions. Initial: 7, optional: 0, predicted old time: 0.00ms, predicted optional time: 0.00ms, time remaining: 48.51
[2024-10-12T10:22:37.707+0800][debug][gc,ergo,cset] GC(113) Start adding old regions to collection set. Min 4 regions, max 7 regions, time remaining 48.99ms, optional threshold 9.80ms
[2024-10-12T10:22:37.707+0800][debug][gc,ergo,cset] GC(113) Finish adding old regions to collection set (Maximum number of regions). Initial 7 regions, optional 0 regions
[2024-10-12T10:22:37.707+0800][debug][gc,ergo,cset] GC(113) Finish choosing collection set old regions. Initial: 7, optional: 0, predicted old time: 0.00ms, predicted optional time: 0.00ms, time remaining: 48.09
[2024-10-12T10:22:37.812+0800][debug][gc,ergo,cset] GC(114) Start adding old regions to collection set. Min 4 regions, max 7 regions, time remaining 48.96ms, optional threshold 9.79ms
[2024-10-12T10:22:37.812+0800][debug][gc,ergo,cset] GC(114) Finish adding old regions to collection set (Maximum number of regions). Initial 7 regions, optional 0 regions
[2024-10-12T10:22:37.812+0800][debug][gc,ergo,cset] GC(114) Finish choosing collection set old regions. Initial: 7, optional: 0, predicted old time: 0.00ms, predicted optional time: 0.00ms, time remaining: 47.80
[2024-10-12T10:22:37.917+0800][debug][gc,ergo,cset] GC(115) Start adding old regions to collection set. Min 4 regions, max 7 regions, time remaining 48.95ms, optional threshold 9.79ms
[2024-10-12T10:22:37.917+0800][debug][gc,ergo,cset] GC(115) Finish adding old regions to collection set (Maximum number of regions). Initial 7 regions, optional 0 regions
[2024-10-12T10:22:37.917+0800][debug][gc,ergo,cset] GC(115) Finish choosing collection set old regions. Initial: 7, optional: 0, predicted old time: 0.00ms, predicted optional time: 0.00ms, time remaining: 47.68
[2024-10-12T10:22:38.021+0800][debug][gc,ergo,cset] GC(116) Start adding old regions to collection set. Min 4 regions, max 7 regions, time remaining 48.96ms, optional threshold 9.79ms
[2024-10-12T10:22:38.021+0800][debug][gc,ergo,cset] GC(116) Old candidate collection set empty.
[2024-10-12T10:22:38.021+0800][debug][gc,ergo,cset] GC(116) Finish choosing collection set old regions. Initial: 3, optional: 0, predicted old time: 0.00ms, predicted optional time: 0.00ms, time remaining: 48.37
[2024-10-12T10:22:38.344+0800][debug][gc,ergo,cset] GC(120) Pruned 12 regions out of 40, leaving 6700712 bytes waste (allowed 6710886)
[2024-10-12T10:22:38.592+0800][debug][gc,ergo,cset] Preventive GC, insufficient free regions. Predicted need 5. Curr Eden 2 (Pred 3). Curr Survivor 1 (Pred 1). Curr Old 52 (Pred 1) Free 4 Alloc 1
[2024-10-12T10:22:38.593+0800][debug][gc,ergo,cset] GC(122) Start adding old regions to collection set. Min 4 regions, max 7 regions, time remaining 49.00ms, optional threshold 9.80ms
[2024-10-12T10:22:38.593+0800][debug][gc,ergo,cset] GC(122) Finish adding old regions to collection set (Maximum number of regions). Initial 7 regions, optional 0 regions
[2024-10-12T10:22:38.593+0800][debug][gc,ergo,cset] GC(122) Finish choosing collection set old regions. Initial: 7, optional: 0, predicted old time: 0.00ms, predicted optional time: 0.00ms, time remaining: 48.39
[2024-10-12T10:22:38.697+0800][debug][gc,ergo,cset] Preventive GC, insufficient free regions. Predicted need 7. Curr Eden 2 (Pred 3). Curr Survivor 1 (Pred 1). Curr Old 50 (Pred 3) Free 6 Alloc 1
[2024-10-12T10:22:38.697+0800][debug][gc,ergo,cset] GC(123) Start adding old regions to collection set. Min 4 regions, max 7 regions, time remaining 49.00ms, optional threshold 9.80ms
[2024-10-12T10:22:38.697+0800][debug][gc,ergo,cset] GC(123) Finish adding old regions to collection set (Maximum number of regions). Initial 7 regions, optional 0 regions
[2024-10-12T10:22:38.697+0800][debug][gc,ergo,cset] GC(123) Finish choosing collection set old regions. Initial: 7, optional: 0, predicted old time: 0.00ms, predicted optional time: 0.00ms, time remaining: 47.99
[2024-10-12T10:22:38.802+0800][debug][gc,ergo,cset] Preventive GC, insufficient free regions. Predicted need 7. Curr Eden 2 (Pred 3). Curr Survivor 1 (Pred 1). Curr Old 49 (Pred 3) Free 7 Alloc 1
[2024-10-12T10:22:38.802+0800][debug][gc,ergo,cset] GC(124) Start adding old regions to collection set. Min 4 regions, max 7 regions, time remaining 48.99ms, optional threshold 9.80ms
[2024-10-12T10:22:38.802+0800][debug][gc,ergo,cset] GC(124) Finish adding old regions to collection set (Maximum number of regions). Initial 7 regions, optional 0 regions
[2024-10-12T10:22:38.802+0800][debug][gc,ergo,cset] GC(124) Finish choosing collection set old regions. Initial: 7, optional: 0, predicted old time: 0.00ms, predicted optional time: 0.00ms, time remaining: 47.77
[2024-10-12T10:22:38.907+0800][debug][gc,ergo,cset] Preventive GC, insufficient free regions. Predicted need 7. Curr Eden 2 (Pred 3). Curr Survivor 1 (Pred 1). Curr Old 49 (Pred 3) Free 7 Alloc 1
[2024-10-12T10:22:38.907+0800][debug][gc,ergo,cset] GC(125) Start adding old regions to collection set. Min 4 regions, max 7 regions, time remaining 49.00ms, optional threshold 9.80ms
[2024-10-12T10:22:38.907+0800][debug][gc,ergo,cset] GC(125) Old candidate collection set empty.
[2024-10-12T10:22:38.907+0800][debug][gc,ergo,cset] GC(125) Finish choosing collection set old regions. Initial: 7, optional: 0, predicted old time: 0.00ms, predicted optional time: 0.00ms, time remaining: 47.75
[2024-10-12T10:22:39.025+0800][debug][gc,ergo,cset] GC(127) Pruned 11 regions out of 37, leaving 6676040 bytes waste (allowed 6710886)
[2024-10-12T10:22:39.272+0800][debug][gc,ergo,cset] Preventive GC, insufficient free regions. Predicted need 5. Curr Eden 2 (Pred 3). Curr Survivor 1 (Pred 1). Curr Old 52 (Pred 1) Free 4 Alloc 1
[2024-10-12T10:22:39.272+0800][debug][gc,ergo,cset] GC(129) Start adding old regions to collection set. Min 4 regions, max 7 regions, time remaining 48.98ms, optional threshold 9.80ms
[2024-10-12T10:22:39.272+0800][debug][gc,ergo,cset] GC(129) Finish adding old regions to collection set (Maximum number of regions). Initial 7 regions, optional 0 regions
[2024-10-12T10:22:39.272+0800][debug][gc,ergo,cset] GC(129) Finish choosing collection set old regions. Initial: 7, optional: 0, predicted old time: 0.00ms, predicted optional time: 0.00ms, time remaining: 48.48
[2024-10-12T10:22:39.375+0800][debug][gc,ergo,cset] Preventive GC, insufficient free regions. Predicted need 6. Curr Eden 2 (Pred 3). Curr Survivor 1 (Pred 1). Curr Old 50 (Pred 2) Free 6 Alloc 1
[2024-10-12T10:22:39.376+0800][debug][gc,ergo,cset] GC(130) Start adding old regions to collection set. Min 4 regions, max 7 regions, time remaining 48.97ms, optional threshold 9.79ms
[2024-10-12T10:22:39.376+0800][debug][gc,ergo,cset] GC(130) Finish adding old regions to collection set (Maximum number of regions). Initial 7 regions, optional 0 regions
[2024-10-12T10:22:39.376+0800][debug][gc,ergo,cset] GC(130) Finish choosing collection set old regions. Initial: 7, optional: 0, predicted old time: 0.00ms, predicted optional time: 0.00ms, time remaining: 48.03
[2024-10-12T10:22:39.481+0800][debug][gc,ergo,cset] Preventive GC, insufficient free regions. Predicted need 7. Curr Eden 2 (Pred 3). Curr Survivor 1 (Pred 1). Curr Old 49 (Pred 3) Free 7 Alloc 1
[2024-10-12T10:22:39.481+0800][debug][gc,ergo,cset] GC(131) Start adding old regions to collection set. Min 4 regions, max 7 regions, time remaining 48.99ms, optional threshold 9.80ms
[2024-10-12T10:22:39.481+0800][debug][gc,ergo,cset] GC(131) Finish adding old regions to collection set (Maximum number of regions). Initial 7 regions, optional 0 regions
[2024-10-12T10:22:39.481+0800][debug][gc,ergo,cset] GC(131) Finish choosing collection set old regions. Initial: 7, optional: 0, predicted old time: 0.00ms, predicted optional time: 0.00ms, time remaining: 47.76
[2024-10-12T10:22:39.585+0800][debug][gc,ergo,cset] GC(132) Start adding old regions to collection set. Min 4 regions, max 7 regions, time remaining 48.95ms, optional threshold 9.79ms
[2024-10-12T10:22:39.585+0800][debug][gc,ergo,cset] GC(132) Old candidate collection set empty.
[2024-10-12T10:22:39.585+0800][debug][gc,ergo,cset] GC(132) Finish choosing collection set old regions. Initial: 5, optional: 0, predicted old time: 0.00ms, predicted optional time: 0.00ms, time remaining: 48.03
[2024-10-12T10:22:39.804+0800][debug][gc,ergo,cset] GC(135) Pruned 10 regions out of 37, leaving 6683480 bytes waste (allowed 6710886)
[2024-10-12T10:22:40.053+0800][debug][gc,ergo,cset] Preventive GC, insufficient free regions. Predicted need 6. Curr Eden 2 (Pred 3). Curr Survivor 1 (Pred 1). Curr Old 51 (Pred 2) Free 5 Alloc 1
[2024-10-12T10:22:40.053+0800][debug][gc,ergo,cset] GC(137) Start adding old regions to collection set. Min 4 regions, max 7 regions, time remaining 48.97ms, optional threshold 9.79ms
[2024-10-12T10:22:40.053+0800][debug][gc,ergo,cset] GC(137) Finish adding old regions to collection set (Maximum number of regions). Initial 7 regions, optional 0 regions
[2024-10-12T10:22:40.053+0800][debug][gc,ergo,cset] GC(137) Finish choosing collection set old regions. Initial: 7, optional: 0, predicted old time: 0.00ms, predicted optional time: 0.00ms, time remaining: 48.18
[2024-10-12T10:22:40.157+0800][debug][gc,ergo,cset] GC(138) Start adding old regions to collection set. Min 4 regions, max 7 regions, time remaining 48.96ms, optional threshold 9.79ms
[2024-10-12T10:22:40.157+0800][debug][gc,ergo,cset] GC(138) Finish adding old regions to collection set (Maximum number of regions). Initial 7 regions, optional 0 regions
[2024-10-12T10:22:40.157+0800][debug][gc,ergo,cset] GC(138) Finish choosing collection set old regions. Initial: 7, optional: 0, predicted old time: 0.00ms, predicted optional time: 0.00ms, time remaining: 47.95
[2024-10-12T10:22:40.262+0800][debug][gc,ergo,cset] GC(139) Start adding old regions to collection set. Min 4 regions, max 7 regions, time remaining 48.96ms, optional threshold 9.79ms
[2024-10-12T10:22:40.262+0800][debug][gc,ergo,cset] GC(139) Finish adding old regions to collection set (Maximum number of regions). Initial 7 regions, optional 0 regions
[2024-10-12T10:22:40.262+0800][debug][gc,ergo,cset] GC(139) Finish choosing collection set old regions. Initial: 7, optional: 0, predicted old time: 0.00ms, predicted optional time: 0.00ms, time remaining: 47.84
[2024-10-12T10:22:40.367+0800][debug][gc,ergo,cset] GC(140) Start adding old regions to collection set. Min 4 regions, max 7 regions, time remaining 48.98ms, optional threshold 9.80ms
[2024-10-12T10:22:40.367+0800][debug][gc,ergo,cset] GC(140) Old candidate collection set empty.
[2024-10-12T10:22:40.367+0800][debug][gc,ergo,cset] GC(140) Finish choosing collection set old regions. Initial: 6, optional: 0, predicted old time: 0.00ms, predicted optional time: 0.00ms, time remaining: 47.94
[2024-10-12T10:22:40.690+0800][debug][gc,ergo,cset] GC(144) Pruned 12 regions out of 44, leaving 6526200 bytes waste (allowed 6710886)
[2024-10-12T10:22:40.835+0800][debug][gc,ergo,cset] Preventive GC, insufficient free regions. Predicted need 4. Curr Eden 2 (Pred 3). Curr Survivor 1 (Pred 1). Curr Old 52 (Pred 0) Free 4 Alloc 1
[2024-10-12T10:22:40.897+0800][debug][gc,ergo,cset] Preventive GC, insufficient free regions. Predicted need 4. Curr Eden 1 (Pred 2). Curr Survivor 1 (Pred 1). Curr Old 54 (Pred 1) Free 3 Alloc 1
[2024-10-12T10:22:40.898+0800][debug][gc,ergo,cset] GC(146) Start adding old regions to collection set. Min 4 regions, max 7 regions, time remaining 49.19ms, optional threshold 9.84ms
[2024-10-12T10:22:40.898+0800][debug][gc,ergo,cset] GC(146) Finish adding old regions to collection set (Maximum number of regions). Initial 7 regions, optional 0 regions
[2024-10-12T10:22:40.898+0800][debug][gc,ergo,cset] GC(146) Finish choosing collection set old regions. Initial: 7, optional: 0, predicted old time: 0.00ms, predicted optional time: 0.00ms, time remaining: 48.64
[2024-10-12T10:22:40.940+0800][debug][gc,ergo,cset] Preventive GC, insufficient free regions. Predicted need 5. Curr Eden 1 (Pred 2). Curr Survivor 1 (Pred 1). Curr Old 53 (Pred 2) Free 4 Alloc 1
[2024-10-12T10:22:40.940+0800][debug][gc,ergo,cset] GC(147) Start adding old regions to collection set. Min 4 regions, max 7 regions, time remaining 49.17ms, optional threshold 9.83ms
[2024-10-12T10:22:40.940+0800][debug][gc,ergo,cset] GC(147) Finish adding old regions to collection set (Maximum number of regions). Initial 7 regions, optional 0 regions
[2024-10-12T10:22:40.940+0800][debug][gc,ergo,cset] GC(147) Finish choosing collection set old regions. Initial: 7, optional: 0, predicted old time: 0.00ms, predicted optional time: 0.00ms, time remaining: 48.32
[2024-10-12T10:22:41.004+0800][debug][gc,ergo,cset] Preventive GC, insufficient free regions. Predicted need 6. Curr Eden 1 (Pred 2). Curr Survivor 1 (Pred 1). Curr Old 54 (Pred 3) Free 3 Alloc 1
[2024-10-12T10:22:41.004+0800][debug][gc,ergo,cset] GC(148) Start adding old regions to collection set. Min 4 regions, max 7 regions, time remaining 49.13ms, optional threshold 9.83ms
[2024-10-12T10:22:41.004+0800][debug][gc,ergo,cset] GC(148) Finish adding old regions to collection set (Maximum number of regions). Initial 7 regions, optional 0 regions
[2024-10-12T10:22:41.004+0800][debug][gc,ergo,cset] GC(148) Finish choosing collection set old regions. Initial: 7, optional: 0, predicted old time: 0.00ms, predicted optional time: 0.00ms, time remaining: 47.94
[2024-10-12T10:22:41.047+0800][debug][gc,ergo,cset] GC(149) Start adding old regions to collection set. Min 4 regions, max 7 regions, time remaining 49.14ms, optional threshold 9.83ms
[2024-10-12T10:22:41.047+0800][debug][gc,ergo,cset] GC(149) Finish adding old regions to collection set (Maximum number of regions). Initial 7 regions, optional 0 regions
[2024-10-12T10:22:41.047+0800][debug][gc,ergo,cset] GC(149) Finish choosing collection set old regions. Initial: 7, optional: 0, predicted old time: 0.00ms, predicted optional time: 0.00ms, time remaining: 47.95
[2024-10-12T10:22:41.723+0800][debug][gc,ergo,cset] GC(156) Pruned 12 regions out of 40, leaving 6181456 bytes waste (allowed 6710886)
[2024-10-12T10:22:41.971+0800][debug][gc,ergo,cset] Preventive GC, insufficient free regions. Predicted need 5. Curr Eden 2 (Pred 3). Curr Survivor 1 (Pred 1). Curr Old 51 (Pred 1) Free 5 Alloc 1
[2024-10-12T10:22:41.971+0800][debug][gc,ergo,cset] GC(158) Start adding old regions to collection set. Min 4 regions, max 7 regions, time remaining 48.99ms, optional threshold 9.80ms
[2024-10-12T10:22:41.971+0800][debug][gc,ergo,cset] GC(158) Finish adding old regions to collection set (Maximum number of regions). Initial 7 regions, optional 0 regions
[2024-10-12T10:22:41.971+0800][debug][gc,ergo,cset] GC(158) Finish choosing collection set old regions. Initial: 7, optional: 0, predicted old time: 0.00ms, predicted optional time: 0.00ms, time remaining: 48.37
[2024-10-12T10:22:42.075+0800][debug][gc,ergo,cset] GC(159) Start adding old regions to collection set. Min 4 regions, max 7 regions, time remaining 48.94ms, optional threshold 9.79ms
[2024-10-12T10:22:42.075+0800][debug][gc,ergo,cset] GC(159) Finish adding old regions to collection set (Maximum number of regions). Initial 7 regions, optional 0 regions
[2024-10-12T10:22:42.075+0800][debug][gc,ergo,cset] GC(159) Finish choosing collection set old regions. Initial: 7, optional: 0, predicted old time: 0.00ms, predicted optional time: 0.00ms, time remaining: 48.00
[2024-10-12T10:22:42.180+0800][debug][gc,ergo,cset] GC(160) Start adding old regions to collection set. Min 4 regions, max 7 regions, time remaining 48.93ms, optional threshold 9.79ms
[2024-10-12T10:22:42.180+0800][debug][gc,ergo,cset] GC(160) Finish adding old regions to collection set (Maximum number of regions). Initial 7 regions, optional 0 regions
[2024-10-12T10:22:42.180+0800][debug][gc,ergo,cset] GC(160) Finish choosing collection set old regions. Initial: 7, optional: 0, predicted old time: 0.00ms, predicted optional time: 0.00ms, time remaining: 47.75
[2024-10-12T10:22:42.285+0800][debug][gc,ergo,cset] GC(161) Start adding old regions to collection set. Min 4 regions, max 7 regions, time remaining 48.93ms, optional threshold 9.79ms
[2024-10-12T10:22:42.285+0800][debug][gc,ergo,cset] GC(161) Old candidate collection set empty.
[2024-10-12T10:22:42.285+0800][debug][gc,ergo,cset] GC(161) Finish choosing collection set old regions. Initial: 7, optional: 0, predicted old time: 0.00ms, predicted optional time: 0.00ms, time remaining: 47.65
[2024-10-12T10:22:42.505+0800][debug][gc,ergo,cset] GC(165) Pruned 11 regions out of 37, leaving 6538112 bytes waste (allowed 6710886)
[2024-10-12T10:22:42.733+0800][debug][gc,ergo,cset] Preventive GC, insufficient free regions. Predicted need 5. Curr Eden 1 (Pred 2). Curr Survivor 1 (Pred 1). Curr Old 52 (Pred 2) Free 5 Alloc 1
[2024-10-12T10:22:42.733+0800][debug][gc,ergo,cset] GC(167) Start adding old regions to collection set. Min 4 regions, max 7 regions, time remaining 49.22ms, optional threshold 9.84ms
[2024-10-12T10:22:42.733+0800][debug][gc,ergo,cset] GC(167) Finish adding old regions to collection set (Maximum number of regions). Initial 7 regions, optional 0 regions
[2024-10-12T10:22:42.733+0800][debug][gc,ergo,cset] GC(167) Finish choosing collection set old regions. Initial: 7, optional: 0, predicted old time: 0.00ms, predicted optional time: 0.00ms, time remaining: 48.53
[2024-10-12T10:22:42.838+0800][debug][gc,ergo,cset] GC(168) Start adding old regions to collection set. Min 4 regions, max 7 regions, time remaining 48.97ms, optional threshold 9.79ms
[2024-10-12T10:22:42.838+0800][debug][gc,ergo,cset] GC(168) Finish adding old regions to collection set (Maximum number of regions). Initial 7 regions, optional 0 regions
[2024-10-12T10:22:42.838+0800][debug][gc,ergo,cset] GC(168) Finish choosing collection set old regions. Initial: 7, optional: 0, predicted old time: 0.00ms, predicted optional time: 0.00ms, time remaining: 48.02
[2024-10-12T10:22:42.942+0800][debug][gc,ergo,cset] GC(169) Start adding old regions to collection set. Min 4 regions, max 7 regions, time remaining 48.93ms, optional threshold 9.79ms
[2024-10-12T10:22:42.942+0800][debug][gc,ergo,cset] GC(169) Finish adding old regions to collection set (Maximum number of regions). Initial 7 regions, optional 0 regions
[2024-10-12T10:22:42.942+0800][debug][gc,ergo,cset] GC(169) Finish choosing collection set old regions. Initial: 7, optional: 0, predicted old time: 0.00ms, predicted optional time: 0.00ms, time remaining: 47.78
[2024-10-12T10:22:43.046+0800][debug][gc,ergo,cset] GC(170) Start adding old regions to collection set. Min 4 regions, max 7 regions, time remaining 48.94ms, optional threshold 9.79ms
[2024-10-12T10:22:43.046+0800][debug][gc,ergo,cset] GC(170) Old candidate collection set empty.
[2024-10-12T10:22:43.047+0800][debug][gc,ergo,cset] GC(170) Finish choosing collection set old regions. Initial: 5, optional: 0, predicted old time: 0.00ms, predicted optional time: 0.00ms, time remaining: 47.99
[2024-10-12T10:22:43.369+0800][debug][gc,ergo,cset] GC(174) Pruned 11 regions out of 38, leaving 6468968 bytes waste (allowed 6710886)
[2024-10-12T10:22:43.617+0800][debug][gc,ergo,cset] Preventive GC, insufficient free regions. Predicted need 5. Curr Eden 2 (Pred 3). Curr Survivor 1 (Pred 1). Curr Old 52 (Pred 1) Free 4 Alloc 1
[2024-10-12T10:22:43.618+0800][debug][gc,ergo,cset] GC(176) Start adding old regions to collection set. Min 4 regions, max 7 regions, time remaining 48.93ms, optional threshold 9.79ms
[2024-10-12T10:22:43.618+0800][debug][gc,ergo,cset] GC(176) Finish adding old regions to collection set (Maximum number of regions). Initial 7 regions, optional 0 regions
[2024-10-12T10:22:43.618+0800][debug][gc,ergo,cset] GC(176) Finish choosing collection set old regions. Initial: 7, optional: 0, predicted old time: 0.00ms, predicted optional time: 0.00ms, time remaining: 48.26
[2024-10-12T10:22:43.681+0800][debug][gc,ergo,cset] Preventive GC, insufficient free regions. Predicted need 5. Curr Eden 1 (Pred 2). Curr Survivor 1 (Pred 1). Curr Old 52 (Pred 2) Free 5 Alloc 1
[2024-10-12T10:22:43.681+0800][debug][gc,ergo,cset] GC(177) Start adding old regions to collection set. Min 4 regions, max 7 regions, time remaining 49.13ms, optional threshold 9.83ms
[2024-10-12T10:22:43.681+0800][debug][gc,ergo,cset] GC(177) Finish adding old regions to collection set (Maximum number of regions). Initial 7 regions, optional 0 regions
[2024-10-12T10:22:43.681+0800][debug][gc,ergo,cset] GC(177) Finish choosing collection set old regions. Initial: 7, optional: 0, predicted old time: 0.00ms, predicted optional time: 0.00ms, time remaining: 48.11
[2024-10-12T10:22:43.785+0800][debug][gc,ergo,cset] Preventive GC, insufficient free regions. Predicted need 7. Curr Eden 2 (Pred 3). Curr Survivor 1 (Pred 1). Curr Old 49 (Pred 3) Free 7 Alloc 1
[2024-10-12T10:22:43.786+0800][debug][gc,ergo,cset] GC(178) Start adding old regions to collection set. Min 4 regions, max 7 regions, time remaining 48.92ms, optional threshold 9.78ms
[2024-10-12T10:22:43.786+0800][debug][gc,ergo,cset] GC(178) Finish adding old regions to collection set (Maximum number of regions). Initial 7 regions, optional 0 regions
[2024-10-12T10:22:43.786+0800][debug][gc,ergo,cset] GC(178) Finish choosing collection set old regions. Initial: 7, optional: 0, predicted old time: 0.00ms, predicted optional time: 0.00ms, time remaining: 47.71
[2024-10-12T10:22:43.890+0800][debug][gc,ergo,cset] GC(179) Start adding old regions to collection set. Min 4 regions, max 7 regions, time remaining 48.91ms, optional threshold 9.78ms
[2024-10-12T10:22:43.890+0800][debug][gc,ergo,cset] GC(179) Old candidate collection set empty.
[2024-10-12T10:22:43.890+0800][debug][gc,ergo,cset] GC(179) Finish choosing collection set old regions. Initial: 6, optional: 0, predicted old time: 0.00ms, predicted optional time: 0.00ms, time remaining: 47.76
[2024-10-12T10:22:44.110+0800][debug][gc,ergo,cset] GC(182) Pruned 11 regions out of 41, leaving 6236632 bytes waste (allowed 6710886)
[2024-10-12T10:22:44.316+0800][debug][gc,ergo,cset] Preventive GC, insufficient free regions. Predicted need 4. Curr Eden 1 (Pred 2). Curr Survivor 1 (Pred 1). Curr Old 53 (Pred 1) Free 4 Alloc 1
[2024-10-12T10:22:44.317+0800][debug][gc,ergo,cset] GC(184) Start adding old regions to collection set. Min 4 regions, max 7 regions, time remaining 49.17ms, optional threshold 9.83ms
[2024-10-12T10:22:44.317+0800][debug][gc,ergo,cset] GC(184) Finish adding old regions to collection set (Maximum number of regions). Initial 7 regions, optional 0 regions
[2024-10-12T10:22:44.317+0800][debug][gc,ergo,cset] GC(184) Finish choosing collection set old regions. Initial: 7, optional: 0, predicted old time: 0.00ms, predicted optional time: 0.00ms, time remaining: 48.75
[2024-10-12T10:22:44.421+0800][debug][gc,ergo,cset] GC(185) Start adding old regions to collection set. Min 4 regions, max 7 regions, time remaining 48.95ms, optional threshold 9.79ms
[2024-10-12T10:22:44.421+0800][debug][gc,ergo,cset] GC(185) Finish adding old regions to collection set (Maximum number of regions). Initial 7 regions, optional 0 regions
[2024-10-12T10:22:44.421+0800][debug][gc,ergo,cset] GC(185) Finish choosing collection set old regions. Initial: 7, optional: 0, predicted old time: 0.00ms, predicted optional time: 0.00ms, time remaining: 48.03
[2024-10-12T10:22:44.525+0800][debug][gc,ergo,cset] GC(186) Start adding old regions to collection set. Min 4 regions, max 7 regions, time remaining 48.93ms, optional threshold 9.79ms
[2024-10-12T10:22:44.525+0800][debug][gc,ergo,cset] GC(186) Finish adding old regions to collection set (Maximum number of regions). Initial 7 regions, optional 0 regions
[2024-10-12T10:22:44.525+0800][debug][gc,ergo,cset] GC(186) Finish choosing collection set old regions. Initial: 7, optional: 0, predicted old time: 0.00ms, predicted optional time: 0.00ms, time remaining: 47.73
[2024-10-12T10:22:44.630+0800][debug][gc,ergo,cset] GC(187) Start adding old regions to collection set. Min 4 regions, max 7 regions, time remaining 48.91ms, optional threshold 9.78ms
[2024-10-12T10:22:44.630+0800][debug][gc,ergo,cset] GC(187) Finish adding old regions to collection set (Maximum number of regions). Initial 7 regions, optional 0 regions
[2024-10-12T10:22:44.630+0800][debug][gc,ergo,cset] GC(187) Finish choosing collection set old regions. Initial: 7, optional: 0, predicted old time: 0.00ms, predicted optional time: 0.00ms, time remaining: 47.60
[2024-10-12T10:22:44.735+0800][debug][gc,ergo,cset] GC(188) Start adding old regions to collection set. Min 4 regions, max 7 regions, time remaining 48.92ms, optional threshold 9.78ms
[2024-10-12T10:22:44.735+0800][debug][gc,ergo,cset] GC(188) Old candidate collection set empty.
[2024-10-12T10:22:44.735+0800][debug][gc,ergo,cset] GC(188) Finish choosing collection set old regions. Initial: 2, optional: 0, predicted old time: 0.00ms, predicted optional time: 0.00ms, time remaining: 48.54
[2024-10-12T10:22:45.057+0800][debug][gc,ergo,cset] GC(192) Pruned 10 regions out of 43, leaving 6240136 bytes waste (allowed 6710886)
[2024-10-12T10:22:45.201+0800][debug][gc,ergo,cset] Preventive GC, insufficient free regions. Predicted need 4. Curr Eden 2 (Pred 3). Curr Survivor 1 (Pred 1). Curr Old 52 (Pred 0) Free 4 Alloc 1
[2024-10-12T10:22:45.264+0800][debug][gc,ergo,cset] Preventive GC, insufficient free regions. Predicted need 5. Curr Eden 1 (Pred 2). Curr Survivor 1 (Pred 1). Curr Old 54 (Pred 2) Free 3 Alloc 1
[2024-10-12T10:22:45.265+0800][debug][gc,ergo,cset] GC(194) Start adding old regions to collection set. Min 5 regions, max 7 regions, time remaining 49.18ms, optional threshold 9.84ms
[2024-10-12T10:22:45.265+0800][debug][gc,ergo,cset] GC(194) Finish adding old regions to collection set (Maximum number of regions). Initial 7 regions, optional 0 regions
[2024-10-12T10:22:45.265+0800][debug][gc,ergo,cset] GC(194) Finish choosing collection set old regions. Initial: 7, optional: 0, predicted old time: 0.00ms, predicted optional time: 0.00ms, time remaining: 48.60
[2024-10-12T10:22:45.307+0800][debug][gc,ergo,cset] Preventive GC, insufficient free regions. Predicted need 6. Curr Eden 1 (Pred 2). Curr Survivor 1 (Pred 1). Curr Old 52 (Pred 3) Free 5 Alloc 1
[2024-10-12T10:22:45.307+0800][debug][gc,ergo,cset] GC(195) Start adding old regions to collection set. Min 5 regions, max 7 regions, time remaining 49.16ms, optional threshold 9.83ms
[2024-10-12T10:22:45.307+0800][debug][gc,ergo,cset] GC(195) Finish adding old regions to collection set (Maximum number of regions). Initial 7 regions, optional 0 regions
[2024-10-12T10:22:45.307+0800][debug][gc,ergo,cset] GC(195) Finish choosing collection set old regions. Initial: 7, optional: 0, predicted old time: 0.00ms, predicted optional time: 0.00ms, time remaining: 48.28
[2024-10-12T10:22:45.370+0800][debug][gc,ergo,cset] Preventive GC, insufficient free regions. Predicted need 6. Curr Eden 1 (Pred 2). Curr Survivor 1 (Pred 1). Curr Old 52 (Pred 3) Free 5 Alloc 1
[2024-10-12T10:22:45.371+0800][debug][gc,ergo,cset] GC(196) Start adding old regions to collection set. Min 5 regions, max 7 regions, time remaining 49.16ms, optional threshold 9.83ms
[2024-10-12T10:22:45.371+0800][debug][gc,ergo,cset] GC(196) Finish adding old regions to collection set (Maximum number of regions). Initial 7 regions, optional 0 regions
[2024-10-12T10:22:45.371+0800][debug][gc,ergo,cset] GC(196) Finish choosing collection set old regions. Initial: 7, optional: 0, predicted old time: 0.00ms, predicted optional time: 0.00ms, time remaining: 48.00
[2024-10-12T10:22:45.414+0800][debug][gc,ergo,cset] Preventive GC, insufficient free regions. Predicted need 7. Curr Eden 1 (Pred 2). Curr Survivor 1 (Pred 1). Curr Old 54 (Pred 4) Free 3 Alloc 1
[2024-10-12T10:22:45.414+0800][debug][gc,ergo,cset] GC(197) Start adding old regions to collection set. Min 5 regions, max 7 regions, time remaining 49.15ms, optional threshold 9.83ms
[2024-10-12T10:22:45.414+0800][debug][gc,ergo,cset] GC(197) Finish adding old regions to collection set (Maximum number of regions). Initial 7 regions, optional 0 regions
[2024-10-12T10:22:45.414+0800][debug][gc,ergo,cset] GC(197) Finish choosing collection set old regions. Initial: 7, optional: 0, predicted old time: 0.00ms, predicted optional time: 0.00ms, time remaining: 47.93
[2024-10-12T10:22:45.477+0800][debug][gc,ergo,cset] GC(198) Start adding old regions to collection set. Min 5 regions, max 7 regions, time remaining 49.15ms, optional threshold 9.83ms
[2024-10-12T10:22:45.477+0800][debug][gc,ergo,cset] GC(198) Old candidate collection set empty.
[2024-10-12T10:22:45.477+0800][debug][gc,ergo,cset] GC(198) Finish choosing collection set old regions. Initial: 5, optional: 0, predicted old time: 0.00ms, predicted optional time: 0.00ms, time remaining: 48.18
[2024-10-12T10:22:46.088+0800][debug][gc,ergo,cset] GC(205) Pruned 11 regions out of 34, leaving 6512504 bytes waste (allowed 6710886)
[2024-10-12T10:22:46.336+0800][debug][gc,ergo,cset] Preventive GC, insufficient free regions. Predicted need 5. Curr Eden 2 (Pred 3). Curr Survivor 1 (Pred 1). Curr Old 51 (Pred 1) Free 5 Alloc 1
[2024-10-12T10:22:46.336+0800][debug][gc,ergo,cset] GC(207) Start adding old regions to collection set. Min 3 regions, max 7 regions, time remaining 49.03ms, optional threshold 9.81ms
[2024-10-12T10:22:46.336+0800][debug][gc,ergo,cset] GC(207) Finish adding old regions to collection set (Maximum number of regions). Initial 7 regions, optional 0 regions
[2024-10-12T10:22:46.336+0800][debug][gc,ergo,cset] GC(207) Finish choosing collection set old regions. Initial: 7, optional: 0, predicted old time: 0.00ms, predicted optional time: 0.00ms, time remaining: 48.43
[2024-10-12T10:22:46.441+0800][debug][gc,ergo,cset] GC(208) Start adding old regions to collection set. Min 3 regions, max 7 regions, time remaining 48.97ms, optional threshold 9.79ms
[2024-10-12T10:22:46.441+0800][debug][gc,ergo,cset] GC(208) Finish adding old regions to collection set (Maximum number of regions). Initial 7 regions, optional 0 regions
[2024-10-12T10:22:46.441+0800][debug][gc,ergo,cset] GC(208) Finish choosing collection set old regions. Initial: 7, optional: 0, predicted old time: 0.00ms, predicted optional time: 0.00ms, time remaining: 48.08
[2024-10-12T10:22:46.545+0800][debug][gc,ergo,cset] GC(209) Start adding old regions to collection set. Min 3 regions, max 7 regions, time remaining 48.95ms, optional threshold 9.79ms
[2024-10-12T10:22:46.545+0800][debug][gc,ergo,cset] GC(209) Finish adding old regions to collection set (Maximum number of regions). Initial 7 regions, optional 0 regions
[2024-10-12T10:22:46.545+0800][debug][gc,ergo,cset] GC(209) Finish choosing collection set old regions. Initial: 7, optional: 0, predicted old time: 0.00ms, predicted optional time: 0.00ms, time remaining: 47.71
[2024-10-12T10:22:46.650+0800][debug][gc,ergo,cset] GC(210) Start adding old regions to collection set. Min 3 regions, max 7 regions, time remaining 48.95ms, optional threshold 9.79ms
[2024-10-12T10:22:46.650+0800][debug][gc,ergo,cset] GC(210) Old candidate collection set empty.
[2024-10-12T10:22:46.650+0800][debug][gc,ergo,cset] GC(210) Finish choosing collection set old regions. Initial: 2, optional: 0, predicted old time: 0.00ms, predicted optional time: 0.00ms, time remaining: 48.58
[2024-10-12T10:22:46.951+0800][debug][gc,ergo,cset] GC(214) Pruned 10 regions out of 41, leaving 6017544 bytes waste (allowed 6710886)
[2024-10-12T10:22:47.056+0800][debug][gc,ergo,cset] Preventive GC, insufficient free regions. Predicted need 3. Curr Eden 1 (Pred 2). Curr Survivor 1 (Pred 1). Curr Old 53 (Pred 0) Free 3 Alloc 1
[2024-10-12T10:22:47.118+0800][debug][gc,ergo,cset] Preventive GC, insufficient free regions. Predicted need 4. Curr Eden 1 (Pred 2). Curr Survivor 1 (Pred 1). Curr Old 54 (Pred 1) Free 3 Alloc 1
[2024-10-12T10:22:47.118+0800][debug][gc,ergo,cset] GC(216) Start adding old regions to collection set. Min 4 regions, max 7 regions, time remaining 49.18ms, optional threshold 9.84ms
[2024-10-12T10:22:47.118+0800][debug][gc,ergo,cset] GC(216) Finish adding old regions to collection set (Maximum number of regions). Initial 7 regions, optional 0 regions
[2024-10-12T10:22:47.118+0800][debug][gc,ergo,cset] GC(216) Finish choosing collection set old regions. Initial: 7, optional: 0, predicted old time: 0.00ms, predicted optional time: 0.00ms, time remaining: 48.65
[2024-10-12T10:22:47.223+0800][debug][gc,ergo,cset] GC(217) Start adding old regions to collection set. Min 4 regions, max 7 regions, time remaining 48.98ms, optional threshold 9.80ms
[2024-10-12T10:22:47.223+0800][debug][gc,ergo,cset] GC(217) Finish adding old regions to collection set (Maximum number of regions). Initial 7 regions, optional 0 regions
[2024-10-12T10:22:47.223+0800][debug][gc,ergo,cset] GC(217) Finish choosing collection set old regions. Initial: 7, optional: 0, predicted old time: 0.00ms, predicted optional time: 0.00ms, time remaining: 47.98
[2024-10-12T10:22:47.327+0800][debug][gc,ergo,cset] GC(218) Start adding old regions to collection set. Min 4 regions, max 7 regions, time remaining 48.93ms, optional threshold 9.79ms
[2024-10-12T10:22:47.327+0800][debug][gc,ergo,cset] GC(218) Finish adding old regions to collection set (Maximum number of regions). Initial 7 regions, optional 0 regions
[2024-10-12T10:22:47.327+0800][debug][gc,ergo,cset] GC(218) Finish choosing collection set old regions. Initial: 7, optional: 0, predicted old time: 0.00ms, predicted optional time: 0.00ms, time remaining: 47.81
[2024-10-12T10:22:47.432+0800][debug][gc,ergo,cset] GC(219) Start adding old regions to collection set. Min 4 regions, max 7 regions, time remaining 48.95ms, optional threshold 9.79ms
[2024-10-12T10:22:47.432+0800][debug][gc,ergo,cset] GC(219) Finish adding old regions to collection set (Maximum number of regions). Initial 7 regions, optional 0 regions
[2024-10-12T10:22:47.432+0800][debug][gc,ergo,cset] GC(219) Finish choosing collection set old regions. Initial: 7, optional: 0, predicted old time: 0.00ms, predicted optional time: 0.00ms, time remaining: 47.71
[2024-10-12T10:22:47.537+0800][debug][gc,ergo,cset] GC(220) Start adding old regions to collection set. Min 4 regions, max 7 regions, time remaining 48.94ms, optional threshold 9.79ms
[2024-10-12T10:22:47.537+0800][debug][gc,ergo,cset] GC(220) Old candidate collection set empty.
[2024-10-12T10:22:47.537+0800][debug][gc,ergo,cset] GC(220) Finish choosing collection set old regions. Initial: 3, optional: 0, predicted old time: 0.00ms, predicted optional time: 0.00ms, time remaining: 48.39
[2024-10-12T10:22:47.859+0800][debug][gc,ergo,cset] GC(224) Pruned 10 regions out of 41, leaving 6465944 bytes waste (allowed 6710886)
[2024-10-12T10:22:48.003+0800][debug][gc,ergo,cset] Preventive GC, insufficient free regions. Predicted need 4. Curr Eden 2 (Pred 3). Curr Survivor 1 (Pred 1). Curr Old 52 (Pred 0) Free 4 Alloc 1
[2024-10-12T10:22:48.066+0800][debug][gc,ergo,cset] Preventive GC, insufficient free regions. Predicted need 4. Curr Eden 1 (Pred 2). Curr Survivor 1 (Pred 1). Curr Old 54 (Pred 1) Free 3 Alloc 1
[2024-10-12T10:22:48.067+0800][debug][gc,ergo,cset] GC(226) Start adding old regions to collection set. Min 4 regions, max 7 regions, time remaining 49.20ms, optional threshold 9.84ms
[2024-10-12T10:22:48.067+0800][debug][gc,ergo,cset] GC(226) Finish adding old regions to collection set (Maximum number of regions). Initial 7 regions, optional 0 regions
[2024-10-12T10:22:48.067+0800][debug][gc,ergo,cset] GC(226) Finish choosing collection set old regions. Initial: 7, optional: 0, predicted old time: 0.00ms, predicted optional time: 0.00ms, time remaining: 48.64
[2024-10-12T10:22:48.171+0800][debug][gc,ergo,cset] Preventive GC, insufficient free regions. Predicted need 6. Curr Eden 2 (Pred 3). Curr Survivor 1 (Pred 1). Curr Old 50 (Pred 2) Free 6 Alloc 1
[2024-10-12T10:22:48.171+0800][debug][gc,ergo,cset] GC(227) Start adding old regions to collection set. Min 4 regions, max 7 regions, time remaining 48.98ms, optional threshold 9.80ms
[2024-10-12T10:22:48.171+0800][debug][gc,ergo,cset] GC(227) Finish adding old regions to collection set (Maximum number of regions). Initial 7 regions, optional 0 regions
[2024-10-12T10:22:48.171+0800][debug][gc,ergo,cset] GC(227) Finish choosing collection set old regions. Initial: 7, optional: 0, predicted old time: 0.00ms, predicted optional time: 0.00ms, time remaining: 48.11
[2024-10-12T10:22:48.275+0800][debug][gc,ergo,cset] Preventive GC, insufficient free regions. Predicted need 7. Curr Eden 2 (Pred 3). Curr Survivor 1 (Pred 1). Curr Old 49 (Pred 3) Free 7 Alloc 1
[2024-10-12T10:22:48.276+0800][debug][gc,ergo,cset] GC(228) Start adding old regions to collection set. Min 4 regions, max 7 regions, time remaining 48.97ms, optional threshold 9.79ms
[2024-10-12T10:22:48.276+0800][debug][gc,ergo,cset] GC(228) Finish adding old regions to collection set (Maximum number of regions). Initial 7 regions, optional 0 regions
[2024-10-12T10:22:48.276+0800][debug][gc,ergo,cset] GC(228) Finish choosing collection set old regions. Initial: 7, optional: 0, predicted old time: 0.00ms, predicted optional time: 0.00ms, time remaining: 47.85
[2024-10-12T10:22:48.381+0800][debug][gc,ergo,cset] GC(229) Start adding old regions to collection set. Min 4 regions, max 7 regions, time remaining 48.96ms, optional threshold 9.79ms
[2024-10-12T10:22:48.381+0800][debug][gc,ergo,cset] GC(229) Finish adding old regions to collection set (Maximum number of regions). Initial 7 regions, optional 0 regions
[2024-10-12T10:22:48.381+0800][debug][gc,ergo,cset] GC(229) Finish choosing collection set old regions. Initial: 7, optional: 0, predicted old time: 0.00ms, predicted optional time: 0.00ms, time remaining: 47.75
[2024-10-12T10:22:48.485+0800][debug][gc,ergo,cset] GC(230) Start adding old regions to collection set. Min 4 regions, max 7 regions, time remaining 48.94ms, optional threshold 9.79ms
[2024-10-12T10:22:48.485+0800][debug][gc,ergo,cset] GC(230) Old candidate collection set empty.
[2024-10-12T10:22:48.485+0800][debug][gc,ergo,cset] GC(230) Finish choosing collection set old regions. Initial: 3, optional: 0, predicted old time: 0.00ms, predicted optional time: 0.00ms, time remaining: 48.39
[2024-10-12T10:22:48.704+0800][debug][gc,ergo,cset] GC(233) Pruned 12 regions out of 40, leaving 6041928 bytes waste (allowed 6710886)
[2024-10-12T10:22:48.911+0800][debug][gc,ergo,cset] Preventive GC, insufficient free regions. Predicted need 4. Curr Eden 1 (Pred 2). Curr Survivor 1 (Pred 1). Curr Old 53 (Pred 1) Free 4 Alloc 1
[2024-10-12T10:22:48.912+0800][debug][gc,ergo,cset] GC(235) Start adding old regions to collection set. Min 4 regions, max 7 regions, time remaining 49.16ms, optional threshold 9.83ms
[2024-10-12T10:22:48.912+0800][debug][gc,ergo,cset] GC(235) Finish adding old regions to collection set (Maximum number of regions). Initial 7 regions, optional 0 regions
[2024-10-12T10:22:48.912+0800][debug][gc,ergo,cset] GC(235) Finish choosing collection set old regions. Initial: 7, optional: 0, predicted old time: 0.00ms, predicted optional time: 0.00ms, time remaining: 48.62
[2024-10-12T10:22:49.016+0800][debug][gc,ergo,cset] GC(236) Start adding old regions to collection set. Min 4 regions, max 7 regions, time remaining 48.96ms, optional threshold 9.79ms
[2024-10-12T10:22:49.016+0800][debug][gc,ergo,cset] GC(236) Finish adding old regions to collection set (Maximum number of regions). Initial 7 regions, optional 0 regions
[2024-10-12T10:22:49.016+0800][debug][gc,ergo,cset] GC(236) Finish choosing collection set old regions. Initial: 7, optional: 0, predicted old time: 0.00ms, predicted optional time: 0.00ms, time remaining: 48.08
[2024-10-12T10:22:49.121+0800][debug][gc,ergo,cset] GC(237) Start adding old regions to collection set. Min 4 regions, max 7 regions, time remaining 48.90ms, optional threshold 9.78ms
[2024-10-12T10:22:49.121+0800][debug][gc,ergo,cset] GC(237) Finish adding old regions to collection set (Maximum number of regions). Initial 7 regions, optional 0 regions
[2024-10-12T10:22:49.121+0800][debug][gc,ergo,cset] GC(237) Finish choosing collection set old regions. Initial: 7, optional: 0, predicted old time: 0.00ms, predicted optional time: 0.00ms, time remaining: 47.81
[2024-10-12T10:22:49.226+0800][debug][gc,ergo,cset] GC(238) Start adding old regions to collection set. Min 4 regions, max 7 regions, time remaining 48.93ms, optional threshold 9.79ms
[2024-10-12T10:22:49.226+0800][debug][gc,ergo,cset] GC(238) Old candidate collection set empty.
[2024-10-12T10:22:49.226+0800][debug][gc,ergo,cset] GC(238) Finish choosing collection set old regions. Initial: 7, optional: 0, predicted old time: 0.00ms, predicted optional time: 0.00ms, time remaining: 47.65
[2024-10-12T10:22:49.549+0800][debug][gc,ergo,cset] GC(242) Pruned 11 regions out of 38, leaving 6046080 bytes waste (allowed 6710886)
[2024-10-12T10:22:49.797+0800][debug][gc,ergo,cset] Preventive GC, insufficient free regions. Predicted need 6. Curr Eden 2 (Pred 3). Curr Survivor 1 (Pred 1). Curr Old 51 (Pred 2) Free 5 Alloc 1
[2024-10-12T10:22:49.797+0800][debug][gc,ergo,cset] GC(244) Start adding old regions to collection set. Min 4 regions, max 7 regions, time remaining 48.99ms, optional threshold 9.80ms
[2024-10-12T10:22:49.797+0800][debug][gc,ergo,cset] GC(244) Finish adding old regions to collection set (Maximum number of regions). Initial 7 regions, optional 0 regions
[2024-10-12T10:22:49.797+0800][debug][gc,ergo,cset] GC(244) Finish choosing collection set old regions. Initial: 7, optional: 0, predicted old time: 0.00ms, predicted optional time: 0.00ms, time remaining: 48.36
[2024-10-12T10:22:49.901+0800][debug][gc,ergo,cset] Preventive GC, insufficient free regions. Predicted need 6. Curr Eden 2 (Pred 3). Curr Survivor 1 (Pred 1). Curr Old 50 (Pred 2) Free 6 Alloc 1
[2024-10-12T10:22:49.902+0800][debug][gc,ergo,cset] GC(245) Start adding old regions to collection set. Min 4 regions, max 7 regions, time remaining 48.98ms, optional threshold 9.80ms
[2024-10-12T10:22:49.902+0800][debug][gc,ergo,cset] GC(245) Finish adding old regions to collection set (Maximum number of regions). Initial 7 regions, optional 0 regions
[2024-10-12T10:22:49.902+0800][debug][gc,ergo,cset] GC(245) Finish choosing collection set old regions. Initial: 7, optional: 0, predicted old time: 0.00ms, predicted optional time: 0.00ms, time remaining: 48.00
[2024-10-12T10:22:50.006+0800][debug][gc,ergo,cset] GC(246) Start adding old regions to collection set. Min 4 regions, max 7 regions, time remaining 48.93ms, optional threshold 9.79ms
[2024-10-12T10:22:50.006+0800][debug][gc,ergo,cset] GC(246) Finish adding old regions to collection set (Maximum number of regions). Initial 7 regions, optional 0 regions
[2024-10-12T10:22:50.006+0800][debug][gc,ergo,cset] GC(246) Finish choosing collection set old regions. Initial: 7, optional: 0, predicted old time: 0.00ms, predicted optional time: 0.00ms, time remaining: 47.72
[2024-10-12T10:22:50.111+0800][debug][gc,ergo,cset] GC(247) Start adding old regions to collection set. Min 4 regions, max 7 regions, time remaining 48.94ms, optional threshold 9.79ms
[2024-10-12T10:22:50.111+0800][debug][gc,ergo,cset] GC(247) Old candidate collection set empty.
[2024-10-12T10:22:50.111+0800][debug][gc,ergo,cset] GC(247) Finish choosing collection set old regions. Initial: 6, optional: 0, predicted old time: 0.00ms, predicted optional time: 0.00ms, time remaining: 47.86
[2024-10-12T10:22:50.331+0800][debug][gc,ergo,cset] GC(250) Pruned 11 regions out of 40, leaving 6255200 bytes waste (allowed 6710886)
[2024-10-12T10:22:50.537+0800][debug][gc,ergo,cset] Preventive GC, insufficient free regions. Predicted need 4. Curr Eden 1 (Pred 2). Curr Survivor 1 (Pred 1). Curr Old 53 (Pred 1) Free 4 Alloc 1
[2024-10-12T10:22:50.538+0800][debug][gc,ergo,cset] GC(252) Start adding old regions to collection set. Min 4 regions, max 7 regions, time remaining 49.14ms, optional threshold 9.83ms
[2024-10-12T10:22:50.538+0800][debug][gc,ergo,cset] GC(252) Finish adding old regions to collection set (Maximum number of regions). Initial 7 regions, optional 0 regions
[2024-10-12T10:22:50.538+0800][debug][gc,ergo,cset] GC(252) Finish choosing collection set old regions. Initial: 7, optional: 0, predicted old time: 0.00ms, predicted optional time: 0.00ms, time remaining: 48.55
[2024-10-12T10:22:50.642+0800][debug][gc,ergo,cset] GC(253) Start adding old regions to collection set. Min 4 regions, max 7 regions, time remaining 48.91ms, optional threshold 9.78ms
[2024-10-12T10:22:50.642+0800][debug][gc,ergo,cset] GC(253) Finish adding old regions to collection set (Maximum number of regions). Initial 7 regions, optional 0 regions
[2024-10-12T10:22:50.642+0800][debug][gc,ergo,cset] GC(253) Finish choosing collection set old regions. Initial: 7, optional: 0, predicted old time: 0.00ms, predicted optional time: 0.00ms, time remaining: 48.03
[2024-10-12T10:22:50.747+0800][debug][gc,ergo,cset] GC(254) Start adding old regions to collection set. Min 4 regions, max 7 regions, time remaining 48.90ms, optional threshold 9.78ms
[2024-10-12T10:22:50.747+0800][debug][gc,ergo,cset] GC(254) Finish adding old regions to collection set (Maximum number of regions). Initial 7 regions, optional 0 regions
[2024-10-12T10:22:50.747+0800][debug][gc,ergo,cset] GC(254) Finish choosing collection set old regions. Initial: 7, optional: 0, predicted old time: 0.00ms, predicted optional time: 0.00ms, time remaining: 47.84
[2024-10-12T10:22:50.852+0800][debug][gc,ergo,cset] GC(255) Start adding old regions to collection set. Min 4 regions, max 7 regions, time remaining 48.91ms, optional threshold 9.78ms
[2024-10-12T10:22:50.852+0800][debug][gc,ergo,cset] GC(255) Finish adding old regions to collection set (Maximum number of regions). Initial 7 regions, optional 0 regions
[2024-10-12T10:22:50.852+0800][debug][gc,ergo,cset] GC(255) Finish choosing collection set old regions. Initial: 7, optional: 0, predicted old time: 0.00ms, predicted optional time: 0.00ms, time remaining: 47.69
[2024-10-12T10:22:50.957+0800][debug][gc,ergo,cset] GC(256) Start adding old regions to collection set. Min 4 regions, max 7 regions, time remaining 48.92ms, optional threshold 9.78ms
[2024-10-12T10:22:50.957+0800][debug][gc,ergo,cset] GC(256) Old candidate collection set empty.
[2024-10-12T10:22:50.957+0800][debug][gc,ergo,cset] GC(256) Finish choosing collection set old regions. Initial: 1, optional: 0, predicted old time: 0.00ms, predicted optional time: 0.00ms, time remaining: 48.74
[2024-10-12T10:22:51.279+0800][debug][gc,ergo,cset] GC(260) Pruned 11 regions out of 43, leaving 6704784 bytes waste (allowed 6710886)
[2024-10-12T10:22:51.425+0800][debug][gc,ergo,cset] Preventive GC, insufficient free regions. Predicted need 4. Curr Eden 1 (Pred 2). Curr Survivor 1 (Pred 1). Curr Old 53 (Pred 1) Free 4 Alloc 1
[2024-10-12T10:22:51.425+0800][debug][gc,ergo,cset] GC(262) Start adding old regions to collection set. Min 4 regions, max 7 regions, time remaining 49.19ms, optional threshold 9.84ms
[2024-10-12T10:22:51.425+0800][debug][gc,ergo,cset] GC(262) Finish adding old regions to collection set (Maximum number of regions). Initial 7 regions, optional 0 regions
[2024-10-12T10:22:51.425+0800][debug][gc,ergo,cset] GC(262) Finish choosing collection set old regions. Initial: 7, optional: 0, predicted old time: 0.00ms, predicted optional time: 0.00ms, time remaining: 48.42
[2024-10-12T10:22:51.550+0800][debug][gc,ergo,cset] Preventive GC, insufficient free regions. Predicted need 6. Curr Eden 2 (Pred 3). Curr Survivor 1 (Pred 1). Curr Old 49 (Pred 2) Free 6 Alloc 1
[2024-10-12T10:22:51.550+0800][debug][gc,ergo,cset] GC(263) Start adding old regions to collection set. Min 4 regions, max 7 regions, time remaining 48.95ms, optional threshold 9.79ms
[2024-10-12T10:22:51.550+0800][debug][gc,ergo,cset] GC(263) Finish adding old regions to collection set (Maximum number of regions). Initial 7 regions, optional 0 regions
[2024-10-12T10:22:51.550+0800][debug][gc,ergo,cset] GC(263) Finish choosing collection set old regions. Initial: 7, optional: 0, predicted old time: 0.00ms, predicted optional time: 0.00ms, time remaining: 47.94
[2024-10-12T10:22:51.655+0800][debug][gc,ergo,cset] GC(264) Start adding old regions to collection set. Min 4 regions, max 7 regions, time remaining 48.93ms, optional threshold 9.79ms
[2024-10-12T10:22:51.655+0800][debug][gc,ergo,cset] GC(264) Finish adding old regions to collection set (Maximum number of regions). Initial 7 regions, optional 0 regions
[2024-10-12T10:22:51.655+0800][debug][gc,ergo,cset] GC(264) Finish choosing collection set old regions. Initial: 7, optional: 0, predicted old time: 0.00ms, predicted optional time: 0.00ms, time remaining: 47.79
[2024-10-12T10:22:51.759+0800][debug][gc,ergo,cset] GC(265) Start adding old regions to collection set. Min 4 regions, max 7 regions, time remaining 48.94ms, optional threshold 9.79ms
[2024-10-12T10:22:51.759+0800][debug][gc,ergo,cset] GC(265) Finish adding old regions to collection set (Maximum number of regions). Initial 7 regions, optional 0 regions
[2024-10-12T10:22:51.759+0800][debug][gc,ergo,cset] GC(265) Finish choosing collection set old regions. Initial: 7, optional: 0, predicted old time: 0.00ms, predicted optional time: 0.00ms, time remaining: 47.68
[2024-10-12T10:22:51.865+0800][debug][gc,ergo,cset] GC(266) Start adding old regions to collection set. Min 4 regions, max 7 regions, time remaining 48.95ms, optional threshold 9.79ms
[2024-10-12T10:22:51.865+0800][debug][gc,ergo,cset] GC(266) Old candidate collection set empty.
[2024-10-12T10:22:51.865+0800][debug][gc,ergo,cset] GC(266) Finish choosing collection set old regions. Initial: 4, optional: 0, predicted old time: 0.00ms, predicted optional time: 0.00ms, time remaining: 48.21
[2024-10-12T10:22:52.187+0800][debug][gc,ergo,cset] GC(270) Pruned 11 regions out of 37, leaving 6464832 bytes waste (allowed 6710886)
[2024-10-12T10:22:52.435+0800][debug][gc,ergo,cset] Preventive GC, insufficient free regions. Predicted need 5. Curr Eden 2 (Pred 3). Curr Survivor 1 (Pred 1). Curr Old 51 (Pred 1) Free 5 Alloc 1
[2024-10-12T10:22:52.435+0800][debug][gc,ergo,cset] GC(272) Start adding old regions to collection set. Min 4 regions, max 7 regions, time remaining 48.98ms, optional threshold 9.80ms
[2024-10-12T10:22:52.435+0800][debug][gc,ergo,cset] GC(272) Finish adding old regions to collection set (Maximum number of regions). Initial 7 regions, optional 0 regions
[2024-10-12T10:22:52.435+0800][debug][gc,ergo,cset] GC(272) Finish choosing collection set old regions. Initial: 7, optional: 0, predicted old time: 0.00ms, predicted optional time: 0.00ms, time remaining: 48.35
[2024-10-12T10:22:52.539+0800][debug][gc,ergo,cset] Preventive GC, insufficient free regions. Predicted need 7. Curr Eden 2 (Pred 3). Curr Survivor 1 (Pred 1). Curr Old 49 (Pred 3) Free 7 Alloc 1
[2024-10-12T10:22:52.539+0800][debug][gc,ergo,cset] GC(273) Start adding old regions to collection set. Min 4 regions, max 7 regions, time remaining 48.97ms, optional threshold 9.79ms
[2024-10-12T10:22:52.539+0800][debug][gc,ergo,cset] GC(273) Finish adding old regions to collection set (Maximum number of regions). Initial 7 regions, optional 0 regions
[2024-10-12T10:22:52.539+0800][debug][gc,ergo,cset] GC(273) Finish choosing collection set old regions. Initial: 7, optional: 0, predicted old time: 0.00ms, predicted optional time: 0.00ms, time remaining: 47.91
[2024-10-12T10:22:52.644+0800][debug][gc,ergo,cset] GC(274) Start adding old regions to collection set. Min 4 regions, max 7 regions, time remaining 48.91ms, optional threshold 9.78ms
[2024-10-12T10:22:52.644+0800][debug][gc,ergo,cset] GC(274) Finish adding old regions to collection set (Maximum number of regions). Initial 7 regions, optional 0 regions
[2024-10-12T10:22:52.644+0800][debug][gc,ergo,cset] GC(274) Finish choosing collection set old regions. Initial: 7, optional: 0, predicted old time: 0.00ms, predicted optional time: 0.00ms, time remaining: 47.64
[2024-10-12T10:22:52.749+0800][debug][gc,ergo,cset] GC(275) Start adding old regions to collection set. Min 4 regions, max 7 regions, time remaining 48.93ms, optional threshold 9.79ms
[2024-10-12T10:22:52.749+0800][debug][gc,ergo,cset] GC(275) Old candidate collection set empty.
[2024-10-12T10:22:52.749+0800][debug][gc,ergo,cset] GC(275) Finish choosing collection set old regions. Initial: 5, optional: 0, predicted old time: 0.00ms, predicted optional time: 0.00ms, time remaining: 48.03
[2024-10-12T10:22:52.968+0800][debug][gc,ergo,cset] GC(278) Pruned 12 regions out of 42, leaving 6300968 bytes waste (allowed 6710886)
[2024-10-12T10:22:53.112+0800][debug][gc,ergo,cset] Preventive GC, insufficient free regions. Predicted need 4. Curr Eden 2 (Pred 3). Curr Survivor 1 (Pred 1). Curr Old 52 (Pred 0) Free 4 Alloc 1
[2024-10-12T10:22:53.175+0800][debug][gc,ergo,cset] Preventive GC, insufficient free regions. Predicted need 4. Curr Eden 1 (Pred 2). Curr Survivor 1 (Pred 1). Curr Old 54 (Pred 1) Free 3 Alloc 1
[2024-10-12T10:22:53.175+0800][debug][gc,ergo,cset] GC(280) Start adding old regions to collection set. Min 4 regions, max 7 regions, time remaining 49.14ms, optional threshold 9.83ms
[2024-10-12T10:22:53.175+0800][debug][gc,ergo,cset] GC(280) Finish adding old regions to collection set (Maximum number of regions). Initial 7 regions, optional 0 regions
[2024-10-12T10:22:53.175+0800][debug][gc,ergo,cset] GC(280) Finish choosing collection set old regions. Initial: 7, optional: 0, predicted old time: 0.00ms, predicted optional time: 0.00ms, time remaining: 48.55
[2024-10-12T10:22:53.279+0800][debug][gc,ergo,cset] Preventive GC, insufficient free regions. Predicted need 6. Curr Eden 2 (Pred 3). Curr Survivor 1 (Pred 1). Curr Old 50 (Pred 2) Free 6 Alloc 1
[2024-10-12T10:22:53.280+0800][debug][gc,ergo,cset] GC(281) Start adding old regions to collection set. Min 4 regions, max 7 regions, time remaining 48.90ms, optional threshold 9.78ms
[2024-10-12T10:22:53.280+0800][debug][gc,ergo,cset] GC(281) Finish adding old regions to collection set (Maximum number of regions). Initial 7 regions, optional 0 regions
[2024-10-12T10:22:53.280+0800][debug][gc,ergo,cset] GC(281) Finish choosing collection set old regions. Initial: 7, optional: 0, predicted old time: 0.00ms, predicted optional time: 0.00ms, time remaining: 48.01
[2024-10-12T10:22:53.384+0800][debug][gc,ergo,cset] Preventive GC, insufficient free regions. Predicted need 7. Curr Eden 2 (Pred 3). Curr Survivor 1 (Pred 1). Curr Old 49 (Pred 3) Free 7 Alloc 1
[2024-10-12T10:22:53.384+0800][debug][gc,ergo,cset] GC(282) Start adding old regions to collection set. Min 4 regions, max 7 regions, time remaining 48.86ms, optional threshold 9.77ms
[2024-10-12T10:22:53.384+0800][debug][gc,ergo,cset] GC(282) Finish adding old regions to collection set (Maximum number of regions). Initial 7 regions, optional 0 regions
[2024-10-12T10:22:53.384+0800][debug][gc,ergo,cset] GC(282) Finish choosing collection set old regions. Initial: 7, optional: 0, predicted old time: 0.00ms, predicted optional time: 0.00ms, time remaining: 47.73
[2024-10-12T10:22:53.489+0800][debug][gc,ergo,cset] GC(283) Start adding old regions to collection set. Min 4 regions, max 7 regions, time remaining 48.87ms, optional threshold 9.77ms
[2024-10-12T10:22:53.489+0800][debug][gc,ergo,cset] GC(283) Finish adding old regions to collection set (Maximum number of regions). Initial 7 regions, optional 0 regions
[2024-10-12T10:22:53.489+0800][debug][gc,ergo,cset] GC(283) Finish choosing collection set old regions. Initial: 7, optional: 0, predicted old time: 0.00ms, predicted optional time: 0.00ms, time remaining: 47.57
[2024-10-12T10:22:53.594+0800][debug][gc,ergo,cset] GC(284) Start adding old regions to collection set. Min 4 regions, max 7 regions, time remaining 48.91ms, optional threshold 9.78ms
[2024-10-12T10:22:53.594+0800][debug][gc,ergo,cset] GC(284) Old candidate collection set empty.
[2024-10-12T10:22:53.594+0800][debug][gc,ergo,cset] GC(284) Finish choosing collection set old regions. Initial: 2, optional: 0, predicted old time: 0.00ms, predicted optional time: 0.00ms, time remaining: 48.53
[2024-10-12T10:22:53.812+0800][debug][gc,ergo,cset] GC(287) Pruned 13 regions out of 44, leaving 6708712 bytes waste (allowed 6710886)
[2024-10-12T10:22:54.060+0800][debug][gc,ergo,cset] Preventive GC, insufficient free regions. Predicted need 5. Curr Eden 2 (Pred 3). Curr Survivor 1 (Pred 1). Curr Old 52 (Pred 1) Free 4 Alloc 1
[2024-10-12T10:22:54.061+0800][debug][gc,ergo,cset] GC(289) Start adding old regions to collection set. Min 4 regions, max 7 regions, time remaining 48.97ms, optional threshold 9.79ms
[2024-10-12T10:22:54.061+0800][debug][gc,ergo,cset] GC(289) Finish adding old regions to collection set (Maximum number of regions). Initial 7 regions, optional 0 regions
[2024-10-12T10:22:54.061+0800][debug][gc,ergo,cset] GC(289) Finish choosing collection set old regions. Initial: 7, optional: 0, predicted old time: 0.00ms, predicted optional time: 0.00ms, time remaining: 48.38
[2024-10-12T10:22:54.124+0800][debug][gc,ergo,cset] Preventive GC, insufficient free regions. Predicted need 5. Curr Eden 1 (Pred 2). Curr Survivor 1 (Pred 1). Curr Old 52 (Pred 2) Free 5 Alloc 1
[2024-10-12T10:22:54.124+0800][debug][gc,ergo,cset] GC(290) Start adding old regions to collection set. Min 4 regions, max 7 regions, time remaining 49.15ms, optional threshold 9.83ms
[2024-10-12T10:22:54.124+0800][debug][gc,ergo,cset] GC(290) Finish adding old regions to collection set (Maximum number of regions). Initial 7 regions, optional 0 regions
[2024-10-12T10:22:54.124+0800][debug][gc,ergo,cset] GC(290) Finish choosing collection set old regions. Initial: 7, optional: 0, predicted old time: 0.00ms, predicted optional time: 0.00ms, time remaining: 48.16
[2024-10-12T10:22:54.167+0800][debug][gc,ergo,cset] Preventive GC, insufficient free regions. Predicted need 6. Curr Eden 1 (Pred 2). Curr Survivor 1 (Pred 1). Curr Old 52 (Pred 3) Free 5 Alloc 1
[2024-10-12T10:22:54.168+0800][debug][gc,ergo,cset] GC(291) Start adding old regions to collection set. Min 4 regions, max 7 regions, time remaining 49.13ms, optional threshold 9.83ms
[2024-10-12T10:22:54.168+0800][debug][gc,ergo,cset] GC(291) Finish adding old regions to collection set (Maximum number of regions). Initial 7 regions, optional 0 regions
[2024-10-12T10:22:54.168+0800][debug][gc,ergo,cset] GC(291) Finish choosing collection set old regions. Initial: 7, optional: 0, predicted old time: 0.00ms, predicted optional time: 0.00ms, time remaining: 47.90
[2024-10-12T10:22:54.231+0800][debug][gc,ergo,cset] Preventive GC, insufficient free regions. Predicted need 6. Curr Eden 1 (Pred 2). Curr Survivor 1 (Pred 1). Curr Old 53 (Pred 3) Free 4 Alloc 1
[2024-10-12T10:22:54.231+0800][debug][gc,ergo,cset] GC(292) Start adding old regions to collection set. Min 4 regions, max 7 regions, time remaining 49.15ms, optional threshold 9.83ms
[2024-10-12T10:22:54.231+0800][debug][gc,ergo,cset] GC(292) Finish adding old regions to collection set (Maximum number of regions). Initial 7 regions, optional 0 regions
[2024-10-12T10:22:54.231+0800][debug][gc,ergo,cset] GC(292) Finish choosing collection set old regions. Initial: 7, optional: 0, predicted old time: 0.00ms, predicted optional time: 0.00ms, time remaining: 47.90
[2024-10-12T10:22:54.274+0800][debug][gc,ergo,cset] GC(293) Start adding old regions to collection set. Min 4 regions, max 7 regions, time remaining 49.15ms, optional threshold 9.83ms
[2024-10-12T10:22:54.274+0800][debug][gc,ergo,cset] GC(293) Old candidate collection set empty.
[2024-10-12T10:22:54.274+0800][debug][gc,ergo,cset] GC(293) Finish choosing collection set old regions. Initial: 3, optional: 0, predicted old time: 0.00ms, predicted optional time: 0.00ms, time remaining: 48.51
[2024-10-12T10:22:54.946+0800][debug][gc,ergo,cset] GC(300) Pruned 11 regions out of 35, leaving 6688752 bytes waste (allowed 6710886)
[2024-10-12T10:22:55.194+0800][debug][gc,ergo,cset] Preventive GC, insufficient free regions. Predicted need 5. Curr Eden 2 (Pred 3). Curr Survivor 1 (Pred 1). Curr Old 51 (Pred 1) Free 5 Alloc 1
[2024-10-12T10:22:55.194+0800][debug][gc,ergo,cset] GC(302) Start adding old regions to collection set. Min 3 regions, max 7 regions, time remaining 48.98ms, optional threshold 9.80ms
[2024-10-12T10:22:55.194+0800][debug][gc,ergo,cset] GC(302) Finish adding old regions to collection set (Maximum number of regions). Initial 7 regions, optional 0 regions
[2024-10-12T10:22:55.195+0800][debug][gc,ergo,cset] GC(302) Finish choosing collection set old regions. Initial: 7, optional: 0, predicted old time: 0.00ms, predicted optional time: 0.00ms, time remaining: 48.36
[2024-10-12T10:22:55.299+0800][debug][gc,ergo,cset] GC(303) Start adding old regions to collection set. Min 3 regions, max 7 regions, time remaining 48.95ms, optional threshold 9.79ms
[2024-10-12T10:22:55.299+0800][debug][gc,ergo,cset] GC(303) Finish adding old regions to collection set (Maximum number of regions). Initial 7 regions, optional 0 regions
[2024-10-12T10:22:55.299+0800][debug][gc,ergo,cset] GC(303) Finish choosing collection set old regions. Initial: 7, optional: 0, predicted old time: 0.00ms, predicted optional time: 0.00ms, time remaining: 47.84
[2024-10-12T10:22:55.404+0800][debug][gc,ergo,cset] GC(304) Start adding old regions to collection set. Min 3 regions, max 7 regions, time remaining 48.93ms, optional threshold 9.79ms
[2024-10-12T10:22:55.404+0800][debug][gc,ergo,cset] GC(304) Finish adding old regions to collection set (Maximum number of regions). Initial 7 regions, optional 0 regions
[2024-10-12T10:22:55.404+0800][debug][gc,ergo,cset] GC(304) Finish choosing collection set old regions. Initial: 7, optional: 0, predicted old time: 0.00ms, predicted optional time: 0.00ms, time remaining: 47.78
[2024-10-12T10:22:55.509+0800][debug][gc,ergo,cset] GC(305) Start adding old regions to collection set. Min 3 regions, max 7 regions, time remaining 48.95ms, optional threshold 9.79ms
[2024-10-12T10:22:55.509+0800][debug][gc,ergo,cset] GC(305) Old candidate collection set empty.
[2024-10-12T10:22:55.509+0800][debug][gc,ergo,cset] GC(305) Finish choosing collection set old regions. Initial: 3, optional: 0, predicted old time: 0.00ms, predicted optional time: 0.00ms, time remaining: 48.42
[2024-10-12T10:22:55.831+0800][debug][gc,ergo,cset] GC(309) Pruned 10 regions out of 41, leaving 6260808 bytes waste (allowed 6710886)
[2024-10-12T10:22:55.975+0800][debug][gc,ergo,cset] Preventive GC, insufficient free regions. Predicted need 4. Curr Eden 2 (Pred 3). Curr Survivor 1 (Pred 1). Curr Old 52 (Pred 0) Free 3 Alloc 1
[2024-10-12T10:22:56.038+0800][debug][gc,ergo,cset] Preventive GC, insufficient free regions. Predicted need 5. Curr Eden 1 (Pred 2). Curr Survivor 1 (Pred 1). Curr Old 54 (Pred 2) Free 3 Alloc 1
[2024-10-12T10:22:56.038+0800][debug][gc,ergo,cset] GC(311) Start adding old regions to collection set. Min 4 regions, max 7 regions, time remaining 49.21ms, optional threshold 9.84ms
[2024-10-12T10:22:56.038+0800][debug][gc,ergo,cset] GC(311) Finish adding old regions to collection set (Maximum number of regions). Initial 7 regions, optional 0 regions
[2024-10-12T10:22:56.038+0800][debug][gc,ergo,cset] GC(311) Finish choosing collection set old regions. Initial: 7, optional: 0, predicted old time: 0.00ms, predicted optional time: 0.00ms, time remaining: 48.61
[2024-10-12T10:22:56.143+0800][debug][gc,ergo,cset] Preventive GC, insufficient free regions. Predicted need 6. Curr Eden 2 (Pred 3). Curr Survivor 1 (Pred 1). Curr Old 51 (Pred 2) Free 5 Alloc 1
[2024-10-12T10:22:56.143+0800][debug][gc,ergo,cset] GC(312) Start adding old regions to collection set. Min 4 regions, max 7 regions, time remaining 48.98ms, optional threshold 9.80ms
[2024-10-12T10:22:56.143+0800][debug][gc,ergo,cset] GC(312) Finish adding old regions to collection set (Maximum number of regions). Initial 7 regions, optional 0 regions
[2024-10-12T10:22:56.143+0800][debug][gc,ergo,cset] GC(312) Finish choosing collection set old regions. Initial: 7, optional: 0, predicted old time: 0.00ms, predicted optional time: 0.00ms, time remaining: 48.19
[2024-10-12T10:22:56.206+0800][debug][gc,ergo,cset] Preventive GC, insufficient free regions. Predicted need 5. Curr Eden 1 (Pred 2). Curr Survivor 1 (Pred 1). Curr Old 54 (Pred 2) Free 3 Alloc 1
[2024-10-12T10:22:56.206+0800][debug][gc,ergo,cset] GC(313) Start adding old regions to collection set. Min 4 regions, max 7 regions, time remaining 49.17ms, optional threshold 9.83ms
[2024-10-12T10:22:56.206+0800][debug][gc,ergo,cset] GC(313) Finish adding old regions to collection set (Maximum number of regions). Initial 7 regions, optional 0 regions
[2024-10-12T10:22:56.206+0800][debug][gc,ergo,cset] GC(313) Finish choosing collection set old regions. Initial: 7, optional: 0, predicted old time: 0.00ms, predicted optional time: 0.00ms, time remaining: 47.97
[2024-10-12T10:22:56.249+0800][debug][gc,ergo,cset] Preventive GC, insufficient free regions. Predicted need 6. Curr Eden 1 (Pred 2). Curr Survivor 1 (Pred 1). Curr Old 56 (Pred 3) Free 1 Alloc 1
[2024-10-12T10:22:56.249+0800][debug][gc,ergo,cset] GC(314) Start adding old regions to collection set. Min 4 regions, max 7 regions, time remaining 49.18ms, optional threshold 9.84ms
[2024-10-12T10:22:56.249+0800][debug][gc,ergo,cset] GC(314) Finish adding old regions to collection set (Maximum number of regions). Initial 7 regions, optional 0 regions
[2024-10-12T10:22:56.249+0800][debug][gc,ergo,cset] GC(314) Finish choosing collection set old regions. Initial: 7, optional: 0, predicted old time: 0.00ms, predicted optional time: 0.00ms, time remaining: 48.02
[2024-10-12T10:22:56.312+0800][debug][gc,ergo,cset] GC(315) Start adding old regions to collection set. Min 4 regions, max 7 regions, time remaining 49.19ms, optional threshold 9.84ms
[2024-10-12T10:22:56.312+0800][debug][gc,ergo,cset] GC(315) Old candidate collection set empty.
[2024-10-12T10:22:56.312+0800][debug][gc,ergo,cset] GC(315) Finish choosing collection set old regions. Initial: 3, optional: 0, predicted old time: 0.00ms, predicted optional time: 0.00ms, time remaining: 48.67
[2024-10-12T10:22:56.923+0800][debug][gc,ergo,cset] GC(322) Pruned 12 regions out of 40, leaving 6220936 bytes waste (allowed 6710886)
[2024-10-12T10:22:57.170+0800][debug][gc,ergo,cset] Preventive GC, insufficient free regions. Predicted need 6. Curr Eden 2 (Pred 3). Curr Survivor 1 (Pred 1). Curr Old 50 (Pred 2) Free 6 Alloc 1
[2024-10-12T10:22:57.170+0800][debug][gc,ergo,cset] GC(324) Start adding old regions to collection set. Min 4 regions, max 7 regions, time remaining 49.02ms, optional threshold 9.80ms
[2024-10-12T10:22:57.170+0800][debug][gc,ergo,cset] GC(324) Finish adding old regions to collection set (Maximum number of regions). Initial 7 regions, optional 0 regions
[2024-10-12T10:22:57.170+0800][debug][gc,ergo,cset] GC(324) Finish choosing collection set old regions. Initial: 7, optional: 0, predicted old time: 0.00ms, predicted optional time: 0.00ms, time remaining: 48.32
[2024-10-12T10:22:57.275+0800][debug][gc,ergo,cset] GC(325) Start adding old regions to collection set. Min 4 regions, max 7 regions, time remaining 48.95ms, optional threshold 9.79ms
[2024-10-12T10:22:57.275+0800][debug][gc,ergo,cset] GC(325) Finish adding old regions to collection set (Maximum number of regions). Initial 7 regions, optional 0 regions
[2024-10-12T10:22:57.275+0800][debug][gc,ergo,cset] GC(325) Finish choosing collection set old regions. Initial: 7, optional: 0, predicted old time: 0.00ms, predicted optional time: 0.00ms, time remaining: 47.94
[2024-10-12T10:22:57.379+0800][debug][gc,ergo,cset] GC(326) Start adding old regions to collection set. Min 4 regions, max 7 regions, time remaining 48.94ms, optional threshold 9.79ms
[2024-10-12T10:22:57.379+0800][debug][gc,ergo,cset] GC(326) Finish adding old regions to collection set (Maximum number of regions). Initial 7 regions, optional 0 regions
[2024-10-12T10:22:57.379+0800][debug][gc,ergo,cset] GC(326) Finish choosing collection set old regions. Initial: 7, optional: 0, predicted old time: 0.00ms, predicted optional time: 0.00ms, time remaining: 47.75
[2024-10-12T10:22:57.484+0800][debug][gc,ergo,cset] GC(327) Start adding old regions to collection set. Min 4 regions, max 7 regions, time remaining 48.93ms, optional threshold 9.79ms
[2024-10-12T10:22:57.484+0800][debug][gc,ergo,cset] GC(327) Old candidate collection set empty.
[2024-10-12T10:22:57.484+0800][debug][gc,ergo,cset] GC(327) Finish choosing collection set old regions. Initial: 7, optional: 0, predicted old time: 0.00ms, predicted optional time: 0.00ms, time remaining: 47.62
[2024-10-12T10:22:57.807+0800][debug][gc,ergo,cset] GC(331) Pruned 10 regions out of 36, leaving 6077504 bytes waste (allowed 6710886)
[2024-10-12T10:22:58.055+0800][debug][gc,ergo,cset] Preventive GC, insufficient free regions. Predicted need 5. Curr Eden 2 (Pred 3). Curr Survivor 1 (Pred 1). Curr Old 52 (Pred 1) Free 4 Alloc 1
[2024-10-12T10:22:58.055+0800][debug][gc,ergo,cset] GC(333) Start adding old regions to collection set. Min 4 regions, max 7 regions, time remaining 49.00ms, optional threshold 9.80ms
[2024-10-12T10:22:58.055+0800][debug][gc,ergo,cset] GC(333) Finish adding old regions to collection set (Maximum number of regions). Initial 7 regions, optional 0 regions
[2024-10-12T10:22:58.055+0800][debug][gc,ergo,cset] GC(333) Finish choosing collection set old regions. Initial: 7, optional: 0, predicted old time: 0.00ms, predicted optional time: 0.00ms, time remaining: 48.51
[2024-10-12T10:22:58.160+0800][debug][gc,ergo,cset] GC(334) Start adding old regions to collection set. Min 4 regions, max 7 regions, time remaining 48.98ms, optional threshold 9.80ms
[2024-10-12T10:22:58.160+0800][debug][gc,ergo,cset] GC(334) Finish adding old regions to collection set (Maximum number of regions). Initial 7 regions, optional 0 regions
[2024-10-12T10:22:58.160+0800][debug][gc,ergo,cset] GC(334) Finish choosing collection set old regions. Initial: 7, optional: 0, predicted old time: 0.00ms, predicted optional time: 0.00ms, time remaining: 48.15
[2024-10-12T10:22:58.264+0800][debug][gc,ergo,cset] GC(335) Start adding old regions to collection set. Min 4 regions, max 7 regions, time remaining 48.96ms, optional threshold 9.79ms
[2024-10-12T10:22:58.264+0800][debug][gc,ergo,cset] GC(335) Finish adding old regions to collection set (Maximum number of regions). Initial 7 regions, optional 0 regions
[2024-10-12T10:22:58.264+0800][debug][gc,ergo,cset] GC(335) Finish choosing collection set old regions. Initial: 7, optional: 0, predicted old time: 0.00ms, predicted optional time: 0.00ms, time remaining: 47.89
[2024-10-12T10:22:58.369+0800][debug][gc,ergo,cset] GC(336) Start adding old regions to collection set. Min 4 regions, max 7 regions, time remaining 48.94ms, optional threshold 9.79ms
[2024-10-12T10:22:58.369+0800][debug][gc,ergo,cset] GC(336) Old candidate collection set empty.
[2024-10-12T10:22:58.369+0800][debug][gc,ergo,cset] GC(336) Finish choosing collection set old regions. Initial: 5, optional: 0, predicted old time: 0.00ms, predicted optional time: 0.00ms, time remaining: 48.02
[2024-10-12T10:22:58.691+0800][debug][gc,ergo,cset] GC(340) Pruned 11 regions out of 36, leaving 6458656 bytes waste (allowed 6710886)
[2024-10-12T10:22:58.899+0800][debug][gc,ergo,cset] Preventive GC, insufficient free regions. Predicted need 4. Curr Eden 1 (Pred 2). Curr Survivor 1 (Pred 1). Curr Old 53 (Pred 1) Free 4 Alloc 1
[2024-10-12T10:22:58.899+0800][debug][gc,ergo,cset] GC(342) Start adding old regions to collection set. Min 4 regions, max 7 regions, time remaining 49.19ms, optional threshold 9.84ms
[2024-10-12T10:22:58.899+0800][debug][gc,ergo,cset] GC(342) Finish adding old regions to collection set (Maximum number of regions). Initial 7 regions, optional 0 regions
[2024-10-12T10:22:58.899+0800][debug][gc,ergo,cset] GC(342) Finish choosing collection set old regions. Initial: 7, optional: 0, predicted old time: 0.00ms, predicted optional time: 0.00ms, time remaining: 48.68
[2024-10-12T10:22:59.003+0800][debug][gc,ergo,cset] GC(343) Start adding old regions to collection set. Min 4 regions, max 7 regions, time remaining 48.96ms, optional threshold 9.79ms
[2024-10-12T10:22:59.003+0800][debug][gc,ergo,cset] GC(343) Finish adding old regions to collection set (Maximum number of regions). Initial 7 regions, optional 0 regions
[2024-10-12T10:22:59.003+0800][debug][gc,ergo,cset] GC(343) Finish choosing collection set old regions. Initial: 7, optional: 0, predicted old time: 0.00ms, predicted optional time: 0.00ms, time remaining: 48.19
[2024-10-12T10:22:59.108+0800][debug][gc,ergo,cset] GC(344) Start adding old regions to collection set. Min 4 regions, max 7 regions, time remaining 48.94ms, optional threshold 9.79ms
[2024-10-12T10:22:59.108+0800][debug][gc,ergo,cset] GC(344) Finish adding old regions to collection set (Maximum number of regions). Initial 7 regions, optional 0 regions
[2024-10-12T10:22:59.108+0800][debug][gc,ergo,cset] GC(344) Finish choosing collection set old regions. Initial: 7, optional: 0, predicted old time: 0.00ms, predicted optional time: 0.00ms, time remaining: 47.97
[2024-10-12T10:22:59.212+0800][debug][gc,ergo,cset] GC(345) Start adding old regions to collection set. Min 4 regions, max 7 regions, time remaining 48.94ms, optional threshold 9.79ms
[2024-10-12T10:22:59.213+0800][debug][gc,ergo,cset] GC(345) Old candidate collection set empty.
[2024-10-12T10:22:59.213+0800][debug][gc,ergo,cset] GC(345) Finish choosing collection set old regions. Initial: 4, optional: 0, predicted old time: 0.00ms, predicted optional time: 0.00ms, time remaining: 48.25
[2024-10-12T10:22:59.535+0800][debug][gc,ergo,cset] GC(349) Pruned 11 regions out of 43, leaving 6257440 bytes waste (allowed 6710886)
[2024-10-12T10:22:59.679+0800][debug][gc,ergo,cset] Preventive GC, insufficient free regions. Predicted need 4. Curr Eden 2 (Pred 3). Curr Survivor 1 (Pred 1). Curr Old 52 (Pred 0) Free 4 Alloc 1
[2024-10-12T10:22:59.742+0800][debug][gc,ergo,cset] Preventive GC, insufficient free regions. Predicted need 4. Curr Eden 1 (Pred 2). Curr Survivor 1 (Pred 1). Curr Old 53 (Pred 1) Free 4 Alloc 1
[2024-10-12T10:22:59.742+0800][debug][gc,ergo,cset] GC(351) Start adding old regions to collection set. Min 4 regions, max 7 regions, time remaining 49.18ms, optional threshold 9.84ms
[2024-10-12T10:22:59.742+0800][debug][gc,ergo,cset] GC(351) Finish adding old regions to collection set (Maximum number of regions). Initial 7 regions, optional 0 regions
[2024-10-12T10:22:59.742+0800][debug][gc,ergo,cset] GC(351) Finish choosing collection set old regions. Initial: 7, optional: 0, predicted old time: 0.00ms, predicted optional time: 0.00ms, time remaining: 48.53
[2024-10-12T10:22:59.846+0800][debug][gc,ergo,cset] GC(352) Start adding old regions to collection set. Min 4 regions, max 7 regions, time remaining 48.93ms, optional threshold 9.79ms
[2024-10-12T10:22:59.846+0800][debug][gc,ergo,cset] GC(352) Finish adding old regions to collection set (Maximum number of regions). Initial 7 regions, optional 0 regions
[2024-10-12T10:22:59.846+0800][debug][gc,ergo,cset] GC(352) Finish choosing collection set old regions. Initial: 7, optional: 0, predicted old time: 0.00ms, predicted optional time: 0.00ms, time remaining: 47.99
[2024-10-12T10:22:59.951+0800][debug][gc,ergo,cset] GC(353) Start adding old regions to collection set. Min 4 regions, max 7 regions, time remaining 48.89ms, optional threshold 9.78ms
[2024-10-12T10:22:59.951+0800][debug][gc,ergo,cset] GC(353) Finish adding old regions to collection set (Maximum number of regions). Initial 7 regions, optional 0 regions
[2024-10-12T10:22:59.951+0800][debug][gc,ergo,cset] GC(353) Finish choosing collection set old regions. Initial: 7, optional: 0, predicted old time: 0.00ms, predicted optional time: 0.00ms, time remaining: 47.81
[2024-10-12T10:23:00.056+0800][debug][gc,ergo,cset] GC(354) Start adding old regions to collection set. Min 4 regions, max 7 regions, time remaining 48.90ms, optional threshold 9.78ms
[2024-10-12T10:23:00.056+0800][debug][gc,ergo,cset] GC(354) Finish adding old regions to collection set (Maximum number of regions). Initial 7 regions, optional 0 regions
[2024-10-12T10:23:00.056+0800][debug][gc,ergo,cset] GC(354) Finish choosing collection set old regions. Initial: 7, optional: 0, predicted old time: 0.00ms, predicted optional time: 0.00ms, time remaining: 47.65
[2024-10-12T10:23:00.161+0800][debug][gc,ergo,cset] GC(355) Start adding old regions to collection set. Min 4 regions, max 7 regions, time remaining 48.90ms, optional threshold 9.78ms
[2024-10-12T10:23:00.161+0800][debug][gc,ergo,cset] GC(355) Old candidate collection set empty.
[2024-10-12T10:23:00.161+0800][debug][gc,ergo,cset] GC(355) Finish choosing collection set old regions. Initial: 4, optional: 0, predicted old time: 0.00ms, predicted optional time: 0.00ms, time remaining: 48.15
[2024-10-12T10:23:00.277+0800][debug][gc,ergo,cset] GC(358) Pruned 11 regions out of 39, leaving 6264680 bytes waste (allowed 6710886)
[2024-10-12T10:23:00.546+0800][debug][gc,ergo,cset] Preventive GC, insufficient free regions. Predicted need 6. Curr Eden 2 (Pred 3). Curr Survivor 1 (Pred 1). Curr Old 51 (Pred 2) Free 5 Alloc 1
[2024-10-12T10:23:00.546+0800][debug][gc,ergo,cset] GC(360) Start adding old regions to collection set. Min 4 regions, max 7 regions, time remaining 49.02ms, optional threshold 9.80ms
[2024-10-12T10:23:00.546+0800][debug][gc,ergo,cset] GC(360) Finish adding old regions to collection set (Maximum number of regions). Initial 7 regions, optional 0 regions
[2024-10-12T10:23:00.546+0800][debug][gc,ergo,cset] GC(360) Finish choosing collection set old regions. Initial: 7, optional: 0, predicted old time: 0.00ms, predicted optional time: 0.00ms, time remaining: 48.27
[2024-10-12T10:23:00.650+0800][debug][gc,ergo,cset] Preventive GC, insufficient free regions. Predicted need 7. Curr Eden 2 (Pred 3). Curr Survivor 1 (Pred 1). Curr Old 49 (Pred 3) Free 7 Alloc 1
[2024-10-12T10:23:00.650+0800][debug][gc,ergo,cset] GC(361) Start adding old regions to collection set. Min 4 regions, max 7 regions, time remaining 49.00ms, optional threshold 9.80ms
[2024-10-12T10:23:00.650+0800][debug][gc,ergo,cset] GC(361) Finish adding old regions to collection set (Maximum number of regions). Initial 7 regions, optional 0 regions
[2024-10-12T10:23:00.650+0800][debug][gc,ergo,cset] GC(361) Finish choosing collection set old regions. Initial: 7, optional: 0, predicted old time: 0.00ms, predicted optional time: 0.00ms, time remaining: 47.99
[2024-10-12T10:23:00.755+0800][debug][gc,ergo,cset] GC(362) Start adding old regions to collection set. Min 4 regions, max 7 regions, time remaining 48.97ms, optional threshold 9.79ms
[2024-10-12T10:23:00.755+0800][debug][gc,ergo,cset] GC(362) Finish adding old regions to collection set (Maximum number of regions). Initial 7 regions, optional 0 regions
[2024-10-12T10:23:00.756+0800][debug][gc,ergo,cset] GC(362) Finish choosing collection set old regions. Initial: 7, optional: 0, predicted old time: 0.00ms, predicted optional time: 0.00ms, time remaining: 47.76
[2024-10-12T10:23:00.860+0800][debug][gc,ergo,cset] GC(363) Start adding old regions to collection set. Min 4 regions, max 7 regions, time remaining 48.93ms, optional threshold 9.79ms
[2024-10-12T10:23:00.860+0800][debug][gc,ergo,cset] GC(363) Old candidate collection set empty.
[2024-10-12T10:23:00.860+0800][debug][gc,ergo,cset] GC(363) Finish choosing collection set old regions. Initial: 7, optional: 0, predicted old time: 0.00ms, predicted optional time: 0.00ms, time remaining: 47.63
[2024-10-12T10:23:01.183+0800][debug][gc,ergo,cset] GC(367) Pruned 10 regions out of 38, leaving 6058792 bytes waste (allowed 6710886)
[2024-10-12T10:23:01.390+0800][debug][gc,ergo,cset] Preventive GC, insufficient free regions. Predicted need 4. Curr Eden 1 (Pred 2). Curr Survivor 1 (Pred 1). Curr Old 53 (Pred 1) Free 4 Alloc 1
[2024-10-12T10:23:01.391+0800][debug][gc,ergo,cset] GC(369) Start adding old regions to collection set. Min 4 regions, max 7 regions, time remaining 49.19ms, optional threshold 9.84ms
[2024-10-12T10:23:01.391+0800][debug][gc,ergo,cset] GC(369) Finish adding old regions to collection set (Maximum number of regions). Initial 7 regions, optional 0 regions
[2024-10-12T10:23:01.391+0800][debug][gc,ergo,cset] GC(369) Finish choosing collection set old regions. Initial: 7, optional: 0, predicted old time: 0.00ms, predicted optional time: 0.00ms, time remaining: 48.79
[2024-10-12T10:23:01.495+0800][debug][gc,ergo,cset] GC(370) Start adding old regions to collection set. Min 4 regions, max 7 regions, time remaining 48.97ms, optional threshold 9.79ms
[2024-10-12T10:23:01.495+0800][debug][gc,ergo,cset] GC(370) Finish adding old regions to collection set (Maximum number of regions). Initial 7 regions, optional 0 regions
[2024-10-12T10:23:01.495+0800][debug][gc,ergo,cset] GC(370) Finish choosing collection set old regions. Initial: 7, optional: 0, predicted old time: 0.00ms, predicted optional time: 0.00ms, time remaining: 48.07
[2024-10-12T10:23:01.599+0800][debug][gc,ergo,cset] GC(371) Start adding old regions to collection set. Min 4 regions, max 7 regions, time remaining 48.93ms, optional threshold 9.79ms
[2024-10-12T10:23:01.599+0800][debug][gc,ergo,cset] GC(371) Finish adding old regions to collection set (Maximum number of regions). Initial 7 regions, optional 0 regions
[2024-10-12T10:23:01.599+0800][debug][gc,ergo,cset] GC(371) Finish choosing collection set old regions. Initial: 7, optional: 0, predicted old time: 0.00ms, predicted optional time: 0.00ms, time remaining: 47.89
[2024-10-12T10:23:01.704+0800][debug][gc,ergo,cset] GC(372) Start adding old regions to collection set. Min 4 regions, max 7 regions, time remaining 48.94ms, optional threshold 9.79ms
[2024-10-12T10:23:01.704+0800][debug][gc,ergo,cset] GC(372) Old candidate collection set empty.
[2024-10-12T10:23:01.704+0800][debug][gc,ergo,cset] GC(372) Finish choosing collection set old regions. Initial: 7, optional: 0, predicted old time: 0.00ms, predicted optional time: 0.00ms, time remaining: 47.73
[2024-10-12T10:23:02.027+0800][debug][gc,ergo,cset] GC(376) Pruned 9 regions out of 41, leaving 6389520 bytes waste (allowed 6710886)
[2024-10-12T10:23:02.234+0800][debug][gc,ergo,cset] Preventive GC, insufficient free regions. Predicted need 5. Curr Eden 1 (Pred 2). Curr Survivor 1 (Pred 1). Curr Old 53 (Pred 2) Free 4 Alloc 1
[2024-10-12T10:23:02.235+0800][debug][gc,ergo,cset] GC(378) Start adding old regions to collection set. Min 4 regions, max 7 regions, time remaining 49.19ms, optional threshold 9.84ms
[2024-10-12T10:23:02.235+0800][debug][gc,ergo,cset] GC(378) Finish adding old regions to collection set (Maximum number of regions). Initial 7 regions, optional 0 regions
[2024-10-12T10:23:02.235+0800][debug][gc,ergo,cset] GC(378) Finish choosing collection set old regions. Initial: 7, optional: 0, predicted old time: 0.00ms, predicted optional time: 0.00ms, time remaining: 48.60
[2024-10-12T10:23:02.339+0800][debug][gc,ergo,cset] GC(379) Start adding old regions to collection set. Min 4 regions, max 7 regions, time remaining 48.98ms, optional threshold 9.80ms
[2024-10-12T10:23:02.339+0800][debug][gc,ergo,cset] GC(379) Finish adding old regions to collection set (Maximum number of regions). Initial 7 regions, optional 0 regions
[2024-10-12T10:23:02.339+0800][debug][gc,ergo,cset] GC(379) Finish choosing collection set old regions. Initial: 7, optional: 0, predicted old time: 0.00ms, predicted optional time: 0.00ms, time remaining: 48.13
[2024-10-12T10:23:02.443+0800][debug][gc,ergo,cset] GC(380) Start adding old regions to collection set. Min 4 regions, max 7 regions, time remaining 48.94ms, optional threshold 9.79ms
[2024-10-12T10:23:02.443+0800][debug][gc,ergo,cset] GC(380) Finish adding old regions to collection set (Maximum number of regions). Initial 7 regions, optional 0 regions
[2024-10-12T10:23:02.443+0800][debug][gc,ergo,cset] GC(380) Finish choosing collection set old regions. Initial: 7, optional: 0, predicted old time: 0.00ms, predicted optional time: 0.00ms, time remaining: 47.86
[2024-10-12T10:23:02.549+0800][debug][gc,ergo,cset] GC(381) Start adding old regions to collection set. Min 4 regions, max 7 regions, time remaining 48.94ms, optional threshold 9.79ms
[2024-10-12T10:23:02.549+0800][debug][gc,ergo,cset] GC(381) Finish adding old regions to collection set (Maximum number of regions). Initial 7 regions, optional 0 regions
[2024-10-12T10:23:02.549+0800][debug][gc,ergo,cset] GC(381) Finish choosing collection set old regions. Initial: 7, optional: 0, predicted old time: 0.00ms, predicted optional time: 0.00ms, time remaining: 47.77
[2024-10-12T10:23:02.653+0800][debug][gc,ergo,cset] GC(382) Start adding old regions to collection set. Min 4 regions, max 7 regions, time remaining 48.92ms, optional threshold 9.78ms
[2024-10-12T10:23:02.653+0800][debug][gc,ergo,cset] GC(382) Old candidate collection set empty.
[2024-10-12T10:23:02.653+0800][debug][gc,ergo,cset] GC(382) Finish choosing collection set old regions. Initial: 4, optional: 0, predicted old time: 0.00ms, predicted optional time: 0.00ms, time remaining: 48.21
[2024-10-12T10:23:02.976+0800][debug][gc,ergo,cset] GC(386) Pruned 10 regions out of 41, leaving 6064824 bytes waste (allowed 6710886)
[2024-10-12T10:23:03.121+0800][debug][gc,ergo,cset] Preventive GC, insufficient free regions. Predicted need 4. Curr Eden 2 (Pred 3). Curr Survivor 1 (Pred 1). Curr Old 52 (Pred 0) Free 4 Alloc 1
[2024-10-12T10:23:03.184+0800][debug][gc,ergo,cset] Preventive GC, insufficient free regions. Predicted need 5. Curr Eden 1 (Pred 2). Curr Survivor 1 (Pred 1). Curr Old 54 (Pred 2) Free 3 Alloc 1
[2024-10-12T10:23:03.184+0800][debug][gc,ergo,cset] GC(388) Start adding old regions to collection set. Min 4 regions, max 7 regions, time remaining 49.18ms, optional threshold 9.84ms
[2024-10-12T10:23:03.184+0800][debug][gc,ergo,cset] GC(388) Finish adding old regions to collection set (Maximum number of regions). Initial 7 regions, optional 0 regions
[2024-10-12T10:23:03.184+0800][debug][gc,ergo,cset] GC(388) Finish choosing collection set old regions. Initial: 7, optional: 0, predicted old time: 0.00ms, predicted optional time: 0.00ms, time remaining: 48.54
[2024-10-12T10:23:03.227+0800][debug][gc,ergo,cset] Preventive GC, insufficient free regions. Predicted need 6. Curr Eden 1 (Pred 2). Curr Survivor 1 (Pred 1). Curr Old 53 (Pred 3) Free 4 Alloc 1
[2024-10-12T10:23:03.228+0800][debug][gc,ergo,cset] GC(389) Start adding old regions to collection set. Min 4 regions, max 7 regions, time remaining 49.12ms, optional threshold 9.82ms
[2024-10-12T10:23:03.228+0800][debug][gc,ergo,cset] GC(389) Finish adding old regions to collection set (Maximum number of regions). Initial 7 regions, optional 0 regions
[2024-10-12T10:23:03.228+0800][debug][gc,ergo,cset] GC(389) Finish choosing collection set old regions. Initial: 7, optional: 0, predicted old time: 0.00ms, predicted optional time: 0.00ms, time remaining: 48.18
[2024-10-12T10:23:03.291+0800][debug][gc,ergo,cset] Preventive GC, insufficient free regions. Predicted need 6. Curr Eden 1 (Pred 2). Curr Survivor 1 (Pred 1). Curr Old 56 (Pred 3) Free 1 Alloc 1
[2024-10-12T10:23:03.291+0800][debug][gc,ergo,cset] GC(390) Start adding old regions to collection set. Min 4 regions, max 7 regions, time remaining 49.13ms, optional threshold 9.83ms
[2024-10-12T10:23:03.291+0800][debug][gc,ergo,cset] GC(390) Finish adding old regions to collection set (Maximum number of regions). Initial 7 regions, optional 0 regions
[2024-10-12T10:23:03.291+0800][debug][gc,ergo,cset] GC(390) Finish choosing collection set old regions. Initial: 7, optional: 0, predicted old time: 0.00ms, predicted optional time: 0.00ms, time remaining: 47.97
[2024-10-12T10:23:03.334+0800][debug][gc,ergo,cset] GC(391) Start adding old regions to collection set. Min 4 regions, max 7 regions, time remaining 48.97ms, optional threshold 9.79ms
[2024-10-12T10:23:03.334+0800][debug][gc,ergo,cset] GC(391) Finish adding old regions to collection set (Maximum number of regions). Initial 7 regions, optional 0 regions
[2024-10-12T10:23:03.334+0800][debug][gc,ergo,cset] GC(391) Finish choosing collection set old regions. Initial: 7, optional: 0, predicted old time: 0.00ms, predicted optional time: 0.00ms, time remaining: 47.83
[2024-10-12T10:23:03.945+0800][debug][gc,ergo,cset] GC(398) Pruned 11 regions out of 33, leaving 6214064 bytes waste (allowed 6710886)
[2024-10-12T10:23:04.194+0800][debug][gc,ergo,cset] Preventive GC, insufficient free regions. Predicted need 5. Curr Eden 2 (Pred 3). Curr Survivor 1 (Pred 1). Curr Old 51 (Pred 1) Free 5 Alloc 1
[2024-10-12T10:23:04.194+0800][debug][gc,ergo,cset] GC(400) Start adding old regions to collection set. Min 3 regions, max 7 regions, time remaining 49.01ms, optional threshold 9.80ms
[2024-10-12T10:23:04.194+0800][debug][gc,ergo,cset] GC(400) Finish adding old regions to collection set (Maximum number of regions). Initial 7 regions, optional 0 regions
[2024-10-12T10:23:04.194+0800][debug][gc,ergo,cset] GC(400) Finish choosing collection set old regions. Initial: 7, optional: 0, predicted old time: 0.00ms, predicted optional time: 0.00ms, time remaining: 48.40
[2024-10-12T10:23:04.298+0800][debug][gc,ergo,cset] GC(401) Start adding old regions to collection set. Min 3 regions, max 7 regions, time remaining 48.98ms, optional threshold 9.80ms
[2024-10-12T10:23:04.298+0800][debug][gc,ergo,cset] GC(401) Finish adding old regions to collection set (Maximum number of regions). Initial 7 regions, optional 0 regions
[2024-10-12T10:23:04.298+0800][debug][gc,ergo,cset] GC(401) Finish choosing collection set old regions. Initial: 7, optional: 0, predicted old time: 0.00ms, predicted optional time: 0.00ms, time remaining: 48.03
[2024-10-12T10:23:04.403+0800][debug][gc,ergo,cset] GC(402) Start adding old regions to collection set. Min 3 regions, max 7 regions, time remaining 48.98ms, optional threshold 9.80ms
[2024-10-12T10:23:04.403+0800][debug][gc,ergo,cset] GC(402) Finish adding old regions to collection set (Maximum number of regions). Initial 7 regions, optional 0 regions
[2024-10-12T10:23:04.403+0800][debug][gc,ergo,cset] GC(402) Finish choosing collection set old regions. Initial: 7, optional: 0, predicted old time: 0.00ms, predicted optional time: 0.00ms, time remaining: 47.79
[2024-10-12T10:23:04.508+0800][debug][gc,ergo,cset] GC(403) Start adding old regions to collection set. Min 3 regions, max 7 regions, time remaining 48.95ms, optional threshold 9.79ms
[2024-10-12T10:23:04.508+0800][debug][gc,ergo,cset] GC(403) Old candidate collection set empty.
[2024-10-12T10:23:04.508+0800][debug][gc,ergo,cset] GC(403) Finish choosing collection set old regions. Initial: 1, optional: 0, predicted old time: 0.00ms, predicted optional time: 0.00ms, time remaining: 48.78
[2024-10-12T10:23:04.727+0800][debug][gc,ergo,cset] GC(407) Pruned 12 regions out of 39, leaving 6419392 bytes waste (allowed 6710886)
[2024-10-12T10:23:04.996+0800][debug][gc,ergo,cset] Preventive GC, insufficient free regions. Predicted need 5. Curr Eden 2 (Pred 3). Curr Survivor 1 (Pred 1). Curr Old 52 (Pred 1) Free 4 Alloc 1
[2024-10-12T10:23:04.996+0800][debug][gc,ergo,cset] GC(409) Start adding old regions to collection set. Min 4 regions, max 7 regions, time remaining 49.01ms, optional threshold 9.80ms
[2024-10-12T10:23:04.996+0800][debug][gc,ergo,cset] GC(409) Finish adding old regions to collection set (Maximum number of regions). Initial 7 regions, optional 0 regions
[2024-10-12T10:23:04.996+0800][debug][gc,ergo,cset] GC(409) Finish choosing collection set old regions. Initial: 7, optional: 0, predicted old time: 0.00ms, predicted optional time: 0.00ms, time remaining: 48.18
[2024-10-12T10:23:05.100+0800][debug][gc,ergo,cset] Preventive GC, insufficient free regions. Predicted need 6. Curr Eden 2 (Pred 3). Curr Survivor 1 (Pred 1). Curr Old 50 (Pred 2) Free 6 Alloc 1
[2024-10-12T10:23:05.100+0800][debug][gc,ergo,cset] GC(410) Start adding old regions to collection set. Min 4 regions, max 7 regions, time remaining 49.00ms, optional threshold 9.80ms
[2024-10-12T10:23:05.100+0800][debug][gc,ergo,cset] GC(410) Finish adding old regions to collection set (Maximum number of regions). Initial 7 regions, optional 0 regions
[2024-10-12T10:23:05.100+0800][debug][gc,ergo,cset] GC(410) Finish choosing collection set old regions. Initial: 7, optional: 0, predicted old time: 0.00ms, predicted optional time: 0.00ms, time remaining: 47.92
[2024-10-12T10:23:05.205+0800][debug][gc,ergo,cset] GC(411) Start adding old regions to collection set. Min 4 regions, max 7 regions, time remaining 48.96ms, optional threshold 9.79ms
[2024-10-12T10:23:05.205+0800][debug][gc,ergo,cset] GC(411) Finish adding old regions to collection set (Maximum number of regions). Initial 7 regions, optional 0 regions
[2024-10-12T10:23:05.205+0800][debug][gc,ergo,cset] GC(411) Finish choosing collection set old regions. Initial: 7, optional: 0, predicted old time: 0.00ms, predicted optional time: 0.00ms, time remaining: 47.66
[2024-10-12T10:23:05.310+0800][debug][gc,ergo,cset] GC(412) Start adding old regions to collection set. Min 4 regions, max 7 regions, time remaining 48.97ms, optional threshold 9.79ms
[2024-10-12T10:23:05.310+0800][debug][gc,ergo,cset] GC(412) Old candidate collection set empty.
[2024-10-12T10:23:05.310+0800][debug][gc,ergo,cset] GC(412) Finish choosing collection set old regions. Initial: 6, optional: 0, predicted old time: 0.00ms, predicted optional time: 0.00ms, time remaining: 47.78
[2024-10-12T10:23:05.529+0800][debug][gc,ergo,cset] GC(415) Pruned 12 regions out of 41, leaving 6476560 bytes waste (allowed 6710886)
[2024-10-12T10:23:05.736+0800][debug][gc,ergo,cset] Preventive GC, insufficient free regions. Predicted need 5. Curr Eden 1 (Pred 2). Curr Survivor 1 (Pred 2). Curr Old 53 (Pred 2) Free 4 Alloc 1
[2024-10-12T10:23:05.736+0800][debug][gc,ergo,cset] GC(417) Start adding old regions to collection set. Min 4 regions, max 7 regions, time remaining 49.18ms, optional threshold 9.84ms
[2024-10-12T10:23:05.736+0800][debug][gc,ergo,cset] GC(417) Finish adding old regions to collection set (Maximum number of regions). Initial 7 regions, optional 0 regions
[2024-10-12T10:23:05.736+0800][debug][gc,ergo,cset] GC(417) Finish choosing collection set old regions. Initial: 7, optional: 0, predicted old time: 0.00ms, predicted optional time: 0.00ms, time remaining: 48.50
[2024-10-12T10:23:05.840+0800][debug][gc,ergo,cset] GC(418) Start adding old regions to collection set. Min 4 regions, max 7 regions, time remaining 48.95ms, optional threshold 9.79ms
[2024-10-12T10:23:05.840+0800][debug][gc,ergo,cset] GC(418) Finish adding old regions to collection set (Maximum number of regions). Initial 7 regions, optional 0 regions
[2024-10-12T10:23:05.840+0800][debug][gc,ergo,cset] GC(418) Finish choosing collection set old regions. Initial: 7, optional: 0, predicted old time: 0.00ms, predicted optional time: 0.00ms, time remaining: 47.90
[2024-10-12T10:23:05.945+0800][debug][gc,ergo,cset] GC(419) Start adding old regions to collection set. Min 4 regions, max 7 regions, time remaining 48.92ms, optional threshold 9.78ms
[2024-10-12T10:23:05.945+0800][debug][gc,ergo,cset] GC(419) Finish adding old regions to collection set (Maximum number of regions). Initial 7 regions, optional 0 regions
[2024-10-12T10:23:05.945+0800][debug][gc,ergo,cset] GC(419) Finish choosing collection set old regions. Initial: 7, optional: 0, predicted old time: 0.00ms, predicted optional time: 0.00ms, time remaining: 47.76
[2024-10-12T10:23:06.050+0800][debug][gc,ergo,cset] GC(420) Start adding old regions to collection set. Min 4 regions, max 7 regions, time remaining 48.93ms, optional threshold 9.79ms
[2024-10-12T10:23:06.050+0800][debug][gc,ergo,cset] GC(420) Finish adding old regions to collection set (Maximum number of regions). Initial 7 regions, optional 0 regions
[2024-10-12T10:23:06.050+0800][debug][gc,ergo,cset] GC(420) Finish choosing collection set old regions. Initial: 7, optional: 0, predicted old time: 0.00ms, predicted optional time: 0.00ms, time remaining: 47.69
[2024-10-12T10:23:06.155+0800][debug][gc,ergo,cset] GC(421) Start adding old regions to collection set. Min 4 regions, max 7 regions, time remaining 48.94ms, optional threshold 9.79ms
[2024-10-12T10:23:06.155+0800][debug][gc,ergo,cset] GC(421) Old candidate collection set empty.
[2024-10-12T10:23:06.155+0800][debug][gc,ergo,cset] GC(421) Finish choosing collection set old regions. Initial: 1, optional: 0, predicted old time: 0.00ms, predicted optional time: 0.00ms, time remaining: 48.74
[2024-10-12T10:23:06.373+0800][debug][gc,ergo,cset] GC(424) Pruned 10 regions out of 43, leaving 6017776 bytes waste (allowed 6710886)
[2024-10-12T10:23:06.517+0800][debug][gc,ergo,cset] Preventive GC, insufficient free regions. Predicted need 4. Curr Eden 2 (Pred 3). Curr Survivor 1 (Pred 2). Curr Old 52 (Pred 0) Free 4 Alloc 1
[2024-10-12T10:23:06.580+0800][debug][gc,ergo,cset] Preventive GC, insufficient free regions. Predicted need 5. Curr Eden 1 (Pred 2). Curr Survivor 1 (Pred 2). Curr Old 54 (Pred 2) Free 3 Alloc 1
[2024-10-12T10:23:06.580+0800][debug][gc,ergo,cset] GC(426) Start adding old regions to collection set. Min 5 regions, max 7 regions, time remaining 49.22ms, optional threshold 9.84ms
[2024-10-12T10:23:06.580+0800][debug][gc,ergo,cset] GC(426) Finish adding old regions to collection set (Maximum number of regions). Initial 7 regions, optional 0 regions
[2024-10-12T10:23:06.580+0800][debug][gc,ergo,cset] GC(426) Finish choosing collection set old regions. Initial: 7, optional: 0, predicted old time: 0.00ms, predicted optional time: 0.00ms, time remaining: 48.38
[2024-10-12T10:23:06.623+0800][debug][gc,ergo,cset] Preventive GC, insufficient free regions. Predicted need 6. Curr Eden 1 (Pred 2). Curr Survivor 1 (Pred 1). Curr Old 53 (Pred 3) Free 4 Alloc 1
[2024-10-12T10:23:06.623+0800][debug][gc,ergo,cset] GC(427) Start adding old regions to collection set. Min 5 regions, max 7 regions, time remaining 49.20ms, optional threshold 9.84ms
[2024-10-12T10:23:06.623+0800][debug][gc,ergo,cset] GC(427) Finish adding old regions to collection set (Maximum number of regions). Initial 7 regions, optional 0 regions
[2024-10-12T10:23:06.623+0800][debug][gc,ergo,cset] GC(427) Finish choosing collection set old regions. Initial: 7, optional: 0, predicted old time: 0.00ms, predicted optional time: 0.00ms, time remaining: 48.16
[2024-10-12T10:23:06.686+0800][debug][gc,ergo,cset] Preventive GC, insufficient free regions. Predicted need 7. Curr Eden 1 (Pred 2). Curr Survivor 1 (Pred 1). Curr Old 55 (Pred 4) Free 2 Alloc 1
[2024-10-12T10:23:06.687+0800][debug][gc,ergo,cset] GC(428) Start adding old regions to collection set. Min 5 regions, max 7 regions, time remaining 49.18ms, optional threshold 9.84ms
[2024-10-12T10:23:06.687+0800][debug][gc,ergo,cset] GC(428) Finish adding old regions to collection set (Maximum number of regions). Initial 7 regions, optional 0 regions
[2024-10-12T10:23:06.687+0800][debug][gc,ergo,cset] GC(428) Finish choosing collection set old regions. Initial: 7, optional: 0, predicted old time: 0.00ms, predicted optional time: 0.00ms, time remaining: 48.08
[2024-10-12T10:23:06.729+0800][debug][gc,ergo,cset] GC(429) Start adding old regions to collection set. Min 5 regions, max 7 regions, time remaining 49.18ms, optional threshold 9.84ms
[2024-10-12T10:23:06.729+0800][debug][gc,ergo,cset] GC(429) Finish adding old regions to collection set (Maximum number of regions). Initial 7 regions, optional 0 regions
[2024-10-12T10:23:06.729+0800][debug][gc,ergo,cset] GC(429) Finish choosing collection set old regions. Initial: 7, optional: 0, predicted old time: 0.00ms, predicted optional time: 0.00ms, time remaining: 47.92
[2024-10-12T10:23:07.238+0800][debug][gc,ergo,cset] GC(435) Pruned 10 regions out of 32, leaving 6287848 bytes waste (allowed 6710886)
[2024-10-12T10:23:07.484+0800][debug][gc,ergo,cset] GC(437) Start adding old regions to collection set. Min 3 regions, max 7 regions, time remaining 48.99ms, optional threshold 9.80ms
[2024-10-12T10:23:07.484+0800][debug][gc,ergo,cset] GC(437) Finish adding old regions to collection set (Maximum number of regions). Initial 7 regions, optional 0 regions
[2024-10-12T10:23:07.484+0800][debug][gc,ergo,cset] GC(437) Finish choosing collection set old regions. Initial: 7, optional: 0, predicted old time: 0.00ms, predicted optional time: 0.00ms, time remaining: 48.14
[2024-10-12T10:23:07.589+0800][debug][gc,ergo,cset] GC(438) Start adding old regions to collection set. Min 3 regions, max 7 regions, time remaining 48.93ms, optional threshold 9.79ms
[2024-10-12T10:23:07.589+0800][debug][gc,ergo,cset] GC(438) Finish adding old regions to collection set (Maximum number of regions). Initial 7 regions, optional 0 regions
[2024-10-12T10:23:07.589+0800][debug][gc,ergo,cset] GC(438) Finish choosing collection set old regions. Initial: 7, optional: 0, predicted old time: 0.00ms, predicted optional time: 0.00ms, time remaining: 47.75
[2024-10-12T10:23:07.694+0800][debug][gc,ergo,cset] GC(439) Start adding old regions to collection set. Min 3 regions, max 7 regions, time remaining 48.93ms, optional threshold 9.79ms
[2024-10-12T10:23:07.694+0800][debug][gc,ergo,cset] GC(439) Finish adding old regions to collection set (Maximum number of regions). Initial 7 regions, optional 0 regions
[2024-10-12T10:23:07.694+0800][debug][gc,ergo,cset] GC(439) Finish choosing collection set old regions. Initial: 7, optional: 0, predicted old time: 0.00ms, predicted optional time: 0.00ms, time remaining: 47.56
[2024-10-12T10:23:07.798+0800][debug][gc,ergo,cset] GC(440) Start adding old regions to collection set. Min 3 regions, max 7 regions, time remaining 48.95ms, optional threshold 9.79ms
[2024-10-12T10:23:07.798+0800][debug][gc,ergo,cset] GC(440) Old candidate collection set empty.
[2024-10-12T10:23:07.798+0800][debug][gc,ergo,cset] GC(440) Finish choosing collection set old regions. Initial: 1, optional: 0, predicted old time: 0.00ms, predicted optional time: 0.00ms, time remaining: 48.75
[2024-10-12T10:23:08.121+0800][debug][gc,ergo,cset] GC(444) Pruned 12 regions out of 44, leaving 6487520 bytes waste (allowed 6710886)
[2024-10-12T10:23:08.264+0800][debug][gc,ergo,cset] Preventive GC, insufficient free regions. Predicted need 4. Curr Eden 2 (Pred 3). Curr Survivor 1 (Pred 1). Curr Old 52 (Pred 0) Free 4 Alloc 1
[2024-10-12T10:23:08.327+0800][debug][gc,ergo,cset] Preventive GC, insufficient free regions. Predicted need 4. Curr Eden 1 (Pred 2). Curr Survivor 1 (Pred 1). Curr Old 54 (Pred 1) Free 3 Alloc 1
[2024-10-12T10:23:08.327+0800][debug][gc,ergo,cset] GC(446) Start adding old regions to collection set. Min 4 regions, max 7 regions, time remaining 49.21ms, optional threshold 9.84ms
[2024-10-12T10:23:08.327+0800][debug][gc,ergo,cset] GC(446) Finish adding old regions to collection set (Maximum number of regions). Initial 7 regions, optional 0 regions
[2024-10-12T10:23:08.327+0800][debug][gc,ergo,cset] GC(446) Finish choosing collection set old regions. Initial: 7, optional: 0, predicted old time: 0.00ms, predicted optional time: 0.00ms, time remaining: 48.42
[2024-10-12T10:23:08.431+0800][debug][gc,ergo,cset] Preventive GC, insufficient free regions. Predicted need 6. Curr Eden 2 (Pred 3). Curr Survivor 1 (Pred 1). Curr Old 51 (Pred 2) Free 5 Alloc 1
[2024-10-12T10:23:08.431+0800][debug][gc,ergo,cset] GC(447) Start adding old regions to collection set. Min 4 regions, max 7 regions, time remaining 48.97ms, optional threshold 9.79ms
[2024-10-12T10:23:08.431+0800][debug][gc,ergo,cset] GC(447) Finish adding old regions to collection set (Maximum number of regions). Initial 7 regions, optional 0 regions
[2024-10-12T10:23:08.431+0800][debug][gc,ergo,cset] GC(447) Finish choosing collection set old regions. Initial: 7, optional: 0, predicted old time: 0.00ms, predicted optional time: 0.00ms, time remaining: 48.01
[2024-10-12T10:23:08.494+0800][debug][gc,ergo,cset] Preventive GC, insufficient free regions. Predicted need 5. Curr Eden 1 (Pred 2). Curr Survivor 1 (Pred 1). Curr Old 53 (Pred 2) Free 4 Alloc 1
[2024-10-12T10:23:08.495+0800][debug][gc,ergo,cset] GC(448) Start adding old regions to collection set. Min 4 regions, max 7 regions, time remaining 49.18ms, optional threshold 9.84ms
[2024-10-12T10:23:08.495+0800][debug][gc,ergo,cset] GC(448) Finish adding old regions to collection set (Maximum number of regions). Initial 7 regions, optional 0 regions
[2024-10-12T10:23:08.495+0800][debug][gc,ergo,cset] GC(448) Finish choosing collection set old regions. Initial: 7, optional: 0, predicted old time: 0.00ms, predicted optional time: 0.00ms, time remaining: 47.98
[2024-10-12T10:23:08.537+0800][debug][gc,ergo,cset] Preventive GC, insufficient free regions. Predicted need 6. Curr Eden 1 (Pred 2). Curr Survivor 1 (Pred 1). Curr Old 56 (Pred 3) Free 1 Alloc 1
[2024-10-12T10:23:08.538+0800][debug][gc,ergo,cset] GC(449) Start adding old regions to collection set. Min 4 regions, max 7 regions, time remaining 49.16ms, optional threshold 9.83ms
[2024-10-12T10:23:08.538+0800][debug][gc,ergo,cset] GC(449) Finish adding old regions to collection set (Maximum number of regions). Initial 7 regions, optional 0 regions
[2024-10-12T10:23:08.538+0800][debug][gc,ergo,cset] GC(449) Finish choosing collection set old regions. Initial: 7, optional: 0, predicted old time: 0.00ms, predicted optional time: 0.00ms, time remaining: 47.84
[2024-10-12T10:23:08.601+0800][debug][gc,ergo,cset] GC(450) Start adding old regions to collection set. Min 4 regions, max 7 regions, time remaining 49.17ms, optional threshold 9.83ms
[2024-10-12T10:23:08.601+0800][debug][gc,ergo,cset] GC(450) Old candidate collection set empty.
[2024-10-12T10:23:08.601+0800][debug][gc,ergo,cset] GC(450) Finish choosing collection set old regions. Initial: 4, optional: 0, predicted old time: 0.00ms, predicted optional time: 0.00ms, time remaining: 48.33
[2024-10-12T10:23:09.109+0800][debug][gc,ergo,cset] GC(456) Pruned 12 regions out of 33, leaving 6689360 bytes waste (allowed 6710886)
[2024-10-12T10:23:09.357+0800][debug][gc,ergo,cset] GC(458) Start adding old regions to collection set. Min 3 regions, max 7 regions, time remaining 49.00ms, optional threshold 9.80ms
[2024-10-12T10:23:09.357+0800][debug][gc,ergo,cset] GC(458) Finish adding old regions to collection set (Maximum number of regions). Initial 7 regions, optional 0 regions
[2024-10-12T10:23:09.357+0800][debug][gc,ergo,cset] GC(458) Finish choosing collection set old regions. Initial: 7, optional: 0, predicted old time: 0.00ms, predicted optional time: 0.00ms, time remaining: 48.17
[2024-10-12T10:23:09.461+0800][debug][gc,ergo,cset] GC(459) Start adding old regions to collection set. Min 3 regions, max 7 regions, time remaining 48.97ms, optional threshold 9.79ms
[2024-10-12T10:23:09.461+0800][debug][gc,ergo,cset] GC(459) Finish adding old regions to collection set (Maximum number of regions). Initial 7 regions, optional 0 regions
[2024-10-12T10:23:09.461+0800][debug][gc,ergo,cset] GC(459) Finish choosing collection set old regions. Initial: 7, optional: 0, predicted old time: 0.00ms, predicted optional time: 0.00ms, time remaining: 47.85
[2024-10-12T10:23:09.566+0800][debug][gc,ergo,cset] GC(460) Start adding old regions to collection set. Min 3 regions, max 7 regions, time remaining 48.95ms, optional threshold 9.79ms
[2024-10-12T10:23:09.566+0800][debug][gc,ergo,cset] GC(460) Old candidate collection set empty.
[2024-10-12T10:23:09.566+0800][debug][gc,ergo,cset] GC(460) Finish choosing collection set old regions. Initial: 7, optional: 0, predicted old time: 0.00ms, predicted optional time: 0.00ms, time remaining: 47.59
[2024-10-12T10:23:09.890+0800][debug][gc,ergo,cset] GC(464) Pruned 11 regions out of 41, leaving 6686928 bytes waste (allowed 6710886)
[2024-10-12T10:23:10.137+0800][debug][gc,ergo,cset] Preventive GC, insufficient free regions. Predicted need 5. Curr Eden 2 (Pred 3). Curr Survivor 1 (Pred 1). Curr Old 52 (Pred 1) Free 4 Alloc 1
[2024-10-12T10:23:10.137+0800][debug][gc,ergo,cset] GC(466) Start adding old regions to collection set. Min 4 regions, max 7 regions, time remaining 48.99ms, optional threshold 9.80ms
[2024-10-12T10:23:10.137+0800][debug][gc,ergo,cset] GC(466) Finish adding old regions to collection set (Maximum number of regions). Initial 7 regions, optional 0 regions
[2024-10-12T10:23:10.137+0800][debug][gc,ergo,cset] GC(466) Finish choosing collection set old regions. Initial: 7, optional: 0, predicted old time: 0.00ms, predicted optional time: 0.00ms, time remaining: 48.38
[2024-10-12T10:23:10.200+0800][debug][gc,ergo,cset] Preventive GC, insufficient free regions. Predicted need 6. Curr Eden 1 (Pred 2). Curr Survivor 1 (Pred 1). Curr Old 51 (Pred 3) Free 6 Alloc 1
[2024-10-12T10:23:10.200+0800][debug][gc,ergo,cset] GC(467) Start adding old regions to collection set. Min 4 regions, max 7 regions, time remaining 49.19ms, optional threshold 9.84ms
[2024-10-12T10:23:10.200+0800][debug][gc,ergo,cset] GC(467) Finish adding old regions to collection set (Maximum number of regions). Initial 7 regions, optional 0 regions
[2024-10-12T10:23:10.201+0800][debug][gc,ergo,cset] GC(467) Finish choosing collection set old regions. Initial: 7, optional: 0, predicted old time: 0.00ms, predicted optional time: 0.00ms, time remaining: 48.15
[2024-10-12T10:23:10.305+0800][debug][gc,ergo,cset] Preventive GC, insufficient free regions. Predicted need 7. Curr Eden 2 (Pred 3). Curr Survivor 1 (Pred 1). Curr Old 49 (Pred 3) Free 7 Alloc 1
[2024-10-12T10:23:10.305+0800][debug][gc,ergo,cset] GC(468) Start adding old regions to collection set. Min 4 regions, max 7 regions, time remaining 48.95ms, optional threshold 9.79ms
[2024-10-12T10:23:10.305+0800][debug][gc,ergo,cset] GC(468) Finish adding old regions to collection set (Maximum number of regions). Initial 7 regions, optional 0 regions
[2024-10-12T10:23:10.305+0800][debug][gc,ergo,cset] GC(468) Finish choosing collection set old regions. Initial: 7, optional: 0, predicted old time: 0.00ms, predicted optional time: 0.00ms, time remaining: 47.75
[2024-10-12T10:23:10.410+0800][debug][gc,ergo,cset] Preventive GC, insufficient free regions. Predicted need 7. Curr Eden 2 (Pred 3). Curr Survivor 1 (Pred 1). Curr Old 50 (Pred 3) Free 6 Alloc 1
[2024-10-12T10:23:10.410+0800][debug][gc,ergo,cset] GC(469) Start adding old regions to collection set. Min 4 regions, max 7 regions, time remaining 48.96ms, optional threshold 9.79ms
[2024-10-12T10:23:10.410+0800][debug][gc,ergo,cset] GC(469) Finish adding old regions to collection set (Maximum number of regions). Initial 7 regions, optional 0 regions
[2024-10-12T10:23:10.410+0800][debug][gc,ergo,cset] GC(469) Finish choosing collection set old regions. Initial: 7, optional: 0, predicted old time: 0.00ms, predicted optional time: 0.00ms, time remaining: 47.72
[2024-10-12T10:23:10.474+0800][debug][gc,ergo,cset] Preventive GC, insufficient free regions. Predicted need 5. Curr Eden 1 (Pred 2). Curr Survivor 1 (Pred 1). Curr Old 52 (Pred 2) Free 5 Alloc 1
[2024-10-12T10:23:10.474+0800][debug][gc,ergo,cset] GC(470) Start adding old regions to collection set. Min 4 regions, max 7 regions, time remaining 49.17ms, optional threshold 9.83ms
[2024-10-12T10:23:10.474+0800][debug][gc,ergo,cset] GC(470) Old candidate collection set empty.
[2024-10-12T10:23:10.474+0800][debug][gc,ergo,cset] GC(470) Finish choosing collection set old regions. Initial: 2, optional: 0, predicted old time: 0.00ms, predicted optional time: 0.00ms, time remaining: 48.73
[2024-10-12T10:23:10.578+0800][debug][gc,ergo,cset] Preventive GC, insufficient free regions. Predicted need 4. Curr Eden 2 (Pred 3). Curr Survivor 1 (Pred 1). Curr Old 53 (Pred 0) Free 3 Alloc 1
[2024-10-12T10:23:10.590+0800][debug][gc,ergo,cset] GC(472) Pruned 10 regions out of 45, leaving 6235504 bytes waste (allowed 6710886)
[2024-10-12T10:23:10.692+0800][debug][gc,ergo,cset] Preventive GC, insufficient free regions. Predicted need 3. Curr Eden 1 (Pred 2). Curr Survivor 1 (Pred 1). Curr Old 55 (Pred 0) Free 2 Alloc 1
[2024-10-12T10:23:10.735+0800][debug][gc,ergo,cset] Preventive GC, insufficient free regions. Predicted need 4. Curr Eden 1 (Pred 2). Curr Survivor 1 (Pred 1). Curr Old 56 (Pred 1) Free 1 Alloc 1
[2024-10-12T10:23:10.735+0800][debug][gc,ergo,cset] GC(474) Start adding old regions to collection set. Min 5 regions, max 7 regions, time remaining 49.18ms, optional threshold 9.84ms
[2024-10-12T10:23:10.735+0800][debug][gc,ergo,cset] GC(474) Finish adding old regions to collection set (Maximum number of regions). Initial 7 regions, optional 0 regions
[2024-10-12T10:23:10.735+0800][debug][gc,ergo,cset] GC(474) Finish choosing collection set old regions. Initial: 7, optional: 0, predicted old time: 0.00ms, predicted optional time: 0.00ms, time remaining: 48.71
[2024-10-12T10:23:10.797+0800][debug][gc,ergo,cset] Preventive GC, insufficient free regions. Predicted need 5. Curr Eden 1 (Pred 2). Curr Survivor 1 (Pred 1). Curr Old 55 (Pred 2) Free 2 Alloc 1
[2024-10-12T10:23:10.797+0800][debug][gc,ergo,cset] GC(475) Start adding old regions to collection set. Min 5 regions, max 7 regions, time remaining 49.18ms, optional threshold 9.84ms
[2024-10-12T10:23:10.797+0800][debug][gc,ergo,cset] GC(475) Finish adding old regions to collection set (Maximum number of regions). Initial 7 regions, optional 0 regions
[2024-10-12T10:23:10.798+0800][debug][gc,ergo,cset] GC(475) Finish choosing collection set old regions. Initial: 7, optional: 0, predicted old time: 0.00ms, predicted optional time: 0.00ms, time remaining: 48.46
[2024-10-12T10:23:10.840+0800][debug][gc,ergo,cset] Preventive GC, insufficient free regions. Predicted need 6. Curr Eden 1 (Pred 2). Curr Survivor 1 (Pred 1). Curr Old 56 (Pred 3) Free 1 Alloc 1
[2024-10-12T10:23:10.840+0800][debug][gc,ergo,cset] GC(476) Start adding old regions to collection set. Min 5 regions, max 7 regions, time remaining 49.17ms, optional threshold 9.83ms
[2024-10-12T10:23:10.840+0800][debug][gc,ergo,cset] GC(476) Finish adding old regions to collection set (Maximum number of regions). Initial 7 regions, optional 0 regions
[2024-10-12T10:23:10.840+0800][debug][gc,ergo,cset] GC(476) Finish choosing collection set old regions. Initial: 7, optional: 0, predicted old time: 0.00ms, predicted optional time: 0.00ms, time remaining: 48.13
[2024-10-12T10:23:10.903+0800][debug][gc,ergo,cset] GC(477) Start adding old regions to collection set. Min 5 regions, max 7 regions, time remaining 49.06ms, optional threshold 9.81ms
[2024-10-12T10:23:10.903+0800][debug][gc,ergo,cset] GC(477) Finish adding old regions to collection set (Maximum number of regions). Initial 7 regions, optional 0 regions
[2024-10-12T10:23:10.903+0800][debug][gc,ergo,cset] GC(477) Finish choosing collection set old regions. Initial: 7, optional: 0, predicted old time: 0.00ms, predicted optional time: 0.00ms, time remaining: 47.83
[2024-10-12T10:23:11.451+0800][debug][gc,ergo,cset] GC(484) Pruned 12 regions out of 40, leaving 6262464 bytes waste (allowed 6710886)
[2024-10-12T10:23:11.720+0800][debug][gc,ergo,cset] GC(486) Start adding old regions to collection set. Min 4 regions, max 7 regions, time remaining 49.05ms, optional threshold 9.81ms
[2024-10-12T10:23:11.720+0800][debug][gc,ergo,cset] GC(486) Finish adding old regions to collection set (Maximum number of regions). Initial 7 regions, optional 0 regions
[2024-10-12T10:23:11.720+0800][debug][gc,ergo,cset] GC(486) Finish choosing collection set old regions. Initial: 7, optional: 0, predicted old time: 0.00ms, predicted optional time: 0.00ms, time remaining: 48.13
[2024-10-12T10:23:11.825+0800][debug][gc,ergo,cset] GC(487) Start adding old regions to collection set. Min 4 regions, max 7 regions, time remaining 48.97ms, optional threshold 9.79ms
[2024-10-12T10:23:11.825+0800][debug][gc,ergo,cset] GC(487) Finish adding old regions to collection set (Maximum number of regions). Initial 7 regions, optional 0 regions
[2024-10-12T10:23:11.825+0800][debug][gc,ergo,cset] GC(487) Finish choosing collection set old regions. Initial: 7, optional: 0, predicted old time: 0.00ms, predicted optional time: 0.00ms, time remaining: 47.83
[2024-10-12T10:23:11.930+0800][debug][gc,ergo,cset] GC(488) Start adding old regions to collection set. Min 4 regions, max 7 regions, time remaining 48.95ms, optional threshold 9.79ms
[2024-10-12T10:23:11.930+0800][debug][gc,ergo,cset] GC(488) Finish adding old regions to collection set (Maximum number of regions). Initial 7 regions, optional 0 regions
[2024-10-12T10:23:11.930+0800][debug][gc,ergo,cset] GC(488) Finish choosing collection set old regions. Initial: 7, optional: 0, predicted old time: 0.00ms, predicted optional time: 0.00ms, time remaining: 47.69
[2024-10-12T10:23:12.035+0800][debug][gc,ergo,cset] GC(489) Start adding old regions to collection set. Min 4 regions, max 7 regions, time remaining 48.85ms, optional threshold 9.77ms
[2024-10-12T10:23:12.035+0800][debug][gc,ergo,cset] GC(489) Old candidate collection set empty.
[2024-10-12T10:23:12.035+0800][debug][gc,ergo,cset] GC(489) Finish choosing collection set old regions. Initial: 7, optional: 0, predicted old time: 0.00ms, predicted optional time: 0.00ms, time remaining: 47.42
[2024-10-12T10:23:12.358+0800][debug][gc,ergo,cset] GC(493) Pruned 13 regions out of 42, leaving 6709792 bytes waste (allowed 6710886)
[2024-10-12T10:23:12.564+0800][debug][gc,ergo,cset] Preventive GC, insufficient free regions. Predicted need 4. Curr Eden 1 (Pred 2). Curr Survivor 1 (Pred 1). Curr Old 53 (Pred 1) Free 4 Alloc 1
[2024-10-12T10:23:12.565+0800][debug][gc,ergo,cset] GC(495) Start adding old regions to collection set. Min 4 regions, max 7 regions, time remaining 49.20ms, optional threshold 9.84ms
[2024-10-12T10:23:12.565+0800][debug][gc,ergo,cset] GC(495) Finish adding old regions to collection set (Maximum number of regions). Initial 7 regions, optional 0 regions
[2024-10-12T10:23:12.565+0800][debug][gc,ergo,cset] GC(495) Finish choosing collection set old regions. Initial: 7, optional: 0, predicted old time: 0.00ms, predicted optional time: 0.00ms, time remaining: 48.54
[2024-10-12T10:23:12.669+0800][debug][gc,ergo,cset] GC(496) Start adding old regions to collection set. Min 4 regions, max 7 regions, time remaining 48.95ms, optional threshold 9.79ms
[2024-10-12T10:23:12.669+0800][debug][gc,ergo,cset] GC(496) Finish adding old regions to collection set (Maximum number of regions). Initial 7 regions, optional 0 regions
[2024-10-12T10:23:12.669+0800][debug][gc,ergo,cset] GC(496) Finish choosing collection set old regions. Initial: 7, optional: 0, predicted old time: 0.00ms, predicted optional time: 0.00ms, time remaining: 47.96
[2024-10-12T10:23:12.774+0800][debug][gc,ergo,cset] GC(497) Start adding old regions to collection set. Min 4 regions, max 7 regions, time remaining 48.91ms, optional threshold 9.78ms
[2024-10-12T10:23:12.774+0800][debug][gc,ergo,cset] GC(497) Finish adding old regions to collection set (Maximum number of regions). Initial 7 regions, optional 0 regions
[2024-10-12T10:23:12.774+0800][debug][gc,ergo,cset] GC(497) Finish choosing collection set old regions. Initial: 7, optional: 0, predicted old time: 0.00ms, predicted optional time: 0.00ms, time remaining: 47.78
[2024-10-12T10:23:12.878+0800][debug][gc,ergo,cset] GC(498) Start adding old regions to collection set. Min 4 regions, max 7 regions, time remaining 48.91ms, optional threshold 9.78ms
[2024-10-12T10:23:12.878+0800][debug][gc,ergo,cset] GC(498) Finish adding old regions to collection set (Maximum number of regions). Initial 7 regions, optional 0 regions
[2024-10-12T10:23:12.878+0800][debug][gc,ergo,cset] GC(498) Finish choosing collection set old regions. Initial: 7, optional: 0, predicted old time: 0.00ms, predicted optional time: 0.00ms, time remaining: 47.65
[2024-10-12T10:23:12.983+0800][debug][gc,ergo,cset] GC(499) Start adding old regions to collection set. Min 4 regions, max 7 regions, time remaining 48.92ms, optional threshold 9.78ms
[2024-10-12T10:23:12.983+0800][debug][gc,ergo,cset] GC(499) Old candidate collection set empty.
[2024-10-12T10:23:12.983+0800][debug][gc,ergo,cset] GC(499) Finish choosing collection set old regions. Initial: 1, optional: 0, predicted old time: 0.00ms, predicted optional time: 0.00ms, time remaining: 48.73
[2024-10-12T10:23:13.202+0800][debug][gc,ergo,cset] GC(502) Pruned 12 regions out of 42, leaving 6261328 bytes waste (allowed 6710886)
[2024-10-12T10:23:13.346+0800][debug][gc,ergo,cset] Preventive GC, insufficient free regions. Predicted need 4. Curr Eden 2 (Pred 3). Curr Survivor 1 (Pred 1). Curr Old 52 (Pred 0) Free 4 Alloc 1
[2024-10-12T10:23:13.409+0800][debug][gc,ergo,cset] Preventive GC, insufficient free regions. Predicted need 4. Curr Eden 1 (Pred 2). Curr Survivor 1 (Pred 1). Curr Old 54 (Pred 1) Free 3 Alloc 1
[2024-10-12T10:23:13.409+0800][debug][gc,ergo,cset] GC(504) Start adding old regions to collection set. Min 4 regions, max 7 regions, time remaining 49.19ms, optional threshold 9.84ms
[2024-10-12T10:23:13.409+0800][debug][gc,ergo,cset] GC(504) Finish adding old regions to collection set (Maximum number of regions). Initial 7 regions, optional 0 regions
[2024-10-12T10:23:13.409+0800][debug][gc,ergo,cset] GC(504) Finish choosing collection set old regions. Initial: 7, optional: 0, predicted old time: 0.00ms, predicted optional time: 0.00ms, time remaining: 48.56
[2024-10-12T10:23:13.513+0800][debug][gc,ergo,cset] GC(505) Start adding old regions to collection set. Min 4 regions, max 7 regions, time remaining 48.95ms, optional threshold 9.79ms
[2024-10-12T10:23:13.513+0800][debug][gc,ergo,cset] GC(505) Finish adding old regions to collection set (Maximum number of regions). Initial 7 regions, optional 0 regions
[2024-10-12T10:23:13.514+0800][debug][gc,ergo,cset] GC(505) Finish choosing collection set old regions. Initial: 7, optional: 0, predicted old time: 0.00ms, predicted optional time: 0.00ms, time remaining: 48.03
[2024-10-12T10:23:13.618+0800][debug][gc,ergo,cset] GC(506) Start adding old regions to collection set. Min 4 regions, max 7 regions, time remaining 48.93ms, optional threshold 9.79ms
[2024-10-12T10:23:13.618+0800][debug][gc,ergo,cset] GC(506) Finish adding old regions to collection set (Maximum number of regions). Initial 7 regions, optional 0 regions
[2024-10-12T10:23:13.618+0800][debug][gc,ergo,cset] GC(506) Finish choosing collection set old regions. Initial: 7, optional: 0, predicted old time: 0.00ms, predicted optional time: 0.00ms, time remaining: 47.74
[2024-10-12T10:23:13.723+0800][debug][gc,ergo,cset] GC(507) Start adding old regions to collection set. Min 4 regions, max 7 regions, time remaining 48.95ms, optional threshold 9.79ms
[2024-10-12T10:23:13.723+0800][debug][gc,ergo,cset] GC(507) Finish adding old regions to collection set (Maximum number of regions). Initial 7 regions, optional 0 regions
[2024-10-12T10:23:13.723+0800][debug][gc,ergo,cset] GC(507) Finish choosing collection set old regions. Initial: 7, optional: 0, predicted old time: 0.00ms, predicted optional time: 0.00ms, time remaining: 47.68
[2024-10-12T10:23:13.828+0800][debug][gc,ergo,cset] GC(508) Start adding old regions to collection set. Min 4 regions, max 7 regions, time remaining 48.93ms, optional threshold 9.79ms
[2024-10-12T10:23:13.828+0800][debug][gc,ergo,cset] GC(508) Old candidate collection set empty.
[2024-10-12T10:23:13.828+0800][debug][gc,ergo,cset] GC(508) Finish choosing collection set old regions. Initial: 2, optional: 0, predicted old time: 0.00ms, predicted optional time: 0.00ms, time remaining: 48.53
[2024-10-12T10:23:14.154+0800][debug][gc,ergo,cset] GC(512) Pruned 11 regions out of 40, leaving 6083360 bytes waste (allowed 6710886)
[2024-10-12T10:23:14.375+0800][debug][gc,ergo,cset] Preventive GC, insufficient free regions. Predicted need 4. Curr Eden 1 (Pred 2). Curr Survivor 1 (Pred 1). Curr Old 53 (Pred 1) Free 4 Alloc 1
[2024-10-12T10:23:14.376+0800][debug][gc,ergo,cset] GC(514) Start adding old regions to collection set. Min 4 regions, max 7 regions, time remaining 48.28ms, optional threshold 9.66ms
[2024-10-12T10:23:14.376+0800][debug][gc,ergo,cset] GC(514) Finish adding old regions to collection set (Maximum number of regions). Initial 7 regions, optional 0 regions
[2024-10-12T10:23:14.376+0800][debug][gc,ergo,cset] GC(514) Finish choosing collection set old regions. Initial: 7, optional: 0, predicted old time: 0.00ms, predicted optional time: 0.00ms, time remaining: 46.50
[2024-10-12T10:23:14.483+0800][debug][gc,ergo,cset] GC(515) Start adding old regions to collection set. Min 4 regions, max 7 regions, time remaining 47.07ms, optional threshold 9.41ms
[2024-10-12T10:23:14.483+0800][debug][gc,ergo,cset] GC(515) Finish adding old regions to collection set (Maximum number of regions). Initial 7 regions, optional 0 regions
[2024-10-12T10:23:14.483+0800][debug][gc,ergo,cset] GC(515) Finish choosing collection set old regions. Initial: 7, optional: 0, predicted old time: 0.00ms, predicted optional time: 0.00ms, time remaining: 43.74
[2024-10-12T10:23:14.593+0800][debug][gc,ergo,cset] GC(516) Start adding old regions to collection set. Min 4 regions, max 7 regions, time remaining 46.75ms, optional threshold 9.35ms
[2024-10-12T10:23:14.593+0800][debug][gc,ergo,cset] GC(516) Finish adding old regions to collection set (Maximum number of regions). Initial 7 regions, optional 0 regions
[2024-10-12T10:23:14.593+0800][debug][gc,ergo,cset] GC(516) Finish choosing collection set old regions. Initial: 7, optional: 0, predicted old time: 0.00ms, predicted optional time: 0.00ms, time remaining: 42.62
[2024-10-12T10:23:14.703+0800][debug][gc,ergo,cset] GC(517) Start adding old regions to collection set. Min 4 regions, max 7 regions, time remaining 46.74ms, optional threshold 9.35ms
[2024-10-12T10:23:14.703+0800][debug][gc,ergo,cset] GC(517) Finish adding old regions to collection set (Maximum number of regions). Initial 7 regions, optional 0 regions
[2024-10-12T10:23:14.703+0800][debug][gc,ergo,cset] GC(517) Finish choosing collection set old regions. Initial: 7, optional: 0, predicted old time: 0.00ms, predicted optional time: 0.00ms, time remaining: 41.80
[2024-10-12T10:23:14.813+0800][debug][gc,ergo,cset] GC(518) Start adding old regions to collection set. Min 4 regions, max 7 regions, time remaining 46.73ms, optional threshold 9.35ms
[2024-10-12T10:23:14.813+0800][debug][gc,ergo,cset] GC(518) Old candidate collection set empty.
[2024-10-12T10:23:14.813+0800][debug][gc,ergo,cset] GC(518) Finish choosing collection set old regions. Initial: 1, optional: 0, predicted old time: 0.00ms, predicted optional time: 0.00ms, time remaining: 45.97
[2024-10-12T10:23:15.141+0800][debug][gc,ergo,cset] GC(522) Pruned 10 regions out of 42, leaving 6049912 bytes waste (allowed 6710886)
[2024-10-12T10:23:15.283+0800][debug][gc,ergo,cset] Preventive GC, insufficient free regions. Predicted need 4. Curr Eden 2 (Pred 3). Curr Survivor 1 (Pred 1). Curr Old 52 (Pred 0) Free 4 Alloc 1
[2024-10-12T10:23:15.347+0800][debug][gc,ergo,cset] Preventive GC, insufficient free regions. Predicted need 4. Curr Eden 1 (Pred 2). Curr Survivor 1 (Pred 1). Curr Old 54 (Pred 1) Free 3 Alloc 1
[2024-10-12T10:23:15.347+0800][debug][gc,ergo,cset] GC(524) Start adding old regions to collection set. Min 4 regions, max 7 regions, time remaining 48.52ms, optional threshold 9.70ms
[2024-10-12T10:23:15.347+0800][debug][gc,ergo,cset] GC(524) Finish adding old regions to collection set (Maximum number of regions). Initial 7 regions, optional 0 regions
[2024-10-12T10:23:15.347+0800][debug][gc,ergo,cset] GC(524) Finish choosing collection set old regions. Initial: 7, optional: 0, predicted old time: 0.00ms, predicted optional time: 0.00ms, time remaining: 47.31
[2024-10-12T10:23:15.452+0800][debug][gc,ergo,cset] Preventive GC, insufficient free regions. Predicted need 6. Curr Eden 2 (Pred 3). Curr Survivor 1 (Pred 1). Curr Old 51 (Pred 2) Free 5 Alloc 1
[2024-10-12T10:23:15.452+0800][debug][gc,ergo,cset] GC(525) Start adding old regions to collection set. Min 4 regions, max 7 regions, time remaining 47.92ms, optional threshold 9.58ms
[2024-10-12T10:23:15.452+0800][debug][gc,ergo,cset] GC(525) Finish adding old regions to collection set (Maximum number of regions). Initial 7 regions, optional 0 regions
[2024-10-12T10:23:15.452+0800][debug][gc,ergo,cset] GC(525) Finish choosing collection set old regions. Initial: 7, optional: 0, predicted old time: 0.00ms, predicted optional time: 0.00ms, time remaining: 45.82
[2024-10-12T10:23:15.518+0800][debug][gc,ergo,cset] Preventive GC, insufficient free regions. Predicted need 6. Curr Eden 1 (Pred 2). Curr Survivor 1 (Pred 1). Curr Old 56 (Pred 3) Free 1 Alloc 1
[2024-10-12T10:23:15.518+0800][debug][gc,ergo,cset] GC(526) Start adding old regions to collection set. Min 4 regions, max 7 regions, time remaining 48.48ms, optional threshold 9.70ms
[2024-10-12T10:23:15.518+0800][debug][gc,ergo,cset] GC(526) Finish adding old regions to collection set (Maximum number of regions). Initial 7 regions, optional 0 regions
[2024-10-12T10:23:15.518+0800][debug][gc,ergo,cset] GC(526) Finish choosing collection set old regions. Initial: 7, optional: 0, predicted old time: 0.00ms, predicted optional time: 0.00ms, time remaining: 45.87
[2024-10-12T10:23:15.561+0800][debug][gc,ergo,cset] GC(527) Start adding old regions to collection set. Min 4 regions, max 7 regions, time remaining 48.46ms, optional threshold 9.69ms
[2024-10-12T10:23:15.561+0800][debug][gc,ergo,cset] GC(527) Finish adding old regions to collection set (Maximum number of regions). Initial 7 regions, optional 0 regions
[2024-10-12T10:23:15.561+0800][debug][gc,ergo,cset] GC(527) Finish choosing collection set old regions. Initial: 7, optional: 0, predicted old time: 0.00ms, predicted optional time: 0.00ms, time remaining: 45.28
[2024-10-12T10:23:16.150+0800][debug][gc,ergo,cset] GC(533) Pruned 12 regions out of 36, leaving 6075008 bytes waste (allowed 6710886)
[2024-10-12T10:23:16.398+0800][debug][gc,ergo,cset] GC(535) Start adding old regions to collection set. Min 3 regions, max 7 regions, time remaining 48.32ms, optional threshold 9.66ms
[2024-10-12T10:23:16.398+0800][debug][gc,ergo,cset] GC(535) Finish adding old regions to collection set (Maximum number of regions). Initial 7 regions, optional 0 regions
[2024-10-12T10:23:16.398+0800][debug][gc,ergo,cset] GC(535) Finish choosing collection set old regions. Initial: 7, optional: 0, predicted old time: 0.00ms, predicted optional time: 0.00ms, time remaining: 47.13
[2024-10-12T10:23:16.502+0800][debug][gc,ergo,cset] GC(536) Start adding old regions to collection set. Min 3 regions, max 7 regions, time remaining 48.42ms, optional threshold 9.68ms
[2024-10-12T10:23:16.502+0800][debug][gc,ergo,cset] GC(536) Finish adding old regions to collection set (Maximum number of regions). Initial 7 regions, optional 0 regions
[2024-10-12T10:23:16.502+0800][debug][gc,ergo,cset] GC(536) Finish choosing collection set old regions. Initial: 7, optional: 0, predicted old time: 0.00ms, predicted optional time: 0.00ms, time remaining: 46.44
[2024-10-12T10:23:16.607+0800][debug][gc,ergo,cset] GC(537) Start adding old regions to collection set. Min 3 regions, max 7 regions, time remaining 48.53ms, optional threshold 9.71ms
[2024-10-12T10:23:16.607+0800][debug][gc,ergo,cset] GC(537) Finish adding old regions to collection set (Maximum number of regions). Initial 7 regions, optional 0 regions
[2024-10-12T10:23:16.607+0800][debug][gc,ergo,cset] GC(537) Finish choosing collection set old regions. Initial: 7, optional: 0, predicted old time: 0.00ms, predicted optional time: 0.00ms, time remaining: 46.41
[2024-10-12T10:23:16.712+0800][debug][gc,ergo,cset] GC(538) Start adding old regions to collection set. Min 3 regions, max 7 regions, time remaining 48.62ms, optional threshold 9.72ms
[2024-10-12T10:23:16.712+0800][debug][gc,ergo,cset] GC(538) Old candidate collection set empty.
[2024-10-12T10:23:16.712+0800][debug][gc,ergo,cset] GC(538) Finish choosing collection set old regions. Initial: 3, optional: 0, predicted old time: 0.00ms, predicted optional time: 0.00ms, time remaining: 47.71
[2024-10-12T10:23:17.034+0800][debug][gc,ergo,cset] GC(542) Pruned 12 regions out of 41, leaving 6227896 bytes waste (allowed 6710886)
[2024-10-12T10:23:17.241+0800][debug][gc,ergo,cset] Preventive GC, insufficient free regions. Predicted need 4. Curr Eden 1 (Pred 2). Curr Survivor 1 (Pred 1). Curr Old 53 (Pred 1) Free 4 Alloc 1
[2024-10-12T10:23:17.241+0800][debug][gc,ergo,cset] GC(544) Start adding old regions to collection set. Min 4 regions, max 7 regions, time remaining 49.16ms, optional threshold 9.83ms
[2024-10-12T10:23:17.241+0800][debug][gc,ergo,cset] GC(544) Finish adding old regions to collection set (Maximum number of regions). Initial 7 regions, optional 0 regions
[2024-10-12T10:23:17.241+0800][debug][gc,ergo,cset] GC(544) Finish choosing collection set old regions. Initial: 7, optional: 0, predicted old time: 0.00ms, predicted optional time: 0.00ms, time remaining: 48.67
[2024-10-12T10:23:17.345+0800][debug][gc,ergo,cset] GC(545) Start adding old regions to collection set. Min 4 regions, max 7 regions, time remaining 48.92ms, optional threshold 9.78ms
[2024-10-12T10:23:17.346+0800][debug][gc,ergo,cset] GC(545) Finish adding old regions to collection set (Maximum number of regions). Initial 7 regions, optional 0 regions
[2024-10-12T10:23:17.346+0800][debug][gc,ergo,cset] GC(545) Finish choosing collection set old regions. Initial: 7, optional: 0, predicted old time: 0.00ms, predicted optional time: 0.00ms, time remaining: 47.98
[2024-10-12T10:23:17.450+0800][debug][gc,ergo,cset] GC(546) Start adding old regions to collection set. Min 4 regions, max 7 regions, time remaining 48.89ms, optional threshold 9.78ms
[2024-10-12T10:23:17.450+0800][debug][gc,ergo,cset] GC(546) Finish adding old regions to collection set (Maximum number of regions). Initial 7 regions, optional 0 regions
[2024-10-12T10:23:17.450+0800][debug][gc,ergo,cset] GC(546) Finish choosing collection set old regions. Initial: 7, optional: 0, predicted old time: 0.00ms, predicted optional time: 0.00ms, time remaining: 47.65
[2024-10-12T10:23:17.555+0800][debug][gc,ergo,cset] GC(547) Start adding old regions to collection set. Min 4 regions, max 7 regions, time remaining 48.91ms, optional threshold 9.78ms
[2024-10-12T10:23:17.555+0800][debug][gc,ergo,cset] GC(547) Finish adding old regions to collection set (Maximum number of regions). Initial 7 regions, optional 0 regions
[2024-10-12T10:23:17.555+0800][debug][gc,ergo,cset] GC(547) Finish choosing collection set old regions. Initial: 7, optional: 0, predicted old time: 0.00ms, predicted optional time: 0.00ms, time remaining: 47.55
[2024-10-12T10:23:17.659+0800][debug][gc,ergo,cset] GC(548) Start adding old regions to collection set. Min 4 regions, max 7 regions, time remaining 48.91ms, optional threshold 9.78ms
[2024-10-12T10:23:17.659+0800][debug][gc,ergo,cset] GC(548) Old candidate collection set empty.
[2024-10-12T10:23:17.659+0800][debug][gc,ergo,cset] GC(548) Finish choosing collection set old regions. Initial: 1, optional: 0, predicted old time: 0.00ms, predicted optional time: 0.00ms, time remaining: 48.70
[2024-10-12T10:23:17.981+0800][debug][gc,ergo,cset] GC(552) Pruned 12 regions out of 44, leaving 6521560 bytes waste (allowed 6710886)
[2024-10-12T10:23:18.125+0800][debug][gc,ergo,cset] Preventive GC, insufficient free regions. Predicted need 4. Curr Eden 2 (Pred 3). Curr Survivor 1 (Pred 1). Curr Old 52 (Pred 0) Free 4 Alloc 1
[2024-10-12T10:23:18.188+0800][debug][gc,ergo,cset] Preventive GC, insufficient free regions. Predicted need 4. Curr Eden 1 (Pred 2). Curr Survivor 1 (Pred 1). Curr Old 54 (Pred 1) Free 3 Alloc 1
[2024-10-12T10:23:18.188+0800][debug][gc,ergo,cset] GC(554) Start adding old regions to collection set. Min 4 regions, max 7 regions, time remaining 49.22ms, optional threshold 9.84ms
[2024-10-12T10:23:18.188+0800][debug][gc,ergo,cset] GC(554) Finish adding old regions to collection set (Maximum number of regions). Initial 7 regions, optional 0 regions
[2024-10-12T10:23:18.188+0800][debug][gc,ergo,cset] GC(554) Finish choosing collection set old regions. Initial: 7, optional: 0, predicted old time: 0.00ms, predicted optional time: 0.00ms, time remaining: 48.48
[2024-10-12T10:23:18.293+0800][debug][gc,ergo,cset] Preventive GC, insufficient free regions. Predicted need 6. Curr Eden 2 (Pred 3). Curr Survivor 1 (Pred 1). Curr Old 49 (Pred 2) Free 6 Alloc 1
[2024-10-12T10:23:18.293+0800][debug][gc,ergo,cset] GC(555) Start adding old regions to collection set. Min 4 regions, max 7 regions, time remaining 48.96ms, optional threshold 9.79ms
[2024-10-12T10:23:18.293+0800][debug][gc,ergo,cset] GC(555) Finish adding old regions to collection set (Maximum number of regions). Initial 7 regions, optional 0 regions
[2024-10-12T10:23:18.293+0800][debug][gc,ergo,cset] GC(555) Finish choosing collection set old regions. Initial: 7, optional: 0, predicted old time: 0.00ms, predicted optional time: 0.00ms, time remaining: 47.92
[2024-10-12T10:23:18.397+0800][debug][gc,ergo,cset] GC(556) Start adding old regions to collection set. Min 4 regions, max 7 regions, time remaining 48.94ms, optional threshold 9.79ms
[2024-10-12T10:23:18.397+0800][debug][gc,ergo,cset] GC(556) Finish adding old regions to collection set (Maximum number of regions). Initial 7 regions, optional 0 regions
[2024-10-12T10:23:18.397+0800][debug][gc,ergo,cset] GC(556) Finish choosing collection set old regions. Initial: 7, optional: 0, predicted old time: 0.00ms, predicted optional time: 0.00ms, time remaining: 47.77
[2024-10-12T10:23:18.503+0800][debug][gc,ergo,cset] GC(557) Start adding old regions to collection set. Min 4 regions, max 7 regions, time remaining 48.83ms, optional threshold 9.77ms
[2024-10-12T10:23:18.503+0800][debug][gc,ergo,cset] GC(557) Finish adding old regions to collection set (Maximum number of regions). Initial 7 regions, optional 0 regions
[2024-10-12T10:23:18.503+0800][debug][gc,ergo,cset] GC(557) Finish choosing collection set old regions. Initial: 7, optional: 0, predicted old time: 0.00ms, predicted optional time: 0.00ms, time remaining: 47.35
[2024-10-12T10:23:18.608+0800][debug][gc,ergo,cset] GC(558) Start adding old regions to collection set. Min 4 regions, max 7 regions, time remaining 48.85ms, optional threshold 9.77ms
[2024-10-12T10:23:18.608+0800][debug][gc,ergo,cset] GC(558) Old candidate collection set empty.
[2024-10-12T10:23:18.608+0800][debug][gc,ergo,cset] GC(558) Finish choosing collection set old regions. Initial: 4, optional: 0, predicted old time: 0.00ms, predicted optional time: 0.00ms, time remaining: 47.94
[2024-10-12T10:23:18.932+0800][debug][gc,ergo,cset] GC(562) Pruned 11 regions out of 40, leaving 6670920 bytes waste (allowed 6710886)
[2024-10-12T10:23:19.074+0800][debug][gc,ergo,cset] Preventive GC, insufficient free regions. Predicted need 4. Curr Eden 2 (Pred 3). Curr Survivor 1 (Pred 1). Curr Old 52 (Pred 0) Free 4 Alloc 1
[2024-10-12T10:23:19.138+0800][debug][gc,ergo,cset] Preventive GC, insufficient free regions. Predicted need 4. Curr Eden 1 (Pred 2). Curr Survivor 1 (Pred 1). Curr Old 54 (Pred 1) Free 3 Alloc 1
[2024-10-12T10:23:19.138+0800][debug][gc,ergo,cset] GC(564) Start adding old regions to collection set. Min 4 regions, max 7 regions, time remaining 49.19ms, optional threshold 9.84ms
[2024-10-12T10:23:19.138+0800][debug][gc,ergo,cset] GC(564) Finish adding old regions to collection set (Maximum number of regions). Initial 7 regions, optional 0 regions
[2024-10-12T10:23:19.138+0800][debug][gc,ergo,cset] GC(564) Finish choosing collection set old regions. Initial: 7, optional: 0, predicted old time: 0.00ms, predicted optional time: 0.00ms, time remaining: 48.72
[2024-10-12T10:23:19.241+0800][debug][gc,ergo,cset] GC(565) Start adding old regions to collection set. Min 4 regions, max 7 regions, time remaining 48.98ms, optional threshold 9.80ms
[2024-10-12T10:23:19.242+0800][debug][gc,ergo,cset] GC(565) Finish adding old regions to collection set (Maximum number of regions). Initial 7 regions, optional 0 regions
[2024-10-12T10:23:19.242+0800][debug][gc,ergo,cset] GC(565) Finish choosing collection set old regions. Initial: 7, optional: 0, predicted old time: 0.00ms, predicted optional time: 0.00ms, time remaining: 48.07
[2024-10-12T10:23:19.346+0800][debug][gc,ergo,cset] GC(566) Start adding old regions to collection set. Min 4 regions, max 7 regions, time remaining 48.93ms, optional threshold 9.79ms
[2024-10-12T10:23:19.346+0800][debug][gc,ergo,cset] GC(566) Finish adding old regions to collection set (Maximum number of regions). Initial 7 regions, optional 0 regions
[2024-10-12T10:23:19.346+0800][debug][gc,ergo,cset] GC(566) Finish choosing collection set old regions. Initial: 7, optional: 0, predicted old time: 0.00ms, predicted optional time: 0.00ms, time remaining: 47.77
[2024-10-12T10:23:19.451+0800][debug][gc,ergo,cset] GC(567) Start adding old regions to collection set. Min 4 regions, max 7 regions, time remaining 48.94ms, optional threshold 9.79ms
[2024-10-12T10:23:19.451+0800][debug][gc,ergo,cset] GC(567) Finish adding old regions to collection set (Maximum number of regions). Initial 7 regions, optional 0 regions
[2024-10-12T10:23:19.451+0800][debug][gc,ergo,cset] GC(567) Finish choosing collection set old regions. Initial: 7, optional: 0, predicted old time: 0.00ms, predicted optional time: 0.00ms, time remaining: 47.69
[2024-10-12T10:23:19.556+0800][debug][gc,ergo,cset] GC(568) Start adding old regions to collection set. Min 4 regions, max 7 regions, time remaining 48.92ms, optional threshold 9.78ms
[2024-10-12T10:23:19.556+0800][debug][gc,ergo,cset] GC(568) Old candidate collection set empty.
[2024-10-12T10:23:19.556+0800][debug][gc,ergo,cset] GC(568) Finish choosing collection set old regions. Initial: 1, optional: 0, predicted old time: 0.00ms, predicted optional time: 0.00ms, time remaining: 48.73
[2024-10-12T10:23:19.776+0800][debug][gc,ergo,cset] GC(571) Pruned 10 regions out of 42, leaving 6424344 bytes waste (allowed 6710886)
[2024-10-12T10:23:19.919+0800][debug][gc,ergo,cset] Preventive GC, insufficient free regions. Predicted need 4. Curr Eden 2 (Pred 3). Curr Survivor 1 (Pred 1). Curr Old 52 (Pred 0) Free 4 Alloc 1
[2024-10-12T10:23:19.982+0800][debug][gc,ergo,cset] Preventive GC, insufficient free regions. Predicted need 4. Curr Eden 1 (Pred 2). Curr Survivor 1 (Pred 1). Curr Old 54 (Pred 1) Free 3 Alloc 1
[2024-10-12T10:23:19.983+0800][debug][gc,ergo,cset] GC(573) Start adding old regions to collection set. Min 4 regions, max 7 regions, time remaining 49.15ms, optional threshold 9.83ms
[2024-10-12T10:23:19.983+0800][debug][gc,ergo,cset] GC(573) Finish adding old regions to collection set (Maximum number of regions). Initial 7 regions, optional 0 regions
[2024-10-12T10:23:19.983+0800][debug][gc,ergo,cset] GC(573) Finish choosing collection set old regions. Initial: 7, optional: 0, predicted old time: 0.00ms, predicted optional time: 0.00ms, time remaining: 48.37
[2024-10-12T10:23:20.025+0800][debug][gc,ergo,cset] Preventive GC, insufficient free regions. Predicted need 5. Curr Eden 1 (Pred 2). Curr Survivor 1 (Pred 1). Curr Old 53 (Pred 2) Free 4 Alloc 1
[2024-10-12T10:23:20.025+0800][debug][gc,ergo,cset] GC(574) Start adding old regions to collection set. Min 4 regions, max 7 regions, time remaining 49.10ms, optional threshold 9.82ms
[2024-10-12T10:23:20.025+0800][debug][gc,ergo,cset] GC(574) Finish adding old regions to collection set (Maximum number of regions). Initial 7 regions, optional 0 regions
[2024-10-12T10:23:20.025+0800][debug][gc,ergo,cset] GC(574) Finish choosing collection set old regions. Initial: 7, optional: 0, predicted old time: 0.00ms, predicted optional time: 0.00ms, time remaining: 47.90
[2024-10-12T10:23:20.088+0800][debug][gc,ergo,cset] Preventive GC, insufficient free regions. Predicted need 6. Curr Eden 1 (Pred 2). Curr Survivor 1 (Pred 1). Curr Old 56 (Pred 3) Free 1 Alloc 1
[2024-10-12T10:23:20.089+0800][debug][gc,ergo,cset] GC(575) Start adding old regions to collection set. Min 4 regions, max 7 regions, time remaining 49.07ms, optional threshold 9.81ms
[2024-10-12T10:23:20.089+0800][debug][gc,ergo,cset] GC(575) Finish adding old regions to collection set (Maximum number of regions). Initial 7 regions, optional 0 regions
[2024-10-12T10:23:20.089+0800][debug][gc,ergo,cset] GC(575) Finish choosing collection set old regions. Initial: 7, optional: 0, predicted old time: 0.00ms, predicted optional time: 0.00ms, time remaining: 47.80
[2024-10-12T10:23:20.131+0800][debug][gc,ergo,cset] GC(576) Start adding old regions to collection set. Min 4 regions, max 7 regions, time remaining 49.02ms, optional threshold 9.80ms
[2024-10-12T10:23:20.131+0800][debug][gc,ergo,cset] GC(576) Finish adding old regions to collection set (Maximum number of regions). Initial 7 regions, optional 0 regions
[2024-10-12T10:23:20.131+0800][debug][gc,ergo,cset] GC(576) Finish choosing collection set old regions. Initial: 7, optional: 0, predicted old time: 0.00ms, predicted optional time: 0.00ms, time remaining: 47.61
[2024-10-12T10:23:20.638+0800][debug][gc,ergo,cset] GC(582) Pruned 12 regions out of 33, leaving 6397944 bytes waste (allowed 6710886)
[2024-10-12T10:23:20.886+0800][debug][gc,ergo,cset] GC(584) Start adding old regions to collection set. Min 3 regions, max 7 regions, time remaining 48.66ms, optional threshold 9.73ms
[2024-10-12T10:23:20.886+0800][debug][gc,ergo,cset] GC(584) Finish adding old regions to collection set (Maximum number of regions). Initial 7 regions, optional 0 regions
[2024-10-12T10:23:20.886+0800][debug][gc,ergo,cset] GC(584) Finish choosing collection set old regions. Initial: 7, optional: 0, predicted old time: 0.00ms, predicted optional time: 0.00ms, time remaining: 47.63
[2024-10-12T10:23:20.990+0800][debug][gc,ergo,cset] GC(585) Start adding old regions to collection set. Min 3 regions, max 7 regions, time remaining 48.71ms, optional threshold 9.74ms
[2024-10-12T10:23:20.990+0800][debug][gc,ergo,cset] GC(585) Finish adding old regions to collection set (Maximum number of regions). Initial 7 regions, optional 0 regions
[2024-10-12T10:23:20.990+0800][debug][gc,ergo,cset] GC(585) Finish choosing collection set old regions. Initial: 7, optional: 0, predicted old time: 0.00ms, predicted optional time: 0.00ms, time remaining: 47.22
[2024-10-12T10:23:21.095+0800][debug][gc,ergo,cset] GC(586) Start adding old regions to collection set. Min 3 regions, max 7 regions, time remaining 48.77ms, optional threshold 9.75ms
[2024-10-12T10:23:21.095+0800][debug][gc,ergo,cset] GC(586) Old candidate collection set empty.
[2024-10-12T10:23:21.095+0800][debug][gc,ergo,cset] GC(586) Finish choosing collection set old regions. Initial: 7, optional: 0, predicted old time: 0.00ms, predicted optional time: 0.00ms, time remaining: 47.11
[2024-10-12T10:23:21.418+0800][debug][gc,ergo,cset] GC(590) Pruned 12 regions out of 38, leaving 6501328 bytes waste (allowed 6710886)
[2024-10-12T10:23:21.624+0800][debug][gc,ergo,cset] Preventive GC, insufficient free regions. Predicted need 5. Curr Eden 1 (Pred 2). Curr Survivor 1 (Pred 1). Curr Old 52 (Pred 2) Free 5 Alloc 1
[2024-10-12T10:23:21.625+0800][debug][gc,ergo,cset] GC(592) Start adding old regions to collection set. Min 4 regions, max 7 regions, time remaining 49.16ms, optional threshold 9.83ms
[2024-10-12T10:23:21.625+0800][debug][gc,ergo,cset] GC(592) Finish adding old regions to collection set (Maximum number of regions). Initial 7 regions, optional 0 regions
[2024-10-12T10:23:21.625+0800][debug][gc,ergo,cset] GC(592) Finish choosing collection set old regions. Initial: 7, optional: 0, predicted old time: 0.00ms, predicted optional time: 0.00ms, time remaining: 48.38
[2024-10-12T10:23:21.729+0800][debug][gc,ergo,cset] GC(593) Start adding old regions to collection set. Min 4 regions, max 7 regions, time remaining 48.88ms, optional threshold 9.78ms
[2024-10-12T10:23:21.729+0800][debug][gc,ergo,cset] GC(593) Finish adding old regions to collection set (Maximum number of regions). Initial 7 regions, optional 0 regions
[2024-10-12T10:23:21.729+0800][debug][gc,ergo,cset] GC(593) Finish choosing collection set old regions. Initial: 7, optional: 0, predicted old time: 0.00ms, predicted optional time: 0.00ms, time remaining: 47.81
[2024-10-12T10:23:21.834+0800][debug][gc,ergo,cset] GC(594) Start adding old regions to collection set. Min 4 regions, max 7 regions, time remaining 48.89ms, optional threshold 9.78ms
[2024-10-12T10:23:21.834+0800][debug][gc,ergo,cset] GC(594) Finish adding old regions to collection set (Maximum number of regions). Initial 7 regions, optional 0 regions
[2024-10-12T10:23:21.834+0800][debug][gc,ergo,cset] GC(594) Finish choosing collection set old regions. Initial: 7, optional: 0, predicted old time: 0.00ms, predicted optional time: 0.00ms, time remaining: 47.64
[2024-10-12T10:23:21.938+0800][debug][gc,ergo,cset] GC(595) Start adding old regions to collection set. Min 4 regions, max 7 regions, time remaining 48.90ms, optional threshold 9.78ms
[2024-10-12T10:23:21.938+0800][debug][gc,ergo,cset] GC(595) Old candidate collection set empty.
[2024-10-12T10:23:21.938+0800][debug][gc,ergo,cset] GC(595) Finish choosing collection set old regions. Initial: 5, optional: 0, predicted old time: 0.00ms, predicted optional time: 0.00ms, time remaining: 47.92
[2024-10-12T10:23:22.262+0800][debug][gc,ergo,cset] GC(599) Pruned 11 regions out of 42, leaving 6030944 bytes waste (allowed 6710886)
[2024-10-12T10:23:22.405+0800][debug][gc,ergo,cset] Preventive GC, insufficient free regions. Predicted need 4. Curr Eden 2 (Pred 3). Curr Survivor 1 (Pred 1). Curr Old 52 (Pred 0) Free 4 Alloc 1
[2024-10-12T10:23:22.468+0800][debug][gc,ergo,cset] Preventive GC, insufficient free regions. Predicted need 5. Curr Eden 1 (Pred 2). Curr Survivor 1 (Pred 1). Curr Old 54 (Pred 2) Free 3 Alloc 1
[2024-10-12T10:23:22.469+0800][debug][gc,ergo,cset] GC(601) Start adding old regions to collection set. Min 4 regions, max 7 regions, time remaining 49.19ms, optional threshold 9.84ms
[2024-10-12T10:23:22.469+0800][debug][gc,ergo,cset] GC(601) Finish adding old regions to collection set (Maximum number of regions). Initial 7 regions, optional 0 regions
[2024-10-12T10:23:22.469+0800][debug][gc,ergo,cset] GC(601) Finish choosing collection set old regions. Initial: 7, optional: 0, predicted old time: 0.00ms, predicted optional time: 0.00ms, time remaining: 48.57
[2024-10-12T10:23:22.511+0800][debug][gc,ergo,cset] Preventive GC, insufficient free regions. Predicted need 5. Curr Eden 1 (Pred 2). Curr Survivor 1 (Pred 1). Curr Old 53 (Pred 2) Free 4 Alloc 1
[2024-10-12T10:23:22.511+0800][debug][gc,ergo,cset] GC(602) Start adding old regions to collection set. Min 4 regions, max 7 regions, time remaining 49.15ms, optional threshold 9.83ms
[2024-10-12T10:23:22.511+0800][debug][gc,ergo,cset] GC(602) Finish adding old regions to collection set (Maximum number of regions). Initial 7 regions, optional 0 regions
[2024-10-12T10:23:22.511+0800][debug][gc,ergo,cset] GC(602) Finish choosing collection set old regions. Initial: 7, optional: 0, predicted old time: 0.00ms, predicted optional time: 0.00ms, time remaining: 48.25
[2024-10-12T10:23:22.574+0800][debug][gc,ergo,cset] Preventive GC, insufficient free regions. Predicted need 6. Curr Eden 1 (Pred 2). Curr Survivor 1 (Pred 1). Curr Old 52 (Pred 3) Free 5 Alloc 1
[2024-10-12T10:23:22.575+0800][debug][gc,ergo,cset] GC(603) Start adding old regions to collection set. Min 4 regions, max 7 regions, time remaining 49.15ms, optional threshold 9.83ms
[2024-10-12T10:23:22.575+0800][debug][gc,ergo,cset] GC(603) Finish adding old regions to collection set (Maximum number of regions). Initial 7 regions, optional 0 regions
[2024-10-12T10:23:22.575+0800][debug][gc,ergo,cset] GC(603) Finish choosing collection set old regions. Initial: 7, optional: 0, predicted old time: 0.00ms, predicted optional time: 0.00ms, time remaining: 48.11
[2024-10-12T10:23:22.618+0800][debug][gc,ergo,cset] Preventive GC, insufficient free regions. Predicted need 6. Curr Eden 1 (Pred 2). Curr Survivor 1 (Pred 1). Curr Old 51 (Pred 3) Free 6 Alloc 1
[2024-10-12T10:23:22.618+0800][debug][gc,ergo,cset] GC(604) Start adding old regions to collection set. Min 4 regions, max 7 regions, time remaining 49.16ms, optional threshold 9.83ms
[2024-10-12T10:23:22.618+0800][debug][gc,ergo,cset] GC(604) Finish adding old regions to collection set (Maximum number of regions). Initial 7 regions, optional 0 regions
[2024-10-12T10:23:22.618+0800][debug][gc,ergo,cset] GC(604) Finish choosing collection set old regions. Initial: 7, optional: 0, predicted old time: 0.00ms, predicted optional time: 0.00ms, time remaining: 47.96
[2024-10-12T10:23:22.641+0800][debug][gc,ergo,cset] Preventive GC, insufficient free regions. Predicted need 6. Curr Eden 1 (Pred 2). Curr Survivor 1 (Pred 1). Curr Old 54 (Pred 3) Free 3 Alloc 1
[2024-10-12T10:23:22.641+0800][debug][gc,ergo,cset] GC(605) Start adding old regions to collection set. Min 4 regions, max 7 regions, time remaining 49.17ms, optional threshold 9.83ms
[2024-10-12T10:23:22.641+0800][debug][gc,ergo,cset] GC(605) Old candidate collection set empty.
[2024-10-12T10:23:22.641+0800][debug][gc,ergo,cset] GC(605) Finish choosing collection set old regions. Initial: 3, optional: 0, predicted old time: 0.00ms, predicted optional time: 0.00ms, time remaining: 48.60
[2024-10-12T10:23:22.643+0800][debug][gc,ergo,cset] Preventive GC, insufficient free regions. Predicted need 2. Curr Eden 0 (Pred 1). Curr Survivor 1 (Pred 1). Curr Old 56 (Pred 0) Free 1 Alloc 1
[2024-10-12T10:23:22.654+0800][debug][gc,ergo,cset] GC(607) Pruned 13 regions out of 37, leaving 6650440 bytes waste (allowed 6710886)
[2024-10-12T10:23:22.818+0800][debug][gc,ergo,cset] Preventive GC, insufficient free regions. Predicted need 3. Curr Eden 2 (Pred 3). Curr Survivor 0 (Pred 0). Curr Old 54 (Pred 0) Free 3 Alloc 1
[2024-10-12T10:23:22.881+0800][debug][gc,ergo,cset] Preventive GC, insufficient free regions. Predicted need 4. Curr Eden 1 (Pred 2). Curr Survivor 1 (Pred 1). Curr Old 55 (Pred 1) Free 2 Alloc 1
[2024-10-12T10:23:22.881+0800][debug][gc,ergo,cset] GC(609) Start adding old regions to collection set. Min 3 regions, max 7 regions, time remaining 49.20ms, optional threshold 9.84ms
[2024-10-12T10:23:22.881+0800][debug][gc,ergo,cset] GC(609) Finish adding old regions to collection set (Maximum number of regions). Initial 7 regions, optional 0 regions
[2024-10-12T10:23:22.881+0800][debug][gc,ergo,cset] GC(609) Finish choosing collection set old regions. Initial: 7, optional: 0, predicted old time: 0.00ms, predicted optional time: 0.00ms, time remaining: 48.93
[2024-10-12T10:23:22.985+0800][debug][gc,ergo,cset] GC(610) Start adding old regions to collection set. Min 3 regions, max 7 regions, time remaining 49.00ms, optional threshold 9.80ms
[2024-10-12T10:23:22.985+0800][debug][gc,ergo,cset] GC(610) Finish adding old regions to collection set (Maximum number of regions). Initial 7 regions, optional 0 regions
[2024-10-12T10:23:22.985+0800][debug][gc,ergo,cset] GC(610) Finish choosing collection set old regions. Initial: 7, optional: 0, predicted old time: 0.00ms, predicted optional time: 0.00ms, time remaining: 48.49
[2024-10-12T10:23:23.090+0800][debug][gc,ergo,cset] GC(611) Start adding old regions to collection set. Min 3 regions, max 7 regions, time remaining 48.97ms, optional threshold 9.79ms
[2024-10-12T10:23:23.090+0800][debug][gc,ergo,cset] GC(611) Finish adding old regions to collection set (Maximum number of regions). Initial 7 regions, optional 0 regions
[2024-10-12T10:23:23.090+0800][debug][gc,ergo,cset] GC(611) Finish choosing collection set old regions. Initial: 7, optional: 0, predicted old time: 0.00ms, predicted optional time: 0.00ms, time remaining: 47.98
[2024-10-12T10:23:23.194+0800][debug][gc,ergo,cset] GC(612) Start adding old regions to collection set. Min 3 regions, max 7 regions, time remaining 48.97ms, optional threshold 9.79ms
[2024-10-12T10:23:23.194+0800][debug][gc,ergo,cset] GC(612) Old candidate collection set empty.
[2024-10-12T10:23:23.194+0800][debug][gc,ergo,cset] GC(612) Finish choosing collection set old regions. Initial: 3, optional: 0, predicted old time: 0.00ms, predicted optional time: 0.00ms, time remaining: 48.42
[2024-10-12T10:23:23.516+0800][debug][gc,ergo,cset] GC(616) Pruned 11 regions out of 40, leaving 6263656 bytes waste (allowed 6710886)
[2024-10-12T10:23:23.723+0800][debug][gc,ergo,cset] Preventive GC, insufficient free regions. Predicted need 5. Curr Eden 1 (Pred 2). Curr Survivor 1 (Pred 1). Curr Old 52 (Pred 2) Free 5 Alloc 1
[2024-10-12T10:23:23.723+0800][debug][gc,ergo,cset] GC(618) Start adding old regions to collection set. Min 4 regions, max 7 regions, time remaining 49.15ms, optional threshold 9.83ms
[2024-10-12T10:23:23.723+0800][debug][gc,ergo,cset] GC(618) Finish adding old regions to collection set (Maximum number of regions). Initial 7 regions, optional 0 regions
[2024-10-12T10:23:23.723+0800][debug][gc,ergo,cset] GC(618) Finish choosing collection set old regions. Initial: 7, optional: 0, predicted old time: 0.00ms, predicted optional time: 0.00ms, time remaining: 48.44
[2024-10-12T10:23:23.827+0800][debug][gc,ergo,cset] Preventive GC, insufficient free regions. Predicted need 7. Curr Eden 2 (Pred 3). Curr Survivor 1 (Pred 1). Curr Old 49 (Pred 3) Free 7 Alloc 1
[2024-10-12T10:23:23.828+0800][debug][gc,ergo,cset] GC(619) Start adding old regions to collection set. Min 4 regions, max 7 regions, time remaining 48.92ms, optional threshold 9.78ms
[2024-10-12T10:23:23.828+0800][debug][gc,ergo,cset] GC(619) Finish adding old regions to collection set (Maximum number of regions). Initial 7 regions, optional 0 regions
[2024-10-12T10:23:23.828+0800][debug][gc,ergo,cset] GC(619) Finish choosing collection set old regions. Initial: 7, optional: 0, predicted old time: 0.00ms, predicted optional time: 0.00ms, time remaining: 47.96
[2024-10-12T10:23:23.932+0800][debug][gc,ergo,cset] GC(620) Start adding old regions to collection set. Min 4 regions, max 7 regions, time remaining 48.91ms, optional threshold 9.78ms
[2024-10-12T10:23:23.932+0800][debug][gc,ergo,cset] GC(620) Finish adding old regions to collection set (Maximum number of regions). Initial 7 regions, optional 0 regions
[2024-10-12T10:23:23.932+0800][debug][gc,ergo,cset] GC(620) Finish choosing collection set old regions. Initial: 7, optional: 0, predicted old time: 0.00ms, predicted optional time: 0.00ms, time remaining: 47.76
[2024-10-12T10:23:24.038+0800][debug][gc,ergo,cset] GC(621) Start adding old regions to collection set. Min 4 regions, max 7 regions, time remaining 48.88ms, optional threshold 9.78ms
[2024-10-12T10:23:24.038+0800][debug][gc,ergo,cset] GC(621) Finish adding old regions to collection set (Maximum number of regions). Initial 7 regions, optional 0 regions
[2024-10-12T10:23:24.038+0800][debug][gc,ergo,cset] GC(621) Finish choosing collection set old regions. Initial: 7, optional: 0, predicted old time: 0.00ms, predicted optional time: 0.00ms, time remaining: 47.45
[2024-10-12T10:23:24.143+0800][debug][gc,ergo,cset] GC(622) Start adding old regions to collection set. Min 4 regions, max 7 regions, time remaining 48.90ms, optional threshold 9.78ms
[2024-10-12T10:23:24.143+0800][debug][gc,ergo,cset] GC(622) Old candidate collection set empty.
[2024-10-12T10:23:24.143+0800][debug][gc,ergo,cset] GC(622) Finish choosing collection set old regions. Initial: 1, optional: 0, predicted old time: 0.00ms, predicted optional time: 0.00ms, time remaining: 48.68
[2024-10-12T10:23:24.361+0800][debug][gc,ergo,cset] GC(625) Pruned 10 regions out of 42, leaving 6182032 bytes waste (allowed 6710886)
[2024-10-12T10:23:24.568+0800][debug][gc,ergo,cset] Preventive GC, insufficient free regions. Predicted need 4. Curr Eden 1 (Pred 2). Curr Survivor 1 (Pred 1). Curr Old 53 (Pred 1) Free 4 Alloc 1
[2024-10-12T10:23:24.568+0800][debug][gc,ergo,cset] GC(627) Start adding old regions to collection set. Min 4 regions, max 7 regions, time remaining 49.18ms, optional threshold 9.84ms
[2024-10-12T10:23:24.568+0800][debug][gc,ergo,cset] GC(627) Finish adding old regions to collection set (Maximum number of regions). Initial 7 regions, optional 0 regions
[2024-10-12T10:23:24.568+0800][debug][gc,ergo,cset] GC(627) Finish choosing collection set old regions. Initial: 7, optional: 0, predicted old time: 0.00ms, predicted optional time: 0.00ms, time remaining: 48.42
[2024-10-12T10:23:24.672+0800][debug][gc,ergo,cset] Preventive GC, insufficient free regions. Predicted need 6. Curr Eden 2 (Pred 3). Curr Survivor 1 (Pred 1). Curr Old 50 (Pred 2) Free 6 Alloc 1
[2024-10-12T10:23:24.672+0800][debug][gc,ergo,cset] GC(628) Start adding old regions to collection set. Min 4 regions, max 7 regions, time remaining 48.96ms, optional threshold 9.79ms
[2024-10-12T10:23:24.672+0800][debug][gc,ergo,cset] GC(628) Finish adding old regions to collection set (Maximum number of regions). Initial 7 regions, optional 0 regions
[2024-10-12T10:23:24.672+0800][debug][gc,ergo,cset] GC(628) Finish choosing collection set old regions. Initial: 7, optional: 0, predicted old time: 0.00ms, predicted optional time: 0.00ms, time remaining: 47.84
[2024-10-12T10:23:24.736+0800][debug][gc,ergo,cset] Preventive GC, insufficient free regions. Predicted need 6. Curr Eden 1 (Pred 2). Curr Survivor 1 (Pred 1). Curr Old 51 (Pred 3) Free 6 Alloc 1
[2024-10-12T10:23:24.736+0800][debug][gc,ergo,cset] GC(629) Start adding old regions to collection set. Min 4 regions, max 7 regions, time remaining 49.15ms, optional threshold 9.83ms
[2024-10-12T10:23:24.736+0800][debug][gc,ergo,cset] GC(629) Finish adding old regions to collection set (Maximum number of regions). Initial 7 regions, optional 0 regions
[2024-10-12T10:23:24.736+0800][debug][gc,ergo,cset] GC(629) Finish choosing collection set old regions. Initial: 7, optional: 0, predicted old time: 0.00ms, predicted optional time: 0.00ms, time remaining: 47.84
[2024-10-12T10:23:24.780+0800][debug][gc,ergo,cset] Preventive GC, insufficient free regions. Predicted need 6. Curr Eden 1 (Pred 2). Curr Survivor 1 (Pred 1). Curr Old 55 (Pred 3) Free 2 Alloc 1
[2024-10-12T10:23:24.780+0800][debug][gc,ergo,cset] GC(630) Start adding old regions to collection set. Min 4 regions, max 7 regions, time remaining 49.15ms, optional threshold 9.83ms
[2024-10-12T10:23:24.780+0800][debug][gc,ergo,cset] GC(630) Finish adding old regions to collection set (Maximum number of regions). Initial 7 regions, optional 0 regions
[2024-10-12T10:23:24.780+0800][debug][gc,ergo,cset] GC(630) Finish choosing collection set old regions. Initial: 7, optional: 0, predicted old time: 0.00ms, predicted optional time: 0.00ms, time remaining: 47.77
[2024-10-12T10:23:24.843+0800][debug][gc,ergo,cset] GC(631) Start adding old regions to collection set. Min 4 regions, max 7 regions, time remaining 49.16ms, optional threshold 9.83ms
[2024-10-12T10:23:24.843+0800][debug][gc,ergo,cset] GC(631) Old candidate collection set empty.
[2024-10-12T10:23:24.843+0800][debug][gc,ergo,cset] GC(631) Finish choosing collection set old regions. Initial: 4, optional: 0, predicted old time: 0.00ms, predicted optional time: 0.00ms, time remaining: 48.35
[2024-10-12T10:23:25.497+0800][debug][gc,ergo,cset] GC(638) Pruned 10 regions out of 32, leaving 6213888 bytes waste (allowed 6710886)
[2024-10-12T10:23:25.744+0800][debug][gc,ergo,cset] Preventive GC, insufficient free regions. Predicted need 5. Curr Eden 2 (Pred 3). Curr Survivor 1 (Pred 1). Curr Old 51 (Pred 1) Free 5 Alloc 1
[2024-10-12T10:23:25.744+0800][debug][gc,ergo,cset] GC(640) Start adding old regions to collection set. Min 3 regions, max 7 regions, time remaining 49.00ms, optional threshold 9.80ms
[2024-10-12T10:23:25.744+0800][debug][gc,ergo,cset] GC(640) Finish adding old regions to collection set (Maximum number of regions). Initial 7 regions, optional 0 regions
[2024-10-12T10:23:25.744+0800][debug][gc,ergo,cset] GC(640) Finish choosing collection set old regions. Initial: 7, optional: 0, predicted old time: 0.00ms, predicted optional time: 0.00ms, time remaining: 48.14
[2024-10-12T10:23:25.849+0800][debug][gc,ergo,cset] GC(641) Start adding old regions to collection set. Min 3 regions, max 7 regions, time remaining 48.95ms, optional threshold 9.79ms
[2024-10-12T10:23:25.849+0800][debug][gc,ergo,cset] GC(641) Finish adding old regions to collection set (Maximum number of regions). Initial 7 regions, optional 0 regions
[2024-10-12T10:23:25.849+0800][debug][gc,ergo,cset] GC(641) Finish choosing collection set old regions. Initial: 7, optional: 0, predicted old time: 0.00ms, predicted optional time: 0.00ms, time remaining: 47.85
[2024-10-12T10:23:25.953+0800][debug][gc,ergo,cset] GC(642) Start adding old regions to collection set. Min 3 regions, max 7 regions, time remaining 48.94ms, optional threshold 9.79ms
[2024-10-12T10:23:25.953+0800][debug][gc,ergo,cset] GC(642) Finish adding old regions to collection set (Maximum number of regions). Initial 7 regions, optional 0 regions
[2024-10-12T10:23:25.953+0800][debug][gc,ergo,cset] GC(642) Finish choosing collection set old regions. Initial: 7, optional: 0, predicted old time: 0.00ms, predicted optional time: 0.00ms, time remaining: 47.70
[2024-10-12T10:23:26.058+0800][debug][gc,ergo,cset] GC(643) Start adding old regions to collection set. Min 3 regions, max 7 regions, time remaining 48.94ms, optional threshold 9.79ms
[2024-10-12T10:23:26.058+0800][debug][gc,ergo,cset] GC(643) Old candidate collection set empty.
[2024-10-12T10:23:26.058+0800][debug][gc,ergo,cset] GC(643) Finish choosing collection set old regions. Initial: 1, optional: 0, predicted old time: 0.00ms, predicted optional time: 0.00ms, time remaining: 48.75
[2024-10-12T10:23:26.380+0800][debug][gc,ergo,cset] GC(647) Pruned 9 regions out of 41, leaving 6230520 bytes waste (allowed 6710886)
[2024-10-12T10:23:26.524+0800][debug][gc,ergo,cset] Preventive GC, insufficient free regions. Predicted need 4. Curr Eden 2 (Pred 3). Curr Survivor 1 (Pred 1). Curr Old 53 (Pred 0) Free 3 Alloc 1
[2024-10-12T10:23:26.587+0800][debug][gc,ergo,cset] Preventive GC, insufficient free regions. Predicted need 4. Curr Eden 1 (Pred 2). Curr Survivor 1 (Pred 1). Curr Old 54 (Pred 1) Free 3 Alloc 1
[2024-10-12T10:23:26.587+0800][debug][gc,ergo,cset] GC(649) Start adding old regions to collection set. Min 4 regions, max 7 regions, time remaining 49.16ms, optional threshold 9.83ms
[2024-10-12T10:23:26.587+0800][debug][gc,ergo,cset] GC(649) Finish adding old regions to collection set (Maximum number of regions). Initial 7 regions, optional 0 regions
[2024-10-12T10:23:26.587+0800][debug][gc,ergo,cset] GC(649) Finish choosing collection set old regions. Initial: 7, optional: 0, predicted old time: 0.00ms, predicted optional time: 0.00ms, time remaining: 48.46
[2024-10-12T10:23:26.629+0800][debug][gc,ergo,cset] Preventive GC, insufficient free regions. Predicted need 5. Curr Eden 1 (Pred 2). Curr Survivor 1 (Pred 1). Curr Old 52 (Pred 2) Free 5 Alloc 1
[2024-10-12T10:23:26.629+0800][debug][gc,ergo,cset] GC(650) Start adding old regions to collection set. Min 4 regions, max 7 regions, time remaining 49.13ms, optional threshold 9.83ms
[2024-10-12T10:23:26.629+0800][debug][gc,ergo,cset] GC(650) Finish adding old regions to collection set (Maximum number of regions). Initial 7 regions, optional 0 regions
[2024-10-12T10:23:26.629+0800][debug][gc,ergo,cset] GC(650) Finish choosing collection set old regions. Initial: 7, optional: 0, predicted old time: 0.00ms, predicted optional time: 0.00ms, time remaining: 48.13
[2024-10-12T10:23:26.734+0800][debug][gc,ergo,cset] Preventive GC, insufficient free regions. Predicted need 7. Curr Eden 2 (Pred 3). Curr Survivor 1 (Pred 1). Curr Old 49 (Pred 3) Free 7 Alloc 1
[2024-10-12T10:23:26.734+0800][debug][gc,ergo,cset] GC(651) Start adding old regions to collection set. Min 4 regions, max 7 regions, time remaining 48.92ms, optional threshold 9.78ms
[2024-10-12T10:23:26.734+0800][debug][gc,ergo,cset] GC(651) Finish adding old regions to collection set (Maximum number of regions). Initial 7 regions, optional 0 regions
[2024-10-12T10:23:26.734+0800][debug][gc,ergo,cset] GC(651) Finish choosing collection set old regions. Initial: 7, optional: 0, predicted old time: 0.00ms, predicted optional time: 0.00ms, time remaining: 47.68
[2024-10-12T10:23:26.838+0800][debug][gc,ergo,cset] GC(652) Start adding old regions to collection set. Min 4 regions, max 7 regions, time remaining 48.91ms, optional threshold 9.78ms
[2024-10-12T10:23:26.838+0800][debug][gc,ergo,cset] GC(652) Finish adding old regions to collection set (Maximum number of regions). Initial 7 regions, optional 0 regions
[2024-10-12T10:23:26.838+0800][debug][gc,ergo,cset] GC(652) Finish choosing collection set old regions. Initial: 7, optional: 0, predicted old time: 0.00ms, predicted optional time: 0.00ms, time remaining: 47.53
[2024-10-12T10:23:26.943+0800][debug][gc,ergo,cset] GC(653) Start adding old regions to collection set. Min 4 regions, max 7 regions, time remaining 48.95ms, optional threshold 9.79ms
[2024-10-12T10:23:26.943+0800][debug][gc,ergo,cset] GC(653) Old candidate collection set empty.
[2024-10-12T10:23:26.944+0800][debug][gc,ergo,cset] GC(653) Finish choosing collection set old regions. Initial: 4, optional: 0, predicted old time: 0.00ms, predicted optional time: 0.00ms, time remaining: 48.17
[2024-10-12T10:23:27.101+0800][debug][gc,ergo,cset] GC(656) Pruned 12 regions out of 37, leaving 6526376 bytes waste (allowed 6710886)
[2024-10-12T10:23:27.369+0800][debug][gc,ergo,cset] Preventive GC, insufficient free regions. Predicted need 5. Curr Eden 2 (Pred 3). Curr Survivor 1 (Pred 1). Curr Old 52 (Pred 1) Free 4 Alloc 1
[2024-10-12T10:23:27.369+0800][debug][gc,ergo,cset] GC(658) Start adding old regions to collection set. Min 4 regions, max 7 regions, time remaining 48.98ms, optional threshold 9.80ms
[2024-10-12T10:23:27.369+0800][debug][gc,ergo,cset] GC(658) Finish adding old regions to collection set (Maximum number of regions). Initial 7 regions, optional 0 regions
[2024-10-12T10:23:27.369+0800][debug][gc,ergo,cset] GC(658) Finish choosing collection set old regions. Initial: 7, optional: 0, predicted old time: 0.00ms, predicted optional time: 0.00ms, time remaining: 48.34
[2024-10-12T10:23:27.473+0800][debug][gc,ergo,cset] GC(659) Start adding old regions to collection set. Min 4 regions, max 7 regions, time remaining 48.95ms, optional threshold 9.79ms
[2024-10-12T10:23:27.473+0800][debug][gc,ergo,cset] GC(659) Finish adding old regions to collection set (Maximum number of regions). Initial 7 regions, optional 0 regions
[2024-10-12T10:23:27.473+0800][debug][gc,ergo,cset] GC(659) Finish choosing collection set old regions. Initial: 7, optional: 0, predicted old time: 0.00ms, predicted optional time: 0.00ms, time remaining: 47.92
[2024-10-12T10:23:27.578+0800][debug][gc,ergo,cset] GC(660) Start adding old regions to collection set. Min 4 regions, max 7 regions, time remaining 48.91ms, optional threshold 9.78ms
[2024-10-12T10:23:27.578+0800][debug][gc,ergo,cset] GC(660) Finish adding old regions to collection set (Maximum number of regions). Initial 7 regions, optional 0 regions
[2024-10-12T10:23:27.578+0800][debug][gc,ergo,cset] GC(660) Finish choosing collection set old regions. Initial: 7, optional: 0, predicted old time: 0.00ms, predicted optional time: 0.00ms, time remaining: 47.57
[2024-10-12T10:23:27.682+0800][debug][gc,ergo,cset] GC(661) Start adding old regions to collection set. Min 4 regions, max 7 regions, time remaining 48.92ms, optional threshold 9.78ms
[2024-10-12T10:23:27.683+0800][debug][gc,ergo,cset] GC(661) Old candidate collection set empty.
[2024-10-12T10:23:27.683+0800][debug][gc,ergo,cset] GC(661) Finish choosing collection set old regions. Initial: 4, optional: 0, predicted old time: 0.00ms, predicted optional time: 0.00ms, time remaining: 48.18
[2024-10-12T10:23:28.005+0800][debug][gc,ergo,cset] GC(665) Pruned 11 regions out of 38, leaving 6551128 bytes waste (allowed 6710886)
[2024-10-12T10:23:28.148+0800][debug][gc,ergo,cset] Preventive GC, insufficient free regions. Predicted need 4. Curr Eden 2 (Pred 3). Curr Survivor 1 (Pred 1). Curr Old 52 (Pred 0) Free 4 Alloc 1
[2024-10-12T10:23:28.211+0800][debug][gc,ergo,cset] Preventive GC, insufficient free regions. Predicted need 4. Curr Eden 1 (Pred 2). Curr Survivor 1 (Pred 1). Curr Old 54 (Pred 1) Free 3 Alloc 1
[2024-10-12T10:23:28.211+0800][debug][gc,ergo,cset] GC(667) Start adding old regions to collection set. Min 4 regions, max 7 regions, time remaining 49.19ms, optional threshold 9.84ms
[2024-10-12T10:23:28.211+0800][debug][gc,ergo,cset] GC(667) Finish adding old regions to collection set (Maximum number of regions). Initial 7 regions, optional 0 regions
[2024-10-12T10:23:28.211+0800][debug][gc,ergo,cset] GC(667) Finish choosing collection set old regions. Initial: 7, optional: 0, predicted old time: 0.00ms, predicted optional time: 0.00ms, time remaining: 48.61
[2024-10-12T10:23:28.254+0800][debug][gc,ergo,cset] Preventive GC, insufficient free regions. Predicted need 5. Curr Eden 1 (Pred 2). Curr Survivor 1 (Pred 1). Curr Old 52 (Pred 2) Free 5 Alloc 1
[2024-10-12T10:23:28.254+0800][debug][gc,ergo,cset] GC(668) Start adding old regions to collection set. Min 4 regions, max 7 regions, time remaining 49.16ms, optional threshold 9.83ms
[2024-10-12T10:23:28.254+0800][debug][gc,ergo,cset] GC(668) Finish adding old regions to collection set (Maximum number of regions). Initial 7 regions, optional 0 regions
[2024-10-12T10:23:28.254+0800][debug][gc,ergo,cset] GC(668) Finish choosing collection set old regions. Initial: 7, optional: 0, predicted old time: 0.00ms, predicted optional time: 0.00ms, time remaining: 48.18
[2024-10-12T10:23:28.358+0800][debug][gc,ergo,cset] Preventive GC, insufficient free regions. Predicted need 7. Curr Eden 2 (Pred 3). Curr Survivor 1 (Pred 1). Curr Old 50 (Pred 3) Free 6 Alloc 1
[2024-10-12T10:23:28.358+0800][debug][gc,ergo,cset] GC(669) Start adding old regions to collection set. Min 4 regions, max 7 regions, time remaining 48.95ms, optional threshold 9.79ms
[2024-10-12T10:23:28.358+0800][debug][gc,ergo,cset] GC(669) Finish adding old regions to collection set (Maximum number of regions). Initial 7 regions, optional 0 regions
[2024-10-12T10:23:28.359+0800][debug][gc,ergo,cset] GC(669) Finish choosing collection set old regions. Initial: 7, optional: 0, predicted old time: 0.00ms, predicted optional time: 0.00ms, time remaining: 47.87
[2024-10-12T10:23:28.463+0800][debug][gc,ergo,cset] Preventive GC, insufficient free regions. Predicted need 7. Curr Eden 2 (Pred 3). Curr Survivor 1 (Pred 1). Curr Old 50 (Pred 3) Free 6 Alloc 1
[2024-10-12T10:23:28.463+0800][debug][gc,ergo,cset] GC(670) Start adding old regions to collection set. Min 4 regions, max 7 regions, time remaining 48.95ms, optional threshold 9.79ms
[2024-10-12T10:23:28.463+0800][debug][gc,ergo,cset] GC(670) Old candidate collection set empty.
[2024-10-12T10:23:28.463+0800][debug][gc,ergo,cset] GC(670) Finish choosing collection set old regions. Initial: 6, optional: 0, predicted old time: 0.00ms, predicted optional time: 0.00ms, time remaining: 47.83
[2024-10-12T10:23:28.568+0800][debug][gc,ergo,cset] Preventive GC, insufficient free regions. Predicted need 4. Curr Eden 2 (Pred 3). Curr Survivor 1 (Pred 1). Curr Old 53 (Pred 0) Free 3 Alloc 1
[2024-10-12T10:23:28.578+0800][debug][gc,ergo,cset] GC(672) Pruned 11 regions out of 40, leaving 6201696 bytes waste (allowed 6710886)
[2024-10-12T10:23:28.723+0800][debug][gc,ergo,cset] Preventive GC, insufficient free regions. Predicted need 4. Curr Eden 2 (Pred 3). Curr Survivor 1 (Pred 1). Curr Old 52 (Pred 0) Free 4 Alloc 1
[2024-10-12T10:23:28.786+0800][debug][gc,ergo,cset] Preventive GC, insufficient free regions. Predicted need 4. Curr Eden 1 (Pred 2). Curr Survivor 1 (Pred 1). Curr Old 54 (Pred 1) Free 3 Alloc 1
[2024-10-12T10:23:28.786+0800][debug][gc,ergo,cset] GC(674) Start adding old regions to collection set. Min 4 regions, max 7 regions, time remaining 49.15ms, optional threshold 9.83ms
[2024-10-12T10:23:28.786+0800][debug][gc,ergo,cset] GC(674) Finish adding old regions to collection set (Maximum number of regions). Initial 7 regions, optional 0 regions
[2024-10-12T10:23:28.786+0800][debug][gc,ergo,cset] GC(674) Finish choosing collection set old regions. Initial: 7, optional: 0, predicted old time: 0.00ms, predicted optional time: 0.00ms, time remaining: 48.84
[2024-10-12T10:23:28.889+0800][debug][gc,ergo,cset] GC(675) Start adding old regions to collection set. Min 4 regions, max 7 regions, time remaining 48.97ms, optional threshold 9.79ms
[2024-10-12T10:23:28.889+0800][debug][gc,ergo,cset] GC(675) Finish adding old regions to collection set (Maximum number of regions). Initial 7 regions, optional 0 regions
[2024-10-12T10:23:28.889+0800][debug][gc,ergo,cset] GC(675) Finish choosing collection set old regions. Initial: 7, optional: 0, predicted old time: 0.00ms, predicted optional time: 0.00ms, time remaining: 48.18
[2024-10-12T10:23:28.994+0800][debug][gc,ergo,cset] GC(676) Start adding old regions to collection set. Min 4 regions, max 7 regions, time remaining 48.94ms, optional threshold 9.79ms
[2024-10-12T10:23:28.994+0800][debug][gc,ergo,cset] GC(676) Finish adding old regions to collection set (Maximum number of regions). Initial 7 regions, optional 0 regions
[2024-10-12T10:23:28.994+0800][debug][gc,ergo,cset] GC(676) Finish choosing collection set old regions. Initial: 7, optional: 0, predicted old time: 0.00ms, predicted optional time: 0.00ms, time remaining: 47.87
[2024-10-12T10:23:29.099+0800][debug][gc,ergo,cset] GC(677) Start adding old regions to collection set. Min 4 regions, max 7 regions, time remaining 48.94ms, optional threshold 9.79ms
[2024-10-12T10:23:29.099+0800][debug][gc,ergo,cset] GC(677) Finish adding old regions to collection set (Maximum number of regions). Initial 7 regions, optional 0 regions
[2024-10-12T10:23:29.099+0800][debug][gc,ergo,cset] GC(677) Finish choosing collection set old regions. Initial: 7, optional: 0, predicted old time: 0.00ms, predicted optional time: 0.00ms, time remaining: 47.72
[2024-10-12T10:23:29.204+0800][debug][gc,ergo,cset] GC(678) Start adding old regions to collection set. Min 4 regions, max 7 regions, time remaining 48.94ms, optional threshold 9.79ms
[2024-10-12T10:23:29.204+0800][debug][gc,ergo,cset] GC(678) Old candidate collection set empty.
[2024-10-12T10:23:29.204+0800][debug][gc,ergo,cset] GC(678) Finish choosing collection set old regions. Initial: 1, optional: 0, predicted old time: 0.00ms, predicted optional time: 0.00ms, time remaining: 48.74
[2024-10-12T10:23:29.340+0800][debug][gc,ergo,cset] GC(681) Pruned 12 regions out of 38, leaving 6544080 bytes waste (allowed 6710886)
[2024-10-12T10:23:29.504+0800][debug][gc,ergo,cset] Preventive GC, insufficient free regions. Predicted need 4. Curr Eden 2 (Pred 3). Curr Survivor 1 (Pred 1). Curr Old 51 (Pred 0) Free 4 Alloc 1
[2024-10-12T10:23:29.612+0800][debug][gc,ergo,cset] Preventive GC, insufficient free regions. Predicted need 5. Curr Eden 2 (Pred 3). Curr Survivor 1 (Pred 1). Curr Old 52 (Pred 1) Free 4 Alloc 1
[2024-10-12T10:23:29.612+0800][debug][gc,ergo,cset] GC(683) Start adding old regions to collection set. Min 4 regions, max 7 regions, time remaining 48.46ms, optional threshold 9.69ms
[2024-10-12T10:23:29.612+0800][debug][gc,ergo,cset] GC(683) Finish adding old regions to collection set (Maximum number of regions). Initial 7 regions, optional 0 regions
[2024-10-12T10:23:29.612+0800][debug][gc,ergo,cset] GC(683) Finish choosing collection set old regions. Initial: 7, optional: 0, predicted old time: 0.00ms, predicted optional time: 0.00ms, time remaining: 47.54
[2024-10-12T10:23:29.716+0800][debug][gc,ergo,cset] Preventive GC, insufficient free regions. Predicted need 6. Curr Eden 2 (Pred 3). Curr Survivor 1 (Pred 1). Curr Old 51 (Pred 2) Free 5 Alloc 1
[2024-10-12T10:23:29.717+0800][debug][gc,ergo,cset] GC(684) Start adding old regions to collection set. Min 4 regions, max 7 regions, time remaining 48.39ms, optional threshold 9.68ms
[2024-10-12T10:23:29.717+0800][debug][gc,ergo,cset] GC(684) Finish adding old regions to collection set (Maximum number of regions). Initial 7 regions, optional 0 regions
[2024-10-12T10:23:29.717+0800][debug][gc,ergo,cset] GC(684) Finish choosing collection set old regions. Initial: 7, optional: 0, predicted old time: 0.00ms, predicted optional time: 0.00ms, time remaining: 47.00
[2024-10-12T10:23:29.780+0800][debug][gc,ergo,cset] Preventive GC, insufficient free regions. Predicted need 6. Curr Eden 1 (Pred 2). Curr Survivor 1 (Pred 1). Curr Old 56 (Pred 3) Free 1 Alloc 1
[2024-10-12T10:23:29.781+0800][debug][gc,ergo,cset] GC(685) Start adding old regions to collection set. Min 4 regions, max 7 regions, time remaining 48.67ms, optional threshold 9.73ms
[2024-10-12T10:23:29.781+0800][debug][gc,ergo,cset] GC(685) Finish adding old regions to collection set (Maximum number of regions). Initial 7 regions, optional 0 regions
[2024-10-12T10:23:29.781+0800][debug][gc,ergo,cset] GC(685) Finish choosing collection set old regions. Initial: 7, optional: 0, predicted old time: 0.00ms, predicted optional time: 0.00ms, time remaining: 47.14
[2024-10-12T10:23:29.824+0800][debug][gc,ergo,cset] GC(686) Start adding old regions to collection set. Min 4 regions, max 7 regions, time remaining 48.64ms, optional threshold 9.73ms
[2024-10-12T10:23:29.824+0800][debug][gc,ergo,cset] GC(686) Old candidate collection set empty.
[2024-10-12T10:23:29.824+0800][debug][gc,ergo,cset] GC(686) Finish choosing collection set old regions. Initial: 5, optional: 0, predicted old time: 0.00ms, predicted optional time: 0.00ms, time remaining: 47.26
[2024-10-12T10:23:30.434+0800][debug][gc,ergo,cset] GC(693) Pruned 11 regions out of 37, leaving 6626088 bytes waste (allowed 6710886)
[2024-10-12T10:23:30.681+0800][debug][gc,ergo,cset] Preventive GC, insufficient free regions. Predicted need 6. Curr Eden 2 (Pred 3). Curr Survivor 1 (Pred 1). Curr Old 51 (Pred 2) Free 5 Alloc 1
[2024-10-12T10:23:30.681+0800][debug][gc,ergo,cset] GC(695) Start adding old regions to collection set. Min 4 regions, max 7 regions, time remaining 48.59ms, optional threshold 9.72ms
[2024-10-12T10:23:30.681+0800][debug][gc,ergo,cset] GC(695) Finish adding old regions to collection set (Maximum number of regions). Initial 7 regions, optional 0 regions
[2024-10-12T10:23:30.681+0800][debug][gc,ergo,cset] GC(695) Finish choosing collection set old regions. Initial: 7, optional: 0, predicted old time: 0.00ms, predicted optional time: 0.00ms, time remaining: 47.76
[2024-10-12T10:23:30.786+0800][debug][gc,ergo,cset] GC(696) Start adding old regions to collection set. Min 4 regions, max 7 regions, time remaining 48.65ms, optional threshold 9.73ms
[2024-10-12T10:23:30.786+0800][debug][gc,ergo,cset] GC(696) Finish adding old regions to collection set (Maximum number of regions). Initial 7 regions, optional 0 regions
[2024-10-12T10:23:30.786+0800][debug][gc,ergo,cset] GC(696) Finish choosing collection set old regions. Initial: 7, optional: 0, predicted old time: 0.00ms, predicted optional time: 0.00ms, time remaining: 47.56
[2024-10-12T10:23:30.890+0800][debug][gc,ergo,cset] GC(697) Start adding old regions to collection set. Min 4 regions, max 7 regions, time remaining 48.71ms, optional threshold 9.74ms
[2024-10-12T10:23:30.890+0800][debug][gc,ergo,cset] GC(697) Finish adding old regions to collection set (Maximum number of regions). Initial 7 regions, optional 0 regions
[2024-10-12T10:23:30.890+0800][debug][gc,ergo,cset] GC(697) Finish choosing collection set old regions. Initial: 7, optional: 0, predicted old time: 0.00ms, predicted optional time: 0.00ms, time remaining: 47.43
[2024-10-12T10:23:30.995+0800][debug][gc,ergo,cset] GC(698) Start adding old regions to collection set. Min 4 regions, max 7 regions, time remaining 48.78ms, optional threshold 9.76ms
[2024-10-12T10:23:30.995+0800][debug][gc,ergo,cset] GC(698) Old candidate collection set empty.
[2024-10-12T10:23:30.995+0800][debug][gc,ergo,cset] GC(698) Finish choosing collection set old regions. Initial: 5, optional: 0, predicted old time: 0.00ms, predicted optional time: 0.00ms, time remaining: 47.87
[2024-10-12T10:23:31.318+0800][debug][gc,ergo,cset] GC(702) Pruned 11 regions out of 43, leaving 6683920 bytes waste (allowed 6710886)
[2024-10-12T10:23:31.461+0800][debug][gc,ergo,cset] Preventive GC, insufficient free regions. Predicted need 4. Curr Eden 2 (Pred 3). Curr Survivor 1 (Pred 1). Curr Old 52 (Pred 0) Free 4 Alloc 1
[2024-10-12T10:23:31.524+0800][debug][gc,ergo,cset] Preventive GC, insufficient free regions. Predicted need 4. Curr Eden 1 (Pred 2). Curr Survivor 1 (Pred 1). Curr Old 54 (Pred 1) Free 3 Alloc 1
[2024-10-12T10:23:31.524+0800][debug][gc,ergo,cset] GC(704) Start adding old regions to collection set. Min 4 regions, max 7 regions, time remaining 49.17ms, optional threshold 9.83ms
[2024-10-12T10:23:31.524+0800][debug][gc,ergo,cset] GC(704) Finish adding old regions to collection set (Maximum number of regions). Initial 7 regions, optional 0 regions
[2024-10-12T10:23:31.524+0800][debug][gc,ergo,cset] GC(704) Finish choosing collection set old regions. Initial: 7, optional: 0, predicted old time: 0.00ms, predicted optional time: 0.00ms, time remaining: 48.55
[2024-10-12T10:23:31.567+0800][debug][gc,ergo,cset] Preventive GC, insufficient free regions. Predicted need 5. Curr Eden 1 (Pred 2). Curr Survivor 1 (Pred 1). Curr Old 53 (Pred 2) Free 4 Alloc 1
[2024-10-12T10:23:31.567+0800][debug][gc,ergo,cset] GC(705) Start adding old regions to collection set. Min 4 regions, max 7 regions, time remaining 49.13ms, optional threshold 9.83ms
[2024-10-12T10:23:31.567+0800][debug][gc,ergo,cset] GC(705) Finish adding old regions to collection set (Maximum number of regions). Initial 7 regions, optional 0 regions
[2024-10-12T10:23:31.567+0800][debug][gc,ergo,cset] GC(705) Finish choosing collection set old regions. Initial: 7, optional: 0, predicted old time: 0.00ms, predicted optional time: 0.00ms, time remaining: 48.16
