[2024-10-12T10:37:12.884+0800][info] Using G1
[2024-10-12T10:37:12.887+0800][info] Version: 17.0.11-internal+0-adhoc.cxl.TencentKona-17-TencentKona-17.0.11 (release)
[2024-10-12T10:37:12.887+0800][info] CPUs: 72 total, 72 available
[2024-10-12T10:37:12.887+0800][info] Memory: 125G
[2024-10-12T10:37:12.887+0800][info] Large Page Support: Disabled
[2024-10-12T10:37:12.887+0800][info] NUMA Support: Disabled
[2024-10-12T10:37:12.887+0800][info] Compressed Oops: Enabled (32-bit)
[2024-10-12T10:37:12.887+0800][info] Heap Region Size: 2M
[2024-10-12T10:37:12.887+0800][info] Heap Min Capacity: 128M
[2024-10-12T10:37:12.887+0800][info] Heap Initial Capacity: 128M
[2024-10-12T10:37:12.887+0800][info] Heap Max Capacity: 128M
[2024-10-12T10:37:12.887+0800][info] Pre-touch: Disabled
[2024-10-12T10:37:12.887+0800][info] Parallel Workers: 48
[2024-10-12T10:37:12.887+0800][info] Concurrent Workers: 12
[2024-10-12T10:37:12.887+0800][info] Concurrent Refinement Workers: 48
[2024-10-12T10:37:12.887+0800][info] Periodic GC: Disabled
[2024-10-12T10:37:12.899+0800][info] CDS archive(s) mapped at: [0x0000733753000000-0x0000733753bc7000-0x0000733753bc7000), size 12349440, SharedBaseAddress: 0x0000733753000000, ArchiveRelocationMode: 1.
[2024-10-12T10:37:12.899+0800][info] Compressed class space mapped at: 0x0000733754000000-0x0000733794000000, reserved size: 1073741824
[2024-10-12T10:37:12.899+0800][info] Narrow klass base: 0x0000733753000000, Narrow klass shift: 0, Narrow klass range: 0x100000000
[2024-10-12T10:37:13.076+0800][info] GC(0) Pause Young (Normal) (G1 Evacuation Pause)
[2024-10-12T10:37:13.077+0800][info] GC(0) Using 3 workers of 48 for evacuation
[2024-10-12T10:37:13.080+0800][info] GC(0)   Pre Evacuate Collection Set: 0.0ms
[2024-10-12T10:37:13.080+0800][info] GC(0)   Merge Heap Roots: 0.0ms
[2024-10-12T10:37:13.080+0800][info] GC(0)   Evacuate Collection Set: 2.8ms
[2024-10-12T10:37:13.080+0800][info] GC(0)   Post Evacuate Collection Set: 0.7ms
[2024-10-12T10:37:13.081+0800][info] GC(0)   Other: 0.7ms
[2024-10-12T10:37:13.081+0800][info] GC(0) Eden regions: 3->0(2)
[2024-10-12T10:37:13.081+0800][info] GC(0) Survivor regions: 0->1(1)
[2024-10-12T10:37:13.081+0800][info] GC(0) Old regions: 0->2
[2024-10-12T10:37:13.081+0800][info] GC(0) Archive regions: 2->2
[2024-10-12T10:37:13.081+0800][info] GC(0) Humongous regions: 1->1
[2024-10-12T10:37:13.081+0800][info] GC(0) Metaspace: 1151K(1280K)->1151K(1280K) NonClass: 1033K(1088K)->1033K(1088K) Class: 118K(192K)->118K(192K)
[2024-10-12T10:37:13.081+0800][info] GC(0) Pause Young (Normal) (G1 Evacuation Pause) 9M->8M(128M) 4.350ms
[2024-10-12T10:37:13.081+0800][info] GC(0) User=0.01s Sys=0.00s Real=0.00s
[2024-10-12T10:37:13.188+0800][info] GC(1) Pause Young (Normal) (G1 Evacuation Pause)
[2024-10-12T10:37:13.188+0800][info] GC(1) Using 3 workers of 48 for evacuation
[2024-10-12T10:37:13.192+0800][info] GC(1)   Pre Evacuate Collection Set: 0.1ms
[2024-10-12T10:37:13.192+0800][info] GC(1)   Merge Heap Roots: 0.0ms
[2024-10-12T10:37:13.192+0800][info] GC(1)   Evacuate Collection Set: 3.2ms
[2024-10-12T10:37:13.192+0800][info] GC(1)   Post Evacuate Collection Set: 0.2ms
[2024-10-12T10:37:13.192+0800][info] GC(1)   Other: 0.2ms
[2024-10-12T10:37:13.192+0800][info] GC(1) Eden regions: 2->0(2)
[2024-10-12T10:37:13.192+0800][info] GC(1) Survivor regions: 1->1(1)
[2024-10-12T10:37:13.192+0800][info] GC(1) Old regions: 2->4
[2024-10-12T10:37:13.192+0800][info] GC(1) Archive regions: 2->2
[2024-10-12T10:37:13.192+0800][info] GC(1) Humongous regions: 1->1
[2024-10-12T10:37:13.192+0800][info] GC(1) Metaspace: 1238K(1344K)->1238K(1344K) NonClass: 1111K(1152K)->1111K(1152K) Class: 127K(192K)->127K(192K)
[2024-10-12T10:37:13.192+0800][info] GC(1) Pause Young (Normal) (G1 Evacuation Pause) 12M->12M(128M) 3.963ms
[2024-10-12T10:37:13.192+0800][info] GC(1) User=0.00s Sys=0.01s Real=0.00s
[2024-10-12T10:37:13.319+0800][info] GC(2) Pause Young (Normal) (G1 Evacuation Pause)
[2024-10-12T10:37:13.319+0800][info] GC(2) Using 3 workers of 48 for evacuation
[2024-10-12T10:37:13.323+0800][info] GC(2)   Pre Evacuate Collection Set: 0.1ms
[2024-10-12T10:37:13.324+0800][info] GC(2)   Merge Heap Roots: 0.0ms
[2024-10-12T10:37:13.324+0800][info] GC(2)   Evacuate Collection Set: 2.6ms
[2024-10-12T10:37:13.324+0800][info] GC(2)   Post Evacuate Collection Set: 0.8ms
[2024-10-12T10:37:13.324+0800][info] GC(2)   Other: 0.2ms
[2024-10-12T10:37:13.324+0800][info] GC(2) Eden regions: 2->0(2)
[2024-10-12T10:37:13.324+0800][info] GC(2) Survivor regions: 1->1(1)
[2024-10-12T10:37:13.324+0800][info] GC(2) Old regions: 4->5
[2024-10-12T10:37:13.324+0800][info] GC(2) Archive regions: 2->2
[2024-10-12T10:37:13.324+0800][info] GC(2) Humongous regions: 1->1
[2024-10-12T10:37:13.324+0800][info] GC(2) Metaspace: 1364K(1472K)->1364K(1472K) NonClass: 1228K(1280K)->1228K(1280K) Class: 135K(192K)->135K(192K)
[2024-10-12T10:37:13.324+0800][info] GC(2) Pause Young (Normal) (G1 Evacuation Pause) 15M->14M(128M) 4.393ms
[2024-10-12T10:37:13.324+0800][info] GC(2) User=0.01s Sys=0.00s Real=0.00s
[2024-10-12T10:37:13.428+0800][info] GC(3) Pause Young (Normal) (G1 Evacuation Pause)
[2024-10-12T10:37:13.428+0800][info] GC(3) Using 3 workers of 48 for evacuation
[2024-10-12T10:37:13.432+0800][info] GC(3)   Pre Evacuate Collection Set: 0.1ms
[2024-10-12T10:37:13.432+0800][info] GC(3)   Merge Heap Roots: 0.0ms
[2024-10-12T10:37:13.432+0800][info] GC(3)   Evacuate Collection Set: 3.4ms
[2024-10-12T10:37:13.432+0800][info] GC(3)   Post Evacuate Collection Set: 0.3ms
[2024-10-12T10:37:13.432+0800][info] GC(3)   Other: 0.2ms
[2024-10-12T10:37:13.432+0800][info] GC(3) Eden regions: 2->0(3)
[2024-10-12T10:37:13.432+0800][info] GC(3) Survivor regions: 1->1(1)
[2024-10-12T10:37:13.432+0800][info] GC(3) Old regions: 5->7
[2024-10-12T10:37:13.432+0800][info] GC(3) Archive regions: 2->2
[2024-10-12T10:37:13.432+0800][info] GC(3) Humongous regions: 1->1
[2024-10-12T10:37:13.432+0800][info] GC(3) Metaspace: 1365K(1536K)->1365K(1536K) NonClass: 1229K(1344K)->1229K(1344K) Class: 135K(192K)->135K(192K)
[2024-10-12T10:37:13.432+0800][info] GC(3) Pause Young (Normal) (G1 Evacuation Pause) 18M->18M(128M) 4.163ms
[2024-10-12T10:37:13.432+0800][info] GC(3) User=0.01s Sys=0.00s Real=0.00s
[2024-10-12T10:37:13.599+0800][info] GC(4) Pause Young (Normal) (G1 Evacuation Pause)
[2024-10-12T10:37:13.599+0800][info] GC(4) Using 3 workers of 48 for evacuation
[2024-10-12T10:37:13.604+0800][info] GC(4)   Pre Evacuate Collection Set: 0.1ms
[2024-10-12T10:37:13.604+0800][info] GC(4)   Merge Heap Roots: 0.0ms
[2024-10-12T10:37:13.604+0800][info] GC(4)   Evacuate Collection Set: 4.9ms
[2024-10-12T10:37:13.604+0800][info] GC(4)   Post Evacuate Collection Set: 0.2ms
[2024-10-12T10:37:13.604+0800][info] GC(4)   Other: 0.2ms
[2024-10-12T10:37:13.604+0800][info] GC(4) Eden regions: 3->0(5)
[2024-10-12T10:37:13.604+0800][info] GC(4) Survivor regions: 1->1(1)
[2024-10-12T10:37:13.604+0800][info] GC(4) Old regions: 7->10
[2024-10-12T10:37:13.604+0800][info] GC(4) Archive regions: 2->2
[2024-10-12T10:37:13.604+0800][info] GC(4) Humongous regions: 1->1
[2024-10-12T10:37:13.604+0800][info] GC(4) Metaspace: 1370K(1536K)->1370K(1536K) NonClass: 1235K(1344K)->1235K(1344K) Class: 135K(192K)->135K(192K)
[2024-10-12T10:37:13.604+0800][info] GC(4) Pause Young (Normal) (G1 Evacuation Pause) 24M->24M(128M) 5.557ms
[2024-10-12T10:37:13.604+0800][info] GC(4) User=0.00s Sys=0.01s Real=0.00s
[2024-10-12T10:37:13.876+0800][info] GC(5) Pause Young (Normal) (G1 Evacuation Pause)
[2024-10-12T10:37:13.876+0800][info] GC(5) Using 3 workers of 48 for evacuation
[2024-10-12T10:37:13.883+0800][info] GC(5)   Pre Evacuate Collection Set: 0.1ms
[2024-10-12T10:37:13.883+0800][info] GC(5)   Merge Heap Roots: 0.0ms
[2024-10-12T10:37:13.883+0800][info] GC(5)   Evacuate Collection Set: 6.9ms
[2024-10-12T10:37:13.883+0800][info] GC(5)   Post Evacuate Collection Set: 0.2ms
[2024-10-12T10:37:13.884+0800][info] GC(5)   Other: 0.2ms
[2024-10-12T10:37:13.884+0800][info] GC(5) Eden regions: 5->0(6)
[2024-10-12T10:37:13.884+0800][info] GC(5) Survivor regions: 1->1(1)
[2024-10-12T10:37:13.884+0800][info] GC(5) Old regions: 10->14
[2024-10-12T10:37:13.884+0800][info] GC(5) Archive regions: 2->2
[2024-10-12T10:37:13.884+0800][info] GC(5) Humongous regions: 1->1
[2024-10-12T10:37:13.884+0800][info] GC(5) Metaspace: 1380K(1536K)->1380K(1536K) NonClass: 1244K(1344K)->1244K(1344K) Class: 135K(192K)->135K(192K)
[2024-10-12T10:37:13.884+0800][info] GC(5) Pause Young (Normal) (G1 Evacuation Pause) 34M->33M(128M) 7.642ms
[2024-10-12T10:37:13.884+0800][info] GC(5) User=0.00s Sys=0.02s Real=0.00s
[2024-10-12T10:37:14.217+0800][info] GC(6) Pause Young (Normal) (G1 Evacuation Pause)
[2024-10-12T10:37:14.217+0800][info] GC(6) Using 3 workers of 48 for evacuation
[2024-10-12T10:37:14.224+0800][info] GC(6)   Pre Evacuate Collection Set: 0.1ms
[2024-10-12T10:37:14.224+0800][info] GC(6)   Merge Heap Roots: 0.0ms
[2024-10-12T10:37:14.224+0800][info] GC(6)   Evacuate Collection Set: 6.6ms
[2024-10-12T10:37:14.224+0800][info] GC(6)   Post Evacuate Collection Set: 0.2ms
[2024-10-12T10:37:14.224+0800][info] GC(6)   Other: 0.3ms
[2024-10-12T10:37:14.224+0800][info] GC(6) Eden regions: 6->0(13)
[2024-10-12T10:37:14.224+0800][info] GC(6) Survivor regions: 1->1(1)
[2024-10-12T10:37:14.224+0800][info] GC(6) Old regions: 14->19
[2024-10-12T10:37:14.224+0800][info] GC(6) Archive regions: 2->2
[2024-10-12T10:37:14.224+0800][info] GC(6) Humongous regions: 1->1
[2024-10-12T10:37:14.224+0800][info] GC(6) Metaspace: 1387K(1536K)->1387K(1536K) NonClass: 1251K(1344K)->1251K(1344K) Class: 135K(192K)->135K(192K)
[2024-10-12T10:37:14.224+0800][info] GC(6) Pause Young (Normal) (G1 Evacuation Pause) 45M->42M(128M) 7.362ms
[2024-10-12T10:37:14.224+0800][info] GC(6) User=0.01s Sys=0.01s Real=0.00s
[2024-10-12T10:37:14.969+0800][info] GC(7) Pause Young (Normal) (G1 Evacuation Pause)
[2024-10-12T10:37:14.969+0800][info] GC(7) Using 3 workers of 48 for evacuation
[2024-10-12T10:37:14.982+0800][info] GC(7)   Pre Evacuate Collection Set: 0.1ms
[2024-10-12T10:37:14.982+0800][info] GC(7)   Merge Heap Roots: 0.0ms
[2024-10-12T10:37:14.982+0800][info] GC(7)   Evacuate Collection Set: 12.7ms
[2024-10-12T10:37:14.982+0800][info] GC(7)   Post Evacuate Collection Set: 0.2ms
[2024-10-12T10:37:14.982+0800][info] GC(7)   Other: 0.3ms
[2024-10-12T10:37:14.982+0800][info] GC(7) Eden regions: 13->0(7)
[2024-10-12T10:37:14.982+0800][info] GC(7) Survivor regions: 1->2(2)
[2024-10-12T10:37:14.982+0800][info] GC(7) Old regions: 19->28
[2024-10-12T10:37:14.982+0800][info] GC(7) Archive regions: 2->2
[2024-10-12T10:37:14.982+0800][info] GC(7) Humongous regions: 1->1
[2024-10-12T10:37:14.982+0800][info] GC(7) Metaspace: 1410K(1536K)->1410K(1536K) NonClass: 1274K(1344K)->1274K(1344K) Class: 135K(192K)->135K(192K)
[2024-10-12T10:37:14.982+0800][info] GC(7) Pause Young (Normal) (G1 Evacuation Pause) 68M->63M(128M) 13.522ms
[2024-10-12T10:37:14.982+0800][info] GC(7) User=0.01s Sys=0.03s Real=0.01s
[2024-10-12T10:37:15.168+0800][info] GC(8) Pause Young (Concurrent Start) (G1 Humongous Allocation)
[2024-10-12T10:37:15.168+0800][info] GC(8) Using 3 workers of 48 for evacuation
[2024-10-12T10:37:15.174+0800][info] GC(8)   Pre Evacuate Collection Set: 0.1ms
[2024-10-12T10:37:15.174+0800][info] GC(8)   Merge Heap Roots: 0.1ms
[2024-10-12T10:37:15.174+0800][info] GC(8)   Evacuate Collection Set: 3.8ms
[2024-10-12T10:37:15.174+0800][info] GC(8)   Post Evacuate Collection Set: 0.2ms
[2024-10-12T10:37:15.174+0800][info] GC(8)   Other: 1.3ms
[2024-10-12T10:37:15.174+0800][info] GC(8) Eden regions: 4->0(6)
[2024-10-12T10:37:15.174+0800][info] GC(8) Survivor regions: 2->2(2)
[2024-10-12T10:37:15.174+0800][info] GC(8) Old regions: 28->31
[2024-10-12T10:37:15.174+0800][info] GC(8) Archive regions: 2->2
[2024-10-12T10:37:15.174+0800][info] GC(8) Humongous regions: 1->1
[2024-10-12T10:37:15.174+0800][info] GC(8) Metaspace: 1410K(1536K)->1410K(1536K) NonClass: 1275K(1344K)->1275K(1344K) Class: 135K(192K)->135K(192K)
[2024-10-12T10:37:15.174+0800][info] GC(8) Pause Young (Concurrent Start) (G1 Humongous Allocation) 70M->68M(128M) 5.669ms
[2024-10-12T10:37:15.174+0800][info] GC(8) User=0.00s Sys=0.01s Real=0.01s
[2024-10-12T10:37:15.174+0800][info] GC(9) Concurrent Mark Cycle
[2024-10-12T10:37:15.175+0800][info] GC(9) Concurrent Clear Claimed Marks
[2024-10-12T10:37:15.175+0800][info] GC(9) Concurrent Clear Claimed Marks 0.015ms
[2024-10-12T10:37:15.175+0800][info] GC(9) Concurrent Scan Root Regions
[2024-10-12T10:37:15.176+0800][info] GC(9) Concurrent Scan Root Regions 1.494ms
[2024-10-12T10:37:15.176+0800][info] GC(9) Concurrent Mark
[2024-10-12T10:37:15.176+0800][info] GC(9) Concurrent Mark From Roots
[2024-10-12T10:37:15.178+0800][info] GC(9) Using 12 workers of 12 for marking
[2024-10-12T10:37:15.181+0800][info] GC(9) Concurrent Mark From Roots 4.447ms
[2024-10-12T10:37:15.181+0800][info] GC(9) Concurrent Preclean
[2024-10-12T10:37:15.182+0800][info] GC(9) Concurrent Preclean 1.089ms
[2024-10-12T10:37:15.182+0800][info] GC(9) Pause Remark
[2024-10-12T10:37:15.183+0800][info] GC(9) Pause Remark 71M->69M(128M) 1.045ms
[2024-10-12T10:37:15.183+0800][info] GC(9) User=0.00s Sys=0.00s Real=0.00s
[2024-10-12T10:37:15.183+0800][info] GC(9) Concurrent Mark 6.884ms
[2024-10-12T10:37:15.183+0800][info] GC(9) Concurrent Rebuild Remembered Sets
[2024-10-12T10:37:15.184+0800][info] GC(9) Concurrent Rebuild Remembered Sets 0.783ms
[2024-10-12T10:37:15.184+0800][info] GC(9) Pause Cleanup
[2024-10-12T10:37:15.184+0800][info] GC(9) Pause Cleanup 69M->69M(128M) 0.191ms
[2024-10-12T10:37:15.184+0800][info] GC(9) User=0.00s Sys=0.00s Real=0.00s
[2024-10-12T10:37:15.184+0800][info] GC(9) Concurrent Cleanup for Next Mark
[2024-10-12T10:37:15.185+0800][info] GC(9) Concurrent Cleanup for Next Mark 1.146ms
[2024-10-12T10:37:15.186+0800][info] GC(9) Concurrent Mark Cycle 11.321ms
[2024-10-12T10:37:15.564+0800][info] GC(10) Pause Young (Prepare Mixed) (G1 Evacuation Pause)
[2024-10-12T10:37:15.564+0800][info] GC(10) Using 3 workers of 48 for evacuation
[2024-10-12T10:37:15.571+0800][info] GC(10)   Pre Evacuate Collection Set: 0.1ms
[2024-10-12T10:37:15.571+0800][info] GC(10)   Merge Heap Roots: 0.0ms
[2024-10-12T10:37:15.571+0800][info] GC(10)   Evacuate Collection Set: 6.3ms
[2024-10-12T10:37:15.571+0800][info] GC(10)   Post Evacuate Collection Set: 0.2ms
[2024-10-12T10:37:15.571+0800][info] GC(10)   Other: 0.2ms
[2024-10-12T10:37:15.571+0800][info] GC(10) Eden regions: 6->0(2)
[2024-10-12T10:37:15.571+0800][info] GC(10) Survivor regions: 2->1(1)
[2024-10-12T10:37:15.571+0800][info] GC(10) Old regions: 30->36
[2024-10-12T10:37:15.571+0800][info] GC(10) Archive regions: 2->2
[2024-10-12T10:37:15.571+0800][info] GC(10) Humongous regions: 2->2
[2024-10-12T10:37:15.571+0800][info] GC(10) Metaspace: 1435K(1600K)->1435K(1600K) NonClass: 1299K(1408K)->1299K(1408K) Class: 135K(192K)->135K(192K)
[2024-10-12T10:37:15.571+0800][info] GC(10) Pause Young (Prepare Mixed) (G1 Evacuation Pause) 80M->78M(128M) 7.059ms
[2024-10-12T10:37:15.571+0800][info] GC(10) User=0.00s Sys=0.02s Real=0.01s
[2024-10-12T10:37:15.677+0800][info] GC(11) Pause Young (Mixed) (G1 Evacuation Pause)
[2024-10-12T10:37:15.677+0800][info] GC(11) Using 3 workers of 48 for evacuation
[2024-10-12T10:37:15.681+0800][info] GC(11)   Pre Evacuate Collection Set: 0.2ms
[2024-10-12T10:37:15.681+0800][info] GC(11)   Merge Heap Roots: 0.1ms
[2024-10-12T10:37:15.681+0800][info] GC(11)   Evacuate Collection Set: 4.1ms
[2024-10-12T10:37:15.681+0800][info] GC(11)   Post Evacuate Collection Set: 0.3ms
[2024-10-12T10:37:15.681+0800][info] GC(11)   Other: 0.3ms
[2024-10-12T10:37:15.681+0800][info] GC(11) Eden regions: 2->0(2)
[2024-10-12T10:37:15.681+0800][info] GC(11) Survivor regions: 1->1(1)
[2024-10-12T10:37:15.681+0800][info] GC(11) Old regions: 36->32
[2024-10-12T10:37:15.681+0800][info] GC(11) Archive regions: 2->2
[2024-10-12T10:37:15.682+0800][info] GC(11) Humongous regions: 2->2
[2024-10-12T10:37:15.682+0800][info] GC(11) Metaspace: 1446K(1600K)->1446K(1600K) NonClass: 1310K(1408K)->1310K(1408K) Class: 135K(192K)->135K(192K)
[2024-10-12T10:37:15.682+0800][info] GC(11) Pause Young (Mixed) (G1 Evacuation Pause) 82M->70M(128M) 4.971ms
[2024-10-12T10:37:15.682+0800][info] GC(11) User=0.01s Sys=0.01s Real=0.00s
[2024-10-12T10:37:15.785+0800][info] GC(12) Pause Young (Mixed) (G1 Evacuation Pause)
[2024-10-12T10:37:15.785+0800][info] GC(12) Using 3 workers of 48 for evacuation
[2024-10-12T10:37:15.788+0800][info] GC(12)   Pre Evacuate Collection Set: 0.2ms
[2024-10-12T10:37:15.788+0800][info] GC(12)   Merge Heap Roots: 0.1ms
[2024-10-12T10:37:15.788+0800][info] GC(12)   Evacuate Collection Set: 2.7ms
[2024-10-12T10:37:15.788+0800][info] GC(12)   Post Evacuate Collection Set: 0.2ms
[2024-10-12T10:37:15.788+0800][info] GC(12)   Other: 0.2ms
[2024-10-12T10:37:15.789+0800][info] GC(12) Eden regions: 2->0(2)
[2024-10-12T10:37:15.789+0800][info] GC(12) Survivor regions: 1->1(1)
[2024-10-12T10:37:15.789+0800][info] GC(12) Old regions: 32->29
[2024-10-12T10:37:15.789+0800][info] GC(12) Archive regions: 2->2
[2024-10-12T10:37:15.789+0800][info] GC(12) Humongous regions: 2->2
[2024-10-12T10:37:15.789+0800][info] GC(12) Metaspace: 1455K(1600K)->1455K(1600K) NonClass: 1319K(1408K)->1319K(1408K) Class: 135K(192K)->135K(192K)
[2024-10-12T10:37:15.789+0800][info] GC(12) Pause Young (Mixed) (G1 Evacuation Pause) 73M->64M(128M) 3.451ms
[2024-10-12T10:37:15.789+0800][info] GC(12) User=0.01s Sys=0.01s Real=0.00s
[2024-10-12T10:37:15.894+0800][info] GC(13) Pause Young (Mixed) (G1 Evacuation Pause)
[2024-10-12T10:37:15.894+0800][info] GC(13) Using 3 workers of 48 for evacuation
[2024-10-12T10:37:15.895+0800][info] GC(13)   Pre Evacuate Collection Set: 0.2ms
[2024-10-12T10:37:15.895+0800][info] GC(13)   Merge Heap Roots: 0.1ms
[2024-10-12T10:37:15.895+0800][info] GC(13)   Evacuate Collection Set: 0.9ms
[2024-10-12T10:37:15.895+0800][info] GC(13)   Post Evacuate Collection Set: 0.2ms
[2024-10-12T10:37:15.895+0800][info] GC(13)   Other: 0.2ms
[2024-10-12T10:37:15.895+0800][info] GC(13) Eden regions: 2->0(6)
[2024-10-12T10:37:15.895+0800][info] GC(13) Survivor regions: 1->1(1)
[2024-10-12T10:37:15.895+0800][info] GC(13) Old regions: 29->30
[2024-10-12T10:37:15.895+0800][info] GC(13) Archive regions: 2->2
[2024-10-12T10:37:15.895+0800][info] GC(13) Humongous regions: 2->2
[2024-10-12T10:37:15.895+0800][info] GC(13) Metaspace: 1510K(1664K)->1510K(1664K) NonClass: 1374K(1472K)->1374K(1472K) Class: 135K(192K)->135K(192K)
[2024-10-12T10:37:15.895+0800][info] GC(13) Pause Young (Mixed) (G1 Evacuation Pause) 68M->67M(128M) 1.595ms
[2024-10-12T10:37:15.895+0800][info] GC(13) User=0.00s Sys=0.00s Real=0.00s
[2024-10-12T10:37:16.225+0800][info] GC(14) Pause Young (Concurrent Start) (G1 Evacuation Pause)
[2024-10-12T10:37:16.225+0800][info] GC(14) Using 3 workers of 48 for evacuation
[2024-10-12T10:37:16.228+0800][info] GC(14)   Pre Evacuate Collection Set: 0.1ms
[2024-10-12T10:37:16.228+0800][info] GC(14)   Merge Heap Roots: 0.1ms
[2024-10-12T10:37:16.228+0800][info] GC(14)   Evacuate Collection Set: 1.6ms
[2024-10-12T10:37:16.228+0800][info] GC(14)   Post Evacuate Collection Set: 0.2ms
[2024-10-12T10:37:16.228+0800][info] GC(14)   Other: 0.4ms
[2024-10-12T10:37:16.228+0800][info] GC(14) Eden regions: 6->0(4)
[2024-10-12T10:37:16.228+0800][info] GC(14) Survivor regions: 1->1(1)
[2024-10-12T10:37:16.228+0800][info] GC(14) Old regions: 30->36
[2024-10-12T10:37:16.228+0800][info] GC(14) Archive regions: 2->2
[2024-10-12T10:37:16.228+0800][info] GC(14) Humongous regions: 2->2
[2024-10-12T10:37:16.228+0800][info] GC(14) Metaspace: 1511K(1664K)->1511K(1664K) NonClass: 1376K(1472K)->1376K(1472K) Class: 135K(192K)->135K(192K)
[2024-10-12T10:37:16.228+0800][info] GC(14) Pause Young (Concurrent Start) (G1 Evacuation Pause) 79M->78M(128M) 2.445ms
[2024-10-12T10:37:16.228+0800][info] GC(14) User=0.00s Sys=0.01s Real=0.00s
[2024-10-12T10:37:16.228+0800][info] GC(15) Concurrent Mark Cycle
[2024-10-12T10:37:16.228+0800][info] GC(15) Concurrent Clear Claimed Marks
[2024-10-12T10:37:16.228+0800][info] GC(15) Concurrent Clear Claimed Marks 0.017ms
[2024-10-12T10:37:16.228+0800][info] GC(15) Concurrent Scan Root Regions
[2024-10-12T10:37:16.228+0800][info] GC(15) Concurrent Scan Root Regions 0.129ms
[2024-10-12T10:37:16.228+0800][info] GC(15) Concurrent Mark
[2024-10-12T10:37:16.228+0800][info] GC(15) Concurrent Mark From Roots
[2024-10-12T10:37:16.228+0800][info] GC(15) Using 12 workers of 12 for marking
[2024-10-12T10:37:16.231+0800][info] GC(15) Concurrent Mark From Roots 2.945ms
[2024-10-12T10:37:16.231+0800][info] GC(15) Concurrent Preclean
[2024-10-12T10:37:16.233+0800][info] GC(15) Concurrent Preclean 1.680ms
[2024-10-12T10:37:16.233+0800][info] GC(15) Pause Remark
[2024-10-12T10:37:16.234+0800][info] GC(15) Pause Remark 78M->78M(128M) 1.118ms
[2024-10-12T10:37:16.234+0800][info] GC(15) User=0.01s Sys=0.00s Real=0.01s
[2024-10-12T10:37:16.234+0800][info] GC(15) Concurrent Mark 5.933ms
[2024-10-12T10:37:16.234+0800][info] GC(15) Concurrent Rebuild Remembered Sets
[2024-10-12T10:37:16.235+0800][info] GC(15) Concurrent Rebuild Remembered Sets 1.084ms
[2024-10-12T10:37:16.235+0800][info] GC(15) Pause Cleanup
[2024-10-12T10:37:16.235+0800][info] GC(15) Pause Cleanup 78M->78M(128M) 0.181ms
[2024-10-12T10:37:16.235+0800][info] GC(15) User=0.00s Sys=0.00s Real=0.00s
[2024-10-12T10:37:16.236+0800][info] GC(15) Concurrent Cleanup for Next Mark
[2024-10-12T10:37:16.238+0800][info] GC(15) Concurrent Cleanup for Next Mark 2.059ms
[2024-10-12T10:37:16.238+0800][info] GC(15) Concurrent Mark Cycle 9.757ms
[2024-10-12T10:37:16.507+0800][info] GC(16) Pause Young (Prepare Mixed) (G1 Evacuation Pause)
[2024-10-12T10:37:16.507+0800][info] GC(16) Using 3 workers of 48 for evacuation
[2024-10-12T10:37:16.509+0800][info] GC(16)   Pre Evacuate Collection Set: 0.1ms
[2024-10-12T10:37:16.509+0800][info] GC(16)   Merge Heap Roots: 0.0ms
[2024-10-12T10:37:16.509+0800][info] GC(16)   Evacuate Collection Set: 1.3ms
[2024-10-12T10:37:16.509+0800][info] GC(16)   Post Evacuate Collection Set: 0.2ms
[2024-10-12T10:37:16.509+0800][info] GC(16)   Other: 0.3ms
[2024-10-12T10:37:16.509+0800][info] GC(16) Eden regions: 4->0(2)
[2024-10-12T10:37:16.509+0800][info] GC(16) Survivor regions: 1->1(1)
[2024-10-12T10:37:16.509+0800][info] GC(16) Old regions: 36->39
[2024-10-12T10:37:16.509+0800][info] GC(16) Archive regions: 2->2
[2024-10-12T10:37:16.509+0800][info] GC(16) Humongous regions: 2->2
[2024-10-12T10:37:16.509+0800][info] GC(16) Metaspace: 1516K(1664K)->1516K(1664K) NonClass: 1380K(1472K)->1380K(1472K) Class: 135K(192K)->135K(192K)
[2024-10-12T10:37:16.509+0800][info] GC(16) Pause Young (Prepare Mixed) (G1 Evacuation Pause) 86M->85M(128M) 2.028ms
[2024-10-12T10:37:16.509+0800][info] GC(16) User=0.01s Sys=0.00s Real=0.00s
[2024-10-12T10:37:16.613+0800][info] GC(17) Pause Young (Mixed) (G1 Evacuation Pause)
[2024-10-12T10:37:16.613+0800][info] GC(17) Using 3 workers of 48 for evacuation
[2024-10-12T10:37:16.619+0800][info] GC(17)   Pre Evacuate Collection Set: 0.2ms
[2024-10-12T10:37:16.619+0800][info] GC(17)   Merge Heap Roots: 0.1ms
[2024-10-12T10:37:16.619+0800][info] GC(17)   Evacuate Collection Set: 5.8ms
[2024-10-12T10:37:16.619+0800][info] GC(17)   Post Evacuate Collection Set: 0.2ms
[2024-10-12T10:37:16.619+0800][info] GC(17)   Other: 0.2ms
[2024-10-12T10:37:16.619+0800][info] GC(17) Eden regions: 2->0(2)
[2024-10-12T10:37:16.619+0800][info] GC(17) Survivor regions: 1->1(1)
[2024-10-12T10:37:16.619+0800][info] GC(17) Old regions: 39->37
[2024-10-12T10:37:16.619+0800][info] GC(17) Archive regions: 2->2
[2024-10-12T10:37:16.619+0800][info] GC(17) Humongous regions: 2->2
[2024-10-12T10:37:16.619+0800][info] GC(17) Metaspace: 1516K(1664K)->1516K(1664K) NonClass: 1380K(1472K)->1380K(1472K) Class: 135K(192K)->135K(192K)
[2024-10-12T10:37:16.619+0800][info] GC(17) Pause Young (Mixed) (G1 Evacuation Pause) 89M->80M(128M) 6.609ms
[2024-10-12T10:37:16.619+0800][info] GC(17) User=0.00s Sys=0.02s Real=0.01s
[2024-10-12T10:37:16.722+0800][info] GC(18) Pause Young (Mixed) (G1 Evacuation Pause)
[2024-10-12T10:37:16.722+0800][info] GC(18) Using 3 workers of 48 for evacuation
[2024-10-12T10:37:16.725+0800][info] GC(18)   Pre Evacuate Collection Set: 0.2ms
[2024-10-12T10:37:16.725+0800][info] GC(18)   Merge Heap Roots: 0.1ms
[2024-10-12T10:37:16.725+0800][info] GC(18)   Evacuate Collection Set: 2.1ms
[2024-10-12T10:37:16.725+0800][info] GC(18)   Post Evacuate Collection Set: 0.2ms
[2024-10-12T10:37:16.725+0800][info] GC(18)   Other: 0.2ms
[2024-10-12T10:37:16.725+0800][info] GC(18) Eden regions: 2->0(2)
[2024-10-12T10:37:16.725+0800][info] GC(18) Survivor regions: 1->1(1)
[2024-10-12T10:37:16.725+0800][info] GC(18) Old regions: 37->35
[2024-10-12T10:37:16.725+0800][info] GC(18) Archive regions: 2->2
[2024-10-12T10:37:16.725+0800][info] GC(18) Humongous regions: 2->2
[2024-10-12T10:37:16.725+0800][info] GC(18) Metaspace: 1520K(1664K)->1520K(1664K) NonClass: 1385K(1472K)->1385K(1472K) Class: 135K(192K)->135K(192K)
[2024-10-12T10:37:16.725+0800][info] GC(18) Pause Young (Mixed) (G1 Evacuation Pause) 84M->77M(128M) 2.917ms
[2024-10-12T10:37:16.725+0800][info] GC(18) User=0.01s Sys=0.00s Real=0.01s
[2024-10-12T10:37:16.829+0800][info] GC(19) Pause Young (Mixed) (G1 Evacuation Pause)
[2024-10-12T10:37:16.829+0800][info] GC(19) Using 3 workers of 48 for evacuation
[2024-10-12T10:37:16.830+0800][info] GC(19)   Pre Evacuate Collection Set: 0.2ms
[2024-10-12T10:37:16.830+0800][info] GC(19)   Merge Heap Roots: 0.0ms
[2024-10-12T10:37:16.830+0800][info] GC(19)   Evacuate Collection Set: 0.9ms
[2024-10-12T10:37:16.830+0800][info] GC(19)   Post Evacuate Collection Set: 0.2ms
[2024-10-12T10:37:16.830+0800][info] GC(19)   Other: 0.2ms
[2024-10-12T10:37:16.830+0800][info] GC(19) Eden regions: 2->0(4)
[2024-10-12T10:37:16.830+0800][info] GC(19) Survivor regions: 1->1(1)
[2024-10-12T10:37:16.830+0800][info] GC(19) Old regions: 35->37
[2024-10-12T10:37:16.830+0800][info] GC(19) Archive regions: 2->2
[2024-10-12T10:37:16.830+0800][info] GC(19) Humongous regions: 2->2
[2024-10-12T10:37:16.830+0800][info] GC(19) Metaspace: 1520K(1664K)->1520K(1664K) NonClass: 1385K(1472K)->1385K(1472K) Class: 135K(192K)->135K(192K)
[2024-10-12T10:37:16.830+0800][info] GC(19) Pause Young (Mixed) (G1 Evacuation Pause) 80M->80M(128M) 1.663ms
[2024-10-12T10:37:16.830+0800][info] GC(19) User=0.01s Sys=0.00s Real=0.00s
[2024-10-12T10:37:17.057+0800][info] GC(20) Pause Young (Concurrent Start) (G1 Evacuation Pause)
[2024-10-12T10:37:17.057+0800][info] GC(20) Using 3 workers of 48 for evacuation
[2024-10-12T10:37:17.059+0800][info] GC(20)   Pre Evacuate Collection Set: 0.1ms
[2024-10-12T10:37:17.059+0800][info] GC(20)   Merge Heap Roots: 0.1ms
[2024-10-12T10:37:17.059+0800][info] GC(20)   Evacuate Collection Set: 1.4ms
[2024-10-12T10:37:17.059+0800][info] GC(20)   Post Evacuate Collection Set: 0.2ms
[2024-10-12T10:37:17.059+0800][info] GC(20)   Other: 0.4ms
[2024-10-12T10:37:17.059+0800][info] GC(20) Eden regions: 4->0(3)
[2024-10-12T10:37:17.059+0800][info] GC(20) Survivor regions: 1->1(1)
[2024-10-12T10:37:17.059+0800][info] GC(20) Old regions: 37->41
[2024-10-12T10:37:17.060+0800][info] GC(20) Archive regions: 2->2
[2024-10-12T10:37:17.060+0800][info] GC(20) Humongous regions: 2->2
[2024-10-12T10:37:17.060+0800][info] GC(20) Metaspace: 1520K(1664K)->1520K(1664K) NonClass: 1385K(1472K)->1385K(1472K) Class: 135K(192K)->135K(192K)
[2024-10-12T10:37:17.060+0800][info] GC(20) Pause Young (Concurrent Start) (G1 Evacuation Pause) 88M->88M(128M) 2.256ms
[2024-10-12T10:37:17.060+0800][info] GC(20) User=0.01s Sys=0.00s Real=0.00s
[2024-10-12T10:37:17.060+0800][info] GC(21) Concurrent Mark Cycle
[2024-10-12T10:37:17.060+0800][info] GC(21) Concurrent Clear Claimed Marks
[2024-10-12T10:37:17.060+0800][info] GC(21) Concurrent Clear Claimed Marks 0.017ms
[2024-10-12T10:37:17.060+0800][info] GC(21) Concurrent Scan Root Regions
[2024-10-12T10:37:17.060+0800][info] GC(21) Concurrent Scan Root Regions 0.151ms
[2024-10-12T10:37:17.060+0800][info] GC(21) Concurrent Mark
[2024-10-12T10:37:17.060+0800][info] GC(21) Concurrent Mark From Roots
[2024-10-12T10:37:17.060+0800][info] GC(21) Using 12 workers of 12 for marking
[2024-10-12T10:37:17.064+0800][info] GC(21) Concurrent Mark From Roots 3.611ms
[2024-10-12T10:37:17.064+0800][info] GC(21) Concurrent Preclean
[2024-10-12T10:37:17.065+0800][info] GC(21) Concurrent Preclean 1.705ms
[2024-10-12T10:37:17.065+0800][info] GC(21) Pause Remark
[2024-10-12T10:37:17.067+0800][info] GC(21) Pause Remark 89M->89M(128M) 1.183ms
[2024-10-12T10:37:17.067+0800][info] GC(21) User=0.00s Sys=0.00s Real=0.00s
[2024-10-12T10:37:17.067+0800][info] GC(21) Concurrent Mark 6.796ms
[2024-10-12T10:37:17.067+0800][info] GC(21) Concurrent Rebuild Remembered Sets
[2024-10-12T10:37:17.068+0800][info] GC(21) Concurrent Rebuild Remembered Sets 1.307ms
[2024-10-12T10:37:17.068+0800][info] GC(21) Pause Cleanup
[2024-10-12T10:37:17.068+0800][info] GC(21) Pause Cleanup 89M->89M(128M) 0.193ms
[2024-10-12T10:37:17.068+0800][info] GC(21) User=0.00s Sys=0.00s Real=0.00s
[2024-10-12T10:37:17.068+0800][info] GC(21) Concurrent Cleanup for Next Mark
[2024-10-12T10:37:17.069+0800][info] GC(21) Concurrent Cleanup for Next Mark 0.395ms
[2024-10-12T10:37:17.069+0800][info] GC(21) Concurrent Mark Cycle 9.185ms
[2024-10-12T10:37:17.277+0800][info] GC(22) Pause Young (Prepare Mixed) (G1 Evacuation Pause)
[2024-10-12T10:37:17.277+0800][info] GC(22) Using 3 workers of 48 for evacuation
[2024-10-12T10:37:17.279+0800][info] GC(22)   Pre Evacuate Collection Set: 0.1ms
[2024-10-12T10:37:17.279+0800][info] GC(22)   Merge Heap Roots: 0.1ms
[2024-10-12T10:37:17.279+0800][info] GC(22)   Evacuate Collection Set: 1.0ms
[2024-10-12T10:37:17.279+0800][info] GC(22)   Post Evacuate Collection Set: 0.2ms
[2024-10-12T10:37:17.279+0800][info] GC(22)   Other: 0.2ms
[2024-10-12T10:37:17.279+0800][info] GC(22) Eden regions: 3->0(2)
[2024-10-12T10:37:17.279+0800][info] GC(22) Survivor regions: 1->1(1)
[2024-10-12T10:37:17.279+0800][info] GC(22) Old regions: 41->44
[2024-10-12T10:37:17.279+0800][info] GC(22) Archive regions: 2->2
[2024-10-12T10:37:17.279+0800][info] GC(22) Humongous regions: 2->2
[2024-10-12T10:37:17.279+0800][info] GC(22) Metaspace: 1557K(1664K)->1557K(1664K) NonClass: 1422K(1472K)->1422K(1472K) Class: 135K(192K)->135K(192K)
[2024-10-12T10:37:17.279+0800][info] GC(22) Pause Young (Prepare Mixed) (G1 Evacuation Pause) 94M->95M(128M) 1.761ms
[2024-10-12T10:37:17.279+0800][info] GC(22) User=0.00s Sys=0.00s Real=0.00s
[2024-10-12T10:37:17.381+0800][info] GC(23) Pause Young (Mixed) (G1 Evacuation Pause)
[2024-10-12T10:37:17.381+0800][info] GC(23) Using 3 workers of 48 for evacuation
[2024-10-12T10:37:17.384+0800][info] GC(23)   Pre Evacuate Collection Set: 0.2ms
[2024-10-12T10:37:17.384+0800][info] GC(23)   Merge Heap Roots: 0.1ms
[2024-10-12T10:37:17.384+0800][info] GC(23)   Evacuate Collection Set: 1.6ms
[2024-10-12T10:37:17.384+0800][info] GC(23)   Post Evacuate Collection Set: 0.2ms
[2024-10-12T10:37:17.384+0800][info] GC(23)   Other: 0.2ms
[2024-10-12T10:37:17.384+0800][info] GC(23) Eden regions: 2->0(2)
[2024-10-12T10:37:17.384+0800][info] GC(23) Survivor regions: 1->1(1)
[2024-10-12T10:37:17.384+0800][info] GC(23) Old regions: 44->41
[2024-10-12T10:37:17.384+0800][info] GC(23) Archive regions: 2->2
[2024-10-12T10:37:17.384+0800][info] GC(23) Humongous regions: 2->2
[2024-10-12T10:37:17.384+0800][info] GC(23) Metaspace: 1557K(1664K)->1557K(1664K) NonClass: 1422K(1472K)->1422K(1472K) Class: 135K(192K)->135K(192K)
[2024-10-12T10:37:17.384+0800][info] GC(23) Pause Young (Mixed) (G1 Evacuation Pause) 98M->89M(128M) 2.367ms
[2024-10-12T10:37:17.384+0800][info] GC(23) User=0.01s Sys=0.00s Real=0.00s
[2024-10-12T10:37:17.488+0800][info] GC(24) Pause Young (Mixed) (G1 Evacuation Pause)
[2024-10-12T10:37:17.488+0800][info] GC(24) Using 3 workers of 48 for evacuation
[2024-10-12T10:37:17.490+0800][info] GC(24)   Pre Evacuate Collection Set: 0.2ms
[2024-10-12T10:37:17.490+0800][info] GC(24)   Merge Heap Roots: 0.1ms
[2024-10-12T10:37:17.490+0800][info] GC(24)   Evacuate Collection Set: 2.0ms
[2024-10-12T10:37:17.490+0800][info] GC(24)   Post Evacuate Collection Set: 0.2ms
[2024-10-12T10:37:17.490+0800][info] GC(24)   Other: 0.2ms
[2024-10-12T10:37:17.490+0800][info] GC(24) Eden regions: 2->0(2)
[2024-10-12T10:37:17.490+0800][info] GC(24) Survivor regions: 1->1(1)
[2024-10-12T10:37:17.490+0800][info] GC(24) Old regions: 41->41
[2024-10-12T10:37:17.490+0800][info] GC(24) Archive regions: 2->2
[2024-10-12T10:37:17.490+0800][info] GC(24) Humongous regions: 3->3
[2024-10-12T10:37:17.490+0800][info] GC(24) Metaspace: 1558K(1664K)->1558K(1664K) NonClass: 1422K(1472K)->1422K(1472K) Class: 135K(192K)->135K(192K)
[2024-10-12T10:37:17.490+0800][info] GC(24) Pause Young (Mixed) (G1 Evacuation Pause) 95M->90M(128M) 2.713ms
[2024-10-12T10:37:17.490+0800][info] GC(24) User=0.01s Sys=0.00s Real=0.00s
[2024-10-12T10:37:17.593+0800][info] GC(25) Pause Young (Normal) (G1 Evacuation Pause)
[2024-10-12T10:37:17.593+0800][info] GC(25) Using 3 workers of 48 for evacuation
[2024-10-12T10:37:17.594+0800][info] GC(25)   Pre Evacuate Collection Set: 0.1ms
[2024-10-12T10:37:17.594+0800][info] GC(25)   Merge Heap Roots: 0.1ms
[2024-10-12T10:37:17.594+0800][info] GC(25)   Evacuate Collection Set: 0.8ms
[2024-10-12T10:37:17.594+0800][info] GC(25)   Post Evacuate Collection Set: 0.2ms
[2024-10-12T10:37:17.594+0800][info] GC(25)   Other: 0.2ms
[2024-10-12T10:37:17.594+0800][info] GC(25) Eden regions: 2->0(2)
[2024-10-12T10:37:17.594+0800][info] GC(25) Survivor regions: 1->1(1)
[2024-10-12T10:37:17.594+0800][info] GC(25) Old regions: 41->43
[2024-10-12T10:37:17.594+0800][info] GC(25) Archive regions: 2->2
[2024-10-12T10:37:17.594+0800][info] GC(25) Humongous regions: 3->3
[2024-10-12T10:37:17.594+0800][info] GC(25) Metaspace: 1558K(1664K)->1558K(1664K) NonClass: 1422K(1472K)->1422K(1472K) Class: 135K(192K)->135K(192K)
[2024-10-12T10:37:17.594+0800][info] GC(25) Pause Young (Normal) (G1 Evacuation Pause) 93M->94M(128M) 1.475ms
[2024-10-12T10:37:17.594+0800][info] GC(25) User=0.00s Sys=0.00s Real=0.01s
[2024-10-12T10:37:17.698+0800][info] GC(26) Pause Young (Normal) (G1 Evacuation Pause)
[2024-10-12T10:37:17.698+0800][info] GC(26) Using 3 workers of 48 for evacuation
[2024-10-12T10:37:17.699+0800][info] GC(26)   Pre Evacuate Collection Set: 0.1ms
[2024-10-12T10:37:17.699+0800][info] GC(26)   Merge Heap Roots: 0.1ms
[2024-10-12T10:37:17.699+0800][info] GC(26)   Evacuate Collection Set: 0.6ms
[2024-10-12T10:37:17.699+0800][info] GC(26)   Post Evacuate Collection Set: 0.2ms
[2024-10-12T10:37:17.699+0800][info] GC(26)   Other: 0.2ms
[2024-10-12T10:37:17.699+0800][info] GC(26) Eden regions: 2->0(2)
[2024-10-12T10:37:17.699+0800][info] GC(26) Survivor regions: 1->1(1)
[2024-10-12T10:37:17.699+0800][info] GC(26) Old regions: 43->44
[2024-10-12T10:37:17.699+0800][info] GC(26) Archive regions: 2->2
[2024-10-12T10:37:17.699+0800][info] GC(26) Humongous regions: 3->3
[2024-10-12T10:37:17.699+0800][info] GC(26) Metaspace: 1558K(1664K)->1558K(1664K) NonClass: 1422K(1472K)->1422K(1472K) Class: 135K(192K)->135K(192K)
[2024-10-12T10:37:17.699+0800][info] GC(26) Pause Young (Normal) (G1 Evacuation Pause) 97M->97M(128M) 1.244ms
[2024-10-12T10:37:17.699+0800][info] GC(26) User=0.00s Sys=0.00s Real=0.00s
[2024-10-12T10:37:17.802+0800][info] GC(27) Pause Young (Concurrent Start) (G1 Evacuation Pause)
[2024-10-12T10:37:17.802+0800][info] GC(27) Using 3 workers of 48 for evacuation
[2024-10-12T10:37:17.803+0800][info] GC(27)   Pre Evacuate Collection Set: 0.1ms
[2024-10-12T10:37:17.803+0800][info] GC(27)   Merge Heap Roots: 0.0ms
[2024-10-12T10:37:17.803+0800][info] GC(27)   Evacuate Collection Set: 0.8ms
[2024-10-12T10:37:17.803+0800][info] GC(27)   Post Evacuate Collection Set: 0.2ms
[2024-10-12T10:37:17.803+0800][info] GC(27)   Other: 0.4ms
[2024-10-12T10:37:17.803+0800][info] GC(27) Eden regions: 2->0(2)
[2024-10-12T10:37:17.803+0800][info] GC(27) Survivor regions: 1->1(1)
[2024-10-12T10:37:17.803+0800][info] GC(27) Old regions: 44->47
[2024-10-12T10:37:17.803+0800][info] GC(27) Archive regions: 2->2
[2024-10-12T10:37:17.803+0800][info] GC(27) Humongous regions: 3->3
[2024-10-12T10:37:17.803+0800][info] GC(27) Metaspace: 1558K(1664K)->1558K(1664K) NonClass: 1422K(1472K)->1422K(1472K) Class: 135K(192K)->135K(192K)
[2024-10-12T10:37:17.803+0800][info] GC(27) Pause Young (Concurrent Start) (G1 Evacuation Pause) 101M->102M(128M) 1.676ms
[2024-10-12T10:37:17.803+0800][info] GC(27) User=0.00s Sys=0.01s Real=0.00s
[2024-10-12T10:37:17.803+0800][info] GC(28) Concurrent Mark Cycle
[2024-10-12T10:37:17.803+0800][info] GC(28) Concurrent Clear Claimed Marks
[2024-10-12T10:37:17.803+0800][info] GC(28) Concurrent Clear Claimed Marks 0.016ms
[2024-10-12T10:37:17.803+0800][info] GC(28) Concurrent Scan Root Regions
[2024-10-12T10:37:17.803+0800][info] GC(28) Concurrent Scan Root Regions 0.099ms
[2024-10-12T10:37:17.803+0800][info] GC(28) Concurrent Mark
[2024-10-12T10:37:17.803+0800][info] GC(28) Concurrent Mark From Roots
[2024-10-12T10:37:17.804+0800][info] GC(28) Using 12 workers of 12 for marking
[2024-10-12T10:37:17.807+0800][info] GC(28) Concurrent Mark From Roots 3.260ms
[2024-10-12T10:37:17.807+0800][info] GC(28) Concurrent Preclean
[2024-10-12T10:37:17.809+0800][info] GC(28) Concurrent Preclean 1.703ms
[2024-10-12T10:37:17.809+0800][info] GC(28) Pause Remark
[2024-10-12T10:37:17.810+0800][info] GC(28) Pause Remark 102M->102M(128M) 1.072ms
[2024-10-12T10:37:17.810+0800][info] GC(28) User=0.00s Sys=0.00s Real=0.00s
[2024-10-12T10:37:17.810+0800][info] GC(28) Concurrent Mark 6.212ms
[2024-10-12T10:37:17.810+0800][info] GC(28) Concurrent Rebuild Remembered Sets
[2024-10-12T10:37:17.811+0800][info] GC(28) Concurrent Rebuild Remembered Sets 1.342ms
[2024-10-12T10:37:17.811+0800][info] GC(28) Pause Cleanup
[2024-10-12T10:37:17.811+0800][info] GC(28) Pause Cleanup 102M->102M(128M) 0.191ms
[2024-10-12T10:37:17.811+0800][info] GC(28) User=0.00s Sys=0.00s Real=0.00s
[2024-10-12T10:37:17.811+0800][info] GC(28) Concurrent Cleanup for Next Mark
[2024-10-12T10:37:17.812+0800][info] GC(28) Concurrent Cleanup for Next Mark 0.349ms
[2024-10-12T10:37:17.812+0800][info] GC(28) Concurrent Mark Cycle 8.508ms
[2024-10-12T10:37:17.958+0800][info] GC(29) Pause Young (Prepare Mixed) (G1 Evacuation Pause)
[2024-10-12T10:37:17.958+0800][info] GC(29) Using 3 workers of 48 for evacuation
[2024-10-12T10:37:17.960+0800][info] GC(29)   Pre Evacuate Collection Set: 0.1ms
[2024-10-12T10:37:17.960+0800][info] GC(29)   Merge Heap Roots: 0.1ms
[2024-10-12T10:37:17.960+0800][info] GC(29)   Evacuate Collection Set: 0.9ms
[2024-10-12T10:37:17.960+0800][info] GC(29)   Post Evacuate Collection Set: 0.2ms
[2024-10-12T10:37:17.960+0800][info] GC(29)   Other: 0.2ms
[2024-10-12T10:37:17.960+0800][info] GC(29) Eden regions: 2->0(2)
[2024-10-12T10:37:17.960+0800][info] GC(29) Survivor regions: 1->1(1)
[2024-10-12T10:37:17.960+0800][info] GC(29) Old regions: 47->48
[2024-10-12T10:37:17.960+0800][info] GC(29) Archive regions: 2->2
[2024-10-12T10:37:17.960+0800][info] GC(29) Humongous regions: 3->3
[2024-10-12T10:37:17.960+0800][info] GC(29) Metaspace: 1560K(1664K)->1560K(1664K) NonClass: 1424K(1472K)->1424K(1472K) Class: 135K(192K)->135K(192K)
[2024-10-12T10:37:17.960+0800][info] GC(29) Pause Young (Prepare Mixed) (G1 Evacuation Pause) 105M->105M(128M) 1.686ms
[2024-10-12T10:37:17.960+0800][info] GC(29) User=0.00s Sys=0.00s Real=0.00s
[2024-10-12T10:37:18.063+0800][info] GC(30) Pause Young (Mixed) (G1 Evacuation Pause)
[2024-10-12T10:37:18.063+0800][info] GC(30) Using 3 workers of 48 for evacuation
[2024-10-12T10:37:18.065+0800][info] GC(30)   Pre Evacuate Collection Set: 0.1ms
[2024-10-12T10:37:18.065+0800][info] GC(30)   Merge Heap Roots: 0.1ms
[2024-10-12T10:37:18.065+0800][info] GC(30)   Evacuate Collection Set: 1.3ms
[2024-10-12T10:37:18.065+0800][info] GC(30)   Post Evacuate Collection Set: 0.2ms
[2024-10-12T10:37:18.065+0800][info] GC(30)   Other: 0.2ms
[2024-10-12T10:37:18.065+0800][info] GC(30) Eden regions: 2->0(2)
[2024-10-12T10:37:18.065+0800][info] GC(30) Survivor regions: 1->1(1)
[2024-10-12T10:37:18.065+0800][info] GC(30) Old regions: 48->45
[2024-10-12T10:37:18.065+0800][info] GC(30) Archive regions: 2->2
[2024-10-12T10:37:18.065+0800][info] GC(30) Humongous regions: 3->3
[2024-10-12T10:37:18.065+0800][info] GC(30) Metaspace: 1560K(1664K)->1560K(1664K) NonClass: 1424K(1472K)->1424K(1472K) Class: 135K(192K)->135K(192K)
[2024-10-12T10:37:18.065+0800][info] GC(30) Pause Young (Mixed) (G1 Evacuation Pause) 109M->99M(128M) 2.075ms
[2024-10-12T10:37:18.065+0800][info] GC(30) User=0.01s Sys=0.00s Real=0.00s
[2024-10-12T10:37:18.168+0800][info] GC(31) Pause Young (Mixed) (G1 Evacuation Pause)
[2024-10-12T10:37:18.168+0800][info] GC(31) Using 3 workers of 48 for evacuation
[2024-10-12T10:37:18.170+0800][info] GC(31)   Pre Evacuate Collection Set: 0.2ms
[2024-10-12T10:37:18.170+0800][info] GC(31)   Merge Heap Roots: 0.1ms
[2024-10-12T10:37:18.170+0800][info] GC(31)   Evacuate Collection Set: 1.4ms
[2024-10-12T10:37:18.170+0800][info] GC(31)   Post Evacuate Collection Set: 0.2ms
[2024-10-12T10:37:18.170+0800][info] GC(31)   Other: 0.2ms
[2024-10-12T10:37:18.170+0800][info] GC(31) Eden regions: 2->0(2)
[2024-10-12T10:37:18.170+0800][info] GC(31) Survivor regions: 1->1(1)
[2024-10-12T10:37:18.170+0800][info] GC(31) Old regions: 45->43
[2024-10-12T10:37:18.170+0800][info] GC(31) Archive regions: 2->2
[2024-10-12T10:37:18.170+0800][info] GC(31) Humongous regions: 3->3
[2024-10-12T10:37:18.170+0800][info] GC(31) Metaspace: 1562K(1664K)->1562K(1664K) NonClass: 1426K(1472K)->1426K(1472K) Class: 135K(192K)->135K(192K)
[2024-10-12T10:37:18.170+0800][info] GC(31) Pause Young (Mixed) (G1 Evacuation Pause) 103M->95M(128M) 2.150ms
[2024-10-12T10:37:18.170+0800][info] GC(31) User=0.01s Sys=0.00s Real=0.00s
[2024-10-12T10:37:18.273+0800][info] GC(32) Pause Young (Mixed) (G1 Evacuation Pause)
[2024-10-12T10:37:18.273+0800][info] GC(32) Using 3 workers of 48 for evacuation
[2024-10-12T10:37:18.275+0800][info] GC(32)   Pre Evacuate Collection Set: 0.2ms
[2024-10-12T10:37:18.275+0800][info] GC(32)   Merge Heap Roots: 0.1ms
[2024-10-12T10:37:18.275+0800][info] GC(32)   Evacuate Collection Set: 1.6ms
[2024-10-12T10:37:18.275+0800][info] GC(32)   Post Evacuate Collection Set: 0.2ms
[2024-10-12T10:37:18.275+0800][info] GC(32)   Other: 0.2ms
[2024-10-12T10:37:18.275+0800][info] GC(32) Eden regions: 2->0(2)
[2024-10-12T10:37:18.275+0800][info] GC(32) Survivor regions: 1->1(1)
[2024-10-12T10:37:18.275+0800][info] GC(32) Old regions: 43->43
[2024-10-12T10:37:18.275+0800][info] GC(32) Archive regions: 2->2
[2024-10-12T10:37:18.275+0800][info] GC(32) Humongous regions: 3->3
[2024-10-12T10:37:18.275+0800][info] GC(32) Metaspace: 1562K(1664K)->1562K(1664K) NonClass: 1426K(1472K)->1426K(1472K) Class: 135K(192K)->135K(192K)
[2024-10-12T10:37:18.275+0800][info] GC(32) Pause Young (Mixed) (G1 Evacuation Pause) 99M->94M(128M) 2.356ms
[2024-10-12T10:37:18.275+0800][info] GC(32) User=0.01s Sys=0.00s Real=0.01s
[2024-10-12T10:37:18.379+0800][info] GC(33) Pause Young (Normal) (G1 Evacuation Pause)
[2024-10-12T10:37:18.379+0800][info] GC(33) Using 3 workers of 48 for evacuation
[2024-10-12T10:37:18.380+0800][info] GC(33)   Pre Evacuate Collection Set: 0.1ms
[2024-10-12T10:37:18.380+0800][info] GC(33)   Merge Heap Roots: 0.0ms
[2024-10-12T10:37:18.380+0800][info] GC(33)   Evacuate Collection Set: 0.9ms
[2024-10-12T10:37:18.380+0800][info] GC(33)   Post Evacuate Collection Set: 0.2ms
[2024-10-12T10:37:18.380+0800][info] GC(33)   Other: 0.2ms
[2024-10-12T10:37:18.380+0800][info] GC(33) Eden regions: 2->0(2)
[2024-10-12T10:37:18.380+0800][info] GC(33) Survivor regions: 1->1(1)
[2024-10-12T10:37:18.380+0800][info] GC(33) Old regions: 43->45
[2024-10-12T10:37:18.380+0800][info] GC(33) Archive regions: 2->2
[2024-10-12T10:37:18.380+0800][info] GC(33) Humongous regions: 3->3
[2024-10-12T10:37:18.380+0800][info] GC(33) Metaspace: 1563K(1664K)->1563K(1664K) NonClass: 1427K(1472K)->1427K(1472K) Class: 135K(192K)->135K(192K)
[2024-10-12T10:37:18.380+0800][info] GC(33) Pause Young (Normal) (G1 Evacuation Pause) 98M->98M(128M) 1.483ms
[2024-10-12T10:37:18.380+0800][info] GC(33) User=0.00s Sys=0.00s Real=0.00s
[2024-10-12T10:37:18.483+0800][info] GC(34) Pause Young (Normal) (G1 Evacuation Pause)
[2024-10-12T10:37:18.483+0800][info] GC(34) Using 3 workers of 48 for evacuation
[2024-10-12T10:37:18.484+0800][info] GC(34)   Pre Evacuate Collection Set: 0.1ms
[2024-10-12T10:37:18.484+0800][info] GC(34)   Merge Heap Roots: 0.0ms
[2024-10-12T10:37:18.484+0800][info] GC(34)   Evacuate Collection Set: 0.6ms
[2024-10-12T10:37:18.484+0800][info] GC(34)   Post Evacuate Collection Set: 0.2ms
[2024-10-12T10:37:18.484+0800][info] GC(34)   Other: 0.2ms
[2024-10-12T10:37:18.484+0800][info] GC(34) Eden regions: 2->0(2)
[2024-10-12T10:37:18.484+0800][info] GC(34) Survivor regions: 1->1(1)
[2024-10-12T10:37:18.484+0800][info] GC(34) Old regions: 45->47
[2024-10-12T10:37:18.484+0800][info] GC(34) Archive regions: 2->2
[2024-10-12T10:37:18.484+0800][info] GC(34) Humongous regions: 3->3
[2024-10-12T10:37:18.484+0800][info] GC(34) Metaspace: 1564K(1664K)->1564K(1664K) NonClass: 1428K(1472K)->1428K(1472K) Class: 135K(192K)->135K(192K)
[2024-10-12T10:37:18.484+0800][info] GC(34) Pause Young (Normal) (G1 Evacuation Pause) 101M->102M(128M) 1.308ms
[2024-10-12T10:37:18.484+0800][info] GC(34) User=0.00s Sys=0.00s Real=0.00s
[2024-10-12T10:37:18.587+0800][info] GC(35) Pause Young (Concurrent Start) (G1 Evacuation Pause)
[2024-10-12T10:37:18.587+0800][info] GC(35) Using 3 workers of 48 for evacuation
[2024-10-12T10:37:18.589+0800][info] GC(35)   Pre Evacuate Collection Set: 0.1ms
[2024-10-12T10:37:18.589+0800][info] GC(35)   Merge Heap Roots: 0.0ms
[2024-10-12T10:37:18.589+0800][info] GC(35)   Evacuate Collection Set: 0.7ms
[2024-10-12T10:37:18.589+0800][info] GC(35)   Post Evacuate Collection Set: 0.2ms
[2024-10-12T10:37:18.589+0800][info] GC(35)   Other: 0.4ms
[2024-10-12T10:37:18.589+0800][info] GC(35) Eden regions: 2->0(2)
[2024-10-12T10:37:18.589+0800][info] GC(35) Survivor regions: 1->1(1)
[2024-10-12T10:37:18.589+0800][info] GC(35) Old regions: 47->48
[2024-10-12T10:37:18.589+0800][info] GC(35) Archive regions: 2->2
[2024-10-12T10:37:18.589+0800][info] GC(35) Humongous regions: 3->3
[2024-10-12T10:37:18.589+0800][info] GC(35) Metaspace: 1565K(1664K)->1565K(1664K) NonClass: 1429K(1472K)->1429K(1472K) Class: 135K(192K)->135K(192K)
[2024-10-12T10:37:18.589+0800][info] GC(35) Pause Young (Concurrent Start) (G1 Evacuation Pause) 105M->105M(128M) 1.594ms
[2024-10-12T10:37:18.589+0800][info] GC(35) User=0.01s Sys=0.00s Real=0.00s
[2024-10-12T10:37:18.589+0800][info] GC(36) Concurrent Mark Cycle
[2024-10-12T10:37:18.589+0800][info] GC(36) Concurrent Clear Claimed Marks
[2024-10-12T10:37:18.589+0800][info] GC(36) Concurrent Clear Claimed Marks 0.017ms
[2024-10-12T10:37:18.589+0800][info] GC(36) Concurrent Scan Root Regions
[2024-10-12T10:37:18.589+0800][info] GC(36) Concurrent Scan Root Regions 0.149ms
[2024-10-12T10:37:18.589+0800][info] GC(36) Concurrent Mark
[2024-10-12T10:37:18.589+0800][info] GC(36) Concurrent Mark From Roots
[2024-10-12T10:37:18.589+0800][info] GC(36) Using 12 workers of 12 for marking
[2024-10-12T10:37:18.593+0800][info] GC(36) Concurrent Mark From Roots 3.433ms
[2024-10-12T10:37:18.593+0800][info] GC(36) Concurrent Preclean
[2024-10-12T10:37:18.594+0800][info] GC(36) Concurrent Preclean 1.701ms
[2024-10-12T10:37:18.595+0800][info] GC(36) Pause Remark
[2024-10-12T10:37:18.596+0800][info] GC(36) Pause Remark 105M->103M(128M) 1.245ms
[2024-10-12T10:37:18.596+0800][info] GC(36) User=0.00s Sys=0.00s Real=0.00s
[2024-10-12T10:37:18.596+0800][info] GC(36) Concurrent Mark 6.653ms
[2024-10-12T10:37:18.596+0800][info] GC(36) Concurrent Rebuild Remembered Sets
[2024-10-12T10:37:18.597+0800][info] GC(36) Concurrent Rebuild Remembered Sets 1.303ms
[2024-10-12T10:37:18.597+0800][info] GC(36) Pause Cleanup
[2024-10-12T10:37:18.598+0800][info] GC(36) Pause Cleanup 103M->103M(128M) 0.179ms
[2024-10-12T10:37:18.598+0800][info] GC(36) User=0.00s Sys=0.00s Real=0.00s
[2024-10-12T10:37:18.598+0800][info] GC(36) Concurrent Cleanup for Next Mark
[2024-10-12T10:37:18.598+0800][info] GC(36) Concurrent Cleanup for Next Mark 0.375ms
[2024-10-12T10:37:18.598+0800][info] GC(36) Concurrent Mark Cycle 8.998ms
[2024-10-12T10:37:18.744+0800][info] GC(37) Pause Young (Prepare Mixed) (G1 Evacuation Pause)
[2024-10-12T10:37:18.744+0800][info] GC(37) Using 3 workers of 48 for evacuation
[2024-10-12T10:37:18.746+0800][info] GC(37)   Pre Evacuate Collection Set: 0.1ms
[2024-10-12T10:37:18.746+0800][info] GC(37)   Merge Heap Roots: 0.1ms
[2024-10-12T10:37:18.746+0800][info] GC(37)   Evacuate Collection Set: 1.2ms
[2024-10-12T10:37:18.746+0800][info] GC(37)   Post Evacuate Collection Set: 0.2ms
[2024-10-12T10:37:18.746+0800][info] GC(37)   Other: 0.2ms
[2024-10-12T10:37:18.746+0800][info] GC(37) Eden regions: 2->0(2)
[2024-10-12T10:37:18.746+0800][info] GC(37) Survivor regions: 1->1(1)
[2024-10-12T10:37:18.746+0800][info] GC(37) Old regions: 47->49
[2024-10-12T10:37:18.746+0800][info] GC(37) Archive regions: 2->2
[2024-10-12T10:37:18.746+0800][info] GC(37) Humongous regions: 3->3
[2024-10-12T10:37:18.746+0800][info] GC(37) Metaspace: 1597K(1728K)->1597K(1728K) NonClass: 1461K(1536K)->1461K(1536K) Class: 135K(192K)->135K(192K)
[2024-10-12T10:37:18.746+0800][info] GC(37) Pause Young (Prepare Mixed) (G1 Evacuation Pause) 107M->107M(128M) 1.973ms
[2024-10-12T10:37:18.746+0800][info] GC(37) User=0.00s Sys=0.00s Real=0.01s
[2024-10-12T10:37:18.849+0800][info] GC(38) Pause Young (Mixed) (G1 Evacuation Pause)
[2024-10-12T10:37:18.849+0800][info] GC(38) Using 3 workers of 48 for evacuation
[2024-10-12T10:37:18.852+0800][info] GC(38)   Pre Evacuate Collection Set: 0.2ms
[2024-10-12T10:37:18.852+0800][info] GC(38)   Merge Heap Roots: 0.1ms
[2024-10-12T10:37:18.852+0800][info] GC(38)   Evacuate Collection Set: 2.2ms
[2024-10-12T10:37:18.852+0800][info] GC(38)   Post Evacuate Collection Set: 0.2ms
[2024-10-12T10:37:18.852+0800][info] GC(38)   Other: 0.3ms
[2024-10-12T10:37:18.852+0800][info] GC(38) Eden regions: 2->0(2)
[2024-10-12T10:37:18.852+0800][info] GC(38) Survivor regions: 1->1(1)
[2024-10-12T10:37:18.852+0800][info] GC(38) Old regions: 49->46
[2024-10-12T10:37:18.852+0800][info] GC(38) Archive regions: 2->2
[2024-10-12T10:37:18.852+0800][info] GC(38) Humongous regions: 3->3
[2024-10-12T10:37:18.852+0800][info] GC(38) Metaspace: 1599K(1728K)->1599K(1728K) NonClass: 1463K(1536K)->1463K(1536K) Class: 135K(192K)->135K(192K)
[2024-10-12T10:37:18.852+0800][info] GC(38) Pause Young (Mixed) (G1 Evacuation Pause) 111M->101M(128M) 3.011ms
[2024-10-12T10:37:18.852+0800][info] GC(38) User=0.00s Sys=0.00s Real=0.00s
[2024-10-12T10:37:18.954+0800][info] GC(39) Pause Young (Mixed) (G1 Evacuation Pause)
[2024-10-12T10:37:18.954+0800][info] GC(39) Using 3 workers of 48 for evacuation
[2024-10-12T10:37:18.956+0800][info] GC(39)   Pre Evacuate Collection Set: 0.2ms
[2024-10-12T10:37:18.956+0800][info] GC(39)   Merge Heap Roots: 0.1ms
[2024-10-12T10:37:18.956+0800][info] GC(39)   Evacuate Collection Set: 1.5ms
[2024-10-12T10:37:18.956+0800][info] GC(39)   Post Evacuate Collection Set: 0.2ms
[2024-10-12T10:37:18.956+0800][info] GC(39)   Other: 0.2ms
[2024-10-12T10:37:18.956+0800][info] GC(39) Eden regions: 2->0(2)
[2024-10-12T10:37:18.956+0800][info] GC(39) Survivor regions: 1->1(1)
[2024-10-12T10:37:18.956+0800][info] GC(39) Old regions: 46->44
[2024-10-12T10:37:18.956+0800][info] GC(39) Archive regions: 2->2
[2024-10-12T10:37:18.956+0800][info] GC(39) Humongous regions: 3->3
[2024-10-12T10:37:18.956+0800][info] GC(39) Metaspace: 1599K(1728K)->1599K(1728K) NonClass: 1463K(1536K)->1463K(1536K) Class: 135K(192K)->135K(192K)
[2024-10-12T10:37:18.956+0800][info] GC(39) Pause Young (Mixed) (G1 Evacuation Pause) 105M->97M(128M) 2.207ms
[2024-10-12T10:37:18.956+0800][info] GC(39) User=0.00s Sys=0.01s Real=0.00s
[2024-10-12T10:37:19.059+0800][info] GC(40) Pause Young (Mixed) (G1 Evacuation Pause)
[2024-10-12T10:37:19.059+0800][info] GC(40) Using 3 workers of 48 for evacuation
[2024-10-12T10:37:19.062+0800][info] GC(40)   Pre Evacuate Collection Set: 0.2ms
[2024-10-12T10:37:19.062+0800][info] GC(40)   Merge Heap Roots: 0.1ms
[2024-10-12T10:37:19.062+0800][info] GC(40)   Evacuate Collection Set: 1.8ms
[2024-10-12T10:37:19.062+0800][info] GC(40)   Post Evacuate Collection Set: 0.2ms
[2024-10-12T10:37:19.062+0800][info] GC(40)   Other: 0.2ms
[2024-10-12T10:37:19.062+0800][info] GC(40) Eden regions: 2->0(2)
[2024-10-12T10:37:19.062+0800][info] GC(40) Survivor regions: 1->1(1)
[2024-10-12T10:37:19.062+0800][info] GC(40) Old regions: 44->44
[2024-10-12T10:37:19.062+0800][info] GC(40) Archive regions: 2->2
[2024-10-12T10:37:19.062+0800][info] GC(40) Humongous regions: 3->3
[2024-10-12T10:37:19.062+0800][info] GC(40) Metaspace: 1599K(1728K)->1599K(1728K) NonClass: 1463K(1536K)->1463K(1536K) Class: 135K(192K)->135K(192K)
[2024-10-12T10:37:19.062+0800][info] GC(40) Pause Young (Mixed) (G1 Evacuation Pause) 101M->96M(128M) 2.594ms
[2024-10-12T10:37:19.062+0800][info] GC(40) User=0.00s Sys=0.00s Real=0.00s
[2024-10-12T10:37:19.164+0800][info] GC(41) Pause Young (Normal) (G1 Evacuation Pause)
[2024-10-12T10:37:19.164+0800][info] GC(41) Using 3 workers of 48 for evacuation
[2024-10-12T10:37:19.165+0800][info] GC(41)   Pre Evacuate Collection Set: 0.1ms
[2024-10-12T10:37:19.165+0800][info] GC(41)   Merge Heap Roots: 0.0ms
[2024-10-12T10:37:19.165+0800][info] GC(41)   Evacuate Collection Set: 0.7ms
[2024-10-12T10:37:19.165+0800][info] GC(41)   Post Evacuate Collection Set: 0.2ms
[2024-10-12T10:37:19.165+0800][info] GC(41)   Other: 0.2ms
[2024-10-12T10:37:19.165+0800][info] GC(41) Eden regions: 2->0(2)
[2024-10-12T10:37:19.165+0800][info] GC(41) Survivor regions: 1->1(1)
[2024-10-12T10:37:19.165+0800][info] GC(41) Old regions: 44->46
[2024-10-12T10:37:19.165+0800][info] GC(41) Archive regions: 2->2
[2024-10-12T10:37:19.165+0800][info] GC(41) Humongous regions: 3->3
[2024-10-12T10:37:19.165+0800][info] GC(41) Metaspace: 1600K(1728K)->1600K(1728K) NonClass: 1464K(1536K)->1464K(1536K) Class: 135K(192K)->135K(192K)
[2024-10-12T10:37:19.165+0800][info] GC(41) Pause Young (Normal) (G1 Evacuation Pause) 100M->100M(128M) 1.389ms
[2024-10-12T10:37:19.165+0800][info] GC(41) User=0.00s Sys=0.00s Real=0.01s
[2024-10-12T10:37:19.268+0800][info] GC(42) Pause Young (Normal) (G1 Evacuation Pause)
[2024-10-12T10:37:19.268+0800][info] GC(42) Using 3 workers of 48 for evacuation
[2024-10-12T10:37:19.269+0800][info] GC(42)   Pre Evacuate Collection Set: 0.1ms
[2024-10-12T10:37:19.269+0800][info] GC(42)   Merge Heap Roots: 0.0ms
[2024-10-12T10:37:19.269+0800][info] GC(42)   Evacuate Collection Set: 0.7ms
[2024-10-12T10:37:19.269+0800][info] GC(42)   Post Evacuate Collection Set: 0.2ms
[2024-10-12T10:37:19.269+0800][info] GC(42)   Other: 0.2ms
[2024-10-12T10:37:19.269+0800][info] GC(42) Eden regions: 2->0(2)
[2024-10-12T10:37:19.270+0800][info] GC(42) Survivor regions: 1->1(1)
[2024-10-12T10:37:19.270+0800][info] GC(42) Old regions: 46->48
[2024-10-12T10:37:19.270+0800][info] GC(42) Archive regions: 2->2
[2024-10-12T10:37:19.270+0800][info] GC(42) Humongous regions: 3->3
[2024-10-12T10:37:19.270+0800][info] GC(42) Metaspace: 1601K(1728K)->1601K(1728K) NonClass: 1465K(1536K)->1465K(1536K) Class: 135K(192K)->135K(192K)
[2024-10-12T10:37:19.270+0800][info] GC(42) Pause Young (Normal) (G1 Evacuation Pause) 104M->104M(128M) 1.365ms
[2024-10-12T10:37:19.270+0800][info] GC(42) User=0.00s Sys=0.00s Real=0.00s
[2024-10-12T10:37:19.372+0800][info] GC(43) Pause Young (Concurrent Start) (G1 Evacuation Pause)
[2024-10-12T10:37:19.372+0800][info] GC(43) Using 3 workers of 48 for evacuation
[2024-10-12T10:37:19.373+0800][info] GC(43)   Pre Evacuate Collection Set: 0.1ms
[2024-10-12T10:37:19.373+0800][info] GC(43)   Merge Heap Roots: 0.1ms
[2024-10-12T10:37:19.373+0800][info] GC(43)   Evacuate Collection Set: 0.7ms
[2024-10-12T10:37:19.373+0800][info] GC(43)   Post Evacuate Collection Set: 0.2ms
[2024-10-12T10:37:19.373+0800][info] GC(43)   Other: 0.4ms
[2024-10-12T10:37:19.373+0800][info] GC(43) Eden regions: 2->0(2)
[2024-10-12T10:37:19.373+0800][info] GC(43) Survivor regions: 1->1(1)
[2024-10-12T10:37:19.373+0800][info] GC(43) Old regions: 48->50
[2024-10-12T10:37:19.373+0800][info] GC(43) Archive regions: 2->2
[2024-10-12T10:37:19.373+0800][info] GC(43) Humongous regions: 3->3
[2024-10-12T10:37:19.373+0800][info] GC(43) Metaspace: 1601K(1728K)->1601K(1728K) NonClass: 1465K(1536K)->1465K(1536K) Class: 135K(192K)->135K(192K)
[2024-10-12T10:37:19.373+0800][info] GC(43) Pause Young (Concurrent Start) (G1 Evacuation Pause) 108M->108M(128M) 1.583ms
[2024-10-12T10:37:19.373+0800][info] GC(43) User=0.00s Sys=0.00s Real=0.01s
[2024-10-12T10:37:19.373+0800][info] GC(44) Concurrent Mark Cycle
[2024-10-12T10:37:19.373+0800][info] GC(44) Concurrent Clear Claimed Marks
[2024-10-12T10:37:19.373+0800][info] GC(44) Concurrent Clear Claimed Marks 0.016ms
[2024-10-12T10:37:19.373+0800][info] GC(44) Concurrent Scan Root Regions
[2024-10-12T10:37:19.373+0800][info] GC(44) Concurrent Scan Root Regions 0.173ms
[2024-10-12T10:37:19.373+0800][info] GC(44) Concurrent Mark
[2024-10-12T10:37:19.373+0800][info] GC(44) Concurrent Mark From Roots
[2024-10-12T10:37:19.373+0800][info] GC(44) Using 12 workers of 12 for marking
[2024-10-12T10:37:19.377+0800][info] GC(44) Concurrent Mark From Roots 3.777ms
[2024-10-12T10:37:19.377+0800][info] GC(44) Concurrent Preclean
[2024-10-12T10:37:19.379+0800][info] GC(44) Concurrent Preclean 1.674ms
[2024-10-12T10:37:19.379+0800][info] GC(44) Pause Remark
[2024-10-12T10:37:19.380+0800][info] GC(44) Pause Remark 109M->109M(128M) 1.177ms
[2024-10-12T10:37:19.380+0800][info] GC(44) User=0.00s Sys=0.00s Real=0.00s
[2024-10-12T10:37:19.380+0800][info] GC(44) Concurrent Mark 6.798ms
[2024-10-12T10:37:19.380+0800][info] GC(44) Concurrent Rebuild Remembered Sets
[2024-10-12T10:37:19.382+0800][info] GC(44) Concurrent Rebuild Remembered Sets 1.311ms
[2024-10-12T10:37:19.382+0800][info] GC(44) Pause Cleanup
[2024-10-12T10:37:19.382+0800][info] GC(44) Pause Cleanup 109M->109M(128M) 0.220ms
[2024-10-12T10:37:19.382+0800][info] GC(44) User=0.00s Sys=0.00s Real=0.00s
[2024-10-12T10:37:19.382+0800][info] GC(44) Concurrent Cleanup for Next Mark
[2024-10-12T10:37:19.382+0800][info] GC(44) Concurrent Cleanup for Next Mark 0.378ms
[2024-10-12T10:37:19.382+0800][info] GC(44) Concurrent Mark Cycle 9.153ms
[2024-10-12T10:37:19.528+0800][info] GC(45) Pause Young (Prepare Mixed) (G1 Evacuation Pause)
[2024-10-12T10:37:19.528+0800][info] GC(45) Using 3 workers of 48 for evacuation
[2024-10-12T10:37:19.529+0800][info] GC(45)   Pre Evacuate Collection Set: 0.1ms
[2024-10-12T10:37:19.529+0800][info] GC(45)   Merge Heap Roots: 0.1ms
[2024-10-12T10:37:19.529+0800][info] GC(45)   Evacuate Collection Set: 0.8ms
[2024-10-12T10:37:19.529+0800][info] GC(45)   Post Evacuate Collection Set: 0.2ms
[2024-10-12T10:37:19.529+0800][info] GC(45)   Other: 0.2ms
[2024-10-12T10:37:19.529+0800][info] GC(45) Eden regions: 2->0(2)
[2024-10-12T10:37:19.529+0800][info] GC(45) Survivor regions: 1->1(1)
[2024-10-12T10:37:19.529+0800][info] GC(45) Old regions: 50->52
[2024-10-12T10:37:19.529+0800][info] GC(45) Archive regions: 2->2
[2024-10-12T10:37:19.529+0800][info] GC(45) Humongous regions: 3->3
[2024-10-12T10:37:19.529+0800][info] GC(45) Metaspace: 1607K(1728K)->1607K(1728K) NonClass: 1472K(1536K)->1472K(1536K) Class: 135K(192K)->135K(192K)
[2024-10-12T10:37:19.529+0800][info] GC(45) Pause Young (Prepare Mixed) (G1 Evacuation Pause) 112M->112M(128M) 1.500ms
[2024-10-12T10:37:19.529+0800][info] GC(45) User=0.00s Sys=0.00s Real=0.00s
[2024-10-12T10:37:19.632+0800][info] GC(46) Pause Young (Mixed) (G1 Preventive Collection)
[2024-10-12T10:37:19.632+0800][info] GC(46) Using 3 workers of 48 for evacuation
[2024-10-12T10:37:19.633+0800][info] GC(46) To-space exhausted
[2024-10-12T10:37:19.633+0800][info] GC(46)   Pre Evacuate Collection Set: 0.2ms
[2024-10-12T10:37:19.633+0800][info] GC(46)   Merge Heap Roots: 0.1ms
[2024-10-12T10:37:19.633+0800][info] GC(46)   Evacuate Collection Set: 1.1ms
[2024-10-12T10:37:19.633+0800][info] GC(46)   Post Evacuate Collection Set: 0.3ms
[2024-10-12T10:37:19.633+0800][info] GC(46)   Other: 0.2ms
[2024-10-12T10:37:19.633+0800][info] GC(46) Eden regions: 2->0(2)
[2024-10-12T10:37:19.633+0800][info] GC(46) Survivor regions: 1->1(1)
[2024-10-12T10:37:19.633+0800][info] GC(46) Old regions: 52->53
[2024-10-12T10:37:19.633+0800][info] GC(46) Archive regions: 2->2
[2024-10-12T10:37:19.633+0800][info] GC(46) Humongous regions: 3->3
[2024-10-12T10:37:19.633+0800][info] GC(46) Metaspace: 1607K(1728K)->1607K(1728K) NonClass: 1472K(1536K)->1472K(1536K) Class: 135K(192K)->135K(192K)
[2024-10-12T10:37:19.633+0800][info] GC(46) Pause Young (Mixed) (G1 Preventive Collection) 116M->115M(128M) 1.887ms
[2024-10-12T10:37:19.633+0800][info] GC(46) User=0.01s Sys=0.00s Real=0.01s
[2024-10-12T10:37:19.695+0800][info] GC(47) Pause Young (Mixed) (G1 Preventive Collection)
[2024-10-12T10:37:19.695+0800][info] GC(47) Using 3 workers of 48 for evacuation
[2024-10-12T10:37:19.696+0800][info] GC(47) To-space exhausted
[2024-10-12T10:37:19.696+0800][info] GC(47)   Pre Evacuate Collection Set: 0.2ms
[2024-10-12T10:37:19.696+0800][info] GC(47)   Merge Heap Roots: 0.1ms
[2024-10-12T10:37:19.696+0800][info] GC(47)   Evacuate Collection Set: 1.1ms
[2024-10-12T10:37:19.696+0800][info] GC(47)   Post Evacuate Collection Set: 0.2ms
[2024-10-12T10:37:19.696+0800][info] GC(47)   Other: 0.2ms
[2024-10-12T10:37:19.696+0800][info] GC(47) Eden regions: 1->0(2)
[2024-10-12T10:37:19.697+0800][info] GC(47) Survivor regions: 1->1(1)
[2024-10-12T10:37:19.697+0800][info] GC(47) Old regions: 53->53
[2024-10-12T10:37:19.697+0800][info] GC(47) Archive regions: 2->2
[2024-10-12T10:37:19.697+0800][info] GC(47) Humongous regions: 3->3
[2024-10-12T10:37:19.697+0800][info] GC(47) Metaspace: 1607K(1728K)->1607K(1728K) NonClass: 1472K(1536K)->1472K(1536K) Class: 135K(192K)->135K(192K)
[2024-10-12T10:37:19.697+0800][info] GC(47) Pause Young (Mixed) (G1 Preventive Collection) 117M->115M(128M) 1.786ms
[2024-10-12T10:37:19.697+0800][info] GC(47) User=0.00s Sys=0.00s Real=0.00s
[2024-10-12T10:37:19.697+0800][info] GC(48) Pause Young (Mixed) (G1 Preventive Collection)
[2024-10-12T10:37:19.697+0800][info] GC(48) Using 3 workers of 48 for evacuation
[2024-10-12T10:37:19.698+0800][info] GC(48) To-space exhausted
[2024-10-12T10:37:19.698+0800][info] GC(48)   Pre Evacuate Collection Set: 0.1ms
[2024-10-12T10:37:19.698+0800][info] GC(48)   Merge Heap Roots: 0.1ms
[2024-10-12T10:37:19.698+0800][info] GC(48)   Evacuate Collection Set: 1.1ms
[2024-10-12T10:37:19.698+0800][info] GC(48)   Post Evacuate Collection Set: 0.3ms
[2024-10-12T10:37:19.698+0800][info] GC(48)   Other: 0.1ms
[2024-10-12T10:37:19.698+0800][info] GC(48) Eden regions: 1->0(2)
[2024-10-12T10:37:19.698+0800][info] GC(48) Survivor regions: 1->1(1)
[2024-10-12T10:37:19.699+0800][info] GC(48) Old regions: 53->55
[2024-10-12T10:37:19.699+0800][info] GC(48) Archive regions: 2->2
[2024-10-12T10:37:19.699+0800][info] GC(48) Humongous regions: 3->3
[2024-10-12T10:37:19.699+0800][info] GC(48) Metaspace: 1607K(1728K)->1607K(1728K) NonClass: 1472K(1536K)->1472K(1536K) Class: 135K(192K)->135K(192K)
[2024-10-12T10:37:19.699+0800][info] GC(48) Pause Young (Mixed) (G1 Preventive Collection) 115M->117M(128M) 1.659ms
[2024-10-12T10:37:19.699+0800][info] GC(48) User=0.00s Sys=0.01s Real=0.00s
[2024-10-12T10:37:19.699+0800][info] GC(49) Pause Young (Mixed) (G1 Preventive Collection)
[2024-10-12T10:37:19.699+0800][info] GC(49) Using 3 workers of 48 for evacuation
[2024-10-12T10:37:19.700+0800][info] GC(49) To-space exhausted
[2024-10-12T10:37:19.700+0800][info] GC(49)   Pre Evacuate Collection Set: 0.1ms
[2024-10-12T10:37:19.700+0800][info] GC(49)   Merge Heap Roots: 0.0ms
[2024-10-12T10:37:19.700+0800][info] GC(49)   Evacuate Collection Set: 0.5ms
[2024-10-12T10:37:19.700+0800][info] GC(49)   Post Evacuate Collection Set: 0.2ms
[2024-10-12T10:37:19.700+0800][info] GC(49)   Other: 0.1ms
[2024-10-12T10:37:19.700+0800][info] GC(49) Eden regions: 0->0(2)
[2024-10-12T10:37:19.700+0800][info] GC(49) Survivor regions: 1->1(1)
[2024-10-12T10:37:19.700+0800][info] GC(49) Old regions: 55->55
[2024-10-12T10:37:19.700+0800][info] GC(49) Archive regions: 2->2
[2024-10-12T10:37:19.700+0800][info] GC(49) Humongous regions: 4->3
[2024-10-12T10:37:19.700+0800][info] GC(49) Metaspace: 1607K(1728K)->1607K(1728K) NonClass: 1472K(1536K)->1472K(1536K) Class: 135K(192K)->135K(192K)
[2024-10-12T10:37:19.700+0800][info] GC(49) Pause Young (Mixed) (G1 Preventive Collection) 119M->117M(128M) 0.966ms
[2024-10-12T10:37:19.700+0800][info] GC(49) User=0.00s Sys=0.00s Real=0.00s
[2024-10-12T10:37:19.762+0800][info] GC(50) Pause Young (Concurrent Start) (G1 Preventive Collection)
[2024-10-12T10:37:19.763+0800][info] GC(50) Using 3 workers of 48 for evacuation
[2024-10-12T10:37:19.764+0800][info] GC(50)   Pre Evacuate Collection Set: 0.1ms
[2024-10-12T10:37:19.764+0800][info] GC(50)   Merge Heap Roots: 0.0ms
[2024-10-12T10:37:19.764+0800][info] GC(50)   Evacuate Collection Set: 0.6ms
[2024-10-12T10:37:19.764+0800][info] GC(50)   Post Evacuate Collection Set: 0.2ms
[2024-10-12T10:37:19.764+0800][info] GC(50)   Other: 0.4ms
[2024-10-12T10:37:19.764+0800][info] GC(50) Eden regions: 1->0(2)
[2024-10-12T10:37:19.764+0800][info] GC(50) Survivor regions: 1->1(1)
[2024-10-12T10:37:19.764+0800][info] GC(50) Old regions: 55->56
[2024-10-12T10:37:19.764+0800][info] GC(50) Archive regions: 2->2
[2024-10-12T10:37:19.764+0800][info] GC(50) Humongous regions: 3->3
[2024-10-12T10:37:19.764+0800][info] GC(50) Metaspace: 1607K(1728K)->1607K(1728K) NonClass: 1472K(1536K)->1472K(1536K) Class: 135K(192K)->135K(192K)
[2024-10-12T10:37:19.764+0800][info] GC(50) Pause Young (Concurrent Start) (G1 Preventive Collection) 119M->119M(128M) 1.411ms
[2024-10-12T10:37:19.764+0800][info] GC(50) User=0.00s Sys=0.01s Real=0.00s
[2024-10-12T10:37:19.764+0800][info] GC(51) Concurrent Mark Cycle
[2024-10-12T10:37:19.764+0800][info] GC(51) Concurrent Clear Claimed Marks
[2024-10-12T10:37:19.764+0800][info] GC(51) Concurrent Clear Claimed Marks 0.016ms
[2024-10-12T10:37:19.764+0800][info] GC(51) Concurrent Scan Root Regions
[2024-10-12T10:37:19.764+0800][info] GC(51) Concurrent Scan Root Regions 0.150ms
[2024-10-12T10:37:19.764+0800][info] GC(51) Concurrent Mark
[2024-10-12T10:37:19.764+0800][info] GC(51) Concurrent Mark From Roots
[2024-10-12T10:37:19.764+0800][info] GC(51) Using 12 workers of 12 for marking
[2024-10-12T10:37:19.768+0800][info] GC(51) Concurrent Mark From Roots 3.719ms
[2024-10-12T10:37:19.768+0800][info] GC(51) Concurrent Preclean
[2024-10-12T10:37:19.770+0800][info] GC(51) Concurrent Preclean 1.699ms
[2024-10-12T10:37:19.770+0800][info] GC(51) Pause Remark
[2024-10-12T10:37:19.771+0800][info] GC(51) Pause Remark 120M->120M(128M) 1.284ms
[2024-10-12T10:37:19.771+0800][info] GC(51) User=0.01s Sys=0.00s Real=0.00s
[2024-10-12T10:37:19.771+0800][info] GC(51) Concurrent Mark 6.970ms
[2024-10-12T10:37:19.771+0800][info] GC(51) Concurrent Rebuild Remembered Sets
[2024-10-12T10:37:19.773+0800][info] GC(51) Concurrent Rebuild Remembered Sets 1.323ms
[2024-10-12T10:37:19.773+0800][info] GC(51) Pause Cleanup
[2024-10-12T10:37:19.773+0800][info] GC(51) Pause Cleanup 120M->120M(128M) 0.265ms
[2024-10-12T10:37:19.773+0800][info] GC(51) User=0.00s Sys=0.00s Real=0.00s
[2024-10-12T10:37:19.773+0800][info] GC(51) Concurrent Cleanup for Next Mark
[2024-10-12T10:37:19.773+0800][info] GC(51) Concurrent Cleanup for Next Mark 0.360ms
[2024-10-12T10:37:19.773+0800][info] GC(51) Concurrent Mark Cycle 9.417ms
[2024-10-12T10:37:19.877+0800][info] GC(52) Pause Young (Prepare Mixed) (G1 Preventive Collection)
[2024-10-12T10:37:19.877+0800][info] GC(52) Using 3 workers of 48 for evacuation
[2024-10-12T10:37:19.878+0800][info] GC(52) To-space exhausted
[2024-10-12T10:37:19.878+0800][info] GC(52)   Pre Evacuate Collection Set: 0.1ms
[2024-10-12T10:37:19.878+0800][info] GC(52)   Merge Heap Roots: 0.1ms
[2024-10-12T10:37:19.878+0800][info] GC(52)   Evacuate Collection Set: 0.4ms
[2024-10-12T10:37:19.878+0800][info] GC(52)   Post Evacuate Collection Set: 0.2ms
[2024-10-12T10:37:19.878+0800][info] GC(52)   Other: 0.2ms
[2024-10-12T10:37:19.878+0800][info] GC(52) Eden regions: 1->0(2)
[2024-10-12T10:37:19.878+0800][info] GC(52) Survivor regions: 1->1(1)
[2024-10-12T10:37:19.878+0800][info] GC(52) Old regions: 56->57
[2024-10-12T10:37:19.878+0800][info] GC(52) Archive regions: 2->2
[2024-10-12T10:37:19.878+0800][info] GC(52) Humongous regions: 3->3
[2024-10-12T10:37:19.878+0800][info] GC(52) Metaspace: 1607K(1728K)->1607K(1728K) NonClass: 1472K(1536K)->1472K(1536K) Class: 135K(192K)->135K(192K)
[2024-10-12T10:37:19.878+0800][info] GC(52) Pause Young (Prepare Mixed) (G1 Preventive Collection) 121M->123M(128M) 1.077ms
[2024-10-12T10:37:19.878+0800][info] GC(52) User=0.00s Sys=0.00s Real=0.00s
[2024-10-12T10:37:19.919+0800][info] GC(53) Pause Young (Mixed) (G1 Evacuation Pause)
[2024-10-12T10:37:19.919+0800][info] GC(53) Using 3 workers of 48 for evacuation
[2024-10-12T10:37:19.920+0800][info] GC(53) To-space exhausted
[2024-10-12T10:37:19.920+0800][info] GC(53)   Pre Evacuate Collection Set: 0.2ms
[2024-10-12T10:37:19.920+0800][info] GC(53)   Merge Heap Roots: 0.0ms
[2024-10-12T10:37:19.920+0800][info] GC(53)   Evacuate Collection Set: 0.2ms
[2024-10-12T10:37:19.920+0800][info] GC(53)   Post Evacuate Collection Set: 0.2ms
[2024-10-12T10:37:19.920+0800][info] GC(53)   Other: 0.2ms
[2024-10-12T10:37:19.920+0800][info] GC(53) Eden regions: 1->0(3)
[2024-10-12T10:37:19.920+0800][info] GC(53) Survivor regions: 1->0(0)
[2024-10-12T10:37:19.920+0800][info] GC(53) Old regions: 57->58
[2024-10-12T10:37:19.920+0800][info] GC(53) Archive regions: 2->2
[2024-10-12T10:37:19.920+0800][info] GC(53) Humongous regions: 3->3
[2024-10-12T10:37:19.920+0800][info] GC(53) Metaspace: 1607K(1728K)->1607K(1728K) NonClass: 1472K(1536K)->1472K(1536K) Class: 135K(192K)->135K(192K)
[2024-10-12T10:37:19.920+0800][info] GC(53) Pause Young (Mixed) (G1 Evacuation Pause) 124M->122M(128M) 0.929ms
[2024-10-12T10:37:19.920+0800][info] GC(53) User=0.00s Sys=0.00s Real=0.00s
[2024-10-12T10:37:19.982+0800][info] GC(54) Pause Young (Mixed) (G1 Evacuation Pause)
[2024-10-12T10:37:19.983+0800][info] GC(54) Using 3 workers of 48 for evacuation
[2024-10-12T10:37:19.984+0800][info] GC(54) To-space exhausted
[2024-10-12T10:37:19.984+0800][info] GC(54)   Pre Evacuate Collection Set: 0.7ms
[2024-10-12T10:37:19.984+0800][info] GC(54)   Merge Heap Roots: 0.1ms
[2024-10-12T10:37:19.984+0800][info] GC(54)   Evacuate Collection Set: 0.2ms
[2024-10-12T10:37:19.984+0800][info] GC(54)   Post Evacuate Collection Set: 0.2ms
[2024-10-12T10:37:19.984+0800][info] GC(54)   Other: 0.2ms
[2024-10-12T10:37:19.984+0800][info] GC(54) Eden regions: 1->0(3)
[2024-10-12T10:37:19.984+0800][info] GC(54) Survivor regions: 0->0(0)
[2024-10-12T10:37:19.984+0800][info] GC(54) Old regions: 58->59
[2024-10-12T10:37:19.984+0800][info] GC(54) Archive regions: 2->2
[2024-10-12T10:37:19.984+0800][info] GC(54) Humongous regions: 3->3
[2024-10-12T10:37:19.984+0800][info] GC(54) Metaspace: 1607K(1728K)->1607K(1728K) NonClass: 1472K(1536K)->1472K(1536K) Class: 135K(192K)->135K(192K)
[2024-10-12T10:37:19.984+0800][info] GC(54) Pause Young (Mixed) (G1 Evacuation Pause) 124M->124M(128M) 1.429ms
[2024-10-12T10:37:19.984+0800][info] GC(54) User=0.00s Sys=0.00s Real=0.00s
[2024-10-12T10:37:19.984+0800][info] Attempting full compaction
[2024-10-12T10:37:19.984+0800][info] GC(55) Using 3 workers of 48 for full compaction
[2024-10-12T10:37:19.984+0800][info] GC(55) Pause Full (G1 Compaction Pause)
[2024-10-12T10:37:19.984+0800][info] GC(55) Phase 1: Mark live objects
[2024-10-12T10:37:19.988+0800][info] GC(55) Phase 1: Mark live objects 3.911ms
[2024-10-12T10:37:19.988+0800][info] GC(55) Phase 2: Prepare for compaction
[2024-10-12T10:37:19.989+0800][info] GC(55) Phase 2: Prepare for compaction 0.591ms
[2024-10-12T10:37:19.989+0800][info] GC(55) Phase 3: Adjust pointers
[2024-10-12T10:37:19.990+0800][info] GC(55) Phase 3: Adjust pointers 1.320ms
[2024-10-12T10:37:19.990+0800][info] GC(55) Phase 4: Compact heap
[2024-10-12T10:37:20.003+0800][info] GC(55) Phase 4: Compact heap 12.740ms
[2024-10-12T10:37:20.004+0800][info] GC(55) Eden regions: 0->0(4)
[2024-10-12T10:37:20.005+0800][info] GC(55) Survivor regions: 0->0(0)
[2024-10-12T10:37:20.005+0800][info] GC(55) Old regions: 59->38
[2024-10-12T10:37:20.005+0800][info] GC(55) Archive regions: 2->2
[2024-10-12T10:37:20.005+0800][info] GC(55) Humongous regions: 3->3
[2024-10-12T10:37:20.005+0800][info] GC(55) Metaspace: 1607K(1728K)->1557K(1728K) NonClass: 1472K(1536K)->1433K(1536K) Class: 135K(192K)->124K(192K)
[2024-10-12T10:37:20.005+0800][info] GC(55) Pause Full (G1 Compaction Pause) 124M->72M(128M) 20.356ms
[2024-10-12T10:37:20.005+0800][info] GC(55) User=0.04s Sys=0.00s Real=0.02s
[2024-10-12T10:37:20.210+0800][info] GC(56) Pause Young (Normal) (G1 Evacuation Pause)
[2024-10-12T10:37:20.211+0800][info] GC(56) Using 3 workers of 48 for evacuation
[2024-10-12T10:37:20.212+0800][info] GC(56)   Pre Evacuate Collection Set: 0.1ms
[2024-10-12T10:37:20.212+0800][info] GC(56)   Merge Heap Roots: 0.0ms
[2024-10-12T10:37:20.212+0800][info] GC(56)   Evacuate Collection Set: 1.1ms
[2024-10-12T10:37:20.212+0800][info] GC(56)   Post Evacuate Collection Set: 0.2ms
[2024-10-12T10:37:20.212+0800][info] GC(56)   Other: 0.3ms
[2024-10-12T10:37:20.212+0800][info] GC(56) Eden regions: 4->0(2)
[2024-10-12T10:37:20.212+0800][info] GC(56) Survivor regions: 0->1(1)
[2024-10-12T10:37:20.212+0800][info] GC(56) Old regions: 38->41
[2024-10-12T10:37:20.212+0800][info] GC(56) Archive regions: 2->2
[2024-10-12T10:37:20.212+0800][info] GC(56) Humongous regions: 3->3
[2024-10-12T10:37:20.212+0800][info] GC(56) Metaspace: 1561K(1728K)->1561K(1728K) NonClass: 1437K(1536K)->1437K(1536K) Class: 124K(192K)->124K(192K)
[2024-10-12T10:37:20.212+0800][info] GC(56) Pause Young (Normal) (G1 Evacuation Pause) 79M->79M(128M) 1.809ms
[2024-10-12T10:37:20.212+0800][info] GC(56) User=0.01s Sys=0.00s Real=0.00s
[2024-10-12T10:37:20.314+0800][info] GC(57) Pause Young (Normal) (G1 Evacuation Pause)
[2024-10-12T10:37:20.315+0800][info] GC(57) Using 3 workers of 48 for evacuation
[2024-10-12T10:37:20.316+0800][info] GC(57)   Pre Evacuate Collection Set: 0.1ms
[2024-10-12T10:37:20.316+0800][info] GC(57)   Merge Heap Roots: 0.0ms
[2024-10-12T10:37:20.316+0800][info] GC(57)   Evacuate Collection Set: 0.7ms
[2024-10-12T10:37:20.316+0800][info] GC(57)   Post Evacuate Collection Set: 0.2ms
[2024-10-12T10:37:20.316+0800][info] GC(57)   Other: 0.2ms
[2024-10-12T10:37:20.316+0800][info] GC(57) Eden regions: 2->0(2)
[2024-10-12T10:37:20.316+0800][info] GC(57) Survivor regions: 1->1(1)
[2024-10-12T10:37:20.316+0800][info] GC(57) Old regions: 41->43
[2024-10-12T10:37:20.316+0800][info] GC(57) Archive regions: 2->2
[2024-10-12T10:37:20.316+0800][info] GC(57) Humongous regions: 3->3
[2024-10-12T10:37:20.316+0800][info] GC(57) Metaspace: 1561K(1728K)->1561K(1728K) NonClass: 1437K(1536K)->1437K(1536K) Class: 124K(192K)->124K(192K)
[2024-10-12T10:37:20.316+0800][info] GC(57) Pause Young (Normal) (G1 Evacuation Pause) 83M->83M(128M) 1.294ms
[2024-10-12T10:37:20.316+0800][info] GC(57) User=0.00s Sys=0.00s Real=0.00s
[2024-10-12T10:37:20.419+0800][info] GC(58) Pause Young (Normal) (G1 Evacuation Pause)
[2024-10-12T10:37:20.419+0800][info] GC(58) Using 3 workers of 48 for evacuation
[2024-10-12T10:37:20.420+0800][info] GC(58)   Pre Evacuate Collection Set: 0.1ms
[2024-10-12T10:37:20.420+0800][info] GC(58)   Merge Heap Roots: 0.0ms
[2024-10-12T10:37:20.420+0800][info] GC(58)   Evacuate Collection Set: 0.7ms
[2024-10-12T10:37:20.420+0800][info] GC(58)   Post Evacuate Collection Set: 0.2ms
[2024-10-12T10:37:20.420+0800][info] GC(58)   Other: 0.2ms
[2024-10-12T10:37:20.420+0800][info] GC(58) Eden regions: 2->0(2)
[2024-10-12T10:37:20.420+0800][info] GC(58) Survivor regions: 1->1(1)
[2024-10-12T10:37:20.420+0800][info] GC(58) Old regions: 43->45
[2024-10-12T10:37:20.420+0800][info] GC(58) Archive regions: 2->2
[2024-10-12T10:37:20.420+0800][info] GC(58) Humongous regions: 3->3
[2024-10-12T10:37:20.420+0800][info] GC(58) Metaspace: 1561K(1728K)->1561K(1728K) NonClass: 1437K(1536K)->1437K(1536K) Class: 124K(192K)->124K(192K)
[2024-10-12T10:37:20.420+0800][info] GC(58) Pause Young (Normal) (G1 Evacuation Pause) 86M->87M(128M) 1.447ms
[2024-10-12T10:37:20.420+0800][info] GC(58) User=0.00s Sys=0.00s Real=0.00s
[2024-10-12T10:37:20.522+0800][info] GC(59) Pause Young (Concurrent Start) (G1 Evacuation Pause)
[2024-10-12T10:37:20.522+0800][info] GC(59) Using 3 workers of 48 for evacuation
[2024-10-12T10:37:20.524+0800][info] GC(59)   Pre Evacuate Collection Set: 0.1ms
[2024-10-12T10:37:20.524+0800][info] GC(59)   Merge Heap Roots: 0.0ms
[2024-10-12T10:37:20.524+0800][info] GC(59)   Evacuate Collection Set: 0.8ms
[2024-10-12T10:37:20.524+0800][info] GC(59)   Post Evacuate Collection Set: 0.2ms
[2024-10-12T10:37:20.524+0800][info] GC(59)   Other: 0.4ms
[2024-10-12T10:37:20.524+0800][info] GC(59) Eden regions: 2->0(2)
[2024-10-12T10:37:20.524+0800][info] GC(59) Survivor regions: 1->1(1)
[2024-10-12T10:37:20.524+0800][info] GC(59) Old regions: 45->47
[2024-10-12T10:37:20.524+0800][info] GC(59) Archive regions: 2->2
[2024-10-12T10:37:20.524+0800][info] GC(59) Humongous regions: 3->3
[2024-10-12T10:37:20.524+0800][info] GC(59) Metaspace: 1561K(1728K)->1561K(1728K) NonClass: 1437K(1536K)->1437K(1536K) Class: 124K(192K)->124K(192K)
[2024-10-12T10:37:20.524+0800][info] GC(59) Pause Young (Concurrent Start) (G1 Evacuation Pause) 90M->90M(128M) 1.598ms
[2024-10-12T10:37:20.524+0800][info] GC(59) User=0.01s Sys=0.00s Real=0.00s
[2024-10-12T10:37:20.524+0800][info] GC(60) Concurrent Mark Cycle
[2024-10-12T10:37:20.524+0800][info] GC(60) Concurrent Clear Claimed Marks
[2024-10-12T10:37:20.524+0800][info] GC(60) Concurrent Clear Claimed Marks 0.018ms
[2024-10-12T10:37:20.524+0800][info] GC(60) Concurrent Scan Root Regions
[2024-10-12T10:37:20.524+0800][info] GC(60) Concurrent Scan Root Regions 0.096ms
[2024-10-12T10:37:20.524+0800][info] GC(60) Concurrent Mark
[2024-10-12T10:37:20.524+0800][info] GC(60) Concurrent Mark From Roots
[2024-10-12T10:37:20.524+0800][info] GC(60) Using 12 workers of 12 for marking
[2024-10-12T10:37:20.528+0800][info] GC(60) Concurrent Mark From Roots 3.520ms
[2024-10-12T10:37:20.528+0800][info] GC(60) Concurrent Preclean
[2024-10-12T10:37:20.529+0800][info] GC(60) Concurrent Preclean 1.747ms
[2024-10-12T10:37:20.529+0800][info] GC(60) Pause Remark
[2024-10-12T10:37:20.531+0800][info] GC(60) Pause Remark 91M->91M(128M) 1.166ms
[2024-10-12T10:37:20.531+0800][info] GC(60) User=0.00s Sys=0.00s Real=0.00s
[2024-10-12T10:37:20.531+0800][info] GC(60) Concurrent Mark 6.629ms
[2024-10-12T10:37:20.531+0800][info] GC(60) Concurrent Rebuild Remembered Sets
[2024-10-12T10:37:20.532+0800][info] GC(60) Concurrent Rebuild Remembered Sets 1.254ms
[2024-10-12T10:37:20.532+0800][info] GC(60) Pause Cleanup
[2024-10-12T10:37:20.532+0800][info] GC(60) Pause Cleanup 91M->91M(128M) 0.226ms
[2024-10-12T10:37:20.532+0800][info] GC(60) User=0.00s Sys=0.00s Real=0.00s
[2024-10-12T10:37:20.532+0800][info] GC(60) Concurrent Cleanup for Next Mark
[2024-10-12T10:37:20.533+0800][info] GC(60) Concurrent Cleanup for Next Mark 0.376ms
[2024-10-12T10:37:20.533+0800][info] GC(60) Concurrent Mark Cycle 8.956ms
[2024-10-12T10:37:20.678+0800][info] GC(61) Pause Young (Prepare Mixed) (G1 Evacuation Pause)
[2024-10-12T10:37:20.678+0800][info] GC(61) Using 3 workers of 48 for evacuation
[2024-10-12T10:37:20.680+0800][info] GC(61)   Pre Evacuate Collection Set: 0.1ms
[2024-10-12T10:37:20.680+0800][info] GC(61)   Merge Heap Roots: 0.1ms
[2024-10-12T10:37:20.680+0800][info] GC(61)   Evacuate Collection Set: 0.9ms
[2024-10-12T10:37:20.680+0800][info] GC(61)   Post Evacuate Collection Set: 0.2ms
[2024-10-12T10:37:20.680+0800][info] GC(61)   Other: 0.2ms
[2024-10-12T10:37:20.680+0800][info] GC(61) Eden regions: 2->0(2)
[2024-10-12T10:37:20.680+0800][info] GC(61) Survivor regions: 1->1(1)
[2024-10-12T10:37:20.680+0800][info] GC(61) Old regions: 47->49
[2024-10-12T10:37:20.680+0800][info] GC(61) Archive regions: 2->2
[2024-10-12T10:37:20.680+0800][info] GC(61) Humongous regions: 3->3
[2024-10-12T10:37:20.680+0800][info] GC(61) Metaspace: 1561K(1728K)->1561K(1728K) NonClass: 1437K(1536K)->1437K(1536K) Class: 124K(192K)->124K(192K)
[2024-10-12T10:37:20.680+0800][info] GC(61) Pause Young (Prepare Mixed) (G1 Evacuation Pause) 94M->94M(128M) 1.567ms
[2024-10-12T10:37:20.680+0800][info] GC(61) User=0.00s Sys=0.00s Real=0.00s
[2024-10-12T10:37:20.782+0800][info] GC(62) Pause Young (Mixed) (G1 Evacuation Pause)
[2024-10-12T10:37:20.782+0800][info] GC(62) Using 3 workers of 48 for evacuation
[2024-10-12T10:37:20.784+0800][info] GC(62)   Pre Evacuate Collection Set: 0.2ms
[2024-10-12T10:37:20.784+0800][info] GC(62)   Merge Heap Roots: 0.1ms
[2024-10-12T10:37:20.784+0800][info] GC(62)   Evacuate Collection Set: 1.0ms
[2024-10-12T10:37:20.784+0800][info] GC(62)   Post Evacuate Collection Set: 0.2ms
[2024-10-12T10:37:20.784+0800][info] GC(62)   Other: 0.2ms
[2024-10-12T10:37:20.784+0800][info] GC(62) Eden regions: 2->0(2)
[2024-10-12T10:37:20.784+0800][info] GC(62) Survivor regions: 1->1(1)
[2024-10-12T10:37:20.784+0800][info] GC(62) Old regions: 49->48
[2024-10-12T10:37:20.784+0800][info] GC(62) Archive regions: 2->2
[2024-10-12T10:37:20.784+0800][info] GC(62) Humongous regions: 3->3
[2024-10-12T10:37:20.784+0800][info] GC(62) Metaspace: 1561K(1728K)->1561K(1728K) NonClass: 1437K(1536K)->1437K(1536K) Class: 124K(192K)->124K(192K)
[2024-10-12T10:37:20.784+0800][info] GC(62) Pause Young (Mixed) (G1 Evacuation Pause) 98M->94M(128M) 1.716ms
[2024-10-12T10:37:20.784+0800][info] GC(62) User=0.00s Sys=0.00s Real=0.00s
[2024-10-12T10:37:20.887+0800][info] GC(63) Pause Young (Normal) (G1 Evacuation Pause)
[2024-10-12T10:37:20.887+0800][info] GC(63) Using 3 workers of 48 for evacuation
[2024-10-12T10:37:20.888+0800][info] GC(63)   Pre Evacuate Collection Set: 0.1ms
[2024-10-12T10:37:20.888+0800][info] GC(63)   Merge Heap Roots: 0.0ms
[2024-10-12T10:37:20.888+0800][info] GC(63)   Evacuate Collection Set: 0.7ms
[2024-10-12T10:37:20.888+0800][info] GC(63)   Post Evacuate Collection Set: 0.2ms
[2024-10-12T10:37:20.888+0800][info] GC(63)   Other: 0.2ms
[2024-10-12T10:37:20.888+0800][info] GC(63) Eden regions: 2->0(2)
[2024-10-12T10:37:20.888+0800][info] GC(63) Survivor regions: 1->1(1)
[2024-10-12T10:37:20.888+0800][info] GC(63) Old regions: 48->50
[2024-10-12T10:37:20.888+0800][info] GC(63) Archive regions: 2->2
[2024-10-12T10:37:20.888+0800][info] GC(63) Humongous regions: 3->3
[2024-10-12T10:37:20.888+0800][info] GC(63) Metaspace: 1561K(1728K)->1561K(1728K) NonClass: 1437K(1536K)->1437K(1536K) Class: 124K(192K)->124K(192K)
[2024-10-12T10:37:20.888+0800][info] GC(63) Pause Young (Normal) (G1 Evacuation Pause) 97M->98M(128M) 1.374ms
[2024-10-12T10:37:20.888+0800][info] GC(63) User=0.00s Sys=0.00s Real=0.00s
[2024-10-12T10:37:20.990+0800][info] GC(64) Pause Young (Concurrent Start) (G1 Evacuation Pause)
[2024-10-12T10:37:20.990+0800][info] GC(64) Using 3 workers of 48 for evacuation
[2024-10-12T10:37:20.991+0800][info] GC(64)   Pre Evacuate Collection Set: 0.1ms
[2024-10-12T10:37:20.991+0800][info] GC(64)   Merge Heap Roots: 0.0ms
[2024-10-12T10:37:20.991+0800][info] GC(64)   Evacuate Collection Set: 0.8ms
[2024-10-12T10:37:20.991+0800][info] GC(64)   Post Evacuate Collection Set: 0.2ms
[2024-10-12T10:37:20.992+0800][info] GC(64)   Other: 0.3ms
[2024-10-12T10:37:20.992+0800][info] GC(64) Eden regions: 2->0(2)
[2024-10-12T10:37:20.992+0800][info] GC(64) Survivor regions: 1->1(1)
[2024-10-12T10:37:20.992+0800][info] GC(64) Old regions: 50->52
[2024-10-12T10:37:20.992+0800][info] GC(64) Archive regions: 2->2
[2024-10-12T10:37:20.992+0800][info] GC(64) Humongous regions: 3->3
[2024-10-12T10:37:20.992+0800][info] GC(64) Metaspace: 1561K(1728K)->1561K(1728K) NonClass: 1437K(1536K)->1437K(1536K) Class: 124K(192K)->124K(192K)
[2024-10-12T10:37:20.992+0800][info] GC(64) Pause Young (Concurrent Start) (G1 Evacuation Pause) 101M->102M(128M) 1.556ms
[2024-10-12T10:37:20.992+0800][info] GC(64) User=0.00s Sys=0.00s Real=0.00s
[2024-10-12T10:37:20.992+0800][info] GC(65) Concurrent Mark Cycle
[2024-10-12T10:37:20.992+0800][info] GC(65) Concurrent Clear Claimed Marks
[2024-10-12T10:37:20.992+0800][info] GC(65) Concurrent Clear Claimed Marks 0.027ms
[2024-10-12T10:37:20.992+0800][info] GC(65) Concurrent Scan Root Regions
[2024-10-12T10:37:20.992+0800][info] GC(65) Concurrent Scan Root Regions 0.158ms
[2024-10-12T10:37:20.992+0800][info] GC(65) Concurrent Mark
[2024-10-12T10:37:20.992+0800][info] GC(65) Concurrent Mark From Roots
[2024-10-12T10:37:20.992+0800][info] GC(65) Using 12 workers of 12 for marking
[2024-10-12T10:37:20.996+0800][info] GC(65) Concurrent Mark From Roots 3.761ms
[2024-10-12T10:37:20.996+0800][info] GC(65) Concurrent Preclean
[2024-10-12T10:37:20.997+0800][info] GC(65) Concurrent Preclean 1.724ms
[2024-10-12T10:37:20.998+0800][info] GC(65) Pause Remark
[2024-10-12T10:37:20.999+0800][info] GC(65) Pause Remark 102M->102M(128M) 1.279ms
[2024-10-12T10:37:20.999+0800][info] GC(65) User=0.01s Sys=0.00s Real=0.00s
[2024-10-12T10:37:20.999+0800][info] GC(65) Concurrent Mark 7.024ms
[2024-10-12T10:37:20.999+0800][info] GC(65) Concurrent Rebuild Remembered Sets
[2024-10-12T10:37:21.000+0800][info] GC(65) Concurrent Rebuild Remembered Sets 1.265ms
[2024-10-12T10:37:21.000+0800][info] GC(65) Pause Cleanup
[2024-10-12T10:37:21.001+0800][info] GC(65) Pause Cleanup 102M->102M(128M) 0.212ms
[2024-10-12T10:37:21.001+0800][info] GC(65) User=0.00s Sys=0.00s Real=0.00s
[2024-10-12T10:37:21.001+0800][info] GC(65) Concurrent Cleanup for Next Mark
[2024-10-12T10:37:21.001+0800][info] GC(65) Concurrent Cleanup for Next Mark 0.411ms
[2024-10-12T10:37:21.001+0800][info] GC(65) Concurrent Mark Cycle 9.470ms
[2024-10-12T10:37:21.146+0800][info] GC(66) Pause Young (Prepare Mixed) (G1 Preventive Collection)
[2024-10-12T10:37:21.146+0800][info] GC(66) Using 3 workers of 48 for evacuation
[2024-10-12T10:37:21.147+0800][info] GC(66)   Pre Evacuate Collection Set: 0.1ms
[2024-10-12T10:37:21.147+0800][info] GC(66)   Merge Heap Roots: 0.1ms
[2024-10-12T10:37:21.147+0800][info] GC(66)   Evacuate Collection Set: 0.8ms
[2024-10-12T10:37:21.147+0800][info] GC(66)   Post Evacuate Collection Set: 0.2ms
[2024-10-12T10:37:21.147+0800][info] GC(66)   Other: 0.2ms
[2024-10-12T10:37:21.147+0800][info] GC(66) Eden regions: 2->0(2)
[2024-10-12T10:37:21.147+0800][info] GC(66) Survivor regions: 1->1(1)
[2024-10-12T10:37:21.148+0800][info] GC(66) Old regions: 52->54
[2024-10-12T10:37:21.148+0800][info] GC(66) Archive regions: 2->2
[2024-10-12T10:37:21.148+0800][info] GC(66) Humongous regions: 3->3
[2024-10-12T10:37:21.148+0800][info] GC(66) Metaspace: 1561K(1728K)->1561K(1728K) NonClass: 1437K(1536K)->1437K(1536K) Class: 124K(192K)->124K(192K)
[2024-10-12T10:37:21.148+0800][info] GC(66) Pause Young (Prepare Mixed) (G1 Preventive Collection) 105M->106M(128M) 1.482ms
[2024-10-12T10:37:21.148+0800][info] GC(66) User=0.01s Sys=0.00s Real=0.00s
[2024-10-12T10:37:21.209+0800][info] GC(67) Pause Young (Mixed) (G1 Preventive Collection)
[2024-10-12T10:37:21.209+0800][info] GC(67) Using 3 workers of 48 for evacuation
[2024-10-12T10:37:21.210+0800][info] GC(67)   Pre Evacuate Collection Set: 0.2ms
[2024-10-12T10:37:21.210+0800][info] GC(67)   Merge Heap Roots: 0.1ms
[2024-10-12T10:37:21.210+0800][info] GC(67)   Evacuate Collection Set: 0.8ms
[2024-10-12T10:37:21.210+0800][info] GC(67)   Post Evacuate Collection Set: 0.2ms
[2024-10-12T10:37:21.210+0800][info] GC(67)   Other: 0.2ms
[2024-10-12T10:37:21.210+0800][info] GC(67) Eden regions: 1->0(2)
[2024-10-12T10:37:21.210+0800][info] GC(67) Survivor regions: 1->1(1)
[2024-10-12T10:37:21.210+0800][info] GC(67) Old regions: 54->49
[2024-10-12T10:37:21.210+0800][info] GC(67) Archive regions: 2->2
[2024-10-12T10:37:21.210+0800][info] GC(67) Humongous regions: 3->3
[2024-10-12T10:37:21.210+0800][info] GC(67) Metaspace: 1561K(1728K)->1561K(1728K) NonClass: 1437K(1536K)->1437K(1536K) Class: 124K(192K)->124K(192K)
[2024-10-12T10:37:21.211+0800][info] GC(67) Pause Young (Mixed) (G1 Preventive Collection) 108M->98M(128M) 1.581ms
[2024-10-12T10:37:21.211+0800][info] GC(67) User=0.00s Sys=0.00s Real=0.00s
[2024-10-12T10:37:21.313+0800][info] GC(68) Pause Young (Mixed) (G1 Evacuation Pause)
[2024-10-12T10:37:21.313+0800][info] GC(68) Using 3 workers of 48 for evacuation
[2024-10-12T10:37:21.315+0800][info] GC(68)   Pre Evacuate Collection Set: 0.2ms
[2024-10-12T10:37:21.315+0800][info] GC(68)   Merge Heap Roots: 0.1ms
[2024-10-12T10:37:21.315+0800][info] GC(68)   Evacuate Collection Set: 1.7ms
[2024-10-12T10:37:21.315+0800][info] GC(68)   Post Evacuate Collection Set: 0.2ms
[2024-10-12T10:37:21.315+0800][info] GC(68)   Other: 0.2ms
[2024-10-12T10:37:21.315+0800][info] GC(68) Eden regions: 2->0(2)
[2024-10-12T10:37:21.315+0800][info] GC(68) Survivor regions: 1->1(1)
[2024-10-12T10:37:21.315+0800][info] GC(68) Old regions: 49->47
[2024-10-12T10:37:21.315+0800][info] GC(68) Archive regions: 2->2
[2024-10-12T10:37:21.315+0800][info] GC(68) Humongous regions: 3->3
[2024-10-12T10:37:21.315+0800][info] GC(68) Metaspace: 1561K(1728K)->1561K(1728K) NonClass: 1437K(1536K)->1437K(1536K) Class: 124K(192K)->124K(192K)
[2024-10-12T10:37:21.315+0800][info] GC(68) Pause Young (Mixed) (G1 Evacuation Pause) 102M->95M(128M) 2.452ms
[2024-10-12T10:37:21.315+0800][info] GC(68) User=0.01s Sys=0.00s Real=0.01s
[2024-10-12T10:37:21.418+0800][info] GC(69) Pause Young (Mixed) (G1 Evacuation Pause)
[2024-10-12T10:37:21.418+0800][info] GC(69) Using 3 workers of 48 for evacuation
[2024-10-12T10:37:21.420+0800][info] GC(69)   Pre Evacuate Collection Set: 0.1ms
[2024-10-12T10:37:21.420+0800][info] GC(69)   Merge Heap Roots: 0.0ms
[2024-10-12T10:37:21.420+0800][info] GC(69)   Evacuate Collection Set: 1.4ms
[2024-10-12T10:37:21.420+0800][info] GC(69)   Post Evacuate Collection Set: 0.2ms
[2024-10-12T10:37:21.420+0800][info] GC(69)   Other: 0.2ms
[2024-10-12T10:37:21.420+0800][info] GC(69) Eden regions: 2->0(2)
[2024-10-12T10:37:21.420+0800][info] GC(69) Survivor regions: 1->1(1)
[2024-10-12T10:37:21.420+0800][info] GC(69) Old regions: 47->47
[2024-10-12T10:37:21.420+0800][info] GC(69) Archive regions: 2->2
[2024-10-12T10:37:21.420+0800][info] GC(69) Humongous regions: 3->3
[2024-10-12T10:37:21.420+0800][info] GC(69) Metaspace: 1561K(1728K)->1561K(1728K) NonClass: 1437K(1536K)->1437K(1536K) Class: 124K(192K)->124K(192K)
[2024-10-12T10:37:21.420+0800][info] GC(69) Pause Young (Mixed) (G1 Evacuation Pause) 99M->97M(128M) 2.035ms
[2024-10-12T10:37:21.420+0800][info] GC(69) User=0.00s Sys=0.00s Real=0.00s
[2024-10-12T10:37:21.522+0800][info] GC(70) Pause Young (Normal) (G1 Evacuation Pause)
[2024-10-12T10:37:21.522+0800][info] GC(70) Using 3 workers of 48 for evacuation
[2024-10-12T10:37:21.523+0800][info] GC(70)   Pre Evacuate Collection Set: 0.1ms
[2024-10-12T10:37:21.523+0800][info] GC(70)   Merge Heap Roots: 0.1ms
[2024-10-12T10:37:21.523+0800][info] GC(70)   Evacuate Collection Set: 0.8ms
[2024-10-12T10:37:21.523+0800][info] GC(70)   Post Evacuate Collection Set: 0.2ms
[2024-10-12T10:37:21.523+0800][info] GC(70)   Other: 0.2ms
[2024-10-12T10:37:21.523+0800][info] GC(70) Eden regions: 2->0(2)
[2024-10-12T10:37:21.524+0800][info] GC(70) Survivor regions: 1->1(1)
[2024-10-12T10:37:21.524+0800][info] GC(70) Old regions: 47->49
[2024-10-12T10:37:21.524+0800][info] GC(70) Archive regions: 2->2
[2024-10-12T10:37:21.524+0800][info] GC(70) Humongous regions: 3->3
[2024-10-12T10:37:21.524+0800][info] GC(70) Metaspace: 1561K(1728K)->1561K(1728K) NonClass: 1437K(1536K)->1437K(1536K) Class: 124K(192K)->124K(192K)
[2024-10-12T10:37:21.524+0800][info] GC(70) Pause Young (Normal) (G1 Evacuation Pause) 101M->101M(128M) 1.444ms
[2024-10-12T10:37:21.524+0800][info] GC(70) User=0.00s Sys=0.00s Real=0.00s
[2024-10-12T10:37:21.626+0800][info] GC(71) Pause Young (Concurrent Start) (G1 Evacuation Pause)
[2024-10-12T10:37:21.626+0800][info] GC(71) Using 3 workers of 48 for evacuation
[2024-10-12T10:37:21.628+0800][info] GC(71)   Pre Evacuate Collection Set: 0.1ms
[2024-10-12T10:37:21.628+0800][info] GC(71)   Merge Heap Roots: 0.0ms
[2024-10-12T10:37:21.628+0800][info] GC(71)   Evacuate Collection Set: 0.8ms
[2024-10-12T10:37:21.628+0800][info] GC(71)   Post Evacuate Collection Set: 0.2ms
[2024-10-12T10:37:21.628+0800][info] GC(71)   Other: 0.3ms
[2024-10-12T10:37:21.628+0800][info] GC(71) Eden regions: 2->0(2)
[2024-10-12T10:37:21.628+0800][info] GC(71) Survivor regions: 1->1(1)
[2024-10-12T10:37:21.628+0800][info] GC(71) Old regions: 49->51
[2024-10-12T10:37:21.628+0800][info] GC(71) Archive regions: 2->2
[2024-10-12T10:37:21.628+0800][info] GC(71) Humongous regions: 3->3
[2024-10-12T10:37:21.628+0800][info] GC(71) Metaspace: 1561K(1728K)->1561K(1728K) NonClass: 1437K(1536K)->1437K(1536K) Class: 124K(192K)->124K(192K)
[2024-10-12T10:37:21.628+0800][info] GC(71) Pause Young (Concurrent Start) (G1 Evacuation Pause) 105M->105M(128M) 1.584ms
[2024-10-12T10:37:21.628+0800][info] GC(71) User=0.00s Sys=0.00s Real=0.00s
[2024-10-12T10:37:21.628+0800][info] GC(72) Concurrent Mark Cycle
[2024-10-12T10:37:21.628+0800][info] GC(72) Concurrent Clear Claimed Marks
[2024-10-12T10:37:21.628+0800][info] GC(72) Concurrent Clear Claimed Marks 0.017ms
[2024-10-12T10:37:21.628+0800][info] GC(72) Concurrent Scan Root Regions
[2024-10-12T10:37:21.628+0800][info] GC(72) Concurrent Scan Root Regions 0.108ms
[2024-10-12T10:37:21.628+0800][info] GC(72) Concurrent Mark
[2024-10-12T10:37:21.628+0800][info] GC(72) Concurrent Mark From Roots
[2024-10-12T10:37:21.628+0800][info] GC(72) Using 12 workers of 12 for marking
[2024-10-12T10:37:21.632+0800][info] GC(72) Concurrent Mark From Roots 3.733ms
[2024-10-12T10:37:21.632+0800][info] GC(72) Concurrent Preclean
[2024-10-12T10:37:21.634+0800][info] GC(72) Concurrent Preclean 1.710ms
[2024-10-12T10:37:21.634+0800][info] GC(72) Pause Remark
[2024-10-12T10:37:21.635+0800][info] GC(72) Pause Remark 105M->105M(128M) 1.316ms
[2024-10-12T10:37:21.635+0800][info] GC(72) User=0.00s Sys=0.00s Real=0.00s
[2024-10-12T10:37:21.635+0800][info] GC(72) Concurrent Mark 6.961ms
[2024-10-12T10:37:21.635+0800][info] GC(72) Concurrent Rebuild Remembered Sets
[2024-10-12T10:37:21.637+0800][info] GC(72) Concurrent Rebuild Remembered Sets 1.390ms
[2024-10-12T10:37:21.637+0800][info] GC(72) Pause Cleanup
[2024-10-12T10:37:21.637+0800][info] GC(72) Pause Cleanup 105M->105M(128M) 0.264ms
[2024-10-12T10:37:21.637+0800][info] GC(72) User=0.00s Sys=0.00s Real=0.00s
[2024-10-12T10:37:21.637+0800][info] GC(72) Concurrent Cleanup for Next Mark
[2024-10-12T10:37:21.637+0800][info] GC(72) Concurrent Cleanup for Next Mark 0.356ms
[2024-10-12T10:37:21.637+0800][info] GC(72) Concurrent Mark Cycle 9.390ms
[2024-10-12T10:37:21.782+0800][info] GC(73) Pause Young (Prepare Mixed) (G1 Evacuation Pause)
[2024-10-12T10:37:21.782+0800][info] GC(73) Using 3 workers of 48 for evacuation
[2024-10-12T10:37:21.783+0800][info] GC(73)   Pre Evacuate Collection Set: 0.1ms
[2024-10-12T10:37:21.783+0800][info] GC(73)   Merge Heap Roots: 0.1ms
[2024-10-12T10:37:21.783+0800][info] GC(73)   Evacuate Collection Set: 1.0ms
[2024-10-12T10:37:21.783+0800][info] GC(73)   Post Evacuate Collection Set: 0.2ms
[2024-10-12T10:37:21.783+0800][info] GC(73)   Other: 0.2ms
[2024-10-12T10:37:21.783+0800][info] GC(73) Eden regions: 2->0(2)
[2024-10-12T10:37:21.783+0800][info] GC(73) Survivor regions: 1->1(1)
[2024-10-12T10:37:21.783+0800][info] GC(73) Old regions: 51->53
[2024-10-12T10:37:21.783+0800][info] GC(73) Archive regions: 2->2
[2024-10-12T10:37:21.783+0800][info] GC(73) Humongous regions: 3->3
[2024-10-12T10:37:21.783+0800][info] GC(73) Metaspace: 1561K(1728K)->1561K(1728K) NonClass: 1437K(1536K)->1437K(1536K) Class: 124K(192K)->124K(192K)
[2024-10-12T10:37:21.783+0800][info] GC(73) Pause Young (Prepare Mixed) (G1 Evacuation Pause) 108M->109M(128M) 1.670ms
[2024-10-12T10:37:21.783+0800][info] GC(73) User=0.00s Sys=0.00s Real=0.00s
[2024-10-12T10:37:21.845+0800][info] GC(74) Pause Young (Mixed) (G1 Preventive Collection)
[2024-10-12T10:37:21.845+0800][info] GC(74) Using 3 workers of 48 for evacuation
[2024-10-12T10:37:21.847+0800][info] GC(74)   Pre Evacuate Collection Set: 0.2ms
[2024-10-12T10:37:21.847+0800][info] GC(74)   Merge Heap Roots: 0.1ms
[2024-10-12T10:37:21.847+0800][info] GC(74)   Evacuate Collection Set: 1.1ms
[2024-10-12T10:37:21.847+0800][info] GC(74)   Post Evacuate Collection Set: 0.2ms
[2024-10-12T10:37:21.847+0800][info] GC(74)   Other: 0.2ms
[2024-10-12T10:37:21.847+0800][info] GC(74) Eden regions: 1->0(2)
[2024-10-12T10:37:21.847+0800][info] GC(74) Survivor regions: 1->1(1)
[2024-10-12T10:37:21.847+0800][info] GC(74) Old regions: 53->48
[2024-10-12T10:37:21.847+0800][info] GC(74) Archive regions: 2->2
[2024-10-12T10:37:21.847+0800][info] GC(74) Humongous regions: 3->3
[2024-10-12T10:37:21.847+0800][info] GC(74) Metaspace: 1561K(1728K)->1561K(1728K) NonClass: 1437K(1536K)->1437K(1536K) Class: 124K(192K)->124K(192K)
[2024-10-12T10:37:21.847+0800][info] GC(74) Pause Young (Mixed) (G1 Preventive Collection) 111M->102M(128M) 1.846ms
[2024-10-12T10:37:21.847+0800][info] GC(74) User=0.00s Sys=0.00s Real=0.00s
[2024-10-12T10:37:21.949+0800][info] GC(75) Pause Young (Mixed) (G1 Evacuation Pause)
[2024-10-12T10:37:21.949+0800][info] GC(75) Using 3 workers of 48 for evacuation
[2024-10-12T10:37:21.952+0800][info] GC(75)   Pre Evacuate Collection Set: 0.2ms
[2024-10-12T10:37:21.952+0800][info] GC(75)   Merge Heap Roots: 0.1ms
[2024-10-12T10:37:21.952+0800][info] GC(75)   Evacuate Collection Set: 1.7ms
[2024-10-12T10:37:21.952+0800][info] GC(75)   Post Evacuate Collection Set: 0.2ms
[2024-10-12T10:37:21.952+0800][info] GC(75)   Other: 0.2ms
[2024-10-12T10:37:21.952+0800][info] GC(75) Eden regions: 2->0(2)
[2024-10-12T10:37:21.952+0800][info] GC(75) Survivor regions: 1->1(1)
[2024-10-12T10:37:21.952+0800][info] GC(75) Old regions: 48->46
[2024-10-12T10:37:21.952+0800][info] GC(75) Archive regions: 2->2
[2024-10-12T10:37:21.952+0800][info] GC(75) Humongous regions: 3->3
[2024-10-12T10:37:21.952+0800][info] GC(75) Metaspace: 1561K(1728K)->1561K(1728K) NonClass: 1437K(1536K)->1437K(1536K) Class: 124K(192K)->124K(192K)
[2024-10-12T10:37:21.952+0800][info] GC(75) Pause Young (Mixed) (G1 Evacuation Pause) 105M->98M(128M) 2.424ms
[2024-10-12T10:37:21.952+0800][info] GC(75) User=0.01s Sys=0.00s Real=0.00s
[2024-10-12T10:37:22.055+0800][info] GC(76) Pause Young (Mixed) (G1 Evacuation Pause)
[2024-10-12T10:37:22.055+0800][info] GC(76) Using 3 workers of 48 for evacuation
[2024-10-12T10:37:22.057+0800][info] GC(76)   Pre Evacuate Collection Set: 0.1ms
[2024-10-12T10:37:22.057+0800][info] GC(76)   Merge Heap Roots: 0.1ms
[2024-10-12T10:37:22.057+0800][info] GC(76)   Evacuate Collection Set: 1.3ms
[2024-10-12T10:37:22.057+0800][info] GC(76)   Post Evacuate Collection Set: 0.2ms
[2024-10-12T10:37:22.057+0800][info] GC(76)   Other: 0.2ms
[2024-10-12T10:37:22.057+0800][info] GC(76) Eden regions: 2->0(2)
[2024-10-12T10:37:22.057+0800][info] GC(76) Survivor regions: 1->1(1)
[2024-10-12T10:37:22.057+0800][info] GC(76) Old regions: 46->46
[2024-10-12T10:37:22.057+0800][info] GC(76) Archive regions: 2->2
[2024-10-12T10:37:22.057+0800][info] GC(76) Humongous regions: 4->3
[2024-10-12T10:37:22.057+0800][info] GC(76) Metaspace: 1561K(1728K)->1561K(1728K) NonClass: 1437K(1536K)->1437K(1536K) Class: 124K(192K)->124K(192K)
[2024-10-12T10:37:22.057+0800][info] GC(76) Pause Young (Mixed) (G1 Evacuation Pause) 104M->99M(128M) 1.976ms
[2024-10-12T10:37:22.057+0800][info] GC(76) User=0.01s Sys=0.00s Real=0.00s
[2024-10-12T10:37:22.159+0800][info] GC(77) Pause Young (Normal) (G1 Evacuation Pause)
[2024-10-12T10:37:22.159+0800][info] GC(77) Using 3 workers of 48 for evacuation
[2024-10-12T10:37:22.160+0800][info] GC(77)   Pre Evacuate Collection Set: 0.1ms
[2024-10-12T10:37:22.160+0800][info] GC(77)   Merge Heap Roots: 0.1ms
[2024-10-12T10:37:22.160+0800][info] GC(77)   Evacuate Collection Set: 0.6ms
[2024-10-12T10:37:22.160+0800][info] GC(77)   Post Evacuate Collection Set: 0.2ms
[2024-10-12T10:37:22.160+0800][info] GC(77)   Other: 0.2ms
[2024-10-12T10:37:22.160+0800][info] GC(77) Eden regions: 2->0(2)
[2024-10-12T10:37:22.160+0800][info] GC(77) Survivor regions: 1->1(1)
[2024-10-12T10:37:22.160+0800][info] GC(77) Old regions: 46->48
[2024-10-12T10:37:22.160+0800][info] GC(77) Archive regions: 2->2
[2024-10-12T10:37:22.160+0800][info] GC(77) Humongous regions: 3->3
[2024-10-12T10:37:22.161+0800][info] GC(77) Metaspace: 1561K(1728K)->1561K(1728K) NonClass: 1437K(1536K)->1437K(1536K) Class: 124K(192K)->124K(192K)
[2024-10-12T10:37:22.161+0800][info] GC(77) Pause Young (Normal) (G1 Evacuation Pause) 102M->102M(128M) 1.274ms
[2024-10-12T10:37:22.161+0800][info] GC(77) User=0.00s Sys=0.00s Real=0.00s
[2024-10-12T10:37:22.263+0800][info] GC(78) Pause Young (Normal) (G1 Evacuation Pause)
[2024-10-12T10:37:22.263+0800][info] GC(78) Using 3 workers of 48 for evacuation
[2024-10-12T10:37:22.265+0800][info] GC(78)   Pre Evacuate Collection Set: 0.1ms
[2024-10-12T10:37:22.265+0800][info] GC(78)   Merge Heap Roots: 0.0ms
[2024-10-12T10:37:22.265+0800][info] GC(78)   Evacuate Collection Set: 0.8ms
[2024-10-12T10:37:22.265+0800][info] GC(78)   Post Evacuate Collection Set: 0.2ms
[2024-10-12T10:37:22.265+0800][info] GC(78)   Other: 0.2ms
[2024-10-12T10:37:22.265+0800][info] GC(78) Eden regions: 2->0(2)
[2024-10-12T10:37:22.265+0800][info] GC(78) Survivor regions: 1->1(1)
[2024-10-12T10:37:22.265+0800][info] GC(78) Old regions: 48->50
[2024-10-12T10:37:22.265+0800][info] GC(78) Archive regions: 2->2
[2024-10-12T10:37:22.265+0800][info] GC(78) Humongous regions: 3->3
[2024-10-12T10:37:22.265+0800][info] GC(78) Metaspace: 1561K(1728K)->1561K(1728K) NonClass: 1437K(1536K)->1437K(1536K) Class: 124K(192K)->124K(192K)
[2024-10-12T10:37:22.265+0800][info] GC(78) Pause Young (Normal) (G1 Evacuation Pause) 106M->106M(128M) 1.443ms
[2024-10-12T10:37:22.265+0800][info] GC(78) User=0.00s Sys=0.00s Real=0.00s
[2024-10-12T10:37:22.367+0800][info] GC(79) Pause Young (Concurrent Start) (G1 Evacuation Pause)
[2024-10-12T10:37:22.367+0800][info] GC(79) Using 3 workers of 48 for evacuation
[2024-10-12T10:37:22.369+0800][info] GC(79)   Pre Evacuate Collection Set: 0.1ms
[2024-10-12T10:37:22.369+0800][info] GC(79)   Merge Heap Roots: 0.1ms
[2024-10-12T10:37:22.369+0800][info] GC(79)   Evacuate Collection Set: 0.8ms
[2024-10-12T10:37:22.369+0800][info] GC(79)   Post Evacuate Collection Set: 0.2ms
[2024-10-12T10:37:22.369+0800][info] GC(79)   Other: 0.4ms
[2024-10-12T10:37:22.369+0800][info] GC(79) Eden regions: 2->0(2)
[2024-10-12T10:37:22.369+0800][info] GC(79) Survivor regions: 1->1(1)
[2024-10-12T10:37:22.369+0800][info] GC(79) Old regions: 50->52
[2024-10-12T10:37:22.369+0800][info] GC(79) Archive regions: 2->2
[2024-10-12T10:37:22.369+0800][info] GC(79) Humongous regions: 3->3
[2024-10-12T10:37:22.369+0800][info] GC(79) Metaspace: 1561K(1728K)->1561K(1728K) NonClass: 1437K(1536K)->1437K(1536K) Class: 124K(192K)->124K(192K)
[2024-10-12T10:37:22.369+0800][info] GC(79) Pause Young (Concurrent Start) (G1 Evacuation Pause) 110M->110M(128M) 1.722ms
[2024-10-12T10:37:22.369+0800][info] GC(79) User=0.00s Sys=0.00s Real=0.00s
[2024-10-12T10:37:22.369+0800][info] GC(80) Concurrent Mark Cycle
[2024-10-12T10:37:22.369+0800][info] GC(80) Concurrent Clear Claimed Marks
[2024-10-12T10:37:22.369+0800][info] GC(80) Concurrent Clear Claimed Marks 0.016ms
[2024-10-12T10:37:22.369+0800][info] GC(80) Concurrent Scan Root Regions
[2024-10-12T10:37:22.369+0800][info] GC(80) Concurrent Scan Root Regions 0.099ms
[2024-10-12T10:37:22.369+0800][info] GC(80) Concurrent Mark
[2024-10-12T10:37:22.369+0800][info] GC(80) Concurrent Mark From Roots
[2024-10-12T10:37:22.369+0800][info] GC(80) Using 12 workers of 12 for marking
[2024-10-12T10:37:22.372+0800][info] GC(80) Concurrent Mark From Roots 3.556ms
[2024-10-12T10:37:22.373+0800][info] GC(80) Concurrent Preclean
[2024-10-12T10:37:22.374+0800][info] GC(80) Concurrent Preclean 1.776ms
[2024-10-12T10:37:22.374+0800][info] GC(80) Pause Remark
[2024-10-12T10:37:22.376+0800][info] GC(80) Pause Remark 110M->110M(128M) 1.334ms
[2024-10-12T10:37:22.376+0800][info] GC(80) User=0.01s Sys=0.00s Real=0.00s
[2024-10-12T10:37:22.376+0800][info] GC(80) Concurrent Mark 6.993ms
[2024-10-12T10:37:22.376+0800][info] GC(80) Concurrent Rebuild Remembered Sets
[2024-10-12T10:37:22.377+0800][info] GC(80) Concurrent Rebuild Remembered Sets 1.461ms
[2024-10-12T10:37:22.378+0800][info] GC(80) Pause Cleanup
[2024-10-12T10:37:22.378+0800][info] GC(80) Pause Cleanup 110M->110M(128M) 0.230ms
[2024-10-12T10:37:22.378+0800][info] GC(80) User=0.00s Sys=0.00s Real=0.00s
[2024-10-12T10:37:22.378+0800][info] GC(80) Concurrent Cleanup for Next Mark
[2024-10-12T10:37:22.378+0800][info] GC(80) Concurrent Cleanup for Next Mark 0.361ms
[2024-10-12T10:37:22.378+0800][info] GC(80) Concurrent Mark Cycle 9.460ms
[2024-10-12T10:37:22.523+0800][info] GC(81) Pause Young (Prepare Mixed) (G1 Preventive Collection)
[2024-10-12T10:37:22.523+0800][info] GC(81) Using 3 workers of 48 for evacuation
[2024-10-12T10:37:22.524+0800][info] GC(81)   Pre Evacuate Collection Set: 0.1ms
[2024-10-12T10:37:22.524+0800][info] GC(81)   Merge Heap Roots: 0.1ms
[2024-10-12T10:37:22.524+0800][info] GC(81)   Evacuate Collection Set: 0.8ms
[2024-10-12T10:37:22.524+0800][info] GC(81)   Post Evacuate Collection Set: 0.2ms
[2024-10-12T10:37:22.525+0800][info] GC(81)   Other: 0.2ms
[2024-10-12T10:37:22.525+0800][info] GC(81) Eden regions: 2->0(2)
[2024-10-12T10:37:22.525+0800][info] GC(81) Survivor regions: 1->1(1)
[2024-10-12T10:37:22.525+0800][info] GC(81) Old regions: 52->54
[2024-10-12T10:37:22.525+0800][info] GC(81) Archive regions: 2->2
[2024-10-12T10:37:22.525+0800][info] GC(81) Humongous regions: 3->3
[2024-10-12T10:37:22.525+0800][info] GC(81) Metaspace: 1566K(1728K)->1566K(1728K) NonClass: 1442K(1536K)->1442K(1536K) Class: 124K(192K)->124K(192K)
[2024-10-12T10:37:22.525+0800][info] GC(81) Pause Young (Prepare Mixed) (G1 Preventive Collection) 113M->114M(128M) 1.524ms
[2024-10-12T10:37:22.525+0800][info] GC(81) User=0.01s Sys=0.00s Real=0.00s
[2024-10-12T10:37:22.586+0800][info] GC(82) Pause Young (Mixed) (G1 Preventive Collection)
[2024-10-12T10:37:22.586+0800][info] GC(82) Using 3 workers of 48 for evacuation
[2024-10-12T10:37:22.588+0800][info] GC(82) To-space exhausted
[2024-10-12T10:37:22.588+0800][info] GC(82)   Pre Evacuate Collection Set: 0.2ms
[2024-10-12T10:37:22.588+0800][info] GC(82)   Merge Heap Roots: 0.0ms
[2024-10-12T10:37:22.588+0800][info] GC(82)   Evacuate Collection Set: 0.9ms
[2024-10-12T10:37:22.588+0800][info] GC(82)   Post Evacuate Collection Set: 0.2ms
[2024-10-12T10:37:22.588+0800][info] GC(82)   Other: 0.2ms
[2024-10-12T10:37:22.588+0800][info] GC(82) Eden regions: 1->0(2)
[2024-10-12T10:37:22.588+0800][info] GC(82) Survivor regions: 1->1(1)
[2024-10-12T10:37:22.588+0800][info] GC(82) Old regions: 54->51
[2024-10-12T10:37:22.588+0800][info] GC(82) Archive regions: 2->2
[2024-10-12T10:37:22.588+0800][info] GC(82) Humongous regions: 3->3
[2024-10-12T10:37:22.588+0800][info] GC(82) Metaspace: 1566K(1728K)->1566K(1728K) NonClass: 1442K(1536K)->1442K(1536K) Class: 124K(192K)->124K(192K)
[2024-10-12T10:37:22.588+0800][info] GC(82) Pause Young (Mixed) (G1 Preventive Collection) 116M->110M(128M) 1.665ms
[2024-10-12T10:37:22.588+0800][info] GC(82) User=0.00s Sys=0.00s Real=0.00s
[2024-10-12T10:37:22.690+0800][info] GC(83) Pause Young (Mixed) (G1 Preventive Collection)
[2024-10-12T10:37:22.690+0800][info] GC(83) Using 3 workers of 48 for evacuation
[2024-10-12T10:37:22.692+0800][info] GC(83) To-space exhausted
[2024-10-12T10:37:22.692+0800][info] GC(83)   Pre Evacuate Collection Set: 0.2ms
[2024-10-12T10:37:22.692+0800][info] GC(83)   Merge Heap Roots: 0.1ms
[2024-10-12T10:37:22.692+0800][info] GC(83)   Evacuate Collection Set: 1.3ms
[2024-10-12T10:37:22.692+0800][info] GC(83)   Post Evacuate Collection Set: 0.3ms
[2024-10-12T10:37:22.692+0800][info] GC(83)   Other: 0.2ms
[2024-10-12T10:37:22.692+0800][info] GC(83) Eden regions: 2->0(2)
[2024-10-12T10:37:22.692+0800][info] GC(83) Survivor regions: 1->1(1)
[2024-10-12T10:37:22.692+0800][info] GC(83) Old regions: 51->54
[2024-10-12T10:37:22.692+0800][info] GC(83) Archive regions: 2->2
[2024-10-12T10:37:22.692+0800][info] GC(83) Humongous regions: 3->3
[2024-10-12T10:37:22.692+0800][info] GC(83) Metaspace: 1566K(1728K)->1566K(1728K) NonClass: 1442K(1536K)->1442K(1536K) Class: 124K(192K)->124K(192K)
[2024-10-12T10:37:22.692+0800][info] GC(83) Pause Young (Mixed) (G1 Preventive Collection) 113M->116M(128M) 2.103ms
[2024-10-12T10:37:22.692+0800][info] GC(83) User=0.01s Sys=0.00s Real=0.00s
[2024-10-12T10:37:22.754+0800][info] GC(84) Pause Young (Mixed) (G1 Preventive Collection)
[2024-10-12T10:37:22.754+0800][info] GC(84) Using 3 workers of 48 for evacuation
[2024-10-12T10:37:22.756+0800][info] GC(84) To-space exhausted
[2024-10-12T10:37:22.756+0800][info] GC(84)   Pre Evacuate Collection Set: 0.2ms
[2024-10-12T10:37:22.756+0800][info] GC(84)   Merge Heap Roots: 0.1ms
[2024-10-12T10:37:22.756+0800][info] GC(84)   Evacuate Collection Set: 1.1ms
[2024-10-12T10:37:22.756+0800][info] GC(84)   Post Evacuate Collection Set: 0.2ms
[2024-10-12T10:37:22.756+0800][info] GC(84)   Other: 0.1ms
[2024-10-12T10:37:22.756+0800][info] GC(84) Eden regions: 1->0(2)
[2024-10-12T10:37:22.756+0800][info] GC(84) Survivor regions: 1->1(1)
[2024-10-12T10:37:22.756+0800][info] GC(84) Old regions: 54->55
[2024-10-12T10:37:22.756+0800][info] GC(84) Archive regions: 2->2
[2024-10-12T10:37:22.756+0800][info] GC(84) Humongous regions: 3->3
[2024-10-12T10:37:22.756+0800][info] GC(84) Metaspace: 1566K(1728K)->1566K(1728K) NonClass: 1442K(1536K)->1442K(1536K) Class: 124K(192K)->124K(192K)
[2024-10-12T10:37:22.756+0800][info] GC(84) Pause Young (Mixed) (G1 Preventive Collection) 118M->118M(128M) 1.828ms
[2024-10-12T10:37:22.756+0800][info] GC(84) User=0.00s Sys=0.00s Real=0.00s
[2024-10-12T10:37:22.797+0800][info] GC(85) Pause Young (Concurrent Start) (G1 Preventive Collection)
[2024-10-12T10:37:22.797+0800][info] GC(85) Using 3 workers of 48 for evacuation
[2024-10-12T10:37:22.798+0800][info] GC(85)   Pre Evacuate Collection Set: 0.1ms
[2024-10-12T10:37:22.798+0800][info] GC(85)   Merge Heap Roots: 0.0ms
[2024-10-12T10:37:22.798+0800][info] GC(85)   Evacuate Collection Set: 0.6ms
[2024-10-12T10:37:22.798+0800][info] GC(85)   Post Evacuate Collection Set: 0.2ms
[2024-10-12T10:37:22.798+0800][info] GC(85)   Other: 0.4ms
[2024-10-12T10:37:22.798+0800][info] GC(85) Eden regions: 1->0(2)
[2024-10-12T10:37:22.798+0800][info] GC(85) Survivor regions: 1->1(1)
[2024-10-12T10:37:22.798+0800][info] GC(85) Old regions: 55->56
[2024-10-12T10:37:22.798+0800][info] GC(85) Archive regions: 2->2
[2024-10-12T10:37:22.798+0800][info] GC(85) Humongous regions: 3->3
[2024-10-12T10:37:22.798+0800][info] GC(85) Metaspace: 1566K(1728K)->1566K(1728K) NonClass: 1442K(1536K)->1442K(1536K) Class: 124K(192K)->124K(192K)
[2024-10-12T10:37:22.798+0800][info] GC(85) Pause Young (Concurrent Start) (G1 Preventive Collection) 119M->119M(128M) 1.386ms
[2024-10-12T10:37:22.798+0800][info] GC(85) User=0.00s Sys=0.00s Real=0.00s
[2024-10-12T10:37:22.799+0800][info] GC(86) Concurrent Mark Cycle
[2024-10-12T10:37:22.799+0800][info] GC(86) Concurrent Clear Claimed Marks
[2024-10-12T10:37:22.799+0800][info] GC(86) Concurrent Clear Claimed Marks 0.017ms
[2024-10-12T10:37:22.799+0800][info] GC(86) Concurrent Scan Root Regions
[2024-10-12T10:37:22.799+0800][info] GC(86) Concurrent Scan Root Regions 0.146ms
[2024-10-12T10:37:22.799+0800][info] GC(86) Concurrent Mark
[2024-10-12T10:37:22.799+0800][info] GC(86) Concurrent Mark From Roots
[2024-10-12T10:37:22.799+0800][info] GC(86) Using 12 workers of 12 for marking
[2024-10-12T10:37:22.803+0800][info] GC(86) Concurrent Mark From Roots 3.777ms
[2024-10-12T10:37:22.803+0800][info] GC(86) Concurrent Preclean
[2024-10-12T10:37:22.804+0800][info] GC(86) Concurrent Preclean 1.693ms
[2024-10-12T10:37:22.804+0800][info] GC(86) Pause Remark
[2024-10-12T10:37:22.806+0800][info] GC(86) Pause Remark 120M->118M(128M) 1.327ms
[2024-10-12T10:37:22.806+0800][info] GC(86) User=0.00s Sys=0.00s Real=0.01s
[2024-10-12T10:37:22.806+0800][info] GC(86) Concurrent Mark 7.043ms
[2024-10-12T10:37:22.806+0800][info] GC(86) Concurrent Rebuild Remembered Sets
[2024-10-12T10:37:22.807+0800][info] GC(86) Concurrent Rebuild Remembered Sets 1.270ms
[2024-10-12T10:37:22.807+0800][info] GC(86) Pause Cleanup
[2024-10-12T10:37:22.807+0800][info] GC(86) Pause Cleanup 118M->118M(128M) 0.226ms
[2024-10-12T10:37:22.808+0800][info] GC(86) User=0.00s Sys=0.00s Real=0.00s
[2024-10-12T10:37:22.808+0800][info] GC(86) Concurrent Cleanup for Next Mark
[2024-10-12T10:37:22.808+0800][info] GC(86) Concurrent Cleanup for Next Mark 0.367ms
[2024-10-12T10:37:22.808+0800][info] GC(86) Concurrent Mark Cycle 9.403ms
[2024-10-12T10:37:22.911+0800][info] GC(87) Pause Young (Prepare Mixed) (G1 Preventive Collection)
[2024-10-12T10:37:22.911+0800][info] GC(87) Using 3 workers of 48 for evacuation
[2024-10-12T10:37:22.912+0800][info] GC(87)   Pre Evacuate Collection Set: 0.1ms
[2024-10-12T10:37:22.912+0800][info] GC(87)   Merge Heap Roots: 0.1ms
[2024-10-12T10:37:22.912+0800][info] GC(87)   Evacuate Collection Set: 0.6ms
[2024-10-12T10:37:22.912+0800][info] GC(87)   Post Evacuate Collection Set: 0.2ms
[2024-10-12T10:37:22.913+0800][info] GC(87)   Other: 0.2ms
[2024-10-12T10:37:22.913+0800][info] GC(87) Eden regions: 1->0(2)
[2024-10-12T10:37:22.913+0800][info] GC(87) Survivor regions: 1->1(1)
[2024-10-12T10:37:22.913+0800][info] GC(87) Old regions: 55->56
[2024-10-12T10:37:22.913+0800][info] GC(87) Archive regions: 2->2
[2024-10-12T10:37:22.913+0800][info] GC(87) Humongous regions: 3->3
[2024-10-12T10:37:22.913+0800][info] GC(87) Metaspace: 1566K(1728K)->1566K(1728K) NonClass: 1442K(1536K)->1442K(1536K) Class: 124K(192K)->124K(192K)
[2024-10-12T10:37:22.913+0800][info] GC(87) Pause Young (Prepare Mixed) (G1 Preventive Collection) 119M->119M(128M) 1.318ms
[2024-10-12T10:37:22.913+0800][info] GC(87) User=0.00s Sys=0.00s Real=0.00s
[2024-10-12T10:37:22.954+0800][info] GC(88) Pause Young (Mixed) (G1 Preventive Collection)
[2024-10-12T10:37:22.954+0800][info] GC(88) Using 3 workers of 48 for evacuation
[2024-10-12T10:37:22.955+0800][info] GC(88) To-space exhausted
[2024-10-12T10:37:22.955+0800][info] GC(88)   Pre Evacuate Collection Set: 0.2ms
[2024-10-12T10:37:22.955+0800][info] GC(88)   Merge Heap Roots: 0.0ms
[2024-10-12T10:37:22.955+0800][info] GC(88)   Evacuate Collection Set: 0.4ms
[2024-10-12T10:37:22.955+0800][info] GC(88)   Post Evacuate Collection Set: 0.2ms
[2024-10-12T10:37:22.955+0800][info] GC(88)   Other: 0.2ms
[2024-10-12T10:37:22.955+0800][info] GC(88) Eden regions: 1->0(2)
[2024-10-12T10:37:22.955+0800][info] GC(88) Survivor regions: 1->1(1)
[2024-10-12T10:37:22.955+0800][info] GC(88) Old regions: 56->57
[2024-10-12T10:37:22.955+0800][info] GC(88) Archive regions: 2->2
[2024-10-12T10:37:22.955+0800][info] GC(88) Humongous regions: 3->3
[2024-10-12T10:37:22.955+0800][info] GC(88) Metaspace: 1566K(1728K)->1566K(1728K) NonClass: 1442K(1536K)->1442K(1536K) Class: 124K(192K)->124K(192K)
[2024-10-12T10:37:22.955+0800][info] GC(88) Pause Young (Mixed) (G1 Preventive Collection) 121M->121M(128M) 1.126ms
[2024-10-12T10:37:22.955+0800][info] GC(88) User=0.00s Sys=0.00s Real=0.00s
[2024-10-12T10:37:23.017+0800][info] GC(89) Pause Young (Mixed) (G1 Evacuation Pause)
[2024-10-12T10:37:23.017+0800][info] GC(89) Using 3 workers of 48 for evacuation
[2024-10-12T10:37:23.018+0800][info] GC(89) To-space exhausted
[2024-10-12T10:37:23.018+0800][info] GC(89)   Pre Evacuate Collection Set: 0.2ms
[2024-10-12T10:37:23.018+0800][info] GC(89)   Merge Heap Roots: 0.1ms
[2024-10-12T10:37:23.018+0800][info] GC(89)   Evacuate Collection Set: 0.2ms
[2024-10-12T10:37:23.018+0800][info] GC(89)   Post Evacuate Collection Set: 0.2ms
[2024-10-12T10:37:23.018+0800][info] GC(89)   Other: 0.1ms
[2024-10-12T10:37:23.018+0800][info] GC(89) Eden regions: 1->0(3)
[2024-10-12T10:37:23.018+0800][info] GC(89) Survivor regions: 1->0(0)
[2024-10-12T10:37:23.018+0800][info] GC(89) Old regions: 57->59
[2024-10-12T10:37:23.018+0800][info] GC(89) Archive regions: 2->2
[2024-10-12T10:37:23.018+0800][info] GC(89) Humongous regions: 3->3
[2024-10-12T10:37:23.018+0800][info] GC(89) Metaspace: 1566K(1728K)->1566K(1728K) NonClass: 1442K(1536K)->1442K(1536K) Class: 124K(192K)->124K(192K)
[2024-10-12T10:37:23.018+0800][info] GC(89) Pause Young (Mixed) (G1 Evacuation Pause) 123M->123M(128M) 0.921ms
[2024-10-12T10:37:23.018+0800][info] GC(89) User=0.00s Sys=0.00s Real=0.00s
[2024-10-12T10:37:23.018+0800][info] Attempting full compaction
[2024-10-12T10:37:23.018+0800][info] GC(90) Using 3 workers of 48 for full compaction
[2024-10-12T10:37:23.018+0800][info] GC(90) Pause Full (G1 Compaction Pause)
[2024-10-12T10:37:23.018+0800][info] GC(90) Phase 1: Mark live objects
[2024-10-12T10:37:23.021+0800][info] GC(90) Phase 1: Mark live objects 2.862ms
[2024-10-12T10:37:23.021+0800][info] GC(90) Phase 2: Prepare for compaction
[2024-10-12T10:37:23.021+0800][info] GC(90) Phase 2: Prepare for compaction 0.530ms
[2024-10-12T10:37:23.021+0800][info] GC(90) Phase 3: Adjust pointers
[2024-10-12T10:37:23.023+0800][info] GC(90) Phase 3: Adjust pointers 1.300ms
[2024-10-12T10:37:23.023+0800][info] GC(90) Phase 4: Compact heap
[2024-10-12T10:37:23.036+0800][info] GC(90) Phase 4: Compact heap 13.564ms
[2024-10-12T10:37:23.038+0800][info] GC(90) Eden regions: 0->0(4)
[2024-10-12T10:37:23.038+0800][info] GC(90) Survivor regions: 0->0(0)
[2024-10-12T10:37:23.038+0800][info] GC(90) Old regions: 59->37
[2024-10-12T10:37:23.038+0800][info] GC(90) Archive regions: 2->2
[2024-10-12T10:37:23.038+0800][info] GC(90) Humongous regions: 3->3
[2024-10-12T10:37:23.038+0800][info] GC(90) Metaspace: 1566K(1728K)->1566K(1728K) NonClass: 1442K(1536K)->1442K(1536K) Class: 124K(192K)->124K(192K)
[2024-10-12T10:37:23.038+0800][info] GC(90) Pause Full (G1 Compaction Pause) 123M->71M(128M) 19.813ms
[2024-10-12T10:37:23.038+0800][info] GC(90) User=0.03s Sys=0.00s Real=0.02s
[2024-10-12T10:37:23.243+0800][info] GC(91) Pause Young (Normal) (G1 Evacuation Pause)
[2024-10-12T10:37:23.243+0800][info] GC(91) Using 3 workers of 48 for evacuation
[2024-10-12T10:37:23.245+0800][info] GC(91)   Pre Evacuate Collection Set: 0.1ms
[2024-10-12T10:37:23.245+0800][info] GC(91)   Merge Heap Roots: 0.1ms
[2024-10-12T10:37:23.245+0800][info] GC(91)   Evacuate Collection Set: 1.2ms
[2024-10-12T10:37:23.245+0800][info] GC(91)   Post Evacuate Collection Set: 0.2ms
[2024-10-12T10:37:23.245+0800][info] GC(91)   Other: 0.3ms
[2024-10-12T10:37:23.245+0800][info] GC(91) Eden regions: 4->0(3)
[2024-10-12T10:37:23.245+0800][info] GC(91) Survivor regions: 0->1(1)
[2024-10-12T10:37:23.245+0800][info] GC(91) Old regions: 37->40
[2024-10-12T10:37:23.245+0800][info] GC(91) Archive regions: 2->2
[2024-10-12T10:37:23.245+0800][info] GC(91) Humongous regions: 3->3
[2024-10-12T10:37:23.245+0800][info] GC(91) Metaspace: 1566K(1728K)->1566K(1728K) NonClass: 1442K(1536K)->1442K(1536K) Class: 124K(192K)->124K(192K)
[2024-10-12T10:37:23.245+0800][info] GC(91) Pause Young (Normal) (G1 Evacuation Pause) 79M->79M(128M) 1.918ms
[2024-10-12T10:37:23.245+0800][info] GC(91) User=0.01s Sys=0.00s Real=0.01s
[2024-10-12T10:37:23.409+0800][info] GC(92) Pause Young (Normal) (G1 Evacuation Pause)
[2024-10-12T10:37:23.409+0800][info] GC(92) Using 3 workers of 48 for evacuation
[2024-10-12T10:37:23.410+0800][info] GC(92)   Pre Evacuate Collection Set: 0.1ms
[2024-10-12T10:37:23.410+0800][info] GC(92)   Merge Heap Roots: 0.1ms
[2024-10-12T10:37:23.410+0800][info] GC(92)   Evacuate Collection Set: 1.0ms
[2024-10-12T10:37:23.410+0800][info] GC(92)   Post Evacuate Collection Set: 0.2ms
[2024-10-12T10:37:23.410+0800][info] GC(92)   Other: 0.2ms
[2024-10-12T10:37:23.410+0800][info] GC(92) Eden regions: 3->0(2)
[2024-10-12T10:37:23.410+0800][info] GC(92) Survivor regions: 1->1(1)
[2024-10-12T10:37:23.410+0800][info] GC(92) Old regions: 40->43
[2024-10-12T10:37:23.410+0800][info] GC(92) Archive regions: 2->2
[2024-10-12T10:37:23.410+0800][info] GC(92) Humongous regions: 3->3
[2024-10-12T10:37:23.411+0800][info] GC(92) Metaspace: 1566K(1728K)->1566K(1728K) NonClass: 1442K(1536K)->1442K(1536K) Class: 124K(192K)->124K(192K)
[2024-10-12T10:37:23.411+0800][info] GC(92) Pause Young (Normal) (G1 Evacuation Pause) 84M->85M(128M) 1.656ms
[2024-10-12T10:37:23.411+0800][info] GC(92) User=0.01s Sys=0.00s Real=0.00s
[2024-10-12T10:37:23.513+0800][info] GC(93) Pause Young (Normal) (G1 Evacuation Pause)
[2024-10-12T10:37:23.513+0800][info] GC(93) Using 3 workers of 48 for evacuation
[2024-10-12T10:37:23.514+0800][info] GC(93)   Pre Evacuate Collection Set: 0.1ms
[2024-10-12T10:37:23.514+0800][info] GC(93)   Merge Heap Roots: 0.1ms
[2024-10-12T10:37:23.514+0800][info] GC(93)   Evacuate Collection Set: 0.8ms
[2024-10-12T10:37:23.514+0800][info] GC(93)   Post Evacuate Collection Set: 0.2ms
[2024-10-12T10:37:23.514+0800][info] GC(93)   Other: 0.2ms
[2024-10-12T10:37:23.514+0800][info] GC(93) Eden regions: 2->0(2)
[2024-10-12T10:37:23.514+0800][info] GC(93) Survivor regions: 1->1(1)
[2024-10-12T10:37:23.514+0800][info] GC(93) Old regions: 43->45
[2024-10-12T10:37:23.514+0800][info] GC(93) Archive regions: 2->2
[2024-10-12T10:37:23.514+0800][info] GC(93) Humongous regions: 3->3
[2024-10-12T10:37:23.514+0800][info] GC(93) Metaspace: 1566K(1728K)->1566K(1728K) NonClass: 1442K(1536K)->1442K(1536K) Class: 124K(192K)->124K(192K)
[2024-10-12T10:37:23.514+0800][info] GC(93) Pause Young (Normal) (G1 Evacuation Pause) 88M->89M(128M) 1.474ms
[2024-10-12T10:37:23.514+0800][info] GC(93) User=0.00s Sys=0.00s Real=0.01s
[2024-10-12T10:37:23.617+0800][info] GC(94) Pause Young (Normal) (G1 Evacuation Pause)
[2024-10-12T10:37:23.617+0800][info] GC(94) Using 3 workers of 48 for evacuation
[2024-10-12T10:37:23.618+0800][info] GC(94)   Pre Evacuate Collection Set: 0.1ms
[2024-10-12T10:37:23.618+0800][info] GC(94)   Merge Heap Roots: 0.0ms
[2024-10-12T10:37:23.618+0800][info] GC(94)   Evacuate Collection Set: 0.9ms
[2024-10-12T10:37:23.618+0800][info] GC(94)   Post Evacuate Collection Set: 0.2ms
[2024-10-12T10:37:23.618+0800][info] GC(94)   Other: 0.2ms
[2024-10-12T10:37:23.618+0800][info] GC(94) Eden regions: 2->0(2)
[2024-10-12T10:37:23.618+0800][info] GC(94) Survivor regions: 1->1(1)
[2024-10-12T10:37:23.618+0800][info] GC(94) Old regions: 45->47
[2024-10-12T10:37:23.618+0800][info] GC(94) Archive regions: 2->2
[2024-10-12T10:37:23.618+0800][info] GC(94) Humongous regions: 3->3
[2024-10-12T10:37:23.618+0800][info] GC(94) Metaspace: 1566K(1728K)->1566K(1728K) NonClass: 1442K(1536K)->1442K(1536K) Class: 124K(192K)->124K(192K)
[2024-10-12T10:37:23.618+0800][info] GC(94) Pause Young (Normal) (G1 Evacuation Pause) 92M->92M(128M) 1.529ms
[2024-10-12T10:37:23.618+0800][info] GC(94) User=0.00s Sys=0.00s Real=0.00s
[2024-10-12T10:37:23.720+0800][info] GC(95) Pause Young (Concurrent Start) (G1 Evacuation Pause)
[2024-10-12T10:37:23.720+0800][info] GC(95) Using 3 workers of 48 for evacuation
[2024-10-12T10:37:23.722+0800][info] GC(95)   Pre Evacuate Collection Set: 0.1ms
[2024-10-12T10:37:23.722+0800][info] GC(95)   Merge Heap Roots: 0.0ms
[2024-10-12T10:37:23.722+0800][info] GC(95)   Evacuate Collection Set: 0.9ms
[2024-10-12T10:37:23.722+0800][info] GC(95)   Post Evacuate Collection Set: 0.2ms
[2024-10-12T10:37:23.722+0800][info] GC(95)   Other: 0.4ms
[2024-10-12T10:37:23.722+0800][info] GC(95) Eden regions: 2->0(2)
[2024-10-12T10:37:23.722+0800][info] GC(95) Survivor regions: 1->1(1)
[2024-10-12T10:37:23.722+0800][info] GC(95) Old regions: 47->49
[2024-10-12T10:37:23.722+0800][info] GC(95) Archive regions: 2->2
[2024-10-12T10:37:23.722+0800][info] GC(95) Humongous regions: 3->3
[2024-10-12T10:37:23.722+0800][info] GC(95) Metaspace: 1567K(1728K)->1567K(1728K) NonClass: 1443K(1536K)->1443K(1536K) Class: 124K(192K)->124K(192K)
[2024-10-12T10:37:23.722+0800][info] GC(95) Pause Young (Concurrent Start) (G1 Evacuation Pause) 95M->95M(128M) 1.678ms
[2024-10-12T10:37:23.722+0800][info] GC(95) User=0.00s Sys=0.00s Real=0.00s
[2024-10-12T10:37:23.722+0800][info] GC(96) Concurrent Mark Cycle
[2024-10-12T10:37:23.722+0800][info] GC(96) Concurrent Clear Claimed Marks
[2024-10-12T10:37:23.722+0800][info] GC(96) Concurrent Clear Claimed Marks 0.017ms
[2024-10-12T10:37:23.722+0800][info] GC(96) Concurrent Scan Root Regions
[2024-10-12T10:37:23.722+0800][info] GC(96) Concurrent Scan Root Regions 0.108ms
[2024-10-12T10:37:23.722+0800][info] GC(96) Concurrent Mark
[2024-10-12T10:37:23.722+0800][info] GC(96) Concurrent Mark From Roots
[2024-10-12T10:37:23.722+0800][info] GC(96) Using 12 workers of 12 for marking
[2024-10-12T10:37:23.726+0800][info] GC(96) Concurrent Mark From Roots 4.179ms
[2024-10-12T10:37:23.726+0800][info] GC(96) Concurrent Preclean
[2024-10-12T10:37:23.728+0800][info] GC(96) Concurrent Preclean 1.676ms
[2024-10-12T10:37:23.728+0800][info] GC(96) Pause Remark
[2024-10-12T10:37:23.729+0800][info] GC(96) Pause Remark 96M->96M(128M) 1.245ms
[2024-10-12T10:37:23.729+0800][info] GC(96) User=0.00s Sys=0.00s Real=0.00s
[2024-10-12T10:37:23.730+0800][info] GC(96) Concurrent Mark 7.321ms
[2024-10-12T10:37:23.730+0800][info] GC(96) Concurrent Rebuild Remembered Sets
[2024-10-12T10:37:23.731+0800][info] GC(96) Concurrent Rebuild Remembered Sets 1.374ms
[2024-10-12T10:37:23.731+0800][info] GC(96) Pause Cleanup
[2024-10-12T10:37:23.731+0800][info] GC(96) Pause Cleanup 96M->96M(128M) 0.268ms
[2024-10-12T10:37:23.731+0800][info] GC(96) User=0.00s Sys=0.00s Real=0.00s
[2024-10-12T10:37:23.731+0800][info] GC(96) Concurrent Cleanup for Next Mark
[2024-10-12T10:37:23.732+0800][info] GC(96) Concurrent Cleanup for Next Mark 0.404ms
[2024-10-12T10:37:23.732+0800][info] GC(96) Concurrent Mark Cycle 9.838ms
[2024-10-12T10:37:23.876+0800][info] GC(97) Pause Young (Prepare Mixed) (G1 Evacuation Pause)
[2024-10-12T10:37:23.876+0800][info] GC(97) Using 3 workers of 48 for evacuation
[2024-10-12T10:37:23.877+0800][info] GC(97)   Pre Evacuate Collection Set: 0.1ms
[2024-10-12T10:37:23.877+0800][info] GC(97)   Merge Heap Roots: 0.1ms
[2024-10-12T10:37:23.877+0800][info] GC(97)   Evacuate Collection Set: 0.8ms
[2024-10-12T10:37:23.877+0800][info] GC(97)   Post Evacuate Collection Set: 0.2ms
[2024-10-12T10:37:23.877+0800][info] GC(97)   Other: 0.2ms
[2024-10-12T10:37:23.877+0800][info] GC(97) Eden regions: 2->0(2)
[2024-10-12T10:37:23.877+0800][info] GC(97) Survivor regions: 1->1(1)
[2024-10-12T10:37:23.877+0800][info] GC(97) Old regions: 49->51
[2024-10-12T10:37:23.877+0800][info] GC(97) Archive regions: 2->2
[2024-10-12T10:37:23.877+0800][info] GC(97) Humongous regions: 3->3
[2024-10-12T10:37:23.877+0800][info] GC(97) Metaspace: 1567K(1728K)->1567K(1728K) NonClass: 1443K(1536K)->1443K(1536K) Class: 124K(192K)->124K(192K)
[2024-10-12T10:37:23.878+0800][info] GC(97) Pause Young (Prepare Mixed) (G1 Evacuation Pause) 99M->99M(128M) 1.527ms
[2024-10-12T10:37:23.878+0800][info] GC(97) User=0.00s Sys=0.00s Real=0.00s
[2024-10-12T10:37:23.980+0800][info] GC(98) Pause Young (Mixed) (G1 Preventive Collection)
[2024-10-12T10:37:23.980+0800][info] GC(98) Using 3 workers of 48 for evacuation
[2024-10-12T10:37:23.981+0800][info] GC(98)   Pre Evacuate Collection Set: 0.2ms
[2024-10-12T10:37:23.981+0800][info] GC(98)   Merge Heap Roots: 0.1ms
[2024-10-12T10:37:23.981+0800][info] GC(98)   Evacuate Collection Set: 1.3ms
[2024-10-12T10:37:23.981+0800][info] GC(98)   Post Evacuate Collection Set: 0.2ms
[2024-10-12T10:37:23.982+0800][info] GC(98)   Other: 0.2ms
[2024-10-12T10:37:23.982+0800][info] GC(98) Eden regions: 2->0(2)
[2024-10-12T10:37:23.982+0800][info] GC(98) Survivor regions: 1->1(1)
[2024-10-12T10:37:23.982+0800][info] GC(98) Old regions: 51->48
[2024-10-12T10:37:23.982+0800][info] GC(98) Archive regions: 2->2
[2024-10-12T10:37:23.982+0800][info] GC(98) Humongous regions: 3->3
[2024-10-12T10:37:23.982+0800][info] GC(98) Metaspace: 1567K(1728K)->1567K(1728K) NonClass: 1443K(1536K)->1443K(1536K) Class: 124K(192K)->124K(192K)
[2024-10-12T10:37:23.982+0800][info] GC(98) Pause Young (Mixed) (G1 Preventive Collection) 103M->95M(128M) 2.089ms
[2024-10-12T10:37:23.982+0800][info] GC(98) User=0.00s Sys=0.00s Real=0.00s
[2024-10-12T10:37:24.084+0800][info] GC(99) Pause Young (Mixed) (G1 Evacuation Pause)
[2024-10-12T10:37:24.084+0800][info] GC(99) Using 3 workers of 48 for evacuation
[2024-10-12T10:37:24.086+0800][info] GC(99)   Pre Evacuate Collection Set: 0.2ms
[2024-10-12T10:37:24.086+0800][info] GC(99)   Merge Heap Roots: 0.1ms
[2024-10-12T10:37:24.086+0800][info] GC(99)   Evacuate Collection Set: 1.3ms
[2024-10-12T10:37:24.086+0800][info] GC(99)   Post Evacuate Collection Set: 0.2ms
[2024-10-12T10:37:24.086+0800][info] GC(99)   Other: 0.2ms
[2024-10-12T10:37:24.086+0800][info] GC(99) Eden regions: 2->0(2)
[2024-10-12T10:37:24.086+0800][info] GC(99) Survivor regions: 1->1(1)
[2024-10-12T10:37:24.086+0800][info] GC(99) Old regions: 48->48
[2024-10-12T10:37:24.086+0800][info] GC(99) Archive regions: 2->2
[2024-10-12T10:37:24.086+0800][info] GC(99) Humongous regions: 3->3
[2024-10-12T10:37:24.086+0800][info] GC(99) Metaspace: 1567K(1728K)->1567K(1728K) NonClass: 1443K(1536K)->1443K(1536K) Class: 124K(192K)->124K(192K)
[2024-10-12T10:37:24.086+0800][info] GC(99) Pause Young (Mixed) (G1 Evacuation Pause) 99M->97M(128M) 2.034ms
[2024-10-12T10:37:24.086+0800][info] GC(99) User=0.01s Sys=0.00s Real=0.01s
[2024-10-12T10:37:24.188+0800][info] GC(100) Pause Young (Normal) (G1 Evacuation Pause)
[2024-10-12T10:37:24.188+0800][info] GC(100) Using 3 workers of 48 for evacuation
[2024-10-12T10:37:24.190+0800][info] GC(100)   Pre Evacuate Collection Set: 0.1ms
[2024-10-12T10:37:24.190+0800][info] GC(100)   Merge Heap Roots: 0.0ms
[2024-10-12T10:37:24.190+0800][info] GC(100)   Evacuate Collection Set: 0.7ms
[2024-10-12T10:37:24.190+0800][info] GC(100)   Post Evacuate Collection Set: 0.2ms
[2024-10-12T10:37:24.190+0800][info] GC(100)   Other: 0.2ms
[2024-10-12T10:37:24.190+0800][info] GC(100) Eden regions: 2->0(2)
[2024-10-12T10:37:24.190+0800][info] GC(100) Survivor regions: 1->1(1)
[2024-10-12T10:37:24.190+0800][info] GC(100) Old regions: 48->50
[2024-10-12T10:37:24.190+0800][info] GC(100) Archive regions: 2->2
[2024-10-12T10:37:24.190+0800][info] GC(100) Humongous regions: 3->3
[2024-10-12T10:37:24.190+0800][info] GC(100) Metaspace: 1567K(1728K)->1567K(1728K) NonClass: 1443K(1536K)->1443K(1536K) Class: 124K(192K)->124K(192K)
[2024-10-12T10:37:24.190+0800][info] GC(100) Pause Young (Normal) (G1 Evacuation Pause) 100M->100M(128M) 1.399ms
[2024-10-12T10:37:24.190+0800][info] GC(100) User=0.00s Sys=0.00s Real=0.00s
[2024-10-12T10:37:24.272+0800][info] GC(101) Pause Young (Concurrent Start) (G1 Humongous Allocation)
[2024-10-12T10:37:24.272+0800][info] GC(101) Using 3 workers of 48 for evacuation
[2024-10-12T10:37:24.273+0800][info] GC(101)   Pre Evacuate Collection Set: 0.1ms
[2024-10-12T10:37:24.273+0800][info] GC(101)   Merge Heap Roots: 0.0ms
[2024-10-12T10:37:24.273+0800][info] GC(101)   Evacuate Collection Set: 0.8ms
[2024-10-12T10:37:24.273+0800][info] GC(101)   Post Evacuate Collection Set: 0.2ms
[2024-10-12T10:37:24.273+0800][info] GC(101)   Other: 0.3ms
[2024-10-12T10:37:24.273+0800][info] GC(101) Eden regions: 2->0(2)
[2024-10-12T10:37:24.273+0800][info] GC(101) Survivor regions: 1->1(1)
[2024-10-12T10:37:24.273+0800][info] GC(101) Old regions: 50->51
[2024-10-12T10:37:24.273+0800][info] GC(101) Archive regions: 2->2
[2024-10-12T10:37:24.273+0800][info] GC(101) Humongous regions: 3->3
[2024-10-12T10:37:24.273+0800][info] GC(101) Metaspace: 1567K(1728K)->1567K(1728K) NonClass: 1443K(1536K)->1443K(1536K) Class: 124K(192K)->124K(192K)
[2024-10-12T10:37:24.273+0800][info] GC(101) Pause Young (Concurrent Start) (G1 Humongous Allocation) 103M->103M(128M) 1.611ms
[2024-10-12T10:37:24.273+0800][info] GC(101) User=0.01s Sys=0.00s Real=0.01s
[2024-10-12T10:37:24.273+0800][info] GC(102) Concurrent Mark Cycle
[2024-10-12T10:37:24.273+0800][info] GC(102) Concurrent Clear Claimed Marks
[2024-10-12T10:37:24.273+0800][info] GC(102) Concurrent Clear Claimed Marks 0.017ms
[2024-10-12T10:37:24.273+0800][info] GC(102) Concurrent Scan Root Regions
[2024-10-12T10:37:24.274+0800][info] GC(102) Concurrent Scan Root Regions 0.150ms
[2024-10-12T10:37:24.274+0800][info] GC(102) Concurrent Mark
[2024-10-12T10:37:24.274+0800][info] GC(102) Concurrent Mark From Roots
[2024-10-12T10:37:24.274+0800][info] GC(102) Using 12 workers of 12 for marking
[2024-10-12T10:37:24.277+0800][info] GC(102) Concurrent Mark From Roots 3.758ms
[2024-10-12T10:37:24.277+0800][info] GC(102) Concurrent Preclean
[2024-10-12T10:37:24.279+0800][info] GC(102) Concurrent Preclean 1.684ms
[2024-10-12T10:37:24.279+0800][info] GC(102) Pause Remark
[2024-10-12T10:37:24.280+0800][info] GC(102) Pause Remark 105M->105M(128M) 1.234ms
[2024-10-12T10:37:24.280+0800][info] GC(102) User=0.00s Sys=0.00s Real=0.00s
[2024-10-12T10:37:24.280+0800][info] GC(102) Concurrent Mark 6.890ms
[2024-10-12T10:37:24.280+0800][info] GC(102) Concurrent Rebuild Remembered Sets
[2024-10-12T10:37:24.282+0800][info] GC(102) Concurrent Rebuild Remembered Sets 1.471ms
[2024-10-12T10:37:24.282+0800][info] GC(102) Pause Cleanup
[2024-10-12T10:37:24.282+0800][info] GC(102) Pause Cleanup 105M->105M(128M) 0.265ms
[2024-10-12T10:37:24.282+0800][info] GC(102) User=0.00s Sys=0.00s Real=0.00s
[2024-10-12T10:37:24.282+0800][info] GC(102) Concurrent Cleanup for Next Mark
[2024-10-12T10:37:24.283+0800][info] GC(102) Concurrent Cleanup for Next Mark 0.397ms
[2024-10-12T10:37:24.283+0800][info] GC(102) Concurrent Mark Cycle 9.528ms
[2024-10-12T10:37:24.448+0800][info] GC(103) Pause Young (Prepare Mixed) (G1 Preventive Collection)
[2024-10-12T10:37:24.448+0800][info] GC(103) Using 3 workers of 48 for evacuation
[2024-10-12T10:37:24.450+0800][info] GC(103)   Pre Evacuate Collection Set: 0.1ms
[2024-10-12T10:37:24.450+0800][info] GC(103)   Merge Heap Roots: 0.1ms
[2024-10-12T10:37:24.450+0800][info] GC(103)   Evacuate Collection Set: 0.8ms
[2024-10-12T10:37:24.450+0800][info] GC(103)   Post Evacuate Collection Set: 0.2ms
[2024-10-12T10:37:24.450+0800][info] GC(103)   Other: 0.2ms
[2024-10-12T10:37:24.450+0800][info] GC(103) Eden regions: 2->0(2)
[2024-10-12T10:37:24.450+0800][info] GC(103) Survivor regions: 1->1(1)
[2024-10-12T10:37:24.450+0800][info] GC(103) Old regions: 51->53
[2024-10-12T10:37:24.450+0800][info] GC(103) Archive regions: 2->2
[2024-10-12T10:37:24.450+0800][info] GC(103) Humongous regions: 4->3
[2024-10-12T10:37:24.450+0800][info] GC(103) Metaspace: 1570K(1728K)->1570K(1728K) NonClass: 1446K(1536K)->1446K(1536K) Class: 124K(192K)->124K(192K)
[2024-10-12T10:37:24.450+0800][info] GC(103) Pause Young (Prepare Mixed) (G1 Preventive Collection) 109M->107M(128M) 1.540ms
[2024-10-12T10:37:24.450+0800][info] GC(103) User=0.01s Sys=0.00s Real=0.00s
[2024-10-12T10:37:24.511+0800][info] GC(104) Pause Young (Mixed) (G1 Preventive Collection)
[2024-10-12T10:37:24.511+0800][info] GC(104) Using 3 workers of 48 for evacuation
[2024-10-12T10:37:24.513+0800][info] GC(104)   Pre Evacuate Collection Set: 0.2ms
[2024-10-12T10:37:24.513+0800][info] GC(104)   Merge Heap Roots: 0.0ms
[2024-10-12T10:37:24.513+0800][info] GC(104)   Evacuate Collection Set: 1.0ms
[2024-10-12T10:37:24.513+0800][info] GC(104)   Post Evacuate Collection Set: 0.2ms
[2024-10-12T10:37:24.513+0800][info] GC(104)   Other: 0.2ms
[2024-10-12T10:37:24.513+0800][info] GC(104) Eden regions: 1->0(2)
[2024-10-12T10:37:24.513+0800][info] GC(104) Survivor regions: 1->1(1)
[2024-10-12T10:37:24.513+0800][info] GC(104) Old regions: 53->49
[2024-10-12T10:37:24.513+0800][info] GC(104) Archive regions: 2->2
[2024-10-12T10:37:24.513+0800][info] GC(104) Humongous regions: 3->3
[2024-10-12T10:37:24.513+0800][info] GC(104) Metaspace: 1570K(1728K)->1570K(1728K) NonClass: 1446K(1536K)->1446K(1536K) Class: 124K(192K)->124K(192K)
[2024-10-12T10:37:24.513+0800][info] GC(104) Pause Young (Mixed) (G1 Preventive Collection) 109M->101M(128M) 1.639ms
[2024-10-12T10:37:24.513+0800][info] GC(104) User=0.00s Sys=0.00s Real=0.00s
[2024-10-12T10:37:24.616+0800][info] GC(105) Pause Young (Mixed) (G1 Evacuation Pause)
[2024-10-12T10:37:24.616+0800][info] GC(105) Using 3 workers of 48 for evacuation
[2024-10-12T10:37:24.618+0800][info] GC(105)   Pre Evacuate Collection Set: 0.2ms
[2024-10-12T10:37:24.618+0800][info] GC(105)   Merge Heap Roots: 0.1ms
[2024-10-12T10:37:24.618+0800][info] GC(105)   Evacuate Collection Set: 1.5ms
[2024-10-12T10:37:24.618+0800][info] GC(105)   Post Evacuate Collection Set: 0.2ms
[2024-10-12T10:37:24.618+0800][info] GC(105)   Other: 0.1ms
[2024-10-12T10:37:24.618+0800][info] GC(105) Eden regions: 2->0(2)
[2024-10-12T10:37:24.618+0800][info] GC(105) Survivor regions: 1->1(1)
[2024-10-12T10:37:24.618+0800][info] GC(105) Old regions: 49->47
[2024-10-12T10:37:24.618+0800][info] GC(105) Archive regions: 2->2
[2024-10-12T10:37:24.618+0800][info] GC(105) Humongous regions: 3->3
[2024-10-12T10:37:24.618+0800][info] GC(105) Metaspace: 1570K(1728K)->1570K(1728K) NonClass: 1446K(1536K)->1446K(1536K) Class: 124K(192K)->124K(192K)
[2024-10-12T10:37:24.618+0800][info] GC(105) Pause Young (Mixed) (G1 Evacuation Pause) 105M->98M(128M) 2.197ms
[2024-10-12T10:37:24.618+0800][info] GC(105) User=0.00s Sys=0.00s Real=0.00s
[2024-10-12T10:37:24.720+0800][info] GC(106) Pause Young (Mixed) (G1 Evacuation Pause)
[2024-10-12T10:37:24.720+0800][info] GC(106) Using 3 workers of 48 for evacuation
[2024-10-12T10:37:24.721+0800][info] GC(106)   Pre Evacuate Collection Set: 0.2ms
[2024-10-12T10:37:24.721+0800][info] GC(106)   Merge Heap Roots: 0.1ms
[2024-10-12T10:37:24.721+0800][info] GC(106)   Evacuate Collection Set: 1.0ms
[2024-10-12T10:37:24.722+0800][info] GC(106)   Post Evacuate Collection Set: 0.2ms
[2024-10-12T10:37:24.722+0800][info] GC(106)   Other: 0.1ms
[2024-10-12T10:37:24.722+0800][info] GC(106) Eden regions: 2->0(2)
[2024-10-12T10:37:24.722+0800][info] GC(106) Survivor regions: 1->1(1)
[2024-10-12T10:37:24.722+0800][info] GC(106) Old regions: 47->49
[2024-10-12T10:37:24.722+0800][info] GC(106) Archive regions: 2->2
[2024-10-12T10:37:24.722+0800][info] GC(106) Humongous regions: 3->3
[2024-10-12T10:37:24.722+0800][info] GC(106) Metaspace: 1570K(1728K)->1570K(1728K) NonClass: 1446K(1536K)->1446K(1536K) Class: 124K(192K)->124K(192K)
[2024-10-12T10:37:24.722+0800][info] GC(106) Pause Young (Mixed) (G1 Evacuation Pause) 101M->101M(128M) 1.762ms
[2024-10-12T10:37:24.722+0800][info] GC(106) User=0.01s Sys=0.00s Real=0.00s
[2024-10-12T10:37:24.824+0800][info] GC(107) Pause Young (Concurrent Start) (G1 Evacuation Pause)
[2024-10-12T10:37:24.824+0800][info] GC(107) Using 3 workers of 48 for evacuation
[2024-10-12T10:37:24.826+0800][info] GC(107)   Pre Evacuate Collection Set: 0.1ms
[2024-10-12T10:37:24.826+0800][info] GC(107)   Merge Heap Roots: 0.0ms
[2024-10-12T10:37:24.826+0800][info] GC(107)   Evacuate Collection Set: 0.8ms
[2024-10-12T10:37:24.826+0800][info] GC(107)   Post Evacuate Collection Set: 0.2ms
[2024-10-12T10:37:24.826+0800][info] GC(107)   Other: 0.3ms
[2024-10-12T10:37:24.826+0800][info] GC(107) Eden regions: 2->0(2)
[2024-10-12T10:37:24.826+0800][info] GC(107) Survivor regions: 1->1(1)
[2024-10-12T10:37:24.826+0800][info] GC(107) Old regions: 49->51
[2024-10-12T10:37:24.826+0800][info] GC(107) Archive regions: 2->2
[2024-10-12T10:37:24.826+0800][info] GC(107) Humongous regions: 3->3
[2024-10-12T10:37:24.826+0800][info] GC(107) Metaspace: 1570K(1728K)->1570K(1728K) NonClass: 1446K(1536K)->1446K(1536K) Class: 124K(192K)->124K(192K)
[2024-10-12T10:37:24.826+0800][info] GC(107) Pause Young (Concurrent Start) (G1 Evacuation Pause) 105M->105M(128M) 1.587ms
[2024-10-12T10:37:24.826+0800][info] GC(107) User=0.00s Sys=0.00s Real=0.01s
[2024-10-12T10:37:24.826+0800][info] GC(108) Concurrent Mark Cycle
[2024-10-12T10:37:24.826+0800][info] GC(108) Concurrent Clear Claimed Marks
[2024-10-12T10:37:24.826+0800][info] GC(108) Concurrent Clear Claimed Marks 0.017ms
[2024-10-12T10:37:24.826+0800][info] GC(108) Concurrent Scan Root Regions
[2024-10-12T10:37:24.826+0800][info] GC(108) Concurrent Scan Root Regions 0.144ms
[2024-10-12T10:37:24.826+0800][info] GC(108) Concurrent Mark
[2024-10-12T10:37:24.826+0800][info] GC(108) Concurrent Mark From Roots
[2024-10-12T10:37:24.826+0800][info] GC(108) Using 12 workers of 12 for marking
[2024-10-12T10:37:24.830+0800][info] GC(108) Concurrent Mark From Roots 3.939ms
[2024-10-12T10:37:24.830+0800][info] GC(108) Concurrent Preclean
[2024-10-12T10:37:24.832+0800][info] GC(108) Concurrent Preclean 1.705ms
[2024-10-12T10:37:24.832+0800][info] GC(108) Pause Remark
[2024-10-12T10:37:24.834+0800][info] GC(108) Pause Remark 106M->106M(128M) 1.395ms
[2024-10-12T10:37:24.834+0800][info] GC(108) User=0.01s Sys=0.00s Real=0.01s
[2024-10-12T10:37:24.834+0800][info] GC(108) Concurrent Mark 7.365ms
[2024-10-12T10:37:24.834+0800][info] GC(108) Concurrent Rebuild Remembered Sets
[2024-10-12T10:37:24.835+0800][info] GC(108) Concurrent Rebuild Remembered Sets 1.426ms
[2024-10-12T10:37:24.835+0800][info] GC(108) Pause Cleanup
[2024-10-12T10:37:24.836+0800][info] GC(108) Pause Cleanup 106M->106M(128M) 0.258ms
[2024-10-12T10:37:24.836+0800][info] GC(108) User=0.00s Sys=0.00s Real=0.00s
[2024-10-12T10:37:24.836+0800][info] GC(108) Concurrent Cleanup for Next Mark
[2024-10-12T10:37:24.836+0800][info] GC(108) Concurrent Cleanup for Next Mark 0.356ms
[2024-10-12T10:37:24.836+0800][info] GC(108) Concurrent Mark Cycle 9.905ms
[2024-10-12T10:37:24.979+0800][info] GC(109) Pause Young (Prepare Mixed) (G1 Evacuation Pause)
[2024-10-12T10:37:24.979+0800][info] GC(109) Using 3 workers of 48 for evacuation
[2024-10-12T10:37:24.981+0800][info] GC(109)   Pre Evacuate Collection Set: 0.1ms
[2024-10-12T10:37:24.981+0800][info] GC(109)   Merge Heap Roots: 0.0ms
[2024-10-12T10:37:24.981+0800][info] GC(109)   Evacuate Collection Set: 0.9ms
[2024-10-12T10:37:24.981+0800][info] GC(109)   Post Evacuate Collection Set: 0.2ms
[2024-10-12T10:37:24.981+0800][info] GC(109)   Other: 0.2ms
[2024-10-12T10:37:24.981+0800][info] GC(109) Eden regions: 2->0(2)
[2024-10-12T10:37:24.981+0800][info] GC(109) Survivor regions: 1->1(1)
[2024-10-12T10:37:24.981+0800][info] GC(109) Old regions: 51->52
[2024-10-12T10:37:24.981+0800][info] GC(109) Archive regions: 2->2
[2024-10-12T10:37:24.981+0800][info] GC(109) Humongous regions: 3->3
[2024-10-12T10:37:24.981+0800][info] GC(109) Metaspace: 1570K(1728K)->1570K(1728K) NonClass: 1446K(1536K)->1446K(1536K) Class: 124K(192K)->124K(192K)
[2024-10-12T10:37:24.981+0800][info] GC(109) Pause Young (Prepare Mixed) (G1 Evacuation Pause) 109M->109M(128M) 1.641ms
[2024-10-12T10:37:24.981+0800][info] GC(109) User=0.00s Sys=0.00s Real=0.00s
[2024-10-12T10:37:25.084+0800][info] GC(110) Pause Young (Mixed) (G1 Preventive Collection)
[2024-10-12T10:37:25.084+0800][info] GC(110) Using 3 workers of 48 for evacuation
[2024-10-12T10:37:25.086+0800][info] GC(110) To-space exhausted
[2024-10-12T10:37:25.086+0800][info] GC(110)   Pre Evacuate Collection Set: 0.2ms
[2024-10-12T10:37:25.086+0800][info] GC(110)   Merge Heap Roots: 0.1ms
[2024-10-12T10:37:25.086+0800][info] GC(110)   Evacuate Collection Set: 1.4ms
[2024-10-12T10:37:25.086+0800][info] GC(110)   Post Evacuate Collection Set: 0.3ms
[2024-10-12T10:37:25.086+0800][info] GC(110)   Other: 0.2ms
[2024-10-12T10:37:25.086+0800][info] GC(110) Eden regions: 2->0(2)
[2024-10-12T10:37:25.086+0800][info] GC(110) Survivor regions: 1->1(1)
[2024-10-12T10:37:25.086+0800][info] GC(110) Old regions: 52->49
[2024-10-12T10:37:25.086+0800][info] GC(110) Archive regions: 2->2
[2024-10-12T10:37:25.086+0800][info] GC(110) Humongous regions: 3->3
[2024-10-12T10:37:25.086+0800][info] GC(110) Metaspace: 1570K(1728K)->1570K(1728K) NonClass: 1446K(1536K)->1446K(1536K) Class: 124K(192K)->124K(192K)
[2024-10-12T10:37:25.086+0800][info] GC(110) Pause Young (Mixed) (G1 Preventive Collection) 112M->104M(128M) 2.152ms
[2024-10-12T10:37:25.086+0800][info] GC(110) User=0.01s Sys=0.00s Real=0.01s
[2024-10-12T10:37:25.188+0800][info] GC(111) Pause Young (Mixed) (G1 Evacuation Pause)
[2024-10-12T10:37:25.188+0800][info] GC(111) Using 3 workers of 48 for evacuation
[2024-10-12T10:37:25.190+0800][info] GC(111)   Pre Evacuate Collection Set: 0.2ms
[2024-10-12T10:37:25.190+0800][info] GC(111)   Merge Heap Roots: 0.1ms
[2024-10-12T10:37:25.190+0800][info] GC(111)   Evacuate Collection Set: 1.4ms
[2024-10-12T10:37:25.190+0800][info] GC(111)   Post Evacuate Collection Set: 0.2ms
[2024-10-12T10:37:25.190+0800][info] GC(111)   Other: 0.1ms
[2024-10-12T10:37:25.190+0800][info] GC(111) Eden regions: 2->0(2)
[2024-10-12T10:37:25.190+0800][info] GC(111) Survivor regions: 1->1(1)
[2024-10-12T10:37:25.190+0800][info] GC(111) Old regions: 49->47
[2024-10-12T10:37:25.190+0800][info] GC(111) Archive regions: 2->2
[2024-10-12T10:37:25.190+0800][info] GC(111) Humongous regions: 3->3
[2024-10-12T10:37:25.190+0800][info] GC(111) Metaspace: 1570K(1728K)->1570K(1728K) NonClass: 1446K(1536K)->1446K(1536K) Class: 124K(192K)->124K(192K)
[2024-10-12T10:37:25.190+0800][info] GC(111) Pause Young (Mixed) (G1 Evacuation Pause) 108M->101M(128M) 2.100ms
[2024-10-12T10:37:25.190+0800][info] GC(111) User=0.01s Sys=0.00s Real=0.00s
[2024-10-12T10:37:25.293+0800][info] GC(112) Pause Young (Normal) (G1 Evacuation Pause)
[2024-10-12T10:37:25.293+0800][info] GC(112) Using 3 workers of 48 for evacuation
[2024-10-12T10:37:25.294+0800][info] GC(112)   Pre Evacuate Collection Set: 0.1ms
[2024-10-12T10:37:25.294+0800][info] GC(112)   Merge Heap Roots: 0.1ms
[2024-10-12T10:37:25.294+0800][info] GC(112)   Evacuate Collection Set: 1.0ms
[2024-10-12T10:37:25.294+0800][info] GC(112)   Post Evacuate Collection Set: 0.2ms
[2024-10-12T10:37:25.294+0800][info] GC(112)   Other: 0.2ms
[2024-10-12T10:37:25.294+0800][info] GC(112) Eden regions: 2->0(2)
[2024-10-12T10:37:25.294+0800][info] GC(112) Survivor regions: 1->1(1)
[2024-10-12T10:37:25.294+0800][info] GC(112) Old regions: 47->49
[2024-10-12T10:37:25.294+0800][info] GC(112) Archive regions: 2->2
[2024-10-12T10:37:25.294+0800][info] GC(112) Humongous regions: 3->3
[2024-10-12T10:37:25.294+0800][info] GC(112) Metaspace: 1582K(1792K)->1582K(1792K) NonClass: 1458K(1600K)->1458K(1600K) Class: 124K(192K)->124K(192K)
[2024-10-12T10:37:25.294+0800][info] GC(112) Pause Young (Normal) (G1 Evacuation Pause) 104M->105M(128M) 1.645ms
[2024-10-12T10:37:25.294+0800][info] GC(112) User=0.01s Sys=0.00s Real=0.01s
[2024-10-12T10:37:25.396+0800][info] GC(113) Pause Young (Concurrent Start) (G1 Evacuation Pause)
[2024-10-12T10:37:25.396+0800][info] GC(113) Using 3 workers of 48 for evacuation
[2024-10-12T10:37:25.398+0800][info] GC(113)   Pre Evacuate Collection Set: 0.1ms
[2024-10-12T10:37:25.398+0800][info] GC(113)   Merge Heap Roots: 0.0ms
[2024-10-12T10:37:25.398+0800][info] GC(113)   Evacuate Collection Set: 0.8ms
[2024-10-12T10:37:25.398+0800][info] GC(113)   Post Evacuate Collection Set: 0.2ms
[2024-10-12T10:37:25.398+0800][info] GC(113)   Other: 0.4ms
[2024-10-12T10:37:25.398+0800][info] GC(113) Eden regions: 2->0(2)
[2024-10-12T10:37:25.398+0800][info] GC(113) Survivor regions: 1->1(1)
[2024-10-12T10:37:25.398+0800][info] GC(113) Old regions: 49->51
[2024-10-12T10:37:25.398+0800][info] GC(113) Archive regions: 2->2
[2024-10-12T10:37:25.398+0800][info] GC(113) Humongous regions: 3->3
[2024-10-12T10:37:25.398+0800][info] GC(113) Metaspace: 1582K(1792K)->1582K(1792K) NonClass: 1458K(1600K)->1458K(1600K) Class: 124K(192K)->124K(192K)
[2024-10-12T10:37:25.398+0800][info] GC(113) Pause Young (Concurrent Start) (G1 Evacuation Pause) 108M->109M(128M) 1.556ms
[2024-10-12T10:37:25.398+0800][info] GC(113) User=0.00s Sys=0.00s Real=0.00s
[2024-10-12T10:37:25.398+0800][info] GC(114) Concurrent Mark Cycle
[2024-10-12T10:37:25.398+0800][info] GC(114) Concurrent Clear Claimed Marks
[2024-10-12T10:37:25.398+0800][info] GC(114) Concurrent Clear Claimed Marks 0.017ms
[2024-10-12T10:37:25.398+0800][info] GC(114) Concurrent Scan Root Regions
[2024-10-12T10:37:25.398+0800][info] GC(114) Concurrent Scan Root Regions 0.154ms
[2024-10-12T10:37:25.398+0800][info] GC(114) Concurrent Mark
[2024-10-12T10:37:25.398+0800][info] GC(114) Concurrent Mark From Roots
[2024-10-12T10:37:25.398+0800][info] GC(114) Using 12 workers of 12 for marking
[2024-10-12T10:37:25.402+0800][info] GC(114) Concurrent Mark From Roots 3.509ms
[2024-10-12T10:37:25.402+0800][info] GC(114) Concurrent Preclean
[2024-10-12T10:37:25.403+0800][info] GC(114) Concurrent Preclean 1.680ms
[2024-10-12T10:37:25.403+0800][info] GC(114) Pause Remark
[2024-10-12T10:37:25.405+0800][info] GC(114) Pause Remark 109M->109M(128M) 1.281ms
[2024-10-12T10:37:25.405+0800][info] GC(114) User=0.01s Sys=0.00s Real=0.00s
[2024-10-12T10:37:25.405+0800][info] GC(114) Concurrent Mark 6.761ms
[2024-10-12T10:37:25.405+0800][info] GC(114) Concurrent Rebuild Remembered Sets
[2024-10-12T10:37:25.406+0800][info] GC(114) Concurrent Rebuild Remembered Sets 1.372ms
[2024-10-12T10:37:25.406+0800][info] GC(114) Pause Cleanup
[2024-10-12T10:37:25.407+0800][info] GC(114) Pause Cleanup 109M->109M(128M) 0.203ms
[2024-10-12T10:37:25.407+0800][info] GC(114) User=0.00s Sys=0.00s Real=0.00s
[2024-10-12T10:37:25.407+0800][info] GC(114) Concurrent Cleanup for Next Mark
[2024-10-12T10:37:25.407+0800][info] GC(114) Concurrent Cleanup for Next Mark 0.388ms
[2024-10-12T10:37:25.407+0800][info] GC(114) Concurrent Mark Cycle 9.226ms
[2024-10-12T10:37:25.552+0800][info] GC(115) Pause Young (Prepare Mixed) (G1 Evacuation Pause)
[2024-10-12T10:37:25.552+0800][info] GC(115) Using 3 workers of 48 for evacuation
[2024-10-12T10:37:25.553+0800][info] GC(115)   Pre Evacuate Collection Set: 0.1ms
[2024-10-12T10:37:25.553+0800][info] GC(115)   Merge Heap Roots: 0.0ms
[2024-10-12T10:37:25.553+0800][info] GC(115)   Evacuate Collection Set: 0.8ms
[2024-10-12T10:37:25.553+0800][info] GC(115)   Post Evacuate Collection Set: 0.2ms
[2024-10-12T10:37:25.553+0800][info] GC(115)   Other: 0.2ms
[2024-10-12T10:37:25.553+0800][info] GC(115) Eden regions: 2->0(2)
[2024-10-12T10:37:25.553+0800][info] GC(115) Survivor regions: 1->1(1)
[2024-10-12T10:37:25.553+0800][info] GC(115) Old regions: 51->53
[2024-10-12T10:37:25.553+0800][info] GC(115) Archive regions: 2->2
[2024-10-12T10:37:25.553+0800][info] GC(115) Humongous regions: 3->3
[2024-10-12T10:37:25.553+0800][info] GC(115) Metaspace: 1582K(1792K)->1582K(1792K) NonClass: 1458K(1600K)->1458K(1600K) Class: 124K(192K)->124K(192K)
[2024-10-12T10:37:25.553+0800][info] GC(115) Pause Young (Prepare Mixed) (G1 Evacuation Pause) 112M->113M(128M) 1.502ms
[2024-10-12T10:37:25.553+0800][info] GC(115) User=0.01s Sys=0.00s Real=0.01s
[2024-10-12T10:37:25.615+0800][info] GC(116) Pause Young (Mixed) (G1 Preventive Collection)
[2024-10-12T10:37:25.615+0800][info] GC(116) Using 3 workers of 48 for evacuation
[2024-10-12T10:37:25.616+0800][info] GC(116)   Pre Evacuate Collection Set: 0.2ms
[2024-10-12T10:37:25.616+0800][info] GC(116)   Merge Heap Roots: 0.1ms
[2024-10-12T10:37:25.616+0800][info] GC(116)   Evacuate Collection Set: 1.2ms
[2024-10-12T10:37:25.617+0800][info] GC(116)   Post Evacuate Collection Set: 0.2ms
[2024-10-12T10:37:25.617+0800][info] GC(116)   Other: 0.2ms
[2024-10-12T10:37:25.617+0800][info] GC(116) Eden regions: 1->0(2)
[2024-10-12T10:37:25.617+0800][info] GC(116) Survivor regions: 1->1(1)
[2024-10-12T10:37:25.617+0800][info] GC(116) Old regions: 53->48
[2024-10-12T10:37:25.617+0800][info] GC(116) Archive regions: 2->2
[2024-10-12T10:37:25.617+0800][info] GC(116) Humongous regions: 3->3
[2024-10-12T10:37:25.617+0800][info] GC(116) Metaspace: 1582K(1792K)->1582K(1792K) NonClass: 1458K(1600K)->1458K(1600K) Class: 124K(192K)->124K(192K)
[2024-10-12T10:37:25.617+0800][info] GC(116) Pause Young (Mixed) (G1 Preventive Collection) 115M->103M(128M) 1.886ms
[2024-10-12T10:37:25.617+0800][info] GC(116) User=0.00s Sys=0.00s Real=0.00s
[2024-10-12T10:37:25.719+0800][info] GC(117) Pause Young (Mixed) (G1 Evacuation Pause)
[2024-10-12T10:37:25.720+0800][info] GC(117) Using 3 workers of 48 for evacuation
[2024-10-12T10:37:25.722+0800][info] GC(117)   Pre Evacuate Collection Set: 0.1ms
[2024-10-12T10:37:25.722+0800][info] GC(117)   Merge Heap Roots: 0.1ms
[2024-10-12T10:37:25.722+0800][info] GC(117)   Evacuate Collection Set: 1.7ms
[2024-10-12T10:37:25.722+0800][info] GC(117)   Post Evacuate Collection Set: 0.2ms
[2024-10-12T10:37:25.722+0800][info] GC(117)   Other: 0.1ms
[2024-10-12T10:37:25.722+0800][info] GC(117) Eden regions: 2->0(2)
[2024-10-12T10:37:25.722+0800][info] GC(117) Survivor regions: 1->1(1)
[2024-10-12T10:37:25.722+0800][info] GC(117) Old regions: 48->47
[2024-10-12T10:37:25.722+0800][info] GC(117) Archive regions: 2->2
[2024-10-12T10:37:25.722+0800][info] GC(117) Humongous regions: 3->3
[2024-10-12T10:37:25.722+0800][info] GC(117) Metaspace: 1582K(1792K)->1582K(1792K) NonClass: 1458K(1600K)->1458K(1600K) Class: 124K(192K)->124K(192K)
[2024-10-12T10:37:25.722+0800][info] GC(117) Pause Young (Mixed) (G1 Evacuation Pause) 107M->102M(128M) 2.366ms
[2024-10-12T10:37:25.722+0800][info] GC(117) User=0.01s Sys=0.00s Real=0.00s
[2024-10-12T10:37:25.824+0800][info] GC(118) Pause Young (Normal) (G1 Evacuation Pause)
[2024-10-12T10:37:25.824+0800][info] GC(118) Using 3 workers of 48 for evacuation
[2024-10-12T10:37:25.825+0800][info] GC(118)   Pre Evacuate Collection Set: 0.1ms
[2024-10-12T10:37:25.825+0800][info] GC(118)   Merge Heap Roots: 0.0ms
[2024-10-12T10:37:25.825+0800][info] GC(118)   Evacuate Collection Set: 0.7ms
[2024-10-12T10:37:25.825+0800][info] GC(118)   Post Evacuate Collection Set: 0.2ms
[2024-10-12T10:37:25.825+0800][info] GC(118)   Other: 0.2ms
[2024-10-12T10:37:25.825+0800][info] GC(118) Eden regions: 2->0(2)
[2024-10-12T10:37:25.825+0800][info] GC(118) Survivor regions: 1->1(1)
[2024-10-12T10:37:25.825+0800][info] GC(118) Old regions: 47->49
[2024-10-12T10:37:25.825+0800][info] GC(118) Archive regions: 2->2
[2024-10-12T10:37:25.825+0800][info] GC(118) Humongous regions: 3->3
[2024-10-12T10:37:25.825+0800][info] GC(118) Metaspace: 1582K(1792K)->1582K(1792K) NonClass: 1458K(1600K)->1458K(1600K) Class: 124K(192K)->124K(192K)
[2024-10-12T10:37:25.825+0800][info] GC(118) Pause Young (Normal) (G1 Evacuation Pause) 105M->105M(128M) 1.229ms
[2024-10-12T10:37:25.825+0800][info] GC(118) User=0.00s Sys=0.00s Real=0.00s
[2024-10-12T10:37:25.928+0800][info] GC(119) Pause Young (Concurrent Start) (G1 Evacuation Pause)
[2024-10-12T10:37:25.928+0800][info] GC(119) Using 3 workers of 48 for evacuation
[2024-10-12T10:37:25.929+0800][info] GC(119)   Pre Evacuate Collection Set: 0.1ms
[2024-10-12T10:37:25.929+0800][info] GC(119)   Merge Heap Roots: 0.0ms
[2024-10-12T10:37:25.929+0800][info] GC(119)   Evacuate Collection Set: 0.9ms
[2024-10-12T10:37:25.929+0800][info] GC(119)   Post Evacuate Collection Set: 0.2ms
[2024-10-12T10:37:25.929+0800][info] GC(119)   Other: 0.4ms
[2024-10-12T10:37:25.929+0800][info] GC(119) Eden regions: 2->0(2)
[2024-10-12T10:37:25.929+0800][info] GC(119) Survivor regions: 1->1(1)
[2024-10-12T10:37:25.929+0800][info] GC(119) Old regions: 49->51
[2024-10-12T10:37:25.929+0800][info] GC(119) Archive regions: 2->2
[2024-10-12T10:37:25.929+0800][info] GC(119) Humongous regions: 3->3
[2024-10-12T10:37:25.929+0800][info] GC(119) Metaspace: 1582K(1792K)->1582K(1792K) NonClass: 1458K(1600K)->1458K(1600K) Class: 124K(192K)->124K(192K)
[2024-10-12T10:37:25.929+0800][info] GC(119) Pause Young (Concurrent Start) (G1 Evacuation Pause) 109M->109M(128M) 1.663ms
[2024-10-12T10:37:25.929+0800][info] GC(119) User=0.01s Sys=0.00s Real=0.00s
[2024-10-12T10:37:25.929+0800][info] GC(120) Concurrent Mark Cycle
[2024-10-12T10:37:25.929+0800][info] GC(120) Concurrent Clear Claimed Marks
[2024-10-12T10:37:25.929+0800][info] GC(120) Concurrent Clear Claimed Marks 0.017ms
[2024-10-12T10:37:25.929+0800][info] GC(120) Concurrent Scan Root Regions
[2024-10-12T10:37:25.930+0800][info] GC(120) Concurrent Scan Root Regions 0.103ms
[2024-10-12T10:37:25.930+0800][info] GC(120) Concurrent Mark
[2024-10-12T10:37:25.930+0800][info] GC(120) Concurrent Mark From Roots
[2024-10-12T10:37:25.930+0800][info] GC(120) Using 12 workers of 12 for marking
[2024-10-12T10:37:25.933+0800][info] GC(120) Concurrent Mark From Roots 3.809ms
[2024-10-12T10:37:25.933+0800][info] GC(120) Concurrent Preclean
[2024-10-12T10:37:25.935+0800][info] GC(120) Concurrent Preclean 1.681ms
[2024-10-12T10:37:25.935+0800][info] GC(120) Pause Remark
[2024-10-12T10:37:25.937+0800][info] GC(120) Pause Remark 110M->110M(128M) 1.358ms
[2024-10-12T10:37:25.937+0800][info] GC(120) User=0.00s Sys=0.00s Real=0.00s
[2024-10-12T10:37:25.937+0800][info] GC(120) Concurrent Mark 7.092ms
[2024-10-12T10:37:25.937+0800][info] GC(120) Concurrent Rebuild Remembered Sets
[2024-10-12T10:37:25.938+0800][info] GC(120) Concurrent Rebuild Remembered Sets 1.265ms
[2024-10-12T10:37:25.938+0800][info] GC(120) Pause Cleanup
[2024-10-12T10:37:25.938+0800][info] GC(120) Pause Cleanup 110M->110M(128M) 0.263ms
[2024-10-12T10:37:25.938+0800][info] GC(120) User=0.00s Sys=0.00s Real=0.00s
[2024-10-12T10:37:25.938+0800][info] GC(120) Concurrent Cleanup for Next Mark
[2024-10-12T10:37:25.939+0800][info] GC(120) Concurrent Cleanup for Next Mark 0.359ms
[2024-10-12T10:37:25.939+0800][info] GC(120) Concurrent Mark Cycle 9.436ms
[2024-10-12T10:37:26.083+0800][info] GC(121) Pause Young (Prepare Mixed) (G1 Evacuation Pause)
[2024-10-12T10:37:26.083+0800][info] GC(121) Using 3 workers of 48 for evacuation
[2024-10-12T10:37:26.084+0800][info] GC(121)   Pre Evacuate Collection Set: 0.1ms
[2024-10-12T10:37:26.084+0800][info] GC(121)   Merge Heap Roots: 0.1ms
[2024-10-12T10:37:26.084+0800][info] GC(121)   Evacuate Collection Set: 0.9ms
[2024-10-12T10:37:26.084+0800][info] GC(121)   Post Evacuate Collection Set: 0.2ms
[2024-10-12T10:37:26.084+0800][info] GC(121)   Other: 0.2ms
[2024-10-12T10:37:26.084+0800][info] GC(121) Eden regions: 2->0(2)
[2024-10-12T10:37:26.084+0800][info] GC(121) Survivor regions: 1->1(1)
[2024-10-12T10:37:26.084+0800][info] GC(121) Old regions: 51->53
[2024-10-12T10:37:26.084+0800][info] GC(121) Archive regions: 2->2
[2024-10-12T10:37:26.084+0800][info] GC(121) Humongous regions: 3->3
[2024-10-12T10:37:26.084+0800][info] GC(121) Metaspace: 1582K(1792K)->1582K(1792K) NonClass: 1458K(1600K)->1458K(1600K) Class: 124K(192K)->124K(192K)
[2024-10-12T10:37:26.084+0800][info] GC(121) Pause Young (Prepare Mixed) (G1 Evacuation Pause) 113M->113M(128M) 1.532ms
[2024-10-12T10:37:26.084+0800][info] GC(121) User=0.01s Sys=0.00s Real=0.00s
[2024-10-12T10:37:26.145+0800][info] GC(122) Pause Young (Mixed) (G1 Preventive Collection)
[2024-10-12T10:37:26.145+0800][info] GC(122) Using 3 workers of 48 for evacuation
[2024-10-12T10:37:26.147+0800][info] GC(122)   Pre Evacuate Collection Set: 0.1ms
[2024-10-12T10:37:26.147+0800][info] GC(122)   Merge Heap Roots: 0.0ms
[2024-10-12T10:37:26.147+0800][info] GC(122)   Evacuate Collection Set: 1.1ms
[2024-10-12T10:37:26.147+0800][info] GC(122)   Post Evacuate Collection Set: 0.2ms
[2024-10-12T10:37:26.147+0800][info] GC(122)   Other: 0.2ms
[2024-10-12T10:37:26.147+0800][info] GC(122) Eden regions: 1->0(2)
[2024-10-12T10:37:26.147+0800][info] GC(122) Survivor regions: 1->1(1)
[2024-10-12T10:37:26.147+0800][info] GC(122) Old regions: 53->49
[2024-10-12T10:37:26.147+0800][info] GC(122) Archive regions: 2->2
[2024-10-12T10:37:26.147+0800][info] GC(122) Humongous regions: 3->3
[2024-10-12T10:37:26.147+0800][info] GC(122) Metaspace: 1582K(1792K)->1582K(1792K) NonClass: 1458K(1600K)->1458K(1600K) Class: 124K(192K)->124K(192K)
[2024-10-12T10:37:26.147+0800][info] GC(122) Pause Young (Mixed) (G1 Preventive Collection) 115M->105M(128M) 1.730ms
[2024-10-12T10:37:26.147+0800][info] GC(122) User=0.00s Sys=0.00s Real=0.00s
[2024-10-12T10:37:26.250+0800][info] GC(123) Pause Young (Mixed) (G1 Evacuation Pause)
[2024-10-12T10:37:26.250+0800][info] GC(123) Using 3 workers of 48 for evacuation
[2024-10-12T10:37:26.252+0800][info] GC(123)   Pre Evacuate Collection Set: 0.1ms
[2024-10-12T10:37:26.252+0800][info] GC(123)   Merge Heap Roots: 0.1ms
[2024-10-12T10:37:26.252+0800][info] GC(123)   Evacuate Collection Set: 1.6ms
[2024-10-12T10:37:26.252+0800][info] GC(123)   Post Evacuate Collection Set: 0.2ms
[2024-10-12T10:37:26.252+0800][info] GC(123)   Other: 0.1ms
[2024-10-12T10:37:26.252+0800][info] GC(123) Eden regions: 2->0(2)
[2024-10-12T10:37:26.252+0800][info] GC(123) Survivor regions: 1->1(1)
[2024-10-12T10:37:26.252+0800][info] GC(123) Old regions: 49->48
[2024-10-12T10:37:26.252+0800][info] GC(123) Archive regions: 2->2
[2024-10-12T10:37:26.252+0800][info] GC(123) Humongous regions: 3->3
[2024-10-12T10:37:26.252+0800][info] GC(123) Metaspace: 1582K(1792K)->1582K(1792K) NonClass: 1458K(1600K)->1458K(1600K) Class: 124K(192K)->124K(192K)
[2024-10-12T10:37:26.252+0800][info] GC(123) Pause Young (Mixed) (G1 Evacuation Pause) 109M->103M(128M) 2.255ms
[2024-10-12T10:37:26.252+0800][info] GC(123) User=0.01s Sys=0.00s Real=0.00s
[2024-10-12T10:37:26.354+0800][info] GC(124) Pause Young (Mixed) (G1 Evacuation Pause)
[2024-10-12T10:37:26.354+0800][info] GC(124) Using 3 workers of 48 for evacuation
[2024-10-12T10:37:26.355+0800][info] GC(124)   Pre Evacuate Collection Set: 0.1ms
[2024-10-12T10:37:26.355+0800][info] GC(124)   Merge Heap Roots: 0.0ms
[2024-10-12T10:37:26.355+0800][info] GC(124)   Evacuate Collection Set: 0.8ms
[2024-10-12T10:37:26.355+0800][info] GC(124)   Post Evacuate Collection Set: 0.2ms
[2024-10-12T10:37:26.355+0800][info] GC(124)   Other: 0.1ms
[2024-10-12T10:37:26.355+0800][info] GC(124) Eden regions: 2->0(2)
[2024-10-12T10:37:26.355+0800][info] GC(124) Survivor regions: 1->1(1)
[2024-10-12T10:37:26.355+0800][info] GC(124) Old regions: 48->49
[2024-10-12T10:37:26.355+0800][info] GC(124) Archive regions: 2->2
[2024-10-12T10:37:26.355+0800][info] GC(124) Humongous regions: 3->3
[2024-10-12T10:37:26.355+0800][info] GC(124) Metaspace: 1582K(1792K)->1582K(1792K) NonClass: 1458K(1600K)->1458K(1600K) Class: 124K(192K)->124K(192K)
[2024-10-12T10:37:26.355+0800][info] GC(124) Pause Young (Mixed) (G1 Evacuation Pause) 106M->105M(128M) 1.359ms
[2024-10-12T10:37:26.355+0800][info] GC(124) User=0.00s Sys=0.00s Real=0.00s
[2024-10-12T10:37:26.458+0800][info] GC(125) Pause Young (Concurrent Start) (G1 Evacuation Pause)
[2024-10-12T10:37:26.458+0800][info] GC(125) Using 3 workers of 48 for evacuation
[2024-10-12T10:37:26.459+0800][info] GC(125)   Pre Evacuate Collection Set: 0.1ms
[2024-10-12T10:37:26.459+0800][info] GC(125)   Merge Heap Roots: 0.0ms
[2024-10-12T10:37:26.459+0800][info] GC(125)   Evacuate Collection Set: 0.8ms
[2024-10-12T10:37:26.459+0800][info] GC(125)   Post Evacuate Collection Set: 0.2ms
[2024-10-12T10:37:26.459+0800][info] GC(125)   Other: 0.4ms
[2024-10-12T10:37:26.459+0800][info] GC(125) Eden regions: 2->0(2)
[2024-10-12T10:37:26.459+0800][info] GC(125) Survivor regions: 1->1(1)
[2024-10-12T10:37:26.459+0800][info] GC(125) Old regions: 49->51
[2024-10-12T10:37:26.460+0800][info] GC(125) Archive regions: 2->2
[2024-10-12T10:37:26.460+0800][info] GC(125) Humongous regions: 3->3
[2024-10-12T10:37:26.460+0800][info] GC(125) Metaspace: 1582K(1792K)->1582K(1792K) NonClass: 1458K(1600K)->1458K(1600K) Class: 124K(192K)->124K(192K)
[2024-10-12T10:37:26.460+0800][info] GC(125) Pause Young (Concurrent Start) (G1 Evacuation Pause) 109M->109M(128M) 1.614ms
[2024-10-12T10:37:26.460+0800][info] GC(125) User=0.00s Sys=0.00s Real=0.00s
[2024-10-12T10:37:26.460+0800][info] GC(126) Concurrent Mark Cycle
[2024-10-12T10:37:26.460+0800][info] GC(126) Concurrent Clear Claimed Marks
[2024-10-12T10:37:26.460+0800][info] GC(126) Concurrent Clear Claimed Marks 0.017ms
[2024-10-12T10:37:26.460+0800][info] GC(126) Concurrent Scan Root Regions
[2024-10-12T10:37:26.460+0800][info] GC(126) Concurrent Scan Root Regions 0.103ms
[2024-10-12T10:37:26.460+0800][info] GC(126) Concurrent Mark
[2024-10-12T10:37:26.460+0800][info] GC(126) Concurrent Mark From Roots
[2024-10-12T10:37:26.460+0800][info] GC(126) Using 12 workers of 12 for marking
[2024-10-12T10:37:26.464+0800][info] GC(126) Concurrent Mark From Roots 3.661ms
[2024-10-12T10:37:26.464+0800][info] GC(126) Concurrent Preclean
[2024-10-12T10:37:26.465+0800][info] GC(126) Concurrent Preclean 1.752ms
[2024-10-12T10:37:26.465+0800][info] GC(126) Pause Remark
[2024-10-12T10:37:26.467+0800][info] GC(126) Pause Remark 110M->110M(128M) 1.299ms
[2024-10-12T10:37:26.467+0800][info] GC(126) User=0.00s Sys=0.00s Real=0.00s
[2024-10-12T10:37:26.467+0800][info] GC(126) Concurrent Mark 6.970ms
[2024-10-12T10:37:26.467+0800][info] GC(126) Concurrent Rebuild Remembered Sets
[2024-10-12T10:37:26.468+0800][info] GC(126) Concurrent Rebuild Remembered Sets 1.254ms
[2024-10-12T10:37:26.468+0800][info] GC(126) Pause Cleanup
[2024-10-12T10:37:26.468+0800][info] GC(126) Pause Cleanup 110M->110M(128M) 0.201ms
[2024-10-12T10:37:26.468+0800][info] GC(126) User=0.00s Sys=0.00s Real=0.00s
[2024-10-12T10:37:26.469+0800][info] GC(126) Concurrent Cleanup for Next Mark
[2024-10-12T10:37:26.469+0800][info] GC(126) Concurrent Cleanup for Next Mark 0.360ms
[2024-10-12T10:37:26.469+0800][info] GC(126) Concurrent Mark Cycle 9.240ms
[2024-10-12T10:37:26.613+0800][info] GC(127) Pause Young (Prepare Mixed) (G1 Evacuation Pause)
[2024-10-12T10:37:26.613+0800][info] GC(127) Using 3 workers of 48 for evacuation
[2024-10-12T10:37:26.614+0800][info] GC(127)   Pre Evacuate Collection Set: 0.1ms
[2024-10-12T10:37:26.614+0800][info] GC(127)   Merge Heap Roots: 0.1ms
[2024-10-12T10:37:26.614+0800][info] GC(127)   Evacuate Collection Set: 1.0ms
[2024-10-12T10:37:26.614+0800][info] GC(127)   Post Evacuate Collection Set: 0.2ms
[2024-10-12T10:37:26.614+0800][info] GC(127)   Other: 0.2ms
[2024-10-12T10:37:26.614+0800][info] GC(127) Eden regions: 2->0(2)
[2024-10-12T10:37:26.614+0800][info] GC(127) Survivor regions: 1->1(1)
[2024-10-12T10:37:26.614+0800][info] GC(127) Old regions: 51->53
[2024-10-12T10:37:26.614+0800][info] GC(127) Archive regions: 2->2
[2024-10-12T10:37:26.614+0800][info] GC(127) Humongous regions: 3->3
[2024-10-12T10:37:26.614+0800][info] GC(127) Metaspace: 1583K(1792K)->1583K(1792K) NonClass: 1459K(1600K)->1459K(1600K) Class: 124K(192K)->124K(192K)
[2024-10-12T10:37:26.614+0800][info] GC(127) Pause Young (Prepare Mixed) (G1 Evacuation Pause) 113M->113M(128M) 1.598ms
[2024-10-12T10:37:26.614+0800][info] GC(127) User=0.00s Sys=0.00s Real=0.01s
[2024-10-12T10:37:26.615+0800][info] GC(128) Pause Young (Mixed) (G1 Preventive Collection)
[2024-10-12T10:37:26.615+0800][info] GC(128) Using 3 workers of 48 for evacuation
[2024-10-12T10:37:26.616+0800][info] GC(128)   Pre Evacuate Collection Set: 0.1ms
[2024-10-12T10:37:26.616+0800][info] GC(128)   Merge Heap Roots: 0.1ms
[2024-10-12T10:37:26.616+0800][info] GC(128)   Evacuate Collection Set: 0.8ms
[2024-10-12T10:37:26.616+0800][info] GC(128)   Post Evacuate Collection Set: 0.2ms
[2024-10-12T10:37:26.616+0800][info] GC(128)   Other: 0.1ms
[2024-10-12T10:37:26.616+0800][info] GC(128) Eden regions: 1->0(2)
[2024-10-12T10:37:26.616+0800][info] GC(128) Survivor regions: 1->1(1)
[2024-10-12T10:37:26.616+0800][info] GC(128) Old regions: 53->49
[2024-10-12T10:37:26.616+0800][info] GC(128) Archive regions: 2->2
[2024-10-12T10:37:26.616+0800][info] GC(128) Humongous regions: 3->3
[2024-10-12T10:37:26.616+0800][info] GC(128) Metaspace: 1583K(1792K)->1583K(1792K) NonClass: 1459K(1600K)->1459K(1600K) Class: 124K(192K)->124K(192K)
[2024-10-12T10:37:26.616+0800][info] GC(128) Pause Young (Mixed) (G1 Preventive Collection) 114M->104M(128M) 1.408ms
[2024-10-12T10:37:26.616+0800][info] GC(128) User=0.01s Sys=0.00s Real=0.00s
[2024-10-12T10:37:26.739+0800][info] GC(129) Pause Young (Mixed) (G1 Evacuation Pause)
[2024-10-12T10:37:26.739+0800][info] GC(129) Using 3 workers of 48 for evacuation
[2024-10-12T10:37:26.742+0800][info] GC(129)   Pre Evacuate Collection Set: 0.1ms
[2024-10-12T10:37:26.742+0800][info] GC(129)   Merge Heap Roots: 0.1ms
[2024-10-12T10:37:26.742+0800][info] GC(129)   Evacuate Collection Set: 1.8ms
[2024-10-12T10:37:26.742+0800][info] GC(129)   Post Evacuate Collection Set: 0.2ms
[2024-10-12T10:37:26.742+0800][info] GC(129)   Other: 0.1ms
[2024-10-12T10:37:26.742+0800][info] GC(129) Eden regions: 2->0(2)
[2024-10-12T10:37:26.742+0800][info] GC(129) Survivor regions: 1->1(1)
[2024-10-12T10:37:26.742+0800][info] GC(129) Old regions: 49->47
[2024-10-12T10:37:26.742+0800][info] GC(129) Archive regions: 2->2
[2024-10-12T10:37:26.742+0800][info] GC(129) Humongous regions: 4->3
[2024-10-12T10:37:26.742+0800][info] GC(129) Metaspace: 1583K(1792K)->1583K(1792K) NonClass: 1459K(1600K)->1459K(1600K) Class: 124K(192K)->124K(192K)
[2024-10-12T10:37:26.742+0800][info] GC(129) Pause Young (Mixed) (G1 Evacuation Pause) 110M->102M(128M) 2.504ms
[2024-10-12T10:37:26.742+0800][info] GC(129) User=0.00s Sys=0.00s Real=0.00s
[2024-10-12T10:37:26.844+0800][info] GC(130) Pause Young (Mixed) (G1 Evacuation Pause)
[2024-10-12T10:37:26.844+0800][info] GC(130) Using 3 workers of 48 for evacuation
[2024-10-12T10:37:26.846+0800][info] GC(130)   Pre Evacuate Collection Set: 0.1ms
[2024-10-12T10:37:26.846+0800][info] GC(130)   Merge Heap Roots: 0.1ms
[2024-10-12T10:37:26.846+0800][info] GC(130)   Evacuate Collection Set: 0.8ms
[2024-10-12T10:37:26.846+0800][info] GC(130)   Post Evacuate Collection Set: 0.2ms
[2024-10-12T10:37:26.846+0800][info] GC(130)   Other: 0.1ms
[2024-10-12T10:37:26.846+0800][info] GC(130) Eden regions: 2->0(2)
[2024-10-12T10:37:26.846+0800][info] GC(130) Survivor regions: 1->1(1)
[2024-10-12T10:37:26.846+0800][info] GC(130) Old regions: 47->49
[2024-10-12T10:37:26.846+0800][info] GC(130) Archive regions: 2->2
[2024-10-12T10:37:26.846+0800][info] GC(130) Humongous regions: 3->3
[2024-10-12T10:37:26.846+0800][info] GC(130) Metaspace: 1583K(1792K)->1583K(1792K) NonClass: 1459K(1600K)->1459K(1600K) Class: 124K(192K)->124K(192K)
[2024-10-12T10:37:26.846+0800][info] GC(130) Pause Young (Mixed) (G1 Evacuation Pause) 105M->105M(128M) 1.407ms
[2024-10-12T10:37:26.846+0800][info] GC(130) User=0.00s Sys=0.00s Real=0.01s
[2024-10-12T10:37:26.948+0800][info] GC(131) Pause Young (Normal) (G1 Evacuation Pause)
[2024-10-12T10:37:26.948+0800][info] GC(131) Using 3 workers of 48 for evacuation
[2024-10-12T10:37:26.949+0800][info] GC(131)   Pre Evacuate Collection Set: 0.1ms
[2024-10-12T10:37:26.949+0800][info] GC(131)   Merge Heap Roots: 0.0ms
[2024-10-12T10:37:26.949+0800][info] GC(131)   Evacuate Collection Set: 0.7ms
[2024-10-12T10:37:26.949+0800][info] GC(131)   Post Evacuate Collection Set: 0.2ms
[2024-10-12T10:37:26.949+0800][info] GC(131)   Other: 0.2ms
[2024-10-12T10:37:26.949+0800][info] GC(131) Eden regions: 2->0(2)
[2024-10-12T10:37:26.949+0800][info] GC(131) Survivor regions: 1->1(1)
[2024-10-12T10:37:26.949+0800][info] GC(131) Old regions: 49->51
[2024-10-12T10:37:26.949+0800][info] GC(131) Archive regions: 2->2
[2024-10-12T10:37:26.949+0800][info] GC(131) Humongous regions: 3->3
[2024-10-12T10:37:26.949+0800][info] GC(131) Metaspace: 1583K(1792K)->1583K(1792K) NonClass: 1459K(1600K)->1459K(1600K) Class: 124K(192K)->124K(192K)
[2024-10-12T10:37:26.949+0800][info] GC(131) Pause Young (Normal) (G1 Evacuation Pause) 109M->109M(128M) 1.345ms
[2024-10-12T10:37:26.949+0800][info] GC(131) User=0.00s Sys=0.00s Real=0.00s
[2024-10-12T10:37:27.052+0800][info] GC(132) Pause Young (Concurrent Start) (G1 Evacuation Pause)
[2024-10-12T10:37:27.052+0800][info] GC(132) Using 3 workers of 48 for evacuation
[2024-10-12T10:37:27.053+0800][info] GC(132)   Pre Evacuate Collection Set: 0.1ms
[2024-10-12T10:37:27.053+0800][info] GC(132)   Merge Heap Roots: 0.0ms
[2024-10-12T10:37:27.053+0800][info] GC(132)   Evacuate Collection Set: 0.7ms
[2024-10-12T10:37:27.053+0800][info] GC(132)   Post Evacuate Collection Set: 0.2ms
[2024-10-12T10:37:27.053+0800][info] GC(132)   Other: 0.4ms
[2024-10-12T10:37:27.053+0800][info] GC(132) Eden regions: 2->0(2)
[2024-10-12T10:37:27.053+0800][info] GC(132) Survivor regions: 1->1(1)
[2024-10-12T10:37:27.053+0800][info] GC(132) Old regions: 51->53
[2024-10-12T10:37:27.053+0800][info] GC(132) Archive regions: 2->2
[2024-10-12T10:37:27.053+0800][info] GC(132) Humongous regions: 3->3
[2024-10-12T10:37:27.053+0800][info] GC(132) Metaspace: 1583K(1792K)->1583K(1792K) NonClass: 1459K(1600K)->1459K(1600K) Class: 124K(192K)->124K(192K)
[2024-10-12T10:37:27.053+0800][info] GC(132) Pause Young (Concurrent Start) (G1 Evacuation Pause) 113M->113M(128M) 1.517ms
[2024-10-12T10:37:27.053+0800][info] GC(132) User=0.00s Sys=0.00s Real=0.01s
[2024-10-12T10:37:27.053+0800][info] GC(133) Concurrent Mark Cycle
[2024-10-12T10:37:27.053+0800][info] GC(133) Concurrent Clear Claimed Marks
[2024-10-12T10:37:27.053+0800][info] GC(133) Concurrent Clear Claimed Marks 0.017ms
[2024-10-12T10:37:27.053+0800][info] GC(133) Concurrent Scan Root Regions
[2024-10-12T10:37:27.053+0800][info] GC(133) Concurrent Scan Root Regions 0.146ms
[2024-10-12T10:37:27.053+0800][info] GC(133) Concurrent Mark
[2024-10-12T10:37:27.054+0800][info] GC(133) Concurrent Mark From Roots
[2024-10-12T10:37:27.054+0800][info] GC(133) Using 12 workers of 12 for marking
[2024-10-12T10:37:27.057+0800][info] GC(133) Concurrent Mark From Roots 3.772ms
[2024-10-12T10:37:27.057+0800][info] GC(133) Concurrent Preclean
[2024-10-12T10:37:27.059+0800][info] GC(133) Concurrent Preclean 1.685ms
[2024-10-12T10:37:27.059+0800][info] GC(133) Pause Remark
[2024-10-12T10:37:27.060+0800][info] GC(133) Pause Remark 114M->112M(128M) 1.260ms
[2024-10-12T10:37:27.060+0800][info] GC(133) User=0.01s Sys=0.00s Real=0.00s
[2024-10-12T10:37:27.060+0800][info] GC(133) Concurrent Mark 6.888ms
[2024-10-12T10:37:27.060+0800][info] GC(133) Concurrent Rebuild Remembered Sets
[2024-10-12T10:37:27.062+0800][info] GC(133) Concurrent Rebuild Remembered Sets 1.287ms
[2024-10-12T10:37:27.062+0800][info] GC(133) Pause Cleanup
[2024-10-12T10:37:27.062+0800][info] GC(133) Pause Cleanup 112M->112M(128M) 0.219ms
[2024-10-12T10:37:27.062+0800][info] GC(133) User=0.00s Sys=0.00s Real=0.00s
[2024-10-12T10:37:27.062+0800][info] GC(133) Concurrent Cleanup for Next Mark
[2024-10-12T10:37:27.063+0800][info] GC(133) Concurrent Cleanup for Next Mark 0.396ms
[2024-10-12T10:37:27.063+0800][info] GC(133) Concurrent Mark Cycle 9.294ms
[2024-10-12T10:37:27.207+0800][info] GC(134) Pause Young (Prepare Mixed) (G1 Preventive Collection)
[2024-10-12T10:37:27.207+0800][info] GC(134) Using 3 workers of 48 for evacuation
[2024-10-12T10:37:27.208+0800][info] GC(134)   Pre Evacuate Collection Set: 0.1ms
[2024-10-12T10:37:27.208+0800][info] GC(134)   Merge Heap Roots: 0.1ms
[2024-10-12T10:37:27.208+0800][info] GC(134)   Evacuate Collection Set: 0.9ms
[2024-10-12T10:37:27.208+0800][info] GC(134)   Post Evacuate Collection Set: 0.2ms
[2024-10-12T10:37:27.208+0800][info] GC(134)   Other: 0.2ms
[2024-10-12T10:37:27.208+0800][info] GC(134) Eden regions: 2->0(2)
[2024-10-12T10:37:27.208+0800][info] GC(134) Survivor regions: 1->1(1)
[2024-10-12T10:37:27.208+0800][info] GC(134) Old regions: 52->54
[2024-10-12T10:37:27.208+0800][info] GC(134) Archive regions: 2->2
[2024-10-12T10:37:27.208+0800][info] GC(134) Humongous regions: 3->3
[2024-10-12T10:37:27.208+0800][info] GC(134) Metaspace: 1583K(1792K)->1583K(1792K) NonClass: 1459K(1600K)->1459K(1600K) Class: 124K(192K)->124K(192K)
[2024-10-12T10:37:27.208+0800][info] GC(134) Pause Young (Prepare Mixed) (G1 Preventive Collection) 115M->115M(128M) 1.544ms
[2024-10-12T10:37:27.208+0800][info] GC(134) User=0.00s Sys=0.00s Real=0.00s
[2024-10-12T10:37:27.270+0800][info] GC(135) Pause Young (Mixed) (G1 Preventive Collection)
[2024-10-12T10:37:27.270+0800][info] GC(135) Using 3 workers of 48 for evacuation
[2024-10-12T10:37:27.271+0800][info] GC(135)   Pre Evacuate Collection Set: 0.1ms
[2024-10-12T10:37:27.271+0800][info] GC(135)   Merge Heap Roots: 0.1ms
[2024-10-12T10:37:27.271+0800][info] GC(135)   Evacuate Collection Set: 1.0ms
[2024-10-12T10:37:27.271+0800][info] GC(135)   Post Evacuate Collection Set: 0.2ms
[2024-10-12T10:37:27.271+0800][info] GC(135)   Other: 0.2ms
[2024-10-12T10:37:27.271+0800][info] GC(135) Eden regions: 1->0(2)
[2024-10-12T10:37:27.271+0800][info] GC(135) Survivor regions: 1->1(1)
[2024-10-12T10:37:27.271+0800][info] GC(135) Old regions: 54->49
[2024-10-12T10:37:27.271+0800][info] GC(135) Archive regions: 2->2
[2024-10-12T10:37:27.271+0800][info] GC(135) Humongous regions: 3->3
[2024-10-12T10:37:27.271+0800][info] GC(135) Metaspace: 1587K(1792K)->1587K(1792K) NonClass: 1463K(1600K)->1463K(1600K) Class: 124K(192K)->124K(192K)
[2024-10-12T10:37:27.271+0800][info] GC(135) Pause Young (Mixed) (G1 Preventive Collection) 117M->105M(128M) 1.624ms
[2024-10-12T10:37:27.271+0800][info] GC(135) User=0.00s Sys=0.00s Real=0.00s
[2024-10-12T10:37:27.374+0800][info] GC(136) Pause Young (Mixed) (G1 Evacuation Pause)
[2024-10-12T10:37:27.374+0800][info] GC(136) Using 3 workers of 48 for evacuation
[2024-10-12T10:37:27.376+0800][info] GC(136)   Pre Evacuate Collection Set: 0.1ms
[2024-10-12T10:37:27.376+0800][info] GC(136)   Merge Heap Roots: 0.0ms
[2024-10-12T10:37:27.376+0800][info] GC(136)   Evacuate Collection Set: 1.5ms
[2024-10-12T10:37:27.376+0800][info] GC(136)   Post Evacuate Collection Set: 0.2ms
[2024-10-12T10:37:27.376+0800][info] GC(136)   Other: 0.1ms
[2024-10-12T10:37:27.376+0800][info] GC(136) Eden regions: 2->0(2)
[2024-10-12T10:37:27.376+0800][info] GC(136) Survivor regions: 1->1(1)
[2024-10-12T10:37:27.376+0800][info] GC(136) Old regions: 49->48
[2024-10-12T10:37:27.376+0800][info] GC(136) Archive regions: 2->2
[2024-10-12T10:37:27.376+0800][info] GC(136) Humongous regions: 3->3
[2024-10-12T10:37:27.376+0800][info] GC(136) Metaspace: 1587K(1792K)->1587K(1792K) NonClass: 1463K(1600K)->1463K(1600K) Class: 124K(192K)->124K(192K)
[2024-10-12T10:37:27.376+0800][info] GC(136) Pause Young (Mixed) (G1 Evacuation Pause) 109M->103M(128M) 2.137ms
[2024-10-12T10:37:27.376+0800][info] GC(136) User=0.01s Sys=0.00s Real=0.00s
[2024-10-12T10:37:27.478+0800][info] GC(137) Pause Young (Mixed) (G1 Evacuation Pause)
[2024-10-12T10:37:27.478+0800][info] GC(137) Using 3 workers of 48 for evacuation
[2024-10-12T10:37:27.480+0800][info] GC(137)   Pre Evacuate Collection Set: 0.1ms
[2024-10-12T10:37:27.480+0800][info] GC(137)   Merge Heap Roots: 0.0ms
[2024-10-12T10:37:27.480+0800][info] GC(137)   Evacuate Collection Set: 1.0ms
[2024-10-12T10:37:27.480+0800][info] GC(137)   Post Evacuate Collection Set: 0.2ms
[2024-10-12T10:37:27.480+0800][info] GC(137)   Other: 0.1ms
[2024-10-12T10:37:27.480+0800][info] GC(137) Eden regions: 2->0(2)
[2024-10-12T10:37:27.480+0800][info] GC(137) Survivor regions: 1->1(1)
[2024-10-12T10:37:27.480+0800][info] GC(137) Old regions: 48->48
[2024-10-12T10:37:27.480+0800][info] GC(137) Archive regions: 2->2
[2024-10-12T10:37:27.480+0800][info] GC(137) Humongous regions: 3->3
[2024-10-12T10:37:27.480+0800][info] GC(137) Metaspace: 1587K(1792K)->1587K(1792K) NonClass: 1463K(1600K)->1463K(1600K) Class: 124K(192K)->124K(192K)
[2024-10-12T10:37:27.480+0800][info] GC(137) Pause Young (Mixed) (G1 Evacuation Pause) 106M->104M(128M) 1.664ms
[2024-10-12T10:37:27.480+0800][info] GC(137) User=0.00s Sys=0.01s Real=0.00s
[2024-10-12T10:37:27.582+0800][info] GC(138) Pause Young (Normal) (G1 Evacuation Pause)
[2024-10-12T10:37:27.582+0800][info] GC(138) Using 3 workers of 48 for evacuation
[2024-10-12T10:37:27.584+0800][info] GC(138)   Pre Evacuate Collection Set: 0.1ms
[2024-10-12T10:37:27.584+0800][info] GC(138)   Merge Heap Roots: 0.0ms
[2024-10-12T10:37:27.584+0800][info] GC(138)   Evacuate Collection Set: 0.8ms
[2024-10-12T10:37:27.584+0800][info] GC(138)   Post Evacuate Collection Set: 0.2ms
[2024-10-12T10:37:27.584+0800][info] GC(138)   Other: 0.2ms
[2024-10-12T10:37:27.584+0800][info] GC(138) Eden regions: 2->0(2)
[2024-10-12T10:37:27.584+0800][info] GC(138) Survivor regions: 1->1(1)
[2024-10-12T10:37:27.584+0800][info] GC(138) Old regions: 48->51
[2024-10-12T10:37:27.584+0800][info] GC(138) Archive regions: 2->2
[2024-10-12T10:37:27.584+0800][info] GC(138) Humongous regions: 3->3
[2024-10-12T10:37:27.584+0800][info] GC(138) Metaspace: 1587K(1792K)->1587K(1792K) NonClass: 1463K(1600K)->1463K(1600K) Class: 124K(192K)->124K(192K)
[2024-10-12T10:37:27.584+0800][info] GC(138) Pause Young (Normal) (G1 Evacuation Pause) 108M->109M(128M) 1.407ms
[2024-10-12T10:37:27.584+0800][info] GC(138) User=0.00s Sys=0.00s Real=0.00s
[2024-10-12T10:37:27.686+0800][info] GC(139) Pause Young (Concurrent Start) (G1 Evacuation Pause)
[2024-10-12T10:37:27.686+0800][info] GC(139) Using 3 workers of 48 for evacuation
[2024-10-12T10:37:27.687+0800][info] GC(139)   Pre Evacuate Collection Set: 0.1ms
[2024-10-12T10:37:27.687+0800][info] GC(139)   Merge Heap Roots: 0.0ms
[2024-10-12T10:37:27.687+0800][info] GC(139)   Evacuate Collection Set: 0.8ms
[2024-10-12T10:37:27.687+0800][info] GC(139)   Post Evacuate Collection Set: 0.2ms
[2024-10-12T10:37:27.687+0800][info] GC(139)   Other: 0.4ms
[2024-10-12T10:37:27.687+0800][info] GC(139) Eden regions: 2->0(2)
[2024-10-12T10:37:27.687+0800][info] GC(139) Survivor regions: 1->1(1)
[2024-10-12T10:37:27.687+0800][info] GC(139) Old regions: 51->52
[2024-10-12T10:37:27.687+0800][info] GC(139) Archive regions: 2->2
[2024-10-12T10:37:27.687+0800][info] GC(139) Humongous regions: 3->3
[2024-10-12T10:37:27.687+0800][info] GC(139) Metaspace: 1587K(1792K)->1587K(1792K) NonClass: 1463K(1600K)->1463K(1600K) Class: 124K(192K)->124K(192K)
[2024-10-12T10:37:27.687+0800][info] GC(139) Pause Young (Concurrent Start) (G1 Evacuation Pause) 112M->112M(128M) 1.525ms
[2024-10-12T10:37:27.687+0800][info] GC(139) User=0.00s Sys=0.00s Real=0.00s
[2024-10-12T10:37:27.687+0800][info] GC(140) Concurrent Mark Cycle
[2024-10-12T10:37:27.687+0800][info] GC(140) Concurrent Clear Claimed Marks
[2024-10-12T10:37:27.687+0800][info] GC(140) Concurrent Clear Claimed Marks 0.017ms
[2024-10-12T10:37:27.687+0800][info] GC(140) Concurrent Scan Root Regions
[2024-10-12T10:37:27.687+0800][info] GC(140) Concurrent Scan Root Regions 0.098ms
[2024-10-12T10:37:27.687+0800][info] GC(140) Concurrent Mark
[2024-10-12T10:37:27.687+0800][info] GC(140) Concurrent Mark From Roots
[2024-10-12T10:37:27.687+0800][info] GC(140) Using 12 workers of 12 for marking
[2024-10-12T10:37:27.691+0800][info] GC(140) Concurrent Mark From Roots 3.769ms
[2024-10-12T10:37:27.691+0800][info] GC(140) Concurrent Preclean
[2024-10-12T10:37:27.693+0800][info] GC(140) Concurrent Preclean 1.687ms
[2024-10-12T10:37:27.693+0800][info] GC(140) Pause Remark
[2024-10-12T10:37:27.694+0800][info] GC(140) Pause Remark 113M->109M(128M) 1.321ms
[2024-10-12T10:37:27.694+0800][info] GC(140) User=0.00s Sys=0.00s Real=0.01s
[2024-10-12T10:37:27.694+0800][info] GC(140) Concurrent Mark 7.098ms
[2024-10-12T10:37:27.695+0800][info] GC(140) Concurrent Rebuild Remembered Sets
[2024-10-12T10:37:27.696+0800][info] GC(140) Concurrent Rebuild Remembered Sets 1.245ms
[2024-10-12T10:37:27.696+0800][info] GC(140) Pause Cleanup
[2024-10-12T10:37:27.696+0800][info] GC(140) Pause Cleanup 109M->109M(128M) 0.170ms
[2024-10-12T10:37:27.696+0800][info] GC(140) User=0.00s Sys=0.00s Real=0.00s
[2024-10-12T10:37:27.696+0800][info] GC(140) Concurrent Cleanup for Next Mark
[2024-10-12T10:37:27.697+0800][info] GC(140) Concurrent Cleanup for Next Mark 0.396ms
[2024-10-12T10:37:27.697+0800][info] GC(140) Concurrent Mark Cycle 9.360ms
[2024-10-12T10:37:27.841+0800][info] GC(141) Pause Young (Prepare Mixed) (G1 Evacuation Pause)
[2024-10-12T10:37:27.841+0800][info] GC(141) Using 3 workers of 48 for evacuation
[2024-10-12T10:37:27.842+0800][info] GC(141)   Pre Evacuate Collection Set: 0.1ms
[2024-10-12T10:37:27.842+0800][info] GC(141)   Merge Heap Roots: 0.1ms
[2024-10-12T10:37:27.842+0800][info] GC(141)   Evacuate Collection Set: 0.8ms
[2024-10-12T10:37:27.842+0800][info] GC(141)   Post Evacuate Collection Set: 0.2ms
[2024-10-12T10:37:27.842+0800][info] GC(141)   Other: 0.3ms
[2024-10-12T10:37:27.842+0800][info] GC(141) Eden regions: 2->0(2)
[2024-10-12T10:37:27.842+0800][info] GC(141) Survivor regions: 1->1(1)
[2024-10-12T10:37:27.842+0800][info] GC(141) Old regions: 50->52
[2024-10-12T10:37:27.843+0800][info] GC(141) Archive regions: 2->2
[2024-10-12T10:37:27.843+0800][info] GC(141) Humongous regions: 3->3
[2024-10-12T10:37:27.843+0800][info] GC(141) Metaspace: 1587K(1792K)->1587K(1792K) NonClass: 1463K(1600K)->1463K(1600K) Class: 124K(192K)->124K(192K)
[2024-10-12T10:37:27.843+0800][info] GC(141) Pause Young (Prepare Mixed) (G1 Evacuation Pause) 112M->112M(128M) 1.524ms
[2024-10-12T10:37:27.843+0800][info] GC(141) User=0.00s Sys=0.01s Real=0.00s
[2024-10-12T10:37:27.945+0800][info] GC(142) Pause Young (Mixed) (G1 Preventive Collection)
[2024-10-12T10:37:27.945+0800][info] GC(142) Using 3 workers of 48 for evacuation
[2024-10-12T10:37:27.947+0800][info] GC(142) To-space exhausted
[2024-10-12T10:37:27.947+0800][info] GC(142)   Pre Evacuate Collection Set: 0.1ms
[2024-10-12T10:37:27.947+0800][info] GC(142)   Merge Heap Roots: 0.0ms
[2024-10-12T10:37:27.947+0800][info] GC(142)   Evacuate Collection Set: 1.4ms
[2024-10-12T10:37:27.947+0800][info] GC(142)   Post Evacuate Collection Set: 0.3ms
[2024-10-12T10:37:27.947+0800][info] GC(142)   Other: 0.2ms
[2024-10-12T10:37:27.947+0800][info] GC(142) Eden regions: 2->0(2)
[2024-10-12T10:37:27.947+0800][info] GC(142) Survivor regions: 1->1(1)
[2024-10-12T10:37:27.947+0800][info] GC(142) Old regions: 52->53
[2024-10-12T10:37:27.947+0800][info] GC(142) Archive regions: 2->2
[2024-10-12T10:37:27.947+0800][info] GC(142) Humongous regions: 3->3
[2024-10-12T10:37:27.947+0800][info] GC(142) Metaspace: 1587K(1792K)->1587K(1792K) NonClass: 1463K(1600K)->1463K(1600K) Class: 124K(192K)->124K(192K)
[2024-10-12T10:37:27.947+0800][info] GC(142) Pause Young (Mixed) (G1 Preventive Collection) 115M->114M(128M) 2.267ms
[2024-10-12T10:37:27.947+0800][info] GC(142) User=0.00s Sys=0.00s Real=0.01s
[2024-10-12T10:37:28.009+0800][info] GC(143) Pause Young (Mixed) (G1 Preventive Collection)
[2024-10-12T10:37:28.009+0800][info] GC(143) Using 3 workers of 48 for evacuation
[2024-10-12T10:37:28.010+0800][info] GC(143) To-space exhausted
[2024-10-12T10:37:28.010+0800][info] GC(143)   Pre Evacuate Collection Set: 0.1ms
[2024-10-12T10:37:28.010+0800][info] GC(143)   Merge Heap Roots: 0.1ms
[2024-10-12T10:37:28.010+0800][info] GC(143)   Evacuate Collection Set: 1.1ms
[2024-10-12T10:37:28.010+0800][info] GC(143)   Post Evacuate Collection Set: 0.2ms
[2024-10-12T10:37:28.010+0800][info] GC(143)   Other: 0.2ms
[2024-10-12T10:37:28.010+0800][info] GC(143) Eden regions: 1->0(2)
[2024-10-12T10:37:28.010+0800][info] GC(143) Survivor regions: 1->1(1)
[2024-10-12T10:37:28.010+0800][info] GC(143) Old regions: 53->54
[2024-10-12T10:37:28.010+0800][info] GC(143) Archive regions: 2->2
[2024-10-12T10:37:28.010+0800][info] GC(143) Humongous regions: 3->3
[2024-10-12T10:37:28.010+0800][info] GC(143) Metaspace: 1587K(1792K)->1587K(1792K) NonClass: 1463K(1600K)->1463K(1600K) Class: 124K(192K)->124K(192K)
[2024-10-12T10:37:28.010+0800][info] GC(143) Pause Young (Mixed) (G1 Preventive Collection) 116M->116M(128M) 1.829ms
[2024-10-12T10:37:28.010+0800][info] GC(143) User=0.01s Sys=0.00s Real=0.00s
[2024-10-12T10:37:28.051+0800][info] GC(144) Pause Young (Concurrent Start) (G1 Preventive Collection)
[2024-10-12T10:37:28.051+0800][info] GC(144) Using 3 workers of 48 for evacuation
[2024-10-12T10:37:28.052+0800][info] GC(144)   Pre Evacuate Collection Set: 0.1ms
[2024-10-12T10:37:28.052+0800][info] GC(144)   Merge Heap Roots: 0.0ms
[2024-10-12T10:37:28.052+0800][info] GC(144)   Evacuate Collection Set: 0.5ms
[2024-10-12T10:37:28.052+0800][info] GC(144)   Post Evacuate Collection Set: 0.2ms
[2024-10-12T10:37:28.052+0800][info] GC(144)   Other: 0.4ms
[2024-10-12T10:37:28.053+0800][info] GC(144) Eden regions: 1->0(2)
[2024-10-12T10:37:28.053+0800][info] GC(144) Survivor regions: 1->1(1)
[2024-10-12T10:37:28.053+0800][info] GC(144) Old regions: 54->55
[2024-10-12T10:37:28.053+0800][info] GC(144) Archive regions: 2->2
[2024-10-12T10:37:28.053+0800][info] GC(144) Humongous regions: 3->3
[2024-10-12T10:37:28.053+0800][info] GC(144) Metaspace: 1587K(1792K)->1587K(1792K) NonClass: 1463K(1600K)->1463K(1600K) Class: 124K(192K)->124K(192K)
[2024-10-12T10:37:28.053+0800][info] GC(144) Pause Young (Concurrent Start) (G1 Preventive Collection) 117M->117M(128M) 1.280ms
[2024-10-12T10:37:28.053+0800][info] GC(144) User=0.00s Sys=0.00s Real=0.00s
[2024-10-12T10:37:28.053+0800][info] GC(145) Concurrent Mark Cycle
[2024-10-12T10:37:28.053+0800][info] GC(145) Concurrent Clear Claimed Marks
[2024-10-12T10:37:28.053+0800][info] GC(145) Concurrent Clear Claimed Marks 0.017ms
[2024-10-12T10:37:28.053+0800][info] GC(145) Concurrent Scan Root Regions
[2024-10-12T10:37:28.053+0800][info] GC(145) Concurrent Scan Root Regions 0.108ms
[2024-10-12T10:37:28.053+0800][info] GC(145) Concurrent Mark
[2024-10-12T10:37:28.053+0800][info] GC(145) Concurrent Mark From Roots
[2024-10-12T10:37:28.053+0800][info] GC(145) Using 12 workers of 12 for marking
[2024-10-12T10:37:28.057+0800][info] GC(145) Concurrent Mark From Roots 3.755ms
[2024-10-12T10:37:28.057+0800][info] GC(145) Concurrent Preclean
[2024-10-12T10:37:28.058+0800][info] GC(145) Concurrent Preclean 1.702ms
[2024-10-12T10:37:28.059+0800][info] GC(145) Pause Remark
[2024-10-12T10:37:28.060+0800][info] GC(145) Pause Remark 118M->114M(128M) 1.398ms
[2024-10-12T10:37:28.060+0800][info] GC(145) User=0.01s Sys=0.00s Real=0.00s
[2024-10-12T10:37:28.060+0800][info] GC(145) Concurrent Mark 7.173ms
[2024-10-12T10:37:28.060+0800][info] GC(145) Concurrent Rebuild Remembered Sets
[2024-10-12T10:37:28.061+0800][info] GC(145) Concurrent Rebuild Remembered Sets 1.255ms
[2024-10-12T10:37:28.062+0800][info] GC(145) Pause Cleanup
[2024-10-12T10:37:28.062+0800][info] GC(145) Pause Cleanup 114M->114M(128M) 0.214ms
[2024-10-12T10:37:28.062+0800][info] GC(145) User=0.00s Sys=0.00s Real=0.00s
[2024-10-12T10:37:28.062+0800][info] GC(145) Concurrent Cleanup for Next Mark
[2024-10-12T10:37:28.062+0800][info] GC(145) Concurrent Cleanup for Next Mark 0.387ms
[2024-10-12T10:37:28.062+0800][info] GC(145) Concurrent Mark Cycle 9.490ms
[2024-10-12T10:37:28.206+0800][info] GC(146) Pause Young (Prepare Mixed) (G1 Preventive Collection)
[2024-10-12T10:37:28.206+0800][info] GC(146) Using 3 workers of 48 for evacuation
[2024-10-12T10:37:28.208+0800][info] GC(146)   Pre Evacuate Collection Set: 0.1ms
[2024-10-12T10:37:28.208+0800][info] GC(146)   Merge Heap Roots: 0.1ms
[2024-10-12T10:37:28.208+0800][info] GC(146)   Evacuate Collection Set: 0.9ms
[2024-10-12T10:37:28.208+0800][info] GC(146)   Post Evacuate Collection Set: 0.2ms
[2024-10-12T10:37:28.208+0800][info] GC(146)   Other: 0.2ms
[2024-10-12T10:37:28.208+0800][info] GC(146) Eden regions: 2->0(2)
[2024-10-12T10:37:28.208+0800][info] GC(146) Survivor regions: 1->1(1)
[2024-10-12T10:37:28.208+0800][info] GC(146) Old regions: 53->55
[2024-10-12T10:37:28.208+0800][info] GC(146) Archive regions: 2->2
[2024-10-12T10:37:28.208+0800][info] GC(146) Humongous regions: 3->3
[2024-10-12T10:37:28.208+0800][info] GC(146) Metaspace: 1588K(1792K)->1588K(1792K) NonClass: 1464K(1600K)->1464K(1600K) Class: 124K(192K)->124K(192K)
[2024-10-12T10:37:28.208+0800][info] GC(146) Pause Young (Prepare Mixed) (G1 Preventive Collection) 117M->117M(128M) 1.530ms
[2024-10-12T10:37:28.208+0800][info] GC(146) User=0.00s Sys=0.00s Real=0.00s
[2024-10-12T10:37:28.270+0800][info] GC(147) Pause Young (Mixed) (G1 Preventive Collection)
[2024-10-12T10:37:28.270+0800][info] GC(147) Using 3 workers of 48 for evacuation
[2024-10-12T10:37:28.271+0800][info] GC(147) To-space exhausted
[2024-10-12T10:37:28.271+0800][info] GC(147)   Pre Evacuate Collection Set: 0.1ms
[2024-10-12T10:37:28.271+0800][info] GC(147)   Merge Heap Roots: 0.0ms
[2024-10-12T10:37:28.271+0800][info] GC(147)   Evacuate Collection Set: 0.6ms
[2024-10-12T10:37:28.271+0800][info] GC(147)   Post Evacuate Collection Set: 0.2ms
[2024-10-12T10:37:28.271+0800][info] GC(147)   Other: 0.2ms
[2024-10-12T10:37:28.271+0800][info] GC(147) Eden regions: 1->0(2)
[2024-10-12T10:37:28.271+0800][info] GC(147) Survivor regions: 1->1(1)
[2024-10-12T10:37:28.271+0800][info] GC(147) Old regions: 55->51
[2024-10-12T10:37:28.271+0800][info] GC(147) Archive regions: 2->2
[2024-10-12T10:37:28.271+0800][info] GC(147) Humongous regions: 3->3
[2024-10-12T10:37:28.271+0800][info] GC(147) Metaspace: 1588K(1792K)->1588K(1792K) NonClass: 1464K(1600K)->1464K(1600K) Class: 124K(192K)->124K(192K)
[2024-10-12T10:37:28.271+0800][info] GC(147) Pause Young (Mixed) (G1 Preventive Collection) 119M->110M(128M) 1.253ms
[2024-10-12T10:37:28.271+0800][info] GC(147) User=0.00s Sys=0.00s Real=0.00s
[2024-10-12T10:37:28.373+0800][info] GC(148) Pause Young (Mixed) (G1 Preventive Collection)
[2024-10-12T10:37:28.373+0800][info] GC(148) Using 3 workers of 48 for evacuation
[2024-10-12T10:37:28.375+0800][info] GC(148) To-space exhausted
[2024-10-12T10:37:28.375+0800][info] GC(148)   Pre Evacuate Collection Set: 0.1ms
[2024-10-12T10:37:28.375+0800][info] GC(148)   Merge Heap Roots: 0.0ms
[2024-10-12T10:37:28.375+0800][info] GC(148)   Evacuate Collection Set: 1.4ms
[2024-10-12T10:37:28.375+0800][info] GC(148)   Post Evacuate Collection Set: 0.2ms
[2024-10-12T10:37:28.375+0800][info] GC(148)   Other: 0.1ms
[2024-10-12T10:37:28.375+0800][info] GC(148) Eden regions: 2->0(2)
[2024-10-12T10:37:28.375+0800][info] GC(148) Survivor regions: 1->1(1)
[2024-10-12T10:37:28.375+0800][info] GC(148) Old regions: 51->52
[2024-10-12T10:37:28.375+0800][info] GC(148) Archive regions: 2->2
[2024-10-12T10:37:28.375+0800][info] GC(148) Humongous regions: 3->3
[2024-10-12T10:37:28.375+0800][info] GC(148) Metaspace: 1588K(1792K)->1588K(1792K) NonClass: 1464K(1600K)->1464K(1600K) Class: 124K(192K)->124K(192K)
[2024-10-12T10:37:28.375+0800][info] GC(148) Pause Young (Mixed) (G1 Preventive Collection) 114M->112M(128M) 2.048ms
[2024-10-12T10:37:28.375+0800][info] GC(148) User=0.00s Sys=0.01s Real=0.01s
[2024-10-12T10:37:28.436+0800][info] GC(149) Pause Young (Mixed) (G1 Preventive Collection)
[2024-10-12T10:37:28.436+0800][info] GC(149) Using 3 workers of 48 for evacuation
[2024-10-12T10:37:28.438+0800][info] GC(149)   Pre Evacuate Collection Set: 0.1ms
[2024-10-12T10:37:28.438+0800][info] GC(149)   Merge Heap Roots: 0.0ms
[2024-10-12T10:37:28.438+0800][info] GC(149)   Evacuate Collection Set: 1.0ms
[2024-10-12T10:37:28.438+0800][info] GC(149)   Post Evacuate Collection Set: 0.2ms
[2024-10-12T10:37:28.438+0800][info] GC(149)   Other: 0.1ms
[2024-10-12T10:37:28.438+0800][info] GC(149) Eden regions: 1->0(2)
[2024-10-12T10:37:28.438+0800][info] GC(149) Survivor regions: 1->1(1)
[2024-10-12T10:37:28.438+0800][info] GC(149) Old regions: 52->52
[2024-10-12T10:37:28.438+0800][info] GC(149) Archive regions: 2->2
[2024-10-12T10:37:28.438+0800][info] GC(149) Humongous regions: 3->3
[2024-10-12T10:37:28.438+0800][info] GC(149) Metaspace: 1588K(1792K)->1588K(1792K) NonClass: 1464K(1600K)->1464K(1600K) Class: 124K(192K)->124K(192K)
[2024-10-12T10:37:28.438+0800][info] GC(149) Pause Young (Mixed) (G1 Preventive Collection) 114M->111M(128M) 1.598ms
[2024-10-12T10:37:28.438+0800][info] GC(149) User=0.00s Sys=0.00s Real=0.00s
[2024-10-12T10:37:28.541+0800][info] GC(150) Pause Young (Concurrent Start) (G1 Preventive Collection)
[2024-10-12T10:37:28.541+0800][info] GC(150) Using 3 workers of 48 for evacuation
[2024-10-12T10:37:28.542+0800][info] GC(150)   Pre Evacuate Collection Set: 0.1ms
[2024-10-12T10:37:28.542+0800][info] GC(150)   Merge Heap Roots: 0.0ms
[2024-10-12T10:37:28.542+0800][info] GC(150)   Evacuate Collection Set: 0.9ms
[2024-10-12T10:37:28.542+0800][info] GC(150)   Post Evacuate Collection Set: 0.2ms
[2024-10-12T10:37:28.542+0800][info] GC(150)   Other: 0.4ms
[2024-10-12T10:37:28.542+0800][info] GC(150) Eden regions: 2->0(2)
[2024-10-12T10:37:28.542+0800][info] GC(150) Survivor regions: 1->1(1)
[2024-10-12T10:37:28.542+0800][info] GC(150) Old regions: 52->54
[2024-10-12T10:37:28.542+0800][info] GC(150) Archive regions: 2->2
[2024-10-12T10:37:28.542+0800][info] GC(150) Humongous regions: 3->3
[2024-10-12T10:37:28.542+0800][info] GC(150) Metaspace: 1615K(1792K)->1615K(1792K) NonClass: 1491K(1600K)->1491K(1600K) Class: 124K(192K)->124K(192K)
[2024-10-12T10:37:28.542+0800][info] GC(150) Pause Young (Concurrent Start) (G1 Preventive Collection) 114M->115M(128M) 1.735ms
[2024-10-12T10:37:28.542+0800][info] GC(150) User=0.00s Sys=0.00s Real=0.00s
[2024-10-12T10:37:28.542+0800][info] GC(151) Concurrent Mark Cycle
[2024-10-12T10:37:28.542+0800][info] GC(151) Concurrent Clear Claimed Marks
[2024-10-12T10:37:28.542+0800][info] GC(151) Concurrent Clear Claimed Marks 0.017ms
[2024-10-12T10:37:28.542+0800][info] GC(151) Concurrent Scan Root Regions
[2024-10-12T10:37:28.543+0800][info] GC(151) Concurrent Scan Root Regions 0.107ms
[2024-10-12T10:37:28.543+0800][info] GC(151) Concurrent Mark
[2024-10-12T10:37:28.543+0800][info] GC(151) Concurrent Mark From Roots
[2024-10-12T10:37:28.543+0800][info] GC(151) Using 12 workers of 12 for marking
[2024-10-12T10:37:28.546+0800][info] GC(151) Concurrent Mark From Roots 3.593ms
[2024-10-12T10:37:28.546+0800][info] GC(151) Concurrent Preclean
[2024-10-12T10:37:28.547+0800][info] GC(151) Concurrent Preclean 1.104ms
[2024-10-12T10:37:28.547+0800][info] GC(151) Pause Remark
[2024-10-12T10:37:28.549+0800][info] GC(151) Pause Remark 116M->110M(128M) 1.430ms
[2024-10-12T10:37:28.549+0800][info] GC(151) User=0.01s Sys=0.00s Real=0.00s
[2024-10-12T10:37:28.549+0800][info] GC(151) Concurrent Mark 6.310ms
[2024-10-12T10:37:28.549+0800][info] GC(151) Concurrent Rebuild Remembered Sets
[2024-10-12T10:37:28.550+0800][info] GC(151) Concurrent Rebuild Remembered Sets 1.206ms
[2024-10-12T10:37:28.550+0800][info] GC(151) Pause Cleanup
[2024-10-12T10:37:28.550+0800][info] GC(151) Pause Cleanup 110M->110M(128M) 0.283ms
[2024-10-12T10:37:28.550+0800][info] GC(151) User=0.00s Sys=0.00s Real=0.00s
[2024-10-12T10:37:28.551+0800][info] GC(151) Concurrent Cleanup for Next Mark
[2024-10-12T10:37:28.551+0800][info] GC(151) Concurrent Cleanup for Next Mark 0.376ms
[2024-10-12T10:37:28.551+0800][info] GC(151) Concurrent Mark Cycle 8.567ms
[2024-10-12T10:37:28.696+0800][info] GC(152) Pause Young (Prepare Mixed) (G1 Evacuation Pause)
[2024-10-12T10:37:28.696+0800][info] GC(152) Using 3 workers of 48 for evacuation
[2024-10-12T10:37:28.698+0800][info] GC(152)   Pre Evacuate Collection Set: 0.1ms
[2024-10-12T10:37:28.698+0800][info] GC(152)   Merge Heap Roots: 0.1ms
[2024-10-12T10:37:28.698+0800][info] GC(152)   Evacuate Collection Set: 0.8ms
[2024-10-12T10:37:28.698+0800][info] GC(152)   Post Evacuate Collection Set: 0.2ms
[2024-10-12T10:37:28.698+0800][info] GC(152)   Other: 0.2ms
[2024-10-12T10:37:28.698+0800][info] GC(152) Eden regions: 2->0(2)
[2024-10-12T10:37:28.698+0800][info] GC(152) Survivor regions: 1->1(1)
[2024-10-12T10:37:28.698+0800][info] GC(152) Old regions: 51->53
[2024-10-12T10:37:28.698+0800][info] GC(152) Archive regions: 2->2
[2024-10-12T10:37:28.698+0800][info] GC(152) Humongous regions: 3->3
[2024-10-12T10:37:28.698+0800][info] GC(152) Metaspace: 1615K(1792K)->1615K(1792K) NonClass: 1491K(1600K)->1491K(1600K) Class: 124K(192K)->124K(192K)
[2024-10-12T10:37:28.698+0800][info] GC(152) Pause Young (Prepare Mixed) (G1 Evacuation Pause) 113M->113M(128M) 1.544ms
[2024-10-12T10:37:28.698+0800][info] GC(152) User=0.00s Sys=0.00s Real=0.00s
[2024-10-12T10:37:28.759+0800][info] GC(153) Pause Young (Mixed) (G1 Preventive Collection)
[2024-10-12T10:37:28.760+0800][info] GC(153) Using 3 workers of 48 for evacuation
[2024-10-12T10:37:28.761+0800][info] GC(153)   Pre Evacuate Collection Set: 0.1ms
[2024-10-12T10:37:28.761+0800][info] GC(153)   Merge Heap Roots: 0.1ms
[2024-10-12T10:37:28.761+0800][info] GC(153)   Evacuate Collection Set: 1.2ms
[2024-10-12T10:37:28.761+0800][info] GC(153)   Post Evacuate Collection Set: 0.2ms
[2024-10-12T10:37:28.761+0800][info] GC(153)   Other: 0.2ms
[2024-10-12T10:37:28.761+0800][info] GC(153) Eden regions: 1->0(2)
[2024-10-12T10:37:28.761+0800][info] GC(153) Survivor regions: 1->1(1)
[2024-10-12T10:37:28.761+0800][info] GC(153) Old regions: 53->48
[2024-10-12T10:37:28.761+0800][info] GC(153) Archive regions: 2->2
[2024-10-12T10:37:28.761+0800][info] GC(153) Humongous regions: 3->3
[2024-10-12T10:37:28.761+0800][info] GC(153) Metaspace: 1615K(1792K)->1615K(1792K) NonClass: 1491K(1600K)->1491K(1600K) Class: 124K(192K)->124K(192K)
[2024-10-12T10:37:28.761+0800][info] GC(153) Pause Young (Mixed) (G1 Preventive Collection) 115M->104M(128M) 1.907ms
[2024-10-12T10:37:28.761+0800][info] GC(153) User=0.00s Sys=0.00s Real=0.00s
[2024-10-12T10:37:28.864+0800][info] GC(154) Pause Young (Mixed) (G1 Evacuation Pause)
[2024-10-12T10:37:28.864+0800][info] GC(154) Using 3 workers of 48 for evacuation
[2024-10-12T10:37:28.866+0800][info] GC(154)   Pre Evacuate Collection Set: 0.2ms
[2024-10-12T10:37:28.866+0800][info] GC(154)   Merge Heap Roots: 0.1ms
[2024-10-12T10:37:28.866+0800][info] GC(154)   Evacuate Collection Set: 1.9ms
[2024-10-12T10:37:28.866+0800][info] GC(154)   Post Evacuate Collection Set: 0.2ms
[2024-10-12T10:37:28.866+0800][info] GC(154)   Other: 0.2ms
[2024-10-12T10:37:28.866+0800][info] GC(154) Eden regions: 2->0(2)
[2024-10-12T10:37:28.866+0800][info] GC(154) Survivor regions: 1->1(1)
[2024-10-12T10:37:28.866+0800][info] GC(154) Old regions: 48->47
[2024-10-12T10:37:28.866+0800][info] GC(154) Archive regions: 2->2
[2024-10-12T10:37:28.866+0800][info] GC(154) Humongous regions: 3->3
[2024-10-12T10:37:28.866+0800][info] GC(154) Metaspace: 1615K(1792K)->1615K(1792K) NonClass: 1491K(1600K)->1491K(1600K) Class: 124K(192K)->124K(192K)
[2024-10-12T10:37:28.866+0800][info] GC(154) Pause Young (Mixed) (G1 Evacuation Pause) 108M->101M(128M) 2.622ms
[2024-10-12T10:37:28.866+0800][info] GC(154) User=0.01s Sys=0.00s Real=0.01s
[2024-10-12T10:37:28.969+0800][info] GC(155) Pause Young (Normal) (G1 Evacuation Pause)
[2024-10-12T10:37:28.969+0800][info] GC(155) Using 3 workers of 48 for evacuation
[2024-10-12T10:37:28.971+0800][info] GC(155)   Pre Evacuate Collection Set: 0.1ms
[2024-10-12T10:37:28.971+0800][info] GC(155)   Merge Heap Roots: 0.0ms
[2024-10-12T10:37:28.971+0800][info] GC(155)   Evacuate Collection Set: 0.8ms
[2024-10-12T10:37:28.971+0800][info] GC(155)   Post Evacuate Collection Set: 0.2ms
[2024-10-12T10:37:28.971+0800][info] GC(155)   Other: 0.2ms
[2024-10-12T10:37:28.971+0800][info] GC(155) Eden regions: 2->0(2)
[2024-10-12T10:37:28.971+0800][info] GC(155) Survivor regions: 1->1(1)
[2024-10-12T10:37:28.971+0800][info] GC(155) Old regions: 47->49
[2024-10-12T10:37:28.971+0800][info] GC(155) Archive regions: 2->2
[2024-10-12T10:37:28.971+0800][info] GC(155) Humongous regions: 4->3
[2024-10-12T10:37:28.971+0800][info] GC(155) Metaspace: 1615K(1792K)->1615K(1792K) NonClass: 1491K(1600K)->1491K(1600K) Class: 124K(192K)->124K(192K)
[2024-10-12T10:37:28.971+0800][info] GC(155) Pause Young (Normal) (G1 Evacuation Pause) 106M->105M(128M) 1.421ms
[2024-10-12T10:37:28.971+0800][info] GC(155) User=0.01s Sys=0.00s Real=0.00s
[2024-10-12T10:37:29.073+0800][info] GC(156) Pause Young (Normal) (G1 Evacuation Pause)
[2024-10-12T10:37:29.073+0800][info] GC(156) Using 3 workers of 48 for evacuation
[2024-10-12T10:37:29.074+0800][info] GC(156)   Pre Evacuate Collection Set: 0.1ms
[2024-10-12T10:37:29.074+0800][info] GC(156)   Merge Heap Roots: 0.0ms
[2024-10-12T10:37:29.074+0800][info] GC(156)   Evacuate Collection Set: 0.7ms
[2024-10-12T10:37:29.074+0800][info] GC(156)   Post Evacuate Collection Set: 0.2ms
[2024-10-12T10:37:29.074+0800][info] GC(156)   Other: 0.2ms
[2024-10-12T10:37:29.074+0800][info] GC(156) Eden regions: 2->0(2)
[2024-10-12T10:37:29.074+0800][info] GC(156) Survivor regions: 1->1(1)
[2024-10-12T10:37:29.074+0800][info] GC(156) Old regions: 49->51
[2024-10-12T10:37:29.074+0800][info] GC(156) Archive regions: 2->2
[2024-10-12T10:37:29.074+0800][info] GC(156) Humongous regions: 3->3
[2024-10-12T10:37:29.074+0800][info] GC(156) Metaspace: 1615K(1792K)->1615K(1792K) NonClass: 1491K(1600K)->1491K(1600K) Class: 124K(192K)->124K(192K)
[2024-10-12T10:37:29.074+0800][info] GC(156) Pause Young (Normal) (G1 Evacuation Pause) 108M->109M(128M) 1.407ms
[2024-10-12T10:37:29.074+0800][info] GC(156) User=0.00s Sys=0.00s Real=0.01s
[2024-10-12T10:37:29.177+0800][info] GC(157) Pause Young (Concurrent Start) (G1 Evacuation Pause)
[2024-10-12T10:37:29.177+0800][info] GC(157) Using 3 workers of 48 for evacuation
[2024-10-12T10:37:29.178+0800][info] GC(157)   Pre Evacuate Collection Set: 0.1ms
[2024-10-12T10:37:29.178+0800][info] GC(157)   Merge Heap Roots: 0.1ms
[2024-10-12T10:37:29.178+0800][info] GC(157)   Evacuate Collection Set: 0.7ms
[2024-10-12T10:37:29.178+0800][info] GC(157)   Post Evacuate Collection Set: 0.2ms
[2024-10-12T10:37:29.178+0800][info] GC(157)   Other: 0.4ms
[2024-10-12T10:37:29.178+0800][info] GC(157) Eden regions: 2->0(2)
[2024-10-12T10:37:29.178+0800][info] GC(157) Survivor regions: 1->1(1)
[2024-10-12T10:37:29.178+0800][info] GC(157) Old regions: 51->52
[2024-10-12T10:37:29.178+0800][info] GC(157) Archive regions: 2->2
[2024-10-12T10:37:29.178+0800][info] GC(157) Humongous regions: 3->3
[2024-10-12T10:37:29.178+0800][info] GC(157) Metaspace: 1615K(1792K)->1615K(1792K) NonClass: 1491K(1600K)->1491K(1600K) Class: 124K(192K)->124K(192K)
[2024-10-12T10:37:29.178+0800][info] GC(157) Pause Young (Concurrent Start) (G1 Evacuation Pause) 112M->112M(128M) 1.527ms
[2024-10-12T10:37:29.178+0800][info] GC(157) User=0.01s Sys=0.00s Real=0.00s
[2024-10-12T10:37:29.178+0800][info] GC(158) Concurrent Mark Cycle
[2024-10-12T10:37:29.178+0800][info] GC(158) Concurrent Clear Claimed Marks
[2024-10-12T10:37:29.178+0800][info] GC(158) Concurrent Clear Claimed Marks 0.017ms
[2024-10-12T10:37:29.178+0800][info] GC(158) Concurrent Scan Root Regions
[2024-10-12T10:37:29.179+0800][info] GC(158) Concurrent Scan Root Regions 0.099ms
[2024-10-12T10:37:29.179+0800][info] GC(158) Concurrent Mark
[2024-10-12T10:37:29.179+0800][info] GC(158) Concurrent Mark From Roots
[2024-10-12T10:37:29.179+0800][info] GC(158) Using 12 workers of 12 for marking
[2024-10-12T10:37:29.182+0800][info] GC(158) Concurrent Mark From Roots 3.399ms
[2024-10-12T10:37:29.182+0800][info] GC(158) Concurrent Preclean
[2024-10-12T10:37:29.184+0800][info] GC(158) Concurrent Preclean 1.695ms
[2024-10-12T10:37:29.184+0800][info] GC(158) Pause Remark
[2024-10-12T10:37:29.185+0800][info] GC(158) Pause Remark 112M->112M(128M) 1.265ms
[2024-10-12T10:37:29.185+0800][info] GC(158) User=0.00s Sys=0.00s Real=0.01s
[2024-10-12T10:37:29.185+0800][info] GC(158) Concurrent Mark 6.556ms
[2024-10-12T10:37:29.185+0800][info] GC(158) Concurrent Rebuild Remembered Sets
[2024-10-12T10:37:29.186+0800][info] GC(158) Concurrent Rebuild Remembered Sets 1.271ms
[2024-10-12T10:37:29.187+0800][info] GC(158) Pause Cleanup
[2024-10-12T10:37:29.187+0800][info] GC(158) Pause Cleanup 112M->112M(128M) 0.230ms
[2024-10-12T10:37:29.187+0800][info] GC(158) User=0.00s Sys=0.00s Real=0.00s
[2024-10-12T10:37:29.187+0800][info] GC(158) Concurrent Cleanup for Next Mark
[2024-10-12T10:37:29.187+0800][info] GC(158) Concurrent Cleanup for Next Mark 0.390ms
[2024-10-12T10:37:29.187+0800][info] GC(158) Concurrent Mark Cycle 8.902ms
[2024-10-12T10:37:29.332+0800][info] GC(159) Pause Young (Prepare Mixed) (G1 Preventive Collection)
[2024-10-12T10:37:29.332+0800][info] GC(159) Using 3 workers of 48 for evacuation
[2024-10-12T10:37:29.333+0800][info] GC(159)   Pre Evacuate Collection Set: 0.1ms
[2024-10-12T10:37:29.333+0800][info] GC(159)   Merge Heap Roots: 0.1ms
[2024-10-12T10:37:29.333+0800][info] GC(159)   Evacuate Collection Set: 0.9ms
[2024-10-12T10:37:29.333+0800][info] GC(159)   Post Evacuate Collection Set: 0.2ms
[2024-10-12T10:37:29.333+0800][info] GC(159)   Other: 0.2ms
[2024-10-12T10:37:29.333+0800][info] GC(159) Eden regions: 2->0(2)
[2024-10-12T10:37:29.333+0800][info] GC(159) Survivor regions: 1->1(1)
[2024-10-12T10:37:29.333+0800][info] GC(159) Old regions: 52->54
[2024-10-12T10:37:29.333+0800][info] GC(159) Archive regions: 2->2
[2024-10-12T10:37:29.333+0800][info] GC(159) Humongous regions: 3->3
[2024-10-12T10:37:29.333+0800][info] GC(159) Metaspace: 1615K(1792K)->1615K(1792K) NonClass: 1491K(1600K)->1491K(1600K) Class: 124K(192K)->124K(192K)
[2024-10-12T10:37:29.333+0800][info] GC(159) Pause Young (Prepare Mixed) (G1 Preventive Collection) 115M->116M(128M) 1.634ms
[2024-10-12T10:37:29.333+0800][info] GC(159) User=0.00s Sys=0.00s Real=0.01s
[2024-10-12T10:37:29.395+0800][info] GC(160) Pause Young (Mixed) (G1 Preventive Collection)
[2024-10-12T10:37:29.395+0800][info] GC(160) Using 3 workers of 48 for evacuation
[2024-10-12T10:37:29.397+0800][info] GC(160) To-space exhausted
[2024-10-12T10:37:29.397+0800][info] GC(160)   Pre Evacuate Collection Set: 0.2ms
[2024-10-12T10:37:29.397+0800][info] GC(160)   Merge Heap Roots: 0.1ms
[2024-10-12T10:37:29.397+0800][info] GC(160)   Evacuate Collection Set: 0.9ms
[2024-10-12T10:37:29.397+0800][info] GC(160)   Post Evacuate Collection Set: 0.2ms
[2024-10-12T10:37:29.397+0800][info] GC(160)   Other: 0.2ms
[2024-10-12T10:37:29.397+0800][info] GC(160) Eden regions: 1->0(2)
[2024-10-12T10:37:29.397+0800][info] GC(160) Survivor regions: 1->1(1)
[2024-10-12T10:37:29.397+0800][info] GC(160) Old regions: 54->50
[2024-10-12T10:37:29.397+0800][info] GC(160) Archive regions: 2->2
[2024-10-12T10:37:29.397+0800][info] GC(160) Humongous regions: 3->3
[2024-10-12T10:37:29.397+0800][info] GC(160) Metaspace: 1615K(1792K)->1615K(1792K) NonClass: 1491K(1600K)->1491K(1600K) Class: 124K(192K)->124K(192K)
[2024-10-12T10:37:29.397+0800][info] GC(160) Pause Young (Mixed) (G1 Preventive Collection) 117M->108M(128M) 1.749ms
[2024-10-12T10:37:29.397+0800][info] GC(160) User=0.01s Sys=0.00s Real=0.00s
[2024-10-12T10:37:29.499+0800][info] GC(161) Pause Young (Mixed) (G1 Preventive Collection)
[2024-10-12T10:37:29.499+0800][info] GC(161) Using 3 workers of 48 for evacuation
[2024-10-12T10:37:29.501+0800][info] GC(161) To-space exhausted
[2024-10-12T10:37:29.501+0800][info] GC(161)   Pre Evacuate Collection Set: 0.2ms
[2024-10-12T10:37:29.501+0800][info] GC(161)   Merge Heap Roots: 0.1ms
[2024-10-12T10:37:29.501+0800][info] GC(161)   Evacuate Collection Set: 1.5ms
[2024-10-12T10:37:29.501+0800][info] GC(161)   Post Evacuate Collection Set: 0.2ms
[2024-10-12T10:37:29.501+0800][info] GC(161)   Other: 0.2ms
[2024-10-12T10:37:29.501+0800][info] GC(161) Eden regions: 2->0(2)
[2024-10-12T10:37:29.501+0800][info] GC(161) Survivor regions: 1->1(1)
[2024-10-12T10:37:29.501+0800][info] GC(161) Old regions: 50->52
[2024-10-12T10:37:29.501+0800][info] GC(161) Archive regions: 2->2
[2024-10-12T10:37:29.501+0800][info] GC(161) Humongous regions: 3->3
[2024-10-12T10:37:29.501+0800][info] GC(161) Metaspace: 1615K(1792K)->1615K(1792K) NonClass: 1491K(1600K)->1491K(1600K) Class: 124K(192K)->124K(192K)
[2024-10-12T10:37:29.501+0800][info] GC(161) Pause Young (Mixed) (G1 Preventive Collection) 112M->112M(128M) 2.259ms
[2024-10-12T10:37:29.501+0800][info] GC(161) User=0.00s Sys=0.00s Real=0.00s
[2024-10-12T10:37:29.563+0800][info] GC(162) Pause Young (Mixed) (G1 Preventive Collection)
[2024-10-12T10:37:29.563+0800][info] GC(162) Using 3 workers of 48 for evacuation
[2024-10-12T10:37:29.564+0800][info] GC(162)   Pre Evacuate Collection Set: 0.2ms
[2024-10-12T10:37:29.564+0800][info] GC(162)   Merge Heap Roots: 0.1ms
[2024-10-12T10:37:29.564+0800][info] GC(162)   Evacuate Collection Set: 0.9ms
[2024-10-12T10:37:29.564+0800][info] GC(162)   Post Evacuate Collection Set: 0.2ms
[2024-10-12T10:37:29.564+0800][info] GC(162)   Other: 0.2ms
[2024-10-12T10:37:29.564+0800][info] GC(162) Eden regions: 1->0(2)
[2024-10-12T10:37:29.564+0800][info] GC(162) Survivor regions: 1->1(1)
[2024-10-12T10:37:29.564+0800][info] GC(162) Old regions: 52->52
[2024-10-12T10:37:29.564+0800][info] GC(162) Archive regions: 2->2
[2024-10-12T10:37:29.564+0800][info] GC(162) Humongous regions: 3->3
[2024-10-12T10:37:29.564+0800][info] GC(162) Metaspace: 1615K(1792K)->1615K(1792K) NonClass: 1491K(1600K)->1491K(1600K) Class: 124K(192K)->124K(192K)
[2024-10-12T10:37:29.564+0800][info] GC(162) Pause Young (Mixed) (G1 Preventive Collection) 114M->111M(128M) 1.602ms
[2024-10-12T10:37:29.564+0800][info] GC(162) User=0.01s Sys=0.00s Real=0.00s
[2024-10-12T10:37:29.667+0800][info] GC(163) Pause Young (Concurrent Start) (G1 Preventive Collection)
[2024-10-12T10:37:29.667+0800][info] GC(163) Using 3 workers of 48 for evacuation
[2024-10-12T10:37:29.668+0800][info] GC(163)   Pre Evacuate Collection Set: 0.1ms
[2024-10-12T10:37:29.668+0800][info] GC(163)   Merge Heap Roots: 0.0ms
[2024-10-12T10:37:29.668+0800][info] GC(163)   Evacuate Collection Set: 0.7ms
[2024-10-12T10:37:29.668+0800][info] GC(163)   Post Evacuate Collection Set: 0.2ms
[2024-10-12T10:37:29.668+0800][info] GC(163)   Other: 0.4ms
[2024-10-12T10:37:29.668+0800][info] GC(163) Eden regions: 2->0(2)
[2024-10-12T10:37:29.668+0800][info] GC(163) Survivor regions: 1->1(1)
[2024-10-12T10:37:29.668+0800][info] GC(163) Old regions: 52->54
[2024-10-12T10:37:29.668+0800][info] GC(163) Archive regions: 2->2
[2024-10-12T10:37:29.668+0800][info] GC(163) Humongous regions: 3->3
[2024-10-12T10:37:29.668+0800][info] GC(163) Metaspace: 1615K(1792K)->1615K(1792K) NonClass: 1491K(1600K)->1491K(1600K) Class: 124K(192K)->124K(192K)
[2024-10-12T10:37:29.668+0800][info] GC(163) Pause Young (Concurrent Start) (G1 Preventive Collection) 115M->115M(128M) 1.546ms
[2024-10-12T10:37:29.668+0800][info] GC(163) User=0.00s Sys=0.00s Real=0.00s
[2024-10-12T10:37:29.669+0800][info] GC(164) Concurrent Mark Cycle
[2024-10-12T10:37:29.669+0800][info] GC(164) Concurrent Clear Claimed Marks
[2024-10-12T10:37:29.669+0800][info] GC(164) Concurrent Clear Claimed Marks 0.017ms
[2024-10-12T10:37:29.669+0800][info] GC(164) Concurrent Scan Root Regions
[2024-10-12T10:37:29.669+0800][info] GC(164) Concurrent Scan Root Regions 0.154ms
[2024-10-12T10:37:29.669+0800][info] GC(164) Concurrent Mark
[2024-10-12T10:37:29.669+0800][info] GC(164) Concurrent Mark From Roots
[2024-10-12T10:37:29.669+0800][info] GC(164) Using 12 workers of 12 for marking
[2024-10-12T10:37:29.672+0800][info] GC(164) Concurrent Mark From Roots 3.374ms
[2024-10-12T10:37:29.672+0800][info] GC(164) Concurrent Preclean
[2024-10-12T10:37:29.674+0800][info] GC(164) Concurrent Preclean 1.733ms
[2024-10-12T10:37:29.674+0800][info] GC(164) Pause Remark
[2024-10-12T10:37:29.676+0800][info] GC(164) Pause Remark 116M->116M(128M) 1.443ms
[2024-10-12T10:37:29.676+0800][info] GC(164) User=0.01s Sys=0.00s Real=0.00s
[2024-10-12T10:37:29.676+0800][info] GC(164) Concurrent Mark 6.873ms
[2024-10-12T10:37:29.676+0800][info] GC(164) Concurrent Rebuild Remembered Sets
[2024-10-12T10:37:29.677+0800][info] GC(164) Concurrent Rebuild Remembered Sets 1.284ms
[2024-10-12T10:37:29.677+0800][info] GC(164) Pause Cleanup
[2024-10-12T10:37:29.677+0800][info] GC(164) Pause Cleanup 116M->116M(128M) 0.225ms
[2024-10-12T10:37:29.677+0800][info] GC(164) User=0.00s Sys=0.00s Real=0.00s
[2024-10-12T10:37:29.677+0800][info] GC(164) Concurrent Cleanup for Next Mark
[2024-10-12T10:37:29.678+0800][info] GC(164) Concurrent Cleanup for Next Mark 0.391ms
[2024-10-12T10:37:29.678+0800][info] GC(164) Concurrent Mark Cycle 9.314ms
[2024-10-12T10:37:29.781+0800][info] GC(165) Pause Young (Prepare Mixed) (G1 Preventive Collection)
[2024-10-12T10:37:29.781+0800][info] GC(165) Using 3 workers of 48 for evacuation
[2024-10-12T10:37:29.782+0800][info] GC(165)   Pre Evacuate Collection Set: 0.1ms
[2024-10-12T10:37:29.782+0800][info] GC(165)   Merge Heap Roots: 0.1ms
[2024-10-12T10:37:29.782+0800][info] GC(165)   Evacuate Collection Set: 0.7ms
[2024-10-12T10:37:29.782+0800][info] GC(165)   Post Evacuate Collection Set: 0.2ms
[2024-10-12T10:37:29.782+0800][info] GC(165)   Other: 0.3ms
[2024-10-12T10:37:29.782+0800][info] GC(165) Eden regions: 1->0(2)
[2024-10-12T10:37:29.782+0800][info] GC(165) Survivor regions: 1->1(1)
[2024-10-12T10:37:29.782+0800][info] GC(165) Old regions: 54->55
[2024-10-12T10:37:29.782+0800][info] GC(165) Archive regions: 2->2
[2024-10-12T10:37:29.782+0800][info] GC(165) Humongous regions: 3->3
[2024-10-12T10:37:29.782+0800][info] GC(165) Metaspace: 1617K(1792K)->1617K(1792K) NonClass: 1493K(1600K)->1493K(1600K) Class: 124K(192K)->124K(192K)
[2024-10-12T10:37:29.782+0800][info] GC(165) Pause Young (Prepare Mixed) (G1 Preventive Collection) 117M->117M(128M) 1.454ms
[2024-10-12T10:37:29.782+0800][info] GC(165) User=0.01s Sys=0.00s Real=0.00s
[2024-10-12T10:37:29.824+0800][info] GC(166) Pause Young (Mixed) (G1 Preventive Collection)
[2024-10-12T10:37:29.824+0800][info] GC(166) Using 3 workers of 48 for evacuation
[2024-10-12T10:37:29.825+0800][info] GC(166) To-space exhausted
[2024-10-12T10:37:29.825+0800][info] GC(166)   Pre Evacuate Collection Set: 0.2ms
[2024-10-12T10:37:29.825+0800][info] GC(166)   Merge Heap Roots: 0.1ms
[2024-10-12T10:37:29.825+0800][info] GC(166)   Evacuate Collection Set: 0.7ms
[2024-10-12T10:37:29.825+0800][info] GC(166)   Post Evacuate Collection Set: 0.3ms
[2024-10-12T10:37:29.825+0800][info] GC(166)   Other: 0.2ms
[2024-10-12T10:37:29.825+0800][info] GC(166) Eden regions: 1->0(2)
[2024-10-12T10:37:29.825+0800][info] GC(166) Survivor regions: 1->1(1)
[2024-10-12T10:37:29.825+0800][info] GC(166) Old regions: 55->55
[2024-10-12T10:37:29.825+0800][info] GC(166) Archive regions: 2->2
[2024-10-12T10:37:29.825+0800][info] GC(166) Humongous regions: 3->3
[2024-10-12T10:37:29.825+0800][info] GC(166) Metaspace: 1617K(1792K)->1617K(1792K) NonClass: 1493K(1600K)->1493K(1600K) Class: 124K(192K)->124K(192K)
[2024-10-12T10:37:29.825+0800][info] GC(166) Pause Young (Mixed) (G1 Preventive Collection) 119M->118M(128M) 1.539ms
[2024-10-12T10:37:29.825+0800][info] GC(166) User=0.01s Sys=0.00s Real=0.01s
[2024-10-12T10:37:29.887+0800][info] GC(167) Pause Young (Mixed) (G1 Preventive Collection)
[2024-10-12T10:37:29.887+0800][info] GC(167) Using 3 workers of 48 for evacuation
[2024-10-12T10:37:29.888+0800][info] GC(167) To-space exhausted
[2024-10-12T10:37:29.888+0800][info] GC(167)   Pre Evacuate Collection Set: 0.2ms
[2024-10-12T10:37:29.888+0800][info] GC(167)   Merge Heap Roots: 0.0ms
[2024-10-12T10:37:29.888+0800][info] GC(167)   Evacuate Collection Set: 0.7ms
[2024-10-12T10:37:29.888+0800][info] GC(167)   Post Evacuate Collection Set: 0.3ms
[2024-10-12T10:37:29.888+0800][info] GC(167)   Other: 0.2ms
[2024-10-12T10:37:29.888+0800][info] GC(167) Eden regions: 1->0(2)
[2024-10-12T10:37:29.888+0800][info] GC(167) Survivor regions: 1->1(1)
[2024-10-12T10:37:29.888+0800][info] GC(167) Old regions: 55->57
[2024-10-12T10:37:29.888+0800][info] GC(167) Archive regions: 2->2
[2024-10-12T10:37:29.888+0800][info] GC(167) Humongous regions: 3->3
[2024-10-12T10:37:29.888+0800][info] GC(167) Metaspace: 1617K(1792K)->1617K(1792K) NonClass: 1493K(1600K)->1493K(1600K) Class: 124K(192K)->124K(192K)
[2024-10-12T10:37:29.888+0800][info] GC(167) Pause Young (Mixed) (G1 Preventive Collection) 120M->121M(128M) 1.458ms
[2024-10-12T10:37:29.888+0800][info] GC(167) User=0.00s Sys=0.00s Real=0.00s
[2024-10-12T10:37:29.929+0800][info] GC(168) Pause Young (Mixed) (G1 Evacuation Pause)
[2024-10-12T10:37:29.929+0800][info] GC(168) Using 3 workers of 48 for evacuation
[2024-10-12T10:37:29.930+0800][info] GC(168) To-space exhausted
[2024-10-12T10:37:29.930+0800][info] GC(168)   Pre Evacuate Collection Set: 0.1ms
[2024-10-12T10:37:29.930+0800][info] GC(168)   Merge Heap Roots: 0.1ms
[2024-10-12T10:37:29.930+0800][info] GC(168)   Evacuate Collection Set: 0.4ms
[2024-10-12T10:37:29.930+0800][info] GC(168)   Post Evacuate Collection Set: 0.3ms
[2024-10-12T10:37:29.930+0800][info] GC(168)   Other: 0.1ms
[2024-10-12T10:37:29.930+0800][info] GC(168) Eden regions: 1->0(3)
[2024-10-12T10:37:29.930+0800][info] GC(168) Survivor regions: 1->0(0)
[2024-10-12T10:37:29.930+0800][info] GC(168) Old regions: 57->59
[2024-10-12T10:37:29.930+0800][info] GC(168) Archive regions: 2->2
[2024-10-12T10:37:29.930+0800][info] GC(168) Humongous regions: 3->3
[2024-10-12T10:37:29.930+0800][info] GC(168) Metaspace: 1617K(1792K)->1617K(1792K) NonClass: 1493K(1600K)->1493K(1600K) Class: 124K(192K)->124K(192K)
[2024-10-12T10:37:29.931+0800][info] GC(168) Pause Young (Mixed) (G1 Evacuation Pause) 123M->123M(128M) 1.177ms
[2024-10-12T10:37:29.931+0800][info] GC(168) User=0.00s Sys=0.00s Real=0.00s
[2024-10-12T10:37:29.931+0800][info] Attempting full compaction
[2024-10-12T10:37:29.931+0800][info] GC(169) Using 3 workers of 48 for full compaction
[2024-10-12T10:37:29.931+0800][info] GC(169) Pause Full (G1 Compaction Pause)
[2024-10-12T10:37:29.931+0800][info] GC(169) Phase 1: Mark live objects
[2024-10-12T10:37:29.934+0800][info] GC(169) Phase 1: Mark live objects 3.184ms
[2024-10-12T10:37:29.934+0800][info] GC(169) Phase 2: Prepare for compaction
[2024-10-12T10:37:29.934+0800][info] GC(169) Phase 2: Prepare for compaction 0.537ms
[2024-10-12T10:37:29.934+0800][info] GC(169) Phase 3: Adjust pointers
[2024-10-12T10:37:29.936+0800][info] GC(169) Phase 3: Adjust pointers 1.479ms
[2024-10-12T10:37:29.936+0800][info] GC(169) Phase 4: Compact heap
[2024-10-12T10:37:29.948+0800][info] GC(169) Phase 4: Compact heap 12.211ms
[2024-10-12T10:37:29.950+0800][info] GC(169) Eden regions: 0->0(4)
[2024-10-12T10:37:29.950+0800][info] GC(169) Survivor regions: 0->0(0)
[2024-10-12T10:37:29.950+0800][info] GC(169) Old regions: 59->38
[2024-10-12T10:37:29.950+0800][info] GC(169) Archive regions: 2->2
[2024-10-12T10:37:29.950+0800][info] GC(169) Humongous regions: 3->3
[2024-10-12T10:37:29.950+0800][info] GC(169) Metaspace: 1617K(1792K)->1617K(1792K) NonClass: 1493K(1600K)->1493K(1600K) Class: 124K(192K)->124K(192K)
[2024-10-12T10:37:29.950+0800][info] GC(169) Pause Full (G1 Compaction Pause) 123M->72M(128M) 19.135ms
[2024-10-12T10:37:29.950+0800][info] GC(169) User=0.04s Sys=0.00s Real=0.02s
[2024-10-12T10:37:30.175+0800][info] GC(170) Pause Young (Normal) (G1 Evacuation Pause)
[2024-10-12T10:37:30.175+0800][info] GC(170) Using 3 workers of 48 for evacuation
[2024-10-12T10:37:30.177+0800][info] GC(170)   Pre Evacuate Collection Set: 0.1ms
[2024-10-12T10:37:30.177+0800][info] GC(170)   Merge Heap Roots: 0.0ms
[2024-10-12T10:37:30.177+0800][info] GC(170)   Evacuate Collection Set: 1.1ms
[2024-10-12T10:37:30.177+0800][info] GC(170)   Post Evacuate Collection Set: 0.2ms
[2024-10-12T10:37:30.177+0800][info] GC(170)   Other: 0.2ms
[2024-10-12T10:37:30.177+0800][info] GC(170) Eden regions: 4->0(2)
[2024-10-12T10:37:30.177+0800][info] GC(170) Survivor regions: 0->1(1)
[2024-10-12T10:37:30.177+0800][info] GC(170) Old regions: 38->41
[2024-10-12T10:37:30.177+0800][info] GC(170) Archive regions: 2->2
[2024-10-12T10:37:30.177+0800][info] GC(170) Humongous regions: 3->3
[2024-10-12T10:37:30.177+0800][info] GC(170) Metaspace: 1617K(1792K)->1617K(1792K) NonClass: 1493K(1600K)->1493K(1600K) Class: 124K(192K)->124K(192K)
[2024-10-12T10:37:30.177+0800][info] GC(170) Pause Young (Normal) (G1 Evacuation Pause) 80M->80M(128M) 1.785ms
[2024-10-12T10:37:30.177+0800][info] GC(170) User=0.01s Sys=0.00s Real=0.00s
[2024-10-12T10:37:30.279+0800][info] GC(171) Pause Young (Normal) (G1 Evacuation Pause)
[2024-10-12T10:37:30.279+0800][info] GC(171) Using 3 workers of 48 for evacuation
[2024-10-12T10:37:30.280+0800][info] GC(171)   Pre Evacuate Collection Set: 0.1ms
[2024-10-12T10:37:30.280+0800][info] GC(171)   Merge Heap Roots: 0.0ms
[2024-10-12T10:37:30.280+0800][info] GC(171)   Evacuate Collection Set: 0.8ms
[2024-10-12T10:37:30.280+0800][info] GC(171)   Post Evacuate Collection Set: 0.2ms
[2024-10-12T10:37:30.280+0800][info] GC(171)   Other: 0.2ms
[2024-10-12T10:37:30.280+0800][info] GC(171) Eden regions: 2->0(2)
[2024-10-12T10:37:30.280+0800][info] GC(171) Survivor regions: 1->1(1)
[2024-10-12T10:37:30.280+0800][info] GC(171) Old regions: 41->43
[2024-10-12T10:37:30.280+0800][info] GC(171) Archive regions: 2->2
[2024-10-12T10:37:30.280+0800][info] GC(171) Humongous regions: 3->3
[2024-10-12T10:37:30.280+0800][info] GC(171) Metaspace: 1617K(1792K)->1617K(1792K) NonClass: 1493K(1600K)->1493K(1600K) Class: 124K(192K)->124K(192K)
[2024-10-12T10:37:30.280+0800][info] GC(171) Pause Young (Normal) (G1 Evacuation Pause) 84M->84M(128M) 1.347ms
[2024-10-12T10:37:30.280+0800][info] GC(171) User=0.00s Sys=0.00s Real=0.00s
[2024-10-12T10:37:30.382+0800][info] GC(172) Pause Young (Normal) (G1 Evacuation Pause)
[2024-10-12T10:37:30.382+0800][info] GC(172) Using 3 workers of 48 for evacuation
[2024-10-12T10:37:30.383+0800][info] GC(172)   Pre Evacuate Collection Set: 0.1ms
[2024-10-12T10:37:30.383+0800][info] GC(172)   Merge Heap Roots: 0.0ms
[2024-10-12T10:37:30.383+0800][info] GC(172)   Evacuate Collection Set: 0.8ms
[2024-10-12T10:37:30.383+0800][info] GC(172)   Post Evacuate Collection Set: 0.2ms
[2024-10-12T10:37:30.383+0800][info] GC(172)   Other: 0.2ms
[2024-10-12T10:37:30.383+0800][info] GC(172) Eden regions: 2->0(2)
[2024-10-12T10:37:30.383+0800][info] GC(172) Survivor regions: 1->1(1)
[2024-10-12T10:37:30.383+0800][info] GC(172) Old regions: 43->45
[2024-10-12T10:37:30.383+0800][info] GC(172) Archive regions: 2->2
[2024-10-12T10:37:30.383+0800][info] GC(172) Humongous regions: 3->3
[2024-10-12T10:37:30.383+0800][info] GC(172) Metaspace: 1617K(1792K)->1617K(1792K) NonClass: 1493K(1600K)->1493K(1600K) Class: 124K(192K)->124K(192K)
[2024-10-12T10:37:30.383+0800][info] GC(172) Pause Young (Normal) (G1 Evacuation Pause) 88M->88M(128M) 1.385ms
[2024-10-12T10:37:30.383+0800][info] GC(172) User=0.00s Sys=0.00s Real=0.00s
[2024-10-12T10:37:30.485+0800][info] GC(173) Pause Young (Normal) (G1 Evacuation Pause)
[2024-10-12T10:37:30.485+0800][info] GC(173) Using 3 workers of 48 for evacuation
[2024-10-12T10:37:30.487+0800][info] GC(173)   Pre Evacuate Collection Set: 0.1ms
[2024-10-12T10:37:30.487+0800][info] GC(173)   Merge Heap Roots: 0.0ms
[2024-10-12T10:37:30.487+0800][info] GC(173)   Evacuate Collection Set: 0.7ms
[2024-10-12T10:37:30.487+0800][info] GC(173)   Post Evacuate Collection Set: 0.2ms
[2024-10-12T10:37:30.487+0800][info] GC(173)   Other: 0.2ms
[2024-10-12T10:37:30.487+0800][info] GC(173) Eden regions: 2->0(2)
[2024-10-12T10:37:30.487+0800][info] GC(173) Survivor regions: 1->1(1)
[2024-10-12T10:37:30.487+0800][info] GC(173) Old regions: 45->47
[2024-10-12T10:37:30.487+0800][info] GC(173) Archive regions: 2->2
[2024-10-12T10:37:30.487+0800][info] GC(173) Humongous regions: 3->3
[2024-10-12T10:37:30.487+0800][info] GC(173) Metaspace: 1617K(1792K)->1617K(1792K) NonClass: 1493K(1600K)->1493K(1600K) Class: 124K(192K)->124K(192K)
[2024-10-12T10:37:30.487+0800][info] GC(173) Pause Young (Normal) (G1 Evacuation Pause) 92M->92M(128M) 1.469ms
[2024-10-12T10:37:30.487+0800][info] GC(173) User=0.00s Sys=0.00s Real=0.00s
[2024-10-12T10:37:30.589+0800][info] GC(174) Pause Young (Concurrent Start) (G1 Evacuation Pause)
[2024-10-12T10:37:30.589+0800][info] GC(174) Using 3 workers of 48 for evacuation
[2024-10-12T10:37:30.591+0800][info] GC(174)   Pre Evacuate Collection Set: 0.1ms
[2024-10-12T10:37:30.591+0800][info] GC(174)   Merge Heap Roots: 0.0ms
[2024-10-12T10:37:30.591+0800][info] GC(174)   Evacuate Collection Set: 1.0ms
[2024-10-12T10:37:30.591+0800][info] GC(174)   Post Evacuate Collection Set: 0.2ms
[2024-10-12T10:37:30.591+0800][info] GC(174)   Other: 0.4ms
[2024-10-12T10:37:30.591+0800][info] GC(174) Eden regions: 2->0(2)
[2024-10-12T10:37:30.591+0800][info] GC(174) Survivor regions: 1->1(1)
[2024-10-12T10:37:30.591+0800][info] GC(174) Old regions: 47->49
[2024-10-12T10:37:30.591+0800][info] GC(174) Archive regions: 2->2
[2024-10-12T10:37:30.591+0800][info] GC(174) Humongous regions: 3->3
[2024-10-12T10:37:30.591+0800][info] GC(174) Metaspace: 1617K(1792K)->1617K(1792K) NonClass: 1493K(1600K)->1493K(1600K) Class: 124K(192K)->124K(192K)
[2024-10-12T10:37:30.591+0800][info] GC(174) Pause Young (Concurrent Start) (G1 Evacuation Pause) 96M->96M(128M) 1.769ms
[2024-10-12T10:37:30.591+0800][info] GC(174) User=0.00s Sys=0.00s Real=0.00s
[2024-10-12T10:37:30.591+0800][info] GC(175) Concurrent Mark Cycle
[2024-10-12T10:37:30.591+0800][info] GC(175) Concurrent Clear Claimed Marks
[2024-10-12T10:37:30.591+0800][info] GC(175) Concurrent Clear Claimed Marks 0.017ms
[2024-10-12T10:37:30.591+0800][info] GC(175) Concurrent Scan Root Regions
[2024-10-12T10:37:30.591+0800][info] GC(175) Concurrent Scan Root Regions 0.175ms
[2024-10-12T10:37:30.591+0800][info] GC(175) Concurrent Mark
[2024-10-12T10:37:30.591+0800][info] GC(175) Concurrent Mark From Roots
[2024-10-12T10:37:30.591+0800][info] GC(175) Using 12 workers of 12 for marking
[2024-10-12T10:37:30.595+0800][info] GC(175) Concurrent Mark From Roots 3.890ms
[2024-10-12T10:37:30.595+0800][info] GC(175) Concurrent Preclean
[2024-10-12T10:37:30.597+0800][info] GC(175) Concurrent Preclean 1.704ms
[2024-10-12T10:37:30.597+0800][info] GC(175) Pause Remark
[2024-10-12T10:37:30.598+0800][info] GC(175) Pause Remark 96M->96M(128M) 1.393ms
[2024-10-12T10:37:30.598+0800][info] GC(175) User=0.01s Sys=0.00s Real=0.00s
[2024-10-12T10:37:30.598+0800][info] GC(175) Concurrent Mark 7.224ms
[2024-10-12T10:37:30.598+0800][info] GC(175) Concurrent Rebuild Remembered Sets
[2024-10-12T10:37:30.600+0800][info] GC(175) Concurrent Rebuild Remembered Sets 1.374ms
[2024-10-12T10:37:30.600+0800][info] GC(175) Pause Cleanup
[2024-10-12T10:37:30.600+0800][info] GC(175) Pause Cleanup 96M->96M(128M) 0.267ms
[2024-10-12T10:37:30.600+0800][info] GC(175) User=0.00s Sys=0.00s Real=0.00s
[2024-10-12T10:37:30.600+0800][info] GC(175) Concurrent Cleanup for Next Mark
[2024-10-12T10:37:30.601+0800][info] GC(175) Concurrent Cleanup for Next Mark 0.402ms
[2024-10-12T10:37:30.601+0800][info] GC(175) Concurrent Mark Cycle 9.805ms
[2024-10-12T10:37:30.744+0800][info] GC(176) Pause Young (Prepare Mixed) (G1 Evacuation Pause)
[2024-10-12T10:37:30.744+0800][info] GC(176) Using 3 workers of 48 for evacuation
[2024-10-12T10:37:30.745+0800][info] GC(176)   Pre Evacuate Collection Set: 0.1ms
[2024-10-12T10:37:30.745+0800][info] GC(176)   Merge Heap Roots: 0.1ms
[2024-10-12T10:37:30.745+0800][info] GC(176)   Evacuate Collection Set: 0.8ms
[2024-10-12T10:37:30.745+0800][info] GC(176)   Post Evacuate Collection Set: 0.2ms
[2024-10-12T10:37:30.745+0800][info] GC(176)   Other: 0.3ms
[2024-10-12T10:37:30.745+0800][info] GC(176) Eden regions: 2->0(2)
[2024-10-12T10:37:30.745+0800][info] GC(176) Survivor regions: 1->1(1)
[2024-10-12T10:37:30.745+0800][info] GC(176) Old regions: 49->51
[2024-10-12T10:37:30.745+0800][info] GC(176) Archive regions: 2->2
[2024-10-12T10:37:30.745+0800][info] GC(176) Humongous regions: 3->3
[2024-10-12T10:37:30.745+0800][info] GC(176) Metaspace: 1623K(1792K)->1623K(1792K) NonClass: 1498K(1600K)->1498K(1600K) Class: 124K(192K)->124K(192K)
[2024-10-12T10:37:30.745+0800][info] GC(176) Pause Young (Prepare Mixed) (G1 Evacuation Pause) 99M->100M(128M) 1.504ms
[2024-10-12T10:37:30.745+0800][info] GC(176) User=0.00s Sys=0.00s Real=0.01s
[2024-10-12T10:37:30.848+0800][info] GC(177) Pause Young (Mixed) (G1 Preventive Collection)
[2024-10-12T10:37:30.848+0800][info] GC(177) Using 3 workers of 48 for evacuation
[2024-10-12T10:37:30.850+0800][info] GC(177)   Pre Evacuate Collection Set: 0.1ms
[2024-10-12T10:37:30.850+0800][info] GC(177)   Merge Heap Roots: 0.1ms
[2024-10-12T10:37:30.850+0800][info] GC(177)   Evacuate Collection Set: 1.5ms
[2024-10-12T10:37:30.850+0800][info] GC(177)   Post Evacuate Collection Set: 0.2ms
[2024-10-12T10:37:30.850+0800][info] GC(177)   Other: 0.2ms
[2024-10-12T10:37:30.850+0800][info] GC(177) Eden regions: 2->0(2)
[2024-10-12T10:37:30.850+0800][info] GC(177) Survivor regions: 1->1(1)
[2024-10-12T10:37:30.850+0800][info] GC(177) Old regions: 51->48
[2024-10-12T10:37:30.850+0800][info] GC(177) Archive regions: 2->2
[2024-10-12T10:37:30.850+0800][info] GC(177) Humongous regions: 3->3
[2024-10-12T10:37:30.850+0800][info] GC(177) Metaspace: 1623K(1792K)->1623K(1792K) NonClass: 1498K(1600K)->1498K(1600K) Class: 124K(192K)->124K(192K)
[2024-10-12T10:37:30.850+0800][info] GC(177) Pause Young (Mixed) (G1 Preventive Collection) 103M->95M(128M) 2.114ms
[2024-10-12T10:37:30.850+0800][info] GC(177) User=0.01s Sys=0.00s Real=0.00s
[2024-10-12T10:37:30.952+0800][info] GC(178) Pause Young (Mixed) (G1 Evacuation Pause)
[2024-10-12T10:37:30.952+0800][info] GC(178) Using 3 workers of 48 for evacuation
[2024-10-12T10:37:30.954+0800][info] GC(178)   Pre Evacuate Collection Set: 0.1ms
[2024-10-12T10:37:30.954+0800][info] GC(178)   Merge Heap Roots: 0.1ms
[2024-10-12T10:37:30.954+0800][info] GC(178)   Evacuate Collection Set: 1.7ms
[2024-10-12T10:37:30.954+0800][info] GC(178)   Post Evacuate Collection Set: 0.2ms
[2024-10-12T10:37:30.954+0800][info] GC(178)   Other: 0.2ms
[2024-10-12T10:37:30.954+0800][info] GC(178) Eden regions: 2->0(2)
[2024-10-12T10:37:30.954+0800][info] GC(178) Survivor regions: 1->1(1)
[2024-10-12T10:37:30.954+0800][info] GC(178) Old regions: 48->48
[2024-10-12T10:37:30.954+0800][info] GC(178) Archive regions: 2->2
[2024-10-12T10:37:30.954+0800][info] GC(178) Humongous regions: 3->3
[2024-10-12T10:37:30.954+0800][info] GC(178) Metaspace: 1623K(1792K)->1623K(1792K) NonClass: 1498K(1600K)->1498K(1600K) Class: 124K(192K)->124K(192K)
[2024-10-12T10:37:30.954+0800][info] GC(178) Pause Young (Mixed) (G1 Evacuation Pause) 99M->97M(128M) 2.311ms
[2024-10-12T10:37:30.954+0800][info] GC(178) User=0.01s Sys=0.00s Real=0.01s
[2024-10-12T10:37:31.056+0800][info] GC(179) Pause Young (Normal) (G1 Evacuation Pause)
[2024-10-12T10:37:31.056+0800][info] GC(179) Using 3 workers of 48 for evacuation
[2024-10-12T10:37:31.057+0800][info] GC(179)   Pre Evacuate Collection Set: 0.1ms
[2024-10-12T10:37:31.057+0800][info] GC(179)   Merge Heap Roots: 0.0ms
[2024-10-12T10:37:31.057+0800][info] GC(179)   Evacuate Collection Set: 0.8ms
[2024-10-12T10:37:31.057+0800][info] GC(179)   Post Evacuate Collection Set: 0.2ms
[2024-10-12T10:37:31.057+0800][info] GC(179)   Other: 0.2ms
[2024-10-12T10:37:31.057+0800][info] GC(179) Eden regions: 2->0(2)
[2024-10-12T10:37:31.057+0800][info] GC(179) Survivor regions: 1->1(1)
[2024-10-12T10:37:31.057+0800][info] GC(179) Old regions: 48->50
[2024-10-12T10:37:31.057+0800][info] GC(179) Archive regions: 2->2
[2024-10-12T10:37:31.057+0800][info] GC(179) Humongous regions: 3->3
[2024-10-12T10:37:31.057+0800][info] GC(179) Metaspace: 1623K(1792K)->1623K(1792K) NonClass: 1498K(1600K)->1498K(1600K) Class: 124K(192K)->124K(192K)
[2024-10-12T10:37:31.058+0800][info] GC(179) Pause Young (Normal) (G1 Evacuation Pause) 100M->101M(128M) 1.336ms
[2024-10-12T10:37:31.058+0800][info] GC(179) User=0.00s Sys=0.00s Real=0.00s
[2024-10-12T10:37:31.159+0800][info] GC(180) Pause Young (Concurrent Start) (G1 Evacuation Pause)
[2024-10-12T10:37:31.159+0800][info] GC(180) Using 3 workers of 48 for evacuation
[2024-10-12T10:37:31.161+0800][info] GC(180)   Pre Evacuate Collection Set: 0.1ms
[2024-10-12T10:37:31.161+0800][info] GC(180)   Merge Heap Roots: 0.0ms
[2024-10-12T10:37:31.161+0800][info] GC(180)   Evacuate Collection Set: 0.8ms
[2024-10-12T10:37:31.161+0800][info] GC(180)   Post Evacuate Collection Set: 0.2ms
[2024-10-12T10:37:31.161+0800][info] GC(180)   Other: 0.4ms
[2024-10-12T10:37:31.161+0800][info] GC(180) Eden regions: 2->0(2)
[2024-10-12T10:37:31.161+0800][info] GC(180) Survivor regions: 1->1(1)
[2024-10-12T10:37:31.161+0800][info] GC(180) Old regions: 50->52
[2024-10-12T10:37:31.161+0800][info] GC(180) Archive regions: 2->2
[2024-10-12T10:37:31.161+0800][info] GC(180) Humongous regions: 3->3
[2024-10-12T10:37:31.161+0800][info] GC(180) Metaspace: 1623K(1792K)->1623K(1792K) NonClass: 1498K(1600K)->1498K(1600K) Class: 124K(192K)->124K(192K)
[2024-10-12T10:37:31.161+0800][info] GC(180) Pause Young (Concurrent Start) (G1 Evacuation Pause) 104M->105M(128M) 1.575ms
[2024-10-12T10:37:31.161+0800][info] GC(180) User=0.01s Sys=0.00s Real=0.00s
[2024-10-12T10:37:31.161+0800][info] GC(181) Concurrent Mark Cycle
[2024-10-12T10:37:31.161+0800][info] GC(181) Concurrent Clear Claimed Marks
[2024-10-12T10:37:31.161+0800][info] GC(181) Concurrent Clear Claimed Marks 0.073ms
[2024-10-12T10:37:31.161+0800][info] GC(181) Concurrent Scan Root Regions
[2024-10-12T10:37:31.161+0800][info] GC(181) Concurrent Scan Root Regions 0.108ms
[2024-10-12T10:37:31.161+0800][info] GC(181) Concurrent Mark
[2024-10-12T10:37:31.161+0800][info] GC(181) Concurrent Mark From Roots
[2024-10-12T10:37:31.161+0800][info] GC(181) Using 12 workers of 12 for marking
[2024-10-12T10:37:31.165+0800][info] GC(181) Concurrent Mark From Roots 3.770ms
[2024-10-12T10:37:31.165+0800][info] GC(181) Concurrent Preclean
[2024-10-12T10:37:31.167+0800][info] GC(181) Concurrent Preclean 1.673ms
[2024-10-12T10:37:31.167+0800][info] GC(181) Pause Remark
[2024-10-12T10:37:31.168+0800][info] GC(181) Pause Remark 107M->107M(128M) 1.416ms
[2024-10-12T10:37:31.168+0800][info] GC(181) User=0.01s Sys=0.01s Real=0.00s
[2024-10-12T10:37:31.168+0800][info] GC(181) Concurrent Mark 7.165ms
[2024-10-12T10:37:31.168+0800][info] GC(181) Concurrent Rebuild Remembered Sets
[2024-10-12T10:37:31.170+0800][info] GC(181) Concurrent Rebuild Remembered Sets 1.445ms
[2024-10-12T10:37:31.170+0800][info] GC(181) Pause Cleanup
[2024-10-12T10:37:31.170+0800][info] GC(181) Pause Cleanup 107M->107M(128M) 0.271ms
[2024-10-12T10:37:31.170+0800][info] GC(181) User=0.00s Sys=0.00s Real=0.00s
[2024-10-12T10:37:31.170+0800][info] GC(181) Concurrent Cleanup for Next Mark
[2024-10-12T10:37:31.171+0800][info] GC(181) Concurrent Cleanup for Next Mark 0.390ms
[2024-10-12T10:37:31.171+0800][info] GC(181) Concurrent Mark Cycle 9.791ms
[2024-10-12T10:37:31.315+0800][info] GC(182) Pause Young (Prepare Mixed) (G1 Preventive Collection)
[2024-10-12T10:37:31.315+0800][info] GC(182) Using 3 workers of 48 for evacuation
[2024-10-12T10:37:31.316+0800][info] GC(182)   Pre Evacuate Collection Set: 0.1ms
[2024-10-12T10:37:31.316+0800][info] GC(182)   Merge Heap Roots: 0.1ms
[2024-10-12T10:37:31.316+0800][info] GC(182)   Evacuate Collection Set: 0.8ms
[2024-10-12T10:37:31.316+0800][info] GC(182)   Post Evacuate Collection Set: 0.2ms
[2024-10-12T10:37:31.316+0800][info] GC(182)   Other: 0.2ms
[2024-10-12T10:37:31.316+0800][info] GC(182) Eden regions: 2->0(2)
[2024-10-12T10:37:31.316+0800][info] GC(182) Survivor regions: 1->1(1)
[2024-10-12T10:37:31.316+0800][info] GC(182) Old regions: 52->53
[2024-10-12T10:37:31.316+0800][info] GC(182) Archive regions: 2->2
[2024-10-12T10:37:31.316+0800][info] GC(182) Humongous regions: 4->3
[2024-10-12T10:37:31.316+0800][info] GC(182) Metaspace: 1623K(1792K)->1623K(1792K) NonClass: 1498K(1600K)->1498K(1600K) Class: 124K(192K)->124K(192K)
[2024-10-12T10:37:31.316+0800][info] GC(182) Pause Young (Prepare Mixed) (G1 Preventive Collection) 110M->108M(128M) 1.388ms
[2024-10-12T10:37:31.316+0800][info] GC(182) User=0.01s Sys=0.00s Real=0.00s
[2024-10-12T10:37:31.377+0800][info] GC(183) Pause Young (Mixed) (G1 Preventive Collection)
[2024-10-12T10:37:31.377+0800][info] GC(183) Using 3 workers of 48 for evacuation
[2024-10-12T10:37:31.379+0800][info] GC(183)   Pre Evacuate Collection Set: 0.1ms
[2024-10-12T10:37:31.379+0800][info] GC(183)   Merge Heap Roots: 0.1ms
[2024-10-12T10:37:31.379+0800][info] GC(183)   Evacuate Collection Set: 0.9ms
[2024-10-12T10:37:31.379+0800][info] GC(183)   Post Evacuate Collection Set: 0.2ms
[2024-10-12T10:37:31.379+0800][info] GC(183)   Other: 0.2ms
[2024-10-12T10:37:31.379+0800][info] GC(183) Eden regions: 1->0(2)
[2024-10-12T10:37:31.379+0800][info] GC(183) Survivor regions: 1->1(1)
[2024-10-12T10:37:31.379+0800][info] GC(183) Old regions: 53->49
[2024-10-12T10:37:31.379+0800][info] GC(183) Archive regions: 2->2
[2024-10-12T10:37:31.379+0800][info] GC(183) Humongous regions: 3->3
[2024-10-12T10:37:31.379+0800][info] GC(183) Metaspace: 1623K(1792K)->1623K(1792K) NonClass: 1498K(1600K)->1498K(1600K) Class: 124K(192K)->124K(192K)
[2024-10-12T10:37:31.379+0800][info] GC(183) Pause Young (Mixed) (G1 Preventive Collection) 110M->101M(128M) 1.558ms
[2024-10-12T10:37:31.379+0800][info] GC(183) User=0.00s Sys=0.00s Real=0.00s
[2024-10-12T10:37:31.481+0800][info] GC(184) Pause Young (Mixed) (G1 Evacuation Pause)
[2024-10-12T10:37:31.481+0800][info] GC(184) Using 3 workers of 48 for evacuation
[2024-10-12T10:37:31.483+0800][info] GC(184)   Pre Evacuate Collection Set: 0.2ms
[2024-10-12T10:37:31.483+0800][info] GC(184)   Merge Heap Roots: 0.1ms
[2024-10-12T10:37:31.483+0800][info] GC(184)   Evacuate Collection Set: 1.7ms
[2024-10-12T10:37:31.483+0800][info] GC(184)   Post Evacuate Collection Set: 0.2ms
[2024-10-12T10:37:31.483+0800][info] GC(184)   Other: 0.2ms
[2024-10-12T10:37:31.483+0800][info] GC(184) Eden regions: 2->0(2)
[2024-10-12T10:37:31.483+0800][info] GC(184) Survivor regions: 1->1(1)
[2024-10-12T10:37:31.483+0800][info] GC(184) Old regions: 49->47
[2024-10-12T10:37:31.483+0800][info] GC(184) Archive regions: 2->2
[2024-10-12T10:37:31.483+0800][info] GC(184) Humongous regions: 3->3
[2024-10-12T10:37:31.483+0800][info] GC(184) Metaspace: 1623K(1792K)->1623K(1792K) NonClass: 1498K(1600K)->1498K(1600K) Class: 124K(192K)->124K(192K)
[2024-10-12T10:37:31.483+0800][info] GC(184) Pause Young (Mixed) (G1 Evacuation Pause) 105M->99M(128M) 2.513ms
[2024-10-12T10:37:31.484+0800][info] GC(184) User=0.00s Sys=0.00s Real=0.00s
[2024-10-12T10:37:31.586+0800][info] GC(185) Pause Young (Mixed) (G1 Evacuation Pause)
[2024-10-12T10:37:31.586+0800][info] GC(185) Using 3 workers of 48 for evacuation
[2024-10-12T10:37:31.587+0800][info] GC(185)   Pre Evacuate Collection Set: 0.2ms
[2024-10-12T10:37:31.587+0800][info] GC(185)   Merge Heap Roots: 0.1ms
[2024-10-12T10:37:31.587+0800][info] GC(185)   Evacuate Collection Set: 0.9ms
[2024-10-12T10:37:31.587+0800][info] GC(185)   Post Evacuate Collection Set: 0.2ms
[2024-10-12T10:37:31.587+0800][info] GC(185)   Other: 0.2ms
[2024-10-12T10:37:31.587+0800][info] GC(185) Eden regions: 2->0(2)
[2024-10-12T10:37:31.587+0800][info] GC(185) Survivor regions: 1->1(1)
[2024-10-12T10:37:31.587+0800][info] GC(185) Old regions: 47->49
[2024-10-12T10:37:31.587+0800][info] GC(185) Archive regions: 2->2
[2024-10-12T10:37:31.587+0800][info] GC(185) Humongous regions: 3->3
[2024-10-12T10:37:31.587+0800][info] GC(185) Metaspace: 1623K(1792K)->1623K(1792K) NonClass: 1498K(1600K)->1498K(1600K) Class: 124K(192K)->124K(192K)
[2024-10-12T10:37:31.587+0800][info] GC(185) Pause Young (Mixed) (G1 Evacuation Pause) 103M->102M(128M) 1.548ms
[2024-10-12T10:37:31.587+0800][info] GC(185) User=0.00s Sys=0.00s Real=0.00s
[2024-10-12T10:37:31.690+0800][info] GC(186) Pause Young (Normal) (G1 Evacuation Pause)
[2024-10-12T10:37:31.690+0800][info] GC(186) Using 3 workers of 48 for evacuation
[2024-10-12T10:37:31.691+0800][info] GC(186)   Pre Evacuate Collection Set: 0.1ms
[2024-10-12T10:37:31.691+0800][info] GC(186)   Merge Heap Roots: 0.0ms
[2024-10-12T10:37:31.691+0800][info] GC(186)   Evacuate Collection Set: 0.8ms
[2024-10-12T10:37:31.691+0800][info] GC(186)   Post Evacuate Collection Set: 0.2ms
[2024-10-12T10:37:31.691+0800][info] GC(186)   Other: 0.2ms
[2024-10-12T10:37:31.691+0800][info] GC(186) Eden regions: 2->0(2)
[2024-10-12T10:37:31.691+0800][info] GC(186) Survivor regions: 1->1(1)
[2024-10-12T10:37:31.691+0800][info] GC(186) Old regions: 49->51
[2024-10-12T10:37:31.691+0800][info] GC(186) Archive regions: 2->2
[2024-10-12T10:37:31.691+0800][info] GC(186) Humongous regions: 3->3
[2024-10-12T10:37:31.691+0800][info] GC(186) Metaspace: 1623K(1792K)->1623K(1792K) NonClass: 1498K(1600K)->1498K(1600K) Class: 124K(192K)->124K(192K)
[2024-10-12T10:37:31.691+0800][info] GC(186) Pause Young (Normal) (G1 Evacuation Pause) 106M->106M(128M) 1.476ms
[2024-10-12T10:37:31.691+0800][info] GC(186) User=0.00s Sys=0.00s Real=0.00s
[2024-10-12T10:37:31.793+0800][info] GC(187) Pause Young (Concurrent Start) (G1 Evacuation Pause)
[2024-10-12T10:37:31.793+0800][info] GC(187) Using 3 workers of 48 for evacuation
[2024-10-12T10:37:31.795+0800][info] GC(187)   Pre Evacuate Collection Set: 0.1ms
[2024-10-12T10:37:31.795+0800][info] GC(187)   Merge Heap Roots: 0.1ms
[2024-10-12T10:37:31.795+0800][info] GC(187)   Evacuate Collection Set: 0.8ms
[2024-10-12T10:37:31.795+0800][info] GC(187)   Post Evacuate Collection Set: 0.2ms
[2024-10-12T10:37:31.795+0800][info] GC(187)   Other: 0.4ms
[2024-10-12T10:37:31.795+0800][info] GC(187) Eden regions: 2->0(2)
[2024-10-12T10:37:31.795+0800][info] GC(187) Survivor regions: 1->1(1)
[2024-10-12T10:37:31.795+0800][info] GC(187) Old regions: 51->53
[2024-10-12T10:37:31.795+0800][info] GC(187) Archive regions: 2->2
[2024-10-12T10:37:31.795+0800][info] GC(187) Humongous regions: 3->3
[2024-10-12T10:37:31.795+0800][info] GC(187) Metaspace: 1623K(1792K)->1623K(1792K) NonClass: 1498K(1600K)->1498K(1600K) Class: 124K(192K)->124K(192K)
[2024-10-12T10:37:31.795+0800][info] GC(187) Pause Young (Concurrent Start) (G1 Evacuation Pause) 110M->110M(128M) 1.642ms
[2024-10-12T10:37:31.795+0800][info] GC(187) User=0.00s Sys=0.00s Real=0.01s
[2024-10-12T10:37:31.795+0800][info] GC(188) Concurrent Mark Cycle
[2024-10-12T10:37:31.795+0800][info] GC(188) Concurrent Clear Claimed Marks
[2024-10-12T10:37:31.795+0800][info] GC(188) Concurrent Clear Claimed Marks 0.017ms
[2024-10-12T10:37:31.795+0800][info] GC(188) Concurrent Scan Root Regions
[2024-10-12T10:37:31.795+0800][info] GC(188) Concurrent Scan Root Regions 0.108ms
[2024-10-12T10:37:31.795+0800][info] GC(188) Concurrent Mark
[2024-10-12T10:37:31.795+0800][info] GC(188) Concurrent Mark From Roots
[2024-10-12T10:37:31.795+0800][info] GC(188) Using 12 workers of 12 for marking
[2024-10-12T10:37:31.799+0800][info] GC(188) Concurrent Mark From Roots 3.762ms
[2024-10-12T10:37:31.799+0800][info] GC(188) Concurrent Preclean
[2024-10-12T10:37:31.801+0800][info] GC(188) Concurrent Preclean 1.693ms
[2024-10-12T10:37:31.801+0800][info] GC(188) Pause Remark
[2024-10-12T10:37:31.802+0800][info] GC(188) Pause Remark 111M->111M(128M) 1.411ms
[2024-10-12T10:37:31.802+0800][info] GC(188) User=0.00s Sys=0.00s Real=0.00s
[2024-10-12T10:37:31.802+0800][info] GC(188) Concurrent Mark 7.118ms
[2024-10-12T10:37:31.802+0800][info] GC(188) Concurrent Rebuild Remembered Sets
[2024-10-12T10:37:31.804+0800][info] GC(188) Concurrent Rebuild Remembered Sets 1.280ms
[2024-10-12T10:37:31.804+0800][info] GC(188) Pause Cleanup
[2024-10-12T10:37:31.804+0800][info] GC(188) Pause Cleanup 111M->111M(128M) 0.180ms
[2024-10-12T10:37:31.804+0800][info] GC(188) User=0.00s Sys=0.00s Real=0.00s
[2024-10-12T10:37:31.804+0800][info] GC(188) Concurrent Cleanup for Next Mark
[2024-10-12T10:37:31.804+0800][info] GC(188) Concurrent Cleanup for Next Mark 0.392ms
[2024-10-12T10:37:31.804+0800][info] GC(188) Concurrent Mark Cycle 9.364ms
[2024-10-12T10:37:31.949+0800][info] GC(189) Pause Young (Prepare Mixed) (G1 Preventive Collection)
[2024-10-12T10:37:31.949+0800][info] GC(189) Using 3 workers of 48 for evacuation
[2024-10-12T10:37:31.951+0800][info] GC(189)   Pre Evacuate Collection Set: 0.1ms
[2024-10-12T10:37:31.951+0800][info] GC(189)   Merge Heap Roots: 0.1ms
[2024-10-12T10:37:31.951+0800][info] GC(189)   Evacuate Collection Set: 0.9ms
[2024-10-12T10:37:31.951+0800][info] GC(189)   Post Evacuate Collection Set: 0.2ms
[2024-10-12T10:37:31.951+0800][info] GC(189)   Other: 0.3ms
[2024-10-12T10:37:31.951+0800][info] GC(189) Eden regions: 2->0(2)
[2024-10-12T10:37:31.951+0800][info] GC(189) Survivor regions: 1->1(1)
[2024-10-12T10:37:31.951+0800][info] GC(189) Old regions: 53->55
[2024-10-12T10:37:31.951+0800][info] GC(189) Archive regions: 2->2
[2024-10-12T10:37:31.951+0800][info] GC(189) Humongous regions: 3->3
[2024-10-12T10:37:31.951+0800][info] GC(189) Metaspace: 1623K(1792K)->1623K(1792K) NonClass: 1498K(1600K)->1498K(1600K) Class: 124K(192K)->124K(192K)
[2024-10-12T10:37:31.951+0800][info] GC(189) Pause Young (Prepare Mixed) (G1 Preventive Collection) 113M->114M(128M) 1.627ms
[2024-10-12T10:37:31.951+0800][info] GC(189) User=0.01s Sys=0.00s Real=0.00s
[2024-10-12T10:37:32.012+0800][info] GC(190) Pause Young (Mixed) (G1 Preventive Collection)
[2024-10-12T10:37:32.012+0800][info] GC(190) Using 3 workers of 48 for evacuation
[2024-10-12T10:37:32.013+0800][info] GC(190) To-space exhausted
[2024-10-12T10:37:32.013+0800][info] GC(190)   Pre Evacuate Collection Set: 0.1ms
[2024-10-12T10:37:32.013+0800][info] GC(190)   Merge Heap Roots: 0.1ms
[2024-10-12T10:37:32.013+0800][info] GC(190)   Evacuate Collection Set: 0.8ms
[2024-10-12T10:37:32.013+0800][info] GC(190)   Post Evacuate Collection Set: 0.2ms
[2024-10-12T10:37:32.013+0800][info] GC(190)   Other: 0.2ms
[2024-10-12T10:37:32.013+0800][info] GC(190) Eden regions: 1->0(2)
[2024-10-12T10:37:32.013+0800][info] GC(190) Survivor regions: 1->1(1)
[2024-10-12T10:37:32.013+0800][info] GC(190) Old regions: 55->54
[2024-10-12T10:37:32.014+0800][info] GC(190) Archive regions: 2->2
[2024-10-12T10:37:32.014+0800][info] GC(190) Humongous regions: 3->3
[2024-10-12T10:37:32.014+0800][info] GC(190) Metaspace: 1623K(1792K)->1623K(1792K) NonClass: 1498K(1600K)->1498K(1600K) Class: 124K(192K)->124K(192K)
[2024-10-12T10:37:32.014+0800][info] GC(190) Pause Young (Mixed) (G1 Preventive Collection) 116M->114M(128M) 1.507ms
[2024-10-12T10:37:32.014+0800][info] GC(190) User=0.00s Sys=0.00s Real=0.01s
[2024-10-12T10:37:32.055+0800][info] GC(191) Pause Young (Mixed) (G1 Preventive Collection)
[2024-10-12T10:37:32.055+0800][info] GC(191) Using 3 workers of 48 for evacuation
[2024-10-12T10:37:32.056+0800][info] GC(191) To-space exhausted
[2024-10-12T10:37:32.056+0800][info] GC(191)   Pre Evacuate Collection Set: 0.2ms
[2024-10-12T10:37:32.056+0800][info] GC(191)   Merge Heap Roots: 0.1ms
[2024-10-12T10:37:32.056+0800][info] GC(191)   Evacuate Collection Set: 0.9ms
[2024-10-12T10:37:32.056+0800][info] GC(191)   Post Evacuate Collection Set: 0.3ms
[2024-10-12T10:37:32.056+0800][info] GC(191)   Other: 0.2ms
[2024-10-12T10:37:32.056+0800][info] GC(191) Eden regions: 1->0(2)
[2024-10-12T10:37:32.056+0800][info] GC(191) Survivor regions: 1->1(1)
[2024-10-12T10:37:32.056+0800][info] GC(191) Old regions: 54->56
[2024-10-12T10:37:32.056+0800][info] GC(191) Archive regions: 2->2
[2024-10-12T10:37:32.056+0800][info] GC(191) Humongous regions: 3->3
[2024-10-12T10:37:32.056+0800][info] GC(191) Metaspace: 1623K(1792K)->1623K(1792K) NonClass: 1498K(1600K)->1498K(1600K) Class: 124K(192K)->124K(192K)
[2024-10-12T10:37:32.056+0800][info] GC(191) Pause Young (Mixed) (G1 Preventive Collection) 116M->118M(128M) 1.654ms
[2024-10-12T10:37:32.056+0800][info] GC(191) User=0.01s Sys=0.00s Real=0.00s
[2024-10-12T10:37:32.118+0800][info] GC(192) Pause Young (Mixed) (G1 Preventive Collection)
[2024-10-12T10:37:32.118+0800][info] GC(192) Using 3 workers of 48 for evacuation
[2024-10-12T10:37:32.119+0800][info] GC(192) To-space exhausted
[2024-10-12T10:37:32.119+0800][info] GC(192)   Pre Evacuate Collection Set: 0.2ms
[2024-10-12T10:37:32.119+0800][info] GC(192)   Merge Heap Roots: 0.1ms
[2024-10-12T10:37:32.119+0800][info] GC(192)   Evacuate Collection Set: 0.4ms
[2024-10-12T10:37:32.119+0800][info] GC(192)   Post Evacuate Collection Set: 0.2ms
[2024-10-12T10:37:32.119+0800][info] GC(192)   Other: 0.2ms
[2024-10-12T10:37:32.119+0800][info] GC(192) Eden regions: 1->0(2)
[2024-10-12T10:37:32.119+0800][info] GC(192) Survivor regions: 1->1(1)
[2024-10-12T10:37:32.119+0800][info] GC(192) Old regions: 56->57
[2024-10-12T10:37:32.119+0800][info] GC(192) Archive regions: 2->2
[2024-10-12T10:37:32.119+0800][info] GC(192) Humongous regions: 3->3
[2024-10-12T10:37:32.119+0800][info] GC(192) Metaspace: 1623K(1792K)->1623K(1792K) NonClass: 1498K(1600K)->1498K(1600K) Class: 124K(192K)->124K(192K)
[2024-10-12T10:37:32.119+0800][info] GC(192) Pause Young (Mixed) (G1 Preventive Collection) 120M->120M(128M) 1.125ms
[2024-10-12T10:37:32.119+0800][info] GC(192) User=0.00s Sys=0.00s Real=0.00s
[2024-10-12T10:37:32.160+0800][info] GC(193) Pause Young (Concurrent Start) (G1 Evacuation Pause)
[2024-10-12T10:37:32.160+0800][info] GC(193) Using 3 workers of 48 for evacuation
[2024-10-12T10:37:32.161+0800][info] GC(193) To-space exhausted
[2024-10-12T10:37:32.161+0800][info] GC(193)   Pre Evacuate Collection Set: 0.1ms
[2024-10-12T10:37:32.161+0800][info] GC(193)   Merge Heap Roots: 0.1ms
[2024-10-12T10:37:32.161+0800][info] GC(193)   Evacuate Collection Set: 0.3ms
[2024-10-12T10:37:32.161+0800][info] GC(193)   Post Evacuate Collection Set: 0.2ms
[2024-10-12T10:37:32.161+0800][info] GC(193)   Other: 0.4ms
[2024-10-12T10:37:32.161+0800][info] GC(193) Eden regions: 1->0(3)
[2024-10-12T10:37:32.161+0800][info] GC(193) Survivor regions: 1->0(0)
[2024-10-12T10:37:32.161+0800][info] GC(193) Old regions: 57->59
[2024-10-12T10:37:32.161+0800][info] GC(193) Archive regions: 2->2
[2024-10-12T10:37:32.161+0800][info] GC(193) Humongous regions: 3->3
[2024-10-12T10:37:32.161+0800][info] GC(193) Metaspace: 1623K(1792K)->1623K(1792K) NonClass: 1498K(1600K)->1498K(1600K) Class: 124K(192K)->124K(192K)
[2024-10-12T10:37:32.161+0800][info] GC(193) Pause Young (Concurrent Start) (G1 Evacuation Pause) 121M->121M(128M) 1.076ms
[2024-10-12T10:37:32.161+0800][info] GC(193) User=0.00s Sys=0.00s Real=0.00s
[2024-10-12T10:37:32.161+0800][info] Attempting full compaction
[2024-10-12T10:37:32.161+0800][info] GC(194) Using 3 workers of 48 for full compaction
[2024-10-12T10:37:32.161+0800][info] GC(194) Pause Full (G1 Compaction Pause)
[2024-10-12T10:37:32.161+0800][info] GC(195) Concurrent Mark Cycle
[2024-10-12T10:37:32.161+0800][info] GC(195) Concurrent Clear Claimed Marks
[2024-10-12T10:37:32.161+0800][info] GC(195) Concurrent Clear Claimed Marks 0.017ms
[2024-10-12T10:37:32.161+0800][info] GC(195) Concurrent Scan Root Regions
[2024-10-12T10:37:32.161+0800][info] GC(195) Concurrent Scan Root Regions 0.010ms
[2024-10-12T10:37:32.161+0800][info] GC(195) Concurrent Mark
[2024-10-12T10:37:32.161+0800][info] GC(195) Concurrent Mark From Roots
[2024-10-12T10:37:32.161+0800][info] GC(195) Using 12 workers of 12 for marking
[2024-10-12T10:37:32.162+0800][info] GC(194) Phase 1: Mark live objects
[2024-10-12T10:37:32.165+0800][info] GC(194) Phase 1: Mark live objects 3.141ms
[2024-10-12T10:37:32.165+0800][info] GC(194) Phase 2: Prepare for compaction
[2024-10-12T10:37:32.165+0800][info] GC(194) Phase 2: Prepare for compaction 0.536ms
[2024-10-12T10:37:32.165+0800][info] GC(194) Phase 3: Adjust pointers
[2024-10-12T10:37:32.167+0800][info] GC(194) Phase 3: Adjust pointers 1.488ms
[2024-10-12T10:37:32.167+0800][info] GC(194) Phase 4: Compact heap
[2024-10-12T10:37:32.180+0800][info] GC(194) Phase 4: Compact heap 13.418ms
[2024-10-12T10:37:32.182+0800][info] GC(194) Eden regions: 0->0(4)
[2024-10-12T10:37:32.182+0800][info] GC(194) Survivor regions: 0->0(0)
[2024-10-12T10:37:32.182+0800][info] GC(194) Old regions: 59->38
[2024-10-12T10:37:32.182+0800][info] GC(194) Archive regions: 2->2
[2024-10-12T10:37:32.182+0800][info] GC(194) Humongous regions: 3->3
[2024-10-12T10:37:32.182+0800][info] GC(194) Metaspace: 1623K(1792K)->1623K(1792K) NonClass: 1498K(1600K)->1498K(1600K) Class: 124K(192K)->124K(192K)
[2024-10-12T10:37:32.182+0800][info] GC(194) Pause Full (G1 Compaction Pause) 121M->72M(128M) 20.649ms
[2024-10-12T10:37:32.182+0800][info] GC(194) User=0.04s Sys=0.00s Real=0.02s
[2024-10-12T10:37:32.182+0800][info] GC(195) Concurrent Mark From Roots 20.864ms
[2024-10-12T10:37:32.182+0800][info] GC(195) Concurrent Mark Abort
[2024-10-12T10:37:32.182+0800][info] GC(195) Concurrent Mark Cycle 21.054ms
[2024-10-12T10:37:32.407+0800][info] GC(196) Pause Young (Normal) (G1 Evacuation Pause)
[2024-10-12T10:37:32.407+0800][info] GC(196) Using 3 workers of 48 for evacuation
[2024-10-12T10:37:32.409+0800][info] GC(196)   Pre Evacuate Collection Set: 0.1ms
[2024-10-12T10:37:32.409+0800][info] GC(196)   Merge Heap Roots: 0.0ms
[2024-10-12T10:37:32.409+0800][info] GC(196)   Evacuate Collection Set: 1.1ms
[2024-10-12T10:37:32.409+0800][info] GC(196)   Post Evacuate Collection Set: 0.2ms
[2024-10-12T10:37:32.409+0800][info] GC(196)   Other: 0.3ms
[2024-10-12T10:37:32.409+0800][info] GC(196) Eden regions: 4->0(2)
[2024-10-12T10:37:32.409+0800][info] GC(196) Survivor regions: 0->1(1)
[2024-10-12T10:37:32.409+0800][info] GC(196) Old regions: 38->41
[2024-10-12T10:37:32.409+0800][info] GC(196) Archive regions: 2->2
[2024-10-12T10:37:32.409+0800][info] GC(196) Humongous regions: 3->3
[2024-10-12T10:37:32.409+0800][info] GC(196) Metaspace: 1623K(1792K)->1623K(1792K) NonClass: 1498K(1600K)->1498K(1600K) Class: 124K(192K)->124K(192K)
[2024-10-12T10:37:32.409+0800][info] GC(196) Pause Young (Normal) (G1 Evacuation Pause) 80M->80M(128M) 1.906ms
[2024-10-12T10:37:32.409+0800][info] GC(196) User=0.00s Sys=0.00s Real=0.00s
[2024-10-12T10:37:32.511+0800][info] GC(197) Pause Young (Normal) (G1 Evacuation Pause)
[2024-10-12T10:37:32.511+0800][info] GC(197) Using 3 workers of 48 for evacuation
[2024-10-12T10:37:32.513+0800][info] GC(197)   Pre Evacuate Collection Set: 0.1ms
[2024-10-12T10:37:32.513+0800][info] GC(197)   Merge Heap Roots: 0.1ms
[2024-10-12T10:37:32.513+0800][info] GC(197)   Evacuate Collection Set: 0.7ms
[2024-10-12T10:37:32.513+0800][info] GC(197)   Post Evacuate Collection Set: 0.2ms
[2024-10-12T10:37:32.513+0800][info] GC(197)   Other: 0.2ms
[2024-10-12T10:37:32.513+0800][info] GC(197) Eden regions: 2->0(2)
[2024-10-12T10:37:32.513+0800][info] GC(197) Survivor regions: 1->1(1)
[2024-10-12T10:37:32.513+0800][info] GC(197) Old regions: 41->43
[2024-10-12T10:37:32.513+0800][info] GC(197) Archive regions: 2->2
[2024-10-12T10:37:32.513+0800][info] GC(197) Humongous regions: 3->3
[2024-10-12T10:37:32.513+0800][info] GC(197) Metaspace: 1623K(1792K)->1623K(1792K) NonClass: 1498K(1600K)->1498K(1600K) Class: 124K(192K)->124K(192K)
[2024-10-12T10:37:32.513+0800][info] GC(197) Pause Young (Normal) (G1 Evacuation Pause) 84M->84M(128M) 1.409ms
[2024-10-12T10:37:32.513+0800][info] GC(197) User=0.00s Sys=0.00s Real=0.00s
[2024-10-12T10:37:32.615+0800][info] GC(198) Pause Young (Normal) (G1 Evacuation Pause)
[2024-10-12T10:37:32.615+0800][info] GC(198) Using 3 workers of 48 for evacuation
[2024-10-12T10:37:32.616+0800][info] GC(198)   Pre Evacuate Collection Set: 0.1ms
[2024-10-12T10:37:32.616+0800][info] GC(198)   Merge Heap Roots: 0.1ms
[2024-10-12T10:37:32.616+0800][info] GC(198)   Evacuate Collection Set: 0.7ms
[2024-10-12T10:37:32.616+0800][info] GC(198)   Post Evacuate Collection Set: 0.2ms
[2024-10-12T10:37:32.616+0800][info] GC(198)   Other: 0.2ms
[2024-10-12T10:37:32.616+0800][info] GC(198) Eden regions: 2->0(2)
[2024-10-12T10:37:32.616+0800][info] GC(198) Survivor regions: 1->1(1)
[2024-10-12T10:37:32.616+0800][info] GC(198) Old regions: 43->45
[2024-10-12T10:37:32.616+0800][info] GC(198) Archive regions: 2->2
[2024-10-12T10:37:32.616+0800][info] GC(198) Humongous regions: 3->3
[2024-10-12T10:37:32.616+0800][info] GC(198) Metaspace: 1623K(1792K)->1623K(1792K) NonClass: 1498K(1600K)->1498K(1600K) Class: 124K(192K)->124K(192K)
[2024-10-12T10:37:32.616+0800][info] GC(198) Pause Young (Normal) (G1 Evacuation Pause) 87M->88M(128M) 1.366ms
[2024-10-12T10:37:32.616+0800][info] GC(198) User=0.00s Sys=0.00s Real=0.00s
[2024-10-12T10:37:32.718+0800][info] GC(199) Pause Young (Normal) (G1 Evacuation Pause)
[2024-10-12T10:37:32.718+0800][info] GC(199) Using 3 workers of 48 for evacuation
[2024-10-12T10:37:32.720+0800][info] GC(199)   Pre Evacuate Collection Set: 0.1ms
[2024-10-12T10:37:32.720+0800][info] GC(199)   Merge Heap Roots: 0.0ms
[2024-10-12T10:37:32.720+0800][info] GC(199)   Evacuate Collection Set: 0.7ms
[2024-10-12T10:37:32.720+0800][info] GC(199)   Post Evacuate Collection Set: 0.2ms
[2024-10-12T10:37:32.720+0800][info] GC(199)   Other: 0.2ms
[2024-10-12T10:37:32.720+0800][info] GC(199) Eden regions: 2->0(2)
[2024-10-12T10:37:32.720+0800][info] GC(199) Survivor regions: 1->1(1)
[2024-10-12T10:37:32.720+0800][info] GC(199) Old regions: 45->47
[2024-10-12T10:37:32.720+0800][info] GC(199) Archive regions: 2->2
[2024-10-12T10:37:32.720+0800][info] GC(199) Humongous regions: 3->3
[2024-10-12T10:37:32.720+0800][info] GC(199) Metaspace: 1623K(1792K)->1623K(1792K) NonClass: 1498K(1600K)->1498K(1600K) Class: 124K(192K)->124K(192K)
[2024-10-12T10:37:32.720+0800][info] GC(199) Pause Young (Normal) (G1 Evacuation Pause) 91M->92M(128M) 1.332ms
[2024-10-12T10:37:32.720+0800][info] GC(199) User=0.00s Sys=0.00s Real=0.00s
[2024-10-12T10:37:32.822+0800][info] GC(200) Pause Young (Concurrent Start) (G1 Evacuation Pause)
[2024-10-12T10:37:32.822+0800][info] GC(200) Using 3 workers of 48 for evacuation
[2024-10-12T10:37:32.824+0800][info] GC(200)   Pre Evacuate Collection Set: 0.1ms
[2024-10-12T10:37:32.824+0800][info] GC(200)   Merge Heap Roots: 0.1ms
[2024-10-12T10:37:32.824+0800][info] GC(200)   Evacuate Collection Set: 0.9ms
[2024-10-12T10:37:32.824+0800][info] GC(200)   Post Evacuate Collection Set: 0.2ms
[2024-10-12T10:37:32.824+0800][info] GC(200)   Other: 0.4ms
[2024-10-12T10:37:32.824+0800][info] GC(200) Eden regions: 2->0(2)
[2024-10-12T10:37:32.824+0800][info] GC(200) Survivor regions: 1->1(1)
[2024-10-12T10:37:32.824+0800][info] GC(200) Old regions: 47->49
[2024-10-12T10:37:32.824+0800][info] GC(200) Archive regions: 2->2
[2024-10-12T10:37:32.824+0800][info] GC(200) Humongous regions: 3->3
[2024-10-12T10:37:32.824+0800][info] GC(200) Metaspace: 1623K(1792K)->1623K(1792K) NonClass: 1498K(1600K)->1498K(1600K) Class: 124K(192K)->124K(192K)
[2024-10-12T10:37:32.824+0800][info] GC(200) Pause Young (Concurrent Start) (G1 Evacuation Pause) 95M->95M(128M) 1.725ms
[2024-10-12T10:37:32.824+0800][info] GC(200) User=0.00s Sys=0.01s Real=0.00s
[2024-10-12T10:37:32.824+0800][info] GC(201) Concurrent Mark Cycle
[2024-10-12T10:37:32.824+0800][info] GC(201) Concurrent Clear Claimed Marks
[2024-10-12T10:37:32.824+0800][info] GC(201) Concurrent Clear Claimed Marks 0.017ms
[2024-10-12T10:37:32.824+0800][info] GC(201) Concurrent Scan Root Regions
[2024-10-12T10:37:32.824+0800][info] GC(201) Concurrent Scan Root Regions 0.104ms
[2024-10-12T10:37:32.824+0800][info] GC(201) Concurrent Mark
[2024-10-12T10:37:32.824+0800][info] GC(201) Concurrent Mark From Roots
[2024-10-12T10:37:32.824+0800][info] GC(201) Using 12 workers of 12 for marking
[2024-10-12T10:37:32.828+0800][info] GC(201) Concurrent Mark From Roots 3.653ms
[2024-10-12T10:37:32.828+0800][info] GC(201) Concurrent Preclean
[2024-10-12T10:37:32.830+0800][info] GC(201) Concurrent Preclean 1.705ms
[2024-10-12T10:37:32.830+0800][info] GC(201) Pause Remark
[2024-10-12T10:37:32.831+0800][info] GC(201) Pause Remark 96M->96M(128M) 1.485ms
[2024-10-12T10:37:32.832+0800][info] GC(201) User=0.00s Sys=0.00s Real=0.00s
[2024-10-12T10:37:32.832+0800][info] GC(201) Concurrent Mark 7.165ms
[2024-10-12T10:37:32.832+0800][info] GC(201) Concurrent Rebuild Remembered Sets
[2024-10-12T10:37:32.833+0800][info] GC(201) Concurrent Rebuild Remembered Sets 1.304ms
[2024-10-12T10:37:32.833+0800][info] GC(201) Pause Cleanup
[2024-10-12T10:37:32.833+0800][info] GC(201) Pause Cleanup 96M->96M(128M) 0.227ms
[2024-10-12T10:37:32.833+0800][info] GC(201) User=0.00s Sys=0.00s Real=0.01s
[2024-10-12T10:37:32.833+0800][info] GC(201) Concurrent Cleanup for Next Mark
[2024-10-12T10:37:32.834+0800][info] GC(201) Concurrent Cleanup for Next Mark 0.374ms
[2024-10-12T10:37:32.834+0800][info] GC(201) Concurrent Mark Cycle 9.551ms
[2024-10-12T10:37:32.977+0800][info] GC(202) Pause Young (Prepare Mixed) (G1 Evacuation Pause)
[2024-10-12T10:37:32.977+0800][info] GC(202) Using 3 workers of 48 for evacuation
[2024-10-12T10:37:32.979+0800][info] GC(202)   Pre Evacuate Collection Set: 0.1ms
[2024-10-12T10:37:32.979+0800][info] GC(202)   Merge Heap Roots: 0.1ms
[2024-10-12T10:37:32.979+0800][info] GC(202)   Evacuate Collection Set: 0.8ms
[2024-10-12T10:37:32.979+0800][info] GC(202)   Post Evacuate Collection Set: 0.2ms
[2024-10-12T10:37:32.979+0800][info] GC(202)   Other: 0.2ms
[2024-10-12T10:37:32.979+0800][info] GC(202) Eden regions: 2->0(2)
[2024-10-12T10:37:32.979+0800][info] GC(202) Survivor regions: 1->1(1)
[2024-10-12T10:37:32.979+0800][info] GC(202) Old regions: 49->51
[2024-10-12T10:37:32.979+0800][info] GC(202) Archive regions: 2->2
[2024-10-12T10:37:32.979+0800][info] GC(202) Humongous regions: 3->3
[2024-10-12T10:37:32.979+0800][info] GC(202) Metaspace: 1623K(1792K)->1623K(1792K) NonClass: 1498K(1600K)->1498K(1600K) Class: 124K(192K)->124K(192K)
[2024-10-12T10:37:32.979+0800][info] GC(202) Pause Young (Prepare Mixed) (G1 Evacuation Pause) 99M->99M(128M) 1.516ms
[2024-10-12T10:37:32.979+0800][info] GC(202) User=0.00s Sys=0.00s Real=0.00s
[2024-10-12T10:37:33.081+0800][info] GC(203) Pause Young (Mixed) (G1 Preventive Collection)
[2024-10-12T10:37:33.081+0800][info] GC(203) Using 3 workers of 48 for evacuation
[2024-10-12T10:37:33.083+0800][info] GC(203)   Pre Evacuate Collection Set: 0.2ms
[2024-10-12T10:37:33.083+0800][info] GC(203)   Merge Heap Roots: 0.1ms
[2024-10-12T10:37:33.083+0800][info] GC(203)   Evacuate Collection Set: 1.2ms
[2024-10-12T10:37:33.083+0800][info] GC(203)   Post Evacuate Collection Set: 0.2ms
[2024-10-12T10:37:33.083+0800][info] GC(203)   Other: 0.2ms
[2024-10-12T10:37:33.083+0800][info] GC(203) Eden regions: 2->0(2)
[2024-10-12T10:37:33.083+0800][info] GC(203) Survivor regions: 1->1(1)
[2024-10-12T10:37:33.083+0800][info] GC(203) Old regions: 51->47
[2024-10-12T10:37:33.083+0800][info] GC(203) Archive regions: 2->2
[2024-10-12T10:37:33.083+0800][info] GC(203) Humongous regions: 3->3
[2024-10-12T10:37:33.083+0800][info] GC(203) Metaspace: 1623K(1792K)->1623K(1792K) NonClass: 1498K(1600K)->1498K(1600K) Class: 124K(192K)->124K(192K)
[2024-10-12T10:37:33.083+0800][info] GC(203) Pause Young (Mixed) (G1 Preventive Collection) 103M->94M(128M) 1.984ms
[2024-10-12T10:37:33.083+0800][info] GC(203) User=0.00s Sys=0.00s Real=0.00s
[2024-10-12T10:37:33.185+0800][info] GC(204) Pause Young (Mixed) (G1 Evacuation Pause)
[2024-10-12T10:37:33.185+0800][info] GC(204) Using 3 workers of 48 for evacuation
[2024-10-12T10:37:33.187+0800][info] GC(204)   Pre Evacuate Collection Set: 0.1ms
[2024-10-12T10:37:33.187+0800][info] GC(204)   Merge Heap Roots: 0.0ms
[2024-10-12T10:37:33.187+0800][info] GC(204)   Evacuate Collection Set: 1.5ms
[2024-10-12T10:37:33.187+0800][info] GC(204)   Post Evacuate Collection Set: 0.2ms
[2024-10-12T10:37:33.187+0800][info] GC(204)   Other: 0.2ms
[2024-10-12T10:37:33.187+0800][info] GC(204) Eden regions: 2->0(2)
[2024-10-12T10:37:33.187+0800][info] GC(204) Survivor regions: 1->1(1)
[2024-10-12T10:37:33.187+0800][info] GC(204) Old regions: 47->47
[2024-10-12T10:37:33.187+0800][info] GC(204) Archive regions: 2->2
[2024-10-12T10:37:33.188+0800][info] GC(204) Humongous regions: 3->3
[2024-10-12T10:37:33.188+0800][info] GC(204) Metaspace: 1623K(1792K)->1623K(1792K) NonClass: 1498K(1600K)->1498K(1600K) Class: 124K(192K)->124K(192K)
[2024-10-12T10:37:33.188+0800][info] GC(204) Pause Young (Mixed) (G1 Evacuation Pause) 98M->96M(128M) 2.108ms
[2024-10-12T10:37:33.188+0800][info] GC(204) User=0.01s Sys=0.00s Real=0.00s
[2024-10-12T10:37:33.290+0800][info] GC(205) Pause Young (Normal) (G1 Evacuation Pause)
[2024-10-12T10:37:33.290+0800][info] GC(205) Using 3 workers of 48 for evacuation
[2024-10-12T10:37:33.291+0800][info] GC(205)   Pre Evacuate Collection Set: 0.1ms
[2024-10-12T10:37:33.291+0800][info] GC(205)   Merge Heap Roots: 0.0ms
[2024-10-12T10:37:33.291+0800][info] GC(205)   Evacuate Collection Set: 0.5ms
[2024-10-12T10:37:33.291+0800][info] GC(205)   Post Evacuate Collection Set: 0.2ms
[2024-10-12T10:37:33.291+0800][info] GC(205)   Other: 0.2ms
[2024-10-12T10:37:33.291+0800][info] GC(205) Eden regions: 2->0(2)
[2024-10-12T10:37:33.291+0800][info] GC(205) Survivor regions: 1->1(1)
[2024-10-12T10:37:33.291+0800][info] GC(205) Old regions: 47->49
[2024-10-12T10:37:33.291+0800][info] GC(205) Archive regions: 2->2
[2024-10-12T10:37:33.291+0800][info] GC(205) Humongous regions: 3->3
[2024-10-12T10:37:33.291+0800][info] GC(205) Metaspace: 1623K(1792K)->1623K(1792K) NonClass: 1498K(1600K)->1498K(1600K) Class: 124K(192K)->124K(192K)
[2024-10-12T10:37:33.291+0800][info] GC(205) Pause Young (Normal) (G1 Evacuation Pause) 100M->99M(128M) 1.191ms
[2024-10-12T10:37:33.291+0800][info] GC(205) User=0.00s Sys=0.00s Real=0.00s
[2024-10-12T10:37:33.393+0800][info] GC(206) Pause Young (Concurrent Start) (G1 Evacuation Pause)
[2024-10-12T10:37:33.393+0800][info] GC(206) Using 3 workers of 48 for evacuation
[2024-10-12T10:37:33.395+0800][info] GC(206)   Pre Evacuate Collection Set: 0.1ms
[2024-10-12T10:37:33.395+0800][info] GC(206)   Merge Heap Roots: 0.0ms
[2024-10-12T10:37:33.395+0800][info] GC(206)   Evacuate Collection Set: 0.7ms
[2024-10-12T10:37:33.395+0800][info] GC(206)   Post Evacuate Collection Set: 0.2ms
[2024-10-12T10:37:33.395+0800][info] GC(206)   Other: 0.4ms
[2024-10-12T10:37:33.395+0800][info] GC(206) Eden regions: 2->0(2)
[2024-10-12T10:37:33.395+0800][info] GC(206) Survivor regions: 1->1(1)
[2024-10-12T10:37:33.395+0800][info] GC(206) Old regions: 49->51
[2024-10-12T10:37:33.395+0800][info] GC(206) Archive regions: 2->2
[2024-10-12T10:37:33.395+0800][info] GC(206) Humongous regions: 3->3
[2024-10-12T10:37:33.395+0800][info] GC(206) Metaspace: 1623K(1792K)->1623K(1792K) NonClass: 1498K(1600K)->1498K(1600K) Class: 124K(192K)->124K(192K)
[2024-10-12T10:37:33.395+0800][info] GC(206) Pause Young (Concurrent Start) (G1 Evacuation Pause) 103M->103M(128M) 1.555ms
[2024-10-12T10:37:33.395+0800][info] GC(206) User=0.00s Sys=0.00s Real=0.00s
[2024-10-12T10:37:33.395+0800][info] GC(207) Concurrent Mark Cycle
[2024-10-12T10:37:33.395+0800][info] GC(207) Concurrent Clear Claimed Marks
[2024-10-12T10:37:33.395+0800][info] GC(207) Concurrent Clear Claimed Marks 0.017ms
[2024-10-12T10:37:33.395+0800][info] GC(207) Concurrent Scan Root Regions
[2024-10-12T10:37:33.395+0800][info] GC(207) Concurrent Scan Root Regions 0.091ms
[2024-10-12T10:37:33.395+0800][info] GC(207) Concurrent Mark
[2024-10-12T10:37:33.395+0800][info] GC(207) Concurrent Mark From Roots
[2024-10-12T10:37:33.395+0800][info] GC(207) Using 12 workers of 12 for marking
[2024-10-12T10:37:33.399+0800][info] GC(207) Concurrent Mark From Roots 4.036ms
[2024-10-12T10:37:33.399+0800][info] GC(207) Concurrent Preclean
[2024-10-12T10:37:33.401+0800][info] GC(207) Concurrent Preclean 1.697ms
[2024-10-12T10:37:33.401+0800][info] GC(207) Pause Remark
[2024-10-12T10:37:33.402+0800][info] GC(207) Pause Remark 103M->101M(128M) 1.323ms
[2024-10-12T10:37:33.402+0800][info] GC(207) User=0.00s Sys=0.01s Real=0.00s
[2024-10-12T10:37:33.402+0800][info] GC(207) Concurrent Mark 7.284ms
[2024-10-12T10:37:33.403+0800][info] GC(207) Concurrent Rebuild Remembered Sets
[2024-10-12T10:37:33.404+0800][info] GC(207) Concurrent Rebuild Remembered Sets 1.257ms
[2024-10-12T10:37:33.404+0800][info] GC(207) Pause Cleanup
[2024-10-12T10:37:33.404+0800][info] GC(207) Pause Cleanup 101M->101M(128M) 0.216ms
[2024-10-12T10:37:33.404+0800][info] GC(207) User=0.00s Sys=0.00s Real=0.00s
[2024-10-12T10:37:33.404+0800][info] GC(207) Concurrent Cleanup for Next Mark
[2024-10-12T10:37:33.405+0800][info] GC(207) Concurrent Cleanup for Next Mark 0.371ms
[2024-10-12T10:37:33.405+0800][info] GC(207) Concurrent Mark Cycle 9.530ms
[2024-10-12T10:37:33.549+0800][info] GC(208) Pause Young (Prepare Mixed) (G1 Evacuation Pause)
[2024-10-12T10:37:33.549+0800][info] GC(208) Using 3 workers of 48 for evacuation
[2024-10-12T10:37:33.550+0800][info] GC(208)   Pre Evacuate Collection Set: 0.1ms
[2024-10-12T10:37:33.550+0800][info] GC(208)   Merge Heap Roots: 0.0ms
[2024-10-12T10:37:33.550+0800][info] GC(208)   Evacuate Collection Set: 0.9ms
[2024-10-12T10:37:33.551+0800][info] GC(208)   Post Evacuate Collection Set: 0.2ms
[2024-10-12T10:37:33.551+0800][info] GC(208)   Other: 0.3ms
[2024-10-12T10:37:33.551+0800][info] GC(208) Eden regions: 2->0(2)
[2024-10-12T10:37:33.551+0800][info] GC(208) Survivor regions: 1->1(1)
[2024-10-12T10:37:33.551+0800][info] GC(208) Old regions: 50->51
[2024-10-12T10:37:33.551+0800][info] GC(208) Archive regions: 2->2
[2024-10-12T10:37:33.551+0800][info] GC(208) Humongous regions: 4->3
[2024-10-12T10:37:33.551+0800][info] GC(208) Metaspace: 1623K(1792K)->1623K(1792K) NonClass: 1498K(1600K)->1498K(1600K) Class: 124K(192K)->124K(192K)
[2024-10-12T10:37:33.551+0800][info] GC(208) Pause Young (Prepare Mixed) (G1 Evacuation Pause) 106M->104M(128M) 1.581ms
[2024-10-12T10:37:33.551+0800][info] GC(208) User=0.00s Sys=0.00s Real=0.00s
[2024-10-12T10:37:33.653+0800][info] GC(209) Pause Young (Mixed) (G1 Preventive Collection)
[2024-10-12T10:37:33.653+0800][info] GC(209) Using 3 workers of 48 for evacuation
[2024-10-12T10:37:33.655+0800][info] GC(209)   Pre Evacuate Collection Set: 0.1ms
[2024-10-12T10:37:33.655+0800][info] GC(209)   Merge Heap Roots: 0.1ms
[2024-10-12T10:37:33.655+0800][info] GC(209)   Evacuate Collection Set: 1.3ms
[2024-10-12T10:37:33.655+0800][info] GC(209)   Post Evacuate Collection Set: 0.2ms
[2024-10-12T10:37:33.655+0800][info] GC(209)   Other: 0.2ms
[2024-10-12T10:37:33.655+0800][info] GC(209) Eden regions: 2->0(2)
[2024-10-12T10:37:33.655+0800][info] GC(209) Survivor regions: 1->1(1)
[2024-10-12T10:37:33.655+0800][info] GC(209) Old regions: 51->48
[2024-10-12T10:37:33.655+0800][info] GC(209) Archive regions: 2->2
[2024-10-12T10:37:33.655+0800][info] GC(209) Humongous regions: 3->3
[2024-10-12T10:37:33.655+0800][info] GC(209) Metaspace: 1623K(1792K)->1623K(1792K) NonClass: 1498K(1600K)->1498K(1600K) Class: 124K(192K)->124K(192K)
[2024-10-12T10:37:33.655+0800][info] GC(209) Pause Young (Mixed) (G1 Preventive Collection) 107M->99M(128M) 2.067ms
[2024-10-12T10:37:33.655+0800][info] GC(209) User=0.00s Sys=0.00s Real=0.01s
[2024-10-12T10:37:33.757+0800][info] GC(210) Pause Young (Mixed) (G1 Evacuation Pause)
[2024-10-12T10:37:33.757+0800][info] GC(210) Using 3 workers of 48 for evacuation
[2024-10-12T10:37:33.759+0800][info] GC(210)   Pre Evacuate Collection Set: 0.2ms
[2024-10-12T10:37:33.759+0800][info] GC(210)   Merge Heap Roots: 0.1ms
[2024-10-12T10:37:33.759+0800][info] GC(210)   Evacuate Collection Set: 1.4ms
[2024-10-12T10:37:33.759+0800][info] GC(210)   Post Evacuate Collection Set: 0.2ms
[2024-10-12T10:37:33.759+0800][info] GC(210)   Other: 0.1ms
[2024-10-12T10:37:33.759+0800][info] GC(210) Eden regions: 2->0(2)
[2024-10-12T10:37:33.759+0800][info] GC(210) Survivor regions: 1->1(1)
[2024-10-12T10:37:33.759+0800][info] GC(210) Old regions: 48->48
[2024-10-12T10:37:33.759+0800][info] GC(210) Archive regions: 2->2
[2024-10-12T10:37:33.759+0800][info] GC(210) Humongous regions: 3->3
[2024-10-12T10:37:33.759+0800][info] GC(210) Metaspace: 1623K(1792K)->1623K(1792K) NonClass: 1498K(1600K)->1498K(1600K) Class: 124K(192K)->124K(192K)
[2024-10-12T10:37:33.759+0800][info] GC(210) Pause Young (Mixed) (G1 Evacuation Pause) 102M->99M(128M) 2.075ms
[2024-10-12T10:37:33.759+0800][info] GC(210) User=0.01s Sys=0.00s Real=0.00s
[2024-10-12T10:37:33.861+0800][info] GC(211) Pause Young (Normal) (G1 Evacuation Pause)
[2024-10-12T10:37:33.861+0800][info] GC(211) Using 3 workers of 48 for evacuation
[2024-10-12T10:37:33.863+0800][info] GC(211)   Pre Evacuate Collection Set: 0.1ms
[2024-10-12T10:37:33.863+0800][info] GC(211)   Merge Heap Roots: 0.0ms
[2024-10-12T10:37:33.863+0800][info] GC(211)   Evacuate Collection Set: 0.7ms
[2024-10-12T10:37:33.863+0800][info] GC(211)   Post Evacuate Collection Set: 0.2ms
[2024-10-12T10:37:33.863+0800][info] GC(211)   Other: 0.2ms
[2024-10-12T10:37:33.863+0800][info] GC(211) Eden regions: 2->0(2)
[2024-10-12T10:37:33.863+0800][info] GC(211) Survivor regions: 1->1(1)
[2024-10-12T10:37:33.863+0800][info] GC(211) Old regions: 48->50
[2024-10-12T10:37:33.863+0800][info] GC(211) Archive regions: 2->2
[2024-10-12T10:37:33.863+0800][info] GC(211) Humongous regions: 3->3
[2024-10-12T10:37:33.863+0800][info] GC(211) Metaspace: 1623K(1792K)->1623K(1792K) NonClass: 1498K(1600K)->1498K(1600K) Class: 124K(192K)->124K(192K)
[2024-10-12T10:37:33.863+0800][info] GC(211) Pause Young (Normal) (G1 Evacuation Pause) 103M->103M(128M) 1.347ms
[2024-10-12T10:37:33.863+0800][info] GC(211) User=0.00s Sys=0.01s Real=0.00s
[2024-10-12T10:37:33.965+0800][info] GC(212) Pause Young (Concurrent Start) (G1 Evacuation Pause)
[2024-10-12T10:37:33.965+0800][info] GC(212) Using 3 workers of 48 for evacuation
[2024-10-12T10:37:33.967+0800][info] GC(212)   Pre Evacuate Collection Set: 0.1ms
[2024-10-12T10:37:33.967+0800][info] GC(212)   Merge Heap Roots: 0.1ms
[2024-10-12T10:37:33.967+0800][info] GC(212)   Evacuate Collection Set: 0.9ms
[2024-10-12T10:37:33.967+0800][info] GC(212)   Post Evacuate Collection Set: 0.2ms
[2024-10-12T10:37:33.967+0800][info] GC(212)   Other: 0.3ms
[2024-10-12T10:37:33.967+0800][info] GC(212) Eden regions: 2->0(2)
[2024-10-12T10:37:33.967+0800][info] GC(212) Survivor regions: 1->1(1)
[2024-10-12T10:37:33.967+0800][info] GC(212) Old regions: 50->52
[2024-10-12T10:37:33.967+0800][info] GC(212) Archive regions: 2->2
[2024-10-12T10:37:33.967+0800][info] GC(212) Humongous regions: 3->3
[2024-10-12T10:37:33.967+0800][info] GC(212) Metaspace: 1623K(1792K)->1623K(1792K) NonClass: 1498K(1600K)->1498K(1600K) Class: 124K(192K)->124K(192K)
[2024-10-12T10:37:33.967+0800][info] GC(212) Pause Young (Concurrent Start) (G1 Evacuation Pause) 107M->107M(128M) 1.617ms
[2024-10-12T10:37:33.967+0800][info] GC(212) User=0.00s Sys=0.00s Real=0.00s
[2024-10-12T10:37:33.967+0800][info] GC(213) Concurrent Mark Cycle
[2024-10-12T10:37:33.967+0800][info] GC(213) Concurrent Clear Claimed Marks
[2024-10-12T10:37:33.967+0800][info] GC(213) Concurrent Clear Claimed Marks 0.017ms
[2024-10-12T10:37:33.967+0800][info] GC(213) Concurrent Scan Root Regions
[2024-10-12T10:37:33.967+0800][info] GC(213) Concurrent Scan Root Regions 0.158ms
[2024-10-12T10:37:33.967+0800][info] GC(213) Concurrent Mark
[2024-10-12T10:37:33.967+0800][info] GC(213) Concurrent Mark From Roots
[2024-10-12T10:37:33.967+0800][info] GC(213) Using 12 workers of 12 for marking
[2024-10-12T10:37:33.971+0800][info] GC(213) Concurrent Mark From Roots 3.500ms
[2024-10-12T10:37:33.971+0800][info] GC(213) Concurrent Preclean
[2024-10-12T10:37:33.972+0800][info] GC(213) Concurrent Preclean 1.690ms
[2024-10-12T10:37:33.972+0800][info] GC(213) Pause Remark
[2024-10-12T10:37:33.974+0800][info] GC(213) Pause Remark 108M->108M(128M) 1.460ms
[2024-10-12T10:37:33.974+0800][info] GC(213) User=0.01s Sys=0.00s Real=0.01s
[2024-10-12T10:37:33.974+0800][info] GC(213) Concurrent Mark 6.904ms
[2024-10-12T10:37:33.974+0800][info] GC(213) Concurrent Rebuild Remembered Sets
[2024-10-12T10:37:33.975+0800][info] GC(213) Concurrent Rebuild Remembered Sets 1.294ms
[2024-10-12T10:37:33.976+0800][info] GC(213) Pause Cleanup
[2024-10-12T10:37:33.976+0800][info] GC(213) Pause Cleanup 108M->108M(128M) 0.197ms
[2024-10-12T10:37:33.976+0800][info] GC(213) User=0.00s Sys=0.00s Real=0.00s
[2024-10-12T10:37:33.976+0800][info] GC(213) Concurrent Cleanup for Next Mark
[2024-10-12T10:37:33.976+0800][info] GC(213) Concurrent Cleanup for Next Mark 0.357ms
[2024-10-12T10:37:33.976+0800][info] GC(213) Concurrent Mark Cycle 9.283ms
[2024-10-12T10:37:34.120+0800][info] GC(214) Pause Young (Prepare Mixed) (G1 Preventive Collection)
[2024-10-12T10:37:34.120+0800][info] GC(214) Using 3 workers of 48 for evacuation
[2024-10-12T10:37:34.121+0800][info] GC(214)   Pre Evacuate Collection Set: 0.1ms
[2024-10-12T10:37:34.121+0800][info] GC(214)   Merge Heap Roots: 0.1ms
[2024-10-12T10:37:34.121+0800][info] GC(214)   Evacuate Collection Set: 0.8ms
[2024-10-12T10:37:34.121+0800][info] GC(214)   Post Evacuate Collection Set: 0.2ms
[2024-10-12T10:37:34.121+0800][info] GC(214)   Other: 0.2ms
[2024-10-12T10:37:34.121+0800][info] GC(214) Eden regions: 2->0(2)
[2024-10-12T10:37:34.121+0800][info] GC(214) Survivor regions: 1->1(1)
[2024-10-12T10:37:34.121+0800][info] GC(214) Old regions: 52->54
[2024-10-12T10:37:34.121+0800][info] GC(214) Archive regions: 2->2
[2024-10-12T10:37:34.121+0800][info] GC(214) Humongous regions: 3->3
[2024-10-12T10:37:34.121+0800][info] GC(214) Metaspace: 1623K(1792K)->1623K(1792K) NonClass: 1498K(1600K)->1498K(1600K) Class: 124K(192K)->124K(192K)
[2024-10-12T10:37:34.121+0800][info] GC(214) Pause Young (Prepare Mixed) (G1 Preventive Collection) 111M->111M(128M) 1.512ms
[2024-10-12T10:37:34.121+0800][info] GC(214) User=0.00s Sys=0.00s Real=0.00s
[2024-10-12T10:37:34.183+0800][info] GC(215) Pause Young (Mixed) (G1 Preventive Collection)
[2024-10-12T10:37:34.183+0800][info] GC(215) Using 3 workers of 48 for evacuation
[2024-10-12T10:37:34.185+0800][info] GC(215) To-space exhausted
[2024-10-12T10:37:34.185+0800][info] GC(215)   Pre Evacuate Collection Set: 0.2ms
[2024-10-12T10:37:34.185+0800][info] GC(215)   Merge Heap Roots: 0.1ms
[2024-10-12T10:37:34.185+0800][info] GC(215)   Evacuate Collection Set: 0.9ms
[2024-10-12T10:37:34.185+0800][info] GC(215)   Post Evacuate Collection Set: 0.2ms
[2024-10-12T10:37:34.185+0800][info] GC(215)   Other: 0.2ms
[2024-10-12T10:37:34.185+0800][info] GC(215) Eden regions: 1->0(2)
[2024-10-12T10:37:34.185+0800][info] GC(215) Survivor regions: 1->1(1)
[2024-10-12T10:37:34.185+0800][info] GC(215) Old regions: 54->52
[2024-10-12T10:37:34.185+0800][info] GC(215) Archive regions: 2->2
[2024-10-12T10:37:34.185+0800][info] GC(215) Humongous regions: 3->3
[2024-10-12T10:37:34.185+0800][info] GC(215) Metaspace: 1623K(1792K)->1623K(1792K) NonClass: 1498K(1600K)->1498K(1600K) Class: 124K(192K)->124K(192K)
[2024-10-12T10:37:34.185+0800][info] GC(215) Pause Young (Mixed) (G1 Preventive Collection) 113M->109M(128M) 1.675ms
[2024-10-12T10:37:34.185+0800][info] GC(215) User=0.01s Sys=0.00s Real=0.00s
[2024-10-12T10:37:34.287+0800][info] GC(216) Pause Young (Mixed) (G1 Preventive Collection)
[2024-10-12T10:37:34.287+0800][info] GC(216) Using 3 workers of 48 for evacuation
[2024-10-12T10:37:34.289+0800][info] GC(216) To-space exhausted
[2024-10-12T10:37:34.289+0800][info] GC(216)   Pre Evacuate Collection Set: 0.2ms
[2024-10-12T10:37:34.289+0800][info] GC(216)   Merge Heap Roots: 0.1ms
[2024-10-12T10:37:34.289+0800][info] GC(216)   Evacuate Collection Set: 1.2ms
[2024-10-12T10:37:34.289+0800][info] GC(216)   Post Evacuate Collection Set: 0.3ms
[2024-10-12T10:37:34.289+0800][info] GC(216)   Other: 0.1ms
[2024-10-12T10:37:34.289+0800][info] GC(216) Eden regions: 2->0(2)
[2024-10-12T10:37:34.289+0800][info] GC(216) Survivor regions: 1->1(1)
[2024-10-12T10:37:34.289+0800][info] GC(216) Old regions: 52->57
[2024-10-12T10:37:34.289+0800][info] GC(216) Archive regions: 2->2
[2024-10-12T10:37:34.289+0800][info] GC(216) Humongous regions: 3->3
[2024-10-12T10:37:34.289+0800][info] GC(216) Metaspace: 1623K(1792K)->1623K(1792K) NonClass: 1498K(1600K)->1498K(1600K) Class: 124K(192K)->124K(192K)
[2024-10-12T10:37:34.289+0800][info] GC(216) Pause Young (Mixed) (G1 Preventive Collection) 113M->119M(128M) 2.022ms
[2024-10-12T10:37:34.289+0800][info] GC(216) User=0.00s Sys=0.00s Real=0.00s
[2024-10-12T10:37:34.351+0800][info] GC(217) Pause Young (Concurrent Start) (G1 Evacuation Pause)
[2024-10-12T10:37:34.351+0800][info] GC(217) Using 3 workers of 48 for evacuation
[2024-10-12T10:37:34.351+0800][info] GC(217) To-space exhausted
[2024-10-12T10:37:34.351+0800][info] GC(217)   Pre Evacuate Collection Set: 0.1ms
[2024-10-12T10:37:34.352+0800][info] GC(217)   Merge Heap Roots: 0.0ms
[2024-10-12T10:37:34.352+0800][info] GC(217)   Evacuate Collection Set: 0.2ms
[2024-10-12T10:37:34.352+0800][info] GC(217)   Post Evacuate Collection Set: 0.2ms
[2024-10-12T10:37:34.352+0800][info] GC(217)   Other: 0.3ms
[2024-10-12T10:37:34.352+0800][info] GC(217) Eden regions: 1->0(3)
[2024-10-12T10:37:34.352+0800][info] GC(217) Survivor regions: 1->0(0)
[2024-10-12T10:37:34.352+0800][info] GC(217) Old regions: 57->59
[2024-10-12T10:37:34.352+0800][info] GC(217) Archive regions: 2->2
[2024-10-12T10:37:34.352+0800][info] GC(217) Humongous regions: 3->3
[2024-10-12T10:37:34.352+0800][info] GC(217) Metaspace: 1623K(1792K)->1623K(1792K) NonClass: 1498K(1600K)->1498K(1600K) Class: 124K(192K)->124K(192K)
[2024-10-12T10:37:34.352+0800][info] GC(217) Pause Young (Concurrent Start) (G1 Evacuation Pause) 121M->121M(128M) 0.908ms
[2024-10-12T10:37:34.352+0800][info] GC(217) User=0.00s Sys=0.00s Real=0.00s
[2024-10-12T10:37:34.352+0800][info] Attempting full compaction
[2024-10-12T10:37:34.352+0800][info] GC(218) Using 3 workers of 48 for full compaction
[2024-10-12T10:37:34.352+0800][info] GC(218) Pause Full (G1 Compaction Pause)
[2024-10-12T10:37:34.352+0800][info] GC(219) Concurrent Mark Cycle
[2024-10-12T10:37:34.352+0800][info] GC(219) Concurrent Clear Claimed Marks
[2024-10-12T10:37:34.352+0800][info] GC(219) Concurrent Clear Claimed Marks 0.017ms
[2024-10-12T10:37:34.352+0800][info] GC(219) Concurrent Scan Root Regions
[2024-10-12T10:37:34.352+0800][info] GC(219) Concurrent Scan Root Regions 0.010ms
[2024-10-12T10:37:34.352+0800][info] GC(219) Concurrent Mark
[2024-10-12T10:37:34.352+0800][info] GC(219) Concurrent Mark From Roots
[2024-10-12T10:37:34.352+0800][info] GC(219) Using 12 workers of 12 for marking
[2024-10-12T10:37:34.352+0800][info] GC(218) Phase 1: Mark live objects
[2024-10-12T10:37:34.355+0800][info] GC(218) Phase 1: Mark live objects 2.715ms
[2024-10-12T10:37:34.355+0800][info] GC(218) Phase 2: Prepare for compaction
[2024-10-12T10:37:34.355+0800][info] GC(218) Phase 2: Prepare for compaction 0.504ms
[2024-10-12T10:37:34.355+0800][info] GC(218) Phase 3: Adjust pointers
[2024-10-12T10:37:34.357+0800][info] GC(218) Phase 3: Adjust pointers 1.484ms
[2024-10-12T10:37:34.357+0800][info] GC(218) Phase 4: Compact heap
[2024-10-12T10:37:34.372+0800][info] GC(218) Phase 4: Compact heap 14.625ms
[2024-10-12T10:37:34.373+0800][info] GC(218) Eden regions: 0->0(4)
[2024-10-12T10:37:34.373+0800][info] GC(218) Survivor regions: 0->0(0)
[2024-10-12T10:37:34.373+0800][info] GC(218) Old regions: 59->38
[2024-10-12T10:37:34.373+0800][info] GC(218) Archive regions: 2->2
[2024-10-12T10:37:34.373+0800][info] GC(218) Humongous regions: 3->3
[2024-10-12T10:37:34.373+0800][info] GC(218) Metaspace: 1623K(1792K)->1623K(1792K) NonClass: 1498K(1600K)->1498K(1600K) Class: 124K(192K)->124K(192K)
[2024-10-12T10:37:34.373+0800][info] GC(218) Pause Full (G1 Compaction Pause) 121M->72M(128M) 21.275ms
[2024-10-12T10:37:34.373+0800][info] GC(218) User=0.03s Sys=0.00s Real=0.03s
[2024-10-12T10:37:34.373+0800][info] GC(219) Concurrent Mark From Roots 21.531ms
[2024-10-12T10:37:34.373+0800][info] GC(219) Concurrent Mark Abort
[2024-10-12T10:37:34.373+0800][info] GC(219) Concurrent Mark Cycle 21.714ms
[2024-10-12T10:37:34.578+0800][info] GC(220) Pause Young (Normal) (G1 Evacuation Pause)
[2024-10-12T10:37:34.578+0800][info] GC(220) Using 3 workers of 48 for evacuation
[2024-10-12T10:37:34.580+0800][info] GC(220)   Pre Evacuate Collection Set: 0.1ms
[2024-10-12T10:37:34.580+0800][info] GC(220)   Merge Heap Roots: 0.0ms
[2024-10-12T10:37:34.580+0800][info] GC(220)   Evacuate Collection Set: 0.9ms
[2024-10-12T10:37:34.580+0800][info] GC(220)   Post Evacuate Collection Set: 0.2ms
[2024-10-12T10:37:34.580+0800][info] GC(220)   Other: 0.2ms
[2024-10-12T10:37:34.580+0800][info] GC(220) Eden regions: 4->0(3)
[2024-10-12T10:37:34.580+0800][info] GC(220) Survivor regions: 0->1(1)
[2024-10-12T10:37:34.580+0800][info] GC(220) Old regions: 38->41
[2024-10-12T10:37:34.580+0800][info] GC(220) Archive regions: 2->2
[2024-10-12T10:37:34.580+0800][info] GC(220) Humongous regions: 3->3
[2024-10-12T10:37:34.580+0800][info] GC(220) Metaspace: 1623K(1792K)->1623K(1792K) NonClass: 1498K(1600K)->1498K(1600K) Class: 124K(192K)->124K(192K)
[2024-10-12T10:37:34.580+0800][info] GC(220) Pause Young (Normal) (G1 Evacuation Pause) 80M->79M(128M) 1.637ms
[2024-10-12T10:37:34.580+0800][info] GC(220) User=0.00s Sys=0.00s Real=0.00s
[2024-10-12T10:37:34.743+0800][info] GC(221) Pause Young (Normal) (G1 Evacuation Pause)
[2024-10-12T10:37:34.743+0800][info] GC(221) Using 3 workers of 48 for evacuation
[2024-10-12T10:37:34.745+0800][info] GC(221)   Pre Evacuate Collection Set: 0.1ms
[2024-10-12T10:37:34.745+0800][info] GC(221)   Merge Heap Roots: 0.1ms
[2024-10-12T10:37:34.745+0800][info] GC(221)   Evacuate Collection Set: 1.0ms
[2024-10-12T10:37:34.745+0800][info] GC(221)   Post Evacuate Collection Set: 0.2ms
[2024-10-12T10:37:34.745+0800][info] GC(221)   Other: 0.2ms
[2024-10-12T10:37:34.745+0800][info] GC(221) Eden regions: 3->0(2)
[2024-10-12T10:37:34.745+0800][info] GC(221) Survivor regions: 1->1(1)
[2024-10-12T10:37:34.745+0800][info] GC(221) Old regions: 41->44
[2024-10-12T10:37:34.745+0800][info] GC(221) Archive regions: 2->2
[2024-10-12T10:37:34.745+0800][info] GC(221) Humongous regions: 3->3
[2024-10-12T10:37:34.745+0800][info] GC(221) Metaspace: 1630K(1792K)->1630K(1792K) NonClass: 1506K(1600K)->1506K(1600K) Class: 124K(192K)->124K(192K)
[2024-10-12T10:37:34.745+0800][info] GC(221) Pause Young (Normal) (G1 Evacuation Pause) 85M->85M(128M) 1.780ms
[2024-10-12T10:37:34.745+0800][info] GC(221) User=0.00s Sys=0.00s Real=0.01s
[2024-10-12T10:37:34.848+0800][info] GC(222) Pause Young (Normal) (G1 Evacuation Pause)
[2024-10-12T10:37:34.848+0800][info] GC(222) Using 3 workers of 48 for evacuation
[2024-10-12T10:37:34.849+0800][info] GC(222)   Pre Evacuate Collection Set: 0.1ms
[2024-10-12T10:37:34.849+0800][info] GC(222)   Merge Heap Roots: 0.0ms
[2024-10-12T10:37:34.849+0800][info] GC(222)   Evacuate Collection Set: 0.7ms
[2024-10-12T10:37:34.849+0800][info] GC(222)   Post Evacuate Collection Set: 0.2ms
[2024-10-12T10:37:34.849+0800][info] GC(222)   Other: 0.2ms
[2024-10-12T10:37:34.849+0800][info] GC(222) Eden regions: 2->0(2)
[2024-10-12T10:37:34.849+0800][info] GC(222) Survivor regions: 1->1(1)
[2024-10-12T10:37:34.849+0800][info] GC(222) Old regions: 44->46
[2024-10-12T10:37:34.849+0800][info] GC(222) Archive regions: 2->2
[2024-10-12T10:37:34.849+0800][info] GC(222) Humongous regions: 3->3
[2024-10-12T10:37:34.849+0800][info] GC(222) Metaspace: 1633K(1792K)->1633K(1792K) NonClass: 1509K(1600K)->1509K(1600K) Class: 124K(192K)->124K(192K)
[2024-10-12T10:37:34.849+0800][info] GC(222) Pause Young (Normal) (G1 Evacuation Pause) 88M->89M(128M) 1.368ms
[2024-10-12T10:37:34.849+0800][info] GC(222) User=0.01s Sys=0.00s Real=0.00s
[2024-10-12T10:37:34.951+0800][info] GC(223) Pause Young (Concurrent Start) (G1 Evacuation Pause)
[2024-10-12T10:37:34.951+0800][info] GC(223) Using 3 workers of 48 for evacuation
[2024-10-12T10:37:34.953+0800][info] GC(223)   Pre Evacuate Collection Set: 0.1ms
[2024-10-12T10:37:34.953+0800][info] GC(223)   Merge Heap Roots: 0.0ms
[2024-10-12T10:37:34.953+0800][info] GC(223)   Evacuate Collection Set: 0.8ms
[2024-10-12T10:37:34.953+0800][info] GC(223)   Post Evacuate Collection Set: 0.2ms
[2024-10-12T10:37:34.953+0800][info] GC(223)   Other: 0.3ms
[2024-10-12T10:37:34.953+0800][info] GC(223) Eden regions: 2->0(2)
[2024-10-12T10:37:34.953+0800][info] GC(223) Survivor regions: 1->1(1)
[2024-10-12T10:37:34.953+0800][info] GC(223) Old regions: 46->48
[2024-10-12T10:37:34.953+0800][info] GC(223) Archive regions: 2->2
[2024-10-12T10:37:34.953+0800][info] GC(223) Humongous regions: 3->3
[2024-10-12T10:37:34.953+0800][info] GC(223) Metaspace: 1633K(1792K)->1633K(1792K) NonClass: 1509K(1600K)->1509K(1600K) Class: 124K(192K)->124K(192K)
[2024-10-12T10:37:34.953+0800][info] GC(223) Pause Young (Concurrent Start) (G1 Evacuation Pause) 92M->93M(128M) 1.573ms
[2024-10-12T10:37:34.953+0800][info] GC(223) User=0.00s Sys=0.00s Real=0.00s
[2024-10-12T10:37:34.953+0800][info] GC(224) Concurrent Mark Cycle
[2024-10-12T10:37:34.953+0800][info] GC(224) Concurrent Clear Claimed Marks
[2024-10-12T10:37:34.953+0800][info] GC(224) Concurrent Clear Claimed Marks 0.017ms
[2024-10-12T10:37:34.953+0800][info] GC(224) Concurrent Scan Root Regions
[2024-10-12T10:37:34.953+0800][info] GC(224) Concurrent Scan Root Regions 0.203ms
[2024-10-12T10:37:34.953+0800][info] GC(224) Concurrent Mark
[2024-10-12T10:37:34.953+0800][info] GC(224) Concurrent Mark From Roots
[2024-10-12T10:37:34.953+0800][info] GC(224) Using 12 workers of 12 for marking
[2024-10-12T10:37:34.957+0800][info] GC(224) Concurrent Mark From Roots 3.704ms
[2024-10-12T10:37:34.957+0800][info] GC(224) Concurrent Preclean
[2024-10-12T10:37:34.959+0800][info] GC(224) Concurrent Preclean 1.732ms
[2024-10-12T10:37:34.959+0800][info] GC(224) Pause Remark
[2024-10-12T10:37:34.960+0800][info] GC(224) Pause Remark 93M->93M(128M) 1.490ms
[2024-10-12T10:37:34.960+0800][info] GC(224) User=0.00s Sys=0.00s Real=0.00s
[2024-10-12T10:37:34.960+0800][info] GC(224) Concurrent Mark 7.244ms
[2024-10-12T10:37:34.961+0800][info] GC(224) Concurrent Rebuild Remembered Sets
[2024-10-12T10:37:34.962+0800][info] GC(224) Concurrent Rebuild Remembered Sets 1.071ms
[2024-10-12T10:37:34.962+0800][info] GC(224) Pause Cleanup
[2024-10-12T10:37:34.962+0800][info] GC(224) Pause Cleanup 93M->93M(128M) 0.244ms
[2024-10-12T10:37:34.962+0800][info] GC(224) User=0.00s Sys=0.00s Real=0.00s
[2024-10-12T10:37:34.962+0800][info] GC(224) Concurrent Cleanup for Next Mark
[2024-10-12T10:37:34.962+0800][info] GC(224) Concurrent Cleanup for Next Mark 0.362ms
[2024-10-12T10:37:34.962+0800][info] GC(224) Concurrent Mark Cycle 9.415ms
[2024-10-12T10:37:35.107+0800][info] GC(225) Pause Young (Prepare Mixed) (G1 Evacuation Pause)
[2024-10-12T10:37:35.107+0800][info] GC(225) Using 3 workers of 48 for evacuation
[2024-10-12T10:37:35.108+0800][info] GC(225)   Pre Evacuate Collection Set: 0.1ms
[2024-10-12T10:37:35.108+0800][info] GC(225)   Merge Heap Roots: 0.1ms
[2024-10-12T10:37:35.108+0800][info] GC(225)   Evacuate Collection Set: 0.9ms
[2024-10-12T10:37:35.108+0800][info] GC(225)   Post Evacuate Collection Set: 0.2ms
[2024-10-12T10:37:35.108+0800][info] GC(225)   Other: 0.2ms
[2024-10-12T10:37:35.108+0800][info] GC(225) Eden regions: 2->0(2)
[2024-10-12T10:37:35.108+0800][info] GC(225) Survivor regions: 1->1(1)
[2024-10-12T10:37:35.108+0800][info] GC(225) Old regions: 48->50
[2024-10-12T10:37:35.108+0800][info] GC(225) Archive regions: 2->2
[2024-10-12T10:37:35.108+0800][info] GC(225) Humongous regions: 3->3
[2024-10-12T10:37:35.108+0800][info] GC(225) Metaspace: 1633K(1792K)->1633K(1792K) NonClass: 1509K(1600K)->1509K(1600K) Class: 124K(192K)->124K(192K)
[2024-10-12T10:37:35.108+0800][info] GC(225) Pause Young (Prepare Mixed) (G1 Evacuation Pause) 96M->97M(128M) 1.557ms
[2024-10-12T10:37:35.108+0800][info] GC(225) User=0.01s Sys=0.00s Real=0.00s
[2024-10-12T10:37:35.210+0800][info] GC(226) Pause Young (Mixed) (G1 Evacuation Pause)
[2024-10-12T10:37:35.210+0800][info] GC(226) Using 3 workers of 48 for evacuation
[2024-10-12T10:37:35.212+0800][info] GC(226)   Pre Evacuate Collection Set: 0.2ms
[2024-10-12T10:37:35.212+0800][info] GC(226)   Merge Heap Roots: 0.0ms
[2024-10-12T10:37:35.212+0800][info] GC(226)   Evacuate Collection Set: 1.4ms
[2024-10-12T10:37:35.212+0800][info] GC(226)   Post Evacuate Collection Set: 0.2ms
[2024-10-12T10:37:35.212+0800][info] GC(226)   Other: 0.2ms
[2024-10-12T10:37:35.212+0800][info] GC(226) Eden regions: 2->0(2)
[2024-10-12T10:37:35.212+0800][info] GC(226) Survivor regions: 1->1(1)
[2024-10-12T10:37:35.212+0800][info] GC(226) Old regions: 50->48
[2024-10-12T10:37:35.212+0800][info] GC(226) Archive regions: 2->2
[2024-10-12T10:37:35.212+0800][info] GC(226) Humongous regions: 3->3
[2024-10-12T10:37:35.212+0800][info] GC(226) Metaspace: 1633K(1792K)->1633K(1792K) NonClass: 1509K(1600K)->1509K(1600K) Class: 124K(192K)->124K(192K)
[2024-10-12T10:37:35.212+0800][info] GC(226) Pause Young (Mixed) (G1 Evacuation Pause) 101M->95M(128M) 2.264ms
[2024-10-12T10:37:35.212+0800][info] GC(226) User=0.00s Sys=0.00s Real=0.00s
[2024-10-12T10:37:35.315+0800][info] GC(227) Pause Young (Mixed) (G1 Evacuation Pause)
[2024-10-12T10:37:35.315+0800][info] GC(227) Using 3 workers of 48 for evacuation
[2024-10-12T10:37:35.316+0800][info] GC(227)   Pre Evacuate Collection Set: 0.1ms
[2024-10-12T10:37:35.316+0800][info] GC(227)   Merge Heap Roots: 0.1ms
[2024-10-12T10:37:35.316+0800][info] GC(227)   Evacuate Collection Set: 1.1ms
[2024-10-12T10:37:35.316+0800][info] GC(227)   Post Evacuate Collection Set: 0.2ms
[2024-10-12T10:37:35.316+0800][info] GC(227)   Other: 0.1ms
[2024-10-12T10:37:35.317+0800][info] GC(227) Eden regions: 2->0(2)
[2024-10-12T10:37:35.317+0800][info] GC(227) Survivor regions: 1->1(1)
[2024-10-12T10:37:35.317+0800][info] GC(227) Old regions: 48->48
[2024-10-12T10:37:35.317+0800][info] GC(227) Archive regions: 2->2
[2024-10-12T10:37:35.317+0800][info] GC(227) Humongous regions: 3->3
[2024-10-12T10:37:35.317+0800][info] GC(227) Metaspace: 1633K(1792K)->1633K(1792K) NonClass: 1509K(1600K)->1509K(1600K) Class: 124K(192K)->124K(192K)
[2024-10-12T10:37:35.317+0800][info] GC(227) Pause Young (Mixed) (G1 Evacuation Pause) 99M->97M(128M) 1.732ms
[2024-10-12T10:37:35.317+0800][info] GC(227) User=0.00s Sys=0.00s Real=0.00s
[2024-10-12T10:37:35.419+0800][info] GC(228) Pause Young (Normal) (G1 Evacuation Pause)
[2024-10-12T10:37:35.419+0800][info] GC(228) Using 3 workers of 48 for evacuation
[2024-10-12T10:37:35.420+0800][info] GC(228)   Pre Evacuate Collection Set: 0.1ms
[2024-10-12T10:37:35.420+0800][info] GC(228)   Merge Heap Roots: 0.0ms
[2024-10-12T10:37:35.420+0800][info] GC(228)   Evacuate Collection Set: 0.6ms
[2024-10-12T10:37:35.420+0800][info] GC(228)   Post Evacuate Collection Set: 0.2ms
[2024-10-12T10:37:35.420+0800][info] GC(228)   Other: 0.2ms
[2024-10-12T10:37:35.420+0800][info] GC(228) Eden regions: 2->0(2)
[2024-10-12T10:37:35.420+0800][info] GC(228) Survivor regions: 1->1(1)
[2024-10-12T10:37:35.420+0800][info] GC(228) Old regions: 48->50
[2024-10-12T10:37:35.420+0800][info] GC(228) Archive regions: 2->2
[2024-10-12T10:37:35.420+0800][info] GC(228) Humongous regions: 3->3
[2024-10-12T10:37:35.420+0800][info] GC(228) Metaspace: 1633K(1792K)->1633K(1792K) NonClass: 1509K(1600K)->1509K(1600K) Class: 124K(192K)->124K(192K)
[2024-10-12T10:37:35.420+0800][info] GC(228) Pause Young (Normal) (G1 Evacuation Pause) 100M->101M(128M) 1.261ms
[2024-10-12T10:37:35.420+0800][info] GC(228) User=0.00s Sys=0.00s Real=0.00s
[2024-10-12T10:37:35.522+0800][info] GC(229) Pause Young (Concurrent Start) (G1 Evacuation Pause)
[2024-10-12T10:37:35.522+0800][info] GC(229) Using 3 workers of 48 for evacuation
[2024-10-12T10:37:35.524+0800][info] GC(229)   Pre Evacuate Collection Set: 0.1ms
[2024-10-12T10:37:35.524+0800][info] GC(229)   Merge Heap Roots: 0.1ms
[2024-10-12T10:37:35.524+0800][info] GC(229)   Evacuate Collection Set: 0.8ms
[2024-10-12T10:37:35.524+0800][info] GC(229)   Post Evacuate Collection Set: 0.2ms
[2024-10-12T10:37:35.524+0800][info] GC(229)   Other: 0.3ms
[2024-10-12T10:37:35.524+0800][info] GC(229) Eden regions: 2->0(2)
[2024-10-12T10:37:35.524+0800][info] GC(229) Survivor regions: 1->1(1)
[2024-10-12T10:37:35.524+0800][info] GC(229) Old regions: 50->52
[2024-10-12T10:37:35.524+0800][info] GC(229) Archive regions: 2->2
[2024-10-12T10:37:35.524+0800][info] GC(229) Humongous regions: 3->3
[2024-10-12T10:37:35.524+0800][info] GC(229) Metaspace: 1633K(1792K)->1633K(1792K) NonClass: 1509K(1600K)->1509K(1600K) Class: 124K(192K)->124K(192K)
[2024-10-12T10:37:35.524+0800][info] GC(229) Pause Young (Concurrent Start) (G1 Evacuation Pause) 104M->105M(128M) 1.535ms
[2024-10-12T10:37:35.524+0800][info] GC(229) User=0.00s Sys=0.00s Real=0.00s
[2024-10-12T10:37:35.524+0800][info] GC(230) Concurrent Mark Cycle
[2024-10-12T10:37:35.524+0800][info] GC(230) Concurrent Clear Claimed Marks
[2024-10-12T10:37:35.524+0800][info] GC(230) Concurrent Clear Claimed Marks 0.017ms
[2024-10-12T10:37:35.524+0800][info] GC(230) Concurrent Scan Root Regions
[2024-10-12T10:37:35.524+0800][info] GC(230) Concurrent Scan Root Regions 0.116ms
[2024-10-12T10:37:35.524+0800][info] GC(230) Concurrent Mark
[2024-10-12T10:37:35.524+0800][info] GC(230) Concurrent Mark From Roots
[2024-10-12T10:37:35.524+0800][info] GC(230) Using 12 workers of 12 for marking
[2024-10-12T10:37:35.528+0800][info] GC(230) Concurrent Mark From Roots 3.840ms
[2024-10-12T10:37:35.528+0800][info] GC(230) Concurrent Preclean
[2024-10-12T10:37:35.530+0800][info] GC(230) Concurrent Preclean 1.712ms
[2024-10-12T10:37:35.530+0800][info] GC(230) Pause Remark
[2024-10-12T10:37:35.531+0800][info] GC(230) Pause Remark 105M->105M(128M) 1.420ms
[2024-10-12T10:37:35.531+0800][info] GC(230) User=0.00s Sys=0.00s Real=0.00s
[2024-10-12T10:37:35.532+0800][info] GC(230) Concurrent Mark 7.266ms
[2024-10-12T10:37:35.532+0800][info] GC(230) Concurrent Rebuild Remembered Sets
[2024-10-12T10:37:35.533+0800][info] GC(230) Concurrent Rebuild Remembered Sets 1.055ms
[2024-10-12T10:37:35.533+0800][info] GC(230) Pause Cleanup
[2024-10-12T10:37:35.533+0800][info] GC(230) Pause Cleanup 105M->105M(128M) 0.191ms
[2024-10-12T10:37:35.533+0800][info] GC(230) User=0.00s Sys=0.00s Real=0.00s
[2024-10-12T10:37:35.533+0800][info] GC(230) Concurrent Cleanup for Next Mark
[2024-10-12T10:37:35.533+0800][info] GC(230) Concurrent Cleanup for Next Mark 0.410ms
[2024-10-12T10:37:35.533+0800][info] GC(230) Concurrent Mark Cycle 9.322ms
[2024-10-12T10:37:35.677+0800][info] GC(231) Pause Young (Prepare Mixed) (G1 Preventive Collection)
[2024-10-12T10:37:35.677+0800][info] GC(231) Using 3 workers of 48 for evacuation
[2024-10-12T10:37:35.678+0800][info] GC(231)   Pre Evacuate Collection Set: 0.1ms
[2024-10-12T10:37:35.678+0800][info] GC(231)   Merge Heap Roots: 0.1ms
[2024-10-12T10:37:35.678+0800][info] GC(231)   Evacuate Collection Set: 0.7ms
[2024-10-12T10:37:35.678+0800][info] GC(231)   Post Evacuate Collection Set: 0.2ms
[2024-10-12T10:37:35.678+0800][info] GC(231)   Other: 0.3ms
[2024-10-12T10:37:35.678+0800][info] GC(231) Eden regions: 2->0(2)
[2024-10-12T10:37:35.678+0800][info] GC(231) Survivor regions: 1->1(1)
[2024-10-12T10:37:35.678+0800][info] GC(231) Old regions: 52->54
[2024-10-12T10:37:35.678+0800][info] GC(231) Archive regions: 2->2
[2024-10-12T10:37:35.678+0800][info] GC(231) Humongous regions: 3->3
[2024-10-12T10:37:35.678+0800][info] GC(231) Metaspace: 1633K(1792K)->1633K(1792K) NonClass: 1509K(1600K)->1509K(1600K) Class: 124K(192K)->124K(192K)
[2024-10-12T10:37:35.678+0800][info] GC(231) Pause Young (Prepare Mixed) (G1 Preventive Collection) 108M->108M(128M) 1.445ms
[2024-10-12T10:37:35.678+0800][info] GC(231) User=0.00s Sys=0.01s Real=0.00s
[2024-10-12T10:37:35.720+0800][info] GC(232) Pause Young (Mixed) (G1 Preventive Collection)
[2024-10-12T10:37:35.720+0800][info] GC(232) Using 3 workers of 48 for evacuation
[2024-10-12T10:37:35.721+0800][info] GC(232)   Pre Evacuate Collection Set: 0.2ms
[2024-10-12T10:37:35.721+0800][info] GC(232)   Merge Heap Roots: 0.1ms
[2024-10-12T10:37:35.721+0800][info] GC(232)   Evacuate Collection Set: 1.1ms
[2024-10-12T10:37:35.721+0800][info] GC(232)   Post Evacuate Collection Set: 0.2ms
[2024-10-12T10:37:35.721+0800][info] GC(232)   Other: 0.2ms
[2024-10-12T10:37:35.721+0800][info] GC(232) Eden regions: 1->0(2)
[2024-10-12T10:37:35.721+0800][info] GC(232) Survivor regions: 1->1(1)
[2024-10-12T10:37:35.721+0800][info] GC(232) Old regions: 54->49
[2024-10-12T10:37:35.721+0800][info] GC(232) Archive regions: 2->2
[2024-10-12T10:37:35.721+0800][info] GC(232) Humongous regions: 3->3
[2024-10-12T10:37:35.721+0800][info] GC(232) Metaspace: 1633K(1792K)->1633K(1792K) NonClass: 1509K(1600K)->1509K(1600K) Class: 124K(192K)->124K(192K)
[2024-10-12T10:37:35.721+0800][info] GC(232) Pause Young (Mixed) (G1 Preventive Collection) 110M->101M(128M) 1.840ms
[2024-10-12T10:37:35.721+0800][info] GC(232) User=0.00s Sys=0.00s Real=0.00s
[2024-10-12T10:37:35.845+0800][info] GC(233) Pause Young (Mixed) (G1 Evacuation Pause)
[2024-10-12T10:37:35.845+0800][info] GC(233) Using 3 workers of 48 for evacuation
[2024-10-12T10:37:35.847+0800][info] GC(233) To-space exhausted
[2024-10-12T10:37:35.847+0800][info] GC(233)   Pre Evacuate Collection Set: 0.2ms
[2024-10-12T10:37:35.847+0800][info] GC(233)   Merge Heap Roots: 0.1ms
[2024-10-12T10:37:35.847+0800][info] GC(233)   Evacuate Collection Set: 1.6ms
[2024-10-12T10:37:35.847+0800][info] GC(233)   Post Evacuate Collection Set: 0.2ms
[2024-10-12T10:37:35.847+0800][info] GC(233)   Other: 0.2ms
[2024-10-12T10:37:35.847+0800][info] GC(233) Eden regions: 2->0(2)
[2024-10-12T10:37:35.847+0800][info] GC(233) Survivor regions: 1->1(1)
[2024-10-12T10:37:35.847+0800][info] GC(233) Old regions: 49->48
[2024-10-12T10:37:35.847+0800][info] GC(233) Archive regions: 2->2
[2024-10-12T10:37:35.847+0800][info] GC(233) Humongous regions: 4->3
[2024-10-12T10:37:35.847+0800][info] GC(233) Metaspace: 1633K(1792K)->1633K(1792K) NonClass: 1509K(1600K)->1509K(1600K) Class: 124K(192K)->124K(192K)
[2024-10-12T10:37:35.847+0800][info] GC(233) Pause Young (Mixed) (G1 Evacuation Pause) 107M->100M(128M) 2.397ms
[2024-10-12T10:37:35.847+0800][info] GC(233) User=0.01s Sys=0.00s Real=0.01s
[2024-10-12T10:37:35.950+0800][info] GC(234) Pause Young (Mixed) (G1 Evacuation Pause)
[2024-10-12T10:37:35.950+0800][info] GC(234) Using 3 workers of 48 for evacuation
[2024-10-12T10:37:35.951+0800][info] GC(234)   Pre Evacuate Collection Set: 0.2ms
[2024-10-12T10:37:35.951+0800][info] GC(234)   Merge Heap Roots: 0.0ms
[2024-10-12T10:37:35.951+0800][info] GC(234)   Evacuate Collection Set: 1.1ms
[2024-10-12T10:37:35.951+0800][info] GC(234)   Post Evacuate Collection Set: 0.2ms
[2024-10-12T10:37:35.951+0800][info] GC(234)   Other: 0.1ms
[2024-10-12T10:37:35.951+0800][info] GC(234) Eden regions: 2->0(2)
[2024-10-12T10:37:35.951+0800][info] GC(234) Survivor regions: 1->1(1)
[2024-10-12T10:37:35.951+0800][info] GC(234) Old regions: 48->50
[2024-10-12T10:37:35.951+0800][info] GC(234) Archive regions: 2->2
[2024-10-12T10:37:35.951+0800][info] GC(234) Humongous regions: 3->3
[2024-10-12T10:37:35.951+0800][info] GC(234) Metaspace: 1633K(1792K)->1633K(1792K) NonClass: 1509K(1600K)->1509K(1600K) Class: 124K(192K)->124K(192K)
[2024-10-12T10:37:35.951+0800][info] GC(234) Pause Young (Mixed) (G1 Evacuation Pause) 104M->103M(128M) 1.759ms
[2024-10-12T10:37:35.951+0800][info] GC(234) User=0.00s Sys=0.00s Real=0.00s
[2024-10-12T10:37:36.053+0800][info] GC(235) Pause Young (Concurrent Start) (G1 Evacuation Pause)
[2024-10-12T10:37:36.053+0800][info] GC(235) Using 3 workers of 48 for evacuation
[2024-10-12T10:37:36.055+0800][info] GC(235)   Pre Evacuate Collection Set: 0.1ms
[2024-10-12T10:37:36.055+0800][info] GC(235)   Merge Heap Roots: 0.0ms
[2024-10-12T10:37:36.055+0800][info] GC(235)   Evacuate Collection Set: 0.8ms
[2024-10-12T10:37:36.055+0800][info] GC(235)   Post Evacuate Collection Set: 0.2ms
[2024-10-12T10:37:36.055+0800][info] GC(235)   Other: 0.4ms
[2024-10-12T10:37:36.055+0800][info] GC(235) Eden regions: 2->0(2)
[2024-10-12T10:37:36.055+0800][info] GC(235) Survivor regions: 1->1(1)
[2024-10-12T10:37:36.055+0800][info] GC(235) Old regions: 50->52
[2024-10-12T10:37:36.055+0800][info] GC(235) Archive regions: 2->2
[2024-10-12T10:37:36.055+0800][info] GC(235) Humongous regions: 3->3
[2024-10-12T10:37:36.055+0800][info] GC(235) Metaspace: 1633K(1792K)->1633K(1792K) NonClass: 1509K(1600K)->1509K(1600K) Class: 124K(192K)->124K(192K)
[2024-10-12T10:37:36.055+0800][info] GC(235) Pause Young (Concurrent Start) (G1 Evacuation Pause) 106M->107M(128M) 1.666ms
[2024-10-12T10:37:36.055+0800][info] GC(235) User=0.01s Sys=0.00s Real=0.00s
[2024-10-12T10:37:36.055+0800][info] GC(236) Concurrent Mark Cycle
[2024-10-12T10:37:36.055+0800][info] GC(236) Concurrent Clear Claimed Marks
[2024-10-12T10:37:36.055+0800][info] GC(236) Concurrent Clear Claimed Marks 0.016ms
[2024-10-12T10:37:36.055+0800][info] GC(236) Concurrent Scan Root Regions
[2024-10-12T10:37:36.055+0800][info] GC(236) Concurrent Scan Root Regions 0.166ms
[2024-10-12T10:37:36.055+0800][info] GC(236) Concurrent Mark
[2024-10-12T10:37:36.055+0800][info] GC(236) Concurrent Mark From Roots
[2024-10-12T10:37:36.055+0800][info] GC(236) Using 12 workers of 12 for marking
[2024-10-12T10:37:36.059+0800][info] GC(236) Concurrent Mark From Roots 3.503ms
[2024-10-12T10:37:36.059+0800][info] GC(236) Concurrent Preclean
[2024-10-12T10:37:36.061+0800][info] GC(236) Concurrent Preclean 1.695ms
[2024-10-12T10:37:36.061+0800][info] GC(236) Pause Remark
[2024-10-12T10:37:36.062+0800][info] GC(236) Pause Remark 107M->106M(128M) 1.500ms
[2024-10-12T10:37:36.062+0800][info] GC(236) User=0.00s Sys=0.00s Real=0.00s
[2024-10-12T10:37:36.062+0800][info] GC(236) Concurrent Mark 6.949ms
[2024-10-12T10:37:36.062+0800][info] GC(236) Concurrent Rebuild Remembered Sets
[2024-10-12T10:37:36.064+0800][info] GC(236) Concurrent Rebuild Remembered Sets 1.190ms
[2024-10-12T10:37:36.064+0800][info] GC(236) Pause Cleanup
[2024-10-12T10:37:36.064+0800][info] GC(236) Pause Cleanup 106M->106M(128M) 0.239ms
[2024-10-12T10:37:36.064+0800][info] GC(236) User=0.00s Sys=0.00s Real=0.00s
[2024-10-12T10:37:36.064+0800][info] GC(236) Concurrent Cleanup for Next Mark
[2024-10-12T10:37:36.064+0800][info] GC(236) Concurrent Cleanup for Next Mark 0.323ms
[2024-10-12T10:37:36.064+0800][info] GC(236) Concurrent Mark Cycle 9.152ms
[2024-10-12T10:37:36.209+0800][info] GC(237) Pause Young (Prepare Mixed) (G1 Evacuation Pause)
[2024-10-12T10:37:36.209+0800][info] GC(237) Using 3 workers of 48 for evacuation
[2024-10-12T10:37:36.210+0800][info] GC(237)   Pre Evacuate Collection Set: 0.1ms
[2024-10-12T10:37:36.210+0800][info] GC(237)   Merge Heap Roots: 0.1ms
[2024-10-12T10:37:36.210+0800][info] GC(237)   Evacuate Collection Set: 0.8ms
[2024-10-12T10:37:36.210+0800][info] GC(237)   Post Evacuate Collection Set: 0.2ms
[2024-10-12T10:37:36.210+0800][info] GC(237)   Other: 0.2ms
[2024-10-12T10:37:36.210+0800][info] GC(237) Eden regions: 2->0(2)
[2024-10-12T10:37:36.210+0800][info] GC(237) Survivor regions: 1->1(1)
[2024-10-12T10:37:36.210+0800][info] GC(237) Old regions: 51->53
[2024-10-12T10:37:36.210+0800][info] GC(237) Archive regions: 2->2
[2024-10-12T10:37:36.210+0800][info] GC(237) Humongous regions: 3->3
[2024-10-12T10:37:36.210+0800][info] GC(237) Metaspace: 1633K(1792K)->1633K(1792K) NonClass: 1509K(1600K)->1509K(1600K) Class: 124K(192K)->124K(192K)
[2024-10-12T10:37:36.210+0800][info] GC(237) Pause Young (Prepare Mixed) (G1 Evacuation Pause) 109M->109M(128M) 1.513ms
[2024-10-12T10:37:36.210+0800][info] GC(237) User=0.00s Sys=0.00s Real=0.00s
[2024-10-12T10:37:36.271+0800][info] GC(238) Pause Young (Mixed) (G1 Preventive Collection)
[2024-10-12T10:37:36.271+0800][info] GC(238) Using 3 workers of 48 for evacuation
[2024-10-12T10:37:36.273+0800][info] GC(238)   Pre Evacuate Collection Set: 0.2ms
[2024-10-12T10:37:36.273+0800][info] GC(238)   Merge Heap Roots: 0.0ms
[2024-10-12T10:37:36.273+0800][info] GC(238)   Evacuate Collection Set: 1.1ms
[2024-10-12T10:37:36.273+0800][info] GC(238)   Post Evacuate Collection Set: 0.2ms
[2024-10-12T10:37:36.273+0800][info] GC(238)   Other: 0.2ms
[2024-10-12T10:37:36.273+0800][info] GC(238) Eden regions: 1->0(2)
[2024-10-12T10:37:36.273+0800][info] GC(238) Survivor regions: 1->1(1)
[2024-10-12T10:37:36.273+0800][info] GC(238) Old regions: 53->49
[2024-10-12T10:37:36.273+0800][info] GC(238) Archive regions: 2->2
[2024-10-12T10:37:36.273+0800][info] GC(238) Humongous regions: 3->3
[2024-10-12T10:37:36.273+0800][info] GC(238) Metaspace: 1633K(1792K)->1633K(1792K) NonClass: 1509K(1600K)->1509K(1600K) Class: 124K(192K)->124K(192K)
[2024-10-12T10:37:36.273+0800][info] GC(238) Pause Young (Mixed) (G1 Preventive Collection) 111M->103M(128M) 1.904ms
[2024-10-12T10:37:36.273+0800][info] GC(238) User=0.01s Sys=0.00s Real=0.01s
[2024-10-12T10:37:36.375+0800][info] GC(239) Pause Young (Mixed) (G1 Evacuation Pause)
[2024-10-12T10:37:36.375+0800][info] GC(239) Using 3 workers of 48 for evacuation
[2024-10-12T10:37:36.378+0800][info] GC(239)   Pre Evacuate Collection Set: 0.2ms
[2024-10-12T10:37:36.378+0800][info] GC(239)   Merge Heap Roots: 0.1ms
[2024-10-12T10:37:36.378+0800][info] GC(239)   Evacuate Collection Set: 1.7ms
[2024-10-12T10:37:36.378+0800][info] GC(239)   Post Evacuate Collection Set: 0.2ms
[2024-10-12T10:37:36.378+0800][info] GC(239)   Other: 0.1ms
[2024-10-12T10:37:36.378+0800][info] GC(239) Eden regions: 2->0(2)
[2024-10-12T10:37:36.378+0800][info] GC(239) Survivor regions: 1->1(1)
[2024-10-12T10:37:36.378+0800][info] GC(239) Old regions: 49->47
[2024-10-12T10:37:36.378+0800][info] GC(239) Archive regions: 2->2
[2024-10-12T10:37:36.378+0800][info] GC(239) Humongous regions: 3->3
[2024-10-12T10:37:36.378+0800][info] GC(239) Metaspace: 1633K(1792K)->1633K(1792K) NonClass: 1509K(1600K)->1509K(1600K) Class: 124K(192K)->124K(192K)
[2024-10-12T10:37:36.378+0800][info] GC(239) Pause Young (Mixed) (G1 Evacuation Pause) 107M->99M(128M) 2.378ms
[2024-10-12T10:37:36.378+0800][info] GC(239) User=0.00s Sys=0.00s Real=0.00s
[2024-10-12T10:37:36.480+0800][info] GC(240) Pause Young (Normal) (G1 Evacuation Pause)
[2024-10-12T10:37:36.480+0800][info] GC(240) Using 3 workers of 48 for evacuation
[2024-10-12T10:37:36.481+0800][info] GC(240)   Pre Evacuate Collection Set: 0.1ms
[2024-10-12T10:37:36.481+0800][info] GC(240)   Merge Heap Roots: 0.0ms
[2024-10-12T10:37:36.481+0800][info] GC(240)   Evacuate Collection Set: 0.7ms
[2024-10-12T10:37:36.481+0800][info] GC(240)   Post Evacuate Collection Set: 0.2ms
[2024-10-12T10:37:36.481+0800][info] GC(240)   Other: 0.2ms
[2024-10-12T10:37:36.481+0800][info] GC(240) Eden regions: 2->0(2)
[2024-10-12T10:37:36.482+0800][info] GC(240) Survivor regions: 1->1(1)
[2024-10-12T10:37:36.482+0800][info] GC(240) Old regions: 47->48
[2024-10-12T10:37:36.482+0800][info] GC(240) Archive regions: 2->2
[2024-10-12T10:37:36.482+0800][info] GC(240) Humongous regions: 3->3
[2024-10-12T10:37:36.482+0800][info] GC(240) Metaspace: 1633K(1792K)->1633K(1792K) NonClass: 1509K(1600K)->1509K(1600K) Class: 124K(192K)->124K(192K)
[2024-10-12T10:37:36.482+0800][info] GC(240) Pause Young (Normal) (G1 Evacuation Pause) 103M->103M(128M) 1.320ms
[2024-10-12T10:37:36.482+0800][info] GC(240) User=0.01s Sys=0.00s Real=0.00s
[2024-10-12T10:37:36.584+0800][info] GC(241) Pause Young (Normal) (G1 Evacuation Pause)
[2024-10-12T10:37:36.584+0800][info] GC(241) Using 3 workers of 48 for evacuation
[2024-10-12T10:37:36.585+0800][info] GC(241)   Pre Evacuate Collection Set: 0.1ms
[2024-10-12T10:37:36.585+0800][info] GC(241)   Merge Heap Roots: 0.1ms
[2024-10-12T10:37:36.585+0800][info] GC(241)   Evacuate Collection Set: 0.8ms
[2024-10-12T10:37:36.585+0800][info] GC(241)   Post Evacuate Collection Set: 0.2ms
[2024-10-12T10:37:36.585+0800][info] GC(241)   Other: 0.2ms
[2024-10-12T10:37:36.585+0800][info] GC(241) Eden regions: 2->0(2)
[2024-10-12T10:37:36.585+0800][info] GC(241) Survivor regions: 1->1(1)
[2024-10-12T10:37:36.585+0800][info] GC(241) Old regions: 48->50
[2024-10-12T10:37:36.585+0800][info] GC(241) Archive regions: 2->2
[2024-10-12T10:37:36.585+0800][info] GC(241) Humongous regions: 3->3
[2024-10-12T10:37:36.585+0800][info] GC(241) Metaspace: 1633K(1792K)->1633K(1792K) NonClass: 1509K(1600K)->1509K(1600K) Class: 124K(192K)->124K(192K)
[2024-10-12T10:37:36.585+0800][info] GC(241) Pause Young (Normal) (G1 Evacuation Pause) 106M->107M(128M) 1.465ms
[2024-10-12T10:37:36.585+0800][info] GC(241) User=0.00s Sys=0.00s Real=0.00s
[2024-10-12T10:37:36.688+0800][info] GC(242) Pause Young (Concurrent Start) (G1 Evacuation Pause)
[2024-10-12T10:37:36.688+0800][info] GC(242) Using 3 workers of 48 for evacuation
[2024-10-12T10:37:36.689+0800][info] GC(242)   Pre Evacuate Collection Set: 0.1ms
[2024-10-12T10:37:36.689+0800][info] GC(242)   Merge Heap Roots: 0.1ms
[2024-10-12T10:37:36.689+0800][info] GC(242)   Evacuate Collection Set: 0.8ms
[2024-10-12T10:37:36.689+0800][info] GC(242)   Post Evacuate Collection Set: 0.2ms
[2024-10-12T10:37:36.689+0800][info] GC(242)   Other: 0.4ms
[2024-10-12T10:37:36.689+0800][info] GC(242) Eden regions: 2->0(2)
[2024-10-12T10:37:36.689+0800][info] GC(242) Survivor regions: 1->1(1)
[2024-10-12T10:37:36.689+0800][info] GC(242) Old regions: 50->52
[2024-10-12T10:37:36.689+0800][info] GC(242) Archive regions: 2->2
[2024-10-12T10:37:36.689+0800][info] GC(242) Humongous regions: 3->3
[2024-10-12T10:37:36.689+0800][info] GC(242) Metaspace: 1633K(1792K)->1633K(1792K) NonClass: 1509K(1600K)->1509K(1600K) Class: 124K(192K)->124K(192K)
[2024-10-12T10:37:36.689+0800][info] GC(242) Pause Young (Concurrent Start) (G1 Evacuation Pause) 110M->111M(128M) 1.641ms
[2024-10-12T10:37:36.689+0800][info] GC(242) User=0.01s Sys=0.00s Real=0.00s
[2024-10-12T10:37:36.689+0800][info] GC(243) Concurrent Mark Cycle
[2024-10-12T10:37:36.689+0800][info] GC(243) Concurrent Clear Claimed Marks
[2024-10-12T10:37:36.689+0800][info] GC(243) Concurrent Clear Claimed Marks 0.017ms
[2024-10-12T10:37:36.689+0800][info] GC(243) Concurrent Scan Root Regions
[2024-10-12T10:37:36.690+0800][info] GC(243) Concurrent Scan Root Regions 0.159ms
[2024-10-12T10:37:36.690+0800][info] GC(243) Concurrent Mark
[2024-10-12T10:37:36.690+0800][info] GC(243) Concurrent Mark From Roots
[2024-10-12T10:37:36.690+0800][info] GC(243) Using 12 workers of 12 for marking
[2024-10-12T10:37:36.693+0800][info] GC(243) Concurrent Mark From Roots 3.565ms
[2024-10-12T10:37:36.693+0800][info] GC(243) Concurrent Preclean
[2024-10-12T10:37:36.695+0800][info] GC(243) Concurrent Preclean 1.719ms
[2024-10-12T10:37:36.695+0800][info] GC(243) Pause Remark
[2024-10-12T10:37:36.696+0800][info] GC(243) Pause Remark 111M->111M(128M) 1.416ms
[2024-10-12T10:37:36.696+0800][info] GC(243) User=0.00s Sys=0.00s Real=0.00s
[2024-10-12T10:37:36.697+0800][info] GC(243) Concurrent Mark 6.929ms
[2024-10-12T10:37:36.697+0800][info] GC(243) Concurrent Rebuild Remembered Sets
[2024-10-12T10:37:36.698+0800][info] GC(243) Concurrent Rebuild Remembered Sets 1.190ms
[2024-10-12T10:37:36.698+0800][info] GC(243) Pause Cleanup
[2024-10-12T10:37:36.698+0800][info] GC(243) Pause Cleanup 111M->111M(128M) 0.266ms
[2024-10-12T10:37:36.698+0800][info] GC(243) User=0.00s Sys=0.00s Real=0.00s
[2024-10-12T10:37:36.698+0800][info] GC(243) Concurrent Cleanup for Next Mark
[2024-10-12T10:37:36.699+0800][info] GC(243) Concurrent Cleanup for Next Mark 0.354ms
[2024-10-12T10:37:36.699+0800][info] GC(243) Concurrent Mark Cycle 9.253ms
[2024-10-12T10:37:36.842+0800][info] GC(244) Pause Young (Prepare Mixed) (G1 Preventive Collection)
[2024-10-12T10:37:36.842+0800][info] GC(244) Using 3 workers of 48 for evacuation
[2024-10-12T10:37:36.844+0800][info] GC(244)   Pre Evacuate Collection Set: 0.1ms
[2024-10-12T10:37:36.844+0800][info] GC(244)   Merge Heap Roots: 0.1ms
[2024-10-12T10:37:36.844+0800][info] GC(244)   Evacuate Collection Set: 0.8ms
[2024-10-12T10:37:36.844+0800][info] GC(244)   Post Evacuate Collection Set: 0.2ms
[2024-10-12T10:37:36.844+0800][info] GC(244)   Other: 0.2ms
[2024-10-12T10:37:36.844+0800][info] GC(244) Eden regions: 2->0(2)
[2024-10-12T10:37:36.844+0800][info] GC(244) Survivor regions: 1->1(1)
[2024-10-12T10:37:36.844+0800][info] GC(244) Old regions: 52->54
[2024-10-12T10:37:36.844+0800][info] GC(244) Archive regions: 2->2
[2024-10-12T10:37:36.844+0800][info] GC(244) Humongous regions: 3->3
[2024-10-12T10:37:36.844+0800][info] GC(244) Metaspace: 1633K(1792K)->1633K(1792K) NonClass: 1509K(1600K)->1509K(1600K) Class: 124K(192K)->124K(192K)
[2024-10-12T10:37:36.844+0800][info] GC(244) Pause Young (Prepare Mixed) (G1 Preventive Collection) 114M->114M(128M) 1.527ms
[2024-10-12T10:37:36.844+0800][info] GC(244) User=0.00s Sys=0.00s Real=0.00s
[2024-10-12T10:37:36.906+0800][info] GC(245) Pause Young (Mixed) (G1 Preventive Collection)
[2024-10-12T10:37:36.906+0800][info] GC(245) Using 3 workers of 48 for evacuation
[2024-10-12T10:37:36.907+0800][info] GC(245) To-space exhausted
[2024-10-12T10:37:36.907+0800][info] GC(245)   Pre Evacuate Collection Set: 0.2ms
[2024-10-12T10:37:36.907+0800][info] GC(245)   Merge Heap Roots: 0.1ms
[2024-10-12T10:37:36.907+0800][info] GC(245)   Evacuate Collection Set: 1.0ms
[2024-10-12T10:37:36.907+0800][info] GC(245)   Post Evacuate Collection Set: 0.3ms
[2024-10-12T10:37:36.907+0800][info] GC(245)   Other: 0.2ms
[2024-10-12T10:37:36.907+0800][info] GC(245) Eden regions: 1->0(2)
[2024-10-12T10:37:36.907+0800][info] GC(245) Survivor regions: 1->1(1)
[2024-10-12T10:37:36.907+0800][info] GC(245) Old regions: 54->57
[2024-10-12T10:37:36.908+0800][info] GC(245) Archive regions: 2->2
[2024-10-12T10:37:36.908+0800][info] GC(245) Humongous regions: 3->3
[2024-10-12T10:37:36.908+0800][info] GC(245) Metaspace: 1634K(1792K)->1634K(1792K) NonClass: 1509K(1600K)->1509K(1600K) Class: 124K(192K)->124K(192K)
[2024-10-12T10:37:36.908+0800][info] GC(245) Pause Young (Mixed) (G1 Preventive Collection) 116M->121M(128M) 1.855ms
[2024-10-12T10:37:36.908+0800][info] GC(245) User=0.01s Sys=0.00s Real=0.00s
[2024-10-12T10:37:36.949+0800][info] GC(246) Pause Young (Mixed) (G1 Evacuation Pause)
[2024-10-12T10:37:36.949+0800][info] GC(246) Using 3 workers of 48 for evacuation
[2024-10-12T10:37:36.950+0800][info] GC(246) To-space exhausted
[2024-10-12T10:37:36.950+0800][info] GC(246)   Pre Evacuate Collection Set: 0.2ms
[2024-10-12T10:37:36.950+0800][info] GC(246)   Merge Heap Roots: 0.1ms
[2024-10-12T10:37:36.950+0800][info] GC(246)   Evacuate Collection Set: 0.6ms
[2024-10-12T10:37:36.950+0800][info] GC(246)   Post Evacuate Collection Set: 0.7ms
[2024-10-12T10:37:36.950+0800][info] GC(246)   Other: 0.2ms
[2024-10-12T10:37:36.950+0800][info] GC(246) Eden regions: 1->0(3)
[2024-10-12T10:37:36.950+0800][info] GC(246) Survivor regions: 1->0(0)
[2024-10-12T10:37:36.950+0800][info] GC(246) Old regions: 57->59
[2024-10-12T10:37:36.950+0800][info] GC(246) Archive regions: 2->2
[2024-10-12T10:37:36.950+0800][info] GC(246) Humongous regions: 3->3
[2024-10-12T10:37:36.950+0800][info] GC(246) Metaspace: 1634K(1792K)->1634K(1792K) NonClass: 1509K(1600K)->1509K(1600K) Class: 124K(192K)->124K(192K)
[2024-10-12T10:37:36.950+0800][info] GC(246) Pause Young (Mixed) (G1 Evacuation Pause) 122M->122M(128M) 1.885ms
[2024-10-12T10:37:36.950+0800][info] GC(246) User=0.00s Sys=0.00s Real=0.00s
[2024-10-12T10:37:36.950+0800][info] Attempting full compaction
[2024-10-12T10:37:36.950+0800][info] GC(247) Using 3 workers of 48 for full compaction
[2024-10-12T10:37:36.951+0800][info] GC(247) Pause Full (G1 Compaction Pause)
[2024-10-12T10:37:36.951+0800][info] GC(247) Phase 1: Mark live objects
[2024-10-12T10:37:36.954+0800][info] GC(247) Phase 1: Mark live objects 3.066ms
[2024-10-12T10:37:36.954+0800][info] GC(247) Phase 2: Prepare for compaction
[2024-10-12T10:37:36.954+0800][info] GC(247) Phase 2: Prepare for compaction 0.520ms
[2024-10-12T10:37:36.954+0800][info] GC(247) Phase 3: Adjust pointers
[2024-10-12T10:37:36.956+0800][info] GC(247) Phase 3: Adjust pointers 1.518ms
[2024-10-12T10:37:36.956+0800][info] GC(247) Phase 4: Compact heap
[2024-10-12T10:37:36.965+0800][info] GC(247) Phase 4: Compact heap 9.602ms
[2024-10-12T10:37:36.967+0800][info] GC(247) Eden regions: 0->0(3)
[2024-10-12T10:37:36.967+0800][info] GC(247) Survivor regions: 0->0(0)
[2024-10-12T10:37:36.967+0800][info] GC(247) Old regions: 59->39
[2024-10-12T10:37:36.967+0800][info] GC(247) Archive regions: 2->2
[2024-10-12T10:37:36.967+0800][info] GC(247) Humongous regions: 3->3
[2024-10-12T10:37:36.967+0800][info] GC(247) Metaspace: 1634K(1792K)->1634K(1792K) NonClass: 1509K(1600K)->1509K(1600K) Class: 124K(192K)->124K(192K)
[2024-10-12T10:37:36.967+0800][info] GC(247) Pause Full (G1 Compaction Pause) 122M->72M(128M) 16.398ms
[2024-10-12T10:37:36.967+0800][info] GC(247) User=0.04s Sys=0.00s Real=0.02s
[2024-10-12T10:37:37.131+0800][info] GC(248) Pause Young (Normal) (G1 Evacuation Pause)
[2024-10-12T10:37:37.131+0800][info] GC(248) Using 3 workers of 48 for evacuation
[2024-10-12T10:37:37.132+0800][info] GC(248)   Pre Evacuate Collection Set: 0.1ms
[2024-10-12T10:37:37.132+0800][info] GC(248)   Merge Heap Roots: 0.0ms
[2024-10-12T10:37:37.132+0800][info] GC(248)   Evacuate Collection Set: 0.7ms
[2024-10-12T10:37:37.132+0800][info] GC(248)   Post Evacuate Collection Set: 0.2ms
[2024-10-12T10:37:37.132+0800][info] GC(248)   Other: 0.2ms
[2024-10-12T10:37:37.132+0800][info] GC(248) Eden regions: 3->0(2)
[2024-10-12T10:37:37.132+0800][info] GC(248) Survivor regions: 0->1(1)
[2024-10-12T10:37:37.132+0800][info] GC(248) Old regions: 39->41
[2024-10-12T10:37:37.132+0800][info] GC(248) Archive regions: 2->2
[2024-10-12T10:37:37.132+0800][info] GC(248) Humongous regions: 3->3
[2024-10-12T10:37:37.132+0800][info] GC(248) Metaspace: 1634K(1792K)->1634K(1792K) NonClass: 1509K(1600K)->1509K(1600K) Class: 124K(192K)->124K(192K)
[2024-10-12T10:37:37.132+0800][info] GC(248) Pause Young (Normal) (G1 Evacuation Pause) 78M->77M(128M) 1.371ms
[2024-10-12T10:37:37.132+0800][info] GC(248) User=0.00s Sys=0.00s Real=0.00s
[2024-10-12T10:37:37.234+0800][info] GC(249) Pause Young (Normal) (G1 Evacuation Pause)
[2024-10-12T10:37:37.234+0800][info] GC(249) Using 3 workers of 48 for evacuation
[2024-10-12T10:37:37.236+0800][info] GC(249)   Pre Evacuate Collection Set: 0.1ms
[2024-10-12T10:37:37.236+0800][info] GC(249)   Merge Heap Roots: 0.0ms
[2024-10-12T10:37:37.236+0800][info] GC(249)   Evacuate Collection Set: 0.7ms
[2024-10-12T10:37:37.236+0800][info] GC(249)   Post Evacuate Collection Set: 0.2ms
[2024-10-12T10:37:37.236+0800][info] GC(249)   Other: 0.2ms
[2024-10-12T10:37:37.236+0800][info] GC(249) Eden regions: 2->0(2)
[2024-10-12T10:37:37.236+0800][info] GC(249) Survivor regions: 1->1(1)
[2024-10-12T10:37:37.236+0800][info] GC(249) Old regions: 41->43
[2024-10-12T10:37:37.236+0800][info] GC(249) Archive regions: 2->2
[2024-10-12T10:37:37.236+0800][info] GC(249) Humongous regions: 3->3
[2024-10-12T10:37:37.236+0800][info] GC(249) Metaspace: 1634K(1792K)->1634K(1792K) NonClass: 1509K(1600K)->1509K(1600K) Class: 124K(192K)->124K(192K)
[2024-10-12T10:37:37.236+0800][info] GC(249) Pause Young (Normal) (G1 Evacuation Pause) 80M->80M(128M) 1.381ms
[2024-10-12T10:37:37.236+0800][info] GC(249) User=0.00s Sys=0.00s Real=0.00s
[2024-10-12T10:37:37.338+0800][info] GC(250) Pause Young (Normal) (G1 Evacuation Pause)
[2024-10-12T10:37:37.338+0800][info] GC(250) Using 3 workers of 48 for evacuation
[2024-10-12T10:37:37.340+0800][info] GC(250)   Pre Evacuate Collection Set: 0.1ms
[2024-10-12T10:37:37.340+0800][info] GC(250)   Merge Heap Roots: 0.1ms
[2024-10-12T10:37:37.340+0800][info] GC(250)   Evacuate Collection Set: 0.8ms
[2024-10-12T10:37:37.340+0800][info] GC(250)   Post Evacuate Collection Set: 0.2ms
[2024-10-12T10:37:37.340+0800][info] GC(250)   Other: 0.2ms
[2024-10-12T10:37:37.340+0800][info] GC(250) Eden regions: 2->0(2)
[2024-10-12T10:37:37.340+0800][info] GC(250) Survivor regions: 1->1(1)
[2024-10-12T10:37:37.340+0800][info] GC(250) Old regions: 43->45
[2024-10-12T10:37:37.340+0800][info] GC(250) Archive regions: 2->2
[2024-10-12T10:37:37.340+0800][info] GC(250) Humongous regions: 3->3
[2024-10-12T10:37:37.340+0800][info] GC(250) Metaspace: 1634K(1792K)->1634K(1792K) NonClass: 1509K(1600K)->1509K(1600K) Class: 124K(192K)->124K(192K)
[2024-10-12T10:37:37.340+0800][info] GC(250) Pause Young (Normal) (G1 Evacuation Pause) 84M->85M(128M) 1.458ms
[2024-10-12T10:37:37.340+0800][info] GC(250) User=0.01s Sys=0.00s Real=0.00s
[2024-10-12T10:37:37.442+0800][info] GC(251) Pause Young (Normal) (G1 Evacuation Pause)
[2024-10-12T10:37:37.442+0800][info] GC(251) Using 3 workers of 48 for evacuation
[2024-10-12T10:37:37.443+0800][info] GC(251)   Pre Evacuate Collection Set: 0.1ms
[2024-10-12T10:37:37.443+0800][info] GC(251)   Merge Heap Roots: 0.0ms
[2024-10-12T10:37:37.443+0800][info] GC(251)   Evacuate Collection Set: 0.7ms
[2024-10-12T10:37:37.443+0800][info] GC(251)   Post Evacuate Collection Set: 0.2ms
[2024-10-12T10:37:37.443+0800][info] GC(251)   Other: 0.2ms
[2024-10-12T10:37:37.443+0800][info] GC(251) Eden regions: 2->0(2)
[2024-10-12T10:37:37.443+0800][info] GC(251) Survivor regions: 1->1(1)
[2024-10-12T10:37:37.443+0800][info] GC(251) Old regions: 45->47
[2024-10-12T10:37:37.443+0800][info] GC(251) Archive regions: 2->2
[2024-10-12T10:37:37.443+0800][info] GC(251) Humongous regions: 3->3
[2024-10-12T10:37:37.443+0800][info] GC(251) Metaspace: 1634K(1792K)->1634K(1792K) NonClass: 1509K(1600K)->1509K(1600K) Class: 124K(192K)->124K(192K)
[2024-10-12T10:37:37.443+0800][info] GC(251) Pause Young (Normal) (G1 Evacuation Pause) 88M->89M(128M) 1.356ms
[2024-10-12T10:37:37.443+0800][info] GC(251) User=0.00s Sys=0.00s Real=0.00s
[2024-10-12T10:37:37.546+0800][info] GC(252) Pause Young (Concurrent Start) (G1 Evacuation Pause)
[2024-10-12T10:37:37.546+0800][info] GC(252) Using 3 workers of 48 for evacuation
[2024-10-12T10:37:37.547+0800][info] GC(252)   Pre Evacuate Collection Set: 0.1ms
[2024-10-12T10:37:37.547+0800][info] GC(252)   Merge Heap Roots: 0.0ms
[2024-10-12T10:37:37.547+0800][info] GC(252)   Evacuate Collection Set: 0.8ms
[2024-10-12T10:37:37.547+0800][info] GC(252)   Post Evacuate Collection Set: 0.2ms
[2024-10-12T10:37:37.547+0800][info] GC(252)   Other: 0.4ms
[2024-10-12T10:37:37.547+0800][info] GC(252) Eden regions: 2->0(2)
[2024-10-12T10:37:37.547+0800][info] GC(252) Survivor regions: 1->1(1)
[2024-10-12T10:37:37.547+0800][info] GC(252) Old regions: 47->49
[2024-10-12T10:37:37.547+0800][info] GC(252) Archive regions: 2->2
[2024-10-12T10:37:37.547+0800][info] GC(252) Humongous regions: 3->3
[2024-10-12T10:37:37.547+0800][info] GC(252) Metaspace: 1634K(1792K)->1634K(1792K) NonClass: 1509K(1600K)->1509K(1600K) Class: 124K(192K)->124K(192K)
[2024-10-12T10:37:37.547+0800][info] GC(252) Pause Young (Concurrent Start) (G1 Evacuation Pause) 92M->93M(128M) 1.633ms
[2024-10-12T10:37:37.547+0800][info] GC(252) User=0.00s Sys=0.00s Real=0.00s
[2024-10-12T10:37:37.547+0800][info] GC(253) Concurrent Mark Cycle
[2024-10-12T10:37:37.547+0800][info] GC(253) Concurrent Clear Claimed Marks
[2024-10-12T10:37:37.547+0800][info] GC(253) Concurrent Clear Claimed Marks 0.017ms
[2024-10-12T10:37:37.547+0800][info] GC(253) Concurrent Scan Root Regions
[2024-10-12T10:37:37.548+0800][info] GC(253) Concurrent Scan Root Regions 0.156ms
[2024-10-12T10:37:37.548+0800][info] GC(253) Concurrent Mark
[2024-10-12T10:37:37.548+0800][info] GC(253) Concurrent Mark From Roots
[2024-10-12T10:37:37.548+0800][info] GC(253) Using 12 workers of 12 for marking
[2024-10-12T10:37:37.551+0800][info] GC(253) Concurrent Mark From Roots 3.556ms
[2024-10-12T10:37:37.551+0800][info] GC(253) Concurrent Preclean
[2024-10-12T10:37:37.553+0800][info] GC(253) Concurrent Preclean 1.684ms
[2024-10-12T10:37:37.553+0800][info] GC(253) Pause Remark
[2024-10-12T10:37:37.554+0800][info] GC(253) Pause Remark 94M->94M(128M) 1.428ms
[2024-10-12T10:37:37.554+0800][info] GC(253) User=0.00s Sys=0.00s Real=0.01s
[2024-10-12T10:37:37.554+0800][info] GC(253) Concurrent Mark 6.896ms
[2024-10-12T10:37:37.554+0800][info] GC(253) Concurrent Rebuild Remembered Sets
[2024-10-12T10:37:37.556+0800][info] GC(253) Concurrent Rebuild Remembered Sets 1.075ms
[2024-10-12T10:37:37.556+0800][info] GC(253) Pause Cleanup
[2024-10-12T10:37:37.556+0800][info] GC(253) Pause Cleanup 94M->94M(128M) 0.217ms
[2024-10-12T10:37:37.556+0800][info] GC(253) User=0.00s Sys=0.00s Real=0.00s
[2024-10-12T10:37:37.556+0800][info] GC(253) Concurrent Cleanup for Next Mark
[2024-10-12T10:37:37.556+0800][info] GC(253) Concurrent Cleanup for Next Mark 0.398ms
[2024-10-12T10:37:37.556+0800][info] GC(253) Concurrent Mark Cycle 9.127ms
[2024-10-12T10:37:37.700+0800][info] GC(254) Pause Young (Prepare Mixed) (G1 Evacuation Pause)
[2024-10-12T10:37:37.700+0800][info] GC(254) Using 3 workers of 48 for evacuation
[2024-10-12T10:37:37.702+0800][info] GC(254)   Pre Evacuate Collection Set: 0.1ms
[2024-10-12T10:37:37.702+0800][info] GC(254)   Merge Heap Roots: 0.1ms
[2024-10-12T10:37:37.702+0800][info] GC(254)   Evacuate Collection Set: 0.8ms
[2024-10-12T10:37:37.702+0800][info] GC(254)   Post Evacuate Collection Set: 0.2ms
[2024-10-12T10:37:37.702+0800][info] GC(254)   Other: 0.2ms
[2024-10-12T10:37:37.702+0800][info] GC(254) Eden regions: 2->0(2)
[2024-10-12T10:37:37.702+0800][info] GC(254) Survivor regions: 1->1(1)
[2024-10-12T10:37:37.702+0800][info] GC(254) Old regions: 49->51
[2024-10-12T10:37:37.702+0800][info] GC(254) Archive regions: 2->2
[2024-10-12T10:37:37.702+0800][info] GC(254) Humongous regions: 3->3
[2024-10-12T10:37:37.702+0800][info] GC(254) Metaspace: 1634K(1792K)->1634K(1792K) NonClass: 1509K(1600K)->1509K(1600K) Class: 124K(192K)->124K(192K)
[2024-10-12T10:37:37.702+0800][info] GC(254) Pause Young (Prepare Mixed) (G1 Evacuation Pause) 97M->97M(128M) 1.501ms
[2024-10-12T10:37:37.702+0800][info] GC(254) User=0.00s Sys=0.00s Real=0.00s
[2024-10-12T10:37:37.804+0800][info] GC(255) Pause Young (Mixed) (G1 Preventive Collection)
[2024-10-12T10:37:37.804+0800][info] GC(255) Using 3 workers of 48 for evacuation
[2024-10-12T10:37:37.806+0800][info] GC(255)   Pre Evacuate Collection Set: 0.2ms
[2024-10-12T10:37:37.806+0800][info] GC(255)   Merge Heap Roots: 0.1ms
[2024-10-12T10:37:37.806+0800][info] GC(255)   Evacuate Collection Set: 1.3ms
[2024-10-12T10:37:37.806+0800][info] GC(255)   Post Evacuate Collection Set: 0.2ms
[2024-10-12T10:37:37.806+0800][info] GC(255)   Other: 0.2ms
[2024-10-12T10:37:37.806+0800][info] GC(255) Eden regions: 2->0(2)
[2024-10-12T10:37:37.806+0800][info] GC(255) Survivor regions: 1->1(1)
[2024-10-12T10:37:37.806+0800][info] GC(255) Old regions: 51->48
[2024-10-12T10:37:37.806+0800][info] GC(255) Archive regions: 2->2
[2024-10-12T10:37:37.806+0800][info] GC(255) Humongous regions: 3->3
[2024-10-12T10:37:37.806+0800][info] GC(255) Metaspace: 1634K(1792K)->1634K(1792K) NonClass: 1509K(1600K)->1509K(1600K) Class: 124K(192K)->124K(192K)
[2024-10-12T10:37:37.806+0800][info] GC(255) Pause Young (Mixed) (G1 Preventive Collection) 101M->94M(128M) 2.038ms
[2024-10-12T10:37:37.806+0800][info] GC(255) User=0.00s Sys=0.00s Real=0.01s
[2024-10-12T10:37:37.908+0800][info] GC(256) Pause Young (Mixed) (G1 Evacuation Pause)
[2024-10-12T10:37:37.908+0800][info] GC(256) Using 3 workers of 48 for evacuation
[2024-10-12T10:37:37.911+0800][info] GC(256)   Pre Evacuate Collection Set: 0.2ms
[2024-10-12T10:37:37.911+0800][info] GC(256)   Merge Heap Roots: 0.1ms
[2024-10-12T10:37:37.911+0800][info] GC(256)   Evacuate Collection Set: 1.7ms
[2024-10-12T10:37:37.911+0800][info] GC(256)   Post Evacuate Collection Set: 0.2ms
[2024-10-12T10:37:37.911+0800][info] GC(256)   Other: 0.2ms
[2024-10-12T10:37:37.911+0800][info] GC(256) Eden regions: 2->0(2)
[2024-10-12T10:37:37.911+0800][info] GC(256) Survivor regions: 1->1(1)
[2024-10-12T10:37:37.911+0800][info] GC(256) Old regions: 48->48
[2024-10-12T10:37:37.911+0800][info] GC(256) Archive regions: 2->2
[2024-10-12T10:37:37.911+0800][info] GC(256) Humongous regions: 3->3
[2024-10-12T10:37:37.911+0800][info] GC(256) Metaspace: 1634K(1792K)->1634K(1792K) NonClass: 1509K(1600K)->1509K(1600K) Class: 124K(192K)->124K(192K)
[2024-10-12T10:37:37.911+0800][info] GC(256) Pause Young (Mixed) (G1 Evacuation Pause) 97M->95M(128M) 2.428ms
[2024-10-12T10:37:37.911+0800][info] GC(256) User=0.01s Sys=0.00s Real=0.00s
[2024-10-12T10:37:38.014+0800][info] GC(257) Pause Young (Normal) (G1 Evacuation Pause)
[2024-10-12T10:37:38.014+0800][info] GC(257) Using 3 workers of 48 for evacuation
[2024-10-12T10:37:38.015+0800][info] GC(257)   Pre Evacuate Collection Set: 0.1ms
[2024-10-12T10:37:38.015+0800][info] GC(257)   Merge Heap Roots: 0.0ms
[2024-10-12T10:37:38.015+0800][info] GC(257)   Evacuate Collection Set: 0.8ms
[2024-10-12T10:37:38.015+0800][info] GC(257)   Post Evacuate Collection Set: 0.2ms
[2024-10-12T10:37:38.015+0800][info] GC(257)   Other: 0.2ms
[2024-10-12T10:37:38.015+0800][info] GC(257) Eden regions: 2->0(2)
[2024-10-12T10:37:38.015+0800][info] GC(257) Survivor regions: 1->1(1)
[2024-10-12T10:37:38.015+0800][info] GC(257) Old regions: 48->49
[2024-10-12T10:37:38.015+0800][info] GC(257) Archive regions: 2->2
[2024-10-12T10:37:38.015+0800][info] GC(257) Humongous regions: 4->3
[2024-10-12T10:37:38.015+0800][info] GC(257) Metaspace: 1634K(1792K)->1634K(1792K) NonClass: 1509K(1600K)->1509K(1600K) Class: 124K(192K)->124K(192K)
[2024-10-12T10:37:38.015+0800][info] GC(257) Pause Young (Normal) (G1 Evacuation Pause) 101M->98M(128M) 1.431ms
[2024-10-12T10:37:38.015+0800][info] GC(257) User=0.00s Sys=0.00s Real=0.00s
[2024-10-12T10:37:38.117+0800][info] GC(258) Pause Young (Normal) (G1 Evacuation Pause)
[2024-10-12T10:37:38.117+0800][info] GC(258) Using 3 workers of 48 for evacuation
[2024-10-12T10:37:38.118+0800][info] GC(258)   Pre Evacuate Collection Set: 0.1ms
[2024-10-12T10:37:38.118+0800][info] GC(258)   Merge Heap Roots: 0.0ms
[2024-10-12T10:37:38.118+0800][info] GC(258)   Evacuate Collection Set: 0.8ms
[2024-10-12T10:37:38.118+0800][info] GC(258)   Post Evacuate Collection Set: 0.2ms
[2024-10-12T10:37:38.118+0800][info] GC(258)   Other: 0.2ms
[2024-10-12T10:37:38.118+0800][info] GC(258) Eden regions: 2->0(2)
[2024-10-12T10:37:38.118+0800][info] GC(258) Survivor regions: 1->1(1)
[2024-10-12T10:37:38.118+0800][info] GC(258) Old regions: 49->51
[2024-10-12T10:37:38.118+0800][info] GC(258) Archive regions: 2->2
[2024-10-12T10:37:38.118+0800][info] GC(258) Humongous regions: 3->3
[2024-10-12T10:37:38.118+0800][info] GC(258) Metaspace: 1634K(1792K)->1634K(1792K) NonClass: 1509K(1600K)->1509K(1600K) Class: 124K(192K)->124K(192K)
[2024-10-12T10:37:38.119+0800][info] GC(258) Pause Young (Normal) (G1 Evacuation Pause) 102M->102M(128M) 1.461ms
[2024-10-12T10:37:38.119+0800][info] GC(258) User=0.00s Sys=0.00s Real=0.00s
[2024-10-12T10:37:38.221+0800][info] GC(259) Pause Young (Concurrent Start) (G1 Evacuation Pause)
[2024-10-12T10:37:38.221+0800][info] GC(259) Using 3 workers of 48 for evacuation
[2024-10-12T10:37:38.222+0800][info] GC(259)   Pre Evacuate Collection Set: 0.1ms
[2024-10-12T10:37:38.222+0800][info] GC(259)   Merge Heap Roots: 0.0ms
[2024-10-12T10:37:38.222+0800][info] GC(259)   Evacuate Collection Set: 0.7ms
[2024-10-12T10:37:38.223+0800][info] GC(259)   Post Evacuate Collection Set: 0.2ms
[2024-10-12T10:37:38.223+0800][info] GC(259)   Other: 0.4ms
[2024-10-12T10:37:38.223+0800][info] GC(259) Eden regions: 2->0(2)
[2024-10-12T10:37:38.223+0800][info] GC(259) Survivor regions: 1->1(1)
[2024-10-12T10:37:38.223+0800][info] GC(259) Old regions: 51->53
[2024-10-12T10:37:38.223+0800][info] GC(259) Archive regions: 2->2
[2024-10-12T10:37:38.223+0800][info] GC(259) Humongous regions: 3->3
[2024-10-12T10:37:38.223+0800][info] GC(259) Metaspace: 1634K(1792K)->1634K(1792K) NonClass: 1509K(1600K)->1509K(1600K) Class: 124K(192K)->124K(192K)
[2024-10-12T10:37:38.223+0800][info] GC(259) Pause Young (Concurrent Start) (G1 Evacuation Pause) 105M->105M(128M) 1.567ms
[2024-10-12T10:37:38.223+0800][info] GC(259) User=0.00s Sys=0.00s Real=0.00s
[2024-10-12T10:37:38.223+0800][info] GC(260) Concurrent Mark Cycle
[2024-10-12T10:37:38.223+0800][info] GC(260) Concurrent Clear Claimed Marks
[2024-10-12T10:37:38.223+0800][info] GC(260) Concurrent Clear Claimed Marks 0.017ms
[2024-10-12T10:37:38.223+0800][info] GC(260) Concurrent Scan Root Regions
[2024-10-12T10:37:38.223+0800][info] GC(260) Concurrent Scan Root Regions 0.120ms
[2024-10-12T10:37:38.223+0800][info] GC(260) Concurrent Mark
[2024-10-12T10:37:38.223+0800][info] GC(260) Concurrent Mark From Roots
[2024-10-12T10:37:38.223+0800][info] GC(260) Using 12 workers of 12 for marking
[2024-10-12T10:37:38.227+0800][info] GC(260) Concurrent Mark From Roots 3.566ms
[2024-10-12T10:37:38.227+0800][info] GC(260) Concurrent Preclean
[2024-10-12T10:37:38.228+0800][info] GC(260) Concurrent Preclean 1.693ms
[2024-10-12T10:37:38.228+0800][info] GC(260) Pause Remark
[2024-10-12T10:37:38.230+0800][info] GC(260) Pause Remark 106M->106M(128M) 1.467ms
[2024-10-12T10:37:38.230+0800][info] GC(260) User=0.00s Sys=0.00s Real=0.00s
[2024-10-12T10:37:38.230+0800][info] GC(260) Concurrent Mark 7.025ms
[2024-10-12T10:37:38.230+0800][info] GC(260) Concurrent Rebuild Remembered Sets
[2024-10-12T10:37:38.231+0800][info] GC(260) Concurrent Rebuild Remembered Sets 1.052ms
[2024-10-12T10:37:38.231+0800][info] GC(260) Pause Cleanup
[2024-10-12T10:37:38.231+0800][info] GC(260) Pause Cleanup 106M->106M(128M) 0.221ms
[2024-10-12T10:37:38.231+0800][info] GC(260) User=0.00s Sys=0.00s Real=0.00s
[2024-10-12T10:37:38.231+0800][info] GC(260) Concurrent Cleanup for Next Mark
[2024-10-12T10:37:38.232+0800][info] GC(260) Concurrent Cleanup for Next Mark 0.394ms
[2024-10-12T10:37:38.232+0800][info] GC(260) Concurrent Mark Cycle 9.112ms
[2024-10-12T10:37:38.376+0800][info] GC(261) Pause Young (Prepare Mixed) (G1 Preventive Collection)
[2024-10-12T10:37:38.376+0800][info] GC(261) Using 3 workers of 48 for evacuation
[2024-10-12T10:37:38.377+0800][info] GC(261)   Pre Evacuate Collection Set: 0.1ms
[2024-10-12T10:37:38.377+0800][info] GC(261)   Merge Heap Roots: 0.1ms
[2024-10-12T10:37:38.377+0800][info] GC(261)   Evacuate Collection Set: 0.8ms
[2024-10-12T10:37:38.377+0800][info] GC(261)   Post Evacuate Collection Set: 0.2ms
[2024-10-12T10:37:38.377+0800][info] GC(261)   Other: 0.3ms
[2024-10-12T10:37:38.377+0800][info] GC(261) Eden regions: 2->0(2)
[2024-10-12T10:37:38.377+0800][info] GC(261) Survivor regions: 1->1(1)
[2024-10-12T10:37:38.377+0800][info] GC(261) Old regions: 53->55
[2024-10-12T10:37:38.377+0800][info] GC(261) Archive regions: 2->2
[2024-10-12T10:37:38.377+0800][info] GC(261) Humongous regions: 3->3
[2024-10-12T10:37:38.377+0800][info] GC(261) Metaspace: 1634K(1792K)->1634K(1792K) NonClass: 1509K(1600K)->1509K(1600K) Class: 124K(192K)->124K(192K)
[2024-10-12T10:37:38.377+0800][info] GC(261) Pause Young (Prepare Mixed) (G1 Preventive Collection) 108M->109M(128M) 1.535ms
[2024-10-12T10:37:38.377+0800][info] GC(261) User=0.00s Sys=0.00s Real=0.00s
[2024-10-12T10:37:38.439+0800][info] GC(262) Pause Young (Mixed) (G1 Preventive Collection)
[2024-10-12T10:37:38.439+0800][info] GC(262) Using 3 workers of 48 for evacuation
[2024-10-12T10:37:38.440+0800][info] GC(262) To-space exhausted
[2024-10-12T10:37:38.440+0800][info] GC(262)   Pre Evacuate Collection Set: 0.2ms
[2024-10-12T10:37:38.440+0800][info] GC(262)   Merge Heap Roots: 0.1ms
[2024-10-12T10:37:38.440+0800][info] GC(262)   Evacuate Collection Set: 0.7ms
[2024-10-12T10:37:38.440+0800][info] GC(262)   Post Evacuate Collection Set: 0.2ms
[2024-10-12T10:37:38.440+0800][info] GC(262)   Other: 0.2ms
[2024-10-12T10:37:38.440+0800][info] GC(262) Eden regions: 1->0(2)
[2024-10-12T10:37:38.440+0800][info] GC(262) Survivor regions: 1->1(1)
[2024-10-12T10:37:38.440+0800][info] GC(262) Old regions: 55->53
[2024-10-12T10:37:38.440+0800][info] GC(262) Archive regions: 2->2
[2024-10-12T10:37:38.440+0800][info] GC(262) Humongous regions: 3->3
[2024-10-12T10:37:38.440+0800][info] GC(262) Metaspace: 1634K(1792K)->1634K(1792K) NonClass: 1509K(1600K)->1509K(1600K) Class: 124K(192K)->124K(192K)
[2024-10-12T10:37:38.440+0800][info] GC(262) Pause Young (Mixed) (G1 Preventive Collection) 111M->106M(128M) 1.455ms
[2024-10-12T10:37:38.440+0800][info] GC(262) User=0.00s Sys=0.00s Real=0.00s
[2024-10-12T10:37:38.482+0800][info] GC(263) Pause Young (Mixed) (G1 Preventive Collection)
[2024-10-12T10:37:38.482+0800][info] GC(263) Using 3 workers of 48 for evacuation
[2024-10-12T10:37:38.484+0800][info] GC(263) To-space exhausted
[2024-10-12T10:37:38.484+0800][info] GC(263)   Pre Evacuate Collection Set: 0.2ms
[2024-10-12T10:37:38.484+0800][info] GC(263)   Merge Heap Roots: 0.1ms
[2024-10-12T10:37:38.484+0800][info] GC(263)   Evacuate Collection Set: 1.4ms
[2024-10-12T10:37:38.484+0800][info] GC(263)   Post Evacuate Collection Set: 0.2ms
[2024-10-12T10:37:38.484+0800][info] GC(263)   Other: 0.2ms
[2024-10-12T10:37:38.484+0800][info] GC(263) Eden regions: 1->0(2)
[2024-10-12T10:37:38.484+0800][info] GC(263) Survivor regions: 1->1(1)
[2024-10-12T10:37:38.484+0800][info] GC(263) Old regions: 53->52
[2024-10-12T10:37:38.484+0800][info] GC(263) Archive regions: 2->2
[2024-10-12T10:37:38.484+0800][info] GC(263) Humongous regions: 3->3
[2024-10-12T10:37:38.484+0800][info] GC(263) Metaspace: 1634K(1792K)->1634K(1792K) NonClass: 1509K(1600K)->1509K(1600K) Class: 124K(192K)->124K(192K)
[2024-10-12T10:37:38.484+0800][info] GC(263) Pause Young (Mixed) (G1 Preventive Collection) 108M->106M(128M) 2.127ms
[2024-10-12T10:37:38.484+0800][info] GC(263) User=0.00s Sys=0.00s Real=0.00s
[2024-10-12T10:37:38.586+0800][info] GC(264) Pause Young (Mixed) (G1 Preventive Collection)
[2024-10-12T10:37:38.586+0800][info] GC(264) Using 3 workers of 48 for evacuation
[2024-10-12T10:37:38.587+0800][info] GC(264)   Pre Evacuate Collection Set: 0.2ms
[2024-10-12T10:37:38.587+0800][info] GC(264)   Merge Heap Roots: 0.0ms
[2024-10-12T10:37:38.587+0800][info] GC(264)   Evacuate Collection Set: 0.9ms
[2024-10-12T10:37:38.587+0800][info] GC(264)   Post Evacuate Collection Set: 0.2ms
[2024-10-12T10:37:38.587+0800][info] GC(264)   Other: 0.1ms
[2024-10-12T10:37:38.587+0800][info] GC(264) Eden regions: 2->0(2)
[2024-10-12T10:37:38.587+0800][info] GC(264) Survivor regions: 1->1(1)
[2024-10-12T10:37:38.588+0800][info] GC(264) Old regions: 52->54
[2024-10-12T10:37:38.588+0800][info] GC(264) Archive regions: 2->2
[2024-10-12T10:37:38.588+0800][info] GC(264) Humongous regions: 3->3
[2024-10-12T10:37:38.588+0800][info] GC(264) Metaspace: 1634K(1792K)->1634K(1792K) NonClass: 1509K(1600K)->1509K(1600K) Class: 124K(192K)->124K(192K)
[2024-10-12T10:37:38.588+0800][info] GC(264) Pause Young (Mixed) (G1 Preventive Collection) 109M->110M(128M) 1.603ms
[2024-10-12T10:37:38.588+0800][info] GC(264) User=0.00s Sys=0.00s Real=0.00s
[2024-10-12T10:37:38.649+0800][info] GC(265) Pause Young (Concurrent Start) (G1 Preventive Collection)
[2024-10-12T10:37:38.649+0800][info] GC(265) Using 3 workers of 48 for evacuation
[2024-10-12T10:37:38.650+0800][info] GC(265)   Pre Evacuate Collection Set: 0.1ms
[2024-10-12T10:37:38.650+0800][info] GC(265)   Merge Heap Roots: 0.0ms
[2024-10-12T10:37:38.650+0800][info] GC(265)   Evacuate Collection Set: 0.7ms
[2024-10-12T10:37:38.650+0800][info] GC(265)   Post Evacuate Collection Set: 0.2ms
[2024-10-12T10:37:38.650+0800][info] GC(265)   Other: 0.4ms
[2024-10-12T10:37:38.650+0800][info] GC(265) Eden regions: 1->0(2)
[2024-10-12T10:37:38.650+0800][info] GC(265) Survivor regions: 1->1(1)
[2024-10-12T10:37:38.650+0800][info] GC(265) Old regions: 54->55
[2024-10-12T10:37:38.650+0800][info] GC(265) Archive regions: 2->2
[2024-10-12T10:37:38.650+0800][info] GC(265) Humongous regions: 3->3
[2024-10-12T10:37:38.650+0800][info] GC(265) Metaspace: 1634K(1792K)->1634K(1792K) NonClass: 1509K(1600K)->1509K(1600K) Class: 124K(192K)->124K(192K)
[2024-10-12T10:37:38.650+0800][info] GC(265) Pause Young (Concurrent Start) (G1 Preventive Collection) 112M->112M(128M) 1.504ms
[2024-10-12T10:37:38.650+0800][info] GC(265) User=0.00s Sys=0.00s Real=0.00s
[2024-10-12T10:37:38.650+0800][info] GC(266) Concurrent Mark Cycle
[2024-10-12T10:37:38.651+0800][info] GC(266) Concurrent Clear Claimed Marks
[2024-10-12T10:37:38.651+0800][info] GC(266) Concurrent Clear Claimed Marks 0.016ms
[2024-10-12T10:37:38.651+0800][info] GC(266) Concurrent Scan Root Regions
[2024-10-12T10:37:38.651+0800][info] GC(266) Concurrent Scan Root Regions 0.103ms
[2024-10-12T10:37:38.651+0800][info] GC(266) Concurrent Mark
[2024-10-12T10:37:38.651+0800][info] GC(266) Concurrent Mark From Roots
[2024-10-12T10:37:38.651+0800][info] GC(266) Using 12 workers of 12 for marking
[2024-10-12T10:37:38.655+0800][info] GC(266) Concurrent Mark From Roots 3.991ms
[2024-10-12T10:37:38.655+0800][info] GC(266) Concurrent Preclean
[2024-10-12T10:37:38.656+0800][info] GC(266) Concurrent Preclean 1.692ms
[2024-10-12T10:37:38.657+0800][info] GC(266) Pause Remark
[2024-10-12T10:37:38.658+0800][info] GC(266) Pause Remark 112M->107M(128M) 1.489ms
[2024-10-12T10:37:38.658+0800][info] GC(266) User=0.00s Sys=0.00s Real=0.00s
[2024-10-12T10:37:38.658+0800][info] GC(266) Concurrent Mark 7.490ms
[2024-10-12T10:37:38.658+0800][info] GC(266) Concurrent Rebuild Remembered Sets
[2024-10-12T10:37:38.659+0800][info] GC(266) Concurrent Rebuild Remembered Sets 1.133ms
[2024-10-12T10:37:38.659+0800][info] GC(266) Pause Cleanup
[2024-10-12T10:37:38.660+0800][info] GC(266) Pause Cleanup 107M->107M(128M) 0.212ms
[2024-10-12T10:37:38.660+0800][info] GC(266) User=0.00s Sys=0.00s Real=0.00s
[2024-10-12T10:37:38.660+0800][info] GC(266) Concurrent Cleanup for Next Mark
[2024-10-12T10:37:38.660+0800][info] GC(266) Concurrent Cleanup for Next Mark 0.380ms
[2024-10-12T10:37:38.660+0800][info] GC(266) Concurrent Mark Cycle 9.690ms
[2024-10-12T10:37:38.804+0800][info] GC(267) Pause Young (Prepare Mixed) (G1 Preventive Collection)
[2024-10-12T10:37:38.804+0800][info] GC(267) Using 3 workers of 48 for evacuation
[2024-10-12T10:37:38.805+0800][info] GC(267)   Pre Evacuate Collection Set: 0.1ms
[2024-10-12T10:37:38.806+0800][info] GC(267)   Merge Heap Roots: 0.1ms
[2024-10-12T10:37:38.806+0800][info] GC(267)   Evacuate Collection Set: 1.0ms
[2024-10-12T10:37:38.806+0800][info] GC(267)   Post Evacuate Collection Set: 0.2ms
[2024-10-12T10:37:38.806+0800][info] GC(267)   Other: 0.2ms
[2024-10-12T10:37:38.806+0800][info] GC(267) Eden regions: 2->0(2)
[2024-10-12T10:37:38.806+0800][info] GC(267) Survivor regions: 1->1(1)
[2024-10-12T10:37:38.806+0800][info] GC(267) Old regions: 52->54
[2024-10-12T10:37:38.806+0800][info] GC(267) Archive regions: 2->2
[2024-10-12T10:37:38.806+0800][info] GC(267) Humongous regions: 3->3
[2024-10-12T10:37:38.806+0800][info] GC(267) Metaspace: 1634K(1792K)->1634K(1792K) NonClass: 1509K(1600K)->1509K(1600K) Class: 124K(192K)->124K(192K)
[2024-10-12T10:37:38.806+0800][info] GC(267) Pause Young (Prepare Mixed) (G1 Preventive Collection) 110M->111M(128M) 1.663ms
[2024-10-12T10:37:38.806+0800][info] GC(267) User=0.00s Sys=0.00s Real=0.01s
[2024-10-12T10:37:38.867+0800][info] GC(268) Pause Young (Mixed) (G1 Preventive Collection)
[2024-10-12T10:37:38.867+0800][info] GC(268) Using 3 workers of 48 for evacuation
[2024-10-12T10:37:38.869+0800][info] GC(268) To-space exhausted
[2024-10-12T10:37:38.869+0800][info] GC(268)   Pre Evacuate Collection Set: 0.2ms
[2024-10-12T10:37:38.869+0800][info] GC(268)   Merge Heap Roots: 0.0ms
[2024-10-12T10:37:38.869+0800][info] GC(268)   Evacuate Collection Set: 0.9ms
[2024-10-12T10:37:38.869+0800][info] GC(268)   Post Evacuate Collection Set: 0.2ms
[2024-10-12T10:37:38.869+0800][info] GC(268)   Other: 0.2ms
[2024-10-12T10:37:38.869+0800][info] GC(268) Eden regions: 1->0(2)
[2024-10-12T10:37:38.869+0800][info] GC(268) Survivor regions: 1->1(1)
[2024-10-12T10:37:38.869+0800][info] GC(268) Old regions: 54->52
[2024-10-12T10:37:38.869+0800][info] GC(268) Archive regions: 2->2
[2024-10-12T10:37:38.869+0800][info] GC(268) Humongous regions: 3->3
[2024-10-12T10:37:38.869+0800][info] GC(268) Metaspace: 1634K(1792K)->1634K(1792K) NonClass: 1509K(1600K)->1509K(1600K) Class: 124K(192K)->124K(192K)
[2024-10-12T10:37:38.869+0800][info] GC(268) Pause Young (Mixed) (G1 Preventive Collection) 112M->109M(128M) 1.686ms
[2024-10-12T10:37:38.869+0800][info] GC(268) User=0.01s Sys=0.00s Real=0.00s
[2024-10-12T10:37:38.910+0800][info] GC(269) Pause Young (Mixed) (G1 Preventive Collection)
[2024-10-12T10:37:38.910+0800][info] GC(269) Using 3 workers of 48 for evacuation
[2024-10-12T10:37:38.912+0800][info] GC(269)   Pre Evacuate Collection Set: 0.2ms
[2024-10-12T10:37:38.912+0800][info] GC(269)   Merge Heap Roots: 0.1ms
[2024-10-12T10:37:38.912+0800][info] GC(269)   Evacuate Collection Set: 1.5ms
[2024-10-12T10:37:38.912+0800][info] GC(269)   Post Evacuate Collection Set: 0.2ms
[2024-10-12T10:37:38.912+0800][info] GC(269)   Other: 0.2ms
[2024-10-12T10:37:38.912+0800][info] GC(269) Eden regions: 1->0(2)
[2024-10-12T10:37:38.912+0800][info] GC(269) Survivor regions: 1->1(1)
[2024-10-12T10:37:38.912+0800][info] GC(269) Old regions: 52->49
[2024-10-12T10:37:38.912+0800][info] GC(269) Archive regions: 2->2
[2024-10-12T10:37:38.912+0800][info] GC(269) Humongous regions: 3->3
[2024-10-12T10:37:38.912+0800][info] GC(269) Metaspace: 1634K(1792K)->1634K(1792K) NonClass: 1509K(1600K)->1509K(1600K) Class: 124K(192K)->124K(192K)
[2024-10-12T10:37:38.912+0800][info] GC(269) Pause Young (Mixed) (G1 Preventive Collection) 110M->104M(128M) 2.202ms
[2024-10-12T10:37:38.912+0800][info] GC(269) User=0.00s Sys=0.00s Real=0.00s
[2024-10-12T10:37:39.014+0800][info] GC(270) Pause Young (Mixed) (G1 Evacuation Pause)
[2024-10-12T10:37:39.015+0800][info] GC(270) Using 3 workers of 48 for evacuation
[2024-10-12T10:37:39.016+0800][info] GC(270)   Pre Evacuate Collection Set: 0.1ms
[2024-10-12T10:37:39.016+0800][info] GC(270)   Merge Heap Roots: 0.0ms
[2024-10-12T10:37:39.016+0800][info] GC(270)   Evacuate Collection Set: 1.3ms
[2024-10-12T10:37:39.016+0800][info] GC(270)   Post Evacuate Collection Set: 0.2ms
[2024-10-12T10:37:39.016+0800][info] GC(270)   Other: 0.1ms
[2024-10-12T10:37:39.016+0800][info] GC(270) Eden regions: 2->0(2)
[2024-10-12T10:37:39.016+0800][info] GC(270) Survivor regions: 1->1(1)
[2024-10-12T10:37:39.016+0800][info] GC(270) Old regions: 49->50
[2024-10-12T10:37:39.016+0800][info] GC(270) Archive regions: 2->2
[2024-10-12T10:37:39.016+0800][info] GC(270) Humongous regions: 3->3
[2024-10-12T10:37:39.016+0800][info] GC(270) Metaspace: 1634K(1792K)->1634K(1792K) NonClass: 1509K(1600K)->1509K(1600K) Class: 124K(192K)->124K(192K)
[2024-10-12T10:37:39.016+0800][info] GC(270) Pause Young (Mixed) (G1 Evacuation Pause) 108M->106M(128M) 1.909ms
[2024-10-12T10:37:39.016+0800][info] GC(270) User=0.01s Sys=0.01s Real=0.00s
[2024-10-12T10:37:39.118+0800][info] GC(271) Pause Young (Concurrent Start) (G1 Evacuation Pause)
[2024-10-12T10:37:39.119+0800][info] GC(271) Using 3 workers of 48 for evacuation
[2024-10-12T10:37:39.120+0800][info] GC(271)   Pre Evacuate Collection Set: 0.1ms
[2024-10-12T10:37:39.120+0800][info] GC(271)   Merge Heap Roots: 0.0ms
[2024-10-12T10:37:39.120+0800][info] GC(271)   Evacuate Collection Set: 0.8ms
[2024-10-12T10:37:39.120+0800][info] GC(271)   Post Evacuate Collection Set: 0.2ms
[2024-10-12T10:37:39.120+0800][info] GC(271)   Other: 0.3ms
[2024-10-12T10:37:39.120+0800][info] GC(271) Eden regions: 2->0(2)
[2024-10-12T10:37:39.120+0800][info] GC(271) Survivor regions: 1->1(1)
[2024-10-12T10:37:39.120+0800][info] GC(271) Old regions: 50->52
[2024-10-12T10:37:39.120+0800][info] GC(271) Archive regions: 2->2
[2024-10-12T10:37:39.120+0800][info] GC(271) Humongous regions: 3->3
[2024-10-12T10:37:39.120+0800][info] GC(271) Metaspace: 1634K(1792K)->1634K(1792K) NonClass: 1509K(1600K)->1509K(1600K) Class: 124K(192K)->124K(192K)
[2024-10-12T10:37:39.120+0800][info] GC(271) Pause Young (Concurrent Start) (G1 Evacuation Pause) 110M->110M(128M) 1.602ms
[2024-10-12T10:37:39.120+0800][info] GC(271) User=0.00s Sys=0.00s Real=0.00s
[2024-10-12T10:37:39.120+0800][info] GC(272) Concurrent Mark Cycle
[2024-10-12T10:37:39.120+0800][info] GC(272) Concurrent Clear Claimed Marks
[2024-10-12T10:37:39.120+0800][info] GC(272) Concurrent Clear Claimed Marks 0.017ms
[2024-10-12T10:37:39.120+0800][info] GC(272) Concurrent Scan Root Regions
[2024-10-12T10:37:39.120+0800][info] GC(272) Concurrent Scan Root Regions 0.150ms
[2024-10-12T10:37:39.120+0800][info] GC(272) Concurrent Mark
[2024-10-12T10:37:39.120+0800][info] GC(272) Concurrent Mark From Roots
[2024-10-12T10:37:39.120+0800][info] GC(272) Using 12 workers of 12 for marking
[2024-10-12T10:37:39.125+0800][info] GC(272) Concurrent Mark From Roots 4.180ms
[2024-10-12T10:37:39.125+0800][info] GC(272) Concurrent Preclean
[2024-10-12T10:37:39.126+0800][info] GC(272) Concurrent Preclean 1.718ms
[2024-10-12T10:37:39.127+0800][info] GC(272) Pause Remark
[2024-10-12T10:37:39.128+0800][info] GC(272) Pause Remark 111M->111M(128M) 1.500ms
[2024-10-12T10:37:39.128+0800][info] GC(272) User=0.00s Sys=0.00s Real=0.00s
[2024-10-12T10:37:39.128+0800][info] GC(272) Concurrent Mark 7.666ms
[2024-10-12T10:37:39.128+0800][info] GC(272) Concurrent Rebuild Remembered Sets
[2024-10-12T10:37:39.129+0800][info] GC(272) Concurrent Rebuild Remembered Sets 1.134ms
[2024-10-12T10:37:39.129+0800][info] GC(272) Pause Cleanup
[2024-10-12T10:37:39.130+0800][info] GC(272) Pause Cleanup 111M->111M(128M) 0.246ms
[2024-10-12T10:37:39.130+0800][info] GC(272) User=0.00s Sys=0.00s Real=0.00s
[2024-10-12T10:37:39.130+0800][info] GC(272) Concurrent Cleanup for Next Mark
[2024-10-12T10:37:39.130+0800][info] GC(272) Concurrent Cleanup for Next Mark 0.392ms
[2024-10-12T10:37:39.130+0800][info] GC(272) Concurrent Mark Cycle 9.898ms
[2024-10-12T10:37:39.274+0800][info] GC(273) Pause Young (Prepare Mixed) (G1 Preventive Collection)
[2024-10-12T10:37:39.274+0800][info] GC(273) Using 3 workers of 48 for evacuation
[2024-10-12T10:37:39.275+0800][info] GC(273)   Pre Evacuate Collection Set: 0.1ms
[2024-10-12T10:37:39.275+0800][info] GC(273)   Merge Heap Roots: 0.1ms
[2024-10-12T10:37:39.275+0800][info] GC(273)   Evacuate Collection Set: 0.8ms
[2024-10-12T10:37:39.275+0800][info] GC(273)   Post Evacuate Collection Set: 0.2ms
[2024-10-12T10:37:39.275+0800][info] GC(273)   Other: 0.2ms
[2024-10-12T10:37:39.275+0800][info] GC(273) Eden regions: 2->0(2)
[2024-10-12T10:37:39.275+0800][info] GC(273) Survivor regions: 1->1(1)
[2024-10-12T10:37:39.275+0800][info] GC(273) Old regions: 52->54
[2024-10-12T10:37:39.275+0800][info] GC(273) Archive regions: 2->2
[2024-10-12T10:37:39.275+0800][info] GC(273) Humongous regions: 3->3
[2024-10-12T10:37:39.275+0800][info] GC(273) Metaspace: 1634K(1792K)->1634K(1792K) NonClass: 1509K(1600K)->1509K(1600K) Class: 124K(192K)->124K(192K)
[2024-10-12T10:37:39.275+0800][info] GC(273) Pause Young (Prepare Mixed) (G1 Preventive Collection) 114M->114M(128M) 1.474ms
[2024-10-12T10:37:39.275+0800][info] GC(273) User=0.00s Sys=0.00s Real=0.00s
[2024-10-12T10:37:39.336+0800][info] GC(274) Pause Young (Mixed) (G1 Preventive Collection)
[2024-10-12T10:37:39.336+0800][info] GC(274) Using 3 workers of 48 for evacuation
[2024-10-12T10:37:39.338+0800][info] GC(274) To-space exhausted
[2024-10-12T10:37:39.338+0800][info] GC(274)   Pre Evacuate Collection Set: 0.2ms
[2024-10-12T10:37:39.338+0800][info] GC(274)   Merge Heap Roots: 0.1ms
[2024-10-12T10:37:39.338+0800][info] GC(274)   Evacuate Collection Set: 0.9ms
[2024-10-12T10:37:39.338+0800][info] GC(274)   Post Evacuate Collection Set: 0.2ms
[2024-10-12T10:37:39.338+0800][info] GC(274)   Other: 0.2ms
[2024-10-12T10:37:39.338+0800][info] GC(274) Eden regions: 1->0(2)
[2024-10-12T10:37:39.338+0800][info] GC(274) Survivor regions: 1->1(1)
[2024-10-12T10:37:39.338+0800][info] GC(274) Old regions: 54->54
[2024-10-12T10:37:39.338+0800][info] GC(274) Archive regions: 2->2
[2024-10-12T10:37:39.338+0800][info] GC(274) Humongous regions: 3->3
[2024-10-12T10:37:39.338+0800][info] GC(274) Metaspace: 1634K(1792K)->1634K(1792K) NonClass: 1509K(1600K)->1509K(1600K) Class: 124K(192K)->124K(192K)
[2024-10-12T10:37:39.338+0800][info] GC(274) Pause Young (Mixed) (G1 Preventive Collection) 116M->115M(128M) 1.607ms
[2024-10-12T10:37:39.338+0800][info] GC(274) User=0.01s Sys=0.00s Real=0.00s
[2024-10-12T10:37:39.379+0800][info] GC(275) Pause Young (Mixed) (G1 Preventive Collection)
[2024-10-12T10:37:39.379+0800][info] GC(275) Using 3 workers of 48 for evacuation
[2024-10-12T10:37:39.381+0800][info] GC(275) To-space exhausted
[2024-10-12T10:37:39.381+0800][info] GC(275)   Pre Evacuate Collection Set: 0.2ms
[2024-10-12T10:37:39.381+0800][info] GC(275)   Merge Heap Roots: 0.1ms
[2024-10-12T10:37:39.381+0800][info] GC(275)   Evacuate Collection Set: 1.2ms
[2024-10-12T10:37:39.381+0800][info] GC(275)   Post Evacuate Collection Set: 0.3ms
[2024-10-12T10:37:39.381+0800][info] GC(275)   Other: 0.1ms
[2024-10-12T10:37:39.381+0800][info] GC(275) Eden regions: 1->0(2)
[2024-10-12T10:37:39.381+0800][info] GC(275) Survivor regions: 1->1(1)
[2024-10-12T10:37:39.381+0800][info] GC(275) Old regions: 54->56
[2024-10-12T10:37:39.381+0800][info] GC(275) Archive regions: 2->2
[2024-10-12T10:37:39.381+0800][info] GC(275) Humongous regions: 3->3
[2024-10-12T10:37:39.381+0800][info] GC(275) Metaspace: 1634K(1792K)->1634K(1792K) NonClass: 1509K(1600K)->1509K(1600K) Class: 124K(192K)->124K(192K)
[2024-10-12T10:37:39.381+0800][info] GC(275) Pause Young (Mixed) (G1 Preventive Collection) 117M->119M(128M) 1.916ms
[2024-10-12T10:37:39.381+0800][info] GC(275) User=0.00s Sys=0.00s Real=0.00s
[2024-10-12T10:37:39.443+0800][info] GC(276) Pause Young (Mixed) (G1 Preventive Collection)
[2024-10-12T10:37:39.443+0800][info] GC(276) Using 3 workers of 48 for evacuation
[2024-10-12T10:37:39.445+0800][info] GC(276) To-space exhausted
[2024-10-12T10:37:39.445+0800][info] GC(276)   Pre Evacuate Collection Set: 0.2ms
[2024-10-12T10:37:39.445+0800][info] GC(276)   Merge Heap Roots: 0.1ms
[2024-10-12T10:37:39.445+0800][info] GC(276)   Evacuate Collection Set: 0.9ms
[2024-10-12T10:37:39.445+0800][info] GC(276)   Post Evacuate Collection Set: 0.8ms
[2024-10-12T10:37:39.445+0800][info] GC(276)   Other: 0.2ms
[2024-10-12T10:37:39.445+0800][info] GC(276) Eden regions: 1->0(2)
[2024-10-12T10:37:39.445+0800][info] GC(276) Survivor regions: 1->1(1)
[2024-10-12T10:37:39.445+0800][info] GC(276) Old regions: 56->57
[2024-10-12T10:37:39.445+0800][info] GC(276) Archive regions: 2->2
[2024-10-12T10:37:39.445+0800][info] GC(276) Humongous regions: 3->3
[2024-10-12T10:37:39.445+0800][info] GC(276) Metaspace: 1634K(1792K)->1634K(1792K) NonClass: 1509K(1600K)->1509K(1600K) Class: 124K(192K)->124K(192K)
[2024-10-12T10:37:39.445+0800][info] GC(276) Pause Young (Mixed) (G1 Preventive Collection) 121M->121M(128M) 2.252ms
[2024-10-12T10:37:39.445+0800][info] GC(276) User=0.00s Sys=0.00s Real=0.00s
[2024-10-12T10:37:39.486+0800][info] GC(277) Pause Young (Concurrent Start) (G1 Evacuation Pause)
[2024-10-12T10:37:39.486+0800][info] GC(277) Using 3 workers of 48 for evacuation
[2024-10-12T10:37:39.487+0800][info] GC(277) To-space exhausted
[2024-10-12T10:37:39.487+0800][info] GC(277)   Pre Evacuate Collection Set: 0.1ms
[2024-10-12T10:37:39.487+0800][info] GC(277)   Merge Heap Roots: 0.1ms
[2024-10-12T10:37:39.487+0800][info] GC(277)   Evacuate Collection Set: 0.4ms
[2024-10-12T10:37:39.487+0800][info] GC(277)   Post Evacuate Collection Set: 0.2ms
[2024-10-12T10:37:39.487+0800][info] GC(277)   Other: 0.3ms
[2024-10-12T10:37:39.487+0800][info] GC(277) Eden regions: 1->0(3)
[2024-10-12T10:37:39.487+0800][info] GC(277) Survivor regions: 1->0(0)
[2024-10-12T10:37:39.487+0800][info] GC(277) Old regions: 57->59
[2024-10-12T10:37:39.487+0800][info] GC(277) Archive regions: 2->2
[2024-10-12T10:37:39.487+0800][info] GC(277) Humongous regions: 3->3
[2024-10-12T10:37:39.487+0800][info] GC(277) Metaspace: 1634K(1792K)->1634K(1792K) NonClass: 1509K(1600K)->1509K(1600K) Class: 124K(192K)->124K(192K)
[2024-10-12T10:37:39.487+0800][info] GC(277) Pause Young (Concurrent Start) (G1 Evacuation Pause) 123M->123M(128M) 1.202ms
[2024-10-12T10:37:39.487+0800][info] GC(277) User=0.01s Sys=0.00s Real=0.00s
[2024-10-12T10:37:39.487+0800][info] Attempting full compaction
[2024-10-12T10:37:39.487+0800][info] GC(278) Using 3 workers of 48 for full compaction
[2024-10-12T10:37:39.487+0800][info] GC(278) Pause Full (G1 Compaction Pause)
[2024-10-12T10:37:39.487+0800][info] GC(279) Concurrent Mark Cycle
[2024-10-12T10:37:39.487+0800][info] GC(279) Concurrent Clear Claimed Marks
[2024-10-12T10:37:39.488+0800][info] GC(279) Concurrent Clear Claimed Marks 0.017ms
[2024-10-12T10:37:39.488+0800][info] GC(279) Concurrent Scan Root Regions
[2024-10-12T10:37:39.488+0800][info] GC(279) Concurrent Scan Root Regions 0.010ms
[2024-10-12T10:37:39.488+0800][info] GC(279) Concurrent Mark
[2024-10-12T10:37:39.488+0800][info] GC(279) Concurrent Mark From Roots
[2024-10-12T10:37:39.488+0800][info] GC(279) Using 12 workers of 12 for marking
[2024-10-12T10:37:39.488+0800][info] GC(278) Phase 1: Mark live objects
[2024-10-12T10:37:39.491+0800][info] GC(278) Phase 1: Mark live objects 3.069ms
[2024-10-12T10:37:39.491+0800][info] GC(278) Phase 2: Prepare for compaction
[2024-10-12T10:37:39.491+0800][info] GC(278) Phase 2: Prepare for compaction 0.510ms
[2024-10-12T10:37:39.491+0800][info] GC(278) Phase 3: Adjust pointers
[2024-10-12T10:37:39.493+0800][info] GC(278) Phase 3: Adjust pointers 1.552ms
[2024-10-12T10:37:39.493+0800][info] GC(278) Phase 4: Compact heap
[2024-10-12T10:37:39.503+0800][info] GC(278) Phase 4: Compact heap 10.248ms
[2024-10-12T10:37:39.505+0800][info] GC(278) Eden regions: 0->0(4)
[2024-10-12T10:37:39.505+0800][info] GC(278) Survivor regions: 0->0(0)
[2024-10-12T10:37:39.505+0800][info] GC(278) Old regions: 59->39
[2024-10-12T10:37:39.505+0800][info] GC(278) Archive regions: 2->2
[2024-10-12T10:37:39.505+0800][info] GC(278) Humongous regions: 3->3
[2024-10-12T10:37:39.505+0800][info] GC(278) Metaspace: 1634K(1792K)->1634K(1792K) NonClass: 1509K(1600K)->1509K(1600K) Class: 124K(192K)->124K(192K)
[2024-10-12T10:37:39.505+0800][info] GC(278) Pause Full (G1 Compaction Pause) 123M->72M(128M) 17.382ms
[2024-10-12T10:37:39.505+0800][info] GC(278) User=0.03s Sys=0.00s Real=0.01s
[2024-10-12T10:37:39.505+0800][info] GC(279) Concurrent Mark From Roots 17.605ms
[2024-10-12T10:37:39.505+0800][info] GC(279) Concurrent Mark Abort
[2024-10-12T10:37:39.505+0800][info] GC(279) Concurrent Mark Cycle 17.815ms
[2024-10-12T10:37:39.730+0800][info] GC(280) Pause Young (Normal) (G1 Evacuation Pause)
[2024-10-12T10:37:39.730+0800][info] GC(280) Using 3 workers of 48 for evacuation
[2024-10-12T10:37:39.732+0800][info] GC(280)   Pre Evacuate Collection Set: 0.1ms
[2024-10-12T10:37:39.732+0800][info] GC(280)   Merge Heap Roots: 0.0ms
[2024-10-12T10:37:39.732+0800][info] GC(280)   Evacuate Collection Set: 1.0ms
[2024-10-12T10:37:39.732+0800][info] GC(280)   Post Evacuate Collection Set: 0.2ms
[2024-10-12T10:37:39.732+0800][info] GC(280)   Other: 0.3ms
[2024-10-12T10:37:39.732+0800][info] GC(280) Eden regions: 4->0(2)
[2024-10-12T10:37:39.732+0800][info] GC(280) Survivor regions: 0->1(1)
[2024-10-12T10:37:39.732+0800][info] GC(280) Old regions: 39->42
[2024-10-12T10:37:39.732+0800][info] GC(280) Archive regions: 2->2
[2024-10-12T10:37:39.732+0800][info] GC(280) Humongous regions: 3->3
[2024-10-12T10:37:39.732+0800][info] GC(280) Metaspace: 1634K(1792K)->1634K(1792K) NonClass: 1509K(1600K)->1509K(1600K) Class: 124K(192K)->124K(192K)
[2024-10-12T10:37:39.732+0800][info] GC(280) Pause Young (Normal) (G1 Evacuation Pause) 79M->79M(128M) 1.777ms
[2024-10-12T10:37:39.732+0800][info] GC(280) User=0.00s Sys=0.00s Real=0.00s
[2024-10-12T10:37:39.834+0800][info] GC(281) Pause Young (Normal) (G1 Evacuation Pause)
[2024-10-12T10:37:39.835+0800][info] GC(281) Using 3 workers of 48 for evacuation
[2024-10-12T10:37:39.836+0800][info] GC(281)   Pre Evacuate Collection Set: 0.1ms
[2024-10-12T10:37:39.836+0800][info] GC(281)   Merge Heap Roots: 0.0ms
[2024-10-12T10:37:39.836+0800][info] GC(281)   Evacuate Collection Set: 0.8ms
[2024-10-12T10:37:39.836+0800][info] GC(281)   Post Evacuate Collection Set: 0.2ms
[2024-10-12T10:37:39.836+0800][info] GC(281)   Other: 0.2ms
[2024-10-12T10:37:39.836+0800][info] GC(281) Eden regions: 2->0(2)
[2024-10-12T10:37:39.836+0800][info] GC(281) Survivor regions: 1->1(1)
[2024-10-12T10:37:39.836+0800][info] GC(281) Old regions: 42->44
[2024-10-12T10:37:39.836+0800][info] GC(281) Archive regions: 2->2
[2024-10-12T10:37:39.836+0800][info] GC(281) Humongous regions: 3->3
[2024-10-12T10:37:39.836+0800][info] GC(281) Metaspace: 1634K(1792K)->1634K(1792K) NonClass: 1510K(1600K)->1510K(1600K) Class: 124K(192K)->124K(192K)
[2024-10-12T10:37:39.836+0800][info] GC(281) Pause Young (Normal) (G1 Evacuation Pause) 83M->83M(128M) 1.525ms
[2024-10-12T10:37:39.836+0800][info] GC(281) User=0.01s Sys=0.00s Real=0.00s
[2024-10-12T10:37:39.938+0800][info] GC(282) Pause Young (Normal) (G1 Evacuation Pause)
[2024-10-12T10:37:39.938+0800][info] GC(282) Using 3 workers of 48 for evacuation
[2024-10-12T10:37:39.939+0800][info] GC(282)   Pre Evacuate Collection Set: 0.1ms
[2024-10-12T10:37:39.939+0800][info] GC(282)   Merge Heap Roots: 0.0ms
[2024-10-12T10:37:39.939+0800][info] GC(282)   Evacuate Collection Set: 0.8ms
[2024-10-12T10:37:39.939+0800][info] GC(282)   Post Evacuate Collection Set: 0.2ms
[2024-10-12T10:37:39.939+0800][info] GC(282)   Other: 0.2ms
[2024-10-12T10:37:39.939+0800][info] GC(282) Eden regions: 2->0(2)
[2024-10-12T10:37:39.939+0800][info] GC(282) Survivor regions: 1->1(1)
[2024-10-12T10:37:39.939+0800][info] GC(282) Old regions: 44->46
[2024-10-12T10:37:39.939+0800][info] GC(282) Archive regions: 2->2
[2024-10-12T10:37:39.940+0800][info] GC(282) Humongous regions: 3->3
[2024-10-12T10:37:39.940+0800][info] GC(282) Metaspace: 1634K(1792K)->1634K(1792K) NonClass: 1510K(1600K)->1510K(1600K) Class: 124K(192K)->124K(192K)
[2024-10-12T10:37:39.940+0800][info] GC(282) Pause Young (Normal) (G1 Evacuation Pause) 86M->87M(128M) 1.470ms
[2024-10-12T10:37:39.940+0800][info] GC(282) User=0.00s Sys=0.00s Real=0.00s
[2024-10-12T10:37:40.042+0800][info] GC(283) Pause Young (Concurrent Start) (G1 Evacuation Pause)
[2024-10-12T10:37:40.042+0800][info] GC(283) Using 3 workers of 48 for evacuation
[2024-10-12T10:37:40.043+0800][info] GC(283)   Pre Evacuate Collection Set: 0.1ms
[2024-10-12T10:37:40.043+0800][info] GC(283)   Merge Heap Roots: 0.0ms
[2024-10-12T10:37:40.043+0800][info] GC(283)   Evacuate Collection Set: 0.8ms
[2024-10-12T10:37:40.043+0800][info] GC(283)   Post Evacuate Collection Set: 0.2ms
[2024-10-12T10:37:40.044+0800][info] GC(283)   Other: 0.4ms
[2024-10-12T10:37:40.044+0800][info] GC(283) Eden regions: 2->0(2)
[2024-10-12T10:37:40.044+0800][info] GC(283) Survivor regions: 1->1(1)
[2024-10-12T10:37:40.044+0800][info] GC(283) Old regions: 46->48
[2024-10-12T10:37:40.044+0800][info] GC(283) Archive regions: 2->2
[2024-10-12T10:37:40.044+0800][info] GC(283) Humongous regions: 3->3
[2024-10-12T10:37:40.044+0800][info] GC(283) Metaspace: 1634K(1792K)->1634K(1792K) NonClass: 1510K(1600K)->1510K(1600K) Class: 124K(192K)->124K(192K)
[2024-10-12T10:37:40.044+0800][info] GC(283) Pause Young (Concurrent Start) (G1 Evacuation Pause) 90M->91M(128M) 1.654ms
[2024-10-12T10:37:40.044+0800][info] GC(283) User=0.00s Sys=0.00s Real=0.00s
[2024-10-12T10:37:40.044+0800][info] GC(284) Concurrent Mark Cycle
[2024-10-12T10:37:40.044+0800][info] GC(284) Concurrent Clear Claimed Marks
[2024-10-12T10:37:40.044+0800][info] GC(284) Concurrent Clear Claimed Marks 0.017ms
[2024-10-12T10:37:40.044+0800][info] GC(284) Concurrent Scan Root Regions
[2024-10-12T10:37:40.044+0800][info] GC(284) Concurrent Scan Root Regions 0.160ms
[2024-10-12T10:37:40.044+0800][info] GC(284) Concurrent Mark
[2024-10-12T10:37:40.044+0800][info] GC(284) Concurrent Mark From Roots
[2024-10-12T10:37:40.044+0800][info] GC(284) Using 12 workers of 12 for marking
[2024-10-12T10:37:40.048+0800][info] GC(284) Concurrent Mark From Roots 4.153ms
[2024-10-12T10:37:40.048+0800][info] GC(284) Concurrent Preclean
[2024-10-12T10:37:40.050+0800][info] GC(284) Concurrent Preclean 1.708ms
[2024-10-12T10:37:40.050+0800][info] GC(284) Pause Remark
[2024-10-12T10:37:40.052+0800][info] GC(284) Pause Remark 92M->92M(128M) 1.516ms
[2024-10-12T10:37:40.052+0800][info] GC(284) User=0.00s Sys=0.00s Real=0.00s
[2024-10-12T10:37:40.052+0800][info] GC(284) Concurrent Mark 7.642ms
[2024-10-12T10:37:40.052+0800][info] GC(284) Concurrent Rebuild Remembered Sets
[2024-10-12T10:37:40.053+0800][info] GC(284) Concurrent Rebuild Remembered Sets 1.062ms
[2024-10-12T10:37:40.053+0800][info] GC(284) Pause Cleanup
[2024-10-12T10:37:40.053+0800][info] GC(284) Pause Cleanup 92M->92M(128M) 0.287ms
[2024-10-12T10:37:40.053+0800][info] GC(284) User=0.00s Sys=0.00s Real=0.01s
[2024-10-12T10:37:40.053+0800][info] GC(284) Concurrent Cleanup for Next Mark
[2024-10-12T10:37:40.054+0800][info] GC(284) Concurrent Cleanup for Next Mark 0.415ms
[2024-10-12T10:37:40.054+0800][info] GC(284) Concurrent Mark Cycle 9.929ms
[2024-10-12T10:37:40.197+0800][info] GC(285) Pause Young (Prepare Mixed) (G1 Evacuation Pause)
[2024-10-12T10:37:40.197+0800][info] GC(285) Using 3 workers of 48 for evacuation
[2024-10-12T10:37:40.198+0800][info] GC(285)   Pre Evacuate Collection Set: 0.1ms
[2024-10-12T10:37:40.198+0800][info] GC(285)   Merge Heap Roots: 0.1ms
[2024-10-12T10:37:40.198+0800][info] GC(285)   Evacuate Collection Set: 0.8ms
[2024-10-12T10:37:40.198+0800][info] GC(285)   Post Evacuate Collection Set: 0.2ms
[2024-10-12T10:37:40.198+0800][info] GC(285)   Other: 0.2ms
[2024-10-12T10:37:40.198+0800][info] GC(285) Eden regions: 2->0(2)
[2024-10-12T10:37:40.198+0800][info] GC(285) Survivor regions: 1->1(1)
[2024-10-12T10:37:40.198+0800][info] GC(285) Old regions: 48->50
[2024-10-12T10:37:40.198+0800][info] GC(285) Archive regions: 2->2
[2024-10-12T10:37:40.198+0800][info] GC(285) Humongous regions: 3->3
[2024-10-12T10:37:40.198+0800][info] GC(285) Metaspace: 1635K(1792K)->1635K(1792K) NonClass: 1511K(1600K)->1511K(1600K) Class: 124K(192K)->124K(192K)
[2024-10-12T10:37:40.198+0800][info] GC(285) Pause Young (Prepare Mixed) (G1 Evacuation Pause) 95M->95M(128M) 1.520ms
[2024-10-12T10:37:40.198+0800][info] GC(285) User=0.00s Sys=0.00s Real=0.00s
[2024-10-12T10:37:40.301+0800][info] GC(286) Pause Young (Mixed) (G1 Preventive Collection)
[2024-10-12T10:37:40.302+0800][info] GC(286) Using 3 workers of 48 for evacuation
[2024-10-12T10:37:40.303+0800][info] GC(286) To-space exhausted
[2024-10-12T10:37:40.303+0800][info] GC(286)   Pre Evacuate Collection Set: 0.2ms
[2024-10-12T10:37:40.303+0800][info] GC(286)   Merge Heap Roots: 0.0ms
[2024-10-12T10:37:40.303+0800][info] GC(286)   Evacuate Collection Set: 1.3ms
[2024-10-12T10:37:40.303+0800][info] GC(286)   Post Evacuate Collection Set: 0.2ms
[2024-10-12T10:37:40.303+0800][info] GC(286)   Other: 0.5ms
[2024-10-12T10:37:40.304+0800][info] GC(286) Eden regions: 2->0(2)
[2024-10-12T10:37:40.304+0800][info] GC(286) Survivor regions: 1->1(1)
[2024-10-12T10:37:40.304+0800][info] GC(286) Old regions: 50->51
[2024-10-12T10:37:40.304+0800][info] GC(286) Archive regions: 2->2
[2024-10-12T10:37:40.304+0800][info] GC(286) Humongous regions: 4->3
[2024-10-12T10:37:40.304+0800][info] GC(286) Metaspace: 1635K(1792K)->1635K(1792K) NonClass: 1511K(1600K)->1511K(1600K) Class: 124K(192K)->124K(192K)
[2024-10-12T10:37:40.304+0800][info] GC(286) Pause Young (Mixed) (G1 Preventive Collection) 101M->99M(128M) 2.366ms
[2024-10-12T10:37:40.304+0800][info] GC(286) User=0.01s Sys=0.00s Real=0.00s
[2024-10-12T10:37:40.406+0800][info] GC(287) Pause Young (Mixed) (G1 Preventive Collection)
[2024-10-12T10:37:40.406+0800][info] GC(287) Using 3 workers of 48 for evacuation
[2024-10-12T10:37:40.408+0800][info] GC(287) To-space exhausted
[2024-10-12T10:37:40.408+0800][info] GC(287)   Pre Evacuate Collection Set: 0.1ms
[2024-10-12T10:37:40.408+0800][info] GC(287)   Merge Heap Roots: 0.1ms
[2024-10-12T10:37:40.408+0800][info] GC(287)   Evacuate Collection Set: 1.4ms
[2024-10-12T10:37:40.408+0800][info] GC(287)   Post Evacuate Collection Set: 0.2ms
[2024-10-12T10:37:40.408+0800][info] GC(287)   Other: 0.2ms
[2024-10-12T10:37:40.408+0800][info] GC(287) Eden regions: 2->0(2)
[2024-10-12T10:37:40.408+0800][info] GC(287) Survivor regions: 1->1(1)
[2024-10-12T10:37:40.408+0800][info] GC(287) Old regions: 51->52
[2024-10-12T10:37:40.408+0800][info] GC(287) Archive regions: 2->2
[2024-10-12T10:37:40.408+0800][info] GC(287) Humongous regions: 3->3
[2024-10-12T10:37:40.408+0800][info] GC(287) Metaspace: 1636K(1792K)->1636K(1792K) NonClass: 1512K(1600K)->1512K(1600K) Class: 124K(192K)->124K(192K)
[2024-10-12T10:37:40.408+0800][info] GC(287) Pause Young (Mixed) (G1 Preventive Collection) 102M->102M(128M) 2.103ms
[2024-10-12T10:37:40.408+0800][info] GC(287) User=0.01s Sys=0.00s Real=0.00s
[2024-10-12T10:37:40.510+0800][info] GC(288) Pause Young (Concurrent Start) (G1 Preventive Collection)
[2024-10-12T10:37:40.510+0800][info] GC(288) Using 3 workers of 48 for evacuation
[2024-10-12T10:37:40.512+0800][info] GC(288)   Pre Evacuate Collection Set: 0.1ms
[2024-10-12T10:37:40.512+0800][info] GC(288)   Merge Heap Roots: 0.0ms
[2024-10-12T10:37:40.512+0800][info] GC(288)   Evacuate Collection Set: 0.8ms
[2024-10-12T10:37:40.512+0800][info] GC(288)   Post Evacuate Collection Set: 0.2ms
[2024-10-12T10:37:40.512+0800][info] GC(288)   Other: 0.4ms
[2024-10-12T10:37:40.512+0800][info] GC(288) Eden regions: 2->0(2)
[2024-10-12T10:37:40.512+0800][info] GC(288) Survivor regions: 1->1(1)
[2024-10-12T10:37:40.512+0800][info] GC(288) Old regions: 52->54
[2024-10-12T10:37:40.512+0800][info] GC(288) Archive regions: 2->2
[2024-10-12T10:37:40.512+0800][info] GC(288) Humongous regions: 3->3
[2024-10-12T10:37:40.512+0800][info] GC(288) Metaspace: 1636K(1792K)->1636K(1792K) NonClass: 1512K(1600K)->1512K(1600K) Class: 124K(192K)->124K(192K)
[2024-10-12T10:37:40.512+0800][info] GC(288) Pause Young (Concurrent Start) (G1 Preventive Collection) 105M->105M(128M) 1.656ms
[2024-10-12T10:37:40.512+0800][info] GC(288) User=0.00s Sys=0.00s Real=0.00s
[2024-10-12T10:37:40.512+0800][info] GC(289) Concurrent Mark Cycle
[2024-10-12T10:37:40.512+0800][info] GC(289) Concurrent Clear Claimed Marks
[2024-10-12T10:37:40.512+0800][info] GC(289) Concurrent Clear Claimed Marks 0.017ms
[2024-10-12T10:37:40.512+0800][info] GC(289) Concurrent Scan Root Regions
[2024-10-12T10:37:40.512+0800][info] GC(289) Concurrent Scan Root Regions 0.111ms
[2024-10-12T10:37:40.512+0800][info] GC(289) Concurrent Mark
[2024-10-12T10:37:40.512+0800][info] GC(289) Concurrent Mark From Roots
[2024-10-12T10:37:40.512+0800][info] GC(289) Using 12 workers of 12 for marking
[2024-10-12T10:37:40.516+0800][info] GC(289) Concurrent Mark From Roots 3.644ms
[2024-10-12T10:37:40.516+0800][info] GC(289) Concurrent Preclean
[2024-10-12T10:37:40.518+0800][info] GC(289) Concurrent Preclean 1.729ms
[2024-10-12T10:37:40.518+0800][info] GC(289) Pause Remark
[2024-10-12T10:37:40.519+0800][info] GC(289) Pause Remark 106M->103M(128M) 1.484ms
[2024-10-12T10:37:40.519+0800][info] GC(289) User=0.00s Sys=0.00s Real=0.00s
[2024-10-12T10:37:40.520+0800][info] GC(289) Concurrent Mark 7.151ms
[2024-10-12T10:37:40.520+0800][info] GC(289) Concurrent Rebuild Remembered Sets
[2024-10-12T10:37:40.521+0800][info] GC(289) Concurrent Rebuild Remembered Sets 1.048ms
[2024-10-12T10:37:40.521+0800][info] GC(289) Pause Cleanup
[2024-10-12T10:37:40.521+0800][info] GC(289) Pause Cleanup 103M->103M(128M) 0.189ms
[2024-10-12T10:37:40.521+0800][info] GC(289) User=0.00s Sys=0.00s Real=0.00s
[2024-10-12T10:37:40.521+0800][info] GC(289) Concurrent Cleanup for Next Mark
[2024-10-12T10:37:40.521+0800][info] GC(289) Concurrent Cleanup for Next Mark 0.403ms
[2024-10-12T10:37:40.521+0800][info] GC(289) Concurrent Mark Cycle 9.189ms
[2024-10-12T10:37:40.665+0800][info] GC(290) Pause Young (Prepare Mixed) (G1 Preventive Collection)
[2024-10-12T10:37:40.665+0800][info] GC(290) Using 3 workers of 48 for evacuation
[2024-10-12T10:37:40.667+0800][info] GC(290)   Pre Evacuate Collection Set: 0.1ms
[2024-10-12T10:37:40.667+0800][info] GC(290)   Merge Heap Roots: 0.1ms
[2024-10-12T10:37:40.667+0800][info] GC(290)   Evacuate Collection Set: 0.8ms
[2024-10-12T10:37:40.667+0800][info] GC(290)   Post Evacuate Collection Set: 0.2ms
[2024-10-12T10:37:40.667+0800][info] GC(290)   Other: 0.2ms
[2024-10-12T10:37:40.667+0800][info] GC(290) Eden regions: 2->0(2)
[2024-10-12T10:37:40.667+0800][info] GC(290) Survivor regions: 1->1(1)
[2024-10-12T10:37:40.667+0800][info] GC(290) Old regions: 52->54
[2024-10-12T10:37:40.667+0800][info] GC(290) Archive regions: 2->2
[2024-10-12T10:37:40.667+0800][info] GC(290) Humongous regions: 3->3
[2024-10-12T10:37:40.667+0800][info] GC(290) Metaspace: 1636K(1792K)->1636K(1792K) NonClass: 1512K(1600K)->1512K(1600K) Class: 124K(192K)->124K(192K)
[2024-10-12T10:37:40.667+0800][info] GC(290) Pause Young (Prepare Mixed) (G1 Preventive Collection) 105M->106M(128M) 1.508ms
[2024-10-12T10:37:40.667+0800][info] GC(290) User=0.00s Sys=0.00s Real=0.00s
[2024-10-12T10:37:40.728+0800][info] GC(291) Pause Young (Mixed) (G1 Preventive Collection)
[2024-10-12T10:37:40.728+0800][info] GC(291) Using 3 workers of 48 for evacuation
[2024-10-12T10:37:40.730+0800][info] GC(291) To-space exhausted
[2024-10-12T10:37:40.730+0800][info] GC(291)   Pre Evacuate Collection Set: 0.2ms
[2024-10-12T10:37:40.730+0800][info] GC(291)   Merge Heap Roots: 0.1ms
[2024-10-12T10:37:40.730+0800][info] GC(291)   Evacuate Collection Set: 0.9ms
[2024-10-12T10:37:40.730+0800][info] GC(291)   Post Evacuate Collection Set: 0.2ms
[2024-10-12T10:37:40.730+0800][info] GC(291)   Other: 0.2ms
[2024-10-12T10:37:40.730+0800][info] GC(291) Eden regions: 1->0(2)
[2024-10-12T10:37:40.730+0800][info] GC(291) Survivor regions: 1->1(1)
[2024-10-12T10:37:40.730+0800][info] GC(291) Old regions: 54->52
[2024-10-12T10:37:40.730+0800][info] GC(291) Archive regions: 2->2
[2024-10-12T10:37:40.730+0800][info] GC(291) Humongous regions: 3->3
[2024-10-12T10:37:40.730+0800][info] GC(291) Metaspace: 1636K(1792K)->1636K(1792K) NonClass: 1512K(1600K)->1512K(1600K) Class: 124K(192K)->124K(192K)
[2024-10-12T10:37:40.730+0800][info] GC(291) Pause Young (Mixed) (G1 Preventive Collection) 108M->106M(128M) 1.631ms
[2024-10-12T10:37:40.730+0800][info] GC(291) User=0.00s Sys=0.00s Real=0.00s
[2024-10-12T10:37:40.833+0800][info] GC(292) Pause Young (Mixed) (G1 Preventive Collection)
[2024-10-12T10:37:40.833+0800][info] GC(292) Using 3 workers of 48 for evacuation
[2024-10-12T10:37:40.834+0800][info] GC(292) To-space exhausted
[2024-10-12T10:37:40.834+0800][info] GC(292)   Pre Evacuate Collection Set: 0.1ms
[2024-10-12T10:37:40.834+0800][info] GC(292)   Merge Heap Roots: 0.1ms
[2024-10-12T10:37:40.834+0800][info] GC(292)   Evacuate Collection Set: 1.2ms
[2024-10-12T10:37:40.834+0800][info] GC(292)   Post Evacuate Collection Set: 0.3ms
[2024-10-12T10:37:40.834+0800][info] GC(292)   Other: 0.2ms
[2024-10-12T10:37:40.834+0800][info] GC(292) Eden regions: 2->0(2)
[2024-10-12T10:37:40.834+0800][info] GC(292) Survivor regions: 1->1(1)
[2024-10-12T10:37:40.834+0800][info] GC(292) Old regions: 52->54
[2024-10-12T10:37:40.834+0800][info] GC(292) Archive regions: 2->2
[2024-10-12T10:37:40.834+0800][info] GC(292) Humongous regions: 3->3
[2024-10-12T10:37:40.834+0800][info] GC(292) Metaspace: 1636K(1792K)->1636K(1792K) NonClass: 1512K(1600K)->1512K(1600K) Class: 124K(192K)->124K(192K)
[2024-10-12T10:37:40.834+0800][info] GC(292) Pause Young (Mixed) (G1 Preventive Collection) 110M->111M(128M) 1.917ms
[2024-10-12T10:37:40.834+0800][info] GC(292) User=0.00s Sys=0.00s Real=0.01s
[2024-10-12T10:37:40.896+0800][info] GC(293) Pause Young (Mixed) (G1 Preventive Collection)
[2024-10-12T10:37:40.896+0800][info] GC(293) Using 3 workers of 48 for evacuation
[2024-10-12T10:37:40.897+0800][info] GC(293)   Pre Evacuate Collection Set: 0.2ms
[2024-10-12T10:37:40.897+0800][info] GC(293)   Merge Heap Roots: 0.1ms
[2024-10-12T10:37:40.897+0800][info] GC(293)   Evacuate Collection Set: 1.1ms
[2024-10-12T10:37:40.897+0800][info] GC(293)   Post Evacuate Collection Set: 0.2ms
[2024-10-12T10:37:40.897+0800][info] GC(293)   Other: 0.1ms
[2024-10-12T10:37:40.897+0800][info] GC(293) Eden regions: 1->0(2)
[2024-10-12T10:37:40.897+0800][info] GC(293) Survivor regions: 1->1(1)
[2024-10-12T10:37:40.897+0800][info] GC(293) Old regions: 54->54
[2024-10-12T10:37:40.897+0800][info] GC(293) Archive regions: 2->2
[2024-10-12T10:37:40.897+0800][info] GC(293) Humongous regions: 3->3
[2024-10-12T10:37:40.898+0800][info] GC(293) Metaspace: 1636K(1792K)->1636K(1792K) NonClass: 1512K(1600K)->1512K(1600K) Class: 124K(192K)->124K(192K)
[2024-10-12T10:37:40.898+0800][info] GC(293) Pause Young (Mixed) (G1 Preventive Collection) 112M->111M(128M) 1.783ms
[2024-10-12T10:37:40.898+0800][info] GC(293) User=0.01s Sys=0.00s Real=0.00s
[2024-10-12T10:37:40.939+0800][info] GC(294) Pause Young (Concurrent Start) (G1 Preventive Collection)
[2024-10-12T10:37:40.939+0800][info] GC(294) Using 3 workers of 48 for evacuation
[2024-10-12T10:37:40.940+0800][info] GC(294)   Pre Evacuate Collection Set: 0.1ms
[2024-10-12T10:37:40.940+0800][info] GC(294)   Merge Heap Roots: 0.0ms
[2024-10-12T10:37:40.940+0800][info] GC(294)   Evacuate Collection Set: 0.6ms
[2024-10-12T10:37:40.940+0800][info] GC(294)   Post Evacuate Collection Set: 0.2ms
[2024-10-12T10:37:40.940+0800][info] GC(294)   Other: 0.3ms
[2024-10-12T10:37:40.940+0800][info] GC(294) Eden regions: 1->0(2)
[2024-10-12T10:37:40.940+0800][info] GC(294) Survivor regions: 1->1(1)
[2024-10-12T10:37:40.940+0800][info] GC(294) Old regions: 54->55
[2024-10-12T10:37:40.940+0800][info] GC(294) Archive regions: 2->2
[2024-10-12T10:37:40.940+0800][info] GC(294) Humongous regions: 3->3
[2024-10-12T10:37:40.940+0800][info] GC(294) Metaspace: 1636K(1792K)->1636K(1792K) NonClass: 1512K(1600K)->1512K(1600K) Class: 124K(192K)->124K(192K)
[2024-10-12T10:37:40.940+0800][info] GC(294) Pause Young (Concurrent Start) (G1 Preventive Collection) 112M->112M(128M) 1.382ms
[2024-10-12T10:37:40.940+0800][info] GC(294) User=0.00s Sys=0.00s Real=0.00s
[2024-10-12T10:37:40.940+0800][info] GC(295) Concurrent Mark Cycle
[2024-10-12T10:37:40.940+0800][info] GC(295) Concurrent Clear Claimed Marks
[2024-10-12T10:37:40.940+0800][info] GC(295) Concurrent Clear Claimed Marks 0.016ms
[2024-10-12T10:37:40.940+0800][info] GC(295) Concurrent Scan Root Regions
[2024-10-12T10:37:40.940+0800][info] GC(295) Concurrent Scan Root Regions 0.151ms
[2024-10-12T10:37:40.940+0800][info] GC(295) Concurrent Mark
[2024-10-12T10:37:40.940+0800][info] GC(295) Concurrent Mark From Roots
[2024-10-12T10:37:40.940+0800][info] GC(295) Using 12 workers of 12 for marking
[2024-10-12T10:37:40.944+0800][info] GC(295) Concurrent Mark From Roots 3.925ms
[2024-10-12T10:37:40.944+0800][info] GC(295) Concurrent Preclean
[2024-10-12T10:37:40.946+0800][info] GC(295) Concurrent Preclean 1.727ms
[2024-10-12T10:37:40.946+0800][info] GC(295) Pause Remark
[2024-10-12T10:37:40.948+0800][info] GC(295) Pause Remark 113M->111M(128M) 1.525ms
[2024-10-12T10:37:40.948+0800][info] GC(295) User=0.00s Sys=0.00s Real=0.00s
[2024-10-12T10:37:40.948+0800][info] GC(295) Concurrent Mark 7.491ms
[2024-10-12T10:37:40.948+0800][info] GC(295) Concurrent Rebuild Remembered Sets
[2024-10-12T10:37:40.949+0800][info] GC(295) Concurrent Rebuild Remembered Sets 1.130ms
[2024-10-12T10:37:40.949+0800][info] GC(295) Pause Cleanup
[2024-10-12T10:37:40.949+0800][info] GC(295) Pause Cleanup 111M->111M(128M) 0.215ms
[2024-10-12T10:37:40.949+0800][info] GC(295) User=0.00s Sys=0.00s Real=0.00s
[2024-10-12T10:37:40.949+0800][info] GC(295) Concurrent Cleanup for Next Mark
[2024-10-12T10:37:40.950+0800][info] GC(295) Concurrent Cleanup for Next Mark 0.385ms
[2024-10-12T10:37:40.950+0800][info] GC(295) Concurrent Mark Cycle 9.739ms
[2024-10-12T10:37:41.053+0800][info] GC(296) Pause Young (Prepare Mixed) (G1 Preventive Collection)
[2024-10-12T10:37:41.053+0800][info] GC(296) Using 3 workers of 48 for evacuation
[2024-10-12T10:37:41.054+0800][info] GC(296)   Pre Evacuate Collection Set: 0.1ms
[2024-10-12T10:37:41.054+0800][info] GC(296)   Merge Heap Roots: 0.1ms
[2024-10-12T10:37:41.054+0800][info] GC(296)   Evacuate Collection Set: 0.7ms
[2024-10-12T10:37:41.054+0800][info] GC(296)   Post Evacuate Collection Set: 0.2ms
[2024-10-12T10:37:41.054+0800][info] GC(296)   Other: 0.2ms
[2024-10-12T10:37:41.054+0800][info] GC(296) Eden regions: 1->0(2)
[2024-10-12T10:37:41.054+0800][info] GC(296) Survivor regions: 1->1(1)
[2024-10-12T10:37:41.054+0800][info] GC(296) Old regions: 54->55
[2024-10-12T10:37:41.054+0800][info] GC(296) Archive regions: 2->2
[2024-10-12T10:37:41.054+0800][info] GC(296) Humongous regions: 3->3
[2024-10-12T10:37:41.054+0800][info] GC(296) Metaspace: 1637K(1792K)->1637K(1792K) NonClass: 1513K(1600K)->1513K(1600K) Class: 124K(192K)->124K(192K)
[2024-10-12T10:37:41.054+0800][info] GC(296) Pause Young (Prepare Mixed) (G1 Preventive Collection) 112M->112M(128M) 1.411ms
[2024-10-12T10:37:41.054+0800][info] GC(296) User=0.00s Sys=0.00s Real=0.01s
[2024-10-12T10:37:41.095+0800][info] GC(297) Pause Young (Mixed) (G1 Preventive Collection)
[2024-10-12T10:37:41.095+0800][info] GC(297) Using 3 workers of 48 for evacuation
[2024-10-12T10:37:41.096+0800][info] GC(297) To-space exhausted
[2024-10-12T10:37:41.096+0800][info] GC(297)   Pre Evacuate Collection Set: 0.2ms
[2024-10-12T10:37:41.097+0800][info] GC(297)   Merge Heap Roots: 0.1ms
[2024-10-12T10:37:41.097+0800][info] GC(297)   Evacuate Collection Set: 0.6ms
[2024-10-12T10:37:41.097+0800][info] GC(297)   Post Evacuate Collection Set: 0.2ms
[2024-10-12T10:37:41.097+0800][info] GC(297)   Other: 0.2ms
[2024-10-12T10:37:41.097+0800][info] GC(297) Eden regions: 1->0(2)
[2024-10-12T10:37:41.097+0800][info] GC(297) Survivor regions: 1->1(1)
[2024-10-12T10:37:41.097+0800][info] GC(297) Old regions: 55->53
[2024-10-12T10:37:41.097+0800][info] GC(297) Archive regions: 2->2
[2024-10-12T10:37:41.097+0800][info] GC(297) Humongous regions: 3->3
[2024-10-12T10:37:41.097+0800][info] GC(297) Metaspace: 1637K(1792K)->1637K(1792K) NonClass: 1513K(1600K)->1513K(1600K) Class: 124K(192K)->124K(192K)
[2024-10-12T10:37:41.097+0800][info] GC(297) Pause Young (Mixed) (G1 Preventive Collection) 114M->109M(128M) 1.395ms
[2024-10-12T10:37:41.097+0800][info] GC(297) User=0.00s Sys=0.00s Real=0.00s
[2024-10-12T10:37:41.158+0800][info] GC(298) Pause Young (Mixed) (G1 Preventive Collection)
[2024-10-12T10:37:41.158+0800][info] GC(298) Using 3 workers of 48 for evacuation
[2024-10-12T10:37:41.160+0800][info] GC(298) To-space exhausted
[2024-10-12T10:37:41.160+0800][info] GC(298)   Pre Evacuate Collection Set: 0.2ms
[2024-10-12T10:37:41.160+0800][info] GC(298)   Merge Heap Roots: 0.0ms
[2024-10-12T10:37:41.160+0800][info] GC(298)   Evacuate Collection Set: 1.1ms
[2024-10-12T10:37:41.160+0800][info] GC(298)   Post Evacuate Collection Set: 0.2ms
[2024-10-12T10:37:41.160+0800][info] GC(298)   Other: 0.1ms
[2024-10-12T10:37:41.160+0800][info] GC(298) Eden regions: 1->0(2)
[2024-10-12T10:37:41.160+0800][info] GC(298) Survivor regions: 1->1(1)
[2024-10-12T10:37:41.160+0800][info] GC(298) Old regions: 53->50
[2024-10-12T10:37:41.160+0800][info] GC(298) Archive regions: 2->2
[2024-10-12T10:37:41.160+0800][info] GC(298) Humongous regions: 3->3
[2024-10-12T10:37:41.160+0800][info] GC(298) Metaspace: 1637K(1792K)->1637K(1792K) NonClass: 1513K(1600K)->1513K(1600K) Class: 124K(192K)->124K(192K)
[2024-10-12T10:37:41.160+0800][info] GC(298) Pause Young (Mixed) (G1 Preventive Collection) 111M->104M(128M) 1.775ms
[2024-10-12T10:37:41.160+0800][info] GC(298) User=0.01s Sys=0.00s Real=0.00s
[2024-10-12T10:37:41.262+0800][info] GC(299) Pause Young (Mixed) (G1 Preventive Collection)
[2024-10-12T10:37:41.262+0800][info] GC(299) Using 3 workers of 48 for evacuation
[2024-10-12T10:37:41.264+0800][info] GC(299)   Pre Evacuate Collection Set: 0.1ms
[2024-10-12T10:37:41.264+0800][info] GC(299)   Merge Heap Roots: 0.1ms
[2024-10-12T10:37:41.264+0800][info] GC(299)   Evacuate Collection Set: 1.2ms
[2024-10-12T10:37:41.264+0800][info] GC(299)   Post Evacuate Collection Set: 0.2ms
[2024-10-12T10:37:41.264+0800][info] GC(299)   Other: 0.2ms
[2024-10-12T10:37:41.264+0800][info] GC(299) Eden regions: 2->0(2)
[2024-10-12T10:37:41.264+0800][info] GC(299) Survivor regions: 1->1(1)
[2024-10-12T10:37:41.264+0800][info] GC(299) Old regions: 50->51
[2024-10-12T10:37:41.264+0800][info] GC(299) Archive regions: 2->2
[2024-10-12T10:37:41.264+0800][info] GC(299) Humongous regions: 3->3
[2024-10-12T10:37:41.264+0800][info] GC(299) Metaspace: 1637K(1792K)->1637K(1792K) NonClass: 1513K(1600K)->1513K(1600K) Class: 124K(192K)->124K(192K)
[2024-10-12T10:37:41.264+0800][info] GC(299) Pause Young (Mixed) (G1 Preventive Collection) 108M->106M(128M) 1.842ms
[2024-10-12T10:37:41.264+0800][info] GC(299) User=0.00s Sys=0.00s Real=0.00s
[2024-10-12T10:37:41.366+0800][info] GC(300) Pause Young (Concurrent Start) (G1 Evacuation Pause)
[2024-10-12T10:37:41.366+0800][info] GC(300) Using 3 workers of 48 for evacuation
[2024-10-12T10:37:41.367+0800][info] GC(300)   Pre Evacuate Collection Set: 0.1ms
[2024-10-12T10:37:41.368+0800][info] GC(300)   Merge Heap Roots: 0.0ms
[2024-10-12T10:37:41.368+0800][info] GC(300)   Evacuate Collection Set: 0.7ms
[2024-10-12T10:37:41.368+0800][info] GC(300)   Post Evacuate Collection Set: 0.2ms
[2024-10-12T10:37:41.368+0800][info] GC(300)   Other: 0.3ms
[2024-10-12T10:37:41.368+0800][info] GC(300) Eden regions: 2->0(2)
[2024-10-12T10:37:41.368+0800][info] GC(300) Survivor regions: 1->1(1)
[2024-10-12T10:37:41.368+0800][info] GC(300) Old regions: 51->53
[2024-10-12T10:37:41.368+0800][info] GC(300) Archive regions: 2->2
[2024-10-12T10:37:41.368+0800][info] GC(300) Humongous regions: 3->3
[2024-10-12T10:37:41.368+0800][info] GC(300) Metaspace: 1637K(1792K)->1637K(1792K) NonClass: 1513K(1600K)->1513K(1600K) Class: 124K(192K)->124K(192K)
[2024-10-12T10:37:41.368+0800][info] GC(300) Pause Young (Concurrent Start) (G1 Evacuation Pause) 110M->109M(128M) 1.421ms
[2024-10-12T10:37:41.368+0800][info] GC(300) User=0.00s Sys=0.00s Real=0.00s
[2024-10-12T10:37:41.368+0800][info] GC(301) Concurrent Mark Cycle
[2024-10-12T10:37:41.368+0800][info] GC(301) Concurrent Clear Claimed Marks
[2024-10-12T10:37:41.368+0800][info] GC(301) Concurrent Clear Claimed Marks 0.017ms
[2024-10-12T10:37:41.368+0800][info] GC(301) Concurrent Scan Root Regions
[2024-10-12T10:37:41.368+0800][info] GC(301) Concurrent Scan Root Regions 0.151ms
[2024-10-12T10:37:41.368+0800][info] GC(301) Concurrent Mark
[2024-10-12T10:37:41.368+0800][info] GC(301) Concurrent Mark From Roots
[2024-10-12T10:37:41.368+0800][info] GC(301) Using 12 workers of 12 for marking
[2024-10-12T10:37:41.372+0800][info] GC(301) Concurrent Mark From Roots 3.823ms
[2024-10-12T10:37:41.372+0800][info] GC(301) Concurrent Preclean
[2024-10-12T10:37:41.374+0800][info] GC(301) Concurrent Preclean 1.707ms
[2024-10-12T10:37:41.374+0800][info] GC(301) Pause Remark
[2024-10-12T10:37:41.375+0800][info] GC(301) Pause Remark 110M->108M(128M) 1.467ms
[2024-10-12T10:37:41.375+0800][info] GC(301) User=0.00s Sys=0.00s Real=0.00s
[2024-10-12T10:37:41.375+0800][info] GC(301) Concurrent Mark 7.287ms
[2024-10-12T10:37:41.375+0800][info] GC(301) Concurrent Rebuild Remembered Sets
[2024-10-12T10:37:41.376+0800][info] GC(301) Concurrent Rebuild Remembered Sets 1.143ms
[2024-10-12T10:37:41.377+0800][info] GC(301) Pause Cleanup
[2024-10-12T10:37:41.377+0800][info] GC(301) Pause Cleanup 108M->108M(128M) 0.230ms
[2024-10-12T10:37:41.377+0800][info] GC(301) User=0.00s Sys=0.00s Real=0.00s
[2024-10-12T10:37:41.377+0800][info] GC(301) Concurrent Cleanup for Next Mark
[2024-10-12T10:37:41.377+0800][info] GC(301) Concurrent Cleanup for Next Mark 0.364ms
[2024-10-12T10:37:41.377+0800][info] GC(301) Concurrent Mark Cycle 9.457ms
[2024-10-12T10:37:41.521+0800][info] GC(302) Pause Young (Prepare Mixed) (G1 Preventive Collection)
[2024-10-12T10:37:41.521+0800][info] GC(302) Using 3 workers of 48 for evacuation
[2024-10-12T10:37:41.523+0800][info] GC(302)   Pre Evacuate Collection Set: 0.1ms
[2024-10-12T10:37:41.523+0800][info] GC(302)   Merge Heap Roots: 0.1ms
[2024-10-12T10:37:41.523+0800][info] GC(302)   Evacuate Collection Set: 0.8ms
[2024-10-12T10:37:41.523+0800][info] GC(302)   Post Evacuate Collection Set: 0.2ms
[2024-10-12T10:37:41.523+0800][info] GC(302)   Other: 0.2ms
[2024-10-12T10:37:41.523+0800][info] GC(302) Eden regions: 2->0(2)
[2024-10-12T10:37:41.523+0800][info] GC(302) Survivor regions: 1->1(1)
[2024-10-12T10:37:41.523+0800][info] GC(302) Old regions: 52->54
[2024-10-12T10:37:41.523+0800][info] GC(302) Archive regions: 2->2
[2024-10-12T10:37:41.523+0800][info] GC(302) Humongous regions: 3->3
[2024-10-12T10:37:41.523+0800][info] GC(302) Metaspace: 1637K(1792K)->1637K(1792K) NonClass: 1513K(1600K)->1513K(1600K) Class: 124K(192K)->124K(192K)
[2024-10-12T10:37:41.523+0800][info] GC(302) Pause Young (Prepare Mixed) (G1 Preventive Collection) 111M->111M(128M) 1.519ms
[2024-10-12T10:37:41.523+0800][info] GC(302) User=0.00s Sys=0.00s Real=0.00s
[2024-10-12T10:37:41.584+0800][info] GC(303) Pause Young (Mixed) (G1 Preventive Collection)
[2024-10-12T10:37:41.584+0800][info] GC(303) Using 3 workers of 48 for evacuation
[2024-10-12T10:37:41.586+0800][info] GC(303) To-space exhausted
[2024-10-12T10:37:41.586+0800][info] GC(303)   Pre Evacuate Collection Set: 0.2ms
[2024-10-12T10:37:41.586+0800][info] GC(303)   Merge Heap Roots: 0.1ms
[2024-10-12T10:37:41.586+0800][info] GC(303)   Evacuate Collection Set: 0.9ms
[2024-10-12T10:37:41.586+0800][info] GC(303)   Post Evacuate Collection Set: 0.2ms
[2024-10-12T10:37:41.586+0800][info] GC(303)   Other: 0.2ms
[2024-10-12T10:37:41.586+0800][info] GC(303) Eden regions: 1->0(2)
[2024-10-12T10:37:41.586+0800][info] GC(303) Survivor regions: 1->1(1)
[2024-10-12T10:37:41.586+0800][info] GC(303) Old regions: 54->51
[2024-10-12T10:37:41.586+0800][info] GC(303) Archive regions: 2->2
[2024-10-12T10:37:41.586+0800][info] GC(303) Humongous regions: 3->3
[2024-10-12T10:37:41.586+0800][info] GC(303) Metaspace: 1637K(1792K)->1637K(1792K) NonClass: 1513K(1600K)->1513K(1600K) Class: 124K(192K)->124K(192K)
[2024-10-12T10:37:41.586+0800][info] GC(303) Pause Young (Mixed) (G1 Preventive Collection) 113M->107M(128M) 1.631ms
[2024-10-12T10:37:41.586+0800][info] GC(303) User=0.00s Sys=0.00s Real=0.01s
[2024-10-12T10:37:41.688+0800][info] GC(304) Pause Young (Mixed) (G1 Preventive Collection)
[2024-10-12T10:37:41.688+0800][info] GC(304) Using 3 workers of 48 for evacuation
[2024-10-12T10:37:41.690+0800][info] GC(304) To-space exhausted
[2024-10-12T10:37:41.690+0800][info] GC(304)   Pre Evacuate Collection Set: 0.2ms
[2024-10-12T10:37:41.690+0800][info] GC(304)   Merge Heap Roots: 0.0ms
[2024-10-12T10:37:41.690+0800][info] GC(304)   Evacuate Collection Set: 1.4ms
[2024-10-12T10:37:41.690+0800][info] GC(304)   Post Evacuate Collection Set: 0.2ms
[2024-10-12T10:37:41.690+0800][info] GC(304)   Other: 0.2ms
[2024-10-12T10:37:41.690+0800][info] GC(304) Eden regions: 2->0(2)
[2024-10-12T10:37:41.690+0800][info] GC(304) Survivor regions: 1->1(1)
[2024-10-12T10:37:41.690+0800][info] GC(304) Old regions: 51->53
[2024-10-12T10:37:41.690+0800][info] GC(304) Archive regions: 2->2
[2024-10-12T10:37:41.690+0800][info] GC(304) Humongous regions: 3->3
[2024-10-12T10:37:41.690+0800][info] GC(304) Metaspace: 1637K(1792K)->1637K(1792K) NonClass: 1513K(1600K)->1513K(1600K) Class: 124K(192K)->124K(192K)
[2024-10-12T10:37:41.690+0800][info] GC(304) Pause Young (Mixed) (G1 Preventive Collection) 111M->112M(128M) 2.108ms
[2024-10-12T10:37:41.690+0800][info] GC(304) User=0.00s Sys=0.00s Real=0.00s
[2024-10-12T10:37:41.752+0800][info] GC(305) Pause Young (Mixed) (G1 Preventive Collection)
[2024-10-12T10:37:41.752+0800][info] GC(305) Using 3 workers of 48 for evacuation
[2024-10-12T10:37:41.753+0800][info] GC(305) To-space exhausted
[2024-10-12T10:37:41.753+0800][info] GC(305)   Pre Evacuate Collection Set: 0.2ms
[2024-10-12T10:37:41.753+0800][info] GC(305)   Merge Heap Roots: 0.0ms
[2024-10-12T10:37:41.753+0800][info] GC(305)   Evacuate Collection Set: 0.9ms
[2024-10-12T10:37:41.753+0800][info] GC(305)   Post Evacuate Collection Set: 0.2ms
[2024-10-12T10:37:41.753+0800][info] GC(305)   Other: 0.1ms
[2024-10-12T10:37:41.753+0800][info] GC(305) Eden regions: 1->0(2)
[2024-10-12T10:37:41.753+0800][info] GC(305) Survivor regions: 1->1(1)
[2024-10-12T10:37:41.753+0800][info] GC(305) Old regions: 53->54
[2024-10-12T10:37:41.753+0800][info] GC(305) Archive regions: 2->2
[2024-10-12T10:37:41.753+0800][info] GC(305) Humongous regions: 3->3
[2024-10-12T10:37:41.753+0800][info] GC(305) Metaspace: 1637K(1792K)->1637K(1792K) NonClass: 1513K(1600K)->1513K(1600K) Class: 124K(192K)->124K(192K)
[2024-10-12T10:37:41.753+0800][info] GC(305) Pause Young (Mixed) (G1 Preventive Collection) 114M->114M(128M) 1.555ms
[2024-10-12T10:37:41.753+0800][info] GC(305) User=0.01s Sys=0.00s Real=0.01s
[2024-10-12T10:37:41.794+0800][info] GC(306) Pause Young (Concurrent Start) (G1 Preventive Collection)
[2024-10-12T10:37:41.795+0800][info] GC(306) Using 3 workers of 48 for evacuation
[2024-10-12T10:37:41.796+0800][info] GC(306)   Pre Evacuate Collection Set: 0.1ms
[2024-10-12T10:37:41.796+0800][info] GC(306)   Merge Heap Roots: 0.0ms
[2024-10-12T10:37:41.796+0800][info] GC(306)   Evacuate Collection Set: 0.5ms
[2024-10-12T10:37:41.796+0800][info] GC(306)   Post Evacuate Collection Set: 0.2ms
[2024-10-12T10:37:41.796+0800][info] GC(306)   Other: 0.3ms
[2024-10-12T10:37:41.796+0800][info] GC(306) Eden regions: 1->0(2)
[2024-10-12T10:37:41.796+0800][info] GC(306) Survivor regions: 1->1(1)
[2024-10-12T10:37:41.796+0800][info] GC(306) Old regions: 54->55
[2024-10-12T10:37:41.796+0800][info] GC(306) Archive regions: 2->2
[2024-10-12T10:37:41.796+0800][info] GC(306) Humongous regions: 3->3
[2024-10-12T10:37:41.796+0800][info] GC(306) Metaspace: 1637K(1792K)->1637K(1792K) NonClass: 1513K(1600K)->1513K(1600K) Class: 124K(192K)->124K(192K)
[2024-10-12T10:37:41.796+0800][info] GC(306) Pause Young (Concurrent Start) (G1 Preventive Collection) 116M->115M(128M) 1.317ms
[2024-10-12T10:37:41.796+0800][info] GC(306) User=0.00s Sys=0.00s Real=0.00s
[2024-10-12T10:37:41.796+0800][info] GC(307) Concurrent Mark Cycle
[2024-10-12T10:37:41.796+0800][info] GC(307) Concurrent Clear Claimed Marks
[2024-10-12T10:37:41.796+0800][info] GC(307) Concurrent Clear Claimed Marks 0.017ms
[2024-10-12T10:37:41.796+0800][info] GC(307) Concurrent Scan Root Regions
[2024-10-12T10:37:41.796+0800][info] GC(307) Concurrent Scan Root Regions 0.145ms
[2024-10-12T10:37:41.796+0800][info] GC(307) Concurrent Mark
[2024-10-12T10:37:41.796+0800][info] GC(307) Concurrent Mark From Roots
[2024-10-12T10:37:41.796+0800][info] GC(307) Using 12 workers of 12 for marking
[2024-10-12T10:37:41.800+0800][info] GC(307) Concurrent Mark From Roots 3.962ms
[2024-10-12T10:37:41.800+0800][info] GC(307) Concurrent Preclean
[2024-10-12T10:37:41.802+0800][info] GC(307) Concurrent Preclean 1.730ms
[2024-10-12T10:37:41.802+0800][info] GC(307) Pause Remark
[2024-10-12T10:37:41.804+0800][info] GC(307) Pause Remark 116M->114M(128M) 1.525ms
[2024-10-12T10:37:41.804+0800][info] GC(307) User=0.00s Sys=0.00s Real=0.00s
[2024-10-12T10:37:41.804+0800][info] GC(307) Concurrent Mark 7.533ms
[2024-10-12T10:37:41.804+0800][info] GC(307) Concurrent Rebuild Remembered Sets
[2024-10-12T10:37:41.805+0800][info] GC(307) Concurrent Rebuild Remembered Sets 1.340ms
[2024-10-12T10:37:41.805+0800][info] GC(307) Pause Cleanup
[2024-10-12T10:37:41.805+0800][info] GC(307) Pause Cleanup 114M->114M(128M) 0.197ms
[2024-10-12T10:37:41.805+0800][info] GC(307) User=0.00s Sys=0.00s Real=0.00s
[2024-10-12T10:37:41.805+0800][info] GC(307) Concurrent Cleanup for Next Mark
[2024-10-12T10:37:41.806+0800][info] GC(307) Concurrent Cleanup for Next Mark 0.385ms
[2024-10-12T10:37:41.806+0800][info] GC(307) Concurrent Mark Cycle 9.904ms
[2024-10-12T10:37:41.908+0800][info] GC(308) Pause Young (Prepare Mixed) (G1 Preventive Collection)
[2024-10-12T10:37:41.908+0800][info] GC(308) Using 3 workers of 48 for evacuation
[2024-10-12T10:37:41.909+0800][info] GC(308)   Pre Evacuate Collection Set: 0.1ms
[2024-10-12T10:37:41.909+0800][info] GC(308)   Merge Heap Roots: 0.1ms
[2024-10-12T10:37:41.909+0800][info] GC(308)   Evacuate Collection Set: 0.6ms
[2024-10-12T10:37:41.909+0800][info] GC(308)   Post Evacuate Collection Set: 0.2ms
[2024-10-12T10:37:41.909+0800][info] GC(308)   Other: 0.2ms
[2024-10-12T10:37:41.909+0800][info] GC(308) Eden regions: 1->0(2)
[2024-10-12T10:37:41.909+0800][info] GC(308) Survivor regions: 1->1(1)
[2024-10-12T10:37:41.909+0800][info] GC(308) Old regions: 54->55
[2024-10-12T10:37:41.909+0800][info] GC(308) Archive regions: 2->2
[2024-10-12T10:37:41.909+0800][info] GC(308) Humongous regions: 3->3
[2024-10-12T10:37:41.909+0800][info] GC(308) Metaspace: 1637K(1792K)->1637K(1792K) NonClass: 1513K(1600K)->1513K(1600K) Class: 124K(192K)->124K(192K)
[2024-10-12T10:37:41.910+0800][info] GC(308) Pause Young (Prepare Mixed) (G1 Preventive Collection) 116M->116M(128M) 1.315ms
[2024-10-12T10:37:41.910+0800][info] GC(308) User=0.00s Sys=0.00s Real=0.00s
[2024-10-12T10:37:41.951+0800][info] GC(309) Pause Young (Mixed) (G1 Preventive Collection)
[2024-10-12T10:37:41.951+0800][info] GC(309) Using 3 workers of 48 for evacuation
[2024-10-12T10:37:41.952+0800][info] GC(309) To-space exhausted
[2024-10-12T10:37:41.952+0800][info] GC(309)   Pre Evacuate Collection Set: 0.2ms
[2024-10-12T10:37:41.952+0800][info] GC(309)   Merge Heap Roots: 0.0ms
[2024-10-12T10:37:41.952+0800][info] GC(309)   Evacuate Collection Set: 0.6ms
[2024-10-12T10:37:41.952+0800][info] GC(309)   Post Evacuate Collection Set: 0.2ms
[2024-10-12T10:37:41.952+0800][info] GC(309)   Other: 0.2ms
[2024-10-12T10:37:41.952+0800][info] GC(309) Eden regions: 1->0(2)
[2024-10-12T10:37:41.952+0800][info] GC(309) Survivor regions: 1->1(1)
[2024-10-12T10:37:41.952+0800][info] GC(309) Old regions: 55->54
[2024-10-12T10:37:41.952+0800][info] GC(309) Archive regions: 2->2
[2024-10-12T10:37:41.952+0800][info] GC(309) Humongous regions: 3->3
[2024-10-12T10:37:41.952+0800][info] GC(309) Metaspace: 1637K(1792K)->1637K(1792K) NonClass: 1513K(1600K)->1513K(1600K) Class: 124K(192K)->124K(192K)
[2024-10-12T10:37:41.952+0800][info] GC(309) Pause Young (Mixed) (G1 Preventive Collection) 117M->114M(128M) 1.417ms
[2024-10-12T10:37:41.952+0800][info] GC(309) User=0.00s Sys=0.00s Real=0.00s
[2024-10-12T10:37:42.014+0800][info] GC(310) Pause Young (Mixed) (G1 Preventive Collection)
[2024-10-12T10:37:42.014+0800][info] GC(310) Using 3 workers of 48 for evacuation
[2024-10-12T10:37:42.015+0800][info] GC(310) To-space exhausted
[2024-10-12T10:37:42.015+0800][info] GC(310)   Pre Evacuate Collection Set: 0.2ms
[2024-10-12T10:37:42.015+0800][info] GC(310)   Merge Heap Roots: 0.0ms
[2024-10-12T10:37:42.015+0800][info] GC(310)   Evacuate Collection Set: 0.8ms
[2024-10-12T10:37:42.015+0800][info] GC(310)   Post Evacuate Collection Set: 0.2ms
[2024-10-12T10:37:42.015+0800][info] GC(310)   Other: 0.1ms
[2024-10-12T10:37:42.015+0800][info] GC(310) Eden regions: 1->0(2)
[2024-10-12T10:37:42.015+0800][info] GC(310) Survivor regions: 1->1(1)
[2024-10-12T10:37:42.015+0800][info] GC(310) Old regions: 54->57
[2024-10-12T10:37:42.015+0800][info] GC(310) Archive regions: 2->2
[2024-10-12T10:37:42.015+0800][info] GC(310) Humongous regions: 3->3
[2024-10-12T10:37:42.015+0800][info] GC(310) Metaspace: 1638K(1792K)->1638K(1792K) NonClass: 1513K(1600K)->1513K(1600K) Class: 124K(192K)->124K(192K)
[2024-10-12T10:37:42.015+0800][info] GC(310) Pause Young (Mixed) (G1 Preventive Collection) 116M->120M(128M) 1.502ms
[2024-10-12T10:37:42.015+0800][info] GC(310) User=0.00s Sys=0.00s Real=0.00s
[2024-10-12T10:37:42.056+0800][info] GC(311) Pause Young (Mixed) (G1 Evacuation Pause)
[2024-10-12T10:37:42.056+0800][info] GC(311) Using 3 workers of 48 for evacuation
[2024-10-12T10:37:42.058+0800][info] GC(311) To-space exhausted
[2024-10-12T10:37:42.058+0800][info] GC(311)   Pre Evacuate Collection Set: 0.2ms
[2024-10-12T10:37:42.058+0800][info] GC(311)   Merge Heap Roots: 0.1ms
[2024-10-12T10:37:42.058+0800][info] GC(311)   Evacuate Collection Set: 0.7ms
[2024-10-12T10:37:42.058+0800][info] GC(311)   Post Evacuate Collection Set: 0.8ms
[2024-10-12T10:37:42.058+0800][info] GC(311)   Other: 0.2ms
[2024-10-12T10:37:42.058+0800][info] GC(311) Eden regions: 1->0(3)
[2024-10-12T10:37:42.058+0800][info] GC(311) Survivor regions: 1->0(0)
[2024-10-12T10:37:42.058+0800][info] GC(311) Old regions: 57->59
[2024-10-12T10:37:42.058+0800][info] GC(311) Archive regions: 2->2
[2024-10-12T10:37:42.058+0800][info] GC(311) Humongous regions: 3->3
[2024-10-12T10:37:42.058+0800][info] GC(311) Metaspace: 1638K(1792K)->1638K(1792K) NonClass: 1513K(1600K)->1513K(1600K) Class: 124K(192K)->124K(192K)
[2024-10-12T10:37:42.058+0800][info] GC(311) Pause Young (Mixed) (G1 Evacuation Pause) 121M->121M(128M) 2.044ms
[2024-10-12T10:37:42.058+0800][info] GC(311) User=0.00s Sys=0.00s Real=0.00s
[2024-10-12T10:37:42.058+0800][info] Attempting full compaction
[2024-10-12T10:37:42.058+0800][info] GC(312) Using 3 workers of 48 for full compaction
[2024-10-12T10:37:42.058+0800][info] GC(312) Pause Full (G1 Compaction Pause)
[2024-10-12T10:37:42.058+0800][info] GC(312) Phase 1: Mark live objects
[2024-10-12T10:37:42.061+0800][info] GC(312) Phase 1: Mark live objects 3.058ms
[2024-10-12T10:37:42.061+0800][info] GC(312) Phase 2: Prepare for compaction
[2024-10-12T10:37:42.062+0800][info] GC(312) Phase 2: Prepare for compaction 0.510ms
[2024-10-12T10:37:42.062+0800][info] GC(312) Phase 3: Adjust pointers
[2024-10-12T10:37:42.064+0800][info] GC(312) Phase 3: Adjust pointers 1.592ms
[2024-10-12T10:37:42.064+0800][info] GC(312) Phase 4: Compact heap
[2024-10-12T10:37:42.073+0800][info] GC(312) Phase 4: Compact heap 9.674ms
[2024-10-12T10:37:42.075+0800][info] GC(312) Eden regions: 0->0(4)
[2024-10-12T10:37:42.075+0800][info] GC(312) Survivor regions: 0->0(0)
[2024-10-12T10:37:42.075+0800][info] GC(312) Old regions: 59->37
[2024-10-12T10:37:42.075+0800][info] GC(312) Archive regions: 2->2
[2024-10-12T10:37:42.075+0800][info] GC(312) Humongous regions: 3->3
[2024-10-12T10:37:42.075+0800][info] GC(312) Metaspace: 1638K(1792K)->1638K(1792K) NonClass: 1513K(1600K)->1513K(1600K) Class: 124K(192K)->124K(192K)
[2024-10-12T10:37:42.075+0800][info] GC(312) Pause Full (G1 Compaction Pause) 121M->70M(128M) 16.500ms
[2024-10-12T10:37:42.075+0800][info] GC(312) User=0.04s Sys=0.00s Real=0.02s
[2024-10-12T10:37:42.300+0800][info] GC(313) Pause Young (Normal) (G1 Evacuation Pause)
[2024-10-12T10:37:42.300+0800][info] GC(313) Using 3 workers of 48 for evacuation
[2024-10-12T10:37:42.302+0800][info] GC(313)   Pre Evacuate Collection Set: 0.1ms
[2024-10-12T10:37:42.302+0800][info] GC(313)   Merge Heap Roots: 0.0ms
[2024-10-12T10:37:42.302+0800][info] GC(313)   Evacuate Collection Set: 1.0ms
[2024-10-12T10:37:42.302+0800][info] GC(313)   Post Evacuate Collection Set: 0.2ms
[2024-10-12T10:37:42.302+0800][info] GC(313)   Other: 0.2ms
[2024-10-12T10:37:42.302+0800][info] GC(313) Eden regions: 4->0(3)
[2024-10-12T10:37:42.302+0800][info] GC(313) Survivor regions: 0->1(1)
[2024-10-12T10:37:42.302+0800][info] GC(313) Old regions: 37->40
[2024-10-12T10:37:42.302+0800][info] GC(313) Archive regions: 2->2
[2024-10-12T10:37:42.302+0800][info] GC(313) Humongous regions: 3->3
[2024-10-12T10:37:42.302+0800][info] GC(313) Metaspace: 1638K(1792K)->1638K(1792K) NonClass: 1513K(1600K)->1513K(1600K) Class: 124K(192K)->124K(192K)
[2024-10-12T10:37:42.302+0800][info] GC(313) Pause Young (Normal) (G1 Evacuation Pause) 78M->78M(128M) 1.750ms
[2024-10-12T10:37:42.302+0800][info] GC(313) User=0.00s Sys=0.00s Real=0.00s
[2024-10-12T10:37:42.465+0800][info] GC(314) Pause Young (Normal) (G1 Evacuation Pause)
[2024-10-12T10:37:42.465+0800][info] GC(314) Using 3 workers of 48 for evacuation
[2024-10-12T10:37:42.467+0800][info] GC(314)   Pre Evacuate Collection Set: 0.1ms
[2024-10-12T10:37:42.467+0800][info] GC(314)   Merge Heap Roots: 0.0ms
[2024-10-12T10:37:42.467+0800][info] GC(314)   Evacuate Collection Set: 0.9ms
[2024-10-12T10:37:42.467+0800][info] GC(314)   Post Evacuate Collection Set: 0.2ms
[2024-10-12T10:37:42.467+0800][info] GC(314)   Other: 0.2ms
[2024-10-12T10:37:42.467+0800][info] GC(314) Eden regions: 3->0(2)
[2024-10-12T10:37:42.467+0800][info] GC(314) Survivor regions: 1->1(1)
[2024-10-12T10:37:42.467+0800][info] GC(314) Old regions: 40->44
[2024-10-12T10:37:42.467+0800][info] GC(314) Archive regions: 2->2
[2024-10-12T10:37:42.467+0800][info] GC(314) Humongous regions: 3->3
[2024-10-12T10:37:42.467+0800][info] GC(314) Metaspace: 1638K(1792K)->1638K(1792K) NonClass: 1513K(1600K)->1513K(1600K) Class: 124K(192K)->124K(192K)
[2024-10-12T10:37:42.467+0800][info] GC(314) Pause Young (Normal) (G1 Evacuation Pause) 84M->85M(128M) 1.634ms
[2024-10-12T10:37:42.467+0800][info] GC(314) User=0.00s Sys=0.00s Real=0.00s
[2024-10-12T10:37:42.569+0800][info] GC(315) Pause Young (Normal) (G1 Evacuation Pause)
[2024-10-12T10:37:42.569+0800][info] GC(315) Using 3 workers of 48 for evacuation
[2024-10-12T10:37:42.570+0800][info] GC(315)   Pre Evacuate Collection Set: 0.1ms
[2024-10-12T10:37:42.570+0800][info] GC(315)   Merge Heap Roots: 0.0ms
[2024-10-12T10:37:42.570+0800][info] GC(315)   Evacuate Collection Set: 0.7ms
[2024-10-12T10:37:42.570+0800][info] GC(315)   Post Evacuate Collection Set: 0.2ms
[2024-10-12T10:37:42.570+0800][info] GC(315)   Other: 0.2ms
[2024-10-12T10:37:42.570+0800][info] GC(315) Eden regions: 2->0(2)
[2024-10-12T10:37:42.570+0800][info] GC(315) Survivor regions: 1->1(1)
[2024-10-12T10:37:42.570+0800][info] GC(315) Old regions: 44->46
[2024-10-12T10:37:42.570+0800][info] GC(315) Archive regions: 2->2
[2024-10-12T10:37:42.570+0800][info] GC(315) Humongous regions: 3->3
[2024-10-12T10:37:42.570+0800][info] GC(315) Metaspace: 1638K(1792K)->1638K(1792K) NonClass: 1513K(1600K)->1513K(1600K) Class: 124K(192K)->124K(192K)
[2024-10-12T10:37:42.570+0800][info] GC(315) Pause Young (Normal) (G1 Evacuation Pause) 88M->89M(128M) 1.339ms
[2024-10-12T10:37:42.570+0800][info] GC(315) User=0.00s Sys=0.00s Real=0.00s
[2024-10-12T10:37:42.591+0800][info] GC(316) Pause Young (Concurrent Start) (G1 Humongous Allocation)
[2024-10-12T10:37:42.591+0800][info] GC(316) Using 3 workers of 48 for evacuation
[2024-10-12T10:37:42.592+0800][info] GC(316)   Pre Evacuate Collection Set: 0.1ms
[2024-10-12T10:37:42.592+0800][info] GC(316)   Merge Heap Roots: 0.0ms
[2024-10-12T10:37:42.592+0800][info] GC(316)   Evacuate Collection Set: 0.6ms
[2024-10-12T10:37:42.592+0800][info] GC(316)   Post Evacuate Collection Set: 0.2ms
[2024-10-12T10:37:42.592+0800][info] GC(316)   Other: 0.3ms
[2024-10-12T10:37:42.592+0800][info] GC(316) Eden regions: 1->0(2)
[2024-10-12T10:37:42.592+0800][info] GC(316) Survivor regions: 1->1(1)
[2024-10-12T10:37:42.592+0800][info] GC(316) Old regions: 46->47
[2024-10-12T10:37:42.592+0800][info] GC(316) Archive regions: 2->2
[2024-10-12T10:37:42.592+0800][info] GC(316) Humongous regions: 3->3
[2024-10-12T10:37:42.592+0800][info] GC(316) Metaspace: 1638K(1792K)->1638K(1792K) NonClass: 1513K(1600K)->1513K(1600K) Class: 124K(192K)->124K(192K)
[2024-10-12T10:37:42.592+0800][info] GC(316) Pause Young (Concurrent Start) (G1 Humongous Allocation) 90M->90M(128M) 1.282ms
[2024-10-12T10:37:42.592+0800][info] GC(316) User=0.00s Sys=0.00s Real=0.00s
[2024-10-12T10:37:42.592+0800][info] GC(317) Concurrent Mark Cycle
[2024-10-12T10:37:42.592+0800][info] GC(317) Concurrent Clear Claimed Marks
[2024-10-12T10:37:42.592+0800][info] GC(317) Concurrent Clear Claimed Marks 0.016ms
[2024-10-12T10:37:42.592+0800][info] GC(317) Concurrent Scan Root Regions
[2024-10-12T10:37:42.593+0800][info] GC(317) Concurrent Scan Root Regions 0.113ms
[2024-10-12T10:37:42.593+0800][info] GC(317) Concurrent Mark
[2024-10-12T10:37:42.593+0800][info] GC(317) Concurrent Mark From Roots
[2024-10-12T10:37:42.593+0800][info] GC(317) Using 12 workers of 12 for marking
[2024-10-12T10:37:42.596+0800][info] GC(317) Concurrent Mark From Roots 3.715ms
[2024-10-12T10:37:42.596+0800][info] GC(317) Concurrent Preclean
[2024-10-12T10:37:42.598+0800][info] GC(317) Concurrent Preclean 1.722ms
[2024-10-12T10:37:42.598+0800][info] GC(317) Pause Remark
[2024-10-12T10:37:42.600+0800][info] GC(317) Pause Remark 92M->92M(128M) 1.452ms
[2024-10-12T10:37:42.600+0800][info] GC(317) User=0.01s Sys=0.00s Real=0.00s
[2024-10-12T10:37:42.600+0800][info] GC(317) Concurrent Mark 7.188ms
[2024-10-12T10:37:42.600+0800][info] GC(317) Concurrent Rebuild Remembered Sets
[2024-10-12T10:37:42.601+0800][info] GC(317) Concurrent Rebuild Remembered Sets 1.006ms
[2024-10-12T10:37:42.601+0800][info] GC(317) Pause Cleanup
[2024-10-12T10:37:42.601+0800][info] GC(317) Pause Cleanup 92M->92M(128M) 0.238ms
[2024-10-12T10:37:42.601+0800][info] GC(317) User=0.00s Sys=0.00s Real=0.00s
[2024-10-12T10:37:42.601+0800][info] GC(317) Concurrent Cleanup for Next Mark
[2024-10-12T10:37:42.602+0800][info] GC(317) Concurrent Cleanup for Next Mark 0.365ms
[2024-10-12T10:37:42.602+0800][info] GC(317) Concurrent Mark Cycle 9.274ms
[2024-10-12T10:37:42.766+0800][info] GC(318) Pause Young (Prepare Mixed) (G1 Evacuation Pause)
[2024-10-12T10:37:42.766+0800][info] GC(318) Using 3 workers of 48 for evacuation
[2024-10-12T10:37:42.768+0800][info] GC(318)   Pre Evacuate Collection Set: 0.1ms
[2024-10-12T10:37:42.768+0800][info] GC(318)   Merge Heap Roots: 0.1ms
[2024-10-12T10:37:42.768+0800][info] GC(318)   Evacuate Collection Set: 0.7ms
[2024-10-12T10:37:42.768+0800][info] GC(318)   Post Evacuate Collection Set: 0.2ms
[2024-10-12T10:37:42.768+0800][info] GC(318)   Other: 0.2ms
[2024-10-12T10:37:42.768+0800][info] GC(318) Eden regions: 2->0(2)
[2024-10-12T10:37:42.768+0800][info] GC(318) Survivor regions: 1->1(1)
[2024-10-12T10:37:42.768+0800][info] GC(318) Old regions: 47->48
[2024-10-12T10:37:42.768+0800][info] GC(318) Archive regions: 2->2
[2024-10-12T10:37:42.768+0800][info] GC(318) Humongous regions: 4->3
[2024-10-12T10:37:42.768+0800][info] GC(318) Metaspace: 1638K(1792K)->1638K(1792K) NonClass: 1513K(1600K)->1513K(1600K) Class: 124K(192K)->124K(192K)
[2024-10-12T10:37:42.768+0800][info] GC(318) Pause Young (Prepare Mixed) (G1 Evacuation Pause) 96M->94M(128M) 1.389ms
[2024-10-12T10:37:42.768+0800][info] GC(318) User=0.01s Sys=0.00s Real=0.00s
[2024-10-12T10:37:42.870+0800][info] GC(319) Pause Young (Mixed) (G1 Evacuation Pause)
[2024-10-12T10:37:42.870+0800][info] GC(319) Using 3 workers of 48 for evacuation
[2024-10-12T10:37:42.872+0800][info] GC(319)   Pre Evacuate Collection Set: 0.2ms
[2024-10-12T10:37:42.872+0800][info] GC(319)   Merge Heap Roots: 0.1ms
[2024-10-12T10:37:42.872+0800][info] GC(319)   Evacuate Collection Set: 1.5ms
[2024-10-12T10:37:42.872+0800][info] GC(319)   Post Evacuate Collection Set: 0.2ms
[2024-10-12T10:37:42.872+0800][info] GC(319)   Other: 0.2ms
[2024-10-12T10:37:42.872+0800][info] GC(319) Eden regions: 2->0(2)
[2024-10-12T10:37:42.872+0800][info] GC(319) Survivor regions: 1->1(1)
[2024-10-12T10:37:42.872+0800][info] GC(319) Old regions: 48->46
[2024-10-12T10:37:42.872+0800][info] GC(319) Archive regions: 2->2
[2024-10-12T10:37:42.872+0800][info] GC(319) Humongous regions: 3->3
[2024-10-12T10:37:42.872+0800][info] GC(319) Metaspace: 1638K(1792K)->1638K(1792K) NonClass: 1513K(1600K)->1513K(1600K) Class: 124K(192K)->124K(192K)
[2024-10-12T10:37:42.872+0800][info] GC(319) Pause Young (Mixed) (G1 Evacuation Pause) 97M->92M(128M) 2.230ms
[2024-10-12T10:37:42.872+0800][info] GC(319) User=0.00s Sys=0.01s Real=0.00s
[2024-10-12T10:37:42.974+0800][info] GC(320) Pause Young (Mixed) (G1 Evacuation Pause)
[2024-10-12T10:37:42.975+0800][info] GC(320) Using 3 workers of 48 for evacuation
[2024-10-12T10:37:42.976+0800][info] GC(320)   Pre Evacuate Collection Set: 0.2ms
[2024-10-12T10:37:42.976+0800][info] GC(320)   Merge Heap Roots: 0.1ms
[2024-10-12T10:37:42.976+0800][info] GC(320)   Evacuate Collection Set: 1.2ms
[2024-10-12T10:37:42.976+0800][info] GC(320)   Post Evacuate Collection Set: 0.2ms
[2024-10-12T10:37:42.976+0800][info] GC(320)   Other: 0.1ms
[2024-10-12T10:37:42.976+0800][info] GC(320) Eden regions: 2->0(2)
[2024-10-12T10:37:42.976+0800][info] GC(320) Survivor regions: 1->1(1)
[2024-10-12T10:37:42.976+0800][info] GC(320) Old regions: 46->47
[2024-10-12T10:37:42.976+0800][info] GC(320) Archive regions: 2->2
[2024-10-12T10:37:42.976+0800][info] GC(320) Humongous regions: 3->3
[2024-10-12T10:37:42.976+0800][info] GC(320) Metaspace: 1638K(1792K)->1638K(1792K) NonClass: 1513K(1600K)->1513K(1600K) Class: 124K(192K)->124K(192K)
[2024-10-12T10:37:42.976+0800][info] GC(320) Pause Young (Mixed) (G1 Evacuation Pause) 96M->94M(128M) 1.956ms
[2024-10-12T10:37:42.976+0800][info] GC(320) User=0.01s Sys=0.00s Real=0.00s
[2024-10-12T10:37:43.079+0800][info] GC(321) Pause Young (Normal) (G1 Evacuation Pause)
[2024-10-12T10:37:43.079+0800][info] GC(321) Using 3 workers of 48 for evacuation
[2024-10-12T10:37:43.080+0800][info] GC(321)   Pre Evacuate Collection Set: 0.1ms
[2024-10-12T10:37:43.080+0800][info] GC(321)   Merge Heap Roots: 0.0ms
[2024-10-12T10:37:43.080+0800][info] GC(321)   Evacuate Collection Set: 0.7ms
[2024-10-12T10:37:43.080+0800][info] GC(321)   Post Evacuate Collection Set: 0.2ms
[2024-10-12T10:37:43.080+0800][info] GC(321)   Other: 0.2ms
[2024-10-12T10:37:43.080+0800][info] GC(321) Eden regions: 2->0(2)
[2024-10-12T10:37:43.080+0800][info] GC(321) Survivor regions: 1->1(1)
[2024-10-12T10:37:43.080+0800][info] GC(321) Old regions: 47->49
[2024-10-12T10:37:43.080+0800][info] GC(321) Archive regions: 2->2
[2024-10-12T10:37:43.080+0800][info] GC(321) Humongous regions: 3->3
[2024-10-12T10:37:43.080+0800][info] GC(321) Metaspace: 1640K(1792K)->1640K(1792K) NonClass: 1516K(1600K)->1516K(1600K) Class: 124K(192K)->124K(192K)
[2024-10-12T10:37:43.080+0800][info] GC(321) Pause Young (Normal) (G1 Evacuation Pause) 98M->98M(128M) 1.367ms
[2024-10-12T10:37:43.080+0800][info] GC(321) User=0.00s Sys=0.00s Real=0.00s
[2024-10-12T10:37:43.182+0800][info] GC(322) Pause Young (Normal) (G1 Evacuation Pause)
[2024-10-12T10:37:43.182+0800][info] GC(322) Using 3 workers of 48 for evacuation
[2024-10-12T10:37:43.184+0800][info] GC(322)   Pre Evacuate Collection Set: 0.1ms
[2024-10-12T10:37:43.184+0800][info] GC(322)   Merge Heap Roots: 0.0ms
[2024-10-12T10:37:43.184+0800][info] GC(322)   Evacuate Collection Set: 0.8ms
[2024-10-12T10:37:43.184+0800][info] GC(322)   Post Evacuate Collection Set: 0.2ms
[2024-10-12T10:37:43.184+0800][info] GC(322)   Other: 0.2ms
[2024-10-12T10:37:43.184+0800][info] GC(322) Eden regions: 2->0(2)
[2024-10-12T10:37:43.184+0800][info] GC(322) Survivor regions: 1->1(1)
[2024-10-12T10:37:43.184+0800][info] GC(322) Old regions: 49->51
[2024-10-12T10:37:43.184+0800][info] GC(322) Archive regions: 2->2
[2024-10-12T10:37:43.184+0800][info] GC(322) Humongous regions: 3->3
[2024-10-12T10:37:43.184+0800][info] GC(322) Metaspace: 1640K(1792K)->1640K(1792K) NonClass: 1516K(1600K)->1516K(1600K) Class: 124K(192K)->124K(192K)
[2024-10-12T10:37:43.184+0800][info] GC(322) Pause Young (Normal) (G1 Evacuation Pause) 102M->102M(128M) 1.520ms
[2024-10-12T10:37:43.184+0800][info] GC(322) User=0.01s Sys=0.00s Real=0.00s
[2024-10-12T10:37:43.286+0800][info] GC(323) Pause Young (Concurrent Start) (G1 Evacuation Pause)
[2024-10-12T10:37:43.286+0800][info] GC(323) Using 3 workers of 48 for evacuation
[2024-10-12T10:37:43.288+0800][info] GC(323)   Pre Evacuate Collection Set: 0.1ms
[2024-10-12T10:37:43.288+0800][info] GC(323)   Merge Heap Roots: 0.0ms
[2024-10-12T10:37:43.288+0800][info] GC(323)   Evacuate Collection Set: 0.7ms
[2024-10-12T10:37:43.288+0800][info] GC(323)   Post Evacuate Collection Set: 0.2ms
[2024-10-12T10:37:43.288+0800][info] GC(323)   Other: 0.4ms
[2024-10-12T10:37:43.288+0800][info] GC(323) Eden regions: 2->0(2)
[2024-10-12T10:37:43.288+0800][info] GC(323) Survivor regions: 1->1(1)
[2024-10-12T10:37:43.288+0800][info] GC(323) Old regions: 51->52
[2024-10-12T10:37:43.288+0800][info] GC(323) Archive regions: 2->2
[2024-10-12T10:37:43.288+0800][info] GC(323) Humongous regions: 3->3
[2024-10-12T10:37:43.288+0800][info] GC(323) Metaspace: 1640K(1792K)->1640K(1792K) NonClass: 1516K(1600K)->1516K(1600K) Class: 124K(192K)->124K(192K)
[2024-10-12T10:37:43.288+0800][info] GC(323) Pause Young (Concurrent Start) (G1 Evacuation Pause) 106M->106M(128M) 1.501ms
[2024-10-12T10:37:43.288+0800][info] GC(323) User=0.00s Sys=0.00s Real=0.00s
[2024-10-12T10:37:43.288+0800][info] GC(324) Concurrent Mark Cycle
[2024-10-12T10:37:43.288+0800][info] GC(324) Concurrent Clear Claimed Marks
[2024-10-12T10:37:43.288+0800][info] GC(324) Concurrent Clear Claimed Marks 0.018ms
[2024-10-12T10:37:43.288+0800][info] GC(324) Concurrent Scan Root Regions
[2024-10-12T10:37:43.288+0800][info] GC(324) Concurrent Scan Root Regions 0.153ms
[2024-10-12T10:37:43.288+0800][info] GC(324) Concurrent Mark
[2024-10-12T10:37:43.288+0800][info] GC(324) Concurrent Mark From Roots
[2024-10-12T10:37:43.288+0800][info] GC(324) Using 12 workers of 12 for marking
[2024-10-12T10:37:43.292+0800][info] GC(324) Concurrent Mark From Roots 3.942ms
[2024-10-12T10:37:43.292+0800][info] GC(324) Concurrent Preclean
[2024-10-12T10:37:43.294+0800][info] GC(324) Concurrent Preclean 1.717ms
[2024-10-12T10:37:43.294+0800][info] GC(324) Pause Remark
[2024-10-12T10:37:43.295+0800][info] GC(324) Pause Remark 106M->106M(128M) 1.543ms
[2024-10-12T10:37:43.296+0800][info] GC(324) User=0.00s Sys=0.00s Real=0.00s
[2024-10-12T10:37:43.296+0800][info] GC(324) Concurrent Mark 7.515ms
[2024-10-12T10:37:43.296+0800][info] GC(324) Concurrent Rebuild Remembered Sets
[2024-10-12T10:37:43.297+0800][info] GC(324) Concurrent Rebuild Remembered Sets 1.024ms
[2024-10-12T10:37:43.297+0800][info] GC(324) Pause Cleanup
[2024-10-12T10:37:43.297+0800][info] GC(324) Pause Cleanup 106M->106M(128M) 0.204ms
[2024-10-12T10:37:43.297+0800][info] GC(324) User=0.00s Sys=0.00s Real=0.00s
[2024-10-12T10:37:43.297+0800][info] GC(324) Concurrent Cleanup for Next Mark
[2024-10-12T10:37:43.297+0800][info] GC(324) Concurrent Cleanup for Next Mark 0.365ms
[2024-10-12T10:37:43.298+0800][info] GC(324) Concurrent Mark Cycle 9.642ms
[2024-10-12T10:37:43.441+0800][info] GC(325) Pause Young (Prepare Mixed) (G1 Preventive Collection)
[2024-10-12T10:37:43.441+0800][info] GC(325) Using 3 workers of 48 for evacuation
[2024-10-12T10:37:43.442+0800][info] GC(325)   Pre Evacuate Collection Set: 0.1ms
[2024-10-12T10:37:43.442+0800][info] GC(325)   Merge Heap Roots: 0.1ms
[2024-10-12T10:37:43.442+0800][info] GC(325)   Evacuate Collection Set: 0.8ms
[2024-10-12T10:37:43.442+0800][info] GC(325)   Post Evacuate Collection Set: 0.2ms
[2024-10-12T10:37:43.442+0800][info] GC(325)   Other: 0.2ms
[2024-10-12T10:37:43.442+0800][info] GC(325) Eden regions: 2->0(2)
[2024-10-12T10:37:43.442+0800][info] GC(325) Survivor regions: 1->1(1)
[2024-10-12T10:37:43.442+0800][info] GC(325) Old regions: 52->54
[2024-10-12T10:37:43.442+0800][info] GC(325) Archive regions: 2->2
[2024-10-12T10:37:43.442+0800][info] GC(325) Humongous regions: 3->3
[2024-10-12T10:37:43.442+0800][info] GC(325) Metaspace: 1640K(1792K)->1640K(1792K) NonClass: 1516K(1600K)->1516K(1600K) Class: 124K(192K)->124K(192K)
[2024-10-12T10:37:43.442+0800][info] GC(325) Pause Young (Prepare Mixed) (G1 Preventive Collection) 109M->110M(128M) 1.538ms
[2024-10-12T10:37:43.442+0800][info] GC(325) User=0.00s Sys=0.00s Real=0.00s
[2024-10-12T10:37:43.504+0800][info] GC(326) Pause Young (Mixed) (G1 Preventive Collection)
[2024-10-12T10:37:43.504+0800][info] GC(326) Using 3 workers of 48 for evacuation
[2024-10-12T10:37:43.505+0800][info] GC(326) To-space exhausted
[2024-10-12T10:37:43.505+0800][info] GC(326)   Pre Evacuate Collection Set: 0.2ms
[2024-10-12T10:37:43.505+0800][info] GC(326)   Merge Heap Roots: 0.1ms
[2024-10-12T10:37:43.505+0800][info] GC(326)   Evacuate Collection Set: 0.8ms
[2024-10-12T10:37:43.505+0800][info] GC(326)   Post Evacuate Collection Set: 0.2ms
[2024-10-12T10:37:43.505+0800][info] GC(326)   Other: 0.2ms
[2024-10-12T10:37:43.505+0800][info] GC(326) Eden regions: 1->0(2)
[2024-10-12T10:37:43.505+0800][info] GC(326) Survivor regions: 1->1(1)
[2024-10-12T10:37:43.505+0800][info] GC(326) Old regions: 54->53
[2024-10-12T10:37:43.505+0800][info] GC(326) Archive regions: 2->2
[2024-10-12T10:37:43.505+0800][info] GC(326) Humongous regions: 3->3
[2024-10-12T10:37:43.505+0800][info] GC(326) Metaspace: 1640K(1792K)->1640K(1792K) NonClass: 1516K(1600K)->1516K(1600K) Class: 124K(192K)->124K(192K)
[2024-10-12T10:37:43.505+0800][info] GC(326) Pause Young (Mixed) (G1 Preventive Collection) 111M->109M(128M) 1.560ms
[2024-10-12T10:37:43.505+0800][info] GC(326) User=0.00s Sys=0.01s Real=0.01s
[2024-10-12T10:37:43.547+0800][info] GC(327) Pause Young (Mixed) (G1 Preventive Collection)
[2024-10-12T10:37:43.547+0800][info] GC(327) Using 3 workers of 48 for evacuation
[2024-10-12T10:37:43.548+0800][info] GC(327) To-space exhausted
[2024-10-12T10:37:43.549+0800][info] GC(327)   Pre Evacuate Collection Set: 0.2ms
[2024-10-12T10:37:43.549+0800][info] GC(327)   Merge Heap Roots: 0.1ms
[2024-10-12T10:37:43.549+0800][info] GC(327)   Evacuate Collection Set: 1.1ms
[2024-10-12T10:37:43.549+0800][info] GC(327)   Post Evacuate Collection Set: 0.3ms
[2024-10-12T10:37:43.549+0800][info] GC(327)   Other: 0.2ms
[2024-10-12T10:37:43.549+0800][info] GC(327) Eden regions: 1->0(2)
[2024-10-12T10:37:43.549+0800][info] GC(327) Survivor regions: 1->1(1)
[2024-10-12T10:37:43.549+0800][info] GC(327) Old regions: 53->55
[2024-10-12T10:37:43.549+0800][info] GC(327) Archive regions: 2->2
[2024-10-12T10:37:43.549+0800][info] GC(327) Humongous regions: 3->3
[2024-10-12T10:37:43.549+0800][info] GC(327) Metaspace: 1641K(1792K)->1641K(1792K) NonClass: 1517K(1600K)->1517K(1600K) Class: 124K(192K)->124K(192K)
[2024-10-12T10:37:43.549+0800][info] GC(327) Pause Young (Mixed) (G1 Preventive Collection) 110M->113M(128M) 1.920ms
[2024-10-12T10:37:43.549+0800][info] GC(327) User=0.00s Sys=0.00s Real=0.00s
[2024-10-12T10:37:43.610+0800][info] GC(328) Pause Young (Mixed) (G1 Preventive Collection)
[2024-10-12T10:37:43.610+0800][info] GC(328) Using 3 workers of 48 for evacuation
[2024-10-12T10:37:43.611+0800][info] GC(328) To-space exhausted
[2024-10-12T10:37:43.611+0800][info] GC(328)   Pre Evacuate Collection Set: 0.2ms
[2024-10-12T10:37:43.611+0800][info] GC(328)   Merge Heap Roots: 0.1ms
[2024-10-12T10:37:43.611+0800][info] GC(328)   Evacuate Collection Set: 0.7ms
[2024-10-12T10:37:43.611+0800][info] GC(328)   Post Evacuate Collection Set: 0.2ms
[2024-10-12T10:37:43.611+0800][info] GC(328)   Other: 0.2ms
[2024-10-12T10:37:43.611+0800][info] GC(328) Eden regions: 1->0(2)
[2024-10-12T10:37:43.611+0800][info] GC(328) Survivor regions: 1->1(1)
[2024-10-12T10:37:43.611+0800][info] GC(328) Old regions: 55->57
[2024-10-12T10:37:43.612+0800][info] GC(328) Archive regions: 2->2
[2024-10-12T10:37:43.612+0800][info] GC(328) Humongous regions: 3->3
[2024-10-12T10:37:43.612+0800][info] GC(328) Metaspace: 1641K(1792K)->1641K(1792K) NonClass: 1517K(1600K)->1517K(1600K) Class: 124K(192K)->124K(192K)
[2024-10-12T10:37:43.612+0800][info] GC(328) Pause Young (Mixed) (G1 Preventive Collection) 115M->116M(128M) 1.459ms
[2024-10-12T10:37:43.612+0800][info] GC(328) User=0.00s Sys=0.00s Real=0.00s
[2024-10-12T10:37:43.653+0800][info] GC(329) Pause Young (Concurrent Start) (G1 Evacuation Pause)
[2024-10-12T10:37:43.653+0800][info] GC(329) Using 3 workers of 48 for evacuation
[2024-10-12T10:37:43.653+0800][info] GC(329) To-space exhausted
[2024-10-12T10:37:43.653+0800][info] GC(329)   Pre Evacuate Collection Set: 0.1ms
[2024-10-12T10:37:43.654+0800][info] GC(329)   Merge Heap Roots: 0.0ms
[2024-10-12T10:37:43.654+0800][info] GC(329)   Evacuate Collection Set: 0.3ms
[2024-10-12T10:37:43.654+0800][info] GC(329)   Post Evacuate Collection Set: 0.2ms
[2024-10-12T10:37:43.654+0800][info] GC(329)   Other: 0.3ms
[2024-10-12T10:37:43.654+0800][info] GC(329) Eden regions: 1->0(3)
[2024-10-12T10:37:43.654+0800][info] GC(329) Survivor regions: 1->0(0)
[2024-10-12T10:37:43.654+0800][info] GC(329) Old regions: 57->59
[2024-10-12T10:37:43.654+0800][info] GC(329) Archive regions: 2->2
[2024-10-12T10:37:43.654+0800][info] GC(329) Humongous regions: 3->3
[2024-10-12T10:37:43.654+0800][info] GC(329) Metaspace: 1641K(1792K)->1641K(1792K) NonClass: 1517K(1600K)->1517K(1600K) Class: 124K(192K)->124K(192K)
[2024-10-12T10:37:43.654+0800][info] GC(329) Pause Young (Concurrent Start) (G1 Evacuation Pause) 118M->118M(128M) 1.081ms
[2024-10-12T10:37:43.654+0800][info] GC(329) User=0.00s Sys=0.00s Real=0.01s
[2024-10-12T10:37:43.654+0800][info] Attempting full compaction
[2024-10-12T10:37:43.654+0800][info] GC(330) Using 3 workers of 48 for full compaction
[2024-10-12T10:37:43.654+0800][info] GC(331) Concurrent Mark Cycle
[2024-10-12T10:37:43.654+0800][info] GC(330) Pause Full (G1 Compaction Pause)
[2024-10-12T10:37:43.654+0800][info] GC(331) Concurrent Clear Claimed Marks
[2024-10-12T10:37:43.654+0800][info] GC(331) Concurrent Clear Claimed Marks 0.041ms
[2024-10-12T10:37:43.654+0800][info] GC(331) Concurrent Scan Root Regions
[2024-10-12T10:37:43.654+0800][info] GC(331) Concurrent Scan Root Regions 0.010ms
[2024-10-12T10:37:43.654+0800][info] GC(331) Concurrent Mark
[2024-10-12T10:37:43.654+0800][info] GC(331) Concurrent Mark From Roots
[2024-10-12T10:37:43.654+0800][info] GC(331) Using 12 workers of 12 for marking
[2024-10-12T10:37:43.654+0800][info] GC(330) Phase 1: Mark live objects
[2024-10-12T10:37:43.657+0800][info] GC(330) Phase 1: Mark live objects 3.085ms
[2024-10-12T10:37:43.657+0800][info] GC(330) Phase 2: Prepare for compaction
[2024-10-12T10:37:43.658+0800][info] GC(330) Phase 2: Prepare for compaction 0.503ms
[2024-10-12T10:37:43.658+0800][info] GC(330) Phase 3: Adjust pointers
[2024-10-12T10:37:43.659+0800][info] GC(330) Phase 3: Adjust pointers 1.596ms
[2024-10-12T10:37:43.659+0800][info] GC(330) Phase 4: Compact heap
[2024-10-12T10:37:43.668+0800][info] GC(330) Phase 4: Compact heap 9.076ms
[2024-10-12T10:37:43.670+0800][info] GC(330) Eden regions: 0->0(4)
[2024-10-12T10:37:43.670+0800][info] GC(330) Survivor regions: 0->0(0)
[2024-10-12T10:37:43.670+0800][info] GC(330) Old regions: 59->37
[2024-10-12T10:37:43.670+0800][info] GC(330) Archive regions: 2->2
[2024-10-12T10:37:43.670+0800][info] GC(330) Humongous regions: 3->3
[2024-10-12T10:37:43.670+0800][info] GC(330) Metaspace: 1641K(1792K)->1641K(1792K) NonClass: 1517K(1600K)->1517K(1600K) Class: 124K(192K)->124K(192K)
[2024-10-12T10:37:43.670+0800][info] GC(330) Pause Full (G1 Compaction Pause) 118M->70M(128M) 16.330ms
[2024-10-12T10:37:43.670+0800][info] GC(330) User=0.04s Sys=0.00s Real=0.01s
[2024-10-12T10:37:43.670+0800][info] GC(331) Concurrent Mark From Roots 16.551ms
[2024-10-12T10:37:43.670+0800][info] GC(331) Concurrent Mark Abort
[2024-10-12T10:37:43.670+0800][info] GC(331) Concurrent Mark Cycle 16.768ms
[2024-10-12T10:37:43.896+0800][info] GC(332) Pause Young (Normal) (G1 Evacuation Pause)
[2024-10-12T10:37:43.896+0800][info] GC(332) Using 3 workers of 48 for evacuation
[2024-10-12T10:37:43.898+0800][info] GC(332)   Pre Evacuate Collection Set: 0.1ms
[2024-10-12T10:37:43.898+0800][info] GC(332)   Merge Heap Roots: 0.0ms
[2024-10-12T10:37:43.898+0800][info] GC(332)   Evacuate Collection Set: 1.2ms
[2024-10-12T10:37:43.898+0800][info] GC(332)   Post Evacuate Collection Set: 0.2ms
[2024-10-12T10:37:43.898+0800][info] GC(332)   Other: 0.2ms
[2024-10-12T10:37:43.898+0800][info] GC(332) Eden regions: 4->0(3)
[2024-10-12T10:37:43.898+0800][info] GC(332) Survivor regions: 0->1(1)
[2024-10-12T10:37:43.898+0800][info] GC(332) Old regions: 37->40
[2024-10-12T10:37:43.898+0800][info] GC(332) Archive regions: 2->2
[2024-10-12T10:37:43.898+0800][info] GC(332) Humongous regions: 3->3
[2024-10-12T10:37:43.898+0800][info] GC(332) Metaspace: 1643K(1792K)->1643K(1792K) NonClass: 1518K(1600K)->1518K(1600K) Class: 124K(192K)->124K(192K)
[2024-10-12T10:37:43.898+0800][info] GC(332) Pause Young (Normal) (G1 Evacuation Pause) 78M->78M(128M) 1.908ms
[2024-10-12T10:37:43.898+0800][info] GC(332) User=0.01s Sys=0.00s Real=0.00s
[2024-10-12T10:37:44.061+0800][info] GC(333) Pause Young (Normal) (G1 Evacuation Pause)
[2024-10-12T10:37:44.061+0800][info] GC(333) Using 3 workers of 48 for evacuation
[2024-10-12T10:37:44.063+0800][info] GC(333)   Pre Evacuate Collection Set: 0.1ms
[2024-10-12T10:37:44.063+0800][info] GC(333)   Merge Heap Roots: 0.1ms
[2024-10-12T10:37:44.063+0800][info] GC(333)   Evacuate Collection Set: 1.1ms
[2024-10-12T10:37:44.063+0800][info] GC(333)   Post Evacuate Collection Set: 0.2ms
[2024-10-12T10:37:44.063+0800][info] GC(333)   Other: 0.2ms
[2024-10-12T10:37:44.063+0800][info] GC(333) Eden regions: 3->0(2)
[2024-10-12T10:37:44.063+0800][info] GC(333) Survivor regions: 1->1(1)
[2024-10-12T10:37:44.063+0800][info] GC(333) Old regions: 40->43
[2024-10-12T10:37:44.063+0800][info] GC(333) Archive regions: 2->2
[2024-10-12T10:37:44.063+0800][info] GC(333) Humongous regions: 3->3
[2024-10-12T10:37:44.063+0800][info] GC(333) Metaspace: 1643K(1792K)->1643K(1792K) NonClass: 1518K(1600K)->1518K(1600K) Class: 124K(192K)->124K(192K)
[2024-10-12T10:37:44.063+0800][info] GC(333) Pause Young (Normal) (G1 Evacuation Pause) 84M->84M(128M) 1.796ms
[2024-10-12T10:37:44.063+0800][info] GC(333) User=0.00s Sys=0.00s Real=0.00s
[2024-10-12T10:37:44.165+0800][info] GC(334) Pause Young (Normal) (G1 Evacuation Pause)
[2024-10-12T10:37:44.165+0800][info] GC(334) Using 3 workers of 48 for evacuation
[2024-10-12T10:37:44.167+0800][info] GC(334)   Pre Evacuate Collection Set: 0.1ms
[2024-10-12T10:37:44.167+0800][info] GC(334)   Merge Heap Roots: 0.0ms
[2024-10-12T10:37:44.167+0800][info] GC(334)   Evacuate Collection Set: 0.8ms
[2024-10-12T10:37:44.167+0800][info] GC(334)   Post Evacuate Collection Set: 0.2ms
[2024-10-12T10:37:44.167+0800][info] GC(334)   Other: 0.2ms
[2024-10-12T10:37:44.167+0800][info] GC(334) Eden regions: 2->0(2)
[2024-10-12T10:37:44.167+0800][info] GC(334) Survivor regions: 1->1(1)
[2024-10-12T10:37:44.167+0800][info] GC(334) Old regions: 43->45
[2024-10-12T10:37:44.167+0800][info] GC(334) Archive regions: 2->2
[2024-10-12T10:37:44.167+0800][info] GC(334) Humongous regions: 3->3
[2024-10-12T10:37:44.167+0800][info] GC(334) Metaspace: 1643K(1792K)->1643K(1792K) NonClass: 1518K(1600K)->1518K(1600K) Class: 124K(192K)->124K(192K)
[2024-10-12T10:37:44.167+0800][info] GC(334) Pause Young (Normal) (G1 Evacuation Pause) 88M->88M(128M) 1.482ms
[2024-10-12T10:37:44.167+0800][info] GC(334) User=0.00s Sys=0.00s Real=0.00s
[2024-10-12T10:37:44.269+0800][info] GC(335) Pause Young (Normal) (G1 Evacuation Pause)
[2024-10-12T10:37:44.269+0800][info] GC(335) Using 3 workers of 48 for evacuation
[2024-10-12T10:37:44.271+0800][info] GC(335)   Pre Evacuate Collection Set: 0.1ms
[2024-10-12T10:37:44.271+0800][info] GC(335)   Merge Heap Roots: 0.0ms
[2024-10-12T10:37:44.271+0800][info] GC(335)   Evacuate Collection Set: 0.8ms
[2024-10-12T10:37:44.271+0800][info] GC(335)   Post Evacuate Collection Set: 0.2ms
[2024-10-12T10:37:44.271+0800][info] GC(335)   Other: 0.2ms
[2024-10-12T10:37:44.271+0800][info] GC(335) Eden regions: 2->0(2)
[2024-10-12T10:37:44.271+0800][info] GC(335) Survivor regions: 1->1(1)
[2024-10-12T10:37:44.271+0800][info] GC(335) Old regions: 45->47
[2024-10-12T10:37:44.271+0800][info] GC(335) Archive regions: 2->2
[2024-10-12T10:37:44.271+0800][info] GC(335) Humongous regions: 3->3
[2024-10-12T10:37:44.271+0800][info] GC(335) Metaspace: 1643K(1792K)->1643K(1792K) NonClass: 1518K(1600K)->1518K(1600K) Class: 124K(192K)->124K(192K)
[2024-10-12T10:37:44.271+0800][info] GC(335) Pause Young (Normal) (G1 Evacuation Pause) 92M->92M(128M) 1.470ms
[2024-10-12T10:37:44.271+0800][info] GC(335) User=0.00s Sys=0.00s Real=0.00s
[2024-10-12T10:37:44.373+0800][info] GC(336) Pause Young (Concurrent Start) (G1 Evacuation Pause)
[2024-10-12T10:37:44.373+0800][info] GC(336) Using 3 workers of 48 for evacuation
[2024-10-12T10:37:44.374+0800][info] GC(336)   Pre Evacuate Collection Set: 0.2ms
[2024-10-12T10:37:44.374+0800][info] GC(336)   Merge Heap Roots: 0.1ms
[2024-10-12T10:37:44.374+0800][info] GC(336)   Evacuate Collection Set: 0.8ms
[2024-10-12T10:37:44.374+0800][info] GC(336)   Post Evacuate Collection Set: 0.2ms
[2024-10-12T10:37:44.374+0800][info] GC(336)   Other: 0.4ms
[2024-10-12T10:37:44.374+0800][info] GC(336) Eden regions: 2->0(2)
[2024-10-12T10:37:44.374+0800][info] GC(336) Survivor regions: 1->1(1)
[2024-10-12T10:37:44.374+0800][info] GC(336) Old regions: 47->49
[2024-10-12T10:37:44.374+0800][info] GC(336) Archive regions: 2->2
[2024-10-12T10:37:44.374+0800][info] GC(336) Humongous regions: 3->3
[2024-10-12T10:37:44.374+0800][info] GC(336) Metaspace: 1643K(1792K)->1643K(1792K) NonClass: 1518K(1600K)->1518K(1600K) Class: 124K(192K)->124K(192K)
[2024-10-12T10:37:44.374+0800][info] GC(336) Pause Young (Concurrent Start) (G1 Evacuation Pause) 96M->96M(128M) 1.664ms
[2024-10-12T10:37:44.374+0800][info] GC(336) User=0.00s Sys=0.00s Real=0.01s
[2024-10-12T10:37:44.375+0800][info] GC(337) Concurrent Mark Cycle
[2024-10-12T10:37:44.375+0800][info] GC(337) Concurrent Clear Claimed Marks
[2024-10-12T10:37:44.375+0800][info] GC(337) Concurrent Clear Claimed Marks 0.018ms
[2024-10-12T10:37:44.375+0800][info] GC(337) Concurrent Scan Root Regions
[2024-10-12T10:37:44.375+0800][info] GC(337) Concurrent Scan Root Regions 0.097ms
[2024-10-12T10:37:44.375+0800][info] GC(337) Concurrent Mark
[2024-10-12T10:37:44.375+0800][info] GC(337) Concurrent Mark From Roots
[2024-10-12T10:37:44.375+0800][info] GC(337) Using 12 workers of 12 for marking
[2024-10-12T10:37:44.378+0800][info] GC(337) Concurrent Mark From Roots 3.058ms
[2024-10-12T10:37:44.378+0800][info] GC(337) Concurrent Preclean
[2024-10-12T10:37:44.380+0800][info] GC(337) Concurrent Preclean 1.689ms
[2024-10-12T10:37:44.380+0800][info] GC(337) Pause Remark
[2024-10-12T10:37:44.381+0800][info] GC(337) Pause Remark 97M->97M(128M) 1.427ms
[2024-10-12T10:37:44.381+0800][info] GC(337) User=0.00s Sys=0.00s Real=0.00s
[2024-10-12T10:37:44.381+0800][info] GC(337) Concurrent Mark 6.404ms
[2024-10-12T10:37:44.381+0800][info] GC(337) Concurrent Rebuild Remembered Sets
[2024-10-12T10:37:44.382+0800][info] GC(337) Concurrent Rebuild Remembered Sets 0.999ms
[2024-10-12T10:37:44.382+0800][info] GC(337) Pause Cleanup
[2024-10-12T10:37:44.382+0800][info] GC(337) Pause Cleanup 97M->97M(128M) 0.181ms
[2024-10-12T10:37:44.382+0800][info] GC(337) User=0.00s Sys=0.00s Real=0.00s
[2024-10-12T10:37:44.382+0800][info] GC(337) Concurrent Cleanup for Next Mark
[2024-10-12T10:37:44.383+0800][info] GC(337) Concurrent Cleanup for Next Mark 0.394ms
[2024-10-12T10:37:44.383+0800][info] GC(337) Concurrent Mark Cycle 8.389ms
[2024-10-12T10:37:44.528+0800][info] GC(338) Pause Young (Prepare Mixed) (G1 Evacuation Pause)
[2024-10-12T10:37:44.528+0800][info] GC(338) Using 3 workers of 48 for evacuation
[2024-10-12T10:37:44.529+0800][info] GC(338)   Pre Evacuate Collection Set: 0.1ms
[2024-10-12T10:37:44.529+0800][info] GC(338)   Merge Heap Roots: 0.1ms
[2024-10-12T10:37:44.529+0800][info] GC(338)   Evacuate Collection Set: 0.8ms
[2024-10-12T10:37:44.529+0800][info] GC(338)   Post Evacuate Collection Set: 0.2ms
[2024-10-12T10:37:44.529+0800][info] GC(338)   Other: 0.2ms
[2024-10-12T10:37:44.529+0800][info] GC(338) Eden regions: 2->0(2)
[2024-10-12T10:37:44.529+0800][info] GC(338) Survivor regions: 1->1(1)
[2024-10-12T10:37:44.529+0800][info] GC(338) Old regions: 49->52
[2024-10-12T10:37:44.529+0800][info] GC(338) Archive regions: 2->2
[2024-10-12T10:37:44.529+0800][info] GC(338) Humongous regions: 3->3
[2024-10-12T10:37:44.529+0800][info] GC(338) Metaspace: 1643K(1792K)->1643K(1792K) NonClass: 1518K(1600K)->1518K(1600K) Class: 124K(192K)->124K(192K)
[2024-10-12T10:37:44.529+0800][info] GC(338) Pause Young (Prepare Mixed) (G1 Evacuation Pause) 100M->101M(128M) 1.544ms
[2024-10-12T10:37:44.529+0800][info] GC(338) User=0.00s Sys=0.00s Real=0.00s
[2024-10-12T10:37:44.631+0800][info] GC(339) Pause Young (Mixed) (G1 Preventive Collection)
[2024-10-12T10:37:44.631+0800][info] GC(339) Using 3 workers of 48 for evacuation
[2024-10-12T10:37:44.633+0800][info] GC(339) To-space exhausted
[2024-10-12T10:37:44.633+0800][info] GC(339)   Pre Evacuate Collection Set: 0.2ms
[2024-10-12T10:37:44.633+0800][info] GC(339)   Merge Heap Roots: 0.1ms
[2024-10-12T10:37:44.633+0800][info] GC(339)   Evacuate Collection Set: 1.1ms
[2024-10-12T10:37:44.633+0800][info] GC(339)   Post Evacuate Collection Set: 0.2ms
[2024-10-12T10:37:44.633+0800][info] GC(339)   Other: 0.2ms
[2024-10-12T10:37:44.633+0800][info] GC(339) Eden regions: 2->0(2)
[2024-10-12T10:37:44.633+0800][info] GC(339) Survivor regions: 1->1(1)
[2024-10-12T10:37:44.633+0800][info] GC(339) Old regions: 52->51
[2024-10-12T10:37:44.633+0800][info] GC(339) Archive regions: 2->2
[2024-10-12T10:37:44.633+0800][info] GC(339) Humongous regions: 3->3
[2024-10-12T10:37:44.633+0800][info] GC(339) Metaspace: 1643K(1792K)->1643K(1792K) NonClass: 1518K(1600K)->1518K(1600K) Class: 124K(192K)->124K(192K)
[2024-10-12T10:37:44.633+0800][info] GC(339) Pause Young (Mixed) (G1 Preventive Collection) 104M->102M(128M) 1.876ms
[2024-10-12T10:37:44.633+0800][info] GC(339) User=0.00s Sys=0.00s Real=0.01s
[2024-10-12T10:37:44.736+0800][info] GC(340) Pause Young (Mixed) (G1 Preventive Collection)
[2024-10-12T10:37:44.736+0800][info] GC(340) Using 3 workers of 48 for evacuation
[2024-10-12T10:37:44.738+0800][info] GC(340) To-space exhausted
[2024-10-12T10:37:44.738+0800][info] GC(340)   Pre Evacuate Collection Set: 0.2ms
[2024-10-12T10:37:44.738+0800][info] GC(340)   Merge Heap Roots: 0.1ms
[2024-10-12T10:37:44.738+0800][info] GC(340)   Evacuate Collection Set: 1.4ms
[2024-10-12T10:37:44.738+0800][info] GC(340)   Post Evacuate Collection Set: 0.2ms
[2024-10-12T10:37:44.738+0800][info] GC(340)   Other: 0.2ms
[2024-10-12T10:37:44.738+0800][info] GC(340) Eden regions: 2->0(2)
[2024-10-12T10:37:44.738+0800][info] GC(340) Survivor regions: 1->1(1)
[2024-10-12T10:37:44.738+0800][info] GC(340) Old regions: 51->52
[2024-10-12T10:37:44.738+0800][info] GC(340) Archive regions: 2->2
[2024-10-12T10:37:44.738+0800][info] GC(340) Humongous regions: 3->3
[2024-10-12T10:37:44.738+0800][info] GC(340) Metaspace: 1643K(1792K)->1643K(1792K) NonClass: 1518K(1600K)->1518K(1600K) Class: 124K(192K)->124K(192K)
[2024-10-12T10:37:44.738+0800][info] GC(340) Pause Young (Mixed) (G1 Preventive Collection) 105M->104M(128M) 2.187ms
[2024-10-12T10:37:44.738+0800][info] GC(340) User=0.01s Sys=0.00s Real=0.00s
[2024-10-12T10:37:44.840+0800][info] GC(341) Pause Young (Concurrent Start) (G1 Preventive Collection)
[2024-10-12T10:37:44.840+0800][info] GC(341) Using 3 workers of 48 for evacuation
[2024-10-12T10:37:44.841+0800][info] GC(341)   Pre Evacuate Collection Set: 0.1ms
[2024-10-12T10:37:44.841+0800][info] GC(341)   Merge Heap Roots: 0.0ms
[2024-10-12T10:37:44.841+0800][info] GC(341)   Evacuate Collection Set: 0.8ms
[2024-10-12T10:37:44.841+0800][info] GC(341)   Post Evacuate Collection Set: 0.2ms
[2024-10-12T10:37:44.841+0800][info] GC(341)   Other: 0.3ms
[2024-10-12T10:37:44.841+0800][info] GC(341) Eden regions: 2->0(2)
[2024-10-12T10:37:44.841+0800][info] GC(341) Survivor regions: 1->1(1)
[2024-10-12T10:37:44.841+0800][info] GC(341) Old regions: 52->54
[2024-10-12T10:37:44.841+0800][info] GC(341) Archive regions: 2->2
[2024-10-12T10:37:44.841+0800][info] GC(341) Humongous regions: 3->3
[2024-10-12T10:37:44.841+0800][info] GC(341) Metaspace: 1643K(1792K)->1643K(1792K) NonClass: 1518K(1600K)->1518K(1600K) Class: 124K(192K)->124K(192K)
[2024-10-12T10:37:44.842+0800][info] GC(341) Pause Young (Concurrent Start) (G1 Preventive Collection) 108M->108M(128M) 1.519ms
[2024-10-12T10:37:44.842+0800][info] GC(341) User=0.00s Sys=0.00s Real=0.00s
[2024-10-12T10:37:44.842+0800][info] GC(342) Concurrent Mark Cycle
[2024-10-12T10:37:44.842+0800][info] GC(342) Concurrent Clear Claimed Marks
[2024-10-12T10:37:44.842+0800][info] GC(342) Concurrent Clear Claimed Marks 0.017ms
[2024-10-12T10:37:44.842+0800][info] GC(342) Concurrent Scan Root Regions
[2024-10-12T10:37:44.842+0800][info] GC(342) Concurrent Scan Root Regions 0.156ms
[2024-10-12T10:37:44.842+0800][info] GC(342) Concurrent Mark
[2024-10-12T10:37:44.842+0800][info] GC(342) Concurrent Mark From Roots
[2024-10-12T10:37:44.842+0800][info] GC(342) Using 12 workers of 12 for marking
[2024-10-12T10:37:44.842+0800][info] GC(343) Pause Young (Normal) (G1 Preventive Collection)
[2024-10-12T10:37:44.842+0800][info] GC(343) Using 3 workers of 48 for evacuation
[2024-10-12T10:37:44.843+0800][info] GC(343)   Pre Evacuate Collection Set: 0.1ms
[2024-10-12T10:37:44.843+0800][info] GC(343)   Merge Heap Roots: 0.0ms
[2024-10-12T10:37:44.843+0800][info] GC(343)   Evacuate Collection Set: 0.3ms
[2024-10-12T10:37:44.843+0800][info] GC(343)   Post Evacuate Collection Set: 0.2ms
[2024-10-12T10:37:44.843+0800][info] GC(343)   Other: 0.2ms
[2024-10-12T10:37:44.843+0800][info] GC(343) Eden regions: 1->0(2)
[2024-10-12T10:37:44.843+0800][info] GC(343) Survivor regions: 1->1(1)
[2024-10-12T10:37:44.843+0800][info] GC(343) Old regions: 54->55
[2024-10-12T10:37:44.843+0800][info] GC(343) Archive regions: 2->2
[2024-10-12T10:37:44.843+0800][info] GC(343) Humongous regions: 3->3
[2024-10-12T10:37:44.843+0800][info] GC(343) Metaspace: 1643K(1792K)->1643K(1792K) NonClass: 1518K(1600K)->1518K(1600K) Class: 124K(192K)->124K(192K)
[2024-10-12T10:37:44.843+0800][info] GC(343) Pause Young (Normal) (G1 Preventive Collection) 108M->108M(128M) 0.891ms
[2024-10-12T10:37:44.843+0800][info] GC(343) User=0.01s Sys=0.00s Real=0.00s
[2024-10-12T10:37:44.846+0800][info] GC(342) Concurrent Mark From Roots 4.394ms
[2024-10-12T10:37:44.846+0800][info] GC(342) Concurrent Preclean
[2024-10-12T10:37:44.848+0800][info] GC(342) Concurrent Preclean 1.692ms
[2024-10-12T10:37:44.848+0800][info] GC(342) Pause Remark
[2024-10-12T10:37:44.850+0800][info] GC(342) Pause Remark 110M->109M(128M) 1.452ms
[2024-10-12T10:37:44.850+0800][info] GC(342) User=0.00s Sys=0.00s Real=0.00s
[2024-10-12T10:37:44.850+0800][info] GC(342) Concurrent Mark 7.765ms
[2024-10-12T10:37:44.850+0800][info] GC(342) Concurrent Rebuild Remembered Sets
[2024-10-12T10:37:44.851+0800][info] GC(342) Concurrent Rebuild Remembered Sets 1.115ms
[2024-10-12T10:37:44.851+0800][info] GC(342) Pause Cleanup
[2024-10-12T10:37:44.851+0800][info] GC(342) Pause Cleanup 109M->109M(128M) 0.269ms
[2024-10-12T10:37:44.851+0800][info] GC(342) User=0.00s Sys=0.00s Real=0.00s
[2024-10-12T10:37:44.851+0800][info] GC(342) Concurrent Cleanup for Next Mark
[2024-10-12T10:37:44.852+0800][info] GC(342) Concurrent Cleanup for Next Mark 0.354ms
[2024-10-12T10:37:44.852+0800][info] GC(342) Concurrent Mark Cycle 10.028ms
[2024-10-12T10:37:44.956+0800][info] GC(344) Pause Young (Prepare Mixed) (G1 Preventive Collection)
[2024-10-12T10:37:44.956+0800][info] GC(344) Using 3 workers of 48 for evacuation
[2024-10-12T10:37:44.957+0800][info] GC(344)   Pre Evacuate Collection Set: 0.1ms
[2024-10-12T10:37:44.957+0800][info] GC(344)   Merge Heap Roots: 0.0ms
[2024-10-12T10:37:44.957+0800][info] GC(344)   Evacuate Collection Set: 0.4ms
[2024-10-12T10:37:44.957+0800][info] GC(344)   Post Evacuate Collection Set: 0.2ms
[2024-10-12T10:37:44.957+0800][info] GC(344)   Other: 0.2ms
[2024-10-12T10:37:44.957+0800][info] GC(344) Eden regions: 1->0(2)
[2024-10-12T10:37:44.957+0800][info] GC(344) Survivor regions: 1->1(1)
[2024-10-12T10:37:44.957+0800][info] GC(344) Old regions: 54->54
[2024-10-12T10:37:44.957+0800][info] GC(344) Archive regions: 2->2
[2024-10-12T10:37:44.957+0800][info] GC(344) Humongous regions: 4->3
[2024-10-12T10:37:44.957+0800][info] GC(344) Metaspace: 1643K(1792K)->1643K(1792K) NonClass: 1518K(1600K)->1518K(1600K) Class: 124K(192K)->124K(192K)
[2024-10-12T10:37:44.957+0800][info] GC(344) Pause Young (Prepare Mixed) (G1 Preventive Collection) 110M->108M(128M) 1.092ms
[2024-10-12T10:37:44.957+0800][info] GC(344) User=0.00s Sys=0.00s Real=0.00s
[2024-10-12T10:37:45.018+0800][info] GC(345) Pause Young (Mixed) (G1 Preventive Collection)
[2024-10-12T10:37:45.018+0800][info] GC(345) Using 3 workers of 48 for evacuation
[2024-10-12T10:37:45.020+0800][info] GC(345) To-space exhausted
[2024-10-12T10:37:45.020+0800][info] GC(345)   Pre Evacuate Collection Set: 0.2ms
[2024-10-12T10:37:45.020+0800][info] GC(345)   Merge Heap Roots: 0.1ms
[2024-10-12T10:37:45.020+0800][info] GC(345)   Evacuate Collection Set: 0.7ms
[2024-10-12T10:37:45.020+0800][info] GC(345)   Post Evacuate Collection Set: 0.2ms
[2024-10-12T10:37:45.020+0800][info] GC(345)   Other: 0.2ms
[2024-10-12T10:37:45.020+0800][info] GC(345) Eden regions: 1->0(2)
[2024-10-12T10:37:45.020+0800][info] GC(345) Survivor regions: 1->1(1)
[2024-10-12T10:37:45.020+0800][info] GC(345) Old regions: 54->51
[2024-10-12T10:37:45.020+0800][info] GC(345) Archive regions: 2->2
[2024-10-12T10:37:45.020+0800][info] GC(345) Humongous regions: 3->3
[2024-10-12T10:37:45.020+0800][info] GC(345) Metaspace: 1643K(1792K)->1643K(1792K) NonClass: 1518K(1600K)->1518K(1600K) Class: 124K(192K)->124K(192K)
[2024-10-12T10:37:45.020+0800][info] GC(345) Pause Young (Mixed) (G1 Preventive Collection) 110M->103M(128M) 1.448ms
[2024-10-12T10:37:45.020+0800][info] GC(345) User=0.00s Sys=0.00s Real=0.00s
[2024-10-12T10:37:45.122+0800][info] GC(346) Pause Young (Mixed) (G1 Preventive Collection)
[2024-10-12T10:37:45.122+0800][info] GC(346) Using 3 workers of 48 for evacuation
[2024-10-12T10:37:45.124+0800][info] GC(346) To-space exhausted
[2024-10-12T10:37:45.124+0800][info] GC(346)   Pre Evacuate Collection Set: 0.2ms
[2024-10-12T10:37:45.124+0800][info] GC(346)   Merge Heap Roots: 0.0ms
[2024-10-12T10:37:45.124+0800][info] GC(346)   Evacuate Collection Set: 1.2ms
[2024-10-12T10:37:45.124+0800][info] GC(346)   Post Evacuate Collection Set: 0.3ms
[2024-10-12T10:37:45.124+0800][info] GC(346)   Other: 0.1ms
[2024-10-12T10:37:45.124+0800][info] GC(346) Eden regions: 2->0(2)
[2024-10-12T10:37:45.124+0800][info] GC(346) Survivor regions: 1->1(1)
[2024-10-12T10:37:45.124+0800][info] GC(346) Old regions: 51->55
[2024-10-12T10:37:45.124+0800][info] GC(346) Archive regions: 2->2
[2024-10-12T10:37:45.124+0800][info] GC(346) Humongous regions: 3->3
[2024-10-12T10:37:45.124+0800][info] GC(346) Metaspace: 1643K(1792K)->1643K(1792K) NonClass: 1518K(1600K)->1518K(1600K) Class: 124K(192K)->124K(192K)
[2024-10-12T10:37:45.124+0800][info] GC(346) Pause Young (Mixed) (G1 Preventive Collection) 107M->112M(128M) 1.954ms
[2024-10-12T10:37:45.124+0800][info] GC(346) User=0.01s Sys=0.00s Real=0.00s
[2024-10-12T10:37:45.186+0800][info] GC(347) Pause Young (Mixed) (G1 Preventive Collection)
[2024-10-12T10:37:45.186+0800][info] GC(347) Using 3 workers of 48 for evacuation
[2024-10-12T10:37:45.187+0800][info] GC(347) To-space exhausted
[2024-10-12T10:37:45.187+0800][info] GC(347)   Pre Evacuate Collection Set: 0.2ms
[2024-10-12T10:37:45.187+0800][info] GC(347)   Merge Heap Roots: 0.1ms
[2024-10-12T10:37:45.187+0800][info] GC(347)   Evacuate Collection Set: 0.8ms
[2024-10-12T10:37:45.187+0800][info] GC(347)   Post Evacuate Collection Set: 0.3ms
[2024-10-12T10:37:45.187+0800][info] GC(347)   Other: 0.2ms
[2024-10-12T10:37:45.187+0800][info] GC(347) Eden regions: 1->0(2)
[2024-10-12T10:37:45.187+0800][info] GC(347) Survivor regions: 1->1(1)
[2024-10-12T10:37:45.187+0800][info] GC(347) Old regions: 55->57
[2024-10-12T10:37:45.187+0800][info] GC(347) Archive regions: 2->2
[2024-10-12T10:37:45.187+0800][info] GC(347) Humongous regions: 3->3
[2024-10-12T10:37:45.187+0800][info] GC(347) Metaspace: 1643K(1792K)->1643K(1792K) NonClass: 1518K(1600K)->1518K(1600K) Class: 124K(192K)->124K(192K)
[2024-10-12T10:37:45.187+0800][info] GC(347) Pause Young (Mixed) (G1 Preventive Collection) 114M->116M(128M) 1.585ms
[2024-10-12T10:37:45.187+0800][info] GC(347) User=0.00s Sys=0.00s Real=0.00s
[2024-10-12T10:37:45.228+0800][info] GC(348) Pause Young (Concurrent Start) (G1 Evacuation Pause)
[2024-10-12T10:37:45.228+0800][info] GC(348) Using 3 workers of 48 for evacuation
[2024-10-12T10:37:45.229+0800][info] GC(348) To-space exhausted
[2024-10-12T10:37:45.229+0800][info] GC(348)   Pre Evacuate Collection Set: 0.1ms
[2024-10-12T10:37:45.229+0800][info] GC(348)   Merge Heap Roots: 0.0ms
[2024-10-12T10:37:45.229+0800][info] GC(348)   Evacuate Collection Set: 0.3ms
[2024-10-12T10:37:45.229+0800][info] GC(348)   Post Evacuate Collection Set: 0.2ms
[2024-10-12T10:37:45.229+0800][info] GC(348)   Other: 0.3ms
[2024-10-12T10:37:45.229+0800][info] GC(348) Eden regions: 1->0(3)
[2024-10-12T10:37:45.229+0800][info] GC(348) Survivor regions: 1->0(0)
[2024-10-12T10:37:45.229+0800][info] GC(348) Old regions: 57->59
[2024-10-12T10:37:45.229+0800][info] GC(348) Archive regions: 2->2
[2024-10-12T10:37:45.229+0800][info] GC(348) Humongous regions: 3->3
[2024-10-12T10:37:45.229+0800][info] GC(348) Metaspace: 1643K(1792K)->1643K(1792K) NonClass: 1518K(1600K)->1518K(1600K) Class: 124K(192K)->124K(192K)
[2024-10-12T10:37:45.229+0800][info] GC(348) Pause Young (Concurrent Start) (G1 Evacuation Pause) 117M->117M(128M) 1.079ms
[2024-10-12T10:37:45.229+0800][info] GC(348) User=0.00s Sys=0.01s Real=0.00s
[2024-10-12T10:37:45.229+0800][info] Attempting full compaction
[2024-10-12T10:37:45.229+0800][info] GC(349) Using 3 workers of 48 for full compaction
[2024-10-12T10:37:45.229+0800][info] GC(349) Pause Full (G1 Compaction Pause)
[2024-10-12T10:37:45.230+0800][info] GC(350) Concurrent Mark Cycle
[2024-10-12T10:37:45.230+0800][info] GC(350) Concurrent Clear Claimed Marks
[2024-10-12T10:37:45.230+0800][info] GC(350) Concurrent Clear Claimed Marks 0.019ms
[2024-10-12T10:37:45.230+0800][info] GC(350) Concurrent Scan Root Regions
[2024-10-12T10:37:45.230+0800][info] GC(350) Concurrent Scan Root Regions 0.010ms
[2024-10-12T10:37:45.230+0800][info] GC(350) Concurrent Mark
[2024-10-12T10:37:45.230+0800][info] GC(350) Concurrent Mark From Roots
[2024-10-12T10:37:45.230+0800][info] GC(350) Using 12 workers of 12 for marking
[2024-10-12T10:37:45.230+0800][info] GC(349) Phase 1: Mark live objects
[2024-10-12T10:37:45.233+0800][info] GC(349) Phase 1: Mark live objects 3.189ms
[2024-10-12T10:37:45.233+0800][info] GC(349) Phase 2: Prepare for compaction
[2024-10-12T10:37:45.234+0800][info] GC(349) Phase 2: Prepare for compaction 0.510ms
[2024-10-12T10:37:45.234+0800][info] GC(349) Phase 3: Adjust pointers
[2024-10-12T10:37:45.235+0800][info] GC(349) Phase 3: Adjust pointers 1.571ms
[2024-10-12T10:37:45.235+0800][info] GC(349) Phase 4: Compact heap
[2024-10-12T10:37:45.246+0800][info] GC(349) Phase 4: Compact heap 10.330ms
[2024-10-12T10:37:45.247+0800][info] GC(349) Eden regions: 0->0(3)
[2024-10-12T10:37:45.247+0800][info] GC(349) Survivor regions: 0->0(0)
[2024-10-12T10:37:45.247+0800][info] GC(349) Old regions: 59->40
[2024-10-12T10:37:45.247+0800][info] GC(349) Archive regions: 2->2
[2024-10-12T10:37:45.247+0800][info] GC(349) Humongous regions: 3->3
[2024-10-12T10:37:45.247+0800][info] GC(349) Metaspace: 1643K(1792K)->1643K(1792K) NonClass: 1518K(1600K)->1518K(1600K) Class: 124K(192K)->124K(192K)
[2024-10-12T10:37:45.247+0800][info] GC(349) Pause Full (G1 Compaction Pause) 117M->72M(128M) 17.679ms
[2024-10-12T10:37:45.247+0800][info] GC(349) User=0.04s Sys=0.00s Real=0.02s
[2024-10-12T10:37:45.248+0800][info] GC(350) Concurrent Mark From Roots 17.868ms
[2024-10-12T10:37:45.248+0800][info] GC(350) Concurrent Mark Abort
[2024-10-12T10:37:45.248+0800][info] GC(350) Concurrent Mark Cycle 18.069ms
[2024-10-12T10:37:45.412+0800][info] GC(351) Pause Young (Normal) (G1 Evacuation Pause)
[2024-10-12T10:37:45.412+0800][info] GC(351) Using 3 workers of 48 for evacuation
[2024-10-12T10:37:45.413+0800][info] GC(351)   Pre Evacuate Collection Set: 0.1ms
[2024-10-12T10:37:45.413+0800][info] GC(351)   Merge Heap Roots: 0.0ms
[2024-10-12T10:37:45.413+0800][info] GC(351)   Evacuate Collection Set: 0.8ms
[2024-10-12T10:37:45.413+0800][info] GC(351)   Post Evacuate Collection Set: 0.2ms
[2024-10-12T10:37:45.413+0800][info] GC(351)   Other: 0.2ms
[2024-10-12T10:37:45.413+0800][info] GC(351) Eden regions: 3->0(2)
[2024-10-12T10:37:45.413+0800][info] GC(351) Survivor regions: 0->1(1)
[2024-10-12T10:37:45.413+0800][info] GC(351) Old regions: 40->42
[2024-10-12T10:37:45.413+0800][info] GC(351) Archive regions: 2->2
[2024-10-12T10:37:45.413+0800][info] GC(351) Humongous regions: 3->3
[2024-10-12T10:37:45.413+0800][info] GC(351) Metaspace: 1652K(1856K)->1652K(1856K) NonClass: 1527K(1664K)->1527K(1664K) Class: 124K(192K)->124K(192K)
[2024-10-12T10:37:45.414+0800][info] GC(351) Pause Young (Normal) (G1 Evacuation Pause) 78M->78M(128M) 1.515ms
[2024-10-12T10:37:45.414+0800][info] GC(351) User=0.00s Sys=0.00s Real=0.01s
[2024-10-12T10:37:45.516+0800][info] GC(352) Pause Young (Normal) (G1 Evacuation Pause)
[2024-10-12T10:37:45.516+0800][info] GC(352) Using 3 workers of 48 for evacuation
[2024-10-12T10:37:45.517+0800][info] GC(352)   Pre Evacuate Collection Set: 0.1ms
[2024-10-12T10:37:45.517+0800][info] GC(352)   Merge Heap Roots: 0.0ms
[2024-10-12T10:37:45.517+0800][info] GC(352)   Evacuate Collection Set: 0.9ms
[2024-10-12T10:37:45.517+0800][info] GC(352)   Post Evacuate Collection Set: 0.2ms
[2024-10-12T10:37:45.517+0800][info] GC(352)   Other: 0.2ms
[2024-10-12T10:37:45.517+0800][info] GC(352) Eden regions: 2->0(2)
[2024-10-12T10:37:45.517+0800][info] GC(352) Survivor regions: 1->1(1)
[2024-10-12T10:37:45.517+0800][info] GC(352) Old regions: 42->45
[2024-10-12T10:37:45.517+0800][info] GC(352) Archive regions: 2->2
[2024-10-12T10:37:45.517+0800][info] GC(352) Humongous regions: 3->3
[2024-10-12T10:37:45.517+0800][info] GC(352) Metaspace: 1652K(1856K)->1652K(1856K) NonClass: 1527K(1664K)->1527K(1664K) Class: 124K(192K)->124K(192K)
[2024-10-12T10:37:45.517+0800][info] GC(352) Pause Young (Normal) (G1 Evacuation Pause) 81M->82M(128M) 1.609ms
[2024-10-12T10:37:45.517+0800][info] GC(352) User=0.01s Sys=0.00s Real=0.00s
[2024-10-12T10:37:45.620+0800][info] GC(353) Pause Young (Normal) (G1 Evacuation Pause)
[2024-10-12T10:37:45.620+0800][info] GC(353) Using 3 workers of 48 for evacuation
[2024-10-12T10:37:45.621+0800][info] GC(353)   Pre Evacuate Collection Set: 0.1ms
[2024-10-12T10:37:45.621+0800][info] GC(353)   Merge Heap Roots: 0.0ms
[2024-10-12T10:37:45.621+0800][info] GC(353)   Evacuate Collection Set: 0.7ms
[2024-10-12T10:37:45.621+0800][info] GC(353)   Post Evacuate Collection Set: 0.2ms
[2024-10-12T10:37:45.621+0800][info] GC(353)   Other: 0.2ms
[2024-10-12T10:37:45.621+0800][info] GC(353) Eden regions: 2->0(2)
[2024-10-12T10:37:45.621+0800][info] GC(353) Survivor regions: 1->1(1)
[2024-10-12T10:37:45.621+0800][info] GC(353) Old regions: 45->46
[2024-10-12T10:37:45.621+0800][info] GC(353) Archive regions: 2->2
[2024-10-12T10:37:45.621+0800][info] GC(353) Humongous regions: 3->3
[2024-10-12T10:37:45.621+0800][info] GC(353) Metaspace: 1652K(1856K)->1652K(1856K) NonClass: 1527K(1664K)->1527K(1664K) Class: 124K(192K)->124K(192K)
[2024-10-12T10:37:45.621+0800][info] GC(353) Pause Young (Normal) (G1 Evacuation Pause) 86M->86M(128M) 1.473ms
[2024-10-12T10:37:45.621+0800][info] GC(353) User=0.00s Sys=0.00s Real=0.00s
[2024-10-12T10:37:45.723+0800][info] GC(354) Pause Young (Concurrent Start) (G1 Evacuation Pause)
[2024-10-12T10:37:45.723+0800][info] GC(354) Using 3 workers of 48 for evacuation
[2024-10-12T10:37:45.725+0800][info] GC(354)   Pre Evacuate Collection Set: 0.1ms
[2024-10-12T10:37:45.725+0800][info] GC(354)   Merge Heap Roots: 0.0ms
[2024-10-12T10:37:45.725+0800][info] GC(354)   Evacuate Collection Set: 0.8ms
[2024-10-12T10:37:45.725+0800][info] GC(354)   Post Evacuate Collection Set: 0.2ms
[2024-10-12T10:37:45.725+0800][info] GC(354)   Other: 0.4ms
[2024-10-12T10:37:45.725+0800][info] GC(354) Eden regions: 2->0(2)
[2024-10-12T10:37:45.725+0800][info] GC(354) Survivor regions: 1->1(1)
[2024-10-12T10:37:45.725+0800][info] GC(354) Old regions: 46->48
[2024-10-12T10:37:45.725+0800][info] GC(354) Archive regions: 2->2
[2024-10-12T10:37:45.725+0800][info] GC(354) Humongous regions: 3->3
[2024-10-12T10:37:45.725+0800][info] GC(354) Metaspace: 1652K(1856K)->1652K(1856K) NonClass: 1527K(1664K)->1527K(1664K) Class: 124K(192K)->124K(192K)
[2024-10-12T10:37:45.725+0800][info] GC(354) Pause Young (Concurrent Start) (G1 Evacuation Pause) 89M->90M(128M) 1.587ms
[2024-10-12T10:37:45.725+0800][info] GC(354) User=0.01s Sys=0.00s Real=0.00s
[2024-10-12T10:37:45.725+0800][info] GC(355) Concurrent Mark Cycle
[2024-10-12T10:37:45.725+0800][info] GC(355) Concurrent Clear Claimed Marks
[2024-10-12T10:37:45.725+0800][info] GC(355) Concurrent Clear Claimed Marks 0.017ms
[2024-10-12T10:37:45.725+0800][info] GC(355) Concurrent Scan Root Regions
[2024-10-12T10:37:45.725+0800][info] GC(355) Concurrent Scan Root Regions 0.115ms
[2024-10-12T10:37:45.725+0800][info] GC(355) Concurrent Mark
[2024-10-12T10:37:45.725+0800][info] GC(355) Concurrent Mark From Roots
[2024-10-12T10:37:45.725+0800][info] GC(355) Using 12 workers of 12 for marking
[2024-10-12T10:37:45.729+0800][info] GC(355) Concurrent Mark From Roots 3.934ms
[2024-10-12T10:37:45.729+0800][info] GC(355) Concurrent Preclean
[2024-10-12T10:37:45.731+0800][info] GC(355) Concurrent Preclean 1.681ms
[2024-10-12T10:37:45.731+0800][info] GC(355) Pause Remark
[2024-10-12T10:37:45.732+0800][info] GC(355) Pause Remark 90M->90M(128M) 1.444ms
[2024-10-12T10:37:45.732+0800][info] GC(355) User=0.00s Sys=0.00s Real=0.00s
[2024-10-12T10:37:45.732+0800][info] GC(355) Concurrent Mark 7.367ms
[2024-10-12T10:37:45.732+0800][info] GC(355) Concurrent Rebuild Remembered Sets
[2024-10-12T10:37:45.734+0800][info] GC(355) Concurrent Rebuild Remembered Sets 1.047ms
[2024-10-12T10:37:45.734+0800][info] GC(355) Pause Cleanup
[2024-10-12T10:37:45.734+0800][info] GC(355) Pause Cleanup 90M->90M(128M) 0.240ms
[2024-10-12T10:37:45.734+0800][info] GC(355) User=0.00s Sys=0.00s Real=0.00s
[2024-10-12T10:37:45.734+0800][info] GC(355) Concurrent Cleanup for Next Mark
[2024-10-12T10:37:45.734+0800][info] GC(355) Concurrent Cleanup for Next Mark 0.391ms
[2024-10-12T10:37:45.734+0800][info] GC(355) Concurrent Mark Cycle 9.455ms
[2024-10-12T10:37:45.878+0800][info] GC(356) Pause Young (Prepare Mixed) (G1 Evacuation Pause)
[2024-10-12T10:37:45.878+0800][info] GC(356) Using 3 workers of 48 for evacuation
[2024-10-12T10:37:45.879+0800][info] GC(356)   Pre Evacuate Collection Set: 0.1ms
[2024-10-12T10:37:45.879+0800][info] GC(356)   Merge Heap Roots: 0.1ms
[2024-10-12T10:37:45.880+0800][info] GC(356)   Evacuate Collection Set: 0.8ms
[2024-10-12T10:37:45.880+0800][info] GC(356)   Post Evacuate Collection Set: 0.2ms
[2024-10-12T10:37:45.880+0800][info] GC(356)   Other: 0.2ms
[2024-10-12T10:37:45.880+0800][info] GC(356) Eden regions: 2->0(2)
[2024-10-12T10:37:45.880+0800][info] GC(356) Survivor regions: 1->1(1)
[2024-10-12T10:37:45.880+0800][info] GC(356) Old regions: 47->49
[2024-10-12T10:37:45.880+0800][info] GC(356) Archive regions: 2->2
[2024-10-12T10:37:45.880+0800][info] GC(356) Humongous regions: 3->3
[2024-10-12T10:37:45.880+0800][info] GC(356) Metaspace: 1652K(1856K)->1652K(1856K) NonClass: 1528K(1664K)->1528K(1664K) Class: 124K(192K)->124K(192K)
[2024-10-12T10:37:45.880+0800][info] GC(356) Pause Young (Prepare Mixed) (G1 Evacuation Pause) 93M->93M(128M) 1.505ms
[2024-10-12T10:37:45.880+0800][info] GC(356) User=0.00s Sys=0.00s Real=0.00s
[2024-10-12T10:37:45.982+0800][info] GC(357) Pause Young (Mixed) (G1 Evacuation Pause)
[2024-10-12T10:37:45.982+0800][info] GC(357) Using 3 workers of 48 for evacuation
[2024-10-12T10:37:45.984+0800][info] GC(357)   Pre Evacuate Collection Set: 0.2ms
[2024-10-12T10:37:45.984+0800][info] GC(357)   Merge Heap Roots: 0.1ms
[2024-10-12T10:37:45.984+0800][info] GC(357)   Evacuate Collection Set: 1.4ms
[2024-10-12T10:37:45.984+0800][info] GC(357)   Post Evacuate Collection Set: 0.2ms
[2024-10-12T10:37:45.984+0800][info] GC(357)   Other: 0.2ms
[2024-10-12T10:37:45.984+0800][info] GC(357) Eden regions: 2->0(2)
[2024-10-12T10:37:45.984+0800][info] GC(357) Survivor regions: 1->1(1)
[2024-10-12T10:37:45.984+0800][info] GC(357) Old regions: 49->47
[2024-10-12T10:37:45.984+0800][info] GC(357) Archive regions: 2->2
[2024-10-12T10:37:45.984+0800][info] GC(357) Humongous regions: 3->3
[2024-10-12T10:37:45.984+0800][info] GC(357) Metaspace: 1652K(1856K)->1652K(1856K) NonClass: 1528K(1664K)->1528K(1664K) Class: 124K(192K)->124K(192K)
[2024-10-12T10:37:45.984+0800][info] GC(357) Pause Young (Mixed) (G1 Evacuation Pause) 97M->93M(128M) 2.157ms
[2024-10-12T10:37:45.984+0800][info] GC(357) User=0.01s Sys=0.00s Real=0.00s
[2024-10-12T10:37:46.086+0800][info] GC(358) Pause Young (Mixed) (G1 Evacuation Pause)
[2024-10-12T10:37:46.086+0800][info] GC(358) Using 3 workers of 48 for evacuation
[2024-10-12T10:37:46.088+0800][info] GC(358)   Pre Evacuate Collection Set: 0.2ms
[2024-10-12T10:37:46.088+0800][info] GC(358)   Merge Heap Roots: 0.0ms
[2024-10-12T10:37:46.088+0800][info] GC(358)   Evacuate Collection Set: 1.1ms
[2024-10-12T10:37:46.088+0800][info] GC(358)   Post Evacuate Collection Set: 0.2ms
[2024-10-12T10:37:46.088+0800][info] GC(358)   Other: 0.1ms
[2024-10-12T10:37:46.088+0800][info] GC(358) Eden regions: 2->0(2)
[2024-10-12T10:37:46.088+0800][info] GC(358) Survivor regions: 1->1(1)
[2024-10-12T10:37:46.088+0800][info] GC(358) Old regions: 47->49
[2024-10-12T10:37:46.088+0800][info] GC(358) Archive regions: 2->2
[2024-10-12T10:37:46.088+0800][info] GC(358) Humongous regions: 3->3
[2024-10-12T10:37:46.088+0800][info] GC(358) Metaspace: 1652K(1856K)->1652K(1856K) NonClass: 1528K(1664K)->1528K(1664K) Class: 124K(192K)->124K(192K)
[2024-10-12T10:37:46.088+0800][info] GC(358) Pause Young (Mixed) (G1 Evacuation Pause) 97M->97M(128M) 1.774ms
[2024-10-12T10:37:46.088+0800][info] GC(358) User=0.01s Sys=0.00s Real=0.00s
[2024-10-12T10:37:46.190+0800][info] GC(359) Pause Young (Concurrent Start) (G1 Evacuation Pause)
[2024-10-12T10:37:46.190+0800][info] GC(359) Using 3 workers of 48 for evacuation
[2024-10-12T10:37:46.192+0800][info] GC(359)   Pre Evacuate Collection Set: 0.1ms
[2024-10-12T10:37:46.192+0800][info] GC(359)   Merge Heap Roots: 0.0ms
[2024-10-12T10:37:46.192+0800][info] GC(359)   Evacuate Collection Set: 0.8ms
[2024-10-12T10:37:46.192+0800][info] GC(359)   Post Evacuate Collection Set: 0.2ms
[2024-10-12T10:37:46.192+0800][info] GC(359)   Other: 0.3ms
[2024-10-12T10:37:46.192+0800][info] GC(359) Eden regions: 2->0(2)
[2024-10-12T10:37:46.192+0800][info] GC(359) Survivor regions: 1->1(1)
[2024-10-12T10:37:46.192+0800][info] GC(359) Old regions: 49->51
[2024-10-12T10:37:46.192+0800][info] GC(359) Archive regions: 2->2
[2024-10-12T10:37:46.192+0800][info] GC(359) Humongous regions: 3->3
[2024-10-12T10:37:46.192+0800][info] GC(359) Metaspace: 1652K(1856K)->1652K(1856K) NonClass: 1528K(1664K)->1528K(1664K) Class: 124K(192K)->124K(192K)
[2024-10-12T10:37:46.192+0800][info] GC(359) Pause Young (Concurrent Start) (G1 Evacuation Pause) 100M->101M(128M) 1.635ms
[2024-10-12T10:37:46.192+0800][info] GC(359) User=0.00s Sys=0.00s Real=0.00s
[2024-10-12T10:37:46.192+0800][info] GC(360) Concurrent Mark Cycle
[2024-10-12T10:37:46.192+0800][info] GC(360) Concurrent Clear Claimed Marks
[2024-10-12T10:37:46.192+0800][info] GC(360) Concurrent Clear Claimed Marks 0.017ms
[2024-10-12T10:37:46.192+0800][info] GC(360) Concurrent Scan Root Regions
[2024-10-12T10:37:46.192+0800][info] GC(360) Concurrent Scan Root Regions 0.155ms
[2024-10-12T10:37:46.192+0800][info] GC(360) Concurrent Mark
[2024-10-12T10:37:46.192+0800][info] GC(360) Concurrent Mark From Roots
[2024-10-12T10:37:46.192+0800][info] GC(360) Using 12 workers of 12 for marking
[2024-10-12T10:37:46.196+0800][info] GC(360) Concurrent Mark From Roots 3.621ms
[2024-10-12T10:37:46.196+0800][info] GC(360) Concurrent Preclean
[2024-10-12T10:37:46.197+0800][info] GC(360) Concurrent Preclean 1.732ms
[2024-10-12T10:37:46.198+0800][info] GC(360) Pause Remark
[2024-10-12T10:37:46.199+0800][info] GC(360) Pause Remark 101M->101M(128M) 1.485ms
[2024-10-12T10:37:46.199+0800][info] GC(360) User=0.00s Sys=0.00s Real=0.00s
[2024-10-12T10:37:46.199+0800][info] GC(360) Concurrent Mark 7.093ms
[2024-10-12T10:37:46.199+0800][info] GC(360) Concurrent Rebuild Remembered Sets
[2024-10-12T10:37:46.200+0800][info] GC(360) Concurrent Rebuild Remembered Sets 1.026ms
[2024-10-12T10:37:46.200+0800][info] GC(360) Pause Cleanup
[2024-10-12T10:37:46.201+0800][info] GC(360) Pause Cleanup 101M->101M(128M) 0.236ms
[2024-10-12T10:37:46.201+0800][info] GC(360) User=0.00s Sys=0.00s Real=0.00s
[2024-10-12T10:37:46.201+0800][info] GC(360) Concurrent Cleanup for Next Mark
[2024-10-12T10:37:46.201+0800][info] GC(360) Concurrent Cleanup for Next Mark 0.382ms
[2024-10-12T10:37:46.201+0800][info] GC(360) Concurrent Mark Cycle 9.152ms
[2024-10-12T10:37:46.345+0800][info] GC(361) Pause Young (Prepare Mixed) (G1 Evacuation Pause)
[2024-10-12T10:37:46.345+0800][info] GC(361) Using 3 workers of 48 for evacuation
[2024-10-12T10:37:46.347+0800][info] GC(361)   Pre Evacuate Collection Set: 0.1ms
[2024-10-12T10:37:46.347+0800][info] GC(361)   Merge Heap Roots: 0.1ms
[2024-10-12T10:37:46.347+0800][info] GC(361)   Evacuate Collection Set: 0.8ms
[2024-10-12T10:37:46.347+0800][info] GC(361)   Post Evacuate Collection Set: 0.2ms
[2024-10-12T10:37:46.347+0800][info] GC(361)   Other: 0.2ms
[2024-10-12T10:37:46.347+0800][info] GC(361) Eden regions: 2->0(2)
[2024-10-12T10:37:46.347+0800][info] GC(361) Survivor regions: 1->1(1)
[2024-10-12T10:37:46.347+0800][info] GC(361) Old regions: 51->53
[2024-10-12T10:37:46.347+0800][info] GC(361) Archive regions: 2->2
[2024-10-12T10:37:46.347+0800][info] GC(361) Humongous regions: 3->3
[2024-10-12T10:37:46.347+0800][info] GC(361) Metaspace: 1652K(1856K)->1652K(1856K) NonClass: 1528K(1664K)->1528K(1664K) Class: 124K(192K)->124K(192K)
[2024-10-12T10:37:46.347+0800][info] GC(361) Pause Young (Prepare Mixed) (G1 Evacuation Pause) 104M->105M(128M) 1.484ms
[2024-10-12T10:37:46.347+0800][info] GC(361) User=0.00s Sys=0.00s Real=0.00s
[2024-10-12T10:37:46.408+0800][info] GC(362) Pause Young (Mixed) (G1 Preventive Collection)
[2024-10-12T10:37:46.408+0800][info] GC(362) Using 3 workers of 48 for evacuation
[2024-10-12T10:37:46.410+0800][info] GC(362)   Pre Evacuate Collection Set: 0.1ms
[2024-10-12T10:37:46.410+0800][info] GC(362)   Merge Heap Roots: 0.0ms
[2024-10-12T10:37:46.410+0800][info] GC(362)   Evacuate Collection Set: 1.2ms
[2024-10-12T10:37:46.410+0800][info] GC(362)   Post Evacuate Collection Set: 0.2ms
[2024-10-12T10:37:46.410+0800][info] GC(362)   Other: 0.2ms
[2024-10-12T10:37:46.410+0800][info] GC(362) Eden regions: 1->0(2)
[2024-10-12T10:37:46.410+0800][info] GC(362) Survivor regions: 1->1(1)
[2024-10-12T10:37:46.410+0800][info] GC(362) Old regions: 53->49
[2024-10-12T10:37:46.410+0800][info] GC(362) Archive regions: 2->2
[2024-10-12T10:37:46.410+0800][info] GC(362) Humongous regions: 3->3
[2024-10-12T10:37:46.410+0800][info] GC(362) Metaspace: 1652K(1856K)->1652K(1856K) NonClass: 1528K(1664K)->1528K(1664K) Class: 124K(192K)->124K(192K)
[2024-10-12T10:37:46.410+0800][info] GC(362) Pause Young (Mixed) (G1 Preventive Collection) 107M->100M(128M) 1.920ms
[2024-10-12T10:37:46.410+0800][info] GC(362) User=0.01s Sys=0.00s Real=0.00s
[2024-10-12T10:37:46.512+0800][info] GC(363) Pause Young (Mixed) (G1 Evacuation Pause)
[2024-10-12T10:37:46.512+0800][info] GC(363) Using 3 workers of 48 for evacuation
[2024-10-12T10:37:46.515+0800][info] GC(363)   Pre Evacuate Collection Set: 0.2ms
[2024-10-12T10:37:46.515+0800][info] GC(363)   Merge Heap Roots: 0.1ms
[2024-10-12T10:37:46.515+0800][info] GC(363)   Evacuate Collection Set: 1.6ms
[2024-10-12T10:37:46.515+0800][info] GC(363)   Post Evacuate Collection Set: 0.2ms
[2024-10-12T10:37:46.515+0800][info] GC(363)   Other: 0.1ms
[2024-10-12T10:37:46.515+0800][info] GC(363) Eden regions: 2->0(2)
[2024-10-12T10:37:46.515+0800][info] GC(363) Survivor regions: 1->1(1)
[2024-10-12T10:37:46.515+0800][info] GC(363) Old regions: 49->48
[2024-10-12T10:37:46.515+0800][info] GC(363) Archive regions: 2->2
[2024-10-12T10:37:46.515+0800][info] GC(363) Humongous regions: 3->3
[2024-10-12T10:37:46.515+0800][info] GC(363) Metaspace: 1653K(1856K)->1653K(1856K) NonClass: 1529K(1664K)->1529K(1664K) Class: 124K(192K)->124K(192K)
[2024-10-12T10:37:46.515+0800][info] GC(363) Pause Young (Mixed) (G1 Evacuation Pause) 103M->98M(128M) 2.300ms
[2024-10-12T10:37:46.515+0800][info] GC(363) User=0.01s Sys=0.00s Real=0.01s
[2024-10-12T10:37:46.617+0800][info] GC(364) Pause Young (Mixed) (G1 Evacuation Pause)
[2024-10-12T10:37:46.617+0800][info] GC(364) Using 3 workers of 48 for evacuation
[2024-10-12T10:37:46.619+0800][info] GC(364)   Pre Evacuate Collection Set: 0.2ms
[2024-10-12T10:37:46.619+0800][info] GC(364)   Merge Heap Roots: 0.1ms
[2024-10-12T10:37:46.619+0800][info] GC(364)   Evacuate Collection Set: 1.6ms
[2024-10-12T10:37:46.619+0800][info] GC(364)   Post Evacuate Collection Set: 0.2ms
[2024-10-12T10:37:46.619+0800][info] GC(364)   Other: 0.1ms
[2024-10-12T10:37:46.619+0800][info] GC(364) Eden regions: 2->0(2)
[2024-10-12T10:37:46.619+0800][info] GC(364) Survivor regions: 1->1(1)
[2024-10-12T10:37:46.619+0800][info] GC(364) Old regions: 48->46
[2024-10-12T10:37:46.619+0800][info] GC(364) Archive regions: 2->2
[2024-10-12T10:37:46.619+0800][info] GC(364) Humongous regions: 3->3
[2024-10-12T10:37:46.619+0800][info] GC(364) Metaspace: 1653K(1856K)->1653K(1856K) NonClass: 1529K(1664K)->1529K(1664K) Class: 124K(192K)->124K(192K)
[2024-10-12T10:37:46.619+0800][info] GC(364) Pause Young (Mixed) (G1 Evacuation Pause) 102M->97M(128M) 2.321ms
[2024-10-12T10:37:46.619+0800][info] GC(364) User=0.00s Sys=0.00s Real=0.00s
[2024-10-12T10:37:46.722+0800][info] GC(365) Pause Young (Mixed) (G1 Evacuation Pause)
[2024-10-12T10:37:46.722+0800][info] GC(365) Using 3 workers of 48 for evacuation
[2024-10-12T10:37:46.723+0800][info] GC(365)   Pre Evacuate Collection Set: 0.2ms
[2024-10-12T10:37:46.723+0800][info] GC(365)   Merge Heap Roots: 0.0ms
[2024-10-12T10:37:46.723+0800][info] GC(365)   Evacuate Collection Set: 1.2ms
[2024-10-12T10:37:46.723+0800][info] GC(365)   Post Evacuate Collection Set: 0.2ms
[2024-10-12T10:37:46.723+0800][info] GC(365)   Other: 0.2ms
[2024-10-12T10:37:46.723+0800][info] GC(365) Eden regions: 2->0(2)
[2024-10-12T10:37:46.723+0800][info] GC(365) Survivor regions: 1->1(1)
[2024-10-12T10:37:46.723+0800][info] GC(365) Old regions: 46->48
[2024-10-12T10:37:46.723+0800][info] GC(365) Archive regions: 2->2
[2024-10-12T10:37:46.723+0800][info] GC(365) Humongous regions: 3->3
[2024-10-12T10:37:46.723+0800][info] GC(365) Metaspace: 1653K(1856K)->1653K(1856K) NonClass: 1529K(1664K)->1529K(1664K) Class: 124K(192K)->124K(192K)
[2024-10-12T10:37:46.723+0800][info] GC(365) Pause Young (Mixed) (G1 Evacuation Pause) 100M->100M(128M) 1.864ms
[2024-10-12T10:37:46.724+0800][info] GC(365) User=0.01s Sys=0.00s Real=0.00s
[2024-10-12T10:37:46.826+0800][info] GC(366) Pause Young (Normal) (G1 Evacuation Pause)
[2024-10-12T10:37:46.826+0800][info] GC(366) Using 3 workers of 48 for evacuation
[2024-10-12T10:37:46.827+0800][info] GC(366)   Pre Evacuate Collection Set: 0.1ms
[2024-10-12T10:37:46.827+0800][info] GC(366)   Merge Heap Roots: 0.0ms
[2024-10-12T10:37:46.827+0800][info] GC(366)   Evacuate Collection Set: 0.7ms
[2024-10-12T10:37:46.827+0800][info] GC(366)   Post Evacuate Collection Set: 0.2ms
[2024-10-12T10:37:46.827+0800][info] GC(366)   Other: 0.2ms
[2024-10-12T10:37:46.827+0800][info] GC(366) Eden regions: 2->0(2)
[2024-10-12T10:37:46.827+0800][info] GC(366) Survivor regions: 1->1(1)
[2024-10-12T10:37:46.827+0800][info] GC(366) Old regions: 48->49
[2024-10-12T10:37:46.827+0800][info] GC(366) Archive regions: 2->2
[2024-10-12T10:37:46.827+0800][info] GC(366) Humongous regions: 3->3
[2024-10-12T10:37:46.827+0800][info] GC(366) Metaspace: 1653K(1856K)->1653K(1856K) NonClass: 1529K(1664K)->1529K(1664K) Class: 124K(192K)->124K(192K)
[2024-10-12T10:37:46.827+0800][info] GC(366) Pause Young (Normal) (G1 Evacuation Pause) 104M->104M(128M) 1.399ms
[2024-10-12T10:37:46.827+0800][info] GC(366) User=0.00s Sys=0.00s Real=0.00s
[2024-10-12T10:37:46.929+0800][info] GC(367) Pause Young (Concurrent Start) (G1 Evacuation Pause)
[2024-10-12T10:37:46.929+0800][info] GC(367) Using 3 workers of 48 for evacuation
[2024-10-12T10:37:46.931+0800][info] GC(367)   Pre Evacuate Collection Set: 0.1ms
[2024-10-12T10:37:46.931+0800][info] GC(367)   Merge Heap Roots: 0.0ms
[2024-10-12T10:37:46.931+0800][info] GC(367)   Evacuate Collection Set: 0.8ms
[2024-10-12T10:37:46.931+0800][info] GC(367)   Post Evacuate Collection Set: 0.2ms
[2024-10-12T10:37:46.931+0800][info] GC(367)   Other: 0.4ms
[2024-10-12T10:37:46.931+0800][info] GC(367) Eden regions: 2->0(2)
[2024-10-12T10:37:46.931+0800][info] GC(367) Survivor regions: 1->1(1)
[2024-10-12T10:37:46.931+0800][info] GC(367) Old regions: 49->51
[2024-10-12T10:37:46.931+0800][info] GC(367) Archive regions: 2->2
[2024-10-12T10:37:46.931+0800][info] GC(367) Humongous regions: 3->3
[2024-10-12T10:37:46.931+0800][info] GC(367) Metaspace: 1653K(1856K)->1653K(1856K) NonClass: 1529K(1664K)->1529K(1664K) Class: 124K(192K)->124K(192K)
[2024-10-12T10:37:46.931+0800][info] GC(367) Pause Young (Concurrent Start) (G1 Evacuation Pause) 107M->107M(128M) 1.583ms
[2024-10-12T10:37:46.931+0800][info] GC(367) User=0.01s Sys=0.00s Real=0.00s
[2024-10-12T10:37:46.931+0800][info] GC(368) Concurrent Mark Cycle
[2024-10-12T10:37:46.931+0800][info] GC(368) Concurrent Clear Claimed Marks
[2024-10-12T10:37:46.931+0800][info] GC(368) Concurrent Clear Claimed Marks 0.017ms
[2024-10-12T10:37:46.931+0800][info] GC(368) Concurrent Scan Root Regions
[2024-10-12T10:37:46.931+0800][info] GC(368) Concurrent Scan Root Regions 0.107ms
[2024-10-12T10:37:46.931+0800][info] GC(368) Concurrent Mark
[2024-10-12T10:37:46.931+0800][info] GC(368) Concurrent Mark From Roots
[2024-10-12T10:37:46.931+0800][info] GC(368) Using 12 workers of 12 for marking
[2024-10-12T10:37:46.935+0800][info] GC(368) Concurrent Mark From Roots 3.385ms
[2024-10-12T10:37:46.935+0800][info] GC(368) Concurrent Preclean
[2024-10-12T10:37:46.936+0800][info] GC(368) Concurrent Preclean 1.694ms
[2024-10-12T10:37:46.937+0800][info] GC(368) Pause Remark
[2024-10-12T10:37:46.938+0800][info] GC(368) Pause Remark 108M->106M(128M) 1.562ms
[2024-10-12T10:37:46.938+0800][info] GC(368) User=0.01s Sys=0.00s Real=0.00s
[2024-10-12T10:37:46.938+0800][info] GC(368) Concurrent Mark 6.964ms
[2024-10-12T10:37:46.938+0800][info] GC(368) Concurrent Rebuild Remembered Sets
[2024-10-12T10:37:46.939+0800][info] GC(368) Concurrent Rebuild Remembered Sets 1.049ms
[2024-10-12T10:37:46.939+0800][info] GC(368) Pause Cleanup
[2024-10-12T10:37:46.940+0800][info] GC(368) Pause Cleanup 106M->106M(128M) 0.198ms
[2024-10-12T10:37:46.940+0800][info] GC(368) User=0.00s Sys=0.00s Real=0.00s
[2024-10-12T10:37:46.940+0800][info] GC(368) Concurrent Cleanup for Next Mark
[2024-10-12T10:37:46.940+0800][info] GC(368) Concurrent Cleanup for Next Mark 0.361ms
[2024-10-12T10:37:46.940+0800][info] GC(368) Concurrent Mark Cycle 9.028ms
[2024-10-12T10:37:47.084+0800][info] GC(369) Pause Young (Prepare Mixed) (G1 Evacuation Pause)
[2024-10-12T10:37:47.084+0800][info] GC(369) Using 3 workers of 48 for evacuation
[2024-10-12T10:37:47.086+0800][info] GC(369)   Pre Evacuate Collection Set: 0.1ms
[2024-10-12T10:37:47.086+0800][info] GC(369)   Merge Heap Roots: 0.1ms
[2024-10-12T10:37:47.086+0800][info] GC(369)   Evacuate Collection Set: 0.8ms
[2024-10-12T10:37:47.086+0800][info] GC(369)   Post Evacuate Collection Set: 0.2ms
[2024-10-12T10:37:47.086+0800][info] GC(369)   Other: 0.2ms
[2024-10-12T10:37:47.086+0800][info] GC(369) Eden regions: 2->0(2)
[2024-10-12T10:37:47.086+0800][info] GC(369) Survivor regions: 1->1(1)
[2024-10-12T10:37:47.086+0800][info] GC(369) Old regions: 50->52
[2024-10-12T10:37:47.086+0800][info] GC(369) Archive regions: 2->2
[2024-10-12T10:37:47.086+0800][info] GC(369) Humongous regions: 3->3
[2024-10-12T10:37:47.086+0800][info] GC(369) Metaspace: 1657K(1856K)->1657K(1856K) NonClass: 1533K(1664K)->1533K(1664K) Class: 124K(192K)->124K(192K)
[2024-10-12T10:37:47.086+0800][info] GC(369) Pause Young (Prepare Mixed) (G1 Evacuation Pause) 109M->109M(128M) 1.553ms
[2024-10-12T10:37:47.086+0800][info] GC(369) User=0.00s Sys=0.00s Real=0.01s
[2024-10-12T10:37:47.147+0800][info] GC(370) Pause Young (Mixed) (G1 Preventive Collection)
[2024-10-12T10:37:47.147+0800][info] GC(370) Using 3 workers of 48 for evacuation
[2024-10-12T10:37:47.149+0800][info] GC(370)   Pre Evacuate Collection Set: 0.2ms
[2024-10-12T10:37:47.149+0800][info] GC(370)   Merge Heap Roots: 0.1ms
[2024-10-12T10:37:47.149+0800][info] GC(370)   Evacuate Collection Set: 1.1ms
[2024-10-12T10:37:47.149+0800][info] GC(370)   Post Evacuate Collection Set: 0.2ms
[2024-10-12T10:37:47.149+0800][info] GC(370)   Other: 0.2ms
[2024-10-12T10:37:47.149+0800][info] GC(370) Eden regions: 2->0(2)
[2024-10-12T10:37:47.149+0800][info] GC(370) Survivor regions: 1->1(1)
[2024-10-12T10:37:47.149+0800][info] GC(370) Old regions: 52->48
[2024-10-12T10:37:47.149+0800][info] GC(370) Archive regions: 2->2
[2024-10-12T10:37:47.149+0800][info] GC(370) Humongous regions: 3->3
[2024-10-12T10:37:47.149+0800][info] GC(370) Metaspace: 1657K(1856K)->1657K(1856K) NonClass: 1533K(1664K)->1533K(1664K) Class: 124K(192K)->124K(192K)
[2024-10-12T10:37:47.149+0800][info] GC(370) Pause Young (Mixed) (G1 Preventive Collection) 112M->103M(128M) 1.816ms
[2024-10-12T10:37:47.149+0800][info] GC(370) User=0.01s Sys=0.00s Real=0.00s
[2024-10-12T10:37:47.272+0800][info] GC(371) Pause Young (Mixed) (G1 Evacuation Pause)
[2024-10-12T10:37:47.272+0800][info] GC(371) Using 3 workers of 48 for evacuation
[2024-10-12T10:37:47.274+0800][info] GC(371)   Pre Evacuate Collection Set: 0.1ms
[2024-10-12T10:37:47.274+0800][info] GC(371)   Merge Heap Roots: 0.1ms
[2024-10-12T10:37:47.274+0800][info] GC(371)   Evacuate Collection Set: 1.5ms
[2024-10-12T10:37:47.274+0800][info] GC(371)   Post Evacuate Collection Set: 0.2ms
[2024-10-12T10:37:47.274+0800][info] GC(371)   Other: 0.1ms
[2024-10-12T10:37:47.274+0800][info] GC(371) Eden regions: 2->0(2)
[2024-10-12T10:37:47.274+0800][info] GC(371) Survivor regions: 1->1(1)
[2024-10-12T10:37:47.274+0800][info] GC(371) Old regions: 48->47
[2024-10-12T10:37:47.274+0800][info] GC(371) Archive regions: 2->2
[2024-10-12T10:37:47.274+0800][info] GC(371) Humongous regions: 4->3
[2024-10-12T10:37:47.274+0800][info] GC(371) Metaspace: 1677K(1856K)->1677K(1856K) NonClass: 1552K(1664K)->1552K(1664K) Class: 124K(192K)->124K(192K)
[2024-10-12T10:37:47.274+0800][info] GC(371) Pause Young (Mixed) (G1 Evacuation Pause) 109M->101M(128M) 2.139ms
[2024-10-12T10:37:47.274+0800][info] GC(371) User=0.00s Sys=0.00s Real=0.01s
[2024-10-12T10:37:47.377+0800][info] GC(372) Pause Young (Normal) (G1 Evacuation Pause)
[2024-10-12T10:37:47.377+0800][info] GC(372) Using 3 workers of 48 for evacuation
[2024-10-12T10:37:47.378+0800][info] GC(372)   Pre Evacuate Collection Set: 0.1ms
[2024-10-12T10:37:47.378+0800][info] GC(372)   Merge Heap Roots: 0.0ms
[2024-10-12T10:37:47.378+0800][info] GC(372)   Evacuate Collection Set: 0.8ms
[2024-10-12T10:37:47.378+0800][info] GC(372)   Post Evacuate Collection Set: 0.2ms
[2024-10-12T10:37:47.378+0800][info] GC(372)   Other: 0.2ms
[2024-10-12T10:37:47.378+0800][info] GC(372) Eden regions: 2->0(2)
[2024-10-12T10:37:47.378+0800][info] GC(372) Survivor regions: 1->1(1)
[2024-10-12T10:37:47.378+0800][info] GC(372) Old regions: 47->49
[2024-10-12T10:37:47.378+0800][info] GC(372) Archive regions: 2->2
[2024-10-12T10:37:47.378+0800][info] GC(372) Humongous regions: 3->3
[2024-10-12T10:37:47.378+0800][info] GC(372) Metaspace: 1677K(1856K)->1677K(1856K) NonClass: 1552K(1664K)->1552K(1664K) Class: 124K(192K)->124K(192K)
[2024-10-12T10:37:47.379+0800][info] GC(372) Pause Young (Normal) (G1 Evacuation Pause) 105M->105M(128M) 1.395ms
[2024-10-12T10:37:47.379+0800][info] GC(372) User=0.00s Sys=0.00s Real=0.00s
[2024-10-12T10:37:47.481+0800][info] GC(373) Pause Young (Concurrent Start) (G1 Evacuation Pause)
[2024-10-12T10:37:47.481+0800][info] GC(373) Using 3 workers of 48 for evacuation
[2024-10-12T10:37:47.482+0800][info] GC(373)   Pre Evacuate Collection Set: 0.1ms
[2024-10-12T10:37:47.482+0800][info] GC(373)   Merge Heap Roots: 0.1ms
[2024-10-12T10:37:47.482+0800][info] GC(373)   Evacuate Collection Set: 0.8ms
[2024-10-12T10:37:47.482+0800][info] GC(373)   Post Evacuate Collection Set: 0.2ms
[2024-10-12T10:37:47.482+0800][info] GC(373)   Other: 0.4ms
[2024-10-12T10:37:47.482+0800][info] GC(373) Eden regions: 2->0(2)
[2024-10-12T10:37:47.482+0800][info] GC(373) Survivor regions: 1->1(1)
[2024-10-12T10:37:47.482+0800][info] GC(373) Old regions: 49->51
[2024-10-12T10:37:47.482+0800][info] GC(373) Archive regions: 2->2
[2024-10-12T10:37:47.482+0800][info] GC(373) Humongous regions: 3->3
[2024-10-12T10:37:47.482+0800][info] GC(373) Metaspace: 1677K(1856K)->1677K(1856K) NonClass: 1552K(1664K)->1552K(1664K) Class: 124K(192K)->124K(192K)
[2024-10-12T10:37:47.482+0800][info] GC(373) Pause Young (Concurrent Start) (G1 Evacuation Pause) 109M->109M(128M) 1.650ms
[2024-10-12T10:37:47.482+0800][info] GC(373) User=0.00s Sys=0.00s Real=0.00s
[2024-10-12T10:37:47.482+0800][info] GC(374) Concurrent Mark Cycle
[2024-10-12T10:37:47.482+0800][info] GC(374) Concurrent Clear Claimed Marks
[2024-10-12T10:37:47.482+0800][info] GC(374) Concurrent Clear Claimed Marks 0.017ms
[2024-10-12T10:37:47.482+0800][info] GC(374) Concurrent Scan Root Regions
[2024-10-12T10:37:47.483+0800][info] GC(374) Concurrent Scan Root Regions 0.163ms
[2024-10-12T10:37:47.483+0800][info] GC(374) Concurrent Mark
[2024-10-12T10:37:47.483+0800][info] GC(374) Concurrent Mark From Roots
[2024-10-12T10:37:47.483+0800][info] GC(374) Using 12 workers of 12 for marking
[2024-10-12T10:37:47.486+0800][info] GC(374) Concurrent Mark From Roots 3.662ms
[2024-10-12T10:37:47.486+0800][info] GC(374) Concurrent Preclean
[2024-10-12T10:37:47.488+0800][info] GC(374) Concurrent Preclean 1.711ms
[2024-10-12T10:37:47.488+0800][info] GC(374) Pause Remark
[2024-10-12T10:37:47.490+0800][info] GC(374) Pause Remark 110M->110M(128M) 1.501ms
[2024-10-12T10:37:47.490+0800][info] GC(374) User=0.00s Sys=0.00s Real=0.00s
[2024-10-12T10:37:47.490+0800][info] GC(374) Concurrent Mark 7.170ms
[2024-10-12T10:37:47.490+0800][info] GC(374) Concurrent Rebuild Remembered Sets
[2024-10-12T10:37:47.491+0800][info] GC(374) Concurrent Rebuild Remembered Sets 1.078ms
[2024-10-12T10:37:47.491+0800][info] GC(374) Pause Cleanup
[2024-10-12T10:37:47.491+0800][info] GC(374) Pause Cleanup 110M->110M(128M) 0.266ms
[2024-10-12T10:37:47.491+0800][info] GC(374) User=0.00s Sys=0.00s Real=0.00s
[2024-10-12T10:37:47.491+0800][info] GC(374) Concurrent Cleanup for Next Mark
[2024-10-12T10:37:47.492+0800][info] GC(374) Concurrent Cleanup for Next Mark 0.359ms
[2024-10-12T10:37:47.492+0800][info] GC(374) Concurrent Mark Cycle 9.390ms
[2024-10-12T10:37:47.636+0800][info] GC(375) Pause Young (Prepare Mixed) (G1 Evacuation Pause)
[2024-10-12T10:37:47.636+0800][info] GC(375) Using 3 workers of 48 for evacuation
[2024-10-12T10:37:47.637+0800][info] GC(375)   Pre Evacuate Collection Set: 0.1ms
[2024-10-12T10:37:47.637+0800][info] GC(375)   Merge Heap Roots: 0.1ms
[2024-10-12T10:37:47.637+0800][info] GC(375)   Evacuate Collection Set: 0.8ms
[2024-10-12T10:37:47.637+0800][info] GC(375)   Post Evacuate Collection Set: 0.2ms
[2024-10-12T10:37:47.637+0800][info] GC(375)   Other: 0.2ms
[2024-10-12T10:37:47.637+0800][info] GC(375) Eden regions: 2->0(2)
[2024-10-12T10:37:47.637+0800][info] GC(375) Survivor regions: 1->1(1)
[2024-10-12T10:37:47.637+0800][info] GC(375) Old regions: 51->53
[2024-10-12T10:37:47.637+0800][info] GC(375) Archive regions: 2->2
[2024-10-12T10:37:47.637+0800][info] GC(375) Humongous regions: 3->3
[2024-10-12T10:37:47.637+0800][info] GC(375) Metaspace: 1677K(1856K)->1677K(1856K) NonClass: 1552K(1664K)->1552K(1664K) Class: 124K(192K)->124K(192K)
[2024-10-12T10:37:47.637+0800][info] GC(375) Pause Young (Prepare Mixed) (G1 Evacuation Pause) 113M->113M(128M) 1.573ms
[2024-10-12T10:37:47.637+0800][info] GC(375) User=0.00s Sys=0.00s Real=0.00s
[2024-10-12T10:37:47.698+0800][info] GC(376) Pause Young (Mixed) (G1 Preventive Collection)
[2024-10-12T10:37:47.698+0800][info] GC(376) Using 3 workers of 48 for evacuation
[2024-10-12T10:37:47.700+0800][info] GC(376)   Pre Evacuate Collection Set: 0.2ms
[2024-10-12T10:37:47.700+0800][info] GC(376)   Merge Heap Roots: 0.1ms
[2024-10-12T10:37:47.700+0800][info] GC(376)   Evacuate Collection Set: 1.1ms
[2024-10-12T10:37:47.700+0800][info] GC(376)   Post Evacuate Collection Set: 0.2ms
[2024-10-12T10:37:47.700+0800][info] GC(376)   Other: 0.2ms
[2024-10-12T10:37:47.700+0800][info] GC(376) Eden regions: 1->0(2)
[2024-10-12T10:37:47.700+0800][info] GC(376) Survivor regions: 1->1(1)
[2024-10-12T10:37:47.700+0800][info] GC(376) Old regions: 53->49
[2024-10-12T10:37:47.700+0800][info] GC(376) Archive regions: 2->2
[2024-10-12T10:37:47.700+0800][info] GC(376) Humongous regions: 3->3
[2024-10-12T10:37:47.700+0800][info] GC(376) Metaspace: 1677K(1856K)->1677K(1856K) NonClass: 1552K(1664K)->1552K(1664K) Class: 124K(192K)->124K(192K)
[2024-10-12T10:37:47.700+0800][info] GC(376) Pause Young (Mixed) (G1 Preventive Collection) 115M->106M(128M) 1.836ms
[2024-10-12T10:37:47.700+0800][info] GC(376) User=0.01s Sys=0.00s Real=0.00s
[2024-10-12T10:37:47.802+0800][info] GC(377) Pause Young (Mixed) (G1 Evacuation Pause)
[2024-10-12T10:37:47.802+0800][info] GC(377) Using 3 workers of 48 for evacuation
[2024-10-12T10:37:47.805+0800][info] GC(377)   Pre Evacuate Collection Set: 0.2ms
[2024-10-12T10:37:47.805+0800][info] GC(377)   Merge Heap Roots: 0.1ms
[2024-10-12T10:37:47.805+0800][info] GC(377)   Evacuate Collection Set: 1.7ms
[2024-10-12T10:37:47.805+0800][info] GC(377)   Post Evacuate Collection Set: 0.2ms
[2024-10-12T10:37:47.805+0800][info] GC(377)   Other: 0.1ms
[2024-10-12T10:37:47.805+0800][info] GC(377) Eden regions: 2->0(2)
[2024-10-12T10:37:47.805+0800][info] GC(377) Survivor regions: 1->1(1)
[2024-10-12T10:37:47.805+0800][info] GC(377) Old regions: 49->48
[2024-10-12T10:37:47.805+0800][info] GC(377) Archive regions: 2->2
[2024-10-12T10:37:47.805+0800][info] GC(377) Humongous regions: 3->3
[2024-10-12T10:37:47.805+0800][info] GC(377) Metaspace: 1677K(1856K)->1677K(1856K) NonClass: 1552K(1664K)->1552K(1664K) Class: 124K(192K)->124K(192K)
[2024-10-12T10:37:47.805+0800][info] GC(377) Pause Young (Mixed) (G1 Evacuation Pause) 109M->104M(128M) 2.405ms
[2024-10-12T10:37:47.805+0800][info] GC(377) User=0.00s Sys=0.00s Real=0.00s
[2024-10-12T10:37:47.907+0800][info] GC(378) Pause Young (Mixed) (G1 Evacuation Pause)
[2024-10-12T10:37:47.907+0800][info] GC(378) Using 3 workers of 48 for evacuation
[2024-10-12T10:37:47.909+0800][info] GC(378)   Pre Evacuate Collection Set: 0.2ms
[2024-10-12T10:37:47.909+0800][info] GC(378)   Merge Heap Roots: 0.1ms
[2024-10-12T10:37:47.909+0800][info] GC(378)   Evacuate Collection Set: 1.5ms
[2024-10-12T10:37:47.909+0800][info] GC(378)   Post Evacuate Collection Set: 0.2ms
[2024-10-12T10:37:47.909+0800][info] GC(378)   Other: 0.1ms
[2024-10-12T10:37:47.909+0800][info] GC(378) Eden regions: 2->0(2)
[2024-10-12T10:37:47.909+0800][info] GC(378) Survivor regions: 1->1(1)
[2024-10-12T10:37:47.909+0800][info] GC(378) Old regions: 48->49
[2024-10-12T10:37:47.909+0800][info] GC(378) Archive regions: 2->2
[2024-10-12T10:37:47.909+0800][info] GC(378) Humongous regions: 3->3
[2024-10-12T10:37:47.909+0800][info] GC(378) Metaspace: 1677K(1856K)->1677K(1856K) NonClass: 1552K(1664K)->1552K(1664K) Class: 124K(192K)->124K(192K)
[2024-10-12T10:37:47.910+0800][info] GC(378) Pause Young (Mixed) (G1 Evacuation Pause) 107M->105M(128M) 2.281ms
[2024-10-12T10:37:47.910+0800][info] GC(378) User=0.00s Sys=0.00s Real=0.00s
[2024-10-12T10:37:48.011+0800][info] GC(379) Pause Young (Concurrent Start) (G1 Evacuation Pause)
[2024-10-12T10:37:48.012+0800][info] GC(379) Using 3 workers of 48 for evacuation
[2024-10-12T10:37:48.013+0800][info] GC(379)   Pre Evacuate Collection Set: 0.1ms
[2024-10-12T10:37:48.013+0800][info] GC(379)   Merge Heap Roots: 0.0ms
[2024-10-12T10:37:48.013+0800][info] GC(379)   Evacuate Collection Set: 0.8ms
[2024-10-12T10:37:48.013+0800][info] GC(379)   Post Evacuate Collection Set: 0.2ms
[2024-10-12T10:37:48.013+0800][info] GC(379)   Other: 0.4ms
[2024-10-12T10:37:48.013+0800][info] GC(379) Eden regions: 2->0(2)
[2024-10-12T10:37:48.013+0800][info] GC(379) Survivor regions: 1->1(1)
[2024-10-12T10:37:48.013+0800][info] GC(379) Old regions: 49->50
[2024-10-12T10:37:48.013+0800][info] GC(379) Archive regions: 2->2
[2024-10-12T10:37:48.013+0800][info] GC(379) Humongous regions: 3->3
[2024-10-12T10:37:48.013+0800][info] GC(379) Metaspace: 1677K(1856K)->1677K(1856K) NonClass: 1552K(1664K)->1552K(1664K) Class: 124K(192K)->124K(192K)
[2024-10-12T10:37:48.013+0800][info] GC(379) Pause Young (Concurrent Start) (G1 Evacuation Pause) 108M->108M(128M) 1.653ms
[2024-10-12T10:37:48.013+0800][info] GC(379) User=0.00s Sys=0.01s Real=0.01s
[2024-10-12T10:37:48.013+0800][info] GC(380) Concurrent Mark Cycle
[2024-10-12T10:37:48.013+0800][info] GC(380) Concurrent Clear Claimed Marks
[2024-10-12T10:37:48.013+0800][info] GC(380) Concurrent Clear Claimed Marks 0.017ms
[2024-10-12T10:37:48.013+0800][info] GC(380) Concurrent Scan Root Regions
[2024-10-12T10:37:48.013+0800][info] GC(380) Concurrent Scan Root Regions 0.149ms
[2024-10-12T10:37:48.013+0800][info] GC(380) Concurrent Mark
[2024-10-12T10:37:48.014+0800][info] GC(380) Concurrent Mark From Roots
[2024-10-12T10:37:48.014+0800][info] GC(380) Using 12 workers of 12 for marking
[2024-10-12T10:37:48.018+0800][info] GC(380) Concurrent Mark From Roots 4.067ms
[2024-10-12T10:37:48.018+0800][info] GC(380) Concurrent Preclean
[2024-10-12T10:37:48.019+0800][info] GC(380) Concurrent Preclean 1.685ms
[2024-10-12T10:37:48.019+0800][info] GC(380) Pause Remark
[2024-10-12T10:37:48.021+0800][info] GC(380) Pause Remark 109M->109M(128M) 1.471ms
[2024-10-12T10:37:48.021+0800][info] GC(380) User=0.00s Sys=0.00s Real=0.00s
[2024-10-12T10:37:48.021+0800][info] GC(380) Concurrent Mark 7.463ms
[2024-10-12T10:37:48.021+0800][info] GC(380) Concurrent Rebuild Remembered Sets
[2024-10-12T10:37:48.022+0800][info] GC(380) Concurrent Rebuild Remembered Sets 1.110ms
[2024-10-12T10:37:48.022+0800][info] GC(380) Pause Cleanup
[2024-10-12T10:37:48.023+0800][info] GC(380) Pause Cleanup 109M->109M(128M) 0.268ms
[2024-10-12T10:37:48.023+0800][info] GC(380) User=0.00s Sys=0.00s Real=0.00s
[2024-10-12T10:37:48.023+0800][info] GC(380) Concurrent Cleanup for Next Mark
[2024-10-12T10:37:48.023+0800][info] GC(380) Concurrent Cleanup for Next Mark 0.359ms
[2024-10-12T10:37:48.023+0800][info] GC(380) Concurrent Mark Cycle 9.704ms
[2024-10-12T10:37:48.167+0800][info] GC(381) Pause Young (Prepare Mixed) (G1 Evacuation Pause)
[2024-10-12T10:37:48.167+0800][info] GC(381) Using 3 workers of 48 for evacuation
[2024-10-12T10:37:48.168+0800][info] GC(381)   Pre Evacuate Collection Set: 0.1ms
[2024-10-12T10:37:48.168+0800][info] GC(381)   Merge Heap Roots: 0.1ms
[2024-10-12T10:37:48.168+0800][info] GC(381)   Evacuate Collection Set: 0.8ms
[2024-10-12T10:37:48.168+0800][info] GC(381)   Post Evacuate Collection Set: 0.2ms
[2024-10-12T10:37:48.168+0800][info] GC(381)   Other: 0.2ms
[2024-10-12T10:37:48.168+0800][info] GC(381) Eden regions: 2->0(2)
[2024-10-12T10:37:48.168+0800][info] GC(381) Survivor regions: 1->1(1)
[2024-10-12T10:37:48.168+0800][info] GC(381) Old regions: 50->52
[2024-10-12T10:37:48.168+0800][info] GC(381) Archive regions: 2->2
[2024-10-12T10:37:48.168+0800][info] GC(381) Humongous regions: 3->3
[2024-10-12T10:37:48.168+0800][info] GC(381) Metaspace: 1677K(1856K)->1677K(1856K) NonClass: 1552K(1664K)->1552K(1664K) Class: 124K(192K)->124K(192K)
[2024-10-12T10:37:48.168+0800][info] GC(381) Pause Young (Prepare Mixed) (G1 Evacuation Pause) 112M->112M(128M) 1.503ms
[2024-10-12T10:37:48.168+0800][info] GC(381) User=0.00s Sys=0.00s Real=0.00s
[2024-10-12T10:37:48.270+0800][info] GC(382) Pause Young (Mixed) (G1 Preventive Collection)
[2024-10-12T10:37:48.270+0800][info] GC(382) Using 3 workers of 48 for evacuation
[2024-10-12T10:37:48.272+0800][info] GC(382) To-space exhausted
[2024-10-12T10:37:48.272+0800][info] GC(382)   Pre Evacuate Collection Set: 0.2ms
[2024-10-12T10:37:48.272+0800][info] GC(382)   Merge Heap Roots: 0.1ms
[2024-10-12T10:37:48.272+0800][info] GC(382)   Evacuate Collection Set: 1.1ms
[2024-10-12T10:37:48.272+0800][info] GC(382)   Post Evacuate Collection Set: 0.2ms
[2024-10-12T10:37:48.272+0800][info] GC(382)   Other: 0.2ms
[2024-10-12T10:37:48.272+0800][info] GC(382) Eden regions: 2->0(2)
[2024-10-12T10:37:48.272+0800][info] GC(382) Survivor regions: 1->1(1)
[2024-10-12T10:37:48.272+0800][info] GC(382) Old regions: 52->56
[2024-10-12T10:37:48.272+0800][info] GC(382) Archive regions: 2->2
[2024-10-12T10:37:48.272+0800][info] GC(382) Humongous regions: 3->3
[2024-10-12T10:37:48.272+0800][info] GC(382) Metaspace: 1677K(1856K)->1677K(1856K) NonClass: 1552K(1664K)->1552K(1664K) Class: 124K(192K)->124K(192K)
[2024-10-12T10:37:48.272+0800][info] GC(382) Pause Young (Mixed) (G1 Preventive Collection) 116M->120M(128M) 1.865ms
[2024-10-12T10:37:48.272+0800][info] GC(382) User=0.01s Sys=0.00s Real=0.00s
[2024-10-12T10:37:48.334+0800][info] GC(383) Pause Young (Mixed) (G1 Preventive Collection)
[2024-10-12T10:37:48.334+0800][info] GC(383) Using 3 workers of 48 for evacuation
[2024-10-12T10:37:48.335+0800][info] GC(383) To-space exhausted
[2024-10-12T10:37:48.336+0800][info] GC(383)   Pre Evacuate Collection Set: 0.2ms
[2024-10-12T10:37:48.336+0800][info] GC(383)   Merge Heap Roots: 0.1ms
[2024-10-12T10:37:48.336+0800][info] GC(383)   Evacuate Collection Set: 0.7ms
[2024-10-12T10:37:48.336+0800][info] GC(383)   Post Evacuate Collection Set: 0.7ms
[2024-10-12T10:37:48.336+0800][info] GC(383)   Other: 0.2ms
[2024-10-12T10:37:48.336+0800][info] GC(383) Eden regions: 1->0(2)
[2024-10-12T10:37:48.336+0800][info] GC(383) Survivor regions: 1->1(1)
[2024-10-12T10:37:48.336+0800][info] GC(383) Old regions: 56->57
[2024-10-12T10:37:48.336+0800][info] GC(383) Archive regions: 2->2
[2024-10-12T10:37:48.336+0800][info] GC(383) Humongous regions: 3->3
[2024-10-12T10:37:48.336+0800][info] GC(383) Metaspace: 1677K(1856K)->1677K(1856K) NonClass: 1552K(1664K)->1552K(1664K) Class: 124K(192K)->124K(192K)
[2024-10-12T10:37:48.336+0800][info] GC(383) Pause Young (Mixed) (G1 Preventive Collection) 122M->122M(128M) 1.939ms
[2024-10-12T10:37:48.336+0800][info] GC(383) User=0.00s Sys=0.00s Real=0.00s
[2024-10-12T10:37:48.377+0800][info] GC(384) Pause Young (Mixed) (G1 Evacuation Pause)
[2024-10-12T10:37:48.377+0800][info] GC(384) Using 3 workers of 48 for evacuation
[2024-10-12T10:37:48.377+0800][info] GC(384) To-space exhausted
[2024-10-12T10:37:48.377+0800][info] GC(384)   Pre Evacuate Collection Set: 0.2ms
[2024-10-12T10:37:48.377+0800][info] GC(384)   Merge Heap Roots: 0.1ms
[2024-10-12T10:37:48.378+0800][info] GC(384)   Evacuate Collection Set: 0.3ms
[2024-10-12T10:37:48.378+0800][info] GC(384)   Post Evacuate Collection Set: 0.2ms
[2024-10-12T10:37:48.378+0800][info] GC(384)   Other: 0.1ms
[2024-10-12T10:37:48.378+0800][info] GC(384) Eden regions: 1->0(3)
[2024-10-12T10:37:48.378+0800][info] GC(384) Survivor regions: 1->0(0)
[2024-10-12T10:37:48.378+0800][info] GC(384) Old regions: 57->59
[2024-10-12T10:37:48.378+0800][info] GC(384) Archive regions: 2->2
[2024-10-12T10:37:48.378+0800][info] GC(384) Humongous regions: 3->3
[2024-10-12T10:37:48.378+0800][info] GC(384) Metaspace: 1677K(1856K)->1677K(1856K) NonClass: 1552K(1664K)->1552K(1664K) Class: 124K(192K)->124K(192K)
[2024-10-12T10:37:48.378+0800][info] GC(384) Pause Young (Mixed) (G1 Evacuation Pause) 124M->124M(128M) 1.007ms
[2024-10-12T10:37:48.378+0800][info] GC(384) User=0.00s Sys=0.00s Real=0.00s
[2024-10-12T10:37:48.378+0800][info] Attempting full compaction
[2024-10-12T10:37:48.378+0800][info] GC(385) Using 3 workers of 48 for full compaction
[2024-10-12T10:37:48.378+0800][info] GC(385) Pause Full (G1 Compaction Pause)
[2024-10-12T10:37:48.378+0800][info] GC(385) Phase 1: Mark live objects
[2024-10-12T10:37:48.381+0800][info] GC(385) Phase 1: Mark live objects 3.139ms
[2024-10-12T10:37:48.381+0800][info] GC(385) Phase 2: Prepare for compaction
[2024-10-12T10:37:48.381+0800][info] GC(385) Phase 2: Prepare for compaction 0.503ms
[2024-10-12T10:37:48.381+0800][info] GC(385) Phase 3: Adjust pointers
[2024-10-12T10:37:48.383+0800][info] GC(385) Phase 3: Adjust pointers 1.623ms
[2024-10-12T10:37:48.383+0800][info] GC(385) Phase 4: Compact heap
[2024-10-12T10:37:48.398+0800][info] GC(385) Phase 4: Compact heap 14.444ms
[2024-10-12T10:37:48.399+0800][info] GC(385) Eden regions: 0->0(4)
[2024-10-12T10:37:48.399+0800][info] GC(385) Survivor regions: 0->0(0)
[2024-10-12T10:37:48.399+0800][info] GC(385) Old regions: 59->38
[2024-10-12T10:37:48.399+0800][info] GC(385) Archive regions: 2->2
[2024-10-12T10:37:48.399+0800][info] GC(385) Humongous regions: 3->3
[2024-10-12T10:37:48.399+0800][info] GC(385) Metaspace: 1677K(1856K)->1677K(1856K) NonClass: 1552K(1664K)->1552K(1664K) Class: 124K(192K)->124K(192K)
[2024-10-12T10:37:48.399+0800][info] GC(385) Pause Full (G1 Compaction Pause) 124M->71M(128M) 21.407ms
[2024-10-12T10:37:48.399+0800][info] GC(385) User=0.04s Sys=0.00s Real=0.02s
[2024-10-12T10:37:48.624+0800][info] GC(386) Pause Young (Normal) (G1 Evacuation Pause)
[2024-10-12T10:37:48.624+0800][info] GC(386) Using 3 workers of 48 for evacuation
[2024-10-12T10:37:48.626+0800][info] GC(386)   Pre Evacuate Collection Set: 0.1ms
[2024-10-12T10:37:48.626+0800][info] GC(386)   Merge Heap Roots: 0.0ms
[2024-10-12T10:37:48.626+0800][info] GC(386)   Evacuate Collection Set: 1.2ms
[2024-10-12T10:37:48.626+0800][info] GC(386)   Post Evacuate Collection Set: 0.2ms
[2024-10-12T10:37:48.626+0800][info] GC(386)   Other: 0.2ms
[2024-10-12T10:37:48.626+0800][info] GC(386) Eden regions: 4->0(2)
[2024-10-12T10:37:48.626+0800][info] GC(386) Survivor regions: 0->1(1)
[2024-10-12T10:37:48.626+0800][info] GC(386) Old regions: 38->41
[2024-10-12T10:37:48.626+0800][info] GC(386) Archive regions: 2->2
[2024-10-12T10:37:48.626+0800][info] GC(386) Humongous regions: 3->3
[2024-10-12T10:37:48.626+0800][info] GC(386) Metaspace: 1677K(1856K)->1677K(1856K) NonClass: 1552K(1664K)->1552K(1664K) Class: 124K(192K)->124K(192K)
[2024-10-12T10:37:48.626+0800][info] GC(386) Pause Young (Normal) (G1 Evacuation Pause) 79M->79M(128M) 1.909ms
[2024-10-12T10:37:48.626+0800][info] GC(386) User=0.01s Sys=0.00s Real=0.01s
[2024-10-12T10:37:48.728+0800][info] GC(387) Pause Young (Normal) (G1 Evacuation Pause)
[2024-10-12T10:37:48.728+0800][info] GC(387) Using 3 workers of 48 for evacuation
[2024-10-12T10:37:48.730+0800][info] GC(387)   Pre Evacuate Collection Set: 0.1ms
[2024-10-12T10:37:48.730+0800][info] GC(387)   Merge Heap Roots: 0.0ms
[2024-10-12T10:37:48.730+0800][info] GC(387)   Evacuate Collection Set: 0.9ms
[2024-10-12T10:37:48.730+0800][info] GC(387)   Post Evacuate Collection Set: 0.2ms
[2024-10-12T10:37:48.730+0800][info] GC(387)   Other: 0.2ms
[2024-10-12T10:37:48.730+0800][info] GC(387) Eden regions: 2->0(2)
[2024-10-12T10:37:48.730+0800][info] GC(387) Survivor regions: 1->1(1)
[2024-10-12T10:37:48.730+0800][info] GC(387) Old regions: 41->43
[2024-10-12T10:37:48.730+0800][info] GC(387) Archive regions: 2->2
[2024-10-12T10:37:48.730+0800][info] GC(387) Humongous regions: 3->3
[2024-10-12T10:37:48.730+0800][info] GC(387) Metaspace: 1677K(1856K)->1677K(1856K) NonClass: 1552K(1664K)->1552K(1664K) Class: 124K(192K)->124K(192K)
[2024-10-12T10:37:48.730+0800][info] GC(387) Pause Young (Normal) (G1 Evacuation Pause) 83M->83M(128M) 1.517ms
[2024-10-12T10:37:48.730+0800][info] GC(387) User=0.00s Sys=0.00s Real=0.00s
[2024-10-12T10:37:48.832+0800][info] GC(388) Pause Young (Normal) (G1 Evacuation Pause)
[2024-10-12T10:37:48.832+0800][info] GC(388) Using 3 workers of 48 for evacuation
[2024-10-12T10:37:48.833+0800][info] GC(388)   Pre Evacuate Collection Set: 0.1ms
[2024-10-12T10:37:48.833+0800][info] GC(388)   Merge Heap Roots: 0.0ms
[2024-10-12T10:37:48.833+0800][info] GC(388)   Evacuate Collection Set: 0.8ms
[2024-10-12T10:37:48.833+0800][info] GC(388)   Post Evacuate Collection Set: 0.2ms
[2024-10-12T10:37:48.833+0800][info] GC(388)   Other: 0.2ms
[2024-10-12T10:37:48.833+0800][info] GC(388) Eden regions: 2->0(2)
[2024-10-12T10:37:48.834+0800][info] GC(388) Survivor regions: 1->1(1)
[2024-10-12T10:37:48.834+0800][info] GC(388) Old regions: 43->45
[2024-10-12T10:37:48.834+0800][info] GC(388) Archive regions: 2->2
[2024-10-12T10:37:48.834+0800][info] GC(388) Humongous regions: 3->3
[2024-10-12T10:37:48.834+0800][info] GC(388) Metaspace: 1677K(1856K)->1677K(1856K) NonClass: 1552K(1664K)->1552K(1664K) Class: 124K(192K)->124K(192K)
[2024-10-12T10:37:48.834+0800][info] GC(388) Pause Young (Normal) (G1 Evacuation Pause) 87M->87M(128M) 1.449ms
[2024-10-12T10:37:48.834+0800][info] GC(388) User=0.01s Sys=0.00s Real=0.01s
[2024-10-12T10:37:48.936+0800][info] GC(389) Pause Young (Normal) (G1 Evacuation Pause)
[2024-10-12T10:37:48.936+0800][info] GC(389) Using 3 workers of 48 for evacuation
[2024-10-12T10:37:48.937+0800][info] GC(389)   Pre Evacuate Collection Set: 0.1ms
[2024-10-12T10:37:48.937+0800][info] GC(389)   Merge Heap Roots: 0.0ms
[2024-10-12T10:37:48.937+0800][info] GC(389)   Evacuate Collection Set: 0.7ms
[2024-10-12T10:37:48.937+0800][info] GC(389)   Post Evacuate Collection Set: 0.2ms
[2024-10-12T10:37:48.937+0800][info] GC(389)   Other: 0.2ms
[2024-10-12T10:37:48.937+0800][info] GC(389) Eden regions: 2->0(2)
[2024-10-12T10:37:48.937+0800][info] GC(389) Survivor regions: 1->1(1)
[2024-10-12T10:37:48.937+0800][info] GC(389) Old regions: 45->47
[2024-10-12T10:37:48.937+0800][info] GC(389) Archive regions: 2->2
[2024-10-12T10:37:48.937+0800][info] GC(389) Humongous regions: 3->3
[2024-10-12T10:37:48.937+0800][info] GC(389) Metaspace: 1677K(1856K)->1677K(1856K) NonClass: 1552K(1664K)->1552K(1664K) Class: 124K(192K)->124K(192K)
[2024-10-12T10:37:48.937+0800][info] GC(389) Pause Young (Normal) (G1 Evacuation Pause) 90M->90M(128M) 1.385ms
[2024-10-12T10:37:48.937+0800][info] GC(389) User=0.00s Sys=0.00s Real=0.00s
[2024-10-12T10:37:49.039+0800][info] GC(390) Pause Young (Concurrent Start) (G1 Evacuation Pause)
[2024-10-12T10:37:49.039+0800][info] GC(390) Using 3 workers of 48 for evacuation
[2024-10-12T10:37:49.041+0800][info] GC(390)   Pre Evacuate Collection Set: 0.1ms
[2024-10-12T10:37:49.041+0800][info] GC(390)   Merge Heap Roots: 0.0ms
[2024-10-12T10:37:49.041+0800][info] GC(390)   Evacuate Collection Set: 0.8ms
[2024-10-12T10:37:49.041+0800][info] GC(390)   Post Evacuate Collection Set: 0.2ms
[2024-10-12T10:37:49.041+0800][info] GC(390)   Other: 0.4ms
[2024-10-12T10:37:49.041+0800][info] GC(390) Eden regions: 2->0(2)
[2024-10-12T10:37:49.041+0800][info] GC(390) Survivor regions: 1->1(1)
[2024-10-12T10:37:49.041+0800][info] GC(390) Old regions: 47->49
[2024-10-12T10:37:49.041+0800][info] GC(390) Archive regions: 2->2
[2024-10-12T10:37:49.041+0800][info] GC(390) Humongous regions: 3->3
[2024-10-12T10:37:49.041+0800][info] GC(390) Metaspace: 1677K(1856K)->1677K(1856K) NonClass: 1552K(1664K)->1552K(1664K) Class: 124K(192K)->124K(192K)
[2024-10-12T10:37:49.041+0800][info] GC(390) Pause Young (Concurrent Start) (G1 Evacuation Pause) 94M->94M(128M) 1.590ms
[2024-10-12T10:37:49.041+0800][info] GC(390) User=0.01s Sys=0.00s Real=0.00s
[2024-10-12T10:37:49.041+0800][info] GC(391) Concurrent Mark Cycle
[2024-10-12T10:37:49.041+0800][info] GC(391) Concurrent Clear Claimed Marks
[2024-10-12T10:37:49.041+0800][info] GC(391) Concurrent Clear Claimed Marks 0.018ms
[2024-10-12T10:37:49.041+0800][info] GC(391) Concurrent Scan Root Regions
[2024-10-12T10:37:49.041+0800][info] GC(391) Concurrent Scan Root Regions 0.161ms
[2024-10-12T10:37:49.041+0800][info] GC(391) Concurrent Mark
[2024-10-12T10:37:49.041+0800][info] GC(391) Concurrent Mark From Roots
[2024-10-12T10:37:49.041+0800][info] GC(391) Using 12 workers of 12 for marking
[2024-10-12T10:37:49.045+0800][info] GC(391) Concurrent Mark From Roots 3.498ms
[2024-10-12T10:37:49.045+0800][info] GC(391) Concurrent Preclean
[2024-10-12T10:37:49.047+0800][info] GC(391) Concurrent Preclean 1.705ms
[2024-10-12T10:37:49.047+0800][info] GC(391) Pause Remark
[2024-10-12T10:37:49.048+0800][info] GC(391) Pause Remark 94M->92M(128M) 1.550ms
[2024-10-12T10:37:49.048+0800][info] GC(391) User=0.00s Sys=0.00s Real=0.00s
[2024-10-12T10:37:49.048+0800][info] GC(391) Concurrent Mark 7.018ms
[2024-10-12T10:37:49.048+0800][info] GC(391) Concurrent Rebuild Remembered Sets
[2024-10-12T10:37:49.050+0800][info] GC(391) Concurrent Rebuild Remembered Sets 1.275ms
[2024-10-12T10:37:49.050+0800][info] GC(391) Pause Cleanup
[2024-10-12T10:37:49.050+0800][info] GC(391) Pause Cleanup 92M->92M(128M) 0.193ms
[2024-10-12T10:37:49.050+0800][info] GC(391) User=0.01s Sys=0.00s Real=0.00s
[2024-10-12T10:37:49.050+0800][info] GC(391) Concurrent Cleanup for Next Mark
[2024-10-12T10:37:49.050+0800][info] GC(391) Concurrent Cleanup for Next Mark 0.395ms
[2024-10-12T10:37:49.050+0800][info] GC(391) Concurrent Mark Cycle 9.391ms
[2024-10-12T10:37:49.194+0800][info] GC(392) Pause Young (Prepare Mixed) (G1 Evacuation Pause)
[2024-10-12T10:37:49.194+0800][info] GC(392) Using 3 workers of 48 for evacuation
[2024-10-12T10:37:49.195+0800][info] GC(392)   Pre Evacuate Collection Set: 0.1ms
[2024-10-12T10:37:49.195+0800][info] GC(392)   Merge Heap Roots: 0.1ms
[2024-10-12T10:37:49.195+0800][info] GC(392)   Evacuate Collection Set: 1.0ms
[2024-10-12T10:37:49.195+0800][info] GC(392)   Post Evacuate Collection Set: 0.2ms
[2024-10-12T10:37:49.195+0800][info] GC(392)   Other: 0.2ms
[2024-10-12T10:37:49.195+0800][info] GC(392) Eden regions: 2->0(2)
[2024-10-12T10:37:49.195+0800][info] GC(392) Survivor regions: 1->1(1)
[2024-10-12T10:37:49.195+0800][info] GC(392) Old regions: 48->50
[2024-10-12T10:37:49.195+0800][info] GC(392) Archive regions: 2->2
[2024-10-12T10:37:49.195+0800][info] GC(392) Humongous regions: 3->3
[2024-10-12T10:37:49.195+0800][info] GC(392) Metaspace: 1677K(1856K)->1677K(1856K) NonClass: 1552K(1664K)->1552K(1664K) Class: 124K(192K)->124K(192K)
[2024-10-12T10:37:49.195+0800][info] GC(392) Pause Young (Prepare Mixed) (G1 Evacuation Pause) 95M->96M(128M) 1.588ms
[2024-10-12T10:37:49.195+0800][info] GC(392) User=0.00s Sys=0.00s Real=0.00s
[2024-10-12T10:37:49.298+0800][info] GC(393) Pause Young (Mixed) (G1 Evacuation Pause)
[2024-10-12T10:37:49.298+0800][info] GC(393) Using 3 workers of 48 for evacuation
[2024-10-12T10:37:49.299+0800][info] GC(393)   Pre Evacuate Collection Set: 0.1ms
[2024-10-12T10:37:49.299+0800][info] GC(393)   Merge Heap Roots: 0.1ms
[2024-10-12T10:37:49.299+0800][info] GC(393)   Evacuate Collection Set: 1.3ms
[2024-10-12T10:37:49.299+0800][info] GC(393)   Post Evacuate Collection Set: 0.2ms
[2024-10-12T10:37:49.299+0800][info] GC(393)   Other: 0.2ms
[2024-10-12T10:37:49.300+0800][info] GC(393) Eden regions: 2->0(2)
[2024-10-12T10:37:49.300+0800][info] GC(393) Survivor regions: 1->1(1)
[2024-10-12T10:37:49.300+0800][info] GC(393) Old regions: 50->47
[2024-10-12T10:37:49.300+0800][info] GC(393) Archive regions: 2->2
[2024-10-12T10:37:49.300+0800][info] GC(393) Humongous regions: 3->3
[2024-10-12T10:37:49.300+0800][info] GC(393) Metaspace: 1677K(1856K)->1677K(1856K) NonClass: 1552K(1664K)->1552K(1664K) Class: 124K(192K)->124K(192K)
[2024-10-12T10:37:49.300+0800][info] GC(393) Pause Young (Mixed) (G1 Evacuation Pause) 100M->95M(128M) 2.004ms
[2024-10-12T10:37:49.300+0800][info] GC(393) User=0.01s Sys=0.00s Real=0.00s
[2024-10-12T10:37:49.401+0800][info] GC(394) Pause Young (Mixed) (G1 Evacuation Pause)
[2024-10-12T10:37:49.401+0800][info] GC(394) Using 3 workers of 48 for evacuation
[2024-10-12T10:37:49.403+0800][info] GC(394)   Pre Evacuate Collection Set: 0.1ms
[2024-10-12T10:37:49.403+0800][info] GC(394)   Merge Heap Roots: 0.0ms
[2024-10-12T10:37:49.403+0800][info] GC(394)   Evacuate Collection Set: 1.0ms
[2024-10-12T10:37:49.403+0800][info] GC(394)   Post Evacuate Collection Set: 0.2ms
[2024-10-12T10:37:49.403+0800][info] GC(394)   Other: 0.2ms
[2024-10-12T10:37:49.403+0800][info] GC(394) Eden regions: 2->0(2)
[2024-10-12T10:37:49.403+0800][info] GC(394) Survivor regions: 1->1(1)
[2024-10-12T10:37:49.403+0800][info] GC(394) Old regions: 47->48
[2024-10-12T10:37:49.403+0800][info] GC(394) Archive regions: 2->2
[2024-10-12T10:37:49.403+0800][info] GC(394) Humongous regions: 3->3
[2024-10-12T10:37:49.403+0800][info] GC(394) Metaspace: 1677K(1856K)->1677K(1856K) NonClass: 1552K(1664K)->1552K(1664K) Class: 124K(192K)->124K(192K)
[2024-10-12T10:37:49.403+0800][info] GC(394) Pause Young (Mixed) (G1 Evacuation Pause) 98M->96M(128M) 1.697ms
[2024-10-12T10:37:49.403+0800][info] GC(394) User=0.00s Sys=0.00s Real=0.00s
[2024-10-12T10:37:49.506+0800][info] GC(395) Pause Young (Normal) (G1 Evacuation Pause)
[2024-10-12T10:37:49.506+0800][info] GC(395) Using 3 workers of 48 for evacuation
[2024-10-12T10:37:49.507+0800][info] GC(395)   Pre Evacuate Collection Set: 0.1ms
[2024-10-12T10:37:49.507+0800][info] GC(395)   Merge Heap Roots: 0.0ms
[2024-10-12T10:37:49.507+0800][info] GC(395)   Evacuate Collection Set: 0.8ms
[2024-10-12T10:37:49.507+0800][info] GC(395)   Post Evacuate Collection Set: 0.2ms
[2024-10-12T10:37:49.507+0800][info] GC(395)   Other: 0.2ms
[2024-10-12T10:37:49.507+0800][info] GC(395) Eden regions: 2->0(2)
[2024-10-12T10:37:49.507+0800][info] GC(395) Survivor regions: 1->1(1)
[2024-10-12T10:37:49.507+0800][info] GC(395) Old regions: 48->49
[2024-10-12T10:37:49.507+0800][info] GC(395) Archive regions: 2->2
[2024-10-12T10:37:49.507+0800][info] GC(395) Humongous regions: 4->3
[2024-10-12T10:37:49.507+0800][info] GC(395) Metaspace: 1677K(1856K)->1677K(1856K) NonClass: 1552K(1664K)->1552K(1664K) Class: 124K(192K)->124K(192K)
[2024-10-12T10:37:49.507+0800][info] GC(395) Pause Young (Normal) (G1 Evacuation Pause) 102M->99M(128M) 1.393ms
[2024-10-12T10:37:49.507+0800][info] GC(395) User=0.00s Sys=0.00s Real=0.00s
[2024-10-12T10:37:49.609+0800][info] GC(396) Pause Young (Normal) (G1 Evacuation Pause)
[2024-10-12T10:37:49.609+0800][info] GC(396) Using 3 workers of 48 for evacuation
[2024-10-12T10:37:49.610+0800][info] GC(396)   Pre Evacuate Collection Set: 0.1ms
[2024-10-12T10:37:49.610+0800][info] GC(396)   Merge Heap Roots: 0.0ms
[2024-10-12T10:37:49.610+0800][info] GC(396)   Evacuate Collection Set: 0.8ms
[2024-10-12T10:37:49.610+0800][info] GC(396)   Post Evacuate Collection Set: 0.2ms
[2024-10-12T10:37:49.610+0800][info] GC(396)   Other: 0.3ms
[2024-10-12T10:37:49.610+0800][info] GC(396) Eden regions: 2->0(2)
[2024-10-12T10:37:49.610+0800][info] GC(396) Survivor regions: 1->1(1)
[2024-10-12T10:37:49.610+0800][info] GC(396) Old regions: 49->52
[2024-10-12T10:37:49.610+0800][info] GC(396) Archive regions: 2->2
[2024-10-12T10:37:49.610+0800][info] GC(396) Humongous regions: 3->3
[2024-10-12T10:37:49.610+0800][info] GC(396) Metaspace: 1677K(1856K)->1677K(1856K) NonClass: 1552K(1664K)->1552K(1664K) Class: 124K(192K)->124K(192K)
[2024-10-12T10:37:49.610+0800][info] GC(396) Pause Young (Normal) (G1 Evacuation Pause) 103M->104M(128M) 1.441ms
[2024-10-12T10:37:49.610+0800][info] GC(396) User=0.00s Sys=0.00s Real=0.00s
[2024-10-12T10:37:49.713+0800][info] GC(397) Pause Young (Concurrent Start) (G1 Preventive Collection)
[2024-10-12T10:37:49.713+0800][info] GC(397) Using 3 workers of 48 for evacuation
[2024-10-12T10:37:49.714+0800][info] GC(397)   Pre Evacuate Collection Set: 0.1ms
[2024-10-12T10:37:49.714+0800][info] GC(397)   Merge Heap Roots: 0.1ms
[2024-10-12T10:37:49.714+0800][info] GC(397)   Evacuate Collection Set: 0.8ms
[2024-10-12T10:37:49.714+0800][info] GC(397)   Post Evacuate Collection Set: 0.2ms
[2024-10-12T10:37:49.714+0800][info] GC(397)   Other: 0.3ms
[2024-10-12T10:37:49.714+0800][info] GC(397) Eden regions: 2->0(2)
[2024-10-12T10:37:49.714+0800][info] GC(397) Survivor regions: 1->1(1)
[2024-10-12T10:37:49.714+0800][info] GC(397) Old regions: 52->54
[2024-10-12T10:37:49.714+0800][info] GC(397) Archive regions: 2->2
[2024-10-12T10:37:49.714+0800][info] GC(397) Humongous regions: 3->3
[2024-10-12T10:37:49.714+0800][info] GC(397) Metaspace: 1677K(1856K)->1677K(1856K) NonClass: 1552K(1664K)->1552K(1664K) Class: 124K(192K)->124K(192K)
[2024-10-12T10:37:49.714+0800][info] GC(397) Pause Young (Concurrent Start) (G1 Preventive Collection) 108M->108M(128M) 1.527ms
[2024-10-12T10:37:49.714+0800][info] GC(397) User=0.00s Sys=0.00s Real=0.01s
[2024-10-12T10:37:49.714+0800][info] GC(398) Concurrent Mark Cycle
[2024-10-12T10:37:49.714+0800][info] GC(398) Concurrent Clear Claimed Marks
[2024-10-12T10:37:49.715+0800][info] GC(398) Concurrent Clear Claimed Marks 0.017ms
[2024-10-12T10:37:49.715+0800][info] GC(398) Concurrent Scan Root Regions
[2024-10-12T10:37:49.715+0800][info] GC(398) Concurrent Scan Root Regions 0.152ms
[2024-10-12T10:37:49.715+0800][info] GC(398) Concurrent Mark
[2024-10-12T10:37:49.715+0800][info] GC(398) Concurrent Mark From Roots
[2024-10-12T10:37:49.715+0800][info] GC(398) Using 12 workers of 12 for marking
[2024-10-12T10:37:49.718+0800][info] GC(398) Concurrent Mark From Roots 3.710ms
[2024-10-12T10:37:49.718+0800][info] GC(398) Concurrent Preclean
[2024-10-12T10:37:49.720+0800][info] GC(398) Concurrent Preclean 1.710ms
[2024-10-12T10:37:49.720+0800][info] GC(398) Pause Remark
[2024-10-12T10:37:49.722+0800][info] GC(398) Pause Remark 109M->109M(128M) 1.547ms
[2024-10-12T10:37:49.722+0800][info] GC(398) User=0.00s Sys=0.00s Real=0.00s
[2024-10-12T10:37:49.722+0800][info] GC(398) Concurrent Mark 7.282ms
[2024-10-12T10:37:49.722+0800][info] GC(398) Concurrent Rebuild Remembered Sets
[2024-10-12T10:37:49.723+0800][info] GC(398) Concurrent Rebuild Remembered Sets 1.063ms
[2024-10-12T10:37:49.723+0800][info] GC(398) Pause Cleanup
[2024-10-12T10:37:49.723+0800][info] GC(398) Pause Cleanup 109M->109M(128M) 0.246ms
[2024-10-12T10:37:49.723+0800][info] GC(398) User=0.00s Sys=0.00s Real=0.00s
[2024-10-12T10:37:49.723+0800][info] GC(398) Concurrent Cleanup for Next Mark
[2024-10-12T10:37:49.724+0800][info] GC(398) Concurrent Cleanup for Next Mark 0.393ms
[2024-10-12T10:37:49.724+0800][info] GC(398) Concurrent Mark Cycle 9.431ms
[2024-10-12T10:37:49.826+0800][info] GC(399) Pause Young (Prepare Mixed) (G1 Preventive Collection)
[2024-10-12T10:37:49.827+0800][info] GC(399) Using 3 workers of 48 for evacuation
[2024-10-12T10:37:49.828+0800][info] GC(399)   Pre Evacuate Collection Set: 0.1ms
[2024-10-12T10:37:49.828+0800][info] GC(399)   Merge Heap Roots: 0.1ms
[2024-10-12T10:37:49.828+0800][info] GC(399)   Evacuate Collection Set: 0.7ms
[2024-10-12T10:37:49.828+0800][info] GC(399)   Post Evacuate Collection Set: 0.2ms
[2024-10-12T10:37:49.828+0800][info] GC(399)   Other: 0.2ms
[2024-10-12T10:37:49.828+0800][info] GC(399) Eden regions: 1->0(2)
[2024-10-12T10:37:49.828+0800][info] GC(399) Survivor regions: 1->1(1)
[2024-10-12T10:37:49.828+0800][info] GC(399) Old regions: 54->55
[2024-10-12T10:37:49.828+0800][info] GC(399) Archive regions: 2->2
[2024-10-12T10:37:49.828+0800][info] GC(399) Humongous regions: 3->3
[2024-10-12T10:37:49.828+0800][info] GC(399) Metaspace: 1677K(1856K)->1677K(1856K) NonClass: 1552K(1664K)->1552K(1664K) Class: 124K(192K)->124K(192K)
[2024-10-12T10:37:49.828+0800][info] GC(399) Pause Young (Prepare Mixed) (G1 Preventive Collection) 110M->110M(128M) 1.314ms
[2024-10-12T10:37:49.828+0800][info] GC(399) User=0.00s Sys=0.00s Real=0.00s
[2024-10-12T10:37:49.869+0800][info] GC(400) Pause Young (Mixed) (G1 Preventive Collection)
[2024-10-12T10:37:49.869+0800][info] GC(400) Using 3 workers of 48 for evacuation
[2024-10-12T10:37:49.870+0800][info] GC(400) To-space exhausted
[2024-10-12T10:37:49.870+0800][info] GC(400)   Pre Evacuate Collection Set: 0.1ms
[2024-10-12T10:37:49.870+0800][info] GC(400)   Merge Heap Roots: 0.1ms
[2024-10-12T10:37:49.870+0800][info] GC(400)   Evacuate Collection Set: 0.7ms
[2024-10-12T10:37:49.870+0800][info] GC(400)   Post Evacuate Collection Set: 0.2ms
[2024-10-12T10:37:49.870+0800][info] GC(400)   Other: 0.2ms
[2024-10-12T10:37:49.870+0800][info] GC(400) Eden regions: 1->0(2)
[2024-10-12T10:37:49.870+0800][info] GC(400) Survivor regions: 1->1(1)
[2024-10-12T10:37:49.870+0800][info] GC(400) Old regions: 55->55
[2024-10-12T10:37:49.870+0800][info] GC(400) Archive regions: 2->2
[2024-10-12T10:37:49.870+0800][info] GC(400) Humongous regions: 3->3
[2024-10-12T10:37:49.870+0800][info] GC(400) Metaspace: 1677K(1856K)->1677K(1856K) NonClass: 1552K(1664K)->1552K(1664K) Class: 124K(192K)->124K(192K)
[2024-10-12T10:37:49.870+0800][info] GC(400) Pause Young (Mixed) (G1 Preventive Collection) 112M->111M(128M) 1.458ms
[2024-10-12T10:37:49.870+0800][info] GC(400) User=0.00s Sys=0.00s Real=0.00s
[2024-10-12T10:37:49.932+0800][info] GC(401) Pause Young (Mixed) (G1 Preventive Collection)
[2024-10-12T10:37:49.932+0800][info] GC(401) Using 3 workers of 48 for evacuation
[2024-10-12T10:37:49.933+0800][info] GC(401) To-space exhausted
[2024-10-12T10:37:49.933+0800][info] GC(401)   Pre Evacuate Collection Set: 0.1ms
[2024-10-12T10:37:49.933+0800][info] GC(401)   Merge Heap Roots: 0.1ms
[2024-10-12T10:37:49.933+0800][info] GC(401)   Evacuate Collection Set: 0.9ms
[2024-10-12T10:37:49.933+0800][info] GC(401)   Post Evacuate Collection Set: 0.4ms
[2024-10-12T10:37:49.933+0800][info] GC(401)   Other: 0.1ms
[2024-10-12T10:37:49.933+0800][info] GC(401) Eden regions: 1->0(2)
[2024-10-12T10:37:49.933+0800][info] GC(401) Survivor regions: 1->1(1)
[2024-10-12T10:37:49.933+0800][info] GC(401) Old regions: 55->57
[2024-10-12T10:37:49.933+0800][info] GC(401) Archive regions: 2->2
[2024-10-12T10:37:49.933+0800][info] GC(401) Humongous regions: 3->3
[2024-10-12T10:37:49.933+0800][info] GC(401) Metaspace: 1677K(1856K)->1677K(1856K) NonClass: 1552K(1664K)->1552K(1664K) Class: 124K(192K)->124K(192K)
[2024-10-12T10:37:49.934+0800][info] GC(401) Pause Young (Mixed) (G1 Preventive Collection) 113M->115M(128M) 1.671ms
[2024-10-12T10:37:49.934+0800][info] GC(401) User=0.01s Sys=0.00s Real=0.01s
[2024-10-12T10:37:49.974+0800][info] GC(402) Pause Young (Mixed) (G1 Evacuation Pause)
[2024-10-12T10:37:49.974+0800][info] GC(402) Using 3 workers of 48 for evacuation
[2024-10-12T10:37:49.975+0800][info] GC(402) To-space exhausted
[2024-10-12T10:37:49.975+0800][info] GC(402)   Pre Evacuate Collection Set: 0.1ms
[2024-10-12T10:37:49.975+0800][info] GC(402)   Merge Heap Roots: 0.1ms
[2024-10-12T10:37:49.975+0800][info] GC(402)   Evacuate Collection Set: 0.2ms
[2024-10-12T10:37:49.975+0800][info] GC(402)   Post Evacuate Collection Set: 0.2ms
[2024-10-12T10:37:49.975+0800][info] GC(402)   Other: 0.1ms
[2024-10-12T10:37:49.975+0800][info] GC(402) Eden regions: 1->0(3)
[2024-10-12T10:37:49.975+0800][info] GC(402) Survivor regions: 1->0(0)
[2024-10-12T10:37:49.975+0800][info] GC(402) Old regions: 57->59
[2024-10-12T10:37:49.975+0800][info] GC(402) Archive regions: 2->2
[2024-10-12T10:37:49.975+0800][info] GC(402) Humongous regions: 3->3
[2024-10-12T10:37:49.975+0800][info] GC(402) Metaspace: 1677K(1856K)->1677K(1856K) NonClass: 1552K(1664K)->1552K(1664K) Class: 124K(192K)->124K(192K)
[2024-10-12T10:37:49.975+0800][info] GC(402) Pause Young (Mixed) (G1 Evacuation Pause) 117M->117M(128M) 0.878ms
[2024-10-12T10:37:49.975+0800][info] GC(402) User=0.00s Sys=0.00s Real=0.00s
[2024-10-12T10:37:49.975+0800][info] Attempting full compaction
[2024-10-12T10:37:49.975+0800][info] GC(403) Using 3 workers of 48 for full compaction
[2024-10-12T10:37:49.975+0800][info] GC(403) Pause Full (G1 Compaction Pause)
[2024-10-12T10:37:49.975+0800][info] GC(403) Phase 1: Mark live objects
[2024-10-12T10:37:49.979+0800][info] GC(403) Phase 1: Mark live objects 3.531ms
[2024-10-12T10:37:49.979+0800][info] GC(403) Phase 2: Prepare for compaction
[2024-10-12T10:37:49.980+0800][info] GC(403) Phase 2: Prepare for compaction 0.583ms
[2024-10-12T10:37:49.980+0800][info] GC(403) Phase 3: Adjust pointers
[2024-10-12T10:37:49.981+0800][info] GC(403) Phase 3: Adjust pointers 1.602ms
[2024-10-12T10:37:49.981+0800][info] GC(403) Phase 4: Compact heap
[2024-10-12T10:37:49.992+0800][info] GC(403) Phase 4: Compact heap 10.400ms
[2024-10-12T10:37:49.993+0800][info] GC(403) Eden regions: 0->0(3)
[2024-10-12T10:37:49.993+0800][info] GC(403) Survivor regions: 0->0(0)
[2024-10-12T10:37:49.993+0800][info] GC(403) Old regions: 59->39
[2024-10-12T10:37:49.993+0800][info] GC(403) Archive regions: 2->2
[2024-10-12T10:37:49.993+0800][info] GC(403) Humongous regions: 3->3
[2024-10-12T10:37:49.993+0800][info] GC(403) Metaspace: 1677K(1856K)->1677K(1856K) NonClass: 1552K(1664K)->1552K(1664K) Class: 124K(192K)->124K(192K)
[2024-10-12T10:37:49.993+0800][info] GC(403) Pause Full (G1 Compaction Pause) 117M->71M(128M) 17.902ms
[2024-10-12T10:37:49.993+0800][info] GC(403) User=0.05s Sys=0.00s Real=0.02s
[2024-10-12T10:37:50.157+0800][info] GC(404) Pause Young (Normal) (G1 Evacuation Pause)
[2024-10-12T10:37:50.157+0800][info] GC(404) Using 3 workers of 48 for evacuation
[2024-10-12T10:37:50.159+0800][info] GC(404)   Pre Evacuate Collection Set: 0.1ms
[2024-10-12T10:37:50.159+0800][info] GC(404)   Merge Heap Roots: 0.0ms
[2024-10-12T10:37:50.159+0800][info] GC(404)   Evacuate Collection Set: 0.9ms
[2024-10-12T10:37:50.159+0800][info] GC(404)   Post Evacuate Collection Set: 0.2ms
[2024-10-12T10:37:50.159+0800][info] GC(404)   Other: 0.2ms
[2024-10-12T10:37:50.159+0800][info] GC(404) Eden regions: 3->0(2)
[2024-10-12T10:37:50.159+0800][info] GC(404) Survivor regions: 0->1(1)
[2024-10-12T10:37:50.159+0800][info] GC(404) Old regions: 39->42
[2024-10-12T10:37:50.159+0800][info] GC(404) Archive regions: 2->2
[2024-10-12T10:37:50.159+0800][info] GC(404) Humongous regions: 3->3
[2024-10-12T10:37:50.159+0800][info] GC(404) Metaspace: 1677K(1856K)->1677K(1856K) NonClass: 1552K(1664K)->1552K(1664K) Class: 124K(192K)->124K(192K)
[2024-10-12T10:37:50.159+0800][info] GC(404) Pause Young (Normal) (G1 Evacuation Pause) 77M->77M(128M) 1.567ms
[2024-10-12T10:37:50.159+0800][info] GC(404) User=0.01s Sys=0.00s Real=0.00s
[2024-10-12T10:37:50.261+0800][info] GC(405) Pause Young (Normal) (G1 Evacuation Pause)
[2024-10-12T10:37:50.261+0800][info] GC(405) Using 3 workers of 48 for evacuation
[2024-10-12T10:37:50.262+0800][info] GC(405)   Pre Evacuate Collection Set: 0.1ms
[2024-10-12T10:37:50.262+0800][info] GC(405)   Merge Heap Roots: 0.0ms
[2024-10-12T10:37:50.262+0800][info] GC(405)   Evacuate Collection Set: 0.8ms
[2024-10-12T10:37:50.262+0800][info] GC(405)   Post Evacuate Collection Set: 0.2ms
[2024-10-12T10:37:50.262+0800][info] GC(405)   Other: 0.2ms
[2024-10-12T10:37:50.262+0800][info] GC(405) Eden regions: 2->0(2)
[2024-10-12T10:37:50.262+0800][info] GC(405) Survivor regions: 1->1(1)
[2024-10-12T10:37:50.262+0800][info] GC(405) Old regions: 42->44
[2024-10-12T10:37:50.262+0800][info] GC(405) Archive regions: 2->2
[2024-10-12T10:37:50.262+0800][info] GC(405) Humongous regions: 3->3
[2024-10-12T10:37:50.262+0800][info] GC(405) Metaspace: 1677K(1856K)->1677K(1856K) NonClass: 1552K(1664K)->1552K(1664K) Class: 124K(192K)->124K(192K)
[2024-10-12T10:37:50.262+0800][info] GC(405) Pause Young (Normal) (G1 Evacuation Pause) 81M->81M(128M) 1.385ms
[2024-10-12T10:37:50.262+0800][info] GC(405) User=0.00s Sys=0.00s Real=0.00s
[2024-10-12T10:37:50.365+0800][info] GC(406) Pause Young (Normal) (G1 Evacuation Pause)
[2024-10-12T10:37:50.365+0800][info] GC(406) Using 3 workers of 48 for evacuation
[2024-10-12T10:37:50.366+0800][info] GC(406)   Pre Evacuate Collection Set: 0.0ms
[2024-10-12T10:37:50.366+0800][info] GC(406)   Merge Heap Roots: 0.0ms
[2024-10-12T10:37:50.366+0800][info] GC(406)   Evacuate Collection Set: 0.8ms
[2024-10-12T10:37:50.366+0800][info] GC(406)   Post Evacuate Collection Set: 0.2ms
[2024-10-12T10:37:50.366+0800][info] GC(406)   Other: 0.2ms
[2024-10-12T10:37:50.366+0800][info] GC(406) Eden regions: 2->0(2)
[2024-10-12T10:37:50.366+0800][info] GC(406) Survivor regions: 1->1(1)
[2024-10-12T10:37:50.366+0800][info] GC(406) Old regions: 44->46
[2024-10-12T10:37:50.366+0800][info] GC(406) Archive regions: 2->2
[2024-10-12T10:37:50.366+0800][info] GC(406) Humongous regions: 3->3
[2024-10-12T10:37:50.366+0800][info] GC(406) Metaspace: 1677K(1856K)->1677K(1856K) NonClass: 1552K(1664K)->1552K(1664K) Class: 124K(192K)->124K(192K)
[2024-10-12T10:37:50.366+0800][info] GC(406) Pause Young (Normal) (G1 Evacuation Pause) 85M->85M(128M) 1.390ms
[2024-10-12T10:37:50.366+0800][info] GC(406) User=0.00s Sys=0.00s Real=0.01s
[2024-10-12T10:37:50.468+0800][info] GC(407) Pause Young (Normal) (G1 Evacuation Pause)
[2024-10-12T10:37:50.468+0800][info] GC(407) Using 3 workers of 48 for evacuation
[2024-10-12T10:37:50.469+0800][info] GC(407)   Pre Evacuate Collection Set: 0.1ms
[2024-10-12T10:37:50.469+0800][info] GC(407)   Merge Heap Roots: 0.0ms
[2024-10-12T10:37:50.469+0800][info] GC(407)   Evacuate Collection Set: 0.8ms
[2024-10-12T10:37:50.469+0800][info] GC(407)   Post Evacuate Collection Set: 0.2ms
[2024-10-12T10:37:50.469+0800][info] GC(407)   Other: 0.3ms
[2024-10-12T10:37:50.469+0800][info] GC(407) Eden regions: 2->0(2)
[2024-10-12T10:37:50.469+0800][info] GC(407) Survivor regions: 1->1(1)
[2024-10-12T10:37:50.469+0800][info] GC(407) Old regions: 46->48
[2024-10-12T10:37:50.469+0800][info] GC(407) Archive regions: 2->2
[2024-10-12T10:37:50.469+0800][info] GC(407) Humongous regions: 3->3
[2024-10-12T10:37:50.469+0800][info] GC(407) Metaspace: 1677K(1856K)->1677K(1856K) NonClass: 1552K(1664K)->1552K(1664K) Class: 124K(192K)->124K(192K)
[2024-10-12T10:37:50.469+0800][info] GC(407) Pause Young (Normal) (G1 Evacuation Pause) 89M->89M(128M) 1.445ms
[2024-10-12T10:37:50.469+0800][info] GC(407) User=0.00s Sys=0.00s Real=0.00s
[2024-10-12T10:37:50.572+0800][info] GC(408) Pause Young (Concurrent Start) (G1 Evacuation Pause)
[2024-10-12T10:37:50.572+0800][info] GC(408) Using 3 workers of 48 for evacuation
[2024-10-12T10:37:50.573+0800][info] GC(408)   Pre Evacuate Collection Set: 0.1ms
[2024-10-12T10:37:50.573+0800][info] GC(408)   Merge Heap Roots: 0.0ms
[2024-10-12T10:37:50.573+0800][info] GC(408)   Evacuate Collection Set: 0.8ms
[2024-10-12T10:37:50.573+0800][info] GC(408)   Post Evacuate Collection Set: 0.2ms
[2024-10-12T10:37:50.573+0800][info] GC(408)   Other: 0.4ms
[2024-10-12T10:37:50.573+0800][info] GC(408) Eden regions: 2->0(2)
[2024-10-12T10:37:50.573+0800][info] GC(408) Survivor regions: 1->1(1)
[2024-10-12T10:37:50.573+0800][info] GC(408) Old regions: 48->49
[2024-10-12T10:37:50.573+0800][info] GC(408) Archive regions: 2->2
[2024-10-12T10:37:50.573+0800][info] GC(408) Humongous regions: 3->3
[2024-10-12T10:37:50.573+0800][info] GC(408) Metaspace: 1677K(1856K)->1677K(1856K) NonClass: 1552K(1664K)->1552K(1664K) Class: 124K(192K)->124K(192K)
[2024-10-12T10:37:50.573+0800][info] GC(408) Pause Young (Concurrent Start) (G1 Evacuation Pause) 93M->93M(128M) 1.638ms
[2024-10-12T10:37:50.573+0800][info] GC(408) User=0.00s Sys=0.00s Real=0.01s
[2024-10-12T10:37:50.573+0800][info] GC(409) Concurrent Mark Cycle
[2024-10-12T10:37:50.573+0800][info] GC(409) Concurrent Clear Claimed Marks
[2024-10-12T10:37:50.573+0800][info] GC(409) Concurrent Clear Claimed Marks 0.017ms
[2024-10-12T10:37:50.573+0800][info] GC(409) Concurrent Scan Root Regions
[2024-10-12T10:37:50.574+0800][info] GC(409) Concurrent Scan Root Regions 0.168ms
[2024-10-12T10:37:50.574+0800][info] GC(409) Concurrent Mark
[2024-10-12T10:37:50.574+0800][info] GC(409) Concurrent Mark From Roots
[2024-10-12T10:37:50.574+0800][info] GC(409) Using 12 workers of 12 for marking
[2024-10-12T10:37:50.577+0800][info] GC(409) Concurrent Mark From Roots 3.669ms
[2024-10-12T10:37:50.577+0800][info] GC(409) Concurrent Preclean
[2024-10-12T10:37:50.579+0800][info] GC(409) Concurrent Preclean 1.695ms
[2024-10-12T10:37:50.579+0800][info] GC(409) Pause Remark
[2024-10-12T10:37:50.581+0800][info] GC(409) Pause Remark 93M->93M(128M) 1.510ms
[2024-10-12T10:37:50.581+0800][info] GC(409) User=0.00s Sys=0.00s Real=0.00s
[2024-10-12T10:37:50.581+0800][info] GC(409) Concurrent Mark 7.129ms
[2024-10-12T10:37:50.581+0800][info] GC(409) Concurrent Rebuild Remembered Sets
[2024-10-12T10:37:50.582+0800][info] GC(409) Concurrent Rebuild Remembered Sets 1.165ms
[2024-10-12T10:37:50.582+0800][info] GC(409) Pause Cleanup
[2024-10-12T10:37:50.582+0800][info] GC(409) Pause Cleanup 93M->93M(128M) 0.237ms
[2024-10-12T10:37:50.582+0800][info] GC(409) User=0.00s Sys=0.00s Real=0.00s
[2024-10-12T10:37:50.582+0800][info] GC(409) Concurrent Cleanup for Next Mark
[2024-10-12T10:37:50.583+0800][info] GC(409) Concurrent Cleanup for Next Mark 0.394ms
[2024-10-12T10:37:50.583+0800][info] GC(409) Concurrent Mark Cycle 9.418ms
[2024-10-12T10:37:50.726+0800][info] GC(410) Pause Young (Prepare Mixed) (G1 Evacuation Pause)
[2024-10-12T10:37:50.726+0800][info] GC(410) Using 3 workers of 48 for evacuation
[2024-10-12T10:37:50.727+0800][info] GC(410)   Pre Evacuate Collection Set: 0.1ms
[2024-10-12T10:37:50.727+0800][info] GC(410)   Merge Heap Roots: 0.1ms
[2024-10-12T10:37:50.727+0800][info] GC(410)   Evacuate Collection Set: 0.8ms
[2024-10-12T10:37:50.727+0800][info] GC(410)   Post Evacuate Collection Set: 0.2ms
[2024-10-12T10:37:50.728+0800][info] GC(410)   Other: 0.2ms
[2024-10-12T10:37:50.728+0800][info] GC(410) Eden regions: 2->0(2)
[2024-10-12T10:37:50.728+0800][info] GC(410) Survivor regions: 1->1(1)
[2024-10-12T10:37:50.728+0800][info] GC(410) Old regions: 49->51
[2024-10-12T10:37:50.728+0800][info] GC(410) Archive regions: 2->2
[2024-10-12T10:37:50.728+0800][info] GC(410) Humongous regions: 3->3
[2024-10-12T10:37:50.728+0800][info] GC(410) Metaspace: 1677K(1856K)->1677K(1856K) NonClass: 1552K(1664K)->1552K(1664K) Class: 124K(192K)->124K(192K)
[2024-10-12T10:37:50.728+0800][info] GC(410) Pause Young (Prepare Mixed) (G1 Evacuation Pause) 96M->96M(128M) 1.479ms
[2024-10-12T10:37:50.728+0800][info] GC(410) User=0.00s Sys=0.00s Real=0.00s
[2024-10-12T10:37:50.830+0800][info] GC(411) Pause Young (Mixed) (G1 Preventive Collection)
[2024-10-12T10:37:50.830+0800][info] GC(411) Using 3 workers of 48 for evacuation
[2024-10-12T10:37:50.832+0800][info] GC(411)   Pre Evacuate Collection Set: 0.1ms
[2024-10-12T10:37:50.832+0800][info] GC(411)   Merge Heap Roots: 0.1ms
[2024-10-12T10:37:50.832+0800][info] GC(411)   Evacuate Collection Set: 1.2ms
[2024-10-12T10:37:50.832+0800][info] GC(411)   Post Evacuate Collection Set: 0.2ms
[2024-10-12T10:37:50.832+0800][info] GC(411)   Other: 0.2ms
[2024-10-12T10:37:50.832+0800][info] GC(411) Eden regions: 2->0(2)
[2024-10-12T10:37:50.832+0800][info] GC(411) Survivor regions: 1->1(1)
[2024-10-12T10:37:50.832+0800][info] GC(411) Old regions: 51->47
[2024-10-12T10:37:50.832+0800][info] GC(411) Archive regions: 2->2
[2024-10-12T10:37:50.832+0800][info] GC(411) Humongous regions: 3->3
[2024-10-12T10:37:50.832+0800][info] GC(411) Metaspace: 1677K(1856K)->1677K(1856K) NonClass: 1552K(1664K)->1552K(1664K) Class: 124K(192K)->124K(192K)
[2024-10-12T10:37:50.832+0800][info] GC(411) Pause Young (Mixed) (G1 Preventive Collection) 100M->94M(128M) 1.887ms
[2024-10-12T10:37:50.832+0800][info] GC(411) User=0.01s Sys=0.00s Real=0.00s
[2024-10-12T10:37:50.934+0800][info] GC(412) Pause Young (Mixed) (G1 Evacuation Pause)
[2024-10-12T10:37:50.934+0800][info] GC(412) Using 3 workers of 48 for evacuation
[2024-10-12T10:37:50.935+0800][info] GC(412)   Pre Evacuate Collection Set: 0.1ms
[2024-10-12T10:37:50.936+0800][info] GC(412)   Merge Heap Roots: 0.1ms
[2024-10-12T10:37:50.936+0800][info] GC(412)   Evacuate Collection Set: 1.3ms
[2024-10-12T10:37:50.936+0800][info] GC(412)   Post Evacuate Collection Set: 0.2ms
[2024-10-12T10:37:50.936+0800][info] GC(412)   Other: 0.1ms
[2024-10-12T10:37:50.936+0800][info] GC(412) Eden regions: 2->0(2)
[2024-10-12T10:37:50.936+0800][info] GC(412) Survivor regions: 1->1(1)
[2024-10-12T10:37:50.936+0800][info] GC(412) Old regions: 47->47
[2024-10-12T10:37:50.936+0800][info] GC(412) Archive regions: 2->2
[2024-10-12T10:37:50.936+0800][info] GC(412) Humongous regions: 3->3
[2024-10-12T10:37:50.936+0800][info] GC(412) Metaspace: 1677K(1856K)->1677K(1856K) NonClass: 1552K(1664K)->1552K(1664K) Class: 124K(192K)->124K(192K)
[2024-10-12T10:37:50.936+0800][info] GC(412) Pause Young (Mixed) (G1 Evacuation Pause) 97M->95M(128M) 1.911ms
[2024-10-12T10:37:50.936+0800][info] GC(412) User=0.00s Sys=0.00s Real=0.00s
[2024-10-12T10:37:51.038+0800][info] GC(413) Pause Young (Normal) (G1 Evacuation Pause)
[2024-10-12T10:37:51.038+0800][info] GC(413) Using 3 workers of 48 for evacuation
[2024-10-12T10:37:51.039+0800][info] GC(413)   Pre Evacuate Collection Set: 0.1ms
[2024-10-12T10:37:51.039+0800][info] GC(413)   Merge Heap Roots: 0.0ms
[2024-10-12T10:37:51.039+0800][info] GC(413)   Evacuate Collection Set: 0.7ms
[2024-10-12T10:37:51.039+0800][info] GC(413)   Post Evacuate Collection Set: 0.2ms
[2024-10-12T10:37:51.039+0800][info] GC(413)   Other: 0.2ms
[2024-10-12T10:37:51.039+0800][info] GC(413) Eden regions: 2->0(2)
[2024-10-12T10:37:51.039+0800][info] GC(413) Survivor regions: 1->1(1)
[2024-10-12T10:37:51.039+0800][info] GC(413) Old regions: 47->49
[2024-10-12T10:37:51.039+0800][info] GC(413) Archive regions: 2->2
[2024-10-12T10:37:51.039+0800][info] GC(413) Humongous regions: 3->3
[2024-10-12T10:37:51.039+0800][info] GC(413) Metaspace: 1677K(1856K)->1677K(1856K) NonClass: 1552K(1664K)->1552K(1664K) Class: 124K(192K)->124K(192K)
[2024-10-12T10:37:51.039+0800][info] GC(413) Pause Young (Normal) (G1 Evacuation Pause) 98M->98M(128M) 1.345ms
[2024-10-12T10:37:51.039+0800][info] GC(413) User=0.00s Sys=0.00s Real=0.00s
[2024-10-12T10:37:51.141+0800][info] GC(414) Pause Young (Normal) (G1 Evacuation Pause)
[2024-10-12T10:37:51.141+0800][info] GC(414) Using 3 workers of 48 for evacuation
[2024-10-12T10:37:51.142+0800][info] GC(414)   Pre Evacuate Collection Set: 0.1ms
[2024-10-12T10:37:51.142+0800][info] GC(414)   Merge Heap Roots: 0.0ms
[2024-10-12T10:37:51.142+0800][info] GC(414)   Evacuate Collection Set: 0.8ms
[2024-10-12T10:37:51.142+0800][info] GC(414)   Post Evacuate Collection Set: 0.2ms
[2024-10-12T10:37:51.142+0800][info] GC(414)   Other: 0.2ms
[2024-10-12T10:37:51.142+0800][info] GC(414) Eden regions: 2->0(2)
[2024-10-12T10:37:51.142+0800][info] GC(414) Survivor regions: 1->1(1)
[2024-10-12T10:37:51.142+0800][info] GC(414) Old regions: 49->51
[2024-10-12T10:37:51.142+0800][info] GC(414) Archive regions: 2->2
[2024-10-12T10:37:51.142+0800][info] GC(414) Humongous regions: 3->3
[2024-10-12T10:37:51.142+0800][info] GC(414) Metaspace: 1677K(1856K)->1677K(1856K) NonClass: 1552K(1664K)->1552K(1664K) Class: 124K(192K)->124K(192K)
[2024-10-12T10:37:51.143+0800][info] GC(414) Pause Young (Normal) (G1 Evacuation Pause) 102M->102M(128M) 1.368ms
[2024-10-12T10:37:51.143+0800][info] GC(414) User=0.00s Sys=0.00s Real=0.00s
[2024-10-12T10:37:51.245+0800][info] GC(415) Pause Young (Concurrent Start) (G1 Evacuation Pause)
[2024-10-12T10:37:51.245+0800][info] GC(415) Using 3 workers of 48 for evacuation
[2024-10-12T10:37:51.246+0800][info] GC(415)   Pre Evacuate Collection Set: 0.1ms
[2024-10-12T10:37:51.246+0800][info] GC(415)   Merge Heap Roots: 0.0ms
[2024-10-12T10:37:51.246+0800][info] GC(415)   Evacuate Collection Set: 0.8ms
[2024-10-12T10:37:51.246+0800][info] GC(415)   Post Evacuate Collection Set: 0.2ms
[2024-10-12T10:37:51.246+0800][info] GC(415)   Other: 0.4ms
[2024-10-12T10:37:51.246+0800][info] GC(415) Eden regions: 2->0(2)
[2024-10-12T10:37:51.246+0800][info] GC(415) Survivor regions: 1->1(1)
[2024-10-12T10:37:51.246+0800][info] GC(415) Old regions: 51->53
[2024-10-12T10:37:51.246+0800][info] GC(415) Archive regions: 2->2
[2024-10-12T10:37:51.246+0800][info] GC(415) Humongous regions: 3->3
[2024-10-12T10:37:51.246+0800][info] GC(415) Metaspace: 1677K(1856K)->1677K(1856K) NonClass: 1552K(1664K)->1552K(1664K) Class: 124K(192K)->124K(192K)
[2024-10-12T10:37:51.246+0800][info] GC(415) Pause Young (Concurrent Start) (G1 Evacuation Pause) 106M->106M(128M) 1.606ms
[2024-10-12T10:37:51.246+0800][info] GC(415) User=0.01s Sys=0.00s Real=0.01s
[2024-10-12T10:37:51.246+0800][info] GC(416) Concurrent Mark Cycle
[2024-10-12T10:37:51.246+0800][info] GC(416) Concurrent Clear Claimed Marks
[2024-10-12T10:37:51.247+0800][info] GC(416) Concurrent Clear Claimed Marks 0.017ms
[2024-10-12T10:37:51.247+0800][info] GC(416) Concurrent Scan Root Regions
[2024-10-12T10:37:51.247+0800][info] GC(416) Concurrent Scan Root Regions 0.168ms
[2024-10-12T10:37:51.247+0800][info] GC(416) Concurrent Mark
[2024-10-12T10:37:51.247+0800][info] GC(416) Concurrent Mark From Roots
[2024-10-12T10:37:51.247+0800][info] GC(416) Using 12 workers of 12 for marking
[2024-10-12T10:37:51.250+0800][info] GC(416) Concurrent Mark From Roots 3.743ms
[2024-10-12T10:37:51.251+0800][info] GC(416) Concurrent Preclean
[2024-10-12T10:37:51.252+0800][info] GC(416) Concurrent Preclean 1.694ms
[2024-10-12T10:37:51.252+0800][info] GC(416) Pause Remark
[2024-10-12T10:37:51.254+0800][info] GC(416) Pause Remark 106M->106M(128M) 1.390ms
[2024-10-12T10:37:51.254+0800][info] GC(416) User=0.01s Sys=0.00s Real=0.01s
[2024-10-12T10:37:51.254+0800][info] GC(416) Concurrent Mark 7.122ms
[2024-10-12T10:37:51.254+0800][info] GC(416) Concurrent Rebuild Remembered Sets
[2024-10-12T10:37:51.255+0800][info] GC(416) Concurrent Rebuild Remembered Sets 1.015ms
[2024-10-12T10:37:51.255+0800][info] GC(416) Pause Cleanup
[2024-10-12T10:37:51.255+0800][info] GC(416) Pause Cleanup 106M->106M(128M) 0.197ms
[2024-10-12T10:37:51.255+0800][info] GC(416) User=0.00s Sys=0.00s Real=0.00s
[2024-10-12T10:37:51.255+0800][info] GC(416) Concurrent Cleanup for Next Mark
[2024-10-12T10:37:51.256+0800][info] GC(416) Concurrent Cleanup for Next Mark 0.347ms
[2024-10-12T10:37:51.256+0800][info] GC(416) Concurrent Mark Cycle 9.148ms
[2024-10-12T10:37:51.399+0800][info] GC(417) Pause Young (Prepare Mixed) (G1 Preventive Collection)
[2024-10-12T10:37:51.399+0800][info] GC(417) Using 3 workers of 48 for evacuation
[2024-10-12T10:37:51.400+0800][info] GC(417)   Pre Evacuate Collection Set: 0.1ms
[2024-10-12T10:37:51.400+0800][info] GC(417)   Merge Heap Roots: 0.1ms
[2024-10-12T10:37:51.400+0800][info] GC(417)   Evacuate Collection Set: 0.8ms
[2024-10-12T10:37:51.401+0800][info] GC(417)   Post Evacuate Collection Set: 0.2ms
[2024-10-12T10:37:51.401+0800][info] GC(417)   Other: 0.2ms
[2024-10-12T10:37:51.401+0800][info] GC(417) Eden regions: 2->0(2)
[2024-10-12T10:37:51.401+0800][info] GC(417) Survivor regions: 1->1(1)
[2024-10-12T10:37:51.401+0800][info] GC(417) Old regions: 53->55
[2024-10-12T10:37:51.401+0800][info] GC(417) Archive regions: 2->2
[2024-10-12T10:37:51.401+0800][info] GC(417) Humongous regions: 3->3
[2024-10-12T10:37:51.401+0800][info] GC(417) Metaspace: 1677K(1856K)->1677K(1856K) NonClass: 1552K(1664K)->1552K(1664K) Class: 124K(192K)->124K(192K)
[2024-10-12T10:37:51.401+0800][info] GC(417) Pause Young (Prepare Mixed) (G1 Preventive Collection) 109M->110M(128M) 1.456ms
[2024-10-12T10:37:51.401+0800][info] GC(417) User=0.01s Sys=0.00s Real=0.00s
[2024-10-12T10:37:51.462+0800][info] GC(418) Pause Young (Mixed) (G1 Preventive Collection)
[2024-10-12T10:37:51.462+0800][info] GC(418) Using 3 workers of 48 for evacuation
[2024-10-12T10:37:51.463+0800][info] GC(418) To-space exhausted
[2024-10-12T10:37:51.463+0800][info] GC(418)   Pre Evacuate Collection Set: 0.1ms
[2024-10-12T10:37:51.463+0800][info] GC(418)   Merge Heap Roots: 0.1ms
[2024-10-12T10:37:51.464+0800][info] GC(418)   Evacuate Collection Set: 0.7ms
[2024-10-12T10:37:51.464+0800][info] GC(418)   Post Evacuate Collection Set: 0.2ms
[2024-10-12T10:37:51.464+0800][info] GC(418)   Other: 0.2ms
[2024-10-12T10:37:51.464+0800][info] GC(418) Eden regions: 1->0(2)
[2024-10-12T10:37:51.464+0800][info] GC(418) Survivor regions: 1->1(1)
[2024-10-12T10:37:51.464+0800][info] GC(418) Old regions: 55->52
[2024-10-12T10:37:51.464+0800][info] GC(418) Archive regions: 2->2
[2024-10-12T10:37:51.464+0800][info] GC(418) Humongous regions: 3->3
[2024-10-12T10:37:51.464+0800][info] GC(418) Metaspace: 1677K(1856K)->1677K(1856K) NonClass: 1552K(1664K)->1552K(1664K) Class: 124K(192K)->124K(192K)
[2024-10-12T10:37:51.464+0800][info] GC(418) Pause Young (Mixed) (G1 Preventive Collection) 112M->107M(128M) 1.416ms
[2024-10-12T10:37:51.464+0800][info] GC(418) User=0.00s Sys=0.00s Real=0.00s
[2024-10-12T10:37:51.505+0800][info] GC(419) Pause Young (Mixed) (G1 Preventive Collection)
[2024-10-12T10:37:51.505+0800][info] GC(419) Using 3 workers of 48 for evacuation
[2024-10-12T10:37:51.507+0800][info] GC(419) To-space exhausted
[2024-10-12T10:37:51.507+0800][info] GC(419)   Pre Evacuate Collection Set: 0.1ms
[2024-10-12T10:37:51.507+0800][info] GC(419)   Merge Heap Roots: 0.1ms
[2024-10-12T10:37:51.507+0800][info] GC(419)   Evacuate Collection Set: 1.5ms
[2024-10-12T10:37:51.507+0800][info] GC(419)   Post Evacuate Collection Set: 0.3ms
[2024-10-12T10:37:51.507+0800][info] GC(419)   Other: 0.2ms
[2024-10-12T10:37:51.507+0800][info] GC(419) Eden regions: 1->0(2)
[2024-10-12T10:37:51.507+0800][info] GC(419) Survivor regions: 1->1(1)
[2024-10-12T10:37:51.507+0800][info] GC(419) Old regions: 52->51
[2024-10-12T10:37:51.507+0800][info] GC(419) Archive regions: 2->2
[2024-10-12T10:37:51.507+0800][info] GC(419) Humongous regions: 3->3
[2024-10-12T10:37:51.507+0800][info] GC(419) Metaspace: 1677K(1856K)->1677K(1856K) NonClass: 1552K(1664K)->1552K(1664K) Class: 124K(192K)->124K(192K)
[2024-10-12T10:37:51.507+0800][info] GC(419) Pause Young (Mixed) (G1 Preventive Collection) 108M->105M(128M) 2.222ms
[2024-10-12T10:37:51.507+0800][info] GC(419) User=0.01s Sys=0.00s Real=0.01s
[2024-10-12T10:37:51.609+0800][info] GC(420) Pause Young (Mixed) (G1 Preventive Collection)
[2024-10-12T10:37:51.609+0800][info] GC(420) Using 3 workers of 48 for evacuation
[2024-10-12T10:37:51.611+0800][info] GC(420) To-space exhausted
[2024-10-12T10:37:51.611+0800][info] GC(420)   Pre Evacuate Collection Set: 0.1ms
[2024-10-12T10:37:51.611+0800][info] GC(420)   Merge Heap Roots: 0.0ms
[2024-10-12T10:37:51.611+0800][info] GC(420)   Evacuate Collection Set: 1.3ms
[2024-10-12T10:37:51.611+0800][info] GC(420)   Post Evacuate Collection Set: 0.2ms
[2024-10-12T10:37:51.611+0800][info] GC(420)   Other: 0.2ms
[2024-10-12T10:37:51.611+0800][info] GC(420) Eden regions: 2->0(2)
[2024-10-12T10:37:51.611+0800][info] GC(420) Survivor regions: 1->1(1)
[2024-10-12T10:37:51.611+0800][info] GC(420) Old regions: 51->53
[2024-10-12T10:37:51.611+0800][info] GC(420) Archive regions: 2->2
[2024-10-12T10:37:51.611+0800][info] GC(420) Humongous regions: 3->3
[2024-10-12T10:37:51.611+0800][info] GC(420) Metaspace: 1677K(1856K)->1677K(1856K) NonClass: 1552K(1664K)->1552K(1664K) Class: 124K(192K)->124K(192K)
[2024-10-12T10:37:51.611+0800][info] GC(420) Pause Young (Mixed) (G1 Preventive Collection) 109M->111M(128M) 1.982ms
[2024-10-12T10:37:51.611+0800][info] GC(420) User=0.00s Sys=0.00s Real=0.00s
[2024-10-12T10:37:51.652+0800][info] GC(421) Pause Young (Concurrent Start) (G1 Humongous Allocation)
[2024-10-12T10:37:51.652+0800][info] GC(421) Using 3 workers of 48 for evacuation
[2024-10-12T10:37:51.653+0800][info] GC(421)   Pre Evacuate Collection Set: 0.1ms
[2024-10-12T10:37:51.653+0800][info] GC(421)   Merge Heap Roots: 0.0ms
[2024-10-12T10:37:51.653+0800][info] GC(421)   Evacuate Collection Set: 0.6ms
[2024-10-12T10:37:51.653+0800][info] GC(421)   Post Evacuate Collection Set: 0.2ms
[2024-10-12T10:37:51.653+0800][info] GC(421)   Other: 0.3ms
[2024-10-12T10:37:51.653+0800][info] GC(421) Eden regions: 1->0(2)
[2024-10-12T10:37:51.653+0800][info] GC(421) Survivor regions: 1->1(1)
[2024-10-12T10:37:51.653+0800][info] GC(421) Old regions: 53->54
[2024-10-12T10:37:51.653+0800][info] GC(421) Archive regions: 2->2
[2024-10-12T10:37:51.653+0800][info] GC(421) Humongous regions: 3->3
[2024-10-12T10:37:51.653+0800][info] GC(421) Metaspace: 1677K(1856K)->1677K(1856K) NonClass: 1552K(1664K)->1552K(1664K) Class: 124K(192K)->124K(192K)
[2024-10-12T10:37:51.653+0800][info] GC(421) Pause Young (Concurrent Start) (G1 Humongous Allocation) 112M->112M(128M) 1.346ms
[2024-10-12T10:37:51.653+0800][info] GC(421) User=0.01s Sys=0.00s Real=0.01s
[2024-10-12T10:37:51.653+0800][info] GC(422) Concurrent Mark Cycle
[2024-10-12T10:37:51.653+0800][info] GC(422) Concurrent Clear Claimed Marks
[2024-10-12T10:37:51.653+0800][info] GC(422) Concurrent Clear Claimed Marks 0.018ms
[2024-10-12T10:37:51.653+0800][info] GC(422) Concurrent Scan Root Regions
[2024-10-12T10:37:51.653+0800][info] GC(422) Concurrent Scan Root Regions 0.150ms
[2024-10-12T10:37:51.653+0800][info] GC(422) Concurrent Mark
[2024-10-12T10:37:51.654+0800][info] GC(422) Concurrent Mark From Roots
[2024-10-12T10:37:51.654+0800][info] GC(422) Using 12 workers of 12 for marking
[2024-10-12T10:37:51.657+0800][info] GC(422) Concurrent Mark From Roots 3.651ms
[2024-10-12T10:37:51.657+0800][info] GC(422) Concurrent Preclean
[2024-10-12T10:37:51.659+0800][info] GC(422) Concurrent Preclean 1.690ms
[2024-10-12T10:37:51.659+0800][info] GC(422) Pause Remark
[2024-10-12T10:37:51.660+0800][info] GC(422) Pause Remark 114M->112M(128M) 1.485ms
[2024-10-12T10:37:51.661+0800][info] GC(422) User=0.01s Sys=0.00s Real=0.00s
[2024-10-12T10:37:51.661+0800][info] GC(422) Concurrent Mark 7.101ms
[2024-10-12T10:37:51.661+0800][info] GC(422) Concurrent Rebuild Remembered Sets
[2024-10-12T10:37:51.662+0800][info] GC(422) Concurrent Rebuild Remembered Sets 1.275ms
[2024-10-12T10:37:51.662+0800][info] GC(422) Pause Cleanup
[2024-10-12T10:37:51.662+0800][info] GC(422) Pause Cleanup 112M->112M(128M) 0.243ms
[2024-10-12T10:37:51.662+0800][info] GC(422) User=0.00s Sys=0.00s Real=0.00s
[2024-10-12T10:37:51.662+0800][info] GC(422) Concurrent Cleanup for Next Mark
[2024-10-12T10:37:51.663+0800][info] GC(422) Concurrent Cleanup for Next Mark 0.374ms
[2024-10-12T10:37:51.663+0800][info] GC(422) Concurrent Mark Cycle 9.435ms
[2024-10-12T10:37:51.766+0800][info] GC(423) Pause Young (Prepare Mixed) (G1 Preventive Collection)
[2024-10-12T10:37:51.766+0800][info] GC(423) Using 3 workers of 48 for evacuation
[2024-10-12T10:37:51.767+0800][info] GC(423)   Pre Evacuate Collection Set: 0.1ms
[2024-10-12T10:37:51.767+0800][info] GC(423)   Merge Heap Roots: 0.1ms
[2024-10-12T10:37:51.767+0800][info] GC(423)   Evacuate Collection Set: 0.8ms
[2024-10-12T10:37:51.767+0800][info] GC(423)   Post Evacuate Collection Set: 0.2ms
[2024-10-12T10:37:51.767+0800][info] GC(423)   Other: 0.2ms
[2024-10-12T10:37:51.767+0800][info] GC(423) Eden regions: 1->0(2)
[2024-10-12T10:37:51.767+0800][info] GC(423) Survivor regions: 1->1(1)
[2024-10-12T10:37:51.767+0800][info] GC(423) Old regions: 53->54
[2024-10-12T10:37:51.767+0800][info] GC(423) Archive regions: 2->2
[2024-10-12T10:37:51.767+0800][info] GC(423) Humongous regions: 4->3
[2024-10-12T10:37:51.767+0800][info] GC(423) Metaspace: 1677K(1856K)->1677K(1856K) NonClass: 1552K(1664K)->1552K(1664K) Class: 124K(192K)->124K(192K)
[2024-10-12T10:37:51.767+0800][info] GC(423) Pause Young (Prepare Mixed) (G1 Preventive Collection) 114M->112M(128M) 1.415ms
[2024-10-12T10:37:51.767+0800][info] GC(423) User=0.01s Sys=0.00s Real=0.00s
[2024-10-12T10:37:51.829+0800][info] GC(424) Pause Young (Mixed) (G1 Preventive Collection)
[2024-10-12T10:37:51.829+0800][info] GC(424) Using 3 workers of 48 for evacuation
[2024-10-12T10:37:51.830+0800][info] GC(424) To-space exhausted
[2024-10-12T10:37:51.830+0800][info] GC(424)   Pre Evacuate Collection Set: 0.1ms
[2024-10-12T10:37:51.830+0800][info] GC(424)   Merge Heap Roots: 0.0ms
[2024-10-12T10:37:51.830+0800][info] GC(424)   Evacuate Collection Set: 0.8ms
[2024-10-12T10:37:51.830+0800][info] GC(424)   Post Evacuate Collection Set: 0.2ms
[2024-10-12T10:37:51.830+0800][info] GC(424)   Other: 0.2ms
[2024-10-12T10:37:51.830+0800][info] GC(424) Eden regions: 1->0(2)
[2024-10-12T10:37:51.830+0800][info] GC(424) Survivor regions: 1->1(1)
[2024-10-12T10:37:51.830+0800][info] GC(424) Old regions: 54->51
[2024-10-12T10:37:51.830+0800][info] GC(424) Archive regions: 2->2
[2024-10-12T10:37:51.830+0800][info] GC(424) Humongous regions: 3->3
[2024-10-12T10:37:51.830+0800][info] GC(424) Metaspace: 1677K(1856K)->1677K(1856K) NonClass: 1552K(1664K)->1552K(1664K) Class: 124K(192K)->124K(192K)
[2024-10-12T10:37:51.830+0800][info] GC(424) Pause Young (Mixed) (G1 Preventive Collection) 114M->108M(128M) 1.531ms
[2024-10-12T10:37:51.830+0800][info] GC(424) User=0.00s Sys=0.00s Real=0.00s
[2024-10-12T10:37:51.933+0800][info] GC(425) Pause Young (Mixed) (G1 Preventive Collection)
[2024-10-12T10:37:51.933+0800][info] GC(425) Using 3 workers of 48 for evacuation
[2024-10-12T10:37:51.934+0800][info] GC(425) To-space exhausted
[2024-10-12T10:37:51.934+0800][info] GC(425)   Pre Evacuate Collection Set: 0.1ms
[2024-10-12T10:37:51.934+0800][info] GC(425)   Merge Heap Roots: 0.1ms
[2024-10-12T10:37:51.934+0800][info] GC(425)   Evacuate Collection Set: 1.2ms
[2024-10-12T10:37:51.934+0800][info] GC(425)   Post Evacuate Collection Set: 0.2ms
[2024-10-12T10:37:51.934+0800][info] GC(425)   Other: 0.2ms
[2024-10-12T10:37:51.934+0800][info] GC(425) Eden regions: 2->0(2)
[2024-10-12T10:37:51.934+0800][info] GC(425) Survivor regions: 1->1(1)
[2024-10-12T10:37:51.934+0800][info] GC(425) Old regions: 51->53
[2024-10-12T10:37:51.934+0800][info] GC(425) Archive regions: 2->2
[2024-10-12T10:37:51.934+0800][info] GC(425) Humongous regions: 3->3
[2024-10-12T10:37:51.935+0800][info] GC(425) Metaspace: 1677K(1856K)->1677K(1856K) NonClass: 1552K(1664K)->1552K(1664K) Class: 124K(192K)->124K(192K)
[2024-10-12T10:37:51.935+0800][info] GC(425) Pause Young (Mixed) (G1 Preventive Collection) 112M->112M(128M) 1.966ms
[2024-10-12T10:37:51.935+0800][info] GC(425) User=0.01s Sys=0.00s Real=0.01s
[2024-10-12T10:37:51.996+0800][info] GC(426) Pause Young (Mixed) (G1 Preventive Collection)
[2024-10-12T10:37:51.996+0800][info] GC(426) Using 3 workers of 48 for evacuation
[2024-10-12T10:37:51.997+0800][info] GC(426) To-space exhausted
[2024-10-12T10:37:51.997+0800][info] GC(426)   Pre Evacuate Collection Set: 0.1ms
[2024-10-12T10:37:51.997+0800][info] GC(426)   Merge Heap Roots: 0.1ms
[2024-10-12T10:37:51.997+0800][info] GC(426)   Evacuate Collection Set: 1.0ms
[2024-10-12T10:37:51.997+0800][info] GC(426)   Post Evacuate Collection Set: 0.2ms
[2024-10-12T10:37:51.997+0800][info] GC(426)   Other: 0.2ms
[2024-10-12T10:37:51.997+0800][info] GC(426) Eden regions: 1->0(2)
[2024-10-12T10:37:51.997+0800][info] GC(426) Survivor regions: 1->1(1)
[2024-10-12T10:37:51.997+0800][info] GC(426) Old regions: 53->55
[2024-10-12T10:37:51.997+0800][info] GC(426) Archive regions: 2->2
[2024-10-12T10:37:51.997+0800][info] GC(426) Humongous regions: 3->3
[2024-10-12T10:37:51.997+0800][info] GC(426) Metaspace: 1677K(1856K)->1677K(1856K) NonClass: 1552K(1664K)->1552K(1664K) Class: 124K(192K)->124K(192K)
[2024-10-12T10:37:51.997+0800][info] GC(426) Pause Young (Mixed) (G1 Preventive Collection) 114M->115M(128M) 1.701ms
[2024-10-12T10:37:51.998+0800][info] GC(426) User=0.00s Sys=0.00s Real=0.00s
[2024-10-12T10:37:52.038+0800][info] GC(427) Pause Young (Concurrent Start) (G1 Preventive Collection)
[2024-10-12T10:37:52.038+0800][info] GC(427) Using 3 workers of 48 for evacuation
[2024-10-12T10:37:52.040+0800][info] GC(427)   Pre Evacuate Collection Set: 0.1ms
[2024-10-12T10:37:52.040+0800][info] GC(427)   Merge Heap Roots: 0.0ms
[2024-10-12T10:37:52.040+0800][info] GC(427)   Evacuate Collection Set: 0.7ms
[2024-10-12T10:37:52.040+0800][info] GC(427)   Post Evacuate Collection Set: 0.2ms
[2024-10-12T10:37:52.040+0800][info] GC(427)   Other: 0.3ms
[2024-10-12T10:37:52.040+0800][info] GC(427) Eden regions: 1->0(2)
[2024-10-12T10:37:52.040+0800][info] GC(427) Survivor regions: 1->1(1)
[2024-10-12T10:37:52.040+0800][info] GC(427) Old regions: 55->56
[2024-10-12T10:37:52.040+0800][info] GC(427) Archive regions: 2->2
[2024-10-12T10:37:52.040+0800][info] GC(427) Humongous regions: 3->3
[2024-10-12T10:37:52.040+0800][info] GC(427) Metaspace: 1677K(1856K)->1677K(1856K) NonClass: 1552K(1664K)->1552K(1664K) Class: 124K(192K)->124K(192K)
[2024-10-12T10:37:52.040+0800][info] GC(427) Pause Young (Concurrent Start) (G1 Preventive Collection) 117M->117M(128M) 1.416ms
[2024-10-12T10:37:52.040+0800][info] GC(427) User=0.01s Sys=0.00s Real=0.00s
[2024-10-12T10:37:52.040+0800][info] GC(428) Concurrent Mark Cycle
[2024-10-12T10:37:52.040+0800][info] GC(428) Concurrent Clear Claimed Marks
[2024-10-12T10:37:52.040+0800][info] GC(428) Concurrent Clear Claimed Marks 0.016ms
[2024-10-12T10:37:52.040+0800][info] GC(428) Concurrent Scan Root Regions
[2024-10-12T10:37:52.040+0800][info] GC(428) Concurrent Scan Root Regions 0.147ms
[2024-10-12T10:37:52.040+0800][info] GC(428) Concurrent Mark
[2024-10-12T10:37:52.040+0800][info] GC(428) Concurrent Mark From Roots
[2024-10-12T10:37:52.040+0800][info] GC(428) Using 12 workers of 12 for marking
[2024-10-12T10:37:52.044+0800][info] GC(428) Concurrent Mark From Roots 3.486ms
[2024-10-12T10:37:52.044+0800][info] GC(428) Concurrent Preclean
[2024-10-12T10:37:52.045+0800][info] GC(428) Concurrent Preclean 1.699ms
[2024-10-12T10:37:52.046+0800][info] GC(428) Pause Remark
[2024-10-12T10:37:52.047+0800][info] GC(428) Pause Remark 118M->118M(128M) 1.501ms
[2024-10-12T10:37:52.047+0800][info] GC(428) User=0.01s Sys=0.00s Real=0.00s
[2024-10-12T10:37:52.047+0800][info] GC(428) Concurrent Mark 6.904ms
[2024-10-12T10:37:52.047+0800][info] GC(428) Concurrent Rebuild Remembered Sets
[2024-10-12T10:37:52.048+0800][info] GC(428) Concurrent Rebuild Remembered Sets 1.156ms
[2024-10-12T10:37:52.048+0800][info] GC(428) Pause Cleanup
[2024-10-12T10:37:52.049+0800][info] GC(428) Pause Cleanup 118M->118M(128M) 0.222ms
[2024-10-12T10:37:52.049+0800][info] GC(428) User=0.00s Sys=0.00s Real=0.00s
[2024-10-12T10:37:52.049+0800][info] GC(428) Concurrent Cleanup for Next Mark
[2024-10-12T10:37:52.049+0800][info] GC(428) Concurrent Cleanup for Next Mark 0.406ms
[2024-10-12T10:37:52.049+0800][info] GC(428) Concurrent Mark Cycle 9.180ms
[2024-10-12T10:37:52.152+0800][info] GC(429) Pause Young (Prepare Mixed) (G1 Preventive Collection)
[2024-10-12T10:37:52.152+0800][info] GC(429) Using 3 workers of 48 for evacuation
[2024-10-12T10:37:52.153+0800][info] GC(429) To-space exhausted
[2024-10-12T10:37:52.153+0800][info] GC(429)   Pre Evacuate Collection Set: 0.1ms
[2024-10-12T10:37:52.153+0800][info] GC(429)   Merge Heap Roots: 0.1ms
[2024-10-12T10:37:52.153+0800][info] GC(429)   Evacuate Collection Set: 0.6ms
[2024-10-12T10:37:52.153+0800][info] GC(429)   Post Evacuate Collection Set: 0.2ms
[2024-10-12T10:37:52.153+0800][info] GC(429)   Other: 0.3ms
[2024-10-12T10:37:52.153+0800][info] GC(429) Eden regions: 1->0(2)
[2024-10-12T10:37:52.153+0800][info] GC(429) Survivor regions: 1->1(1)
[2024-10-12T10:37:52.153+0800][info] GC(429) Old regions: 56->57
[2024-10-12T10:37:52.153+0800][info] GC(429) Archive regions: 2->2
[2024-10-12T10:37:52.153+0800][info] GC(429) Humongous regions: 3->3
[2024-10-12T10:37:52.153+0800][info] GC(429) Metaspace: 1677K(1856K)->1677K(1856K) NonClass: 1552K(1664K)->1552K(1664K) Class: 124K(192K)->124K(192K)
[2024-10-12T10:37:52.153+0800][info] GC(429) Pause Young (Prepare Mixed) (G1 Preventive Collection) 119M->119M(128M) 1.351ms
[2024-10-12T10:37:52.153+0800][info] GC(429) User=0.00s Sys=0.00s Real=0.01s
[2024-10-12T10:37:52.195+0800][info] GC(430) Pause Young (Mixed) (G1 Evacuation Pause)
[2024-10-12T10:37:52.195+0800][info] GC(430) Using 3 workers of 48 for evacuation
[2024-10-12T10:37:52.195+0800][info] GC(430) To-space exhausted
[2024-10-12T10:37:52.195+0800][info] GC(430)   Pre Evacuate Collection Set: 0.1ms
[2024-10-12T10:37:52.195+0800][info] GC(430)   Merge Heap Roots: 0.0ms
[2024-10-12T10:37:52.195+0800][info] GC(430)   Evacuate Collection Set: 0.2ms
[2024-10-12T10:37:52.195+0800][info] GC(430)   Post Evacuate Collection Set: 0.2ms
[2024-10-12T10:37:52.195+0800][info] GC(430)   Other: 0.2ms
[2024-10-12T10:37:52.195+0800][info] GC(430) Eden regions: 1->0(3)
[2024-10-12T10:37:52.195+0800][info] GC(430) Survivor regions: 1->0(0)
[2024-10-12T10:37:52.195+0800][info] GC(430) Old regions: 57->59
[2024-10-12T10:37:52.195+0800][info] GC(430) Archive regions: 2->2
[2024-10-12T10:37:52.195+0800][info] GC(430) Humongous regions: 3->3
[2024-10-12T10:37:52.195+0800][info] GC(430) Metaspace: 1677K(1856K)->1677K(1856K) NonClass: 1552K(1664K)->1552K(1664K) Class: 124K(192K)->124K(192K)
[2024-10-12T10:37:52.196+0800][info] GC(430) Pause Young (Mixed) (G1 Evacuation Pause) 121M->121M(128M) 0.857ms
[2024-10-12T10:37:52.196+0800][info] GC(430) User=0.00s Sys=0.00s Real=0.00s
[2024-10-12T10:37:52.196+0800][info] Attempting full compaction
[2024-10-12T10:37:52.196+0800][info] GC(431) Using 3 workers of 48 for full compaction
[2024-10-12T10:37:52.196+0800][info] GC(431) Pause Full (G1 Compaction Pause)
[2024-10-12T10:37:52.196+0800][info] GC(431) Phase 1: Mark live objects
[2024-10-12T10:37:52.199+0800][info] GC(431) Phase 1: Mark live objects 2.872ms
[2024-10-12T10:37:52.199+0800][info] GC(431) Phase 2: Prepare for compaction
[2024-10-12T10:37:52.199+0800][info] GC(431) Phase 2: Prepare for compaction 0.514ms
[2024-10-12T10:37:52.199+0800][info] GC(431) Phase 3: Adjust pointers
[2024-10-12T10:37:52.201+0800][info] GC(431) Phase 3: Adjust pointers 1.553ms
[2024-10-12T10:37:52.201+0800][info] GC(431) Phase 4: Compact heap
[2024-10-12T10:37:52.214+0800][info] GC(431) Phase 4: Compact heap 12.919ms
[2024-10-12T10:37:52.215+0800][info] GC(431) Eden regions: 0->0(3)
[2024-10-12T10:37:52.215+0800][info] GC(431) Survivor regions: 0->0(0)
[2024-10-12T10:37:52.215+0800][info] GC(431) Old regions: 59->39
[2024-10-12T10:37:52.215+0800][info] GC(431) Archive regions: 2->2
[2024-10-12T10:37:52.215+0800][info] GC(431) Humongous regions: 3->3
[2024-10-12T10:37:52.215+0800][info] GC(431) Metaspace: 1677K(1856K)->1677K(1856K) NonClass: 1552K(1664K)->1552K(1664K) Class: 124K(192K)->124K(192K)
[2024-10-12T10:37:52.215+0800][info] GC(431) Pause Full (G1 Compaction Pause) 121M->73M(128M) 19.615ms
[2024-10-12T10:37:52.215+0800][info] GC(431) User=0.04s Sys=0.01s Real=0.02s
[2024-10-12T10:37:52.379+0800][info] GC(432) Pause Young (Normal) (G1 Evacuation Pause)
[2024-10-12T10:37:52.379+0800][info] GC(432) Using 3 workers of 48 for evacuation
[2024-10-12T10:37:52.380+0800][info] GC(432)   Pre Evacuate Collection Set: 0.1ms
[2024-10-12T10:37:52.380+0800][info] GC(432)   Merge Heap Roots: 0.0ms
[2024-10-12T10:37:52.380+0800][info] GC(432)   Evacuate Collection Set: 0.8ms
[2024-10-12T10:37:52.380+0800][info] GC(432)   Post Evacuate Collection Set: 0.2ms
[2024-10-12T10:37:52.380+0800][info] GC(432)   Other: 0.2ms
[2024-10-12T10:37:52.380+0800][info] GC(432) Eden regions: 3->0(2)
[2024-10-12T10:37:52.380+0800][info] GC(432) Survivor regions: 0->1(1)
[2024-10-12T10:37:52.380+0800][info] GC(432) Old regions: 39->41
[2024-10-12T10:37:52.380+0800][info] GC(432) Archive regions: 2->2
[2024-10-12T10:37:52.380+0800][info] GC(432) Humongous regions: 3->3
[2024-10-12T10:37:52.380+0800][info] GC(432) Metaspace: 1677K(1856K)->1677K(1856K) NonClass: 1552K(1664K)->1552K(1664K) Class: 124K(192K)->124K(192K)
[2024-10-12T10:37:52.380+0800][info] GC(432) Pause Young (Normal) (G1 Evacuation Pause) 79M->78M(128M) 1.477ms
[2024-10-12T10:37:52.380+0800][info] GC(432) User=0.00s Sys=0.00s Real=0.00s
[2024-10-12T10:37:52.483+0800][info] GC(433) Pause Young (Normal) (G1 Evacuation Pause)
[2024-10-12T10:37:52.483+0800][info] GC(433) Using 3 workers of 48 for evacuation
[2024-10-12T10:37:52.484+0800][info] GC(433)   Pre Evacuate Collection Set: 0.1ms
[2024-10-12T10:37:52.484+0800][info] GC(433)   Merge Heap Roots: 0.0ms
[2024-10-12T10:37:52.484+0800][info] GC(433)   Evacuate Collection Set: 0.9ms
[2024-10-12T10:37:52.484+0800][info] GC(433)   Post Evacuate Collection Set: 0.2ms
[2024-10-12T10:37:52.484+0800][info] GC(433)   Other: 0.2ms
[2024-10-12T10:37:52.484+0800][info] GC(433) Eden regions: 2->0(2)
[2024-10-12T10:37:52.484+0800][info] GC(433) Survivor regions: 1->1(1)
[2024-10-12T10:37:52.484+0800][info] GC(433) Old regions: 41->43
[2024-10-12T10:37:52.484+0800][info] GC(433) Archive regions: 2->2
[2024-10-12T10:37:52.484+0800][info] GC(433) Humongous regions: 3->3
[2024-10-12T10:37:52.484+0800][info] GC(433) Metaspace: 1677K(1856K)->1677K(1856K) NonClass: 1552K(1664K)->1552K(1664K) Class: 124K(192K)->124K(192K)
[2024-10-12T10:37:52.484+0800][info] GC(433) Pause Young (Normal) (G1 Evacuation Pause) 82M->82M(128M) 1.488ms
[2024-10-12T10:37:52.484+0800][info] GC(433) User=0.00s Sys=0.00s Real=0.00s
[2024-10-12T10:37:52.586+0800][info] GC(434) Pause Young (Normal) (G1 Evacuation Pause)
[2024-10-12T10:37:52.586+0800][info] GC(434) Using 3 workers of 48 for evacuation
[2024-10-12T10:37:52.587+0800][info] GC(434)   Pre Evacuate Collection Set: 0.1ms
[2024-10-12T10:37:52.587+0800][info] GC(434)   Merge Heap Roots: 0.0ms
[2024-10-12T10:37:52.587+0800][info] GC(434)   Evacuate Collection Set: 0.7ms
[2024-10-12T10:37:52.587+0800][info] GC(434)   Post Evacuate Collection Set: 0.2ms
[2024-10-12T10:37:52.587+0800][info] GC(434)   Other: 0.2ms
[2024-10-12T10:37:52.587+0800][info] GC(434) Eden regions: 2->0(2)
[2024-10-12T10:37:52.587+0800][info] GC(434) Survivor regions: 1->1(1)
[2024-10-12T10:37:52.587+0800][info] GC(434) Old regions: 43->45
[2024-10-12T10:37:52.587+0800][info] GC(434) Archive regions: 2->2
[2024-10-12T10:37:52.587+0800][info] GC(434) Humongous regions: 3->3
[2024-10-12T10:37:52.587+0800][info] GC(434) Metaspace: 1677K(1856K)->1677K(1856K) NonClass: 1552K(1664K)->1552K(1664K) Class: 124K(192K)->124K(192K)
[2024-10-12T10:37:52.587+0800][info] GC(434) Pause Young (Normal) (G1 Evacuation Pause) 86M->86M(128M) 1.307ms
[2024-10-12T10:37:52.587+0800][info] GC(434) User=0.01s Sys=0.00s Real=0.00s
[2024-10-12T10:37:52.689+0800][info] GC(435) Pause Young (Normal) (G1 Evacuation Pause)
[2024-10-12T10:37:52.689+0800][info] GC(435) Using 3 workers of 48 for evacuation
[2024-10-12T10:37:52.691+0800][info] GC(435)   Pre Evacuate Collection Set: 0.1ms
[2024-10-12T10:37:52.691+0800][info] GC(435)   Merge Heap Roots: 0.0ms
[2024-10-12T10:37:52.691+0800][info] GC(435)   Evacuate Collection Set: 0.8ms
[2024-10-12T10:37:52.691+0800][info] GC(435)   Post Evacuate Collection Set: 0.2ms
[2024-10-12T10:37:52.691+0800][info] GC(435)   Other: 0.2ms
[2024-10-12T10:37:52.691+0800][info] GC(435) Eden regions: 2->0(2)
[2024-10-12T10:37:52.691+0800][info] GC(435) Survivor regions: 1->1(1)
[2024-10-12T10:37:52.691+0800][info] GC(435) Old regions: 45->47
[2024-10-12T10:37:52.691+0800][info] GC(435) Archive regions: 2->2
[2024-10-12T10:37:52.691+0800][info] GC(435) Humongous regions: 3->3
[2024-10-12T10:37:52.691+0800][info] GC(435) Metaspace: 1677K(1856K)->1677K(1856K) NonClass: 1552K(1664K)->1552K(1664K) Class: 124K(192K)->124K(192K)
[2024-10-12T10:37:52.691+0800][info] GC(435) Pause Young (Normal) (G1 Evacuation Pause) 90M->90M(128M) 1.405ms
[2024-10-12T10:37:52.691+0800][info] GC(435) User=0.00s Sys=0.00s Real=0.00s
[2024-10-12T10:37:52.793+0800][info] GC(436) Pause Young (Concurrent Start) (G1 Evacuation Pause)
[2024-10-12T10:37:52.793+0800][info] GC(436) Using 3 workers of 48 for evacuation
[2024-10-12T10:37:52.794+0800][info] GC(436)   Pre Evacuate Collection Set: 0.1ms
[2024-10-12T10:37:52.794+0800][info] GC(436)   Merge Heap Roots: 0.0ms
[2024-10-12T10:37:52.794+0800][info] GC(436)   Evacuate Collection Set: 1.0ms
[2024-10-12T10:37:52.794+0800][info] GC(436)   Post Evacuate Collection Set: 0.2ms
[2024-10-12T10:37:52.794+0800][info] GC(436)   Other: 0.4ms
[2024-10-12T10:37:52.794+0800][info] GC(436) Eden regions: 2->0(2)
[2024-10-12T10:37:52.794+0800][info] GC(436) Survivor regions: 1->1(1)
[2024-10-12T10:37:52.794+0800][info] GC(436) Old regions: 47->49
[2024-10-12T10:37:52.794+0800][info] GC(436) Archive regions: 2->2
[2024-10-12T10:37:52.794+0800][info] GC(436) Humongous regions: 3->3
[2024-10-12T10:37:52.794+0800][info] GC(436) Metaspace: 1677K(1856K)->1677K(1856K) NonClass: 1552K(1664K)->1552K(1664K) Class: 124K(192K)->124K(192K)
[2024-10-12T10:37:52.794+0800][info] GC(436) Pause Young (Concurrent Start) (G1 Evacuation Pause) 94M->94M(128M) 1.799ms
[2024-10-12T10:37:52.794+0800][info] GC(436) User=0.01s Sys=0.00s Real=0.01s
[2024-10-12T10:37:52.795+0800][info] GC(437) Concurrent Mark Cycle
[2024-10-12T10:37:52.795+0800][info] GC(437) Concurrent Clear Claimed Marks
[2024-10-12T10:37:52.795+0800][info] GC(437) Concurrent Clear Claimed Marks 0.017ms
[2024-10-12T10:37:52.795+0800][info] GC(437) Concurrent Scan Root Regions
[2024-10-12T10:37:52.795+0800][info] GC(437) Concurrent Scan Root Regions 0.124ms
[2024-10-12T10:37:52.795+0800][info] GC(437) Concurrent Mark
[2024-10-12T10:37:52.795+0800][info] GC(437) Concurrent Mark From Roots
[2024-10-12T10:37:52.795+0800][info] GC(437) Using 12 workers of 12 for marking
[2024-10-12T10:37:52.798+0800][info] GC(437) Concurrent Mark From Roots 3.645ms
[2024-10-12T10:37:52.798+0800][info] GC(437) Concurrent Preclean
[2024-10-12T10:37:52.800+0800][info] GC(437) Concurrent Preclean 1.684ms
[2024-10-12T10:37:52.800+0800][info] GC(437) Pause Remark
[2024-10-12T10:37:52.802+0800][info] GC(437) Pause Remark 95M->95M(128M) 1.411ms
[2024-10-12T10:37:52.802+0800][info] GC(437) User=0.00s Sys=0.00s Real=0.00s
[2024-10-12T10:37:52.802+0800][info] GC(437) Concurrent Mark 6.974ms
[2024-10-12T10:37:52.802+0800][info] GC(437) Concurrent Rebuild Remembered Sets
[2024-10-12T10:37:52.803+0800][info] GC(437) Concurrent Rebuild Remembered Sets 1.130ms
[2024-10-12T10:37:52.803+0800][info] GC(437) Pause Cleanup
[2024-10-12T10:37:52.803+0800][info] GC(437) Pause Cleanup 95M->95M(128M) 0.191ms
[2024-10-12T10:37:52.803+0800][info] GC(437) User=0.00s Sys=0.00s Real=0.00s
[2024-10-12T10:37:52.803+0800][info] GC(437) Concurrent Cleanup for Next Mark
[2024-10-12T10:37:52.804+0800][info] GC(437) Concurrent Cleanup for Next Mark 0.367ms
[2024-10-12T10:37:52.804+0800][info] GC(437) Concurrent Mark Cycle 9.088ms
[2024-10-12T10:37:52.948+0800][info] GC(438) Pause Young (Prepare Mixed) (G1 Evacuation Pause)
[2024-10-12T10:37:52.948+0800][info] GC(438) Using 3 workers of 48 for evacuation
[2024-10-12T10:37:52.949+0800][info] GC(438)   Pre Evacuate Collection Set: 0.1ms
[2024-10-12T10:37:52.949+0800][info] GC(438)   Merge Heap Roots: 0.1ms
[2024-10-12T10:37:52.949+0800][info] GC(438)   Evacuate Collection Set: 0.9ms
[2024-10-12T10:37:52.949+0800][info] GC(438)   Post Evacuate Collection Set: 0.2ms
[2024-10-12T10:37:52.949+0800][info] GC(438)   Other: 0.2ms
[2024-10-12T10:37:52.949+0800][info] GC(438) Eden regions: 2->0(2)
[2024-10-12T10:37:52.949+0800][info] GC(438) Survivor regions: 1->1(1)
[2024-10-12T10:37:52.949+0800][info] GC(438) Old regions: 49->51
[2024-10-12T10:37:52.949+0800][info] GC(438) Archive regions: 2->2
[2024-10-12T10:37:52.949+0800][info] GC(438) Humongous regions: 3->3
[2024-10-12T10:37:52.949+0800][info] GC(438) Metaspace: 1677K(1856K)->1677K(1856K) NonClass: 1552K(1664K)->1552K(1664K) Class: 124K(192K)->124K(192K)
[2024-10-12T10:37:52.949+0800][info] GC(438) Pause Young (Prepare Mixed) (G1 Evacuation Pause) 98M->98M(128M) 1.611ms
[2024-10-12T10:37:52.949+0800][info] GC(438) User=0.00s Sys=0.00s Real=0.00s
[2024-10-12T10:37:53.051+0800][info] GC(439) Pause Young (Mixed) (G1 Preventive Collection)
[2024-10-12T10:37:53.051+0800][info] GC(439) Using 3 workers of 48 for evacuation
[2024-10-12T10:37:53.053+0800][info] GC(439) To-space exhausted
[2024-10-12T10:37:53.053+0800][info] GC(439)   Pre Evacuate Collection Set: 0.1ms
[2024-10-12T10:37:53.053+0800][info] GC(439)   Merge Heap Roots: 0.0ms
[2024-10-12T10:37:53.053+0800][info] GC(439)   Evacuate Collection Set: 1.3ms
[2024-10-12T10:37:53.053+0800][info] GC(439)   Post Evacuate Collection Set: 0.2ms
[2024-10-12T10:37:53.053+0800][info] GC(439)   Other: 0.2ms
[2024-10-12T10:37:53.053+0800][info] GC(439) Eden regions: 2->0(2)
[2024-10-12T10:37:53.053+0800][info] GC(439) Survivor regions: 1->1(1)
[2024-10-12T10:37:53.053+0800][info] GC(439) Old regions: 51->51
[2024-10-12T10:37:53.053+0800][info] GC(439) Archive regions: 2->2
[2024-10-12T10:37:53.053+0800][info] GC(439) Humongous regions: 3->3
[2024-10-12T10:37:53.053+0800][info] GC(439) Metaspace: 1677K(1856K)->1677K(1856K) NonClass: 1552K(1664K)->1552K(1664K) Class: 124K(192K)->124K(192K)
[2024-10-12T10:37:53.053+0800][info] GC(439) Pause Young (Mixed) (G1 Preventive Collection) 101M->101M(128M) 2.063ms
[2024-10-12T10:37:53.053+0800][info] GC(439) User=0.00s Sys=0.00s Real=0.01s
[2024-10-12T10:37:53.155+0800][info] GC(440) Pause Young (Mixed) (G1 Preventive Collection)
[2024-10-12T10:37:53.155+0800][info] GC(440) Using 3 workers of 48 for evacuation
[2024-10-12T10:37:53.157+0800][info] GC(440)   Pre Evacuate Collection Set: 0.1ms
[2024-10-12T10:37:53.157+0800][info] GC(440)   Merge Heap Roots: 0.0ms
[2024-10-12T10:37:53.157+0800][info] GC(440)   Evacuate Collection Set: 0.9ms
[2024-10-12T10:37:53.157+0800][info] GC(440)   Post Evacuate Collection Set: 0.2ms
[2024-10-12T10:37:53.157+0800][info] GC(440)   Other: 0.2ms
[2024-10-12T10:37:53.157+0800][info] GC(440) Eden regions: 2->0(2)
[2024-10-12T10:37:53.157+0800][info] GC(440) Survivor regions: 1->1(1)
[2024-10-12T10:37:53.157+0800][info] GC(440) Old regions: 51->53
[2024-10-12T10:37:53.157+0800][info] GC(440) Archive regions: 2->2
[2024-10-12T10:37:53.157+0800][info] GC(440) Humongous regions: 3->3
[2024-10-12T10:37:53.157+0800][info] GC(440) Metaspace: 1677K(1856K)->1677K(1856K) NonClass: 1552K(1664K)->1552K(1664K) Class: 124K(192K)->124K(192K)
[2024-10-12T10:37:53.157+0800][info] GC(440) Pause Young (Mixed) (G1 Preventive Collection) 104M->104M(128M) 1.587ms
[2024-10-12T10:37:53.157+0800][info] GC(440) User=0.00s Sys=0.00s Real=0.00s
[2024-10-12T10:37:53.259+0800][info] GC(441) Pause Young (Concurrent Start) (G1 Preventive Collection)
[2024-10-12T10:37:53.259+0800][info] GC(441) Using 3 workers of 48 for evacuation
[2024-10-12T10:37:53.261+0800][info] GC(441)   Pre Evacuate Collection Set: 0.1ms
[2024-10-12T10:37:53.261+0800][info] GC(441)   Merge Heap Roots: 0.1ms
[2024-10-12T10:37:53.261+0800][info] GC(441)   Evacuate Collection Set: 0.9ms
[2024-10-12T10:37:53.261+0800][info] GC(441)   Post Evacuate Collection Set: 0.2ms
[2024-10-12T10:37:53.261+0800][info] GC(441)   Other: 0.4ms
[2024-10-12T10:37:53.261+0800][info] GC(441) Eden regions: 2->0(2)
[2024-10-12T10:37:53.261+0800][info] GC(441) Survivor regions: 1->1(1)
[2024-10-12T10:37:53.261+0800][info] GC(441) Old regions: 53->55
[2024-10-12T10:37:53.261+0800][info] GC(441) Archive regions: 2->2
[2024-10-12T10:37:53.261+0800][info] GC(441) Humongous regions: 3->3
[2024-10-12T10:37:53.261+0800][info] GC(441) Metaspace: 1677K(1856K)->1677K(1856K) NonClass: 1552K(1664K)->1552K(1664K) Class: 124K(192K)->124K(192K)
[2024-10-12T10:37:53.261+0800][info] GC(441) Pause Young (Concurrent Start) (G1 Preventive Collection) 107M->108M(128M) 1.681ms
[2024-10-12T10:37:53.261+0800][info] GC(441) User=0.01s Sys=0.00s Real=0.00s
[2024-10-12T10:37:53.261+0800][info] GC(442) Concurrent Mark Cycle
[2024-10-12T10:37:53.261+0800][info] GC(442) Concurrent Clear Claimed Marks
[2024-10-12T10:37:53.261+0800][info] GC(442) Concurrent Clear Claimed Marks 0.017ms
[2024-10-12T10:37:53.261+0800][info] GC(442) Concurrent Scan Root Regions
[2024-10-12T10:37:53.261+0800][info] GC(442) Concurrent Scan Root Regions 0.119ms
[2024-10-12T10:37:53.261+0800][info] GC(442) Concurrent Mark
[2024-10-12T10:37:53.261+0800][info] GC(442) Concurrent Mark From Roots
[2024-10-12T10:37:53.261+0800][info] GC(442) Using 12 workers of 12 for marking
[2024-10-12T10:37:53.265+0800][info] GC(442) Concurrent Mark From Roots 3.937ms
[2024-10-12T10:37:53.265+0800][info] GC(442) Concurrent Preclean
[2024-10-12T10:37:53.267+0800][info] GC(442) Concurrent Preclean 1.800ms
[2024-10-12T10:37:53.267+0800][info] GC(442) Pause Remark
[2024-10-12T10:37:53.268+0800][info] GC(442) Pause Remark 109M->106M(128M) 1.508ms
[2024-10-12T10:37:53.268+0800][info] GC(442) User=0.00s Sys=0.00s Real=0.00s
[2024-10-12T10:37:53.269+0800][info] GC(442) Concurrent Mark 7.505ms
[2024-10-12T10:37:53.269+0800][info] GC(442) Concurrent Rebuild Remembered Sets
[2024-10-12T10:37:53.270+0800][info] GC(442) Concurrent Rebuild Remembered Sets 1.080ms
[2024-10-12T10:37:53.270+0800][info] GC(442) Pause Cleanup
[2024-10-12T10:37:53.270+0800][info] GC(442) Pause Cleanup 106M->106M(128M) 0.186ms
[2024-10-12T10:37:53.270+0800][info] GC(442) User=0.00s Sys=0.00s Real=0.00s
[2024-10-12T10:37:53.270+0800][info] GC(442) Concurrent Cleanup for Next Mark
[2024-10-12T10:37:53.270+0800][info] GC(442) Concurrent Cleanup for Next Mark 0.380ms
[2024-10-12T10:37:53.270+0800][info] GC(442) Concurrent Mark Cycle 9.521ms
[2024-10-12T10:37:53.414+0800][info] GC(443) Pause Young (Prepare Mixed) (G1 Preventive Collection)
[2024-10-12T10:37:53.414+0800][info] GC(443) Using 3 workers of 48 for evacuation
[2024-10-12T10:37:53.415+0800][info] GC(443)   Pre Evacuate Collection Set: 0.1ms
[2024-10-12T10:37:53.415+0800][info] GC(443)   Merge Heap Roots: 0.1ms
[2024-10-12T10:37:53.415+0800][info] GC(443)   Evacuate Collection Set: 0.8ms
[2024-10-12T10:37:53.415+0800][info] GC(443)   Post Evacuate Collection Set: 0.2ms
[2024-10-12T10:37:53.415+0800][info] GC(443)   Other: 0.2ms
[2024-10-12T10:37:53.415+0800][info] GC(443) Eden regions: 2->0(2)
[2024-10-12T10:37:53.415+0800][info] GC(443) Survivor regions: 1->1(1)
[2024-10-12T10:37:53.415+0800][info] GC(443) Old regions: 53->55
[2024-10-12T10:37:53.415+0800][info] GC(443) Archive regions: 2->2
[2024-10-12T10:37:53.415+0800][info] GC(443) Humongous regions: 3->3
[2024-10-12T10:37:53.415+0800][info] GC(443) Metaspace: 1677K(1856K)->1677K(1856K) NonClass: 1552K(1664K)->1552K(1664K) Class: 124K(192K)->124K(192K)
[2024-10-12T10:37:53.415+0800][info] GC(443) Pause Young (Prepare Mixed) (G1 Preventive Collection) 109M->109M(128M) 1.489ms
[2024-10-12T10:37:53.415+0800][info] GC(443) User=0.00s Sys=0.00s Real=0.00s
[2024-10-12T10:37:53.477+0800][info] GC(444) Pause Young (Mixed) (G1 Preventive Collection)
[2024-10-12T10:37:53.477+0800][info] GC(444) Using 3 workers of 48 for evacuation
[2024-10-12T10:37:53.478+0800][info] GC(444) To-space exhausted
[2024-10-12T10:37:53.478+0800][info] GC(444)   Pre Evacuate Collection Set: 0.1ms
[2024-10-12T10:37:53.478+0800][info] GC(444)   Merge Heap Roots: 0.1ms
[2024-10-12T10:37:53.478+0800][info] GC(444)   Evacuate Collection Set: 0.8ms
[2024-10-12T10:37:53.478+0800][info] GC(444)   Post Evacuate Collection Set: 0.2ms
[2024-10-12T10:37:53.478+0800][info] GC(444)   Other: 0.2ms
[2024-10-12T10:37:53.478+0800][info] GC(444) Eden regions: 1->0(2)
[2024-10-12T10:37:53.478+0800][info] GC(444) Survivor regions: 1->1(1)
[2024-10-12T10:37:53.478+0800][info] GC(444) Old regions: 55->54
[2024-10-12T10:37:53.478+0800][info] GC(444) Archive regions: 2->2
[2024-10-12T10:37:53.478+0800][info] GC(444) Humongous regions: 3->3
[2024-10-12T10:37:53.478+0800][info] GC(444) Metaspace: 1677K(1856K)->1677K(1856K) NonClass: 1552K(1664K)->1552K(1664K) Class: 124K(192K)->124K(192K)
[2024-10-12T10:37:53.478+0800][info] GC(444) Pause Young (Mixed) (G1 Preventive Collection) 111M->109M(128M) 1.489ms
[2024-10-12T10:37:53.478+0800][info] GC(444) User=0.01s Sys=0.00s Real=0.00s
[2024-10-12T10:37:53.519+0800][info] GC(445) Pause Young (Mixed) (G1 Preventive Collection)
[2024-10-12T10:37:53.519+0800][info] GC(445) Using 3 workers of 48 for evacuation
[2024-10-12T10:37:53.520+0800][info] GC(445) To-space exhausted
[2024-10-12T10:37:53.520+0800][info] GC(445)   Pre Evacuate Collection Set: 0.1ms
[2024-10-12T10:37:53.520+0800][info] GC(445)   Merge Heap Roots: 0.1ms
[2024-10-12T10:37:53.520+0800][info] GC(445)   Evacuate Collection Set: 0.9ms
[2024-10-12T10:37:53.520+0800][info] GC(445)   Post Evacuate Collection Set: 0.3ms
[2024-10-12T10:37:53.520+0800][info] GC(445)   Other: 0.2ms
[2024-10-12T10:37:53.520+0800][info] GC(445) Eden regions: 1->0(2)
[2024-10-12T10:37:53.520+0800][info] GC(445) Survivor regions: 1->1(1)
[2024-10-12T10:37:53.520+0800][info] GC(445) Old regions: 54->57
[2024-10-12T10:37:53.520+0800][info] GC(445) Archive regions: 2->2
[2024-10-12T10:37:53.520+0800][info] GC(445) Humongous regions: 3->3
[2024-10-12T10:37:53.520+0800][info] GC(445) Metaspace: 1677K(1856K)->1677K(1856K) NonClass: 1552K(1664K)->1552K(1664K) Class: 124K(192K)->124K(192K)
[2024-10-12T10:37:53.521+0800][info] GC(445) Pause Young (Mixed) (G1 Preventive Collection) 110M->114M(128M) 1.630ms
[2024-10-12T10:37:53.521+0800][info] GC(445) User=0.00s Sys=0.00s Real=0.00s
[2024-10-12T10:37:53.582+0800][info] GC(446) Pause Young (Mixed) (G1 Evacuation Pause)
[2024-10-12T10:37:53.582+0800][info] GC(446) Using 3 workers of 48 for evacuation
[2024-10-12T10:37:53.583+0800][info] GC(446) To-space exhausted
[2024-10-12T10:37:53.583+0800][info] GC(446)   Pre Evacuate Collection Set: 0.1ms
[2024-10-12T10:37:53.583+0800][info] GC(446)   Merge Heap Roots: 0.0ms
[2024-10-12T10:37:53.583+0800][info] GC(446)   Evacuate Collection Set: 0.3ms
[2024-10-12T10:37:53.583+0800][info] GC(446)   Post Evacuate Collection Set: 0.2ms
[2024-10-12T10:37:53.583+0800][info] GC(446)   Other: 0.2ms
[2024-10-12T10:37:53.583+0800][info] GC(446) Eden regions: 1->0(3)
[2024-10-12T10:37:53.583+0800][info] GC(446) Survivor regions: 1->0(0)
[2024-10-12T10:37:53.583+0800][info] GC(446) Old regions: 57->59
[2024-10-12T10:37:53.583+0800][info] GC(446) Archive regions: 2->2
[2024-10-12T10:37:53.583+0800][info] GC(446) Humongous regions: 3->3
[2024-10-12T10:37:53.583+0800][info] GC(446) Metaspace: 1677K(1856K)->1677K(1856K) NonClass: 1552K(1664K)->1552K(1664K) Class: 124K(192K)->124K(192K)
[2024-10-12T10:37:53.583+0800][info] GC(446) Pause Young (Mixed) (G1 Evacuation Pause) 116M->116M(128M) 0.918ms
[2024-10-12T10:37:53.583+0800][info] GC(446) User=0.00s Sys=0.00s Real=0.00s
[2024-10-12T10:37:53.583+0800][info] Attempting full compaction
[2024-10-12T10:37:53.583+0800][info] GC(447) Using 3 workers of 48 for full compaction
[2024-10-12T10:37:53.583+0800][info] GC(447) Pause Full (G1 Compaction Pause)
[2024-10-12T10:37:53.583+0800][info] GC(447) Phase 1: Mark live objects
[2024-10-12T10:37:53.586+0800][info] GC(447) Phase 1: Mark live objects 3.168ms
[2024-10-12T10:37:53.586+0800][info] GC(447) Phase 2: Prepare for compaction
[2024-10-12T10:37:53.587+0800][info] GC(447) Phase 2: Prepare for compaction 0.506ms
[2024-10-12T10:37:53.587+0800][info] GC(447) Phase 3: Adjust pointers
[2024-10-12T10:37:53.588+0800][info] GC(447) Phase 3: Adjust pointers 1.642ms
[2024-10-12T10:37:53.589+0800][info] GC(447) Phase 4: Compact heap
[2024-10-12T10:37:53.599+0800][info] GC(447) Phase 4: Compact heap 10.754ms
[2024-10-12T10:37:53.601+0800][info] GC(447) Eden regions: 0->0(4)
[2024-10-12T10:37:53.601+0800][info] GC(447) Survivor regions: 0->0(0)
[2024-10-12T10:37:53.601+0800][info] GC(447) Old regions: 59->38
[2024-10-12T10:37:53.601+0800][info] GC(447) Archive regions: 2->2
[2024-10-12T10:37:53.601+0800][info] GC(447) Humongous regions: 3->3
[2024-10-12T10:37:53.601+0800][info] GC(447) Metaspace: 1677K(1856K)->1677K(1856K) NonClass: 1552K(1664K)->1552K(1664K) Class: 124K(192K)->124K(192K)
[2024-10-12T10:37:53.601+0800][info] GC(447) Pause Full (G1 Compaction Pause) 116M->72M(128M) 17.819ms
[2024-10-12T10:37:53.601+0800][info] GC(447) User=0.04s Sys=0.00s Real=0.02s
[2024-10-12T10:37:53.806+0800][info] GC(448) Pause Young (Normal) (G1 Evacuation Pause)
[2024-10-12T10:37:53.806+0800][info] GC(448) Using 3 workers of 48 for evacuation
[2024-10-12T10:37:53.807+0800][info] GC(448)   Pre Evacuate Collection Set: 0.1ms
[2024-10-12T10:37:53.807+0800][info] GC(448)   Merge Heap Roots: 0.0ms
[2024-10-12T10:37:53.807+0800][info] GC(448)   Evacuate Collection Set: 1.1ms
[2024-10-12T10:37:53.807+0800][info] GC(448)   Post Evacuate Collection Set: 0.2ms
[2024-10-12T10:37:53.807+0800][info] GC(448)   Other: 0.2ms
[2024-10-12T10:37:53.807+0800][info] GC(448) Eden regions: 4->0(2)
[2024-10-12T10:37:53.807+0800][info] GC(448) Survivor regions: 0->1(1)
[2024-10-12T10:37:53.807+0800][info] GC(448) Old regions: 38->41
[2024-10-12T10:37:53.807+0800][info] GC(448) Archive regions: 2->2
[2024-10-12T10:37:53.807+0800][info] GC(448) Humongous regions: 3->3
[2024-10-12T10:37:53.807+0800][info] GC(448) Metaspace: 1677K(1856K)->1677K(1856K) NonClass: 1552K(1664K)->1552K(1664K) Class: 124K(192K)->124K(192K)
[2024-10-12T10:37:53.807+0800][info] GC(448) Pause Young (Normal) (G1 Evacuation Pause) 80M->79M(128M) 1.740ms
[2024-10-12T10:37:53.807+0800][info] GC(448) User=0.01s Sys=0.00s Real=0.00s
[2024-10-12T10:37:53.909+0800][info] GC(449) Pause Young (Normal) (G1 Evacuation Pause)
[2024-10-12T10:37:53.909+0800][info] GC(449) Using 3 workers of 48 for evacuation
[2024-10-12T10:37:53.911+0800][info] GC(449)   Pre Evacuate Collection Set: 0.1ms
[2024-10-12T10:37:53.911+0800][info] GC(449)   Merge Heap Roots: 0.0ms
[2024-10-12T10:37:53.911+0800][info] GC(449)   Evacuate Collection Set: 0.7ms
[2024-10-12T10:37:53.911+0800][info] GC(449)   Post Evacuate Collection Set: 0.2ms
[2024-10-12T10:37:53.911+0800][info] GC(449)   Other: 0.2ms
[2024-10-12T10:37:53.911+0800][info] GC(449) Eden regions: 2->0(2)
[2024-10-12T10:37:53.911+0800][info] GC(449) Survivor regions: 1->1(1)
[2024-10-12T10:37:53.911+0800][info] GC(449) Old regions: 41->43
[2024-10-12T10:37:53.911+0800][info] GC(449) Archive regions: 2->2
[2024-10-12T10:37:53.911+0800][info] GC(449) Humongous regions: 3->3
[2024-10-12T10:37:53.911+0800][info] GC(449) Metaspace: 1677K(1856K)->1677K(1856K) NonClass: 1552K(1664K)->1552K(1664K) Class: 124K(192K)->124K(192K)
[2024-10-12T10:37:53.911+0800][info] GC(449) Pause Young (Normal) (G1 Evacuation Pause) 83M->83M(128M) 1.373ms
[2024-10-12T10:37:53.911+0800][info] GC(449) User=0.00s Sys=0.00s Real=0.00s
[2024-10-12T10:37:54.013+0800][info] GC(450) Pause Young (Normal) (G1 Evacuation Pause)
[2024-10-12T10:37:54.013+0800][info] GC(450) Using 3 workers of 48 for evacuation
[2024-10-12T10:37:54.015+0800][info] GC(450)   Pre Evacuate Collection Set: 0.1ms
[2024-10-12T10:37:54.015+0800][info] GC(450)   Merge Heap Roots: 0.0ms
[2024-10-12T10:37:54.015+0800][info] GC(450)   Evacuate Collection Set: 0.7ms
[2024-10-12T10:37:54.015+0800][info] GC(450)   Post Evacuate Collection Set: 0.2ms
[2024-10-12T10:37:54.015+0800][info] GC(450)   Other: 0.2ms
[2024-10-12T10:37:54.015+0800][info] GC(450) Eden regions: 2->0(2)
[2024-10-12T10:37:54.015+0800][info] GC(450) Survivor regions: 1->1(1)
[2024-10-12T10:37:54.015+0800][info] GC(450) Old regions: 43->45
[2024-10-12T10:37:54.015+0800][info] GC(450) Archive regions: 2->2
[2024-10-12T10:37:54.015+0800][info] GC(450) Humongous regions: 4->4
[2024-10-12T10:37:54.015+0800][info] GC(450) Metaspace: 1677K(1856K)->1677K(1856K) NonClass: 1552K(1664K)->1552K(1664K) Class: 124K(192K)->124K(192K)
[2024-10-12T10:37:54.015+0800][info] GC(450) Pause Young (Normal) (G1 Evacuation Pause) 89M->89M(128M) 1.322ms
[2024-10-12T10:37:54.015+0800][info] GC(450) User=0.01s Sys=0.00s Real=0.00s
[2024-10-12T10:37:54.117+0800][info] GC(451) Pause Young (Normal) (G1 Evacuation Pause)
[2024-10-12T10:37:54.117+0800][info] GC(451) Using 3 workers of 48 for evacuation
[2024-10-12T10:37:54.118+0800][info] GC(451)   Pre Evacuate Collection Set: 0.1ms
[2024-10-12T10:37:54.118+0800][info] GC(451)   Merge Heap Roots: 0.0ms
[2024-10-12T10:37:54.118+0800][info] GC(451)   Evacuate Collection Set: 0.8ms
[2024-10-12T10:37:54.118+0800][info] GC(451)   Post Evacuate Collection Set: 0.2ms
[2024-10-12T10:37:54.118+0800][info] GC(451)   Other: 0.2ms
[2024-10-12T10:37:54.118+0800][info] GC(451) Eden regions: 2->0(2)
[2024-10-12T10:37:54.118+0800][info] GC(451) Survivor regions: 1->1(1)
[2024-10-12T10:37:54.118+0800][info] GC(451) Old regions: 45->47
[2024-10-12T10:37:54.118+0800][info] GC(451) Archive regions: 2->2
[2024-10-12T10:37:54.118+0800][info] GC(451) Humongous regions: 4->4
[2024-10-12T10:37:54.118+0800][info] GC(451) Metaspace: 1677K(1856K)->1677K(1856K) NonClass: 1552K(1664K)->1552K(1664K) Class: 124K(192K)->124K(192K)
[2024-10-12T10:37:54.118+0800][info] GC(451) Pause Young (Normal) (G1 Evacuation Pause) 93M->93M(128M) 1.367ms
[2024-10-12T10:37:54.118+0800][info] GC(451) User=0.00s Sys=0.00s Real=0.00s
[2024-10-12T10:37:54.220+0800][info] GC(452) Pause Young (Concurrent Start) (G1 Evacuation Pause)
[2024-10-12T10:37:54.220+0800][info] GC(452) Using 3 workers of 48 for evacuation
[2024-10-12T10:37:54.222+0800][info] GC(452)   Pre Evacuate Collection Set: 0.1ms
[2024-10-12T10:37:54.222+0800][info] GC(452)   Merge Heap Roots: 0.0ms
[2024-10-12T10:37:54.222+0800][info] GC(452)   Evacuate Collection Set: 0.8ms
[2024-10-12T10:37:54.222+0800][info] GC(452)   Post Evacuate Collection Set: 0.2ms
[2024-10-12T10:37:54.222+0800][info] GC(452)   Other: 0.4ms
[2024-10-12T10:37:54.222+0800][info] GC(452) Eden regions: 2->0(2)
[2024-10-12T10:37:54.222+0800][info] GC(452) Survivor regions: 1->1(1)
[2024-10-12T10:37:54.222+0800][info] GC(452) Old regions: 47->49
[2024-10-12T10:37:54.222+0800][info] GC(452) Archive regions: 2->2
[2024-10-12T10:37:54.222+0800][info] GC(452) Humongous regions: 4->4
[2024-10-12T10:37:54.222+0800][info] GC(452) Metaspace: 1677K(1856K)->1677K(1856K) NonClass: 1552K(1664K)->1552K(1664K) Class: 124K(192K)->124K(192K)
[2024-10-12T10:37:54.222+0800][info] GC(452) Pause Young (Concurrent Start) (G1 Evacuation Pause) 96M->97M(128M) 1.544ms
[2024-10-12T10:37:54.222+0800][info] GC(452) User=0.01s Sys=0.00s Real=0.00s
[2024-10-12T10:37:54.222+0800][info] GC(453) Concurrent Mark Cycle
[2024-10-12T10:37:54.222+0800][info] GC(453) Concurrent Clear Claimed Marks
[2024-10-12T10:37:54.222+0800][info] GC(453) Concurrent Clear Claimed Marks 0.042ms
[2024-10-12T10:37:54.222+0800][info] GC(453) Concurrent Scan Root Regions
[2024-10-12T10:37:54.222+0800][info] GC(453) Concurrent Scan Root Regions 0.159ms
[2024-10-12T10:37:54.222+0800][info] GC(453) Concurrent Mark
[2024-10-12T10:37:54.222+0800][info] GC(453) Concurrent Mark From Roots
[2024-10-12T10:37:54.222+0800][info] GC(453) Using 12 workers of 12 for marking
[2024-10-12T10:37:54.226+0800][info] GC(453) Concurrent Mark From Roots 3.961ms
[2024-10-12T10:37:54.226+0800][info] GC(453) Concurrent Preclean
[2024-10-12T10:37:54.228+0800][info] GC(453) Concurrent Preclean 1.705ms
[2024-10-12T10:37:54.228+0800][info] GC(453) Pause Remark
[2024-10-12T10:37:54.229+0800][info] GC(453) Pause Remark 97M->94M(128M) 1.526ms
[2024-10-12T10:37:54.230+0800][info] GC(453) User=0.01s Sys=0.00s Real=0.00s
[2024-10-12T10:37:54.230+0800][info] GC(453) Concurrent Mark 7.501ms
[2024-10-12T10:37:54.230+0800][info] GC(453) Concurrent Rebuild Remembered Sets
[2024-10-12T10:37:54.231+0800][info] GC(453) Concurrent Rebuild Remembered Sets 1.624ms
[2024-10-12T10:37:54.231+0800][info] GC(453) Pause Cleanup
[2024-10-12T10:37:54.232+0800][info] GC(453) Pause Cleanup 94M->94M(128M) 0.207ms
[2024-10-12T10:37:54.232+0800][info] GC(453) User=0.00s Sys=0.00s Real=0.00s
[2024-10-12T10:37:54.232+0800][info] GC(453) Concurrent Cleanup for Next Mark
[2024-10-12T10:37:54.232+0800][info] GC(453) Concurrent Cleanup for Next Mark 0.359ms
[2024-10-12T10:37:54.232+0800][info] GC(453) Concurrent Mark Cycle 10.240ms
[2024-10-12T10:37:54.374+0800][info] GC(454) Pause Young (Prepare Mixed) (G1 Evacuation Pause)
[2024-10-12T10:37:54.374+0800][info] GC(454) Using 3 workers of 48 for evacuation
[2024-10-12T10:37:54.376+0800][info] GC(454)   Pre Evacuate Collection Set: 0.1ms
[2024-10-12T10:37:54.376+0800][info] GC(454)   Merge Heap Roots: 0.1ms
[2024-10-12T10:37:54.376+0800][info] GC(454)   Evacuate Collection Set: 0.8ms
[2024-10-12T10:37:54.376+0800][info] GC(454)   Post Evacuate Collection Set: 0.2ms
[2024-10-12T10:37:54.376+0800][info] GC(454)   Other: 0.2ms
[2024-10-12T10:37:54.376+0800][info] GC(454) Eden regions: 2->0(2)
[2024-10-12T10:37:54.376+0800][info] GC(454) Survivor regions: 1->1(1)
[2024-10-12T10:37:54.376+0800][info] GC(454) Old regions: 48->50
[2024-10-12T10:37:54.376+0800][info] GC(454) Archive regions: 2->2
[2024-10-12T10:37:54.376+0800][info] GC(454) Humongous regions: 3->3
[2024-10-12T10:37:54.376+0800][info] GC(454) Metaspace: 1677K(1856K)->1677K(1856K) NonClass: 1552K(1664K)->1552K(1664K) Class: 124K(192K)->124K(192K)
[2024-10-12T10:37:54.376+0800][info] GC(454) Pause Young (Prepare Mixed) (G1 Evacuation Pause) 97M->97M(128M) 1.450ms
[2024-10-12T10:37:54.376+0800][info] GC(454) User=0.00s Sys=0.00s Real=0.00s
[2024-10-12T10:37:54.478+0800][info] GC(455) Pause Young (Mixed) (G1 Evacuation Pause)
[2024-10-12T10:37:54.478+0800][info] GC(455) Using 3 workers of 48 for evacuation
[2024-10-12T10:37:54.480+0800][info] GC(455)   Pre Evacuate Collection Set: 0.1ms
[2024-10-12T10:37:54.480+0800][info] GC(455)   Merge Heap Roots: 0.1ms
[2024-10-12T10:37:54.480+0800][info] GC(455)   Evacuate Collection Set: 1.5ms
[2024-10-12T10:37:54.480+0800][info] GC(455)   Post Evacuate Collection Set: 0.2ms
[2024-10-12T10:37:54.480+0800][info] GC(455)   Other: 0.2ms
[2024-10-12T10:37:54.480+0800][info] GC(455) Eden regions: 2->0(2)
[2024-10-12T10:37:54.480+0800][info] GC(455) Survivor regions: 1->1(1)
[2024-10-12T10:37:54.480+0800][info] GC(455) Old regions: 50->48
[2024-10-12T10:37:54.480+0800][info] GC(455) Archive regions: 2->2
[2024-10-12T10:37:54.480+0800][info] GC(455) Humongous regions: 3->3
[2024-10-12T10:37:54.480+0800][info] GC(455) Metaspace: 1677K(1856K)->1677K(1856K) NonClass: 1552K(1664K)->1552K(1664K) Class: 124K(192K)->124K(192K)
[2024-10-12T10:37:54.480+0800][info] GC(455) Pause Young (Mixed) (G1 Evacuation Pause) 101M->97M(128M) 2.181ms
[2024-10-12T10:37:54.480+0800][info] GC(455) User=0.00s Sys=0.01s Real=0.00s
[2024-10-12T10:37:54.582+0800][info] GC(456) Pause Young (Mixed) (G1 Evacuation Pause)
[2024-10-12T10:37:54.582+0800][info] GC(456) Using 3 workers of 48 for evacuation
[2024-10-12T10:37:54.584+0800][info] GC(456)   Pre Evacuate Collection Set: 0.1ms
[2024-10-12T10:37:54.584+0800][info] GC(456)   Merge Heap Roots: 0.0ms
[2024-10-12T10:37:54.584+0800][info] GC(456)   Evacuate Collection Set: 1.0ms
[2024-10-12T10:37:54.584+0800][info] GC(456)   Post Evacuate Collection Set: 0.2ms
[2024-10-12T10:37:54.584+0800][info] GC(456)   Other: 0.2ms
[2024-10-12T10:37:54.584+0800][info] GC(456) Eden regions: 2->0(2)
[2024-10-12T10:37:54.584+0800][info] GC(456) Survivor regions: 1->1(1)
[2024-10-12T10:37:54.584+0800][info] GC(456) Old regions: 48->48
[2024-10-12T10:37:54.584+0800][info] GC(456) Archive regions: 2->2
[2024-10-12T10:37:54.584+0800][info] GC(456) Humongous regions: 3->3
[2024-10-12T10:37:54.584+0800][info] GC(456) Metaspace: 1677K(1856K)->1677K(1856K) NonClass: 1552K(1664K)->1552K(1664K) Class: 124K(192K)->124K(192K)
[2024-10-12T10:37:54.584+0800][info] GC(456) Pause Young (Mixed) (G1 Evacuation Pause) 100M->97M(128M) 1.598ms
[2024-10-12T10:37:54.584+0800][info] GC(456) User=0.00s Sys=0.00s Real=0.00s
[2024-10-12T10:37:54.686+0800][info] GC(457) Pause Young (Normal) (G1 Evacuation Pause)
[2024-10-12T10:37:54.686+0800][info] GC(457) Using 3 workers of 48 for evacuation
[2024-10-12T10:37:54.687+0800][info] GC(457)   Pre Evacuate Collection Set: 0.1ms
[2024-10-12T10:37:54.687+0800][info] GC(457)   Merge Heap Roots: 0.0ms
[2024-10-12T10:37:54.687+0800][info] GC(457)   Evacuate Collection Set: 0.7ms
[2024-10-12T10:37:54.687+0800][info] GC(457)   Post Evacuate Collection Set: 0.2ms
[2024-10-12T10:37:54.687+0800][info] GC(457)   Other: 0.2ms
[2024-10-12T10:37:54.687+0800][info] GC(457) Eden regions: 2->0(2)
[2024-10-12T10:37:54.687+0800][info] GC(457) Survivor regions: 1->1(1)
[2024-10-12T10:37:54.687+0800][info] GC(457) Old regions: 48->50
[2024-10-12T10:37:54.687+0800][info] GC(457) Archive regions: 2->2
[2024-10-12T10:37:54.687+0800][info] GC(457) Humongous regions: 3->3
[2024-10-12T10:37:54.687+0800][info] GC(457) Metaspace: 1677K(1856K)->1677K(1856K) NonClass: 1552K(1664K)->1552K(1664K) Class: 124K(192K)->124K(192K)
[2024-10-12T10:37:54.687+0800][info] GC(457) Pause Young (Normal) (G1 Evacuation Pause) 101M->101M(128M) 1.246ms
[2024-10-12T10:37:54.687+0800][info] GC(457) User=0.00s Sys=0.00s Real=0.00s
[2024-10-12T10:37:54.789+0800][info] GC(458) Pause Young (Concurrent Start) (G1 Evacuation Pause)
[2024-10-12T10:37:54.789+0800][info] GC(458) Using 3 workers of 48 for evacuation
[2024-10-12T10:37:54.790+0800][info] GC(458)   Pre Evacuate Collection Set: 0.1ms
[2024-10-12T10:37:54.790+0800][info] GC(458)   Merge Heap Roots: 0.0ms
[2024-10-12T10:37:54.790+0800][info] GC(458)   Evacuate Collection Set: 0.7ms
[2024-10-12T10:37:54.790+0800][info] GC(458)   Post Evacuate Collection Set: 0.2ms
[2024-10-12T10:37:54.790+0800][info] GC(458)   Other: 0.4ms
[2024-10-12T10:37:54.790+0800][info] GC(458) Eden regions: 2->0(2)
[2024-10-12T10:37:54.790+0800][info] GC(458) Survivor regions: 1->1(1)
[2024-10-12T10:37:54.791+0800][info] GC(458) Old regions: 50->52
[2024-10-12T10:37:54.791+0800][info] GC(458) Archive regions: 2->2
[2024-10-12T10:37:54.791+0800][info] GC(458) Humongous regions: 3->3
[2024-10-12T10:37:54.791+0800][info] GC(458) Metaspace: 1677K(1856K)->1677K(1856K) NonClass: 1552K(1664K)->1552K(1664K) Class: 124K(192K)->124K(192K)
[2024-10-12T10:37:54.791+0800][info] GC(458) Pause Young (Concurrent Start) (G1 Evacuation Pause) 105M->105M(128M) 1.535ms
[2024-10-12T10:37:54.791+0800][info] GC(458) User=0.00s Sys=0.00s Real=0.00s
[2024-10-12T10:37:54.791+0800][info] GC(459) Concurrent Mark Cycle
[2024-10-12T10:37:54.791+0800][info] GC(459) Concurrent Clear Claimed Marks
[2024-10-12T10:37:54.791+0800][info] GC(459) Concurrent Clear Claimed Marks 0.017ms
[2024-10-12T10:37:54.791+0800][info] GC(459) Concurrent Scan Root Regions
[2024-10-12T10:37:54.791+0800][info] GC(459) Concurrent Scan Root Regions 0.148ms
[2024-10-12T10:37:54.791+0800][info] GC(459) Concurrent Mark
[2024-10-12T10:37:54.791+0800][info] GC(459) Concurrent Mark From Roots
[2024-10-12T10:37:54.791+0800][info] GC(459) Using 12 workers of 12 for marking
[2024-10-12T10:37:54.795+0800][info] GC(459) Concurrent Mark From Roots 3.720ms
[2024-10-12T10:37:54.795+0800][info] GC(459) Concurrent Preclean
[2024-10-12T10:37:54.796+0800][info] GC(459) Concurrent Preclean 1.685ms
[2024-10-12T10:37:54.797+0800][info] GC(459) Pause Remark
[2024-10-12T10:37:54.798+0800][info] GC(459) Pause Remark 105M->105M(128M) 1.454ms
[2024-10-12T10:37:54.798+0800][info] GC(459) User=0.00s Sys=0.00s Real=0.00s
[2024-10-12T10:37:54.798+0800][info] GC(459) Concurrent Mark 7.181ms
[2024-10-12T10:37:54.798+0800][info] GC(459) Concurrent Rebuild Remembered Sets
[2024-10-12T10:37:54.799+0800][info] GC(459) Concurrent Rebuild Remembered Sets 1.147ms
[2024-10-12T10:37:54.799+0800][info] GC(459) Pause Cleanup
[2024-10-12T10:37:54.800+0800][info] GC(459) Pause Cleanup 105M->105M(128M) 0.282ms
[2024-10-12T10:37:54.800+0800][info] GC(459) User=0.00s Sys=0.00s Real=0.00s
[2024-10-12T10:37:54.800+0800][info] GC(459) Concurrent Cleanup for Next Mark
[2024-10-12T10:37:54.800+0800][info] GC(459) Concurrent Cleanup for Next Mark 0.395ms
[2024-10-12T10:37:54.800+0800][info] GC(459) Concurrent Mark Cycle 9.506ms
[2024-10-12T10:37:54.944+0800][info] GC(460) Pause Young (Prepare Mixed) (G1 Preventive Collection)
[2024-10-12T10:37:54.944+0800][info] GC(460) Using 3 workers of 48 for evacuation
[2024-10-12T10:37:54.945+0800][info] GC(460)   Pre Evacuate Collection Set: 0.1ms
[2024-10-12T10:37:54.945+0800][info] GC(460)   Merge Heap Roots: 0.1ms
[2024-10-12T10:37:54.945+0800][info] GC(460)   Evacuate Collection Set: 0.9ms
[2024-10-12T10:37:54.945+0800][info] GC(460)   Post Evacuate Collection Set: 0.2ms
[2024-10-12T10:37:54.945+0800][info] GC(460)   Other: 0.2ms
[2024-10-12T10:37:54.945+0800][info] GC(460) Eden regions: 2->0(2)
[2024-10-12T10:37:54.945+0800][info] GC(460) Survivor regions: 1->1(1)
[2024-10-12T10:37:54.945+0800][info] GC(460) Old regions: 52->54
[2024-10-12T10:37:54.945+0800][info] GC(460) Archive regions: 2->2
[2024-10-12T10:37:54.945+0800][info] GC(460) Humongous regions: 3->3
[2024-10-12T10:37:54.945+0800][info] GC(460) Metaspace: 1677K(1856K)->1677K(1856K) NonClass: 1552K(1664K)->1552K(1664K) Class: 124K(192K)->124K(192K)
[2024-10-12T10:37:54.945+0800][info] GC(460) Pause Young (Prepare Mixed) (G1 Preventive Collection) 108M->109M(128M) 1.621ms
[2024-10-12T10:37:54.945+0800][info] GC(460) User=0.00s Sys=0.00s Real=0.01s
[2024-10-12T10:37:55.007+0800][info] GC(461) Pause Young (Mixed) (G1 Preventive Collection)
[2024-10-12T10:37:55.007+0800][info] GC(461) Using 3 workers of 48 for evacuation
[2024-10-12T10:37:55.008+0800][info] GC(461) To-space exhausted
[2024-10-12T10:37:55.008+0800][info] GC(461)   Pre Evacuate Collection Set: 0.2ms
[2024-10-12T10:37:55.008+0800][info] GC(461)   Merge Heap Roots: 0.1ms
[2024-10-12T10:37:55.008+0800][info] GC(461)   Evacuate Collection Set: 1.0ms
[2024-10-12T10:37:55.008+0800][info] GC(461)   Post Evacuate Collection Set: 0.2ms
[2024-10-12T10:37:55.008+0800][info] GC(461)   Other: 0.2ms
[2024-10-12T10:37:55.008+0800][info] GC(461) Eden regions: 1->0(2)
[2024-10-12T10:37:55.008+0800][info] GC(461) Survivor regions: 1->1(1)
[2024-10-12T10:37:55.008+0800][info] GC(461) Old regions: 54->52
[2024-10-12T10:37:55.008+0800][info] GC(461) Archive regions: 2->2
[2024-10-12T10:37:55.008+0800][info] GC(461) Humongous regions: 3->3
[2024-10-12T10:37:55.008+0800][info] GC(461) Metaspace: 1677K(1856K)->1677K(1856K) NonClass: 1552K(1664K)->1552K(1664K) Class: 124K(192K)->124K(192K)
[2024-10-12T10:37:55.008+0800][info] GC(461) Pause Young (Mixed) (G1 Preventive Collection) 111M->107M(128M) 1.769ms
[2024-10-12T10:37:55.008+0800][info] GC(461) User=0.00s Sys=0.01s Real=0.00s
[2024-10-12T10:37:55.049+0800][info] GC(462) Pause Young (Mixed) (G1 Preventive Collection)
[2024-10-12T10:37:55.049+0800][info] GC(462) Using 3 workers of 48 for evacuation
[2024-10-12T10:37:55.051+0800][info] GC(462)   Pre Evacuate Collection Set: 0.1ms
[2024-10-12T10:37:55.051+0800][info] GC(462)   Merge Heap Roots: 0.1ms
[2024-10-12T10:37:55.051+0800][info] GC(462)   Evacuate Collection Set: 1.4ms
[2024-10-12T10:37:55.051+0800][info] GC(462)   Post Evacuate Collection Set: 0.2ms
[2024-10-12T10:37:55.051+0800][info] GC(462)   Other: 0.2ms
[2024-10-12T10:37:55.051+0800][info] GC(462) Eden regions: 1->0(2)
[2024-10-12T10:37:55.051+0800][info] GC(462) Survivor regions: 1->1(1)
[2024-10-12T10:37:55.051+0800][info] GC(462) Old regions: 52->49
[2024-10-12T10:37:55.051+0800][info] GC(462) Archive regions: 2->2
[2024-10-12T10:37:55.051+0800][info] GC(462) Humongous regions: 3->3
[2024-10-12T10:37:55.051+0800][info] GC(462) Metaspace: 1677K(1856K)->1677K(1856K) NonClass: 1552K(1664K)->1552K(1664K) Class: 124K(192K)->124K(192K)
[2024-10-12T10:37:55.051+0800][info] GC(462) Pause Young (Mixed) (G1 Preventive Collection) 109M->102M(128M) 2.098ms
[2024-10-12T10:37:55.051+0800][info] GC(462) User=0.01s Sys=0.00s Real=0.00s
[2024-10-12T10:37:55.154+0800][info] GC(463) Pause Young (Mixed) (G1 Evacuation Pause)
[2024-10-12T10:37:55.154+0800][info] GC(463) Using 3 workers of 48 for evacuation
[2024-10-12T10:37:55.155+0800][info] GC(463)   Pre Evacuate Collection Set: 0.1ms
[2024-10-12T10:37:55.155+0800][info] GC(463)   Merge Heap Roots: 0.0ms
[2024-10-12T10:37:55.155+0800][info] GC(463)   Evacuate Collection Set: 1.3ms
[2024-10-12T10:37:55.155+0800][info] GC(463)   Post Evacuate Collection Set: 0.2ms
[2024-10-12T10:37:55.155+0800][info] GC(463)   Other: 0.2ms
[2024-10-12T10:37:55.156+0800][info] GC(463) Eden regions: 2->0(2)
[2024-10-12T10:37:55.156+0800][info] GC(463) Survivor regions: 1->1(1)
[2024-10-12T10:37:55.156+0800][info] GC(463) Old regions: 49->50
[2024-10-12T10:37:55.156+0800][info] GC(463) Archive regions: 2->2
[2024-10-12T10:37:55.156+0800][info] GC(463) Humongous regions: 3->3
[2024-10-12T10:37:55.156+0800][info] GC(463) Metaspace: 1677K(1856K)->1677K(1856K) NonClass: 1552K(1664K)->1552K(1664K) Class: 124K(192K)->124K(192K)
[2024-10-12T10:37:55.156+0800][info] GC(463) Pause Young (Mixed) (G1 Evacuation Pause) 106M->104M(128M) 1.923ms
[2024-10-12T10:37:55.156+0800][info] GC(463) User=0.00s Sys=0.00s Real=0.00s
[2024-10-12T10:37:55.258+0800][info] GC(464) Pause Young (Concurrent Start) (G1 Evacuation Pause)
[2024-10-12T10:37:55.258+0800][info] GC(464) Using 3 workers of 48 for evacuation
[2024-10-12T10:37:55.259+0800][info] GC(464)   Pre Evacuate Collection Set: 0.1ms
[2024-10-12T10:37:55.259+0800][info] GC(464)   Merge Heap Roots: 0.0ms
[2024-10-12T10:37:55.259+0800][info] GC(464)   Evacuate Collection Set: 0.8ms
[2024-10-12T10:37:55.259+0800][info] GC(464)   Post Evacuate Collection Set: 0.2ms
[2024-10-12T10:37:55.259+0800][info] GC(464)   Other: 0.4ms
[2024-10-12T10:37:55.259+0800][info] GC(464) Eden regions: 2->0(2)
[2024-10-12T10:37:55.259+0800][info] GC(464) Survivor regions: 1->1(1)
[2024-10-12T10:37:55.259+0800][info] GC(464) Old regions: 50->52
[2024-10-12T10:37:55.259+0800][info] GC(464) Archive regions: 2->2
[2024-10-12T10:37:55.259+0800][info] GC(464) Humongous regions: 3->3
[2024-10-12T10:37:55.259+0800][info] GC(464) Metaspace: 1677K(1856K)->1677K(1856K) NonClass: 1552K(1664K)->1552K(1664K) Class: 124K(192K)->124K(192K)
[2024-10-12T10:37:55.259+0800][info] GC(464) Pause Young (Concurrent Start) (G1 Evacuation Pause) 108M->108M(128M) 1.572ms
[2024-10-12T10:37:55.259+0800][info] GC(464) User=0.00s Sys=0.00s Real=0.00s
[2024-10-12T10:37:55.259+0800][info] GC(465) Concurrent Mark Cycle
[2024-10-12T10:37:55.259+0800][info] GC(465) Concurrent Clear Claimed Marks
[2024-10-12T10:37:55.259+0800][info] GC(465) Concurrent Clear Claimed Marks 0.030ms
[2024-10-12T10:37:55.259+0800][info] GC(465) Concurrent Scan Root Regions
[2024-10-12T10:37:55.259+0800][info] GC(465) Concurrent Scan Root Regions 0.107ms
[2024-10-12T10:37:55.259+0800][info] GC(465) Concurrent Mark
[2024-10-12T10:37:55.260+0800][info] GC(465) Concurrent Mark From Roots
[2024-10-12T10:37:55.260+0800][info] GC(465) Using 12 workers of 12 for marking
[2024-10-12T10:37:55.263+0800][info] GC(465) Concurrent Mark From Roots 3.749ms
[2024-10-12T10:37:55.263+0800][info] GC(465) Concurrent Preclean
[2024-10-12T10:37:55.265+0800][info] GC(465) Concurrent Preclean 1.713ms
[2024-10-12T10:37:55.265+0800][info] GC(465) Pause Remark
[2024-10-12T10:37:55.267+0800][info] GC(465) Pause Remark 109M->107M(128M) 1.624ms
[2024-10-12T10:37:55.267+0800][info] GC(465) User=0.01s Sys=0.00s Real=0.00s
[2024-10-12T10:37:55.267+0800][info] GC(465) Concurrent Mark 7.384ms
[2024-10-12T10:37:55.267+0800][info] GC(465) Concurrent Rebuild Remembered Sets
[2024-10-12T10:37:55.268+0800][info] GC(465) Concurrent Rebuild Remembered Sets 1.112ms
[2024-10-12T10:37:55.268+0800][info] GC(465) Pause Cleanup
[2024-10-12T10:37:55.268+0800][info] GC(465) Pause Cleanup 107M->107M(128M) 0.277ms
[2024-10-12T10:37:55.268+0800][info] GC(465) User=0.00s Sys=0.00s Real=0.00s
[2024-10-12T10:37:55.269+0800][info] GC(465) Concurrent Cleanup for Next Mark
[2024-10-12T10:37:55.269+0800][info] GC(465) Concurrent Cleanup for Next Mark 0.381ms
[2024-10-12T10:37:55.269+0800][info] GC(465) Concurrent Mark Cycle 9.639ms
[2024-10-12T10:37:55.412+0800][info] GC(466) Pause Young (Prepare Mixed) (G1 Evacuation Pause)
[2024-10-12T10:37:55.412+0800][info] GC(466) Using 3 workers of 48 for evacuation
[2024-10-12T10:37:55.414+0800][info] GC(466)   Pre Evacuate Collection Set: 0.1ms
[2024-10-12T10:37:55.414+0800][info] GC(466)   Merge Heap Roots: 0.1ms
[2024-10-12T10:37:55.414+0800][info] GC(466)   Evacuate Collection Set: 0.7ms
[2024-10-12T10:37:55.414+0800][info] GC(466)   Post Evacuate Collection Set: 0.2ms
[2024-10-12T10:37:55.414+0800][info] GC(466)   Other: 0.2ms
[2024-10-12T10:37:55.414+0800][info] GC(466) Eden regions: 2->0(2)
[2024-10-12T10:37:55.414+0800][info] GC(466) Survivor regions: 1->1(1)
[2024-10-12T10:37:55.414+0800][info] GC(466) Old regions: 51->53
[2024-10-12T10:37:55.414+0800][info] GC(466) Archive regions: 2->2
[2024-10-12T10:37:55.414+0800][info] GC(466) Humongous regions: 3->3
[2024-10-12T10:37:55.414+0800][info] GC(466) Metaspace: 1677K(1856K)->1677K(1856K) NonClass: 1552K(1664K)->1552K(1664K) Class: 124K(192K)->124K(192K)
[2024-10-12T10:37:55.414+0800][info] GC(466) Pause Young (Prepare Mixed) (G1 Evacuation Pause) 110M->110M(128M) 1.363ms
[2024-10-12T10:37:55.414+0800][info] GC(466) User=0.00s Sys=0.00s Real=0.01s
[2024-10-12T10:37:55.475+0800][info] GC(467) Pause Young (Mixed) (G1 Preventive Collection)
[2024-10-12T10:37:55.475+0800][info] GC(467) Using 3 workers of 48 for evacuation
[2024-10-12T10:37:55.477+0800][info] GC(467)   Pre Evacuate Collection Set: 0.1ms
[2024-10-12T10:37:55.477+0800][info] GC(467)   Merge Heap Roots: 0.1ms
[2024-10-12T10:37:55.477+0800][info] GC(467)   Evacuate Collection Set: 1.0ms
[2024-10-12T10:37:55.477+0800][info] GC(467)   Post Evacuate Collection Set: 0.2ms
[2024-10-12T10:37:55.477+0800][info] GC(467)   Other: 0.2ms
[2024-10-12T10:37:55.477+0800][info] GC(467) Eden regions: 1->0(2)
[2024-10-12T10:37:55.477+0800][info] GC(467) Survivor regions: 1->1(1)
[2024-10-12T10:37:55.477+0800][info] GC(467) Old regions: 53->49
[2024-10-12T10:37:55.477+0800][info] GC(467) Archive regions: 2->2
[2024-10-12T10:37:55.477+0800][info] GC(467) Humongous regions: 3->3
[2024-10-12T10:37:55.477+0800][info] GC(467) Metaspace: 1677K(1856K)->1677K(1856K) NonClass: 1552K(1664K)->1552K(1664K) Class: 124K(192K)->124K(192K)
[2024-10-12T10:37:55.477+0800][info] GC(467) Pause Young (Mixed) (G1 Preventive Collection) 112M->104M(128M) 1.735ms
[2024-10-12T10:37:55.477+0800][info] GC(467) User=0.01s Sys=0.00s Real=0.00s
[2024-10-12T10:37:55.579+0800][info] GC(468) Pause Young (Mixed) (G1 Evacuation Pause)
[2024-10-12T10:37:55.579+0800][info] GC(468) Using 3 workers of 48 for evacuation
[2024-10-12T10:37:55.581+0800][info] GC(468)   Pre Evacuate Collection Set: 0.1ms
[2024-10-12T10:37:55.581+0800][info] GC(468)   Merge Heap Roots: 0.1ms
[2024-10-12T10:37:55.581+0800][info] GC(468)   Evacuate Collection Set: 1.4ms
[2024-10-12T10:37:55.581+0800][info] GC(468)   Post Evacuate Collection Set: 0.2ms
[2024-10-12T10:37:55.581+0800][info] GC(468)   Other: 0.2ms
[2024-10-12T10:37:55.581+0800][info] GC(468) Eden regions: 2->0(2)
[2024-10-12T10:37:55.581+0800][info] GC(468) Survivor regions: 1->1(1)
[2024-10-12T10:37:55.581+0800][info] GC(468) Old regions: 49->48
[2024-10-12T10:37:55.581+0800][info] GC(468) Archive regions: 2->2
[2024-10-12T10:37:55.581+0800][info] GC(468) Humongous regions: 3->3
[2024-10-12T10:37:55.581+0800][info] GC(468) Metaspace: 1677K(1856K)->1677K(1856K) NonClass: 1552K(1664K)->1552K(1664K) Class: 124K(192K)->124K(192K)
[2024-10-12T10:37:55.581+0800][info] GC(468) Pause Young (Mixed) (G1 Evacuation Pause) 107M->102M(128M) 2.064ms
[2024-10-12T10:37:55.581+0800][info] GC(468) User=0.00s Sys=0.00s Real=0.00s
[2024-10-12T10:37:55.683+0800][info] GC(469) Pause Young (Normal) (G1 Evacuation Pause)
[2024-10-12T10:37:55.683+0800][info] GC(469) Using 3 workers of 48 for evacuation
[2024-10-12T10:37:55.684+0800][info] GC(469)   Pre Evacuate Collection Set: 0.1ms
[2024-10-12T10:37:55.684+0800][info] GC(469)   Merge Heap Roots: 0.0ms
[2024-10-12T10:37:55.684+0800][info] GC(469)   Evacuate Collection Set: 0.7ms
[2024-10-12T10:37:55.684+0800][info] GC(469)   Post Evacuate Collection Set: 0.2ms
[2024-10-12T10:37:55.684+0800][info] GC(469)   Other: 0.2ms
[2024-10-12T10:37:55.684+0800][info] GC(469) Eden regions: 2->0(2)
[2024-10-12T10:37:55.684+0800][info] GC(469) Survivor regions: 1->1(1)
[2024-10-12T10:37:55.684+0800][info] GC(469) Old regions: 48->50
[2024-10-12T10:37:55.684+0800][info] GC(469) Archive regions: 2->2
[2024-10-12T10:37:55.684+0800][info] GC(469) Humongous regions: 3->3
[2024-10-12T10:37:55.684+0800][info] GC(469) Metaspace: 1677K(1856K)->1677K(1856K) NonClass: 1552K(1664K)->1552K(1664K) Class: 124K(192K)->124K(192K)
[2024-10-12T10:37:55.685+0800][info] GC(469) Pause Young (Normal) (G1 Evacuation Pause) 106M->106M(128M) 1.353ms
[2024-10-12T10:37:55.685+0800][info] GC(469) User=0.00s Sys=0.00s Real=0.00s
[2024-10-12T10:37:55.786+0800][info] GC(470) Pause Young (Concurrent Start) (G1 Evacuation Pause)
[2024-10-12T10:37:55.786+0800][info] GC(470) Using 3 workers of 48 for evacuation
[2024-10-12T10:37:55.788+0800][info] GC(470)   Pre Evacuate Collection Set: 0.1ms
[2024-10-12T10:37:55.788+0800][info] GC(470)   Merge Heap Roots: 0.0ms
[2024-10-12T10:37:55.788+0800][info] GC(470)   Evacuate Collection Set: 0.8ms
[2024-10-12T10:37:55.788+0800][info] GC(470)   Post Evacuate Collection Set: 0.2ms
[2024-10-12T10:37:55.788+0800][info] GC(470)   Other: 0.3ms
[2024-10-12T10:37:55.788+0800][info] GC(470) Eden regions: 2->0(2)
[2024-10-12T10:37:55.788+0800][info] GC(470) Survivor regions: 1->1(1)
[2024-10-12T10:37:55.788+0800][info] GC(470) Old regions: 50->52
[2024-10-12T10:37:55.788+0800][info] GC(470) Archive regions: 2->2
[2024-10-12T10:37:55.788+0800][info] GC(470) Humongous regions: 3->3
[2024-10-12T10:37:55.788+0800][info] GC(470) Metaspace: 1677K(1856K)->1677K(1856K) NonClass: 1552K(1664K)->1552K(1664K) Class: 124K(192K)->124K(192K)
[2024-10-12T10:37:55.788+0800][info] GC(470) Pause Young (Concurrent Start) (G1 Evacuation Pause) 110M->110M(128M) 1.552ms
[2024-10-12T10:37:55.788+0800][info] GC(470) User=0.00s Sys=0.00s Real=0.00s
[2024-10-12T10:37:55.788+0800][info] GC(471) Concurrent Mark Cycle
[2024-10-12T10:37:55.788+0800][info] GC(471) Concurrent Clear Claimed Marks
[2024-10-12T10:37:55.788+0800][info] GC(471) Concurrent Clear Claimed Marks 0.017ms
[2024-10-12T10:37:55.788+0800][info] GC(471) Concurrent Scan Root Regions
[2024-10-12T10:37:55.788+0800][info] GC(471) Concurrent Scan Root Regions 0.154ms
[2024-10-12T10:37:55.788+0800][info] GC(471) Concurrent Mark
[2024-10-12T10:37:55.788+0800][info] GC(471) Concurrent Mark From Roots
[2024-10-12T10:37:55.788+0800][info] GC(471) Using 12 workers of 12 for marking
[2024-10-12T10:37:55.792+0800][info] GC(471) Concurrent Mark From Roots 3.766ms
[2024-10-12T10:37:55.792+0800][info] GC(471) Concurrent Preclean
[2024-10-12T10:37:55.794+0800][info] GC(471) Concurrent Preclean 1.732ms
[2024-10-12T10:37:55.794+0800][info] GC(471) Pause Remark
[2024-10-12T10:37:55.796+0800][info] GC(471) Pause Remark 111M->109M(128M) 1.554ms
[2024-10-12T10:37:55.796+0800][info] GC(471) User=0.00s Sys=0.00s Real=0.00s
[2024-10-12T10:37:55.796+0800][info] GC(471) Concurrent Mark 7.402ms
[2024-10-12T10:37:55.796+0800][info] GC(471) Concurrent Rebuild Remembered Sets
[2024-10-12T10:37:55.797+0800][info] GC(471) Concurrent Rebuild Remembered Sets 1.165ms
[2024-10-12T10:37:55.797+0800][info] GC(471) Pause Cleanup
[2024-10-12T10:37:55.797+0800][info] GC(471) Pause Cleanup 109M->109M(128M) 0.230ms
[2024-10-12T10:37:55.797+0800][info] GC(471) User=0.00s Sys=0.00s Real=0.00s
[2024-10-12T10:37:55.797+0800][info] GC(471) Concurrent Cleanup for Next Mark
[2024-10-12T10:37:55.798+0800][info] GC(471) Concurrent Cleanup for Next Mark 0.388ms
[2024-10-12T10:37:55.798+0800][info] GC(471) Concurrent Mark Cycle 9.717ms
[2024-10-12T10:37:55.941+0800][info] GC(472) Pause Young (Prepare Mixed) (G1 Evacuation Pause)
[2024-10-12T10:37:55.941+0800][info] GC(472) Using 3 workers of 48 for evacuation
[2024-10-12T10:37:55.943+0800][info] GC(472)   Pre Evacuate Collection Set: 0.1ms
[2024-10-12T10:37:55.943+0800][info] GC(472)   Merge Heap Roots: 0.1ms
[2024-10-12T10:37:55.943+0800][info] GC(472)   Evacuate Collection Set: 0.9ms
[2024-10-12T10:37:55.943+0800][info] GC(472)   Post Evacuate Collection Set: 0.2ms
[2024-10-12T10:37:55.943+0800][info] GC(472)   Other: 0.2ms
[2024-10-12T10:37:55.943+0800][info] GC(472) Eden regions: 2->0(2)
[2024-10-12T10:37:55.943+0800][info] GC(472) Survivor regions: 1->1(1)
[2024-10-12T10:37:55.943+0800][info] GC(472) Old regions: 51->53
[2024-10-12T10:37:55.943+0800][info] GC(472) Archive regions: 2->2
[2024-10-12T10:37:55.943+0800][info] GC(472) Humongous regions: 3->3
[2024-10-12T10:37:55.943+0800][info] GC(472) Metaspace: 1677K(1856K)->1677K(1856K) NonClass: 1552K(1664K)->1552K(1664K) Class: 124K(192K)->124K(192K)
[2024-10-12T10:37:55.943+0800][info] GC(472) Pause Young (Prepare Mixed) (G1 Evacuation Pause) 112M->112M(128M) 1.539ms
[2024-10-12T10:37:55.943+0800][info] GC(472) User=0.00s Sys=0.00s Real=0.00s
[2024-10-12T10:37:56.004+0800][info] GC(473) Pause Young (Mixed) (G1 Preventive Collection)
[2024-10-12T10:37:56.004+0800][info] GC(473) Using 3 workers of 48 for evacuation
[2024-10-12T10:37:56.006+0800][info] GC(473)   Pre Evacuate Collection Set: 0.1ms
[2024-10-12T10:37:56.006+0800][info] GC(473)   Merge Heap Roots: 0.1ms
[2024-10-12T10:37:56.006+0800][info] GC(473)   Evacuate Collection Set: 1.1ms
[2024-10-12T10:37:56.006+0800][info] GC(473)   Post Evacuate Collection Set: 0.2ms
[2024-10-12T10:37:56.006+0800][info] GC(473)   Other: 0.2ms
[2024-10-12T10:37:56.006+0800][info] GC(473) Eden regions: 1->0(2)
[2024-10-12T10:37:56.006+0800][info] GC(473) Survivor regions: 1->1(1)
[2024-10-12T10:37:56.006+0800][info] GC(473) Old regions: 53->49
[2024-10-12T10:37:56.006+0800][info] GC(473) Archive regions: 2->2
[2024-10-12T10:37:56.006+0800][info] GC(473) Humongous regions: 3->3
[2024-10-12T10:37:56.006+0800][info] GC(473) Metaspace: 1677K(1856K)->1677K(1856K) NonClass: 1552K(1664K)->1552K(1664K) Class: 124K(192K)->124K(192K)
[2024-10-12T10:37:56.006+0800][info] GC(473) Pause Young (Mixed) (G1 Preventive Collection) 114M->105M(128M) 1.915ms
[2024-10-12T10:37:56.006+0800][info] GC(473) User=0.01s Sys=0.00s Real=0.01s
[2024-10-12T10:37:56.108+0800][info] GC(474) Pause Young (Mixed) (G1 Evacuation Pause)
[2024-10-12T10:37:56.108+0800][info] GC(474) Using 3 workers of 48 for evacuation
[2024-10-12T10:37:56.110+0800][info] GC(474) To-space exhausted
[2024-10-12T10:37:56.110+0800][info] GC(474)   Pre Evacuate Collection Set: 0.1ms
[2024-10-12T10:37:56.110+0800][info] GC(474)   Merge Heap Roots: 0.0ms
[2024-10-12T10:37:56.110+0800][info] GC(474)   Evacuate Collection Set: 1.8ms
[2024-10-12T10:37:56.110+0800][info] GC(474)   Post Evacuate Collection Set: 0.2ms
[2024-10-12T10:37:56.111+0800][info] GC(474)   Other: 0.2ms
[2024-10-12T10:37:56.111+0800][info] GC(474) Eden regions: 2->0(2)
[2024-10-12T10:37:56.111+0800][info] GC(474) Survivor regions: 1->1(1)
[2024-10-12T10:37:56.111+0800][info] GC(474) Old regions: 49->50
[2024-10-12T10:37:56.111+0800][info] GC(474) Archive regions: 2->2
[2024-10-12T10:37:56.111+0800][info] GC(474) Humongous regions: 3->3
[2024-10-12T10:37:56.111+0800][info] GC(474) Metaspace: 1677K(1856K)->1677K(1856K) NonClass: 1552K(1664K)->1552K(1664K) Class: 124K(192K)->124K(192K)
[2024-10-12T10:37:56.111+0800][info] GC(474) Pause Young (Mixed) (G1 Evacuation Pause) 109M->108M(128M) 2.486ms
[2024-10-12T10:37:56.111+0800][info] GC(474) User=0.00s Sys=0.00s Real=0.00s
[2024-10-12T10:37:56.213+0800][info] GC(475) Pause Young (Mixed) (G1 Preventive Collection)
[2024-10-12T10:37:56.213+0800][info] GC(475) Using 3 workers of 48 for evacuation
[2024-10-12T10:37:56.214+0800][info] GC(475)   Pre Evacuate Collection Set: 0.1ms
[2024-10-12T10:37:56.214+0800][info] GC(475)   Merge Heap Roots: 0.0ms
[2024-10-12T10:37:56.214+0800][info] GC(475)   Evacuate Collection Set: 1.1ms
[2024-10-12T10:37:56.214+0800][info] GC(475)   Post Evacuate Collection Set: 0.2ms
[2024-10-12T10:37:56.214+0800][info] GC(475)   Other: 0.1ms
[2024-10-12T10:37:56.214+0800][info] GC(475) Eden regions: 2->0(2)
[2024-10-12T10:37:56.214+0800][info] GC(475) Survivor regions: 1->1(1)
[2024-10-12T10:37:56.214+0800][info] GC(475) Old regions: 50->52
[2024-10-12T10:37:56.214+0800][info] GC(475) Archive regions: 2->2
[2024-10-12T10:37:56.214+0800][info] GC(475) Humongous regions: 3->3
[2024-10-12T10:37:56.214+0800][info] GC(475) Metaspace: 1677K(1856K)->1677K(1856K) NonClass: 1552K(1664K)->1552K(1664K) Class: 124K(192K)->124K(192K)
[2024-10-12T10:37:56.214+0800][info] GC(475) Pause Young (Mixed) (G1 Preventive Collection) 111M->111M(128M) 1.781ms
[2024-10-12T10:37:56.214+0800][info] GC(475) User=0.00s Sys=0.00s Real=0.01s
[2024-10-12T10:37:56.255+0800][info] GC(476) Pause Young (Concurrent Start) (G1 Humongous Allocation)
[2024-10-12T10:37:56.255+0800][info] GC(476) Using 3 workers of 48 for evacuation
[2024-10-12T10:37:56.257+0800][info] GC(476)   Pre Evacuate Collection Set: 0.1ms
[2024-10-12T10:37:56.257+0800][info] GC(476)   Merge Heap Roots: 0.0ms
[2024-10-12T10:37:56.257+0800][info] GC(476)   Evacuate Collection Set: 0.6ms
[2024-10-12T10:37:56.257+0800][info] GC(476)   Post Evacuate Collection Set: 0.2ms
[2024-10-12T10:37:56.257+0800][info] GC(476)   Other: 0.4ms
[2024-10-12T10:37:56.257+0800][info] GC(476) Eden regions: 1->0(2)
[2024-10-12T10:37:56.257+0800][info] GC(476) Survivor regions: 1->1(1)
[2024-10-12T10:37:56.257+0800][info] GC(476) Old regions: 52->53
[2024-10-12T10:37:56.257+0800][info] GC(476) Archive regions: 2->2
[2024-10-12T10:37:56.257+0800][info] GC(476) Humongous regions: 3->3
[2024-10-12T10:37:56.257+0800][info] GC(476) Metaspace: 1677K(1856K)->1677K(1856K) NonClass: 1552K(1664K)->1552K(1664K) Class: 124K(192K)->124K(192K)
[2024-10-12T10:37:56.257+0800][info] GC(476) Pause Young (Concurrent Start) (G1 Humongous Allocation) 113M->112M(128M) 1.360ms
[2024-10-12T10:37:56.257+0800][info] GC(476) User=0.00s Sys=0.00s Real=0.00s
[2024-10-12T10:37:56.257+0800][info] GC(477) Concurrent Mark Cycle
[2024-10-12T10:37:56.257+0800][info] GC(477) Concurrent Clear Claimed Marks
[2024-10-12T10:37:56.257+0800][info] GC(477) Concurrent Clear Claimed Marks 0.017ms
[2024-10-12T10:37:56.257+0800][info] GC(477) Concurrent Scan Root Regions
[2024-10-12T10:37:56.257+0800][info] GC(477) Concurrent Scan Root Regions 0.114ms
[2024-10-12T10:37:56.257+0800][info] GC(477) Concurrent Mark
[2024-10-12T10:37:56.257+0800][info] GC(477) Concurrent Mark From Roots
[2024-10-12T10:37:56.257+0800][info] GC(477) Using 12 workers of 12 for marking
[2024-10-12T10:37:56.261+0800][info] GC(477) Concurrent Mark From Roots 3.555ms
[2024-10-12T10:37:56.261+0800][info] GC(477) Concurrent Preclean
[2024-10-12T10:37:56.262+0800][info] GC(477) Concurrent Preclean 1.703ms
[2024-10-12T10:37:56.262+0800][info] GC(477) Pause Remark
[2024-10-12T10:37:56.264+0800][info] GC(477) Pause Remark 115M->113M(128M) 1.453ms
[2024-10-12T10:37:56.264+0800][info] GC(477) User=0.01s Sys=0.00s Real=0.00s
[2024-10-12T10:37:56.264+0800][info] GC(477) Concurrent Mark 6.953ms
[2024-10-12T10:37:56.264+0800][info] GC(477) Concurrent Rebuild Remembered Sets
[2024-10-12T10:37:56.265+0800][info] GC(477) Concurrent Rebuild Remembered Sets 1.158ms
[2024-10-12T10:37:56.265+0800][info] GC(477) Pause Cleanup
[2024-10-12T10:37:56.265+0800][info] GC(477) Pause Cleanup 113M->113M(128M) 0.175ms
[2024-10-12T10:37:56.265+0800][info] GC(477) User=0.00s Sys=0.00s Real=0.00s
[2024-10-12T10:37:56.265+0800][info] GC(477) Concurrent Cleanup for Next Mark
[2024-10-12T10:37:56.266+0800][info] GC(477) Concurrent Cleanup for Next Mark 0.387ms
[2024-10-12T10:37:56.266+0800][info] GC(477) Concurrent Mark Cycle 9.073ms
[2024-10-12T10:37:56.431+0800][info] GC(478) Pause Young (Prepare Mixed) (G1 Preventive Collection)
[2024-10-12T10:37:56.431+0800][info] GC(478) Using 3 workers of 48 for evacuation
[2024-10-12T10:37:56.432+0800][info] GC(478)   Pre Evacuate Collection Set: 0.1ms
[2024-10-12T10:37:56.432+0800][info] GC(478)   Merge Heap Roots: 0.1ms
[2024-10-12T10:37:56.432+0800][info] GC(478)   Evacuate Collection Set: 0.8ms
[2024-10-12T10:37:56.432+0800][info] GC(478)   Post Evacuate Collection Set: 0.2ms
[2024-10-12T10:37:56.432+0800][info] GC(478)   Other: 0.2ms
[2024-10-12T10:37:56.432+0800][info] GC(478) Eden regions: 2->0(2)
[2024-10-12T10:37:56.432+0800][info] GC(478) Survivor regions: 1->1(1)
[2024-10-12T10:37:56.432+0800][info] GC(478) Old regions: 52->54
[2024-10-12T10:37:56.432+0800][info] GC(478) Archive regions: 2->2
[2024-10-12T10:37:56.432+0800][info] GC(478) Humongous regions: 4->3
[2024-10-12T10:37:56.432+0800][info] GC(478) Metaspace: 1677K(1856K)->1677K(1856K) NonClass: 1552K(1664K)->1552K(1664K) Class: 124K(192K)->124K(192K)
[2024-10-12T10:37:56.432+0800][info] GC(478) Pause Young (Prepare Mixed) (G1 Preventive Collection) 117M->115M(128M) 1.456ms
[2024-10-12T10:37:56.432+0800][info] GC(478) User=0.01s Sys=0.00s Real=0.00s
[2024-10-12T10:37:56.493+0800][info] GC(479) Pause Young (Mixed) (G1 Preventive Collection)
[2024-10-12T10:37:56.493+0800][info] GC(479) Using 3 workers of 48 for evacuation
[2024-10-12T10:37:56.495+0800][info] GC(479) To-space exhausted
[2024-10-12T10:37:56.495+0800][info] GC(479)   Pre Evacuate Collection Set: 0.1ms
[2024-10-12T10:37:56.495+0800][info] GC(479)   Merge Heap Roots: 0.1ms
[2024-10-12T10:37:56.495+0800][info] GC(479)   Evacuate Collection Set: 1.0ms
[2024-10-12T10:37:56.495+0800][info] GC(479)   Post Evacuate Collection Set: 0.3ms
[2024-10-12T10:37:56.495+0800][info] GC(479)   Other: 0.2ms
[2024-10-12T10:37:56.495+0800][info] GC(479) Eden regions: 1->0(2)
[2024-10-12T10:37:56.495+0800][info] GC(479) Survivor regions: 1->1(1)
[2024-10-12T10:37:56.495+0800][info] GC(479) Old regions: 54->54
[2024-10-12T10:37:56.495+0800][info] GC(479) Archive regions: 2->2
[2024-10-12T10:37:56.495+0800][info] GC(479) Humongous regions: 3->3
[2024-10-12T10:37:56.495+0800][info] GC(479) Metaspace: 1677K(1856K)->1677K(1856K) NonClass: 1552K(1664K)->1552K(1664K) Class: 124K(192K)->124K(192K)
[2024-10-12T10:37:56.495+0800][info] GC(479) Pause Young (Mixed) (G1 Preventive Collection) 117M->116M(128M) 1.712ms
[2024-10-12T10:37:56.495+0800][info] GC(479) User=0.00s Sys=0.00s Real=0.00s
[2024-10-12T10:37:56.536+0800][info] GC(480) Pause Young (Mixed) (G1 Preventive Collection)
[2024-10-12T10:37:56.536+0800][info] GC(480) Using 3 workers of 48 for evacuation
[2024-10-12T10:37:56.538+0800][info] GC(480) To-space exhausted
[2024-10-12T10:37:56.538+0800][info] GC(480)   Pre Evacuate Collection Set: 0.1ms
[2024-10-12T10:37:56.538+0800][info] GC(480)   Merge Heap Roots: 0.1ms
[2024-10-12T10:37:56.538+0800][info] GC(480)   Evacuate Collection Set: 0.9ms
[2024-10-12T10:37:56.538+0800][info] GC(480)   Post Evacuate Collection Set: 0.2ms
[2024-10-12T10:37:56.538+0800][info] GC(480)   Other: 0.2ms
[2024-10-12T10:37:56.538+0800][info] GC(480) Eden regions: 1->0(2)
[2024-10-12T10:37:56.538+0800][info] GC(480) Survivor regions: 1->1(1)
[2024-10-12T10:37:56.538+0800][info] GC(480) Old regions: 54->56
[2024-10-12T10:37:56.538+0800][info] GC(480) Archive regions: 2->2
[2024-10-12T10:37:56.538+0800][info] GC(480) Humongous regions: 3->3
[2024-10-12T10:37:56.538+0800][info] GC(480) Metaspace: 1677K(1856K)->1677K(1856K) NonClass: 1552K(1664K)->1552K(1664K) Class: 124K(192K)->124K(192K)
[2024-10-12T10:37:56.538+0800][info] GC(480) Pause Young (Mixed) (G1 Preventive Collection) 118M->120M(128M) 1.561ms
[2024-10-12T10:37:56.538+0800][info] GC(480) User=0.00s Sys=0.00s Real=0.00s
[2024-10-12T10:37:56.599+0800][info] GC(481) Pause Young (Mixed) (G1 Preventive Collection)
[2024-10-12T10:37:56.599+0800][info] GC(481) Using 3 workers of 48 for evacuation
[2024-10-12T10:37:56.600+0800][info] GC(481) To-space exhausted
[2024-10-12T10:37:56.600+0800][info] GC(481)   Pre Evacuate Collection Set: 0.1ms
[2024-10-12T10:37:56.600+0800][info] GC(481)   Merge Heap Roots: 0.1ms
[2024-10-12T10:37:56.600+0800][info] GC(481)   Evacuate Collection Set: 0.4ms
[2024-10-12T10:37:56.600+0800][info] GC(481)   Post Evacuate Collection Set: 0.2ms
[2024-10-12T10:37:56.600+0800][info] GC(481)   Other: 0.1ms
[2024-10-12T10:37:56.600+0800][info] GC(481) Eden regions: 1->0(2)
[2024-10-12T10:37:56.600+0800][info] GC(481) Survivor regions: 1->1(1)
[2024-10-12T10:37:56.600+0800][info] GC(481) Old regions: 56->57
[2024-10-12T10:37:56.600+0800][info] GC(481) Archive regions: 2->2
[2024-10-12T10:37:56.600+0800][info] GC(481) Humongous regions: 3->3
[2024-10-12T10:37:56.600+0800][info] GC(481) Metaspace: 1677K(1856K)->1677K(1856K) NonClass: 1552K(1664K)->1552K(1664K) Class: 124K(192K)->124K(192K)
[2024-10-12T10:37:56.600+0800][info] GC(481) Pause Young (Mixed) (G1 Preventive Collection) 122M->122M(128M) 1.066ms
[2024-10-12T10:37:56.600+0800][info] GC(481) User=0.00s Sys=0.00s Real=0.00s
[2024-10-12T10:37:56.641+0800][info] GC(482) Pause Young (Concurrent Start) (G1 Evacuation Pause)
[2024-10-12T10:37:56.641+0800][info] GC(482) Using 3 workers of 48 for evacuation
[2024-10-12T10:37:56.642+0800][info] GC(482) To-space exhausted
[2024-10-12T10:37:56.642+0800][info] GC(482)   Pre Evacuate Collection Set: 0.1ms
[2024-10-12T10:37:56.642+0800][info] GC(482)   Merge Heap Roots: 0.0ms
[2024-10-12T10:37:56.642+0800][info] GC(482)   Evacuate Collection Set: 0.2ms
[2024-10-12T10:37:56.642+0800][info] GC(482)   Post Evacuate Collection Set: 0.2ms
[2024-10-12T10:37:56.642+0800][info] GC(482)   Other: 0.3ms
[2024-10-12T10:37:56.642+0800][info] GC(482) Eden regions: 1->0(3)
[2024-10-12T10:37:56.642+0800][info] GC(482) Survivor regions: 1->0(0)
[2024-10-12T10:37:56.642+0800][info] GC(482) Old regions: 57->59
[2024-10-12T10:37:56.642+0800][info] GC(482) Archive regions: 2->2
[2024-10-12T10:37:56.642+0800][info] GC(482) Humongous regions: 3->3
[2024-10-12T10:37:56.642+0800][info] GC(482) Metaspace: 1677K(1856K)->1677K(1856K) NonClass: 1552K(1664K)->1552K(1664K) Class: 124K(192K)->124K(192K)
[2024-10-12T10:37:56.642+0800][info] GC(482) Pause Young (Concurrent Start) (G1 Evacuation Pause) 123M->123M(128M) 0.985ms
[2024-10-12T10:37:56.642+0800][info] GC(482) User=0.00s Sys=0.00s Real=0.00s
[2024-10-12T10:37:56.642+0800][info] Attempting full compaction
[2024-10-12T10:37:56.642+0800][info] GC(483) Using 3 workers of 48 for full compaction
[2024-10-12T10:37:56.642+0800][info] GC(484) Concurrent Mark Cycle
[2024-10-12T10:37:56.642+0800][info] GC(483) Pause Full (G1 Compaction Pause)
[2024-10-12T10:37:56.642+0800][info] GC(484) Concurrent Clear Claimed Marks
[2024-10-12T10:37:56.642+0800][info] GC(484) Concurrent Clear Claimed Marks 0.040ms
[2024-10-12T10:37:56.642+0800][info] GC(484) Concurrent Scan Root Regions
[2024-10-12T10:37:56.642+0800][info] GC(484) Concurrent Scan Root Regions 0.010ms
[2024-10-12T10:37:56.642+0800][info] GC(484) Concurrent Mark
[2024-10-12T10:37:56.642+0800][info] GC(484) Concurrent Mark From Roots
[2024-10-12T10:37:56.642+0800][info] GC(484) Using 12 workers of 12 for marking
[2024-10-12T10:37:56.643+0800][info] GC(483) Phase 1: Mark live objects
[2024-10-12T10:37:56.646+0800][info] GC(483) Phase 1: Mark live objects 3.086ms
[2024-10-12T10:37:56.646+0800][info] GC(483) Phase 2: Prepare for compaction
[2024-10-12T10:37:56.646+0800][info] GC(483) Phase 2: Prepare for compaction 0.521ms
[2024-10-12T10:37:56.646+0800][info] GC(483) Phase 3: Adjust pointers
[2024-10-12T10:37:56.648+0800][info] GC(483) Phase 3: Adjust pointers 1.666ms
[2024-10-12T10:37:56.648+0800][info] GC(483) Phase 4: Compact heap
[2024-10-12T10:37:56.659+0800][info] GC(483) Phase 4: Compact heap 11.355ms
[2024-10-12T10:37:56.661+0800][info] GC(483) Eden regions: 0->0(4)
[2024-10-12T10:37:56.661+0800][info] GC(483) Survivor regions: 0->0(0)
[2024-10-12T10:37:56.661+0800][info] GC(483) Old regions: 59->39
[2024-10-12T10:37:56.661+0800][info] GC(483) Archive regions: 2->2
[2024-10-12T10:37:56.661+0800][info] GC(483) Humongous regions: 3->3
[2024-10-12T10:37:56.661+0800][info] GC(483) Metaspace: 1677K(1856K)->1677K(1856K) NonClass: 1552K(1664K)->1552K(1664K) Class: 124K(192K)->124K(192K)
[2024-10-12T10:37:56.661+0800][info] GC(483) Pause Full (G1 Compaction Pause) 123M->72M(128M) 18.760ms
[2024-10-12T10:37:56.661+0800][info] GC(483) User=0.04s Sys=0.00s Real=0.02s
[2024-10-12T10:37:56.661+0800][info] GC(484) Concurrent Mark From Roots 18.955ms
[2024-10-12T10:37:56.661+0800][info] GC(484) Concurrent Mark Abort
[2024-10-12T10:37:56.661+0800][info] GC(484) Concurrent Mark Cycle 19.193ms
[2024-10-12T10:37:56.887+0800][info] GC(485) Pause Young (Normal) (G1 Evacuation Pause)
[2024-10-12T10:37:56.887+0800][info] GC(485) Using 3 workers of 48 for evacuation
[2024-10-12T10:37:56.888+0800][info] GC(485)   Pre Evacuate Collection Set: 0.1ms
[2024-10-12T10:37:56.888+0800][info] GC(485)   Merge Heap Roots: 0.0ms
[2024-10-12T10:37:56.888+0800][info] GC(485)   Evacuate Collection Set: 1.0ms
[2024-10-12T10:37:56.888+0800][info] GC(485)   Post Evacuate Collection Set: 0.2ms
[2024-10-12T10:37:56.888+0800][info] GC(485)   Other: 0.2ms
[2024-10-12T10:37:56.888+0800][info] GC(485) Eden regions: 4->0(2)
[2024-10-12T10:37:56.888+0800][info] GC(485) Survivor regions: 0->1(1)
[2024-10-12T10:37:56.888+0800][info] GC(485) Old regions: 39->43
[2024-10-12T10:37:56.888+0800][info] GC(485) Archive regions: 2->2
[2024-10-12T10:37:56.888+0800][info] GC(485) Humongous regions: 3->3
[2024-10-12T10:37:56.888+0800][info] GC(485) Metaspace: 1677K(1856K)->1677K(1856K) NonClass: 1552K(1664K)->1552K(1664K) Class: 124K(192K)->124K(192K)
[2024-10-12T10:37:56.888+0800][info] GC(485) Pause Young (Normal) (G1 Evacuation Pause) 79M->80M(128M) 1.691ms
[2024-10-12T10:37:56.888+0800][info] GC(485) User=0.00s Sys=0.00s Real=0.00s
[2024-10-12T10:37:56.991+0800][info] GC(486) Pause Young (Normal) (G1 Evacuation Pause)
[2024-10-12T10:37:56.991+0800][info] GC(486) Using 3 workers of 48 for evacuation
[2024-10-12T10:37:56.992+0800][info] GC(486)   Pre Evacuate Collection Set: 0.1ms
[2024-10-12T10:37:56.992+0800][info] GC(486)   Merge Heap Roots: 0.0ms
[2024-10-12T10:37:56.992+0800][info] GC(486)   Evacuate Collection Set: 0.7ms
[2024-10-12T10:37:56.992+0800][info] GC(486)   Post Evacuate Collection Set: 0.2ms
[2024-10-12T10:37:56.992+0800][info] GC(486)   Other: 0.2ms
[2024-10-12T10:37:56.992+0800][info] GC(486) Eden regions: 2->0(2)
[2024-10-12T10:37:56.992+0800][info] GC(486) Survivor regions: 1->1(1)
[2024-10-12T10:37:56.992+0800][info] GC(486) Old regions: 43->44
[2024-10-12T10:37:56.992+0800][info] GC(486) Archive regions: 2->2
[2024-10-12T10:37:56.992+0800][info] GC(486) Humongous regions: 3->3
[2024-10-12T10:37:56.992+0800][info] GC(486) Metaspace: 1677K(1856K)->1677K(1856K) NonClass: 1552K(1664K)->1552K(1664K) Class: 124K(192K)->124K(192K)
[2024-10-12T10:37:56.992+0800][info] GC(486) Pause Young (Normal) (G1 Evacuation Pause) 84M->83M(128M) 1.314ms
[2024-10-12T10:37:56.992+0800][info] GC(486) User=0.01s Sys=0.00s Real=0.00s
[2024-10-12T10:37:57.094+0800][info] GC(487) Pause Young (Normal) (G1 Evacuation Pause)
[2024-10-12T10:37:57.094+0800][info] GC(487) Using 3 workers of 48 for evacuation
[2024-10-12T10:37:57.095+0800][info] GC(487)   Pre Evacuate Collection Set: 0.1ms
[2024-10-12T10:37:57.095+0800][info] GC(487)   Merge Heap Roots: 0.0ms
[2024-10-12T10:37:57.095+0800][info] GC(487)   Evacuate Collection Set: 0.9ms
[2024-10-12T10:37:57.095+0800][info] GC(487)   Post Evacuate Collection Set: 0.2ms
[2024-10-12T10:37:57.095+0800][info] GC(487)   Other: 0.2ms
[2024-10-12T10:37:57.095+0800][info] GC(487) Eden regions: 2->0(2)
[2024-10-12T10:37:57.095+0800][info] GC(487) Survivor regions: 1->1(1)
[2024-10-12T10:37:57.095+0800][info] GC(487) Old regions: 44->46
[2024-10-12T10:37:57.095+0800][info] GC(487) Archive regions: 2->2
[2024-10-12T10:37:57.095+0800][info] GC(487) Humongous regions: 3->3
[2024-10-12T10:37:57.095+0800][info] GC(487) Metaspace: 1677K(1856K)->1677K(1856K) NonClass: 1552K(1664K)->1552K(1664K) Class: 124K(192K)->124K(192K)
[2024-10-12T10:37:57.095+0800][info] GC(487) Pause Young (Normal) (G1 Evacuation Pause) 87M->87M(128M) 1.518ms
[2024-10-12T10:37:57.095+0800][info] GC(487) User=0.00s Sys=0.00s Real=0.00s
[2024-10-12T10:37:57.198+0800][info] GC(488) Pause Young (Concurrent Start) (G1 Evacuation Pause)
[2024-10-12T10:37:57.198+0800][info] GC(488) Using 3 workers of 48 for evacuation
[2024-10-12T10:37:57.199+0800][info] GC(488)   Pre Evacuate Collection Set: 0.1ms
[2024-10-12T10:37:57.199+0800][info] GC(488)   Merge Heap Roots: 0.0ms
[2024-10-12T10:37:57.199+0800][info] GC(488)   Evacuate Collection Set: 0.8ms
[2024-10-12T10:37:57.199+0800][info] GC(488)   Post Evacuate Collection Set: 0.2ms
[2024-10-12T10:37:57.199+0800][info] GC(488)   Other: 0.4ms
[2024-10-12T10:37:57.199+0800][info] GC(488) Eden regions: 2->0(2)
[2024-10-12T10:37:57.199+0800][info] GC(488) Survivor regions: 1->1(1)
[2024-10-12T10:37:57.199+0800][info] GC(488) Old regions: 46->48
[2024-10-12T10:37:57.199+0800][info] GC(488) Archive regions: 2->2
[2024-10-12T10:37:57.199+0800][info] GC(488) Humongous regions: 3->3
[2024-10-12T10:37:57.199+0800][info] GC(488) Metaspace: 1677K(1856K)->1677K(1856K) NonClass: 1552K(1664K)->1552K(1664K) Class: 124K(192K)->124K(192K)
[2024-10-12T10:37:57.199+0800][info] GC(488) Pause Young (Concurrent Start) (G1 Evacuation Pause) 91M->91M(128M) 1.563ms
[2024-10-12T10:37:57.199+0800][info] GC(488) User=0.01s Sys=0.00s Real=0.00s
[2024-10-12T10:37:57.199+0800][info] GC(489) Concurrent Mark Cycle
[2024-10-12T10:37:57.199+0800][info] GC(489) Concurrent Clear Claimed Marks
[2024-10-12T10:37:57.199+0800][info] GC(489) Concurrent Clear Claimed Marks 0.017ms
[2024-10-12T10:37:57.199+0800][info] GC(489) Concurrent Scan Root Regions
[2024-10-12T10:37:57.200+0800][info] GC(489) Concurrent Scan Root Regions 0.164ms
[2024-10-12T10:37:57.200+0800][info] GC(489) Concurrent Mark
[2024-10-12T10:37:57.200+0800][info] GC(489) Concurrent Mark From Roots
[2024-10-12T10:37:57.200+0800][info] GC(489) Using 12 workers of 12 for marking
[2024-10-12T10:37:57.204+0800][info] GC(489) Concurrent Mark From Roots 4.033ms
[2024-10-12T10:37:57.204+0800][info] GC(489) Concurrent Preclean
[2024-10-12T10:37:57.205+0800][info] GC(489) Concurrent Preclean 1.717ms
[2024-10-12T10:37:57.205+0800][info] GC(489) Pause Remark
[2024-10-12T10:37:57.207+0800][info] GC(489) Pause Remark 91M->91M(128M) 1.386ms
[2024-10-12T10:37:57.207+0800][info] GC(489) User=0.00s Sys=0.00s Real=0.00s
[2024-10-12T10:37:57.207+0800][info] GC(489) Concurrent Mark 7.369ms
[2024-10-12T10:37:57.207+0800][info] GC(489) Concurrent Rebuild Remembered Sets
[2024-10-12T10:37:57.208+0800][info] GC(489) Concurrent Rebuild Remembered Sets 1.068ms
[2024-10-12T10:37:57.208+0800][info] GC(489) Pause Cleanup
[2024-10-12T10:37:57.208+0800][info] GC(489) Pause Cleanup 91M->91M(128M) 0.227ms
[2024-10-12T10:37:57.208+0800][info] GC(489) User=0.00s Sys=0.00s Real=0.00s
[2024-10-12T10:37:57.208+0800][info] GC(489) Concurrent Cleanup for Next Mark
[2024-10-12T10:37:57.209+0800][info] GC(489) Concurrent Cleanup for Next Mark 0.339ms
[2024-10-12T10:37:57.209+0800][info] GC(489) Concurrent Mark Cycle 9.448ms
[2024-10-12T10:37:57.352+0800][info] GC(490) Pause Young (Prepare Mixed) (G1 Evacuation Pause)
[2024-10-12T10:37:57.352+0800][info] GC(490) Using 3 workers of 48 for evacuation
[2024-10-12T10:37:57.353+0800][info] GC(490)   Pre Evacuate Collection Set: 0.1ms
[2024-10-12T10:37:57.353+0800][info] GC(490)   Merge Heap Roots: 0.1ms
[2024-10-12T10:37:57.353+0800][info] GC(490)   Evacuate Collection Set: 0.9ms
[2024-10-12T10:37:57.353+0800][info] GC(490)   Post Evacuate Collection Set: 0.2ms
[2024-10-12T10:37:57.353+0800][info] GC(490)   Other: 0.2ms
[2024-10-12T10:37:57.353+0800][info] GC(490) Eden regions: 2->0(2)
[2024-10-12T10:37:57.353+0800][info] GC(490) Survivor regions: 1->1(1)
[2024-10-12T10:37:57.353+0800][info] GC(490) Old regions: 47->49
[2024-10-12T10:37:57.353+0800][info] GC(490) Archive regions: 2->2
[2024-10-12T10:37:57.353+0800][info] GC(490) Humongous regions: 3->3
[2024-10-12T10:37:57.354+0800][info] GC(490) Metaspace: 1677K(1856K)->1677K(1856K) NonClass: 1552K(1664K)->1552K(1664K) Class: 124K(192K)->124K(192K)
[2024-10-12T10:37:57.354+0800][info] GC(490) Pause Young (Prepare Mixed) (G1 Evacuation Pause) 94M->94M(128M) 1.539ms
[2024-10-12T10:37:57.354+0800][info] GC(490) User=0.00s Sys=0.00s Real=0.01s
[2024-10-12T10:37:57.456+0800][info] GC(491) Pause Young (Mixed) (G1 Evacuation Pause)
[2024-10-12T10:37:57.456+0800][info] GC(491) Using 3 workers of 48 for evacuation
[2024-10-12T10:37:57.458+0800][info] GC(491)   Pre Evacuate Collection Set: 0.1ms
[2024-10-12T10:37:57.458+0800][info] GC(491)   Merge Heap Roots: 0.1ms
[2024-10-12T10:37:57.458+0800][info] GC(491)   Evacuate Collection Set: 1.5ms
[2024-10-12T10:37:57.458+0800][info] GC(491)   Post Evacuate Collection Set: 0.2ms
[2024-10-12T10:37:57.458+0800][info] GC(491)   Other: 0.2ms
[2024-10-12T10:37:57.458+0800][info] GC(491) Eden regions: 2->0(2)
[2024-10-12T10:37:57.458+0800][info] GC(491) Survivor regions: 1->1(1)
[2024-10-12T10:37:57.458+0800][info] GC(491) Old regions: 49->46
[2024-10-12T10:37:57.458+0800][info] GC(491) Archive regions: 2->2
[2024-10-12T10:37:57.458+0800][info] GC(491) Humongous regions: 3->3
[2024-10-12T10:37:57.458+0800][info] GC(491) Metaspace: 1677K(1856K)->1677K(1856K) NonClass: 1552K(1664K)->1552K(1664K) Class: 124K(192K)->124K(192K)
[2024-10-12T10:37:57.458+0800][info] GC(491) Pause Young (Mixed) (G1 Evacuation Pause) 98M->93M(128M) 2.234ms
[2024-10-12T10:37:57.458+0800][info] GC(491) User=0.01s Sys=0.00s Real=0.00s
[2024-10-12T10:37:57.560+0800][info] GC(492) Pause Young (Mixed) (G1 Evacuation Pause)
[2024-10-12T10:37:57.560+0800][info] GC(492) Using 3 workers of 48 for evacuation
[2024-10-12T10:37:57.561+0800][info] GC(492)   Pre Evacuate Collection Set: 0.1ms
[2024-10-12T10:37:57.561+0800][info] GC(492)   Merge Heap Roots: 0.1ms
[2024-10-12T10:37:57.561+0800][info] GC(492)   Evacuate Collection Set: 0.9ms
[2024-10-12T10:37:57.561+0800][info] GC(492)   Post Evacuate Collection Set: 0.2ms
[2024-10-12T10:37:57.561+0800][info] GC(492)   Other: 0.2ms
[2024-10-12T10:37:57.561+0800][info] GC(492) Eden regions: 2->0(2)
[2024-10-12T10:37:57.561+0800][info] GC(492) Survivor regions: 1->1(1)
[2024-10-12T10:37:57.561+0800][info] GC(492) Old regions: 46->47
[2024-10-12T10:37:57.561+0800][info] GC(492) Archive regions: 2->2
[2024-10-12T10:37:57.561+0800][info] GC(492) Humongous regions: 3->3
[2024-10-12T10:37:57.561+0800][info] GC(492) Metaspace: 1677K(1856K)->1677K(1856K) NonClass: 1552K(1664K)->1552K(1664K) Class: 124K(192K)->124K(192K)
[2024-10-12T10:37:57.561+0800][info] GC(492) Pause Young (Mixed) (G1 Evacuation Pause) 96M->94M(128M) 1.566ms
[2024-10-12T10:37:57.561+0800][info] GC(492) User=0.00s Sys=0.00s Real=0.00s
[2024-10-12T10:37:57.664+0800][info] GC(493) Pause Young (Normal) (G1 Evacuation Pause)
[2024-10-12T10:37:57.664+0800][info] GC(493) Using 3 workers of 48 for evacuation
[2024-10-12T10:37:57.665+0800][info] GC(493)   Pre Evacuate Collection Set: 0.1ms
[2024-10-12T10:37:57.665+0800][info] GC(493)   Merge Heap Roots: 0.0ms
[2024-10-12T10:37:57.665+0800][info] GC(493)   Evacuate Collection Set: 0.7ms
[2024-10-12T10:37:57.665+0800][info] GC(493)   Post Evacuate Collection Set: 0.2ms
[2024-10-12T10:37:57.665+0800][info] GC(493)   Other: 0.2ms
[2024-10-12T10:37:57.665+0800][info] GC(493) Eden regions: 2->0(2)
[2024-10-12T10:37:57.665+0800][info] GC(493) Survivor regions: 1->1(1)
[2024-10-12T10:37:57.665+0800][info] GC(493) Old regions: 47->49
[2024-10-12T10:37:57.665+0800][info] GC(493) Archive regions: 2->2
[2024-10-12T10:37:57.665+0800][info] GC(493) Humongous regions: 3->3
[2024-10-12T10:37:57.665+0800][info] GC(493) Metaspace: 1677K(1856K)->1677K(1856K) NonClass: 1552K(1664K)->1552K(1664K) Class: 124K(192K)->124K(192K)
[2024-10-12T10:37:57.665+0800][info] GC(493) Pause Young (Normal) (G1 Evacuation Pause) 98M->98M(128M) 1.381ms
[2024-10-12T10:37:57.665+0800][info] GC(493) User=0.01s Sys=0.00s Real=0.00s
[2024-10-12T10:37:57.767+0800][info] GC(494) Pause Young (Concurrent Start) (G1 Evacuation Pause)
[2024-10-12T10:37:57.767+0800][info] GC(494) Using 3 workers of 48 for evacuation
[2024-10-12T10:37:57.768+0800][info] GC(494)   Pre Evacuate Collection Set: 0.1ms
[2024-10-12T10:37:57.768+0800][info] GC(494)   Merge Heap Roots: 0.0ms
[2024-10-12T10:37:57.768+0800][info] GC(494)   Evacuate Collection Set: 0.8ms
[2024-10-12T10:37:57.768+0800][info] GC(494)   Post Evacuate Collection Set: 0.2ms
[2024-10-12T10:37:57.768+0800][info] GC(494)   Other: 0.3ms
[2024-10-12T10:37:57.768+0800][info] GC(494) Eden regions: 2->0(2)
[2024-10-12T10:37:57.768+0800][info] GC(494) Survivor regions: 1->1(1)
[2024-10-12T10:37:57.768+0800][info] GC(494) Old regions: 49->51
[2024-10-12T10:37:57.768+0800][info] GC(494) Archive regions: 2->2
[2024-10-12T10:37:57.768+0800][info] GC(494) Humongous regions: 3->3
[2024-10-12T10:37:57.768+0800][info] GC(494) Metaspace: 1677K(1856K)->1677K(1856K) NonClass: 1552K(1664K)->1552K(1664K) Class: 124K(192K)->124K(192K)
[2024-10-12T10:37:57.768+0800][info] GC(494) Pause Young (Concurrent Start) (G1 Evacuation Pause) 102M->102M(128M) 1.526ms
[2024-10-12T10:37:57.768+0800][info] GC(494) User=0.00s Sys=0.00s Real=0.00s
[2024-10-12T10:37:57.768+0800][info] GC(495) Concurrent Mark Cycle
[2024-10-12T10:37:57.769+0800][info] GC(495) Concurrent Clear Claimed Marks
[2024-10-12T10:37:57.769+0800][info] GC(495) Concurrent Clear Claimed Marks 0.017ms
[2024-10-12T10:37:57.769+0800][info] GC(495) Concurrent Scan Root Regions
[2024-10-12T10:37:57.769+0800][info] GC(495) Concurrent Scan Root Regions 0.156ms
[2024-10-12T10:37:57.769+0800][info] GC(495) Concurrent Mark
[2024-10-12T10:37:57.769+0800][info] GC(495) Concurrent Mark From Roots
[2024-10-12T10:37:57.769+0800][info] GC(495) Using 12 workers of 12 for marking
[2024-10-12T10:37:57.773+0800][info] GC(495) Concurrent Mark From Roots 3.879ms
[2024-10-12T10:37:57.773+0800][info] GC(495) Concurrent Preclean
[2024-10-12T10:37:57.774+0800][info] GC(495) Concurrent Preclean 1.720ms
[2024-10-12T10:37:57.774+0800][info] GC(495) Pause Remark
[2024-10-12T10:37:57.776+0800][info] GC(495) Pause Remark 103M->103M(128M) 1.688ms
[2024-10-12T10:37:57.776+0800][info] GC(495) User=0.00s Sys=0.00s Real=0.00s
[2024-10-12T10:37:57.776+0800][info] GC(495) Concurrent Mark 7.603ms
[2024-10-12T10:37:57.776+0800][info] GC(495) Concurrent Rebuild Remembered Sets
[2024-10-12T10:37:57.778+0800][info] GC(495) Concurrent Rebuild Remembered Sets 1.141ms
[2024-10-12T10:37:57.778+0800][info] GC(495) Pause Cleanup
[2024-10-12T10:37:57.778+0800][info] GC(495) Pause Cleanup 103M->103M(128M) 0.185ms
[2024-10-12T10:37:57.778+0800][info] GC(495) User=0.00s Sys=0.00s Real=0.00s
[2024-10-12T10:37:57.778+0800][info] GC(495) Concurrent Cleanup for Next Mark
[2024-10-12T10:37:57.778+0800][info] GC(495) Concurrent Cleanup for Next Mark 0.350ms
[2024-10-12T10:37:57.778+0800][info] GC(495) Concurrent Mark Cycle 9.723ms
[2024-10-12T10:37:57.922+0800][info] GC(496) Pause Young (Prepare Mixed) (G1 Evacuation Pause)
[2024-10-12T10:37:57.922+0800][info] GC(496) Using 3 workers of 48 for evacuation
[2024-10-12T10:37:57.923+0800][info] GC(496)   Pre Evacuate Collection Set: 0.1ms
[2024-10-12T10:37:57.923+0800][info] GC(496)   Merge Heap Roots: 0.1ms
[2024-10-12T10:37:57.923+0800][info] GC(496)   Evacuate Collection Set: 0.8ms
[2024-10-12T10:37:57.923+0800][info] GC(496)   Post Evacuate Collection Set: 0.2ms
[2024-10-12T10:37:57.923+0800][info] GC(496)   Other: 0.2ms
[2024-10-12T10:37:57.923+0800][info] GC(496) Eden regions: 2->0(2)
[2024-10-12T10:37:57.923+0800][info] GC(496) Survivor regions: 1->1(1)
[2024-10-12T10:37:57.923+0800][info] GC(496) Old regions: 51->53
[2024-10-12T10:37:57.923+0800][info] GC(496) Archive regions: 2->2
[2024-10-12T10:37:57.923+0800][info] GC(496) Humongous regions: 3->3
[2024-10-12T10:37:57.923+0800][info] GC(496) Metaspace: 1677K(1856K)->1677K(1856K) NonClass: 1552K(1664K)->1552K(1664K) Class: 124K(192K)->124K(192K)
[2024-10-12T10:37:57.923+0800][info] GC(496) Pause Young (Prepare Mixed) (G1 Evacuation Pause) 106M->106M(128M) 1.483ms
[2024-10-12T10:37:57.923+0800][info] GC(496) User=0.00s Sys=0.00s Real=0.00s
[2024-10-12T10:37:57.984+0800][info] GC(497) Pause Young (Mixed) (G1 Preventive Collection)
[2024-10-12T10:37:57.984+0800][info] GC(497) Using 3 workers of 48 for evacuation
[2024-10-12T10:37:57.986+0800][info] GC(497)   Pre Evacuate Collection Set: 0.1ms
[2024-10-12T10:37:57.986+0800][info] GC(497)   Merge Heap Roots: 0.1ms
[2024-10-12T10:37:57.986+0800][info] GC(497)   Evacuate Collection Set: 1.2ms
[2024-10-12T10:37:57.986+0800][info] GC(497)   Post Evacuate Collection Set: 0.2ms
[2024-10-12T10:37:57.986+0800][info] GC(497)   Other: 0.2ms
[2024-10-12T10:37:57.986+0800][info] GC(497) Eden regions: 1->0(2)
[2024-10-12T10:37:57.986+0800][info] GC(497) Survivor regions: 1->1(1)
[2024-10-12T10:37:57.986+0800][info] GC(497) Old regions: 53->49
[2024-10-12T10:37:57.986+0800][info] GC(497) Archive regions: 2->2
[2024-10-12T10:37:57.986+0800][info] GC(497) Humongous regions: 3->3
[2024-10-12T10:37:57.986+0800][info] GC(497) Metaspace: 1677K(1856K)->1677K(1856K) NonClass: 1552K(1664K)->1552K(1664K) Class: 124K(192K)->124K(192K)
[2024-10-12T10:37:57.986+0800][info] GC(497) Pause Young (Mixed) (G1 Preventive Collection) 108M->101M(128M) 1.843ms
[2024-10-12T10:37:57.986+0800][info] GC(497) User=0.00s Sys=0.00s Real=0.01s
[2024-10-12T10:37:58.088+0800][info] GC(498) Pause Young (Mixed) (G1 Evacuation Pause)
[2024-10-12T10:37:58.088+0800][info] GC(498) Using 3 workers of 48 for evacuation
[2024-10-12T10:37:58.090+0800][info] GC(498)   Pre Evacuate Collection Set: 0.1ms
[2024-10-12T10:37:58.090+0800][info] GC(498)   Merge Heap Roots: 0.1ms
[2024-10-12T10:37:58.090+0800][info] GC(498)   Evacuate Collection Set: 1.6ms
[2024-10-12T10:37:58.090+0800][info] GC(498)   Post Evacuate Collection Set: 0.2ms
[2024-10-12T10:37:58.090+0800][info] GC(498)   Other: 0.1ms
[2024-10-12T10:37:58.090+0800][info] GC(498) Eden regions: 2->0(2)
[2024-10-12T10:37:58.090+0800][info] GC(498) Survivor regions: 1->1(1)
[2024-10-12T10:37:58.090+0800][info] GC(498) Old regions: 49->48
[2024-10-12T10:37:58.090+0800][info] GC(498) Archive regions: 2->2
[2024-10-12T10:37:58.090+0800][info] GC(498) Humongous regions: 3->3
[2024-10-12T10:37:58.090+0800][info] GC(498) Metaspace: 1677K(1856K)->1677K(1856K) NonClass: 1552K(1664K)->1552K(1664K) Class: 124K(192K)->124K(192K)
[2024-10-12T10:37:58.090+0800][info] GC(498) Pause Young (Mixed) (G1 Evacuation Pause) 104M->100M(128M) 2.309ms
[2024-10-12T10:37:58.090+0800][info] GC(498) User=0.01s Sys=0.00s Real=0.00s
[2024-10-12T10:37:58.193+0800][info] GC(499) Pause Young (Mixed) (G1 Evacuation Pause)
[2024-10-12T10:37:58.193+0800][info] GC(499) Using 3 workers of 48 for evacuation
[2024-10-12T10:37:58.195+0800][info] GC(499)   Pre Evacuate Collection Set: 0.1ms
[2024-10-12T10:37:58.195+0800][info] GC(499)   Merge Heap Roots: 0.1ms
[2024-10-12T10:37:58.195+0800][info] GC(499)   Evacuate Collection Set: 1.6ms
[2024-10-12T10:37:58.195+0800][info] GC(499)   Post Evacuate Collection Set: 0.2ms
[2024-10-12T10:37:58.195+0800][info] GC(499)   Other: 0.1ms
[2024-10-12T10:37:58.195+0800][info] GC(499) Eden regions: 2->0(2)
[2024-10-12T10:37:58.195+0800][info] GC(499) Survivor regions: 1->1(1)
[2024-10-12T10:37:58.195+0800][info] GC(499) Old regions: 48->47
[2024-10-12T10:37:58.195+0800][info] GC(499) Archive regions: 2->2
[2024-10-12T10:37:58.195+0800][info] GC(499) Humongous regions: 3->3
[2024-10-12T10:37:58.195+0800][info] GC(499) Metaspace: 1677K(1856K)->1677K(1856K) NonClass: 1552K(1664K)->1552K(1664K) Class: 124K(192K)->124K(192K)
[2024-10-12T10:37:58.195+0800][info] GC(499) Pause Young (Mixed) (G1 Evacuation Pause) 103M->98M(128M) 2.196ms
[2024-10-12T10:37:58.195+0800][info] GC(499) User=0.00s Sys=0.00s Real=0.01s
[2024-10-12T10:37:58.297+0800][info] GC(500) Pause Young (Normal) (G1 Evacuation Pause)
[2024-10-12T10:37:58.297+0800][info] GC(500) Using 3 workers of 48 for evacuation
[2024-10-12T10:37:58.298+0800][info] GC(500)   Pre Evacuate Collection Set: 0.1ms
[2024-10-12T10:37:58.298+0800][info] GC(500)   Merge Heap Roots: 0.0ms
[2024-10-12T10:37:58.298+0800][info] GC(500)   Evacuate Collection Set: 0.9ms
[2024-10-12T10:37:58.298+0800][info] GC(500)   Post Evacuate Collection Set: 0.2ms
[2024-10-12T10:37:58.298+0800][info] GC(500)   Other: 0.2ms
[2024-10-12T10:37:58.298+0800][info] GC(500) Eden regions: 2->0(2)
[2024-10-12T10:37:58.298+0800][info] GC(500) Survivor regions: 1->1(1)
[2024-10-12T10:37:58.298+0800][info] GC(500) Old regions: 47->49
[2024-10-12T10:37:58.298+0800][info] GC(500) Archive regions: 2->2
[2024-10-12T10:37:58.298+0800][info] GC(500) Humongous regions: 3->3
[2024-10-12T10:37:58.298+0800][info] GC(500) Metaspace: 1677K(1856K)->1677K(1856K) NonClass: 1552K(1664K)->1552K(1664K) Class: 124K(192K)->124K(192K)
[2024-10-12T10:37:58.298+0800][info] GC(500) Pause Young (Normal) (G1 Evacuation Pause) 102M->103M(128M) 1.490ms
[2024-10-12T10:37:58.298+0800][info] GC(500) User=0.00s Sys=0.00s Real=0.00s
[2024-10-12T10:37:58.400+0800][info] GC(501) Pause Young (Concurrent Start) (G1 Evacuation Pause)
[2024-10-12T10:37:58.400+0800][info] GC(501) Using 3 workers of 48 for evacuation
[2024-10-12T10:37:58.402+0800][info] GC(501)   Pre Evacuate Collection Set: 0.1ms
[2024-10-12T10:37:58.402+0800][info] GC(501)   Merge Heap Roots: 0.0ms
[2024-10-12T10:37:58.402+0800][info] GC(501)   Evacuate Collection Set: 0.8ms
[2024-10-12T10:37:58.402+0800][info] GC(501)   Post Evacuate Collection Set: 0.2ms
[2024-10-12T10:37:58.402+0800][info] GC(501)   Other: 0.4ms
[2024-10-12T10:37:58.402+0800][info] GC(501) Eden regions: 2->0(2)
[2024-10-12T10:37:58.402+0800][info] GC(501) Survivor regions: 1->1(1)
[2024-10-12T10:37:58.402+0800][info] GC(501) Old regions: 49->51
[2024-10-12T10:37:58.402+0800][info] GC(501) Archive regions: 2->2
[2024-10-12T10:37:58.402+0800][info] GC(501) Humongous regions: 3->3
[2024-10-12T10:37:58.402+0800][info] GC(501) Metaspace: 1677K(1856K)->1677K(1856K) NonClass: 1552K(1664K)->1552K(1664K) Class: 124K(192K)->124K(192K)
[2024-10-12T10:37:58.402+0800][info] GC(501) Pause Young (Concurrent Start) (G1 Evacuation Pause) 106M->107M(128M) 1.549ms
[2024-10-12T10:37:58.402+0800][info] GC(501) User=0.00s Sys=0.00s Real=0.00s
[2024-10-12T10:37:58.402+0800][info] GC(502) Concurrent Mark Cycle
[2024-10-12T10:37:58.402+0800][info] GC(502) Concurrent Clear Claimed Marks
[2024-10-12T10:37:58.402+0800][info] GC(502) Concurrent Clear Claimed Marks 0.017ms
[2024-10-12T10:37:58.402+0800][info] GC(502) Concurrent Scan Root Regions
[2024-10-12T10:37:58.402+0800][info] GC(502) Concurrent Scan Root Regions 0.113ms
[2024-10-12T10:37:58.402+0800][info] GC(502) Concurrent Mark
[2024-10-12T10:37:58.402+0800][info] GC(502) Concurrent Mark From Roots
[2024-10-12T10:37:58.402+0800][info] GC(502) Using 12 workers of 12 for marking
[2024-10-12T10:37:58.406+0800][info] GC(502) Concurrent Mark From Roots 3.773ms
[2024-10-12T10:37:58.406+0800][info] GC(502) Concurrent Preclean
[2024-10-12T10:37:58.408+0800][info] GC(502) Concurrent Preclean 1.691ms
[2024-10-12T10:37:58.408+0800][info] GC(502) Pause Remark
[2024-10-12T10:37:58.410+0800][info] GC(502) Pause Remark 107M->107M(128M) 1.759ms
[2024-10-12T10:37:58.410+0800][info] GC(502) User=0.01s Sys=0.00s Real=0.00s
[2024-10-12T10:37:58.410+0800][info] GC(502) Concurrent Mark 7.537ms
[2024-10-12T10:37:58.410+0800][info] GC(502) Concurrent Rebuild Remembered Sets
[2024-10-12T10:37:58.411+0800][info] GC(502) Concurrent Rebuild Remembered Sets 1.137ms
[2024-10-12T10:37:58.411+0800][info] GC(502) Pause Cleanup
[2024-10-12T10:37:58.411+0800][info] GC(502) Pause Cleanup 107M->107M(128M) 0.203ms
[2024-10-12T10:37:58.411+0800][info] GC(502) User=0.00s Sys=0.00s Real=0.00s
[2024-10-12T10:37:58.411+0800][info] GC(502) Concurrent Cleanup for Next Mark
[2024-10-12T10:37:58.412+0800][info] GC(502) Concurrent Cleanup for Next Mark 0.354ms
[2024-10-12T10:37:58.412+0800][info] GC(502) Concurrent Mark Cycle 9.718ms
[2024-10-12T10:37:58.555+0800][info] GC(503) Pause Young (Prepare Mixed) (G1 Evacuation Pause)
[2024-10-12T10:37:58.555+0800][info] GC(503) Using 3 workers of 48 for evacuation
[2024-10-12T10:37:58.556+0800][info] GC(503)   Pre Evacuate Collection Set: 0.1ms
[2024-10-12T10:37:58.556+0800][info] GC(503)   Merge Heap Roots: 0.1ms
[2024-10-12T10:37:58.556+0800][info] GC(503)   Evacuate Collection Set: 0.8ms
[2024-10-12T10:37:58.556+0800][info] GC(503)   Post Evacuate Collection Set: 0.2ms
[2024-10-12T10:37:58.556+0800][info] GC(503)   Other: 0.2ms
[2024-10-12T10:37:58.556+0800][info] GC(503) Eden regions: 2->0(2)
[2024-10-12T10:37:58.556+0800][info] GC(503) Survivor regions: 1->1(1)
[2024-10-12T10:37:58.556+0800][info] GC(503) Old regions: 51->53
[2024-10-12T10:37:58.556+0800][info] GC(503) Archive regions: 2->2
[2024-10-12T10:37:58.556+0800][info] GC(503) Humongous regions: 3->3
[2024-10-12T10:37:58.556+0800][info] GC(503) Metaspace: 1677K(1856K)->1677K(1856K) NonClass: 1552K(1664K)->1552K(1664K) Class: 124K(192K)->124K(192K)
[2024-10-12T10:37:58.556+0800][info] GC(503) Pause Young (Prepare Mixed) (G1 Evacuation Pause) 110M->110M(128M) 1.398ms
[2024-10-12T10:37:58.556+0800][info] GC(503) User=0.01s Sys=0.00s Real=0.00s
[2024-10-12T10:37:58.556+0800][info] GC(504) Pause Young (Mixed) (G1 Preventive Collection)
[2024-10-12T10:37:58.556+0800][info] GC(504) Using 3 workers of 48 for evacuation
[2024-10-12T10:37:58.558+0800][info] GC(504) To-space exhausted
[2024-10-12T10:37:58.558+0800][info] GC(504)   Pre Evacuate Collection Set: 0.1ms
[2024-10-12T10:37:58.558+0800][info] GC(504)   Merge Heap Roots: 0.0ms
[2024-10-12T10:37:58.558+0800][info] GC(504)   Evacuate Collection Set: 0.9ms
[2024-10-12T10:37:58.558+0800][info] GC(504)   Post Evacuate Collection Set: 0.2ms
[2024-10-12T10:37:58.558+0800][info] GC(504)   Other: 0.1ms
[2024-10-12T10:37:58.558+0800][info] GC(504) Eden regions: 1->0(2)
[2024-10-12T10:37:58.558+0800][info] GC(504) Survivor regions: 1->1(1)
[2024-10-12T10:37:58.558+0800][info] GC(504) Old regions: 53->50
[2024-10-12T10:37:58.558+0800][info] GC(504) Archive regions: 2->2
[2024-10-12T10:37:58.558+0800][info] GC(504) Humongous regions: 3->3
[2024-10-12T10:37:58.558+0800][info] GC(504) Metaspace: 1677K(1856K)->1677K(1856K) NonClass: 1552K(1664K)->1552K(1664K) Class: 124K(192K)->124K(192K)
[2024-10-12T10:37:58.558+0800][info] GC(504) Pause Young (Mixed) (G1 Preventive Collection) 111M->104M(128M) 1.527ms
[2024-10-12T10:37:58.558+0800][info] GC(504) User=0.00s Sys=0.00s Real=0.00s
[2024-10-12T10:37:58.681+0800][info] GC(505) Pause Young (Mixed) (G1 Preventive Collection)
[2024-10-12T10:37:58.681+0800][info] GC(505) Using 3 workers of 48 for evacuation
[2024-10-12T10:37:58.683+0800][info] GC(505) To-space exhausted
[2024-10-12T10:37:58.683+0800][info] GC(505)   Pre Evacuate Collection Set: 0.1ms
[2024-10-12T10:37:58.683+0800][info] GC(505)   Merge Heap Roots: 0.1ms
[2024-10-12T10:37:58.683+0800][info] GC(505)   Evacuate Collection Set: 1.3ms
[2024-10-12T10:37:58.683+0800][info] GC(505)   Post Evacuate Collection Set: 0.3ms
[2024-10-12T10:37:58.683+0800][info] GC(505)   Other: 0.2ms
[2024-10-12T10:37:58.683+0800][info] GC(505) Eden regions: 2->0(2)
[2024-10-12T10:37:58.683+0800][info] GC(505) Survivor regions: 1->1(1)
[2024-10-12T10:37:58.683+0800][info] GC(505) Old regions: 50->51
[2024-10-12T10:37:58.683+0800][info] GC(505) Archive regions: 2->2
[2024-10-12T10:37:58.683+0800][info] GC(505) Humongous regions: 4->3
[2024-10-12T10:37:58.683+0800][info] GC(505) Metaspace: 1677K(1856K)->1677K(1856K) NonClass: 1552K(1664K)->1552K(1664K) Class: 124K(192K)->124K(192K)
[2024-10-12T10:37:58.683+0800][info] GC(505) Pause Young (Mixed) (G1 Preventive Collection) 110M->109M(128M) 2.113ms
[2024-10-12T10:37:58.683+0800][info] GC(505) User=0.01s Sys=0.00s Real=0.00s
[2024-10-12T10:37:58.786+0800][info] GC(506) Pause Young (Mixed) (G1 Preventive Collection)
[2024-10-12T10:37:58.786+0800][info] GC(506) Using 3 workers of 48 for evacuation
[2024-10-12T10:37:58.788+0800][info] GC(506) To-space exhausted
[2024-10-12T10:37:58.788+0800][info] GC(506)   Pre Evacuate Collection Set: 0.1ms
[2024-10-12T10:37:58.788+0800][info] GC(506)   Merge Heap Roots: 0.0ms
[2024-10-12T10:37:58.788+0800][info] GC(506)   Evacuate Collection Set: 1.3ms
[2024-10-12T10:37:58.788+0800][info] GC(506)   Post Evacuate Collection Set: 0.2ms
[2024-10-12T10:37:58.788+0800][info] GC(506)   Other: 0.2ms
[2024-10-12T10:37:58.788+0800][info] GC(506) Eden regions: 2->0(2)
[2024-10-12T10:37:58.788+0800][info] GC(506) Survivor regions: 1->1(1)
[2024-10-12T10:37:58.788+0800][info] GC(506) Old regions: 51->54
[2024-10-12T10:37:58.788+0800][info] GC(506) Archive regions: 2->2
[2024-10-12T10:37:58.788+0800][info] GC(506) Humongous regions: 3->3
[2024-10-12T10:37:58.788+0800][info] GC(506) Metaspace: 1677K(1856K)->1677K(1856K) NonClass: 1552K(1664K)->1552K(1664K) Class: 124K(192K)->124K(192K)
[2024-10-12T10:37:58.788+0800][info] GC(506) Pause Young (Mixed) (G1 Preventive Collection) 112M->115M(128M) 2.041ms
[2024-10-12T10:37:58.788+0800][info] GC(506) User=0.00s Sys=0.00s Real=0.00s
[2024-10-12T10:37:58.849+0800][info] GC(507) Pause Young (Concurrent Start) (G1 Preventive Collection)
[2024-10-12T10:37:58.849+0800][info] GC(507) Using 3 workers of 48 for evacuation
[2024-10-12T10:37:58.850+0800][info] GC(507)   Pre Evacuate Collection Set: 0.1ms
[2024-10-12T10:37:58.850+0800][info] GC(507)   Merge Heap Roots: 0.0ms
[2024-10-12T10:37:58.850+0800][info] GC(507)   Evacuate Collection Set: 0.6ms
[2024-10-12T10:37:58.850+0800][info] GC(507)   Post Evacuate Collection Set: 0.2ms
[2024-10-12T10:37:58.850+0800][info] GC(507)   Other: 0.4ms
[2024-10-12T10:37:58.850+0800][info] GC(507) Eden regions: 1->0(2)
[2024-10-12T10:37:58.850+0800][info] GC(507) Survivor regions: 1->1(1)
[2024-10-12T10:37:58.850+0800][info] GC(507) Old regions: 54->55
[2024-10-12T10:37:58.850+0800][info] GC(507) Archive regions: 2->2
[2024-10-12T10:37:58.850+0800][info] GC(507) Humongous regions: 3->3
[2024-10-12T10:37:58.850+0800][info] GC(507) Metaspace: 1677K(1856K)->1677K(1856K) NonClass: 1552K(1664K)->1552K(1664K) Class: 124K(192K)->124K(192K)
[2024-10-12T10:37:58.850+0800][info] GC(507) Pause Young (Concurrent Start) (G1 Preventive Collection) 117M->116M(128M) 1.367ms
[2024-10-12T10:37:58.850+0800][info] GC(507) User=0.01s Sys=0.00s Real=0.00s
[2024-10-12T10:37:58.850+0800][info] GC(508) Concurrent Mark Cycle
[2024-10-12T10:37:58.851+0800][info] GC(508) Concurrent Clear Claimed Marks
[2024-10-12T10:37:58.851+0800][info] GC(508) Concurrent Clear Claimed Marks 0.017ms
[2024-10-12T10:37:58.851+0800][info] GC(508) Concurrent Scan Root Regions
[2024-10-12T10:37:58.851+0800][info] GC(508) Concurrent Scan Root Regions 0.148ms
[2024-10-12T10:37:58.851+0800][info] GC(508) Concurrent Mark
[2024-10-12T10:37:58.851+0800][info] GC(508) Concurrent Mark From Roots
[2024-10-12T10:37:58.851+0800][info] GC(508) Using 12 workers of 12 for marking
[2024-10-12T10:37:58.855+0800][info] GC(508) Concurrent Mark From Roots 4.031ms
[2024-10-12T10:37:58.855+0800][info] GC(508) Concurrent Preclean
[2024-10-12T10:37:58.856+0800][info] GC(508) Concurrent Preclean 1.690ms
[2024-10-12T10:37:58.857+0800][info] GC(508) Pause Remark
[2024-10-12T10:37:58.858+0800][info] GC(508) Pause Remark 117M->115M(128M) 1.671ms
[2024-10-12T10:37:58.858+0800][info] GC(508) User=0.00s Sys=0.00s Real=0.00s
[2024-10-12T10:37:58.858+0800][info] GC(508) Concurrent Mark 7.646ms
[2024-10-12T10:37:58.858+0800][info] GC(508) Concurrent Rebuild Remembered Sets
[2024-10-12T10:37:58.860+0800][info] GC(508) Concurrent Rebuild Remembered Sets 1.119ms
[2024-10-12T10:37:58.860+0800][info] GC(508) Pause Cleanup
[2024-10-12T10:37:58.860+0800][info] GC(508) Pause Cleanup 115M->115M(128M) 0.230ms
[2024-10-12T10:37:58.860+0800][info] GC(508) User=0.00s Sys=0.00s Real=0.00s
[2024-10-12T10:37:58.860+0800][info] GC(508) Concurrent Cleanup for Next Mark
[2024-10-12T10:37:58.860+0800][info] GC(508) Concurrent Cleanup for Next Mark 0.356ms
[2024-10-12T10:37:58.860+0800][info] GC(508) Concurrent Mark Cycle 9.782ms
[2024-10-12T10:37:58.942+0800][info] GC(509) Pause Young (Prepare Mixed) (G1 Preventive Collection)
[2024-10-12T10:37:58.942+0800][info] GC(509) Using 3 workers of 48 for evacuation
[2024-10-12T10:37:58.943+0800][info] GC(509)   Pre Evacuate Collection Set: 0.1ms
[2024-10-12T10:37:58.943+0800][info] GC(509)   Merge Heap Roots: 0.1ms
[2024-10-12T10:37:58.943+0800][info] GC(509)   Evacuate Collection Set: 0.5ms
[2024-10-12T10:37:58.943+0800][info] GC(509)   Post Evacuate Collection Set: 0.2ms
[2024-10-12T10:37:58.943+0800][info] GC(509)   Other: 0.2ms
[2024-10-12T10:37:58.943+0800][info] GC(509) Eden regions: 1->0(2)
[2024-10-12T10:37:58.943+0800][info] GC(509) Survivor regions: 1->1(1)
[2024-10-12T10:37:58.943+0800][info] GC(509) Old regions: 54->55
[2024-10-12T10:37:58.943+0800][info] GC(509) Archive regions: 2->2
[2024-10-12T10:37:58.943+0800][info] GC(509) Humongous regions: 3->3
[2024-10-12T10:37:58.943+0800][info] GC(509) Metaspace: 1677K(1856K)->1677K(1856K) NonClass: 1552K(1664K)->1552K(1664K) Class: 124K(192K)->124K(192K)
[2024-10-12T10:37:58.943+0800][info] GC(509) Pause Young (Prepare Mixed) (G1 Preventive Collection) 116M->116M(128M) 1.096ms
[2024-10-12T10:37:58.943+0800][info] GC(509) User=0.00s Sys=0.00s Real=0.00s
[2024-10-12T10:37:59.005+0800][info] GC(510) Pause Young (Mixed) (G1 Preventive Collection)
[2024-10-12T10:37:59.005+0800][info] GC(510) Using 3 workers of 48 for evacuation
[2024-10-12T10:37:59.006+0800][info] GC(510) To-space exhausted
[2024-10-12T10:37:59.006+0800][info] GC(510)   Pre Evacuate Collection Set: 0.1ms
[2024-10-12T10:37:59.006+0800][info] GC(510)   Merge Heap Roots: 0.0ms
[2024-10-12T10:37:59.006+0800][info] GC(510)   Evacuate Collection Set: 0.7ms
[2024-10-12T10:37:59.006+0800][info] GC(510)   Post Evacuate Collection Set: 0.2ms
[2024-10-12T10:37:59.006+0800][info] GC(510)   Other: 0.2ms
[2024-10-12T10:37:59.006+0800][info] GC(510) Eden regions: 1->0(2)
[2024-10-12T10:37:59.006+0800][info] GC(510) Survivor regions: 1->1(1)
[2024-10-12T10:37:59.006+0800][info] GC(510) Old regions: 55->53
[2024-10-12T10:37:59.006+0800][info] GC(510) Archive regions: 2->2
[2024-10-12T10:37:59.006+0800][info] GC(510) Humongous regions: 3->3
[2024-10-12T10:37:59.006+0800][info] GC(510) Metaspace: 1677K(1856K)->1677K(1856K) NonClass: 1552K(1664K)->1552K(1664K) Class: 124K(192K)->124K(192K)
[2024-10-12T10:37:59.006+0800][info] GC(510) Pause Young (Mixed) (G1 Preventive Collection) 118M->113M(128M) 1.381ms
[2024-10-12T10:37:59.006+0800][info] GC(510) User=0.00s Sys=0.00s Real=0.01s
[2024-10-12T10:37:59.047+0800][info] GC(511) Pause Young (Mixed) (G1 Preventive Collection)
[2024-10-12T10:37:59.047+0800][info] GC(511) Using 3 workers of 48 for evacuation
[2024-10-12T10:37:59.049+0800][info] GC(511) To-space exhausted
[2024-10-12T10:37:59.049+0800][info] GC(511)   Pre Evacuate Collection Set: 0.1ms
[2024-10-12T10:37:59.049+0800][info] GC(511)   Merge Heap Roots: 0.1ms
[2024-10-12T10:37:59.049+0800][info] GC(511)   Evacuate Collection Set: 1.1ms
[2024-10-12T10:37:59.049+0800][info] GC(511)   Post Evacuate Collection Set: 0.3ms
[2024-10-12T10:37:59.049+0800][info] GC(511)   Other: 0.2ms
[2024-10-12T10:37:59.049+0800][info] GC(511) Eden regions: 1->0(2)
[2024-10-12T10:37:59.049+0800][info] GC(511) Survivor regions: 1->1(1)
[2024-10-12T10:37:59.049+0800][info] GC(511) Old regions: 53->55
[2024-10-12T10:37:59.049+0800][info] GC(511) Archive regions: 2->2
[2024-10-12T10:37:59.049+0800][info] GC(511) Humongous regions: 3->3
[2024-10-12T10:37:59.049+0800][info] GC(511) Metaspace: 1677K(1856K)->1677K(1856K) NonClass: 1552K(1664K)->1552K(1664K) Class: 124K(192K)->124K(192K)
[2024-10-12T10:37:59.049+0800][info] GC(511) Pause Young (Mixed) (G1 Preventive Collection) 114M->116M(128M) 1.842ms
[2024-10-12T10:37:59.049+0800][info] GC(511) User=0.01s Sys=0.00s Real=0.00s
[2024-10-12T10:37:59.110+0800][info] GC(512) Pause Young (Mixed) (G1 Preventive Collection)
[2024-10-12T10:37:59.111+0800][info] GC(512) Using 3 workers of 48 for evacuation
[2024-10-12T10:37:59.112+0800][info] GC(512) To-space exhausted
[2024-10-12T10:37:59.113+0800][info] GC(512)   Pre Evacuate Collection Set: 0.1ms
[2024-10-12T10:37:59.113+0800][info] GC(512)   Merge Heap Roots: 0.1ms
[2024-10-12T10:37:59.113+0800][info] GC(512)   Evacuate Collection Set: 1.2ms
[2024-10-12T10:37:59.113+0800][info] GC(512)   Post Evacuate Collection Set: 0.6ms
[2024-10-12T10:37:59.113+0800][info] GC(512)   Other: 0.2ms
[2024-10-12T10:37:59.113+0800][info] GC(512) Eden regions: 1->0(2)
[2024-10-12T10:37:59.113+0800][info] GC(512) Survivor regions: 1->1(1)
[2024-10-12T10:37:59.113+0800][info] GC(512) Old regions: 55->57
[2024-10-12T10:37:59.113+0800][info] GC(512) Archive regions: 2->2
[2024-10-12T10:37:59.113+0800][info] GC(512) Humongous regions: 3->3
[2024-10-12T10:37:59.113+0800][info] GC(512) Metaspace: 1677K(1856K)->1677K(1856K) NonClass: 1552K(1664K)->1552K(1664K) Class: 124K(192K)->124K(192K)
[2024-10-12T10:37:59.113+0800][info] GC(512) Pause Young (Mixed) (G1 Preventive Collection) 118M->120M(128M) 2.178ms
[2024-10-12T10:37:59.113+0800][info] GC(512) User=0.00s Sys=0.00s Real=0.00s
[2024-10-12T10:37:59.154+0800][info] GC(513) Pause Young (Concurrent Start) (G1 Evacuation Pause)
[2024-10-12T10:37:59.154+0800][info] GC(513) Using 3 workers of 48 for evacuation
[2024-10-12T10:37:59.155+0800][info] GC(513) To-space exhausted
[2024-10-12T10:37:59.155+0800][info] GC(513)   Pre Evacuate Collection Set: 0.1ms
[2024-10-12T10:37:59.155+0800][info] GC(513)   Merge Heap Roots: 0.1ms
[2024-10-12T10:37:59.155+0800][info] GC(513)   Evacuate Collection Set: 0.3ms
[2024-10-12T10:37:59.155+0800][info] GC(513)   Post Evacuate Collection Set: 0.2ms
[2024-10-12T10:37:59.155+0800][info] GC(513)   Other: 0.3ms
[2024-10-12T10:37:59.155+0800][info] GC(513) Eden regions: 1->0(3)
[2024-10-12T10:37:59.155+0800][info] GC(513) Survivor regions: 1->0(0)
[2024-10-12T10:37:59.155+0800][info] GC(513) Old regions: 57->59
[2024-10-12T10:37:59.155+0800][info] GC(513) Archive regions: 2->2
[2024-10-12T10:37:59.155+0800][info] GC(513) Humongous regions: 3->3
[2024-10-12T10:37:59.155+0800][info] GC(513) Metaspace: 1677K(1856K)->1677K(1856K) NonClass: 1552K(1664K)->1552K(1664K) Class: 124K(192K)->124K(192K)
[2024-10-12T10:37:59.155+0800][info] GC(513) Pause Young (Concurrent Start) (G1 Evacuation Pause) 122M->122M(128M) 1.037ms
[2024-10-12T10:37:59.155+0800][info] GC(513) User=0.00s Sys=0.00s Real=0.00s
[2024-10-12T10:37:59.155+0800][info] Attempting full compaction
[2024-10-12T10:37:59.155+0800][info] GC(514) Using 3 workers of 48 for full compaction
[2024-10-12T10:37:59.155+0800][info] GC(514) Pause Full (G1 Compaction Pause)
[2024-10-12T10:37:59.155+0800][info] GC(515) Concurrent Mark Cycle
[2024-10-12T10:37:59.155+0800][info] GC(515) Concurrent Clear Claimed Marks
[2024-10-12T10:37:59.155+0800][info] GC(515) Concurrent Clear Claimed Marks 0.017ms
[2024-10-12T10:37:59.155+0800][info] GC(515) Concurrent Scan Root Regions
[2024-10-12T10:37:59.155+0800][info] GC(515) Concurrent Scan Root Regions 0.010ms
[2024-10-12T10:37:59.155+0800][info] GC(515) Concurrent Mark
[2024-10-12T10:37:59.155+0800][info] GC(515) Concurrent Mark From Roots
[2024-10-12T10:37:59.155+0800][info] GC(515) Using 12 workers of 12 for marking
[2024-10-12T10:37:59.155+0800][info] GC(514) Phase 1: Mark live objects
[2024-10-12T10:37:59.158+0800][info] GC(514) Phase 1: Mark live objects 3.153ms
[2024-10-12T10:37:59.158+0800][info] GC(514) Phase 2: Prepare for compaction
[2024-10-12T10:37:59.159+0800][info] GC(514) Phase 2: Prepare for compaction 0.516ms
[2024-10-12T10:37:59.159+0800][info] GC(514) Phase 3: Adjust pointers
[2024-10-12T10:37:59.160+0800][info] GC(514) Phase 3: Adjust pointers 1.591ms
[2024-10-12T10:37:59.160+0800][info] GC(514) Phase 4: Compact heap
[2024-10-12T10:37:59.173+0800][info] GC(514) Phase 4: Compact heap 12.206ms
[2024-10-12T10:37:59.174+0800][info] GC(514) Eden regions: 0->0(4)
[2024-10-12T10:37:59.174+0800][info] GC(514) Survivor regions: 0->0(0)
[2024-10-12T10:37:59.174+0800][info] GC(514) Old regions: 59->39
[2024-10-12T10:37:59.174+0800][info] GC(514) Archive regions: 2->2
[2024-10-12T10:37:59.174+0800][info] GC(514) Humongous regions: 3->3
[2024-10-12T10:37:59.174+0800][info] GC(514) Metaspace: 1677K(1856K)->1677K(1856K) NonClass: 1552K(1664K)->1552K(1664K) Class: 124K(192K)->124K(192K)
[2024-10-12T10:37:59.174+0800][info] GC(514) Pause Full (G1 Compaction Pause) 122M->71M(128M) 19.515ms
[2024-10-12T10:37:59.174+0800][info] GC(514) User=0.04s Sys=0.00s Real=0.02s
[2024-10-12T10:37:59.175+0800][info] GC(515) Concurrent Mark From Roots 19.741ms
[2024-10-12T10:37:59.175+0800][info] GC(515) Concurrent Mark Abort
[2024-10-12T10:37:59.175+0800][info] GC(515) Concurrent Mark Cycle 19.928ms
[2024-10-12T10:37:59.400+0800][info] GC(516) Pause Young (Normal) (G1 Evacuation Pause)
[2024-10-12T10:37:59.400+0800][info] GC(516) Using 3 workers of 48 for evacuation
[2024-10-12T10:37:59.402+0800][info] GC(516)   Pre Evacuate Collection Set: 0.1ms
[2024-10-12T10:37:59.402+0800][info] GC(516)   Merge Heap Roots: 0.0ms
[2024-10-12T10:37:59.402+0800][info] GC(516)   Evacuate Collection Set: 1.0ms
[2024-10-12T10:37:59.402+0800][info] GC(516)   Post Evacuate Collection Set: 0.2ms
[2024-10-12T10:37:59.402+0800][info] GC(516)   Other: 0.2ms
[2024-10-12T10:37:59.402+0800][info] GC(516) Eden regions: 4->0(2)
[2024-10-12T10:37:59.402+0800][info] GC(516) Survivor regions: 0->1(1)
[2024-10-12T10:37:59.402+0800][info] GC(516) Old regions: 39->42
[2024-10-12T10:37:59.402+0800][info] GC(516) Archive regions: 2->2
[2024-10-12T10:37:59.402+0800][info] GC(516) Humongous regions: 3->3
[2024-10-12T10:37:59.402+0800][info] GC(516) Metaspace: 1677K(1856K)->1677K(1856K) NonClass: 1552K(1664K)->1552K(1664K) Class: 124K(192K)->124K(192K)
[2024-10-12T10:37:59.402+0800][info] GC(516) Pause Young (Normal) (G1 Evacuation Pause) 79M->78M(128M) 1.656ms
[2024-10-12T10:37:59.402+0800][info] GC(516) User=0.00s Sys=0.00s Real=0.00s
[2024-10-12T10:37:59.504+0800][info] GC(517) Pause Young (Normal) (G1 Evacuation Pause)
[2024-10-12T10:37:59.504+0800][info] GC(517) Using 3 workers of 48 for evacuation
[2024-10-12T10:37:59.505+0800][info] GC(517)   Pre Evacuate Collection Set: 0.1ms
[2024-10-12T10:37:59.505+0800][info] GC(517)   Merge Heap Roots: 0.0ms
[2024-10-12T10:37:59.505+0800][info] GC(517)   Evacuate Collection Set: 0.8ms
[2024-10-12T10:37:59.505+0800][info] GC(517)   Post Evacuate Collection Set: 0.2ms
[2024-10-12T10:37:59.505+0800][info] GC(517)   Other: 0.2ms
[2024-10-12T10:37:59.505+0800][info] GC(517) Eden regions: 2->0(2)
[2024-10-12T10:37:59.505+0800][info] GC(517) Survivor regions: 1->1(1)
[2024-10-12T10:37:59.505+0800][info] GC(517) Old regions: 42->44
[2024-10-12T10:37:59.505+0800][info] GC(517) Archive regions: 2->2
[2024-10-12T10:37:59.505+0800][info] GC(517) Humongous regions: 3->3
[2024-10-12T10:37:59.505+0800][info] GC(517) Metaspace: 1677K(1856K)->1677K(1856K) NonClass: 1552K(1664K)->1552K(1664K) Class: 124K(192K)->124K(192K)
[2024-10-12T10:37:59.506+0800][info] GC(517) Pause Young (Normal) (G1 Evacuation Pause) 82M->82M(128M) 1.489ms
[2024-10-12T10:37:59.506+0800][info] GC(517) User=0.01s Sys=0.00s Real=0.01s
[2024-10-12T10:37:59.607+0800][info] GC(518) Pause Young (Normal) (G1 Evacuation Pause)
[2024-10-12T10:37:59.607+0800][info] GC(518) Using 3 workers of 48 for evacuation
[2024-10-12T10:37:59.608+0800][info] GC(518)   Pre Evacuate Collection Set: 0.1ms
[2024-10-12T10:37:59.608+0800][info] GC(518)   Merge Heap Roots: 0.0ms
[2024-10-12T10:37:59.608+0800][info] GC(518)   Evacuate Collection Set: 0.6ms
[2024-10-12T10:37:59.608+0800][info] GC(518)   Post Evacuate Collection Set: 0.2ms
[2024-10-12T10:37:59.608+0800][info] GC(518)   Other: 0.2ms
[2024-10-12T10:37:59.608+0800][info] GC(518) Eden regions: 2->0(2)
[2024-10-12T10:37:59.608+0800][info] GC(518) Survivor regions: 1->1(1)
[2024-10-12T10:37:59.608+0800][info] GC(518) Old regions: 44->46
[2024-10-12T10:37:59.608+0800][info] GC(518) Archive regions: 2->2
[2024-10-12T10:37:59.608+0800][info] GC(518) Humongous regions: 3->3
[2024-10-12T10:37:59.608+0800][info] GC(518) Metaspace: 1677K(1856K)->1677K(1856K) NonClass: 1552K(1664K)->1552K(1664K) Class: 124K(192K)->124K(192K)
[2024-10-12T10:37:59.609+0800][info] GC(518) Pause Young (Normal) (G1 Evacuation Pause) 86M->86M(128M) 1.236ms
[2024-10-12T10:37:59.609+0800][info] GC(518) User=0.00s Sys=0.00s Real=0.00s
[2024-10-12T10:37:59.711+0800][info] GC(519) Pause Young (Concurrent Start) (G1 Evacuation Pause)
[2024-10-12T10:37:59.711+0800][info] GC(519) Using 3 workers of 48 for evacuation
[2024-10-12T10:37:59.712+0800][info] GC(519)   Pre Evacuate Collection Set: 0.1ms
[2024-10-12T10:37:59.712+0800][info] GC(519)   Merge Heap Roots: 0.0ms
[2024-10-12T10:37:59.712+0800][info] GC(519)   Evacuate Collection Set: 0.9ms
[2024-10-12T10:37:59.712+0800][info] GC(519)   Post Evacuate Collection Set: 0.2ms
[2024-10-12T10:37:59.712+0800][info] GC(519)   Other: 0.4ms
[2024-10-12T10:37:59.712+0800][info] GC(519) Eden regions: 2->0(2)
[2024-10-12T10:37:59.712+0800][info] GC(519) Survivor regions: 1->1(1)
[2024-10-12T10:37:59.712+0800][info] GC(519) Old regions: 46->48
[2024-10-12T10:37:59.712+0800][info] GC(519) Archive regions: 2->2
[2024-10-12T10:37:59.712+0800][info] GC(519) Humongous regions: 3->3
[2024-10-12T10:37:59.712+0800][info] GC(519) Metaspace: 1677K(1856K)->1677K(1856K) NonClass: 1552K(1664K)->1552K(1664K) Class: 124K(192K)->124K(192K)
[2024-10-12T10:37:59.712+0800][info] GC(519) Pause Young (Concurrent Start) (G1 Evacuation Pause) 89M->90M(128M) 1.705ms
[2024-10-12T10:37:59.712+0800][info] GC(519) User=0.01s Sys=0.00s Real=0.00s
[2024-10-12T10:37:59.712+0800][info] GC(520) Concurrent Mark Cycle
[2024-10-12T10:37:59.712+0800][info] GC(520) Concurrent Clear Claimed Marks
[2024-10-12T10:37:59.712+0800][info] GC(520) Concurrent Clear Claimed Marks 0.017ms
[2024-10-12T10:37:59.713+0800][info] GC(520) Concurrent Scan Root Regions
[2024-10-12T10:37:59.713+0800][info] GC(520) Concurrent Scan Root Regions 0.107ms
[2024-10-12T10:37:59.713+0800][info] GC(520) Concurrent Mark
[2024-10-12T10:37:59.713+0800][info] GC(520) Concurrent Mark From Roots
[2024-10-12T10:37:59.713+0800][info] GC(520) Using 12 workers of 12 for marking
[2024-10-12T10:37:59.716+0800][info] GC(520) Concurrent Mark From Roots 3.390ms
[2024-10-12T10:37:59.716+0800][info] GC(520) Concurrent Preclean
[2024-10-12T10:37:59.718+0800][info] GC(520) Concurrent Preclean 1.737ms
[2024-10-12T10:37:59.718+0800][info] GC(520) Pause Remark
[2024-10-12T10:37:59.719+0800][info] GC(520) Pause Remark 90M->90M(128M) 1.554ms
[2024-10-12T10:37:59.720+0800][info] GC(520) User=0.00s Sys=0.00s Real=0.00s
[2024-10-12T10:37:59.720+0800][info] GC(520) Concurrent Mark 6.999ms
[2024-10-12T10:37:59.720+0800][info] GC(520) Concurrent Rebuild Remembered Sets
[2024-10-12T10:37:59.721+0800][info] GC(520) Concurrent Rebuild Remembered Sets 1.821ms
[2024-10-12T10:37:59.722+0800][info] GC(520) Pause Cleanup
[2024-10-12T10:37:59.722+0800][info] GC(520) Pause Cleanup 90M->90M(128M) 0.183ms
[2024-10-12T10:37:59.722+0800][info] GC(520) User=0.00s Sys=0.00s Real=0.00s
[2024-10-12T10:37:59.722+0800][info] GC(520) Concurrent Cleanup for Next Mark
[2024-10-12T10:37:59.722+0800][info] GC(520) Concurrent Cleanup for Next Mark 0.353ms
[2024-10-12T10:37:59.722+0800][info] GC(520) Concurrent Mark Cycle 9.747ms
[2024-10-12T10:37:59.865+0800][info] GC(521) Pause Young (Prepare Mixed) (G1 Evacuation Pause)
[2024-10-12T10:37:59.865+0800][info] GC(521) Using 3 workers of 48 for evacuation
[2024-10-12T10:37:59.867+0800][info] GC(521)   Pre Evacuate Collection Set: 0.1ms
[2024-10-12T10:37:59.867+0800][info] GC(521)   Merge Heap Roots: 0.1ms
[2024-10-12T10:37:59.867+0800][info] GC(521)   Evacuate Collection Set: 0.9ms
[2024-10-12T10:37:59.867+0800][info] GC(521)   Post Evacuate Collection Set: 0.2ms
[2024-10-12T10:37:59.867+0800][info] GC(521)   Other: 0.2ms
[2024-10-12T10:37:59.867+0800][info] GC(521) Eden regions: 2->0(2)
[2024-10-12T10:37:59.867+0800][info] GC(521) Survivor regions: 1->1(1)
[2024-10-12T10:37:59.867+0800][info] GC(521) Old regions: 47->49
[2024-10-12T10:37:59.867+0800][info] GC(521) Archive regions: 2->2
[2024-10-12T10:37:59.867+0800][info] GC(521) Humongous regions: 3->3
[2024-10-12T10:37:59.867+0800][info] GC(521) Metaspace: 1677K(1856K)->1677K(1856K) NonClass: 1552K(1664K)->1552K(1664K) Class: 124K(192K)->124K(192K)
[2024-10-12T10:37:59.867+0800][info] GC(521) Pause Young (Prepare Mixed) (G1 Evacuation Pause) 93M->93M(128M) 1.593ms
[2024-10-12T10:37:59.867+0800][info] GC(521) User=0.00s Sys=0.00s Real=0.00s
[2024-10-12T10:37:59.969+0800][info] GC(522) Pause Young (Mixed) (G1 Evacuation Pause)
[2024-10-12T10:37:59.969+0800][info] GC(522) Using 3 workers of 48 for evacuation
[2024-10-12T10:37:59.971+0800][info] GC(522)   Pre Evacuate Collection Set: 0.2ms
[2024-10-12T10:37:59.971+0800][info] GC(522)   Merge Heap Roots: 0.1ms
[2024-10-12T10:37:59.971+0800][info] GC(522)   Evacuate Collection Set: 1.3ms
[2024-10-12T10:37:59.971+0800][info] GC(522)   Post Evacuate Collection Set: 0.2ms
[2024-10-12T10:37:59.971+0800][info] GC(522)   Other: 0.2ms
[2024-10-12T10:37:59.971+0800][info] GC(522) Eden regions: 2->0(2)
[2024-10-12T10:37:59.971+0800][info] GC(522) Survivor regions: 1->1(1)
[2024-10-12T10:37:59.971+0800][info] GC(522) Old regions: 49->47
[2024-10-12T10:37:59.971+0800][info] GC(522) Archive regions: 2->2
[2024-10-12T10:37:59.971+0800][info] GC(522) Humongous regions: 3->3
[2024-10-12T10:37:59.971+0800][info] GC(522) Metaspace: 1677K(1856K)->1677K(1856K) NonClass: 1552K(1664K)->1552K(1664K) Class: 124K(192K)->124K(192K)
[2024-10-12T10:37:59.971+0800][info] GC(522) Pause Young (Mixed) (G1 Evacuation Pause) 97M->92M(128M) 2.057ms
[2024-10-12T10:37:59.971+0800][info] GC(522) User=0.00s Sys=0.00s Real=0.00s
[2024-10-12T10:38:00.073+0800][info] GC(523) Pause Young (Normal) (G1 Evacuation Pause)
[2024-10-12T10:38:00.073+0800][info] GC(523) Using 3 workers of 48 for evacuation
[2024-10-12T10:38:00.074+0800][info] GC(523)   Pre Evacuate Collection Set: 0.1ms
[2024-10-12T10:38:00.074+0800][info] GC(523)   Merge Heap Roots: 0.0ms
[2024-10-12T10:38:00.074+0800][info] GC(523)   Evacuate Collection Set: 0.7ms
[2024-10-12T10:38:00.074+0800][info] GC(523)   Post Evacuate Collection Set: 0.2ms
[2024-10-12T10:38:00.074+0800][info] GC(523)   Other: 0.2ms
[2024-10-12T10:38:00.074+0800][info] GC(523) Eden regions: 2->0(2)
[2024-10-12T10:38:00.074+0800][info] GC(523) Survivor regions: 1->1(1)
[2024-10-12T10:38:00.074+0800][info] GC(523) Old regions: 47->49
[2024-10-12T10:38:00.074+0800][info] GC(523) Archive regions: 2->2
[2024-10-12T10:38:00.074+0800][info] GC(523) Humongous regions: 3->3
[2024-10-12T10:38:00.074+0800][info] GC(523) Metaspace: 1677K(1856K)->1677K(1856K) NonClass: 1552K(1664K)->1552K(1664K) Class: 124K(192K)->124K(192K)
[2024-10-12T10:38:00.074+0800][info] GC(523) Pause Young (Normal) (G1 Evacuation Pause) 96M->96M(128M) 1.288ms
[2024-10-12T10:38:00.074+0800][info] GC(523) User=0.00s Sys=0.00s Real=0.01s
[2024-10-12T10:38:00.177+0800][info] GC(524) Pause Young (Concurrent Start) (G1 Evacuation Pause)
[2024-10-12T10:38:00.177+0800][info] GC(524) Using 3 workers of 48 for evacuation
[2024-10-12T10:38:00.178+0800][info] GC(524)   Pre Evacuate Collection Set: 0.1ms
[2024-10-12T10:38:00.178+0800][info] GC(524)   Merge Heap Roots: 0.0ms
[2024-10-12T10:38:00.178+0800][info] GC(524)   Evacuate Collection Set: 0.8ms
[2024-10-12T10:38:00.178+0800][info] GC(524)   Post Evacuate Collection Set: 0.2ms
[2024-10-12T10:38:00.178+0800][info] GC(524)   Other: 0.3ms
[2024-10-12T10:38:00.178+0800][info] GC(524) Eden regions: 2->0(2)
[2024-10-12T10:38:00.178+0800][info] GC(524) Survivor regions: 1->1(1)
[2024-10-12T10:38:00.178+0800][info] GC(524) Old regions: 49->51
[2024-10-12T10:38:00.178+0800][info] GC(524) Archive regions: 2->2
[2024-10-12T10:38:00.178+0800][info] GC(524) Humongous regions: 3->3
[2024-10-12T10:38:00.178+0800][info] GC(524) Metaspace: 1677K(1856K)->1677K(1856K) NonClass: 1552K(1664K)->1552K(1664K) Class: 124K(192K)->124K(192K)
[2024-10-12T10:38:00.178+0800][info] GC(524) Pause Young (Concurrent Start) (G1 Evacuation Pause) 100M->100M(128M) 1.495ms
[2024-10-12T10:38:00.178+0800][info] GC(524) User=0.00s Sys=0.00s Real=0.00s
[2024-10-12T10:38:00.178+0800][info] GC(525) Concurrent Mark Cycle
[2024-10-12T10:38:00.178+0800][info] GC(525) Concurrent Clear Claimed Marks
[2024-10-12T10:38:00.178+0800][info] GC(525) Concurrent Clear Claimed Marks 0.039ms
[2024-10-12T10:38:00.178+0800][info] GC(525) Concurrent Scan Root Regions
[2024-10-12T10:38:00.178+0800][info] GC(525) Concurrent Scan Root Regions 0.146ms
[2024-10-12T10:38:00.178+0800][info] GC(525) Concurrent Mark
[2024-10-12T10:38:00.178+0800][info] GC(525) Concurrent Mark From Roots
[2024-10-12T10:38:00.178+0800][info] GC(525) Using 12 workers of 12 for marking
[2024-10-12T10:38:00.182+0800][info] GC(525) Concurrent Mark From Roots 3.464ms
[2024-10-12T10:38:00.182+0800][info] GC(525) Concurrent Preclean
[2024-10-12T10:38:00.184+0800][info] GC(525) Concurrent Preclean 1.689ms
[2024-10-12T10:38:00.184+0800][info] GC(525) Pause Remark
[2024-10-12T10:38:00.185+0800][info] GC(525) Pause Remark 100M->100M(128M) 1.454ms
[2024-10-12T10:38:00.185+0800][info] GC(525) User=0.00s Sys=0.00s Real=0.01s
[2024-10-12T10:38:00.185+0800][info] GC(525) Concurrent Mark 6.807ms
[2024-10-12T10:38:00.185+0800][info] GC(525) Concurrent Rebuild Remembered Sets
[2024-10-12T10:38:00.187+0800][info] GC(525) Concurrent Rebuild Remembered Sets 1.306ms
[2024-10-12T10:38:00.187+0800][info] GC(525) Pause Cleanup
[2024-10-12T10:38:00.187+0800][info] GC(525) Pause Cleanup 100M->100M(128M) 0.211ms
[2024-10-12T10:38:00.187+0800][info] GC(525) User=0.01s Sys=0.00s Real=0.00s
[2024-10-12T10:38:00.187+0800][info] GC(525) Concurrent Cleanup for Next Mark
[2024-10-12T10:38:00.187+0800][info] GC(525) Concurrent Cleanup for Next Mark 0.347ms
[2024-10-12T10:38:00.187+0800][info] GC(525) Concurrent Mark Cycle 9.197ms
[2024-10-12T10:38:00.331+0800][info] GC(526) Pause Young (Prepare Mixed) (G1 Evacuation Pause)
[2024-10-12T10:38:00.331+0800][info] GC(526) Using 3 workers of 48 for evacuation
[2024-10-12T10:38:00.332+0800][info] GC(526)   Pre Evacuate Collection Set: 0.1ms
[2024-10-12T10:38:00.332+0800][info] GC(526)   Merge Heap Roots: 0.1ms
[2024-10-12T10:38:00.332+0800][info] GC(526)   Evacuate Collection Set: 0.8ms
[2024-10-12T10:38:00.332+0800][info] GC(526)   Post Evacuate Collection Set: 0.2ms
[2024-10-12T10:38:00.332+0800][info] GC(526)   Other: 0.2ms
[2024-10-12T10:38:00.332+0800][info] GC(526) Eden regions: 2->0(2)
[2024-10-12T10:38:00.332+0800][info] GC(526) Survivor regions: 1->1(1)
[2024-10-12T10:38:00.332+0800][info] GC(526) Old regions: 51->53
[2024-10-12T10:38:00.332+0800][info] GC(526) Archive regions: 2->2
[2024-10-12T10:38:00.332+0800][info] GC(526) Humongous regions: 3->3
[2024-10-12T10:38:00.332+0800][info] GC(526) Metaspace: 1677K(1856K)->1677K(1856K) NonClass: 1552K(1664K)->1552K(1664K) Class: 124K(192K)->124K(192K)
[2024-10-12T10:38:00.332+0800][info] GC(526) Pause Young (Prepare Mixed) (G1 Evacuation Pause) 103M->104M(128M) 1.477ms
[2024-10-12T10:38:00.332+0800][info] GC(526) User=0.00s Sys=0.00s Real=0.00s
[2024-10-12T10:38:00.393+0800][info] GC(527) Pause Young (Mixed) (G1 Preventive Collection)
[2024-10-12T10:38:00.393+0800][info] GC(527) Using 3 workers of 48 for evacuation
[2024-10-12T10:38:00.395+0800][info] GC(527)   Pre Evacuate Collection Set: 0.1ms
[2024-10-12T10:38:00.395+0800][info] GC(527)   Merge Heap Roots: 0.1ms
[2024-10-12T10:38:00.395+0800][info] GC(527)   Evacuate Collection Set: 1.1ms
[2024-10-12T10:38:00.395+0800][info] GC(527)   Post Evacuate Collection Set: 0.2ms
[2024-10-12T10:38:00.395+0800][info] GC(527)   Other: 0.2ms
[2024-10-12T10:38:00.395+0800][info] GC(527) Eden regions: 1->0(2)
[2024-10-12T10:38:00.395+0800][info] GC(527) Survivor regions: 1->1(1)
[2024-10-12T10:38:00.395+0800][info] GC(527) Old regions: 53->49
[2024-10-12T10:38:00.395+0800][info] GC(527) Archive regions: 2->2
[2024-10-12T10:38:00.395+0800][info] GC(527) Humongous regions: 3->3
[2024-10-12T10:38:00.395+0800][info] GC(527) Metaspace: 1677K(1856K)->1677K(1856K) NonClass: 1552K(1664K)->1552K(1664K) Class: 124K(192K)->124K(192K)
[2024-10-12T10:38:00.395+0800][info] GC(527) Pause Young (Mixed) (G1 Preventive Collection) 105M->98M(128M) 1.838ms
[2024-10-12T10:38:00.395+0800][info] GC(527) User=0.00s Sys=0.01s Real=0.00s
[2024-10-12T10:38:00.498+0800][info] GC(528) Pause Young (Mixed) (G1 Evacuation Pause)
[2024-10-12T10:38:00.498+0800][info] GC(528) Using 3 workers of 48 for evacuation
[2024-10-12T10:38:00.500+0800][info] GC(528)   Pre Evacuate Collection Set: 0.1ms
[2024-10-12T10:38:00.500+0800][info] GC(528)   Merge Heap Roots: 0.0ms
[2024-10-12T10:38:00.500+0800][info] GC(528)   Evacuate Collection Set: 1.5ms
[2024-10-12T10:38:00.500+0800][info] GC(528)   Post Evacuate Collection Set: 0.2ms
[2024-10-12T10:38:00.500+0800][info] GC(528)   Other: 0.2ms
[2024-10-12T10:38:00.500+0800][info] GC(528) Eden regions: 2->0(2)
[2024-10-12T10:38:00.500+0800][info] GC(528) Survivor regions: 1->1(1)
[2024-10-12T10:38:00.500+0800][info] GC(528) Old regions: 49->48
[2024-10-12T10:38:00.500+0800][info] GC(528) Archive regions: 2->2
[2024-10-12T10:38:00.500+0800][info] GC(528) Humongous regions: 3->3
[2024-10-12T10:38:00.500+0800][info] GC(528) Metaspace: 1677K(1856K)->1677K(1856K) NonClass: 1552K(1664K)->1552K(1664K) Class: 124K(192K)->124K(192K)
[2024-10-12T10:38:00.500+0800][info] GC(528) Pause Young (Mixed) (G1 Evacuation Pause) 102M->98M(128M) 2.169ms
[2024-10-12T10:38:00.500+0800][info] GC(528) User=0.01s Sys=0.00s Real=0.00s
[2024-10-12T10:38:00.602+0800][info] GC(529) Pause Young (Mixed) (G1 Evacuation Pause)
[2024-10-12T10:38:00.602+0800][info] GC(529) Using 3 workers of 48 for evacuation
[2024-10-12T10:38:00.604+0800][info] GC(529)   Pre Evacuate Collection Set: 0.1ms
[2024-10-12T10:38:00.604+0800][info] GC(529)   Merge Heap Roots: 0.0ms
[2024-10-12T10:38:00.604+0800][info] GC(529)   Evacuate Collection Set: 1.4ms
[2024-10-12T10:38:00.604+0800][info] GC(529)   Post Evacuate Collection Set: 0.2ms
[2024-10-12T10:38:00.604+0800][info] GC(529)   Other: 0.1ms
[2024-10-12T10:38:00.604+0800][info] GC(529) Eden regions: 2->0(2)
[2024-10-12T10:38:00.604+0800][info] GC(529) Survivor regions: 1->1(1)
[2024-10-12T10:38:00.604+0800][info] GC(529) Old regions: 48->48
[2024-10-12T10:38:00.604+0800][info] GC(529) Archive regions: 2->2
[2024-10-12T10:38:00.604+0800][info] GC(529) Humongous regions: 3->3
[2024-10-12T10:38:00.604+0800][info] GC(529) Metaspace: 1677K(1856K)->1677K(1856K) NonClass: 1552K(1664K)->1552K(1664K) Class: 124K(192K)->124K(192K)
[2024-10-12T10:38:00.604+0800][info] GC(529) Pause Young (Mixed) (G1 Evacuation Pause) 101M->100M(128M) 2.038ms
[2024-10-12T10:38:00.604+0800][info] GC(529) User=0.00s Sys=0.00s Real=0.00s
[2024-10-12T10:38:00.706+0800][info] GC(530) Pause Young (Normal) (G1 Evacuation Pause)
[2024-10-12T10:38:00.706+0800][info] GC(530) Using 3 workers of 48 for evacuation
[2024-10-12T10:38:00.707+0800][info] GC(530)   Pre Evacuate Collection Set: 0.1ms
[2024-10-12T10:38:00.707+0800][info] GC(530)   Merge Heap Roots: 0.0ms
[2024-10-12T10:38:00.707+0800][info] GC(530)   Evacuate Collection Set: 0.8ms
[2024-10-12T10:38:00.707+0800][info] GC(530)   Post Evacuate Collection Set: 0.2ms
[2024-10-12T10:38:00.707+0800][info] GC(530)   Other: 0.2ms
[2024-10-12T10:38:00.707+0800][info] GC(530) Eden regions: 2->0(2)
[2024-10-12T10:38:00.707+0800][info] GC(530) Survivor regions: 1->1(1)
[2024-10-12T10:38:00.707+0800][info] GC(530) Old regions: 48->50
[2024-10-12T10:38:00.707+0800][info] GC(530) Archive regions: 2->2
[2024-10-12T10:38:00.707+0800][info] GC(530) Humongous regions: 3->3
[2024-10-12T10:38:00.707+0800][info] GC(530) Metaspace: 1677K(1856K)->1677K(1856K) NonClass: 1552K(1664K)->1552K(1664K) Class: 124K(192K)->124K(192K)
[2024-10-12T10:38:00.707+0800][info] GC(530) Pause Young (Normal) (G1 Evacuation Pause) 103M->103M(128M) 1.379ms
[2024-10-12T10:38:00.707+0800][info] GC(530) User=0.01s Sys=0.00s Real=0.00s
[2024-10-12T10:38:00.809+0800][info] GC(531) Pause Young (Concurrent Start) (G1 Evacuation Pause)
[2024-10-12T10:38:00.809+0800][info] GC(531) Using 3 workers of 48 for evacuation
[2024-10-12T10:38:00.810+0800][info] GC(531)   Pre Evacuate Collection Set: 0.1ms
[2024-10-12T10:38:00.810+0800][info] GC(531)   Merge Heap Roots: 0.0ms
[2024-10-12T10:38:00.810+0800][info] GC(531)   Evacuate Collection Set: 0.8ms
[2024-10-12T10:38:00.811+0800][info] GC(531)   Post Evacuate Collection Set: 0.2ms
[2024-10-12T10:38:00.811+0800][info] GC(531)   Other: 0.3ms
[2024-10-12T10:38:00.811+0800][info] GC(531) Eden regions: 2->0(2)
[2024-10-12T10:38:00.811+0800][info] GC(531) Survivor regions: 1->1(1)
[2024-10-12T10:38:00.811+0800][info] GC(531) Old regions: 50->52
[2024-10-12T10:38:00.811+0800][info] GC(531) Archive regions: 2->2
[2024-10-12T10:38:00.811+0800][info] GC(531) Humongous regions: 3->3
[2024-10-12T10:38:00.811+0800][info] GC(531) Metaspace: 1677K(1856K)->1677K(1856K) NonClass: 1552K(1664K)->1552K(1664K) Class: 124K(192K)->124K(192K)
[2024-10-12T10:38:00.811+0800][info] GC(531) Pause Young (Concurrent Start) (G1 Evacuation Pause) 106M->107M(128M) 1.631ms
[2024-10-12T10:38:00.811+0800][info] GC(531) User=0.00s Sys=0.00s Real=0.00s
[2024-10-12T10:38:00.811+0800][info] GC(532) Concurrent Mark Cycle
[2024-10-12T10:38:00.811+0800][info] GC(532) Concurrent Clear Claimed Marks
[2024-10-12T10:38:00.811+0800][info] GC(532) Concurrent Clear Claimed Marks 0.017ms
[2024-10-12T10:38:00.811+0800][info] GC(532) Concurrent Scan Root Regions
[2024-10-12T10:38:00.811+0800][info] GC(532) Concurrent Scan Root Regions 0.162ms
[2024-10-12T10:38:00.811+0800][info] GC(532) Concurrent Mark
[2024-10-12T10:38:00.811+0800][info] GC(532) Concurrent Mark From Roots
[2024-10-12T10:38:00.811+0800][info] GC(532) Using 12 workers of 12 for marking
[2024-10-12T10:38:00.815+0800][info] GC(532) Concurrent Mark From Roots 3.666ms
[2024-10-12T10:38:00.815+0800][info] GC(532) Concurrent Preclean
[2024-10-12T10:38:00.816+0800][info] GC(532) Concurrent Preclean 1.691ms
[2024-10-12T10:38:00.816+0800][info] GC(532) Pause Remark
[2024-10-12T10:38:00.818+0800][info] GC(532) Pause Remark 110M->110M(128M) 1.530ms
[2024-10-12T10:38:00.818+0800][info] GC(532) User=0.00s Sys=0.00s Real=0.00s
[2024-10-12T10:38:00.818+0800][info] GC(532) Concurrent Mark 7.139ms
[2024-10-12T10:38:00.818+0800][info] GC(532) Concurrent Rebuild Remembered Sets
[2024-10-12T10:38:00.819+0800][info] GC(532) Concurrent Rebuild Remembered Sets 1.292ms
[2024-10-12T10:38:00.820+0800][info] GC(532) Pause Cleanup
[2024-10-12T10:38:00.820+0800][info] GC(532) Pause Cleanup 110M->110M(128M) 0.172ms
[2024-10-12T10:38:00.820+0800][info] GC(532) User=0.00s Sys=0.00s Real=0.00s
[2024-10-12T10:38:00.820+0800][info] GC(532) Concurrent Cleanup for Next Mark
[2024-10-12T10:38:00.820+0800][info] GC(532) Concurrent Cleanup for Next Mark 0.332ms
[2024-10-12T10:38:00.820+0800][info] GC(532) Concurrent Mark Cycle 9.383ms
[2024-10-12T10:38:00.964+0800][info] GC(533) Pause Young (Prepare Mixed) (G1 Preventive Collection)
[2024-10-12T10:38:00.964+0800][info] GC(533) Using 3 workers of 48 for evacuation
[2024-10-12T10:38:00.965+0800][info] GC(533)   Pre Evacuate Collection Set: 0.1ms
[2024-10-12T10:38:00.965+0800][info] GC(533)   Merge Heap Roots: 0.1ms
[2024-10-12T10:38:00.965+0800][info] GC(533)   Evacuate Collection Set: 0.8ms
[2024-10-12T10:38:00.965+0800][info] GC(533)   Post Evacuate Collection Set: 0.2ms
[2024-10-12T10:38:00.965+0800][info] GC(533)   Other: 0.2ms
[2024-10-12T10:38:00.965+0800][info] GC(533) Eden regions: 2->0(2)
[2024-10-12T10:38:00.966+0800][info] GC(533) Survivor regions: 1->1(1)
[2024-10-12T10:38:00.966+0800][info] GC(533) Old regions: 52->54
[2024-10-12T10:38:00.966+0800][info] GC(533) Archive regions: 2->2
[2024-10-12T10:38:00.966+0800][info] GC(533) Humongous regions: 4->3
[2024-10-12T10:38:00.966+0800][info] GC(533) Metaspace: 1677K(1856K)->1677K(1856K) NonClass: 1552K(1664K)->1552K(1664K) Class: 124K(192K)->124K(192K)
[2024-10-12T10:38:00.966+0800][info] GC(533) Pause Young (Prepare Mixed) (G1 Preventive Collection) 113M->111M(128M) 1.480ms
[2024-10-12T10:38:00.966+0800][info] GC(533) User=0.00s Sys=0.00s Real=0.01s
[2024-10-12T10:38:01.027+0800][info] GC(534) Pause Young (Mixed) (G1 Preventive Collection)
[2024-10-12T10:38:01.027+0800][info] GC(534) Using 3 workers of 48 for evacuation
[2024-10-12T10:38:01.028+0800][info] GC(534) To-space exhausted
[2024-10-12T10:38:01.028+0800][info] GC(534)   Pre Evacuate Collection Set: 0.1ms
[2024-10-12T10:38:01.028+0800][info] GC(534)   Merge Heap Roots: 0.1ms
[2024-10-12T10:38:01.028+0800][info] GC(534)   Evacuate Collection Set: 1.0ms
[2024-10-12T10:38:01.028+0800][info] GC(534)   Post Evacuate Collection Set: 0.2ms
[2024-10-12T10:38:01.028+0800][info] GC(534)   Other: 0.2ms
[2024-10-12T10:38:01.028+0800][info] GC(534) Eden regions: 1->0(2)
[2024-10-12T10:38:01.028+0800][info] GC(534) Survivor regions: 1->1(1)
[2024-10-12T10:38:01.028+0800][info] GC(534) Old regions: 54->50
[2024-10-12T10:38:01.028+0800][info] GC(534) Archive regions: 2->2
[2024-10-12T10:38:01.028+0800][info] GC(534) Humongous regions: 3->3
[2024-10-12T10:38:01.028+0800][info] GC(534) Metaspace: 1677K(1856K)->1677K(1856K) NonClass: 1552K(1664K)->1552K(1664K) Class: 124K(192K)->124K(192K)
[2024-10-12T10:38:01.029+0800][info] GC(534) Pause Young (Mixed) (G1 Preventive Collection) 113M->106M(128M) 1.674ms
[2024-10-12T10:38:01.029+0800][info] GC(534) User=0.00s Sys=0.00s Real=0.00s
[2024-10-12T10:38:01.131+0800][info] GC(535) Pause Young (Mixed) (G1 Evacuation Pause)
[2024-10-12T10:38:01.131+0800][info] GC(535) Using 3 workers of 48 for evacuation
[2024-10-12T10:38:01.133+0800][info] GC(535) To-space exhausted
[2024-10-12T10:38:01.133+0800][info] GC(535)   Pre Evacuate Collection Set: 0.1ms
[2024-10-12T10:38:01.133+0800][info] GC(535)   Merge Heap Roots: 0.0ms
[2024-10-12T10:38:01.133+0800][info] GC(535)   Evacuate Collection Set: 1.5ms
[2024-10-12T10:38:01.133+0800][info] GC(535)   Post Evacuate Collection Set: 0.2ms
[2024-10-12T10:38:01.133+0800][info] GC(535)   Other: 0.2ms
[2024-10-12T10:38:01.133+0800][info] GC(535) Eden regions: 2->0(2)
[2024-10-12T10:38:01.133+0800][info] GC(535) Survivor regions: 1->1(1)
[2024-10-12T10:38:01.133+0800][info] GC(535) Old regions: 50->50
[2024-10-12T10:38:01.133+0800][info] GC(535) Archive regions: 2->2
[2024-10-12T10:38:01.133+0800][info] GC(535) Humongous regions: 3->3
[2024-10-12T10:38:01.133+0800][info] GC(535) Metaspace: 1677K(1856K)->1677K(1856K) NonClass: 1552K(1664K)->1552K(1664K) Class: 124K(192K)->124K(192K)
[2024-10-12T10:38:01.133+0800][info] GC(535) Pause Young (Mixed) (G1 Evacuation Pause) 110M->107M(128M) 2.200ms
[2024-10-12T10:38:01.133+0800][info] GC(535) User=0.01s Sys=0.00s Real=0.00s
[2024-10-12T10:38:01.235+0800][info] GC(536) Pause Young (Mixed) (G1 Evacuation Pause)
[2024-10-12T10:38:01.235+0800][info] GC(536) Using 3 workers of 48 for evacuation
[2024-10-12T10:38:01.237+0800][info] GC(536)   Pre Evacuate Collection Set: 0.1ms
[2024-10-12T10:38:01.237+0800][info] GC(536)   Merge Heap Roots: 0.1ms
[2024-10-12T10:38:01.237+0800][info] GC(536)   Evacuate Collection Set: 1.4ms
[2024-10-12T10:38:01.237+0800][info] GC(536)   Post Evacuate Collection Set: 0.2ms
[2024-10-12T10:38:01.237+0800][info] GC(536)   Other: 0.1ms
[2024-10-12T10:38:01.237+0800][info] GC(536) Eden regions: 2->0(2)
[2024-10-12T10:38:01.237+0800][info] GC(536) Survivor regions: 1->1(1)
[2024-10-12T10:38:01.237+0800][info] GC(536) Old regions: 50->51
[2024-10-12T10:38:01.237+0800][info] GC(536) Archive regions: 2->2
[2024-10-12T10:38:01.237+0800][info] GC(536) Humongous regions: 3->3
[2024-10-12T10:38:01.237+0800][info] GC(536) Metaspace: 1677K(1856K)->1677K(1856K) NonClass: 1552K(1664K)->1552K(1664K) Class: 124K(192K)->124K(192K)
[2024-10-12T10:38:01.237+0800][info] GC(536) Pause Young (Mixed) (G1 Evacuation Pause) 110M->107M(128M) 2.080ms
[2024-10-12T10:38:01.237+0800][info] GC(536) User=0.00s Sys=0.00s Real=0.00s
[2024-10-12T10:38:01.339+0800][info] GC(537) Pause Young (Concurrent Start) (G1 Evacuation Pause)
[2024-10-12T10:38:01.339+0800][info] GC(537) Using 3 workers of 48 for evacuation
[2024-10-12T10:38:01.341+0800][info] GC(537)   Pre Evacuate Collection Set: 0.1ms
[2024-10-12T10:38:01.341+0800][info] GC(537)   Merge Heap Roots: 0.0ms
[2024-10-12T10:38:01.341+0800][info] GC(537)   Evacuate Collection Set: 0.8ms
[2024-10-12T10:38:01.341+0800][info] GC(537)   Post Evacuate Collection Set: 0.2ms
[2024-10-12T10:38:01.341+0800][info] GC(537)   Other: 0.3ms
[2024-10-12T10:38:01.341+0800][info] GC(537) Eden regions: 2->0(2)
[2024-10-12T10:38:01.341+0800][info] GC(537) Survivor regions: 1->1(1)
[2024-10-12T10:38:01.341+0800][info] GC(537) Old regions: 51->53
[2024-10-12T10:38:01.341+0800][info] GC(537) Archive regions: 2->2
[2024-10-12T10:38:01.341+0800][info] GC(537) Humongous regions: 3->3
[2024-10-12T10:38:01.341+0800][info] GC(537) Metaspace: 1677K(1856K)->1677K(1856K) NonClass: 1552K(1664K)->1552K(1664K) Class: 124K(192K)->124K(192K)
[2024-10-12T10:38:01.341+0800][info] GC(537) Pause Young (Concurrent Start) (G1 Evacuation Pause) 111M->111M(128M) 1.620ms
[2024-10-12T10:38:01.341+0800][info] GC(537) User=0.00s Sys=0.00s Real=0.00s
[2024-10-12T10:38:01.341+0800][info] GC(538) Concurrent Mark Cycle
[2024-10-12T10:38:01.341+0800][info] GC(538) Concurrent Clear Claimed Marks
[2024-10-12T10:38:01.341+0800][info] GC(538) Concurrent Clear Claimed Marks 0.017ms
[2024-10-12T10:38:01.341+0800][info] GC(538) Concurrent Scan Root Regions
[2024-10-12T10:38:01.341+0800][info] GC(538) Concurrent Scan Root Regions 0.169ms
[2024-10-12T10:38:01.341+0800][info] GC(538) Concurrent Mark
[2024-10-12T10:38:01.341+0800][info] GC(538) Concurrent Mark From Roots
[2024-10-12T10:38:01.341+0800][info] GC(538) Using 12 workers of 12 for marking
[2024-10-12T10:38:01.345+0800][info] GC(538) Concurrent Mark From Roots 3.302ms
[2024-10-12T10:38:01.345+0800][info] GC(538) Concurrent Preclean
[2024-10-12T10:38:01.346+0800][info] GC(538) Concurrent Preclean 1.719ms
[2024-10-12T10:38:01.346+0800][info] GC(538) Pause Remark
[2024-10-12T10:38:01.348+0800][info] GC(538) Pause Remark 112M->110M(128M) 1.509ms
[2024-10-12T10:38:01.348+0800][info] GC(538) User=0.00s Sys=0.00s Real=0.00s
[2024-10-12T10:38:01.348+0800][info] GC(538) Concurrent Mark 6.783ms
[2024-10-12T10:38:01.348+0800][info] GC(538) Concurrent Rebuild Remembered Sets
[2024-10-12T10:38:01.349+0800][info] GC(538) Concurrent Rebuild Remembered Sets 1.302ms
[2024-10-12T10:38:01.349+0800][info] GC(538) Pause Cleanup
[2024-10-12T10:38:01.350+0800][info] GC(538) Pause Cleanup 110M->110M(128M) 0.203ms
[2024-10-12T10:38:01.350+0800][info] GC(538) User=0.00s Sys=0.00s Real=0.00s
[2024-10-12T10:38:01.350+0800][info] GC(538) Concurrent Cleanup for Next Mark
[2024-10-12T10:38:01.350+0800][info] GC(538) Concurrent Cleanup for Next Mark 0.386ms
[2024-10-12T10:38:01.350+0800][info] GC(538) Concurrent Mark Cycle 9.202ms
[2024-10-12T10:38:01.494+0800][info] GC(539) Pause Young (Prepare Mixed) (G1 Preventive Collection)
[2024-10-12T10:38:01.494+0800][info] GC(539) Using 3 workers of 48 for evacuation
[2024-10-12T10:38:01.495+0800][info] GC(539)   Pre Evacuate Collection Set: 0.1ms
[2024-10-12T10:38:01.495+0800][info] GC(539)   Merge Heap Roots: 0.1ms
[2024-10-12T10:38:01.495+0800][info] GC(539)   Evacuate Collection Set: 0.9ms
[2024-10-12T10:38:01.495+0800][info] GC(539)   Post Evacuate Collection Set: 0.2ms
[2024-10-12T10:38:01.495+0800][info] GC(539)   Other: 0.2ms
[2024-10-12T10:38:01.495+0800][info] GC(539) Eden regions: 2->0(2)
[2024-10-12T10:38:01.495+0800][info] GC(539) Survivor regions: 1->1(1)
[2024-10-12T10:38:01.495+0800][info] GC(539) Old regions: 52->54
[2024-10-12T10:38:01.495+0800][info] GC(539) Archive regions: 2->2
[2024-10-12T10:38:01.495+0800][info] GC(539) Humongous regions: 3->3
[2024-10-12T10:38:01.495+0800][info] GC(539) Metaspace: 1677K(1856K)->1677K(1856K) NonClass: 1552K(1664K)->1552K(1664K) Class: 124K(192K)->124K(192K)
[2024-10-12T10:38:01.495+0800][info] GC(539) Pause Young (Prepare Mixed) (G1 Preventive Collection) 113M->113M(128M) 1.517ms
[2024-10-12T10:38:01.495+0800][info] GC(539) User=0.00s Sys=0.00s Real=0.00s
[2024-10-12T10:38:01.557+0800][info] GC(540) Pause Young (Mixed) (G1 Preventive Collection)
[2024-10-12T10:38:01.557+0800][info] GC(540) Using 3 workers of 48 for evacuation
[2024-10-12T10:38:01.558+0800][info] GC(540)   Pre Evacuate Collection Set: 0.1ms
[2024-10-12T10:38:01.558+0800][info] GC(540)   Merge Heap Roots: 0.1ms
[2024-10-12T10:38:01.558+0800][info] GC(540)   Evacuate Collection Set: 0.9ms
[2024-10-12T10:38:01.558+0800][info] GC(540)   Post Evacuate Collection Set: 0.2ms
[2024-10-12T10:38:01.558+0800][info] GC(540)   Other: 0.2ms
[2024-10-12T10:38:01.558+0800][info] GC(540) Eden regions: 1->0(2)
[2024-10-12T10:38:01.558+0800][info] GC(540) Survivor regions: 1->1(1)
[2024-10-12T10:38:01.558+0800][info] GC(540) Old regions: 54->49
[2024-10-12T10:38:01.558+0800][info] GC(540) Archive regions: 2->2
[2024-10-12T10:38:01.558+0800][info] GC(540) Humongous regions: 3->3
[2024-10-12T10:38:01.558+0800][info] GC(540) Metaspace: 1684K(1856K)->1684K(1856K) NonClass: 1560K(1664K)->1560K(1664K) Class: 124K(192K)->124K(192K)
[2024-10-12T10:38:01.559+0800][info] GC(540) Pause Young (Mixed) (G1 Preventive Collection) 115M->105M(128M) 1.642ms
[2024-10-12T10:38:01.559+0800][info] GC(540) User=0.00s Sys=0.01s Real=0.00s
[2024-10-12T10:38:01.661+0800][info] GC(541) Pause Young (Mixed) (G1 Evacuation Pause)
[2024-10-12T10:38:01.661+0800][info] GC(541) Using 3 workers of 48 for evacuation
[2024-10-12T10:38:01.663+0800][info] GC(541)   Pre Evacuate Collection Set: 0.1ms
[2024-10-12T10:38:01.663+0800][info] GC(541)   Merge Heap Roots: 0.1ms
[2024-10-12T10:38:01.663+0800][info] GC(541)   Evacuate Collection Set: 1.5ms
[2024-10-12T10:38:01.663+0800][info] GC(541)   Post Evacuate Collection Set: 0.2ms
[2024-10-12T10:38:01.663+0800][info] GC(541)   Other: 0.1ms
[2024-10-12T10:38:01.663+0800][info] GC(541) Eden regions: 2->0(2)
[2024-10-12T10:38:01.663+0800][info] GC(541) Survivor regions: 1->1(1)
[2024-10-12T10:38:01.663+0800][info] GC(541) Old regions: 49->47
[2024-10-12T10:38:01.663+0800][info] GC(541) Archive regions: 2->2
[2024-10-12T10:38:01.663+0800][info] GC(541) Humongous regions: 3->3
[2024-10-12T10:38:01.663+0800][info] GC(541) Metaspace: 1684K(1856K)->1684K(1856K) NonClass: 1560K(1664K)->1560K(1664K) Class: 124K(192K)->124K(192K)
[2024-10-12T10:38:01.663+0800][info] GC(541) Pause Young (Mixed) (G1 Evacuation Pause) 109M->102M(128M) 2.105ms
[2024-10-12T10:38:01.663+0800][info] GC(541) User=0.01s Sys=0.00s Real=0.00s
[2024-10-12T10:38:01.765+0800][info] GC(542) Pause Young (Mixed) (G1 Evacuation Pause)
[2024-10-12T10:38:01.765+0800][info] GC(542) Using 3 workers of 48 for evacuation
[2024-10-12T10:38:01.767+0800][info] GC(542)   Pre Evacuate Collection Set: 0.1ms
[2024-10-12T10:38:01.767+0800][info] GC(542)   Merge Heap Roots: 0.0ms
[2024-10-12T10:38:01.767+0800][info] GC(542)   Evacuate Collection Set: 0.9ms
[2024-10-12T10:38:01.767+0800][info] GC(542)   Post Evacuate Collection Set: 0.2ms
[2024-10-12T10:38:01.767+0800][info] GC(542)   Other: 0.1ms
[2024-10-12T10:38:01.767+0800][info] GC(542) Eden regions: 2->0(2)
[2024-10-12T10:38:01.767+0800][info] GC(542) Survivor regions: 1->1(1)
[2024-10-12T10:38:01.767+0800][info] GC(542) Old regions: 47->48
[2024-10-12T10:38:01.767+0800][info] GC(542) Archive regions: 2->2
[2024-10-12T10:38:01.767+0800][info] GC(542) Humongous regions: 3->3
[2024-10-12T10:38:01.767+0800][info] GC(542) Metaspace: 1684K(1856K)->1684K(1856K) NonClass: 1560K(1664K)->1560K(1664K) Class: 124K(192K)->124K(192K)
[2024-10-12T10:38:01.767+0800][info] GC(542) Pause Young (Mixed) (G1 Evacuation Pause) 105M->104M(128M) 1.525ms
[2024-10-12T10:38:01.767+0800][info] GC(542) User=0.00s Sys=0.00s Real=0.00s
[2024-10-12T10:38:01.869+0800][info] GC(543) Pause Young (Normal) (G1 Evacuation Pause)
[2024-10-12T10:38:01.869+0800][info] GC(543) Using 3 workers of 48 for evacuation
[2024-10-12T10:38:01.870+0800][info] GC(543)   Pre Evacuate Collection Set: 0.1ms
[2024-10-12T10:38:01.870+0800][info] GC(543)   Merge Heap Roots: 0.0ms
[2024-10-12T10:38:01.870+0800][info] GC(543)   Evacuate Collection Set: 0.9ms
[2024-10-12T10:38:01.870+0800][info] GC(543)   Post Evacuate Collection Set: 0.2ms
[2024-10-12T10:38:01.870+0800][info] GC(543)   Other: 0.2ms
[2024-10-12T10:38:01.870+0800][info] GC(543) Eden regions: 2->0(2)
[2024-10-12T10:38:01.870+0800][info] GC(543) Survivor regions: 1->1(1)
[2024-10-12T10:38:01.870+0800][info] GC(543) Old regions: 48->50
[2024-10-12T10:38:01.870+0800][info] GC(543) Archive regions: 2->2
[2024-10-12T10:38:01.870+0800][info] GC(543) Humongous regions: 3->3
[2024-10-12T10:38:01.870+0800][info] GC(543) Metaspace: 1684K(1856K)->1684K(1856K) NonClass: 1560K(1664K)->1560K(1664K) Class: 124K(192K)->124K(192K)
[2024-10-12T10:38:01.870+0800][info] GC(543) Pause Young (Normal) (G1 Evacuation Pause) 108M->108M(128M) 1.500ms
[2024-10-12T10:38:01.870+0800][info] GC(543) User=0.00s Sys=0.00s Real=0.00s
[2024-10-12T10:38:01.972+0800][info] GC(544) Pause Young (Concurrent Start) (G1 Evacuation Pause)
[2024-10-12T10:38:01.972+0800][info] GC(544) Using 3 workers of 48 for evacuation
[2024-10-12T10:38:01.974+0800][info] GC(544)   Pre Evacuate Collection Set: 0.1ms
[2024-10-12T10:38:01.974+0800][info] GC(544)   Merge Heap Roots: 0.0ms
[2024-10-12T10:38:01.974+0800][info] GC(544)   Evacuate Collection Set: 0.8ms
[2024-10-12T10:38:01.974+0800][info] GC(544)   Post Evacuate Collection Set: 0.2ms
[2024-10-12T10:38:01.974+0800][info] GC(544)   Other: 0.4ms
[2024-10-12T10:38:01.974+0800][info] GC(544) Eden regions: 2->0(2)
[2024-10-12T10:38:01.974+0800][info] GC(544) Survivor regions: 1->1(1)
[2024-10-12T10:38:01.974+0800][info] GC(544) Old regions: 50->52
[2024-10-12T10:38:01.974+0800][info] GC(544) Archive regions: 2->2
[2024-10-12T10:38:01.974+0800][info] GC(544) Humongous regions: 3->3
[2024-10-12T10:38:01.974+0800][info] GC(544) Metaspace: 1684K(1856K)->1684K(1856K) NonClass: 1560K(1664K)->1560K(1664K) Class: 124K(192K)->124K(192K)
[2024-10-12T10:38:01.974+0800][info] GC(544) Pause Young (Concurrent Start) (G1 Evacuation Pause) 112M->112M(128M) 1.591ms
[2024-10-12T10:38:01.974+0800][info] GC(544) User=0.00s Sys=0.00s Real=0.01s
[2024-10-12T10:38:01.974+0800][info] GC(545) Concurrent Mark Cycle
[2024-10-12T10:38:01.974+0800][info] GC(545) Concurrent Clear Claimed Marks
[2024-10-12T10:38:01.974+0800][info] GC(545) Concurrent Clear Claimed Marks 0.017ms
[2024-10-12T10:38:01.974+0800][info] GC(545) Concurrent Scan Root Regions
[2024-10-12T10:38:01.974+0800][info] GC(545) Concurrent Scan Root Regions 0.123ms
[2024-10-12T10:38:01.974+0800][info] GC(545) Concurrent Mark
[2024-10-12T10:38:01.974+0800][info] GC(545) Concurrent Mark From Roots
[2024-10-12T10:38:01.974+0800][info] GC(545) Using 12 workers of 12 for marking
[2024-10-12T10:38:01.978+0800][info] GC(545) Concurrent Mark From Roots 3.704ms
[2024-10-12T10:38:01.978+0800][info] GC(545) Concurrent Preclean
[2024-10-12T10:38:01.980+0800][info] GC(545) Concurrent Preclean 1.694ms
[2024-10-12T10:38:01.980+0800][info] GC(545) Pause Remark
[2024-10-12T10:38:01.981+0800][info] GC(545) Pause Remark 113M->113M(128M) 1.663ms
[2024-10-12T10:38:01.981+0800][info] GC(545) User=0.00s Sys=0.00s Real=0.00s
[2024-10-12T10:38:01.982+0800][info] GC(545) Concurrent Mark 7.313ms
[2024-10-12T10:38:01.982+0800][info] GC(545) Concurrent Rebuild Remembered Sets
[2024-10-12T10:38:01.983+0800][info] GC(545) Concurrent Rebuild Remembered Sets 1.283ms
[2024-10-12T10:38:01.983+0800][info] GC(545) Pause Cleanup
[2024-10-12T10:38:01.983+0800][info] GC(545) Pause Cleanup 113M->113M(128M) 0.210ms
[2024-10-12T10:38:01.983+0800][info] GC(545) User=0.00s Sys=0.00s Real=0.00s
[2024-10-12T10:38:01.983+0800][info] GC(545) Concurrent Cleanup for Next Mark
[2024-10-12T10:38:01.984+0800][info] GC(545) Concurrent Cleanup for Next Mark 0.395ms
[2024-10-12T10:38:01.984+0800][info] GC(545) Concurrent Mark Cycle 9.677ms
[2024-10-12T10:38:02.127+0800][info] GC(546) Pause Young (Prepare Mixed) (G1 Preventive Collection)
[2024-10-12T10:38:02.127+0800][info] GC(546) Using 3 workers of 48 for evacuation
[2024-10-12T10:38:02.128+0800][info] GC(546)   Pre Evacuate Collection Set: 0.1ms
[2024-10-12T10:38:02.128+0800][info] GC(546)   Merge Heap Roots: 0.1ms
[2024-10-12T10:38:02.128+0800][info] GC(546)   Evacuate Collection Set: 0.8ms
[2024-10-12T10:38:02.128+0800][info] GC(546)   Post Evacuate Collection Set: 0.2ms
[2024-10-12T10:38:02.128+0800][info] GC(546)   Other: 0.2ms
[2024-10-12T10:38:02.128+0800][info] GC(546) Eden regions: 2->0(2)
[2024-10-12T10:38:02.128+0800][info] GC(546) Survivor regions: 1->1(1)
[2024-10-12T10:38:02.128+0800][info] GC(546) Old regions: 52->54
[2024-10-12T10:38:02.128+0800][info] GC(546) Archive regions: 2->2
[2024-10-12T10:38:02.128+0800][info] GC(546) Humongous regions: 3->3
[2024-10-12T10:38:02.128+0800][info] GC(546) Metaspace: 1684K(1856K)->1684K(1856K) NonClass: 1560K(1664K)->1560K(1664K) Class: 124K(192K)->124K(192K)
[2024-10-12T10:38:02.128+0800][info] GC(546) Pause Young (Prepare Mixed) (G1 Preventive Collection) 116M->116M(128M) 1.465ms
[2024-10-12T10:38:02.128+0800][info] GC(546) User=0.00s Sys=0.00s Real=0.00s
[2024-10-12T10:38:02.190+0800][info] GC(547) Pause Young (Mixed) (G1 Preventive Collection)
[2024-10-12T10:38:02.190+0800][info] GC(547) Using 3 workers of 48 for evacuation
[2024-10-12T10:38:02.191+0800][info] GC(547) To-space exhausted
[2024-10-12T10:38:02.191+0800][info] GC(547)   Pre Evacuate Collection Set: 0.1ms
[2024-10-12T10:38:02.191+0800][info] GC(547)   Merge Heap Roots: 0.1ms
[2024-10-12T10:38:02.191+0800][info] GC(547)   Evacuate Collection Set: 0.7ms
[2024-10-12T10:38:02.191+0800][info] GC(547)   Post Evacuate Collection Set: 0.2ms
[2024-10-12T10:38:02.191+0800][info] GC(547)   Other: 0.2ms
[2024-10-12T10:38:02.191+0800][info] GC(547) Eden regions: 1->0(2)
[2024-10-12T10:38:02.191+0800][info] GC(547) Survivor regions: 1->1(1)
[2024-10-12T10:38:02.191+0800][info] GC(547) Old regions: 54->54
[2024-10-12T10:38:02.191+0800][info] GC(547) Archive regions: 2->2
[2024-10-12T10:38:02.191+0800][info] GC(547) Humongous regions: 3->3
[2024-10-12T10:38:02.191+0800][info] GC(547) Metaspace: 1684K(1856K)->1684K(1856K) NonClass: 1560K(1664K)->1560K(1664K) Class: 124K(192K)->124K(192K)
[2024-10-12T10:38:02.191+0800][info] GC(547) Pause Young (Mixed) (G1 Preventive Collection) 118M->117M(128M) 1.433ms
[2024-10-12T10:38:02.191+0800][info] GC(547) User=0.00s Sys=0.00s Real=0.00s
[2024-10-12T10:38:02.232+0800][info] GC(548) Pause Young (Mixed) (G1 Preventive Collection)
[2024-10-12T10:38:02.232+0800][info] GC(548) Using 3 workers of 48 for evacuation
[2024-10-12T10:38:02.234+0800][info] GC(548) To-space exhausted
[2024-10-12T10:38:02.234+0800][info] GC(548)   Pre Evacuate Collection Set: 0.1ms
[2024-10-12T10:38:02.234+0800][info] GC(548)   Merge Heap Roots: 0.1ms
[2024-10-12T10:38:02.234+0800][info] GC(548)   Evacuate Collection Set: 0.9ms
[2024-10-12T10:38:02.234+0800][info] GC(548)   Post Evacuate Collection Set: 0.3ms
[2024-10-12T10:38:02.234+0800][info] GC(548)   Other: 0.2ms
[2024-10-12T10:38:02.234+0800][info] GC(548) Eden regions: 1->0(2)
[2024-10-12T10:38:02.234+0800][info] GC(548) Survivor regions: 1->1(1)
[2024-10-12T10:38:02.234+0800][info] GC(548) Old regions: 54->57
[2024-10-12T10:38:02.234+0800][info] GC(548) Archive regions: 2->2
[2024-10-12T10:38:02.234+0800][info] GC(548) Humongous regions: 3->3
[2024-10-12T10:38:02.234+0800][info] GC(548) Metaspace: 1684K(1856K)->1684K(1856K) NonClass: 1560K(1664K)->1560K(1664K) Class: 124K(192K)->124K(192K)
[2024-10-12T10:38:02.234+0800][info] GC(548) Pause Young (Mixed) (G1 Preventive Collection) 119M->122M(128M) 1.581ms
[2024-10-12T10:38:02.234+0800][info] GC(548) User=0.01s Sys=0.00s Real=0.01s
[2024-10-12T10:38:02.295+0800][info] GC(549) Pause Young (Mixed) (G1 Evacuation Pause)
[2024-10-12T10:38:02.295+0800][info] GC(549) Using 3 workers of 48 for evacuation
[2024-10-12T10:38:02.296+0800][info] GC(549) To-space exhausted
[2024-10-12T10:38:02.296+0800][info] GC(549)   Pre Evacuate Collection Set: 0.1ms
[2024-10-12T10:38:02.296+0800][info] GC(549)   Merge Heap Roots: 0.0ms
[2024-10-12T10:38:02.296+0800][info] GC(549)   Evacuate Collection Set: 0.2ms
[2024-10-12T10:38:02.296+0800][info] GC(549)   Post Evacuate Collection Set: 0.2ms
[2024-10-12T10:38:02.296+0800][info] GC(549)   Other: 0.1ms
[2024-10-12T10:38:02.296+0800][info] GC(549) Eden regions: 1->0(3)
[2024-10-12T10:38:02.296+0800][info] GC(549) Survivor regions: 1->0(0)
[2024-10-12T10:38:02.296+0800][info] GC(549) Old regions: 57->59
[2024-10-12T10:38:02.296+0800][info] GC(549) Archive regions: 2->2
[2024-10-12T10:38:02.296+0800][info] GC(549) Humongous regions: 3->3
[2024-10-12T10:38:02.296+0800][info] GC(549) Metaspace: 1684K(1856K)->1684K(1856K) NonClass: 1560K(1664K)->1560K(1664K) Class: 124K(192K)->124K(192K)
[2024-10-12T10:38:02.296+0800][info] GC(549) Pause Young (Mixed) (G1 Evacuation Pause) 124M->124M(128M) 0.841ms
[2024-10-12T10:38:02.296+0800][info] GC(549) User=0.00s Sys=0.00s Real=0.00s
[2024-10-12T10:38:02.296+0800][info] Attempting full compaction
[2024-10-12T10:38:02.296+0800][info] GC(550) Using 3 workers of 48 for full compaction
[2024-10-12T10:38:02.296+0800][info] GC(550) Pause Full (G1 Compaction Pause)
[2024-10-12T10:38:02.296+0800][info] GC(550) Phase 1: Mark live objects
[2024-10-12T10:38:02.299+0800][info] GC(550) Phase 1: Mark live objects 3.274ms
[2024-10-12T10:38:02.299+0800][info] GC(550) Phase 2: Prepare for compaction
[2024-10-12T10:38:02.300+0800][info] GC(550) Phase 2: Prepare for compaction 0.520ms
[2024-10-12T10:38:02.300+0800][info] GC(550) Phase 3: Adjust pointers
[2024-10-12T10:38:02.302+0800][info] GC(550) Phase 3: Adjust pointers 1.625ms
[2024-10-12T10:38:02.302+0800][info] GC(550) Phase 4: Compact heap
[2024-10-12T10:38:02.317+0800][info] GC(550) Phase 4: Compact heap 15.920ms
[2024-10-12T10:38:02.319+0800][info] GC(550) Eden regions: 0->0(4)
[2024-10-12T10:38:02.319+0800][info] GC(550) Survivor regions: 0->0(0)
[2024-10-12T10:38:02.319+0800][info] GC(550) Old regions: 59->37
[2024-10-12T10:38:02.319+0800][info] GC(550) Archive regions: 2->2
[2024-10-12T10:38:02.319+0800][info] GC(550) Humongous regions: 3->3
[2024-10-12T10:38:02.319+0800][info] GC(550) Metaspace: 1684K(1856K)->1684K(1856K) NonClass: 1560K(1664K)->1560K(1664K) Class: 124K(192K)->124K(192K)
[2024-10-12T10:38:02.319+0800][info] GC(550) Pause Full (G1 Compaction Pause) 124M->71M(128M) 23.067ms
[2024-10-12T10:38:02.319+0800][info] GC(550) User=0.04s Sys=0.01s Real=0.02s
[2024-10-12T10:38:02.524+0800][info] GC(551) Pause Young (Normal) (G1 Evacuation Pause)
[2024-10-12T10:38:02.524+0800][info] GC(551) Using 3 workers of 48 for evacuation
[2024-10-12T10:38:02.525+0800][info] GC(551)   Pre Evacuate Collection Set: 0.1ms
[2024-10-12T10:38:02.525+0800][info] GC(551)   Merge Heap Roots: 0.0ms
[2024-10-12T10:38:02.525+0800][info] GC(551)   Evacuate Collection Set: 1.2ms
[2024-10-12T10:38:02.525+0800][info] GC(551)   Post Evacuate Collection Set: 0.2ms
[2024-10-12T10:38:02.526+0800][info] GC(551)   Other: 0.2ms
[2024-10-12T10:38:02.526+0800][info] GC(551) Eden regions: 4->0(3)
[2024-10-12T10:38:02.526+0800][info] GC(551) Survivor regions: 0->1(1)
[2024-10-12T10:38:02.526+0800][info] GC(551) Old regions: 37->40
[2024-10-12T10:38:02.526+0800][info] GC(551) Archive regions: 2->2
[2024-10-12T10:38:02.526+0800][info] GC(551) Humongous regions: 3->3
[2024-10-12T10:38:02.526+0800][info] GC(551) Metaspace: 1684K(1856K)->1684K(1856K) NonClass: 1560K(1664K)->1560K(1664K) Class: 124K(192K)->124K(192K)
[2024-10-12T10:38:02.526+0800][info] GC(551) Pause Young (Normal) (G1 Evacuation Pause) 79M->79M(128M) 1.840ms
[2024-10-12T10:38:02.526+0800][info] GC(551) User=0.01s Sys=0.00s Real=0.01s
[2024-10-12T10:38:02.689+0800][info] GC(552) Pause Young (Normal) (G1 Evacuation Pause)
[2024-10-12T10:38:02.689+0800][info] GC(552) Using 3 workers of 48 for evacuation
[2024-10-12T10:38:02.691+0800][info] GC(552)   Pre Evacuate Collection Set: 0.1ms
[2024-10-12T10:38:02.691+0800][info] GC(552)   Merge Heap Roots: 0.0ms
[2024-10-12T10:38:02.691+0800][info] GC(552)   Evacuate Collection Set: 1.0ms
[2024-10-12T10:38:02.691+0800][info] GC(552)   Post Evacuate Collection Set: 0.2ms
[2024-10-12T10:38:02.691+0800][info] GC(552)   Other: 0.3ms
[2024-10-12T10:38:02.691+0800][info] GC(552) Eden regions: 3->0(2)
[2024-10-12T10:38:02.691+0800][info] GC(552) Survivor regions: 1->1(1)
[2024-10-12T10:38:02.691+0800][info] GC(552) Old regions: 40->44
[2024-10-12T10:38:02.691+0800][info] GC(552) Archive regions: 2->2
[2024-10-12T10:38:02.691+0800][info] GC(552) Humongous regions: 3->3
[2024-10-12T10:38:02.691+0800][info] GC(552) Metaspace: 1684K(1856K)->1684K(1856K) NonClass: 1560K(1664K)->1560K(1664K) Class: 124K(192K)->124K(192K)
[2024-10-12T10:38:02.691+0800][info] GC(552) Pause Young (Normal) (G1 Evacuation Pause) 85M->86M(128M) 1.591ms
[2024-10-12T10:38:02.691+0800][info] GC(552) User=0.00s Sys=0.00s Real=0.00s
[2024-10-12T10:38:02.793+0800][info] GC(553) Pause Young (Normal) (G1 Evacuation Pause)
[2024-10-12T10:38:02.793+0800][info] GC(553) Using 3 workers of 48 for evacuation
[2024-10-12T10:38:02.794+0800][info] GC(553)   Pre Evacuate Collection Set: 0.1ms
[2024-10-12T10:38:02.794+0800][info] GC(553)   Merge Heap Roots: 0.0ms
[2024-10-12T10:38:02.794+0800][info] GC(553)   Evacuate Collection Set: 0.7ms
[2024-10-12T10:38:02.794+0800][info] GC(553)   Post Evacuate Collection Set: 0.2ms
[2024-10-12T10:38:02.794+0800][info] GC(553)   Other: 0.2ms
[2024-10-12T10:38:02.794+0800][info] GC(553) Eden regions: 2->0(2)
[2024-10-12T10:38:02.794+0800][info] GC(553) Survivor regions: 1->1(1)
[2024-10-12T10:38:02.794+0800][info] GC(553) Old regions: 44->45
[2024-10-12T10:38:02.794+0800][info] GC(553) Archive regions: 2->2
[2024-10-12T10:38:02.794+0800][info] GC(553) Humongous regions: 3->3
[2024-10-12T10:38:02.794+0800][info] GC(553) Metaspace: 1684K(1856K)->1684K(1856K) NonClass: 1560K(1664K)->1560K(1664K) Class: 124K(192K)->124K(192K)
[2024-10-12T10:38:02.794+0800][info] GC(553) Pause Young (Normal) (G1 Evacuation Pause) 89M->89M(128M) 1.345ms
[2024-10-12T10:38:02.794+0800][info] GC(553) User=0.01s Sys=0.00s Real=0.01s
[2024-10-12T10:38:02.896+0800][info] GC(554) Pause Young (Normal) (G1 Evacuation Pause)
[2024-10-12T10:38:02.896+0800][info] GC(554) Using 3 workers of 48 for evacuation
[2024-10-12T10:38:02.897+0800][info] GC(554)   Pre Evacuate Collection Set: 0.1ms
[2024-10-12T10:38:02.897+0800][info] GC(554)   Merge Heap Roots: 0.0ms
[2024-10-12T10:38:02.897+0800][info] GC(554)   Evacuate Collection Set: 0.7ms
[2024-10-12T10:38:02.897+0800][info] GC(554)   Post Evacuate Collection Set: 0.2ms
[2024-10-12T10:38:02.897+0800][info] GC(554)   Other: 0.2ms
[2024-10-12T10:38:02.897+0800][info] GC(554) Eden regions: 2->0(2)
[2024-10-12T10:38:02.897+0800][info] GC(554) Survivor regions: 1->1(1)
[2024-10-12T10:38:02.897+0800][info] GC(554) Old regions: 45->47
[2024-10-12T10:38:02.897+0800][info] GC(554) Archive regions: 2->2
[2024-10-12T10:38:02.897+0800][info] GC(554) Humongous regions: 3->3
[2024-10-12T10:38:02.898+0800][info] GC(554) Metaspace: 1684K(1856K)->1684K(1856K) NonClass: 1560K(1664K)->1560K(1664K) Class: 124K(192K)->124K(192K)
[2024-10-12T10:38:02.898+0800][info] GC(554) Pause Young (Normal) (G1 Evacuation Pause) 92M->92M(128M) 1.342ms
[2024-10-12T10:38:02.898+0800][info] GC(554) User=0.00s Sys=0.00s Real=0.00s
[2024-10-12T10:38:02.999+0800][info] GC(555) Pause Young (Concurrent Start) (G1 Evacuation Pause)
[2024-10-12T10:38:03.000+0800][info] GC(555) Using 3 workers of 48 for evacuation
[2024-10-12T10:38:03.001+0800][info] GC(555)   Pre Evacuate Collection Set: 0.1ms
[2024-10-12T10:38:03.001+0800][info] GC(555)   Merge Heap Roots: 0.0ms
[2024-10-12T10:38:03.001+0800][info] GC(555)   Evacuate Collection Set: 0.8ms
[2024-10-12T10:38:03.001+0800][info] GC(555)   Post Evacuate Collection Set: 0.2ms
[2024-10-12T10:38:03.001+0800][info] GC(555)   Other: 0.4ms
[2024-10-12T10:38:03.001+0800][info] GC(555) Eden regions: 2->0(2)
[2024-10-12T10:38:03.001+0800][info] GC(555) Survivor regions: 1->1(1)
[2024-10-12T10:38:03.001+0800][info] GC(555) Old regions: 47->49
[2024-10-12T10:38:03.001+0800][info] GC(555) Archive regions: 2->2
[2024-10-12T10:38:03.001+0800][info] GC(555) Humongous regions: 3->3
[2024-10-12T10:38:03.001+0800][info] GC(555) Metaspace: 1684K(1856K)->1684K(1856K) NonClass: 1560K(1664K)->1560K(1664K) Class: 124K(192K)->124K(192K)
[2024-10-12T10:38:03.001+0800][info] GC(555) Pause Young (Concurrent Start) (G1 Evacuation Pause) 96M->96M(128M) 1.590ms
[2024-10-12T10:38:03.001+0800][info] GC(555) User=0.01s Sys=0.00s Real=0.00s
[2024-10-12T10:38:03.001+0800][info] GC(556) Concurrent Mark Cycle
[2024-10-12T10:38:03.001+0800][info] GC(556) Concurrent Clear Claimed Marks
[2024-10-12T10:38:03.001+0800][info] GC(556) Concurrent Clear Claimed Marks 0.017ms
[2024-10-12T10:38:03.001+0800][info] GC(556) Concurrent Scan Root Regions
[2024-10-12T10:38:03.001+0800][info] GC(556) Concurrent Scan Root Regions 0.170ms
[2024-10-12T10:38:03.001+0800][info] GC(556) Concurrent Mark
[2024-10-12T10:38:03.002+0800][info] GC(556) Concurrent Mark From Roots
[2024-10-12T10:38:03.002+0800][info] GC(556) Using 12 workers of 12 for marking
[2024-10-12T10:38:03.005+0800][info] GC(556) Concurrent Mark From Roots 3.323ms
[2024-10-12T10:38:03.005+0800][info] GC(556) Concurrent Preclean
[2024-10-12T10:38:03.007+0800][info] GC(556) Concurrent Preclean 1.739ms
[2024-10-12T10:38:03.007+0800][info] GC(556) Pause Remark
[2024-10-12T10:38:03.008+0800][info] GC(556) Pause Remark 97M->95M(128M) 1.475ms
[2024-10-12T10:38:03.008+0800][info] GC(556) User=0.00s Sys=0.00s Real=0.00s
[2024-10-12T10:38:03.008+0800][info] GC(556) Concurrent Mark 6.781ms
[2024-10-12T10:38:03.008+0800][info] GC(556) Concurrent Rebuild Remembered Sets
[2024-10-12T10:38:03.010+0800][info] GC(556) Concurrent Rebuild Remembered Sets 1.574ms
[2024-10-12T10:38:03.010+0800][info] GC(556) Pause Cleanup
[2024-10-12T10:38:03.010+0800][info] GC(556) Pause Cleanup 95M->95M(128M) 0.219ms
[2024-10-12T10:38:03.010+0800][info] GC(556) User=0.00s Sys=0.00s Real=0.00s
[2024-10-12T10:38:03.010+0800][info] GC(556) Concurrent Cleanup for Next Mark
[2024-10-12T10:38:03.011+0800][info] GC(556) Concurrent Cleanup for Next Mark 0.399ms
[2024-10-12T10:38:03.011+0800][info] GC(556) Concurrent Mark Cycle 9.525ms
[2024-10-12T10:38:03.155+0800][info] GC(557) Pause Young (Prepare Mixed) (G1 Evacuation Pause)
[2024-10-12T10:38:03.155+0800][info] GC(557) Using 3 workers of 48 for evacuation
[2024-10-12T10:38:03.156+0800][info] GC(557)   Pre Evacuate Collection Set: 0.1ms
[2024-10-12T10:38:03.156+0800][info] GC(557)   Merge Heap Roots: 0.1ms
[2024-10-12T10:38:03.156+0800][info] GC(557)   Evacuate Collection Set: 0.8ms
[2024-10-12T10:38:03.156+0800][info] GC(557)   Post Evacuate Collection Set: 0.2ms
[2024-10-12T10:38:03.156+0800][info] GC(557)   Other: 0.2ms
[2024-10-12T10:38:03.156+0800][info] GC(557) Eden regions: 2->0(2)
[2024-10-12T10:38:03.156+0800][info] GC(557) Survivor regions: 1->1(1)
[2024-10-12T10:38:03.156+0800][info] GC(557) Old regions: 48->50
[2024-10-12T10:38:03.156+0800][info] GC(557) Archive regions: 2->2
[2024-10-12T10:38:03.156+0800][info] GC(557) Humongous regions: 4->3
[2024-10-12T10:38:03.156+0800][info] GC(557) Metaspace: 1684K(1856K)->1684K(1856K) NonClass: 1560K(1664K)->1560K(1664K) Class: 124K(192K)->124K(192K)
[2024-10-12T10:38:03.156+0800][info] GC(557) Pause Young (Prepare Mixed) (G1 Evacuation Pause) 100M->99M(128M) 1.409ms
[2024-10-12T10:38:03.156+0800][info] GC(557) User=0.00s Sys=0.00s Real=0.00s
[2024-10-12T10:38:03.258+0800][info] GC(558) Pause Young (Mixed) (G1 Evacuation Pause)
[2024-10-12T10:38:03.258+0800][info] GC(558) Using 3 workers of 48 for evacuation
[2024-10-12T10:38:03.259+0800][info] GC(558)   Pre Evacuate Collection Set: 0.1ms
[2024-10-12T10:38:03.259+0800][info] GC(558)   Merge Heap Roots: 0.0ms
[2024-10-12T10:38:03.259+0800][info] GC(558)   Evacuate Collection Set: 1.1ms
[2024-10-12T10:38:03.260+0800][info] GC(558)   Post Evacuate Collection Set: 0.2ms
[2024-10-12T10:38:03.260+0800][info] GC(558)   Other: 0.2ms
[2024-10-12T10:38:03.260+0800][info] GC(558) Eden regions: 2->0(2)
[2024-10-12T10:38:03.260+0800][info] GC(558) Survivor regions: 1->1(1)
[2024-10-12T10:38:03.260+0800][info] GC(558) Old regions: 50->47
[2024-10-12T10:38:03.260+0800][info] GC(558) Archive regions: 2->2
[2024-10-12T10:38:03.260+0800][info] GC(558) Humongous regions: 3->3
[2024-10-12T10:38:03.260+0800][info] GC(558) Metaspace: 1684K(1856K)->1684K(1856K) NonClass: 1560K(1664K)->1560K(1664K) Class: 124K(192K)->124K(192K)
[2024-10-12T10:38:03.260+0800][info] GC(558) Pause Young (Mixed) (G1 Evacuation Pause) 102M->96M(128M) 1.754ms
[2024-10-12T10:38:03.260+0800][info] GC(558) User=0.01s Sys=0.00s Real=0.00s
[2024-10-12T10:38:03.362+0800][info] GC(559) Pause Young (Mixed) (G1 Evacuation Pause)
[2024-10-12T10:38:03.362+0800][info] GC(559) Using 3 workers of 48 for evacuation
[2024-10-12T10:38:03.363+0800][info] GC(559)   Pre Evacuate Collection Set: 0.1ms
[2024-10-12T10:38:03.363+0800][info] GC(559)   Merge Heap Roots: 0.1ms
[2024-10-12T10:38:03.363+0800][info] GC(559)   Evacuate Collection Set: 1.0ms
[2024-10-12T10:38:03.363+0800][info] GC(559)   Post Evacuate Collection Set: 0.2ms
[2024-10-12T10:38:03.363+0800][info] GC(559)   Other: 0.1ms
[2024-10-12T10:38:03.363+0800][info] GC(559) Eden regions: 2->0(2)
[2024-10-12T10:38:03.363+0800][info] GC(559) Survivor regions: 1->1(1)
[2024-10-12T10:38:03.363+0800][info] GC(559) Old regions: 47->47
[2024-10-12T10:38:03.363+0800][info] GC(559) Archive regions: 2->2
[2024-10-12T10:38:03.363+0800][info] GC(559) Humongous regions: 3->3
[2024-10-12T10:38:03.363+0800][info] GC(559) Metaspace: 1684K(1856K)->1684K(1856K) NonClass: 1560K(1664K)->1560K(1664K) Class: 124K(192K)->124K(192K)
[2024-10-12T10:38:03.364+0800][info] GC(559) Pause Young (Mixed) (G1 Evacuation Pause) 99M->97M(128M) 1.626ms
[2024-10-12T10:38:03.364+0800][info] GC(559) User=0.00s Sys=0.00s Real=0.00s
[2024-10-12T10:38:03.465+0800][info] GC(560) Pause Young (Normal) (G1 Evacuation Pause)
[2024-10-12T10:38:03.465+0800][info] GC(560) Using 3 workers of 48 for evacuation
[2024-10-12T10:38:03.466+0800][info] GC(560)   Pre Evacuate Collection Set: 0.1ms
[2024-10-12T10:38:03.466+0800][info] GC(560)   Merge Heap Roots: 0.0ms
[2024-10-12T10:38:03.466+0800][info] GC(560)   Evacuate Collection Set: 0.6ms
[2024-10-12T10:38:03.466+0800][info] GC(560)   Post Evacuate Collection Set: 0.2ms
[2024-10-12T10:38:03.466+0800][info] GC(560)   Other: 0.2ms
[2024-10-12T10:38:03.466+0800][info] GC(560) Eden regions: 2->0(2)
[2024-10-12T10:38:03.466+0800][info] GC(560) Survivor regions: 1->1(1)
[2024-10-12T10:38:03.466+0800][info] GC(560) Old regions: 47->49
[2024-10-12T10:38:03.466+0800][info] GC(560) Archive regions: 2->2
[2024-10-12T10:38:03.466+0800][info] GC(560) Humongous regions: 3->3
[2024-10-12T10:38:03.466+0800][info] GC(560) Metaspace: 1684K(1856K)->1684K(1856K) NonClass: 1560K(1664K)->1560K(1664K) Class: 124K(192K)->124K(192K)
[2024-10-12T10:38:03.467+0800][info] GC(560) Pause Young (Normal) (G1 Evacuation Pause) 100M->100M(128M) 1.124ms
[2024-10-12T10:38:03.467+0800][info] GC(560) User=0.01s Sys=0.00s Real=0.00s
[2024-10-12T10:38:03.569+0800][info] GC(561) Pause Young (Normal) (G1 Evacuation Pause)
[2024-10-12T10:38:03.569+0800][info] GC(561) Using 3 workers of 48 for evacuation
[2024-10-12T10:38:03.570+0800][info] GC(561)   Pre Evacuate Collection Set: 0.1ms
[2024-10-12T10:38:03.570+0800][info] GC(561)   Merge Heap Roots: 0.0ms
[2024-10-12T10:38:03.570+0800][info] GC(561)   Evacuate Collection Set: 0.7ms
[2024-10-12T10:38:03.570+0800][info] GC(561)   Post Evacuate Collection Set: 0.2ms
[2024-10-12T10:38:03.570+0800][info] GC(561)   Other: 0.2ms
[2024-10-12T10:38:03.570+0800][info] GC(561) Eden regions: 2->0(2)
[2024-10-12T10:38:03.570+0800][info] GC(561) Survivor regions: 1->1(1)
[2024-10-12T10:38:03.570+0800][info] GC(561) Old regions: 49->51
[2024-10-12T10:38:03.570+0800][info] GC(561) Archive regions: 2->2
[2024-10-12T10:38:03.570+0800][info] GC(561) Humongous regions: 3->3
[2024-10-12T10:38:03.570+0800][info] GC(561) Metaspace: 1684K(1856K)->1684K(1856K) NonClass: 1560K(1664K)->1560K(1664K) Class: 124K(192K)->124K(192K)
[2024-10-12T10:38:03.570+0800][info] GC(561) Pause Young (Normal) (G1 Evacuation Pause) 104M->104M(128M) 1.360ms
[2024-10-12T10:38:03.570+0800][info] GC(561) User=0.00s Sys=0.00s Real=0.00s
[2024-10-12T10:38:03.672+0800][info] GC(562) Pause Young (Concurrent Start) (G1 Evacuation Pause)
[2024-10-12T10:38:03.672+0800][info] GC(562) Using 3 workers of 48 for evacuation
[2024-10-12T10:38:03.673+0800][info] GC(562)   Pre Evacuate Collection Set: 0.1ms
[2024-10-12T10:38:03.673+0800][info] GC(562)   Merge Heap Roots: 0.0ms
[2024-10-12T10:38:03.673+0800][info] GC(562)   Evacuate Collection Set: 0.7ms
[2024-10-12T10:38:03.673+0800][info] GC(562)   Post Evacuate Collection Set: 0.2ms
[2024-10-12T10:38:03.673+0800][info] GC(562)   Other: 0.3ms
[2024-10-12T10:38:03.673+0800][info] GC(562) Eden regions: 2->0(2)
[2024-10-12T10:38:03.673+0800][info] GC(562) Survivor regions: 1->1(1)
[2024-10-12T10:38:03.673+0800][info] GC(562) Old regions: 51->53
[2024-10-12T10:38:03.673+0800][info] GC(562) Archive regions: 2->2
[2024-10-12T10:38:03.673+0800][info] GC(562) Humongous regions: 3->3
[2024-10-12T10:38:03.673+0800][info] GC(562) Metaspace: 1684K(1856K)->1684K(1856K) NonClass: 1560K(1664K)->1560K(1664K) Class: 124K(192K)->124K(192K)
[2024-10-12T10:38:03.673+0800][info] GC(562) Pause Young (Concurrent Start) (G1 Evacuation Pause) 107M->108M(128M) 1.501ms
[2024-10-12T10:38:03.673+0800][info] GC(562) User=0.00s Sys=0.00s Real=0.01s
[2024-10-12T10:38:03.674+0800][info] GC(563) Concurrent Mark Cycle
[2024-10-12T10:38:03.674+0800][info] GC(563) Concurrent Clear Claimed Marks
[2024-10-12T10:38:03.674+0800][info] GC(563) Concurrent Clear Claimed Marks 0.017ms
[2024-10-12T10:38:03.674+0800][info] GC(563) Concurrent Scan Root Regions
[2024-10-12T10:38:03.674+0800][info] GC(563) Concurrent Scan Root Regions 0.163ms
[2024-10-12T10:38:03.674+0800][info] GC(563) Concurrent Mark
[2024-10-12T10:38:03.674+0800][info] GC(563) Concurrent Mark From Roots
[2024-10-12T10:38:03.674+0800][info] GC(563) Using 12 workers of 12 for marking
[2024-10-12T10:38:03.678+0800][info] GC(563) Concurrent Mark From Roots 3.705ms
[2024-10-12T10:38:03.678+0800][info] GC(563) Concurrent Preclean
[2024-10-12T10:38:03.679+0800][info] GC(563) Concurrent Preclean 1.697ms
[2024-10-12T10:38:03.679+0800][info] GC(563) Pause Remark
[2024-10-12T10:38:03.681+0800][info] GC(563) Pause Remark 108M->107M(128M) 1.376ms
[2024-10-12T10:38:03.681+0800][info] GC(563) User=0.00s Sys=0.00s Real=0.00s
[2024-10-12T10:38:03.681+0800][info] GC(563) Concurrent Mark 7.010ms
[2024-10-12T10:38:03.681+0800][info] GC(563) Concurrent Rebuild Remembered Sets
[2024-10-12T10:38:03.682+0800][info] GC(563) Concurrent Rebuild Remembered Sets 1.300ms
[2024-10-12T10:38:03.682+0800][info] GC(563) Pause Cleanup
[2024-10-12T10:38:03.682+0800][info] GC(563) Pause Cleanup 107M->107M(128M) 0.206ms
[2024-10-12T10:38:03.683+0800][info] GC(563) User=0.00s Sys=0.00s Real=0.00s
[2024-10-12T10:38:03.683+0800][info] GC(563) Concurrent Cleanup for Next Mark
[2024-10-12T10:38:03.683+0800][info] GC(563) Concurrent Cleanup for Next Mark 0.361ms
[2024-10-12T10:38:03.683+0800][info] GC(563) Concurrent Mark Cycle 9.394ms
[2024-10-12T10:38:03.839+0800][info] GC(564) Pause Young (Prepare Mixed) (G1 Preventive Collection)
[2024-10-12T10:38:03.839+0800][info] GC(564) Using 3 workers of 48 for evacuation
[2024-10-12T10:38:03.844+0800][info] GC(564)   Pre Evacuate Collection Set: 0.2ms
[2024-10-12T10:38:03.844+0800][info] GC(564)   Merge Heap Roots: 0.1ms
[2024-10-12T10:38:03.844+0800][info] GC(564)   Evacuate Collection Set: 4.5ms
[2024-10-12T10:38:03.844+0800][info] GC(564)   Post Evacuate Collection Set: 0.4ms
[2024-10-12T10:38:03.844+0800][info] GC(564)   Other: 0.3ms
[2024-10-12T10:38:03.844+0800][info] GC(564) Eden regions: 2->0(2)
[2024-10-12T10:38:03.844+0800][info] GC(564) Survivor regions: 1->1(1)
[2024-10-12T10:38:03.844+0800][info] GC(564) Old regions: 52->54
[2024-10-12T10:38:03.844+0800][info] GC(564) Archive regions: 2->2
[2024-10-12T10:38:03.844+0800][info] GC(564) Humongous regions: 3->3
[2024-10-12T10:38:03.844+0800][info] GC(564) Metaspace: 1696K(1856K)->1696K(1856K) NonClass: 1572K(1664K)->1572K(1664K) Class: 124K(192K)->124K(192K)
[2024-10-12T10:38:03.844+0800][info] GC(564) Pause Young (Prepare Mixed) (G1 Preventive Collection) 109M->110M(128M) 5.602ms
[2024-10-12T10:38:03.844+0800][info] GC(564) User=0.00s Sys=0.01s Real=0.00s
[2024-10-12T10:38:03.906+0800][info] GC(565) Pause Young (Mixed) (G1 Preventive Collection)
[2024-10-12T10:38:03.906+0800][info] GC(565) Using 3 workers of 48 for evacuation
[2024-10-12T10:38:03.910+0800][info] GC(565)   Pre Evacuate Collection Set: 0.1ms
[2024-10-12T10:38:03.910+0800][info] GC(565)   Merge Heap Roots: 0.1ms
[2024-10-12T10:38:03.910+0800][info] GC(565)   Evacuate Collection Set: 3.6ms
[2024-10-12T10:38:03.910+0800][info] GC(565)   Post Evacuate Collection Set: 0.2ms
[2024-10-12T10:38:03.910+0800][info] GC(565)   Other: 0.2ms
[2024-10-12T10:38:03.910+0800][info] GC(565) Eden regions: 1->0(2)
[2024-10-12T10:38:03.910+0800][info] GC(565) Survivor regions: 1->1(1)
[2024-10-12T10:38:03.910+0800][info] GC(565) Old regions: 54->49
[2024-10-12T10:38:03.910+0800][info] GC(565) Archive regions: 2->2
[2024-10-12T10:38:03.910+0800][info] GC(565) Humongous regions: 3->3
[2024-10-12T10:38:03.910+0800][info] GC(565) Metaspace: 1696K(1856K)->1696K(1856K) NonClass: 1572K(1664K)->1572K(1664K) Class: 124K(192K)->124K(192K)
[2024-10-12T10:38:03.910+0800][info] GC(565) Pause Young (Mixed) (G1 Preventive Collection) 112M->102M(128M) 4.384ms
[2024-10-12T10:38:03.910+0800][info] GC(565) User=0.01s Sys=0.01s Real=0.00s
[2024-10-12T10:38:04.012+0800][info] GC(566) Pause Young (Mixed) (G1 Evacuation Pause)
[2024-10-12T10:38:04.012+0800][info] GC(566) Using 3 workers of 48 for evacuation
[2024-10-12T10:38:04.021+0800][info] GC(566)   Pre Evacuate Collection Set: 0.1ms
[2024-10-12T10:38:04.021+0800][info] GC(566)   Merge Heap Roots: 0.1ms
[2024-10-12T10:38:04.021+0800][info] GC(566)   Evacuate Collection Set: 7.8ms
[2024-10-12T10:38:04.021+0800][info] GC(566)   Post Evacuate Collection Set: 0.2ms
[2024-10-12T10:38:04.021+0800][info] GC(566)   Other: 0.1ms
[2024-10-12T10:38:04.021+0800][info] GC(566) Eden regions: 2->0(2)
[2024-10-12T10:38:04.021+0800][info] GC(566) Survivor regions: 1->1(1)
[2024-10-12T10:38:04.021+0800][info] GC(566) Old regions: 49->48
[2024-10-12T10:38:04.021+0800][info] GC(566) Archive regions: 2->2
[2024-10-12T10:38:04.021+0800][info] GC(566) Humongous regions: 3->3
[2024-10-12T10:38:04.021+0800][info] GC(566) Metaspace: 1696K(1856K)->1696K(1856K) NonClass: 1572K(1664K)->1572K(1664K) Class: 124K(192K)->124K(192K)
[2024-10-12T10:38:04.021+0800][info] GC(566) Pause Young (Mixed) (G1 Evacuation Pause) 106M->101M(128M) 8.545ms
[2024-10-12T10:38:04.021+0800][info] GC(566) User=0.01s Sys=0.02s Real=0.01s
[2024-10-12T10:38:04.123+0800][info] GC(567) Pause Young (Mixed) (G1 Evacuation Pause)
[2024-10-12T10:38:04.123+0800][info] GC(567) Using 3 workers of 48 for evacuation
[2024-10-12T10:38:04.128+0800][info] GC(567)   Pre Evacuate Collection Set: 0.1ms
[2024-10-12T10:38:04.128+0800][info] GC(567)   Merge Heap Roots: 0.0ms
[2024-10-12T10:38:04.128+0800][info] GC(567)   Evacuate Collection Set: 4.4ms
[2024-10-12T10:38:04.128+0800][info] GC(567)   Post Evacuate Collection Set: 0.2ms
[2024-10-12T10:38:04.128+0800][info] GC(567)   Other: 0.1ms
[2024-10-12T10:38:04.128+0800][info] GC(567) Eden regions: 2->0(2)
[2024-10-12T10:38:04.128+0800][info] GC(567) Survivor regions: 1->1(1)
[2024-10-12T10:38:04.128+0800][info] GC(567) Old regions: 48->48
[2024-10-12T10:38:04.128+0800][info] GC(567) Archive regions: 2->2
[2024-10-12T10:38:04.128+0800][info] GC(567) Humongous regions: 3->3
[2024-10-12T10:38:04.128+0800][info] GC(567) Metaspace: 1696K(1856K)->1696K(1856K) NonClass: 1572K(1664K)->1572K(1664K) Class: 124K(192K)->124K(192K)
[2024-10-12T10:38:04.128+0800][info] GC(567) Pause Young (Mixed) (G1 Evacuation Pause) 104M->102M(128M) 5.008ms
[2024-10-12T10:38:04.128+0800][info] GC(567) User=0.00s Sys=0.01s Real=0.01s
[2024-10-12T10:38:04.230+0800][info] GC(568) Pause Young (Normal) (G1 Evacuation Pause)
[2024-10-12T10:38:04.230+0800][info] GC(568) Using 3 workers of 48 for evacuation
[2024-10-12T10:38:04.232+0800][info] GC(568)   Pre Evacuate Collection Set: 0.1ms
[2024-10-12T10:38:04.232+0800][info] GC(568)   Merge Heap Roots: 0.0ms
[2024-10-12T10:38:04.232+0800][info] GC(568)   Evacuate Collection Set: 1.6ms
[2024-10-12T10:38:04.232+0800][info] GC(568)   Post Evacuate Collection Set: 0.2ms
[2024-10-12T10:38:04.232+0800][info] GC(568)   Other: 0.2ms
[2024-10-12T10:38:04.232+0800][info] GC(568) Eden regions: 2->0(2)
[2024-10-12T10:38:04.232+0800][info] GC(568) Survivor regions: 1->1(1)
[2024-10-12T10:38:04.232+0800][info] GC(568) Old regions: 48->50
[2024-10-12T10:38:04.232+0800][info] GC(568) Archive regions: 2->2
[2024-10-12T10:38:04.232+0800][info] GC(568) Humongous regions: 3->3
[2024-10-12T10:38:04.232+0800][info] GC(568) Metaspace: 1696K(1856K)->1696K(1856K) NonClass: 1572K(1664K)->1572K(1664K) Class: 124K(192K)->124K(192K)
[2024-10-12T10:38:04.232+0800][info] GC(568) Pause Young (Normal) (G1 Evacuation Pause) 106M->106M(128M) 2.185ms
[2024-10-12T10:38:04.232+0800][info] GC(568) User=0.00s Sys=0.00s Real=0.00s
[2024-10-12T10:38:04.335+0800][info] GC(569) Pause Young (Concurrent Start) (G1 Evacuation Pause)
[2024-10-12T10:38:04.335+0800][info] GC(569) Using 3 workers of 48 for evacuation
[2024-10-12T10:38:04.336+0800][info] GC(569)   Pre Evacuate Collection Set: 0.1ms
[2024-10-12T10:38:04.336+0800][info] GC(569)   Merge Heap Roots: 0.0ms
[2024-10-12T10:38:04.336+0800][info] GC(569)   Evacuate Collection Set: 1.2ms
[2024-10-12T10:38:04.336+0800][info] GC(569)   Post Evacuate Collection Set: 0.2ms
[2024-10-12T10:38:04.336+0800][info] GC(569)   Other: 0.3ms
[2024-10-12T10:38:04.337+0800][info] GC(569) Eden regions: 2->0(2)
[2024-10-12T10:38:04.337+0800][info] GC(569) Survivor regions: 1->1(1)
[2024-10-12T10:38:04.337+0800][info] GC(569) Old regions: 50->51
[2024-10-12T10:38:04.337+0800][info] GC(569) Archive regions: 2->2
[2024-10-12T10:38:04.337+0800][info] GC(569) Humongous regions: 3->3
[2024-10-12T10:38:04.337+0800][info] GC(569) Metaspace: 1696K(1856K)->1696K(1856K) NonClass: 1572K(1664K)->1572K(1664K) Class: 124K(192K)->124K(192K)
[2024-10-12T10:38:04.337+0800][info] GC(569) Pause Young (Concurrent Start) (G1 Evacuation Pause) 110M->109M(128M) 1.972ms
[2024-10-12T10:38:04.337+0800][info] GC(569) User=0.00s Sys=0.00s Real=0.00s
[2024-10-12T10:38:04.337+0800][info] GC(570) Concurrent Mark Cycle
[2024-10-12T10:38:04.337+0800][info] GC(570) Concurrent Clear Claimed Marks
[2024-10-12T10:38:04.337+0800][info] GC(570) Concurrent Clear Claimed Marks 0.026ms
[2024-10-12T10:38:04.337+0800][info] GC(570) Concurrent Scan Root Regions
[2024-10-12T10:38:04.337+0800][info] GC(570) Concurrent Scan Root Regions 0.174ms
[2024-10-12T10:38:04.337+0800][info] GC(570) Concurrent Mark
[2024-10-12T10:38:04.337+0800][info] GC(570) Concurrent Mark From Roots
[2024-10-12T10:38:04.337+0800][info] GC(570) Using 12 workers of 12 for marking
[2024-10-12T10:38:04.341+0800][info] GC(570) Concurrent Mark From Roots 4.188ms
[2024-10-12T10:38:04.341+0800][info] GC(570) Concurrent Preclean
[2024-10-12T10:38:04.343+0800][info] GC(570) Concurrent Preclean 1.699ms
[2024-10-12T10:38:04.343+0800][info] GC(570) Pause Remark
[2024-10-12T10:38:04.345+0800][info] GC(570) Pause Remark 109M->108M(128M) 1.939ms
[2024-10-12T10:38:04.345+0800][info] GC(570) User=0.01s Sys=0.00s Real=0.00s
[2024-10-12T10:38:04.345+0800][info] GC(570) Concurrent Mark 8.067ms
[2024-10-12T10:38:04.345+0800][info] GC(570) Concurrent Rebuild Remembered Sets
[2024-10-12T10:38:04.346+0800][info] GC(570) Concurrent Rebuild Remembered Sets 1.303ms
[2024-10-12T10:38:04.346+0800][info] GC(570) Pause Cleanup
[2024-10-12T10:38:04.347+0800][info] GC(570) Pause Cleanup 108M->108M(128M) 0.178ms
[2024-10-12T10:38:04.347+0800][info] GC(570) User=0.00s Sys=0.00s Real=0.00s
[2024-10-12T10:38:04.347+0800][info] GC(570) Concurrent Cleanup for Next Mark
[2024-10-12T10:38:04.347+0800][info] GC(570) Concurrent Cleanup for Next Mark 0.391ms
[2024-10-12T10:38:04.347+0800][info] GC(570) Concurrent Mark Cycle 10.433ms
[2024-10-12T10:38:04.489+0800][info] GC(571) Pause Young (Prepare Mixed) (G1 Evacuation Pause)
[2024-10-12T10:38:04.489+0800][info] GC(571) Using 3 workers of 48 for evacuation
[2024-10-12T10:38:04.492+0800][info] GC(571)   Pre Evacuate Collection Set: 0.1ms
[2024-10-12T10:38:04.492+0800][info] GC(571)   Merge Heap Roots: 0.1ms
[2024-10-12T10:38:04.492+0800][info] GC(571)   Evacuate Collection Set: 2.2ms
[2024-10-12T10:38:04.492+0800][info] GC(571)   Post Evacuate Collection Set: 0.2ms
[2024-10-12T10:38:04.492+0800][info] GC(571)   Other: 0.2ms
[2024-10-12T10:38:04.492+0800][info] GC(571) Eden regions: 2->0(2)
[2024-10-12T10:38:04.492+0800][info] GC(571) Survivor regions: 1->1(1)
[2024-10-12T10:38:04.492+0800][info] GC(571) Old regions: 50->52
[2024-10-12T10:38:04.492+0800][info] GC(571) Archive regions: 2->2
[2024-10-12T10:38:04.492+0800][info] GC(571) Humongous regions: 3->3
[2024-10-12T10:38:04.492+0800][info] GC(571) Metaspace: 1696K(1856K)->1696K(1856K) NonClass: 1572K(1664K)->1572K(1664K) Class: 124K(192K)->124K(192K)
[2024-10-12T10:38:04.492+0800][info] GC(571) Pause Young (Prepare Mixed) (G1 Evacuation Pause) 111M->111M(128M) 2.901ms
[2024-10-12T10:38:04.492+0800][info] GC(571) User=0.01s Sys=0.00s Real=0.00s
[2024-10-12T10:38:04.594+0800][info] GC(572) Pause Young (Mixed) (G1 Preventive Collection)
[2024-10-12T10:38:04.594+0800][info] GC(572) Using 3 workers of 48 for evacuation
[2024-10-12T10:38:04.598+0800][info] GC(572) To-space exhausted
[2024-10-12T10:38:04.598+0800][info] GC(572)   Pre Evacuate Collection Set: 0.1ms
[2024-10-12T10:38:04.598+0800][info] GC(572)   Merge Heap Roots: 0.1ms
[2024-10-12T10:38:04.598+0800][info] GC(572)   Evacuate Collection Set: 2.8ms
[2024-10-12T10:38:04.598+0800][info] GC(572)   Post Evacuate Collection Set: 0.2ms
[2024-10-12T10:38:04.598+0800][info] GC(572)   Other: 0.2ms
[2024-10-12T10:38:04.598+0800][info] GC(572) Eden regions: 2->0(2)
[2024-10-12T10:38:04.598+0800][info] GC(572) Survivor regions: 1->1(1)
[2024-10-12T10:38:04.598+0800][info] GC(572) Old regions: 52->53
[2024-10-12T10:38:04.598+0800][info] GC(572) Archive regions: 2->2
[2024-10-12T10:38:04.598+0800][info] GC(572) Humongous regions: 3->3
[2024-10-12T10:38:04.598+0800][info] GC(572) Metaspace: 1696K(1856K)->1696K(1856K) NonClass: 1572K(1664K)->1572K(1664K) Class: 124K(192K)->124K(192K)
[2024-10-12T10:38:04.598+0800][info] GC(572) Pause Young (Mixed) (G1 Preventive Collection) 115M->114M(128M) 3.474ms
[2024-10-12T10:38:04.598+0800][info] GC(572) User=0.00s Sys=0.01s Real=0.00s
[2024-10-12T10:38:04.659+0800][info] GC(573) Pause Young (Mixed) (G1 Preventive Collection)
[2024-10-12T10:38:04.659+0800][info] GC(573) Using 3 workers of 48 for evacuation
[2024-10-12T10:38:04.664+0800][info] GC(573) To-space exhausted
[2024-10-12T10:38:04.664+0800][info] GC(573)   Pre Evacuate Collection Set: 0.1ms
[2024-10-12T10:38:04.664+0800][info] GC(573)   Merge Heap Roots: 0.1ms
[2024-10-12T10:38:04.664+0800][info] GC(573)   Evacuate Collection Set: 4.9ms
[2024-10-12T10:38:04.665+0800][info] GC(573)   Post Evacuate Collection Set: 0.3ms
[2024-10-12T10:38:04.665+0800][info] GC(573)   Other: 0.2ms
[2024-10-12T10:38:04.665+0800][info] GC(573) Eden regions: 1->0(2)
[2024-10-12T10:38:04.665+0800][info] GC(573) Survivor regions: 1->1(1)
[2024-10-12T10:38:04.665+0800][info] GC(573) Old regions: 53->55
[2024-10-12T10:38:04.665+0800][info] GC(573) Archive regions: 2->2
[2024-10-12T10:38:04.665+0800][info] GC(573) Humongous regions: 3->3
[2024-10-12T10:38:04.665+0800][info] GC(573) Metaspace: 1696K(1856K)->1696K(1856K) NonClass: 1572K(1664K)->1572K(1664K) Class: 124K(192K)->124K(192K)
[2024-10-12T10:38:04.665+0800][info] GC(573) Pause Young (Mixed) (G1 Preventive Collection) 115M->118M(128M) 5.700ms
[2024-10-12T10:38:04.665+0800][info] GC(573) User=0.01s Sys=0.00s Real=0.00s
[2024-10-12T10:38:04.705+0800][info] GC(574) Pause Young (Mixed) (G1 Preventive Collection)
[2024-10-12T10:38:04.706+0800][info] GC(574) Using 3 workers of 48 for evacuation
[2024-10-12T10:38:04.709+0800][info] GC(574) To-space exhausted
[2024-10-12T10:38:04.709+0800][info] GC(574)   Pre Evacuate Collection Set: 0.1ms
[2024-10-12T10:38:04.709+0800][info] GC(574)   Merge Heap Roots: 0.1ms
[2024-10-12T10:38:04.709+0800][info] GC(574)   Evacuate Collection Set: 2.2ms
[2024-10-12T10:38:04.709+0800][info] GC(574)   Post Evacuate Collection Set: 0.7ms
[2024-10-12T10:38:04.709+0800][info] GC(574)   Other: 0.1ms
[2024-10-12T10:38:04.709+0800][info] GC(574) Eden regions: 1->0(2)
[2024-10-12T10:38:04.709+0800][info] GC(574) Survivor regions: 1->1(1)
[2024-10-12T10:38:04.709+0800][info] GC(574) Old regions: 55->57
[2024-10-12T10:38:04.709+0800][info] GC(574) Archive regions: 2->2
[2024-10-12T10:38:04.709+0800][info] GC(574) Humongous regions: 3->3
[2024-10-12T10:38:04.709+0800][info] GC(574) Metaspace: 1696K(1856K)->1696K(1856K) NonClass: 1572K(1664K)->1572K(1664K) Class: 124K(192K)->124K(192K)
[2024-10-12T10:38:04.709+0800][info] GC(574) Pause Young (Mixed) (G1 Preventive Collection) 119M->121M(128M) 3.306ms
[2024-10-12T10:38:04.709+0800][info] GC(574) User=0.00s Sys=0.00s Real=0.00s
[2024-10-12T10:38:04.770+0800][info] GC(575) Pause Young (Concurrent Start) (G1 Evacuation Pause)
[2024-10-12T10:38:04.770+0800][info] GC(575) Using 3 workers of 48 for evacuation
[2024-10-12T10:38:04.771+0800][info] GC(575) To-space exhausted
[2024-10-12T10:38:04.771+0800][info] GC(575)   Pre Evacuate Collection Set: 0.1ms
[2024-10-12T10:38:04.771+0800][info] GC(575)   Merge Heap Roots: 0.0ms
[2024-10-12T10:38:04.771+0800][info] GC(575)   Evacuate Collection Set: 0.3ms
[2024-10-12T10:38:04.771+0800][info] GC(575)   Post Evacuate Collection Set: 0.2ms
[2024-10-12T10:38:04.771+0800][info] GC(575)   Other: 0.3ms
[2024-10-12T10:38:04.771+0800][info] GC(575) Eden regions: 1->0(3)
[2024-10-12T10:38:04.771+0800][info] GC(575) Survivor regions: 1->0(0)
[2024-10-12T10:38:04.771+0800][info] GC(575) Old regions: 57->59
[2024-10-12T10:38:04.771+0800][info] GC(575) Archive regions: 2->2
[2024-10-12T10:38:04.771+0800][info] GC(575) Humongous regions: 3->3
[2024-10-12T10:38:04.771+0800][info] GC(575) Metaspace: 1696K(1856K)->1696K(1856K) NonClass: 1572K(1664K)->1572K(1664K) Class: 124K(192K)->124K(192K)
[2024-10-12T10:38:04.771+0800][info] GC(575) Pause Young (Concurrent Start) (G1 Evacuation Pause) 123M->123M(128M) 1.013ms
[2024-10-12T10:38:04.771+0800][info] GC(575) User=0.00s Sys=0.01s Real=0.00s
[2024-10-12T10:38:04.771+0800][info] Attempting full compaction
[2024-10-12T10:38:04.772+0800][info] GC(576) Using 3 workers of 48 for full compaction
[2024-10-12T10:38:04.772+0800][info] GC(577) Concurrent Mark Cycle
[2024-10-12T10:38:04.772+0800][info] GC(577) Concurrent Clear Claimed Marks
[2024-10-12T10:38:04.772+0800][info] GC(576) Pause Full (G1 Compaction Pause)
[2024-10-12T10:38:04.772+0800][info] GC(577) Concurrent Clear Claimed Marks 0.019ms
[2024-10-12T10:38:04.772+0800][info] GC(577) Concurrent Scan Root Regions
[2024-10-12T10:38:04.772+0800][info] GC(577) Concurrent Scan Root Regions 0.010ms
[2024-10-12T10:38:04.772+0800][info] GC(577) Concurrent Mark
[2024-10-12T10:38:04.772+0800][info] GC(577) Concurrent Mark From Roots
[2024-10-12T10:38:04.772+0800][info] GC(577) Using 12 workers of 12 for marking
[2024-10-12T10:38:04.772+0800][info] GC(576) Phase 1: Mark live objects
[2024-10-12T10:38:04.775+0800][info] GC(576) Phase 1: Mark live objects 3.445ms
[2024-10-12T10:38:04.775+0800][info] GC(576) Phase 2: Prepare for compaction
[2024-10-12T10:38:04.776+0800][info] GC(576) Phase 2: Prepare for compaction 0.549ms
[2024-10-12T10:38:04.776+0800][info] GC(576) Phase 3: Adjust pointers
[2024-10-12T10:38:04.778+0800][info] GC(576) Phase 3: Adjust pointers 1.716ms
[2024-10-12T10:38:04.778+0800][info] GC(576) Phase 4: Compact heap
[2024-10-12T10:38:04.816+0800][info] GC(576) Phase 4: Compact heap 37.802ms
[2024-10-12T10:38:04.817+0800][info] GC(576) Eden regions: 0->0(4)
[2024-10-12T10:38:04.817+0800][info] GC(576) Survivor regions: 0->0(0)
[2024-10-12T10:38:04.817+0800][info] GC(576) Old regions: 59->39
[2024-10-12T10:38:04.817+0800][info] GC(576) Archive regions: 2->2
[2024-10-12T10:38:04.817+0800][info] GC(576) Humongous regions: 3->3
[2024-10-12T10:38:04.817+0800][info] GC(576) Metaspace: 1696K(1856K)->1696K(1856K) NonClass: 1572K(1664K)->1572K(1664K) Class: 124K(192K)->124K(192K)
[2024-10-12T10:38:04.817+0800][info] GC(576) Pause Full (G1 Compaction Pause) 123M->72M(128M) 45.666ms
[2024-10-12T10:38:04.817+0800][info] GC(576) User=0.07s Sys=0.01s Real=0.05s
[2024-10-12T10:38:04.818+0800][info] GC(577) Concurrent Mark From Roots 45.912ms
[2024-10-12T10:38:04.818+0800][info] GC(577) Concurrent Mark Abort
[2024-10-12T10:38:04.818+0800][info] GC(577) Concurrent Mark Cycle 46.129ms
[2024-10-12T10:38:05.023+0800][info] GC(578) Pause Young (Normal) (G1 Evacuation Pause)
[2024-10-12T10:38:05.023+0800][info] GC(578) Using 3 workers of 48 for evacuation
[2024-10-12T10:38:05.024+0800][info] GC(578)   Pre Evacuate Collection Set: 0.1ms
[2024-10-12T10:38:05.024+0800][info] GC(578)   Merge Heap Roots: 0.0ms
[2024-10-12T10:38:05.024+0800][info] GC(578)   Evacuate Collection Set: 1.1ms
[2024-10-12T10:38:05.024+0800][info] GC(578)   Post Evacuate Collection Set: 0.2ms
[2024-10-12T10:38:05.024+0800][info] GC(578)   Other: 0.3ms
[2024-10-12T10:38:05.024+0800][info] GC(578) Eden regions: 4->0(2)
[2024-10-12T10:38:05.024+0800][info] GC(578) Survivor regions: 0->1(1)
[2024-10-12T10:38:05.024+0800][info] GC(578) Old regions: 39->42
[2024-10-12T10:38:05.024+0800][info] GC(578) Archive regions: 2->2
[2024-10-12T10:38:05.024+0800][info] GC(578) Humongous regions: 3->3
[2024-10-12T10:38:05.024+0800][info] GC(578) Metaspace: 1696K(1856K)->1696K(1856K) NonClass: 1572K(1664K)->1572K(1664K) Class: 124K(192K)->124K(192K)
[2024-10-12T10:38:05.024+0800][info] GC(578) Pause Young (Normal) (G1 Evacuation Pause) 80M->80M(128M) 1.775ms
[2024-10-12T10:38:05.024+0800][info] GC(578) User=0.01s Sys=0.00s Real=0.00s
[2024-10-12T10:38:05.126+0800][info] GC(579) Pause Young (Normal) (G1 Evacuation Pause)
[2024-10-12T10:38:05.126+0800][info] GC(579) Using 3 workers of 48 for evacuation
[2024-10-12T10:38:05.128+0800][info] GC(579)   Pre Evacuate Collection Set: 0.1ms
[2024-10-12T10:38:05.128+0800][info] GC(579)   Merge Heap Roots: 0.0ms
[2024-10-12T10:38:05.128+0800][info] GC(579)   Evacuate Collection Set: 1.1ms
[2024-10-12T10:38:05.128+0800][info] GC(579)   Post Evacuate Collection Set: 0.2ms
[2024-10-12T10:38:05.128+0800][info] GC(579)   Other: 0.2ms
[2024-10-12T10:38:05.128+0800][info] GC(579) Eden regions: 2->0(2)
[2024-10-12T10:38:05.128+0800][info] GC(579) Survivor regions: 1->1(1)
[2024-10-12T10:38:05.128+0800][info] GC(579) Old regions: 42->44
[2024-10-12T10:38:05.128+0800][info] GC(579) Archive regions: 2->2
[2024-10-12T10:38:05.128+0800][info] GC(579) Humongous regions: 3->3
[2024-10-12T10:38:05.128+0800][info] GC(579) Metaspace: 1696K(1856K)->1696K(1856K) NonClass: 1572K(1664K)->1572K(1664K) Class: 124K(192K)->124K(192K)
[2024-10-12T10:38:05.128+0800][info] GC(579) Pause Young (Normal) (G1 Evacuation Pause) 84M->84M(128M) 1.739ms
[2024-10-12T10:38:05.128+0800][info] GC(579) User=0.00s Sys=0.00s Real=0.00s
[2024-10-12T10:38:05.230+0800][info] GC(580) Pause Young (Normal) (G1 Evacuation Pause)
[2024-10-12T10:38:05.230+0800][info] GC(580) Using 3 workers of 48 for evacuation
[2024-10-12T10:38:05.231+0800][info] GC(580)   Pre Evacuate Collection Set: 0.1ms
[2024-10-12T10:38:05.231+0800][info] GC(580)   Merge Heap Roots: 0.0ms
[2024-10-12T10:38:05.231+0800][info] GC(580)   Evacuate Collection Set: 0.7ms
[2024-10-12T10:38:05.231+0800][info] GC(580)   Post Evacuate Collection Set: 0.2ms
[2024-10-12T10:38:05.231+0800][info] GC(580)   Other: 0.2ms
[2024-10-12T10:38:05.231+0800][info] GC(580) Eden regions: 2->0(2)
[2024-10-12T10:38:05.231+0800][info] GC(580) Survivor regions: 1->1(1)
[2024-10-12T10:38:05.231+0800][info] GC(580) Old regions: 44->46
[2024-10-12T10:38:05.231+0800][info] GC(580) Archive regions: 2->2
[2024-10-12T10:38:05.231+0800][info] GC(580) Humongous regions: 3->3
[2024-10-12T10:38:05.231+0800][info] GC(580) Metaspace: 1696K(1856K)->1696K(1856K) NonClass: 1572K(1664K)->1572K(1664K) Class: 124K(192K)->124K(192K)
[2024-10-12T10:38:05.231+0800][info] GC(580) Pause Young (Normal) (G1 Evacuation Pause) 88M->88M(128M) 1.225ms
[2024-10-12T10:38:05.231+0800][info] GC(580) User=0.01s Sys=0.00s Real=0.00s
[2024-10-12T10:38:05.333+0800][info] GC(581) Pause Young (Normal) (G1 Evacuation Pause)
[2024-10-12T10:38:05.333+0800][info] GC(581) Using 3 workers of 48 for evacuation
[2024-10-12T10:38:05.335+0800][info] GC(581)   Pre Evacuate Collection Set: 0.1ms
[2024-10-12T10:38:05.335+0800][info] GC(581)   Merge Heap Roots: 0.0ms
[2024-10-12T10:38:05.335+0800][info] GC(581)   Evacuate Collection Set: 1.8ms
[2024-10-12T10:38:05.335+0800][info] GC(581)   Post Evacuate Collection Set: 0.2ms
[2024-10-12T10:38:05.335+0800][info] GC(581)   Other: 0.2ms
[2024-10-12T10:38:05.335+0800][info] GC(581) Eden regions: 2->0(2)
[2024-10-12T10:38:05.335+0800][info] GC(581) Survivor regions: 1->1(1)
[2024-10-12T10:38:05.335+0800][info] GC(581) Old regions: 46->48
[2024-10-12T10:38:05.335+0800][info] GC(581) Archive regions: 2->2
[2024-10-12T10:38:05.336+0800][info] GC(581) Humongous regions: 3->3
[2024-10-12T10:38:05.336+0800][info] GC(581) Metaspace: 1696K(1856K)->1696K(1856K) NonClass: 1572K(1664K)->1572K(1664K) Class: 124K(192K)->124K(192K)
[2024-10-12T10:38:05.336+0800][info] GC(581) Pause Young (Normal) (G1 Evacuation Pause) 91M->91M(128M) 2.394ms
[2024-10-12T10:38:05.336+0800][info] GC(581) User=0.00s Sys=0.00s Real=0.00s
[2024-10-12T10:38:05.376+0800][info] GC(582) Pause Young (Concurrent Start) (G1 Humongous Allocation)
[2024-10-12T10:38:05.377+0800][info] GC(582) Using 3 workers of 48 for evacuation
[2024-10-12T10:38:05.378+0800][info] GC(582)   Pre Evacuate Collection Set: 0.1ms
[2024-10-12T10:38:05.378+0800][info] GC(582)   Merge Heap Roots: 0.0ms
[2024-10-12T10:38:05.378+0800][info] GC(582)   Evacuate Collection Set: 0.8ms
[2024-10-12T10:38:05.378+0800][info] GC(582)   Post Evacuate Collection Set: 0.2ms
[2024-10-12T10:38:05.378+0800][info] GC(582)   Other: 0.4ms
[2024-10-12T10:38:05.378+0800][info] GC(582) Eden regions: 1->0(2)
[2024-10-12T10:38:05.378+0800][info] GC(582) Survivor regions: 1->1(1)
[2024-10-12T10:38:05.378+0800][info] GC(582) Old regions: 48->49
[2024-10-12T10:38:05.378+0800][info] GC(582) Archive regions: 2->2
[2024-10-12T10:38:05.378+0800][info] GC(582) Humongous regions: 3->3
[2024-10-12T10:38:05.378+0800][info] GC(582) Metaspace: 1696K(1856K)->1696K(1856K) NonClass: 1572K(1664K)->1572K(1664K) Class: 124K(192K)->124K(192K)
[2024-10-12T10:38:05.378+0800][info] GC(582) Pause Young (Concurrent Start) (G1 Humongous Allocation) 93M->93M(128M) 1.523ms
[2024-10-12T10:38:05.378+0800][info] GC(582) User=0.00s Sys=0.00s Real=0.00s
[2024-10-12T10:38:05.378+0800][info] GC(583) Concurrent Mark Cycle
[2024-10-12T10:38:05.378+0800][info] GC(583) Concurrent Clear Claimed Marks
[2024-10-12T10:38:05.378+0800][info] GC(583) Concurrent Clear Claimed Marks 0.017ms
[2024-10-12T10:38:05.378+0800][info] GC(583) Concurrent Scan Root Regions
[2024-10-12T10:38:05.378+0800][info] GC(583) Concurrent Scan Root Regions 0.111ms
[2024-10-12T10:38:05.378+0800][info] GC(583) Concurrent Mark
[2024-10-12T10:38:05.378+0800][info] GC(583) Concurrent Mark From Roots
[2024-10-12T10:38:05.378+0800][info] GC(583) Using 12 workers of 12 for marking
[2024-10-12T10:38:05.382+0800][info] GC(583) Concurrent Mark From Roots 3.741ms
[2024-10-12T10:38:05.382+0800][info] GC(583) Concurrent Preclean
[2024-10-12T10:38:05.384+0800][info] GC(583) Concurrent Preclean 1.699ms
[2024-10-12T10:38:05.384+0800][info] GC(583) Pause Remark
[2024-10-12T10:38:05.386+0800][info] GC(583) Pause Remark 95M->95M(128M) 1.577ms
[2024-10-12T10:38:05.386+0800][info] GC(583) User=0.01s Sys=0.00s Real=0.01s
[2024-10-12T10:38:05.386+0800][info] GC(583) Concurrent Mark 7.330ms
[2024-10-12T10:38:05.386+0800][info] GC(583) Concurrent Rebuild Remembered Sets
[2024-10-12T10:38:05.387+0800][info] GC(583) Concurrent Rebuild Remembered Sets 1.285ms
[2024-10-12T10:38:05.387+0800][info] GC(583) Pause Cleanup
[2024-10-12T10:38:05.387+0800][info] GC(583) Pause Cleanup 95M->95M(128M) 0.206ms
[2024-10-12T10:38:05.387+0800][info] GC(583) User=0.00s Sys=0.00s Real=0.00s
[2024-10-12T10:38:05.387+0800][info] GC(583) Concurrent Cleanup for Next Mark
[2024-10-12T10:38:05.388+0800][info] GC(583) Concurrent Cleanup for Next Mark 0.394ms
[2024-10-12T10:38:05.388+0800][info] GC(583) Concurrent Mark Cycle 9.678ms
[2024-10-12T10:38:05.553+0800][info] GC(584) Pause Young (Prepare Mixed) (G1 Evacuation Pause)
[2024-10-12T10:38:05.553+0800][info] GC(584) Using 3 workers of 48 for evacuation
[2024-10-12T10:38:05.555+0800][info] GC(584)   Pre Evacuate Collection Set: 0.1ms
[2024-10-12T10:38:05.555+0800][info] GC(584)   Merge Heap Roots: 0.1ms
[2024-10-12T10:38:05.555+0800][info] GC(584)   Evacuate Collection Set: 1.5ms
[2024-10-12T10:38:05.555+0800][info] GC(584)   Post Evacuate Collection Set: 0.2ms
[2024-10-12T10:38:05.555+0800][info] GC(584)   Other: 0.2ms
[2024-10-12T10:38:05.555+0800][info] GC(584) Eden regions: 2->0(2)
[2024-10-12T10:38:05.555+0800][info] GC(584) Survivor regions: 1->1(1)
[2024-10-12T10:38:05.555+0800][info] GC(584) Old regions: 49->51
[2024-10-12T10:38:05.555+0800][info] GC(584) Archive regions: 2->2
[2024-10-12T10:38:05.555+0800][info] GC(584) Humongous regions: 4->3
[2024-10-12T10:38:05.555+0800][info] GC(584) Metaspace: 1696K(1856K)->1696K(1856K) NonClass: 1572K(1664K)->1572K(1664K) Class: 124K(192K)->124K(192K)
[2024-10-12T10:38:05.555+0800][info] GC(584) Pause Young (Prepare Mixed) (G1 Evacuation Pause) 98M->97M(128M) 2.149ms
[2024-10-12T10:38:05.555+0800][info] GC(584) User=0.01s Sys=0.00s Real=0.00s
[2024-10-12T10:38:05.658+0800][info] GC(585) Pause Young (Mixed) (G1 Preventive Collection)
[2024-10-12T10:38:05.658+0800][info] GC(585) Using 3 workers of 48 for evacuation
[2024-10-12T10:38:05.660+0800][info] GC(585)   Pre Evacuate Collection Set: 0.1ms
[2024-10-12T10:38:05.660+0800][info] GC(585)   Merge Heap Roots: 0.1ms
[2024-10-12T10:38:05.660+0800][info] GC(585)   Evacuate Collection Set: 2.0ms
[2024-10-12T10:38:05.660+0800][info] GC(585)   Post Evacuate Collection Set: 0.2ms
[2024-10-12T10:38:05.660+0800][info] GC(585)   Other: 0.2ms
[2024-10-12T10:38:05.660+0800][info] GC(585) Eden regions: 2->0(2)
[2024-10-12T10:38:05.660+0800][info] GC(585) Survivor regions: 1->1(1)
[2024-10-12T10:38:05.660+0800][info] GC(585) Old regions: 51->48
[2024-10-12T10:38:05.660+0800][info] GC(585) Archive regions: 2->2
[2024-10-12T10:38:05.660+0800][info] GC(585) Humongous regions: 3->3
[2024-10-12T10:38:05.660+0800][info] GC(585) Metaspace: 1696K(1856K)->1696K(1856K) NonClass: 1572K(1664K)->1572K(1664K) Class: 124K(192K)->124K(192K)
[2024-10-12T10:38:05.660+0800][info] GC(585) Pause Young (Mixed) (G1 Preventive Collection) 101M->96M(128M) 2.643ms
[2024-10-12T10:38:05.660+0800][info] GC(585) User=0.00s Sys=0.00s Real=0.00s
[2024-10-12T10:38:05.762+0800][info] GC(586) Pause Young (Mixed) (G1 Evacuation Pause)
[2024-10-12T10:38:05.762+0800][info] GC(586) Using 3 workers of 48 for evacuation
[2024-10-12T10:38:05.764+0800][info] GC(586)   Pre Evacuate Collection Set: 0.1ms
[2024-10-12T10:38:05.764+0800][info] GC(586)   Merge Heap Roots: 0.1ms
[2024-10-12T10:38:05.764+0800][info] GC(586)   Evacuate Collection Set: 1.4ms
[2024-10-12T10:38:05.764+0800][info] GC(586)   Post Evacuate Collection Set: 0.2ms
[2024-10-12T10:38:05.764+0800][info] GC(586)   Other: 0.1ms
[2024-10-12T10:38:05.764+0800][info] GC(586) Eden regions: 2->0(2)
[2024-10-12T10:38:05.764+0800][info] GC(586) Survivor regions: 1->1(1)
[2024-10-12T10:38:05.764+0800][info] GC(586) Old regions: 48->47
[2024-10-12T10:38:05.764+0800][info] GC(586) Archive regions: 2->2
[2024-10-12T10:38:05.764+0800][info] GC(586) Humongous regions: 3->3
[2024-10-12T10:38:05.764+0800][info] GC(586) Metaspace: 1696K(1856K)->1696K(1856K) NonClass: 1572K(1664K)->1572K(1664K) Class: 124K(192K)->124K(192K)
[2024-10-12T10:38:05.764+0800][info] GC(586) Pause Young (Mixed) (G1 Evacuation Pause) 100M->95M(128M) 2.101ms
[2024-10-12T10:38:05.764+0800][info] GC(586) User=0.01s Sys=0.00s Real=0.00s
[2024-10-12T10:38:05.866+0800][info] GC(587) Pause Young (Normal) (G1 Evacuation Pause)
[2024-10-12T10:38:05.866+0800][info] GC(587) Using 3 workers of 48 for evacuation
[2024-10-12T10:38:05.868+0800][info] GC(587)   Pre Evacuate Collection Set: 0.1ms
[2024-10-12T10:38:05.868+0800][info] GC(587)   Merge Heap Roots: 0.0ms
[2024-10-12T10:38:05.868+0800][info] GC(587)   Evacuate Collection Set: 0.7ms
[2024-10-12T10:38:05.868+0800][info] GC(587)   Post Evacuate Collection Set: 0.2ms
[2024-10-12T10:38:05.868+0800][info] GC(587)   Other: 0.2ms
[2024-10-12T10:38:05.868+0800][info] GC(587) Eden regions: 2->0(2)
[2024-10-12T10:38:05.868+0800][info] GC(587) Survivor regions: 1->1(1)
[2024-10-12T10:38:05.868+0800][info] GC(587) Old regions: 47->49
[2024-10-12T10:38:05.868+0800][info] GC(587) Archive regions: 2->2
[2024-10-12T10:38:05.868+0800][info] GC(587) Humongous regions: 3->3
[2024-10-12T10:38:05.868+0800][info] GC(587) Metaspace: 1696K(1856K)->1696K(1856K) NonClass: 1572K(1664K)->1572K(1664K) Class: 124K(192K)->124K(192K)
[2024-10-12T10:38:05.868+0800][info] GC(587) Pause Young (Normal) (G1 Evacuation Pause) 99M->99M(128M) 1.259ms
[2024-10-12T10:38:05.868+0800][info] GC(587) User=0.00s Sys=0.00s Real=0.00s
[2024-10-12T10:38:05.970+0800][info] GC(588) Pause Young (Normal) (G1 Evacuation Pause)
[2024-10-12T10:38:05.970+0800][info] GC(588) Using 3 workers of 48 for evacuation
[2024-10-12T10:38:05.971+0800][info] GC(588)   Pre Evacuate Collection Set: 0.1ms
[2024-10-12T10:38:05.971+0800][info] GC(588)   Merge Heap Roots: 0.1ms
[2024-10-12T10:38:05.971+0800][info] GC(588)   Evacuate Collection Set: 0.7ms
[2024-10-12T10:38:05.971+0800][info] GC(588)   Post Evacuate Collection Set: 0.2ms
[2024-10-12T10:38:05.971+0800][info] GC(588)   Other: 0.2ms
[2024-10-12T10:38:05.971+0800][info] GC(588) Eden regions: 2->0(2)
[2024-10-12T10:38:05.971+0800][info] GC(588) Survivor regions: 1->1(1)
[2024-10-12T10:38:05.971+0800][info] GC(588) Old regions: 49->50
[2024-10-12T10:38:05.971+0800][info] GC(588) Archive regions: 2->2
[2024-10-12T10:38:05.971+0800][info] GC(588) Humongous regions: 3->3
[2024-10-12T10:38:05.971+0800][info] GC(588) Metaspace: 1696K(1856K)->1696K(1856K) NonClass: 1572K(1664K)->1572K(1664K) Class: 124K(192K)->124K(192K)
[2024-10-12T10:38:05.971+0800][info] GC(588) Pause Young (Normal) (G1 Evacuation Pause) 102M->102M(128M) 1.290ms
[2024-10-12T10:38:05.971+0800][info] GC(588) User=0.01s Sys=0.00s Real=0.00s
[2024-10-12T10:38:06.073+0800][info] GC(589) Pause Young (Concurrent Start) (G1 Evacuation Pause)
[2024-10-12T10:38:06.073+0800][info] GC(589) Using 3 workers of 48 for evacuation
[2024-10-12T10:38:06.075+0800][info] GC(589)   Pre Evacuate Collection Set: 0.1ms
[2024-10-12T10:38:06.075+0800][info] GC(589)   Merge Heap Roots: 0.0ms
[2024-10-12T10:38:06.075+0800][info] GC(589)   Evacuate Collection Set: 0.9ms
[2024-10-12T10:38:06.075+0800][info] GC(589)   Post Evacuate Collection Set: 0.2ms
[2024-10-12T10:38:06.075+0800][info] GC(589)   Other: 0.4ms
[2024-10-12T10:38:06.075+0800][info] GC(589) Eden regions: 2->0(2)
[2024-10-12T10:38:06.075+0800][info] GC(589) Survivor regions: 1->1(1)
[2024-10-12T10:38:06.075+0800][info] GC(589) Old regions: 50->52
[2024-10-12T10:38:06.075+0800][info] GC(589) Archive regions: 2->2
[2024-10-12T10:38:06.075+0800][info] GC(589) Humongous regions: 3->3
[2024-10-12T10:38:06.075+0800][info] GC(589) Metaspace: 1696K(1856K)->1696K(1856K) NonClass: 1572K(1664K)->1572K(1664K) Class: 124K(192K)->124K(192K)
[2024-10-12T10:38:06.075+0800][info] GC(589) Pause Young (Concurrent Start) (G1 Evacuation Pause) 105M->105M(128M) 1.666ms
[2024-10-12T10:38:06.075+0800][info] GC(589) User=0.00s Sys=0.00s Real=0.01s
[2024-10-12T10:38:06.075+0800][info] GC(590) Concurrent Mark Cycle
[2024-10-12T10:38:06.075+0800][info] GC(590) Concurrent Clear Claimed Marks
[2024-10-12T10:38:06.075+0800][info] GC(590) Concurrent Clear Claimed Marks 0.017ms
[2024-10-12T10:38:06.075+0800][info] GC(590) Concurrent Scan Root Regions
[2024-10-12T10:38:06.075+0800][info] GC(590) Concurrent Scan Root Regions 0.162ms
[2024-10-12T10:38:06.075+0800][info] GC(590) Concurrent Mark
[2024-10-12T10:38:06.075+0800][info] GC(590) Concurrent Mark From Roots
[2024-10-12T10:38:06.075+0800][info] GC(590) Using 12 workers of 12 for marking
[2024-10-12T10:38:06.079+0800][info] GC(590) Concurrent Mark From Roots 3.550ms
[2024-10-12T10:38:06.079+0800][info] GC(590) Concurrent Preclean
[2024-10-12T10:38:06.080+0800][info] GC(590) Concurrent Preclean 1.695ms
[2024-10-12T10:38:06.080+0800][info] GC(590) Pause Remark
[2024-10-12T10:38:06.082+0800][info] GC(590) Pause Remark 106M->106M(128M) 1.481ms
[2024-10-12T10:38:06.082+0800][info] GC(590) User=0.00s Sys=0.00s Real=0.00s
[2024-10-12T10:38:06.082+0800][info] GC(590) Concurrent Mark 6.972ms
[2024-10-12T10:38:06.082+0800][info] GC(590) Concurrent Rebuild Remembered Sets
[2024-10-12T10:38:06.083+0800][info] GC(590) Concurrent Rebuild Remembered Sets 1.290ms
[2024-10-12T10:38:06.084+0800][info] GC(590) Pause Cleanup
[2024-10-12T10:38:06.084+0800][info] GC(590) Pause Cleanup 106M->106M(128M) 0.213ms
[2024-10-12T10:38:06.084+0800][info] GC(590) User=0.00s Sys=0.00s Real=0.00s
[2024-10-12T10:38:06.084+0800][info] GC(590) Concurrent Cleanup for Next Mark
[2024-10-12T10:38:06.084+0800][info] GC(590) Concurrent Cleanup for Next Mark 0.413ms
[2024-10-12T10:38:06.084+0800][info] GC(590) Concurrent Mark Cycle 9.405ms
[2024-10-12T10:38:06.228+0800][info] GC(591) Pause Young (Prepare Mixed) (G1 Preventive Collection)
[2024-10-12T10:38:06.228+0800][info] GC(591) Using 3 workers of 48 for evacuation
[2024-10-12T10:38:06.229+0800][info] GC(591)   Pre Evacuate Collection Set: 0.1ms
[2024-10-12T10:38:06.229+0800][info] GC(591)   Merge Heap Roots: 0.1ms
[2024-10-12T10:38:06.229+0800][info] GC(591)   Evacuate Collection Set: 0.7ms
[2024-10-12T10:38:06.229+0800][info] GC(591)   Post Evacuate Collection Set: 0.2ms
[2024-10-12T10:38:06.229+0800][info] GC(591)   Other: 0.2ms
[2024-10-12T10:38:06.229+0800][info] GC(591) Eden regions: 2->0(2)
[2024-10-12T10:38:06.229+0800][info] GC(591) Survivor regions: 1->1(1)
[2024-10-12T10:38:06.229+0800][info] GC(591) Old regions: 52->54
[2024-10-12T10:38:06.229+0800][info] GC(591) Archive regions: 2->2
[2024-10-12T10:38:06.229+0800][info] GC(591) Humongous regions: 3->3
[2024-10-12T10:38:06.229+0800][info] GC(591) Metaspace: 1696K(1856K)->1696K(1856K) NonClass: 1572K(1664K)->1572K(1664K) Class: 124K(192K)->124K(192K)
[2024-10-12T10:38:06.229+0800][info] GC(591) Pause Young (Prepare Mixed) (G1 Preventive Collection) 109M->109M(128M) 1.381ms
[2024-10-12T10:38:06.229+0800][info] GC(591) User=0.00s Sys=0.00s Real=0.00s
[2024-10-12T10:38:06.290+0800][info] GC(592) Pause Young (Mixed) (G1 Preventive Collection)
[2024-10-12T10:38:06.290+0800][info] GC(592) Using 3 workers of 48 for evacuation
[2024-10-12T10:38:06.291+0800][info] GC(592) To-space exhausted
[2024-10-12T10:38:06.291+0800][info] GC(592)   Pre Evacuate Collection Set: 0.1ms
[2024-10-12T10:38:06.291+0800][info] GC(592)   Merge Heap Roots: 0.1ms
[2024-10-12T10:38:06.291+0800][info] GC(592)   Evacuate Collection Set: 0.8ms
[2024-10-12T10:38:06.291+0800][info] GC(592)   Post Evacuate Collection Set: 0.2ms
[2024-10-12T10:38:06.291+0800][info] GC(592)   Other: 0.2ms
[2024-10-12T10:38:06.291+0800][info] GC(592) Eden regions: 1->0(2)
[2024-10-12T10:38:06.291+0800][info] GC(592) Survivor regions: 1->1(1)
[2024-10-12T10:38:06.291+0800][info] GC(592) Old regions: 54->52
[2024-10-12T10:38:06.292+0800][info] GC(592) Archive regions: 2->2
[2024-10-12T10:38:06.292+0800][info] GC(592) Humongous regions: 3->3
[2024-10-12T10:38:06.292+0800][info] GC(592) Metaspace: 1696K(1856K)->1696K(1856K) NonClass: 1572K(1664K)->1572K(1664K) Class: 124K(192K)->124K(192K)
[2024-10-12T10:38:06.292+0800][info] GC(592) Pause Young (Mixed) (G1 Preventive Collection) 111M->106M(128M) 1.493ms
[2024-10-12T10:38:06.292+0800][info] GC(592) User=0.00s Sys=0.00s Real=0.00s
[2024-10-12T10:38:06.333+0800][info] GC(593) Pause Young (Mixed) (G1 Preventive Collection)
[2024-10-12T10:38:06.333+0800][info] GC(593) Using 3 workers of 48 for evacuation
[2024-10-12T10:38:06.335+0800][info] GC(593) To-space exhausted
[2024-10-12T10:38:06.335+0800][info] GC(593)   Pre Evacuate Collection Set: 0.1ms
[2024-10-12T10:38:06.335+0800][info] GC(593)   Merge Heap Roots: 0.1ms
[2024-10-12T10:38:06.335+0800][info] GC(593)   Evacuate Collection Set: 1.3ms
[2024-10-12T10:38:06.335+0800][info] GC(593)   Post Evacuate Collection Set: 0.2ms
[2024-10-12T10:38:06.335+0800][info] GC(593)   Other: 0.2ms
[2024-10-12T10:38:06.335+0800][info] GC(593) Eden regions: 1->0(2)
[2024-10-12T10:38:06.335+0800][info] GC(593) Survivor regions: 1->1(1)
[2024-10-12T10:38:06.335+0800][info] GC(593) Old regions: 52->52
[2024-10-12T10:38:06.335+0800][info] GC(593) Archive regions: 2->2
[2024-10-12T10:38:06.335+0800][info] GC(593) Humongous regions: 3->3
[2024-10-12T10:38:06.335+0800][info] GC(593) Metaspace: 1696K(1856K)->1696K(1856K) NonClass: 1572K(1664K)->1572K(1664K) Class: 124K(192K)->124K(192K)
[2024-10-12T10:38:06.335+0800][info] GC(593) Pause Young (Mixed) (G1 Preventive Collection) 108M->107M(128M) 2.017ms
[2024-10-12T10:38:06.335+0800][info] GC(593) User=0.00s Sys=0.00s Real=0.01s
[2024-10-12T10:38:06.396+0800][info] GC(594) Pause Young (Mixed) (G1 Preventive Collection)
[2024-10-12T10:38:06.396+0800][info] GC(594) Using 3 workers of 48 for evacuation
[2024-10-12T10:38:06.398+0800][info] GC(594) To-space exhausted
[2024-10-12T10:38:06.398+0800][info] GC(594)   Pre Evacuate Collection Set: 0.1ms
[2024-10-12T10:38:06.398+0800][info] GC(594)   Merge Heap Roots: 0.1ms
[2024-10-12T10:38:06.398+0800][info] GC(594)   Evacuate Collection Set: 1.6ms
[2024-10-12T10:38:06.398+0800][info] GC(594)   Post Evacuate Collection Set: 0.2ms
[2024-10-12T10:38:06.398+0800][info] GC(594)   Other: 0.2ms
[2024-10-12T10:38:06.398+0800][info] GC(594) Eden regions: 1->0(2)
[2024-10-12T10:38:06.398+0800][info] GC(594) Survivor regions: 1->1(1)
[2024-10-12T10:38:06.398+0800][info] GC(594) Old regions: 52->53
[2024-10-12T10:38:06.398+0800][info] GC(594) Archive regions: 2->2
[2024-10-12T10:38:06.398+0800][info] GC(594) Humongous regions: 3->3
[2024-10-12T10:38:06.398+0800][info] GC(594) Metaspace: 1696K(1856K)->1696K(1856K) NonClass: 1572K(1664K)->1572K(1664K) Class: 124K(192K)->124K(192K)
[2024-10-12T10:38:06.398+0800][info] GC(594) Pause Young (Mixed) (G1 Preventive Collection) 109M->110M(128M) 2.340ms
[2024-10-12T10:38:06.398+0800][info] GC(594) User=0.01s Sys=0.00s Real=0.00s
[2024-10-12T10:38:06.439+0800][info] GC(595) Pause Young (Mixed) (G1 Preventive Collection)
[2024-10-12T10:38:06.439+0800][info] GC(595) Using 3 workers of 48 for evacuation
[2024-10-12T10:38:06.440+0800][info] GC(595)   Pre Evacuate Collection Set: 0.1ms
[2024-10-12T10:38:06.440+0800][info] GC(595)   Merge Heap Roots: 0.0ms
[2024-10-12T10:38:06.440+0800][info] GC(595)   Evacuate Collection Set: 0.7ms
[2024-10-12T10:38:06.440+0800][info] GC(595)   Post Evacuate Collection Set: 0.2ms
[2024-10-12T10:38:06.440+0800][info] GC(595)   Other: 0.1ms
[2024-10-12T10:38:06.440+0800][info] GC(595) Eden regions: 1->0(2)
[2024-10-12T10:38:06.440+0800][info] GC(595) Survivor regions: 1->1(1)
[2024-10-12T10:38:06.440+0800][info] GC(595) Old regions: 53->54
[2024-10-12T10:38:06.440+0800][info] GC(595) Archive regions: 2->2
[2024-10-12T10:38:06.440+0800][info] GC(595) Humongous regions: 3->3
[2024-10-12T10:38:06.440+0800][info] GC(595) Metaspace: 1696K(1856K)->1696K(1856K) NonClass: 1572K(1664K)->1572K(1664K) Class: 124K(192K)->124K(192K)
[2024-10-12T10:38:06.440+0800][info] GC(595) Pause Young (Mixed) (G1 Preventive Collection) 111M->110M(128M) 1.297ms
[2024-10-12T10:38:06.440+0800][info] GC(595) User=0.00s Sys=0.00s Real=0.00s
[2024-10-12T10:38:06.502+0800][info] GC(596) Pause Young (Concurrent Start) (G1 Preventive Collection)
[2024-10-12T10:38:06.502+0800][info] GC(596) Using 3 workers of 48 for evacuation
[2024-10-12T10:38:06.503+0800][info] GC(596)   Pre Evacuate Collection Set: 0.1ms
[2024-10-12T10:38:06.503+0800][info] GC(596)   Merge Heap Roots: 0.0ms
[2024-10-12T10:38:06.503+0800][info] GC(596)   Evacuate Collection Set: 0.6ms
[2024-10-12T10:38:06.503+0800][info] GC(596)   Post Evacuate Collection Set: 0.2ms
[2024-10-12T10:38:06.503+0800][info] GC(596)   Other: 0.4ms
[2024-10-12T10:38:06.503+0800][info] GC(596) Eden regions: 1->0(2)
[2024-10-12T10:38:06.503+0800][info] GC(596) Survivor regions: 1->1(1)
[2024-10-12T10:38:06.503+0800][info] GC(596) Old regions: 54->55
[2024-10-12T10:38:06.503+0800][info] GC(596) Archive regions: 2->2
[2024-10-12T10:38:06.503+0800][info] GC(596) Humongous regions: 3->3
[2024-10-12T10:38:06.503+0800][info] GC(596) Metaspace: 1696K(1856K)->1696K(1856K) NonClass: 1572K(1664K)->1572K(1664K) Class: 124K(192K)->124K(192K)
[2024-10-12T10:38:06.503+0800][info] GC(596) Pause Young (Concurrent Start) (G1 Preventive Collection) 112M->112M(128M) 1.319ms
[2024-10-12T10:38:06.503+0800][info] GC(596) User=0.01s Sys=0.00s Real=0.00s
[2024-10-12T10:38:06.503+0800][info] GC(597) Concurrent Mark Cycle
[2024-10-12T10:38:06.503+0800][info] GC(597) Concurrent Clear Claimed Marks
[2024-10-12T10:38:06.503+0800][info] GC(597) Concurrent Clear Claimed Marks 0.017ms
[2024-10-12T10:38:06.503+0800][info] GC(597) Concurrent Scan Root Regions
[2024-10-12T10:38:06.503+0800][info] GC(597) Concurrent Scan Root Regions 0.148ms
[2024-10-12T10:38:06.503+0800][info] GC(597) Concurrent Mark
[2024-10-12T10:38:06.503+0800][info] GC(597) Concurrent Mark From Roots
[2024-10-12T10:38:06.503+0800][info] GC(597) Using 12 workers of 12 for marking
[2024-10-12T10:38:06.507+0800][info] GC(597) Concurrent Mark From Roots 3.979ms
[2024-10-12T10:38:06.507+0800][info] GC(597) Concurrent Preclean
[2024-10-12T10:38:06.509+0800][info] GC(597) Concurrent Preclean 1.725ms
[2024-10-12T10:38:06.509+0800][info] GC(597) Pause Remark
[2024-10-12T10:38:06.511+0800][info] GC(597) Pause Remark 113M->106M(128M) 1.433ms
[2024-10-12T10:38:06.511+0800][info] GC(597) User=0.00s Sys=0.00s Real=0.00s
[2024-10-12T10:38:06.511+0800][info] GC(597) Concurrent Mark 7.367ms
[2024-10-12T10:38:06.511+0800][info] GC(597) Concurrent Rebuild Remembered Sets
[2024-10-12T10:38:06.512+0800][info] GC(597) Concurrent Rebuild Remembered Sets 1.269ms
[2024-10-12T10:38:06.512+0800][info] GC(597) Pause Cleanup
[2024-10-12T10:38:06.512+0800][info] GC(597) Pause Cleanup 106M->106M(128M) 0.211ms
[2024-10-12T10:38:06.512+0800][info] GC(597) User=0.00s Sys=0.00s Real=0.00s
[2024-10-12T10:38:06.512+0800][info] GC(597) Concurrent Cleanup for Next Mark
[2024-10-12T10:38:06.513+0800][info] GC(597) Concurrent Cleanup for Next Mark 0.330ms
[2024-10-12T10:38:06.513+0800][info] GC(597) Concurrent Mark Cycle 9.703ms
[2024-10-12T10:38:06.656+0800][info] GC(598) Pause Young (Prepare Mixed) (G1 Evacuation Pause)
[2024-10-12T10:38:06.656+0800][info] GC(598) Using 3 workers of 48 for evacuation
[2024-10-12T10:38:06.658+0800][info] GC(598)   Pre Evacuate Collection Set: 0.1ms
[2024-10-12T10:38:06.658+0800][info] GC(598)   Merge Heap Roots: 0.1ms
[2024-10-12T10:38:06.658+0800][info] GC(598)   Evacuate Collection Set: 1.1ms
[2024-10-12T10:38:06.658+0800][info] GC(598)   Post Evacuate Collection Set: 0.2ms
[2024-10-12T10:38:06.658+0800][info] GC(598)   Other: 0.2ms
[2024-10-12T10:38:06.658+0800][info] GC(598) Eden regions: 2->0(2)
[2024-10-12T10:38:06.658+0800][info] GC(598) Survivor regions: 1->1(1)
[2024-10-12T10:38:06.658+0800][info] GC(598) Old regions: 51->53
[2024-10-12T10:38:06.658+0800][info] GC(598) Archive regions: 2->2
[2024-10-12T10:38:06.658+0800][info] GC(598) Humongous regions: 3->3
[2024-10-12T10:38:06.658+0800][info] GC(598) Metaspace: 1696K(1856K)->1696K(1856K) NonClass: 1572K(1664K)->1572K(1664K) Class: 124K(192K)->124K(192K)
[2024-10-12T10:38:06.658+0800][info] GC(598) Pause Young (Prepare Mixed) (G1 Evacuation Pause) 109M->110M(128M) 1.688ms
[2024-10-12T10:38:06.658+0800][info] GC(598) User=0.01s Sys=0.00s Real=0.00s
[2024-10-12T10:38:06.719+0800][info] GC(599) Pause Young (Mixed) (G1 Preventive Collection)
[2024-10-12T10:38:06.719+0800][info] GC(599) Using 3 workers of 48 for evacuation
[2024-10-12T10:38:06.720+0800][info] GC(599)   Pre Evacuate Collection Set: 0.1ms
[2024-10-12T10:38:06.720+0800][info] GC(599)   Merge Heap Roots: 0.0ms
[2024-10-12T10:38:06.720+0800][info] GC(599)   Evacuate Collection Set: 0.8ms
[2024-10-12T10:38:06.720+0800][info] GC(599)   Post Evacuate Collection Set: 0.2ms
[2024-10-12T10:38:06.720+0800][info] GC(599)   Other: 0.2ms
[2024-10-12T10:38:06.720+0800][info] GC(599) Eden regions: 1->0(2)
[2024-10-12T10:38:06.720+0800][info] GC(599) Survivor regions: 1->1(1)
[2024-10-12T10:38:06.720+0800][info] GC(599) Old regions: 53->48
[2024-10-12T10:38:06.720+0800][info] GC(599) Archive regions: 2->2
[2024-10-12T10:38:06.720+0800][info] GC(599) Humongous regions: 3->3
[2024-10-12T10:38:06.720+0800][info] GC(599) Metaspace: 1696K(1856K)->1696K(1856K) NonClass: 1572K(1664K)->1572K(1664K) Class: 124K(192K)->124K(192K)
[2024-10-12T10:38:06.720+0800][info] GC(599) Pause Young (Mixed) (G1 Preventive Collection) 112M->102M(128M) 1.465ms
[2024-10-12T10:38:06.720+0800][info] GC(599) User=0.00s Sys=0.00s Real=0.00s
[2024-10-12T10:38:06.823+0800][info] GC(600) Pause Young (Mixed) (G1 Evacuation Pause)
[2024-10-12T10:38:06.823+0800][info] GC(600) Using 3 workers of 48 for evacuation
[2024-10-12T10:38:06.825+0800][info] GC(600)   Pre Evacuate Collection Set: 0.1ms
[2024-10-12T10:38:06.825+0800][info] GC(600)   Merge Heap Roots: 0.1ms
[2024-10-12T10:38:06.825+0800][info] GC(600)   Evacuate Collection Set: 1.7ms
[2024-10-12T10:38:06.825+0800][info] GC(600)   Post Evacuate Collection Set: 0.2ms
[2024-10-12T10:38:06.825+0800][info] GC(600)   Other: 0.2ms
[2024-10-12T10:38:06.825+0800][info] GC(600) Eden regions: 2->0(2)
[2024-10-12T10:38:06.825+0800][info] GC(600) Survivor regions: 1->1(1)
[2024-10-12T10:38:06.825+0800][info] GC(600) Old regions: 48->48
[2024-10-12T10:38:06.825+0800][info] GC(600) Archive regions: 2->2
[2024-10-12T10:38:06.825+0800][info] GC(600) Humongous regions: 3->3
[2024-10-12T10:38:06.825+0800][info] GC(600) Metaspace: 1696K(1856K)->1696K(1856K) NonClass: 1572K(1664K)->1572K(1664K) Class: 124K(192K)->124K(192K)
[2024-10-12T10:38:06.825+0800][info] GC(600) Pause Young (Mixed) (G1 Evacuation Pause) 106M->102M(128M) 2.401ms
[2024-10-12T10:38:06.825+0800][info] GC(600) User=0.01s Sys=0.00s Real=0.01s
[2024-10-12T10:38:06.927+0800][info] GC(601) Pause Young (Normal) (G1 Evacuation Pause)
[2024-10-12T10:38:06.927+0800][info] GC(601) Using 3 workers of 48 for evacuation
[2024-10-12T10:38:06.928+0800][info] GC(601)   Pre Evacuate Collection Set: 0.1ms
[2024-10-12T10:38:06.928+0800][info] GC(601)   Merge Heap Roots: 0.0ms
[2024-10-12T10:38:06.928+0800][info] GC(601)   Evacuate Collection Set: 0.8ms
[2024-10-12T10:38:06.928+0800][info] GC(601)   Post Evacuate Collection Set: 0.2ms
[2024-10-12T10:38:06.928+0800][info] GC(601)   Other: 0.2ms
[2024-10-12T10:38:06.928+0800][info] GC(601) Eden regions: 2->0(2)
[2024-10-12T10:38:06.928+0800][info] GC(601) Survivor regions: 1->1(1)
[2024-10-12T10:38:06.928+0800][info] GC(601) Old regions: 48->50
[2024-10-12T10:38:06.928+0800][info] GC(601) Archive regions: 2->2
[2024-10-12T10:38:06.928+0800][info] GC(601) Humongous regions: 3->3
[2024-10-12T10:38:06.928+0800][info] GC(601) Metaspace: 1696K(1856K)->1696K(1856K) NonClass: 1572K(1664K)->1572K(1664K) Class: 124K(192K)->124K(192K)
[2024-10-12T10:38:06.929+0800][info] GC(601) Pause Young (Normal) (G1 Evacuation Pause) 105M->106M(128M) 1.398ms
[2024-10-12T10:38:06.929+0800][info] GC(601) User=0.00s Sys=0.00s Real=0.00s
[2024-10-12T10:38:07.031+0800][info] GC(602) Pause Young (Concurrent Start) (G1 Evacuation Pause)
[2024-10-12T10:38:07.031+0800][info] GC(602) Using 3 workers of 48 for evacuation
[2024-10-12T10:38:07.032+0800][info] GC(602)   Pre Evacuate Collection Set: 0.1ms
[2024-10-12T10:38:07.032+0800][info] GC(602)   Merge Heap Roots: 0.0ms
[2024-10-12T10:38:07.032+0800][info] GC(602)   Evacuate Collection Set: 0.8ms
[2024-10-12T10:38:07.032+0800][info] GC(602)   Post Evacuate Collection Set: 0.2ms
[2024-10-12T10:38:07.032+0800][info] GC(602)   Other: 0.3ms
[2024-10-12T10:38:07.032+0800][info] GC(602) Eden regions: 2->0(2)
[2024-10-12T10:38:07.032+0800][info] GC(602) Survivor regions: 1->1(1)
[2024-10-12T10:38:07.032+0800][info] GC(602) Old regions: 50->52
[2024-10-12T10:38:07.032+0800][info] GC(602) Archive regions: 2->2
[2024-10-12T10:38:07.032+0800][info] GC(602) Humongous regions: 3->3
[2024-10-12T10:38:07.032+0800][info] GC(602) Metaspace: 1696K(1856K)->1696K(1856K) NonClass: 1572K(1664K)->1572K(1664K) Class: 124K(192K)->124K(192K)
[2024-10-12T10:38:07.032+0800][info] GC(602) Pause Young (Concurrent Start) (G1 Evacuation Pause) 109M->110M(128M) 1.516ms
[2024-10-12T10:38:07.032+0800][info] GC(602) User=0.01s Sys=0.00s Real=0.00s
[2024-10-12T10:38:07.032+0800][info] GC(603) Concurrent Mark Cycle
[2024-10-12T10:38:07.032+0800][info] GC(603) Concurrent Clear Claimed Marks
[2024-10-12T10:38:07.032+0800][info] GC(603) Concurrent Clear Claimed Marks 0.017ms
[2024-10-12T10:38:07.032+0800][info] GC(603) Concurrent Scan Root Regions
[2024-10-12T10:38:07.033+0800][info] GC(603) Concurrent Scan Root Regions 0.147ms
[2024-10-12T10:38:07.033+0800][info] GC(603) Concurrent Mark
[2024-10-12T10:38:07.033+0800][info] GC(603) Concurrent Mark From Roots
[2024-10-12T10:38:07.033+0800][info] GC(603) Using 12 workers of 12 for marking
[2024-10-12T10:38:07.036+0800][info] GC(603) Concurrent Mark From Roots 3.606ms
[2024-10-12T10:38:07.036+0800][info] GC(603) Concurrent Preclean
[2024-10-12T10:38:07.038+0800][info] GC(603) Concurrent Preclean 1.713ms
[2024-10-12T10:38:07.038+0800][info] GC(603) Pause Remark
[2024-10-12T10:38:07.040+0800][info] GC(603) Pause Remark 110M->110M(128M) 1.735ms
[2024-10-12T10:38:07.040+0800][info] GC(603) User=0.00s Sys=0.00s Real=0.00s
[2024-10-12T10:38:07.040+0800][info] GC(603) Concurrent Mark 7.398ms
[2024-10-12T10:38:07.040+0800][info] GC(603) Concurrent Rebuild Remembered Sets
[2024-10-12T10:38:07.041+0800][info] GC(603) Concurrent Rebuild Remembered Sets 1.259ms
[2024-10-12T10:38:07.041+0800][info] GC(603) Pause Cleanup
[2024-10-12T10:38:07.041+0800][info] GC(603) Pause Cleanup 110M->110M(128M) 0.179ms
[2024-10-12T10:38:07.041+0800][info] GC(603) User=0.00s Sys=0.00s Real=0.00s
[2024-10-12T10:38:07.042+0800][info] GC(603) Concurrent Cleanup for Next Mark
[2024-10-12T10:38:07.042+0800][info] GC(603) Concurrent Cleanup for Next Mark 0.398ms
[2024-10-12T10:38:07.042+0800][info] GC(603) Concurrent Mark Cycle 9.643ms
[2024-10-12T10:38:07.185+0800][info] GC(604) Pause Young (Prepare Mixed) (G1 Preventive Collection)
[2024-10-12T10:38:07.185+0800][info] GC(604) Using 3 workers of 48 for evacuation
[2024-10-12T10:38:07.187+0800][info] GC(604)   Pre Evacuate Collection Set: 0.1ms
[2024-10-12T10:38:07.187+0800][info] GC(604)   Merge Heap Roots: 0.1ms
[2024-10-12T10:38:07.187+0800][info] GC(604)   Evacuate Collection Set: 1.2ms
[2024-10-12T10:38:07.187+0800][info] GC(604)   Post Evacuate Collection Set: 0.2ms
[2024-10-12T10:38:07.187+0800][info] GC(604)   Other: 0.2ms
[2024-10-12T10:38:07.187+0800][info] GC(604) Eden regions: 2->0(2)
[2024-10-12T10:38:07.187+0800][info] GC(604) Survivor regions: 1->1(1)
[2024-10-12T10:38:07.187+0800][info] GC(604) Old regions: 52->54
[2024-10-12T10:38:07.187+0800][info] GC(604) Archive regions: 2->2
[2024-10-12T10:38:07.187+0800][info] GC(604) Humongous regions: 3->3
[2024-10-12T10:38:07.187+0800][info] GC(604) Metaspace: 1696K(1856K)->1696K(1856K) NonClass: 1572K(1664K)->1572K(1664K) Class: 124K(192K)->124K(192K)
[2024-10-12T10:38:07.187+0800][info] GC(604) Pause Young (Prepare Mixed) (G1 Preventive Collection) 113M->113M(128M) 1.875ms
[2024-10-12T10:38:07.187+0800][info] GC(604) User=0.00s Sys=0.00s Real=0.01s
[2024-10-12T10:38:07.248+0800][info] GC(605) Pause Young (Mixed) (G1 Preventive Collection)
[2024-10-12T10:38:07.248+0800][info] GC(605) Using 3 workers of 48 for evacuation
[2024-10-12T10:38:07.249+0800][info] GC(605) To-space exhausted
[2024-10-12T10:38:07.250+0800][info] GC(605)   Pre Evacuate Collection Set: 0.1ms
[2024-10-12T10:38:07.250+0800][info] GC(605)   Merge Heap Roots: 0.1ms
[2024-10-12T10:38:07.250+0800][info] GC(605)   Evacuate Collection Set: 1.0ms
[2024-10-12T10:38:07.250+0800][info] GC(605)   Post Evacuate Collection Set: 0.3ms
[2024-10-12T10:38:07.250+0800][info] GC(605)   Other: 0.2ms
[2024-10-12T10:38:07.250+0800][info] GC(605) Eden regions: 1->0(2)
[2024-10-12T10:38:07.250+0800][info] GC(605) Survivor regions: 1->1(1)
[2024-10-12T10:38:07.250+0800][info] GC(605) Old regions: 54->54
[2024-10-12T10:38:07.250+0800][info] GC(605) Archive regions: 2->2
[2024-10-12T10:38:07.250+0800][info] GC(605) Humongous regions: 3->3
[2024-10-12T10:38:07.250+0800][info] GC(605) Metaspace: 1696K(1856K)->1696K(1856K) NonClass: 1572K(1664K)->1572K(1664K) Class: 124K(192K)->124K(192K)
[2024-10-12T10:38:07.250+0800][info] GC(605) Pause Young (Mixed) (G1 Preventive Collection) 115M->115M(128M) 1.747ms
[2024-10-12T10:38:07.250+0800][info] GC(605) User=0.00s Sys=0.00s Real=0.00s
[2024-10-12T10:38:07.291+0800][info] GC(606) Pause Young (Mixed) (G1 Preventive Collection)
[2024-10-12T10:38:07.291+0800][info] GC(606) Using 3 workers of 48 for evacuation
[2024-10-12T10:38:07.292+0800][info] GC(606) To-space exhausted
[2024-10-12T10:38:07.292+0800][info] GC(606)   Pre Evacuate Collection Set: 0.1ms
[2024-10-12T10:38:07.292+0800][info] GC(606)   Merge Heap Roots: 0.1ms
[2024-10-12T10:38:07.292+0800][info] GC(606)   Evacuate Collection Set: 0.9ms
[2024-10-12T10:38:07.293+0800][info] GC(606)   Post Evacuate Collection Set: 0.3ms
[2024-10-12T10:38:07.293+0800][info] GC(606)   Other: 0.2ms
[2024-10-12T10:38:07.293+0800][info] GC(606) Eden regions: 1->0(2)
[2024-10-12T10:38:07.293+0800][info] GC(606) Survivor regions: 1->1(1)
[2024-10-12T10:38:07.293+0800][info] GC(606) Old regions: 54->56
[2024-10-12T10:38:07.293+0800][info] GC(606) Archive regions: 2->2
[2024-10-12T10:38:07.293+0800][info] GC(606) Humongous regions: 3->3
[2024-10-12T10:38:07.293+0800][info] GC(606) Metaspace: 1696K(1856K)->1696K(1856K) NonClass: 1572K(1664K)->1572K(1664K) Class: 124K(192K)->124K(192K)
[2024-10-12T10:38:07.293+0800][info] GC(606) Pause Young (Mixed) (G1 Preventive Collection) 116M->118M(128M) 1.668ms
[2024-10-12T10:38:07.293+0800][info] GC(606) User=0.00s Sys=0.00s Real=0.00s
[2024-10-12T10:38:07.354+0800][info] GC(607) Pause Young (Mixed) (G1 Preventive Collection)
[2024-10-12T10:38:07.354+0800][info] GC(607) Using 3 workers of 48 for evacuation
[2024-10-12T10:38:07.355+0800][info] GC(607) To-space exhausted
[2024-10-12T10:38:07.355+0800][info] GC(607)   Pre Evacuate Collection Set: 0.2ms
[2024-10-12T10:38:07.355+0800][info] GC(607)   Merge Heap Roots: 0.1ms
[2024-10-12T10:38:07.355+0800][info] GC(607)   Evacuate Collection Set: 0.7ms
[2024-10-12T10:38:07.355+0800][info] GC(607)   Post Evacuate Collection Set: 0.4ms
[2024-10-12T10:38:07.355+0800][info] GC(607)   Other: 0.1ms
[2024-10-12T10:38:07.355+0800][info] GC(607) Eden regions: 1->0(2)
[2024-10-12T10:38:07.355+0800][info] GC(607) Survivor regions: 1->1(1)
[2024-10-12T10:38:07.355+0800][info] GC(607) Old regions: 56->57
[2024-10-12T10:38:07.355+0800][info] GC(607) Archive regions: 2->2
[2024-10-12T10:38:07.355+0800][info] GC(607) Humongous regions: 3->3
[2024-10-12T10:38:07.355+0800][info] GC(607) Metaspace: 1696K(1856K)->1696K(1856K) NonClass: 1572K(1664K)->1572K(1664K) Class: 124K(192K)->124K(192K)
[2024-10-12T10:38:07.355+0800][info] GC(607) Pause Young (Mixed) (G1 Preventive Collection) 120M->120M(128M) 1.619ms
[2024-10-12T10:38:07.355+0800][info] GC(607) User=0.00s Sys=0.00s Real=0.00s
[2024-10-12T10:38:07.396+0800][info] GC(608) Pause Young (Concurrent Start) (G1 Evacuation Pause)
[2024-10-12T10:38:07.396+0800][info] GC(608) Using 3 workers of 48 for evacuation
[2024-10-12T10:38:07.397+0800][info] GC(608) To-space exhausted
[2024-10-12T10:38:07.397+0800][info] GC(608)   Pre Evacuate Collection Set: 0.1ms
[2024-10-12T10:38:07.397+0800][info] GC(608)   Merge Heap Roots: 0.1ms
[2024-10-12T10:38:07.397+0800][info] GC(608)   Evacuate Collection Set: 0.4ms
[2024-10-12T10:38:07.397+0800][info] GC(608)   Post Evacuate Collection Set: 0.2ms
[2024-10-12T10:38:07.397+0800][info] GC(608)   Other: 0.4ms
[2024-10-12T10:38:07.397+0800][info] GC(608) Eden regions: 1->0(3)
[2024-10-12T10:38:07.398+0800][info] GC(608) Survivor regions: 1->0(0)
[2024-10-12T10:38:07.398+0800][info] GC(608) Old regions: 57->59
[2024-10-12T10:38:07.398+0800][info] GC(608) Archive regions: 2->2
[2024-10-12T10:38:07.398+0800][info] GC(608) Humongous regions: 3->3
[2024-10-12T10:38:07.398+0800][info] GC(608) Metaspace: 1696K(1856K)->1696K(1856K) NonClass: 1572K(1664K)->1572K(1664K) Class: 124K(192K)->124K(192K)
[2024-10-12T10:38:07.398+0800][info] GC(608) Pause Young (Concurrent Start) (G1 Evacuation Pause) 122M->122M(128M) 1.287ms
[2024-10-12T10:38:07.398+0800][info] GC(608) User=0.00s Sys=0.00s Real=0.00s
[2024-10-12T10:38:07.398+0800][info] Attempting full compaction
[2024-10-12T10:38:07.398+0800][info] GC(609) Using 3 workers of 48 for full compaction
[2024-10-12T10:38:07.398+0800][info] GC(610) Concurrent Mark Cycle
[2024-10-12T10:38:07.398+0800][info] GC(609) Pause Full (G1 Compaction Pause)
[2024-10-12T10:38:07.398+0800][info] GC(610) Concurrent Clear Claimed Marks
[2024-10-12T10:38:07.398+0800][info] GC(610) Concurrent Clear Claimed Marks 0.065ms
[2024-10-12T10:38:07.398+0800][info] GC(610) Concurrent Scan Root Regions
[2024-10-12T10:38:07.398+0800][info] GC(610) Concurrent Scan Root Regions 0.010ms
[2024-10-12T10:38:07.398+0800][info] GC(610) Concurrent Mark
[2024-10-12T10:38:07.398+0800][info] GC(610) Concurrent Mark From Roots
[2024-10-12T10:38:07.398+0800][info] GC(610) Using 12 workers of 12 for marking
[2024-10-12T10:38:07.398+0800][info] GC(609) Phase 1: Mark live objects
[2024-10-12T10:38:07.401+0800][info] GC(609) Phase 1: Mark live objects 3.185ms
[2024-10-12T10:38:07.401+0800][info] GC(609) Phase 2: Prepare for compaction
[2024-10-12T10:38:07.402+0800][info] GC(609) Phase 2: Prepare for compaction 0.508ms
[2024-10-12T10:38:07.402+0800][info] GC(609) Phase 3: Adjust pointers
[2024-10-12T10:38:07.404+0800][info] GC(609) Phase 3: Adjust pointers 1.716ms
[2024-10-12T10:38:07.404+0800][info] GC(609) Phase 4: Compact heap
[2024-10-12T10:38:07.418+0800][info] GC(609) Phase 4: Compact heap 14.669ms
[2024-10-12T10:38:07.420+0800][info] GC(609) Eden regions: 0->0(4)
[2024-10-12T10:38:07.420+0800][info] GC(609) Survivor regions: 0->0(0)
[2024-10-12T10:38:07.420+0800][info] GC(609) Old regions: 59->38
[2024-10-12T10:38:07.420+0800][info] GC(609) Archive regions: 2->2
[2024-10-12T10:38:07.420+0800][info] GC(609) Humongous regions: 3->3
[2024-10-12T10:38:07.420+0800][info] GC(609) Metaspace: 1696K(1856K)->1696K(1856K) NonClass: 1572K(1664K)->1572K(1664K) Class: 124K(192K)->124K(192K)
[2024-10-12T10:38:07.420+0800][info] GC(609) Pause Full (G1 Compaction Pause) 122M->71M(128M) 22.131ms
[2024-10-12T10:38:07.420+0800][info] GC(609) User=0.04s Sys=0.00s Real=0.02s
[2024-10-12T10:38:07.420+0800][info] GC(610) Concurrent Mark From Roots 22.351ms
[2024-10-12T10:38:07.420+0800][info] GC(610) Concurrent Mark Abort
[2024-10-12T10:38:07.420+0800][info] GC(610) Concurrent Mark Cycle 22.587ms
[2024-10-12T10:38:07.646+0800][info] GC(611) Pause Young (Normal) (G1 Evacuation Pause)
[2024-10-12T10:38:07.646+0800][info] GC(611) Using 3 workers of 48 for evacuation
[2024-10-12T10:38:07.647+0800][info] GC(611)   Pre Evacuate Collection Set: 0.1ms
[2024-10-12T10:38:07.647+0800][info] GC(611)   Merge Heap Roots: 0.1ms
[2024-10-12T10:38:07.647+0800][info] GC(611)   Evacuate Collection Set: 1.1ms
[2024-10-12T10:38:07.647+0800][info] GC(611)   Post Evacuate Collection Set: 0.2ms
[2024-10-12T10:38:07.647+0800][info] GC(611)   Other: 0.2ms
[2024-10-12T10:38:07.647+0800][info] GC(611) Eden regions: 4->0(2)
[2024-10-12T10:38:07.647+0800][info] GC(611) Survivor regions: 0->1(1)
[2024-10-12T10:38:07.647+0800][info] GC(611) Old regions: 38->42
[2024-10-12T10:38:07.647+0800][info] GC(611) Archive regions: 2->2
[2024-10-12T10:38:07.647+0800][info] GC(611) Humongous regions: 3->3
[2024-10-12T10:38:07.647+0800][info] GC(611) Metaspace: 1696K(1856K)->1696K(1856K) NonClass: 1572K(1664K)->1572K(1664K) Class: 124K(192K)->124K(192K)
[2024-10-12T10:38:07.648+0800][info] GC(611) Pause Young (Normal) (G1 Evacuation Pause) 79M->80M(128M) 1.789ms
[2024-10-12T10:38:07.648+0800][info] GC(611) User=0.01s Sys=0.00s Real=0.00s
[2024-10-12T10:38:07.750+0800][info] GC(612) Pause Young (Normal) (G1 Evacuation Pause)
[2024-10-12T10:38:07.750+0800][info] GC(612) Using 3 workers of 48 for evacuation
[2024-10-12T10:38:07.752+0800][info] GC(612)   Pre Evacuate Collection Set: 0.1ms
[2024-10-12T10:38:07.752+0800][info] GC(612)   Merge Heap Roots: 0.0ms
[2024-10-12T10:38:07.752+0800][info] GC(612)   Evacuate Collection Set: 0.7ms
[2024-10-12T10:38:07.752+0800][info] GC(612)   Post Evacuate Collection Set: 0.2ms
[2024-10-12T10:38:07.752+0800][info] GC(612)   Other: 0.2ms
[2024-10-12T10:38:07.752+0800][info] GC(612) Eden regions: 2->0(2)
[2024-10-12T10:38:07.752+0800][info] GC(612) Survivor regions: 1->1(1)
[2024-10-12T10:38:07.752+0800][info] GC(612) Old regions: 42->44
[2024-10-12T10:38:07.752+0800][info] GC(612) Archive regions: 2->2
[2024-10-12T10:38:07.752+0800][info] GC(612) Humongous regions: 4->4
[2024-10-12T10:38:07.752+0800][info] GC(612) Metaspace: 1696K(1856K)->1696K(1856K) NonClass: 1572K(1664K)->1572K(1664K) Class: 124K(192K)->124K(192K)
[2024-10-12T10:38:07.752+0800][info] GC(612) Pause Young (Normal) (G1 Evacuation Pause) 86M->86M(128M) 1.377ms
[2024-10-12T10:38:07.752+0800][info] GC(612) User=0.00s Sys=0.00s Real=0.00s
[2024-10-12T10:38:07.854+0800][info] GC(613) Pause Young (Normal) (G1 Evacuation Pause)
[2024-10-12T10:38:07.854+0800][info] GC(613) Using 3 workers of 48 for evacuation
[2024-10-12T10:38:07.855+0800][info] GC(613)   Pre Evacuate Collection Set: 0.1ms
[2024-10-12T10:38:07.855+0800][info] GC(613)   Merge Heap Roots: 0.0ms
[2024-10-12T10:38:07.855+0800][info] GC(613)   Evacuate Collection Set: 0.8ms
[2024-10-12T10:38:07.855+0800][info] GC(613)   Post Evacuate Collection Set: 0.2ms
[2024-10-12T10:38:07.855+0800][info] GC(613)   Other: 0.2ms
[2024-10-12T10:38:07.855+0800][info] GC(613) Eden regions: 2->0(2)
[2024-10-12T10:38:07.855+0800][info] GC(613) Survivor regions: 1->1(1)
[2024-10-12T10:38:07.855+0800][info] GC(613) Old regions: 44->46
[2024-10-12T10:38:07.855+0800][info] GC(613) Archive regions: 2->2
[2024-10-12T10:38:07.855+0800][info] GC(613) Humongous regions: 4->4
[2024-10-12T10:38:07.855+0800][info] GC(613) Metaspace: 1696K(1856K)->1696K(1856K) NonClass: 1572K(1664K)->1572K(1664K) Class: 124K(192K)->124K(192K)
[2024-10-12T10:38:07.855+0800][info] GC(613) Pause Young (Normal) (G1 Evacuation Pause) 90M->90M(128M) 1.493ms
[2024-10-12T10:38:07.855+0800][info] GC(613) User=0.01s Sys=0.00s Real=0.00s
[2024-10-12T10:38:07.958+0800][info] GC(614) Pause Young (Concurrent Start) (G1 Evacuation Pause)
[2024-10-12T10:38:07.958+0800][info] GC(614) Using 3 workers of 48 for evacuation
[2024-10-12T10:38:07.959+0800][info] GC(614)   Pre Evacuate Collection Set: 0.1ms
[2024-10-12T10:38:07.959+0800][info] GC(614)   Merge Heap Roots: 0.0ms
[2024-10-12T10:38:07.959+0800][info] GC(614)   Evacuate Collection Set: 0.9ms
[2024-10-12T10:38:07.959+0800][info] GC(614)   Post Evacuate Collection Set: 0.2ms
[2024-10-12T10:38:07.959+0800][info] GC(614)   Other: 0.4ms
[2024-10-12T10:38:07.959+0800][info] GC(614) Eden regions: 2->0(2)
[2024-10-12T10:38:07.959+0800][info] GC(614) Survivor regions: 1->1(1)
[2024-10-12T10:38:07.959+0800][info] GC(614) Old regions: 46->48
[2024-10-12T10:38:07.959+0800][info] GC(614) Archive regions: 2->2
[2024-10-12T10:38:07.959+0800][info] GC(614) Humongous regions: 4->4
[2024-10-12T10:38:07.959+0800][info] GC(614) Metaspace: 1696K(1856K)->1696K(1856K) NonClass: 1572K(1664K)->1572K(1664K) Class: 124K(192K)->124K(192K)
[2024-10-12T10:38:07.959+0800][info] GC(614) Pause Young (Concurrent Start) (G1 Evacuation Pause) 94M->94M(128M) 1.748ms
[2024-10-12T10:38:07.959+0800][info] GC(614) User=0.00s Sys=0.01s Real=0.00s
[2024-10-12T10:38:07.959+0800][info] GC(615) Concurrent Mark Cycle
[2024-10-12T10:38:07.959+0800][info] GC(615) Concurrent Clear Claimed Marks
[2024-10-12T10:38:07.959+0800][info] GC(615) Concurrent Clear Claimed Marks 0.017ms
[2024-10-12T10:38:07.959+0800][info] GC(615) Concurrent Scan Root Regions
[2024-10-12T10:38:07.960+0800][info] GC(615) Concurrent Scan Root Regions 0.157ms
[2024-10-12T10:38:07.960+0800][info] GC(615) Concurrent Mark
[2024-10-12T10:38:07.960+0800][info] GC(615) Concurrent Mark From Roots
[2024-10-12T10:38:07.960+0800][info] GC(615) Using 12 workers of 12 for marking
[2024-10-12T10:38:07.963+0800][info] GC(615) Concurrent Mark From Roots 3.566ms
[2024-10-12T10:38:07.963+0800][info] GC(615) Concurrent Preclean
[2024-10-12T10:38:07.965+0800][info] GC(615) Concurrent Preclean 1.697ms
[2024-10-12T10:38:07.965+0800][info] GC(615) Pause Remark
[2024-10-12T10:38:07.967+0800][info] GC(615) Pause Remark 94M->92M(128M) 1.472ms
[2024-10-12T10:38:07.967+0800][info] GC(615) User=0.00s Sys=0.00s Real=0.01s
[2024-10-12T10:38:07.967+0800][info] GC(615) Concurrent Mark 6.963ms
[2024-10-12T10:38:07.967+0800][info] GC(615) Concurrent Rebuild Remembered Sets
[2024-10-12T10:38:07.968+0800][info] GC(615) Concurrent Rebuild Remembered Sets 1.271ms
[2024-10-12T10:38:07.968+0800][info] GC(615) Pause Cleanup
[2024-10-12T10:38:07.968+0800][info] GC(615) Pause Cleanup 92M->92M(128M) 0.270ms
[2024-10-12T10:38:07.968+0800][info] GC(615) User=0.00s Sys=0.00s Real=0.00s
[2024-10-12T10:38:07.968+0800][info] GC(615) Concurrent Cleanup for Next Mark
[2024-10-12T10:38:07.969+0800][info] GC(615) Concurrent Cleanup for Next Mark 0.335ms
[2024-10-12T10:38:07.969+0800][info] GC(615) Concurrent Mark Cycle 9.373ms
[2024-10-12T10:38:08.112+0800][info] GC(616) Pause Young (Prepare Mixed) (G1 Evacuation Pause)
[2024-10-12T10:38:08.112+0800][info] GC(616) Using 3 workers of 48 for evacuation
[2024-10-12T10:38:08.114+0800][info] GC(616)   Pre Evacuate Collection Set: 0.1ms
[2024-10-12T10:38:08.114+0800][info] GC(616)   Merge Heap Roots: 0.1ms
[2024-10-12T10:38:08.114+0800][info] GC(616)   Evacuate Collection Set: 1.6ms
[2024-10-12T10:38:08.114+0800][info] GC(616)   Post Evacuate Collection Set: 0.2ms
[2024-10-12T10:38:08.114+0800][info] GC(616)   Other: 0.2ms
[2024-10-12T10:38:08.114+0800][info] GC(616) Eden regions: 2->0(2)
[2024-10-12T10:38:08.114+0800][info] GC(616) Survivor regions: 1->1(1)
[2024-10-12T10:38:08.114+0800][info] GC(616) Old regions: 48->50
[2024-10-12T10:38:08.114+0800][info] GC(616) Archive regions: 2->2
[2024-10-12T10:38:08.114+0800][info] GC(616) Humongous regions: 3->3
[2024-10-12T10:38:08.114+0800][info] GC(616) Metaspace: 1696K(1856K)->1696K(1856K) NonClass: 1572K(1664K)->1572K(1664K) Class: 124K(192K)->124K(192K)
[2024-10-12T10:38:08.114+0800][info] GC(616) Pause Young (Prepare Mixed) (G1 Evacuation Pause) 95M->96M(128M) 2.263ms
[2024-10-12T10:38:08.114+0800][info] GC(616) User=0.00s Sys=0.00s Real=0.01s
[2024-10-12T10:38:08.217+0800][info] GC(617) Pause Young (Mixed) (G1 Evacuation Pause)
[2024-10-12T10:38:08.217+0800][info] GC(617) Using 3 workers of 48 for evacuation
[2024-10-12T10:38:08.218+0800][info] GC(617)   Pre Evacuate Collection Set: 0.2ms
[2024-10-12T10:38:08.218+0800][info] GC(617)   Merge Heap Roots: 0.1ms
[2024-10-12T10:38:08.218+0800][info] GC(617)   Evacuate Collection Set: 1.2ms
[2024-10-12T10:38:08.218+0800][info] GC(617)   Post Evacuate Collection Set: 0.2ms
[2024-10-12T10:38:08.218+0800][info] GC(617)   Other: 0.2ms
[2024-10-12T10:38:08.218+0800][info] GC(617) Eden regions: 2->0(2)
[2024-10-12T10:38:08.218+0800][info] GC(617) Survivor regions: 1->1(1)
[2024-10-12T10:38:08.218+0800][info] GC(617) Old regions: 50->46
[2024-10-12T10:38:08.218+0800][info] GC(617) Archive regions: 2->2
[2024-10-12T10:38:08.218+0800][info] GC(617) Humongous regions: 3->3
[2024-10-12T10:38:08.218+0800][info] GC(617) Metaspace: 1696K(1856K)->1696K(1856K) NonClass: 1572K(1664K)->1572K(1664K) Class: 124K(192K)->124K(192K)
[2024-10-12T10:38:08.219+0800][info] GC(617) Pause Young (Mixed) (G1 Evacuation Pause) 99M->91M(128M) 1.959ms
[2024-10-12T10:38:08.219+0800][info] GC(617) User=0.00s Sys=0.00s Real=0.00s
[2024-10-12T10:38:08.321+0800][info] GC(618) Pause Young (Mixed) (G1 Evacuation Pause)
[2024-10-12T10:38:08.321+0800][info] GC(618) Using 3 workers of 48 for evacuation
[2024-10-12T10:38:08.322+0800][info] GC(618)   Pre Evacuate Collection Set: 0.2ms
[2024-10-12T10:38:08.322+0800][info] GC(618)   Merge Heap Roots: 0.0ms
[2024-10-12T10:38:08.322+0800][info] GC(618)   Evacuate Collection Set: 1.0ms
[2024-10-12T10:38:08.322+0800][info] GC(618)   Post Evacuate Collection Set: 0.2ms
[2024-10-12T10:38:08.322+0800][info] GC(618)   Other: 0.1ms
[2024-10-12T10:38:08.322+0800][info] GC(618) Eden regions: 2->0(2)
[2024-10-12T10:38:08.322+0800][info] GC(618) Survivor regions: 1->1(1)
[2024-10-12T10:38:08.322+0800][info] GC(618) Old regions: 46->48
[2024-10-12T10:38:08.322+0800][info] GC(618) Archive regions: 2->2
[2024-10-12T10:38:08.322+0800][info] GC(618) Humongous regions: 3->3
[2024-10-12T10:38:08.322+0800][info] GC(618) Metaspace: 1696K(1856K)->1696K(1856K) NonClass: 1572K(1664K)->1572K(1664K) Class: 124K(192K)->124K(192K)
[2024-10-12T10:38:08.322+0800][info] GC(618) Pause Young (Mixed) (G1 Evacuation Pause) 95M->94M(128M) 1.683ms
[2024-10-12T10:38:08.322+0800][info] GC(618) User=0.01s Sys=0.00s Real=0.00s
[2024-10-12T10:38:08.425+0800][info] GC(619) Pause Young (Normal) (G1 Evacuation Pause)
[2024-10-12T10:38:08.425+0800][info] GC(619) Using 3 workers of 48 for evacuation
[2024-10-12T10:38:08.426+0800][info] GC(619)   Pre Evacuate Collection Set: 0.1ms
[2024-10-12T10:38:08.426+0800][info] GC(619)   Merge Heap Roots: 0.0ms
[2024-10-12T10:38:08.426+0800][info] GC(619)   Evacuate Collection Set: 0.9ms
[2024-10-12T10:38:08.426+0800][info] GC(619)   Post Evacuate Collection Set: 0.2ms
[2024-10-12T10:38:08.426+0800][info] GC(619)   Other: 0.2ms
[2024-10-12T10:38:08.426+0800][info] GC(619) Eden regions: 2->0(2)
[2024-10-12T10:38:08.426+0800][info] GC(619) Survivor regions: 1->1(1)
[2024-10-12T10:38:08.426+0800][info] GC(619) Old regions: 48->50
[2024-10-12T10:38:08.426+0800][info] GC(619) Archive regions: 2->2
[2024-10-12T10:38:08.426+0800][info] GC(619) Humongous regions: 3->3
[2024-10-12T10:38:08.426+0800][info] GC(619) Metaspace: 1696K(1856K)->1696K(1856K) NonClass: 1572K(1664K)->1572K(1664K) Class: 124K(192K)->124K(192K)
[2024-10-12T10:38:08.426+0800][info] GC(619) Pause Young (Normal) (G1 Evacuation Pause) 98M->99M(128M) 1.575ms
[2024-10-12T10:38:08.426+0800][info] GC(619) User=0.00s Sys=0.00s Real=0.01s
[2024-10-12T10:38:08.528+0800][info] GC(620) Pause Young (Concurrent Start) (G1 Evacuation Pause)
[2024-10-12T10:38:08.528+0800][info] GC(620) Using 3 workers of 48 for evacuation
[2024-10-12T10:38:08.530+0800][info] GC(620)   Pre Evacuate Collection Set: 0.1ms
[2024-10-12T10:38:08.530+0800][info] GC(620)   Merge Heap Roots: 0.1ms
[2024-10-12T10:38:08.530+0800][info] GC(620)   Evacuate Collection Set: 0.9ms
[2024-10-12T10:38:08.530+0800][info] GC(620)   Post Evacuate Collection Set: 0.2ms
[2024-10-12T10:38:08.530+0800][info] GC(620)   Other: 0.3ms
[2024-10-12T10:38:08.530+0800][info] GC(620) Eden regions: 2->0(2)
[2024-10-12T10:38:08.530+0800][info] GC(620) Survivor regions: 1->1(1)
[2024-10-12T10:38:08.530+0800][info] GC(620) Old regions: 50->52
[2024-10-12T10:38:08.530+0800][info] GC(620) Archive regions: 2->2
[2024-10-12T10:38:08.530+0800][info] GC(620) Humongous regions: 3->3
[2024-10-12T10:38:08.530+0800][info] GC(620) Metaspace: 1696K(1856K)->1696K(1856K) NonClass: 1572K(1664K)->1572K(1664K) Class: 124K(192K)->124K(192K)
[2024-10-12T10:38:08.530+0800][info] GC(620) Pause Young (Concurrent Start) (G1 Evacuation Pause) 102M->102M(128M) 1.671ms
[2024-10-12T10:38:08.530+0800][info] GC(620) User=0.01s Sys=0.00s Real=0.00s
[2024-10-12T10:38:08.530+0800][info] GC(621) Concurrent Mark Cycle
[2024-10-12T10:38:08.530+0800][info] GC(621) Concurrent Clear Claimed Marks
[2024-10-12T10:38:08.530+0800][info] GC(621) Concurrent Clear Claimed Marks 0.017ms
[2024-10-12T10:38:08.530+0800][info] GC(621) Concurrent Scan Root Regions
[2024-10-12T10:38:08.530+0800][info] GC(621) Concurrent Scan Root Regions 0.152ms
[2024-10-12T10:38:08.530+0800][info] GC(621) Concurrent Mark
[2024-10-12T10:38:08.530+0800][info] GC(621) Concurrent Mark From Roots
[2024-10-12T10:38:08.530+0800][info] GC(621) Using 12 workers of 12 for marking
[2024-10-12T10:38:08.534+0800][info] GC(621) Concurrent Mark From Roots 3.576ms
[2024-10-12T10:38:08.534+0800][info] GC(621) Concurrent Preclean
[2024-10-12T10:38:08.536+0800][info] GC(621) Concurrent Preclean 1.696ms
[2024-10-12T10:38:08.536+0800][info] GC(621) Pause Remark
[2024-10-12T10:38:08.537+0800][info] GC(621) Pause Remark 103M->103M(128M) 1.716ms
[2024-10-12T10:38:08.537+0800][info] GC(621) User=0.00s Sys=0.00s Real=0.00s
[2024-10-12T10:38:08.538+0800][info] GC(621) Concurrent Mark 7.302ms
[2024-10-12T10:38:08.538+0800][info] GC(621) Concurrent Rebuild Remembered Sets
[2024-10-12T10:38:08.540+0800][info] GC(621) Concurrent Rebuild Remembered Sets 1.936ms
[2024-10-12T10:38:08.540+0800][info] GC(621) Pause Cleanup
[2024-10-12T10:38:08.540+0800][info] GC(621) Pause Cleanup 103M->103M(128M) 0.239ms
[2024-10-12T10:38:08.540+0800][info] GC(621) User=0.00s Sys=0.00s Real=0.00s
[2024-10-12T10:38:08.540+0800][info] GC(621) Concurrent Cleanup for Next Mark
[2024-10-12T10:38:08.540+0800][info] GC(621) Concurrent Cleanup for Next Mark 0.393ms
[2024-10-12T10:38:08.540+0800][info] GC(621) Concurrent Mark Cycle 10.312ms
[2024-10-12T10:38:08.683+0800][info] GC(622) Pause Young (Prepare Mixed) (G1 Preventive Collection)
[2024-10-12T10:38:08.683+0800][info] GC(622) Using 3 workers of 48 for evacuation
[2024-10-12T10:38:08.685+0800][info] GC(622)   Pre Evacuate Collection Set: 0.1ms
[2024-10-12T10:38:08.685+0800][info] GC(622)   Merge Heap Roots: 0.0ms
[2024-10-12T10:38:08.685+0800][info] GC(622)   Evacuate Collection Set: 0.8ms
[2024-10-12T10:38:08.685+0800][info] GC(622)   Post Evacuate Collection Set: 0.2ms
[2024-10-12T10:38:08.685+0800][info] GC(622)   Other: 0.2ms
[2024-10-12T10:38:08.685+0800][info] GC(622) Eden regions: 2->0(2)
[2024-10-12T10:38:08.685+0800][info] GC(622) Survivor regions: 1->1(1)
[2024-10-12T10:38:08.685+0800][info] GC(622) Old regions: 52->54
[2024-10-12T10:38:08.685+0800][info] GC(622) Archive regions: 2->2
[2024-10-12T10:38:08.685+0800][info] GC(622) Humongous regions: 3->3
[2024-10-12T10:38:08.685+0800][info] GC(622) Metaspace: 1696K(1856K)->1696K(1856K) NonClass: 1572K(1664K)->1572K(1664K) Class: 124K(192K)->124K(192K)
[2024-10-12T10:38:08.685+0800][info] GC(622) Pause Young (Prepare Mixed) (G1 Preventive Collection) 106M->106M(128M) 1.511ms
[2024-10-12T10:38:08.685+0800][info] GC(622) User=0.00s Sys=0.00s Real=0.00s
[2024-10-12T10:38:08.746+0800][info] GC(623) Pause Young (Mixed) (G1 Preventive Collection)
[2024-10-12T10:38:08.746+0800][info] GC(623) Using 3 workers of 48 for evacuation
[2024-10-12T10:38:08.748+0800][info] GC(623)   Pre Evacuate Collection Set: 0.2ms
[2024-10-12T10:38:08.748+0800][info] GC(623)   Merge Heap Roots: 0.1ms
[2024-10-12T10:38:08.748+0800][info] GC(623)   Evacuate Collection Set: 1.0ms
[2024-10-12T10:38:08.748+0800][info] GC(623)   Post Evacuate Collection Set: 0.2ms
[2024-10-12T10:38:08.748+0800][info] GC(623)   Other: 0.2ms
[2024-10-12T10:38:08.748+0800][info] GC(623) Eden regions: 1->0(2)
[2024-10-12T10:38:08.748+0800][info] GC(623) Survivor regions: 1->1(1)
[2024-10-12T10:38:08.748+0800][info] GC(623) Old regions: 54->49
[2024-10-12T10:38:08.748+0800][info] GC(623) Archive regions: 2->2
[2024-10-12T10:38:08.748+0800][info] GC(623) Humongous regions: 3->3
[2024-10-12T10:38:08.748+0800][info] GC(623) Metaspace: 1696K(1856K)->1696K(1856K) NonClass: 1572K(1664K)->1572K(1664K) Class: 124K(192K)->124K(192K)
[2024-10-12T10:38:08.748+0800][info] GC(623) Pause Young (Mixed) (G1 Preventive Collection) 108M->99M(128M) 1.734ms
[2024-10-12T10:38:08.748+0800][info] GC(623) User=0.01s Sys=0.01s Real=0.00s
[2024-10-12T10:38:08.850+0800][info] GC(624) Pause Young (Mixed) (G1 Evacuation Pause)
[2024-10-12T10:38:08.850+0800][info] GC(624) Using 3 workers of 48 for evacuation
[2024-10-12T10:38:08.852+0800][info] GC(624)   Pre Evacuate Collection Set: 0.2ms
[2024-10-12T10:38:08.853+0800][info] GC(624)   Merge Heap Roots: 0.1ms
[2024-10-12T10:38:08.853+0800][info] GC(624)   Evacuate Collection Set: 1.8ms
[2024-10-12T10:38:08.853+0800][info] GC(624)   Post Evacuate Collection Set: 0.2ms
[2024-10-12T10:38:08.853+0800][info] GC(624)   Other: 0.1ms
[2024-10-12T10:38:08.853+0800][info] GC(624) Eden regions: 2->0(2)
[2024-10-12T10:38:08.853+0800][info] GC(624) Survivor regions: 1->1(1)
[2024-10-12T10:38:08.853+0800][info] GC(624) Old regions: 49->48
[2024-10-12T10:38:08.853+0800][info] GC(624) Archive regions: 2->2
[2024-10-12T10:38:08.853+0800][info] GC(624) Humongous regions: 3->3
[2024-10-12T10:38:08.853+0800][info] GC(624) Metaspace: 1696K(1856K)->1696K(1856K) NonClass: 1572K(1664K)->1572K(1664K) Class: 124K(192K)->124K(192K)
[2024-10-12T10:38:08.853+0800][info] GC(624) Pause Young (Mixed) (G1 Evacuation Pause) 103M->98M(128M) 2.538ms
[2024-10-12T10:38:08.853+0800][info] GC(624) User=0.00s Sys=0.00s Real=0.00s
[2024-10-12T10:38:08.955+0800][info] GC(625) Pause Young (Mixed) (G1 Evacuation Pause)
[2024-10-12T10:38:08.955+0800][info] GC(625) Using 3 workers of 48 for evacuation
[2024-10-12T10:38:08.957+0800][info] GC(625)   Pre Evacuate Collection Set: 0.2ms
[2024-10-12T10:38:08.957+0800][info] GC(625)   Merge Heap Roots: 0.1ms
[2024-10-12T10:38:08.957+0800][info] GC(625)   Evacuate Collection Set: 1.6ms
[2024-10-12T10:38:08.957+0800][info] GC(625)   Post Evacuate Collection Set: 0.2ms
[2024-10-12T10:38:08.957+0800][info] GC(625)   Other: 0.2ms
[2024-10-12T10:38:08.957+0800][info] GC(625) Eden regions: 2->0(2)
[2024-10-12T10:38:08.957+0800][info] GC(625) Survivor regions: 1->1(1)
[2024-10-12T10:38:08.957+0800][info] GC(625) Old regions: 48->47
[2024-10-12T10:38:08.957+0800][info] GC(625) Archive regions: 2->2
[2024-10-12T10:38:08.957+0800][info] GC(625) Humongous regions: 3->3
[2024-10-12T10:38:08.957+0800][info] GC(625) Metaspace: 1696K(1856K)->1696K(1856K) NonClass: 1572K(1664K)->1572K(1664K) Class: 124K(192K)->124K(192K)
[2024-10-12T10:38:08.957+0800][info] GC(625) Pause Young (Mixed) (G1 Evacuation Pause) 101M->97M(128M) 2.343ms
[2024-10-12T10:38:08.957+0800][info] GC(625) User=0.01s Sys=0.00s Real=0.00s
[2024-10-12T10:38:09.059+0800][info] GC(626) Pause Young (Mixed) (G1 Evacuation Pause)
[2024-10-12T10:38:09.059+0800][info] GC(626) Using 3 workers of 48 for evacuation
[2024-10-12T10:38:09.061+0800][info] GC(626)   Pre Evacuate Collection Set: 0.2ms
[2024-10-12T10:38:09.061+0800][info] GC(626)   Merge Heap Roots: 0.0ms
[2024-10-12T10:38:09.061+0800][info] GC(626)   Evacuate Collection Set: 1.0ms
[2024-10-12T10:38:09.061+0800][info] GC(626)   Post Evacuate Collection Set: 0.2ms
[2024-10-12T10:38:09.061+0800][info] GC(626)   Other: 0.1ms
[2024-10-12T10:38:09.061+0800][info] GC(626) Eden regions: 2->0(2)
[2024-10-12T10:38:09.061+0800][info] GC(626) Survivor regions: 1->1(1)
[2024-10-12T10:38:09.061+0800][info] GC(626) Old regions: 47->49
[2024-10-12T10:38:09.061+0800][info] GC(626) Archive regions: 2->2
[2024-10-12T10:38:09.061+0800][info] GC(626) Humongous regions: 3->3
[2024-10-12T10:38:09.061+0800][info] GC(626) Metaspace: 1696K(1856K)->1696K(1856K) NonClass: 1572K(1664K)->1572K(1664K) Class: 124K(192K)->124K(192K)
[2024-10-12T10:38:09.061+0800][info] GC(626) Pause Young (Mixed) (G1 Evacuation Pause) 101M->102M(128M) 1.695ms
[2024-10-12T10:38:09.061+0800][info] GC(626) User=0.01s Sys=0.00s Real=0.00s
[2024-10-12T10:38:09.163+0800][info] GC(627) Pause Young (Concurrent Start) (G1 Evacuation Pause)
[2024-10-12T10:38:09.163+0800][info] GC(627) Using 3 workers of 48 for evacuation
[2024-10-12T10:38:09.164+0800][info] GC(627)   Pre Evacuate Collection Set: 0.1ms
[2024-10-12T10:38:09.165+0800][info] GC(627)   Merge Heap Roots: 0.1ms
[2024-10-12T10:38:09.165+0800][info] GC(627)   Evacuate Collection Set: 0.7ms
[2024-10-12T10:38:09.165+0800][info] GC(627)   Post Evacuate Collection Set: 0.2ms
[2024-10-12T10:38:09.165+0800][info] GC(627)   Other: 0.3ms
[2024-10-12T10:38:09.165+0800][info] GC(627) Eden regions: 2->0(2)
[2024-10-12T10:38:09.165+0800][info] GC(627) Survivor regions: 1->1(1)
[2024-10-12T10:38:09.165+0800][info] GC(627) Old regions: 49->51
[2024-10-12T10:38:09.165+0800][info] GC(627) Archive regions: 2->2
[2024-10-12T10:38:09.165+0800][info] GC(627) Humongous regions: 3->3
[2024-10-12T10:38:09.165+0800][info] GC(627) Metaspace: 1696K(1856K)->1696K(1856K) NonClass: 1572K(1664K)->1572K(1664K) Class: 124K(192K)->124K(192K)
[2024-10-12T10:38:09.165+0800][info] GC(627) Pause Young (Concurrent Start) (G1 Evacuation Pause) 105M->106M(128M) 1.507ms
[2024-10-12T10:38:09.165+0800][info] GC(627) User=0.00s Sys=0.00s Real=0.00s
[2024-10-12T10:38:09.165+0800][info] GC(628) Concurrent Mark Cycle
[2024-10-12T10:38:09.165+0800][info] GC(628) Concurrent Clear Claimed Marks
[2024-10-12T10:38:09.165+0800][info] GC(628) Concurrent Clear Claimed Marks 0.018ms
[2024-10-12T10:38:09.165+0800][info] GC(628) Concurrent Scan Root Regions
[2024-10-12T10:38:09.165+0800][info] GC(628) Concurrent Scan Root Regions 0.109ms
[2024-10-12T10:38:09.165+0800][info] GC(628) Concurrent Mark
[2024-10-12T10:38:09.165+0800][info] GC(628) Concurrent Mark From Roots
[2024-10-12T10:38:09.165+0800][info] GC(628) Using 12 workers of 12 for marking
[2024-10-12T10:38:09.168+0800][info] GC(628) Concurrent Mark From Roots 3.521ms
[2024-10-12T10:38:09.169+0800][info] GC(628) Concurrent Preclean
[2024-10-12T10:38:09.170+0800][info] GC(628) Concurrent Preclean 1.741ms
[2024-10-12T10:38:09.170+0800][info] GC(628) Pause Remark
[2024-10-12T10:38:09.172+0800][info] GC(628) Pause Remark 106M->106M(128M) 1.617ms
[2024-10-12T10:38:09.172+0800][info] GC(628) User=0.01s Sys=0.00s Real=0.00s
[2024-10-12T10:38:09.172+0800][info] GC(628) Concurrent Mark 7.175ms
[2024-10-12T10:38:09.172+0800][info] GC(628) Concurrent Rebuild Remembered Sets
[2024-10-12T10:38:09.173+0800][info] GC(628) Concurrent Rebuild Remembered Sets 1.309ms
[2024-10-12T10:38:09.174+0800][info] GC(628) Pause Cleanup
[2024-10-12T10:38:09.174+0800][info] GC(628) Pause Cleanup 106M->106M(128M) 0.177ms
[2024-10-12T10:38:09.174+0800][info] GC(628) User=0.00s Sys=0.00s Real=0.00s
[2024-10-12T10:38:09.174+0800][info] GC(628) Concurrent Cleanup for Next Mark
[2024-10-12T10:38:09.174+0800][info] GC(628) Concurrent Cleanup for Next Mark 0.361ms
[2024-10-12T10:38:09.174+0800][info] GC(628) Concurrent Mark Cycle 9.433ms
[2024-10-12T10:38:09.318+0800][info] GC(629) Pause Young (Prepare Mixed) (G1 Evacuation Pause)
[2024-10-12T10:38:09.318+0800][info] GC(629) Using 3 workers of 48 for evacuation
[2024-10-12T10:38:09.319+0800][info] GC(629)   Pre Evacuate Collection Set: 0.1ms
[2024-10-12T10:38:09.319+0800][info] GC(629)   Merge Heap Roots: 0.1ms
[2024-10-12T10:38:09.319+0800][info] GC(629)   Evacuate Collection Set: 0.8ms
[2024-10-12T10:38:09.319+0800][info] GC(629)   Post Evacuate Collection Set: 0.2ms
[2024-10-12T10:38:09.319+0800][info] GC(629)   Other: 0.2ms
[2024-10-12T10:38:09.319+0800][info] GC(629) Eden regions: 2->0(2)
[2024-10-12T10:38:09.319+0800][info] GC(629) Survivor regions: 1->1(1)
[2024-10-12T10:38:09.319+0800][info] GC(629) Old regions: 51->52
[2024-10-12T10:38:09.319+0800][info] GC(629) Archive regions: 2->2
[2024-10-12T10:38:09.319+0800][info] GC(629) Humongous regions: 3->3
[2024-10-12T10:38:09.319+0800][info] GC(629) Metaspace: 1696K(1856K)->1696K(1856K) NonClass: 1572K(1664K)->1572K(1664K) Class: 124K(192K)->124K(192K)
[2024-10-12T10:38:09.320+0800][info] GC(629) Pause Young (Prepare Mixed) (G1 Evacuation Pause) 109M->109M(128M) 1.519ms
[2024-10-12T10:38:09.320+0800][info] GC(629) User=0.00s Sys=0.00s Real=0.00s
[2024-10-12T10:38:09.422+0800][info] GC(630) Pause Young (Mixed) (G1 Preventive Collection)
[2024-10-12T10:38:09.422+0800][info] GC(630) Using 3 workers of 48 for evacuation
[2024-10-12T10:38:09.423+0800][info] GC(630) To-space exhausted
[2024-10-12T10:38:09.423+0800][info] GC(630)   Pre Evacuate Collection Set: 0.2ms
[2024-10-12T10:38:09.423+0800][info] GC(630)   Merge Heap Roots: 0.0ms
[2024-10-12T10:38:09.423+0800][info] GC(630)   Evacuate Collection Set: 0.9ms
[2024-10-12T10:38:09.423+0800][info] GC(630)   Post Evacuate Collection Set: 0.2ms
[2024-10-12T10:38:09.423+0800][info] GC(630)   Other: 0.2ms
[2024-10-12T10:38:09.423+0800][info] GC(630) Eden regions: 2->0(2)
[2024-10-12T10:38:09.423+0800][info] GC(630) Survivor regions: 1->1(1)
[2024-10-12T10:38:09.423+0800][info] GC(630) Old regions: 52->54
[2024-10-12T10:38:09.423+0800][info] GC(630) Archive regions: 2->2
[2024-10-12T10:38:09.423+0800][info] GC(630) Humongous regions: 3->3
[2024-10-12T10:38:09.423+0800][info] GC(630) Metaspace: 1696K(1856K)->1696K(1856K) NonClass: 1572K(1664K)->1572K(1664K) Class: 124K(192K)->124K(192K)
[2024-10-12T10:38:09.423+0800][info] GC(630) Pause Young (Mixed) (G1 Preventive Collection) 112M->113M(128M) 1.685ms
[2024-10-12T10:38:09.423+0800][info] GC(630) User=0.00s Sys=0.00s Real=0.00s
[2024-10-12T10:38:09.484+0800][info] GC(631) Pause Young (Mixed) (G1 Preventive Collection)
[2024-10-12T10:38:09.484+0800][info] GC(631) Using 3 workers of 48 for evacuation
[2024-10-12T10:38:09.486+0800][info] GC(631) To-space exhausted
[2024-10-12T10:38:09.486+0800][info] GC(631)   Pre Evacuate Collection Set: 0.2ms
[2024-10-12T10:38:09.486+0800][info] GC(631)   Merge Heap Roots: 0.1ms
[2024-10-12T10:38:09.486+0800][info] GC(631)   Evacuate Collection Set: 1.2ms
[2024-10-12T10:38:09.486+0800][info] GC(631)   Post Evacuate Collection Set: 0.3ms
[2024-10-12T10:38:09.486+0800][info] GC(631)   Other: 0.2ms
[2024-10-12T10:38:09.486+0800][info] GC(631) Eden regions: 1->0(2)
[2024-10-12T10:38:09.486+0800][info] GC(631) Survivor regions: 1->1(1)
[2024-10-12T10:38:09.486+0800][info] GC(631) Old regions: 54->56
[2024-10-12T10:38:09.486+0800][info] GC(631) Archive regions: 2->2
[2024-10-12T10:38:09.486+0800][info] GC(631) Humongous regions: 3->3
[2024-10-12T10:38:09.486+0800][info] GC(631) Metaspace: 1696K(1856K)->1696K(1856K) NonClass: 1572K(1664K)->1572K(1664K) Class: 124K(192K)->124K(192K)
[2024-10-12T10:38:09.486+0800][info] GC(631) Pause Young (Mixed) (G1 Preventive Collection) 115M->117M(128M) 2.046ms
[2024-10-12T10:38:09.486+0800][info] GC(631) User=0.00s Sys=0.00s Real=0.01s
[2024-10-12T10:38:09.528+0800][info] GC(632) Pause Young (Mixed) (G1 Preventive Collection)
[2024-10-12T10:38:09.528+0800][info] GC(632) Using 3 workers of 48 for evacuation
[2024-10-12T10:38:09.529+0800][info] GC(632) To-space exhausted
[2024-10-12T10:38:09.529+0800][info] GC(632)   Pre Evacuate Collection Set: 0.2ms
[2024-10-12T10:38:09.529+0800][info] GC(632)   Merge Heap Roots: 0.0ms
[2024-10-12T10:38:09.529+0800][info] GC(632)   Evacuate Collection Set: 0.4ms
[2024-10-12T10:38:09.529+0800][info] GC(632)   Post Evacuate Collection Set: 0.2ms
[2024-10-12T10:38:09.529+0800][info] GC(632)   Other: 0.1ms
[2024-10-12T10:38:09.529+0800][info] GC(632) Eden regions: 1->0(2)
[2024-10-12T10:38:09.529+0800][info] GC(632) Survivor regions: 1->1(1)
[2024-10-12T10:38:09.529+0800][info] GC(632) Old regions: 56->57
[2024-10-12T10:38:09.529+0800][info] GC(632) Archive regions: 2->2
[2024-10-12T10:38:09.529+0800][info] GC(632) Humongous regions: 3->3
[2024-10-12T10:38:09.529+0800][info] GC(632) Metaspace: 1696K(1856K)->1696K(1856K) NonClass: 1572K(1664K)->1572K(1664K) Class: 124K(192K)->124K(192K)
[2024-10-12T10:38:09.529+0800][info] GC(632) Pause Young (Mixed) (G1 Preventive Collection) 118M->118M(128M) 1.040ms
[2024-10-12T10:38:09.529+0800][info] GC(632) User=0.00s Sys=0.00s Real=0.00s
[2024-10-12T10:38:09.590+0800][info] GC(633) Pause Young (Concurrent Start) (G1 Evacuation Pause)
[2024-10-12T10:38:09.590+0800][info] GC(633) Using 3 workers of 48 for evacuation
[2024-10-12T10:38:09.591+0800][info] GC(633) To-space exhausted
[2024-10-12T10:38:09.591+0800][info] GC(633)   Pre Evacuate Collection Set: 0.1ms
[2024-10-12T10:38:09.591+0800][info] GC(633)   Merge Heap Roots: 0.0ms
[2024-10-12T10:38:09.591+0800][info] GC(633)   Evacuate Collection Set: 0.3ms
[2024-10-12T10:38:09.591+0800][info] GC(633)   Post Evacuate Collection Set: 0.2ms
[2024-10-12T10:38:09.591+0800][info] GC(633)   Other: 0.3ms
[2024-10-12T10:38:09.591+0800][info] GC(633) Eden regions: 1->0(3)
[2024-10-12T10:38:09.591+0800][info] GC(633) Survivor regions: 1->0(0)
[2024-10-12T10:38:09.591+0800][info] GC(633) Old regions: 57->59
[2024-10-12T10:38:09.591+0800][info] GC(633) Archive regions: 2->2
[2024-10-12T10:38:09.591+0800][info] GC(633) Humongous regions: 3->3
[2024-10-12T10:38:09.591+0800][info] GC(633) Metaspace: 1696K(1856K)->1696K(1856K) NonClass: 1572K(1664K)->1572K(1664K) Class: 124K(192K)->124K(192K)
[2024-10-12T10:38:09.591+0800][info] GC(633) Pause Young (Concurrent Start) (G1 Evacuation Pause) 120M->120M(128M) 1.060ms
[2024-10-12T10:38:09.591+0800][info] GC(633) User=0.01s Sys=0.00s Real=0.00s
[2024-10-12T10:38:09.591+0800][info] Attempting full compaction
[2024-10-12T10:38:09.591+0800][info] GC(634) Using 3 workers of 48 for full compaction
[2024-10-12T10:38:09.591+0800][info] GC(634) Pause Full (G1 Compaction Pause)
[2024-10-12T10:38:09.591+0800][info] GC(635) Concurrent Mark Cycle
[2024-10-12T10:38:09.591+0800][info] GC(635) Concurrent Clear Claimed Marks
[2024-10-12T10:38:09.591+0800][info] GC(635) Concurrent Clear Claimed Marks 0.016ms
[2024-10-12T10:38:09.591+0800][info] GC(635) Concurrent Scan Root Regions
[2024-10-12T10:38:09.591+0800][info] GC(635) Concurrent Scan Root Regions 0.010ms
[2024-10-12T10:38:09.591+0800][info] GC(635) Concurrent Mark
[2024-10-12T10:38:09.591+0800][info] GC(635) Concurrent Mark From Roots
[2024-10-12T10:38:09.591+0800][info] GC(635) Using 12 workers of 12 for marking
[2024-10-12T10:38:09.592+0800][info] GC(634) Phase 1: Mark live objects
[2024-10-12T10:38:09.595+0800][info] GC(634) Phase 1: Mark live objects 3.196ms
[2024-10-12T10:38:09.595+0800][info] GC(634) Phase 2: Prepare for compaction
[2024-10-12T10:38:09.595+0800][info] GC(634) Phase 2: Prepare for compaction 0.500ms
[2024-10-12T10:38:09.595+0800][info] GC(634) Phase 3: Adjust pointers
[2024-10-12T10:38:09.597+0800][info] GC(634) Phase 3: Adjust pointers 1.687ms
[2024-10-12T10:38:09.597+0800][info] GC(634) Phase 4: Compact heap
[2024-10-12T10:38:09.611+0800][info] GC(634) Phase 4: Compact heap 14.047ms
[2024-10-12T10:38:09.613+0800][info] GC(634) Eden regions: 0->0(4)
[2024-10-12T10:38:09.613+0800][info] GC(634) Survivor regions: 0->0(0)
[2024-10-12T10:38:09.613+0800][info] GC(634) Old regions: 59->39
[2024-10-12T10:38:09.613+0800][info] GC(634) Archive regions: 2->2
[2024-10-12T10:38:09.613+0800][info] GC(634) Humongous regions: 3->3
[2024-10-12T10:38:09.613+0800][info] GC(634) Metaspace: 1696K(1856K)->1696K(1856K) NonClass: 1572K(1664K)->1572K(1664K) Class: 124K(192K)->124K(192K)
[2024-10-12T10:38:09.613+0800][info] GC(634) Pause Full (G1 Compaction Pause) 120M->72M(128M) 21.565ms
[2024-10-12T10:38:09.613+0800][info] GC(634) User=0.03s Sys=0.01s Real=0.02s
[2024-10-12T10:38:09.613+0800][info] GC(635) Concurrent Mark From Roots 21.814ms
[2024-10-12T10:38:09.613+0800][info] GC(635) Concurrent Mark Abort
[2024-10-12T10:38:09.613+0800][info] GC(635) Concurrent Mark Cycle 22.004ms
[2024-10-12T10:38:09.818+0800][info] GC(636) Pause Young (Normal) (G1 Evacuation Pause)
[2024-10-12T10:38:09.818+0800][info] GC(636) Using 3 workers of 48 for evacuation
[2024-10-12T10:38:09.819+0800][info] GC(636)   Pre Evacuate Collection Set: 0.1ms
[2024-10-12T10:38:09.819+0800][info] GC(636)   Merge Heap Roots: 0.0ms
[2024-10-12T10:38:09.819+0800][info] GC(636)   Evacuate Collection Set: 1.1ms
[2024-10-12T10:38:09.819+0800][info] GC(636)   Post Evacuate Collection Set: 0.2ms
[2024-10-12T10:38:09.819+0800][info] GC(636)   Other: 0.2ms
[2024-10-12T10:38:09.819+0800][info] GC(636) Eden regions: 4->0(2)
[2024-10-12T10:38:09.819+0800][info] GC(636) Survivor regions: 0->1(1)
[2024-10-12T10:38:09.819+0800][info] GC(636) Old regions: 39->42
[2024-10-12T10:38:09.819+0800][info] GC(636) Archive regions: 2->2
[2024-10-12T10:38:09.819+0800][info] GC(636) Humongous regions: 3->3
[2024-10-12T10:38:09.819+0800][info] GC(636) Metaspace: 1696K(1856K)->1696K(1856K) NonClass: 1572K(1664K)->1572K(1664K) Class: 124K(192K)->124K(192K)
[2024-10-12T10:38:09.819+0800][info] GC(636) Pause Young (Normal) (G1 Evacuation Pause) 80M->80M(128M) 1.736ms
[2024-10-12T10:38:09.819+0800][info] GC(636) User=0.00s Sys=0.00s Real=0.00s
[2024-10-12T10:38:09.921+0800][info] GC(637) Pause Young (Normal) (G1 Evacuation Pause)
[2024-10-12T10:38:09.921+0800][info] GC(637) Using 3 workers of 48 for evacuation
[2024-10-12T10:38:09.923+0800][info] GC(637)   Pre Evacuate Collection Set: 0.1ms
[2024-10-12T10:38:09.923+0800][info] GC(637)   Merge Heap Roots: 0.0ms
[2024-10-12T10:38:09.923+0800][info] GC(637)   Evacuate Collection Set: 0.9ms
[2024-10-12T10:38:09.923+0800][info] GC(637)   Post Evacuate Collection Set: 0.2ms
[2024-10-12T10:38:09.923+0800][info] GC(637)   Other: 0.2ms
[2024-10-12T10:38:09.923+0800][info] GC(637) Eden regions: 2->0(2)
[2024-10-12T10:38:09.923+0800][info] GC(637) Survivor regions: 1->1(1)
[2024-10-12T10:38:09.923+0800][info] GC(637) Old regions: 42->44
[2024-10-12T10:38:09.923+0800][info] GC(637) Archive regions: 2->2
[2024-10-12T10:38:09.923+0800][info] GC(637) Humongous regions: 3->3
[2024-10-12T10:38:09.923+0800][info] GC(637) Metaspace: 1696K(1856K)->1696K(1856K) NonClass: 1572K(1664K)->1572K(1664K) Class: 124K(192K)->124K(192K)
[2024-10-12T10:38:09.923+0800][info] GC(637) Pause Young (Normal) (G1 Evacuation Pause) 84M->84M(128M) 1.562ms
[2024-10-12T10:38:09.923+0800][info] GC(637) User=0.01s Sys=0.00s Real=0.00s
[2024-10-12T10:38:10.026+0800][info] GC(638) Pause Young (Normal) (G1 Evacuation Pause)
[2024-10-12T10:38:10.026+0800][info] GC(638) Using 3 workers of 48 for evacuation
[2024-10-12T10:38:10.027+0800][info] GC(638)   Pre Evacuate Collection Set: 0.1ms
[2024-10-12T10:38:10.027+0800][info] GC(638)   Merge Heap Roots: 0.0ms
[2024-10-12T10:38:10.027+0800][info] GC(638)   Evacuate Collection Set: 0.8ms
[2024-10-12T10:38:10.027+0800][info] GC(638)   Post Evacuate Collection Set: 0.2ms
[2024-10-12T10:38:10.027+0800][info] GC(638)   Other: 0.2ms
[2024-10-12T10:38:10.027+0800][info] GC(638) Eden regions: 2->0(2)
[2024-10-12T10:38:10.027+0800][info] GC(638) Survivor regions: 1->1(1)
[2024-10-12T10:38:10.027+0800][info] GC(638) Old regions: 44->46
[2024-10-12T10:38:10.027+0800][info] GC(638) Archive regions: 2->2
[2024-10-12T10:38:10.027+0800][info] GC(638) Humongous regions: 4->4
[2024-10-12T10:38:10.027+0800][info] GC(638) Metaspace: 1696K(1856K)->1696K(1856K) NonClass: 1572K(1664K)->1572K(1664K) Class: 124K(192K)->124K(192K)
[2024-10-12T10:38:10.027+0800][info] GC(638) Pause Young (Normal) (G1 Evacuation Pause) 90M->90M(128M) 1.450ms
[2024-10-12T10:38:10.027+0800][info] GC(638) User=0.00s Sys=0.00s Real=0.00s
[2024-10-12T10:38:10.129+0800][info] GC(639) Pause Young (Concurrent Start) (G1 Evacuation Pause)
[2024-10-12T10:38:10.129+0800][info] GC(639) Using 3 workers of 48 for evacuation
[2024-10-12T10:38:10.131+0800][info] GC(639)   Pre Evacuate Collection Set: 0.1ms
[2024-10-12T10:38:10.131+0800][info] GC(639)   Merge Heap Roots: 0.1ms
[2024-10-12T10:38:10.131+0800][info] GC(639)   Evacuate Collection Set: 0.9ms
[2024-10-12T10:38:10.131+0800][info] GC(639)   Post Evacuate Collection Set: 0.2ms
[2024-10-12T10:38:10.131+0800][info] GC(639)   Other: 0.4ms
[2024-10-12T10:38:10.131+0800][info] GC(639) Eden regions: 2->0(2)
[2024-10-12T10:38:10.131+0800][info] GC(639) Survivor regions: 1->1(1)
[2024-10-12T10:38:10.131+0800][info] GC(639) Old regions: 46->48
[2024-10-12T10:38:10.131+0800][info] GC(639) Archive regions: 2->2
[2024-10-12T10:38:10.131+0800][info] GC(639) Humongous regions: 4->4
[2024-10-12T10:38:10.131+0800][info] GC(639) Metaspace: 1696K(1856K)->1696K(1856K) NonClass: 1572K(1664K)->1572K(1664K) Class: 124K(192K)->124K(192K)
[2024-10-12T10:38:10.131+0800][info] GC(639) Pause Young (Concurrent Start) (G1 Evacuation Pause) 93M->93M(128M) 1.777ms
[2024-10-12T10:38:10.131+0800][info] GC(639) User=0.00s Sys=0.00s Real=0.00s
[2024-10-12T10:38:10.131+0800][info] GC(640) Concurrent Mark Cycle
[2024-10-12T10:38:10.131+0800][info] GC(640) Concurrent Clear Claimed Marks
[2024-10-12T10:38:10.131+0800][info] GC(640) Concurrent Clear Claimed Marks 0.017ms
[2024-10-12T10:38:10.131+0800][info] GC(640) Concurrent Scan Root Regions
[2024-10-12T10:38:10.131+0800][info] GC(640) Concurrent Scan Root Regions 0.107ms
[2024-10-12T10:38:10.131+0800][info] GC(640) Concurrent Mark
[2024-10-12T10:38:10.131+0800][info] GC(640) Concurrent Mark From Roots
[2024-10-12T10:38:10.131+0800][info] GC(640) Using 12 workers of 12 for marking
[2024-10-12T10:38:10.135+0800][info] GC(640) Concurrent Mark From Roots 3.694ms
[2024-10-12T10:38:10.135+0800][info] GC(640) Concurrent Preclean
[2024-10-12T10:38:10.137+0800][info] GC(640) Concurrent Preclean 1.689ms
[2024-10-12T10:38:10.137+0800][info] GC(640) Pause Remark
[2024-10-12T10:38:10.138+0800][info] GC(640) Pause Remark 94M->92M(128M) 1.501ms
[2024-10-12T10:38:10.138+0800][info] GC(640) User=0.01s Sys=0.00s Real=0.00s
[2024-10-12T10:38:10.138+0800][info] GC(640) Concurrent Mark 7.177ms
[2024-10-12T10:38:10.138+0800][info] GC(640) Concurrent Rebuild Remembered Sets
[2024-10-12T10:38:10.140+0800][info] GC(640) Concurrent Rebuild Remembered Sets 1.275ms
[2024-10-12T10:38:10.140+0800][info] GC(640) Pause Cleanup
[2024-10-12T10:38:10.140+0800][info] GC(640) Pause Cleanup 92M->92M(128M) 0.204ms
[2024-10-12T10:38:10.140+0800][info] GC(640) User=0.00s Sys=0.00s Real=0.00s
[2024-10-12T10:38:10.140+0800][info] GC(640) Concurrent Cleanup for Next Mark
[2024-10-12T10:38:10.141+0800][info] GC(640) Concurrent Cleanup for Next Mark 0.394ms
[2024-10-12T10:38:10.141+0800][info] GC(640) Concurrent Mark Cycle 9.519ms
[2024-10-12T10:38:10.284+0800][info] GC(641) Pause Young (Prepare Mixed) (G1 Evacuation Pause)
[2024-10-12T10:38:10.284+0800][info] GC(641) Using 3 workers of 48 for evacuation
[2024-10-12T10:38:10.286+0800][info] GC(641)   Pre Evacuate Collection Set: 0.1ms
[2024-10-12T10:38:10.286+0800][info] GC(641)   Merge Heap Roots: 0.1ms
[2024-10-12T10:38:10.286+0800][info] GC(641)   Evacuate Collection Set: 0.9ms
[2024-10-12T10:38:10.286+0800][info] GC(641)   Post Evacuate Collection Set: 0.2ms
[2024-10-12T10:38:10.286+0800][info] GC(641)   Other: 0.2ms
[2024-10-12T10:38:10.286+0800][info] GC(641) Eden regions: 2->0(2)
[2024-10-12T10:38:10.286+0800][info] GC(641) Survivor regions: 1->1(1)
[2024-10-12T10:38:10.286+0800][info] GC(641) Old regions: 48->50
[2024-10-12T10:38:10.286+0800][info] GC(641) Archive regions: 2->2
[2024-10-12T10:38:10.286+0800][info] GC(641) Humongous regions: 3->3
[2024-10-12T10:38:10.286+0800][info] GC(641) Metaspace: 1696K(1856K)->1696K(1856K) NonClass: 1572K(1664K)->1572K(1664K) Class: 124K(192K)->124K(192K)
[2024-10-12T10:38:10.286+0800][info] GC(641) Pause Young (Prepare Mixed) (G1 Evacuation Pause) 95M->96M(128M) 1.625ms
[2024-10-12T10:38:10.286+0800][info] GC(641) User=0.00s Sys=0.00s Real=0.01s
[2024-10-12T10:38:10.388+0800][info] GC(642) Pause Young (Mixed) (G1 Evacuation Pause)
[2024-10-12T10:38:10.388+0800][info] GC(642) Using 3 workers of 48 for evacuation
[2024-10-12T10:38:10.390+0800][info] GC(642)   Pre Evacuate Collection Set: 0.2ms
[2024-10-12T10:38:10.390+0800][info] GC(642)   Merge Heap Roots: 0.0ms
[2024-10-12T10:38:10.390+0800][info] GC(642)   Evacuate Collection Set: 1.6ms
[2024-10-12T10:38:10.390+0800][info] GC(642)   Post Evacuate Collection Set: 0.2ms
[2024-10-12T10:38:10.390+0800][info] GC(642)   Other: 0.2ms
[2024-10-12T10:38:10.390+0800][info] GC(642) Eden regions: 2->0(2)
[2024-10-12T10:38:10.390+0800][info] GC(642) Survivor regions: 1->1(1)
[2024-10-12T10:38:10.390+0800][info] GC(642) Old regions: 50->47
[2024-10-12T10:38:10.390+0800][info] GC(642) Archive regions: 2->2
[2024-10-12T10:38:10.390+0800][info] GC(642) Humongous regions: 3->3
[2024-10-12T10:38:10.390+0800][info] GC(642) Metaspace: 1696K(1856K)->1696K(1856K) NonClass: 1572K(1664K)->1572K(1664K) Class: 124K(192K)->124K(192K)
[2024-10-12T10:38:10.390+0800][info] GC(642) Pause Young (Mixed) (G1 Evacuation Pause) 99M->94M(128M) 2.309ms
[2024-10-12T10:38:10.390+0800][info] GC(642) User=0.01s Sys=0.00s Real=0.00s
[2024-10-12T10:38:10.492+0800][info] GC(643) Pause Young (Mixed) (G1 Evacuation Pause)
[2024-10-12T10:38:10.492+0800][info] GC(643) Using 3 workers of 48 for evacuation
[2024-10-12T10:38:10.494+0800][info] GC(643)   Pre Evacuate Collection Set: 0.2ms
[2024-10-12T10:38:10.494+0800][info] GC(643)   Merge Heap Roots: 0.1ms
[2024-10-12T10:38:10.494+0800][info] GC(643)   Evacuate Collection Set: 0.9ms
[2024-10-12T10:38:10.494+0800][info] GC(643)   Post Evacuate Collection Set: 0.2ms
[2024-10-12T10:38:10.494+0800][info] GC(643)   Other: 0.1ms
[2024-10-12T10:38:10.494+0800][info] GC(643) Eden regions: 2->0(2)
[2024-10-12T10:38:10.494+0800][info] GC(643) Survivor regions: 1->1(1)
[2024-10-12T10:38:10.494+0800][info] GC(643) Old regions: 47->48
[2024-10-12T10:38:10.494+0800][info] GC(643) Archive regions: 2->2
[2024-10-12T10:38:10.494+0800][info] GC(643) Humongous regions: 3->3
[2024-10-12T10:38:10.494+0800][info] GC(643) Metaspace: 1696K(1856K)->1696K(1856K) NonClass: 1572K(1664K)->1572K(1664K) Class: 124K(192K)->124K(192K)
[2024-10-12T10:38:10.494+0800][info] GC(643) Pause Young (Mixed) (G1 Evacuation Pause) 97M->95M(128M) 1.586ms
[2024-10-12T10:38:10.494+0800][info] GC(643) User=0.00s Sys=0.00s Real=0.01s
[2024-10-12T10:38:10.596+0800][info] GC(644) Pause Young (Normal) (G1 Evacuation Pause)
[2024-10-12T10:38:10.596+0800][info] GC(644) Using 3 workers of 48 for evacuation
[2024-10-12T10:38:10.597+0800][info] GC(644)   Pre Evacuate Collection Set: 0.1ms
[2024-10-12T10:38:10.597+0800][info] GC(644)   Merge Heap Roots: 0.1ms
[2024-10-12T10:38:10.597+0800][info] GC(644)   Evacuate Collection Set: 0.9ms
[2024-10-12T10:38:10.597+0800][info] GC(644)   Post Evacuate Collection Set: 0.2ms
[2024-10-12T10:38:10.597+0800][info] GC(644)   Other: 0.2ms
[2024-10-12T10:38:10.597+0800][info] GC(644) Eden regions: 2->0(2)
[2024-10-12T10:38:10.597+0800][info] GC(644) Survivor regions: 1->1(1)
[2024-10-12T10:38:10.597+0800][info] GC(644) Old regions: 48->50
[2024-10-12T10:38:10.597+0800][info] GC(644) Archive regions: 2->2
[2024-10-12T10:38:10.597+0800][info] GC(644) Humongous regions: 3->3
[2024-10-12T10:38:10.597+0800][info] GC(644) Metaspace: 1696K(1856K)->1696K(1856K) NonClass: 1572K(1664K)->1572K(1664K) Class: 124K(192K)->124K(192K)
[2024-10-12T10:38:10.597+0800][info] GC(644) Pause Young (Normal) (G1 Evacuation Pause) 99M->99M(128M) 1.625ms
[2024-10-12T10:38:10.597+0800][info] GC(644) User=0.01s Sys=0.00s Real=0.00s
[2024-10-12T10:38:10.700+0800][info] GC(645) Pause Young (Concurrent Start) (G1 Evacuation Pause)
[2024-10-12T10:38:10.700+0800][info] GC(645) Using 3 workers of 48 for evacuation
[2024-10-12T10:38:10.701+0800][info] GC(645)   Pre Evacuate Collection Set: 0.1ms
[2024-10-12T10:38:10.701+0800][info] GC(645)   Merge Heap Roots: 0.1ms
[2024-10-12T10:38:10.701+0800][info] GC(645)   Evacuate Collection Set: 0.7ms
[2024-10-12T10:38:10.701+0800][info] GC(645)   Post Evacuate Collection Set: 0.2ms
[2024-10-12T10:38:10.701+0800][info] GC(645)   Other: 0.4ms
[2024-10-12T10:38:10.701+0800][info] GC(645) Eden regions: 2->0(2)
[2024-10-12T10:38:10.701+0800][info] GC(645) Survivor regions: 1->1(1)
[2024-10-12T10:38:10.701+0800][info] GC(645) Old regions: 50->51
[2024-10-12T10:38:10.701+0800][info] GC(645) Archive regions: 2->2
[2024-10-12T10:38:10.701+0800][info] GC(645) Humongous regions: 3->3
[2024-10-12T10:38:10.701+0800][info] GC(645) Metaspace: 1696K(1856K)->1696K(1856K) NonClass: 1572K(1664K)->1572K(1664K) Class: 124K(192K)->124K(192K)
[2024-10-12T10:38:10.701+0800][info] GC(645) Pause Young (Concurrent Start) (G1 Evacuation Pause) 102M->102M(128M) 1.557ms
[2024-10-12T10:38:10.701+0800][info] GC(645) User=0.00s Sys=0.00s Real=0.00s
[2024-10-12T10:38:10.701+0800][info] GC(646) Concurrent Mark Cycle
[2024-10-12T10:38:10.701+0800][info] GC(646) Concurrent Clear Claimed Marks
[2024-10-12T10:38:10.701+0800][info] GC(646) Concurrent Clear Claimed Marks 0.016ms
[2024-10-12T10:38:10.701+0800][info] GC(646) Concurrent Scan Root Regions
[2024-10-12T10:38:10.702+0800][info] GC(646) Concurrent Scan Root Regions 0.153ms
[2024-10-12T10:38:10.702+0800][info] GC(646) Concurrent Mark
[2024-10-12T10:38:10.702+0800][info] GC(646) Concurrent Mark From Roots
[2024-10-12T10:38:10.702+0800][info] GC(646) Using 12 workers of 12 for marking
[2024-10-12T10:38:10.705+0800][info] GC(646) Concurrent Mark From Roots 3.693ms
[2024-10-12T10:38:10.705+0800][info] GC(646) Concurrent Preclean
[2024-10-12T10:38:10.707+0800][info] GC(646) Concurrent Preclean 1.692ms
[2024-10-12T10:38:10.707+0800][info] GC(646) Pause Remark
[2024-10-12T10:38:10.709+0800][info] GC(646) Pause Remark 103M->103M(128M) 1.455ms
[2024-10-12T10:38:10.709+0800][info] GC(646) User=0.00s Sys=0.00s Real=0.00s
[2024-10-12T10:38:10.709+0800][info] GC(646) Concurrent Mark 7.064ms
[2024-10-12T10:38:10.709+0800][info] GC(646) Concurrent Rebuild Remembered Sets
[2024-10-12T10:38:10.710+0800][info] GC(646) Concurrent Rebuild Remembered Sets 1.465ms
[2024-10-12T10:38:10.710+0800][info] GC(646) Pause Cleanup
[2024-10-12T10:38:10.711+0800][info] GC(646) Pause Cleanup 103M->103M(128M) 0.199ms
[2024-10-12T10:38:10.711+0800][info] GC(646) User=0.00s Sys=0.00s Real=0.00s
[2024-10-12T10:38:10.711+0800][info] GC(646) Concurrent Cleanup for Next Mark
[2024-10-12T10:38:10.711+0800][info] GC(646) Concurrent Cleanup for Next Mark 0.391ms
[2024-10-12T10:38:10.711+0800][info] GC(646) Concurrent Mark Cycle 9.626ms
[2024-10-12T10:38:10.854+0800][info] GC(647) Pause Young (Prepare Mixed) (G1 Evacuation Pause)
[2024-10-12T10:38:10.854+0800][info] GC(647) Using 3 workers of 48 for evacuation
[2024-10-12T10:38:10.855+0800][info] GC(647)   Pre Evacuate Collection Set: 0.1ms
[2024-10-12T10:38:10.856+0800][info] GC(647)   Merge Heap Roots: 0.0ms
[2024-10-12T10:38:10.856+0800][info] GC(647)   Evacuate Collection Set: 0.8ms
[2024-10-12T10:38:10.856+0800][info] GC(647)   Post Evacuate Collection Set: 0.2ms
[2024-10-12T10:38:10.856+0800][info] GC(647)   Other: 0.2ms
[2024-10-12T10:38:10.856+0800][info] GC(647) Eden regions: 2->0(2)
[2024-10-12T10:38:10.856+0800][info] GC(647) Survivor regions: 1->1(1)
[2024-10-12T10:38:10.856+0800][info] GC(647) Old regions: 51->53
[2024-10-12T10:38:10.856+0800][info] GC(647) Archive regions: 2->2
[2024-10-12T10:38:10.856+0800][info] GC(647) Humongous regions: 3->3
[2024-10-12T10:38:10.856+0800][info] GC(647) Metaspace: 1696K(1856K)->1696K(1856K) NonClass: 1572K(1664K)->1572K(1664K) Class: 124K(192K)->124K(192K)
[2024-10-12T10:38:10.856+0800][info] GC(647) Pause Young (Prepare Mixed) (G1 Evacuation Pause) 106M->106M(128M) 1.458ms
[2024-10-12T10:38:10.856+0800][info] GC(647) User=0.01s Sys=0.00s Real=0.00s
[2024-10-12T10:38:10.917+0800][info] GC(648) Pause Young (Mixed) (G1 Preventive Collection)
[2024-10-12T10:38:10.917+0800][info] GC(648) Using 3 workers of 48 for evacuation
[2024-10-12T10:38:10.919+0800][info] GC(648)   Pre Evacuate Collection Set: 0.2ms
[2024-10-12T10:38:10.919+0800][info] GC(648)   Merge Heap Roots: 0.0ms
[2024-10-12T10:38:10.919+0800][info] GC(648)   Evacuate Collection Set: 1.0ms
[2024-10-12T10:38:10.919+0800][info] GC(648)   Post Evacuate Collection Set: 0.2ms
[2024-10-12T10:38:10.919+0800][info] GC(648)   Other: 0.2ms
[2024-10-12T10:38:10.919+0800][info] GC(648) Eden regions: 1->0(2)
[2024-10-12T10:38:10.919+0800][info] GC(648) Survivor regions: 1->1(1)
[2024-10-12T10:38:10.919+0800][info] GC(648) Old regions: 53->49
[2024-10-12T10:38:10.919+0800][info] GC(648) Archive regions: 2->2
[2024-10-12T10:38:10.919+0800][info] GC(648) Humongous regions: 3->3
[2024-10-12T10:38:10.919+0800][info] GC(648) Metaspace: 1696K(1856K)->1696K(1856K) NonClass: 1572K(1664K)->1572K(1664K) Class: 124K(192K)->124K(192K)
[2024-10-12T10:38:10.919+0800][info] GC(648) Pause Young (Mixed) (G1 Preventive Collection) 108M->99M(128M) 1.666ms
[2024-10-12T10:38:10.919+0800][info] GC(648) User=0.00s Sys=0.00s Real=0.00s
[2024-10-12T10:38:11.021+0800][info] GC(649) Pause Young (Mixed) (G1 Evacuation Pause)
[2024-10-12T10:38:11.021+0800][info] GC(649) Using 3 workers of 48 for evacuation
[2024-10-12T10:38:11.023+0800][info] GC(649)   Pre Evacuate Collection Set: 0.2ms
[2024-10-12T10:38:11.023+0800][info] GC(649)   Merge Heap Roots: 0.1ms
[2024-10-12T10:38:11.023+0800][info] GC(649)   Evacuate Collection Set: 1.6ms
[2024-10-12T10:38:11.023+0800][info] GC(649)   Post Evacuate Collection Set: 0.2ms
[2024-10-12T10:38:11.023+0800][info] GC(649)   Other: 0.2ms
[2024-10-12T10:38:11.023+0800][info] GC(649) Eden regions: 2->0(2)
[2024-10-12T10:38:11.023+0800][info] GC(649) Survivor regions: 1->1(1)
[2024-10-12T10:38:11.023+0800][info] GC(649) Old regions: 49->47
[2024-10-12T10:38:11.023+0800][info] GC(649) Archive regions: 2->2
[2024-10-12T10:38:11.023+0800][info] GC(649) Humongous regions: 3->3
[2024-10-12T10:38:11.023+0800][info] GC(649) Metaspace: 1696K(1856K)->1696K(1856K) NonClass: 1572K(1664K)->1572K(1664K) Class: 124K(192K)->124K(192K)
[2024-10-12T10:38:11.023+0800][info] GC(649) Pause Young (Mixed) (G1 Evacuation Pause) 103M->98M(128M) 2.378ms
[2024-10-12T10:38:11.023+0800][info] GC(649) User=0.01s Sys=0.00s Real=0.00s
[2024-10-12T10:38:11.126+0800][info] GC(650) Pause Young (Mixed) (G1 Evacuation Pause)
[2024-10-12T10:38:11.126+0800][info] GC(650) Using 3 workers of 48 for evacuation
[2024-10-12T10:38:11.128+0800][info] GC(650)   Pre Evacuate Collection Set: 0.1ms
[2024-10-12T10:38:11.128+0800][info] GC(650)   Merge Heap Roots: 0.0ms
[2024-10-12T10:38:11.128+0800][info] GC(650)   Evacuate Collection Set: 1.6ms
[2024-10-12T10:38:11.128+0800][info] GC(650)   Post Evacuate Collection Set: 0.2ms
[2024-10-12T10:38:11.128+0800][info] GC(650)   Other: 0.1ms
[2024-10-12T10:38:11.128+0800][info] GC(650) Eden regions: 2->0(2)
[2024-10-12T10:38:11.128+0800][info] GC(650) Survivor regions: 1->1(1)
[2024-10-12T10:38:11.128+0800][info] GC(650) Old regions: 47->47
[2024-10-12T10:38:11.128+0800][info] GC(650) Archive regions: 2->2
[2024-10-12T10:38:11.128+0800][info] GC(650) Humongous regions: 3->3
[2024-10-12T10:38:11.128+0800][info] GC(650) Metaspace: 1696K(1856K)->1696K(1856K) NonClass: 1572K(1664K)->1572K(1664K) Class: 124K(192K)->124K(192K)
[2024-10-12T10:38:11.128+0800][info] GC(650) Pause Young (Mixed) (G1 Evacuation Pause) 102M->99M(128M) 2.196ms
[2024-10-12T10:38:11.128+0800][info] GC(650) User=0.00s Sys=0.00s Real=0.00s
[2024-10-12T10:38:11.230+0800][info] GC(651) Pause Young (Normal) (G1 Evacuation Pause)
[2024-10-12T10:38:11.230+0800][info] GC(651) Using 3 workers of 48 for evacuation
[2024-10-12T10:38:11.231+0800][info] GC(651)   Pre Evacuate Collection Set: 0.1ms
[2024-10-12T10:38:11.231+0800][info] GC(651)   Merge Heap Roots: 0.1ms
[2024-10-12T10:38:11.231+0800][info] GC(651)   Evacuate Collection Set: 0.8ms
[2024-10-12T10:38:11.231+0800][info] GC(651)   Post Evacuate Collection Set: 0.2ms
[2024-10-12T10:38:11.231+0800][info] GC(651)   Other: 0.2ms
[2024-10-12T10:38:11.231+0800][info] GC(651) Eden regions: 2->0(2)
[2024-10-12T10:38:11.231+0800][info] GC(651) Survivor regions: 1->1(1)
[2024-10-12T10:38:11.231+0800][info] GC(651) Old regions: 47->49
[2024-10-12T10:38:11.231+0800][info] GC(651) Archive regions: 2->2
[2024-10-12T10:38:11.231+0800][info] GC(651) Humongous regions: 3->3
[2024-10-12T10:38:11.232+0800][info] GC(651) Metaspace: 1696K(1856K)->1696K(1856K) NonClass: 1572K(1664K)->1572K(1664K) Class: 124K(192K)->124K(192K)
[2024-10-12T10:38:11.232+0800][info] GC(651) Pause Young (Normal) (G1 Evacuation Pause) 102M->103M(128M) 1.471ms
[2024-10-12T10:38:11.232+0800][info] GC(651) User=0.00s Sys=0.00s Real=0.00s
[2024-10-12T10:38:11.334+0800][info] GC(652) Pause Young (Concurrent Start) (G1 Evacuation Pause)
[2024-10-12T10:38:11.334+0800][info] GC(652) Using 3 workers of 48 for evacuation
[2024-10-12T10:38:11.335+0800][info] GC(652)   Pre Evacuate Collection Set: 0.1ms
[2024-10-12T10:38:11.335+0800][info] GC(652)   Merge Heap Roots: 0.0ms
[2024-10-12T10:38:11.335+0800][info] GC(652)   Evacuate Collection Set: 0.8ms
[2024-10-12T10:38:11.335+0800][info] GC(652)   Post Evacuate Collection Set: 0.2ms
[2024-10-12T10:38:11.335+0800][info] GC(652)   Other: 0.3ms
[2024-10-12T10:38:11.335+0800][info] GC(652) Eden regions: 2->0(2)
[2024-10-12T10:38:11.335+0800][info] GC(652) Survivor regions: 1->1(1)
[2024-10-12T10:38:11.335+0800][info] GC(652) Old regions: 49->51
[2024-10-12T10:38:11.335+0800][info] GC(652) Archive regions: 2->2
[2024-10-12T10:38:11.335+0800][info] GC(652) Humongous regions: 3->3
[2024-10-12T10:38:11.335+0800][info] GC(652) Metaspace: 1696K(1856K)->1696K(1856K) NonClass: 1572K(1664K)->1572K(1664K) Class: 124K(192K)->124K(192K)
[2024-10-12T10:38:11.335+0800][info] GC(652) Pause Young (Concurrent Start) (G1 Evacuation Pause) 106M->107M(128M) 1.536ms
[2024-10-12T10:38:11.335+0800][info] GC(652) User=0.00s Sys=0.00s Real=0.00s
[2024-10-12T10:38:11.336+0800][info] GC(653) Concurrent Mark Cycle
[2024-10-12T10:38:11.336+0800][info] GC(653) Concurrent Clear Claimed Marks
[2024-10-12T10:38:11.336+0800][info] GC(653) Concurrent Clear Claimed Marks 0.018ms
[2024-10-12T10:38:11.336+0800][info] GC(653) Concurrent Scan Root Regions
[2024-10-12T10:38:11.336+0800][info] GC(653) Concurrent Scan Root Regions 0.157ms
[2024-10-12T10:38:11.336+0800][info] GC(653) Concurrent Mark
[2024-10-12T10:38:11.336+0800][info] GC(653) Concurrent Mark From Roots
[2024-10-12T10:38:11.336+0800][info] GC(653) Using 12 workers of 12 for marking
[2024-10-12T10:38:11.340+0800][info] GC(653) Concurrent Mark From Roots 4.108ms
[2024-10-12T10:38:11.340+0800][info] GC(653) Concurrent Preclean
[2024-10-12T10:38:11.342+0800][info] GC(653) Concurrent Preclean 1.751ms
[2024-10-12T10:38:11.342+0800][info] GC(653) Pause Remark
[2024-10-12T10:38:11.343+0800][info] GC(653) Pause Remark 107M->107M(128M) 1.539ms
[2024-10-12T10:38:11.343+0800][info] GC(653) User=0.01s Sys=0.00s Real=0.00s
[2024-10-12T10:38:11.343+0800][info] GC(653) Concurrent Mark 7.714ms
[2024-10-12T10:38:11.344+0800][info] GC(653) Concurrent Rebuild Remembered Sets
[2024-10-12T10:38:11.345+0800][info] GC(653) Concurrent Rebuild Remembered Sets 1.285ms
[2024-10-12T10:38:11.345+0800][info] GC(653) Pause Cleanup
[2024-10-12T10:38:11.345+0800][info] GC(653) Pause Cleanup 107M->107M(128M) 0.220ms
[2024-10-12T10:38:11.345+0800][info] GC(653) User=0.00s Sys=0.00s Real=0.01s
[2024-10-12T10:38:11.345+0800][info] GC(653) Concurrent Cleanup for Next Mark
[2024-10-12T10:38:11.346+0800][info] GC(653) Concurrent Cleanup for Next Mark 0.392ms
[2024-10-12T10:38:11.346+0800][info] GC(653) Concurrent Mark Cycle 10.142ms
[2024-10-12T10:38:11.488+0800][info] GC(654) Pause Young (Prepare Mixed) (G1 Evacuation Pause)
[2024-10-12T10:38:11.488+0800][info] GC(654) Using 3 workers of 48 for evacuation
[2024-10-12T10:38:11.490+0800][info] GC(654)   Pre Evacuate Collection Set: 0.1ms
[2024-10-12T10:38:11.490+0800][info] GC(654)   Merge Heap Roots: 0.1ms
[2024-10-12T10:38:11.490+0800][info] GC(654)   Evacuate Collection Set: 0.9ms
[2024-10-12T10:38:11.490+0800][info] GC(654)   Post Evacuate Collection Set: 0.2ms
[2024-10-12T10:38:11.490+0800][info] GC(654)   Other: 0.2ms
[2024-10-12T10:38:11.490+0800][info] GC(654) Eden regions: 2->0(2)
[2024-10-12T10:38:11.490+0800][info] GC(654) Survivor regions: 1->1(1)
[2024-10-12T10:38:11.490+0800][info] GC(654) Old regions: 51->53
[2024-10-12T10:38:11.490+0800][info] GC(654) Archive regions: 2->2
[2024-10-12T10:38:11.490+0800][info] GC(654) Humongous regions: 3->3
[2024-10-12T10:38:11.490+0800][info] GC(654) Metaspace: 1696K(1856K)->1696K(1856K) NonClass: 1572K(1664K)->1572K(1664K) Class: 124K(192K)->124K(192K)
[2024-10-12T10:38:11.490+0800][info] GC(654) Pause Young (Prepare Mixed) (G1 Evacuation Pause) 110M->111M(128M) 1.643ms
[2024-10-12T10:38:11.490+0800][info] GC(654) User=0.01s Sys=0.00s Real=0.00s
[2024-10-12T10:38:11.551+0800][info] GC(655) Pause Young (Mixed) (G1 Preventive Collection)
[2024-10-12T10:38:11.552+0800][info] GC(655) Using 3 workers of 48 for evacuation
[2024-10-12T10:38:11.553+0800][info] GC(655)   Pre Evacuate Collection Set: 0.2ms
[2024-10-12T10:38:11.553+0800][info] GC(655)   Merge Heap Roots: 0.1ms
[2024-10-12T10:38:11.553+0800][info] GC(655)   Evacuate Collection Set: 1.1ms
[2024-10-12T10:38:11.553+0800][info] GC(655)   Post Evacuate Collection Set: 0.2ms
[2024-10-12T10:38:11.553+0800][info] GC(655)   Other: 0.2ms
[2024-10-12T10:38:11.553+0800][info] GC(655) Eden regions: 1->0(2)
[2024-10-12T10:38:11.553+0800][info] GC(655) Survivor regions: 1->1(1)
[2024-10-12T10:38:11.553+0800][info] GC(655) Old regions: 53->49
[2024-10-12T10:38:11.553+0800][info] GC(655) Archive regions: 2->2
[2024-10-12T10:38:11.553+0800][info] GC(655) Humongous regions: 3->3
[2024-10-12T10:38:11.553+0800][info] GC(655) Metaspace: 1696K(1856K)->1696K(1856K) NonClass: 1572K(1664K)->1572K(1664K) Class: 124K(192K)->124K(192K)
[2024-10-12T10:38:11.553+0800][info] GC(655) Pause Young (Mixed) (G1 Preventive Collection) 112M->104M(128M) 1.882ms
[2024-10-12T10:38:11.553+0800][info] GC(655) User=0.00s Sys=0.00s Real=0.01s
[2024-10-12T10:38:11.656+0800][info] GC(656) Pause Young (Mixed) (G1 Evacuation Pause)
[2024-10-12T10:38:11.656+0800][info] GC(656) Using 3 workers of 48 for evacuation
[2024-10-12T10:38:11.658+0800][info] GC(656)   Pre Evacuate Collection Set: 0.2ms
[2024-10-12T10:38:11.658+0800][info] GC(656)   Merge Heap Roots: 0.1ms
[2024-10-12T10:38:11.658+0800][info] GC(656)   Evacuate Collection Set: 1.7ms
[2024-10-12T10:38:11.658+0800][info] GC(656)   Post Evacuate Collection Set: 0.2ms
[2024-10-12T10:38:11.658+0800][info] GC(656)   Other: 0.1ms
[2024-10-12T10:38:11.658+0800][info] GC(656) Eden regions: 2->0(2)
[2024-10-12T10:38:11.658+0800][info] GC(656) Survivor regions: 1->1(1)
[2024-10-12T10:38:11.658+0800][info] GC(656) Old regions: 49->48
[2024-10-12T10:38:11.658+0800][info] GC(656) Archive regions: 2->2
[2024-10-12T10:38:11.658+0800][info] GC(656) Humongous regions: 3->3
[2024-10-12T10:38:11.658+0800][info] GC(656) Metaspace: 1696K(1856K)->1696K(1856K) NonClass: 1572K(1664K)->1572K(1664K) Class: 124K(192K)->124K(192K)
[2024-10-12T10:38:11.658+0800][info] GC(656) Pause Young (Mixed) (G1 Evacuation Pause) 108M->102M(128M) 2.471ms
[2024-10-12T10:38:11.658+0800][info] GC(656) User=0.01s Sys=0.00s Real=0.00s
[2024-10-12T10:38:11.761+0800][info] GC(657) Pause Young (Mixed) (G1 Evacuation Pause)
[2024-10-12T10:38:11.761+0800][info] GC(657) Using 3 workers of 48 for evacuation
[2024-10-12T10:38:11.763+0800][info] GC(657)   Pre Evacuate Collection Set: 0.2ms
[2024-10-12T10:38:11.763+0800][info] GC(657)   Merge Heap Roots: 0.1ms
[2024-10-12T10:38:11.763+0800][info] GC(657)   Evacuate Collection Set: 1.8ms
[2024-10-12T10:38:11.763+0800][info] GC(657)   Post Evacuate Collection Set: 0.2ms
[2024-10-12T10:38:11.763+0800][info] GC(657)   Other: 0.2ms
[2024-10-12T10:38:11.763+0800][info] GC(657) Eden regions: 2->0(2)
[2024-10-12T10:38:11.763+0800][info] GC(657) Survivor regions: 1->1(1)
[2024-10-12T10:38:11.763+0800][info] GC(657) Old regions: 48->47
[2024-10-12T10:38:11.763+0800][info] GC(657) Archive regions: 2->2
[2024-10-12T10:38:11.763+0800][info] GC(657) Humongous regions: 3->3
[2024-10-12T10:38:11.763+0800][info] GC(657) Metaspace: 1696K(1856K)->1696K(1856K) NonClass: 1572K(1664K)->1572K(1664K) Class: 124K(192K)->124K(192K)
[2024-10-12T10:38:11.763+0800][info] GC(657) Pause Young (Mixed) (G1 Evacuation Pause) 105M->102M(128M) 2.532ms
[2024-10-12T10:38:11.763+0800][info] GC(657) User=0.01s Sys=0.00s Real=0.00s
[2024-10-12T10:38:11.865+0800][info] GC(658) Pause Young (Normal) (G1 Evacuation Pause)
[2024-10-12T10:38:11.865+0800][info] GC(658) Using 3 workers of 48 for evacuation
[2024-10-12T10:38:11.867+0800][info] GC(658)   Pre Evacuate Collection Set: 0.1ms
[2024-10-12T10:38:11.867+0800][info] GC(658)   Merge Heap Roots: 0.0ms
[2024-10-12T10:38:11.867+0800][info] GC(658)   Evacuate Collection Set: 0.8ms
[2024-10-12T10:38:11.867+0800][info] GC(658)   Post Evacuate Collection Set: 0.2ms
[2024-10-12T10:38:11.867+0800][info] GC(658)   Other: 0.2ms
[2024-10-12T10:38:11.867+0800][info] GC(658) Eden regions: 2->0(2)
[2024-10-12T10:38:11.867+0800][info] GC(658) Survivor regions: 1->1(1)
[2024-10-12T10:38:11.867+0800][info] GC(658) Old regions: 47->49
[2024-10-12T10:38:11.867+0800][info] GC(658) Archive regions: 2->2
[2024-10-12T10:38:11.867+0800][info] GC(658) Humongous regions: 3->3
[2024-10-12T10:38:11.867+0800][info] GC(658) Metaspace: 1696K(1856K)->1696K(1856K) NonClass: 1572K(1664K)->1572K(1664K) Class: 124K(192K)->124K(192K)
[2024-10-12T10:38:11.867+0800][info] GC(658) Pause Young (Normal) (G1 Evacuation Pause) 105M->105M(128M) 1.472ms
[2024-10-12T10:38:11.867+0800][info] GC(658) User=0.00s Sys=0.00s Real=0.00s
[2024-10-12T10:38:11.969+0800][info] GC(659) Pause Young (Concurrent Start) (G1 Evacuation Pause)
[2024-10-12T10:38:11.969+0800][info] GC(659) Using 3 workers of 48 for evacuation
[2024-10-12T10:38:11.970+0800][info] GC(659)   Pre Evacuate Collection Set: 0.1ms
[2024-10-12T10:38:11.970+0800][info] GC(659)   Merge Heap Roots: 0.1ms
[2024-10-12T10:38:11.970+0800][info] GC(659)   Evacuate Collection Set: 0.7ms
[2024-10-12T10:38:11.970+0800][info] GC(659)   Post Evacuate Collection Set: 0.2ms
[2024-10-12T10:38:11.970+0800][info] GC(659)   Other: 0.4ms
[2024-10-12T10:38:11.970+0800][info] GC(659) Eden regions: 2->0(2)
[2024-10-12T10:38:11.970+0800][info] GC(659) Survivor regions: 1->1(1)
[2024-10-12T10:38:11.970+0800][info] GC(659) Old regions: 49->51
[2024-10-12T10:38:11.970+0800][info] GC(659) Archive regions: 2->2
[2024-10-12T10:38:11.970+0800][info] GC(659) Humongous regions: 3->3
[2024-10-12T10:38:11.970+0800][info] GC(659) Metaspace: 1696K(1856K)->1696K(1856K) NonClass: 1572K(1664K)->1572K(1664K) Class: 124K(192K)->124K(192K)
[2024-10-12T10:38:11.970+0800][info] GC(659) Pause Young (Concurrent Start) (G1 Evacuation Pause) 109M->109M(128M) 1.595ms
[2024-10-12T10:38:11.970+0800][info] GC(659) User=0.01s Sys=0.00s Real=0.00s
[2024-10-12T10:38:11.971+0800][info] GC(660) Concurrent Mark Cycle
[2024-10-12T10:38:11.971+0800][info] GC(660) Concurrent Clear Claimed Marks
[2024-10-12T10:38:11.971+0800][info] GC(660) Concurrent Clear Claimed Marks 0.017ms
[2024-10-12T10:38:11.971+0800][info] GC(660) Concurrent Scan Root Regions
[2024-10-12T10:38:11.971+0800][info] GC(660) Concurrent Scan Root Regions 0.153ms
[2024-10-12T10:38:11.971+0800][info] GC(660) Concurrent Mark
[2024-10-12T10:38:11.971+0800][info] GC(660) Concurrent Mark From Roots
[2024-10-12T10:38:11.971+0800][info] GC(660) Using 12 workers of 12 for marking
[2024-10-12T10:38:11.975+0800][info] GC(660) Concurrent Mark From Roots 3.782ms
[2024-10-12T10:38:11.975+0800][info] GC(660) Concurrent Preclean
[2024-10-12T10:38:11.976+0800][info] GC(660) Concurrent Preclean 1.697ms
[2024-10-12T10:38:11.976+0800][info] GC(660) Pause Remark
[2024-10-12T10:38:11.978+0800][info] GC(660) Pause Remark 109M->108M(128M) 1.568ms
[2024-10-12T10:38:11.978+0800][info] GC(660) User=0.00s Sys=0.00s Real=0.00s
[2024-10-12T10:38:11.978+0800][info] GC(660) Concurrent Mark 7.380ms
[2024-10-12T10:38:11.978+0800][info] GC(660) Concurrent Rebuild Remembered Sets
[2024-10-12T10:38:11.979+0800][info] GC(660) Concurrent Rebuild Remembered Sets 1.293ms
[2024-10-12T10:38:11.980+0800][info] GC(660) Pause Cleanup
[2024-10-12T10:38:11.980+0800][info] GC(660) Pause Cleanup 108M->108M(128M) 0.199ms
[2024-10-12T10:38:11.980+0800][info] GC(660) User=0.00s Sys=0.00s Real=0.00s
[2024-10-12T10:38:11.980+0800][info] GC(660) Concurrent Cleanup for Next Mark
[2024-10-12T10:38:11.980+0800][info] GC(660) Concurrent Cleanup for Next Mark 0.358ms
[2024-10-12T10:38:11.980+0800][info] GC(660) Concurrent Mark Cycle 9.746ms
[2024-10-12T10:38:12.124+0800][info] GC(661) Pause Young (Prepare Mixed) (G1 Evacuation Pause)
[2024-10-12T10:38:12.124+0800][info] GC(661) Using 3 workers of 48 for evacuation
[2024-10-12T10:38:12.125+0800][info] GC(661)   Pre Evacuate Collection Set: 0.1ms
[2024-10-12T10:38:12.125+0800][info] GC(661)   Merge Heap Roots: 0.1ms
[2024-10-12T10:38:12.125+0800][info] GC(661)   Evacuate Collection Set: 0.9ms
[2024-10-12T10:38:12.125+0800][info] GC(661)   Post Evacuate Collection Set: 0.2ms
[2024-10-12T10:38:12.125+0800][info] GC(661)   Other: 0.2ms
[2024-10-12T10:38:12.125+0800][info] GC(661) Eden regions: 2->0(2)
[2024-10-12T10:38:12.125+0800][info] GC(661) Survivor regions: 1->1(1)
[2024-10-12T10:38:12.125+0800][info] GC(661) Old regions: 50->52
[2024-10-12T10:38:12.125+0800][info] GC(661) Archive regions: 2->2
[2024-10-12T10:38:12.125+0800][info] GC(661) Humongous regions: 3->3
[2024-10-12T10:38:12.125+0800][info] GC(661) Metaspace: 1696K(1856K)->1696K(1856K) NonClass: 1572K(1664K)->1572K(1664K) Class: 124K(192K)->124K(192K)
[2024-10-12T10:38:12.125+0800][info] GC(661) Pause Young (Prepare Mixed) (G1 Evacuation Pause) 111M->111M(128M) 1.596ms
[2024-10-12T10:38:12.125+0800][info] GC(661) User=0.00s Sys=0.00s Real=0.01s
[2024-10-12T10:38:12.227+0800][info] GC(662) Pause Young (Mixed) (G1 Preventive Collection)
[2024-10-12T10:38:12.227+0800][info] GC(662) Using 3 workers of 48 for evacuation
[2024-10-12T10:38:12.229+0800][info] GC(662) To-space exhausted
[2024-10-12T10:38:12.229+0800][info] GC(662)   Pre Evacuate Collection Set: 0.2ms
[2024-10-12T10:38:12.229+0800][info] GC(662)   Merge Heap Roots: 0.1ms
[2024-10-12T10:38:12.229+0800][info] GC(662)   Evacuate Collection Set: 1.1ms
[2024-10-12T10:38:12.229+0800][info] GC(662)   Post Evacuate Collection Set: 0.2ms
[2024-10-12T10:38:12.229+0800][info] GC(662)   Other: 0.2ms
[2024-10-12T10:38:12.229+0800][info] GC(662) Eden regions: 2->0(2)
[2024-10-12T10:38:12.229+0800][info] GC(662) Survivor regions: 1->1(1)
[2024-10-12T10:38:12.229+0800][info] GC(662) Old regions: 52->51
[2024-10-12T10:38:12.229+0800][info] GC(662) Archive regions: 2->2
[2024-10-12T10:38:12.229+0800][info] GC(662) Humongous regions: 3->3
[2024-10-12T10:38:12.229+0800][info] GC(662) Metaspace: 1696K(1856K)->1696K(1856K) NonClass: 1572K(1664K)->1572K(1664K) Class: 124K(192K)->124K(192K)
[2024-10-12T10:38:12.229+0800][info] GC(662) Pause Young (Mixed) (G1 Preventive Collection) 114M->111M(128M) 1.908ms
[2024-10-12T10:38:12.229+0800][info] GC(662) User=0.00s Sys=0.00s Real=0.00s
[2024-10-12T10:38:12.291+0800][info] GC(663) Pause Young (Mixed) (G1 Preventive Collection)
[2024-10-12T10:38:12.291+0800][info] GC(663) Using 3 workers of 48 for evacuation
[2024-10-12T10:38:12.293+0800][info] GC(663) To-space exhausted
[2024-10-12T10:38:12.293+0800][info] GC(663)   Pre Evacuate Collection Set: 0.2ms
[2024-10-12T10:38:12.293+0800][info] GC(663)   Merge Heap Roots: 0.1ms
[2024-10-12T10:38:12.293+0800][info] GC(663)   Evacuate Collection Set: 1.3ms
[2024-10-12T10:38:12.293+0800][info] GC(663)   Post Evacuate Collection Set: 0.3ms
[2024-10-12T10:38:12.293+0800][info] GC(663)   Other: 0.2ms
[2024-10-12T10:38:12.293+0800][info] GC(663) Eden regions: 1->0(2)
[2024-10-12T10:38:12.293+0800][info] GC(663) Survivor regions: 1->1(1)
[2024-10-12T10:38:12.293+0800][info] GC(663) Old regions: 51->53
[2024-10-12T10:38:12.293+0800][info] GC(663) Archive regions: 2->2
[2024-10-12T10:38:12.293+0800][info] GC(663) Humongous regions: 4->3
[2024-10-12T10:38:12.293+0800][info] GC(663) Metaspace: 1696K(1856K)->1696K(1856K) NonClass: 1572K(1664K)->1572K(1664K) Class: 124K(192K)->124K(192K)
[2024-10-12T10:38:12.294+0800][info] GC(663) Pause Young (Mixed) (G1 Preventive Collection) 114M->114M(128M) 2.112ms
[2024-10-12T10:38:12.294+0800][info] GC(663) User=0.01s Sys=0.00s Real=0.01s
[2024-10-12T10:38:12.335+0800][info] GC(664) Pause Young (Mixed) (G1 Preventive Collection)
[2024-10-12T10:38:12.335+0800][info] GC(664) Using 3 workers of 48 for evacuation
[2024-10-12T10:38:12.338+0800][info] GC(664) To-space exhausted
[2024-10-12T10:38:12.338+0800][info] GC(664)   Pre Evacuate Collection Set: 0.2ms
[2024-10-12T10:38:12.338+0800][info] GC(664)   Merge Heap Roots: 0.1ms
[2024-10-12T10:38:12.338+0800][info] GC(664)   Evacuate Collection Set: 2.5ms
[2024-10-12T10:38:12.338+0800][info] GC(664)   Post Evacuate Collection Set: 0.3ms
[2024-10-12T10:38:12.338+0800][info] GC(664)   Other: 0.2ms
[2024-10-12T10:38:12.338+0800][info] GC(664) Eden regions: 1->0(2)
[2024-10-12T10:38:12.338+0800][info] GC(664) Survivor regions: 1->1(1)
[2024-10-12T10:38:12.338+0800][info] GC(664) Old regions: 53->56
[2024-10-12T10:38:12.338+0800][info] GC(664) Archive regions: 2->2
[2024-10-12T10:38:12.338+0800][info] GC(664) Humongous regions: 3->3
[2024-10-12T10:38:12.338+0800][info] GC(664) Metaspace: 1696K(1856K)->1696K(1856K) NonClass: 1572K(1664K)->1572K(1664K) Class: 124K(192K)->124K(192K)
[2024-10-12T10:38:12.338+0800][info] GC(664) Pause Young (Mixed) (G1 Preventive Collection) 116M->120M(128M) 3.277ms
[2024-10-12T10:38:12.338+0800][info] GC(664) User=0.01s Sys=0.00s Real=0.00s
[2024-10-12T10:38:12.399+0800][info] GC(665) Pause Young (Concurrent Start) (G1 Preventive Collection)
[2024-10-12T10:38:12.399+0800][info] GC(665) Using 3 workers of 48 for evacuation
[2024-10-12T10:38:12.400+0800][info] GC(665) To-space exhausted
[2024-10-12T10:38:12.400+0800][info] GC(665)   Pre Evacuate Collection Set: 0.1ms
[2024-10-12T10:38:12.400+0800][info] GC(665)   Merge Heap Roots: 0.0ms
[2024-10-12T10:38:12.400+0800][info] GC(665)   Evacuate Collection Set: 0.4ms
[2024-10-12T10:38:12.400+0800][info] GC(665)   Post Evacuate Collection Set: 0.2ms
[2024-10-12T10:38:12.400+0800][info] GC(665)   Other: 0.3ms
[2024-10-12T10:38:12.400+0800][info] GC(665) Eden regions: 1->0(2)
[2024-10-12T10:38:12.400+0800][info] GC(665) Survivor regions: 1->1(1)
[2024-10-12T10:38:12.400+0800][info] GC(665) Old regions: 56->57
[2024-10-12T10:38:12.400+0800][info] GC(665) Archive regions: 2->2
[2024-10-12T10:38:12.400+0800][info] GC(665) Humongous regions: 3->3
[2024-10-12T10:38:12.400+0800][info] GC(665) Metaspace: 1696K(1856K)->1696K(1856K) NonClass: 1572K(1664K)->1572K(1664K) Class: 124K(192K)->124K(192K)
[2024-10-12T10:38:12.400+0800][info] GC(665) Pause Young (Concurrent Start) (G1 Preventive Collection) 122M->122M(128M) 1.202ms
[2024-10-12T10:38:12.400+0800][info] GC(665) User=0.00s Sys=0.00s Real=0.00s
[2024-10-12T10:38:12.400+0800][info] GC(666) Concurrent Mark Cycle
[2024-10-12T10:38:12.400+0800][info] GC(666) Concurrent Clear Claimed Marks
[2024-10-12T10:38:12.400+0800][info] GC(666) Concurrent Clear Claimed Marks 0.016ms
[2024-10-12T10:38:12.400+0800][info] GC(666) Concurrent Scan Root Regions
[2024-10-12T10:38:12.401+0800][info] GC(666) Concurrent Scan Root Regions 0.155ms
[2024-10-12T10:38:12.401+0800][info] GC(666) Concurrent Mark
[2024-10-12T10:38:12.401+0800][info] GC(666) Concurrent Mark From Roots
[2024-10-12T10:38:12.401+0800][info] GC(666) Using 12 workers of 12 for marking
[2024-10-12T10:38:12.404+0800][info] GC(666) Concurrent Mark From Roots 3.703ms
[2024-10-12T10:38:12.404+0800][info] GC(666) Concurrent Preclean
[2024-10-12T10:38:12.406+0800][info] GC(666) Concurrent Preclean 1.731ms
[2024-10-12T10:38:12.406+0800][info] GC(666) Pause Remark
[2024-10-12T10:38:12.408+0800][info] GC(666) Pause Remark 122M->122M(128M) 1.717ms
[2024-10-12T10:38:12.408+0800][info] GC(666) User=0.01s Sys=0.01s Real=0.00s
[2024-10-12T10:38:12.408+0800][info] GC(666) Concurrent Mark 7.465ms
[2024-10-12T10:38:12.408+0800][info] GC(666) Concurrent Rebuild Remembered Sets
[2024-10-12T10:38:12.409+0800][info] GC(666) Concurrent Rebuild Remembered Sets 1.259ms
[2024-10-12T10:38:12.410+0800][info] GC(666) Pause Cleanup
[2024-10-12T10:38:12.410+0800][info] GC(666) Pause Cleanup 122M->122M(128M) 0.216ms
[2024-10-12T10:38:12.410+0800][info] GC(666) User=0.00s Sys=0.00s Real=0.00s
[2024-10-12T10:38:12.410+0800][info] GC(666) Concurrent Cleanup for Next Mark
[2024-10-12T10:38:12.410+0800][info] GC(666) Concurrent Cleanup for Next Mark 0.377ms
[2024-10-12T10:38:12.410+0800][info] GC(666) Concurrent Mark Cycle 9.830ms
[2024-10-12T10:38:12.492+0800][info] GC(667) Pause Young (Prepare Mixed) (G1 Evacuation Pause)
[2024-10-12T10:38:12.492+0800][info] GC(667) Using 3 workers of 48 for evacuation
[2024-10-12T10:38:12.493+0800][info] GC(667) To-space exhausted
[2024-10-12T10:38:12.493+0800][info] GC(667)   Pre Evacuate Collection Set: 0.1ms
[2024-10-12T10:38:12.493+0800][info] GC(667)   Merge Heap Roots: 0.1ms
[2024-10-12T10:38:12.493+0800][info] GC(667)   Evacuate Collection Set: 0.2ms
[2024-10-12T10:38:12.493+0800][info] GC(667)   Post Evacuate Collection Set: 0.2ms
[2024-10-12T10:38:12.493+0800][info] GC(667)   Other: 0.2ms
[2024-10-12T10:38:12.493+0800][info] GC(667) Eden regions: 1->0(3)
[2024-10-12T10:38:12.493+0800][info] GC(667) Survivor regions: 1->0(0)
[2024-10-12T10:38:12.493+0800][info] GC(667) Old regions: 57->59
[2024-10-12T10:38:12.493+0800][info] GC(667) Archive regions: 2->2
[2024-10-12T10:38:12.493+0800][info] GC(667) Humongous regions: 3->3
[2024-10-12T10:38:12.493+0800][info] GC(667) Metaspace: 1696K(1856K)->1696K(1856K) NonClass: 1572K(1664K)->1572K(1664K) Class: 124K(192K)->124K(192K)
[2024-10-12T10:38:12.493+0800][info] GC(667) Pause Young (Prepare Mixed) (G1 Evacuation Pause) 123M->123M(128M) 0.868ms
[2024-10-12T10:38:12.493+0800][info] GC(667) User=0.01s Sys=0.00s Real=0.00s
[2024-10-12T10:38:12.493+0800][info] Attempting full compaction
[2024-10-12T10:38:12.493+0800][info] GC(668) Using 3 workers of 48 for full compaction
[2024-10-12T10:38:12.493+0800][info] GC(668) Pause Full (G1 Compaction Pause)
[2024-10-12T10:38:12.493+0800][info] GC(668) Phase 1: Mark live objects
[2024-10-12T10:38:12.496+0800][info] GC(668) Phase 1: Mark live objects 3.035ms
[2024-10-12T10:38:12.496+0800][info] GC(668) Phase 2: Prepare for compaction
[2024-10-12T10:38:12.497+0800][info] GC(668) Phase 2: Prepare for compaction 0.505ms
[2024-10-12T10:38:12.497+0800][info] GC(668) Phase 3: Adjust pointers
[2024-10-12T10:38:12.498+0800][info] GC(668) Phase 3: Adjust pointers 1.691ms
[2024-10-12T10:38:12.498+0800][info] GC(668) Phase 4: Compact heap
[2024-10-12T10:38:12.510+0800][info] GC(668) Phase 4: Compact heap 11.917ms
[2024-10-12T10:38:12.512+0800][info] GC(668) Eden regions: 0->0(4)
[2024-10-12T10:38:12.512+0800][info] GC(668) Survivor regions: 0->0(0)
[2024-10-12T10:38:12.512+0800][info] GC(668) Old regions: 59->38
[2024-10-12T10:38:12.512+0800][info] GC(668) Archive regions: 2->2
[2024-10-12T10:38:12.512+0800][info] GC(668) Humongous regions: 3->3
[2024-10-12T10:38:12.512+0800][info] GC(668) Metaspace: 1696K(1856K)->1696K(1856K) NonClass: 1572K(1664K)->1572K(1664K) Class: 124K(192K)->124K(192K)
[2024-10-12T10:38:12.512+0800][info] GC(668) Pause Full (G1 Compaction Pause) 123M->71M(128M) 18.941ms
[2024-10-12T10:38:12.512+0800][info] GC(668) User=0.03s Sys=0.00s Real=0.02s
[2024-10-12T10:38:12.737+0800][info] GC(669) Pause Young (Normal) (G1 Evacuation Pause)
[2024-10-12T10:38:12.737+0800][info] GC(669) Using 3 workers of 48 for evacuation
[2024-10-12T10:38:12.739+0800][info] GC(669)   Pre Evacuate Collection Set: 0.2ms
[2024-10-12T10:38:12.739+0800][info] GC(669)   Merge Heap Roots: 0.0ms
[2024-10-12T10:38:12.739+0800][info] GC(669)   Evacuate Collection Set: 1.0ms
[2024-10-12T10:38:12.739+0800][info] GC(669)   Post Evacuate Collection Set: 0.2ms
[2024-10-12T10:38:12.739+0800][info] GC(669)   Other: 0.3ms
[2024-10-12T10:38:12.739+0800][info] GC(669) Eden regions: 4->0(2)
[2024-10-12T10:38:12.739+0800][info] GC(669) Survivor regions: 0->1(1)
[2024-10-12T10:38:12.739+0800][info] GC(669) Old regions: 38->41
[2024-10-12T10:38:12.739+0800][info] GC(669) Archive regions: 2->2
[2024-10-12T10:38:12.739+0800][info] GC(669) Humongous regions: 3->3
[2024-10-12T10:38:12.739+0800][info] GC(669) Metaspace: 1696K(1856K)->1696K(1856K) NonClass: 1572K(1664K)->1572K(1664K) Class: 124K(192K)->124K(192K)
[2024-10-12T10:38:12.739+0800][info] GC(669) Pause Young (Normal) (G1 Evacuation Pause) 79M->79M(128M) 1.803ms
[2024-10-12T10:38:12.739+0800][info] GC(669) User=0.00s Sys=0.00s Real=0.00s
[2024-10-12T10:38:12.841+0800][info] GC(670) Pause Young (Normal) (G1 Evacuation Pause)
[2024-10-12T10:38:12.841+0800][info] GC(670) Using 3 workers of 48 for evacuation
[2024-10-12T10:38:12.842+0800][info] GC(670)   Pre Evacuate Collection Set: 0.1ms
[2024-10-12T10:38:12.843+0800][info] GC(670)   Merge Heap Roots: 0.1ms
[2024-10-12T10:38:12.843+0800][info] GC(670)   Evacuate Collection Set: 0.8ms
[2024-10-12T10:38:12.843+0800][info] GC(670)   Post Evacuate Collection Set: 0.2ms
[2024-10-12T10:38:12.843+0800][info] GC(670)   Other: 0.2ms
[2024-10-12T10:38:12.843+0800][info] GC(670) Eden regions: 2->0(2)
[2024-10-12T10:38:12.843+0800][info] GC(670) Survivor regions: 1->1(1)
[2024-10-12T10:38:12.843+0800][info] GC(670) Old regions: 41->43
[2024-10-12T10:38:12.843+0800][info] GC(670) Archive regions: 2->2
[2024-10-12T10:38:12.843+0800][info] GC(670) Humongous regions: 3->3
[2024-10-12T10:38:12.843+0800][info] GC(670) Metaspace: 1696K(1856K)->1696K(1856K) NonClass: 1572K(1664K)->1572K(1664K) Class: 124K(192K)->124K(192K)
[2024-10-12T10:38:12.843+0800][info] GC(670) Pause Young (Normal) (G1 Evacuation Pause) 83M->83M(128M) 1.473ms
[2024-10-12T10:38:12.843+0800][info] GC(670) User=0.01s Sys=0.00s Real=0.00s
[2024-10-12T10:38:12.945+0800][info] GC(671) Pause Young (Normal) (G1 Evacuation Pause)
[2024-10-12T10:38:12.945+0800][info] GC(671) Using 3 workers of 48 for evacuation
[2024-10-12T10:38:12.946+0800][info] GC(671)   Pre Evacuate Collection Set: 0.1ms
[2024-10-12T10:38:12.946+0800][info] GC(671)   Merge Heap Roots: 0.0ms
[2024-10-12T10:38:12.946+0800][info] GC(671)   Evacuate Collection Set: 0.8ms
[2024-10-12T10:38:12.946+0800][info] GC(671)   Post Evacuate Collection Set: 0.2ms
[2024-10-12T10:38:12.946+0800][info] GC(671)   Other: 0.2ms
[2024-10-12T10:38:12.946+0800][info] GC(671) Eden regions: 2->0(2)
[2024-10-12T10:38:12.946+0800][info] GC(671) Survivor regions: 1->1(1)
[2024-10-12T10:38:12.946+0800][info] GC(671) Old regions: 43->45
[2024-10-12T10:38:12.946+0800][info] GC(671) Archive regions: 2->2
[2024-10-12T10:38:12.946+0800][info] GC(671) Humongous regions: 3->3
[2024-10-12T10:38:12.946+0800][info] GC(671) Metaspace: 1696K(1856K)->1696K(1856K) NonClass: 1572K(1664K)->1572K(1664K) Class: 124K(192K)->124K(192K)
[2024-10-12T10:38:12.946+0800][info] GC(671) Pause Young (Normal) (G1 Evacuation Pause) 86M->87M(128M) 1.413ms
[2024-10-12T10:38:12.946+0800][info] GC(671) User=0.00s Sys=0.00s Real=0.01s
[2024-10-12T10:38:13.048+0800][info] GC(672) Pause Young (Normal) (G1 Evacuation Pause)
[2024-10-12T10:38:13.048+0800][info] GC(672) Using 3 workers of 48 for evacuation
[2024-10-12T10:38:13.050+0800][info] GC(672)   Pre Evacuate Collection Set: 0.1ms
[2024-10-12T10:38:13.050+0800][info] GC(672)   Merge Heap Roots: 0.1ms
[2024-10-12T10:38:13.050+0800][info] GC(672)   Evacuate Collection Set: 0.8ms
[2024-10-12T10:38:13.050+0800][info] GC(672)   Post Evacuate Collection Set: 0.2ms
[2024-10-12T10:38:13.050+0800][info] GC(672)   Other: 0.2ms
[2024-10-12T10:38:13.050+0800][info] GC(672) Eden regions: 2->0(2)
[2024-10-12T10:38:13.050+0800][info] GC(672) Survivor regions: 1->1(1)
[2024-10-12T10:38:13.050+0800][info] GC(672) Old regions: 45->47
[2024-10-12T10:38:13.050+0800][info] GC(672) Archive regions: 2->2
[2024-10-12T10:38:13.050+0800][info] GC(672) Humongous regions: 3->3
[2024-10-12T10:38:13.050+0800][info] GC(672) Metaspace: 1696K(1856K)->1696K(1856K) NonClass: 1572K(1664K)->1572K(1664K) Class: 124K(192K)->124K(192K)
[2024-10-12T10:38:13.050+0800][info] GC(672) Pause Young (Normal) (G1 Evacuation Pause) 90M->91M(128M) 1.483ms
[2024-10-12T10:38:13.050+0800][info] GC(672) User=0.00s Sys=0.00s Real=0.00s
[2024-10-12T10:38:13.152+0800][info] GC(673) Pause Young (Concurrent Start) (G1 Evacuation Pause)
[2024-10-12T10:38:13.152+0800][info] GC(673) Using 3 workers of 48 for evacuation
[2024-10-12T10:38:13.154+0800][info] GC(673)   Pre Evacuate Collection Set: 0.1ms
[2024-10-12T10:38:13.154+0800][info] GC(673)   Merge Heap Roots: 0.0ms
[2024-10-12T10:38:13.154+0800][info] GC(673)   Evacuate Collection Set: 0.9ms
[2024-10-12T10:38:13.154+0800][info] GC(673)   Post Evacuate Collection Set: 0.2ms
[2024-10-12T10:38:13.154+0800][info] GC(673)   Other: 0.3ms
[2024-10-12T10:38:13.154+0800][info] GC(673) Eden regions: 2->0(2)
[2024-10-12T10:38:13.154+0800][info] GC(673) Survivor regions: 1->1(1)
[2024-10-12T10:38:13.154+0800][info] GC(673) Old regions: 47->49
[2024-10-12T10:38:13.154+0800][info] GC(673) Archive regions: 2->2
[2024-10-12T10:38:13.154+0800][info] GC(673) Humongous regions: 3->3
[2024-10-12T10:38:13.154+0800][info] GC(673) Metaspace: 1696K(1856K)->1696K(1856K) NonClass: 1572K(1664K)->1572K(1664K) Class: 124K(192K)->124K(192K)
[2024-10-12T10:38:13.154+0800][info] GC(673) Pause Young (Concurrent Start) (G1 Evacuation Pause) 94M->94M(128M) 1.639ms
[2024-10-12T10:38:13.154+0800][info] GC(673) User=0.00s Sys=0.00s Real=0.01s
[2024-10-12T10:38:13.154+0800][info] GC(674) Concurrent Mark Cycle
[2024-10-12T10:38:13.154+0800][info] GC(674) Concurrent Clear Claimed Marks
[2024-10-12T10:38:13.154+0800][info] GC(674) Concurrent Clear Claimed Marks 0.017ms
[2024-10-12T10:38:13.154+0800][info] GC(674) Concurrent Scan Root Regions
[2024-10-12T10:38:13.154+0800][info] GC(674) Concurrent Scan Root Regions 0.161ms
[2024-10-12T10:38:13.154+0800][info] GC(674) Concurrent Mark
[2024-10-12T10:38:13.154+0800][info] GC(674) Concurrent Mark From Roots
[2024-10-12T10:38:13.154+0800][info] GC(674) Using 12 workers of 12 for marking
[2024-10-12T10:38:13.158+0800][info] GC(674) Concurrent Mark From Roots 3.595ms
[2024-10-12T10:38:13.158+0800][info] GC(674) Concurrent Preclean
[2024-10-12T10:38:13.160+0800][info] GC(674) Concurrent Preclean 1.699ms
[2024-10-12T10:38:13.160+0800][info] GC(674) Pause Remark
[2024-10-12T10:38:13.161+0800][info] GC(674) Pause Remark 95M->93M(128M) 1.510ms
[2024-10-12T10:38:13.161+0800][info] GC(674) User=0.00s Sys=0.00s Real=0.00s
[2024-10-12T10:38:13.161+0800][info] GC(674) Concurrent Mark 7.047ms
[2024-10-12T10:38:13.161+0800][info] GC(674) Concurrent Rebuild Remembered Sets
[2024-10-12T10:38:13.163+0800][info] GC(674) Concurrent Rebuild Remembered Sets 1.278ms
[2024-10-12T10:38:13.163+0800][info] GC(674) Pause Cleanup
[2024-10-12T10:38:13.163+0800][info] GC(674) Pause Cleanup 93M->93M(128M) 0.231ms
[2024-10-12T10:38:13.163+0800][info] GC(674) User=0.00s Sys=0.00s Real=0.00s
[2024-10-12T10:38:13.163+0800][info] GC(674) Concurrent Cleanup for Next Mark
[2024-10-12T10:38:13.163+0800][info] GC(674) Concurrent Cleanup for Next Mark 0.340ms
[2024-10-12T10:38:13.163+0800][info] GC(674) Concurrent Mark Cycle 9.419ms
[2024-10-12T10:38:13.307+0800][info] GC(675) Pause Young (Prepare Mixed) (G1 Evacuation Pause)
[2024-10-12T10:38:13.307+0800][info] GC(675) Using 3 workers of 48 for evacuation
[2024-10-12T10:38:13.308+0800][info] GC(675)   Pre Evacuate Collection Set: 0.1ms
[2024-10-12T10:38:13.308+0800][info] GC(675)   Merge Heap Roots: 0.1ms
[2024-10-12T10:38:13.308+0800][info] GC(675)   Evacuate Collection Set: 0.8ms
[2024-10-12T10:38:13.308+0800][info] GC(675)   Post Evacuate Collection Set: 0.2ms
[2024-10-12T10:38:13.308+0800][info] GC(675)   Other: 0.2ms
[2024-10-12T10:38:13.308+0800][info] GC(675) Eden regions: 2->0(2)
[2024-10-12T10:38:13.308+0800][info] GC(675) Survivor regions: 1->1(1)
[2024-10-12T10:38:13.308+0800][info] GC(675) Old regions: 48->50
[2024-10-12T10:38:13.308+0800][info] GC(675) Archive regions: 2->2
[2024-10-12T10:38:13.308+0800][info] GC(675) Humongous regions: 3->3
[2024-10-12T10:38:13.308+0800][info] GC(675) Metaspace: 1696K(1856K)->1696K(1856K) NonClass: 1572K(1664K)->1572K(1664K) Class: 124K(192K)->124K(192K)
[2024-10-12T10:38:13.308+0800][info] GC(675) Pause Young (Prepare Mixed) (G1 Evacuation Pause) 96M->96M(128M) 1.523ms
[2024-10-12T10:38:13.308+0800][info] GC(675) User=0.00s Sys=0.00s Real=0.00s
[2024-10-12T10:38:13.410+0800][info] GC(676) Pause Young (Mixed) (G1 Evacuation Pause)
[2024-10-12T10:38:13.410+0800][info] GC(676) Using 3 workers of 48 for evacuation
[2024-10-12T10:38:13.412+0800][info] GC(676)   Pre Evacuate Collection Set: 0.1ms
[2024-10-12T10:38:13.412+0800][info] GC(676)   Merge Heap Roots: 0.1ms
[2024-10-12T10:38:13.412+0800][info] GC(676)   Evacuate Collection Set: 1.0ms
[2024-10-12T10:38:13.412+0800][info] GC(676)   Post Evacuate Collection Set: 0.2ms
[2024-10-12T10:38:13.412+0800][info] GC(676)   Other: 0.2ms
[2024-10-12T10:38:13.412+0800][info] GC(676) Eden regions: 2->0(2)
[2024-10-12T10:38:13.412+0800][info] GC(676) Survivor regions: 1->1(1)
[2024-10-12T10:38:13.412+0800][info] GC(676) Old regions: 50->48
[2024-10-12T10:38:13.412+0800][info] GC(676) Archive regions: 2->2
[2024-10-12T10:38:13.412+0800][info] GC(676) Humongous regions: 3->3
[2024-10-12T10:38:13.412+0800][info] GC(676) Metaspace: 1696K(1856K)->1696K(1856K) NonClass: 1572K(1664K)->1572K(1664K) Class: 124K(192K)->124K(192K)
[2024-10-12T10:38:13.412+0800][info] GC(676) Pause Young (Mixed) (G1 Evacuation Pause) 100M->96M(128M) 1.615ms
[2024-10-12T10:38:13.412+0800][info] GC(676) User=0.00s Sys=0.01s Real=0.00s
[2024-10-12T10:38:13.514+0800][info] GC(677) Pause Young (Normal) (G1 Evacuation Pause)
[2024-10-12T10:38:13.514+0800][info] GC(677) Using 3 workers of 48 for evacuation
[2024-10-12T10:38:13.515+0800][info] GC(677)   Pre Evacuate Collection Set: 0.1ms
[2024-10-12T10:38:13.515+0800][info] GC(677)   Merge Heap Roots: 0.1ms
[2024-10-12T10:38:13.515+0800][info] GC(677)   Evacuate Collection Set: 0.7ms
[2024-10-12T10:38:13.515+0800][info] GC(677)   Post Evacuate Collection Set: 0.2ms
[2024-10-12T10:38:13.515+0800][info] GC(677)   Other: 0.2ms
[2024-10-12T10:38:13.515+0800][info] GC(677) Eden regions: 2->0(2)
[2024-10-12T10:38:13.515+0800][info] GC(677) Survivor regions: 1->1(1)
[2024-10-12T10:38:13.515+0800][info] GC(677) Old regions: 48->50
[2024-10-12T10:38:13.515+0800][info] GC(677) Archive regions: 2->2
[2024-10-12T10:38:13.515+0800][info] GC(677) Humongous regions: 3->3
[2024-10-12T10:38:13.515+0800][info] GC(677) Metaspace: 1696K(1856K)->1696K(1856K) NonClass: 1572K(1664K)->1572K(1664K) Class: 124K(192K)->124K(192K)
[2024-10-12T10:38:13.515+0800][info] GC(677) Pause Young (Normal) (G1 Evacuation Pause) 99M->99M(128M) 1.369ms
[2024-10-12T10:38:13.515+0800][info] GC(677) User=0.00s Sys=0.00s Real=0.00s
[2024-10-12T10:38:13.618+0800][info] GC(678) Pause Young (Concurrent Start) (G1 Evacuation Pause)
[2024-10-12T10:38:13.618+0800][info] GC(678) Using 3 workers of 48 for evacuation
[2024-10-12T10:38:13.619+0800][info] GC(678)   Pre Evacuate Collection Set: 0.1ms
[2024-10-12T10:38:13.619+0800][info] GC(678)   Merge Heap Roots: 0.0ms
[2024-10-12T10:38:13.619+0800][info] GC(678)   Evacuate Collection Set: 0.7ms
[2024-10-12T10:38:13.619+0800][info] GC(678)   Post Evacuate Collection Set: 0.2ms
[2024-10-12T10:38:13.619+0800][info] GC(678)   Other: 0.3ms
[2024-10-12T10:38:13.619+0800][info] GC(678) Eden regions: 2->0(2)
[2024-10-12T10:38:13.619+0800][info] GC(678) Survivor regions: 1->1(1)
[2024-10-12T10:38:13.619+0800][info] GC(678) Old regions: 50->52
[2024-10-12T10:38:13.619+0800][info] GC(678) Archive regions: 2->2
[2024-10-12T10:38:13.619+0800][info] GC(678) Humongous regions: 3->3
[2024-10-12T10:38:13.619+0800][info] GC(678) Metaspace: 1696K(1856K)->1696K(1856K) NonClass: 1572K(1664K)->1572K(1664K) Class: 124K(192K)->124K(192K)
[2024-10-12T10:38:13.619+0800][info] GC(678) Pause Young (Concurrent Start) (G1 Evacuation Pause) 103M->103M(128M) 1.515ms
[2024-10-12T10:38:13.619+0800][info] GC(678) User=0.01s Sys=0.00s Real=0.00s
[2024-10-12T10:38:13.619+0800][info] GC(679) Concurrent Mark Cycle
[2024-10-12T10:38:13.620+0800][info] GC(679) Concurrent Clear Claimed Marks
[2024-10-12T10:38:13.620+0800][info] GC(679) Concurrent Clear Claimed Marks 0.017ms
[2024-10-12T10:38:13.620+0800][info] GC(679) Concurrent Scan Root Regions
[2024-10-12T10:38:13.620+0800][info] GC(679) Concurrent Scan Root Regions 0.176ms
[2024-10-12T10:38:13.620+0800][info] GC(679) Concurrent Mark
[2024-10-12T10:38:13.620+0800][info] GC(679) Concurrent Mark From Roots
[2024-10-12T10:38:13.620+0800][info] GC(679) Using 12 workers of 12 for marking
[2024-10-12T10:38:13.624+0800][info] GC(679) Concurrent Mark From Roots 3.754ms
[2024-10-12T10:38:13.624+0800][info] GC(679) Concurrent Preclean
[2024-10-12T10:38:13.625+0800][info] GC(679) Concurrent Preclean 1.711ms
[2024-10-12T10:38:13.625+0800][info] GC(679) Pause Remark
[2024-10-12T10:38:13.627+0800][info] GC(679) Pause Remark 104M->102M(128M) 1.526ms
[2024-10-12T10:38:13.627+0800][info] GC(679) User=0.00s Sys=0.00s Real=0.00s
[2024-10-12T10:38:13.627+0800][info] GC(679) Concurrent Mark 7.242ms
[2024-10-12T10:38:13.627+0800][info] GC(679) Concurrent Rebuild Remembered Sets
[2024-10-12T10:38:13.628+0800][info] GC(679) Concurrent Rebuild Remembered Sets 1.261ms
[2024-10-12T10:38:13.628+0800][info] GC(679) Pause Cleanup
[2024-10-12T10:38:13.629+0800][info] GC(679) Pause Cleanup 102M->102M(128M) 0.266ms
[2024-10-12T10:38:13.629+0800][info] GC(679) User=0.00s Sys=0.00s Real=0.00s
[2024-10-12T10:38:13.629+0800][info] GC(679) Concurrent Cleanup for Next Mark
[2024-10-12T10:38:13.629+0800][info] GC(679) Concurrent Cleanup for Next Mark 0.416ms
[2024-10-12T10:38:13.629+0800][info] GC(679) Concurrent Mark Cycle 9.716ms
[2024-10-12T10:38:13.772+0800][info] GC(680) Pause Young (Prepare Mixed) (G1 Evacuation Pause)
[2024-10-12T10:38:13.772+0800][info] GC(680) Using 3 workers of 48 for evacuation
[2024-10-12T10:38:13.774+0800][info] GC(680)   Pre Evacuate Collection Set: 0.1ms
[2024-10-12T10:38:13.774+0800][info] GC(680)   Merge Heap Roots: 0.1ms
[2024-10-12T10:38:13.774+0800][info] GC(680)   Evacuate Collection Set: 0.8ms
[2024-10-12T10:38:13.774+0800][info] GC(680)   Post Evacuate Collection Set: 0.2ms
[2024-10-12T10:38:13.774+0800][info] GC(680)   Other: 0.2ms
[2024-10-12T10:38:13.774+0800][info] GC(680) Eden regions: 2->0(2)
[2024-10-12T10:38:13.774+0800][info] GC(680) Survivor regions: 1->1(1)
[2024-10-12T10:38:13.774+0800][info] GC(680) Old regions: 51->53
[2024-10-12T10:38:13.774+0800][info] GC(680) Archive regions: 2->2
[2024-10-12T10:38:13.774+0800][info] GC(680) Humongous regions: 3->3
[2024-10-12T10:38:13.774+0800][info] GC(680) Metaspace: 1696K(1856K)->1696K(1856K) NonClass: 1572K(1664K)->1572K(1664K) Class: 124K(192K)->124K(192K)
[2024-10-12T10:38:13.774+0800][info] GC(680) Pause Young (Prepare Mixed) (G1 Evacuation Pause) 105M->105M(128M) 1.525ms
[2024-10-12T10:38:13.774+0800][info] GC(680) User=0.00s Sys=0.00s Real=0.01s
[2024-10-12T10:38:13.835+0800][info] GC(681) Pause Young (Mixed) (G1 Preventive Collection)
[2024-10-12T10:38:13.835+0800][info] GC(681) Using 3 workers of 48 for evacuation
[2024-10-12T10:38:13.837+0800][info] GC(681)   Pre Evacuate Collection Set: 0.2ms
[2024-10-12T10:38:13.837+0800][info] GC(681)   Merge Heap Roots: 0.0ms
[2024-10-12T10:38:13.837+0800][info] GC(681)   Evacuate Collection Set: 1.1ms
[2024-10-12T10:38:13.837+0800][info] GC(681)   Post Evacuate Collection Set: 0.2ms
[2024-10-12T10:38:13.837+0800][info] GC(681)   Other: 0.2ms
[2024-10-12T10:38:13.837+0800][info] GC(681) Eden regions: 1->0(2)
[2024-10-12T10:38:13.837+0800][info] GC(681) Survivor regions: 1->1(1)
[2024-10-12T10:38:13.837+0800][info] GC(681) Old regions: 53->49
[2024-10-12T10:38:13.837+0800][info] GC(681) Archive regions: 2->2
[2024-10-12T10:38:13.837+0800][info] GC(681) Humongous regions: 3->3
[2024-10-12T10:38:13.837+0800][info] GC(681) Metaspace: 1696K(1856K)->1696K(1856K) NonClass: 1572K(1664K)->1572K(1664K) Class: 124K(192K)->124K(192K)
[2024-10-12T10:38:13.837+0800][info] GC(681) Pause Young (Mixed) (G1 Preventive Collection) 107M->100M(128M) 1.809ms
[2024-10-12T10:38:13.837+0800][info] GC(681) User=0.01s Sys=0.00s Real=0.00s
[2024-10-12T10:38:13.939+0800][info] GC(682) Pause Young (Mixed) (G1 Evacuation Pause)
[2024-10-12T10:38:13.939+0800][info] GC(682) Using 3 workers of 48 for evacuation
[2024-10-12T10:38:13.941+0800][info] GC(682)   Pre Evacuate Collection Set: 0.1ms
[2024-10-12T10:38:13.941+0800][info] GC(682)   Merge Heap Roots: 0.1ms
[2024-10-12T10:38:13.941+0800][info] GC(682)   Evacuate Collection Set: 1.6ms
[2024-10-12T10:38:13.941+0800][info] GC(682)   Post Evacuate Collection Set: 0.2ms
[2024-10-12T10:38:13.942+0800][info] GC(682)   Other: 0.1ms
[2024-10-12T10:38:13.942+0800][info] GC(682) Eden regions: 2->0(2)
[2024-10-12T10:38:13.942+0800][info] GC(682) Survivor regions: 1->1(1)
[2024-10-12T10:38:13.942+0800][info] GC(682) Old regions: 49->47
[2024-10-12T10:38:13.942+0800][info] GC(682) Archive regions: 2->2
[2024-10-12T10:38:13.942+0800][info] GC(682) Humongous regions: 3->3
[2024-10-12T10:38:13.942+0800][info] GC(682) Metaspace: 1696K(1856K)->1696K(1856K) NonClass: 1572K(1664K)->1572K(1664K) Class: 124K(192K)->124K(192K)
[2024-10-12T10:38:13.942+0800][info] GC(682) Pause Young (Mixed) (G1 Evacuation Pause) 103M->98M(128M) 2.266ms
[2024-10-12T10:38:13.942+0800][info] GC(682) User=0.01s Sys=0.00s Real=0.00s
[2024-10-12T10:38:14.044+0800][info] GC(683) Pause Young (Mixed) (G1 Evacuation Pause)
[2024-10-12T10:38:14.044+0800][info] GC(683) Using 3 workers of 48 for evacuation
[2024-10-12T10:38:14.045+0800][info] GC(683)   Pre Evacuate Collection Set: 0.2ms
[2024-10-12T10:38:14.045+0800][info] GC(683)   Merge Heap Roots: 0.0ms
[2024-10-12T10:38:14.045+0800][info] GC(683)   Evacuate Collection Set: 1.0ms
[2024-10-12T10:38:14.045+0800][info] GC(683)   Post Evacuate Collection Set: 0.2ms
[2024-10-12T10:38:14.045+0800][info] GC(683)   Other: 0.2ms
[2024-10-12T10:38:14.045+0800][info] GC(683) Eden regions: 2->0(2)
[2024-10-12T10:38:14.045+0800][info] GC(683) Survivor regions: 1->1(1)
[2024-10-12T10:38:14.045+0800][info] GC(683) Old regions: 47->49
[2024-10-12T10:38:14.045+0800][info] GC(683) Archive regions: 2->2
[2024-10-12T10:38:14.045+0800][info] GC(683) Humongous regions: 3->3
[2024-10-12T10:38:14.045+0800][info] GC(683) Metaspace: 1696K(1856K)->1696K(1856K) NonClass: 1572K(1664K)->1572K(1664K) Class: 124K(192K)->124K(192K)
[2024-10-12T10:38:14.045+0800][info] GC(683) Pause Young (Mixed) (G1 Evacuation Pause) 101M->102M(128M) 1.810ms
[2024-10-12T10:38:14.046+0800][info] GC(683) User=0.00s Sys=0.00s Real=0.01s
[2024-10-12T10:38:14.148+0800][info] GC(684) Pause Young (Concurrent Start) (G1 Evacuation Pause)
[2024-10-12T10:38:14.148+0800][info] GC(684) Using 3 workers of 48 for evacuation
[2024-10-12T10:38:14.150+0800][info] GC(684)   Pre Evacuate Collection Set: 0.1ms
[2024-10-12T10:38:14.150+0800][info] GC(684)   Merge Heap Roots: 0.0ms
[2024-10-12T10:38:14.150+0800][info] GC(684)   Evacuate Collection Set: 1.0ms
[2024-10-12T10:38:14.150+0800][info] GC(684)   Post Evacuate Collection Set: 0.2ms
[2024-10-12T10:38:14.150+0800][info] GC(684)   Other: 0.4ms
[2024-10-12T10:38:14.150+0800][info] GC(684) Eden regions: 2->0(2)
[2024-10-12T10:38:14.150+0800][info] GC(684) Survivor regions: 1->1(1)
[2024-10-12T10:38:14.150+0800][info] GC(684) Old regions: 49->51
[2024-10-12T10:38:14.150+0800][info] GC(684) Archive regions: 2->2
[2024-10-12T10:38:14.150+0800][info] GC(684) Humongous regions: 3->3
[2024-10-12T10:38:14.150+0800][info] GC(684) Metaspace: 1696K(1856K)->1696K(1856K) NonClass: 1572K(1664K)->1572K(1664K) Class: 124K(192K)->124K(192K)
[2024-10-12T10:38:14.150+0800][info] GC(684) Pause Young (Concurrent Start) (G1 Evacuation Pause) 105M->105M(128M) 1.849ms
[2024-10-12T10:38:14.150+0800][info] GC(684) User=0.01s Sys=0.00s Real=0.00s
[2024-10-12T10:38:14.150+0800][info] GC(685) Concurrent Mark Cycle
[2024-10-12T10:38:14.150+0800][info] GC(685) Concurrent Clear Claimed Marks
[2024-10-12T10:38:14.150+0800][info] GC(685) Concurrent Clear Claimed Marks 0.017ms
[2024-10-12T10:38:14.150+0800][info] GC(685) Concurrent Scan Root Regions
[2024-10-12T10:38:14.150+0800][info] GC(685) Concurrent Scan Root Regions 0.102ms
[2024-10-12T10:38:14.150+0800][info] GC(685) Concurrent Mark
[2024-10-12T10:38:14.150+0800][info] GC(685) Concurrent Mark From Roots
[2024-10-12T10:38:14.150+0800][info] GC(685) Using 12 workers of 12 for marking
[2024-10-12T10:38:14.154+0800][info] GC(685) Concurrent Mark From Roots 3.533ms
[2024-10-12T10:38:14.154+0800][info] GC(685) Concurrent Preclean
[2024-10-12T10:38:14.156+0800][info] GC(685) Concurrent Preclean 1.710ms
[2024-10-12T10:38:14.156+0800][info] GC(685) Pause Remark
[2024-10-12T10:38:14.158+0800][info] GC(685) Pause Remark 106M->106M(128M) 1.787ms
[2024-10-12T10:38:14.158+0800][info] GC(685) User=0.01s Sys=0.00s Real=0.00s
[2024-10-12T10:38:14.158+0800][info] GC(685) Concurrent Mark 7.287ms
[2024-10-12T10:38:14.158+0800][info] GC(685) Concurrent Rebuild Remembered Sets
[2024-10-12T10:38:14.159+0800][info] GC(685) Concurrent Rebuild Remembered Sets 1.315ms
[2024-10-12T10:38:14.159+0800][info] GC(685) Pause Cleanup
[2024-10-12T10:38:14.159+0800][info] GC(685) Pause Cleanup 106M->106M(128M) 0.188ms
[2024-10-12T10:38:14.159+0800][info] GC(685) User=0.00s Sys=0.00s Real=0.00s
[2024-10-12T10:38:14.159+0800][info] GC(685) Concurrent Cleanup for Next Mark
[2024-10-12T10:38:14.160+0800][info] GC(685) Concurrent Cleanup for Next Mark 0.393ms
[2024-10-12T10:38:14.160+0800][info] GC(685) Concurrent Mark Cycle 9.570ms
[2024-10-12T10:38:14.303+0800][info] GC(686) Pause Young (Prepare Mixed) (G1 Evacuation Pause)
[2024-10-12T10:38:14.303+0800][info] GC(686) Using 3 workers of 48 for evacuation
[2024-10-12T10:38:14.305+0800][info] GC(686)   Pre Evacuate Collection Set: 0.1ms
[2024-10-12T10:38:14.305+0800][info] GC(686)   Merge Heap Roots: 0.1ms
[2024-10-12T10:38:14.305+0800][info] GC(686)   Evacuate Collection Set: 0.9ms
[2024-10-12T10:38:14.305+0800][info] GC(686)   Post Evacuate Collection Set: 0.2ms
[2024-10-12T10:38:14.305+0800][info] GC(686)   Other: 0.2ms
[2024-10-12T10:38:14.305+0800][info] GC(686) Eden regions: 2->0(2)
[2024-10-12T10:38:14.305+0800][info] GC(686) Survivor regions: 1->1(1)
[2024-10-12T10:38:14.305+0800][info] GC(686) Old regions: 51->53
[2024-10-12T10:38:14.305+0800][info] GC(686) Archive regions: 2->2
[2024-10-12T10:38:14.305+0800][info] GC(686) Humongous regions: 3->3
[2024-10-12T10:38:14.305+0800][info] GC(686) Metaspace: 1696K(1856K)->1696K(1856K) NonClass: 1572K(1664K)->1572K(1664K) Class: 124K(192K)->124K(192K)
[2024-10-12T10:38:14.305+0800][info] GC(686) Pause Young (Prepare Mixed) (G1 Evacuation Pause) 109M->110M(128M) 1.554ms
[2024-10-12T10:38:14.305+0800][info] GC(686) User=0.01s Sys=0.00s Real=0.00s
[2024-10-12T10:38:14.366+0800][info] GC(687) Pause Young (Mixed) (G1 Preventive Collection)
[2024-10-12T10:38:14.366+0800][info] GC(687) Using 3 workers of 48 for evacuation
[2024-10-12T10:38:14.368+0800][info] GC(687)   Pre Evacuate Collection Set: 0.2ms
[2024-10-12T10:38:14.368+0800][info] GC(687)   Merge Heap Roots: 0.1ms
[2024-10-12T10:38:14.368+0800][info] GC(687)   Evacuate Collection Set: 1.3ms
[2024-10-12T10:38:14.368+0800][info] GC(687)   Post Evacuate Collection Set: 0.2ms
[2024-10-12T10:38:14.368+0800][info] GC(687)   Other: 0.2ms
[2024-10-12T10:38:14.368+0800][info] GC(687) Eden regions: 1->0(2)
[2024-10-12T10:38:14.368+0800][info] GC(687) Survivor regions: 1->1(1)
[2024-10-12T10:38:14.368+0800][info] GC(687) Old regions: 53->49
[2024-10-12T10:38:14.368+0800][info] GC(687) Archive regions: 2->2
[2024-10-12T10:38:14.368+0800][info] GC(687) Humongous regions: 3->3
[2024-10-12T10:38:14.368+0800][info] GC(687) Metaspace: 1696K(1856K)->1696K(1856K) NonClass: 1572K(1664K)->1572K(1664K) Class: 124K(192K)->124K(192K)
[2024-10-12T10:38:14.368+0800][info] GC(687) Pause Young (Mixed) (G1 Preventive Collection) 112M->103M(128M) 2.070ms
[2024-10-12T10:38:14.368+0800][info] GC(687) User=0.01s Sys=0.00s Real=0.00s
[2024-10-12T10:38:14.470+0800][info] GC(688) Pause Young (Mixed) (G1 Evacuation Pause)
[2024-10-12T10:38:14.470+0800][info] GC(688) Using 3 workers of 48 for evacuation
[2024-10-12T10:38:14.472+0800][info] GC(688)   Pre Evacuate Collection Set: 0.2ms
[2024-10-12T10:38:14.472+0800][info] GC(688)   Merge Heap Roots: 0.0ms
[2024-10-12T10:38:14.472+0800][info] GC(688)   Evacuate Collection Set: 1.4ms
[2024-10-12T10:38:14.472+0800][info] GC(688)   Post Evacuate Collection Set: 0.2ms
[2024-10-12T10:38:14.472+0800][info] GC(688)   Other: 0.2ms
[2024-10-12T10:38:14.472+0800][info] GC(688) Eden regions: 2->0(2)
[2024-10-12T10:38:14.472+0800][info] GC(688) Survivor regions: 1->1(1)
[2024-10-12T10:38:14.473+0800][info] GC(688) Old regions: 49->48
[2024-10-12T10:38:14.473+0800][info] GC(688) Archive regions: 2->2
[2024-10-12T10:38:14.473+0800][info] GC(688) Humongous regions: 3->3
[2024-10-12T10:38:14.473+0800][info] GC(688) Metaspace: 1696K(1856K)->1696K(1856K) NonClass: 1572K(1664K)->1572K(1664K) Class: 124K(192K)->124K(192K)
[2024-10-12T10:38:14.473+0800][info] GC(688) Pause Young (Mixed) (G1 Evacuation Pause) 107M->102M(128M) 2.148ms
[2024-10-12T10:38:14.473+0800][info] GC(688) User=0.01s Sys=0.00s Real=0.00s
[2024-10-12T10:38:14.575+0800][info] GC(689) Pause Young (Mixed) (G1 Evacuation Pause)
[2024-10-12T10:38:14.575+0800][info] GC(689) Using 3 workers of 48 for evacuation
[2024-10-12T10:38:14.577+0800][info] GC(689)   Pre Evacuate Collection Set: 0.1ms
[2024-10-12T10:38:14.577+0800][info] GC(689)   Merge Heap Roots: 0.1ms
[2024-10-12T10:38:14.577+0800][info] GC(689)   Evacuate Collection Set: 1.1ms
[2024-10-12T10:38:14.577+0800][info] GC(689)   Post Evacuate Collection Set: 0.2ms
[2024-10-12T10:38:14.577+0800][info] GC(689)   Other: 0.2ms
[2024-10-12T10:38:14.577+0800][info] GC(689) Eden regions: 2->0(2)
[2024-10-12T10:38:14.577+0800][info] GC(689) Survivor regions: 1->1(1)
[2024-10-12T10:38:14.577+0800][info] GC(689) Old regions: 48->49
[2024-10-12T10:38:14.577+0800][info] GC(689) Archive regions: 2->2
[2024-10-12T10:38:14.577+0800][info] GC(689) Humongous regions: 4->3
[2024-10-12T10:38:14.577+0800][info] GC(689) Metaspace: 1696K(1856K)->1696K(1856K) NonClass: 1572K(1664K)->1572K(1664K) Class: 124K(192K)->124K(192K)
[2024-10-12T10:38:14.577+0800][info] GC(689) Pause Young (Mixed) (G1 Evacuation Pause) 107M->103M(128M) 1.733ms
[2024-10-12T10:38:14.577+0800][info] GC(689) User=0.00s Sys=0.00s Real=0.00s
[2024-10-12T10:38:14.679+0800][info] GC(690) Pause Young (Concurrent Start) (G1 Evacuation Pause)
[2024-10-12T10:38:14.679+0800][info] GC(690) Using 3 workers of 48 for evacuation
[2024-10-12T10:38:14.680+0800][info] GC(690)   Pre Evacuate Collection Set: 0.1ms
[2024-10-12T10:38:14.680+0800][info] GC(690)   Merge Heap Roots: 0.1ms
[2024-10-12T10:38:14.680+0800][info] GC(690)   Evacuate Collection Set: 0.8ms
[2024-10-12T10:38:14.680+0800][info] GC(690)   Post Evacuate Collection Set: 0.2ms
[2024-10-12T10:38:14.680+0800][info] GC(690)   Other: 0.4ms
[2024-10-12T10:38:14.680+0800][info] GC(690) Eden regions: 2->0(2)
[2024-10-12T10:38:14.680+0800][info] GC(690) Survivor regions: 1->1(1)
[2024-10-12T10:38:14.680+0800][info] GC(690) Old regions: 49->51
[2024-10-12T10:38:14.680+0800][info] GC(690) Archive regions: 2->2
[2024-10-12T10:38:14.680+0800][info] GC(690) Humongous regions: 3->3
[2024-10-12T10:38:14.680+0800][info] GC(690) Metaspace: 1696K(1856K)->1696K(1856K) NonClass: 1572K(1664K)->1572K(1664K) Class: 124K(192K)->124K(192K)
[2024-10-12T10:38:14.680+0800][info] GC(690) Pause Young (Concurrent Start) (G1 Evacuation Pause) 107M->107M(128M) 1.626ms
[2024-10-12T10:38:14.680+0800][info] GC(690) User=0.00s Sys=0.00s Real=0.00s
[2024-10-12T10:38:14.680+0800][info] GC(691) Concurrent Mark Cycle
[2024-10-12T10:38:14.680+0800][info] GC(691) Concurrent Clear Claimed Marks
[2024-10-12T10:38:14.680+0800][info] GC(691) Concurrent Clear Claimed Marks 0.017ms
[2024-10-12T10:38:14.680+0800][info] GC(691) Concurrent Scan Root Regions
[2024-10-12T10:38:14.681+0800][info] GC(691) Concurrent Scan Root Regions 0.142ms
[2024-10-12T10:38:14.681+0800][info] GC(691) Concurrent Mark
[2024-10-12T10:38:14.681+0800][info] GC(691) Concurrent Mark From Roots
[2024-10-12T10:38:14.681+0800][info] GC(691) Using 12 workers of 12 for marking
[2024-10-12T10:38:14.684+0800][info] GC(691) Concurrent Mark From Roots 3.426ms
[2024-10-12T10:38:14.684+0800][info] GC(691) Concurrent Preclean
[2024-10-12T10:38:14.686+0800][info] GC(691) Concurrent Preclean 1.712ms
[2024-10-12T10:38:14.686+0800][info] GC(691) Pause Remark
[2024-10-12T10:38:14.688+0800][info] GC(691) Pause Remark 108M->108M(128M) 1.591ms
[2024-10-12T10:38:14.688+0800][info] GC(691) User=0.01s Sys=0.00s Real=0.00s
[2024-10-12T10:38:14.688+0800][info] GC(691) Concurrent Mark 6.993ms
[2024-10-12T10:38:14.688+0800][info] GC(691) Concurrent Rebuild Remembered Sets
[2024-10-12T10:38:14.689+0800][info] GC(691) Concurrent Rebuild Remembered Sets 1.296ms
[2024-10-12T10:38:14.689+0800][info] GC(691) Pause Cleanup
[2024-10-12T10:38:14.689+0800][info] GC(691) Pause Cleanup 108M->108M(128M) 0.207ms
[2024-10-12T10:38:14.689+0800][info] GC(691) User=0.00s Sys=0.00s Real=0.00s
[2024-10-12T10:38:14.689+0800][info] GC(691) Concurrent Cleanup for Next Mark
[2024-10-12T10:38:14.690+0800][info] GC(691) Concurrent Cleanup for Next Mark 0.395ms
[2024-10-12T10:38:14.690+0800][info] GC(691) Concurrent Mark Cycle 9.410ms
[2024-10-12T10:38:14.833+0800][info] GC(692) Pause Young (Prepare Mixed) (G1 Evacuation Pause)
[2024-10-12T10:38:14.833+0800][info] GC(692) Using 3 workers of 48 for evacuation
[2024-10-12T10:38:14.835+0800][info] GC(692)   Pre Evacuate Collection Set: 0.1ms
[2024-10-12T10:38:14.835+0800][info] GC(692)   Merge Heap Roots: 0.0ms
[2024-10-12T10:38:14.835+0800][info] GC(692)   Evacuate Collection Set: 0.8ms
[2024-10-12T10:38:14.835+0800][info] GC(692)   Post Evacuate Collection Set: 0.2ms
[2024-10-12T10:38:14.835+0800][info] GC(692)   Other: 0.2ms
[2024-10-12T10:38:14.835+0800][info] GC(692) Eden regions: 2->0(2)
[2024-10-12T10:38:14.835+0800][info] GC(692) Survivor regions: 1->1(1)
[2024-10-12T10:38:14.835+0800][info] GC(692) Old regions: 51->53
[2024-10-12T10:38:14.835+0800][info] GC(692) Archive regions: 2->2
[2024-10-12T10:38:14.835+0800][info] GC(692) Humongous regions: 3->3
[2024-10-12T10:38:14.835+0800][info] GC(692) Metaspace: 1696K(1856K)->1696K(1856K) NonClass: 1572K(1664K)->1572K(1664K) Class: 124K(192K)->124K(192K)
[2024-10-12T10:38:14.835+0800][info] GC(692) Pause Young (Prepare Mixed) (G1 Evacuation Pause) 111M->111M(128M) 1.522ms
[2024-10-12T10:38:14.835+0800][info] GC(692) User=0.01s Sys=0.00s Real=0.00s
[2024-10-12T10:38:14.896+0800][info] GC(693) Pause Young (Mixed) (G1 Preventive Collection)
[2024-10-12T10:38:14.896+0800][info] GC(693) Using 3 workers of 48 for evacuation
[2024-10-12T10:38:14.899+0800][info] GC(693)   Pre Evacuate Collection Set: 0.2ms
[2024-10-12T10:38:14.899+0800][info] GC(693)   Merge Heap Roots: 0.0ms
[2024-10-12T10:38:14.899+0800][info] GC(693)   Evacuate Collection Set: 1.9ms
[2024-10-12T10:38:14.899+0800][info] GC(693)   Post Evacuate Collection Set: 0.8ms
[2024-10-12T10:38:14.899+0800][info] GC(693)   Other: 0.4ms
[2024-10-12T10:38:14.899+0800][info] GC(693) Eden regions: 1->0(2)
[2024-10-12T10:38:14.899+0800][info] GC(693) Survivor regions: 1->1(1)
[2024-10-12T10:38:14.899+0800][info] GC(693) Old regions: 53->49
[2024-10-12T10:38:14.899+0800][info] GC(693) Archive regions: 2->2
[2024-10-12T10:38:14.899+0800][info] GC(693) Humongous regions: 3->3
[2024-10-12T10:38:14.900+0800][info] GC(693) Metaspace: 1696K(1856K)->1696K(1856K) NonClass: 1572K(1664K)->1572K(1664K) Class: 124K(192K)->124K(192K)
[2024-10-12T10:38:14.900+0800][info] GC(693) Pause Young (Mixed) (G1 Preventive Collection) 113M->104M(128M) 3.519ms
[2024-10-12T10:38:14.900+0800][info] GC(693) User=0.00s Sys=0.00s Real=0.00s
[2024-10-12T10:38:15.002+0800][info] GC(694) Pause Young (Mixed) (G1 Evacuation Pause)
[2024-10-12T10:38:15.002+0800][info] GC(694) Using 3 workers of 48 for evacuation
[2024-10-12T10:38:15.005+0800][info] GC(694)   Pre Evacuate Collection Set: 0.2ms
[2024-10-12T10:38:15.005+0800][info] GC(694)   Merge Heap Roots: 0.1ms
[2024-10-12T10:38:15.005+0800][info] GC(694)   Evacuate Collection Set: 2.1ms
[2024-10-12T10:38:15.005+0800][info] GC(694)   Post Evacuate Collection Set: 0.3ms
[2024-10-12T10:38:15.005+0800][info] GC(694)   Other: 0.2ms
[2024-10-12T10:38:15.005+0800][info] GC(694) Eden regions: 2->0(2)
[2024-10-12T10:38:15.005+0800][info] GC(694) Survivor regions: 1->1(1)
[2024-10-12T10:38:15.005+0800][info] GC(694) Old regions: 49->48
[2024-10-12T10:38:15.005+0800][info] GC(694) Archive regions: 2->2
[2024-10-12T10:38:15.005+0800][info] GC(694) Humongous regions: 3->3
[2024-10-12T10:38:15.005+0800][info] GC(694) Metaspace: 1696K(1856K)->1696K(1856K) NonClass: 1572K(1664K)->1572K(1664K) Class: 124K(192K)->124K(192K)
[2024-10-12T10:38:15.005+0800][info] GC(694) Pause Young (Mixed) (G1 Evacuation Pause) 108M->103M(128M) 2.948ms
[2024-10-12T10:38:15.005+0800][info] GC(694) User=0.00s Sys=0.00s Real=0.00s
[2024-10-12T10:38:15.108+0800][info] GC(695) Pause Young (Mixed) (G1 Evacuation Pause)
[2024-10-12T10:38:15.108+0800][info] GC(695) Using 3 workers of 48 for evacuation
[2024-10-12T10:38:15.110+0800][info] GC(695)   Pre Evacuate Collection Set: 0.2ms
[2024-10-12T10:38:15.110+0800][info] GC(695)   Merge Heap Roots: 0.0ms
[2024-10-12T10:38:15.110+0800][info] GC(695)   Evacuate Collection Set: 1.2ms
[2024-10-12T10:38:15.110+0800][info] GC(695)   Post Evacuate Collection Set: 0.2ms
[2024-10-12T10:38:15.110+0800][info] GC(695)   Other: 0.1ms
[2024-10-12T10:38:15.110+0800][info] GC(695) Eden regions: 2->0(2)
[2024-10-12T10:38:15.110+0800][info] GC(695) Survivor regions: 1->1(1)
[2024-10-12T10:38:15.110+0800][info] GC(695) Old regions: 48->50
[2024-10-12T10:38:15.110+0800][info] GC(695) Archive regions: 2->2
[2024-10-12T10:38:15.110+0800][info] GC(695) Humongous regions: 3->3
[2024-10-12T10:38:15.110+0800][info] GC(695) Metaspace: 1696K(1856K)->1696K(1856K) NonClass: 1572K(1664K)->1572K(1664K) Class: 124K(192K)->124K(192K)
[2024-10-12T10:38:15.110+0800][info] GC(695) Pause Young (Mixed) (G1 Evacuation Pause) 107M->107M(128M) 1.861ms
[2024-10-12T10:38:15.110+0800][info] GC(695) User=0.00s Sys=0.00s Real=0.00s
[2024-10-12T10:38:15.211+0800][info] GC(696) Pause Young (Concurrent Start) (G1 Evacuation Pause)
[2024-10-12T10:38:15.211+0800][info] GC(696) Using 3 workers of 48 for evacuation
[2024-10-12T10:38:15.214+0800][info] GC(696)   Pre Evacuate Collection Set: 0.1ms
[2024-10-12T10:38:15.214+0800][info] GC(696)   Merge Heap Roots: 0.1ms
[2024-10-12T10:38:15.214+0800][info] GC(696)   Evacuate Collection Set: 0.9ms
[2024-10-12T10:38:15.214+0800][info] GC(696)   Post Evacuate Collection Set: 0.2ms
[2024-10-12T10:38:15.214+0800][info] GC(696)   Other: 1.1ms
[2024-10-12T10:38:15.214+0800][info] GC(696) Eden regions: 2->0(2)
[2024-10-12T10:38:15.214+0800][info] GC(696) Survivor regions: 1->1(1)
[2024-10-12T10:38:15.214+0800][info] GC(696) Old regions: 50->52
[2024-10-12T10:38:15.214+0800][info] GC(696) Archive regions: 2->2
[2024-10-12T10:38:15.214+0800][info] GC(696) Humongous regions: 3->3
[2024-10-12T10:38:15.214+0800][info] GC(696) Metaspace: 1696K(1856K)->1696K(1856K) NonClass: 1572K(1664K)->1572K(1664K) Class: 124K(192K)->124K(192K)
[2024-10-12T10:38:15.214+0800][info] GC(696) Pause Young (Concurrent Start) (G1 Evacuation Pause) 110M->110M(128M) 2.493ms
[2024-10-12T10:38:15.214+0800][info] GC(696) User=0.01s Sys=0.00s Real=0.01s
[2024-10-12T10:38:15.214+0800][info] GC(697) Concurrent Mark Cycle
[2024-10-12T10:38:15.214+0800][info] GC(697) Concurrent Clear Claimed Marks
[2024-10-12T10:38:15.214+0800][info] GC(697) Concurrent Clear Claimed Marks 0.016ms
[2024-10-12T10:38:15.214+0800][info] GC(697) Concurrent Scan Root Regions
[2024-10-12T10:38:15.214+0800][info] GC(697) Concurrent Scan Root Regions 0.151ms
[2024-10-12T10:38:15.214+0800][info] GC(697) Concurrent Mark
[2024-10-12T10:38:15.214+0800][info] GC(697) Concurrent Mark From Roots
[2024-10-12T10:38:15.214+0800][info] GC(697) Using 12 workers of 12 for marking
[2024-10-12T10:38:15.218+0800][info] GC(697) Concurrent Mark From Roots 3.957ms
[2024-10-12T10:38:15.218+0800][info] GC(697) Concurrent Preclean
[2024-10-12T10:38:15.220+0800][info] GC(697) Concurrent Preclean 1.697ms
[2024-10-12T10:38:15.220+0800][info] GC(697) Pause Remark
[2024-10-12T10:38:15.223+0800][info] GC(697) Pause Remark 111M->111M(128M) 2.708ms
[2024-10-12T10:38:15.223+0800][info] GC(697) User=0.00s Sys=0.01s Real=0.00s
[2024-10-12T10:38:15.223+0800][info] GC(697) Concurrent Mark 8.636ms
[2024-10-12T10:38:15.223+0800][info] GC(697) Concurrent Rebuild Remembered Sets
[2024-10-12T10:38:15.224+0800][info] GC(697) Concurrent Rebuild Remembered Sets 1.308ms
[2024-10-12T10:38:15.224+0800][info] GC(697) Pause Cleanup
[2024-10-12T10:38:15.225+0800][info] GC(697) Pause Cleanup 111M->111M(128M) 0.194ms
[2024-10-12T10:38:15.225+0800][info] GC(697) User=0.00s Sys=0.00s Real=0.00s
[2024-10-12T10:38:15.225+0800][info] GC(697) Concurrent Cleanup for Next Mark
[2024-10-12T10:38:15.226+0800][info] GC(697) Concurrent Cleanup for Next Mark 1.078ms
[2024-10-12T10:38:15.226+0800][info] GC(697) Concurrent Mark Cycle 11.773ms
[2024-10-12T10:38:15.367+0800][info] GC(698) Pause Young (Prepare Mixed) (G1 Preventive Collection)
[2024-10-12T10:38:15.367+0800][info] GC(698) Using 3 workers of 48 for evacuation
[2024-10-12T10:38:15.368+0800][info] GC(698)   Pre Evacuate Collection Set: 0.1ms
[2024-10-12T10:38:15.368+0800][info] GC(698)   Merge Heap Roots: 0.0ms
[2024-10-12T10:38:15.368+0800][info] GC(698)   Evacuate Collection Set: 0.8ms
[2024-10-12T10:38:15.368+0800][info] GC(698)   Post Evacuate Collection Set: 0.2ms
[2024-10-12T10:38:15.368+0800][info] GC(698)   Other: 0.2ms
[2024-10-12T10:38:15.368+0800][info] GC(698) Eden regions: 2->0(2)
[2024-10-12T10:38:15.368+0800][info] GC(698) Survivor regions: 1->1(1)
[2024-10-12T10:38:15.368+0800][info] GC(698) Old regions: 52->54
[2024-10-12T10:38:15.369+0800][info] GC(698) Archive regions: 2->2
[2024-10-12T10:38:15.369+0800][info] GC(698) Humongous regions: 3->3
[2024-10-12T10:38:15.369+0800][info] GC(698) Metaspace: 1696K(1856K)->1696K(1856K) NonClass: 1572K(1664K)->1572K(1664K) Class: 124K(192K)->124K(192K)
[2024-10-12T10:38:15.369+0800][info] GC(698) Pause Young (Prepare Mixed) (G1 Preventive Collection) 114M->114M(128M) 1.480ms
[2024-10-12T10:38:15.369+0800][info] GC(698) User=0.00s Sys=0.00s Real=0.00s
[2024-10-12T10:38:15.430+0800][info] GC(699) Pause Young (Mixed) (G1 Preventive Collection)
[2024-10-12T10:38:15.430+0800][info] GC(699) Using 3 workers of 48 for evacuation
[2024-10-12T10:38:15.431+0800][info] GC(699) To-space exhausted
[2024-10-12T10:38:15.431+0800][info] GC(699)   Pre Evacuate Collection Set: 0.2ms
[2024-10-12T10:38:15.431+0800][info] GC(699)   Merge Heap Roots: 0.1ms
[2024-10-12T10:38:15.431+0800][info] GC(699)   Evacuate Collection Set: 1.0ms
[2024-10-12T10:38:15.431+0800][info] GC(699)   Post Evacuate Collection Set: 0.3ms
[2024-10-12T10:38:15.431+0800][info] GC(699)   Other: 0.2ms
[2024-10-12T10:38:15.431+0800][info] GC(699) Eden regions: 1->0(2)
[2024-10-12T10:38:15.432+0800][info] GC(699) Survivor regions: 1->1(1)
[2024-10-12T10:38:15.432+0800][info] GC(699) Old regions: 54->53
[2024-10-12T10:38:15.432+0800][info] GC(699) Archive regions: 2->2
[2024-10-12T10:38:15.432+0800][info] GC(699) Humongous regions: 3->3
[2024-10-12T10:38:15.432+0800][info] GC(699) Metaspace: 1696K(1856K)->1696K(1856K) NonClass: 1572K(1664K)->1572K(1664K) Class: 124K(192K)->124K(192K)
[2024-10-12T10:38:15.432+0800][info] GC(699) Pause Young (Mixed) (G1 Preventive Collection) 116M->114M(128M) 1.814ms
[2024-10-12T10:38:15.432+0800][info] GC(699) User=0.00s Sys=0.00s Real=0.00s
[2024-10-12T10:38:15.473+0800][info] GC(700) Pause Young (Mixed) (G1 Preventive Collection)
[2024-10-12T10:38:15.473+0800][info] GC(700) Using 3 workers of 48 for evacuation
[2024-10-12T10:38:15.474+0800][info] GC(700) To-space exhausted
[2024-10-12T10:38:15.474+0800][info] GC(700)   Pre Evacuate Collection Set: 0.2ms
[2024-10-12T10:38:15.475+0800][info] GC(700)   Merge Heap Roots: 0.1ms
[2024-10-12T10:38:15.475+0800][info] GC(700)   Evacuate Collection Set: 1.3ms
[2024-10-12T10:38:15.475+0800][info] GC(700)   Post Evacuate Collection Set: 0.3ms
[2024-10-12T10:38:15.475+0800][info] GC(700)   Other: 0.2ms
[2024-10-12T10:38:15.475+0800][info] GC(700) Eden regions: 1->0(2)
[2024-10-12T10:38:15.475+0800][info] GC(700) Survivor regions: 1->1(1)
[2024-10-12T10:38:15.475+0800][info] GC(700) Old regions: 53->56
[2024-10-12T10:38:15.475+0800][info] GC(700) Archive regions: 2->2
[2024-10-12T10:38:15.475+0800][info] GC(700) Humongous regions: 3->3
[2024-10-12T10:38:15.475+0800][info] GC(700) Metaspace: 1696K(1856K)->1696K(1856K) NonClass: 1572K(1664K)->1572K(1664K) Class: 124K(192K)->124K(192K)
[2024-10-12T10:38:15.475+0800][info] GC(700) Pause Young (Mixed) (G1 Preventive Collection) 115M->119M(128M) 2.114ms
[2024-10-12T10:38:15.475+0800][info] GC(700) User=0.01s Sys=0.00s Real=0.01s
[2024-10-12T10:38:15.536+0800][info] GC(701) Pause Young (Mixed) (G1 Preventive Collection)
[2024-10-12T10:38:15.536+0800][info] GC(701) Using 3 workers of 48 for evacuation
[2024-10-12T10:38:15.537+0800][info] GC(701) To-space exhausted
[2024-10-12T10:38:15.537+0800][info] GC(701)   Pre Evacuate Collection Set: 0.2ms
[2024-10-12T10:38:15.537+0800][info] GC(701)   Merge Heap Roots: 0.1ms
[2024-10-12T10:38:15.537+0800][info] GC(701)   Evacuate Collection Set: 0.4ms
[2024-10-12T10:38:15.537+0800][info] GC(701)   Post Evacuate Collection Set: 0.2ms
[2024-10-12T10:38:15.537+0800][info] GC(701)   Other: 0.1ms
[2024-10-12T10:38:15.537+0800][info] GC(701) Eden regions: 1->0(2)
[2024-10-12T10:38:15.537+0800][info] GC(701) Survivor regions: 1->1(1)
[2024-10-12T10:38:15.537+0800][info] GC(701) Old regions: 56->57
[2024-10-12T10:38:15.537+0800][info] GC(701) Archive regions: 2->2
[2024-10-12T10:38:15.537+0800][info] GC(701) Humongous regions: 3->3
[2024-10-12T10:38:15.537+0800][info] GC(701) Metaspace: 1696K(1856K)->1696K(1856K) NonClass: 1572K(1664K)->1572K(1664K) Class: 124K(192K)->124K(192K)
[2024-10-12T10:38:15.537+0800][info] GC(701) Pause Young (Mixed) (G1 Preventive Collection) 121M->121M(128M) 1.138ms
[2024-10-12T10:38:15.537+0800][info] GC(701) User=0.00s Sys=0.01s Real=0.00s
[2024-10-12T10:38:15.578+0800][info] GC(702) Pause Young (Concurrent Start) (G1 Evacuation Pause)
[2024-10-12T10:38:15.578+0800][info] GC(702) Using 3 workers of 48 for evacuation
[2024-10-12T10:38:15.579+0800][info] GC(702) To-space exhausted
[2024-10-12T10:38:15.579+0800][info] GC(702)   Pre Evacuate Collection Set: 0.1ms
[2024-10-12T10:38:15.579+0800][info] GC(702)   Merge Heap Roots: 0.0ms
[2024-10-12T10:38:15.579+0800][info] GC(702)   Evacuate Collection Set: 0.3ms
[2024-10-12T10:38:15.579+0800][info] GC(702)   Post Evacuate Collection Set: 0.2ms
[2024-10-12T10:38:15.579+0800][info] GC(702)   Other: 0.3ms
[2024-10-12T10:38:15.579+0800][info] GC(702) Eden regions: 1->0(3)
[2024-10-12T10:38:15.579+0800][info] GC(702) Survivor regions: 1->0(0)
[2024-10-12T10:38:15.579+0800][info] GC(702) Old regions: 57->59
[2024-10-12T10:38:15.579+0800][info] GC(702) Archive regions: 2->2
[2024-10-12T10:38:15.579+0800][info] GC(702) Humongous regions: 3->3
[2024-10-12T10:38:15.579+0800][info] GC(702) Metaspace: 1696K(1856K)->1696K(1856K) NonClass: 1572K(1664K)->1572K(1664K) Class: 124K(192K)->124K(192K)
[2024-10-12T10:38:15.579+0800][info] GC(702) Pause Young (Concurrent Start) (G1 Evacuation Pause) 123M->123M(128M) 1.101ms
[2024-10-12T10:38:15.579+0800][info] GC(702) User=0.00s Sys=0.00s Real=0.00s
[2024-10-12T10:38:15.580+0800][info] Attempting full compaction
[2024-10-12T10:38:15.580+0800][info] GC(703) Using 3 workers of 48 for full compaction
[2024-10-12T10:38:15.580+0800][info] GC(703) Pause Full (G1 Compaction Pause)
[2024-10-12T10:38:15.580+0800][info] GC(704) Concurrent Mark Cycle
[2024-10-12T10:38:15.580+0800][info] GC(704) Concurrent Clear Claimed Marks
[2024-10-12T10:38:15.580+0800][info] GC(704) Concurrent Clear Claimed Marks 0.017ms
[2024-10-12T10:38:15.580+0800][info] GC(704) Concurrent Scan Root Regions
[2024-10-12T10:38:15.580+0800][info] GC(704) Concurrent Scan Root Regions 0.010ms
[2024-10-12T10:38:15.580+0800][info] GC(704) Concurrent Mark
[2024-10-12T10:38:15.580+0800][info] GC(704) Concurrent Mark From Roots
[2024-10-12T10:38:15.580+0800][info] GC(704) Using 12 workers of 12 for marking
[2024-10-12T10:38:15.580+0800][info] GC(703) Phase 1: Mark live objects
[2024-10-12T10:38:15.583+0800][info] GC(703) Phase 1: Mark live objects 3.404ms
[2024-10-12T10:38:15.583+0800][info] GC(703) Phase 2: Prepare for compaction
[2024-10-12T10:38:15.584+0800][info] GC(703) Phase 2: Prepare for compaction 0.653ms
[2024-10-12T10:38:15.584+0800][info] GC(703) Phase 3: Adjust pointers
[2024-10-12T10:38:15.586+0800][info] GC(703) Phase 3: Adjust pointers 2.042ms
[2024-10-12T10:38:15.586+0800][info] GC(703) Phase 4: Compact heap
[2024-10-12T10:38:15.601+0800][info] GC(703) Phase 4: Compact heap 14.811ms
[2024-10-12T10:38:15.603+0800][info] GC(703) Eden regions: 0->0(4)
[2024-10-12T10:38:15.603+0800][info] GC(703) Survivor regions: 0->0(0)
[2024-10-12T10:38:15.603+0800][info] GC(703) Old regions: 59->38
[2024-10-12T10:38:15.603+0800][info] GC(703) Archive regions: 2->2
[2024-10-12T10:38:15.603+0800][info] GC(703) Humongous regions: 3->3
[2024-10-12T10:38:15.603+0800][info] GC(703) Metaspace: 1696K(1856K)->1696K(1856K) NonClass: 1572K(1664K)->1572K(1664K) Class: 124K(192K)->124K(192K)
[2024-10-12T10:38:15.603+0800][info] GC(703) Pause Full (G1 Compaction Pause) 123M->71M(128M) 23.390ms
[2024-10-12T10:38:15.603+0800][info] GC(703) User=0.03s Sys=0.01s Real=0.02s
[2024-10-12T10:38:15.603+0800][info] GC(704) Concurrent Mark From Roots 23.588ms
[2024-10-12T10:38:15.603+0800][info] GC(704) Concurrent Mark Abort
[2024-10-12T10:38:15.603+0800][info] GC(704) Concurrent Mark Cycle 23.809ms
[2024-10-12T10:38:15.828+0800][info] GC(705) Pause Young (Normal) (G1 Evacuation Pause)
[2024-10-12T10:38:15.828+0800][info] GC(705) Using 3 workers of 48 for evacuation
[2024-10-12T10:38:15.830+0800][info] GC(705)   Pre Evacuate Collection Set: 0.1ms
[2024-10-12T10:38:15.830+0800][info] GC(705)   Merge Heap Roots: 0.0ms
[2024-10-12T10:38:15.830+0800][info] GC(705)   Evacuate Collection Set: 1.0ms
[2024-10-12T10:38:15.830+0800][info] GC(705)   Post Evacuate Collection Set: 0.2ms
[2024-10-12T10:38:15.830+0800][info] GC(705)   Other: 0.2ms
[2024-10-12T10:38:15.830+0800][info] GC(705) Eden regions: 4->0(2)
[2024-10-12T10:38:15.830+0800][info] GC(705) Survivor regions: 0->1(1)
[2024-10-12T10:38:15.830+0800][info] GC(705) Old regions: 38->41
[2024-10-12T10:38:15.830+0800][info] GC(705) Archive regions: 2->2
[2024-10-12T10:38:15.830+0800][info] GC(705) Humongous regions: 3->3
[2024-10-12T10:38:15.830+0800][info] GC(705) Metaspace: 1696K(1856K)->1696K(1856K) NonClass: 1572K(1664K)->1572K(1664K) Class: 124K(192K)->124K(192K)
[2024-10-12T10:38:15.830+0800][info] GC(705) Pause Young (Normal) (G1 Evacuation Pause) 79M->79M(128M) 1.746ms
[2024-10-12T10:38:15.830+0800][info] GC(705) User=0.00s Sys=0.00s Real=0.00s
[2024-10-12T10:38:15.932+0800][info] GC(706) Pause Young (Normal) (G1 Evacuation Pause)
[2024-10-12T10:38:15.932+0800][info] GC(706) Using 3 workers of 48 for evacuation
[2024-10-12T10:38:15.933+0800][info] GC(706)   Pre Evacuate Collection Set: 0.1ms
[2024-10-12T10:38:15.933+0800][info] GC(706)   Merge Heap Roots: 0.0ms
[2024-10-12T10:38:15.933+0800][info] GC(706)   Evacuate Collection Set: 0.7ms
[2024-10-12T10:38:15.933+0800][info] GC(706)   Post Evacuate Collection Set: 0.2ms
[2024-10-12T10:38:15.933+0800][info] GC(706)   Other: 0.2ms
[2024-10-12T10:38:15.933+0800][info] GC(706) Eden regions: 2->0(2)
[2024-10-12T10:38:15.933+0800][info] GC(706) Survivor regions: 1->1(1)
[2024-10-12T10:38:15.933+0800][info] GC(706) Old regions: 41->43
[2024-10-12T10:38:15.933+0800][info] GC(706) Archive regions: 2->2
[2024-10-12T10:38:15.933+0800][info] GC(706) Humongous regions: 3->3
[2024-10-12T10:38:15.934+0800][info] GC(706) Metaspace: 1696K(1856K)->1696K(1856K) NonClass: 1572K(1664K)->1572K(1664K) Class: 124K(192K)->124K(192K)
[2024-10-12T10:38:15.934+0800][info] GC(706) Pause Young (Normal) (G1 Evacuation Pause) 83M->83M(128M) 1.409ms
[2024-10-12T10:38:15.934+0800][info] GC(706) User=0.00s Sys=0.00s Real=0.01s
[2024-10-12T10:38:16.035+0800][info] GC(707) Pause Young (Normal) (G1 Evacuation Pause)
[2024-10-12T10:38:16.035+0800][info] GC(707) Using 3 workers of 48 for evacuation
[2024-10-12T10:38:16.037+0800][info] GC(707)   Pre Evacuate Collection Set: 0.1ms
[2024-10-12T10:38:16.037+0800][info] GC(707)   Merge Heap Roots: 0.0ms
[2024-10-12T10:38:16.037+0800][info] GC(707)   Evacuate Collection Set: 0.7ms
[2024-10-12T10:38:16.037+0800][info] GC(707)   Post Evacuate Collection Set: 0.2ms
[2024-10-12T10:38:16.037+0800][info] GC(707)   Other: 0.2ms
[2024-10-12T10:38:16.037+0800][info] GC(707) Eden regions: 2->0(2)
[2024-10-12T10:38:16.037+0800][info] GC(707) Survivor regions: 1->1(1)
[2024-10-12T10:38:16.037+0800][info] GC(707) Old regions: 43->45
[2024-10-12T10:38:16.037+0800][info] GC(707) Archive regions: 2->2
[2024-10-12T10:38:16.037+0800][info] GC(707) Humongous regions: 3->3
[2024-10-12T10:38:16.037+0800][info] GC(707) Metaspace: 1696K(1856K)->1696K(1856K) NonClass: 1572K(1664K)->1572K(1664K) Class: 124K(192K)->124K(192K)
[2024-10-12T10:38:16.037+0800][info] GC(707) Pause Young (Normal) (G1 Evacuation Pause) 86M->87M(128M) 1.406ms
[2024-10-12T10:38:16.037+0800][info] GC(707) User=0.00s Sys=0.00s Real=0.00s
[2024-10-12T10:38:16.139+0800][info] GC(708) Pause Young (Normal) (G1 Evacuation Pause)
[2024-10-12T10:38:16.139+0800][info] GC(708) Using 3 workers of 48 for evacuation
[2024-10-12T10:38:16.140+0800][info] GC(708)   Pre Evacuate Collection Set: 0.1ms
[2024-10-12T10:38:16.140+0800][info] GC(708)   Merge Heap Roots: 0.0ms
[2024-10-12T10:38:16.140+0800][info] GC(708)   Evacuate Collection Set: 0.8ms
[2024-10-12T10:38:16.140+0800][info] GC(708)   Post Evacuate Collection Set: 0.2ms
[2024-10-12T10:38:16.140+0800][info] GC(708)   Other: 0.2ms
[2024-10-12T10:38:16.140+0800][info] GC(708) Eden regions: 2->0(2)
[2024-10-12T10:38:16.140+0800][info] GC(708) Survivor regions: 1->1(1)
[2024-10-12T10:38:16.140+0800][info] GC(708) Old regions: 45->47
[2024-10-12T10:38:16.140+0800][info] GC(708) Archive regions: 2->2
[2024-10-12T10:38:16.140+0800][info] GC(708) Humongous regions: 3->3
[2024-10-12T10:38:16.140+0800][info] GC(708) Metaspace: 1696K(1856K)->1696K(1856K) NonClass: 1572K(1664K)->1572K(1664K) Class: 124K(192K)->124K(192K)
[2024-10-12T10:38:16.140+0800][info] GC(708) Pause Young (Normal) (G1 Evacuation Pause) 90M->90M(128M) 1.419ms
[2024-10-12T10:38:16.140+0800][info] GC(708) User=0.01s Sys=0.00s Real=0.00s
[2024-10-12T10:38:16.242+0800][info] GC(709) Pause Young (Concurrent Start) (G1 Evacuation Pause)
[2024-10-12T10:38:16.242+0800][info] GC(709) Using 3 workers of 48 for evacuation
[2024-10-12T10:38:16.243+0800][info] GC(709)   Pre Evacuate Collection Set: 0.1ms
[2024-10-12T10:38:16.243+0800][info] GC(709)   Merge Heap Roots: 0.0ms
[2024-10-12T10:38:16.244+0800][info] GC(709)   Evacuate Collection Set: 0.8ms
[2024-10-12T10:38:16.244+0800][info] GC(709)   Post Evacuate Collection Set: 0.2ms
[2024-10-12T10:38:16.244+0800][info] GC(709)   Other: 0.3ms
[2024-10-12T10:38:16.244+0800][info] GC(709) Eden regions: 2->0(2)
[2024-10-12T10:38:16.244+0800][info] GC(709) Survivor regions: 1->1(1)
[2024-10-12T10:38:16.244+0800][info] GC(709) Old regions: 47->49
[2024-10-12T10:38:16.244+0800][info] GC(709) Archive regions: 2->2
[2024-10-12T10:38:16.244+0800][info] GC(709) Humongous regions: 3->3
[2024-10-12T10:38:16.244+0800][info] GC(709) Metaspace: 1696K(1856K)->1696K(1856K) NonClass: 1572K(1664K)->1572K(1664K) Class: 124K(192K)->124K(192K)
[2024-10-12T10:38:16.244+0800][info] GC(709) Pause Young (Concurrent Start) (G1 Evacuation Pause) 94M->94M(128M) 1.542ms
[2024-10-12T10:38:16.244+0800][info] GC(709) User=0.00s Sys=0.00s Real=0.00s
[2024-10-12T10:38:16.244+0800][info] GC(710) Concurrent Mark Cycle
[2024-10-12T10:38:16.244+0800][info] GC(710) Concurrent Clear Claimed Marks
[2024-10-12T10:38:16.244+0800][info] GC(710) Concurrent Clear Claimed Marks 0.017ms
[2024-10-12T10:38:16.244+0800][info] GC(710) Concurrent Scan Root Regions
[2024-10-12T10:38:16.244+0800][info] GC(710) Concurrent Scan Root Regions 0.110ms
[2024-10-12T10:38:16.244+0800][info] GC(710) Concurrent Mark
[2024-10-12T10:38:16.244+0800][info] GC(710) Concurrent Mark From Roots
[2024-10-12T10:38:16.244+0800][info] GC(710) Using 12 workers of 12 for marking
[2024-10-12T10:38:16.248+0800][info] GC(710) Concurrent Mark From Roots 3.557ms
[2024-10-12T10:38:16.248+0800][info] GC(710) Concurrent Preclean
[2024-10-12T10:38:16.249+0800][info] GC(710) Concurrent Preclean 1.726ms
[2024-10-12T10:38:16.249+0800][info] GC(710) Pause Remark
[2024-10-12T10:38:16.251+0800][info] GC(710) Pause Remark 95M->95M(128M) 1.543ms
[2024-10-12T10:38:16.251+0800][info] GC(710) User=0.00s Sys=0.00s Real=0.00s
[2024-10-12T10:38:16.251+0800][info] GC(710) Concurrent Mark 7.080ms
[2024-10-12T10:38:16.251+0800][info] GC(710) Concurrent Rebuild Remembered Sets
[2024-10-12T10:38:16.252+0800][info] GC(710) Concurrent Rebuild Remembered Sets 1.286ms
[2024-10-12T10:38:16.252+0800][info] GC(710) Pause Cleanup
[2024-10-12T10:38:16.253+0800][info] GC(710) Pause Cleanup 95M->95M(128M) 0.185ms
[2024-10-12T10:38:16.253+0800][info] GC(710) User=0.00s Sys=0.00s Real=0.00s
[2024-10-12T10:38:16.253+0800][info] GC(710) Concurrent Cleanup for Next Mark
[2024-10-12T10:38:16.253+0800][info] GC(710) Concurrent Cleanup for Next Mark 0.411ms
[2024-10-12T10:38:16.253+0800][info] GC(710) Concurrent Mark Cycle 9.385ms
[2024-10-12T10:38:16.397+0800][info] GC(711) Pause Young (Prepare Mixed) (G1 Evacuation Pause)
[2024-10-12T10:38:16.397+0800][info] GC(711) Using 3 workers of 48 for evacuation
[2024-10-12T10:38:16.398+0800][info] GC(711)   Pre Evacuate Collection Set: 0.1ms
[2024-10-12T10:38:16.398+0800][info] GC(711)   Merge Heap Roots: 0.1ms
[2024-10-12T10:38:16.398+0800][info] GC(711)   Evacuate Collection Set: 0.9ms
[2024-10-12T10:38:16.398+0800][info] GC(711)   Post Evacuate Collection Set: 0.2ms
[2024-10-12T10:38:16.398+0800][info] GC(711)   Other: 0.2ms
[2024-10-12T10:38:16.398+0800][info] GC(711) Eden regions: 2->0(2)
[2024-10-12T10:38:16.398+0800][info] GC(711) Survivor regions: 1->1(1)
[2024-10-12T10:38:16.398+0800][info] GC(711) Old regions: 49->51
[2024-10-12T10:38:16.398+0800][info] GC(711) Archive regions: 2->2
[2024-10-12T10:38:16.398+0800][info] GC(711) Humongous regions: 3->3
[2024-10-12T10:38:16.398+0800][info] GC(711) Metaspace: 1696K(1856K)->1696K(1856K) NonClass: 1572K(1664K)->1572K(1664K) Class: 124K(192K)->124K(192K)
[2024-10-12T10:38:16.398+0800][info] GC(711) Pause Young (Prepare Mixed) (G1 Evacuation Pause) 98M->98M(128M) 1.586ms
[2024-10-12T10:38:16.398+0800][info] GC(711) User=0.00s Sys=0.00s Real=0.00s
[2024-10-12T10:38:16.500+0800][info] GC(712) Pause Young (Mixed) (G1 Preventive Collection)
[2024-10-12T10:38:16.500+0800][info] GC(712) Using 3 workers of 48 for evacuation
[2024-10-12T10:38:16.502+0800][info] GC(712)   Pre Evacuate Collection Set: 0.2ms
[2024-10-12T10:38:16.502+0800][info] GC(712)   Merge Heap Roots: 0.0ms
[2024-10-12T10:38:16.502+0800][info] GC(712)   Evacuate Collection Set: 1.4ms
[2024-10-12T10:38:16.502+0800][info] GC(712)   Post Evacuate Collection Set: 0.2ms
[2024-10-12T10:38:16.502+0800][info] GC(712)   Other: 0.2ms
[2024-10-12T10:38:16.502+0800][info] GC(712) Eden regions: 2->0(2)
[2024-10-12T10:38:16.502+0800][info] GC(712) Survivor regions: 1->1(1)
[2024-10-12T10:38:16.502+0800][info] GC(712) Old regions: 51->48
[2024-10-12T10:38:16.502+0800][info] GC(712) Archive regions: 2->2
[2024-10-12T10:38:16.502+0800][info] GC(712) Humongous regions: 3->3
[2024-10-12T10:38:16.502+0800][info] GC(712) Metaspace: 1696K(1856K)->1696K(1856K) NonClass: 1572K(1664K)->1572K(1664K) Class: 124K(192K)->124K(192K)
[2024-10-12T10:38:16.502+0800][info] GC(712) Pause Young (Mixed) (G1 Preventive Collection) 102M->95M(128M) 2.123ms
[2024-10-12T10:38:16.502+0800][info] GC(712) User=0.00s Sys=0.00s Real=0.00s
[2024-10-12T10:38:16.604+0800][info] GC(713) Pause Young (Mixed) (G1 Evacuation Pause)
[2024-10-12T10:38:16.604+0800][info] GC(713) Using 3 workers of 48 for evacuation
[2024-10-12T10:38:16.606+0800][info] GC(713)   Pre Evacuate Collection Set: 0.2ms
[2024-10-12T10:38:16.606+0800][info] GC(713)   Merge Heap Roots: 0.0ms
[2024-10-12T10:38:16.606+0800][info] GC(713)   Evacuate Collection Set: 1.2ms
[2024-10-12T10:38:16.606+0800][info] GC(713)   Post Evacuate Collection Set: 0.2ms
[2024-10-12T10:38:16.606+0800][info] GC(713)   Other: 0.2ms
[2024-10-12T10:38:16.606+0800][info] GC(713) Eden regions: 2->0(2)
[2024-10-12T10:38:16.606+0800][info] GC(713) Survivor regions: 1->1(1)
[2024-10-12T10:38:16.606+0800][info] GC(713) Old regions: 48->48
[2024-10-12T10:38:16.606+0800][info] GC(713) Archive regions: 2->2
[2024-10-12T10:38:16.606+0800][info] GC(713) Humongous regions: 3->3
[2024-10-12T10:38:16.606+0800][info] GC(713) Metaspace: 1696K(1856K)->1696K(1856K) NonClass: 1572K(1664K)->1572K(1664K) Class: 124K(192K)->124K(192K)
[2024-10-12T10:38:16.606+0800][info] GC(713) Pause Young (Mixed) (G1 Evacuation Pause) 98M->95M(128M) 1.925ms
[2024-10-12T10:38:16.606+0800][info] GC(713) User=0.01s Sys=0.00s Real=0.01s
[2024-10-12T10:38:16.708+0800][info] GC(714) Pause Young (Normal) (G1 Evacuation Pause)
[2024-10-12T10:38:16.708+0800][info] GC(714) Using 3 workers of 48 for evacuation
[2024-10-12T10:38:16.709+0800][info] GC(714)   Pre Evacuate Collection Set: 0.1ms
[2024-10-12T10:38:16.709+0800][info] GC(714)   Merge Heap Roots: 0.0ms
[2024-10-12T10:38:16.709+0800][info] GC(714)   Evacuate Collection Set: 0.8ms
[2024-10-12T10:38:16.709+0800][info] GC(714)   Post Evacuate Collection Set: 0.2ms
[2024-10-12T10:38:16.709+0800][info] GC(714)   Other: 0.2ms
[2024-10-12T10:38:16.709+0800][info] GC(714) Eden regions: 2->0(2)
[2024-10-12T10:38:16.710+0800][info] GC(714) Survivor regions: 1->1(1)
[2024-10-12T10:38:16.710+0800][info] GC(714) Old regions: 48->50
[2024-10-12T10:38:16.710+0800][info] GC(714) Archive regions: 2->2
[2024-10-12T10:38:16.710+0800][info] GC(714) Humongous regions: 3->3
[2024-10-12T10:38:16.710+0800][info] GC(714) Metaspace: 1696K(1856K)->1696K(1856K) NonClass: 1572K(1664K)->1572K(1664K) Class: 124K(192K)->124K(192K)
[2024-10-12T10:38:16.710+0800][info] GC(714) Pause Young (Normal) (G1 Evacuation Pause) 99M->99M(128M) 1.497ms
[2024-10-12T10:38:16.710+0800][info] GC(714) User=0.00s Sys=0.00s Real=0.00s
[2024-10-12T10:38:16.791+0800][info] GC(715) Pause Young (Concurrent Start) (G1 Humongous Allocation)
[2024-10-12T10:38:16.791+0800][info] GC(715) Using 3 workers of 48 for evacuation
[2024-10-12T10:38:16.793+0800][info] GC(715)   Pre Evacuate Collection Set: 0.1ms
[2024-10-12T10:38:16.793+0800][info] GC(715)   Merge Heap Roots: 0.0ms
[2024-10-12T10:38:16.793+0800][info] GC(715)   Evacuate Collection Set: 0.8ms
[2024-10-12T10:38:16.793+0800][info] GC(715)   Post Evacuate Collection Set: 0.2ms
[2024-10-12T10:38:16.793+0800][info] GC(715)   Other: 0.4ms
[2024-10-12T10:38:16.793+0800][info] GC(715) Eden regions: 2->0(2)
[2024-10-12T10:38:16.793+0800][info] GC(715) Survivor regions: 1->1(1)
[2024-10-12T10:38:16.793+0800][info] GC(715) Old regions: 50->52
[2024-10-12T10:38:16.793+0800][info] GC(715) Archive regions: 2->2
[2024-10-12T10:38:16.793+0800][info] GC(715) Humongous regions: 3->3
[2024-10-12T10:38:16.793+0800][info] GC(715) Metaspace: 1696K(1856K)->1696K(1856K) NonClass: 1572K(1664K)->1572K(1664K) Class: 124K(192K)->124K(192K)
[2024-10-12T10:38:16.793+0800][info] GC(715) Pause Young (Concurrent Start) (G1 Humongous Allocation) 103M->103M(128M) 1.634ms
[2024-10-12T10:38:16.793+0800][info] GC(715) User=0.00s Sys=0.00s Real=0.00s
[2024-10-12T10:38:16.793+0800][info] GC(716) Concurrent Mark Cycle
[2024-10-12T10:38:16.793+0800][info] GC(716) Concurrent Clear Claimed Marks
[2024-10-12T10:38:16.793+0800][info] GC(716) Concurrent Clear Claimed Marks 0.017ms
[2024-10-12T10:38:16.793+0800][info] GC(716) Concurrent Scan Root Regions
[2024-10-12T10:38:16.793+0800][info] GC(716) Concurrent Scan Root Regions 0.146ms
[2024-10-12T10:38:16.793+0800][info] GC(716) Concurrent Mark
[2024-10-12T10:38:16.793+0800][info] GC(716) Concurrent Mark From Roots
[2024-10-12T10:38:16.793+0800][info] GC(716) Using 12 workers of 12 for marking
[2024-10-12T10:38:16.797+0800][info] GC(716) Concurrent Mark From Roots 3.544ms
[2024-10-12T10:38:16.797+0800][info] GC(716) Concurrent Preclean
[2024-10-12T10:38:16.798+0800][info] GC(716) Concurrent Preclean 1.729ms
[2024-10-12T10:38:16.799+0800][info] GC(716) Pause Remark
[2024-10-12T10:38:16.801+0800][info] GC(716) Pause Remark 105M->104M(128M) 2.075ms
[2024-10-12T10:38:16.801+0800][info] GC(716) User=0.01s Sys=0.00s Real=0.00s
[2024-10-12T10:38:16.801+0800][info] GC(716) Concurrent Mark 7.620ms
[2024-10-12T10:38:16.801+0800][info] GC(716) Concurrent Rebuild Remembered Sets
[2024-10-12T10:38:16.802+0800][info] GC(716) Concurrent Rebuild Remembered Sets 1.302ms
[2024-10-12T10:38:16.802+0800][info] GC(716) Pause Cleanup
[2024-10-12T10:38:16.802+0800][info] GC(716) Pause Cleanup 104M->104M(128M) 0.215ms
[2024-10-12T10:38:16.802+0800][info] GC(716) User=0.00s Sys=0.00s Real=0.00s
[2024-10-12T10:38:16.803+0800][info] GC(716) Concurrent Cleanup for Next Mark
[2024-10-12T10:38:16.803+0800][info] GC(716) Concurrent Cleanup for Next Mark 0.393ms
[2024-10-12T10:38:16.803+0800][info] GC(716) Concurrent Mark Cycle 10.035ms
[2024-10-12T10:38:16.967+0800][info] GC(717) Pause Young (Prepare Mixed) (G1 Preventive Collection)
[2024-10-12T10:38:16.967+0800][info] GC(717) Using 3 workers of 48 for evacuation
[2024-10-12T10:38:16.968+0800][info] GC(717)   Pre Evacuate Collection Set: 0.1ms
[2024-10-12T10:38:16.968+0800][info] GC(717)   Merge Heap Roots: 0.1ms
[2024-10-12T10:38:16.968+0800][info] GC(717)   Evacuate Collection Set: 0.8ms
[2024-10-12T10:38:16.968+0800][info] GC(717)   Post Evacuate Collection Set: 0.2ms
[2024-10-12T10:38:16.968+0800][info] GC(717)   Other: 0.2ms
[2024-10-12T10:38:16.968+0800][info] GC(717) Eden regions: 2->0(2)
[2024-10-12T10:38:16.968+0800][info] GC(717) Survivor regions: 1->1(1)
[2024-10-12T10:38:16.968+0800][info] GC(717) Old regions: 51->53
[2024-10-12T10:38:16.968+0800][info] GC(717) Archive regions: 2->2
[2024-10-12T10:38:16.968+0800][info] GC(717) Humongous regions: 4->3
[2024-10-12T10:38:16.968+0800][info] GC(717) Metaspace: 1696K(1856K)->1696K(1856K) NonClass: 1572K(1664K)->1572K(1664K) Class: 124K(192K)->124K(192K)
[2024-10-12T10:38:16.968+0800][info] GC(717) Pause Young (Prepare Mixed) (G1 Preventive Collection) 108M->106M(128M) 1.493ms
[2024-10-12T10:38:16.968+0800][info] GC(717) User=0.01s Sys=0.01s Real=0.00s
[2024-10-12T10:38:17.030+0800][info] GC(718) Pause Young (Mixed) (G1 Preventive Collection)
[2024-10-12T10:38:17.030+0800][info] GC(718) Using 3 workers of 48 for evacuation
[2024-10-12T10:38:17.031+0800][info] GC(718)   Pre Evacuate Collection Set: 0.2ms
[2024-10-12T10:38:17.031+0800][info] GC(718)   Merge Heap Roots: 0.0ms
[2024-10-12T10:38:17.031+0800][info] GC(718)   Evacuate Collection Set: 1.2ms
[2024-10-12T10:38:17.031+0800][info] GC(718)   Post Evacuate Collection Set: 0.2ms
[2024-10-12T10:38:17.031+0800][info] GC(718)   Other: 0.2ms
[2024-10-12T10:38:17.031+0800][info] GC(718) Eden regions: 1->0(2)
[2024-10-12T10:38:17.031+0800][info] GC(718) Survivor regions: 1->1(1)
[2024-10-12T10:38:17.031+0800][info] GC(718) Old regions: 53->49
[2024-10-12T10:38:17.031+0800][info] GC(718) Archive regions: 2->2
[2024-10-12T10:38:17.031+0800][info] GC(718) Humongous regions: 3->3
[2024-10-12T10:38:17.032+0800][info] GC(718) Metaspace: 1696K(1856K)->1696K(1856K) NonClass: 1572K(1664K)->1572K(1664K) Class: 124K(192K)->124K(192K)
[2024-10-12T10:38:17.032+0800][info] GC(718) Pause Young (Mixed) (G1 Preventive Collection) 108M->101M(128M) 1.954ms
[2024-10-12T10:38:17.032+0800][info] GC(718) User=0.00s Sys=0.00s Real=0.00s
[2024-10-12T10:38:17.134+0800][info] GC(719) Pause Young (Mixed) (G1 Evacuation Pause)
[2024-10-12T10:38:17.134+0800][info] GC(719) Using 3 workers of 48 for evacuation
[2024-10-12T10:38:17.136+0800][info] GC(719)   Pre Evacuate Collection Set: 0.2ms
[2024-10-12T10:38:17.136+0800][info] GC(719)   Merge Heap Roots: 0.1ms
[2024-10-12T10:38:17.136+0800][info] GC(719)   Evacuate Collection Set: 1.6ms
[2024-10-12T10:38:17.136+0800][info] GC(719)   Post Evacuate Collection Set: 0.2ms
[2024-10-12T10:38:17.136+0800][info] GC(719)   Other: 0.2ms
[2024-10-12T10:38:17.136+0800][info] GC(719) Eden regions: 2->0(2)
[2024-10-12T10:38:17.136+0800][info] GC(719) Survivor regions: 1->1(1)
[2024-10-12T10:38:17.136+0800][info] GC(719) Old regions: 49->48
[2024-10-12T10:38:17.136+0800][info] GC(719) Archive regions: 2->2
[2024-10-12T10:38:17.136+0800][info] GC(719) Humongous regions: 3->3
[2024-10-12T10:38:17.136+0800][info] GC(719) Metaspace: 1696K(1856K)->1696K(1856K) NonClass: 1572K(1664K)->1572K(1664K) Class: 124K(192K)->124K(192K)
[2024-10-12T10:38:17.136+0800][info] GC(719) Pause Young (Mixed) (G1 Evacuation Pause) 104M->100M(128M) 2.390ms
[2024-10-12T10:38:17.136+0800][info] GC(719) User=0.01s Sys=0.00s Real=0.00s
[2024-10-12T10:38:17.238+0800][info] GC(720) Pause Young (Mixed) (G1 Evacuation Pause)
[2024-10-12T10:38:17.238+0800][info] GC(720) Using 3 workers of 48 for evacuation
[2024-10-12T10:38:17.239+0800][info] GC(720)   Pre Evacuate Collection Set: 0.2ms
[2024-10-12T10:38:17.239+0800][info] GC(720)   Merge Heap Roots: 0.0ms
[2024-10-12T10:38:17.239+0800][info] GC(720)   Evacuate Collection Set: 0.8ms
[2024-10-12T10:38:17.239+0800][info] GC(720)   Post Evacuate Collection Set: 0.2ms
[2024-10-12T10:38:17.239+0800][info] GC(720)   Other: 0.2ms
[2024-10-12T10:38:17.239+0800][info] GC(720) Eden regions: 2->0(2)
[2024-10-12T10:38:17.239+0800][info] GC(720) Survivor regions: 1->1(1)
[2024-10-12T10:38:17.239+0800][info] GC(720) Old regions: 48->49
[2024-10-12T10:38:17.239+0800][info] GC(720) Archive regions: 2->2
[2024-10-12T10:38:17.239+0800][info] GC(720) Humongous regions: 3->3
[2024-10-12T10:38:17.239+0800][info] GC(720) Metaspace: 1696K(1856K)->1696K(1856K) NonClass: 1572K(1664K)->1572K(1664K) Class: 124K(192K)->124K(192K)
[2024-10-12T10:38:17.239+0800][info] GC(720) Pause Young (Mixed) (G1 Evacuation Pause) 103M->102M(128M) 1.523ms
[2024-10-12T10:38:17.239+0800][info] GC(720) User=0.00s Sys=0.00s Real=0.00s
[2024-10-12T10:38:17.342+0800][info] GC(721) Pause Young (Concurrent Start) (G1 Evacuation Pause)
[2024-10-12T10:38:17.342+0800][info] GC(721) Using 3 workers of 48 for evacuation
[2024-10-12T10:38:17.343+0800][info] GC(721)   Pre Evacuate Collection Set: 0.1ms
[2024-10-12T10:38:17.343+0800][info] GC(721)   Merge Heap Roots: 0.1ms
[2024-10-12T10:38:17.343+0800][info] GC(721)   Evacuate Collection Set: 0.8ms
[2024-10-12T10:38:17.343+0800][info] GC(721)   Post Evacuate Collection Set: 0.2ms
[2024-10-12T10:38:17.343+0800][info] GC(721)   Other: 0.3ms
[2024-10-12T10:38:17.343+0800][info] GC(721) Eden regions: 2->0(2)
[2024-10-12T10:38:17.343+0800][info] GC(721) Survivor regions: 1->1(1)
[2024-10-12T10:38:17.343+0800][info] GC(721) Old regions: 49->51
[2024-10-12T10:38:17.343+0800][info] GC(721) Archive regions: 2->2
[2024-10-12T10:38:17.343+0800][info] GC(721) Humongous regions: 3->3
[2024-10-12T10:38:17.343+0800][info] GC(721) Metaspace: 1696K(1856K)->1696K(1856K) NonClass: 1572K(1664K)->1572K(1664K) Class: 124K(192K)->124K(192K)
[2024-10-12T10:38:17.343+0800][info] GC(721) Pause Young (Concurrent Start) (G1 Evacuation Pause) 105M->106M(128M) 1.502ms
[2024-10-12T10:38:17.343+0800][info] GC(721) User=0.01s Sys=0.00s Real=0.00s
[2024-10-12T10:38:17.343+0800][info] GC(722) Concurrent Mark Cycle
[2024-10-12T10:38:17.343+0800][info] GC(722) Concurrent Clear Claimed Marks
[2024-10-12T10:38:17.343+0800][info] GC(722) Concurrent Clear Claimed Marks 0.016ms
[2024-10-12T10:38:17.343+0800][info] GC(722) Concurrent Scan Root Regions
[2024-10-12T10:38:17.343+0800][info] GC(722) Concurrent Scan Root Regions 0.161ms
[2024-10-12T10:38:17.343+0800][info] GC(722) Concurrent Mark
[2024-10-12T10:38:17.343+0800][info] GC(722) Concurrent Mark From Roots
[2024-10-12T10:38:17.343+0800][info] GC(722) Using 12 workers of 12 for marking
[2024-10-12T10:38:17.347+0800][info] GC(722) Concurrent Mark From Roots 4.091ms
[2024-10-12T10:38:17.348+0800][info] GC(722) Concurrent Preclean
[2024-10-12T10:38:17.349+0800][info] GC(722) Concurrent Preclean 1.742ms
[2024-10-12T10:38:17.349+0800][info] GC(722) Pause Remark
[2024-10-12T10:38:17.351+0800][info] GC(722) Pause Remark 106M->106M(128M) 1.684ms
[2024-10-12T10:38:17.351+0800][info] GC(722) User=0.00s Sys=0.00s Real=0.00s
[2024-10-12T10:38:17.351+0800][info] GC(722) Concurrent Mark 7.791ms
[2024-10-12T10:38:17.351+0800][info] GC(722) Concurrent Rebuild Remembered Sets
[2024-10-12T10:38:17.353+0800][info] GC(722) Concurrent Rebuild Remembered Sets 1.285ms
[2024-10-12T10:38:17.353+0800][info] GC(722) Pause Cleanup
[2024-10-12T10:38:17.353+0800][info] GC(722) Pause Cleanup 106M->106M(128M) 0.179ms
[2024-10-12T10:38:17.353+0800][info] GC(722) User=0.00s Sys=0.00s Real=0.00s
[2024-10-12T10:38:17.353+0800][info] GC(722) Concurrent Cleanup for Next Mark
[2024-10-12T10:38:17.353+0800][info] GC(722) Concurrent Cleanup for Next Mark 0.405ms
[2024-10-12T10:38:17.353+0800][info] GC(722) Concurrent Mark Cycle 10.111ms
[2024-10-12T10:38:17.496+0800][info] GC(723) Pause Young (Prepare Mixed) (G1 Evacuation Pause)
[2024-10-12T10:38:17.496+0800][info] GC(723) Using 3 workers of 48 for evacuation
[2024-10-12T10:38:17.497+0800][info] GC(723)   Pre Evacuate Collection Set: 0.1ms
[2024-10-12T10:38:17.497+0800][info] GC(723)   Merge Heap Roots: 0.1ms
[2024-10-12T10:38:17.497+0800][info] GC(723)   Evacuate Collection Set: 0.9ms
[2024-10-12T10:38:17.497+0800][info] GC(723)   Post Evacuate Collection Set: 0.2ms
[2024-10-12T10:38:17.497+0800][info] GC(723)   Other: 0.2ms
[2024-10-12T10:38:17.497+0800][info] GC(723) Eden regions: 2->0(2)
[2024-10-12T10:38:17.497+0800][info] GC(723) Survivor regions: 1->1(1)
[2024-10-12T10:38:17.497+0800][info] GC(723) Old regions: 51->53
[2024-10-12T10:38:17.497+0800][info] GC(723) Archive regions: 2->2
[2024-10-12T10:38:17.497+0800][info] GC(723) Humongous regions: 3->3
[2024-10-12T10:38:17.497+0800][info] GC(723) Metaspace: 1696K(1856K)->1696K(1856K) NonClass: 1572K(1664K)->1572K(1664K) Class: 124K(192K)->124K(192K)
[2024-10-12T10:38:17.497+0800][info] GC(723) Pause Young (Prepare Mixed) (G1 Evacuation Pause) 109M->110M(128M) 1.631ms
[2024-10-12T10:38:17.497+0800][info] GC(723) User=0.00s Sys=0.00s Real=0.00s
[2024-10-12T10:38:17.559+0800][info] GC(724) Pause Young (Mixed) (G1 Preventive Collection)
[2024-10-12T10:38:17.559+0800][info] GC(724) Using 3 workers of 48 for evacuation
[2024-10-12T10:38:17.561+0800][info] GC(724)   Pre Evacuate Collection Set: 0.2ms
[2024-10-12T10:38:17.561+0800][info] GC(724)   Merge Heap Roots: 0.1ms
[2024-10-12T10:38:17.561+0800][info] GC(724)   Evacuate Collection Set: 1.2ms
[2024-10-12T10:38:17.561+0800][info] GC(724)   Post Evacuate Collection Set: 0.2ms
[2024-10-12T10:38:17.561+0800][info] GC(724)   Other: 0.2ms
[2024-10-12T10:38:17.561+0800][info] GC(724) Eden regions: 1->0(2)
[2024-10-12T10:38:17.561+0800][info] GC(724) Survivor regions: 1->1(1)
[2024-10-12T10:38:17.561+0800][info] GC(724) Old regions: 53->49
[2024-10-12T10:38:17.561+0800][info] GC(724) Archive regions: 2->2
[2024-10-12T10:38:17.561+0800][info] GC(724) Humongous regions: 3->3
[2024-10-12T10:38:17.561+0800][info] GC(724) Metaspace: 1696K(1856K)->1696K(1856K) NonClass: 1572K(1664K)->1572K(1664K) Class: 124K(192K)->124K(192K)
[2024-10-12T10:38:17.561+0800][info] GC(724) Pause Young (Mixed) (G1 Preventive Collection) 111M->104M(128M) 1.953ms
[2024-10-12T10:38:17.561+0800][info] GC(724) User=0.01s Sys=0.00s Real=0.00s
[2024-10-12T10:38:17.663+0800][info] GC(725) Pause Young (Mixed) (G1 Evacuation Pause)
[2024-10-12T10:38:17.663+0800][info] GC(725) Using 3 workers of 48 for evacuation
[2024-10-12T10:38:17.665+0800][info] GC(725)   Pre Evacuate Collection Set: 0.2ms
[2024-10-12T10:38:17.665+0800][info] GC(725)   Merge Heap Roots: 0.1ms
[2024-10-12T10:38:17.665+0800][info] GC(725)   Evacuate Collection Set: 1.7ms
[2024-10-12T10:38:17.665+0800][info] GC(725)   Post Evacuate Collection Set: 0.2ms
[2024-10-12T10:38:17.665+0800][info] GC(725)   Other: 0.1ms
[2024-10-12T10:38:17.665+0800][info] GC(725) Eden regions: 2->0(2)
[2024-10-12T10:38:17.665+0800][info] GC(725) Survivor regions: 1->1(1)
[2024-10-12T10:38:17.665+0800][info] GC(725) Old regions: 49->48
[2024-10-12T10:38:17.665+0800][info] GC(725) Archive regions: 2->2
[2024-10-12T10:38:17.665+0800][info] GC(725) Humongous regions: 3->3
[2024-10-12T10:38:17.665+0800][info] GC(725) Metaspace: 1696K(1856K)->1696K(1856K) NonClass: 1572K(1664K)->1572K(1664K) Class: 124K(192K)->124K(192K)
[2024-10-12T10:38:17.665+0800][info] GC(725) Pause Young (Mixed) (G1 Evacuation Pause) 108M->101M(128M) 2.455ms
[2024-10-12T10:38:17.665+0800][info] GC(725) User=0.00s Sys=0.00s Real=0.01s
[2024-10-12T10:38:17.767+0800][info] GC(726) Pause Young (Mixed) (G1 Evacuation Pause)
[2024-10-12T10:38:17.767+0800][info] GC(726) Using 3 workers of 48 for evacuation
[2024-10-12T10:38:17.769+0800][info] GC(726)   Pre Evacuate Collection Set: 0.2ms
[2024-10-12T10:38:17.769+0800][info] GC(726)   Merge Heap Roots: 0.0ms
[2024-10-12T10:38:17.769+0800][info] GC(726)   Evacuate Collection Set: 1.0ms
[2024-10-12T10:38:17.769+0800][info] GC(726)   Post Evacuate Collection Set: 0.2ms
[2024-10-12T10:38:17.769+0800][info] GC(726)   Other: 0.1ms
[2024-10-12T10:38:17.769+0800][info] GC(726) Eden regions: 2->0(2)
[2024-10-12T10:38:17.769+0800][info] GC(726) Survivor regions: 1->1(1)
[2024-10-12T10:38:17.769+0800][info] GC(726) Old regions: 48->49
[2024-10-12T10:38:17.769+0800][info] GC(726) Archive regions: 2->2
[2024-10-12T10:38:17.769+0800][info] GC(726) Humongous regions: 3->3
[2024-10-12T10:38:17.769+0800][info] GC(726) Metaspace: 1696K(1856K)->1696K(1856K) NonClass: 1572K(1664K)->1572K(1664K) Class: 124K(192K)->124K(192K)
[2024-10-12T10:38:17.769+0800][info] GC(726) Pause Young (Mixed) (G1 Evacuation Pause) 105M->105M(128M) 1.724ms
[2024-10-12T10:38:17.769+0800][info] GC(726) User=0.00s Sys=0.00s Real=0.00s
[2024-10-12T10:38:17.871+0800][info] GC(727) Pause Young (Concurrent Start) (G1 Evacuation Pause)
[2024-10-12T10:38:17.871+0800][info] GC(727) Using 3 workers of 48 for evacuation
[2024-10-12T10:38:17.872+0800][info] GC(727)   Pre Evacuate Collection Set: 0.1ms
[2024-10-12T10:38:17.872+0800][info] GC(727)   Merge Heap Roots: 0.1ms
[2024-10-12T10:38:17.872+0800][info] GC(727)   Evacuate Collection Set: 0.7ms
[2024-10-12T10:38:17.872+0800][info] GC(727)   Post Evacuate Collection Set: 0.2ms
[2024-10-12T10:38:17.872+0800][info] GC(727)   Other: 0.4ms
[2024-10-12T10:38:17.872+0800][info] GC(727) Eden regions: 2->0(2)
[2024-10-12T10:38:17.872+0800][info] GC(727) Survivor regions: 1->1(1)
[2024-10-12T10:38:17.872+0800][info] GC(727) Old regions: 49->51
[2024-10-12T10:38:17.872+0800][info] GC(727) Archive regions: 2->2
[2024-10-12T10:38:17.872+0800][info] GC(727) Humongous regions: 3->3
[2024-10-12T10:38:17.872+0800][info] GC(727) Metaspace: 1696K(1856K)->1696K(1856K) NonClass: 1572K(1664K)->1572K(1664K) Class: 124K(192K)->124K(192K)
[2024-10-12T10:38:17.872+0800][info] GC(727) Pause Young (Concurrent Start) (G1 Evacuation Pause) 108M->109M(128M) 1.605ms
[2024-10-12T10:38:17.872+0800][info] GC(727) User=0.00s Sys=0.00s Real=0.00s
[2024-10-12T10:38:17.873+0800][info] GC(728) Concurrent Mark Cycle
[2024-10-12T10:38:17.873+0800][info] GC(728) Concurrent Clear Claimed Marks
[2024-10-12T10:38:17.873+0800][info] GC(728) Concurrent Clear Claimed Marks 0.017ms
[2024-10-12T10:38:17.873+0800][info] GC(728) Concurrent Scan Root Regions
[2024-10-12T10:38:17.873+0800][info] GC(728) Concurrent Scan Root Regions 0.107ms
[2024-10-12T10:38:17.873+0800][info] GC(728) Concurrent Mark
[2024-10-12T10:38:17.873+0800][info] GC(728) Concurrent Mark From Roots
[2024-10-12T10:38:17.873+0800][info] GC(728) Using 12 workers of 12 for marking
[2024-10-12T10:38:17.876+0800][info] GC(728) Concurrent Mark From Roots 3.620ms
[2024-10-12T10:38:17.876+0800][info] GC(728) Concurrent Preclean
[2024-10-12T10:38:17.878+0800][info] GC(728) Concurrent Preclean 1.709ms
[2024-10-12T10:38:17.878+0800][info] GC(728) Pause Remark
[2024-10-12T10:38:17.880+0800][info] GC(728) Pause Remark 109M->109M(128M) 1.536ms
[2024-10-12T10:38:17.880+0800][info] GC(728) User=0.00s Sys=0.00s Real=0.00s
[2024-10-12T10:38:17.880+0800][info] GC(728) Concurrent Mark 7.177ms
[2024-10-12T10:38:17.880+0800][info] GC(728) Concurrent Rebuild Remembered Sets
[2024-10-12T10:38:17.882+0800][info] GC(728) Concurrent Rebuild Remembered Sets 1.681ms
[2024-10-12T10:38:17.882+0800][info] GC(728) Pause Cleanup
[2024-10-12T10:38:17.882+0800][info] GC(728) Pause Cleanup 109M->109M(128M) 0.242ms
[2024-10-12T10:38:17.882+0800][info] GC(728) User=0.00s Sys=0.00s Real=0.00s
[2024-10-12T10:38:17.882+0800][info] GC(728) Concurrent Cleanup for Next Mark
[2024-10-12T10:38:17.882+0800][info] GC(728) Concurrent Cleanup for Next Mark 0.390ms
[2024-10-12T10:38:17.882+0800][info] GC(728) Concurrent Mark Cycle 9.951ms
[2024-10-12T10:38:18.025+0800][info] GC(729) Pause Young (Prepare Mixed) (G1 Evacuation Pause)
[2024-10-12T10:38:18.025+0800][info] GC(729) Using 3 workers of 48 for evacuation
[2024-10-12T10:38:18.027+0800][info] GC(729)   Pre Evacuate Collection Set: 0.1ms
[2024-10-12T10:38:18.027+0800][info] GC(729)   Merge Heap Roots: 0.1ms
[2024-10-12T10:38:18.027+0800][info] GC(729)   Evacuate Collection Set: 0.9ms
[2024-10-12T10:38:18.027+0800][info] GC(729)   Post Evacuate Collection Set: 0.2ms
[2024-10-12T10:38:18.027+0800][info] GC(729)   Other: 0.2ms
[2024-10-12T10:38:18.027+0800][info] GC(729) Eden regions: 2->0(2)
[2024-10-12T10:38:18.027+0800][info] GC(729) Survivor regions: 1->1(1)
[2024-10-12T10:38:18.027+0800][info] GC(729) Old regions: 51->53
[2024-10-12T10:38:18.027+0800][info] GC(729) Archive regions: 2->2
[2024-10-12T10:38:18.027+0800][info] GC(729) Humongous regions: 3->3
[2024-10-12T10:38:18.027+0800][info] GC(729) Metaspace: 1696K(1856K)->1696K(1856K) NonClass: 1572K(1664K)->1572K(1664K) Class: 124K(192K)->124K(192K)
[2024-10-12T10:38:18.027+0800][info] GC(729) Pause Young (Prepare Mixed) (G1 Evacuation Pause) 112M->112M(128M) 1.581ms
[2024-10-12T10:38:18.027+0800][info] GC(729) User=0.00s Sys=0.00s Real=0.00s
[2024-10-12T10:38:18.088+0800][info] GC(730) Pause Young (Mixed) (G1 Preventive Collection)
[2024-10-12T10:38:18.088+0800][info] GC(730) Using 3 workers of 48 for evacuation
[2024-10-12T10:38:18.090+0800][info] GC(730)   Pre Evacuate Collection Set: 0.2ms
[2024-10-12T10:38:18.090+0800][info] GC(730)   Merge Heap Roots: 0.0ms
[2024-10-12T10:38:18.090+0800][info] GC(730)   Evacuate Collection Set: 1.1ms
[2024-10-12T10:38:18.090+0800][info] GC(730)   Post Evacuate Collection Set: 0.2ms
[2024-10-12T10:38:18.090+0800][info] GC(730)   Other: 0.2ms
[2024-10-12T10:38:18.090+0800][info] GC(730) Eden regions: 1->0(2)
[2024-10-12T10:38:18.090+0800][info] GC(730) Survivor regions: 1->1(1)
[2024-10-12T10:38:18.090+0800][info] GC(730) Old regions: 53->49
[2024-10-12T10:38:18.090+0800][info] GC(730) Archive regions: 2->2
[2024-10-12T10:38:18.090+0800][info] GC(730) Humongous regions: 3->3
[2024-10-12T10:38:18.090+0800][info] GC(730) Metaspace: 1696K(1856K)->1696K(1856K) NonClass: 1572K(1664K)->1572K(1664K) Class: 124K(192K)->124K(192K)
[2024-10-12T10:38:18.090+0800][info] GC(730) Pause Young (Mixed) (G1 Preventive Collection) 114M->105M(128M) 1.812ms
[2024-10-12T10:38:18.090+0800][info] GC(730) User=0.00s Sys=0.00s Real=0.00s
[2024-10-12T10:38:18.192+0800][info] GC(731) Pause Young (Mixed) (G1 Evacuation Pause)
[2024-10-12T10:38:18.192+0800][info] GC(731) Using 3 workers of 48 for evacuation
[2024-10-12T10:38:18.194+0800][info] GC(731)   Pre Evacuate Collection Set: 0.2ms
[2024-10-12T10:38:18.194+0800][info] GC(731)   Merge Heap Roots: 0.1ms
[2024-10-12T10:38:18.194+0800][info] GC(731)   Evacuate Collection Set: 1.8ms
[2024-10-12T10:38:18.194+0800][info] GC(731)   Post Evacuate Collection Set: 0.2ms
[2024-10-12T10:38:18.194+0800][info] GC(731)   Other: 0.1ms
[2024-10-12T10:38:18.194+0800][info] GC(731) Eden regions: 2->0(2)
[2024-10-12T10:38:18.194+0800][info] GC(731) Survivor regions: 1->1(1)
[2024-10-12T10:38:18.194+0800][info] GC(731) Old regions: 49->48
[2024-10-12T10:38:18.194+0800][info] GC(731) Archive regions: 2->2
[2024-10-12T10:38:18.194+0800][info] GC(731) Humongous regions: 3->3
[2024-10-12T10:38:18.194+0800][info] GC(731) Metaspace: 1696K(1856K)->1696K(1856K) NonClass: 1572K(1664K)->1572K(1664K) Class: 124K(192K)->124K(192K)
[2024-10-12T10:38:18.194+0800][info] GC(731) Pause Young (Mixed) (G1 Evacuation Pause) 109M->104M(128M) 2.529ms
[2024-10-12T10:38:18.194+0800][info] GC(731) User=0.00s Sys=0.00s Real=0.01s
[2024-10-12T10:38:18.296+0800][info] GC(732) Pause Young (Mixed) (G1 Evacuation Pause)
[2024-10-12T10:38:18.296+0800][info] GC(732) Using 3 workers of 48 for evacuation
[2024-10-12T10:38:18.298+0800][info] GC(732)   Pre Evacuate Collection Set: 0.2ms
[2024-10-12T10:38:18.298+0800][info] GC(732)   Merge Heap Roots: 0.1ms
[2024-10-12T10:38:18.298+0800][info] GC(732)   Evacuate Collection Set: 1.2ms
[2024-10-12T10:38:18.298+0800][info] GC(732)   Post Evacuate Collection Set: 0.2ms
[2024-10-12T10:38:18.298+0800][info] GC(732)   Other: 0.1ms
[2024-10-12T10:38:18.298+0800][info] GC(732) Eden regions: 2->0(2)
[2024-10-12T10:38:18.298+0800][info] GC(732) Survivor regions: 1->1(1)
[2024-10-12T10:38:18.298+0800][info] GC(732) Old regions: 48->49
[2024-10-12T10:38:18.298+0800][info] GC(732) Archive regions: 2->2
[2024-10-12T10:38:18.298+0800][info] GC(732) Humongous regions: 3->3
[2024-10-12T10:38:18.298+0800][info] GC(732) Metaspace: 1696K(1856K)->1696K(1856K) NonClass: 1572K(1664K)->1572K(1664K) Class: 124K(192K)->124K(192K)
[2024-10-12T10:38:18.298+0800][info] GC(732) Pause Young (Mixed) (G1 Evacuation Pause) 107M->105M(128M) 1.875ms
[2024-10-12T10:38:18.298+0800][info] GC(732) User=0.01s Sys=0.00s Real=0.00s
[2024-10-12T10:38:18.400+0800][info] GC(733) Pause Young (Normal) (G1 Evacuation Pause)
[2024-10-12T10:38:18.400+0800][info] GC(733) Using 3 workers of 48 for evacuation
[2024-10-12T10:38:18.401+0800][info] GC(733)   Pre Evacuate Collection Set: 0.1ms
[2024-10-12T10:38:18.401+0800][info] GC(733)   Merge Heap Roots: 0.0ms
[2024-10-12T10:38:18.401+0800][info] GC(733)   Evacuate Collection Set: 0.8ms
[2024-10-12T10:38:18.401+0800][info] GC(733)   Post Evacuate Collection Set: 0.2ms
[2024-10-12T10:38:18.401+0800][info] GC(733)   Other: 0.2ms
[2024-10-12T10:38:18.401+0800][info] GC(733) Eden regions: 2->0(2)
[2024-10-12T10:38:18.401+0800][info] GC(733) Survivor regions: 1->1(1)
[2024-10-12T10:38:18.401+0800][info] GC(733) Old regions: 49->51
[2024-10-12T10:38:18.401+0800][info] GC(733) Archive regions: 2->2
[2024-10-12T10:38:18.401+0800][info] GC(733) Humongous regions: 3->3
[2024-10-12T10:38:18.401+0800][info] GC(733) Metaspace: 1696K(1856K)->1696K(1856K) NonClass: 1572K(1664K)->1572K(1664K) Class: 124K(192K)->124K(192K)
[2024-10-12T10:38:18.401+0800][info] GC(733) Pause Young (Normal) (G1 Evacuation Pause) 109M->109M(128M) 1.447ms
[2024-10-12T10:38:18.401+0800][info] GC(733) User=0.00s Sys=0.01s Real=0.00s
[2024-10-12T10:38:18.503+0800][info] GC(734) Pause Young (Concurrent Start) (G1 Evacuation Pause)
[2024-10-12T10:38:18.503+0800][info] GC(734) Using 3 workers of 48 for evacuation
[2024-10-12T10:38:18.505+0800][info] GC(734)   Pre Evacuate Collection Set: 0.1ms
[2024-10-12T10:38:18.505+0800][info] GC(734)   Merge Heap Roots: 0.0ms
[2024-10-12T10:38:18.505+0800][info] GC(734)   Evacuate Collection Set: 0.9ms
[2024-10-12T10:38:18.505+0800][info] GC(734)   Post Evacuate Collection Set: 0.2ms
[2024-10-12T10:38:18.505+0800][info] GC(734)   Other: 0.3ms
[2024-10-12T10:38:18.505+0800][info] GC(734) Eden regions: 2->0(2)
[2024-10-12T10:38:18.505+0800][info] GC(734) Survivor regions: 1->1(1)
[2024-10-12T10:38:18.505+0800][info] GC(734) Old regions: 51->53
[2024-10-12T10:38:18.505+0800][info] GC(734) Archive regions: 2->2
[2024-10-12T10:38:18.505+0800][info] GC(734) Humongous regions: 3->3
[2024-10-12T10:38:18.505+0800][info] GC(734) Metaspace: 1696K(1856K)->1696K(1856K) NonClass: 1572K(1664K)->1572K(1664K) Class: 124K(192K)->124K(192K)
[2024-10-12T10:38:18.505+0800][info] GC(734) Pause Young (Concurrent Start) (G1 Evacuation Pause) 113M->113M(128M) 1.623ms
[2024-10-12T10:38:18.505+0800][info] GC(734) User=0.00s Sys=0.00s Real=0.00s
[2024-10-12T10:38:18.505+0800][info] GC(735) Concurrent Mark Cycle
[2024-10-12T10:38:18.505+0800][info] GC(735) Concurrent Clear Claimed Marks
[2024-10-12T10:38:18.505+0800][info] GC(735) Concurrent Clear Claimed Marks 0.017ms
[2024-10-12T10:38:18.505+0800][info] GC(735) Concurrent Scan Root Regions
[2024-10-12T10:38:18.505+0800][info] GC(735) Concurrent Scan Root Regions 0.163ms
[2024-10-12T10:38:18.505+0800][info] GC(735) Concurrent Mark
[2024-10-12T10:38:18.505+0800][info] GC(735) Concurrent Mark From Roots
[2024-10-12T10:38:18.505+0800][info] GC(735) Using 12 workers of 12 for marking
[2024-10-12T10:38:18.509+0800][info] GC(735) Concurrent Mark From Roots 3.460ms
[2024-10-12T10:38:18.509+0800][info] GC(735) Concurrent Preclean
[2024-10-12T10:38:18.511+0800][info] GC(735) Concurrent Preclean 1.715ms
[2024-10-12T10:38:18.511+0800][info] GC(735) Pause Remark
[2024-10-12T10:38:18.512+0800][info] GC(735) Pause Remark 114M->114M(128M) 1.507ms
[2024-10-12T10:38:18.512+0800][info] GC(735) User=0.00s Sys=0.00s Real=0.00s
[2024-10-12T10:38:18.512+0800][info] GC(735) Concurrent Mark 6.948ms
[2024-10-12T10:38:18.512+0800][info] GC(735) Concurrent Rebuild Remembered Sets
[2024-10-12T10:38:18.514+0800][info] GC(735) Concurrent Rebuild Remembered Sets 1.332ms
[2024-10-12T10:38:18.514+0800][info] GC(735) Pause Cleanup
[2024-10-12T10:38:18.514+0800][info] GC(735) Pause Cleanup 114M->114M(128M) 0.266ms
[2024-10-12T10:38:18.514+0800][info] GC(735) User=0.00s Sys=0.00s Real=0.00s
[2024-10-12T10:38:18.514+0800][info] GC(735) Concurrent Cleanup for Next Mark
[2024-10-12T10:38:18.515+0800][info] GC(735) Concurrent Cleanup for Next Mark 0.392ms
[2024-10-12T10:38:18.515+0800][info] GC(735) Concurrent Mark Cycle 9.455ms
[2024-10-12T10:38:18.658+0800][info] GC(736) Pause Young (Prepare Mixed) (G1 Preventive Collection)
[2024-10-12T10:38:18.658+0800][info] GC(736) Using 3 workers of 48 for evacuation
[2024-10-12T10:38:18.659+0800][info] GC(736)   Pre Evacuate Collection Set: 0.1ms
[2024-10-12T10:38:18.659+0800][info] GC(736)   Merge Heap Roots: 0.1ms
[2024-10-12T10:38:18.659+0800][info] GC(736)   Evacuate Collection Set: 0.9ms
[2024-10-12T10:38:18.659+0800][info] GC(736)   Post Evacuate Collection Set: 0.2ms
[2024-10-12T10:38:18.659+0800][info] GC(736)   Other: 0.2ms
[2024-10-12T10:38:18.659+0800][info] GC(736) Eden regions: 2->0(2)
[2024-10-12T10:38:18.659+0800][info] GC(736) Survivor regions: 1->1(1)
[2024-10-12T10:38:18.659+0800][info] GC(736) Old regions: 53->55
[2024-10-12T10:38:18.659+0800][info] GC(736) Archive regions: 2->2
[2024-10-12T10:38:18.659+0800][info] GC(736) Humongous regions: 3->3
[2024-10-12T10:38:18.659+0800][info] GC(736) Metaspace: 1696K(1856K)->1696K(1856K) NonClass: 1572K(1664K)->1572K(1664K) Class: 124K(192K)->124K(192K)
[2024-10-12T10:38:18.659+0800][info] GC(736) Pause Young (Prepare Mixed) (G1 Preventive Collection) 116M->117M(128M) 1.631ms
[2024-10-12T10:38:18.659+0800][info] GC(736) User=0.00s Sys=0.00s Real=0.00s
[2024-10-12T10:38:18.721+0800][info] GC(737) Pause Young (Mixed) (G1 Preventive Collection)
[2024-10-12T10:38:18.721+0800][info] GC(737) Using 3 workers of 48 for evacuation
[2024-10-12T10:38:18.722+0800][info] GC(737) To-space exhausted
[2024-10-12T10:38:18.722+0800][info] GC(737)   Pre Evacuate Collection Set: 0.2ms
[2024-10-12T10:38:18.722+0800][info] GC(737)   Merge Heap Roots: 0.1ms
[2024-10-12T10:38:18.722+0800][info] GC(737)   Evacuate Collection Set: 0.7ms
[2024-10-12T10:38:18.722+0800][info] GC(737)   Post Evacuate Collection Set: 0.2ms
[2024-10-12T10:38:18.722+0800][info] GC(737)   Other: 0.2ms
[2024-10-12T10:38:18.722+0800][info] GC(737) Eden regions: 1->0(2)
[2024-10-12T10:38:18.722+0800][info] GC(737) Survivor regions: 1->1(1)
[2024-10-12T10:38:18.722+0800][info] GC(737) Old regions: 55->55
[2024-10-12T10:38:18.722+0800][info] GC(737) Archive regions: 2->2
[2024-10-12T10:38:18.722+0800][info] GC(737) Humongous regions: 3->3
[2024-10-12T10:38:18.722+0800][info] GC(737) Metaspace: 1696K(1856K)->1696K(1856K) NonClass: 1572K(1664K)->1572K(1664K) Class: 124K(192K)->124K(192K)
[2024-10-12T10:38:18.722+0800][info] GC(737) Pause Young (Mixed) (G1 Preventive Collection) 119M->118M(128M) 1.451ms
[2024-10-12T10:38:18.722+0800][info] GC(737) User=0.00s Sys=0.00s Real=0.00s
[2024-10-12T10:38:18.763+0800][info] GC(738) Pause Young (Mixed) (G1 Preventive Collection)
[2024-10-12T10:38:18.763+0800][info] GC(738) Using 3 workers of 48 for evacuation
[2024-10-12T10:38:18.765+0800][info] GC(738) To-space exhausted
[2024-10-12T10:38:18.765+0800][info] GC(738)   Pre Evacuate Collection Set: 0.2ms
[2024-10-12T10:38:18.765+0800][info] GC(738)   Merge Heap Roots: 0.0ms
[2024-10-12T10:38:18.765+0800][info] GC(738)   Evacuate Collection Set: 0.8ms
[2024-10-12T10:38:18.765+0800][info] GC(738)   Post Evacuate Collection Set: 0.2ms
[2024-10-12T10:38:18.765+0800][info] GC(738)   Other: 0.2ms
[2024-10-12T10:38:18.765+0800][info] GC(738) Eden regions: 1->0(2)
[2024-10-12T10:38:18.765+0800][info] GC(738) Survivor regions: 1->1(1)
[2024-10-12T10:38:18.765+0800][info] GC(738) Old regions: 55->56
[2024-10-12T10:38:18.765+0800][info] GC(738) Archive regions: 2->2
[2024-10-12T10:38:18.765+0800][info] GC(738) Humongous regions: 3->3
[2024-10-12T10:38:18.765+0800][info] GC(738) Metaspace: 1696K(1856K)->1696K(1856K) NonClass: 1572K(1664K)->1572K(1664K) Class: 124K(192K)->124K(192K)
[2024-10-12T10:38:18.765+0800][info] GC(738) Pause Young (Mixed) (G1 Preventive Collection) 120M->120M(128M) 1.535ms
[2024-10-12T10:38:18.765+0800][info] GC(738) User=0.00s Sys=0.00s Real=0.00s
[2024-10-12T10:38:18.826+0800][info] GC(739) Pause Young (Mixed) (G1 Preventive Collection)
[2024-10-12T10:38:18.826+0800][info] GC(739) Using 3 workers of 48 for evacuation
[2024-10-12T10:38:18.827+0800][info] GC(739) To-space exhausted
[2024-10-12T10:38:18.827+0800][info] GC(739)   Pre Evacuate Collection Set: 0.2ms
[2024-10-12T10:38:18.827+0800][info] GC(739)   Merge Heap Roots: 0.1ms
[2024-10-12T10:38:18.827+0800][info] GC(739)   Evacuate Collection Set: 0.4ms
[2024-10-12T10:38:18.827+0800][info] GC(739)   Post Evacuate Collection Set: 0.2ms
[2024-10-12T10:38:18.827+0800][info] GC(739)   Other: 0.1ms
[2024-10-12T10:38:18.827+0800][info] GC(739) Eden regions: 1->0(2)
[2024-10-12T10:38:18.827+0800][info] GC(739) Survivor regions: 1->1(1)
[2024-10-12T10:38:18.827+0800][info] GC(739) Old regions: 56->57
[2024-10-12T10:38:18.827+0800][info] GC(739) Archive regions: 2->2
[2024-10-12T10:38:18.827+0800][info] GC(739) Humongous regions: 3->3
[2024-10-12T10:38:18.827+0800][info] GC(739) Metaspace: 1696K(1856K)->1696K(1856K) NonClass: 1572K(1664K)->1572K(1664K) Class: 124K(192K)->124K(192K)
[2024-10-12T10:38:18.827+0800][info] GC(739) Pause Young (Mixed) (G1 Preventive Collection) 122M->122M(128M) 1.111ms
[2024-10-12T10:38:18.827+0800][info] GC(739) User=0.00s Sys=0.00s Real=0.00s
[2024-10-12T10:38:18.868+0800][info] GC(740) Pause Young (Concurrent Start) (G1 Evacuation Pause)
[2024-10-12T10:38:18.868+0800][info] GC(740) Using 3 workers of 48 for evacuation
[2024-10-12T10:38:18.869+0800][info] GC(740) To-space exhausted
[2024-10-12T10:38:18.869+0800][info] GC(740)   Pre Evacuate Collection Set: 0.1ms
[2024-10-12T10:38:18.869+0800][info] GC(740)   Merge Heap Roots: 0.0ms
[2024-10-12T10:38:18.869+0800][info] GC(740)   Evacuate Collection Set: 0.2ms
[2024-10-12T10:38:18.869+0800][info] GC(740)   Post Evacuate Collection Set: 0.2ms
[2024-10-12T10:38:18.869+0800][info] GC(740)   Other: 0.3ms
[2024-10-12T10:38:18.869+0800][info] GC(740) Eden regions: 1->0(3)
[2024-10-12T10:38:18.869+0800][info] GC(740) Survivor regions: 1->0(0)
[2024-10-12T10:38:18.869+0800][info] GC(740) Old regions: 57->59
[2024-10-12T10:38:18.869+0800][info] GC(740) Archive regions: 2->2
[2024-10-12T10:38:18.869+0800][info] GC(740) Humongous regions: 3->3
[2024-10-12T10:38:18.869+0800][info] GC(740) Metaspace: 1696K(1856K)->1696K(1856K) NonClass: 1572K(1664K)->1572K(1664K) Class: 124K(192K)->124K(192K)
[2024-10-12T10:38:18.869+0800][info] GC(740) Pause Young (Concurrent Start) (G1 Evacuation Pause) 123M->123M(128M) 1.042ms
[2024-10-12T10:38:18.869+0800][info] GC(740) User=0.01s Sys=0.00s Real=0.00s
[2024-10-12T10:38:18.869+0800][info] Attempting full compaction
[2024-10-12T10:38:18.869+0800][info] GC(741) Using 3 workers of 48 for full compaction
[2024-10-12T10:38:18.869+0800][info] GC(741) Pause Full (G1 Compaction Pause)
[2024-10-12T10:38:18.869+0800][info] GC(742) Concurrent Mark Cycle
[2024-10-12T10:38:18.869+0800][info] GC(742) Concurrent Clear Claimed Marks
[2024-10-12T10:38:18.869+0800][info] GC(742) Concurrent Clear Claimed Marks 0.016ms
[2024-10-12T10:38:18.869+0800][info] GC(742) Concurrent Scan Root Regions
[2024-10-12T10:38:18.869+0800][info] GC(742) Concurrent Scan Root Regions 0.031ms
[2024-10-12T10:38:18.869+0800][info] GC(742) Concurrent Mark
[2024-10-12T10:38:18.869+0800][info] GC(742) Concurrent Mark From Roots
[2024-10-12T10:38:18.869+0800][info] GC(742) Using 12 workers of 12 for marking
[2024-10-12T10:38:18.869+0800][info] GC(741) Phase 1: Mark live objects
[2024-10-12T10:38:18.872+0800][info] GC(741) Phase 1: Mark live objects 3.145ms
[2024-10-12T10:38:18.872+0800][info] GC(741) Phase 2: Prepare for compaction
[2024-10-12T10:38:18.873+0800][info] GC(741) Phase 2: Prepare for compaction 0.510ms
[2024-10-12T10:38:18.873+0800][info] GC(741) Phase 3: Adjust pointers
[2024-10-12T10:38:18.875+0800][info] GC(741) Phase 3: Adjust pointers 1.721ms
[2024-10-12T10:38:18.875+0800][info] GC(741) Phase 4: Compact heap
[2024-10-12T10:38:18.888+0800][info] GC(741) Phase 4: Compact heap 13.193ms
[2024-10-12T10:38:18.890+0800][info] GC(741) Eden regions: 0->0(4)
[2024-10-12T10:38:18.890+0800][info] GC(741) Survivor regions: 0->0(0)
[2024-10-12T10:38:18.890+0800][info] GC(741) Old regions: 59->39
[2024-10-12T10:38:18.890+0800][info] GC(741) Archive regions: 2->2
[2024-10-12T10:38:18.890+0800][info] GC(741) Humongous regions: 3->3
[2024-10-12T10:38:18.890+0800][info] GC(741) Metaspace: 1696K(1856K)->1696K(1856K) NonClass: 1572K(1664K)->1572K(1664K) Class: 124K(192K)->124K(192K)
[2024-10-12T10:38:18.890+0800][info] GC(741) Pause Full (G1 Compaction Pause) 123M->72M(128M) 20.664ms
[2024-10-12T10:38:18.890+0800][info] GC(741) User=0.03s Sys=0.00s Real=0.02s
[2024-10-12T10:38:18.890+0800][info] GC(742) Concurrent Mark From Roots 20.830ms
[2024-10-12T10:38:18.890+0800][info] GC(742) Concurrent Mark Abort
[2024-10-12T10:38:18.890+0800][info] GC(742) Concurrent Mark Cycle 21.056ms
[2024-10-12T10:38:19.115+0800][info] GC(743) Pause Young (Normal) (G1 Evacuation Pause)
[2024-10-12T10:38:19.115+0800][info] GC(743) Using 3 workers of 48 for evacuation
[2024-10-12T10:38:19.116+0800][info] GC(743)   Pre Evacuate Collection Set: 0.1ms
[2024-10-12T10:38:19.117+0800][info] GC(743)   Merge Heap Roots: 0.1ms
[2024-10-12T10:38:19.117+0800][info] GC(743)   Evacuate Collection Set: 1.1ms
[2024-10-12T10:38:19.117+0800][info] GC(743)   Post Evacuate Collection Set: 0.2ms
[2024-10-12T10:38:19.117+0800][info] GC(743)   Other: 0.2ms
[2024-10-12T10:38:19.117+0800][info] GC(743) Eden regions: 4->0(2)
[2024-10-12T10:38:19.117+0800][info] GC(743) Survivor regions: 0->1(1)
[2024-10-12T10:38:19.117+0800][info] GC(743) Old regions: 39->42
[2024-10-12T10:38:19.117+0800][info] GC(743) Archive regions: 2->2
[2024-10-12T10:38:19.117+0800][info] GC(743) Humongous regions: 4->4
[2024-10-12T10:38:19.117+0800][info] GC(743) Metaspace: 1696K(1856K)->1696K(1856K) NonClass: 1572K(1664K)->1572K(1664K) Class: 124K(192K)->124K(192K)
[2024-10-12T10:38:19.117+0800][info] GC(743) Pause Young (Normal) (G1 Evacuation Pause) 81M->81M(128M) 1.790ms
[2024-10-12T10:38:19.117+0800][info] GC(743) User=0.00s Sys=0.00s Real=0.00s
[2024-10-12T10:38:19.219+0800][info] GC(744) Pause Young (Normal) (G1 Evacuation Pause)
[2024-10-12T10:38:19.219+0800][info] GC(744) Using 3 workers of 48 for evacuation
[2024-10-12T10:38:19.220+0800][info] GC(744)   Pre Evacuate Collection Set: 0.1ms
[2024-10-12T10:38:19.220+0800][info] GC(744)   Merge Heap Roots: 0.0ms
[2024-10-12T10:38:19.220+0800][info] GC(744)   Evacuate Collection Set: 0.7ms
[2024-10-12T10:38:19.220+0800][info] GC(744)   Post Evacuate Collection Set: 0.2ms
[2024-10-12T10:38:19.220+0800][info] GC(744)   Other: 0.2ms
[2024-10-12T10:38:19.220+0800][info] GC(744) Eden regions: 2->0(2)
[2024-10-12T10:38:19.220+0800][info] GC(744) Survivor regions: 1->1(1)
[2024-10-12T10:38:19.220+0800][info] GC(744) Old regions: 42->44
[2024-10-12T10:38:19.220+0800][info] GC(744) Archive regions: 2->2
[2024-10-12T10:38:19.220+0800][info] GC(744) Humongous regions: 4->4
[2024-10-12T10:38:19.220+0800][info] GC(744) Metaspace: 1696K(1856K)->1696K(1856K) NonClass: 1572K(1664K)->1572K(1664K) Class: 124K(192K)->124K(192K)
[2024-10-12T10:38:19.220+0800][info] GC(744) Pause Young (Normal) (G1 Evacuation Pause) 85M->85M(128M) 1.423ms
[2024-10-12T10:38:19.220+0800][info] GC(744) User=0.01s Sys=0.00s Real=0.00s
[2024-10-12T10:38:19.322+0800][info] GC(745) Pause Young (Normal) (G1 Evacuation Pause)
[2024-10-12T10:38:19.322+0800][info] GC(745) Using 3 workers of 48 for evacuation
[2024-10-12T10:38:19.323+0800][info] GC(745)   Pre Evacuate Collection Set: 0.1ms
[2024-10-12T10:38:19.323+0800][info] GC(745)   Merge Heap Roots: 0.0ms
[2024-10-12T10:38:19.323+0800][info] GC(745)   Evacuate Collection Set: 0.8ms
[2024-10-12T10:38:19.323+0800][info] GC(745)   Post Evacuate Collection Set: 0.2ms
[2024-10-12T10:38:19.323+0800][info] GC(745)   Other: 0.2ms
[2024-10-12T10:38:19.323+0800][info] GC(745) Eden regions: 2->0(2)
[2024-10-12T10:38:19.323+0800][info] GC(745) Survivor regions: 1->1(1)
[2024-10-12T10:38:19.323+0800][info] GC(745) Old regions: 44->46
[2024-10-12T10:38:19.323+0800][info] GC(745) Archive regions: 2->2
[2024-10-12T10:38:19.324+0800][info] GC(745) Humongous regions: 4->4
[2024-10-12T10:38:19.324+0800][info] GC(745) Metaspace: 1696K(1856K)->1696K(1856K) NonClass: 1572K(1664K)->1572K(1664K) Class: 124K(192K)->124K(192K)
[2024-10-12T10:38:19.324+0800][info] GC(745) Pause Young (Normal) (G1 Evacuation Pause) 89M->88M(128M) 1.419ms
[2024-10-12T10:38:19.324+0800][info] GC(745) User=0.00s Sys=0.00s Real=0.00s
[2024-10-12T10:38:19.425+0800][info] GC(746) Pause Young (Concurrent Start) (G1 Evacuation Pause)
[2024-10-12T10:38:19.425+0800][info] GC(746) Using 3 workers of 48 for evacuation
[2024-10-12T10:38:19.427+0800][info] GC(746)   Pre Evacuate Collection Set: 0.1ms
[2024-10-12T10:38:19.427+0800][info] GC(746)   Merge Heap Roots: 0.1ms
[2024-10-12T10:38:19.427+0800][info] GC(746)   Evacuate Collection Set: 0.8ms
[2024-10-12T10:38:19.427+0800][info] GC(746)   Post Evacuate Collection Set: 0.2ms
[2024-10-12T10:38:19.427+0800][info] GC(746)   Other: 0.4ms
[2024-10-12T10:38:19.427+0800][info] GC(746) Eden regions: 2->0(2)
[2024-10-12T10:38:19.427+0800][info] GC(746) Survivor regions: 1->1(1)
[2024-10-12T10:38:19.427+0800][info] GC(746) Old regions: 46->48
[2024-10-12T10:38:19.427+0800][info] GC(746) Archive regions: 2->2
[2024-10-12T10:38:19.427+0800][info] GC(746) Humongous regions: 4->4
[2024-10-12T10:38:19.427+0800][info] GC(746) Metaspace: 1696K(1856K)->1696K(1856K) NonClass: 1572K(1664K)->1572K(1664K) Class: 124K(192K)->124K(192K)
[2024-10-12T10:38:19.427+0800][info] GC(746) Pause Young (Concurrent Start) (G1 Evacuation Pause) 92M->92M(128M) 1.632ms
[2024-10-12T10:38:19.427+0800][info] GC(746) User=0.00s Sys=0.00s Real=0.00s
[2024-10-12T10:38:19.427+0800][info] GC(747) Concurrent Mark Cycle
[2024-10-12T10:38:19.427+0800][info] GC(747) Concurrent Clear Claimed Marks
[2024-10-12T10:38:19.427+0800][info] GC(747) Concurrent Clear Claimed Marks 0.017ms
[2024-10-12T10:38:19.427+0800][info] GC(747) Concurrent Scan Root Regions
[2024-10-12T10:38:19.427+0800][info] GC(747) Concurrent Scan Root Regions 0.156ms
[2024-10-12T10:38:19.427+0800][info] GC(747) Concurrent Mark
[2024-10-12T10:38:19.427+0800][info] GC(747) Concurrent Mark From Roots
[2024-10-12T10:38:19.427+0800][info] GC(747) Using 12 workers of 12 for marking
[2024-10-12T10:38:19.431+0800][info] GC(747) Concurrent Mark From Roots 3.817ms
[2024-10-12T10:38:19.431+0800][info] GC(747) Concurrent Preclean
[2024-10-12T10:38:19.433+0800][info] GC(747) Concurrent Preclean 1.703ms
[2024-10-12T10:38:19.433+0800][info] GC(747) Pause Remark
[2024-10-12T10:38:19.434+0800][info] GC(747) Pause Remark 93M->91M(128M) 1.540ms
[2024-10-12T10:38:19.435+0800][info] GC(747) User=0.00s Sys=0.00s Real=0.01s
[2024-10-12T10:38:19.435+0800][info] GC(747) Concurrent Mark 7.314ms
[2024-10-12T10:38:19.435+0800][info] GC(747) Concurrent Rebuild Remembered Sets
[2024-10-12T10:38:19.436+0800][info] GC(747) Concurrent Rebuild Remembered Sets 1.312ms
[2024-10-12T10:38:19.436+0800][info] GC(747) Pause Cleanup
[2024-10-12T10:38:19.436+0800][info] GC(747) Pause Cleanup 91M->91M(128M) 0.215ms
[2024-10-12T10:38:19.436+0800][info] GC(747) User=0.00s Sys=0.00s Real=0.00s
[2024-10-12T10:38:19.436+0800][info] GC(747) Concurrent Cleanup for Next Mark
[2024-10-12T10:38:19.437+0800][info] GC(747) Concurrent Cleanup for Next Mark 0.361ms
[2024-10-12T10:38:19.437+0800][info] GC(747) Concurrent Mark Cycle 9.736ms
[2024-10-12T10:38:19.580+0800][info] GC(748) Pause Young (Prepare Mixed) (G1 Evacuation Pause)
[2024-10-12T10:38:19.580+0800][info] GC(748) Using 3 workers of 48 for evacuation
[2024-10-12T10:38:19.581+0800][info] GC(748)   Pre Evacuate Collection Set: 0.1ms
[2024-10-12T10:38:19.581+0800][info] GC(748)   Merge Heap Roots: 0.1ms
[2024-10-12T10:38:19.581+0800][info] GC(748)   Evacuate Collection Set: 0.9ms
[2024-10-12T10:38:19.581+0800][info] GC(748)   Post Evacuate Collection Set: 0.3ms
[2024-10-12T10:38:19.581+0800][info] GC(748)   Other: 0.2ms
[2024-10-12T10:38:19.581+0800][info] GC(748) Eden regions: 2->0(2)
[2024-10-12T10:38:19.581+0800][info] GC(748) Survivor regions: 1->1(1)
[2024-10-12T10:38:19.581+0800][info] GC(748) Old regions: 48->50
[2024-10-12T10:38:19.581+0800][info] GC(748) Archive regions: 2->2
[2024-10-12T10:38:19.581+0800][info] GC(748) Humongous regions: 3->3
[2024-10-12T10:38:19.581+0800][info] GC(748) Metaspace: 1696K(1856K)->1696K(1856K) NonClass: 1572K(1664K)->1572K(1664K) Class: 124K(192K)->124K(192K)
[2024-10-12T10:38:19.582+0800][info] GC(748) Pause Young (Prepare Mixed) (G1 Evacuation Pause) 94M->94M(128M) 1.656ms
[2024-10-12T10:38:19.582+0800][info] GC(748) User=0.00s Sys=0.00s Real=0.00s
[2024-10-12T10:38:19.683+0800][info] GC(749) Pause Young (Mixed) (G1 Evacuation Pause)
[2024-10-12T10:38:19.683+0800][info] GC(749) Using 3 workers of 48 for evacuation
[2024-10-12T10:38:19.685+0800][info] GC(749)   Pre Evacuate Collection Set: 0.2ms
[2024-10-12T10:38:19.685+0800][info] GC(749)   Merge Heap Roots: 0.1ms
[2024-10-12T10:38:19.685+0800][info] GC(749)   Evacuate Collection Set: 1.5ms
[2024-10-12T10:38:19.685+0800][info] GC(749)   Post Evacuate Collection Set: 0.2ms
[2024-10-12T10:38:19.685+0800][info] GC(749)   Other: 0.2ms
[2024-10-12T10:38:19.685+0800][info] GC(749) Eden regions: 2->0(2)
[2024-10-12T10:38:19.686+0800][info] GC(749) Survivor regions: 1->1(1)
[2024-10-12T10:38:19.686+0800][info] GC(749) Old regions: 50->47
[2024-10-12T10:38:19.686+0800][info] GC(749) Archive regions: 2->2
[2024-10-12T10:38:19.686+0800][info] GC(749) Humongous regions: 3->3
[2024-10-12T10:38:19.686+0800][info] GC(749) Metaspace: 1696K(1856K)->1696K(1856K) NonClass: 1572K(1664K)->1572K(1664K) Class: 124K(192K)->124K(192K)
[2024-10-12T10:38:19.686+0800][info] GC(749) Pause Young (Mixed) (G1 Evacuation Pause) 98M->93M(128M) 2.250ms
[2024-10-12T10:38:19.686+0800][info] GC(749) User=0.00s Sys=0.00s Real=0.01s
[2024-10-12T10:38:19.788+0800][info] GC(750) Pause Young (Mixed) (G1 Evacuation Pause)
[2024-10-12T10:38:19.788+0800][info] GC(750) Using 3 workers of 48 for evacuation
[2024-10-12T10:38:19.789+0800][info] GC(750)   Pre Evacuate Collection Set: 0.2ms
[2024-10-12T10:38:19.789+0800][info] GC(750)   Merge Heap Roots: 0.1ms
[2024-10-12T10:38:19.789+0800][info] GC(750)   Evacuate Collection Set: 1.2ms
[2024-10-12T10:38:19.789+0800][info] GC(750)   Post Evacuate Collection Set: 0.2ms
[2024-10-12T10:38:19.789+0800][info] GC(750)   Other: 0.1ms
[2024-10-12T10:38:19.789+0800][info] GC(750) Eden regions: 2->0(2)
[2024-10-12T10:38:19.789+0800][info] GC(750) Survivor regions: 1->1(1)
[2024-10-12T10:38:19.789+0800][info] GC(750) Old regions: 47->48
[2024-10-12T10:38:19.789+0800][info] GC(750) Archive regions: 2->2
[2024-10-12T10:38:19.789+0800][info] GC(750) Humongous regions: 3->3
[2024-10-12T10:38:19.789+0800][info] GC(750) Metaspace: 1696K(1856K)->1696K(1856K) NonClass: 1572K(1664K)->1572K(1664K) Class: 124K(192K)->124K(192K)
[2024-10-12T10:38:19.789+0800][info] GC(750) Pause Young (Mixed) (G1 Evacuation Pause) 96M->95M(128M) 1.933ms
[2024-10-12T10:38:19.789+0800][info] GC(750) User=0.01s Sys=0.00s Real=0.00s
[2024-10-12T10:38:19.891+0800][info] GC(751) Pause Young (Normal) (G1 Evacuation Pause)
[2024-10-12T10:38:19.891+0800][info] GC(751) Using 3 workers of 48 for evacuation
[2024-10-12T10:38:19.892+0800][info] GC(751)   Pre Evacuate Collection Set: 0.1ms
[2024-10-12T10:38:19.892+0800][info] GC(751)   Merge Heap Roots: 0.0ms
[2024-10-12T10:38:19.892+0800][info] GC(751)   Evacuate Collection Set: 0.7ms
[2024-10-12T10:38:19.892+0800][info] GC(751)   Post Evacuate Collection Set: 0.2ms
[2024-10-12T10:38:19.893+0800][info] GC(751)   Other: 0.2ms
[2024-10-12T10:38:19.893+0800][info] GC(751) Eden regions: 2->0(2)
[2024-10-12T10:38:19.893+0800][info] GC(751) Survivor regions: 1->1(1)
[2024-10-12T10:38:19.893+0800][info] GC(751) Old regions: 48->49
[2024-10-12T10:38:19.893+0800][info] GC(751) Archive regions: 2->2
[2024-10-12T10:38:19.893+0800][info] GC(751) Humongous regions: 3->3
[2024-10-12T10:38:19.893+0800][info] GC(751) Metaspace: 1696K(1856K)->1696K(1856K) NonClass: 1572K(1664K)->1572K(1664K) Class: 124K(192K)->124K(192K)
[2024-10-12T10:38:19.893+0800][info] GC(751) Pause Young (Normal) (G1 Evacuation Pause) 99M->98M(128M) 1.385ms
[2024-10-12T10:38:19.893+0800][info] GC(751) User=0.00s Sys=0.00s Real=0.00s
[2024-10-12T10:38:19.995+0800][info] GC(752) Pause Young (Concurrent Start) (G1 Evacuation Pause)
[2024-10-12T10:38:19.995+0800][info] GC(752) Using 3 workers of 48 for evacuation
[2024-10-12T10:38:19.996+0800][info] GC(752)   Pre Evacuate Collection Set: 0.1ms
[2024-10-12T10:38:19.996+0800][info] GC(752)   Merge Heap Roots: 0.0ms
[2024-10-12T10:38:19.996+0800][info] GC(752)   Evacuate Collection Set: 0.8ms
[2024-10-12T10:38:19.996+0800][info] GC(752)   Post Evacuate Collection Set: 0.2ms
[2024-10-12T10:38:19.996+0800][info] GC(752)   Other: 0.3ms
[2024-10-12T10:38:19.996+0800][info] GC(752) Eden regions: 2->0(2)
[2024-10-12T10:38:19.996+0800][info] GC(752) Survivor regions: 1->1(1)
[2024-10-12T10:38:19.996+0800][info] GC(752) Old regions: 49->51
[2024-10-12T10:38:19.996+0800][info] GC(752) Archive regions: 2->2
[2024-10-12T10:38:19.996+0800][info] GC(752) Humongous regions: 3->3
[2024-10-12T10:38:19.996+0800][info] GC(752) Metaspace: 1696K(1856K)->1696K(1856K) NonClass: 1572K(1664K)->1572K(1664K) Class: 124K(192K)->124K(192K)
[2024-10-12T10:38:19.996+0800][info] GC(752) Pause Young (Concurrent Start) (G1 Evacuation Pause) 102M->102M(128M) 1.620ms
[2024-10-12T10:38:19.996+0800][info] GC(752) User=0.00s Sys=0.00s Real=0.00s
[2024-10-12T10:38:19.996+0800][info] GC(753) Concurrent Mark Cycle
[2024-10-12T10:38:19.996+0800][info] GC(753) Concurrent Clear Claimed Marks
[2024-10-12T10:38:19.996+0800][info] GC(753) Concurrent Clear Claimed Marks 0.017ms
[2024-10-12T10:38:19.997+0800][info] GC(753) Concurrent Scan Root Regions
[2024-10-12T10:38:19.997+0800][info] GC(753) Concurrent Scan Root Regions 0.118ms
[2024-10-12T10:38:19.997+0800][info] GC(753) Concurrent Mark
[2024-10-12T10:38:19.997+0800][info] GC(753) Concurrent Mark From Roots
[2024-10-12T10:38:19.997+0800][info] GC(753) Using 12 workers of 12 for marking
[2024-10-12T10:38:20.000+0800][info] GC(753) Concurrent Mark From Roots 3.646ms
[2024-10-12T10:38:20.000+0800][info] GC(753) Concurrent Preclean
[2024-10-12T10:38:20.002+0800][info] GC(753) Concurrent Preclean 1.709ms
[2024-10-12T10:38:20.002+0800][info] GC(753) Pause Remark
[2024-10-12T10:38:20.004+0800][info] GC(753) Pause Remark 103M->103M(128M) 1.515ms
[2024-10-12T10:38:20.004+0800][info] GC(753) User=0.00s Sys=0.00s Real=0.00s
[2024-10-12T10:38:20.004+0800][info] GC(753) Concurrent Mark 7.182ms
[2024-10-12T10:38:20.004+0800][info] GC(753) Concurrent Rebuild Remembered Sets
[2024-10-12T10:38:20.005+0800][info] GC(753) Concurrent Rebuild Remembered Sets 1.277ms
[2024-10-12T10:38:20.005+0800][info] GC(753) Pause Cleanup
[2024-10-12T10:38:20.006+0800][info] GC(753) Pause Cleanup 103M->103M(128M) 0.209ms
[2024-10-12T10:38:20.006+0800][info] GC(753) User=0.00s Sys=0.00s Real=0.00s
[2024-10-12T10:38:20.006+0800][info] GC(753) Concurrent Cleanup for Next Mark
[2024-10-12T10:38:20.006+0800][info] GC(753) Concurrent Cleanup for Next Mark 0.356ms
[2024-10-12T10:38:20.006+0800][info] GC(753) Concurrent Mark Cycle 9.516ms
[2024-10-12T10:38:20.149+0800][info] GC(754) Pause Young (Prepare Mixed) (G1 Evacuation Pause)
[2024-10-12T10:38:20.149+0800][info] GC(754) Using 3 workers of 48 for evacuation
[2024-10-12T10:38:20.150+0800][info] GC(754)   Pre Evacuate Collection Set: 0.1ms
[2024-10-12T10:38:20.150+0800][info] GC(754)   Merge Heap Roots: 0.1ms
[2024-10-12T10:38:20.150+0800][info] GC(754)   Evacuate Collection Set: 0.8ms
[2024-10-12T10:38:20.150+0800][info] GC(754)   Post Evacuate Collection Set: 0.2ms
[2024-10-12T10:38:20.150+0800][info] GC(754)   Other: 0.2ms
[2024-10-12T10:38:20.150+0800][info] GC(754) Eden regions: 2->0(2)
[2024-10-12T10:38:20.150+0800][info] GC(754) Survivor regions: 1->1(1)
[2024-10-12T10:38:20.150+0800][info] GC(754) Old regions: 51->53
[2024-10-12T10:38:20.150+0800][info] GC(754) Archive regions: 2->2
[2024-10-12T10:38:20.150+0800][info] GC(754) Humongous regions: 3->3
[2024-10-12T10:38:20.150+0800][info] GC(754) Metaspace: 1696K(1856K)->1696K(1856K) NonClass: 1572K(1664K)->1572K(1664K) Class: 124K(192K)->124K(192K)
[2024-10-12T10:38:20.150+0800][info] GC(754) Pause Young (Prepare Mixed) (G1 Evacuation Pause) 106M->106M(128M) 1.442ms
[2024-10-12T10:38:20.150+0800][info] GC(754) User=0.00s Sys=0.00s Real=0.00s
[2024-10-12T10:38:20.211+0800][info] GC(755) Pause Young (Mixed) (G1 Preventive Collection)
[2024-10-12T10:38:20.211+0800][info] GC(755) Using 3 workers of 48 for evacuation
[2024-10-12T10:38:20.213+0800][info] GC(755)   Pre Evacuate Collection Set: 0.2ms
[2024-10-12T10:38:20.213+0800][info] GC(755)   Merge Heap Roots: 0.0ms
[2024-10-12T10:38:20.213+0800][info] GC(755)   Evacuate Collection Set: 1.0ms
[2024-10-12T10:38:20.213+0800][info] GC(755)   Post Evacuate Collection Set: 0.2ms
[2024-10-12T10:38:20.213+0800][info] GC(755)   Other: 0.2ms
[2024-10-12T10:38:20.213+0800][info] GC(755) Eden regions: 1->0(2)
[2024-10-12T10:38:20.213+0800][info] GC(755) Survivor regions: 1->1(1)
[2024-10-12T10:38:20.213+0800][info] GC(755) Old regions: 53->49
[2024-10-12T10:38:20.213+0800][info] GC(755) Archive regions: 2->2
[2024-10-12T10:38:20.213+0800][info] GC(755) Humongous regions: 3->3
[2024-10-12T10:38:20.213+0800][info] GC(755) Metaspace: 1696K(1856K)->1696K(1856K) NonClass: 1572K(1664K)->1572K(1664K) Class: 124K(192K)->124K(192K)
[2024-10-12T10:38:20.213+0800][info] GC(755) Pause Young (Mixed) (G1 Preventive Collection) 108M->100M(128M) 1.699ms
[2024-10-12T10:38:20.213+0800][info] GC(755) User=0.00s Sys=0.00s Real=0.01s
[2024-10-12T10:38:20.315+0800][info] GC(756) Pause Young (Mixed) (G1 Evacuation Pause)
[2024-10-12T10:38:20.315+0800][info] GC(756) Using 3 workers of 48 for evacuation
[2024-10-12T10:38:20.317+0800][info] GC(756)   Pre Evacuate Collection Set: 0.1ms
[2024-10-12T10:38:20.317+0800][info] GC(756)   Merge Heap Roots: 0.1ms
[2024-10-12T10:38:20.317+0800][info] GC(756)   Evacuate Collection Set: 1.7ms
[2024-10-12T10:38:20.317+0800][info] GC(756)   Post Evacuate Collection Set: 0.2ms
[2024-10-12T10:38:20.317+0800][info] GC(756)   Other: 0.1ms
[2024-10-12T10:38:20.317+0800][info] GC(756) Eden regions: 2->0(2)
[2024-10-12T10:38:20.317+0800][info] GC(756) Survivor regions: 1->1(1)
[2024-10-12T10:38:20.317+0800][info] GC(756) Old regions: 49->48
[2024-10-12T10:38:20.317+0800][info] GC(756) Archive regions: 2->2
[2024-10-12T10:38:20.317+0800][info] GC(756) Humongous regions: 3->3
[2024-10-12T10:38:20.318+0800][info] GC(756) Metaspace: 1696K(1856K)->1696K(1856K) NonClass: 1572K(1664K)->1572K(1664K) Class: 124K(192K)->124K(192K)
[2024-10-12T10:38:20.318+0800][info] GC(756) Pause Young (Mixed) (G1 Evacuation Pause) 104M->100M(128M) 2.385ms
[2024-10-12T10:38:20.318+0800][info] GC(756) User=0.01s Sys=0.00s Real=0.00s
[2024-10-12T10:38:20.419+0800][info] GC(757) Pause Young (Mixed) (G1 Evacuation Pause)
[2024-10-12T10:38:20.419+0800][info] GC(757) Using 3 workers of 48 for evacuation
[2024-10-12T10:38:20.421+0800][info] GC(757)   Pre Evacuate Collection Set: 0.2ms
[2024-10-12T10:38:20.421+0800][info] GC(757)   Merge Heap Roots: 0.0ms
[2024-10-12T10:38:20.421+0800][info] GC(757)   Evacuate Collection Set: 1.1ms
[2024-10-12T10:38:20.421+0800][info] GC(757)   Post Evacuate Collection Set: 0.2ms
[2024-10-12T10:38:20.421+0800][info] GC(757)   Other: 0.1ms
[2024-10-12T10:38:20.421+0800][info] GC(757) Eden regions: 2->0(2)
[2024-10-12T10:38:20.421+0800][info] GC(757) Survivor regions: 1->1(1)
[2024-10-12T10:38:20.421+0800][info] GC(757) Old regions: 48->49
[2024-10-12T10:38:20.421+0800][info] GC(757) Archive regions: 2->2
[2024-10-12T10:38:20.421+0800][info] GC(757) Humongous regions: 3->3
[2024-10-12T10:38:20.421+0800][info] GC(757) Metaspace: 1696K(1856K)->1696K(1856K) NonClass: 1572K(1664K)->1572K(1664K) Class: 124K(192K)->124K(192K)
[2024-10-12T10:38:20.421+0800][info] GC(757) Pause Young (Mixed) (G1 Evacuation Pause) 104M->103M(128M) 1.766ms
[2024-10-12T10:38:20.421+0800][info] GC(757) User=0.00s Sys=0.00s Real=0.00s
[2024-10-12T10:38:20.523+0800][info] GC(758) Pause Young (Concurrent Start) (G1 Evacuation Pause)
[2024-10-12T10:38:20.523+0800][info] GC(758) Using 3 workers of 48 for evacuation
[2024-10-12T10:38:20.525+0800][info] GC(758)   Pre Evacuate Collection Set: 0.1ms
[2024-10-12T10:38:20.525+0800][info] GC(758)   Merge Heap Roots: 0.0ms
[2024-10-12T10:38:20.525+0800][info] GC(758)   Evacuate Collection Set: 0.8ms
[2024-10-12T10:38:20.525+0800][info] GC(758)   Post Evacuate Collection Set: 0.2ms
[2024-10-12T10:38:20.525+0800][info] GC(758)   Other: 0.4ms
[2024-10-12T10:38:20.525+0800][info] GC(758) Eden regions: 2->0(2)
[2024-10-12T10:38:20.525+0800][info] GC(758) Survivor regions: 1->1(1)
[2024-10-12T10:38:20.525+0800][info] GC(758) Old regions: 49->51
[2024-10-12T10:38:20.525+0800][info] GC(758) Archive regions: 2->2
[2024-10-12T10:38:20.525+0800][info] GC(758) Humongous regions: 3->3
[2024-10-12T10:38:20.525+0800][info] GC(758) Metaspace: 1696K(1856K)->1696K(1856K) NonClass: 1572K(1664K)->1572K(1664K) Class: 124K(192K)->124K(192K)
[2024-10-12T10:38:20.525+0800][info] GC(758) Pause Young (Concurrent Start) (G1 Evacuation Pause) 106M->107M(128M) 1.651ms
[2024-10-12T10:38:20.525+0800][info] GC(758) User=0.00s Sys=0.00s Real=0.00s
[2024-10-12T10:38:20.525+0800][info] GC(759) Concurrent Mark Cycle
[2024-10-12T10:38:20.525+0800][info] GC(759) Concurrent Clear Claimed Marks
[2024-10-12T10:38:20.525+0800][info] GC(759) Concurrent Clear Claimed Marks 0.017ms
[2024-10-12T10:38:20.525+0800][info] GC(759) Concurrent Scan Root Regions
[2024-10-12T10:38:20.525+0800][info] GC(759) Concurrent Scan Root Regions 0.125ms
[2024-10-12T10:38:20.525+0800][info] GC(759) Concurrent Mark
[2024-10-12T10:38:20.525+0800][info] GC(759) Concurrent Mark From Roots
[2024-10-12T10:38:20.525+0800][info] GC(759) Using 12 workers of 12 for marking
[2024-10-12T10:38:20.529+0800][info] GC(759) Concurrent Mark From Roots 3.582ms
[2024-10-12T10:38:20.529+0800][info] GC(759) Concurrent Preclean
[2024-10-12T10:38:20.530+0800][info] GC(759) Concurrent Preclean 1.710ms
[2024-10-12T10:38:20.531+0800][info] GC(759) Pause Remark
[2024-10-12T10:38:20.532+0800][info] GC(759) Pause Remark 107M->107M(128M) 1.505ms
[2024-10-12T10:38:20.532+0800][info] GC(759) User=0.00s Sys=0.00s Real=0.00s
[2024-10-12T10:38:20.532+0800][info] GC(759) Concurrent Mark 7.107ms
[2024-10-12T10:38:20.532+0800][info] GC(759) Concurrent Rebuild Remembered Sets
[2024-10-12T10:38:20.534+0800][info] GC(759) Concurrent Rebuild Remembered Sets 1.466ms
[2024-10-12T10:38:20.534+0800][info] GC(759) Pause Cleanup
[2024-10-12T10:38:20.534+0800][info] GC(759) Pause Cleanup 107M->107M(128M) 0.239ms
[2024-10-12T10:38:20.534+0800][info] GC(759) User=0.00s Sys=0.00s Real=0.00s
[2024-10-12T10:38:20.534+0800][info] GC(759) Concurrent Cleanup for Next Mark
[2024-10-12T10:38:20.534+0800][info] GC(759) Concurrent Cleanup for Next Mark 0.358ms
[2024-10-12T10:38:20.535+0800][info] GC(759) Concurrent Mark Cycle 9.590ms
[2024-10-12T10:38:20.678+0800][info] GC(760) Pause Young (Prepare Mixed) (G1 Evacuation Pause)
[2024-10-12T10:38:20.678+0800][info] GC(760) Using 3 workers of 48 for evacuation
[2024-10-12T10:38:20.679+0800][info] GC(760)   Pre Evacuate Collection Set: 0.1ms
[2024-10-12T10:38:20.679+0800][info] GC(760)   Merge Heap Roots: 0.1ms
[2024-10-12T10:38:20.679+0800][info] GC(760)   Evacuate Collection Set: 0.8ms
[2024-10-12T10:38:20.679+0800][info] GC(760)   Post Evacuate Collection Set: 0.2ms
[2024-10-12T10:38:20.679+0800][info] GC(760)   Other: 0.2ms
[2024-10-12T10:38:20.679+0800][info] GC(760) Eden regions: 2->0(2)
[2024-10-12T10:38:20.679+0800][info] GC(760) Survivor regions: 1->1(1)
[2024-10-12T10:38:20.679+0800][info] GC(760) Old regions: 51->53
[2024-10-12T10:38:20.679+0800][info] GC(760) Archive regions: 2->2
[2024-10-12T10:38:20.679+0800][info] GC(760) Humongous regions: 3->3
[2024-10-12T10:38:20.679+0800][info] GC(760) Metaspace: 1696K(1856K)->1696K(1856K) NonClass: 1572K(1664K)->1572K(1664K) Class: 124K(192K)->124K(192K)
[2024-10-12T10:38:20.679+0800][info] GC(760) Pause Young (Prepare Mixed) (G1 Evacuation Pause) 110M->110M(128M) 1.519ms
[2024-10-12T10:38:20.679+0800][info] GC(760) User=0.00s Sys=0.00s Real=0.00s
[2024-10-12T10:38:20.741+0800][info] GC(761) Pause Young (Mixed) (G1 Preventive Collection)
[2024-10-12T10:38:20.741+0800][info] GC(761) Using 3 workers of 48 for evacuation
[2024-10-12T10:38:20.742+0800][info] GC(761)   Pre Evacuate Collection Set: 0.2ms
[2024-10-12T10:38:20.742+0800][info] GC(761)   Merge Heap Roots: 0.1ms
[2024-10-12T10:38:20.742+0800][info] GC(761)   Evacuate Collection Set: 1.1ms
[2024-10-12T10:38:20.742+0800][info] GC(761)   Post Evacuate Collection Set: 0.2ms
[2024-10-12T10:38:20.742+0800][info] GC(761)   Other: 0.2ms
[2024-10-12T10:38:20.742+0800][info] GC(761) Eden regions: 1->0(2)
[2024-10-12T10:38:20.742+0800][info] GC(761) Survivor regions: 1->1(1)
[2024-10-12T10:38:20.742+0800][info] GC(761) Old regions: 53->49
[2024-10-12T10:38:20.742+0800][info] GC(761) Archive regions: 2->2
[2024-10-12T10:38:20.742+0800][info] GC(761) Humongous regions: 3->3
[2024-10-12T10:38:20.742+0800][info] GC(761) Metaspace: 1696K(1856K)->1696K(1856K) NonClass: 1572K(1664K)->1572K(1664K) Class: 124K(192K)->124K(192K)
[2024-10-12T10:38:20.742+0800][info] GC(761) Pause Young (Mixed) (G1 Preventive Collection) 112M->103M(128M) 1.893ms
[2024-10-12T10:38:20.742+0800][info] GC(761) User=0.00s Sys=0.00s Real=0.00s
[2024-10-12T10:38:20.844+0800][info] GC(762) Pause Young (Mixed) (G1 Evacuation Pause)
[2024-10-12T10:38:20.844+0800][info] GC(762) Using 3 workers of 48 for evacuation
[2024-10-12T10:38:20.846+0800][info] GC(762)   Pre Evacuate Collection Set: 0.2ms
[2024-10-12T10:38:20.846+0800][info] GC(762)   Merge Heap Roots: 0.0ms
[2024-10-12T10:38:20.846+0800][info] GC(762)   Evacuate Collection Set: 1.5ms
[2024-10-12T10:38:20.846+0800][info] GC(762)   Post Evacuate Collection Set: 0.2ms
[2024-10-12T10:38:20.846+0800][info] GC(762)   Other: 0.1ms
[2024-10-12T10:38:20.846+0800][info] GC(762) Eden regions: 2->0(2)
[2024-10-12T10:38:20.846+0800][info] GC(762) Survivor regions: 1->1(1)
[2024-10-12T10:38:20.846+0800][info] GC(762) Old regions: 49->47
[2024-10-12T10:38:20.846+0800][info] GC(762) Archive regions: 2->2
[2024-10-12T10:38:20.846+0800][info] GC(762) Humongous regions: 3->3
[2024-10-12T10:38:20.846+0800][info] GC(762) Metaspace: 1696K(1856K)->1696K(1856K) NonClass: 1572K(1664K)->1572K(1664K) Class: 124K(192K)->124K(192K)
[2024-10-12T10:38:20.846+0800][info] GC(762) Pause Young (Mixed) (G1 Evacuation Pause) 107M->101M(128M) 2.208ms
[2024-10-12T10:38:20.846+0800][info] GC(762) User=0.00s Sys=0.00s Real=0.01s
[2024-10-12T10:38:20.948+0800][info] GC(763) Pause Young (Mixed) (G1 Evacuation Pause)
[2024-10-12T10:38:20.949+0800][info] GC(763) Using 3 workers of 48 for evacuation
[2024-10-12T10:38:20.950+0800][info] GC(763)   Pre Evacuate Collection Set: 0.2ms
[2024-10-12T10:38:20.950+0800][info] GC(763)   Merge Heap Roots: 0.1ms
[2024-10-12T10:38:20.950+0800][info] GC(763)   Evacuate Collection Set: 1.2ms
[2024-10-12T10:38:20.950+0800][info] GC(763)   Post Evacuate Collection Set: 0.2ms
[2024-10-12T10:38:20.950+0800][info] GC(763)   Other: 0.1ms
[2024-10-12T10:38:20.950+0800][info] GC(763) Eden regions: 2->0(2)
[2024-10-12T10:38:20.950+0800][info] GC(763) Survivor regions: 1->1(1)
[2024-10-12T10:38:20.950+0800][info] GC(763) Old regions: 47->48
[2024-10-12T10:38:20.950+0800][info] GC(763) Archive regions: 2->2
[2024-10-12T10:38:20.950+0800][info] GC(763) Humongous regions: 3->3
[2024-10-12T10:38:20.950+0800][info] GC(763) Metaspace: 1696K(1856K)->1696K(1856K) NonClass: 1572K(1664K)->1572K(1664K) Class: 124K(192K)->124K(192K)
[2024-10-12T10:38:20.950+0800][info] GC(763) Pause Young (Mixed) (G1 Evacuation Pause) 104M->102M(128M) 1.885ms
[2024-10-12T10:38:20.950+0800][info] GC(763) User=0.01s Sys=0.00s Real=0.00s
[2024-10-12T10:38:21.052+0800][info] GC(764) Pause Young (Normal) (G1 Evacuation Pause)
[2024-10-12T10:38:21.052+0800][info] GC(764) Using 3 workers of 48 for evacuation
[2024-10-12T10:38:21.053+0800][info] GC(764)   Pre Evacuate Collection Set: 0.1ms
[2024-10-12T10:38:21.053+0800][info] GC(764)   Merge Heap Roots: 0.0ms
[2024-10-12T10:38:21.053+0800][info] GC(764)   Evacuate Collection Set: 0.7ms
[2024-10-12T10:38:21.053+0800][info] GC(764)   Post Evacuate Collection Set: 0.2ms
[2024-10-12T10:38:21.053+0800][info] GC(764)   Other: 0.2ms
[2024-10-12T10:38:21.053+0800][info] GC(764) Eden regions: 2->0(2)
[2024-10-12T10:38:21.053+0800][info] GC(764) Survivor regions: 1->1(1)
[2024-10-12T10:38:21.053+0800][info] GC(764) Old regions: 48->50
[2024-10-12T10:38:21.053+0800][info] GC(764) Archive regions: 2->2
[2024-10-12T10:38:21.053+0800][info] GC(764) Humongous regions: 3->3
[2024-10-12T10:38:21.054+0800][info] GC(764) Metaspace: 1696K(1856K)->1696K(1856K) NonClass: 1572K(1664K)->1572K(1664K) Class: 124K(192K)->124K(192K)
[2024-10-12T10:38:21.054+0800][info] GC(764) Pause Young (Normal) (G1 Evacuation Pause) 106M->106M(128M) 1.420ms
[2024-10-12T10:38:21.054+0800][info] GC(764) User=0.00s Sys=0.00s Real=0.01s
[2024-10-12T10:38:21.156+0800][info] GC(765) Pause Young (Concurrent Start) (G1 Evacuation Pause)
[2024-10-12T10:38:21.156+0800][info] GC(765) Using 3 workers of 48 for evacuation
[2024-10-12T10:38:21.157+0800][info] GC(765)   Pre Evacuate Collection Set: 0.1ms
[2024-10-12T10:38:21.157+0800][info] GC(765)   Merge Heap Roots: 0.0ms
[2024-10-12T10:38:21.157+0800][info] GC(765)   Evacuate Collection Set: 0.8ms
[2024-10-12T10:38:21.157+0800][info] GC(765)   Post Evacuate Collection Set: 0.2ms
[2024-10-12T10:38:21.157+0800][info] GC(765)   Other: 0.3ms
[2024-10-12T10:38:21.157+0800][info] GC(765) Eden regions: 2->0(2)
[2024-10-12T10:38:21.157+0800][info] GC(765) Survivor regions: 1->1(1)
[2024-10-12T10:38:21.157+0800][info] GC(765) Old regions: 50->52
[2024-10-12T10:38:21.157+0800][info] GC(765) Archive regions: 2->2
[2024-10-12T10:38:21.157+0800][info] GC(765) Humongous regions: 3->3
[2024-10-12T10:38:21.157+0800][info] GC(765) Metaspace: 1696K(1856K)->1696K(1856K) NonClass: 1572K(1664K)->1572K(1664K) Class: 124K(192K)->124K(192K)
[2024-10-12T10:38:21.157+0800][info] GC(765) Pause Young (Concurrent Start) (G1 Evacuation Pause) 110M->110M(128M) 1.677ms
[2024-10-12T10:38:21.157+0800][info] GC(765) User=0.01s Sys=0.01s Real=0.00s
[2024-10-12T10:38:21.157+0800][info] GC(766) Concurrent Mark Cycle
[2024-10-12T10:38:21.157+0800][info] GC(766) Concurrent Clear Claimed Marks
[2024-10-12T10:38:21.157+0800][info] GC(766) Concurrent Clear Claimed Marks 0.016ms
[2024-10-12T10:38:21.157+0800][info] GC(766) Concurrent Scan Root Regions
[2024-10-12T10:38:21.158+0800][info] GC(766) Concurrent Scan Root Regions 0.112ms
[2024-10-12T10:38:21.158+0800][info] GC(766) Concurrent Mark
[2024-10-12T10:38:21.158+0800][info] GC(766) Concurrent Mark From Roots
[2024-10-12T10:38:21.158+0800][info] GC(766) Using 12 workers of 12 for marking
[2024-10-12T10:38:21.161+0800][info] GC(766) Concurrent Mark From Roots 3.587ms
[2024-10-12T10:38:21.161+0800][info] GC(766) Concurrent Preclean
[2024-10-12T10:38:21.163+0800][info] GC(766) Concurrent Preclean 1.690ms
[2024-10-12T10:38:21.163+0800][info] GC(766) Pause Remark
[2024-10-12T10:38:21.165+0800][info] GC(766) Pause Remark 110M->110M(128M) 1.704ms
[2024-10-12T10:38:21.165+0800][info] GC(766) User=0.00s Sys=0.00s Real=0.00s
[2024-10-12T10:38:21.165+0800][info] GC(766) Concurrent Mark 7.288ms
[2024-10-12T10:38:21.165+0800][info] GC(766) Concurrent Rebuild Remembered Sets
[2024-10-12T10:38:21.166+0800][info] GC(766) Concurrent Rebuild Remembered Sets 1.332ms
[2024-10-12T10:38:21.166+0800][info] GC(766) Pause Cleanup
[2024-10-12T10:38:21.167+0800][info] GC(766) Pause Cleanup 110M->110M(128M) 0.228ms
[2024-10-12T10:38:21.167+0800][info] GC(766) User=0.00s Sys=0.00s Real=0.00s
[2024-10-12T10:38:21.167+0800][info] GC(766) Concurrent Cleanup for Next Mark
[2024-10-12T10:38:21.167+0800][info] GC(766) Concurrent Cleanup for Next Mark 0.363ms
[2024-10-12T10:38:21.167+0800][info] GC(766) Concurrent Mark Cycle 9.686ms
[2024-10-12T10:38:21.310+0800][info] GC(767) Pause Young (Prepare Mixed) (G1 Preventive Collection)
[2024-10-12T10:38:21.310+0800][info] GC(767) Using 3 workers of 48 for evacuation
[2024-10-12T10:38:21.311+0800][info] GC(767)   Pre Evacuate Collection Set: 0.1ms
[2024-10-12T10:38:21.312+0800][info] GC(767)   Merge Heap Roots: 0.1ms
[2024-10-12T10:38:21.312+0800][info] GC(767)   Evacuate Collection Set: 0.9ms
[2024-10-12T10:38:21.312+0800][info] GC(767)   Post Evacuate Collection Set: 0.2ms
[2024-10-12T10:38:21.312+0800][info] GC(767)   Other: 0.2ms
[2024-10-12T10:38:21.312+0800][info] GC(767) Eden regions: 2->0(2)
[2024-10-12T10:38:21.312+0800][info] GC(767) Survivor regions: 1->1(1)
[2024-10-12T10:38:21.312+0800][info] GC(767) Old regions: 52->54
[2024-10-12T10:38:21.312+0800][info] GC(767) Archive regions: 2->2
[2024-10-12T10:38:21.312+0800][info] GC(767) Humongous regions: 3->3
[2024-10-12T10:38:21.312+0800][info] GC(767) Metaspace: 1696K(1856K)->1696K(1856K) NonClass: 1572K(1664K)->1572K(1664K) Class: 124K(192K)->124K(192K)
[2024-10-12T10:38:21.312+0800][info] GC(767) Pause Young (Prepare Mixed) (G1 Preventive Collection) 113M->114M(128M) 1.595ms
[2024-10-12T10:38:21.312+0800][info] GC(767) User=0.00s Sys=0.00s Real=0.00s
[2024-10-12T10:38:21.374+0800][info] Heap
[2024-10-12T10:38:21.374+0800][info]  garbage-first heap   total 131072K, used 118748K [0x00000000f8000000, 0x0000000100000000)
[2024-10-12T10:38:21.374+0800][info]   region size 2048K, 2 young (4096K), 1 survivors (2048K)
[2024-10-12T10:38:21.374+0800][info]  Metaspace       used 1697K, committed 1856K, reserved 1114112K
[2024-10-12T10:38:21.374+0800][info]   class space    used 124K, committed 192K, reserved 1048576K
