[2024-09-08T18:12:08.808+0800][info] Using G1
[2024-09-08T18:12:08.810+0800][info] Version: 17.0.11-internal+0-adhoc.cxl.TencentKona-17-TencentKona-17.0.11 (release)
[2024-09-08T18:12:08.810+0800][info] CPUs: 72 total, 72 available
[2024-09-08T18:12:08.810+0800][info] Memory: 125G
[2024-09-08T18:12:08.810+0800][info] Large Page Support: Disabled
[2024-09-08T18:12:08.810+0800][info] NUMA Support: Disabled
[2024-09-08T18:12:08.810+0800][info] Compressed Oops: Enabled (32-bit)
[2024-09-08T18:12:08.810+0800][info] Heap Region Size: 4M
[2024-09-08T18:12:08.810+0800][info] Heap Min Capacity: 128M
[2024-09-08T18:12:08.810+0800][info] Heap Initial Capacity: 128M
[2024-09-08T18:12:08.810+0800][info] Heap Max Capacity: 128M
[2024-09-08T18:12:08.810+0800][info] Pre-touch: Disabled
[2024-09-08T18:12:08.810+0800][info] Parallel Workers: 48
[2024-09-08T18:12:08.810+0800][info] Concurrent Workers: 12
[2024-09-08T18:12:08.810+0800][info] Concurrent Refinement Workers: 48
[2024-09-08T18:12:08.810+0800][info] Periodic GC: Disabled
[2024-09-08T18:12:08.820+0800][info] CDS archive(s) mapped at: [0x00007af587000000-0x00007af587bc7000-0x00007af587bc7000), size 12349440, SharedBaseAddress: 0x00007af587000000, ArchiveRelocationMode: 1.
[2024-09-08T18:12:08.820+0800][info] Compressed class space mapped at: 0x00007af588000000-0x00007af5c8000000, reserved size: 1073741824
[2024-09-08T18:12:08.820+0800][info] Narrow klass base: 0x00007af587000000, Narrow klass shift: 0, Narrow klass range: 0x100000000
[2024-09-08T18:12:08.897+0800][info] GC(0) Pause Young (Normal) (G1 Evacuation Pause)
[2024-09-08T18:12:08.897+0800][info] GC(0) Using 3 workers of 48 for evacuation
[2024-09-08T18:12:08.899+0800][info] GC(0)   Pre Evacuate Collection Set: 0.0ms
[2024-09-08T18:12:08.899+0800][info] GC(0)   Merge Heap Roots: 0.0ms
[2024-09-08T18:12:08.899+0800][info] GC(0)   Evacuate Collection Set: 1.6ms
[2024-09-08T18:12:08.899+0800][info] GC(0)   Post Evacuate Collection Set: 0.4ms
[2024-09-08T18:12:08.899+0800][info] GC(0)   Other: 0.4ms
[2024-09-08T18:12:08.899+0800][info] GC(0) Eden regions: 1->0(1)
[2024-09-08T18:12:08.899+0800][info] GC(0) Survivor regions: 0->1(1)
[2024-09-08T18:12:08.899+0800][info] GC(0) Old regions: 0->0
[2024-09-08T18:12:08.899+0800][info] GC(0) Archive regions: 2->2
[2024-09-08T18:12:08.899+0800][info] GC(0) Humongous regions: 0->0
[2024-09-08T18:12:08.899+0800][info] GC(0) Metaspace: 603K(704K)->603K(704K) NonClass: 550K(576K)->550K(576K) Class: 53K(128K)->53K(128K)
[2024-09-08T18:12:08.899+0800][info] GC(0) Pause Young (Normal) (G1 Evacuation Pause) 7M->7M(128M) 2.548ms
[2024-09-08T18:12:08.899+0800][info] GC(0) User=0.00s Sys=0.01s Real=0.01s
[2024-09-08T18:12:08.900+0800][info] GC(1) Pause Young (Normal) (G1 Evacuation Pause)
[2024-09-08T18:12:08.900+0800][info] GC(1) Using 3 workers of 48 for evacuation
[2024-09-08T18:12:08.903+0800][info] GC(1)   Pre Evacuate Collection Set: 0.0ms
[2024-09-08T18:12:08.903+0800][info] GC(1)   Merge Heap Roots: 0.0ms
[2024-09-08T18:12:08.903+0800][info] GC(1)   Evacuate Collection Set: 3.0ms
[2024-09-08T18:12:08.903+0800][info] GC(1)   Post Evacuate Collection Set: 0.1ms
[2024-09-08T18:12:08.903+0800][info] GC(1)   Other: 0.1ms
[2024-09-08T18:12:08.903+0800][info] GC(1) Eden regions: 1->0(1)
[2024-09-08T18:12:08.903+0800][info] GC(1) Survivor regions: 1->1(1)
[2024-09-08T18:12:08.903+0800][info] GC(1) Old regions: 0->1
[2024-09-08T18:12:08.903+0800][info] GC(1) Archive regions: 2->2
[2024-09-08T18:12:08.903+0800][info] GC(1) Humongous regions: 0->0
[2024-09-08T18:12:08.903+0800][info] GC(1) Metaspace: 603K(704K)->603K(704K) NonClass: 550K(576K)->550K(576K) Class: 53K(128K)->53K(128K)
[2024-09-08T18:12:08.903+0800][info] GC(1) Pause Young (Normal) (G1 Evacuation Pause) 11M->11M(128M) 3.262ms
[2024-09-08T18:12:08.903+0800][info] GC(1) User=0.02s Sys=0.00s Real=0.00s
[2024-09-08T18:12:08.903+0800][info] GC(2) Pause Young (Normal) (G1 Evacuation Pause)
[2024-09-08T18:12:08.903+0800][info] GC(2) Using 3 workers of 48 for evacuation
[2024-09-08T18:12:08.905+0800][info] GC(2)   Pre Evacuate Collection Set: 0.0ms
[2024-09-08T18:12:08.905+0800][info] GC(2)   Merge Heap Roots: 0.0ms
[2024-09-08T18:12:08.905+0800][info] GC(2)   Evacuate Collection Set: 1.9ms
[2024-09-08T18:12:08.905+0800][info] GC(2)   Post Evacuate Collection Set: 0.1ms
[2024-09-08T18:12:08.905+0800][info] GC(2)   Other: 0.1ms
[2024-09-08T18:12:08.905+0800][info] GC(2) Eden regions: 1->0(1)
[2024-09-08T18:12:08.905+0800][info] GC(2) Survivor regions: 1->1(1)
[2024-09-08T18:12:08.906+0800][info] GC(2) Old regions: 1->2
[2024-09-08T18:12:08.906+0800][info] GC(2) Archive regions: 2->2
[2024-09-08T18:12:08.906+0800][info] GC(2) Humongous regions: 0->0
[2024-09-08T18:12:08.906+0800][info] GC(2) Metaspace: 603K(704K)->603K(704K) NonClass: 550K(576K)->550K(576K) Class: 53K(128K)->53K(128K)
[2024-09-08T18:12:08.906+0800][info] GC(2) Pause Young (Normal) (G1 Evacuation Pause) 15M->14M(128M) 2.184ms
[2024-09-08T18:12:08.906+0800][info] GC(2) User=0.00s Sys=0.01s Real=0.01s
[2024-09-08T18:12:08.906+0800][info] GC(3) Pause Young (Normal) (G1 Evacuation Pause)
[2024-09-08T18:12:08.906+0800][info] GC(3) Using 3 workers of 48 for evacuation
[2024-09-08T18:12:08.908+0800][info] GC(3)   Pre Evacuate Collection Set: 0.0ms
[2024-09-08T18:12:08.908+0800][info] GC(3)   Merge Heap Roots: 0.0ms
[2024-09-08T18:12:08.908+0800][info] GC(3)   Evacuate Collection Set: 1.8ms
[2024-09-08T18:12:08.908+0800][info] GC(3)   Post Evacuate Collection Set: 0.1ms
[2024-09-08T18:12:08.908+0800][info] GC(3)   Other: 0.1ms
[2024-09-08T18:12:08.908+0800][info] GC(3) Eden regions: 1->0(2)
[2024-09-08T18:12:08.908+0800][info] GC(3) Survivor regions: 1->1(1)
[2024-09-08T18:12:08.908+0800][info] GC(3) Old regions: 2->3
[2024-09-08T18:12:08.908+0800][info] GC(3) Archive regions: 2->2
[2024-09-08T18:12:08.908+0800][info] GC(3) Humongous regions: 0->0
[2024-09-08T18:12:08.908+0800][info] GC(3) Metaspace: 603K(704K)->603K(704K) NonClass: 550K(576K)->550K(576K) Class: 53K(128K)->53K(128K)
[2024-09-08T18:12:08.908+0800][info] GC(3) Pause Young (Normal) (G1 Evacuation Pause) 18M->18M(128M) 2.139ms
[2024-09-08T18:12:08.908+0800][info] GC(3) User=0.01s Sys=0.00s Real=0.00s
[2024-09-08T18:12:08.910+0800][info] GC(4) Pause Young (Normal) (G1 Evacuation Pause)
[2024-09-08T18:12:08.910+0800][info] GC(4) Using 3 workers of 48 for evacuation
[2024-09-08T18:12:08.914+0800][info] GC(4)   Pre Evacuate Collection Set: 0.0ms
[2024-09-08T18:12:08.914+0800][info] GC(4)   Merge Heap Roots: 0.0ms
[2024-09-08T18:12:08.914+0800][info] GC(4)   Evacuate Collection Set: 4.5ms
[2024-09-08T18:12:08.914+0800][info] GC(4)   Post Evacuate Collection Set: 0.1ms
[2024-09-08T18:12:08.914+0800][info] GC(4)   Other: 0.1ms
[2024-09-08T18:12:08.914+0800][info] GC(4) Eden regions: 2->0(2)
[2024-09-08T18:12:08.914+0800][info] GC(4) Survivor regions: 1->1(1)
[2024-09-08T18:12:08.914+0800][info] GC(4) Old regions: 3->5
[2024-09-08T18:12:08.914+0800][info] GC(4) Archive regions: 2->2
[2024-09-08T18:12:08.914+0800][info] GC(4) Humongous regions: 0->0
[2024-09-08T18:12:08.914+0800][info] GC(4) Metaspace: 603K(704K)->603K(704K) NonClass: 550K(576K)->550K(576K) Class: 53K(128K)->53K(128K)
[2024-09-08T18:12:08.915+0800][info] GC(4) Pause Young (Normal) (G1 Evacuation Pause) 26M->27M(128M) 4.839ms
[2024-09-08T18:12:08.915+0800][info] GC(4) User=0.01s Sys=0.00s Real=0.00s
[2024-09-08T18:12:08.916+0800][info] GC(5) Pause Young (Normal) (G1 Evacuation Pause)
[2024-09-08T18:12:08.916+0800][info] GC(5) Using 3 workers of 48 for evacuation
[2024-09-08T18:12:08.920+0800][info] GC(5)   Pre Evacuate Collection Set: 0.0ms
[2024-09-08T18:12:08.920+0800][info] GC(5)   Merge Heap Roots: 0.0ms
[2024-09-08T18:12:08.920+0800][info] GC(5)   Evacuate Collection Set: 3.5ms
[2024-09-08T18:12:08.920+0800][info] GC(5)   Post Evacuate Collection Set: 0.1ms
[2024-09-08T18:12:08.920+0800][info] GC(5)   Other: 0.1ms
[2024-09-08T18:12:08.920+0800][info] GC(5) Eden regions: 2->0(2)
[2024-09-08T18:12:08.920+0800][info] GC(5) Survivor regions: 1->1(1)
[2024-09-08T18:12:08.920+0800][info] GC(5) Old regions: 5->7
[2024-09-08T18:12:08.920+0800][info] GC(5) Archive regions: 2->2
[2024-09-08T18:12:08.920+0800][info] GC(5) Humongous regions: 0->0
[2024-09-08T18:12:08.920+0800][info] GC(5) Metaspace: 603K(704K)->603K(704K) NonClass: 550K(576K)->550K(576K) Class: 53K(128K)->53K(128K)
[2024-09-08T18:12:08.920+0800][info] GC(5) Pause Young (Normal) (G1 Evacuation Pause) 34M->35M(128M) 3.815ms
[2024-09-08T18:12:08.920+0800][info] GC(5) User=0.00s Sys=0.01s Real=0.01s
[2024-09-08T18:12:08.922+0800][info] GC(6) Pause Young (Normal) (G1 Evacuation Pause)
[2024-09-08T18:12:08.922+0800][info] GC(6) Using 3 workers of 48 for evacuation
[2024-09-08T18:12:08.925+0800][info] GC(6)   Pre Evacuate Collection Set: 0.0ms
[2024-09-08T18:12:08.925+0800][info] GC(6)   Merge Heap Roots: 0.0ms
[2024-09-08T18:12:08.925+0800][info] GC(6)   Evacuate Collection Set: 3.3ms
[2024-09-08T18:12:08.925+0800][info] GC(6)   Post Evacuate Collection Set: 0.1ms
[2024-09-08T18:12:08.925+0800][info] GC(6)   Other: 0.1ms
[2024-09-08T18:12:08.925+0800][info] GC(6) Eden regions: 2->0(3)
[2024-09-08T18:12:08.925+0800][info] GC(6) Survivor regions: 1->1(1)
[2024-09-08T18:12:08.925+0800][info] GC(6) Old regions: 7->9
[2024-09-08T18:12:08.925+0800][info] GC(6) Archive regions: 2->2
[2024-09-08T18:12:08.926+0800][info] GC(6) Humongous regions: 0->0
[2024-09-08T18:12:08.926+0800][info] GC(6) Metaspace: 603K(704K)->603K(704K) NonClass: 550K(576K)->550K(576K) Class: 53K(128K)->53K(128K)
[2024-09-08T18:12:08.926+0800][info] GC(6) Pause Young (Normal) (G1 Evacuation Pause) 42M->43M(128M) 3.625ms
[2024-09-08T18:12:08.926+0800][info] GC(6) User=0.00s Sys=0.01s Real=0.01s
[2024-09-08T18:12:08.928+0800][info] GC(7) Pause Young (Normal) (G1 Evacuation Pause)
[2024-09-08T18:12:08.928+0800][info] GC(7) Using 3 workers of 48 for evacuation
[2024-09-08T18:12:08.934+0800][info] GC(7)   Pre Evacuate Collection Set: 0.0ms
[2024-09-08T18:12:08.934+0800][info] GC(7)   Merge Heap Roots: 0.0ms
[2024-09-08T18:12:08.934+0800][info] GC(7)   Evacuate Collection Set: 6.0ms
[2024-09-08T18:12:08.934+0800][info] GC(7)   Post Evacuate Collection Set: 0.1ms
[2024-09-08T18:12:08.934+0800][info] GC(7)   Other: 0.1ms
[2024-09-08T18:12:08.934+0800][info] GC(7) Eden regions: 3->0(4)
[2024-09-08T18:12:08.934+0800][info] GC(7) Survivor regions: 1->1(1)
[2024-09-08T18:12:08.934+0800][info] GC(7) Old regions: 9->12
[2024-09-08T18:12:08.934+0800][info] GC(7) Archive regions: 2->2
[2024-09-08T18:12:08.934+0800][info] GC(7) Humongous regions: 0->0
[2024-09-08T18:12:08.934+0800][info] GC(7) Metaspace: 603K(704K)->603K(704K) NonClass: 550K(576K)->550K(576K) Class: 53K(128K)->53K(128K)
[2024-09-08T18:12:08.934+0800][info] GC(7) Pause Young (Normal) (G1 Evacuation Pause) 54M->55M(128M) 6.277ms
[2024-09-08T18:12:08.934+0800][info] GC(7) User=0.00s Sys=0.02s Real=0.00s
[2024-09-08T18:12:08.937+0800][info] GC(8) Pause Young (Normal) (G1 Evacuation Pause)
[2024-09-08T18:12:08.937+0800][info] GC(8) Using 3 workers of 48 for evacuation
[2024-09-08T18:12:08.945+0800][info] GC(8)   Pre Evacuate Collection Set: 0.0ms
[2024-09-08T18:12:08.945+0800][info] GC(8)   Merge Heap Roots: 0.0ms
[2024-09-08T18:12:08.945+0800][info] GC(8)   Evacuate Collection Set: 7.4ms
[2024-09-08T18:12:08.945+0800][info] GC(8)   Post Evacuate Collection Set: 0.1ms
[2024-09-08T18:12:08.945+0800][info] GC(8)   Other: 0.1ms
[2024-09-08T18:12:08.945+0800][info] GC(8) Eden regions: 4->0(3)
[2024-09-08T18:12:08.945+0800][info] GC(8) Survivor regions: 1->1(1)
[2024-09-08T18:12:08.945+0800][info] GC(8) Old regions: 12->16
[2024-09-08T18:12:08.945+0800][info] GC(8) Archive regions: 2->2
[2024-09-08T18:12:08.945+0800][info] GC(8) Humongous regions: 0->0
[2024-09-08T18:12:08.945+0800][info] GC(8) Metaspace: 603K(704K)->603K(704K) NonClass: 550K(576K)->550K(576K) Class: 53K(128K)->53K(128K)
[2024-09-08T18:12:08.945+0800][info] GC(8) Pause Young (Normal) (G1 Evacuation Pause) 70M->71M(128M) 7.757ms
[2024-09-08T18:12:08.945+0800][info] GC(8) User=0.01s Sys=0.01s Real=0.00s
[2024-09-08T18:12:08.947+0800][info] GC(9) Pause Young (Concurrent Start) (G1 Evacuation Pause)
[2024-09-08T18:12:08.947+0800][info] GC(9) Using 3 workers of 48 for evacuation
[2024-09-08T18:12:08.953+0800][info] GC(9)   Pre Evacuate Collection Set: 0.0ms
[2024-09-08T18:12:08.953+0800][info] GC(9)   Merge Heap Roots: 0.0ms
[2024-09-08T18:12:08.953+0800][info] GC(9)   Evacuate Collection Set: 4.9ms
[2024-09-08T18:12:08.953+0800][info] GC(9)   Post Evacuate Collection Set: 0.1ms
[2024-09-08T18:12:08.953+0800][info] GC(9)   Other: 0.5ms
[2024-09-08T18:12:08.953+0800][info] GC(9) Eden regions: 3->0(2)
[2024-09-08T18:12:08.953+0800][info] GC(9) Survivor regions: 1->1(1)
[2024-09-08T18:12:08.953+0800][info] GC(9) Old regions: 16->19
[2024-09-08T18:12:08.953+0800][info] GC(9) Archive regions: 2->2
[2024-09-08T18:12:08.953+0800][info] GC(9) Humongous regions: 0->0
[2024-09-08T18:12:08.953+0800][info] GC(9) Metaspace: 603K(704K)->603K(704K) NonClass: 550K(576K)->550K(576K) Class: 53K(128K)->53K(128K)
[2024-09-08T18:12:08.953+0800][info] GC(9) Pause Young (Concurrent Start) (G1 Evacuation Pause) 82M->83M(128M) 5.674ms
[2024-09-08T18:12:08.953+0800][info] GC(9) User=0.01s Sys=0.01s Real=0.00s
[2024-09-08T18:12:08.953+0800][info] GC(10) Concurrent Mark Cycle
[2024-09-08T18:12:08.953+0800][info] GC(10) Concurrent Clear Claimed Marks
[2024-09-08T18:12:08.953+0800][info] GC(10) Concurrent Clear Claimed Marks 0.007ms
[2024-09-08T18:12:08.953+0800][info] GC(10) Concurrent Scan Root Regions
[2024-09-08T18:12:08.955+0800][info] GC(10) Concurrent Scan Root Regions 1.764ms
[2024-09-08T18:12:08.955+0800][info] GC(10) Concurrent Mark
[2024-09-08T18:12:08.955+0800][info] GC(10) Concurrent Mark From Roots
[2024-09-08T18:12:08.955+0800][info] GC(10) Using 12 workers of 12 for marking
[2024-09-08T18:12:08.958+0800][info] GC(10) Concurrent Mark From Roots 2.948ms
[2024-09-08T18:12:08.958+0800][info] GC(10) Concurrent Preclean
[2024-09-08T18:12:08.958+0800][info] GC(10) Concurrent Preclean 0.558ms
[2024-09-08T18:12:08.958+0800][info] GC(10) Pause Remark
[2024-09-08T18:12:08.959+0800][info] GC(10) Pause Remark 83M->83M(128M) 0.610ms
[2024-09-08T18:12:08.959+0800][info] GC(10) User=0.00s Sys=0.00s Real=0.00s
[2024-09-08T18:12:08.959+0800][info] GC(10) Concurrent Mark 4.200ms
[2024-09-08T18:12:08.959+0800][info] GC(10) Concurrent Rebuild Remembered Sets
[2024-09-08T18:12:08.962+0800][info] GC(10) Concurrent Rebuild Remembered Sets 3.561ms
[2024-09-08T18:12:08.962+0800][info] GC(10) Pause Cleanup
[2024-09-08T18:12:08.963+0800][info] GC(10) Pause Cleanup 83M->83M(128M) 0.207ms
[2024-09-08T18:12:08.963+0800][info] GC(10) User=0.00s Sys=0.00s Real=0.00s
[2024-09-08T18:12:08.963+0800][info] GC(10) Concurrent Cleanup for Next Mark
[2024-09-08T18:12:08.963+0800][info] GC(10) Concurrent Cleanup for Next Mark 0.797ms
[2024-09-08T18:12:08.963+0800][info] GC(10) Concurrent Mark Cycle 10.680ms
[2024-09-08T18:12:09.963+0800][info] GC(11) Pause Young (Normal) (G1 Evacuation Pause)
[2024-09-08T18:12:09.963+0800][info] GC(11) Using 3 workers of 48 for evacuation
[2024-09-08T18:12:09.968+0800][info] GC(11)   Pre Evacuate Collection Set: 0.1ms
[2024-09-08T18:12:09.968+0800][info] GC(11)   Merge Heap Roots: 0.0ms
[2024-09-08T18:12:09.968+0800][info] GC(11)   Evacuate Collection Set: 4.2ms
[2024-09-08T18:12:09.968+0800][info] GC(11)   Post Evacuate Collection Set: 0.7ms
[2024-09-08T18:12:09.968+0800][info] GC(11)   Other: 0.2ms
[2024-09-08T18:12:09.968+0800][info] GC(11) Eden regions: 2->0(2)
[2024-09-08T18:12:09.968+0800][info] GC(11) Survivor regions: 1->1(1)
[2024-09-08T18:12:09.968+0800][info] GC(11) Old regions: 19->21
[2024-09-08T18:12:09.968+0800][info] GC(11) Archive regions: 2->2
[2024-09-08T18:12:09.968+0800][info] GC(11) Humongous regions: 0->0
[2024-09-08T18:12:09.968+0800][info] GC(11) Metaspace: 651K(832K)->651K(832K) NonClass: 592K(704K)->592K(704K) Class: 59K(128K)->59K(128K)
[2024-09-08T18:12:09.968+0800][info] GC(11) Pause Young (Normal) (G1 Evacuation Pause) 91M->90M(128M) 5.472ms
[2024-09-08T18:12:09.968+0800][info] GC(11) User=0.01s Sys=0.01s Real=0.01s
[2024-09-08T18:12:09.970+0800][info] GC(12) Pause Young (Concurrent Start) (G1 Evacuation Pause)
[2024-09-08T18:12:09.970+0800][info] GC(12) Using 3 workers of 48 for evacuation
[2024-09-08T18:12:09.975+0800][info] GC(12)   Pre Evacuate Collection Set: 0.1ms
[2024-09-08T18:12:09.976+0800][info] GC(12)   Merge Heap Roots: 0.0ms
[2024-09-08T18:12:09.976+0800][info] GC(12)   Evacuate Collection Set: 4.6ms
[2024-09-08T18:12:09.976+0800][info] GC(12)   Post Evacuate Collection Set: 0.1ms
[2024-09-08T18:12:09.976+0800][info] GC(12)   Other: 0.3ms
[2024-09-08T18:12:09.976+0800][info] GC(12) Eden regions: 2->0(2)
[2024-09-08T18:12:09.976+0800][info] GC(12) Survivor regions: 1->1(1)
[2024-09-08T18:12:09.976+0800][info] GC(12) Old regions: 21->23
[2024-09-08T18:12:09.976+0800][info] GC(12) Archive regions: 2->2
[2024-09-08T18:12:09.976+0800][info] GC(12) Humongous regions: 0->0
[2024-09-08T18:12:09.976+0800][info] GC(12) Metaspace: 651K(832K)->651K(832K) NonClass: 592K(704K)->592K(704K) Class: 59K(128K)->59K(128K)
[2024-09-08T18:12:09.976+0800][info] GC(12) Pause Young (Concurrent Start) (G1 Evacuation Pause) 98M->98M(128M) 5.271ms
[2024-09-08T18:12:09.976+0800][info] GC(12) User=0.01s Sys=0.00s Real=0.00s
[2024-09-08T18:12:09.976+0800][info] GC(13) Concurrent Mark Cycle
[2024-09-08T18:12:09.976+0800][info] GC(13) Concurrent Clear Claimed Marks
[2024-09-08T18:12:09.976+0800][info] GC(13) Concurrent Clear Claimed Marks 0.020ms
[2024-09-08T18:12:09.976+0800][info] GC(13) Concurrent Scan Root Regions
[2024-09-08T18:12:09.976+0800][info] GC(13) Concurrent Scan Root Regions 0.149ms
[2024-09-08T18:12:09.976+0800][info] GC(13) Concurrent Mark
[2024-09-08T18:12:09.976+0800][info] GC(13) Concurrent Mark From Roots
[2024-09-08T18:12:09.976+0800][info] GC(13) Using 12 workers of 12 for marking
[2024-09-08T18:12:09.979+0800][info] GC(13) Concurrent Mark From Roots 2.650ms
[2024-09-08T18:12:09.979+0800][info] GC(13) Concurrent Preclean
[2024-09-08T18:12:09.980+0800][info] GC(13) Concurrent Preclean 1.626ms
[2024-09-08T18:12:09.980+0800][info] GC(13) Pause Remark
[2024-09-08T18:12:09.981+0800][info] GC(13) Pause Remark 99M->99M(128M) 0.853ms
[2024-09-08T18:12:09.981+0800][info] GC(13) User=0.00s Sys=0.00s Real=0.00s
[2024-09-08T18:12:09.981+0800][info] GC(13) Concurrent Mark 5.275ms
[2024-09-08T18:12:09.981+0800][info] GC(13) Concurrent Rebuild Remembered Sets
[2024-09-08T18:12:09.987+0800][info] GC(13) Concurrent Rebuild Remembered Sets 5.771ms
[2024-09-08T18:12:09.987+0800][info] GC(13) Pause Cleanup
[2024-09-08T18:12:09.988+0800][info] GC(13) Pause Cleanup 99M->99M(128M) 0.412ms
[2024-09-08T18:12:09.988+0800][info] GC(13) User=0.00s Sys=0.00s Real=0.00s
[2024-09-08T18:12:09.988+0800][info] GC(13) Concurrent Cleanup for Next Mark
[2024-09-08T18:12:09.988+0800][info] GC(13) Concurrent Cleanup for Next Mark 0.541ms
[2024-09-08T18:12:09.988+0800][info] GC(13) Concurrent Mark Cycle 12.426ms
[2024-09-08T18:12:10.981+0800][info] GC(14) Pause Young (Normal) (G1 Evacuation Pause)
[2024-09-08T18:12:10.981+0800][info] GC(14) Using 3 workers of 48 for evacuation
[2024-09-08T18:12:10.984+0800][info] GC(14)   Pre Evacuate Collection Set: 0.1ms
[2024-09-08T18:12:10.984+0800][info] GC(14)   Merge Heap Roots: 0.0ms
[2024-09-08T18:12:10.984+0800][info] GC(14)   Evacuate Collection Set: 3.1ms
[2024-09-08T18:12:10.984+0800][info] GC(14)   Post Evacuate Collection Set: 0.2ms
[2024-09-08T18:12:10.984+0800][info] GC(14)   Other: 0.2ms
[2024-09-08T18:12:10.984+0800][info] GC(14) Eden regions: 1->0(1)
[2024-09-08T18:12:10.984+0800][info] GC(14) Survivor regions: 1->1(1)
[2024-09-08T18:12:10.984+0800][info] GC(14) Old regions: 23->24
[2024-09-08T18:12:10.984+0800][info] GC(14) Archive regions: 2->2
[2024-09-08T18:12:10.984+0800][info] GC(14) Humongous regions: 0->0
[2024-09-08T18:12:10.984+0800][info] GC(14) Metaspace: 655K(832K)->655K(832K) NonClass: 596K(704K)->596K(704K) Class: 59K(128K)->59K(128K)
[2024-09-08T18:12:10.984+0800][info] GC(14) Pause Young (Normal) (G1 Evacuation Pause) 102M->102M(128M) 3.648ms
[2024-09-08T18:12:10.984+0800][info] GC(14) User=0.01s Sys=0.00s Real=0.00s
[2024-09-08T18:12:10.989+0800][info] GC(15) Pause Young (Concurrent Start) (G1 Humongous Allocation)
[2024-09-08T18:12:10.989+0800][info] GC(15) Using 3 workers of 48 for evacuation
[2024-09-08T18:12:10.992+0800][info] GC(15)   Pre Evacuate Collection Set: 0.0ms
[2024-09-08T18:12:10.992+0800][info] GC(15)   Merge Heap Roots: 0.0ms
[2024-09-08T18:12:10.992+0800][info] GC(15)   Evacuate Collection Set: 1.7ms
[2024-09-08T18:12:10.992+0800][info] GC(15)   Post Evacuate Collection Set: 0.7ms
[2024-09-08T18:12:10.992+0800][info] GC(15)   Other: 0.3ms
[2024-09-08T18:12:10.992+0800][info] GC(15) Eden regions: 1->0(1)
[2024-09-08T18:12:10.992+0800][info] GC(15) Survivor regions: 1->1(1)
[2024-09-08T18:12:10.992+0800][info] GC(15) Old regions: 24->25
[2024-09-08T18:12:10.992+0800][info] GC(15) Archive regions: 2->2
[2024-09-08T18:12:10.992+0800][info] GC(15) Humongous regions: 0->0
[2024-09-08T18:12:10.992+0800][info] GC(15) Metaspace: 663K(832K)->663K(832K) NonClass: 604K(704K)->604K(704K) Class: 59K(128K)->59K(128K)
[2024-09-08T18:12:10.992+0800][info] GC(15) Pause Young (Concurrent Start) (G1 Humongous Allocation) 105M->105M(128M) 2.879ms
[2024-09-08T18:12:10.992+0800][info] GC(15) User=0.01s Sys=0.00s Real=0.00s
[2024-09-08T18:12:10.992+0800][info] GC(16) Concurrent Mark Cycle
[2024-09-08T18:12:10.992+0800][info] GC(16) Concurrent Clear Claimed Marks
[2024-09-08T18:12:10.992+0800][info] GC(16) Concurrent Clear Claimed Marks 0.018ms
[2024-09-08T18:12:10.992+0800][info] GC(16) Concurrent Scan Root Regions
[2024-09-08T18:12:10.992+0800][info] GC(16) Concurrent Scan Root Regions 0.075ms
[2024-09-08T18:12:10.992+0800][info] GC(16) Concurrent Mark
[2024-09-08T18:12:10.992+0800][info] GC(16) Concurrent Mark From Roots
[2024-09-08T18:12:10.992+0800][info] GC(16) Using 12 workers of 12 for marking
[2024-09-08T18:12:10.992+0800][info] GC(17) Pause Young (Normal) (G1 Humongous Allocation)
[2024-09-08T18:12:10.992+0800][info] GC(17) Using 3 workers of 48 for evacuation
[2024-09-08T18:12:10.993+0800][info] GC(17)   Pre Evacuate Collection Set: 0.0ms
[2024-09-08T18:12:10.993+0800][info] GC(17)   Merge Heap Roots: 0.0ms
[2024-09-08T18:12:10.993+0800][info] GC(17)   Evacuate Collection Set: 0.4ms
[2024-09-08T18:12:10.993+0800][info] GC(17)   Post Evacuate Collection Set: 0.2ms
[2024-09-08T18:12:10.993+0800][info] GC(17)   Other: 0.2ms
[2024-09-08T18:12:10.993+0800][info] GC(17) Eden regions: 0->0(1)
[2024-09-08T18:12:10.993+0800][info] GC(17) Survivor regions: 1->0(1)
[2024-09-08T18:12:10.993+0800][info] GC(17) Old regions: 25->26
[2024-09-08T18:12:10.993+0800][info] GC(17) Archive regions: 2->2
[2024-09-08T18:12:10.993+0800][info] GC(17) Humongous regions: 0->0
[2024-09-08T18:12:10.993+0800][info] GC(17) Metaspace: 663K(832K)->663K(832K) NonClass: 604K(704K)->604K(704K) Class: 59K(128K)->59K(128K)
[2024-09-08T18:12:10.993+0800][info] GC(17) Pause Young (Normal) (G1 Humongous Allocation) 105M->105M(128M) 0.932ms
[2024-09-08T18:12:10.993+0800][info] GC(17) User=0.00s Sys=0.00s Real=0.00s
[2024-09-08T18:12:10.993+0800][info] Attempting full compaction
[2024-09-08T18:12:10.993+0800][info] GC(18) Using 1 workers of 48 for full compaction
[2024-09-08T18:12:10.993+0800][info] GC(18) Pause Full (G1 Compaction Pause)
[2024-09-08T18:12:10.993+0800][info] GC(18) Phase 1: Mark live objects
[2024-09-08T18:12:10.997+0800][info] GC(18) Phase 1: Mark live objects 3.973ms
[2024-09-08T18:12:10.997+0800][info] GC(18) Phase 2: Prepare for compaction
[2024-09-08T18:12:10.999+0800][info] GC(18) Phase 2: Prepare for compaction 1.500ms
[2024-09-08T18:12:10.999+0800][info] GC(18) Phase 3: Adjust pointers
[2024-09-08T18:12:11.002+0800][info] GC(18) Phase 3: Adjust pointers 2.598ms
[2024-09-08T18:12:11.002+0800][info] GC(18) Phase 4: Compact heap
[2024-09-08T18:12:11.003+0800][info] GC(18) Phase 4: Compact heap 1.009ms
[2024-09-08T18:12:11.003+0800][info] GC(18) Eden regions: 0->0(8)
[2024-09-08T18:12:11.003+0800][info] GC(18) Survivor regions: 0->0(1)
[2024-09-08T18:12:11.003+0800][info] GC(18) Old regions: 26->1
[2024-09-08T18:12:11.003+0800][info] GC(18) Archive regions: 2->2
[2024-09-08T18:12:11.003+0800][info] GC(18) Humongous regions: 0->0
[2024-09-08T18:12:11.003+0800][info] GC(18) Metaspace: 663K(832K)->663K(832K) NonClass: 604K(704K)->604K(704K) Class: 59K(128K)->59K(128K)
[2024-09-08T18:12:11.003+0800][info] GC(18) Pause Full (G1 Compaction Pause) 105M->4M(128M) 10.291ms
[2024-09-08T18:12:11.003+0800][info] GC(18) User=0.01s Sys=0.00s Real=0.01s
[2024-09-08T18:12:11.004+0800][info] GC(16) Concurrent Mark From Roots 11.686ms
[2024-09-08T18:12:11.004+0800][info] GC(16) Concurrent Mark Abort
[2024-09-08T18:12:11.004+0800][info] GC(16) Concurrent Mark Cycle 11.947ms
[2024-09-08T18:12:11.017+0800][info] GC(19) Pause Young (Concurrent Start) (G1 Humongous Allocation)
[2024-09-08T18:12:11.017+0800][info] GC(19) Using 3 workers of 48 for evacuation
[2024-09-08T18:12:11.018+0800][info] GC(19)   Pre Evacuate Collection Set: 0.1ms
[2024-09-08T18:12:11.018+0800][info] GC(19)   Merge Heap Roots: 0.0ms
[2024-09-08T18:12:11.018+0800][info] GC(19)   Evacuate Collection Set: 0.3ms
[2024-09-08T18:12:11.018+0800][info] GC(19)   Post Evacuate Collection Set: 0.2ms
[2024-09-08T18:12:11.018+0800][info] GC(19)   Other: 0.3ms
[2024-09-08T18:12:11.018+0800][info] GC(19) Eden regions: 0->0(8)
[2024-09-08T18:12:11.018+0800][info] GC(19) Survivor regions: 0->0(1)
[2024-09-08T18:12:11.018+0800][info] GC(19) Old regions: 1->1
[2024-09-08T18:12:11.018+0800][info] GC(19) Archive regions: 2->2
[2024-09-08T18:12:11.018+0800][info] GC(19) Humongous regions: 11->0
[2024-09-08T18:12:11.018+0800][info] GC(19) Metaspace: 665K(832K)->665K(832K) NonClass: 606K(704K)->606K(704K) Class: 59K(128K)->59K(128K)
[2024-09-08T18:12:11.018+0800][info] GC(19) Pause Young (Concurrent Start) (G1 Humongous Allocation) 48M->4M(128M) 1.033ms
[2024-09-08T18:12:11.018+0800][info] GC(19) User=0.00s Sys=0.00s Real=0.00s
[2024-09-08T18:12:11.018+0800][info] GC(20) Concurrent Undo Cycle
[2024-09-08T18:12:11.019+0800][info] GC(20) Concurrent Cleanup for Next Mark
[2024-09-08T18:12:11.019+0800][info] GC(20) Concurrent Cleanup for Next Mark 0.267ms
[2024-09-08T18:12:11.019+0800][info] GC(20) Concurrent Undo Cycle 0.349ms
[2024-09-08T18:12:11.032+0800][info] GC(21) Pause Young (Concurrent Start) (G1 Humongous Allocation)
[2024-09-08T18:12:11.032+0800][info] GC(21) Using 3 workers of 48 for evacuation
[2024-09-08T18:12:11.033+0800][info] GC(21)   Pre Evacuate Collection Set: 0.1ms
[2024-09-08T18:12:11.033+0800][info] GC(21)   Merge Heap Roots: 0.0ms
[2024-09-08T18:12:11.033+0800][info] GC(21)   Evacuate Collection Set: 0.3ms
[2024-09-08T18:12:11.033+0800][info] GC(21)   Post Evacuate Collection Set: 0.2ms
[2024-09-08T18:12:11.033+0800][info] GC(21)   Other: 0.3ms
[2024-09-08T18:12:11.033+0800][info] GC(21) Eden regions: 0->0(8)
[2024-09-08T18:12:11.033+0800][info] GC(21) Survivor regions: 0->0(1)
[2024-09-08T18:12:11.033+0800][info] GC(21) Old regions: 1->1
[2024-09-08T18:12:11.033+0800][info] GC(21) Archive regions: 2->2
[2024-09-08T18:12:11.033+0800][info] GC(21) Humongous regions: 11->0
[2024-09-08T18:12:11.033+0800][info] GC(21) Metaspace: 665K(832K)->665K(832K) NonClass: 606K(704K)->606K(704K) Class: 59K(128K)->59K(128K)
[2024-09-08T18:12:11.033+0800][info] GC(21) Pause Young (Concurrent Start) (G1 Humongous Allocation) 48M->4M(128M) 0.911ms
[2024-09-08T18:12:11.033+0800][info] GC(21) User=0.00s Sys=0.00s Real=0.00s
[2024-09-08T18:12:11.033+0800][info] GC(22) Concurrent Undo Cycle
[2024-09-08T18:12:11.033+0800][info] GC(22) Concurrent Cleanup for Next Mark
[2024-09-08T18:12:11.033+0800][info] GC(22) Concurrent Cleanup for Next Mark 0.214ms
[2024-09-08T18:12:11.033+0800][info] GC(22) Concurrent Undo Cycle 0.283ms
[2024-09-08T18:12:11.047+0800][info] GC(23) Pause Young (Concurrent Start) (G1 Humongous Allocation)
[2024-09-08T18:12:11.047+0800][info] GC(23) Using 3 workers of 48 for evacuation
[2024-09-08T18:12:11.047+0800][info] GC(23)   Pre Evacuate Collection Set: 0.0ms
[2024-09-08T18:12:11.047+0800][info] GC(23)   Merge Heap Roots: 0.0ms
[2024-09-08T18:12:11.047+0800][info] GC(23)   Evacuate Collection Set: 0.3ms
[2024-09-08T18:12:11.047+0800][info] GC(23)   Post Evacuate Collection Set: 0.2ms
[2024-09-08T18:12:11.047+0800][info] GC(23)   Other: 0.2ms
[2024-09-08T18:12:11.047+0800][info] GC(23) Eden regions: 0->0(8)
[2024-09-08T18:12:11.047+0800][info] GC(23) Survivor regions: 0->0(1)
[2024-09-08T18:12:11.047+0800][info] GC(23) Old regions: 1->1
[2024-09-08T18:12:11.047+0800][info] GC(23) Archive regions: 2->2
[2024-09-08T18:12:11.047+0800][info] GC(23) Humongous regions: 11->0
[2024-09-08T18:12:11.047+0800][info] GC(23) Metaspace: 665K(832K)->665K(832K) NonClass: 606K(704K)->606K(704K) Class: 59K(128K)->59K(128K)
[2024-09-08T18:12:11.047+0800][info] GC(23) Pause Young (Concurrent Start) (G1 Humongous Allocation) 48M->4M(128M) 0.852ms
[2024-09-08T18:12:11.047+0800][info] GC(23) User=0.00s Sys=0.00s Real=0.00s
[2024-09-08T18:12:11.047+0800][info] GC(24) Concurrent Undo Cycle
[2024-09-08T18:12:11.047+0800][info] GC(24) Concurrent Cleanup for Next Mark
[2024-09-08T18:12:11.048+0800][info] GC(24) Concurrent Cleanup for Next Mark 0.148ms
[2024-09-08T18:12:11.048+0800][info] GC(24) Concurrent Undo Cycle 0.219ms
[2024-09-08T18:12:11.061+0800][info] GC(25) Pause Young (Concurrent Start) (G1 Humongous Allocation)
[2024-09-08T18:12:11.061+0800][info] GC(25) Using 3 workers of 48 for evacuation
[2024-09-08T18:12:11.062+0800][info] GC(25)   Pre Evacuate Collection Set: 0.0ms
[2024-09-08T18:12:11.062+0800][info] GC(25)   Merge Heap Roots: 0.0ms
[2024-09-08T18:12:11.062+0800][info] GC(25)   Evacuate Collection Set: 0.5ms
[2024-09-08T18:12:11.062+0800][info] GC(25)   Post Evacuate Collection Set: 0.2ms
[2024-09-08T18:12:11.062+0800][info] GC(25)   Other: 0.2ms
[2024-09-08T18:12:11.062+0800][info] GC(25) Eden regions: 0->0(8)
[2024-09-08T18:12:11.062+0800][info] GC(25) Survivor regions: 0->0(1)
[2024-09-08T18:12:11.062+0800][info] GC(25) Old regions: 1->1
[2024-09-08T18:12:11.062+0800][info] GC(25) Archive regions: 2->2
[2024-09-08T18:12:11.062+0800][info] GC(25) Humongous regions: 11->0
[2024-09-08T18:12:11.062+0800][info] GC(25) Metaspace: 665K(832K)->665K(832K) NonClass: 606K(704K)->606K(704K) Class: 59K(128K)->59K(128K)
[2024-09-08T18:12:11.062+0800][info] GC(25) Pause Young (Concurrent Start) (G1 Humongous Allocation) 48M->4M(128M) 1.095ms
[2024-09-08T18:12:11.062+0800][info] GC(25) User=0.00s Sys=0.00s Real=0.00s
[2024-09-08T18:12:11.062+0800][info] GC(26) Concurrent Undo Cycle
[2024-09-08T18:12:11.062+0800][info] GC(26) Concurrent Cleanup for Next Mark
[2024-09-08T18:12:11.062+0800][info] GC(26) Concurrent Cleanup for Next Mark 0.168ms
[2024-09-08T18:12:11.062+0800][info] GC(26) Concurrent Undo Cycle 0.226ms
[2024-09-08T18:12:11.075+0800][info] GC(27) Pause Young (Concurrent Start) (G1 Humongous Allocation)
[2024-09-08T18:12:11.075+0800][info] GC(27) Using 3 workers of 48 for evacuation
[2024-09-08T18:12:11.076+0800][info] GC(27)   Pre Evacuate Collection Set: 0.0ms
[2024-09-08T18:12:11.076+0800][info] GC(27)   Merge Heap Roots: 0.0ms
[2024-09-08T18:12:11.076+0800][info] GC(27)   Evacuate Collection Set: 0.3ms
[2024-09-08T18:12:11.076+0800][info] GC(27)   Post Evacuate Collection Set: 0.2ms
[2024-09-08T18:12:11.076+0800][info] GC(27)   Other: 0.3ms
[2024-09-08T18:12:11.076+0800][info] GC(27) Eden regions: 0->0(8)
[2024-09-08T18:12:11.076+0800][info] GC(27) Survivor regions: 0->0(1)
[2024-09-08T18:12:11.076+0800][info] GC(27) Old regions: 1->1
[2024-09-08T18:12:11.076+0800][info] GC(27) Archive regions: 2->2
[2024-09-08T18:12:11.076+0800][info] GC(27) Humongous regions: 11->0
[2024-09-08T18:12:11.076+0800][info] GC(27) Metaspace: 665K(832K)->665K(832K) NonClass: 606K(704K)->606K(704K) Class: 59K(128K)->59K(128K)
[2024-09-08T18:12:11.076+0800][info] GC(27) Pause Young (Concurrent Start) (G1 Humongous Allocation) 48M->4M(128M) 1.068ms
[2024-09-08T18:12:11.076+0800][info] GC(27) User=0.00s Sys=0.00s Real=0.00s
[2024-09-08T18:12:11.077+0800][info] GC(28) Concurrent Undo Cycle
[2024-09-08T18:12:11.077+0800][info] GC(28) Concurrent Cleanup for Next Mark
[2024-09-08T18:12:11.077+0800][info] GC(28) Concurrent Cleanup for Next Mark 0.197ms
[2024-09-08T18:12:11.077+0800][info] GC(28) Concurrent Undo Cycle 0.250ms
[2024-09-08T18:12:11.090+0800][info] GC(29) Pause Young (Concurrent Start) (G1 Humongous Allocation)
[2024-09-08T18:12:11.090+0800][info] GC(29) Using 3 workers of 48 for evacuation
[2024-09-08T18:12:11.091+0800][info] GC(29)   Pre Evacuate Collection Set: 0.1ms
[2024-09-08T18:12:11.091+0800][info] GC(29)   Merge Heap Roots: 0.0ms
[2024-09-08T18:12:11.091+0800][info] GC(29)   Evacuate Collection Set: 0.5ms
[2024-09-08T18:12:11.091+0800][info] GC(29)   Post Evacuate Collection Set: 0.2ms
[2024-09-08T18:12:11.091+0800][info] GC(29)   Other: 0.4ms
[2024-09-08T18:12:11.091+0800][info] GC(29) Eden regions: 0->0(8)
[2024-09-08T18:12:11.091+0800][info] GC(29) Survivor regions: 0->0(1)
[2024-09-08T18:12:11.091+0800][info] GC(29) Old regions: 1->1
[2024-09-08T18:12:11.091+0800][info] GC(29) Archive regions: 2->2
[2024-09-08T18:12:11.091+0800][info] GC(29) Humongous regions: 11->0
[2024-09-08T18:12:11.091+0800][info] GC(29) Metaspace: 665K(832K)->665K(832K) NonClass: 606K(704K)->606K(704K) Class: 59K(128K)->59K(128K)
[2024-09-08T18:12:11.091+0800][info] GC(29) Pause Young (Concurrent Start) (G1 Humongous Allocation) 48M->4M(128M) 1.306ms
[2024-09-08T18:12:11.091+0800][info] GC(29) User=0.00s Sys=0.00s Real=0.00s
[2024-09-08T18:12:11.091+0800][info] GC(30) Concurrent Undo Cycle
[2024-09-08T18:12:11.091+0800][info] GC(30) Concurrent Cleanup for Next Mark
[2024-09-08T18:12:11.092+0800][info] GC(30) Concurrent Cleanup for Next Mark 0.194ms
[2024-09-08T18:12:11.092+0800][info] GC(30) Concurrent Undo Cycle 0.240ms
[2024-09-08T18:12:11.105+0800][info] GC(31) Pause Young (Concurrent Start) (G1 Humongous Allocation)
[2024-09-08T18:12:11.105+0800][info] GC(31) Using 3 workers of 48 for evacuation
[2024-09-08T18:12:11.106+0800][info] GC(31)   Pre Evacuate Collection Set: 0.1ms
[2024-09-08T18:12:11.106+0800][info] GC(31)   Merge Heap Roots: 0.0ms
[2024-09-08T18:12:11.106+0800][info] GC(31)   Evacuate Collection Set: 0.2ms
[2024-09-08T18:12:11.106+0800][info] GC(31)   Post Evacuate Collection Set: 0.2ms
[2024-09-08T18:12:11.106+0800][info] GC(31)   Other: 0.3ms
[2024-09-08T18:12:11.106+0800][info] GC(31) Eden regions: 0->0(8)
[2024-09-08T18:12:11.106+0800][info] GC(31) Survivor regions: 0->0(1)
[2024-09-08T18:12:11.106+0800][info] GC(31) Old regions: 1->1
[2024-09-08T18:12:11.106+0800][info] GC(31) Archive regions: 2->2
[2024-09-08T18:12:11.106+0800][info] GC(31) Humongous regions: 11->0
[2024-09-08T18:12:11.106+0800][info] GC(31) Metaspace: 665K(832K)->665K(832K) NonClass: 606K(704K)->606K(704K) Class: 59K(128K)->59K(128K)
[2024-09-08T18:12:11.106+0800][info] GC(31) Pause Young (Concurrent Start) (G1 Humongous Allocation) 48M->4M(128M) 0.961ms
[2024-09-08T18:12:11.106+0800][info] GC(31) User=0.00s Sys=0.00s Real=0.00s
[2024-09-08T18:12:11.106+0800][info] GC(32) Concurrent Undo Cycle
[2024-09-08T18:12:11.106+0800][info] GC(32) Concurrent Cleanup for Next Mark
[2024-09-08T18:12:11.106+0800][info] GC(32) Concurrent Cleanup for Next Mark 0.177ms
[2024-09-08T18:12:11.106+0800][info] GC(32) Concurrent Undo Cycle 0.218ms
[2024-09-08T18:12:11.119+0800][info] GC(33) Pause Young (Concurrent Start) (G1 Humongous Allocation)
[2024-09-08T18:12:11.119+0800][info] GC(33) Using 3 workers of 48 for evacuation
[2024-09-08T18:12:11.120+0800][info] GC(33)   Pre Evacuate Collection Set: 0.0ms
[2024-09-08T18:12:11.120+0800][info] GC(33)   Merge Heap Roots: 0.0ms
[2024-09-08T18:12:11.120+0800][info] GC(33)   Evacuate Collection Set: 0.2ms
[2024-09-08T18:12:11.120+0800][info] GC(33)   Post Evacuate Collection Set: 0.2ms
[2024-09-08T18:12:11.120+0800][info] GC(33)   Other: 0.3ms
[2024-09-08T18:12:11.120+0800][info] GC(33) Eden regions: 0->0(8)
[2024-09-08T18:12:11.120+0800][info] GC(33) Survivor regions: 0->0(1)
[2024-09-08T18:12:11.120+0800][info] GC(33) Old regions: 1->1
[2024-09-08T18:12:11.120+0800][info] GC(33) Archive regions: 2->2
[2024-09-08T18:12:11.120+0800][info] GC(33) Humongous regions: 11->0
[2024-09-08T18:12:11.120+0800][info] GC(33) Metaspace: 665K(832K)->665K(832K) NonClass: 606K(704K)->606K(704K) Class: 59K(128K)->59K(128K)
[2024-09-08T18:12:11.120+0800][info] GC(33) Pause Young (Concurrent Start) (G1 Humongous Allocation) 48M->4M(128M) 0.902ms
[2024-09-08T18:12:11.120+0800][info] GC(33) User=0.00s Sys=0.00s Real=0.00s
[2024-09-08T18:12:11.120+0800][info] GC(34) Concurrent Undo Cycle
[2024-09-08T18:12:11.120+0800][info] GC(34) Concurrent Cleanup for Next Mark
[2024-09-08T18:12:11.120+0800][info] GC(34) Concurrent Cleanup for Next Mark 0.177ms
[2024-09-08T18:12:11.120+0800][info] GC(34) Concurrent Undo Cycle 0.220ms
[2024-09-08T18:12:11.134+0800][info] GC(35) Pause Young (Concurrent Start) (G1 Humongous Allocation)
[2024-09-08T18:12:11.134+0800][info] GC(35) Using 3 workers of 48 for evacuation
[2024-09-08T18:12:11.134+0800][info] GC(35)   Pre Evacuate Collection Set: 0.0ms
[2024-09-08T18:12:11.134+0800][info] GC(35)   Merge Heap Roots: 0.0ms
[2024-09-08T18:12:11.134+0800][info] GC(35)   Evacuate Collection Set: 0.3ms
[2024-09-08T18:12:11.134+0800][info] GC(35)   Post Evacuate Collection Set: 0.2ms
[2024-09-08T18:12:11.134+0800][info] GC(35)   Other: 0.3ms
[2024-09-08T18:12:11.134+0800][info] GC(35) Eden regions: 0->0(8)
[2024-09-08T18:12:11.134+0800][info] GC(35) Survivor regions: 0->0(1)
[2024-09-08T18:12:11.134+0800][info] GC(35) Old regions: 1->1
[2024-09-08T18:12:11.135+0800][info] GC(35) Archive regions: 2->2
[2024-09-08T18:12:11.135+0800][info] GC(35) Humongous regions: 11->0
[2024-09-08T18:12:11.135+0800][info] GC(35) Metaspace: 665K(832K)->665K(832K) NonClass: 606K(704K)->606K(704K) Class: 59K(128K)->59K(128K)
[2024-09-08T18:12:11.135+0800][info] GC(35) Pause Young (Concurrent Start) (G1 Humongous Allocation) 48M->4M(128M) 0.960ms
[2024-09-08T18:12:11.135+0800][info] GC(35) User=0.00s Sys=0.00s Real=0.00s
[2024-09-08T18:12:11.135+0800][info] GC(36) Concurrent Undo Cycle
[2024-09-08T18:12:11.135+0800][info] GC(36) Concurrent Cleanup for Next Mark
[2024-09-08T18:12:11.135+0800][info] GC(36) Concurrent Cleanup for Next Mark 0.145ms
[2024-09-08T18:12:11.135+0800][info] GC(36) Concurrent Undo Cycle 0.216ms
[2024-09-08T18:12:11.166+0800][info] GC(37) Pause Young (Normal) (G1 Preventive Collection)
[2024-09-08T18:12:11.166+0800][info] GC(37) Using 3 workers of 48 for evacuation
[2024-09-08T18:12:11.171+0800][info] GC(37)   Pre Evacuate Collection Set: 0.1ms
[2024-09-08T18:12:11.171+0800][info] GC(37)   Merge Heap Roots: 0.0ms
[2024-09-08T18:12:11.171+0800][info] GC(37)   Evacuate Collection Set: 4.4ms
[2024-09-08T18:12:11.171+0800][info] GC(37)   Post Evacuate Collection Set: 0.2ms
[2024-09-08T18:12:11.171+0800][info] GC(37)   Other: 0.2ms
[2024-09-08T18:12:11.171+0800][info] GC(37) Eden regions: 8->0(5)
[2024-09-08T18:12:11.171+0800][info] GC(37) Survivor regions: 0->1(1)
[2024-09-08T18:12:11.171+0800][info] GC(37) Old regions: 1->8
[2024-09-08T18:12:11.171+0800][info] GC(37) Archive regions: 2->2
[2024-09-08T18:12:11.171+0800][info] GC(37) Humongous regions: 11->0
[2024-09-08T18:12:11.171+0800][info] GC(37) Metaspace: 665K(832K)->665K(832K) NonClass: 606K(704K)->606K(704K) Class: 59K(128K)->59K(128K)
[2024-09-08T18:12:11.171+0800][info] GC(37) Pause Young (Normal) (G1 Preventive Collection) 80M->36M(128M) 5.034ms
[2024-09-08T18:12:11.171+0800][info] GC(37) User=0.01s Sys=0.00s Real=0.00s
[2024-09-08T18:12:11.176+0800][info] GC(38) Pause Young (Normal) (G1 Evacuation Pause)
[2024-09-08T18:12:11.176+0800][info] GC(38) Using 3 workers of 48 for evacuation
[2024-09-08T18:12:11.179+0800][info] GC(38)   Pre Evacuate Collection Set: 0.0ms
[2024-09-08T18:12:11.179+0800][info] GC(38)   Merge Heap Roots: 0.0ms
[2024-09-08T18:12:11.179+0800][info] GC(38)   Evacuate Collection Set: 3.2ms
[2024-09-08T18:12:11.179+0800][info] GC(38)   Post Evacuate Collection Set: 0.2ms
[2024-09-08T18:12:11.179+0800][info] GC(38)   Other: 0.2ms
[2024-09-08T18:12:11.179+0800][info] GC(38) Eden regions: 5->0(4)
[2024-09-08T18:12:11.179+0800][info] GC(38) Survivor regions: 1->1(1)
[2024-09-08T18:12:11.179+0800][info] GC(38) Old regions: 8->13
[2024-09-08T18:12:11.179+0800][info] GC(38) Archive regions: 2->2
[2024-09-08T18:12:11.179+0800][info] GC(38) Humongous regions: 0->0
[2024-09-08T18:12:11.179+0800][info] GC(38) Metaspace: 665K(832K)->665K(832K) NonClass: 606K(704K)->606K(704K) Class: 59K(128K)->59K(128K)
[2024-09-08T18:12:11.179+0800][info] GC(38) Pause Young (Normal) (G1 Evacuation Pause) 56M->56M(128M) 3.859ms
[2024-09-08T18:12:11.179+0800][info] GC(38) User=0.01s Sys=0.00s Real=0.01s
[2024-09-08T18:12:11.183+0800][info] GC(39) Pause Young (Concurrent Start) (G1 Evacuation Pause)
[2024-09-08T18:12:11.183+0800][info] GC(39) Using 3 workers of 48 for evacuation
[2024-09-08T18:12:11.186+0800][info] GC(39)   Pre Evacuate Collection Set: 0.1ms
[2024-09-08T18:12:11.186+0800][info] GC(39)   Merge Heap Roots: 0.0ms
[2024-09-08T18:12:11.186+0800][info] GC(39)   Evacuate Collection Set: 2.6ms
[2024-09-08T18:12:11.186+0800][info] GC(39)   Post Evacuate Collection Set: 0.2ms
[2024-09-08T18:12:11.186+0800][info] GC(39)   Other: 0.3ms
[2024-09-08T18:12:11.186+0800][info] GC(39) Eden regions: 4->0(3)
[2024-09-08T18:12:11.186+0800][info] GC(39) Survivor regions: 1->1(1)
[2024-09-08T18:12:11.186+0800][info] GC(39) Old regions: 13->17
[2024-09-08T18:12:11.186+0800][info] GC(39) Archive regions: 2->2
[2024-09-08T18:12:11.186+0800][info] GC(39) Humongous regions: 0->0
[2024-09-08T18:12:11.186+0800][info] GC(39) Metaspace: 665K(832K)->665K(832K) NonClass: 606K(704K)->606K(704K) Class: 59K(128K)->59K(128K)
[2024-09-08T18:12:11.186+0800][info] GC(39) Pause Young (Concurrent Start) (G1 Evacuation Pause) 72M->72M(128M) 3.268ms
[2024-09-08T18:12:11.186+0800][info] GC(39) User=0.01s Sys=0.00s Real=0.01s
[2024-09-08T18:12:11.186+0800][info] GC(40) Concurrent Mark Cycle
[2024-09-08T18:12:11.186+0800][info] GC(40) Concurrent Clear Claimed Marks
[2024-09-08T18:12:11.186+0800][info] GC(40) Concurrent Clear Claimed Marks 0.020ms
[2024-09-08T18:12:11.186+0800][info] GC(40) Concurrent Scan Root Regions
[2024-09-08T18:12:11.186+0800][info] GC(40) Concurrent Scan Root Regions 0.330ms
[2024-09-08T18:12:11.186+0800][info] GC(40) Concurrent Mark
[2024-09-08T18:12:11.186+0800][info] GC(40) Concurrent Mark From Roots
[2024-09-08T18:12:11.186+0800][info] GC(40) Using 12 workers of 12 for marking
[2024-09-08T18:12:11.189+0800][info] GC(40) Concurrent Mark From Roots 2.217ms
[2024-09-08T18:12:11.189+0800][info] GC(40) Concurrent Preclean
[2024-09-08T18:12:11.190+0800][info] GC(40) Concurrent Preclean 1.699ms
[2024-09-08T18:12:11.190+0800][info] GC(40) Pause Remark
[2024-09-08T18:12:11.192+0800][info] GC(40) Pause Remark 73M->73M(128M) 1.061ms
[2024-09-08T18:12:11.192+0800][info] GC(40) User=0.00s Sys=0.00s Real=0.00s
[2024-09-08T18:12:11.192+0800][info] GC(40) Concurrent Mark 5.189ms
[2024-09-08T18:12:11.192+0800][info] GC(40) Concurrent Rebuild Remembered Sets
[2024-09-08T18:12:11.196+0800][info] GC(40) Concurrent Rebuild Remembered Sets 4.691ms
[2024-09-08T18:12:11.196+0800][info] GC(40) Pause Cleanup
[2024-09-08T18:12:11.197+0800][info] GC(40) Pause Cleanup 73M->73M(128M) 0.433ms
[2024-09-08T18:12:11.197+0800][info] GC(40) User=0.00s Sys=0.00s Real=0.01s
[2024-09-08T18:12:11.197+0800][info] GC(40) Concurrent Cleanup for Next Mark
[2024-09-08T18:12:11.197+0800][info] GC(40) Concurrent Cleanup for Next Mark 0.260ms
[2024-09-08T18:12:11.197+0800][info] GC(40) Concurrent Mark Cycle 11.188ms
[2024-09-08T18:12:12.189+0800][info] GC(41) Pause Young (Prepare Mixed) (G1 Evacuation Pause)
[2024-09-08T18:12:12.189+0800][info] GC(41) Using 3 workers of 48 for evacuation
[2024-09-08T18:12:12.192+0800][info] GC(41)   Pre Evacuate Collection Set: 0.1ms
[2024-09-08T18:12:12.192+0800][info] GC(41)   Merge Heap Roots: 0.0ms
[2024-09-08T18:12:12.192+0800][info] GC(41)   Evacuate Collection Set: 2.0ms
[2024-09-08T18:12:12.192+0800][info] GC(41)   Post Evacuate Collection Set: 0.2ms
[2024-09-08T18:12:12.192+0800][info] GC(41)   Other: 0.2ms
[2024-09-08T18:12:12.192+0800][info] GC(41) Eden regions: 3->0(1)
[2024-09-08T18:12:12.192+0800][info] GC(41) Survivor regions: 1->1(1)
[2024-09-08T18:12:12.192+0800][info] GC(41) Old regions: 17->20
[2024-09-08T18:12:12.192+0800][info] GC(41) Archive regions: 2->2
[2024-09-08T18:12:12.192+0800][info] GC(41) Humongous regions: 0->0
[2024-09-08T18:12:12.192+0800][info] GC(41) Metaspace: 672K(832K)->672K(832K) NonClass: 613K(704K)->613K(704K) Class: 59K(128K)->59K(128K)
[2024-09-08T18:12:12.192+0800][info] GC(41) Pause Young (Prepare Mixed) (G1 Evacuation Pause) 84M->84M(128M) 2.737ms
[2024-09-08T18:12:12.192+0800][info] GC(41) User=0.01s Sys=0.00s Real=0.00s
[2024-09-08T18:12:12.193+0800][info] GC(42) Pause Young (Mixed) (G1 Evacuation Pause)
[2024-09-08T18:12:12.193+0800][info] GC(42) Using 3 workers of 48 for evacuation
[2024-09-08T18:12:12.196+0800][info] GC(42)   Pre Evacuate Collection Set: 0.0ms
[2024-09-08T18:12:12.196+0800][info] GC(42)   Merge Heap Roots: 0.0ms
[2024-09-08T18:12:12.196+0800][info] GC(42)   Evacuate Collection Set: 2.3ms
[2024-09-08T18:12:12.196+0800][info] GC(42)   Post Evacuate Collection Set: 0.2ms
[2024-09-08T18:12:12.196+0800][info] GC(42)   Other: 0.1ms
[2024-09-08T18:12:12.196+0800][info] GC(42) Eden regions: 1->0(1)
[2024-09-08T18:12:12.196+0800][info] GC(42) Survivor regions: 1->1(1)
[2024-09-08T18:12:12.196+0800][info] GC(42) Old regions: 20->21
[2024-09-08T18:12:12.196+0800][info] GC(42) Archive regions: 2->2
[2024-09-08T18:12:12.196+0800][info] GC(42) Humongous regions: 0->0
[2024-09-08T18:12:12.196+0800][info] GC(42) Metaspace: 672K(832K)->672K(832K) NonClass: 613K(704K)->613K(704K) Class: 59K(128K)->59K(128K)
[2024-09-08T18:12:12.196+0800][info] GC(42) Pause Young (Mixed) (G1 Evacuation Pause) 88M->88M(128M) 2.911ms
[2024-09-08T18:12:12.196+0800][info] GC(42) User=0.00s Sys=0.00s Real=0.00s
[2024-09-08T18:12:12.196+0800][info] GC(43) Pause Young (Concurrent Start) (G1 Evacuation Pause)
[2024-09-08T18:12:12.196+0800][info] GC(43) Using 3 workers of 48 for evacuation
[2024-09-08T18:12:12.198+0800][info] GC(43)   Pre Evacuate Collection Set: 0.0ms
[2024-09-08T18:12:12.198+0800][info] GC(43)   Merge Heap Roots: 0.0ms
[2024-09-08T18:12:12.198+0800][info] GC(43)   Evacuate Collection Set: 1.0ms
[2024-09-08T18:12:12.198+0800][info] GC(43)   Post Evacuate Collection Set: 0.2ms
[2024-09-08T18:12:12.198+0800][info] GC(43)   Other: 0.3ms
[2024-09-08T18:12:12.198+0800][info] GC(43) Eden regions: 1->0(1)
[2024-09-08T18:12:12.198+0800][info] GC(43) Survivor regions: 1->1(1)
[2024-09-08T18:12:12.198+0800][info] GC(43) Old regions: 21->22
[2024-09-08T18:12:12.198+0800][info] GC(43) Archive regions: 2->2
[2024-09-08T18:12:12.198+0800][info] GC(43) Humongous regions: 0->0
[2024-09-08T18:12:12.198+0800][info] GC(43) Metaspace: 672K(832K)->672K(832K) NonClass: 613K(704K)->613K(704K) Class: 59K(128K)->59K(128K)
[2024-09-08T18:12:12.198+0800][info] GC(43) Pause Young (Concurrent Start) (G1 Evacuation Pause) 92M->92M(128M) 1.730ms
[2024-09-08T18:12:12.198+0800][info] GC(43) User=0.01s Sys=0.00s Real=0.01s
[2024-09-08T18:12:12.198+0800][info] GC(44) Concurrent Mark Cycle
[2024-09-08T18:12:12.198+0800][info] GC(44) Concurrent Clear Claimed Marks
[2024-09-08T18:12:12.198+0800][info] GC(44) Concurrent Clear Claimed Marks 0.017ms
[2024-09-08T18:12:12.198+0800][info] GC(44) Concurrent Scan Root Regions
[2024-09-08T18:12:12.198+0800][info] GC(44) Concurrent Scan Root Regions 0.072ms
[2024-09-08T18:12:12.198+0800][info] GC(44) Concurrent Mark
[2024-09-08T18:12:12.198+0800][info] GC(44) Concurrent Mark From Roots
[2024-09-08T18:12:12.198+0800][info] GC(44) Using 12 workers of 12 for marking
[2024-09-08T18:12:12.201+0800][info] GC(44) Concurrent Mark From Roots 2.317ms
[2024-09-08T18:12:12.201+0800][info] GC(44) Concurrent Preclean
[2024-09-08T18:12:12.202+0800][info] GC(44) Concurrent Preclean 1.660ms
[2024-09-08T18:12:12.202+0800][info] GC(44) Pause Remark
[2024-09-08T18:12:12.203+0800][info] GC(44) Pause Remark 92M->92M(128M) 0.946ms
[2024-09-08T18:12:12.203+0800][info] GC(44) User=0.01s Sys=0.00s Real=0.00s
[2024-09-08T18:12:12.203+0800][info] GC(44) Concurrent Mark 5.081ms
[2024-09-08T18:12:12.203+0800][info] GC(44) Concurrent Rebuild Remembered Sets
[2024-09-08T18:12:12.210+0800][info] GC(44) Concurrent Rebuild Remembered Sets 6.144ms
[2024-09-08T18:12:12.210+0800][info] GC(44) Pause Cleanup
[2024-09-08T18:12:12.210+0800][info] GC(44) Pause Cleanup 92M->92M(128M) 0.366ms
[2024-09-08T18:12:12.210+0800][info] GC(44) User=0.00s Sys=0.00s Real=0.00s
[2024-09-08T18:12:12.210+0800][info] GC(44) Concurrent Cleanup for Next Mark
[2024-09-08T18:12:12.210+0800][info] GC(44) Concurrent Cleanup for Next Mark 0.258ms
[2024-09-08T18:12:12.210+0800][info] GC(44) Concurrent Mark Cycle 12.212ms
[2024-09-08T18:12:13.200+0800][info] GC(45) Pause Young (Normal) (G1 Evacuation Pause)
[2024-09-08T18:12:13.200+0800][info] GC(45) Using 3 workers of 48 for evacuation
[2024-09-08T18:12:13.201+0800][info] GC(45)   Pre Evacuate Collection Set: 0.0ms
[2024-09-08T18:12:13.201+0800][info] GC(45)   Merge Heap Roots: 0.0ms
[2024-09-08T18:12:13.201+0800][info] GC(45)   Evacuate Collection Set: 0.9ms
[2024-09-08T18:12:13.201+0800][info] GC(45)   Post Evacuate Collection Set: 0.1ms
[2024-09-08T18:12:13.202+0800][info] GC(45)   Other: 0.1ms
[2024-09-08T18:12:13.202+0800][info] GC(45) Eden regions: 1->0(1)
[2024-09-08T18:12:13.202+0800][info] GC(45) Survivor regions: 1->1(1)
[2024-09-08T18:12:13.202+0800][info] GC(45) Old regions: 22->23
[2024-09-08T18:12:13.202+0800][info] GC(45) Archive regions: 2->2
[2024-09-08T18:12:13.202+0800][info] GC(45) Humongous regions: 0->0
[2024-09-08T18:12:13.202+0800][info] GC(45) Metaspace: 676K(832K)->676K(832K) NonClass: 617K(704K)->617K(704K) Class: 59K(128K)->59K(128K)
[2024-09-08T18:12:13.202+0800][info] GC(45) Pause Young (Normal) (G1 Evacuation Pause) 96M->96M(128M) 1.281ms
[2024-09-08T18:12:13.202+0800][info] GC(45) User=0.00s Sys=0.00s Real=0.00s
[2024-09-08T18:12:13.202+0800][info] GC(46) Pause Young (Concurrent Start) (G1 Evacuation Pause)
[2024-09-08T18:12:13.202+0800][info] GC(46) Using 3 workers of 48 for evacuation
[2024-09-08T18:12:13.203+0800][info] GC(46)   Pre Evacuate Collection Set: 0.0ms
[2024-09-08T18:12:13.203+0800][info] GC(46)   Merge Heap Roots: 0.0ms
[2024-09-08T18:12:13.203+0800][info] GC(46)   Evacuate Collection Set: 0.9ms
[2024-09-08T18:12:13.203+0800][info] GC(46)   Post Evacuate Collection Set: 0.1ms
[2024-09-08T18:12:13.203+0800][info] GC(46)   Other: 0.2ms
[2024-09-08T18:12:13.203+0800][info] GC(46) Eden regions: 1->0(2)
[2024-09-08T18:12:13.203+0800][info] GC(46) Survivor regions: 1->1(1)
[2024-09-08T18:12:13.203+0800][info] GC(46) Old regions: 23->24
[2024-09-08T18:12:13.203+0800][info] GC(46) Archive regions: 2->2
[2024-09-08T18:12:13.203+0800][info] GC(46) Humongous regions: 0->0
[2024-09-08T18:12:13.203+0800][info] GC(46) Metaspace: 679K(832K)->679K(832K) NonClass: 620K(704K)->620K(704K) Class: 59K(128K)->59K(128K)
[2024-09-08T18:12:13.203+0800][info] GC(46) Pause Young (Concurrent Start) (G1 Evacuation Pause) 100M->100M(128M) 1.371ms
[2024-09-08T18:12:13.204+0800][info] GC(46) User=0.00s Sys=0.00s Real=0.00s
[2024-09-08T18:12:13.204+0800][info] GC(47) Concurrent Mark Cycle
[2024-09-08T18:12:13.204+0800][info] GC(47) Concurrent Clear Claimed Marks
[2024-09-08T18:12:13.204+0800][info] GC(47) Concurrent Clear Claimed Marks 0.016ms
[2024-09-08T18:12:13.204+0800][info] GC(47) Concurrent Scan Root Regions
[2024-09-08T18:12:13.204+0800][info] GC(47) Concurrent Scan Root Regions 0.052ms
[2024-09-08T18:12:13.204+0800][info] GC(47) Concurrent Mark
[2024-09-08T18:12:13.204+0800][info] GC(47) Concurrent Mark From Roots
[2024-09-08T18:12:13.204+0800][info] GC(47) Using 12 workers of 12 for marking
[2024-09-08T18:12:13.207+0800][info] GC(47) Concurrent Mark From Roots 3.133ms
[2024-09-08T18:12:13.207+0800][info] GC(47) Concurrent Preclean
[2024-09-08T18:12:13.208+0800][info] GC(47) Concurrent Preclean 1.427ms
[2024-09-08T18:12:13.208+0800][info] GC(47) Pause Remark
[2024-09-08T18:12:13.209+0800][info] GC(47) Pause Remark 100M->100M(128M) 0.767ms
[2024-09-08T18:12:13.209+0800][info] GC(47) User=0.00s Sys=0.00s Real=0.00s
[2024-09-08T18:12:13.209+0800][info] GC(47) Concurrent Mark 5.487ms
[2024-09-08T18:12:13.209+0800][info] GC(47) Concurrent Rebuild Remembered Sets
[2024-09-08T18:12:13.216+0800][info] GC(47) Concurrent Rebuild Remembered Sets 6.524ms
[2024-09-08T18:12:13.216+0800][info] GC(47) Pause Cleanup
[2024-09-08T18:12:13.216+0800][info] GC(47) Pause Cleanup 100M->100M(128M) 0.286ms
[2024-09-08T18:12:13.216+0800][info] GC(47) User=0.00s Sys=0.00s Real=0.00s
[2024-09-08T18:12:13.216+0800][info] GC(47) Concurrent Cleanup for Next Mark
[2024-09-08T18:12:13.216+0800][info] GC(47) Concurrent Cleanup for Next Mark 0.195ms
[2024-09-08T18:12:13.216+0800][info] GC(47) Concurrent Mark Cycle 12.797ms
[2024-09-08T18:12:14.206+0800][info] GC(48) Pause Young (Normal) (G1 Preventive Collection)
[2024-09-08T18:12:14.206+0800][info] GC(48) Using 3 workers of 48 for evacuation
[2024-09-08T18:12:14.207+0800][info] GC(48)   Pre Evacuate Collection Set: 0.1ms
[2024-09-08T18:12:14.207+0800][info] GC(48)   Merge Heap Roots: 0.0ms
[2024-09-08T18:12:14.207+0800][info] GC(48)   Evacuate Collection Set: 1.0ms
[2024-09-08T18:12:14.207+0800][info] GC(48)   Post Evacuate Collection Set: 0.1ms
[2024-09-08T18:12:14.207+0800][info] GC(48)   Other: 0.2ms
[2024-09-08T18:12:14.207+0800][info] GC(48) Eden regions: 1->0(1)
[2024-09-08T18:12:14.207+0800][info] GC(48) Survivor regions: 1->1(1)
[2024-09-08T18:12:14.207+0800][info] GC(48) Old regions: 24->25
[2024-09-08T18:12:14.207+0800][info] GC(48) Archive regions: 2->2
[2024-09-08T18:12:14.207+0800][info] GC(48) Humongous regions: 0->0
[2024-09-08T18:12:14.208+0800][info] GC(48) Metaspace: 688K(832K)->688K(832K) NonClass: 629K(704K)->629K(704K) Class: 59K(128K)->59K(128K)
[2024-09-08T18:12:14.208+0800][info] GC(48) Pause Young (Normal) (G1 Preventive Collection) 104M->104M(128M) 1.618ms
[2024-09-08T18:12:14.208+0800][info] GC(48) User=0.00s Sys=0.00s Real=0.00s
[2024-09-08T18:12:14.219+0800][info] GC(49) Pause Young (Concurrent Start) (G1 Preventive Collection)
[2024-09-08T18:12:14.219+0800][info] GC(49) Using 3 workers of 48 for evacuation
[2024-09-08T18:12:14.220+0800][info] GC(49)   Pre Evacuate Collection Set: 0.0ms
[2024-09-08T18:12:14.220+0800][info] GC(49)   Merge Heap Roots: 0.0ms
[2024-09-08T18:12:14.220+0800][info] GC(49)   Evacuate Collection Set: 0.9ms
[2024-09-08T18:12:14.220+0800][info] GC(49)   Post Evacuate Collection Set: 0.1ms
[2024-09-08T18:12:14.220+0800][info] GC(49)   Other: 0.3ms
[2024-09-08T18:12:14.220+0800][info] GC(49) Eden regions: 1->0(1)
[2024-09-08T18:12:14.220+0800][info] GC(49) Survivor regions: 1->1(1)
[2024-09-08T18:12:14.220+0800][info] GC(49) Old regions: 25->26
[2024-09-08T18:12:14.220+0800][info] GC(49) Archive regions: 2->2
[2024-09-08T18:12:14.220+0800][info] GC(49) Humongous regions: 0->0
[2024-09-08T18:12:14.220+0800][info] GC(49) Metaspace: 688K(832K)->688K(832K) NonClass: 629K(704K)->629K(704K) Class: 59K(128K)->59K(128K)
[2024-09-08T18:12:14.220+0800][info] GC(49) Pause Young (Concurrent Start) (G1 Preventive Collection) 108M->108M(128M) 1.578ms
[2024-09-08T18:12:14.220+0800][info] GC(49) User=0.01s Sys=0.00s Real=0.00s
[2024-09-08T18:12:14.220+0800][info] GC(50) Concurrent Mark Cycle
[2024-09-08T18:12:14.221+0800][info] GC(50) Concurrent Clear Claimed Marks
[2024-09-08T18:12:14.221+0800][info] GC(50) Concurrent Clear Claimed Marks 0.019ms
[2024-09-08T18:12:14.221+0800][info] GC(50) Concurrent Scan Root Regions
[2024-09-08T18:12:14.221+0800][info] GC(50) Concurrent Scan Root Regions 0.097ms
[2024-09-08T18:12:14.221+0800][info] GC(50) Concurrent Mark
[2024-09-08T18:12:14.221+0800][info] GC(50) Concurrent Mark From Roots
[2024-09-08T18:12:14.221+0800][info] GC(50) Using 12 workers of 12 for marking
[2024-09-08T18:12:14.223+0800][info] GC(50) Concurrent Mark From Roots 2.773ms
[2024-09-08T18:12:14.224+0800][info] GC(50) Concurrent Preclean
[2024-09-08T18:12:14.225+0800][info] GC(50) Concurrent Preclean 1.691ms
[2024-09-08T18:12:14.225+0800][info] GC(50) Pause Remark
[2024-09-08T18:12:14.226+0800][info] GC(50) Pause Remark 108M->28M(128M) 0.933ms
[2024-09-08T18:12:14.226+0800][info] GC(50) User=0.00s Sys=0.00s Real=0.00s
[2024-09-08T18:12:14.226+0800][info] GC(50) Concurrent Mark 5.584ms
[2024-09-08T18:12:14.226+0800][info] GC(50) Concurrent Rebuild Remembered Sets
[2024-09-08T18:12:14.228+0800][info] GC(50) Concurrent Rebuild Remembered Sets 2.059ms
[2024-09-08T18:12:14.228+0800][info] GC(50) Pause Cleanup
[2024-09-08T18:12:14.229+0800][info] GC(50) Pause Cleanup 28M->28M(128M) 0.153ms
[2024-09-08T18:12:14.229+0800][info] GC(50) User=0.00s Sys=0.00s Real=0.00s
[2024-09-08T18:12:14.229+0800][info] GC(50) Concurrent Cleanup for Next Mark
[2024-09-08T18:12:14.229+0800][info] GC(50) Concurrent Cleanup for Next Mark 0.276ms
[2024-09-08T18:12:14.229+0800][info] GC(50) Concurrent Mark Cycle 8.489ms
[2024-09-08T18:12:15.222+0800][info] GC(51) Pause Young (Prepare Mixed) (G1 Evacuation Pause)
[2024-09-08T18:12:15.222+0800][info] GC(51) Using 3 workers of 48 for evacuation
[2024-09-08T18:12:15.223+0800][info] GC(51)   Pre Evacuate Collection Set: 0.0ms
[2024-09-08T18:12:15.223+0800][info] GC(51)   Merge Heap Roots: 0.0ms
[2024-09-08T18:12:15.223+0800][info] GC(51)   Evacuate Collection Set: 0.6ms
[2024-09-08T18:12:15.223+0800][info] GC(51)   Post Evacuate Collection Set: 0.1ms
[2024-09-08T18:12:15.223+0800][info] GC(51)   Other: 0.1ms
[2024-09-08T18:12:15.223+0800][info] GC(51) Eden regions: 1->0(1)
[2024-09-08T18:12:15.223+0800][info] GC(51) Survivor regions: 1->1(1)
[2024-09-08T18:12:15.223+0800][info] GC(51) Old regions: 6->6
[2024-09-08T18:12:15.223+0800][info] GC(51) Archive regions: 2->2
[2024-09-08T18:12:15.223+0800][info] GC(51) Humongous regions: 0->0
[2024-09-08T18:12:15.223+0800][info] GC(51) Metaspace: 692K(896K)->692K(896K) NonClass: 633K(768K)->633K(768K) Class: 59K(128K)->59K(128K)
[2024-09-08T18:12:15.223+0800][info] GC(51) Pause Young (Prepare Mixed) (G1 Evacuation Pause) 32M->31M(128M) 0.962ms
[2024-09-08T18:12:15.223+0800][info] GC(51) User=0.01s Sys=0.00s Real=0.00s
[2024-09-08T18:12:15.224+0800][info] GC(52) Pause Young (Mixed) (G1 Evacuation Pause)
[2024-09-08T18:12:15.224+0800][info] GC(52) Using 3 workers of 48 for evacuation
[2024-09-08T18:12:15.225+0800][info] GC(52)   Pre Evacuate Collection Set: 0.0ms
[2024-09-08T18:12:15.225+0800][info] GC(52)   Merge Heap Roots: 0.0ms
[2024-09-08T18:12:15.225+0800][info] GC(52)   Evacuate Collection Set: 1.5ms
[2024-09-08T18:12:15.225+0800][info] GC(52)   Post Evacuate Collection Set: 0.1ms
[2024-09-08T18:12:15.225+0800][info] GC(52)   Other: 0.1ms
[2024-09-08T18:12:15.225+0800][info] GC(52) Eden regions: 1->0(1)
[2024-09-08T18:12:15.225+0800][info] GC(52) Survivor regions: 1->1(1)
[2024-09-08T18:12:15.225+0800][info] GC(52) Old regions: 6->4
[2024-09-08T18:12:15.225+0800][info] GC(52) Archive regions: 2->2
[2024-09-08T18:12:15.225+0800][info] GC(52) Humongous regions: 0->0
[2024-09-08T18:12:15.225+0800][info] GC(52) Metaspace: 704K(896K)->704K(896K) NonClass: 645K(768K)->645K(768K) Class: 59K(128K)->59K(128K)
[2024-09-08T18:12:15.225+0800][info] GC(52) Pause Young (Mixed) (G1 Evacuation Pause) 35M->20M(128M) 1.813ms
[2024-09-08T18:12:15.225+0800][info] GC(52) User=0.00s Sys=0.00s Real=0.01s
[2024-09-08T18:12:15.226+0800][info] GC(53) Pause Young (Mixed) (G1 Evacuation Pause)
[2024-09-08T18:12:15.226+0800][info] GC(53) Using 3 workers of 48 for evacuation
[2024-09-08T18:12:15.227+0800][info] GC(53)   Pre Evacuate Collection Set: 0.0ms
[2024-09-08T18:12:15.227+0800][info] GC(53)   Merge Heap Roots: 0.0ms
[2024-09-08T18:12:15.227+0800][info] GC(53)   Evacuate Collection Set: 0.6ms
[2024-09-08T18:12:15.227+0800][info] GC(53)   Post Evacuate Collection Set: 0.1ms
[2024-09-08T18:12:15.227+0800][info] GC(53)   Other: 0.1ms
[2024-09-08T18:12:15.227+0800][info] GC(53) Eden regions: 1->0(7)
[2024-09-08T18:12:15.227+0800][info] GC(53) Survivor regions: 1->1(1)
[2024-09-08T18:12:15.227+0800][info] GC(53) Old regions: 4->4
[2024-09-08T18:12:15.227+0800][info] GC(53) Archive regions: 2->2
[2024-09-08T18:12:15.227+0800][info] GC(53) Humongous regions: 0->0
[2024-09-08T18:12:15.227+0800][info] GC(53) Metaspace: 713K(896K)->713K(896K) NonClass: 654K(768K)->654K(768K) Class: 59K(128K)->59K(128K)
[2024-09-08T18:12:15.227+0800][info] GC(53) Pause Young (Mixed) (G1 Evacuation Pause) 24M->20M(128M) 0.836ms
[2024-09-08T18:12:15.227+0800][info] GC(53) User=0.00s Sys=0.00s Real=0.00s
[2024-09-08T18:12:15.232+0800][info] GC(54) Pause Young (Normal) (G1 Evacuation Pause)
[2024-09-08T18:12:15.232+0800][info] GC(54) Using 3 workers of 48 for evacuation
[2024-09-08T18:12:15.236+0800][info] GC(54)   Pre Evacuate Collection Set: 0.0ms
[2024-09-08T18:12:15.237+0800][info] GC(54)   Merge Heap Roots: 0.0ms
[2024-09-08T18:12:15.237+0800][info] GC(54)   Evacuate Collection Set: 3.9ms
[2024-09-08T18:12:15.237+0800][info] GC(54)   Post Evacuate Collection Set: 0.1ms
[2024-09-08T18:12:15.237+0800][info] GC(54)   Other: 0.1ms
[2024-09-08T18:12:15.237+0800][info] GC(54) Eden regions: 7->0(4)
[2024-09-08T18:12:15.237+0800][info] GC(54) Survivor regions: 1->1(1)
[2024-09-08T18:12:15.237+0800][info] GC(54) Old regions: 4->11
[2024-09-08T18:12:15.237+0800][info] GC(54) Archive regions: 2->2
[2024-09-08T18:12:15.237+0800][info] GC(54) Humongous regions: 0->0
[2024-09-08T18:12:15.237+0800][info] GC(54) Metaspace: 715K(896K)->715K(896K) NonClass: 656K(768K)->656K(768K) Class: 59K(128K)->59K(128K)
[2024-09-08T18:12:15.237+0800][info] GC(54) Pause Young (Normal) (G1 Evacuation Pause) 48M->48M(128M) 4.875ms
[2024-09-08T18:12:15.237+0800][info] GC(54) User=0.01s Sys=0.00s Real=0.01s
[2024-09-08T18:12:15.240+0800][info] GC(55) Pause Young (Normal) (G1 Evacuation Pause)
[2024-09-08T18:12:15.240+0800][info] GC(55) Using 3 workers of 48 for evacuation
[2024-09-08T18:12:15.243+0800][info] GC(55)   Pre Evacuate Collection Set: 0.0ms
[2024-09-08T18:12:15.243+0800][info] GC(55)   Merge Heap Roots: 0.0ms
[2024-09-08T18:12:15.243+0800][info] GC(55)   Evacuate Collection Set: 2.3ms
[2024-09-08T18:12:15.243+0800][info] GC(55)   Post Evacuate Collection Set: 0.1ms
[2024-09-08T18:12:15.243+0800][info] GC(55)   Other: 0.1ms
[2024-09-08T18:12:15.243+0800][info] GC(55) Eden regions: 4->0(3)
[2024-09-08T18:12:15.243+0800][info] GC(55) Survivor regions: 1->1(1)
[2024-09-08T18:12:15.243+0800][info] GC(55) Old regions: 11->15
[2024-09-08T18:12:15.243+0800][info] GC(55) Archive regions: 2->2
[2024-09-08T18:12:15.243+0800][info] GC(55) Humongous regions: 0->0
[2024-09-08T18:12:15.243+0800][info] GC(55) Metaspace: 715K(896K)->715K(896K) NonClass: 656K(768K)->656K(768K) Class: 59K(128K)->59K(128K)
[2024-09-08T18:12:15.243+0800][info] GC(55) Pause Young (Normal) (G1 Evacuation Pause) 64M->64M(128M) 2.556ms
[2024-09-08T18:12:15.243+0800][info] GC(55) User=0.01s Sys=0.00s Real=0.00s
[2024-09-08T18:12:15.245+0800][info] GC(56) Pause Young (Concurrent Start) (G1 Evacuation Pause)
[2024-09-08T18:12:15.245+0800][info] GC(56) Using 3 workers of 48 for evacuation
[2024-09-08T18:12:15.247+0800][info] GC(56)   Pre Evacuate Collection Set: 0.0ms
[2024-09-08T18:12:15.247+0800][info] GC(56)   Merge Heap Roots: 0.0ms
[2024-09-08T18:12:15.247+0800][info] GC(56)   Evacuate Collection Set: 1.7ms
[2024-09-08T18:12:15.247+0800][info] GC(56)   Post Evacuate Collection Set: 0.1ms
[2024-09-08T18:12:15.247+0800][info] GC(56)   Other: 0.1ms
[2024-09-08T18:12:15.247+0800][info] GC(56) Eden regions: 3->0(2)
[2024-09-08T18:12:15.247+0800][info] GC(56) Survivor regions: 1->1(1)
[2024-09-08T18:12:15.247+0800][info] GC(56) Old regions: 15->18
[2024-09-08T18:12:15.247+0800][info] GC(56) Archive regions: 2->2
[2024-09-08T18:12:15.247+0800][info] GC(56) Humongous regions: 0->0
[2024-09-08T18:12:15.247+0800][info] GC(56) Metaspace: 715K(896K)->715K(896K) NonClass: 656K(768K)->656K(768K) Class: 59K(128K)->59K(128K)
[2024-09-08T18:12:15.247+0800][info] GC(56) Pause Young (Concurrent Start) (G1 Evacuation Pause) 76M->76M(128M) 2.033ms
[2024-09-08T18:12:15.247+0800][info] GC(56) User=0.01s Sys=0.00s Real=0.00s
[2024-09-08T18:12:15.247+0800][info] GC(57) Concurrent Mark Cycle
[2024-09-08T18:12:15.247+0800][info] GC(57) Concurrent Clear Claimed Marks
[2024-09-08T18:12:15.247+0800][info] GC(57) Concurrent Clear Claimed Marks 0.013ms
[2024-09-08T18:12:15.247+0800][info] GC(57) Concurrent Scan Root Regions
[2024-09-08T18:12:15.247+0800][info] GC(57) Concurrent Scan Root Regions 0.265ms
[2024-09-08T18:12:15.247+0800][info] GC(57) Concurrent Mark
[2024-09-08T18:12:15.247+0800][info] GC(57) Concurrent Mark From Roots
[2024-09-08T18:12:15.247+0800][info] GC(57) Using 12 workers of 12 for marking
[2024-09-08T18:12:15.249+0800][info] GC(57) Concurrent Mark From Roots 2.211ms
[2024-09-08T18:12:15.249+0800][info] GC(57) Concurrent Preclean
[2024-09-08T18:12:15.250+0800][info] GC(57) Concurrent Preclean 0.708ms
[2024-09-08T18:12:15.250+0800][info] GC(57) Pause Remark
[2024-09-08T18:12:15.251+0800][info] GC(57) Pause Remark 76M->76M(128M) 0.599ms
[2024-09-08T18:12:15.251+0800][info] GC(57) User=0.00s Sys=0.01s Real=0.00s
[2024-09-08T18:12:15.251+0800][info] GC(57) Concurrent Mark 3.603ms
[2024-09-08T18:12:15.251+0800][info] GC(57) Concurrent Rebuild Remembered Sets
[2024-09-08T18:12:15.255+0800][info] GC(57) Concurrent Rebuild Remembered Sets 3.752ms
[2024-09-08T18:12:15.255+0800][info] GC(57) Pause Cleanup
[2024-09-08T18:12:15.255+0800][info] GC(57) Pause Cleanup 76M->76M(128M) 0.192ms
[2024-09-08T18:12:15.255+0800][info] GC(57) User=0.00s Sys=0.00s Real=0.00s
[2024-09-08T18:12:15.255+0800][info] GC(57) Concurrent Cleanup for Next Mark
[2024-09-08T18:12:15.255+0800][info] GC(57) Concurrent Cleanup for Next Mark 0.228ms
[2024-09-08T18:12:15.255+0800][info] GC(57) Concurrent Mark Cycle 8.203ms
[2024-09-08T18:12:16.249+0800][info] GC(58) Pause Young (Prepare Mixed) (G1 Evacuation Pause)
[2024-09-08T18:12:16.249+0800][info] GC(58) Using 3 workers of 48 for evacuation
[2024-09-08T18:12:16.251+0800][info] GC(58)   Pre Evacuate Collection Set: 0.0ms
[2024-09-08T18:12:16.251+0800][info] GC(58)   Merge Heap Roots: 0.0ms
[2024-09-08T18:12:16.251+0800][info] GC(58)   Evacuate Collection Set: 1.4ms
[2024-09-08T18:12:16.251+0800][info] GC(58)   Post Evacuate Collection Set: 0.1ms
[2024-09-08T18:12:16.251+0800][info] GC(58)   Other: 0.2ms
[2024-09-08T18:12:16.251+0800][info] GC(58) Eden regions: 2->0(2)
[2024-09-08T18:12:16.251+0800][info] GC(58) Survivor regions: 1->1(1)
[2024-09-08T18:12:16.251+0800][info] GC(58) Old regions: 18->20
[2024-09-08T18:12:16.251+0800][info] GC(58) Archive regions: 2->2
[2024-09-08T18:12:16.251+0800][info] GC(58) Humongous regions: 0->0
[2024-09-08T18:12:16.251+0800][info] GC(58) Metaspace: 715K(896K)->715K(896K) NonClass: 656K(768K)->656K(768K) Class: 59K(128K)->59K(128K)
[2024-09-08T18:12:16.251+0800][info] GC(58) Pause Young (Prepare Mixed) (G1 Evacuation Pause) 84M->84M(128M) 1.942ms
[2024-09-08T18:12:16.251+0800][info] GC(58) User=0.00s Sys=0.00s Real=0.00s
[2024-09-08T18:12:16.252+0800][info] GC(59) Pause Young (Mixed) (G1 Evacuation Pause)
[2024-09-08T18:12:16.252+0800][info] GC(59) Using 3 workers of 48 for evacuation
[2024-09-08T18:12:16.255+0800][info] GC(59)   Pre Evacuate Collection Set: 0.0ms
[2024-09-08T18:12:16.255+0800][info] GC(59)   Merge Heap Roots: 0.0ms
[2024-09-08T18:12:16.255+0800][info] GC(59)   Evacuate Collection Set: 2.3ms
[2024-09-08T18:12:16.255+0800][info] GC(59)   Post Evacuate Collection Set: 0.2ms
[2024-09-08T18:12:16.255+0800][info] GC(59)   Other: 0.1ms
[2024-09-08T18:12:16.255+0800][info] GC(59) Eden regions: 2->0(2)
[2024-09-08T18:12:16.255+0800][info] GC(59) Survivor regions: 1->1(1)
[2024-09-08T18:12:16.255+0800][info] GC(59) Old regions: 20->21
[2024-09-08T18:12:16.255+0800][info] GC(59) Archive regions: 2->2
[2024-09-08T18:12:16.255+0800][info] GC(59) Humongous regions: 0->0
[2024-09-08T18:12:16.255+0800][info] GC(59) Metaspace: 715K(896K)->715K(896K) NonClass: 656K(768K)->656K(768K) Class: 59K(128K)->59K(128K)
[2024-09-08T18:12:16.255+0800][info] GC(59) Pause Young (Mixed) (G1 Evacuation Pause) 92M->91M(128M) 2.876ms
[2024-09-08T18:12:16.255+0800][info] GC(59) User=0.01s Sys=0.00s Real=0.00s
[2024-09-08T18:12:16.256+0800][info] GC(60) Pause Young (Concurrent Start) (G1 Evacuation Pause)
[2024-09-08T18:12:16.256+0800][info] GC(60) Using 3 workers of 48 for evacuation
[2024-09-08T18:12:16.258+0800][info] GC(60)   Pre Evacuate Collection Set: 0.0ms
[2024-09-08T18:12:16.258+0800][info] GC(60)   Merge Heap Roots: 0.0ms
[2024-09-08T18:12:16.258+0800][info] GC(60)   Evacuate Collection Set: 1.4ms
[2024-09-08T18:12:16.258+0800][info] GC(60)   Post Evacuate Collection Set: 0.2ms
[2024-09-08T18:12:16.258+0800][info] GC(60)   Other: 0.3ms
[2024-09-08T18:12:16.258+0800][info] GC(60) Eden regions: 2->0(2)
[2024-09-08T18:12:16.258+0800][info] GC(60) Survivor regions: 1->1(1)
[2024-09-08T18:12:16.258+0800][info] GC(60) Old regions: 21->23
[2024-09-08T18:12:16.258+0800][info] GC(60) Archive regions: 2->2
[2024-09-08T18:12:16.258+0800][info] GC(60) Humongous regions: 0->0
[2024-09-08T18:12:16.258+0800][info] GC(60) Metaspace: 715K(896K)->715K(896K) NonClass: 656K(768K)->656K(768K) Class: 59K(128K)->59K(128K)
[2024-09-08T18:12:16.258+0800][info] GC(60) Pause Young (Concurrent Start) (G1 Evacuation Pause) 99M->99M(128M) 2.070ms
[2024-09-08T18:12:16.258+0800][info] GC(60) User=0.01s Sys=0.00s Real=0.01s
[2024-09-08T18:12:16.258+0800][info] GC(61) Concurrent Mark Cycle
[2024-09-08T18:12:16.258+0800][info] GC(61) Concurrent Clear Claimed Marks
[2024-09-08T18:12:16.258+0800][info] GC(61) Concurrent Clear Claimed Marks 0.018ms
[2024-09-08T18:12:16.258+0800][info] GC(61) Concurrent Scan Root Regions
[2024-09-08T18:12:16.258+0800][info] GC(61) Concurrent Scan Root Regions 0.066ms
[2024-09-08T18:12:16.258+0800][info] GC(61) Concurrent Mark
[2024-09-08T18:12:16.258+0800][info] GC(61) Concurrent Mark From Roots
[2024-09-08T18:12:16.258+0800][info] GC(61) Using 12 workers of 12 for marking
[2024-09-08T18:12:16.262+0800][info] GC(61) Concurrent Mark From Roots 3.737ms
[2024-09-08T18:12:16.262+0800][info] GC(61) Concurrent Preclean
[2024-09-08T18:12:16.264+0800][info] GC(61) Concurrent Preclean 1.654ms
[2024-09-08T18:12:16.264+0800][info] GC(61) Pause Remark
[2024-09-08T18:12:16.265+0800][info] GC(61) Pause Remark 99M->99M(128M) 1.091ms
[2024-09-08T18:12:16.265+0800][info] GC(61) User=0.00s Sys=0.00s Real=0.01s
[2024-09-08T18:12:16.265+0800][info] GC(61) Concurrent Mark 6.675ms
[2024-09-08T18:12:16.265+0800][info] GC(61) Concurrent Rebuild Remembered Sets
[2024-09-08T18:12:16.265+0800][info] GC(61) Concurrent Rebuild Remembered Sets 0.012ms
[2024-09-08T18:12:16.265+0800][info] GC(61) Pause Cleanup
[2024-09-08T18:12:16.265+0800][info] GC(61) Pause Cleanup 99M->99M(128M) 0.025ms
[2024-09-08T18:12:16.265+0800][info] GC(61) User=0.00s Sys=0.00s Real=0.00s
[2024-09-08T18:12:16.265+0800][info] GC(61) Concurrent Cleanup for Next Mark
[2024-09-08T18:12:16.266+0800][info] GC(61) Concurrent Cleanup for Next Mark 0.242ms
[2024-09-08T18:12:16.266+0800][info] GC(61) Concurrent Mark Cycle 7.261ms
[2024-09-08T18:12:17.260+0800][info] GC(62) Pause Young (Concurrent Start) (G1 Humongous Allocation)
[2024-09-08T18:12:17.260+0800][info] GC(62) Using 3 workers of 48 for evacuation
[2024-09-08T18:12:17.262+0800][info] GC(62)   Pre Evacuate Collection Set: 0.0ms
[2024-09-08T18:12:17.262+0800][info] GC(62)   Merge Heap Roots: 0.0ms
[2024-09-08T18:12:17.262+0800][info] GC(62)   Evacuate Collection Set: 1.2ms
[2024-09-08T18:12:17.262+0800][info] GC(62)   Post Evacuate Collection Set: 0.1ms
[2024-09-08T18:12:17.262+0800][info] GC(62)   Other: 0.3ms
[2024-09-08T18:12:17.262+0800][info] GC(62) Eden regions: 2->0(2)
[2024-09-08T18:12:17.262+0800][info] GC(62) Survivor regions: 1->1(1)
[2024-09-08T18:12:17.262+0800][info] GC(62) Old regions: 23->25
[2024-09-08T18:12:17.262+0800][info] GC(62) Archive regions: 2->2
[2024-09-08T18:12:17.262+0800][info] GC(62) Humongous regions: 0->0
[2024-09-08T18:12:17.262+0800][info] GC(62) Metaspace: 716K(896K)->716K(896K) NonClass: 657K(768K)->657K(768K) Class: 59K(128K)->59K(128K)
[2024-09-08T18:12:17.262+0800][info] GC(62) Pause Young (Concurrent Start) (G1 Humongous Allocation) 105M->106M(128M) 1.804ms
[2024-09-08T18:12:17.262+0800][info] GC(62) User=0.00s Sys=0.00s Real=0.00s
[2024-09-08T18:12:17.262+0800][info] GC(63) Concurrent Mark Cycle
[2024-09-08T18:12:17.262+0800][info] GC(63) Concurrent Clear Claimed Marks
[2024-09-08T18:12:17.262+0800][info] GC(63) Concurrent Clear Claimed Marks 0.018ms
[2024-09-08T18:12:17.262+0800][info] GC(63) Concurrent Scan Root Regions
[2024-09-08T18:12:17.262+0800][info] GC(63) Concurrent Scan Root Regions 0.088ms
[2024-09-08T18:12:17.262+0800][info] GC(63) Concurrent Mark
[2024-09-08T18:12:17.262+0800][info] GC(63) Concurrent Mark From Roots
[2024-09-08T18:12:17.262+0800][info] GC(63) Using 12 workers of 12 for marking
[2024-09-08T18:12:17.262+0800][info] GC(64) Pause Young (Normal) (G1 Humongous Allocation)
[2024-09-08T18:12:17.262+0800][info] GC(64) Using 3 workers of 48 for evacuation
[2024-09-08T18:12:17.263+0800][info] GC(64)   Pre Evacuate Collection Set: 0.1ms
[2024-09-08T18:12:17.263+0800][info] GC(64)   Merge Heap Roots: 0.0ms
[2024-09-08T18:12:17.263+0800][info] GC(64)   Evacuate Collection Set: 0.4ms
[2024-09-08T18:12:17.263+0800][info] GC(64)   Post Evacuate Collection Set: 0.1ms
[2024-09-08T18:12:17.263+0800][info] GC(64)   Other: 0.2ms
[2024-09-08T18:12:17.263+0800][info] GC(64) Eden regions: 0->0(1)
[2024-09-08T18:12:17.263+0800][info] GC(64) Survivor regions: 1->0(1)
[2024-09-08T18:12:17.263+0800][info] GC(64) Old regions: 25->26
[2024-09-08T18:12:17.263+0800][info] GC(64) Archive regions: 2->2
[2024-09-08T18:12:17.263+0800][info] GC(64) Humongous regions: 0->0
[2024-09-08T18:12:17.263+0800][info] GC(64) Metaspace: 716K(896K)->716K(896K) NonClass: 657K(768K)->657K(768K) Class: 59K(128K)->59K(128K)
[2024-09-08T18:12:17.263+0800][info] GC(64) Pause Young (Normal) (G1 Humongous Allocation) 106M->106M(128M) 0.887ms
[2024-09-08T18:12:17.263+0800][info] GC(64) User=0.01s Sys=0.00s Real=0.00s
[2024-09-08T18:12:17.263+0800][info] Attempting full compaction
[2024-09-08T18:12:17.263+0800][info] GC(65) Using 1 workers of 48 for full compaction
[2024-09-08T18:12:17.263+0800][info] GC(65) Pause Full (G1 Compaction Pause)
[2024-09-08T18:12:17.264+0800][info] GC(65) Phase 1: Mark live objects
[2024-09-08T18:12:17.268+0800][info] GC(65) Phase 1: Mark live objects 4.229ms
[2024-09-08T18:12:17.268+0800][info] GC(65) Phase 2: Prepare for compaction
[2024-09-08T18:12:17.269+0800][info] GC(65) Phase 2: Prepare for compaction 1.208ms
[2024-09-08T18:12:17.269+0800][info] GC(65) Phase 3: Adjust pointers
[2024-09-08T18:12:17.271+0800][info] GC(65) Phase 3: Adjust pointers 1.390ms
[2024-09-08T18:12:17.271+0800][info] GC(65) Phase 4: Compact heap
[2024-09-08T18:12:17.272+0800][info] GC(65) Phase 4: Compact heap 1.006ms
[2024-09-08T18:12:17.272+0800][info] GC(65) Eden regions: 0->0(8)
[2024-09-08T18:12:17.272+0800][info] GC(65) Survivor regions: 0->0(1)
[2024-09-08T18:12:17.272+0800][info] GC(65) Old regions: 26->1
[2024-09-08T18:12:17.272+0800][info] GC(65) Archive regions: 2->2
[2024-09-08T18:12:17.272+0800][info] GC(65) Humongous regions: 0->0
[2024-09-08T18:12:17.272+0800][info] GC(65) Metaspace: 716K(896K)->716K(896K) NonClass: 657K(768K)->657K(768K) Class: 59K(128K)->59K(128K)
[2024-09-08T18:12:17.272+0800][info] GC(65) Pause Full (G1 Compaction Pause) 106M->4M(128M) 9.140ms
[2024-09-08T18:12:17.273+0800][info] GC(65) User=0.02s Sys=0.00s Real=0.01s
[2024-09-08T18:12:17.273+0800][info] GC(63) Concurrent Mark From Roots 10.352ms
[2024-09-08T18:12:17.273+0800][info] GC(63) Concurrent Mark Abort
[2024-09-08T18:12:17.273+0800][info] GC(63) Concurrent Mark Cycle 10.679ms
[2024-09-08T18:12:17.287+0800][info] GC(66) Pause Young (Concurrent Start) (G1 Humongous Allocation)
[2024-09-08T18:12:17.287+0800][info] GC(66) Using 3 workers of 48 for evacuation
[2024-09-08T18:12:17.288+0800][info] GC(66)   Pre Evacuate Collection Set: 0.0ms
[2024-09-08T18:12:17.288+0800][info] GC(66)   Merge Heap Roots: 0.0ms
[2024-09-08T18:12:17.288+0800][info] GC(66)   Evacuate Collection Set: 0.1ms
[2024-09-08T18:12:17.288+0800][info] GC(66)   Post Evacuate Collection Set: 0.2ms
[2024-09-08T18:12:17.288+0800][info] GC(66)   Other: 0.3ms
[2024-09-08T18:12:17.288+0800][info] GC(66) Eden regions: 0->0(8)
[2024-09-08T18:12:17.288+0800][info] GC(66) Survivor regions: 0->0(1)
[2024-09-08T18:12:17.288+0800][info] GC(66) Old regions: 1->1
[2024-09-08T18:12:17.288+0800][info] GC(66) Archive regions: 2->2
[2024-09-08T18:12:17.288+0800][info] GC(66) Humongous regions: 11->0
[2024-09-08T18:12:17.288+0800][info] GC(66) Metaspace: 716K(896K)->716K(896K) NonClass: 657K(768K)->657K(768K) Class: 59K(128K)->59K(128K)
[2024-09-08T18:12:17.288+0800][info] GC(66) Pause Young (Concurrent Start) (G1 Humongous Allocation) 48M->4M(128M) 0.777ms
[2024-09-08T18:12:17.288+0800][info] GC(66) User=0.00s Sys=0.00s Real=0.00s
[2024-09-08T18:12:17.288+0800][info] GC(67) Concurrent Undo Cycle
[2024-09-08T18:12:17.288+0800][info] GC(67) Concurrent Cleanup for Next Mark
[2024-09-08T18:12:17.289+0800][info] GC(67) Concurrent Cleanup for Next Mark 0.248ms
[2024-09-08T18:12:17.289+0800][info] GC(67) Concurrent Undo Cycle 0.321ms
[2024-09-08T18:12:17.303+0800][info] GC(68) Pause Young (Concurrent Start) (G1 Humongous Allocation)
[2024-09-08T18:12:17.303+0800][info] GC(68) Using 3 workers of 48 for evacuation
[2024-09-08T18:12:17.304+0800][info] GC(68)   Pre Evacuate Collection Set: 0.0ms
[2024-09-08T18:12:17.304+0800][info] GC(68)   Merge Heap Roots: 0.0ms
[2024-09-08T18:12:17.304+0800][info] GC(68)   Evacuate Collection Set: 0.1ms
[2024-09-08T18:12:17.304+0800][info] GC(68)   Post Evacuate Collection Set: 0.1ms
[2024-09-08T18:12:17.304+0800][info] GC(68)   Other: 0.2ms
[2024-09-08T18:12:17.304+0800][info] GC(68) Eden regions: 0->0(8)
[2024-09-08T18:12:17.304+0800][info] GC(68) Survivor regions: 0->0(1)
[2024-09-08T18:12:17.304+0800][info] GC(68) Old regions: 1->1
[2024-09-08T18:12:17.304+0800][info] GC(68) Archive regions: 2->2
[2024-09-08T18:12:17.304+0800][info] GC(68) Humongous regions: 11->0
[2024-09-08T18:12:17.304+0800][info] GC(68) Metaspace: 716K(896K)->716K(896K) NonClass: 657K(768K)->657K(768K) Class: 59K(128K)->59K(128K)
[2024-09-08T18:12:17.304+0800][info] GC(68) Pause Young (Concurrent Start) (G1 Humongous Allocation) 48M->4M(128M) 0.618ms
[2024-09-08T18:12:17.304+0800][info] GC(68) User=0.00s Sys=0.00s Real=0.00s
[2024-09-08T18:12:17.304+0800][info] GC(69) Concurrent Undo Cycle
[2024-09-08T18:12:17.304+0800][info] GC(69) Concurrent Cleanup for Next Mark
[2024-09-08T18:12:17.304+0800][info] GC(69) Concurrent Cleanup for Next Mark 0.199ms
[2024-09-08T18:12:17.304+0800][info] GC(69) Concurrent Undo Cycle 0.258ms
[2024-09-08T18:12:17.318+0800][info] GC(70) Pause Young (Concurrent Start) (G1 Humongous Allocation)
[2024-09-08T18:12:17.318+0800][info] GC(70) Using 3 workers of 48 for evacuation
[2024-09-08T18:12:17.318+0800][info] GC(70)   Pre Evacuate Collection Set: 0.0ms
[2024-09-08T18:12:17.318+0800][info] GC(70)   Merge Heap Roots: 0.0ms
[2024-09-08T18:12:17.318+0800][info] GC(70)   Evacuate Collection Set: 0.2ms
[2024-09-08T18:12:17.318+0800][info] GC(70)   Post Evacuate Collection Set: 0.1ms
[2024-09-08T18:12:17.318+0800][info] GC(70)   Other: 0.2ms
[2024-09-08T18:12:17.318+0800][info] GC(70) Eden regions: 0->0(8)
[2024-09-08T18:12:17.318+0800][info] GC(70) Survivor regions: 0->0(1)
[2024-09-08T18:12:17.318+0800][info] GC(70) Old regions: 1->1
[2024-09-08T18:12:17.318+0800][info] GC(70) Archive regions: 2->2
[2024-09-08T18:12:17.318+0800][info] GC(70) Humongous regions: 11->0
[2024-09-08T18:12:17.318+0800][info] GC(70) Metaspace: 716K(896K)->716K(896K) NonClass: 657K(768K)->657K(768K) Class: 59K(128K)->59K(128K)
[2024-09-08T18:12:17.318+0800][info] GC(70) Pause Young (Concurrent Start) (G1 Humongous Allocation) 48M->4M(128M) 0.648ms
[2024-09-08T18:12:17.318+0800][info] GC(70) User=0.00s Sys=0.00s Real=0.00s
[2024-09-08T18:12:17.318+0800][info] GC(71) Concurrent Undo Cycle
[2024-09-08T18:12:17.318+0800][info] GC(71) Concurrent Cleanup for Next Mark
[2024-09-08T18:12:17.319+0800][info] GC(71) Concurrent Cleanup for Next Mark 0.138ms
[2024-09-08T18:12:17.319+0800][info] GC(71) Concurrent Undo Cycle 0.173ms
[2024-09-08T18:12:17.332+0800][info] GC(72) Pause Young (Concurrent Start) (G1 Humongous Allocation)
[2024-09-08T18:12:17.332+0800][info] GC(72) Using 3 workers of 48 for evacuation
[2024-09-08T18:12:17.333+0800][info] GC(72)   Pre Evacuate Collection Set: 0.0ms
[2024-09-08T18:12:17.333+0800][info] GC(72)   Merge Heap Roots: 0.0ms
[2024-09-08T18:12:17.333+0800][info] GC(72)   Evacuate Collection Set: 0.2ms
[2024-09-08T18:12:17.333+0800][info] GC(72)   Post Evacuate Collection Set: 0.1ms
[2024-09-08T18:12:17.333+0800][info] GC(72)   Other: 0.2ms
[2024-09-08T18:12:17.333+0800][info] GC(72) Eden regions: 0->0(8)
[2024-09-08T18:12:17.333+0800][info] GC(72) Survivor regions: 0->0(1)
[2024-09-08T18:12:17.333+0800][info] GC(72) Old regions: 1->1
[2024-09-08T18:12:17.333+0800][info] GC(72) Archive regions: 2->2
[2024-09-08T18:12:17.333+0800][info] GC(72) Humongous regions: 11->0
[2024-09-08T18:12:17.333+0800][info] GC(72) Metaspace: 716K(896K)->716K(896K) NonClass: 657K(768K)->657K(768K) Class: 59K(128K)->59K(128K)
[2024-09-08T18:12:17.333+0800][info] GC(72) Pause Young (Concurrent Start) (G1 Humongous Allocation) 48M->4M(128M) 0.593ms
[2024-09-08T18:12:17.333+0800][info] GC(72) User=0.00s Sys=0.00s Real=0.00s
[2024-09-08T18:12:17.333+0800][info] GC(73) Concurrent Undo Cycle
[2024-09-08T18:12:17.333+0800][info] GC(73) Concurrent Cleanup for Next Mark
[2024-09-08T18:12:17.333+0800][info] GC(73) Concurrent Cleanup for Next Mark 0.186ms
[2024-09-08T18:12:17.333+0800][info] GC(73) Concurrent Undo Cycle 0.252ms
[2024-09-08T18:12:17.346+0800][info] GC(74) Pause Young (Concurrent Start) (G1 Humongous Allocation)
[2024-09-08T18:12:17.346+0800][info] GC(74) Using 3 workers of 48 for evacuation
[2024-09-08T18:12:17.347+0800][info] GC(74)   Pre Evacuate Collection Set: 0.0ms
[2024-09-08T18:12:17.347+0800][info] GC(74)   Merge Heap Roots: 0.0ms
[2024-09-08T18:12:17.347+0800][info] GC(74)   Evacuate Collection Set: 0.1ms
[2024-09-08T18:12:17.347+0800][info] GC(74)   Post Evacuate Collection Set: 0.1ms
[2024-09-08T18:12:17.347+0800][info] GC(74)   Other: 0.2ms
[2024-09-08T18:12:17.347+0800][info] GC(74) Eden regions: 0->0(8)
[2024-09-08T18:12:17.347+0800][info] GC(74) Survivor regions: 0->0(1)
[2024-09-08T18:12:17.347+0800][info] GC(74) Old regions: 1->1
[2024-09-08T18:12:17.347+0800][info] GC(74) Archive regions: 2->2
[2024-09-08T18:12:17.347+0800][info] GC(74) Humongous regions: 11->0
[2024-09-08T18:12:17.347+0800][info] GC(74) Metaspace: 716K(896K)->716K(896K) NonClass: 657K(768K)->657K(768K) Class: 59K(128K)->59K(128K)
[2024-09-08T18:12:17.347+0800][info] GC(74) Pause Young (Concurrent Start) (G1 Humongous Allocation) 48M->4M(128M) 0.540ms
[2024-09-08T18:12:17.347+0800][info] GC(74) User=0.00s Sys=0.00s Real=0.00s
[2024-09-08T18:12:17.347+0800][info] GC(75) Concurrent Undo Cycle
[2024-09-08T18:12:17.347+0800][info] GC(75) Concurrent Cleanup for Next Mark
[2024-09-08T18:12:17.347+0800][info] GC(75) Concurrent Cleanup for Next Mark 0.243ms
[2024-09-08T18:12:17.347+0800][info] GC(75) Concurrent Undo Cycle 0.279ms
[2024-09-08T18:12:17.361+0800][info] GC(76) Pause Young (Concurrent Start) (G1 Humongous Allocation)
[2024-09-08T18:12:17.361+0800][info] GC(76) Using 3 workers of 48 for evacuation
[2024-09-08T18:12:17.362+0800][info] GC(76)   Pre Evacuate Collection Set: 0.0ms
[2024-09-08T18:12:17.362+0800][info] GC(76)   Merge Heap Roots: 0.0ms
[2024-09-08T18:12:17.362+0800][info] GC(76)   Evacuate Collection Set: 0.4ms
[2024-09-08T18:12:17.362+0800][info] GC(76)   Post Evacuate Collection Set: 0.1ms
[2024-09-08T18:12:17.362+0800][info] GC(76)   Other: 0.2ms
[2024-09-08T18:12:17.362+0800][info] GC(76) Eden regions: 0->0(8)
[2024-09-08T18:12:17.362+0800][info] GC(76) Survivor regions: 0->0(1)
[2024-09-08T18:12:17.362+0800][info] GC(76) Old regions: 1->1
[2024-09-08T18:12:17.362+0800][info] GC(76) Archive regions: 2->2
[2024-09-08T18:12:17.362+0800][info] GC(76) Humongous regions: 11->0
[2024-09-08T18:12:17.362+0800][info] GC(76) Metaspace: 716K(896K)->716K(896K) NonClass: 657K(768K)->657K(768K) Class: 59K(128K)->59K(128K)
[2024-09-08T18:12:17.362+0800][info] GC(76) Pause Young (Concurrent Start) (G1 Humongous Allocation) 48M->4M(128M) 0.730ms
[2024-09-08T18:12:17.362+0800][info] GC(76) User=0.00s Sys=0.00s Real=0.00s
[2024-09-08T18:12:17.362+0800][info] GC(77) Concurrent Undo Cycle
[2024-09-08T18:12:17.362+0800][info] GC(77) Concurrent Cleanup for Next Mark
[2024-09-08T18:12:17.362+0800][info] GC(77) Concurrent Cleanup for Next Mark 0.207ms
[2024-09-08T18:12:17.362+0800][info] GC(77) Concurrent Undo Cycle 0.236ms
[2024-09-08T18:12:17.376+0800][info] GC(78) Pause Young (Concurrent Start) (G1 Humongous Allocation)
[2024-09-08T18:12:17.376+0800][info] GC(78) Using 3 workers of 48 for evacuation
[2024-09-08T18:12:17.377+0800][info] GC(78)   Pre Evacuate Collection Set: 0.0ms
[2024-09-08T18:12:17.377+0800][info] GC(78)   Merge Heap Roots: 0.0ms
[2024-09-08T18:12:17.377+0800][info] GC(78)   Evacuate Collection Set: 0.2ms
[2024-09-08T18:12:17.377+0800][info] GC(78)   Post Evacuate Collection Set: 0.1ms
[2024-09-08T18:12:17.377+0800][info] GC(78)   Other: 0.2ms
[2024-09-08T18:12:17.377+0800][info] GC(78) Eden regions: 0->0(8)
[2024-09-08T18:12:17.377+0800][info] GC(78) Survivor regions: 0->0(1)
[2024-09-08T18:12:17.377+0800][info] GC(78) Old regions: 1->1
[2024-09-08T18:12:17.377+0800][info] GC(78) Archive regions: 2->2
[2024-09-08T18:12:17.377+0800][info] GC(78) Humongous regions: 11->0
[2024-09-08T18:12:17.377+0800][info] GC(78) Metaspace: 716K(896K)->716K(896K) NonClass: 657K(768K)->657K(768K) Class: 59K(128K)->59K(128K)
[2024-09-08T18:12:17.377+0800][info] GC(78) Pause Young (Concurrent Start) (G1 Humongous Allocation) 48M->4M(128M) 0.705ms
[2024-09-08T18:12:17.377+0800][info] GC(78) User=0.00s Sys=0.00s Real=0.00s
[2024-09-08T18:12:17.377+0800][info] GC(79) Concurrent Undo Cycle
[2024-09-08T18:12:17.377+0800][info] GC(79) Concurrent Cleanup for Next Mark
[2024-09-08T18:12:17.377+0800][info] GC(79) Concurrent Cleanup for Next Mark 0.191ms
[2024-09-08T18:12:17.377+0800][info] GC(79) Concurrent Undo Cycle 0.263ms
[2024-09-08T18:12:17.391+0800][info] GC(80) Pause Young (Concurrent Start) (G1 Humongous Allocation)
[2024-09-08T18:12:17.391+0800][info] GC(80) Using 3 workers of 48 for evacuation
[2024-09-08T18:12:17.392+0800][info] GC(80)   Pre Evacuate Collection Set: 0.0ms
[2024-09-08T18:12:17.392+0800][info] GC(80)   Merge Heap Roots: 0.0ms
[2024-09-08T18:12:17.392+0800][info] GC(80)   Evacuate Collection Set: 0.4ms
[2024-09-08T18:12:17.392+0800][info] GC(80)   Post Evacuate Collection Set: 0.1ms
[2024-09-08T18:12:17.392+0800][info] GC(80)   Other: 0.2ms
[2024-09-08T18:12:17.392+0800][info] GC(80) Eden regions: 0->0(8)
[2024-09-08T18:12:17.392+0800][info] GC(80) Survivor regions: 0->0(1)
[2024-09-08T18:12:17.392+0800][info] GC(80) Old regions: 1->1
[2024-09-08T18:12:17.392+0800][info] GC(80) Archive regions: 2->2
[2024-09-08T18:12:17.392+0800][info] GC(80) Humongous regions: 11->0
[2024-09-08T18:12:17.392+0800][info] GC(80) Metaspace: 716K(896K)->716K(896K) NonClass: 657K(768K)->657K(768K) Class: 59K(128K)->59K(128K)
[2024-09-08T18:12:17.392+0800][info] GC(80) Pause Young (Concurrent Start) (G1 Humongous Allocation) 48M->4M(128M) 0.930ms
[2024-09-08T18:12:17.392+0800][info] GC(80) User=0.00s Sys=0.00s Real=0.00s
[2024-09-08T18:12:17.392+0800][info] GC(81) Concurrent Undo Cycle
[2024-09-08T18:12:17.392+0800][info] GC(81) Concurrent Cleanup for Next Mark
[2024-09-08T18:12:17.392+0800][info] GC(81) Concurrent Cleanup for Next Mark 0.178ms
[2024-09-08T18:12:17.392+0800][info] GC(81) Concurrent Undo Cycle 0.250ms
[2024-09-08T18:12:17.406+0800][info] GC(82) Pause Young (Concurrent Start) (G1 Humongous Allocation)
[2024-09-08T18:12:17.406+0800][info] GC(82) Using 3 workers of 48 for evacuation
[2024-09-08T18:12:17.407+0800][info] GC(82)   Pre Evacuate Collection Set: 0.0ms
[2024-09-08T18:12:17.407+0800][info] GC(82)   Merge Heap Roots: 0.0ms
[2024-09-08T18:12:17.407+0800][info] GC(82)   Evacuate Collection Set: 0.2ms
[2024-09-08T18:12:17.407+0800][info] GC(82)   Post Evacuate Collection Set: 0.1ms
[2024-09-08T18:12:17.407+0800][info] GC(82)   Other: 0.2ms
[2024-09-08T18:12:17.407+0800][info] GC(82) Eden regions: 0->0(8)
[2024-09-08T18:12:17.407+0800][info] GC(82) Survivor regions: 0->0(1)
[2024-09-08T18:12:17.407+0800][info] GC(82) Old regions: 1->1
[2024-09-08T18:12:17.407+0800][info] GC(82) Archive regions: 2->2
[2024-09-08T18:12:17.407+0800][info] GC(82) Humongous regions: 11->0
[2024-09-08T18:12:17.407+0800][info] GC(82) Metaspace: 716K(896K)->716K(896K) NonClass: 657K(768K)->657K(768K) Class: 59K(128K)->59K(128K)
[2024-09-08T18:12:17.407+0800][info] GC(82) Pause Young (Concurrent Start) (G1 Humongous Allocation) 48M->4M(128M) 0.687ms
[2024-09-08T18:12:17.407+0800][info] GC(82) User=0.00s Sys=0.00s Real=0.00s
[2024-09-08T18:12:17.407+0800][info] GC(83) Concurrent Undo Cycle
[2024-09-08T18:12:17.407+0800][info] GC(83) Concurrent Cleanup for Next Mark
[2024-09-08T18:12:17.407+0800][info] GC(83) Concurrent Cleanup for Next Mark 0.166ms
[2024-09-08T18:12:17.407+0800][info] GC(83) Concurrent Undo Cycle 0.224ms
[2024-09-08T18:12:17.440+0800][info] GC(84) Pause Young (Normal) (G1 Preventive Collection)
[2024-09-08T18:12:17.440+0800][info] GC(84) Using 3 workers of 48 for evacuation
[2024-09-08T18:12:17.444+0800][info] GC(84)   Pre Evacuate Collection Set: 0.0ms
[2024-09-08T18:12:17.444+0800][info] GC(84)   Merge Heap Roots: 0.0ms
[2024-09-08T18:12:17.444+0800][info] GC(84)   Evacuate Collection Set: 4.0ms
[2024-09-08T18:12:17.444+0800][info] GC(84)   Post Evacuate Collection Set: 0.2ms
[2024-09-08T18:12:17.444+0800][info] GC(84)   Other: 0.2ms
[2024-09-08T18:12:17.444+0800][info] GC(84) Eden regions: 8->0(5)
[2024-09-08T18:12:17.444+0800][info] GC(84) Survivor regions: 0->1(1)
[2024-09-08T18:12:17.444+0800][info] GC(84) Old regions: 1->8
[2024-09-08T18:12:17.444+0800][info] GC(84) Archive regions: 2->2
[2024-09-08T18:12:17.444+0800][info] GC(84) Humongous regions: 11->0
[2024-09-08T18:12:17.444+0800][info] GC(84) Metaspace: 716K(896K)->716K(896K) NonClass: 657K(768K)->657K(768K) Class: 59K(128K)->59K(128K)
[2024-09-08T18:12:17.444+0800][info] GC(84) Pause Young (Normal) (G1 Preventive Collection) 80M->36M(128M) 4.474ms
[2024-09-08T18:12:17.444+0800][info] GC(84) User=0.01s Sys=0.00s Real=0.00s
[2024-09-08T18:12:17.449+0800][info] GC(85) Pause Young (Normal) (G1 Evacuation Pause)
[2024-09-08T18:12:17.449+0800][info] GC(85) Using 3 workers of 48 for evacuation
[2024-09-08T18:12:17.452+0800][info] GC(85)   Pre Evacuate Collection Set: 0.0ms
[2024-09-08T18:12:17.452+0800][info] GC(85)   Merge Heap Roots: 0.0ms
[2024-09-08T18:12:17.452+0800][info] GC(85)   Evacuate Collection Set: 2.8ms
[2024-09-08T18:12:17.452+0800][info] GC(85)   Post Evacuate Collection Set: 0.1ms
[2024-09-08T18:12:17.452+0800][info] GC(85)   Other: 0.2ms
[2024-09-08T18:12:17.452+0800][info] GC(85) Eden regions: 5->0(4)
[2024-09-08T18:12:17.452+0800][info] GC(85) Survivor regions: 1->1(1)
[2024-09-08T18:12:17.452+0800][info] GC(85) Old regions: 8->13
[2024-09-08T18:12:17.452+0800][info] GC(85) Archive regions: 2->2
[2024-09-08T18:12:17.452+0800][info] GC(85) Humongous regions: 0->0
[2024-09-08T18:12:17.453+0800][info] GC(85) Metaspace: 716K(896K)->716K(896K) NonClass: 657K(768K)->657K(768K) Class: 59K(128K)->59K(128K)
[2024-09-08T18:12:17.453+0800][info] GC(85) Pause Young (Normal) (G1 Evacuation Pause) 56M->56M(128M) 3.365ms
[2024-09-08T18:12:17.453+0800][info] GC(85) User=0.01s Sys=0.00s Real=0.00s
[2024-09-08T18:12:17.456+0800][info] GC(86) Pause Young (Concurrent Start) (G1 Evacuation Pause)
[2024-09-08T18:12:17.456+0800][info] GC(86) Using 3 workers of 48 for evacuation
[2024-09-08T18:12:17.459+0800][info] GC(86)   Pre Evacuate Collection Set: 0.0ms
[2024-09-08T18:12:17.459+0800][info] GC(86)   Merge Heap Roots: 0.0ms
[2024-09-08T18:12:17.459+0800][info] GC(86)   Evacuate Collection Set: 2.3ms
[2024-09-08T18:12:17.459+0800][info] GC(86)   Post Evacuate Collection Set: 0.1ms
[2024-09-08T18:12:17.459+0800][info] GC(86)   Other: 0.3ms
[2024-09-08T18:12:17.459+0800][info] GC(86) Eden regions: 4->0(3)
[2024-09-08T18:12:17.459+0800][info] GC(86) Survivor regions: 1->1(1)
[2024-09-08T18:12:17.459+0800][info] GC(86) Old regions: 13->17
[2024-09-08T18:12:17.459+0800][info] GC(86) Archive regions: 2->2
[2024-09-08T18:12:17.459+0800][info] GC(86) Humongous regions: 0->0
[2024-09-08T18:12:17.459+0800][info] GC(86) Metaspace: 716K(896K)->716K(896K) NonClass: 657K(768K)->657K(768K) Class: 59K(128K)->59K(128K)
[2024-09-08T18:12:17.459+0800][info] GC(86) Pause Young (Concurrent Start) (G1 Evacuation Pause) 72M->72M(128M) 2.979ms
[2024-09-08T18:12:17.459+0800][info] GC(86) User=0.01s Sys=0.00s Real=0.01s
[2024-09-08T18:12:17.459+0800][info] GC(87) Concurrent Mark Cycle
[2024-09-08T18:12:17.459+0800][info] GC(87) Concurrent Clear Claimed Marks
[2024-09-08T18:12:17.459+0800][info] GC(87) Concurrent Clear Claimed Marks 0.017ms
[2024-09-08T18:12:17.459+0800][info] GC(87) Concurrent Scan Root Regions
[2024-09-08T18:12:17.459+0800][info] GC(87) Concurrent Scan Root Regions 0.310ms
[2024-09-08T18:12:17.459+0800][info] GC(87) Concurrent Mark
[2024-09-08T18:12:17.459+0800][info] GC(87) Concurrent Mark From Roots
[2024-09-08T18:12:17.459+0800][info] GC(87) Using 12 workers of 12 for marking
[2024-09-08T18:12:17.462+0800][info] GC(87) Concurrent Mark From Roots 2.292ms
[2024-09-08T18:12:17.462+0800][info] GC(87) Concurrent Preclean
[2024-09-08T18:12:17.463+0800][info] GC(87) Concurrent Preclean 1.181ms
[2024-09-08T18:12:17.463+0800][info] GC(87) Pause Remark
[2024-09-08T18:12:17.464+0800][info] GC(87) Pause Remark 73M->73M(128M) 0.823ms
[2024-09-08T18:12:17.464+0800][info] GC(87) User=0.00s Sys=0.00s Real=0.00s
[2024-09-08T18:12:17.464+0800][info] GC(87) Concurrent Mark 4.488ms
[2024-09-08T18:12:17.464+0800][info] GC(87) Concurrent Rebuild Remembered Sets
[2024-09-08T18:12:17.468+0800][info] GC(87) Concurrent Rebuild Remembered Sets 4.385ms
[2024-09-08T18:12:17.468+0800][info] GC(87) Pause Cleanup
[2024-09-08T18:12:17.469+0800][info] GC(87) Pause Cleanup 73M->73M(128M) 0.447ms
[2024-09-08T18:12:17.469+0800][info] GC(87) User=0.00s Sys=0.00s Real=0.00s
[2024-09-08T18:12:17.469+0800][info] GC(87) Concurrent Cleanup for Next Mark
[2024-09-08T18:12:17.469+0800][info] GC(87) Concurrent Cleanup for Next Mark 0.238ms
[2024-09-08T18:12:17.469+0800][info] GC(87) Concurrent Mark Cycle 10.105ms
[2024-09-08T18:12:18.463+0800][info] GC(88) Pause Young (Prepare Mixed) (G1 Evacuation Pause)
[2024-09-08T18:12:18.463+0800][info] GC(88) Using 3 workers of 48 for evacuation
[2024-09-08T18:12:18.465+0800][info] GC(88)   Pre Evacuate Collection Set: 0.0ms
[2024-09-08T18:12:18.465+0800][info] GC(88)   Merge Heap Roots: 0.0ms
[2024-09-08T18:12:18.465+0800][info] GC(88)   Evacuate Collection Set: 1.8ms
[2024-09-08T18:12:18.465+0800][info] GC(88)   Post Evacuate Collection Set: 0.1ms
[2024-09-08T18:12:18.465+0800][info] GC(88)   Other: 0.2ms
[2024-09-08T18:12:18.465+0800][info] GC(88) Eden regions: 3->0(1)
[2024-09-08T18:12:18.465+0800][info] GC(88) Survivor regions: 1->1(1)
[2024-09-08T18:12:18.465+0800][info] GC(88) Old regions: 17->20
[2024-09-08T18:12:18.465+0800][info] GC(88) Archive regions: 2->2
[2024-09-08T18:12:18.465+0800][info] GC(88) Humongous regions: 0->0
[2024-09-08T18:12:18.465+0800][info] GC(88) Metaspace: 716K(896K)->716K(896K) NonClass: 657K(768K)->657K(768K) Class: 59K(128K)->59K(128K)
[2024-09-08T18:12:18.465+0800][info] GC(88) Pause Young (Prepare Mixed) (G1 Evacuation Pause) 84M->84M(128M) 2.318ms
[2024-09-08T18:12:18.465+0800][info] GC(88) User=0.01s Sys=0.00s Real=0.01s
[2024-09-08T18:12:18.466+0800][info] GC(89) Pause Young (Mixed) (G1 Evacuation Pause)
[2024-09-08T18:12:18.466+0800][info] GC(89) Using 3 workers of 48 for evacuation
[2024-09-08T18:12:18.468+0800][info] GC(89)   Pre Evacuate Collection Set: 0.0ms
[2024-09-08T18:12:18.468+0800][info] GC(89)   Merge Heap Roots: 0.0ms
[2024-09-08T18:12:18.468+0800][info] GC(89)   Evacuate Collection Set: 1.6ms
[2024-09-08T18:12:18.468+0800][info] GC(89)   Post Evacuate Collection Set: 0.1ms
[2024-09-08T18:12:18.468+0800][info] GC(89)   Other: 0.1ms
[2024-09-08T18:12:18.468+0800][info] GC(89) Eden regions: 1->0(1)
[2024-09-08T18:12:18.468+0800][info] GC(89) Survivor regions: 1->1(1)
[2024-09-08T18:12:18.468+0800][info] GC(89) Old regions: 20->21
[2024-09-08T18:12:18.468+0800][info] GC(89) Archive regions: 2->2
[2024-09-08T18:12:18.468+0800][info] GC(89) Humongous regions: 0->0
[2024-09-08T18:12:18.468+0800][info] GC(89) Metaspace: 716K(896K)->716K(896K) NonClass: 657K(768K)->657K(768K) Class: 59K(128K)->59K(128K)
[2024-09-08T18:12:18.468+0800][info] GC(89) Pause Young (Mixed) (G1 Evacuation Pause) 88M->88M(128M) 2.028ms
[2024-09-08T18:12:18.468+0800][info] GC(89) User=0.01s Sys=0.00s Real=0.00s
[2024-09-08T18:12:18.469+0800][info] GC(90) Pause Young (Concurrent Start) (G1 Evacuation Pause)
[2024-09-08T18:12:18.469+0800][info] GC(90) Using 3 workers of 48 for evacuation
[2024-09-08T18:12:18.470+0800][info] GC(90)   Pre Evacuate Collection Set: 0.0ms
[2024-09-08T18:12:18.470+0800][info] GC(90)   Merge Heap Roots: 0.0ms
[2024-09-08T18:12:18.470+0800][info] GC(90)   Evacuate Collection Set: 0.8ms
[2024-09-08T18:12:18.470+0800][info] GC(90)   Post Evacuate Collection Set: 0.1ms
[2024-09-08T18:12:18.470+0800][info] GC(90)   Other: 0.2ms
[2024-09-08T18:12:18.470+0800][info] GC(90) Eden regions: 1->0(1)
[2024-09-08T18:12:18.470+0800][info] GC(90) Survivor regions: 1->1(1)
[2024-09-08T18:12:18.470+0800][info] GC(90) Old regions: 21->22
[2024-09-08T18:12:18.470+0800][info] GC(90) Archive regions: 2->2
[2024-09-08T18:12:18.470+0800][info] GC(90) Humongous regions: 0->0
[2024-09-08T18:12:18.470+0800][info] GC(90) Metaspace: 716K(896K)->716K(896K) NonClass: 657K(768K)->657K(768K) Class: 59K(128K)->59K(128K)
[2024-09-08T18:12:18.470+0800][info] GC(90) Pause Young (Concurrent Start) (G1 Evacuation Pause) 92M->92M(128M) 1.375ms
[2024-09-08T18:12:18.470+0800][info] GC(90) User=0.00s Sys=0.00s Real=0.00s
[2024-09-08T18:12:18.470+0800][info] GC(91) Concurrent Mark Cycle
[2024-09-08T18:12:18.470+0800][info] GC(91) Concurrent Clear Claimed Marks
[2024-09-08T18:12:18.470+0800][info] GC(91) Concurrent Clear Claimed Marks 0.021ms
[2024-09-08T18:12:18.470+0800][info] GC(91) Concurrent Scan Root Regions
[2024-09-08T18:12:18.471+0800][info] GC(91) Concurrent Scan Root Regions 0.078ms
[2024-09-08T18:12:18.471+0800][info] GC(91) Concurrent Mark
[2024-09-08T18:12:18.471+0800][info] GC(91) Concurrent Mark From Roots
[2024-09-08T18:12:18.471+0800][info] GC(91) Using 12 workers of 12 for marking
[2024-09-08T18:12:18.474+0800][info] GC(91) Concurrent Mark From Roots 3.656ms
[2024-09-08T18:12:18.474+0800][info] GC(91) Concurrent Preclean
[2024-09-08T18:12:18.476+0800][info] GC(91) Concurrent Preclean 1.682ms
[2024-09-08T18:12:18.476+0800][info] GC(91) Pause Remark
[2024-09-08T18:12:18.477+0800][info] GC(91) Pause Remark 92M->92M(128M) 1.024ms
[2024-09-08T18:12:18.477+0800][info] GC(91) User=0.00s Sys=0.00s Real=0.01s
[2024-09-08T18:12:18.477+0800][info] GC(91) Concurrent Mark 6.585ms
[2024-09-08T18:12:18.477+0800][info] GC(91) Concurrent Rebuild Remembered Sets
[2024-09-08T18:12:18.484+0800][info] GC(91) Concurrent Rebuild Remembered Sets 6.710ms
[2024-09-08T18:12:18.484+0800][info] GC(91) Pause Cleanup
[2024-09-08T18:12:18.484+0800][info] GC(91) Pause Cleanup 92M->92M(128M) 0.405ms
[2024-09-08T18:12:18.484+0800][info] GC(91) User=0.00s Sys=0.00s Real=0.00s
[2024-09-08T18:12:18.485+0800][info] GC(91) Concurrent Cleanup for Next Mark
[2024-09-08T18:12:18.485+0800][info] GC(91) Concurrent Cleanup for Next Mark 0.195ms
[2024-09-08T18:12:18.485+0800][info] GC(91) Concurrent Mark Cycle 14.350ms
[2024-09-08T18:12:19.472+0800][info] GC(92) Pause Young (Normal) (G1 Evacuation Pause)
[2024-09-08T18:12:19.472+0800][info] GC(92) Using 3 workers of 48 for evacuation
[2024-09-08T18:12:19.473+0800][info] GC(92)   Pre Evacuate Collection Set: 0.0ms
[2024-09-08T18:12:19.473+0800][info] GC(92)   Merge Heap Roots: 0.0ms
[2024-09-08T18:12:19.473+0800][info] GC(92)   Evacuate Collection Set: 0.8ms
[2024-09-08T18:12:19.473+0800][info] GC(92)   Post Evacuate Collection Set: 0.1ms
[2024-09-08T18:12:19.473+0800][info] GC(92)   Other: 0.2ms
[2024-09-08T18:12:19.473+0800][info] GC(92) Eden regions: 1->0(1)
[2024-09-08T18:12:19.473+0800][info] GC(92) Survivor regions: 1->1(1)
[2024-09-08T18:12:19.473+0800][info] GC(92) Old regions: 22->23
[2024-09-08T18:12:19.473+0800][info] GC(92) Archive regions: 2->2
[2024-09-08T18:12:19.473+0800][info] GC(92) Humongous regions: 0->0
[2024-09-08T18:12:19.473+0800][info] GC(92) Metaspace: 719K(896K)->719K(896K) NonClass: 660K(768K)->660K(768K) Class: 59K(128K)->59K(128K)
[2024-09-08T18:12:19.473+0800][info] GC(92) Pause Young (Normal) (G1 Evacuation Pause) 96M->96M(128M) 1.430ms
[2024-09-08T18:12:19.473+0800][info] GC(92) User=0.00s Sys=0.01s Real=0.00s
[2024-09-08T18:12:19.474+0800][info] GC(93) Pause Young (Concurrent Start) (G1 Evacuation Pause)
[2024-09-08T18:12:19.474+0800][info] GC(93) Using 3 workers of 48 for evacuation
[2024-09-08T18:12:19.475+0800][info] GC(93)   Pre Evacuate Collection Set: 0.0ms
[2024-09-08T18:12:19.475+0800][info] GC(93)   Merge Heap Roots: 0.0ms
[2024-09-08T18:12:19.475+0800][info] GC(93)   Evacuate Collection Set: 0.8ms
[2024-09-08T18:12:19.475+0800][info] GC(93)   Post Evacuate Collection Set: 0.1ms
[2024-09-08T18:12:19.475+0800][info] GC(93)   Other: 0.3ms
[2024-09-08T18:12:19.475+0800][info] GC(93) Eden regions: 1->0(2)
[2024-09-08T18:12:19.475+0800][info] GC(93) Survivor regions: 1->1(1)
[2024-09-08T18:12:19.475+0800][info] GC(93) Old regions: 23->24
[2024-09-08T18:12:19.475+0800][info] GC(93) Archive regions: 2->2
[2024-09-08T18:12:19.475+0800][info] GC(93) Humongous regions: 0->0
[2024-09-08T18:12:19.475+0800][info] GC(93) Metaspace: 721K(896K)->721K(896K) NonClass: 662K(768K)->662K(768K) Class: 59K(128K)->59K(128K)
[2024-09-08T18:12:19.475+0800][info] GC(93) Pause Young (Concurrent Start) (G1 Evacuation Pause) 100M->100M(128M) 1.484ms
[2024-09-08T18:12:19.475+0800][info] GC(93) User=0.00s Sys=0.00s Real=0.00s
[2024-09-08T18:12:19.475+0800][info] GC(94) Concurrent Mark Cycle
[2024-09-08T18:12:19.475+0800][info] GC(94) Concurrent Clear Claimed Marks
[2024-09-08T18:12:19.475+0800][info] GC(94) Concurrent Clear Claimed Marks 0.017ms
[2024-09-08T18:12:19.475+0800][info] GC(94) Concurrent Scan Root Regions
[2024-09-08T18:12:19.475+0800][info] GC(94) Concurrent Scan Root Regions 0.052ms
[2024-09-08T18:12:19.475+0800][info] GC(94) Concurrent Mark
[2024-09-08T18:12:19.475+0800][info] GC(94) Concurrent Mark From Roots
[2024-09-08T18:12:19.475+0800][info] GC(94) Using 12 workers of 12 for marking
[2024-09-08T18:12:19.478+0800][info] GC(94) Concurrent Mark From Roots 3.052ms
[2024-09-08T18:12:19.478+0800][info] GC(94) Concurrent Preclean
[2024-09-08T18:12:19.479+0800][info] GC(94) Concurrent Preclean 0.682ms
[2024-09-08T18:12:19.479+0800][info] GC(94) Pause Remark
[2024-09-08T18:12:19.480+0800][info] GC(94) Pause Remark 100M->100M(128M) 0.989ms
[2024-09-08T18:12:19.480+0800][info] GC(94) User=0.00s Sys=0.00s Real=0.00s
[2024-09-08T18:12:19.480+0800][info] GC(94) Concurrent Mark 4.863ms
[2024-09-08T18:12:19.480+0800][info] GC(94) Concurrent Rebuild Remembered Sets
[2024-09-08T18:12:19.486+0800][info] GC(94) Concurrent Rebuild Remembered Sets 5.419ms
[2024-09-08T18:12:19.486+0800][info] GC(94) Pause Cleanup
[2024-09-08T18:12:19.486+0800][info] GC(94) Pause Cleanup 100M->100M(128M) 0.561ms
[2024-09-08T18:12:19.486+0800][info] GC(94) User=0.00s Sys=0.00s Real=0.00s
[2024-09-08T18:12:19.486+0800][info] GC(94) Concurrent Cleanup for Next Mark
[2024-09-08T18:12:19.487+0800][info] GC(94) Concurrent Cleanup for Next Mark 0.252ms
[2024-09-08T18:12:19.487+0800][info] GC(94) Concurrent Mark Cycle 11.384ms
[2024-09-08T18:12:20.477+0800][info] GC(95) Pause Young (Normal) (G1 Preventive Collection)
[2024-09-08T18:12:20.477+0800][info] GC(95) Using 3 workers of 48 for evacuation
[2024-09-08T18:12:20.478+0800][info] GC(95)   Pre Evacuate Collection Set: 0.0ms
[2024-09-08T18:12:20.478+0800][info] GC(95)   Merge Heap Roots: 0.0ms
[2024-09-08T18:12:20.478+0800][info] GC(95)   Evacuate Collection Set: 0.9ms
[2024-09-08T18:12:20.478+0800][info] GC(95)   Post Evacuate Collection Set: 0.2ms
[2024-09-08T18:12:20.478+0800][info] GC(95)   Other: 0.2ms
[2024-09-08T18:12:20.478+0800][info] GC(95) Eden regions: 1->0(1)
[2024-09-08T18:12:20.478+0800][info] GC(95) Survivor regions: 1->1(1)
[2024-09-08T18:12:20.478+0800][info] GC(95) Old regions: 24->25
[2024-09-08T18:12:20.478+0800][info] GC(95) Archive regions: 2->2
[2024-09-08T18:12:20.478+0800][info] GC(95) Humongous regions: 0->0
[2024-09-08T18:12:20.478+0800][info] GC(95) Metaspace: 723K(896K)->723K(896K) NonClass: 664K(768K)->664K(768K) Class: 59K(128K)->59K(128K)
[2024-09-08T18:12:20.478+0800][info] GC(95) Pause Young (Normal) (G1 Preventive Collection) 104M->104M(128M) 1.555ms
[2024-09-08T18:12:20.478+0800][info] GC(95) User=0.00s Sys=0.01s Real=0.01s
[2024-09-08T18:12:20.490+0800][info] GC(96) Pause Young (Concurrent Start) (G1 Preventive Collection)
[2024-09-08T18:12:20.490+0800][info] GC(96) Using 3 workers of 48 for evacuation
[2024-09-08T18:12:20.491+0800][info] GC(96)   Pre Evacuate Collection Set: 0.0ms
[2024-09-08T18:12:20.491+0800][info] GC(96)   Merge Heap Roots: 0.0ms
[2024-09-08T18:12:20.491+0800][info] GC(96)   Evacuate Collection Set: 0.9ms
[2024-09-08T18:12:20.491+0800][info] GC(96)   Post Evacuate Collection Set: 0.1ms
[2024-09-08T18:12:20.491+0800][info] GC(96)   Other: 0.3ms
[2024-09-08T18:12:20.491+0800][info] GC(96) Eden regions: 1->0(1)
[2024-09-08T18:12:20.491+0800][info] GC(96) Survivor regions: 1->1(1)
[2024-09-08T18:12:20.491+0800][info] GC(96) Old regions: 25->26
[2024-09-08T18:12:20.491+0800][info] GC(96) Archive regions: 2->2
[2024-09-08T18:12:20.491+0800][info] GC(96) Humongous regions: 0->0
[2024-09-08T18:12:20.491+0800][info] GC(96) Metaspace: 723K(896K)->723K(896K) NonClass: 664K(768K)->664K(768K) Class: 59K(128K)->59K(128K)
[2024-09-08T18:12:20.491+0800][info] GC(96) Pause Young (Concurrent Start) (G1 Preventive Collection) 108M->108M(128M) 1.523ms
[2024-09-08T18:12:20.491+0800][info] GC(96) User=0.00s Sys=0.00s Real=0.00s
[2024-09-08T18:12:20.491+0800][info] GC(97) Concurrent Mark Cycle
[2024-09-08T18:12:20.491+0800][info] GC(97) Concurrent Clear Claimed Marks
[2024-09-08T18:12:20.491+0800][info] GC(97) Concurrent Clear Claimed Marks 0.022ms
[2024-09-08T18:12:20.491+0800][info] GC(97) Concurrent Scan Root Regions
[2024-09-08T18:12:20.492+0800][info] GC(97) Concurrent Scan Root Regions 0.086ms
[2024-09-08T18:12:20.492+0800][info] GC(97) Concurrent Mark
[2024-09-08T18:12:20.492+0800][info] GC(97) Concurrent Mark From Roots
[2024-09-08T18:12:20.492+0800][info] GC(97) Using 12 workers of 12 for marking
[2024-09-08T18:12:20.494+0800][info] GC(97) Concurrent Mark From Roots 2.234ms
[2024-09-08T18:12:20.494+0800][info] GC(97) Concurrent Preclean
[2024-09-08T18:12:20.495+0800][info] GC(97) Concurrent Preclean 1.658ms
[2024-09-08T18:12:20.496+0800][info] GC(97) Pause Remark
[2024-09-08T18:12:20.497+0800][info] GC(97) Pause Remark 108M->24M(128M) 1.385ms
[2024-09-08T18:12:20.497+0800][info] GC(97) User=0.01s Sys=0.00s Real=0.01s
[2024-09-08T18:12:20.497+0800][info] GC(97) Concurrent Mark 5.522ms
[2024-09-08T18:12:20.497+0800][info] GC(97) Concurrent Rebuild Remembered Sets
[2024-09-08T18:12:20.499+0800][info] GC(97) Concurrent Rebuild Remembered Sets 1.462ms
[2024-09-08T18:12:20.499+0800][info] GC(97) Pause Cleanup
[2024-09-08T18:12:20.499+0800][info] GC(97) Pause Cleanup 24M->24M(128M) 0.214ms
[2024-09-08T18:12:20.499+0800][info] GC(97) User=0.00s Sys=0.00s Real=0.00s
[2024-09-08T18:12:20.499+0800][info] GC(97) Concurrent Cleanup for Next Mark
[2024-09-08T18:12:20.499+0800][info] GC(97) Concurrent Cleanup for Next Mark 0.265ms
[2024-09-08T18:12:20.499+0800][info] GC(97) Concurrent Mark Cycle 7.883ms
[2024-09-08T18:12:21.493+0800][info] GC(98) Pause Young (Prepare Mixed) (G1 Evacuation Pause)
[2024-09-08T18:12:21.493+0800][info] GC(98) Using 3 workers of 48 for evacuation
[2024-09-08T18:12:21.494+0800][info] GC(98)   Pre Evacuate Collection Set: 0.0ms
[2024-09-08T18:12:21.494+0800][info] GC(98)   Merge Heap Roots: 0.0ms
[2024-09-08T18:12:21.494+0800][info] GC(98)   Evacuate Collection Set: 0.7ms
[2024-09-08T18:12:21.494+0800][info] GC(98)   Post Evacuate Collection Set: 0.1ms
[2024-09-08T18:12:21.494+0800][info] GC(98)   Other: 0.2ms
[2024-09-08T18:12:21.494+0800][info] GC(98) Eden regions: 1->0(1)
[2024-09-08T18:12:21.494+0800][info] GC(98) Survivor regions: 1->1(1)
[2024-09-08T18:12:21.494+0800][info] GC(98) Old regions: 5->5
[2024-09-08T18:12:21.494+0800][info] GC(98) Archive regions: 2->2
[2024-09-08T18:12:21.494+0800][info] GC(98) Humongous regions: 0->0
[2024-09-08T18:12:21.494+0800][info] GC(98) Metaspace: 724K(896K)->724K(896K) NonClass: 665K(768K)->665K(768K) Class: 59K(128K)->59K(128K)
[2024-09-08T18:12:21.494+0800][info] GC(98) Pause Young (Prepare Mixed) (G1 Evacuation Pause) 28M->27M(128M) 1.191ms
[2024-09-08T18:12:21.494+0800][info] GC(98) User=0.01s Sys=0.00s Real=0.00s
[2024-09-08T18:12:21.495+0800][info] GC(99) Pause Young (Mixed) (G1 Evacuation Pause)
[2024-09-08T18:12:21.495+0800][info] GC(99) Using 3 workers of 48 for evacuation
[2024-09-08T18:12:21.497+0800][info] GC(99)   Pre Evacuate Collection Set: 0.0ms
[2024-09-08T18:12:21.497+0800][info] GC(99)   Merge Heap Roots: 0.0ms
[2024-09-08T18:12:21.497+0800][info] GC(99)   Evacuate Collection Set: 1.8ms
[2024-09-08T18:12:21.497+0800][info] GC(99)   Post Evacuate Collection Set: 0.2ms
[2024-09-08T18:12:21.497+0800][info] GC(99)   Other: 0.1ms
[2024-09-08T18:12:21.497+0800][info] GC(99) Eden regions: 1->0(7)
[2024-09-08T18:12:21.497+0800][info] GC(99) Survivor regions: 1->1(1)
[2024-09-08T18:12:21.497+0800][info] GC(99) Old regions: 5->3
[2024-09-08T18:12:21.497+0800][info] GC(99) Archive regions: 2->2
[2024-09-08T18:12:21.497+0800][info] GC(99) Humongous regions: 0->0
[2024-09-08T18:12:21.497+0800][info] GC(99) Metaspace: 724K(896K)->724K(896K) NonClass: 665K(768K)->665K(768K) Class: 59K(128K)->59K(128K)
[2024-09-08T18:12:21.497+0800][info] GC(99) Pause Young (Mixed) (G1 Evacuation Pause) 31M->16M(128M) 2.296ms
[2024-09-08T18:12:21.497+0800][info] GC(99) User=0.01s Sys=0.00s Real=0.01s
[2024-09-08T18:12:21.504+0800][info] GC(100) Pause Young (Normal) (G1 Evacuation Pause)
[2024-09-08T18:12:21.504+0800][info] GC(100) Using 3 workers of 48 for evacuation
[2024-09-08T18:12:21.509+0800][info] GC(100)   Pre Evacuate Collection Set: 0.0ms
[2024-09-08T18:12:21.509+0800][info] GC(100)   Merge Heap Roots: 0.0ms
[2024-09-08T18:12:21.509+0800][info] GC(100)   Evacuate Collection Set: 4.2ms
[2024-09-08T18:12:21.509+0800][info] GC(100)   Post Evacuate Collection Set: 0.2ms
[2024-09-08T18:12:21.509+0800][info] GC(100)   Other: 0.1ms
[2024-09-08T18:12:21.509+0800][info] GC(100) Eden regions: 7->0(5)
[2024-09-08T18:12:21.509+0800][info] GC(100) Survivor regions: 1->1(1)
[2024-09-08T18:12:21.509+0800][info] GC(100) Old regions: 3->10
[2024-09-08T18:12:21.509+0800][info] GC(100) Archive regions: 2->2
[2024-09-08T18:12:21.509+0800][info] GC(100) Humongous regions: 0->0
[2024-09-08T18:12:21.509+0800][info] GC(100) Metaspace: 724K(896K)->724K(896K) NonClass: 665K(768K)->665K(768K) Class: 59K(128K)->59K(128K)
[2024-09-08T18:12:21.509+0800][info] GC(100) Pause Young (Normal) (G1 Evacuation Pause) 44M->44M(128M) 4.841ms
[2024-09-08T18:12:21.509+0800][info] GC(100) User=0.01s Sys=0.01s Real=0.01s
[2024-09-08T18:12:21.515+0800][info] GC(101) Pause Young (Normal) (G1 Evacuation Pause)
[2024-09-08T18:12:21.515+0800][info] GC(101) Using 3 workers of 48 for evacuation
[2024-09-08T18:12:21.518+0800][info] GC(101)   Pre Evacuate Collection Set: 0.0ms
[2024-09-08T18:12:21.518+0800][info] GC(101)   Merge Heap Roots: 0.0ms
[2024-09-08T18:12:21.518+0800][info] GC(101)   Evacuate Collection Set: 3.0ms
[2024-09-08T18:12:21.518+0800][info] GC(101)   Post Evacuate Collection Set: 0.2ms
[2024-09-08T18:12:21.518+0800][info] GC(101)   Other: 0.2ms
[2024-09-08T18:12:21.518+0800][info] GC(101) Eden regions: 5->0(3)
[2024-09-08T18:12:21.518+0800][info] GC(101) Survivor regions: 1->1(1)
[2024-09-08T18:12:21.518+0800][info] GC(101) Old regions: 10->15
[2024-09-08T18:12:21.518+0800][info] GC(101) Archive regions: 2->2
[2024-09-08T18:12:21.518+0800][info] GC(101) Humongous regions: 0->0
[2024-09-08T18:12:21.518+0800][info] GC(101) Metaspace: 724K(896K)->724K(896K) NonClass: 665K(768K)->665K(768K) Class: 59K(128K)->59K(128K)
[2024-09-08T18:12:21.518+0800][info] GC(101) Pause Young (Normal) (G1 Evacuation Pause) 64M->64M(128M) 3.574ms
[2024-09-08T18:12:21.518+0800][info] GC(101) User=0.01s Sys=0.00s Real=0.01s
[2024-09-08T18:12:21.521+0800][info] GC(102) Pause Young (Normal) (G1 Evacuation Pause)
[2024-09-08T18:12:21.521+0800][info] GC(102) Using 3 workers of 48 for evacuation
[2024-09-08T18:12:21.523+0800][info] GC(102)   Pre Evacuate Collection Set: 0.0ms
[2024-09-08T18:12:21.523+0800][info] GC(102)   Merge Heap Roots: 0.0ms
[2024-09-08T18:12:21.523+0800][info] GC(102)   Evacuate Collection Set: 1.7ms
[2024-09-08T18:12:21.524+0800][info] GC(102)   Post Evacuate Collection Set: 0.1ms
[2024-09-08T18:12:21.524+0800][info] GC(102)   Other: 0.1ms
[2024-09-08T18:12:21.524+0800][info] GC(102) Eden regions: 3->0(2)
[2024-09-08T18:12:21.524+0800][info] GC(102) Survivor regions: 1->1(1)
[2024-09-08T18:12:21.524+0800][info] GC(102) Old regions: 15->18
[2024-09-08T18:12:21.524+0800][info] GC(102) Archive regions: 2->2
[2024-09-08T18:12:21.524+0800][info] GC(102) Humongous regions: 0->0
[2024-09-08T18:12:21.524+0800][info] GC(102) Metaspace: 724K(896K)->724K(896K) NonClass: 665K(768K)->665K(768K) Class: 59K(128K)->59K(128K)
[2024-09-08T18:12:21.524+0800][info] GC(102) Pause Young (Normal) (G1 Evacuation Pause) 76M->76M(128M) 2.308ms
[2024-09-08T18:12:21.524+0800][info] GC(102) User=0.01s Sys=0.00s Real=0.00s
[2024-09-08T18:12:21.525+0800][info] GC(103) Pause Young (Normal) (G1 Evacuation Pause)
[2024-09-08T18:12:21.525+0800][info] GC(103) Using 3 workers of 48 for evacuation
[2024-09-08T18:12:21.527+0800][info] GC(103)   Pre Evacuate Collection Set: 0.0ms
[2024-09-08T18:12:21.527+0800][info] GC(103)   Merge Heap Roots: 0.0ms
[2024-09-08T18:12:21.527+0800][info] GC(103)   Evacuate Collection Set: 1.1ms
[2024-09-08T18:12:21.527+0800][info] GC(103)   Post Evacuate Collection Set: 0.1ms
[2024-09-08T18:12:21.527+0800][info] GC(103)   Other: 0.1ms
[2024-09-08T18:12:21.527+0800][info] GC(103) Eden regions: 2->0(2)
[2024-09-08T18:12:21.527+0800][info] GC(103) Survivor regions: 1->1(1)
[2024-09-08T18:12:21.527+0800][info] GC(103) Old regions: 18->20
[2024-09-08T18:12:21.527+0800][info] GC(103) Archive regions: 2->2
[2024-09-08T18:12:21.527+0800][info] GC(103) Humongous regions: 0->0
[2024-09-08T18:12:21.527+0800][info] GC(103) Metaspace: 724K(896K)->724K(896K) NonClass: 665K(768K)->665K(768K) Class: 59K(128K)->59K(128K)
[2024-09-08T18:12:21.527+0800][info] GC(103) Pause Young (Normal) (G1 Evacuation Pause) 84M->84M(128M) 1.663ms
[2024-09-08T18:12:21.527+0800][info] GC(103) User=0.00s Sys=0.00s Real=0.00s
[2024-09-08T18:12:21.528+0800][info] GC(104) Pause Young (Normal) (G1 Evacuation Pause)
[2024-09-08T18:12:21.528+0800][info] GC(104) Using 3 workers of 48 for evacuation
[2024-09-08T18:12:21.529+0800][info] GC(104)   Pre Evacuate Collection Set: 0.0ms
[2024-09-08T18:12:21.529+0800][info] GC(104)   Merge Heap Roots: 0.0ms
[2024-09-08T18:12:21.529+0800][info] GC(104)   Evacuate Collection Set: 1.2ms
[2024-09-08T18:12:21.530+0800][info] GC(104)   Post Evacuate Collection Set: 0.1ms
[2024-09-08T18:12:21.530+0800][info] GC(104)   Other: 0.1ms
[2024-09-08T18:12:21.530+0800][info] GC(104) Eden regions: 2->0(2)
[2024-09-08T18:12:21.530+0800][info] GC(104) Survivor regions: 1->1(1)
[2024-09-08T18:12:21.530+0800][info] GC(104) Old regions: 20->22
[2024-09-08T18:12:21.530+0800][info] GC(104) Archive regions: 2->2
[2024-09-08T18:12:21.530+0800][info] GC(104) Humongous regions: 0->0
[2024-09-08T18:12:21.530+0800][info] GC(104) Metaspace: 724K(896K)->724K(896K) NonClass: 665K(768K)->665K(768K) Class: 59K(128K)->59K(128K)
[2024-09-08T18:12:21.530+0800][info] GC(104) Pause Young (Normal) (G1 Evacuation Pause) 92M->92M(128M) 1.680ms
[2024-09-08T18:12:21.530+0800][info] GC(104) User=0.01s Sys=0.00s Real=0.00s
[2024-09-08T18:12:21.531+0800][info] GC(105) Pause Young (Concurrent Start) (G1 Preventive Collection)
[2024-09-08T18:12:21.531+0800][info] GC(105) Using 3 workers of 48 for evacuation
[2024-09-08T18:12:21.533+0800][info] GC(105)   Pre Evacuate Collection Set: 0.0ms
[2024-09-08T18:12:21.533+0800][info] GC(105)   Merge Heap Roots: 0.0ms
[2024-09-08T18:12:21.533+0800][info] GC(105)   Evacuate Collection Set: 1.2ms
[2024-09-08T18:12:21.533+0800][info] GC(105)   Post Evacuate Collection Set: 0.1ms
[2024-09-08T18:12:21.533+0800][info] GC(105)   Other: 0.3ms
[2024-09-08T18:12:21.533+0800][info] GC(105) Eden regions: 2->0(2)
[2024-09-08T18:12:21.533+0800][info] GC(105) Survivor regions: 1->1(1)
[2024-09-08T18:12:21.533+0800][info] GC(105) Old regions: 22->24
[2024-09-08T18:12:21.533+0800][info] GC(105) Archive regions: 2->2
[2024-09-08T18:12:21.533+0800][info] GC(105) Humongous regions: 0->0
[2024-09-08T18:12:21.533+0800][info] GC(105) Metaspace: 724K(896K)->724K(896K) NonClass: 665K(768K)->665K(768K) Class: 59K(128K)->59K(128K)
[2024-09-08T18:12:21.533+0800][info] GC(105) Pause Young (Concurrent Start) (G1 Preventive Collection) 100M->100M(128M) 1.874ms
[2024-09-08T18:12:21.533+0800][info] GC(105) User=0.00s Sys=0.00s Real=0.00s
[2024-09-08T18:12:21.533+0800][info] GC(106) Concurrent Mark Cycle
[2024-09-08T18:12:21.533+0800][info] GC(106) Concurrent Clear Claimed Marks
[2024-09-08T18:12:21.533+0800][info] GC(106) Concurrent Clear Claimed Marks 0.014ms
[2024-09-08T18:12:21.533+0800][info] GC(106) Concurrent Scan Root Regions
[2024-09-08T18:12:21.533+0800][info] GC(106) Concurrent Scan Root Regions 0.060ms
[2024-09-08T18:12:21.533+0800][info] GC(106) Concurrent Mark
[2024-09-08T18:12:21.533+0800][info] GC(106) Concurrent Mark From Roots
[2024-09-08T18:12:21.533+0800][info] GC(106) Using 12 workers of 12 for marking
[2024-09-08T18:12:21.535+0800][info] GC(106) Concurrent Mark From Roots 2.085ms
[2024-09-08T18:12:21.535+0800][info] GC(106) Concurrent Preclean
[2024-09-08T18:12:21.536+0800][info] GC(106) Concurrent Preclean 0.842ms
[2024-09-08T18:12:21.536+0800][info] GC(106) Pause Remark
[2024-09-08T18:12:21.537+0800][info] GC(106) Pause Remark 100M->100M(128M) 0.898ms
[2024-09-08T18:12:21.537+0800][info] GC(106) User=0.00s Sys=0.00s Real=0.01s
[2024-09-08T18:12:21.537+0800][info] GC(106) Concurrent Mark 3.967ms
[2024-09-08T18:12:21.537+0800][info] GC(106) Concurrent Rebuild Remembered Sets
[2024-09-08T18:12:21.542+0800][info] GC(106) Concurrent Rebuild Remembered Sets 4.624ms
[2024-09-08T18:12:21.542+0800][info] GC(106) Pause Cleanup
[2024-09-08T18:12:21.542+0800][info] GC(106) Pause Cleanup 100M->100M(128M) 0.562ms
[2024-09-08T18:12:21.542+0800][info] GC(106) User=0.00s Sys=0.00s Real=0.00s
[2024-09-08T18:12:21.542+0800][info] GC(106) Concurrent Cleanup for Next Mark
[2024-09-08T18:12:21.543+0800][info] GC(106) Concurrent Cleanup for Next Mark 0.254ms
[2024-09-08T18:12:21.543+0800][info] GC(106) Concurrent Mark Cycle 9.700ms
[2024-09-08T18:12:22.535+0800][info] GC(107) Pause Young (Prepare Mixed) (G1 Preventive Collection)
[2024-09-08T18:12:22.535+0800][info] GC(107) Using 3 workers of 48 for evacuation
[2024-09-08T18:12:22.536+0800][info] GC(107)   Pre Evacuate Collection Set: 0.0ms
[2024-09-08T18:12:22.536+0800][info] GC(107)   Merge Heap Roots: 0.0ms
[2024-09-08T18:12:22.536+0800][info] GC(107)   Evacuate Collection Set: 0.8ms
[2024-09-08T18:12:22.536+0800][info] GC(107)   Post Evacuate Collection Set: 0.1ms
[2024-09-08T18:12:22.536+0800][info] GC(107)   Other: 0.2ms
[2024-09-08T18:12:22.536+0800][info] GC(107) Eden regions: 1->0(2)
[2024-09-08T18:12:22.536+0800][info] GC(107) Survivor regions: 1->1(1)
[2024-09-08T18:12:22.536+0800][info] GC(107) Old regions: 24->25
[2024-09-08T18:12:22.536+0800][info] GC(107) Archive regions: 2->2
[2024-09-08T18:12:22.536+0800][info] GC(107) Humongous regions: 0->0
[2024-09-08T18:12:22.536+0800][info] GC(107) Metaspace: 724K(896K)->724K(896K) NonClass: 665K(768K)->665K(768K) Class: 59K(128K)->59K(128K)
[2024-09-08T18:12:22.536+0800][info] GC(107) Pause Young (Prepare Mixed) (G1 Preventive Collection) 104M->104M(128M) 1.322ms
[2024-09-08T18:12:22.536+0800][info] GC(107) User=0.00s Sys=0.00s Real=0.00s
[2024-09-08T18:12:22.537+0800][info] GC(108) Pause Young (Mixed) (G1 Humongous Allocation)
[2024-09-08T18:12:22.537+0800][info] GC(108) Using 3 workers of 48 for evacuation
[2024-09-08T18:12:22.539+0800][info] GC(108)   Pre Evacuate Collection Set: 0.0ms
[2024-09-08T18:12:22.539+0800][info] GC(108)   Merge Heap Roots: 0.0ms
[2024-09-08T18:12:22.540+0800][info] GC(108)   Evacuate Collection Set: 1.7ms
[2024-09-08T18:12:22.540+0800][info] GC(108)   Post Evacuate Collection Set: 0.2ms
[2024-09-08T18:12:22.540+0800][info] GC(108)   Other: 0.1ms
[2024-09-08T18:12:22.540+0800][info] GC(108) Eden regions: 1->0(1)
[2024-09-08T18:12:22.540+0800][info] GC(108) Survivor regions: 1->1(1)
[2024-09-08T18:12:22.540+0800][info] GC(108) Old regions: 25->25
[2024-09-08T18:12:22.540+0800][info] GC(108) Archive regions: 2->2
[2024-09-08T18:12:22.540+0800][info] GC(108) Humongous regions: 0->0
[2024-09-08T18:12:22.540+0800][info] GC(108) Metaspace: 724K(896K)->724K(896K) NonClass: 665K(768K)->665K(768K) Class: 59K(128K)->59K(128K)
[2024-09-08T18:12:22.540+0800][info] GC(108) Pause Young (Mixed) (G1 Humongous Allocation) 106M->106M(128M) 2.330ms
[2024-09-08T18:12:22.540+0800][info] GC(108) User=0.01s Sys=0.00s Real=0.00s
[2024-09-08T18:12:22.540+0800][info] Attempting full compaction
[2024-09-08T18:12:22.540+0800][info] GC(109) Using 1 workers of 48 for full compaction
[2024-09-08T18:12:22.540+0800][info] GC(109) Pause Full (G1 Compaction Pause)
[2024-09-08T18:12:22.540+0800][info] GC(109) Phase 1: Mark live objects
[2024-09-08T18:12:22.544+0800][info] GC(109) Phase 1: Mark live objects 4.088ms
[2024-09-08T18:12:22.544+0800][info] GC(109) Phase 2: Prepare for compaction
[2024-09-08T18:12:22.545+0800][info] GC(109) Phase 2: Prepare for compaction 0.781ms
[2024-09-08T18:12:22.545+0800][info] GC(109) Phase 3: Adjust pointers
[2024-09-08T18:12:22.547+0800][info] GC(109) Phase 3: Adjust pointers 2.492ms
[2024-09-08T18:12:22.547+0800][info] GC(109) Phase 4: Compact heap
[2024-09-08T18:12:22.549+0800][info] GC(109) Phase 4: Compact heap 1.497ms
[2024-09-08T18:12:22.550+0800][info] GC(109) Eden regions: 0->0(8)
[2024-09-08T18:12:22.550+0800][info] GC(109) Survivor regions: 1->0(1)
[2024-09-08T18:12:22.550+0800][info] GC(109) Old regions: 25->1
[2024-09-08T18:12:22.550+0800][info] GC(109) Archive regions: 2->2
[2024-09-08T18:12:22.550+0800][info] GC(109) Humongous regions: 0->0
[2024-09-08T18:12:22.550+0800][info] GC(109) Metaspace: 724K(896K)->724K(896K) NonClass: 665K(768K)->665K(768K) Class: 59K(128K)->59K(128K)
[2024-09-08T18:12:22.550+0800][info] GC(109) Pause Full (G1 Compaction Pause) 106M->4M(128M) 9.827ms
[2024-09-08T18:12:22.550+0800][info] GC(109) User=0.01s Sys=0.00s Real=0.01s
[2024-09-08T18:12:22.580+0800][info] GC(110) Pause Young (Concurrent Start) (G1 Humongous Allocation)
[2024-09-08T18:12:22.580+0800][info] GC(110) Using 3 workers of 48 for evacuation
[2024-09-08T18:12:22.581+0800][info] GC(110)   Pre Evacuate Collection Set: 0.1ms
[2024-09-08T18:12:22.581+0800][info] GC(110)   Merge Heap Roots: 0.0ms
[2024-09-08T18:12:22.581+0800][info] GC(110)   Evacuate Collection Set: 0.4ms
[2024-09-08T18:12:22.581+0800][info] GC(110)   Post Evacuate Collection Set: 0.2ms
[2024-09-08T18:12:22.581+0800][info] GC(110)   Other: 0.3ms
[2024-09-08T18:12:22.581+0800][info] GC(110) Eden regions: 0->0(8)
[2024-09-08T18:12:22.581+0800][info] GC(110) Survivor regions: 0->0(1)
[2024-09-08T18:12:22.581+0800][info] GC(110) Old regions: 1->1
[2024-09-08T18:12:22.581+0800][info] GC(110) Archive regions: 2->2
[2024-09-08T18:12:22.581+0800][info] GC(110) Humongous regions: 22->0
[2024-09-08T18:12:22.581+0800][info] GC(110) Metaspace: 724K(896K)->724K(896K) NonClass: 665K(768K)->665K(768K) Class: 59K(128K)->59K(128K)
[2024-09-08T18:12:22.581+0800][info] GC(110) Pause Young (Concurrent Start) (G1 Humongous Allocation) 92M->4M(128M) 1.283ms
[2024-09-08T18:12:22.581+0800][info] GC(110) User=0.00s Sys=0.00s Real=0.00s
[2024-09-08T18:12:22.581+0800][info] GC(111) Concurrent Undo Cycle
[2024-09-08T18:12:22.581+0800][info] GC(111) Concurrent Cleanup for Next Mark
[2024-09-08T18:12:22.581+0800][info] GC(111) Concurrent Cleanup for Next Mark 0.272ms
[2024-09-08T18:12:22.581+0800][info] GC(111) Concurrent Undo Cycle 0.329ms
[2024-09-08T18:12:22.596+0800][info] GC(112) Pause Young (Concurrent Start) (G1 Humongous Allocation)
[2024-09-08T18:12:22.596+0800][info] GC(112) Using 3 workers of 48 for evacuation
[2024-09-08T18:12:22.597+0800][info] GC(112)   Pre Evacuate Collection Set: 0.0ms
[2024-09-08T18:12:22.597+0800][info] GC(112)   Merge Heap Roots: 0.0ms
[2024-09-08T18:12:22.597+0800][info] GC(112)   Evacuate Collection Set: 0.3ms
[2024-09-08T18:12:22.597+0800][info] GC(112)   Post Evacuate Collection Set: 0.2ms
[2024-09-08T18:12:22.597+0800][info] GC(112)   Other: 0.3ms
[2024-09-08T18:12:22.597+0800][info] GC(112) Eden regions: 0->0(8)
[2024-09-08T18:12:22.597+0800][info] GC(112) Survivor regions: 0->0(1)
[2024-09-08T18:12:22.597+0800][info] GC(112) Old regions: 1->1
[2024-09-08T18:12:22.597+0800][info] GC(112) Archive regions: 2->2
[2024-09-08T18:12:22.597+0800][info] GC(112) Humongous regions: 11->0
[2024-09-08T18:12:22.597+0800][info] GC(112) Metaspace: 724K(896K)->724K(896K) NonClass: 665K(768K)->665K(768K) Class: 59K(128K)->59K(128K)
[2024-09-08T18:12:22.597+0800][info] GC(112) Pause Young (Concurrent Start) (G1 Humongous Allocation) 48M->4M(128M) 1.143ms
[2024-09-08T18:12:22.597+0800][info] GC(112) User=0.00s Sys=0.00s Real=0.01s
[2024-09-08T18:12:22.597+0800][info] GC(113) Concurrent Undo Cycle
[2024-09-08T18:12:22.597+0800][info] GC(113) Concurrent Cleanup for Next Mark
[2024-09-08T18:12:22.597+0800][info] GC(113) Concurrent Cleanup for Next Mark 0.186ms
[2024-09-08T18:12:22.597+0800][info] GC(113) Concurrent Undo Cycle 0.226ms
[2024-09-08T18:12:22.612+0800][info] GC(114) Pause Young (Concurrent Start) (G1 Humongous Allocation)
[2024-09-08T18:12:22.612+0800][info] GC(114) Using 3 workers of 48 for evacuation
[2024-09-08T18:12:22.612+0800][info] GC(114)   Pre Evacuate Collection Set: 0.0ms
[2024-09-08T18:12:22.612+0800][info] GC(114)   Merge Heap Roots: 0.0ms
[2024-09-08T18:12:22.612+0800][info] GC(114)   Evacuate Collection Set: 0.1ms
[2024-09-08T18:12:22.612+0800][info] GC(114)   Post Evacuate Collection Set: 0.2ms
[2024-09-08T18:12:22.612+0800][info] GC(114)   Other: 0.3ms
[2024-09-08T18:12:22.613+0800][info] GC(114) Eden regions: 0->0(8)
[2024-09-08T18:12:22.613+0800][info] GC(114) Survivor regions: 0->0(1)
[2024-09-08T18:12:22.613+0800][info] GC(114) Old regions: 1->1
[2024-09-08T18:12:22.613+0800][info] GC(114) Archive regions: 2->2
[2024-09-08T18:12:22.613+0800][info] GC(114) Humongous regions: 11->0
[2024-09-08T18:12:22.613+0800][info] GC(114) Metaspace: 724K(896K)->724K(896K) NonClass: 665K(768K)->665K(768K) Class: 59K(128K)->59K(128K)
[2024-09-08T18:12:22.613+0800][info] GC(114) Pause Young (Concurrent Start) (G1 Humongous Allocation) 48M->4M(128M) 0.803ms
[2024-09-08T18:12:22.613+0800][info] GC(114) User=0.00s Sys=0.00s Real=0.00s
[2024-09-08T18:12:22.613+0800][info] GC(115) Concurrent Undo Cycle
[2024-09-08T18:12:22.613+0800][info] GC(115) Concurrent Cleanup for Next Mark
[2024-09-08T18:12:22.613+0800][info] GC(115) Concurrent Cleanup for Next Mark 0.131ms
[2024-09-08T18:12:22.613+0800][info] GC(115) Concurrent Undo Cycle 0.170ms
[2024-09-08T18:12:22.627+0800][info] GC(116) Pause Young (Concurrent Start) (G1 Humongous Allocation)
[2024-09-08T18:12:22.627+0800][info] GC(116) Using 3 workers of 48 for evacuation
[2024-09-08T18:12:22.628+0800][info] GC(116)   Pre Evacuate Collection Set: 0.0ms
[2024-09-08T18:12:22.628+0800][info] GC(116)   Merge Heap Roots: 0.0ms
[2024-09-08T18:12:22.628+0800][info] GC(116)   Evacuate Collection Set: 0.2ms
[2024-09-08T18:12:22.628+0800][info] GC(116)   Post Evacuate Collection Set: 0.2ms
[2024-09-08T18:12:22.628+0800][info] GC(116)   Other: 0.3ms
[2024-09-08T18:12:22.628+0800][info] GC(116) Eden regions: 0->0(8)
[2024-09-08T18:12:22.628+0800][info] GC(116) Survivor regions: 0->0(1)
[2024-09-08T18:12:22.628+0800][info] GC(116) Old regions: 1->1
[2024-09-08T18:12:22.628+0800][info] GC(116) Archive regions: 2->2
[2024-09-08T18:12:22.628+0800][info] GC(116) Humongous regions: 11->0
[2024-09-08T18:12:22.628+0800][info] GC(116) Metaspace: 724K(896K)->724K(896K) NonClass: 665K(768K)->665K(768K) Class: 59K(128K)->59K(128K)
[2024-09-08T18:12:22.628+0800][info] GC(116) Pause Young (Concurrent Start) (G1 Humongous Allocation) 48M->4M(128M) 0.886ms
[2024-09-08T18:12:22.628+0800][info] GC(116) User=0.00s Sys=0.00s Real=0.00s
[2024-09-08T18:12:22.628+0800][info] GC(117) Concurrent Undo Cycle
[2024-09-08T18:12:22.628+0800][info] GC(117) Concurrent Cleanup for Next Mark
[2024-09-08T18:12:22.628+0800][info] GC(117) Concurrent Cleanup for Next Mark 0.143ms
[2024-09-08T18:12:22.628+0800][info] GC(117) Concurrent Undo Cycle 0.177ms
[2024-09-08T18:12:22.643+0800][info] GC(118) Pause Young (Concurrent Start) (G1 Humongous Allocation)
[2024-09-08T18:12:22.643+0800][info] GC(118) Using 3 workers of 48 for evacuation
[2024-09-08T18:12:22.644+0800][info] GC(118)   Pre Evacuate Collection Set: 0.1ms
[2024-09-08T18:12:22.644+0800][info] GC(118)   Merge Heap Roots: 0.0ms
[2024-09-08T18:12:22.644+0800][info] GC(118)   Evacuate Collection Set: 0.3ms
[2024-09-08T18:12:22.644+0800][info] GC(118)   Post Evacuate Collection Set: 0.2ms
[2024-09-08T18:12:22.644+0800][info] GC(118)   Other: 0.3ms
[2024-09-08T18:12:22.644+0800][info] GC(118) Eden regions: 0->0(8)
[2024-09-08T18:12:22.644+0800][info] GC(118) Survivor regions: 0->0(1)
[2024-09-08T18:12:22.644+0800][info] GC(118) Old regions: 1->1
[2024-09-08T18:12:22.644+0800][info] GC(118) Archive regions: 2->2
[2024-09-08T18:12:22.644+0800][info] GC(118) Humongous regions: 11->0
[2024-09-08T18:12:22.644+0800][info] GC(118) Metaspace: 724K(896K)->724K(896K) NonClass: 665K(768K)->665K(768K) Class: 59K(128K)->59K(128K)
[2024-09-08T18:12:22.644+0800][info] GC(118) Pause Young (Concurrent Start) (G1 Humongous Allocation) 48M->4M(128M) 1.025ms
[2024-09-08T18:12:22.644+0800][info] GC(118) User=0.00s Sys=0.00s Real=0.00s
[2024-09-08T18:12:22.644+0800][info] GC(119) Concurrent Undo Cycle
[2024-09-08T18:12:22.644+0800][info] GC(119) Concurrent Cleanup for Next Mark
[2024-09-08T18:12:22.644+0800][info] GC(119) Concurrent Cleanup for Next Mark 0.285ms
[2024-09-08T18:12:22.644+0800][info] GC(119) Concurrent Undo Cycle 0.322ms
[2024-09-08T18:12:22.659+0800][info] GC(120) Pause Young (Concurrent Start) (G1 Humongous Allocation)
[2024-09-08T18:12:22.659+0800][info] GC(120) Using 3 workers of 48 for evacuation
[2024-09-08T18:12:22.659+0800][info] GC(120)   Pre Evacuate Collection Set: 0.0ms
[2024-09-08T18:12:22.659+0800][info] GC(120)   Merge Heap Roots: 0.0ms
[2024-09-08T18:12:22.659+0800][info] GC(120)   Evacuate Collection Set: 0.2ms
[2024-09-08T18:12:22.659+0800][info] GC(120)   Post Evacuate Collection Set: 0.1ms
[2024-09-08T18:12:22.659+0800][info] GC(120)   Other: 0.3ms
[2024-09-08T18:12:22.659+0800][info] GC(120) Eden regions: 0->0(8)
[2024-09-08T18:12:22.659+0800][info] GC(120) Survivor regions: 0->0(1)
[2024-09-08T18:12:22.659+0800][info] GC(120) Old regions: 1->1
[2024-09-08T18:12:22.659+0800][info] GC(120) Archive regions: 2->2
[2024-09-08T18:12:22.659+0800][info] GC(120) Humongous regions: 11->0
[2024-09-08T18:12:22.659+0800][info] GC(120) Metaspace: 724K(896K)->724K(896K) NonClass: 665K(768K)->665K(768K) Class: 59K(128K)->59K(128K)
[2024-09-08T18:12:22.660+0800][info] GC(120) Pause Young (Concurrent Start) (G1 Humongous Allocation) 48M->4M(128M) 0.820ms
[2024-09-08T18:12:22.660+0800][info] GC(120) User=0.01s Sys=0.00s Real=0.00s
[2024-09-08T18:12:22.660+0800][info] GC(121) Concurrent Undo Cycle
[2024-09-08T18:12:22.660+0800][info] GC(121) Concurrent Cleanup for Next Mark
[2024-09-08T18:12:22.660+0800][info] GC(121) Concurrent Cleanup for Next Mark 0.175ms
[2024-09-08T18:12:22.660+0800][info] GC(121) Concurrent Undo Cycle 0.208ms
[2024-09-08T18:12:22.674+0800][info] GC(122) Pause Young (Concurrent Start) (G1 Humongous Allocation)
[2024-09-08T18:12:22.674+0800][info] GC(122) Using 3 workers of 48 for evacuation
[2024-09-08T18:12:22.675+0800][info] GC(122)   Pre Evacuate Collection Set: 0.0ms
[2024-09-08T18:12:22.675+0800][info] GC(122)   Merge Heap Roots: 0.0ms
[2024-09-08T18:12:22.675+0800][info] GC(122)   Evacuate Collection Set: 0.1ms
[2024-09-08T18:12:22.675+0800][info] GC(122)   Post Evacuate Collection Set: 0.1ms
[2024-09-08T18:12:22.675+0800][info] GC(122)   Other: 0.3ms
[2024-09-08T18:12:22.675+0800][info] GC(122) Eden regions: 0->0(8)
[2024-09-08T18:12:22.675+0800][info] GC(122) Survivor regions: 0->0(1)
[2024-09-08T18:12:22.675+0800][info] GC(122) Old regions: 1->1
[2024-09-08T18:12:22.675+0800][info] GC(122) Archive regions: 2->2
[2024-09-08T18:12:22.675+0800][info] GC(122) Humongous regions: 11->0
[2024-09-08T18:12:22.675+0800][info] GC(122) Metaspace: 724K(896K)->724K(896K) NonClass: 665K(768K)->665K(768K) Class: 59K(128K)->59K(128K)
[2024-09-08T18:12:22.675+0800][info] GC(122) Pause Young (Concurrent Start) (G1 Humongous Allocation) 48M->4M(128M) 0.723ms
[2024-09-08T18:12:22.675+0800][info] GC(122) User=0.00s Sys=0.00s Real=0.00s
[2024-09-08T18:12:22.675+0800][info] GC(123) Concurrent Undo Cycle
[2024-09-08T18:12:22.675+0800][info] GC(123) Concurrent Cleanup for Next Mark
[2024-09-08T18:12:22.675+0800][info] GC(123) Concurrent Cleanup for Next Mark 0.229ms
[2024-09-08T18:12:22.675+0800][info] GC(123) Concurrent Undo Cycle 0.264ms
[2024-09-08T18:12:22.690+0800][info] GC(124) Pause Young (Concurrent Start) (G1 Humongous Allocation)
[2024-09-08T18:12:22.690+0800][info] GC(124) Using 3 workers of 48 for evacuation
[2024-09-08T18:12:22.690+0800][info] GC(124)   Pre Evacuate Collection Set: 0.0ms
[2024-09-08T18:12:22.690+0800][info] GC(124)   Merge Heap Roots: 0.0ms
[2024-09-08T18:12:22.690+0800][info] GC(124)   Evacuate Collection Set: 0.1ms
[2024-09-08T18:12:22.690+0800][info] GC(124)   Post Evacuate Collection Set: 0.1ms
[2024-09-08T18:12:22.690+0800][info] GC(124)   Other: 0.3ms
[2024-09-08T18:12:22.690+0800][info] GC(124) Eden regions: 0->0(8)
[2024-09-08T18:12:22.690+0800][info] GC(124) Survivor regions: 0->0(1)
[2024-09-08T18:12:22.690+0800][info] GC(124) Old regions: 1->1
[2024-09-08T18:12:22.690+0800][info] GC(124) Archive regions: 2->2
[2024-09-08T18:12:22.690+0800][info] GC(124) Humongous regions: 11->0
[2024-09-08T18:12:22.690+0800][info] GC(124) Metaspace: 724K(896K)->724K(896K) NonClass: 665K(768K)->665K(768K) Class: 59K(128K)->59K(128K)
[2024-09-08T18:12:22.690+0800][info] GC(124) Pause Young (Concurrent Start) (G1 Humongous Allocation) 48M->4M(128M) 0.740ms
[2024-09-08T18:12:22.690+0800][info] GC(124) User=0.00s Sys=0.00s Real=0.00s
[2024-09-08T18:12:22.690+0800][info] GC(125) Concurrent Undo Cycle
[2024-09-08T18:12:22.691+0800][info] GC(125) Concurrent Cleanup for Next Mark
[2024-09-08T18:12:22.691+0800][info] GC(125) Concurrent Cleanup for Next Mark 0.176ms
[2024-09-08T18:12:22.691+0800][info] GC(125) Concurrent Undo Cycle 0.211ms
[2024-09-08T18:12:22.724+0800][info] GC(126) Pause Young (Normal) (G1 Preventive Collection)
[2024-09-08T18:12:22.724+0800][info] GC(126) Using 3 workers of 48 for evacuation
[2024-09-08T18:12:22.729+0800][info] GC(126)   Pre Evacuate Collection Set: 0.0ms
[2024-09-08T18:12:22.729+0800][info] GC(126)   Merge Heap Roots: 0.0ms
[2024-09-08T18:12:22.729+0800][info] GC(126)   Evacuate Collection Set: 4.1ms
[2024-09-08T18:12:22.729+0800][info] GC(126)   Post Evacuate Collection Set: 0.2ms
[2024-09-08T18:12:22.729+0800][info] GC(126)   Other: 0.2ms
[2024-09-08T18:12:22.729+0800][info] GC(126) Eden regions: 8->0(5)
[2024-09-08T18:12:22.729+0800][info] GC(126) Survivor regions: 0->1(1)
[2024-09-08T18:12:22.729+0800][info] GC(126) Old regions: 1->8
[2024-09-08T18:12:22.729+0800][info] GC(126) Archive regions: 2->2
[2024-09-08T18:12:22.729+0800][info] GC(126) Humongous regions: 11->0
[2024-09-08T18:12:22.729+0800][info] GC(126) Metaspace: 724K(896K)->724K(896K) NonClass: 665K(768K)->665K(768K) Class: 59K(128K)->59K(128K)
[2024-09-08T18:12:22.729+0800][info] GC(126) Pause Young (Normal) (G1 Preventive Collection) 80M->36M(128M) 4.729ms
[2024-09-08T18:12:22.729+0800][info] GC(126) User=0.01s Sys=0.00s Real=0.01s
[2024-09-08T18:12:22.734+0800][info] GC(127) Pause Young (Normal) (G1 Evacuation Pause)
[2024-09-08T18:12:22.734+0800][info] GC(127) Using 3 workers of 48 for evacuation
[2024-09-08T18:12:22.738+0800][info] GC(127)   Pre Evacuate Collection Set: 0.0ms
[2024-09-08T18:12:22.738+0800][info] GC(127)   Merge Heap Roots: 0.0ms
[2024-09-08T18:12:22.738+0800][info] GC(127)   Evacuate Collection Set: 3.0ms
[2024-09-08T18:12:22.738+0800][info] GC(127)   Post Evacuate Collection Set: 0.1ms
[2024-09-08T18:12:22.738+0800][info] GC(127)   Other: 0.1ms
[2024-09-08T18:12:22.738+0800][info] GC(127) Eden regions: 5->0(4)
[2024-09-08T18:12:22.738+0800][info] GC(127) Survivor regions: 1->1(1)
[2024-09-08T18:12:22.738+0800][info] GC(127) Old regions: 8->13
[2024-09-08T18:12:22.738+0800][info] GC(127) Archive regions: 2->2
[2024-09-08T18:12:22.738+0800][info] GC(127) Humongous regions: 0->0
[2024-09-08T18:12:22.738+0800][info] GC(127) Metaspace: 724K(896K)->724K(896K) NonClass: 665K(768K)->665K(768K) Class: 59K(128K)->59K(128K)
[2024-09-08T18:12:22.738+0800][info] GC(127) Pause Young (Normal) (G1 Evacuation Pause) 56M->56M(128M) 3.501ms
[2024-09-08T18:12:22.738+0800][info] GC(127) User=0.00s Sys=0.00s Real=0.01s
[2024-09-08T18:12:22.742+0800][info] GC(128) Pause Young (Normal) (G1 Evacuation Pause)
[2024-09-08T18:12:22.742+0800][info] GC(128) Using 3 workers of 48 for evacuation
[2024-09-08T18:12:22.744+0800][info] GC(128)   Pre Evacuate Collection Set: 0.0ms
[2024-09-08T18:12:22.744+0800][info] GC(128)   Merge Heap Roots: 0.0ms
[2024-09-08T18:12:22.744+0800][info] GC(128)   Evacuate Collection Set: 2.4ms
[2024-09-08T18:12:22.744+0800][info] GC(128)   Post Evacuate Collection Set: 0.1ms
[2024-09-08T18:12:22.744+0800][info] GC(128)   Other: 0.1ms
[2024-09-08T18:12:22.744+0800][info] GC(128) Eden regions: 4->0(3)
[2024-09-08T18:12:22.744+0800][info] GC(128) Survivor regions: 1->1(1)
[2024-09-08T18:12:22.744+0800][info] GC(128) Old regions: 13->17
[2024-09-08T18:12:22.744+0800][info] GC(128) Archive regions: 2->2
[2024-09-08T18:12:22.744+0800][info] GC(128) Humongous regions: 0->0
[2024-09-08T18:12:22.744+0800][info] GC(128) Metaspace: 724K(896K)->724K(896K) NonClass: 665K(768K)->665K(768K) Class: 59K(128K)->59K(128K)
[2024-09-08T18:12:22.744+0800][info] GC(128) Pause Young (Normal) (G1 Evacuation Pause) 72M->72M(128M) 2.872ms
[2024-09-08T18:12:22.744+0800][info] GC(128) User=0.00s Sys=0.00s Real=0.00s
[2024-09-08T18:12:22.747+0800][info] GC(129) Pause Young (Normal) (G1 Evacuation Pause)
[2024-09-08T18:12:22.747+0800][info] GC(129) Using 3 workers of 48 for evacuation
[2024-09-08T18:12:22.749+0800][info] GC(129)   Pre Evacuate Collection Set: 0.0ms
[2024-09-08T18:12:22.749+0800][info] GC(129)   Merge Heap Roots: 0.0ms
[2024-09-08T18:12:22.749+0800][info] GC(129)   Evacuate Collection Set: 1.7ms
[2024-09-08T18:12:22.749+0800][info] GC(129)   Post Evacuate Collection Set: 0.1ms
[2024-09-08T18:12:22.749+0800][info] GC(129)   Other: 0.1ms
[2024-09-08T18:12:22.749+0800][info] GC(129) Eden regions: 3->0(2)
[2024-09-08T18:12:22.749+0800][info] GC(129) Survivor regions: 1->1(1)
[2024-09-08T18:12:22.749+0800][info] GC(129) Old regions: 17->20
[2024-09-08T18:12:22.749+0800][info] GC(129) Archive regions: 2->2
[2024-09-08T18:12:22.749+0800][info] GC(129) Humongous regions: 0->0
[2024-09-08T18:12:22.749+0800][info] GC(129) Metaspace: 724K(896K)->724K(896K) NonClass: 665K(768K)->665K(768K) Class: 59K(128K)->59K(128K)
[2024-09-08T18:12:22.749+0800][info] GC(129) Pause Young (Normal) (G1 Evacuation Pause) 84M->84M(128M) 2.308ms
[2024-09-08T18:12:22.749+0800][info] GC(129) User=0.00s Sys=0.00s Real=0.00s
[2024-09-08T18:12:22.751+0800][info] GC(130) Pause Young (Normal) (G1 Evacuation Pause)
[2024-09-08T18:12:22.751+0800][info] GC(130) Using 3 workers of 48 for evacuation
[2024-09-08T18:12:22.752+0800][info] GC(130)   Pre Evacuate Collection Set: 0.0ms
[2024-09-08T18:12:22.752+0800][info] GC(130)   Merge Heap Roots: 0.0ms
[2024-09-08T18:12:22.752+0800][info] GC(130)   Evacuate Collection Set: 1.3ms
[2024-09-08T18:12:22.752+0800][info] GC(130)   Post Evacuate Collection Set: 0.1ms
[2024-09-08T18:12:22.752+0800][info] GC(130)   Other: 0.1ms
[2024-09-08T18:12:22.752+0800][info] GC(130) Eden regions: 2->0(2)
[2024-09-08T18:12:22.752+0800][info] GC(130) Survivor regions: 1->1(1)
[2024-09-08T18:12:22.752+0800][info] GC(130) Old regions: 20->22
[2024-09-08T18:12:22.752+0800][info] GC(130) Archive regions: 2->2
[2024-09-08T18:12:22.752+0800][info] GC(130) Humongous regions: 0->0
[2024-09-08T18:12:22.752+0800][info] GC(130) Metaspace: 724K(896K)->724K(896K) NonClass: 665K(768K)->665K(768K) Class: 59K(128K)->59K(128K)
[2024-09-08T18:12:22.753+0800][info] GC(130) Pause Young (Normal) (G1 Evacuation Pause) 92M->92M(128M) 1.705ms
[2024-09-08T18:12:22.753+0800][info] GC(130) User=0.01s Sys=0.00s Real=0.00s
[2024-09-08T18:12:22.754+0800][info] GC(131) Pause Young (Normal) (G1 Preventive Collection)
[2024-09-08T18:12:22.754+0800][info] GC(131) Using 3 workers of 48 for evacuation
[2024-09-08T18:12:22.755+0800][info] GC(131)   Pre Evacuate Collection Set: 0.0ms
[2024-09-08T18:12:22.755+0800][info] GC(131)   Merge Heap Roots: 0.0ms
[2024-09-08T18:12:22.755+0800][info] GC(131)   Evacuate Collection Set: 1.2ms
[2024-09-08T18:12:22.755+0800][info] GC(131)   Post Evacuate Collection Set: 0.1ms
[2024-09-08T18:12:22.755+0800][info] GC(131)   Other: 0.1ms
[2024-09-08T18:12:22.755+0800][info] GC(131) Eden regions: 2->0(2)
[2024-09-08T18:12:22.755+0800][info] GC(131) Survivor regions: 1->1(1)
[2024-09-08T18:12:22.755+0800][info] GC(131) Old regions: 22->24
[2024-09-08T18:12:22.755+0800][info] GC(131) Archive regions: 2->2
[2024-09-08T18:12:22.755+0800][info] GC(131) Humongous regions: 0->0
[2024-09-08T18:12:22.755+0800][info] GC(131) Metaspace: 724K(896K)->724K(896K) NonClass: 665K(768K)->665K(768K) Class: 59K(128K)->59K(128K)
[2024-09-08T18:12:22.756+0800][info] GC(131) Pause Young (Normal) (G1 Preventive Collection) 100M->100M(128M) 1.741ms
[2024-09-08T18:12:22.756+0800][info] GC(131) User=0.00s Sys=0.00s Real=0.00s
[2024-09-08T18:12:22.756+0800][info] GC(132) Pause Young (Concurrent Start) (G1 Preventive Collection)
[2024-09-08T18:12:22.756+0800][info] GC(132) Using 3 workers of 48 for evacuation
[2024-09-08T18:12:22.757+0800][info] GC(132)   Pre Evacuate Collection Set: 0.0ms
[2024-09-08T18:12:22.757+0800][info] GC(132)   Merge Heap Roots: 0.0ms
[2024-09-08T18:12:22.757+0800][info] GC(132)   Evacuate Collection Set: 0.7ms
[2024-09-08T18:12:22.757+0800][info] GC(132)   Post Evacuate Collection Set: 0.1ms
[2024-09-08T18:12:22.757+0800][info] GC(132)   Other: 0.2ms
[2024-09-08T18:12:22.757+0800][info] GC(132) Eden regions: 1->0(2)
[2024-09-08T18:12:22.757+0800][info] GC(132) Survivor regions: 1->1(1)
[2024-09-08T18:12:22.757+0800][info] GC(132) Old regions: 24->25
[2024-09-08T18:12:22.758+0800][info] GC(132) Archive regions: 2->2
[2024-09-08T18:12:22.758+0800][info] GC(132) Humongous regions: 0->0
[2024-09-08T18:12:22.758+0800][info] GC(132) Metaspace: 724K(896K)->724K(896K) NonClass: 665K(768K)->665K(768K) Class: 59K(128K)->59K(128K)
[2024-09-08T18:12:22.758+0800][info] GC(132) Pause Young (Concurrent Start) (G1 Preventive Collection) 104M->104M(128M) 1.248ms
[2024-09-08T18:12:22.758+0800][info] GC(132) User=0.00s Sys=0.00s Real=0.01s
[2024-09-08T18:12:22.758+0800][info] GC(133) Concurrent Mark Cycle
[2024-09-08T18:12:22.758+0800][info] GC(133) Concurrent Clear Claimed Marks
[2024-09-08T18:12:22.758+0800][info] GC(133) Concurrent Clear Claimed Marks 0.008ms
[2024-09-08T18:12:22.758+0800][info] GC(133) Concurrent Scan Root Regions
[2024-09-08T18:12:22.758+0800][info] GC(133) Concurrent Scan Root Regions 0.050ms
[2024-09-08T18:12:22.758+0800][info] GC(133) Concurrent Mark
[2024-09-08T18:12:22.758+0800][info] GC(133) Concurrent Mark From Roots
[2024-09-08T18:12:22.758+0800][info] GC(133) Using 12 workers of 12 for marking
[2024-09-08T18:12:22.761+0800][info] GC(133) Concurrent Mark From Roots 3.345ms
[2024-09-08T18:12:22.761+0800][info] GC(133) Concurrent Preclean
[2024-09-08T18:12:22.762+0800][info] GC(133) Concurrent Preclean 0.722ms
[2024-09-08T18:12:22.762+0800][info] GC(133) Pause Remark
[2024-09-08T18:12:22.763+0800][info] GC(133) Pause Remark 104M->104M(128M) 1.070ms
[2024-09-08T18:12:22.763+0800][info] GC(133) User=0.01s Sys=0.00s Real=0.00s
[2024-09-08T18:12:22.763+0800][info] GC(133) Concurrent Mark 5.277ms
[2024-09-08T18:12:22.763+0800][info] GC(133) Concurrent Rebuild Remembered Sets
[2024-09-08T18:12:22.770+0800][info] GC(133) Concurrent Rebuild Remembered Sets 6.555ms
[2024-09-08T18:12:22.770+0800][info] GC(133) Pause Cleanup
[2024-09-08T18:12:22.770+0800][info] GC(133) Pause Cleanup 104M->104M(128M) 0.441ms
[2024-09-08T18:12:22.770+0800][info] GC(133) User=0.00s Sys=0.00s Real=0.00s
[2024-09-08T18:12:22.770+0800][info] GC(133) Concurrent Cleanup for Next Mark
[2024-09-08T18:12:22.770+0800][info] GC(133) Concurrent Cleanup for Next Mark 0.226ms
[2024-09-08T18:12:22.770+0800][info] GC(133) Concurrent Mark Cycle 12.738ms
[2024-09-08T18:12:23.770+0800][info] GC(134) Pause Young (Concurrent Start) (WhiteBox Initiated Concurrent Mark)
[2024-09-08T18:12:23.770+0800][info] GC(134) Using 3 workers of 48 for evacuation
[2024-09-08T18:12:23.771+0800][info] GC(134)   Pre Evacuate Collection Set: 0.0ms
[2024-09-08T18:12:23.771+0800][info] GC(134)   Merge Heap Roots: 0.0ms
[2024-09-08T18:12:23.771+0800][info] GC(134)   Evacuate Collection Set: 0.7ms
[2024-09-08T18:12:23.771+0800][info] GC(134)   Post Evacuate Collection Set: 0.1ms
[2024-09-08T18:12:23.771+0800][info] GC(134)   Other: 0.3ms
[2024-09-08T18:12:23.771+0800][info] GC(134) Eden regions: 1->0(1)
[2024-09-08T18:12:23.771+0800][info] GC(134) Survivor regions: 1->1(1)
[2024-09-08T18:12:23.771+0800][info] GC(134) Old regions: 25->26
[2024-09-08T18:12:23.771+0800][info] GC(134) Archive regions: 2->2
[2024-09-08T18:12:23.771+0800][info] GC(134) Humongous regions: 0->0
[2024-09-08T18:12:23.771+0800][info] GC(134) Metaspace: 727K(896K)->727K(896K) NonClass: 668K(768K)->668K(768K) Class: 59K(128K)->59K(128K)
[2024-09-08T18:12:23.771+0800][info] GC(134) Pause Young (Concurrent Start) (WhiteBox Initiated Concurrent Mark) 105M->105M(128M) 1.427ms
[2024-09-08T18:12:23.771+0800][info] GC(134) User=0.00s Sys=0.00s Real=0.00s
[2024-09-08T18:12:23.771+0800][info] GC(135) Concurrent Mark Cycle
[2024-09-08T18:12:23.771+0800][info] GC(135) Concurrent Clear Claimed Marks
[2024-09-08T18:12:23.771+0800][info] GC(135) Concurrent Clear Claimed Marks 0.020ms
[2024-09-08T18:12:23.771+0800][info] GC(135) Concurrent Scan Root Regions
[2024-09-08T18:12:23.771+0800][info] GC(135) Concurrent Scan Root Regions 0.085ms
[2024-09-08T18:12:23.771+0800][info] GC(135) Concurrent Mark
[2024-09-08T18:12:23.771+0800][info] GC(135) Concurrent Mark From Roots
[2024-09-08T18:12:23.771+0800][info] GC(135) Using 12 workers of 12 for marking
[2024-09-08T18:12:23.775+0800][info] GC(135) Concurrent Mark From Roots 3.467ms
[2024-09-08T18:12:23.775+0800][info] GC(135) Concurrent Preclean
[2024-09-08T18:12:23.777+0800][info] GC(135) Concurrent Preclean 1.667ms
[2024-09-08T18:12:23.777+0800][info] GC(135) Pause Remark
[2024-09-08T18:12:23.778+0800][info] GC(135) Pause Remark 105M->13M(128M) 0.994ms
[2024-09-08T18:12:23.778+0800][info] GC(135) User=0.00s Sys=0.00s Real=0.01s
[2024-09-08T18:12:23.778+0800][info] GC(135) Concurrent Mark 6.312ms
[2024-09-08T18:12:23.778+0800][info] GC(135) Concurrent Rebuild Remembered Sets
[2024-09-08T18:12:23.779+0800][info] GC(135) Concurrent Rebuild Remembered Sets 0.934ms
[2024-09-08T18:12:23.779+0800][info] GC(135) Pause Cleanup
[2024-09-08T18:12:23.779+0800][info] GC(135) Pause Cleanup 13M->13M(128M) 0.123ms
[2024-09-08T18:12:23.779+0800][info] GC(135) User=0.00s Sys=0.00s Real=0.00s
[2024-09-08T18:12:23.779+0800][info] GC(135) Concurrent Cleanup for Next Mark
[2024-09-08T18:12:23.779+0800][info] GC(135) Concurrent Cleanup for Next Mark 0.286ms
[2024-09-08T18:12:23.779+0800][info] GC(135) Concurrent Mark Cycle 7.979ms
[2024-09-08T18:12:24.773+0800][info] GC(136) Pause Young (Concurrent Start) (WhiteBox Initiated Concurrent Mark)
[2024-09-08T18:12:24.773+0800][info] GC(136) Using 3 workers of 48 for evacuation
[2024-09-08T18:12:24.775+0800][info] GC(136)   Pre Evacuate Collection Set: 0.0ms
[2024-09-08T18:12:24.775+0800][info] GC(136)   Merge Heap Roots: 0.0ms
[2024-09-08T18:12:24.775+0800][info] GC(136)   Evacuate Collection Set: 0.3ms
[2024-09-08T18:12:24.775+0800][info] GC(136)   Post Evacuate Collection Set: 0.7ms
[2024-09-08T18:12:24.775+0800][info] GC(136)   Other: 0.3ms
[2024-09-08T18:12:24.775+0800][info] GC(136) Eden regions: 1->0(6)
[2024-09-08T18:12:24.775+0800][info] GC(136) Survivor regions: 1->1(1)
[2024-09-08T18:12:24.775+0800][info] GC(136) Old regions: 3->3
[2024-09-08T18:12:24.775+0800][info] GC(136) Archive regions: 2->2
[2024-09-08T18:12:24.775+0800][info] GC(136) Humongous regions: 0->0
[2024-09-08T18:12:24.775+0800][info] GC(136) Metaspace: 728K(896K)->728K(896K) NonClass: 668K(768K)->668K(768K) Class: 59K(128K)->59K(128K)
[2024-09-08T18:12:24.775+0800][info] GC(136) Pause Young (Concurrent Start) (WhiteBox Initiated Concurrent Mark) 14M->12M(128M) 1.490ms
[2024-09-08T18:12:24.775+0800][info] GC(136) User=0.01s Sys=0.00s Real=0.00s
[2024-09-08T18:12:24.775+0800][info] GC(137) Concurrent Mark Cycle
[2024-09-08T18:12:24.775+0800][info] GC(137) Concurrent Clear Claimed Marks
[2024-09-08T18:12:24.775+0800][info] GC(137) Concurrent Clear Claimed Marks 0.055ms
[2024-09-08T18:12:24.775+0800][info] GC(137) Concurrent Scan Root Regions
[2024-09-08T18:12:24.775+0800][info] GC(137) Concurrent Scan Root Regions 0.109ms
[2024-09-08T18:12:24.775+0800][info] GC(137) Concurrent Mark
[2024-09-08T18:12:24.775+0800][info] GC(137) Concurrent Mark From Roots
[2024-09-08T18:12:24.775+0800][info] GC(137) Using 12 workers of 12 for marking
[2024-09-08T18:12:24.778+0800][info] GC(137) Concurrent Mark From Roots 2.385ms
[2024-09-08T18:12:24.778+0800][info] GC(137) Concurrent Preclean
[2024-09-08T18:12:24.779+0800][info] GC(137) Concurrent Preclean 1.664ms
[2024-09-08T18:12:24.779+0800][info] GC(137) Pause Remark
[2024-09-08T18:12:24.780+0800][info] GC(137) Pause Remark 12M->5M(128M) 0.831ms
[2024-09-08T18:12:24.780+0800][info] GC(137) User=0.00s Sys=0.01s Real=0.00s
[2024-09-08T18:12:24.780+0800][info] GC(137) Concurrent Mark 5.126ms
[2024-09-08T18:12:24.780+0800][info] GC(137) Concurrent Rebuild Remembered Sets
[2024-09-08T18:12:24.781+0800][info] GC(137) Concurrent Rebuild Remembered Sets 0.746ms
[2024-09-08T18:12:24.781+0800][info] GC(137) Pause Cleanup
[2024-09-08T18:12:24.781+0800][info] GC(137) Pause Cleanup 5M->5M(128M) 0.122ms
[2024-09-08T18:12:24.781+0800][info] GC(137) User=0.00s Sys=0.00s Real=0.00s
[2024-09-08T18:12:24.781+0800][info] GC(137) Concurrent Cleanup for Next Mark
[2024-09-08T18:12:24.781+0800][info] GC(137) Concurrent Cleanup for Next Mark 0.228ms
[2024-09-08T18:12:24.782+0800][info] GC(137) Concurrent Mark Cycle 6.634ms
[2024-09-08T18:12:25.777+0800][info] Heap
[2024-09-08T18:12:25.777+0800][info]  garbage-first heap   total 131072K, used 5835K [0x00000000f8000000, 0x0000000100000000)
[2024-09-08T18:12:25.777+0800][info]   region size 4096K, 2 young (8192K), 1 survivors (4096K)
[2024-09-08T18:12:25.777+0800][info]  Metaspace       used 729K, committed 896K, reserved 1114112K
[2024-09-08T18:12:25.777+0800][info]   class space    used 59K, committed 128K, reserved 1048576K
