[2024-09-08T05:09:24.172+0800][info] Using G1
[2024-09-08T05:09:24.177+0800][info] Version: 17.0.11-internal+0-adhoc.cxl.TencentKona-17-TencentKona-17.0.11 (release)
[2024-09-08T05:09:24.177+0800][info] CPUs: 72 total, 72 available
[2024-09-08T05:09:24.177+0800][info] Memory: 125G
[2024-09-08T05:09:24.177+0800][info] Large Page Support: Disabled
[2024-09-08T05:09:24.177+0800][info] NUMA Support: Disabled
[2024-09-08T05:09:24.177+0800][info] Compressed Oops: Enabled (32-bit)
[2024-09-08T05:09:24.177+0800][info] Heap Region Size: 1M
[2024-09-08T05:09:24.177+0800][info] Heap Min Capacity: 256M
[2024-09-08T05:09:24.177+0800][info] Heap Initial Capacity: 256M
[2024-09-08T05:09:24.177+0800][info] Heap Max Capacity: 256M
[2024-09-08T05:09:24.177+0800][info] Pre-touch: Disabled
[2024-09-08T05:09:24.177+0800][info] Parallel Workers: 48
[2024-09-08T05:09:24.177+0800][info] Concurrent Workers: 12
[2024-09-08T05:09:24.177+0800][info] Concurrent Refinement Workers: 48
[2024-09-08T05:09:24.177+0800][info] Periodic GC: Disabled
[2024-09-08T05:09:24.187+0800][info] CDS archive(s) mapped at: [0x00007c6aef000000-0x00007c6aefbc7000-0x00007c6aefbc7000), size 12349440, SharedBaseAddress: 0x00007c6aef000000, ArchiveRelocationMode: 1.
[2024-09-08T05:09:24.187+0800][info] Compressed class space mapped at: 0x00007c6af0000000-0x00007c6b30000000, reserved size: 1073741824
[2024-09-08T05:09:24.187+0800][info] Narrow klass base: 0x00007c6aef000000, Narrow klass shift: 0, Narrow klass range: 0x100000000
[2024-09-08T05:09:24.238+0800][info] GC(0) Pause Young (Normal) (G1 Evacuation Pause)
[2024-09-08T05:09:24.239+0800][info] GC(0) Using 6 workers of 48 for evacuation
[2024-09-08T05:09:24.242+0800][info] GC(0)   Pre Evacuate Collection Set: 0.1ms
[2024-09-08T05:09:24.242+0800][info] GC(0)   Merge Heap Roots: 0.0ms
[2024-09-08T05:09:24.242+0800][info] GC(0)   Evacuate Collection Set: 2.2ms
[2024-09-08T05:09:24.242+0800][info] GC(0)   Post Evacuate Collection Set: 0.6ms
[2024-09-08T05:09:24.242+0800][info] GC(0)   Other: 0.8ms
[2024-09-08T05:09:24.242+0800][info] GC(0) Eden regions: 12->0(10)
[2024-09-08T05:09:24.242+0800][info] GC(0) Survivor regions: 0->2(2)
[2024-09-08T05:09:24.242+0800][info] GC(0) Old regions: 0->9
[2024-09-08T05:09:24.242+0800][info] GC(0) Archive regions: 2->2
[2024-09-08T05:09:24.242+0800][info] GC(0) Humongous regions: 0->0
[2024-09-08T05:09:24.242+0800][info] GC(0) Metaspace: 420K(576K)->420K(576K) NonClass: 394K(448K)->394K(448K) Class: 25K(128K)->25K(128K)
[2024-09-08T05:09:24.242+0800][info] GC(0) Pause Young (Normal) (G1 Evacuation Pause) 12M->11M(256M) 3.808ms
[2024-09-08T05:09:24.242+0800][info] GC(0) User=0.00s Sys=0.01s Real=0.00s
[2024-09-08T05:09:24.244+0800][info] GC(1) Pause Young (Normal) (G1 Evacuation Pause)
[2024-09-08T05:09:24.244+0800][info] GC(1) Using 6 workers of 48 for evacuation
[2024-09-08T05:09:24.246+0800][info] GC(1)   Pre Evacuate Collection Set: 0.0ms
[2024-09-08T05:09:24.246+0800][info] GC(1)   Merge Heap Roots: 0.0ms
[2024-09-08T05:09:24.246+0800][info] GC(1)   Evacuate Collection Set: 2.1ms
[2024-09-08T05:09:24.246+0800][info] GC(1)   Post Evacuate Collection Set: 0.1ms
[2024-09-08T05:09:24.246+0800][info] GC(1)   Other: 0.1ms
[2024-09-08T05:09:24.246+0800][info] GC(1) Eden regions: 10->0(10)
[2024-09-08T05:09:24.246+0800][info] GC(1) Survivor regions: 2->2(2)
[2024-09-08T05:09:24.246+0800][info] GC(1) Old regions: 9->19
[2024-09-08T05:09:24.246+0800][info] GC(1) Archive regions: 2->2
[2024-09-08T05:09:24.246+0800][info] GC(1) Humongous regions: 0->0
[2024-09-08T05:09:24.246+0800][info] GC(1) Metaspace: 421K(576K)->421K(576K) NonClass: 395K(448K)->395K(448K) Class: 25K(128K)->25K(128K)
[2024-09-08T05:09:24.246+0800][info] GC(1) Pause Young (Normal) (G1 Evacuation Pause) 21M->21M(256M) 2.470ms
[2024-09-08T05:09:24.246+0800][info] GC(1) User=0.01s Sys=0.01s Real=0.01s
[2024-09-08T05:09:24.248+0800][info] GC(2) Pause Young (Normal) (G1 Evacuation Pause)
[2024-09-08T05:09:24.248+0800][info] GC(2) Using 6 workers of 48 for evacuation
[2024-09-08T05:09:24.250+0800][info] GC(2)   Pre Evacuate Collection Set: 0.0ms
[2024-09-08T05:09:24.250+0800][info] GC(2)   Merge Heap Roots: 0.0ms
[2024-09-08T05:09:24.250+0800][info] GC(2)   Evacuate Collection Set: 1.9ms
[2024-09-08T05:09:24.250+0800][info] GC(2)   Post Evacuate Collection Set: 0.1ms
[2024-09-08T05:09:24.250+0800][info] GC(2)   Other: 0.1ms
[2024-09-08T05:09:24.250+0800][info] GC(2) Eden regions: 10->0(10)
[2024-09-08T05:09:24.250+0800][info] GC(2) Survivor regions: 2->2(2)
[2024-09-08T05:09:24.250+0800][info] GC(2) Old regions: 19->29
[2024-09-08T05:09:24.250+0800][info] GC(2) Archive regions: 2->2
[2024-09-08T05:09:24.250+0800][info] GC(2) Humongous regions: 0->0
[2024-09-08T05:09:24.250+0800][info] GC(2) Metaspace: 421K(576K)->421K(576K) NonClass: 395K(448K)->395K(448K) Class: 25K(128K)->25K(128K)
[2024-09-08T05:09:24.250+0800][info] GC(2) Pause Young (Normal) (G1 Evacuation Pause) 31M->31M(256M) 2.278ms
[2024-09-08T05:09:24.250+0800][info] GC(2) User=0.00s Sys=0.01s Real=0.00s
[2024-09-08T05:09:24.251+0800][info] GC(3) Pause Young (Normal) (G1 Evacuation Pause)
[2024-09-08T05:09:24.251+0800][info] GC(3) Using 6 workers of 48 for evacuation
[2024-09-08T05:09:24.253+0800][info] GC(3)   Pre Evacuate Collection Set: 0.0ms
[2024-09-08T05:09:24.253+0800][info] GC(3)   Merge Heap Roots: 0.0ms
[2024-09-08T05:09:24.253+0800][info] GC(3)   Evacuate Collection Set: 1.9ms
[2024-09-08T05:09:24.253+0800][info] GC(3)   Post Evacuate Collection Set: 0.1ms
[2024-09-08T05:09:24.253+0800][info] GC(3)   Other: 0.1ms
[2024-09-08T05:09:24.253+0800][info] GC(3) Eden regions: 10->0(10)
[2024-09-08T05:09:24.253+0800][info] GC(3) Survivor regions: 2->2(2)
[2024-09-08T05:09:24.253+0800][info] GC(3) Old regions: 29->39
[2024-09-08T05:09:24.253+0800][info] GC(3) Archive regions: 2->2
[2024-09-08T05:09:24.253+0800][info] GC(3) Humongous regions: 0->0
[2024-09-08T05:09:24.253+0800][info] GC(3) Metaspace: 421K(576K)->421K(576K) NonClass: 395K(448K)->395K(448K) Class: 25K(128K)->25K(128K)
[2024-09-08T05:09:24.253+0800][info] GC(3) Pause Young (Normal) (G1 Evacuation Pause) 41M->41M(256M) 2.289ms
[2024-09-08T05:09:24.253+0800][info] GC(3) User=0.00s Sys=0.01s Real=0.00s
[2024-09-08T05:09:24.255+0800][info] GC(4) Pause Young (Normal) (G1 Evacuation Pause)
[2024-09-08T05:09:24.255+0800][info] GC(4) Using 6 workers of 48 for evacuation
[2024-09-08T05:09:24.257+0800][info] GC(4)   Pre Evacuate Collection Set: 0.0ms
[2024-09-08T05:09:24.257+0800][info] GC(4)   Merge Heap Roots: 0.0ms
[2024-09-08T05:09:24.257+0800][info] GC(4)   Evacuate Collection Set: 1.9ms
[2024-09-08T05:09:24.257+0800][info] GC(4)   Post Evacuate Collection Set: 0.1ms
[2024-09-08T05:09:24.257+0800][info] GC(4)   Other: 0.1ms
[2024-09-08T05:09:24.257+0800][info] GC(4) Eden regions: 10->0(10)
[2024-09-08T05:09:24.257+0800][info] GC(4) Survivor regions: 2->2(2)
[2024-09-08T05:09:24.257+0800][info] GC(4) Old regions: 39->49
[2024-09-08T05:09:24.257+0800][info] GC(4) Archive regions: 2->2
[2024-09-08T05:09:24.257+0800][info] GC(4) Humongous regions: 0->0
[2024-09-08T05:09:24.257+0800][info] GC(4) Metaspace: 421K(576K)->421K(576K) NonClass: 395K(448K)->395K(448K) Class: 25K(128K)->25K(128K)
[2024-09-08T05:09:24.257+0800][info] GC(4) Pause Young (Normal) (G1 Evacuation Pause) 51M->51M(256M) 2.216ms
[2024-09-08T05:09:24.257+0800][info] GC(4) User=0.00s Sys=0.01s Real=0.01s
[2024-09-08T05:09:24.258+0800][info] GC(5) Pause Young (Normal) (G1 Evacuation Pause)
[2024-09-08T05:09:24.258+0800][info] GC(5) Using 6 workers of 48 for evacuation
[2024-09-08T05:09:24.261+0800][info] GC(5)   Pre Evacuate Collection Set: 0.0ms
[2024-09-08T05:09:24.261+0800][info] GC(5)   Merge Heap Roots: 0.0ms
[2024-09-08T05:09:24.261+0800][info] GC(5)   Evacuate Collection Set: 2.0ms
[2024-09-08T05:09:24.261+0800][info] GC(5)   Post Evacuate Collection Set: 0.1ms
[2024-09-08T05:09:24.261+0800][info] GC(5)   Other: 0.1ms
[2024-09-08T05:09:24.261+0800][info] GC(5) Eden regions: 10->0(14)
[2024-09-08T05:09:24.261+0800][info] GC(5) Survivor regions: 2->2(2)
[2024-09-08T05:09:24.261+0800][info] GC(5) Old regions: 49->59
[2024-09-08T05:09:24.261+0800][info] GC(5) Archive regions: 2->2
[2024-09-08T05:09:24.261+0800][info] GC(5) Humongous regions: 0->0
[2024-09-08T05:09:24.261+0800][info] GC(5) Metaspace: 421K(576K)->421K(576K) NonClass: 395K(448K)->395K(448K) Class: 25K(128K)->25K(128K)
[2024-09-08T05:09:24.261+0800][info] GC(5) Pause Young (Normal) (G1 Evacuation Pause) 61M->61M(256M) 2.337ms
[2024-09-08T05:09:24.261+0800][info] GC(5) User=0.01s Sys=0.00s Real=0.00s
[2024-09-08T05:09:24.264+0800][info] GC(6) Pause Young (Normal) (G1 Evacuation Pause)
[2024-09-08T05:09:24.264+0800][info] GC(6) Using 6 workers of 48 for evacuation
[2024-09-08T05:09:24.267+0800][info] GC(6)   Pre Evacuate Collection Set: 0.0ms
[2024-09-08T05:09:24.267+0800][info] GC(6)   Merge Heap Roots: 0.0ms
[2024-09-08T05:09:24.267+0800][info] GC(6)   Evacuate Collection Set: 2.9ms
[2024-09-08T05:09:24.267+0800][info] GC(6)   Post Evacuate Collection Set: 0.1ms
[2024-09-08T05:09:24.267+0800][info] GC(6)   Other: 0.1ms
[2024-09-08T05:09:24.267+0800][info] GC(6) Eden regions: 14->0(18)
[2024-09-08T05:09:24.267+0800][info] GC(6) Survivor regions: 2->2(2)
[2024-09-08T05:09:24.267+0800][info] GC(6) Old regions: 59->73
[2024-09-08T05:09:24.267+0800][info] GC(6) Archive regions: 2->2
[2024-09-08T05:09:24.267+0800][info] GC(6) Humongous regions: 0->0
[2024-09-08T05:09:24.267+0800][info] GC(6) Metaspace: 421K(576K)->421K(576K) NonClass: 395K(448K)->395K(448K) Class: 25K(128K)->25K(128K)
[2024-09-08T05:09:24.267+0800][info] GC(6) Pause Young (Normal) (G1 Evacuation Pause) 75M->75M(256M) 3.295ms
[2024-09-08T05:09:24.267+0800][info] GC(6) User=0.00s Sys=0.01s Real=0.01s
[2024-09-08T05:09:24.271+0800][info] GC(7) Pause Young (Normal) (G1 Evacuation Pause)
[2024-09-08T05:09:24.271+0800][info] GC(7) Using 6 workers of 48 for evacuation
[2024-09-08T05:09:24.275+0800][info] GC(7)   Pre Evacuate Collection Set: 0.0ms
[2024-09-08T05:09:24.275+0800][info] GC(7)   Merge Heap Roots: 0.0ms
[2024-09-08T05:09:24.275+0800][info] GC(7)   Evacuate Collection Set: 3.7ms
[2024-09-08T05:09:24.275+0800][info] GC(7)   Post Evacuate Collection Set: 0.1ms
[2024-09-08T05:09:24.275+0800][info] GC(7)   Other: 0.1ms
[2024-09-08T05:09:24.275+0800][info] GC(7) Eden regions: 18->0(22)
[2024-09-08T05:09:24.275+0800][info] GC(7) Survivor regions: 2->3(3)
[2024-09-08T05:09:24.275+0800][info] GC(7) Old regions: 73->90
[2024-09-08T05:09:24.275+0800][info] GC(7) Archive regions: 2->2
[2024-09-08T05:09:24.275+0800][info] GC(7) Humongous regions: 0->0
[2024-09-08T05:09:24.275+0800][info] GC(7) Metaspace: 421K(576K)->421K(576K) NonClass: 395K(448K)->395K(448K) Class: 25K(128K)->25K(128K)
[2024-09-08T05:09:24.275+0800][info] GC(7) Pause Young (Normal) (G1 Evacuation Pause) 93M->93M(256M) 4.105ms
[2024-09-08T05:09:24.275+0800][info] GC(7) User=0.01s Sys=0.01s Real=0.00s
[2024-09-08T05:09:24.291+0800][info] GC(8) Pause Young (Concurrent Start) (G1 Humongous Allocation)
[2024-09-08T05:09:24.291+0800][info] GC(8) Using 6 workers of 48 for evacuation
[2024-09-08T05:09:24.294+0800][info] GC(8)   Pre Evacuate Collection Set: 0.1ms
[2024-09-08T05:09:24.294+0800][info] GC(8)   Merge Heap Roots: 0.0ms
[2024-09-08T05:09:24.295+0800][info] GC(8)   Evacuate Collection Set: 2.1ms
[2024-09-08T05:09:24.295+0800][info] GC(8)   Post Evacuate Collection Set: 0.2ms
[2024-09-08T05:09:24.295+0800][info] GC(8)   Other: 0.9ms
[2024-09-08T05:09:24.295+0800][info] GC(8) Eden regions: 9->0(21)
[2024-09-08T05:09:24.295+0800][info] GC(8) Survivor regions: 3->4(4)
[2024-09-08T05:09:24.295+0800][info] GC(8) Old regions: 90->98
[2024-09-08T05:09:24.295+0800][info] GC(8) Archive regions: 2->2
[2024-09-08T05:09:24.295+0800][info] GC(8) Humongous regions: 22->0
[2024-09-08T05:09:24.295+0800][info] GC(8) Metaspace: 421K(576K)->421K(576K) NonClass: 395K(448K)->395K(448K) Class: 25K(128K)->25K(128K)
[2024-09-08T05:09:24.295+0800][info] GC(8) Pause Young (Concurrent Start) (G1 Humongous Allocation) 124M->102M(256M) 3.383ms
[2024-09-08T05:09:24.295+0800][info] GC(8) User=0.00s Sys=0.02s Real=0.00s
[2024-09-08T05:09:24.295+0800][info] GC(9) Concurrent Undo Cycle
[2024-09-08T05:09:24.295+0800][info] GC(9) Concurrent Cleanup for Next Mark
[2024-09-08T05:09:24.301+0800][info] GC(9) Concurrent Cleanup for Next Mark 6.429ms
[2024-09-08T05:09:24.301+0800][info] GC(9) Concurrent Undo Cycle 6.557ms
[2024-09-08T05:09:24.305+0800][info] GC(10) Pause Young (Concurrent Start) (G1 Humongous Allocation)
[2024-09-08T05:09:24.305+0800][info] GC(10) Using 6 workers of 48 for evacuation
[2024-09-08T05:09:24.307+0800][info] GC(10)   Pre Evacuate Collection Set: 0.1ms
[2024-09-08T05:09:24.307+0800][info] GC(10)   Merge Heap Roots: 0.0ms
[2024-09-08T05:09:24.307+0800][info] GC(10)   Evacuate Collection Set: 1.4ms
[2024-09-08T05:09:24.307+0800][info] GC(10)   Post Evacuate Collection Set: 0.2ms
[2024-09-08T05:09:24.307+0800][info] GC(10)   Other: 0.2ms
[2024-09-08T05:09:24.307+0800][info] GC(10) Eden regions: 1->0(25)
[2024-09-08T05:09:24.307+0800][info] GC(10) Survivor regions: 4->0(4)
[2024-09-08T05:09:24.307+0800][info] GC(10) Old regions: 98->102
[2024-09-08T05:09:24.307+0800][info] GC(10) Archive regions: 2->2
[2024-09-08T05:09:24.307+0800][info] GC(10) Humongous regions: 33->0
[2024-09-08T05:09:24.307+0800][info] GC(10) Metaspace: 421K(576K)->421K(576K) NonClass: 395K(448K)->395K(448K) Class: 25K(128K)->25K(128K)
[2024-09-08T05:09:24.307+0800][info] GC(10) Pause Young (Concurrent Start) (G1 Humongous Allocation) 135M->102M(256M) 1.973ms
[2024-09-08T05:09:24.307+0800][info] GC(10) User=0.00s Sys=0.01s Real=0.00s
[2024-09-08T05:09:24.307+0800][info] GC(11) Concurrent Undo Cycle
[2024-09-08T05:09:24.307+0800][info] GC(11) Concurrent Cleanup for Next Mark
[2024-09-08T05:09:24.308+0800][info] GC(11) Concurrent Cleanup for Next Mark 0.459ms
[2024-09-08T05:09:24.308+0800][info] GC(11) Concurrent Undo Cycle 0.534ms
[2024-09-08T05:09:24.309+0800][info] GC(12) Pause Young (Concurrent Start) (G1 Humongous Allocation)
[2024-09-08T05:09:24.309+0800][info] GC(12) Using 6 workers of 48 for evacuation
[2024-09-08T05:09:24.309+0800][info] GC(12)   Pre Evacuate Collection Set: 0.1ms
[2024-09-08T05:09:24.309+0800][info] GC(12)   Merge Heap Roots: 0.0ms
[2024-09-08T05:09:24.309+0800][info] GC(12)   Evacuate Collection Set: 0.2ms
[2024-09-08T05:09:24.309+0800][info] GC(12)   Post Evacuate Collection Set: 0.1ms
[2024-09-08T05:09:24.309+0800][info] GC(12)   Other: 0.1ms
[2024-09-08T05:09:24.309+0800][info] GC(12) Eden regions: 1->0(25)
[2024-09-08T05:09:24.309+0800][info] GC(12) Survivor regions: 0->0(4)
[2024-09-08T05:09:24.309+0800][info] GC(12) Old regions: 102->102
[2024-09-08T05:09:24.309+0800][info] GC(12) Archive regions: 2->2
[2024-09-08T05:09:24.309+0800][info] GC(12) Humongous regions: 11->0
[2024-09-08T05:09:24.309+0800][info] GC(12) Metaspace: 421K(576K)->421K(576K) NonClass: 395K(448K)->395K(448K) Class: 25K(128K)->25K(128K)
[2024-09-08T05:09:24.309+0800][info] GC(12) Pause Young (Concurrent Start) (G1 Humongous Allocation) 113M->102M(256M) 0.564ms
[2024-09-08T05:09:24.309+0800][info] GC(12) User=0.00s Sys=0.00s Real=0.00s
[2024-09-08T05:09:24.309+0800][info] GC(13) Concurrent Undo Cycle
[2024-09-08T05:09:24.309+0800][info] GC(13) Concurrent Cleanup for Next Mark
[2024-09-08T05:09:24.310+0800][info] GC(13) Concurrent Cleanup for Next Mark 0.420ms
[2024-09-08T05:09:24.310+0800][info] GC(13) Concurrent Undo Cycle 0.464ms
[2024-09-08T05:09:24.310+0800][info] GC(14) Pause Young (Concurrent Start) (G1 Humongous Allocation)
[2024-09-08T05:09:24.310+0800][info] GC(14) Using 6 workers of 48 for evacuation
[2024-09-08T05:09:24.310+0800][info] GC(14)   Pre Evacuate Collection Set: 0.0ms
[2024-09-08T05:09:24.310+0800][info] GC(14)   Merge Heap Roots: 0.0ms
[2024-09-08T05:09:24.310+0800][info] GC(14)   Evacuate Collection Set: 0.1ms
[2024-09-08T05:09:24.310+0800][info] GC(14)   Post Evacuate Collection Set: 0.1ms
[2024-09-08T05:09:24.310+0800][info] GC(14)   Other: 0.1ms
[2024-09-08T05:09:24.310+0800][info] GC(14) Eden regions: 1->0(25)
[2024-09-08T05:09:24.310+0800][info] GC(14) Survivor regions: 0->0(4)
[2024-09-08T05:09:24.310+0800][info] GC(14) Old regions: 102->102
[2024-09-08T05:09:24.310+0800][info] GC(14) Archive regions: 2->2
[2024-09-08T05:09:24.310+0800][info] GC(14) Humongous regions: 11->0
[2024-09-08T05:09:24.310+0800][info] GC(14) Metaspace: 421K(576K)->421K(576K) NonClass: 395K(448K)->395K(448K) Class: 25K(128K)->25K(128K)
[2024-09-08T05:09:24.310+0800][info] GC(14) Pause Young (Concurrent Start) (G1 Humongous Allocation) 113M->102M(256M) 0.394ms
[2024-09-08T05:09:24.310+0800][info] GC(14) User=0.00s Sys=0.00s Real=0.00s
[2024-09-08T05:09:24.310+0800][info] GC(15) Concurrent Undo Cycle
[2024-09-08T05:09:24.310+0800][info] GC(15) Concurrent Cleanup for Next Mark
[2024-09-08T05:09:24.311+0800][info] GC(15) Concurrent Cleanup for Next Mark 0.342ms
[2024-09-08T05:09:24.311+0800][info] GC(15) Concurrent Undo Cycle 0.383ms
[2024-09-08T05:09:24.311+0800][info] GC(16) Pause Young (Concurrent Start) (G1 Humongous Allocation)
[2024-09-08T05:09:24.311+0800][info] GC(16) Using 6 workers of 48 for evacuation
[2024-09-08T05:09:24.311+0800][info] GC(16)   Pre Evacuate Collection Set: 0.0ms
[2024-09-08T05:09:24.311+0800][info] GC(16)   Merge Heap Roots: 0.0ms
[2024-09-08T05:09:24.311+0800][info] GC(16)   Evacuate Collection Set: 0.1ms
[2024-09-08T05:09:24.311+0800][info] GC(16)   Post Evacuate Collection Set: 0.1ms
[2024-09-08T05:09:24.311+0800][info] GC(16)   Other: 0.1ms
[2024-09-08T05:09:24.311+0800][info] GC(16) Eden regions: 1->0(25)
[2024-09-08T05:09:24.311+0800][info] GC(16) Survivor regions: 0->0(4)
[2024-09-08T05:09:24.311+0800][info] GC(16) Old regions: 102->102
[2024-09-08T05:09:24.311+0800][info] GC(16) Archive regions: 2->2
[2024-09-08T05:09:24.311+0800][info] GC(16) Humongous regions: 11->0
[2024-09-08T05:09:24.311+0800][info] GC(16) Metaspace: 421K(576K)->421K(576K) NonClass: 395K(448K)->395K(448K) Class: 25K(128K)->25K(128K)
[2024-09-08T05:09:24.311+0800][info] GC(16) Pause Young (Concurrent Start) (G1 Humongous Allocation) 113M->102M(256M) 0.357ms
[2024-09-08T05:09:24.311+0800][info] GC(16) User=0.00s Sys=0.00s Real=0.00s
[2024-09-08T05:09:24.311+0800][info] GC(17) Concurrent Undo Cycle
[2024-09-08T05:09:24.311+0800][info] GC(17) Concurrent Cleanup for Next Mark
[2024-09-08T05:09:24.312+0800][info] GC(17) Concurrent Cleanup for Next Mark 0.337ms
[2024-09-08T05:09:24.312+0800][info] GC(17) Concurrent Undo Cycle 0.373ms
[2024-09-08T05:09:24.312+0800][info] GC(18) Pause Young (Concurrent Start) (G1 Humongous Allocation)
[2024-09-08T05:09:24.312+0800][info] GC(18) Using 6 workers of 48 for evacuation
[2024-09-08T05:09:24.312+0800][info] GC(18)   Pre Evacuate Collection Set: 0.0ms
[2024-09-08T05:09:24.312+0800][info] GC(18)   Merge Heap Roots: 0.0ms
[2024-09-08T05:09:24.312+0800][info] GC(18)   Evacuate Collection Set: 0.1ms
[2024-09-08T05:09:24.312+0800][info] GC(18)   Post Evacuate Collection Set: 0.1ms
[2024-09-08T05:09:24.312+0800][info] GC(18)   Other: 0.1ms
[2024-09-08T05:09:24.312+0800][info] GC(18) Eden regions: 1->0(25)
[2024-09-08T05:09:24.312+0800][info] GC(18) Survivor regions: 0->0(4)
[2024-09-08T05:09:24.312+0800][info] GC(18) Old regions: 102->102
[2024-09-08T05:09:24.312+0800][info] GC(18) Archive regions: 2->2
[2024-09-08T05:09:24.312+0800][info] GC(18) Humongous regions: 11->0
[2024-09-08T05:09:24.312+0800][info] GC(18) Metaspace: 421K(576K)->421K(576K) NonClass: 395K(448K)->395K(448K) Class: 25K(128K)->25K(128K)
[2024-09-08T05:09:24.312+0800][info] GC(18) Pause Young (Concurrent Start) (G1 Humongous Allocation) 113M->102M(256M) 0.348ms
[2024-09-08T05:09:24.312+0800][info] GC(18) User=0.00s Sys=0.00s Real=0.00s
[2024-09-08T05:09:24.312+0800][info] GC(19) Concurrent Undo Cycle
[2024-09-08T05:09:24.312+0800][info] GC(19) Concurrent Cleanup for Next Mark
[2024-09-08T05:09:24.312+0800][info] GC(19) Concurrent Cleanup for Next Mark 0.337ms
[2024-09-08T05:09:24.312+0800][info] GC(19) Concurrent Undo Cycle 0.372ms
[2024-09-08T05:09:24.319+0800][info] GC(20) Pause Young (Normal) (G1 Evacuation Pause)
[2024-09-08T05:09:24.319+0800][info] GC(20) Using 6 workers of 48 for evacuation
[2024-09-08T05:09:24.322+0800][info] GC(20)   Pre Evacuate Collection Set: 0.0ms
[2024-09-08T05:09:24.322+0800][info] GC(20)   Merge Heap Roots: 0.0ms
[2024-09-08T05:09:24.322+0800][info] GC(20)   Evacuate Collection Set: 3.4ms
[2024-09-08T05:09:24.322+0800][info] GC(20)   Post Evacuate Collection Set: 0.1ms
[2024-09-08T05:09:24.322+0800][info] GC(20)   Other: 0.1ms
[2024-09-08T05:09:24.322+0800][info] GC(20) Eden regions: 25->0(21)
[2024-09-08T05:09:24.322+0800][info] GC(20) Survivor regions: 0->4(4)
[2024-09-08T05:09:24.322+0800][info] GC(20) Old regions: 102->123
[2024-09-08T05:09:24.322+0800][info] GC(20) Archive regions: 2->2
[2024-09-08T05:09:24.323+0800][info] GC(20) Humongous regions: 11->0
[2024-09-08T05:09:24.323+0800][info] GC(20) Metaspace: 421K(576K)->421K(576K) NonClass: 395K(448K)->395K(448K) Class: 25K(128K)->25K(128K)
[2024-09-08T05:09:24.323+0800][info] GC(20) Pause Young (Normal) (G1 Evacuation Pause) 138M->127M(256M) 3.743ms
[2024-09-08T05:09:24.323+0800][info] GC(20) User=0.02s Sys=0.00s Real=0.00s
[2024-09-08T05:09:24.326+0800][info] GC(21) Pause Young (Concurrent Start) (G1 Evacuation Pause)
[2024-09-08T05:09:24.326+0800][info] GC(21) Using 6 workers of 48 for evacuation
[2024-09-08T05:09:24.331+0800][info] GC(21)   Pre Evacuate Collection Set: 0.1ms
[2024-09-08T05:09:24.331+0800][info] GC(21)   Merge Heap Roots: 0.0ms
[2024-09-08T05:09:24.331+0800][info] GC(21)   Evacuate Collection Set: 4.6ms
[2024-09-08T05:09:24.331+0800][info] GC(21)   Post Evacuate Collection Set: 0.1ms
[2024-09-08T05:09:24.331+0800][info] GC(21)   Other: 0.3ms
[2024-09-08T05:09:24.331+0800][info] GC(21) Eden regions: 21->0(21)
[2024-09-08T05:09:24.331+0800][info] GC(21) Survivor regions: 4->4(4)
[2024-09-08T05:09:24.331+0800][info] GC(21) Old regions: 123->144
[2024-09-08T05:09:24.331+0800][info] GC(21) Archive regions: 2->2
[2024-09-08T05:09:24.331+0800][info] GC(21) Humongous regions: 0->0
[2024-09-08T05:09:24.331+0800][info] GC(21) Metaspace: 421K(576K)->421K(576K) NonClass: 395K(448K)->395K(448K) Class: 25K(128K)->25K(128K)
[2024-09-08T05:09:24.331+0800][info] GC(21) Pause Young (Concurrent Start) (G1 Evacuation Pause) 148M->147M(256M) 5.131ms
[2024-09-08T05:09:24.331+0800][info] GC(21) User=0.01s Sys=0.02s Real=0.00s
[2024-09-08T05:09:24.332+0800][info] GC(22) Concurrent Mark Cycle
[2024-09-08T05:09:24.332+0800][info] GC(22) Concurrent Clear Claimed Marks
[2024-09-08T05:09:24.332+0800][info] GC(22) Concurrent Clear Claimed Marks 0.020ms
[2024-09-08T05:09:24.332+0800][info] GC(22) Concurrent Scan Root Regions
[2024-09-08T05:09:24.334+0800][info] GC(22) Concurrent Scan Root Regions 2.393ms
[2024-09-08T05:09:24.334+0800][info] GC(22) Concurrent Mark
[2024-09-08T05:09:24.334+0800][info] GC(22) Concurrent Mark From Roots
[2024-09-08T05:09:24.334+0800][info] GC(22) Using 12 workers of 12 for marking
[2024-09-08T05:09:24.335+0800][info] GC(23) Pause Young (Normal) (G1 Evacuation Pause)
[2024-09-08T05:09:24.335+0800][info] GC(23) Using 6 workers of 48 for evacuation
[2024-09-08T05:09:24.340+0800][info] GC(23)   Pre Evacuate Collection Set: 0.0ms
[2024-09-08T05:09:24.340+0800][info] GC(23)   Merge Heap Roots: 0.0ms
[2024-09-08T05:09:24.340+0800][info] GC(23)   Evacuate Collection Set: 4.7ms
[2024-09-08T05:09:24.340+0800][info] GC(23)   Post Evacuate Collection Set: 0.1ms
[2024-09-08T05:09:24.340+0800][info] GC(23)   Other: 0.1ms
[2024-09-08T05:09:24.340+0800][info] GC(23) Eden regions: 21->0(21)
[2024-09-08T05:09:24.340+0800][info] GC(23) Survivor regions: 4->4(4)
[2024-09-08T05:09:24.340+0800][info] GC(23) Old regions: 144->164
[2024-09-08T05:09:24.340+0800][info] GC(23) Archive regions: 2->2
[2024-09-08T05:09:24.340+0800][info] GC(23) Humongous regions: 0->0
[2024-09-08T05:09:24.340+0800][info] GC(23) Metaspace: 421K(576K)->421K(576K) NonClass: 395K(448K)->395K(448K) Class: 25K(128K)->25K(128K)
[2024-09-08T05:09:24.340+0800][info] GC(23) Pause Young (Normal) (G1 Evacuation Pause) 168M->168M(256M) 4.987ms
[2024-09-08T05:09:24.340+0800][info] GC(23) User=0.02s Sys=0.02s Real=0.01s
[2024-09-08T05:09:24.342+0800][info] GC(22) Concurrent Mark From Roots 8.180ms
[2024-09-08T05:09:24.342+0800][info] GC(22) Concurrent Preclean
[2024-09-08T05:09:24.344+0800][info] GC(22) Concurrent Preclean 1.734ms
[2024-09-08T05:09:24.344+0800][info] GC(24) Pause Young (Normal) (G1 Evacuation Pause)
[2024-09-08T05:09:24.344+0800][info] GC(24) Using 6 workers of 48 for evacuation
[2024-09-08T05:09:24.349+0800][info] GC(24)   Pre Evacuate Collection Set: 0.0ms
[2024-09-08T05:09:24.349+0800][info] GC(24)   Merge Heap Roots: 0.0ms
[2024-09-08T05:09:24.349+0800][info] GC(24)   Evacuate Collection Set: 4.8ms
[2024-09-08T05:09:24.349+0800][info] GC(24)   Post Evacuate Collection Set: 0.1ms
[2024-09-08T05:09:24.349+0800][info] GC(24)   Other: 0.1ms
[2024-09-08T05:09:24.349+0800][info] GC(24) Eden regions: 21->0(19)
[2024-09-08T05:09:24.349+0800][info] GC(24) Survivor regions: 4->4(4)
[2024-09-08T05:09:24.349+0800][info] GC(24) Old regions: 164->185
[2024-09-08T05:09:24.349+0800][info] GC(24) Archive regions: 2->2
[2024-09-08T05:09:24.349+0800][info] GC(24) Humongous regions: 0->0
[2024-09-08T05:09:24.349+0800][info] GC(24) Metaspace: 421K(576K)->421K(576K) NonClass: 395K(448K)->395K(448K) Class: 25K(128K)->25K(128K)
[2024-09-08T05:09:24.349+0800][info] GC(24) Pause Young (Normal) (G1 Evacuation Pause) 189M->189M(256M) 5.062ms
[2024-09-08T05:09:24.349+0800][info] GC(24) User=0.01s Sys=0.02s Real=0.01s
[2024-09-08T05:09:24.349+0800][info] GC(22) Pause Remark
[2024-09-08T05:09:24.351+0800][info] GC(22) Pause Remark 190M->92M(256M) 1.600ms
[2024-09-08T05:09:24.351+0800][info] GC(22) User=0.00s Sys=0.00s Real=0.00s
[2024-09-08T05:09:24.351+0800][info] GC(22) Concurrent Mark 16.819ms
[2024-09-08T05:09:24.351+0800][info] GC(22) Concurrent Rebuild Remembered Sets
[2024-09-08T05:09:24.354+0800][info] GC(25) Pause Young (Normal) (G1 Evacuation Pause)
[2024-09-08T05:09:24.354+0800][info] GC(25) Using 6 workers of 48 for evacuation
[2024-09-08T05:09:24.356+0800][info] GC(25)   Pre Evacuate Collection Set: 0.0ms
[2024-09-08T05:09:24.356+0800][info] GC(25)   Merge Heap Roots: 0.0ms
[2024-09-08T05:09:24.356+0800][info] GC(25)   Evacuate Collection Set: 1.7ms
[2024-09-08T05:09:24.356+0800][info] GC(25)   Post Evacuate Collection Set: 0.1ms
[2024-09-08T05:09:24.356+0800][info] GC(25)   Other: 0.1ms
[2024-09-08T05:09:24.356+0800][info] GC(25) Eden regions: 19->0(22)
[2024-09-08T05:09:24.356+0800][info] GC(25) Survivor regions: 4->3(3)
[2024-09-08T05:09:24.356+0800][info] GC(25) Old regions: 87->107
[2024-09-08T05:09:24.356+0800][info] GC(25) Archive regions: 2->2
[2024-09-08T05:09:24.356+0800][info] GC(25) Humongous regions: 0->0
[2024-09-08T05:09:24.356+0800][info] GC(25) Metaspace: 422K(576K)->422K(576K) NonClass: 396K(448K)->396K(448K) Class: 25K(128K)->25K(128K)
[2024-09-08T05:09:24.356+0800][info] GC(25) Pause Young (Normal) (G1 Evacuation Pause) 110M->110M(256M) 1.943ms
[2024-09-08T05:09:24.356+0800][info] GC(25) User=0.00s Sys=0.00s Real=0.00s
[2024-09-08T05:09:24.359+0800][info] GC(22) Concurrent Rebuild Remembered Sets 8.403ms
[2024-09-08T05:09:24.359+0800][info] GC(22) Pause Cleanup
[2024-09-08T05:09:24.360+0800][info] GC(22) Pause Cleanup 130M->130M(256M) 0.513ms
[2024-09-08T05:09:24.360+0800][info] GC(22) User=0.00s Sys=0.00s Real=0.00s
[2024-09-08T05:09:24.360+0800][info] GC(22) Concurrent Cleanup for Next Mark
[2024-09-08T05:09:24.360+0800][info] GC(26) Pause Young (Prepare Mixed) (G1 Evacuation Pause)
[2024-09-08T05:09:24.360+0800][info] GC(26) Using 6 workers of 48 for evacuation
[2024-09-08T05:09:24.363+0800][info] GC(26)   Pre Evacuate Collection Set: 0.0ms
[2024-09-08T05:09:24.363+0800][info] GC(26)   Merge Heap Roots: 0.0ms
[2024-09-08T05:09:24.363+0800][info] GC(26)   Evacuate Collection Set: 2.0ms
[2024-09-08T05:09:24.363+0800][info] GC(26)   Post Evacuate Collection Set: 0.1ms
[2024-09-08T05:09:24.363+0800][info] GC(26)   Other: 0.1ms
[2024-09-08T05:09:24.363+0800][info] GC(26) Eden regions: 22->0(8)
[2024-09-08T05:09:24.363+0800][info] GC(26) Survivor regions: 3->4(4)
[2024-09-08T05:09:24.363+0800][info] GC(26) Old regions: 107->128
[2024-09-08T05:09:24.363+0800][info] GC(26) Archive regions: 2->2
[2024-09-08T05:09:24.363+0800][info] GC(26) Humongous regions: 0->0
[2024-09-08T05:09:24.363+0800][info] GC(26) Metaspace: 422K(576K)->422K(576K) NonClass: 396K(448K)->396K(448K) Class: 25K(128K)->25K(128K)
[2024-09-08T05:09:24.363+0800][info] GC(26) Pause Young (Prepare Mixed) (G1 Evacuation Pause) 132M->132M(256M) 2.262ms
[2024-09-08T05:09:24.363+0800][info] GC(26) User=0.02s Sys=0.00s Real=0.00s
[2024-09-08T05:09:24.363+0800][info] GC(22) Concurrent Cleanup for Next Mark 3.309ms
[2024-09-08T05:09:24.363+0800][info] GC(22) Concurrent Mark Cycle 31.752ms
[2024-09-08T05:09:24.364+0800][info] GC(27) Pause Young (Mixed) (G1 Evacuation Pause)
[2024-09-08T05:09:24.364+0800][info] GC(27) Using 6 workers of 48 for evacuation
[2024-09-08T05:09:24.366+0800][info] GC(27)   Pre Evacuate Collection Set: 0.0ms
[2024-09-08T05:09:24.366+0800][info] GC(27)   Merge Heap Roots: 0.0ms
[2024-09-08T05:09:24.366+0800][info] GC(27)   Evacuate Collection Set: 1.1ms
[2024-09-08T05:09:24.366+0800][info] GC(27)   Post Evacuate Collection Set: 0.1ms
[2024-09-08T05:09:24.366+0800][info] GC(27)   Other: 0.1ms
[2024-09-08T05:09:24.366+0800][info] GC(27) Eden regions: 8->0(23)
[2024-09-08T05:09:24.366+0800][info] GC(27) Survivor regions: 4->2(2)
[2024-09-08T05:09:24.366+0800][info] GC(27) Old regions: 128->135
[2024-09-08T05:09:24.366+0800][info] GC(27) Archive regions: 2->2
[2024-09-08T05:09:24.366+0800][info] GC(27) Humongous regions: 0->0
[2024-09-08T05:09:24.366+0800][info] GC(27) Metaspace: 422K(576K)->422K(576K) NonClass: 396K(448K)->396K(448K) Class: 25K(128K)->25K(128K)
[2024-09-08T05:09:24.366+0800][info] GC(27) Pause Young (Mixed) (G1 Evacuation Pause) 140M->137M(256M) 1.386ms
[2024-09-08T05:09:24.366+0800][info] GC(27) User=0.01s Sys=0.00s Real=0.01s
[2024-09-08T05:09:24.369+0800][info] GC(28) Pause Young (Concurrent Start) (G1 Evacuation Pause)
[2024-09-08T05:09:24.369+0800][info] GC(28) Using 6 workers of 48 for evacuation
[2024-09-08T05:09:24.371+0800][info] GC(28)   Pre Evacuate Collection Set: 0.0ms
[2024-09-08T05:09:24.371+0800][info] GC(28)   Merge Heap Roots: 0.0ms
[2024-09-08T05:09:24.371+0800][info] GC(28)   Evacuate Collection Set: 1.8ms
[2024-09-08T05:09:24.371+0800][info] GC(28)   Post Evacuate Collection Set: 0.1ms
[2024-09-08T05:09:24.371+0800][info] GC(28)   Other: 0.1ms
[2024-09-08T05:09:24.371+0800][info] GC(28) Eden regions: 23->0(21)
[2024-09-08T05:09:24.371+0800][info] GC(28) Survivor regions: 2->4(4)
[2024-09-08T05:09:24.371+0800][info] GC(28) Old regions: 135->156
[2024-09-08T05:09:24.371+0800][info] GC(28) Archive regions: 2->2
[2024-09-08T05:09:24.371+0800][info] GC(28) Humongous regions: 0->0
[2024-09-08T05:09:24.371+0800][info] GC(28) Metaspace: 422K(576K)->422K(576K) NonClass: 396K(448K)->396K(448K) Class: 25K(128K)->25K(128K)
[2024-09-08T05:09:24.371+0800][info] GC(28) Pause Young (Concurrent Start) (G1 Evacuation Pause) 160M->160M(256M) 2.197ms
[2024-09-08T05:09:24.371+0800][info] GC(28) User=0.01s Sys=0.00s Real=0.00s
[2024-09-08T05:09:24.371+0800][info] GC(29) Concurrent Mark Cycle
[2024-09-08T05:09:24.371+0800][info] GC(29) Concurrent Clear Claimed Marks
[2024-09-08T05:09:24.371+0800][info] GC(29) Concurrent Clear Claimed Marks 0.015ms
[2024-09-08T05:09:24.371+0800][info] GC(29) Concurrent Scan Root Regions
[2024-09-08T05:09:24.372+0800][info] GC(29) Concurrent Scan Root Regions 0.709ms
[2024-09-08T05:09:24.372+0800][info] GC(29) Concurrent Mark
[2024-09-08T05:09:24.372+0800][info] GC(29) Concurrent Mark From Roots
[2024-09-08T05:09:24.372+0800][info] GC(29) Using 12 workers of 12 for marking
[2024-09-08T05:09:24.377+0800][info] GC(30) Pause Young (Normal) (G1 Evacuation Pause)
[2024-09-08T05:09:24.377+0800][info] GC(30) Using 6 workers of 48 for evacuation
[2024-09-08T05:09:24.379+0800][info] GC(30)   Pre Evacuate Collection Set: 0.0ms
[2024-09-08T05:09:24.379+0800][info] GC(30)   Merge Heap Roots: 0.0ms
[2024-09-08T05:09:24.379+0800][info] GC(30)   Evacuate Collection Set: 2.1ms
[2024-09-08T05:09:24.379+0800][info] GC(30)   Post Evacuate Collection Set: 0.1ms
[2024-09-08T05:09:24.379+0800][info] GC(30)   Other: 0.1ms
[2024-09-08T05:09:24.379+0800][info] GC(30) Eden regions: 21->0(21)
[2024-09-08T05:09:24.379+0800][info] GC(30) Survivor regions: 4->4(4)
[2024-09-08T05:09:24.379+0800][info] GC(30) Old regions: 156->177
[2024-09-08T05:09:24.379+0800][info] GC(30) Archive regions: 2->2
[2024-09-08T05:09:24.379+0800][info] GC(30) Humongous regions: 0->0
[2024-09-08T05:09:24.379+0800][info] GC(30) Metaspace: 422K(576K)->422K(576K) NonClass: 396K(448K)->396K(448K) Class: 25K(128K)->25K(128K)
[2024-09-08T05:09:24.379+0800][info] GC(30) Pause Young (Normal) (G1 Evacuation Pause) 181M->181M(256M) 2.552ms
[2024-09-08T05:09:24.379+0800][info] GC(30) User=0.01s Sys=0.00s Real=0.01s
[2024-09-08T05:09:24.379+0800][info] GC(29) Concurrent Mark From Roots 7.207ms
[2024-09-08T05:09:24.379+0800][info] GC(29) Concurrent Preclean
[2024-09-08T05:09:24.381+0800][info] GC(29) Concurrent Preclean 1.718ms
[2024-09-08T05:09:24.381+0800][info] GC(29) Pause Remark
[2024-09-08T05:09:24.383+0800][info] GC(29) Pause Remark 193M->105M(256M) 1.764ms
[2024-09-08T05:09:24.383+0800][info] GC(29) User=0.00s Sys=0.00s Real=0.00s
[2024-09-08T05:09:24.383+0800][info] GC(29) Concurrent Mark 10.923ms
[2024-09-08T05:09:24.383+0800][info] GC(29) Concurrent Rebuild Remembered Sets
[2024-09-08T05:09:24.385+0800][info] GC(31) Pause Young (Normal) (G1 Evacuation Pause)
[2024-09-08T05:09:24.385+0800][info] GC(31) Using 6 workers of 48 for evacuation
[2024-09-08T05:09:24.387+0800][info] GC(31)   Pre Evacuate Collection Set: 0.1ms
[2024-09-08T05:09:24.387+0800][info] GC(31)   Merge Heap Roots: 0.0ms
[2024-09-08T05:09:24.387+0800][info] GC(31)   Evacuate Collection Set: 2.0ms
[2024-09-08T05:09:24.387+0800][info] GC(31)   Post Evacuate Collection Set: 0.1ms
[2024-09-08T05:09:24.387+0800][info] GC(31)   Other: 0.1ms
[2024-09-08T05:09:24.387+0800][info] GC(31) Eden regions: 21->0(21)
[2024-09-08T05:09:24.387+0800][info] GC(31) Survivor regions: 4->4(4)
[2024-09-08T05:09:24.387+0800][info] GC(31) Old regions: 89->110
[2024-09-08T05:09:24.387+0800][info] GC(31) Archive regions: 2->2
[2024-09-08T05:09:24.387+0800][info] GC(31) Humongous regions: 0->0
[2024-09-08T05:09:24.387+0800][info] GC(31) Metaspace: 422K(576K)->422K(576K) NonClass: 396K(448K)->396K(448K) Class: 25K(128K)->25K(128K)
[2024-09-08T05:09:24.387+0800][info] GC(31) Pause Young (Normal) (G1 Evacuation Pause) 114M->114M(256M) 2.482ms
[2024-09-08T05:09:24.387+0800][info] GC(31) User=0.01s Sys=0.00s Real=0.00s
[2024-09-08T05:09:24.392+0800][info] GC(32) Pause Young (Normal) (G1 Evacuation Pause)
[2024-09-08T05:09:24.392+0800][info] GC(32) Using 6 workers of 48 for evacuation
[2024-09-08T05:09:24.394+0800][info] GC(32)   Pre Evacuate Collection Set: 0.1ms
[2024-09-08T05:09:24.394+0800][info] GC(32)   Merge Heap Roots: 0.0ms
[2024-09-08T05:09:24.394+0800][info] GC(32)   Evacuate Collection Set: 1.9ms
[2024-09-08T05:09:24.394+0800][info] GC(32)   Post Evacuate Collection Set: 0.1ms
[2024-09-08T05:09:24.394+0800][info] GC(32)   Other: 0.1ms
[2024-09-08T05:09:24.394+0800][info] GC(32) Eden regions: 21->0(21)
[2024-09-08T05:09:24.394+0800][info] GC(32) Survivor regions: 4->4(4)
[2024-09-08T05:09:24.394+0800][info] GC(32) Old regions: 110->131
[2024-09-08T05:09:24.394+0800][info] GC(32) Archive regions: 2->2
[2024-09-08T05:09:24.394+0800][info] GC(32) Humongous regions: 0->0
[2024-09-08T05:09:24.394+0800][info] GC(32) Metaspace: 422K(576K)->422K(576K) NonClass: 396K(448K)->396K(448K) Class: 25K(128K)->25K(128K)
[2024-09-08T05:09:24.394+0800][info] GC(32) Pause Young (Normal) (G1 Evacuation Pause) 135M->135M(256M) 2.358ms
[2024-09-08T05:09:24.394+0800][info] GC(32) User=0.01s Sys=0.00s Real=0.00s
[2024-09-08T05:09:24.394+0800][info] GC(29) Concurrent Rebuild Remembered Sets 11.318ms
[2024-09-08T05:09:24.395+0800][info] GC(29) Pause Cleanup
[2024-09-08T05:09:24.396+0800][info] GC(29) Pause Cleanup 138M->138M(256M) 1.681ms
[2024-09-08T05:09:24.396+0800][info] GC(29) User=0.01s Sys=0.00s Real=0.00s
[2024-09-08T05:09:24.396+0800][info] GC(29) Concurrent Cleanup for Next Mark
[2024-09-08T05:09:24.397+0800][info] GC(29) Concurrent Cleanup for Next Mark 0.293ms
[2024-09-08T05:09:24.397+0800][info] GC(29) Concurrent Mark Cycle 25.245ms
[2024-09-08T05:09:24.399+0800][info] GC(33) Pause Young (Prepare Mixed) (G1 Evacuation Pause)
[2024-09-08T05:09:24.400+0800][info] GC(33) Using 6 workers of 48 for evacuation
[2024-09-08T05:09:24.402+0800][info] GC(33)   Pre Evacuate Collection Set: 0.1ms
[2024-09-08T05:09:24.402+0800][info] GC(33)   Merge Heap Roots: 0.0ms
[2024-09-08T05:09:24.402+0800][info] GC(33)   Evacuate Collection Set: 1.8ms
[2024-09-08T05:09:24.402+0800][info] GC(33)   Post Evacuate Collection Set: 0.1ms
[2024-09-08T05:09:24.402+0800][info] GC(33)   Other: 0.2ms
[2024-09-08T05:09:24.402+0800][info] GC(33) Eden regions: 21->0(8)
[2024-09-08T05:09:24.402+0800][info] GC(33) Survivor regions: 4->4(4)
[2024-09-08T05:09:24.402+0800][info] GC(33) Old regions: 131->152
[2024-09-08T05:09:24.402+0800][info] GC(33) Archive regions: 2->2
[2024-09-08T05:09:24.402+0800][info] GC(33) Humongous regions: 0->0
[2024-09-08T05:09:24.402+0800][info] GC(33) Metaspace: 422K(576K)->422K(576K) NonClass: 396K(448K)->396K(448K) Class: 25K(128K)->25K(128K)
[2024-09-08T05:09:24.402+0800][info] GC(33) Pause Young (Prepare Mixed) (G1 Evacuation Pause) 156M->156M(256M) 2.307ms
[2024-09-08T05:09:24.402+0800][info] GC(33) User=0.01s Sys=0.00s Real=0.00s
[2024-09-08T05:09:24.403+0800][info] GC(34) Pause Young (Mixed) (G1 Evacuation Pause)
[2024-09-08T05:09:24.403+0800][info] GC(34) Using 6 workers of 48 for evacuation
[2024-09-08T05:09:24.405+0800][info] GC(34)   Pre Evacuate Collection Set: 0.1ms
[2024-09-08T05:09:24.405+0800][info] GC(34)   Merge Heap Roots: 0.0ms
[2024-09-08T05:09:24.405+0800][info] GC(34)   Evacuate Collection Set: 1.4ms
[2024-09-08T05:09:24.405+0800][info] GC(34)   Post Evacuate Collection Set: 0.2ms
[2024-09-08T05:09:24.405+0800][info] GC(34)   Other: 0.2ms
[2024-09-08T05:09:24.405+0800][info] GC(34) Eden regions: 8->0(23)
[2024-09-08T05:09:24.405+0800][info] GC(34) Survivor regions: 4->2(2)
[2024-09-08T05:09:24.405+0800][info] GC(34) Old regions: 152->149
[2024-09-08T05:09:24.405+0800][info] GC(34) Archive regions: 2->2
[2024-09-08T05:09:24.405+0800][info] GC(34) Humongous regions: 0->0
[2024-09-08T05:09:24.405+0800][info] GC(34) Metaspace: 422K(576K)->422K(576K) NonClass: 396K(448K)->396K(448K) Class: 25K(128K)->25K(128K)
[2024-09-08T05:09:24.405+0800][info] GC(34) Pause Young (Mixed) (G1 Evacuation Pause) 164M->150M(256M) 2.196ms
[2024-09-08T05:09:24.405+0800][info] GC(34) User=0.01s Sys=0.00s Real=0.01s
[2024-09-08T05:09:24.409+0800][info] GC(35) Pause Young (Concurrent Start) (G1 Evacuation Pause)
[2024-09-08T05:09:24.409+0800][info] GC(35) Using 6 workers of 48 for evacuation
[2024-09-08T05:09:24.412+0800][info] GC(35)   Pre Evacuate Collection Set: 0.1ms
[2024-09-08T05:09:24.412+0800][info] GC(35)   Merge Heap Roots: 0.0ms
[2024-09-08T05:09:24.412+0800][info] GC(35)   Evacuate Collection Set: 2.1ms
[2024-09-08T05:09:24.412+0800][info] GC(35)   Post Evacuate Collection Set: 0.2ms
[2024-09-08T05:09:24.412+0800][info] GC(35)   Other: 0.4ms
[2024-09-08T05:09:24.412+0800][info] GC(35) Eden regions: 23->0(21)
[2024-09-08T05:09:24.412+0800][info] GC(35) Survivor regions: 2->4(4)
[2024-09-08T05:09:24.412+0800][info] GC(35) Old regions: 149->169
[2024-09-08T05:09:24.412+0800][info] GC(35) Archive regions: 2->2
[2024-09-08T05:09:24.412+0800][info] GC(35) Humongous regions: 0->0
[2024-09-08T05:09:24.412+0800][info] GC(35) Metaspace: 422K(576K)->422K(576K) NonClass: 396K(448K)->396K(448K) Class: 25K(128K)->25K(128K)
[2024-09-08T05:09:24.412+0800][info] GC(35) Pause Young (Concurrent Start) (G1 Evacuation Pause) 173M->173M(256M) 3.058ms
[2024-09-08T05:09:24.412+0800][info] GC(35) User=0.01s Sys=0.00s Real=0.00s
[2024-09-08T05:09:24.412+0800][info] GC(36) Concurrent Mark Cycle
[2024-09-08T05:09:24.412+0800][info] GC(36) Concurrent Clear Claimed Marks
[2024-09-08T05:09:24.412+0800][info] GC(36) Concurrent Clear Claimed Marks 0.015ms
[2024-09-08T05:09:24.412+0800][info] GC(36) Concurrent Scan Root Regions
[2024-09-08T05:09:24.413+0800][info] GC(36) Concurrent Scan Root Regions 0.907ms
[2024-09-08T05:09:24.413+0800][info] GC(36) Concurrent Mark
[2024-09-08T05:09:24.413+0800][info] GC(36) Concurrent Mark From Roots
[2024-09-08T05:09:24.413+0800][info] GC(36) Using 12 workers of 12 for marking
[2024-09-08T05:09:24.416+0800][info] GC(36) Concurrent Mark From Roots 2.802ms
[2024-09-08T05:09:24.416+0800][info] GC(36) Concurrent Preclean
[2024-09-08T05:09:24.417+0800][info] GC(37) Pause Young (Normal) (G1 Evacuation Pause)
[2024-09-08T05:09:24.417+0800][info] GC(37) Using 6 workers of 48 for evacuation
[2024-09-08T05:09:24.420+0800][info] GC(37)   Pre Evacuate Collection Set: 0.1ms
[2024-09-08T05:09:24.420+0800][info] GC(37)   Merge Heap Roots: 0.0ms
[2024-09-08T05:09:24.420+0800][info] GC(37)   Evacuate Collection Set: 2.5ms
[2024-09-08T05:09:24.420+0800][info] GC(37)   Post Evacuate Collection Set: 0.2ms
[2024-09-08T05:09:24.420+0800][info] GC(37)   Other: 0.2ms
[2024-09-08T05:09:24.420+0800][info] GC(37) Eden regions: 21->0(18)
[2024-09-08T05:09:24.420+0800][info] GC(37) Survivor regions: 4->4(4)
[2024-09-08T05:09:24.420+0800][info] GC(37) Old regions: 169->190
[2024-09-08T05:09:24.420+0800][info] GC(37) Archive regions: 2->2
[2024-09-08T05:09:24.420+0800][info] GC(37) Humongous regions: 0->0
[2024-09-08T05:09:24.420+0800][info] GC(37) Metaspace: 422K(576K)->422K(576K) NonClass: 396K(448K)->396K(448K) Class: 25K(128K)->25K(128K)
[2024-09-08T05:09:24.420+0800][info] GC(37) Pause Young (Normal) (G1 Evacuation Pause) 194M->194M(256M) 3.312ms
[2024-09-08T05:09:24.420+0800][info] GC(37) User=0.02s Sys=0.01s Real=0.01s
[2024-09-08T05:09:24.421+0800][info] GC(36) Concurrent Preclean 5.239ms
[2024-09-08T05:09:24.421+0800][info] GC(36) Pause Remark
[2024-09-08T05:09:24.424+0800][info] GC(36) Pause Remark 202M->110M(256M) 2.203ms
[2024-09-08T05:09:24.424+0800][info] GC(36) User=0.00s Sys=0.00s Real=0.00s
[2024-09-08T05:09:24.424+0800][info] GC(36) Concurrent Mark 10.546ms
[2024-09-08T05:09:24.424+0800][info] GC(36) Concurrent Rebuild Remembered Sets
[2024-09-08T05:09:24.426+0800][info] GC(38) Pause Young (Normal) (G1 Evacuation Pause)
[2024-09-08T05:09:24.426+0800][info] GC(38) Using 6 workers of 48 for evacuation
[2024-09-08T05:09:24.428+0800][info] GC(38)   Pre Evacuate Collection Set: 0.1ms
[2024-09-08T05:09:24.428+0800][info] GC(38)   Merge Heap Roots: 0.0ms
[2024-09-08T05:09:24.428+0800][info] GC(38)   Evacuate Collection Set: 1.6ms
[2024-09-08T05:09:24.428+0800][info] GC(38)   Post Evacuate Collection Set: 0.2ms
[2024-09-08T05:09:24.428+0800][info] GC(38)   Other: 0.2ms
[2024-09-08T05:09:24.428+0800][info] GC(38) Eden regions: 18->0(22)
[2024-09-08T05:09:24.428+0800][info] GC(38) Survivor regions: 4->3(3)
[2024-09-08T05:09:24.428+0800][info] GC(38) Old regions: 98->117
[2024-09-08T05:09:24.428+0800][info] GC(38) Archive regions: 2->2
[2024-09-08T05:09:24.428+0800][info] GC(38) Humongous regions: 0->0
[2024-09-08T05:09:24.428+0800][info] GC(38) Metaspace: 422K(576K)->422K(576K) NonClass: 396K(448K)->396K(448K) Class: 25K(128K)->25K(128K)
[2024-09-08T05:09:24.428+0800][info] GC(38) Pause Young (Normal) (G1 Evacuation Pause) 120M->120M(256M) 2.123ms
[2024-09-08T05:09:24.428+0800][info] GC(38) User=0.01s Sys=0.00s Real=0.00s
[2024-09-08T05:09:24.432+0800][info] GC(39) Pause Young (Normal) (G1 Evacuation Pause)
[2024-09-08T05:09:24.432+0800][info] GC(39) Using 6 workers of 48 for evacuation
[2024-09-08T05:09:24.434+0800][info] GC(39)   Pre Evacuate Collection Set: 0.1ms
[2024-09-08T05:09:24.434+0800][info] GC(39)   Merge Heap Roots: 0.0ms
[2024-09-08T05:09:24.434+0800][info] GC(39)   Evacuate Collection Set: 2.0ms
[2024-09-08T05:09:24.434+0800][info] GC(39)   Post Evacuate Collection Set: 0.2ms
[2024-09-08T05:09:24.434+0800][info] GC(39)   Other: 0.2ms
[2024-09-08T05:09:24.434+0800][info] GC(39) Eden regions: 22->0(21)
[2024-09-08T05:09:24.434+0800][info] GC(39) Survivor regions: 3->4(4)
[2024-09-08T05:09:24.434+0800][info] GC(39) Old regions: 117->138
[2024-09-08T05:09:24.434+0800][info] GC(39) Archive regions: 2->2
[2024-09-08T05:09:24.434+0800][info] GC(39) Humongous regions: 0->0
[2024-09-08T05:09:24.435+0800][info] GC(39) Metaspace: 422K(576K)->422K(576K) NonClass: 396K(448K)->396K(448K) Class: 25K(128K)->25K(128K)
[2024-09-08T05:09:24.435+0800][info] GC(39) Pause Young (Normal) (G1 Evacuation Pause) 142M->142M(256M) 2.562ms
[2024-09-08T05:09:24.435+0800][info] GC(39) User=0.01s Sys=0.00s Real=0.00s
[2024-09-08T05:09:24.436+0800][info] GC(36) Concurrent Rebuild Remembered Sets 12.019ms
[2024-09-08T05:09:24.436+0800][info] GC(36) Pause Cleanup
[2024-09-08T05:09:24.438+0800][info] GC(36) Pause Cleanup 150M->150M(256M) 2.037ms
[2024-09-08T05:09:24.438+0800][info] GC(36) User=0.00s Sys=0.00s Real=0.01s
[2024-09-08T05:09:24.438+0800][info] GC(36) Concurrent Cleanup for Next Mark
[2024-09-08T05:09:24.438+0800][info] GC(36) Concurrent Cleanup for Next Mark 0.252ms
[2024-09-08T05:09:24.438+0800][info] GC(36) Concurrent Mark Cycle 26.091ms
[2024-09-08T05:09:24.440+0800][info] GC(40) Pause Young (Prepare Mixed) (G1 Evacuation Pause)
[2024-09-08T05:09:24.440+0800][info] GC(40) Using 6 workers of 48 for evacuation
[2024-09-08T05:09:24.443+0800][info] GC(40)   Pre Evacuate Collection Set: 0.1ms
[2024-09-08T05:09:24.443+0800][info] GC(40)   Merge Heap Roots: 0.0ms
[2024-09-08T05:09:24.443+0800][info] GC(40)   Evacuate Collection Set: 2.0ms
[2024-09-08T05:09:24.443+0800][info] GC(40)   Post Evacuate Collection Set: 0.2ms
[2024-09-08T05:09:24.443+0800][info] GC(40)   Other: 0.2ms
[2024-09-08T05:09:24.443+0800][info] GC(40) Eden regions: 21->0(8)
[2024-09-08T05:09:24.443+0800][info] GC(40) Survivor regions: 4->4(4)
[2024-09-08T05:09:24.443+0800][info] GC(40) Old regions: 138->159
[2024-09-08T05:09:24.443+0800][info] GC(40) Archive regions: 2->2
[2024-09-08T05:09:24.443+0800][info] GC(40) Humongous regions: 0->0
[2024-09-08T05:09:24.443+0800][info] GC(40) Metaspace: 422K(576K)->422K(576K) NonClass: 396K(448K)->396K(448K) Class: 25K(128K)->25K(128K)
[2024-09-08T05:09:24.443+0800][info] GC(40) Pause Young (Prepare Mixed) (G1 Evacuation Pause) 163M->163M(256M) 2.560ms
[2024-09-08T05:09:24.443+0800][info] GC(40) User=0.01s Sys=0.00s Real=0.00s
[2024-09-08T05:09:24.444+0800][info] GC(41) Pause Young (Mixed) (G1 Evacuation Pause)
[2024-09-08T05:09:24.444+0800][info] GC(41) Using 6 workers of 48 for evacuation
[2024-09-08T05:09:24.447+0800][info] GC(41)   Pre Evacuate Collection Set: 0.1ms
[2024-09-08T05:09:24.447+0800][info] GC(41)   Merge Heap Roots: 0.0ms
[2024-09-08T05:09:24.447+0800][info] GC(41)   Evacuate Collection Set: 2.1ms
[2024-09-08T05:09:24.447+0800][info] GC(41)   Post Evacuate Collection Set: 0.2ms
[2024-09-08T05:09:24.447+0800][info] GC(41)   Other: 0.2ms
[2024-09-08T05:09:24.447+0800][info] GC(41) Eden regions: 8->0(23)
[2024-09-08T05:09:24.447+0800][info] GC(41) Survivor regions: 4->2(2)
[2024-09-08T05:09:24.447+0800][info] GC(41) Old regions: 159->161
[2024-09-08T05:09:24.447+0800][info] GC(41) Archive regions: 2->2
[2024-09-08T05:09:24.447+0800][info] GC(41) Humongous regions: 0->0
[2024-09-08T05:09:24.447+0800][info] GC(41) Metaspace: 422K(576K)->422K(576K) NonClass: 396K(448K)->396K(448K) Class: 25K(128K)->25K(128K)
[2024-09-08T05:09:24.447+0800][info] GC(41) Pause Young (Mixed) (G1 Evacuation Pause) 171M->163M(256M) 2.737ms
[2024-09-08T05:09:24.447+0800][info] GC(41) User=0.02s Sys=0.00s Real=0.01s
[2024-09-08T05:09:24.451+0800][info] GC(42) Pause Young (Concurrent Start) (G1 Evacuation Pause)
[2024-09-08T05:09:24.451+0800][info] GC(42) Using 6 workers of 48 for evacuation
[2024-09-08T05:09:24.453+0800][info] GC(42)   Pre Evacuate Collection Set: 0.1ms
[2024-09-08T05:09:24.454+0800][info] GC(42)   Merge Heap Roots: 0.0ms
[2024-09-08T05:09:24.454+0800][info] GC(42)   Evacuate Collection Set: 2.1ms
[2024-09-08T05:09:24.454+0800][info] GC(42)   Post Evacuate Collection Set: 0.2ms
[2024-09-08T05:09:24.454+0800][info] GC(42)   Other: 0.3ms
[2024-09-08T05:09:24.454+0800][info] GC(42) Eden regions: 23->0(20)
[2024-09-08T05:09:24.454+0800][info] GC(42) Survivor regions: 2->4(4)
[2024-09-08T05:09:24.454+0800][info] GC(42) Old regions: 161->182
[2024-09-08T05:09:24.454+0800][info] GC(42) Archive regions: 2->2
[2024-09-08T05:09:24.454+0800][info] GC(42) Humongous regions: 0->0
[2024-09-08T05:09:24.454+0800][info] GC(42) Metaspace: 422K(576K)->422K(576K) NonClass: 396K(448K)->396K(448K) Class: 25K(128K)->25K(128K)
[2024-09-08T05:09:24.454+0800][info] GC(42) Pause Young (Concurrent Start) (G1 Evacuation Pause) 186M->186M(256M) 2.807ms
[2024-09-08T05:09:24.454+0800][info] GC(42) User=0.01s Sys=0.00s Real=0.00s
[2024-09-08T05:09:24.454+0800][info] GC(43) Concurrent Mark Cycle
[2024-09-08T05:09:24.454+0800][info] GC(43) Concurrent Clear Claimed Marks
[2024-09-08T05:09:24.454+0800][info] GC(43) Concurrent Clear Claimed Marks 0.016ms
[2024-09-08T05:09:24.454+0800][info] GC(43) Concurrent Scan Root Regions
[2024-09-08T05:09:24.455+0800][info] GC(43) Concurrent Scan Root Regions 1.117ms
[2024-09-08T05:09:24.455+0800][info] GC(43) Concurrent Mark
[2024-09-08T05:09:24.455+0800][info] GC(43) Concurrent Mark From Roots
[2024-09-08T05:09:24.455+0800][info] GC(43) Using 12 workers of 12 for marking
[2024-09-08T05:09:24.459+0800][info] GC(44) Pause Young (Normal) (G1 Evacuation Pause)
[2024-09-08T05:09:24.459+0800][info] GC(44) Using 6 workers of 48 for evacuation
[2024-09-08T05:09:24.463+0800][info] GC(44)   Pre Evacuate Collection Set: 0.1ms
[2024-09-08T05:09:24.463+0800][info] GC(44)   Merge Heap Roots: 0.0ms
[2024-09-08T05:09:24.463+0800][info] GC(44)   Evacuate Collection Set: 4.4ms
[2024-09-08T05:09:24.463+0800][info] GC(44)   Post Evacuate Collection Set: 0.2ms
[2024-09-08T05:09:24.463+0800][info] GC(44)   Other: 0.2ms
[2024-09-08T05:09:24.463+0800][info] GC(44) Eden regions: 20->0(14)
[2024-09-08T05:09:24.463+0800][info] GC(44) Survivor regions: 4->3(3)
[2024-09-08T05:09:24.463+0800][info] GC(44) Old regions: 182->203
[2024-09-08T05:09:24.463+0800][info] GC(44) Archive regions: 2->2
[2024-09-08T05:09:24.463+0800][info] GC(44) Humongous regions: 0->0
[2024-09-08T05:09:24.463+0800][info] GC(44) Metaspace: 422K(576K)->422K(576K) NonClass: 396K(448K)->396K(448K) Class: 25K(128K)->25K(128K)
[2024-09-08T05:09:24.464+0800][info] GC(44) Pause Young (Normal) (G1 Evacuation Pause) 206M->206M(256M) 4.973ms
[2024-09-08T05:09:24.464+0800][info] GC(44) User=0.01s Sys=0.03s Real=0.00s
[2024-09-08T05:09:24.464+0800][info] GC(43) Concurrent Mark From Roots 8.818ms
[2024-09-08T05:09:24.464+0800][info] GC(43) Concurrent Preclean
[2024-09-08T05:09:24.466+0800][info] GC(43) Concurrent Preclean 1.707ms
[2024-09-08T05:09:24.466+0800][info] GC(43) Pause Remark
[2024-09-08T05:09:24.467+0800][info] GC(43) Pause Remark 219M->139M(256M) 1.826ms
[2024-09-08T05:09:24.468+0800][info] GC(43) User=0.00s Sys=0.00s Real=0.00s
[2024-09-08T05:09:24.468+0800][info] GC(43) Concurrent Mark 12.602ms
[2024-09-08T05:09:24.468+0800][info] GC(43) Concurrent Rebuild Remembered Sets
[2024-09-08T05:09:24.468+0800][info] GC(45) Pause Young (Normal) (G1 Evacuation Pause)
[2024-09-08T05:09:24.468+0800][info] GC(45) Using 6 workers of 48 for evacuation
[2024-09-08T05:09:24.470+0800][info] GC(45)   Pre Evacuate Collection Set: 0.1ms
[2024-09-08T05:09:24.470+0800][info] GC(45)   Merge Heap Roots: 0.0ms
[2024-09-08T05:09:24.470+0800][info] GC(45)   Evacuate Collection Set: 1.4ms
[2024-09-08T05:09:24.470+0800][info] GC(45)   Post Evacuate Collection Set: 0.2ms
[2024-09-08T05:09:24.470+0800][info] GC(45)   Other: 0.1ms
[2024-09-08T05:09:24.470+0800][info] GC(45) Eden regions: 14->0(22)
[2024-09-08T05:09:24.470+0800][info] GC(45) Survivor regions: 3->3(3)
[2024-09-08T05:09:24.470+0800][info] GC(45) Old regions: 123->137
[2024-09-08T05:09:24.470+0800][info] GC(45) Archive regions: 2->2
[2024-09-08T05:09:24.470+0800][info] GC(45) Humongous regions: 0->0
[2024-09-08T05:09:24.470+0800][info] GC(45) Metaspace: 422K(576K)->422K(576K) NonClass: 396K(448K)->396K(448K) Class: 25K(128K)->25K(128K)
[2024-09-08T05:09:24.470+0800][info] GC(45) Pause Young (Normal) (G1 Evacuation Pause) 140M->140M(256M) 1.955ms
[2024-09-08T05:09:24.470+0800][info] GC(45) User=0.01s Sys=0.00s Real=0.00s
[2024-09-08T05:09:24.474+0800][info] GC(46) Pause Young (Normal) (G1 Evacuation Pause)
[2024-09-08T05:09:24.474+0800][info] GC(46) Using 6 workers of 48 for evacuation
[2024-09-08T05:09:24.476+0800][info] GC(46)   Pre Evacuate Collection Set: 0.1ms
[2024-09-08T05:09:24.476+0800][info] GC(46)   Merge Heap Roots: 0.0ms
[2024-09-08T05:09:24.476+0800][info] GC(46)   Evacuate Collection Set: 2.0ms
[2024-09-08T05:09:24.476+0800][info] GC(46)   Post Evacuate Collection Set: 0.1ms
[2024-09-08T05:09:24.476+0800][info] GC(46)   Other: 0.1ms
[2024-09-08T05:09:24.476+0800][info] GC(46) Eden regions: 22->0(21)
[2024-09-08T05:09:24.476+0800][info] GC(46) Survivor regions: 3->4(4)
[2024-09-08T05:09:24.476+0800][info] GC(46) Old regions: 137->158
[2024-09-08T05:09:24.476+0800][info] GC(46) Archive regions: 2->2
[2024-09-08T05:09:24.476+0800][info] GC(46) Humongous regions: 0->0
[2024-09-08T05:09:24.476+0800][info] GC(46) Metaspace: 422K(576K)->422K(576K) NonClass: 396K(448K)->396K(448K) Class: 25K(128K)->25K(128K)
[2024-09-08T05:09:24.476+0800][info] GC(46) Pause Young (Normal) (G1 Evacuation Pause) 162M->162M(256M) 2.497ms
[2024-09-08T05:09:24.476+0800][info] GC(46) User=0.01s Sys=0.00s Real=0.00s
[2024-09-08T05:09:24.480+0800][info] GC(47) Pause Young (Normal) (G1 Evacuation Pause)
[2024-09-08T05:09:24.480+0800][info] GC(47) Using 6 workers of 48 for evacuation
[2024-09-08T05:09:24.482+0800][info] GC(47)   Pre Evacuate Collection Set: 0.1ms
[2024-09-08T05:09:24.482+0800][info] GC(47)   Merge Heap Roots: 0.0ms
[2024-09-08T05:09:24.482+0800][info] GC(47)   Evacuate Collection Set: 2.0ms
[2024-09-08T05:09:24.482+0800][info] GC(47)   Post Evacuate Collection Set: 0.2ms
[2024-09-08T05:09:24.482+0800][info] GC(47)   Other: 0.2ms
[2024-09-08T05:09:24.483+0800][info] GC(47) Eden regions: 21->0(21)
[2024-09-08T05:09:24.483+0800][info] GC(47) Survivor regions: 4->4(4)
[2024-09-08T05:09:24.483+0800][info] GC(47) Old regions: 158->179
[2024-09-08T05:09:24.483+0800][info] GC(47) Archive regions: 2->2
[2024-09-08T05:09:24.483+0800][info] GC(47) Humongous regions: 0->0
[2024-09-08T05:09:24.483+0800][info] GC(47) Metaspace: 422K(576K)->422K(576K) NonClass: 396K(448K)->396K(448K) Class: 25K(128K)->25K(128K)
[2024-09-08T05:09:24.483+0800][info] GC(47) Pause Young (Normal) (G1 Evacuation Pause) 183M->183M(256M) 2.578ms
[2024-09-08T05:09:24.483+0800][info] GC(47) User=0.02s Sys=0.00s Real=0.00s
[2024-09-08T05:09:24.484+0800][info] GC(43) Concurrent Rebuild Remembered Sets 16.905ms
[2024-09-08T05:09:24.485+0800][info] GC(43) Pause Cleanup
[2024-09-08T05:09:24.488+0800][info] GC(43) Pause Cleanup 196M->196M(256M) 3.160ms
[2024-09-08T05:09:24.488+0800][info] GC(43) User=0.00s Sys=0.00s Real=0.01s
[2024-09-08T05:09:24.488+0800][info] GC(43) Concurrent Cleanup for Next Mark
[2024-09-08T05:09:24.488+0800][info] GC(43) Concurrent Cleanup for Next Mark 0.203ms
[2024-09-08T05:09:24.488+0800][info] GC(43) Concurrent Mark Cycle 34.331ms
[2024-09-08T05:09:24.489+0800][info] GC(48) Pause Young (Prepare Mixed) (G1 Evacuation Pause)
[2024-09-08T05:09:24.489+0800][info] GC(48) Using 6 workers of 48 for evacuation
[2024-09-08T05:09:24.492+0800][info] GC(48)   Pre Evacuate Collection Set: 0.1ms
[2024-09-08T05:09:24.492+0800][info] GC(48)   Merge Heap Roots: 0.0ms
[2024-09-08T05:09:24.492+0800][info] GC(48)   Evacuate Collection Set: 2.0ms
[2024-09-08T05:09:24.492+0800][info] GC(48)   Post Evacuate Collection Set: 0.2ms
[2024-09-08T05:09:24.492+0800][info] GC(48)   Other: 0.1ms
[2024-09-08T05:09:24.492+0800][info] GC(48) Eden regions: 21->0(8)
[2024-09-08T05:09:24.492+0800][info] GC(48) Survivor regions: 4->4(4)
[2024-09-08T05:09:24.492+0800][info] GC(48) Old regions: 179->200
[2024-09-08T05:09:24.492+0800][info] GC(48) Archive regions: 2->2
[2024-09-08T05:09:24.492+0800][info] GC(48) Humongous regions: 0->0
[2024-09-08T05:09:24.492+0800][info] GC(48) Metaspace: 422K(576K)->422K(576K) NonClass: 396K(448K)->396K(448K) Class: 25K(128K)->25K(128K)
[2024-09-08T05:09:24.492+0800][info] GC(48) Pause Young (Prepare Mixed) (G1 Evacuation Pause) 204M->204M(256M) 2.617ms
[2024-09-08T05:09:24.492+0800][info] GC(48) User=0.01s Sys=0.00s Real=0.00s
[2024-09-08T05:09:24.493+0800][info] GC(49) Pause Young (Mixed) (G1 Evacuation Pause)
[2024-09-08T05:09:24.493+0800][info] GC(49) Using 6 workers of 48 for evacuation
[2024-09-08T05:09:24.498+0800][info] GC(49)   Pre Evacuate Collection Set: 0.1ms
[2024-09-08T05:09:24.498+0800][info] GC(49)   Merge Heap Roots: 0.0ms
[2024-09-08T05:09:24.498+0800][info] GC(49)   Evacuate Collection Set: 4.4ms
[2024-09-08T05:09:24.498+0800][info] GC(49)   Post Evacuate Collection Set: 0.2ms
[2024-09-08T05:09:24.498+0800][info] GC(49)   Other: 0.1ms
[2024-09-08T05:09:24.498+0800][info] GC(49) Eden regions: 8->0(10)
[2024-09-08T05:09:24.498+0800][info] GC(49) Survivor regions: 4->2(2)
[2024-09-08T05:09:24.498+0800][info] GC(49) Old regions: 200->191
[2024-09-08T05:09:24.498+0800][info] GC(49) Archive regions: 2->2
[2024-09-08T05:09:24.498+0800][info] GC(49) Humongous regions: 0->0
[2024-09-08T05:09:24.498+0800][info] GC(49) Metaspace: 422K(576K)->422K(576K) NonClass: 396K(448K)->396K(448K) Class: 25K(128K)->25K(128K)
[2024-09-08T05:09:24.498+0800][info] GC(49) Pause Young (Mixed) (G1 Evacuation Pause) 212M->193M(256M) 4.959ms
[2024-09-08T05:09:24.498+0800][info] GC(49) User=0.02s Sys=0.02s Real=0.01s
[2024-09-08T05:09:24.500+0800][info] GC(50) Pause Young (Mixed) (G1 Evacuation Pause)
[2024-09-08T05:09:24.500+0800][info] GC(50) Using 6 workers of 48 for evacuation
[2024-09-08T05:09:24.501+0800][info] GC(50)   Pre Evacuate Collection Set: 0.1ms
[2024-09-08T05:09:24.501+0800][info] GC(50)   Merge Heap Roots: 0.0ms
[2024-09-08T05:09:24.501+0800][info] GC(50)   Evacuate Collection Set: 1.4ms
[2024-09-08T05:09:24.501+0800][info] GC(50)   Post Evacuate Collection Set: 0.2ms
[2024-09-08T05:09:24.501+0800][info] GC(50)   Other: 0.2ms
[2024-09-08T05:09:24.501+0800][info] GC(50) Eden regions: 10->0(16)
[2024-09-08T05:09:24.501+0800][info] GC(50) Survivor regions: 2->2(2)
[2024-09-08T05:09:24.501+0800][info] GC(50) Old regions: 191->198
[2024-09-08T05:09:24.501+0800][info] GC(50) Archive regions: 2->2
[2024-09-08T05:09:24.501+0800][info] GC(50) Humongous regions: 0->0
[2024-09-08T05:09:24.502+0800][info] GC(50) Metaspace: 422K(576K)->422K(576K) NonClass: 396K(448K)->396K(448K) Class: 25K(128K)->25K(128K)
[2024-09-08T05:09:24.502+0800][info] GC(50) Pause Young (Mixed) (G1 Evacuation Pause) 203M->200M(256M) 1.989ms
[2024-09-08T05:09:24.502+0800][info] GC(50) User=0.01s Sys=0.00s Real=0.00s
[2024-09-08T05:09:24.511+0800][info] GC(51) Pause Young (Normal) (G1 Preventive Collection)
[2024-09-08T05:09:24.511+0800][info] GC(51) Using 6 workers of 48 for evacuation
[2024-09-08T05:09:24.512+0800][info] GC(51)   Pre Evacuate Collection Set: 0.1ms
[2024-09-08T05:09:24.512+0800][info] GC(51)   Merge Heap Roots: 0.0ms
[2024-09-08T05:09:24.512+0800][info] GC(51)   Evacuate Collection Set: 0.5ms
[2024-09-08T05:09:24.512+0800][info] GC(51)   Post Evacuate Collection Set: 0.2ms
[2024-09-08T05:09:24.512+0800][info] GC(51)   Other: 0.2ms
[2024-09-08T05:09:24.512+0800][info] GC(51) Eden regions: 4->0(15)
[2024-09-08T05:09:24.512+0800][info] GC(51) Survivor regions: 2->3(3)
[2024-09-08T05:09:24.513+0800][info] GC(51) Old regions: 198->201
[2024-09-08T05:09:24.513+0800][info] GC(51) Archive regions: 2->2
[2024-09-08T05:09:24.513+0800][info] GC(51) Humongous regions: 33->0
[2024-09-08T05:09:24.513+0800][info] GC(51) Metaspace: 422K(576K)->422K(576K) NonClass: 396K(448K)->396K(448K) Class: 25K(128K)->25K(128K)
[2024-09-08T05:09:24.513+0800][info] GC(51) Pause Young (Normal) (G1 Preventive Collection) 237M->204M(256M) 1.227ms
[2024-09-08T05:09:24.513+0800][info] GC(51) User=0.00s Sys=0.00s Real=0.00s
[2024-09-08T05:09:24.517+0800][info] GC(52) Pause Young (Concurrent Start) (G1 Humongous Allocation)
[2024-09-08T05:09:24.517+0800][info] GC(52) Using 6 workers of 48 for evacuation
[2024-09-08T05:09:24.518+0800][info] GC(52)   Pre Evacuate Collection Set: 0.1ms
[2024-09-08T05:09:24.518+0800][info] GC(52)   Merge Heap Roots: 0.0ms
[2024-09-08T05:09:24.518+0800][info] GC(52)   Evacuate Collection Set: 0.4ms
[2024-09-08T05:09:24.518+0800][info] GC(52)   Post Evacuate Collection Set: 0.2ms
[2024-09-08T05:09:24.518+0800][info] GC(52)   Other: 0.3ms
[2024-09-08T05:09:24.518+0800][info] GC(52) Eden regions: 1->0(15)
[2024-09-08T05:09:24.518+0800][info] GC(52) Survivor regions: 3->0(3)
[2024-09-08T05:09:24.518+0800][info] GC(52) Old regions: 201->204
[2024-09-08T05:09:24.518+0800][info] GC(52) Archive regions: 2->2
[2024-09-08T05:09:24.518+0800][info] GC(52) Humongous regions: 33->0
[2024-09-08T05:09:24.518+0800][info] GC(52) Metaspace: 422K(576K)->422K(576K) NonClass: 396K(448K)->396K(448K) Class: 25K(128K)->25K(128K)
[2024-09-08T05:09:24.518+0800][info] GC(52) Pause Young (Concurrent Start) (G1 Humongous Allocation) 237M->204M(256M) 1.136ms
[2024-09-08T05:09:24.518+0800][info] GC(52) User=0.01s Sys=0.00s Real=0.00s
[2024-09-08T05:09:24.518+0800][info] GC(53) Concurrent Undo Cycle
[2024-09-08T05:09:24.518+0800][info] GC(53) Concurrent Cleanup for Next Mark
[2024-09-08T05:09:24.519+0800][info] GC(53) Concurrent Cleanup for Next Mark 0.186ms
[2024-09-08T05:09:24.519+0800][info] GC(53) Concurrent Undo Cycle 0.255ms
[2024-09-08T05:09:24.523+0800][info] GC(54) Pause Young (Concurrent Start) (G1 Humongous Allocation)
[2024-09-08T05:09:24.523+0800][info] GC(54) Using 6 workers of 48 for evacuation
[2024-09-08T05:09:24.523+0800][info] GC(54)   Pre Evacuate Collection Set: 0.1ms
[2024-09-08T05:09:24.524+0800][info] GC(54)   Merge Heap Roots: 0.0ms
[2024-09-08T05:09:24.524+0800][info] GC(54)   Evacuate Collection Set: 0.1ms
[2024-09-08T05:09:24.524+0800][info] GC(54)   Post Evacuate Collection Set: 0.2ms
[2024-09-08T05:09:24.524+0800][info] GC(54)   Other: 0.3ms
[2024-09-08T05:09:24.524+0800][info] GC(54) Eden regions: 1->0(18)
[2024-09-08T05:09:24.524+0800][info] GC(54) Survivor regions: 0->0(2)
[2024-09-08T05:09:24.524+0800][info] GC(54) Old regions: 204->204
[2024-09-08T05:09:24.524+0800][info] GC(54) Archive regions: 2->2
[2024-09-08T05:09:24.524+0800][info] GC(54) Humongous regions: 33->0
[2024-09-08T05:09:24.524+0800][info] GC(54) Metaspace: 422K(576K)->422K(576K) NonClass: 396K(448K)->396K(448K) Class: 25K(128K)->25K(128K)
[2024-09-08T05:09:24.524+0800][info] GC(54) Pause Young (Concurrent Start) (G1 Humongous Allocation) 237M->204M(256M) 0.843ms
[2024-09-08T05:09:24.524+0800][info] GC(54) User=0.00s Sys=0.00s Real=0.00s
[2024-09-08T05:09:24.524+0800][info] GC(55) Concurrent Undo Cycle
[2024-09-08T05:09:24.524+0800][info] GC(55) Concurrent Cleanup for Next Mark
[2024-09-08T05:09:24.524+0800][info] GC(55) Concurrent Cleanup for Next Mark 0.246ms
[2024-09-08T05:09:24.524+0800][info] GC(55) Concurrent Undo Cycle 0.292ms
[2024-09-08T05:09:24.529+0800][info] GC(56) Pause Young (Normal) (G1 Evacuation Pause)
[2024-09-08T05:09:24.529+0800][info] GC(56) Using 6 workers of 48 for evacuation
[2024-09-08T05:09:24.530+0800][info] GC(56)   Pre Evacuate Collection Set: 0.1ms
[2024-09-08T05:09:24.530+0800][info] GC(56)   Merge Heap Roots: 0.0ms
[2024-09-08T05:09:24.530+0800][info] GC(56)   Evacuate Collection Set: 1.5ms
[2024-09-08T05:09:24.530+0800][info] GC(56)   Post Evacuate Collection Set: 0.2ms
[2024-09-08T05:09:24.531+0800][info] GC(56)   Other: 0.2ms
[2024-09-08T05:09:24.531+0800][info] GC(56) Eden regions: 18->0(10)
[2024-09-08T05:09:24.531+0800][info] GC(56) Survivor regions: 0->3(3)
[2024-09-08T05:09:24.531+0800][info] GC(56) Old regions: 204->219
[2024-09-08T05:09:24.531+0800][info] GC(56) Archive regions: 2->2
[2024-09-08T05:09:24.531+0800][info] GC(56) Humongous regions: 11->0
[2024-09-08T05:09:24.531+0800][info] GC(56) Metaspace: 425K(576K)->425K(576K) NonClass: 399K(448K)->399K(448K) Class: 25K(128K)->25K(128K)
[2024-09-08T05:09:24.531+0800][info] GC(56) Pause Young (Normal) (G1 Evacuation Pause) 233M->222M(256M) 2.086ms
[2024-09-08T05:09:24.531+0800][info] GC(56) User=0.01s Sys=0.00s Real=0.00s
[2024-09-08T05:09:24.532+0800][info] GC(57) Pause Young (Normal) (G1 Evacuation Pause)
[2024-09-08T05:09:24.532+0800][info] GC(57) Using 6 workers of 48 for evacuation
[2024-09-08T05:09:24.534+0800][info] GC(57)   Pre Evacuate Collection Set: 0.1ms
[2024-09-08T05:09:24.534+0800][info] GC(57)   Merge Heap Roots: 0.0ms
[2024-09-08T05:09:24.534+0800][info] GC(57)   Evacuate Collection Set: 1.1ms
[2024-09-08T05:09:24.534+0800][info] GC(57)   Post Evacuate Collection Set: 0.1ms
[2024-09-08T05:09:24.534+0800][info] GC(57)   Other: 0.1ms
[2024-09-08T05:09:24.534+0800][info] GC(57) Eden regions: 10->0(10)
[2024-09-08T05:09:24.534+0800][info] GC(57) Survivor regions: 3->2(2)
[2024-09-08T05:09:24.534+0800][info] GC(57) Old regions: 219->230
[2024-09-08T05:09:24.534+0800][info] GC(57) Archive regions: 2->2
[2024-09-08T05:09:24.534+0800][info] GC(57) Humongous regions: 0->0
[2024-09-08T05:09:24.534+0800][info] GC(57) Metaspace: 425K(576K)->425K(576K) NonClass: 399K(448K)->399K(448K) Class: 25K(128K)->25K(128K)
[2024-09-08T05:09:24.534+0800][info] GC(57) Pause Young (Normal) (G1 Evacuation Pause) 232M->232M(256M) 1.632ms
[2024-09-08T05:09:24.534+0800][info] GC(57) User=0.01s Sys=0.00s Real=0.00s
[2024-09-08T05:09:24.535+0800][info] GC(58) Pause Young (Normal) (G1 Preventive Collection)
[2024-09-08T05:09:24.535+0800][info] GC(58) Using 6 workers of 48 for evacuation
[2024-09-08T05:09:24.536+0800][info] GC(58)   Pre Evacuate Collection Set: 0.1ms
[2024-09-08T05:09:24.536+0800][info] GC(58)   Merge Heap Roots: 0.0ms
[2024-09-08T05:09:24.536+0800][info] GC(58)   Evacuate Collection Set: 0.8ms
[2024-09-08T05:09:24.536+0800][info] GC(58)   Post Evacuate Collection Set: 0.1ms
[2024-09-08T05:09:24.536+0800][info] GC(58)   Other: 0.1ms
[2024-09-08T05:09:24.536+0800][info] GC(58) Eden regions: 9->0(10)
[2024-09-08T05:09:24.536+0800][info] GC(58) Survivor regions: 2->2(2)
[2024-09-08T05:09:24.536+0800][info] GC(58) Old regions: 230->239
[2024-09-08T05:09:24.536+0800][info] GC(58) Archive regions: 2->2
[2024-09-08T05:09:24.536+0800][info] GC(58) Humongous regions: 0->0
[2024-09-08T05:09:24.536+0800][info] GC(58) Metaspace: 425K(576K)->425K(576K) NonClass: 399K(448K)->399K(448K) Class: 25K(128K)->25K(128K)
[2024-09-08T05:09:24.536+0800][info] GC(58) Pause Young (Normal) (G1 Preventive Collection) 241M->241M(256M) 1.273ms
[2024-09-08T05:09:24.536+0800][info] GC(58) User=0.00s Sys=0.00s Real=0.00s
[2024-09-08T05:09:24.537+0800][info] GC(59) Pause Young (Normal) (G1 Preventive Collection)
[2024-09-08T05:09:24.537+0800][info] GC(59) Using 6 workers of 48 for evacuation
[2024-09-08T05:09:24.538+0800][info] GC(59)   Pre Evacuate Collection Set: 0.1ms
[2024-09-08T05:09:24.538+0800][info] GC(59)   Merge Heap Roots: 0.0ms
[2024-09-08T05:09:24.538+0800][info] GC(59)   Evacuate Collection Set: 0.6ms
[2024-09-08T05:09:24.538+0800][info] GC(59)   Post Evacuate Collection Set: 0.1ms
[2024-09-08T05:09:24.538+0800][info] GC(59)   Other: 0.1ms
[2024-09-08T05:09:24.538+0800][info] GC(59) Eden regions: 5->0(10)
[2024-09-08T05:09:24.538+0800][info] GC(59) Survivor regions: 2->2(2)
[2024-09-08T05:09:24.538+0800][info] GC(59) Old regions: 239->244
[2024-09-08T05:09:24.538+0800][info] GC(59) Archive regions: 2->2
[2024-09-08T05:09:24.538+0800][info] GC(59) Humongous regions: 0->0
[2024-09-08T05:09:24.538+0800][info] GC(59) Metaspace: 425K(576K)->425K(576K) NonClass: 399K(448K)->399K(448K) Class: 25K(128K)->25K(128K)
[2024-09-08T05:09:24.538+0800][info] GC(59) Pause Young (Normal) (G1 Preventive Collection) 246M->246M(256M) 1.070ms
[2024-09-08T05:09:24.538+0800][info] GC(59) User=0.01s Sys=0.00s Real=0.00s
[2024-09-08T05:09:24.538+0800][info] GC(60) Pause Young (Concurrent Start) (G1 Preventive Collection)
[2024-09-08T05:09:24.538+0800][info] GC(60) Using 6 workers of 48 for evacuation
[2024-09-08T05:09:24.539+0800][info] GC(60)   Pre Evacuate Collection Set: 0.1ms
[2024-09-08T05:09:24.539+0800][info] GC(60)   Merge Heap Roots: 0.0ms
[2024-09-08T05:09:24.539+0800][info] GC(60)   Evacuate Collection Set: 0.3ms
[2024-09-08T05:09:24.539+0800][info] GC(60)   Post Evacuate Collection Set: 0.1ms
[2024-09-08T05:09:24.539+0800][info] GC(60)   Other: 0.2ms
[2024-09-08T05:09:24.539+0800][info] GC(60) Eden regions: 2->0(10)
[2024-09-08T05:09:24.539+0800][info] GC(60) Survivor regions: 2->2(2)
[2024-09-08T05:09:24.539+0800][info] GC(60) Old regions: 244->246
[2024-09-08T05:09:24.539+0800][info] GC(60) Archive regions: 2->2
[2024-09-08T05:09:24.539+0800][info] GC(60) Humongous regions: 0->0
[2024-09-08T05:09:24.539+0800][info] GC(60) Metaspace: 425K(576K)->425K(576K) NonClass: 399K(448K)->399K(448K) Class: 25K(128K)->25K(128K)
[2024-09-08T05:09:24.539+0800][info] GC(60) Pause Young (Concurrent Start) (G1 Preventive Collection) 248M->248M(256M) 0.911ms
[2024-09-08T05:09:24.539+0800][info] GC(60) User=0.00s Sys=0.00s Real=0.00s
[2024-09-08T05:09:24.539+0800][info] GC(61) Concurrent Mark Cycle
[2024-09-08T05:09:24.539+0800][info] GC(61) Concurrent Clear Claimed Marks
[2024-09-08T05:09:24.539+0800][info] GC(61) Concurrent Clear Claimed Marks 0.015ms
[2024-09-08T05:09:24.539+0800][info] GC(61) Concurrent Scan Root Regions
[2024-09-08T05:09:24.540+0800][info] GC(61) Concurrent Scan Root Regions 0.716ms
[2024-09-08T05:09:24.540+0800][info] GC(61) Concurrent Mark
[2024-09-08T05:09:24.540+0800][info] GC(61) Concurrent Mark From Roots
[2024-09-08T05:09:24.540+0800][info] GC(61) Using 12 workers of 12 for marking
[2024-09-08T05:09:24.540+0800][info] GC(62) Pause Young (Normal) (G1 Preventive Collection)
[2024-09-08T05:09:24.540+0800][info] GC(62) Using 6 workers of 48 for evacuation
[2024-09-08T05:09:24.541+0800][info] GC(62)   Pre Evacuate Collection Set: 0.7ms
[2024-09-08T05:09:24.541+0800][info] GC(62)   Merge Heap Roots: 0.0ms
[2024-09-08T05:09:24.541+0800][info] GC(62)   Evacuate Collection Set: 0.2ms
[2024-09-08T05:09:24.541+0800][info] GC(62)   Post Evacuate Collection Set: 0.1ms
[2024-09-08T05:09:24.541+0800][info] GC(62)   Other: 0.1ms
[2024-09-08T05:09:24.541+0800][info] GC(62) Eden regions: 1->0(11)
[2024-09-08T05:09:24.541+0800][info] GC(62) Survivor regions: 2->1(2)
[2024-09-08T05:09:24.541+0800][info] GC(62) Old regions: 246->248
[2024-09-08T05:09:24.541+0800][info] GC(62) Archive regions: 2->2
[2024-09-08T05:09:24.541+0800][info] GC(62) Humongous regions: 0->0
[2024-09-08T05:09:24.541+0800][info] GC(62) Metaspace: 425K(576K)->425K(576K) NonClass: 399K(448K)->399K(448K) Class: 25K(128K)->25K(128K)
[2024-09-08T05:09:24.541+0800][info] GC(62) Pause Young (Normal) (G1 Preventive Collection) 249M->249M(256M) 0.700ms
[2024-09-08T05:09:24.541+0800][info] GC(62) User=0.00s Sys=0.00s Real=0.00s
[2024-09-08T05:09:24.541+0800][info] GC(63) Pause Young (Normal) (G1 Preventive Collection)
[2024-09-08T05:09:24.541+0800][info] GC(63) Using 6 workers of 48 for evacuation
[2024-09-08T05:09:24.541+0800][info] GC(63)   Pre Evacuate Collection Set: 0.1ms
[2024-09-08T05:09:24.541+0800][info] GC(63)   Merge Heap Roots: 0.0ms
[2024-09-08T05:09:24.541+0800][info] GC(63)   Evacuate Collection Set: 0.2ms
[2024-09-08T05:09:24.541+0800][info] GC(63)   Post Evacuate Collection Set: 0.1ms
[2024-09-08T05:09:24.541+0800][info] GC(63)   Other: 0.1ms
[2024-09-08T05:09:24.541+0800][info] GC(63) Eden regions: 1->0(10)
[2024-09-08T05:09:24.541+0800][info] GC(63) Survivor regions: 1->2(2)
[2024-09-08T05:09:24.541+0800][info] GC(63) Old regions: 248->248
[2024-09-08T05:09:24.542+0800][info] GC(63) Archive regions: 2->2
[2024-09-08T05:09:24.542+0800][info] GC(63) Humongous regions: 0->0
[2024-09-08T05:09:24.542+0800][info] GC(63) Metaspace: 425K(576K)->425K(576K) NonClass: 399K(448K)->399K(448K) Class: 25K(128K)->25K(128K)
[2024-09-08T05:09:24.542+0800][info] GC(63) Pause Young (Normal) (G1 Preventive Collection) 250M->250M(256M) 0.569ms
[2024-09-08T05:09:24.542+0800][info] GC(63) User=0.00s Sys=0.00s Real=0.00s
[2024-09-08T05:09:24.542+0800][info] GC(64) Pause Young (Normal) (G1 Preventive Collection)
[2024-09-08T05:09:24.542+0800][info] GC(64) Using 6 workers of 48 for evacuation
[2024-09-08T05:09:24.542+0800][info] GC(64)   Pre Evacuate Collection Set: 0.1ms
[2024-09-08T05:09:24.542+0800][info] GC(64)   Merge Heap Roots: 0.0ms
[2024-09-08T05:09:24.542+0800][info] GC(64)   Evacuate Collection Set: 0.2ms
[2024-09-08T05:09:24.542+0800][info] GC(64)   Post Evacuate Collection Set: 0.1ms
[2024-09-08T05:09:24.542+0800][info] GC(64)   Other: 0.1ms
[2024-09-08T05:09:24.542+0800][info] GC(64) Eden regions: 1->0(10)
[2024-09-08T05:09:24.542+0800][info] GC(64) Survivor regions: 2->2(2)
[2024-09-08T05:09:24.542+0800][info] GC(64) Old regions: 248->249
[2024-09-08T05:09:24.542+0800][info] GC(64) Archive regions: 2->2
[2024-09-08T05:09:24.542+0800][info] GC(64) Humongous regions: 0->0
[2024-09-08T05:09:24.542+0800][info] GC(64) Metaspace: 425K(576K)->425K(576K) NonClass: 399K(448K)->399K(448K) Class: 25K(128K)->25K(128K)
[2024-09-08T05:09:24.543+0800][info] GC(64) Pause Young (Normal) (G1 Preventive Collection) 251M->251M(256M) 0.644ms
[2024-09-08T05:09:24.543+0800][info] GC(64) User=0.00s Sys=0.00s Real=0.00s
[2024-09-08T05:09:24.543+0800][info] GC(65) Pause Young (Normal) (G1 Preventive Collection)
[2024-09-08T05:09:24.543+0800][info] GC(65) Using 6 workers of 48 for evacuation
[2024-09-08T05:09:24.543+0800][info] GC(65) To-space exhausted
[2024-09-08T05:09:24.543+0800][info] GC(65)   Pre Evacuate Collection Set: 0.1ms
[2024-09-08T05:09:24.543+0800][info] GC(65)   Merge Heap Roots: 0.0ms
[2024-09-08T05:09:24.543+0800][info] GC(65)   Evacuate Collection Set: 0.3ms
[2024-09-08T05:09:24.543+0800][info] GC(65)   Post Evacuate Collection Set: 0.1ms
[2024-09-08T05:09:24.544+0800][info] GC(65)   Other: 0.1ms
[2024-09-08T05:09:24.544+0800][info] GC(65) Eden regions: 1->0(11)
[2024-09-08T05:09:24.544+0800][info] GC(65) Survivor regions: 2->1(2)
[2024-09-08T05:09:24.544+0800][info] GC(65) Old regions: 249->251
[2024-09-08T05:09:24.544+0800][info] GC(65) Archive regions: 2->2
[2024-09-08T05:09:24.544+0800][info] GC(65) Humongous regions: 0->0
[2024-09-08T05:09:24.544+0800][info] GC(65) Metaspace: 425K(576K)->425K(576K) NonClass: 399K(448K)->399K(448K) Class: 25K(128K)->25K(128K)
[2024-09-08T05:09:24.544+0800][info] GC(65) Pause Young (Normal) (G1 Preventive Collection) 252M->252M(256M) 0.694ms
[2024-09-08T05:09:24.544+0800][info] GC(65) User=0.00s Sys=0.00s Real=0.00s
[2024-09-08T05:09:24.544+0800][info] GC(66) Pause Young (Normal) (G1 Preventive Collection)
[2024-09-08T05:09:24.544+0800][info] GC(66) Using 6 workers of 48 for evacuation
[2024-09-08T05:09:24.544+0800][info] GC(66) To-space exhausted
[2024-09-08T05:09:24.544+0800][info] GC(66)   Pre Evacuate Collection Set: 0.1ms
[2024-09-08T05:09:24.544+0800][info] GC(66)   Merge Heap Roots: 0.0ms
[2024-09-08T05:09:24.544+0800][info] GC(66)   Evacuate Collection Set: 0.1ms
[2024-09-08T05:09:24.544+0800][info] GC(66)   Post Evacuate Collection Set: 0.1ms
[2024-09-08T05:09:24.544+0800][info] GC(66)   Other: 0.1ms
[2024-09-08T05:09:24.544+0800][info] GC(66) Eden regions: 1->0(11)
[2024-09-08T05:09:24.544+0800][info] GC(66) Survivor regions: 1->1(1)
[2024-09-08T05:09:24.545+0800][info] GC(66) Old regions: 251->253
[2024-09-08T05:09:24.545+0800][info] GC(66) Archive regions: 2->2
[2024-09-08T05:09:24.545+0800][info] GC(66) Humongous regions: 0->0
[2024-09-08T05:09:24.545+0800][info] GC(66) Metaspace: 425K(576K)->425K(576K) NonClass: 399K(448K)->399K(448K) Class: 25K(128K)->25K(128K)
[2024-09-08T05:09:24.545+0800][info] GC(66) Pause Young (Normal) (G1 Preventive Collection) 253M->254M(256M) 0.558ms
[2024-09-08T05:09:24.545+0800][info] GC(66) User=0.01s Sys=0.00s Real=0.00s
[2024-09-08T05:09:24.545+0800][info] Attempting full compaction
[2024-09-08T05:09:24.545+0800][info] GC(67) Using 1 workers of 48 for full compaction
[2024-09-08T05:09:24.545+0800][info] GC(67) Pause Full (G1 Compaction Pause)
[2024-09-08T05:09:24.545+0800][info] GC(67) Phase 1: Mark live objects
[2024-09-08T05:09:24.549+0800][info] GC(67) Phase 1: Mark live objects 3.656ms
[2024-09-08T05:09:24.549+0800][info] GC(67) Phase 2: Prepare for compaction
[2024-09-08T05:09:24.550+0800][info] GC(67) Phase 2: Prepare for compaction 0.846ms
[2024-09-08T05:09:24.550+0800][info] GC(67) Phase 3: Adjust pointers
[2024-09-08T05:09:24.551+0800][info] GC(67) Phase 3: Adjust pointers 1.409ms
[2024-09-08T05:09:24.551+0800][info] GC(67) Phase 4: Compact heap
[2024-09-08T05:09:24.552+0800][info] GC(67) Phase 4: Compact heap 0.828ms
[2024-09-08T05:09:24.553+0800][info] GC(67) Eden regions: 0->0(25)
[2024-09-08T05:09:24.553+0800][info] GC(67) Survivor regions: 1->0(1)
[2024-09-08T05:09:24.553+0800][info] GC(67) Old regions: 253->50
[2024-09-08T05:09:24.553+0800][info] GC(67) Archive regions: 2->2
[2024-09-08T05:09:24.553+0800][info] GC(67) Humongous regions: 0->0
[2024-09-08T05:09:24.553+0800][info] GC(67) Metaspace: 425K(576K)->425K(576K) NonClass: 399K(448K)->399K(448K) Class: 25K(128K)->25K(128K)
[2024-09-08T05:09:24.553+0800][info] GC(67) Pause Full (G1 Compaction Pause) 254M->50M(256M) 7.894ms
[2024-09-08T05:09:24.553+0800][info] GC(67) User=0.00s Sys=0.01s Real=0.01s
[2024-09-08T05:09:24.553+0800][info] GC(61) Concurrent Mark From Roots 12.881ms
[2024-09-08T05:09:24.553+0800][info] GC(61) Concurrent Mark Abort
[2024-09-08T05:09:24.553+0800][info] GC(61) Concurrent Mark Cycle 13.736ms
[2024-09-08T05:09:24.556+0800][info] GC(68) Pause Young (Normal) (G1 Evacuation Pause)
[2024-09-08T05:09:24.556+0800][info] GC(68) Using 6 workers of 48 for evacuation
[2024-09-08T05:09:24.559+0800][info] GC(68)   Pre Evacuate Collection Set: 0.1ms
[2024-09-08T05:09:24.559+0800][info] GC(68)   Merge Heap Roots: 0.0ms
[2024-09-08T05:09:24.559+0800][info] GC(68)   Evacuate Collection Set: 2.2ms
[2024-09-08T05:09:24.559+0800][info] GC(68)   Post Evacuate Collection Set: 0.1ms
[2024-09-08T05:09:24.559+0800][info] GC(68)   Other: 0.2ms
[2024-09-08T05:09:24.559+0800][info] GC(68) Eden regions: 25->0(21)
[2024-09-08T05:09:24.559+0800][info] GC(68) Survivor regions: 0->4(4)
[2024-09-08T05:09:24.559+0800][info] GC(68) Old regions: 50->71
[2024-09-08T05:09:24.559+0800][info] GC(68) Archive regions: 2->2
[2024-09-08T05:09:24.559+0800][info] GC(68) Humongous regions: 0->0
[2024-09-08T05:09:24.559+0800][info] GC(68) Metaspace: 425K(576K)->425K(576K) NonClass: 399K(448K)->399K(448K) Class: 25K(128K)->25K(128K)
[2024-09-08T05:09:24.559+0800][info] GC(68) Pause Young (Normal) (G1 Evacuation Pause) 75M->75M(256M) 2.791ms
[2024-09-08T05:09:24.559+0800][info] GC(68) User=0.01s Sys=0.00s Real=0.01s
[2024-09-08T05:09:24.562+0800][info] GC(69) Pause Young (Normal) (G1 Evacuation Pause)
[2024-09-08T05:09:24.562+0800][info] GC(69) Using 6 workers of 48 for evacuation
[2024-09-08T05:09:24.564+0800][info] GC(69)   Pre Evacuate Collection Set: 0.1ms
[2024-09-08T05:09:24.564+0800][info] GC(69)   Merge Heap Roots: 0.0ms
[2024-09-08T05:09:24.564+0800][info] GC(69)   Evacuate Collection Set: 2.2ms
[2024-09-08T05:09:24.564+0800][info] GC(69)   Post Evacuate Collection Set: 0.1ms
[2024-09-08T05:09:24.564+0800][info] GC(69)   Other: 0.1ms
[2024-09-08T05:09:24.564+0800][info] GC(69) Eden regions: 21->0(21)
[2024-09-08T05:09:24.564+0800][info] GC(69) Survivor regions: 4->4(4)
[2024-09-08T05:09:24.564+0800][info] GC(69) Old regions: 71->93
[2024-09-08T05:09:24.564+0800][info] GC(69) Archive regions: 2->2
[2024-09-08T05:09:24.564+0800][info] GC(69) Humongous regions: 0->0
[2024-09-08T05:09:24.564+0800][info] GC(69) Metaspace: 425K(576K)->425K(576K) NonClass: 399K(448K)->399K(448K) Class: 25K(128K)->25K(128K)
[2024-09-08T05:09:24.564+0800][info] GC(69) Pause Young (Normal) (G1 Evacuation Pause) 96M->96M(256M) 2.664ms
[2024-09-08T05:09:24.564+0800][info] GC(69) User=0.01s Sys=0.00s Real=0.00s
[2024-09-08T05:09:24.567+0800][info] GC(70) Pause Young (Normal) (G1 Evacuation Pause)
[2024-09-08T05:09:24.567+0800][info] GC(70) Using 6 workers of 48 for evacuation
[2024-09-08T05:09:24.570+0800][info] GC(70)   Pre Evacuate Collection Set: 0.1ms
[2024-09-08T05:09:24.570+0800][info] GC(70)   Merge Heap Roots: 0.0ms
[2024-09-08T05:09:24.570+0800][info] GC(70)   Evacuate Collection Set: 2.1ms
[2024-09-08T05:09:24.570+0800][info] GC(70)   Post Evacuate Collection Set: 0.2ms
[2024-09-08T05:09:24.570+0800][info] GC(70)   Other: 0.2ms
[2024-09-08T05:09:24.570+0800][info] GC(70) Eden regions: 21->0(21)
[2024-09-08T05:09:24.570+0800][info] GC(70) Survivor regions: 4->4(4)
[2024-09-08T05:09:24.570+0800][info] GC(70) Old regions: 93->113
[2024-09-08T05:09:24.570+0800][info] GC(70) Archive regions: 2->2
[2024-09-08T05:09:24.570+0800][info] GC(70) Humongous regions: 0->0
[2024-09-08T05:09:24.570+0800][info] GC(70) Metaspace: 425K(576K)->425K(576K) NonClass: 399K(448K)->399K(448K) Class: 25K(128K)->25K(128K)
[2024-09-08T05:09:24.570+0800][info] GC(70) Pause Young (Normal) (G1 Evacuation Pause) 117M->117M(256M) 2.696ms
[2024-09-08T05:09:24.570+0800][info] GC(70) User=0.02s Sys=0.00s Real=0.00s
[2024-09-08T05:09:24.573+0800][info] GC(71) Pause Young (Normal) (G1 Evacuation Pause)
[2024-09-08T05:09:24.573+0800][info] GC(71) Using 6 workers of 48 for evacuation
[2024-09-08T05:09:24.575+0800][info] GC(71)   Pre Evacuate Collection Set: 0.1ms
[2024-09-08T05:09:24.575+0800][info] GC(71)   Merge Heap Roots: 0.0ms
[2024-09-08T05:09:24.575+0800][info] GC(71)   Evacuate Collection Set: 2.2ms
[2024-09-08T05:09:24.575+0800][info] GC(71)   Post Evacuate Collection Set: 0.2ms
[2024-09-08T05:09:24.575+0800][info] GC(71)   Other: 0.2ms
[2024-09-08T05:09:24.575+0800][info] GC(71) Eden regions: 21->0(21)
[2024-09-08T05:09:24.575+0800][info] GC(71) Survivor regions: 4->4(4)
[2024-09-08T05:09:24.575+0800][info] GC(71) Old regions: 113->134
[2024-09-08T05:09:24.575+0800][info] GC(71) Archive regions: 2->2
[2024-09-08T05:09:24.575+0800][info] GC(71) Humongous regions: 0->0
[2024-09-08T05:09:24.575+0800][info] GC(71) Metaspace: 425K(576K)->425K(576K) NonClass: 399K(448K)->399K(448K) Class: 25K(128K)->25K(128K)
[2024-09-08T05:09:24.575+0800][info] GC(71) Pause Young (Normal) (G1 Evacuation Pause) 138M->138M(256M) 2.829ms
[2024-09-08T05:09:24.575+0800][info] GC(71) User=0.01s Sys=0.00s Real=0.00s
[2024-09-08T05:09:24.578+0800][info] GC(72) Pause Young (Normal) (G1 Evacuation Pause)
[2024-09-08T05:09:24.578+0800][info] GC(72) Using 6 workers of 48 for evacuation
[2024-09-08T05:09:24.581+0800][info] GC(72)   Pre Evacuate Collection Set: 0.1ms
[2024-09-08T05:09:24.581+0800][info] GC(72)   Merge Heap Roots: 0.0ms
[2024-09-08T05:09:24.581+0800][info] GC(72)   Evacuate Collection Set: 2.1ms
[2024-09-08T05:09:24.581+0800][info] GC(72)   Post Evacuate Collection Set: 0.2ms
[2024-09-08T05:09:24.581+0800][info] GC(72)   Other: 0.2ms
[2024-09-08T05:09:24.581+0800][info] GC(72) Eden regions: 21->0(21)
[2024-09-08T05:09:24.581+0800][info] GC(72) Survivor regions: 4->4(4)
[2024-09-08T05:09:24.581+0800][info] GC(72) Old regions: 134->155
[2024-09-08T05:09:24.581+0800][info] GC(72) Archive regions: 2->2
[2024-09-08T05:09:24.581+0800][info] GC(72) Humongous regions: 0->0
[2024-09-08T05:09:24.581+0800][info] GC(72) Metaspace: 425K(576K)->425K(576K) NonClass: 399K(448K)->399K(448K) Class: 25K(128K)->25K(128K)
[2024-09-08T05:09:24.581+0800][info] GC(72) Pause Young (Normal) (G1 Evacuation Pause) 159M->158M(256M) 2.696ms
[2024-09-08T05:09:24.581+0800][info] GC(72) User=0.01s Sys=0.01s Real=0.00s
[2024-09-08T05:09:24.583+0800][info] GC(73) Pause Young (Normal) (G1 Evacuation Pause)
[2024-09-08T05:09:24.583+0800][info] GC(73) Using 6 workers of 48 for evacuation
[2024-09-08T05:09:24.586+0800][info] GC(73)   Pre Evacuate Collection Set: 0.1ms
[2024-09-08T05:09:24.586+0800][info] GC(73)   Merge Heap Roots: 0.0ms
[2024-09-08T05:09:24.586+0800][info] GC(73)   Evacuate Collection Set: 2.1ms
[2024-09-08T05:09:24.586+0800][info] GC(73)   Post Evacuate Collection Set: 0.2ms
[2024-09-08T05:09:24.586+0800][info] GC(73)   Other: 0.2ms
[2024-09-08T05:09:24.586+0800][info] GC(73) Eden regions: 21->0(21)
[2024-09-08T05:09:24.586+0800][info] GC(73) Survivor regions: 4->4(4)
[2024-09-08T05:09:24.586+0800][info] GC(73) Old regions: 155->176
[2024-09-08T05:09:24.586+0800][info] GC(73) Archive regions: 2->2
[2024-09-08T05:09:24.586+0800][info] GC(73) Humongous regions: 0->0
[2024-09-08T05:09:24.586+0800][info] GC(73) Metaspace: 425K(576K)->425K(576K) NonClass: 399K(448K)->399K(448K) Class: 25K(128K)->25K(128K)
[2024-09-08T05:09:24.586+0800][info] GC(73) Pause Young (Normal) (G1 Evacuation Pause) 179M->179M(256M) 2.662ms
[2024-09-08T05:09:24.586+0800][info] GC(73) User=0.01s Sys=0.01s Real=0.01s
[2024-09-08T05:09:24.588+0800][info] GC(74) Pause Young (Normal) (G1 Evacuation Pause)
[2024-09-08T05:09:24.588+0800][info] GC(74) Using 6 workers of 48 for evacuation
[2024-09-08T05:09:24.591+0800][info] GC(74)   Pre Evacuate Collection Set: 0.1ms
[2024-09-08T05:09:24.591+0800][info] GC(74)   Merge Heap Roots: 0.0ms
[2024-09-08T05:09:24.591+0800][info] GC(74)   Evacuate Collection Set: 2.1ms
[2024-09-08T05:09:24.591+0800][info] GC(74)   Post Evacuate Collection Set: 0.1ms
[2024-09-08T05:09:24.591+0800][info] GC(74)   Other: 0.1ms
[2024-09-08T05:09:24.591+0800][info] GC(74) Eden regions: 21->0(15)
[2024-09-08T05:09:24.591+0800][info] GC(74) Survivor regions: 4->4(4)
[2024-09-08T05:09:24.591+0800][info] GC(74) Old regions: 176->197
[2024-09-08T05:09:24.591+0800][info] GC(74) Archive regions: 2->2
[2024-09-08T05:09:24.591+0800][info] GC(74) Humongous regions: 0->0
[2024-09-08T05:09:24.591+0800][info] GC(74) Metaspace: 425K(576K)->425K(576K) NonClass: 399K(448K)->399K(448K) Class: 25K(128K)->25K(128K)
[2024-09-08T05:09:24.591+0800][info] GC(74) Pause Young (Normal) (G1 Evacuation Pause) 200M->200M(256M) 2.667ms
[2024-09-08T05:09:24.591+0800][info] GC(74) User=0.01s Sys=0.00s Real=0.00s
[2024-09-08T05:09:24.593+0800][info] GC(75) Pause Young (Normal) (G1 Evacuation Pause)
[2024-09-08T05:09:24.593+0800][info] GC(75) Using 6 workers of 48 for evacuation
[2024-09-08T05:09:24.595+0800][info] GC(75)   Pre Evacuate Collection Set: 0.1ms
[2024-09-08T05:09:24.595+0800][info] GC(75)   Merge Heap Roots: 0.0ms
[2024-09-08T05:09:24.595+0800][info] GC(75)   Evacuate Collection Set: 1.6ms
[2024-09-08T05:09:24.595+0800][info] GC(75)   Post Evacuate Collection Set: 0.2ms
[2024-09-08T05:09:24.595+0800][info] GC(75)   Other: 0.1ms
[2024-09-08T05:09:24.595+0800][info] GC(75) Eden regions: 15->0(11)
[2024-09-08T05:09:24.595+0800][info] GC(75) Survivor regions: 4->3(3)
[2024-09-08T05:09:24.595+0800][info] GC(75) Old regions: 197->213
[2024-09-08T05:09:24.595+0800][info] GC(75) Archive regions: 2->2
[2024-09-08T05:09:24.595+0800][info] GC(75) Humongous regions: 0->0
[2024-09-08T05:09:24.595+0800][info] GC(75) Metaspace: 425K(576K)->425K(576K) NonClass: 399K(448K)->399K(448K) Class: 25K(128K)->25K(128K)
[2024-09-08T05:09:24.595+0800][info] GC(75) Pause Young (Normal) (G1 Evacuation Pause) 215M->215M(256M) 2.061ms
[2024-09-08T05:09:24.595+0800][info] GC(75) User=0.00s Sys=0.00s Real=0.00s
[2024-09-08T05:09:24.596+0800][info] GC(76) Pause Young (Normal) (G1 Evacuation Pause)
[2024-09-08T05:09:24.596+0800][info] GC(76) Using 6 workers of 48 for evacuation
[2024-09-08T05:09:24.598+0800][info] GC(76)   Pre Evacuate Collection Set: 0.1ms
[2024-09-08T05:09:24.598+0800][info] GC(76)   Merge Heap Roots: 0.0ms
[2024-09-08T05:09:24.598+0800][info] GC(76)   Evacuate Collection Set: 1.2ms
[2024-09-08T05:09:24.598+0800][info] GC(76)   Post Evacuate Collection Set: 0.1ms
[2024-09-08T05:09:24.598+0800][info] GC(76)   Other: 0.1ms
[2024-09-08T05:09:24.598+0800][info] GC(76) Eden regions: 11->0(10)
[2024-09-08T05:09:24.598+0800][info] GC(76) Survivor regions: 3->2(2)
[2024-09-08T05:09:24.598+0800][info] GC(76) Old regions: 213->225
[2024-09-08T05:09:24.598+0800][info] GC(76) Archive regions: 2->2
[2024-09-08T05:09:24.598+0800][info] GC(76) Humongous regions: 0->0
[2024-09-08T05:09:24.598+0800][info] GC(76) Metaspace: 425K(576K)->425K(576K) NonClass: 399K(448K)->399K(448K) Class: 25K(128K)->25K(128K)
[2024-09-08T05:09:24.598+0800][info] GC(76) Pause Young (Normal) (G1 Evacuation Pause) 226M->226M(256M) 1.650ms
[2024-09-08T05:09:24.598+0800][info] GC(76) User=0.01s Sys=0.00s Real=0.01s
[2024-09-08T05:09:24.599+0800][info] GC(77) Pause Young (Normal) (G1 Evacuation Pause)
[2024-09-08T05:09:24.599+0800][info] GC(77) Using 6 workers of 48 for evacuation
[2024-09-08T05:09:24.600+0800][info] GC(77)   Pre Evacuate Collection Set: 0.1ms
[2024-09-08T05:09:24.600+0800][info] GC(77)   Merge Heap Roots: 0.0ms
[2024-09-08T05:09:24.600+0800][info] GC(77)   Evacuate Collection Set: 1.1ms
[2024-09-08T05:09:24.600+0800][info] GC(77)   Post Evacuate Collection Set: 0.1ms
[2024-09-08T05:09:24.600+0800][info] GC(77)   Other: 0.1ms
[2024-09-08T05:09:24.600+0800][info] GC(77) Eden regions: 10->0(10)
[2024-09-08T05:09:24.600+0800][info] GC(77) Survivor regions: 2->2(2)
[2024-09-08T05:09:24.600+0800][info] GC(77) Old regions: 225->235
[2024-09-08T05:09:24.600+0800][info] GC(77) Archive regions: 2->2
[2024-09-08T05:09:24.600+0800][info] GC(77) Humongous regions: 0->0
[2024-09-08T05:09:24.600+0800][info] GC(77) Metaspace: 425K(576K)->425K(576K) NonClass: 399K(448K)->399K(448K) Class: 25K(128K)->25K(128K)
[2024-09-08T05:09:24.601+0800][info] GC(77) Pause Young (Normal) (G1 Evacuation Pause) 236M->236M(256M) 1.547ms
[2024-09-08T05:09:24.601+0800][info] GC(77) User=0.01s Sys=0.00s Real=0.00s
[2024-09-08T05:09:24.602+0800][info] GC(78) Pause Young (Normal) (G1 Preventive Collection)
[2024-09-08T05:09:24.602+0800][info] GC(78) Using 6 workers of 48 for evacuation
[2024-09-08T05:09:24.603+0800][info] GC(78)   Pre Evacuate Collection Set: 0.0ms
[2024-09-08T05:09:24.603+0800][info] GC(78)   Merge Heap Roots: 0.0ms
[2024-09-08T05:09:24.603+0800][info] GC(78)   Evacuate Collection Set: 0.7ms
[2024-09-08T05:09:24.603+0800][info] GC(78)   Post Evacuate Collection Set: 0.1ms
[2024-09-08T05:09:24.603+0800][info] GC(78)   Other: 0.1ms
[2024-09-08T05:09:24.603+0800][info] GC(78) Eden regions: 7->0(10)
[2024-09-08T05:09:24.603+0800][info] GC(78) Survivor regions: 2->2(2)
[2024-09-08T05:09:24.603+0800][info] GC(78) Old regions: 235->242
[2024-09-08T05:09:24.603+0800][info] GC(78) Archive regions: 2->2
[2024-09-08T05:09:24.603+0800][info] GC(78) Humongous regions: 0->0
[2024-09-08T05:09:24.603+0800][info] GC(78) Metaspace: 425K(576K)->425K(576K) NonClass: 399K(448K)->399K(448K) Class: 25K(128K)->25K(128K)
[2024-09-08T05:09:24.603+0800][info] GC(78) Pause Young (Normal) (G1 Preventive Collection) 243M->243M(256M) 1.012ms
[2024-09-08T05:09:24.603+0800][info] GC(78) User=0.01s Sys=0.00s Real=0.00s
[2024-09-08T05:09:24.603+0800][info] GC(79) Pause Young (Concurrent Start) (G1 Preventive Collection)
[2024-09-08T05:09:24.603+0800][info] GC(79) Using 6 workers of 48 for evacuation
[2024-09-08T05:09:24.604+0800][info] GC(79)   Pre Evacuate Collection Set: 0.0ms
[2024-09-08T05:09:24.604+0800][info] GC(79)   Merge Heap Roots: 0.0ms
[2024-09-08T05:09:24.604+0800][info] GC(79)   Evacuate Collection Set: 0.4ms
[2024-09-08T05:09:24.604+0800][info] GC(79)   Post Evacuate Collection Set: 0.1ms
[2024-09-08T05:09:24.604+0800][info] GC(79)   Other: 0.2ms
[2024-09-08T05:09:24.604+0800][info] GC(79) Eden regions: 3->0(10)
[2024-09-08T05:09:24.604+0800][info] GC(79) Survivor regions: 2->2(2)
[2024-09-08T05:09:24.604+0800][info] GC(79) Old regions: 242->245
[2024-09-08T05:09:24.604+0800][info] GC(79) Archive regions: 2->2
[2024-09-08T05:09:24.604+0800][info] GC(79) Humongous regions: 0->0
[2024-09-08T05:09:24.604+0800][info] GC(79) Metaspace: 425K(576K)->425K(576K) NonClass: 399K(448K)->399K(448K) Class: 25K(128K)->25K(128K)
[2024-09-08T05:09:24.604+0800][info] GC(79) Pause Young (Concurrent Start) (G1 Preventive Collection) 246M->246M(256M) 0.873ms
[2024-09-08T05:09:24.604+0800][info] GC(79) User=0.00s Sys=0.00s Real=0.00s
[2024-09-08T05:09:24.604+0800][info] GC(80) Concurrent Mark Cycle
[2024-09-08T05:09:24.604+0800][info] GC(80) Concurrent Clear Claimed Marks
[2024-09-08T05:09:24.604+0800][info] GC(80) Concurrent Clear Claimed Marks 0.015ms
[2024-09-08T05:09:24.604+0800][info] GC(80) Concurrent Scan Root Regions
[2024-09-08T05:09:24.605+0800][info] GC(80) Concurrent Scan Root Regions 0.755ms
[2024-09-08T05:09:24.605+0800][info] GC(80) Concurrent Mark
[2024-09-08T05:09:24.605+0800][info] GC(80) Concurrent Mark From Roots
[2024-09-08T05:09:24.605+0800][info] GC(80) Using 12 workers of 12 for marking
[2024-09-08T05:09:24.605+0800][info] GC(81) Pause Young (Normal) (G1 Preventive Collection)
[2024-09-08T05:09:24.605+0800][info] GC(81) Using 6 workers of 48 for evacuation
[2024-09-08T05:09:24.605+0800][info] GC(81)   Pre Evacuate Collection Set: 0.6ms
[2024-09-08T05:09:24.605+0800][info] GC(81)   Merge Heap Roots: 0.0ms
[2024-09-08T05:09:24.605+0800][info] GC(81)   Evacuate Collection Set: 0.3ms
[2024-09-08T05:09:24.605+0800][info] GC(81)   Post Evacuate Collection Set: 0.1ms
[2024-09-08T05:09:24.606+0800][info] GC(81)   Other: 0.2ms
[2024-09-08T05:09:24.606+0800][info] GC(81) Eden regions: 2->0(10)
[2024-09-08T05:09:24.606+0800][info] GC(81) Survivor regions: 2->2(2)
[2024-09-08T05:09:24.606+0800][info] GC(81) Old regions: 245->247
[2024-09-08T05:09:24.606+0800][info] GC(81) Archive regions: 2->2
[2024-09-08T05:09:24.606+0800][info] GC(81) Humongous regions: 0->0
[2024-09-08T05:09:24.606+0800][info] GC(81) Metaspace: 425K(576K)->425K(576K) NonClass: 399K(448K)->399K(448K) Class: 25K(128K)->25K(128K)
[2024-09-08T05:09:24.606+0800][info] GC(81) Pause Young (Normal) (G1 Preventive Collection) 248M->248M(256M) 0.739ms
[2024-09-08T05:09:24.606+0800][info] GC(81) User=0.00s Sys=0.00s Real=0.00s
[2024-09-08T05:09:24.606+0800][info] GC(82) Pause Young (Normal) (G1 Preventive Collection)
[2024-09-08T05:09:24.606+0800][info] GC(82) Using 6 workers of 48 for evacuation
[2024-09-08T05:09:24.606+0800][info] GC(82)   Pre Evacuate Collection Set: 0.1ms
[2024-09-08T05:09:24.606+0800][info] GC(82)   Merge Heap Roots: 0.0ms
[2024-09-08T05:09:24.606+0800][info] GC(82)   Evacuate Collection Set: 0.3ms
[2024-09-08T05:09:24.606+0800][info] GC(82)   Post Evacuate Collection Set: 0.1ms
[2024-09-08T05:09:24.606+0800][info] GC(82)   Other: 0.1ms
[2024-09-08T05:09:24.606+0800][info] GC(82) Eden regions: 1->0(11)
[2024-09-08T05:09:24.606+0800][info] GC(82) Survivor regions: 2->1(2)
[2024-09-08T05:09:24.606+0800][info] GC(82) Old regions: 247->249
[2024-09-08T05:09:24.607+0800][info] GC(82) Archive regions: 2->2
[2024-09-08T05:09:24.607+0800][info] GC(82) Humongous regions: 0->0
[2024-09-08T05:09:24.607+0800][info] GC(82) Metaspace: 425K(576K)->425K(576K) NonClass: 399K(448K)->399K(448K) Class: 25K(128K)->25K(128K)
[2024-09-08T05:09:24.607+0800][info] GC(82) Pause Young (Normal) (G1 Preventive Collection) 249M->249M(256M) 0.671ms
[2024-09-08T05:09:24.607+0800][info] GC(82) User=0.01s Sys=0.00s Real=0.00s
[2024-09-08T05:09:24.607+0800][info] GC(83) Pause Young (Normal) (G1 Preventive Collection)
[2024-09-08T05:09:24.607+0800][info] GC(83) Using 6 workers of 48 for evacuation
[2024-09-08T05:09:24.607+0800][info] GC(83)   Pre Evacuate Collection Set: 0.1ms
[2024-09-08T05:09:24.607+0800][info] GC(83)   Merge Heap Roots: 0.0ms
[2024-09-08T05:09:24.607+0800][info] GC(83)   Evacuate Collection Set: 0.2ms
[2024-09-08T05:09:24.607+0800][info] GC(83)   Post Evacuate Collection Set: 0.1ms
[2024-09-08T05:09:24.607+0800][info] GC(83)   Other: 0.1ms
[2024-09-08T05:09:24.607+0800][info] GC(83) Eden regions: 1->0(10)
[2024-09-08T05:09:24.607+0800][info] GC(83) Survivor regions: 1->2(2)
[2024-09-08T05:09:24.607+0800][info] GC(83) Old regions: 249->249
[2024-09-08T05:09:24.607+0800][info] GC(83) Archive regions: 2->2
[2024-09-08T05:09:24.607+0800][info] GC(83) Humongous regions: 0->0
[2024-09-08T05:09:24.607+0800][info] GC(83) Metaspace: 425K(576K)->425K(576K) NonClass: 399K(448K)->399K(448K) Class: 25K(128K)->25K(128K)
[2024-09-08T05:09:24.607+0800][info] GC(83) Pause Young (Normal) (G1 Preventive Collection) 250M->250M(256M) 0.596ms
[2024-09-08T05:09:24.608+0800][info] GC(83) User=0.00s Sys=0.00s Real=0.00s
[2024-09-08T05:09:24.608+0800][info] GC(84) Pause Young (Normal) (G1 Preventive Collection)
[2024-09-08T05:09:24.608+0800][info] GC(84) Using 6 workers of 48 for evacuation
[2024-09-08T05:09:24.608+0800][info] GC(84) To-space exhausted
[2024-09-08T05:09:24.608+0800][info] GC(84)   Pre Evacuate Collection Set: 0.1ms
[2024-09-08T05:09:24.609+0800][info] GC(84)   Merge Heap Roots: 0.0ms
[2024-09-08T05:09:24.609+0800][info] GC(84)   Evacuate Collection Set: 0.2ms
[2024-09-08T05:09:24.609+0800][info] GC(84)   Post Evacuate Collection Set: 0.1ms
[2024-09-08T05:09:24.609+0800][info] GC(84)   Other: 0.1ms
[2024-09-08T05:09:24.609+0800][info] GC(84) Eden regions: 1->0(11)
[2024-09-08T05:09:24.609+0800][info] GC(84) Survivor regions: 2->1(2)
[2024-09-08T05:09:24.609+0800][info] GC(84) Old regions: 249->253
[2024-09-08T05:09:24.609+0800][info] GC(84) Archive regions: 2->2
[2024-09-08T05:09:24.609+0800][info] GC(84) Humongous regions: 0->0
[2024-09-08T05:09:24.609+0800][info] GC(84) Metaspace: 425K(576K)->425K(576K) NonClass: 399K(448K)->399K(448K) Class: 25K(128K)->25K(128K)
[2024-09-08T05:09:24.609+0800][info] GC(84) Pause Young (Normal) (G1 Preventive Collection) 251M->254M(256M) 0.692ms
[2024-09-08T05:09:24.609+0800][info] GC(84) User=0.00s Sys=0.00s Real=0.00s
[2024-09-08T05:09:24.609+0800][info] Attempting full compaction
[2024-09-08T05:09:24.609+0800][info] GC(85) Using 1 workers of 48 for full compaction
[2024-09-08T05:09:24.609+0800][info] GC(85) Pause Full (G1 Compaction Pause)
[2024-09-08T05:09:24.609+0800][info] GC(85) Phase 1: Mark live objects
[2024-09-08T05:09:24.612+0800][info] GC(85) Phase 1: Mark live objects 3.179ms
[2024-09-08T05:09:24.612+0800][info] GC(85) Phase 2: Prepare for compaction
[2024-09-08T05:09:24.613+0800][info] GC(85) Phase 2: Prepare for compaction 1.028ms
[2024-09-08T05:09:24.613+0800][info] GC(85) Phase 3: Adjust pointers
[2024-09-08T05:09:24.616+0800][info] GC(85) Phase 3: Adjust pointers 2.309ms
[2024-09-08T05:09:24.616+0800][info] GC(85) Phase 4: Compact heap
[2024-09-08T05:09:24.618+0800][info] GC(85) Phase 4: Compact heap 2.114ms
[2024-09-08T05:09:24.619+0800][info] GC(85) Eden regions: 0->0(25)
[2024-09-08T05:09:24.619+0800][info] GC(85) Survivor regions: 1->0(2)
[2024-09-08T05:09:24.619+0800][info] GC(85) Old regions: 253->49
[2024-09-08T05:09:24.619+0800][info] GC(85) Archive regions: 2->2
[2024-09-08T05:09:24.619+0800][info] GC(85) Humongous regions: 0->0
[2024-09-08T05:09:24.619+0800][info] GC(85) Metaspace: 425K(576K)->425K(576K) NonClass: 399K(448K)->399K(448K) Class: 25K(128K)->25K(128K)
[2024-09-08T05:09:24.619+0800][info] GC(85) Pause Full (G1 Compaction Pause) 254M->49M(256M) 9.946ms
[2024-09-08T05:09:24.619+0800][info] GC(85) User=0.01s Sys=0.00s Real=0.01s
[2024-09-08T05:09:24.619+0800][info] GC(80) Concurrent Mark From Roots 14.099ms
[2024-09-08T05:09:24.619+0800][info] GC(80) Concurrent Mark Abort
[2024-09-08T05:09:24.619+0800][info] GC(80) Concurrent Mark Cycle 15.016ms
[2024-09-08T05:09:24.623+0800][info] GC(86) Pause Young (Normal) (G1 Evacuation Pause)
[2024-09-08T05:09:24.623+0800][info] GC(86) Using 6 workers of 48 for evacuation
[2024-09-08T05:09:24.626+0800][info] GC(86)   Pre Evacuate Collection Set: 0.1ms
[2024-09-08T05:09:24.626+0800][info] GC(86)   Merge Heap Roots: 0.0ms
[2024-09-08T05:09:24.626+0800][info] GC(86)   Evacuate Collection Set: 2.1ms
[2024-09-08T05:09:24.626+0800][info] GC(86)   Post Evacuate Collection Set: 0.2ms
[2024-09-08T05:09:24.626+0800][info] GC(86)   Other: 0.2ms
[2024-09-08T05:09:24.626+0800][info] GC(86) Eden regions: 25->0(21)
[2024-09-08T05:09:24.626+0800][info] GC(86) Survivor regions: 0->4(4)
[2024-09-08T05:09:24.626+0800][info] GC(86) Old regions: 49->70
[2024-09-08T05:09:24.626+0800][info] GC(86) Archive regions: 2->2
[2024-09-08T05:09:24.626+0800][info] GC(86) Humongous regions: 0->0
[2024-09-08T05:09:24.626+0800][info] GC(86) Metaspace: 425K(576K)->425K(576K) NonClass: 399K(448K)->399K(448K) Class: 25K(128K)->25K(128K)
[2024-09-08T05:09:24.626+0800][info] GC(86) Pause Young (Normal) (G1 Evacuation Pause) 74M->73M(256M) 2.648ms
[2024-09-08T05:09:24.626+0800][info] GC(86) User=0.01s Sys=0.00s Real=0.01s
[2024-09-08T05:09:24.630+0800][info] GC(87) Pause Young (Normal) (G1 Evacuation Pause)
[2024-09-08T05:09:24.630+0800][info] GC(87) Using 6 workers of 48 for evacuation
[2024-09-08T05:09:24.632+0800][info] GC(87)   Pre Evacuate Collection Set: 0.1ms
[2024-09-08T05:09:24.632+0800][info] GC(87)   Merge Heap Roots: 0.0ms
[2024-09-08T05:09:24.632+0800][info] GC(87)   Evacuate Collection Set: 1.9ms
[2024-09-08T05:09:24.632+0800][info] GC(87)   Post Evacuate Collection Set: 0.1ms
[2024-09-08T05:09:24.632+0800][info] GC(87)   Other: 0.2ms
[2024-09-08T05:09:24.632+0800][info] GC(87) Eden regions: 21->0(21)
[2024-09-08T05:09:24.632+0800][info] GC(87) Survivor regions: 4->4(4)
[2024-09-08T05:09:24.632+0800][info] GC(87) Old regions: 70->91
[2024-09-08T05:09:24.632+0800][info] GC(87) Archive regions: 2->2
[2024-09-08T05:09:24.632+0800][info] GC(87) Humongous regions: 0->0
[2024-09-08T05:09:24.632+0800][info] GC(87) Metaspace: 425K(576K)->425K(576K) NonClass: 399K(448K)->399K(448K) Class: 25K(128K)->25K(128K)
[2024-09-08T05:09:24.632+0800][info] GC(87) Pause Young (Normal) (G1 Evacuation Pause) 94M->95M(256M) 2.442ms
[2024-09-08T05:09:24.632+0800][info] GC(87) User=0.02s Sys=0.01s Real=0.00s
[2024-09-08T05:09:24.636+0800][info] GC(88) Pause Young (Normal) (G1 Evacuation Pause)
[2024-09-08T05:09:24.636+0800][info] GC(88) Using 6 workers of 48 for evacuation
[2024-09-08T05:09:24.639+0800][info] GC(88)   Pre Evacuate Collection Set: 0.1ms
[2024-09-08T05:09:24.639+0800][info] GC(88)   Merge Heap Roots: 0.0ms
[2024-09-08T05:09:24.639+0800][info] GC(88)   Evacuate Collection Set: 2.0ms
[2024-09-08T05:09:24.639+0800][info] GC(88)   Post Evacuate Collection Set: 0.2ms
[2024-09-08T05:09:24.639+0800][info] GC(88)   Other: 0.2ms
[2024-09-08T05:09:24.639+0800][info] GC(88) Eden regions: 21->0(21)
[2024-09-08T05:09:24.639+0800][info] GC(88) Survivor regions: 4->4(4)
[2024-09-08T05:09:24.639+0800][info] GC(88) Old regions: 91->112
[2024-09-08T05:09:24.639+0800][info] GC(88) Archive regions: 2->2
[2024-09-08T05:09:24.639+0800][info] GC(88) Humongous regions: 0->0
[2024-09-08T05:09:24.639+0800][info] GC(88) Metaspace: 425K(576K)->425K(576K) NonClass: 399K(448K)->399K(448K) Class: 25K(128K)->25K(128K)
[2024-09-08T05:09:24.639+0800][info] GC(88) Pause Young (Normal) (G1 Evacuation Pause) 115M->115M(256M) 2.638ms
[2024-09-08T05:09:24.639+0800][info] GC(88) User=0.01s Sys=0.00s Real=0.01s
[2024-09-08T05:09:24.642+0800][info] GC(89) Pause Young (Normal) (G1 Evacuation Pause)
[2024-09-08T05:09:24.642+0800][info] GC(89) Using 6 workers of 48 for evacuation
[2024-09-08T05:09:24.645+0800][info] GC(89)   Pre Evacuate Collection Set: 0.1ms
[2024-09-08T05:09:24.645+0800][info] GC(89)   Merge Heap Roots: 0.0ms
[2024-09-08T05:09:24.645+0800][info] GC(89)   Evacuate Collection Set: 2.1ms
[2024-09-08T05:09:24.645+0800][info] GC(89)   Post Evacuate Collection Set: 0.2ms
[2024-09-08T05:09:24.645+0800][info] GC(89)   Other: 0.2ms
[2024-09-08T05:09:24.645+0800][info] GC(89) Eden regions: 21->0(21)
[2024-09-08T05:09:24.645+0800][info] GC(89) Survivor regions: 4->4(4)
[2024-09-08T05:09:24.645+0800][info] GC(89) Old regions: 112->133
[2024-09-08T05:09:24.645+0800][info] GC(89) Archive regions: 2->2
[2024-09-08T05:09:24.645+0800][info] GC(89) Humongous regions: 0->0
[2024-09-08T05:09:24.645+0800][info] GC(89) Metaspace: 425K(576K)->425K(576K) NonClass: 399K(448K)->399K(448K) Class: 25K(128K)->25K(128K)
[2024-09-08T05:09:24.645+0800][info] GC(89) Pause Young (Normal) (G1 Evacuation Pause) 136M->136M(256M) 2.773ms
[2024-09-08T05:09:24.645+0800][info] GC(89) User=0.02s Sys=0.00s Real=0.01s
[2024-09-08T05:09:24.649+0800][info] GC(90) Pause Young (Normal) (G1 Evacuation Pause)
[2024-09-08T05:09:24.649+0800][info] GC(90) Using 6 workers of 48 for evacuation
[2024-09-08T05:09:24.651+0800][info] GC(90)   Pre Evacuate Collection Set: 0.1ms
[2024-09-08T05:09:24.651+0800][info] GC(90)   Merge Heap Roots: 0.0ms
[2024-09-08T05:09:24.651+0800][info] GC(90)   Evacuate Collection Set: 2.1ms
[2024-09-08T05:09:24.651+0800][info] GC(90)   Post Evacuate Collection Set: 0.2ms
[2024-09-08T05:09:24.651+0800][info] GC(90)   Other: 0.2ms
[2024-09-08T05:09:24.651+0800][info] GC(90) Eden regions: 21->0(21)
[2024-09-08T05:09:24.651+0800][info] GC(90) Survivor regions: 4->4(4)
[2024-09-08T05:09:24.651+0800][info] GC(90) Old regions: 133->154
[2024-09-08T05:09:24.651+0800][info] GC(90) Archive regions: 2->2
[2024-09-08T05:09:24.651+0800][info] GC(90) Humongous regions: 0->0
[2024-09-08T05:09:24.651+0800][info] GC(90) Metaspace: 425K(576K)->425K(576K) NonClass: 399K(448K)->399K(448K) Class: 25K(128K)->25K(128K)
[2024-09-08T05:09:24.651+0800][info] GC(90) Pause Young (Normal) (G1 Evacuation Pause) 157M->157M(256M) 2.727ms
[2024-09-08T05:09:24.651+0800][info] GC(90) User=0.01s Sys=0.00s Real=0.00s
[2024-09-08T05:09:24.655+0800][info] GC(91) Pause Young (Normal) (G1 Evacuation Pause)
[2024-09-08T05:09:24.655+0800][info] GC(91) Using 6 workers of 48 for evacuation
[2024-09-08T05:09:24.658+0800][info] GC(91)   Pre Evacuate Collection Set: 0.1ms
[2024-09-08T05:09:24.658+0800][info] GC(91)   Merge Heap Roots: 0.0ms
[2024-09-08T05:09:24.658+0800][info] GC(91)   Evacuate Collection Set: 2.3ms
[2024-09-08T05:09:24.658+0800][info] GC(91)   Post Evacuate Collection Set: 0.2ms
[2024-09-08T05:09:24.658+0800][info] GC(91)   Other: 0.2ms
[2024-09-08T05:09:24.658+0800][info] GC(91) Eden regions: 21->0(21)
[2024-09-08T05:09:24.658+0800][info] GC(91) Survivor regions: 4->4(4)
[2024-09-08T05:09:24.658+0800][info] GC(91) Old regions: 154->175
[2024-09-08T05:09:24.658+0800][info] GC(91) Archive regions: 2->2
[2024-09-08T05:09:24.658+0800][info] GC(91) Humongous regions: 0->0
[2024-09-08T05:09:24.658+0800][info] GC(91) Metaspace: 425K(576K)->425K(576K) NonClass: 399K(448K)->399K(448K) Class: 25K(128K)->25K(128K)
[2024-09-08T05:09:24.658+0800][info] GC(91) Pause Young (Normal) (G1 Evacuation Pause) 178M->178M(256M) 2.908ms
[2024-09-08T05:09:24.658+0800][info] GC(91) User=0.01s Sys=0.00s Real=0.01s
[2024-09-08T05:09:24.661+0800][info] GC(92) Pause Young (Normal) (G1 Evacuation Pause)
[2024-09-08T05:09:24.661+0800][info] GC(92) Using 6 workers of 48 for evacuation
[2024-09-08T05:09:24.664+0800][info] GC(92)   Pre Evacuate Collection Set: 0.1ms
[2024-09-08T05:09:24.664+0800][info] GC(92)   Merge Heap Roots: 0.0ms
[2024-09-08T05:09:24.664+0800][info] GC(92)   Evacuate Collection Set: 2.1ms
[2024-09-08T05:09:24.664+0800][info] GC(92)   Post Evacuate Collection Set: 0.2ms
[2024-09-08T05:09:24.664+0800][info] GC(92)   Other: 0.2ms
[2024-09-08T05:09:24.664+0800][info] GC(92) Eden regions: 21->0(16)
[2024-09-08T05:09:24.664+0800][info] GC(92) Survivor regions: 4->4(4)
[2024-09-08T05:09:24.664+0800][info] GC(92) Old regions: 175->196
[2024-09-08T05:09:24.664+0800][info] GC(92) Archive regions: 2->2
[2024-09-08T05:09:24.664+0800][info] GC(92) Humongous regions: 0->0
[2024-09-08T05:09:24.664+0800][info] GC(92) Metaspace: 425K(576K)->425K(576K) NonClass: 399K(448K)->399K(448K) Class: 25K(128K)->25K(128K)
[2024-09-08T05:09:24.664+0800][info] GC(92) Pause Young (Normal) (G1 Evacuation Pause) 199M->199M(256M) 2.717ms
[2024-09-08T05:09:24.664+0800][info] GC(92) User=0.01s Sys=0.01s Real=0.00s
[2024-09-08T05:09:24.665+0800][info] GC(93) Pause Young (Concurrent Start) (WhiteBox Initiated Concurrent Mark)
[2024-09-08T05:09:24.665+0800][info] GC(93) Using 6 workers of 48 for evacuation
[2024-09-08T05:09:24.666+0800][info] GC(93)   Pre Evacuate Collection Set: 0.1ms
[2024-09-08T05:09:24.667+0800][info] GC(93)   Merge Heap Roots: 0.0ms
[2024-09-08T05:09:24.667+0800][info] GC(93)   Evacuate Collection Set: 0.7ms
[2024-09-08T05:09:24.667+0800][info] GC(93)   Post Evacuate Collection Set: 0.1ms
[2024-09-08T05:09:24.667+0800][info] GC(93)   Other: 0.3ms
[2024-09-08T05:09:24.667+0800][info] GC(93) Eden regions: 5->0(15)
[2024-09-08T05:09:24.667+0800][info] GC(93) Survivor regions: 4->3(3)
[2024-09-08T05:09:24.667+0800][info] GC(93) Old regions: 196->201
[2024-09-08T05:09:24.667+0800][info] GC(93) Archive regions: 2->2
[2024-09-08T05:09:24.667+0800][info] GC(93) Humongous regions: 0->0
[2024-09-08T05:09:24.667+0800][info] GC(93) Metaspace: 425K(576K)->425K(576K) NonClass: 399K(448K)->399K(448K) Class: 25K(128K)->25K(128K)
[2024-09-08T05:09:24.667+0800][info] GC(93) Pause Young (Concurrent Start) (WhiteBox Initiated Concurrent Mark) 203M->203M(256M) 1.380ms
[2024-09-08T05:09:24.667+0800][info] GC(93) User=0.01s Sys=0.00s Real=0.00s
[2024-09-08T05:09:24.667+0800][info] GC(94) Concurrent Mark Cycle
[2024-09-08T05:09:24.667+0800][info] GC(94) Concurrent Clear Claimed Marks
[2024-09-08T05:09:24.667+0800][info] GC(94) Concurrent Clear Claimed Marks 0.017ms
[2024-09-08T05:09:24.667+0800][info] GC(94) Concurrent Scan Root Regions
[2024-09-08T05:09:24.668+0800][info] GC(94) Concurrent Scan Root Regions 1.554ms
[2024-09-08T05:09:24.668+0800][info] GC(94) Concurrent Mark
[2024-09-08T05:09:24.668+0800][info] GC(94) Concurrent Mark From Roots
[2024-09-08T05:09:24.668+0800][info] GC(94) Using 12 workers of 12 for marking
[2024-09-08T05:09:24.670+0800][info] GC(94) Concurrent Mark From Roots 2.081ms
[2024-09-08T05:09:24.670+0800][info] GC(94) Concurrent Preclean
[2024-09-08T05:09:24.672+0800][info] GC(94) Concurrent Preclean 1.771ms
[2024-09-08T05:09:24.672+0800][info] GC(94) Pause Remark
[2024-09-08T05:09:24.674+0800][info] GC(94) Pause Remark 204M->108M(256M) 2.030ms
[2024-09-08T05:09:24.674+0800][info] GC(94) User=0.01s Sys=0.00s Real=0.00s
[2024-09-08T05:09:24.675+0800][info] GC(94) Concurrent Mark 6.153ms
[2024-09-08T05:09:24.675+0800][info] GC(94) Concurrent Rebuild Remembered Sets
[2024-09-08T05:09:24.682+0800][info] GC(94) Concurrent Rebuild Remembered Sets 7.816ms
[2024-09-08T05:09:24.682+0800][info] GC(94) Pause Cleanup
[2024-09-08T05:09:24.684+0800][info] GC(94) Pause Cleanup 108M->108M(256M) 1.428ms
[2024-09-08T05:09:24.684+0800][info] GC(94) User=0.00s Sys=0.00s Real=0.00s
[2024-09-08T05:09:24.684+0800][info] GC(94) Concurrent Cleanup for Next Mark
[2024-09-08T05:09:24.684+0800][info] GC(94) Concurrent Cleanup for Next Mark 0.319ms
[2024-09-08T05:09:24.684+0800][info] GC(94) Concurrent Mark Cycle 17.545ms
[2024-09-08T05:09:25.670+0800][info] GC(95) Pause Young (Concurrent Start) (WhiteBox Initiated Concurrent Mark)
[2024-09-08T05:09:25.670+0800][info] GC(95) Using 6 workers of 48 for evacuation
[2024-09-08T05:09:25.671+0800][info] GC(95)   Pre Evacuate Collection Set: 0.1ms
[2024-09-08T05:09:25.671+0800][info] GC(95)   Merge Heap Roots: 0.0ms
[2024-09-08T05:09:25.671+0800][info] GC(95)   Evacuate Collection Set: 0.4ms
[2024-09-08T05:09:25.671+0800][info] GC(95)   Post Evacuate Collection Set: 0.7ms
[2024-09-08T05:09:25.671+0800][info] GC(95)   Other: 0.4ms
[2024-09-08T05:09:25.671+0800][info] GC(95) Eden regions: 1->0(24)
[2024-09-08T05:09:25.671+0800][info] GC(95) Survivor regions: 3->1(3)
[2024-09-08T05:09:25.671+0800][info] GC(95) Old regions: 105->108
[2024-09-08T05:09:25.671+0800][info] GC(95) Archive regions: 2->2
[2024-09-08T05:09:25.671+0800][info] GC(95) Humongous regions: 0->0
[2024-09-08T05:09:25.671+0800][info] GC(95) Metaspace: 426K(576K)->426K(576K) NonClass: 400K(448K)->400K(448K) Class: 25K(128K)->25K(128K)
[2024-09-08T05:09:25.671+0800][info] GC(95) Pause Young (Concurrent Start) (WhiteBox Initiated Concurrent Mark) 108M->108M(256M) 1.715ms
[2024-09-08T05:09:25.671+0800][info] GC(95) User=0.00s Sys=0.00s Real=0.00s
[2024-09-08T05:09:25.671+0800][info] GC(96) Concurrent Mark Cycle
[2024-09-08T05:09:25.671+0800][info] GC(96) Concurrent Clear Claimed Marks
[2024-09-08T05:09:25.671+0800][info] GC(96) Concurrent Clear Claimed Marks 0.022ms
[2024-09-08T05:09:25.671+0800][info] GC(96) Concurrent Scan Root Regions
[2024-09-08T05:09:25.672+0800][info] GC(96) Concurrent Scan Root Regions 0.086ms
[2024-09-08T05:09:25.672+0800][info] GC(96) Concurrent Mark
[2024-09-08T05:09:25.672+0800][info] GC(96) Concurrent Mark From Roots
[2024-09-08T05:09:25.672+0800][info] GC(96) Using 12 workers of 12 for marking
[2024-09-08T05:09:25.674+0800][info] GC(96) Concurrent Mark From Roots 2.211ms
[2024-09-08T05:09:25.674+0800][info] GC(96) Concurrent Preclean
[2024-09-08T05:09:25.675+0800][info] GC(96) Concurrent Preclean 1.648ms
[2024-09-08T05:09:25.676+0800][info] GC(96) Pause Remark
[2024-09-08T05:09:25.677+0800][info] GC(96) Pause Remark 109M->6M(256M) 1.477ms
[2024-09-08T05:09:25.677+0800][info] GC(96) User=0.00s Sys=0.00s Real=0.01s
[2024-09-08T05:09:25.677+0800][info] GC(96) Concurrent Mark 5.553ms
[2024-09-08T05:09:25.677+0800][info] GC(96) Concurrent Rebuild Remembered Sets
[2024-09-08T05:09:25.678+0800][info] GC(96) Concurrent Rebuild Remembered Sets 0.538ms
[2024-09-08T05:09:25.678+0800][info] GC(96) Pause Cleanup
[2024-09-08T05:09:25.678+0800][info] GC(96) Pause Cleanup 6M->6M(256M) 0.227ms
[2024-09-08T05:09:25.678+0800][info] GC(96) User=0.00s Sys=0.00s Real=0.00s
[2024-09-08T05:09:25.678+0800][info] GC(96) Concurrent Cleanup for Next Mark
[2024-09-08T05:09:25.678+0800][info] GC(96) Concurrent Cleanup for Next Mark 0.280ms
[2024-09-08T05:09:25.678+0800][info] GC(96) Concurrent Mark Cycle 7.004ms
[2024-09-08T05:09:26.674+0800][info] Heap
[2024-09-08T05:09:26.674+0800][info]  garbage-first heap   total 262144K, used 6710K [0x00000000f0000000, 0x0000000100000000)
[2024-09-08T05:09:26.674+0800][info]   region size 1024K, 2 young (2048K), 1 survivors (1024K)
[2024-09-08T05:09:26.674+0800][info]  Metaspace       used 429K, committed 576K, reserved 1114112K
[2024-09-08T05:09:26.674+0800][info]   class space    used 25K, committed 128K, reserved 1048576K
