[2024-09-09T03:12:15.265+0800][info] Using G1
[2024-09-09T03:12:15.266+0800][info] Version: 17.0.11-internal+0-adhoc.cxl.TencentKona-17-TencentKona-17.0.11 (release)
[2024-09-09T03:12:15.266+0800][info] CPUs: 72 total, 72 available
[2024-09-09T03:12:15.266+0800][info] Memory: 125G
[2024-09-09T03:12:15.266+0800][info] Large Page Support: Disabled
[2024-09-09T03:12:15.266+0800][info] NUMA Support: Disabled
[2024-09-09T03:12:15.266+0800][info] Compressed Oops: Enabled (32-bit)
[2024-09-09T03:12:15.266+0800][info] Heap Region Size: 4M
[2024-09-09T03:12:15.266+0800][info] Heap Min Capacity: 128M
[2024-09-09T03:12:15.266+0800][info] Heap Initial Capacity: 128M
[2024-09-09T03:12:15.266+0800][info] Heap Max Capacity: 128M
[2024-09-09T03:12:15.266+0800][info] Pre-touch: Disabled
[2024-09-09T03:12:15.266+0800][info] Parallel Workers: 48
[2024-09-09T03:12:15.266+0800][info] Concurrent Workers: 12
[2024-09-09T03:12:15.266+0800][info] Concurrent Refinement Workers: 48
[2024-09-09T03:12:15.266+0800][info] Periodic GC: Disabled
[2024-09-09T03:12:15.275+0800][info] CDS archive(s) mapped at: [0x0000793743000000-0x0000793743bc7000-0x0000793743bc7000), size 12349440, SharedBaseAddress: 0x0000793743000000, ArchiveRelocationMode: 1.
[2024-09-09T03:12:15.275+0800][info] Compressed class space mapped at: 0x0000793744000000-0x0000793784000000, reserved size: 1073741824
[2024-09-09T03:12:15.275+0800][info] Narrow klass base: 0x0000793743000000, Narrow klass shift: 0, Narrow klass range: 0x100000000
[2024-09-09T03:12:15.599+0800][info] GC(0) Pause Young (Normal) (G1 Evacuation Pause)
[2024-09-09T03:12:15.599+0800][info] GC(0) Using 3 workers of 48 for evacuation
[2024-09-09T03:12:15.603+0800][info] GC(0)   Pre Evacuate Collection Set: 0.0ms
[2024-09-09T03:12:15.603+0800][info] GC(0)   Merge Heap Roots: 0.0ms
[2024-09-09T03:12:15.603+0800][info] GC(0)   Evacuate Collection Set: 2.6ms
[2024-09-09T03:12:15.603+0800][info] GC(0)   Post Evacuate Collection Set: 0.6ms
[2024-09-09T03:12:15.603+0800][info] GC(0)   Other: 0.6ms
[2024-09-09T03:12:15.603+0800][info] GC(0) Eden regions: 1->0(1)
[2024-09-09T03:12:15.603+0800][info] GC(0) Survivor regions: 0->1(1)
[2024-09-09T03:12:15.603+0800][info] GC(0) Old regions: 0->0
[2024-09-09T03:12:15.603+0800][info] GC(0) Archive regions: 2->2
[2024-09-09T03:12:15.603+0800][info] GC(0) Humongous regions: 0->0
[2024-09-09T03:12:15.603+0800][info] GC(0) Metaspace: 602K(704K)->602K(704K) NonClass: 548K(576K)->548K(576K) Class: 54K(128K)->54K(128K)
[2024-09-09T03:12:15.603+0800][info] GC(0) Pause Young (Normal) (G1 Evacuation Pause) 7M->7M(128M) 4.085ms
[2024-09-09T03:12:15.603+0800][info] GC(0) User=0.01s Sys=0.00s Real=0.00s
[2024-09-09T03:12:16.108+0800][info] GC(1) Pause Young (Normal) (G1 Evacuation Pause)
[2024-09-09T03:12:16.108+0800][info] GC(1) Using 3 workers of 48 for evacuation
[2024-09-09T03:12:16.113+0800][info] GC(1)   Pre Evacuate Collection Set: 0.0ms
[2024-09-09T03:12:16.113+0800][info] GC(1)   Merge Heap Roots: 0.0ms
[2024-09-09T03:12:16.113+0800][info] GC(1)   Evacuate Collection Set: 4.6ms
[2024-09-09T03:12:16.113+0800][info] GC(1)   Post Evacuate Collection Set: 0.2ms
[2024-09-09T03:12:16.113+0800][info] GC(1)   Other: 0.2ms
[2024-09-09T03:12:16.113+0800][info] GC(1) Eden regions: 1->0(1)
[2024-09-09T03:12:16.113+0800][info] GC(1) Survivor regions: 1->1(1)
[2024-09-09T03:12:16.113+0800][info] GC(1) Old regions: 0->1
[2024-09-09T03:12:16.113+0800][info] GC(1) Archive regions: 2->2
[2024-09-09T03:12:16.113+0800][info] GC(1) Humongous regions: 0->0
[2024-09-09T03:12:16.113+0800][info] GC(1) Metaspace: 603K(704K)->603K(704K) NonClass: 549K(576K)->549K(576K) Class: 54K(128K)->54K(128K)
[2024-09-09T03:12:16.113+0800][info] GC(1) Pause Young (Normal) (G1 Evacuation Pause) 11M->10M(128M) 5.186ms
[2024-09-09T03:12:16.113+0800][info] GC(1) User=0.02s Sys=0.00s Real=0.00s
[2024-09-09T03:12:16.616+0800][info] GC(2) Pause Young (Normal) (G1 Evacuation Pause)
[2024-09-09T03:12:16.616+0800][info] GC(2) Using 3 workers of 48 for evacuation
[2024-09-09T03:12:16.620+0800][info] GC(2)   Pre Evacuate Collection Set: 0.1ms
[2024-09-09T03:12:16.620+0800][info] GC(2)   Merge Heap Roots: 0.0ms
[2024-09-09T03:12:16.620+0800][info] GC(2)   Evacuate Collection Set: 3.6ms
[2024-09-09T03:12:16.620+0800][info] GC(2)   Post Evacuate Collection Set: 0.2ms
[2024-09-09T03:12:16.620+0800][info] GC(2)   Other: 0.1ms
[2024-09-09T03:12:16.620+0800][info] GC(2) Eden regions: 1->0(1)
[2024-09-09T03:12:16.620+0800][info] GC(2) Survivor regions: 1->1(1)
[2024-09-09T03:12:16.620+0800][info] GC(2) Old regions: 1->2
[2024-09-09T03:12:16.620+0800][info] GC(2) Archive regions: 2->2
[2024-09-09T03:12:16.620+0800][info] GC(2) Humongous regions: 0->0
[2024-09-09T03:12:16.620+0800][info] GC(2) Metaspace: 603K(704K)->603K(704K) NonClass: 549K(576K)->549K(576K) Class: 54K(128K)->54K(128K)
[2024-09-09T03:12:16.620+0800][info] GC(2) Pause Young (Normal) (G1 Evacuation Pause) 14M->15M(128M) 4.259ms
[2024-09-09T03:12:16.620+0800][info] GC(2) User=0.00s Sys=0.00s Real=0.01s
[2024-09-09T03:12:17.118+0800][info] GC(3) Pause Young (Normal) (G1 Evacuation Pause)
[2024-09-09T03:12:17.118+0800][info] GC(3) Using 3 workers of 48 for evacuation
[2024-09-09T03:12:17.121+0800][info] GC(3)   Pre Evacuate Collection Set: 0.0ms
[2024-09-09T03:12:17.121+0800][info] GC(3)   Merge Heap Roots: 0.0ms
[2024-09-09T03:12:17.121+0800][info] GC(3)   Evacuate Collection Set: 2.5ms
[2024-09-09T03:12:17.121+0800][info] GC(3)   Post Evacuate Collection Set: 0.2ms
[2024-09-09T03:12:17.121+0800][info] GC(3)   Other: 0.2ms
[2024-09-09T03:12:17.121+0800][info] GC(3) Eden regions: 1->0(1)
[2024-09-09T03:12:17.121+0800][info] GC(3) Survivor regions: 1->1(1)
[2024-09-09T03:12:17.121+0800][info] GC(3) Old regions: 2->3
[2024-09-09T03:12:17.121+0800][info] GC(3) Archive regions: 2->2
[2024-09-09T03:12:17.121+0800][info] GC(3) Humongous regions: 0->0
[2024-09-09T03:12:17.121+0800][info] GC(3) Metaspace: 607K(704K)->607K(704K) NonClass: 552K(576K)->552K(576K) Class: 54K(128K)->54K(128K)
[2024-09-09T03:12:17.121+0800][info] GC(3) Pause Young (Normal) (G1 Evacuation Pause) 19M->19M(128M) 3.206ms
[2024-09-09T03:12:17.121+0800][info] GC(3) User=0.00s Sys=0.00s Real=0.00s
[2024-09-09T03:12:17.620+0800][info] GC(4) Pause Young (Normal) (G1 Evacuation Pause)
[2024-09-09T03:12:17.620+0800][info] GC(4) Using 3 workers of 48 for evacuation
[2024-09-09T03:12:17.624+0800][info] GC(4)   Pre Evacuate Collection Set: 0.0ms
[2024-09-09T03:12:17.624+0800][info] GC(4)   Merge Heap Roots: 0.0ms
[2024-09-09T03:12:17.624+0800][info] GC(4)   Evacuate Collection Set: 3.1ms
[2024-09-09T03:12:17.624+0800][info] GC(4)   Post Evacuate Collection Set: 0.2ms
[2024-09-09T03:12:17.624+0800][info] GC(4)   Other: 0.2ms
[2024-09-09T03:12:17.624+0800][info] GC(4) Eden regions: 1->0(1)
[2024-09-09T03:12:17.624+0800][info] GC(4) Survivor regions: 1->1(1)
[2024-09-09T03:12:17.624+0800][info] GC(4) Old regions: 3->4
[2024-09-09T03:12:17.624+0800][info] GC(4) Archive regions: 2->2
[2024-09-09T03:12:17.624+0800][info] GC(4) Humongous regions: 0->0
[2024-09-09T03:12:17.624+0800][info] GC(4) Metaspace: 607K(704K)->607K(704K) NonClass: 552K(576K)->552K(576K) Class: 54K(128K)->54K(128K)
[2024-09-09T03:12:17.624+0800][info] GC(4) Pause Young (Normal) (G1 Evacuation Pause) 23M->22M(128M) 3.661ms
[2024-09-09T03:12:17.624+0800][info] GC(4) User=0.00s Sys=0.01s Real=0.00s
[2024-09-09T03:12:18.123+0800][info] GC(5) Pause Young (Normal) (G1 Evacuation Pause)
[2024-09-09T03:12:18.123+0800][info] GC(5) Using 3 workers of 48 for evacuation
[2024-09-09T03:12:18.127+0800][info] GC(5)   Pre Evacuate Collection Set: 0.1ms
[2024-09-09T03:12:18.127+0800][info] GC(5)   Merge Heap Roots: 0.0ms
[2024-09-09T03:12:18.127+0800][info] GC(5)   Evacuate Collection Set: 3.0ms
[2024-09-09T03:12:18.127+0800][info] GC(5)   Post Evacuate Collection Set: 0.2ms
[2024-09-09T03:12:18.127+0800][info] GC(5)   Other: 0.1ms
[2024-09-09T03:12:18.127+0800][info] GC(5) Eden regions: 1->0(2)
[2024-09-09T03:12:18.127+0800][info] GC(5) Survivor regions: 1->1(1)
[2024-09-09T03:12:18.127+0800][info] GC(5) Old regions: 4->5
[2024-09-09T03:12:18.127+0800][info] GC(5) Archive regions: 2->2
[2024-09-09T03:12:18.127+0800][info] GC(5) Humongous regions: 0->0
[2024-09-09T03:12:18.127+0800][info] GC(5) Metaspace: 607K(704K)->607K(704K) NonClass: 552K(576K)->552K(576K) Class: 54K(128K)->54K(128K)
[2024-09-09T03:12:18.127+0800][info] GC(5) Pause Young (Normal) (G1 Evacuation Pause) 26M->26M(128M) 3.603ms
[2024-09-09T03:12:18.127+0800][info] GC(5) User=0.00s Sys=0.01s Real=0.01s
[2024-09-09T03:12:19.137+0800][info] GC(6) Pause Young (Normal) (G1 Evacuation Pause)
[2024-09-09T03:12:19.137+0800][info] GC(6) Using 3 workers of 48 for evacuation
[2024-09-09T03:12:19.143+0800][info] GC(6)   Pre Evacuate Collection Set: 0.0ms
[2024-09-09T03:12:19.143+0800][info] GC(6)   Merge Heap Roots: 0.0ms
[2024-09-09T03:12:19.143+0800][info] GC(6)   Evacuate Collection Set: 5.5ms
[2024-09-09T03:12:19.143+0800][info] GC(6)   Post Evacuate Collection Set: 0.2ms
[2024-09-09T03:12:19.143+0800][info] GC(6)   Other: 0.2ms
[2024-09-09T03:12:19.143+0800][info] GC(6) Eden regions: 2->0(3)
[2024-09-09T03:12:19.143+0800][info] GC(6) Survivor regions: 1->1(1)
[2024-09-09T03:12:19.143+0800][info] GC(6) Old regions: 5->7
[2024-09-09T03:12:19.143+0800][info] GC(6) Archive regions: 2->2
[2024-09-09T03:12:19.143+0800][info] GC(6) Humongous regions: 0->0
[2024-09-09T03:12:19.143+0800][info] GC(6) Metaspace: 607K(704K)->607K(704K) NonClass: 552K(576K)->552K(576K) Class: 54K(128K)->54K(128K)
[2024-09-09T03:12:19.143+0800][info] GC(6) Pause Young (Normal) (G1 Evacuation Pause) 34M->34M(128M) 6.100ms
[2024-09-09T03:12:19.143+0800][info] GC(6) User=0.00s Sys=0.01s Real=0.00s
[2024-09-09T03:12:20.658+0800][info] GC(7) Pause Young (Normal) (G1 Evacuation Pause)
[2024-09-09T03:12:20.658+0800][info] GC(7) Using 3 workers of 48 for evacuation
[2024-09-09T03:12:20.669+0800][info] GC(7)   Pre Evacuate Collection Set: 0.0ms
[2024-09-09T03:12:20.669+0800][info] GC(7)   Merge Heap Roots: 0.0ms
[2024-09-09T03:12:20.669+0800][info] GC(7)   Evacuate Collection Set: 10.3ms
[2024-09-09T03:12:20.669+0800][info] GC(7)   Post Evacuate Collection Set: 0.2ms
[2024-09-09T03:12:20.669+0800][info] GC(7)   Other: 0.2ms
[2024-09-09T03:12:20.669+0800][info] GC(7) Eden regions: 3->0(3)
[2024-09-09T03:12:20.669+0800][info] GC(7) Survivor regions: 1->1(1)
[2024-09-09T03:12:20.669+0800][info] GC(7) Old regions: 7->10
[2024-09-09T03:12:20.669+0800][info] GC(7) Archive regions: 2->2
[2024-09-09T03:12:20.669+0800][info] GC(7) Humongous regions: 0->0
[2024-09-09T03:12:20.669+0800][info] GC(7) Metaspace: 610K(704K)->610K(704K) NonClass: 555K(576K)->555K(576K) Class: 54K(128K)->54K(128K)
[2024-09-09T03:12:20.669+0800][info] GC(7) Pause Young (Normal) (G1 Evacuation Pause) 46M->46M(128M) 10.876ms
[2024-09-09T03:12:20.669+0800][info] GC(7) User=0.01s Sys=0.02s Real=0.01s
[2024-09-09T03:12:22.182+0800][info] GC(8) Pause Young (Concurrent Start) (G1 Evacuation Pause)
[2024-09-09T03:12:22.182+0800][info] GC(8) Using 3 workers of 48 for evacuation
[2024-09-09T03:12:22.191+0800][info] GC(8)   Pre Evacuate Collection Set: 0.1ms
[2024-09-09T03:12:22.192+0800][info] GC(8)   Merge Heap Roots: 0.1ms
[2024-09-09T03:12:22.192+0800][info] GC(8)   Evacuate Collection Set: 8.3ms
[2024-09-09T03:12:22.192+0800][info] GC(8)   Post Evacuate Collection Set: 0.2ms
[2024-09-09T03:12:22.192+0800][info] GC(8)   Other: 1.1ms
[2024-09-09T03:12:22.192+0800][info] GC(8) Eden regions: 3->0(4)
[2024-09-09T03:12:22.192+0800][info] GC(8) Survivor regions: 1->1(1)
[2024-09-09T03:12:22.192+0800][info] GC(8) Old regions: 10->13
[2024-09-09T03:12:22.192+0800][info] GC(8) Archive regions: 2->2
[2024-09-09T03:12:22.192+0800][info] GC(8) Humongous regions: 0->0
[2024-09-09T03:12:22.192+0800][info] GC(8) Metaspace: 610K(704K)->610K(704K) NonClass: 555K(576K)->555K(576K) Class: 54K(128K)->54K(128K)
[2024-09-09T03:12:22.192+0800][info] GC(8) Pause Young (Concurrent Start) (G1 Evacuation Pause) 58M->58M(128M) 9.927ms
[2024-09-09T03:12:22.192+0800][info] GC(8) User=0.00s Sys=0.03s Real=0.01s
[2024-09-09T03:12:22.192+0800][info] GC(9) Concurrent Mark Cycle
[2024-09-09T03:12:22.192+0800][info] GC(9) Concurrent Clear Claimed Marks
[2024-09-09T03:12:22.192+0800][info] GC(9) Concurrent Clear Claimed Marks 0.018ms
[2024-09-09T03:12:22.192+0800][info] GC(9) Concurrent Scan Root Regions
[2024-09-09T03:12:22.193+0800][info] GC(9) Concurrent Scan Root Regions 1.172ms
[2024-09-09T03:12:22.193+0800][info] GC(9) Concurrent Mark
[2024-09-09T03:12:22.193+0800][info] GC(9) Concurrent Mark From Roots
[2024-09-09T03:12:22.194+0800][info] GC(9) Using 12 workers of 12 for marking
[2024-09-09T03:12:22.196+0800][info] GC(9) Concurrent Mark From Roots 3.100ms
[2024-09-09T03:12:22.196+0800][info] GC(9) Concurrent Preclean
[2024-09-09T03:12:22.197+0800][info] GC(9) Concurrent Preclean 1.282ms
[2024-09-09T03:12:22.198+0800][info] GC(9) Pause Remark
[2024-09-09T03:12:22.198+0800][info] GC(9) Pause Remark 59M->43M(128M) 0.761ms
[2024-09-09T03:12:22.198+0800][info] GC(9) User=0.00s Sys=0.00s Real=0.00s
[2024-09-09T03:12:22.198+0800][info] GC(9) Concurrent Mark 5.326ms
[2024-09-09T03:12:22.198+0800][info] GC(9) Concurrent Rebuild Remembered Sets
[2024-09-09T03:12:22.201+0800][info] GC(9) Concurrent Rebuild Remembered Sets 2.582ms
[2024-09-09T03:12:22.201+0800][info] GC(9) Pause Cleanup
[2024-09-09T03:12:22.201+0800][info] GC(9) Pause Cleanup 43M->43M(128M) 0.158ms
[2024-09-09T03:12:22.201+0800][info] GC(9) User=0.00s Sys=0.00s Real=0.00s
[2024-09-09T03:12:22.201+0800][info] GC(9) Concurrent Cleanup for Next Mark
[2024-09-09T03:12:22.203+0800][info] GC(9) Concurrent Cleanup for Next Mark 1.335ms
[2024-09-09T03:12:22.203+0800][info] GC(9) Concurrent Mark Cycle 10.967ms
[2024-09-09T03:12:24.293+0800][info] GC(10) Pause Young (Prepare Mixed) (G1 Evacuation Pause)
[2024-09-09T03:12:24.293+0800][info] GC(10) Using 3 workers of 48 for evacuation
[2024-09-09T03:12:24.300+0800][info] GC(10)   Pre Evacuate Collection Set: 0.1ms
[2024-09-09T03:12:24.300+0800][info] GC(10)   Merge Heap Roots: 0.1ms
[2024-09-09T03:12:24.300+0800][info] GC(10)   Evacuate Collection Set: 5.4ms
[2024-09-09T03:12:24.300+0800][info] GC(10)   Post Evacuate Collection Set: 0.7ms
[2024-09-09T03:12:24.300+0800][info] GC(10)   Other: 0.2ms
[2024-09-09T03:12:24.300+0800][info] GC(10) Eden regions: 4->0(1)
[2024-09-09T03:12:24.300+0800][info] GC(10) Survivor regions: 1->1(1)
[2024-09-09T03:12:24.300+0800][info] GC(10) Old regions: 9->13
[2024-09-09T03:12:24.300+0800][info] GC(10) Archive regions: 2->2
[2024-09-09T03:12:24.300+0800][info] GC(10) Humongous regions: 0->0
[2024-09-09T03:12:24.300+0800][info] GC(10) Metaspace: 715K(832K)->715K(832K) NonClass: 650K(704K)->650K(704K) Class: 64K(128K)->64K(128K)
[2024-09-09T03:12:24.300+0800][info] GC(10) Pause Young (Prepare Mixed) (G1 Evacuation Pause) 58M->58M(128M) 6.548ms
[2024-09-09T03:12:24.300+0800][info] GC(10) User=0.00s Sys=0.01s Real=0.01s
[2024-09-09T03:12:24.800+0800][info] GC(11) Pause Young (Mixed) (G1 Evacuation Pause)
[2024-09-09T03:12:24.800+0800][info] GC(11) Using 3 workers of 48 for evacuation
[2024-09-09T03:12:24.803+0800][info] GC(11)   Pre Evacuate Collection Set: 0.1ms
[2024-09-09T03:12:24.803+0800][info] GC(11)   Merge Heap Roots: 0.0ms
[2024-09-09T03:12:24.803+0800][info] GC(11)   Evacuate Collection Set: 3.3ms
[2024-09-09T03:12:24.803+0800][info] GC(11)   Post Evacuate Collection Set: 0.2ms
[2024-09-09T03:12:24.803+0800][info] GC(11)   Other: 0.2ms
[2024-09-09T03:12:24.803+0800][info] GC(11) Eden regions: 1->0(4)
[2024-09-09T03:12:24.804+0800][info] GC(11) Survivor regions: 1->1(1)
[2024-09-09T03:12:24.804+0800][info] GC(11) Old regions: 13->11
[2024-09-09T03:12:24.804+0800][info] GC(11) Archive regions: 2->2
[2024-09-09T03:12:24.804+0800][info] GC(11) Humongous regions: 0->0
[2024-09-09T03:12:24.804+0800][info] GC(11) Metaspace: 715K(832K)->715K(832K) NonClass: 650K(704K)->650K(704K) Class: 64K(128K)->64K(128K)
[2024-09-09T03:12:24.804+0800][info] GC(11) Pause Young (Mixed) (G1 Evacuation Pause) 62M->51M(128M) 3.996ms
[2024-09-09T03:12:24.804+0800][info] GC(11) User=0.00s Sys=0.01s Real=0.00s
[2024-09-09T03:12:26.819+0800][info] GC(12) Pause Young (Concurrent Start) (G1 Evacuation Pause)
[2024-09-09T03:12:26.819+0800][info] GC(12) Using 3 workers of 48 for evacuation
[2024-09-09T03:12:26.824+0800][info] GC(12)   Pre Evacuate Collection Set: 0.1ms
[2024-09-09T03:12:26.824+0800][info] GC(12)   Merge Heap Roots: 0.0ms
[2024-09-09T03:12:26.824+0800][info] GC(12)   Evacuate Collection Set: 4.8ms
[2024-09-09T03:12:26.824+0800][info] GC(12)   Post Evacuate Collection Set: 0.2ms
[2024-09-09T03:12:26.824+0800][info] GC(12)   Other: 0.4ms
[2024-09-09T03:12:26.824+0800][info] GC(12) Eden regions: 4->0(3)
[2024-09-09T03:12:26.824+0800][info] GC(12) Survivor regions: 1->1(1)
[2024-09-09T03:12:26.824+0800][info] GC(12) Old regions: 11->15
[2024-09-09T03:12:26.824+0800][info] GC(12) Archive regions: 2->2
[2024-09-09T03:12:26.824+0800][info] GC(12) Humongous regions: 0->0
[2024-09-09T03:12:26.824+0800][info] GC(12) Metaspace: 715K(832K)->715K(832K) NonClass: 650K(704K)->650K(704K) Class: 64K(128K)->64K(128K)
[2024-09-09T03:12:26.825+0800][info] GC(12) Pause Young (Concurrent Start) (G1 Evacuation Pause) 67M->67M(128M) 5.657ms
[2024-09-09T03:12:26.825+0800][info] GC(12) User=0.02s Sys=0.00s Real=0.00s
[2024-09-09T03:12:26.825+0800][info] GC(13) Concurrent Mark Cycle
[2024-09-09T03:12:26.825+0800][info] GC(13) Concurrent Clear Claimed Marks
[2024-09-09T03:12:26.825+0800][info] GC(13) Concurrent Clear Claimed Marks 0.021ms
[2024-09-09T03:12:26.825+0800][info] GC(13) Concurrent Scan Root Regions
[2024-09-09T03:12:26.825+0800][info] GC(13) Concurrent Scan Root Regions 0.123ms
[2024-09-09T03:12:26.825+0800][info] GC(13) Concurrent Mark
[2024-09-09T03:12:26.825+0800][info] GC(13) Concurrent Mark From Roots
[2024-09-09T03:12:26.825+0800][info] GC(13) Using 12 workers of 12 for marking
[2024-09-09T03:12:26.829+0800][info] GC(13) Concurrent Mark From Roots 3.678ms
[2024-09-09T03:12:26.829+0800][info] GC(13) Concurrent Preclean
[2024-09-09T03:12:26.830+0800][info] GC(13) Concurrent Preclean 1.713ms
[2024-09-09T03:12:26.830+0800][info] GC(13) Pause Remark
[2024-09-09T03:12:26.831+0800][info] GC(13) Pause Remark 67M->35M(128M) 1.101ms
[2024-09-09T03:12:26.831+0800][info] GC(13) User=0.00s Sys=0.00s Real=0.00s
[2024-09-09T03:12:26.832+0800][info] GC(13) Concurrent Mark 6.670ms
[2024-09-09T03:12:26.832+0800][info] GC(13) Concurrent Rebuild Remembered Sets
[2024-09-09T03:12:26.834+0800][info] GC(13) Concurrent Rebuild Remembered Sets 2.846ms
[2024-09-09T03:12:26.834+0800][info] GC(13) Pause Cleanup
[2024-09-09T03:12:26.835+0800][info] GC(13) Pause Cleanup 35M->35M(128M) 0.237ms
[2024-09-09T03:12:26.835+0800][info] GC(13) User=0.00s Sys=0.00s Real=0.00s
[2024-09-09T03:12:26.835+0800][info] GC(13) Concurrent Cleanup for Next Mark
[2024-09-09T03:12:26.836+0800][info] GC(13) Concurrent Cleanup for Next Mark 1.155ms
[2024-09-09T03:12:26.836+0800][info] GC(13) Concurrent Mark Cycle 11.319ms
[2024-09-09T03:12:28.529+0800][info] GC(14) Pause Young (Prepare Mixed) (G1 Preventive Collection)
[2024-09-09T03:12:28.529+0800][info] GC(14) Using 3 workers of 48 for evacuation
[2024-09-09T03:12:28.532+0800][info] GC(14)   Pre Evacuate Collection Set: 0.1ms
[2024-09-09T03:12:28.532+0800][info] GC(14)   Merge Heap Roots: 0.0ms
[2024-09-09T03:12:28.532+0800][info] GC(14)   Evacuate Collection Set: 2.2ms
[2024-09-09T03:12:28.532+0800][info] GC(14)   Post Evacuate Collection Set: 0.7ms
[2024-09-09T03:12:28.532+0800][info] GC(14)   Other: 0.2ms
[2024-09-09T03:12:28.532+0800][info] GC(14) Eden regions: 3->0(1)
[2024-09-09T03:12:28.532+0800][info] GC(14) Survivor regions: 1->1(1)
[2024-09-09T03:12:28.532+0800][info] GC(14) Old regions: 7->10
[2024-09-09T03:12:28.532+0800][info] GC(14) Archive regions: 2->2
[2024-09-09T03:12:28.532+0800][info] GC(14) Humongous regions: 12->12
[2024-09-09T03:12:28.532+0800][info] GC(14) Metaspace: 725K(896K)->725K(896K) NonClass: 661K(768K)->661K(768K) Class: 64K(128K)->64K(128K)
[2024-09-09T03:12:28.532+0800][info] GC(14) Pause Young (Prepare Mixed) (G1 Preventive Collection) 95M->95M(128M) 3.390ms
[2024-09-09T03:12:28.532+0800][info] GC(14) User=0.00s Sys=0.01s Real=0.00s
[2024-09-09T03:12:28.532+0800][info] Attempting full compaction
[2024-09-09T03:12:28.532+0800][info] GC(15) Using 1 workers of 48 for full compaction
[2024-09-09T03:12:28.532+0800][info] GC(15) Pause Full (G1 Compaction Pause)
[2024-09-09T03:12:28.532+0800][info] GC(15) Phase 1: Mark live objects
[2024-09-09T03:12:28.537+0800][info] GC(15) Phase 1: Mark live objects 5.078ms
[2024-09-09T03:12:28.537+0800][info] GC(15) Phase 2: Prepare for compaction
[2024-09-09T03:12:28.539+0800][info] GC(15) Phase 2: Prepare for compaction 1.269ms
[2024-09-09T03:12:28.539+0800][info] GC(15) Phase 3: Adjust pointers
[2024-09-09T03:12:28.541+0800][info] GC(15) Phase 3: Adjust pointers 2.688ms
[2024-09-09T03:12:28.541+0800][info] GC(15) Phase 4: Compact heap
[2024-09-09T03:12:28.543+0800][info] GC(15) Phase 4: Compact heap 1.162ms
[2024-09-09T03:12:28.543+0800][info] GC(15) Eden regions: 0->0(4)
[2024-09-09T03:12:28.543+0800][info] GC(15) Survivor regions: 1->0(1)
[2024-09-09T03:12:28.543+0800][info] GC(15) Old regions: 10->1
[2024-09-09T03:12:28.543+0800][info] GC(15) Archive regions: 2->2
[2024-09-09T03:12:28.543+0800][info] GC(15) Humongous regions: 12->12
[2024-09-09T03:12:28.543+0800][info] GC(15) Metaspace: 725K(896K)->725K(896K) NonClass: 661K(768K)->661K(768K) Class: 64K(128K)->64K(128K)
[2024-09-09T03:12:28.543+0800][info] GC(15) Pause Full (G1 Compaction Pause) 95M->52M(128M) 11.159ms
[2024-09-09T03:12:28.544+0800][info] GC(15) User=0.02s Sys=0.00s Real=0.01s
[2024-09-09T03:12:28.566+0800][info] GC(16) Pause Young (Concurrent Start) (G1 Humongous Allocation)
[2024-09-09T03:12:28.566+0800][info] GC(16) Using 3 workers of 48 for evacuation
[2024-09-09T03:12:28.567+0800][info] GC(16)   Pre Evacuate Collection Set: 0.1ms
[2024-09-09T03:12:28.567+0800][info] GC(16)   Merge Heap Roots: 0.0ms
[2024-09-09T03:12:28.567+0800][info] GC(16)   Evacuate Collection Set: 0.2ms
[2024-09-09T03:12:28.567+0800][info] GC(16)   Post Evacuate Collection Set: 0.2ms
[2024-09-09T03:12:28.567+0800][info] GC(16)   Other: 0.3ms
[2024-09-09T03:12:28.567+0800][info] GC(16) Eden regions: 1->0(1)
[2024-09-09T03:12:28.567+0800][info] GC(16) Survivor regions: 0->1(1)
[2024-09-09T03:12:28.567+0800][info] GC(16) Old regions: 1->1
[2024-09-09T03:12:28.567+0800][info] GC(16) Archive regions: 2->2
[2024-09-09T03:12:28.567+0800][info] GC(16) Humongous regions: 16->16
[2024-09-09T03:12:28.567+0800][info] GC(16) Metaspace: 725K(896K)->725K(896K) NonClass: 661K(768K)->661K(768K) Class: 64K(128K)->64K(128K)
[2024-09-09T03:12:28.567+0800][info] GC(16) Pause Young (Concurrent Start) (G1 Humongous Allocation) 69M->68M(128M) 0.870ms
[2024-09-09T03:12:28.567+0800][info] GC(16) User=0.00s Sys=0.00s Real=0.00s
[2024-09-09T03:12:28.567+0800][info] GC(17) Concurrent Mark Cycle
[2024-09-09T03:12:28.567+0800][info] GC(17) Concurrent Clear Claimed Marks
[2024-09-09T03:12:28.567+0800][info] GC(17) Concurrent Clear Claimed Marks 0.018ms
[2024-09-09T03:12:28.567+0800][info] GC(17) Concurrent Scan Root Regions
[2024-09-09T03:12:28.567+0800][info] GC(17) Concurrent Scan Root Regions 0.068ms
[2024-09-09T03:12:28.567+0800][info] GC(17) Concurrent Mark
[2024-09-09T03:12:28.567+0800][info] GC(17) Concurrent Mark From Roots
[2024-09-09T03:12:28.567+0800][info] GC(17) Using 12 workers of 12 for marking
[2024-09-09T03:12:28.569+0800][info] GC(17) Concurrent Mark From Roots 1.956ms
[2024-09-09T03:12:28.569+0800][info] GC(17) Concurrent Preclean
[2024-09-09T03:12:28.571+0800][info] GC(17) Concurrent Preclean 1.839ms
[2024-09-09T03:12:28.575+0800][info] GC(17) Pause Remark
[2024-09-09T03:12:28.577+0800][info] GC(17) Pause Remark 84M->68M(128M) 1.282ms
[2024-09-09T03:12:28.577+0800][info] GC(17) User=0.00s Sys=0.00s Real=0.00s
[2024-09-09T03:12:28.577+0800][info] GC(17) Concurrent Mark 9.484ms
[2024-09-09T03:12:28.577+0800][info] GC(17) Concurrent Rebuild Remembered Sets
[2024-09-09T03:12:28.582+0800][info] GC(17) Concurrent Rebuild Remembered Sets 4.879ms
[2024-09-09T03:12:28.582+0800][info] GC(17) Pause Cleanup
[2024-09-09T03:12:28.582+0800][info] GC(17) Pause Cleanup 69M->69M(128M) 0.289ms
[2024-09-09T03:12:28.582+0800][info] GC(17) User=0.00s Sys=0.00s Real=0.00s
[2024-09-09T03:12:28.582+0800][info] GC(17) Concurrent Cleanup for Next Mark
[2024-09-09T03:12:28.582+0800][info] GC(17) Concurrent Cleanup for Next Mark 0.215ms
[2024-09-09T03:12:28.582+0800][info] GC(17) Concurrent Mark Cycle 15.209ms
[2024-09-09T03:12:29.149+0800][info] GC(18) Pause Young (Concurrent Start) (G1 Humongous Allocation)
[2024-09-09T03:12:29.149+0800][info] GC(18) Using 3 workers of 48 for evacuation
[2024-09-09T03:12:29.150+0800][info] GC(18)   Pre Evacuate Collection Set: 0.1ms
[2024-09-09T03:12:29.150+0800][info] GC(18)   Merge Heap Roots: 0.1ms
[2024-09-09T03:12:29.150+0800][info] GC(18)   Evacuate Collection Set: 0.4ms
[2024-09-09T03:12:29.150+0800][info] GC(18)   Post Evacuate Collection Set: 0.2ms
[2024-09-09T03:12:29.150+0800][info] GC(18)   Other: 0.3ms
[2024-09-09T03:12:29.150+0800][info] GC(18) Eden regions: 1->0(1)
[2024-09-09T03:12:29.150+0800][info] GC(18) Survivor regions: 1->1(1)
[2024-09-09T03:12:29.150+0800][info] GC(18) Old regions: 1->1
[2024-09-09T03:12:29.150+0800][info] GC(18) Archive regions: 2->2
[2024-09-09T03:12:29.150+0800][info] GC(18) Humongous regions: 16->16
[2024-09-09T03:12:29.150+0800][info] GC(18) Metaspace: 727K(896K)->727K(896K) NonClass: 662K(768K)->662K(768K) Class: 64K(128K)->64K(128K)
[2024-09-09T03:12:29.150+0800][info] GC(18) Pause Young (Concurrent Start) (G1 Humongous Allocation) 69M->68M(128M) 1.109ms
[2024-09-09T03:12:29.150+0800][info] GC(18) User=0.00s Sys=0.00s Real=0.00s
[2024-09-09T03:12:29.150+0800][info] GC(19) Concurrent Mark Cycle
[2024-09-09T03:12:29.150+0800][info] GC(19) Concurrent Clear Claimed Marks
[2024-09-09T03:12:29.150+0800][info] GC(19) Concurrent Clear Claimed Marks 0.018ms
[2024-09-09T03:12:29.150+0800][info] GC(19) Concurrent Scan Root Regions
[2024-09-09T03:12:29.150+0800][info] GC(19) Concurrent Scan Root Regions 0.061ms
[2024-09-09T03:12:29.150+0800][info] GC(19) Concurrent Mark
[2024-09-09T03:12:29.150+0800][info] GC(19) Concurrent Mark From Roots
[2024-09-09T03:12:29.150+0800][info] GC(19) Using 12 workers of 12 for marking
[2024-09-09T03:12:29.152+0800][info] GC(19) Concurrent Mark From Roots 1.843ms
[2024-09-09T03:12:29.152+0800][info] GC(19) Concurrent Preclean
[2024-09-09T03:12:29.154+0800][info] GC(19) Concurrent Preclean 1.852ms
[2024-09-09T03:12:29.154+0800][info] GC(19) Pause Remark
[2024-09-09T03:12:29.155+0800][info] GC(19) Pause Remark 85M->69M(128M) 1.069ms
[2024-09-09T03:12:29.155+0800][info] GC(19) User=0.00s Sys=0.00s Real=0.00s
[2024-09-09T03:12:29.155+0800][info] GC(19) Concurrent Mark 4.935ms
[2024-09-09T03:12:29.155+0800][info] GC(19) Concurrent Rebuild Remembered Sets
[2024-09-09T03:12:29.155+0800][info] GC(19) Concurrent Rebuild Remembered Sets 0.013ms
[2024-09-09T03:12:29.155+0800][info] GC(19) Pause Cleanup
[2024-09-09T03:12:29.155+0800][info] GC(19) Pause Cleanup 69M->69M(128M) 0.018ms
[2024-09-09T03:12:29.155+0800][info] GC(19) User=0.00s Sys=0.00s Real=0.00s
[2024-09-09T03:12:29.155+0800][info] GC(19) Concurrent Cleanup for Next Mark
[2024-09-09T03:12:29.155+0800][info] GC(19) Concurrent Cleanup for Next Mark 0.210ms
[2024-09-09T03:12:29.155+0800][info] GC(19) Concurrent Mark Cycle 5.464ms
[2024-09-09T03:12:29.724+0800][info] GC(20) Pause Young (Concurrent Start) (G1 Humongous Allocation)
[2024-09-09T03:12:29.724+0800][info] GC(20) Using 3 workers of 48 for evacuation
[2024-09-09T03:12:29.725+0800][info] GC(20)   Pre Evacuate Collection Set: 0.1ms
[2024-09-09T03:12:29.725+0800][info] GC(20)   Merge Heap Roots: 0.0ms
[2024-09-09T03:12:29.725+0800][info] GC(20)   Evacuate Collection Set: 0.3ms
[2024-09-09T03:12:29.725+0800][info] GC(20)   Post Evacuate Collection Set: 0.2ms
[2024-09-09T03:12:29.725+0800][info] GC(20)   Other: 0.3ms
[2024-09-09T03:12:29.725+0800][info] GC(20) Eden regions: 1->0(1)
[2024-09-09T03:12:29.725+0800][info] GC(20) Survivor regions: 1->1(1)
[2024-09-09T03:12:29.725+0800][info] GC(20) Old regions: 1->1
[2024-09-09T03:12:29.725+0800][info] GC(20) Archive regions: 2->2
[2024-09-09T03:12:29.725+0800][info] GC(20) Humongous regions: 16->16
[2024-09-09T03:12:29.725+0800][info] GC(20) Metaspace: 727K(896K)->727K(896K) NonClass: 663K(768K)->663K(768K) Class: 64K(128K)->64K(128K)
[2024-09-09T03:12:29.725+0800][info] GC(20) Pause Young (Concurrent Start) (G1 Humongous Allocation) 69M->68M(128M) 1.110ms
[2024-09-09T03:12:29.725+0800][info] GC(20) User=0.01s Sys=0.00s Real=0.01s
[2024-09-09T03:12:29.725+0800][info] GC(21) Concurrent Mark Cycle
[2024-09-09T03:12:29.725+0800][info] GC(21) Concurrent Clear Claimed Marks
[2024-09-09T03:12:29.725+0800][info] GC(21) Concurrent Clear Claimed Marks 0.011ms
[2024-09-09T03:12:29.725+0800][info] GC(21) Concurrent Scan Root Regions
[2024-09-09T03:12:29.726+0800][info] GC(21) Concurrent Scan Root Regions 0.053ms
[2024-09-09T03:12:29.726+0800][info] GC(21) Concurrent Mark
[2024-09-09T03:12:29.726+0800][info] GC(21) Concurrent Mark From Roots
[2024-09-09T03:12:29.726+0800][info] GC(21) Using 12 workers of 12 for marking
[2024-09-09T03:12:29.727+0800][info] GC(21) Concurrent Mark From Roots 1.893ms
[2024-09-09T03:12:29.727+0800][info] GC(21) Concurrent Preclean
[2024-09-09T03:12:29.728+0800][info] GC(21) Concurrent Preclean 0.878ms
[2024-09-09T03:12:29.728+0800][info] GC(21) Pause Remark
[2024-09-09T03:12:29.729+0800][info] GC(21) Pause Remark 85M->69M(128M) 0.983ms
[2024-09-09T03:12:29.729+0800][info] GC(21) User=0.01s Sys=0.00s Real=0.00s
[2024-09-09T03:12:29.730+0800][info] GC(21) Concurrent Mark 3.969ms
[2024-09-09T03:12:29.730+0800][info] GC(21) Concurrent Rebuild Remembered Sets
[2024-09-09T03:12:29.730+0800][info] GC(21) Concurrent Rebuild Remembered Sets 0.006ms
[2024-09-09T03:12:29.730+0800][info] GC(21) Pause Cleanup
[2024-09-09T03:12:29.730+0800][info] GC(21) Pause Cleanup 69M->69M(128M) 0.023ms
[2024-09-09T03:12:29.730+0800][info] GC(21) User=0.00s Sys=0.00s Real=0.00s
[2024-09-09T03:12:29.730+0800][info] GC(21) Concurrent Cleanup for Next Mark
[2024-09-09T03:12:29.730+0800][info] GC(21) Concurrent Cleanup for Next Mark 0.234ms
[2024-09-09T03:12:29.730+0800][info] GC(21) Concurrent Mark Cycle 4.522ms
[2024-09-09T03:12:30.251+0800][info] GC(22) Pause Young (Concurrent Start) (G1 Humongous Allocation)
[2024-09-09T03:12:30.251+0800][info] GC(22) Using 3 workers of 48 for evacuation
[2024-09-09T03:12:30.252+0800][info] GC(22)   Pre Evacuate Collection Set: 0.1ms
[2024-09-09T03:12:30.252+0800][info] GC(22)   Merge Heap Roots: 0.0ms
[2024-09-09T03:12:30.252+0800][info] GC(22)   Evacuate Collection Set: 0.2ms
[2024-09-09T03:12:30.252+0800][info] GC(22)   Post Evacuate Collection Set: 0.2ms
[2024-09-09T03:12:30.252+0800][info] GC(22)   Other: 0.3ms
[2024-09-09T03:12:30.252+0800][info] GC(22) Eden regions: 1->0(1)
[2024-09-09T03:12:30.252+0800][info] GC(22) Survivor regions: 1->1(1)
[2024-09-09T03:12:30.252+0800][info] GC(22) Old regions: 1->1
[2024-09-09T03:12:30.252+0800][info] GC(22) Archive regions: 2->2
[2024-09-09T03:12:30.252+0800][info] GC(22) Humongous regions: 16->12
[2024-09-09T03:12:30.252+0800][info] GC(22) Metaspace: 736K(896K)->736K(896K) NonClass: 671K(768K)->671K(768K) Class: 64K(128K)->64K(128K)
[2024-09-09T03:12:30.252+0800][info] GC(22) Pause Young (Concurrent Start) (G1 Humongous Allocation) 69M->52M(128M) 1.051ms
[2024-09-09T03:12:30.252+0800][info] GC(22) User=0.01s Sys=0.00s Real=0.00s
[2024-09-09T03:12:30.252+0800][info] GC(23) Concurrent Mark Cycle
[2024-09-09T03:12:30.252+0800][info] GC(23) Concurrent Clear Claimed Marks
[2024-09-09T03:12:30.252+0800][info] GC(23) Concurrent Clear Claimed Marks 0.018ms
[2024-09-09T03:12:30.252+0800][info] GC(23) Concurrent Scan Root Regions
[2024-09-09T03:12:30.252+0800][info] GC(23) Concurrent Scan Root Regions 0.087ms
[2024-09-09T03:12:30.252+0800][info] GC(23) Concurrent Mark
[2024-09-09T03:12:30.252+0800][info] GC(23) Concurrent Mark From Roots
[2024-09-09T03:12:30.253+0800][info] GC(23) Using 12 workers of 12 for marking
[2024-09-09T03:12:30.255+0800][info] GC(23) Concurrent Mark From Roots 2.016ms
[2024-09-09T03:12:30.255+0800][info] GC(23) Concurrent Preclean
[2024-09-09T03:12:30.256+0800][info] GC(23) Concurrent Preclean 1.800ms
[2024-09-09T03:12:30.256+0800][info] GC(23) Pause Remark
[2024-09-09T03:12:30.258+0800][info] GC(23) Pause Remark 69M->69M(128M) 1.227ms
[2024-09-09T03:12:30.258+0800][info] GC(23) User=0.00s Sys=0.00s Real=0.01s
[2024-09-09T03:12:30.258+0800][info] GC(23) Concurrent Mark 5.231ms
[2024-09-09T03:12:30.258+0800][info] GC(23) Concurrent Rebuild Remembered Sets
[2024-09-09T03:12:30.258+0800][info] GC(23) Concurrent Rebuild Remembered Sets 0.019ms
[2024-09-09T03:12:30.258+0800][info] GC(23) Pause Cleanup
[2024-09-09T03:12:30.258+0800][info] GC(23) Pause Cleanup 69M->69M(128M) 0.019ms
[2024-09-09T03:12:30.258+0800][info] GC(23) User=0.00s Sys=0.00s Real=0.00s
[2024-09-09T03:12:30.258+0800][info] GC(23) Concurrent Cleanup for Next Mark
[2024-09-09T03:12:30.258+0800][info] GC(23) Concurrent Cleanup for Next Mark 0.195ms
[2024-09-09T03:12:30.258+0800][info] GC(23) Concurrent Mark Cycle 5.796ms
[2024-09-09T03:12:30.827+0800][info] GC(24) Pause Young (Concurrent Start) (G1 Humongous Allocation)
[2024-09-09T03:12:30.827+0800][info] GC(24) Using 3 workers of 48 for evacuation
[2024-09-09T03:12:30.828+0800][info] GC(24)   Pre Evacuate Collection Set: 0.1ms
[2024-09-09T03:12:30.828+0800][info] GC(24)   Merge Heap Roots: 0.0ms
[2024-09-09T03:12:30.828+0800][info] GC(24)   Evacuate Collection Set: 0.4ms
[2024-09-09T03:12:30.828+0800][info] GC(24)   Post Evacuate Collection Set: 0.2ms
[2024-09-09T03:12:30.828+0800][info] GC(24)   Other: 0.3ms
[2024-09-09T03:12:30.828+0800][info] GC(24) Eden regions: 1->0(1)
[2024-09-09T03:12:30.828+0800][info] GC(24) Survivor regions: 1->1(1)
[2024-09-09T03:12:30.828+0800][info] GC(24) Old regions: 1->1
[2024-09-09T03:12:30.828+0800][info] GC(24) Archive regions: 2->2
[2024-09-09T03:12:30.828+0800][info] GC(24) Humongous regions: 16->12
[2024-09-09T03:12:30.828+0800][info] GC(24) Metaspace: 737K(896K)->737K(896K) NonClass: 672K(768K)->672K(768K) Class: 64K(128K)->64K(128K)
[2024-09-09T03:12:30.828+0800][info] GC(24) Pause Young (Concurrent Start) (G1 Humongous Allocation) 69M->52M(128M) 1.227ms
[2024-09-09T03:12:30.828+0800][info] GC(24) User=0.01s Sys=0.00s Real=0.00s
[2024-09-09T03:12:30.828+0800][info] GC(25) Concurrent Mark Cycle
[2024-09-09T03:12:30.828+0800][info] GC(25) Concurrent Clear Claimed Marks
[2024-09-09T03:12:30.828+0800][info] GC(25) Concurrent Clear Claimed Marks 0.024ms
[2024-09-09T03:12:30.828+0800][info] GC(25) Concurrent Scan Root Regions
[2024-09-09T03:12:30.828+0800][info] GC(25) Concurrent Scan Root Regions 0.064ms
[2024-09-09T03:12:30.828+0800][info] GC(25) Concurrent Mark
[2024-09-09T03:12:30.828+0800][info] GC(25) Concurrent Mark From Roots
[2024-09-09T03:12:30.828+0800][info] GC(25) Using 12 workers of 12 for marking
[2024-09-09T03:12:30.832+0800][info] GC(25) Concurrent Mark From Roots 3.637ms
[2024-09-09T03:12:30.832+0800][info] GC(25) Concurrent Preclean
[2024-09-09T03:12:30.834+0800][info] GC(25) Concurrent Preclean 1.764ms
[2024-09-09T03:12:30.834+0800][info] GC(25) Pause Remark
[2024-09-09T03:12:30.835+0800][info] GC(25) Pause Remark 69M->69M(128M) 1.118ms
[2024-09-09T03:12:30.835+0800][info] GC(25) User=0.00s Sys=0.00s Real=0.00s
[2024-09-09T03:12:30.835+0800][info] GC(25) Concurrent Mark 6.778ms
[2024-09-09T03:12:30.835+0800][info] GC(25) Concurrent Rebuild Remembered Sets
[2024-09-09T03:12:30.835+0800][info] GC(25) Concurrent Rebuild Remembered Sets 0.012ms
[2024-09-09T03:12:30.835+0800][info] GC(25) Pause Cleanup
[2024-09-09T03:12:30.835+0800][info] GC(25) Pause Cleanup 69M->69M(128M) 0.019ms
[2024-09-09T03:12:30.835+0800][info] GC(25) User=0.00s Sys=0.00s Real=0.00s
[2024-09-09T03:12:30.835+0800][info] GC(25) Concurrent Cleanup for Next Mark
[2024-09-09T03:12:30.836+0800][info] GC(25) Concurrent Cleanup for Next Mark 0.201ms
[2024-09-09T03:12:30.836+0800][info] GC(25) Concurrent Mark Cycle 7.398ms
[2024-09-09T03:12:31.914+0800][info] GC(26) Pause Young (Normal) (G1 Evacuation Pause)
[2024-09-09T03:12:31.914+0800][info] GC(26) Using 3 workers of 48 for evacuation
[2024-09-09T03:12:31.914+0800][info] GC(26)   Pre Evacuate Collection Set: 0.0ms
[2024-09-09T03:12:31.914+0800][info] GC(26)   Merge Heap Roots: 0.0ms
[2024-09-09T03:12:31.914+0800][info] GC(26)   Evacuate Collection Set: 0.5ms
[2024-09-09T03:12:31.914+0800][info] GC(26)   Post Evacuate Collection Set: 0.1ms
[2024-09-09T03:12:31.914+0800][info] GC(26)   Other: 0.1ms
[2024-09-09T03:12:31.914+0800][info] GC(26) Eden regions: 1->0(1)
[2024-09-09T03:12:31.914+0800][info] GC(26) Survivor regions: 1->1(1)
[2024-09-09T03:12:31.914+0800][info] GC(26) Old regions: 1->1
[2024-09-09T03:12:31.914+0800][info] GC(26) Archive regions: 2->2
[2024-09-09T03:12:31.914+0800][info] GC(26) Humongous regions: 16->12
[2024-09-09T03:12:31.914+0800][info] GC(26) Metaspace: 749K(896K)->749K(896K) NonClass: 684K(768K)->684K(768K) Class: 64K(128K)->64K(128K)
[2024-09-09T03:12:31.914+0800][info] GC(26) Pause Young (Normal) (G1 Evacuation Pause) 72M->56M(128M) 0.927ms
[2024-09-09T03:12:31.914+0800][info] GC(26) User=0.00s Sys=0.00s Real=0.00s
[2024-09-09T03:12:32.414+0800][info] GC(27) Pause Young (Concurrent Start) (G1 Evacuation Pause)
[2024-09-09T03:12:32.414+0800][info] GC(27) Using 3 workers of 48 for evacuation
[2024-09-09T03:12:32.415+0800][info] GC(27)   Pre Evacuate Collection Set: 0.1ms
[2024-09-09T03:12:32.415+0800][info] GC(27)   Merge Heap Roots: 0.0ms
[2024-09-09T03:12:32.415+0800][info] GC(27)   Evacuate Collection Set: 1.1ms
[2024-09-09T03:12:32.415+0800][info] GC(27)   Post Evacuate Collection Set: 0.2ms
[2024-09-09T03:12:32.415+0800][info] GC(27)   Other: 0.3ms
[2024-09-09T03:12:32.415+0800][info] GC(27) Eden regions: 1->0(1)
[2024-09-09T03:12:32.415+0800][info] GC(27) Survivor regions: 1->1(1)
[2024-09-09T03:12:32.415+0800][info] GC(27) Old regions: 1->2
[2024-09-09T03:12:32.415+0800][info] GC(27) Archive regions: 2->2
[2024-09-09T03:12:32.415+0800][info] GC(27) Humongous regions: 12->12
[2024-09-09T03:12:32.415+0800][info] GC(27) Metaspace: 749K(896K)->749K(896K) NonClass: 684K(768K)->684K(768K) Class: 64K(128K)->64K(128K)
[2024-09-09T03:12:32.415+0800][info] GC(27) Pause Young (Concurrent Start) (G1 Evacuation Pause) 60M->60M(128M) 1.844ms
[2024-09-09T03:12:32.416+0800][info] GC(27) User=0.01s Sys=0.00s Real=0.00s
[2024-09-09T03:12:32.416+0800][info] GC(28) Concurrent Mark Cycle
[2024-09-09T03:12:32.416+0800][info] GC(28) Concurrent Clear Claimed Marks
[2024-09-09T03:12:32.416+0800][info] GC(28) Concurrent Clear Claimed Marks 0.025ms
[2024-09-09T03:12:32.416+0800][info] GC(28) Concurrent Scan Root Regions
[2024-09-09T03:12:32.416+0800][info] GC(28) Concurrent Scan Root Regions 0.094ms
[2024-09-09T03:12:32.416+0800][info] GC(28) Concurrent Mark
[2024-09-09T03:12:32.416+0800][info] GC(28) Concurrent Mark From Roots
[2024-09-09T03:12:32.416+0800][info] GC(28) Using 12 workers of 12 for marking
[2024-09-09T03:12:32.418+0800][info] GC(28) Concurrent Mark From Roots 2.106ms
[2024-09-09T03:12:32.418+0800][info] GC(28) Concurrent Preclean
[2024-09-09T03:12:32.420+0800][info] GC(28) Concurrent Preclean 1.744ms
[2024-09-09T03:12:32.420+0800][info] GC(28) Pause Remark
[2024-09-09T03:12:32.421+0800][info] GC(28) Pause Remark 60M->60M(128M) 0.994ms
[2024-09-09T03:12:32.421+0800][info] GC(28) User=0.00s Sys=0.00s Real=0.00s
[2024-09-09T03:12:32.421+0800][info] GC(28) Concurrent Mark 4.995ms
[2024-09-09T03:12:32.421+0800][info] GC(28) Concurrent Rebuild Remembered Sets
[2024-09-09T03:12:32.421+0800][info] GC(28) Concurrent Rebuild Remembered Sets 0.012ms
[2024-09-09T03:12:32.421+0800][info] GC(28) Pause Cleanup
[2024-09-09T03:12:32.421+0800][info] GC(28) Pause Cleanup 60M->60M(128M) 0.019ms
[2024-09-09T03:12:32.421+0800][info] GC(28) User=0.00s Sys=0.00s Real=0.00s
[2024-09-09T03:12:32.421+0800][info] GC(28) Concurrent Cleanup for Next Mark
[2024-09-09T03:12:32.421+0800][info] GC(28) Concurrent Cleanup for Next Mark 0.253ms
[2024-09-09T03:12:32.421+0800][info] GC(28) Concurrent Mark Cycle 5.607ms
[2024-09-09T03:12:33.067+0800][info] GC(29) Pause Young (Normal) (G1 Evacuation Pause)
[2024-09-09T03:12:33.067+0800][info] GC(29) Using 3 workers of 48 for evacuation
[2024-09-09T03:12:33.068+0800][info] GC(29)   Pre Evacuate Collection Set: 0.0ms
[2024-09-09T03:12:33.068+0800][info] GC(29)   Merge Heap Roots: 0.0ms
[2024-09-09T03:12:33.068+0800][info] GC(29)   Evacuate Collection Set: 1.0ms
[2024-09-09T03:12:33.068+0800][info] GC(29)   Post Evacuate Collection Set: 0.2ms
[2024-09-09T03:12:33.068+0800][info] GC(29)   Other: 0.2ms
[2024-09-09T03:12:33.068+0800][info] GC(29) Eden regions: 1->0(1)
[2024-09-09T03:12:33.068+0800][info] GC(29) Survivor regions: 1->1(1)
[2024-09-09T03:12:33.068+0800][info] GC(29) Old regions: 2->3
[2024-09-09T03:12:33.068+0800][info] GC(29) Archive regions: 2->2
[2024-09-09T03:12:33.068+0800][info] GC(29) Humongous regions: 12->12
[2024-09-09T03:12:33.068+0800][info] GC(29) Metaspace: 749K(896K)->749K(896K) NonClass: 684K(768K)->684K(768K) Class: 64K(128K)->64K(128K)
[2024-09-09T03:12:33.068+0800][info] GC(29) Pause Young (Normal) (G1 Evacuation Pause) 64M->64M(128M) 1.525ms
[2024-09-09T03:12:33.068+0800][info] GC(29) User=0.00s Sys=0.00s Real=0.00s
[2024-09-09T03:12:33.568+0800][info] GC(30) Pause Young (Concurrent Start) (G1 Evacuation Pause)
[2024-09-09T03:12:33.568+0800][info] GC(30) Using 3 workers of 48 for evacuation
[2024-09-09T03:12:33.570+0800][info] GC(30)   Pre Evacuate Collection Set: 0.1ms
[2024-09-09T03:12:33.570+0800][info] GC(30)   Merge Heap Roots: 0.0ms
[2024-09-09T03:12:33.570+0800][info] GC(30)   Evacuate Collection Set: 1.2ms
[2024-09-09T03:12:33.570+0800][info] GC(30)   Post Evacuate Collection Set: 0.2ms
[2024-09-09T03:12:33.570+0800][info] GC(30)   Other: 0.3ms
[2024-09-09T03:12:33.570+0800][info] GC(30) Eden regions: 1->0(1)
[2024-09-09T03:12:33.570+0800][info] GC(30) Survivor regions: 1->1(1)
[2024-09-09T03:12:33.570+0800][info] GC(30) Old regions: 3->4
[2024-09-09T03:12:33.570+0800][info] GC(30) Archive regions: 2->2
[2024-09-09T03:12:33.570+0800][info] GC(30) Humongous regions: 12->12
[2024-09-09T03:12:33.570+0800][info] GC(30) Metaspace: 749K(896K)->749K(896K) NonClass: 684K(768K)->684K(768K) Class: 64K(128K)->64K(128K)
[2024-09-09T03:12:33.570+0800][info] GC(30) Pause Young (Concurrent Start) (G1 Evacuation Pause) 68M->68M(128M) 1.898ms
[2024-09-09T03:12:33.570+0800][info] GC(30) User=0.01s Sys=0.00s Real=0.00s
[2024-09-09T03:12:33.570+0800][info] GC(31) Concurrent Mark Cycle
[2024-09-09T03:12:33.570+0800][info] GC(31) Concurrent Clear Claimed Marks
[2024-09-09T03:12:33.570+0800][info] GC(31) Concurrent Clear Claimed Marks 0.019ms
[2024-09-09T03:12:33.570+0800][info] GC(31) Concurrent Scan Root Regions
[2024-09-09T03:12:33.570+0800][info] GC(31) Concurrent Scan Root Regions 0.073ms
[2024-09-09T03:12:33.570+0800][info] GC(31) Concurrent Mark
[2024-09-09T03:12:33.570+0800][info] GC(31) Concurrent Mark From Roots
[2024-09-09T03:12:33.570+0800][info] GC(31) Using 12 workers of 12 for marking
[2024-09-09T03:12:33.572+0800][info] GC(31) Concurrent Mark From Roots 2.068ms
[2024-09-09T03:12:33.572+0800][info] GC(31) Concurrent Preclean
[2024-09-09T03:12:33.574+0800][info] GC(31) Concurrent Preclean 1.782ms
[2024-09-09T03:12:33.574+0800][info] GC(31) Pause Remark
[2024-09-09T03:12:33.576+0800][info] GC(31) Pause Remark 68M->20M(128M) 1.216ms
[2024-09-09T03:12:33.576+0800][info] GC(31) User=0.00s Sys=0.00s Real=0.00s
[2024-09-09T03:12:33.576+0800][info] GC(31) Concurrent Mark 5.286ms
[2024-09-09T03:12:33.576+0800][info] GC(31) Concurrent Rebuild Remembered Sets
[2024-09-09T03:12:33.576+0800][info] GC(31) Concurrent Rebuild Remembered Sets 0.012ms
[2024-09-09T03:12:33.576+0800][info] GC(31) Pause Cleanup
[2024-09-09T03:12:33.576+0800][info] GC(31) Pause Cleanup 20M->20M(128M) 0.019ms
[2024-09-09T03:12:33.576+0800][info] GC(31) User=0.00s Sys=0.00s Real=0.00s
[2024-09-09T03:12:33.576+0800][info] GC(31) Concurrent Cleanup for Next Mark
[2024-09-09T03:12:33.576+0800][info] GC(31) Concurrent Cleanup for Next Mark 0.202ms
[2024-09-09T03:12:33.576+0800][info] GC(31) Concurrent Mark Cycle 5.817ms
[2024-09-09T03:12:34.222+0800][info] GC(32) Pause Young (Normal) (G1 Evacuation Pause)
[2024-09-09T03:12:34.222+0800][info] GC(32) Using 3 workers of 48 for evacuation
[2024-09-09T03:12:34.224+0800][info] GC(32)   Pre Evacuate Collection Set: 0.1ms
[2024-09-09T03:12:34.224+0800][info] GC(32)   Merge Heap Roots: 0.1ms
[2024-09-09T03:12:34.224+0800][info] GC(32)   Evacuate Collection Set: 1.1ms
[2024-09-09T03:12:34.224+0800][info] GC(32)   Post Evacuate Collection Set: 0.2ms
[2024-09-09T03:12:34.224+0800][info] GC(32)   Other: 0.2ms
[2024-09-09T03:12:34.224+0800][info] GC(32) Eden regions: 1->0(1)
[2024-09-09T03:12:34.224+0800][info] GC(32) Survivor regions: 1->1(1)
[2024-09-09T03:12:34.224+0800][info] GC(32) Old regions: 4->5
[2024-09-09T03:12:34.224+0800][info] GC(32) Archive regions: 2->2
[2024-09-09T03:12:34.224+0800][info] GC(32) Humongous regions: 0->0
[2024-09-09T03:12:34.224+0800][info] GC(32) Metaspace: 749K(896K)->749K(896K) NonClass: 685K(768K)->685K(768K) Class: 64K(128K)->64K(128K)
[2024-09-09T03:12:34.224+0800][info] GC(32) Pause Young (Normal) (G1 Evacuation Pause) 24M->24M(128M) 1.777ms
[2024-09-09T03:12:34.224+0800][info] GC(32) User=0.01s Sys=0.00s Real=0.00s
[2024-09-09T03:12:34.725+0800][info] GC(33) Pause Young (Normal) (G1 Evacuation Pause)
[2024-09-09T03:12:34.725+0800][info] GC(33) Using 3 workers of 48 for evacuation
[2024-09-09T03:12:34.726+0800][info] GC(33)   Pre Evacuate Collection Set: 0.1ms
[2024-09-09T03:12:34.726+0800][info] GC(33)   Merge Heap Roots: 0.0ms
[2024-09-09T03:12:34.726+0800][info] GC(33)   Evacuate Collection Set: 1.1ms
[2024-09-09T03:12:34.726+0800][info] GC(33)   Post Evacuate Collection Set: 0.2ms
[2024-09-09T03:12:34.726+0800][info] GC(33)   Other: 0.2ms
[2024-09-09T03:12:34.726+0800][info] GC(33) Eden regions: 1->0(1)
[2024-09-09T03:12:34.726+0800][info] GC(33) Survivor regions: 1->1(1)
[2024-09-09T03:12:34.726+0800][info] GC(33) Old regions: 5->6
[2024-09-09T03:12:34.726+0800][info] GC(33) Archive regions: 2->2
[2024-09-09T03:12:34.726+0800][info] GC(33) Humongous regions: 0->0
[2024-09-09T03:12:34.726+0800][info] GC(33) Metaspace: 749K(896K)->749K(896K) NonClass: 685K(768K)->685K(768K) Class: 64K(128K)->64K(128K)
[2024-09-09T03:12:34.727+0800][info] GC(33) Pause Young (Normal) (G1 Evacuation Pause) 28M->28M(128M) 1.814ms
[2024-09-09T03:12:34.727+0800][info] GC(33) User=0.00s Sys=0.00s Real=0.01s
[2024-09-09T03:12:35.227+0800][info] GC(34) Pause Young (Normal) (G1 Evacuation Pause)
[2024-09-09T03:12:35.227+0800][info] GC(34) Using 3 workers of 48 for evacuation
[2024-09-09T03:12:35.228+0800][info] GC(34)   Pre Evacuate Collection Set: 0.1ms
[2024-09-09T03:12:35.228+0800][info] GC(34)   Merge Heap Roots: 0.0ms
[2024-09-09T03:12:35.228+0800][info] GC(34)   Evacuate Collection Set: 1.0ms
[2024-09-09T03:12:35.228+0800][info] GC(34)   Post Evacuate Collection Set: 0.2ms
[2024-09-09T03:12:35.228+0800][info] GC(34)   Other: 0.2ms
[2024-09-09T03:12:35.228+0800][info] GC(34) Eden regions: 1->0(1)
[2024-09-09T03:12:35.228+0800][info] GC(34) Survivor regions: 1->1(1)
[2024-09-09T03:12:35.229+0800][info] GC(34) Old regions: 6->7
[2024-09-09T03:12:35.229+0800][info] GC(34) Archive regions: 2->2
[2024-09-09T03:12:35.229+0800][info] GC(34) Humongous regions: 0->0
[2024-09-09T03:12:35.229+0800][info] GC(34) Metaspace: 749K(896K)->749K(896K) NonClass: 685K(768K)->685K(768K) Class: 64K(128K)->64K(128K)
[2024-09-09T03:12:35.229+0800][info] GC(34) Pause Young (Normal) (G1 Evacuation Pause) 32M->32M(128M) 1.733ms
[2024-09-09T03:12:35.229+0800][info] GC(34) User=0.01s Sys=0.00s Real=0.00s
[2024-09-09T03:12:35.729+0800][info] GC(35) Pause Young (Normal) (G1 Evacuation Pause)
[2024-09-09T03:12:35.729+0800][info] GC(35) Using 3 workers of 48 for evacuation
[2024-09-09T03:12:35.731+0800][info] GC(35)   Pre Evacuate Collection Set: 0.0ms
[2024-09-09T03:12:35.731+0800][info] GC(35)   Merge Heap Roots: 0.0ms
[2024-09-09T03:12:35.731+0800][info] GC(35)   Evacuate Collection Set: 1.0ms
[2024-09-09T03:12:35.731+0800][info] GC(35)   Post Evacuate Collection Set: 0.2ms
[2024-09-09T03:12:35.731+0800][info] GC(35)   Other: 0.2ms
[2024-09-09T03:12:35.731+0800][info] GC(35) Eden regions: 1->0(1)
[2024-09-09T03:12:35.731+0800][info] GC(35) Survivor regions: 1->1(1)
[2024-09-09T03:12:35.731+0800][info] GC(35) Old regions: 7->8
[2024-09-09T03:12:35.731+0800][info] GC(35) Archive regions: 2->2
[2024-09-09T03:12:35.731+0800][info] GC(35) Humongous regions: 0->0
[2024-09-09T03:12:35.731+0800][info] GC(35) Metaspace: 749K(896K)->749K(896K) NonClass: 685K(768K)->685K(768K) Class: 64K(128K)->64K(128K)
[2024-09-09T03:12:35.731+0800][info] GC(35) Pause Young (Normal) (G1 Evacuation Pause) 36M->36M(128M) 1.725ms
[2024-09-09T03:12:35.731+0800][info] GC(35) User=0.00s Sys=0.00s Real=0.00s
[2024-09-09T03:12:36.230+0800][info] GC(36) Pause Young (Normal) (G1 Evacuation Pause)
[2024-09-09T03:12:36.230+0800][info] GC(36) Using 3 workers of 48 for evacuation
[2024-09-09T03:12:36.232+0800][info] GC(36)   Pre Evacuate Collection Set: 0.1ms
[2024-09-09T03:12:36.232+0800][info] GC(36)   Merge Heap Roots: 0.0ms
[2024-09-09T03:12:36.232+0800][info] GC(36)   Evacuate Collection Set: 1.0ms
[2024-09-09T03:12:36.232+0800][info] GC(36)   Post Evacuate Collection Set: 0.2ms
[2024-09-09T03:12:36.232+0800][info] GC(36)   Other: 0.2ms
[2024-09-09T03:12:36.232+0800][info] GC(36) Eden regions: 1->0(1)
[2024-09-09T03:12:36.232+0800][info] GC(36) Survivor regions: 1->1(1)
[2024-09-09T03:12:36.232+0800][info] GC(36) Old regions: 8->9
[2024-09-09T03:12:36.232+0800][info] GC(36) Archive regions: 2->2
[2024-09-09T03:12:36.232+0800][info] GC(36) Humongous regions: 0->0
[2024-09-09T03:12:36.232+0800][info] GC(36) Metaspace: 749K(896K)->749K(896K) NonClass: 685K(768K)->685K(768K) Class: 64K(128K)->64K(128K)
[2024-09-09T03:12:36.232+0800][info] GC(36) Pause Young (Normal) (G1 Evacuation Pause) 40M->40M(128M) 1.743ms
[2024-09-09T03:12:36.232+0800][info] GC(36) User=0.00s Sys=0.00s Real=0.00s
[2024-09-09T03:12:36.732+0800][info] GC(37) Pause Young (Normal) (G1 Evacuation Pause)
[2024-09-09T03:12:36.732+0800][info] GC(37) Using 3 workers of 48 for evacuation
[2024-09-09T03:12:36.734+0800][info] GC(37)   Pre Evacuate Collection Set: 0.1ms
[2024-09-09T03:12:36.734+0800][info] GC(37)   Merge Heap Roots: 0.0ms
[2024-09-09T03:12:36.734+0800][info] GC(37)   Evacuate Collection Set: 1.1ms
[2024-09-09T03:12:36.734+0800][info] GC(37)   Post Evacuate Collection Set: 0.2ms
[2024-09-09T03:12:36.734+0800][info] GC(37)   Other: 0.2ms
[2024-09-09T03:12:36.734+0800][info] GC(37) Eden regions: 1->0(1)
[2024-09-09T03:12:36.734+0800][info] GC(37) Survivor regions: 1->1(1)
[2024-09-09T03:12:36.734+0800][info] GC(37) Old regions: 9->10
[2024-09-09T03:12:36.734+0800][info] GC(37) Archive regions: 2->2
[2024-09-09T03:12:36.734+0800][info] GC(37) Humongous regions: 0->0
[2024-09-09T03:12:36.734+0800][info] GC(37) Metaspace: 749K(896K)->749K(896K) NonClass: 685K(768K)->685K(768K) Class: 64K(128K)->64K(128K)
[2024-09-09T03:12:36.734+0800][info] GC(37) Pause Young (Normal) (G1 Evacuation Pause) 44M->44M(128M) 1.856ms
[2024-09-09T03:12:36.734+0800][info] GC(37) User=0.00s Sys=0.00s Real=0.00s
[2024-09-09T03:12:37.235+0800][info] GC(38) Pause Young (Concurrent Start) (G1 Evacuation Pause)
[2024-09-09T03:12:37.235+0800][info] GC(38) Using 3 workers of 48 for evacuation
[2024-09-09T03:12:37.237+0800][info] GC(38)   Pre Evacuate Collection Set: 0.1ms
[2024-09-09T03:12:37.237+0800][info] GC(38)   Merge Heap Roots: 0.0ms
[2024-09-09T03:12:37.237+0800][info] GC(38)   Evacuate Collection Set: 1.1ms
[2024-09-09T03:12:37.237+0800][info] GC(38)   Post Evacuate Collection Set: 0.2ms
[2024-09-09T03:12:37.237+0800][info] GC(38)   Other: 0.3ms
[2024-09-09T03:12:37.237+0800][info] GC(38) Eden regions: 1->0(1)
[2024-09-09T03:12:37.237+0800][info] GC(38) Survivor regions: 1->1(1)
[2024-09-09T03:12:37.237+0800][info] GC(38) Old regions: 10->11
[2024-09-09T03:12:37.237+0800][info] GC(38) Archive regions: 2->2
[2024-09-09T03:12:37.237+0800][info] GC(38) Humongous regions: 0->0
[2024-09-09T03:12:37.237+0800][info] GC(38) Metaspace: 749K(896K)->749K(896K) NonClass: 685K(768K)->685K(768K) Class: 64K(128K)->64K(128K)
[2024-09-09T03:12:37.237+0800][info] GC(38) Pause Young (Concurrent Start) (G1 Evacuation Pause) 48M->48M(128M) 1.898ms
[2024-09-09T03:12:37.237+0800][info] GC(38) User=0.00s Sys=0.00s Real=0.01s
[2024-09-09T03:12:37.237+0800][info] GC(39) Concurrent Mark Cycle
[2024-09-09T03:12:37.237+0800][info] GC(39) Concurrent Clear Claimed Marks
[2024-09-09T03:12:37.237+0800][info] GC(39) Concurrent Clear Claimed Marks 0.021ms
[2024-09-09T03:12:37.237+0800][info] GC(39) Concurrent Scan Root Regions
[2024-09-09T03:12:37.237+0800][info] GC(39) Concurrent Scan Root Regions 0.099ms
[2024-09-09T03:12:37.238+0800][info] GC(39) Concurrent Mark
[2024-09-09T03:12:37.238+0800][info] GC(39) Concurrent Mark From Roots
[2024-09-09T03:12:37.238+0800][info] GC(39) Using 12 workers of 12 for marking
[2024-09-09T03:12:37.241+0800][info] GC(39) Concurrent Mark From Roots 3.355ms
[2024-09-09T03:12:37.241+0800][info] GC(39) Concurrent Preclean
[2024-09-09T03:12:37.243+0800][info] GC(39) Concurrent Preclean 1.735ms
[2024-09-09T03:12:37.243+0800][info] GC(39) Pause Remark
[2024-09-09T03:12:37.244+0800][info] GC(39) Pause Remark 48M->36M(128M) 1.262ms
[2024-09-09T03:12:37.244+0800][info] GC(39) User=0.01s Sys=0.00s Real=0.00s
[2024-09-09T03:12:37.244+0800][info] GC(39) Concurrent Mark 6.566ms
[2024-09-09T03:12:37.244+0800][info] GC(39) Concurrent Rebuild Remembered Sets
[2024-09-09T03:12:37.247+0800][info] GC(39) Concurrent Rebuild Remembered Sets 2.497ms
[2024-09-09T03:12:37.247+0800][info] GC(39) Pause Cleanup
[2024-09-09T03:12:37.247+0800][info] GC(39) Pause Cleanup 36M->36M(128M) 0.280ms
[2024-09-09T03:12:37.247+0800][info] GC(39) User=0.00s Sys=0.00s Real=0.00s
[2024-09-09T03:12:37.247+0800][info] GC(39) Concurrent Cleanup for Next Mark
[2024-09-09T03:12:37.247+0800][info] GC(39) Concurrent Cleanup for Next Mark 0.242ms
[2024-09-09T03:12:37.247+0800][info] GC(39) Concurrent Mark Cycle 10.019ms
[2024-09-09T03:12:37.891+0800][info] GC(40) Pause Young (Prepare Mixed) (G1 Evacuation Pause)
[2024-09-09T03:12:37.891+0800][info] GC(40) Using 3 workers of 48 for evacuation
[2024-09-09T03:12:37.893+0800][info] GC(40)   Pre Evacuate Collection Set: 0.1ms
[2024-09-09T03:12:37.893+0800][info] GC(40)   Merge Heap Roots: 0.1ms
[2024-09-09T03:12:37.893+0800][info] GC(40)   Evacuate Collection Set: 1.1ms
[2024-09-09T03:12:37.893+0800][info] GC(40)   Post Evacuate Collection Set: 0.2ms
[2024-09-09T03:12:37.893+0800][info] GC(40)   Other: 0.2ms
[2024-09-09T03:12:37.893+0800][info] GC(40) Eden regions: 1->0(1)
[2024-09-09T03:12:37.893+0800][info] GC(40) Survivor regions: 1->1(1)
[2024-09-09T03:12:37.893+0800][info] GC(40) Old regions: 8->9
[2024-09-09T03:12:37.893+0800][info] GC(40) Archive regions: 2->2
[2024-09-09T03:12:37.893+0800][info] GC(40) Humongous regions: 0->0
[2024-09-09T03:12:37.893+0800][info] GC(40) Metaspace: 778K(896K)->778K(896K) NonClass: 714K(768K)->714K(768K) Class: 64K(128K)->64K(128K)
[2024-09-09T03:12:37.893+0800][info] GC(40) Pause Young (Prepare Mixed) (G1 Evacuation Pause) 40M->40M(128M) 1.750ms
[2024-09-09T03:12:37.893+0800][info] GC(40) User=0.00s Sys=0.00s Real=0.00s
[2024-09-09T03:12:38.392+0800][info] GC(41) Pause Young (Mixed) (G1 Evacuation Pause)
[2024-09-09T03:12:38.392+0800][info] GC(41) Using 3 workers of 48 for evacuation
[2024-09-09T03:12:38.393+0800][info] GC(41)   Pre Evacuate Collection Set: 0.1ms
[2024-09-09T03:12:38.393+0800][info] GC(41)   Merge Heap Roots: 0.0ms
[2024-09-09T03:12:38.393+0800][info] GC(41)   Evacuate Collection Set: 1.1ms
[2024-09-09T03:12:38.393+0800][info] GC(41)   Post Evacuate Collection Set: 0.2ms
[2024-09-09T03:12:38.393+0800][info] GC(41)   Other: 0.2ms
[2024-09-09T03:12:38.393+0800][info] GC(41) Eden regions: 1->0(1)
[2024-09-09T03:12:38.393+0800][info] GC(41) Survivor regions: 1->1(1)
[2024-09-09T03:12:38.393+0800][info] GC(41) Old regions: 9->7
[2024-09-09T03:12:38.393+0800][info] GC(41) Archive regions: 2->2
[2024-09-09T03:12:38.393+0800][info] GC(41) Humongous regions: 0->0
[2024-09-09T03:12:38.393+0800][info] GC(41) Metaspace: 778K(896K)->778K(896K) NonClass: 714K(768K)->714K(768K) Class: 64K(128K)->64K(128K)
[2024-09-09T03:12:38.393+0800][info] GC(41) Pause Young (Mixed) (G1 Evacuation Pause) 44M->32M(128M) 1.697ms
[2024-09-09T03:12:38.394+0800][info] GC(41) User=0.00s Sys=0.00s Real=0.00s
[2024-09-09T03:12:38.892+0800][info] GC(42) Pause Young (Normal) (G1 Evacuation Pause)
[2024-09-09T03:12:38.892+0800][info] GC(42) Using 3 workers of 48 for evacuation
[2024-09-09T03:12:38.893+0800][info] GC(42)   Pre Evacuate Collection Set: 0.1ms
[2024-09-09T03:12:38.893+0800][info] GC(42)   Merge Heap Roots: 0.0ms
[2024-09-09T03:12:38.893+0800][info] GC(42)   Evacuate Collection Set: 1.1ms
[2024-09-09T03:12:38.893+0800][info] GC(42)   Post Evacuate Collection Set: 0.2ms
[2024-09-09T03:12:38.893+0800][info] GC(42)   Other: 0.2ms
[2024-09-09T03:12:38.893+0800][info] GC(42) Eden regions: 1->0(2)
[2024-09-09T03:12:38.893+0800][info] GC(42) Survivor regions: 1->1(1)
[2024-09-09T03:12:38.893+0800][info] GC(42) Old regions: 7->8
[2024-09-09T03:12:38.893+0800][info] GC(42) Archive regions: 2->2
[2024-09-09T03:12:38.893+0800][info] GC(42) Humongous regions: 0->0
[2024-09-09T03:12:38.893+0800][info] GC(42) Metaspace: 778K(896K)->778K(896K) NonClass: 714K(768K)->714K(768K) Class: 64K(128K)->64K(128K)
[2024-09-09T03:12:38.893+0800][info] GC(42) Pause Young (Normal) (G1 Evacuation Pause) 36M->36M(128M) 1.783ms
[2024-09-09T03:12:38.893+0800][info] GC(42) User=0.00s Sys=0.00s Real=0.00s
[2024-09-09T03:12:39.903+0800][info] GC(43) Pause Young (Normal) (G1 Evacuation Pause)
[2024-09-09T03:12:39.903+0800][info] GC(43) Using 3 workers of 48 for evacuation
[2024-09-09T03:12:39.905+0800][info] GC(43)   Pre Evacuate Collection Set: 0.1ms
[2024-09-09T03:12:39.905+0800][info] GC(43)   Merge Heap Roots: 0.0ms
[2024-09-09T03:12:39.905+0800][info] GC(43)   Evacuate Collection Set: 1.6ms
[2024-09-09T03:12:39.905+0800][info] GC(43)   Post Evacuate Collection Set: 0.2ms
[2024-09-09T03:12:39.905+0800][info] GC(43)   Other: 0.2ms
[2024-09-09T03:12:39.905+0800][info] GC(43) Eden regions: 2->0(3)
[2024-09-09T03:12:39.905+0800][info] GC(43) Survivor regions: 1->1(1)
[2024-09-09T03:12:39.905+0800][info] GC(43) Old regions: 8->10
[2024-09-09T03:12:39.905+0800][info] GC(43) Archive regions: 2->2
[2024-09-09T03:12:39.905+0800][info] GC(43) Humongous regions: 0->0
[2024-09-09T03:12:39.905+0800][info] GC(43) Metaspace: 778K(896K)->778K(896K) NonClass: 714K(768K)->714K(768K) Class: 64K(128K)->64K(128K)
[2024-09-09T03:12:39.905+0800][info] GC(43) Pause Young (Normal) (G1 Evacuation Pause) 44M->44M(128M) 2.287ms
[2024-09-09T03:12:39.905+0800][info] GC(43) User=0.00s Sys=0.01s Real=0.01s
[2024-09-09T03:12:41.415+0800][info] GC(44) Pause Young (Concurrent Start) (G1 Evacuation Pause)
[2024-09-09T03:12:41.415+0800][info] GC(44) Using 3 workers of 48 for evacuation
[2024-09-09T03:12:41.418+0800][info] GC(44)   Pre Evacuate Collection Set: 0.1ms
[2024-09-09T03:12:41.418+0800][info] GC(44)   Merge Heap Roots: 0.0ms
[2024-09-09T03:12:41.418+0800][info] GC(44)   Evacuate Collection Set: 2.3ms
[2024-09-09T03:12:41.418+0800][info] GC(44)   Post Evacuate Collection Set: 0.2ms
[2024-09-09T03:12:41.418+0800][info] GC(44)   Other: 0.3ms
[2024-09-09T03:12:41.418+0800][info] GC(44) Eden regions: 3->0(4)
[2024-09-09T03:12:41.418+0800][info] GC(44) Survivor regions: 1->1(1)
[2024-09-09T03:12:41.418+0800][info] GC(44) Old regions: 10->13
[2024-09-09T03:12:41.418+0800][info] GC(44) Archive regions: 2->2
[2024-09-09T03:12:41.418+0800][info] GC(44) Humongous regions: 0->0
[2024-09-09T03:12:41.418+0800][info] GC(44) Metaspace: 778K(896K)->778K(896K) NonClass: 714K(768K)->714K(768K) Class: 64K(128K)->64K(128K)
[2024-09-09T03:12:41.418+0800][info] GC(44) Pause Young (Concurrent Start) (G1 Evacuation Pause) 56M->56M(128M) 3.104ms
[2024-09-09T03:12:41.418+0800][info] GC(44) User=0.01s Sys=0.00s Real=0.01s
[2024-09-09T03:12:41.418+0800][info] GC(45) Concurrent Mark Cycle
[2024-09-09T03:12:41.418+0800][info] GC(45) Concurrent Clear Claimed Marks
[2024-09-09T03:12:41.418+0800][info] GC(45) Concurrent Clear Claimed Marks 0.022ms
[2024-09-09T03:12:41.418+0800][info] GC(45) Concurrent Scan Root Regions
[2024-09-09T03:12:41.419+0800][info] GC(45) Concurrent Scan Root Regions 0.105ms
[2024-09-09T03:12:41.419+0800][info] GC(45) Concurrent Mark
[2024-09-09T03:12:41.419+0800][info] GC(45) Concurrent Mark From Roots
[2024-09-09T03:12:41.419+0800][info] GC(45) Using 12 workers of 12 for marking
[2024-09-09T03:12:41.421+0800][info] GC(45) Concurrent Mark From Roots 1.867ms
[2024-09-09T03:12:41.421+0800][info] GC(45) Concurrent Preclean
[2024-09-09T03:12:41.422+0800][info] GC(45) Concurrent Preclean 1.806ms
[2024-09-09T03:12:41.422+0800][info] GC(45) Pause Remark
[2024-09-09T03:12:41.423+0800][info] GC(45) Pause Remark 56M->36M(128M) 1.004ms
[2024-09-09T03:12:41.423+0800][info] GC(45) User=0.00s Sys=0.00s Real=0.00s
[2024-09-09T03:12:41.423+0800][info] GC(45) Concurrent Mark 4.836ms
[2024-09-09T03:12:41.423+0800][info] GC(45) Concurrent Rebuild Remembered Sets
[2024-09-09T03:12:41.425+0800][info] GC(45) Concurrent Rebuild Remembered Sets 1.909ms
[2024-09-09T03:12:41.425+0800][info] GC(45) Pause Cleanup
[2024-09-09T03:12:41.426+0800][info] GC(45) Pause Cleanup 36M->36M(128M) 0.209ms
[2024-09-09T03:12:41.426+0800][info] GC(45) User=0.00s Sys=0.00s Real=0.00s
[2024-09-09T03:12:41.426+0800][info] GC(45) Concurrent Cleanup for Next Mark
[2024-09-09T03:12:41.426+0800][info] GC(45) Concurrent Cleanup for Next Mark 0.229ms
[2024-09-09T03:12:41.426+0800][info] GC(45) Concurrent Mark Cycle 7.596ms
[2024-09-09T03:12:43.581+0800][info] GC(46) Pause Young (Prepare Mixed) (G1 Evacuation Pause)
[2024-09-09T03:12:43.581+0800][info] GC(46) Using 3 workers of 48 for evacuation
[2024-09-09T03:12:43.584+0800][info] GC(46)   Pre Evacuate Collection Set: 0.1ms
[2024-09-09T03:12:43.584+0800][info] GC(46)   Merge Heap Roots: 0.1ms
[2024-09-09T03:12:43.584+0800][info] GC(46)   Evacuate Collection Set: 2.6ms
[2024-09-09T03:12:43.584+0800][info] GC(46)   Post Evacuate Collection Set: 0.2ms
[2024-09-09T03:12:43.584+0800][info] GC(46)   Other: 0.2ms
[2024-09-09T03:12:43.584+0800][info] GC(46) Eden regions: 4->0(1)
[2024-09-09T03:12:43.584+0800][info] GC(46) Survivor regions: 1->1(1)
[2024-09-09T03:12:43.584+0800][info] GC(46) Old regions: 8->12
[2024-09-09T03:12:43.584+0800][info] GC(46) Archive regions: 2->2
[2024-09-09T03:12:43.584+0800][info] GC(46) Humongous regions: 0->0
[2024-09-09T03:12:43.584+0800][info] GC(46) Metaspace: 782K(896K)->782K(896K) NonClass: 717K(768K)->717K(768K) Class: 64K(128K)->64K(128K)
[2024-09-09T03:12:43.584+0800][info] GC(46) Pause Young (Prepare Mixed) (G1 Evacuation Pause) 52M->52M(128M) 3.141ms
[2024-09-09T03:12:43.584+0800][info] GC(46) User=0.01s Sys=0.00s Real=0.00s
[2024-09-09T03:12:44.083+0800][info] GC(47) Pause Young (Mixed) (G1 Evacuation Pause)
[2024-09-09T03:12:44.083+0800][info] GC(47) Using 3 workers of 48 for evacuation
[2024-09-09T03:12:44.085+0800][info] GC(47)   Pre Evacuate Collection Set: 0.0ms
[2024-09-09T03:12:44.085+0800][info] GC(47)   Merge Heap Roots: 0.0ms
[2024-09-09T03:12:44.085+0800][info] GC(47)   Evacuate Collection Set: 1.2ms
[2024-09-09T03:12:44.085+0800][info] GC(47)   Post Evacuate Collection Set: 0.2ms
[2024-09-09T03:12:44.085+0800][info] GC(47)   Other: 0.2ms
[2024-09-09T03:12:44.085+0800][info] GC(47) Eden regions: 1->0(5)
[2024-09-09T03:12:44.085+0800][info] GC(47) Survivor regions: 1->1(1)
[2024-09-09T03:12:44.085+0800][info] GC(47) Old regions: 12->10
[2024-09-09T03:12:44.085+0800][info] GC(47) Archive regions: 2->2
[2024-09-09T03:12:44.085+0800][info] GC(47) Humongous regions: 0->0
[2024-09-09T03:12:44.085+0800][info] GC(47) Metaspace: 782K(896K)->782K(896K) NonClass: 717K(768K)->717K(768K) Class: 64K(128K)->64K(128K)
[2024-09-09T03:12:44.085+0800][info] GC(47) Pause Young (Mixed) (G1 Evacuation Pause) 56M->44M(128M) 2.010ms
[2024-09-09T03:12:44.085+0800][info] GC(47) User=0.01s Sys=0.00s Real=0.01s
[2024-09-09T03:12:44.876+0800][info] GC(48) Pause Young (Concurrent Start) (G1 Preventive Collection)
[2024-09-09T03:12:44.876+0800][info] GC(48) Using 3 workers of 48 for evacuation
[2024-09-09T03:12:44.878+0800][info] GC(48)   Pre Evacuate Collection Set: 0.1ms
[2024-09-09T03:12:44.878+0800][info] GC(48)   Merge Heap Roots: 0.0ms
[2024-09-09T03:12:44.878+0800][info] GC(48)   Evacuate Collection Set: 1.3ms
[2024-09-09T03:12:44.878+0800][info] GC(48)   Post Evacuate Collection Set: 0.2ms
[2024-09-09T03:12:44.878+0800][info] GC(48)   Other: 0.3ms
[2024-09-09T03:12:44.878+0800][info] GC(48) Eden regions: 2->0(1)
[2024-09-09T03:12:44.878+0800][info] GC(48) Survivor regions: 1->1(1)
[2024-09-09T03:12:44.878+0800][info] GC(48) Old regions: 10->12
[2024-09-09T03:12:44.878+0800][info] GC(48) Archive regions: 2->2
[2024-09-09T03:12:44.878+0800][info] GC(48) Humongous regions: 12->12
[2024-09-09T03:12:44.878+0800][info] GC(48) Metaspace: 798K(960K)->798K(960K) NonClass: 734K(832K)->734K(832K) Class: 64K(128K)->64K(128K)
[2024-09-09T03:12:44.878+0800][info] GC(48) Pause Young (Concurrent Start) (G1 Preventive Collection) 98M->98M(128M) 2.099ms
[2024-09-09T03:12:44.878+0800][info] GC(48) User=0.01s Sys=0.00s Real=0.01s
[2024-09-09T03:12:44.878+0800][info] Attempting full compaction
[2024-09-09T03:12:44.878+0800][info] GC(49) Concurrent Mark Cycle
[2024-09-09T03:12:44.878+0800][info] GC(50) Using 1 workers of 48 for full compaction
[2024-09-09T03:12:44.878+0800][info] GC(49) Concurrent Clear Claimed Marks
[2024-09-09T03:12:44.878+0800][info] GC(49) Concurrent Clear Claimed Marks 0.048ms
[2024-09-09T03:12:44.878+0800][info] GC(49) Concurrent Scan Root Regions
[2024-09-09T03:12:44.878+0800][info] GC(50) Pause Full (G1 Compaction Pause)
[2024-09-09T03:12:44.878+0800][info] GC(49) Concurrent Scan Root Regions 0.097ms
[2024-09-09T03:12:44.878+0800][info] GC(49) Concurrent Mark
[2024-09-09T03:12:44.878+0800][info] GC(49) Concurrent Mark From Roots
[2024-09-09T03:12:44.879+0800][info] GC(49) Using 12 workers of 12 for marking
[2024-09-09T03:12:44.879+0800][info] GC(50) Phase 1: Mark live objects
[2024-09-09T03:12:44.886+0800][info] GC(50) Phase 1: Mark live objects 7.080ms
[2024-09-09T03:12:44.886+0800][info] GC(50) Phase 2: Prepare for compaction
[2024-09-09T03:12:44.887+0800][info] GC(50) Phase 2: Prepare for compaction 0.964ms
[2024-09-09T03:12:44.887+0800][info] GC(50) Phase 3: Adjust pointers
[2024-09-09T03:12:44.889+0800][info] GC(50) Phase 3: Adjust pointers 1.719ms
[2024-09-09T03:12:44.889+0800][info] GC(50) Phase 4: Compact heap
[2024-09-09T03:12:44.889+0800][info] GC(50) Phase 4: Compact heap 0.881ms
[2024-09-09T03:12:44.890+0800][info] GC(50) Eden regions: 0->0(4)
[2024-09-09T03:12:44.890+0800][info] GC(50) Survivor regions: 1->0(1)
[2024-09-09T03:12:44.890+0800][info] GC(50) Old regions: 12->1
[2024-09-09T03:12:44.890+0800][info] GC(50) Archive regions: 2->2
[2024-09-09T03:12:44.890+0800][info] GC(50) Humongous regions: 12->12
[2024-09-09T03:12:44.890+0800][info] GC(50) Metaspace: 798K(960K)->788K(960K) NonClass: 734K(832K)->726K(832K) Class: 64K(128K)->62K(128K)
[2024-09-09T03:12:44.890+0800][info] GC(50) Pause Full (G1 Compaction Pause) 98M->52M(128M) 11.986ms
[2024-09-09T03:12:44.890+0800][info] GC(50) User=0.01s Sys=0.00s Real=0.01s
[2024-09-09T03:12:44.891+0800][info] GC(49) Concurrent Mark From Roots 12.135ms
[2024-09-09T03:12:44.891+0800][info] GC(49) Concurrent Mark Abort
[2024-09-09T03:12:44.891+0800][info] GC(49) Concurrent Mark Cycle 12.498ms
[2024-09-09T03:12:44.913+0800][info] GC(51) Pause Young (Concurrent Start) (G1 Humongous Allocation)
[2024-09-09T03:12:44.913+0800][info] GC(51) Using 3 workers of 48 for evacuation
[2024-09-09T03:12:44.913+0800][info] GC(51)   Pre Evacuate Collection Set: 0.1ms
[2024-09-09T03:12:44.913+0800][info] GC(51)   Merge Heap Roots: 0.0ms
[2024-09-09T03:12:44.913+0800][info] GC(51)   Evacuate Collection Set: 0.2ms
[2024-09-09T03:12:44.913+0800][info] GC(51)   Post Evacuate Collection Set: 0.2ms
[2024-09-09T03:12:44.913+0800][info] GC(51)   Other: 0.3ms
[2024-09-09T03:12:44.913+0800][info] GC(51) Eden regions: 1->0(1)
[2024-09-09T03:12:44.913+0800][info] GC(51) Survivor regions: 0->1(1)
[2024-09-09T03:12:44.913+0800][info] GC(51) Old regions: 1->1
[2024-09-09T03:12:44.914+0800][info] GC(51) Archive regions: 2->2
[2024-09-09T03:12:44.914+0800][info] GC(51) Humongous regions: 16->16
[2024-09-09T03:12:44.914+0800][info] GC(51) Metaspace: 788K(960K)->788K(960K) NonClass: 726K(832K)->726K(832K) Class: 62K(128K)->62K(128K)
[2024-09-09T03:12:44.914+0800][info] GC(51) Pause Young (Concurrent Start) (G1 Humongous Allocation) 69M->68M(128M) 0.851ms
[2024-09-09T03:12:44.914+0800][info] GC(51) User=0.00s Sys=0.00s Real=0.00s
[2024-09-09T03:12:44.914+0800][info] GC(52) Concurrent Undo Cycle
[2024-09-09T03:12:44.914+0800][info] GC(52) Concurrent Cleanup for Next Mark
[2024-09-09T03:12:44.914+0800][info] GC(52) Concurrent Cleanup for Next Mark 0.226ms
[2024-09-09T03:12:44.914+0800][info] GC(52) Concurrent Undo Cycle 0.316ms
[2024-09-09T03:12:44.936+0800][info] GC(53) Pause Young (Concurrent Start) (G1 Humongous Allocation)
[2024-09-09T03:12:44.936+0800][info] GC(53) Using 3 workers of 48 for evacuation
[2024-09-09T03:12:44.937+0800][info] GC(53)   Pre Evacuate Collection Set: 0.0ms
[2024-09-09T03:12:44.937+0800][info] GC(53)   Merge Heap Roots: 0.0ms
[2024-09-09T03:12:44.937+0800][info] GC(53)   Evacuate Collection Set: 0.4ms
[2024-09-09T03:12:44.937+0800][info] GC(53)   Post Evacuate Collection Set: 0.1ms
[2024-09-09T03:12:44.937+0800][info] GC(53)   Other: 0.2ms
[2024-09-09T03:12:44.937+0800][info] GC(53) Eden regions: 1->0(1)
[2024-09-09T03:12:44.937+0800][info] GC(53) Survivor regions: 1->1(1)
[2024-09-09T03:12:44.937+0800][info] GC(53) Old regions: 1->1
[2024-09-09T03:12:44.937+0800][info] GC(53) Archive regions: 2->2
[2024-09-09T03:12:44.937+0800][info] GC(53) Humongous regions: 20->20
[2024-09-09T03:12:44.937+0800][info] GC(53) Metaspace: 788K(960K)->788K(960K) NonClass: 726K(832K)->726K(832K) Class: 62K(128K)->62K(128K)
[2024-09-09T03:12:44.937+0800][info] GC(53) Pause Young (Concurrent Start) (G1 Humongous Allocation) 85M->84M(128M) 1.003ms
[2024-09-09T03:12:44.937+0800][info] GC(53) User=0.00s Sys=0.00s Real=0.01s
[2024-09-09T03:12:44.938+0800][info] GC(54) Concurrent Mark Cycle
[2024-09-09T03:12:44.938+0800][info] GC(54) Concurrent Clear Claimed Marks
[2024-09-09T03:12:44.938+0800][info] GC(54) Concurrent Clear Claimed Marks 0.020ms
[2024-09-09T03:12:44.938+0800][info] GC(54) Concurrent Scan Root Regions
[2024-09-09T03:12:44.938+0800][info] GC(54) Concurrent Scan Root Regions 0.067ms
[2024-09-09T03:12:44.938+0800][info] GC(54) Concurrent Mark
[2024-09-09T03:12:44.938+0800][info] GC(54) Concurrent Mark From Roots
[2024-09-09T03:12:44.938+0800][info] GC(54) Using 12 workers of 12 for marking
[2024-09-09T03:12:44.940+0800][info] GC(54) Concurrent Mark From Roots 2.019ms
[2024-09-09T03:12:44.940+0800][info] GC(54) Concurrent Preclean
[2024-09-09T03:12:44.941+0800][info] GC(54) Concurrent Preclean 1.693ms
[2024-09-09T03:12:44.942+0800][info] GC(54) Pause Remark
[2024-09-09T03:12:44.943+0800][info] GC(54) Pause Remark 101M->69M(128M) 1.102ms
[2024-09-09T03:12:44.943+0800][info] GC(54) User=0.00s Sys=0.00s Real=0.00s
[2024-09-09T03:12:44.943+0800][info] GC(54) Concurrent Mark 5.101ms
[2024-09-09T03:12:44.943+0800][info] GC(54) Concurrent Rebuild Remembered Sets
[2024-09-09T03:12:44.949+0800][info] GC(54) Concurrent Rebuild Remembered Sets 5.715ms
[2024-09-09T03:12:44.949+0800][info] GC(54) Pause Cleanup
[2024-09-09T03:12:44.949+0800][info] GC(54) Pause Cleanup 69M->69M(128M) 0.466ms
[2024-09-09T03:12:44.949+0800][info] GC(54) User=0.00s Sys=0.00s Real=0.00s
[2024-09-09T03:12:44.949+0800][info] GC(54) Concurrent Cleanup for Next Mark
[2024-09-09T03:12:44.949+0800][info] GC(54) Concurrent Cleanup for Next Mark 0.252ms
[2024-09-09T03:12:44.949+0800][info] GC(54) Concurrent Mark Cycle 11.933ms
[2024-09-09T03:12:45.512+0800][info] GC(55) Pause Young (Concurrent Start) (G1 Humongous Allocation)
[2024-09-09T03:12:45.512+0800][info] GC(55) Using 3 workers of 48 for evacuation
[2024-09-09T03:12:45.513+0800][info] GC(55)   Pre Evacuate Collection Set: 0.1ms
[2024-09-09T03:12:45.513+0800][info] GC(55)   Merge Heap Roots: 0.0ms
[2024-09-09T03:12:45.513+0800][info] GC(55)   Evacuate Collection Set: 0.3ms
[2024-09-09T03:12:45.513+0800][info] GC(55)   Post Evacuate Collection Set: 0.2ms
[2024-09-09T03:12:45.513+0800][info] GC(55)   Other: 0.3ms
[2024-09-09T03:12:45.513+0800][info] GC(55) Eden regions: 1->0(1)
[2024-09-09T03:12:45.513+0800][info] GC(55) Survivor regions: 1->1(1)
[2024-09-09T03:12:45.513+0800][info] GC(55) Old regions: 1->1
[2024-09-09T03:12:45.513+0800][info] GC(55) Archive regions: 2->2
[2024-09-09T03:12:45.513+0800][info] GC(55) Humongous regions: 16->16
[2024-09-09T03:12:45.513+0800][info] GC(55) Metaspace: 789K(960K)->789K(960K) NonClass: 727K(832K)->727K(832K) Class: 62K(128K)->62K(128K)
[2024-09-09T03:12:45.513+0800][info] GC(55) Pause Young (Concurrent Start) (G1 Humongous Allocation) 69M->68M(128M) 1.126ms
[2024-09-09T03:12:45.513+0800][info] GC(55) User=0.00s Sys=0.00s Real=0.00s
[2024-09-09T03:12:45.513+0800][info] GC(56) Concurrent Mark Cycle
[2024-09-09T03:12:45.513+0800][info] GC(56) Concurrent Clear Claimed Marks
[2024-09-09T03:12:45.513+0800][info] GC(56) Concurrent Clear Claimed Marks 0.018ms
[2024-09-09T03:12:45.513+0800][info] GC(56) Concurrent Scan Root Regions
[2024-09-09T03:12:45.514+0800][info] GC(56) Concurrent Scan Root Regions 0.071ms
[2024-09-09T03:12:45.514+0800][info] GC(56) Concurrent Mark
[2024-09-09T03:12:45.514+0800][info] GC(56) Concurrent Mark From Roots
[2024-09-09T03:12:45.514+0800][info] GC(56) Using 12 workers of 12 for marking
[2024-09-09T03:12:45.516+0800][info] GC(56) Concurrent Mark From Roots 2.317ms
[2024-09-09T03:12:45.516+0800][info] GC(56) Concurrent Preclean
[2024-09-09T03:12:45.518+0800][info] GC(56) Concurrent Preclean 1.694ms
[2024-09-09T03:12:45.518+0800][info] GC(56) Pause Remark
[2024-09-09T03:12:45.519+0800][info] GC(56) Pause Remark 85M->69M(128M) 1.057ms
[2024-09-09T03:12:45.519+0800][info] GC(56) User=0.00s Sys=0.00s Real=0.00s
[2024-09-09T03:12:45.519+0800][info] GC(56) Concurrent Mark 5.299ms
[2024-09-09T03:12:45.519+0800][info] GC(56) Concurrent Rebuild Remembered Sets
[2024-09-09T03:12:45.519+0800][info] GC(56) Concurrent Rebuild Remembered Sets 0.016ms
[2024-09-09T03:12:45.519+0800][info] GC(56) Pause Cleanup
[2024-09-09T03:12:45.519+0800][info] GC(56) Pause Cleanup 69M->69M(128M) 0.022ms
[2024-09-09T03:12:45.519+0800][info] GC(56) User=0.00s Sys=0.00s Real=0.00s
[2024-09-09T03:12:45.519+0800][info] GC(56) Concurrent Cleanup for Next Mark
[2024-09-09T03:12:45.519+0800][info] GC(56) Concurrent Cleanup for Next Mark 0.202ms
[2024-09-09T03:12:45.519+0800][info] GC(56) Concurrent Mark Cycle 5.868ms
[2024-09-09T03:12:46.088+0800][info] GC(57) Pause Young (Concurrent Start) (G1 Humongous Allocation)
[2024-09-09T03:12:46.088+0800][info] GC(57) Using 3 workers of 48 for evacuation
[2024-09-09T03:12:46.088+0800][info] GC(57)   Pre Evacuate Collection Set: 0.1ms
[2024-09-09T03:12:46.088+0800][info] GC(57)   Merge Heap Roots: 0.0ms
[2024-09-09T03:12:46.089+0800][info] GC(57)   Evacuate Collection Set: 0.3ms
[2024-09-09T03:12:46.089+0800][info] GC(57)   Post Evacuate Collection Set: 0.2ms
[2024-09-09T03:12:46.089+0800][info] GC(57)   Other: 0.3ms
[2024-09-09T03:12:46.089+0800][info] GC(57) Eden regions: 1->0(1)
[2024-09-09T03:12:46.089+0800][info] GC(57) Survivor regions: 1->1(1)
[2024-09-09T03:12:46.089+0800][info] GC(57) Old regions: 1->1
[2024-09-09T03:12:46.089+0800][info] GC(57) Archive regions: 2->2
[2024-09-09T03:12:46.089+0800][info] GC(57) Humongous regions: 16->12
[2024-09-09T03:12:46.089+0800][info] GC(57) Metaspace: 796K(960K)->796K(960K) NonClass: 734K(832K)->734K(832K) Class: 62K(128K)->62K(128K)
[2024-09-09T03:12:46.089+0800][info] GC(57) Pause Young (Concurrent Start) (G1 Humongous Allocation) 69M->52M(128M) 1.013ms
[2024-09-09T03:12:46.089+0800][info] GC(57) User=0.00s Sys=0.00s Real=0.00s
[2024-09-09T03:12:46.089+0800][info] GC(58) Concurrent Mark Cycle
[2024-09-09T03:12:46.089+0800][info] GC(58) Concurrent Clear Claimed Marks
[2024-09-09T03:12:46.089+0800][info] GC(58) Concurrent Clear Claimed Marks 0.018ms
[2024-09-09T03:12:46.089+0800][info] GC(58) Concurrent Scan Root Regions
[2024-09-09T03:12:46.089+0800][info] GC(58) Concurrent Scan Root Regions 0.076ms
[2024-09-09T03:12:46.089+0800][info] GC(58) Concurrent Mark
[2024-09-09T03:12:46.089+0800][info] GC(58) Concurrent Mark From Roots
[2024-09-09T03:12:46.089+0800][info] GC(58) Using 12 workers of 12 for marking
[2024-09-09T03:12:46.091+0800][info] GC(58) Concurrent Mark From Roots 2.085ms
[2024-09-09T03:12:46.091+0800][info] GC(58) Concurrent Preclean
[2024-09-09T03:12:46.093+0800][info] GC(58) Concurrent Preclean 1.692ms
[2024-09-09T03:12:46.093+0800][info] GC(58) Pause Remark
[2024-09-09T03:12:46.094+0800][info] GC(58) Pause Remark 69M->69M(128M) 1.166ms
[2024-09-09T03:12:46.094+0800][info] GC(58) User=0.01s Sys=0.00s Real=0.00s
[2024-09-09T03:12:46.094+0800][info] GC(58) Concurrent Mark 5.192ms
[2024-09-09T03:12:46.094+0800][info] GC(58) Concurrent Rebuild Remembered Sets
[2024-09-09T03:12:46.094+0800][info] GC(58) Concurrent Rebuild Remembered Sets 0.015ms
[2024-09-09T03:12:46.094+0800][info] GC(58) Pause Cleanup
[2024-09-09T03:12:46.094+0800][info] GC(58) Pause Cleanup 69M->69M(128M) 0.020ms
[2024-09-09T03:12:46.094+0800][info] GC(58) User=0.00s Sys=0.00s Real=0.00s
[2024-09-09T03:12:46.094+0800][info] GC(58) Concurrent Cleanup for Next Mark
[2024-09-09T03:12:46.095+0800][info] GC(58) Concurrent Cleanup for Next Mark 0.207ms
[2024-09-09T03:12:46.095+0800][info] GC(58) Concurrent Mark Cycle 5.772ms
[2024-09-09T03:12:46.662+0800][info] GC(59) Pause Young (Concurrent Start) (G1 Humongous Allocation)
[2024-09-09T03:12:46.663+0800][info] GC(59) Using 3 workers of 48 for evacuation
[2024-09-09T03:12:46.663+0800][info] GC(59)   Pre Evacuate Collection Set: 0.0ms
[2024-09-09T03:12:46.663+0800][info] GC(59)   Merge Heap Roots: 0.1ms
[2024-09-09T03:12:46.663+0800][info] GC(59)   Evacuate Collection Set: 0.2ms
[2024-09-09T03:12:46.663+0800][info] GC(59)   Post Evacuate Collection Set: 0.2ms
[2024-09-09T03:12:46.663+0800][info] GC(59)   Other: 0.3ms
[2024-09-09T03:12:46.663+0800][info] GC(59) Eden regions: 1->0(1)
[2024-09-09T03:12:46.663+0800][info] GC(59) Survivor regions: 1->1(1)
[2024-09-09T03:12:46.663+0800][info] GC(59) Old regions: 1->1
[2024-09-09T03:12:46.663+0800][info] GC(59) Archive regions: 2->2
[2024-09-09T03:12:46.663+0800][info] GC(59) Humongous regions: 16->12
[2024-09-09T03:12:46.663+0800][info] GC(59) Metaspace: 796K(960K)->796K(960K) NonClass: 734K(832K)->734K(832K) Class: 62K(128K)->62K(128K)
[2024-09-09T03:12:46.663+0800][info] GC(59) Pause Young (Concurrent Start) (G1 Humongous Allocation) 69M->52M(128M) 0.902ms
[2024-09-09T03:12:46.663+0800][info] GC(59) User=0.00s Sys=0.00s Real=0.00s
[2024-09-09T03:12:46.663+0800][info] GC(60) Concurrent Mark Cycle
[2024-09-09T03:12:46.663+0800][info] GC(60) Concurrent Clear Claimed Marks
[2024-09-09T03:12:46.664+0800][info] GC(60) Concurrent Clear Claimed Marks 0.018ms
[2024-09-09T03:12:46.664+0800][info] GC(60) Concurrent Scan Root Regions
[2024-09-09T03:12:46.664+0800][info] GC(60) Concurrent Scan Root Regions 0.075ms
[2024-09-09T03:12:46.664+0800][info] GC(60) Concurrent Mark
[2024-09-09T03:12:46.664+0800][info] GC(60) Concurrent Mark From Roots
[2024-09-09T03:12:46.664+0800][info] GC(60) Using 12 workers of 12 for marking
[2024-09-09T03:12:46.666+0800][info] GC(60) Concurrent Mark From Roots 2.223ms
[2024-09-09T03:12:46.666+0800][info] GC(60) Concurrent Preclean
[2024-09-09T03:12:46.668+0800][info] GC(60) Concurrent Preclean 1.671ms
[2024-09-09T03:12:46.668+0800][info] GC(60) Pause Remark
[2024-09-09T03:12:46.669+0800][info] GC(60) Pause Remark 69M->69M(128M) 0.872ms
[2024-09-09T03:12:46.669+0800][info] GC(60) User=0.00s Sys=0.00s Real=0.00s
[2024-09-09T03:12:46.669+0800][info] GC(60) Concurrent Mark 4.969ms
[2024-09-09T03:12:46.669+0800][info] GC(60) Concurrent Rebuild Remembered Sets
[2024-09-09T03:12:46.669+0800][info] GC(60) Concurrent Rebuild Remembered Sets 0.012ms
[2024-09-09T03:12:46.669+0800][info] GC(60) Pause Cleanup
[2024-09-09T03:12:46.669+0800][info] GC(60) Pause Cleanup 69M->69M(128M) 0.019ms
[2024-09-09T03:12:46.669+0800][info] GC(60) User=0.00s Sys=0.00s Real=0.00s
[2024-09-09T03:12:46.669+0800][info] GC(60) Concurrent Cleanup for Next Mark
[2024-09-09T03:12:46.669+0800][info] GC(60) Concurrent Cleanup for Next Mark 0.251ms
[2024-09-09T03:12:46.669+0800][info] GC(60) Concurrent Mark Cycle 5.547ms
[2024-09-09T03:12:47.745+0800][info] GC(61) Pause Young (Normal) (G1 Evacuation Pause)
[2024-09-09T03:12:47.745+0800][info] GC(61) Using 3 workers of 48 for evacuation
[2024-09-09T03:12:47.746+0800][info] GC(61)   Pre Evacuate Collection Set: 0.1ms
[2024-09-09T03:12:47.746+0800][info] GC(61)   Merge Heap Roots: 0.0ms
[2024-09-09T03:12:47.746+0800][info] GC(61)   Evacuate Collection Set: 0.6ms
[2024-09-09T03:12:47.746+0800][info] GC(61)   Post Evacuate Collection Set: 0.2ms
[2024-09-09T03:12:47.746+0800][info] GC(61)   Other: 0.2ms
[2024-09-09T03:12:47.746+0800][info] GC(61) Eden regions: 1->0(1)
[2024-09-09T03:12:47.746+0800][info] GC(61) Survivor regions: 1->1(1)
[2024-09-09T03:12:47.746+0800][info] GC(61) Old regions: 1->1
[2024-09-09T03:12:47.746+0800][info] GC(61) Archive regions: 2->2
[2024-09-09T03:12:47.746+0800][info] GC(61) Humongous regions: 16->12
[2024-09-09T03:12:47.746+0800][info] GC(61) Metaspace: 796K(960K)->796K(960K) NonClass: 734K(832K)->734K(832K) Class: 62K(128K)->62K(128K)
[2024-09-09T03:12:47.746+0800][info] GC(61) Pause Young (Normal) (G1 Evacuation Pause) 72M->56M(128M) 1.198ms
[2024-09-09T03:12:47.746+0800][info] GC(61) User=0.00s Sys=0.01s Real=0.00s
[2024-09-09T03:12:48.243+0800][info] GC(62) Pause Young (Concurrent Start) (G1 Evacuation Pause)
[2024-09-09T03:12:48.243+0800][info] GC(62) Using 3 workers of 48 for evacuation
[2024-09-09T03:12:48.245+0800][info] GC(62)   Pre Evacuate Collection Set: 0.0ms
[2024-09-09T03:12:48.245+0800][info] GC(62)   Merge Heap Roots: 0.0ms
[2024-09-09T03:12:48.245+0800][info] GC(62)   Evacuate Collection Set: 1.1ms
[2024-09-09T03:12:48.245+0800][info] GC(62)   Post Evacuate Collection Set: 0.1ms
[2024-09-09T03:12:48.245+0800][info] GC(62)   Other: 0.3ms
[2024-09-09T03:12:48.245+0800][info] GC(62) Eden regions: 1->0(1)
[2024-09-09T03:12:48.245+0800][info] GC(62) Survivor regions: 1->1(1)
[2024-09-09T03:12:48.245+0800][info] GC(62) Old regions: 1->2
[2024-09-09T03:12:48.245+0800][info] GC(62) Archive regions: 2->2
[2024-09-09T03:12:48.245+0800][info] GC(62) Humongous regions: 12->12
[2024-09-09T03:12:48.245+0800][info] GC(62) Metaspace: 796K(960K)->796K(960K) NonClass: 734K(832K)->734K(832K) Class: 62K(128K)->62K(128K)
[2024-09-09T03:12:48.245+0800][info] GC(62) Pause Young (Concurrent Start) (G1 Evacuation Pause) 60M->60M(128M) 1.797ms
[2024-09-09T03:12:48.245+0800][info] GC(62) User=0.01s Sys=0.00s Real=0.01s
[2024-09-09T03:12:48.245+0800][info] GC(63) Concurrent Mark Cycle
[2024-09-09T03:12:48.245+0800][info] GC(63) Concurrent Clear Claimed Marks
[2024-09-09T03:12:48.245+0800][info] GC(63) Concurrent Clear Claimed Marks 0.019ms
[2024-09-09T03:12:48.245+0800][info] GC(63) Concurrent Scan Root Regions
[2024-09-09T03:12:48.245+0800][info] GC(63) Concurrent Scan Root Regions 0.169ms
[2024-09-09T03:12:48.245+0800][info] GC(63) Concurrent Mark
[2024-09-09T03:12:48.245+0800][info] GC(63) Concurrent Mark From Roots
[2024-09-09T03:12:48.245+0800][info] GC(63) Using 12 workers of 12 for marking
[2024-09-09T03:12:48.248+0800][info] GC(63) Concurrent Mark From Roots 2.289ms
[2024-09-09T03:12:48.248+0800][info] GC(63) Concurrent Preclean
[2024-09-09T03:12:48.249+0800][info] GC(63) Concurrent Preclean 1.696ms
[2024-09-09T03:12:48.249+0800][info] GC(63) Pause Remark
[2024-09-09T03:12:48.250+0800][info] GC(63) Pause Remark 60M->60M(128M) 0.931ms
[2024-09-09T03:12:48.250+0800][info] GC(63) User=0.00s Sys=0.00s Real=0.00s
[2024-09-09T03:12:48.250+0800][info] GC(63) Concurrent Mark 5.081ms
[2024-09-09T03:12:48.250+0800][info] GC(63) Concurrent Rebuild Remembered Sets
[2024-09-09T03:12:48.250+0800][info] GC(63) Concurrent Rebuild Remembered Sets 0.012ms
[2024-09-09T03:12:48.250+0800][info] GC(63) Pause Cleanup
[2024-09-09T03:12:48.250+0800][info] GC(63) Pause Cleanup 60M->60M(128M) 0.018ms
[2024-09-09T03:12:48.250+0800][info] GC(63) User=0.00s Sys=0.00s Real=0.00s
[2024-09-09T03:12:48.250+0800][info] GC(63) Concurrent Cleanup for Next Mark
[2024-09-09T03:12:48.251+0800][info] GC(63) Concurrent Cleanup for Next Mark 0.204ms
[2024-09-09T03:12:48.251+0800][info] GC(63) Concurrent Mark Cycle 5.716ms
[2024-09-09T03:12:48.893+0800][info] GC(64) Pause Young (Normal) (G1 Evacuation Pause)
[2024-09-09T03:12:48.893+0800][info] GC(64) Using 3 workers of 48 for evacuation
[2024-09-09T03:12:48.894+0800][info] GC(64)   Pre Evacuate Collection Set: 0.0ms
[2024-09-09T03:12:48.894+0800][info] GC(64)   Merge Heap Roots: 0.0ms
[2024-09-09T03:12:48.894+0800][info] GC(64)   Evacuate Collection Set: 1.1ms
[2024-09-09T03:12:48.894+0800][info] GC(64)   Post Evacuate Collection Set: 0.1ms
[2024-09-09T03:12:48.895+0800][info] GC(64)   Other: 0.2ms
[2024-09-09T03:12:48.895+0800][info] GC(64) Eden regions: 1->0(1)
[2024-09-09T03:12:48.895+0800][info] GC(64) Survivor regions: 1->1(1)
[2024-09-09T03:12:48.895+0800][info] GC(64) Old regions: 2->3
[2024-09-09T03:12:48.895+0800][info] GC(64) Archive regions: 2->2
[2024-09-09T03:12:48.895+0800][info] GC(64) Humongous regions: 12->12
[2024-09-09T03:12:48.895+0800][info] GC(64) Metaspace: 796K(960K)->796K(960K) NonClass: 734K(832K)->734K(832K) Class: 62K(128K)->62K(128K)
[2024-09-09T03:12:48.895+0800][info] GC(64) Pause Young (Normal) (G1 Evacuation Pause) 64M->64M(128M) 1.641ms
[2024-09-09T03:12:48.895+0800][info] GC(64) User=0.00s Sys=0.00s Real=0.00s
[2024-09-09T03:12:49.392+0800][info] GC(65) Pause Young (Concurrent Start) (G1 Evacuation Pause)
[2024-09-09T03:12:49.392+0800][info] GC(65) Using 3 workers of 48 for evacuation
[2024-09-09T03:12:49.393+0800][info] GC(65)   Pre Evacuate Collection Set: 0.0ms
[2024-09-09T03:12:49.393+0800][info] GC(65)   Merge Heap Roots: 0.0ms
[2024-09-09T03:12:49.393+0800][info] GC(65)   Evacuate Collection Set: 1.2ms
[2024-09-09T03:12:49.393+0800][info] GC(65)   Post Evacuate Collection Set: 0.2ms
[2024-09-09T03:12:49.394+0800][info] GC(65)   Other: 0.3ms
[2024-09-09T03:12:49.394+0800][info] GC(65) Eden regions: 1->0(1)
[2024-09-09T03:12:49.394+0800][info] GC(65) Survivor regions: 1->1(1)
[2024-09-09T03:12:49.394+0800][info] GC(65) Old regions: 3->4
[2024-09-09T03:12:49.394+0800][info] GC(65) Archive regions: 2->2
[2024-09-09T03:12:49.394+0800][info] GC(65) Humongous regions: 12->12
[2024-09-09T03:12:49.394+0800][info] GC(65) Metaspace: 796K(960K)->796K(960K) NonClass: 734K(832K)->734K(832K) Class: 62K(128K)->62K(128K)
[2024-09-09T03:12:49.394+0800][info] GC(65) Pause Young (Concurrent Start) (G1 Evacuation Pause) 68M->68M(128M) 1.863ms
[2024-09-09T03:12:49.394+0800][info] GC(65) User=0.01s Sys=0.00s Real=0.00s
[2024-09-09T03:12:49.394+0800][info] GC(66) Concurrent Mark Cycle
[2024-09-09T03:12:49.394+0800][info] GC(66) Concurrent Clear Claimed Marks
[2024-09-09T03:12:49.394+0800][info] GC(66) Concurrent Clear Claimed Marks 0.018ms
[2024-09-09T03:12:49.394+0800][info] GC(66) Concurrent Scan Root Regions
[2024-09-09T03:12:49.394+0800][info] GC(66) Concurrent Scan Root Regions 0.076ms
[2024-09-09T03:12:49.394+0800][info] GC(66) Concurrent Mark
[2024-09-09T03:12:49.394+0800][info] GC(66) Concurrent Mark From Roots
[2024-09-09T03:12:49.394+0800][info] GC(66) Using 12 workers of 12 for marking
[2024-09-09T03:12:49.396+0800][info] GC(66) Concurrent Mark From Roots 2.108ms
[2024-09-09T03:12:49.396+0800][info] GC(66) Concurrent Preclean
[2024-09-09T03:12:49.398+0800][info] GC(66) Concurrent Preclean 1.692ms
[2024-09-09T03:12:49.398+0800][info] GC(66) Pause Remark
[2024-09-09T03:12:49.399+0800][info] GC(66) Pause Remark 68M->20M(128M) 1.095ms
[2024-09-09T03:12:49.399+0800][info] GC(66) User=0.00s Sys=0.00s Real=0.00s
[2024-09-09T03:12:49.399+0800][info] GC(66) Concurrent Mark 5.068ms
[2024-09-09T03:12:49.399+0800][info] GC(66) Concurrent Rebuild Remembered Sets
[2024-09-09T03:12:49.399+0800][info] GC(66) Concurrent Rebuild Remembered Sets 0.012ms
[2024-09-09T03:12:49.399+0800][info] GC(66) Pause Cleanup
[2024-09-09T03:12:49.399+0800][info] GC(66) Pause Cleanup 20M->20M(128M) 0.025ms
[2024-09-09T03:12:49.399+0800][info] GC(66) User=0.00s Sys=0.00s Real=0.00s
[2024-09-09T03:12:49.399+0800][info] GC(66) Concurrent Cleanup for Next Mark
[2024-09-09T03:12:49.399+0800][info] GC(66) Concurrent Cleanup for Next Mark 0.244ms
[2024-09-09T03:12:49.399+0800][info] GC(66) Concurrent Mark Cycle 5.664ms
[2024-09-09T03:12:50.042+0800][info] GC(67) Pause Young (Normal) (G1 Evacuation Pause)
[2024-09-09T03:12:50.042+0800][info] GC(67) Using 3 workers of 48 for evacuation
[2024-09-09T03:12:50.043+0800][info] GC(67)   Pre Evacuate Collection Set: 0.0ms
[2024-09-09T03:12:50.043+0800][info] GC(67)   Merge Heap Roots: 0.0ms
[2024-09-09T03:12:50.043+0800][info] GC(67)   Evacuate Collection Set: 1.1ms
[2024-09-09T03:12:50.043+0800][info] GC(67)   Post Evacuate Collection Set: 0.2ms
[2024-09-09T03:12:50.043+0800][info] GC(67)   Other: 0.2ms
[2024-09-09T03:12:50.043+0800][info] GC(67) Eden regions: 1->0(1)
[2024-09-09T03:12:50.043+0800][info] GC(67) Survivor regions: 1->1(1)
[2024-09-09T03:12:50.043+0800][info] GC(67) Old regions: 4->5
[2024-09-09T03:12:50.043+0800][info] GC(67) Archive regions: 2->2
[2024-09-09T03:12:50.043+0800][info] GC(67) Humongous regions: 0->0
[2024-09-09T03:12:50.043+0800][info] GC(67) Metaspace: 796K(960K)->796K(960K) NonClass: 734K(832K)->734K(832K) Class: 62K(128K)->62K(128K)
[2024-09-09T03:12:50.043+0800][info] GC(67) Pause Young (Normal) (G1 Evacuation Pause) 24M->24M(128M) 1.701ms
[2024-09-09T03:12:50.043+0800][info] GC(67) User=0.01s Sys=0.00s Real=0.00s
[2024-09-09T03:12:50.542+0800][info] GC(68) Pause Young (Concurrent Start) (G1 Evacuation Pause)
[2024-09-09T03:12:50.542+0800][info] GC(68) Using 3 workers of 48 for evacuation
[2024-09-09T03:12:50.543+0800][info] GC(68)   Pre Evacuate Collection Set: 0.0ms
[2024-09-09T03:12:50.543+0800][info] GC(68)   Merge Heap Roots: 0.0ms
[2024-09-09T03:12:50.543+0800][info] GC(68)   Evacuate Collection Set: 1.0ms
[2024-09-09T03:12:50.543+0800][info] GC(68)   Post Evacuate Collection Set: 0.1ms
[2024-09-09T03:12:50.543+0800][info] GC(68)   Other: 0.3ms
[2024-09-09T03:12:50.543+0800][info] GC(68) Eden regions: 1->0(1)
[2024-09-09T03:12:50.543+0800][info] GC(68) Survivor regions: 1->1(1)
[2024-09-09T03:12:50.543+0800][info] GC(68) Old regions: 5->6
[2024-09-09T03:12:50.543+0800][info] GC(68) Archive regions: 2->2
[2024-09-09T03:12:50.543+0800][info] GC(68) Humongous regions: 0->0
[2024-09-09T03:12:50.543+0800][info] GC(68) Metaspace: 796K(960K)->796K(960K) NonClass: 734K(832K)->734K(832K) Class: 62K(128K)->62K(128K)
[2024-09-09T03:12:50.543+0800][info] GC(68) Pause Young (Concurrent Start) (G1 Evacuation Pause) 28M->28M(128M) 1.653ms
[2024-09-09T03:12:50.543+0800][info] GC(68) User=0.00s Sys=0.00s Real=0.00s
[2024-09-09T03:12:50.543+0800][info] GC(69) Concurrent Mark Cycle
[2024-09-09T03:12:50.543+0800][info] GC(69) Concurrent Clear Claimed Marks
[2024-09-09T03:12:50.543+0800][info] GC(69) Concurrent Clear Claimed Marks 0.011ms
[2024-09-09T03:12:50.543+0800][info] GC(69) Concurrent Scan Root Regions
[2024-09-09T03:12:50.543+0800][info] GC(69) Concurrent Scan Root Regions 0.060ms
[2024-09-09T03:12:50.543+0800][info] GC(69) Concurrent Mark
[2024-09-09T03:12:50.543+0800][info] GC(69) Concurrent Mark From Roots
[2024-09-09T03:12:50.543+0800][info] GC(69) Using 12 workers of 12 for marking
[2024-09-09T03:12:50.546+0800][info] GC(69) Concurrent Mark From Roots 2.257ms
[2024-09-09T03:12:50.546+0800][info] GC(69) Concurrent Preclean
[2024-09-09T03:12:50.547+0800][info] GC(69) Concurrent Preclean 0.851ms
[2024-09-09T03:12:50.547+0800][info] GC(69) Pause Remark
[2024-09-09T03:12:50.547+0800][info] GC(69) Pause Remark 28M->28M(128M) 0.742ms
[2024-09-09T03:12:50.547+0800][info] GC(69) User=0.00s Sys=0.00s Real=0.00s
[2024-09-09T03:12:50.547+0800][info] GC(69) Concurrent Mark 3.955ms
[2024-09-09T03:12:50.547+0800][info] GC(69) Concurrent Rebuild Remembered Sets
[2024-09-09T03:12:50.549+0800][info] GC(69) Concurrent Rebuild Remembered Sets 1.695ms
[2024-09-09T03:12:50.549+0800][info] GC(69) Pause Cleanup
[2024-09-09T03:12:50.549+0800][info] GC(69) Pause Cleanup 28M->28M(128M) 0.167ms
[2024-09-09T03:12:50.549+0800][info] GC(69) User=0.00s Sys=0.00s Real=0.00s
[2024-09-09T03:12:50.549+0800][info] GC(69) Concurrent Cleanup for Next Mark
[2024-09-09T03:12:50.550+0800][info] GC(69) Concurrent Cleanup for Next Mark 0.248ms
[2024-09-09T03:12:50.550+0800][info] GC(69) Concurrent Mark Cycle 6.338ms
[2024-09-09T03:12:51.193+0800][info] GC(70) Pause Young (Prepare Mixed) (G1 Evacuation Pause)
[2024-09-09T03:12:51.193+0800][info] GC(70) Using 3 workers of 48 for evacuation
[2024-09-09T03:12:51.194+0800][info] GC(70)   Pre Evacuate Collection Set: 0.0ms
[2024-09-09T03:12:51.194+0800][info] GC(70)   Merge Heap Roots: 0.0ms
[2024-09-09T03:12:51.194+0800][info] GC(70)   Evacuate Collection Set: 1.1ms
[2024-09-09T03:12:51.194+0800][info] GC(70)   Post Evacuate Collection Set: 0.2ms
[2024-09-09T03:12:51.194+0800][info] GC(70)   Other: 0.2ms
[2024-09-09T03:12:51.194+0800][info] GC(70) Eden regions: 1->0(1)
[2024-09-09T03:12:51.194+0800][info] GC(70) Survivor regions: 1->1(1)
[2024-09-09T03:12:51.194+0800][info] GC(70) Old regions: 6->7
[2024-09-09T03:12:51.194+0800][info] GC(70) Archive regions: 2->2
[2024-09-09T03:12:51.194+0800][info] GC(70) Humongous regions: 0->0
[2024-09-09T03:12:51.194+0800][info] GC(70) Metaspace: 796K(960K)->796K(960K) NonClass: 734K(832K)->734K(832K) Class: 62K(128K)->62K(128K)
[2024-09-09T03:12:51.194+0800][info] GC(70) Pause Young (Prepare Mixed) (G1 Evacuation Pause) 32M->32M(128M) 1.685ms
[2024-09-09T03:12:51.194+0800][info] GC(70) User=0.00s Sys=0.00s Real=0.00s
[2024-09-09T03:12:51.693+0800][info] GC(71) Pause Young (Mixed) (G1 Evacuation Pause)
[2024-09-09T03:12:51.693+0800][info] GC(71) Using 3 workers of 48 for evacuation
[2024-09-09T03:12:51.694+0800][info] GC(71)   Pre Evacuate Collection Set: 0.0ms
[2024-09-09T03:12:51.694+0800][info] GC(71)   Merge Heap Roots: 0.0ms
[2024-09-09T03:12:51.694+0800][info] GC(71)   Evacuate Collection Set: 1.0ms
[2024-09-09T03:12:51.694+0800][info] GC(71)   Post Evacuate Collection Set: 0.2ms
[2024-09-09T03:12:51.694+0800][info] GC(71)   Other: 0.1ms
[2024-09-09T03:12:51.694+0800][info] GC(71) Eden regions: 1->0(1)
[2024-09-09T03:12:51.694+0800][info] GC(71) Survivor regions: 1->1(1)
[2024-09-09T03:12:51.694+0800][info] GC(71) Old regions: 7->7
[2024-09-09T03:12:51.694+0800][info] GC(71) Archive regions: 2->2
[2024-09-09T03:12:51.694+0800][info] GC(71) Humongous regions: 0->0
[2024-09-09T03:12:51.694+0800][info] GC(71) Metaspace: 796K(960K)->796K(960K) NonClass: 734K(832K)->734K(832K) Class: 62K(128K)->62K(128K)
[2024-09-09T03:12:51.694+0800][info] GC(71) Pause Young (Mixed) (G1 Evacuation Pause) 36M->32M(128M) 1.485ms
[2024-09-09T03:12:51.694+0800][info] GC(71) User=0.00s Sys=0.00s Real=0.00s
[2024-09-09T03:12:52.191+0800][info] GC(72) Pause Young (Concurrent Start) (G1 Evacuation Pause)
[2024-09-09T03:12:52.191+0800][info] GC(72) Using 3 workers of 48 for evacuation
[2024-09-09T03:12:52.193+0800][info] GC(72)   Pre Evacuate Collection Set: 0.0ms
[2024-09-09T03:12:52.193+0800][info] GC(72)   Merge Heap Roots: 0.0ms
[2024-09-09T03:12:52.193+0800][info] GC(72)   Evacuate Collection Set: 1.0ms
[2024-09-09T03:12:52.193+0800][info] GC(72)   Post Evacuate Collection Set: 0.1ms
[2024-09-09T03:12:52.193+0800][info] GC(72)   Other: 0.3ms
[2024-09-09T03:12:52.193+0800][info] GC(72) Eden regions: 1->0(1)
[2024-09-09T03:12:52.193+0800][info] GC(72) Survivor regions: 1->1(1)
[2024-09-09T03:12:52.193+0800][info] GC(72) Old regions: 7->8
[2024-09-09T03:12:52.193+0800][info] GC(72) Archive regions: 2->2
[2024-09-09T03:12:52.193+0800][info] GC(72) Humongous regions: 0->0
[2024-09-09T03:12:52.193+0800][info] GC(72) Metaspace: 796K(960K)->796K(960K) NonClass: 734K(832K)->734K(832K) Class: 62K(128K)->62K(128K)
[2024-09-09T03:12:52.193+0800][info] GC(72) Pause Young (Concurrent Start) (G1 Evacuation Pause) 36M->36M(128M) 1.731ms
[2024-09-09T03:12:52.193+0800][info] GC(72) User=0.01s Sys=0.00s Real=0.00s
[2024-09-09T03:12:52.193+0800][info] GC(73) Concurrent Mark Cycle
[2024-09-09T03:12:52.193+0800][info] GC(73) Concurrent Clear Claimed Marks
[2024-09-09T03:12:52.193+0800][info] GC(73) Concurrent Clear Claimed Marks 0.018ms
[2024-09-09T03:12:52.193+0800][info] GC(73) Concurrent Scan Root Regions
[2024-09-09T03:12:52.193+0800][info] GC(73) Concurrent Scan Root Regions 0.088ms
[2024-09-09T03:12:52.193+0800][info] GC(73) Concurrent Mark
[2024-09-09T03:12:52.193+0800][info] GC(73) Concurrent Mark From Roots
[2024-09-09T03:12:52.193+0800][info] GC(73) Using 12 workers of 12 for marking
[2024-09-09T03:12:52.196+0800][info] GC(73) Concurrent Mark From Roots 2.549ms
[2024-09-09T03:12:52.196+0800][info] GC(73) Concurrent Preclean
[2024-09-09T03:12:52.198+0800][info] GC(73) Concurrent Preclean 1.757ms
[2024-09-09T03:12:52.198+0800][info] GC(73) Pause Remark
[2024-09-09T03:12:52.199+0800][info] GC(73) Pause Remark 36M->32M(128M) 1.113ms
[2024-09-09T03:12:52.199+0800][info] GC(73) User=0.00s Sys=0.00s Real=0.00s
[2024-09-09T03:12:52.199+0800][info] GC(73) Concurrent Mark 5.668ms
[2024-09-09T03:12:52.199+0800][info] GC(73) Concurrent Rebuild Remembered Sets
[2024-09-09T03:12:52.201+0800][info] GC(73) Concurrent Rebuild Remembered Sets 1.808ms
[2024-09-09T03:12:52.201+0800][info] GC(73) Pause Cleanup
[2024-09-09T03:12:52.201+0800][info] GC(73) Pause Cleanup 32M->32M(128M) 0.259ms
[2024-09-09T03:12:52.201+0800][info] GC(73) User=0.00s Sys=0.00s Real=0.00s
[2024-09-09T03:12:52.201+0800][info] GC(73) Concurrent Cleanup for Next Mark
[2024-09-09T03:12:52.202+0800][info] GC(73) Concurrent Cleanup for Next Mark 0.398ms
[2024-09-09T03:12:52.202+0800][info] GC(73) Concurrent Mark Cycle 8.502ms
[2024-09-09T03:12:52.842+0800][info] GC(74) Pause Young (Prepare Mixed) (G1 Evacuation Pause)
[2024-09-09T03:12:52.842+0800][info] GC(74) Using 3 workers of 48 for evacuation
[2024-09-09T03:12:52.843+0800][info] GC(74)   Pre Evacuate Collection Set: 0.0ms
[2024-09-09T03:12:52.843+0800][info] GC(74)   Merge Heap Roots: 0.0ms
[2024-09-09T03:12:52.843+0800][info] GC(74)   Evacuate Collection Set: 1.0ms
[2024-09-09T03:12:52.843+0800][info] GC(74)   Post Evacuate Collection Set: 0.1ms
[2024-09-09T03:12:52.843+0800][info] GC(74)   Other: 0.1ms
[2024-09-09T03:12:52.843+0800][info] GC(74) Eden regions: 1->0(1)
[2024-09-09T03:12:52.843+0800][info] GC(74) Survivor regions: 1->1(1)
[2024-09-09T03:12:52.843+0800][info] GC(74) Old regions: 7->8
[2024-09-09T03:12:52.843+0800][info] GC(74) Archive regions: 2->2
[2024-09-09T03:12:52.843+0800][info] GC(74) Humongous regions: 0->0
[2024-09-09T03:12:52.843+0800][info] GC(74) Metaspace: 796K(960K)->796K(960K) NonClass: 734K(832K)->734K(832K) Class: 62K(128K)->62K(128K)
[2024-09-09T03:12:52.843+0800][info] GC(74) Pause Young (Prepare Mixed) (G1 Evacuation Pause) 36M->36M(128M) 1.422ms
[2024-09-09T03:12:52.843+0800][info] GC(74) User=0.00s Sys=0.00s Real=0.00s
[2024-09-09T03:12:53.341+0800][info] GC(75) Pause Young (Mixed) (G1 Evacuation Pause)
[2024-09-09T03:12:53.341+0800][info] GC(75) Using 3 workers of 48 for evacuation
[2024-09-09T03:12:53.342+0800][info] GC(75)   Pre Evacuate Collection Set: 0.0ms
[2024-09-09T03:12:53.342+0800][info] GC(75)   Merge Heap Roots: 0.0ms
[2024-09-09T03:12:53.342+0800][info] GC(75)   Evacuate Collection Set: 1.0ms
[2024-09-09T03:12:53.342+0800][info] GC(75)   Post Evacuate Collection Set: 0.1ms
[2024-09-09T03:12:53.342+0800][info] GC(75)   Other: 0.1ms
[2024-09-09T03:12:53.342+0800][info] GC(75) Eden regions: 1->0(1)
[2024-09-09T03:12:53.342+0800][info] GC(75) Survivor regions: 1->1(1)
[2024-09-09T03:12:53.342+0800][info] GC(75) Old regions: 8->8
[2024-09-09T03:12:53.342+0800][info] GC(75) Archive regions: 2->2
[2024-09-09T03:12:53.342+0800][info] GC(75) Humongous regions: 0->0
[2024-09-09T03:12:53.342+0800][info] GC(75) Metaspace: 796K(960K)->796K(960K) NonClass: 734K(832K)->734K(832K) Class: 62K(128K)->62K(128K)
[2024-09-09T03:12:53.342+0800][info] GC(75) Pause Young (Mixed) (G1 Evacuation Pause) 40M->36M(128M) 1.325ms
[2024-09-09T03:12:53.342+0800][info] GC(75) User=0.00s Sys=0.00s Real=0.00s
[2024-09-09T03:12:53.840+0800][info] GC(76) Pause Young (Mixed) (G1 Evacuation Pause)
[2024-09-09T03:12:53.840+0800][info] GC(76) Using 3 workers of 48 for evacuation
[2024-09-09T03:12:53.841+0800][info] GC(76)   Pre Evacuate Collection Set: 0.0ms
[2024-09-09T03:12:53.841+0800][info] GC(76)   Merge Heap Roots: 0.0ms
[2024-09-09T03:12:53.841+0800][info] GC(76)   Evacuate Collection Set: 1.0ms
[2024-09-09T03:12:53.841+0800][info] GC(76)   Post Evacuate Collection Set: 0.1ms
[2024-09-09T03:12:53.841+0800][info] GC(76)   Other: 0.1ms
[2024-09-09T03:12:53.841+0800][info] GC(76) Eden regions: 1->0(1)
[2024-09-09T03:12:53.841+0800][info] GC(76) Survivor regions: 1->1(1)
[2024-09-09T03:12:53.841+0800][info] GC(76) Old regions: 8->9
[2024-09-09T03:12:53.841+0800][info] GC(76) Archive regions: 2->2
[2024-09-09T03:12:53.841+0800][info] GC(76) Humongous regions: 0->0
[2024-09-09T03:12:53.841+0800][info] GC(76) Metaspace: 796K(960K)->796K(960K) NonClass: 734K(832K)->734K(832K) Class: 62K(128K)->62K(128K)
[2024-09-09T03:12:53.841+0800][info] GC(76) Pause Young (Mixed) (G1 Evacuation Pause) 40M->37M(128M) 1.390ms
[2024-09-09T03:12:53.841+0800][info] GC(76) User=0.00s Sys=0.00s Real=0.00s
[2024-09-09T03:12:54.340+0800][info] GC(77) Pause Young (Concurrent Start) (G1 Evacuation Pause)
[2024-09-09T03:12:54.340+0800][info] GC(77) Using 3 workers of 48 for evacuation
[2024-09-09T03:12:54.342+0800][info] GC(77)   Pre Evacuate Collection Set: 0.0ms
[2024-09-09T03:12:54.342+0800][info] GC(77)   Merge Heap Roots: 0.0ms
[2024-09-09T03:12:54.342+0800][info] GC(77)   Evacuate Collection Set: 1.1ms
[2024-09-09T03:12:54.342+0800][info] GC(77)   Post Evacuate Collection Set: 0.1ms
[2024-09-09T03:12:54.342+0800][info] GC(77)   Other: 0.2ms
[2024-09-09T03:12:54.342+0800][info] GC(77) Eden regions: 1->0(1)
[2024-09-09T03:12:54.342+0800][info] GC(77) Survivor regions: 1->1(1)
[2024-09-09T03:12:54.342+0800][info] GC(77) Old regions: 9->10
[2024-09-09T03:12:54.342+0800][info] GC(77) Archive regions: 2->2
[2024-09-09T03:12:54.342+0800][info] GC(77) Humongous regions: 0->0
[2024-09-09T03:12:54.342+0800][info] GC(77) Metaspace: 796K(960K)->796K(960K) NonClass: 734K(832K)->734K(832K) Class: 62K(128K)->62K(128K)
[2024-09-09T03:12:54.342+0800][info] GC(77) Pause Young (Concurrent Start) (G1 Evacuation Pause) 40M->40M(128M) 1.531ms
[2024-09-09T03:12:54.342+0800][info] GC(77) User=0.01s Sys=0.00s Real=0.00s
[2024-09-09T03:12:54.342+0800][info] GC(78) Concurrent Mark Cycle
[2024-09-09T03:12:54.342+0800][info] GC(78) Concurrent Clear Claimed Marks
[2024-09-09T03:12:54.342+0800][info] GC(78) Concurrent Clear Claimed Marks 0.019ms
[2024-09-09T03:12:54.342+0800][info] GC(78) Concurrent Scan Root Regions
[2024-09-09T03:12:54.342+0800][info] GC(78) Concurrent Scan Root Regions 0.106ms
[2024-09-09T03:12:54.342+0800][info] GC(78) Concurrent Mark
[2024-09-09T03:12:54.342+0800][info] GC(78) Concurrent Mark From Roots
[2024-09-09T03:12:54.342+0800][info] GC(78) Using 12 workers of 12 for marking
[2024-09-09T03:12:54.346+0800][info] GC(78) Concurrent Mark From Roots 3.694ms
[2024-09-09T03:12:54.346+0800][info] GC(78) Concurrent Preclean
[2024-09-09T03:12:54.348+0800][info] GC(78) Concurrent Preclean 1.682ms
[2024-09-09T03:12:54.348+0800][info] GC(78) Pause Remark
[2024-09-09T03:12:54.349+0800][info] GC(78) Pause Remark 41M->33M(128M) 1.185ms
[2024-09-09T03:12:54.349+0800][info] GC(78) User=0.01s Sys=0.00s Real=0.00s
[2024-09-09T03:12:54.349+0800][info] GC(78) Concurrent Mark 6.742ms
[2024-09-09T03:12:54.349+0800][info] GC(78) Concurrent Rebuild Remembered Sets
[2024-09-09T03:12:54.351+0800][info] GC(78) Concurrent Rebuild Remembered Sets 2.039ms
[2024-09-09T03:12:54.351+0800][info] GC(78) Pause Cleanup
[2024-09-09T03:12:54.351+0800][info] GC(78) Pause Cleanup 33M->33M(128M) 0.248ms
[2024-09-09T03:12:54.351+0800][info] GC(78) User=0.00s Sys=0.00s Real=0.00s
[2024-09-09T03:12:54.351+0800][info] GC(78) Concurrent Cleanup for Next Mark
[2024-09-09T03:12:54.352+0800][info] GC(78) Concurrent Cleanup for Next Mark 0.283ms
[2024-09-09T03:12:54.352+0800][info] GC(78) Concurrent Mark Cycle 9.684ms
[2024-09-09T03:12:54.992+0800][info] GC(79) Pause Young (Prepare Mixed) (G1 Evacuation Pause)
[2024-09-09T03:12:54.992+0800][info] GC(79) Using 3 workers of 48 for evacuation
[2024-09-09T03:12:54.994+0800][info] GC(79)   Pre Evacuate Collection Set: 0.0ms
[2024-09-09T03:12:54.994+0800][info] GC(79)   Merge Heap Roots: 0.0ms
[2024-09-09T03:12:54.994+0800][info] GC(79)   Evacuate Collection Set: 1.1ms
[2024-09-09T03:12:54.994+0800][info] GC(79)   Post Evacuate Collection Set: 0.2ms
[2024-09-09T03:12:54.994+0800][info] GC(79)   Other: 0.2ms
[2024-09-09T03:12:54.994+0800][info] GC(79) Eden regions: 1->0(1)
[2024-09-09T03:12:54.994+0800][info] GC(79) Survivor regions: 1->1(1)
[2024-09-09T03:12:54.994+0800][info] GC(79) Old regions: 8->9
[2024-09-09T03:12:54.994+0800][info] GC(79) Archive regions: 2->2
[2024-09-09T03:12:54.994+0800][info] GC(79) Humongous regions: 0->0
[2024-09-09T03:12:54.994+0800][info] GC(79) Metaspace: 811K(960K)->811K(960K) NonClass: 748K(832K)->748K(832K) Class: 62K(128K)->62K(128K)
[2024-09-09T03:12:54.994+0800][info] GC(79) Pause Young (Prepare Mixed) (G1 Evacuation Pause) 36M->36M(128M) 1.701ms
[2024-09-09T03:12:54.994+0800][info] GC(79) User=0.00s Sys=0.00s Real=0.00s
[2024-09-09T03:12:55.494+0800][info] GC(80) Pause Young (Mixed) (G1 Evacuation Pause)
[2024-09-09T03:12:55.494+0800][info] GC(80) Using 3 workers of 48 for evacuation
[2024-09-09T03:12:55.496+0800][info] GC(80)   Pre Evacuate Collection Set: 0.0ms
[2024-09-09T03:12:55.496+0800][info] GC(80)   Merge Heap Roots: 0.0ms
[2024-09-09T03:12:55.496+0800][info] GC(80)   Evacuate Collection Set: 1.1ms
[2024-09-09T03:12:55.496+0800][info] GC(80)   Post Evacuate Collection Set: 0.2ms
[2024-09-09T03:12:55.496+0800][info] GC(80)   Other: 0.1ms
[2024-09-09T03:12:55.496+0800][info] GC(80) Eden regions: 1->0(1)
[2024-09-09T03:12:55.496+0800][info] GC(80) Survivor regions: 1->1(1)
[2024-09-09T03:12:55.496+0800][info] GC(80) Old regions: 9->7
[2024-09-09T03:12:55.496+0800][info] GC(80) Archive regions: 2->2
[2024-09-09T03:12:55.496+0800][info] GC(80) Humongous regions: 0->0
[2024-09-09T03:12:55.496+0800][info] GC(80) Metaspace: 811K(960K)->811K(960K) NonClass: 748K(832K)->748K(832K) Class: 62K(128K)->62K(128K)
[2024-09-09T03:12:55.496+0800][info] GC(80) Pause Young (Mixed) (G1 Evacuation Pause) 40M->32M(128M) 1.621ms
[2024-09-09T03:12:55.496+0800][info] GC(80) User=0.00s Sys=0.00s Real=0.00s
[2024-09-09T03:12:55.995+0800][info] GC(81) Pause Young (Concurrent Start) (G1 Evacuation Pause)
[2024-09-09T03:12:55.995+0800][info] GC(81) Using 3 workers of 48 for evacuation
[2024-09-09T03:12:55.997+0800][info] GC(81)   Pre Evacuate Collection Set: 0.0ms
[2024-09-09T03:12:55.997+0800][info] GC(81)   Merge Heap Roots: 0.0ms
[2024-09-09T03:12:55.997+0800][info] GC(81)   Evacuate Collection Set: 1.1ms
[2024-09-09T03:12:55.997+0800][info] GC(81)   Post Evacuate Collection Set: 0.2ms
[2024-09-09T03:12:55.997+0800][info] GC(81)   Other: 0.3ms
[2024-09-09T03:12:55.997+0800][info] GC(81) Eden regions: 1->0(1)
[2024-09-09T03:12:55.997+0800][info] GC(81) Survivor regions: 1->1(1)
[2024-09-09T03:12:55.997+0800][info] GC(81) Old regions: 7->8
[2024-09-09T03:12:55.997+0800][info] GC(81) Archive regions: 2->2
[2024-09-09T03:12:55.997+0800][info] GC(81) Humongous regions: 0->0
[2024-09-09T03:12:55.997+0800][info] GC(81) Metaspace: 811K(960K)->811K(960K) NonClass: 748K(832K)->748K(832K) Class: 62K(128K)->62K(128K)
[2024-09-09T03:12:55.997+0800][info] GC(81) Pause Young (Concurrent Start) (G1 Evacuation Pause) 36M->36M(128M) 1.761ms
[2024-09-09T03:12:55.997+0800][info] GC(81) User=0.00s Sys=0.00s Real=0.01s
[2024-09-09T03:12:55.997+0800][info] GC(82) Concurrent Mark Cycle
[2024-09-09T03:12:55.997+0800][info] GC(82) Concurrent Clear Claimed Marks
[2024-09-09T03:12:55.997+0800][info] GC(82) Concurrent Clear Claimed Marks 0.020ms
[2024-09-09T03:12:55.997+0800][info] GC(82) Concurrent Scan Root Regions
[2024-09-09T03:12:55.997+0800][info] GC(82) Concurrent Scan Root Regions 0.100ms
[2024-09-09T03:12:55.997+0800][info] GC(82) Concurrent Mark
[2024-09-09T03:12:55.997+0800][info] GC(82) Concurrent Mark From Roots
[2024-09-09T03:12:55.997+0800][info] GC(82) Using 12 workers of 12 for marking
[2024-09-09T03:12:56.001+0800][info] GC(82) Concurrent Mark From Roots 3.339ms
[2024-09-09T03:12:56.001+0800][info] GC(82) Concurrent Preclean
[2024-09-09T03:12:56.002+0800][info] GC(82) Concurrent Preclean 1.678ms
[2024-09-09T03:12:56.003+0800][info] GC(82) Pause Remark
[2024-09-09T03:12:56.004+0800][info] GC(82) Pause Remark 36M->32M(128M) 1.022ms
[2024-09-09T03:12:56.004+0800][info] GC(82) User=0.00s Sys=0.00s Real=0.00s
[2024-09-09T03:12:56.004+0800][info] GC(82) Concurrent Mark 6.226ms
[2024-09-09T03:12:56.004+0800][info] GC(82) Concurrent Rebuild Remembered Sets
[2024-09-09T03:12:56.006+0800][info] GC(82) Concurrent Rebuild Remembered Sets 2.192ms
[2024-09-09T03:12:56.006+0800][info] GC(82) Pause Cleanup
[2024-09-09T03:12:56.006+0800][info] GC(82) Pause Cleanup 32M->32M(128M) 0.184ms
[2024-09-09T03:12:56.006+0800][info] GC(82) User=0.00s Sys=0.00s Real=0.00s
[2024-09-09T03:12:56.006+0800][info] GC(82) Concurrent Cleanup for Next Mark
[2024-09-09T03:12:56.007+0800][info] GC(82) Concurrent Cleanup for Next Mark 0.381ms
[2024-09-09T03:12:56.007+0800][info] GC(82) Concurrent Mark Cycle 9.393ms
[2024-09-09T03:12:56.647+0800][info] GC(83) Pause Young (Prepare Mixed) (G1 Evacuation Pause)
[2024-09-09T03:12:56.647+0800][info] GC(83) Using 3 workers of 48 for evacuation
[2024-09-09T03:12:56.648+0800][info] GC(83)   Pre Evacuate Collection Set: 0.0ms
[2024-09-09T03:12:56.648+0800][info] GC(83)   Merge Heap Roots: 0.0ms
[2024-09-09T03:12:56.648+0800][info] GC(83)   Evacuate Collection Set: 1.0ms
[2024-09-09T03:12:56.648+0800][info] GC(83)   Post Evacuate Collection Set: 0.1ms
[2024-09-09T03:12:56.648+0800][info] GC(83)   Other: 0.1ms
[2024-09-09T03:12:56.648+0800][info] GC(83) Eden regions: 1->0(1)
[2024-09-09T03:12:56.648+0800][info] GC(83) Survivor regions: 1->1(1)
[2024-09-09T03:12:56.648+0800][info] GC(83) Old regions: 7->8
[2024-09-09T03:12:56.648+0800][info] GC(83) Archive regions: 2->2
[2024-09-09T03:12:56.648+0800][info] GC(83) Humongous regions: 0->0
[2024-09-09T03:12:56.648+0800][info] GC(83) Metaspace: 811K(960K)->811K(960K) NonClass: 748K(832K)->748K(832K) Class: 62K(128K)->62K(128K)
[2024-09-09T03:12:56.648+0800][info] GC(83) Pause Young (Prepare Mixed) (G1 Evacuation Pause) 36M->36M(128M) 1.535ms
[2024-09-09T03:12:56.649+0800][info] GC(83) User=0.01s Sys=0.00s Real=0.00s
[2024-09-09T03:12:57.146+0800][info] GC(84) Pause Young (Mixed) (G1 Evacuation Pause)
[2024-09-09T03:12:57.146+0800][info] GC(84) Using 3 workers of 48 for evacuation
[2024-09-09T03:12:57.147+0800][info] GC(84)   Pre Evacuate Collection Set: 0.0ms
[2024-09-09T03:12:57.147+0800][info] GC(84)   Merge Heap Roots: 0.0ms
[2024-09-09T03:12:57.147+0800][info] GC(84)   Evacuate Collection Set: 1.0ms
[2024-09-09T03:12:57.147+0800][info] GC(84)   Post Evacuate Collection Set: 0.1ms
[2024-09-09T03:12:57.147+0800][info] GC(84)   Other: 0.1ms
[2024-09-09T03:12:57.147+0800][info] GC(84) Eden regions: 1->0(3)
[2024-09-09T03:12:57.147+0800][info] GC(84) Survivor regions: 1->1(1)
[2024-09-09T03:12:57.147+0800][info] GC(84) Old regions: 8->8
[2024-09-09T03:12:57.147+0800][info] GC(84) Archive regions: 2->2
[2024-09-09T03:12:57.147+0800][info] GC(84) Humongous regions: 0->0
[2024-09-09T03:12:57.147+0800][info] GC(84) Metaspace: 811K(960K)->811K(960K) NonClass: 748K(832K)->748K(832K) Class: 62K(128K)->62K(128K)
[2024-09-09T03:12:57.147+0800][info] GC(84) Pause Young (Mixed) (G1 Evacuation Pause) 40M->33M(128M) 1.363ms
[2024-09-09T03:12:57.147+0800][info] GC(84) User=0.00s Sys=0.00s Real=0.00s
[2024-09-09T03:12:58.659+0800][info] GC(85) Pause Young (Concurrent Start) (G1 Evacuation Pause)
[2024-09-09T03:12:58.659+0800][info] GC(85) Using 3 workers of 48 for evacuation
[2024-09-09T03:12:58.661+0800][info] GC(85)   Pre Evacuate Collection Set: 0.1ms
[2024-09-09T03:12:58.661+0800][info] GC(85)   Merge Heap Roots: 0.0ms
[2024-09-09T03:12:58.661+0800][info] GC(85)   Evacuate Collection Set: 1.9ms
[2024-09-09T03:12:58.661+0800][info] GC(85)   Post Evacuate Collection Set: 0.1ms
[2024-09-09T03:12:58.661+0800][info] GC(85)   Other: 0.3ms
[2024-09-09T03:12:58.661+0800][info] GC(85) Eden regions: 3->0(3)
[2024-09-09T03:12:58.661+0800][info] GC(85) Survivor regions: 1->1(1)
[2024-09-09T03:12:58.661+0800][info] GC(85) Old regions: 8->11
[2024-09-09T03:12:58.661+0800][info] GC(85) Archive regions: 2->2
[2024-09-09T03:12:58.661+0800][info] GC(85) Humongous regions: 0->0
[2024-09-09T03:12:58.661+0800][info] GC(85) Metaspace: 811K(960K)->811K(960K) NonClass: 748K(832K)->748K(832K) Class: 62K(128K)->62K(128K)
[2024-09-09T03:12:58.661+0800][info] GC(85) Pause Young (Concurrent Start) (G1 Evacuation Pause) 44M->45M(128M) 2.644ms
[2024-09-09T03:12:58.661+0800][info] GC(85) User=0.01s Sys=0.00s Real=0.00s
[2024-09-09T03:12:58.661+0800][info] GC(86) Concurrent Mark Cycle
[2024-09-09T03:12:58.661+0800][info] GC(86) Concurrent Clear Claimed Marks
[2024-09-09T03:12:58.661+0800][info] GC(86) Concurrent Clear Claimed Marks 0.020ms
[2024-09-09T03:12:58.661+0800][info] GC(86) Concurrent Scan Root Regions
[2024-09-09T03:12:58.662+0800][info] GC(86) Concurrent Scan Root Regions 0.133ms
[2024-09-09T03:12:58.662+0800][info] GC(86) Concurrent Mark
[2024-09-09T03:12:58.662+0800][info] GC(86) Concurrent Mark From Roots
[2024-09-09T03:12:58.662+0800][info] GC(86) Using 12 workers of 12 for marking
[2024-09-09T03:12:58.664+0800][info] GC(86) Concurrent Mark From Roots 2.390ms
[2024-09-09T03:12:58.664+0800][info] GC(86) Concurrent Preclean
[2024-09-09T03:12:58.666+0800][info] GC(86) Concurrent Preclean 1.682ms
[2024-09-09T03:12:58.666+0800][info] GC(86) Pause Remark
[2024-09-09T03:12:58.667+0800][info] GC(86) Pause Remark 45M->33M(128M) 0.883ms
[2024-09-09T03:12:58.667+0800][info] GC(86) User=0.00s Sys=0.00s Real=0.00s
[2024-09-09T03:12:58.667+0800][info] GC(86) Concurrent Mark 5.108ms
[2024-09-09T03:12:58.667+0800][info] GC(86) Concurrent Rebuild Remembered Sets
[2024-09-09T03:12:58.668+0800][info] GC(86) Concurrent Rebuild Remembered Sets 1.782ms
[2024-09-09T03:12:58.669+0800][info] GC(86) Pause Cleanup
[2024-09-09T03:12:58.669+0800][info] GC(86) Pause Cleanup 33M->33M(128M) 0.277ms
[2024-09-09T03:12:58.669+0800][info] GC(86) User=0.00s Sys=0.00s Real=0.00s
[2024-09-09T03:12:58.669+0800][info] GC(86) Concurrent Cleanup for Next Mark
[2024-09-09T03:12:58.669+0800][info] GC(86) Concurrent Cleanup for Next Mark 0.388ms
[2024-09-09T03:12:58.669+0800][info] GC(86) Concurrent Mark Cycle 8.005ms
[2024-09-09T03:13:00.827+0800][info] GC(87) Pause Young (Prepare Mixed) (G1 Evacuation Pause)
[2024-09-09T03:13:00.827+0800][info] GC(87) Using 3 workers of 48 for evacuation
[2024-09-09T03:13:00.829+0800][info] GC(87)   Pre Evacuate Collection Set: 0.0ms
[2024-09-09T03:13:00.829+0800][info] GC(87)   Merge Heap Roots: 0.0ms
[2024-09-09T03:13:00.829+0800][info] GC(87)   Evacuate Collection Set: 2.3ms
[2024-09-09T03:13:00.829+0800][info] GC(87)   Post Evacuate Collection Set: 0.1ms
[2024-09-09T03:13:00.829+0800][info] GC(87)   Other: 0.1ms
[2024-09-09T03:13:00.829+0800][info] GC(87) Eden regions: 4->0(1)
[2024-09-09T03:13:00.829+0800][info] GC(87) Survivor regions: 1->1(1)
[2024-09-09T03:13:00.829+0800][info] GC(87) Old regions: 8->12
[2024-09-09T03:13:00.829+0800][info] GC(87) Archive regions: 2->2
[2024-09-09T03:13:00.829+0800][info] GC(87) Humongous regions: 0->0
[2024-09-09T03:13:00.829+0800][info] GC(87) Metaspace: 811K(960K)->811K(960K) NonClass: 748K(832K)->748K(832K) Class: 62K(128K)->62K(128K)
[2024-09-09T03:13:00.829+0800][info] GC(87) Pause Young (Prepare Mixed) (G1 Evacuation Pause) 49M->49M(128M) 2.773ms
[2024-09-09T03:13:00.829+0800][info] GC(87) User=0.01s Sys=0.00s Real=0.00s
[2024-09-09T03:13:01.092+0800][info] GC(88) Pause Young (Mixed) (G1 Preventive Collection)
[2024-09-09T03:13:01.093+0800][info] GC(88) Using 3 workers of 48 for evacuation
[2024-09-09T03:13:01.094+0800][info] GC(88)   Pre Evacuate Collection Set: 0.1ms
[2024-09-09T03:13:01.094+0800][info] GC(88)   Merge Heap Roots: 0.0ms
[2024-09-09T03:13:01.094+0800][info] GC(88)   Evacuate Collection Set: 0.8ms
[2024-09-09T03:13:01.094+0800][info] GC(88)   Post Evacuate Collection Set: 0.1ms
[2024-09-09T03:13:01.094+0800][info] GC(88)   Other: 0.2ms
[2024-09-09T03:13:01.094+0800][info] GC(88) Eden regions: 1->0(2)
[2024-09-09T03:13:01.094+0800][info] GC(88) Survivor regions: 1->1(1)
[2024-09-09T03:13:01.094+0800][info] GC(88) Old regions: 12->11
[2024-09-09T03:13:01.094+0800][info] GC(88) Archive regions: 2->2
[2024-09-09T03:13:01.094+0800][info] GC(88) Humongous regions: 8->8
[2024-09-09T03:13:01.094+0800][info] GC(88) Metaspace: 811K(960K)->811K(960K) NonClass: 748K(832K)->748K(832K) Class: 62K(128K)->62K(128K)
[2024-09-09T03:13:01.094+0800][info] GC(88) Pause Young (Mixed) (G1 Preventive Collection) 82M->74M(128M) 1.360ms
[2024-09-09T03:13:01.094+0800][info] GC(88) User=0.00s Sys=0.00s Real=0.00s
[2024-09-09T03:13:01.117+0800][info] GC(89) Pause Young (Concurrent Start) (G1 Humongous Allocation)
[2024-09-09T03:13:01.117+0800][info] GC(89) Using 3 workers of 48 for evacuation
[2024-09-09T03:13:01.118+0800][info] GC(89)   Pre Evacuate Collection Set: 0.1ms
[2024-09-09T03:13:01.118+0800][info] GC(89)   Merge Heap Roots: 0.0ms
[2024-09-09T03:13:01.118+0800][info] GC(89)   Evacuate Collection Set: 0.3ms
[2024-09-09T03:13:01.118+0800][info] GC(89)   Post Evacuate Collection Set: 0.1ms
[2024-09-09T03:13:01.118+0800][info] GC(89)   Other: 0.3ms
[2024-09-09T03:13:01.118+0800][info] GC(89) Eden regions: 1->0(1)
[2024-09-09T03:13:01.118+0800][info] GC(89) Survivor regions: 1->1(1)
[2024-09-09T03:13:01.118+0800][info] GC(89) Old regions: 11->11
[2024-09-09T03:13:01.118+0800][info] GC(89) Archive regions: 2->2
[2024-09-09T03:13:01.118+0800][info] GC(89) Humongous regions: 12->12
[2024-09-09T03:13:01.118+0800][info] GC(89) Metaspace: 811K(960K)->811K(960K) NonClass: 748K(832K)->748K(832K) Class: 62K(128K)->62K(128K)
[2024-09-09T03:13:01.118+0800][info] GC(89) Pause Young (Concurrent Start) (G1 Humongous Allocation) 91M->90M(128M) 0.996ms
[2024-09-09T03:13:01.118+0800][info] GC(89) User=0.00s Sys=0.00s Real=0.00s
[2024-09-09T03:13:01.118+0800][info] GC(90) Concurrent Mark Cycle
[2024-09-09T03:13:01.118+0800][info] GC(90) Concurrent Clear Claimed Marks
[2024-09-09T03:13:01.118+0800][info] GC(90) Concurrent Clear Claimed Marks 0.014ms
[2024-09-09T03:13:01.118+0800][info] GC(90) Concurrent Scan Root Regions
[2024-09-09T03:13:01.118+0800][info] GC(90) Concurrent Scan Root Regions 0.070ms
[2024-09-09T03:13:01.118+0800][info] GC(90) Concurrent Mark
[2024-09-09T03:13:01.118+0800][info] GC(90) Concurrent Mark From Roots
[2024-09-09T03:13:01.118+0800][info] GC(90) Using 12 workers of 12 for marking
[2024-09-09T03:13:01.118+0800][info] GC(91) Pause Young (Normal) (G1 Humongous Allocation)
[2024-09-09T03:13:01.118+0800][info] GC(91) Using 3 workers of 48 for evacuation
[2024-09-09T03:13:01.119+0800][info] GC(91)   Pre Evacuate Collection Set: 0.1ms
[2024-09-09T03:13:01.119+0800][info] GC(91)   Merge Heap Roots: 0.0ms
[2024-09-09T03:13:01.119+0800][info] GC(91)   Evacuate Collection Set: 0.2ms
[2024-09-09T03:13:01.119+0800][info] GC(91)   Post Evacuate Collection Set: 0.1ms
[2024-09-09T03:13:01.119+0800][info] GC(91)   Other: 0.1ms
[2024-09-09T03:13:01.119+0800][info] GC(91) Eden regions: 0->0(1)
[2024-09-09T03:13:01.119+0800][info] GC(91) Survivor regions: 1->1(1)
[2024-09-09T03:13:01.119+0800][info] GC(91) Old regions: 11->11
[2024-09-09T03:13:01.119+0800][info] GC(91) Archive regions: 2->2
[2024-09-09T03:13:01.119+0800][info] GC(91) Humongous regions: 12->12
[2024-09-09T03:13:01.119+0800][info] GC(91) Metaspace: 811K(960K)->811K(960K) NonClass: 748K(832K)->748K(832K) Class: 62K(128K)->62K(128K)
[2024-09-09T03:13:01.119+0800][info] GC(91) Pause Young (Normal) (G1 Humongous Allocation) 90M->90M(128M) 0.577ms
[2024-09-09T03:13:01.119+0800][info] GC(91) User=0.01s Sys=0.00s Real=0.00s
[2024-09-09T03:13:01.121+0800][info] GC(90) Concurrent Mark From Roots 2.903ms
[2024-09-09T03:13:01.121+0800][info] GC(90) Concurrent Preclean
[2024-09-09T03:13:01.121+0800][info] GC(92) Pause Young (Normal) (G1 Preventive Collection)
[2024-09-09T03:13:01.121+0800][info] GC(92) Using 3 workers of 48 for evacuation
[2024-09-09T03:13:01.122+0800][info] GC(92)   Pre Evacuate Collection Set: 0.0ms
[2024-09-09T03:13:01.122+0800][info] GC(92)   Merge Heap Roots: 0.0ms
[2024-09-09T03:13:01.122+0800][info] GC(92)   Evacuate Collection Set: 0.3ms
[2024-09-09T03:13:01.122+0800][info] GC(92)   Post Evacuate Collection Set: 0.1ms
[2024-09-09T03:13:01.122+0800][info] GC(92)   Other: 0.1ms
[2024-09-09T03:13:01.122+0800][info] GC(92) Eden regions: 0->0(1)
[2024-09-09T03:13:01.122+0800][info] GC(92) Survivor regions: 1->1(1)
[2024-09-09T03:13:01.122+0800][info] GC(92) Old regions: 11->11
[2024-09-09T03:13:01.122+0800][info] GC(92) Archive regions: 2->2
[2024-09-09T03:13:01.122+0800][info] GC(92) Humongous regions: 16->16
[2024-09-09T03:13:01.122+0800][info] GC(92) Metaspace: 811K(960K)->811K(960K) NonClass: 748K(832K)->748K(832K) Class: 62K(128K)->62K(128K)
[2024-09-09T03:13:01.122+0800][info] GC(92) Pause Young (Normal) (G1 Preventive Collection) 106M->106M(128M) 0.611ms
[2024-09-09T03:13:01.122+0800][info] GC(92) User=0.00s Sys=0.00s Real=0.00s
[2024-09-09T03:13:01.123+0800][info] GC(90) Concurrent Preclean 1.516ms
[2024-09-09T03:13:01.123+0800][info] GC(90) Pause Remark
[2024-09-09T03:13:01.125+0800][info] GC(90) Pause Remark 106M->90M(128M) 1.748ms
[2024-09-09T03:13:01.125+0800][info] GC(90) User=0.00s Sys=0.00s Real=0.00s
[2024-09-09T03:13:01.125+0800][info] GC(90) Concurrent Mark 6.281ms
[2024-09-09T03:13:01.125+0800][info] GC(90) Concurrent Rebuild Remembered Sets
[2024-09-09T03:13:01.129+0800][info] GC(90) Concurrent Rebuild Remembered Sets 4.777ms
[2024-09-09T03:13:01.129+0800][info] GC(90) Pause Cleanup
[2024-09-09T03:13:01.130+0800][info] GC(90) Pause Cleanup 90M->90M(128M) 0.264ms
[2024-09-09T03:13:01.130+0800][info] GC(90) User=0.00s Sys=0.00s Real=0.00s
[2024-09-09T03:13:01.130+0800][info] GC(90) Concurrent Cleanup for Next Mark
[2024-09-09T03:13:01.130+0800][info] GC(90) Concurrent Cleanup for Next Mark 0.241ms
[2024-09-09T03:13:01.130+0800][info] GC(90) Concurrent Mark Cycle 11.826ms
[2024-09-09T03:13:01.694+0800][info] GC(93) Pause Young (Concurrent Start) (G1 Humongous Allocation)
[2024-09-09T03:13:01.694+0800][info] GC(93) Using 3 workers of 48 for evacuation
[2024-09-09T03:13:01.695+0800][info] GC(93)   Pre Evacuate Collection Set: 0.0ms
[2024-09-09T03:13:01.695+0800][info] GC(93)   Merge Heap Roots: 0.0ms
[2024-09-09T03:13:01.695+0800][info] GC(93)   Evacuate Collection Set: 0.3ms
[2024-09-09T03:13:01.695+0800][info] GC(93)   Post Evacuate Collection Set: 0.2ms
[2024-09-09T03:13:01.695+0800][info] GC(93)   Other: 0.3ms
[2024-09-09T03:13:01.695+0800][info] GC(93) Eden regions: 1->0(3)
[2024-09-09T03:13:01.695+0800][info] GC(93) Survivor regions: 1->1(1)
[2024-09-09T03:13:01.695+0800][info] GC(93) Old regions: 7->7
[2024-09-09T03:13:01.695+0800][info] GC(93) Archive regions: 2->2
[2024-09-09T03:13:01.695+0800][info] GC(93) Humongous regions: 16->12
[2024-09-09T03:13:01.695+0800][info] GC(93) Metaspace: 779K(960K)->779K(960K) NonClass: 725K(832K)->725K(832K) Class: 54K(128K)->54K(128K)
[2024-09-09T03:13:01.695+0800][info] GC(93) Pause Young (Concurrent Start) (G1 Humongous Allocation) 90M->74M(128M) 1.135ms
[2024-09-09T03:13:01.695+0800][info] GC(93) User=0.00s Sys=0.00s Real=0.00s
[2024-09-09T03:13:01.695+0800][info] GC(94) Concurrent Mark Cycle
[2024-09-09T03:13:01.695+0800][info] GC(94) Concurrent Clear Claimed Marks
[2024-09-09T03:13:01.695+0800][info] GC(94) Concurrent Clear Claimed Marks 0.018ms
[2024-09-09T03:13:01.695+0800][info] GC(94) Concurrent Scan Root Regions
[2024-09-09T03:13:01.695+0800][info] GC(94) Concurrent Scan Root Regions 0.090ms
[2024-09-09T03:13:01.695+0800][info] GC(94) Concurrent Mark
[2024-09-09T03:13:01.696+0800][info] GC(94) Concurrent Mark From Roots
[2024-09-09T03:13:01.696+0800][info] GC(94) Using 12 workers of 12 for marking
[2024-09-09T03:13:01.698+0800][info] GC(94) Concurrent Mark From Roots 2.313ms
[2024-09-09T03:13:01.698+0800][info] GC(94) Concurrent Preclean
[2024-09-09T03:13:01.700+0800][info] GC(94) Concurrent Preclean 1.664ms
[2024-09-09T03:13:01.700+0800][info] GC(94) Pause Remark
[2024-09-09T03:13:01.701+0800][info] GC(94) Pause Remark 91M->91M(128M) 0.985ms
[2024-09-09T03:13:01.701+0800][info] GC(94) User=0.00s Sys=0.00s Real=0.00s
[2024-09-09T03:13:01.701+0800][info] GC(94) Concurrent Mark 5.129ms
[2024-09-09T03:13:01.701+0800][info] GC(94) Concurrent Rebuild Remembered Sets
[2024-09-09T03:13:01.707+0800][info] GC(94) Concurrent Rebuild Remembered Sets 6.004ms
[2024-09-09T03:13:01.707+0800][info] GC(94) Pause Cleanup
[2024-09-09T03:13:01.707+0800][info] GC(94) Pause Cleanup 91M->91M(128M) 0.422ms
[2024-09-09T03:13:01.707+0800][info] GC(94) User=0.00s Sys=0.00s Real=0.00s
[2024-09-09T03:13:01.707+0800][info] GC(94) Concurrent Cleanup for Next Mark
[2024-09-09T03:13:01.707+0800][info] GC(94) Concurrent Cleanup for Next Mark 0.255ms
[2024-09-09T03:13:01.708+0800][info] GC(94) Concurrent Mark Cycle 12.214ms
[2024-09-09T03:13:02.270+0800][info] GC(95) Pause Young (Concurrent Start) (G1 Humongous Allocation)
[2024-09-09T03:13:02.270+0800][info] GC(95) Using 3 workers of 48 for evacuation
[2024-09-09T03:13:02.271+0800][info] GC(95)   Pre Evacuate Collection Set: 0.1ms
[2024-09-09T03:13:02.271+0800][info] GC(95)   Merge Heap Roots: 0.0ms
[2024-09-09T03:13:02.271+0800][info] GC(95)   Evacuate Collection Set: 0.4ms
[2024-09-09T03:13:02.271+0800][info] GC(95)   Post Evacuate Collection Set: 0.2ms
[2024-09-09T03:13:02.271+0800][info] GC(95)   Other: 0.3ms
[2024-09-09T03:13:02.271+0800][info] GC(95) Eden regions: 1->0(3)
[2024-09-09T03:13:02.271+0800][info] GC(95) Survivor regions: 1->1(1)
[2024-09-09T03:13:02.271+0800][info] GC(95) Old regions: 7->7
[2024-09-09T03:13:02.271+0800][info] GC(95) Archive regions: 2->2
[2024-09-09T03:13:02.271+0800][info] GC(95) Humongous regions: 16->12
[2024-09-09T03:13:02.271+0800][info] GC(95) Metaspace: 779K(960K)->779K(960K) NonClass: 725K(832K)->725K(832K) Class: 54K(128K)->54K(128K)
[2024-09-09T03:13:02.271+0800][info] GC(95) Pause Young (Concurrent Start) (G1 Humongous Allocation) 91M->74M(128M) 1.032ms
[2024-09-09T03:13:02.271+0800][info] GC(95) User=0.00s Sys=0.00s Real=0.00s
[2024-09-09T03:13:02.271+0800][info] GC(96) Concurrent Mark Cycle
[2024-09-09T03:13:02.271+0800][info] GC(96) Concurrent Clear Claimed Marks
[2024-09-09T03:13:02.271+0800][info] GC(96) Concurrent Clear Claimed Marks 0.018ms
[2024-09-09T03:13:02.271+0800][info] GC(96) Concurrent Scan Root Regions
[2024-09-09T03:13:02.271+0800][info] GC(96) Concurrent Scan Root Regions 0.074ms
[2024-09-09T03:13:02.271+0800][info] GC(96) Concurrent Mark
[2024-09-09T03:13:02.271+0800][info] GC(96) Concurrent Mark From Roots
[2024-09-09T03:13:02.271+0800][info] GC(96) Using 12 workers of 12 for marking
[2024-09-09T03:13:02.274+0800][info] GC(96) Concurrent Mark From Roots 2.445ms
[2024-09-09T03:13:02.274+0800][info] GC(96) Concurrent Preclean
[2024-09-09T03:13:02.275+0800][info] GC(96) Concurrent Preclean 1.670ms
[2024-09-09T03:13:02.275+0800][info] GC(96) Pause Remark
[2024-09-09T03:13:02.276+0800][info] GC(96) Pause Remark 91M->91M(128M) 0.930ms
[2024-09-09T03:13:02.276+0800][info] GC(96) User=0.00s Sys=0.00s Real=0.00s
[2024-09-09T03:13:02.276+0800][info] GC(96) Concurrent Mark 5.180ms
[2024-09-09T03:13:02.276+0800][info] GC(96) Concurrent Rebuild Remembered Sets
[2024-09-09T03:13:02.283+0800][info] GC(96) Concurrent Rebuild Remembered Sets 6.642ms
[2024-09-09T03:13:02.283+0800][info] GC(96) Pause Cleanup
[2024-09-09T03:13:02.283+0800][info] GC(96) Pause Cleanup 91M->91M(128M) 0.299ms
[2024-09-09T03:13:02.283+0800][info] GC(96) User=0.00s Sys=0.00s Real=0.00s
[2024-09-09T03:13:02.283+0800][info] GC(96) Concurrent Cleanup for Next Mark
[2024-09-09T03:13:02.284+0800][info] GC(96) Concurrent Cleanup for Next Mark 0.204ms
[2024-09-09T03:13:02.284+0800][info] GC(96) Concurrent Mark Cycle 12.672ms
[2024-09-09T03:13:02.845+0800][info] GC(97) Pause Young (Concurrent Start) (G1 Humongous Allocation)
[2024-09-09T03:13:02.845+0800][info] GC(97) Using 3 workers of 48 for evacuation
[2024-09-09T03:13:02.846+0800][info] GC(97)   Pre Evacuate Collection Set: 0.0ms
[2024-09-09T03:13:02.846+0800][info] GC(97)   Merge Heap Roots: 0.0ms
[2024-09-09T03:13:02.846+0800][info] GC(97)   Evacuate Collection Set: 0.4ms
[2024-09-09T03:13:02.846+0800][info] GC(97)   Post Evacuate Collection Set: 0.1ms
[2024-09-09T03:13:02.846+0800][info] GC(97)   Other: 0.2ms
[2024-09-09T03:13:02.846+0800][info] GC(97) Eden regions: 1->0(4)
[2024-09-09T03:13:02.846+0800][info] GC(97) Survivor regions: 1->1(1)
[2024-09-09T03:13:02.846+0800][info] GC(97) Old regions: 7->7
[2024-09-09T03:13:02.846+0800][info] GC(97) Archive regions: 2->2
[2024-09-09T03:13:02.846+0800][info] GC(97) Humongous regions: 16->12
[2024-09-09T03:13:02.846+0800][info] GC(97) Metaspace: 786K(960K)->786K(960K) NonClass: 732K(832K)->732K(832K) Class: 54K(128K)->54K(128K)
[2024-09-09T03:13:02.846+0800][info] GC(97) Pause Young (Concurrent Start) (G1 Humongous Allocation) 91M->74M(128M) 0.910ms
[2024-09-09T03:13:02.846+0800][info] GC(97) User=0.00s Sys=0.00s Real=0.00s
[2024-09-09T03:13:02.846+0800][info] GC(98) Concurrent Mark Cycle
[2024-09-09T03:13:02.846+0800][info] GC(98) Concurrent Clear Claimed Marks
[2024-09-09T03:13:02.846+0800][info] GC(98) Concurrent Clear Claimed Marks 0.017ms
[2024-09-09T03:13:02.846+0800][info] GC(98) Concurrent Scan Root Regions
[2024-09-09T03:13:02.846+0800][info] GC(98) Concurrent Scan Root Regions 0.073ms
[2024-09-09T03:13:02.846+0800][info] GC(98) Concurrent Mark
[2024-09-09T03:13:02.846+0800][info] GC(98) Concurrent Mark From Roots
[2024-09-09T03:13:02.846+0800][info] GC(98) Using 12 workers of 12 for marking
[2024-09-09T03:13:02.848+0800][info] GC(98) Concurrent Mark From Roots 2.260ms
[2024-09-09T03:13:02.848+0800][info] GC(98) Concurrent Preclean
[2024-09-09T03:13:02.850+0800][info] GC(98) Concurrent Preclean 1.691ms
[2024-09-09T03:13:02.850+0800][info] GC(98) Pause Remark
[2024-09-09T03:13:02.851+0800][info] GC(98) Pause Remark 91M->91M(128M) 0.984ms
[2024-09-09T03:13:02.851+0800][info] GC(98) User=0.01s Sys=0.00s Real=0.00s
[2024-09-09T03:13:02.851+0800][info] GC(98) Concurrent Mark 5.057ms
[2024-09-09T03:13:02.851+0800][info] GC(98) Concurrent Rebuild Remembered Sets
[2024-09-09T03:13:02.858+0800][info] GC(98) Concurrent Rebuild Remembered Sets 6.577ms
[2024-09-09T03:13:02.858+0800][info] GC(98) Pause Cleanup
[2024-09-09T03:13:02.858+0800][info] GC(98) Pause Cleanup 91M->91M(128M) 0.232ms
[2024-09-09T03:13:02.858+0800][info] GC(98) User=0.01s Sys=0.00s Real=0.00s
[2024-09-09T03:13:02.858+0800][info] GC(98) Concurrent Cleanup for Next Mark
[2024-09-09T03:13:02.858+0800][info] GC(98) Concurrent Cleanup for Next Mark 0.233ms
[2024-09-09T03:13:02.858+0800][info] GC(98) Concurrent Mark Cycle 12.425ms
[2024-09-09T03:13:03.420+0800][info] GC(99) Pause Young (Concurrent Start) (G1 Humongous Allocation)
[2024-09-09T03:13:03.420+0800][info] GC(99) Using 3 workers of 48 for evacuation
[2024-09-09T03:13:03.421+0800][info] GC(99)   Pre Evacuate Collection Set: 0.0ms
[2024-09-09T03:13:03.421+0800][info] GC(99)   Merge Heap Roots: 0.0ms
[2024-09-09T03:13:03.421+0800][info] GC(99)   Evacuate Collection Set: 0.3ms
[2024-09-09T03:13:03.421+0800][info] GC(99)   Post Evacuate Collection Set: 0.1ms
[2024-09-09T03:13:03.421+0800][info] GC(99)   Other: 0.2ms
[2024-09-09T03:13:03.421+0800][info] GC(99) Eden regions: 1->0(5)
[2024-09-09T03:13:03.421+0800][info] GC(99) Survivor regions: 1->1(1)
[2024-09-09T03:13:03.421+0800][info] GC(99) Old regions: 7->7
[2024-09-09T03:13:03.421+0800][info] GC(99) Archive regions: 2->2
[2024-09-09T03:13:03.421+0800][info] GC(99) Humongous regions: 16->12
[2024-09-09T03:13:03.421+0800][info] GC(99) Metaspace: 786K(960K)->786K(960K) NonClass: 732K(832K)->732K(832K) Class: 54K(128K)->54K(128K)
[2024-09-09T03:13:03.421+0800][info] GC(99) Pause Young (Concurrent Start) (G1 Humongous Allocation) 91M->74M(128M) 0.902ms
[2024-09-09T03:13:03.421+0800][info] GC(99) User=0.00s Sys=0.00s Real=0.00s
[2024-09-09T03:13:03.421+0800][info] GC(100) Concurrent Mark Cycle
[2024-09-09T03:13:03.421+0800][info] GC(100) Concurrent Clear Claimed Marks
[2024-09-09T03:13:03.421+0800][info] GC(100) Concurrent Clear Claimed Marks 0.019ms
[2024-09-09T03:13:03.421+0800][info] GC(100) Concurrent Scan Root Regions
[2024-09-09T03:13:03.421+0800][info] GC(100) Concurrent Scan Root Regions 0.148ms
[2024-09-09T03:13:03.421+0800][info] GC(100) Concurrent Mark
[2024-09-09T03:13:03.421+0800][info] GC(100) Concurrent Mark From Roots
[2024-09-09T03:13:03.421+0800][info] GC(100) Using 12 workers of 12 for marking
[2024-09-09T03:13:03.424+0800][info] GC(100) Concurrent Mark From Roots 3.297ms
[2024-09-09T03:13:03.424+0800][info] GC(100) Concurrent Preclean
[2024-09-09T03:13:03.426+0800][info] GC(100) Concurrent Preclean 1.709ms
[2024-09-09T03:13:03.426+0800][info] GC(100) Pause Remark
[2024-09-09T03:13:03.427+0800][info] GC(100) Pause Remark 91M->91M(128M) 0.907ms
[2024-09-09T03:13:03.427+0800][info] GC(100) User=0.00s Sys=0.00s Real=0.00s
[2024-09-09T03:13:03.427+0800][info] GC(100) Concurrent Mark 6.052ms
[2024-09-09T03:13:03.427+0800][info] GC(100) Concurrent Rebuild Remembered Sets
[2024-09-09T03:13:03.434+0800][info] GC(100) Concurrent Rebuild Remembered Sets 6.387ms
[2024-09-09T03:13:03.434+0800][info] GC(100) Pause Cleanup
[2024-09-09T03:13:03.434+0800][info] GC(100) Pause Cleanup 91M->91M(128M) 0.244ms
[2024-09-09T03:13:03.434+0800][info] GC(100) User=0.00s Sys=0.00s Real=0.00s
[2024-09-09T03:13:03.434+0800][info] GC(100) Concurrent Cleanup for Next Mark
[2024-09-09T03:13:03.434+0800][info] GC(100) Concurrent Cleanup for Next Mark 0.311ms
[2024-09-09T03:13:03.434+0800][info] GC(100) Concurrent Mark Cycle 13.406ms
[2024-09-09T03:13:03.994+0800][info] GC(101) Pause Young (Concurrent Start) (G1 Humongous Allocation)
[2024-09-09T03:13:03.995+0800][info] GC(101) Using 3 workers of 48 for evacuation
[2024-09-09T03:13:03.995+0800][info] GC(101)   Pre Evacuate Collection Set: 0.0ms
[2024-09-09T03:13:03.995+0800][info] GC(101)   Merge Heap Roots: 0.0ms
[2024-09-09T03:13:03.995+0800][info] GC(101)   Evacuate Collection Set: 0.4ms
[2024-09-09T03:13:03.995+0800][info] GC(101)   Post Evacuate Collection Set: 0.1ms
[2024-09-09T03:13:03.995+0800][info] GC(101)   Other: 0.2ms
[2024-09-09T03:13:03.995+0800][info] GC(101) Eden regions: 1->0(5)
[2024-09-09T03:13:03.995+0800][info] GC(101) Survivor regions: 1->1(1)
[2024-09-09T03:13:03.995+0800][info] GC(101) Old regions: 7->7
[2024-09-09T03:13:03.995+0800][info] GC(101) Archive regions: 2->2
[2024-09-09T03:13:03.995+0800][info] GC(101) Humongous regions: 16->12
[2024-09-09T03:13:03.995+0800][info] GC(101) Metaspace: 798K(960K)->798K(960K) NonClass: 744K(832K)->744K(832K) Class: 54K(128K)->54K(128K)
[2024-09-09T03:13:03.995+0800][info] GC(101) Pause Young (Concurrent Start) (G1 Humongous Allocation) 91M->74M(128M) 0.915ms
[2024-09-09T03:13:03.995+0800][info] GC(101) User=0.00s Sys=0.00s Real=0.00s
[2024-09-09T03:13:03.995+0800][info] GC(102) Concurrent Mark Cycle
[2024-09-09T03:13:03.995+0800][info] GC(102) Concurrent Clear Claimed Marks
[2024-09-09T03:13:03.996+0800][info] GC(102) Concurrent Clear Claimed Marks 0.017ms
[2024-09-09T03:13:03.996+0800][info] GC(102) Concurrent Scan Root Regions
[2024-09-09T03:13:03.996+0800][info] GC(102) Concurrent Scan Root Regions 0.092ms
[2024-09-09T03:13:03.996+0800][info] GC(102) Concurrent Mark
[2024-09-09T03:13:03.996+0800][info] GC(102) Concurrent Mark From Roots
[2024-09-09T03:13:03.996+0800][info] GC(102) Using 12 workers of 12 for marking
[2024-09-09T03:13:03.999+0800][info] GC(102) Concurrent Mark From Roots 3.155ms
[2024-09-09T03:13:03.999+0800][info] GC(102) Concurrent Preclean
[2024-09-09T03:13:04.001+0800][info] GC(102) Concurrent Preclean 1.675ms
[2024-09-09T03:13:04.001+0800][info] GC(102) Pause Remark
[2024-09-09T03:13:04.002+0800][info] GC(102) Pause Remark 91M->91M(128M) 1.175ms
[2024-09-09T03:13:04.002+0800][info] GC(102) User=0.01s Sys=0.00s Real=0.00s
[2024-09-09T03:13:04.002+0800][info] GC(102) Concurrent Mark 6.164ms
[2024-09-09T03:13:04.002+0800][info] GC(102) Concurrent Rebuild Remembered Sets
[2024-09-09T03:13:04.008+0800][info] GC(102) Concurrent Rebuild Remembered Sets 6.618ms
[2024-09-09T03:13:04.009+0800][info] GC(102) Pause Cleanup
[2024-09-09T03:13:04.009+0800][info] GC(102) Pause Cleanup 91M->91M(128M) 0.252ms
[2024-09-09T03:13:04.009+0800][info] GC(102) User=0.00s Sys=0.00s Real=0.00s
[2024-09-09T03:13:04.009+0800][info] GC(102) Concurrent Cleanup for Next Mark
[2024-09-09T03:13:04.009+0800][info] GC(102) Concurrent Cleanup for Next Mark 0.248ms
[2024-09-09T03:13:04.009+0800][info] GC(102) Concurrent Mark Cycle 13.628ms
[2024-09-09T03:13:06.583+0800][info] GC(103) Pause Young (Normal) (G1 Preventive Collection)
[2024-09-09T03:13:06.584+0800][info] GC(103) Using 3 workers of 48 for evacuation
[2024-09-09T03:13:06.585+0800][info] GC(103) To-space exhausted
[2024-09-09T03:13:06.585+0800][info] GC(103)   Pre Evacuate Collection Set: 0.0ms
[2024-09-09T03:13:06.585+0800][info] GC(103)   Merge Heap Roots: 0.0ms
[2024-09-09T03:13:06.585+0800][info] GC(103)   Evacuate Collection Set: 1.2ms
[2024-09-09T03:13:06.585+0800][info] GC(103)   Post Evacuate Collection Set: 0.3ms
[2024-09-09T03:13:06.585+0800][info] GC(103)   Other: 0.2ms
[2024-09-09T03:13:06.585+0800][info] GC(103) Eden regions: 4->0(7)
[2024-09-09T03:13:06.585+0800][info] GC(103) Survivor regions: 1->1(1)
[2024-09-09T03:13:06.585+0800][info] GC(103) Old regions: 7->12
[2024-09-09T03:13:06.585+0800][info] GC(103) Archive regions: 2->2
[2024-09-09T03:13:06.585+0800][info] GC(103) Humongous regions: 16->0
[2024-09-09T03:13:06.585+0800][info] GC(103) Metaspace: 798K(960K)->798K(960K) NonClass: 744K(832K)->744K(832K) Class: 54K(128K)->54K(128K)
[2024-09-09T03:13:06.585+0800][info] GC(103) Pause Young (Normal) (G1 Preventive Collection) 106M->52M(128M) 1.881ms
[2024-09-09T03:13:06.585+0800][info] GC(103) User=0.00s Sys=0.00s Real=0.01s
[2024-09-09T03:13:10.099+0800][info] GC(104) Pause Young (Concurrent Start) (G1 Evacuation Pause)
[2024-09-09T03:13:10.099+0800][info] GC(104) Using 3 workers of 48 for evacuation
[2024-09-09T03:13:10.103+0800][info] GC(104)   Pre Evacuate Collection Set: 0.1ms
[2024-09-09T03:13:10.103+0800][info] GC(104)   Merge Heap Roots: 0.0ms
[2024-09-09T03:13:10.103+0800][info] GC(104)   Evacuate Collection Set: 3.0ms
[2024-09-09T03:13:10.103+0800][info] GC(104)   Post Evacuate Collection Set: 0.2ms
[2024-09-09T03:13:10.103+0800][info] GC(104)   Other: 0.3ms
[2024-09-09T03:13:10.103+0800][info] GC(104) Eden regions: 7->0(3)
[2024-09-09T03:13:10.103+0800][info] GC(104) Survivor regions: 1->1(1)
[2024-09-09T03:13:10.103+0800][info] GC(104) Old regions: 12->19
[2024-09-09T03:13:10.103+0800][info] GC(104) Archive regions: 2->2
[2024-09-09T03:13:10.103+0800][info] GC(104) Humongous regions: 0->0
[2024-09-09T03:13:10.103+0800][info] GC(104) Metaspace: 798K(960K)->798K(960K) NonClass: 744K(832K)->744K(832K) Class: 54K(128K)->54K(128K)
[2024-09-09T03:13:10.103+0800][info] GC(104) Pause Young (Concurrent Start) (G1 Evacuation Pause) 80M->80M(128M) 3.820ms
[2024-09-09T03:13:10.103+0800][info] GC(104) User=0.01s Sys=0.00s Real=0.00s
[2024-09-09T03:13:10.103+0800][info] GC(105) Concurrent Mark Cycle
[2024-09-09T03:13:10.103+0800][info] GC(105) Concurrent Clear Claimed Marks
[2024-09-09T03:13:10.103+0800][info] GC(105) Concurrent Clear Claimed Marks 0.023ms
[2024-09-09T03:13:10.103+0800][info] GC(105) Concurrent Scan Root Regions
[2024-09-09T03:13:10.103+0800][info] GC(105) Concurrent Scan Root Regions 0.110ms
[2024-09-09T03:13:10.103+0800][info] GC(105) Concurrent Mark
[2024-09-09T03:13:10.103+0800][info] GC(105) Concurrent Mark From Roots
[2024-09-09T03:13:10.103+0800][info] GC(105) Using 12 workers of 12 for marking
[2024-09-09T03:13:10.107+0800][info] GC(105) Concurrent Mark From Roots 3.299ms
[2024-09-09T03:13:10.107+0800][info] GC(105) Concurrent Preclean
[2024-09-09T03:13:10.108+0800][info] GC(105) Concurrent Preclean 1.688ms
[2024-09-09T03:13:10.108+0800][info] GC(105) Pause Remark
[2024-09-09T03:13:10.109+0800][info] GC(105) Pause Remark 81M->81M(128M) 1.036ms
[2024-09-09T03:13:10.109+0800][info] GC(105) User=0.01s Sys=0.00s Real=0.00s
[2024-09-09T03:13:10.109+0800][info] GC(105) Concurrent Mark 6.205ms
[2024-09-09T03:13:10.109+0800][info] GC(105) Concurrent Rebuild Remembered Sets
[2024-09-09T03:13:10.115+0800][info] GC(105) Concurrent Rebuild Remembered Sets 5.612ms
[2024-09-09T03:13:10.115+0800][info] GC(105) Pause Cleanup
[2024-09-09T03:13:10.115+0800][info] GC(105) Pause Cleanup 81M->81M(128M) 0.342ms
[2024-09-09T03:13:10.115+0800][info] GC(105) User=0.00s Sys=0.00s Real=0.00s
[2024-09-09T03:13:10.116+0800][info] GC(105) Concurrent Cleanup for Next Mark
[2024-09-09T03:13:10.116+0800][info] GC(105) Concurrent Cleanup for Next Mark 0.265ms
[2024-09-09T03:13:10.116+0800][info] GC(105) Concurrent Mark Cycle 12.863ms
[2024-09-09T03:13:11.755+0800][info] GC(106) Pause Young (Prepare Mixed) (G1 Evacuation Pause)
[2024-09-09T03:13:11.755+0800][info] GC(106) Using 3 workers of 48 for evacuation
[2024-09-09T03:13:11.757+0800][info] GC(106)   Pre Evacuate Collection Set: 0.0ms
[2024-09-09T03:13:11.757+0800][info] GC(106)   Merge Heap Roots: 0.0ms
[2024-09-09T03:13:11.757+0800][info] GC(106)   Evacuate Collection Set: 1.4ms
[2024-09-09T03:13:11.757+0800][info] GC(106)   Post Evacuate Collection Set: 0.1ms
[2024-09-09T03:13:11.757+0800][info] GC(106)   Other: 0.1ms
[2024-09-09T03:13:11.757+0800][info] GC(106) Eden regions: 3->0(1)
[2024-09-09T03:13:11.757+0800][info] GC(106) Survivor regions: 1->1(1)
[2024-09-09T03:13:11.757+0800][info] GC(106) Old regions: 19->22
[2024-09-09T03:13:11.757+0800][info] GC(106) Archive regions: 2->2
[2024-09-09T03:13:11.757+0800][info] GC(106) Humongous regions: 0->0
[2024-09-09T03:13:11.757+0800][info] GC(106) Metaspace: 798K(960K)->798K(960K) NonClass: 744K(832K)->744K(832K) Class: 54K(128K)->54K(128K)
[2024-09-09T03:13:11.757+0800][info] GC(106) Pause Young (Prepare Mixed) (G1 Evacuation Pause) 92M->92M(128M) 1.839ms
[2024-09-09T03:13:11.757+0800][info] GC(106) User=0.00s Sys=0.00s Real=0.01s
[2024-09-09T03:13:12.259+0800][info] GC(107) Pause Young (Mixed) (G1 Evacuation Pause)
[2024-09-09T03:13:12.259+0800][info] GC(107) Using 3 workers of 48 for evacuation
[2024-09-09T03:13:12.260+0800][info] GC(107)   Pre Evacuate Collection Set: 0.0ms
[2024-09-09T03:13:12.260+0800][info] GC(107)   Merge Heap Roots: 0.0ms
[2024-09-09T03:13:12.260+0800][info] GC(107)   Evacuate Collection Set: 0.8ms
[2024-09-09T03:13:12.260+0800][info] GC(107)   Post Evacuate Collection Set: 0.1ms
[2024-09-09T03:13:12.260+0800][info] GC(107)   Other: 0.1ms
[2024-09-09T03:13:12.260+0800][info] GC(107) Eden regions: 1->0(1)
[2024-09-09T03:13:12.260+0800][info] GC(107) Survivor regions: 1->1(1)
[2024-09-09T03:13:12.260+0800][info] GC(107) Old regions: 22->22
[2024-09-09T03:13:12.260+0800][info] GC(107) Archive regions: 2->2
[2024-09-09T03:13:12.260+0800][info] GC(107) Humongous regions: 0->0
[2024-09-09T03:13:12.260+0800][info] GC(107) Metaspace: 798K(960K)->798K(960K) NonClass: 744K(832K)->744K(832K) Class: 54K(128K)->54K(128K)
[2024-09-09T03:13:12.260+0800][info] GC(107) Pause Young (Mixed) (G1 Evacuation Pause) 96M->89M(128M) 1.243ms
[2024-09-09T03:13:12.260+0800][info] GC(107) User=0.01s Sys=0.00s Real=0.00s
[2024-09-09T03:13:12.762+0800][info] GC(108) Pause Young (Concurrent Start) (G1 Evacuation Pause)
[2024-09-09T03:13:12.762+0800][info] GC(108) Using 3 workers of 48 for evacuation
[2024-09-09T03:13:12.763+0800][info] GC(108)   Pre Evacuate Collection Set: 0.0ms
[2024-09-09T03:13:12.763+0800][info] GC(108)   Merge Heap Roots: 0.0ms
[2024-09-09T03:13:12.763+0800][info] GC(108)   Evacuate Collection Set: 0.8ms
[2024-09-09T03:13:12.763+0800][info] GC(108)   Post Evacuate Collection Set: 0.1ms
[2024-09-09T03:13:12.763+0800][info] GC(108)   Other: 0.2ms
[2024-09-09T03:13:12.763+0800][info] GC(108) Eden regions: 1->0(1)
[2024-09-09T03:13:12.763+0800][info] GC(108) Survivor regions: 1->1(1)
[2024-09-09T03:13:12.763+0800][info] GC(108) Old regions: 22->23
[2024-09-09T03:13:12.763+0800][info] GC(108) Archive regions: 2->2
[2024-09-09T03:13:12.763+0800][info] GC(108) Humongous regions: 0->0
[2024-09-09T03:13:12.763+0800][info] GC(108) Metaspace: 798K(960K)->798K(960K) NonClass: 744K(832K)->744K(832K) Class: 54K(128K)->54K(128K)
[2024-09-09T03:13:12.763+0800][info] GC(108) Pause Young (Concurrent Start) (G1 Evacuation Pause) 93M->93M(128M) 1.336ms
[2024-09-09T03:13:12.763+0800][info] GC(108) User=0.00s Sys=0.00s Real=0.00s
[2024-09-09T03:13:12.764+0800][info] GC(109) Concurrent Mark Cycle
[2024-09-09T03:13:12.764+0800][info] GC(109) Concurrent Clear Claimed Marks
[2024-09-09T03:13:12.764+0800][info] GC(109) Concurrent Clear Claimed Marks 0.021ms
[2024-09-09T03:13:12.764+0800][info] GC(109) Concurrent Scan Root Regions
[2024-09-09T03:13:12.764+0800][info] GC(109) Concurrent Scan Root Regions 0.103ms
[2024-09-09T03:13:12.764+0800][info] GC(109) Concurrent Mark
[2024-09-09T03:13:12.764+0800][info] GC(109) Concurrent Mark From Roots
[2024-09-09T03:13:12.764+0800][info] GC(109) Using 12 workers of 12 for marking
[2024-09-09T03:13:12.767+0800][info] GC(109) Concurrent Mark From Roots 2.977ms
[2024-09-09T03:13:12.767+0800][info] GC(109) Concurrent Preclean
[2024-09-09T03:13:12.768+0800][info] GC(109) Concurrent Preclean 1.705ms
[2024-09-09T03:13:12.769+0800][info] GC(109) Pause Remark
[2024-09-09T03:13:12.770+0800][info] GC(109) Pause Remark 93M->41M(128M) 1.612ms
[2024-09-09T03:13:12.770+0800][info] GC(109) User=0.00s Sys=0.00s Real=0.00s
[2024-09-09T03:13:12.770+0800][info] GC(109) Concurrent Mark 6.514ms
[2024-09-09T03:13:12.770+0800][info] GC(109) Concurrent Rebuild Remembered Sets
[2024-09-09T03:13:12.774+0800][info] GC(109) Concurrent Rebuild Remembered Sets 4.027ms
[2024-09-09T03:13:12.774+0800][info] GC(109) Pause Cleanup
[2024-09-09T03:13:12.775+0800][info] GC(109) Pause Cleanup 41M->41M(128M) 0.160ms
[2024-09-09T03:13:12.775+0800][info] GC(109) User=0.00s Sys=0.00s Real=0.00s
[2024-09-09T03:13:12.775+0800][info] GC(109) Concurrent Cleanup for Next Mark
[2024-09-09T03:13:12.775+0800][info] GC(109) Concurrent Cleanup for Next Mark 0.354ms
[2024-09-09T03:13:12.775+0800][info] GC(109) Concurrent Mark Cycle 11.469ms
[2024-09-09T03:13:13.411+0800][info] GC(110) Pause Young (Prepare Mixed) (G1 Evacuation Pause)
[2024-09-09T03:13:13.411+0800][info] GC(110) Using 3 workers of 48 for evacuation
[2024-09-09T03:13:13.412+0800][info] GC(110)   Pre Evacuate Collection Set: 0.0ms
[2024-09-09T03:13:13.412+0800][info] GC(110)   Merge Heap Roots: 0.0ms
[2024-09-09T03:13:13.412+0800][info] GC(110)   Evacuate Collection Set: 0.8ms
[2024-09-09T03:13:13.412+0800][info] GC(110)   Post Evacuate Collection Set: 0.1ms
[2024-09-09T03:13:13.412+0800][info] GC(110)   Other: 0.1ms
[2024-09-09T03:13:13.412+0800][info] GC(110) Eden regions: 1->0(1)
[2024-09-09T03:13:13.412+0800][info] GC(110) Survivor regions: 1->1(1)
[2024-09-09T03:13:13.412+0800][info] GC(110) Old regions: 10->11
[2024-09-09T03:13:13.412+0800][info] GC(110) Archive regions: 2->2
[2024-09-09T03:13:13.412+0800][info] GC(110) Humongous regions: 0->0
[2024-09-09T03:13:13.412+0800][info] GC(110) Metaspace: 793K(960K)->793K(960K) NonClass: 741K(832K)->741K(832K) Class: 52K(128K)->52K(128K)
[2024-09-09T03:13:13.412+0800][info] GC(110) Pause Young (Prepare Mixed) (G1 Evacuation Pause) 45M->45M(128M) 1.142ms
[2024-09-09T03:13:13.412+0800][info] GC(110) User=0.00s Sys=0.00s Real=0.00s
[2024-09-09T03:13:13.913+0800][info] GC(111) Pause Young (Mixed) (G1 Evacuation Pause)
[2024-09-09T03:13:13.913+0800][info] GC(111) Using 3 workers of 48 for evacuation
[2024-09-09T03:13:13.915+0800][info] GC(111)   Pre Evacuate Collection Set: 0.0ms
[2024-09-09T03:13:13.915+0800][info] GC(111)   Merge Heap Roots: 0.0ms
[2024-09-09T03:13:13.915+0800][info] GC(111)   Evacuate Collection Set: 0.8ms
[2024-09-09T03:13:13.915+0800][info] GC(111)   Post Evacuate Collection Set: 0.1ms
[2024-09-09T03:13:13.915+0800][info] GC(111)   Other: 0.2ms
[2024-09-09T03:13:13.915+0800][info] GC(111) Eden regions: 1->0(5)
[2024-09-09T03:13:13.915+0800][info] GC(111) Survivor regions: 1->1(1)
[2024-09-09T03:13:13.915+0800][info] GC(111) Old regions: 11->8
[2024-09-09T03:13:13.915+0800][info] GC(111) Archive regions: 2->2
[2024-09-09T03:13:13.915+0800][info] GC(111) Humongous regions: 0->0
[2024-09-09T03:13:13.915+0800][info] GC(111) Metaspace: 793K(960K)->793K(960K) NonClass: 741K(832K)->741K(832K) Class: 52K(128K)->52K(128K)
[2024-09-09T03:13:13.915+0800][info] GC(111) Pause Young (Mixed) (G1 Evacuation Pause) 49M->33M(128M) 1.352ms
[2024-09-09T03:13:13.915+0800][info] GC(111) User=0.00s Sys=0.00s Real=0.00s
[2024-09-09T03:13:16.425+0800][info] GC(112) Pause Young (Concurrent Start) (G1 Evacuation Pause)
[2024-09-09T03:13:16.425+0800][info] GC(112) Using 3 workers of 48 for evacuation
[2024-09-09T03:13:16.428+0800][info] GC(112)   Pre Evacuate Collection Set: 0.0ms
[2024-09-09T03:13:16.428+0800][info] GC(112)   Merge Heap Roots: 0.0ms
[2024-09-09T03:13:16.428+0800][info] GC(112)   Evacuate Collection Set: 2.3ms
[2024-09-09T03:13:16.428+0800][info] GC(112)   Post Evacuate Collection Set: 0.2ms
[2024-09-09T03:13:16.428+0800][info] GC(112)   Other: 0.4ms
[2024-09-09T03:13:16.428+0800][info] GC(112) Eden regions: 5->0(4)
[2024-09-09T03:13:16.428+0800][info] GC(112) Survivor regions: 1->1(1)
[2024-09-09T03:13:16.428+0800][info] GC(112) Old regions: 8->13
[2024-09-09T03:13:16.428+0800][info] GC(112) Archive regions: 2->2
[2024-09-09T03:13:16.428+0800][info] GC(112) Humongous regions: 0->0
[2024-09-09T03:13:16.428+0800][info] GC(112) Metaspace: 793K(960K)->793K(960K) NonClass: 741K(832K)->741K(832K) Class: 52K(128K)->52K(128K)
[2024-09-09T03:13:16.428+0800][info] GC(112) Pause Young (Concurrent Start) (G1 Evacuation Pause) 53M->53M(128M) 3.157ms
[2024-09-09T03:13:16.428+0800][info] GC(112) User=0.01s Sys=0.00s Real=0.00s
[2024-09-09T03:13:16.428+0800][info] GC(113) Concurrent Mark Cycle
[2024-09-09T03:13:16.429+0800][info] GC(113) Concurrent Clear Claimed Marks
[2024-09-09T03:13:16.429+0800][info] GC(113) Concurrent Clear Claimed Marks 0.022ms
[2024-09-09T03:13:16.429+0800][info] GC(113) Concurrent Scan Root Regions
[2024-09-09T03:13:16.429+0800][info] GC(113) Concurrent Scan Root Regions 0.142ms
[2024-09-09T03:13:16.429+0800][info] GC(113) Concurrent Mark
[2024-09-09T03:13:16.429+0800][info] GC(113) Concurrent Mark From Roots
[2024-09-09T03:13:16.429+0800][info] GC(113) Using 12 workers of 12 for marking
[2024-09-09T03:13:16.433+0800][info] GC(113) Concurrent Mark From Roots 3.980ms
[2024-09-09T03:13:16.433+0800][info] GC(113) Concurrent Preclean
[2024-09-09T03:13:16.434+0800][info] GC(113) Concurrent Preclean 1.683ms
[2024-09-09T03:13:16.435+0800][info] GC(113) Pause Remark
[2024-09-09T03:13:16.435+0800][info] GC(113) Pause Remark 53M->33M(128M) 0.860ms
[2024-09-09T03:13:16.435+0800][info] GC(113) User=0.00s Sys=0.00s Real=0.00s
[2024-09-09T03:13:16.435+0800][info] GC(113) Concurrent Mark 6.739ms
[2024-09-09T03:13:16.435+0800][info] GC(113) Concurrent Rebuild Remembered Sets
[2024-09-09T03:13:16.438+0800][info] GC(113) Concurrent Rebuild Remembered Sets 2.540ms
[2024-09-09T03:13:16.438+0800][info] GC(113) Pause Cleanup
[2024-09-09T03:13:16.438+0800][info] GC(113) Pause Cleanup 33M->33M(128M) 0.271ms
[2024-09-09T03:13:16.438+0800][info] GC(113) User=0.00s Sys=0.00s Real=0.00s
[2024-09-09T03:13:16.438+0800][info] GC(113) Concurrent Cleanup for Next Mark
[2024-09-09T03:13:16.439+0800][info] GC(113) Concurrent Cleanup for Next Mark 0.313ms
[2024-09-09T03:13:16.439+0800][info] GC(113) Concurrent Mark Cycle 10.322ms
[2024-09-09T03:13:17.793+0800][info] GC(114) Pause Young (Prepare Mixed) (G1 Preventive Collection)
[2024-09-09T03:13:17.793+0800][info] GC(114) Using 3 workers of 48 for evacuation
[2024-09-09T03:13:17.794+0800][info] GC(114)   Pre Evacuate Collection Set: 0.1ms
[2024-09-09T03:13:17.794+0800][info] GC(114)   Merge Heap Roots: 0.0ms
[2024-09-09T03:13:17.794+0800][info] GC(114)   Evacuate Collection Set: 1.2ms
[2024-09-09T03:13:17.794+0800][info] GC(114)   Post Evacuate Collection Set: 0.1ms
[2024-09-09T03:13:17.794+0800][info] GC(114)   Other: 0.2ms
[2024-09-09T03:13:17.794+0800][info] GC(114) Eden regions: 3->0(1)
[2024-09-09T03:13:17.794+0800][info] GC(114) Survivor regions: 1->1(1)
[2024-09-09T03:13:17.794+0800][info] GC(114) Old regions: 8->10
[2024-09-09T03:13:17.794+0800][info] GC(114) Archive regions: 2->2
[2024-09-09T03:13:17.794+0800][info] GC(114) Humongous regions: 12->12
[2024-09-09T03:13:17.794+0800][info] GC(114) Metaspace: 794K(960K)->794K(960K) NonClass: 741K(832K)->741K(832K) Class: 52K(128K)->52K(128K)
[2024-09-09T03:13:17.794+0800][info] GC(114) Pause Young (Prepare Mixed) (G1 Preventive Collection) 90M->90M(128M) 1.680ms
[2024-09-09T03:13:17.794+0800][info] GC(114) User=0.00s Sys=0.00s Real=0.00s
[2024-09-09T03:13:17.797+0800][info] GC(115) Pause Young (Mixed) (G1 Preventive Collection)
[2024-09-09T03:13:17.797+0800][info] GC(115) Using 3 workers of 48 for evacuation
[2024-09-09T03:13:17.797+0800][info] GC(115)   Pre Evacuate Collection Set: 0.0ms
[2024-09-09T03:13:17.797+0800][info] GC(115)   Merge Heap Roots: 0.0ms
[2024-09-09T03:13:17.797+0800][info] GC(115)   Evacuate Collection Set: 0.4ms
[2024-09-09T03:13:17.797+0800][info] GC(115)   Post Evacuate Collection Set: 0.1ms
[2024-09-09T03:13:17.797+0800][info] GC(115)   Other: 0.1ms
[2024-09-09T03:13:17.797+0800][info] GC(115) Eden regions: 0->0(1)
[2024-09-09T03:13:17.797+0800][info] GC(115) Survivor regions: 1->0(1)
[2024-09-09T03:13:17.797+0800][info] GC(115) Old regions: 10->10
[2024-09-09T03:13:17.797+0800][info] GC(115) Archive regions: 2->2
[2024-09-09T03:13:17.797+0800][info] GC(115) Humongous regions: 16->16
[2024-09-09T03:13:17.797+0800][info] GC(115) Metaspace: 794K(960K)->794K(960K) NonClass: 741K(832K)->741K(832K) Class: 52K(128K)->52K(128K)
[2024-09-09T03:13:17.797+0800][info] GC(115) Pause Young (Mixed) (G1 Preventive Collection) 106M->102M(128M) 0.700ms
[2024-09-09T03:13:17.797+0800][info] GC(115) User=0.00s Sys=0.00s Real=0.01s
[2024-09-09T03:13:17.818+0800][info] GC(116) Pause Young (Concurrent Start) (G1 Humongous Allocation)
[2024-09-09T03:13:17.818+0800][info] GC(116) Using 3 workers of 48 for evacuation
[2024-09-09T03:13:17.818+0800][info] GC(116)   Pre Evacuate Collection Set: 0.0ms
[2024-09-09T03:13:17.818+0800][info] GC(116)   Merge Heap Roots: 0.0ms
[2024-09-09T03:13:17.818+0800][info] GC(116)   Evacuate Collection Set: 0.2ms
[2024-09-09T03:13:17.818+0800][info] GC(116)   Post Evacuate Collection Set: 0.1ms
[2024-09-09T03:13:17.818+0800][info] GC(116)   Other: 0.2ms
[2024-09-09T03:13:17.818+0800][info] GC(116) Eden regions: 1->0(1)
[2024-09-09T03:13:17.818+0800][info] GC(116) Survivor regions: 0->1(1)
[2024-09-09T03:13:17.818+0800][info] GC(116) Old regions: 10->10
[2024-09-09T03:13:17.818+0800][info] GC(116) Archive regions: 2->2
[2024-09-09T03:13:17.818+0800][info] GC(116) Humongous regions: 16->16
[2024-09-09T03:13:17.818+0800][info] GC(116) Metaspace: 794K(960K)->794K(960K) NonClass: 741K(832K)->741K(832K) Class: 52K(128K)->52K(128K)
[2024-09-09T03:13:17.818+0800][info] GC(116) Pause Young (Concurrent Start) (G1 Humongous Allocation) 102M->102M(128M) 0.601ms
[2024-09-09T03:13:17.818+0800][info] GC(116) User=0.00s Sys=0.00s Real=0.00s
[2024-09-09T03:13:17.818+0800][info] GC(117) Concurrent Mark Cycle
[2024-09-09T03:13:17.818+0800][info] GC(117) Concurrent Clear Claimed Marks
[2024-09-09T03:13:17.818+0800][info] GC(117) Concurrent Clear Claimed Marks 0.010ms
[2024-09-09T03:13:17.818+0800][info] GC(117) Concurrent Scan Root Regions
[2024-09-09T03:13:17.818+0800][info] GC(117) Concurrent Scan Root Regions 0.077ms
[2024-09-09T03:13:17.818+0800][info] GC(117) Concurrent Mark
[2024-09-09T03:13:17.818+0800][info] GC(117) Concurrent Mark From Roots
[2024-09-09T03:13:17.818+0800][info] GC(117) Using 12 workers of 12 for marking
[2024-09-09T03:13:17.818+0800][info] GC(118) Pause Young (Normal) (G1 Humongous Allocation)
[2024-09-09T03:13:17.818+0800][info] GC(118) Using 3 workers of 48 for evacuation
[2024-09-09T03:13:17.819+0800][info] GC(118)   Pre Evacuate Collection Set: 0.1ms
[2024-09-09T03:13:17.819+0800][info] GC(118)   Merge Heap Roots: 0.0ms
[2024-09-09T03:13:17.819+0800][info] GC(118)   Evacuate Collection Set: 0.0ms
[2024-09-09T03:13:17.819+0800][info] GC(118)   Post Evacuate Collection Set: 0.1ms
[2024-09-09T03:13:17.819+0800][info] GC(118)   Other: 0.1ms
[2024-09-09T03:13:17.819+0800][info] GC(118) Eden regions: 0->0(1)
[2024-09-09T03:13:17.819+0800][info] GC(118) Survivor regions: 1->1(1)
[2024-09-09T03:13:17.819+0800][info] GC(118) Old regions: 10->10
[2024-09-09T03:13:17.819+0800][info] GC(118) Archive regions: 2->2
[2024-09-09T03:13:17.819+0800][info] GC(118) Humongous regions: 16->16
[2024-09-09T03:13:17.819+0800][info] GC(118) Metaspace: 794K(960K)->794K(960K) NonClass: 741K(832K)->741K(832K) Class: 52K(128K)->52K(128K)
[2024-09-09T03:13:17.819+0800][info] GC(118) Pause Young (Normal) (G1 Humongous Allocation) 102M->102M(128M) 0.290ms
[2024-09-09T03:13:17.819+0800][info] GC(118) User=0.01s Sys=0.00s Real=0.00s
[2024-09-09T03:13:17.819+0800][info] Attempting full compaction
[2024-09-09T03:13:17.819+0800][info] GC(119) Using 1 workers of 48 for full compaction
[2024-09-09T03:13:17.819+0800][info] GC(119) Pause Full (G1 Compaction Pause)
[2024-09-09T03:13:17.819+0800][info] GC(119) Phase 1: Mark live objects
[2024-09-09T03:13:17.823+0800][info] GC(119) Phase 1: Mark live objects 4.593ms
[2024-09-09T03:13:17.824+0800][info] GC(119) Phase 2: Prepare for compaction
[2024-09-09T03:13:17.824+0800][info] GC(119) Phase 2: Prepare for compaction 0.902ms
[2024-09-09T03:13:17.824+0800][info] GC(119) Phase 3: Adjust pointers
[2024-09-09T03:13:17.826+0800][info] GC(119) Phase 3: Adjust pointers 1.381ms
[2024-09-09T03:13:17.826+0800][info] GC(119) Phase 4: Compact heap
[2024-09-09T03:13:17.826+0800][info] GC(119) Phase 4: Compact heap 0.414ms
[2024-09-09T03:13:17.827+0800][info] GC(119) Eden regions: 0->0(1)
[2024-09-09T03:13:17.827+0800][info] GC(119) Survivor regions: 1->0(1)
[2024-09-09T03:13:17.827+0800][info] GC(119) Old regions: 10->1
[2024-09-09T03:13:17.827+0800][info] GC(119) Archive regions: 2->2
[2024-09-09T03:13:17.827+0800][info] GC(119) Humongous regions: 16->12
[2024-09-09T03:13:17.827+0800][info] GC(119) Metaspace: 794K(960K)->794K(960K) NonClass: 741K(832K)->741K(832K) Class: 52K(128K)->52K(128K)
[2024-09-09T03:13:17.827+0800][info] GC(119) Pause Full (G1 Compaction Pause) 102M->52M(128M) 8.090ms
[2024-09-09T03:13:17.827+0800][info] GC(119) User=0.00s Sys=0.00s Real=0.01s
[2024-09-09T03:13:17.827+0800][info] GC(117) Concurrent Mark From Roots 8.626ms
[2024-09-09T03:13:17.827+0800][info] GC(117) Concurrent Mark Abort
[2024-09-09T03:13:17.827+0800][info] GC(117) Concurrent Mark Cycle 8.792ms
[2024-09-09T03:13:17.849+0800][info] GC(120) Pause Young (Concurrent Start) (G1 Humongous Allocation)
[2024-09-09T03:13:17.849+0800][info] GC(120) Using 3 workers of 48 for evacuation
[2024-09-09T03:13:17.850+0800][info] GC(120)   Pre Evacuate Collection Set: 0.0ms
[2024-09-09T03:13:17.850+0800][info] GC(120)   Merge Heap Roots: 0.0ms
[2024-09-09T03:13:17.850+0800][info] GC(120)   Evacuate Collection Set: 0.1ms
[2024-09-09T03:13:17.850+0800][info] GC(120)   Post Evacuate Collection Set: 0.1ms
[2024-09-09T03:13:17.850+0800][info] GC(120)   Other: 0.2ms
[2024-09-09T03:13:17.850+0800][info] GC(120) Eden regions: 1->0(1)
[2024-09-09T03:13:17.850+0800][info] GC(120) Survivor regions: 0->1(1)
[2024-09-09T03:13:17.850+0800][info] GC(120) Old regions: 1->1
[2024-09-09T03:13:17.850+0800][info] GC(120) Archive regions: 2->2
[2024-09-09T03:13:17.850+0800][info] GC(120) Humongous regions: 16->16
[2024-09-09T03:13:17.850+0800][info] GC(120) Metaspace: 794K(960K)->794K(960K) NonClass: 741K(832K)->741K(832K) Class: 52K(128K)->52K(128K)
[2024-09-09T03:13:17.850+0800][info] GC(120) Pause Young (Concurrent Start) (G1 Humongous Allocation) 69M->68M(128M) 0.512ms
[2024-09-09T03:13:17.850+0800][info] GC(120) User=0.00s Sys=0.00s Real=0.00s
[2024-09-09T03:13:17.850+0800][info] GC(121) Concurrent Mark Cycle
[2024-09-09T03:13:17.850+0800][info] GC(121) Concurrent Clear Claimed Marks
[2024-09-09T03:13:17.850+0800][info] GC(121) Concurrent Clear Claimed Marks 0.006ms
[2024-09-09T03:13:17.850+0800][info] GC(121) Concurrent Scan Root Regions
[2024-09-09T03:13:17.850+0800][info] GC(121) Concurrent Scan Root Regions 0.044ms
[2024-09-09T03:13:17.850+0800][info] GC(121) Concurrent Mark
[2024-09-09T03:13:17.850+0800][info] GC(121) Concurrent Mark From Roots
[2024-09-09T03:13:17.850+0800][info] GC(121) Using 12 workers of 12 for marking
[2024-09-09T03:13:17.853+0800][info] GC(121) Concurrent Mark From Roots 3.174ms
[2024-09-09T03:13:17.853+0800][info] GC(121) Concurrent Preclean
[2024-09-09T03:13:17.854+0800][info] GC(121) Concurrent Preclean 0.669ms
[2024-09-09T03:13:17.854+0800][info] GC(121) Pause Remark
[2024-09-09T03:13:17.855+0800][info] GC(121) Pause Remark 85M->69M(128M) 0.790ms
[2024-09-09T03:13:17.855+0800][info] GC(121) User=0.00s Sys=0.00s Real=0.00s
[2024-09-09T03:13:17.855+0800][info] GC(121) Concurrent Mark 4.717ms
[2024-09-09T03:13:17.855+0800][info] GC(121) Concurrent Rebuild Remembered Sets
[2024-09-09T03:13:17.861+0800][info] GC(121) Concurrent Rebuild Remembered Sets 6.085ms
[2024-09-09T03:13:17.861+0800][info] GC(121) Pause Cleanup
[2024-09-09T03:13:17.861+0800][info] GC(121) Pause Cleanup 69M->69M(128M) 0.207ms
[2024-09-09T03:13:17.861+0800][info] GC(121) User=0.00s Sys=0.00s Real=0.00s
[2024-09-09T03:13:17.861+0800][info] GC(121) Concurrent Cleanup for Next Mark
[2024-09-09T03:13:17.861+0800][info] GC(121) Concurrent Cleanup for Next Mark 0.257ms
[2024-09-09T03:13:17.861+0800][info] GC(121) Concurrent Mark Cycle 11.429ms
[2024-09-09T03:13:18.424+0800][info] GC(122) Pause Young (Concurrent Start) (G1 Humongous Allocation)
[2024-09-09T03:13:18.424+0800][info] GC(122) Using 3 workers of 48 for evacuation
[2024-09-09T03:13:18.424+0800][info] GC(122)   Pre Evacuate Collection Set: 0.0ms
[2024-09-09T03:13:18.424+0800][info] GC(122)   Merge Heap Roots: 0.0ms
[2024-09-09T03:13:18.425+0800][info] GC(122)   Evacuate Collection Set: 0.3ms
[2024-09-09T03:13:18.425+0800][info] GC(122)   Post Evacuate Collection Set: 0.1ms
[2024-09-09T03:13:18.425+0800][info] GC(122)   Other: 0.3ms
[2024-09-09T03:13:18.425+0800][info] GC(122) Eden regions: 1->0(1)
[2024-09-09T03:13:18.425+0800][info] GC(122) Survivor regions: 1->1(1)
[2024-09-09T03:13:18.425+0800][info] GC(122) Old regions: 1->1
[2024-09-09T03:13:18.425+0800][info] GC(122) Archive regions: 2->2
[2024-09-09T03:13:18.425+0800][info] GC(122) Humongous regions: 16->16
[2024-09-09T03:13:18.425+0800][info] GC(122) Metaspace: 794K(960K)->794K(960K) NonClass: 741K(832K)->741K(832K) Class: 52K(128K)->52K(128K)
[2024-09-09T03:13:18.425+0800][info] GC(122) Pause Young (Concurrent Start) (G1 Humongous Allocation) 69M->68M(128M) 0.814ms
[2024-09-09T03:13:18.425+0800][info] GC(122) User=0.00s Sys=0.00s Real=0.00s
[2024-09-09T03:13:18.425+0800][info] GC(123) Concurrent Mark Cycle
[2024-09-09T03:13:18.425+0800][info] GC(123) Concurrent Clear Claimed Marks
[2024-09-09T03:13:18.425+0800][info] GC(123) Concurrent Clear Claimed Marks 0.010ms
[2024-09-09T03:13:18.425+0800][info] GC(123) Concurrent Scan Root Regions
[2024-09-09T03:13:18.425+0800][info] GC(123) Concurrent Scan Root Regions 0.055ms
[2024-09-09T03:13:18.425+0800][info] GC(123) Concurrent Mark
[2024-09-09T03:13:18.425+0800][info] GC(123) Concurrent Mark From Roots
[2024-09-09T03:13:18.425+0800][info] GC(123) Using 12 workers of 12 for marking
[2024-09-09T03:13:18.427+0800][info] GC(123) Concurrent Mark From Roots 2.597ms
[2024-09-09T03:13:18.427+0800][info] GC(123) Concurrent Preclean
[2024-09-09T03:13:18.428+0800][info] GC(123) Concurrent Preclean 0.688ms
[2024-09-09T03:13:18.428+0800][info] GC(123) Pause Remark
[2024-09-09T03:13:18.429+0800][info] GC(123) Pause Remark 85M->69M(128M) 0.821ms
[2024-09-09T03:13:18.429+0800][info] GC(123) User=0.00s Sys=0.00s Real=0.00s
[2024-09-09T03:13:18.429+0800][info] GC(123) Concurrent Mark 4.219ms
[2024-09-09T03:13:18.429+0800][info] GC(123) Concurrent Rebuild Remembered Sets
[2024-09-09T03:13:18.429+0800][info] GC(123) Concurrent Rebuild Remembered Sets 0.006ms
[2024-09-09T03:13:18.429+0800][info] GC(123) Pause Cleanup
[2024-09-09T03:13:18.429+0800][info] GC(123) Pause Cleanup 69M->69M(128M) 0.017ms
[2024-09-09T03:13:18.429+0800][info] GC(123) User=0.00s Sys=0.00s Real=0.00s
[2024-09-09T03:13:18.429+0800][info] GC(123) Concurrent Cleanup for Next Mark
[2024-09-09T03:13:18.429+0800][info] GC(123) Concurrent Cleanup for Next Mark 0.298ms
[2024-09-09T03:13:18.429+0800][info] GC(123) Concurrent Mark Cycle 4.727ms
[2024-09-09T03:13:18.998+0800][info] GC(124) Pause Young (Concurrent Start) (G1 Humongous Allocation)
[2024-09-09T03:13:18.998+0800][info] GC(124) Using 3 workers of 48 for evacuation
[2024-09-09T03:13:18.999+0800][info] GC(124)   Pre Evacuate Collection Set: 0.1ms
[2024-09-09T03:13:18.999+0800][info] GC(124)   Merge Heap Roots: 0.0ms
[2024-09-09T03:13:18.999+0800][info] GC(124)   Evacuate Collection Set: 0.2ms
[2024-09-09T03:13:18.999+0800][info] GC(124)   Post Evacuate Collection Set: 0.1ms
[2024-09-09T03:13:18.999+0800][info] GC(124)   Other: 0.3ms
[2024-09-09T03:13:18.999+0800][info] GC(124) Eden regions: 1->0(1)
[2024-09-09T03:13:18.999+0800][info] GC(124) Survivor regions: 1->1(1)
[2024-09-09T03:13:18.999+0800][info] GC(124) Old regions: 1->1
[2024-09-09T03:13:18.999+0800][info] GC(124) Archive regions: 2->2
[2024-09-09T03:13:18.999+0800][info] GC(124) Humongous regions: 16->16
[2024-09-09T03:13:18.999+0800][info] GC(124) Metaspace: 794K(960K)->794K(960K) NonClass: 742K(832K)->742K(832K) Class: 52K(128K)->52K(128K)
[2024-09-09T03:13:18.999+0800][info] GC(124) Pause Young (Concurrent Start) (G1 Humongous Allocation) 69M->68M(128M) 0.894ms
[2024-09-09T03:13:18.999+0800][info] GC(124) User=0.00s Sys=0.00s Real=0.00s
[2024-09-09T03:13:18.999+0800][info] GC(125) Concurrent Mark Cycle
[2024-09-09T03:13:18.999+0800][info] GC(125) Concurrent Clear Claimed Marks
[2024-09-09T03:13:18.999+0800][info] GC(125) Concurrent Clear Claimed Marks 0.009ms
[2024-09-09T03:13:18.999+0800][info] GC(125) Concurrent Scan Root Regions
[2024-09-09T03:13:18.999+0800][info] GC(125) Concurrent Scan Root Regions 0.072ms
[2024-09-09T03:13:18.999+0800][info] GC(125) Concurrent Mark
[2024-09-09T03:13:18.999+0800][info] GC(125) Concurrent Mark From Roots
[2024-09-09T03:13:18.999+0800][info] GC(125) Using 12 workers of 12 for marking
[2024-09-09T03:13:19.002+0800][info] GC(125) Concurrent Mark From Roots 2.446ms
[2024-09-09T03:13:19.002+0800][info] GC(125) Concurrent Preclean
[2024-09-09T03:13:19.003+0800][info] GC(125) Concurrent Preclean 0.686ms
[2024-09-09T03:13:19.003+0800][info] GC(125) Pause Remark
[2024-09-09T03:13:19.004+0800][info] GC(125) Pause Remark 85M->69M(128M) 0.895ms
[2024-09-09T03:13:19.004+0800][info] GC(125) User=0.00s Sys=0.00s Real=0.00s
[2024-09-09T03:13:19.004+0800][info] GC(125) Concurrent Mark 4.157ms
[2024-09-09T03:13:19.004+0800][info] GC(125) Concurrent Rebuild Remembered Sets
[2024-09-09T03:13:19.004+0800][info] GC(125) Concurrent Rebuild Remembered Sets 0.006ms
[2024-09-09T03:13:19.004+0800][info] GC(125) Pause Cleanup
[2024-09-09T03:13:19.004+0800][info] GC(125) Pause Cleanup 69M->69M(128M) 0.026ms
[2024-09-09T03:13:19.004+0800][info] GC(125) User=0.00s Sys=0.00s Real=0.00s
[2024-09-09T03:13:19.004+0800][info] GC(125) Concurrent Cleanup for Next Mark
[2024-09-09T03:13:19.004+0800][info] GC(125) Concurrent Cleanup for Next Mark 0.304ms
[2024-09-09T03:13:19.004+0800][info] GC(125) Concurrent Mark Cycle 4.732ms
[2024-09-09T03:13:19.573+0800][info] GC(126) Pause Young (Concurrent Start) (G1 Humongous Allocation)
[2024-09-09T03:13:19.573+0800][info] GC(126) Using 3 workers of 48 for evacuation
[2024-09-09T03:13:19.574+0800][info] GC(126)   Pre Evacuate Collection Set: 0.1ms
[2024-09-09T03:13:19.574+0800][info] GC(126)   Merge Heap Roots: 0.0ms
[2024-09-09T03:13:19.574+0800][info] GC(126)   Evacuate Collection Set: 0.2ms
[2024-09-09T03:13:19.574+0800][info] GC(126)   Post Evacuate Collection Set: 0.1ms
[2024-09-09T03:13:19.574+0800][info] GC(126)   Other: 0.3ms
[2024-09-09T03:13:19.574+0800][info] GC(126) Eden regions: 1->0(1)
[2024-09-09T03:13:19.574+0800][info] GC(126) Survivor regions: 1->1(1)
[2024-09-09T03:13:19.574+0800][info] GC(126) Old regions: 1->1
[2024-09-09T03:13:19.574+0800][info] GC(126) Archive regions: 2->2
[2024-09-09T03:13:19.574+0800][info] GC(126) Humongous regions: 16->12
[2024-09-09T03:13:19.574+0800][info] GC(126) Metaspace: 794K(960K)->794K(960K) NonClass: 742K(832K)->742K(832K) Class: 52K(128K)->52K(128K)
[2024-09-09T03:13:19.574+0800][info] GC(126) Pause Young (Concurrent Start) (G1 Humongous Allocation) 69M->52M(128M) 0.883ms
[2024-09-09T03:13:19.574+0800][info] GC(126) User=0.01s Sys=0.00s Real=0.00s
[2024-09-09T03:13:19.574+0800][info] GC(127) Concurrent Mark Cycle
[2024-09-09T03:13:19.574+0800][info] GC(127) Concurrent Clear Claimed Marks
[2024-09-09T03:13:19.574+0800][info] GC(127) Concurrent Clear Claimed Marks 0.008ms
[2024-09-09T03:13:19.574+0800][info] GC(127) Concurrent Scan Root Regions
[2024-09-09T03:13:19.574+0800][info] GC(127) Concurrent Scan Root Regions 0.119ms
[2024-09-09T03:13:19.574+0800][info] GC(127) Concurrent Mark
[2024-09-09T03:13:19.574+0800][info] GC(127) Concurrent Mark From Roots
[2024-09-09T03:13:19.574+0800][info] GC(127) Using 12 workers of 12 for marking
[2024-09-09T03:13:19.577+0800][info] GC(127) Concurrent Mark From Roots 3.136ms
[2024-09-09T03:13:19.577+0800][info] GC(127) Concurrent Preclean
[2024-09-09T03:13:19.578+0800][info] GC(127) Concurrent Preclean 0.663ms
[2024-09-09T03:13:19.578+0800][info] GC(127) Pause Remark
[2024-09-09T03:13:19.579+0800][info] GC(127) Pause Remark 69M->69M(128M) 0.864ms
[2024-09-09T03:13:19.579+0800][info] GC(127) User=0.00s Sys=0.00s Real=0.00s
[2024-09-09T03:13:19.579+0800][info] GC(127) Concurrent Mark 4.849ms
[2024-09-09T03:13:19.579+0800][info] GC(127) Concurrent Rebuild Remembered Sets
[2024-09-09T03:13:19.579+0800][info] GC(127) Concurrent Rebuild Remembered Sets 0.006ms
[2024-09-09T03:13:19.579+0800][info] GC(127) Pause Cleanup
[2024-09-09T03:13:19.579+0800][info] GC(127) Pause Cleanup 69M->69M(128M) 0.021ms
[2024-09-09T03:13:19.579+0800][info] GC(127) User=0.00s Sys=0.00s Real=0.00s
[2024-09-09T03:13:19.579+0800][info] GC(127) Concurrent Cleanup for Next Mark
[2024-09-09T03:13:19.579+0800][info] GC(127) Concurrent Cleanup for Next Mark 0.243ms
[2024-09-09T03:13:19.579+0800][info] GC(127) Concurrent Mark Cycle 5.379ms
[2024-09-09T03:13:20.660+0800][info] GC(128) Pause Young (Normal) (G1 Evacuation Pause)
[2024-09-09T03:13:20.660+0800][info] GC(128) Using 3 workers of 48 for evacuation
[2024-09-09T03:13:20.661+0800][info] GC(128)   Pre Evacuate Collection Set: 0.1ms
[2024-09-09T03:13:20.661+0800][info] GC(128)   Merge Heap Roots: 0.0ms
[2024-09-09T03:13:20.661+0800][info] GC(128)   Evacuate Collection Set: 0.5ms
[2024-09-09T03:13:20.661+0800][info] GC(128)   Post Evacuate Collection Set: 0.2ms
[2024-09-09T03:13:20.661+0800][info] GC(128)   Other: 0.2ms
[2024-09-09T03:13:20.661+0800][info] GC(128) Eden regions: 1->0(1)
[2024-09-09T03:13:20.661+0800][info] GC(128) Survivor regions: 1->1(1)
[2024-09-09T03:13:20.661+0800][info] GC(128) Old regions: 1->1
[2024-09-09T03:13:20.661+0800][info] GC(128) Archive regions: 2->2
[2024-09-09T03:13:20.661+0800][info] GC(128) Humongous regions: 16->12
[2024-09-09T03:13:20.661+0800][info] GC(128) Metaspace: 794K(960K)->794K(960K) NonClass: 742K(832K)->742K(832K) Class: 52K(128K)->52K(128K)
[2024-09-09T03:13:20.661+0800][info] GC(128) Pause Young (Normal) (G1 Evacuation Pause) 72M->56M(128M) 1.042ms
[2024-09-09T03:13:20.661+0800][info] GC(128) User=0.00s Sys=0.00s Real=0.00s
[2024-09-09T03:13:21.164+0800][info] GC(129) Pause Young (Concurrent Start) (G1 Evacuation Pause)
[2024-09-09T03:13:21.164+0800][info] GC(129) Using 3 workers of 48 for evacuation
[2024-09-09T03:13:21.166+0800][info] GC(129)   Pre Evacuate Collection Set: 0.0ms
[2024-09-09T03:13:21.166+0800][info] GC(129)   Merge Heap Roots: 0.0ms
[2024-09-09T03:13:21.166+0800][info] GC(129)   Evacuate Collection Set: 0.9ms
[2024-09-09T03:13:21.166+0800][info] GC(129)   Post Evacuate Collection Set: 0.2ms
[2024-09-09T03:13:21.166+0800][info] GC(129)   Other: 0.3ms
[2024-09-09T03:13:21.166+0800][info] GC(129) Eden regions: 1->0(1)
[2024-09-09T03:13:21.166+0800][info] GC(129) Survivor regions: 1->1(1)
[2024-09-09T03:13:21.166+0800][info] GC(129) Old regions: 1->2
[2024-09-09T03:13:21.166+0800][info] GC(129) Archive regions: 2->2
[2024-09-09T03:13:21.166+0800][info] GC(129) Humongous regions: 12->12
[2024-09-09T03:13:21.166+0800][info] GC(129) Metaspace: 794K(960K)->794K(960K) NonClass: 742K(832K)->742K(832K) Class: 52K(128K)->52K(128K)
[2024-09-09T03:13:21.166+0800][info] GC(129) Pause Young (Concurrent Start) (G1 Evacuation Pause) 60M->60M(128M) 1.584ms
[2024-09-09T03:13:21.166+0800][info] GC(129) User=0.01s Sys=0.00s Real=0.01s
[2024-09-09T03:13:21.166+0800][info] GC(130) Concurrent Mark Cycle
[2024-09-09T03:13:21.166+0800][info] GC(130) Concurrent Clear Claimed Marks
[2024-09-09T03:13:21.166+0800][info] GC(130) Concurrent Clear Claimed Marks 0.009ms
[2024-09-09T03:13:21.166+0800][info] GC(130) Concurrent Scan Root Regions
[2024-09-09T03:13:21.166+0800][info] GC(130) Concurrent Scan Root Regions 0.105ms
[2024-09-09T03:13:21.166+0800][info] GC(130) Concurrent Mark
[2024-09-09T03:13:21.166+0800][info] GC(130) Concurrent Mark From Roots
[2024-09-09T03:13:21.166+0800][info] GC(130) Using 12 workers of 12 for marking
[2024-09-09T03:13:21.170+0800][info] GC(130) Concurrent Mark From Roots 3.813ms
[2024-09-09T03:13:21.170+0800][info] GC(130) Concurrent Preclean
[2024-09-09T03:13:21.171+0800][info] GC(130) Concurrent Preclean 0.674ms
[2024-09-09T03:13:21.171+0800][info] GC(130) Pause Remark
[2024-09-09T03:13:21.172+0800][info] GC(130) Pause Remark 61M->61M(128M) 0.864ms
[2024-09-09T03:13:21.172+0800][info] GC(130) User=0.00s Sys=0.00s Real=0.00s
[2024-09-09T03:13:21.172+0800][info] GC(130) Concurrent Mark 5.480ms
[2024-09-09T03:13:21.172+0800][info] GC(130) Concurrent Rebuild Remembered Sets
[2024-09-09T03:13:21.172+0800][info] GC(130) Concurrent Rebuild Remembered Sets 0.006ms
[2024-09-09T03:13:21.172+0800][info] GC(130) Pause Cleanup
[2024-09-09T03:13:21.172+0800][info] GC(130) Pause Cleanup 61M->61M(128M) 0.028ms
[2024-09-09T03:13:21.172+0800][info] GC(130) User=0.00s Sys=0.00s Real=0.00s
[2024-09-09T03:13:21.172+0800][info] GC(130) Concurrent Cleanup for Next Mark
[2024-09-09T03:13:21.172+0800][info] GC(130) Concurrent Cleanup for Next Mark 0.340ms
[2024-09-09T03:13:21.172+0800][info] GC(130) Concurrent Mark Cycle 6.132ms
[2024-09-09T03:13:21.820+0800][info] GC(131) Pause Young (Normal) (G1 Evacuation Pause)
[2024-09-09T03:13:21.820+0800][info] GC(131) Using 3 workers of 48 for evacuation
[2024-09-09T03:13:21.821+0800][info] GC(131)   Pre Evacuate Collection Set: 0.0ms
[2024-09-09T03:13:21.821+0800][info] GC(131)   Merge Heap Roots: 0.0ms
[2024-09-09T03:13:21.821+0800][info] GC(131)   Evacuate Collection Set: 0.8ms
[2024-09-09T03:13:21.821+0800][info] GC(131)   Post Evacuate Collection Set: 0.2ms
[2024-09-09T03:13:21.821+0800][info] GC(131)   Other: 0.2ms
[2024-09-09T03:13:21.821+0800][info] GC(131) Eden regions: 1->0(1)
[2024-09-09T03:13:21.821+0800][info] GC(131) Survivor regions: 1->1(1)
[2024-09-09T03:13:21.821+0800][info] GC(131) Old regions: 2->3
[2024-09-09T03:13:21.821+0800][info] GC(131) Archive regions: 2->2
[2024-09-09T03:13:21.821+0800][info] GC(131) Humongous regions: 12->12
[2024-09-09T03:13:21.821+0800][info] GC(131) Metaspace: 794K(960K)->794K(960K) NonClass: 742K(832K)->742K(832K) Class: 52K(128K)->52K(128K)
[2024-09-09T03:13:21.821+0800][info] GC(131) Pause Young (Normal) (G1 Evacuation Pause) 64M->64M(128M) 1.477ms
[2024-09-09T03:13:21.821+0800][info] GC(131) User=0.00s Sys=0.00s Real=0.00s
[2024-09-09T03:13:22.323+0800][info] GC(132) Pause Young (Concurrent Start) (G1 Evacuation Pause)
[2024-09-09T03:13:22.323+0800][info] GC(132) Using 3 workers of 48 for evacuation
[2024-09-09T03:13:22.325+0800][info] GC(132)   Pre Evacuate Collection Set: 0.0ms
[2024-09-09T03:13:22.325+0800][info] GC(132)   Merge Heap Roots: 0.0ms
[2024-09-09T03:13:22.325+0800][info] GC(132)   Evacuate Collection Set: 0.8ms
[2024-09-09T03:13:22.325+0800][info] GC(132)   Post Evacuate Collection Set: 0.1ms
[2024-09-09T03:13:22.325+0800][info] GC(132)   Other: 0.3ms
[2024-09-09T03:13:22.325+0800][info] GC(132) Eden regions: 1->0(1)
[2024-09-09T03:13:22.325+0800][info] GC(132) Survivor regions: 1->1(1)
[2024-09-09T03:13:22.325+0800][info] GC(132) Old regions: 3->4
[2024-09-09T03:13:22.325+0800][info] GC(132) Archive regions: 2->2
[2024-09-09T03:13:22.325+0800][info] GC(132) Humongous regions: 12->12
[2024-09-09T03:13:22.325+0800][info] GC(132) Metaspace: 794K(960K)->794K(960K) NonClass: 742K(832K)->742K(832K) Class: 52K(128K)->52K(128K)
[2024-09-09T03:13:22.325+0800][info] GC(132) Pause Young (Concurrent Start) (G1 Evacuation Pause) 68M->68M(128M) 1.499ms
[2024-09-09T03:13:22.325+0800][info] GC(132) User=0.00s Sys=0.00s Real=0.01s
[2024-09-09T03:13:22.325+0800][info] GC(133) Concurrent Mark Cycle
[2024-09-09T03:13:22.325+0800][info] GC(133) Concurrent Clear Claimed Marks
[2024-09-09T03:13:22.325+0800][info] GC(133) Concurrent Clear Claimed Marks 0.009ms
[2024-09-09T03:13:22.325+0800][info] GC(133) Concurrent Scan Root Regions
[2024-09-09T03:13:22.325+0800][info] GC(133) Concurrent Scan Root Regions 0.090ms
[2024-09-09T03:13:22.325+0800][info] GC(133) Concurrent Mark
[2024-09-09T03:13:22.325+0800][info] GC(133) Concurrent Mark From Roots
[2024-09-09T03:13:22.325+0800][info] GC(133) Using 12 workers of 12 for marking
[2024-09-09T03:13:22.328+0800][info] GC(133) Concurrent Mark From Roots 3.321ms
[2024-09-09T03:13:22.328+0800][info] GC(133) Concurrent Preclean
[2024-09-09T03:13:22.329+0800][info] GC(133) Concurrent Preclean 0.692ms
[2024-09-09T03:13:22.329+0800][info] GC(133) Pause Remark
[2024-09-09T03:13:22.330+0800][info] GC(133) Pause Remark 69M->21M(128M) 0.848ms
[2024-09-09T03:13:22.330+0800][info] GC(133) User=0.00s Sys=0.00s Real=0.00s
[2024-09-09T03:13:22.330+0800][info] GC(133) Concurrent Mark 4.989ms
[2024-09-09T03:13:22.330+0800][info] GC(133) Concurrent Rebuild Remembered Sets
[2024-09-09T03:13:22.330+0800][info] GC(133) Concurrent Rebuild Remembered Sets 0.006ms
[2024-09-09T03:13:22.330+0800][info] GC(133) Pause Cleanup
[2024-09-09T03:13:22.330+0800][info] GC(133) Pause Cleanup 21M->21M(128M) 0.026ms
[2024-09-09T03:13:22.330+0800][info] GC(133) User=0.00s Sys=0.00s Real=0.00s
[2024-09-09T03:13:22.330+0800][info] GC(133) Concurrent Cleanup for Next Mark
[2024-09-09T03:13:22.330+0800][info] GC(133) Concurrent Cleanup for Next Mark 0.262ms
[2024-09-09T03:13:22.330+0800][info] GC(133) Concurrent Mark Cycle 5.533ms
[2024-09-09T03:13:22.974+0800][info] GC(134) Pause Young (Normal) (G1 Evacuation Pause)
[2024-09-09T03:13:22.974+0800][info] GC(134) Using 3 workers of 48 for evacuation
[2024-09-09T03:13:22.975+0800][info] GC(134)   Pre Evacuate Collection Set: 0.0ms
[2024-09-09T03:13:22.975+0800][info] GC(134)   Merge Heap Roots: 0.0ms
[2024-09-09T03:13:22.975+0800][info] GC(134)   Evacuate Collection Set: 0.8ms
[2024-09-09T03:13:22.975+0800][info] GC(134)   Post Evacuate Collection Set: 0.1ms
[2024-09-09T03:13:22.975+0800][info] GC(134)   Other: 0.2ms
[2024-09-09T03:13:22.975+0800][info] GC(134) Eden regions: 1->0(1)
[2024-09-09T03:13:22.975+0800][info] GC(134) Survivor regions: 1->1(1)
[2024-09-09T03:13:22.975+0800][info] GC(134) Old regions: 4->5
[2024-09-09T03:13:22.975+0800][info] GC(134) Archive regions: 2->2
[2024-09-09T03:13:22.975+0800][info] GC(134) Humongous regions: 0->0
[2024-09-09T03:13:22.975+0800][info] GC(134) Metaspace: 794K(960K)->794K(960K) NonClass: 742K(832K)->742K(832K) Class: 52K(128K)->52K(128K)
[2024-09-09T03:13:22.975+0800][info] GC(134) Pause Young (Normal) (G1 Evacuation Pause) 24M->24M(128M) 1.358ms
[2024-09-09T03:13:22.975+0800][info] GC(134) User=0.00s Sys=0.00s Real=0.00s
[2024-09-09T03:13:23.475+0800][info] GC(135) Pause Young (Normal) (G1 Evacuation Pause)
[2024-09-09T03:13:23.475+0800][info] GC(135) Using 3 workers of 48 for evacuation
[2024-09-09T03:13:23.476+0800][info] GC(135)   Pre Evacuate Collection Set: 0.0ms
[2024-09-09T03:13:23.476+0800][info] GC(135)   Merge Heap Roots: 0.0ms
[2024-09-09T03:13:23.476+0800][info] GC(135)   Evacuate Collection Set: 0.8ms
[2024-09-09T03:13:23.476+0800][info] GC(135)   Post Evacuate Collection Set: 0.1ms
[2024-09-09T03:13:23.476+0800][info] GC(135)   Other: 0.2ms
[2024-09-09T03:13:23.476+0800][info] GC(135) Eden regions: 1->0(1)
[2024-09-09T03:13:23.476+0800][info] GC(135) Survivor regions: 1->1(1)
[2024-09-09T03:13:23.476+0800][info] GC(135) Old regions: 5->6
[2024-09-09T03:13:23.476+0800][info] GC(135) Archive regions: 2->2
[2024-09-09T03:13:23.476+0800][info] GC(135) Humongous regions: 0->0
[2024-09-09T03:13:23.476+0800][info] GC(135) Metaspace: 794K(960K)->794K(960K) NonClass: 742K(832K)->742K(832K) Class: 52K(128K)->52K(128K)
[2024-09-09T03:13:23.476+0800][info] GC(135) Pause Young (Normal) (G1 Evacuation Pause) 28M->28M(128M) 1.262ms
[2024-09-09T03:13:23.476+0800][info] GC(135) User=0.01s Sys=0.00s Real=0.00s
[2024-09-09T03:13:23.976+0800][info] GC(136) Pause Young (Normal) (G1 Evacuation Pause)
[2024-09-09T03:13:23.976+0800][info] GC(136) Using 3 workers of 48 for evacuation
[2024-09-09T03:13:23.977+0800][info] GC(136)   Pre Evacuate Collection Set: 0.0ms
[2024-09-09T03:13:23.977+0800][info] GC(136)   Merge Heap Roots: 0.0ms
[2024-09-09T03:13:23.977+0800][info] GC(136)   Evacuate Collection Set: 0.8ms
[2024-09-09T03:13:23.977+0800][info] GC(136)   Post Evacuate Collection Set: 0.1ms
[2024-09-09T03:13:23.977+0800][info] GC(136)   Other: 0.2ms
[2024-09-09T03:13:23.977+0800][info] GC(136) Eden regions: 1->0(1)
[2024-09-09T03:13:23.977+0800][info] GC(136) Survivor regions: 1->1(1)
[2024-09-09T03:13:23.977+0800][info] GC(136) Old regions: 6->7
[2024-09-09T03:13:23.977+0800][info] GC(136) Archive regions: 2->2
[2024-09-09T03:13:23.977+0800][info] GC(136) Humongous regions: 0->0
[2024-09-09T03:13:23.977+0800][info] GC(136) Metaspace: 794K(960K)->794K(960K) NonClass: 742K(832K)->742K(832K) Class: 52K(128K)->52K(128K)
[2024-09-09T03:13:23.977+0800][info] GC(136) Pause Young (Normal) (G1 Evacuation Pause) 32M->32M(128M) 1.407ms
[2024-09-09T03:13:23.977+0800][info] GC(136) User=0.00s Sys=0.00s Real=0.01s
[2024-09-09T03:13:24.475+0800][info] GC(137) Pause Young (Normal) (G1 Evacuation Pause)
[2024-09-09T03:13:24.475+0800][info] GC(137) Using 3 workers of 48 for evacuation
[2024-09-09T03:13:24.476+0800][info] GC(137)   Pre Evacuate Collection Set: 0.0ms
[2024-09-09T03:13:24.476+0800][info] GC(137)   Merge Heap Roots: 0.0ms
[2024-09-09T03:13:24.476+0800][info] GC(137)   Evacuate Collection Set: 0.8ms
[2024-09-09T03:13:24.476+0800][info] GC(137)   Post Evacuate Collection Set: 0.1ms
[2024-09-09T03:13:24.476+0800][info] GC(137)   Other: 0.2ms
[2024-09-09T03:13:24.476+0800][info] GC(137) Eden regions: 1->0(1)
[2024-09-09T03:13:24.476+0800][info] GC(137) Survivor regions: 1->1(1)
[2024-09-09T03:13:24.476+0800][info] GC(137) Old regions: 7->8
[2024-09-09T03:13:24.476+0800][info] GC(137) Archive regions: 2->2
[2024-09-09T03:13:24.476+0800][info] GC(137) Humongous regions: 0->0
[2024-09-09T03:13:24.476+0800][info] GC(137) Metaspace: 794K(960K)->794K(960K) NonClass: 742K(832K)->742K(832K) Class: 52K(128K)->52K(128K)
[2024-09-09T03:13:24.476+0800][info] GC(137) Pause Young (Normal) (G1 Evacuation Pause) 36M->36M(128M) 1.332ms
[2024-09-09T03:13:24.476+0800][info] GC(137) User=0.00s Sys=0.00s Real=0.00s
[2024-09-09T03:13:24.975+0800][info] GC(138) Pause Young (Normal) (G1 Evacuation Pause)
[2024-09-09T03:13:24.975+0800][info] GC(138) Using 3 workers of 48 for evacuation
[2024-09-09T03:13:24.976+0800][info] GC(138)   Pre Evacuate Collection Set: 0.0ms
[2024-09-09T03:13:24.976+0800][info] GC(138)   Merge Heap Roots: 0.0ms
[2024-09-09T03:13:24.976+0800][info] GC(138)   Evacuate Collection Set: 0.8ms
[2024-09-09T03:13:24.976+0800][info] GC(138)   Post Evacuate Collection Set: 0.1ms
[2024-09-09T03:13:24.976+0800][info] GC(138)   Other: 0.2ms
[2024-09-09T03:13:24.976+0800][info] GC(138) Eden regions: 1->0(1)
[2024-09-09T03:13:24.976+0800][info] GC(138) Survivor regions: 1->1(1)
[2024-09-09T03:13:24.976+0800][info] GC(138) Old regions: 8->9
[2024-09-09T03:13:24.976+0800][info] GC(138) Archive regions: 2->2
[2024-09-09T03:13:24.976+0800][info] GC(138) Humongous regions: 0->0
[2024-09-09T03:13:24.976+0800][info] GC(138) Metaspace: 794K(960K)->794K(960K) NonClass: 742K(832K)->742K(832K) Class: 52K(128K)->52K(128K)
[2024-09-09T03:13:24.976+0800][info] GC(138) Pause Young (Normal) (G1 Evacuation Pause) 40M->40M(128M) 1.315ms
[2024-09-09T03:13:24.976+0800][info] GC(138) User=0.00s Sys=0.00s Real=0.00s
[2024-09-09T03:13:25.475+0800][info] GC(139) Pause Young (Normal) (G1 Evacuation Pause)
[2024-09-09T03:13:25.475+0800][info] GC(139) Using 3 workers of 48 for evacuation
[2024-09-09T03:13:25.476+0800][info] GC(139)   Pre Evacuate Collection Set: 0.0ms
[2024-09-09T03:13:25.476+0800][info] GC(139)   Merge Heap Roots: 0.0ms
[2024-09-09T03:13:25.476+0800][info] GC(139)   Evacuate Collection Set: 0.8ms
[2024-09-09T03:13:25.476+0800][info] GC(139)   Post Evacuate Collection Set: 0.1ms
[2024-09-09T03:13:25.476+0800][info] GC(139)   Other: 0.2ms
[2024-09-09T03:13:25.476+0800][info] GC(139) Eden regions: 1->0(1)
[2024-09-09T03:13:25.476+0800][info] GC(139) Survivor regions: 1->1(1)
[2024-09-09T03:13:25.476+0800][info] GC(139) Old regions: 9->10
[2024-09-09T03:13:25.476+0800][info] GC(139) Archive regions: 2->2
[2024-09-09T03:13:25.476+0800][info] GC(139) Humongous regions: 0->0
[2024-09-09T03:13:25.476+0800][info] GC(139) Metaspace: 794K(960K)->794K(960K) NonClass: 742K(832K)->742K(832K) Class: 52K(128K)->52K(128K)
[2024-09-09T03:13:25.476+0800][info] GC(139) Pause Young (Normal) (G1 Evacuation Pause) 44M->44M(128M) 1.319ms
[2024-09-09T03:13:25.476+0800][info] GC(139) User=0.00s Sys=0.01s Real=0.00s
[2024-09-09T03:13:25.977+0800][info] GC(140) Pause Young (Normal) (G1 Evacuation Pause)
[2024-09-09T03:13:25.977+0800][info] GC(140) Using 3 workers of 48 for evacuation
[2024-09-09T03:13:25.978+0800][info] GC(140)   Pre Evacuate Collection Set: 0.1ms
[2024-09-09T03:13:25.978+0800][info] GC(140)   Merge Heap Roots: 0.0ms
[2024-09-09T03:13:25.978+0800][info] GC(140)   Evacuate Collection Set: 0.8ms
[2024-09-09T03:13:25.978+0800][info] GC(140)   Post Evacuate Collection Set: 0.1ms
[2024-09-09T03:13:25.978+0800][info] GC(140)   Other: 0.2ms
[2024-09-09T03:13:25.978+0800][info] GC(140) Eden regions: 1->0(1)
[2024-09-09T03:13:25.978+0800][info] GC(140) Survivor regions: 1->1(1)
[2024-09-09T03:13:25.978+0800][info] GC(140) Old regions: 10->11
[2024-09-09T03:13:25.978+0800][info] GC(140) Archive regions: 2->2
[2024-09-09T03:13:25.978+0800][info] GC(140) Humongous regions: 0->0
[2024-09-09T03:13:25.978+0800][info] GC(140) Metaspace: 794K(960K)->794K(960K) NonClass: 742K(832K)->742K(832K) Class: 52K(128K)->52K(128K)
[2024-09-09T03:13:25.978+0800][info] GC(140) Pause Young (Normal) (G1 Evacuation Pause) 48M->48M(128M) 1.387ms
[2024-09-09T03:13:25.978+0800][info] GC(140) User=0.00s Sys=0.00s Real=0.01s
[2024-09-09T03:13:26.477+0800][info] GC(141) Pause Young (Normal) (G1 Evacuation Pause)
[2024-09-09T03:13:26.477+0800][info] GC(141) Using 3 workers of 48 for evacuation
[2024-09-09T03:13:26.478+0800][info] GC(141)   Pre Evacuate Collection Set: 0.0ms
[2024-09-09T03:13:26.478+0800][info] GC(141)   Merge Heap Roots: 0.0ms
[2024-09-09T03:13:26.478+0800][info] GC(141)   Evacuate Collection Set: 0.7ms
[2024-09-09T03:13:26.478+0800][info] GC(141)   Post Evacuate Collection Set: 0.1ms
[2024-09-09T03:13:26.478+0800][info] GC(141)   Other: 0.2ms
[2024-09-09T03:13:26.478+0800][info] GC(141) Eden regions: 1->0(1)
[2024-09-09T03:13:26.478+0800][info] GC(141) Survivor regions: 1->1(1)
[2024-09-09T03:13:26.478+0800][info] GC(141) Old regions: 11->12
[2024-09-09T03:13:26.478+0800][info] GC(141) Archive regions: 2->2
[2024-09-09T03:13:26.478+0800][info] GC(141) Humongous regions: 0->0
[2024-09-09T03:13:26.478+0800][info] GC(141) Metaspace: 794K(960K)->794K(960K) NonClass: 742K(832K)->742K(832K) Class: 52K(128K)->52K(128K)
[2024-09-09T03:13:26.478+0800][info] GC(141) Pause Young (Normal) (G1 Evacuation Pause) 52M->52M(128M) 1.115ms
[2024-09-09T03:13:26.478+0800][info] GC(141) User=0.00s Sys=0.00s Real=0.01s
[2024-09-09T03:13:26.977+0800][info] GC(142) Pause Young (Normal) (G1 Evacuation Pause)
[2024-09-09T03:13:26.977+0800][info] GC(142) Using 3 workers of 48 for evacuation
[2024-09-09T03:13:26.978+0800][info] GC(142)   Pre Evacuate Collection Set: 0.0ms
[2024-09-09T03:13:26.978+0800][info] GC(142)   Merge Heap Roots: 0.0ms
[2024-09-09T03:13:26.978+0800][info] GC(142)   Evacuate Collection Set: 0.8ms
[2024-09-09T03:13:26.978+0800][info] GC(142)   Post Evacuate Collection Set: 0.1ms
[2024-09-09T03:13:26.978+0800][info] GC(142)   Other: 0.2ms
[2024-09-09T03:13:26.978+0800][info] GC(142) Eden regions: 1->0(1)
[2024-09-09T03:13:26.978+0800][info] GC(142) Survivor regions: 1->1(1)
[2024-09-09T03:13:26.978+0800][info] GC(142) Old regions: 12->13
[2024-09-09T03:13:26.978+0800][info] GC(142) Archive regions: 2->2
[2024-09-09T03:13:26.978+0800][info] GC(142) Humongous regions: 0->0
[2024-09-09T03:13:26.978+0800][info] GC(142) Metaspace: 794K(960K)->794K(960K) NonClass: 742K(832K)->742K(832K) Class: 52K(128K)->52K(128K)
[2024-09-09T03:13:26.978+0800][info] GC(142) Pause Young (Normal) (G1 Evacuation Pause) 56M->56M(128M) 1.339ms
[2024-09-09T03:13:26.978+0800][info] GC(142) User=0.01s Sys=0.00s Real=0.01s
[2024-09-09T03:13:27.477+0800][info] GC(143) Pause Young (Concurrent Start) (G1 Evacuation Pause)
[2024-09-09T03:13:27.477+0800][info] GC(143) Using 3 workers of 48 for evacuation
[2024-09-09T03:13:27.478+0800][info] GC(143)   Pre Evacuate Collection Set: 0.1ms
[2024-09-09T03:13:27.478+0800][info] GC(143)   Merge Heap Roots: 0.0ms
[2024-09-09T03:13:27.478+0800][info] GC(143)   Evacuate Collection Set: 1.0ms
[2024-09-09T03:13:27.478+0800][info] GC(143)   Post Evacuate Collection Set: 0.2ms
[2024-09-09T03:13:27.478+0800][info] GC(143)   Other: 0.4ms
[2024-09-09T03:13:27.478+0800][info] GC(143) Eden regions: 1->0(1)
[2024-09-09T03:13:27.478+0800][info] GC(143) Survivor regions: 1->1(1)
[2024-09-09T03:13:27.478+0800][info] GC(143) Old regions: 13->14
[2024-09-09T03:13:27.478+0800][info] GC(143) Archive regions: 2->2
[2024-09-09T03:13:27.478+0800][info] GC(143) Humongous regions: 0->0
[2024-09-09T03:13:27.478+0800][info] GC(143) Metaspace: 794K(960K)->794K(960K) NonClass: 742K(832K)->742K(832K) Class: 52K(128K)->52K(128K)
[2024-09-09T03:13:27.478+0800][info] GC(143) Pause Young (Concurrent Start) (G1 Evacuation Pause) 60M->60M(128M) 1.753ms
[2024-09-09T03:13:27.478+0800][info] GC(143) User=0.00s Sys=0.00s Real=0.01s
[2024-09-09T03:13:27.478+0800][info] GC(144) Concurrent Mark Cycle
[2024-09-09T03:13:27.479+0800][info] GC(144) Concurrent Clear Claimed Marks
[2024-09-09T03:13:27.479+0800][info] GC(144) Concurrent Clear Claimed Marks 0.011ms
[2024-09-09T03:13:27.479+0800][info] GC(144) Concurrent Scan Root Regions
[2024-09-09T03:13:27.479+0800][info] GC(144) Concurrent Scan Root Regions 0.073ms
[2024-09-09T03:13:27.479+0800][info] GC(144) Concurrent Mark
[2024-09-09T03:13:27.479+0800][info] GC(144) Concurrent Mark From Roots
[2024-09-09T03:13:27.479+0800][info] GC(144) Using 12 workers of 12 for marking
[2024-09-09T03:13:27.481+0800][info] GC(144) Concurrent Mark From Roots 2.590ms
[2024-09-09T03:13:27.481+0800][info] GC(144) Concurrent Preclean
[2024-09-09T03:13:27.482+0800][info] GC(144) Concurrent Preclean 0.677ms
[2024-09-09T03:13:27.482+0800][info] GC(144) Pause Remark
[2024-09-09T03:13:27.483+0800][info] GC(144) Pause Remark 60M->36M(128M) 0.832ms
[2024-09-09T03:13:27.483+0800][info] GC(144) User=0.00s Sys=0.00s Real=0.00s
[2024-09-09T03:13:27.483+0800][info] GC(144) Concurrent Mark 4.232ms
[2024-09-09T03:13:27.483+0800][info] GC(144) Concurrent Rebuild Remembered Sets
[2024-09-09T03:13:27.486+0800][info] GC(144) Concurrent Rebuild Remembered Sets 2.976ms
[2024-09-09T03:13:27.486+0800][info] GC(144) Pause Cleanup
[2024-09-09T03:13:27.486+0800][info] GC(144) Pause Cleanup 36M->36M(128M) 0.234ms
[2024-09-09T03:13:27.486+0800][info] GC(144) User=0.00s Sys=0.00s Real=0.00s
[2024-09-09T03:13:27.486+0800][info] GC(144) Concurrent Cleanup for Next Mark
[2024-09-09T03:13:27.487+0800][info] GC(144) Concurrent Cleanup for Next Mark 0.410ms
[2024-09-09T03:13:27.487+0800][info] GC(144) Concurrent Mark Cycle 8.139ms
[2024-09-09T03:13:28.628+0800][info] GC(145) Pause Young (Prepare Mixed) (G1 Evacuation Pause)
[2024-09-09T03:13:28.628+0800][info] GC(145) Using 3 workers of 48 for evacuation
[2024-09-09T03:13:28.630+0800][info] GC(145)   Pre Evacuate Collection Set: 0.1ms
[2024-09-09T03:13:28.630+0800][info] GC(145)   Merge Heap Roots: 0.0ms
[2024-09-09T03:13:28.630+0800][info] GC(145)   Evacuate Collection Set: 1.2ms
[2024-09-09T03:13:28.630+0800][info] GC(145)   Post Evacuate Collection Set: 0.1ms
[2024-09-09T03:13:28.630+0800][info] GC(145)   Other: 0.2ms
[2024-09-09T03:13:28.630+0800][info] GC(145) Eden regions: 2->0(1)
[2024-09-09T03:13:28.630+0800][info] GC(145) Survivor regions: 1->1(1)
[2024-09-09T03:13:28.630+0800][info] GC(145) Old regions: 8->10
[2024-09-09T03:13:28.630+0800][info] GC(145) Archive regions: 2->2
[2024-09-09T03:13:28.630+0800][info] GC(145) Humongous regions: 0->0
[2024-09-09T03:13:28.630+0800][info] GC(145) Metaspace: 796K(960K)->796K(960K) NonClass: 744K(832K)->744K(832K) Class: 52K(128K)->52K(128K)
[2024-09-09T03:13:28.630+0800][info] GC(145) Pause Young (Prepare Mixed) (G1 Evacuation Pause) 44M->44M(128M) 1.760ms
[2024-09-09T03:13:28.630+0800][info] GC(145) User=0.00s Sys=0.00s Real=0.00s
[2024-09-09T03:13:29.128+0800][info] GC(146) Pause Young (Mixed) (G1 Evacuation Pause)
[2024-09-09T03:13:29.128+0800][info] GC(146) Using 3 workers of 48 for evacuation
[2024-09-09T03:13:29.129+0800][info] GC(146)   Pre Evacuate Collection Set: 0.0ms
[2024-09-09T03:13:29.129+0800][info] GC(146)   Merge Heap Roots: 0.0ms
[2024-09-09T03:13:29.129+0800][info] GC(146)   Evacuate Collection Set: 0.9ms
[2024-09-09T03:13:29.129+0800][info] GC(146)   Post Evacuate Collection Set: 0.1ms
[2024-09-09T03:13:29.129+0800][info] GC(146)   Other: 0.2ms
[2024-09-09T03:13:29.129+0800][info] GC(146) Eden regions: 1->0(4)
[2024-09-09T03:13:29.129+0800][info] GC(146) Survivor regions: 1->1(1)
[2024-09-09T03:13:29.129+0800][info] GC(146) Old regions: 10->8
[2024-09-09T03:13:29.129+0800][info] GC(146) Archive regions: 2->2
[2024-09-09T03:13:29.129+0800][info] GC(146) Humongous regions: 0->0
[2024-09-09T03:13:29.129+0800][info] GC(146) Metaspace: 796K(960K)->796K(960K) NonClass: 744K(832K)->744K(832K) Class: 52K(128K)->52K(128K)
[2024-09-09T03:13:29.129+0800][info] GC(146) Pause Young (Mixed) (G1 Evacuation Pause) 48M->36M(128M) 1.418ms
[2024-09-09T03:13:29.129+0800][info] GC(146) User=0.01s Sys=0.00s Real=0.00s
[2024-09-09T03:13:31.141+0800][info] GC(147) Pause Young (Normal) (G1 Evacuation Pause)
[2024-09-09T03:13:31.141+0800][info] GC(147) Using 3 workers of 48 for evacuation
[2024-09-09T03:13:31.144+0800][info] GC(147)   Pre Evacuate Collection Set: 0.1ms
[2024-09-09T03:13:31.144+0800][info] GC(147)   Merge Heap Roots: 0.0ms
[2024-09-09T03:13:31.144+0800][info] GC(147)   Evacuate Collection Set: 2.0ms
[2024-09-09T03:13:31.144+0800][info] GC(147)   Post Evacuate Collection Set: 0.1ms
[2024-09-09T03:13:31.144+0800][info] GC(147)   Other: 0.2ms
[2024-09-09T03:13:31.144+0800][info] GC(147) Eden regions: 4->0(4)
[2024-09-09T03:13:31.144+0800][info] GC(147) Survivor regions: 1->1(1)
[2024-09-09T03:13:31.144+0800][info] GC(147) Old regions: 8->12
[2024-09-09T03:13:31.144+0800][info] GC(147) Archive regions: 2->2
[2024-09-09T03:13:31.144+0800][info] GC(147) Humongous regions: 0->0
[2024-09-09T03:13:31.144+0800][info] GC(147) Metaspace: 796K(960K)->796K(960K) NonClass: 744K(832K)->744K(832K) Class: 52K(128K)->52K(128K)
[2024-09-09T03:13:31.144+0800][info] GC(147) Pause Young (Normal) (G1 Evacuation Pause) 52M->52M(128M) 2.687ms
[2024-09-09T03:13:31.144+0800][info] GC(147) User=0.01s Sys=0.00s Real=0.00s
[2024-09-09T03:13:33.158+0800][info] GC(148) Pause Young (Normal) (G1 Evacuation Pause)
[2024-09-09T03:13:33.158+0800][info] GC(148) Using 3 workers of 48 for evacuation
[2024-09-09T03:13:33.160+0800][info] GC(148)   Pre Evacuate Collection Set: 0.0ms
[2024-09-09T03:13:33.160+0800][info] GC(148)   Merge Heap Roots: 0.0ms
[2024-09-09T03:13:33.160+0800][info] GC(148)   Evacuate Collection Set: 1.9ms
[2024-09-09T03:13:33.160+0800][info] GC(148)   Post Evacuate Collection Set: 0.1ms
[2024-09-09T03:13:33.160+0800][info] GC(148)   Other: 0.2ms
[2024-09-09T03:13:33.160+0800][info] GC(148) Eden regions: 4->0(3)
[2024-09-09T03:13:33.160+0800][info] GC(148) Survivor regions: 1->1(1)
[2024-09-09T03:13:33.160+0800][info] GC(148) Old regions: 12->16
[2024-09-09T03:13:33.160+0800][info] GC(148) Archive regions: 2->2
[2024-09-09T03:13:33.160+0800][info] GC(148) Humongous regions: 0->0
[2024-09-09T03:13:33.160+0800][info] GC(148) Metaspace: 796K(960K)->796K(960K) NonClass: 744K(832K)->744K(832K) Class: 52K(128K)->52K(128K)
[2024-09-09T03:13:33.160+0800][info] GC(148) Pause Young (Normal) (G1 Evacuation Pause) 68M->68M(128M) 2.446ms
[2024-09-09T03:13:33.160+0800][info] GC(148) User=0.01s Sys=0.00s Real=0.00s
[2024-09-09T03:13:33.354+0800][info] GC(149) Pause Young (Concurrent Start) (G1 Humongous Allocation)
[2024-09-09T03:13:33.354+0800][info] GC(149) Using 3 workers of 48 for evacuation
[2024-09-09T03:13:33.355+0800][info] GC(149)   Pre Evacuate Collection Set: 0.0ms
[2024-09-09T03:13:33.355+0800][info] GC(149)   Merge Heap Roots: 0.0ms
[2024-09-09T03:13:33.355+0800][info] GC(149)   Evacuate Collection Set: 0.6ms
[2024-09-09T03:13:33.355+0800][info] GC(149)   Post Evacuate Collection Set: 0.1ms
[2024-09-09T03:13:33.355+0800][info] GC(149)   Other: 0.3ms
[2024-09-09T03:13:33.355+0800][info] GC(149) Eden regions: 1->0(1)
[2024-09-09T03:13:33.355+0800][info] GC(149) Survivor regions: 1->1(1)
[2024-09-09T03:13:33.355+0800][info] GC(149) Old regions: 16->17
[2024-09-09T03:13:33.356+0800][info] GC(149) Archive regions: 2->2
[2024-09-09T03:13:33.356+0800][info] GC(149) Humongous regions: 0->0
[2024-09-09T03:13:33.356+0800][info] GC(149) Metaspace: 796K(960K)->796K(960K) NonClass: 744K(832K)->744K(832K) Class: 52K(128K)->52K(128K)
[2024-09-09T03:13:33.356+0800][info] GC(149) Pause Young (Concurrent Start) (G1 Humongous Allocation) 69M->69M(128M) 1.254ms
[2024-09-09T03:13:33.356+0800][info] GC(149) User=0.00s Sys=0.00s Real=0.00s
[2024-09-09T03:13:33.356+0800][info] GC(150) Concurrent Mark Cycle
[2024-09-09T03:13:33.356+0800][info] GC(150) Concurrent Clear Claimed Marks
[2024-09-09T03:13:33.356+0800][info] GC(150) Concurrent Clear Claimed Marks 0.011ms
[2024-09-09T03:13:33.356+0800][info] GC(150) Concurrent Scan Root Regions
[2024-09-09T03:13:33.356+0800][info] GC(150) Concurrent Scan Root Regions 0.069ms
[2024-09-09T03:13:33.356+0800][info] GC(150) Concurrent Mark
[2024-09-09T03:13:33.356+0800][info] GC(150) Concurrent Mark From Roots
[2024-09-09T03:13:33.356+0800][info] GC(150) Using 12 workers of 12 for marking
[2024-09-09T03:13:33.358+0800][info] GC(150) Concurrent Mark From Roots 2.656ms
[2024-09-09T03:13:33.358+0800][info] GC(150) Concurrent Preclean
[2024-09-09T03:13:33.359+0800][info] GC(150) Concurrent Preclean 0.672ms
[2024-09-09T03:13:33.359+0800][info] GC(150) Pause Remark
[2024-09-09T03:13:33.360+0800][info] GC(150) Pause Remark 86M->50M(128M) 0.942ms
[2024-09-09T03:13:33.360+0800][info] GC(150) User=0.00s Sys=0.00s Real=0.00s
[2024-09-09T03:13:33.360+0800][info] GC(150) Concurrent Mark 4.409ms
[2024-09-09T03:13:33.360+0800][info] GC(150) Concurrent Rebuild Remembered Sets
[2024-09-09T03:13:33.365+0800][info] GC(150) Concurrent Rebuild Remembered Sets 4.579ms
[2024-09-09T03:13:33.365+0800][info] GC(150) Pause Cleanup
[2024-09-09T03:13:33.365+0800][info] GC(150) Pause Cleanup 50M->50M(128M) 0.341ms
[2024-09-09T03:13:33.365+0800][info] GC(150) User=0.00s Sys=0.00s Real=0.00s
[2024-09-09T03:13:33.365+0800][info] GC(150) Concurrent Cleanup for Next Mark
[2024-09-09T03:13:33.366+0800][info] GC(150) Concurrent Cleanup for Next Mark 0.311ms
[2024-09-09T03:13:33.366+0800][info] GC(150) Concurrent Mark Cycle 9.917ms
[2024-09-09T03:13:33.974+0800][info] GC(151) Pause Young (Prepare Mixed) (G1 Humongous Allocation)
[2024-09-09T03:13:33.974+0800][info] GC(151) Using 3 workers of 48 for evacuation
[2024-09-09T03:13:33.975+0800][info] GC(151)   Pre Evacuate Collection Set: 0.1ms
[2024-09-09T03:13:33.975+0800][info] GC(151)   Merge Heap Roots: 0.0ms
[2024-09-09T03:13:33.975+0800][info] GC(151)   Evacuate Collection Set: 0.3ms
[2024-09-09T03:13:33.975+0800][info] GC(151)   Post Evacuate Collection Set: 0.1ms
[2024-09-09T03:13:33.975+0800][info] GC(151)   Other: 0.2ms
[2024-09-09T03:13:33.975+0800][info] GC(151) Eden regions: 1->0(1)
[2024-09-09T03:13:33.975+0800][info] GC(151) Survivor regions: 1->1(1)
[2024-09-09T03:13:33.975+0800][info] GC(151) Old regions: 8->8
[2024-09-09T03:13:33.975+0800][info] GC(151) Archive regions: 2->2
[2024-09-09T03:13:33.975+0800][info] GC(151) Humongous regions: 12->12
[2024-09-09T03:13:33.975+0800][info] GC(151) Metaspace: 796K(960K)->796K(960K) NonClass: 744K(832K)->744K(832K) Class: 52K(128K)->52K(128K)
[2024-09-09T03:13:33.975+0800][info] GC(151) Pause Young (Prepare Mixed) (G1 Humongous Allocation) 82M->81M(128M) 0.794ms
[2024-09-09T03:13:33.975+0800][info] GC(151) User=0.00s Sys=0.00s Real=0.00s
[2024-09-09T03:13:33.975+0800][info] Attempting full compaction
[2024-09-09T03:13:33.975+0800][info] GC(152) Using 1 workers of 48 for full compaction
[2024-09-09T03:13:33.975+0800][info] GC(152) Pause Full (G1 Compaction Pause)
[2024-09-09T03:13:33.975+0800][info] GC(152) Phase 1: Mark live objects
[2024-09-09T03:13:33.979+0800][info] GC(152) Phase 1: Mark live objects 3.296ms
[2024-09-09T03:13:33.979+0800][info] GC(152) Phase 2: Prepare for compaction
[2024-09-09T03:13:33.979+0800][info] GC(152) Phase 2: Prepare for compaction 0.549ms
[2024-09-09T03:13:33.979+0800][info] GC(152) Phase 3: Adjust pointers
[2024-09-09T03:13:33.980+0800][info] GC(152) Phase 3: Adjust pointers 1.303ms
[2024-09-09T03:13:33.981+0800][info] GC(152) Phase 4: Compact heap
[2024-09-09T03:13:33.981+0800][info] GC(152) Phase 4: Compact heap 0.487ms
[2024-09-09T03:13:33.982+0800][info] GC(152) Eden regions: 0->0(5)
[2024-09-09T03:13:33.982+0800][info] GC(152) Survivor regions: 1->0(1)
[2024-09-09T03:13:33.982+0800][info] GC(152) Old regions: 8->1
[2024-09-09T03:13:33.982+0800][info] GC(152) Archive regions: 2->2
[2024-09-09T03:13:33.982+0800][info] GC(152) Humongous regions: 12->12
[2024-09-09T03:13:33.982+0800][info] GC(152) Metaspace: 796K(960K)->796K(960K) NonClass: 744K(832K)->744K(832K) Class: 52K(128K)->52K(128K)
[2024-09-09T03:13:33.982+0800][info] GC(152) Pause Full (G1 Compaction Pause) 81M->52M(128M) 6.553ms
[2024-09-09T03:13:33.982+0800][info] GC(152) User=0.00s Sys=0.00s Real=0.01s
[2024-09-09T03:13:34.004+0800][info] GC(153) Pause Young (Concurrent Start) (G1 Humongous Allocation)
[2024-09-09T03:13:34.005+0800][info] GC(153) Using 3 workers of 48 for evacuation
[2024-09-09T03:13:34.005+0800][info] GC(153)   Pre Evacuate Collection Set: 0.0ms
[2024-09-09T03:13:34.005+0800][info] GC(153)   Merge Heap Roots: 0.0ms
[2024-09-09T03:13:34.005+0800][info] GC(153)   Evacuate Collection Set: 0.1ms
[2024-09-09T03:13:34.005+0800][info] GC(153)   Post Evacuate Collection Set: 0.1ms
[2024-09-09T03:13:34.005+0800][info] GC(153)   Other: 0.3ms
[2024-09-09T03:13:34.005+0800][info] GC(153) Eden regions: 1->0(1)
[2024-09-09T03:13:34.005+0800][info] GC(153) Survivor regions: 0->1(1)
[2024-09-09T03:13:34.005+0800][info] GC(153) Old regions: 1->1
[2024-09-09T03:13:34.005+0800][info] GC(153) Archive regions: 2->2
[2024-09-09T03:13:34.005+0800][info] GC(153) Humongous regions: 16->16
[2024-09-09T03:13:34.005+0800][info] GC(153) Metaspace: 796K(960K)->796K(960K) NonClass: 744K(832K)->744K(832K) Class: 52K(128K)->52K(128K)
[2024-09-09T03:13:34.005+0800][info] GC(153) Pause Young (Concurrent Start) (G1 Humongous Allocation) 69M->68M(128M) 0.733ms
[2024-09-09T03:13:34.005+0800][info] GC(153) User=0.00s Sys=0.00s Real=0.01s
[2024-09-09T03:13:34.005+0800][info] GC(154) Concurrent Mark Cycle
[2024-09-09T03:13:34.005+0800][info] GC(154) Concurrent Clear Claimed Marks
[2024-09-09T03:13:34.005+0800][info] GC(154) Concurrent Clear Claimed Marks 0.008ms
[2024-09-09T03:13:34.005+0800][info] GC(154) Concurrent Scan Root Regions
[2024-09-09T03:13:34.005+0800][info] GC(154) Concurrent Scan Root Regions 0.048ms
[2024-09-09T03:13:34.005+0800][info] GC(154) Concurrent Mark
[2024-09-09T03:13:34.005+0800][info] GC(154) Concurrent Mark From Roots
[2024-09-09T03:13:34.005+0800][info] GC(154) Using 12 workers of 12 for marking
[2024-09-09T03:13:34.008+0800][info] GC(154) Concurrent Mark From Roots 3.124ms
[2024-09-09T03:13:34.009+0800][info] GC(154) Concurrent Preclean
[2024-09-09T03:13:34.010+0800][info] GC(154) Concurrent Preclean 1.691ms
[2024-09-09T03:13:34.010+0800][info] GC(154) Pause Remark
[2024-09-09T03:13:34.011+0800][info] GC(154) Pause Remark 85M->69M(128M) 1.039ms
[2024-09-09T03:13:34.011+0800][info] GC(154) User=0.00s Sys=0.00s Real=0.00s
[2024-09-09T03:13:34.011+0800][info] GC(154) Concurrent Mark 6.047ms
[2024-09-09T03:13:34.011+0800][info] GC(154) Concurrent Rebuild Remembered Sets
[2024-09-09T03:13:34.017+0800][info] GC(154) Concurrent Rebuild Remembered Sets 5.452ms
[2024-09-09T03:13:34.017+0800][info] GC(154) Pause Cleanup
[2024-09-09T03:13:34.017+0800][info] GC(154) Pause Cleanup 69M->69M(128M) 0.429ms
[2024-09-09T03:13:34.017+0800][info] GC(154) User=0.00s Sys=0.00s Real=0.00s
[2024-09-09T03:13:34.017+0800][info] GC(154) Concurrent Cleanup for Next Mark
[2024-09-09T03:13:34.018+0800][info] GC(154) Concurrent Cleanup for Next Mark 0.264ms
[2024-09-09T03:13:34.018+0800][info] GC(154) Concurrent Mark Cycle 12.490ms
[2024-09-09T03:13:34.580+0800][info] GC(155) Pause Young (Concurrent Start) (G1 Humongous Allocation)
[2024-09-09T03:13:34.580+0800][info] GC(155) Using 3 workers of 48 for evacuation
[2024-09-09T03:13:34.581+0800][info] GC(155)   Pre Evacuate Collection Set: 0.1ms
[2024-09-09T03:13:34.581+0800][info] GC(155)   Merge Heap Roots: 0.0ms
[2024-09-09T03:13:34.581+0800][info] GC(155)   Evacuate Collection Set: 0.2ms
[2024-09-09T03:13:34.581+0800][info] GC(155)   Post Evacuate Collection Set: 0.1ms
[2024-09-09T03:13:34.581+0800][info] GC(155)   Other: 0.3ms
[2024-09-09T03:13:34.581+0800][info] GC(155) Eden regions: 1->0(1)
[2024-09-09T03:13:34.581+0800][info] GC(155) Survivor regions: 1->1(1)
[2024-09-09T03:13:34.581+0800][info] GC(155) Old regions: 1->1
[2024-09-09T03:13:34.581+0800][info] GC(155) Archive regions: 2->2
[2024-09-09T03:13:34.581+0800][info] GC(155) Humongous regions: 16->16
[2024-09-09T03:13:34.581+0800][info] GC(155) Metaspace: 834K(1024K)->834K(1024K) NonClass: 781K(896K)->781K(896K) Class: 52K(128K)->52K(128K)
[2024-09-09T03:13:34.581+0800][info] GC(155) Pause Young (Concurrent Start) (G1 Humongous Allocation) 69M->68M(128M) 0.956ms
[2024-09-09T03:13:34.581+0800][info] GC(155) User=0.00s Sys=0.00s Real=0.00s
[2024-09-09T03:13:34.581+0800][info] GC(156) Concurrent Mark Cycle
[2024-09-09T03:13:34.581+0800][info] GC(156) Concurrent Clear Claimed Marks
[2024-09-09T03:13:34.581+0800][info] GC(156) Concurrent Clear Claimed Marks 0.018ms
[2024-09-09T03:13:34.581+0800][info] GC(156) Concurrent Scan Root Regions
[2024-09-09T03:13:34.581+0800][info] GC(156) Concurrent Scan Root Regions 0.071ms
[2024-09-09T03:13:34.581+0800][info] GC(156) Concurrent Mark
[2024-09-09T03:13:34.581+0800][info] GC(156) Concurrent Mark From Roots
[2024-09-09T03:13:34.581+0800][info] GC(156) Using 12 workers of 12 for marking
[2024-09-09T03:13:34.583+0800][info] GC(156) Concurrent Mark From Roots 2.226ms
[2024-09-09T03:13:34.583+0800][info] GC(156) Concurrent Preclean
[2024-09-09T03:13:34.585+0800][info] GC(156) Concurrent Preclean 1.700ms
[2024-09-09T03:13:34.585+0800][info] GC(156) Pause Remark
[2024-09-09T03:13:34.586+0800][info] GC(156) Pause Remark 85M->69M(128M) 1.144ms
[2024-09-09T03:13:34.586+0800][info] GC(156) User=0.00s Sys=0.00s Real=0.00s
[2024-09-09T03:13:34.586+0800][info] GC(156) Concurrent Mark 5.301ms
[2024-09-09T03:13:34.586+0800][info] GC(156) Concurrent Rebuild Remembered Sets
[2024-09-09T03:13:34.586+0800][info] GC(156) Concurrent Rebuild Remembered Sets 0.016ms
[2024-09-09T03:13:34.587+0800][info] GC(156) Pause Cleanup
[2024-09-09T03:13:34.587+0800][info] GC(156) Pause Cleanup 69M->69M(128M) 0.022ms
[2024-09-09T03:13:34.587+0800][info] GC(156) User=0.00s Sys=0.00s Real=0.00s
[2024-09-09T03:13:34.587+0800][info] GC(156) Concurrent Cleanup for Next Mark
[2024-09-09T03:13:34.587+0800][info] GC(156) Concurrent Cleanup for Next Mark 0.242ms
[2024-09-09T03:13:34.587+0800][info] GC(156) Concurrent Mark Cycle 5.911ms
[2024-09-09T03:13:35.154+0800][info] GC(157) Pause Young (Concurrent Start) (G1 Humongous Allocation)
[2024-09-09T03:13:35.154+0800][info] GC(157) Using 3 workers of 48 for evacuation
[2024-09-09T03:13:35.155+0800][info] GC(157)   Pre Evacuate Collection Set: 0.1ms
[2024-09-09T03:13:35.155+0800][info] GC(157)   Merge Heap Roots: 0.0ms
[2024-09-09T03:13:35.155+0800][info] GC(157)   Evacuate Collection Set: 0.2ms
[2024-09-09T03:13:35.155+0800][info] GC(157)   Post Evacuate Collection Set: 0.1ms
[2024-09-09T03:13:35.155+0800][info] GC(157)   Other: 0.3ms
[2024-09-09T03:13:35.155+0800][info] GC(157) Eden regions: 1->0(1)
[2024-09-09T03:13:35.155+0800][info] GC(157) Survivor regions: 1->1(1)
[2024-09-09T03:13:35.155+0800][info] GC(157) Old regions: 1->1
[2024-09-09T03:13:35.155+0800][info] GC(157) Archive regions: 2->2
[2024-09-09T03:13:35.155+0800][info] GC(157) Humongous regions: 16->16
[2024-09-09T03:13:35.155+0800][info] GC(157) Metaspace: 834K(1024K)->834K(1024K) NonClass: 781K(896K)->781K(896K) Class: 52K(128K)->52K(128K)
[2024-09-09T03:13:35.155+0800][info] GC(157) Pause Young (Concurrent Start) (G1 Humongous Allocation) 69M->68M(128M) 0.891ms
[2024-09-09T03:13:35.155+0800][info] GC(157) User=0.00s Sys=0.00s Real=0.00s
[2024-09-09T03:13:35.155+0800][info] GC(158) Concurrent Mark Cycle
[2024-09-09T03:13:35.155+0800][info] GC(158) Concurrent Clear Claimed Marks
[2024-09-09T03:13:35.155+0800][info] GC(158) Concurrent Clear Claimed Marks 0.021ms
[2024-09-09T03:13:35.155+0800][info] GC(158) Concurrent Scan Root Regions
[2024-09-09T03:13:35.155+0800][info] GC(158) Concurrent Scan Root Regions 0.065ms
[2024-09-09T03:13:35.155+0800][info] GC(158) Concurrent Mark
[2024-09-09T03:13:35.155+0800][info] GC(158) Concurrent Mark From Roots
[2024-09-09T03:13:35.155+0800][info] GC(158) Using 12 workers of 12 for marking
[2024-09-09T03:13:35.158+0800][info] GC(158) Concurrent Mark From Roots 2.751ms
[2024-09-09T03:13:35.158+0800][info] GC(158) Concurrent Preclean
[2024-09-09T03:13:35.160+0800][info] GC(158) Concurrent Preclean 1.680ms
[2024-09-09T03:13:35.160+0800][info] GC(158) Pause Remark
[2024-09-09T03:13:35.161+0800][info] GC(158) Pause Remark 85M->69M(128M) 1.243ms
[2024-09-09T03:13:35.161+0800][info] GC(158) User=0.00s Sys=0.00s Real=0.00s
[2024-09-09T03:13:35.161+0800][info] GC(158) Concurrent Mark 5.908ms
[2024-09-09T03:13:35.161+0800][info] GC(158) Concurrent Rebuild Remembered Sets
[2024-09-09T03:13:35.161+0800][info] GC(158) Concurrent Rebuild Remembered Sets 0.016ms
[2024-09-09T03:13:35.161+0800][info] GC(158) Pause Cleanup
[2024-09-09T03:13:35.161+0800][info] GC(158) Pause Cleanup 69M->69M(128M) 0.022ms
[2024-09-09T03:13:35.161+0800][info] GC(158) User=0.00s Sys=0.00s Real=0.00s
[2024-09-09T03:13:35.161+0800][info] GC(158) Concurrent Cleanup for Next Mark
[2024-09-09T03:13:35.162+0800][info] GC(158) Concurrent Cleanup for Next Mark 0.252ms
[2024-09-09T03:13:35.162+0800][info] GC(158) Concurrent Mark Cycle 6.566ms
[2024-09-09T03:13:35.729+0800][info] GC(159) Pause Young (Concurrent Start) (G1 Humongous Allocation)
[2024-09-09T03:13:35.729+0800][info] GC(159) Using 3 workers of 48 for evacuation
[2024-09-09T03:13:35.730+0800][info] GC(159)   Pre Evacuate Collection Set: 0.1ms
[2024-09-09T03:13:35.730+0800][info] GC(159)   Merge Heap Roots: 0.0ms
[2024-09-09T03:13:35.730+0800][info] GC(159)   Evacuate Collection Set: 0.2ms
[2024-09-09T03:13:35.730+0800][info] GC(159)   Post Evacuate Collection Set: 0.1ms
[2024-09-09T03:13:35.730+0800][info] GC(159)   Other: 0.3ms
[2024-09-09T03:13:35.730+0800][info] GC(159) Eden regions: 1->0(1)
[2024-09-09T03:13:35.730+0800][info] GC(159) Survivor regions: 1->1(1)
[2024-09-09T03:13:35.730+0800][info] GC(159) Old regions: 1->1
[2024-09-09T03:13:35.730+0800][info] GC(159) Archive regions: 2->2
[2024-09-09T03:13:35.730+0800][info] GC(159) Humongous regions: 16->12
[2024-09-09T03:13:35.730+0800][info] GC(159) Metaspace: 834K(1024K)->834K(1024K) NonClass: 781K(896K)->781K(896K) Class: 52K(128K)->52K(128K)
[2024-09-09T03:13:35.730+0800][info] GC(159) Pause Young (Concurrent Start) (G1 Humongous Allocation) 69M->52M(128M) 0.882ms
[2024-09-09T03:13:35.730+0800][info] GC(159) User=0.00s Sys=0.00s Real=0.00s
[2024-09-09T03:13:35.730+0800][info] GC(160) Concurrent Undo Cycle
[2024-09-09T03:13:35.730+0800][info] GC(160) Concurrent Cleanup for Next Mark
[2024-09-09T03:13:35.730+0800][info] GC(160) Concurrent Cleanup for Next Mark 0.269ms
[2024-09-09T03:13:35.730+0800][info] GC(160) Concurrent Undo Cycle 0.341ms
[2024-09-09T03:13:35.752+0800][info] GC(161) Pause Young (Concurrent Start) (G1 Humongous Allocation)
[2024-09-09T03:13:35.752+0800][info] GC(161) Using 3 workers of 48 for evacuation
[2024-09-09T03:13:35.753+0800][info] GC(161)   Pre Evacuate Collection Set: 0.0ms
[2024-09-09T03:13:35.753+0800][info] GC(161)   Merge Heap Roots: 0.0ms
[2024-09-09T03:13:35.753+0800][info] GC(161)   Evacuate Collection Set: 0.1ms
[2024-09-09T03:13:35.753+0800][info] GC(161)   Post Evacuate Collection Set: 0.1ms
[2024-09-09T03:13:35.753+0800][info] GC(161)   Other: 0.3ms
[2024-09-09T03:13:35.753+0800][info] GC(161) Eden regions: 1->0(1)
[2024-09-09T03:13:35.753+0800][info] GC(161) Survivor regions: 1->1(1)
[2024-09-09T03:13:35.753+0800][info] GC(161) Old regions: 1->1
[2024-09-09T03:13:35.753+0800][info] GC(161) Archive regions: 2->2
[2024-09-09T03:13:35.753+0800][info] GC(161) Humongous regions: 16->12
[2024-09-09T03:13:35.753+0800][info] GC(161) Metaspace: 834K(1024K)->834K(1024K) NonClass: 781K(896K)->781K(896K) Class: 52K(128K)->52K(128K)
[2024-09-09T03:13:35.753+0800][info] GC(161) Pause Young (Concurrent Start) (G1 Humongous Allocation) 69M->52M(128M) 0.743ms
[2024-09-09T03:13:35.753+0800][info] GC(161) User=0.01s Sys=0.00s Real=0.00s
[2024-09-09T03:13:35.753+0800][info] GC(162) Concurrent Undo Cycle
[2024-09-09T03:13:35.753+0800][info] GC(162) Concurrent Cleanup for Next Mark
[2024-09-09T03:13:35.754+0800][info] GC(162) Concurrent Cleanup for Next Mark 0.174ms
[2024-09-09T03:13:35.754+0800][info] GC(162) Concurrent Undo Cycle 0.243ms
[2024-09-09T03:13:36.285+0800][info] GC(163) Pause Young (Normal) (G1 Evacuation Pause)
[2024-09-09T03:13:36.285+0800][info] GC(163) Using 3 workers of 48 for evacuation
[2024-09-09T03:13:36.285+0800][info] GC(163)   Pre Evacuate Collection Set: 0.0ms
[2024-09-09T03:13:36.285+0800][info] GC(163)   Merge Heap Roots: 0.0ms
[2024-09-09T03:13:36.285+0800][info] GC(163)   Evacuate Collection Set: 0.4ms
[2024-09-09T03:13:36.285+0800][info] GC(163)   Post Evacuate Collection Set: 0.1ms
[2024-09-09T03:13:36.285+0800][info] GC(163)   Other: 0.2ms
[2024-09-09T03:13:36.285+0800][info] GC(163) Eden regions: 1->0(1)
[2024-09-09T03:13:36.285+0800][info] GC(163) Survivor regions: 1->1(1)
[2024-09-09T03:13:36.285+0800][info] GC(163) Old regions: 1->1
[2024-09-09T03:13:36.285+0800][info] GC(163) Archive regions: 2->2
[2024-09-09T03:13:36.285+0800][info] GC(163) Humongous regions: 16->12
[2024-09-09T03:13:36.285+0800][info] GC(163) Metaspace: 834K(1024K)->834K(1024K) NonClass: 781K(896K)->781K(896K) Class: 52K(128K)->52K(128K)
[2024-09-09T03:13:36.286+0800][info] GC(163) Pause Young (Normal) (G1 Evacuation Pause) 72M->56M(128M) 0.961ms
[2024-09-09T03:13:36.286+0800][info] GC(163) User=0.00s Sys=0.00s Real=0.01s
[2024-09-09T03:13:36.784+0800][info] GC(164) Pause Young (Normal) (G1 Evacuation Pause)
[2024-09-09T03:13:36.784+0800][info] GC(164) Using 3 workers of 48 for evacuation
[2024-09-09T03:13:36.785+0800][info] GC(164)   Pre Evacuate Collection Set: 0.0ms
[2024-09-09T03:13:36.785+0800][info] GC(164)   Merge Heap Roots: 0.0ms
[2024-09-09T03:13:36.785+0800][info] GC(164)   Evacuate Collection Set: 0.8ms
[2024-09-09T03:13:36.785+0800][info] GC(164)   Post Evacuate Collection Set: 0.2ms
[2024-09-09T03:13:36.785+0800][info] GC(164)   Other: 0.2ms
[2024-09-09T03:13:36.785+0800][info] GC(164) Eden regions: 1->0(1)
[2024-09-09T03:13:36.785+0800][info] GC(164) Survivor regions: 1->1(1)
[2024-09-09T03:13:36.785+0800][info] GC(164) Old regions: 1->2
[2024-09-09T03:13:36.785+0800][info] GC(164) Archive regions: 2->2
[2024-09-09T03:13:36.785+0800][info] GC(164) Humongous regions: 12->12
[2024-09-09T03:13:36.785+0800][info] GC(164) Metaspace: 834K(1024K)->834K(1024K) NonClass: 781K(896K)->781K(896K) Class: 52K(128K)->52K(128K)
[2024-09-09T03:13:36.785+0800][info] GC(164) Pause Young (Normal) (G1 Evacuation Pause) 60M->60M(128M) 1.404ms
[2024-09-09T03:13:36.785+0800][info] GC(164) User=0.00s Sys=0.01s Real=0.01s
[2024-09-09T03:13:37.283+0800][info] GC(165) Pause Young (Normal) (G1 Evacuation Pause)
[2024-09-09T03:13:37.283+0800][info] GC(165) Using 3 workers of 48 for evacuation
[2024-09-09T03:13:37.284+0800][info] GC(165)   Pre Evacuate Collection Set: 0.0ms
[2024-09-09T03:13:37.284+0800][info] GC(165)   Merge Heap Roots: 0.0ms
[2024-09-09T03:13:37.284+0800][info] GC(165)   Evacuate Collection Set: 0.7ms
[2024-09-09T03:13:37.284+0800][info] GC(165)   Post Evacuate Collection Set: 0.1ms
[2024-09-09T03:13:37.284+0800][info] GC(165)   Other: 0.2ms
[2024-09-09T03:13:37.284+0800][info] GC(165) Eden regions: 1->0(1)
[2024-09-09T03:13:37.284+0800][info] GC(165) Survivor regions: 1->1(1)
[2024-09-09T03:13:37.284+0800][info] GC(165) Old regions: 2->3
[2024-09-09T03:13:37.284+0800][info] GC(165) Archive regions: 2->2
[2024-09-09T03:13:37.284+0800][info] GC(165) Humongous regions: 12->12
[2024-09-09T03:13:37.284+0800][info] GC(165) Metaspace: 834K(1024K)->834K(1024K) NonClass: 781K(896K)->781K(896K) Class: 52K(128K)->52K(128K)
[2024-09-09T03:13:37.284+0800][info] GC(165) Pause Young (Normal) (G1 Evacuation Pause) 64M->64M(128M) 1.219ms
[2024-09-09T03:13:37.284+0800][info] GC(165) User=0.00s Sys=0.00s Real=0.00s
[2024-09-09T03:13:37.783+0800][info] GC(166) Pause Young (Normal) (G1 Evacuation Pause)
[2024-09-09T03:13:37.783+0800][info] GC(166) Using 3 workers of 48 for evacuation
[2024-09-09T03:13:37.784+0800][info] GC(166)   Pre Evacuate Collection Set: 0.0ms
[2024-09-09T03:13:37.784+0800][info] GC(166)   Merge Heap Roots: 0.0ms
[2024-09-09T03:13:37.784+0800][info] GC(166)   Evacuate Collection Set: 0.7ms
[2024-09-09T03:13:37.784+0800][info] GC(166)   Post Evacuate Collection Set: 0.1ms
[2024-09-09T03:13:37.784+0800][info] GC(166)   Other: 0.2ms
[2024-09-09T03:13:37.784+0800][info] GC(166) Eden regions: 1->0(1)
[2024-09-09T03:13:37.784+0800][info] GC(166) Survivor regions: 1->1(1)
[2024-09-09T03:13:37.784+0800][info] GC(166) Old regions: 3->4
[2024-09-09T03:13:37.784+0800][info] GC(166) Archive regions: 2->2
[2024-09-09T03:13:37.784+0800][info] GC(166) Humongous regions: 12->12
[2024-09-09T03:13:37.784+0800][info] GC(166) Metaspace: 834K(1024K)->834K(1024K) NonClass: 781K(896K)->781K(896K) Class: 52K(128K)->52K(128K)
[2024-09-09T03:13:37.784+0800][info] GC(166) Pause Young (Normal) (G1 Evacuation Pause) 68M->68M(128M) 1.271ms
[2024-09-09T03:13:37.784+0800][info] GC(166) User=0.00s Sys=0.00s Real=0.00s
[2024-09-09T03:13:38.283+0800][info] GC(167) Pause Young (Concurrent Start) (G1 Evacuation Pause)
[2024-09-09T03:13:38.283+0800][info] GC(167) Using 3 workers of 48 for evacuation
[2024-09-09T03:13:38.284+0800][info] GC(167)   Pre Evacuate Collection Set: 0.0ms
[2024-09-09T03:13:38.284+0800][info] GC(167)   Merge Heap Roots: 0.0ms
[2024-09-09T03:13:38.284+0800][info] GC(167)   Evacuate Collection Set: 0.8ms
[2024-09-09T03:13:38.284+0800][info] GC(167)   Post Evacuate Collection Set: 0.1ms
[2024-09-09T03:13:38.284+0800][info] GC(167)   Other: 0.2ms
[2024-09-09T03:13:38.284+0800][info] GC(167) Eden regions: 1->0(1)
[2024-09-09T03:13:38.284+0800][info] GC(167) Survivor regions: 1->1(1)
[2024-09-09T03:13:38.284+0800][info] GC(167) Old regions: 4->5
[2024-09-09T03:13:38.284+0800][info] GC(167) Archive regions: 2->2
[2024-09-09T03:13:38.284+0800][info] GC(167) Humongous regions: 12->12
[2024-09-09T03:13:38.284+0800][info] GC(167) Metaspace: 834K(1024K)->834K(1024K) NonClass: 781K(896K)->781K(896K) Class: 52K(128K)->52K(128K)
[2024-09-09T03:13:38.284+0800][info] GC(167) Pause Young (Concurrent Start) (G1 Evacuation Pause) 72M->72M(128M) 1.214ms
[2024-09-09T03:13:38.284+0800][info] GC(167) User=0.00s Sys=0.00s Real=0.00s
[2024-09-09T03:13:38.284+0800][info] GC(168) Concurrent Mark Cycle
[2024-09-09T03:13:38.284+0800][info] GC(168) Concurrent Clear Claimed Marks
[2024-09-09T03:13:38.284+0800][info] GC(168) Concurrent Clear Claimed Marks 0.021ms
[2024-09-09T03:13:38.284+0800][info] GC(168) Concurrent Scan Root Regions
[2024-09-09T03:13:38.284+0800][info] GC(168) Concurrent Scan Root Regions 0.086ms
[2024-09-09T03:13:38.284+0800][info] GC(168) Concurrent Mark
[2024-09-09T03:13:38.284+0800][info] GC(168) Concurrent Mark From Roots
[2024-09-09T03:13:38.284+0800][info] GC(168) Using 12 workers of 12 for marking
[2024-09-09T03:13:38.287+0800][info] GC(168) Concurrent Mark From Roots 3.117ms
[2024-09-09T03:13:38.287+0800][info] GC(168) Concurrent Preclean
[2024-09-09T03:13:38.289+0800][info] GC(168) Concurrent Preclean 1.708ms
[2024-09-09T03:13:38.289+0800][info] GC(168) Pause Remark
[2024-09-09T03:13:38.290+0800][info] GC(168) Pause Remark 72M->24M(128M) 0.849ms
[2024-09-09T03:13:38.290+0800][info] GC(168) User=0.01s Sys=0.00s Real=0.00s
[2024-09-09T03:13:38.290+0800][info] GC(168) Concurrent Mark 5.826ms
[2024-09-09T03:13:38.290+0800][info] GC(168) Concurrent Rebuild Remembered Sets
[2024-09-09T03:13:38.290+0800][info] GC(168) Concurrent Rebuild Remembered Sets 0.012ms
[2024-09-09T03:13:38.290+0800][info] GC(168) Pause Cleanup
[2024-09-09T03:13:38.290+0800][info] GC(168) Pause Cleanup 24M->24M(128M) 0.014ms
[2024-09-09T03:13:38.290+0800][info] GC(168) User=0.00s Sys=0.00s Real=0.00s
[2024-09-09T03:13:38.290+0800][info] GC(168) Concurrent Cleanup for Next Mark
[2024-09-09T03:13:38.290+0800][info] GC(168) Concurrent Cleanup for Next Mark 0.229ms
[2024-09-09T03:13:38.290+0800][info] GC(168) Concurrent Mark Cycle 6.398ms
[2024-09-09T03:13:38.935+0800][info] GC(169) Pause Young (Normal) (G1 Evacuation Pause)
[2024-09-09T03:13:38.935+0800][info] GC(169) Using 3 workers of 48 for evacuation
[2024-09-09T03:13:38.936+0800][info] GC(169)   Pre Evacuate Collection Set: 0.0ms
[2024-09-09T03:13:38.936+0800][info] GC(169)   Merge Heap Roots: 0.0ms
[2024-09-09T03:13:38.936+0800][info] GC(169)   Evacuate Collection Set: 0.8ms
[2024-09-09T03:13:38.936+0800][info] GC(169)   Post Evacuate Collection Set: 0.1ms
[2024-09-09T03:13:38.936+0800][info] GC(169)   Other: 0.2ms
[2024-09-09T03:13:38.936+0800][info] GC(169) Eden regions: 1->0(1)
[2024-09-09T03:13:38.936+0800][info] GC(169) Survivor regions: 1->1(1)
[2024-09-09T03:13:38.936+0800][info] GC(169) Old regions: 5->6
[2024-09-09T03:13:38.936+0800][info] GC(169) Archive regions: 2->2
[2024-09-09T03:13:38.936+0800][info] GC(169) Humongous regions: 0->0
[2024-09-09T03:13:38.936+0800][info] GC(169) Metaspace: 834K(1024K)->834K(1024K) NonClass: 781K(896K)->781K(896K) Class: 52K(128K)->52K(128K)
[2024-09-09T03:13:38.936+0800][info] GC(169) Pause Young (Normal) (G1 Evacuation Pause) 28M->28M(128M) 1.413ms
[2024-09-09T03:13:38.936+0800][info] GC(169) User=0.00s Sys=0.00s Real=0.00s
[2024-09-09T03:13:39.435+0800][info] GC(170) Pause Young (Normal) (G1 Evacuation Pause)
[2024-09-09T03:13:39.435+0800][info] GC(170) Using 3 workers of 48 for evacuation
[2024-09-09T03:13:39.436+0800][info] GC(170)   Pre Evacuate Collection Set: 0.0ms
[2024-09-09T03:13:39.436+0800][info] GC(170)   Merge Heap Roots: 0.0ms
[2024-09-09T03:13:39.436+0800][info] GC(170)   Evacuate Collection Set: 0.8ms
[2024-09-09T03:13:39.436+0800][info] GC(170)   Post Evacuate Collection Set: 0.1ms
[2024-09-09T03:13:39.436+0800][info] GC(170)   Other: 0.1ms
[2024-09-09T03:13:39.436+0800][info] GC(170) Eden regions: 1->0(1)
[2024-09-09T03:13:39.436+0800][info] GC(170) Survivor regions: 1->1(1)
[2024-09-09T03:13:39.436+0800][info] GC(170) Old regions: 6->7
[2024-09-09T03:13:39.436+0800][info] GC(170) Archive regions: 2->2
[2024-09-09T03:13:39.436+0800][info] GC(170) Humongous regions: 0->0
[2024-09-09T03:13:39.436+0800][info] GC(170) Metaspace: 834K(1024K)->834K(1024K) NonClass: 781K(896K)->781K(896K) Class: 52K(128K)->52K(128K)
[2024-09-09T03:13:39.436+0800][info] GC(170) Pause Young (Normal) (G1 Evacuation Pause) 32M->32M(128M) 1.118ms
[2024-09-09T03:13:39.436+0800][info] GC(170) User=0.00s Sys=0.00s Real=0.00s
[2024-09-09T03:13:39.936+0800][info] GC(171) Pause Young (Normal) (G1 Evacuation Pause)
[2024-09-09T03:13:39.936+0800][info] GC(171) Using 3 workers of 48 for evacuation
[2024-09-09T03:13:39.937+0800][info] GC(171)   Pre Evacuate Collection Set: 0.0ms
[2024-09-09T03:13:39.937+0800][info] GC(171)   Merge Heap Roots: 0.0ms
[2024-09-09T03:13:39.937+0800][info] GC(171)   Evacuate Collection Set: 0.8ms
[2024-09-09T03:13:39.937+0800][info] GC(171)   Post Evacuate Collection Set: 0.1ms
[2024-09-09T03:13:39.937+0800][info] GC(171)   Other: 0.2ms
[2024-09-09T03:13:39.937+0800][info] GC(171) Eden regions: 1->0(1)
[2024-09-09T03:13:39.937+0800][info] GC(171) Survivor regions: 1->1(1)
[2024-09-09T03:13:39.937+0800][info] GC(171) Old regions: 7->8
[2024-09-09T03:13:39.937+0800][info] GC(171) Archive regions: 2->2
[2024-09-09T03:13:39.937+0800][info] GC(171) Humongous regions: 0->0
[2024-09-09T03:13:39.937+0800][info] GC(171) Metaspace: 834K(1024K)->834K(1024K) NonClass: 781K(896K)->781K(896K) Class: 52K(128K)->52K(128K)
[2024-09-09T03:13:39.937+0800][info] GC(171) Pause Young (Normal) (G1 Evacuation Pause) 36M->36M(128M) 1.418ms
[2024-09-09T03:13:39.937+0800][info] GC(171) User=0.00s Sys=0.00s Real=0.01s
[2024-09-09T03:13:40.435+0800][info] GC(172) Pause Young (Normal) (G1 Evacuation Pause)
[2024-09-09T03:13:40.436+0800][info] GC(172) Using 3 workers of 48 for evacuation
[2024-09-09T03:13:40.437+0800][info] GC(172)   Pre Evacuate Collection Set: 0.0ms
[2024-09-09T03:13:40.437+0800][info] GC(172)   Merge Heap Roots: 0.0ms
[2024-09-09T03:13:40.437+0800][info] GC(172)   Evacuate Collection Set: 0.8ms
[2024-09-09T03:13:40.437+0800][info] GC(172)   Post Evacuate Collection Set: 0.1ms
[2024-09-09T03:13:40.437+0800][info] GC(172)   Other: 0.2ms
[2024-09-09T03:13:40.437+0800][info] GC(172) Eden regions: 1->0(1)
[2024-09-09T03:13:40.437+0800][info] GC(172) Survivor regions: 1->1(1)
[2024-09-09T03:13:40.437+0800][info] GC(172) Old regions: 8->9
[2024-09-09T03:13:40.437+0800][info] GC(172) Archive regions: 2->2
[2024-09-09T03:13:40.437+0800][info] GC(172) Humongous regions: 0->0
[2024-09-09T03:13:40.437+0800][info] GC(172) Metaspace: 834K(1024K)->834K(1024K) NonClass: 781K(896K)->781K(896K) Class: 52K(128K)->52K(128K)
[2024-09-09T03:13:40.437+0800][info] GC(172) Pause Young (Normal) (G1 Evacuation Pause) 40M->40M(128M) 1.423ms
[2024-09-09T03:13:40.437+0800][info] GC(172) User=0.00s Sys=0.00s Real=0.01s
[2024-09-09T03:13:40.934+0800][info] GC(173) Pause Young (Normal) (G1 Evacuation Pause)
[2024-09-09T03:13:40.934+0800][info] GC(173) Using 3 workers of 48 for evacuation
[2024-09-09T03:13:40.936+0800][info] GC(173)   Pre Evacuate Collection Set: 0.0ms
[2024-09-09T03:13:40.936+0800][info] GC(173)   Merge Heap Roots: 0.0ms
[2024-09-09T03:13:40.936+0800][info] GC(173)   Evacuate Collection Set: 0.8ms
[2024-09-09T03:13:40.936+0800][info] GC(173)   Post Evacuate Collection Set: 0.1ms
[2024-09-09T03:13:40.936+0800][info] GC(173)   Other: 0.2ms
[2024-09-09T03:13:40.936+0800][info] GC(173) Eden regions: 1->0(1)
[2024-09-09T03:13:40.936+0800][info] GC(173) Survivor regions: 1->1(1)
[2024-09-09T03:13:40.936+0800][info] GC(173) Old regions: 9->10
[2024-09-09T03:13:40.936+0800][info] GC(173) Archive regions: 2->2
[2024-09-09T03:13:40.936+0800][info] GC(173) Humongous regions: 0->0
[2024-09-09T03:13:40.936+0800][info] GC(173) Metaspace: 834K(1024K)->834K(1024K) NonClass: 781K(896K)->781K(896K) Class: 52K(128K)->52K(128K)
[2024-09-09T03:13:40.936+0800][info] GC(173) Pause Young (Normal) (G1 Evacuation Pause) 44M->44M(128M) 1.379ms
[2024-09-09T03:13:40.936+0800][info] GC(173) User=0.00s Sys=0.00s Real=0.00s
[2024-09-09T03:13:41.434+0800][info] GC(174) Pause Young (Normal) (G1 Evacuation Pause)
[2024-09-09T03:13:41.434+0800][info] GC(174) Using 3 workers of 48 for evacuation
[2024-09-09T03:13:41.435+0800][info] GC(174)   Pre Evacuate Collection Set: 0.0ms
[2024-09-09T03:13:41.435+0800][info] GC(174)   Merge Heap Roots: 0.0ms
[2024-09-09T03:13:41.435+0800][info] GC(174)   Evacuate Collection Set: 0.8ms
[2024-09-09T03:13:41.435+0800][info] GC(174)   Post Evacuate Collection Set: 0.1ms
[2024-09-09T03:13:41.435+0800][info] GC(174)   Other: 0.2ms
[2024-09-09T03:13:41.435+0800][info] GC(174) Eden regions: 1->0(1)
[2024-09-09T03:13:41.435+0800][info] GC(174) Survivor regions: 1->1(1)
[2024-09-09T03:13:41.435+0800][info] GC(174) Old regions: 10->11
[2024-09-09T03:13:41.435+0800][info] GC(174) Archive regions: 2->2
[2024-09-09T03:13:41.435+0800][info] GC(174) Humongous regions: 0->0
[2024-09-09T03:13:41.435+0800][info] GC(174) Metaspace: 834K(1024K)->834K(1024K) NonClass: 781K(896K)->781K(896K) Class: 52K(128K)->52K(128K)
[2024-09-09T03:13:41.435+0800][info] GC(174) Pause Young (Normal) (G1 Evacuation Pause) 48M->48M(128M) 1.313ms
[2024-09-09T03:13:41.435+0800][info] GC(174) User=0.00s Sys=0.00s Real=0.00s
[2024-09-09T03:13:41.935+0800][info] GC(175) Pause Young (Normal) (G1 Evacuation Pause)
[2024-09-09T03:13:41.935+0800][info] GC(175) Using 3 workers of 48 for evacuation
[2024-09-09T03:13:41.936+0800][info] GC(175)   Pre Evacuate Collection Set: 0.0ms
[2024-09-09T03:13:41.936+0800][info] GC(175)   Merge Heap Roots: 0.0ms
[2024-09-09T03:13:41.936+0800][info] GC(175)   Evacuate Collection Set: 0.8ms
[2024-09-09T03:13:41.936+0800][info] GC(175)   Post Evacuate Collection Set: 0.1ms
[2024-09-09T03:13:41.936+0800][info] GC(175)   Other: 0.2ms
[2024-09-09T03:13:41.936+0800][info] GC(175) Eden regions: 1->0(1)
[2024-09-09T03:13:41.936+0800][info] GC(175) Survivor regions: 1->1(1)
[2024-09-09T03:13:41.936+0800][info] GC(175) Old regions: 11->12
[2024-09-09T03:13:41.936+0800][info] GC(175) Archive regions: 2->2
[2024-09-09T03:13:41.936+0800][info] GC(175) Humongous regions: 0->0
[2024-09-09T03:13:41.936+0800][info] GC(175) Metaspace: 834K(1024K)->834K(1024K) NonClass: 781K(896K)->781K(896K) Class: 52K(128K)->52K(128K)
[2024-09-09T03:13:41.936+0800][info] GC(175) Pause Young (Normal) (G1 Evacuation Pause) 52M->52M(128M) 1.372ms
[2024-09-09T03:13:41.936+0800][info] GC(175) User=0.00s Sys=0.00s Real=0.00s
[2024-09-09T03:13:42.435+0800][info] GC(176) Pause Young (Normal) (G1 Evacuation Pause)
[2024-09-09T03:13:42.435+0800][info] GC(176) Using 3 workers of 48 for evacuation
[2024-09-09T03:13:42.436+0800][info] GC(176)   Pre Evacuate Collection Set: 0.0ms
[2024-09-09T03:13:42.436+0800][info] GC(176)   Merge Heap Roots: 0.0ms
[2024-09-09T03:13:42.436+0800][info] GC(176)   Evacuate Collection Set: 0.8ms
[2024-09-09T03:13:42.436+0800][info] GC(176)   Post Evacuate Collection Set: 0.1ms
[2024-09-09T03:13:42.436+0800][info] GC(176)   Other: 0.2ms
[2024-09-09T03:13:42.436+0800][info] GC(176) Eden regions: 1->0(1)
[2024-09-09T03:13:42.436+0800][info] GC(176) Survivor regions: 1->1(1)
[2024-09-09T03:13:42.436+0800][info] GC(176) Old regions: 12->13
[2024-09-09T03:13:42.436+0800][info] GC(176) Archive regions: 2->2
[2024-09-09T03:13:42.436+0800][info] GC(176) Humongous regions: 0->0
[2024-09-09T03:13:42.436+0800][info] GC(176) Metaspace: 834K(1024K)->834K(1024K) NonClass: 781K(896K)->781K(896K) Class: 52K(128K)->52K(128K)
[2024-09-09T03:13:42.436+0800][info] GC(176) Pause Young (Normal) (G1 Evacuation Pause) 56M->56M(128M) 1.311ms
[2024-09-09T03:13:42.436+0800][info] GC(176) User=0.01s Sys=0.00s Real=0.00s
[2024-09-09T03:13:42.935+0800][info] GC(177) Pause Young (Normal) (G1 Evacuation Pause)
[2024-09-09T03:13:42.935+0800][info] GC(177) Using 3 workers of 48 for evacuation
[2024-09-09T03:13:42.936+0800][info] GC(177)   Pre Evacuate Collection Set: 0.0ms
[2024-09-09T03:13:42.936+0800][info] GC(177)   Merge Heap Roots: 0.0ms
[2024-09-09T03:13:42.936+0800][info] GC(177)   Evacuate Collection Set: 0.7ms
[2024-09-09T03:13:42.936+0800][info] GC(177)   Post Evacuate Collection Set: 0.1ms
[2024-09-09T03:13:42.936+0800][info] GC(177)   Other: 0.2ms
[2024-09-09T03:13:42.936+0800][info] GC(177) Eden regions: 1->0(2)
[2024-09-09T03:13:42.936+0800][info] GC(177) Survivor regions: 1->1(1)
[2024-09-09T03:13:42.936+0800][info] GC(177) Old regions: 13->14
[2024-09-09T03:13:42.936+0800][info] GC(177) Archive regions: 2->2
[2024-09-09T03:13:42.936+0800][info] GC(177) Humongous regions: 0->0
[2024-09-09T03:13:42.936+0800][info] GC(177) Metaspace: 834K(1024K)->834K(1024K) NonClass: 781K(896K)->781K(896K) Class: 52K(128K)->52K(128K)
[2024-09-09T03:13:42.936+0800][info] GC(177) Pause Young (Normal) (G1 Evacuation Pause) 60M->60M(128M) 1.234ms
[2024-09-09T03:13:42.936+0800][info] GC(177) User=0.00s Sys=0.00s Real=0.00s
[2024-09-09T03:13:43.941+0800][info] GC(178) Pause Young (Normal) (G1 Evacuation Pause)
[2024-09-09T03:13:43.941+0800][info] GC(178) Using 3 workers of 48 for evacuation
[2024-09-09T03:13:43.942+0800][info] GC(178)   Pre Evacuate Collection Set: 0.0ms
[2024-09-09T03:13:43.942+0800][info] GC(178)   Merge Heap Roots: 0.0ms
[2024-09-09T03:13:43.942+0800][info] GC(178)   Evacuate Collection Set: 1.0ms
[2024-09-09T03:13:43.942+0800][info] GC(178)   Post Evacuate Collection Set: 0.1ms
[2024-09-09T03:13:43.942+0800][info] GC(178)   Other: 0.2ms
[2024-09-09T03:13:43.942+0800][info] GC(178) Eden regions: 2->0(3)
[2024-09-09T03:13:43.942+0800][info] GC(178) Survivor regions: 1->1(1)
[2024-09-09T03:13:43.942+0800][info] GC(178) Old regions: 14->16
[2024-09-09T03:13:43.942+0800][info] GC(178) Archive regions: 2->2
[2024-09-09T03:13:43.942+0800][info] GC(178) Humongous regions: 0->0
[2024-09-09T03:13:43.942+0800][info] GC(178) Metaspace: 834K(1024K)->834K(1024K) NonClass: 781K(896K)->781K(896K) Class: 52K(128K)->52K(128K)
[2024-09-09T03:13:43.942+0800][info] GC(178) Pause Young (Normal) (G1 Evacuation Pause) 68M->68M(128M) 1.483ms
[2024-09-09T03:13:43.942+0800][info] GC(178) User=0.01s Sys=0.00s Real=0.00s
[2024-09-09T03:13:45.451+0800][info] GC(179) Pause Young (Normal) (G1 Evacuation Pause)
[2024-09-09T03:13:45.451+0800][info] GC(179) Using 3 workers of 48 for evacuation
[2024-09-09T03:13:45.453+0800][info] GC(179)   Pre Evacuate Collection Set: 0.0ms
[2024-09-09T03:13:45.453+0800][info] GC(179)   Merge Heap Roots: 0.0ms
[2024-09-09T03:13:45.453+0800][info] GC(179)   Evacuate Collection Set: 1.3ms
[2024-09-09T03:13:45.453+0800][info] GC(179)   Post Evacuate Collection Set: 0.1ms
[2024-09-09T03:13:45.453+0800][info] GC(179)   Other: 0.1ms
[2024-09-09T03:13:45.453+0800][info] GC(179) Eden regions: 3->0(2)
[2024-09-09T03:13:45.453+0800][info] GC(179) Survivor regions: 1->1(1)
[2024-09-09T03:13:45.453+0800][info] GC(179) Old regions: 16->19
[2024-09-09T03:13:45.453+0800][info] GC(179) Archive regions: 2->2
[2024-09-09T03:13:45.453+0800][info] GC(179) Humongous regions: 0->0
[2024-09-09T03:13:45.453+0800][info] GC(179) Metaspace: 834K(1024K)->834K(1024K) NonClass: 781K(896K)->781K(896K) Class: 52K(128K)->52K(128K)
[2024-09-09T03:13:45.453+0800][info] GC(179) Pause Young (Normal) (G1 Evacuation Pause) 80M->80M(128M) 1.703ms
[2024-09-09T03:13:45.453+0800][info] GC(179) User=0.01s Sys=0.00s Real=0.00s
[2024-09-09T03:13:46.460+0800][info] GC(180) Pause Young (Concurrent Start) (G1 Evacuation Pause)
[2024-09-09T03:13:46.460+0800][info] GC(180) Using 3 workers of 48 for evacuation
[2024-09-09T03:13:46.461+0800][info] GC(180)   Pre Evacuate Collection Set: 0.1ms
[2024-09-09T03:13:46.461+0800][info] GC(180)   Merge Heap Roots: 0.0ms
[2024-09-09T03:13:46.461+0800][info] GC(180)   Evacuate Collection Set: 1.0ms
[2024-09-09T03:13:46.461+0800][info] GC(180)   Post Evacuate Collection Set: 0.1ms
[2024-09-09T03:13:46.461+0800][info] GC(180)   Other: 0.3ms
[2024-09-09T03:13:46.461+0800][info] GC(180) Eden regions: 2->0(1)
[2024-09-09T03:13:46.461+0800][info] GC(180) Survivor regions: 1->1(1)
[2024-09-09T03:13:46.461+0800][info] GC(180) Old regions: 19->21
[2024-09-09T03:13:46.461+0800][info] GC(180) Archive regions: 2->2
[2024-09-09T03:13:46.461+0800][info] GC(180) Humongous regions: 0->0
[2024-09-09T03:13:46.461+0800][info] GC(180) Metaspace: 834K(1024K)->834K(1024K) NonClass: 781K(896K)->781K(896K) Class: 52K(128K)->52K(128K)
[2024-09-09T03:13:46.461+0800][info] GC(180) Pause Young (Concurrent Start) (G1 Evacuation Pause) 88M->88M(128M) 1.696ms
[2024-09-09T03:13:46.461+0800][info] GC(180) User=0.01s Sys=0.00s Real=0.00s
[2024-09-09T03:13:46.461+0800][info] GC(181) Concurrent Mark Cycle
[2024-09-09T03:13:46.461+0800][info] GC(181) Concurrent Clear Claimed Marks
[2024-09-09T03:13:46.462+0800][info] GC(181) Concurrent Clear Claimed Marks 0.021ms
[2024-09-09T03:13:46.462+0800][info] GC(181) Concurrent Scan Root Regions
[2024-09-09T03:13:46.462+0800][info] GC(181) Concurrent Scan Root Regions 0.099ms
[2024-09-09T03:13:46.462+0800][info] GC(181) Concurrent Mark
[2024-09-09T03:13:46.462+0800][info] GC(181) Concurrent Mark From Roots
[2024-09-09T03:13:46.462+0800][info] GC(181) Using 12 workers of 12 for marking
[2024-09-09T03:13:46.466+0800][info] GC(181) Concurrent Mark From Roots 4.065ms
[2024-09-09T03:13:46.466+0800][info] GC(181) Concurrent Preclean
[2024-09-09T03:13:46.468+0800][info] GC(181) Concurrent Preclean 1.773ms
[2024-09-09T03:13:46.468+0800][info] GC(181) Pause Remark
[2024-09-09T03:13:46.469+0800][info] GC(181) Pause Remark 88M->40M(128M) 0.932ms
[2024-09-09T03:13:46.469+0800][info] GC(181) User=0.01s Sys=0.00s Real=0.00s
[2024-09-09T03:13:46.469+0800][info] GC(181) Concurrent Mark 6.937ms
[2024-09-09T03:13:46.469+0800][info] GC(181) Concurrent Rebuild Remembered Sets
[2024-09-09T03:13:46.472+0800][info] GC(181) Concurrent Rebuild Remembered Sets 3.467ms
[2024-09-09T03:13:46.472+0800][info] GC(181) Pause Cleanup
[2024-09-09T03:13:46.472+0800][info] GC(181) Pause Cleanup 40M->40M(128M) 0.219ms
[2024-09-09T03:13:46.472+0800][info] GC(181) User=0.00s Sys=0.00s Real=0.00s
[2024-09-09T03:13:46.472+0800][info] GC(181) Concurrent Cleanup for Next Mark
[2024-09-09T03:13:46.473+0800][info] GC(181) Concurrent Cleanup for Next Mark 0.683ms
[2024-09-09T03:13:46.473+0800][info] GC(181) Concurrent Mark Cycle 11.718ms
[2024-09-09T03:13:47.113+0800][info] GC(182) Pause Young (Prepare Mixed) (G1 Evacuation Pause)
[2024-09-09T03:13:47.113+0800][info] GC(182) Using 3 workers of 48 for evacuation
[2024-09-09T03:13:47.114+0800][info] GC(182)   Pre Evacuate Collection Set: 0.0ms
[2024-09-09T03:13:47.114+0800][info] GC(182)   Merge Heap Roots: 0.0ms
[2024-09-09T03:13:47.114+0800][info] GC(182)   Evacuate Collection Set: 0.8ms
[2024-09-09T03:13:47.114+0800][info] GC(182)   Post Evacuate Collection Set: 0.1ms
[2024-09-09T03:13:47.114+0800][info] GC(182)   Other: 0.2ms
[2024-09-09T03:13:47.114+0800][info] GC(182) Eden regions: 1->0(1)
[2024-09-09T03:13:47.114+0800][info] GC(182) Survivor regions: 1->1(1)
[2024-09-09T03:13:47.114+0800][info] GC(182) Old regions: 9->10
[2024-09-09T03:13:47.114+0800][info] GC(182) Archive regions: 2->2
[2024-09-09T03:13:47.114+0800][info] GC(182) Humongous regions: 0->0
[2024-09-09T03:13:47.114+0800][info] GC(182) Metaspace: 834K(1024K)->834K(1024K) NonClass: 781K(896K)->781K(896K) Class: 52K(128K)->52K(128K)
[2024-09-09T03:13:47.114+0800][info] GC(182) Pause Young (Prepare Mixed) (G1 Evacuation Pause) 44M->44M(128M) 1.314ms
[2024-09-09T03:13:47.114+0800][info] GC(182) User=0.01s Sys=0.01s Real=0.00s
[2024-09-09T03:13:47.614+0800][info] GC(183) Pause Young (Mixed) (G1 Evacuation Pause)
[2024-09-09T03:13:47.614+0800][info] GC(183) Using 3 workers of 48 for evacuation
[2024-09-09T03:13:47.615+0800][info] GC(183)   Pre Evacuate Collection Set: 0.0ms
[2024-09-09T03:13:47.615+0800][info] GC(183)   Merge Heap Roots: 0.0ms
[2024-09-09T03:13:47.615+0800][info] GC(183)   Evacuate Collection Set: 0.8ms
[2024-09-09T03:13:47.615+0800][info] GC(183)   Post Evacuate Collection Set: 0.1ms
[2024-09-09T03:13:47.615+0800][info] GC(183)   Other: 0.2ms
[2024-09-09T03:13:47.615+0800][info] GC(183) Eden regions: 1->0(5)
[2024-09-09T03:13:47.615+0800][info] GC(183) Survivor regions: 1->1(1)
[2024-09-09T03:13:47.615+0800][info] GC(183) Old regions: 10->8
[2024-09-09T03:13:47.615+0800][info] GC(183) Archive regions: 2->2
[2024-09-09T03:13:47.615+0800][info] GC(183) Humongous regions: 0->0
[2024-09-09T03:13:47.615+0800][info] GC(183) Metaspace: 834K(1024K)->834K(1024K) NonClass: 781K(896K)->781K(896K) Class: 52K(128K)->52K(128K)
[2024-09-09T03:13:47.615+0800][info] GC(183) Pause Young (Mixed) (G1 Evacuation Pause) 48M->33M(128M) 1.310ms
[2024-09-09T03:13:47.615+0800][info] GC(183) User=0.00s Sys=0.00s Real=0.00s
[2024-09-09T03:13:48.902+0800][info] GC(184) Pause Young (Concurrent Start) (G1 Humongous Allocation)
[2024-09-09T03:13:48.902+0800][info] GC(184) Using 3 workers of 48 for evacuation
[2024-09-09T03:13:48.904+0800][info] GC(184)   Pre Evacuate Collection Set: 0.0ms
[2024-09-09T03:13:48.904+0800][info] GC(184)   Merge Heap Roots: 0.0ms
[2024-09-09T03:13:48.904+0800][info] GC(184)   Evacuate Collection Set: 1.2ms
[2024-09-09T03:13:48.904+0800][info] GC(184)   Post Evacuate Collection Set: 0.1ms
[2024-09-09T03:13:48.904+0800][info] GC(184)   Other: 0.3ms
[2024-09-09T03:13:48.904+0800][info] GC(184) Eden regions: 3->0(1)
[2024-09-09T03:13:48.904+0800][info] GC(184) Survivor regions: 1->1(1)
[2024-09-09T03:13:48.904+0800][info] GC(184) Old regions: 8->10
[2024-09-09T03:13:48.904+0800][info] GC(184) Archive regions: 2->2
[2024-09-09T03:13:48.904+0800][info] GC(184) Humongous regions: 12->12
[2024-09-09T03:13:48.904+0800][info] GC(184) Metaspace: 834K(1024K)->834K(1024K) NonClass: 781K(896K)->781K(896K) Class: 52K(128K)->52K(128K)
[2024-09-09T03:13:48.904+0800][info] GC(184) Pause Young (Concurrent Start) (G1 Humongous Allocation) 90M->90M(128M) 1.881ms
[2024-09-09T03:13:48.904+0800][info] GC(184) User=0.00s Sys=0.00s Real=0.00s
[2024-09-09T03:13:48.904+0800][info] GC(185) Concurrent Undo Cycle
[2024-09-09T03:13:48.904+0800][info] GC(185) Concurrent Cleanup for Next Mark
[2024-09-09T03:13:48.904+0800][info] GC(185) Concurrent Cleanup for Next Mark 0.253ms
[2024-09-09T03:13:48.904+0800][info] GC(185) Concurrent Undo Cycle 0.346ms
[2024-09-09T03:13:48.906+0800][info] GC(186) Pause Young (Normal) (G1 Preventive Collection)
[2024-09-09T03:13:48.906+0800][info] GC(186) Using 3 workers of 48 for evacuation
[2024-09-09T03:13:48.907+0800][info] GC(186)   Pre Evacuate Collection Set: 0.0ms
[2024-09-09T03:13:48.907+0800][info] GC(186)   Merge Heap Roots: 0.0ms
[2024-09-09T03:13:48.907+0800][info] GC(186)   Evacuate Collection Set: 0.3ms
[2024-09-09T03:13:48.907+0800][info] GC(186)   Post Evacuate Collection Set: 0.1ms
[2024-09-09T03:13:48.907+0800][info] GC(186)   Other: 0.1ms
[2024-09-09T03:13:48.907+0800][info] GC(186) Eden regions: 0->0(1)
[2024-09-09T03:13:48.907+0800][info] GC(186) Survivor regions: 1->0(1)
[2024-09-09T03:13:48.907+0800][info] GC(186) Old regions: 10->11
[2024-09-09T03:13:48.907+0800][info] GC(186) Archive regions: 2->2
[2024-09-09T03:13:48.907+0800][info] GC(186) Humongous regions: 16->16
[2024-09-09T03:13:48.907+0800][info] GC(186) Metaspace: 834K(1024K)->834K(1024K) NonClass: 781K(896K)->781K(896K) Class: 52K(128K)->52K(128K)
[2024-09-09T03:13:48.907+0800][info] GC(186) Pause Young (Normal) (G1 Preventive Collection) 106M->106M(128M) 0.731ms
[2024-09-09T03:13:48.907+0800][info] GC(186) User=0.00s Sys=0.00s Real=0.00s
[2024-09-09T03:13:48.927+0800][info] GC(187) Pause Young (Concurrent Start) (G1 Humongous Allocation)
[2024-09-09T03:13:48.927+0800][info] GC(187) Using 3 workers of 48 for evacuation
[2024-09-09T03:13:48.928+0800][info] GC(187)   Pre Evacuate Collection Set: 0.0ms
[2024-09-09T03:13:48.928+0800][info] GC(187)   Merge Heap Roots: 0.0ms
[2024-09-09T03:13:48.928+0800][info] GC(187)   Evacuate Collection Set: 0.2ms
[2024-09-09T03:13:48.928+0800][info] GC(187)   Post Evacuate Collection Set: 0.1ms
[2024-09-09T03:13:48.928+0800][info] GC(187)   Other: 0.3ms
[2024-09-09T03:13:48.928+0800][info] GC(187) Eden regions: 1->0(1)
[2024-09-09T03:13:48.928+0800][info] GC(187) Survivor regions: 0->1(1)
[2024-09-09T03:13:48.928+0800][info] GC(187) Old regions: 11->11
[2024-09-09T03:13:48.928+0800][info] GC(187) Archive regions: 2->2
[2024-09-09T03:13:48.928+0800][info] GC(187) Humongous regions: 16->16
[2024-09-09T03:13:48.928+0800][info] GC(187) Metaspace: 834K(1024K)->834K(1024K) NonClass: 781K(896K)->781K(896K) Class: 52K(128K)->52K(128K)
[2024-09-09T03:13:48.928+0800][info] GC(187) Pause Young (Concurrent Start) (G1 Humongous Allocation) 106M->106M(128M) 0.761ms
[2024-09-09T03:13:48.928+0800][info] GC(187) User=0.00s Sys=0.00s Real=0.00s
[2024-09-09T03:13:48.928+0800][info] GC(189) Concurrent Mark Cycle
[2024-09-09T03:13:48.928+0800][info] GC(189) Concurrent Clear Claimed Marks
[2024-09-09T03:13:48.928+0800][info] GC(189) Concurrent Clear Claimed Marks 0.019ms
[2024-09-09T03:13:48.928+0800][info] GC(189) Concurrent Scan Root Regions
[2024-09-09T03:13:48.928+0800][info] GC(189) Concurrent Scan Root Regions 0.150ms
[2024-09-09T03:13:48.928+0800][info] GC(189) Concurrent Mark
[2024-09-09T03:13:48.928+0800][info] GC(188) Pause Young (Normal) (G1 Humongous Allocation)
[2024-09-09T03:13:48.928+0800][info] GC(188) Using 3 workers of 48 for evacuation
[2024-09-09T03:13:48.928+0800][info] GC(189) Concurrent Mark From Roots
[2024-09-09T03:13:48.928+0800][info] GC(189) Using 12 workers of 12 for marking
[2024-09-09T03:13:48.929+0800][info] GC(188)   Pre Evacuate Collection Set: 0.3ms
[2024-09-09T03:13:48.929+0800][info] GC(188)   Merge Heap Roots: 0.0ms
[2024-09-09T03:13:48.929+0800][info] GC(188)   Evacuate Collection Set: 0.1ms
[2024-09-09T03:13:48.929+0800][info] GC(188)   Post Evacuate Collection Set: 0.1ms
[2024-09-09T03:13:48.929+0800][info] GC(188)   Other: 0.1ms
[2024-09-09T03:13:48.929+0800][info] GC(188) Eden regions: 0->0(1)
[2024-09-09T03:13:48.929+0800][info] GC(188) Survivor regions: 1->1(1)
[2024-09-09T03:13:48.929+0800][info] GC(188) Old regions: 11->11
[2024-09-09T03:13:48.929+0800][info] GC(188) Archive regions: 2->2
[2024-09-09T03:13:48.929+0800][info] GC(188) Humongous regions: 16->16
[2024-09-09T03:13:48.929+0800][info] GC(188) Metaspace: 834K(1024K)->834K(1024K) NonClass: 781K(896K)->781K(896K) Class: 52K(128K)->52K(128K)
[2024-09-09T03:13:48.929+0800][info] GC(188) Pause Young (Normal) (G1 Humongous Allocation) 106M->106M(128M) 0.447ms
[2024-09-09T03:13:48.929+0800][info] GC(188) User=0.00s Sys=0.00s Real=0.00s
[2024-09-09T03:13:48.929+0800][info] Attempting full compaction
[2024-09-09T03:13:48.929+0800][info] GC(190) Using 1 workers of 48 for full compaction
[2024-09-09T03:13:48.929+0800][info] GC(190) Pause Full (G1 Compaction Pause)
[2024-09-09T03:13:48.929+0800][info] GC(190) Phase 1: Mark live objects
[2024-09-09T03:13:48.932+0800][info] GC(190) Phase 1: Mark live objects 3.049ms
[2024-09-09T03:13:48.932+0800][info] GC(190) Phase 2: Prepare for compaction
[2024-09-09T03:13:48.933+0800][info] GC(190) Phase 2: Prepare for compaction 0.544ms
[2024-09-09T03:13:48.933+0800][info] GC(190) Phase 3: Adjust pointers
[2024-09-09T03:13:48.934+0800][info] GC(190) Phase 3: Adjust pointers 1.358ms
[2024-09-09T03:13:48.934+0800][info] GC(190) Phase 4: Compact heap
[2024-09-09T03:13:48.935+0800][info] GC(190) Phase 4: Compact heap 0.299ms
[2024-09-09T03:13:48.935+0800][info] GC(190) Eden regions: 0->0(1)
[2024-09-09T03:13:48.935+0800][info] GC(190) Survivor regions: 1->0(1)
[2024-09-09T03:13:48.935+0800][info] GC(190) Old regions: 11->1
[2024-09-09T03:13:48.935+0800][info] GC(190) Archive regions: 2->2
[2024-09-09T03:13:48.935+0800][info] GC(190) Humongous regions: 16->12
[2024-09-09T03:13:48.935+0800][info] GC(190) Metaspace: 834K(1024K)->834K(1024K) NonClass: 781K(896K)->781K(896K) Class: 52K(128K)->52K(128K)
[2024-09-09T03:13:48.935+0800][info] GC(190) Pause Full (G1 Compaction Pause) 106M->52M(128M) 6.364ms
[2024-09-09T03:13:48.935+0800][info] GC(190) User=0.01s Sys=0.00s Real=0.00s
[2024-09-09T03:13:48.936+0800][info] GC(189) Concurrent Mark From Roots 7.119ms
[2024-09-09T03:13:48.936+0800][info] GC(189) Concurrent Mark Abort
[2024-09-09T03:13:48.936+0800][info] GC(189) Concurrent Mark Cycle 7.443ms
[2024-09-09T03:13:48.958+0800][info] GC(191) Pause Young (Concurrent Start) (G1 Humongous Allocation)
[2024-09-09T03:13:48.958+0800][info] GC(191) Using 3 workers of 48 for evacuation
[2024-09-09T03:13:48.959+0800][info] GC(191)   Pre Evacuate Collection Set: 0.0ms
[2024-09-09T03:13:48.959+0800][info] GC(191)   Merge Heap Roots: 0.0ms
[2024-09-09T03:13:48.959+0800][info] GC(191)   Evacuate Collection Set: 0.1ms
[2024-09-09T03:13:48.959+0800][info] GC(191)   Post Evacuate Collection Set: 0.1ms
[2024-09-09T03:13:48.959+0800][info] GC(191)   Other: 0.3ms
[2024-09-09T03:13:48.959+0800][info] GC(191) Eden regions: 1->0(1)
[2024-09-09T03:13:48.959+0800][info] GC(191) Survivor regions: 0->1(1)
[2024-09-09T03:13:48.959+0800][info] GC(191) Old regions: 1->1
[2024-09-09T03:13:48.959+0800][info] GC(191) Archive regions: 2->2
[2024-09-09T03:13:48.959+0800][info] GC(191) Humongous regions: 16->16
[2024-09-09T03:13:48.959+0800][info] GC(191) Metaspace: 834K(1024K)->834K(1024K) NonClass: 781K(896K)->781K(896K) Class: 52K(128K)->52K(128K)
[2024-09-09T03:13:48.959+0800][info] GC(191) Pause Young (Concurrent Start) (G1 Humongous Allocation) 69M->68M(128M) 0.685ms
[2024-09-09T03:13:48.959+0800][info] GC(191) User=0.00s Sys=0.00s Real=0.00s
[2024-09-09T03:13:48.959+0800][info] GC(192) Concurrent Mark Cycle
[2024-09-09T03:13:48.959+0800][info] GC(192) Concurrent Clear Claimed Marks
[2024-09-09T03:13:48.959+0800][info] GC(192) Concurrent Clear Claimed Marks 0.018ms
[2024-09-09T03:13:48.959+0800][info] GC(192) Concurrent Scan Root Regions
[2024-09-09T03:13:48.959+0800][info] GC(192) Concurrent Scan Root Regions 0.061ms
[2024-09-09T03:13:48.959+0800][info] GC(192) Concurrent Mark
[2024-09-09T03:13:48.959+0800][info] GC(192) Concurrent Mark From Roots
[2024-09-09T03:13:48.959+0800][info] GC(192) Using 12 workers of 12 for marking
[2024-09-09T03:13:48.961+0800][info] GC(192) Concurrent Mark From Roots 2.369ms
[2024-09-09T03:13:48.961+0800][info] GC(192) Concurrent Preclean
[2024-09-09T03:13:48.963+0800][info] GC(192) Concurrent Preclean 1.681ms
[2024-09-09T03:13:48.963+0800][info] GC(192) Pause Remark
[2024-09-09T03:13:48.964+0800][info] GC(192) Pause Remark 85M->69M(128M) 0.888ms
[2024-09-09T03:13:48.964+0800][info] GC(192) User=0.00s Sys=0.00s Real=0.00s
[2024-09-09T03:13:48.964+0800][info] GC(192) Concurrent Mark 5.151ms
[2024-09-09T03:13:48.964+0800][info] GC(192) Concurrent Rebuild Remembered Sets
[2024-09-09T03:13:48.970+0800][info] GC(192) Concurrent Rebuild Remembered Sets 5.908ms
[2024-09-09T03:13:48.970+0800][info] GC(192) Pause Cleanup
[2024-09-09T03:13:48.971+0800][info] GC(192) Pause Cleanup 69M->69M(128M) 0.360ms
[2024-09-09T03:13:48.971+0800][info] GC(192) User=0.00s Sys=0.00s Real=0.00s
[2024-09-09T03:13:48.971+0800][info] GC(192) Concurrent Cleanup for Next Mark
[2024-09-09T03:13:48.971+0800][info] GC(192) Concurrent Cleanup for Next Mark 0.253ms
[2024-09-09T03:13:48.971+0800][info] GC(192) Concurrent Mark Cycle 12.085ms
[2024-09-09T03:13:49.532+0800][info] GC(193) Pause Young (Concurrent Start) (G1 Humongous Allocation)
[2024-09-09T03:13:49.532+0800][info] GC(193) Using 3 workers of 48 for evacuation
[2024-09-09T03:13:49.533+0800][info] GC(193)   Pre Evacuate Collection Set: 0.0ms
[2024-09-09T03:13:49.533+0800][info] GC(193)   Merge Heap Roots: 0.0ms
[2024-09-09T03:13:49.533+0800][info] GC(193)   Evacuate Collection Set: 0.2ms
[2024-09-09T03:13:49.533+0800][info] GC(193)   Post Evacuate Collection Set: 0.1ms
[2024-09-09T03:13:49.533+0800][info] GC(193)   Other: 0.3ms
[2024-09-09T03:13:49.533+0800][info] GC(193) Eden regions: 1->0(1)
[2024-09-09T03:13:49.533+0800][info] GC(193) Survivor regions: 1->1(1)
[2024-09-09T03:13:49.533+0800][info] GC(193) Old regions: 1->1
[2024-09-09T03:13:49.533+0800][info] GC(193) Archive regions: 2->2
[2024-09-09T03:13:49.533+0800][info] GC(193) Humongous regions: 16->16
[2024-09-09T03:13:49.533+0800][info] GC(193) Metaspace: 834K(1024K)->834K(1024K) NonClass: 781K(896K)->781K(896K) Class: 52K(128K)->52K(128K)
[2024-09-09T03:13:49.533+0800][info] GC(193) Pause Young (Concurrent Start) (G1 Humongous Allocation) 69M->68M(128M) 0.770ms
[2024-09-09T03:13:49.533+0800][info] GC(193) User=0.00s Sys=0.00s Real=0.00s
[2024-09-09T03:13:49.533+0800][info] GC(194) Concurrent Mark Cycle
[2024-09-09T03:13:49.533+0800][info] GC(194) Concurrent Clear Claimed Marks
[2024-09-09T03:13:49.533+0800][info] GC(194) Concurrent Clear Claimed Marks 0.019ms
[2024-09-09T03:13:49.533+0800][info] GC(194) Concurrent Scan Root Regions
[2024-09-09T03:13:49.533+0800][info] GC(194) Concurrent Scan Root Regions 0.068ms
[2024-09-09T03:13:49.533+0800][info] GC(194) Concurrent Mark
[2024-09-09T03:13:49.533+0800][info] GC(194) Concurrent Mark From Roots
[2024-09-09T03:13:49.533+0800][info] GC(194) Using 12 workers of 12 for marking
[2024-09-09T03:13:49.535+0800][info] GC(194) Concurrent Mark From Roots 1.974ms
[2024-09-09T03:13:49.535+0800][info] GC(194) Concurrent Preclean
[2024-09-09T03:13:49.537+0800][info] GC(194) Concurrent Preclean 1.724ms
[2024-09-09T03:13:49.537+0800][info] GC(194) Pause Remark
[2024-09-09T03:13:49.538+0800][info] GC(194) Pause Remark 85M->69M(128M) 0.809ms
[2024-09-09T03:13:49.538+0800][info] GC(194) User=0.01s Sys=0.00s Real=0.00s
[2024-09-09T03:13:49.538+0800][info] GC(194) Concurrent Mark 4.665ms
[2024-09-09T03:13:49.538+0800][info] GC(194) Concurrent Rebuild Remembered Sets
[2024-09-09T03:13:49.538+0800][info] GC(194) Concurrent Rebuild Remembered Sets 0.013ms
[2024-09-09T03:13:49.538+0800][info] GC(194) Pause Cleanup
[2024-09-09T03:13:49.538+0800][info] GC(194) Pause Cleanup 69M->69M(128M) 0.013ms
[2024-09-09T03:13:49.538+0800][info] GC(194) User=0.00s Sys=0.00s Real=0.00s
[2024-09-09T03:13:49.538+0800][info] GC(194) Concurrent Cleanup for Next Mark
[2024-09-09T03:13:49.538+0800][info] GC(194) Concurrent Cleanup for Next Mark 0.249ms
[2024-09-09T03:13:49.538+0800][info] GC(194) Concurrent Mark Cycle 5.210ms
[2024-09-09T03:13:50.106+0800][info] GC(195) Pause Young (Concurrent Start) (G1 Humongous Allocation)
[2024-09-09T03:13:50.106+0800][info] GC(195) Using 3 workers of 48 for evacuation
[2024-09-09T03:13:50.106+0800][info] GC(195)   Pre Evacuate Collection Set: 0.0ms
[2024-09-09T03:13:50.106+0800][info] GC(195)   Merge Heap Roots: 0.0ms
[2024-09-09T03:13:50.106+0800][info] GC(195)   Evacuate Collection Set: 0.2ms
[2024-09-09T03:13:50.106+0800][info] GC(195)   Post Evacuate Collection Set: 0.1ms
[2024-09-09T03:13:50.106+0800][info] GC(195)   Other: 0.2ms
[2024-09-09T03:13:50.106+0800][info] GC(195) Eden regions: 1->0(1)
[2024-09-09T03:13:50.106+0800][info] GC(195) Survivor regions: 1->1(1)
[2024-09-09T03:13:50.106+0800][info] GC(195) Old regions: 1->1
[2024-09-09T03:13:50.106+0800][info] GC(195) Archive regions: 2->2
[2024-09-09T03:13:50.106+0800][info] GC(195) Humongous regions: 16->16
[2024-09-09T03:13:50.106+0800][info] GC(195) Metaspace: 834K(1024K)->834K(1024K) NonClass: 781K(896K)->781K(896K) Class: 52K(128K)->52K(128K)
[2024-09-09T03:13:50.107+0800][info] GC(195) Pause Young (Concurrent Start) (G1 Humongous Allocation) 69M->68M(128M) 0.573ms
[2024-09-09T03:13:50.107+0800][info] GC(195) User=0.00s Sys=0.00s Real=0.00s
[2024-09-09T03:13:50.107+0800][info] GC(196) Concurrent Mark Cycle
[2024-09-09T03:13:50.107+0800][info] GC(196) Concurrent Clear Claimed Marks
[2024-09-09T03:13:50.107+0800][info] GC(196) Concurrent Clear Claimed Marks 0.019ms
[2024-09-09T03:13:50.107+0800][info] GC(196) Concurrent Scan Root Regions
[2024-09-09T03:13:50.107+0800][info] GC(196) Concurrent Scan Root Regions 0.069ms
[2024-09-09T03:13:50.107+0800][info] GC(196) Concurrent Mark
[2024-09-09T03:13:50.107+0800][info] GC(196) Concurrent Mark From Roots
[2024-09-09T03:13:50.107+0800][info] GC(196) Using 12 workers of 12 for marking
[2024-09-09T03:13:50.109+0800][info] GC(196) Concurrent Mark From Roots 2.224ms
[2024-09-09T03:13:50.109+0800][info] GC(196) Concurrent Preclean
[2024-09-09T03:13:50.111+0800][info] GC(196) Concurrent Preclean 1.683ms
[2024-09-09T03:13:50.111+0800][info] GC(196) Pause Remark
[2024-09-09T03:13:50.112+0800][info] GC(196) Pause Remark 85M->69M(128M) 0.977ms
[2024-09-09T03:13:50.112+0800][info] GC(196) User=0.01s Sys=0.00s Real=0.00s
[2024-09-09T03:13:50.112+0800][info] GC(196) Concurrent Mark 5.125ms
[2024-09-09T03:13:50.112+0800][info] GC(196) Concurrent Rebuild Remembered Sets
[2024-09-09T03:13:50.112+0800][info] GC(196) Concurrent Rebuild Remembered Sets 0.016ms
[2024-09-09T03:13:50.112+0800][info] GC(196) Pause Cleanup
[2024-09-09T03:13:50.112+0800][info] GC(196) Pause Cleanup 69M->69M(128M) 0.026ms
[2024-09-09T03:13:50.112+0800][info] GC(196) User=0.00s Sys=0.00s Real=0.00s
[2024-09-09T03:13:50.112+0800][info] GC(196) Concurrent Cleanup for Next Mark
[2024-09-09T03:13:50.112+0800][info] GC(196) Concurrent Cleanup for Next Mark 0.310ms
[2024-09-09T03:13:50.112+0800][info] GC(196) Concurrent Mark Cycle 5.825ms
[2024-09-09T03:13:50.680+0800][info] GC(197) Pause Young (Concurrent Start) (G1 Humongous Allocation)
[2024-09-09T03:13:50.680+0800][info] GC(197) Using 3 workers of 48 for evacuation
[2024-09-09T03:13:50.681+0800][info] GC(197)   Pre Evacuate Collection Set: 0.1ms
[2024-09-09T03:13:50.681+0800][info] GC(197)   Merge Heap Roots: 0.0ms
[2024-09-09T03:13:50.681+0800][info] GC(197)   Evacuate Collection Set: 0.2ms
[2024-09-09T03:13:50.681+0800][info] GC(197)   Post Evacuate Collection Set: 0.1ms
[2024-09-09T03:13:50.681+0800][info] GC(197)   Other: 0.3ms
[2024-09-09T03:13:50.681+0800][info] GC(197) Eden regions: 1->0(1)
[2024-09-09T03:13:50.681+0800][info] GC(197) Survivor regions: 1->1(1)
[2024-09-09T03:13:50.681+0800][info] GC(197) Old regions: 1->1
[2024-09-09T03:13:50.681+0800][info] GC(197) Archive regions: 2->2
[2024-09-09T03:13:50.681+0800][info] GC(197) Humongous regions: 16->12
[2024-09-09T03:13:50.681+0800][info] GC(197) Metaspace: 834K(1024K)->834K(1024K) NonClass: 781K(896K)->781K(896K) Class: 52K(128K)->52K(128K)
[2024-09-09T03:13:50.681+0800][info] GC(197) Pause Young (Concurrent Start) (G1 Humongous Allocation) 69M->52M(128M) 0.858ms
[2024-09-09T03:13:50.681+0800][info] GC(197) User=0.00s Sys=0.00s Real=0.00s
[2024-09-09T03:13:50.681+0800][info] GC(198) Concurrent Mark Cycle
[2024-09-09T03:13:50.681+0800][info] GC(198) Concurrent Clear Claimed Marks
[2024-09-09T03:13:50.681+0800][info] GC(198) Concurrent Clear Claimed Marks 0.018ms
[2024-09-09T03:13:50.681+0800][info] GC(198) Concurrent Scan Root Regions
[2024-09-09T03:13:50.681+0800][info] GC(198) Concurrent Scan Root Regions 0.096ms
[2024-09-09T03:13:50.681+0800][info] GC(198) Concurrent Mark
[2024-09-09T03:13:50.681+0800][info] GC(198) Concurrent Mark From Roots
[2024-09-09T03:13:50.681+0800][info] GC(198) Using 12 workers of 12 for marking
[2024-09-09T03:13:50.683+0800][info] GC(198) Concurrent Mark From Roots 1.885ms
[2024-09-09T03:13:50.683+0800][info] GC(198) Concurrent Preclean
[2024-09-09T03:13:50.685+0800][info] GC(198) Concurrent Preclean 1.698ms
[2024-09-09T03:13:50.685+0800][info] GC(198) Pause Remark
[2024-09-09T03:13:50.686+0800][info] GC(198) Pause Remark 69M->69M(128M) 0.874ms
[2024-09-09T03:13:50.686+0800][info] GC(198) User=0.00s Sys=0.00s Real=0.00s
[2024-09-09T03:13:50.686+0800][info] GC(198) Concurrent Mark 4.698ms
[2024-09-09T03:13:50.686+0800][info] GC(198) Concurrent Rebuild Remembered Sets
[2024-09-09T03:13:50.686+0800][info] GC(198) Concurrent Rebuild Remembered Sets 0.013ms
[2024-09-09T03:13:50.686+0800][info] GC(198) Pause Cleanup
[2024-09-09T03:13:50.686+0800][info] GC(198) Pause Cleanup 69M->69M(128M) 0.035ms
[2024-09-09T03:13:50.686+0800][info] GC(198) User=0.00s Sys=0.00s Real=0.00s
[2024-09-09T03:13:50.686+0800][info] GC(198) Concurrent Cleanup for Next Mark
[2024-09-09T03:13:50.686+0800][info] GC(198) Concurrent Cleanup for Next Mark 0.355ms
[2024-09-09T03:13:50.686+0800][info] GC(198) Concurrent Mark Cycle 5.436ms
[2024-09-09T03:13:51.265+0800][info] GC(199) Pause Young (Concurrent Start) (WhiteBox Initiated Concurrent Mark)
[2024-09-09T03:13:51.265+0800][info] GC(199) Using 3 workers of 48 for evacuation
[2024-09-09T03:13:51.266+0800][info] GC(199)   Pre Evacuate Collection Set: 0.1ms
[2024-09-09T03:13:51.266+0800][info] GC(199)   Merge Heap Roots: 0.0ms
[2024-09-09T03:13:51.266+0800][info] GC(199)   Evacuate Collection Set: 0.2ms
[2024-09-09T03:13:51.266+0800][info] GC(199)   Post Evacuate Collection Set: 0.1ms
[2024-09-09T03:13:51.266+0800][info] GC(199)   Other: 0.3ms
[2024-09-09T03:13:51.266+0800][info] GC(199) Eden regions: 1->0(1)
[2024-09-09T03:13:51.266+0800][info] GC(199) Survivor regions: 1->1(1)
[2024-09-09T03:13:51.266+0800][info] GC(199) Old regions: 1->1
[2024-09-09T03:13:51.266+0800][info] GC(199) Archive regions: 2->2
[2024-09-09T03:13:51.266+0800][info] GC(199) Humongous regions: 16->12
[2024-09-09T03:13:51.266+0800][info] GC(199) Metaspace: 834K(1024K)->834K(1024K) NonClass: 782K(896K)->782K(896K) Class: 52K(128K)->52K(128K)
[2024-09-09T03:13:51.266+0800][info] GC(199) Pause Young (Concurrent Start) (WhiteBox Initiated Concurrent Mark) 69M->52M(128M) 0.840ms
[2024-09-09T03:13:51.266+0800][info] GC(199) User=0.00s Sys=0.00s Real=0.00s
[2024-09-09T03:13:51.266+0800][info] GC(200) Concurrent Mark Cycle
[2024-09-09T03:13:51.266+0800][info] GC(200) Concurrent Clear Claimed Marks
[2024-09-09T03:13:51.266+0800][info] GC(200) Concurrent Clear Claimed Marks 0.017ms
[2024-09-09T03:13:51.266+0800][info] GC(200) Concurrent Scan Root Regions
[2024-09-09T03:13:51.266+0800][info] GC(200) Concurrent Scan Root Regions 0.085ms
[2024-09-09T03:13:51.266+0800][info] GC(200) Concurrent Mark
[2024-09-09T03:13:51.266+0800][info] GC(200) Concurrent Mark From Roots
[2024-09-09T03:13:51.266+0800][info] GC(200) Using 12 workers of 12 for marking
[2024-09-09T03:13:51.268+0800][info] GC(200) Concurrent Mark From Roots 1.909ms
[2024-09-09T03:13:51.268+0800][info] GC(200) Concurrent Preclean
[2024-09-09T03:13:51.270+0800][info] GC(200) Concurrent Preclean 1.709ms
[2024-09-09T03:13:51.270+0800][info] GC(200) Pause Remark
[2024-09-09T03:13:51.271+0800][info] GC(200) Pause Remark 53M->53M(128M) 0.823ms
[2024-09-09T03:13:51.271+0800][info] GC(200) User=0.00s Sys=0.00s Real=0.00s
[2024-09-09T03:13:51.271+0800][info] GC(200) Concurrent Mark 4.632ms
[2024-09-09T03:13:51.271+0800][info] GC(200) Concurrent Rebuild Remembered Sets
[2024-09-09T03:13:51.271+0800][info] GC(200) Concurrent Rebuild Remembered Sets 0.013ms
[2024-09-09T03:13:51.271+0800][info] GC(200) Pause Cleanup
[2024-09-09T03:13:51.271+0800][info] GC(200) Pause Cleanup 53M->53M(128M) 0.025ms
[2024-09-09T03:13:51.271+0800][info] GC(200) User=0.00s Sys=0.00s Real=0.00s
[2024-09-09T03:13:51.271+0800][info] GC(200) Concurrent Cleanup for Next Mark
[2024-09-09T03:13:51.271+0800][info] GC(200) Concurrent Cleanup for Next Mark 0.250ms
[2024-09-09T03:13:51.271+0800][info] GC(200) Concurrent Mark Cycle 5.334ms
[2024-09-09T03:13:52.321+0800][info] GC(201) Pause Young (Concurrent Start) (WhiteBox Initiated Concurrent Mark)
[2024-09-09T03:13:52.322+0800][info] GC(201) Using 3 workers of 48 for evacuation
[2024-09-09T03:13:52.323+0800][info] GC(201)   Pre Evacuate Collection Set: 0.1ms
[2024-09-09T03:13:52.323+0800][info] GC(201)   Merge Heap Roots: 0.0ms
[2024-09-09T03:13:52.323+0800][info] GC(201)   Evacuate Collection Set: 0.2ms
[2024-09-09T03:13:52.323+0800][info] GC(201)   Post Evacuate Collection Set: 0.6ms
[2024-09-09T03:13:52.323+0800][info] GC(201)   Other: 0.3ms
[2024-09-09T03:13:52.323+0800][info] GC(201) Eden regions: 1->0(1)
[2024-09-09T03:13:52.323+0800][info] GC(201) Survivor regions: 1->1(1)
[2024-09-09T03:13:52.323+0800][info] GC(201) Old regions: 1->1
[2024-09-09T03:13:52.323+0800][info] GC(201) Archive regions: 2->2
[2024-09-09T03:13:52.323+0800][info] GC(201) Humongous regions: 12->12
[2024-09-09T03:13:52.323+0800][info] GC(201) Metaspace: 864K(1024K)->864K(1024K) NonClass: 809K(896K)->809K(896K) Class: 54K(128K)->54K(128K)
[2024-09-09T03:13:52.323+0800][info] GC(201) Pause Young (Concurrent Start) (WhiteBox Initiated Concurrent Mark) 53M->52M(128M) 1.382ms
[2024-09-09T03:13:52.323+0800][info] GC(201) User=0.01s Sys=0.00s Real=0.00s
[2024-09-09T03:13:52.323+0800][info] GC(202) Concurrent Mark Cycle
[2024-09-09T03:13:52.323+0800][info] GC(202) Concurrent Clear Claimed Marks
[2024-09-09T03:13:52.323+0800][info] GC(202) Concurrent Clear Claimed Marks 0.021ms
[2024-09-09T03:13:52.323+0800][info] GC(202) Concurrent Scan Root Regions
[2024-09-09T03:13:52.323+0800][info] GC(202) Concurrent Scan Root Regions 0.094ms
[2024-09-09T03:13:52.323+0800][info] GC(202) Concurrent Mark
[2024-09-09T03:13:52.323+0800][info] GC(202) Concurrent Mark From Roots
[2024-09-09T03:13:52.323+0800][info] GC(202) Using 12 workers of 12 for marking
[2024-09-09T03:13:52.326+0800][info] GC(202) Concurrent Mark From Roots 2.414ms
[2024-09-09T03:13:52.326+0800][info] GC(202) Concurrent Preclean
[2024-09-09T03:13:52.327+0800][info] GC(202) Concurrent Preclean 1.668ms
[2024-09-09T03:13:52.327+0800][info] GC(202) Pause Remark
[2024-09-09T03:13:52.328+0800][info] GC(202) Pause Remark 53M->53M(128M) 0.868ms
[2024-09-09T03:13:52.328+0800][info] GC(202) User=0.00s Sys=0.00s Real=0.00s
[2024-09-09T03:13:52.328+0800][info] GC(202) Concurrent Mark 5.185ms
[2024-09-09T03:13:52.328+0800][info] GC(202) Concurrent Rebuild Remembered Sets
[2024-09-09T03:13:52.328+0800][info] GC(202) Concurrent Rebuild Remembered Sets 0.012ms
[2024-09-09T03:13:52.328+0800][info] GC(202) Pause Cleanup
[2024-09-09T03:13:52.328+0800][info] GC(202) Pause Cleanup 53M->53M(128M) 0.021ms
[2024-09-09T03:13:52.328+0800][info] GC(202) User=0.00s Sys=0.00s Real=0.00s
[2024-09-09T03:13:52.329+0800][info] GC(202) Concurrent Cleanup for Next Mark
[2024-09-09T03:13:52.329+0800][info] GC(202) Concurrent Cleanup for Next Mark 0.252ms
[2024-09-09T03:13:52.329+0800][info] GC(202) Concurrent Mark Cycle 5.810ms
[2024-09-09T03:13:53.325+0800][info] Heap
[2024-09-09T03:13:53.325+0800][info]  garbage-first heap   total 131072K, used 54369K [0x00000000f8000000, 0x0000000100000000)
[2024-09-09T03:13:53.325+0800][info]   region size 4096K, 2 young (8192K), 1 survivors (4096K)
[2024-09-09T03:13:53.325+0800][info]  Metaspace       used 872K, committed 1024K, reserved 1114112K
[2024-09-09T03:13:53.325+0800][info]   class space    used 54K, committed 128K, reserved 1048576K
