[2024-09-09T03:13:54.254+0800][info] Using G1
[2024-09-09T03:13:54.256+0800][info] Version: 17.0.11-internal+0-adhoc.cxl.TencentKona-17-TencentKona-17.0.11 (release)
[2024-09-09T03:13:54.256+0800][info] CPUs: 72 total, 72 available
[2024-09-09T03:13:54.256+0800][info] Memory: 125G
[2024-09-09T03:13:54.256+0800][info] Large Page Support: Disabled
[2024-09-09T03:13:54.256+0800][info] NUMA Support: Disabled
[2024-09-09T03:13:54.256+0800][info] Compressed Oops: Enabled (32-bit)
[2024-09-09T03:13:54.256+0800][info] Heap Region Size: 4M
[2024-09-09T03:13:54.256+0800][info] Heap Min Capacity: 128M
[2024-09-09T03:13:54.256+0800][info] Heap Initial Capacity: 128M
[2024-09-09T03:13:54.256+0800][info] Heap Max Capacity: 128M
[2024-09-09T03:13:54.256+0800][info] Pre-touch: Disabled
[2024-09-09T03:13:54.256+0800][info] Parallel Workers: 48
[2024-09-09T03:13:54.256+0800][info] Concurrent Workers: 12
[2024-09-09T03:13:54.256+0800][info] Concurrent Refinement Workers: 48
[2024-09-09T03:13:54.256+0800][info] Periodic GC: Disabled
[2024-09-09T03:13:54.266+0800][info] CDS archive(s) mapped at: [0x00007e6f9b000000-0x00007e6f9bbc7000-0x00007e6f9bbc7000), size 12349440, SharedBaseAddress: 0x00007e6f9b000000, ArchiveRelocationMode: 1.
[2024-09-09T03:13:54.266+0800][info] Compressed class space mapped at: 0x00007e6f9c000000-0x00007e6fdc000000, reserved size: 1073741824
[2024-09-09T03:13:54.266+0800][info] Narrow klass base: 0x00007e6f9b000000, Narrow klass shift: 0, Narrow klass range: 0x100000000
[2024-09-09T03:13:54.598+0800][info] GC(0) Pause Young (Normal) (G1 Evacuation Pause)
[2024-09-09T03:13:54.598+0800][info] GC(0) Using 3 workers of 48 for evacuation
[2024-09-09T03:13:54.601+0800][info] GC(0)   Pre Evacuate Collection Set: 0.1ms
[2024-09-09T03:13:54.601+0800][info] GC(0)   Merge Heap Roots: 0.0ms
[2024-09-09T03:13:54.601+0800][info] GC(0)   Evacuate Collection Set: 1.9ms
[2024-09-09T03:13:54.601+0800][info] GC(0)   Post Evacuate Collection Set: 0.8ms
[2024-09-09T03:13:54.601+0800][info] GC(0)   Other: 0.7ms
[2024-09-09T03:13:54.601+0800][info] GC(0) Eden regions: 1->0(1)
[2024-09-09T03:13:54.601+0800][info] GC(0) Survivor regions: 0->1(1)
[2024-09-09T03:13:54.602+0800][info] GC(0) Old regions: 0->0
[2024-09-09T03:13:54.602+0800][info] GC(0) Archive regions: 2->2
[2024-09-09T03:13:54.602+0800][info] GC(0) Humongous regions: 0->0
[2024-09-09T03:13:54.602+0800][info] GC(0) Metaspace: 610K(704K)->610K(704K) NonClass: 555K(576K)->555K(576K) Class: 54K(128K)->54K(128K)
[2024-09-09T03:13:54.602+0800][info] GC(0) Pause Young (Normal) (G1 Evacuation Pause) 7M->7M(128M) 3.671ms
[2024-09-09T03:13:54.602+0800][info] GC(0) User=0.00s Sys=0.00s Real=0.00s
[2024-09-09T03:13:55.107+0800][info] GC(1) Pause Young (Normal) (G1 Evacuation Pause)
[2024-09-09T03:13:55.107+0800][info] GC(1) Using 3 workers of 48 for evacuation
[2024-09-09T03:13:55.112+0800][info] GC(1)   Pre Evacuate Collection Set: 0.1ms
[2024-09-09T03:13:55.112+0800][info] GC(1)   Merge Heap Roots: 0.1ms
[2024-09-09T03:13:55.112+0800][info] GC(1)   Evacuate Collection Set: 4.8ms
[2024-09-09T03:13:55.112+0800][info] GC(1)   Post Evacuate Collection Set: 0.2ms
[2024-09-09T03:13:55.112+0800][info] GC(1)   Other: 0.2ms
[2024-09-09T03:13:55.112+0800][info] GC(1) Eden regions: 1->0(1)
[2024-09-09T03:13:55.112+0800][info] GC(1) Survivor regions: 1->1(1)
[2024-09-09T03:13:55.112+0800][info] GC(1) Old regions: 0->1
[2024-09-09T03:13:55.112+0800][info] GC(1) Archive regions: 2->2
[2024-09-09T03:13:55.112+0800][info] GC(1) Humongous regions: 0->0
[2024-09-09T03:13:55.112+0800][info] GC(1) Metaspace: 611K(768K)->611K(768K) NonClass: 556K(640K)->556K(640K) Class: 54K(128K)->54K(128K)
[2024-09-09T03:13:55.112+0800][info] GC(1) Pause Young (Normal) (G1 Evacuation Pause) 11M->11M(128M) 5.479ms
[2024-09-09T03:13:55.112+0800][info] GC(1) User=0.00s Sys=0.01s Real=0.00s
[2024-09-09T03:13:55.619+0800][info] GC(2) Pause Young (Normal) (G1 Evacuation Pause)
[2024-09-09T03:13:55.619+0800][info] GC(2) Using 3 workers of 48 for evacuation
[2024-09-09T03:13:55.623+0800][info] GC(2)   Pre Evacuate Collection Set: 0.1ms
[2024-09-09T03:13:55.623+0800][info] GC(2)   Merge Heap Roots: 0.0ms
[2024-09-09T03:13:55.623+0800][info] GC(2)   Evacuate Collection Set: 3.5ms
[2024-09-09T03:13:55.623+0800][info] GC(2)   Post Evacuate Collection Set: 0.2ms
[2024-09-09T03:13:55.623+0800][info] GC(2)   Other: 0.2ms
[2024-09-09T03:13:55.623+0800][info] GC(2) Eden regions: 1->0(1)
[2024-09-09T03:13:55.623+0800][info] GC(2) Survivor regions: 1->1(1)
[2024-09-09T03:13:55.623+0800][info] GC(2) Old regions: 1->2
[2024-09-09T03:13:55.623+0800][info] GC(2) Archive regions: 2->2
[2024-09-09T03:13:55.623+0800][info] GC(2) Humongous regions: 0->0
[2024-09-09T03:13:55.623+0800][info] GC(2) Metaspace: 611K(768K)->611K(768K) NonClass: 556K(640K)->556K(640K) Class: 54K(128K)->54K(128K)
[2024-09-09T03:13:55.624+0800][info] GC(2) Pause Young (Normal) (G1 Evacuation Pause) 15M->15M(128M) 4.265ms
[2024-09-09T03:13:55.624+0800][info] GC(2) User=0.01s Sys=0.00s Real=0.00s
[2024-09-09T03:13:56.123+0800][info] GC(3) Pause Young (Normal) (G1 Evacuation Pause)
[2024-09-09T03:13:56.123+0800][info] GC(3) Using 3 workers of 48 for evacuation
[2024-09-09T03:13:56.125+0800][info] GC(3)   Pre Evacuate Collection Set: 0.1ms
[2024-09-09T03:13:56.125+0800][info] GC(3)   Merge Heap Roots: 0.0ms
[2024-09-09T03:13:56.125+0800][info] GC(3)   Evacuate Collection Set: 2.4ms
[2024-09-09T03:13:56.125+0800][info] GC(3)   Post Evacuate Collection Set: 0.2ms
[2024-09-09T03:13:56.125+0800][info] GC(3)   Other: 0.2ms
[2024-09-09T03:13:56.125+0800][info] GC(3) Eden regions: 1->0(1)
[2024-09-09T03:13:56.125+0800][info] GC(3) Survivor regions: 1->1(1)
[2024-09-09T03:13:56.125+0800][info] GC(3) Old regions: 2->3
[2024-09-09T03:13:56.126+0800][info] GC(3) Archive regions: 2->2
[2024-09-09T03:13:56.126+0800][info] GC(3) Humongous regions: 0->0
[2024-09-09T03:13:56.126+0800][info] GC(3) Metaspace: 614K(768K)->614K(768K) NonClass: 559K(640K)->559K(640K) Class: 54K(128K)->54K(128K)
[2024-09-09T03:13:56.126+0800][info] GC(3) Pause Young (Normal) (G1 Evacuation Pause) 19M->19M(128M) 3.070ms
[2024-09-09T03:13:56.126+0800][info] GC(3) User=0.00s Sys=0.01s Real=0.01s
[2024-09-09T03:13:56.623+0800][info] GC(4) Pause Young (Normal) (G1 Evacuation Pause)
[2024-09-09T03:13:56.623+0800][info] GC(4) Using 3 workers of 48 for evacuation
[2024-09-09T03:13:56.627+0800][info] GC(4)   Pre Evacuate Collection Set: 0.1ms
[2024-09-09T03:13:56.627+0800][info] GC(4)   Merge Heap Roots: 0.0ms
[2024-09-09T03:13:56.627+0800][info] GC(4)   Evacuate Collection Set: 3.1ms
[2024-09-09T03:13:56.627+0800][info] GC(4)   Post Evacuate Collection Set: 0.2ms
[2024-09-09T03:13:56.627+0800][info] GC(4)   Other: 0.2ms
[2024-09-09T03:13:56.627+0800][info] GC(4) Eden regions: 1->0(1)
[2024-09-09T03:13:56.627+0800][info] GC(4) Survivor regions: 1->1(1)
[2024-09-09T03:13:56.627+0800][info] GC(4) Old regions: 3->4
[2024-09-09T03:13:56.627+0800][info] GC(4) Archive regions: 2->2
[2024-09-09T03:13:56.627+0800][info] GC(4) Humongous regions: 0->0
[2024-09-09T03:13:56.627+0800][info] GC(4) Metaspace: 614K(768K)->614K(768K) NonClass: 559K(640K)->559K(640K) Class: 54K(128K)->54K(128K)
[2024-09-09T03:13:56.627+0800][info] GC(4) Pause Young (Normal) (G1 Evacuation Pause) 22M->22M(128M) 3.771ms
[2024-09-09T03:13:56.627+0800][info] GC(4) User=0.01s Sys=0.00s Real=0.01s
[2024-09-09T03:13:57.125+0800][info] GC(5) Pause Young (Normal) (G1 Evacuation Pause)
[2024-09-09T03:13:57.125+0800][info] GC(5) Using 3 workers of 48 for evacuation
[2024-09-09T03:13:57.129+0800][info] GC(5)   Pre Evacuate Collection Set: 0.1ms
[2024-09-09T03:13:57.129+0800][info] GC(5)   Merge Heap Roots: 0.0ms
[2024-09-09T03:13:57.129+0800][info] GC(5)   Evacuate Collection Set: 3.1ms
[2024-09-09T03:13:57.129+0800][info] GC(5)   Post Evacuate Collection Set: 0.2ms
[2024-09-09T03:13:57.129+0800][info] GC(5)   Other: 0.2ms
[2024-09-09T03:13:57.129+0800][info] GC(5) Eden regions: 1->0(2)
[2024-09-09T03:13:57.129+0800][info] GC(5) Survivor regions: 1->1(1)
[2024-09-09T03:13:57.129+0800][info] GC(5) Old regions: 4->5
[2024-09-09T03:13:57.129+0800][info] GC(5) Archive regions: 2->2
[2024-09-09T03:13:57.129+0800][info] GC(5) Humongous regions: 0->0
[2024-09-09T03:13:57.129+0800][info] GC(5) Metaspace: 614K(768K)->614K(768K) NonClass: 560K(640K)->560K(640K) Class: 54K(128K)->54K(128K)
[2024-09-09T03:13:57.129+0800][info] GC(5) Pause Young (Normal) (G1 Evacuation Pause) 26M->26M(128M) 3.876ms
[2024-09-09T03:13:57.129+0800][info] GC(5) User=0.01s Sys=0.01s Real=0.00s
[2024-09-09T03:13:58.134+0800][info] GC(6) Pause Young (Normal) (G1 Evacuation Pause)
[2024-09-09T03:13:58.134+0800][info] GC(6) Using 3 workers of 48 for evacuation
[2024-09-09T03:13:58.139+0800][info] GC(6)   Pre Evacuate Collection Set: 0.0ms
[2024-09-09T03:13:58.139+0800][info] GC(6)   Merge Heap Roots: 0.0ms
[2024-09-09T03:13:58.139+0800][info] GC(6)   Evacuate Collection Set: 4.8ms
[2024-09-09T03:13:58.139+0800][info] GC(6)   Post Evacuate Collection Set: 0.1ms
[2024-09-09T03:13:58.139+0800][info] GC(6)   Other: 0.1ms
[2024-09-09T03:13:58.139+0800][info] GC(6) Eden regions: 2->0(3)
[2024-09-09T03:13:58.139+0800][info] GC(6) Survivor regions: 1->1(1)
[2024-09-09T03:13:58.139+0800][info] GC(6) Old regions: 5->7
[2024-09-09T03:13:58.139+0800][info] GC(6) Archive regions: 2->2
[2024-09-09T03:13:58.139+0800][info] GC(6) Humongous regions: 0->0
[2024-09-09T03:13:58.139+0800][info] GC(6) Metaspace: 614K(768K)->614K(768K) NonClass: 560K(640K)->560K(640K) Class: 54K(128K)->54K(128K)
[2024-09-09T03:13:58.139+0800][info] GC(6) Pause Young (Normal) (G1 Evacuation Pause) 34M->34M(128M) 5.208ms
[2024-09-09T03:13:58.139+0800][info] GC(6) User=0.01s Sys=0.01s Real=0.01s
[2024-09-09T03:13:59.647+0800][info] GC(7) Pause Young (Normal) (G1 Evacuation Pause)
[2024-09-09T03:13:59.647+0800][info] GC(7) Using 3 workers of 48 for evacuation
[2024-09-09T03:13:59.655+0800][info] GC(7)   Pre Evacuate Collection Set: 0.1ms
[2024-09-09T03:13:59.655+0800][info] GC(7)   Merge Heap Roots: 0.0ms
[2024-09-09T03:13:59.655+0800][info] GC(7)   Evacuate Collection Set: 7.8ms
[2024-09-09T03:13:59.655+0800][info] GC(7)   Post Evacuate Collection Set: 0.2ms
[2024-09-09T03:13:59.655+0800][info] GC(7)   Other: 0.2ms
[2024-09-09T03:13:59.655+0800][info] GC(7) Eden regions: 3->0(4)
[2024-09-09T03:13:59.655+0800][info] GC(7) Survivor regions: 1->1(1)
[2024-09-09T03:13:59.655+0800][info] GC(7) Old regions: 7->10
[2024-09-09T03:13:59.655+0800][info] GC(7) Archive regions: 2->2
[2024-09-09T03:13:59.655+0800][info] GC(7) Humongous regions: 0->0
[2024-09-09T03:13:59.655+0800][info] GC(7) Metaspace: 617K(768K)->617K(768K) NonClass: 562K(640K)->562K(640K) Class: 54K(128K)->54K(128K)
[2024-09-09T03:13:59.655+0800][info] GC(7) Pause Young (Normal) (G1 Evacuation Pause) 46M->46M(128M) 8.530ms
[2024-09-09T03:13:59.656+0800][info] GC(7) User=0.00s Sys=0.02s Real=0.00s
[2024-09-09T03:14:01.667+0800][info] GC(8) Pause Young (Concurrent Start) (G1 Evacuation Pause)
[2024-09-09T03:14:01.667+0800][info] GC(8) Using 3 workers of 48 for evacuation
[2024-09-09T03:14:01.678+0800][info] GC(8)   Pre Evacuate Collection Set: 0.0ms
[2024-09-09T03:14:01.678+0800][info] GC(8)   Merge Heap Roots: 0.0ms
[2024-09-09T03:14:01.678+0800][info] GC(8)   Evacuate Collection Set: 9.7ms
[2024-09-09T03:14:01.678+0800][info] GC(8)   Post Evacuate Collection Set: 0.2ms
[2024-09-09T03:14:01.678+0800][info] GC(8)   Other: 0.6ms
[2024-09-09T03:14:01.678+0800][info] GC(8) Eden regions: 4->0(4)
[2024-09-09T03:14:01.678+0800][info] GC(8) Survivor regions: 1->1(1)
[2024-09-09T03:14:01.678+0800][info] GC(8) Old regions: 10->14
[2024-09-09T03:14:01.678+0800][info] GC(8) Archive regions: 2->2
[2024-09-09T03:14:01.678+0800][info] GC(8) Humongous regions: 0->0
[2024-09-09T03:14:01.678+0800][info] GC(8) Metaspace: 617K(768K)->617K(768K) NonClass: 562K(640K)->562K(640K) Class: 54K(128K)->54K(128K)
[2024-09-09T03:14:01.678+0800][info] GC(8) Pause Young (Concurrent Start) (G1 Evacuation Pause) 62M->62M(128M) 10.590ms
[2024-09-09T03:14:01.678+0800][info] GC(8) User=0.01s Sys=0.02s Real=0.01s
[2024-09-09T03:14:01.678+0800][info] GC(9) Concurrent Mark Cycle
[2024-09-09T03:14:01.678+0800][info] GC(9) Concurrent Clear Claimed Marks
[2024-09-09T03:14:01.678+0800][info] GC(9) Concurrent Clear Claimed Marks 0.019ms
[2024-09-09T03:14:01.678+0800][info] GC(9) Concurrent Scan Root Regions
[2024-09-09T03:14:01.679+0800][info] GC(9) Concurrent Scan Root Regions 1.226ms
[2024-09-09T03:14:01.679+0800][info] GC(9) Concurrent Mark
[2024-09-09T03:14:01.679+0800][info] GC(9) Concurrent Mark From Roots
[2024-09-09T03:14:01.680+0800][info] GC(9) Using 12 workers of 12 for marking
[2024-09-09T03:14:01.682+0800][info] GC(9) Concurrent Mark From Roots 3.177ms
[2024-09-09T03:14:01.682+0800][info] GC(9) Concurrent Preclean
[2024-09-09T03:14:01.684+0800][info] GC(9) Concurrent Preclean 1.387ms
[2024-09-09T03:14:01.684+0800][info] GC(9) Pause Remark
[2024-09-09T03:14:01.685+0800][info] GC(9) Pause Remark 63M->47M(128M) 0.787ms
[2024-09-09T03:14:01.685+0800][info] GC(9) User=0.00s Sys=0.00s Real=0.00s
[2024-09-09T03:14:01.685+0800][info] GC(9) Concurrent Mark 5.537ms
[2024-09-09T03:14:01.685+0800][info] GC(9) Concurrent Rebuild Remembered Sets
[2024-09-09T03:14:01.687+0800][info] GC(9) Concurrent Rebuild Remembered Sets 2.531ms
[2024-09-09T03:14:01.687+0800][info] GC(9) Pause Cleanup
[2024-09-09T03:14:01.688+0800][info] GC(9) Pause Cleanup 47M->47M(128M) 0.107ms
[2024-09-09T03:14:01.688+0800][info] GC(9) User=0.00s Sys=0.00s Real=0.00s
[2024-09-09T03:14:01.688+0800][info] GC(9) Concurrent Cleanup for Next Mark
[2024-09-09T03:14:01.689+0800][info] GC(9) Concurrent Cleanup for Next Mark 1.145ms
[2024-09-09T03:14:01.689+0800][info] GC(9) Concurrent Mark Cycle 10.881ms
[2024-09-09T03:14:03.775+0800][info] GC(10) Pause Young (Prepare Mixed) (G1 Evacuation Pause)
[2024-09-09T03:14:03.775+0800][info] GC(10) Using 3 workers of 48 for evacuation
[2024-09-09T03:14:03.779+0800][info] GC(10)   Pre Evacuate Collection Set: 0.0ms
[2024-09-09T03:14:03.779+0800][info] GC(10)   Merge Heap Roots: 0.0ms
[2024-09-09T03:14:03.779+0800][info] GC(10)   Evacuate Collection Set: 2.8ms
[2024-09-09T03:14:03.779+0800][info] GC(10)   Post Evacuate Collection Set: 0.7ms
[2024-09-09T03:14:03.779+0800][info] GC(10)   Other: 0.2ms
[2024-09-09T03:14:03.779+0800][info] GC(10) Eden regions: 4->0(1)
[2024-09-09T03:14:03.779+0800][info] GC(10) Survivor regions: 1->1(1)
[2024-09-09T03:14:03.779+0800][info] GC(10) Old regions: 10->14
[2024-09-09T03:14:03.779+0800][info] GC(10) Archive regions: 2->2
[2024-09-09T03:14:03.779+0800][info] GC(10) Humongous regions: 0->0
[2024-09-09T03:14:03.779+0800][info] GC(10) Metaspace: 714K(832K)->714K(832K) NonClass: 650K(704K)->650K(704K) Class: 64K(128K)->64K(128K)
[2024-09-09T03:14:03.779+0800][info] GC(10) Pause Young (Prepare Mixed) (G1 Evacuation Pause) 62M->62M(128M) 3.875ms
[2024-09-09T03:14:03.779+0800][info] GC(10) User=0.01s Sys=0.00s Real=0.01s
[2024-09-09T03:14:04.277+0800][info] GC(11) Pause Young (Mixed) (G1 Evacuation Pause)
[2024-09-09T03:14:04.277+0800][info] GC(11) Using 3 workers of 48 for evacuation
[2024-09-09T03:14:04.280+0800][info] GC(11)   Pre Evacuate Collection Set: 0.0ms
[2024-09-09T03:14:04.280+0800][info] GC(11)   Merge Heap Roots: 0.0ms
[2024-09-09T03:14:04.280+0800][info] GC(11)   Evacuate Collection Set: 3.3ms
[2024-09-09T03:14:04.280+0800][info] GC(11)   Post Evacuate Collection Set: 0.2ms
[2024-09-09T03:14:04.280+0800][info] GC(11)   Other: 0.1ms
[2024-09-09T03:14:04.280+0800][info] GC(11) Eden regions: 1->0(4)
[2024-09-09T03:14:04.280+0800][info] GC(11) Survivor regions: 1->1(1)
[2024-09-09T03:14:04.280+0800][info] GC(11) Old regions: 14->12
[2024-09-09T03:14:04.280+0800][info] GC(11) Archive regions: 2->2
[2024-09-09T03:14:04.280+0800][info] GC(11) Humongous regions: 0->0
[2024-09-09T03:14:04.280+0800][info] GC(11) Metaspace: 714K(832K)->714K(832K) NonClass: 650K(704K)->650K(704K) Class: 64K(128K)->64K(128K)
[2024-09-09T03:14:04.280+0800][info] GC(11) Pause Young (Mixed) (G1 Evacuation Pause) 66M->52M(128M) 3.770ms
[2024-09-09T03:14:04.280+0800][info] GC(11) User=0.00s Sys=0.01s Real=0.01s
[2024-09-09T03:14:06.290+0800][info] GC(12) Pause Young (Concurrent Start) (G1 Evacuation Pause)
[2024-09-09T03:14:06.290+0800][info] GC(12) Using 3 workers of 48 for evacuation
[2024-09-09T03:14:06.294+0800][info] GC(12)   Pre Evacuate Collection Set: 0.1ms
[2024-09-09T03:14:06.294+0800][info] GC(12)   Merge Heap Roots: 0.0ms
[2024-09-09T03:14:06.294+0800][info] GC(12)   Evacuate Collection Set: 3.5ms
[2024-09-09T03:14:06.294+0800][info] GC(12)   Post Evacuate Collection Set: 0.2ms
[2024-09-09T03:14:06.294+0800][info] GC(12)   Other: 0.3ms
[2024-09-09T03:14:06.294+0800][info] GC(12) Eden regions: 4->0(3)
[2024-09-09T03:14:06.294+0800][info] GC(12) Survivor regions: 1->1(1)
[2024-09-09T03:14:06.294+0800][info] GC(12) Old regions: 12->16
[2024-09-09T03:14:06.294+0800][info] GC(12) Archive regions: 2->2
[2024-09-09T03:14:06.294+0800][info] GC(12) Humongous regions: 0->0
[2024-09-09T03:14:06.294+0800][info] GC(12) Metaspace: 714K(832K)->714K(832K) NonClass: 650K(704K)->650K(704K) Class: 64K(128K)->64K(128K)
[2024-09-09T03:14:06.294+0800][info] GC(12) Pause Young (Concurrent Start) (G1 Evacuation Pause) 68M->68M(128M) 4.283ms
[2024-09-09T03:14:06.294+0800][info] GC(12) User=0.02s Sys=0.00s Real=0.00s
[2024-09-09T03:14:06.294+0800][info] GC(13) Concurrent Mark Cycle
[2024-09-09T03:14:06.294+0800][info] GC(13) Concurrent Clear Claimed Marks
[2024-09-09T03:14:06.294+0800][info] GC(13) Concurrent Clear Claimed Marks 0.021ms
[2024-09-09T03:14:06.294+0800][info] GC(13) Concurrent Scan Root Regions
[2024-09-09T03:14:06.294+0800][info] GC(13) Concurrent Scan Root Regions 0.085ms
[2024-09-09T03:14:06.294+0800][info] GC(13) Concurrent Mark
[2024-09-09T03:14:06.294+0800][info] GC(13) Concurrent Mark From Roots
[2024-09-09T03:14:06.294+0800][info] GC(13) Using 12 workers of 12 for marking
[2024-09-09T03:14:06.297+0800][info] GC(13) Concurrent Mark From Roots 2.485ms
[2024-09-09T03:14:06.297+0800][info] GC(13) Concurrent Preclean
[2024-09-09T03:14:06.298+0800][info] GC(13) Concurrent Preclean 1.712ms
[2024-09-09T03:14:06.299+0800][info] GC(13) Pause Remark
[2024-09-09T03:14:06.300+0800][info] GC(13) Pause Remark 68M->40M(128M) 1.631ms
[2024-09-09T03:14:06.300+0800][info] GC(13) User=0.00s Sys=0.00s Real=0.00s
[2024-09-09T03:14:06.300+0800][info] GC(13) Concurrent Mark 6.054ms
[2024-09-09T03:14:06.300+0800][info] GC(13) Concurrent Rebuild Remembered Sets
[2024-09-09T03:14:06.302+0800][info] GC(13) Concurrent Rebuild Remembered Sets 2.159ms
[2024-09-09T03:14:06.303+0800][info] GC(13) Pause Cleanup
[2024-09-09T03:14:06.303+0800][info] GC(13) Pause Cleanup 40M->40M(128M) 0.195ms
[2024-09-09T03:14:06.303+0800][info] GC(13) User=0.00s Sys=0.00s Real=0.00s
[2024-09-09T03:14:06.303+0800][info] GC(13) Concurrent Cleanup for Next Mark
[2024-09-09T03:14:06.304+0800][info] GC(13) Concurrent Cleanup for Next Mark 1.448ms
[2024-09-09T03:14:06.304+0800][info] GC(13) Concurrent Mark Cycle 10.207ms
[2024-09-09T03:14:07.494+0800][info] GC(14) Pause Young (Prepare Mixed) (G1 Preventive Collection)
[2024-09-09T03:14:07.494+0800][info] GC(14) Using 3 workers of 48 for evacuation
[2024-09-09T03:14:07.496+0800][info] GC(14)   Pre Evacuate Collection Set: 0.1ms
[2024-09-09T03:14:07.496+0800][info] GC(14)   Merge Heap Roots: 0.0ms
[2024-09-09T03:14:07.496+0800][info] GC(14)   Evacuate Collection Set: 1.4ms
[2024-09-09T03:14:07.496+0800][info] GC(14)   Post Evacuate Collection Set: 0.4ms
[2024-09-09T03:14:07.496+0800][info] GC(14)   Other: 0.2ms
[2024-09-09T03:14:07.496+0800][info] GC(14) Eden regions: 2->0(1)
[2024-09-09T03:14:07.496+0800][info] GC(14) Survivor regions: 1->1(1)
[2024-09-09T03:14:07.496+0800][info] GC(14) Old regions: 9->11
[2024-09-09T03:14:07.496+0800][info] GC(14) Archive regions: 2->2
[2024-09-09T03:14:07.496+0800][info] GC(14) Humongous regions: 12->12
[2024-09-09T03:14:07.496+0800][info] GC(14) Metaspace: 724K(896K)->724K(896K) NonClass: 660K(768K)->660K(768K) Class: 64K(128K)->64K(128K)
[2024-09-09T03:14:07.496+0800][info] GC(14) Pause Young (Prepare Mixed) (G1 Preventive Collection) 96M->96M(128M) 2.252ms
[2024-09-09T03:14:07.496+0800][info] GC(14) User=0.00s Sys=0.00s Real=0.00s
[2024-09-09T03:14:07.496+0800][info] Attempting full compaction
[2024-09-09T03:14:07.496+0800][info] GC(15) Using 1 workers of 48 for full compaction
[2024-09-09T03:14:07.496+0800][info] GC(15) Pause Full (G1 Compaction Pause)
[2024-09-09T03:14:07.496+0800][info] GC(15) Phase 1: Mark live objects
[2024-09-09T03:14:07.499+0800][info] GC(15) Phase 1: Mark live objects 2.776ms
[2024-09-09T03:14:07.499+0800][info] GC(15) Phase 2: Prepare for compaction
[2024-09-09T03:14:07.500+0800][info] GC(15) Phase 2: Prepare for compaction 0.669ms
[2024-09-09T03:14:07.500+0800][info] GC(15) Phase 3: Adjust pointers
[2024-09-09T03:14:07.502+0800][info] GC(15) Phase 3: Adjust pointers 2.348ms
[2024-09-09T03:14:07.502+0800][info] GC(15) Phase 4: Compact heap
[2024-09-09T03:14:07.503+0800][info] GC(15) Phase 4: Compact heap 0.639ms
[2024-09-09T03:14:07.503+0800][info] GC(15) Eden regions: 0->0(4)
[2024-09-09T03:14:07.503+0800][info] GC(15) Survivor regions: 1->0(1)
[2024-09-09T03:14:07.503+0800][info] GC(15) Old regions: 11->1
[2024-09-09T03:14:07.503+0800][info] GC(15) Archive regions: 2->2
[2024-09-09T03:14:07.503+0800][info] GC(15) Humongous regions: 12->12
[2024-09-09T03:14:07.503+0800][info] GC(15) Metaspace: 724K(896K)->724K(896K) NonClass: 660K(768K)->660K(768K) Class: 64K(128K)->64K(128K)
[2024-09-09T03:14:07.503+0800][info] GC(15) Pause Full (G1 Compaction Pause) 96M->52M(128M) 7.293ms
[2024-09-09T03:14:07.504+0800][info] GC(15) User=0.01s Sys=0.00s Real=0.01s
[2024-09-09T03:14:07.526+0800][info] GC(16) Pause Young (Concurrent Start) (G1 Humongous Allocation)
[2024-09-09T03:14:07.526+0800][info] GC(16) Using 3 workers of 48 for evacuation
[2024-09-09T03:14:07.527+0800][info] GC(16)   Pre Evacuate Collection Set: 0.0ms
[2024-09-09T03:14:07.527+0800][info] GC(16)   Merge Heap Roots: 0.0ms
[2024-09-09T03:14:07.527+0800][info] GC(16)   Evacuate Collection Set: 0.2ms
[2024-09-09T03:14:07.527+0800][info] GC(16)   Post Evacuate Collection Set: 0.1ms
[2024-09-09T03:14:07.527+0800][info] GC(16)   Other: 0.2ms
[2024-09-09T03:14:07.527+0800][info] GC(16) Eden regions: 1->0(1)
[2024-09-09T03:14:07.527+0800][info] GC(16) Survivor regions: 0->1(1)
[2024-09-09T03:14:07.527+0800][info] GC(16) Old regions: 1->1
[2024-09-09T03:14:07.527+0800][info] GC(16) Archive regions: 2->2
[2024-09-09T03:14:07.527+0800][info] GC(16) Humongous regions: 16->16
[2024-09-09T03:14:07.527+0800][info] GC(16) Metaspace: 724K(896K)->724K(896K) NonClass: 660K(768K)->660K(768K) Class: 64K(128K)->64K(128K)
[2024-09-09T03:14:07.527+0800][info] GC(16) Pause Young (Concurrent Start) (G1 Humongous Allocation) 69M->68M(128M) 0.730ms
[2024-09-09T03:14:07.527+0800][info] GC(16) User=0.00s Sys=0.00s Real=0.00s
[2024-09-09T03:14:07.527+0800][info] GC(17) Concurrent Mark Cycle
[2024-09-09T03:14:07.527+0800][info] GC(17) Concurrent Clear Claimed Marks
[2024-09-09T03:14:07.527+0800][info] GC(17) Concurrent Clear Claimed Marks 0.019ms
[2024-09-09T03:14:07.527+0800][info] GC(17) Concurrent Scan Root Regions
[2024-09-09T03:14:07.527+0800][info] GC(17) Concurrent Scan Root Regions 0.064ms
[2024-09-09T03:14:07.527+0800][info] GC(17) Concurrent Mark
[2024-09-09T03:14:07.527+0800][info] GC(17) Concurrent Mark From Roots
[2024-09-09T03:14:07.527+0800][info] GC(17) Using 12 workers of 12 for marking
[2024-09-09T03:14:07.529+0800][info] GC(17) Concurrent Mark From Roots 1.935ms
[2024-09-09T03:14:07.529+0800][info] GC(17) Concurrent Preclean
[2024-09-09T03:14:07.531+0800][info] GC(17) Concurrent Preclean 1.889ms
[2024-09-09T03:14:07.531+0800][info] GC(17) Pause Remark
[2024-09-09T03:14:07.532+0800][info] GC(17) Pause Remark 85M->69M(128M) 0.861ms
[2024-09-09T03:14:07.532+0800][info] GC(17) User=0.00s Sys=0.00s Real=0.00s
[2024-09-09T03:14:07.532+0800][info] GC(17) Concurrent Mark 4.877ms
[2024-09-09T03:14:07.532+0800][info] GC(17) Concurrent Rebuild Remembered Sets
[2024-09-09T03:14:07.537+0800][info] GC(17) Concurrent Rebuild Remembered Sets 5.214ms
[2024-09-09T03:14:07.537+0800][info] GC(17) Pause Cleanup
[2024-09-09T03:14:07.538+0800][info] GC(17) Pause Cleanup 69M->69M(128M) 0.457ms
[2024-09-09T03:14:07.538+0800][info] GC(17) User=0.00s Sys=0.00s Real=0.00s
[2024-09-09T03:14:07.538+0800][info] GC(17) Concurrent Cleanup for Next Mark
[2024-09-09T03:14:07.538+0800][info] GC(17) Concurrent Cleanup for Next Mark 0.250ms
[2024-09-09T03:14:07.538+0800][info] GC(17) Concurrent Mark Cycle 11.171ms
[2024-09-09T03:14:08.147+0800][info] GC(18) Pause Young (Prepare Mixed) (G1 Humongous Allocation)
[2024-09-09T03:14:08.147+0800][info] GC(18) Using 3 workers of 48 for evacuation
[2024-09-09T03:14:08.148+0800][info] GC(18)   Pre Evacuate Collection Set: 0.1ms
[2024-09-09T03:14:08.148+0800][info] GC(18)   Merge Heap Roots: 0.0ms
[2024-09-09T03:14:08.148+0800][info] GC(18)   Evacuate Collection Set: 0.1ms
[2024-09-09T03:14:08.148+0800][info] GC(18)   Post Evacuate Collection Set: 0.1ms
[2024-09-09T03:14:08.148+0800][info] GC(18)   Other: 0.2ms
[2024-09-09T03:14:08.148+0800][info] GC(18) Eden regions: 1->0(1)
[2024-09-09T03:14:08.148+0800][info] GC(18) Survivor regions: 1->1(1)
[2024-09-09T03:14:08.148+0800][info] GC(18) Old regions: 1->1
[2024-09-09T03:14:08.148+0800][info] GC(18) Archive regions: 2->2
[2024-09-09T03:14:08.148+0800][info] GC(18) Humongous regions: 24->24
[2024-09-09T03:14:08.148+0800][info] GC(18) Metaspace: 731K(896K)->731K(896K) NonClass: 666K(768K)->666K(768K) Class: 64K(128K)->64K(128K)
[2024-09-09T03:14:08.148+0800][info] GC(18) Pause Young (Prepare Mixed) (G1 Humongous Allocation) 101M->100M(128M) 0.765ms
[2024-09-09T03:14:08.148+0800][info] GC(18) User=0.00s Sys=0.00s Real=0.00s
[2024-09-09T03:14:08.148+0800][info] Attempting full compaction
[2024-09-09T03:14:08.148+0800][info] GC(19) Using 1 workers of 48 for full compaction
[2024-09-09T03:14:08.148+0800][info] GC(19) Pause Full (G1 Compaction Pause)
[2024-09-09T03:14:08.148+0800][info] GC(19) Phase 1: Mark live objects
[2024-09-09T03:14:08.151+0800][info] GC(19) Phase 1: Mark live objects 3.068ms
[2024-09-09T03:14:08.151+0800][info] GC(19) Phase 2: Prepare for compaction
[2024-09-09T03:14:08.152+0800][info] GC(19) Phase 2: Prepare for compaction 0.439ms
[2024-09-09T03:14:08.152+0800][info] GC(19) Phase 3: Adjust pointers
[2024-09-09T03:14:08.154+0800][info] GC(19) Phase 3: Adjust pointers 2.195ms
[2024-09-09T03:14:08.154+0800][info] GC(19) Phase 4: Compact heap
[2024-09-09T03:14:08.154+0800][info] GC(19) Phase 4: Compact heap 0.499ms
[2024-09-09T03:14:08.155+0800][info] GC(19) Eden regions: 0->0(1)
[2024-09-09T03:14:08.155+0800][info] GC(19) Survivor regions: 1->0(1)
[2024-09-09T03:14:08.155+0800][info] GC(19) Old regions: 1->1
[2024-09-09T03:14:08.155+0800][info] GC(19) Archive regions: 2->2
[2024-09-09T03:14:08.155+0800][info] GC(19) Humongous regions: 24->12
[2024-09-09T03:14:08.155+0800][info] GC(19) Metaspace: 731K(896K)->731K(896K) NonClass: 666K(768K)->666K(768K) Class: 64K(128K)->64K(128K)
[2024-09-09T03:14:08.155+0800][info] GC(19) Pause Full (G1 Compaction Pause) 100M->52M(128M) 7.190ms
[2024-09-09T03:14:08.155+0800][info] GC(19) User=0.01s Sys=0.00s Real=0.00s
[2024-09-09T03:14:08.178+0800][info] GC(20) Pause Young (Concurrent Start) (G1 Humongous Allocation)
[2024-09-09T03:14:08.178+0800][info] GC(20) Using 3 workers of 48 for evacuation
[2024-09-09T03:14:08.178+0800][info] GC(20)   Pre Evacuate Collection Set: 0.0ms
[2024-09-09T03:14:08.178+0800][info] GC(20)   Merge Heap Roots: 0.0ms
[2024-09-09T03:14:08.178+0800][info] GC(20)   Evacuate Collection Set: 0.2ms
[2024-09-09T03:14:08.178+0800][info] GC(20)   Post Evacuate Collection Set: 0.1ms
[2024-09-09T03:14:08.178+0800][info] GC(20)   Other: 0.3ms
[2024-09-09T03:14:08.178+0800][info] GC(20) Eden regions: 1->0(1)
[2024-09-09T03:14:08.178+0800][info] GC(20) Survivor regions: 0->1(1)
[2024-09-09T03:14:08.178+0800][info] GC(20) Old regions: 1->1
[2024-09-09T03:14:08.178+0800][info] GC(20) Archive regions: 2->2
[2024-09-09T03:14:08.178+0800][info] GC(20) Humongous regions: 16->16
[2024-09-09T03:14:08.178+0800][info] GC(20) Metaspace: 731K(896K)->731K(896K) NonClass: 666K(768K)->666K(768K) Class: 64K(128K)->64K(128K)
[2024-09-09T03:14:08.179+0800][info] GC(20) Pause Young (Concurrent Start) (G1 Humongous Allocation) 69M->68M(128M) 0.713ms
[2024-09-09T03:14:08.179+0800][info] GC(20) User=0.00s Sys=0.00s Real=0.00s
[2024-09-09T03:14:08.179+0800][info] GC(21) Concurrent Mark Cycle
[2024-09-09T03:14:08.179+0800][info] GC(21) Concurrent Clear Claimed Marks
[2024-09-09T03:14:08.179+0800][info] GC(21) Concurrent Clear Claimed Marks 0.020ms
[2024-09-09T03:14:08.179+0800][info] GC(21) Concurrent Scan Root Regions
[2024-09-09T03:14:08.179+0800][info] GC(21) Concurrent Scan Root Regions 0.077ms
[2024-09-09T03:14:08.179+0800][info] GC(21) Concurrent Mark
[2024-09-09T03:14:08.179+0800][info] GC(21) Concurrent Mark From Roots
[2024-09-09T03:14:08.179+0800][info] GC(21) Using 12 workers of 12 for marking
[2024-09-09T03:14:08.181+0800][info] GC(21) Concurrent Mark From Roots 1.935ms
[2024-09-09T03:14:08.181+0800][info] GC(21) Concurrent Preclean
[2024-09-09T03:14:08.182+0800][info] GC(21) Concurrent Preclean 1.681ms
[2024-09-09T03:14:08.182+0800][info] GC(21) Pause Remark
[2024-09-09T03:14:08.183+0800][info] GC(21) Pause Remark 85M->69M(128M) 0.922ms
[2024-09-09T03:14:08.183+0800][info] GC(21) User=0.01s Sys=0.00s Real=0.00s
[2024-09-09T03:14:08.183+0800][info] GC(21) Concurrent Mark 4.691ms
[2024-09-09T03:14:08.183+0800][info] GC(21) Concurrent Rebuild Remembered Sets
[2024-09-09T03:14:08.187+0800][info] GC(21) Concurrent Rebuild Remembered Sets 3.985ms
[2024-09-09T03:14:08.188+0800][info] GC(21) Pause Cleanup
[2024-09-09T03:14:08.188+0800][info] GC(21) Pause Cleanup 69M->69M(128M) 0.419ms
[2024-09-09T03:14:08.188+0800][info] GC(21) User=0.00s Sys=0.00s Real=0.00s
[2024-09-09T03:14:08.188+0800][info] GC(21) Concurrent Cleanup for Next Mark
[2024-09-09T03:14:08.188+0800][info] GC(21) Concurrent Cleanup for Next Mark 0.214ms
[2024-09-09T03:14:08.188+0800][info] GC(21) Concurrent Mark Cycle 9.691ms
[2024-09-09T03:14:09.261+0800][info] GC(22) Pause Young (Prepare Mixed) (G1 Evacuation Pause)
[2024-09-09T03:14:09.262+0800][info] GC(22) Using 3 workers of 48 for evacuation
[2024-09-09T03:14:09.265+0800][info] GC(22)   Pre Evacuate Collection Set: 0.1ms
[2024-09-09T03:14:09.265+0800][info] GC(22)   Merge Heap Roots: 0.1ms
[2024-09-09T03:14:09.265+0800][info] GC(22)   Evacuate Collection Set: 2.6ms
[2024-09-09T03:14:09.265+0800][info] GC(22)   Post Evacuate Collection Set: 0.2ms
[2024-09-09T03:14:09.265+0800][info] GC(22)   Other: 0.2ms
[2024-09-09T03:14:09.265+0800][info] GC(22) Eden regions: 1->0(1)
[2024-09-09T03:14:09.265+0800][info] GC(22) Survivor regions: 1->1(1)
[2024-09-09T03:14:09.265+0800][info] GC(22) Old regions: 1->1
[2024-09-09T03:14:09.265+0800][info] GC(22) Archive regions: 2->2
[2024-09-09T03:14:09.265+0800][info] GC(22) Humongous regions: 16->16
[2024-09-09T03:14:09.265+0800][info] GC(22) Metaspace: 735K(896K)->735K(896K) NonClass: 671K(768K)->671K(768K) Class: 64K(128K)->64K(128K)
[2024-09-09T03:14:09.265+0800][info] GC(22) Pause Young (Prepare Mixed) (G1 Evacuation Pause) 72M->72M(128M) 3.235ms
[2024-09-09T03:14:09.265+0800][info] GC(22) User=0.00s Sys=0.01s Real=0.01s
[2024-09-09T03:14:09.763+0800][info] GC(23) Pause Young (Mixed) (G1 Evacuation Pause)
[2024-09-09T03:14:09.763+0800][info] GC(23) Using 3 workers of 48 for evacuation
[2024-09-09T03:14:09.766+0800][info] GC(23)   Pre Evacuate Collection Set: 0.1ms
[2024-09-09T03:14:09.766+0800][info] GC(23)   Merge Heap Roots: 0.0ms
[2024-09-09T03:14:09.766+0800][info] GC(23)   Evacuate Collection Set: 2.6ms
[2024-09-09T03:14:09.766+0800][info] GC(23)   Post Evacuate Collection Set: 0.2ms
[2024-09-09T03:14:09.766+0800][info] GC(23)   Other: 0.2ms
[2024-09-09T03:14:09.766+0800][info] GC(23) Eden regions: 1->0(1)
[2024-09-09T03:14:09.766+0800][info] GC(23) Survivor regions: 1->1(1)
[2024-09-09T03:14:09.766+0800][info] GC(23) Old regions: 1->2
[2024-09-09T03:14:09.766+0800][info] GC(23) Archive regions: 2->2
[2024-09-09T03:14:09.766+0800][info] GC(23) Humongous regions: 16->0
[2024-09-09T03:14:09.766+0800][info] GC(23) Metaspace: 735K(896K)->735K(896K) NonClass: 671K(768K)->671K(768K) Class: 64K(128K)->64K(128K)
[2024-09-09T03:14:09.766+0800][info] GC(23) Pause Young (Mixed) (G1 Evacuation Pause) 76M->12M(128M) 3.288ms
[2024-09-09T03:14:09.766+0800][info] GC(23) User=0.01s Sys=0.00s Real=0.01s
[2024-09-09T03:14:10.266+0800][info] GC(24) Pause Young (Normal) (G1 Evacuation Pause)
[2024-09-09T03:14:10.266+0800][info] GC(24) Using 3 workers of 48 for evacuation
[2024-09-09T03:14:10.267+0800][info] GC(24)   Pre Evacuate Collection Set: 0.1ms
[2024-09-09T03:14:10.267+0800][info] GC(24)   Merge Heap Roots: 0.0ms
[2024-09-09T03:14:10.267+0800][info] GC(24)   Evacuate Collection Set: 1.1ms
[2024-09-09T03:14:10.267+0800][info] GC(24)   Post Evacuate Collection Set: 0.2ms
[2024-09-09T03:14:10.267+0800][info] GC(24)   Other: 0.2ms
[2024-09-09T03:14:10.267+0800][info] GC(24) Eden regions: 1->0(1)
[2024-09-09T03:14:10.267+0800][info] GC(24) Survivor regions: 1->1(1)
[2024-09-09T03:14:10.267+0800][info] GC(24) Old regions: 2->3
[2024-09-09T03:14:10.267+0800][info] GC(24) Archive regions: 2->2
[2024-09-09T03:14:10.267+0800][info] GC(24) Humongous regions: 0->0
[2024-09-09T03:14:10.267+0800][info] GC(24) Metaspace: 735K(896K)->735K(896K) NonClass: 671K(768K)->671K(768K) Class: 64K(128K)->64K(128K)
[2024-09-09T03:14:10.267+0800][info] GC(24) Pause Young (Normal) (G1 Evacuation Pause) 16M->16M(128M) 1.626ms
[2024-09-09T03:14:10.267+0800][info] GC(24) User=0.00s Sys=0.00s Real=0.00s
[2024-09-09T03:14:10.766+0800][info] GC(25) Pause Young (Normal) (G1 Evacuation Pause)
[2024-09-09T03:14:10.766+0800][info] GC(25) Using 3 workers of 48 for evacuation
[2024-09-09T03:14:10.767+0800][info] GC(25)   Pre Evacuate Collection Set: 0.0ms
[2024-09-09T03:14:10.767+0800][info] GC(25)   Merge Heap Roots: 0.0ms
[2024-09-09T03:14:10.767+0800][info] GC(25)   Evacuate Collection Set: 1.0ms
[2024-09-09T03:14:10.767+0800][info] GC(25)   Post Evacuate Collection Set: 0.2ms
[2024-09-09T03:14:10.767+0800][info] GC(25)   Other: 0.2ms
[2024-09-09T03:14:10.767+0800][info] GC(25) Eden regions: 1->0(1)
[2024-09-09T03:14:10.767+0800][info] GC(25) Survivor regions: 1->1(1)
[2024-09-09T03:14:10.767+0800][info] GC(25) Old regions: 3->4
[2024-09-09T03:14:10.767+0800][info] GC(25) Archive regions: 2->2
[2024-09-09T03:14:10.767+0800][info] GC(25) Humongous regions: 0->0
[2024-09-09T03:14:10.767+0800][info] GC(25) Metaspace: 735K(896K)->735K(896K) NonClass: 671K(768K)->671K(768K) Class: 64K(128K)->64K(128K)
[2024-09-09T03:14:10.767+0800][info] GC(25) Pause Young (Normal) (G1 Evacuation Pause) 20M->20M(128M) 1.510ms
[2024-09-09T03:14:10.767+0800][info] GC(25) User=0.00s Sys=0.00s Real=0.00s
[2024-09-09T03:14:11.265+0800][info] GC(26) Pause Young (Normal) (G1 Evacuation Pause)
[2024-09-09T03:14:11.265+0800][info] GC(26) Using 3 workers of 48 for evacuation
[2024-09-09T03:14:11.267+0800][info] GC(26)   Pre Evacuate Collection Set: 0.0ms
[2024-09-09T03:14:11.267+0800][info] GC(26)   Merge Heap Roots: 0.0ms
[2024-09-09T03:14:11.267+0800][info] GC(26)   Evacuate Collection Set: 1.0ms
[2024-09-09T03:14:11.267+0800][info] GC(26)   Post Evacuate Collection Set: 0.2ms
[2024-09-09T03:14:11.267+0800][info] GC(26)   Other: 0.1ms
[2024-09-09T03:14:11.267+0800][info] GC(26) Eden regions: 1->0(1)
[2024-09-09T03:14:11.267+0800][info] GC(26) Survivor regions: 1->1(1)
[2024-09-09T03:14:11.267+0800][info] GC(26) Old regions: 4->5
[2024-09-09T03:14:11.267+0800][info] GC(26) Archive regions: 2->2
[2024-09-09T03:14:11.267+0800][info] GC(26) Humongous regions: 0->0
[2024-09-09T03:14:11.267+0800][info] GC(26) Metaspace: 735K(896K)->735K(896K) NonClass: 671K(768K)->671K(768K) Class: 64K(128K)->64K(128K)
[2024-09-09T03:14:11.267+0800][info] GC(26) Pause Young (Normal) (G1 Evacuation Pause) 24M->24M(128M) 1.514ms
[2024-09-09T03:14:11.267+0800][info] GC(26) User=0.00s Sys=0.00s Real=0.00s
[2024-09-09T03:14:11.766+0800][info] GC(27) Pause Young (Normal) (G1 Evacuation Pause)
[2024-09-09T03:14:11.766+0800][info] GC(27) Using 3 workers of 48 for evacuation
[2024-09-09T03:14:11.767+0800][info] GC(27)   Pre Evacuate Collection Set: 0.0ms
[2024-09-09T03:14:11.767+0800][info] GC(27)   Merge Heap Roots: 0.0ms
[2024-09-09T03:14:11.767+0800][info] GC(27)   Evacuate Collection Set: 1.0ms
[2024-09-09T03:14:11.767+0800][info] GC(27)   Post Evacuate Collection Set: 0.2ms
[2024-09-09T03:14:11.767+0800][info] GC(27)   Other: 0.1ms
[2024-09-09T03:14:11.767+0800][info] GC(27) Eden regions: 1->0(1)
[2024-09-09T03:14:11.767+0800][info] GC(27) Survivor regions: 1->1(1)
[2024-09-09T03:14:11.767+0800][info] GC(27) Old regions: 5->6
[2024-09-09T03:14:11.767+0800][info] GC(27) Archive regions: 2->2
[2024-09-09T03:14:11.767+0800][info] GC(27) Humongous regions: 0->0
[2024-09-09T03:14:11.767+0800][info] GC(27) Metaspace: 735K(896K)->735K(896K) NonClass: 671K(768K)->671K(768K) Class: 64K(128K)->64K(128K)
[2024-09-09T03:14:11.767+0800][info] GC(27) Pause Young (Normal) (G1 Evacuation Pause) 28M->28M(128M) 1.539ms
[2024-09-09T03:14:11.767+0800][info] GC(27) User=0.01s Sys=0.00s Real=0.00s
[2024-09-09T03:14:12.265+0800][info] GC(28) Pause Young (Normal) (G1 Evacuation Pause)
[2024-09-09T03:14:12.266+0800][info] GC(28) Using 3 workers of 48 for evacuation
[2024-09-09T03:14:12.267+0800][info] GC(28)   Pre Evacuate Collection Set: 0.1ms
[2024-09-09T03:14:12.267+0800][info] GC(28)   Merge Heap Roots: 0.0ms
[2024-09-09T03:14:12.267+0800][info] GC(28)   Evacuate Collection Set: 1.2ms
[2024-09-09T03:14:12.267+0800][info] GC(28)   Post Evacuate Collection Set: 0.2ms
[2024-09-09T03:14:12.267+0800][info] GC(28)   Other: 0.2ms
[2024-09-09T03:14:12.267+0800][info] GC(28) Eden regions: 1->0(1)
[2024-09-09T03:14:12.267+0800][info] GC(28) Survivor regions: 1->1(1)
[2024-09-09T03:14:12.267+0800][info] GC(28) Old regions: 6->7
[2024-09-09T03:14:12.267+0800][info] GC(28) Archive regions: 2->2
[2024-09-09T03:14:12.267+0800][info] GC(28) Humongous regions: 0->0
[2024-09-09T03:14:12.267+0800][info] GC(28) Metaspace: 735K(896K)->735K(896K) NonClass: 671K(768K)->671K(768K) Class: 64K(128K)->64K(128K)
[2024-09-09T03:14:12.267+0800][info] GC(28) Pause Young (Normal) (G1 Evacuation Pause) 32M->32M(128M) 1.739ms
[2024-09-09T03:14:12.267+0800][info] GC(28) User=0.00s Sys=0.00s Real=0.00s
[2024-09-09T03:14:12.766+0800][info] GC(29) Pause Young (Normal) (G1 Evacuation Pause)
[2024-09-09T03:14:12.766+0800][info] GC(29) Using 3 workers of 48 for evacuation
[2024-09-09T03:14:12.768+0800][info] GC(29)   Pre Evacuate Collection Set: 0.0ms
[2024-09-09T03:14:12.768+0800][info] GC(29)   Merge Heap Roots: 0.0ms
[2024-09-09T03:14:12.768+0800][info] GC(29)   Evacuate Collection Set: 1.0ms
[2024-09-09T03:14:12.768+0800][info] GC(29)   Post Evacuate Collection Set: 0.1ms
[2024-09-09T03:14:12.768+0800][info] GC(29)   Other: 0.1ms
[2024-09-09T03:14:12.768+0800][info] GC(29) Eden regions: 1->0(1)
[2024-09-09T03:14:12.768+0800][info] GC(29) Survivor regions: 1->1(1)
[2024-09-09T03:14:12.768+0800][info] GC(29) Old regions: 7->8
[2024-09-09T03:14:12.768+0800][info] GC(29) Archive regions: 2->2
[2024-09-09T03:14:12.768+0800][info] GC(29) Humongous regions: 0->0
[2024-09-09T03:14:12.768+0800][info] GC(29) Metaspace: 735K(896K)->735K(896K) NonClass: 671K(768K)->671K(768K) Class: 64K(128K)->64K(128K)
[2024-09-09T03:14:12.768+0800][info] GC(29) Pause Young (Normal) (G1 Evacuation Pause) 36M->36M(128M) 1.296ms
[2024-09-09T03:14:12.768+0800][info] GC(29) User=0.01s Sys=0.01s Real=0.00s
[2024-09-09T03:14:13.266+0800][info] GC(30) Pause Young (Normal) (G1 Evacuation Pause)
[2024-09-09T03:14:13.267+0800][info] GC(30) Using 3 workers of 48 for evacuation
[2024-09-09T03:14:13.268+0800][info] GC(30)   Pre Evacuate Collection Set: 0.0ms
[2024-09-09T03:14:13.268+0800][info] GC(30)   Merge Heap Roots: 0.0ms
[2024-09-09T03:14:13.268+0800][info] GC(30)   Evacuate Collection Set: 1.1ms
[2024-09-09T03:14:13.268+0800][info] GC(30)   Post Evacuate Collection Set: 0.2ms
[2024-09-09T03:14:13.268+0800][info] GC(30)   Other: 0.2ms
[2024-09-09T03:14:13.268+0800][info] GC(30) Eden regions: 1->0(1)
[2024-09-09T03:14:13.268+0800][info] GC(30) Survivor regions: 1->1(1)
[2024-09-09T03:14:13.268+0800][info] GC(30) Old regions: 8->9
[2024-09-09T03:14:13.268+0800][info] GC(30) Archive regions: 2->2
[2024-09-09T03:14:13.268+0800][info] GC(30) Humongous regions: 0->0
[2024-09-09T03:14:13.268+0800][info] GC(30) Metaspace: 735K(896K)->735K(896K) NonClass: 671K(768K)->671K(768K) Class: 64K(128K)->64K(128K)
[2024-09-09T03:14:13.268+0800][info] GC(30) Pause Young (Normal) (G1 Evacuation Pause) 40M->40M(128M) 1.662ms
[2024-09-09T03:14:13.268+0800][info] GC(30) User=0.00s Sys=0.00s Real=0.00s
[2024-09-09T03:14:13.767+0800][info] GC(31) Pause Young (Normal) (G1 Evacuation Pause)
[2024-09-09T03:14:13.767+0800][info] GC(31) Using 3 workers of 48 for evacuation
[2024-09-09T03:14:13.769+0800][info] GC(31)   Pre Evacuate Collection Set: 0.1ms
[2024-09-09T03:14:13.769+0800][info] GC(31)   Merge Heap Roots: 0.0ms
[2024-09-09T03:14:13.769+0800][info] GC(31)   Evacuate Collection Set: 1.0ms
[2024-09-09T03:14:13.769+0800][info] GC(31)   Post Evacuate Collection Set: 0.2ms
[2024-09-09T03:14:13.769+0800][info] GC(31)   Other: 0.2ms
[2024-09-09T03:14:13.769+0800][info] GC(31) Eden regions: 1->0(1)
[2024-09-09T03:14:13.769+0800][info] GC(31) Survivor regions: 1->1(1)
[2024-09-09T03:14:13.769+0800][info] GC(31) Old regions: 9->10
[2024-09-09T03:14:13.769+0800][info] GC(31) Archive regions: 2->2
[2024-09-09T03:14:13.769+0800][info] GC(31) Humongous regions: 0->0
[2024-09-09T03:14:13.769+0800][info] GC(31) Metaspace: 735K(896K)->735K(896K) NonClass: 671K(768K)->671K(768K) Class: 64K(128K)->64K(128K)
[2024-09-09T03:14:13.769+0800][info] GC(31) Pause Young (Normal) (G1 Evacuation Pause) 44M->44M(128M) 1.648ms
[2024-09-09T03:14:13.769+0800][info] GC(31) User=0.00s Sys=0.00s Real=0.00s
[2024-09-09T03:14:14.268+0800][info] GC(32) Pause Young (Concurrent Start) (G1 Evacuation Pause)
[2024-09-09T03:14:14.268+0800][info] GC(32) Using 3 workers of 48 for evacuation
[2024-09-09T03:14:14.270+0800][info] GC(32)   Pre Evacuate Collection Set: 0.1ms
[2024-09-09T03:14:14.270+0800][info] GC(32)   Merge Heap Roots: 0.0ms
[2024-09-09T03:14:14.270+0800][info] GC(32)   Evacuate Collection Set: 1.1ms
[2024-09-09T03:14:14.270+0800][info] GC(32)   Post Evacuate Collection Set: 0.2ms
[2024-09-09T03:14:14.270+0800][info] GC(32)   Other: 0.3ms
[2024-09-09T03:14:14.270+0800][info] GC(32) Eden regions: 1->0(1)
[2024-09-09T03:14:14.270+0800][info] GC(32) Survivor regions: 1->1(1)
[2024-09-09T03:14:14.270+0800][info] GC(32) Old regions: 10->11
[2024-09-09T03:14:14.270+0800][info] GC(32) Archive regions: 2->2
[2024-09-09T03:14:14.270+0800][info] GC(32) Humongous regions: 0->0
[2024-09-09T03:14:14.270+0800][info] GC(32) Metaspace: 735K(896K)->735K(896K) NonClass: 671K(768K)->671K(768K) Class: 64K(128K)->64K(128K)
[2024-09-09T03:14:14.270+0800][info] GC(32) Pause Young (Concurrent Start) (G1 Evacuation Pause) 48M->48M(128M) 1.766ms
[2024-09-09T03:14:14.270+0800][info] GC(32) User=0.00s Sys=0.00s Real=0.00s
[2024-09-09T03:14:14.270+0800][info] GC(33) Concurrent Mark Cycle
[2024-09-09T03:14:14.270+0800][info] GC(33) Concurrent Clear Claimed Marks
[2024-09-09T03:14:14.270+0800][info] GC(33) Concurrent Clear Claimed Marks 0.022ms
[2024-09-09T03:14:14.270+0800][info] GC(33) Concurrent Scan Root Regions
[2024-09-09T03:14:14.270+0800][info] GC(33) Concurrent Scan Root Regions 0.107ms
[2024-09-09T03:14:14.270+0800][info] GC(33) Concurrent Mark
[2024-09-09T03:14:14.270+0800][info] GC(33) Concurrent Mark From Roots
[2024-09-09T03:14:14.270+0800][info] GC(33) Using 12 workers of 12 for marking
[2024-09-09T03:14:14.272+0800][info] GC(33) Concurrent Mark From Roots 2.087ms
[2024-09-09T03:14:14.272+0800][info] GC(33) Concurrent Preclean
[2024-09-09T03:14:14.274+0800][info] GC(33) Concurrent Preclean 1.670ms
[2024-09-09T03:14:14.274+0800][info] GC(33) Pause Remark
[2024-09-09T03:14:14.275+0800][info] GC(33) Pause Remark 48M->36M(128M) 0.942ms
[2024-09-09T03:14:14.275+0800][info] GC(33) User=0.00s Sys=0.00s Real=0.00s
[2024-09-09T03:14:14.275+0800][info] GC(33) Concurrent Mark 4.874ms
[2024-09-09T03:14:14.275+0800][info] GC(33) Concurrent Rebuild Remembered Sets
[2024-09-09T03:14:14.277+0800][info] GC(33) Concurrent Rebuild Remembered Sets 1.905ms
[2024-09-09T03:14:14.277+0800][info] GC(33) Pause Cleanup
[2024-09-09T03:14:14.277+0800][info] GC(33) Pause Cleanup 36M->36M(128M) 0.197ms
[2024-09-09T03:14:14.277+0800][info] GC(33) User=0.00s Sys=0.00s Real=0.00s
[2024-09-09T03:14:14.278+0800][info] GC(33) Concurrent Cleanup for Next Mark
[2024-09-09T03:14:14.278+0800][info] GC(33) Concurrent Cleanup for Next Mark 0.265ms
[2024-09-09T03:14:14.278+0800][info] GC(33) Concurrent Mark Cycle 7.665ms
[2024-09-09T03:14:14.922+0800][info] GC(34) Pause Young (Prepare Mixed) (G1 Evacuation Pause)
[2024-09-09T03:14:14.922+0800][info] GC(34) Using 3 workers of 48 for evacuation
[2024-09-09T03:14:14.923+0800][info] GC(34)   Pre Evacuate Collection Set: 0.0ms
[2024-09-09T03:14:14.923+0800][info] GC(34)   Merge Heap Roots: 0.0ms
[2024-09-09T03:14:14.923+0800][info] GC(34)   Evacuate Collection Set: 0.9ms
[2024-09-09T03:14:14.923+0800][info] GC(34)   Post Evacuate Collection Set: 0.1ms
[2024-09-09T03:14:14.923+0800][info] GC(34)   Other: 0.1ms
[2024-09-09T03:14:14.923+0800][info] GC(34) Eden regions: 1->0(1)
[2024-09-09T03:14:14.923+0800][info] GC(34) Survivor regions: 1->1(1)
[2024-09-09T03:14:14.923+0800][info] GC(34) Old regions: 8->9
[2024-09-09T03:14:14.923+0800][info] GC(34) Archive regions: 2->2
[2024-09-09T03:14:14.923+0800][info] GC(34) Humongous regions: 0->0
[2024-09-09T03:14:14.923+0800][info] GC(34) Metaspace: 746K(896K)->746K(896K) NonClass: 681K(768K)->681K(768K) Class: 64K(128K)->64K(128K)
[2024-09-09T03:14:14.923+0800][info] GC(34) Pause Young (Prepare Mixed) (G1 Evacuation Pause) 40M->40M(128M) 1.262ms
[2024-09-09T03:14:14.923+0800][info] GC(34) User=0.00s Sys=0.00s Real=0.00s
[2024-09-09T03:14:15.420+0800][info] GC(35) Pause Young (Mixed) (G1 Evacuation Pause)
[2024-09-09T03:14:15.420+0800][info] GC(35) Using 3 workers of 48 for evacuation
[2024-09-09T03:14:15.421+0800][info] GC(35)   Pre Evacuate Collection Set: 0.1ms
[2024-09-09T03:14:15.421+0800][info] GC(35)   Merge Heap Roots: 0.0ms
[2024-09-09T03:14:15.421+0800][info] GC(35)   Evacuate Collection Set: 0.9ms
[2024-09-09T03:14:15.421+0800][info] GC(35)   Post Evacuate Collection Set: 0.1ms
[2024-09-09T03:14:15.421+0800][info] GC(35)   Other: 0.2ms
[2024-09-09T03:14:15.421+0800][info] GC(35) Eden regions: 1->0(1)
[2024-09-09T03:14:15.421+0800][info] GC(35) Survivor regions: 1->1(1)
[2024-09-09T03:14:15.421+0800][info] GC(35) Old regions: 9->9
[2024-09-09T03:14:15.421+0800][info] GC(35) Archive regions: 2->2
[2024-09-09T03:14:15.421+0800][info] GC(35) Humongous regions: 0->0
[2024-09-09T03:14:15.421+0800][info] GC(35) Metaspace: 746K(896K)->746K(896K) NonClass: 681K(768K)->681K(768K) Class: 64K(128K)->64K(128K)
[2024-09-09T03:14:15.421+0800][info] GC(35) Pause Young (Mixed) (G1 Evacuation Pause) 44M->40M(128M) 1.457ms
[2024-09-09T03:14:15.421+0800][info] GC(35) User=0.00s Sys=0.00s Real=0.00s
[2024-09-09T03:14:15.919+0800][info] GC(36) Pause Young (Mixed) (G1 Evacuation Pause)
[2024-09-09T03:14:15.919+0800][info] GC(36) Using 3 workers of 48 for evacuation
[2024-09-09T03:14:15.920+0800][info] GC(36)   Pre Evacuate Collection Set: 0.0ms
[2024-09-09T03:14:15.920+0800][info] GC(36)   Merge Heap Roots: 0.0ms
[2024-09-09T03:14:15.920+0800][info] GC(36)   Evacuate Collection Set: 0.9ms
[2024-09-09T03:14:15.921+0800][info] GC(36)   Post Evacuate Collection Set: 0.1ms
[2024-09-09T03:14:15.921+0800][info] GC(36)   Other: 0.2ms
[2024-09-09T03:14:15.921+0800][info] GC(36) Eden regions: 1->0(1)
[2024-09-09T03:14:15.921+0800][info] GC(36) Survivor regions: 1->1(1)
[2024-09-09T03:14:15.921+0800][info] GC(36) Old regions: 9->9
[2024-09-09T03:14:15.921+0800][info] GC(36) Archive regions: 2->2
[2024-09-09T03:14:15.921+0800][info] GC(36) Humongous regions: 0->0
[2024-09-09T03:14:15.921+0800][info] GC(36) Metaspace: 746K(896K)->746K(896K) NonClass: 681K(768K)->681K(768K) Class: 64K(128K)->64K(128K)
[2024-09-09T03:14:15.921+0800][info] GC(36) Pause Young (Mixed) (G1 Evacuation Pause) 44M->40M(128M) 1.530ms
[2024-09-09T03:14:15.921+0800][info] GC(36) User=0.00s Sys=0.00s Real=0.00s
[2024-09-09T03:14:16.419+0800][info] GC(37) Pause Young (Mixed) (G1 Evacuation Pause)
[2024-09-09T03:14:16.419+0800][info] GC(37) Using 3 workers of 48 for evacuation
[2024-09-09T03:14:16.422+0800][info] GC(37)   Pre Evacuate Collection Set: 0.0ms
[2024-09-09T03:14:16.422+0800][info] GC(37)   Merge Heap Roots: 0.0ms
[2024-09-09T03:14:16.422+0800][info] GC(37)   Evacuate Collection Set: 2.0ms
[2024-09-09T03:14:16.422+0800][info] GC(37)   Post Evacuate Collection Set: 0.2ms
[2024-09-09T03:14:16.422+0800][info] GC(37)   Other: 0.2ms
[2024-09-09T03:14:16.422+0800][info] GC(37) Eden regions: 1->0(1)
[2024-09-09T03:14:16.422+0800][info] GC(37) Survivor regions: 1->1(1)
[2024-09-09T03:14:16.422+0800][info] GC(37) Old regions: 9->9
[2024-09-09T03:14:16.422+0800][info] GC(37) Archive regions: 2->2
[2024-09-09T03:14:16.422+0800][info] GC(37) Humongous regions: 0->0
[2024-09-09T03:14:16.422+0800][info] GC(37) Metaspace: 746K(896K)->746K(896K) NonClass: 681K(768K)->681K(768K) Class: 64K(128K)->64K(128K)
[2024-09-09T03:14:16.422+0800][info] GC(37) Pause Young (Mixed) (G1 Evacuation Pause) 44M->41M(128M) 2.558ms
[2024-09-09T03:14:16.422+0800][info] GC(37) User=0.01s Sys=0.00s Real=0.00s
[2024-09-09T03:14:16.921+0800][info] GC(38) Pause Young (Mixed) (G1 Evacuation Pause)
[2024-09-09T03:14:16.921+0800][info] GC(38) Using 3 workers of 48 for evacuation
[2024-09-09T03:14:16.923+0800][info] GC(38)   Pre Evacuate Collection Set: 0.0ms
[2024-09-09T03:14:16.923+0800][info] GC(38)   Merge Heap Roots: 0.0ms
[2024-09-09T03:14:16.923+0800][info] GC(38)   Evacuate Collection Set: 0.9ms
[2024-09-09T03:14:16.923+0800][info] GC(38)   Post Evacuate Collection Set: 0.1ms
[2024-09-09T03:14:16.923+0800][info] GC(38)   Other: 0.2ms
[2024-09-09T03:14:16.923+0800][info] GC(38) Eden regions: 1->0(1)
[2024-09-09T03:14:16.923+0800][info] GC(38) Survivor regions: 1->1(1)
[2024-09-09T03:14:16.923+0800][info] GC(38) Old regions: 9->9
[2024-09-09T03:14:16.923+0800][info] GC(38) Archive regions: 2->2
[2024-09-09T03:14:16.923+0800][info] GC(38) Humongous regions: 0->0
[2024-09-09T03:14:16.923+0800][info] GC(38) Metaspace: 746K(896K)->746K(896K) NonClass: 681K(768K)->681K(768K) Class: 64K(128K)->64K(128K)
[2024-09-09T03:14:16.923+0800][info] GC(38) Pause Young (Mixed) (G1 Evacuation Pause) 45M->41M(128M) 1.400ms
[2024-09-09T03:14:16.923+0800][info] GC(38) User=0.00s Sys=0.00s Real=0.00s
[2024-09-09T03:14:17.421+0800][info] GC(39) Pause Young (Normal) (G1 Evacuation Pause)
[2024-09-09T03:14:17.421+0800][info] GC(39) Using 3 workers of 48 for evacuation
[2024-09-09T03:14:17.422+0800][info] GC(39)   Pre Evacuate Collection Set: 0.0ms
[2024-09-09T03:14:17.422+0800][info] GC(39)   Merge Heap Roots: 0.0ms
[2024-09-09T03:14:17.422+0800][info] GC(39)   Evacuate Collection Set: 1.0ms
[2024-09-09T03:14:17.422+0800][info] GC(39)   Post Evacuate Collection Set: 0.1ms
[2024-09-09T03:14:17.422+0800][info] GC(39)   Other: 0.2ms
[2024-09-09T03:14:17.422+0800][info] GC(39) Eden regions: 1->0(1)
[2024-09-09T03:14:17.422+0800][info] GC(39) Survivor regions: 1->1(1)
[2024-09-09T03:14:17.422+0800][info] GC(39) Old regions: 9->10
[2024-09-09T03:14:17.422+0800][info] GC(39) Archive regions: 2->2
[2024-09-09T03:14:17.422+0800][info] GC(39) Humongous regions: 0->0
[2024-09-09T03:14:17.422+0800][info] GC(39) Metaspace: 746K(896K)->746K(896K) NonClass: 681K(768K)->681K(768K) Class: 64K(128K)->64K(128K)
[2024-09-09T03:14:17.423+0800][info] GC(39) Pause Young (Normal) (G1 Evacuation Pause) 45M->45M(128M) 1.517ms
[2024-09-09T03:14:17.423+0800][info] GC(39) User=0.01s Sys=0.00s Real=0.00s
[2024-09-09T03:14:17.921+0800][info] GC(40) Pause Young (Normal) (G1 Evacuation Pause)
[2024-09-09T03:14:17.922+0800][info] GC(40) Using 3 workers of 48 for evacuation
[2024-09-09T03:14:17.923+0800][info] GC(40)   Pre Evacuate Collection Set: 0.0ms
[2024-09-09T03:14:17.923+0800][info] GC(40)   Merge Heap Roots: 0.0ms
[2024-09-09T03:14:17.923+0800][info] GC(40)   Evacuate Collection Set: 1.0ms
[2024-09-09T03:14:17.923+0800][info] GC(40)   Post Evacuate Collection Set: 0.2ms
[2024-09-09T03:14:17.923+0800][info] GC(40)   Other: 0.2ms
[2024-09-09T03:14:17.923+0800][info] GC(40) Eden regions: 1->0(1)
[2024-09-09T03:14:17.923+0800][info] GC(40) Survivor regions: 1->1(1)
[2024-09-09T03:14:17.923+0800][info] GC(40) Old regions: 10->11
[2024-09-09T03:14:17.923+0800][info] GC(40) Archive regions: 2->2
[2024-09-09T03:14:17.923+0800][info] GC(40) Humongous regions: 0->0
[2024-09-09T03:14:17.923+0800][info] GC(40) Metaspace: 746K(896K)->746K(896K) NonClass: 681K(768K)->681K(768K) Class: 64K(128K)->64K(128K)
[2024-09-09T03:14:17.923+0800][info] GC(40) Pause Young (Normal) (G1 Evacuation Pause) 49M->49M(128M) 1.522ms
[2024-09-09T03:14:17.923+0800][info] GC(40) User=0.00s Sys=0.00s Real=0.00s
[2024-09-09T03:14:18.421+0800][info] GC(41) Pause Young (Normal) (G1 Evacuation Pause)
[2024-09-09T03:14:18.421+0800][info] GC(41) Using 3 workers of 48 for evacuation
[2024-09-09T03:14:18.422+0800][info] GC(41)   Pre Evacuate Collection Set: 0.0ms
[2024-09-09T03:14:18.422+0800][info] GC(41)   Merge Heap Roots: 0.0ms
[2024-09-09T03:14:18.422+0800][info] GC(41)   Evacuate Collection Set: 0.9ms
[2024-09-09T03:14:18.422+0800][info] GC(41)   Post Evacuate Collection Set: 0.1ms
[2024-09-09T03:14:18.422+0800][info] GC(41)   Other: 0.2ms
[2024-09-09T03:14:18.422+0800][info] GC(41) Eden regions: 1->0(2)
[2024-09-09T03:14:18.422+0800][info] GC(41) Survivor regions: 1->1(1)
[2024-09-09T03:14:18.422+0800][info] GC(41) Old regions: 11->12
[2024-09-09T03:14:18.422+0800][info] GC(41) Archive regions: 2->2
[2024-09-09T03:14:18.422+0800][info] GC(41) Humongous regions: 0->0
[2024-09-09T03:14:18.422+0800][info] GC(41) Metaspace: 746K(896K)->746K(896K) NonClass: 681K(768K)->681K(768K) Class: 64K(128K)->64K(128K)
[2024-09-09T03:14:18.422+0800][info] GC(41) Pause Young (Normal) (G1 Evacuation Pause) 53M->53M(128M) 1.439ms
[2024-09-09T03:14:18.422+0800][info] GC(41) User=0.00s Sys=0.00s Real=0.00s
[2024-09-09T03:14:19.428+0800][info] GC(42) Pause Young (Normal) (G1 Evacuation Pause)
[2024-09-09T03:14:19.428+0800][info] GC(42) Using 3 workers of 48 for evacuation
[2024-09-09T03:14:19.429+0800][info] GC(42)   Pre Evacuate Collection Set: 0.0ms
[2024-09-09T03:14:19.429+0800][info] GC(42)   Merge Heap Roots: 0.0ms
[2024-09-09T03:14:19.429+0800][info] GC(42)   Evacuate Collection Set: 1.4ms
[2024-09-09T03:14:19.429+0800][info] GC(42)   Post Evacuate Collection Set: 0.1ms
[2024-09-09T03:14:19.429+0800][info] GC(42)   Other: 0.1ms
[2024-09-09T03:14:19.429+0800][info] GC(42) Eden regions: 2->0(3)
[2024-09-09T03:14:19.429+0800][info] GC(42) Survivor regions: 1->1(1)
[2024-09-09T03:14:19.429+0800][info] GC(42) Old regions: 12->14
[2024-09-09T03:14:19.429+0800][info] GC(42) Archive regions: 2->2
[2024-09-09T03:14:19.429+0800][info] GC(42) Humongous regions: 0->0
[2024-09-09T03:14:19.429+0800][info] GC(42) Metaspace: 746K(896K)->746K(896K) NonClass: 681K(768K)->681K(768K) Class: 64K(128K)->64K(128K)
[2024-09-09T03:14:19.429+0800][info] GC(42) Pause Young (Normal) (G1 Evacuation Pause) 61M->61M(128M) 1.763ms
[2024-09-09T03:14:19.429+0800][info] GC(42) User=0.00s Sys=0.00s Real=0.00s
[2024-09-09T03:14:20.939+0800][info] GC(43) Pause Young (Normal) (G1 Evacuation Pause)
[2024-09-09T03:14:20.939+0800][info] GC(43) Using 3 workers of 48 for evacuation
[2024-09-09T03:14:20.941+0800][info] GC(43)   Pre Evacuate Collection Set: 0.0ms
[2024-09-09T03:14:20.941+0800][info] GC(43)   Merge Heap Roots: 0.0ms
[2024-09-09T03:14:20.941+0800][info] GC(43)   Evacuate Collection Set: 1.8ms
[2024-09-09T03:14:20.941+0800][info] GC(43)   Post Evacuate Collection Set: 0.1ms
[2024-09-09T03:14:20.941+0800][info] GC(43)   Other: 0.2ms
[2024-09-09T03:14:20.941+0800][info] GC(43) Eden regions: 3->0(3)
[2024-09-09T03:14:20.941+0800][info] GC(43) Survivor regions: 1->1(1)
[2024-09-09T03:14:20.941+0800][info] GC(43) Old regions: 14->17
[2024-09-09T03:14:20.941+0800][info] GC(43) Archive regions: 2->2
[2024-09-09T03:14:20.941+0800][info] GC(43) Humongous regions: 0->0
[2024-09-09T03:14:20.941+0800][info] GC(43) Metaspace: 746K(896K)->746K(896K) NonClass: 681K(768K)->681K(768K) Class: 64K(128K)->64K(128K)
[2024-09-09T03:14:20.941+0800][info] GC(43) Pause Young (Normal) (G1 Evacuation Pause) 73M->73M(128M) 2.406ms
[2024-09-09T03:14:20.941+0800][info] GC(43) User=0.01s Sys=0.00s Real=0.00s
[2024-09-09T03:14:21.695+0800][info] GC(44) Pause Young (Concurrent Start) (G1 Humongous Allocation)
[2024-09-09T03:14:21.695+0800][info] GC(44) Using 3 workers of 48 for evacuation
[2024-09-09T03:14:21.696+0800][info] GC(44)   Pre Evacuate Collection Set: 0.0ms
[2024-09-09T03:14:21.696+0800][info] GC(44)   Merge Heap Roots: 0.0ms
[2024-09-09T03:14:21.696+0800][info] GC(44)   Evacuate Collection Set: 1.1ms
[2024-09-09T03:14:21.696+0800][info] GC(44)   Post Evacuate Collection Set: 0.1ms
[2024-09-09T03:14:21.696+0800][info] GC(44)   Other: 0.2ms
[2024-09-09T03:14:21.696+0800][info] GC(44) Eden regions: 2->0(1)
[2024-09-09T03:14:21.696+0800][info] GC(44) Survivor regions: 1->1(1)
[2024-09-09T03:14:21.696+0800][info] GC(44) Old regions: 17->18
[2024-09-09T03:14:21.696+0800][info] GC(44) Archive regions: 2->2
[2024-09-09T03:14:21.696+0800][info] GC(44) Humongous regions: 4->4
[2024-09-09T03:14:21.696+0800][info] GC(44) Metaspace: 748K(896K)->748K(896K) NonClass: 683K(768K)->683K(768K) Class: 64K(128K)->64K(128K)
[2024-09-09T03:14:21.696+0800][info] GC(44) Pause Young (Concurrent Start) (G1 Humongous Allocation) 95M->95M(128M) 1.559ms
[2024-09-09T03:14:21.696+0800][info] GC(44) User=0.00s Sys=0.00s Real=0.00s
[2024-09-09T03:14:21.696+0800][info] GC(45) Concurrent Mark Cycle
[2024-09-09T03:14:21.696+0800][info] GC(45) Concurrent Clear Claimed Marks
[2024-09-09T03:14:21.696+0800][info] GC(45) Concurrent Clear Claimed Marks 0.023ms
[2024-09-09T03:14:21.696+0800][info] GC(45) Concurrent Scan Root Regions
[2024-09-09T03:14:21.697+0800][info] GC(45) Concurrent Scan Root Regions 0.089ms
[2024-09-09T03:14:21.697+0800][info] GC(45) Concurrent Mark
[2024-09-09T03:14:21.697+0800][info] GC(45) Concurrent Mark From Roots
[2024-09-09T03:14:21.697+0800][info] GC(45) Using 12 workers of 12 for marking
[2024-09-09T03:14:21.699+0800][info] GC(46) Pause Young (Normal) (G1 Preventive Collection)
[2024-09-09T03:14:21.699+0800][info] GC(46) Using 3 workers of 48 for evacuation
[2024-09-09T03:14:21.699+0800][info] GC(46)   Pre Evacuate Collection Set: 0.0ms
[2024-09-09T03:14:21.699+0800][info] GC(46)   Merge Heap Roots: 0.0ms
[2024-09-09T03:14:21.699+0800][info] GC(46)   Evacuate Collection Set: 0.6ms
[2024-09-09T03:14:21.699+0800][info] GC(46)   Post Evacuate Collection Set: 0.1ms
[2024-09-09T03:14:21.699+0800][info] GC(46)   Other: 0.1ms
[2024-09-09T03:14:21.699+0800][info] GC(46) Eden regions: 0->0(1)
[2024-09-09T03:14:21.699+0800][info] GC(46) Survivor regions: 1->0(1)
[2024-09-09T03:14:21.699+0800][info] GC(46) Old regions: 18->19
[2024-09-09T03:14:21.699+0800][info] GC(46) Archive regions: 2->2
[2024-09-09T03:14:21.699+0800][info] GC(46) Humongous regions: 8->8
[2024-09-09T03:14:21.699+0800][info] GC(46) Metaspace: 748K(896K)->748K(896K) NonClass: 683K(768K)->683K(768K) Class: 64K(128K)->64K(128K)
[2024-09-09T03:14:21.699+0800][info] GC(46) Pause Young (Normal) (G1 Preventive Collection) 111M->111M(128M) 0.903ms
[2024-09-09T03:14:21.699+0800][info] GC(46) User=0.00s Sys=0.00s Real=0.00s
[2024-09-09T03:14:21.700+0800][info] GC(45) Concurrent Mark From Roots 3.122ms
[2024-09-09T03:14:21.700+0800][info] GC(45) Concurrent Preclean
[2024-09-09T03:14:21.701+0800][info] GC(45) Concurrent Preclean 1.145ms
[2024-09-09T03:14:21.701+0800][info] GC(45) Pause Remark
[2024-09-09T03:14:21.702+0800][info] GC(45) Pause Remark 111M->63M(128M) 0.958ms
[2024-09-09T03:14:21.702+0800][info] GC(45) User=0.01s Sys=0.00s Real=0.00s
[2024-09-09T03:14:21.702+0800][info] GC(45) Concurrent Mark 5.397ms
[2024-09-09T03:14:21.702+0800][info] GC(45) Concurrent Rebuild Remembered Sets
[2024-09-09T03:14:21.705+0800][info] GC(45) Concurrent Rebuild Remembered Sets 3.045ms
[2024-09-09T03:14:21.705+0800][info] GC(45) Pause Cleanup
[2024-09-09T03:14:21.705+0800][info] GC(45) Pause Cleanup 63M->63M(128M) 0.142ms
[2024-09-09T03:14:21.705+0800][info] GC(45) User=0.00s Sys=0.00s Real=0.00s
[2024-09-09T03:14:21.705+0800][info] GC(45) Concurrent Cleanup for Next Mark
[2024-09-09T03:14:21.706+0800][info] GC(45) Concurrent Cleanup for Next Mark 0.212ms
[2024-09-09T03:14:21.706+0800][info] GC(45) Concurrent Mark Cycle 9.219ms
[2024-09-09T03:14:22.319+0800][info] GC(47) Pause Young (Prepare Mixed) (G1 Preventive Collection)
[2024-09-09T03:14:22.320+0800][info] GC(47) Using 3 workers of 48 for evacuation
[2024-09-09T03:14:22.320+0800][info] GC(47)   Pre Evacuate Collection Set: 0.0ms
[2024-09-09T03:14:22.320+0800][info] GC(47)   Merge Heap Roots: 0.0ms
[2024-09-09T03:14:22.320+0800][info] GC(47)   Evacuate Collection Set: 0.1ms
[2024-09-09T03:14:22.320+0800][info] GC(47)   Post Evacuate Collection Set: 0.1ms
[2024-09-09T03:14:22.320+0800][info] GC(47)   Other: 0.1ms
[2024-09-09T03:14:22.320+0800][info] GC(47) Eden regions: 1->0(1)
[2024-09-09T03:14:22.320+0800][info] GC(47) Survivor regions: 0->1(1)
[2024-09-09T03:14:22.320+0800][info] GC(47) Old regions: 7->7
[2024-09-09T03:14:22.320+0800][info] GC(47) Archive regions: 2->2
[2024-09-09T03:14:22.320+0800][info] GC(47) Humongous regions: 16->16
[2024-09-09T03:14:22.320+0800][info] GC(47) Metaspace: 774K(896K)->774K(896K) NonClass: 709K(768K)->709K(768K) Class: 64K(128K)->64K(128K)
[2024-09-09T03:14:22.320+0800][info] GC(47) Pause Young (Prepare Mixed) (G1 Preventive Collection) 95M->95M(128M) 0.517ms
[2024-09-09T03:14:22.320+0800][info] GC(47) User=0.00s Sys=0.00s Real=0.00s
[2024-09-09T03:14:22.320+0800][info] Attempting full compaction
[2024-09-09T03:14:22.320+0800][info] GC(48) Using 1 workers of 48 for full compaction
[2024-09-09T03:14:22.320+0800][info] GC(48) Pause Full (G1 Compaction Pause)
[2024-09-09T03:14:22.320+0800][info] GC(48) Phase 1: Mark live objects
[2024-09-09T03:14:22.326+0800][info] GC(48) Phase 1: Mark live objects 5.681ms
[2024-09-09T03:14:22.326+0800][info] GC(48) Phase 2: Prepare for compaction
[2024-09-09T03:14:22.327+0800][info] GC(48) Phase 2: Prepare for compaction 0.838ms
[2024-09-09T03:14:22.327+0800][info] GC(48) Phase 3: Adjust pointers
[2024-09-09T03:14:22.329+0800][info] GC(48) Phase 3: Adjust pointers 2.663ms
[2024-09-09T03:14:22.329+0800][info] GC(48) Phase 4: Compact heap
[2024-09-09T03:14:22.330+0800][info] GC(48) Phase 4: Compact heap 0.897ms
[2024-09-09T03:14:22.331+0800][info] GC(48) Eden regions: 0->0(1)
[2024-09-09T03:14:22.331+0800][info] GC(48) Survivor regions: 1->0(1)
[2024-09-09T03:14:22.331+0800][info] GC(48) Old regions: 7->1
[2024-09-09T03:14:22.331+0800][info] GC(48) Archive regions: 2->2
[2024-09-09T03:14:22.331+0800][info] GC(48) Humongous regions: 16->12
[2024-09-09T03:14:22.331+0800][info] GC(48) Metaspace: 774K(896K)->774K(896K) NonClass: 709K(768K)->709K(768K) Class: 64K(128K)->64K(128K)
[2024-09-09T03:14:22.331+0800][info] GC(48) Pause Full (G1 Compaction Pause) 95M->52M(128M) 10.769ms
[2024-09-09T03:14:22.331+0800][info] GC(48) User=0.01s Sys=0.00s Real=0.01s
[2024-09-09T03:14:22.353+0800][info] GC(49) Pause Young (Concurrent Start) (G1 Humongous Allocation)
[2024-09-09T03:14:22.353+0800][info] GC(49) Using 3 workers of 48 for evacuation
[2024-09-09T03:14:22.354+0800][info] GC(49)   Pre Evacuate Collection Set: 0.0ms
[2024-09-09T03:14:22.354+0800][info] GC(49)   Merge Heap Roots: 0.0ms
[2024-09-09T03:14:22.354+0800][info] GC(49)   Evacuate Collection Set: 0.2ms
[2024-09-09T03:14:22.354+0800][info] GC(49)   Post Evacuate Collection Set: 0.1ms
[2024-09-09T03:14:22.354+0800][info] GC(49)   Other: 0.1ms
[2024-09-09T03:14:22.354+0800][info] GC(49) Eden regions: 1->0(1)
[2024-09-09T03:14:22.354+0800][info] GC(49) Survivor regions: 0->1(1)
[2024-09-09T03:14:22.354+0800][info] GC(49) Old regions: 1->1
[2024-09-09T03:14:22.354+0800][info] GC(49) Archive regions: 2->2
[2024-09-09T03:14:22.354+0800][info] GC(49) Humongous regions: 16->16
[2024-09-09T03:14:22.354+0800][info] GC(49) Metaspace: 774K(896K)->774K(896K) NonClass: 709K(768K)->709K(768K) Class: 64K(128K)->64K(128K)
[2024-09-09T03:14:22.354+0800][info] GC(49) Pause Young (Concurrent Start) (G1 Humongous Allocation) 69M->68M(128M) 0.613ms
[2024-09-09T03:14:22.354+0800][info] GC(49) User=0.00s Sys=0.00s Real=0.00s
[2024-09-09T03:14:22.354+0800][info] GC(50) Concurrent Mark Cycle
[2024-09-09T03:14:22.354+0800][info] GC(50) Concurrent Clear Claimed Marks
[2024-09-09T03:14:22.354+0800][info] GC(50) Concurrent Clear Claimed Marks 0.010ms
[2024-09-09T03:14:22.354+0800][info] GC(50) Concurrent Scan Root Regions
[2024-09-09T03:14:22.354+0800][info] GC(50) Concurrent Scan Root Regions 0.080ms
[2024-09-09T03:14:22.354+0800][info] GC(50) Concurrent Mark
[2024-09-09T03:14:22.354+0800][info] GC(50) Concurrent Mark From Roots
[2024-09-09T03:14:22.354+0800][info] GC(50) Using 12 workers of 12 for marking
[2024-09-09T03:14:22.356+0800][info] GC(50) Concurrent Mark From Roots 2.021ms
[2024-09-09T03:14:22.356+0800][info] GC(50) Concurrent Preclean
[2024-09-09T03:14:22.357+0800][info] GC(50) Concurrent Preclean 0.657ms
[2024-09-09T03:14:22.357+0800][info] GC(50) Pause Remark
[2024-09-09T03:14:22.358+0800][info] GC(50) Pause Remark 85M->69M(128M) 1.032ms
[2024-09-09T03:14:22.358+0800][info] GC(50) User=0.00s Sys=0.00s Real=0.00s
[2024-09-09T03:14:22.358+0800][info] GC(50) Concurrent Mark 3.779ms
[2024-09-09T03:14:22.358+0800][info] GC(50) Concurrent Rebuild Remembered Sets
[2024-09-09T03:14:22.362+0800][info] GC(50) Concurrent Rebuild Remembered Sets 4.277ms
[2024-09-09T03:14:22.362+0800][info] GC(50) Pause Cleanup
[2024-09-09T03:14:22.363+0800][info] GC(50) Pause Cleanup 69M->69M(128M) 0.161ms
[2024-09-09T03:14:22.363+0800][info] GC(50) User=0.00s Sys=0.00s Real=0.00s
[2024-09-09T03:14:22.363+0800][info] GC(50) Concurrent Cleanup for Next Mark
[2024-09-09T03:14:22.363+0800][info] GC(50) Concurrent Cleanup for Next Mark 0.184ms
[2024-09-09T03:14:22.363+0800][info] GC(50) Concurrent Mark Cycle 8.599ms
[2024-09-09T03:14:22.972+0800][info] GC(51) Pause Young (Prepare Mixed) (G1 Humongous Allocation)
[2024-09-09T03:14:22.972+0800][info] GC(51) Using 3 workers of 48 for evacuation
[2024-09-09T03:14:22.973+0800][info] GC(51)   Pre Evacuate Collection Set: 0.0ms
[2024-09-09T03:14:22.973+0800][info] GC(51)   Merge Heap Roots: 0.0ms
[2024-09-09T03:14:22.973+0800][info] GC(51)   Evacuate Collection Set: 0.1ms
[2024-09-09T03:14:22.973+0800][info] GC(51)   Post Evacuate Collection Set: 0.1ms
[2024-09-09T03:14:22.973+0800][info] GC(51)   Other: 0.1ms
[2024-09-09T03:14:22.973+0800][info] GC(51) Eden regions: 1->0(1)
[2024-09-09T03:14:22.973+0800][info] GC(51) Survivor regions: 1->1(1)
[2024-09-09T03:14:22.973+0800][info] GC(51) Old regions: 1->1
[2024-09-09T03:14:22.973+0800][info] GC(51) Archive regions: 2->2
[2024-09-09T03:14:22.973+0800][info] GC(51) Humongous regions: 24->24
[2024-09-09T03:14:22.973+0800][info] GC(51) Metaspace: 774K(896K)->774K(896K) NonClass: 709K(768K)->709K(768K) Class: 64K(128K)->64K(128K)
[2024-09-09T03:14:22.973+0800][info] GC(51) Pause Young (Prepare Mixed) (G1 Humongous Allocation) 101M->100M(128M) 0.499ms
[2024-09-09T03:14:22.973+0800][info] GC(51) User=0.00s Sys=0.00s Real=0.00s
[2024-09-09T03:14:22.973+0800][info] Attempting full compaction
[2024-09-09T03:14:22.973+0800][info] GC(52) Using 1 workers of 48 for full compaction
[2024-09-09T03:14:22.973+0800][info] GC(52) Pause Full (G1 Compaction Pause)
[2024-09-09T03:14:22.973+0800][info] GC(52) Phase 1: Mark live objects
[2024-09-09T03:14:22.977+0800][info] GC(52) Phase 1: Mark live objects 4.165ms
[2024-09-09T03:14:22.977+0800][info] GC(52) Phase 2: Prepare for compaction
[2024-09-09T03:14:22.978+0800][info] GC(52) Phase 2: Prepare for compaction 0.550ms
[2024-09-09T03:14:22.978+0800][info] GC(52) Phase 3: Adjust pointers
[2024-09-09T03:14:22.980+0800][info] GC(52) Phase 3: Adjust pointers 2.784ms
[2024-09-09T03:14:22.980+0800][info] GC(52) Phase 4: Compact heap
[2024-09-09T03:14:22.981+0800][info] GC(52) Phase 4: Compact heap 0.771ms
[2024-09-09T03:14:22.982+0800][info] GC(52) Eden regions: 0->0(1)
[2024-09-09T03:14:22.982+0800][info] GC(52) Survivor regions: 1->0(1)
[2024-09-09T03:14:22.982+0800][info] GC(52) Old regions: 1->1
[2024-09-09T03:14:22.982+0800][info] GC(52) Archive regions: 2->2
[2024-09-09T03:14:22.982+0800][info] GC(52) Humongous regions: 24->12
[2024-09-09T03:14:22.982+0800][info] GC(52) Metaspace: 774K(896K)->764K(896K) NonClass: 709K(768K)->701K(768K) Class: 64K(128K)->62K(128K)
[2024-09-09T03:14:22.982+0800][info] GC(52) Pause Full (G1 Compaction Pause) 100M->52M(128M) 8.862ms
[2024-09-09T03:14:22.982+0800][info] GC(52) User=0.01s Sys=0.00s Real=0.01s
[2024-09-09T03:14:23.513+0800][info] GC(53) Pause Young (Concurrent Start) (G1 Evacuation Pause)
[2024-09-09T03:14:23.513+0800][info] GC(53) Using 3 workers of 48 for evacuation
[2024-09-09T03:14:23.514+0800][info] GC(53)   Pre Evacuate Collection Set: 0.0ms
[2024-09-09T03:14:23.514+0800][info] GC(53)   Merge Heap Roots: 0.0ms
[2024-09-09T03:14:23.514+0800][info] GC(53)   Evacuate Collection Set: 0.6ms
[2024-09-09T03:14:23.514+0800][info] GC(53)   Post Evacuate Collection Set: 0.1ms
[2024-09-09T03:14:23.514+0800][info] GC(53)   Other: 0.2ms
[2024-09-09T03:14:23.514+0800][info] GC(53) Eden regions: 1->0(1)
[2024-09-09T03:14:23.514+0800][info] GC(53) Survivor regions: 0->1(1)
[2024-09-09T03:14:23.514+0800][info] GC(53) Old regions: 1->1
[2024-09-09T03:14:23.514+0800][info] GC(53) Archive regions: 2->2
[2024-09-09T03:14:23.514+0800][info] GC(53) Humongous regions: 16->16
[2024-09-09T03:14:23.514+0800][info] GC(53) Metaspace: 764K(896K)->764K(896K) NonClass: 701K(768K)->701K(768K) Class: 62K(128K)->62K(128K)
[2024-09-09T03:14:23.514+0800][info] GC(53) Pause Young (Concurrent Start) (G1 Evacuation Pause) 72M->72M(128M) 1.056ms
[2024-09-09T03:14:23.514+0800][info] GC(53) User=0.00s Sys=0.00s Real=0.00s
[2024-09-09T03:14:23.514+0800][info] GC(54) Concurrent Mark Cycle
[2024-09-09T03:14:23.514+0800][info] GC(54) Concurrent Clear Claimed Marks
[2024-09-09T03:14:23.514+0800][info] GC(54) Concurrent Clear Claimed Marks 0.027ms
[2024-09-09T03:14:23.514+0800][info] GC(54) Concurrent Scan Root Regions
[2024-09-09T03:14:23.514+0800][info] GC(54) Concurrent Scan Root Regions 0.112ms
[2024-09-09T03:14:23.514+0800][info] GC(54) Concurrent Mark
[2024-09-09T03:14:23.514+0800][info] GC(54) Concurrent Mark From Roots
[2024-09-09T03:14:23.514+0800][info] GC(54) Using 12 workers of 12 for marking
[2024-09-09T03:14:23.516+0800][info] GC(54) Concurrent Mark From Roots 2.080ms
[2024-09-09T03:14:23.516+0800][info] GC(54) Concurrent Preclean
[2024-09-09T03:14:23.518+0800][info] GC(54) Concurrent Preclean 1.809ms
[2024-09-09T03:14:23.518+0800][info] GC(54) Pause Remark
[2024-09-09T03:14:23.519+0800][info] GC(54) Pause Remark 73M->57M(128M) 1.001ms
[2024-09-09T03:14:23.519+0800][info] GC(54) User=0.00s Sys=0.00s Real=0.00s
[2024-09-09T03:14:23.519+0800][info] GC(54) Concurrent Mark 5.020ms
[2024-09-09T03:14:23.519+0800][info] GC(54) Concurrent Rebuild Remembered Sets
[2024-09-09T03:14:23.523+0800][info] GC(54) Concurrent Rebuild Remembered Sets 3.506ms
[2024-09-09T03:14:23.523+0800][info] GC(54) Pause Cleanup
[2024-09-09T03:14:23.523+0800][info] GC(54) Pause Cleanup 57M->57M(128M) 0.141ms
[2024-09-09T03:14:23.523+0800][info] GC(54) User=0.00s Sys=0.00s Real=0.00s
[2024-09-09T03:14:23.523+0800][info] GC(54) Concurrent Cleanup for Next Mark
[2024-09-09T03:14:23.523+0800][info] GC(54) Concurrent Cleanup for Next Mark 0.198ms
[2024-09-09T03:14:23.523+0800][info] GC(54) Concurrent Mark Cycle 9.246ms
[2024-09-09T03:14:24.163+0800][info] GC(55) Pause Young (Prepare Mixed) (G1 Evacuation Pause)
[2024-09-09T03:14:24.163+0800][info] GC(55) Using 3 workers of 48 for evacuation
[2024-09-09T03:14:24.165+0800][info] GC(55)   Pre Evacuate Collection Set: 0.0ms
[2024-09-09T03:14:24.165+0800][info] GC(55)   Merge Heap Roots: 0.0ms
[2024-09-09T03:14:24.165+0800][info] GC(55)   Evacuate Collection Set: 0.9ms
[2024-09-09T03:14:24.165+0800][info] GC(55)   Post Evacuate Collection Set: 0.1ms
[2024-09-09T03:14:24.165+0800][info] GC(55)   Other: 0.1ms
[2024-09-09T03:14:24.165+0800][info] GC(55) Eden regions: 1->0(1)
[2024-09-09T03:14:24.165+0800][info] GC(55) Survivor regions: 1->1(1)
[2024-09-09T03:14:24.165+0800][info] GC(55) Old regions: 1->2
[2024-09-09T03:14:24.165+0800][info] GC(55) Archive regions: 2->2
[2024-09-09T03:14:24.165+0800][info] GC(55) Humongous regions: 12->12
[2024-09-09T03:14:24.165+0800][info] GC(55) Metaspace: 765K(896K)->765K(896K) NonClass: 703K(768K)->703K(768K) Class: 62K(128K)->62K(128K)
[2024-09-09T03:14:24.165+0800][info] GC(55) Pause Young (Prepare Mixed) (G1 Evacuation Pause) 60M->60M(128M) 1.264ms
[2024-09-09T03:14:24.165+0800][info] GC(55) User=0.00s Sys=0.00s Real=0.00s
[2024-09-09T03:14:24.664+0800][info] GC(56) Pause Young (Mixed) (G1 Evacuation Pause)
[2024-09-09T03:14:24.664+0800][info] GC(56) Using 3 workers of 48 for evacuation
[2024-09-09T03:14:24.666+0800][info] GC(56)   Pre Evacuate Collection Set: 0.0ms
[2024-09-09T03:14:24.666+0800][info] GC(56)   Merge Heap Roots: 0.0ms
[2024-09-09T03:14:24.666+0800][info] GC(56)   Evacuate Collection Set: 2.1ms
[2024-09-09T03:14:24.666+0800][info] GC(56)   Post Evacuate Collection Set: 0.2ms
[2024-09-09T03:14:24.666+0800][info] GC(56)   Other: 0.1ms
[2024-09-09T03:14:24.666+0800][info] GC(56) Eden regions: 1->0(1)
[2024-09-09T03:14:24.666+0800][info] GC(56) Survivor regions: 1->1(1)
[2024-09-09T03:14:24.666+0800][info] GC(56) Old regions: 2->3
[2024-09-09T03:14:24.666+0800][info] GC(56) Archive regions: 2->2
[2024-09-09T03:14:24.666+0800][info] GC(56) Humongous regions: 12->12
[2024-09-09T03:14:24.666+0800][info] GC(56) Metaspace: 765K(896K)->765K(896K) NonClass: 703K(768K)->703K(768K) Class: 62K(128K)->62K(128K)
[2024-09-09T03:14:24.666+0800][info] GC(56) Pause Young (Mixed) (G1 Evacuation Pause) 64M->64M(128M) 2.490ms
[2024-09-09T03:14:24.666+0800][info] GC(56) User=0.01s Sys=0.00s Real=0.01s
[2024-09-09T03:14:25.164+0800][info] GC(57) Pause Young (Concurrent Start) (G1 Evacuation Pause)
[2024-09-09T03:14:25.164+0800][info] GC(57) Using 3 workers of 48 for evacuation
[2024-09-09T03:14:25.165+0800][info] GC(57)   Pre Evacuate Collection Set: 0.0ms
[2024-09-09T03:14:25.165+0800][info] GC(57)   Merge Heap Roots: 0.0ms
[2024-09-09T03:14:25.165+0800][info] GC(57)   Evacuate Collection Set: 1.1ms
[2024-09-09T03:14:25.165+0800][info] GC(57)   Post Evacuate Collection Set: 0.1ms
[2024-09-09T03:14:25.165+0800][info] GC(57)   Other: 0.2ms
[2024-09-09T03:14:25.165+0800][info] GC(57) Eden regions: 1->0(1)
[2024-09-09T03:14:25.165+0800][info] GC(57) Survivor regions: 1->1(1)
[2024-09-09T03:14:25.165+0800][info] GC(57) Old regions: 3->4
[2024-09-09T03:14:25.165+0800][info] GC(57) Archive regions: 2->2
[2024-09-09T03:14:25.165+0800][info] GC(57) Humongous regions: 12->12
[2024-09-09T03:14:25.165+0800][info] GC(57) Metaspace: 765K(896K)->765K(896K) NonClass: 703K(768K)->703K(768K) Class: 62K(128K)->62K(128K)
[2024-09-09T03:14:25.165+0800][info] GC(57) Pause Young (Concurrent Start) (G1 Evacuation Pause) 68M->68M(128M) 1.533ms
[2024-09-09T03:14:25.165+0800][info] GC(57) User=0.01s Sys=0.00s Real=0.01s
[2024-09-09T03:14:25.165+0800][info] GC(58) Concurrent Mark Cycle
[2024-09-09T03:14:25.165+0800][info] GC(58) Concurrent Clear Claimed Marks
[2024-09-09T03:14:25.165+0800][info] GC(58) Concurrent Clear Claimed Marks 0.025ms
[2024-09-09T03:14:25.165+0800][info] GC(58) Concurrent Scan Root Regions
[2024-09-09T03:14:25.165+0800][info] GC(58) Concurrent Scan Root Regions 0.095ms
[2024-09-09T03:14:25.165+0800][info] GC(58) Concurrent Mark
[2024-09-09T03:14:25.165+0800][info] GC(58) Concurrent Mark From Roots
[2024-09-09T03:14:25.165+0800][info] GC(58) Using 12 workers of 12 for marking
[2024-09-09T03:14:25.167+0800][info] GC(58) Concurrent Mark From Roots 1.959ms
[2024-09-09T03:14:25.167+0800][info] GC(58) Concurrent Preclean
[2024-09-09T03:14:25.169+0800][info] GC(58) Concurrent Preclean 1.743ms
[2024-09-09T03:14:25.169+0800][info] GC(58) Pause Remark
[2024-09-09T03:14:25.170+0800][info] GC(58) Pause Remark 68M->20M(128M) 0.958ms
[2024-09-09T03:14:25.170+0800][info] GC(58) User=0.00s Sys=0.00s Real=0.00s
[2024-09-09T03:14:25.170+0800][info] GC(58) Concurrent Mark 4.792ms
[2024-09-09T03:14:25.170+0800][info] GC(58) Concurrent Rebuild Remembered Sets
[2024-09-09T03:14:25.171+0800][info] GC(58) Concurrent Rebuild Remembered Sets 1.105ms
[2024-09-09T03:14:25.171+0800][info] GC(58) Pause Cleanup
[2024-09-09T03:14:25.171+0800][info] GC(58) Pause Cleanup 20M->20M(128M) 0.073ms
[2024-09-09T03:14:25.171+0800][info] GC(58) User=0.00s Sys=0.00s Real=0.00s
[2024-09-09T03:14:25.171+0800][info] GC(58) Concurrent Cleanup for Next Mark
[2024-09-09T03:14:25.172+0800][info] GC(58) Concurrent Cleanup for Next Mark 0.244ms
[2024-09-09T03:14:25.172+0800][info] GC(58) Concurrent Mark Cycle 6.538ms
[2024-09-09T03:14:25.814+0800][info] GC(59) Pause Young (Normal) (G1 Evacuation Pause)
[2024-09-09T03:14:25.814+0800][info] GC(59) Using 3 workers of 48 for evacuation
[2024-09-09T03:14:25.815+0800][info] GC(59)   Pre Evacuate Collection Set: 0.0ms
[2024-09-09T03:14:25.815+0800][info] GC(59)   Merge Heap Roots: 0.0ms
[2024-09-09T03:14:25.815+0800][info] GC(59)   Evacuate Collection Set: 1.0ms
[2024-09-09T03:14:25.815+0800][info] GC(59)   Post Evacuate Collection Set: 0.1ms
[2024-09-09T03:14:25.815+0800][info] GC(59)   Other: 0.1ms
[2024-09-09T03:14:25.815+0800][info] GC(59) Eden regions: 1->0(1)
[2024-09-09T03:14:25.815+0800][info] GC(59) Survivor regions: 1->1(1)
[2024-09-09T03:14:25.815+0800][info] GC(59) Old regions: 4->5
[2024-09-09T03:14:25.815+0800][info] GC(59) Archive regions: 2->2
[2024-09-09T03:14:25.815+0800][info] GC(59) Humongous regions: 0->0
[2024-09-09T03:14:25.815+0800][info] GC(59) Metaspace: 768K(896K)->768K(896K) NonClass: 706K(768K)->706K(768K) Class: 62K(128K)->62K(128K)
[2024-09-09T03:14:25.815+0800][info] GC(59) Pause Young (Normal) (G1 Evacuation Pause) 24M->24M(128M) 1.363ms
[2024-09-09T03:14:25.815+0800][info] GC(59) User=0.00s Sys=0.00s Real=0.00s
[2024-09-09T03:14:26.313+0800][info] GC(60) Pause Young (Concurrent Start) (G1 Evacuation Pause)
[2024-09-09T03:14:26.313+0800][info] GC(60) Using 3 workers of 48 for evacuation
[2024-09-09T03:14:26.314+0800][info] GC(60)   Pre Evacuate Collection Set: 0.0ms
[2024-09-09T03:14:26.314+0800][info] GC(60)   Merge Heap Roots: 0.0ms
[2024-09-09T03:14:26.314+0800][info] GC(60)   Evacuate Collection Set: 1.0ms
[2024-09-09T03:14:26.314+0800][info] GC(60)   Post Evacuate Collection Set: 0.1ms
[2024-09-09T03:14:26.314+0800][info] GC(60)   Other: 0.2ms
[2024-09-09T03:14:26.315+0800][info] GC(60) Eden regions: 1->0(1)
[2024-09-09T03:14:26.315+0800][info] GC(60) Survivor regions: 1->1(1)
[2024-09-09T03:14:26.315+0800][info] GC(60) Old regions: 5->6
[2024-09-09T03:14:26.315+0800][info] GC(60) Archive regions: 2->2
[2024-09-09T03:14:26.315+0800][info] GC(60) Humongous regions: 0->0
[2024-09-09T03:14:26.315+0800][info] GC(60) Metaspace: 768K(896K)->768K(896K) NonClass: 706K(768K)->706K(768K) Class: 62K(128K)->62K(128K)
[2024-09-09T03:14:26.315+0800][info] GC(60) Pause Young (Concurrent Start) (G1 Evacuation Pause) 28M->28M(128M) 1.423ms
[2024-09-09T03:14:26.315+0800][info] GC(60) User=0.01s Sys=0.00s Real=0.00s
[2024-09-09T03:14:26.315+0800][info] GC(61) Concurrent Mark Cycle
[2024-09-09T03:14:26.315+0800][info] GC(61) Concurrent Clear Claimed Marks
[2024-09-09T03:14:26.315+0800][info] GC(61) Concurrent Clear Claimed Marks 0.026ms
[2024-09-09T03:14:26.315+0800][info] GC(61) Concurrent Scan Root Regions
[2024-09-09T03:14:26.315+0800][info] GC(61) Concurrent Scan Root Regions 0.077ms
[2024-09-09T03:14:26.315+0800][info] GC(61) Concurrent Mark
[2024-09-09T03:14:26.315+0800][info] GC(61) Concurrent Mark From Roots
[2024-09-09T03:14:26.315+0800][info] GC(61) Using 12 workers of 12 for marking
[2024-09-09T03:14:26.317+0800][info] GC(61) Concurrent Mark From Roots 2.051ms
[2024-09-09T03:14:26.317+0800][info] GC(61) Concurrent Preclean
[2024-09-09T03:14:26.319+0800][info] GC(61) Concurrent Preclean 1.685ms
[2024-09-09T03:14:26.319+0800][info] GC(61) Pause Remark
[2024-09-09T03:14:26.319+0800][info] GC(61) Pause Remark 28M->28M(128M) 0.833ms
[2024-09-09T03:14:26.319+0800][info] GC(61) User=0.00s Sys=0.00s Real=0.00s
[2024-09-09T03:14:26.319+0800][info] GC(61) Concurrent Mark 4.691ms
[2024-09-09T03:14:26.320+0800][info] GC(61) Concurrent Rebuild Remembered Sets
[2024-09-09T03:14:26.321+0800][info] GC(61) Concurrent Rebuild Remembered Sets 1.324ms
[2024-09-09T03:14:26.321+0800][info] GC(61) Pause Cleanup
[2024-09-09T03:14:26.321+0800][info] GC(61) Pause Cleanup 28M->28M(128M) 0.088ms
[2024-09-09T03:14:26.321+0800][info] GC(61) User=0.00s Sys=0.00s Real=0.00s
[2024-09-09T03:14:26.321+0800][info] GC(61) Concurrent Cleanup for Next Mark
[2024-09-09T03:14:26.321+0800][info] GC(61) Concurrent Cleanup for Next Mark 0.209ms
[2024-09-09T03:14:26.321+0800][info] GC(61) Concurrent Mark Cycle 6.634ms
[2024-09-09T03:14:26.964+0800][info] GC(62) Pause Young (Prepare Mixed) (G1 Evacuation Pause)
[2024-09-09T03:14:26.964+0800][info] GC(62) Using 3 workers of 48 for evacuation
[2024-09-09T03:14:26.966+0800][info] GC(62)   Pre Evacuate Collection Set: 0.0ms
[2024-09-09T03:14:26.966+0800][info] GC(62)   Merge Heap Roots: 0.0ms
[2024-09-09T03:14:26.966+0800][info] GC(62)   Evacuate Collection Set: 1.0ms
[2024-09-09T03:14:26.966+0800][info] GC(62)   Post Evacuate Collection Set: 0.1ms
[2024-09-09T03:14:26.966+0800][info] GC(62)   Other: 0.1ms
[2024-09-09T03:14:26.966+0800][info] GC(62) Eden regions: 1->0(1)
[2024-09-09T03:14:26.966+0800][info] GC(62) Survivor regions: 1->1(1)
[2024-09-09T03:14:26.966+0800][info] GC(62) Old regions: 6->7
[2024-09-09T03:14:26.966+0800][info] GC(62) Archive regions: 2->2
[2024-09-09T03:14:26.966+0800][info] GC(62) Humongous regions: 0->0
[2024-09-09T03:14:26.966+0800][info] GC(62) Metaspace: 772K(896K)->772K(896K) NonClass: 710K(768K)->710K(768K) Class: 62K(128K)->62K(128K)
[2024-09-09T03:14:26.966+0800][info] GC(62) Pause Young (Prepare Mixed) (G1 Evacuation Pause) 32M->32M(128M) 1.389ms
[2024-09-09T03:14:26.966+0800][info] GC(62) User=0.01s Sys=0.00s Real=0.01s
[2024-09-09T03:14:27.463+0800][info] GC(63) Pause Young (Mixed) (G1 Evacuation Pause)
[2024-09-09T03:14:27.463+0800][info] GC(63) Using 3 workers of 48 for evacuation
[2024-09-09T03:14:27.465+0800][info] GC(63)   Pre Evacuate Collection Set: 0.0ms
[2024-09-09T03:14:27.465+0800][info] GC(63)   Merge Heap Roots: 0.0ms
[2024-09-09T03:14:27.465+0800][info] GC(63)   Evacuate Collection Set: 1.4ms
[2024-09-09T03:14:27.465+0800][info] GC(63)   Post Evacuate Collection Set: 0.1ms
[2024-09-09T03:14:27.465+0800][info] GC(63)   Other: 0.1ms
[2024-09-09T03:14:27.465+0800][info] GC(63) Eden regions: 1->0(1)
[2024-09-09T03:14:27.465+0800][info] GC(63) Survivor regions: 1->1(1)
[2024-09-09T03:14:27.465+0800][info] GC(63) Old regions: 7->7
[2024-09-09T03:14:27.465+0800][info] GC(63) Archive regions: 2->2
[2024-09-09T03:14:27.465+0800][info] GC(63) Humongous regions: 0->0
[2024-09-09T03:14:27.465+0800][info] GC(63) Metaspace: 772K(896K)->772K(896K) NonClass: 710K(768K)->710K(768K) Class: 62K(128K)->62K(128K)
[2024-09-09T03:14:27.465+0800][info] GC(63) Pause Young (Mixed) (G1 Evacuation Pause) 36M->32M(128M) 1.823ms
[2024-09-09T03:14:27.465+0800][info] GC(63) User=0.00s Sys=0.00s Real=0.01s
[2024-09-09T03:14:27.962+0800][info] GC(64) Pause Young (Concurrent Start) (G1 Evacuation Pause)
[2024-09-09T03:14:27.962+0800][info] GC(64) Using 3 workers of 48 for evacuation
[2024-09-09T03:14:27.963+0800][info] GC(64)   Pre Evacuate Collection Set: 0.0ms
[2024-09-09T03:14:27.963+0800][info] GC(64)   Merge Heap Roots: 0.0ms
[2024-09-09T03:14:27.963+0800][info] GC(64)   Evacuate Collection Set: 1.0ms
[2024-09-09T03:14:27.963+0800][info] GC(64)   Post Evacuate Collection Set: 0.1ms
[2024-09-09T03:14:27.963+0800][info] GC(64)   Other: 0.2ms
[2024-09-09T03:14:27.963+0800][info] GC(64) Eden regions: 1->0(1)
[2024-09-09T03:14:27.963+0800][info] GC(64) Survivor regions: 1->1(1)
[2024-09-09T03:14:27.963+0800][info] GC(64) Old regions: 7->8
[2024-09-09T03:14:27.963+0800][info] GC(64) Archive regions: 2->2
[2024-09-09T03:14:27.963+0800][info] GC(64) Humongous regions: 0->0
[2024-09-09T03:14:27.963+0800][info] GC(64) Metaspace: 772K(896K)->772K(896K) NonClass: 710K(768K)->710K(768K) Class: 62K(128K)->62K(128K)
[2024-09-09T03:14:27.963+0800][info] GC(64) Pause Young (Concurrent Start) (G1 Evacuation Pause) 36M->36M(128M) 1.437ms
[2024-09-09T03:14:27.963+0800][info] GC(64) User=0.00s Sys=0.00s Real=0.00s
[2024-09-09T03:14:27.963+0800][info] GC(65) Concurrent Mark Cycle
[2024-09-09T03:14:27.963+0800][info] GC(65) Concurrent Clear Claimed Marks
[2024-09-09T03:14:27.964+0800][info] GC(65) Concurrent Clear Claimed Marks 0.018ms
[2024-09-09T03:14:27.964+0800][info] GC(65) Concurrent Scan Root Regions
[2024-09-09T03:14:27.964+0800][info] GC(65) Concurrent Scan Root Regions 0.108ms
[2024-09-09T03:14:27.964+0800][info] GC(65) Concurrent Mark
[2024-09-09T03:14:27.964+0800][info] GC(65) Concurrent Mark From Roots
[2024-09-09T03:14:27.964+0800][info] GC(65) Using 12 workers of 12 for marking
[2024-09-09T03:14:27.967+0800][info] GC(65) Concurrent Mark From Roots 3.122ms
[2024-09-09T03:14:27.967+0800][info] GC(65) Concurrent Preclean
[2024-09-09T03:14:27.969+0800][info] GC(65) Concurrent Preclean 1.687ms
[2024-09-09T03:14:27.969+0800][info] GC(65) Pause Remark
[2024-09-09T03:14:27.969+0800][info] GC(65) Pause Remark 36M->32M(128M) 0.922ms
[2024-09-09T03:14:27.969+0800][info] GC(65) User=0.01s Sys=0.00s Real=0.00s
[2024-09-09T03:14:27.970+0800][info] GC(65) Concurrent Mark 5.866ms
[2024-09-09T03:14:27.970+0800][info] GC(65) Concurrent Rebuild Remembered Sets
[2024-09-09T03:14:27.971+0800][info] GC(65) Concurrent Rebuild Remembered Sets 1.626ms
[2024-09-09T03:14:27.971+0800][info] GC(65) Pause Cleanup
[2024-09-09T03:14:27.971+0800][info] GC(65) Pause Cleanup 32M->32M(128M) 0.097ms
[2024-09-09T03:14:27.971+0800][info] GC(65) User=0.00s Sys=0.00s Real=0.00s
[2024-09-09T03:14:27.971+0800][info] GC(65) Concurrent Cleanup for Next Mark
[2024-09-09T03:14:27.972+0800][info] GC(65) Concurrent Cleanup for Next Mark 0.310ms
[2024-09-09T03:14:27.972+0800][info] GC(65) Concurrent Mark Cycle 8.245ms
[2024-09-09T03:14:28.613+0800][info] GC(66) Pause Young (Prepare Mixed) (G1 Evacuation Pause)
[2024-09-09T03:14:28.613+0800][info] GC(66) Using 3 workers of 48 for evacuation
[2024-09-09T03:14:28.614+0800][info] GC(66)   Pre Evacuate Collection Set: 0.0ms
[2024-09-09T03:14:28.614+0800][info] GC(66)   Merge Heap Roots: 0.0ms
[2024-09-09T03:14:28.614+0800][info] GC(66)   Evacuate Collection Set: 1.0ms
[2024-09-09T03:14:28.614+0800][info] GC(66)   Post Evacuate Collection Set: 0.1ms
[2024-09-09T03:14:28.614+0800][info] GC(66)   Other: 0.1ms
[2024-09-09T03:14:28.614+0800][info] GC(66) Eden regions: 1->0(1)
[2024-09-09T03:14:28.614+0800][info] GC(66) Survivor regions: 1->1(1)
[2024-09-09T03:14:28.614+0800][info] GC(66) Old regions: 7->8
[2024-09-09T03:14:28.614+0800][info] GC(66) Archive regions: 2->2
[2024-09-09T03:14:28.614+0800][info] GC(66) Humongous regions: 0->0
[2024-09-09T03:14:28.614+0800][info] GC(66) Metaspace: 788K(960K)->788K(960K) NonClass: 726K(832K)->726K(832K) Class: 62K(128K)->62K(128K)
[2024-09-09T03:14:28.614+0800][info] GC(66) Pause Young (Prepare Mixed) (G1 Evacuation Pause) 36M->36M(128M) 1.302ms
[2024-09-09T03:14:28.614+0800][info] GC(66) User=0.01s Sys=0.00s Real=0.00s
[2024-09-09T03:14:29.112+0800][info] GC(67) Pause Young (Mixed) (G1 Evacuation Pause)
[2024-09-09T03:14:29.112+0800][info] GC(67) Using 3 workers of 48 for evacuation
[2024-09-09T03:14:29.113+0800][info] GC(67)   Pre Evacuate Collection Set: 0.0ms
[2024-09-09T03:14:29.113+0800][info] GC(67)   Merge Heap Roots: 0.0ms
[2024-09-09T03:14:29.113+0800][info] GC(67)   Evacuate Collection Set: 0.9ms
[2024-09-09T03:14:29.113+0800][info] GC(67)   Post Evacuate Collection Set: 0.1ms
[2024-09-09T03:14:29.113+0800][info] GC(67)   Other: 0.1ms
[2024-09-09T03:14:29.113+0800][info] GC(67) Eden regions: 1->0(1)
[2024-09-09T03:14:29.113+0800][info] GC(67) Survivor regions: 1->1(1)
[2024-09-09T03:14:29.113+0800][info] GC(67) Old regions: 8->8
[2024-09-09T03:14:29.113+0800][info] GC(67) Archive regions: 2->2
[2024-09-09T03:14:29.113+0800][info] GC(67) Humongous regions: 0->0
[2024-09-09T03:14:29.113+0800][info] GC(67) Metaspace: 788K(960K)->788K(960K) NonClass: 726K(832K)->726K(832K) Class: 62K(128K)->62K(128K)
[2024-09-09T03:14:29.113+0800][info] GC(67) Pause Young (Mixed) (G1 Evacuation Pause) 40M->36M(128M) 1.197ms
[2024-09-09T03:14:29.113+0800][info] GC(67) User=0.00s Sys=0.00s Real=0.00s
[2024-09-09T03:14:29.612+0800][info] GC(68) Pause Young (Mixed) (G1 Evacuation Pause)
[2024-09-09T03:14:29.612+0800][info] GC(68) Using 3 workers of 48 for evacuation
[2024-09-09T03:14:29.614+0800][info] GC(68)   Pre Evacuate Collection Set: 0.0ms
[2024-09-09T03:14:29.614+0800][info] GC(68)   Merge Heap Roots: 0.0ms
[2024-09-09T03:14:29.614+0800][info] GC(68)   Evacuate Collection Set: 1.8ms
[2024-09-09T03:14:29.614+0800][info] GC(68)   Post Evacuate Collection Set: 0.1ms
[2024-09-09T03:14:29.614+0800][info] GC(68)   Other: 0.1ms
[2024-09-09T03:14:29.614+0800][info] GC(68) Eden regions: 1->0(1)
[2024-09-09T03:14:29.614+0800][info] GC(68) Survivor regions: 1->1(1)
[2024-09-09T03:14:29.614+0800][info] GC(68) Old regions: 8->8
[2024-09-09T03:14:29.614+0800][info] GC(68) Archive regions: 2->2
[2024-09-09T03:14:29.614+0800][info] GC(68) Humongous regions: 0->0
[2024-09-09T03:14:29.614+0800][info] GC(68) Metaspace: 788K(960K)->788K(960K) NonClass: 726K(832K)->726K(832K) Class: 62K(128K)->62K(128K)
[2024-09-09T03:14:29.614+0800][info] GC(68) Pause Young (Mixed) (G1 Evacuation Pause) 40M->37M(128M) 2.158ms
[2024-09-09T03:14:29.614+0800][info] GC(68) User=0.00s Sys=0.00s Real=0.00s
[2024-09-09T03:14:30.114+0800][info] GC(69) Pause Young (Mixed) (G1 Evacuation Pause)
[2024-09-09T03:14:30.114+0800][info] GC(69) Using 3 workers of 48 for evacuation
[2024-09-09T03:14:30.116+0800][info] GC(69)   Pre Evacuate Collection Set: 0.0ms
[2024-09-09T03:14:30.116+0800][info] GC(69)   Merge Heap Roots: 0.0ms
[2024-09-09T03:14:30.116+0800][info] GC(69)   Evacuate Collection Set: 1.3ms
[2024-09-09T03:14:30.116+0800][info] GC(69)   Post Evacuate Collection Set: 0.1ms
[2024-09-09T03:14:30.116+0800][info] GC(69)   Other: 0.1ms
[2024-09-09T03:14:30.116+0800][info] GC(69) Eden regions: 1->0(1)
[2024-09-09T03:14:30.116+0800][info] GC(69) Survivor regions: 1->1(1)
[2024-09-09T03:14:30.116+0800][info] GC(69) Old regions: 8->9
[2024-09-09T03:14:30.116+0800][info] GC(69) Archive regions: 2->2
[2024-09-09T03:14:30.116+0800][info] GC(69) Humongous regions: 0->0
[2024-09-09T03:14:30.116+0800][info] GC(69) Metaspace: 788K(960K)->788K(960K) NonClass: 726K(832K)->726K(832K) Class: 62K(128K)->62K(128K)
[2024-09-09T03:14:30.116+0800][info] GC(69) Pause Young (Mixed) (G1 Evacuation Pause) 41M->40M(128M) 1.663ms
[2024-09-09T03:14:30.116+0800][info] GC(69) User=0.01s Sys=0.00s Real=0.00s
[2024-09-09T03:14:30.614+0800][info] GC(70) Pause Young (Concurrent Start) (G1 Evacuation Pause)
[2024-09-09T03:14:30.614+0800][info] GC(70) Using 3 workers of 48 for evacuation
[2024-09-09T03:14:30.615+0800][info] GC(70)   Pre Evacuate Collection Set: 0.0ms
[2024-09-09T03:14:30.615+0800][info] GC(70)   Merge Heap Roots: 0.0ms
[2024-09-09T03:14:30.615+0800][info] GC(70)   Evacuate Collection Set: 1.0ms
[2024-09-09T03:14:30.615+0800][info] GC(70)   Post Evacuate Collection Set: 0.1ms
[2024-09-09T03:14:30.615+0800][info] GC(70)   Other: 0.2ms
[2024-09-09T03:14:30.615+0800][info] GC(70) Eden regions: 1->0(1)
[2024-09-09T03:14:30.615+0800][info] GC(70) Survivor regions: 1->1(1)
[2024-09-09T03:14:30.615+0800][info] GC(70) Old regions: 9->10
[2024-09-09T03:14:30.615+0800][info] GC(70) Archive regions: 2->2
[2024-09-09T03:14:30.615+0800][info] GC(70) Humongous regions: 0->0
[2024-09-09T03:14:30.615+0800][info] GC(70) Metaspace: 788K(960K)->788K(960K) NonClass: 726K(832K)->726K(832K) Class: 62K(128K)->62K(128K)
[2024-09-09T03:14:30.615+0800][info] GC(70) Pause Young (Concurrent Start) (G1 Evacuation Pause) 44M->44M(128M) 1.396ms
[2024-09-09T03:14:30.615+0800][info] GC(70) User=0.00s Sys=0.00s Real=0.00s
[2024-09-09T03:14:30.615+0800][info] GC(71) Concurrent Mark Cycle
[2024-09-09T03:14:30.616+0800][info] GC(71) Concurrent Clear Claimed Marks
[2024-09-09T03:14:30.616+0800][info] GC(71) Concurrent Clear Claimed Marks 0.019ms
[2024-09-09T03:14:30.616+0800][info] GC(71) Concurrent Scan Root Regions
[2024-09-09T03:14:30.616+0800][info] GC(71) Concurrent Scan Root Regions 0.081ms
[2024-09-09T03:14:30.616+0800][info] GC(71) Concurrent Mark
[2024-09-09T03:14:30.616+0800][info] GC(71) Concurrent Mark From Roots
[2024-09-09T03:14:30.616+0800][info] GC(71) Using 12 workers of 12 for marking
[2024-09-09T03:14:30.618+0800][info] GC(71) Concurrent Mark From Roots 2.054ms
[2024-09-09T03:14:30.618+0800][info] GC(71) Concurrent Preclean
[2024-09-09T03:14:30.619+0800][info] GC(71) Concurrent Preclean 1.719ms
[2024-09-09T03:14:30.619+0800][info] GC(71) Pause Remark
[2024-09-09T03:14:30.620+0800][info] GC(71) Pause Remark 45M->37M(128M) 0.892ms
[2024-09-09T03:14:30.620+0800][info] GC(71) User=0.00s Sys=0.00s Real=0.00s
[2024-09-09T03:14:30.620+0800][info] GC(71) Concurrent Mark 4.786ms
[2024-09-09T03:14:30.620+0800][info] GC(71) Concurrent Rebuild Remembered Sets
[2024-09-09T03:14:30.622+0800][info] GC(71) Concurrent Rebuild Remembered Sets 1.793ms
[2024-09-09T03:14:30.622+0800][info] GC(71) Pause Cleanup
[2024-09-09T03:14:30.622+0800][info] GC(71) Pause Cleanup 37M->37M(128M) 0.114ms
[2024-09-09T03:14:30.622+0800][info] GC(71) User=0.00s Sys=0.00s Real=0.00s
[2024-09-09T03:14:30.622+0800][info] GC(71) Concurrent Cleanup for Next Mark
[2024-09-09T03:14:30.623+0800][info] GC(71) Concurrent Cleanup for Next Mark 0.265ms
[2024-09-09T03:14:30.623+0800][info] GC(71) Concurrent Mark Cycle 7.263ms
[2024-09-09T03:14:31.266+0800][info] GC(72) Pause Young (Prepare Mixed) (G1 Evacuation Pause)
[2024-09-09T03:14:31.266+0800][info] GC(72) Using 3 workers of 48 for evacuation
[2024-09-09T03:14:31.267+0800][info] GC(72)   Pre Evacuate Collection Set: 0.0ms
[2024-09-09T03:14:31.267+0800][info] GC(72)   Merge Heap Roots: 0.0ms
[2024-09-09T03:14:31.267+0800][info] GC(72)   Evacuate Collection Set: 1.0ms
[2024-09-09T03:14:31.267+0800][info] GC(72)   Post Evacuate Collection Set: 0.1ms
[2024-09-09T03:14:31.267+0800][info] GC(72)   Other: 0.1ms
[2024-09-09T03:14:31.267+0800][info] GC(72) Eden regions: 1->0(1)
[2024-09-09T03:14:31.267+0800][info] GC(72) Survivor regions: 1->1(1)
[2024-09-09T03:14:31.267+0800][info] GC(72) Old regions: 8->9
[2024-09-09T03:14:31.267+0800][info] GC(72) Archive regions: 2->2
[2024-09-09T03:14:31.267+0800][info] GC(72) Humongous regions: 0->0
[2024-09-09T03:14:31.267+0800][info] GC(72) Metaspace: 789K(960K)->789K(960K) NonClass: 727K(832K)->727K(832K) Class: 62K(128K)->62K(128K)
[2024-09-09T03:14:31.267+0800][info] GC(72) Pause Young (Prepare Mixed) (G1 Evacuation Pause) 40M->40M(128M) 1.293ms
[2024-09-09T03:14:31.267+0800][info] GC(72) User=0.01s Sys=0.00s Real=0.00s
[2024-09-09T03:14:31.764+0800][info] GC(73) Pause Young (Mixed) (G1 Evacuation Pause)
[2024-09-09T03:14:31.765+0800][info] GC(73) Using 3 workers of 48 for evacuation
[2024-09-09T03:14:31.766+0800][info] GC(73)   Pre Evacuate Collection Set: 0.0ms
[2024-09-09T03:14:31.766+0800][info] GC(73)   Merge Heap Roots: 0.0ms
[2024-09-09T03:14:31.766+0800][info] GC(73)   Evacuate Collection Set: 1.3ms
[2024-09-09T03:14:31.766+0800][info] GC(73)   Post Evacuate Collection Set: 0.1ms
[2024-09-09T03:14:31.766+0800][info] GC(73)   Other: 0.1ms
[2024-09-09T03:14:31.766+0800][info] GC(73) Eden regions: 1->0(1)
[2024-09-09T03:14:31.766+0800][info] GC(73) Survivor regions: 1->1(1)
[2024-09-09T03:14:31.766+0800][info] GC(73) Old regions: 9->8
[2024-09-09T03:14:31.766+0800][info] GC(73) Archive regions: 2->2
[2024-09-09T03:14:31.766+0800][info] GC(73) Humongous regions: 0->0
[2024-09-09T03:14:31.766+0800][info] GC(73) Metaspace: 789K(960K)->789K(960K) NonClass: 727K(832K)->727K(832K) Class: 62K(128K)->62K(128K)
[2024-09-09T03:14:31.766+0800][info] GC(73) Pause Young (Mixed) (G1 Evacuation Pause) 44M->36M(128M) 1.659ms
[2024-09-09T03:14:31.766+0800][info] GC(73) User=0.00s Sys=0.00s Real=0.01s
[2024-09-09T03:14:32.263+0800][info] GC(74) Pause Young (Mixed) (G1 Evacuation Pause)
[2024-09-09T03:14:32.263+0800][info] GC(74) Using 3 workers of 48 for evacuation
[2024-09-09T03:14:32.264+0800][info] GC(74)   Pre Evacuate Collection Set: 0.0ms
[2024-09-09T03:14:32.264+0800][info] GC(74)   Merge Heap Roots: 0.0ms
[2024-09-09T03:14:32.264+0800][info] GC(74)   Evacuate Collection Set: 1.2ms
[2024-09-09T03:14:32.264+0800][info] GC(74)   Post Evacuate Collection Set: 0.1ms
[2024-09-09T03:14:32.264+0800][info] GC(74)   Other: 0.1ms
[2024-09-09T03:14:32.264+0800][info] GC(74) Eden regions: 1->0(1)
[2024-09-09T03:14:32.264+0800][info] GC(74) Survivor regions: 1->1(1)
[2024-09-09T03:14:32.264+0800][info] GC(74) Old regions: 8->8
[2024-09-09T03:14:32.264+0800][info] GC(74) Archive regions: 2->2
[2024-09-09T03:14:32.264+0800][info] GC(74) Humongous regions: 0->0
[2024-09-09T03:14:32.264+0800][info] GC(74) Metaspace: 789K(960K)->789K(960K) NonClass: 727K(832K)->727K(832K) Class: 62K(128K)->62K(128K)
[2024-09-09T03:14:32.264+0800][info] GC(74) Pause Young (Mixed) (G1 Evacuation Pause) 40M->38M(128M) 1.553ms
[2024-09-09T03:14:32.264+0800][info] GC(74) User=0.01s Sys=0.00s Real=0.00s
[2024-09-09T03:14:32.762+0800][info] GC(75) Pause Young (Mixed) (G1 Evacuation Pause)
[2024-09-09T03:14:32.762+0800][info] GC(75) Using 3 workers of 48 for evacuation
[2024-09-09T03:14:32.764+0800][info] GC(75)   Pre Evacuate Collection Set: 0.0ms
[2024-09-09T03:14:32.764+0800][info] GC(75)   Merge Heap Roots: 0.0ms
[2024-09-09T03:14:32.764+0800][info] GC(75)   Evacuate Collection Set: 1.3ms
[2024-09-09T03:14:32.764+0800][info] GC(75)   Post Evacuate Collection Set: 0.1ms
[2024-09-09T03:14:32.764+0800][info] GC(75)   Other: 0.1ms
[2024-09-09T03:14:32.764+0800][info] GC(75) Eden regions: 1->0(1)
[2024-09-09T03:14:32.764+0800][info] GC(75) Survivor regions: 1->1(1)
[2024-09-09T03:14:32.764+0800][info] GC(75) Old regions: 8->9
[2024-09-09T03:14:32.764+0800][info] GC(75) Archive regions: 2->2
[2024-09-09T03:14:32.764+0800][info] GC(75) Humongous regions: 0->0
[2024-09-09T03:14:32.764+0800][info] GC(75) Metaspace: 789K(960K)->789K(960K) NonClass: 727K(832K)->727K(832K) Class: 62K(128K)->62K(128K)
[2024-09-09T03:14:32.764+0800][info] GC(75) Pause Young (Mixed) (G1 Evacuation Pause) 42M->41M(128M) 1.643ms
[2024-09-09T03:14:32.764+0800][info] GC(75) User=0.01s Sys=0.00s Real=0.00s
[2024-09-09T03:14:33.260+0800][info] GC(76) Pause Young (Concurrent Start) (G1 Evacuation Pause)
[2024-09-09T03:14:33.260+0800][info] GC(76) Using 3 workers of 48 for evacuation
[2024-09-09T03:14:33.262+0800][info] GC(76)   Pre Evacuate Collection Set: 0.0ms
[2024-09-09T03:14:33.262+0800][info] GC(76)   Merge Heap Roots: 0.0ms
[2024-09-09T03:14:33.262+0800][info] GC(76)   Evacuate Collection Set: 1.0ms
[2024-09-09T03:14:33.262+0800][info] GC(76)   Post Evacuate Collection Set: 0.1ms
[2024-09-09T03:14:33.262+0800][info] GC(76)   Other: 0.2ms
[2024-09-09T03:14:33.262+0800][info] GC(76) Eden regions: 1->0(2)
[2024-09-09T03:14:33.262+0800][info] GC(76) Survivor regions: 1->1(1)
[2024-09-09T03:14:33.262+0800][info] GC(76) Old regions: 9->10
[2024-09-09T03:14:33.262+0800][info] GC(76) Archive regions: 2->2
[2024-09-09T03:14:33.262+0800][info] GC(76) Humongous regions: 0->0
[2024-09-09T03:14:33.262+0800][info] GC(76) Metaspace: 789K(960K)->789K(960K) NonClass: 727K(832K)->727K(832K) Class: 62K(128K)->62K(128K)
[2024-09-09T03:14:33.262+0800][info] GC(76) Pause Young (Concurrent Start) (G1 Evacuation Pause) 45M->45M(128M) 1.454ms
[2024-09-09T03:14:33.262+0800][info] GC(76) User=0.00s Sys=0.00s Real=0.00s
[2024-09-09T03:14:33.262+0800][info] GC(77) Concurrent Mark Cycle
[2024-09-09T03:14:33.262+0800][info] GC(77) Concurrent Clear Claimed Marks
[2024-09-09T03:14:33.262+0800][info] GC(77) Concurrent Clear Claimed Marks 0.025ms
[2024-09-09T03:14:33.262+0800][info] GC(77) Concurrent Scan Root Regions
[2024-09-09T03:14:33.262+0800][info] GC(77) Concurrent Scan Root Regions 0.176ms
[2024-09-09T03:14:33.262+0800][info] GC(77) Concurrent Mark
[2024-09-09T03:14:33.262+0800][info] GC(77) Concurrent Mark From Roots
[2024-09-09T03:14:33.262+0800][info] GC(77) Using 12 workers of 12 for marking
[2024-09-09T03:14:33.264+0800][info] GC(77) Concurrent Mark From Roots 2.048ms
[2024-09-09T03:14:33.264+0800][info] GC(77) Concurrent Preclean
[2024-09-09T03:14:33.266+0800][info] GC(77) Concurrent Preclean 1.793ms
[2024-09-09T03:14:33.266+0800][info] GC(77) Pause Remark
[2024-09-09T03:14:33.267+0800][info] GC(77) Pause Remark 45M->41M(128M) 0.816ms
[2024-09-09T03:14:33.267+0800][info] GC(77) User=0.00s Sys=0.00s Real=0.00s
[2024-09-09T03:14:33.267+0800][info] GC(77) Concurrent Mark 4.791ms
[2024-09-09T03:14:33.267+0800][info] GC(77) Concurrent Rebuild Remembered Sets
[2024-09-09T03:14:33.269+0800][info] GC(77) Concurrent Rebuild Remembered Sets 2.198ms
[2024-09-09T03:14:33.269+0800][info] GC(77) Pause Cleanup
[2024-09-09T03:14:33.269+0800][info] GC(77) Pause Cleanup 41M->41M(128M) 0.126ms
[2024-09-09T03:14:33.269+0800][info] GC(77) User=0.00s Sys=0.00s Real=0.00s
[2024-09-09T03:14:33.269+0800][info] GC(77) Concurrent Cleanup for Next Mark
[2024-09-09T03:14:33.270+0800][info] GC(77) Concurrent Cleanup for Next Mark 0.400ms
[2024-09-09T03:14:33.270+0800][info] GC(77) Concurrent Mark Cycle 7.970ms
[2024-09-09T03:14:34.417+0800][info] GC(78) Pause Young (Prepare Mixed) (G1 Evacuation Pause)
[2024-09-09T03:14:34.417+0800][info] GC(78) Using 3 workers of 48 for evacuation
[2024-09-09T03:14:34.419+0800][info] GC(78)   Pre Evacuate Collection Set: 0.0ms
[2024-09-09T03:14:34.419+0800][info] GC(78)   Merge Heap Roots: 0.0ms
[2024-09-09T03:14:34.419+0800][info] GC(78)   Evacuate Collection Set: 1.6ms
[2024-09-09T03:14:34.419+0800][info] GC(78)   Post Evacuate Collection Set: 0.1ms
[2024-09-09T03:14:34.419+0800][info] GC(78)   Other: 0.1ms
[2024-09-09T03:14:34.419+0800][info] GC(78) Eden regions: 2->0(1)
[2024-09-09T03:14:34.419+0800][info] GC(78) Survivor regions: 1->1(1)
[2024-09-09T03:14:34.419+0800][info] GC(78) Old regions: 9->11
[2024-09-09T03:14:34.419+0800][info] GC(78) Archive regions: 2->2
[2024-09-09T03:14:34.419+0800][info] GC(78) Humongous regions: 0->0
[2024-09-09T03:14:34.419+0800][info] GC(78) Metaspace: 806K(960K)->806K(960K) NonClass: 744K(832K)->744K(832K) Class: 62K(128K)->62K(128K)
[2024-09-09T03:14:34.419+0800][info] GC(78) Pause Young (Prepare Mixed) (G1 Evacuation Pause) 49M->49M(128M) 1.966ms
[2024-09-09T03:14:34.419+0800][info] GC(78) User=0.00s Sys=0.00s Real=0.00s
[2024-09-09T03:14:34.917+0800][info] GC(79) Pause Young (Mixed) (G1 Evacuation Pause)
[2024-09-09T03:14:34.917+0800][info] GC(79) Using 3 workers of 48 for evacuation
[2024-09-09T03:14:34.919+0800][info] GC(79)   Pre Evacuate Collection Set: 0.0ms
[2024-09-09T03:14:34.919+0800][info] GC(79)   Merge Heap Roots: 0.0ms
[2024-09-09T03:14:34.919+0800][info] GC(79)   Evacuate Collection Set: 2.1ms
[2024-09-09T03:14:34.919+0800][info] GC(79)   Post Evacuate Collection Set: 0.1ms
[2024-09-09T03:14:34.919+0800][info] GC(79)   Other: 0.1ms
[2024-09-09T03:14:34.919+0800][info] GC(79) Eden regions: 1->0(1)
[2024-09-09T03:14:34.919+0800][info] GC(79) Survivor regions: 1->1(1)
[2024-09-09T03:14:34.919+0800][info] GC(79) Old regions: 11->9
[2024-09-09T03:14:34.919+0800][info] GC(79) Archive regions: 2->2
[2024-09-09T03:14:34.919+0800][info] GC(79) Humongous regions: 0->0
[2024-09-09T03:14:34.919+0800][info] GC(79) Metaspace: 806K(960K)->806K(960K) NonClass: 744K(832K)->744K(832K) Class: 62K(128K)->62K(128K)
[2024-09-09T03:14:34.919+0800][info] GC(79) Pause Young (Mixed) (G1 Evacuation Pause) 53M->40M(128M) 2.466ms
[2024-09-09T03:14:34.919+0800][info] GC(79) User=0.01s Sys=0.00s Real=0.00s
[2024-09-09T03:14:35.418+0800][info] GC(80) Pause Young (Mixed) (G1 Evacuation Pause)
[2024-09-09T03:14:35.418+0800][info] GC(80) Using 3 workers of 48 for evacuation
[2024-09-09T03:14:35.421+0800][info] GC(80)   Pre Evacuate Collection Set: 0.0ms
[2024-09-09T03:14:35.421+0800][info] GC(80)   Merge Heap Roots: 0.0ms
[2024-09-09T03:14:35.421+0800][info] GC(80)   Evacuate Collection Set: 2.8ms
[2024-09-09T03:14:35.421+0800][info] GC(80)   Post Evacuate Collection Set: 0.2ms
[2024-09-09T03:14:35.421+0800][info] GC(80)   Other: 0.1ms
[2024-09-09T03:14:35.421+0800][info] GC(80) Eden regions: 1->0(5)
[2024-09-09T03:14:35.421+0800][info] GC(80) Survivor regions: 1->1(1)
[2024-09-09T03:14:35.421+0800][info] GC(80) Old regions: 9->9
[2024-09-09T03:14:35.421+0800][info] GC(80) Archive regions: 2->2
[2024-09-09T03:14:35.421+0800][info] GC(80) Humongous regions: 0->0
[2024-09-09T03:14:35.421+0800][info] GC(80) Metaspace: 806K(960K)->806K(960K) NonClass: 744K(832K)->744K(832K) Class: 62K(128K)->62K(128K)
[2024-09-09T03:14:35.421+0800][info] GC(80) Pause Young (Mixed) (G1 Evacuation Pause) 44M->40M(128M) 3.172ms
[2024-09-09T03:14:35.421+0800][info] GC(80) User=0.01s Sys=0.01s Real=0.00s
[2024-09-09T03:14:36.659+0800][info] GC(81) Pause Young (Concurrent Start) (G1 Humongous Allocation)
[2024-09-09T03:14:36.659+0800][info] GC(81) Using 3 workers of 48 for evacuation
[2024-09-09T03:14:36.661+0800][info] GC(81)   Pre Evacuate Collection Set: 0.0ms
[2024-09-09T03:14:36.661+0800][info] GC(81)   Merge Heap Roots: 0.0ms
[2024-09-09T03:14:36.661+0800][info] GC(81)   Evacuate Collection Set: 1.8ms
[2024-09-09T03:14:36.661+0800][info] GC(81)   Post Evacuate Collection Set: 0.1ms
[2024-09-09T03:14:36.661+0800][info] GC(81)   Other: 0.2ms
[2024-09-09T03:14:36.661+0800][info] GC(81) Eden regions: 3->0(4)
[2024-09-09T03:14:36.661+0800][info] GC(81) Survivor regions: 1->1(1)
[2024-09-09T03:14:36.661+0800][info] GC(81) Old regions: 9->11
[2024-09-09T03:14:36.661+0800][info] GC(81) Archive regions: 2->2
[2024-09-09T03:14:36.661+0800][info] GC(81) Humongous regions: 0->0
[2024-09-09T03:14:36.662+0800][info] GC(81) Metaspace: 806K(960K)->806K(960K) NonClass: 744K(832K)->744K(832K) Class: 62K(128K)->62K(128K)
[2024-09-09T03:14:36.662+0800][info] GC(81) Pause Young (Concurrent Start) (G1 Humongous Allocation) 50M->50M(128M) 2.272ms
[2024-09-09T03:14:36.662+0800][info] GC(81) User=0.01s Sys=0.00s Real=0.00s
[2024-09-09T03:14:36.662+0800][info] GC(82) Concurrent Mark Cycle
[2024-09-09T03:14:36.662+0800][info] GC(82) Concurrent Clear Claimed Marks
[2024-09-09T03:14:36.662+0800][info] GC(82) Concurrent Clear Claimed Marks 0.025ms
[2024-09-09T03:14:36.662+0800][info] GC(82) Concurrent Scan Root Regions
[2024-09-09T03:14:36.662+0800][info] GC(82) Concurrent Scan Root Regions 0.082ms
[2024-09-09T03:14:36.662+0800][info] GC(82) Concurrent Mark
[2024-09-09T03:14:36.662+0800][info] GC(82) Concurrent Mark From Roots
[2024-09-09T03:14:36.662+0800][info] GC(82) Using 12 workers of 12 for marking
[2024-09-09T03:14:36.663+0800][info] GC(82) Concurrent Mark From Roots 1.665ms
[2024-09-09T03:14:36.663+0800][info] GC(82) Concurrent Preclean
[2024-09-09T03:14:36.665+0800][info] GC(82) Concurrent Preclean 1.711ms
[2024-09-09T03:14:36.665+0800][info] GC(82) Pause Remark
[2024-09-09T03:14:36.666+0800][info] GC(82) Pause Remark 67M->59M(128M) 0.936ms
[2024-09-09T03:14:36.666+0800][info] GC(82) User=0.00s Sys=0.00s Real=0.00s
[2024-09-09T03:14:36.666+0800][info] GC(82) Concurrent Mark 4.448ms
[2024-09-09T03:14:36.666+0800][info] GC(82) Concurrent Rebuild Remembered Sets
[2024-09-09T03:14:36.670+0800][info] GC(82) Concurrent Rebuild Remembered Sets 3.376ms
[2024-09-09T03:14:36.670+0800][info] GC(82) Pause Cleanup
[2024-09-09T03:14:36.670+0800][info] GC(82) Pause Cleanup 59M->59M(128M) 0.145ms
[2024-09-09T03:14:36.670+0800][info] GC(82) User=0.00s Sys=0.00s Real=0.00s
[2024-09-09T03:14:36.670+0800][info] GC(82) Concurrent Cleanup for Next Mark
[2024-09-09T03:14:36.670+0800][info] GC(82) Concurrent Cleanup for Next Mark 0.198ms
[2024-09-09T03:14:36.670+0800][info] GC(82) Concurrent Mark Cycle 8.509ms
[2024-09-09T03:14:37.278+0800][info] GC(83) Pause Young (Prepare Mixed) (G1 Preventive Collection)
[2024-09-09T03:14:37.278+0800][info] GC(83) Using 3 workers of 48 for evacuation
[2024-09-09T03:14:37.279+0800][info] GC(83)   Pre Evacuate Collection Set: 0.0ms
[2024-09-09T03:14:37.279+0800][info] GC(83)   Merge Heap Roots: 0.0ms
[2024-09-09T03:14:37.279+0800][info] GC(83)   Evacuate Collection Set: 0.6ms
[2024-09-09T03:14:37.279+0800][info] GC(83)   Post Evacuate Collection Set: 0.1ms
[2024-09-09T03:14:37.279+0800][info] GC(83)   Other: 0.1ms
[2024-09-09T03:14:37.279+0800][info] GC(83) Eden regions: 1->0(1)
[2024-09-09T03:14:37.279+0800][info] GC(83) Survivor regions: 1->1(1)
[2024-09-09T03:14:37.279+0800][info] GC(83) Old regions: 9->10
[2024-09-09T03:14:37.279+0800][info] GC(83) Archive regions: 2->2
[2024-09-09T03:14:37.279+0800][info] GC(83) Humongous regions: 12->12
[2024-09-09T03:14:37.279+0800][info] GC(83) Metaspace: 806K(960K)->806K(960K) NonClass: 744K(832K)->744K(832K) Class: 62K(128K)->62K(128K)
[2024-09-09T03:14:37.279+0800][info] GC(83) Pause Young (Prepare Mixed) (G1 Preventive Collection) 91M->90M(128M) 1.010ms
[2024-09-09T03:14:37.279+0800][info] GC(83) User=0.00s Sys=0.00s Real=0.00s
[2024-09-09T03:14:37.279+0800][info] Attempting full compaction
[2024-09-09T03:14:37.279+0800][info] GC(84) Using 1 workers of 48 for full compaction
[2024-09-09T03:14:37.279+0800][info] GC(84) Pause Full (G1 Compaction Pause)
[2024-09-09T03:14:37.279+0800][info] GC(84) Phase 1: Mark live objects
[2024-09-09T03:14:37.283+0800][info] GC(84) Phase 1: Mark live objects 3.426ms
[2024-09-09T03:14:37.283+0800][info] GC(84) Phase 2: Prepare for compaction
[2024-09-09T03:14:37.284+0800][info] GC(84) Phase 2: Prepare for compaction 0.694ms
[2024-09-09T03:14:37.284+0800][info] GC(84) Phase 3: Adjust pointers
[2024-09-09T03:14:37.286+0800][info] GC(84) Phase 3: Adjust pointers 2.709ms
[2024-09-09T03:14:37.286+0800][info] GC(84) Phase 4: Compact heap
[2024-09-09T03:14:37.287+0800][info] GC(84) Phase 4: Compact heap 0.852ms
[2024-09-09T03:14:37.288+0800][info] GC(84) Eden regions: 0->0(5)
[2024-09-09T03:14:37.288+0800][info] GC(84) Survivor regions: 1->0(1)
[2024-09-09T03:14:37.288+0800][info] GC(84) Old regions: 10->1
[2024-09-09T03:14:37.288+0800][info] GC(84) Archive regions: 2->2
[2024-09-09T03:14:37.288+0800][info] GC(84) Humongous regions: 12->12
[2024-09-09T03:14:37.288+0800][info] GC(84) Metaspace: 806K(960K)->806K(960K) NonClass: 744K(832K)->744K(832K) Class: 62K(128K)->62K(128K)
[2024-09-09T03:14:37.288+0800][info] GC(84) Pause Full (G1 Compaction Pause) 90M->52M(128M) 8.268ms
[2024-09-09T03:14:37.288+0800][info] GC(84) User=0.01s Sys=0.00s Real=0.01s
[2024-09-09T03:14:37.310+0800][info] GC(85) Pause Young (Concurrent Start) (G1 Humongous Allocation)
[2024-09-09T03:14:37.310+0800][info] GC(85) Using 3 workers of 48 for evacuation
[2024-09-09T03:14:37.310+0800][info] GC(85)   Pre Evacuate Collection Set: 0.0ms
[2024-09-09T03:14:37.310+0800][info] GC(85)   Merge Heap Roots: 0.0ms
[2024-09-09T03:14:37.310+0800][info] GC(85)   Evacuate Collection Set: 0.2ms
[2024-09-09T03:14:37.310+0800][info] GC(85)   Post Evacuate Collection Set: 0.1ms
[2024-09-09T03:14:37.310+0800][info] GC(85)   Other: 0.1ms
[2024-09-09T03:14:37.310+0800][info] GC(85) Eden regions: 1->0(1)
[2024-09-09T03:14:37.310+0800][info] GC(85) Survivor regions: 0->1(1)
[2024-09-09T03:14:37.310+0800][info] GC(85) Old regions: 1->1
[2024-09-09T03:14:37.310+0800][info] GC(85) Archive regions: 2->2
[2024-09-09T03:14:37.310+0800][info] GC(85) Humongous regions: 16->16
[2024-09-09T03:14:37.310+0800][info] GC(85) Metaspace: 806K(960K)->806K(960K) NonClass: 744K(832K)->744K(832K) Class: 62K(128K)->62K(128K)
[2024-09-09T03:14:37.310+0800][info] GC(85) Pause Young (Concurrent Start) (G1 Humongous Allocation) 69M->68M(128M) 0.624ms
[2024-09-09T03:14:37.310+0800][info] GC(85) User=0.00s Sys=0.00s Real=0.00s
[2024-09-09T03:14:37.310+0800][info] GC(86) Concurrent Mark Cycle
[2024-09-09T03:14:37.311+0800][info] GC(86) Concurrent Clear Claimed Marks
[2024-09-09T03:14:37.311+0800][info] GC(86) Concurrent Clear Claimed Marks 0.024ms
[2024-09-09T03:14:37.311+0800][info] GC(86) Concurrent Scan Root Regions
[2024-09-09T03:14:37.311+0800][info] GC(86) Concurrent Scan Root Regions 0.064ms
[2024-09-09T03:14:37.311+0800][info] GC(86) Concurrent Mark
[2024-09-09T03:14:37.311+0800][info] GC(86) Concurrent Mark From Roots
[2024-09-09T03:14:37.311+0800][info] GC(86) Using 12 workers of 12 for marking
[2024-09-09T03:14:37.314+0800][info] GC(86) Concurrent Mark From Roots 3.290ms
[2024-09-09T03:14:37.314+0800][info] GC(86) Concurrent Preclean
[2024-09-09T03:14:37.316+0800][info] GC(86) Concurrent Preclean 1.742ms
[2024-09-09T03:14:37.316+0800][info] GC(86) Pause Remark
[2024-09-09T03:14:37.317+0800][info] GC(86) Pause Remark 85M->69M(128M) 0.885ms
[2024-09-09T03:14:37.317+0800][info] GC(86) User=0.00s Sys=0.00s Real=0.00s
[2024-09-09T03:14:37.317+0800][info] GC(86) Concurrent Mark 6.048ms
[2024-09-09T03:14:37.317+0800][info] GC(86) Concurrent Rebuild Remembered Sets
[2024-09-09T03:14:37.320+0800][info] GC(86) Concurrent Rebuild Remembered Sets 3.617ms
[2024-09-09T03:14:37.320+0800][info] GC(86) Pause Cleanup
[2024-09-09T03:14:37.321+0800][info] GC(86) Pause Cleanup 69M->69M(128M) 0.154ms
[2024-09-09T03:14:37.321+0800][info] GC(86) User=0.00s Sys=0.00s Real=0.00s
[2024-09-09T03:14:37.321+0800][info] GC(86) Concurrent Cleanup for Next Mark
[2024-09-09T03:14:37.321+0800][info] GC(86) Concurrent Cleanup for Next Mark 0.212ms
[2024-09-09T03:14:37.321+0800][info] GC(86) Concurrent Mark Cycle 10.398ms
[2024-09-09T03:14:37.928+0800][info] GC(87) Pause Young (Prepare Mixed) (G1 Humongous Allocation)
[2024-09-09T03:14:37.928+0800][info] GC(87) Using 3 workers of 48 for evacuation
[2024-09-09T03:14:37.928+0800][info] GC(87)   Pre Evacuate Collection Set: 0.0ms
[2024-09-09T03:14:37.928+0800][info] GC(87)   Merge Heap Roots: 0.0ms
[2024-09-09T03:14:37.928+0800][info] GC(87)   Evacuate Collection Set: 0.1ms
[2024-09-09T03:14:37.928+0800][info] GC(87)   Post Evacuate Collection Set: 0.1ms
[2024-09-09T03:14:37.928+0800][info] GC(87)   Other: 0.1ms
[2024-09-09T03:14:37.928+0800][info] GC(87) Eden regions: 1->0(1)
[2024-09-09T03:14:37.928+0800][info] GC(87) Survivor regions: 1->1(1)
[2024-09-09T03:14:37.928+0800][info] GC(87) Old regions: 1->1
[2024-09-09T03:14:37.928+0800][info] GC(87) Archive regions: 2->2
[2024-09-09T03:14:37.928+0800][info] GC(87) Humongous regions: 24->24
[2024-09-09T03:14:37.928+0800][info] GC(87) Metaspace: 806K(960K)->806K(960K) NonClass: 744K(832K)->744K(832K) Class: 62K(128K)->62K(128K)
[2024-09-09T03:14:37.928+0800][info] GC(87) Pause Young (Prepare Mixed) (G1 Humongous Allocation) 101M->100M(128M) 0.487ms
[2024-09-09T03:14:37.928+0800][info] GC(87) User=0.00s Sys=0.00s Real=0.00s
[2024-09-09T03:14:37.928+0800][info] Attempting full compaction
[2024-09-09T03:14:37.928+0800][info] GC(88) Using 1 workers of 48 for full compaction
[2024-09-09T03:14:37.928+0800][info] GC(88) Pause Full (G1 Compaction Pause)
[2024-09-09T03:14:37.928+0800][info] GC(88) Phase 1: Mark live objects
[2024-09-09T03:14:37.933+0800][info] GC(88) Phase 1: Mark live objects 4.369ms
[2024-09-09T03:14:37.933+0800][info] GC(88) Phase 2: Prepare for compaction
[2024-09-09T03:14:37.933+0800][info] GC(88) Phase 2: Prepare for compaction 0.548ms
[2024-09-09T03:14:37.933+0800][info] GC(88) Phase 3: Adjust pointers
[2024-09-09T03:14:37.935+0800][info] GC(88) Phase 3: Adjust pointers 1.707ms
[2024-09-09T03:14:37.935+0800][info] GC(88) Phase 4: Compact heap
[2024-09-09T03:14:37.935+0800][info] GC(88) Phase 4: Compact heap 0.411ms
[2024-09-09T03:14:37.936+0800][info] GC(88) Eden regions: 0->0(1)
[2024-09-09T03:14:37.936+0800][info] GC(88) Survivor regions: 1->0(1)
[2024-09-09T03:14:37.936+0800][info] GC(88) Old regions: 1->1
[2024-09-09T03:14:37.936+0800][info] GC(88) Archive regions: 2->2
[2024-09-09T03:14:37.936+0800][info] GC(88) Humongous regions: 24->12
[2024-09-09T03:14:37.936+0800][info] GC(88) Metaspace: 806K(960K)->769K(960K) NonClass: 744K(832K)->716K(832K) Class: 62K(128K)->52K(128K)
[2024-09-09T03:14:37.936+0800][info] GC(88) Pause Full (G1 Compaction Pause) 100M->52M(128M) 7.740ms
[2024-09-09T03:14:37.936+0800][info] GC(88) User=0.01s Sys=0.00s Real=0.00s
[2024-09-09T03:14:37.958+0800][info] GC(89) Pause Young (Concurrent Start) (G1 Humongous Allocation)
[2024-09-09T03:14:37.958+0800][info] GC(89) Using 3 workers of 48 for evacuation
[2024-09-09T03:14:37.958+0800][info] GC(89)   Pre Evacuate Collection Set: 0.0ms
[2024-09-09T03:14:37.958+0800][info] GC(89)   Merge Heap Roots: 0.0ms
[2024-09-09T03:14:37.958+0800][info] GC(89)   Evacuate Collection Set: 0.1ms
[2024-09-09T03:14:37.958+0800][info] GC(89)   Post Evacuate Collection Set: 0.1ms
[2024-09-09T03:14:37.958+0800][info] GC(89)   Other: 0.2ms
[2024-09-09T03:14:37.958+0800][info] GC(89) Eden regions: 1->0(1)
[2024-09-09T03:14:37.958+0800][info] GC(89) Survivor regions: 0->1(1)
[2024-09-09T03:14:37.958+0800][info] GC(89) Old regions: 1->1
[2024-09-09T03:14:37.958+0800][info] GC(89) Archive regions: 2->2
[2024-09-09T03:14:37.958+0800][info] GC(89) Humongous regions: 16->16
[2024-09-09T03:14:37.958+0800][info] GC(89) Metaspace: 769K(960K)->769K(960K) NonClass: 716K(832K)->716K(832K) Class: 52K(128K)->52K(128K)
[2024-09-09T03:14:37.959+0800][info] GC(89) Pause Young (Concurrent Start) (G1 Humongous Allocation) 69M->68M(128M) 0.485ms
[2024-09-09T03:14:37.959+0800][info] GC(89) User=0.00s Sys=0.00s Real=0.00s
[2024-09-09T03:14:37.959+0800][info] GC(90) Concurrent Mark Cycle
[2024-09-09T03:14:37.959+0800][info] GC(90) Concurrent Clear Claimed Marks
[2024-09-09T03:14:37.959+0800][info] GC(90) Concurrent Clear Claimed Marks 0.012ms
[2024-09-09T03:14:37.959+0800][info] GC(90) Concurrent Scan Root Regions
[2024-09-09T03:14:37.959+0800][info] GC(90) Concurrent Scan Root Regions 0.058ms
[2024-09-09T03:14:37.959+0800][info] GC(90) Concurrent Mark
[2024-09-09T03:14:37.959+0800][info] GC(90) Concurrent Mark From Roots
[2024-09-09T03:14:37.959+0800][info] GC(90) Using 12 workers of 12 for marking
[2024-09-09T03:14:37.961+0800][info] GC(90) Concurrent Mark From Roots 1.993ms
[2024-09-09T03:14:37.961+0800][info] GC(90) Concurrent Preclean
[2024-09-09T03:14:37.962+0800][info] GC(90) Concurrent Preclean 0.919ms
[2024-09-09T03:14:37.962+0800][info] GC(90) Pause Remark
[2024-09-09T03:14:37.962+0800][info] GC(90) Pause Remark 85M->69M(128M) 0.718ms
[2024-09-09T03:14:37.962+0800][info] GC(90) User=0.00s Sys=0.00s Real=0.00s
[2024-09-09T03:14:37.962+0800][info] GC(90) Concurrent Mark 3.720ms
[2024-09-09T03:14:37.962+0800][info] GC(90) Concurrent Rebuild Remembered Sets
[2024-09-09T03:14:37.966+0800][info] GC(90) Concurrent Rebuild Remembered Sets 3.754ms
[2024-09-09T03:14:37.966+0800][info] GC(90) Pause Cleanup
[2024-09-09T03:14:37.966+0800][info] GC(90) Pause Cleanup 69M->69M(128M) 0.155ms
[2024-09-09T03:14:37.966+0800][info] GC(90) User=0.00s Sys=0.00s Real=0.00s
[2024-09-09T03:14:37.966+0800][info] GC(90) Concurrent Cleanup for Next Mark
[2024-09-09T03:14:37.967+0800][info] GC(90) Concurrent Cleanup for Next Mark 0.231ms
[2024-09-09T03:14:37.967+0800][info] GC(90) Concurrent Mark Cycle 8.091ms
[2024-09-09T03:14:39.043+0800][info] GC(91) Pause Young (Prepare Mixed) (G1 Evacuation Pause)
[2024-09-09T03:14:39.043+0800][info] GC(91) Using 3 workers of 48 for evacuation
[2024-09-09T03:14:39.044+0800][info] GC(91)   Pre Evacuate Collection Set: 0.0ms
[2024-09-09T03:14:39.044+0800][info] GC(91)   Merge Heap Roots: 0.0ms
[2024-09-09T03:14:39.044+0800][info] GC(91)   Evacuate Collection Set: 0.5ms
[2024-09-09T03:14:39.044+0800][info] GC(91)   Post Evacuate Collection Set: 0.1ms
[2024-09-09T03:14:39.044+0800][info] GC(91)   Other: 0.1ms
[2024-09-09T03:14:39.044+0800][info] GC(91) Eden regions: 1->0(1)
[2024-09-09T03:14:39.044+0800][info] GC(91) Survivor regions: 1->1(1)
[2024-09-09T03:14:39.044+0800][info] GC(91) Old regions: 1->1
[2024-09-09T03:14:39.044+0800][info] GC(91) Archive regions: 2->2
[2024-09-09T03:14:39.044+0800][info] GC(91) Humongous regions: 16->16
[2024-09-09T03:14:39.044+0800][info] GC(91) Metaspace: 769K(960K)->769K(960K) NonClass: 716K(832K)->716K(832K) Class: 52K(128K)->52K(128K)
[2024-09-09T03:14:39.044+0800][info] GC(91) Pause Young (Prepare Mixed) (G1 Evacuation Pause) 72M->72M(128M) 0.878ms
[2024-09-09T03:14:39.044+0800][info] GC(91) User=0.00s Sys=0.00s Real=0.00s
[2024-09-09T03:14:39.545+0800][info] GC(92) Pause Young (Mixed) (G1 Evacuation Pause)
[2024-09-09T03:14:39.545+0800][info] GC(92) Using 3 workers of 48 for evacuation
[2024-09-09T03:14:39.547+0800][info] GC(92)   Pre Evacuate Collection Set: 0.0ms
[2024-09-09T03:14:39.547+0800][info] GC(92)   Merge Heap Roots: 0.0ms
[2024-09-09T03:14:39.547+0800][info] GC(92)   Evacuate Collection Set: 2.0ms
[2024-09-09T03:14:39.547+0800][info] GC(92)   Post Evacuate Collection Set: 0.2ms
[2024-09-09T03:14:39.547+0800][info] GC(92)   Other: 0.1ms
[2024-09-09T03:14:39.547+0800][info] GC(92) Eden regions: 1->0(1)
[2024-09-09T03:14:39.547+0800][info] GC(92) Survivor regions: 1->1(1)
[2024-09-09T03:14:39.547+0800][info] GC(92) Old regions: 1->2
[2024-09-09T03:14:39.547+0800][info] GC(92) Archive regions: 2->2
[2024-09-09T03:14:39.547+0800][info] GC(92) Humongous regions: 16->0
[2024-09-09T03:14:39.547+0800][info] GC(92) Metaspace: 769K(960K)->769K(960K) NonClass: 716K(832K)->716K(832K) Class: 52K(128K)->52K(128K)
[2024-09-09T03:14:39.547+0800][info] GC(92) Pause Young (Mixed) (G1 Evacuation Pause) 76M->12M(128M) 2.386ms
[2024-09-09T03:14:39.547+0800][info] GC(92) User=0.01s Sys=0.00s Real=0.00s
[2024-09-09T03:14:40.043+0800][info] GC(93) Pause Young (Concurrent Start) (G1 Evacuation Pause)
[2024-09-09T03:14:40.044+0800][info] GC(93) Using 3 workers of 48 for evacuation
[2024-09-09T03:14:40.045+0800][info] GC(93)   Pre Evacuate Collection Set: 0.0ms
[2024-09-09T03:14:40.045+0800][info] GC(93)   Merge Heap Roots: 0.0ms
[2024-09-09T03:14:40.045+0800][info] GC(93)   Evacuate Collection Set: 0.9ms
[2024-09-09T03:14:40.045+0800][info] GC(93)   Post Evacuate Collection Set: 0.1ms
[2024-09-09T03:14:40.045+0800][info] GC(93)   Other: 0.8ms
[2024-09-09T03:14:40.045+0800][info] GC(93) Eden regions: 1->0(1)
[2024-09-09T03:14:40.045+0800][info] GC(93) Survivor regions: 1->1(1)
[2024-09-09T03:14:40.045+0800][info] GC(93) Old regions: 2->3
[2024-09-09T03:14:40.045+0800][info] GC(93) Archive regions: 2->2
[2024-09-09T03:14:40.045+0800][info] GC(93) Humongous regions: 0->0
[2024-09-09T03:14:40.045+0800][info] GC(93) Metaspace: 769K(960K)->769K(960K) NonClass: 716K(832K)->716K(832K) Class: 52K(128K)->52K(128K)
[2024-09-09T03:14:40.045+0800][info] GC(93) Pause Young (Concurrent Start) (G1 Evacuation Pause) 16M->16M(128M) 1.864ms
[2024-09-09T03:14:40.045+0800][info] GC(93) User=0.00s Sys=0.00s Real=0.01s
[2024-09-09T03:14:40.045+0800][info] GC(94) Concurrent Mark Cycle
[2024-09-09T03:14:40.045+0800][info] GC(94) Concurrent Clear Claimed Marks
[2024-09-09T03:14:40.045+0800][info] GC(94) Concurrent Clear Claimed Marks 0.008ms
[2024-09-09T03:14:40.045+0800][info] GC(94) Concurrent Scan Root Regions
[2024-09-09T03:14:40.045+0800][info] GC(94) Concurrent Scan Root Regions 0.062ms
[2024-09-09T03:14:40.045+0800][info] GC(94) Concurrent Mark
[2024-09-09T03:14:40.045+0800][info] GC(94) Concurrent Mark From Roots
[2024-09-09T03:14:40.045+0800][info] GC(94) Using 12 workers of 12 for marking
[2024-09-09T03:14:40.047+0800][info] GC(94) Concurrent Mark From Roots 1.720ms
[2024-09-09T03:14:40.047+0800][info] GC(94) Concurrent Preclean
[2024-09-09T03:14:40.048+0800][info] GC(94) Concurrent Preclean 0.710ms
[2024-09-09T03:14:40.048+0800][info] GC(94) Pause Remark
[2024-09-09T03:14:40.049+0800][info] GC(94) Pause Remark 17M->17M(128M) 0.611ms
[2024-09-09T03:14:40.049+0800][info] GC(94) User=0.00s Sys=0.00s Real=0.00s
[2024-09-09T03:14:40.049+0800][info] GC(94) Concurrent Mark 3.112ms
[2024-09-09T03:14:40.049+0800][info] GC(94) Concurrent Rebuild Remembered Sets
[2024-09-09T03:14:40.050+0800][info] GC(94) Concurrent Rebuild Remembered Sets 1.008ms
[2024-09-09T03:14:40.050+0800][info] GC(94) Pause Cleanup
[2024-09-09T03:14:40.050+0800][info] GC(94) Pause Cleanup 17M->17M(128M) 0.074ms
[2024-09-09T03:14:40.050+0800][info] GC(94) User=0.00s Sys=0.00s Real=0.00s
[2024-09-09T03:14:40.050+0800][info] GC(94) Concurrent Cleanup for Next Mark
[2024-09-09T03:14:40.050+0800][info] GC(94) Concurrent Cleanup for Next Mark 0.182ms
[2024-09-09T03:14:40.050+0800][info] GC(94) Concurrent Mark Cycle 4.562ms
[2024-09-09T03:14:40.694+0800][info] GC(95) Pause Young (Normal) (G1 Evacuation Pause)
[2024-09-09T03:14:40.694+0800][info] GC(95) Using 3 workers of 48 for evacuation
[2024-09-09T03:14:40.695+0800][info] GC(95)   Pre Evacuate Collection Set: 0.0ms
[2024-09-09T03:14:40.695+0800][info] GC(95)   Merge Heap Roots: 0.0ms
[2024-09-09T03:14:40.695+0800][info] GC(95)   Evacuate Collection Set: 0.9ms
[2024-09-09T03:14:40.695+0800][info] GC(95)   Post Evacuate Collection Set: 0.1ms
[2024-09-09T03:14:40.695+0800][info] GC(95)   Other: 0.1ms
[2024-09-09T03:14:40.695+0800][info] GC(95) Eden regions: 1->0(1)
[2024-09-09T03:14:40.695+0800][info] GC(95) Survivor regions: 1->1(1)
[2024-09-09T03:14:40.695+0800][info] GC(95) Old regions: 3->4
[2024-09-09T03:14:40.695+0800][info] GC(95) Archive regions: 2->2
[2024-09-09T03:14:40.695+0800][info] GC(95) Humongous regions: 0->0
[2024-09-09T03:14:40.695+0800][info] GC(95) Metaspace: 769K(960K)->769K(960K) NonClass: 716K(832K)->716K(832K) Class: 52K(128K)->52K(128K)
[2024-09-09T03:14:40.695+0800][info] GC(95) Pause Young (Normal) (G1 Evacuation Pause) 20M->20M(128M) 1.280ms
[2024-09-09T03:14:40.695+0800][info] GC(95) User=0.00s Sys=0.00s Real=0.00s
[2024-09-09T03:14:41.191+0800][info] GC(96) Pause Young (Concurrent Start) (G1 Evacuation Pause)
[2024-09-09T03:14:41.191+0800][info] GC(96) Using 3 workers of 48 for evacuation
[2024-09-09T03:14:41.193+0800][info] GC(96)   Pre Evacuate Collection Set: 0.0ms
[2024-09-09T03:14:41.193+0800][info] GC(96)   Merge Heap Roots: 0.0ms
[2024-09-09T03:14:41.193+0800][info] GC(96)   Evacuate Collection Set: 1.0ms
[2024-09-09T03:14:41.193+0800][info] GC(96)   Post Evacuate Collection Set: 0.1ms
[2024-09-09T03:14:41.193+0800][info] GC(96)   Other: 0.2ms
[2024-09-09T03:14:41.193+0800][info] GC(96) Eden regions: 1->0(1)
[2024-09-09T03:14:41.193+0800][info] GC(96) Survivor regions: 1->1(1)
[2024-09-09T03:14:41.193+0800][info] GC(96) Old regions: 4->5
[2024-09-09T03:14:41.193+0800][info] GC(96) Archive regions: 2->2
[2024-09-09T03:14:41.193+0800][info] GC(96) Humongous regions: 0->0
[2024-09-09T03:14:41.193+0800][info] GC(96) Metaspace: 769K(960K)->769K(960K) NonClass: 716K(832K)->716K(832K) Class: 52K(128K)->52K(128K)
[2024-09-09T03:14:41.193+0800][info] GC(96) Pause Young (Concurrent Start) (G1 Evacuation Pause) 24M->24M(128M) 1.398ms
[2024-09-09T03:14:41.193+0800][info] GC(96) User=0.00s Sys=0.00s Real=0.00s
[2024-09-09T03:14:41.193+0800][info] GC(97) Concurrent Mark Cycle
[2024-09-09T03:14:41.193+0800][info] GC(97) Concurrent Clear Claimed Marks
[2024-09-09T03:14:41.193+0800][info] GC(97) Concurrent Clear Claimed Marks 0.023ms
[2024-09-09T03:14:41.193+0800][info] GC(97) Concurrent Scan Root Regions
[2024-09-09T03:14:41.193+0800][info] GC(97) Concurrent Scan Root Regions 0.100ms
[2024-09-09T03:14:41.193+0800][info] GC(97) Concurrent Mark
[2024-09-09T03:14:41.193+0800][info] GC(97) Concurrent Mark From Roots
[2024-09-09T03:14:41.193+0800][info] GC(97) Using 12 workers of 12 for marking
[2024-09-09T03:14:41.195+0800][info] GC(97) Concurrent Mark From Roots 1.936ms
[2024-09-09T03:14:41.195+0800][info] GC(97) Concurrent Preclean
[2024-09-09T03:14:41.197+0800][info] GC(97) Concurrent Preclean 1.685ms
[2024-09-09T03:14:41.197+0800][info] GC(97) Pause Remark
[2024-09-09T03:14:41.198+0800][info] GC(97) Pause Remark 24M->24M(128M) 0.807ms
[2024-09-09T03:14:41.198+0800][info] GC(97) User=0.00s Sys=0.00s Real=0.00s
[2024-09-09T03:14:41.198+0800][info] GC(97) Concurrent Mark 4.549ms
[2024-09-09T03:14:41.198+0800][info] GC(97) Concurrent Rebuild Remembered Sets
[2024-09-09T03:14:41.199+0800][info] GC(97) Concurrent Rebuild Remembered Sets 1.188ms
[2024-09-09T03:14:41.199+0800][info] GC(97) Pause Cleanup
[2024-09-09T03:14:41.199+0800][info] GC(97) Pause Cleanup 24M->24M(128M) 0.084ms
[2024-09-09T03:14:41.199+0800][info] GC(97) User=0.00s Sys=0.00s Real=0.00s
[2024-09-09T03:14:41.199+0800][info] GC(97) Concurrent Cleanup for Next Mark
[2024-09-09T03:14:41.199+0800][info] GC(97) Concurrent Cleanup for Next Mark 0.219ms
[2024-09-09T03:14:41.199+0800][info] GC(97) Concurrent Mark Cycle 6.414ms
[2024-09-09T03:14:41.841+0800][info] GC(98) Pause Young (Normal) (G1 Evacuation Pause)
[2024-09-09T03:14:41.841+0800][info] GC(98) Using 3 workers of 48 for evacuation
[2024-09-09T03:14:41.842+0800][info] GC(98)   Pre Evacuate Collection Set: 0.0ms
[2024-09-09T03:14:41.842+0800][info] GC(98)   Merge Heap Roots: 0.1ms
[2024-09-09T03:14:41.842+0800][info] GC(98)   Evacuate Collection Set: 0.9ms
[2024-09-09T03:14:41.842+0800][info] GC(98)   Post Evacuate Collection Set: 0.1ms
[2024-09-09T03:14:41.842+0800][info] GC(98)   Other: 0.1ms
[2024-09-09T03:14:41.842+0800][info] GC(98) Eden regions: 1->0(1)
[2024-09-09T03:14:41.842+0800][info] GC(98) Survivor regions: 1->1(1)
[2024-09-09T03:14:41.842+0800][info] GC(98) Old regions: 5->6
[2024-09-09T03:14:41.842+0800][info] GC(98) Archive regions: 2->2
[2024-09-09T03:14:41.842+0800][info] GC(98) Humongous regions: 0->0
[2024-09-09T03:14:41.842+0800][info] GC(98) Metaspace: 769K(960K)->769K(960K) NonClass: 716K(832K)->716K(832K) Class: 52K(128K)->52K(128K)
[2024-09-09T03:14:41.842+0800][info] GC(98) Pause Young (Normal) (G1 Evacuation Pause) 28M->28M(128M) 1.324ms
[2024-09-09T03:14:41.842+0800][info] GC(98) User=0.00s Sys=0.00s Real=0.00s
[2024-09-09T03:14:42.339+0800][info] GC(99) Pause Young (Concurrent Start) (G1 Evacuation Pause)
[2024-09-09T03:14:42.339+0800][info] GC(99) Using 3 workers of 48 for evacuation
[2024-09-09T03:14:42.341+0800][info] GC(99)   Pre Evacuate Collection Set: 0.0ms
[2024-09-09T03:14:42.341+0800][info] GC(99)   Merge Heap Roots: 0.0ms
[2024-09-09T03:14:42.341+0800][info] GC(99)   Evacuate Collection Set: 0.9ms
[2024-09-09T03:14:42.341+0800][info] GC(99)   Post Evacuate Collection Set: 0.1ms
[2024-09-09T03:14:42.341+0800][info] GC(99)   Other: 0.2ms
[2024-09-09T03:14:42.341+0800][info] GC(99) Eden regions: 1->0(1)
[2024-09-09T03:14:42.341+0800][info] GC(99) Survivor regions: 1->1(1)
[2024-09-09T03:14:42.341+0800][info] GC(99) Old regions: 6->7
[2024-09-09T03:14:42.341+0800][info] GC(99) Archive regions: 2->2
[2024-09-09T03:14:42.341+0800][info] GC(99) Humongous regions: 0->0
[2024-09-09T03:14:42.341+0800][info] GC(99) Metaspace: 769K(960K)->769K(960K) NonClass: 716K(832K)->716K(832K) Class: 52K(128K)->52K(128K)
[2024-09-09T03:14:42.341+0800][info] GC(99) Pause Young (Concurrent Start) (G1 Evacuation Pause) 32M->32M(128M) 1.347ms
[2024-09-09T03:14:42.341+0800][info] GC(99) User=0.00s Sys=0.01s Real=0.00s
[2024-09-09T03:14:42.341+0800][info] GC(100) Concurrent Mark Cycle
[2024-09-09T03:14:42.341+0800][info] GC(100) Concurrent Clear Claimed Marks
[2024-09-09T03:14:42.341+0800][info] GC(100) Concurrent Clear Claimed Marks 0.024ms
[2024-09-09T03:14:42.341+0800][info] GC(100) Concurrent Scan Root Regions
[2024-09-09T03:14:42.341+0800][info] GC(100) Concurrent Scan Root Regions 0.073ms
[2024-09-09T03:14:42.341+0800][info] GC(100) Concurrent Mark
[2024-09-09T03:14:42.341+0800][info] GC(100) Concurrent Mark From Roots
[2024-09-09T03:14:42.341+0800][info] GC(100) Using 12 workers of 12 for marking
[2024-09-09T03:14:42.344+0800][info] GC(100) Concurrent Mark From Roots 2.925ms
[2024-09-09T03:14:42.344+0800][info] GC(100) Concurrent Preclean
[2024-09-09T03:14:42.346+0800][info] GC(100) Concurrent Preclean 1.772ms
[2024-09-09T03:14:42.346+0800][info] GC(100) Pause Remark
[2024-09-09T03:14:42.346+0800][info] GC(100) Pause Remark 32M->32M(128M) 0.765ms
[2024-09-09T03:14:42.346+0800][info] GC(100) User=0.00s Sys=0.00s Real=0.00s
[2024-09-09T03:14:42.346+0800][info] GC(100) Concurrent Mark 5.581ms
[2024-09-09T03:14:42.346+0800][info] GC(100) Concurrent Rebuild Remembered Sets
[2024-09-09T03:14:42.348+0800][info] GC(100) Concurrent Rebuild Remembered Sets 1.583ms
[2024-09-09T03:14:42.348+0800][info] GC(100) Pause Cleanup
[2024-09-09T03:14:42.348+0800][info] GC(100) Pause Cleanup 32M->32M(128M) 0.084ms
[2024-09-09T03:14:42.348+0800][info] GC(100) User=0.00s Sys=0.00s Real=0.00s
[2024-09-09T03:14:42.348+0800][info] GC(100) Concurrent Cleanup for Next Mark
[2024-09-09T03:14:42.348+0800][info] GC(100) Concurrent Cleanup for Next Mark 0.242ms
[2024-09-09T03:14:42.349+0800][info] GC(100) Concurrent Mark Cycle 7.814ms
[2024-09-09T03:14:42.988+0800][info] GC(101) Pause Young (Prepare Mixed) (G1 Evacuation Pause)
[2024-09-09T03:14:42.988+0800][info] GC(101) Using 3 workers of 48 for evacuation
[2024-09-09T03:14:42.989+0800][info] GC(101)   Pre Evacuate Collection Set: 0.0ms
[2024-09-09T03:14:42.989+0800][info] GC(101)   Merge Heap Roots: 0.0ms
[2024-09-09T03:14:42.989+0800][info] GC(101)   Evacuate Collection Set: 1.0ms
[2024-09-09T03:14:42.990+0800][info] GC(101)   Post Evacuate Collection Set: 0.1ms
[2024-09-09T03:14:42.990+0800][info] GC(101)   Other: 0.1ms
[2024-09-09T03:14:42.990+0800][info] GC(101) Eden regions: 1->0(1)
[2024-09-09T03:14:42.990+0800][info] GC(101) Survivor regions: 1->1(1)
[2024-09-09T03:14:42.990+0800][info] GC(101) Old regions: 7->8
[2024-09-09T03:14:42.990+0800][info] GC(101) Archive regions: 2->2
[2024-09-09T03:14:42.990+0800][info] GC(101) Humongous regions: 0->0
[2024-09-09T03:14:42.990+0800][info] GC(101) Metaspace: 772K(960K)->772K(960K) NonClass: 719K(832K)->719K(832K) Class: 52K(128K)->52K(128K)
[2024-09-09T03:14:42.990+0800][info] GC(101) Pause Young (Prepare Mixed) (G1 Evacuation Pause) 36M->36M(128M) 1.321ms
[2024-09-09T03:14:42.990+0800][info] GC(101) User=0.00s Sys=0.00s Real=0.00s
[2024-09-09T03:14:43.486+0800][info] GC(102) Pause Young (Mixed) (G1 Evacuation Pause)
[2024-09-09T03:14:43.486+0800][info] GC(102) Using 3 workers of 48 for evacuation
[2024-09-09T03:14:43.487+0800][info] GC(102)   Pre Evacuate Collection Set: 0.0ms
[2024-09-09T03:14:43.487+0800][info] GC(102)   Merge Heap Roots: 0.0ms
[2024-09-09T03:14:43.487+0800][info] GC(102)   Evacuate Collection Set: 1.0ms
[2024-09-09T03:14:43.487+0800][info] GC(102)   Post Evacuate Collection Set: 0.1ms
[2024-09-09T03:14:43.487+0800][info] GC(102)   Other: 0.1ms
[2024-09-09T03:14:43.487+0800][info] GC(102) Eden regions: 1->0(1)
[2024-09-09T03:14:43.487+0800][info] GC(102) Survivor regions: 1->1(1)
[2024-09-09T03:14:43.487+0800][info] GC(102) Old regions: 8->8
[2024-09-09T03:14:43.487+0800][info] GC(102) Archive regions: 2->2
[2024-09-09T03:14:43.487+0800][info] GC(102) Humongous regions: 0->0
[2024-09-09T03:14:43.487+0800][info] GC(102) Metaspace: 772K(960K)->772K(960K) NonClass: 719K(832K)->719K(832K) Class: 52K(128K)->52K(128K)
[2024-09-09T03:14:43.487+0800][info] GC(102) Pause Young (Mixed) (G1 Evacuation Pause) 40M->36M(128M) 1.321ms
[2024-09-09T03:14:43.487+0800][info] GC(102) User=0.01s Sys=0.00s Real=0.00s
[2024-09-09T03:14:43.983+0800][info] GC(103) Pause Young (Mixed) (G1 Evacuation Pause)
[2024-09-09T03:14:43.983+0800][info] GC(103) Using 3 workers of 48 for evacuation
[2024-09-09T03:14:43.986+0800][info] GC(103)   Pre Evacuate Collection Set: 0.0ms
[2024-09-09T03:14:43.986+0800][info] GC(103)   Merge Heap Roots: 0.0ms
[2024-09-09T03:14:43.986+0800][info] GC(103)   Evacuate Collection Set: 2.0ms
[2024-09-09T03:14:43.986+0800][info] GC(103)   Post Evacuate Collection Set: 0.1ms
[2024-09-09T03:14:43.986+0800][info] GC(103)   Other: 0.1ms
[2024-09-09T03:14:43.986+0800][info] GC(103) Eden regions: 1->0(1)
[2024-09-09T03:14:43.986+0800][info] GC(103) Survivor regions: 1->1(1)
[2024-09-09T03:14:43.986+0800][info] GC(103) Old regions: 8->8
[2024-09-09T03:14:43.986+0800][info] GC(103) Archive regions: 2->2
[2024-09-09T03:14:43.986+0800][info] GC(103) Humongous regions: 0->0
[2024-09-09T03:14:43.986+0800][info] GC(103) Metaspace: 772K(960K)->772K(960K) NonClass: 719K(832K)->719K(832K) Class: 52K(128K)->52K(128K)
[2024-09-09T03:14:43.986+0800][info] GC(103) Pause Young (Mixed) (G1 Evacuation Pause) 40M->37M(128M) 2.335ms
[2024-09-09T03:14:43.986+0800][info] GC(103) User=0.00s Sys=0.00s Real=0.01s
[2024-09-09T03:14:44.484+0800][info] GC(104) Pause Young (Mixed) (G1 Evacuation Pause)
[2024-09-09T03:14:44.485+0800][info] GC(104) Using 3 workers of 48 for evacuation
[2024-09-09T03:14:44.486+0800][info] GC(104)   Pre Evacuate Collection Set: 0.0ms
[2024-09-09T03:14:44.486+0800][info] GC(104)   Merge Heap Roots: 0.0ms
[2024-09-09T03:14:44.486+0800][info] GC(104)   Evacuate Collection Set: 1.0ms
[2024-09-09T03:14:44.486+0800][info] GC(104)   Post Evacuate Collection Set: 0.1ms
[2024-09-09T03:14:44.486+0800][info] GC(104)   Other: 0.1ms
[2024-09-09T03:14:44.486+0800][info] GC(104) Eden regions: 1->0(1)
[2024-09-09T03:14:44.486+0800][info] GC(104) Survivor regions: 1->1(1)
[2024-09-09T03:14:44.486+0800][info] GC(104) Old regions: 8->8
[2024-09-09T03:14:44.486+0800][info] GC(104) Archive regions: 2->2
[2024-09-09T03:14:44.486+0800][info] GC(104) Humongous regions: 0->0
[2024-09-09T03:14:44.486+0800][info] GC(104) Metaspace: 772K(960K)->772K(960K) NonClass: 719K(832K)->719K(832K) Class: 52K(128K)->52K(128K)
[2024-09-09T03:14:44.486+0800][info] GC(104) Pause Young (Mixed) (G1 Evacuation Pause) 41M->38M(128M) 1.299ms
[2024-09-09T03:14:44.486+0800][info] GC(104) User=0.00s Sys=0.00s Real=0.01s
[2024-09-09T03:14:44.985+0800][info] GC(105) Pause Young (Concurrent Start) (G1 Evacuation Pause)
[2024-09-09T03:14:44.985+0800][info] GC(105) Using 3 workers of 48 for evacuation
[2024-09-09T03:14:44.986+0800][info] GC(105)   Pre Evacuate Collection Set: 0.0ms
[2024-09-09T03:14:44.986+0800][info] GC(105)   Merge Heap Roots: 0.0ms
[2024-09-09T03:14:44.986+0800][info] GC(105)   Evacuate Collection Set: 0.8ms
[2024-09-09T03:14:44.986+0800][info] GC(105)   Post Evacuate Collection Set: 0.1ms
[2024-09-09T03:14:44.986+0800][info] GC(105)   Other: 0.2ms
[2024-09-09T03:14:44.986+0800][info] GC(105) Eden regions: 1->0(1)
[2024-09-09T03:14:44.986+0800][info] GC(105) Survivor regions: 1->1(1)
[2024-09-09T03:14:44.986+0800][info] GC(105) Old regions: 8->9
[2024-09-09T03:14:44.986+0800][info] GC(105) Archive regions: 2->2
[2024-09-09T03:14:44.986+0800][info] GC(105) Humongous regions: 0->0
[2024-09-09T03:14:44.986+0800][info] GC(105) Metaspace: 772K(960K)->772K(960K) NonClass: 719K(832K)->719K(832K) Class: 52K(128K)->52K(128K)
[2024-09-09T03:14:44.986+0800][info] GC(105) Pause Young (Concurrent Start) (G1 Evacuation Pause) 42M->42M(128M) 1.263ms
[2024-09-09T03:14:44.986+0800][info] GC(105) User=0.01s Sys=0.00s Real=0.00s
[2024-09-09T03:14:44.986+0800][info] GC(106) Concurrent Mark Cycle
[2024-09-09T03:14:44.986+0800][info] GC(106) Concurrent Clear Claimed Marks
[2024-09-09T03:14:44.987+0800][info] GC(106) Concurrent Clear Claimed Marks 0.011ms
[2024-09-09T03:14:44.987+0800][info] GC(106) Concurrent Scan Root Regions
[2024-09-09T03:14:44.987+0800][info] GC(106) Concurrent Scan Root Regions 0.070ms
[2024-09-09T03:14:44.987+0800][info] GC(106) Concurrent Mark
[2024-09-09T03:14:44.987+0800][info] GC(106) Concurrent Mark From Roots
[2024-09-09T03:14:44.987+0800][info] GC(106) Using 12 workers of 12 for marking
[2024-09-09T03:14:44.989+0800][info] GC(106) Concurrent Mark From Roots 2.080ms
[2024-09-09T03:14:44.989+0800][info] GC(106) Concurrent Preclean
[2024-09-09T03:14:44.991+0800][info] GC(106) Concurrent Preclean 1.837ms
[2024-09-09T03:14:44.991+0800][info] GC(106) Pause Remark
[2024-09-09T03:14:44.991+0800][info] GC(106) Pause Remark 42M->34M(128M) 0.678ms
[2024-09-09T03:14:44.991+0800][info] GC(106) User=0.00s Sys=0.00s Real=0.00s
[2024-09-09T03:14:44.991+0800][info] GC(106) Concurrent Mark 4.722ms
[2024-09-09T03:14:44.991+0800][info] GC(106) Concurrent Rebuild Remembered Sets
[2024-09-09T03:14:44.993+0800][info] GC(106) Concurrent Rebuild Remembered Sets 1.645ms
[2024-09-09T03:14:44.993+0800][info] GC(106) Pause Cleanup
[2024-09-09T03:14:44.993+0800][info] GC(106) Pause Cleanup 34M->34M(128M) 0.094ms
[2024-09-09T03:14:44.993+0800][info] GC(106) User=0.00s Sys=0.00s Real=0.00s
[2024-09-09T03:14:44.993+0800][info] GC(106) Concurrent Cleanup for Next Mark
[2024-09-09T03:14:44.994+0800][info] GC(106) Concurrent Cleanup for Next Mark 0.380ms
[2024-09-09T03:14:44.994+0800][info] GC(106) Concurrent Mark Cycle 7.084ms
[2024-09-09T03:14:45.635+0800][info] GC(107) Pause Young (Prepare Mixed) (G1 Evacuation Pause)
[2024-09-09T03:14:45.635+0800][info] GC(107) Using 3 workers of 48 for evacuation
[2024-09-09T03:14:45.636+0800][info] GC(107)   Pre Evacuate Collection Set: 0.0ms
[2024-09-09T03:14:45.636+0800][info] GC(107)   Merge Heap Roots: 0.0ms
[2024-09-09T03:14:45.636+0800][info] GC(107)   Evacuate Collection Set: 0.9ms
[2024-09-09T03:14:45.636+0800][info] GC(107)   Post Evacuate Collection Set: 0.1ms
[2024-09-09T03:14:45.636+0800][info] GC(107)   Other: 0.1ms
[2024-09-09T03:14:45.636+0800][info] GC(107) Eden regions: 1->0(1)
[2024-09-09T03:14:45.636+0800][info] GC(107) Survivor regions: 1->1(1)
[2024-09-09T03:14:45.636+0800][info] GC(107) Old regions: 7->8
[2024-09-09T03:14:45.636+0800][info] GC(107) Archive regions: 2->2
[2024-09-09T03:14:45.636+0800][info] GC(107) Humongous regions: 0->0
[2024-09-09T03:14:45.636+0800][info] GC(107) Metaspace: 772K(960K)->772K(960K) NonClass: 719K(832K)->719K(832K) Class: 52K(128K)->52K(128K)
[2024-09-09T03:14:45.636+0800][info] GC(107) Pause Young (Prepare Mixed) (G1 Evacuation Pause) 38M->38M(128M) 1.309ms
[2024-09-09T03:14:45.636+0800][info] GC(107) User=0.00s Sys=0.00s Real=0.00s
[2024-09-09T03:14:46.132+0800][info] GC(108) Pause Young (Mixed) (G1 Evacuation Pause)
[2024-09-09T03:14:46.132+0800][info] GC(108) Using 3 workers of 48 for evacuation
[2024-09-09T03:14:46.134+0800][info] GC(108)   Pre Evacuate Collection Set: 0.0ms
[2024-09-09T03:14:46.134+0800][info] GC(108)   Merge Heap Roots: 0.0ms
[2024-09-09T03:14:46.134+0800][info] GC(108)   Evacuate Collection Set: 1.0ms
[2024-09-09T03:14:46.134+0800][info] GC(108)   Post Evacuate Collection Set: 0.1ms
[2024-09-09T03:14:46.134+0800][info] GC(108)   Other: 0.1ms
[2024-09-09T03:14:46.134+0800][info] GC(108) Eden regions: 1->0(1)
[2024-09-09T03:14:46.134+0800][info] GC(108) Survivor regions: 1->1(1)
[2024-09-09T03:14:46.134+0800][info] GC(108) Old regions: 8->7
[2024-09-09T03:14:46.134+0800][info] GC(108) Archive regions: 2->2
[2024-09-09T03:14:46.134+0800][info] GC(108) Humongous regions: 0->0
[2024-09-09T03:14:46.134+0800][info] GC(108) Metaspace: 772K(960K)->772K(960K) NonClass: 719K(832K)->719K(832K) Class: 52K(128K)->52K(128K)
[2024-09-09T03:14:46.134+0800][info] GC(108) Pause Young (Mixed) (G1 Evacuation Pause) 42M->34M(128M) 1.413ms
[2024-09-09T03:14:46.134+0800][info] GC(108) User=0.01s Sys=0.00s Real=0.00s
[2024-09-09T03:14:46.630+0800][info] GC(109) Pause Young (Mixed) (G1 Evacuation Pause)
[2024-09-09T03:14:46.630+0800][info] GC(109) Using 3 workers of 48 for evacuation
[2024-09-09T03:14:46.632+0800][info] GC(109)   Pre Evacuate Collection Set: 0.0ms
[2024-09-09T03:14:46.632+0800][info] GC(109)   Merge Heap Roots: 0.0ms
[2024-09-09T03:14:46.632+0800][info] GC(109)   Evacuate Collection Set: 1.3ms
[2024-09-09T03:14:46.632+0800][info] GC(109)   Post Evacuate Collection Set: 0.1ms
[2024-09-09T03:14:46.632+0800][info] GC(109)   Other: 0.1ms
[2024-09-09T03:14:46.632+0800][info] GC(109) Eden regions: 1->0(1)
[2024-09-09T03:14:46.632+0800][info] GC(109) Survivor regions: 1->1(1)
[2024-09-09T03:14:46.632+0800][info] GC(109) Old regions: 7->8
[2024-09-09T03:14:46.632+0800][info] GC(109) Archive regions: 2->2
[2024-09-09T03:14:46.632+0800][info] GC(109) Humongous regions: 0->0
[2024-09-09T03:14:46.632+0800][info] GC(109) Metaspace: 772K(960K)->772K(960K) NonClass: 719K(832K)->719K(832K) Class: 52K(128K)->52K(128K)
[2024-09-09T03:14:46.632+0800][info] GC(109) Pause Young (Mixed) (G1 Evacuation Pause) 38M->37M(128M) 1.623ms
[2024-09-09T03:14:46.632+0800][info] GC(109) User=0.00s Sys=0.00s Real=0.00s
[2024-09-09T03:14:47.128+0800][info] GC(110) Pause Young (Mixed) (G1 Evacuation Pause)
[2024-09-09T03:14:47.128+0800][info] GC(110) Using 3 workers of 48 for evacuation
[2024-09-09T03:14:47.130+0800][info] GC(110)   Pre Evacuate Collection Set: 0.0ms
[2024-09-09T03:14:47.130+0800][info] GC(110)   Merge Heap Roots: 0.0ms
[2024-09-09T03:14:47.130+0800][info] GC(110)   Evacuate Collection Set: 1.3ms
[2024-09-09T03:14:47.130+0800][info] GC(110)   Post Evacuate Collection Set: 0.1ms
[2024-09-09T03:14:47.130+0800][info] GC(110)   Other: 0.1ms
[2024-09-09T03:14:47.130+0800][info] GC(110) Eden regions: 1->0(2)
[2024-09-09T03:14:47.130+0800][info] GC(110) Survivor regions: 1->1(1)
[2024-09-09T03:14:47.130+0800][info] GC(110) Old regions: 8->9
[2024-09-09T03:14:47.130+0800][info] GC(110) Archive regions: 2->2
[2024-09-09T03:14:47.130+0800][info] GC(110) Humongous regions: 0->0
[2024-09-09T03:14:47.130+0800][info] GC(110) Metaspace: 772K(960K)->772K(960K) NonClass: 719K(832K)->719K(832K) Class: 52K(128K)->52K(128K)
[2024-09-09T03:14:47.130+0800][info] GC(110) Pause Young (Mixed) (G1 Evacuation Pause) 41M->40M(128M) 1.704ms
[2024-09-09T03:14:47.130+0800][info] GC(110) User=0.00s Sys=0.00s Real=0.00s
[2024-09-09T03:14:48.138+0800][info] GC(111) Pause Young (Concurrent Start) (G1 Evacuation Pause)
[2024-09-09T03:14:48.138+0800][info] GC(111) Using 3 workers of 48 for evacuation
[2024-09-09T03:14:48.140+0800][info] GC(111)   Pre Evacuate Collection Set: 0.0ms
[2024-09-09T03:14:48.140+0800][info] GC(111)   Merge Heap Roots: 0.0ms
[2024-09-09T03:14:48.140+0800][info] GC(111)   Evacuate Collection Set: 1.5ms
[2024-09-09T03:14:48.140+0800][info] GC(111)   Post Evacuate Collection Set: 0.1ms
[2024-09-09T03:14:48.140+0800][info] GC(111)   Other: 0.2ms
[2024-09-09T03:14:48.140+0800][info] GC(111) Eden regions: 2->0(2)
[2024-09-09T03:14:48.140+0800][info] GC(111) Survivor regions: 1->1(1)
[2024-09-09T03:14:48.140+0800][info] GC(111) Old regions: 9->11
[2024-09-09T03:14:48.140+0800][info] GC(111) Archive regions: 2->2
[2024-09-09T03:14:48.140+0800][info] GC(111) Humongous regions: 0->0
[2024-09-09T03:14:48.140+0800][info] GC(111) Metaspace: 772K(960K)->772K(960K) NonClass: 719K(832K)->719K(832K) Class: 52K(128K)->52K(128K)
[2024-09-09T03:14:48.140+0800][info] GC(111) Pause Young (Concurrent Start) (G1 Evacuation Pause) 48M->49M(128M) 1.980ms
[2024-09-09T03:14:48.140+0800][info] GC(111) User=0.00s Sys=0.00s Real=0.00s
[2024-09-09T03:14:48.140+0800][info] GC(112) Concurrent Mark Cycle
[2024-09-09T03:14:48.140+0800][info] GC(112) Concurrent Clear Claimed Marks
[2024-09-09T03:14:48.140+0800][info] GC(112) Concurrent Clear Claimed Marks 0.027ms
[2024-09-09T03:14:48.140+0800][info] GC(112) Concurrent Scan Root Regions
[2024-09-09T03:14:48.140+0800][info] GC(112) Concurrent Scan Root Regions 0.115ms
[2024-09-09T03:14:48.140+0800][info] GC(112) Concurrent Mark
[2024-09-09T03:14:48.140+0800][info] GC(112) Concurrent Mark From Roots
[2024-09-09T03:14:48.140+0800][info] GC(112) Using 12 workers of 12 for marking
[2024-09-09T03:14:48.142+0800][info] GC(112) Concurrent Mark From Roots 2.011ms
[2024-09-09T03:14:48.142+0800][info] GC(112) Concurrent Preclean
[2024-09-09T03:14:48.144+0800][info] GC(112) Concurrent Preclean 1.702ms
[2024-09-09T03:14:48.144+0800][info] GC(112) Pause Remark
[2024-09-09T03:14:48.145+0800][info] GC(112) Pause Remark 49M->41M(128M) 0.981ms
[2024-09-09T03:14:48.145+0800][info] GC(112) User=0.01s Sys=0.00s Real=0.01s
[2024-09-09T03:14:48.145+0800][info] GC(112) Concurrent Mark 4.839ms
[2024-09-09T03:14:48.145+0800][info] GC(112) Concurrent Rebuild Remembered Sets
[2024-09-09T03:14:48.148+0800][info] GC(112) Concurrent Rebuild Remembered Sets 3.108ms
[2024-09-09T03:14:48.148+0800][info] GC(112) Pause Cleanup
[2024-09-09T03:14:48.148+0800][info] GC(112) Pause Cleanup 41M->41M(128M) 0.124ms
[2024-09-09T03:14:48.148+0800][info] GC(112) User=0.00s Sys=0.00s Real=0.00s
[2024-09-09T03:14:48.148+0800][info] GC(112) Concurrent Cleanup for Next Mark
[2024-09-09T03:14:48.149+0800][info] GC(112) Concurrent Cleanup for Next Mark 0.465ms
[2024-09-09T03:14:48.149+0800][info] GC(112) Concurrent Mark Cycle 8.931ms
[2024-09-09T03:14:49.299+0800][info] GC(113) Pause Young (Prepare Mixed) (G1 Evacuation Pause)
[2024-09-09T03:14:49.299+0800][info] GC(113) Using 3 workers of 48 for evacuation
[2024-09-09T03:14:49.301+0800][info] GC(113)   Pre Evacuate Collection Set: 0.0ms
[2024-09-09T03:14:49.301+0800][info] GC(113)   Merge Heap Roots: 0.0ms
[2024-09-09T03:14:49.301+0800][info] GC(113)   Evacuate Collection Set: 1.5ms
[2024-09-09T03:14:49.301+0800][info] GC(113)   Post Evacuate Collection Set: 0.1ms
[2024-09-09T03:14:49.301+0800][info] GC(113)   Other: 0.1ms
[2024-09-09T03:14:49.301+0800][info] GC(113) Eden regions: 2->0(1)
[2024-09-09T03:14:49.301+0800][info] GC(113) Survivor regions: 1->1(1)
[2024-09-09T03:14:49.301+0800][info] GC(113) Old regions: 9->11
[2024-09-09T03:14:49.301+0800][info] GC(113) Archive regions: 2->2
[2024-09-09T03:14:49.301+0800][info] GC(113) Humongous regions: 0->0
[2024-09-09T03:14:49.301+0800][info] GC(113) Metaspace: 778K(960K)->778K(960K) NonClass: 725K(832K)->725K(832K) Class: 52K(128K)->52K(128K)
[2024-09-09T03:14:49.301+0800][info] GC(113) Pause Young (Prepare Mixed) (G1 Evacuation Pause) 49M->49M(128M) 1.921ms
[2024-09-09T03:14:49.301+0800][info] GC(113) User=0.00s Sys=0.00s Real=0.00s
[2024-09-09T03:14:49.799+0800][info] GC(114) Pause Young (Mixed) (G1 Evacuation Pause)
[2024-09-09T03:14:49.799+0800][info] GC(114) Using 3 workers of 48 for evacuation
[2024-09-09T03:14:49.801+0800][info] GC(114)   Pre Evacuate Collection Set: 0.0ms
[2024-09-09T03:14:49.801+0800][info] GC(114)   Merge Heap Roots: 0.0ms
[2024-09-09T03:14:49.801+0800][info] GC(114)   Evacuate Collection Set: 2.2ms
[2024-09-09T03:14:49.801+0800][info] GC(114)   Post Evacuate Collection Set: 0.2ms
[2024-09-09T03:14:49.801+0800][info] GC(114)   Other: 0.1ms
[2024-09-09T03:14:49.802+0800][info] GC(114) Eden regions: 1->0(1)
[2024-09-09T03:14:49.802+0800][info] GC(114) Survivor regions: 1->1(1)
[2024-09-09T03:14:49.802+0800][info] GC(114) Old regions: 11->9
[2024-09-09T03:14:49.802+0800][info] GC(114) Archive regions: 2->2
[2024-09-09T03:14:49.802+0800][info] GC(114) Humongous regions: 0->0
[2024-09-09T03:14:49.802+0800][info] GC(114) Metaspace: 778K(960K)->778K(960K) NonClass: 725K(832K)->725K(832K) Class: 52K(128K)->52K(128K)
[2024-09-09T03:14:49.802+0800][info] GC(114) Pause Young (Mixed) (G1 Evacuation Pause) 52M->40M(128M) 2.632ms
[2024-09-09T03:14:49.802+0800][info] GC(114) User=0.01s Sys=0.00s Real=0.00s
[2024-09-09T03:14:50.299+0800][info] GC(115) Pause Young (Mixed) (G1 Evacuation Pause)
[2024-09-09T03:14:50.299+0800][info] GC(115) Using 3 workers of 48 for evacuation
[2024-09-09T03:14:50.302+0800][info] GC(115)   Pre Evacuate Collection Set: 0.0ms
[2024-09-09T03:14:50.302+0800][info] GC(115)   Merge Heap Roots: 0.0ms
[2024-09-09T03:14:50.302+0800][info] GC(115)   Evacuate Collection Set: 1.9ms
[2024-09-09T03:14:50.302+0800][info] GC(115)   Post Evacuate Collection Set: 0.1ms
[2024-09-09T03:14:50.302+0800][info] GC(115)   Other: 0.1ms
[2024-09-09T03:14:50.302+0800][info] GC(115) Eden regions: 1->0(5)
[2024-09-09T03:14:50.302+0800][info] GC(115) Survivor regions: 1->1(1)
[2024-09-09T03:14:50.302+0800][info] GC(115) Old regions: 9->9
[2024-09-09T03:14:50.302+0800][info] GC(115) Archive regions: 2->2
[2024-09-09T03:14:50.302+0800][info] GC(115) Humongous regions: 0->0
[2024-09-09T03:14:50.302+0800][info] GC(115) Metaspace: 778K(960K)->778K(960K) NonClass: 725K(832K)->725K(832K) Class: 52K(128K)->52K(128K)
[2024-09-09T03:14:50.302+0800][info] GC(115) Pause Young (Mixed) (G1 Evacuation Pause) 44M->40M(128M) 2.235ms
[2024-09-09T03:14:50.302+0800][info] GC(115) User=0.01s Sys=0.00s Real=0.00s
[2024-09-09T03:14:52.021+0800][info] GC(116) Pause Young (Concurrent Start) (G1 Humongous Allocation)
[2024-09-09T03:14:52.022+0800][info] GC(116) Using 3 workers of 48 for evacuation
[2024-09-09T03:14:52.024+0800][info] GC(116)   Pre Evacuate Collection Set: 0.0ms
[2024-09-09T03:14:52.024+0800][info] GC(116)   Merge Heap Roots: 0.0ms
[2024-09-09T03:14:52.024+0800][info] GC(116)   Evacuate Collection Set: 2.0ms
[2024-09-09T03:14:52.024+0800][info] GC(116)   Post Evacuate Collection Set: 0.1ms
[2024-09-09T03:14:52.024+0800][info] GC(116)   Other: 0.2ms
[2024-09-09T03:14:52.024+0800][info] GC(116) Eden regions: 4->0(4)
[2024-09-09T03:14:52.024+0800][info] GC(116) Survivor regions: 1->1(1)
[2024-09-09T03:14:52.024+0800][info] GC(116) Old regions: 9->12
[2024-09-09T03:14:52.024+0800][info] GC(116) Archive regions: 2->2
[2024-09-09T03:14:52.024+0800][info] GC(116) Humongous regions: 0->0
[2024-09-09T03:14:52.024+0800][info] GC(116) Metaspace: 778K(960K)->778K(960K) NonClass: 725K(832K)->725K(832K) Class: 52K(128K)->52K(128K)
[2024-09-09T03:14:52.024+0800][info] GC(116) Pause Young (Concurrent Start) (G1 Humongous Allocation) 53M->53M(128M) 2.431ms
[2024-09-09T03:14:52.024+0800][info] GC(116) User=0.01s Sys=0.00s Real=0.00s
[2024-09-09T03:14:52.024+0800][info] GC(117) Concurrent Mark Cycle
[2024-09-09T03:14:52.024+0800][info] GC(117) Concurrent Clear Claimed Marks
[2024-09-09T03:14:52.024+0800][info] GC(117) Concurrent Clear Claimed Marks 0.033ms
[2024-09-09T03:14:52.024+0800][info] GC(117) Concurrent Scan Root Regions
[2024-09-09T03:14:52.024+0800][info] GC(117) Concurrent Scan Root Regions 0.102ms
[2024-09-09T03:14:52.024+0800][info] GC(117) Concurrent Mark
[2024-09-09T03:14:52.024+0800][info] GC(117) Concurrent Mark From Roots
[2024-09-09T03:14:52.024+0800][info] GC(117) Using 12 workers of 12 for marking
[2024-09-09T03:14:52.026+0800][info] GC(117) Concurrent Mark From Roots 1.988ms
[2024-09-09T03:14:52.026+0800][info] GC(117) Concurrent Preclean
[2024-09-09T03:14:52.028+0800][info] GC(117) Concurrent Preclean 2.064ms
[2024-09-09T03:14:52.028+0800][info] GC(117) Pause Remark
[2024-09-09T03:14:52.029+0800][info] GC(117) Pause Remark 70M->58M(128M) 0.942ms
[2024-09-09T03:14:52.029+0800][info] GC(117) User=0.00s Sys=0.00s Real=0.00s
[2024-09-09T03:14:52.029+0800][info] GC(117) Concurrent Mark 5.172ms
[2024-09-09T03:14:52.029+0800][info] GC(117) Concurrent Rebuild Remembered Sets
[2024-09-09T03:14:52.033+0800][info] GC(117) Concurrent Rebuild Remembered Sets 3.635ms
[2024-09-09T03:14:52.033+0800][info] GC(117) Pause Cleanup
[2024-09-09T03:14:52.033+0800][info] GC(117) Pause Cleanup 58M->58M(128M) 0.143ms
[2024-09-09T03:14:52.033+0800][info] GC(117) User=0.00s Sys=0.00s Real=0.00s
[2024-09-09T03:14:52.033+0800][info] GC(117) Concurrent Cleanup for Next Mark
[2024-09-09T03:14:52.033+0800][info] GC(117) Concurrent Cleanup for Next Mark 0.192ms
[2024-09-09T03:14:52.033+0800][info] GC(117) Concurrent Mark Cycle 9.533ms
[2024-09-09T03:14:52.643+0800][info] GC(118) Pause Young (Prepare Mixed) (G1 Preventive Collection)
[2024-09-09T03:14:52.643+0800][info] GC(118) Using 3 workers of 48 for evacuation
[2024-09-09T03:14:52.644+0800][info] GC(118)   Pre Evacuate Collection Set: 0.0ms
[2024-09-09T03:14:52.644+0800][info] GC(118)   Merge Heap Roots: 0.0ms
[2024-09-09T03:14:52.644+0800][info] GC(118)   Evacuate Collection Set: 0.5ms
[2024-09-09T03:14:52.644+0800][info] GC(118)   Post Evacuate Collection Set: 0.1ms
[2024-09-09T03:14:52.644+0800][info] GC(118)   Other: 0.1ms
[2024-09-09T03:14:52.644+0800][info] GC(118) Eden regions: 1->0(1)
[2024-09-09T03:14:52.644+0800][info] GC(118) Survivor regions: 1->1(1)
[2024-09-09T03:14:52.644+0800][info] GC(118) Old regions: 9->10
[2024-09-09T03:14:52.644+0800][info] GC(118) Archive regions: 2->2
[2024-09-09T03:14:52.644+0800][info] GC(118) Humongous regions: 12->12
[2024-09-09T03:14:52.644+0800][info] GC(118) Metaspace: 778K(960K)->778K(960K) NonClass: 725K(832K)->725K(832K) Class: 52K(128K)->52K(128K)
[2024-09-09T03:14:52.644+0800][info] GC(118) Pause Young (Prepare Mixed) (G1 Preventive Collection) 90M->89M(128M) 0.784ms
[2024-09-09T03:14:52.644+0800][info] GC(118) User=0.00s Sys=0.00s Real=0.00s
[2024-09-09T03:14:52.644+0800][info] Attempting full compaction
[2024-09-09T03:14:52.644+0800][info] GC(119) Using 1 workers of 48 for full compaction
[2024-09-09T03:14:52.644+0800][info] GC(119) Pause Full (G1 Compaction Pause)
[2024-09-09T03:14:52.644+0800][info] GC(119) Phase 1: Mark live objects
[2024-09-09T03:14:52.646+0800][info] GC(119) Phase 1: Mark live objects 2.413ms
[2024-09-09T03:14:52.646+0800][info] GC(119) Phase 2: Prepare for compaction
[2024-09-09T03:14:52.647+0800][info] GC(119) Phase 2: Prepare for compaction 0.465ms
[2024-09-09T03:14:52.647+0800][info] GC(119) Phase 3: Adjust pointers
[2024-09-09T03:14:52.648+0800][info] GC(119) Phase 3: Adjust pointers 1.358ms
[2024-09-09T03:14:52.648+0800][info] GC(119) Phase 4: Compact heap
[2024-09-09T03:14:52.649+0800][info] GC(119) Phase 4: Compact heap 0.365ms
[2024-09-09T03:14:52.649+0800][info] GC(119) Eden regions: 0->0(5)
[2024-09-09T03:14:52.649+0800][info] GC(119) Survivor regions: 1->0(1)
[2024-09-09T03:14:52.649+0800][info] GC(119) Old regions: 10->1
[2024-09-09T03:14:52.649+0800][info] GC(119) Archive regions: 2->2
[2024-09-09T03:14:52.649+0800][info] GC(119) Humongous regions: 12->12
[2024-09-09T03:14:52.649+0800][info] GC(119) Metaspace: 778K(960K)->778K(960K) NonClass: 725K(832K)->725K(832K) Class: 52K(128K)->52K(128K)
[2024-09-09T03:14:52.649+0800][info] GC(119) Pause Full (G1 Compaction Pause) 89M->52M(128M) 5.127ms
[2024-09-09T03:14:52.649+0800][info] GC(119) User=0.00s Sys=0.00s Real=0.01s
[2024-09-09T03:14:52.671+0800][info] GC(120) Pause Young (Concurrent Start) (G1 Humongous Allocation)
[2024-09-09T03:14:52.671+0800][info] GC(120) Using 3 workers of 48 for evacuation
[2024-09-09T03:14:52.672+0800][info] GC(120)   Pre Evacuate Collection Set: 0.0ms
[2024-09-09T03:14:52.672+0800][info] GC(120)   Merge Heap Roots: 0.0ms
[2024-09-09T03:14:52.672+0800][info] GC(120)   Evacuate Collection Set: 0.1ms
[2024-09-09T03:14:52.672+0800][info] GC(120)   Post Evacuate Collection Set: 0.1ms
[2024-09-09T03:14:52.672+0800][info] GC(120)   Other: 0.1ms
[2024-09-09T03:14:52.672+0800][info] GC(120) Eden regions: 1->0(1)
[2024-09-09T03:14:52.672+0800][info] GC(120) Survivor regions: 0->1(1)
[2024-09-09T03:14:52.672+0800][info] GC(120) Old regions: 1->1
[2024-09-09T03:14:52.672+0800][info] GC(120) Archive regions: 2->2
[2024-09-09T03:14:52.672+0800][info] GC(120) Humongous regions: 16->16
[2024-09-09T03:14:52.672+0800][info] GC(120) Metaspace: 778K(960K)->778K(960K) NonClass: 725K(832K)->725K(832K) Class: 52K(128K)->52K(128K)
[2024-09-09T03:14:52.672+0800][info] GC(120) Pause Young (Concurrent Start) (G1 Humongous Allocation) 69M->68M(128M) 0.490ms
[2024-09-09T03:14:52.672+0800][info] GC(120) User=0.00s Sys=0.00s Real=0.00s
[2024-09-09T03:14:52.672+0800][info] GC(121) Concurrent Mark Cycle
[2024-09-09T03:14:52.672+0800][info] GC(121) Concurrent Clear Claimed Marks
[2024-09-09T03:14:52.672+0800][info] GC(121) Concurrent Clear Claimed Marks 0.009ms
[2024-09-09T03:14:52.672+0800][info] GC(121) Concurrent Scan Root Regions
[2024-09-09T03:14:52.672+0800][info] GC(121) Concurrent Scan Root Regions 0.040ms
[2024-09-09T03:14:52.672+0800][info] GC(121) Concurrent Mark
[2024-09-09T03:14:52.672+0800][info] GC(121) Concurrent Mark From Roots
[2024-09-09T03:14:52.672+0800][info] GC(121) Using 12 workers of 12 for marking
[2024-09-09T03:14:52.674+0800][info] GC(121) Concurrent Mark From Roots 1.827ms
[2024-09-09T03:14:52.674+0800][info] GC(121) Concurrent Preclean
[2024-09-09T03:14:52.674+0800][info] GC(121) Concurrent Preclean 0.659ms
[2024-09-09T03:14:52.674+0800][info] GC(121) Pause Remark
[2024-09-09T03:14:52.675+0800][info] GC(121) Pause Remark 85M->69M(128M) 0.683ms
[2024-09-09T03:14:52.675+0800][info] GC(121) User=0.00s Sys=0.00s Real=0.00s
[2024-09-09T03:14:52.675+0800][info] GC(121) Concurrent Mark 3.323ms
[2024-09-09T03:14:52.675+0800][info] GC(121) Concurrent Rebuild Remembered Sets
[2024-09-09T03:14:52.678+0800][info] GC(121) Concurrent Rebuild Remembered Sets 3.273ms
[2024-09-09T03:14:52.678+0800][info] GC(121) Pause Cleanup
[2024-09-09T03:14:52.679+0800][info] GC(121) Pause Cleanup 69M->69M(128M) 0.176ms
[2024-09-09T03:14:52.679+0800][info] GC(121) User=0.00s Sys=0.00s Real=0.00s
[2024-09-09T03:14:52.679+0800][info] GC(121) Concurrent Cleanup for Next Mark
[2024-09-09T03:14:52.679+0800][info] GC(121) Concurrent Cleanup for Next Mark 0.164ms
[2024-09-09T03:14:52.679+0800][info] GC(121) Concurrent Mark Cycle 7.105ms
[2024-09-09T03:14:53.291+0800][info] GC(122) Pause Young (Prepare Mixed) (G1 Humongous Allocation)
[2024-09-09T03:14:53.292+0800][info] GC(122) Using 3 workers of 48 for evacuation
[2024-09-09T03:14:53.292+0800][info] GC(122)   Pre Evacuate Collection Set: 0.1ms
[2024-09-09T03:14:53.292+0800][info] GC(122)   Merge Heap Roots: 0.0ms
[2024-09-09T03:14:53.292+0800][info] GC(122)   Evacuate Collection Set: 0.1ms
[2024-09-09T03:14:53.292+0800][info] GC(122)   Post Evacuate Collection Set: 0.1ms
[2024-09-09T03:14:53.292+0800][info] GC(122)   Other: 0.2ms
[2024-09-09T03:14:53.292+0800][info] GC(122) Eden regions: 1->0(1)
[2024-09-09T03:14:53.292+0800][info] GC(122) Survivor regions: 1->1(1)
[2024-09-09T03:14:53.292+0800][info] GC(122) Old regions: 1->1
[2024-09-09T03:14:53.292+0800][info] GC(122) Archive regions: 2->2
[2024-09-09T03:14:53.292+0800][info] GC(122) Humongous regions: 24->24
[2024-09-09T03:14:53.292+0800][info] GC(122) Metaspace: 778K(960K)->778K(960K) NonClass: 725K(832K)->725K(832K) Class: 52K(128K)->52K(128K)
[2024-09-09T03:14:53.292+0800][info] GC(122) Pause Young (Prepare Mixed) (G1 Humongous Allocation) 101M->100M(128M) 0.679ms
[2024-09-09T03:14:53.292+0800][info] GC(122) User=0.00s Sys=0.01s Real=0.00s
[2024-09-09T03:14:53.292+0800][info] Attempting full compaction
[2024-09-09T03:14:53.292+0800][info] GC(123) Using 1 workers of 48 for full compaction
[2024-09-09T03:14:53.292+0800][info] GC(123) Pause Full (G1 Compaction Pause)
[2024-09-09T03:14:53.292+0800][info] GC(123) Phase 1: Mark live objects
[2024-09-09T03:14:53.297+0800][info] GC(123) Phase 1: Mark live objects 4.557ms
[2024-09-09T03:14:53.297+0800][info] GC(123) Phase 2: Prepare for compaction
[2024-09-09T03:14:53.297+0800][info] GC(123) Phase 2: Prepare for compaction 0.459ms
[2024-09-09T03:14:53.297+0800][info] GC(123) Phase 3: Adjust pointers
[2024-09-09T03:14:53.300+0800][info] GC(123) Phase 3: Adjust pointers 2.270ms
[2024-09-09T03:14:53.300+0800][info] GC(123) Phase 4: Compact heap
[2024-09-09T03:14:53.300+0800][info] GC(123) Phase 4: Compact heap 0.544ms
[2024-09-09T03:14:53.301+0800][info] GC(123) Eden regions: 0->0(1)
[2024-09-09T03:14:53.301+0800][info] GC(123) Survivor regions: 1->0(1)
[2024-09-09T03:14:53.301+0800][info] GC(123) Old regions: 1->1
[2024-09-09T03:14:53.301+0800][info] GC(123) Archive regions: 2->2
[2024-09-09T03:14:53.301+0800][info] GC(123) Humongous regions: 24->12
[2024-09-09T03:14:53.301+0800][info] GC(123) Metaspace: 778K(960K)->778K(960K) NonClass: 725K(832K)->725K(832K) Class: 52K(128K)->52K(128K)
[2024-09-09T03:14:53.301+0800][info] GC(123) Pause Full (G1 Compaction Pause) 100M->52M(128M) 8.853ms
[2024-09-09T03:14:53.301+0800][info] GC(123) User=0.01s Sys=0.00s Real=0.01s
[2024-09-09T03:14:53.324+0800][info] GC(124) Pause Young (Concurrent Start) (G1 Humongous Allocation)
[2024-09-09T03:14:53.324+0800][info] GC(124) Using 3 workers of 48 for evacuation
[2024-09-09T03:14:53.324+0800][info] GC(124)   Pre Evacuate Collection Set: 0.0ms
[2024-09-09T03:14:53.324+0800][info] GC(124)   Merge Heap Roots: 0.0ms
[2024-09-09T03:14:53.324+0800][info] GC(124)   Evacuate Collection Set: 0.1ms
[2024-09-09T03:14:53.324+0800][info] GC(124)   Post Evacuate Collection Set: 0.1ms
[2024-09-09T03:14:53.324+0800][info] GC(124)   Other: 0.3ms
[2024-09-09T03:14:53.324+0800][info] GC(124) Eden regions: 1->0(1)
[2024-09-09T03:14:53.324+0800][info] GC(124) Survivor regions: 0->1(1)
[2024-09-09T03:14:53.324+0800][info] GC(124) Old regions: 1->1
[2024-09-09T03:14:53.325+0800][info] GC(124) Archive regions: 2->2
[2024-09-09T03:14:53.325+0800][info] GC(124) Humongous regions: 16->16
[2024-09-09T03:14:53.325+0800][info] GC(124) Metaspace: 778K(960K)->778K(960K) NonClass: 725K(832K)->725K(832K) Class: 52K(128K)->52K(128K)
[2024-09-09T03:14:53.325+0800][info] GC(124) Pause Young (Concurrent Start) (G1 Humongous Allocation) 69M->68M(128M) 0.769ms
[2024-09-09T03:14:53.325+0800][info] GC(124) User=0.00s Sys=0.00s Real=0.00s
[2024-09-09T03:14:53.325+0800][info] GC(125) Concurrent Mark Cycle
[2024-09-09T03:14:53.325+0800][info] GC(125) Concurrent Clear Claimed Marks
[2024-09-09T03:14:53.325+0800][info] GC(125) Concurrent Clear Claimed Marks 0.007ms
[2024-09-09T03:14:53.325+0800][info] GC(125) Concurrent Scan Root Regions
[2024-09-09T03:14:53.325+0800][info] GC(125) Concurrent Scan Root Regions 0.044ms
[2024-09-09T03:14:53.325+0800][info] GC(125) Concurrent Mark
[2024-09-09T03:14:53.325+0800][info] GC(125) Concurrent Mark From Roots
[2024-09-09T03:14:53.325+0800][info] GC(125) Using 12 workers of 12 for marking
[2024-09-09T03:14:53.327+0800][info] GC(125) Concurrent Mark From Roots 2.007ms
[2024-09-09T03:14:53.327+0800][info] GC(125) Concurrent Preclean
[2024-09-09T03:14:53.327+0800][info] GC(125) Concurrent Preclean 0.662ms
[2024-09-09T03:14:53.327+0800][info] GC(125) Pause Remark
[2024-09-09T03:14:53.329+0800][info] GC(125) Pause Remark 85M->69M(128M) 1.289ms
[2024-09-09T03:14:53.329+0800][info] GC(125) User=0.00s Sys=0.00s Real=0.00s
[2024-09-09T03:14:53.329+0800][info] GC(125) Concurrent Mark 4.113ms
[2024-09-09T03:14:53.329+0800][info] GC(125) Concurrent Rebuild Remembered Sets
[2024-09-09T03:14:53.333+0800][info] GC(125) Concurrent Rebuild Remembered Sets 4.171ms
[2024-09-09T03:14:53.333+0800][info] GC(125) Pause Cleanup
[2024-09-09T03:14:53.333+0800][info] GC(125) Pause Cleanup 69M->69M(128M) 0.297ms
[2024-09-09T03:14:53.333+0800][info] GC(125) User=0.00s Sys=0.00s Real=0.00s
[2024-09-09T03:14:53.333+0800][info] GC(125) Concurrent Cleanup for Next Mark
[2024-09-09T03:14:53.334+0800][info] GC(125) Concurrent Cleanup for Next Mark 0.194ms
[2024-09-09T03:14:53.334+0800][info] GC(125) Concurrent Mark Cycle 8.972ms
[2024-09-09T03:14:54.414+0800][info] GC(126) Pause Young (Prepare Mixed) (G1 Evacuation Pause)
[2024-09-09T03:14:54.414+0800][info] GC(126) Using 3 workers of 48 for evacuation
[2024-09-09T03:14:54.415+0800][info] GC(126)   Pre Evacuate Collection Set: 0.1ms
[2024-09-09T03:14:54.415+0800][info] GC(126)   Merge Heap Roots: 0.0ms
[2024-09-09T03:14:54.415+0800][info] GC(126)   Evacuate Collection Set: 0.6ms
[2024-09-09T03:14:54.415+0800][info] GC(126)   Post Evacuate Collection Set: 0.2ms
[2024-09-09T03:14:54.415+0800][info] GC(126)   Other: 0.2ms
[2024-09-09T03:14:54.415+0800][info] GC(126) Eden regions: 1->0(1)
[2024-09-09T03:14:54.415+0800][info] GC(126) Survivor regions: 1->1(1)
[2024-09-09T03:14:54.415+0800][info] GC(126) Old regions: 1->1
[2024-09-09T03:14:54.415+0800][info] GC(126) Archive regions: 2->2
[2024-09-09T03:14:54.415+0800][info] GC(126) Humongous regions: 16->16
[2024-09-09T03:14:54.415+0800][info] GC(126) Metaspace: 780K(960K)->780K(960K) NonClass: 728K(832K)->728K(832K) Class: 52K(128K)->52K(128K)
[2024-09-09T03:14:54.415+0800][info] GC(126) Pause Young (Prepare Mixed) (G1 Evacuation Pause) 72M->72M(128M) 1.267ms
[2024-09-09T03:14:54.415+0800][info] GC(126) User=0.00s Sys=0.00s Real=0.00s
[2024-09-09T03:14:54.915+0800][info] GC(127) Pause Young (Mixed) (G1 Evacuation Pause)
[2024-09-09T03:14:54.915+0800][info] GC(127) Using 3 workers of 48 for evacuation
[2024-09-09T03:14:54.917+0800][info] GC(127)   Pre Evacuate Collection Set: 0.1ms
[2024-09-09T03:14:54.917+0800][info] GC(127)   Merge Heap Roots: 0.0ms
[2024-09-09T03:14:54.917+0800][info] GC(127)   Evacuate Collection Set: 1.7ms
[2024-09-09T03:14:54.917+0800][info] GC(127)   Post Evacuate Collection Set: 0.2ms
[2024-09-09T03:14:54.917+0800][info] GC(127)   Other: 0.2ms
[2024-09-09T03:14:54.917+0800][info] GC(127) Eden regions: 1->0(1)
[2024-09-09T03:14:54.917+0800][info] GC(127) Survivor regions: 1->1(1)
[2024-09-09T03:14:54.917+0800][info] GC(127) Old regions: 1->2
[2024-09-09T03:14:54.917+0800][info] GC(127) Archive regions: 2->2
[2024-09-09T03:14:54.917+0800][info] GC(127) Humongous regions: 16->0
[2024-09-09T03:14:54.917+0800][info] GC(127) Metaspace: 780K(960K)->780K(960K) NonClass: 728K(832K)->728K(832K) Class: 52K(128K)->52K(128K)
[2024-09-09T03:14:54.918+0800][info] GC(127) Pause Young (Mixed) (G1 Evacuation Pause) 76M->12M(128M) 2.415ms
[2024-09-09T03:14:54.918+0800][info] GC(127) User=0.01s Sys=0.00s Real=0.01s
[2024-09-09T03:14:55.415+0800][info] GC(128) Pause Young (Concurrent Start) (G1 Evacuation Pause)
[2024-09-09T03:14:55.415+0800][info] GC(128) Using 3 workers of 48 for evacuation
[2024-09-09T03:14:55.416+0800][info] GC(128)   Pre Evacuate Collection Set: 0.0ms
[2024-09-09T03:14:55.416+0800][info] GC(128)   Merge Heap Roots: 0.0ms
[2024-09-09T03:14:55.416+0800][info] GC(128)   Evacuate Collection Set: 0.9ms
[2024-09-09T03:14:55.416+0800][info] GC(128)   Post Evacuate Collection Set: 0.1ms
[2024-09-09T03:14:55.416+0800][info] GC(128)   Other: 0.3ms
[2024-09-09T03:14:55.416+0800][info] GC(128) Eden regions: 1->0(1)
[2024-09-09T03:14:55.416+0800][info] GC(128) Survivor regions: 1->1(1)
[2024-09-09T03:14:55.416+0800][info] GC(128) Old regions: 2->3
[2024-09-09T03:14:55.416+0800][info] GC(128) Archive regions: 2->2
[2024-09-09T03:14:55.416+0800][info] GC(128) Humongous regions: 0->0
[2024-09-09T03:14:55.416+0800][info] GC(128) Metaspace: 780K(960K)->780K(960K) NonClass: 728K(832K)->728K(832K) Class: 52K(128K)->52K(128K)
[2024-09-09T03:14:55.416+0800][info] GC(128) Pause Young (Concurrent Start) (G1 Evacuation Pause) 16M->16M(128M) 1.528ms
[2024-09-09T03:14:55.416+0800][info] GC(128) User=0.01s Sys=0.00s Real=0.00s
[2024-09-09T03:14:55.416+0800][info] GC(129) Concurrent Mark Cycle
[2024-09-09T03:14:55.416+0800][info] GC(129) Concurrent Clear Claimed Marks
[2024-09-09T03:14:55.416+0800][info] GC(129) Concurrent Clear Claimed Marks 0.009ms
[2024-09-09T03:14:55.416+0800][info] GC(129) Concurrent Scan Root Regions
[2024-09-09T03:14:55.416+0800][info] GC(129) Concurrent Scan Root Regions 0.062ms
[2024-09-09T03:14:55.416+0800][info] GC(129) Concurrent Mark
[2024-09-09T03:14:55.417+0800][info] GC(129) Concurrent Mark From Roots
[2024-09-09T03:14:55.417+0800][info] GC(129) Using 12 workers of 12 for marking
[2024-09-09T03:14:55.418+0800][info] GC(129) Concurrent Mark From Roots 1.838ms
[2024-09-09T03:14:55.418+0800][info] GC(129) Concurrent Preclean
[2024-09-09T03:14:55.419+0800][info] GC(129) Concurrent Preclean 0.660ms
[2024-09-09T03:14:55.419+0800][info] GC(129) Pause Remark
[2024-09-09T03:14:55.420+0800][info] GC(129) Pause Remark 17M->17M(128M) 0.723ms
[2024-09-09T03:14:55.420+0800][info] GC(129) User=0.01s Sys=0.00s Real=0.00s
[2024-09-09T03:14:55.420+0800][info] GC(129) Concurrent Mark 3.335ms
[2024-09-09T03:14:55.420+0800][info] GC(129) Concurrent Rebuild Remembered Sets
[2024-09-09T03:14:55.421+0800][info] GC(129) Concurrent Rebuild Remembered Sets 0.837ms
[2024-09-09T03:14:55.421+0800][info] GC(129) Pause Cleanup
[2024-09-09T03:14:55.421+0800][info] GC(129) Pause Cleanup 17M->17M(128M) 0.131ms
[2024-09-09T03:14:55.421+0800][info] GC(129) User=0.00s Sys=0.00s Real=0.00s
[2024-09-09T03:14:55.421+0800][info] GC(129) Concurrent Cleanup for Next Mark
[2024-09-09T03:14:55.421+0800][info] GC(129) Concurrent Cleanup for Next Mark 0.176ms
[2024-09-09T03:14:55.421+0800][info] GC(129) Concurrent Mark Cycle 4.696ms
[2024-09-09T03:14:56.067+0800][info] GC(130) Pause Young (Normal) (G1 Evacuation Pause)
[2024-09-09T03:14:56.067+0800][info] GC(130) Using 3 workers of 48 for evacuation
[2024-09-09T03:14:56.068+0800][info] GC(130)   Pre Evacuate Collection Set: 0.0ms
[2024-09-09T03:14:56.068+0800][info] GC(130)   Merge Heap Roots: 0.0ms
[2024-09-09T03:14:56.068+0800][info] GC(130)   Evacuate Collection Set: 0.9ms
[2024-09-09T03:14:56.068+0800][info] GC(130)   Post Evacuate Collection Set: 0.1ms
[2024-09-09T03:14:56.068+0800][info] GC(130)   Other: 0.2ms
[2024-09-09T03:14:56.068+0800][info] GC(130) Eden regions: 1->0(1)
[2024-09-09T03:14:56.068+0800][info] GC(130) Survivor regions: 1->1(1)
[2024-09-09T03:14:56.068+0800][info] GC(130) Old regions: 3->4
[2024-09-09T03:14:56.068+0800][info] GC(130) Archive regions: 2->2
[2024-09-09T03:14:56.068+0800][info] GC(130) Humongous regions: 0->0
[2024-09-09T03:14:56.068+0800][info] GC(130) Metaspace: 780K(960K)->780K(960K) NonClass: 728K(832K)->728K(832K) Class: 52K(128K)->52K(128K)
[2024-09-09T03:14:56.068+0800][info] GC(130) Pause Young (Normal) (G1 Evacuation Pause) 20M->20M(128M) 1.383ms
[2024-09-09T03:14:56.068+0800][info] GC(130) User=0.00s Sys=0.00s Real=0.00s
[2024-09-09T03:14:56.568+0800][info] GC(131) Pause Young (Concurrent Start) (G1 Evacuation Pause)
[2024-09-09T03:14:56.568+0800][info] GC(131) Using 3 workers of 48 for evacuation
[2024-09-09T03:14:56.569+0800][info] GC(131)   Pre Evacuate Collection Set: 0.0ms
[2024-09-09T03:14:56.569+0800][info] GC(131)   Merge Heap Roots: 0.0ms
[2024-09-09T03:14:56.569+0800][info] GC(131)   Evacuate Collection Set: 0.9ms
[2024-09-09T03:14:56.569+0800][info] GC(131)   Post Evacuate Collection Set: 0.1ms
[2024-09-09T03:14:56.569+0800][info] GC(131)   Other: 0.2ms
[2024-09-09T03:14:56.569+0800][info] GC(131) Eden regions: 1->0(1)
[2024-09-09T03:14:56.569+0800][info] GC(131) Survivor regions: 1->1(1)
[2024-09-09T03:14:56.569+0800][info] GC(131) Old regions: 4->5
[2024-09-09T03:14:56.569+0800][info] GC(131) Archive regions: 2->2
[2024-09-09T03:14:56.569+0800][info] GC(131) Humongous regions: 0->0
[2024-09-09T03:14:56.569+0800][info] GC(131) Metaspace: 780K(960K)->780K(960K) NonClass: 728K(832K)->728K(832K) Class: 52K(128K)->52K(128K)
[2024-09-09T03:14:56.569+0800][info] GC(131) Pause Young (Concurrent Start) (G1 Evacuation Pause) 24M->24M(128M) 1.278ms
[2024-09-09T03:14:56.569+0800][info] GC(131) User=0.00s Sys=0.00s Real=0.00s
[2024-09-09T03:14:56.569+0800][info] GC(132) Concurrent Mark Cycle
[2024-09-09T03:14:56.569+0800][info] GC(132) Concurrent Clear Claimed Marks
[2024-09-09T03:14:56.569+0800][info] GC(132) Concurrent Clear Claimed Marks 0.008ms
[2024-09-09T03:14:56.569+0800][info] GC(132) Concurrent Scan Root Regions
[2024-09-09T03:14:56.569+0800][info] GC(132) Concurrent Scan Root Regions 0.073ms
[2024-09-09T03:14:56.569+0800][info] GC(132) Concurrent Mark
[2024-09-09T03:14:56.569+0800][info] GC(132) Concurrent Mark From Roots
[2024-09-09T03:14:56.569+0800][info] GC(132) Using 12 workers of 12 for marking
[2024-09-09T03:14:56.571+0800][info] GC(132) Concurrent Mark From Roots 1.994ms
[2024-09-09T03:14:56.571+0800][info] GC(132) Concurrent Preclean
[2024-09-09T03:14:56.572+0800][info] GC(132) Concurrent Preclean 0.668ms
[2024-09-09T03:14:56.572+0800][info] GC(132) Pause Remark
[2024-09-09T03:14:56.573+0800][info] GC(132) Pause Remark 24M->24M(128M) 0.661ms
[2024-09-09T03:14:56.573+0800][info] GC(132) User=0.00s Sys=0.00s Real=0.00s
[2024-09-09T03:14:56.573+0800][info] GC(132) Concurrent Mark 3.386ms
[2024-09-09T03:14:56.573+0800][info] GC(132) Concurrent Rebuild Remembered Sets
[2024-09-09T03:14:56.574+0800][info] GC(132) Concurrent Rebuild Remembered Sets 1.091ms
[2024-09-09T03:14:56.574+0800][info] GC(132) Pause Cleanup
[2024-09-09T03:14:56.574+0800][info] GC(132) Pause Cleanup 24M->24M(128M) 0.085ms
[2024-09-09T03:14:56.574+0800][info] GC(132) User=0.00s Sys=0.00s Real=0.00s
[2024-09-09T03:14:56.574+0800][info] GC(132) Concurrent Cleanup for Next Mark
[2024-09-09T03:14:56.574+0800][info] GC(132) Concurrent Cleanup for Next Mark 0.223ms
[2024-09-09T03:14:56.574+0800][info] GC(132) Concurrent Mark Cycle 4.954ms
[2024-09-09T03:14:57.221+0800][info] GC(133) Pause Young (Normal) (G1 Evacuation Pause)
[2024-09-09T03:14:57.221+0800][info] GC(133) Using 3 workers of 48 for evacuation
[2024-09-09T03:14:57.223+0800][info] GC(133)   Pre Evacuate Collection Set: 0.0ms
[2024-09-09T03:14:57.223+0800][info] GC(133)   Merge Heap Roots: 0.0ms
[2024-09-09T03:14:57.223+0800][info] GC(133)   Evacuate Collection Set: 1.0ms
[2024-09-09T03:14:57.223+0800][info] GC(133)   Post Evacuate Collection Set: 0.1ms
[2024-09-09T03:14:57.223+0800][info] GC(133)   Other: 0.1ms
[2024-09-09T03:14:57.223+0800][info] GC(133) Eden regions: 1->0(1)
[2024-09-09T03:14:57.223+0800][info] GC(133) Survivor regions: 1->1(1)
[2024-09-09T03:14:57.223+0800][info] GC(133) Old regions: 5->6
[2024-09-09T03:14:57.223+0800][info] GC(133) Archive regions: 2->2
[2024-09-09T03:14:57.223+0800][info] GC(133) Humongous regions: 0->0
[2024-09-09T03:14:57.223+0800][info] GC(133) Metaspace: 792K(960K)->792K(960K) NonClass: 740K(832K)->740K(832K) Class: 52K(128K)->52K(128K)
[2024-09-09T03:14:57.223+0800][info] GC(133) Pause Young (Normal) (G1 Evacuation Pause) 28M->28M(128M) 1.361ms
[2024-09-09T03:14:57.223+0800][info] GC(133) User=0.01s Sys=0.00s Real=0.00s
[2024-09-09T03:14:57.726+0800][info] GC(134) Pause Young (Concurrent Start) (G1 Evacuation Pause)
[2024-09-09T03:14:57.726+0800][info] GC(134) Using 3 workers of 48 for evacuation
[2024-09-09T03:14:57.727+0800][info] GC(134)   Pre Evacuate Collection Set: 0.0ms
[2024-09-09T03:14:57.728+0800][info] GC(134)   Merge Heap Roots: 0.0ms
[2024-09-09T03:14:57.728+0800][info] GC(134)   Evacuate Collection Set: 1.2ms
[2024-09-09T03:14:57.728+0800][info] GC(134)   Post Evacuate Collection Set: 0.1ms
[2024-09-09T03:14:57.728+0800][info] GC(134)   Other: 0.2ms
[2024-09-09T03:14:57.728+0800][info] GC(134) Eden regions: 1->0(1)
[2024-09-09T03:14:57.728+0800][info] GC(134) Survivor regions: 1->1(1)
[2024-09-09T03:14:57.728+0800][info] GC(134) Old regions: 6->7
[2024-09-09T03:14:57.728+0800][info] GC(134) Archive regions: 2->2
[2024-09-09T03:14:57.728+0800][info] GC(134) Humongous regions: 0->0
[2024-09-09T03:14:57.728+0800][info] GC(134) Metaspace: 792K(960K)->792K(960K) NonClass: 740K(832K)->740K(832K) Class: 52K(128K)->52K(128K)
[2024-09-09T03:14:57.728+0800][info] GC(134) Pause Young (Concurrent Start) (G1 Evacuation Pause) 32M->32M(128M) 1.662ms
[2024-09-09T03:14:57.728+0800][info] GC(134) User=0.01s Sys=0.00s Real=0.00s
[2024-09-09T03:14:57.728+0800][info] GC(135) Concurrent Mark Cycle
[2024-09-09T03:14:57.728+0800][info] GC(135) Concurrent Clear Claimed Marks
[2024-09-09T03:14:57.728+0800][info] GC(135) Concurrent Clear Claimed Marks 0.008ms
[2024-09-09T03:14:57.728+0800][info] GC(135) Concurrent Scan Root Regions
[2024-09-09T03:14:57.728+0800][info] GC(135) Concurrent Scan Root Regions 0.145ms
[2024-09-09T03:14:57.728+0800][info] GC(135) Concurrent Mark
[2024-09-09T03:14:57.728+0800][info] GC(135) Concurrent Mark From Roots
[2024-09-09T03:14:57.728+0800][info] GC(135) Using 12 workers of 12 for marking
[2024-09-09T03:14:57.730+0800][info] GC(135) Concurrent Mark From Roots 2.085ms
[2024-09-09T03:14:57.730+0800][info] GC(135) Concurrent Preclean
[2024-09-09T03:14:57.731+0800][info] GC(135) Concurrent Preclean 0.655ms
[2024-09-09T03:14:57.731+0800][info] GC(135) Pause Remark
[2024-09-09T03:14:57.731+0800][info] GC(135) Pause Remark 32M->32M(128M) 0.891ms
[2024-09-09T03:14:57.731+0800][info] GC(135) User=0.00s Sys=0.00s Real=0.00s
[2024-09-09T03:14:57.732+0800][info] GC(135) Concurrent Mark 3.708ms
[2024-09-09T03:14:57.732+0800][info] GC(135) Concurrent Rebuild Remembered Sets
[2024-09-09T03:14:57.733+0800][info] GC(135) Concurrent Rebuild Remembered Sets 1.745ms
[2024-09-09T03:14:57.733+0800][info] GC(135) Pause Cleanup
[2024-09-09T03:14:57.733+0800][info] GC(135) Pause Cleanup 32M->32M(128M) 0.096ms
[2024-09-09T03:14:57.733+0800][info] GC(135) User=0.00s Sys=0.00s Real=0.00s
[2024-09-09T03:14:57.733+0800][info] GC(135) Concurrent Cleanup for Next Mark
[2024-09-09T03:14:57.734+0800][info] GC(135) Concurrent Cleanup for Next Mark 0.220ms
[2024-09-09T03:14:57.734+0800][info] GC(135) Concurrent Mark Cycle 6.014ms
[2024-09-09T03:14:58.380+0800][info] GC(136) Pause Young (Prepare Mixed) (G1 Evacuation Pause)
[2024-09-09T03:14:58.380+0800][info] GC(136) Using 3 workers of 48 for evacuation
[2024-09-09T03:14:58.382+0800][info] GC(136)   Pre Evacuate Collection Set: 0.0ms
[2024-09-09T03:14:58.382+0800][info] GC(136)   Merge Heap Roots: 0.0ms
[2024-09-09T03:14:58.382+0800][info] GC(136)   Evacuate Collection Set: 1.2ms
[2024-09-09T03:14:58.382+0800][info] GC(136)   Post Evacuate Collection Set: 0.1ms
[2024-09-09T03:14:58.382+0800][info] GC(136)   Other: 0.1ms
[2024-09-09T03:14:58.382+0800][info] GC(136) Eden regions: 1->0(1)
[2024-09-09T03:14:58.382+0800][info] GC(136) Survivor regions: 1->1(1)
[2024-09-09T03:14:58.382+0800][info] GC(136) Old regions: 7->8
[2024-09-09T03:14:58.382+0800][info] GC(136) Archive regions: 2->2
[2024-09-09T03:14:58.382+0800][info] GC(136) Humongous regions: 0->0
[2024-09-09T03:14:58.382+0800][info] GC(136) Metaspace: 792K(960K)->792K(960K) NonClass: 740K(832K)->740K(832K) Class: 52K(128K)->52K(128K)
[2024-09-09T03:14:58.382+0800][info] GC(136) Pause Young (Prepare Mixed) (G1 Evacuation Pause) 36M->36M(128M) 1.497ms
[2024-09-09T03:14:58.382+0800][info] GC(136) User=0.00s Sys=0.00s Real=0.00s
[2024-09-09T03:14:58.878+0800][info] GC(137) Pause Young (Mixed) (G1 Evacuation Pause)
[2024-09-09T03:14:58.878+0800][info] GC(137) Using 3 workers of 48 for evacuation
[2024-09-09T03:14:58.880+0800][info] GC(137)   Pre Evacuate Collection Set: 0.0ms
[2024-09-09T03:14:58.880+0800][info] GC(137)   Merge Heap Roots: 0.0ms
[2024-09-09T03:14:58.880+0800][info] GC(137)   Evacuate Collection Set: 1.2ms
[2024-09-09T03:14:58.880+0800][info] GC(137)   Post Evacuate Collection Set: 0.1ms
[2024-09-09T03:14:58.880+0800][info] GC(137)   Other: 0.1ms
[2024-09-09T03:14:58.880+0800][info] GC(137) Eden regions: 1->0(1)
[2024-09-09T03:14:58.880+0800][info] GC(137) Survivor regions: 1->1(1)
[2024-09-09T03:14:58.880+0800][info] GC(137) Old regions: 8->8
[2024-09-09T03:14:58.880+0800][info] GC(137) Archive regions: 2->2
[2024-09-09T03:14:58.880+0800][info] GC(137) Humongous regions: 0->0
[2024-09-09T03:14:58.880+0800][info] GC(137) Metaspace: 792K(960K)->792K(960K) NonClass: 740K(832K)->740K(832K) Class: 52K(128K)->52K(128K)
[2024-09-09T03:14:58.880+0800][info] GC(137) Pause Young (Mixed) (G1 Evacuation Pause) 40M->36M(128M) 1.486ms
[2024-09-09T03:14:58.880+0800][info] GC(137) User=0.00s Sys=0.00s Real=0.00s
[2024-09-09T03:14:59.382+0800][info] GC(138) Pause Young (Mixed) (G1 Evacuation Pause)
[2024-09-09T03:14:59.382+0800][info] GC(138) Using 3 workers of 48 for evacuation
[2024-09-09T03:14:59.384+0800][info] GC(138)   Pre Evacuate Collection Set: 0.0ms
[2024-09-09T03:14:59.384+0800][info] GC(138)   Merge Heap Roots: 0.0ms
[2024-09-09T03:14:59.384+0800][info] GC(138)   Evacuate Collection Set: 2.3ms
[2024-09-09T03:14:59.384+0800][info] GC(138)   Post Evacuate Collection Set: 0.2ms
[2024-09-09T03:14:59.384+0800][info] GC(138)   Other: 0.1ms
[2024-09-09T03:14:59.384+0800][info] GC(138) Eden regions: 1->0(1)
[2024-09-09T03:14:59.384+0800][info] GC(138) Survivor regions: 1->1(1)
[2024-09-09T03:14:59.384+0800][info] GC(138) Old regions: 8->8
[2024-09-09T03:14:59.384+0800][info] GC(138) Archive regions: 2->2
[2024-09-09T03:14:59.384+0800][info] GC(138) Humongous regions: 0->0
[2024-09-09T03:14:59.384+0800][info] GC(138) Metaspace: 792K(960K)->792K(960K) NonClass: 740K(832K)->740K(832K) Class: 52K(128K)->52K(128K)
[2024-09-09T03:14:59.384+0800][info] GC(138) Pause Young (Mixed) (G1 Evacuation Pause) 40M->37M(128M) 2.664ms
[2024-09-09T03:14:59.384+0800][info] GC(138) User=0.00s Sys=0.00s Real=0.00s
[2024-09-09T03:14:59.888+0800][info] GC(139) Pause Young (Mixed) (G1 Evacuation Pause)
[2024-09-09T03:14:59.888+0800][info] GC(139) Using 3 workers of 48 for evacuation
[2024-09-09T03:14:59.889+0800][info] GC(139)   Pre Evacuate Collection Set: 0.0ms
[2024-09-09T03:14:59.889+0800][info] GC(139)   Merge Heap Roots: 0.0ms
[2024-09-09T03:14:59.889+0800][info] GC(139)   Evacuate Collection Set: 1.1ms
[2024-09-09T03:14:59.889+0800][info] GC(139)   Post Evacuate Collection Set: 0.1ms
[2024-09-09T03:14:59.889+0800][info] GC(139)   Other: 0.1ms
[2024-09-09T03:14:59.889+0800][info] GC(139) Eden regions: 1->0(1)
[2024-09-09T03:14:59.889+0800][info] GC(139) Survivor regions: 1->1(1)
[2024-09-09T03:14:59.889+0800][info] GC(139) Old regions: 8->8
[2024-09-09T03:14:59.889+0800][info] GC(139) Archive regions: 2->2
[2024-09-09T03:14:59.889+0800][info] GC(139) Humongous regions: 0->0
[2024-09-09T03:14:59.889+0800][info] GC(139) Metaspace: 792K(960K)->792K(960K) NonClass: 740K(832K)->740K(832K) Class: 52K(128K)->52K(128K)
[2024-09-09T03:14:59.889+0800][info] GC(139) Pause Young (Mixed) (G1 Evacuation Pause) 41M->37M(128M) 1.360ms
[2024-09-09T03:14:59.889+0800][info] GC(139) User=0.00s Sys=0.00s Real=0.00s
[2024-09-09T03:15:00.393+0800][info] GC(140) Pause Young (Concurrent Start) (G1 Evacuation Pause)
[2024-09-09T03:15:00.393+0800][info] GC(140) Using 3 workers of 48 for evacuation
[2024-09-09T03:15:00.394+0800][info] GC(140)   Pre Evacuate Collection Set: 0.0ms
[2024-09-09T03:15:00.394+0800][info] GC(140)   Merge Heap Roots: 0.0ms
[2024-09-09T03:15:00.394+0800][info] GC(140)   Evacuate Collection Set: 1.1ms
[2024-09-09T03:15:00.394+0800][info] GC(140)   Post Evacuate Collection Set: 0.1ms
[2024-09-09T03:15:00.394+0800][info] GC(140)   Other: 0.2ms
[2024-09-09T03:15:00.394+0800][info] GC(140) Eden regions: 1->0(1)
[2024-09-09T03:15:00.394+0800][info] GC(140) Survivor regions: 1->1(1)
[2024-09-09T03:15:00.394+0800][info] GC(140) Old regions: 8->9
[2024-09-09T03:15:00.394+0800][info] GC(140) Archive regions: 2->2
[2024-09-09T03:15:00.394+0800][info] GC(140) Humongous regions: 0->0
[2024-09-09T03:15:00.394+0800][info] GC(140) Metaspace: 792K(960K)->792K(960K) NonClass: 740K(832K)->740K(832K) Class: 52K(128K)->52K(128K)
[2024-09-09T03:15:00.394+0800][info] GC(140) Pause Young (Concurrent Start) (G1 Evacuation Pause) 41M->41M(128M) 1.506ms
[2024-09-09T03:15:00.394+0800][info] GC(140) User=0.00s Sys=0.00s Real=0.00s
[2024-09-09T03:15:00.394+0800][info] GC(141) Concurrent Mark Cycle
[2024-09-09T03:15:00.394+0800][info] GC(141) Concurrent Clear Claimed Marks
[2024-09-09T03:15:00.394+0800][info] GC(141) Concurrent Clear Claimed Marks 0.009ms
[2024-09-09T03:15:00.394+0800][info] GC(141) Concurrent Scan Root Regions
[2024-09-09T03:15:00.394+0800][info] GC(141) Concurrent Scan Root Regions 0.077ms
[2024-09-09T03:15:00.394+0800][info] GC(141) Concurrent Mark
[2024-09-09T03:15:00.394+0800][info] GC(141) Concurrent Mark From Roots
[2024-09-09T03:15:00.394+0800][info] GC(141) Using 12 workers of 12 for marking
[2024-09-09T03:15:00.398+0800][info] GC(141) Concurrent Mark From Roots 3.429ms
[2024-09-09T03:15:00.398+0800][info] GC(141) Concurrent Preclean
[2024-09-09T03:15:00.399+0800][info] GC(141) Concurrent Preclean 0.660ms
[2024-09-09T03:15:00.399+0800][info] GC(141) Pause Remark
[2024-09-09T03:15:00.400+0800][info] GC(141) Pause Remark 41M->33M(128M) 1.036ms
[2024-09-09T03:15:00.400+0800][info] GC(141) User=0.00s Sys=0.00s Real=0.00s
[2024-09-09T03:15:00.400+0800][info] GC(141) Concurrent Mark 5.190ms
[2024-09-09T03:15:00.400+0800][info] GC(141) Concurrent Rebuild Remembered Sets
[2024-09-09T03:15:00.402+0800][info] GC(141) Concurrent Rebuild Remembered Sets 2.667ms
[2024-09-09T03:15:00.402+0800][info] GC(141) Pause Cleanup
[2024-09-09T03:15:00.402+0800][info] GC(141) Pause Cleanup 33M->33M(128M) 0.098ms
[2024-09-09T03:15:00.402+0800][info] GC(141) User=0.00s Sys=0.00s Real=0.00s
[2024-09-09T03:15:00.402+0800][info] GC(141) Concurrent Cleanup for Next Mark
[2024-09-09T03:15:00.403+0800][info] GC(141) Concurrent Cleanup for Next Mark 0.218ms
[2024-09-09T03:15:00.403+0800][info] GC(141) Concurrent Mark Cycle 8.380ms
[2024-09-09T03:15:01.046+0800][info] GC(142) Pause Young (Prepare Mixed) (G1 Evacuation Pause)
[2024-09-09T03:15:01.046+0800][info] GC(142) Using 3 workers of 48 for evacuation
[2024-09-09T03:15:01.047+0800][info] GC(142)   Pre Evacuate Collection Set: 0.0ms
[2024-09-09T03:15:01.047+0800][info] GC(142)   Merge Heap Roots: 0.0ms
[2024-09-09T03:15:01.047+0800][info] GC(142)   Evacuate Collection Set: 0.8ms
[2024-09-09T03:15:01.047+0800][info] GC(142)   Post Evacuate Collection Set: 0.1ms
[2024-09-09T03:15:01.047+0800][info] GC(142)   Other: 0.1ms
[2024-09-09T03:15:01.047+0800][info] GC(142) Eden regions: 1->0(1)
[2024-09-09T03:15:01.047+0800][info] GC(142) Survivor regions: 1->1(1)
[2024-09-09T03:15:01.047+0800][info] GC(142) Old regions: 7->8
[2024-09-09T03:15:01.047+0800][info] GC(142) Archive regions: 2->2
[2024-09-09T03:15:01.047+0800][info] GC(142) Humongous regions: 0->0
[2024-09-09T03:15:01.047+0800][info] GC(142) Metaspace: 792K(960K)->792K(960K) NonClass: 740K(832K)->740K(832K) Class: 52K(128K)->52K(128K)
[2024-09-09T03:15:01.047+0800][info] GC(142) Pause Young (Prepare Mixed) (G1 Evacuation Pause) 37M->37M(128M) 1.116ms
[2024-09-09T03:15:01.047+0800][info] GC(142) User=0.00s Sys=0.00s Real=0.00s
[2024-09-09T03:15:01.544+0800][info] GC(143) Pause Young (Mixed) (G1 Evacuation Pause)
[2024-09-09T03:15:01.544+0800][info] GC(143) Using 3 workers of 48 for evacuation
[2024-09-09T03:15:01.545+0800][info] GC(143)   Pre Evacuate Collection Set: 0.0ms
[2024-09-09T03:15:01.545+0800][info] GC(143)   Merge Heap Roots: 0.0ms
[2024-09-09T03:15:01.545+0800][info] GC(143)   Evacuate Collection Set: 1.0ms
[2024-09-09T03:15:01.545+0800][info] GC(143)   Post Evacuate Collection Set: 0.1ms
[2024-09-09T03:15:01.545+0800][info] GC(143)   Other: 0.1ms
[2024-09-09T03:15:01.545+0800][info] GC(143) Eden regions: 1->0(1)
[2024-09-09T03:15:01.545+0800][info] GC(143) Survivor regions: 1->1(1)
[2024-09-09T03:15:01.545+0800][info] GC(143) Old regions: 8->8
[2024-09-09T03:15:01.545+0800][info] GC(143) Archive regions: 2->2
[2024-09-09T03:15:01.545+0800][info] GC(143) Humongous regions: 0->0
[2024-09-09T03:15:01.545+0800][info] GC(143) Metaspace: 792K(960K)->792K(960K) NonClass: 740K(832K)->740K(832K) Class: 52K(128K)->52K(128K)
[2024-09-09T03:15:01.545+0800][info] GC(143) Pause Young (Mixed) (G1 Evacuation Pause) 41M->37M(128M) 1.334ms
[2024-09-09T03:15:01.545+0800][info] GC(143) User=0.01s Sys=0.00s Real=0.01s
[2024-09-09T03:15:02.042+0800][info] GC(144) Pause Young (Mixed) (G1 Evacuation Pause)
[2024-09-09T03:15:02.042+0800][info] GC(144) Using 3 workers of 48 for evacuation
[2024-09-09T03:15:02.043+0800][info] GC(144)   Pre Evacuate Collection Set: 0.0ms
[2024-09-09T03:15:02.043+0800][info] GC(144)   Merge Heap Roots: 0.0ms
[2024-09-09T03:15:02.043+0800][info] GC(144)   Evacuate Collection Set: 1.0ms
[2024-09-09T03:15:02.043+0800][info] GC(144)   Post Evacuate Collection Set: 0.1ms
[2024-09-09T03:15:02.043+0800][info] GC(144)   Other: 0.1ms
[2024-09-09T03:15:02.043+0800][info] GC(144) Eden regions: 1->0(1)
[2024-09-09T03:15:02.043+0800][info] GC(144) Survivor regions: 1->1(1)
[2024-09-09T03:15:02.043+0800][info] GC(144) Old regions: 8->8
[2024-09-09T03:15:02.043+0800][info] GC(144) Archive regions: 2->2
[2024-09-09T03:15:02.043+0800][info] GC(144) Humongous regions: 0->0
[2024-09-09T03:15:02.043+0800][info] GC(144) Metaspace: 792K(960K)->792K(960K) NonClass: 740K(832K)->740K(832K) Class: 52K(128K)->52K(128K)
[2024-09-09T03:15:02.043+0800][info] GC(144) Pause Young (Mixed) (G1 Evacuation Pause) 41M->37M(128M) 1.308ms
[2024-09-09T03:15:02.043+0800][info] GC(144) User=0.00s Sys=0.00s Real=0.00s
[2024-09-09T03:15:02.540+0800][info] GC(145) Pause Young (Mixed) (G1 Evacuation Pause)
[2024-09-09T03:15:02.540+0800][info] GC(145) Using 3 workers of 48 for evacuation
[2024-09-09T03:15:02.541+0800][info] GC(145)   Pre Evacuate Collection Set: 0.0ms
[2024-09-09T03:15:02.541+0800][info] GC(145)   Merge Heap Roots: 0.0ms
[2024-09-09T03:15:02.541+0800][info] GC(145)   Evacuate Collection Set: 1.1ms
[2024-09-09T03:15:02.541+0800][info] GC(145)   Post Evacuate Collection Set: 0.1ms
[2024-09-09T03:15:02.541+0800][info] GC(145)   Other: 0.1ms
[2024-09-09T03:15:02.541+0800][info] GC(145) Eden regions: 1->0(1)
[2024-09-09T03:15:02.541+0800][info] GC(145) Survivor regions: 1->1(1)
[2024-09-09T03:15:02.541+0800][info] GC(145) Old regions: 8->8
[2024-09-09T03:15:02.541+0800][info] GC(145) Archive regions: 2->2
[2024-09-09T03:15:02.541+0800][info] GC(145) Humongous regions: 0->0
[2024-09-09T03:15:02.541+0800][info] GC(145) Metaspace: 792K(960K)->792K(960K) NonClass: 740K(832K)->740K(832K) Class: 52K(128K)->52K(128K)
[2024-09-09T03:15:02.541+0800][info] GC(145) Pause Young (Mixed) (G1 Evacuation Pause) 41M->37M(128M) 1.420ms
[2024-09-09T03:15:02.541+0800][info] GC(145) User=0.01s Sys=0.00s Real=0.00s
[2024-09-09T03:15:03.038+0800][info] GC(146) Pause Young (Concurrent Start) (G1 Evacuation Pause)
[2024-09-09T03:15:03.038+0800][info] GC(146) Using 3 workers of 48 for evacuation
[2024-09-09T03:15:03.039+0800][info] GC(146)   Pre Evacuate Collection Set: 0.0ms
[2024-09-09T03:15:03.039+0800][info] GC(146)   Merge Heap Roots: 0.0ms
[2024-09-09T03:15:03.039+0800][info] GC(146)   Evacuate Collection Set: 1.1ms
[2024-09-09T03:15:03.039+0800][info] GC(146)   Post Evacuate Collection Set: 0.1ms
[2024-09-09T03:15:03.039+0800][info] GC(146)   Other: 0.2ms
[2024-09-09T03:15:03.039+0800][info] GC(146) Eden regions: 1->0(1)
[2024-09-09T03:15:03.039+0800][info] GC(146) Survivor regions: 1->1(1)
[2024-09-09T03:15:03.039+0800][info] GC(146) Old regions: 8->9
[2024-09-09T03:15:03.039+0800][info] GC(146) Archive regions: 2->2
[2024-09-09T03:15:03.039+0800][info] GC(146) Humongous regions: 0->0
[2024-09-09T03:15:03.039+0800][info] GC(146) Metaspace: 792K(960K)->792K(960K) NonClass: 740K(832K)->740K(832K) Class: 52K(128K)->52K(128K)
[2024-09-09T03:15:03.039+0800][info] GC(146) Pause Young (Concurrent Start) (G1 Evacuation Pause) 41M->41M(128M) 1.438ms
[2024-09-09T03:15:03.039+0800][info] GC(146) User=0.00s Sys=0.00s Real=0.00s
[2024-09-09T03:15:03.039+0800][info] GC(147) Concurrent Mark Cycle
[2024-09-09T03:15:03.039+0800][info] GC(147) Concurrent Clear Claimed Marks
[2024-09-09T03:15:03.039+0800][info] GC(147) Concurrent Clear Claimed Marks 0.008ms
[2024-09-09T03:15:03.039+0800][info] GC(147) Concurrent Scan Root Regions
[2024-09-09T03:15:03.039+0800][info] GC(147) Concurrent Scan Root Regions 0.067ms
[2024-09-09T03:15:03.039+0800][info] GC(147) Concurrent Mark
[2024-09-09T03:15:03.039+0800][info] GC(147) Concurrent Mark From Roots
[2024-09-09T03:15:03.039+0800][info] GC(147) Using 12 workers of 12 for marking
[2024-09-09T03:15:03.042+0800][info] GC(147) Concurrent Mark From Roots 2.081ms
[2024-09-09T03:15:03.042+0800][info] GC(147) Concurrent Preclean
[2024-09-09T03:15:03.042+0800][info] GC(147) Concurrent Preclean 0.658ms
[2024-09-09T03:15:03.042+0800][info] GC(147) Pause Remark
[2024-09-09T03:15:03.043+0800][info] GC(147) Pause Remark 41M->29M(128M) 1.035ms
[2024-09-09T03:15:03.043+0800][info] GC(147) User=0.00s Sys=0.00s Real=0.00s
[2024-09-09T03:15:03.043+0800][info] GC(147) Concurrent Mark 3.841ms
[2024-09-09T03:15:03.043+0800][info] GC(147) Concurrent Rebuild Remembered Sets
[2024-09-09T03:15:03.045+0800][info] GC(147) Concurrent Rebuild Remembered Sets 1.560ms
[2024-09-09T03:15:03.045+0800][info] GC(147) Pause Cleanup
[2024-09-09T03:15:03.045+0800][info] GC(147) Pause Cleanup 29M->29M(128M) 0.104ms
[2024-09-09T03:15:03.045+0800][info] GC(147) User=0.00s Sys=0.00s Real=0.00s
[2024-09-09T03:15:03.045+0800][info] GC(147) Concurrent Cleanup for Next Mark
[2024-09-09T03:15:03.045+0800][info] GC(147) Concurrent Cleanup for Next Mark 0.219ms
[2024-09-09T03:15:03.045+0800][info] GC(147) Concurrent Mark Cycle 5.899ms
[2024-09-09T03:15:03.687+0800][info] GC(148) Pause Young (Prepare Mixed) (G1 Evacuation Pause)
[2024-09-09T03:15:03.687+0800][info] GC(148) Using 3 workers of 48 for evacuation
[2024-09-09T03:15:03.688+0800][info] GC(148)   Pre Evacuate Collection Set: 0.0ms
[2024-09-09T03:15:03.688+0800][info] GC(148)   Merge Heap Roots: 0.0ms
[2024-09-09T03:15:03.688+0800][info] GC(148)   Evacuate Collection Set: 1.2ms
[2024-09-09T03:15:03.688+0800][info] GC(148)   Post Evacuate Collection Set: 0.1ms
[2024-09-09T03:15:03.688+0800][info] GC(148)   Other: 0.1ms
[2024-09-09T03:15:03.688+0800][info] GC(148) Eden regions: 1->0(1)
[2024-09-09T03:15:03.688+0800][info] GC(148) Survivor regions: 1->1(1)
[2024-09-09T03:15:03.688+0800][info] GC(148) Old regions: 6->7
[2024-09-09T03:15:03.688+0800][info] GC(148) Archive regions: 2->2
[2024-09-09T03:15:03.688+0800][info] GC(148) Humongous regions: 0->0
[2024-09-09T03:15:03.688+0800][info] GC(148) Metaspace: 792K(960K)->792K(960K) NonClass: 740K(832K)->740K(832K) Class: 52K(128K)->52K(128K)
[2024-09-09T03:15:03.688+0800][info] GC(148) Pause Young (Prepare Mixed) (G1 Evacuation Pause) 33M->33M(128M) 1.506ms
[2024-09-09T03:15:03.688+0800][info] GC(148) User=0.01s Sys=0.00s Real=0.00s
[2024-09-09T03:15:04.185+0800][info] GC(149) Pause Young (Mixed) (G1 Evacuation Pause)
[2024-09-09T03:15:04.185+0800][info] GC(149) Using 3 workers of 48 for evacuation
[2024-09-09T03:15:04.187+0800][info] GC(149)   Pre Evacuate Collection Set: 0.0ms
[2024-09-09T03:15:04.187+0800][info] GC(149)   Merge Heap Roots: 0.0ms
[2024-09-09T03:15:04.187+0800][info] GC(149)   Evacuate Collection Set: 2.4ms
[2024-09-09T03:15:04.187+0800][info] GC(149)   Post Evacuate Collection Set: 0.1ms
[2024-09-09T03:15:04.187+0800][info] GC(149)   Other: 0.1ms
[2024-09-09T03:15:04.188+0800][info] GC(149) Eden regions: 1->0(2)
[2024-09-09T03:15:04.188+0800][info] GC(149) Survivor regions: 1->1(1)
[2024-09-09T03:15:04.188+0800][info] GC(149) Old regions: 7->6
[2024-09-09T03:15:04.188+0800][info] GC(149) Archive regions: 2->2
[2024-09-09T03:15:04.188+0800][info] GC(149) Humongous regions: 0->0
[2024-09-09T03:15:04.188+0800][info] GC(149) Metaspace: 792K(960K)->792K(960K) NonClass: 740K(832K)->740K(832K) Class: 52K(128K)->52K(128K)
[2024-09-09T03:15:04.188+0800][info] GC(149) Pause Young (Mixed) (G1 Evacuation Pause) 37M->30M(128M) 2.711ms
[2024-09-09T03:15:04.188+0800][info] GC(149) User=0.01s Sys=0.00s Real=0.00s
[2024-09-09T03:15:05.191+0800][info] GC(150) Pause Young (Concurrent Start) (G1 Evacuation Pause)
[2024-09-09T03:15:05.191+0800][info] GC(150) Using 3 workers of 48 for evacuation
[2024-09-09T03:15:05.192+0800][info] GC(150)   Pre Evacuate Collection Set: 0.0ms
[2024-09-09T03:15:05.192+0800][info] GC(150)   Merge Heap Roots: 0.0ms
[2024-09-09T03:15:05.192+0800][info] GC(150)   Evacuate Collection Set: 1.5ms
[2024-09-09T03:15:05.192+0800][info] GC(150)   Post Evacuate Collection Set: 0.1ms
[2024-09-09T03:15:05.192+0800][info] GC(150)   Other: 0.2ms
[2024-09-09T03:15:05.192+0800][info] GC(150) Eden regions: 2->0(2)
[2024-09-09T03:15:05.192+0800][info] GC(150) Survivor regions: 1->1(1)
[2024-09-09T03:15:05.193+0800][info] GC(150) Old regions: 6->8
[2024-09-09T03:15:05.193+0800][info] GC(150) Archive regions: 2->2
[2024-09-09T03:15:05.193+0800][info] GC(150) Humongous regions: 0->0
[2024-09-09T03:15:05.193+0800][info] GC(150) Metaspace: 792K(960K)->792K(960K) NonClass: 740K(832K)->740K(832K) Class: 52K(128K)->52K(128K)
[2024-09-09T03:15:05.193+0800][info] GC(150) Pause Young (Concurrent Start) (G1 Evacuation Pause) 38M->38M(128M) 1.979ms
[2024-09-09T03:15:05.193+0800][info] GC(150) User=0.00s Sys=0.00s Real=0.00s
[2024-09-09T03:15:05.193+0800][info] GC(151) Concurrent Mark Cycle
[2024-09-09T03:15:05.193+0800][info] GC(151) Concurrent Clear Claimed Marks
[2024-09-09T03:15:05.193+0800][info] GC(151) Concurrent Clear Claimed Marks 0.009ms
[2024-09-09T03:15:05.193+0800][info] GC(151) Concurrent Scan Root Regions
[2024-09-09T03:15:05.193+0800][info] GC(151) Concurrent Scan Root Regions 0.086ms
[2024-09-09T03:15:05.193+0800][info] GC(151) Concurrent Mark
[2024-09-09T03:15:05.193+0800][info] GC(151) Concurrent Mark From Roots
[2024-09-09T03:15:05.193+0800][info] GC(151) Using 12 workers of 12 for marking
[2024-09-09T03:15:05.195+0800][info] GC(151) Concurrent Mark From Roots 2.007ms
[2024-09-09T03:15:05.195+0800][info] GC(151) Concurrent Preclean
[2024-09-09T03:15:05.195+0800][info] GC(151) Concurrent Preclean 0.667ms
[2024-09-09T03:15:05.195+0800][info] GC(151) Pause Remark
[2024-09-09T03:15:05.196+0800][info] GC(151) Pause Remark 38M->30M(128M) 0.990ms
[2024-09-09T03:15:05.196+0800][info] GC(151) User=0.00s Sys=0.00s Real=0.00s
[2024-09-09T03:15:05.196+0800][info] GC(151) Concurrent Mark 3.742ms
[2024-09-09T03:15:05.196+0800][info] GC(151) Concurrent Rebuild Remembered Sets
[2024-09-09T03:15:05.200+0800][info] GC(151) Concurrent Rebuild Remembered Sets 3.145ms
[2024-09-09T03:15:05.200+0800][info] GC(151) Pause Cleanup
[2024-09-09T03:15:05.200+0800][info] GC(151) Pause Cleanup 30M->30M(128M) 0.104ms
[2024-09-09T03:15:05.200+0800][info] GC(151) User=0.00s Sys=0.00s Real=0.00s
[2024-09-09T03:15:05.200+0800][info] GC(151) Concurrent Cleanup for Next Mark
[2024-09-09T03:15:05.200+0800][info] GC(151) Concurrent Cleanup for Next Mark 0.182ms
[2024-09-09T03:15:05.200+0800][info] GC(151) Concurrent Mark Cycle 7.389ms
[2024-09-09T03:15:06.347+0800][info] GC(152) Pause Young (Prepare Mixed) (G1 Evacuation Pause)
[2024-09-09T03:15:06.347+0800][info] GC(152) Using 3 workers of 48 for evacuation
[2024-09-09T03:15:06.349+0800][info] GC(152)   Pre Evacuate Collection Set: 0.0ms
[2024-09-09T03:15:06.349+0800][info] GC(152)   Merge Heap Roots: 0.0ms
[2024-09-09T03:15:06.349+0800][info] GC(152)   Evacuate Collection Set: 1.6ms
[2024-09-09T03:15:06.349+0800][info] GC(152)   Post Evacuate Collection Set: 0.1ms
[2024-09-09T03:15:06.349+0800][info] GC(152)   Other: 0.1ms
[2024-09-09T03:15:06.349+0800][info] GC(152) Eden regions: 2->0(1)
[2024-09-09T03:15:06.349+0800][info] GC(152) Survivor regions: 1->1(1)
[2024-09-09T03:15:06.349+0800][info] GC(152) Old regions: 6->8
[2024-09-09T03:15:06.349+0800][info] GC(152) Archive regions: 2->2
[2024-09-09T03:15:06.349+0800][info] GC(152) Humongous regions: 0->0
[2024-09-09T03:15:06.349+0800][info] GC(152) Metaspace: 793K(960K)->793K(960K) NonClass: 741K(832K)->741K(832K) Class: 52K(128K)->52K(128K)
[2024-09-09T03:15:06.349+0800][info] GC(152) Pause Young (Prepare Mixed) (G1 Evacuation Pause) 38M->38M(128M) 1.997ms
[2024-09-09T03:15:06.349+0800][info] GC(152) User=0.00s Sys=0.01s Real=0.00s
[2024-09-09T03:15:06.845+0800][info] GC(153) Pause Young (Mixed) (G1 Evacuation Pause)
[2024-09-09T03:15:06.845+0800][info] GC(153) Using 3 workers of 48 for evacuation
[2024-09-09T03:15:06.847+0800][info] GC(153)   Pre Evacuate Collection Set: 0.0ms
[2024-09-09T03:15:06.847+0800][info] GC(153)   Merge Heap Roots: 0.0ms
[2024-09-09T03:15:06.847+0800][info] GC(153)   Evacuate Collection Set: 1.2ms
[2024-09-09T03:15:06.847+0800][info] GC(153)   Post Evacuate Collection Set: 0.1ms
[2024-09-09T03:15:06.847+0800][info] GC(153)   Other: 0.1ms
[2024-09-09T03:15:06.847+0800][info] GC(153) Eden regions: 1->0(4)
[2024-09-09T03:15:06.847+0800][info] GC(153) Survivor regions: 1->1(1)
[2024-09-09T03:15:06.847+0800][info] GC(153) Old regions: 8->7
[2024-09-09T03:15:06.847+0800][info] GC(153) Archive regions: 2->2
[2024-09-09T03:15:06.847+0800][info] GC(153) Humongous regions: 0->0
[2024-09-09T03:15:06.847+0800][info] GC(153) Metaspace: 793K(960K)->793K(960K) NonClass: 741K(832K)->741K(832K) Class: 52K(128K)->52K(128K)
[2024-09-09T03:15:06.847+0800][info] GC(153) Pause Young (Mixed) (G1 Evacuation Pause) 42M->34M(128M) 1.482ms
[2024-09-09T03:15:06.847+0800][info] GC(153) User=0.01s Sys=0.00s Real=0.00s
[2024-09-09T03:15:07.571+0800][info] GC(154) Pause Young (Concurrent Start) (G1 Humongous Allocation)
[2024-09-09T03:15:07.572+0800][info] GC(154) Using 3 workers of 48 for evacuation
[2024-09-09T03:15:07.573+0800][info] GC(154)   Pre Evacuate Collection Set: 0.0ms
[2024-09-09T03:15:07.573+0800][info] GC(154)   Merge Heap Roots: 0.0ms
[2024-09-09T03:15:07.573+0800][info] GC(154)   Evacuate Collection Set: 1.3ms
[2024-09-09T03:15:07.573+0800][info] GC(154)   Post Evacuate Collection Set: 0.1ms
[2024-09-09T03:15:07.573+0800][info] GC(154)   Other: 0.2ms
[2024-09-09T03:15:07.573+0800][info] GC(154) Eden regions: 2->0(5)
[2024-09-09T03:15:07.573+0800][info] GC(154) Survivor regions: 1->1(1)
[2024-09-09T03:15:07.573+0800][info] GC(154) Old regions: 7->9
[2024-09-09T03:15:07.573+0800][info] GC(154) Archive regions: 2->2
[2024-09-09T03:15:07.573+0800][info] GC(154) Humongous regions: 0->0
[2024-09-09T03:15:07.573+0800][info] GC(154) Metaspace: 793K(960K)->793K(960K) NonClass: 741K(832K)->741K(832K) Class: 52K(128K)->52K(128K)
[2024-09-09T03:15:07.573+0800][info] GC(154) Pause Young (Concurrent Start) (G1 Humongous Allocation) 40M->40M(128M) 1.779ms
[2024-09-09T03:15:07.573+0800][info] GC(154) User=0.00s Sys=0.00s Real=0.00s
[2024-09-09T03:15:07.573+0800][info] GC(155) Concurrent Mark Cycle
[2024-09-09T03:15:07.573+0800][info] GC(155) Concurrent Clear Claimed Marks
[2024-09-09T03:15:07.573+0800][info] GC(155) Concurrent Clear Claimed Marks 0.009ms
[2024-09-09T03:15:07.573+0800][info] GC(155) Concurrent Scan Root Regions
[2024-09-09T03:15:07.573+0800][info] GC(155) Concurrent Scan Root Regions 0.109ms
[2024-09-09T03:15:07.573+0800][info] GC(155) Concurrent Mark
[2024-09-09T03:15:07.573+0800][info] GC(155) Concurrent Mark From Roots
[2024-09-09T03:15:07.573+0800][info] GC(155) Using 12 workers of 12 for marking
[2024-09-09T03:15:07.577+0800][info] GC(155) Concurrent Mark From Roots 3.169ms
[2024-09-09T03:15:07.577+0800][info] GC(155) Concurrent Preclean
[2024-09-09T03:15:07.577+0800][info] GC(155) Concurrent Preclean 0.668ms
[2024-09-09T03:15:07.577+0800][info] GC(155) Pause Remark
[2024-09-09T03:15:07.578+0800][info] GC(155) Pause Remark 56M->48M(128M) 0.955ms
[2024-09-09T03:15:07.578+0800][info] GC(155) User=0.01s Sys=0.00s Real=0.00s
[2024-09-09T03:15:07.578+0800][info] GC(155) Concurrent Mark 4.863ms
[2024-09-09T03:15:07.578+0800][info] GC(155) Concurrent Rebuild Remembered Sets
[2024-09-09T03:15:07.582+0800][info] GC(155) Concurrent Rebuild Remembered Sets 3.536ms
[2024-09-09T03:15:07.582+0800][info] GC(155) Pause Cleanup
[2024-09-09T03:15:07.582+0800][info] GC(155) Pause Cleanup 48M->48M(128M) 0.130ms
[2024-09-09T03:15:07.582+0800][info] GC(155) User=0.00s Sys=0.00s Real=0.00s
[2024-09-09T03:15:07.582+0800][info] GC(155) Concurrent Cleanup for Next Mark
[2024-09-09T03:15:07.582+0800][info] GC(155) Concurrent Cleanup for Next Mark 0.256ms
[2024-09-09T03:15:07.582+0800][info] GC(155) Concurrent Mark Cycle 9.011ms
[2024-09-09T03:15:08.215+0800][info] GC(156) Pause Young (Prepare Mixed) (G1 Preventive Collection)
[2024-09-09T03:15:08.215+0800][info] GC(156) Using 3 workers of 48 for evacuation
[2024-09-09T03:15:08.216+0800][info] GC(156)   Pre Evacuate Collection Set: 0.0ms
[2024-09-09T03:15:08.216+0800][info] GC(156)   Merge Heap Roots: 0.0ms
[2024-09-09T03:15:08.216+0800][info] GC(156)   Evacuate Collection Set: 0.6ms
[2024-09-09T03:15:08.216+0800][info] GC(156)   Post Evacuate Collection Set: 0.1ms
[2024-09-09T03:15:08.216+0800][info] GC(156)   Other: 0.1ms
[2024-09-09T03:15:08.216+0800][info] GC(156) Eden regions: 1->0(1)
[2024-09-09T03:15:08.216+0800][info] GC(156) Survivor regions: 1->1(1)
[2024-09-09T03:15:08.216+0800][info] GC(156) Old regions: 7->8
[2024-09-09T03:15:08.216+0800][info] GC(156) Archive regions: 2->2
[2024-09-09T03:15:08.216+0800][info] GC(156) Humongous regions: 16->12
[2024-09-09T03:15:08.216+0800][info] GC(156) Metaspace: 793K(960K)->793K(960K) NonClass: 741K(832K)->741K(832K) Class: 52K(128K)->52K(128K)
[2024-09-09T03:15:08.216+0800][info] GC(156) Pause Young (Prepare Mixed) (G1 Preventive Collection) 96M->80M(128M) 0.949ms
[2024-09-09T03:15:08.216+0800][info] GC(156) User=0.00s Sys=0.00s Real=0.00s
[2024-09-09T03:15:08.239+0800][info] GC(157) Pause Young (Mixed) (G1 Preventive Collection)
[2024-09-09T03:15:08.239+0800][info] GC(157) Using 3 workers of 48 for evacuation
[2024-09-09T03:15:08.241+0800][info] GC(157)   Pre Evacuate Collection Set: 0.0ms
[2024-09-09T03:15:08.241+0800][info] GC(157)   Merge Heap Roots: 0.0ms
[2024-09-09T03:15:08.241+0800][info] GC(157)   Evacuate Collection Set: 1.8ms
[2024-09-09T03:15:08.241+0800][info] GC(157)   Post Evacuate Collection Set: 0.1ms
[2024-09-09T03:15:08.241+0800][info] GC(157)   Other: 0.1ms
[2024-09-09T03:15:08.241+0800][info] GC(157) Eden regions: 1->0(3)
[2024-09-09T03:15:08.241+0800][info] GC(157) Survivor regions: 1->1(1)
[2024-09-09T03:15:08.241+0800][info] GC(157) Old regions: 8->6
[2024-09-09T03:15:08.241+0800][info] GC(157) Archive regions: 2->2
[2024-09-09T03:15:08.241+0800][info] GC(157) Humongous regions: 16->12
[2024-09-09T03:15:08.241+0800][info] GC(157) Metaspace: 793K(960K)->793K(960K) NonClass: 741K(832K)->741K(832K) Class: 52K(128K)->52K(128K)
[2024-09-09T03:15:08.241+0800][info] GC(157) Pause Young (Mixed) (G1 Preventive Collection) 96M->73M(128M) 2.113ms
[2024-09-09T03:15:08.241+0800][info] GC(157) User=0.01s Sys=0.01s Real=0.00s
[2024-09-09T03:15:08.263+0800][info] GC(158) Pause Young (Concurrent Start) (G1 Humongous Allocation)
[2024-09-09T03:15:08.263+0800][info] GC(158) Using 3 workers of 48 for evacuation
[2024-09-09T03:15:08.264+0800][info] GC(158)   Pre Evacuate Collection Set: 0.0ms
[2024-09-09T03:15:08.264+0800][info] GC(158)   Merge Heap Roots: 0.0ms
[2024-09-09T03:15:08.264+0800][info] GC(158)   Evacuate Collection Set: 0.2ms
[2024-09-09T03:15:08.264+0800][info] GC(158)   Post Evacuate Collection Set: 0.1ms
[2024-09-09T03:15:08.264+0800][info] GC(158)   Other: 0.1ms
[2024-09-09T03:15:08.264+0800][info] GC(158) Eden regions: 1->0(1)
[2024-09-09T03:15:08.264+0800][info] GC(158) Survivor regions: 1->1(1)
[2024-09-09T03:15:08.264+0800][info] GC(158) Old regions: 6->6
[2024-09-09T03:15:08.264+0800][info] GC(158) Archive regions: 2->2
[2024-09-09T03:15:08.264+0800][info] GC(158) Humongous regions: 16->12
[2024-09-09T03:15:08.264+0800][info] GC(158) Metaspace: 793K(960K)->793K(960K) NonClass: 741K(832K)->741K(832K) Class: 52K(128K)->52K(128K)
[2024-09-09T03:15:08.264+0800][info] GC(158) Pause Young (Concurrent Start) (G1 Humongous Allocation) 89M->73M(128M) 0.566ms
[2024-09-09T03:15:08.264+0800][info] GC(158) User=0.00s Sys=0.00s Real=0.00s
[2024-09-09T03:15:08.264+0800][info] GC(159) Concurrent Mark Cycle
[2024-09-09T03:15:08.264+0800][info] GC(159) Concurrent Clear Claimed Marks
[2024-09-09T03:15:08.264+0800][info] GC(159) Concurrent Clear Claimed Marks 0.008ms
[2024-09-09T03:15:08.264+0800][info] GC(159) Concurrent Scan Root Regions
[2024-09-09T03:15:08.264+0800][info] GC(159) Concurrent Scan Root Regions 0.047ms
[2024-09-09T03:15:08.264+0800][info] GC(159) Concurrent Mark
[2024-09-09T03:15:08.264+0800][info] GC(159) Concurrent Mark From Roots
[2024-09-09T03:15:08.264+0800][info] GC(159) Using 12 workers of 12 for marking
[2024-09-09T03:15:08.266+0800][info] GC(159) Concurrent Mark From Roots 1.932ms
[2024-09-09T03:15:08.266+0800][info] GC(159) Concurrent Preclean
[2024-09-09T03:15:08.267+0800][info] GC(159) Concurrent Preclean 0.663ms
[2024-09-09T03:15:08.267+0800][info] GC(159) Pause Remark
[2024-09-09T03:15:08.268+0800][info] GC(159) Pause Remark 89M->77M(128M) 1.062ms
[2024-09-09T03:15:08.268+0800][info] GC(159) User=0.01s Sys=0.00s Real=0.00s
[2024-09-09T03:15:08.268+0800][info] GC(159) Concurrent Mark 4.046ms
[2024-09-09T03:15:08.268+0800][info] GC(159) Concurrent Rebuild Remembered Sets
[2024-09-09T03:15:08.274+0800][info] GC(159) Concurrent Rebuild Remembered Sets 5.478ms
[2024-09-09T03:15:08.274+0800][info] GC(159) Pause Cleanup
[2024-09-09T03:15:08.274+0800][info] GC(159) Pause Cleanup 77M->77M(128M) 0.173ms
[2024-09-09T03:15:08.274+0800][info] GC(159) User=0.00s Sys=0.00s Real=0.00s
[2024-09-09T03:15:08.274+0800][info] GC(159) Concurrent Cleanup for Next Mark
[2024-09-09T03:15:08.274+0800][info] GC(159) Concurrent Cleanup for Next Mark 0.239ms
[2024-09-09T03:15:08.274+0800][info] GC(159) Concurrent Mark Cycle 10.097ms
[2024-09-09T03:15:08.839+0800][info] GC(160) Pause Young (Prepare Mixed) (G1 Humongous Allocation)
[2024-09-09T03:15:08.839+0800][info] GC(160) Using 3 workers of 48 for evacuation
[2024-09-09T03:15:08.839+0800][info] GC(160)   Pre Evacuate Collection Set: 0.0ms
[2024-09-09T03:15:08.839+0800][info] GC(160)   Merge Heap Roots: 0.0ms
[2024-09-09T03:15:08.839+0800][info] GC(160)   Evacuate Collection Set: 0.1ms
[2024-09-09T03:15:08.839+0800][info] GC(160)   Post Evacuate Collection Set: 0.1ms
[2024-09-09T03:15:08.839+0800][info] GC(160)   Other: 0.1ms
[2024-09-09T03:15:08.839+0800][info] GC(160) Eden regions: 1->0(1)
[2024-09-09T03:15:08.839+0800][info] GC(160) Survivor regions: 1->1(1)
[2024-09-09T03:15:08.839+0800][info] GC(160) Old regions: 3->3
[2024-09-09T03:15:08.839+0800][info] GC(160) Archive regions: 2->2
[2024-09-09T03:15:08.839+0800][info] GC(160) Humongous regions: 16->12
[2024-09-09T03:15:08.839+0800][info] GC(160) Metaspace: 794K(960K)->794K(960K) NonClass: 741K(832K)->741K(832K) Class: 52K(128K)->52K(128K)
[2024-09-09T03:15:08.839+0800][info] GC(160) Pause Young (Prepare Mixed) (G1 Humongous Allocation) 77M->61M(128M) 0.439ms
[2024-09-09T03:15:08.839+0800][info] GC(160) User=0.00s Sys=0.00s Real=0.00s
[2024-09-09T03:15:08.862+0800][info] GC(161) Pause Young (Mixed) (G1 Humongous Allocation)
[2024-09-09T03:15:08.862+0800][info] GC(161) Using 3 workers of 48 for evacuation
[2024-09-09T03:15:08.862+0800][info] GC(161)   Pre Evacuate Collection Set: 0.0ms
[2024-09-09T03:15:08.862+0800][info] GC(161)   Merge Heap Roots: 0.0ms
[2024-09-09T03:15:08.862+0800][info] GC(161)   Evacuate Collection Set: 0.1ms
[2024-09-09T03:15:08.862+0800][info] GC(161)   Post Evacuate Collection Set: 0.1ms
[2024-09-09T03:15:08.862+0800][info] GC(161)   Other: 0.1ms
[2024-09-09T03:15:08.862+0800][info] GC(161) Eden regions: 1->0(1)
[2024-09-09T03:15:08.862+0800][info] GC(161) Survivor regions: 1->1(1)
[2024-09-09T03:15:08.862+0800][info] GC(161) Old regions: 3->2
[2024-09-09T03:15:08.862+0800][info] GC(161) Archive regions: 2->2
[2024-09-09T03:15:08.862+0800][info] GC(161) Humongous regions: 16->12
[2024-09-09T03:15:08.862+0800][info] GC(161) Metaspace: 794K(960K)->794K(960K) NonClass: 741K(832K)->741K(832K) Class: 52K(128K)->52K(128K)
[2024-09-09T03:15:08.862+0800][info] GC(161) Pause Young (Mixed) (G1 Humongous Allocation) 77M->57M(128M) 0.326ms
[2024-09-09T03:15:08.862+0800][info] GC(161) User=0.00s Sys=0.00s Real=0.00s
[2024-09-09T03:15:09.392+0800][info] GC(162) Pause Young (Mixed) (G1 Evacuation Pause)
[2024-09-09T03:15:09.392+0800][info] GC(162) Using 3 workers of 48 for evacuation
[2024-09-09T03:15:09.394+0800][info] GC(162)   Pre Evacuate Collection Set: 0.0ms
[2024-09-09T03:15:09.394+0800][info] GC(162)   Merge Heap Roots: 0.0ms
[2024-09-09T03:15:09.394+0800][info] GC(162)   Evacuate Collection Set: 1.7ms
[2024-09-09T03:15:09.394+0800][info] GC(162)   Post Evacuate Collection Set: 0.1ms
[2024-09-09T03:15:09.394+0800][info] GC(162)   Other: 0.1ms
[2024-09-09T03:15:09.394+0800][info] GC(162) Eden regions: 1->0(1)
[2024-09-09T03:15:09.394+0800][info] GC(162) Survivor regions: 1->1(1)
[2024-09-09T03:15:09.394+0800][info] GC(162) Old regions: 2->1
[2024-09-09T03:15:09.394+0800][info] GC(162) Archive regions: 2->2
[2024-09-09T03:15:09.394+0800][info] GC(162) Humongous regions: 16->12
[2024-09-09T03:15:09.394+0800][info] GC(162) Metaspace: 794K(960K)->794K(960K) NonClass: 741K(832K)->741K(832K) Class: 52K(128K)->52K(128K)
[2024-09-09T03:15:09.394+0800][info] GC(162) Pause Young (Mixed) (G1 Evacuation Pause) 77M->57M(128M) 2.027ms
[2024-09-09T03:15:09.394+0800][info] GC(162) User=0.01s Sys=0.00s Real=0.00s
[2024-09-09T03:15:09.890+0800][info] GC(163) Pause Young (Concurrent Start) (G1 Evacuation Pause)
[2024-09-09T03:15:09.891+0800][info] GC(163) Using 3 workers of 48 for evacuation
[2024-09-09T03:15:09.892+0800][info] GC(163)   Pre Evacuate Collection Set: 0.0ms
[2024-09-09T03:15:09.892+0800][info] GC(163)   Merge Heap Roots: 0.0ms
[2024-09-09T03:15:09.892+0800][info] GC(163)   Evacuate Collection Set: 1.0ms
[2024-09-09T03:15:09.892+0800][info] GC(163)   Post Evacuate Collection Set: 0.1ms
[2024-09-09T03:15:09.892+0800][info] GC(163)   Other: 0.2ms
[2024-09-09T03:15:09.892+0800][info] GC(163) Eden regions: 1->0(1)
[2024-09-09T03:15:09.892+0800][info] GC(163) Survivor regions: 1->1(1)
[2024-09-09T03:15:09.892+0800][info] GC(163) Old regions: 1->2
[2024-09-09T03:15:09.892+0800][info] GC(163) Archive regions: 2->2
[2024-09-09T03:15:09.892+0800][info] GC(163) Humongous regions: 12->12
[2024-09-09T03:15:09.892+0800][info] GC(163) Metaspace: 794K(960K)->794K(960K) NonClass: 741K(832K)->741K(832K) Class: 52K(128K)->52K(128K)
[2024-09-09T03:15:09.892+0800][info] GC(163) Pause Young (Concurrent Start) (G1 Evacuation Pause) 61M->61M(128M) 1.467ms
[2024-09-09T03:15:09.892+0800][info] GC(163) User=0.00s Sys=0.00s Real=0.00s
[2024-09-09T03:15:09.892+0800][info] GC(164) Concurrent Mark Cycle
[2024-09-09T03:15:09.892+0800][info] GC(164) Concurrent Clear Claimed Marks
[2024-09-09T03:15:09.892+0800][info] GC(164) Concurrent Clear Claimed Marks 0.009ms
[2024-09-09T03:15:09.892+0800][info] GC(164) Concurrent Scan Root Regions
[2024-09-09T03:15:09.892+0800][info] GC(164) Concurrent Scan Root Regions 0.070ms
[2024-09-09T03:15:09.892+0800][info] GC(164) Concurrent Mark
[2024-09-09T03:15:09.892+0800][info] GC(164) Concurrent Mark From Roots
[2024-09-09T03:15:09.892+0800][info] GC(164) Using 12 workers of 12 for marking
[2024-09-09T03:15:09.894+0800][info] GC(164) Concurrent Mark From Roots 2.283ms
[2024-09-09T03:15:09.894+0800][info] GC(164) Concurrent Preclean
[2024-09-09T03:15:09.895+0800][info] GC(164) Concurrent Preclean 0.663ms
[2024-09-09T03:15:09.895+0800][info] GC(164) Pause Remark
[2024-09-09T03:15:09.896+0800][info] GC(164) Pause Remark 61M->61M(128M) 0.751ms
[2024-09-09T03:15:09.896+0800][info] GC(164) User=0.00s Sys=0.00s Real=0.00s
[2024-09-09T03:15:09.896+0800][info] GC(164) Concurrent Mark 3.763ms
[2024-09-09T03:15:09.896+0800][info] GC(164) Concurrent Rebuild Remembered Sets
[2024-09-09T03:15:09.900+0800][info] GC(164) Concurrent Rebuild Remembered Sets 3.658ms
[2024-09-09T03:15:09.900+0800][info] GC(164) Pause Cleanup
[2024-09-09T03:15:09.900+0800][info] GC(164) Pause Cleanup 61M->61M(128M) 0.128ms
[2024-09-09T03:15:09.900+0800][info] GC(164) User=0.00s Sys=0.00s Real=0.00s
[2024-09-09T03:15:09.900+0800][info] GC(164) Concurrent Cleanup for Next Mark
[2024-09-09T03:15:09.900+0800][info] GC(164) Concurrent Cleanup for Next Mark 0.224ms
[2024-09-09T03:15:09.900+0800][info] GC(164) Concurrent Mark Cycle 7.955ms
[2024-09-09T03:15:10.539+0800][info] GC(165) Pause Young (Prepare Mixed) (G1 Evacuation Pause)
[2024-09-09T03:15:10.539+0800][info] GC(165) Using 3 workers of 48 for evacuation
[2024-09-09T03:15:10.540+0800][info] GC(165)   Pre Evacuate Collection Set: 0.0ms
[2024-09-09T03:15:10.540+0800][info] GC(165)   Merge Heap Roots: 0.0ms
[2024-09-09T03:15:10.540+0800][info] GC(165)   Evacuate Collection Set: 1.1ms
[2024-09-09T03:15:10.540+0800][info] GC(165)   Post Evacuate Collection Set: 0.1ms
[2024-09-09T03:15:10.540+0800][info] GC(165)   Other: 0.1ms
[2024-09-09T03:15:10.540+0800][info] GC(165) Eden regions: 1->0(1)
[2024-09-09T03:15:10.540+0800][info] GC(165) Survivor regions: 1->1(1)
[2024-09-09T03:15:10.541+0800][info] GC(165) Old regions: 2->3
[2024-09-09T03:15:10.541+0800][info] GC(165) Archive regions: 2->2
[2024-09-09T03:15:10.541+0800][info] GC(165) Humongous regions: 12->12
[2024-09-09T03:15:10.541+0800][info] GC(165) Metaspace: 794K(960K)->794K(960K) NonClass: 741K(832K)->741K(832K) Class: 52K(128K)->52K(128K)
[2024-09-09T03:15:10.541+0800][info] GC(165) Pause Young (Prepare Mixed) (G1 Evacuation Pause) 65M->65M(128M) 1.421ms
[2024-09-09T03:15:10.541+0800][info] GC(165) User=0.00s Sys=0.00s Real=0.00s
[2024-09-09T03:15:11.037+0800][info] GC(166) Pause Young (Mixed) (G1 Evacuation Pause)
[2024-09-09T03:15:11.037+0800][info] GC(166) Using 3 workers of 48 for evacuation
[2024-09-09T03:15:11.040+0800][info] GC(166)   Pre Evacuate Collection Set: 0.0ms
[2024-09-09T03:15:11.040+0800][info] GC(166)   Merge Heap Roots: 0.0ms
[2024-09-09T03:15:11.040+0800][info] GC(166)   Evacuate Collection Set: 2.6ms
[2024-09-09T03:15:11.040+0800][info] GC(166)   Post Evacuate Collection Set: 0.2ms
[2024-09-09T03:15:11.040+0800][info] GC(166)   Other: 0.1ms
[2024-09-09T03:15:11.040+0800][info] GC(166) Eden regions: 1->0(1)
[2024-09-09T03:15:11.040+0800][info] GC(166) Survivor regions: 1->1(1)
[2024-09-09T03:15:11.040+0800][info] GC(166) Old regions: 3->4
[2024-09-09T03:15:11.040+0800][info] GC(166) Archive regions: 2->2
[2024-09-09T03:15:11.040+0800][info] GC(166) Humongous regions: 12->0
[2024-09-09T03:15:11.040+0800][info] GC(166) Metaspace: 794K(960K)->794K(960K) NonClass: 741K(832K)->741K(832K) Class: 52K(128K)->52K(128K)
[2024-09-09T03:15:11.040+0800][info] GC(166) Pause Young (Mixed) (G1 Evacuation Pause) 69M->20M(128M) 2.951ms
[2024-09-09T03:15:11.040+0800][info] GC(166) User=0.01s Sys=0.01s Real=0.00s
[2024-09-09T03:15:11.536+0800][info] GC(167) Pause Young (Concurrent Start) (G1 Evacuation Pause)
[2024-09-09T03:15:11.537+0800][info] GC(167) Using 3 workers of 48 for evacuation
[2024-09-09T03:15:11.538+0800][info] GC(167)   Pre Evacuate Collection Set: 0.0ms
[2024-09-09T03:15:11.538+0800][info] GC(167)   Merge Heap Roots: 0.0ms
[2024-09-09T03:15:11.538+0800][info] GC(167)   Evacuate Collection Set: 1.0ms
[2024-09-09T03:15:11.538+0800][info] GC(167)   Post Evacuate Collection Set: 0.1ms
[2024-09-09T03:15:11.538+0800][info] GC(167)   Other: 0.2ms
[2024-09-09T03:15:11.538+0800][info] GC(167) Eden regions: 1->0(1)
[2024-09-09T03:15:11.538+0800][info] GC(167) Survivor regions: 1->1(1)
[2024-09-09T03:15:11.538+0800][info] GC(167) Old regions: 4->5
[2024-09-09T03:15:11.538+0800][info] GC(167) Archive regions: 2->2
[2024-09-09T03:15:11.538+0800][info] GC(167) Humongous regions: 0->0
[2024-09-09T03:15:11.538+0800][info] GC(167) Metaspace: 794K(960K)->794K(960K) NonClass: 741K(832K)->741K(832K) Class: 52K(128K)->52K(128K)
[2024-09-09T03:15:11.538+0800][info] GC(167) Pause Young (Concurrent Start) (G1 Evacuation Pause) 24M->24M(128M) 1.356ms
[2024-09-09T03:15:11.538+0800][info] GC(167) User=0.00s Sys=0.00s Real=0.01s
[2024-09-09T03:15:11.538+0800][info] GC(168) Concurrent Mark Cycle
[2024-09-09T03:15:11.538+0800][info] GC(168) Concurrent Clear Claimed Marks
[2024-09-09T03:15:11.538+0800][info] GC(168) Concurrent Clear Claimed Marks 0.009ms
[2024-09-09T03:15:11.538+0800][info] GC(168) Concurrent Scan Root Regions
[2024-09-09T03:15:11.538+0800][info] GC(168) Concurrent Scan Root Regions 0.060ms
[2024-09-09T03:15:11.538+0800][info] GC(168) Concurrent Mark
[2024-09-09T03:15:11.538+0800][info] GC(168) Concurrent Mark From Roots
[2024-09-09T03:15:11.538+0800][info] GC(168) Using 12 workers of 12 for marking
[2024-09-09T03:15:11.540+0800][info] GC(168) Concurrent Mark From Roots 2.036ms
[2024-09-09T03:15:11.540+0800][info] GC(168) Concurrent Preclean
[2024-09-09T03:15:11.541+0800][info] GC(168) Concurrent Preclean 0.720ms
[2024-09-09T03:15:11.541+0800][info] GC(168) Pause Remark
[2024-09-09T03:15:11.541+0800][info] GC(168) Pause Remark 24M->24M(128M) 0.573ms
[2024-09-09T03:15:11.541+0800][info] GC(168) User=0.00s Sys=0.00s Real=0.00s
[2024-09-09T03:15:11.541+0800][info] GC(168) Concurrent Mark 3.408ms
[2024-09-09T03:15:11.541+0800][info] GC(168) Concurrent Rebuild Remembered Sets
[2024-09-09T03:15:11.543+0800][info] GC(168) Concurrent Rebuild Remembered Sets 1.180ms
[2024-09-09T03:15:11.543+0800][info] GC(168) Pause Cleanup
[2024-09-09T03:15:11.543+0800][info] GC(168) Pause Cleanup 24M->24M(128M) 0.080ms
[2024-09-09T03:15:11.543+0800][info] GC(168) User=0.00s Sys=0.00s Real=0.00s
[2024-09-09T03:15:11.543+0800][info] GC(168) Concurrent Cleanup for Next Mark
[2024-09-09T03:15:11.543+0800][info] GC(168) Concurrent Cleanup for Next Mark 0.178ms
[2024-09-09T03:15:11.543+0800][info] GC(168) Concurrent Mark Cycle 5.024ms
[2024-09-09T03:15:12.188+0800][info] GC(169) Pause Young (Normal) (G1 Evacuation Pause)
[2024-09-09T03:15:12.188+0800][info] GC(169) Using 3 workers of 48 for evacuation
[2024-09-09T03:15:12.189+0800][info] GC(169)   Pre Evacuate Collection Set: 0.0ms
[2024-09-09T03:15:12.189+0800][info] GC(169)   Merge Heap Roots: 0.0ms
[2024-09-09T03:15:12.189+0800][info] GC(169)   Evacuate Collection Set: 1.1ms
[2024-09-09T03:15:12.189+0800][info] GC(169)   Post Evacuate Collection Set: 0.1ms
[2024-09-09T03:15:12.189+0800][info] GC(169)   Other: 0.1ms
[2024-09-09T03:15:12.189+0800][info] GC(169) Eden regions: 1->0(1)
[2024-09-09T03:15:12.189+0800][info] GC(169) Survivor regions: 1->1(1)
[2024-09-09T03:15:12.189+0800][info] GC(169) Old regions: 5->6
[2024-09-09T03:15:12.189+0800][info] GC(169) Archive regions: 2->2
[2024-09-09T03:15:12.189+0800][info] GC(169) Humongous regions: 0->0
[2024-09-09T03:15:12.189+0800][info] GC(169) Metaspace: 794K(960K)->794K(960K) NonClass: 741K(832K)->741K(832K) Class: 52K(128K)->52K(128K)
[2024-09-09T03:15:12.190+0800][info] GC(169) Pause Young (Normal) (G1 Evacuation Pause) 28M->28M(128M) 1.466ms
[2024-09-09T03:15:12.190+0800][info] GC(169) User=0.00s Sys=0.00s Real=0.00s
[2024-09-09T03:15:12.687+0800][info] GC(170) Pause Young (Concurrent Start) (G1 Evacuation Pause)
[2024-09-09T03:15:12.687+0800][info] GC(170) Using 3 workers of 48 for evacuation
[2024-09-09T03:15:12.689+0800][info] GC(170)   Pre Evacuate Collection Set: 0.0ms
[2024-09-09T03:15:12.689+0800][info] GC(170)   Merge Heap Roots: 0.0ms
[2024-09-09T03:15:12.689+0800][info] GC(170)   Evacuate Collection Set: 1.1ms
[2024-09-09T03:15:12.689+0800][info] GC(170)   Post Evacuate Collection Set: 0.1ms
[2024-09-09T03:15:12.689+0800][info] GC(170)   Other: 0.2ms
[2024-09-09T03:15:12.689+0800][info] GC(170) Eden regions: 1->0(1)
[2024-09-09T03:15:12.689+0800][info] GC(170) Survivor regions: 1->1(1)
[2024-09-09T03:15:12.689+0800][info] GC(170) Old regions: 6->7
[2024-09-09T03:15:12.689+0800][info] GC(170) Archive regions: 2->2
[2024-09-09T03:15:12.689+0800][info] GC(170) Humongous regions: 0->0
[2024-09-09T03:15:12.689+0800][info] GC(170) Metaspace: 794K(960K)->794K(960K) NonClass: 741K(832K)->741K(832K) Class: 52K(128K)->52K(128K)
[2024-09-09T03:15:12.689+0800][info] GC(170) Pause Young (Concurrent Start) (G1 Evacuation Pause) 32M->32M(128M) 1.493ms
[2024-09-09T03:15:12.689+0800][info] GC(170) User=0.01s Sys=0.00s Real=0.00s
[2024-09-09T03:15:12.689+0800][info] GC(171) Concurrent Mark Cycle
[2024-09-09T03:15:12.689+0800][info] GC(171) Concurrent Clear Claimed Marks
[2024-09-09T03:15:12.689+0800][info] GC(171) Concurrent Clear Claimed Marks 0.018ms
[2024-09-09T03:15:12.689+0800][info] GC(171) Concurrent Scan Root Regions
[2024-09-09T03:15:12.689+0800][info] GC(171) Concurrent Scan Root Regions 0.150ms
[2024-09-09T03:15:12.689+0800][info] GC(171) Concurrent Mark
[2024-09-09T03:15:12.689+0800][info] GC(171) Concurrent Mark From Roots
[2024-09-09T03:15:12.689+0800][info] GC(171) Using 12 workers of 12 for marking
[2024-09-09T03:15:12.692+0800][info] GC(171) Concurrent Mark From Roots 2.671ms
[2024-09-09T03:15:12.692+0800][info] GC(171) Concurrent Preclean
[2024-09-09T03:15:12.694+0800][info] GC(171) Concurrent Preclean 1.683ms
[2024-09-09T03:15:12.694+0800][info] GC(171) Pause Remark
[2024-09-09T03:15:12.694+0800][info] GC(171) Pause Remark 32M->32M(128M) 0.796ms
[2024-09-09T03:15:12.694+0800][info] GC(171) User=0.00s Sys=0.00s Real=0.00s
[2024-09-09T03:15:12.694+0800][info] GC(171) Concurrent Mark 5.260ms
[2024-09-09T03:15:12.694+0800][info] GC(171) Concurrent Rebuild Remembered Sets
[2024-09-09T03:15:12.697+0800][info] GC(171) Concurrent Rebuild Remembered Sets 2.490ms
[2024-09-09T03:15:12.697+0800][info] GC(171) Pause Cleanup
[2024-09-09T03:15:12.697+0800][info] GC(171) Pause Cleanup 32M->32M(128M) 0.084ms
[2024-09-09T03:15:12.697+0800][info] GC(171) User=0.00s Sys=0.00s Real=0.00s
[2024-09-09T03:15:12.697+0800][info] GC(171) Concurrent Cleanup for Next Mark
[2024-09-09T03:15:12.697+0800][info] GC(171) Concurrent Cleanup for Next Mark 0.238ms
[2024-09-09T03:15:12.697+0800][info] GC(171) Concurrent Mark Cycle 8.449ms
[2024-09-09T03:15:13.336+0800][info] GC(172) Pause Young (Prepare Mixed) (G1 Evacuation Pause)
[2024-09-09T03:15:13.336+0800][info] GC(172) Using 3 workers of 48 for evacuation
[2024-09-09T03:15:13.337+0800][info] GC(172)   Pre Evacuate Collection Set: 0.0ms
[2024-09-09T03:15:13.337+0800][info] GC(172)   Merge Heap Roots: 0.0ms
[2024-09-09T03:15:13.337+0800][info] GC(172)   Evacuate Collection Set: 1.2ms
[2024-09-09T03:15:13.337+0800][info] GC(172)   Post Evacuate Collection Set: 0.1ms
[2024-09-09T03:15:13.337+0800][info] GC(172)   Other: 0.1ms
[2024-09-09T03:15:13.337+0800][info] GC(172) Eden regions: 1->0(1)
[2024-09-09T03:15:13.337+0800][info] GC(172) Survivor regions: 1->1(1)
[2024-09-09T03:15:13.337+0800][info] GC(172) Old regions: 7->8
[2024-09-09T03:15:13.337+0800][info] GC(172) Archive regions: 2->2
[2024-09-09T03:15:13.337+0800][info] GC(172) Humongous regions: 0->0
[2024-09-09T03:15:13.337+0800][info] GC(172) Metaspace: 794K(960K)->794K(960K) NonClass: 741K(832K)->741K(832K) Class: 52K(128K)->52K(128K)
[2024-09-09T03:15:13.338+0800][info] GC(172) Pause Young (Prepare Mixed) (G1 Evacuation Pause) 36M->36M(128M) 1.511ms
[2024-09-09T03:15:13.338+0800][info] GC(172) User=0.00s Sys=0.00s Real=0.01s
[2024-09-09T03:15:13.834+0800][info] GC(173) Pause Young (Mixed) (G1 Evacuation Pause)
[2024-09-09T03:15:13.834+0800][info] GC(173) Using 3 workers of 48 for evacuation
[2024-09-09T03:15:13.836+0800][info] GC(173)   Pre Evacuate Collection Set: 0.0ms
[2024-09-09T03:15:13.836+0800][info] GC(173)   Merge Heap Roots: 0.0ms
[2024-09-09T03:15:13.836+0800][info] GC(173)   Evacuate Collection Set: 1.4ms
[2024-09-09T03:15:13.836+0800][info] GC(173)   Post Evacuate Collection Set: 0.1ms
[2024-09-09T03:15:13.836+0800][info] GC(173)   Other: 0.1ms
[2024-09-09T03:15:13.836+0800][info] GC(173) Eden regions: 1->0(1)
[2024-09-09T03:15:13.836+0800][info] GC(173) Survivor regions: 1->1(1)
[2024-09-09T03:15:13.836+0800][info] GC(173) Old regions: 8->8
[2024-09-09T03:15:13.836+0800][info] GC(173) Archive regions: 2->2
[2024-09-09T03:15:13.836+0800][info] GC(173) Humongous regions: 0->0
[2024-09-09T03:15:13.836+0800][info] GC(173) Metaspace: 794K(960K)->794K(960K) NonClass: 741K(832K)->741K(832K) Class: 52K(128K)->52K(128K)
[2024-09-09T03:15:13.836+0800][info] GC(173) Pause Young (Mixed) (G1 Evacuation Pause) 40M->36M(128M) 1.668ms
[2024-09-09T03:15:13.836+0800][info] GC(173) User=0.01s Sys=0.00s Real=0.00s
[2024-09-09T03:15:14.332+0800][info] GC(174) Pause Young (Mixed) (G1 Evacuation Pause)
[2024-09-09T03:15:14.332+0800][info] GC(174) Using 3 workers of 48 for evacuation
[2024-09-09T03:15:14.335+0800][info] GC(174)   Pre Evacuate Collection Set: 0.0ms
[2024-09-09T03:15:14.335+0800][info] GC(174)   Merge Heap Roots: 0.0ms
[2024-09-09T03:15:14.335+0800][info] GC(174)   Evacuate Collection Set: 2.9ms
[2024-09-09T03:15:14.335+0800][info] GC(174)   Post Evacuate Collection Set: 0.2ms
[2024-09-09T03:15:14.335+0800][info] GC(174)   Other: 0.1ms
[2024-09-09T03:15:14.335+0800][info] GC(174) Eden regions: 1->0(1)
[2024-09-09T03:15:14.335+0800][info] GC(174) Survivor regions: 1->1(1)
[2024-09-09T03:15:14.335+0800][info] GC(174) Old regions: 8->8
[2024-09-09T03:15:14.335+0800][info] GC(174) Archive regions: 2->2
[2024-09-09T03:15:14.335+0800][info] GC(174) Humongous regions: 0->0
[2024-09-09T03:15:14.335+0800][info] GC(174) Metaspace: 794K(960K)->794K(960K) NonClass: 741K(832K)->741K(832K) Class: 52K(128K)->52K(128K)
[2024-09-09T03:15:14.336+0800][info] GC(174) Pause Young (Mixed) (G1 Evacuation Pause) 40M->38M(128M) 3.213ms
[2024-09-09T03:15:14.336+0800][info] GC(174) User=0.01s Sys=0.00s Real=0.00s
[2024-09-09T03:15:14.832+0800][info] GC(175) Pause Young (Mixed) (G1 Evacuation Pause)
[2024-09-09T03:15:14.832+0800][info] GC(175) Using 3 workers of 48 for evacuation
[2024-09-09T03:15:14.834+0800][info] GC(175)   Pre Evacuate Collection Set: 0.0ms
[2024-09-09T03:15:14.834+0800][info] GC(175)   Merge Heap Roots: 0.0ms
[2024-09-09T03:15:14.834+0800][info] GC(175)   Evacuate Collection Set: 1.8ms
[2024-09-09T03:15:14.834+0800][info] GC(175)   Post Evacuate Collection Set: 0.1ms
[2024-09-09T03:15:14.834+0800][info] GC(175)   Other: 0.1ms
[2024-09-09T03:15:14.834+0800][info] GC(175) Eden regions: 1->0(2)
[2024-09-09T03:15:14.834+0800][info] GC(175) Survivor regions: 1->1(1)
[2024-09-09T03:15:14.834+0800][info] GC(175) Old regions: 8->9
[2024-09-09T03:15:14.834+0800][info] GC(175) Archive regions: 2->2
[2024-09-09T03:15:14.834+0800][info] GC(175) Humongous regions: 0->0
[2024-09-09T03:15:14.834+0800][info] GC(175) Metaspace: 794K(960K)->794K(960K) NonClass: 741K(832K)->741K(832K) Class: 52K(128K)->52K(128K)
[2024-09-09T03:15:14.834+0800][info] GC(175) Pause Young (Mixed) (G1 Evacuation Pause) 41M->40M(128M) 2.159ms
[2024-09-09T03:15:14.834+0800][info] GC(175) User=0.00s Sys=0.00s Real=0.00s
[2024-09-09T03:15:15.837+0800][info] GC(176) Pause Young (Concurrent Start) (G1 Evacuation Pause)
[2024-09-09T03:15:15.837+0800][info] GC(176) Using 3 workers of 48 for evacuation
[2024-09-09T03:15:15.839+0800][info] GC(176)   Pre Evacuate Collection Set: 0.0ms
[2024-09-09T03:15:15.839+0800][info] GC(176)   Merge Heap Roots: 0.0ms
[2024-09-09T03:15:15.839+0800][info] GC(176)   Evacuate Collection Set: 1.6ms
[2024-09-09T03:15:15.839+0800][info] GC(176)   Post Evacuate Collection Set: 0.1ms
[2024-09-09T03:15:15.839+0800][info] GC(176)   Other: 0.2ms
[2024-09-09T03:15:15.839+0800][info] GC(176) Eden regions: 2->0(2)
[2024-09-09T03:15:15.839+0800][info] GC(176) Survivor regions: 1->1(1)
[2024-09-09T03:15:15.839+0800][info] GC(176) Old regions: 9->11
[2024-09-09T03:15:15.839+0800][info] GC(176) Archive regions: 2->2
[2024-09-09T03:15:15.839+0800][info] GC(176) Humongous regions: 0->0
[2024-09-09T03:15:15.839+0800][info] GC(176) Metaspace: 794K(960K)->794K(960K) NonClass: 741K(832K)->741K(832K) Class: 52K(128K)->52K(128K)
[2024-09-09T03:15:15.839+0800][info] GC(176) Pause Young (Concurrent Start) (G1 Evacuation Pause) 48M->48M(128M) 2.027ms
[2024-09-09T03:15:15.839+0800][info] GC(176) User=0.00s Sys=0.00s Real=0.00s
[2024-09-09T03:15:15.839+0800][info] GC(177) Concurrent Mark Cycle
[2024-09-09T03:15:15.839+0800][info] GC(177) Concurrent Clear Claimed Marks
[2024-09-09T03:15:15.839+0800][info] GC(177) Concurrent Clear Claimed Marks 0.019ms
[2024-09-09T03:15:15.839+0800][info] GC(177) Concurrent Scan Root Regions
[2024-09-09T03:15:15.840+0800][info] GC(177) Concurrent Scan Root Regions 0.084ms
[2024-09-09T03:15:15.840+0800][info] GC(177) Concurrent Mark
[2024-09-09T03:15:15.840+0800][info] GC(177) Concurrent Mark From Roots
[2024-09-09T03:15:15.840+0800][info] GC(177) Using 12 workers of 12 for marking
[2024-09-09T03:15:15.842+0800][info] GC(177) Concurrent Mark From Roots 2.247ms
[2024-09-09T03:15:15.842+0800][info] GC(177) Concurrent Preclean
[2024-09-09T03:15:15.844+0800][info] GC(177) Concurrent Preclean 1.756ms
[2024-09-09T03:15:15.844+0800][info] GC(177) Pause Remark
[2024-09-09T03:15:15.844+0800][info] GC(177) Pause Remark 48M->36M(128M) 0.702ms
[2024-09-09T03:15:15.844+0800][info] GC(177) User=0.00s Sys=0.00s Real=0.00s
[2024-09-09T03:15:15.844+0800][info] GC(177) Concurrent Mark 4.823ms
[2024-09-09T03:15:15.844+0800][info] GC(177) Concurrent Rebuild Remembered Sets
[2024-09-09T03:15:15.847+0800][info] GC(177) Concurrent Rebuild Remembered Sets 2.500ms
[2024-09-09T03:15:15.847+0800][info] GC(177) Pause Cleanup
[2024-09-09T03:15:15.847+0800][info] GC(177) Pause Cleanup 36M->36M(128M) 0.093ms
[2024-09-09T03:15:15.847+0800][info] GC(177) User=0.00s Sys=0.00s Real=0.00s
[2024-09-09T03:15:15.847+0800][info] GC(177) Concurrent Cleanup for Next Mark
[2024-09-09T03:15:15.847+0800][info] GC(177) Concurrent Cleanup for Next Mark 0.233ms
[2024-09-09T03:15:15.847+0800][info] GC(177) Concurrent Mark Cycle 7.957ms
[2024-09-09T03:15:17.494+0800][info] GC(178) Pause Young (Prepare Mixed) (G1 Evacuation Pause)
[2024-09-09T03:15:17.495+0800][info] GC(178) Using 3 workers of 48 for evacuation
[2024-09-09T03:15:17.498+0800][info] GC(178)   Pre Evacuate Collection Set: 0.1ms
[2024-09-09T03:15:17.498+0800][info] GC(178)   Merge Heap Roots: 0.0ms
[2024-09-09T03:15:17.498+0800][info] GC(178)   Evacuate Collection Set: 2.7ms
[2024-09-09T03:15:17.498+0800][info] GC(178)   Post Evacuate Collection Set: 0.1ms
[2024-09-09T03:15:17.498+0800][info] GC(178)   Other: 0.1ms
[2024-09-09T03:15:17.498+0800][info] GC(178) Eden regions: 3->0(1)
[2024-09-09T03:15:17.498+0800][info] GC(178) Survivor regions: 1->1(1)
[2024-09-09T03:15:17.498+0800][info] GC(178) Old regions: 8->11
[2024-09-09T03:15:17.498+0800][info] GC(178) Archive regions: 2->2
[2024-09-09T03:15:17.498+0800][info] GC(178) Humongous regions: 0->0
[2024-09-09T03:15:17.498+0800][info] GC(178) Metaspace: 794K(960K)->794K(960K) NonClass: 741K(832K)->741K(832K) Class: 52K(128K)->52K(128K)
[2024-09-09T03:15:17.498+0800][info] GC(178) Pause Young (Prepare Mixed) (G1 Evacuation Pause) 48M->48M(128M) 3.194ms
[2024-09-09T03:15:17.498+0800][info] GC(178) User=0.01s Sys=0.00s Real=0.01s
[2024-09-09T03:15:17.994+0800][info] GC(179) Pause Young (Mixed) (G1 Evacuation Pause)
[2024-09-09T03:15:17.994+0800][info] GC(179) Using 3 workers of 48 for evacuation
[2024-09-09T03:15:17.997+0800][info] GC(179)   Pre Evacuate Collection Set: 0.1ms
[2024-09-09T03:15:17.997+0800][info] GC(179)   Merge Heap Roots: 0.0ms
[2024-09-09T03:15:17.997+0800][info] GC(179)   Evacuate Collection Set: 2.2ms
[2024-09-09T03:15:17.997+0800][info] GC(179)   Post Evacuate Collection Set: 0.2ms
[2024-09-09T03:15:17.997+0800][info] GC(179)   Other: 0.1ms
[2024-09-09T03:15:17.997+0800][info] GC(179) Eden regions: 1->0(1)
[2024-09-09T03:15:17.997+0800][info] GC(179) Survivor regions: 1->1(1)
[2024-09-09T03:15:17.997+0800][info] GC(179) Old regions: 11->9
[2024-09-09T03:15:17.997+0800][info] GC(179) Archive regions: 2->2
[2024-09-09T03:15:17.997+0800][info] GC(179) Humongous regions: 0->0
[2024-09-09T03:15:17.997+0800][info] GC(179) Metaspace: 794K(960K)->794K(960K) NonClass: 741K(832K)->741K(832K) Class: 52K(128K)->52K(128K)
[2024-09-09T03:15:17.997+0800][info] GC(179) Pause Young (Mixed) (G1 Evacuation Pause) 52M->41M(128M) 2.651ms
[2024-09-09T03:15:17.997+0800][info] GC(179) User=0.00s Sys=0.00s Real=0.01s
[2024-09-09T03:15:18.494+0800][info] GC(180) Pause Young (Mixed) (G1 Evacuation Pause)
[2024-09-09T03:15:18.494+0800][info] GC(180) Using 3 workers of 48 for evacuation
[2024-09-09T03:15:18.497+0800][info] GC(180)   Pre Evacuate Collection Set: 0.0ms
[2024-09-09T03:15:18.497+0800][info] GC(180)   Merge Heap Roots: 0.0ms
[2024-09-09T03:15:18.497+0800][info] GC(180)   Evacuate Collection Set: 3.2ms
[2024-09-09T03:15:18.497+0800][info] GC(180)   Post Evacuate Collection Set: 0.2ms
[2024-09-09T03:15:18.497+0800][info] GC(180)   Other: 0.1ms
[2024-09-09T03:15:18.497+0800][info] GC(180) Eden regions: 1->0(5)
[2024-09-09T03:15:18.497+0800][info] GC(180) Survivor regions: 1->1(1)
[2024-09-09T03:15:18.497+0800][info] GC(180) Old regions: 9->10
[2024-09-09T03:15:18.497+0800][info] GC(180) Archive regions: 2->2
[2024-09-09T03:15:18.497+0800][info] GC(180) Humongous regions: 0->0
[2024-09-09T03:15:18.497+0800][info] GC(180) Metaspace: 794K(960K)->794K(960K) NonClass: 741K(832K)->741K(832K) Class: 52K(128K)->52K(128K)
[2024-09-09T03:15:18.497+0800][info] GC(180) Pause Young (Mixed) (G1 Evacuation Pause) 45M->44M(128M) 3.634ms
[2024-09-09T03:15:18.497+0800][info] GC(180) User=0.01s Sys=0.00s Real=0.01s
[2024-09-09T03:15:21.005+0800][info] GC(181) Pause Young (Concurrent Start) (G1 Evacuation Pause)
[2024-09-09T03:15:21.005+0800][info] GC(181) Using 3 workers of 48 for evacuation
[2024-09-09T03:15:21.010+0800][info] GC(181)   Pre Evacuate Collection Set: 0.0ms
[2024-09-09T03:15:21.010+0800][info] GC(181)   Merge Heap Roots: 0.0ms
[2024-09-09T03:15:21.010+0800][info] GC(181)   Evacuate Collection Set: 4.2ms
[2024-09-09T03:15:21.010+0800][info] GC(181)   Post Evacuate Collection Set: 0.1ms
[2024-09-09T03:15:21.010+0800][info] GC(181)   Other: 0.2ms
[2024-09-09T03:15:21.010+0800][info] GC(181) Eden regions: 5->0(3)
[2024-09-09T03:15:21.010+0800][info] GC(181) Survivor regions: 1->1(1)
[2024-09-09T03:15:21.010+0800][info] GC(181) Old regions: 10->15
[2024-09-09T03:15:21.010+0800][info] GC(181) Archive regions: 2->2
[2024-09-09T03:15:21.010+0800][info] GC(181) Humongous regions: 0->0
[2024-09-09T03:15:21.010+0800][info] GC(181) Metaspace: 794K(960K)->794K(960K) NonClass: 741K(832K)->741K(832K) Class: 52K(128K)->52K(128K)
[2024-09-09T03:15:21.010+0800][info] GC(181) Pause Young (Concurrent Start) (G1 Evacuation Pause) 64M->64M(128M) 4.669ms
[2024-09-09T03:15:21.010+0800][info] GC(181) User=0.02s Sys=0.00s Real=0.00s
[2024-09-09T03:15:21.010+0800][info] GC(182) Concurrent Mark Cycle
[2024-09-09T03:15:21.010+0800][info] GC(182) Concurrent Clear Claimed Marks
[2024-09-09T03:15:21.010+0800][info] GC(182) Concurrent Clear Claimed Marks 0.020ms
[2024-09-09T03:15:21.010+0800][info] GC(182) Concurrent Scan Root Regions
[2024-09-09T03:15:21.010+0800][info] GC(182) Concurrent Scan Root Regions 0.096ms
[2024-09-09T03:15:21.010+0800][info] GC(182) Concurrent Mark
[2024-09-09T03:15:21.010+0800][info] GC(182) Concurrent Mark From Roots
[2024-09-09T03:15:21.010+0800][info] GC(182) Using 12 workers of 12 for marking
[2024-09-09T03:15:21.012+0800][info] GC(182) Concurrent Mark From Roots 2.164ms
[2024-09-09T03:15:21.012+0800][info] GC(182) Concurrent Preclean
[2024-09-09T03:15:21.014+0800][info] GC(182) Concurrent Preclean 1.721ms
[2024-09-09T03:15:21.014+0800][info] GC(182) Pause Remark
[2024-09-09T03:15:21.015+0800][info] GC(182) Pause Remark 65M->45M(128M) 1.202ms
[2024-09-09T03:15:21.015+0800][info] GC(182) User=0.00s Sys=0.00s Real=0.00s
[2024-09-09T03:15:21.015+0800][info] GC(182) Concurrent Mark 5.208ms
[2024-09-09T03:15:21.015+0800][info] GC(182) Concurrent Rebuild Remembered Sets
[2024-09-09T03:15:21.019+0800][info] GC(182) Concurrent Rebuild Remembered Sets 4.094ms
[2024-09-09T03:15:21.019+0800][info] GC(182) Pause Cleanup
[2024-09-09T03:15:21.020+0800][info] GC(182) Pause Cleanup 45M->45M(128M) 0.125ms
[2024-09-09T03:15:21.020+0800][info] GC(182) User=0.00s Sys=0.00s Real=0.00s
[2024-09-09T03:15:21.020+0800][info] GC(182) Concurrent Cleanup for Next Mark
[2024-09-09T03:15:21.020+0800][info] GC(182) Concurrent Cleanup for Next Mark 0.390ms
[2024-09-09T03:15:21.020+0800][info] GC(182) Concurrent Mark Cycle 10.152ms
[2024-09-09T03:15:22.402+0800][info] GC(183) Pause Young (Prepare Mixed) (G1 Preventive Collection)
[2024-09-09T03:15:22.402+0800][info] GC(183) Using 3 workers of 48 for evacuation
[2024-09-09T03:15:22.404+0800][info] GC(183)   Pre Evacuate Collection Set: 0.0ms
[2024-09-09T03:15:22.404+0800][info] GC(183)   Merge Heap Roots: 0.0ms
[2024-09-09T03:15:22.404+0800][info] GC(183)   Evacuate Collection Set: 1.5ms
[2024-09-09T03:15:22.404+0800][info] GC(183)   Post Evacuate Collection Set: 0.1ms
[2024-09-09T03:15:22.404+0800][info] GC(183)   Other: 0.1ms
[2024-09-09T03:15:22.404+0800][info] GC(183) Eden regions: 3->0(1)
[2024-09-09T03:15:22.404+0800][info] GC(183) Survivor regions: 1->1(1)
[2024-09-09T03:15:22.404+0800][info] GC(183) Old regions: 10->12
[2024-09-09T03:15:22.404+0800][info] GC(183) Archive regions: 2->2
[2024-09-09T03:15:22.404+0800][info] GC(183) Humongous regions: 8->8
[2024-09-09T03:15:22.404+0800][info] GC(183) Metaspace: 796K(960K)->796K(960K) NonClass: 743K(832K)->743K(832K) Class: 52K(128K)->52K(128K)
[2024-09-09T03:15:22.404+0800][info] GC(183) Pause Young (Prepare Mixed) (G1 Preventive Collection) 86M->86M(128M) 1.917ms
[2024-09-09T03:15:22.404+0800][info] GC(183) User=0.00s Sys=0.00s Real=0.00s
[2024-09-09T03:15:22.404+0800][info] Attempting full compaction
[2024-09-09T03:15:22.404+0800][info] GC(184) Using 1 workers of 48 for full compaction
[2024-09-09T03:15:22.404+0800][info] GC(184) Pause Full (G1 Compaction Pause)
[2024-09-09T03:15:22.404+0800][info] GC(184) Phase 1: Mark live objects
[2024-09-09T03:15:22.408+0800][info] GC(184) Phase 1: Mark live objects 3.693ms
[2024-09-09T03:15:22.408+0800][info] GC(184) Phase 2: Prepare for compaction
[2024-09-09T03:15:22.409+0800][info] GC(184) Phase 2: Prepare for compaction 0.611ms
[2024-09-09T03:15:22.409+0800][info] GC(184) Phase 3: Adjust pointers
[2024-09-09T03:15:22.411+0800][info] GC(184) Phase 3: Adjust pointers 2.466ms
[2024-09-09T03:15:22.411+0800][info] GC(184) Phase 4: Compact heap
[2024-09-09T03:15:22.413+0800][info] GC(184) Phase 4: Compact heap 1.328ms
[2024-09-09T03:15:22.413+0800][info] GC(184) Eden regions: 0->0(5)
[2024-09-09T03:15:22.413+0800][info] GC(184) Survivor regions: 1->0(1)
[2024-09-09T03:15:22.413+0800][info] GC(184) Old regions: 12->1
[2024-09-09T03:15:22.413+0800][info] GC(184) Archive regions: 2->2
[2024-09-09T03:15:22.413+0800][info] GC(184) Humongous regions: 8->8
[2024-09-09T03:15:22.413+0800][info] GC(184) Metaspace: 796K(960K)->796K(960K) NonClass: 743K(832K)->743K(832K) Class: 52K(128K)->52K(128K)
[2024-09-09T03:15:22.413+0800][info] GC(184) Pause Full (G1 Compaction Pause) 86M->36M(128M) 8.748ms
[2024-09-09T03:15:22.413+0800][info] GC(184) User=0.01s Sys=0.00s Real=0.01s
[2024-09-09T03:15:22.436+0800][info] GC(185) Pause Young (Concurrent Start) (G1 Humongous Allocation)
[2024-09-09T03:15:22.436+0800][info] GC(185) Using 3 workers of 48 for evacuation
[2024-09-09T03:15:22.436+0800][info] GC(185)   Pre Evacuate Collection Set: 0.0ms
[2024-09-09T03:15:22.436+0800][info] GC(185)   Merge Heap Roots: 0.0ms
[2024-09-09T03:15:22.436+0800][info] GC(185)   Evacuate Collection Set: 0.2ms
[2024-09-09T03:15:22.436+0800][info] GC(185)   Post Evacuate Collection Set: 0.1ms
[2024-09-09T03:15:22.436+0800][info] GC(185)   Other: 0.1ms
[2024-09-09T03:15:22.436+0800][info] GC(185) Eden regions: 1->0(1)
[2024-09-09T03:15:22.436+0800][info] GC(185) Survivor regions: 0->1(1)
[2024-09-09T03:15:22.436+0800][info] GC(185) Old regions: 1->1
[2024-09-09T03:15:22.436+0800][info] GC(185) Archive regions: 2->2
[2024-09-09T03:15:22.436+0800][info] GC(185) Humongous regions: 12->12
[2024-09-09T03:15:22.436+0800][info] GC(185) Metaspace: 796K(960K)->796K(960K) NonClass: 743K(832K)->743K(832K) Class: 52K(128K)->52K(128K)
[2024-09-09T03:15:22.436+0800][info] GC(185) Pause Young (Concurrent Start) (G1 Humongous Allocation) 53M->52M(128M) 0.542ms
[2024-09-09T03:15:22.436+0800][info] GC(185) User=0.00s Sys=0.00s Real=0.00s
[2024-09-09T03:15:22.436+0800][info] GC(186) Concurrent Mark Cycle
[2024-09-09T03:15:22.437+0800][info] GC(186) Concurrent Clear Claimed Marks
[2024-09-09T03:15:22.437+0800][info] GC(186) Concurrent Clear Claimed Marks 0.018ms
[2024-09-09T03:15:22.437+0800][info] GC(186) Concurrent Scan Root Regions
[2024-09-09T03:15:22.437+0800][info] GC(186) Concurrent Scan Root Regions 0.060ms
[2024-09-09T03:15:22.437+0800][info] GC(186) Concurrent Mark
[2024-09-09T03:15:22.437+0800][info] GC(186) Concurrent Mark From Roots
[2024-09-09T03:15:22.437+0800][info] GC(186) Using 12 workers of 12 for marking
[2024-09-09T03:15:22.439+0800][info] GC(186) Concurrent Mark From Roots 2.423ms
[2024-09-09T03:15:22.439+0800][info] GC(186) Concurrent Preclean
[2024-09-09T03:15:22.441+0800][info] GC(186) Concurrent Preclean 1.816ms
[2024-09-09T03:15:22.441+0800][info] GC(186) Pause Remark
[2024-09-09T03:15:22.442+0800][info] GC(186) Pause Remark 69M->69M(128M) 0.689ms
[2024-09-09T03:15:22.442+0800][info] GC(186) User=0.00s Sys=0.00s Real=0.00s
[2024-09-09T03:15:22.442+0800][info] GC(186) Concurrent Mark 5.054ms
[2024-09-09T03:15:22.442+0800][info] GC(186) Concurrent Rebuild Remembered Sets
[2024-09-09T03:15:22.448+0800][info] GC(186) Concurrent Rebuild Remembered Sets 6.208ms
[2024-09-09T03:15:22.448+0800][info] GC(186) Pause Cleanup
[2024-09-09T03:15:22.448+0800][info] GC(186) Pause Cleanup 69M->69M(128M) 0.146ms
[2024-09-09T03:15:22.448+0800][info] GC(186) User=0.00s Sys=0.00s Real=0.00s
[2024-09-09T03:15:22.448+0800][info] GC(186) Concurrent Cleanup for Next Mark
[2024-09-09T03:15:22.448+0800][info] GC(186) Concurrent Cleanup for Next Mark 0.272ms
[2024-09-09T03:15:22.448+0800][info] GC(186) Concurrent Mark Cycle 11.970ms
[2024-09-09T03:15:23.055+0800][info] GC(187) Pause Young (Prepare Mixed) (G1 Humongous Allocation)
[2024-09-09T03:15:23.055+0800][info] GC(187) Using 3 workers of 48 for evacuation
[2024-09-09T03:15:23.055+0800][info] GC(187)   Pre Evacuate Collection Set: 0.0ms
[2024-09-09T03:15:23.055+0800][info] GC(187)   Merge Heap Roots: 0.0ms
[2024-09-09T03:15:23.055+0800][info] GC(187)   Evacuate Collection Set: 0.1ms
[2024-09-09T03:15:23.055+0800][info] GC(187)   Post Evacuate Collection Set: 0.1ms
[2024-09-09T03:15:23.055+0800][info] GC(187)   Other: 0.1ms
[2024-09-09T03:15:23.055+0800][info] GC(187) Eden regions: 1->0(1)
[2024-09-09T03:15:23.055+0800][info] GC(187) Survivor regions: 1->1(1)
[2024-09-09T03:15:23.055+0800][info] GC(187) Old regions: 1->1
[2024-09-09T03:15:23.055+0800][info] GC(187) Archive regions: 2->2
[2024-09-09T03:15:23.055+0800][info] GC(187) Humongous regions: 24->24
[2024-09-09T03:15:23.055+0800][info] GC(187) Metaspace: 796K(960K)->796K(960K) NonClass: 743K(832K)->743K(832K) Class: 52K(128K)->52K(128K)
[2024-09-09T03:15:23.055+0800][info] GC(187) Pause Young (Prepare Mixed) (G1 Humongous Allocation) 101M->100M(128M) 0.429ms
[2024-09-09T03:15:23.055+0800][info] GC(187) User=0.00s Sys=0.00s Real=0.00s
[2024-09-09T03:15:23.055+0800][info] Attempting full compaction
[2024-09-09T03:15:23.055+0800][info] GC(188) Using 1 workers of 48 for full compaction
[2024-09-09T03:15:23.056+0800][info] GC(188) Pause Full (G1 Compaction Pause)
[2024-09-09T03:15:23.056+0800][info] GC(188) Phase 1: Mark live objects
[2024-09-09T03:15:23.058+0800][info] GC(188) Phase 1: Mark live objects 2.810ms
[2024-09-09T03:15:23.058+0800][info] GC(188) Phase 2: Prepare for compaction
[2024-09-09T03:15:23.059+0800][info] GC(188) Phase 2: Prepare for compaction 0.409ms
[2024-09-09T03:15:23.059+0800][info] GC(188) Phase 3: Adjust pointers
[2024-09-09T03:15:23.061+0800][info] GC(188) Phase 3: Adjust pointers 2.274ms
[2024-09-09T03:15:23.061+0800][info] GC(188) Phase 4: Compact heap
[2024-09-09T03:15:23.061+0800][info] GC(188) Phase 4: Compact heap 0.380ms
[2024-09-09T03:15:23.062+0800][info] GC(188) Eden regions: 0->0(1)
[2024-09-09T03:15:23.062+0800][info] GC(188) Survivor regions: 1->0(1)
[2024-09-09T03:15:23.062+0800][info] GC(188) Old regions: 1->1
[2024-09-09T03:15:23.062+0800][info] GC(188) Archive regions: 2->2
[2024-09-09T03:15:23.062+0800][info] GC(188) Humongous regions: 24->12
[2024-09-09T03:15:23.062+0800][info] GC(188) Metaspace: 796K(960K)->796K(960K) NonClass: 743K(832K)->743K(832K) Class: 52K(128K)->52K(128K)
[2024-09-09T03:15:23.062+0800][info] GC(188) Pause Full (G1 Compaction Pause) 100M->52M(128M) 6.402ms
[2024-09-09T03:15:23.062+0800][info] GC(188) User=0.01s Sys=0.00s Real=0.01s
[2024-09-09T03:15:23.085+0800][info] GC(189) Pause Young (Concurrent Start) (G1 Humongous Allocation)
[2024-09-09T03:15:23.085+0800][info] GC(189) Using 3 workers of 48 for evacuation
[2024-09-09T03:15:23.085+0800][info] GC(189)   Pre Evacuate Collection Set: 0.0ms
[2024-09-09T03:15:23.085+0800][info] GC(189)   Merge Heap Roots: 0.0ms
[2024-09-09T03:15:23.085+0800][info] GC(189)   Evacuate Collection Set: 0.1ms
[2024-09-09T03:15:23.085+0800][info] GC(189)   Post Evacuate Collection Set: 0.1ms
[2024-09-09T03:15:23.085+0800][info] GC(189)   Other: 0.1ms
[2024-09-09T03:15:23.085+0800][info] GC(189) Eden regions: 1->0(1)
[2024-09-09T03:15:23.085+0800][info] GC(189) Survivor regions: 0->1(1)
[2024-09-09T03:15:23.085+0800][info] GC(189) Old regions: 1->1
[2024-09-09T03:15:23.085+0800][info] GC(189) Archive regions: 2->2
[2024-09-09T03:15:23.085+0800][info] GC(189) Humongous regions: 16->16
[2024-09-09T03:15:23.085+0800][info] GC(189) Metaspace: 796K(960K)->796K(960K) NonClass: 743K(832K)->743K(832K) Class: 52K(128K)->52K(128K)
[2024-09-09T03:15:23.085+0800][info] GC(189) Pause Young (Concurrent Start) (G1 Humongous Allocation) 69M->68M(128M) 0.431ms
[2024-09-09T03:15:23.085+0800][info] GC(189) User=0.00s Sys=0.00s Real=0.01s
[2024-09-09T03:15:23.085+0800][info] GC(190) Concurrent Mark Cycle
[2024-09-09T03:15:23.085+0800][info] GC(190) Concurrent Clear Claimed Marks
[2024-09-09T03:15:23.085+0800][info] GC(190) Concurrent Clear Claimed Marks 0.017ms
[2024-09-09T03:15:23.085+0800][info] GC(190) Concurrent Scan Root Regions
[2024-09-09T03:15:23.085+0800][info] GC(190) Concurrent Scan Root Regions 0.057ms
[2024-09-09T03:15:23.085+0800][info] GC(190) Concurrent Mark
[2024-09-09T03:15:23.085+0800][info] GC(190) Concurrent Mark From Roots
[2024-09-09T03:15:23.085+0800][info] GC(190) Using 12 workers of 12 for marking
[2024-09-09T03:15:23.088+0800][info] GC(190) Concurrent Mark From Roots 3.011ms
[2024-09-09T03:15:23.088+0800][info] GC(190) Concurrent Preclean
[2024-09-09T03:15:23.090+0800][info] GC(190) Concurrent Preclean 1.794ms
[2024-09-09T03:15:23.090+0800][info] GC(190) Pause Remark
[2024-09-09T03:15:23.091+0800][info] GC(190) Pause Remark 85M->69M(128M) 0.722ms
[2024-09-09T03:15:23.091+0800][info] GC(190) User=0.00s Sys=0.00s Real=0.00s
[2024-09-09T03:15:23.091+0800][info] GC(190) Concurrent Mark 5.672ms
[2024-09-09T03:15:23.091+0800][info] GC(190) Concurrent Rebuild Remembered Sets
[2024-09-09T03:15:23.097+0800][info] GC(190) Concurrent Rebuild Remembered Sets 5.535ms
[2024-09-09T03:15:23.097+0800][info] GC(190) Pause Cleanup
[2024-09-09T03:15:23.097+0800][info] GC(190) Pause Cleanup 69M->69M(128M) 0.142ms
[2024-09-09T03:15:23.097+0800][info] GC(190) User=0.00s Sys=0.00s Real=0.00s
[2024-09-09T03:15:23.097+0800][info] GC(190) Concurrent Cleanup for Next Mark
[2024-09-09T03:15:23.097+0800][info] GC(190) Concurrent Cleanup for Next Mark 0.241ms
[2024-09-09T03:15:23.097+0800][info] GC(190) Concurrent Mark Cycle 11.904ms
[2024-09-09T03:15:23.692+0800][info] GC(191) Pause Young (Concurrent Start) (WhiteBox Initiated Concurrent Mark)
[2024-09-09T03:15:23.692+0800][info] GC(191) Using 3 workers of 48 for evacuation
[2024-09-09T03:15:23.692+0800][info] GC(191)   Pre Evacuate Collection Set: 0.0ms
[2024-09-09T03:15:23.692+0800][info] GC(191)   Merge Heap Roots: 0.0ms
[2024-09-09T03:15:23.692+0800][info] GC(191)   Evacuate Collection Set: 0.2ms
[2024-09-09T03:15:23.692+0800][info] GC(191)   Post Evacuate Collection Set: 0.1ms
[2024-09-09T03:15:23.692+0800][info] GC(191)   Other: 0.1ms
[2024-09-09T03:15:23.692+0800][info] GC(191) Eden regions: 1->0(1)
[2024-09-09T03:15:23.692+0800][info] GC(191) Survivor regions: 1->1(1)
[2024-09-09T03:15:23.692+0800][info] GC(191) Old regions: 1->1
[2024-09-09T03:15:23.692+0800][info] GC(191) Archive regions: 2->2
[2024-09-09T03:15:23.692+0800][info] GC(191) Humongous regions: 20->20
[2024-09-09T03:15:23.692+0800][info] GC(191) Metaspace: 834K(1024K)->834K(1024K) NonClass: 781K(896K)->781K(896K) Class: 52K(128K)->52K(128K)
[2024-09-09T03:15:23.692+0800][info] GC(191) Pause Young (Concurrent Start) (WhiteBox Initiated Concurrent Mark) 85M->84M(128M) 0.527ms
[2024-09-09T03:15:23.692+0800][info] GC(191) User=0.00s Sys=0.00s Real=0.00s
[2024-09-09T03:15:23.692+0800][info] GC(192) Concurrent Mark Cycle
[2024-09-09T03:15:23.692+0800][info] GC(192) Concurrent Clear Claimed Marks
[2024-09-09T03:15:23.692+0800][info] GC(192) Concurrent Clear Claimed Marks 0.017ms
[2024-09-09T03:15:23.692+0800][info] GC(192) Concurrent Scan Root Regions
[2024-09-09T03:15:23.692+0800][info] GC(192) Concurrent Scan Root Regions 0.089ms
[2024-09-09T03:15:23.692+0800][info] GC(192) Concurrent Mark
[2024-09-09T03:15:23.692+0800][info] GC(192) Concurrent Mark From Roots
[2024-09-09T03:15:23.692+0800][info] GC(192) Using 12 workers of 12 for marking
[2024-09-09T03:15:23.694+0800][info] GC(192) Concurrent Mark From Roots 1.832ms
[2024-09-09T03:15:23.694+0800][info] GC(192) Concurrent Preclean
[2024-09-09T03:15:23.696+0800][info] GC(192) Concurrent Preclean 1.673ms
[2024-09-09T03:15:23.696+0800][info] GC(192) Pause Remark
[2024-09-09T03:15:23.697+0800][info] GC(192) Pause Remark 85M->53M(128M) 0.872ms
[2024-09-09T03:15:23.697+0800][info] GC(192) User=0.00s Sys=0.00s Real=0.01s
[2024-09-09T03:15:23.697+0800][info] GC(192) Concurrent Mark 4.495ms
[2024-09-09T03:15:23.697+0800][info] GC(192) Concurrent Rebuild Remembered Sets
[2024-09-09T03:15:23.702+0800][info] GC(192) Concurrent Rebuild Remembered Sets 5.096ms
[2024-09-09T03:15:23.702+0800][info] GC(192) Pause Cleanup
[2024-09-09T03:15:23.702+0800][info] GC(192) Pause Cleanup 53M->53M(128M) 0.125ms
[2024-09-09T03:15:23.702+0800][info] GC(192) User=0.00s Sys=0.00s Real=0.00s
[2024-09-09T03:15:23.702+0800][info] GC(192) Concurrent Cleanup for Next Mark
[2024-09-09T03:15:23.702+0800][info] GC(192) Concurrent Cleanup for Next Mark 0.234ms
[2024-09-09T03:15:23.702+0800][info] GC(192) Concurrent Mark Cycle 10.267ms
[2024-09-09T03:15:24.745+0800][info] GC(193) Pause Young (Concurrent Start) (WhiteBox Initiated Concurrent Mark)
[2024-09-09T03:15:24.746+0800][info] GC(193) Using 3 workers of 48 for evacuation
[2024-09-09T03:15:24.746+0800][info] GC(193)   Pre Evacuate Collection Set: 0.0ms
[2024-09-09T03:15:24.746+0800][info] GC(193)   Merge Heap Roots: 0.0ms
[2024-09-09T03:15:24.746+0800][info] GC(193)   Evacuate Collection Set: 0.3ms
[2024-09-09T03:15:24.746+0800][info] GC(193)   Post Evacuate Collection Set: 0.3ms
[2024-09-09T03:15:24.746+0800][info] GC(193)   Other: 0.2ms
[2024-09-09T03:15:24.746+0800][info] GC(193) Eden regions: 1->0(1)
[2024-09-09T03:15:24.746+0800][info] GC(193) Survivor regions: 1->1(1)
[2024-09-09T03:15:24.746+0800][info] GC(193) Old regions: 1->1
[2024-09-09T03:15:24.746+0800][info] GC(193) Archive regions: 2->2
[2024-09-09T03:15:24.746+0800][info] GC(193) Humongous regions: 12->12
[2024-09-09T03:15:24.746+0800][info] GC(193) Metaspace: 858K(1024K)->858K(1024K) NonClass: 803K(896K)->803K(896K) Class: 54K(128K)->54K(128K)
[2024-09-09T03:15:24.746+0800][info] GC(193) Pause Young (Concurrent Start) (WhiteBox Initiated Concurrent Mark) 53M->52M(128M) 0.940ms
[2024-09-09T03:15:24.746+0800][info] GC(193) User=0.00s Sys=0.00s Real=0.00s
[2024-09-09T03:15:24.746+0800][info] GC(194) Concurrent Mark Cycle
[2024-09-09T03:15:24.747+0800][info] GC(194) Concurrent Clear Claimed Marks
[2024-09-09T03:15:24.747+0800][info] GC(194) Concurrent Clear Claimed Marks 0.018ms
[2024-09-09T03:15:24.747+0800][info] GC(194) Concurrent Scan Root Regions
[2024-09-09T03:15:24.747+0800][info] GC(194) Concurrent Scan Root Regions 0.078ms
[2024-09-09T03:15:24.747+0800][info] GC(194) Concurrent Mark
[2024-09-09T03:15:24.747+0800][info] GC(194) Concurrent Mark From Roots
[2024-09-09T03:15:24.747+0800][info] GC(194) Using 12 workers of 12 for marking
[2024-09-09T03:15:24.749+0800][info] GC(194) Concurrent Mark From Roots 1.906ms
[2024-09-09T03:15:24.749+0800][info] GC(194) Concurrent Preclean
[2024-09-09T03:15:24.750+0800][info] GC(194) Concurrent Preclean 1.666ms
[2024-09-09T03:15:24.750+0800][info] GC(194) Pause Remark
[2024-09-09T03:15:24.751+0800][info] GC(194) Pause Remark 53M->53M(128M) 0.952ms
[2024-09-09T03:15:24.751+0800][info] GC(194) User=0.00s Sys=0.00s Real=0.00s
[2024-09-09T03:15:24.751+0800][info] GC(194) Concurrent Mark 4.852ms
[2024-09-09T03:15:24.752+0800][info] GC(194) Concurrent Rebuild Remembered Sets
[2024-09-09T03:15:24.755+0800][info] GC(194) Concurrent Rebuild Remembered Sets 3.550ms
[2024-09-09T03:15:24.755+0800][info] GC(194) Pause Cleanup
[2024-09-09T03:15:24.755+0800][info] GC(194) Pause Cleanup 53M->53M(128M) 0.119ms
[2024-09-09T03:15:24.755+0800][info] GC(194) User=0.00s Sys=0.00s Real=0.00s
[2024-09-09T03:15:24.755+0800][info] GC(194) Concurrent Cleanup for Next Mark
[2024-09-09T03:15:24.756+0800][info] GC(194) Concurrent Cleanup for Next Mark 0.272ms
[2024-09-09T03:15:24.756+0800][info] GC(194) Concurrent Mark Cycle 9.104ms
[2024-09-09T03:15:25.748+0800][info] Heap
[2024-09-09T03:15:25.748+0800][info]  garbage-first heap   total 131072K, used 54369K [0x00000000f8000000, 0x0000000100000000)
[2024-09-09T03:15:25.748+0800][info]   region size 4096K, 2 young (8192K), 1 survivors (4096K)
[2024-09-09T03:15:25.748+0800][info]  Metaspace       used 866K, committed 1024K, reserved 1114112K
[2024-09-09T03:15:25.748+0800][info]   class space    used 54K, committed 128K, reserved 1048576K
