[2024-09-08T06:28:31.164+0800][info] Using G1
[2024-09-08T06:28:31.166+0800][info] Version: 17.0.11-internal+0-adhoc.cxl.TencentKona-17-TencentKona-17.0.11 (release)
[2024-09-08T06:28:31.166+0800][info] CPUs: 72 total, 72 available
[2024-09-08T06:28:31.166+0800][info] Memory: 125G
[2024-09-08T06:28:31.166+0800][info] Large Page Support: Disabled
[2024-09-08T06:28:31.166+0800][info] NUMA Support: Disabled
[2024-09-08T06:28:31.166+0800][info] Compressed Oops: Enabled (32-bit)
[2024-09-08T06:28:31.166+0800][info] Heap Region Size: 4M
[2024-09-08T06:28:31.166+0800][info] Heap Min Capacity: 128M
[2024-09-08T06:28:31.166+0800][info] Heap Initial Capacity: 128M
[2024-09-08T06:28:31.166+0800][info] Heap Max Capacity: 128M
[2024-09-08T06:28:31.166+0800][info] Pre-touch: Disabled
[2024-09-08T06:28:31.166+0800][info] Parallel Workers: 48
[2024-09-08T06:28:31.166+0800][info] Concurrent Workers: 12
[2024-09-08T06:28:31.166+0800][info] Concurrent Refinement Workers: 48
[2024-09-08T06:28:31.166+0800][info] Periodic GC: Disabled
[2024-09-08T06:28:31.176+0800][info] CDS archive(s) mapped at: [0x00007559f7000000-0x00007559f7bc7000-0x00007559f7bc7000), size 12349440, SharedBaseAddress: 0x00007559f7000000, ArchiveRelocationMode: 1.
[2024-09-08T06:28:31.176+0800][info] Compressed class space mapped at: 0x00007559f8000000-0x0000755a38000000, reserved size: 1073741824
[2024-09-08T06:28:31.176+0800][info] Narrow klass base: 0x00007559f7000000, Narrow klass shift: 0, Narrow klass range: 0x100000000
[2024-09-08T06:28:31.238+0800][info] GC(0) Pause Young (Normal) (G1 Evacuation Pause)
[2024-09-08T06:28:31.238+0800][info] GC(0) Using 3 workers of 48 for evacuation
[2024-09-08T06:28:31.240+0800][info] GC(0)   Pre Evacuate Collection Set: 0.0ms
[2024-09-08T06:28:31.240+0800][info] GC(0)   Merge Heap Roots: 0.0ms
[2024-09-08T06:28:31.240+0800][info] GC(0)   Evacuate Collection Set: 1.9ms
[2024-09-08T06:28:31.241+0800][info] GC(0)   Post Evacuate Collection Set: 0.4ms
[2024-09-08T06:28:31.241+0800][info] GC(0)   Other: 0.3ms
[2024-09-08T06:28:31.241+0800][info] GC(0) Eden regions: 1->0(1)
[2024-09-08T06:28:31.241+0800][info] GC(0) Survivor regions: 0->1(1)
[2024-09-08T06:28:31.241+0800][info] GC(0) Old regions: 0->1
[2024-09-08T06:28:31.241+0800][info] GC(0) Archive regions: 2->2
[2024-09-08T06:28:31.241+0800][info] GC(0) Humongous regions: 0->0
[2024-09-08T06:28:31.241+0800][info] GC(0) Metaspace: 591K(704K)->591K(704K) NonClass: 540K(576K)->540K(576K) Class: 51K(128K)->51K(128K)
[2024-09-08T06:28:31.241+0800][info] GC(0) Pause Young (Normal) (G1 Evacuation Pause) 7M->7M(128M) 2.729ms
[2024-09-08T06:28:31.241+0800][info] GC(0) User=0.01s Sys=0.00s Real=0.00s
[2024-09-08T06:28:31.241+0800][info] GC(1) Pause Young (Normal) (G1 Evacuation Pause)
[2024-09-08T06:28:31.241+0800][info] GC(1) Using 3 workers of 48 for evacuation
[2024-09-08T06:28:31.245+0800][info] GC(1)   Pre Evacuate Collection Set: 0.0ms
[2024-09-08T06:28:31.245+0800][info] GC(1)   Merge Heap Roots: 0.0ms
[2024-09-08T06:28:31.245+0800][info] GC(1)   Evacuate Collection Set: 3.4ms
[2024-09-08T06:28:31.245+0800][info] GC(1)   Post Evacuate Collection Set: 0.1ms
[2024-09-08T06:28:31.245+0800][info] GC(1)   Other: 0.1ms
[2024-09-08T06:28:31.245+0800][info] GC(1) Eden regions: 1->0(1)
[2024-09-08T06:28:31.245+0800][info] GC(1) Survivor regions: 1->1(1)
[2024-09-08T06:28:31.245+0800][info] GC(1) Old regions: 1->1
[2024-09-08T06:28:31.245+0800][info] GC(1) Archive regions: 2->2
[2024-09-08T06:28:31.245+0800][info] GC(1) Humongous regions: 0->0
[2024-09-08T06:28:31.245+0800][info] GC(1) Metaspace: 591K(704K)->591K(704K) NonClass: 540K(576K)->540K(576K) Class: 51K(128K)->51K(128K)
[2024-09-08T06:28:31.245+0800][info] GC(1) Pause Young (Normal) (G1 Evacuation Pause) 11M->10M(128M) 3.638ms
[2024-09-08T06:28:31.245+0800][info] GC(1) User=0.02s Sys=0.00s Real=0.01s
[2024-09-08T06:28:31.245+0800][info] GC(2) Pause Young (Normal) (G1 Evacuation Pause)
[2024-09-08T06:28:31.245+0800][info] GC(2) Using 3 workers of 48 for evacuation
[2024-09-08T06:28:31.248+0800][info] GC(2)   Pre Evacuate Collection Set: 0.0ms
[2024-09-08T06:28:31.248+0800][info] GC(2)   Merge Heap Roots: 0.0ms
[2024-09-08T06:28:31.248+0800][info] GC(2)   Evacuate Collection Set: 2.0ms
[2024-09-08T06:28:31.248+0800][info] GC(2)   Post Evacuate Collection Set: 0.1ms
[2024-09-08T06:28:31.248+0800][info] GC(2)   Other: 0.0ms
[2024-09-08T06:28:31.248+0800][info] GC(2) Eden regions: 1->0(1)
[2024-09-08T06:28:31.248+0800][info] GC(2) Survivor regions: 1->1(1)
[2024-09-08T06:28:31.248+0800][info] GC(2) Old regions: 1->2
[2024-09-08T06:28:31.248+0800][info] GC(2) Archive regions: 2->2
[2024-09-08T06:28:31.248+0800][info] GC(2) Humongous regions: 0->0
[2024-09-08T06:28:31.248+0800][info] GC(2) Metaspace: 591K(704K)->591K(704K) NonClass: 540K(576K)->540K(576K) Class: 51K(128K)->51K(128K)
[2024-09-08T06:28:31.248+0800][info] GC(2) Pause Young (Normal) (G1 Evacuation Pause) 14M->14M(128M) 2.177ms
[2024-09-08T06:28:31.248+0800][info] GC(2) User=0.01s Sys=0.00s Real=0.00s
[2024-09-08T06:28:31.248+0800][info] GC(3) Pause Young (Normal) (G1 Evacuation Pause)
[2024-09-08T06:28:31.248+0800][info] GC(3) Using 3 workers of 48 for evacuation
[2024-09-08T06:28:31.250+0800][info] GC(3)   Pre Evacuate Collection Set: 0.0ms
[2024-09-08T06:28:31.250+0800][info] GC(3)   Merge Heap Roots: 0.0ms
[2024-09-08T06:28:31.250+0800][info] GC(3)   Evacuate Collection Set: 1.9ms
[2024-09-08T06:28:31.250+0800][info] GC(3)   Post Evacuate Collection Set: 0.1ms
[2024-09-08T06:28:31.250+0800][info] GC(3)   Other: 0.0ms
[2024-09-08T06:28:31.250+0800][info] GC(3) Eden regions: 1->0(2)
[2024-09-08T06:28:31.250+0800][info] GC(3) Survivor regions: 1->1(1)
[2024-09-08T06:28:31.250+0800][info] GC(3) Old regions: 2->3
[2024-09-08T06:28:31.250+0800][info] GC(3) Archive regions: 2->2
[2024-09-08T06:28:31.250+0800][info] GC(3) Humongous regions: 0->0
[2024-09-08T06:28:31.250+0800][info] GC(3) Metaspace: 591K(704K)->591K(704K) NonClass: 540K(576K)->540K(576K) Class: 51K(128K)->51K(128K)
[2024-09-08T06:28:31.250+0800][info] GC(3) Pause Young (Normal) (G1 Evacuation Pause) 18M->18M(128M) 2.130ms
[2024-09-08T06:28:31.250+0800][info] GC(3) User=0.00s Sys=0.00s Real=0.00s
[2024-09-08T06:28:31.251+0800][info] GC(4) Pause Young (Normal) (G1 Evacuation Pause)
[2024-09-08T06:28:31.251+0800][info] GC(4) Using 3 workers of 48 for evacuation
[2024-09-08T06:28:31.256+0800][info] GC(4)   Pre Evacuate Collection Set: 0.0ms
[2024-09-08T06:28:31.256+0800][info] GC(4)   Merge Heap Roots: 0.0ms
[2024-09-08T06:28:31.256+0800][info] GC(4)   Evacuate Collection Set: 4.9ms
[2024-09-08T06:28:31.256+0800][info] GC(4)   Post Evacuate Collection Set: 0.1ms
[2024-09-08T06:28:31.256+0800][info] GC(4)   Other: 0.0ms
[2024-09-08T06:28:31.256+0800][info] GC(4) Eden regions: 2->0(2)
[2024-09-08T06:28:31.256+0800][info] GC(4) Survivor regions: 1->1(1)
[2024-09-08T06:28:31.256+0800][info] GC(4) Old regions: 3->5
[2024-09-08T06:28:31.256+0800][info] GC(4) Archive regions: 2->2
[2024-09-08T06:28:31.256+0800][info] GC(4) Humongous regions: 0->0
[2024-09-08T06:28:31.256+0800][info] GC(4) Metaspace: 591K(704K)->591K(704K) NonClass: 540K(576K)->540K(576K) Class: 51K(128K)->51K(128K)
[2024-09-08T06:28:31.256+0800][info] GC(4) Pause Young (Normal) (G1 Evacuation Pause) 26M->27M(128M) 5.119ms
[2024-09-08T06:28:31.256+0800][info] GC(4) User=0.01s Sys=0.01s Real=0.00s
[2024-09-08T06:28:31.257+0800][info] GC(5) Pause Young (Normal) (G1 Evacuation Pause)
[2024-09-08T06:28:31.257+0800][info] GC(5) Using 3 workers of 48 for evacuation
[2024-09-08T06:28:31.261+0800][info] GC(5)   Pre Evacuate Collection Set: 0.0ms
[2024-09-08T06:28:31.261+0800][info] GC(5)   Merge Heap Roots: 0.0ms
[2024-09-08T06:28:31.261+0800][info] GC(5)   Evacuate Collection Set: 3.6ms
[2024-09-08T06:28:31.261+0800][info] GC(5)   Post Evacuate Collection Set: 0.1ms
[2024-09-08T06:28:31.261+0800][info] GC(5)   Other: 0.0ms
[2024-09-08T06:28:31.261+0800][info] GC(5) Eden regions: 2->0(2)
[2024-09-08T06:28:31.261+0800][info] GC(5) Survivor regions: 1->1(1)
[2024-09-08T06:28:31.261+0800][info] GC(5) Old regions: 5->7
[2024-09-08T06:28:31.261+0800][info] GC(5) Archive regions: 2->2
[2024-09-08T06:28:31.261+0800][info] GC(5) Humongous regions: 0->0
[2024-09-08T06:28:31.261+0800][info] GC(5) Metaspace: 591K(704K)->591K(704K) NonClass: 540K(576K)->540K(576K) Class: 51K(128K)->51K(128K)
[2024-09-08T06:28:31.261+0800][info] GC(5) Pause Young (Normal) (G1 Evacuation Pause) 34M->35M(128M) 3.858ms
[2024-09-08T06:28:31.261+0800][info] GC(5) User=0.00s Sys=0.01s Real=0.00s
[2024-09-08T06:28:31.262+0800][info] GC(6) Pause Young (Normal) (G1 Evacuation Pause)
[2024-09-08T06:28:31.262+0800][info] GC(6) Using 3 workers of 48 for evacuation
[2024-09-08T06:28:31.266+0800][info] GC(6)   Pre Evacuate Collection Set: 0.0ms
[2024-09-08T06:28:31.266+0800][info] GC(6)   Merge Heap Roots: 0.0ms
[2024-09-08T06:28:31.266+0800][info] GC(6)   Evacuate Collection Set: 3.6ms
[2024-09-08T06:28:31.266+0800][info] GC(6)   Post Evacuate Collection Set: 0.1ms
[2024-09-08T06:28:31.266+0800][info] GC(6)   Other: 0.0ms
[2024-09-08T06:28:31.266+0800][info] GC(6) Eden regions: 2->0(3)
[2024-09-08T06:28:31.266+0800][info] GC(6) Survivor regions: 1->1(1)
[2024-09-08T06:28:31.266+0800][info] GC(6) Old regions: 7->9
[2024-09-08T06:28:31.266+0800][info] GC(6) Archive regions: 2->2
[2024-09-08T06:28:31.266+0800][info] GC(6) Humongous regions: 0->0
[2024-09-08T06:28:31.266+0800][info] GC(6) Metaspace: 591K(704K)->591K(704K) NonClass: 540K(576K)->540K(576K) Class: 51K(128K)->51K(128K)
[2024-09-08T06:28:31.266+0800][info] GC(6) Pause Young (Normal) (G1 Evacuation Pause) 42M->43M(128M) 3.813ms
[2024-09-08T06:28:31.266+0800][info] GC(6) User=0.00s Sys=0.00s Real=0.01s
[2024-09-08T06:28:31.268+0800][info] GC(7) Pause Young (Normal) (G1 Evacuation Pause)
[2024-09-08T06:28:31.268+0800][info] GC(7) Using 3 workers of 48 for evacuation
[2024-09-08T06:28:31.274+0800][info] GC(7)   Pre Evacuate Collection Set: 0.0ms
[2024-09-08T06:28:31.274+0800][info] GC(7)   Merge Heap Roots: 0.0ms
[2024-09-08T06:28:31.274+0800][info] GC(7)   Evacuate Collection Set: 6.5ms
[2024-09-08T06:28:31.274+0800][info] GC(7)   Post Evacuate Collection Set: 0.1ms
[2024-09-08T06:28:31.274+0800][info] GC(7)   Other: 0.0ms
[2024-09-08T06:28:31.274+0800][info] GC(7) Eden regions: 3->0(4)
[2024-09-08T06:28:31.274+0800][info] GC(7) Survivor regions: 1->1(1)
[2024-09-08T06:28:31.274+0800][info] GC(7) Old regions: 9->12
[2024-09-08T06:28:31.274+0800][info] GC(7) Archive regions: 2->2
[2024-09-08T06:28:31.274+0800][info] GC(7) Humongous regions: 0->0
[2024-09-08T06:28:31.274+0800][info] GC(7) Metaspace: 591K(704K)->591K(704K) NonClass: 540K(576K)->540K(576K) Class: 51K(128K)->51K(128K)
[2024-09-08T06:28:31.274+0800][info] GC(7) Pause Young (Normal) (G1 Evacuation Pause) 54M->55M(128M) 6.766ms
[2024-09-08T06:28:31.274+0800][info] GC(7) User=0.01s Sys=0.02s Real=0.00s
[2024-09-08T06:28:31.277+0800][info] GC(8) Pause Young (Normal) (G1 Evacuation Pause)
[2024-09-08T06:28:31.277+0800][info] GC(8) Using 3 workers of 48 for evacuation
[2024-09-08T06:28:31.285+0800][info] GC(8)   Pre Evacuate Collection Set: 0.0ms
[2024-09-08T06:28:31.285+0800][info] GC(8)   Merge Heap Roots: 0.0ms
[2024-09-08T06:28:31.285+0800][info] GC(8)   Evacuate Collection Set: 8.1ms
[2024-09-08T06:28:31.285+0800][info] GC(8)   Post Evacuate Collection Set: 0.1ms
[2024-09-08T06:28:31.285+0800][info] GC(8)   Other: 0.1ms
[2024-09-08T06:28:31.285+0800][info] GC(8) Eden regions: 4->0(3)
[2024-09-08T06:28:31.285+0800][info] GC(8) Survivor regions: 1->1(1)
[2024-09-08T06:28:31.285+0800][info] GC(8) Old regions: 12->16
[2024-09-08T06:28:31.285+0800][info] GC(8) Archive regions: 2->2
[2024-09-08T06:28:31.285+0800][info] GC(8) Humongous regions: 0->0
[2024-09-08T06:28:31.285+0800][info] GC(8) Metaspace: 591K(704K)->591K(704K) NonClass: 540K(576K)->540K(576K) Class: 51K(128K)->51K(128K)
[2024-09-08T06:28:31.285+0800][info] GC(8) Pause Young (Normal) (G1 Evacuation Pause) 70M->71M(128M) 8.331ms
[2024-09-08T06:28:31.285+0800][info] GC(8) User=0.00s Sys=0.03s Real=0.01s
[2024-09-08T06:28:31.287+0800][info] GC(9) Pause Young (Concurrent Start) (G1 Evacuation Pause)
[2024-09-08T06:28:31.287+0800][info] GC(9) Using 3 workers of 48 for evacuation
[2024-09-08T06:28:31.293+0800][info] GC(9)   Pre Evacuate Collection Set: 0.0ms
[2024-09-08T06:28:31.293+0800][info] GC(9)   Merge Heap Roots: 0.0ms
[2024-09-08T06:28:31.293+0800][info] GC(9)   Evacuate Collection Set: 5.3ms
[2024-09-08T06:28:31.293+0800][info] GC(9)   Post Evacuate Collection Set: 0.2ms
[2024-09-08T06:28:31.293+0800][info] GC(9)   Other: 0.5ms
[2024-09-08T06:28:31.293+0800][info] GC(9) Eden regions: 3->0(2)
[2024-09-08T06:28:31.293+0800][info] GC(9) Survivor regions: 1->1(1)
[2024-09-08T06:28:31.293+0800][info] GC(9) Old regions: 16->19
[2024-09-08T06:28:31.293+0800][info] GC(9) Archive regions: 2->2
[2024-09-08T06:28:31.293+0800][info] GC(9) Humongous regions: 0->0
[2024-09-08T06:28:31.293+0800][info] GC(9) Metaspace: 591K(704K)->591K(704K) NonClass: 540K(576K)->540K(576K) Class: 51K(128K)->51K(128K)
[2024-09-08T06:28:31.293+0800][info] GC(9) Pause Young (Concurrent Start) (G1 Evacuation Pause) 82M->83M(128M) 6.077ms
[2024-09-08T06:28:31.293+0800][info] GC(9) User=0.00s Sys=0.01s Real=0.00s
[2024-09-08T06:28:31.293+0800][info] GC(10) Concurrent Mark Cycle
[2024-09-08T06:28:31.293+0800][info] GC(10) Concurrent Clear Claimed Marks
[2024-09-08T06:28:31.293+0800][info] GC(10) Concurrent Clear Claimed Marks 0.018ms
[2024-09-08T06:28:31.293+0800][info] GC(10) Concurrent Scan Root Regions
[2024-09-08T06:28:31.296+0800][info] GC(10) Concurrent Scan Root Regions 2.789ms
[2024-09-08T06:28:31.296+0800][info] GC(10) Concurrent Mark
[2024-09-08T06:28:31.296+0800][info] GC(10) Concurrent Mark From Roots
[2024-09-08T06:28:31.297+0800][info] GC(10) Using 12 workers of 12 for marking
[2024-09-08T06:28:31.300+0800][info] GC(10) Concurrent Mark From Roots 3.767ms
[2024-09-08T06:28:31.300+0800][info] GC(10) Concurrent Preclean
[2024-09-08T06:28:31.301+0800][info] GC(10) Concurrent Preclean 1.783ms
[2024-09-08T06:28:31.302+0800][info] GC(10) Pause Remark
[2024-09-08T06:28:31.302+0800][info] GC(10) Pause Remark 85M->85M(128M) 0.618ms
[2024-09-08T06:28:31.302+0800][info] GC(10) User=0.00s Sys=0.00s Real=0.00s
[2024-09-08T06:28:31.302+0800][info] GC(10) Concurrent Mark 6.306ms
[2024-09-08T06:28:31.302+0800][info] GC(10) Concurrent Rebuild Remembered Sets
[2024-09-08T06:28:31.302+0800][info] GC(10) Concurrent Rebuild Remembered Sets 0.018ms
[2024-09-08T06:28:31.302+0800][info] GC(10) Pause Cleanup
[2024-09-08T06:28:31.302+0800][info] GC(10) Pause Cleanup 85M->85M(128M) 0.012ms
[2024-09-08T06:28:31.302+0800][info] GC(10) User=0.00s Sys=0.00s Real=0.00s
[2024-09-08T06:28:31.302+0800][info] GC(10) Concurrent Cleanup for Next Mark
[2024-09-08T06:28:31.303+0800][info] GC(10) Concurrent Cleanup for Next Mark 0.915ms
[2024-09-08T06:28:31.303+0800][info] GC(10) Concurrent Mark Cycle 10.320ms
[2024-09-08T06:28:32.301+0800][info] GC(11) Pause Young (Concurrent Start) (G1 Humongous Allocation)
[2024-09-08T06:28:32.301+0800][info] GC(11) Using 3 workers of 48 for evacuation
[2024-09-08T06:28:32.305+0800][info] GC(11)   Pre Evacuate Collection Set: 0.1ms
[2024-09-08T06:28:32.305+0800][info] GC(11)   Merge Heap Roots: 0.0ms
[2024-09-08T06:28:32.305+0800][info] GC(11)   Evacuate Collection Set: 2.5ms
[2024-09-08T06:28:32.305+0800][info] GC(11)   Post Evacuate Collection Set: 0.7ms
[2024-09-08T06:28:32.305+0800][info] GC(11)   Other: 0.3ms
[2024-09-08T06:28:32.305+0800][info] GC(11) Eden regions: 1->0(2)
[2024-09-08T06:28:32.305+0800][info] GC(11) Survivor regions: 1->1(1)
[2024-09-08T06:28:32.305+0800][info] GC(11) Old regions: 19->20
[2024-09-08T06:28:32.305+0800][info] GC(11) Archive regions: 2->2
[2024-09-08T06:28:32.305+0800][info] GC(11) Humongous regions: 0->0
[2024-09-08T06:28:32.305+0800][info] GC(11) Metaspace: 649K(832K)->649K(832K) NonClass: 592K(704K)->592K(704K) Class: 56K(128K)->56K(128K)
[2024-09-08T06:28:32.305+0800][info] GC(11) Pause Young (Concurrent Start) (G1 Humongous Allocation) 85M->85M(128M) 3.747ms
[2024-09-08T06:28:32.305+0800][info] GC(11) User=0.01s Sys=0.00s Real=0.01s
[2024-09-08T06:28:32.305+0800][info] GC(12) Concurrent Mark Cycle
[2024-09-08T06:28:32.305+0800][info] GC(12) Concurrent Clear Claimed Marks
[2024-09-08T06:28:32.305+0800][info] GC(12) Concurrent Clear Claimed Marks 0.022ms
[2024-09-08T06:28:32.305+0800][info] GC(12) Concurrent Scan Root Regions
[2024-09-08T06:28:32.306+0800][info] GC(12) Concurrent Scan Root Regions 0.513ms
[2024-09-08T06:28:32.306+0800][info] GC(12) Concurrent Mark
[2024-09-08T06:28:32.306+0800][info] GC(12) Concurrent Mark From Roots
[2024-09-08T06:28:32.306+0800][info] GC(12) Using 12 workers of 12 for marking
[2024-09-08T06:28:32.306+0800][info] GC(13) Pause Young (Normal) (G1 Humongous Allocation)
[2024-09-08T06:28:32.306+0800][info] GC(13) Using 3 workers of 48 for evacuation
[2024-09-08T06:28:32.308+0800][info] GC(13)   Pre Evacuate Collection Set: 0.6ms
[2024-09-08T06:28:32.308+0800][info] GC(13)   Merge Heap Roots: 0.0ms
[2024-09-08T06:28:32.308+0800][info] GC(13)   Evacuate Collection Set: 1.7ms
[2024-09-08T06:28:32.308+0800][info] GC(13)   Post Evacuate Collection Set: 0.2ms
[2024-09-08T06:28:32.308+0800][info] GC(13)   Other: 0.2ms
[2024-09-08T06:28:32.308+0800][info] GC(13) Eden regions: 0->0(2)
[2024-09-08T06:28:32.308+0800][info] GC(13) Survivor regions: 1->0(1)
[2024-09-08T06:28:32.308+0800][info] GC(13) Old regions: 20->21
[2024-09-08T06:28:32.308+0800][info] GC(13) Archive regions: 2->2
[2024-09-08T06:28:32.308+0800][info] GC(13) Humongous regions: 0->0
[2024-09-08T06:28:32.308+0800][info] GC(13) Metaspace: 649K(832K)->649K(832K) NonClass: 592K(704K)->592K(704K) Class: 56K(128K)->56K(128K)
[2024-09-08T06:28:32.308+0800][info] GC(13) Pause Young (Normal) (G1 Humongous Allocation) 85M->85M(128M) 2.346ms
[2024-09-08T06:28:32.308+0800][info] GC(13) User=0.00s Sys=0.01s Real=0.00s
[2024-09-08T06:28:32.308+0800][info] Attempting full compaction
[2024-09-08T06:28:32.308+0800][info] GC(14) Using 1 workers of 48 for full compaction
[2024-09-08T06:28:32.308+0800][info] GC(14) Pause Full (G1 Compaction Pause)
[2024-09-08T06:28:32.309+0800][info] GC(14) Phase 1: Mark live objects
[2024-09-08T06:28:32.312+0800][info] GC(14) Phase 1: Mark live objects 3.408ms
[2024-09-08T06:28:32.312+0800][info] GC(14) Phase 2: Prepare for compaction
[2024-09-08T06:28:32.314+0800][info] GC(14) Phase 2: Prepare for compaction 1.403ms
[2024-09-08T06:28:32.314+0800][info] GC(14) Phase 3: Adjust pointers
[2024-09-08T06:28:32.315+0800][info] GC(14) Phase 3: Adjust pointers 1.771ms
[2024-09-08T06:28:32.315+0800][info] GC(14) Phase 4: Compact heap
[2024-09-08T06:28:32.316+0800][info] GC(14) Phase 4: Compact heap 0.847ms
[2024-09-08T06:28:32.317+0800][info] GC(14) Eden regions: 0->0(8)
[2024-09-08T06:28:32.317+0800][info] GC(14) Survivor regions: 0->0(1)
[2024-09-08T06:28:32.317+0800][info] GC(14) Old regions: 21->1
[2024-09-08T06:28:32.317+0800][info] GC(14) Archive regions: 2->2
[2024-09-08T06:28:32.317+0800][info] GC(14) Humongous regions: 0->0
[2024-09-08T06:28:32.318+0800][info] GC(14) Metaspace: 649K(832K)->649K(832K) NonClass: 592K(704K)->592K(704K) Class: 56K(128K)->56K(128K)
[2024-09-08T06:28:32.318+0800][info] GC(14) Pause Full (G1 Compaction Pause) 85M->4M(128M) 9.175ms
[2024-09-08T06:28:32.318+0800][info] GC(14) User=0.01s Sys=0.00s Real=0.01s
[2024-09-08T06:28:32.318+0800][info] GC(12) Concurrent Mark From Roots 12.015ms
[2024-09-08T06:28:32.318+0800][info] GC(12) Concurrent Mark Abort
[2024-09-08T06:28:32.318+0800][info] GC(12) Concurrent Mark Cycle 12.756ms
[2024-09-08T06:28:32.328+0800][info] GC(15) Pause Young (Concurrent Start) (G1 Humongous Allocation)
[2024-09-08T06:28:32.328+0800][info] GC(15) Using 3 workers of 48 for evacuation
[2024-09-08T06:28:32.329+0800][info] GC(15)   Pre Evacuate Collection Set: 0.1ms
[2024-09-08T06:28:32.329+0800][info] GC(15)   Merge Heap Roots: 0.0ms
[2024-09-08T06:28:32.329+0800][info] GC(15)   Evacuate Collection Set: 0.2ms
[2024-09-08T06:28:32.329+0800][info] GC(15)   Post Evacuate Collection Set: 0.2ms
[2024-09-08T06:28:32.329+0800][info] GC(15)   Other: 0.3ms
[2024-09-08T06:28:32.329+0800][info] GC(15) Eden regions: 1->0(1)
[2024-09-08T06:28:32.329+0800][info] GC(15) Survivor regions: 0->1(1)
[2024-09-08T06:28:32.329+0800][info] GC(15) Old regions: 1->1
[2024-09-08T06:28:32.329+0800][info] GC(15) Archive regions: 2->2
[2024-09-08T06:28:32.329+0800][info] GC(15) Humongous regions: 11->0
[2024-09-08T06:28:32.329+0800][info] GC(15) Metaspace: 649K(832K)->649K(832K) NonClass: 592K(704K)->592K(704K) Class: 56K(128K)->56K(128K)
[2024-09-08T06:28:32.329+0800][info] GC(15) Pause Young (Concurrent Start) (G1 Humongous Allocation) 49M->4M(128M) 1.039ms
[2024-09-08T06:28:32.329+0800][info] GC(15) User=0.00s Sys=0.00s Real=0.00s
[2024-09-08T06:28:32.329+0800][info] GC(16) Concurrent Undo Cycle
[2024-09-08T06:28:32.329+0800][info] GC(16) Concurrent Cleanup for Next Mark
[2024-09-08T06:28:32.329+0800][info] GC(16) Concurrent Cleanup for Next Mark 0.158ms
[2024-09-08T06:28:32.329+0800][info] GC(16) Concurrent Undo Cycle 0.240ms
[2024-09-08T06:28:32.339+0800][info] GC(17) Pause Young (Concurrent Start) (G1 Humongous Allocation)
[2024-09-08T06:28:32.339+0800][info] GC(17) Using 3 workers of 48 for evacuation
[2024-09-08T06:28:32.340+0800][info] GC(17)   Pre Evacuate Collection Set: 0.1ms
[2024-09-08T06:28:32.340+0800][info] GC(17)   Merge Heap Roots: 0.0ms
[2024-09-08T06:28:32.340+0800][info] GC(17)   Evacuate Collection Set: 0.3ms
[2024-09-08T06:28:32.340+0800][info] GC(17)   Post Evacuate Collection Set: 0.2ms
[2024-09-08T06:28:32.340+0800][info] GC(17)   Other: 0.3ms
[2024-09-08T06:28:32.340+0800][info] GC(17) Eden regions: 1->0(1)
[2024-09-08T06:28:32.340+0800][info] GC(17) Survivor regions: 1->1(1)
[2024-09-08T06:28:32.340+0800][info] GC(17) Old regions: 1->1
[2024-09-08T06:28:32.340+0800][info] GC(17) Archive regions: 2->2
[2024-09-08T06:28:32.340+0800][info] GC(17) Humongous regions: 11->0
[2024-09-08T06:28:32.340+0800][info] GC(17) Metaspace: 649K(832K)->649K(832K) NonClass: 592K(704K)->592K(704K) Class: 56K(128K)->56K(128K)
[2024-09-08T06:28:32.340+0800][info] GC(17) Pause Young (Concurrent Start) (G1 Humongous Allocation) 49M->4M(128M) 1.027ms
[2024-09-08T06:28:32.340+0800][info] GC(17) User=0.00s Sys=0.00s Real=0.00s
[2024-09-08T06:28:32.340+0800][info] GC(18) Concurrent Undo Cycle
[2024-09-08T06:28:32.340+0800][info] GC(18) Concurrent Cleanup for Next Mark
[2024-09-08T06:28:32.340+0800][info] GC(18) Concurrent Cleanup for Next Mark 0.280ms
[2024-09-08T06:28:32.340+0800][info] GC(18) Concurrent Undo Cycle 0.366ms
[2024-09-08T06:28:32.349+0800][info] GC(19) Pause Young (Concurrent Start) (G1 Humongous Allocation)
[2024-09-08T06:28:32.349+0800][info] GC(19) Using 3 workers of 48 for evacuation
[2024-09-08T06:28:32.350+0800][info] GC(19)   Pre Evacuate Collection Set: 0.1ms
[2024-09-08T06:28:32.350+0800][info] GC(19)   Merge Heap Roots: 0.0ms
[2024-09-08T06:28:32.350+0800][info] GC(19)   Evacuate Collection Set: 0.2ms
[2024-09-08T06:28:32.350+0800][info] GC(19)   Post Evacuate Collection Set: 0.2ms
[2024-09-08T06:28:32.350+0800][info] GC(19)   Other: 0.3ms
[2024-09-08T06:28:32.350+0800][info] GC(19) Eden regions: 1->0(1)
[2024-09-08T06:28:32.350+0800][info] GC(19) Survivor regions: 1->1(1)
[2024-09-08T06:28:32.350+0800][info] GC(19) Old regions: 1->1
[2024-09-08T06:28:32.350+0800][info] GC(19) Archive regions: 2->2
[2024-09-08T06:28:32.350+0800][info] GC(19) Humongous regions: 11->0
[2024-09-08T06:28:32.350+0800][info] GC(19) Metaspace: 649K(832K)->649K(832K) NonClass: 592K(704K)->592K(704K) Class: 56K(128K)->56K(128K)
[2024-09-08T06:28:32.350+0800][info] GC(19) Pause Young (Concurrent Start) (G1 Humongous Allocation) 49M->4M(128M) 0.983ms
[2024-09-08T06:28:32.350+0800][info] GC(19) User=0.01s Sys=0.00s Real=0.00s
[2024-09-08T06:28:32.351+0800][info] GC(20) Concurrent Undo Cycle
[2024-09-08T06:28:32.351+0800][info] GC(20) Concurrent Cleanup for Next Mark
[2024-09-08T06:28:32.351+0800][info] GC(20) Concurrent Cleanup for Next Mark 0.390ms
[2024-09-08T06:28:32.351+0800][info] GC(20) Concurrent Undo Cycle 0.473ms
[2024-09-08T06:28:32.360+0800][info] GC(21) Pause Young (Concurrent Start) (G1 Humongous Allocation)
[2024-09-08T06:28:32.360+0800][info] GC(21) Using 3 workers of 48 for evacuation
[2024-09-08T06:28:32.361+0800][info] GC(21)   Pre Evacuate Collection Set: 0.1ms
[2024-09-08T06:28:32.361+0800][info] GC(21)   Merge Heap Roots: 0.0ms
[2024-09-08T06:28:32.361+0800][info] GC(21)   Evacuate Collection Set: 0.3ms
[2024-09-08T06:28:32.361+0800][info] GC(21)   Post Evacuate Collection Set: 0.2ms
[2024-09-08T06:28:32.361+0800][info] GC(21)   Other: 0.2ms
[2024-09-08T06:28:32.361+0800][info] GC(21) Eden regions: 1->0(1)
[2024-09-08T06:28:32.361+0800][info] GC(21) Survivor regions: 1->1(1)
[2024-09-08T06:28:32.361+0800][info] GC(21) Old regions: 1->1
[2024-09-08T06:28:32.361+0800][info] GC(21) Archive regions: 2->2
[2024-09-08T06:28:32.361+0800][info] GC(21) Humongous regions: 11->0
[2024-09-08T06:28:32.361+0800][info] GC(21) Metaspace: 649K(832K)->649K(832K) NonClass: 592K(704K)->592K(704K) Class: 56K(128K)->56K(128K)
[2024-09-08T06:28:32.361+0800][info] GC(21) Pause Young (Concurrent Start) (G1 Humongous Allocation) 49M->4M(128M) 1.035ms
[2024-09-08T06:28:32.361+0800][info] GC(21) User=0.00s Sys=0.00s Real=0.00s
[2024-09-08T06:28:32.361+0800][info] GC(22) Concurrent Undo Cycle
[2024-09-08T06:28:32.361+0800][info] GC(22) Concurrent Cleanup for Next Mark
[2024-09-08T06:28:32.362+0800][info] GC(22) Concurrent Cleanup for Next Mark 0.374ms
[2024-09-08T06:28:32.362+0800][info] GC(22) Concurrent Undo Cycle 0.464ms
[2024-09-08T06:28:32.371+0800][info] GC(23) Pause Young (Concurrent Start) (G1 Humongous Allocation)
[2024-09-08T06:28:32.371+0800][info] GC(23) Using 3 workers of 48 for evacuation
[2024-09-08T06:28:32.372+0800][info] GC(23)   Pre Evacuate Collection Set: 0.1ms
[2024-09-08T06:28:32.372+0800][info] GC(23)   Merge Heap Roots: 0.0ms
[2024-09-08T06:28:32.372+0800][info] GC(23)   Evacuate Collection Set: 0.2ms
[2024-09-08T06:28:32.372+0800][info] GC(23)   Post Evacuate Collection Set: 0.2ms
[2024-09-08T06:28:32.372+0800][info] GC(23)   Other: 0.2ms
[2024-09-08T06:28:32.372+0800][info] GC(23) Eden regions: 1->0(1)
[2024-09-08T06:28:32.372+0800][info] GC(23) Survivor regions: 1->1(1)
[2024-09-08T06:28:32.372+0800][info] GC(23) Old regions: 1->1
[2024-09-08T06:28:32.372+0800][info] GC(23) Archive regions: 2->2
[2024-09-08T06:28:32.372+0800][info] GC(23) Humongous regions: 11->0
[2024-09-08T06:28:32.372+0800][info] GC(23) Metaspace: 649K(832K)->649K(832K) NonClass: 592K(704K)->592K(704K) Class: 56K(128K)->56K(128K)
[2024-09-08T06:28:32.372+0800][info] GC(23) Pause Young (Concurrent Start) (G1 Humongous Allocation) 49M->4M(128M) 0.897ms
[2024-09-08T06:28:32.372+0800][info] GC(23) User=0.00s Sys=0.00s Real=0.00s
[2024-09-08T06:28:32.372+0800][info] GC(24) Concurrent Undo Cycle
[2024-09-08T06:28:32.372+0800][info] GC(24) Concurrent Cleanup for Next Mark
[2024-09-08T06:28:32.372+0800][info] GC(24) Concurrent Cleanup for Next Mark 0.351ms
[2024-09-08T06:28:32.372+0800][info] GC(24) Concurrent Undo Cycle 0.437ms
[2024-09-08T06:28:32.381+0800][info] GC(25) Pause Young (Concurrent Start) (G1 Humongous Allocation)
[2024-09-08T06:28:32.382+0800][info] GC(25) Using 3 workers of 48 for evacuation
[2024-09-08T06:28:32.382+0800][info] GC(25)   Pre Evacuate Collection Set: 0.1ms
[2024-09-08T06:28:32.382+0800][info] GC(25)   Merge Heap Roots: 0.0ms
[2024-09-08T06:28:32.382+0800][info] GC(25)   Evacuate Collection Set: 0.2ms
[2024-09-08T06:28:32.382+0800][info] GC(25)   Post Evacuate Collection Set: 0.2ms
[2024-09-08T06:28:32.382+0800][info] GC(25)   Other: 0.2ms
[2024-09-08T06:28:32.382+0800][info] GC(25) Eden regions: 1->0(1)
[2024-09-08T06:28:32.382+0800][info] GC(25) Survivor regions: 1->1(1)
[2024-09-08T06:28:32.382+0800][info] GC(25) Old regions: 1->1
[2024-09-08T06:28:32.382+0800][info] GC(25) Archive regions: 2->2
[2024-09-08T06:28:32.382+0800][info] GC(25) Humongous regions: 11->0
[2024-09-08T06:28:32.382+0800][info] GC(25) Metaspace: 649K(832K)->649K(832K) NonClass: 592K(704K)->592K(704K) Class: 56K(128K)->56K(128K)
[2024-09-08T06:28:32.382+0800][info] GC(25) Pause Young (Concurrent Start) (G1 Humongous Allocation) 49M->4M(128M) 0.903ms
[2024-09-08T06:28:32.382+0800][info] GC(25) User=0.00s Sys=0.00s Real=0.00s
[2024-09-08T06:28:32.382+0800][info] GC(26) Concurrent Undo Cycle
[2024-09-08T06:28:32.382+0800][info] GC(26) Concurrent Cleanup for Next Mark
[2024-09-08T06:28:32.383+0800][info] GC(26) Concurrent Cleanup for Next Mark 0.319ms
[2024-09-08T06:28:32.383+0800][info] GC(26) Concurrent Undo Cycle 0.370ms
[2024-09-08T06:28:32.392+0800][info] GC(27) Pause Young (Concurrent Start) (G1 Humongous Allocation)
[2024-09-08T06:28:32.392+0800][info] GC(27) Using 3 workers of 48 for evacuation
[2024-09-08T06:28:32.393+0800][info] GC(27)   Pre Evacuate Collection Set: 0.0ms
[2024-09-08T06:28:32.393+0800][info] GC(27)   Merge Heap Roots: 0.0ms
[2024-09-08T06:28:32.393+0800][info] GC(27)   Evacuate Collection Set: 0.2ms
[2024-09-08T06:28:32.393+0800][info] GC(27)   Post Evacuate Collection Set: 0.2ms
[2024-09-08T06:28:32.393+0800][info] GC(27)   Other: 0.2ms
[2024-09-08T06:28:32.393+0800][info] GC(27) Eden regions: 1->0(1)
[2024-09-08T06:28:32.393+0800][info] GC(27) Survivor regions: 1->1(1)
[2024-09-08T06:28:32.393+0800][info] GC(27) Old regions: 1->1
[2024-09-08T06:28:32.393+0800][info] GC(27) Archive regions: 2->2
[2024-09-08T06:28:32.393+0800][info] GC(27) Humongous regions: 11->0
[2024-09-08T06:28:32.393+0800][info] GC(27) Metaspace: 650K(832K)->650K(832K) NonClass: 593K(704K)->593K(704K) Class: 56K(128K)->56K(128K)
[2024-09-08T06:28:32.393+0800][info] GC(27) Pause Young (Concurrent Start) (G1 Humongous Allocation) 49M->4M(128M) 0.872ms
[2024-09-08T06:28:32.393+0800][info] GC(27) User=0.00s Sys=0.00s Real=0.00s
[2024-09-08T06:28:32.393+0800][info] GC(28) Concurrent Undo Cycle
[2024-09-08T06:28:32.393+0800][info] GC(28) Concurrent Cleanup for Next Mark
[2024-09-08T06:28:32.393+0800][info] GC(28) Concurrent Cleanup for Next Mark 0.240ms
[2024-09-08T06:28:32.393+0800][info] GC(28) Concurrent Undo Cycle 0.293ms
[2024-09-08T06:28:32.403+0800][info] GC(29) Pause Young (Concurrent Start) (G1 Humongous Allocation)
[2024-09-08T06:28:32.403+0800][info] GC(29) Using 3 workers of 48 for evacuation
[2024-09-08T06:28:32.403+0800][info] GC(29)   Pre Evacuate Collection Set: 0.1ms
[2024-09-08T06:28:32.403+0800][info] GC(29)   Merge Heap Roots: 0.0ms
[2024-09-08T06:28:32.403+0800][info] GC(29)   Evacuate Collection Set: 0.2ms
[2024-09-08T06:28:32.403+0800][info] GC(29)   Post Evacuate Collection Set: 0.2ms
[2024-09-08T06:28:32.403+0800][info] GC(29)   Other: 0.2ms
[2024-09-08T06:28:32.403+0800][info] GC(29) Eden regions: 1->0(1)
[2024-09-08T06:28:32.403+0800][info] GC(29) Survivor regions: 1->1(1)
[2024-09-08T06:28:32.403+0800][info] GC(29) Old regions: 1->1
[2024-09-08T06:28:32.403+0800][info] GC(29) Archive regions: 2->2
[2024-09-08T06:28:32.403+0800][info] GC(29) Humongous regions: 11->0
[2024-09-08T06:28:32.404+0800][info] GC(29) Metaspace: 650K(832K)->650K(832K) NonClass: 593K(704K)->593K(704K) Class: 56K(128K)->56K(128K)
[2024-09-08T06:28:32.404+0800][info] GC(29) Pause Young (Concurrent Start) (G1 Humongous Allocation) 49M->4M(128M) 0.856ms
[2024-09-08T06:28:32.404+0800][info] GC(29) User=0.00s Sys=0.00s Real=0.00s
[2024-09-08T06:28:32.404+0800][info] GC(30) Concurrent Undo Cycle
[2024-09-08T06:28:32.404+0800][info] GC(30) Concurrent Cleanup for Next Mark
[2024-09-08T06:28:32.404+0800][info] GC(30) Concurrent Cleanup for Next Mark 0.290ms
[2024-09-08T06:28:32.404+0800][info] GC(30) Concurrent Undo Cycle 0.378ms
[2024-09-08T06:28:32.413+0800][info] GC(31) Pause Young (Concurrent Start) (G1 Humongous Allocation)
[2024-09-08T06:28:32.413+0800][info] GC(31) Using 3 workers of 48 for evacuation
[2024-09-08T06:28:32.414+0800][info] GC(31)   Pre Evacuate Collection Set: 0.1ms
[2024-09-08T06:28:32.414+0800][info] GC(31)   Merge Heap Roots: 0.0ms
[2024-09-08T06:28:32.414+0800][info] GC(31)   Evacuate Collection Set: 0.2ms
[2024-09-08T06:28:32.414+0800][info] GC(31)   Post Evacuate Collection Set: 0.2ms
[2024-09-08T06:28:32.414+0800][info] GC(31)   Other: 0.2ms
[2024-09-08T06:28:32.414+0800][info] GC(31) Eden regions: 1->0(1)
[2024-09-08T06:28:32.414+0800][info] GC(31) Survivor regions: 1->1(1)
[2024-09-08T06:28:32.414+0800][info] GC(31) Old regions: 1->1
[2024-09-08T06:28:32.414+0800][info] GC(31) Archive regions: 2->2
[2024-09-08T06:28:32.414+0800][info] GC(31) Humongous regions: 11->0
[2024-09-08T06:28:32.414+0800][info] GC(31) Metaspace: 650K(832K)->650K(832K) NonClass: 593K(704K)->593K(704K) Class: 56K(128K)->56K(128K)
[2024-09-08T06:28:32.414+0800][info] GC(31) Pause Young (Concurrent Start) (G1 Humongous Allocation) 49M->4M(128M) 0.850ms
[2024-09-08T06:28:32.414+0800][info] GC(31) User=0.00s Sys=0.00s Real=0.00s
[2024-09-08T06:28:32.414+0800][info] GC(32) Concurrent Undo Cycle
[2024-09-08T06:28:32.414+0800][info] GC(32) Concurrent Cleanup for Next Mark
[2024-09-08T06:28:32.415+0800][info] GC(32) Concurrent Cleanup for Next Mark 0.357ms
[2024-09-08T06:28:32.415+0800][info] GC(32) Concurrent Undo Cycle 0.411ms
[2024-09-08T06:28:32.425+0800][info] GC(33) Pause Young (Normal) (G1 Evacuation Pause)
[2024-09-08T06:28:32.425+0800][info] GC(33) Using 3 workers of 48 for evacuation
[2024-09-08T06:28:32.426+0800][info] GC(33)   Pre Evacuate Collection Set: 0.1ms
[2024-09-08T06:28:32.426+0800][info] GC(33)   Merge Heap Roots: 0.0ms
[2024-09-08T06:28:32.426+0800][info] GC(33)   Evacuate Collection Set: 0.5ms
[2024-09-08T06:28:32.426+0800][info] GC(33)   Post Evacuate Collection Set: 0.2ms
[2024-09-08T06:28:32.426+0800][info] GC(33)   Other: 0.1ms
[2024-09-08T06:28:32.426+0800][info] GC(33) Eden regions: 1->0(1)
[2024-09-08T06:28:32.426+0800][info] GC(33) Survivor regions: 1->1(1)
[2024-09-08T06:28:32.426+0800][info] GC(33) Old regions: 1->1
[2024-09-08T06:28:32.426+0800][info] GC(33) Archive regions: 2->2
[2024-09-08T06:28:32.426+0800][info] GC(33) Humongous regions: 11->0
[2024-09-08T06:28:32.426+0800][info] GC(33) Metaspace: 652K(832K)->652K(832K) NonClass: 595K(704K)->595K(704K) Class: 56K(128K)->56K(128K)
[2024-09-08T06:28:32.426+0800][info] GC(33) Pause Young (Normal) (G1 Evacuation Pause) 52M->8M(128M) 1.083ms
[2024-09-08T06:28:32.426+0800][info] GC(33) User=0.00s Sys=0.00s Real=0.00s
[2024-09-08T06:28:32.427+0800][info] GC(34) Pause Young (Normal) (G1 Evacuation Pause)
[2024-09-08T06:28:32.427+0800][info] GC(34) Using 3 workers of 48 for evacuation
[2024-09-08T06:28:32.429+0800][info] GC(34)   Pre Evacuate Collection Set: 0.0ms
[2024-09-08T06:28:32.429+0800][info] GC(34)   Merge Heap Roots: 0.0ms
[2024-09-08T06:28:32.429+0800][info] GC(34)   Evacuate Collection Set: 1.3ms
[2024-09-08T06:28:32.429+0800][info] GC(34)   Post Evacuate Collection Set: 0.1ms
[2024-09-08T06:28:32.429+0800][info] GC(34)   Other: 0.1ms
[2024-09-08T06:28:32.429+0800][info] GC(34) Eden regions: 1->0(1)
[2024-09-08T06:28:32.429+0800][info] GC(34) Survivor regions: 1->1(1)
[2024-09-08T06:28:32.429+0800][info] GC(34) Old regions: 1->2
[2024-09-08T06:28:32.429+0800][info] GC(34) Archive regions: 2->2
[2024-09-08T06:28:32.429+0800][info] GC(34) Humongous regions: 0->0
[2024-09-08T06:28:32.429+0800][info] GC(34) Metaspace: 652K(832K)->652K(832K) NonClass: 595K(704K)->595K(704K) Class: 56K(128K)->56K(128K)
[2024-09-08T06:28:32.429+0800][info] GC(34) Pause Young (Normal) (G1 Evacuation Pause) 12M->12M(128M) 1.763ms
[2024-09-08T06:28:32.429+0800][info] GC(34) User=0.00s Sys=0.00s Real=0.00s
[2024-09-08T06:28:32.430+0800][info] GC(35) Pause Young (Normal) (G1 Evacuation Pause)
[2024-09-08T06:28:32.430+0800][info] GC(35) Using 3 workers of 48 for evacuation
[2024-09-08T06:28:32.431+0800][info] GC(35)   Pre Evacuate Collection Set: 0.0ms
[2024-09-08T06:28:32.431+0800][info] GC(35)   Merge Heap Roots: 0.0ms
[2024-09-08T06:28:32.431+0800][info] GC(35)   Evacuate Collection Set: 1.1ms
[2024-09-08T06:28:32.431+0800][info] GC(35)   Post Evacuate Collection Set: 0.1ms
[2024-09-08T06:28:32.431+0800][info] GC(35)   Other: 0.1ms
[2024-09-08T06:28:32.431+0800][info] GC(35) Eden regions: 1->0(1)
[2024-09-08T06:28:32.431+0800][info] GC(35) Survivor regions: 1->1(1)
[2024-09-08T06:28:32.431+0800][info] GC(35) Old regions: 2->3
[2024-09-08T06:28:32.431+0800][info] GC(35) Archive regions: 2->2
[2024-09-08T06:28:32.431+0800][info] GC(35) Humongous regions: 0->0
[2024-09-08T06:28:32.431+0800][info] GC(35) Metaspace: 652K(832K)->652K(832K) NonClass: 595K(704K)->595K(704K) Class: 56K(128K)->56K(128K)
[2024-09-08T06:28:32.431+0800][info] GC(35) Pause Young (Normal) (G1 Evacuation Pause) 16M->16M(128M) 1.502ms
[2024-09-08T06:28:32.431+0800][info] GC(35) User=0.00s Sys=0.00s Real=0.00s
[2024-09-08T06:28:32.432+0800][info] GC(36) Pause Young (Normal) (G1 Evacuation Pause)
[2024-09-08T06:28:32.432+0800][info] GC(36) Using 3 workers of 48 for evacuation
[2024-09-08T06:28:32.434+0800][info] GC(36)   Pre Evacuate Collection Set: 0.0ms
[2024-09-08T06:28:32.434+0800][info] GC(36)   Merge Heap Roots: 0.0ms
[2024-09-08T06:28:32.434+0800][info] GC(36)   Evacuate Collection Set: 1.1ms
[2024-09-08T06:28:32.434+0800][info] GC(36)   Post Evacuate Collection Set: 0.1ms
[2024-09-08T06:28:32.434+0800][info] GC(36)   Other: 0.1ms
[2024-09-08T06:28:32.434+0800][info] GC(36) Eden regions: 1->0(1)
[2024-09-08T06:28:32.434+0800][info] GC(36) Survivor regions: 1->1(1)
[2024-09-08T06:28:32.434+0800][info] GC(36) Old regions: 3->4
[2024-09-08T06:28:32.434+0800][info] GC(36) Archive regions: 2->2
[2024-09-08T06:28:32.434+0800][info] GC(36) Humongous regions: 0->0
[2024-09-08T06:28:32.434+0800][info] GC(36) Metaspace: 652K(832K)->652K(832K) NonClass: 595K(704K)->595K(704K) Class: 56K(128K)->56K(128K)
[2024-09-08T06:28:32.434+0800][info] GC(36) Pause Young (Normal) (G1 Evacuation Pause) 20M->20M(128M) 1.543ms
[2024-09-08T06:28:32.434+0800][info] GC(36) User=0.01s Sys=0.00s Real=0.00s
[2024-09-08T06:28:32.435+0800][info] GC(37) Pause Young (Normal) (G1 Evacuation Pause)
[2024-09-08T06:28:32.435+0800][info] GC(37) Using 3 workers of 48 for evacuation
[2024-09-08T06:28:32.436+0800][info] GC(37)   Pre Evacuate Collection Set: 0.0ms
[2024-09-08T06:28:32.436+0800][info] GC(37)   Merge Heap Roots: 0.0ms
[2024-09-08T06:28:32.436+0800][info] GC(37)   Evacuate Collection Set: 1.1ms
[2024-09-08T06:28:32.436+0800][info] GC(37)   Post Evacuate Collection Set: 0.1ms
[2024-09-08T06:28:32.436+0800][info] GC(37)   Other: 0.1ms
[2024-09-08T06:28:32.436+0800][info] GC(37) Eden regions: 1->0(1)
[2024-09-08T06:28:32.436+0800][info] GC(37) Survivor regions: 1->1(1)
[2024-09-08T06:28:32.436+0800][info] GC(37) Old regions: 4->5
[2024-09-08T06:28:32.436+0800][info] GC(37) Archive regions: 2->2
[2024-09-08T06:28:32.436+0800][info] GC(37) Humongous regions: 0->0
[2024-09-08T06:28:32.436+0800][info] GC(37) Metaspace: 652K(832K)->652K(832K) NonClass: 595K(704K)->595K(704K) Class: 56K(128K)->56K(128K)
[2024-09-08T06:28:32.436+0800][info] GC(37) Pause Young (Normal) (G1 Evacuation Pause) 24M->24M(128M) 1.520ms
[2024-09-08T06:28:32.436+0800][info] GC(37) User=0.00s Sys=0.00s Real=0.00s
[2024-09-08T06:28:32.437+0800][info] GC(38) Pause Young (Normal) (G1 Evacuation Pause)
[2024-09-08T06:28:32.437+0800][info] GC(38) Using 3 workers of 48 for evacuation
[2024-09-08T06:28:32.439+0800][info] GC(38)   Pre Evacuate Collection Set: 0.0ms
[2024-09-08T06:28:32.439+0800][info] GC(38)   Merge Heap Roots: 0.0ms
[2024-09-08T06:28:32.439+0800][info] GC(38)   Evacuate Collection Set: 1.1ms
[2024-09-08T06:28:32.439+0800][info] GC(38)   Post Evacuate Collection Set: 0.1ms
[2024-09-08T06:28:32.439+0800][info] GC(38)   Other: 0.1ms
[2024-09-08T06:28:32.439+0800][info] GC(38) Eden regions: 1->0(1)
[2024-09-08T06:28:32.439+0800][info] GC(38) Survivor regions: 1->1(1)
[2024-09-08T06:28:32.439+0800][info] GC(38) Old regions: 5->6
[2024-09-08T06:28:32.439+0800][info] GC(38) Archive regions: 2->2
[2024-09-08T06:28:32.439+0800][info] GC(38) Humongous regions: 0->0
[2024-09-08T06:28:32.439+0800][info] GC(38) Metaspace: 652K(832K)->652K(832K) NonClass: 595K(704K)->595K(704K) Class: 56K(128K)->56K(128K)
[2024-09-08T06:28:32.439+0800][info] GC(38) Pause Young (Normal) (G1 Evacuation Pause) 28M->28M(128M) 1.483ms
[2024-09-08T06:28:32.439+0800][info] GC(38) User=0.01s Sys=0.00s Real=0.00s
[2024-09-08T06:28:32.440+0800][info] GC(39) Pause Young (Normal) (G1 Evacuation Pause)
[2024-09-08T06:28:32.440+0800][info] GC(39) Using 3 workers of 48 for evacuation
[2024-09-08T06:28:32.441+0800][info] GC(39)   Pre Evacuate Collection Set: 0.0ms
[2024-09-08T06:28:32.441+0800][info] GC(39)   Merge Heap Roots: 0.0ms
[2024-09-08T06:28:32.441+0800][info] GC(39)   Evacuate Collection Set: 1.1ms
[2024-09-08T06:28:32.441+0800][info] GC(39)   Post Evacuate Collection Set: 0.1ms
[2024-09-08T06:28:32.441+0800][info] GC(39)   Other: 0.1ms
[2024-09-08T06:28:32.441+0800][info] GC(39) Eden regions: 1->0(1)
[2024-09-08T06:28:32.441+0800][info] GC(39) Survivor regions: 1->1(1)
[2024-09-08T06:28:32.441+0800][info] GC(39) Old regions: 6->7
[2024-09-08T06:28:32.441+0800][info] GC(39) Archive regions: 2->2
[2024-09-08T06:28:32.441+0800][info] GC(39) Humongous regions: 0->0
[2024-09-08T06:28:32.441+0800][info] GC(39) Metaspace: 652K(832K)->652K(832K) NonClass: 595K(704K)->595K(704K) Class: 56K(128K)->56K(128K)
[2024-09-08T06:28:32.441+0800][info] GC(39) Pause Young (Normal) (G1 Evacuation Pause) 32M->32M(128M) 1.548ms
[2024-09-08T06:28:32.441+0800][info] GC(39) User=0.00s Sys=0.00s Real=0.00s
[2024-09-08T06:28:32.442+0800][info] GC(40) Pause Young (Normal) (G1 Evacuation Pause)
[2024-09-08T06:28:32.442+0800][info] GC(40) Using 3 workers of 48 for evacuation
[2024-09-08T06:28:32.444+0800][info] GC(40)   Pre Evacuate Collection Set: 0.0ms
[2024-09-08T06:28:32.444+0800][info] GC(40)   Merge Heap Roots: 0.0ms
[2024-09-08T06:28:32.444+0800][info] GC(40)   Evacuate Collection Set: 1.1ms
[2024-09-08T06:28:32.444+0800][info] GC(40)   Post Evacuate Collection Set: 0.1ms
[2024-09-08T06:28:32.444+0800][info] GC(40)   Other: 0.1ms
[2024-09-08T06:28:32.444+0800][info] GC(40) Eden regions: 1->0(1)
[2024-09-08T06:28:32.444+0800][info] GC(40) Survivor regions: 1->1(1)
[2024-09-08T06:28:32.444+0800][info] GC(40) Old regions: 7->8
[2024-09-08T06:28:32.444+0800][info] GC(40) Archive regions: 2->2
[2024-09-08T06:28:32.444+0800][info] GC(40) Humongous regions: 0->0
[2024-09-08T06:28:32.444+0800][info] GC(40) Metaspace: 652K(832K)->652K(832K) NonClass: 595K(704K)->595K(704K) Class: 56K(128K)->56K(128K)
[2024-09-08T06:28:32.444+0800][info] GC(40) Pause Young (Normal) (G1 Evacuation Pause) 36M->36M(128M) 1.509ms
[2024-09-08T06:28:32.444+0800][info] GC(40) User=0.01s Sys=0.00s Real=0.00s
[2024-09-08T06:28:32.445+0800][info] GC(41) Pause Young (Normal) (G1 Evacuation Pause)
[2024-09-08T06:28:32.445+0800][info] GC(41) Using 3 workers of 48 for evacuation
[2024-09-08T06:28:32.446+0800][info] GC(41)   Pre Evacuate Collection Set: 0.0ms
[2024-09-08T06:28:32.446+0800][info] GC(41)   Merge Heap Roots: 0.0ms
[2024-09-08T06:28:32.446+0800][info] GC(41)   Evacuate Collection Set: 1.1ms
[2024-09-08T06:28:32.446+0800][info] GC(41)   Post Evacuate Collection Set: 0.1ms
[2024-09-08T06:28:32.446+0800][info] GC(41)   Other: 0.1ms
[2024-09-08T06:28:32.446+0800][info] GC(41) Eden regions: 1->0(1)
[2024-09-08T06:28:32.446+0800][info] GC(41) Survivor regions: 1->1(1)
[2024-09-08T06:28:32.446+0800][info] GC(41) Old regions: 8->9
[2024-09-08T06:28:32.446+0800][info] GC(41) Archive regions: 2->2
[2024-09-08T06:28:32.446+0800][info] GC(41) Humongous regions: 0->0
[2024-09-08T06:28:32.446+0800][info] GC(41) Metaspace: 652K(832K)->652K(832K) NonClass: 595K(704K)->595K(704K) Class: 56K(128K)->56K(128K)
[2024-09-08T06:28:32.446+0800][info] GC(41) Pause Young (Normal) (G1 Evacuation Pause) 40M->40M(128M) 1.523ms
[2024-09-08T06:28:32.446+0800][info] GC(41) User=0.00s Sys=0.00s Real=0.01s
[2024-09-08T06:28:32.447+0800][info] GC(42) Pause Young (Normal) (G1 Evacuation Pause)
[2024-09-08T06:28:32.447+0800][info] GC(42) Using 3 workers of 48 for evacuation
[2024-09-08T06:28:32.448+0800][info] GC(42)   Pre Evacuate Collection Set: 0.0ms
[2024-09-08T06:28:32.448+0800][info] GC(42)   Merge Heap Roots: 0.0ms
[2024-09-08T06:28:32.448+0800][info] GC(42)   Evacuate Collection Set: 1.1ms
[2024-09-08T06:28:32.448+0800][info] GC(42)   Post Evacuate Collection Set: 0.1ms
[2024-09-08T06:28:32.449+0800][info] GC(42)   Other: 0.1ms
[2024-09-08T06:28:32.449+0800][info] GC(42) Eden regions: 1->0(1)
[2024-09-08T06:28:32.449+0800][info] GC(42) Survivor regions: 1->1(1)
[2024-09-08T06:28:32.449+0800][info] GC(42) Old regions: 9->10
[2024-09-08T06:28:32.449+0800][info] GC(42) Archive regions: 2->2
[2024-09-08T06:28:32.449+0800][info] GC(42) Humongous regions: 0->0
[2024-09-08T06:28:32.449+0800][info] GC(42) Metaspace: 652K(832K)->652K(832K) NonClass: 595K(704K)->595K(704K) Class: 56K(128K)->56K(128K)
[2024-09-08T06:28:32.449+0800][info] GC(42) Pause Young (Normal) (G1 Evacuation Pause) 44M->44M(128M) 1.547ms
[2024-09-08T06:28:32.449+0800][info] GC(42) User=0.01s Sys=0.00s Real=0.00s
[2024-09-08T06:28:32.450+0800][info] GC(43) Pause Young (Normal) (G1 Evacuation Pause)
[2024-09-08T06:28:32.450+0800][info] GC(43) Using 3 workers of 48 for evacuation
[2024-09-08T06:28:32.451+0800][info] GC(43)   Pre Evacuate Collection Set: 0.0ms
[2024-09-08T06:28:32.451+0800][info] GC(43)   Merge Heap Roots: 0.0ms
[2024-09-08T06:28:32.451+0800][info] GC(43)   Evacuate Collection Set: 1.1ms
[2024-09-08T06:28:32.451+0800][info] GC(43)   Post Evacuate Collection Set: 0.2ms
[2024-09-08T06:28:32.451+0800][info] GC(43)   Other: 0.1ms
[2024-09-08T06:28:32.451+0800][info] GC(43) Eden regions: 1->0(1)
[2024-09-08T06:28:32.451+0800][info] GC(43) Survivor regions: 1->1(1)
[2024-09-08T06:28:32.451+0800][info] GC(43) Old regions: 10->11
[2024-09-08T06:28:32.451+0800][info] GC(43) Archive regions: 2->2
[2024-09-08T06:28:32.451+0800][info] GC(43) Humongous regions: 0->0
[2024-09-08T06:28:32.451+0800][info] GC(43) Metaspace: 652K(832K)->652K(832K) NonClass: 595K(704K)->595K(704K) Class: 56K(128K)->56K(128K)
[2024-09-08T06:28:32.451+0800][info] GC(43) Pause Young (Normal) (G1 Evacuation Pause) 48M->48M(128M) 1.625ms
[2024-09-08T06:28:32.451+0800][info] GC(43) User=0.00s Sys=0.00s Real=0.00s
[2024-09-08T06:28:32.452+0800][info] GC(44) Pause Young (Normal) (G1 Evacuation Pause)
[2024-09-08T06:28:32.452+0800][info] GC(44) Using 3 workers of 48 for evacuation
[2024-09-08T06:28:32.454+0800][info] GC(44)   Pre Evacuate Collection Set: 0.0ms
[2024-09-08T06:28:32.454+0800][info] GC(44)   Merge Heap Roots: 0.0ms
[2024-09-08T06:28:32.454+0800][info] GC(44)   Evacuate Collection Set: 1.1ms
[2024-09-08T06:28:32.454+0800][info] GC(44)   Post Evacuate Collection Set: 0.1ms
[2024-09-08T06:28:32.454+0800][info] GC(44)   Other: 0.1ms
[2024-09-08T06:28:32.454+0800][info] GC(44) Eden regions: 1->0(1)
[2024-09-08T06:28:32.454+0800][info] GC(44) Survivor regions: 1->1(1)
[2024-09-08T06:28:32.454+0800][info] GC(44) Old regions: 11->12
[2024-09-08T06:28:32.454+0800][info] GC(44) Archive regions: 2->2
[2024-09-08T06:28:32.454+0800][info] GC(44) Humongous regions: 0->0
[2024-09-08T06:28:32.454+0800][info] GC(44) Metaspace: 652K(832K)->652K(832K) NonClass: 595K(704K)->595K(704K) Class: 56K(128K)->56K(128K)
[2024-09-08T06:28:32.454+0800][info] GC(44) Pause Young (Normal) (G1 Evacuation Pause) 52M->52M(128M) 1.544ms
[2024-09-08T06:28:32.454+0800][info] GC(44) User=0.01s Sys=0.00s Real=0.00s
[2024-09-08T06:28:32.455+0800][info] GC(45) Pause Young (Normal) (G1 Evacuation Pause)
[2024-09-08T06:28:32.455+0800][info] GC(45) Using 3 workers of 48 for evacuation
[2024-09-08T06:28:32.456+0800][info] GC(45)   Pre Evacuate Collection Set: 0.0ms
[2024-09-08T06:28:32.456+0800][info] GC(45)   Merge Heap Roots: 0.0ms
[2024-09-08T06:28:32.456+0800][info] GC(45)   Evacuate Collection Set: 1.1ms
[2024-09-08T06:28:32.456+0800][info] GC(45)   Post Evacuate Collection Set: 0.1ms
[2024-09-08T06:28:32.456+0800][info] GC(45)   Other: 0.1ms
[2024-09-08T06:28:32.456+0800][info] GC(45) Eden regions: 1->0(1)
[2024-09-08T06:28:32.456+0800][info] GC(45) Survivor regions: 1->1(1)
[2024-09-08T06:28:32.456+0800][info] GC(45) Old regions: 12->13
[2024-09-08T06:28:32.456+0800][info] GC(45) Archive regions: 2->2
[2024-09-08T06:28:32.456+0800][info] GC(45) Humongous regions: 0->0
[2024-09-08T06:28:32.456+0800][info] GC(45) Metaspace: 652K(832K)->652K(832K) NonClass: 595K(704K)->595K(704K) Class: 56K(128K)->56K(128K)
[2024-09-08T06:28:32.456+0800][info] GC(45) Pause Young (Normal) (G1 Evacuation Pause) 56M->56M(128M) 1.466ms
[2024-09-08T06:28:32.456+0800][info] GC(45) User=0.00s Sys=0.00s Real=0.00s
[2024-09-08T06:28:32.457+0800][info] GC(46) Pause Young (Concurrent Start) (G1 Evacuation Pause)
[2024-09-08T06:28:32.457+0800][info] GC(46) Using 3 workers of 48 for evacuation
[2024-09-08T06:28:32.459+0800][info] GC(46)   Pre Evacuate Collection Set: 0.0ms
[2024-09-08T06:28:32.459+0800][info] GC(46)   Merge Heap Roots: 0.0ms
[2024-09-08T06:28:32.459+0800][info] GC(46)   Evacuate Collection Set: 1.1ms
[2024-09-08T06:28:32.459+0800][info] GC(46)   Post Evacuate Collection Set: 0.1ms
[2024-09-08T06:28:32.459+0800][info] GC(46)   Other: 0.2ms
[2024-09-08T06:28:32.459+0800][info] GC(46) Eden regions: 1->0(1)
[2024-09-08T06:28:32.459+0800][info] GC(46) Survivor regions: 1->1(1)
[2024-09-08T06:28:32.459+0800][info] GC(46) Old regions: 13->14
[2024-09-08T06:28:32.459+0800][info] GC(46) Archive regions: 2->2
[2024-09-08T06:28:32.459+0800][info] GC(46) Humongous regions: 0->0
[2024-09-08T06:28:32.459+0800][info] GC(46) Metaspace: 652K(832K)->652K(832K) NonClass: 595K(704K)->595K(704K) Class: 56K(128K)->56K(128K)
[2024-09-08T06:28:32.459+0800][info] GC(46) Pause Young (Concurrent Start) (G1 Evacuation Pause) 60M->60M(128M) 1.709ms
[2024-09-08T06:28:32.459+0800][info] GC(46) User=0.01s Sys=0.00s Real=0.00s
[2024-09-08T06:28:32.459+0800][info] GC(47) Concurrent Mark Cycle
[2024-09-08T06:28:32.459+0800][info] GC(47) Concurrent Clear Claimed Marks
[2024-09-08T06:28:32.459+0800][info] GC(47) Concurrent Clear Claimed Marks 0.014ms
[2024-09-08T06:28:32.459+0800][info] GC(47) Concurrent Scan Root Regions
[2024-09-08T06:28:32.459+0800][info] GC(47) Concurrent Scan Root Regions 0.266ms
[2024-09-08T06:28:32.459+0800][info] GC(47) Concurrent Mark
[2024-09-08T06:28:32.459+0800][info] GC(47) Concurrent Mark From Roots
[2024-09-08T06:28:32.459+0800][info] GC(47) Using 12 workers of 12 for marking
[2024-09-08T06:28:32.460+0800][info] GC(48) Pause Young (Normal) (G1 Evacuation Pause)
[2024-09-08T06:28:32.460+0800][info] GC(48) Using 3 workers of 48 for evacuation
[2024-09-08T06:28:32.461+0800][info] GC(48)   Pre Evacuate Collection Set: 0.1ms
[2024-09-08T06:28:32.461+0800][info] GC(48)   Merge Heap Roots: 0.0ms
[2024-09-08T06:28:32.461+0800][info] GC(48)   Evacuate Collection Set: 0.9ms
[2024-09-08T06:28:32.461+0800][info] GC(48)   Post Evacuate Collection Set: 0.2ms
[2024-09-08T06:28:32.461+0800][info] GC(48)   Other: 0.2ms
[2024-09-08T06:28:32.461+0800][info] GC(48) Eden regions: 1->0(1)
[2024-09-08T06:28:32.461+0800][info] GC(48) Survivor regions: 1->1(1)
[2024-09-08T06:28:32.461+0800][info] GC(48) Old regions: 14->15
[2024-09-08T06:28:32.462+0800][info] GC(48) Archive regions: 2->2
[2024-09-08T06:28:32.462+0800][info] GC(48) Humongous regions: 0->0
[2024-09-08T06:28:32.462+0800][info] GC(48) Metaspace: 652K(832K)->652K(832K) NonClass: 595K(704K)->595K(704K) Class: 56K(128K)->56K(128K)
[2024-09-08T06:28:32.462+0800][info] GC(48) Pause Young (Normal) (G1 Evacuation Pause) 64M->64M(128M) 1.512ms
[2024-09-08T06:28:32.462+0800][info] GC(48) User=0.01s Sys=0.00s Real=0.00s
[2024-09-08T06:28:32.464+0800][info] GC(49) Pause Young (Normal) (G1 Evacuation Pause)
[2024-09-08T06:28:32.464+0800][info] GC(49) Using 3 workers of 48 for evacuation
[2024-09-08T06:28:32.465+0800][info] GC(49)   Pre Evacuate Collection Set: 0.0ms
[2024-09-08T06:28:32.465+0800][info] GC(49)   Merge Heap Roots: 0.0ms
[2024-09-08T06:28:32.465+0800][info] GC(49)   Evacuate Collection Set: 0.8ms
[2024-09-08T06:28:32.465+0800][info] GC(49)   Post Evacuate Collection Set: 0.2ms
[2024-09-08T06:28:32.465+0800][info] GC(49)   Other: 0.1ms
[2024-09-08T06:28:32.465+0800][info] GC(49) Eden regions: 1->0(3)
[2024-09-08T06:28:32.465+0800][info] GC(49) Survivor regions: 1->1(1)
[2024-09-08T06:28:32.465+0800][info] GC(49) Old regions: 15->16
[2024-09-08T06:28:32.465+0800][info] GC(49) Archive regions: 2->2
[2024-09-08T06:28:32.465+0800][info] GC(49) Humongous regions: 0->0
[2024-09-08T06:28:32.465+0800][info] GC(49) Metaspace: 652K(832K)->652K(832K) NonClass: 595K(704K)->595K(704K) Class: 56K(128K)->56K(128K)
[2024-09-08T06:28:32.465+0800][info] GC(49) Pause Young (Normal) (G1 Evacuation Pause) 68M->68M(128M) 1.414ms
[2024-09-08T06:28:32.465+0800][info] GC(49) User=0.00s Sys=0.00s Real=0.01s
[2024-09-08T06:28:32.468+0800][info] GC(47) Concurrent Mark From Roots 8.371ms
[2024-09-08T06:28:32.468+0800][info] GC(47) Concurrent Preclean
[2024-09-08T06:28:32.469+0800][info] GC(50) Pause Young (Normal) (G1 Evacuation Pause)
[2024-09-08T06:28:32.469+0800][info] GC(50) Using 3 workers of 48 for evacuation
[2024-09-08T06:28:32.471+0800][info] GC(50)   Pre Evacuate Collection Set: 0.0ms
[2024-09-08T06:28:32.471+0800][info] GC(50)   Merge Heap Roots: 0.0ms
[2024-09-08T06:28:32.471+0800][info] GC(50)   Evacuate Collection Set: 2.2ms
[2024-09-08T06:28:32.471+0800][info] GC(50)   Post Evacuate Collection Set: 0.2ms
[2024-09-08T06:28:32.471+0800][info] GC(50)   Other: 0.1ms
[2024-09-08T06:28:32.471+0800][info] GC(50) Eden regions: 3->0(2)
[2024-09-08T06:28:32.471+0800][info] GC(50) Survivor regions: 1->1(1)
[2024-09-08T06:28:32.471+0800][info] GC(50) Old regions: 16->19
[2024-09-08T06:28:32.471+0800][info] GC(50) Archive regions: 2->2
[2024-09-08T06:28:32.472+0800][info] GC(50) Humongous regions: 0->0
[2024-09-08T06:28:32.472+0800][info] GC(50) Metaspace: 652K(832K)->652K(832K) NonClass: 595K(704K)->595K(704K) Class: 56K(128K)->56K(128K)
[2024-09-08T06:28:32.472+0800][info] GC(50) Pause Young (Normal) (G1 Evacuation Pause) 80M->80M(128M) 2.751ms
[2024-09-08T06:28:32.472+0800][info] GC(50) User=0.01s Sys=0.00s Real=0.00s
[2024-09-08T06:28:32.472+0800][info] GC(47) Concurrent Preclean 4.273ms
[2024-09-08T06:28:32.472+0800][info] GC(47) Pause Remark
[2024-09-08T06:28:32.473+0800][info] GC(47) Pause Remark 82M->82M(128M) 1.094ms
[2024-09-08T06:28:32.473+0800][info] GC(47) User=0.00s Sys=0.00s Real=0.00s
[2024-09-08T06:28:32.473+0800][info] GC(47) Concurrent Mark 13.990ms
[2024-09-08T06:28:32.473+0800][info] GC(47) Concurrent Rebuild Remembered Sets
[2024-09-08T06:28:32.473+0800][info] GC(47) Concurrent Rebuild Remembered Sets 0.011ms
[2024-09-08T06:28:32.473+0800][info] GC(47) Pause Cleanup
[2024-09-08T06:28:32.473+0800][info] GC(47) Pause Cleanup 82M->82M(128M) 0.023ms
[2024-09-08T06:28:32.473+0800][info] GC(47) User=0.00s Sys=0.00s Real=0.00s
[2024-09-08T06:28:32.473+0800][info] GC(47) Concurrent Cleanup for Next Mark
[2024-09-08T06:28:32.474+0800][info] GC(47) Concurrent Cleanup for Next Mark 0.252ms
[2024-09-08T06:28:32.474+0800][info] GC(47) Concurrent Mark Cycle 14.816ms
[2024-09-08T06:28:32.477+0800][info] GC(51) Pause Young (Normal) (G1 Evacuation Pause)
[2024-09-08T06:28:32.477+0800][info] GC(51) Using 3 workers of 48 for evacuation
[2024-09-08T06:28:32.480+0800][info] GC(51)   Pre Evacuate Collection Set: 0.1ms
[2024-09-08T06:28:32.480+0800][info] GC(51)   Merge Heap Roots: 0.0ms
[2024-09-08T06:28:32.480+0800][info] GC(51)   Evacuate Collection Set: 2.4ms
[2024-09-08T06:28:32.480+0800][info] GC(51)   Post Evacuate Collection Set: 0.2ms
[2024-09-08T06:28:32.480+0800][info] GC(51)   Other: 0.1ms
[2024-09-08T06:28:32.480+0800][info] GC(51) Eden regions: 2->0(1)
[2024-09-08T06:28:32.480+0800][info] GC(51) Survivor regions: 1->1(1)
[2024-09-08T06:28:32.480+0800][info] GC(51) Old regions: 19->21
[2024-09-08T06:28:32.480+0800][info] GC(51) Archive regions: 2->2
[2024-09-08T06:28:32.480+0800][info] GC(51) Humongous regions: 0->0
[2024-09-08T06:28:32.480+0800][info] GC(51) Metaspace: 654K(832K)->654K(832K) NonClass: 597K(704K)->597K(704K) Class: 56K(128K)->56K(128K)
[2024-09-08T06:28:32.480+0800][info] GC(51) Pause Young (Normal) (G1 Evacuation Pause) 88M->88M(128M) 3.065ms
[2024-09-08T06:28:32.481+0800][info] GC(51) User=0.00s Sys=0.00s Real=0.00s
[2024-09-08T06:28:32.481+0800][info] GC(52) Pause Young (Concurrent Start) (G1 Evacuation Pause)
[2024-09-08T06:28:32.481+0800][info] GC(52) Using 3 workers of 48 for evacuation
[2024-09-08T06:28:32.485+0800][info] GC(52)   Pre Evacuate Collection Set: 0.0ms
[2024-09-08T06:28:32.485+0800][info] GC(52)   Merge Heap Roots: 0.0ms
[2024-09-08T06:28:32.485+0800][info] GC(52)   Evacuate Collection Set: 3.0ms
[2024-09-08T06:28:32.485+0800][info] GC(52)   Post Evacuate Collection Set: 0.2ms
[2024-09-08T06:28:32.485+0800][info] GC(52)   Other: 0.2ms
[2024-09-08T06:28:32.485+0800][info] GC(52) Eden regions: 1->0(1)
[2024-09-08T06:28:32.485+0800][info] GC(52) Survivor regions: 1->1(1)
[2024-09-08T06:28:32.485+0800][info] GC(52) Old regions: 21->22
[2024-09-08T06:28:32.485+0800][info] GC(52) Archive regions: 2->2
[2024-09-08T06:28:32.485+0800][info] GC(52) Humongous regions: 0->0
[2024-09-08T06:28:32.485+0800][info] GC(52) Metaspace: 654K(832K)->654K(832K) NonClass: 597K(704K)->597K(704K) Class: 56K(128K)->56K(128K)
[2024-09-08T06:28:32.485+0800][info] GC(52) Pause Young (Concurrent Start) (G1 Evacuation Pause) 92M->92M(128M) 3.611ms
[2024-09-08T06:28:32.485+0800][info] GC(52) User=0.01s Sys=0.00s Real=0.01s
[2024-09-08T06:28:32.485+0800][info] GC(53) Concurrent Mark Cycle
[2024-09-08T06:28:32.485+0800][info] GC(53) Concurrent Clear Claimed Marks
[2024-09-08T06:28:32.485+0800][info] GC(53) Concurrent Clear Claimed Marks 0.014ms
[2024-09-08T06:28:32.485+0800][info] GC(53) Concurrent Scan Root Regions
[2024-09-08T06:28:32.485+0800][info] GC(53) Concurrent Scan Root Regions 0.060ms
[2024-09-08T06:28:32.485+0800][info] GC(53) Concurrent Mark
[2024-09-08T06:28:32.485+0800][info] GC(53) Concurrent Mark From Roots
[2024-09-08T06:28:32.485+0800][info] GC(53) Using 12 workers of 12 for marking
[2024-09-08T06:28:32.487+0800][info] GC(54) Pause Young (Normal) (G1 Evacuation Pause)
[2024-09-08T06:28:32.487+0800][info] GC(54) Using 3 workers of 48 for evacuation
[2024-09-08T06:28:32.490+0800][info] GC(54)   Pre Evacuate Collection Set: 0.0ms
[2024-09-08T06:28:32.490+0800][info] GC(54)   Merge Heap Roots: 0.0ms
[2024-09-08T06:28:32.490+0800][info] GC(54)   Evacuate Collection Set: 2.8ms
[2024-09-08T06:28:32.490+0800][info] GC(54)   Post Evacuate Collection Set: 0.2ms
[2024-09-08T06:28:32.490+0800][info] GC(54)   Other: 0.1ms
[2024-09-08T06:28:32.490+0800][info] GC(54) Eden regions: 1->0(1)
[2024-09-08T06:28:32.490+0800][info] GC(54) Survivor regions: 1->1(1)
[2024-09-08T06:28:32.490+0800][info] GC(54) Old regions: 22->23
[2024-09-08T06:28:32.490+0800][info] GC(54) Archive regions: 2->2
[2024-09-08T06:28:32.490+0800][info] GC(54) Humongous regions: 0->0
[2024-09-08T06:28:32.491+0800][info] GC(54) Metaspace: 654K(832K)->654K(832K) NonClass: 597K(704K)->597K(704K) Class: 56K(128K)->56K(128K)
[2024-09-08T06:28:32.491+0800][info] GC(54) Pause Young (Normal) (G1 Evacuation Pause) 96M->96M(128M) 3.370ms
[2024-09-08T06:28:32.491+0800][info] GC(54) User=0.00s Sys=0.01s Real=0.00s
[2024-09-08T06:28:32.492+0800][info] GC(55) Pause Young (Normal) (G1 Evacuation Pause)
[2024-09-08T06:28:32.492+0800][info] GC(55) Using 3 workers of 48 for evacuation
[2024-09-08T06:28:32.495+0800][info] GC(55)   Pre Evacuate Collection Set: 0.0ms
[2024-09-08T06:28:32.495+0800][info] GC(55)   Merge Heap Roots: 0.0ms
[2024-09-08T06:28:32.495+0800][info] GC(55)   Evacuate Collection Set: 2.8ms
[2024-09-08T06:28:32.495+0800][info] GC(55)   Post Evacuate Collection Set: 0.2ms
[2024-09-08T06:28:32.495+0800][info] GC(55)   Other: 0.1ms
[2024-09-08T06:28:32.495+0800][info] GC(55) Eden regions: 1->0(1)
[2024-09-08T06:28:32.495+0800][info] GC(55) Survivor regions: 1->1(1)
[2024-09-08T06:28:32.495+0800][info] GC(55) Old regions: 23->24
[2024-09-08T06:28:32.495+0800][info] GC(55) Archive regions: 2->2
[2024-09-08T06:28:32.495+0800][info] GC(55) Humongous regions: 0->0
[2024-09-08T06:28:32.495+0800][info] GC(55) Metaspace: 654K(832K)->654K(832K) NonClass: 597K(704K)->597K(704K) Class: 56K(128K)->56K(128K)
[2024-09-08T06:28:32.495+0800][info] GC(55) Pause Young (Normal) (G1 Evacuation Pause) 100M->100M(128M) 3.405ms
[2024-09-08T06:28:32.495+0800][info] GC(55) User=0.01s Sys=0.01s Real=0.00s
[2024-09-08T06:28:32.495+0800][info] GC(53) Concurrent Mark From Roots 10.191ms
[2024-09-08T06:28:32.495+0800][info] GC(53) Concurrent Preclean
[2024-09-08T06:28:32.496+0800][info] GC(56) Pause Young (Normal) (G1 Preventive Collection)
[2024-09-08T06:28:32.496+0800][info] GC(56) Using 3 workers of 48 for evacuation
[2024-09-08T06:28:32.497+0800][info] GC(56)   Pre Evacuate Collection Set: 0.0ms
[2024-09-08T06:28:32.497+0800][info] GC(56)   Merge Heap Roots: 0.0ms
[2024-09-08T06:28:32.497+0800][info] GC(56)   Evacuate Collection Set: 1.1ms
[2024-09-08T06:28:32.497+0800][info] GC(56)   Post Evacuate Collection Set: 0.2ms
[2024-09-08T06:28:32.497+0800][info] GC(56)   Other: 0.1ms
[2024-09-08T06:28:32.497+0800][info] GC(56) Eden regions: 1->0(1)
[2024-09-08T06:28:32.498+0800][info] GC(56) Survivor regions: 1->1(1)
[2024-09-08T06:28:32.498+0800][info] GC(56) Old regions: 24->25
[2024-09-08T06:28:32.498+0800][info] GC(56) Archive regions: 2->2
[2024-09-08T06:28:32.498+0800][info] GC(56) Humongous regions: 0->0
[2024-09-08T06:28:32.498+0800][info] GC(56) Metaspace: 654K(832K)->654K(832K) NonClass: 597K(704K)->597K(704K) Class: 56K(128K)->56K(128K)
[2024-09-08T06:28:32.498+0800][info] GC(56) Pause Young (Normal) (G1 Preventive Collection) 104M->104M(128M) 1.670ms
[2024-09-08T06:28:32.498+0800][info] GC(56) User=0.01s Sys=0.00s Real=0.01s
[2024-09-08T06:28:32.499+0800][info] GC(53) Concurrent Preclean 3.103ms
[2024-09-08T06:28:32.499+0800][info] GC(57) Pause Young (Normal) (G1 Preventive Collection)
[2024-09-08T06:28:32.499+0800][info] GC(57) Using 3 workers of 48 for evacuation
[2024-09-08T06:28:32.500+0800][info] GC(57)   Pre Evacuate Collection Set: 0.0ms
[2024-09-08T06:28:32.500+0800][info] GC(57)   Merge Heap Roots: 0.0ms
[2024-09-08T06:28:32.500+0800][info] GC(57)   Evacuate Collection Set: 0.8ms
[2024-09-08T06:28:32.500+0800][info] GC(57)   Post Evacuate Collection Set: 0.2ms
[2024-09-08T06:28:32.500+0800][info] GC(57)   Other: 0.1ms
[2024-09-08T06:28:32.500+0800][info] GC(57) Eden regions: 1->0(1)
[2024-09-08T06:28:32.500+0800][info] GC(57) Survivor regions: 1->1(1)
[2024-09-08T06:28:32.500+0800][info] GC(57) Old regions: 25->26
[2024-09-08T06:28:32.500+0800][info] GC(57) Archive regions: 2->2
[2024-09-08T06:28:32.500+0800][info] GC(57) Humongous regions: 0->0
[2024-09-08T06:28:32.500+0800][info] GC(57) Metaspace: 654K(832K)->654K(832K) NonClass: 597K(704K)->597K(704K) Class: 56K(128K)->56K(128K)
[2024-09-08T06:28:32.500+0800][info] GC(57) Pause Young (Normal) (G1 Preventive Collection) 108M->108M(128M) 1.324ms
[2024-09-08T06:28:32.500+0800][info] GC(57) User=0.00s Sys=0.00s Real=0.00s
[2024-09-08T06:28:32.500+0800][info] GC(53) Pause Remark
[2024-09-08T06:28:32.501+0800][info] GC(53) Pause Remark 108M->40M(128M) 1.194ms
[2024-09-08T06:28:32.501+0800][info] GC(53) User=0.00s Sys=0.00s Real=0.00s
[2024-09-08T06:28:32.501+0800][info] GC(53) Concurrent Mark 16.215ms
[2024-09-08T06:28:32.501+0800][info] GC(53) Concurrent Rebuild Remembered Sets
[2024-09-08T06:28:32.502+0800][info] GC(58) Pause Young (Normal) (G1 Evacuation Pause)
[2024-09-08T06:28:32.502+0800][info] GC(58) Using 3 workers of 48 for evacuation
[2024-09-08T06:28:32.504+0800][info] GC(58)   Pre Evacuate Collection Set: 0.0ms
[2024-09-08T06:28:32.504+0800][info] GC(58)   Merge Heap Roots: 0.0ms
[2024-09-08T06:28:32.504+0800][info] GC(58)   Evacuate Collection Set: 0.8ms
[2024-09-08T06:28:32.504+0800][info] GC(58)   Post Evacuate Collection Set: 0.2ms
[2024-09-08T06:28:32.504+0800][info] GC(58)   Other: 0.1ms
[2024-09-08T06:28:32.504+0800][info] GC(58) Eden regions: 1->0(5)
[2024-09-08T06:28:32.504+0800][info] GC(58) Survivor regions: 1->1(1)
[2024-09-08T06:28:32.504+0800][info] GC(58) Old regions: 9->10
[2024-09-08T06:28:32.504+0800][info] GC(58) Archive regions: 2->2
[2024-09-08T06:28:32.504+0800][info] GC(58) Humongous regions: 0->0
[2024-09-08T06:28:32.504+0800][info] GC(58) Metaspace: 654K(832K)->654K(832K) NonClass: 597K(704K)->597K(704K) Class: 56K(128K)->56K(128K)
[2024-09-08T06:28:32.504+0800][info] GC(58) Pause Young (Normal) (G1 Evacuation Pause) 44M->44M(128M) 1.262ms
[2024-09-08T06:28:32.504+0800][info] GC(58) User=0.00s Sys=0.00s Real=0.00s
[2024-09-08T06:28:32.507+0800][info] GC(53) Concurrent Rebuild Remembered Sets 5.080ms
[2024-09-08T06:28:32.507+0800][info] GC(53) Pause Cleanup
[2024-09-08T06:28:32.507+0800][info] GC(53) Pause Cleanup 56M->56M(128M) 0.270ms
[2024-09-08T06:28:32.507+0800][info] GC(53) User=0.00s Sys=0.00s Real=0.00s
[2024-09-08T06:28:32.507+0800][info] GC(53) Concurrent Cleanup for Next Mark
[2024-09-08T06:28:32.507+0800][info] GC(53) Concurrent Cleanup for Next Mark 0.351ms
[2024-09-08T06:28:32.507+0800][info] GC(53) Concurrent Mark Cycle 22.297ms
[2024-09-08T06:28:32.509+0800][info] GC(59) Pause Young (Prepare Mixed) (G1 Evacuation Pause)
[2024-09-08T06:28:32.509+0800][info] GC(59) Using 3 workers of 48 for evacuation
[2024-09-08T06:28:32.513+0800][info] GC(59)   Pre Evacuate Collection Set: 0.0ms
[2024-09-08T06:28:32.513+0800][info] GC(59)   Merge Heap Roots: 0.0ms
[2024-09-08T06:28:32.513+0800][info] GC(59)   Evacuate Collection Set: 3.1ms
[2024-09-08T06:28:32.513+0800][info] GC(59)   Post Evacuate Collection Set: 0.2ms
[2024-09-08T06:28:32.513+0800][info] GC(59)   Other: 0.1ms
[2024-09-08T06:28:32.513+0800][info] GC(59) Eden regions: 5->0(1)
[2024-09-08T06:28:32.513+0800][info] GC(59) Survivor regions: 1->1(1)
[2024-09-08T06:28:32.513+0800][info] GC(59) Old regions: 10->15
[2024-09-08T06:28:32.513+0800][info] GC(59) Archive regions: 2->2
[2024-09-08T06:28:32.513+0800][info] GC(59) Humongous regions: 0->0
[2024-09-08T06:28:32.513+0800][info] GC(59) Metaspace: 654K(832K)->654K(832K) NonClass: 597K(704K)->597K(704K) Class: 56K(128K)->56K(128K)
[2024-09-08T06:28:32.513+0800][info] GC(59) Pause Young (Prepare Mixed) (G1 Evacuation Pause) 64M->64M(128M) 3.727ms
[2024-09-08T06:28:32.513+0800][info] GC(59) User=0.01s Sys=0.00s Real=0.00s
[2024-09-08T06:28:32.514+0800][info] GC(60) Pause Young (Mixed) (G1 Evacuation Pause)
[2024-09-08T06:28:32.514+0800][info] GC(60) Using 3 workers of 48 for evacuation
[2024-09-08T06:28:32.515+0800][info] GC(60)   Pre Evacuate Collection Set: 0.0ms
[2024-09-08T06:28:32.516+0800][info] GC(60)   Merge Heap Roots: 0.0ms
[2024-09-08T06:28:32.516+0800][info] GC(60)   Evacuate Collection Set: 1.1ms
[2024-09-08T06:28:32.516+0800][info] GC(60)   Post Evacuate Collection Set: 0.2ms
[2024-09-08T06:28:32.516+0800][info] GC(60)   Other: 0.1ms
[2024-09-08T06:28:32.516+0800][info] GC(60) Eden regions: 1->0(1)
[2024-09-08T06:28:32.516+0800][info] GC(60) Survivor regions: 1->1(1)
[2024-09-08T06:28:32.516+0800][info] GC(60) Old regions: 15->14
[2024-09-08T06:28:32.516+0800][info] GC(60) Archive regions: 2->2
[2024-09-08T06:28:32.516+0800][info] GC(60) Humongous regions: 0->0
[2024-09-08T06:28:32.516+0800][info] GC(60) Metaspace: 654K(832K)->654K(832K) NonClass: 597K(704K)->597K(704K) Class: 56K(128K)->56K(128K)
[2024-09-08T06:28:32.516+0800][info] GC(60) Pause Young (Mixed) (G1 Evacuation Pause) 68M->60M(128M) 1.609ms
[2024-09-08T06:28:32.516+0800][info] GC(60) User=0.00s Sys=0.00s Real=0.00s
[2024-09-08T06:28:32.517+0800][info] GC(61) Pause Young (Concurrent Start) (G1 Evacuation Pause)
[2024-09-08T06:28:32.517+0800][info] GC(61) Using 3 workers of 48 for evacuation
[2024-09-08T06:28:32.518+0800][info] GC(61)   Pre Evacuate Collection Set: 0.0ms
[2024-09-08T06:28:32.518+0800][info] GC(61)   Merge Heap Roots: 0.0ms
[2024-09-08T06:28:32.518+0800][info] GC(61)   Evacuate Collection Set: 0.9ms
[2024-09-08T06:28:32.518+0800][info] GC(61)   Post Evacuate Collection Set: 0.2ms
[2024-09-08T06:28:32.518+0800][info] GC(61)   Other: 0.3ms
[2024-09-08T06:28:32.518+0800][info] GC(61) Eden regions: 1->0(3)
[2024-09-08T06:28:32.518+0800][info] GC(61) Survivor regions: 1->1(1)
[2024-09-08T06:28:32.518+0800][info] GC(61) Old regions: 14->15
[2024-09-08T06:28:32.518+0800][info] GC(61) Archive regions: 2->2
[2024-09-08T06:28:32.518+0800][info] GC(61) Humongous regions: 0->0
[2024-09-08T06:28:32.518+0800][info] GC(61) Metaspace: 654K(832K)->654K(832K) NonClass: 597K(704K)->597K(704K) Class: 56K(128K)->56K(128K)
[2024-09-08T06:28:32.518+0800][info] GC(61) Pause Young (Concurrent Start) (G1 Evacuation Pause) 64M->64M(128M) 1.659ms
[2024-09-08T06:28:32.518+0800][info] GC(61) User=0.01s Sys=0.00s Real=0.01s
[2024-09-08T06:28:32.518+0800][info] GC(62) Concurrent Mark Cycle
[2024-09-08T06:28:32.518+0800][info] GC(62) Concurrent Clear Claimed Marks
[2024-09-08T06:28:32.518+0800][info] GC(62) Concurrent Clear Claimed Marks 0.013ms
[2024-09-08T06:28:32.518+0800][info] GC(62) Concurrent Scan Root Regions
[2024-09-08T06:28:32.519+0800][info] GC(62) Concurrent Scan Root Regions 0.293ms
[2024-09-08T06:28:32.519+0800][info] GC(62) Concurrent Mark
[2024-09-08T06:28:32.519+0800][info] GC(62) Concurrent Mark From Roots
[2024-09-08T06:28:32.519+0800][info] GC(62) Using 12 workers of 12 for marking
[2024-09-08T06:28:32.521+0800][info] GC(62) Concurrent Mark From Roots 1.857ms
[2024-09-08T06:28:32.521+0800][info] GC(62) Concurrent Preclean
[2024-09-08T06:28:32.522+0800][info] GC(62) Concurrent Preclean 1.315ms
[2024-09-08T06:28:32.522+0800][info] GC(63) Pause Young (Normal) (G1 Evacuation Pause)
[2024-09-08T06:28:32.522+0800][info] GC(63) Using 3 workers of 48 for evacuation
[2024-09-08T06:28:32.524+0800][info] GC(63)   Pre Evacuate Collection Set: 0.0ms
[2024-09-08T06:28:32.524+0800][info] GC(63)   Merge Heap Roots: 0.0ms
[2024-09-08T06:28:32.524+0800][info] GC(63)   Evacuate Collection Set: 2.1ms
[2024-09-08T06:28:32.524+0800][info] GC(63)   Post Evacuate Collection Set: 0.2ms
[2024-09-08T06:28:32.524+0800][info] GC(63)   Other: 0.1ms
[2024-09-08T06:28:32.525+0800][info] GC(63) Eden regions: 3->0(2)
[2024-09-08T06:28:32.525+0800][info] GC(63) Survivor regions: 1->1(1)
[2024-09-08T06:28:32.525+0800][info] GC(63) Old regions: 15->18
[2024-09-08T06:28:32.525+0800][info] GC(63) Archive regions: 2->2
[2024-09-08T06:28:32.525+0800][info] GC(63) Humongous regions: 0->0
[2024-09-08T06:28:32.525+0800][info] GC(63) Metaspace: 654K(832K)->654K(832K) NonClass: 597K(704K)->597K(704K) Class: 56K(128K)->56K(128K)
[2024-09-08T06:28:32.525+0800][info] GC(63) Pause Young (Normal) (G1 Evacuation Pause) 76M->76M(128M) 2.654ms
[2024-09-08T06:28:32.525+0800][info] GC(63) User=0.00s Sys=0.01s Real=0.00s
[2024-09-08T06:28:32.525+0800][info] GC(62) Pause Remark
[2024-09-08T06:28:32.526+0800][info] GC(62) Pause Remark 76M->76M(128M) 1.018ms
[2024-09-08T06:28:32.526+0800][info] GC(62) User=0.00s Sys=0.00s Real=0.00s
[2024-09-08T06:28:32.526+0800][info] GC(62) Concurrent Mark 7.267ms
[2024-09-08T06:28:32.526+0800][info] GC(62) Concurrent Rebuild Remembered Sets
[2024-09-08T06:28:32.526+0800][info] GC(62) Concurrent Rebuild Remembered Sets 0.010ms
[2024-09-08T06:28:32.526+0800][info] GC(62) Pause Cleanup
[2024-09-08T06:28:32.526+0800][info] GC(62) Pause Cleanup 76M->76M(128M) 0.030ms
[2024-09-08T06:28:32.526+0800][info] GC(62) User=0.00s Sys=0.00s Real=0.00s
[2024-09-08T06:28:32.526+0800][info] GC(62) Concurrent Cleanup for Next Mark
[2024-09-08T06:28:32.526+0800][info] GC(62) Concurrent Cleanup for Next Mark 0.199ms
[2024-09-08T06:28:32.526+0800][info] GC(62) Concurrent Mark Cycle 8.064ms
[2024-09-08T06:28:32.528+0800][info] GC(64) Pause Young (Normal) (G1 Evacuation Pause)
[2024-09-08T06:28:32.528+0800][info] GC(64) Using 3 workers of 48 for evacuation
[2024-09-08T06:28:32.530+0800][info] GC(64)   Pre Evacuate Collection Set: 0.0ms
[2024-09-08T06:28:32.530+0800][info] GC(64)   Merge Heap Roots: 0.0ms
[2024-09-08T06:28:32.530+0800][info] GC(64)   Evacuate Collection Set: 1.4ms
[2024-09-08T06:28:32.530+0800][info] GC(64)   Post Evacuate Collection Set: 0.2ms
[2024-09-08T06:28:32.530+0800][info] GC(64)   Other: 0.1ms
[2024-09-08T06:28:32.530+0800][info] GC(64) Eden regions: 2->0(2)
[2024-09-08T06:28:32.530+0800][info] GC(64) Survivor regions: 1->1(1)
[2024-09-08T06:28:32.530+0800][info] GC(64) Old regions: 18->20
[2024-09-08T06:28:32.530+0800][info] GC(64) Archive regions: 2->2
[2024-09-08T06:28:32.530+0800][info] GC(64) Humongous regions: 0->0
[2024-09-08T06:28:32.530+0800][info] GC(64) Metaspace: 654K(832K)->654K(832K) NonClass: 597K(704K)->597K(704K) Class: 56K(128K)->56K(128K)
[2024-09-08T06:28:32.530+0800][info] GC(64) Pause Young (Normal) (G1 Evacuation Pause) 84M->84M(128M) 1.959ms
[2024-09-08T06:28:32.530+0800][info] GC(64) User=0.00s Sys=0.00s Real=0.00s
[2024-09-08T06:28:32.534+0800][info] GC(65) Pause Young (Concurrent Start) (G1 Evacuation Pause)
[2024-09-08T06:28:32.534+0800][info] GC(65) Using 3 workers of 48 for evacuation
[2024-09-08T06:28:32.536+0800][info] GC(65)   Pre Evacuate Collection Set: 0.1ms
[2024-09-08T06:28:32.536+0800][info] GC(65)   Merge Heap Roots: 0.0ms
[2024-09-08T06:28:32.536+0800][info] GC(65)   Evacuate Collection Set: 1.6ms
[2024-09-08T06:28:32.536+0800][info] GC(65)   Post Evacuate Collection Set: 0.2ms
[2024-09-08T06:28:32.536+0800][info] GC(65)   Other: 0.3ms
[2024-09-08T06:28:32.537+0800][info] GC(65) Eden regions: 2->0(1)
[2024-09-08T06:28:32.537+0800][info] GC(65) Survivor regions: 1->1(1)
[2024-09-08T06:28:32.537+0800][info] GC(65) Old regions: 20->22
[2024-09-08T06:28:32.537+0800][info] GC(65) Archive regions: 2->2
[2024-09-08T06:28:32.537+0800][info] GC(65) Humongous regions: 0->0
[2024-09-08T06:28:32.537+0800][info] GC(65) Metaspace: 662K(832K)->662K(832K) NonClass: 605K(704K)->605K(704K) Class: 56K(128K)->56K(128K)
[2024-09-08T06:28:32.537+0800][info] GC(65) Pause Young (Concurrent Start) (G1 Evacuation Pause) 92M->92M(128M) 2.337ms
[2024-09-08T06:28:32.537+0800][info] GC(65) User=0.00s Sys=0.00s Real=0.00s
[2024-09-08T06:28:32.537+0800][info] GC(66) Concurrent Mark Cycle
[2024-09-08T06:28:32.537+0800][info] GC(66) Concurrent Clear Claimed Marks
[2024-09-08T06:28:32.537+0800][info] GC(66) Concurrent Clear Claimed Marks 0.022ms
[2024-09-08T06:28:32.537+0800][info] GC(66) Concurrent Scan Root Regions
[2024-09-08T06:28:32.537+0800][info] GC(66) Concurrent Scan Root Regions 0.337ms
[2024-09-08T06:28:32.537+0800][info] GC(66) Concurrent Mark
[2024-09-08T06:28:32.537+0800][info] GC(66) Concurrent Mark From Roots
[2024-09-08T06:28:32.537+0800][info] GC(66) Using 12 workers of 12 for marking
[2024-09-08T06:28:32.539+0800][info] GC(67) Pause Young (Normal) (G1 Evacuation Pause)
[2024-09-08T06:28:32.539+0800][info] GC(67) Using 3 workers of 48 for evacuation
[2024-09-08T06:28:32.541+0800][info] GC(67)   Pre Evacuate Collection Set: 0.1ms
[2024-09-08T06:28:32.541+0800][info] GC(67)   Merge Heap Roots: 0.0ms
[2024-09-08T06:28:32.541+0800][info] GC(67)   Evacuate Collection Set: 1.0ms
[2024-09-08T06:28:32.541+0800][info] GC(67)   Post Evacuate Collection Set: 0.2ms
[2024-09-08T06:28:32.541+0800][info] GC(67)   Other: 0.2ms
[2024-09-08T06:28:32.541+0800][info] GC(67) Eden regions: 1->0(1)
[2024-09-08T06:28:32.541+0800][info] GC(67) Survivor regions: 1->1(1)
[2024-09-08T06:28:32.541+0800][info] GC(67) Old regions: 22->23
[2024-09-08T06:28:32.541+0800][info] GC(67) Archive regions: 2->2
[2024-09-08T06:28:32.541+0800][info] GC(67) Humongous regions: 0->0
[2024-09-08T06:28:32.541+0800][info] GC(67) Metaspace: 662K(832K)->662K(832K) NonClass: 605K(704K)->605K(704K) Class: 56K(128K)->56K(128K)
[2024-09-08T06:28:32.541+0800][info] GC(67) Pause Young (Normal) (G1 Evacuation Pause) 96M->96M(128M) 1.670ms
[2024-09-08T06:28:32.541+0800][info] GC(67) User=0.01s Sys=0.00s Real=0.00s
[2024-09-08T06:28:32.543+0800][info] GC(68) Pause Young (Normal) (G1 Evacuation Pause)
[2024-09-08T06:28:32.543+0800][info] GC(68) Using 3 workers of 48 for evacuation
[2024-09-08T06:28:32.545+0800][info] GC(68)   Pre Evacuate Collection Set: 0.0ms
[2024-09-08T06:28:32.545+0800][info] GC(68)   Merge Heap Roots: 0.0ms
[2024-09-08T06:28:32.545+0800][info] GC(68)   Evacuate Collection Set: 0.8ms
[2024-09-08T06:28:32.545+0800][info] GC(68)   Post Evacuate Collection Set: 0.2ms
[2024-09-08T06:28:32.545+0800][info] GC(68)   Other: 0.1ms
[2024-09-08T06:28:32.545+0800][info] GC(68) Eden regions: 1->0(1)
[2024-09-08T06:28:32.545+0800][info] GC(68) Survivor regions: 1->1(1)
[2024-09-08T06:28:32.545+0800][info] GC(68) Old regions: 23->24
[2024-09-08T06:28:32.545+0800][info] GC(68) Archive regions: 2->2
[2024-09-08T06:28:32.545+0800][info] GC(68) Humongous regions: 0->0
[2024-09-08T06:28:32.545+0800][info] GC(68) Metaspace: 662K(832K)->662K(832K) NonClass: 605K(704K)->605K(704K) Class: 56K(128K)->56K(128K)
[2024-09-08T06:28:32.545+0800][info] GC(68) Pause Young (Normal) (G1 Evacuation Pause) 100M->100M(128M) 1.449ms
[2024-09-08T06:28:32.545+0800][info] GC(68) User=0.00s Sys=0.00s Real=0.01s
[2024-09-08T06:28:32.545+0800][info] GC(66) Concurrent Mark From Roots 8.247ms
[2024-09-08T06:28:32.545+0800][info] GC(66) Concurrent Preclean
[2024-09-08T06:28:32.546+0800][info] GC(69) Pause Young (Normal) (G1 Preventive Collection)
[2024-09-08T06:28:32.546+0800][info] GC(69) Using 3 workers of 48 for evacuation
[2024-09-08T06:28:32.547+0800][info] GC(69)   Pre Evacuate Collection Set: 0.0ms
[2024-09-08T06:28:32.547+0800][info] GC(69)   Merge Heap Roots: 0.0ms
[2024-09-08T06:28:32.547+0800][info] GC(69)   Evacuate Collection Set: 0.8ms
[2024-09-08T06:28:32.547+0800][info] GC(69)   Post Evacuate Collection Set: 0.2ms
[2024-09-08T06:28:32.547+0800][info] GC(69)   Other: 0.1ms
[2024-09-08T06:28:32.547+0800][info] GC(69) Eden regions: 1->0(1)
[2024-09-08T06:28:32.547+0800][info] GC(69) Survivor regions: 1->1(1)
[2024-09-08T06:28:32.547+0800][info] GC(69) Old regions: 24->25
[2024-09-08T06:28:32.547+0800][info] GC(69) Archive regions: 2->2
[2024-09-08T06:28:32.547+0800][info] GC(69) Humongous regions: 0->0
[2024-09-08T06:28:32.547+0800][info] GC(69) Metaspace: 662K(832K)->662K(832K) NonClass: 605K(704K)->605K(704K) Class: 56K(128K)->56K(128K)
[2024-09-08T06:28:32.547+0800][info] GC(69) Pause Young (Normal) (G1 Preventive Collection) 104M->104M(128M) 1.428ms
[2024-09-08T06:28:32.547+0800][info] GC(69) User=0.01s Sys=0.00s Real=0.00s
[2024-09-08T06:28:32.548+0800][info] GC(66) Concurrent Preclean 2.887ms
[2024-09-08T06:28:32.548+0800][info] GC(70) Pause Young (Normal) (G1 Preventive Collection)
[2024-09-08T06:28:32.548+0800][info] GC(70) Using 3 workers of 48 for evacuation
[2024-09-08T06:28:32.549+0800][info] GC(70)   Pre Evacuate Collection Set: 0.0ms
[2024-09-08T06:28:32.550+0800][info] GC(70)   Merge Heap Roots: 0.0ms
[2024-09-08T06:28:32.550+0800][info] GC(70)   Evacuate Collection Set: 0.8ms
[2024-09-08T06:28:32.550+0800][info] GC(70)   Post Evacuate Collection Set: 0.2ms
[2024-09-08T06:28:32.550+0800][info] GC(70)   Other: 0.1ms
[2024-09-08T06:28:32.550+0800][info] GC(70) Eden regions: 1->0(1)
[2024-09-08T06:28:32.550+0800][info] GC(70) Survivor regions: 1->1(1)
[2024-09-08T06:28:32.550+0800][info] GC(70) Old regions: 25->26
[2024-09-08T06:28:32.550+0800][info] GC(70) Archive regions: 2->2
[2024-09-08T06:28:32.550+0800][info] GC(70) Humongous regions: 0->0
[2024-09-08T06:28:32.550+0800][info] GC(70) Metaspace: 662K(832K)->662K(832K) NonClass: 605K(704K)->605K(704K) Class: 56K(128K)->56K(128K)
[2024-09-08T06:28:32.550+0800][info] GC(70) Pause Young (Normal) (G1 Preventive Collection) 108M->108M(128M) 1.354ms
[2024-09-08T06:28:32.550+0800][info] GC(70) User=0.00s Sys=0.00s Real=0.00s
[2024-09-08T06:28:32.550+0800][info] GC(66) Pause Remark
[2024-09-08T06:28:32.551+0800][info] GC(66) Pause Remark 108M->108M(128M) 1.147ms
[2024-09-08T06:28:32.551+0800][info] GC(66) User=0.00s Sys=0.00s Real=0.00s
[2024-09-08T06:28:32.551+0800][info] GC(66) Concurrent Mark 14.086ms
[2024-09-08T06:28:32.551+0800][info] GC(66) Concurrent Rebuild Remembered Sets
[2024-09-08T06:28:32.551+0800][info] GC(66) Concurrent Rebuild Remembered Sets 0.011ms
[2024-09-08T06:28:32.551+0800][info] GC(66) Pause Cleanup
[2024-09-08T06:28:32.551+0800][info] GC(66) Pause Cleanup 108M->108M(128M) 0.030ms
[2024-09-08T06:28:32.551+0800][info] GC(66) User=0.00s Sys=0.00s Real=0.00s
[2024-09-08T06:28:32.551+0800][info] GC(66) Concurrent Cleanup for Next Mark
[2024-09-08T06:28:32.552+0800][info] GC(66) Concurrent Cleanup for Next Mark 0.279ms
[2024-09-08T06:28:32.552+0800][info] GC(66) Concurrent Mark Cycle 15.083ms
[2024-09-08T06:28:32.552+0800][info] GC(71) Pause Young (Normal) (G1 Preventive Collection)
[2024-09-08T06:28:32.552+0800][info] GC(71) Using 3 workers of 48 for evacuation
[2024-09-08T06:28:32.553+0800][info] GC(71)   Pre Evacuate Collection Set: 0.0ms
[2024-09-08T06:28:32.553+0800][info] GC(71)   Merge Heap Roots: 0.0ms
[2024-09-08T06:28:32.553+0800][info] GC(71)   Evacuate Collection Set: 0.8ms
[2024-09-08T06:28:32.553+0800][info] GC(71)   Post Evacuate Collection Set: 0.2ms
[2024-09-08T06:28:32.554+0800][info] GC(71)   Other: 0.1ms
[2024-09-08T06:28:32.554+0800][info] GC(71) Eden regions: 1->0(1)
[2024-09-08T06:28:32.554+0800][info] GC(71) Survivor regions: 1->1(1)
[2024-09-08T06:28:32.554+0800][info] GC(71) Old regions: 26->27
[2024-09-08T06:28:32.554+0800][info] GC(71) Archive regions: 2->2
[2024-09-08T06:28:32.554+0800][info] GC(71) Humongous regions: 0->0
[2024-09-08T06:28:32.554+0800][info] GC(71) Metaspace: 662K(832K)->662K(832K) NonClass: 605K(704K)->605K(704K) Class: 56K(128K)->56K(128K)
[2024-09-08T06:28:32.554+0800][info] GC(71) Pause Young (Normal) (G1 Preventive Collection) 112M->112M(128M) 1.391ms
[2024-09-08T06:28:32.554+0800][info] GC(71) User=0.01s Sys=0.00s Real=0.00s
[2024-09-08T06:28:32.555+0800][info] GC(72) Pause Young (Concurrent Start) (G1 Preventive Collection)
[2024-09-08T06:28:32.555+0800][info] GC(72) Using 3 workers of 48 for evacuation
[2024-09-08T06:28:32.556+0800][info] GC(72) To-space exhausted
[2024-09-08T06:28:32.556+0800][info] GC(72)   Pre Evacuate Collection Set: 0.0ms
[2024-09-08T06:28:32.556+0800][info] GC(72)   Merge Heap Roots: 0.0ms
[2024-09-08T06:28:32.556+0800][info] GC(72)   Evacuate Collection Set: 0.6ms
[2024-09-08T06:28:32.556+0800][info] GC(72)   Post Evacuate Collection Set: 0.2ms
[2024-09-08T06:28:32.556+0800][info] GC(72)   Other: 0.3ms
[2024-09-08T06:28:32.556+0800][info] GC(72) Eden regions: 1->0(1)
[2024-09-08T06:28:32.556+0800][info] GC(72) Survivor regions: 1->1(1)
[2024-09-08T06:28:32.556+0800][info] GC(72) Old regions: 27->28
[2024-09-08T06:28:32.556+0800][info] GC(72) Archive regions: 2->2
[2024-09-08T06:28:32.556+0800][info] GC(72) Humongous regions: 0->0
[2024-09-08T06:28:32.556+0800][info] GC(72) Metaspace: 662K(832K)->662K(832K) NonClass: 605K(704K)->605K(704K) Class: 56K(128K)->56K(128K)
[2024-09-08T06:28:32.556+0800][info] GC(72) Pause Young (Concurrent Start) (G1 Preventive Collection) 116M->116M(128M) 1.321ms
[2024-09-08T06:28:32.556+0800][info] GC(72) User=0.00s Sys=0.00s Real=0.00s
[2024-09-08T06:28:32.556+0800][info] GC(73) Concurrent Mark Cycle
[2024-09-08T06:28:32.556+0800][info] GC(73) Concurrent Clear Claimed Marks
[2024-09-08T06:28:32.556+0800][info] GC(73) Concurrent Clear Claimed Marks 0.011ms
[2024-09-08T06:28:32.556+0800][info] GC(73) Concurrent Scan Root Regions
[2024-09-08T06:28:32.556+0800][info] GC(73) Concurrent Scan Root Regions 0.161ms
[2024-09-08T06:28:32.556+0800][info] GC(73) Concurrent Mark
[2024-09-08T06:28:32.556+0800][info] GC(73) Concurrent Mark From Roots
[2024-09-08T06:28:32.556+0800][info] GC(73) Using 12 workers of 12 for marking
[2024-09-08T06:28:32.558+0800][info] GC(74) Pause Young (Normal) (G1 Evacuation Pause)
[2024-09-08T06:28:32.559+0800][info] GC(74) Using 3 workers of 48 for evacuation
[2024-09-08T06:28:32.559+0800][info] GC(74) To-space exhausted
[2024-09-08T06:28:32.559+0800][info] GC(74)   Pre Evacuate Collection Set: 0.1ms
[2024-09-08T06:28:32.559+0800][info] GC(74)   Merge Heap Roots: 0.0ms
[2024-09-08T06:28:32.559+0800][info] GC(74)   Evacuate Collection Set: 0.2ms
[2024-09-08T06:28:32.559+0800][info] GC(74)   Post Evacuate Collection Set: 0.2ms
[2024-09-08T06:28:32.559+0800][info] GC(74)   Other: 0.2ms
[2024-09-08T06:28:32.559+0800][info] GC(74) Eden regions: 1->0(1)
[2024-09-08T06:28:32.559+0800][info] GC(74) Survivor regions: 1->0(0)
[2024-09-08T06:28:32.559+0800][info] GC(74) Old regions: 28->30
[2024-09-08T06:28:32.559+0800][info] GC(74) Archive regions: 2->2
[2024-09-08T06:28:32.559+0800][info] GC(74) Humongous regions: 0->0
[2024-09-08T06:28:32.559+0800][info] GC(74) Metaspace: 662K(832K)->662K(832K) NonClass: 605K(704K)->605K(704K) Class: 56K(128K)->56K(128K)
[2024-09-08T06:28:32.559+0800][info] GC(74) Pause Young (Normal) (G1 Evacuation Pause) 120M->120M(128M) 0.786ms
[2024-09-08T06:28:32.559+0800][info] GC(74) User=0.00s Sys=0.00s Real=0.00s
[2024-09-08T06:28:32.559+0800][info] Attempting full compaction
[2024-09-08T06:28:32.559+0800][info] GC(75) Using 1 workers of 48 for full compaction
[2024-09-08T06:28:32.559+0800][info] GC(75) Pause Full (G1 Compaction Pause)
[2024-09-08T06:28:32.560+0800][info] GC(75) Phase 1: Mark live objects
[2024-09-08T06:28:32.564+0800][info] GC(75) Phase 1: Mark live objects 4.094ms
[2024-09-08T06:28:32.564+0800][info] GC(75) Phase 2: Prepare for compaction
[2024-09-08T06:28:32.565+0800][info] GC(75) Phase 2: Prepare for compaction 1.198ms
[2024-09-08T06:28:32.565+0800][info] GC(75) Phase 3: Adjust pointers
[2024-09-08T06:28:32.567+0800][info] GC(75) Phase 3: Adjust pointers 2.257ms
[2024-09-08T06:28:32.567+0800][info] GC(75) Phase 4: Compact heap
[2024-09-08T06:28:32.570+0800][info] GC(75) Phase 4: Compact heap 2.215ms
[2024-09-08T06:28:32.570+0800][info] GC(75) Eden regions: 0->0(5)
[2024-09-08T06:28:32.570+0800][info] GC(75) Survivor regions: 0->0(0)
[2024-09-08T06:28:32.570+0800][info] GC(75) Old regions: 30->8
[2024-09-08T06:28:32.570+0800][info] GC(75) Archive regions: 2->2
[2024-09-08T06:28:32.570+0800][info] GC(75) Humongous regions: 0->0
[2024-09-08T06:28:32.570+0800][info] GC(75) Metaspace: 662K(832K)->662K(832K) NonClass: 605K(704K)->605K(704K) Class: 56K(128K)->56K(128K)
[2024-09-08T06:28:32.570+0800][info] GC(75) Pause Full (G1 Compaction Pause) 120M->34M(128M) 10.946ms
[2024-09-08T06:28:32.570+0800][info] GC(75) User=0.02s Sys=0.00s Real=0.01s
[2024-09-08T06:28:32.571+0800][info] GC(73) Concurrent Mark From Roots 14.334ms
[2024-09-08T06:28:32.571+0800][info] GC(73) Concurrent Mark Abort
[2024-09-08T06:28:32.571+0800][info] GC(73) Concurrent Mark Cycle 14.611ms
[2024-09-08T06:28:32.576+0800][info] GC(76) Pause Young (Normal) (G1 Evacuation Pause)
[2024-09-08T06:28:32.576+0800][info] GC(76) Using 3 workers of 48 for evacuation
[2024-09-08T06:28:32.579+0800][info] GC(76)   Pre Evacuate Collection Set: 0.1ms
[2024-09-08T06:28:32.579+0800][info] GC(76)   Merge Heap Roots: 0.0ms
[2024-09-08T06:28:32.579+0800][info] GC(76)   Evacuate Collection Set: 2.8ms
[2024-09-08T06:28:32.579+0800][info] GC(76)   Post Evacuate Collection Set: 0.2ms
[2024-09-08T06:28:32.579+0800][info] GC(76)   Other: 0.2ms
[2024-09-08T06:28:32.579+0800][info] GC(76) Eden regions: 5->0(4)
[2024-09-08T06:28:32.579+0800][info] GC(76) Survivor regions: 0->1(1)
[2024-09-08T06:28:32.579+0800][info] GC(76) Old regions: 8->12
[2024-09-08T06:28:32.579+0800][info] GC(76) Archive regions: 2->2
[2024-09-08T06:28:32.579+0800][info] GC(76) Humongous regions: 0->0
[2024-09-08T06:28:32.579+0800][info] GC(76) Metaspace: 662K(832K)->662K(832K) NonClass: 605K(704K)->605K(704K) Class: 56K(128K)->56K(128K)
[2024-09-08T06:28:32.579+0800][info] GC(76) Pause Young (Normal) (G1 Evacuation Pause) 54M->54M(128M) 3.437ms
[2024-09-08T06:28:32.579+0800][info] GC(76) User=0.01s Sys=0.00s Real=0.01s
[2024-09-08T06:28:32.584+0800][info] GC(77) Pause Young (Normal) (G1 Evacuation Pause)
[2024-09-08T06:28:32.584+0800][info] GC(77) Using 3 workers of 48 for evacuation
[2024-09-08T06:28:32.586+0800][info] GC(77)   Pre Evacuate Collection Set: 0.0ms
[2024-09-08T06:28:32.587+0800][info] GC(77)   Merge Heap Roots: 0.0ms
[2024-09-08T06:28:32.587+0800][info] GC(77)   Evacuate Collection Set: 2.6ms
[2024-09-08T06:28:32.587+0800][info] GC(77)   Post Evacuate Collection Set: 0.2ms
[2024-09-08T06:28:32.587+0800][info] GC(77)   Other: 0.1ms
[2024-09-08T06:28:32.587+0800][info] GC(77) Eden regions: 4->0(3)
[2024-09-08T06:28:32.587+0800][info] GC(77) Survivor regions: 1->1(1)
[2024-09-08T06:28:32.587+0800][info] GC(77) Old regions: 12->17
[2024-09-08T06:28:32.587+0800][info] GC(77) Archive regions: 2->2
[2024-09-08T06:28:32.587+0800][info] GC(77) Humongous regions: 0->0
[2024-09-08T06:28:32.587+0800][info] GC(77) Metaspace: 662K(832K)->662K(832K) NonClass: 605K(704K)->605K(704K) Class: 56K(128K)->56K(128K)
[2024-09-08T06:28:32.587+0800][info] GC(77) Pause Young (Normal) (G1 Evacuation Pause) 69M->70M(128M) 3.131ms
[2024-09-08T06:28:32.587+0800][info] GC(77) User=0.00s Sys=0.00s Real=0.01s
[2024-09-08T06:28:32.590+0800][info] GC(78) Pause Young (Concurrent Start) (G1 Evacuation Pause)
[2024-09-08T06:28:32.590+0800][info] GC(78) Using 3 workers of 48 for evacuation
[2024-09-08T06:28:32.592+0800][info] GC(78)   Pre Evacuate Collection Set: 0.0ms
[2024-09-08T06:28:32.592+0800][info] GC(78)   Merge Heap Roots: 0.0ms
[2024-09-08T06:28:32.592+0800][info] GC(78)   Evacuate Collection Set: 2.1ms
[2024-09-08T06:28:32.592+0800][info] GC(78)   Post Evacuate Collection Set: 0.2ms
[2024-09-08T06:28:32.592+0800][info] GC(78)   Other: 0.2ms
[2024-09-08T06:28:32.592+0800][info] GC(78) Eden regions: 3->0(2)
[2024-09-08T06:28:32.592+0800][info] GC(78) Survivor regions: 1->1(1)
[2024-09-08T06:28:32.592+0800][info] GC(78) Old regions: 17->20
[2024-09-08T06:28:32.592+0800][info] GC(78) Archive regions: 2->2
[2024-09-08T06:28:32.592+0800][info] GC(78) Humongous regions: 0->0
[2024-09-08T06:28:32.592+0800][info] GC(78) Metaspace: 662K(832K)->662K(832K) NonClass: 605K(704K)->605K(704K) Class: 56K(128K)->56K(128K)
[2024-09-08T06:28:32.593+0800][info] GC(78) Pause Young (Concurrent Start) (G1 Evacuation Pause) 82M->82M(128M) 2.796ms
[2024-09-08T06:28:32.593+0800][info] GC(78) User=0.00s Sys=0.00s Real=0.00s
[2024-09-08T06:28:32.593+0800][info] GC(79) Concurrent Mark Cycle
[2024-09-08T06:28:32.593+0800][info] GC(79) Concurrent Clear Claimed Marks
[2024-09-08T06:28:32.593+0800][info] GC(79) Concurrent Clear Claimed Marks 0.016ms
[2024-09-08T06:28:32.593+0800][info] GC(79) Concurrent Scan Root Regions
[2024-09-08T06:28:32.593+0800][info] GC(79) Concurrent Scan Root Regions 0.371ms
[2024-09-08T06:28:32.593+0800][info] GC(79) Concurrent Mark
[2024-09-08T06:28:32.593+0800][info] GC(79) Concurrent Mark From Roots
[2024-09-08T06:28:32.593+0800][info] GC(79) Using 12 workers of 12 for marking
[2024-09-08T06:28:32.595+0800][info] GC(79) Concurrent Mark From Roots 2.152ms
[2024-09-08T06:28:32.595+0800][info] GC(79) Concurrent Preclean
[2024-09-08T06:28:32.597+0800][info] GC(79) Concurrent Preclean 1.318ms
[2024-09-08T06:28:32.597+0800][info] GC(79) Pause Remark
[2024-09-08T06:28:32.598+0800][info] GC(79) Pause Remark 85M->85M(128M) 1.202ms
[2024-09-08T06:28:32.598+0800][info] GC(79) User=0.01s Sys=0.00s Real=0.01s
[2024-09-08T06:28:32.598+0800][info] GC(79) Concurrent Mark 4.929ms
[2024-09-08T06:28:32.598+0800][info] GC(79) Concurrent Rebuild Remembered Sets
[2024-09-08T06:28:32.604+0800][info] GC(79) Concurrent Rebuild Remembered Sets 5.600ms
[2024-09-08T06:28:32.604+0800][info] GC(79) Pause Cleanup
[2024-09-08T06:28:32.604+0800][info] GC(79) Pause Cleanup 85M->85M(128M) 0.363ms
[2024-09-08T06:28:32.604+0800][info] GC(79) User=0.00s Sys=0.00s Real=0.00s
[2024-09-08T06:28:32.604+0800][info] GC(79) Concurrent Cleanup for Next Mark
[2024-09-08T06:28:32.604+0800][info] GC(79) Concurrent Cleanup for Next Mark 0.263ms
[2024-09-08T06:28:32.604+0800][info] GC(79) Concurrent Mark Cycle 11.821ms
[2024-09-08T06:28:33.599+0800][info] GC(80) Pause Young (Normal) (G1 Evacuation Pause)
[2024-09-08T06:28:33.599+0800][info] GC(80) Using 3 workers of 48 for evacuation
[2024-09-08T06:28:33.601+0800][info] GC(80)   Pre Evacuate Collection Set: 0.1ms
[2024-09-08T06:28:33.601+0800][info] GC(80)   Merge Heap Roots: 0.0ms
[2024-09-08T06:28:33.601+0800][info] GC(80)   Evacuate Collection Set: 1.6ms
[2024-09-08T06:28:33.601+0800][info] GC(80)   Post Evacuate Collection Set: 0.2ms
[2024-09-08T06:28:33.601+0800][info] GC(80)   Other: 0.2ms
[2024-09-08T06:28:33.602+0800][info] GC(80) Eden regions: 2->0(1)
[2024-09-08T06:28:33.602+0800][info] GC(80) Survivor regions: 1->1(1)
[2024-09-08T06:28:33.602+0800][info] GC(80) Old regions: 20->22
[2024-09-08T06:28:33.602+0800][info] GC(80) Archive regions: 2->2
[2024-09-08T06:28:33.602+0800][info] GC(80) Humongous regions: 0->0
[2024-09-08T06:28:33.602+0800][info] GC(80) Metaspace: 680K(832K)->680K(832K) NonClass: 623K(704K)->623K(704K) Class: 56K(128K)->56K(128K)
[2024-09-08T06:28:33.602+0800][info] GC(80) Pause Young (Normal) (G1 Evacuation Pause) 90M->90M(128M) 2.326ms
[2024-09-08T06:28:33.602+0800][info] GC(80) User=0.00s Sys=0.00s Real=0.00s
[2024-09-08T06:28:33.603+0800][info] GC(81) Pause Young (Concurrent Start) (G1 Evacuation Pause)
[2024-09-08T06:28:33.603+0800][info] GC(81) Using 3 workers of 48 for evacuation
[2024-09-08T06:28:33.604+0800][info] GC(81)   Pre Evacuate Collection Set: 0.0ms
[2024-09-08T06:28:33.604+0800][info] GC(81)   Merge Heap Roots: 0.0ms
[2024-09-08T06:28:33.604+0800][info] GC(81)   Evacuate Collection Set: 1.1ms
[2024-09-08T06:28:33.604+0800][info] GC(81)   Post Evacuate Collection Set: 0.2ms
[2024-09-08T06:28:33.604+0800][info] GC(81)   Other: 0.2ms
[2024-09-08T06:28:33.604+0800][info] GC(81) Eden regions: 1->0(1)
[2024-09-08T06:28:33.604+0800][info] GC(81) Survivor regions: 1->1(1)
[2024-09-08T06:28:33.605+0800][info] GC(81) Old regions: 22->23
[2024-09-08T06:28:33.605+0800][info] GC(81) Archive regions: 2->2
[2024-09-08T06:28:33.605+0800][info] GC(81) Humongous regions: 0->0
[2024-09-08T06:28:33.605+0800][info] GC(81) Metaspace: 686K(832K)->686K(832K) NonClass: 629K(704K)->629K(704K) Class: 56K(128K)->56K(128K)
[2024-09-08T06:28:33.605+0800][info] GC(81) Pause Young (Concurrent Start) (G1 Evacuation Pause) 94M->94M(128M) 1.775ms
[2024-09-08T06:28:33.605+0800][info] GC(81) User=0.01s Sys=0.00s Real=0.00s
[2024-09-08T06:28:33.605+0800][info] GC(82) Concurrent Mark Cycle
[2024-09-08T06:28:33.605+0800][info] GC(82) Concurrent Clear Claimed Marks
[2024-09-08T06:28:33.605+0800][info] GC(82) Concurrent Clear Claimed Marks 0.020ms
[2024-09-08T06:28:33.605+0800][info] GC(82) Concurrent Scan Root Regions
[2024-09-08T06:28:33.605+0800][info] GC(82) Concurrent Scan Root Regions 0.112ms
[2024-09-08T06:28:33.605+0800][info] GC(82) Concurrent Mark
[2024-09-08T06:28:33.605+0800][info] GC(82) Concurrent Mark From Roots
[2024-09-08T06:28:33.605+0800][info] GC(82) Using 12 workers of 12 for marking
[2024-09-08T06:28:33.607+0800][info] GC(83) Pause Young (Normal) (G1 Evacuation Pause)
[2024-09-08T06:28:33.607+0800][info] GC(83) Using 3 workers of 48 for evacuation
[2024-09-08T06:28:33.608+0800][info] GC(83)   Pre Evacuate Collection Set: 0.0ms
[2024-09-08T06:28:33.608+0800][info] GC(83)   Merge Heap Roots: 0.0ms
[2024-09-08T06:28:33.608+0800][info] GC(83)   Evacuate Collection Set: 0.9ms
[2024-09-08T06:28:33.608+0800][info] GC(83)   Post Evacuate Collection Set: 0.2ms
[2024-09-08T06:28:33.608+0800][info] GC(83)   Other: 0.2ms
[2024-09-08T06:28:33.608+0800][info] GC(83) Eden regions: 1->0(1)
[2024-09-08T06:28:33.608+0800][info] GC(83) Survivor regions: 1->1(1)
[2024-09-08T06:28:33.608+0800][info] GC(83) Old regions: 23->23
[2024-09-08T06:28:33.609+0800][info] GC(83) Archive regions: 2->2
[2024-09-08T06:28:33.609+0800][info] GC(83) Humongous regions: 0->0
[2024-09-08T06:28:33.609+0800][info] GC(83) Metaspace: 686K(832K)->686K(832K) NonClass: 629K(704K)->629K(704K) Class: 56K(128K)->56K(128K)
[2024-09-08T06:28:33.609+0800][info] GC(83) Pause Young (Normal) (G1 Evacuation Pause) 97M->97M(128M) 1.567ms
[2024-09-08T06:28:33.609+0800][info] GC(83) User=0.00s Sys=0.00s Real=0.00s
[2024-09-08T06:28:33.611+0800][info] GC(84) Pause Young (Normal) (G1 Evacuation Pause)
[2024-09-08T06:28:33.611+0800][info] GC(84) Using 3 workers of 48 for evacuation
[2024-09-08T06:28:33.612+0800][info] GC(84)   Pre Evacuate Collection Set: 0.0ms
[2024-09-08T06:28:33.612+0800][info] GC(84)   Merge Heap Roots: 0.0ms
[2024-09-08T06:28:33.612+0800][info] GC(84)   Evacuate Collection Set: 0.8ms
[2024-09-08T06:28:33.612+0800][info] GC(84)   Post Evacuate Collection Set: 0.2ms
[2024-09-08T06:28:33.612+0800][info] GC(84)   Other: 0.1ms
[2024-09-08T06:28:33.612+0800][info] GC(84) Eden regions: 1->0(1)
[2024-09-08T06:28:33.612+0800][info] GC(84) Survivor regions: 1->1(1)
[2024-09-08T06:28:33.612+0800][info] GC(84) Old regions: 23->24
[2024-09-08T06:28:33.612+0800][info] GC(84) Archive regions: 2->2
[2024-09-08T06:28:33.612+0800][info] GC(84) Humongous regions: 0->0
[2024-09-08T06:28:33.612+0800][info] GC(84) Metaspace: 686K(832K)->686K(832K) NonClass: 629K(704K)->629K(704K) Class: 56K(128K)->56K(128K)
[2024-09-08T06:28:33.612+0800][info] GC(84) Pause Young (Normal) (G1 Evacuation Pause) 101M->101M(128M) 1.401ms
[2024-09-08T06:28:33.612+0800][info] GC(84) User=0.00s Sys=0.00s Real=0.00s
[2024-09-08T06:28:33.614+0800][info] GC(85) Pause Young (Normal) (G1 Preventive Collection)
[2024-09-08T06:28:33.614+0800][info] GC(85) Using 3 workers of 48 for evacuation
[2024-09-08T06:28:33.615+0800][info] GC(85)   Pre Evacuate Collection Set: 0.0ms
[2024-09-08T06:28:33.615+0800][info] GC(85)   Merge Heap Roots: 0.0ms
[2024-09-08T06:28:33.615+0800][info] GC(85)   Evacuate Collection Set: 0.8ms
[2024-09-08T06:28:33.615+0800][info] GC(85)   Post Evacuate Collection Set: 0.2ms
[2024-09-08T06:28:33.615+0800][info] GC(85)   Other: 0.1ms
[2024-09-08T06:28:33.615+0800][info] GC(85) Eden regions: 1->0(1)
[2024-09-08T06:28:33.615+0800][info] GC(85) Survivor regions: 1->1(1)
[2024-09-08T06:28:33.615+0800][info] GC(85) Old regions: 24->25
[2024-09-08T06:28:33.615+0800][info] GC(85) Archive regions: 2->2
[2024-09-08T06:28:33.615+0800][info] GC(85) Humongous regions: 0->0
[2024-09-08T06:28:33.615+0800][info] GC(85) Metaspace: 686K(832K)->686K(832K) NonClass: 629K(704K)->629K(704K) Class: 56K(128K)->56K(128K)
[2024-09-08T06:28:33.615+0800][info] GC(85) Pause Young (Normal) (G1 Preventive Collection) 105M->105M(128M) 1.378ms
[2024-09-08T06:28:33.615+0800][info] GC(85) User=0.00s Sys=0.00s Real=0.00s
[2024-09-08T06:28:33.616+0800][info] GC(82) Concurrent Mark From Roots 10.869ms
[2024-09-08T06:28:33.616+0800][info] GC(82) Concurrent Preclean
[2024-09-08T06:28:33.616+0800][info] GC(86) Pause Young (Normal) (G1 Preventive Collection)
[2024-09-08T06:28:33.616+0800][info] GC(86) Using 3 workers of 48 for evacuation
[2024-09-08T06:28:33.617+0800][info] GC(86)   Pre Evacuate Collection Set: 0.0ms
[2024-09-08T06:28:33.617+0800][info] GC(86)   Merge Heap Roots: 0.0ms
[2024-09-08T06:28:33.617+0800][info] GC(86)   Evacuate Collection Set: 0.8ms
[2024-09-08T06:28:33.618+0800][info] GC(86)   Post Evacuate Collection Set: 0.2ms
[2024-09-08T06:28:33.618+0800][info] GC(86)   Other: 0.1ms
[2024-09-08T06:28:33.618+0800][info] GC(86) Eden regions: 1->0(1)
[2024-09-08T06:28:33.618+0800][info] GC(86) Survivor regions: 1->1(1)
[2024-09-08T06:28:33.618+0800][info] GC(86) Old regions: 25->26
[2024-09-08T06:28:33.618+0800][info] GC(86) Archive regions: 2->2
[2024-09-08T06:28:33.618+0800][info] GC(86) Humongous regions: 0->0
[2024-09-08T06:28:33.618+0800][info] GC(86) Metaspace: 686K(832K)->686K(832K) NonClass: 629K(704K)->629K(704K) Class: 56K(128K)->56K(128K)
[2024-09-08T06:28:33.618+0800][info] GC(86) Pause Young (Normal) (G1 Preventive Collection) 109M->109M(128M) 1.395ms
[2024-09-08T06:28:33.618+0800][info] GC(86) User=0.00s Sys=0.00s Real=0.01s
[2024-09-08T06:28:33.619+0800][info] GC(82) Concurrent Preclean 3.191ms
[2024-09-08T06:28:33.619+0800][info] GC(87) Pause Young (Normal) (G1 Preventive Collection)
[2024-09-08T06:28:33.619+0800][info] GC(87) Using 3 workers of 48 for evacuation
[2024-09-08T06:28:33.620+0800][info] GC(87)   Pre Evacuate Collection Set: 0.0ms
[2024-09-08T06:28:33.620+0800][info] GC(87)   Merge Heap Roots: 0.0ms
[2024-09-08T06:28:33.620+0800][info] GC(87)   Evacuate Collection Set: 0.8ms
[2024-09-08T06:28:33.620+0800][info] GC(87)   Post Evacuate Collection Set: 0.2ms
[2024-09-08T06:28:33.620+0800][info] GC(87)   Other: 0.1ms
[2024-09-08T06:28:33.620+0800][info] GC(87) Eden regions: 1->0(1)
[2024-09-08T06:28:33.620+0800][info] GC(87) Survivor regions: 1->1(1)
[2024-09-08T06:28:33.620+0800][info] GC(87) Old regions: 26->27
[2024-09-08T06:28:33.620+0800][info] GC(87) Archive regions: 2->2
[2024-09-08T06:28:33.620+0800][info] GC(87) Humongous regions: 0->0
[2024-09-08T06:28:33.620+0800][info] GC(87) Metaspace: 686K(832K)->686K(832K) NonClass: 629K(704K)->629K(704K) Class: 56K(128K)->56K(128K)
[2024-09-08T06:28:33.620+0800][info] GC(87) Pause Young (Normal) (G1 Preventive Collection) 113M->113M(128M) 1.370ms
[2024-09-08T06:28:33.620+0800][info] GC(87) User=0.00s Sys=0.00s Real=0.00s
[2024-09-08T06:28:33.621+0800][info] GC(82) Pause Remark
[2024-09-08T06:28:33.622+0800][info] GC(82) Pause Remark 114M->39M(128M) 1.256ms
[2024-09-08T06:28:33.622+0800][info] GC(82) User=0.00s Sys=0.00s Real=0.00s
[2024-09-08T06:28:33.622+0800][info] GC(82) Concurrent Mark 17.208ms
[2024-09-08T06:28:33.622+0800][info] GC(82) Concurrent Rebuild Remembered Sets
[2024-09-08T06:28:33.622+0800][info] GC(82) Concurrent Rebuild Remembered Sets 0.016ms
[2024-09-08T06:28:33.622+0800][info] GC(82) Pause Cleanup
[2024-09-08T06:28:33.622+0800][info] GC(82) Pause Cleanup 40M->40M(128M) 0.030ms
[2024-09-08T06:28:33.622+0800][info] GC(82) User=0.00s Sys=0.00s Real=0.00s
[2024-09-08T06:28:33.622+0800][info] GC(82) Concurrent Cleanup for Next Mark
[2024-09-08T06:28:33.623+0800][info] GC(82) Concurrent Cleanup for Next Mark 0.329ms
[2024-09-08T06:28:33.623+0800][info] GC(82) Concurrent Mark Cycle 18.100ms
[2024-09-08T06:28:33.623+0800][info] GC(88) Pause Young (Normal) (G1 Evacuation Pause)
[2024-09-08T06:28:33.623+0800][info] GC(88) Using 3 workers of 48 for evacuation
[2024-09-08T06:28:33.625+0800][info] GC(88)   Pre Evacuate Collection Set: 0.0ms
[2024-09-08T06:28:33.625+0800][info] GC(88)   Merge Heap Roots: 0.0ms
[2024-09-08T06:28:33.625+0800][info] GC(88)   Evacuate Collection Set: 1.1ms
[2024-09-08T06:28:33.625+0800][info] GC(88)   Post Evacuate Collection Set: 0.2ms
[2024-09-08T06:28:33.625+0800][info] GC(88)   Other: 0.1ms
[2024-09-08T06:28:33.625+0800][info] GC(88) Eden regions: 1->0(5)
[2024-09-08T06:28:33.625+0800][info] GC(88) Survivor regions: 1->1(1)
[2024-09-08T06:28:33.625+0800][info] GC(88) Old regions: 8->9
[2024-09-08T06:28:33.625+0800][info] GC(88) Archive regions: 2->2
[2024-09-08T06:28:33.625+0800][info] GC(88) Humongous regions: 0->0
[2024-09-08T06:28:33.625+0800][info] GC(88) Metaspace: 686K(832K)->686K(832K) NonClass: 629K(704K)->629K(704K) Class: 56K(128K)->56K(128K)
[2024-09-08T06:28:33.625+0800][info] GC(88) Pause Young (Normal) (G1 Evacuation Pause) 43M->43M(128M) 1.647ms
[2024-09-08T06:28:33.625+0800][info] GC(88) User=0.01s Sys=0.00s Real=0.01s
[2024-09-08T06:28:33.630+0800][info] GC(89) Pause Young (Normal) (G1 Evacuation Pause)
[2024-09-08T06:28:33.630+0800][info] GC(89) Using 3 workers of 48 for evacuation
[2024-09-08T06:28:33.634+0800][info] GC(89)   Pre Evacuate Collection Set: 0.0ms
[2024-09-08T06:28:33.634+0800][info] GC(89)   Merge Heap Roots: 0.0ms
[2024-09-08T06:28:33.634+0800][info] GC(89)   Evacuate Collection Set: 3.1ms
[2024-09-08T06:28:33.634+0800][info] GC(89)   Post Evacuate Collection Set: 0.2ms
[2024-09-08T06:28:33.634+0800][info] GC(89)   Other: 0.1ms
[2024-09-08T06:28:33.634+0800][info] GC(89) Eden regions: 5->0(4)
[2024-09-08T06:28:33.634+0800][info] GC(89) Survivor regions: 1->1(1)
[2024-09-08T06:28:33.634+0800][info] GC(89) Old regions: 9->14
[2024-09-08T06:28:33.634+0800][info] GC(89) Archive regions: 2->2
[2024-09-08T06:28:33.634+0800][info] GC(89) Humongous regions: 0->0
[2024-09-08T06:28:33.634+0800][info] GC(89) Metaspace: 686K(832K)->686K(832K) NonClass: 629K(704K)->629K(704K) Class: 56K(128K)->56K(128K)
[2024-09-08T06:28:33.634+0800][info] GC(89) Pause Young (Normal) (G1 Evacuation Pause) 63M->63M(128M) 3.638ms
[2024-09-08T06:28:33.634+0800][info] GC(89) User=0.01s Sys=0.00s Real=0.00s
[2024-09-08T06:28:33.638+0800][info] GC(90) Pause Young (Concurrent Start) (G1 Evacuation Pause)
[2024-09-08T06:28:33.638+0800][info] GC(90) Using 3 workers of 48 for evacuation
[2024-09-08T06:28:33.641+0800][info] GC(90)   Pre Evacuate Collection Set: 0.0ms
[2024-09-08T06:28:33.641+0800][info] GC(90)   Merge Heap Roots: 0.0ms
[2024-09-08T06:28:33.641+0800][info] GC(90)   Evacuate Collection Set: 2.7ms
[2024-09-08T06:28:33.641+0800][info] GC(90)   Post Evacuate Collection Set: 0.2ms
[2024-09-08T06:28:33.641+0800][info] GC(90)   Other: 0.3ms
[2024-09-08T06:28:33.641+0800][info] GC(90) Eden regions: 4->0(2)
[2024-09-08T06:28:33.641+0800][info] GC(90) Survivor regions: 1->1(1)
[2024-09-08T06:28:33.641+0800][info] GC(90) Old regions: 14->18
[2024-09-08T06:28:33.641+0800][info] GC(90) Archive regions: 2->2
[2024-09-08T06:28:33.641+0800][info] GC(90) Humongous regions: 0->0
[2024-09-08T06:28:33.641+0800][info] GC(90) Metaspace: 686K(832K)->686K(832K) NonClass: 629K(704K)->629K(704K) Class: 56K(128K)->56K(128K)
[2024-09-08T06:28:33.641+0800][info] GC(90) Pause Young (Concurrent Start) (G1 Evacuation Pause) 79M->79M(128M) 3.411ms
[2024-09-08T06:28:33.641+0800][info] GC(90) User=0.01s Sys=0.00s Real=0.00s
[2024-09-08T06:28:33.642+0800][info] GC(91) Concurrent Mark Cycle
[2024-09-08T06:28:33.642+0800][info] GC(91) Concurrent Clear Claimed Marks
[2024-09-08T06:28:33.642+0800][info] GC(91) Concurrent Clear Claimed Marks 0.026ms
[2024-09-08T06:28:33.642+0800][info] GC(91) Concurrent Scan Root Regions
[2024-09-08T06:28:33.642+0800][info] GC(91) Concurrent Scan Root Regions 0.338ms
[2024-09-08T06:28:33.642+0800][info] GC(91) Concurrent Mark
[2024-09-08T06:28:33.642+0800][info] GC(91) Concurrent Mark From Roots
[2024-09-08T06:28:33.642+0800][info] GC(91) Using 12 workers of 12 for marking
[2024-09-08T06:28:33.645+0800][info] GC(92) Pause Young (Normal) (G1 Evacuation Pause)
[2024-09-08T06:28:33.645+0800][info] GC(92) Using 3 workers of 48 for evacuation
[2024-09-08T06:28:33.647+0800][info] GC(92)   Pre Evacuate Collection Set: 0.1ms
[2024-09-08T06:28:33.647+0800][info] GC(92)   Merge Heap Roots: 0.0ms
[2024-09-08T06:28:33.647+0800][info] GC(92)   Evacuate Collection Set: 1.5ms
[2024-09-08T06:28:33.647+0800][info] GC(92)   Post Evacuate Collection Set: 0.2ms
[2024-09-08T06:28:33.647+0800][info] GC(92)   Other: 0.2ms
[2024-09-08T06:28:33.647+0800][info] GC(92) Eden regions: 2->0(2)
[2024-09-08T06:28:33.647+0800][info] GC(92) Survivor regions: 1->1(1)
[2024-09-08T06:28:33.647+0800][info] GC(92) Old regions: 18->20
[2024-09-08T06:28:33.647+0800][info] GC(92) Archive regions: 2->2
[2024-09-08T06:28:33.647+0800][info] GC(92) Humongous regions: 0->0
[2024-09-08T06:28:33.647+0800][info] GC(92) Metaspace: 686K(832K)->686K(832K) NonClass: 629K(704K)->629K(704K) Class: 56K(128K)->56K(128K)
[2024-09-08T06:28:33.647+0800][info] GC(92) Pause Young (Normal) (G1 Evacuation Pause) 87M->87M(128M) 2.202ms
[2024-09-08T06:28:33.647+0800][info] GC(92) User=0.00s Sys=0.00s Real=0.01s
[2024-09-08T06:28:33.649+0800][info] GC(91) Concurrent Mark From Roots 7.044ms
[2024-09-08T06:28:33.649+0800][info] GC(91) Concurrent Preclean
[2024-09-08T06:28:33.651+0800][info] GC(91) Concurrent Preclean 1.941ms
[2024-09-08T06:28:33.651+0800][info] GC(91) Pause Remark
[2024-09-08T06:28:33.652+0800][info] GC(91) Pause Remark 92M->92M(128M) 1.224ms
[2024-09-08T06:28:33.652+0800][info] GC(91) User=0.00s Sys=0.00s Real=0.00s
[2024-09-08T06:28:33.652+0800][info] GC(91) Concurrent Mark 10.441ms
[2024-09-08T06:28:33.652+0800][info] GC(91) Concurrent Rebuild Remembered Sets
[2024-09-08T06:28:33.653+0800][info] GC(91) Concurrent Rebuild Remembered Sets 0.014ms
[2024-09-08T06:28:33.653+0800][info] GC(91) Pause Cleanup
[2024-09-08T06:28:33.653+0800][info] GC(91) Pause Cleanup 92M->92M(128M) 0.026ms
[2024-09-08T06:28:33.653+0800][info] GC(91) User=0.00s Sys=0.00s Real=0.00s
[2024-09-08T06:28:33.653+0800][info] GC(91) Concurrent Cleanup for Next Mark
[2024-09-08T06:28:33.653+0800][info] GC(91) Concurrent Cleanup for Next Mark 0.279ms
[2024-09-08T06:28:33.653+0800][info] GC(91) Concurrent Mark Cycle 11.489ms
[2024-09-08T06:28:34.652+0800][info] GC(93) Pause Young (Normal) (G1 Evacuation Pause)
[2024-09-08T06:28:34.653+0800][info] GC(93) Using 3 workers of 48 for evacuation
[2024-09-08T06:28:34.654+0800][info] GC(93)   Pre Evacuate Collection Set: 0.1ms
[2024-09-08T06:28:34.654+0800][info] GC(93)   Merge Heap Roots: 0.0ms
[2024-09-08T06:28:34.654+0800][info] GC(93)   Evacuate Collection Set: 1.6ms
[2024-09-08T06:28:34.655+0800][info] GC(93)   Post Evacuate Collection Set: 0.2ms
[2024-09-08T06:28:34.655+0800][info] GC(93)   Other: 0.2ms
[2024-09-08T06:28:34.655+0800][info] GC(93) Eden regions: 2->0(1)
[2024-09-08T06:28:34.655+0800][info] GC(93) Survivor regions: 1->1(1)
[2024-09-08T06:28:34.655+0800][info] GC(93) Old regions: 20->22
[2024-09-08T06:28:34.655+0800][info] GC(93) Archive regions: 2->2
[2024-09-08T06:28:34.655+0800][info] GC(93) Humongous regions: 0->0
[2024-09-08T06:28:34.655+0800][info] GC(93) Metaspace: 695K(896K)->695K(896K) NonClass: 638K(768K)->638K(768K) Class: 56K(128K)->56K(128K)
[2024-09-08T06:28:34.655+0800][info] GC(93) Pause Young (Normal) (G1 Evacuation Pause) 95M->95M(128M) 2.226ms
[2024-09-08T06:28:34.655+0800][info] GC(93) User=0.00s Sys=0.01s Real=0.00s
[2024-09-08T06:28:34.656+0800][info] GC(94) Pause Young (Concurrent Start) (G1 Evacuation Pause)
[2024-09-08T06:28:34.656+0800][info] GC(94) Using 3 workers of 48 for evacuation
[2024-09-08T06:28:34.657+0800][info] GC(94)   Pre Evacuate Collection Set: 0.0ms
[2024-09-08T06:28:34.657+0800][info] GC(94)   Merge Heap Roots: 0.0ms
[2024-09-08T06:28:34.657+0800][info] GC(94)   Evacuate Collection Set: 1.1ms
[2024-09-08T06:28:34.657+0800][info] GC(94)   Post Evacuate Collection Set: 0.2ms
[2024-09-08T06:28:34.657+0800][info] GC(94)   Other: 0.2ms
[2024-09-08T06:28:34.657+0800][info] GC(94) Eden regions: 1->0(1)
[2024-09-08T06:28:34.657+0800][info] GC(94) Survivor regions: 1->1(1)
[2024-09-08T06:28:34.657+0800][info] GC(94) Old regions: 22->23
[2024-09-08T06:28:34.657+0800][info] GC(94) Archive regions: 2->2
[2024-09-08T06:28:34.657+0800][info] GC(94) Humongous regions: 0->0
[2024-09-08T06:28:34.657+0800][info] GC(94) Metaspace: 695K(896K)->695K(896K) NonClass: 638K(768K)->638K(768K) Class: 56K(128K)->56K(128K)
[2024-09-08T06:28:34.657+0800][info] GC(94) Pause Young (Concurrent Start) (G1 Evacuation Pause) 99M->99M(128M) 1.751ms
[2024-09-08T06:28:34.657+0800][info] GC(94) User=0.01s Sys=0.00s Real=0.01s
[2024-09-08T06:28:34.658+0800][info] GC(95) Concurrent Mark Cycle
[2024-09-08T06:28:34.658+0800][info] GC(95) Concurrent Clear Claimed Marks
[2024-09-08T06:28:34.658+0800][info] GC(95) Concurrent Clear Claimed Marks 0.034ms
[2024-09-08T06:28:34.658+0800][info] GC(95) Concurrent Scan Root Regions
[2024-09-08T06:28:34.658+0800][info] GC(95) Concurrent Scan Root Regions 0.107ms
[2024-09-08T06:28:34.658+0800][info] GC(95) Concurrent Mark
[2024-09-08T06:28:34.658+0800][info] GC(95) Concurrent Mark From Roots
[2024-09-08T06:28:34.658+0800][info] GC(95) Using 12 workers of 12 for marking
[2024-09-08T06:28:34.660+0800][info] GC(96) Pause Young (Normal) (G1 Evacuation Pause)
[2024-09-08T06:28:34.660+0800][info] GC(96) Using 3 workers of 48 for evacuation
[2024-09-08T06:28:34.661+0800][info] GC(96)   Pre Evacuate Collection Set: 0.0ms
[2024-09-08T06:28:34.661+0800][info] GC(96)   Merge Heap Roots: 0.0ms
[2024-09-08T06:28:34.661+0800][info] GC(96)   Evacuate Collection Set: 0.9ms
[2024-09-08T06:28:34.661+0800][info] GC(96)   Post Evacuate Collection Set: 0.2ms
[2024-09-08T06:28:34.661+0800][info] GC(96)   Other: 0.2ms
[2024-09-08T06:28:34.661+0800][info] GC(96) Eden regions: 1->0(1)
[2024-09-08T06:28:34.661+0800][info] GC(96) Survivor regions: 1->1(1)
[2024-09-08T06:28:34.661+0800][info] GC(96) Old regions: 23->24
[2024-09-08T06:28:34.661+0800][info] GC(96) Archive regions: 2->2
[2024-09-08T06:28:34.661+0800][info] GC(96) Humongous regions: 0->0
[2024-09-08T06:28:34.661+0800][info] GC(96) Metaspace: 695K(896K)->695K(896K) NonClass: 638K(768K)->638K(768K) Class: 56K(128K)->56K(128K)
[2024-09-08T06:28:34.661+0800][info] GC(96) Pause Young (Normal) (G1 Evacuation Pause) 103M->103M(128M) 1.548ms
[2024-09-08T06:28:34.661+0800][info] GC(96) User=0.00s Sys=0.00s Real=0.00s
[2024-09-08T06:28:34.664+0800][info] GC(97) Pause Young (Normal) (G1 Preventive Collection)
[2024-09-08T06:28:34.664+0800][info] GC(97) Using 3 workers of 48 for evacuation
[2024-09-08T06:28:34.665+0800][info] GC(97)   Pre Evacuate Collection Set: 0.0ms
[2024-09-08T06:28:34.665+0800][info] GC(97)   Merge Heap Roots: 0.0ms
[2024-09-08T06:28:34.665+0800][info] GC(97)   Evacuate Collection Set: 0.9ms
[2024-09-08T06:28:34.665+0800][info] GC(97)   Post Evacuate Collection Set: 0.2ms
[2024-09-08T06:28:34.665+0800][info] GC(97)   Other: 0.1ms
[2024-09-08T06:28:34.665+0800][info] GC(97) Eden regions: 1->0(1)
[2024-09-08T06:28:34.665+0800][info] GC(97) Survivor regions: 1->1(1)
[2024-09-08T06:28:34.665+0800][info] GC(97) Old regions: 24->25
[2024-09-08T06:28:34.665+0800][info] GC(97) Archive regions: 2->2
[2024-09-08T06:28:34.665+0800][info] GC(97) Humongous regions: 0->0
[2024-09-08T06:28:34.665+0800][info] GC(97) Metaspace: 695K(896K)->695K(896K) NonClass: 638K(768K)->638K(768K) Class: 56K(128K)->56K(128K)
[2024-09-08T06:28:34.665+0800][info] GC(97) Pause Young (Normal) (G1 Preventive Collection) 107M->107M(128M) 1.484ms
[2024-09-08T06:28:34.665+0800][info] GC(97) User=0.00s Sys=0.00s Real=0.01s
[2024-09-08T06:28:34.666+0800][info] GC(95) Concurrent Mark From Roots 8.253ms
[2024-09-08T06:28:34.666+0800][info] GC(98) Pause Young (Normal) (G1 Preventive Collection)
[2024-09-08T06:28:34.666+0800][info] GC(98) Using 3 workers of 48 for evacuation
[2024-09-08T06:28:34.666+0800][info] GC(95) Concurrent Preclean
[2024-09-08T06:28:34.667+0800][info] GC(98)   Pre Evacuate Collection Set: 0.0ms
[2024-09-08T06:28:34.667+0800][info] GC(98)   Merge Heap Roots: 0.0ms
[2024-09-08T06:28:34.667+0800][info] GC(98)   Evacuate Collection Set: 0.8ms
[2024-09-08T06:28:34.667+0800][info] GC(98)   Post Evacuate Collection Set: 0.2ms
[2024-09-08T06:28:34.667+0800][info] GC(98)   Other: 0.2ms
[2024-09-08T06:28:34.667+0800][info] GC(98) Eden regions: 1->0(1)
[2024-09-08T06:28:34.667+0800][info] GC(98) Survivor regions: 1->1(1)
[2024-09-08T06:28:34.667+0800][info] GC(98) Old regions: 25->26
[2024-09-08T06:28:34.668+0800][info] GC(98) Archive regions: 2->2
[2024-09-08T06:28:34.668+0800][info] GC(98) Humongous regions: 0->0
[2024-09-08T06:28:34.668+0800][info] GC(98) Metaspace: 695K(896K)->695K(896K) NonClass: 638K(768K)->638K(768K) Class: 56K(128K)->56K(128K)
[2024-09-08T06:28:34.668+0800][info] GC(98) Pause Young (Normal) (G1 Preventive Collection) 111M->111M(128M) 1.415ms
[2024-09-08T06:28:34.668+0800][info] GC(98) User=0.00s Sys=0.00s Real=0.00s
[2024-09-08T06:28:34.670+0800][info] GC(99) Pause Young (Normal) (G1 Preventive Collection)
[2024-09-08T06:28:34.670+0800][info] GC(99) Using 3 workers of 48 for evacuation
[2024-09-08T06:28:34.671+0800][info] GC(99)   Pre Evacuate Collection Set: 0.0ms
[2024-09-08T06:28:34.671+0800][info] GC(99)   Merge Heap Roots: 0.0ms
[2024-09-08T06:28:34.671+0800][info] GC(99)   Evacuate Collection Set: 0.8ms
[2024-09-08T06:28:34.671+0800][info] GC(99)   Post Evacuate Collection Set: 0.2ms
[2024-09-08T06:28:34.671+0800][info] GC(99)   Other: 0.1ms
[2024-09-08T06:28:34.671+0800][info] GC(99) Eden regions: 1->0(1)
[2024-09-08T06:28:34.671+0800][info] GC(99) Survivor regions: 1->1(1)
[2024-09-08T06:28:34.671+0800][info] GC(99) Old regions: 26->27
[2024-09-08T06:28:34.671+0800][info] GC(99) Archive regions: 2->2
[2024-09-08T06:28:34.671+0800][info] GC(99) Humongous regions: 0->0
[2024-09-08T06:28:34.671+0800][info] GC(99) Metaspace: 695K(896K)->695K(896K) NonClass: 638K(768K)->638K(768K) Class: 56K(128K)->56K(128K)
[2024-09-08T06:28:34.671+0800][info] GC(99) Pause Young (Normal) (G1 Preventive Collection) 115M->115M(128M) 1.380ms
[2024-09-08T06:28:34.671+0800][info] GC(99) User=0.00s Sys=0.00s Real=0.00s
[2024-09-08T06:28:34.672+0800][info] GC(95) Concurrent Preclean 5.628ms
[2024-09-08T06:28:34.672+0800][info] GC(95) Pause Remark
[2024-09-08T06:28:34.673+0800][info] GC(95) Pause Remark 117M->41M(128M) 1.442ms
[2024-09-08T06:28:34.673+0800][info] GC(95) User=0.01s Sys=0.00s Real=0.00s
[2024-09-08T06:28:34.673+0800][info] GC(95) Concurrent Mark 15.637ms
[2024-09-08T06:28:34.674+0800][info] GC(95) Concurrent Rebuild Remembered Sets
[2024-09-08T06:28:34.674+0800][info] GC(100) Pause Young (Normal) (G1 Evacuation Pause)
[2024-09-08T06:28:34.674+0800][info] GC(100) Using 3 workers of 48 for evacuation
[2024-09-08T06:28:34.675+0800][info] GC(100)   Pre Evacuate Collection Set: 0.0ms
[2024-09-08T06:28:34.675+0800][info] GC(100)   Merge Heap Roots: 0.0ms
[2024-09-08T06:28:34.675+0800][info] GC(100)   Evacuate Collection Set: 0.8ms
[2024-09-08T06:28:34.675+0800][info] GC(100)   Post Evacuate Collection Set: 0.2ms
[2024-09-08T06:28:34.675+0800][info] GC(100)   Other: 0.1ms
[2024-09-08T06:28:34.675+0800][info] GC(100) Eden regions: 1->0(5)
[2024-09-08T06:28:34.675+0800][info] GC(100) Survivor regions: 1->1(1)
[2024-09-08T06:28:34.675+0800][info] GC(100) Old regions: 8->9
[2024-09-08T06:28:34.675+0800][info] GC(100) Archive regions: 2->2
[2024-09-08T06:28:34.676+0800][info] GC(100) Humongous regions: 0->0
[2024-09-08T06:28:34.676+0800][info] GC(100) Metaspace: 695K(896K)->695K(896K) NonClass: 638K(768K)->638K(768K) Class: 56K(128K)->56K(128K)
[2024-09-08T06:28:34.676+0800][info] GC(100) Pause Young (Normal) (G1 Evacuation Pause) 43M->43M(128M) 1.292ms
[2024-09-08T06:28:34.676+0800][info] GC(100) User=0.00s Sys=0.00s Real=0.00s
[2024-09-08T06:28:34.679+0800][info] GC(95) Concurrent Rebuild Remembered Sets 5.340ms
[2024-09-08T06:28:34.679+0800][info] GC(95) Pause Cleanup
[2024-09-08T06:28:34.679+0800][info] GC(95) Pause Cleanup 56M->56M(128M) 0.300ms
[2024-09-08T06:28:34.679+0800][info] GC(95) User=0.00s Sys=0.00s Real=0.00s
[2024-09-08T06:28:34.679+0800][info] GC(95) Concurrent Cleanup for Next Mark
[2024-09-08T06:28:34.680+0800][info] GC(95) Concurrent Cleanup for Next Mark 0.544ms
[2024-09-08T06:28:34.680+0800][info] GC(95) Concurrent Mark Cycle 22.477ms
[2024-09-08T06:28:34.682+0800][info] GC(101) Pause Young (Prepare Mixed) (G1 Evacuation Pause)
[2024-09-08T06:28:34.682+0800][info] GC(101) Using 3 workers of 48 for evacuation
[2024-09-08T06:28:34.685+0800][info] GC(101)   Pre Evacuate Collection Set: 0.0ms
[2024-09-08T06:28:34.685+0800][info] GC(101)   Merge Heap Roots: 0.0ms
[2024-09-08T06:28:34.685+0800][info] GC(101)   Evacuate Collection Set: 3.2ms
[2024-09-08T06:28:34.685+0800][info] GC(101)   Post Evacuate Collection Set: 0.2ms
[2024-09-08T06:28:34.685+0800][info] GC(101)   Other: 0.1ms
[2024-09-08T06:28:34.685+0800][info] GC(101) Eden regions: 5->0(1)
[2024-09-08T06:28:34.685+0800][info] GC(101) Survivor regions: 1->1(1)
[2024-09-08T06:28:34.685+0800][info] GC(101) Old regions: 9->14
[2024-09-08T06:28:34.685+0800][info] GC(101) Archive regions: 2->2
[2024-09-08T06:28:34.685+0800][info] GC(101) Humongous regions: 0->0
[2024-09-08T06:28:34.685+0800][info] GC(101) Metaspace: 695K(896K)->695K(896K) NonClass: 638K(768K)->638K(768K) Class: 56K(128K)->56K(128K)
[2024-09-08T06:28:34.685+0800][info] GC(101) Pause Young (Prepare Mixed) (G1 Evacuation Pause) 63M->63M(128M) 3.758ms
[2024-09-08T06:28:34.685+0800][info] GC(101) User=0.01s Sys=0.00s Real=0.01s
[2024-09-08T06:28:34.686+0800][info] GC(102) Pause Young (Mixed) (G1 Evacuation Pause)
[2024-09-08T06:28:34.686+0800][info] GC(102) Using 3 workers of 48 for evacuation
[2024-09-08T06:28:34.688+0800][info] GC(102)   Pre Evacuate Collection Set: 0.0ms
[2024-09-08T06:28:34.688+0800][info] GC(102)   Merge Heap Roots: 0.0ms
[2024-09-08T06:28:34.688+0800][info] GC(102)   Evacuate Collection Set: 1.2ms
[2024-09-08T06:28:34.688+0800][info] GC(102)   Post Evacuate Collection Set: 0.2ms
[2024-09-08T06:28:34.688+0800][info] GC(102)   Other: 0.1ms
[2024-09-08T06:28:34.688+0800][info] GC(102) Eden regions: 1->0(4)
[2024-09-08T06:28:34.688+0800][info] GC(102) Survivor regions: 1->1(1)
[2024-09-08T06:28:34.688+0800][info] GC(102) Old regions: 14->14
[2024-09-08T06:28:34.688+0800][info] GC(102) Archive regions: 2->2
[2024-09-08T06:28:34.688+0800][info] GC(102) Humongous regions: 0->0
[2024-09-08T06:28:34.688+0800][info] GC(102) Metaspace: 695K(896K)->695K(896K) NonClass: 638K(768K)->638K(768K) Class: 56K(128K)->56K(128K)
[2024-09-08T06:28:34.688+0800][info] GC(102) Pause Young (Mixed) (G1 Evacuation Pause) 67M->60M(128M) 1.724ms
[2024-09-08T06:28:34.688+0800][info] GC(102) User=0.00s Sys=0.00s Real=0.00s
[2024-09-08T06:28:34.692+0800][info] GC(103) Pause Young (Concurrent Start) (G1 Evacuation Pause)
[2024-09-08T06:28:34.692+0800][info] GC(103) Using 3 workers of 48 for evacuation
[2024-09-08T06:28:34.695+0800][info] GC(103)   Pre Evacuate Collection Set: 0.0ms
[2024-09-08T06:28:34.696+0800][info] GC(103)   Merge Heap Roots: 0.0ms
[2024-09-08T06:28:34.696+0800][info] GC(103)   Evacuate Collection Set: 2.7ms
[2024-09-08T06:28:34.696+0800][info] GC(103)   Post Evacuate Collection Set: 0.2ms
[2024-09-08T06:28:34.696+0800][info] GC(103)   Other: 0.2ms
[2024-09-08T06:28:34.696+0800][info] GC(103) Eden regions: 4->0(2)
[2024-09-08T06:28:34.696+0800][info] GC(103) Survivor regions: 1->1(1)
[2024-09-08T06:28:34.696+0800][info] GC(103) Old regions: 14->18
[2024-09-08T06:28:34.696+0800][info] GC(103) Archive regions: 2->2
[2024-09-08T06:28:34.696+0800][info] GC(103) Humongous regions: 0->0
[2024-09-08T06:28:34.696+0800][info] GC(103) Metaspace: 695K(896K)->695K(896K) NonClass: 638K(768K)->638K(768K) Class: 56K(128K)->56K(128K)
[2024-09-08T06:28:34.696+0800][info] GC(103) Pause Young (Concurrent Start) (G1 Evacuation Pause) 76M->76M(128M) 3.390ms
[2024-09-08T06:28:34.696+0800][info] GC(103) User=0.01s Sys=0.00s Real=0.00s
[2024-09-08T06:28:34.696+0800][info] GC(104) Concurrent Mark Cycle
[2024-09-08T06:28:34.696+0800][info] GC(104) Concurrent Clear Claimed Marks
[2024-09-08T06:28:34.696+0800][info] GC(104) Concurrent Clear Claimed Marks 0.033ms
[2024-09-08T06:28:34.696+0800][info] GC(104) Concurrent Scan Root Regions
[2024-09-08T06:28:34.696+0800][info] GC(104) Concurrent Scan Root Regions 0.321ms
[2024-09-08T06:28:34.696+0800][info] GC(104) Concurrent Mark
[2024-09-08T06:28:34.696+0800][info] GC(104) Concurrent Mark From Roots
[2024-09-08T06:28:34.696+0800][info] GC(104) Using 12 workers of 12 for marking
[2024-09-08T06:28:34.699+0800][info] GC(105) Pause Young (Normal) (G1 Evacuation Pause)
[2024-09-08T06:28:34.699+0800][info] GC(105) Using 3 workers of 48 for evacuation
[2024-09-08T06:28:34.701+0800][info] GC(105)   Pre Evacuate Collection Set: 0.0ms
[2024-09-08T06:28:34.701+0800][info] GC(105)   Merge Heap Roots: 0.0ms
[2024-09-08T06:28:34.701+0800][info] GC(105)   Evacuate Collection Set: 1.5ms
[2024-09-08T06:28:34.701+0800][info] GC(105)   Post Evacuate Collection Set: 0.2ms
[2024-09-08T06:28:34.701+0800][info] GC(105)   Other: 0.1ms
[2024-09-08T06:28:34.701+0800][info] GC(105) Eden regions: 2->0(2)
[2024-09-08T06:28:34.701+0800][info] GC(105) Survivor regions: 1->1(1)
[2024-09-08T06:28:34.701+0800][info] GC(105) Old regions: 18->20
[2024-09-08T06:28:34.701+0800][info] GC(105) Archive regions: 2->2
[2024-09-08T06:28:34.701+0800][info] GC(105) Humongous regions: 0->0
[2024-09-08T06:28:34.701+0800][info] GC(105) Metaspace: 695K(896K)->695K(896K) NonClass: 638K(768K)->638K(768K) Class: 56K(128K)->56K(128K)
[2024-09-08T06:28:34.701+0800][info] GC(105) Pause Young (Normal) (G1 Evacuation Pause) 84M->84M(128M) 2.036ms
[2024-09-08T06:28:34.701+0800][info] GC(105) User=0.01s Sys=0.00s Real=0.00s
[2024-09-08T06:28:34.704+0800][info] GC(104) Concurrent Mark From Roots 7.207ms
[2024-09-08T06:28:34.704+0800][info] GC(104) Concurrent Preclean
[2024-09-08T06:28:34.705+0800][info] GC(104) Concurrent Preclean 1.794ms
[2024-09-08T06:28:34.706+0800][info] GC(104) Pause Remark
[2024-09-08T06:28:34.707+0800][info] GC(104) Pause Remark 90M->90M(128M) 1.327ms
[2024-09-08T06:28:34.707+0800][info] GC(104) User=0.00s Sys=0.00s Real=0.00s
[2024-09-08T06:28:34.707+0800][info] GC(104) Concurrent Mark 10.618ms
[2024-09-08T06:28:34.707+0800][info] GC(104) Concurrent Rebuild Remembered Sets
[2024-09-08T06:28:34.713+0800][info] GC(104) Concurrent Rebuild Remembered Sets 5.835ms
[2024-09-08T06:28:34.713+0800][info] GC(104) Pause Cleanup
[2024-09-08T06:28:34.713+0800][info] GC(104) Pause Cleanup 90M->90M(128M) 0.346ms
[2024-09-08T06:28:34.713+0800][info] GC(104) User=0.00s Sys=0.00s Real=0.00s
[2024-09-08T06:28:34.713+0800][info] GC(104) Concurrent Cleanup for Next Mark
[2024-09-08T06:28:34.714+0800][info] GC(104) Concurrent Cleanup for Next Mark 0.300ms
[2024-09-08T06:28:34.714+0800][info] GC(104) Concurrent Mark Cycle 17.801ms
[2024-09-08T06:28:35.704+0800][info] GC(106) Pause Young (Concurrent Start) (G1 Humongous Allocation)
[2024-09-08T06:28:35.704+0800][info] GC(106) Using 3 workers of 48 for evacuation
[2024-09-08T06:28:35.706+0800][info] GC(106)   Pre Evacuate Collection Set: 0.1ms
[2024-09-08T06:28:35.706+0800][info] GC(106)   Merge Heap Roots: 0.0ms
[2024-09-08T06:28:35.706+0800][info] GC(106)   Evacuate Collection Set: 1.3ms
[2024-09-08T06:28:35.706+0800][info] GC(106)   Post Evacuate Collection Set: 0.2ms
[2024-09-08T06:28:35.706+0800][info] GC(106)   Other: 0.3ms
[2024-09-08T06:28:35.706+0800][info] GC(106) Eden regions: 2->0(1)
[2024-09-08T06:28:35.706+0800][info] GC(106) Survivor regions: 1->1(1)
[2024-09-08T06:28:35.706+0800][info] GC(106) Old regions: 20->21
[2024-09-08T06:28:35.706+0800][info] GC(106) Archive regions: 2->2
[2024-09-08T06:28:35.706+0800][info] GC(106) Humongous regions: 0->0
[2024-09-08T06:28:35.706+0800][info] GC(106) Metaspace: 711K(896K)->711K(896K) NonClass: 654K(768K)->654K(768K) Class: 56K(128K)->56K(128K)
[2024-09-08T06:28:35.706+0800][info] GC(106) Pause Young (Concurrent Start) (G1 Humongous Allocation) 90M->90M(128M) 2.053ms
[2024-09-08T06:28:35.706+0800][info] GC(106) User=0.01s Sys=0.00s Real=0.01s
[2024-09-08T06:28:35.706+0800][info] GC(107) Concurrent Mark Cycle
[2024-09-08T06:28:35.706+0800][info] GC(107) Concurrent Clear Claimed Marks
[2024-09-08T06:28:35.706+0800][info] GC(107) Concurrent Clear Claimed Marks 0.029ms
[2024-09-08T06:28:35.706+0800][info] GC(107) Concurrent Scan Root Regions
[2024-09-08T06:28:35.707+0800][info] GC(107) Concurrent Scan Root Regions 0.507ms
[2024-09-08T06:28:35.707+0800][info] GC(107) Concurrent Mark
[2024-09-08T06:28:35.707+0800][info] GC(107) Concurrent Mark From Roots
[2024-09-08T06:28:35.707+0800][info] GC(107) Using 12 workers of 12 for marking
[2024-09-08T06:28:35.707+0800][info] GC(108) Pause Young (Normal) (G1 Humongous Allocation)
[2024-09-08T06:28:35.707+0800][info] GC(108) Using 3 workers of 48 for evacuation
[2024-09-08T06:28:35.708+0800][info] GC(108)   Pre Evacuate Collection Set: 0.6ms
[2024-09-08T06:28:35.708+0800][info] GC(108)   Merge Heap Roots: 0.0ms
[2024-09-08T06:28:35.708+0800][info] GC(108)   Evacuate Collection Set: 0.5ms
[2024-09-08T06:28:35.708+0800][info] GC(108)   Post Evacuate Collection Set: 0.2ms
[2024-09-08T06:28:35.708+0800][info] GC(108)   Other: 0.2ms
[2024-09-08T06:28:35.708+0800][info] GC(108) Eden regions: 0->0(1)
[2024-09-08T06:28:35.708+0800][info] GC(108) Survivor regions: 1->0(1)
[2024-09-08T06:28:35.708+0800][info] GC(108) Old regions: 21->22
[2024-09-08T06:28:35.708+0800][info] GC(108) Archive regions: 2->2
[2024-09-08T06:28:35.708+0800][info] GC(108) Humongous regions: 0->0
[2024-09-08T06:28:35.708+0800][info] GC(108) Metaspace: 711K(896K)->711K(896K) NonClass: 654K(768K)->654K(768K) Class: 56K(128K)->56K(128K)
[2024-09-08T06:28:35.708+0800][info] GC(108) Pause Young (Normal) (G1 Humongous Allocation) 90M->90M(128M) 1.106ms
[2024-09-08T06:28:35.708+0800][info] GC(108) User=0.00s Sys=0.00s Real=0.00s
[2024-09-08T06:28:35.708+0800][info] Attempting full compaction
[2024-09-08T06:28:35.708+0800][info] GC(109) Using 1 workers of 48 for full compaction
[2024-09-08T06:28:35.708+0800][info] GC(109) Pause Full (G1 Compaction Pause)
[2024-09-08T06:28:35.708+0800][info] GC(109) Phase 1: Mark live objects
[2024-09-08T06:28:35.713+0800][info] GC(109) Phase 1: Mark live objects 4.530ms
[2024-09-08T06:28:35.713+0800][info] GC(109) Phase 2: Prepare for compaction
[2024-09-08T06:28:35.714+0800][info] GC(109) Phase 2: Prepare for compaction 1.010ms
[2024-09-08T06:28:35.714+0800][info] GC(109) Phase 3: Adjust pointers
[2024-09-08T06:28:35.717+0800][info] GC(109) Phase 3: Adjust pointers 3.089ms
[2024-09-08T06:28:35.717+0800][info] GC(109) Phase 4: Compact heap
[2024-09-08T06:28:35.718+0800][info] GC(109) Phase 4: Compact heap 0.592ms
[2024-09-08T06:28:35.718+0800][info] GC(109) Eden regions: 0->0(8)
[2024-09-08T06:28:35.718+0800][info] GC(109) Survivor regions: 0->0(1)
[2024-09-08T06:28:35.718+0800][info] GC(109) Old regions: 22->1
[2024-09-08T06:28:35.718+0800][info] GC(109) Archive regions: 2->2
[2024-09-08T06:28:35.718+0800][info] GC(109) Humongous regions: 0->0
[2024-09-08T06:28:35.718+0800][info] GC(109) Metaspace: 711K(896K)->711K(896K) NonClass: 654K(768K)->654K(768K) Class: 56K(128K)->56K(128K)
[2024-09-08T06:28:35.719+0800][info] GC(109) Pause Full (G1 Compaction Pause) 90M->4M(128M) 10.382ms
[2024-09-08T06:28:35.719+0800][info] GC(109) User=0.01s Sys=0.00s Real=0.01s
[2024-09-08T06:28:35.719+0800][info] GC(107) Concurrent Mark From Roots 11.807ms
[2024-09-08T06:28:35.719+0800][info] GC(107) Concurrent Mark Abort
[2024-09-08T06:28:35.719+0800][info] GC(107) Concurrent Mark Cycle 12.565ms
[2024-09-08T06:28:35.728+0800][info] GC(110) Pause Young (Concurrent Start) (G1 Humongous Allocation)
[2024-09-08T06:28:35.728+0800][info] GC(110) Using 3 workers of 48 for evacuation
[2024-09-08T06:28:35.729+0800][info] GC(110)   Pre Evacuate Collection Set: 0.1ms
[2024-09-08T06:28:35.729+0800][info] GC(110)   Merge Heap Roots: 0.1ms
[2024-09-08T06:28:35.729+0800][info] GC(110)   Evacuate Collection Set: 0.2ms
[2024-09-08T06:28:35.729+0800][info] GC(110)   Post Evacuate Collection Set: 0.2ms
[2024-09-08T06:28:35.729+0800][info] GC(110)   Other: 0.3ms
[2024-09-08T06:28:35.729+0800][info] GC(110) Eden regions: 1->0(9)
[2024-09-08T06:28:35.729+0800][info] GC(110) Survivor regions: 0->0(1)
[2024-09-08T06:28:35.729+0800][info] GC(110) Old regions: 1->1
[2024-09-08T06:28:35.729+0800][info] GC(110) Archive regions: 2->2
[2024-09-08T06:28:35.729+0800][info] GC(110) Humongous regions: 11->0
[2024-09-08T06:28:35.729+0800][info] GC(110) Metaspace: 711K(896K)->711K(896K) NonClass: 654K(768K)->654K(768K) Class: 56K(128K)->56K(128K)
[2024-09-08T06:28:35.729+0800][info] GC(110) Pause Young (Concurrent Start) (G1 Humongous Allocation) 49M->4M(128M) 0.924ms
[2024-09-08T06:28:35.729+0800][info] GC(110) User=0.01s Sys=0.00s Real=0.00s
[2024-09-08T06:28:35.729+0800][info] GC(111) Concurrent Undo Cycle
[2024-09-08T06:28:35.730+0800][info] GC(111) Concurrent Cleanup for Next Mark
[2024-09-08T06:28:35.730+0800][info] GC(111) Concurrent Cleanup for Next Mark 0.314ms
[2024-09-08T06:28:35.730+0800][info] GC(111) Concurrent Undo Cycle 0.425ms
[2024-09-08T06:28:35.739+0800][info] GC(112) Pause Young (Concurrent Start) (G1 Humongous Allocation)
[2024-09-08T06:28:35.739+0800][info] GC(112) Using 3 workers of 48 for evacuation
[2024-09-08T06:28:35.740+0800][info] GC(112)   Pre Evacuate Collection Set: 0.0ms
[2024-09-08T06:28:35.740+0800][info] GC(112)   Merge Heap Roots: 0.0ms
[2024-09-08T06:28:35.740+0800][info] GC(112)   Evacuate Collection Set: 0.2ms
[2024-09-08T06:28:35.740+0800][info] GC(112)   Post Evacuate Collection Set: 0.2ms
[2024-09-08T06:28:35.740+0800][info] GC(112)   Other: 0.3ms
[2024-09-08T06:28:35.740+0800][info] GC(112) Eden regions: 1->0(10)
[2024-09-08T06:28:35.740+0800][info] GC(112) Survivor regions: 0->0(2)
[2024-09-08T06:28:35.740+0800][info] GC(112) Old regions: 1->1
[2024-09-08T06:28:35.740+0800][info] GC(112) Archive regions: 2->2
[2024-09-08T06:28:35.740+0800][info] GC(112) Humongous regions: 11->0
[2024-09-08T06:28:35.740+0800][info] GC(112) Metaspace: 711K(896K)->711K(896K) NonClass: 654K(768K)->654K(768K) Class: 56K(128K)->56K(128K)
[2024-09-08T06:28:35.740+0800][info] GC(112) Pause Young (Concurrent Start) (G1 Humongous Allocation) 49M->4M(128M) 0.828ms
[2024-09-08T06:28:35.740+0800][info] GC(112) User=0.00s Sys=0.00s Real=0.00s
[2024-09-08T06:28:35.740+0800][info] GC(113) Concurrent Undo Cycle
[2024-09-08T06:28:35.740+0800][info] GC(113) Concurrent Cleanup for Next Mark
[2024-09-08T06:28:35.741+0800][info] GC(113) Concurrent Cleanup for Next Mark 0.300ms
[2024-09-08T06:28:35.741+0800][info] GC(113) Concurrent Undo Cycle 0.390ms
[2024-09-08T06:28:35.750+0800][info] GC(114) Pause Young (Concurrent Start) (G1 Humongous Allocation)
[2024-09-08T06:28:35.750+0800][info] GC(114) Using 3 workers of 48 for evacuation
[2024-09-08T06:28:35.750+0800][info] GC(114)   Pre Evacuate Collection Set: 0.1ms
[2024-09-08T06:28:35.750+0800][info] GC(114)   Merge Heap Roots: 0.0ms
[2024-09-08T06:28:35.750+0800][info] GC(114)   Evacuate Collection Set: 0.2ms
[2024-09-08T06:28:35.750+0800][info] GC(114)   Post Evacuate Collection Set: 0.2ms
[2024-09-08T06:28:35.750+0800][info] GC(114)   Other: 0.2ms
[2024-09-08T06:28:35.750+0800][info] GC(114) Eden regions: 1->0(12)
[2024-09-08T06:28:35.750+0800][info] GC(114) Survivor regions: 0->0(2)
[2024-09-08T06:28:35.750+0800][info] GC(114) Old regions: 1->1
[2024-09-08T06:28:35.750+0800][info] GC(114) Archive regions: 2->2
[2024-09-08T06:28:35.750+0800][info] GC(114) Humongous regions: 11->0
[2024-09-08T06:28:35.750+0800][info] GC(114) Metaspace: 711K(896K)->711K(896K) NonClass: 654K(768K)->654K(768K) Class: 56K(128K)->56K(128K)
[2024-09-08T06:28:35.750+0800][info] GC(114) Pause Young (Concurrent Start) (G1 Humongous Allocation) 49M->4M(128M) 0.790ms
[2024-09-08T06:28:35.750+0800][info] GC(114) User=0.00s Sys=0.00s Real=0.00s
[2024-09-08T06:28:35.751+0800][info] GC(115) Concurrent Undo Cycle
[2024-09-08T06:28:35.751+0800][info] GC(115) Concurrent Cleanup for Next Mark
[2024-09-08T06:28:35.751+0800][info] GC(115) Concurrent Cleanup for Next Mark 0.317ms
[2024-09-08T06:28:35.751+0800][info] GC(115) Concurrent Undo Cycle 0.396ms
[2024-09-08T06:28:35.760+0800][info] GC(116) Pause Young (Concurrent Start) (G1 Humongous Allocation)
[2024-09-08T06:28:35.760+0800][info] GC(116) Using 3 workers of 48 for evacuation
[2024-09-08T06:28:35.761+0800][info] GC(116)   Pre Evacuate Collection Set: 0.0ms
[2024-09-08T06:28:35.761+0800][info] GC(116)   Merge Heap Roots: 0.0ms
[2024-09-08T06:28:35.761+0800][info] GC(116)   Evacuate Collection Set: 0.2ms
[2024-09-08T06:28:35.761+0800][info] GC(116)   Post Evacuate Collection Set: 0.2ms
[2024-09-08T06:28:35.761+0800][info] GC(116)   Other: 0.3ms
[2024-09-08T06:28:35.761+0800][info] GC(116) Eden regions: 1->0(14)
[2024-09-08T06:28:35.761+0800][info] GC(116) Survivor regions: 0->0(2)
[2024-09-08T06:28:35.761+0800][info] GC(116) Old regions: 1->1
[2024-09-08T06:28:35.761+0800][info] GC(116) Archive regions: 2->2
[2024-09-08T06:28:35.761+0800][info] GC(116) Humongous regions: 11->0
[2024-09-08T06:28:35.761+0800][info] GC(116) Metaspace: 711K(896K)->711K(896K) NonClass: 654K(768K)->654K(768K) Class: 56K(128K)->56K(128K)
[2024-09-08T06:28:35.761+0800][info] GC(116) Pause Young (Concurrent Start) (G1 Humongous Allocation) 49M->4M(128M) 0.830ms
[2024-09-08T06:28:35.761+0800][info] GC(116) User=0.00s Sys=0.00s Real=0.00s
[2024-09-08T06:28:35.761+0800][info] GC(117) Concurrent Undo Cycle
[2024-09-08T06:28:35.761+0800][info] GC(117) Concurrent Cleanup for Next Mark
[2024-09-08T06:28:35.761+0800][info] GC(117) Concurrent Cleanup for Next Mark 0.340ms
[2024-09-08T06:28:35.761+0800][info] GC(117) Concurrent Undo Cycle 0.422ms
[2024-09-08T06:28:35.771+0800][info] GC(118) Pause Young (Concurrent Start) (G1 Humongous Allocation)
[2024-09-08T06:28:35.771+0800][info] GC(118) Using 3 workers of 48 for evacuation
[2024-09-08T06:28:35.771+0800][info] GC(118)   Pre Evacuate Collection Set: 0.0ms
[2024-09-08T06:28:35.771+0800][info] GC(118)   Merge Heap Roots: 0.0ms
[2024-09-08T06:28:35.771+0800][info] GC(118)   Evacuate Collection Set: 0.2ms
[2024-09-08T06:28:35.771+0800][info] GC(118)   Post Evacuate Collection Set: 0.2ms
[2024-09-08T06:28:35.771+0800][info] GC(118)   Other: 0.2ms
[2024-09-08T06:28:35.771+0800][info] GC(118) Eden regions: 1->0(15)
[2024-09-08T06:28:35.771+0800][info] GC(118) Survivor regions: 0->0(2)
[2024-09-08T06:28:35.771+0800][info] GC(118) Old regions: 1->1
[2024-09-08T06:28:35.771+0800][info] GC(118) Archive regions: 2->2
[2024-09-08T06:28:35.771+0800][info] GC(118) Humongous regions: 11->0
[2024-09-08T06:28:35.771+0800][info] GC(118) Metaspace: 711K(896K)->711K(896K) NonClass: 654K(768K)->654K(768K) Class: 56K(128K)->56K(128K)
[2024-09-08T06:28:35.771+0800][info] GC(118) Pause Young (Concurrent Start) (G1 Humongous Allocation) 49M->4M(128M) 0.818ms
[2024-09-08T06:28:35.771+0800][info] GC(118) User=0.00s Sys=0.00s Real=0.00s
[2024-09-08T06:28:35.771+0800][info] GC(119) Concurrent Undo Cycle
[2024-09-08T06:28:35.772+0800][info] GC(119) Concurrent Cleanup for Next Mark
[2024-09-08T06:28:35.772+0800][info] GC(119) Concurrent Cleanup for Next Mark 0.329ms
[2024-09-08T06:28:35.772+0800][info] GC(119) Concurrent Undo Cycle 0.409ms
[2024-09-08T06:28:35.781+0800][info] GC(120) Pause Young (Concurrent Start) (G1 Humongous Allocation)
[2024-09-08T06:28:35.781+0800][info] GC(120) Using 3 workers of 48 for evacuation
[2024-09-08T06:28:35.782+0800][info] GC(120)   Pre Evacuate Collection Set: 0.0ms
[2024-09-08T06:28:35.782+0800][info] GC(120)   Merge Heap Roots: 0.0ms
[2024-09-08T06:28:35.782+0800][info] GC(120)   Evacuate Collection Set: 0.2ms
[2024-09-08T06:28:35.782+0800][info] GC(120)   Post Evacuate Collection Set: 0.2ms
[2024-09-08T06:28:35.782+0800][info] GC(120)   Other: 0.2ms
[2024-09-08T06:28:35.782+0800][info] GC(120) Eden regions: 1->0(17)
[2024-09-08T06:28:35.782+0800][info] GC(120) Survivor regions: 0->0(2)
[2024-09-08T06:28:35.782+0800][info] GC(120) Old regions: 1->1
[2024-09-08T06:28:35.782+0800][info] GC(120) Archive regions: 2->2
[2024-09-08T06:28:35.782+0800][info] GC(120) Humongous regions: 11->0
[2024-09-08T06:28:35.782+0800][info] GC(120) Metaspace: 711K(896K)->711K(896K) NonClass: 654K(768K)->654K(768K) Class: 56K(128K)->56K(128K)
[2024-09-08T06:28:35.782+0800][info] GC(120) Pause Young (Concurrent Start) (G1 Humongous Allocation) 50M->4M(128M) 0.820ms
[2024-09-08T06:28:35.782+0800][info] GC(120) User=0.00s Sys=0.00s Real=0.00s
[2024-09-08T06:28:35.782+0800][info] GC(121) Concurrent Undo Cycle
[2024-09-08T06:28:35.782+0800][info] GC(121) Concurrent Cleanup for Next Mark
[2024-09-08T06:28:35.782+0800][info] GC(121) Concurrent Cleanup for Next Mark 0.593ms
[2024-09-08T06:28:35.783+0800][info] GC(121) Concurrent Undo Cycle 0.674ms
[2024-09-08T06:28:35.791+0800][info] GC(122) Pause Young (Concurrent Start) (G1 Humongous Allocation)
[2024-09-08T06:28:35.791+0800][info] GC(122) Using 3 workers of 48 for evacuation
[2024-09-08T06:28:35.792+0800][info] GC(122)   Pre Evacuate Collection Set: 0.0ms
[2024-09-08T06:28:35.792+0800][info] GC(122)   Merge Heap Roots: 0.0ms
[2024-09-08T06:28:35.792+0800][info] GC(122)   Evacuate Collection Set: 0.2ms
[2024-09-08T06:28:35.792+0800][info] GC(122)   Post Evacuate Collection Set: 0.2ms
[2024-09-08T06:28:35.792+0800][info] GC(122)   Other: 0.2ms
[2024-09-08T06:28:35.792+0800][info] GC(122) Eden regions: 1->0(19)
[2024-09-08T06:28:35.792+0800][info] GC(122) Survivor regions: 0->0(3)
[2024-09-08T06:28:35.792+0800][info] GC(122) Old regions: 1->1
[2024-09-08T06:28:35.792+0800][info] GC(122) Archive regions: 2->2
[2024-09-08T06:28:35.792+0800][info] GC(122) Humongous regions: 11->0
[2024-09-08T06:28:35.792+0800][info] GC(122) Metaspace: 711K(896K)->711K(896K) NonClass: 654K(768K)->654K(768K) Class: 56K(128K)->56K(128K)
[2024-09-08T06:28:35.792+0800][info] GC(122) Pause Young (Concurrent Start) (G1 Humongous Allocation) 50M->4M(128M) 0.792ms
[2024-09-08T06:28:35.792+0800][info] GC(122) User=0.00s Sys=0.00s Real=0.00s
[2024-09-08T06:28:35.792+0800][info] GC(123) Concurrent Undo Cycle
[2024-09-08T06:28:35.792+0800][info] GC(123) Concurrent Cleanup for Next Mark
[2024-09-08T06:28:35.793+0800][info] GC(123) Concurrent Cleanup for Next Mark 0.298ms
[2024-09-08T06:28:35.793+0800][info] GC(123) Concurrent Undo Cycle 0.379ms
[2024-09-08T06:28:35.802+0800][info] GC(124) Pause Young (Concurrent Start) (G1 Humongous Allocation)
[2024-09-08T06:28:35.802+0800][info] GC(124) Using 3 workers of 48 for evacuation
[2024-09-08T06:28:35.802+0800][info] GC(124)   Pre Evacuate Collection Set: 0.1ms
[2024-09-08T06:28:35.802+0800][info] GC(124)   Merge Heap Roots: 0.0ms
[2024-09-08T06:28:35.802+0800][info] GC(124)   Evacuate Collection Set: 0.2ms
[2024-09-08T06:28:35.802+0800][info] GC(124)   Post Evacuate Collection Set: 0.2ms
[2024-09-08T06:28:35.802+0800][info] GC(124)   Other: 0.2ms
[2024-09-08T06:28:35.803+0800][info] GC(124) Eden regions: 1->0(19)
[2024-09-08T06:28:35.803+0800][info] GC(124) Survivor regions: 0->0(3)
[2024-09-08T06:28:35.803+0800][info] GC(124) Old regions: 1->1
[2024-09-08T06:28:35.803+0800][info] GC(124) Archive regions: 2->2
[2024-09-08T06:28:35.803+0800][info] GC(124) Humongous regions: 11->0
[2024-09-08T06:28:35.803+0800][info] GC(124) Metaspace: 711K(896K)->711K(896K) NonClass: 654K(768K)->654K(768K) Class: 56K(128K)->56K(128K)
[2024-09-08T06:28:35.803+0800][info] GC(124) Pause Young (Concurrent Start) (G1 Humongous Allocation) 50M->4M(128M) 0.791ms
[2024-09-08T06:28:35.803+0800][info] GC(124) User=0.01s Sys=0.00s Real=0.00s
[2024-09-08T06:28:35.803+0800][info] GC(125) Concurrent Undo Cycle
[2024-09-08T06:28:35.803+0800][info] GC(125) Concurrent Cleanup for Next Mark
[2024-09-08T06:28:35.803+0800][info] GC(125) Concurrent Cleanup for Next Mark 0.263ms
[2024-09-08T06:28:35.803+0800][info] GC(125) Concurrent Undo Cycle 0.341ms
[2024-09-08T06:28:35.812+0800][info] GC(126) Pause Young (Concurrent Start) (G1 Humongous Allocation)
[2024-09-08T06:28:35.812+0800][info] GC(126) Using 3 workers of 48 for evacuation
[2024-09-08T06:28:35.813+0800][info] GC(126)   Pre Evacuate Collection Set: 0.0ms
[2024-09-08T06:28:35.813+0800][info] GC(126)   Merge Heap Roots: 0.0ms
[2024-09-08T06:28:35.813+0800][info] GC(126)   Evacuate Collection Set: 0.2ms
[2024-09-08T06:28:35.813+0800][info] GC(126)   Post Evacuate Collection Set: 0.2ms
[2024-09-08T06:28:35.813+0800][info] GC(126)   Other: 0.2ms
[2024-09-08T06:28:35.813+0800][info] GC(126) Eden regions: 1->0(19)
[2024-09-08T06:28:35.813+0800][info] GC(126) Survivor regions: 0->0(3)
[2024-09-08T06:28:35.813+0800][info] GC(126) Old regions: 1->1
[2024-09-08T06:28:35.813+0800][info] GC(126) Archive regions: 2->2
[2024-09-08T06:28:35.813+0800][info] GC(126) Humongous regions: 11->0
[2024-09-08T06:28:35.813+0800][info] GC(126) Metaspace: 711K(896K)->711K(896K) NonClass: 654K(768K)->654K(768K) Class: 56K(128K)->56K(128K)
[2024-09-08T06:28:35.813+0800][info] GC(126) Pause Young (Concurrent Start) (G1 Humongous Allocation) 50M->4M(128M) 0.832ms
[2024-09-08T06:28:35.813+0800][info] GC(126) User=0.00s Sys=0.00s Real=0.00s
[2024-09-08T06:28:35.813+0800][info] GC(127) Concurrent Undo Cycle
[2024-09-08T06:28:35.813+0800][info] GC(127) Concurrent Cleanup for Next Mark
[2024-09-08T06:28:35.813+0800][info] GC(127) Concurrent Cleanup for Next Mark 0.309ms
[2024-09-08T06:28:35.813+0800][info] GC(127) Concurrent Undo Cycle 0.383ms
[2024-09-08T06:28:35.837+0800][info] GC(128) Pause Young (Normal) (G1 Preventive Collection)
[2024-09-08T06:28:35.837+0800][info] GC(128) Using 3 workers of 48 for evacuation
[2024-09-08T06:28:35.840+0800][info] GC(128) To-space exhausted
[2024-09-08T06:28:35.840+0800][info] GC(128)   Pre Evacuate Collection Set: 0.1ms
[2024-09-08T06:28:35.840+0800][info] GC(128)   Merge Heap Roots: 0.0ms
[2024-09-08T06:28:35.840+0800][info] GC(128)   Evacuate Collection Set: 1.8ms
[2024-09-08T06:28:35.840+0800][info] GC(128)   Post Evacuate Collection Set: 0.3ms
[2024-09-08T06:28:35.840+0800][info] GC(128)   Other: 0.2ms
[2024-09-08T06:28:35.840+0800][info] GC(128) Eden regions: 15->0(9)
[2024-09-08T06:28:35.840+0800][info] GC(128) Survivor regions: 0->3(3)
[2024-09-08T06:28:35.840+0800][info] GC(128) Old regions: 1->15
[2024-09-08T06:28:35.840+0800][info] GC(128) Archive regions: 2->2
[2024-09-08T06:28:35.840+0800][info] GC(128) Humongous regions: 11->0
[2024-09-08T06:28:35.840+0800][info] GC(128) Metaspace: 711K(896K)->711K(896K) NonClass: 654K(768K)->654K(768K) Class: 56K(128K)->56K(128K)
[2024-09-08T06:28:35.840+0800][info] GC(128) Pause Young (Normal) (G1 Preventive Collection) 108M->72M(128M) 2.499ms
[2024-09-08T06:28:35.840+0800][info] GC(128) User=0.01s Sys=0.00s Real=0.00s
[2024-09-08T06:28:35.849+0800][info] GC(129) Pause Young (Concurrent Start) (G1 Evacuation Pause)
[2024-09-08T06:28:35.849+0800][info] GC(129) Using 3 workers of 48 for evacuation
[2024-09-08T06:28:35.851+0800][info] GC(129) To-space exhausted
[2024-09-08T06:28:35.852+0800][info] GC(129)   Pre Evacuate Collection Set: 0.1ms
[2024-09-08T06:28:35.852+0800][info] GC(129)   Merge Heap Roots: 0.0ms
[2024-09-08T06:28:35.852+0800][info] GC(129)   Evacuate Collection Set: 1.8ms
[2024-09-08T06:28:35.852+0800][info] GC(129)   Post Evacuate Collection Set: 0.2ms
[2024-09-08T06:28:35.852+0800][info] GC(129)   Other: 0.3ms
[2024-09-08T06:28:35.852+0800][info] GC(129) Eden regions: 9->0(6)
[2024-09-08T06:28:35.852+0800][info] GC(129) Survivor regions: 3->2(2)
[2024-09-08T06:28:35.852+0800][info] GC(129) Old regions: 15->18
[2024-09-08T06:28:35.852+0800][info] GC(129) Archive regions: 2->2
[2024-09-08T06:28:35.852+0800][info] GC(129) Humongous regions: 0->0
[2024-09-08T06:28:35.852+0800][info] GC(129) Metaspace: 711K(896K)->711K(896K) NonClass: 654K(768K)->654K(768K) Class: 56K(128K)->56K(128K)
[2024-09-08T06:28:35.852+0800][info] GC(129) Pause Young (Concurrent Start) (G1 Evacuation Pause) 108M->80M(128M) 2.548ms
[2024-09-08T06:28:35.852+0800][info] GC(129) User=0.00s Sys=0.00s Real=0.00s
[2024-09-08T06:28:35.852+0800][info] GC(130) Concurrent Mark Cycle
[2024-09-08T06:28:35.852+0800][info] GC(130) Concurrent Clear Claimed Marks
[2024-09-08T06:28:35.852+0800][info] GC(130) Concurrent Clear Claimed Marks 0.034ms
[2024-09-08T06:28:35.852+0800][info] GC(130) Concurrent Scan Root Regions
[2024-09-08T06:28:35.852+0800][info] GC(130) Concurrent Scan Root Regions 0.112ms
[2024-09-08T06:28:35.852+0800][info] GC(130) Concurrent Mark
[2024-09-08T06:28:35.852+0800][info] GC(130) Concurrent Mark From Roots
[2024-09-08T06:28:35.852+0800][info] GC(130) Using 12 workers of 12 for marking
[2024-09-08T06:28:35.856+0800][info] GC(130) Concurrent Mark From Roots 3.641ms
[2024-09-08T06:28:35.856+0800][info] GC(130) Concurrent Preclean
[2024-09-08T06:28:35.858+0800][info] GC(130) Concurrent Preclean 2.298ms
[2024-09-08T06:28:35.858+0800][info] GC(130) Pause Remark
[2024-09-08T06:28:35.859+0800][info] GC(130) Pause Remark 104M->48M(128M) 1.156ms
[2024-09-08T06:28:35.859+0800][info] GC(130) User=0.00s Sys=0.00s Real=0.00s
[2024-09-08T06:28:35.859+0800][info] GC(130) Concurrent Mark 7.392ms
[2024-09-08T06:28:35.860+0800][info] GC(130) Concurrent Rebuild Remembered Sets
[2024-09-08T06:28:35.860+0800][info] GC(130) Concurrent Rebuild Remembered Sets 0.018ms
[2024-09-08T06:28:35.860+0800][info] GC(130) Pause Cleanup
[2024-09-08T06:28:35.860+0800][info] GC(130) Pause Cleanup 48M->48M(128M) 0.023ms
[2024-09-08T06:28:35.860+0800][info] GC(130) User=0.00s Sys=0.00s Real=0.00s
[2024-09-08T06:28:35.860+0800][info] GC(130) Concurrent Cleanup for Next Mark
[2024-09-08T06:28:35.860+0800][info] GC(131) Pause Young (Normal) (G1 Evacuation Pause)
[2024-09-08T06:28:35.860+0800][info] GC(131) Using 3 workers of 48 for evacuation
[2024-09-08T06:28:35.864+0800][info] GC(131)   Pre Evacuate Collection Set: 0.0ms
[2024-09-08T06:28:35.864+0800][info] GC(131)   Merge Heap Roots: 0.0ms
[2024-09-08T06:28:35.864+0800][info] GC(131)   Evacuate Collection Set: 4.1ms
[2024-09-08T06:28:35.864+0800][info] GC(131)   Post Evacuate Collection Set: 0.2ms
[2024-09-08T06:28:35.864+0800][info] GC(131)   Other: 0.1ms
[2024-09-08T06:28:35.864+0800][info] GC(131) Eden regions: 6->0(7)
[2024-09-08T06:28:35.864+0800][info] GC(131) Survivor regions: 2->1(1)
[2024-09-08T06:28:35.864+0800][info] GC(131) Old regions: 4->11
[2024-09-08T06:28:35.864+0800][info] GC(131) Archive regions: 2->2
[2024-09-08T06:28:35.864+0800][info] GC(131) Humongous regions: 0->0
[2024-09-08T06:28:35.864+0800][info] GC(131) Metaspace: 711K(896K)->711K(896K) NonClass: 654K(768K)->654K(768K) Class: 56K(128K)->56K(128K)
[2024-09-08T06:28:35.864+0800][info] GC(131) Pause Young (Normal) (G1 Evacuation Pause) 48M->48M(128M) 4.624ms
[2024-09-08T06:28:35.864+0800][info] GC(131) User=0.02s Sys=0.00s Real=0.00s
[2024-09-08T06:28:35.865+0800][info] GC(130) Concurrent Cleanup for Next Mark 4.998ms
[2024-09-08T06:28:35.865+0800][info] GC(130) Concurrent Mark Cycle 13.004ms
[2024-09-08T06:28:35.871+0800][info] GC(132) Pause Young (Normal) (G1 Evacuation Pause)
[2024-09-08T06:28:35.871+0800][info] GC(132) Using 3 workers of 48 for evacuation
[2024-09-08T06:28:35.876+0800][info] GC(132)   Pre Evacuate Collection Set: 0.0ms
[2024-09-08T06:28:35.876+0800][info] GC(132)   Merge Heap Roots: 0.0ms
[2024-09-08T06:28:35.876+0800][info] GC(132)   Evacuate Collection Set: 4.1ms
[2024-09-08T06:28:35.876+0800][info] GC(132)   Post Evacuate Collection Set: 0.2ms
[2024-09-08T06:28:35.876+0800][info] GC(132)   Other: 0.2ms
[2024-09-08T06:28:35.876+0800][info] GC(132) Eden regions: 7->0(3)
[2024-09-08T06:28:35.876+0800][info] GC(132) Survivor regions: 1->1(1)
[2024-09-08T06:28:35.876+0800][info] GC(132) Old regions: 11->18
[2024-09-08T06:28:35.876+0800][info] GC(132) Archive regions: 2->2
[2024-09-08T06:28:35.876+0800][info] GC(132) Humongous regions: 0->0
[2024-09-08T06:28:35.876+0800][info] GC(132) Metaspace: 711K(896K)->711K(896K) NonClass: 654K(768K)->654K(768K) Class: 56K(128K)->56K(128K)
[2024-09-08T06:28:35.876+0800][info] GC(132) Pause Young (Normal) (G1 Evacuation Pause) 76M->76M(128M) 4.783ms
[2024-09-08T06:28:35.876+0800][info] GC(132) User=0.02s Sys=0.00s Real=0.00s
[2024-09-08T06:28:35.879+0800][info] GC(133) Pause Young (Concurrent Start) (G1 Evacuation Pause)
[2024-09-08T06:28:35.879+0800][info] GC(133) Using 3 workers of 48 for evacuation
[2024-09-08T06:28:35.882+0800][info] GC(133)   Pre Evacuate Collection Set: 0.1ms
[2024-09-08T06:28:35.882+0800][info] GC(133)   Merge Heap Roots: 0.0ms
[2024-09-08T06:28:35.882+0800][info] GC(133)   Evacuate Collection Set: 2.2ms
[2024-09-08T06:28:35.882+0800][info] GC(133)   Post Evacuate Collection Set: 0.2ms
[2024-09-08T06:28:35.882+0800][info] GC(133)   Other: 0.3ms
[2024-09-08T06:28:35.882+0800][info] GC(133) Eden regions: 3->0(1)
[2024-09-08T06:28:35.882+0800][info] GC(133) Survivor regions: 1->1(1)
[2024-09-08T06:28:35.882+0800][info] GC(133) Old regions: 18->21
[2024-09-08T06:28:35.882+0800][info] GC(133) Archive regions: 2->2
[2024-09-08T06:28:35.882+0800][info] GC(133) Humongous regions: 0->0
[2024-09-08T06:28:35.882+0800][info] GC(133) Metaspace: 711K(896K)->711K(896K) NonClass: 654K(768K)->654K(768K) Class: 56K(128K)->56K(128K)
[2024-09-08T06:28:35.882+0800][info] GC(133) Pause Young (Concurrent Start) (G1 Evacuation Pause) 88M->88M(128M) 2.884ms
[2024-09-08T06:28:35.882+0800][info] GC(133) User=0.01s Sys=0.00s Real=0.00s
[2024-09-08T06:28:35.882+0800][info] GC(134) Concurrent Mark Cycle
[2024-09-08T06:28:35.882+0800][info] GC(134) Concurrent Clear Claimed Marks
[2024-09-08T06:28:35.882+0800][info] GC(134) Concurrent Clear Claimed Marks 0.033ms
[2024-09-08T06:28:35.882+0800][info] GC(134) Concurrent Scan Root Regions
[2024-09-08T06:28:35.883+0800][info] GC(134) Concurrent Scan Root Regions 0.347ms
[2024-09-08T06:28:35.883+0800][info] GC(134) Concurrent Mark
[2024-09-08T06:28:35.883+0800][info] GC(134) Concurrent Mark From Roots
[2024-09-08T06:28:35.883+0800][info] GC(134) Using 12 workers of 12 for marking
[2024-09-08T06:28:35.885+0800][info] GC(134) Concurrent Mark From Roots 2.390ms
[2024-09-08T06:28:35.885+0800][info] GC(134) Concurrent Preclean
[2024-09-08T06:28:35.887+0800][info] GC(134) Concurrent Preclean 1.680ms
[2024-09-08T06:28:35.887+0800][info] GC(134) Pause Remark
[2024-09-08T06:28:35.888+0800][info] GC(134) Pause Remark 90M->90M(128M) 1.230ms
[2024-09-08T06:28:35.888+0800][info] GC(134) User=0.00s Sys=0.00s Real=0.00s
[2024-09-08T06:28:35.888+0800][info] GC(134) Concurrent Mark 5.491ms
[2024-09-08T06:28:35.888+0800][info] GC(134) Concurrent Rebuild Remembered Sets
[2024-09-08T06:28:35.888+0800][info] GC(134) Concurrent Rebuild Remembered Sets 0.013ms
[2024-09-08T06:28:35.888+0800][info] GC(134) Pause Cleanup
[2024-09-08T06:28:35.888+0800][info] GC(134) Pause Cleanup 90M->90M(128M) 0.026ms
[2024-09-08T06:28:35.888+0800][info] GC(134) User=0.00s Sys=0.00s Real=0.00s
[2024-09-08T06:28:35.888+0800][info] GC(134) Concurrent Cleanup for Next Mark
[2024-09-08T06:28:35.889+0800][info] GC(134) Concurrent Cleanup for Next Mark 0.256ms
[2024-09-08T06:28:35.889+0800][info] GC(134) Concurrent Mark Cycle 6.434ms
[2024-09-08T06:28:36.884+0800][info] GC(135) Pause Young (Normal) (G1 Evacuation Pause)
[2024-09-08T06:28:36.884+0800][info] GC(135) Using 3 workers of 48 for evacuation
[2024-09-08T06:28:36.886+0800][info] GC(135)   Pre Evacuate Collection Set: 0.1ms
[2024-09-08T06:28:36.886+0800][info] GC(135)   Merge Heap Roots: 0.0ms
[2024-09-08T06:28:36.886+0800][info] GC(135)   Evacuate Collection Set: 1.0ms
[2024-09-08T06:28:36.886+0800][info] GC(135)   Post Evacuate Collection Set: 0.2ms
[2024-09-08T06:28:36.886+0800][info] GC(135)   Other: 0.2ms
[2024-09-08T06:28:36.886+0800][info] GC(135) Eden regions: 1->0(1)
[2024-09-08T06:28:36.886+0800][info] GC(135) Survivor regions: 1->1(1)
[2024-09-08T06:28:36.886+0800][info] GC(135) Old regions: 21->22
[2024-09-08T06:28:36.886+0800][info] GC(135) Archive regions: 2->2
[2024-09-08T06:28:36.886+0800][info] GC(135) Humongous regions: 0->0
[2024-09-08T06:28:36.886+0800][info] GC(135) Metaspace: 711K(896K)->711K(896K) NonClass: 654K(768K)->654K(768K) Class: 56K(128K)->56K(128K)
[2024-09-08T06:28:36.886+0800][info] GC(135) Pause Young (Normal) (G1 Evacuation Pause) 92M->92M(128M) 1.728ms
[2024-09-08T06:28:36.886+0800][info] GC(135) User=0.01s Sys=0.00s Real=0.01s
[2024-09-08T06:28:36.887+0800][info] GC(136) Pause Young (Concurrent Start) (G1 Evacuation Pause)
[2024-09-08T06:28:36.887+0800][info] GC(136) Using 3 workers of 48 for evacuation
[2024-09-08T06:28:36.889+0800][info] GC(136)   Pre Evacuate Collection Set: 0.0ms
[2024-09-08T06:28:36.889+0800][info] GC(136)   Merge Heap Roots: 0.0ms
[2024-09-08T06:28:36.889+0800][info] GC(136)   Evacuate Collection Set: 0.9ms
[2024-09-08T06:28:36.889+0800][info] GC(136)   Post Evacuate Collection Set: 0.2ms
[2024-09-08T06:28:36.889+0800][info] GC(136)   Other: 0.2ms
[2024-09-08T06:28:36.889+0800][info] GC(136) Eden regions: 1->0(1)
[2024-09-08T06:28:36.889+0800][info] GC(136) Survivor regions: 1->1(1)
[2024-09-08T06:28:36.889+0800][info] GC(136) Old regions: 22->23
[2024-09-08T06:28:36.889+0800][info] GC(136) Archive regions: 2->2
[2024-09-08T06:28:36.889+0800][info] GC(136) Humongous regions: 0->0
[2024-09-08T06:28:36.889+0800][info] GC(136) Metaspace: 711K(896K)->711K(896K) NonClass: 654K(768K)->654K(768K) Class: 56K(128K)->56K(128K)
[2024-09-08T06:28:36.889+0800][info] GC(136) Pause Young (Concurrent Start) (G1 Evacuation Pause) 96M->96M(128M) 1.670ms
[2024-09-08T06:28:36.889+0800][info] GC(136) User=0.00s Sys=0.00s Real=0.00s
[2024-09-08T06:28:36.889+0800][info] GC(137) Concurrent Mark Cycle
[2024-09-08T06:28:36.889+0800][info] GC(137) Concurrent Clear Claimed Marks
[2024-09-08T06:28:36.889+0800][info] GC(137) Concurrent Clear Claimed Marks 0.031ms
[2024-09-08T06:28:36.889+0800][info] GC(137) Concurrent Scan Root Regions
[2024-09-08T06:28:36.889+0800][info] GC(137) Concurrent Scan Root Regions 0.141ms
[2024-09-08T06:28:36.889+0800][info] GC(137) Concurrent Mark
[2024-09-08T06:28:36.889+0800][info] GC(137) Concurrent Mark From Roots
[2024-09-08T06:28:36.889+0800][info] GC(137) Using 12 workers of 12 for marking
[2024-09-08T06:28:36.891+0800][info] GC(138) Pause Young (Normal) (G1 Evacuation Pause)
[2024-09-08T06:28:36.891+0800][info] GC(138) Using 3 workers of 48 for evacuation
[2024-09-08T06:28:36.892+0800][info] GC(138)   Pre Evacuate Collection Set: 0.0ms
[2024-09-08T06:28:36.892+0800][info] GC(138)   Merge Heap Roots: 0.0ms
[2024-09-08T06:28:36.892+0800][info] GC(138)   Evacuate Collection Set: 0.8ms
[2024-09-08T06:28:36.892+0800][info] GC(138)   Post Evacuate Collection Set: 0.2ms
[2024-09-08T06:28:36.892+0800][info] GC(138)   Other: 0.1ms
[2024-09-08T06:28:36.892+0800][info] GC(138) Eden regions: 1->0(1)
[2024-09-08T06:28:36.892+0800][info] GC(138) Survivor regions: 1->1(1)
[2024-09-08T06:28:36.892+0800][info] GC(138) Old regions: 23->24
[2024-09-08T06:28:36.892+0800][info] GC(138) Archive regions: 2->2
[2024-09-08T06:28:36.892+0800][info] GC(138) Humongous regions: 0->0
[2024-09-08T06:28:36.892+0800][info] GC(138) Metaspace: 711K(896K)->711K(896K) NonClass: 654K(768K)->654K(768K) Class: 56K(128K)->56K(128K)
[2024-09-08T06:28:36.892+0800][info] GC(138) Pause Young (Normal) (G1 Evacuation Pause) 100M->100M(128M) 1.358ms
[2024-09-08T06:28:36.892+0800][info] GC(138) User=0.00s Sys=0.00s Real=0.00s
[2024-09-08T06:28:36.894+0800][info] GC(139) Pause Young (Normal) (G1 Preventive Collection)
[2024-09-08T06:28:36.894+0800][info] GC(139) Using 3 workers of 48 for evacuation
[2024-09-08T06:28:36.895+0800][info] GC(139)   Pre Evacuate Collection Set: 0.0ms
[2024-09-08T06:28:36.895+0800][info] GC(139)   Merge Heap Roots: 0.0ms
[2024-09-08T06:28:36.895+0800][info] GC(139)   Evacuate Collection Set: 0.9ms
[2024-09-08T06:28:36.895+0800][info] GC(139)   Post Evacuate Collection Set: 0.2ms
[2024-09-08T06:28:36.895+0800][info] GC(139)   Other: 0.1ms
[2024-09-08T06:28:36.895+0800][info] GC(139) Eden regions: 1->0(1)
[2024-09-08T06:28:36.896+0800][info] GC(139) Survivor regions: 1->1(1)
[2024-09-08T06:28:36.896+0800][info] GC(139) Old regions: 24->25
[2024-09-08T06:28:36.896+0800][info] GC(139) Archive regions: 2->2
[2024-09-08T06:28:36.896+0800][info] GC(139) Humongous regions: 0->0
[2024-09-08T06:28:36.896+0800][info] GC(139) Metaspace: 711K(896K)->711K(896K) NonClass: 654K(768K)->654K(768K) Class: 56K(128K)->56K(128K)
[2024-09-08T06:28:36.896+0800][info] GC(139) Pause Young (Normal) (G1 Preventive Collection) 104M->104M(128M) 1.426ms
[2024-09-08T06:28:36.896+0800][info] GC(139) User=0.00s Sys=0.00s Real=0.00s
[2024-09-08T06:28:36.898+0800][info] GC(140) Pause Young (Normal) (G1 Preventive Collection)
[2024-09-08T06:28:36.898+0800][info] GC(140) Using 3 workers of 48 for evacuation
[2024-09-08T06:28:36.900+0800][info] GC(140)   Pre Evacuate Collection Set: 0.0ms
[2024-09-08T06:28:36.900+0800][info] GC(140)   Merge Heap Roots: 0.0ms
[2024-09-08T06:28:36.900+0800][info] GC(140)   Evacuate Collection Set: 0.8ms
[2024-09-08T06:28:36.900+0800][info] GC(140)   Post Evacuate Collection Set: 0.2ms
[2024-09-08T06:28:36.900+0800][info] GC(140)   Other: 0.9ms
[2024-09-08T06:28:36.900+0800][info] GC(140) Eden regions: 1->0(1)
[2024-09-08T06:28:36.900+0800][info] GC(140) Survivor regions: 1->1(1)
[2024-09-08T06:28:36.900+0800][info] GC(140) Old regions: 25->26
[2024-09-08T06:28:36.900+0800][info] GC(140) Archive regions: 2->2
[2024-09-08T06:28:36.900+0800][info] GC(140) Humongous regions: 0->0
[2024-09-08T06:28:36.900+0800][info] GC(140) Metaspace: 711K(896K)->711K(896K) NonClass: 654K(768K)->654K(768K) Class: 56K(128K)->56K(128K)
[2024-09-08T06:28:36.900+0800][info] GC(140) Pause Young (Normal) (G1 Preventive Collection) 108M->108M(128M) 2.149ms
[2024-09-08T06:28:36.900+0800][info] GC(140) User=0.00s Sys=0.00s Real=0.00s
[2024-09-08T06:28:36.901+0800][info] GC(141) Pause Young (Normal) (G1 Preventive Collection)
[2024-09-08T06:28:36.901+0800][info] GC(141) Using 3 workers of 48 for evacuation
[2024-09-08T06:28:36.902+0800][info] GC(141)   Pre Evacuate Collection Set: 0.0ms
[2024-09-08T06:28:36.902+0800][info] GC(141)   Merge Heap Roots: 0.0ms
[2024-09-08T06:28:36.902+0800][info] GC(141)   Evacuate Collection Set: 0.8ms
[2024-09-08T06:28:36.902+0800][info] GC(141)   Post Evacuate Collection Set: 0.2ms
[2024-09-08T06:28:36.902+0800][info] GC(141)   Other: 0.1ms
[2024-09-08T06:28:36.902+0800][info] GC(141) Eden regions: 1->0(1)
[2024-09-08T06:28:36.902+0800][info] GC(141) Survivor regions: 1->1(1)
[2024-09-08T06:28:36.902+0800][info] GC(141) Old regions: 26->27
[2024-09-08T06:28:36.903+0800][info] GC(141) Archive regions: 2->2
[2024-09-08T06:28:36.903+0800][info] GC(141) Humongous regions: 0->0
[2024-09-08T06:28:36.903+0800][info] GC(141) Metaspace: 711K(896K)->711K(896K) NonClass: 654K(768K)->654K(768K) Class: 56K(128K)->56K(128K)
[2024-09-08T06:28:36.903+0800][info] GC(141) Pause Young (Normal) (G1 Preventive Collection) 112M->112M(128M) 1.370ms
[2024-09-08T06:28:36.903+0800][info] GC(141) User=0.00s Sys=0.00s Real=0.00s
[2024-09-08T06:28:36.903+0800][info] GC(137) Concurrent Mark From Roots 14.043ms
[2024-09-08T06:28:36.903+0800][info] GC(137) Concurrent Preclean
[2024-09-08T06:28:36.904+0800][info] GC(142) Pause Young (Normal) (G1 Preventive Collection)
[2024-09-08T06:28:36.904+0800][info] GC(142) Using 3 workers of 48 for evacuation
[2024-09-08T06:28:36.905+0800][info] GC(142) To-space exhausted
[2024-09-08T06:28:36.905+0800][info] GC(142)   Pre Evacuate Collection Set: 0.0ms
[2024-09-08T06:28:36.905+0800][info] GC(142)   Merge Heap Roots: 0.0ms
[2024-09-08T06:28:36.905+0800][info] GC(142)   Evacuate Collection Set: 0.5ms
[2024-09-08T06:28:36.905+0800][info] GC(142)   Post Evacuate Collection Set: 0.2ms
[2024-09-08T06:28:36.905+0800][info] GC(142)   Other: 0.1ms
[2024-09-08T06:28:36.905+0800][info] GC(142) Eden regions: 1->0(1)
[2024-09-08T06:28:36.905+0800][info] GC(142) Survivor regions: 1->1(1)
[2024-09-08T06:28:36.905+0800][info] GC(142) Old regions: 27->28
[2024-09-08T06:28:36.905+0800][info] GC(142) Archive regions: 2->2
[2024-09-08T06:28:36.905+0800][info] GC(142) Humongous regions: 0->0
[2024-09-08T06:28:36.905+0800][info] GC(142) Metaspace: 711K(896K)->711K(896K) NonClass: 654K(768K)->654K(768K) Class: 56K(128K)->56K(128K)
[2024-09-08T06:28:36.905+0800][info] GC(142) Pause Young (Normal) (G1 Preventive Collection) 116M->116M(128M) 1.117ms
[2024-09-08T06:28:36.905+0800][info] GC(142) User=0.00s Sys=0.00s Real=0.01s
[2024-09-08T06:28:36.907+0800][info] GC(137) Concurrent Preclean 3.866ms
[2024-09-08T06:28:36.907+0800][info] GC(143) Pause Young (Normal) (G1 Evacuation Pause)
[2024-09-08T06:28:36.907+0800][info] GC(143) Using 3 workers of 48 for evacuation
[2024-09-08T06:28:36.908+0800][info] GC(143) To-space exhausted
[2024-09-08T06:28:36.908+0800][info] GC(143)   Pre Evacuate Collection Set: 0.0ms
[2024-09-08T06:28:36.908+0800][info] GC(143)   Merge Heap Roots: 0.0ms
[2024-09-08T06:28:36.908+0800][info] GC(143)   Evacuate Collection Set: 0.2ms
[2024-09-08T06:28:36.908+0800][info] GC(143)   Post Evacuate Collection Set: 0.2ms
[2024-09-08T06:28:36.908+0800][info] GC(143)   Other: 0.1ms
[2024-09-08T06:28:36.908+0800][info] GC(143) Eden regions: 1->0(1)
[2024-09-08T06:28:36.908+0800][info] GC(143) Survivor regions: 1->0(0)
[2024-09-08T06:28:36.908+0800][info] GC(143) Old regions: 28->30
[2024-09-08T06:28:36.908+0800][info] GC(143) Archive regions: 2->2
[2024-09-08T06:28:36.908+0800][info] GC(143) Humongous regions: 0->0
[2024-09-08T06:28:36.908+0800][info] GC(143) Metaspace: 711K(896K)->711K(896K) NonClass: 654K(768K)->654K(768K) Class: 56K(128K)->56K(128K)
[2024-09-08T06:28:36.908+0800][info] GC(143) Pause Young (Normal) (G1 Evacuation Pause) 120M->120M(128M) 0.764ms
[2024-09-08T06:28:36.908+0800][info] GC(143) User=0.01s Sys=0.00s Real=0.00s
[2024-09-08T06:28:36.908+0800][info] Attempting full compaction
[2024-09-08T06:28:36.908+0800][info] GC(144) Using 1 workers of 48 for full compaction
[2024-09-08T06:28:36.908+0800][info] GC(144) Pause Full (G1 Compaction Pause)
[2024-09-08T06:28:36.908+0800][info] GC(144) Phase 1: Mark live objects
[2024-09-08T06:28:36.913+0800][info] GC(144) Phase 1: Mark live objects 4.467ms
[2024-09-08T06:28:36.913+0800][info] GC(144) Phase 2: Prepare for compaction
[2024-09-08T06:28:36.914+0800][info] GC(144) Phase 2: Prepare for compaction 1.140ms
[2024-09-08T06:28:36.914+0800][info] GC(144) Phase 3: Adjust pointers
[2024-09-08T06:28:36.917+0800][info] GC(144) Phase 3: Adjust pointers 2.677ms
[2024-09-08T06:28:36.917+0800][info] GC(144) Phase 4: Compact heap
[2024-09-08T06:28:36.919+0800][info] GC(144) Phase 4: Compact heap 2.384ms
[2024-09-08T06:28:36.920+0800][info] GC(144) Eden regions: 0->0(6)
[2024-09-08T06:28:36.920+0800][info] GC(144) Survivor regions: 0->0(0)
[2024-09-08T06:28:36.920+0800][info] GC(144) Old regions: 30->8
[2024-09-08T06:28:36.920+0800][info] GC(144) Archive regions: 2->2
[2024-09-08T06:28:36.920+0800][info] GC(144) Humongous regions: 0->0
[2024-09-08T06:28:36.920+0800][info] GC(144) Metaspace: 711K(896K)->711K(896K) NonClass: 654K(768K)->654K(768K) Class: 56K(128K)->56K(128K)
[2024-09-08T06:28:36.920+0800][info] GC(144) Pause Full (G1 Compaction Pause) 120M->34M(128M) 11.894ms
[2024-09-08T06:28:36.920+0800][info] GC(144) User=0.01s Sys=0.00s Real=0.01s
[2024-09-08T06:28:36.920+0800][info] GC(137) Concurrent Mark Abort
[2024-09-08T06:28:36.920+0800][info] GC(137) Concurrent Mark Cycle 31.323ms
[2024-09-08T06:28:36.927+0800][info] GC(145) Pause Young (Normal) (G1 Evacuation Pause)
[2024-09-08T06:28:36.927+0800][info] GC(145) Using 3 workers of 48 for evacuation
[2024-09-08T06:28:36.931+0800][info] GC(145)   Pre Evacuate Collection Set: 0.1ms
[2024-09-08T06:28:36.931+0800][info] GC(145)   Merge Heap Roots: 0.0ms
[2024-09-08T06:28:36.931+0800][info] GC(145)   Evacuate Collection Set: 3.3ms
[2024-09-08T06:28:36.931+0800][info] GC(145)   Post Evacuate Collection Set: 0.2ms
[2024-09-08T06:28:36.931+0800][info] GC(145)   Other: 0.1ms
[2024-09-08T06:28:36.931+0800][info] GC(145) Eden regions: 6->0(4)
[2024-09-08T06:28:36.931+0800][info] GC(145) Survivor regions: 0->1(1)
[2024-09-08T06:28:36.931+0800][info] GC(145) Old regions: 8->13
[2024-09-08T06:28:36.931+0800][info] GC(145) Archive regions: 2->2
[2024-09-08T06:28:36.931+0800][info] GC(145) Humongous regions: 0->0
[2024-09-08T06:28:36.931+0800][info] GC(145) Metaspace: 711K(896K)->711K(896K) NonClass: 654K(768K)->654K(768K) Class: 56K(128K)->56K(128K)
[2024-09-08T06:28:36.931+0800][info] GC(145) Pause Young (Normal) (G1 Evacuation Pause) 58M->58M(128M) 4.010ms
[2024-09-08T06:28:36.931+0800][info] GC(145) User=0.01s Sys=0.00s Real=0.00s
[2024-09-08T06:28:36.936+0800][info] GC(146) Pause Young (Concurrent Start) (G1 Evacuation Pause)
[2024-09-08T06:28:36.936+0800][info] GC(146) Using 3 workers of 48 for evacuation
[2024-09-08T06:28:36.939+0800][info] GC(146)   Pre Evacuate Collection Set: 0.0ms
[2024-09-08T06:28:36.939+0800][info] GC(146)   Merge Heap Roots: 0.0ms
[2024-09-08T06:28:36.939+0800][info] GC(146)   Evacuate Collection Set: 2.9ms
[2024-09-08T06:28:36.939+0800][info] GC(146)   Post Evacuate Collection Set: 0.2ms
[2024-09-08T06:28:36.939+0800][info] GC(146)   Other: 0.3ms
[2024-09-08T06:28:36.939+0800][info] GC(146) Eden regions: 4->0(3)
[2024-09-08T06:28:36.939+0800][info] GC(146) Survivor regions: 1->1(1)
[2024-09-08T06:28:36.939+0800][info] GC(146) Old regions: 13->17
[2024-09-08T06:28:36.939+0800][info] GC(146) Archive regions: 2->2
[2024-09-08T06:28:36.939+0800][info] GC(146) Humongous regions: 0->0
[2024-09-08T06:28:36.939+0800][info] GC(146) Metaspace: 711K(896K)->711K(896K) NonClass: 654K(768K)->654K(768K) Class: 56K(128K)->56K(128K)
[2024-09-08T06:28:36.939+0800][info] GC(146) Pause Young (Concurrent Start) (G1 Evacuation Pause) 74M->74M(128M) 3.689ms
[2024-09-08T06:28:36.939+0800][info] GC(146) User=0.01s Sys=0.00s Real=0.01s
[2024-09-08T06:28:36.939+0800][info] GC(147) Concurrent Mark Cycle
[2024-09-08T06:28:36.939+0800][info] GC(147) Concurrent Clear Claimed Marks
[2024-09-08T06:28:36.939+0800][info] GC(147) Concurrent Clear Claimed Marks 0.036ms
[2024-09-08T06:28:36.939+0800][info] GC(147) Concurrent Scan Root Regions
[2024-09-08T06:28:36.940+0800][info] GC(147) Concurrent Scan Root Regions 0.370ms
[2024-09-08T06:28:36.940+0800][info] GC(147) Concurrent Mark
[2024-09-08T06:28:36.940+0800][info] GC(147) Concurrent Mark From Roots
[2024-09-08T06:28:36.940+0800][info] GC(147) Using 12 workers of 12 for marking
[2024-09-08T06:28:36.943+0800][info] GC(147) Concurrent Mark From Roots 2.759ms
[2024-09-08T06:28:36.943+0800][info] GC(147) Concurrent Preclean
[2024-09-08T06:28:36.944+0800][info] GC(147) Concurrent Preclean 1.661ms
[2024-09-08T06:28:36.944+0800][info] GC(147) Pause Remark
[2024-09-08T06:28:36.945+0800][info] GC(147) Pause Remark 85M->85M(128M) 1.135ms
[2024-09-08T06:28:36.946+0800][info] GC(147) User=0.01s Sys=0.00s Real=0.01s
[2024-09-08T06:28:36.946+0800][info] GC(147) Concurrent Mark 5.745ms
[2024-09-08T06:28:36.946+0800][info] GC(147) Concurrent Rebuild Remembered Sets
[2024-09-08T06:28:36.946+0800][info] GC(147) Concurrent Rebuild Remembered Sets 0.012ms
[2024-09-08T06:28:36.946+0800][info] GC(147) Pause Cleanup
[2024-09-08T06:28:36.946+0800][info] GC(147) Pause Cleanup 85M->85M(128M) 0.020ms
[2024-09-08T06:28:36.946+0800][info] GC(147) User=0.00s Sys=0.00s Real=0.00s
[2024-09-08T06:28:36.946+0800][info] GC(147) Concurrent Cleanup for Next Mark
[2024-09-08T06:28:36.946+0800][info] GC(147) Concurrent Cleanup for Next Mark 0.275ms
[2024-09-08T06:28:36.946+0800][info] GC(147) Concurrent Mark Cycle 6.713ms
[2024-09-08T06:28:37.945+0800][info] GC(148) Pause Young (Normal) (G1 Evacuation Pause)
[2024-09-08T06:28:37.945+0800][info] GC(148) Using 3 workers of 48 for evacuation
[2024-09-08T06:28:37.947+0800][info] GC(148)   Pre Evacuate Collection Set: 0.1ms
[2024-09-08T06:28:37.947+0800][info] GC(148)   Merge Heap Roots: 0.1ms
[2024-09-08T06:28:37.947+0800][info] GC(148)   Evacuate Collection Set: 1.9ms
[2024-09-08T06:28:37.947+0800][info] GC(148)   Post Evacuate Collection Set: 0.2ms
[2024-09-08T06:28:37.947+0800][info] GC(148)   Other: 0.2ms
[2024-09-08T06:28:37.947+0800][info] GC(148) Eden regions: 3->0(1)
[2024-09-08T06:28:37.947+0800][info] GC(148) Survivor regions: 1->1(1)
[2024-09-08T06:28:37.947+0800][info] GC(148) Old regions: 17->21
[2024-09-08T06:28:37.947+0800][info] GC(148) Archive regions: 2->2
[2024-09-08T06:28:37.947+0800][info] GC(148) Humongous regions: 0->0
[2024-09-08T06:28:37.947+0800][info] GC(148) Metaspace: 714K(896K)->714K(896K) NonClass: 657K(768K)->657K(768K) Class: 56K(128K)->56K(128K)
[2024-09-08T06:28:37.947+0800][info] GC(148) Pause Young (Normal) (G1 Evacuation Pause) 86M->87M(128M) 2.665ms
[2024-09-08T06:28:37.947+0800][info] GC(148) User=0.01s Sys=0.00s Real=0.01s
[2024-09-08T06:28:37.948+0800][info] GC(149) Pause Young (Concurrent Start) (G1 Evacuation Pause)
[2024-09-08T06:28:37.949+0800][info] GC(149) Using 3 workers of 48 for evacuation
[2024-09-08T06:28:37.950+0800][info] GC(149)   Pre Evacuate Collection Set: 0.1ms
[2024-09-08T06:28:37.950+0800][info] GC(149)   Merge Heap Roots: 0.1ms
[2024-09-08T06:28:37.950+0800][info] GC(149)   Evacuate Collection Set: 1.1ms
[2024-09-08T06:28:37.950+0800][info] GC(149)   Post Evacuate Collection Set: 0.2ms
[2024-09-08T06:28:37.950+0800][info] GC(149)   Other: 0.3ms
[2024-09-08T06:28:37.950+0800][info] GC(149) Eden regions: 1->0(1)
[2024-09-08T06:28:37.950+0800][info] GC(149) Survivor regions: 1->1(1)
[2024-09-08T06:28:37.950+0800][info] GC(149) Old regions: 21->22
[2024-09-08T06:28:37.950+0800][info] GC(149) Archive regions: 2->2
[2024-09-08T06:28:37.950+0800][info] GC(149) Humongous regions: 0->0
[2024-09-08T06:28:37.950+0800][info] GC(149) Metaspace: 716K(896K)->716K(896K) NonClass: 659K(768K)->659K(768K) Class: 56K(128K)->56K(128K)
[2024-09-08T06:28:37.950+0800][info] GC(149) Pause Young (Concurrent Start) (G1 Evacuation Pause) 91M->90M(128M) 1.790ms
[2024-09-08T06:28:37.950+0800][info] GC(149) User=0.00s Sys=0.00s Real=0.00s
[2024-09-08T06:28:37.950+0800][info] GC(150) Concurrent Mark Cycle
[2024-09-08T06:28:37.950+0800][info] GC(150) Concurrent Clear Claimed Marks
[2024-09-08T06:28:37.950+0800][info] GC(150) Concurrent Clear Claimed Marks 0.021ms
[2024-09-08T06:28:37.950+0800][info] GC(150) Concurrent Scan Root Regions
[2024-09-08T06:28:37.951+0800][info] GC(150) Concurrent Scan Root Regions 0.384ms
[2024-09-08T06:28:37.951+0800][info] GC(150) Concurrent Mark
[2024-09-08T06:28:37.951+0800][info] GC(150) Concurrent Mark From Roots
[2024-09-08T06:28:37.951+0800][info] GC(150) Using 12 workers of 12 for marking
[2024-09-08T06:28:37.953+0800][info] GC(151) Pause Young (Normal) (G1 Evacuation Pause)
[2024-09-08T06:28:37.953+0800][info] GC(151) Using 3 workers of 48 for evacuation
[2024-09-08T06:28:37.954+0800][info] GC(151)   Pre Evacuate Collection Set: 0.0ms
[2024-09-08T06:28:37.954+0800][info] GC(151)   Merge Heap Roots: 0.0ms
[2024-09-08T06:28:37.954+0800][info] GC(151)   Evacuate Collection Set: 1.0ms
[2024-09-08T06:28:37.954+0800][info] GC(151)   Post Evacuate Collection Set: 0.2ms
[2024-09-08T06:28:37.954+0800][info] GC(151)   Other: 0.1ms
[2024-09-08T06:28:37.954+0800][info] GC(151) Eden regions: 1->0(1)
[2024-09-08T06:28:37.954+0800][info] GC(151) Survivor regions: 1->1(1)
[2024-09-08T06:28:37.954+0800][info] GC(151) Old regions: 22->23
[2024-09-08T06:28:37.955+0800][info] GC(151) Archive regions: 2->2
[2024-09-08T06:28:37.955+0800][info] GC(151) Humongous regions: 0->0
[2024-09-08T06:28:37.955+0800][info] GC(151) Metaspace: 716K(896K)->716K(896K) NonClass: 659K(768K)->659K(768K) Class: 56K(128K)->56K(128K)
[2024-09-08T06:28:37.955+0800][info] GC(151) Pause Young (Normal) (G1 Evacuation Pause) 94M->94M(128M) 1.559ms
[2024-09-08T06:28:37.955+0800][info] GC(151) User=0.00s Sys=0.00s Real=0.00s
[2024-09-08T06:28:37.957+0800][info] GC(152) Pause Young (Normal) (G1 Evacuation Pause)
[2024-09-08T06:28:37.957+0800][info] GC(152) Using 3 workers of 48 for evacuation
[2024-09-08T06:28:37.958+0800][info] GC(152)   Pre Evacuate Collection Set: 0.0ms
[2024-09-08T06:28:37.958+0800][info] GC(152)   Merge Heap Roots: 0.0ms
[2024-09-08T06:28:37.958+0800][info] GC(152)   Evacuate Collection Set: 0.9ms
[2024-09-08T06:28:37.958+0800][info] GC(152)   Post Evacuate Collection Set: 0.2ms
[2024-09-08T06:28:37.958+0800][info] GC(152)   Other: 0.1ms
[2024-09-08T06:28:37.958+0800][info] GC(152) Eden regions: 1->0(1)
[2024-09-08T06:28:37.958+0800][info] GC(152) Survivor regions: 1->1(1)
[2024-09-08T06:28:37.958+0800][info] GC(152) Old regions: 23->23
[2024-09-08T06:28:37.959+0800][info] GC(152) Archive regions: 2->2
[2024-09-08T06:28:37.959+0800][info] GC(152) Humongous regions: 0->0
[2024-09-08T06:28:37.959+0800][info] GC(152) Metaspace: 716K(896K)->716K(896K) NonClass: 659K(768K)->659K(768K) Class: 56K(128K)->56K(128K)
[2024-09-08T06:28:37.959+0800][info] GC(152) Pause Young (Normal) (G1 Evacuation Pause) 98M->98M(128M) 1.479ms
[2024-09-08T06:28:37.959+0800][info] GC(152) User=0.01s Sys=0.00s Real=0.00s
[2024-09-08T06:28:37.959+0800][info] GC(150) Concurrent Mark From Roots 8.505ms
[2024-09-08T06:28:37.959+0800][info] GC(150) Concurrent Preclean
[2024-09-08T06:28:37.960+0800][info] GC(153) Pause Young (Normal) (G1 Evacuation Pause)
[2024-09-08T06:28:37.960+0800][info] GC(153) Using 3 workers of 48 for evacuation
[2024-09-08T06:28:37.961+0800][info] GC(153)   Pre Evacuate Collection Set: 0.0ms
[2024-09-08T06:28:37.961+0800][info] GC(153)   Merge Heap Roots: 0.0ms
[2024-09-08T06:28:37.961+0800][info] GC(153)   Evacuate Collection Set: 0.9ms
[2024-09-08T06:28:37.961+0800][info] GC(153)   Post Evacuate Collection Set: 0.2ms
[2024-09-08T06:28:37.961+0800][info] GC(153)   Other: 0.1ms
[2024-09-08T06:28:37.961+0800][info] GC(153) Eden regions: 1->0(1)
[2024-09-08T06:28:37.961+0800][info] GC(153) Survivor regions: 1->1(1)
[2024-09-08T06:28:37.961+0800][info] GC(153) Old regions: 23->24
[2024-09-08T06:28:37.961+0800][info] GC(153) Archive regions: 2->2
[2024-09-08T06:28:37.961+0800][info] GC(153) Humongous regions: 0->0
[2024-09-08T06:28:37.962+0800][info] GC(153) Metaspace: 716K(896K)->716K(896K) NonClass: 659K(768K)->659K(768K) Class: 56K(128K)->56K(128K)
[2024-09-08T06:28:37.962+0800][info] GC(153) Pause Young (Normal) (G1 Evacuation Pause) 102M->102M(128M) 1.487ms
[2024-09-08T06:28:37.962+0800][info] GC(153) User=0.01s Sys=0.00s Real=0.00s
[2024-09-08T06:28:37.963+0800][info] GC(150) Concurrent Preclean 3.345ms
[2024-09-08T06:28:37.963+0800][info] GC(154) Pause Young (Normal) (G1 Preventive Collection)
[2024-09-08T06:28:37.963+0800][info] GC(154) Using 3 workers of 48 for evacuation
[2024-09-08T06:28:37.964+0800][info] GC(154)   Pre Evacuate Collection Set: 0.0ms
[2024-09-08T06:28:37.964+0800][info] GC(154)   Merge Heap Roots: 0.0ms
[2024-09-08T06:28:37.964+0800][info] GC(154)   Evacuate Collection Set: 0.9ms
[2024-09-08T06:28:37.964+0800][info] GC(154)   Post Evacuate Collection Set: 0.2ms
[2024-09-08T06:28:37.964+0800][info] GC(154)   Other: 0.1ms
[2024-09-08T06:28:37.964+0800][info] GC(154) Eden regions: 1->0(1)
[2024-09-08T06:28:37.964+0800][info] GC(154) Survivor regions: 1->1(1)
[2024-09-08T06:28:37.964+0800][info] GC(154) Old regions: 24->25
[2024-09-08T06:28:37.964+0800][info] GC(154) Archive regions: 2->2
[2024-09-08T06:28:37.964+0800][info] GC(154) Humongous regions: 0->0
[2024-09-08T06:28:37.964+0800][info] GC(154) Metaspace: 716K(896K)->716K(896K) NonClass: 659K(768K)->659K(768K) Class: 56K(128K)->56K(128K)
[2024-09-08T06:28:37.964+0800][info] GC(154) Pause Young (Normal) (G1 Preventive Collection) 106M->106M(128M) 1.449ms
[2024-09-08T06:28:37.964+0800][info] GC(154) User=0.00s Sys=0.00s Real=0.00s
[2024-09-08T06:28:37.965+0800][info] GC(150) Pause Remark
[2024-09-08T06:28:37.966+0800][info] GC(150) Pause Remark 106M->106M(128M) 1.270ms
[2024-09-08T06:28:37.966+0800][info] GC(150) User=0.01s Sys=0.00s Real=0.01s
[2024-09-08T06:28:37.966+0800][info] GC(150) Concurrent Mark 15.018ms
[2024-09-08T06:28:37.966+0800][info] GC(150) Concurrent Rebuild Remembered Sets
[2024-09-08T06:28:37.966+0800][info] GC(150) Concurrent Rebuild Remembered Sets 0.015ms
[2024-09-08T06:28:37.966+0800][info] GC(150) Pause Cleanup
[2024-09-08T06:28:37.966+0800][info] GC(150) Pause Cleanup 107M->107M(128M) 0.022ms
[2024-09-08T06:28:37.966+0800][info] GC(150) User=0.00s Sys=0.00s Real=0.00s
[2024-09-08T06:28:37.966+0800][info] GC(150) Concurrent Cleanup for Next Mark
[2024-09-08T06:28:37.966+0800][info] GC(150) Concurrent Cleanup for Next Mark 0.334ms
[2024-09-08T06:28:37.967+0800][info] GC(150) Concurrent Mark Cycle 16.124ms
[2024-09-08T06:28:37.967+0800][info] GC(155) Pause Young (Normal) (G1 Preventive Collection)
[2024-09-08T06:28:37.967+0800][info] GC(155) Using 3 workers of 48 for evacuation
[2024-09-08T06:28:37.968+0800][info] GC(155)   Pre Evacuate Collection Set: 0.0ms
[2024-09-08T06:28:37.968+0800][info] GC(155)   Merge Heap Roots: 0.0ms
[2024-09-08T06:28:37.968+0800][info] GC(155)   Evacuate Collection Set: 0.9ms
[2024-09-08T06:28:37.969+0800][info] GC(155)   Post Evacuate Collection Set: 0.2ms
[2024-09-08T06:28:37.969+0800][info] GC(155)   Other: 0.1ms
[2024-09-08T06:28:37.969+0800][info] GC(155) Eden regions: 1->0(1)
[2024-09-08T06:28:37.969+0800][info] GC(155) Survivor regions: 1->1(1)
[2024-09-08T06:28:37.969+0800][info] GC(155) Old regions: 25->26
[2024-09-08T06:28:37.969+0800][info] GC(155) Archive regions: 2->2
[2024-09-08T06:28:37.969+0800][info] GC(155) Humongous regions: 0->0
[2024-09-08T06:28:37.969+0800][info] GC(155) Metaspace: 716K(896K)->716K(896K) NonClass: 659K(768K)->659K(768K) Class: 56K(128K)->56K(128K)
[2024-09-08T06:28:37.969+0800][info] GC(155) Pause Young (Normal) (G1 Preventive Collection) 110M->110M(128M) 1.496ms
[2024-09-08T06:28:37.969+0800][info] GC(155) User=0.00s Sys=0.00s Real=0.00s
[2024-09-08T06:28:37.970+0800][info] GC(156) Pause Young (Concurrent Start) (G1 Preventive Collection)
[2024-09-08T06:28:37.970+0800][info] GC(156) Using 3 workers of 48 for evacuation
[2024-09-08T06:28:37.971+0800][info] GC(156)   Pre Evacuate Collection Set: 0.0ms
[2024-09-08T06:28:37.971+0800][info] GC(156)   Merge Heap Roots: 0.0ms
[2024-09-08T06:28:37.971+0800][info] GC(156)   Evacuate Collection Set: 0.9ms
[2024-09-08T06:28:37.971+0800][info] GC(156)   Post Evacuate Collection Set: 0.2ms
[2024-09-08T06:28:37.971+0800][info] GC(156)   Other: 0.2ms
[2024-09-08T06:28:37.971+0800][info] GC(156) Eden regions: 1->0(1)
[2024-09-08T06:28:37.971+0800][info] GC(156) Survivor regions: 1->1(1)
[2024-09-08T06:28:37.971+0800][info] GC(156) Old regions: 26->27
[2024-09-08T06:28:37.971+0800][info] GC(156) Archive regions: 2->2
[2024-09-08T06:28:37.971+0800][info] GC(156) Humongous regions: 0->0
[2024-09-08T06:28:37.971+0800][info] GC(156) Metaspace: 716K(896K)->716K(896K) NonClass: 659K(768K)->659K(768K) Class: 56K(128K)->56K(128K)
[2024-09-08T06:28:37.971+0800][info] GC(156) Pause Young (Concurrent Start) (G1 Preventive Collection) 114M->114M(128M) 1.510ms
[2024-09-08T06:28:37.972+0800][info] GC(156) User=0.01s Sys=0.00s Real=0.00s
[2024-09-08T06:28:37.972+0800][info] GC(157) Concurrent Mark Cycle
[2024-09-08T06:28:37.972+0800][info] GC(157) Concurrent Clear Claimed Marks
[2024-09-08T06:28:37.972+0800][info] GC(157) Concurrent Clear Claimed Marks 0.018ms
[2024-09-08T06:28:37.972+0800][info] GC(157) Concurrent Scan Root Regions
[2024-09-08T06:28:37.972+0800][info] GC(157) Concurrent Scan Root Regions 0.156ms
[2024-09-08T06:28:37.972+0800][info] GC(157) Concurrent Mark
[2024-09-08T06:28:37.972+0800][info] GC(157) Concurrent Mark From Roots
[2024-09-08T06:28:37.972+0800][info] GC(157) Using 12 workers of 12 for marking
[2024-09-08T06:28:37.974+0800][info] GC(158) Pause Young (Normal) (G1 Preventive Collection)
[2024-09-08T06:28:37.974+0800][info] GC(158) Using 3 workers of 48 for evacuation
[2024-09-08T06:28:37.975+0800][info] GC(158) To-space exhausted
[2024-09-08T06:28:37.975+0800][info] GC(158)   Pre Evacuate Collection Set: 0.0ms
[2024-09-08T06:28:37.975+0800][info] GC(158)   Merge Heap Roots: 0.0ms
[2024-09-08T06:28:37.975+0800][info] GC(158)   Evacuate Collection Set: 0.6ms
[2024-09-08T06:28:37.975+0800][info] GC(158)   Post Evacuate Collection Set: 0.2ms
[2024-09-08T06:28:37.975+0800][info] GC(158)   Other: 0.2ms
[2024-09-08T06:28:37.975+0800][info] GC(158) Eden regions: 1->0(1)
[2024-09-08T06:28:37.975+0800][info] GC(158) Survivor regions: 1->1(1)
[2024-09-08T06:28:37.975+0800][info] GC(158) Old regions: 27->28
[2024-09-08T06:28:37.975+0800][info] GC(158) Archive regions: 2->2
[2024-09-08T06:28:37.975+0800][info] GC(158) Humongous regions: 0->0
[2024-09-08T06:28:37.975+0800][info] GC(158) Metaspace: 716K(896K)->716K(896K) NonClass: 659K(768K)->659K(768K) Class: 56K(128K)->56K(128K)
[2024-09-08T06:28:37.975+0800][info] GC(158) Pause Young (Normal) (G1 Preventive Collection) 118M->118M(128M) 1.128ms
[2024-09-08T06:28:37.975+0800][info] GC(158) User=0.00s Sys=0.00s Real=0.00s
[2024-09-08T06:28:37.978+0800][info] GC(159) Pause Young (Normal) (G1 Evacuation Pause)
[2024-09-08T06:28:37.978+0800][info] GC(159) Using 3 workers of 48 for evacuation
[2024-09-08T06:28:37.979+0800][info] GC(159) To-space exhausted
[2024-09-08T06:28:37.979+0800][info] GC(159)   Pre Evacuate Collection Set: 0.0ms
[2024-09-08T06:28:37.979+0800][info] GC(159)   Merge Heap Roots: 0.0ms
[2024-09-08T06:28:37.979+0800][info] GC(159)   Evacuate Collection Set: 0.2ms
[2024-09-08T06:28:37.979+0800][info] GC(159)   Post Evacuate Collection Set: 0.2ms
[2024-09-08T06:28:37.979+0800][info] GC(159)   Other: 0.2ms
[2024-09-08T06:28:37.979+0800][info] GC(159) Eden regions: 1->0(1)
[2024-09-08T06:28:37.979+0800][info] GC(159) Survivor regions: 1->0(0)
[2024-09-08T06:28:37.979+0800][info] GC(159) Old regions: 28->30
[2024-09-08T06:28:37.979+0800][info] GC(159) Archive regions: 2->2
[2024-09-08T06:28:37.979+0800][info] GC(159) Humongous regions: 0->0
[2024-09-08T06:28:37.979+0800][info] GC(159) Metaspace: 716K(896K)->716K(896K) NonClass: 659K(768K)->659K(768K) Class: 56K(128K)->56K(128K)
[2024-09-08T06:28:37.979+0800][info] GC(159) Pause Young (Normal) (G1 Evacuation Pause) 122M->122M(128M) 0.813ms
[2024-09-08T06:28:37.979+0800][info] GC(159) User=0.00s Sys=0.00s Real=0.00s
[2024-09-08T06:28:37.979+0800][info] Attempting full compaction
[2024-09-08T06:28:37.979+0800][info] GC(160) Using 1 workers of 48 for full compaction
[2024-09-08T06:28:37.979+0800][info] GC(160) Pause Full (G1 Compaction Pause)
[2024-09-08T06:28:37.979+0800][info] GC(160) Phase 1: Mark live objects
[2024-09-08T06:28:37.986+0800][info] GC(160) Phase 1: Mark live objects 6.606ms
[2024-09-08T06:28:37.986+0800][info] GC(160) Phase 2: Prepare for compaction
[2024-09-08T06:28:37.987+0800][info] GC(160) Phase 2: Prepare for compaction 1.149ms
[2024-09-08T06:28:37.987+0800][info] GC(160) Phase 3: Adjust pointers
[2024-09-08T06:28:37.990+0800][info] GC(160) Phase 3: Adjust pointers 2.480ms
[2024-09-08T06:28:37.990+0800][info] GC(160) Phase 4: Compact heap
[2024-09-08T06:28:37.992+0800][info] GC(160) Phase 4: Compact heap 2.298ms
[2024-09-08T06:28:37.993+0800][info] GC(160) Eden regions: 0->0(5)
[2024-09-08T06:28:37.993+0800][info] GC(160) Survivor regions: 0->0(0)
[2024-09-08T06:28:37.993+0800][info] GC(160) Old regions: 30->10
[2024-09-08T06:28:37.993+0800][info] GC(160) Archive regions: 2->2
[2024-09-08T06:28:37.993+0800][info] GC(160) Humongous regions: 0->0
[2024-09-08T06:28:37.993+0800][info] GC(160) Metaspace: 716K(896K)->681K(896K) NonClass: 659K(768K)->633K(768K) Class: 56K(128K)->47K(128K)
[2024-09-08T06:28:37.993+0800][info] GC(160) Pause Full (G1 Compaction Pause) 122M->41M(128M) 13.943ms
[2024-09-08T06:28:37.993+0800][info] GC(160) User=0.01s Sys=0.00s Real=0.01s
[2024-09-08T06:28:37.993+0800][info] GC(157) Concurrent Mark From Roots 21.437ms
[2024-09-08T06:28:37.993+0800][info] GC(157) Concurrent Mark Abort
[2024-09-08T06:28:37.993+0800][info] GC(157) Concurrent Mark Cycle 21.749ms
[2024-09-08T06:28:37.998+0800][info] GC(161) Pause Young (Normal) (G1 Evacuation Pause)
[2024-09-08T06:28:37.998+0800][info] GC(161) Using 3 workers of 48 for evacuation
[2024-09-08T06:28:38.001+0800][info] GC(161)   Pre Evacuate Collection Set: 0.1ms
[2024-09-08T06:28:38.001+0800][info] GC(161)   Merge Heap Roots: 0.0ms
[2024-09-08T06:28:38.001+0800][info] GC(161)   Evacuate Collection Set: 2.7ms
[2024-09-08T06:28:38.001+0800][info] GC(161)   Post Evacuate Collection Set: 0.2ms
[2024-09-08T06:28:38.001+0800][info] GC(161)   Other: 0.1ms
[2024-09-08T06:28:38.001+0800][info] GC(161) Eden regions: 5->0(4)
[2024-09-08T06:28:38.001+0800][info] GC(161) Survivor regions: 0->1(1)
[2024-09-08T06:28:38.001+0800][info] GC(161) Old regions: 10->14
[2024-09-08T06:28:38.001+0800][info] GC(161) Archive regions: 2->2
[2024-09-08T06:28:38.001+0800][info] GC(161) Humongous regions: 0->0
[2024-09-08T06:28:38.001+0800][info] GC(161) Metaspace: 681K(896K)->681K(896K) NonClass: 633K(768K)->633K(768K) Class: 47K(128K)->47K(128K)
[2024-09-08T06:28:38.001+0800][info] GC(161) Pause Young (Normal) (G1 Evacuation Pause) 61M->61M(128M) 3.215ms
[2024-09-08T06:28:38.001+0800][info] GC(161) User=0.01s Sys=0.00s Real=0.00s
[2024-09-08T06:28:38.005+0800][info] GC(162) Pause Young (Concurrent Start) (G1 Evacuation Pause)
[2024-09-08T06:28:38.005+0800][info] GC(162) Using 3 workers of 48 for evacuation
[2024-09-08T06:28:38.008+0800][info] GC(162)   Pre Evacuate Collection Set: 0.0ms
[2024-09-08T06:28:38.008+0800][info] GC(162)   Merge Heap Roots: 0.0ms
[2024-09-08T06:28:38.008+0800][info] GC(162)   Evacuate Collection Set: 2.7ms
[2024-09-08T06:28:38.008+0800][info] GC(162)   Post Evacuate Collection Set: 0.2ms
[2024-09-08T06:28:38.008+0800][info] GC(162)   Other: 0.2ms
[2024-09-08T06:28:38.008+0800][info] GC(162) Eden regions: 4->0(2)
[2024-09-08T06:28:38.008+0800][info] GC(162) Survivor regions: 1->1(1)
[2024-09-08T06:28:38.008+0800][info] GC(162) Old regions: 14->19
[2024-09-08T06:28:38.008+0800][info] GC(162) Archive regions: 2->2
[2024-09-08T06:28:38.009+0800][info] GC(162) Humongous regions: 0->0
[2024-09-08T06:28:38.009+0800][info] GC(162) Metaspace: 681K(896K)->681K(896K) NonClass: 633K(768K)->633K(768K) Class: 47K(128K)->47K(128K)
[2024-09-08T06:28:38.009+0800][info] GC(162) Pause Young (Concurrent Start) (G1 Evacuation Pause) 77M->77M(128M) 3.452ms
[2024-09-08T06:28:38.009+0800][info] GC(162) User=0.01s Sys=0.00s Real=0.00s
[2024-09-08T06:28:38.009+0800][info] GC(163) Concurrent Mark Cycle
[2024-09-08T06:28:38.009+0800][info] GC(163) Concurrent Clear Claimed Marks
[2024-09-08T06:28:38.009+0800][info] GC(163) Concurrent Clear Claimed Marks 0.016ms
[2024-09-08T06:28:38.009+0800][info] GC(163) Concurrent Scan Root Regions
[2024-09-08T06:28:38.009+0800][info] GC(163) Concurrent Scan Root Regions 0.329ms
[2024-09-08T06:28:38.009+0800][info] GC(163) Concurrent Mark
[2024-09-08T06:28:38.009+0800][info] GC(163) Concurrent Mark From Roots
[2024-09-08T06:28:38.009+0800][info] GC(163) Using 12 workers of 12 for marking
[2024-09-08T06:28:38.012+0800][info] GC(163) Concurrent Mark From Roots 2.462ms
[2024-09-08T06:28:38.012+0800][info] GC(163) Concurrent Preclean
[2024-09-08T06:28:38.013+0800][info] GC(163) Concurrent Preclean 1.773ms
[2024-09-08T06:28:38.013+0800][info] GC(163) Pause Remark
[2024-09-08T06:28:38.015+0800][info] GC(163) Pause Remark 85M->85M(128M) 1.253ms
[2024-09-08T06:28:38.015+0800][info] GC(163) User=0.01s Sys=0.00s Real=0.00s
[2024-09-08T06:28:38.015+0800][info] GC(163) Concurrent Mark 5.658ms
[2024-09-08T06:28:38.015+0800][info] GC(163) Concurrent Rebuild Remembered Sets
[2024-09-08T06:28:38.021+0800][info] GC(163) Concurrent Rebuild Remembered Sets 6.252ms
[2024-09-08T06:28:38.021+0800][info] GC(163) Pause Cleanup
[2024-09-08T06:28:38.021+0800][info] GC(163) Pause Cleanup 85M->85M(128M) 0.375ms
[2024-09-08T06:28:38.021+0800][info] GC(163) User=0.00s Sys=0.00s Real=0.00s
[2024-09-08T06:28:38.022+0800][info] GC(163) Concurrent Cleanup for Next Mark
[2024-09-08T06:28:38.022+0800][info] GC(163) Concurrent Cleanup for Next Mark 0.297ms
[2024-09-08T06:28:38.022+0800][info] GC(163) Concurrent Mark Cycle 13.217ms
[2024-09-08T06:28:39.013+0800][info] GC(164) Pause Young (Concurrent Start) (WhiteBox Initiated Concurrent Mark)
[2024-09-08T06:28:39.013+0800][info] GC(164) Using 3 workers of 48 for evacuation
[2024-09-08T06:28:39.015+0800][info] GC(164)   Pre Evacuate Collection Set: 0.1ms
[2024-09-08T06:28:39.015+0800][info] GC(164)   Merge Heap Roots: 0.0ms
[2024-09-08T06:28:39.015+0800][info] GC(164)   Evacuate Collection Set: 1.7ms
[2024-09-08T06:28:39.015+0800][info] GC(164)   Post Evacuate Collection Set: 0.2ms
[2024-09-08T06:28:39.015+0800][info] GC(164)   Other: 0.3ms
[2024-09-08T06:28:39.015+0800][info] GC(164) Eden regions: 2->0(2)
[2024-09-08T06:28:39.015+0800][info] GC(164) Survivor regions: 1->1(1)
[2024-09-08T06:28:39.015+0800][info] GC(164) Old regions: 19->20
[2024-09-08T06:28:39.015+0800][info] GC(164) Archive regions: 2->2
[2024-09-08T06:28:39.015+0800][info] GC(164) Humongous regions: 0->0
[2024-09-08T06:28:39.015+0800][info] GC(164) Metaspace: 686K(896K)->686K(896K) NonClass: 638K(768K)->638K(768K) Class: 47K(128K)->47K(128K)
[2024-09-08T06:28:39.015+0800][info] GC(164) Pause Young (Concurrent Start) (WhiteBox Initiated Concurrent Mark) 85M->85M(128M) 2.396ms
[2024-09-08T06:28:39.015+0800][info] GC(164) User=0.00s Sys=0.00s Real=0.00s
[2024-09-08T06:28:39.015+0800][info] GC(165) Concurrent Mark Cycle
[2024-09-08T06:28:39.015+0800][info] GC(165) Concurrent Clear Claimed Marks
[2024-09-08T06:28:39.015+0800][info] GC(165) Concurrent Clear Claimed Marks 0.039ms
[2024-09-08T06:28:39.015+0800][info] GC(165) Concurrent Scan Root Regions
[2024-09-08T06:28:39.016+0800][info] GC(165) Concurrent Scan Root Regions 0.353ms
[2024-09-08T06:28:39.016+0800][info] GC(165) Concurrent Mark
[2024-09-08T06:28:39.016+0800][info] GC(165) Concurrent Mark From Roots
[2024-09-08T06:28:39.016+0800][info] GC(165) Using 12 workers of 12 for marking
[2024-09-08T06:28:39.019+0800][info] GC(165) Concurrent Mark From Roots 3.286ms
[2024-09-08T06:28:39.019+0800][info] GC(165) Concurrent Preclean
[2024-09-08T06:28:39.021+0800][info] GC(165) Concurrent Preclean 1.685ms
[2024-09-08T06:28:39.021+0800][info] GC(165) Pause Remark
[2024-09-08T06:28:39.022+0800][info] GC(165) Pause Remark 85M->85M(128M) 1.266ms
[2024-09-08T06:28:39.022+0800][info] GC(165) User=0.00s Sys=0.00s Real=0.00s
[2024-09-08T06:28:39.022+0800][info] GC(165) Concurrent Mark 6.455ms
[2024-09-08T06:28:39.022+0800][info] GC(165) Concurrent Rebuild Remembered Sets
[2024-09-08T06:28:39.022+0800][info] GC(165) Concurrent Rebuild Remembered Sets 0.016ms
[2024-09-08T06:28:39.022+0800][info] GC(165) Pause Cleanup
[2024-09-08T06:28:39.022+0800][info] GC(165) Pause Cleanup 85M->85M(128M) 0.020ms
[2024-09-08T06:28:39.022+0800][info] GC(165) User=0.00s Sys=0.00s Real=0.00s
[2024-09-08T06:28:39.022+0800][info] GC(165) Concurrent Cleanup for Next Mark
[2024-09-08T06:28:39.023+0800][info] GC(165) Concurrent Cleanup for Next Mark 0.300ms
[2024-09-08T06:28:39.023+0800][info] GC(165) Concurrent Mark Cycle 7.434ms
[2024-09-08T06:28:40.021+0800][info] GC(166) Pause Young (Concurrent Start) (WhiteBox Initiated Concurrent Mark)
[2024-09-08T06:28:40.022+0800][info] GC(166) Using 3 workers of 48 for evacuation
[2024-09-08T06:28:40.023+0800][info] GC(166)   Pre Evacuate Collection Set: 0.1ms
[2024-09-08T06:28:40.023+0800][info] GC(166)   Merge Heap Roots: 0.0ms
[2024-09-08T06:28:40.023+0800][info] GC(166)   Evacuate Collection Set: 0.3ms
[2024-09-08T06:28:40.023+0800][info] GC(166)   Post Evacuate Collection Set: 0.7ms
[2024-09-08T06:28:40.023+0800][info] GC(166)   Other: 0.3ms
[2024-09-08T06:28:40.023+0800][info] GC(166) Eden regions: 1->0(2)
[2024-09-08T06:28:40.023+0800][info] GC(166) Survivor regions: 1->1(1)
[2024-09-08T06:28:40.023+0800][info] GC(166) Old regions: 20->20
[2024-09-08T06:28:40.023+0800][info] GC(166) Archive regions: 2->2
[2024-09-08T06:28:40.023+0800][info] GC(166) Humongous regions: 0->0
[2024-09-08T06:28:40.023+0800][info] GC(166) Metaspace: 699K(896K)->699K(896K) NonClass: 649K(768K)->649K(768K) Class: 49K(128K)->49K(128K)
[2024-09-08T06:28:40.023+0800][info] GC(166) Pause Young (Concurrent Start) (WhiteBox Initiated Concurrent Mark) 86M->81M(128M) 1.622ms
[2024-09-08T06:28:40.023+0800][info] GC(166) User=0.00s Sys=0.00s Real=0.00s
[2024-09-08T06:28:40.023+0800][info] GC(167) Concurrent Mark Cycle
[2024-09-08T06:28:40.023+0800][info] GC(167) Concurrent Clear Claimed Marks
[2024-09-08T06:28:40.023+0800][info] GC(167) Concurrent Clear Claimed Marks 0.020ms
[2024-09-08T06:28:40.023+0800][info] GC(167) Concurrent Scan Root Regions
[2024-09-08T06:28:40.023+0800][info] GC(167) Concurrent Scan Root Regions 0.086ms
[2024-09-08T06:28:40.023+0800][info] GC(167) Concurrent Mark
[2024-09-08T06:28:40.023+0800][info] GC(167) Concurrent Mark From Roots
[2024-09-08T06:28:40.023+0800][info] GC(167) Using 12 workers of 12 for marking
[2024-09-08T06:28:40.027+0800][info] GC(167) Concurrent Mark From Roots 3.397ms
[2024-09-08T06:28:40.027+0800][info] GC(167) Concurrent Preclean
[2024-09-08T06:28:40.028+0800][info] GC(167) Concurrent Preclean 1.683ms
[2024-09-08T06:28:40.029+0800][info] GC(167) Pause Remark
[2024-09-08T06:28:40.030+0800][info] GC(167) Pause Remark 81M->8M(128M) 1.329ms
[2024-09-08T06:28:40.030+0800][info] GC(167) User=0.00s Sys=0.01s Real=0.00s
[2024-09-08T06:28:40.030+0800][info] GC(167) Concurrent Mark 6.644ms
[2024-09-08T06:28:40.030+0800][info] GC(167) Concurrent Rebuild Remembered Sets
[2024-09-08T06:28:40.030+0800][info] GC(167) Concurrent Rebuild Remembered Sets 0.013ms
[2024-09-08T06:28:40.030+0800][info] GC(167) Pause Cleanup
[2024-09-08T06:28:40.030+0800][info] GC(167) Pause Cleanup 8M->8M(128M) 0.021ms
[2024-09-08T06:28:40.030+0800][info] GC(167) User=0.00s Sys=0.00s Real=0.00s
[2024-09-08T06:28:40.030+0800][info] GC(167) Concurrent Cleanup for Next Mark
[2024-09-08T06:28:40.031+0800][info] GC(167) Concurrent Cleanup for Next Mark 0.338ms
[2024-09-08T06:28:40.031+0800][info] GC(167) Concurrent Mark Cycle 7.369ms
[2024-09-08T06:28:41.025+0800][info] Heap
[2024-09-08T06:28:41.025+0800][info]  garbage-first heap   total 131072K, used 8415K [0x00000000f8000000, 0x0000000100000000)
[2024-09-08T06:28:41.025+0800][info]   region size 4096K, 2 young (8192K), 1 survivors (4096K)
[2024-09-08T06:28:41.025+0800][info]  Metaspace       used 700K, committed 896K, reserved 1114112K
[2024-09-08T06:28:41.025+0800][info]   class space    used 49K, committed 128K, reserved 1048576K
