[2024-09-08T06:28:41.945+0800][info] Using G1
[2024-09-08T06:28:41.947+0800][info] Version: 17.0.11-internal+0-adhoc.cxl.TencentKona-17-TencentKona-17.0.11 (release)
[2024-09-08T06:28:41.947+0800][info] CPUs: 72 total, 72 available
[2024-09-08T06:28:41.947+0800][info] Memory: 125G
[2024-09-08T06:28:41.947+0800][info] Large Page Support: Disabled
[2024-09-08T06:28:41.947+0800][info] NUMA Support: Disabled
[2024-09-08T06:28:41.947+0800][info] Compressed Oops: Enabled (32-bit)
[2024-09-08T06:28:41.947+0800][info] Heap Region Size: 4M
[2024-09-08T06:28:41.947+0800][info] Heap Min Capacity: 128M
[2024-09-08T06:28:41.947+0800][info] Heap Initial Capacity: 128M
[2024-09-08T06:28:41.947+0800][info] Heap Max Capacity: 128M
[2024-09-08T06:28:41.947+0800][info] Pre-touch: Disabled
[2024-09-08T06:28:41.947+0800][info] Parallel Workers: 48
[2024-09-08T06:28:41.947+0800][info] Concurrent Workers: 12
[2024-09-08T06:28:41.947+0800][info] Concurrent Refinement Workers: 48
[2024-09-08T06:28:41.947+0800][info] Periodic GC: Disabled
[2024-09-08T06:28:41.956+0800][info] CDS archive(s) mapped at: [0x0000708bd7000000-0x0000708bd7bc7000-0x0000708bd7bc7000), size 12349440, SharedBaseAddress: 0x0000708bd7000000, ArchiveRelocationMode: 1.
[2024-09-08T06:28:41.956+0800][info] Compressed class space mapped at: 0x0000708bd8000000-0x0000708c18000000, reserved size: 1073741824
[2024-09-08T06:28:41.956+0800][info] Narrow klass base: 0x0000708bd7000000, Narrow klass shift: 0, Narrow klass range: 0x100000000
[2024-09-08T06:28:42.018+0800][info] GC(0) Pause Young (Normal) (G1 Evacuation Pause)
[2024-09-08T06:28:42.018+0800][info] GC(0) Using 3 workers of 48 for evacuation
[2024-09-08T06:28:42.020+0800][info] GC(0)   Pre Evacuate Collection Set: 0.0ms
[2024-09-08T06:28:42.020+0800][info] GC(0)   Merge Heap Roots: 0.0ms
[2024-09-08T06:28:42.020+0800][info] GC(0)   Evacuate Collection Set: 1.7ms
[2024-09-08T06:28:42.020+0800][info] GC(0)   Post Evacuate Collection Set: 0.4ms
[2024-09-08T06:28:42.020+0800][info] GC(0)   Other: 0.3ms
[2024-09-08T06:28:42.020+0800][info] GC(0) Eden regions: 1->0(1)
[2024-09-08T06:28:42.020+0800][info] GC(0) Survivor regions: 0->1(1)
[2024-09-08T06:28:42.020+0800][info] GC(0) Old regions: 0->0
[2024-09-08T06:28:42.020+0800][info] GC(0) Archive regions: 2->2
[2024-09-08T06:28:42.020+0800][info] GC(0) Humongous regions: 0->0
[2024-09-08T06:28:42.020+0800][info] GC(0) Metaspace: 596K(704K)->596K(704K) NonClass: 545K(576K)->545K(576K) Class: 51K(128K)->51K(128K)
[2024-09-08T06:28:42.020+0800][info] GC(0) Pause Young (Normal) (G1 Evacuation Pause) 7M->7M(128M) 2.554ms
[2024-09-08T06:28:42.020+0800][info] GC(0) User=0.01s Sys=0.01s Real=0.00s
[2024-09-08T06:28:42.021+0800][info] GC(1) Pause Young (Normal) (G1 Evacuation Pause)
[2024-09-08T06:28:42.021+0800][info] GC(1) Using 3 workers of 48 for evacuation
[2024-09-08T06:28:42.025+0800][info] GC(1)   Pre Evacuate Collection Set: 0.0ms
[2024-09-08T06:28:42.025+0800][info] GC(1)   Merge Heap Roots: 0.0ms
[2024-09-08T06:28:42.025+0800][info] GC(1)   Evacuate Collection Set: 3.2ms
[2024-09-08T06:28:42.025+0800][info] GC(1)   Post Evacuate Collection Set: 0.1ms
[2024-09-08T06:28:42.025+0800][info] GC(1)   Other: 0.1ms
[2024-09-08T06:28:42.025+0800][info] GC(1) Eden regions: 1->0(1)
[2024-09-08T06:28:42.025+0800][info] GC(1) Survivor regions: 1->1(1)
[2024-09-08T06:28:42.025+0800][info] GC(1) Old regions: 0->1
[2024-09-08T06:28:42.025+0800][info] GC(1) Archive regions: 2->2
[2024-09-08T06:28:42.025+0800][info] GC(1) Humongous regions: 0->0
[2024-09-08T06:28:42.025+0800][info] GC(1) Metaspace: 597K(704K)->597K(704K) NonClass: 545K(576K)->545K(576K) Class: 51K(128K)->51K(128K)
[2024-09-08T06:28:42.025+0800][info] GC(1) Pause Young (Normal) (G1 Evacuation Pause) 11M->10M(128M) 3.438ms
[2024-09-08T06:28:42.025+0800][info] GC(1) User=0.01s Sys=0.00s Real=0.00s
[2024-09-08T06:28:42.025+0800][info] GC(2) Pause Young (Normal) (G1 Evacuation Pause)
[2024-09-08T06:28:42.025+0800][info] GC(2) Using 3 workers of 48 for evacuation
[2024-09-08T06:28:42.027+0800][info] GC(2)   Pre Evacuate Collection Set: 0.0ms
[2024-09-08T06:28:42.027+0800][info] GC(2)   Merge Heap Roots: 0.0ms
[2024-09-08T06:28:42.027+0800][info] GC(2)   Evacuate Collection Set: 2.0ms
[2024-09-08T06:28:42.027+0800][info] GC(2)   Post Evacuate Collection Set: 0.1ms
[2024-09-08T06:28:42.027+0800][info] GC(2)   Other: 0.0ms
[2024-09-08T06:28:42.027+0800][info] GC(2) Eden regions: 1->0(1)
[2024-09-08T06:28:42.027+0800][info] GC(2) Survivor regions: 1->1(1)
[2024-09-08T06:28:42.027+0800][info] GC(2) Old regions: 1->2
[2024-09-08T06:28:42.027+0800][info] GC(2) Archive regions: 2->2
[2024-09-08T06:28:42.027+0800][info] GC(2) Humongous regions: 0->0
[2024-09-08T06:28:42.027+0800][info] GC(2) Metaspace: 597K(704K)->597K(704K) NonClass: 545K(576K)->545K(576K) Class: 51K(128K)->51K(128K)
[2024-09-08T06:28:42.027+0800][info] GC(2) Pause Young (Normal) (G1 Evacuation Pause) 14M->14M(128M) 2.204ms
[2024-09-08T06:28:42.027+0800][info] GC(2) User=0.01s Sys=0.00s Real=0.00s
[2024-09-08T06:28:42.028+0800][info] GC(3) Pause Young (Normal) (G1 Evacuation Pause)
[2024-09-08T06:28:42.028+0800][info] GC(3) Using 3 workers of 48 for evacuation
[2024-09-08T06:28:42.030+0800][info] GC(3)   Pre Evacuate Collection Set: 0.0ms
[2024-09-08T06:28:42.030+0800][info] GC(3)   Merge Heap Roots: 0.0ms
[2024-09-08T06:28:42.030+0800][info] GC(3)   Evacuate Collection Set: 1.7ms
[2024-09-08T06:28:42.030+0800][info] GC(3)   Post Evacuate Collection Set: 0.1ms
[2024-09-08T06:28:42.030+0800][info] GC(3)   Other: 0.0ms
[2024-09-08T06:28:42.030+0800][info] GC(3) Eden regions: 1->0(2)
[2024-09-08T06:28:42.030+0800][info] GC(3) Survivor regions: 1->1(1)
[2024-09-08T06:28:42.030+0800][info] GC(3) Old regions: 2->3
[2024-09-08T06:28:42.030+0800][info] GC(3) Archive regions: 2->2
[2024-09-08T06:28:42.030+0800][info] GC(3) Humongous regions: 0->0
[2024-09-08T06:28:42.030+0800][info] GC(3) Metaspace: 597K(704K)->597K(704K) NonClass: 545K(576K)->545K(576K) Class: 51K(128K)->51K(128K)
[2024-09-08T06:28:42.030+0800][info] GC(3) Pause Young (Normal) (G1 Evacuation Pause) 18M->18M(128M) 1.947ms
[2024-09-08T06:28:42.030+0800][info] GC(3) User=0.00s Sys=0.01s Real=0.00s
[2024-09-08T06:28:42.031+0800][info] GC(4) Pause Young (Normal) (G1 Evacuation Pause)
[2024-09-08T06:28:42.031+0800][info] GC(4) Using 3 workers of 48 for evacuation
[2024-09-08T06:28:42.036+0800][info] GC(4)   Pre Evacuate Collection Set: 0.0ms
[2024-09-08T06:28:42.036+0800][info] GC(4)   Merge Heap Roots: 0.0ms
[2024-09-08T06:28:42.036+0800][info] GC(4)   Evacuate Collection Set: 4.3ms
[2024-09-08T06:28:42.036+0800][info] GC(4)   Post Evacuate Collection Set: 0.1ms
[2024-09-08T06:28:42.036+0800][info] GC(4)   Other: 0.0ms
[2024-09-08T06:28:42.036+0800][info] GC(4) Eden regions: 2->0(2)
[2024-09-08T06:28:42.036+0800][info] GC(4) Survivor regions: 1->1(1)
[2024-09-08T06:28:42.036+0800][info] GC(4) Old regions: 3->5
[2024-09-08T06:28:42.036+0800][info] GC(4) Archive regions: 2->2
[2024-09-08T06:28:42.036+0800][info] GC(4) Humongous regions: 0->0
[2024-09-08T06:28:42.036+0800][info] GC(4) Metaspace: 597K(704K)->597K(704K) NonClass: 545K(576K)->545K(576K) Class: 51K(128K)->51K(128K)
[2024-09-08T06:28:42.036+0800][info] GC(4) Pause Young (Normal) (G1 Evacuation Pause) 26M->27M(128M) 4.523ms
[2024-09-08T06:28:42.036+0800][info] GC(4) User=0.00s Sys=0.01s Real=0.00s
[2024-09-08T06:28:42.037+0800][info] GC(5) Pause Young (Normal) (G1 Evacuation Pause)
[2024-09-08T06:28:42.037+0800][info] GC(5) Using 3 workers of 48 for evacuation
[2024-09-08T06:28:42.040+0800][info] GC(5)   Pre Evacuate Collection Set: 0.0ms
[2024-09-08T06:28:42.040+0800][info] GC(5)   Merge Heap Roots: 0.0ms
[2024-09-08T06:28:42.040+0800][info] GC(5)   Evacuate Collection Set: 3.1ms
[2024-09-08T06:28:42.040+0800][info] GC(5)   Post Evacuate Collection Set: 0.1ms
[2024-09-08T06:28:42.040+0800][info] GC(5)   Other: 0.1ms
[2024-09-08T06:28:42.040+0800][info] GC(5) Eden regions: 2->0(2)
[2024-09-08T06:28:42.041+0800][info] GC(5) Survivor regions: 1->1(1)
[2024-09-08T06:28:42.041+0800][info] GC(5) Old regions: 5->7
[2024-09-08T06:28:42.041+0800][info] GC(5) Archive regions: 2->2
[2024-09-08T06:28:42.041+0800][info] GC(5) Humongous regions: 0->0
[2024-09-08T06:28:42.041+0800][info] GC(5) Metaspace: 597K(704K)->597K(704K) NonClass: 545K(576K)->545K(576K) Class: 51K(128K)->51K(128K)
[2024-09-08T06:28:42.041+0800][info] GC(5) Pause Young (Normal) (G1 Evacuation Pause) 35M->35M(128M) 3.367ms
[2024-09-08T06:28:42.041+0800][info] GC(5) User=0.01s Sys=0.00s Real=0.00s
[2024-09-08T06:28:42.042+0800][info] GC(6) Pause Young (Normal) (G1 Evacuation Pause)
[2024-09-08T06:28:42.042+0800][info] GC(6) Using 3 workers of 48 for evacuation
[2024-09-08T06:28:42.045+0800][info] GC(6)   Pre Evacuate Collection Set: 0.0ms
[2024-09-08T06:28:42.045+0800][info] GC(6)   Merge Heap Roots: 0.0ms
[2024-09-08T06:28:42.045+0800][info] GC(6)   Evacuate Collection Set: 3.2ms
[2024-09-08T06:28:42.045+0800][info] GC(6)   Post Evacuate Collection Set: 0.1ms
[2024-09-08T06:28:42.045+0800][info] GC(6)   Other: 0.0ms
[2024-09-08T06:28:42.045+0800][info] GC(6) Eden regions: 2->0(3)
[2024-09-08T06:28:42.045+0800][info] GC(6) Survivor regions: 1->1(1)
[2024-09-08T06:28:42.045+0800][info] GC(6) Old regions: 7->9
[2024-09-08T06:28:42.045+0800][info] GC(6) Archive regions: 2->2
[2024-09-08T06:28:42.045+0800][info] GC(6) Humongous regions: 0->0
[2024-09-08T06:28:42.045+0800][info] GC(6) Metaspace: 597K(704K)->597K(704K) NonClass: 545K(576K)->545K(576K) Class: 51K(128K)->51K(128K)
[2024-09-08T06:28:42.045+0800][info] GC(6) Pause Young (Normal) (G1 Evacuation Pause) 43M->43M(128M) 3.399ms
[2024-09-08T06:28:42.045+0800][info] GC(6) User=0.00s Sys=0.01s Real=0.01s
[2024-09-08T06:28:42.047+0800][info] GC(7) Pause Young (Normal) (G1 Evacuation Pause)
[2024-09-08T06:28:42.047+0800][info] GC(7) Using 3 workers of 48 for evacuation
[2024-09-08T06:28:42.053+0800][info] GC(7)   Pre Evacuate Collection Set: 0.0ms
[2024-09-08T06:28:42.053+0800][info] GC(7)   Merge Heap Roots: 0.0ms
[2024-09-08T06:28:42.053+0800][info] GC(7)   Evacuate Collection Set: 5.7ms
[2024-09-08T06:28:42.053+0800][info] GC(7)   Post Evacuate Collection Set: 0.1ms
[2024-09-08T06:28:42.053+0800][info] GC(7)   Other: 0.1ms
[2024-09-08T06:28:42.053+0800][info] GC(7) Eden regions: 3->0(4)
[2024-09-08T06:28:42.053+0800][info] GC(7) Survivor regions: 1->1(1)
[2024-09-08T06:28:42.053+0800][info] GC(7) Old regions: 9->12
[2024-09-08T06:28:42.053+0800][info] GC(7) Archive regions: 2->2
[2024-09-08T06:28:42.053+0800][info] GC(7) Humongous regions: 0->0
[2024-09-08T06:28:42.053+0800][info] GC(7) Metaspace: 597K(704K)->597K(704K) NonClass: 545K(576K)->545K(576K) Class: 51K(128K)->51K(128K)
[2024-09-08T06:28:42.053+0800][info] GC(7) Pause Young (Normal) (G1 Evacuation Pause) 55M->55M(128M) 6.007ms
[2024-09-08T06:28:42.053+0800][info] GC(7) User=0.00s Sys=0.02s Real=0.00s
[2024-09-08T06:28:42.056+0800][info] GC(8) Pause Young (Normal) (G1 Evacuation Pause)
[2024-09-08T06:28:42.056+0800][info] GC(8) Using 3 workers of 48 for evacuation
[2024-09-08T06:28:42.063+0800][info] GC(8)   Pre Evacuate Collection Set: 0.0ms
[2024-09-08T06:28:42.063+0800][info] GC(8)   Merge Heap Roots: 0.0ms
[2024-09-08T06:28:42.063+0800][info] GC(8)   Evacuate Collection Set: 7.3ms
[2024-09-08T06:28:42.063+0800][info] GC(8)   Post Evacuate Collection Set: 0.1ms
[2024-09-08T06:28:42.063+0800][info] GC(8)   Other: 0.1ms
[2024-09-08T06:28:42.063+0800][info] GC(8) Eden regions: 4->0(3)
[2024-09-08T06:28:42.063+0800][info] GC(8) Survivor regions: 1->1(1)
[2024-09-08T06:28:42.063+0800][info] GC(8) Old regions: 12->16
[2024-09-08T06:28:42.063+0800][info] GC(8) Archive regions: 2->2
[2024-09-08T06:28:42.063+0800][info] GC(8) Humongous regions: 0->0
[2024-09-08T06:28:42.063+0800][info] GC(8) Metaspace: 597K(704K)->597K(704K) NonClass: 545K(576K)->545K(576K) Class: 51K(128K)->51K(128K)
[2024-09-08T06:28:42.063+0800][info] GC(8) Pause Young (Normal) (G1 Evacuation Pause) 71M->71M(128M) 7.631ms
[2024-09-08T06:28:42.063+0800][info] GC(8) User=0.00s Sys=0.02s Real=0.01s
[2024-09-08T06:28:42.065+0800][info] GC(9) Pause Young (Concurrent Start) (G1 Evacuation Pause)
[2024-09-08T06:28:42.065+0800][info] GC(9) Using 3 workers of 48 for evacuation
[2024-09-08T06:28:42.071+0800][info] GC(9)   Pre Evacuate Collection Set: 0.0ms
[2024-09-08T06:28:42.071+0800][info] GC(9)   Merge Heap Roots: 0.0ms
[2024-09-08T06:28:42.071+0800][info] GC(9)   Evacuate Collection Set: 5.3ms
[2024-09-08T06:28:42.071+0800][info] GC(9)   Post Evacuate Collection Set: 0.1ms
[2024-09-08T06:28:42.071+0800][info] GC(9)   Other: 0.5ms
[2024-09-08T06:28:42.071+0800][info] GC(9) Eden regions: 3->0(2)
[2024-09-08T06:28:42.071+0800][info] GC(9) Survivor regions: 1->1(1)
[2024-09-08T06:28:42.071+0800][info] GC(9) Old regions: 16->19
[2024-09-08T06:28:42.071+0800][info] GC(9) Archive regions: 2->2
[2024-09-08T06:28:42.071+0800][info] GC(9) Humongous regions: 0->0
[2024-09-08T06:28:42.071+0800][info] GC(9) Metaspace: 597K(704K)->597K(704K) NonClass: 545K(576K)->545K(576K) Class: 51K(128K)->51K(128K)
[2024-09-08T06:28:42.072+0800][info] GC(9) Pause Young (Concurrent Start) (G1 Evacuation Pause) 83M->83M(128M) 6.068ms
[2024-09-08T06:28:42.072+0800][info] GC(9) User=0.01s Sys=0.02s Real=0.00s
[2024-09-08T06:28:42.072+0800][info] GC(10) Concurrent Mark Cycle
[2024-09-08T06:28:42.072+0800][info] GC(10) Concurrent Clear Claimed Marks
[2024-09-08T06:28:42.072+0800][info] GC(10) Concurrent Clear Claimed Marks 0.010ms
[2024-09-08T06:28:42.072+0800][info] GC(10) Concurrent Scan Root Regions
[2024-09-08T06:28:42.074+0800][info] GC(10) Concurrent Scan Root Regions 2.232ms
[2024-09-08T06:28:42.074+0800][info] GC(10) Concurrent Mark
[2024-09-08T06:28:42.074+0800][info] GC(10) Concurrent Mark From Roots
[2024-09-08T06:28:42.075+0800][info] GC(10) Using 12 workers of 12 for marking
[2024-09-08T06:28:42.077+0800][info] GC(10) Concurrent Mark From Roots 3.607ms
[2024-09-08T06:28:42.077+0800][info] GC(10) Concurrent Preclean
[2024-09-08T06:28:42.078+0800][info] GC(10) Concurrent Preclean 0.718ms
[2024-09-08T06:28:42.078+0800][info] GC(10) Pause Remark
[2024-09-08T06:28:42.079+0800][info] GC(10) Pause Remark 85M->85M(128M) 0.602ms
[2024-09-08T06:28:42.079+0800][info] GC(10) User=0.00s Sys=0.00s Real=0.00s
[2024-09-08T06:28:42.079+0800][info] GC(10) Concurrent Mark 5.071ms
[2024-09-08T06:28:42.079+0800][info] GC(10) Concurrent Rebuild Remembered Sets
[2024-09-08T06:28:42.083+0800][info] GC(10) Concurrent Rebuild Remembered Sets 3.980ms
[2024-09-08T06:28:42.083+0800][info] GC(10) Pause Cleanup
[2024-09-08T06:28:42.083+0800][info] GC(10) Pause Cleanup 85M->85M(128M) 0.205ms
[2024-09-08T06:28:42.083+0800][info] GC(10) User=0.00s Sys=0.00s Real=0.00s
[2024-09-08T06:28:42.083+0800][info] GC(10) Concurrent Cleanup for Next Mark
[2024-09-08T06:28:42.084+0800][info] GC(10) Concurrent Cleanup for Next Mark 0.755ms
[2024-09-08T06:28:42.084+0800][info] GC(10) Concurrent Mark Cycle 12.478ms
[2024-09-08T06:28:43.084+0800][info] GC(11) Pause Young (Concurrent Start) (G1 Humongous Allocation)
[2024-09-08T06:28:43.084+0800][info] GC(11) Using 3 workers of 48 for evacuation
[2024-09-08T06:28:43.088+0800][info] GC(11)   Pre Evacuate Collection Set: 0.1ms
[2024-09-08T06:28:43.088+0800][info] GC(11)   Merge Heap Roots: 0.0ms
[2024-09-08T06:28:43.088+0800][info] GC(11)   Evacuate Collection Set: 2.7ms
[2024-09-08T06:28:43.088+0800][info] GC(11)   Post Evacuate Collection Set: 0.7ms
[2024-09-08T06:28:43.088+0800][info] GC(11)   Other: 0.3ms
[2024-09-08T06:28:43.088+0800][info] GC(11) Eden regions: 1->0(2)
[2024-09-08T06:28:43.088+0800][info] GC(11) Survivor regions: 1->1(1)
[2024-09-08T06:28:43.088+0800][info] GC(11) Old regions: 19->20
[2024-09-08T06:28:43.088+0800][info] GC(11) Archive regions: 2->2
[2024-09-08T06:28:43.088+0800][info] GC(11) Humongous regions: 0->0
[2024-09-08T06:28:43.088+0800][info] GC(11) Metaspace: 657K(832K)->657K(832K) NonClass: 600K(704K)->600K(704K) Class: 56K(128K)->56K(128K)
[2024-09-08T06:28:43.088+0800][info] GC(11) Pause Young (Concurrent Start) (G1 Humongous Allocation) 85M->85M(128M) 3.966ms
[2024-09-08T06:28:43.088+0800][info] GC(11) User=0.00s Sys=0.01s Real=0.01s
[2024-09-08T06:28:43.088+0800][info] GC(12) Concurrent Mark Cycle
[2024-09-08T06:28:43.088+0800][info] GC(12) Concurrent Clear Claimed Marks
[2024-09-08T06:28:43.088+0800][info] GC(12) Concurrent Clear Claimed Marks 0.010ms
[2024-09-08T06:28:43.088+0800][info] GC(12) Concurrent Scan Root Regions
[2024-09-08T06:28:43.088+0800][info] GC(12) Concurrent Scan Root Regions 0.377ms
[2024-09-08T06:28:43.088+0800][info] GC(12) Concurrent Mark
[2024-09-08T06:28:43.088+0800][info] GC(12) Concurrent Mark From Roots
[2024-09-08T06:28:43.088+0800][info] GC(12) Using 12 workers of 12 for marking
[2024-09-08T06:28:43.088+0800][info] GC(13) Pause Young (Normal) (G1 Humongous Allocation)
[2024-09-08T06:28:43.089+0800][info] GC(13) Using 3 workers of 48 for evacuation
[2024-09-08T06:28:43.091+0800][info] GC(13)   Pre Evacuate Collection Set: 0.4ms
[2024-09-08T06:28:43.091+0800][info] GC(13)   Merge Heap Roots: 0.0ms
[2024-09-08T06:28:43.091+0800][info] GC(13)   Evacuate Collection Set: 1.8ms
[2024-09-08T06:28:43.091+0800][info] GC(13)   Post Evacuate Collection Set: 0.1ms
[2024-09-08T06:28:43.091+0800][info] GC(13)   Other: 0.1ms
[2024-09-08T06:28:43.091+0800][info] GC(13) Eden regions: 0->0(2)
[2024-09-08T06:28:43.091+0800][info] GC(13) Survivor regions: 1->0(1)
[2024-09-08T06:28:43.091+0800][info] GC(13) Old regions: 20->21
[2024-09-08T06:28:43.091+0800][info] GC(13) Archive regions: 2->2
[2024-09-08T06:28:43.091+0800][info] GC(13) Humongous regions: 0->0
[2024-09-08T06:28:43.091+0800][info] GC(13) Metaspace: 657K(832K)->657K(832K) NonClass: 600K(704K)->600K(704K) Class: 56K(128K)->56K(128K)
[2024-09-08T06:28:43.091+0800][info] GC(13) Pause Young (Normal) (G1 Humongous Allocation) 85M->85M(128M) 2.128ms
[2024-09-08T06:28:43.091+0800][info] GC(13) User=0.00s Sys=0.00s Real=0.00s
[2024-09-08T06:28:43.091+0800][info] Attempting full compaction
[2024-09-08T06:28:43.091+0800][info] GC(14) Using 1 workers of 48 for full compaction
[2024-09-08T06:28:43.091+0800][info] GC(14) Pause Full (G1 Compaction Pause)
[2024-09-08T06:28:43.091+0800][info] GC(14) Phase 1: Mark live objects
[2024-09-08T06:28:43.095+0800][info] GC(14) Phase 1: Mark live objects 3.867ms
[2024-09-08T06:28:43.095+0800][info] GC(14) Phase 2: Prepare for compaction
[2024-09-08T06:28:43.096+0800][info] GC(14) Phase 2: Prepare for compaction 1.466ms
[2024-09-08T06:28:43.096+0800][info] GC(14) Phase 3: Adjust pointers
[2024-09-08T06:28:43.099+0800][info] GC(14) Phase 3: Adjust pointers 2.436ms
[2024-09-08T06:28:43.099+0800][info] GC(14) Phase 4: Compact heap
[2024-09-08T06:28:43.100+0800][info] GC(14) Phase 4: Compact heap 0.797ms
[2024-09-08T06:28:43.101+0800][info] GC(14) Eden regions: 0->0(8)
[2024-09-08T06:28:43.101+0800][info] GC(14) Survivor regions: 0->0(1)
[2024-09-08T06:28:43.101+0800][info] GC(14) Old regions: 21->1
[2024-09-08T06:28:43.101+0800][info] GC(14) Archive regions: 2->2
[2024-09-08T06:28:43.101+0800][info] GC(14) Humongous regions: 0->0
[2024-09-08T06:28:43.101+0800][info] GC(14) Metaspace: 657K(832K)->657K(832K) NonClass: 600K(704K)->600K(704K) Class: 56K(128K)->56K(128K)
[2024-09-08T06:28:43.101+0800][info] GC(14) Pause Full (G1 Compaction Pause) 85M->4M(128M) 10.452ms
[2024-09-08T06:28:43.101+0800][info] GC(14) User=0.01s Sys=0.00s Real=0.01s
[2024-09-08T06:28:43.101+0800][info] GC(12) Concurrent Mark From Roots 12.964ms
[2024-09-08T06:28:43.101+0800][info] GC(12) Concurrent Mark Abort
[2024-09-08T06:28:43.101+0800][info] GC(12) Concurrent Mark Cycle 13.425ms
[2024-09-08T06:28:43.111+0800][info] GC(15) Pause Young (Concurrent Start) (G1 Humongous Allocation)
[2024-09-08T06:28:43.111+0800][info] GC(15) Using 3 workers of 48 for evacuation
[2024-09-08T06:28:43.111+0800][info] GC(15)   Pre Evacuate Collection Set: 0.1ms
[2024-09-08T06:28:43.111+0800][info] GC(15)   Merge Heap Roots: 0.0ms
[2024-09-08T06:28:43.111+0800][info] GC(15)   Evacuate Collection Set: 0.2ms
[2024-09-08T06:28:43.111+0800][info] GC(15)   Post Evacuate Collection Set: 0.2ms
[2024-09-08T06:28:43.111+0800][info] GC(15)   Other: 0.3ms
[2024-09-08T06:28:43.111+0800][info] GC(15) Eden regions: 1->0(1)
[2024-09-08T06:28:43.111+0800][info] GC(15) Survivor regions: 0->1(1)
[2024-09-08T06:28:43.111+0800][info] GC(15) Old regions: 1->1
[2024-09-08T06:28:43.111+0800][info] GC(15) Archive regions: 2->2
[2024-09-08T06:28:43.111+0800][info] GC(15) Humongous regions: 11->0
[2024-09-08T06:28:43.112+0800][info] GC(15) Metaspace: 658K(832K)->658K(832K) NonClass: 601K(704K)->601K(704K) Class: 56K(128K)->56K(128K)
[2024-09-08T06:28:43.112+0800][info] GC(15) Pause Young (Concurrent Start) (G1 Humongous Allocation) 49M->4M(128M) 1.005ms
[2024-09-08T06:28:43.112+0800][info] GC(15) User=0.00s Sys=0.00s Real=0.00s
[2024-09-08T06:28:43.112+0800][info] GC(16) Concurrent Undo Cycle
[2024-09-08T06:28:43.112+0800][info] GC(16) Concurrent Cleanup for Next Mark
[2024-09-08T06:28:43.112+0800][info] GC(16) Concurrent Cleanup for Next Mark 0.374ms
[2024-09-08T06:28:43.112+0800][info] GC(16) Concurrent Undo Cycle 0.401ms
[2024-09-08T06:28:43.121+0800][info] GC(17) Pause Young (Concurrent Start) (G1 Humongous Allocation)
[2024-09-08T06:28:43.122+0800][info] GC(17) Using 3 workers of 48 for evacuation
[2024-09-08T06:28:43.122+0800][info] GC(17)   Pre Evacuate Collection Set: 0.1ms
[2024-09-08T06:28:43.122+0800][info] GC(17)   Merge Heap Roots: 0.0ms
[2024-09-08T06:28:43.122+0800][info] GC(17)   Evacuate Collection Set: 0.2ms
[2024-09-08T06:28:43.122+0800][info] GC(17)   Post Evacuate Collection Set: 0.2ms
[2024-09-08T06:28:43.122+0800][info] GC(17)   Other: 0.3ms
[2024-09-08T06:28:43.122+0800][info] GC(17) Eden regions: 1->0(1)
[2024-09-08T06:28:43.122+0800][info] GC(17) Survivor regions: 1->1(1)
[2024-09-08T06:28:43.122+0800][info] GC(17) Old regions: 1->1
[2024-09-08T06:28:43.122+0800][info] GC(17) Archive regions: 2->2
[2024-09-08T06:28:43.122+0800][info] GC(17) Humongous regions: 11->0
[2024-09-08T06:28:43.122+0800][info] GC(17) Metaspace: 658K(832K)->658K(832K) NonClass: 601K(704K)->601K(704K) Class: 56K(128K)->56K(128K)
[2024-09-08T06:28:43.122+0800][info] GC(17) Pause Young (Concurrent Start) (G1 Humongous Allocation) 49M->4M(128M) 0.925ms
[2024-09-08T06:28:43.122+0800][info] GC(17) User=0.01s Sys=0.00s Real=0.00s
[2024-09-08T06:28:43.122+0800][info] GC(18) Concurrent Undo Cycle
[2024-09-08T06:28:43.122+0800][info] GC(18) Concurrent Cleanup for Next Mark
[2024-09-08T06:28:43.123+0800][info] GC(18) Concurrent Cleanup for Next Mark 0.221ms
[2024-09-08T06:28:43.123+0800][info] GC(18) Concurrent Undo Cycle 0.253ms
[2024-09-08T06:28:43.132+0800][info] GC(19) Pause Young (Concurrent Start) (G1 Humongous Allocation)
[2024-09-08T06:28:43.132+0800][info] GC(19) Using 3 workers of 48 for evacuation
[2024-09-08T06:28:43.133+0800][info] GC(19)   Pre Evacuate Collection Set: 0.1ms
[2024-09-08T06:28:43.133+0800][info] GC(19)   Merge Heap Roots: 0.0ms
[2024-09-08T06:28:43.133+0800][info] GC(19)   Evacuate Collection Set: 0.4ms
[2024-09-08T06:28:43.133+0800][info] GC(19)   Post Evacuate Collection Set: 0.2ms
[2024-09-08T06:28:43.133+0800][info] GC(19)   Other: 0.3ms
[2024-09-08T06:28:43.133+0800][info] GC(19) Eden regions: 1->0(1)
[2024-09-08T06:28:43.133+0800][info] GC(19) Survivor regions: 1->1(1)
[2024-09-08T06:28:43.133+0800][info] GC(19) Old regions: 1->1
[2024-09-08T06:28:43.133+0800][info] GC(19) Archive regions: 2->2
[2024-09-08T06:28:43.133+0800][info] GC(19) Humongous regions: 11->0
[2024-09-08T06:28:43.133+0800][info] GC(19) Metaspace: 658K(832K)->658K(832K) NonClass: 601K(704K)->601K(704K) Class: 56K(128K)->56K(128K)
[2024-09-08T06:28:43.133+0800][info] GC(19) Pause Young (Concurrent Start) (G1 Humongous Allocation) 49M->4M(128M) 1.119ms
[2024-09-08T06:28:43.133+0800][info] GC(19) User=0.00s Sys=0.00s Real=0.00s
[2024-09-08T06:28:43.133+0800][info] GC(20) Concurrent Undo Cycle
[2024-09-08T06:28:43.133+0800][info] GC(20) Concurrent Cleanup for Next Mark
[2024-09-08T06:28:43.134+0800][info] GC(20) Concurrent Cleanup for Next Mark 0.226ms
[2024-09-08T06:28:43.134+0800][info] GC(20) Concurrent Undo Cycle 0.253ms
[2024-09-08T06:28:43.143+0800][info] GC(21) Pause Young (Concurrent Start) (G1 Humongous Allocation)
[2024-09-08T06:28:43.143+0800][info] GC(21) Using 3 workers of 48 for evacuation
[2024-09-08T06:28:43.144+0800][info] GC(21)   Pre Evacuate Collection Set: 0.1ms
[2024-09-08T06:28:43.144+0800][info] GC(21)   Merge Heap Roots: 0.0ms
[2024-09-08T06:28:43.144+0800][info] GC(21)   Evacuate Collection Set: 0.2ms
[2024-09-08T06:28:43.144+0800][info] GC(21)   Post Evacuate Collection Set: 0.2ms
[2024-09-08T06:28:43.144+0800][info] GC(21)   Other: 0.3ms
[2024-09-08T06:28:43.144+0800][info] GC(21) Eden regions: 1->0(1)
[2024-09-08T06:28:43.144+0800][info] GC(21) Survivor regions: 1->1(1)
[2024-09-08T06:28:43.144+0800][info] GC(21) Old regions: 1->1
[2024-09-08T06:28:43.144+0800][info] GC(21) Archive regions: 2->2
[2024-09-08T06:28:43.144+0800][info] GC(21) Humongous regions: 11->0
[2024-09-08T06:28:43.144+0800][info] GC(21) Metaspace: 658K(832K)->658K(832K) NonClass: 601K(704K)->601K(704K) Class: 56K(128K)->56K(128K)
[2024-09-08T06:28:43.144+0800][info] GC(21) Pause Young (Concurrent Start) (G1 Humongous Allocation) 49M->4M(128M) 0.959ms
[2024-09-08T06:28:43.144+0800][info] GC(21) User=0.00s Sys=0.00s Real=0.00s
[2024-09-08T06:28:43.144+0800][info] GC(22) Concurrent Undo Cycle
[2024-09-08T06:28:43.144+0800][info] GC(22) Concurrent Cleanup for Next Mark
[2024-09-08T06:28:43.144+0800][info] GC(22) Concurrent Cleanup for Next Mark 0.229ms
[2024-09-08T06:28:43.144+0800][info] GC(22) Concurrent Undo Cycle 0.262ms
[2024-09-08T06:28:43.154+0800][info] GC(23) Pause Young (Concurrent Start) (G1 Humongous Allocation)
[2024-09-08T06:28:43.154+0800][info] GC(23) Using 3 workers of 48 for evacuation
[2024-09-08T06:28:43.154+0800][info] GC(23)   Pre Evacuate Collection Set: 0.1ms
[2024-09-08T06:28:43.154+0800][info] GC(23)   Merge Heap Roots: 0.0ms
[2024-09-08T06:28:43.154+0800][info] GC(23)   Evacuate Collection Set: 0.2ms
[2024-09-08T06:28:43.154+0800][info] GC(23)   Post Evacuate Collection Set: 0.2ms
[2024-09-08T06:28:43.155+0800][info] GC(23)   Other: 0.3ms
[2024-09-08T06:28:43.155+0800][info] GC(23) Eden regions: 1->0(1)
[2024-09-08T06:28:43.155+0800][info] GC(23) Survivor regions: 1->1(1)
[2024-09-08T06:28:43.155+0800][info] GC(23) Old regions: 1->1
[2024-09-08T06:28:43.155+0800][info] GC(23) Archive regions: 2->2
[2024-09-08T06:28:43.155+0800][info] GC(23) Humongous regions: 11->0
[2024-09-08T06:28:43.155+0800][info] GC(23) Metaspace: 658K(832K)->658K(832K) NonClass: 601K(704K)->601K(704K) Class: 56K(128K)->56K(128K)
[2024-09-08T06:28:43.155+0800][info] GC(23) Pause Young (Concurrent Start) (G1 Humongous Allocation) 49M->4M(128M) 0.904ms
[2024-09-08T06:28:43.155+0800][info] GC(23) User=0.00s Sys=0.00s Real=0.00s
[2024-09-08T06:28:43.155+0800][info] GC(24) Concurrent Undo Cycle
[2024-09-08T06:28:43.155+0800][info] GC(24) Concurrent Cleanup for Next Mark
[2024-09-08T06:28:43.155+0800][info] GC(24) Concurrent Cleanup for Next Mark 0.333ms
[2024-09-08T06:28:43.155+0800][info] GC(24) Concurrent Undo Cycle 0.362ms
[2024-09-08T06:28:43.164+0800][info] GC(25) Pause Young (Concurrent Start) (G1 Humongous Allocation)
[2024-09-08T06:28:43.164+0800][info] GC(25) Using 3 workers of 48 for evacuation
[2024-09-08T06:28:43.165+0800][info] GC(25)   Pre Evacuate Collection Set: 0.1ms
[2024-09-08T06:28:43.165+0800][info] GC(25)   Merge Heap Roots: 0.1ms
[2024-09-08T06:28:43.165+0800][info] GC(25)   Evacuate Collection Set: 0.2ms
[2024-09-08T06:28:43.165+0800][info] GC(25)   Post Evacuate Collection Set: 0.2ms
[2024-09-08T06:28:43.165+0800][info] GC(25)   Other: 0.3ms
[2024-09-08T06:28:43.165+0800][info] GC(25) Eden regions: 1->0(1)
[2024-09-08T06:28:43.165+0800][info] GC(25) Survivor regions: 1->1(1)
[2024-09-08T06:28:43.165+0800][info] GC(25) Old regions: 1->1
[2024-09-08T06:28:43.165+0800][info] GC(25) Archive regions: 2->2
[2024-09-08T06:28:43.165+0800][info] GC(25) Humongous regions: 11->0
[2024-09-08T06:28:43.165+0800][info] GC(25) Metaspace: 658K(832K)->658K(832K) NonClass: 601K(704K)->601K(704K) Class: 56K(128K)->56K(128K)
[2024-09-08T06:28:43.165+0800][info] GC(25) Pause Young (Concurrent Start) (G1 Humongous Allocation) 49M->4M(128M) 0.895ms
[2024-09-08T06:28:43.165+0800][info] GC(25) User=0.00s Sys=0.01s Real=0.01s
[2024-09-08T06:28:43.165+0800][info] GC(26) Concurrent Undo Cycle
[2024-09-08T06:28:43.165+0800][info] GC(26) Concurrent Cleanup for Next Mark
[2024-09-08T06:28:43.166+0800][info] GC(26) Concurrent Cleanup for Next Mark 0.391ms
[2024-09-08T06:28:43.166+0800][info] GC(26) Concurrent Undo Cycle 0.426ms
[2024-09-08T06:28:43.175+0800][info] GC(27) Pause Young (Concurrent Start) (G1 Humongous Allocation)
[2024-09-08T06:28:43.175+0800][info] GC(27) Using 3 workers of 48 for evacuation
[2024-09-08T06:28:43.176+0800][info] GC(27)   Pre Evacuate Collection Set: 0.0ms
[2024-09-08T06:28:43.176+0800][info] GC(27)   Merge Heap Roots: 0.0ms
[2024-09-08T06:28:43.176+0800][info] GC(27)   Evacuate Collection Set: 0.2ms
[2024-09-08T06:28:43.176+0800][info] GC(27)   Post Evacuate Collection Set: 0.2ms
[2024-09-08T06:28:43.176+0800][info] GC(27)   Other: 0.2ms
[2024-09-08T06:28:43.176+0800][info] GC(27) Eden regions: 1->0(1)
[2024-09-08T06:28:43.176+0800][info] GC(27) Survivor regions: 1->1(1)
[2024-09-08T06:28:43.176+0800][info] GC(27) Old regions: 1->1
[2024-09-08T06:28:43.176+0800][info] GC(27) Archive regions: 2->2
[2024-09-08T06:28:43.176+0800][info] GC(27) Humongous regions: 11->0
[2024-09-08T06:28:43.176+0800][info] GC(27) Metaspace: 658K(832K)->658K(832K) NonClass: 601K(704K)->601K(704K) Class: 56K(128K)->56K(128K)
[2024-09-08T06:28:43.176+0800][info] GC(27) Pause Young (Concurrent Start) (G1 Humongous Allocation) 49M->4M(128M) 0.853ms
[2024-09-08T06:28:43.176+0800][info] GC(27) User=0.00s Sys=0.00s Real=0.00s
[2024-09-08T06:28:43.176+0800][info] GC(28) Concurrent Undo Cycle
[2024-09-08T06:28:43.176+0800][info] GC(28) Concurrent Cleanup for Next Mark
[2024-09-08T06:28:43.176+0800][info] GC(28) Concurrent Cleanup for Next Mark 0.485ms
[2024-09-08T06:28:43.177+0800][info] GC(28) Concurrent Undo Cycle 0.517ms
[2024-09-08T06:28:43.186+0800][info] GC(29) Pause Young (Concurrent Start) (G1 Humongous Allocation)
[2024-09-08T06:28:43.186+0800][info] GC(29) Using 3 workers of 48 for evacuation
[2024-09-08T06:28:43.187+0800][info] GC(29)   Pre Evacuate Collection Set: 0.1ms
[2024-09-08T06:28:43.187+0800][info] GC(29)   Merge Heap Roots: 0.0ms
[2024-09-08T06:28:43.187+0800][info] GC(29)   Evacuate Collection Set: 0.3ms
[2024-09-08T06:28:43.187+0800][info] GC(29)   Post Evacuate Collection Set: 0.2ms
[2024-09-08T06:28:43.187+0800][info] GC(29)   Other: 0.3ms
[2024-09-08T06:28:43.187+0800][info] GC(29) Eden regions: 1->0(1)
[2024-09-08T06:28:43.187+0800][info] GC(29) Survivor regions: 1->1(1)
[2024-09-08T06:28:43.187+0800][info] GC(29) Old regions: 1->1
[2024-09-08T06:28:43.187+0800][info] GC(29) Archive regions: 2->2
[2024-09-08T06:28:43.187+0800][info] GC(29) Humongous regions: 11->0
[2024-09-08T06:28:43.187+0800][info] GC(29) Metaspace: 658K(832K)->658K(832K) NonClass: 601K(704K)->601K(704K) Class: 56K(128K)->56K(128K)
[2024-09-08T06:28:43.187+0800][info] GC(29) Pause Young (Concurrent Start) (G1 Humongous Allocation) 49M->4M(128M) 1.063ms
[2024-09-08T06:28:43.187+0800][info] GC(29) User=0.00s Sys=0.00s Real=0.00s
[2024-09-08T06:28:43.187+0800][info] GC(30) Concurrent Undo Cycle
[2024-09-08T06:28:43.187+0800][info] GC(30) Concurrent Cleanup for Next Mark
[2024-09-08T06:28:43.187+0800][info] GC(30) Concurrent Cleanup for Next Mark 0.217ms
[2024-09-08T06:28:43.187+0800][info] GC(30) Concurrent Undo Cycle 0.253ms
[2024-09-08T06:28:43.197+0800][info] GC(31) Pause Young (Concurrent Start) (G1 Humongous Allocation)
[2024-09-08T06:28:43.197+0800][info] GC(31) Using 3 workers of 48 for evacuation
[2024-09-08T06:28:43.197+0800][info] GC(31)   Pre Evacuate Collection Set: 0.1ms
[2024-09-08T06:28:43.197+0800][info] GC(31)   Merge Heap Roots: 0.0ms
[2024-09-08T06:28:43.198+0800][info] GC(31)   Evacuate Collection Set: 0.2ms
[2024-09-08T06:28:43.198+0800][info] GC(31)   Post Evacuate Collection Set: 0.2ms
[2024-09-08T06:28:43.198+0800][info] GC(31)   Other: 0.3ms
[2024-09-08T06:28:43.198+0800][info] GC(31) Eden regions: 1->0(1)
[2024-09-08T06:28:43.198+0800][info] GC(31) Survivor regions: 1->1(1)
[2024-09-08T06:28:43.198+0800][info] GC(31) Old regions: 1->1
[2024-09-08T06:28:43.198+0800][info] GC(31) Archive regions: 2->2
[2024-09-08T06:28:43.198+0800][info] GC(31) Humongous regions: 11->0
[2024-09-08T06:28:43.198+0800][info] GC(31) Metaspace: 658K(832K)->658K(832K) NonClass: 601K(704K)->601K(704K) Class: 56K(128K)->56K(128K)
[2024-09-08T06:28:43.198+0800][info] GC(31) Pause Young (Concurrent Start) (G1 Humongous Allocation) 49M->4M(128M) 1.035ms
[2024-09-08T06:28:43.198+0800][info] GC(31) User=0.00s Sys=0.00s Real=0.01s
[2024-09-08T06:28:43.198+0800][info] GC(32) Concurrent Undo Cycle
[2024-09-08T06:28:43.198+0800][info] GC(32) Concurrent Cleanup for Next Mark
[2024-09-08T06:28:43.198+0800][info] GC(32) Concurrent Cleanup for Next Mark 0.238ms
[2024-09-08T06:28:43.198+0800][info] GC(32) Concurrent Undo Cycle 0.281ms
[2024-09-08T06:28:43.208+0800][info] GC(33) Pause Young (Normal) (G1 Evacuation Pause)
[2024-09-08T06:28:43.208+0800][info] GC(33) Using 3 workers of 48 for evacuation
[2024-09-08T06:28:43.209+0800][info] GC(33)   Pre Evacuate Collection Set: 0.0ms
[2024-09-08T06:28:43.209+0800][info] GC(33)   Merge Heap Roots: 0.0ms
[2024-09-08T06:28:43.209+0800][info] GC(33)   Evacuate Collection Set: 0.6ms
[2024-09-08T06:28:43.209+0800][info] GC(33)   Post Evacuate Collection Set: 0.2ms
[2024-09-08T06:28:43.209+0800][info] GC(33)   Other: 0.1ms
[2024-09-08T06:28:43.209+0800][info] GC(33) Eden regions: 1->0(1)
[2024-09-08T06:28:43.209+0800][info] GC(33) Survivor regions: 1->1(1)
[2024-09-08T06:28:43.209+0800][info] GC(33) Old regions: 1->1
[2024-09-08T06:28:43.209+0800][info] GC(33) Archive regions: 2->2
[2024-09-08T06:28:43.209+0800][info] GC(33) Humongous regions: 11->0
[2024-09-08T06:28:43.209+0800][info] GC(33) Metaspace: 660K(832K)->660K(832K) NonClass: 603K(704K)->603K(704K) Class: 56K(128K)->56K(128K)
[2024-09-08T06:28:43.209+0800][info] GC(33) Pause Young (Normal) (G1 Evacuation Pause) 52M->8M(128M) 1.079ms
[2024-09-08T06:28:43.209+0800][info] GC(33) User=0.00s Sys=0.00s Real=0.00s
[2024-09-08T06:28:43.210+0800][info] GC(34) Pause Young (Normal) (G1 Evacuation Pause)
[2024-09-08T06:28:43.210+0800][info] GC(34) Using 3 workers of 48 for evacuation
[2024-09-08T06:28:43.211+0800][info] GC(34)   Pre Evacuate Collection Set: 0.0ms
[2024-09-08T06:28:43.211+0800][info] GC(34)   Merge Heap Roots: 0.0ms
[2024-09-08T06:28:43.211+0800][info] GC(34)   Evacuate Collection Set: 0.9ms
[2024-09-08T06:28:43.211+0800][info] GC(34)   Post Evacuate Collection Set: 0.2ms
[2024-09-08T06:28:43.211+0800][info] GC(34)   Other: 0.1ms
[2024-09-08T06:28:43.211+0800][info] GC(34) Eden regions: 1->0(1)
[2024-09-08T06:28:43.211+0800][info] GC(34) Survivor regions: 1->1(1)
[2024-09-08T06:28:43.212+0800][info] GC(34) Old regions: 1->2
[2024-09-08T06:28:43.212+0800][info] GC(34) Archive regions: 2->2
[2024-09-08T06:28:43.212+0800][info] GC(34) Humongous regions: 0->0
[2024-09-08T06:28:43.212+0800][info] GC(34) Metaspace: 660K(832K)->660K(832K) NonClass: 603K(704K)->603K(704K) Class: 56K(128K)->56K(128K)
[2024-09-08T06:28:43.212+0800][info] GC(34) Pause Young (Normal) (G1 Evacuation Pause) 12M->12M(128M) 1.324ms
[2024-09-08T06:28:43.212+0800][info] GC(34) User=0.01s Sys=0.00s Real=0.00s
[2024-09-08T06:28:43.212+0800][info] GC(35) Pause Young (Normal) (G1 Evacuation Pause)
[2024-09-08T06:28:43.212+0800][info] GC(35) Using 3 workers of 48 for evacuation
[2024-09-08T06:28:43.214+0800][info] GC(35)   Pre Evacuate Collection Set: 0.0ms
[2024-09-08T06:28:43.214+0800][info] GC(35)   Merge Heap Roots: 0.0ms
[2024-09-08T06:28:43.214+0800][info] GC(35)   Evacuate Collection Set: 0.9ms
[2024-09-08T06:28:43.214+0800][info] GC(35)   Post Evacuate Collection Set: 0.1ms
[2024-09-08T06:28:43.214+0800][info] GC(35)   Other: 0.1ms
[2024-09-08T06:28:43.214+0800][info] GC(35) Eden regions: 1->0(1)
[2024-09-08T06:28:43.214+0800][info] GC(35) Survivor regions: 1->1(1)
[2024-09-08T06:28:43.214+0800][info] GC(35) Old regions: 2->3
[2024-09-08T06:28:43.214+0800][info] GC(35) Archive regions: 2->2
[2024-09-08T06:28:43.214+0800][info] GC(35) Humongous regions: 0->0
[2024-09-08T06:28:43.214+0800][info] GC(35) Metaspace: 660K(832K)->660K(832K) NonClass: 603K(704K)->603K(704K) Class: 56K(128K)->56K(128K)
[2024-09-08T06:28:43.214+0800][info] GC(35) Pause Young (Normal) (G1 Evacuation Pause) 16M->16M(128M) 1.336ms
[2024-09-08T06:28:43.214+0800][info] GC(35) User=0.00s Sys=0.00s Real=0.00s
[2024-09-08T06:28:43.215+0800][info] GC(36) Pause Young (Normal) (G1 Evacuation Pause)
[2024-09-08T06:28:43.215+0800][info] GC(36) Using 3 workers of 48 for evacuation
[2024-09-08T06:28:43.216+0800][info] GC(36)   Pre Evacuate Collection Set: 0.0ms
[2024-09-08T06:28:43.216+0800][info] GC(36)   Merge Heap Roots: 0.0ms
[2024-09-08T06:28:43.216+0800][info] GC(36)   Evacuate Collection Set: 1.0ms
[2024-09-08T06:28:43.216+0800][info] GC(36)   Post Evacuate Collection Set: 0.1ms
[2024-09-08T06:28:43.216+0800][info] GC(36)   Other: 0.1ms
[2024-09-08T06:28:43.216+0800][info] GC(36) Eden regions: 1->0(1)
[2024-09-08T06:28:43.216+0800][info] GC(36) Survivor regions: 1->1(1)
[2024-09-08T06:28:43.216+0800][info] GC(36) Old regions: 3->4
[2024-09-08T06:28:43.216+0800][info] GC(36) Archive regions: 2->2
[2024-09-08T06:28:43.216+0800][info] GC(36) Humongous regions: 0->0
[2024-09-08T06:28:43.216+0800][info] GC(36) Metaspace: 660K(832K)->660K(832K) NonClass: 603K(704K)->603K(704K) Class: 56K(128K)->56K(128K)
[2024-09-08T06:28:43.216+0800][info] GC(36) Pause Young (Normal) (G1 Evacuation Pause) 20M->20M(128M) 1.398ms
[2024-09-08T06:28:43.216+0800][info] GC(36) User=0.01s Sys=0.00s Real=0.00s
[2024-09-08T06:28:43.217+0800][info] GC(37) Pause Young (Normal) (G1 Evacuation Pause)
[2024-09-08T06:28:43.217+0800][info] GC(37) Using 3 workers of 48 for evacuation
[2024-09-08T06:28:43.218+0800][info] GC(37)   Pre Evacuate Collection Set: 0.0ms
[2024-09-08T06:28:43.218+0800][info] GC(37)   Merge Heap Roots: 0.0ms
[2024-09-08T06:28:43.218+0800][info] GC(37)   Evacuate Collection Set: 0.8ms
[2024-09-08T06:28:43.218+0800][info] GC(37)   Post Evacuate Collection Set: 0.2ms
[2024-09-08T06:28:43.218+0800][info] GC(37)   Other: 0.1ms
[2024-09-08T06:28:43.218+0800][info] GC(37) Eden regions: 1->0(1)
[2024-09-08T06:28:43.218+0800][info] GC(37) Survivor regions: 1->1(1)
[2024-09-08T06:28:43.218+0800][info] GC(37) Old regions: 4->5
[2024-09-08T06:28:43.218+0800][info] GC(37) Archive regions: 2->2
[2024-09-08T06:28:43.218+0800][info] GC(37) Humongous regions: 0->0
[2024-09-08T06:28:43.218+0800][info] GC(37) Metaspace: 660K(832K)->660K(832K) NonClass: 603K(704K)->603K(704K) Class: 56K(128K)->56K(128K)
[2024-09-08T06:28:43.218+0800][info] GC(37) Pause Young (Normal) (G1 Evacuation Pause) 24M->24M(128M) 1.239ms
[2024-09-08T06:28:43.218+0800][info] GC(37) User=0.00s Sys=0.00s Real=0.00s
[2024-09-08T06:28:43.219+0800][info] GC(38) Pause Young (Normal) (G1 Evacuation Pause)
[2024-09-08T06:28:43.219+0800][info] GC(38) Using 3 workers of 48 for evacuation
[2024-09-08T06:28:43.220+0800][info] GC(38)   Pre Evacuate Collection Set: 0.0ms
[2024-09-08T06:28:43.220+0800][info] GC(38)   Merge Heap Roots: 0.0ms
[2024-09-08T06:28:43.220+0800][info] GC(38)   Evacuate Collection Set: 1.0ms
[2024-09-08T06:28:43.220+0800][info] GC(38)   Post Evacuate Collection Set: 0.1ms
[2024-09-08T06:28:43.220+0800][info] GC(38)   Other: 0.1ms
[2024-09-08T06:28:43.220+0800][info] GC(38) Eden regions: 1->0(2)
[2024-09-08T06:28:43.220+0800][info] GC(38) Survivor regions: 1->1(1)
[2024-09-08T06:28:43.220+0800][info] GC(38) Old regions: 5->6
[2024-09-08T06:28:43.220+0800][info] GC(38) Archive regions: 2->2
[2024-09-08T06:28:43.220+0800][info] GC(38) Humongous regions: 0->0
[2024-09-08T06:28:43.220+0800][info] GC(38) Metaspace: 660K(832K)->660K(832K) NonClass: 603K(704K)->603K(704K) Class: 56K(128K)->56K(128K)
[2024-09-08T06:28:43.220+0800][info] GC(38) Pause Young (Normal) (G1 Evacuation Pause) 28M->28M(128M) 1.379ms
[2024-09-08T06:28:43.220+0800][info] GC(38) User=0.00s Sys=0.00s Real=0.00s
[2024-09-08T06:28:43.222+0800][info] GC(39) Pause Young (Normal) (G1 Evacuation Pause)
[2024-09-08T06:28:43.222+0800][info] GC(39) Using 3 workers of 48 for evacuation
[2024-09-08T06:28:43.223+0800][info] GC(39)   Pre Evacuate Collection Set: 0.0ms
[2024-09-08T06:28:43.223+0800][info] GC(39)   Merge Heap Roots: 0.0ms
[2024-09-08T06:28:43.223+0800][info] GC(39)   Evacuate Collection Set: 1.5ms
[2024-09-08T06:28:43.223+0800][info] GC(39)   Post Evacuate Collection Set: 0.2ms
[2024-09-08T06:28:43.223+0800][info] GC(39)   Other: 0.1ms
[2024-09-08T06:28:43.223+0800][info] GC(39) Eden regions: 2->0(2)
[2024-09-08T06:28:43.223+0800][info] GC(39) Survivor regions: 1->1(1)
[2024-09-08T06:28:43.223+0800][info] GC(39) Old regions: 6->8
[2024-09-08T06:28:43.223+0800][info] GC(39) Archive regions: 2->2
[2024-09-08T06:28:43.224+0800][info] GC(39) Humongous regions: 0->0
[2024-09-08T06:28:43.224+0800][info] GC(39) Metaspace: 660K(832K)->660K(832K) NonClass: 603K(704K)->603K(704K) Class: 56K(128K)->56K(128K)
[2024-09-08T06:28:43.224+0800][info] GC(39) Pause Young (Normal) (G1 Evacuation Pause) 36M->36M(128M) 1.946ms
[2024-09-08T06:28:43.224+0800][info] GC(39) User=0.00s Sys=0.00s Real=0.00s
[2024-09-08T06:28:43.225+0800][info] GC(40) Pause Young (Normal) (G1 Evacuation Pause)
[2024-09-08T06:28:43.225+0800][info] GC(40) Using 3 workers of 48 for evacuation
[2024-09-08T06:28:43.227+0800][info] GC(40)   Pre Evacuate Collection Set: 0.0ms
[2024-09-08T06:28:43.227+0800][info] GC(40)   Merge Heap Roots: 0.0ms
[2024-09-08T06:28:43.227+0800][info] GC(40)   Evacuate Collection Set: 1.4ms
[2024-09-08T06:28:43.227+0800][info] GC(40)   Post Evacuate Collection Set: 0.2ms
[2024-09-08T06:28:43.227+0800][info] GC(40)   Other: 0.1ms
[2024-09-08T06:28:43.227+0800][info] GC(40) Eden regions: 2->0(2)
[2024-09-08T06:28:43.227+0800][info] GC(40) Survivor regions: 1->1(1)
[2024-09-08T06:28:43.227+0800][info] GC(40) Old regions: 8->10
[2024-09-08T06:28:43.227+0800][info] GC(40) Archive regions: 2->2
[2024-09-08T06:28:43.227+0800][info] GC(40) Humongous regions: 0->0
[2024-09-08T06:28:43.227+0800][info] GC(40) Metaspace: 660K(832K)->660K(832K) NonClass: 603K(704K)->603K(704K) Class: 56K(128K)->56K(128K)
[2024-09-08T06:28:43.227+0800][info] GC(40) Pause Young (Normal) (G1 Evacuation Pause) 44M->44M(128M) 1.888ms
[2024-09-08T06:28:43.227+0800][info] GC(40) User=0.01s Sys=0.00s Real=0.00s
[2024-09-08T06:28:43.228+0800][info] GC(41) Pause Young (Normal) (G1 Evacuation Pause)
[2024-09-08T06:28:43.228+0800][info] GC(41) Using 3 workers of 48 for evacuation
[2024-09-08T06:28:43.230+0800][info] GC(41)   Pre Evacuate Collection Set: 0.0ms
[2024-09-08T06:28:43.230+0800][info] GC(41)   Merge Heap Roots: 0.0ms
[2024-09-08T06:28:43.230+0800][info] GC(41)   Evacuate Collection Set: 1.5ms
[2024-09-08T06:28:43.230+0800][info] GC(41)   Post Evacuate Collection Set: 0.2ms
[2024-09-08T06:28:43.230+0800][info] GC(41)   Other: 0.1ms
[2024-09-08T06:28:43.230+0800][info] GC(41) Eden regions: 2->0(2)
[2024-09-08T06:28:43.230+0800][info] GC(41) Survivor regions: 1->1(1)
[2024-09-08T06:28:43.230+0800][info] GC(41) Old regions: 10->12
[2024-09-08T06:28:43.230+0800][info] GC(41) Archive regions: 2->2
[2024-09-08T06:28:43.230+0800][info] GC(41) Humongous regions: 0->0
[2024-09-08T06:28:43.230+0800][info] GC(41) Metaspace: 660K(832K)->660K(832K) NonClass: 603K(704K)->603K(704K) Class: 56K(128K)->56K(128K)
[2024-09-08T06:28:43.230+0800][info] GC(41) Pause Young (Normal) (G1 Evacuation Pause) 52M->52M(128M) 1.942ms
[2024-09-08T06:28:43.230+0800][info] GC(41) User=0.00s Sys=0.00s Real=0.00s
[2024-09-08T06:28:43.232+0800][info] GC(42) Pause Young (Normal) (G1 Evacuation Pause)
[2024-09-08T06:28:43.232+0800][info] GC(42) Using 3 workers of 48 for evacuation
[2024-09-08T06:28:43.233+0800][info] GC(42)   Pre Evacuate Collection Set: 0.0ms
[2024-09-08T06:28:43.233+0800][info] GC(42)   Merge Heap Roots: 0.0ms
[2024-09-08T06:28:43.233+0800][info] GC(42)   Evacuate Collection Set: 1.4ms
[2024-09-08T06:28:43.233+0800][info] GC(42)   Post Evacuate Collection Set: 0.2ms
[2024-09-08T06:28:43.233+0800][info] GC(42)   Other: 0.1ms
[2024-09-08T06:28:43.233+0800][info] GC(42) Eden regions: 2->0(2)
[2024-09-08T06:28:43.233+0800][info] GC(42) Survivor regions: 1->1(1)
[2024-09-08T06:28:43.233+0800][info] GC(42) Old regions: 12->14
[2024-09-08T06:28:43.233+0800][info] GC(42) Archive regions: 2->2
[2024-09-08T06:28:43.234+0800][info] GC(42) Humongous regions: 0->0
[2024-09-08T06:28:43.234+0800][info] GC(42) Metaspace: 660K(832K)->660K(832K) NonClass: 603K(704K)->603K(704K) Class: 56K(128K)->56K(128K)
[2024-09-08T06:28:43.234+0800][info] GC(42) Pause Young (Normal) (G1 Evacuation Pause) 60M->60M(128M) 1.903ms
[2024-09-08T06:28:43.234+0800][info] GC(42) User=0.01s Sys=0.00s Real=0.00s
[2024-09-08T06:28:43.235+0800][info] GC(43) Pause Young (Concurrent Start) (G1 Evacuation Pause)
[2024-09-08T06:28:43.235+0800][info] GC(43) Using 3 workers of 48 for evacuation
[2024-09-08T06:28:43.237+0800][info] GC(43)   Pre Evacuate Collection Set: 0.0ms
[2024-09-08T06:28:43.237+0800][info] GC(43)   Merge Heap Roots: 0.0ms
[2024-09-08T06:28:43.237+0800][info] GC(43)   Evacuate Collection Set: 1.6ms
[2024-09-08T06:28:43.237+0800][info] GC(43)   Post Evacuate Collection Set: 0.2ms
[2024-09-08T06:28:43.237+0800][info] GC(43)   Other: 0.3ms
[2024-09-08T06:28:43.237+0800][info] GC(43) Eden regions: 2->0(2)
[2024-09-08T06:28:43.237+0800][info] GC(43) Survivor regions: 1->1(1)
[2024-09-08T06:28:43.237+0800][info] GC(43) Old regions: 14->16
[2024-09-08T06:28:43.237+0800][info] GC(43) Archive regions: 2->2
[2024-09-08T06:28:43.237+0800][info] GC(43) Humongous regions: 0->0
[2024-09-08T06:28:43.237+0800][info] GC(43) Metaspace: 660K(832K)->660K(832K) NonClass: 603K(704K)->603K(704K) Class: 56K(128K)->56K(128K)
[2024-09-08T06:28:43.237+0800][info] GC(43) Pause Young (Concurrent Start) (G1 Evacuation Pause) 68M->68M(128M) 2.247ms
[2024-09-08T06:28:43.237+0800][info] GC(43) User=0.01s Sys=0.00s Real=0.01s
[2024-09-08T06:28:43.237+0800][info] GC(44) Concurrent Mark Cycle
[2024-09-08T06:28:43.237+0800][info] GC(44) Concurrent Clear Claimed Marks
[2024-09-08T06:28:43.237+0800][info] GC(44) Concurrent Clear Claimed Marks 0.008ms
[2024-09-08T06:28:43.237+0800][info] GC(44) Concurrent Scan Root Regions
[2024-09-08T06:28:43.238+0800][info] GC(44) Concurrent Scan Root Regions 0.272ms
[2024-09-08T06:28:43.238+0800][info] GC(44) Concurrent Mark
[2024-09-08T06:28:43.238+0800][info] GC(44) Concurrent Mark From Roots
[2024-09-08T06:28:43.238+0800][info] GC(44) Using 12 workers of 12 for marking
[2024-09-08T06:28:43.240+0800][info] GC(45) Pause Young (Normal) (G1 Evacuation Pause)
[2024-09-08T06:28:43.240+0800][info] GC(45) Using 3 workers of 48 for evacuation
[2024-09-08T06:28:43.242+0800][info] GC(45)   Pre Evacuate Collection Set: 0.0ms
[2024-09-08T06:28:43.242+0800][info] GC(45)   Merge Heap Roots: 0.0ms
[2024-09-08T06:28:43.242+0800][info] GC(45)   Evacuate Collection Set: 1.6ms
[2024-09-08T06:28:43.242+0800][info] GC(45)   Post Evacuate Collection Set: 0.1ms
[2024-09-08T06:28:43.242+0800][info] GC(45)   Other: 0.1ms
[2024-09-08T06:28:43.242+0800][info] GC(45) Eden regions: 2->0(2)
[2024-09-08T06:28:43.242+0800][info] GC(45) Survivor regions: 1->1(1)
[2024-09-08T06:28:43.242+0800][info] GC(45) Old regions: 16->18
[2024-09-08T06:28:43.242+0800][info] GC(45) Archive regions: 2->2
[2024-09-08T06:28:43.242+0800][info] GC(45) Humongous regions: 0->0
[2024-09-08T06:28:43.242+0800][info] GC(45) Metaspace: 660K(832K)->660K(832K) NonClass: 603K(704K)->603K(704K) Class: 56K(128K)->56K(128K)
[2024-09-08T06:28:43.242+0800][info] GC(45) Pause Young (Normal) (G1 Evacuation Pause) 76M->76M(128M) 2.083ms
[2024-09-08T06:28:43.242+0800][info] GC(45) User=0.01s Sys=0.00s Real=0.00s
[2024-09-08T06:28:43.243+0800][info] GC(44) Concurrent Mark From Roots 5.538ms
[2024-09-08T06:28:43.243+0800][info] GC(44) Concurrent Preclean
[2024-09-08T06:28:43.244+0800][info] GC(44) Concurrent Preclean 0.712ms
[2024-09-08T06:28:43.244+0800][info] GC(44) Pause Remark
[2024-09-08T06:28:43.245+0800][info] GC(44) Pause Remark 83M->83M(128M) 1.033ms
[2024-09-08T06:28:43.245+0800][info] GC(44) User=0.00s Sys=0.00s Real=0.01s
[2024-09-08T06:28:43.245+0800][info] GC(44) Concurrent Mark 7.471ms
[2024-09-08T06:28:43.245+0800][info] GC(44) Concurrent Rebuild Remembered Sets
[2024-09-08T06:28:43.246+0800][info] GC(46) Pause Young (Normal) (G1 Evacuation Pause)
[2024-09-08T06:28:43.246+0800][info] GC(46) Using 3 workers of 48 for evacuation
[2024-09-08T06:28:43.248+0800][info] GC(46)   Pre Evacuate Collection Set: 0.0ms
[2024-09-08T06:28:43.248+0800][info] GC(46)   Merge Heap Roots: 0.0ms
[2024-09-08T06:28:43.248+0800][info] GC(46)   Evacuate Collection Set: 1.5ms
[2024-09-08T06:28:43.248+0800][info] GC(46)   Post Evacuate Collection Set: 0.2ms
[2024-09-08T06:28:43.248+0800][info] GC(46)   Other: 0.1ms
[2024-09-08T06:28:43.248+0800][info] GC(46) Eden regions: 2->0(2)
[2024-09-08T06:28:43.248+0800][info] GC(46) Survivor regions: 1->1(1)
[2024-09-08T06:28:43.248+0800][info] GC(46) Old regions: 18->20
[2024-09-08T06:28:43.248+0800][info] GC(46) Archive regions: 2->2
[2024-09-08T06:28:43.248+0800][info] GC(46) Humongous regions: 0->0
[2024-09-08T06:28:43.248+0800][info] GC(46) Metaspace: 660K(832K)->660K(832K) NonClass: 603K(704K)->603K(704K) Class: 56K(128K)->56K(128K)
[2024-09-08T06:28:43.248+0800][info] GC(46) Pause Young (Normal) (G1 Evacuation Pause) 84M->84M(128M) 1.981ms
[2024-09-08T06:28:43.248+0800][info] GC(46) User=0.01s Sys=0.00s Real=0.00s
[2024-09-08T06:28:43.253+0800][info] GC(44) Concurrent Rebuild Remembered Sets 8.170ms
[2024-09-08T06:28:43.253+0800][info] GC(44) Pause Cleanup
[2024-09-08T06:28:43.254+0800][info] GC(44) Pause Cleanup 85M->85M(128M) 0.488ms
[2024-09-08T06:28:43.254+0800][info] GC(44) User=0.00s Sys=0.00s Real=0.00s
[2024-09-08T06:28:43.254+0800][info] GC(44) Concurrent Cleanup for Next Mark
[2024-09-08T06:28:43.254+0800][info] GC(44) Concurrent Cleanup for Next Mark 0.193ms
[2024-09-08T06:28:43.254+0800][info] GC(44) Concurrent Mark Cycle 16.778ms
[2024-09-08T06:28:44.254+0800][info] GC(47) Pause Young (Prepare Mixed) (G1 Evacuation Pause)
[2024-09-08T06:28:44.254+0800][info] GC(47) Using 3 workers of 48 for evacuation
[2024-09-08T06:28:44.256+0800][info] GC(47)   Pre Evacuate Collection Set: 0.1ms
[2024-09-08T06:28:44.256+0800][info] GC(47)   Merge Heap Roots: 0.0ms
[2024-09-08T06:28:44.256+0800][info] GC(47)   Evacuate Collection Set: 1.7ms
[2024-09-08T06:28:44.256+0800][info] GC(47)   Post Evacuate Collection Set: 0.2ms
[2024-09-08T06:28:44.256+0800][info] GC(47)   Other: 0.2ms
[2024-09-08T06:28:44.256+0800][info] GC(47) Eden regions: 1->0(1)
[2024-09-08T06:28:44.256+0800][info] GC(47) Survivor regions: 1->1(1)
[2024-09-08T06:28:44.256+0800][info] GC(47) Old regions: 20->21
[2024-09-08T06:28:44.256+0800][info] GC(47) Archive regions: 2->2
[2024-09-08T06:28:44.256+0800][info] GC(47) Humongous regions: 0->0
[2024-09-08T06:28:44.256+0800][info] GC(47) Metaspace: 670K(832K)->670K(832K) NonClass: 613K(704K)->613K(704K) Class: 56K(128K)->56K(128K)
[2024-09-08T06:28:44.256+0800][info] GC(47) Pause Young (Prepare Mixed) (G1 Evacuation Pause) 88M->88M(128M) 2.204ms
[2024-09-08T06:28:44.256+0800][info] GC(47) User=0.01s Sys=0.00s Real=0.00s
[2024-09-08T06:28:44.257+0800][info] GC(48) Pause Young (Mixed) (G1 Evacuation Pause)
[2024-09-08T06:28:44.257+0800][info] GC(48) Using 3 workers of 48 for evacuation
[2024-09-08T06:28:44.262+0800][info] GC(48)   Pre Evacuate Collection Set: 0.0ms
[2024-09-08T06:28:44.262+0800][info] GC(48)   Merge Heap Roots: 0.0ms
[2024-09-08T06:28:44.262+0800][info] GC(48)   Evacuate Collection Set: 5.3ms
[2024-09-08T06:28:44.262+0800][info] GC(48)   Post Evacuate Collection Set: 0.2ms
[2024-09-08T06:28:44.262+0800][info] GC(48)   Other: 0.1ms
[2024-09-08T06:28:44.262+0800][info] GC(48) Eden regions: 1->0(2)
[2024-09-08T06:28:44.262+0800][info] GC(48) Survivor regions: 1->1(1)
[2024-09-08T06:28:44.262+0800][info] GC(48) Old regions: 21->22
[2024-09-08T06:28:44.262+0800][info] GC(48) Archive regions: 2->2
[2024-09-08T06:28:44.262+0800][info] GC(48) Humongous regions: 0->0
[2024-09-08T06:28:44.262+0800][info] GC(48) Metaspace: 670K(832K)->670K(832K) NonClass: 613K(704K)->613K(704K) Class: 56K(128K)->56K(128K)
[2024-09-08T06:28:44.262+0800][info] GC(48) Pause Young (Mixed) (G1 Evacuation Pause) 92M->92M(128M) 5.689ms
[2024-09-08T06:28:44.262+0800][info] GC(48) User=0.01s Sys=0.00s Real=0.01s
[2024-09-08T06:28:44.264+0800][info] GC(49) Pause Young (Concurrent Start) (G1 Preventive Collection)
[2024-09-08T06:28:44.264+0800][info] GC(49) Using 3 workers of 48 for evacuation
[2024-09-08T06:28:44.268+0800][info] GC(49)   Pre Evacuate Collection Set: 0.0ms
[2024-09-08T06:28:44.268+0800][info] GC(49)   Merge Heap Roots: 0.0ms
[2024-09-08T06:28:44.268+0800][info] GC(49)   Evacuate Collection Set: 3.5ms
[2024-09-08T06:28:44.268+0800][info] GC(49)   Post Evacuate Collection Set: 0.1ms
[2024-09-08T06:28:44.268+0800][info] GC(49)   Other: 0.2ms
[2024-09-08T06:28:44.268+0800][info] GC(49) Eden regions: 2->0(2)
[2024-09-08T06:28:44.268+0800][info] GC(49) Survivor regions: 1->1(1)
[2024-09-08T06:28:44.268+0800][info] GC(49) Old regions: 22->24
[2024-09-08T06:28:44.268+0800][info] GC(49) Archive regions: 2->2
[2024-09-08T06:28:44.268+0800][info] GC(49) Humongous regions: 0->0
[2024-09-08T06:28:44.268+0800][info] GC(49) Metaspace: 670K(832K)->670K(832K) NonClass: 613K(704K)->613K(704K) Class: 56K(128K)->56K(128K)
[2024-09-08T06:28:44.268+0800][info] GC(49) Pause Young (Concurrent Start) (G1 Preventive Collection) 100M->100M(128M) 3.926ms
[2024-09-08T06:28:44.268+0800][info] GC(49) User=0.00s Sys=0.01s Real=0.01s
[2024-09-08T06:28:44.268+0800][info] GC(50) Concurrent Mark Cycle
[2024-09-08T06:28:44.268+0800][info] GC(50) Concurrent Clear Claimed Marks
[2024-09-08T06:28:44.268+0800][info] GC(50) Concurrent Clear Claimed Marks 0.013ms
[2024-09-08T06:28:44.268+0800][info] GC(50) Concurrent Scan Root Regions
[2024-09-08T06:28:44.268+0800][info] GC(50) Concurrent Scan Root Regions 0.082ms
[2024-09-08T06:28:44.268+0800][info] GC(50) Concurrent Mark
[2024-09-08T06:28:44.268+0800][info] GC(50) Concurrent Mark From Roots
[2024-09-08T06:28:44.268+0800][info] GC(50) Using 12 workers of 12 for marking
[2024-09-08T06:28:44.270+0800][info] GC(51) Pause Young (Normal) (G1 Preventive Collection)
[2024-09-08T06:28:44.270+0800][info] GC(51) Using 3 workers of 48 for evacuation
[2024-09-08T06:28:44.273+0800][info] GC(51)   Pre Evacuate Collection Set: 0.0ms
[2024-09-08T06:28:44.273+0800][info] GC(51)   Merge Heap Roots: 0.0ms
[2024-09-08T06:28:44.273+0800][info] GC(51)   Evacuate Collection Set: 2.6ms
[2024-09-08T06:28:44.273+0800][info] GC(51)   Post Evacuate Collection Set: 0.1ms
[2024-09-08T06:28:44.273+0800][info] GC(51)   Other: 0.1ms
[2024-09-08T06:28:44.273+0800][info] GC(51) Eden regions: 1->0(2)
[2024-09-08T06:28:44.273+0800][info] GC(51) Survivor regions: 1->1(1)
[2024-09-08T06:28:44.273+0800][info] GC(51) Old regions: 24->25
[2024-09-08T06:28:44.273+0800][info] GC(51) Archive regions: 2->2
[2024-09-08T06:28:44.273+0800][info] GC(51) Humongous regions: 0->0
[2024-09-08T06:28:44.273+0800][info] GC(51) Metaspace: 670K(832K)->670K(832K) NonClass: 613K(704K)->613K(704K) Class: 56K(128K)->56K(128K)
[2024-09-08T06:28:44.273+0800][info] GC(51) Pause Young (Normal) (G1 Preventive Collection) 104M->104M(128M) 2.928ms
[2024-09-08T06:28:44.273+0800][info] GC(51) User=0.00s Sys=0.00s Real=0.00s
[2024-09-08T06:28:44.275+0800][info] GC(52) Pause Young (Normal) (G1 Preventive Collection)
[2024-09-08T06:28:44.275+0800][info] GC(52) Using 3 workers of 48 for evacuation
[2024-09-08T06:28:44.276+0800][info] GC(52)   Pre Evacuate Collection Set: 0.0ms
[2024-09-08T06:28:44.276+0800][info] GC(52)   Merge Heap Roots: 0.0ms
[2024-09-08T06:28:44.276+0800][info] GC(52)   Evacuate Collection Set: 1.0ms
[2024-09-08T06:28:44.276+0800][info] GC(52)   Post Evacuate Collection Set: 0.1ms
[2024-09-08T06:28:44.276+0800][info] GC(52)   Other: 0.1ms
[2024-09-08T06:28:44.276+0800][info] GC(52) Eden regions: 1->0(1)
[2024-09-08T06:28:44.276+0800][info] GC(52) Survivor regions: 1->1(1)
[2024-09-08T06:28:44.276+0800][info] GC(52) Old regions: 25->26
[2024-09-08T06:28:44.276+0800][info] GC(52) Archive regions: 2->2
[2024-09-08T06:28:44.276+0800][info] GC(52) Humongous regions: 0->0
[2024-09-08T06:28:44.276+0800][info] GC(52) Metaspace: 670K(832K)->670K(832K) NonClass: 613K(704K)->613K(704K) Class: 56K(128K)->56K(128K)
[2024-09-08T06:28:44.276+0800][info] GC(52) Pause Young (Normal) (G1 Preventive Collection) 108M->108M(128M) 1.277ms
[2024-09-08T06:28:44.276+0800][info] GC(52) User=0.01s Sys=0.00s Real=0.00s
[2024-09-08T06:28:44.277+0800][info] GC(50) Concurrent Mark From Roots 8.927ms
[2024-09-08T06:28:44.277+0800][info] GC(50) Concurrent Preclean
[2024-09-08T06:28:44.277+0800][info] GC(53) Pause Young (Normal) (G1 Preventive Collection)
[2024-09-08T06:28:44.277+0800][info] GC(53) Using 3 workers of 48 for evacuation
[2024-09-08T06:28:44.279+0800][info] GC(53)   Pre Evacuate Collection Set: 0.0ms
[2024-09-08T06:28:44.279+0800][info] GC(53)   Merge Heap Roots: 0.0ms
[2024-09-08T06:28:44.279+0800][info] GC(53)   Evacuate Collection Set: 0.9ms
[2024-09-08T06:28:44.279+0800][info] GC(53)   Post Evacuate Collection Set: 0.1ms
[2024-09-08T06:28:44.279+0800][info] GC(53)   Other: 0.1ms
[2024-09-08T06:28:44.279+0800][info] GC(53) Eden regions: 1->0(1)
[2024-09-08T06:28:44.279+0800][info] GC(53) Survivor regions: 1->1(1)
[2024-09-08T06:28:44.279+0800][info] GC(53) Old regions: 26->27
[2024-09-08T06:28:44.279+0800][info] GC(53) Archive regions: 2->2
[2024-09-08T06:28:44.279+0800][info] GC(53) Humongous regions: 0->0
[2024-09-08T06:28:44.279+0800][info] GC(53) Metaspace: 670K(832K)->670K(832K) NonClass: 613K(704K)->613K(704K) Class: 56K(128K)->56K(128K)
[2024-09-08T06:28:44.279+0800][info] GC(53) Pause Young (Normal) (G1 Preventive Collection) 112M->112M(128M) 1.212ms
[2024-09-08T06:28:44.279+0800][info] GC(53) User=0.01s Sys=0.00s Real=0.00s
[2024-09-08T06:28:44.279+0800][info] GC(50) Concurrent Preclean 1.958ms
[2024-09-08T06:28:44.279+0800][info] GC(50) Pause Remark
[2024-09-08T06:28:44.280+0800][info] GC(50) Pause Remark 113M->41M(128M) 1.099ms
[2024-09-08T06:28:44.280+0800][info] GC(50) User=0.00s Sys=0.00s Real=0.00s
[2024-09-08T06:28:44.280+0800][info] GC(50) Concurrent Mark 12.152ms
[2024-09-08T06:28:44.280+0800][info] GC(50) Concurrent Rebuild Remembered Sets
[2024-09-08T06:28:44.281+0800][info] GC(54) Pause Young (Normal) (G1 Evacuation Pause)
[2024-09-08T06:28:44.281+0800][info] GC(54) Using 3 workers of 48 for evacuation
[2024-09-08T06:28:44.282+0800][info] GC(54)   Pre Evacuate Collection Set: 0.0ms
[2024-09-08T06:28:44.282+0800][info] GC(54)   Merge Heap Roots: 0.0ms
[2024-09-08T06:28:44.282+0800][info] GC(54)   Evacuate Collection Set: 0.9ms
[2024-09-08T06:28:44.282+0800][info] GC(54)   Post Evacuate Collection Set: 0.1ms
[2024-09-08T06:28:44.282+0800][info] GC(54)   Other: 0.1ms
[2024-09-08T06:28:44.282+0800][info] GC(54) Eden regions: 1->0(5)
[2024-09-08T06:28:44.282+0800][info] GC(54) Survivor regions: 1->1(1)
[2024-09-08T06:28:44.282+0800][info] GC(54) Old regions: 9->10
[2024-09-08T06:28:44.282+0800][info] GC(54) Archive regions: 2->2
[2024-09-08T06:28:44.282+0800][info] GC(54) Humongous regions: 0->0
[2024-09-08T06:28:44.282+0800][info] GC(54) Metaspace: 670K(832K)->670K(832K) NonClass: 613K(704K)->613K(704K) Class: 56K(128K)->56K(128K)
[2024-09-08T06:28:44.282+0800][info] GC(54) Pause Young (Normal) (G1 Evacuation Pause) 44M->44M(128M) 1.315ms
[2024-09-08T06:28:44.282+0800][info] GC(54) User=0.01s Sys=0.00s Real=0.00s
[2024-09-08T06:28:44.284+0800][info] GC(50) Concurrent Rebuild Remembered Sets 4.066ms
[2024-09-08T06:28:44.284+0800][info] GC(50) Pause Cleanup
[2024-09-08T06:28:44.284+0800][info] GC(50) Pause Cleanup 53M->53M(128M) 0.185ms
[2024-09-08T06:28:44.284+0800][info] GC(50) User=0.00s Sys=0.00s Real=0.00s
[2024-09-08T06:28:44.285+0800][info] GC(50) Concurrent Cleanup for Next Mark
[2024-09-08T06:28:44.285+0800][info] GC(50) Concurrent Cleanup for Next Mark 0.309ms
[2024-09-08T06:28:44.285+0800][info] GC(50) Concurrent Mark Cycle 17.051ms
[2024-09-08T06:28:44.288+0800][info] GC(55) Pause Young (Prepare Mixed) (G1 Evacuation Pause)
[2024-09-08T06:28:44.288+0800][info] GC(55) Using 3 workers of 48 for evacuation
[2024-09-08T06:28:44.291+0800][info] GC(55)   Pre Evacuate Collection Set: 0.0ms
[2024-09-08T06:28:44.291+0800][info] GC(55)   Merge Heap Roots: 0.0ms
[2024-09-08T06:28:44.291+0800][info] GC(55)   Evacuate Collection Set: 3.2ms
[2024-09-08T06:28:44.291+0800][info] GC(55)   Post Evacuate Collection Set: 0.2ms
[2024-09-08T06:28:44.291+0800][info] GC(55)   Other: 0.1ms
[2024-09-08T06:28:44.291+0800][info] GC(55) Eden regions: 5->0(1)
[2024-09-08T06:28:44.292+0800][info] GC(55) Survivor regions: 1->1(1)
[2024-09-08T06:28:44.292+0800][info] GC(55) Old regions: 10->15
[2024-09-08T06:28:44.292+0800][info] GC(55) Archive regions: 2->2
[2024-09-08T06:28:44.292+0800][info] GC(55) Humongous regions: 0->0
[2024-09-08T06:28:44.292+0800][info] GC(55) Metaspace: 670K(832K)->670K(832K) NonClass: 613K(704K)->613K(704K) Class: 56K(128K)->56K(128K)
[2024-09-08T06:28:44.292+0800][info] GC(55) Pause Young (Prepare Mixed) (G1 Evacuation Pause) 64M->64M(128M) 3.761ms
[2024-09-08T06:28:44.292+0800][info] GC(55) User=0.01s Sys=0.00s Real=0.00s
[2024-09-08T06:28:44.292+0800][info] GC(56) Pause Young (Mixed) (G1 Evacuation Pause)
[2024-09-08T06:28:44.292+0800][info] GC(56) Using 3 workers of 48 for evacuation
[2024-09-08T06:28:44.294+0800][info] GC(56)   Pre Evacuate Collection Set: 0.0ms
[2024-09-08T06:28:44.294+0800][info] GC(56)   Merge Heap Roots: 0.0ms
[2024-09-08T06:28:44.294+0800][info] GC(56)   Evacuate Collection Set: 1.1ms
[2024-09-08T06:28:44.294+0800][info] GC(56)   Post Evacuate Collection Set: 0.2ms
[2024-09-08T06:28:44.294+0800][info] GC(56)   Other: 0.1ms
[2024-09-08T06:28:44.294+0800][info] GC(56) Eden regions: 1->0(1)
[2024-09-08T06:28:44.294+0800][info] GC(56) Survivor regions: 1->1(1)
[2024-09-08T06:28:44.294+0800][info] GC(56) Old regions: 15->15
[2024-09-08T06:28:44.294+0800][info] GC(56) Archive regions: 2->2
[2024-09-08T06:28:44.294+0800][info] GC(56) Humongous regions: 0->0
[2024-09-08T06:28:44.294+0800][info] GC(56) Metaspace: 670K(832K)->670K(832K) NonClass: 613K(704K)->613K(704K) Class: 56K(128K)->56K(128K)
[2024-09-08T06:28:44.294+0800][info] GC(56) Pause Young (Mixed) (G1 Evacuation Pause) 68M->64M(128M) 1.523ms
[2024-09-08T06:28:44.294+0800][info] GC(56) User=0.00s Sys=0.00s Real=0.00s
[2024-09-08T06:28:44.295+0800][info] GC(57) Pause Young (Mixed) (G1 Evacuation Pause)
[2024-09-08T06:28:44.295+0800][info] GC(57) Using 3 workers of 48 for evacuation
[2024-09-08T06:28:44.297+0800][info] GC(57)   Pre Evacuate Collection Set: 0.0ms
[2024-09-08T06:28:44.297+0800][info] GC(57)   Merge Heap Roots: 0.0ms
[2024-09-08T06:28:44.297+0800][info] GC(57)   Evacuate Collection Set: 1.6ms
[2024-09-08T06:28:44.297+0800][info] GC(57)   Post Evacuate Collection Set: 0.2ms
[2024-09-08T06:28:44.297+0800][info] GC(57)   Other: 0.1ms
[2024-09-08T06:28:44.297+0800][info] GC(57) Eden regions: 1->0(1)
[2024-09-08T06:28:44.297+0800][info] GC(57) Survivor regions: 1->1(1)
[2024-09-08T06:28:44.297+0800][info] GC(57) Old regions: 15->15
[2024-09-08T06:28:44.297+0800][info] GC(57) Archive regions: 2->2
[2024-09-08T06:28:44.297+0800][info] GC(57) Humongous regions: 0->0
[2024-09-08T06:28:44.297+0800][info] GC(57) Metaspace: 670K(832K)->670K(832K) NonClass: 613K(704K)->613K(704K) Class: 56K(128K)->56K(128K)
[2024-09-08T06:28:44.297+0800][info] GC(57) Pause Young (Mixed) (G1 Evacuation Pause) 68M->64M(128M) 2.073ms
[2024-09-08T06:28:44.297+0800][info] GC(57) User=0.01s Sys=0.00s Real=0.01s
[2024-09-08T06:28:44.298+0800][info] GC(58) Pause Young (Mixed) (G1 Evacuation Pause)
[2024-09-08T06:28:44.298+0800][info] GC(58) Using 3 workers of 48 for evacuation
[2024-09-08T06:28:44.300+0800][info] GC(58)   Pre Evacuate Collection Set: 0.0ms
[2024-09-08T06:28:44.300+0800][info] GC(58)   Merge Heap Roots: 0.0ms
[2024-09-08T06:28:44.300+0800][info] GC(58)   Evacuate Collection Set: 2.1ms
[2024-09-08T06:28:44.300+0800][info] GC(58)   Post Evacuate Collection Set: 0.2ms
[2024-09-08T06:28:44.300+0800][info] GC(58)   Other: 0.1ms
[2024-09-08T06:28:44.300+0800][info] GC(58) Eden regions: 1->0(1)
[2024-09-08T06:28:44.300+0800][info] GC(58) Survivor regions: 1->1(1)
[2024-09-08T06:28:44.300+0800][info] GC(58) Old regions: 15->15
[2024-09-08T06:28:44.300+0800][info] GC(58) Archive regions: 2->2
[2024-09-08T06:28:44.300+0800][info] GC(58) Humongous regions: 0->0
[2024-09-08T06:28:44.300+0800][info] GC(58) Metaspace: 670K(832K)->670K(832K) NonClass: 613K(704K)->613K(704K) Class: 56K(128K)->56K(128K)
[2024-09-08T06:28:44.300+0800][info] GC(58) Pause Young (Mixed) (G1 Evacuation Pause) 68M->67M(128M) 2.526ms
[2024-09-08T06:28:44.300+0800][info] GC(58) User=0.01s Sys=0.00s Real=0.00s
[2024-09-08T06:28:44.301+0800][info] GC(59) Pause Young (Concurrent Start) (G1 Evacuation Pause)
[2024-09-08T06:28:44.301+0800][info] GC(59) Using 3 workers of 48 for evacuation
[2024-09-08T06:28:44.302+0800][info] GC(59)   Pre Evacuate Collection Set: 0.0ms
[2024-09-08T06:28:44.302+0800][info] GC(59)   Merge Heap Roots: 0.0ms
[2024-09-08T06:28:44.302+0800][info] GC(59)   Evacuate Collection Set: 1.0ms
[2024-09-08T06:28:44.302+0800][info] GC(59)   Post Evacuate Collection Set: 0.2ms
[2024-09-08T06:28:44.302+0800][info] GC(59)   Other: 0.2ms
[2024-09-08T06:28:44.302+0800][info] GC(59) Eden regions: 1->0(3)
[2024-09-08T06:28:44.302+0800][info] GC(59) Survivor regions: 1->1(1)
[2024-09-08T06:28:44.302+0800][info] GC(59) Old regions: 15->16
[2024-09-08T06:28:44.302+0800][info] GC(59) Archive regions: 2->2
[2024-09-08T06:28:44.302+0800][info] GC(59) Humongous regions: 0->0
[2024-09-08T06:28:44.302+0800][info] GC(59) Metaspace: 670K(832K)->670K(832K) NonClass: 613K(704K)->613K(704K) Class: 56K(128K)->56K(128K)
[2024-09-08T06:28:44.302+0800][info] GC(59) Pause Young (Concurrent Start) (G1 Evacuation Pause) 71M->71M(128M) 1.597ms
[2024-09-08T06:28:44.302+0800][info] GC(59) User=0.00s Sys=0.00s Real=0.00s
[2024-09-08T06:28:44.302+0800][info] GC(60) Concurrent Mark Cycle
[2024-09-08T06:28:44.302+0800][info] GC(60) Concurrent Clear Claimed Marks
[2024-09-08T06:28:44.302+0800][info] GC(60) Concurrent Clear Claimed Marks 0.009ms
[2024-09-08T06:28:44.302+0800][info] GC(60) Concurrent Scan Root Regions
[2024-09-08T06:28:44.302+0800][info] GC(60) Concurrent Scan Root Regions 0.040ms
[2024-09-08T06:28:44.302+0800][info] GC(60) Concurrent Mark
[2024-09-08T06:28:44.302+0800][info] GC(60) Concurrent Mark From Roots
[2024-09-08T06:28:44.302+0800][info] GC(60) Using 12 workers of 12 for marking
[2024-09-08T06:28:44.305+0800][info] GC(60) Concurrent Mark From Roots 2.414ms
[2024-09-08T06:28:44.305+0800][info] GC(60) Concurrent Preclean
[2024-09-08T06:28:44.306+0800][info] GC(61) Pause Young (Normal) (G1 Evacuation Pause)
[2024-09-08T06:28:44.306+0800][info] GC(61) Using 3 workers of 48 for evacuation
[2024-09-08T06:28:44.308+0800][info] GC(61)   Pre Evacuate Collection Set: 0.0ms
[2024-09-08T06:28:44.308+0800][info] GC(61)   Merge Heap Roots: 0.0ms
[2024-09-08T06:28:44.308+0800][info] GC(61)   Evacuate Collection Set: 2.1ms
[2024-09-08T06:28:44.308+0800][info] GC(61)   Post Evacuate Collection Set: 0.2ms
[2024-09-08T06:28:44.308+0800][info] GC(61)   Other: 0.1ms
[2024-09-08T06:28:44.308+0800][info] GC(61) Eden regions: 3->0(2)
[2024-09-08T06:28:44.308+0800][info] GC(61) Survivor regions: 1->1(1)
[2024-09-08T06:28:44.308+0800][info] GC(61) Old regions: 16->20
[2024-09-08T06:28:44.308+0800][info] GC(61) Archive regions: 2->2
[2024-09-08T06:28:44.308+0800][info] GC(61) Humongous regions: 0->0
[2024-09-08T06:28:44.308+0800][info] GC(61) Metaspace: 670K(832K)->670K(832K) NonClass: 613K(704K)->613K(704K) Class: 56K(128K)->56K(128K)
[2024-09-08T06:28:44.308+0800][info] GC(61) Pause Young (Normal) (G1 Evacuation Pause) 83M->83M(128M) 2.580ms
[2024-09-08T06:28:44.308+0800][info] GC(61) User=0.01s Sys=0.00s Real=0.00s
[2024-09-08T06:28:44.308+0800][info] GC(60) Concurrent Preclean 3.539ms
[2024-09-08T06:28:44.308+0800][info] GC(60) Pause Remark
[2024-09-08T06:28:44.310+0800][info] GC(60) Pause Remark 85M->85M(128M) 1.057ms
[2024-09-08T06:28:44.310+0800][info] GC(60) User=0.00s Sys=0.00s Real=0.00s
[2024-09-08T06:28:44.310+0800][info] GC(60) Concurrent Mark 7.219ms
[2024-09-08T06:28:44.310+0800][info] GC(60) Concurrent Rebuild Remembered Sets
[2024-09-08T06:28:44.315+0800][info] GC(60) Concurrent Rebuild Remembered Sets 5.641ms
[2024-09-08T06:28:44.315+0800][info] GC(60) Pause Cleanup
[2024-09-08T06:28:44.316+0800][info] GC(60) Pause Cleanup 86M->86M(128M) 0.223ms
[2024-09-08T06:28:44.316+0800][info] GC(60) User=0.00s Sys=0.00s Real=0.00s
[2024-09-08T06:28:44.316+0800][info] GC(60) Concurrent Cleanup for Next Mark
[2024-09-08T06:28:44.316+0800][info] GC(60) Concurrent Cleanup for Next Mark 0.194ms
[2024-09-08T06:28:44.316+0800][info] GC(60) Concurrent Mark Cycle 13.572ms
[2024-09-08T06:28:45.314+0800][info] GC(62) Pause Young (Normal) (G1 Evacuation Pause)
[2024-09-08T06:28:45.315+0800][info] GC(62) Using 3 workers of 48 for evacuation
[2024-09-08T06:28:45.316+0800][info] GC(62)   Pre Evacuate Collection Set: 0.1ms
[2024-09-08T06:28:45.316+0800][info] GC(62)   Merge Heap Roots: 0.0ms
[2024-09-08T06:28:45.316+0800][info] GC(62)   Evacuate Collection Set: 1.1ms
[2024-09-08T06:28:45.316+0800][info] GC(62)   Post Evacuate Collection Set: 0.2ms
[2024-09-08T06:28:45.316+0800][info] GC(62)   Other: 0.2ms
[2024-09-08T06:28:45.316+0800][info] GC(62) Eden regions: 1->0(1)
[2024-09-08T06:28:45.316+0800][info] GC(62) Survivor regions: 1->1(1)
[2024-09-08T06:28:45.316+0800][info] GC(62) Old regions: 20->21
[2024-09-08T06:28:45.316+0800][info] GC(62) Archive regions: 2->2
[2024-09-08T06:28:45.316+0800][info] GC(62) Humongous regions: 0->0
[2024-09-08T06:28:45.316+0800][info] GC(62) Metaspace: 683K(832K)->683K(832K) NonClass: 626K(704K)->626K(704K) Class: 56K(128K)->56K(128K)
[2024-09-08T06:28:45.316+0800][info] GC(62) Pause Young (Normal) (G1 Evacuation Pause) 87M->87M(128M) 1.732ms
[2024-09-08T06:28:45.316+0800][info] GC(62) User=0.00s Sys=0.00s Real=0.00s
[2024-09-08T06:28:45.317+0800][info] GC(63) Pause Young (Concurrent Start) (G1 Evacuation Pause)
[2024-09-08T06:28:45.317+0800][info] GC(63) Using 3 workers of 48 for evacuation
[2024-09-08T06:28:45.319+0800][info] GC(63)   Pre Evacuate Collection Set: 0.0ms
[2024-09-08T06:28:45.319+0800][info] GC(63)   Merge Heap Roots: 0.0ms
[2024-09-08T06:28:45.319+0800][info] GC(63)   Evacuate Collection Set: 1.0ms
[2024-09-08T06:28:45.319+0800][info] GC(63)   Post Evacuate Collection Set: 0.2ms
[2024-09-08T06:28:45.319+0800][info] GC(63)   Other: 0.2ms
[2024-09-08T06:28:45.319+0800][info] GC(63) Eden regions: 1->0(1)
[2024-09-08T06:28:45.319+0800][info] GC(63) Survivor regions: 1->1(1)
[2024-09-08T06:28:45.319+0800][info] GC(63) Old regions: 21->22
[2024-09-08T06:28:45.319+0800][info] GC(63) Archive regions: 2->2
[2024-09-08T06:28:45.319+0800][info] GC(63) Humongous regions: 0->0
[2024-09-08T06:28:45.319+0800][info] GC(63) Metaspace: 686K(832K)->686K(832K) NonClass: 629K(704K)->629K(704K) Class: 56K(128K)->56K(128K)
[2024-09-08T06:28:45.319+0800][info] GC(63) Pause Young (Concurrent Start) (G1 Evacuation Pause) 91M->91M(128M) 1.607ms
[2024-09-08T06:28:45.319+0800][info] GC(63) User=0.01s Sys=0.00s Real=0.00s
[2024-09-08T06:28:45.319+0800][info] GC(64) Concurrent Mark Cycle
[2024-09-08T06:28:45.319+0800][info] GC(64) Concurrent Clear Claimed Marks
[2024-09-08T06:28:45.319+0800][info] GC(64) Concurrent Clear Claimed Marks 0.024ms
[2024-09-08T06:28:45.319+0800][info] GC(64) Concurrent Scan Root Regions
[2024-09-08T06:28:45.319+0800][info] GC(64) Concurrent Scan Root Regions 0.078ms
[2024-09-08T06:28:45.319+0800][info] GC(64) Concurrent Mark
[2024-09-08T06:28:45.319+0800][info] GC(64) Concurrent Mark From Roots
[2024-09-08T06:28:45.319+0800][info] GC(64) Using 12 workers of 12 for marking
[2024-09-08T06:28:45.321+0800][info] GC(65) Pause Young (Normal) (G1 Evacuation Pause)
[2024-09-08T06:28:45.321+0800][info] GC(65) Using 3 workers of 48 for evacuation
[2024-09-08T06:28:45.322+0800][info] GC(65)   Pre Evacuate Collection Set: 0.0ms
[2024-09-08T06:28:45.322+0800][info] GC(65)   Merge Heap Roots: 0.0ms
[2024-09-08T06:28:45.322+0800][info] GC(65)   Evacuate Collection Set: 0.9ms
[2024-09-08T06:28:45.322+0800][info] GC(65)   Post Evacuate Collection Set: 0.2ms
[2024-09-08T06:28:45.322+0800][info] GC(65)   Other: 0.1ms
[2024-09-08T06:28:45.322+0800][info] GC(65) Eden regions: 1->0(1)
[2024-09-08T06:28:45.322+0800][info] GC(65) Survivor regions: 1->1(1)
[2024-09-08T06:28:45.322+0800][info] GC(65) Old regions: 22->22
[2024-09-08T06:28:45.322+0800][info] GC(65) Archive regions: 2->2
[2024-09-08T06:28:45.322+0800][info] GC(65) Humongous regions: 0->0
[2024-09-08T06:28:45.322+0800][info] GC(65) Metaspace: 686K(832K)->686K(832K) NonClass: 629K(704K)->629K(704K) Class: 56K(128K)->56K(128K)
[2024-09-08T06:28:45.322+0800][info] GC(65) Pause Young (Normal) (G1 Evacuation Pause) 95M->95M(128M) 1.437ms
[2024-09-08T06:28:45.322+0800][info] GC(65) User=0.01s Sys=0.00s Real=0.00s
[2024-09-08T06:28:45.324+0800][info] GC(66) Pause Young (Normal) (G1 Evacuation Pause)
[2024-09-08T06:28:45.324+0800][info] GC(66) Using 3 workers of 48 for evacuation
[2024-09-08T06:28:45.325+0800][info] GC(66)   Pre Evacuate Collection Set: 0.0ms
[2024-09-08T06:28:45.325+0800][info] GC(66)   Merge Heap Roots: 0.0ms
[2024-09-08T06:28:45.325+0800][info] GC(66)   Evacuate Collection Set: 0.9ms
[2024-09-08T06:28:45.325+0800][info] GC(66)   Post Evacuate Collection Set: 0.2ms
[2024-09-08T06:28:45.325+0800][info] GC(66)   Other: 0.1ms
[2024-09-08T06:28:45.325+0800][info] GC(66) Eden regions: 1->0(1)
[2024-09-08T06:28:45.325+0800][info] GC(66) Survivor regions: 1->1(1)
[2024-09-08T06:28:45.325+0800][info] GC(66) Old regions: 22->23
[2024-09-08T06:28:45.325+0800][info] GC(66) Archive regions: 2->2
[2024-09-08T06:28:45.325+0800][info] GC(66) Humongous regions: 0->0
[2024-09-08T06:28:45.325+0800][info] GC(66) Metaspace: 686K(832K)->686K(832K) NonClass: 629K(704K)->629K(704K) Class: 56K(128K)->56K(128K)
[2024-09-08T06:28:45.325+0800][info] GC(66) Pause Young (Normal) (G1 Evacuation Pause) 99M->99M(128M) 1.506ms
[2024-09-08T06:28:45.325+0800][info] GC(66) User=0.00s Sys=0.00s Real=0.01s
[2024-09-08T06:28:45.326+0800][info] GC(64) Concurrent Mark From Roots 6.605ms
[2024-09-08T06:28:45.326+0800][info] GC(64) Concurrent Preclean
[2024-09-08T06:28:45.326+0800][info] GC(67) Pause Young (Normal) (G1 Evacuation Pause)
[2024-09-08T06:28:45.326+0800][info] GC(67) Using 3 workers of 48 for evacuation
[2024-09-08T06:28:45.327+0800][info] GC(67)   Pre Evacuate Collection Set: 0.0ms
[2024-09-08T06:28:45.327+0800][info] GC(67)   Merge Heap Roots: 0.0ms
[2024-09-08T06:28:45.327+0800][info] GC(67)   Evacuate Collection Set: 1.0ms
[2024-09-08T06:28:45.327+0800][info] GC(67)   Post Evacuate Collection Set: 0.2ms
[2024-09-08T06:28:45.327+0800][info] GC(67)   Other: 0.1ms
[2024-09-08T06:28:45.327+0800][info] GC(67) Eden regions: 1->0(1)
[2024-09-08T06:28:45.327+0800][info] GC(67) Survivor regions: 1->1(1)
[2024-09-08T06:28:45.328+0800][info] GC(67) Old regions: 23->24
[2024-09-08T06:28:45.328+0800][info] GC(67) Archive regions: 2->2
[2024-09-08T06:28:45.328+0800][info] GC(67) Humongous regions: 0->0
[2024-09-08T06:28:45.328+0800][info] GC(67) Metaspace: 686K(832K)->686K(832K) NonClass: 629K(704K)->629K(704K) Class: 56K(128K)->56K(128K)
[2024-09-08T06:28:45.328+0800][info] GC(67) Pause Young (Normal) (G1 Evacuation Pause) 103M->103M(128M) 1.428ms
[2024-09-08T06:28:45.328+0800][info] GC(67) User=0.01s Sys=0.00s Real=0.00s
[2024-09-08T06:28:45.329+0800][info] GC(68) Pause Young (Normal) (G1 Preventive Collection)
[2024-09-08T06:28:45.329+0800][info] GC(68) Using 3 workers of 48 for evacuation
[2024-09-08T06:28:45.330+0800][info] GC(68)   Pre Evacuate Collection Set: 0.0ms
[2024-09-08T06:28:45.330+0800][info] GC(68)   Merge Heap Roots: 0.0ms
[2024-09-08T06:28:45.330+0800][info] GC(68)   Evacuate Collection Set: 1.0ms
[2024-09-08T06:28:45.330+0800][info] GC(68)   Post Evacuate Collection Set: 0.2ms
[2024-09-08T06:28:45.330+0800][info] GC(68)   Other: 0.1ms
[2024-09-08T06:28:45.330+0800][info] GC(68) Eden regions: 1->0(1)
[2024-09-08T06:28:45.330+0800][info] GC(68) Survivor regions: 1->1(1)
[2024-09-08T06:28:45.330+0800][info] GC(68) Old regions: 24->25
[2024-09-08T06:28:45.330+0800][info] GC(68) Archive regions: 2->2
[2024-09-08T06:28:45.330+0800][info] GC(68) Humongous regions: 0->0
[2024-09-08T06:28:45.330+0800][info] GC(68) Metaspace: 686K(832K)->686K(832K) NonClass: 629K(704K)->629K(704K) Class: 56K(128K)->56K(128K)
[2024-09-08T06:28:45.330+0800][info] GC(68) Pause Young (Normal) (G1 Preventive Collection) 107M->107M(128M) 1.461ms
[2024-09-08T06:28:45.330+0800][info] GC(68) User=0.00s Sys=0.00s Real=0.00s
[2024-09-08T06:28:45.330+0800][info] GC(64) Concurrent Preclean 4.762ms
[2024-09-08T06:28:45.331+0800][info] GC(64) Pause Remark
[2024-09-08T06:28:45.332+0800][info] GC(64) Pause Remark 109M->45M(128M) 1.156ms
[2024-09-08T06:28:45.332+0800][info] GC(64) User=0.00s Sys=0.00s Real=0.00s
[2024-09-08T06:28:45.332+0800][info] GC(64) Concurrent Mark 12.772ms
[2024-09-08T06:28:45.332+0800][info] GC(64) Concurrent Rebuild Remembered Sets
[2024-09-08T06:28:45.332+0800][info] GC(69) Pause Young (Normal) (G1 Evacuation Pause)
[2024-09-08T06:28:45.332+0800][info] GC(69) Using 3 workers of 48 for evacuation
[2024-09-08T06:28:45.334+0800][info] GC(69)   Pre Evacuate Collection Set: 0.0ms
[2024-09-08T06:28:45.334+0800][info] GC(69)   Merge Heap Roots: 0.0ms
[2024-09-08T06:28:45.334+0800][info] GC(69)   Evacuate Collection Set: 1.0ms
[2024-09-08T06:28:45.334+0800][info] GC(69)   Post Evacuate Collection Set: 0.2ms
[2024-09-08T06:28:45.334+0800][info] GC(69)   Other: 0.1ms
[2024-09-08T06:28:45.334+0800][info] GC(69) Eden regions: 1->0(5)
[2024-09-08T06:28:45.334+0800][info] GC(69) Survivor regions: 1->1(1)
[2024-09-08T06:28:45.334+0800][info] GC(69) Old regions: 9->10
[2024-09-08T06:28:45.334+0800][info] GC(69) Archive regions: 2->2
[2024-09-08T06:28:45.334+0800][info] GC(69) Humongous regions: 0->0
[2024-09-08T06:28:45.334+0800][info] GC(69) Metaspace: 686K(832K)->686K(832K) NonClass: 629K(704K)->629K(704K) Class: 56K(128K)->56K(128K)
[2024-09-08T06:28:45.334+0800][info] GC(69) Pause Young (Normal) (G1 Evacuation Pause) 47M->47M(128M) 1.486ms
[2024-09-08T06:28:45.334+0800][info] GC(69) User=0.00s Sys=0.00s Real=0.00s
[2024-09-08T06:28:45.337+0800][info] GC(64) Concurrent Rebuild Remembered Sets 5.231ms
[2024-09-08T06:28:45.337+0800][info] GC(64) Pause Cleanup
[2024-09-08T06:28:45.337+0800][info] GC(64) Pause Cleanup 60M->60M(128M) 0.216ms
[2024-09-08T06:28:45.337+0800][info] GC(64) User=0.00s Sys=0.00s Real=0.00s
[2024-09-08T06:28:45.337+0800][info] GC(64) Concurrent Cleanup for Next Mark
[2024-09-08T06:28:45.338+0800][info] GC(64) Concurrent Cleanup for Next Mark 0.439ms
[2024-09-08T06:28:45.338+0800][info] GC(64) Concurrent Mark Cycle 19.060ms
[2024-09-08T06:28:45.339+0800][info] GC(70) Pause Young (Prepare Mixed) (G1 Evacuation Pause)
[2024-09-08T06:28:45.339+0800][info] GC(70) Using 3 workers of 48 for evacuation
[2024-09-08T06:28:45.343+0800][info] GC(70)   Pre Evacuate Collection Set: 0.0ms
[2024-09-08T06:28:45.343+0800][info] GC(70)   Merge Heap Roots: 0.0ms
[2024-09-08T06:28:45.343+0800][info] GC(70)   Evacuate Collection Set: 3.0ms
[2024-09-08T06:28:45.343+0800][info] GC(70)   Post Evacuate Collection Set: 0.2ms
[2024-09-08T06:28:45.343+0800][info] GC(70)   Other: 0.1ms
[2024-09-08T06:28:45.343+0800][info] GC(70) Eden regions: 5->0(1)
[2024-09-08T06:28:45.343+0800][info] GC(70) Survivor regions: 1->1(1)
[2024-09-08T06:28:45.343+0800][info] GC(70) Old regions: 10->15
[2024-09-08T06:28:45.343+0800][info] GC(70) Archive regions: 2->2
[2024-09-08T06:28:45.343+0800][info] GC(70) Humongous regions: 0->0
[2024-09-08T06:28:45.343+0800][info] GC(70) Metaspace: 686K(832K)->686K(832K) NonClass: 629K(704K)->629K(704K) Class: 56K(128K)->56K(128K)
[2024-09-08T06:28:45.343+0800][info] GC(70) Pause Young (Prepare Mixed) (G1 Evacuation Pause) 67M->67M(128M) 3.506ms
[2024-09-08T06:28:45.343+0800][info] GC(70) User=0.01s Sys=0.00s Real=0.00s
[2024-09-08T06:28:45.344+0800][info] GC(71) Pause Young (Mixed) (G1 Evacuation Pause)
[2024-09-08T06:28:45.344+0800][info] GC(71) Using 3 workers of 48 for evacuation
[2024-09-08T06:28:45.346+0800][info] GC(71)   Pre Evacuate Collection Set: 0.0ms
[2024-09-08T06:28:45.346+0800][info] GC(71)   Merge Heap Roots: 0.0ms
[2024-09-08T06:28:45.346+0800][info] GC(71)   Evacuate Collection Set: 2.4ms
[2024-09-08T06:28:45.346+0800][info] GC(71)   Post Evacuate Collection Set: 0.2ms
[2024-09-08T06:28:45.347+0800][info] GC(71)   Other: 0.1ms
[2024-09-08T06:28:45.347+0800][info] GC(71) Eden regions: 1->0(4)
[2024-09-08T06:28:45.347+0800][info] GC(71) Survivor regions: 1->1(1)
[2024-09-08T06:28:45.347+0800][info] GC(71) Old regions: 15->13
[2024-09-08T06:28:45.347+0800][info] GC(71) Archive regions: 2->2
[2024-09-08T06:28:45.347+0800][info] GC(71) Humongous regions: 0->0
[2024-09-08T06:28:45.347+0800][info] GC(71) Metaspace: 686K(832K)->686K(832K) NonClass: 629K(704K)->629K(704K) Class: 56K(128K)->56K(128K)
[2024-09-08T06:28:45.347+0800][info] GC(71) Pause Young (Mixed) (G1 Evacuation Pause) 71M->56M(128M) 3.010ms
[2024-09-08T06:28:45.347+0800][info] GC(71) User=0.01s Sys=0.00s Real=0.01s
[2024-09-08T06:28:45.350+0800][info] GC(72) Pause Young (Concurrent Start) (G1 Evacuation Pause)
[2024-09-08T06:28:45.350+0800][info] GC(72) Using 3 workers of 48 for evacuation
[2024-09-08T06:28:45.353+0800][info] GC(72)   Pre Evacuate Collection Set: 0.0ms
[2024-09-08T06:28:45.353+0800][info] GC(72)   Merge Heap Roots: 0.0ms
[2024-09-08T06:28:45.353+0800][info] GC(72)   Evacuate Collection Set: 2.6ms
[2024-09-08T06:28:45.353+0800][info] GC(72)   Post Evacuate Collection Set: 0.2ms
[2024-09-08T06:28:45.353+0800][info] GC(72)   Other: 0.2ms
[2024-09-08T06:28:45.353+0800][info] GC(72) Eden regions: 4->0(3)
[2024-09-08T06:28:45.353+0800][info] GC(72) Survivor regions: 1->1(1)
[2024-09-08T06:28:45.353+0800][info] GC(72) Old regions: 13->17
[2024-09-08T06:28:45.353+0800][info] GC(72) Archive regions: 2->2
[2024-09-08T06:28:45.353+0800][info] GC(72) Humongous regions: 0->0
[2024-09-08T06:28:45.353+0800][info] GC(72) Metaspace: 686K(832K)->686K(832K) NonClass: 629K(704K)->629K(704K) Class: 56K(128K)->56K(128K)
[2024-09-08T06:28:45.353+0800][info] GC(72) Pause Young (Concurrent Start) (G1 Evacuation Pause) 72M->72M(128M) 3.312ms
[2024-09-08T06:28:45.353+0800][info] GC(72) User=0.01s Sys=0.00s Real=0.00s
[2024-09-08T06:28:45.353+0800][info] GC(73) Concurrent Mark Cycle
[2024-09-08T06:28:45.353+0800][info] GC(73) Concurrent Clear Claimed Marks
[2024-09-08T06:28:45.353+0800][info] GC(73) Concurrent Clear Claimed Marks 0.009ms
[2024-09-08T06:28:45.353+0800][info] GC(73) Concurrent Scan Root Regions
[2024-09-08T06:28:45.354+0800][info] GC(73) Concurrent Scan Root Regions 0.277ms
[2024-09-08T06:28:45.354+0800][info] GC(73) Concurrent Mark
[2024-09-08T06:28:45.354+0800][info] GC(73) Concurrent Mark From Roots
[2024-09-08T06:28:45.354+0800][info] GC(73) Using 12 workers of 12 for marking
[2024-09-08T06:28:45.357+0800][info] GC(74) Pause Young (Normal) (G1 Evacuation Pause)
[2024-09-08T06:28:45.357+0800][info] GC(74) Using 3 workers of 48 for evacuation
[2024-09-08T06:28:45.360+0800][info] GC(74)   Pre Evacuate Collection Set: 0.1ms
[2024-09-08T06:28:45.360+0800][info] GC(74)   Merge Heap Roots: 0.0ms
[2024-09-08T06:28:45.360+0800][info] GC(74)   Evacuate Collection Set: 2.1ms
[2024-09-08T06:28:45.360+0800][info] GC(74)   Post Evacuate Collection Set: 0.2ms
[2024-09-08T06:28:45.360+0800][info] GC(74)   Other: 0.1ms
[2024-09-08T06:28:45.360+0800][info] GC(74) Eden regions: 3->0(2)
[2024-09-08T06:28:45.360+0800][info] GC(74) Survivor regions: 1->1(1)
[2024-09-08T06:28:45.360+0800][info] GC(74) Old regions: 17->20
[2024-09-08T06:28:45.360+0800][info] GC(74) Archive regions: 2->2
[2024-09-08T06:28:45.360+0800][info] GC(74) Humongous regions: 0->0
[2024-09-08T06:28:45.360+0800][info] GC(74) Metaspace: 686K(832K)->686K(832K) NonClass: 629K(704K)->629K(704K) Class: 56K(128K)->56K(128K)
[2024-09-08T06:28:45.360+0800][info] GC(74) Pause Young (Normal) (G1 Evacuation Pause) 84M->84M(128M) 2.582ms
[2024-09-08T06:28:45.360+0800][info] GC(74) User=0.01s Sys=0.01s Real=0.00s
[2024-09-08T06:28:45.362+0800][info] GC(73) Concurrent Mark From Roots 8.329ms
[2024-09-08T06:28:45.362+0800][info] GC(73) Concurrent Preclean
[2024-09-08T06:28:45.363+0800][info] GC(73) Concurrent Preclean 0.655ms
[2024-09-08T06:28:45.363+0800][info] GC(73) Pause Remark
[2024-09-08T06:28:45.364+0800][info] GC(73) Pause Remark 88M->88M(128M) 1.136ms
[2024-09-08T06:28:45.364+0800][info] GC(73) User=0.01s Sys=0.00s Real=0.00s
[2024-09-08T06:28:45.364+0800][info] GC(73) Concurrent Mark 10.337ms
[2024-09-08T06:28:45.364+0800][info] GC(73) Concurrent Rebuild Remembered Sets
[2024-09-08T06:28:45.370+0800][info] GC(73) Concurrent Rebuild Remembered Sets 6.068ms
[2024-09-08T06:28:45.370+0800][info] GC(73) Pause Cleanup
[2024-09-08T06:28:45.370+0800][info] GC(73) Pause Cleanup 88M->88M(128M) 0.286ms
[2024-09-08T06:28:45.370+0800][info] GC(73) User=0.00s Sys=0.00s Real=0.00s
[2024-09-08T06:28:45.370+0800][info] GC(73) Concurrent Cleanup for Next Mark
[2024-09-08T06:28:45.371+0800][info] GC(73) Concurrent Cleanup for Next Mark 0.270ms
[2024-09-08T06:28:45.371+0800][info] GC(73) Concurrent Mark Cycle 17.388ms
[2024-09-08T06:28:46.366+0800][info] GC(75) Pause Young (Prepare Mixed) (G1 Evacuation Pause)
[2024-09-08T06:28:46.366+0800][info] GC(75) Using 3 workers of 48 for evacuation
[2024-09-08T06:28:46.368+0800][info] GC(75)   Pre Evacuate Collection Set: 0.0ms
[2024-09-08T06:28:46.368+0800][info] GC(75)   Merge Heap Roots: 0.0ms
[2024-09-08T06:28:46.368+0800][info] GC(75)   Evacuate Collection Set: 1.6ms
[2024-09-08T06:28:46.368+0800][info] GC(75)   Post Evacuate Collection Set: 0.2ms
[2024-09-08T06:28:46.368+0800][info] GC(75)   Other: 0.1ms
[2024-09-08T06:28:46.368+0800][info] GC(75) Eden regions: 2->0(1)
[2024-09-08T06:28:46.368+0800][info] GC(75) Survivor regions: 1->1(1)
[2024-09-08T06:28:46.368+0800][info] GC(75) Old regions: 20->22
[2024-09-08T06:28:46.368+0800][info] GC(75) Archive regions: 2->2
[2024-09-08T06:28:46.368+0800][info] GC(75) Humongous regions: 0->0
[2024-09-08T06:28:46.368+0800][info] GC(75) Metaspace: 695K(896K)->695K(896K) NonClass: 638K(768K)->638K(768K) Class: 56K(128K)->56K(128K)
[2024-09-08T06:28:46.368+0800][info] GC(75) Pause Young (Prepare Mixed) (G1 Evacuation Pause) 92M->92M(128M) 2.023ms
[2024-09-08T06:28:46.368+0800][info] GC(75) User=0.00s Sys=0.00s Real=0.00s
[2024-09-08T06:28:46.369+0800][info] GC(76) Pause Young (Mixed) (G1 Evacuation Pause)
[2024-09-08T06:28:46.369+0800][info] GC(76) Using 3 workers of 48 for evacuation
[2024-09-08T06:28:46.370+0800][info] GC(76)   Pre Evacuate Collection Set: 0.0ms
[2024-09-08T06:28:46.370+0800][info] GC(76)   Merge Heap Roots: 0.0ms
[2024-09-08T06:28:46.370+0800][info] GC(76)   Evacuate Collection Set: 1.3ms
[2024-09-08T06:28:46.370+0800][info] GC(76)   Post Evacuate Collection Set: 0.1ms
[2024-09-08T06:28:46.370+0800][info] GC(76)   Other: 0.1ms
[2024-09-08T06:28:46.370+0800][info] GC(76) Eden regions: 1->0(1)
[2024-09-08T06:28:46.370+0800][info] GC(76) Survivor regions: 1->1(1)
[2024-09-08T06:28:46.370+0800][info] GC(76) Old regions: 22->22
[2024-09-08T06:28:46.370+0800][info] GC(76) Archive regions: 2->2
[2024-09-08T06:28:46.370+0800][info] GC(76) Humongous regions: 0->0
[2024-09-08T06:28:46.370+0800][info] GC(76) Metaspace: 695K(896K)->695K(896K) NonClass: 638K(768K)->638K(768K) Class: 56K(128K)->56K(128K)
[2024-09-08T06:28:46.370+0800][info] GC(76) Pause Young (Mixed) (G1 Evacuation Pause) 96M->94M(128M) 1.628ms
[2024-09-08T06:28:46.370+0800][info] GC(76) User=0.01s Sys=0.00s Real=0.00s
[2024-09-08T06:28:46.371+0800][info] GC(77) Pause Young (Concurrent Start) (G1 Evacuation Pause)
[2024-09-08T06:28:46.371+0800][info] GC(77) Using 3 workers of 48 for evacuation
[2024-09-08T06:28:46.372+0800][info] GC(77)   Pre Evacuate Collection Set: 0.0ms
[2024-09-08T06:28:46.372+0800][info] GC(77)   Merge Heap Roots: 0.0ms
[2024-09-08T06:28:46.372+0800][info] GC(77)   Evacuate Collection Set: 1.0ms
[2024-09-08T06:28:46.372+0800][info] GC(77)   Post Evacuate Collection Set: 0.1ms
[2024-09-08T06:28:46.372+0800][info] GC(77)   Other: 0.1ms
[2024-09-08T06:28:46.372+0800][info] GC(77) Eden regions: 1->0(2)
[2024-09-08T06:28:46.372+0800][info] GC(77) Survivor regions: 1->1(1)
[2024-09-08T06:28:46.372+0800][info] GC(77) Old regions: 22->23
[2024-09-08T06:28:46.372+0800][info] GC(77) Archive regions: 2->2
[2024-09-08T06:28:46.372+0800][info] GC(77) Humongous regions: 0->0
[2024-09-08T06:28:46.372+0800][info] GC(77) Metaspace: 695K(896K)->695K(896K) NonClass: 638K(768K)->638K(768K) Class: 56K(128K)->56K(128K)
[2024-09-08T06:28:46.372+0800][info] GC(77) Pause Young (Concurrent Start) (G1 Evacuation Pause) 98M->98M(128M) 1.410ms
[2024-09-08T06:28:46.372+0800][info] GC(77) User=0.00s Sys=0.00s Real=0.00s
[2024-09-08T06:28:46.373+0800][info] GC(78) Concurrent Mark Cycle
[2024-09-08T06:28:46.373+0800][info] GC(78) Concurrent Clear Claimed Marks
[2024-09-08T06:28:46.373+0800][info] GC(78) Concurrent Clear Claimed Marks 0.038ms
[2024-09-08T06:28:46.373+0800][info] GC(78) Concurrent Scan Root Regions
[2024-09-08T06:28:46.373+0800][info] GC(78) Concurrent Scan Root Regions 0.110ms
[2024-09-08T06:28:46.373+0800][info] GC(78) Concurrent Mark
[2024-09-08T06:28:46.373+0800][info] GC(78) Concurrent Mark From Roots
[2024-09-08T06:28:46.373+0800][info] GC(78) Using 12 workers of 12 for marking
[2024-09-08T06:28:46.376+0800][info] GC(79) Pause Young (Normal) (G1 Preventive Collection)
[2024-09-08T06:28:46.376+0800][info] GC(79) Using 3 workers of 48 for evacuation
[2024-09-08T06:28:46.378+0800][info] GC(79)   Pre Evacuate Collection Set: 0.0ms
[2024-09-08T06:28:46.378+0800][info] GC(79)   Merge Heap Roots: 0.0ms
[2024-09-08T06:28:46.378+0800][info] GC(79)   Evacuate Collection Set: 1.6ms
[2024-09-08T06:28:46.378+0800][info] GC(79)   Post Evacuate Collection Set: 0.2ms
[2024-09-08T06:28:46.378+0800][info] GC(79)   Other: 0.1ms
[2024-09-08T06:28:46.378+0800][info] GC(79) Eden regions: 2->0(1)
[2024-09-08T06:28:46.378+0800][info] GC(79) Survivor regions: 1->1(1)
[2024-09-08T06:28:46.378+0800][info] GC(79) Old regions: 23->25
[2024-09-08T06:28:46.378+0800][info] GC(79) Archive regions: 2->2
[2024-09-08T06:28:46.378+0800][info] GC(79) Humongous regions: 0->0
[2024-09-08T06:28:46.378+0800][info] GC(79) Metaspace: 695K(896K)->695K(896K) NonClass: 638K(768K)->638K(768K) Class: 56K(128K)->56K(128K)
[2024-09-08T06:28:46.378+0800][info] GC(79) Pause Young (Normal) (G1 Preventive Collection) 106M->106M(128M) 2.077ms
[2024-09-08T06:28:46.378+0800][info] GC(79) User=0.00s Sys=0.00s Real=0.01s
[2024-09-08T06:28:46.378+0800][info] GC(78) Concurrent Mark From Roots 5.609ms
[2024-09-08T06:28:46.378+0800][info] GC(78) Concurrent Preclean
[2024-09-08T06:28:46.379+0800][info] GC(80) Pause Young (Normal) (G1 Preventive Collection)
[2024-09-08T06:28:46.379+0800][info] GC(80) Using 3 workers of 48 for evacuation
[2024-09-08T06:28:46.380+0800][info] GC(80)   Pre Evacuate Collection Set: 0.0ms
[2024-09-08T06:28:46.380+0800][info] GC(80)   Merge Heap Roots: 0.0ms
[2024-09-08T06:28:46.380+0800][info] GC(80)   Evacuate Collection Set: 0.9ms
[2024-09-08T06:28:46.380+0800][info] GC(80)   Post Evacuate Collection Set: 0.2ms
[2024-09-08T06:28:46.380+0800][info] GC(80)   Other: 0.1ms
[2024-09-08T06:28:46.380+0800][info] GC(80) Eden regions: 1->0(1)
[2024-09-08T06:28:46.380+0800][info] GC(80) Survivor regions: 1->1(1)
[2024-09-08T06:28:46.380+0800][info] GC(80) Old regions: 25->26
[2024-09-08T06:28:46.380+0800][info] GC(80) Archive regions: 2->2
[2024-09-08T06:28:46.380+0800][info] GC(80) Humongous regions: 0->0
[2024-09-08T06:28:46.380+0800][info] GC(80) Metaspace: 695K(896K)->695K(896K) NonClass: 638K(768K)->638K(768K) Class: 56K(128K)->56K(128K)
[2024-09-08T06:28:46.380+0800][info] GC(80) Pause Young (Normal) (G1 Preventive Collection) 110M->110M(128M) 1.387ms
[2024-09-08T06:28:46.380+0800][info] GC(80) User=0.00s Sys=0.00s Real=0.00s
[2024-09-08T06:28:46.381+0800][info] GC(81) Pause Young (Normal) (G1 Preventive Collection)
[2024-09-08T06:28:46.381+0800][info] GC(81) Using 3 workers of 48 for evacuation
[2024-09-08T06:28:46.383+0800][info] GC(81)   Pre Evacuate Collection Set: 0.0ms
[2024-09-08T06:28:46.383+0800][info] GC(81)   Merge Heap Roots: 0.0ms
[2024-09-08T06:28:46.383+0800][info] GC(81)   Evacuate Collection Set: 0.9ms
[2024-09-08T06:28:46.383+0800][info] GC(81)   Post Evacuate Collection Set: 0.2ms
[2024-09-08T06:28:46.383+0800][info] GC(81)   Other: 0.1ms
[2024-09-08T06:28:46.383+0800][info] GC(81) Eden regions: 1->0(1)
[2024-09-08T06:28:46.383+0800][info] GC(81) Survivor regions: 1->1(1)
[2024-09-08T06:28:46.383+0800][info] GC(81) Old regions: 26->27
[2024-09-08T06:28:46.383+0800][info] GC(81) Archive regions: 2->2
[2024-09-08T06:28:46.383+0800][info] GC(81) Humongous regions: 0->0
[2024-09-08T06:28:46.383+0800][info] GC(81) Metaspace: 695K(896K)->695K(896K) NonClass: 638K(768K)->638K(768K) Class: 56K(128K)->56K(128K)
[2024-09-08T06:28:46.383+0800][info] GC(81) Pause Young (Normal) (G1 Preventive Collection) 114M->114M(128M) 1.405ms
[2024-09-08T06:28:46.383+0800][info] GC(81) User=0.01s Sys=0.00s Real=0.00s
[2024-09-08T06:28:46.383+0800][info] GC(78) Concurrent Preclean 4.790ms
[2024-09-08T06:28:46.383+0800][info] GC(78) Pause Remark
[2024-09-08T06:28:46.385+0800][info] GC(78) Pause Remark 116M->48M(128M) 1.259ms
[2024-09-08T06:28:46.385+0800][info] GC(78) User=0.00s Sys=0.00s Real=0.00s
[2024-09-08T06:28:46.385+0800][info] GC(78) Concurrent Mark 11.954ms
[2024-09-08T06:28:46.385+0800][info] GC(78) Concurrent Rebuild Remembered Sets
[2024-09-08T06:28:46.385+0800][info] GC(82) Pause Young (Normal) (G1 Evacuation Pause)
[2024-09-08T06:28:46.385+0800][info] GC(82) Using 3 workers of 48 for evacuation
[2024-09-08T06:28:46.387+0800][info] GC(82)   Pre Evacuate Collection Set: 0.0ms
[2024-09-08T06:28:46.387+0800][info] GC(82)   Merge Heap Roots: 0.0ms
[2024-09-08T06:28:46.387+0800][info] GC(82)   Evacuate Collection Set: 0.9ms
[2024-09-08T06:28:46.387+0800][info] GC(82)   Post Evacuate Collection Set: 0.2ms
[2024-09-08T06:28:46.387+0800][info] GC(82)   Other: 0.1ms
[2024-09-08T06:28:46.387+0800][info] GC(82) Eden regions: 1->0(4)
[2024-09-08T06:28:46.387+0800][info] GC(82) Survivor regions: 1->1(1)
[2024-09-08T06:28:46.387+0800][info] GC(82) Old regions: 10->11
[2024-09-08T06:28:46.387+0800][info] GC(82) Archive regions: 2->2
[2024-09-08T06:28:46.387+0800][info] GC(82) Humongous regions: 0->0
[2024-09-08T06:28:46.387+0800][info] GC(82) Metaspace: 695K(896K)->695K(896K) NonClass: 638K(768K)->638K(768K) Class: 56K(128K)->56K(128K)
[2024-09-08T06:28:46.387+0800][info] GC(82) Pause Young (Normal) (G1 Evacuation Pause) 50M->50M(128M) 1.423ms
[2024-09-08T06:28:46.387+0800][info] GC(82) User=0.00s Sys=0.00s Real=0.00s
[2024-09-08T06:28:46.390+0800][info] GC(78) Concurrent Rebuild Remembered Sets 5.550ms
[2024-09-08T06:28:46.390+0800][info] GC(78) Pause Cleanup
[2024-09-08T06:28:46.391+0800][info] GC(78) Pause Cleanup 64M->64M(128M) 0.341ms
[2024-09-08T06:28:46.391+0800][info] GC(78) User=0.00s Sys=0.00s Real=0.00s
[2024-09-08T06:28:46.391+0800][info] GC(78) Concurrent Cleanup for Next Mark
[2024-09-08T06:28:46.391+0800][info] GC(78) Concurrent Cleanup for Next Mark 0.273ms
[2024-09-08T06:28:46.391+0800][info] GC(78) Concurrent Mark Cycle 18.657ms
[2024-09-08T06:28:46.391+0800][info] GC(83) Pause Young (Prepare Mixed) (G1 Evacuation Pause)
[2024-09-08T06:28:46.391+0800][info] GC(83) Using 3 workers of 48 for evacuation
[2024-09-08T06:28:46.394+0800][info] GC(83)   Pre Evacuate Collection Set: 0.0ms
[2024-09-08T06:28:46.394+0800][info] GC(83)   Merge Heap Roots: 0.0ms
[2024-09-08T06:28:46.394+0800][info] GC(83)   Evacuate Collection Set: 2.6ms
[2024-09-08T06:28:46.394+0800][info] GC(83)   Post Evacuate Collection Set: 0.2ms
[2024-09-08T06:28:46.394+0800][info] GC(83)   Other: 0.1ms
[2024-09-08T06:28:46.394+0800][info] GC(83) Eden regions: 4->0(1)
[2024-09-08T06:28:46.394+0800][info] GC(83) Survivor regions: 1->1(1)
[2024-09-08T06:28:46.394+0800][info] GC(83) Old regions: 11->15
[2024-09-08T06:28:46.394+0800][info] GC(83) Archive regions: 2->2
[2024-09-08T06:28:46.394+0800][info] GC(83) Humongous regions: 0->0
[2024-09-08T06:28:46.394+0800][info] GC(83) Metaspace: 695K(896K)->695K(896K) NonClass: 638K(768K)->638K(768K) Class: 56K(128K)->56K(128K)
[2024-09-08T06:28:46.395+0800][info] GC(83) Pause Young (Prepare Mixed) (G1 Evacuation Pause) 66M->66M(128M) 3.209ms
[2024-09-08T06:28:46.395+0800][info] GC(83) User=0.01s Sys=0.00s Real=0.00s
[2024-09-08T06:28:46.395+0800][info] GC(84) Pause Young (Mixed) (G1 Evacuation Pause)
[2024-09-08T06:28:46.395+0800][info] GC(84) Using 3 workers of 48 for evacuation
[2024-09-08T06:28:46.398+0800][info] GC(84)   Pre Evacuate Collection Set: 0.1ms
[2024-09-08T06:28:46.399+0800][info] GC(84)   Merge Heap Roots: 0.0ms
[2024-09-08T06:28:46.399+0800][info] GC(84)   Evacuate Collection Set: 2.8ms
[2024-09-08T06:28:46.399+0800][info] GC(84)   Post Evacuate Collection Set: 0.2ms
[2024-09-08T06:28:46.399+0800][info] GC(84)   Other: 0.1ms
[2024-09-08T06:28:46.399+0800][info] GC(84) Eden regions: 1->0(1)
[2024-09-08T06:28:46.399+0800][info] GC(84) Survivor regions: 1->1(1)
[2024-09-08T06:28:46.399+0800][info] GC(84) Old regions: 15->14
[2024-09-08T06:28:46.399+0800][info] GC(84) Archive regions: 2->2
[2024-09-08T06:28:46.399+0800][info] GC(84) Humongous regions: 0->0
[2024-09-08T06:28:46.399+0800][info] GC(84) Metaspace: 695K(896K)->695K(896K) NonClass: 638K(768K)->638K(768K) Class: 56K(128K)->56K(128K)
[2024-09-08T06:28:46.399+0800][info] GC(84) Pause Young (Mixed) (G1 Evacuation Pause) 70M->61M(128M) 3.413ms
[2024-09-08T06:28:46.399+0800][info] GC(84) User=0.01s Sys=0.00s Real=0.01s
[2024-09-08T06:28:46.399+0800][info] GC(85) Pause Young (Mixed) (G1 Evacuation Pause)
[2024-09-08T06:28:46.399+0800][info] GC(85) Using 3 workers of 48 for evacuation
[2024-09-08T06:28:46.401+0800][info] GC(85)   Pre Evacuate Collection Set: 0.0ms
[2024-09-08T06:28:46.401+0800][info] GC(85)   Merge Heap Roots: 0.1ms
[2024-09-08T06:28:46.402+0800][info] GC(85)   Evacuate Collection Set: 1.7ms
[2024-09-08T06:28:46.402+0800][info] GC(85)   Post Evacuate Collection Set: 0.2ms
[2024-09-08T06:28:46.402+0800][info] GC(85)   Other: 0.1ms
[2024-09-08T06:28:46.402+0800][info] GC(85) Eden regions: 1->0(4)
[2024-09-08T06:28:46.402+0800][info] GC(85) Survivor regions: 1->1(1)
[2024-09-08T06:28:46.402+0800][info] GC(85) Old regions: 14->14
[2024-09-08T06:28:46.402+0800][info] GC(85) Archive regions: 2->2
[2024-09-08T06:28:46.402+0800][info] GC(85) Humongous regions: 0->0
[2024-09-08T06:28:46.402+0800][info] GC(85) Metaspace: 695K(896K)->695K(896K) NonClass: 638K(768K)->638K(768K) Class: 56K(128K)->56K(128K)
[2024-09-08T06:28:46.402+0800][info] GC(85) Pause Young (Mixed) (G1 Evacuation Pause) 65M->61M(128M) 2.315ms
[2024-09-08T06:28:46.402+0800][info] GC(85) User=0.01s Sys=0.00s Real=0.00s
[2024-09-08T06:28:46.405+0800][info] GC(86) Pause Young (Normal) (G1 Evacuation Pause)
[2024-09-08T06:28:46.405+0800][info] GC(86) Using 3 workers of 48 for evacuation
[2024-09-08T06:28:46.408+0800][info] GC(86)   Pre Evacuate Collection Set: 0.0ms
[2024-09-08T06:28:46.408+0800][info] GC(86)   Merge Heap Roots: 0.0ms
[2024-09-08T06:28:46.408+0800][info] GC(86)   Evacuate Collection Set: 2.4ms
[2024-09-08T06:28:46.408+0800][info] GC(86)   Post Evacuate Collection Set: 0.2ms
[2024-09-08T06:28:46.408+0800][info] GC(86)   Other: 0.1ms
[2024-09-08T06:28:46.408+0800][info] GC(86) Eden regions: 4->0(2)
[2024-09-08T06:28:46.408+0800][info] GC(86) Survivor regions: 1->1(1)
[2024-09-08T06:28:46.408+0800][info] GC(86) Old regions: 14->18
[2024-09-08T06:28:46.408+0800][info] GC(86) Archive regions: 2->2
[2024-09-08T06:28:46.408+0800][info] GC(86) Humongous regions: 0->0
[2024-09-08T06:28:46.408+0800][info] GC(86) Metaspace: 695K(896K)->695K(896K) NonClass: 638K(768K)->638K(768K) Class: 56K(128K)->56K(128K)
[2024-09-08T06:28:46.408+0800][info] GC(86) Pause Young (Normal) (G1 Evacuation Pause) 77M->77M(128M) 2.980ms
[2024-09-08T06:28:46.408+0800][info] GC(86) User=0.01s Sys=0.00s Real=0.00s
[2024-09-08T06:28:46.410+0800][info] GC(87) Pause Young (Normal) (G1 Evacuation Pause)
[2024-09-08T06:28:46.410+0800][info] GC(87) Using 3 workers of 48 for evacuation
[2024-09-08T06:28:46.412+0800][info] GC(87)   Pre Evacuate Collection Set: 0.0ms
[2024-09-08T06:28:46.412+0800][info] GC(87)   Merge Heap Roots: 0.0ms
[2024-09-08T06:28:46.412+0800][info] GC(87)   Evacuate Collection Set: 1.5ms
[2024-09-08T06:28:46.412+0800][info] GC(87)   Post Evacuate Collection Set: 0.2ms
[2024-09-08T06:28:46.412+0800][info] GC(87)   Other: 0.1ms
[2024-09-08T06:28:46.412+0800][info] GC(87) Eden regions: 2->0(2)
[2024-09-08T06:28:46.412+0800][info] GC(87) Survivor regions: 1->1(1)
[2024-09-08T06:28:46.412+0800][info] GC(87) Old regions: 18->20
[2024-09-08T06:28:46.412+0800][info] GC(87) Archive regions: 2->2
[2024-09-08T06:28:46.412+0800][info] GC(87) Humongous regions: 0->0
[2024-09-08T06:28:46.412+0800][info] GC(87) Metaspace: 695K(896K)->695K(896K) NonClass: 638K(768K)->638K(768K) Class: 56K(128K)->56K(128K)
[2024-09-08T06:28:46.412+0800][info] GC(87) Pause Young (Normal) (G1 Evacuation Pause) 85M->85M(128M) 2.020ms
[2024-09-08T06:28:46.412+0800][info] GC(87) User=0.01s Sys=0.00s Real=0.00s
[2024-09-08T06:28:46.416+0800][info] GC(88) Pause Young (Normal) (G1 Evacuation Pause)
[2024-09-08T06:28:46.416+0800][info] GC(88) Using 3 workers of 48 for evacuation
[2024-09-08T06:28:46.417+0800][info] GC(88)   Pre Evacuate Collection Set: 0.0ms
[2024-09-08T06:28:46.417+0800][info] GC(88)   Merge Heap Roots: 0.0ms
[2024-09-08T06:28:46.417+0800][info] GC(88)   Evacuate Collection Set: 1.4ms
[2024-09-08T06:28:46.417+0800][info] GC(88)   Post Evacuate Collection Set: 0.2ms
[2024-09-08T06:28:46.417+0800][info] GC(88)   Other: 0.1ms
[2024-09-08T06:28:46.417+0800][info] GC(88) Eden regions: 2->0(1)
[2024-09-08T06:28:46.417+0800][info] GC(88) Survivor regions: 1->1(1)
[2024-09-08T06:28:46.417+0800][info] GC(88) Old regions: 20->22
[2024-09-08T06:28:46.417+0800][info] GC(88) Archive regions: 2->2
[2024-09-08T06:28:46.417+0800][info] GC(88) Humongous regions: 0->0
[2024-09-08T06:28:46.417+0800][info] GC(88) Metaspace: 712K(896K)->712K(896K) NonClass: 655K(768K)->655K(768K) Class: 56K(128K)->56K(128K)
[2024-09-08T06:28:46.417+0800][info] GC(88) Pause Young (Normal) (G1 Evacuation Pause) 93M->93M(128M) 1.943ms
[2024-09-08T06:28:46.417+0800][info] GC(88) User=0.00s Sys=0.00s Real=0.01s
[2024-09-08T06:28:46.418+0800][info] GC(89) Pause Young (Normal) (G1 Evacuation Pause)
[2024-09-08T06:28:46.418+0800][info] GC(89) Using 3 workers of 48 for evacuation
[2024-09-08T06:28:46.419+0800][info] GC(89)   Pre Evacuate Collection Set: 0.0ms
[2024-09-08T06:28:46.419+0800][info] GC(89)   Merge Heap Roots: 0.0ms
[2024-09-08T06:28:46.419+0800][info] GC(89)   Evacuate Collection Set: 0.9ms
[2024-09-08T06:28:46.419+0800][info] GC(89)   Post Evacuate Collection Set: 0.1ms
[2024-09-08T06:28:46.419+0800][info] GC(89)   Other: 0.1ms
[2024-09-08T06:28:46.419+0800][info] GC(89) Eden regions: 1->0(1)
[2024-09-08T06:28:46.419+0800][info] GC(89) Survivor regions: 1->1(1)
[2024-09-08T06:28:46.419+0800][info] GC(89) Old regions: 22->23
[2024-09-08T06:28:46.420+0800][info] GC(89) Archive regions: 2->2
[2024-09-08T06:28:46.420+0800][info] GC(89) Humongous regions: 0->0
[2024-09-08T06:28:46.420+0800][info] GC(89) Metaspace: 715K(896K)->715K(896K) NonClass: 658K(768K)->658K(768K) Class: 56K(128K)->56K(128K)
[2024-09-08T06:28:46.420+0800][info] GC(89) Pause Young (Normal) (G1 Evacuation Pause) 97M->97M(128M) 1.321ms
[2024-09-08T06:28:46.420+0800][info] GC(89) User=0.01s Sys=0.00s Real=0.00s
[2024-09-08T06:28:46.420+0800][info] GC(90) Pause Young (Normal) (G1 Evacuation Pause)
[2024-09-08T06:28:46.420+0800][info] GC(90) Using 3 workers of 48 for evacuation
[2024-09-08T06:28:46.421+0800][info] GC(90)   Pre Evacuate Collection Set: 0.0ms
[2024-09-08T06:28:46.421+0800][info] GC(90)   Merge Heap Roots: 0.0ms
[2024-09-08T06:28:46.421+0800][info] GC(90)   Evacuate Collection Set: 0.9ms
[2024-09-08T06:28:46.422+0800][info] GC(90)   Post Evacuate Collection Set: 0.1ms
[2024-09-08T06:28:46.422+0800][info] GC(90)   Other: 0.1ms
[2024-09-08T06:28:46.422+0800][info] GC(90) Eden regions: 1->0(1)
[2024-09-08T06:28:46.422+0800][info] GC(90) Survivor regions: 1->1(1)
[2024-09-08T06:28:46.422+0800][info] GC(90) Old regions: 23->24
[2024-09-08T06:28:46.422+0800][info] GC(90) Archive regions: 2->2
[2024-09-08T06:28:46.422+0800][info] GC(90) Humongous regions: 0->0
[2024-09-08T06:28:46.422+0800][info] GC(90) Metaspace: 719K(896K)->719K(896K) NonClass: 662K(768K)->662K(768K) Class: 56K(128K)->56K(128K)
[2024-09-08T06:28:46.422+0800][info] GC(90) Pause Young (Normal) (G1 Evacuation Pause) 101M->101M(128M) 1.332ms
[2024-09-08T06:28:46.422+0800][info] GC(90) User=0.00s Sys=0.00s Real=0.00s
[2024-09-08T06:28:46.422+0800][info] GC(91) Pause Young (Concurrent Start) (G1 Preventive Collection)
[2024-09-08T06:28:46.422+0800][info] GC(91) Using 3 workers of 48 for evacuation
[2024-09-08T06:28:46.424+0800][info] GC(91)   Pre Evacuate Collection Set: 0.0ms
[2024-09-08T06:28:46.424+0800][info] GC(91)   Merge Heap Roots: 0.0ms
[2024-09-08T06:28:46.424+0800][info] GC(91)   Evacuate Collection Set: 1.0ms
[2024-09-08T06:28:46.424+0800][info] GC(91)   Post Evacuate Collection Set: 0.1ms
[2024-09-08T06:28:46.424+0800][info] GC(91)   Other: 0.3ms
[2024-09-08T06:28:46.424+0800][info] GC(91) Eden regions: 1->0(2)
[2024-09-08T06:28:46.424+0800][info] GC(91) Survivor regions: 1->1(1)
[2024-09-08T06:28:46.424+0800][info] GC(91) Old regions: 24->25
[2024-09-08T06:28:46.424+0800][info] GC(91) Archive regions: 2->2
[2024-09-08T06:28:46.424+0800][info] GC(91) Humongous regions: 0->0
[2024-09-08T06:28:46.424+0800][info] GC(91) Metaspace: 719K(896K)->719K(896K) NonClass: 662K(768K)->662K(768K) Class: 56K(128K)->56K(128K)
[2024-09-08T06:28:46.424+0800][info] GC(91) Pause Young (Concurrent Start) (G1 Preventive Collection) 105M->105M(128M) 1.586ms
[2024-09-08T06:28:46.424+0800][info] GC(91) User=0.01s Sys=0.00s Real=0.00s
[2024-09-08T06:28:46.424+0800][info] GC(92) Concurrent Mark Cycle
[2024-09-08T06:28:46.424+0800][info] GC(92) Concurrent Clear Claimed Marks
[2024-09-08T06:28:46.424+0800][info] GC(92) Concurrent Clear Claimed Marks 0.023ms
[2024-09-08T06:28:46.424+0800][info] GC(92) Concurrent Scan Root Regions
[2024-09-08T06:28:46.424+0800][info] GC(92) Concurrent Scan Root Regions 0.115ms
[2024-09-08T06:28:46.424+0800][info] GC(92) Concurrent Mark
[2024-09-08T06:28:46.424+0800][info] GC(92) Concurrent Mark From Roots
[2024-09-08T06:28:46.424+0800][info] GC(92) Using 12 workers of 12 for marking
[2024-09-08T06:28:46.426+0800][info] GC(93) Pause Young (Normal) (G1 Preventive Collection)
[2024-09-08T06:28:46.426+0800][info] GC(93) Using 3 workers of 48 for evacuation
[2024-09-08T06:28:46.427+0800][info] GC(93)   Pre Evacuate Collection Set: 0.0ms
[2024-09-08T06:28:46.427+0800][info] GC(93)   Merge Heap Roots: 0.0ms
[2024-09-08T06:28:46.427+0800][info] GC(93)   Evacuate Collection Set: 0.9ms
[2024-09-08T06:28:46.427+0800][info] GC(93)   Post Evacuate Collection Set: 0.1ms
[2024-09-08T06:28:46.427+0800][info] GC(93)   Other: 0.1ms
[2024-09-08T06:28:46.427+0800][info] GC(93) Eden regions: 1->0(1)
[2024-09-08T06:28:46.427+0800][info] GC(93) Survivor regions: 1->1(1)
[2024-09-08T06:28:46.427+0800][info] GC(93) Old regions: 25->26
[2024-09-08T06:28:46.427+0800][info] GC(93) Archive regions: 2->2
[2024-09-08T06:28:46.427+0800][info] GC(93) Humongous regions: 0->0
[2024-09-08T06:28:46.427+0800][info] GC(93) Metaspace: 719K(896K)->719K(896K) NonClass: 662K(768K)->662K(768K) Class: 56K(128K)->56K(128K)
[2024-09-08T06:28:46.427+0800][info] GC(93) Pause Young (Normal) (G1 Preventive Collection) 109M->109M(128M) 1.391ms
[2024-09-08T06:28:46.427+0800][info] GC(93) User=0.00s Sys=0.00s Real=0.00s
[2024-09-08T06:28:46.429+0800][info] GC(94) Pause Young (Normal) (G1 Preventive Collection)
[2024-09-08T06:28:46.429+0800][info] GC(94) Using 3 workers of 48 for evacuation
[2024-09-08T06:28:46.431+0800][info] GC(94)   Pre Evacuate Collection Set: 0.0ms
[2024-09-08T06:28:46.431+0800][info] GC(94)   Merge Heap Roots: 0.0ms
[2024-09-08T06:28:46.431+0800][info] GC(94)   Evacuate Collection Set: 0.9ms
[2024-09-08T06:28:46.431+0800][info] GC(94)   Post Evacuate Collection Set: 0.1ms
[2024-09-08T06:28:46.431+0800][info] GC(94)   Other: 0.1ms
[2024-09-08T06:28:46.431+0800][info] GC(94) Eden regions: 1->0(1)
[2024-09-08T06:28:46.431+0800][info] GC(94) Survivor regions: 1->1(1)
[2024-09-08T06:28:46.431+0800][info] GC(94) Old regions: 26->27
[2024-09-08T06:28:46.431+0800][info] GC(94) Archive regions: 2->2
[2024-09-08T06:28:46.431+0800][info] GC(94) Humongous regions: 0->0
[2024-09-08T06:28:46.431+0800][info] GC(94) Metaspace: 719K(896K)->719K(896K) NonClass: 662K(768K)->662K(768K) Class: 56K(128K)->56K(128K)
[2024-09-08T06:28:46.431+0800][info] GC(94) Pause Young (Normal) (G1 Preventive Collection) 113M->113M(128M) 1.329ms
[2024-09-08T06:28:46.431+0800][info] GC(94) User=0.00s Sys=0.00s Real=0.00s
[2024-09-08T06:28:46.431+0800][info] GC(92) Concurrent Mark From Roots 7.196ms
[2024-09-08T06:28:46.431+0800][info] GC(92) Concurrent Preclean
[2024-09-08T06:28:46.432+0800][info] GC(95) Pause Young (Normal) (G1 Preventive Collection)
[2024-09-08T06:28:46.432+0800][info] GC(95) Using 3 workers of 48 for evacuation
[2024-09-08T06:28:46.433+0800][info] GC(95) To-space exhausted
[2024-09-08T06:28:46.433+0800][info] GC(95)   Pre Evacuate Collection Set: 0.0ms
[2024-09-08T06:28:46.433+0800][info] GC(95)   Merge Heap Roots: 0.0ms
[2024-09-08T06:28:46.433+0800][info] GC(95)   Evacuate Collection Set: 0.7ms
[2024-09-08T06:28:46.433+0800][info] GC(95)   Post Evacuate Collection Set: 0.2ms
[2024-09-08T06:28:46.433+0800][info] GC(95)   Other: 0.1ms
[2024-09-08T06:28:46.433+0800][info] GC(95) Eden regions: 1->0(1)
[2024-09-08T06:28:46.433+0800][info] GC(95) Survivor regions: 1->1(1)
[2024-09-08T06:28:46.433+0800][info] GC(95) Old regions: 27->28
[2024-09-08T06:28:46.433+0800][info] GC(95) Archive regions: 2->2
[2024-09-08T06:28:46.433+0800][info] GC(95) Humongous regions: 0->0
[2024-09-08T06:28:46.433+0800][info] GC(95) Metaspace: 719K(896K)->719K(896K) NonClass: 662K(768K)->662K(768K) Class: 56K(128K)->56K(128K)
[2024-09-08T06:28:46.433+0800][info] GC(95) Pause Young (Normal) (G1 Preventive Collection) 117M->119M(128M) 1.239ms
[2024-09-08T06:28:46.433+0800][info] GC(95) User=0.00s Sys=0.00s Real=0.00s
[2024-09-08T06:28:46.434+0800][info] GC(96) Pause Young (Normal) (G1 Evacuation Pause)
[2024-09-08T06:28:46.434+0800][info] GC(96) Using 3 workers of 48 for evacuation
[2024-09-08T06:28:46.434+0800][info] GC(96) To-space exhausted
[2024-09-08T06:28:46.434+0800][info] GC(96)   Pre Evacuate Collection Set: 0.0ms
[2024-09-08T06:28:46.434+0800][info] GC(96)   Merge Heap Roots: 0.0ms
[2024-09-08T06:28:46.435+0800][info] GC(96)   Evacuate Collection Set: 0.2ms
[2024-09-08T06:28:46.435+0800][info] GC(96)   Post Evacuate Collection Set: 0.2ms
[2024-09-08T06:28:46.435+0800][info] GC(96)   Other: 0.1ms
[2024-09-08T06:28:46.435+0800][info] GC(96) Eden regions: 1->0(1)
[2024-09-08T06:28:46.435+0800][info] GC(96) Survivor regions: 1->0(0)
[2024-09-08T06:28:46.435+0800][info] GC(96) Old regions: 28->30
[2024-09-08T06:28:46.435+0800][info] GC(96) Archive regions: 2->2
[2024-09-08T06:28:46.435+0800][info] GC(96) Humongous regions: 0->0
[2024-09-08T06:28:46.435+0800][info] GC(96) Metaspace: 719K(896K)->719K(896K) NonClass: 662K(768K)->662K(768K) Class: 56K(128K)->56K(128K)
[2024-09-08T06:28:46.435+0800][info] GC(96) Pause Young (Normal) (G1 Evacuation Pause) 123M->123M(128M) 0.673ms
[2024-09-08T06:28:46.435+0800][info] GC(96) User=0.00s Sys=0.00s Real=0.00s
[2024-09-08T06:28:46.435+0800][info] Attempting full compaction
[2024-09-08T06:28:46.435+0800][info] GC(97) Using 1 workers of 48 for full compaction
[2024-09-08T06:28:46.435+0800][info] GC(97) Pause Full (G1 Compaction Pause)
[2024-09-08T06:28:46.435+0800][info] GC(97) Phase 1: Mark live objects
[2024-09-08T06:28:46.441+0800][info] GC(97) Phase 1: Mark live objects 5.496ms
[2024-09-08T06:28:46.441+0800][info] GC(97) Phase 2: Prepare for compaction
[2024-09-08T06:28:46.442+0800][info] GC(97) Phase 2: Prepare for compaction 1.150ms
[2024-09-08T06:28:46.442+0800][info] GC(97) Phase 3: Adjust pointers
[2024-09-08T06:28:46.444+0800][info] GC(97) Phase 3: Adjust pointers 2.485ms
[2024-09-08T06:28:46.444+0800][info] GC(97) Phase 4: Compact heap
[2024-09-08T06:28:46.446+0800][info] GC(97) Phase 4: Compact heap 2.123ms
[2024-09-08T06:28:46.447+0800][info] GC(97) Eden regions: 0->0(5)
[2024-09-08T06:28:46.447+0800][info] GC(97) Survivor regions: 0->0(0)
[2024-09-08T06:28:46.447+0800][info] GC(97) Old regions: 30->10
[2024-09-08T06:28:46.447+0800][info] GC(97) Archive regions: 2->2
[2024-09-08T06:28:46.447+0800][info] GC(97) Humongous regions: 0->0
[2024-09-08T06:28:46.447+0800][info] GC(97) Metaspace: 719K(896K)->684K(896K) NonClass: 662K(768K)->636K(768K) Class: 56K(128K)->47K(128K)
[2024-09-08T06:28:46.447+0800][info] GC(97) Pause Full (G1 Compaction Pause) 123M->40M(128M) 12.528ms
[2024-09-08T06:28:46.447+0800][info] GC(97) User=0.01s Sys=0.00s Real=0.02s
[2024-09-08T06:28:46.447+0800][info] GC(92) Concurrent Preclean 16.038ms
[2024-09-08T06:28:46.447+0800][info] GC(92) Concurrent Mark Abort
[2024-09-08T06:28:46.447+0800][info] GC(92) Concurrent Mark Cycle 23.579ms
[2024-09-08T06:28:46.452+0800][info] GC(98) Pause Young (Normal) (G1 Evacuation Pause)
[2024-09-08T06:28:46.452+0800][info] GC(98) Using 3 workers of 48 for evacuation
[2024-09-08T06:28:46.455+0800][info] GC(98)   Pre Evacuate Collection Set: 0.0ms
[2024-09-08T06:28:46.455+0800][info] GC(98)   Merge Heap Roots: 0.0ms
[2024-09-08T06:28:46.455+0800][info] GC(98)   Evacuate Collection Set: 2.5ms
[2024-09-08T06:28:46.455+0800][info] GC(98)   Post Evacuate Collection Set: 0.2ms
[2024-09-08T06:28:46.455+0800][info] GC(98)   Other: 0.1ms
[2024-09-08T06:28:46.455+0800][info] GC(98) Eden regions: 5->0(4)
[2024-09-08T06:28:46.455+0800][info] GC(98) Survivor regions: 0->1(1)
[2024-09-08T06:28:46.455+0800][info] GC(98) Old regions: 10->14
[2024-09-08T06:28:46.455+0800][info] GC(98) Archive regions: 2->2
[2024-09-08T06:28:46.455+0800][info] GC(98) Humongous regions: 0->0
[2024-09-08T06:28:46.455+0800][info] GC(98) Metaspace: 684K(896K)->684K(896K) NonClass: 636K(768K)->636K(768K) Class: 47K(128K)->47K(128K)
[2024-09-08T06:28:46.455+0800][info] GC(98) Pause Young (Normal) (G1 Evacuation Pause) 60M->60M(128M) 3.002ms
[2024-09-08T06:28:46.455+0800][info] GC(98) User=0.00s Sys=0.00s Real=0.00s
[2024-09-08T06:28:46.459+0800][info] GC(99) Pause Young (Concurrent Start) (G1 Evacuation Pause)
[2024-09-08T06:28:46.459+0800][info] GC(99) Using 3 workers of 48 for evacuation
[2024-09-08T06:28:46.462+0800][info] GC(99)   Pre Evacuate Collection Set: 0.0ms
[2024-09-08T06:28:46.462+0800][info] GC(99)   Merge Heap Roots: 0.1ms
[2024-09-08T06:28:46.462+0800][info] GC(99)   Evacuate Collection Set: 2.6ms
[2024-09-08T06:28:46.462+0800][info] GC(99)   Post Evacuate Collection Set: 0.2ms
[2024-09-08T06:28:46.462+0800][info] GC(99)   Other: 0.3ms
[2024-09-08T06:28:46.462+0800][info] GC(99) Eden regions: 4->0(2)
[2024-09-08T06:28:46.462+0800][info] GC(99) Survivor regions: 1->1(1)
[2024-09-08T06:28:46.462+0800][info] GC(99) Old regions: 14->18
[2024-09-08T06:28:46.462+0800][info] GC(99) Archive regions: 2->2
[2024-09-08T06:28:46.462+0800][info] GC(99) Humongous regions: 0->0
[2024-09-08T06:28:46.462+0800][info] GC(99) Metaspace: 684K(896K)->684K(896K) NonClass: 636K(768K)->636K(768K) Class: 47K(128K)->47K(128K)
[2024-09-08T06:28:46.462+0800][info] GC(99) Pause Young (Concurrent Start) (G1 Evacuation Pause) 76M->76M(128M) 3.362ms
[2024-09-08T06:28:46.462+0800][info] GC(99) User=0.01s Sys=0.00s Real=0.00s
[2024-09-08T06:28:46.462+0800][info] GC(100) Concurrent Mark Cycle
[2024-09-08T06:28:46.462+0800][info] GC(100) Concurrent Clear Claimed Marks
[2024-09-08T06:28:46.462+0800][info] GC(100) Concurrent Clear Claimed Marks 0.015ms
[2024-09-08T06:28:46.462+0800][info] GC(100) Concurrent Scan Root Regions
[2024-09-08T06:28:46.462+0800][info] GC(100) Concurrent Scan Root Regions 0.338ms
[2024-09-08T06:28:46.462+0800][info] GC(100) Concurrent Mark
[2024-09-08T06:28:46.462+0800][info] GC(100) Concurrent Mark From Roots
[2024-09-08T06:28:46.462+0800][info] GC(100) Using 12 workers of 12 for marking
[2024-09-08T06:28:46.465+0800][info] GC(101) Pause Young (Normal) (G1 Evacuation Pause)
[2024-09-08T06:28:46.465+0800][info] GC(101) Using 3 workers of 48 for evacuation
[2024-09-08T06:28:46.467+0800][info] GC(101)   Pre Evacuate Collection Set: 0.0ms
[2024-09-08T06:28:46.467+0800][info] GC(101)   Merge Heap Roots: 0.0ms
[2024-09-08T06:28:46.467+0800][info] GC(101)   Evacuate Collection Set: 1.6ms
[2024-09-08T06:28:46.467+0800][info] GC(101)   Post Evacuate Collection Set: 0.2ms
[2024-09-08T06:28:46.467+0800][info] GC(101)   Other: 0.1ms
[2024-09-08T06:28:46.467+0800][info] GC(101) Eden regions: 2->0(2)
[2024-09-08T06:28:46.467+0800][info] GC(101) Survivor regions: 1->1(1)
[2024-09-08T06:28:46.467+0800][info] GC(101) Old regions: 18->20
[2024-09-08T06:28:46.467+0800][info] GC(101) Archive regions: 2->2
[2024-09-08T06:28:46.467+0800][info] GC(101) Humongous regions: 0->0
[2024-09-08T06:28:46.467+0800][info] GC(101) Metaspace: 684K(896K)->684K(896K) NonClass: 636K(768K)->636K(768K) Class: 47K(128K)->47K(128K)
[2024-09-08T06:28:46.467+0800][info] GC(101) Pause Young (Normal) (G1 Evacuation Pause) 84M->84M(128M) 2.101ms
[2024-09-08T06:28:46.467+0800][info] GC(101) User=0.01s Sys=0.00s Real=0.00s
[2024-09-08T06:28:46.468+0800][info] GC(100) Concurrent Mark From Roots 5.510ms
[2024-09-08T06:28:46.468+0800][info] GC(100) Concurrent Preclean
[2024-09-08T06:28:46.470+0800][info] GC(100) Concurrent Preclean 1.722ms
[2024-09-08T06:28:46.470+0800][info] GC(100) Pause Remark
[2024-09-08T06:28:46.471+0800][info] GC(100) Pause Remark 85M->85M(128M) 1.082ms
[2024-09-08T06:28:46.471+0800][info] GC(100) User=0.00s Sys=0.00s Real=0.00s
[2024-09-08T06:28:46.471+0800][info] GC(100) Concurrent Mark 8.518ms
[2024-09-08T06:28:46.471+0800][info] GC(100) Concurrent Rebuild Remembered Sets
[2024-09-08T06:28:46.476+0800][info] GC(100) Concurrent Rebuild Remembered Sets 5.473ms
[2024-09-08T06:28:46.476+0800][info] GC(100) Pause Cleanup
[2024-09-08T06:28:46.477+0800][info] GC(100) Pause Cleanup 85M->85M(128M) 0.513ms
[2024-09-08T06:28:46.477+0800][info] GC(100) User=0.00s Sys=0.00s Real=0.01s
[2024-09-08T06:28:46.477+0800][info] GC(100) Concurrent Cleanup for Next Mark
[2024-09-08T06:28:46.477+0800][info] GC(100) Concurrent Cleanup for Next Mark 0.250ms
[2024-09-08T06:28:46.477+0800][info] GC(100) Concurrent Mark Cycle 15.388ms
[2024-09-08T06:28:47.469+0800][info] GC(102) Pause Young (Prepare Mixed) (G1 Humongous Allocation)
[2024-09-08T06:28:47.469+0800][info] GC(102) Using 3 workers of 48 for evacuation
[2024-09-08T06:28:47.470+0800][info] GC(102)   Pre Evacuate Collection Set: 0.0ms
[2024-09-08T06:28:47.470+0800][info] GC(102)   Merge Heap Roots: 0.0ms
[2024-09-08T06:28:47.470+0800][info] GC(102)   Evacuate Collection Set: 0.8ms
[2024-09-08T06:28:47.470+0800][info] GC(102)   Post Evacuate Collection Set: 0.2ms
[2024-09-08T06:28:47.470+0800][info] GC(102)   Other: 0.2ms
[2024-09-08T06:28:47.470+0800][info] GC(102) Eden regions: 1->0(1)
[2024-09-08T06:28:47.470+0800][info] GC(102) Survivor regions: 1->1(1)
[2024-09-08T06:28:47.470+0800][info] GC(102) Old regions: 20->22
[2024-09-08T06:28:47.470+0800][info] GC(102) Archive regions: 2->2
[2024-09-08T06:28:47.470+0800][info] GC(102) Humongous regions: 0->0
[2024-09-08T06:28:47.470+0800][info] GC(102) Metaspace: 684K(896K)->684K(896K) NonClass: 636K(768K)->636K(768K) Class: 47K(128K)->47K(128K)
[2024-09-08T06:28:47.470+0800][info] GC(102) Pause Young (Prepare Mixed) (G1 Humongous Allocation) 85M->85M(128M) 1.427ms
[2024-09-08T06:28:47.470+0800][info] GC(102) User=0.00s Sys=0.01s Real=0.00s
[2024-09-08T06:28:47.470+0800][info] Attempting full compaction
[2024-09-08T06:28:47.470+0800][info] GC(103) Using 1 workers of 48 for full compaction
[2024-09-08T06:28:47.470+0800][info] GC(103) Pause Full (G1 Compaction Pause)
[2024-09-08T06:28:47.470+0800][info] GC(103) Phase 1: Mark live objects
[2024-09-08T06:28:47.474+0800][info] GC(103) Phase 1: Mark live objects 4.077ms
[2024-09-08T06:28:47.474+0800][info] GC(103) Phase 2: Prepare for compaction
[2024-09-08T06:28:47.475+0800][info] GC(103) Phase 2: Prepare for compaction 1.005ms
[2024-09-08T06:28:47.475+0800][info] GC(103) Phase 3: Adjust pointers
[2024-09-08T06:28:47.478+0800][info] GC(103) Phase 3: Adjust pointers 2.358ms
[2024-09-08T06:28:47.478+0800][info] GC(103) Phase 4: Compact heap
[2024-09-08T06:28:47.479+0800][info] GC(103) Phase 4: Compact heap 0.736ms
[2024-09-08T06:28:47.479+0800][info] GC(103) Eden regions: 0->0(8)
[2024-09-08T06:28:47.479+0800][info] GC(103) Survivor regions: 1->0(1)
[2024-09-08T06:28:47.479+0800][info] GC(103) Old regions: 22->1
[2024-09-08T06:28:47.479+0800][info] GC(103) Archive regions: 2->2
[2024-09-08T06:28:47.479+0800][info] GC(103) Humongous regions: 0->0
[2024-09-08T06:28:47.479+0800][info] GC(103) Metaspace: 684K(896K)->684K(896K) NonClass: 636K(768K)->636K(768K) Class: 47K(128K)->47K(128K)
[2024-09-08T06:28:47.479+0800][info] GC(103) Pause Full (G1 Compaction Pause) 85M->4M(128M) 9.128ms
[2024-09-08T06:28:47.479+0800][info] GC(103) User=0.01s Sys=0.00s Real=0.01s
[2024-09-08T06:28:47.489+0800][info] GC(104) Pause Young (Concurrent Start) (G1 Humongous Allocation)
[2024-09-08T06:28:47.489+0800][info] GC(104) Using 3 workers of 48 for evacuation
[2024-09-08T06:28:47.490+0800][info] GC(104)   Pre Evacuate Collection Set: 0.1ms
[2024-09-08T06:28:47.490+0800][info] GC(104)   Merge Heap Roots: 0.0ms
[2024-09-08T06:28:47.490+0800][info] GC(104)   Evacuate Collection Set: 0.2ms
[2024-09-08T06:28:47.490+0800][info] GC(104)   Post Evacuate Collection Set: 0.2ms
[2024-09-08T06:28:47.490+0800][info] GC(104)   Other: 0.3ms
[2024-09-08T06:28:47.490+0800][info] GC(104) Eden regions: 1->0(10)
[2024-09-08T06:28:47.490+0800][info] GC(104) Survivor regions: 0->0(1)
[2024-09-08T06:28:47.490+0800][info] GC(104) Old regions: 1->1
[2024-09-08T06:28:47.490+0800][info] GC(104) Archive regions: 2->2
[2024-09-08T06:28:47.490+0800][info] GC(104) Humongous regions: 11->0
[2024-09-08T06:28:47.490+0800][info] GC(104) Metaspace: 684K(896K)->684K(896K) NonClass: 636K(768K)->636K(768K) Class: 47K(128K)->47K(128K)
[2024-09-08T06:28:47.490+0800][info] GC(104) Pause Young (Concurrent Start) (G1 Humongous Allocation) 49M->4M(128M) 0.956ms
[2024-09-08T06:28:47.490+0800][info] GC(104) User=0.00s Sys=0.00s Real=0.00s
[2024-09-08T06:28:47.490+0800][info] GC(105) Concurrent Mark Cycle
[2024-09-08T06:28:47.490+0800][info] GC(105) Concurrent Clear Claimed Marks
[2024-09-08T06:28:47.490+0800][info] GC(105) Concurrent Clear Claimed Marks 0.017ms
[2024-09-08T06:28:47.490+0800][info] GC(105) Concurrent Scan Root Regions
[2024-09-08T06:28:47.490+0800][info] GC(105) Concurrent Scan Root Regions 0.011ms
[2024-09-08T06:28:47.490+0800][info] GC(105) Concurrent Mark
[2024-09-08T06:28:47.490+0800][info] GC(105) Concurrent Mark From Roots
[2024-09-08T06:28:47.490+0800][info] GC(105) Using 12 workers of 12 for marking
[2024-09-08T06:28:47.494+0800][info] GC(105) Concurrent Mark From Roots 3.664ms
[2024-09-08T06:28:47.494+0800][info] GC(105) Concurrent Preclean
[2024-09-08T06:28:47.496+0800][info] GC(105) Concurrent Preclean 1.676ms
[2024-09-08T06:28:47.501+0800][info] GC(105) Pause Remark
[2024-09-08T06:28:47.502+0800][info] GC(105) Pause Remark 48M->48M(128M) 1.027ms
[2024-09-08T06:28:47.502+0800][info] GC(105) User=0.00s Sys=0.00s Real=0.00s
[2024-09-08T06:28:47.502+0800][info] GC(105) Concurrent Mark 11.817ms
[2024-09-08T06:28:47.502+0800][info] GC(105) Concurrent Rebuild Remembered Sets
[2024-09-08T06:28:47.506+0800][info] GC(105) Concurrent Rebuild Remembered Sets 4.002ms
[2024-09-08T06:28:47.513+0800][info] GC(105) Pause Cleanup
[2024-09-08T06:28:47.513+0800][info] GC(105) Pause Cleanup 93M->93M(128M) 0.417ms
[2024-09-08T06:28:47.513+0800][info] GC(105) User=0.00s Sys=0.00s Real=0.00s
[2024-09-08T06:28:47.513+0800][info] GC(105) Concurrent Cleanup for Next Mark
[2024-09-08T06:28:47.513+0800][info] GC(106) Pause Young (Prepare Mixed) (G1 Humongous Allocation)
[2024-09-08T06:28:47.513+0800][info] GC(106) Using 3 workers of 48 for evacuation
[2024-09-08T06:28:47.514+0800][info] GC(106)   Pre Evacuate Collection Set: 0.0ms
[2024-09-08T06:28:47.514+0800][info] GC(106)   Merge Heap Roots: 0.0ms
[2024-09-08T06:28:47.514+0800][info] GC(106)   Evacuate Collection Set: 0.1ms
[2024-09-08T06:28:47.514+0800][info] GC(106)   Post Evacuate Collection Set: 0.2ms
[2024-09-08T06:28:47.514+0800][info] GC(106)   Other: 0.2ms
[2024-09-08T06:28:47.514+0800][info] GC(106) Eden regions: 1->0(1)
[2024-09-08T06:28:47.514+0800][info] GC(106) Survivor regions: 0->0(2)
[2024-09-08T06:28:47.514+0800][info] GC(106) Old regions: 1->1
[2024-09-08T06:28:47.514+0800][info] GC(106) Archive regions: 2->2
[2024-09-08T06:28:47.514+0800][info] GC(106) Humongous regions: 22->0
[2024-09-08T06:28:47.514+0800][info] GC(106) Metaspace: 684K(896K)->684K(896K) NonClass: 636K(768K)->636K(768K) Class: 47K(128K)->47K(128K)
[2024-09-08T06:28:47.514+0800][info] GC(106) Pause Young (Prepare Mixed) (G1 Humongous Allocation) 93M->4M(128M) 0.778ms
[2024-09-08T06:28:47.514+0800][info] GC(106) User=0.00s Sys=0.00s Real=0.00s
[2024-09-08T06:28:47.514+0800][info] GC(105) Concurrent Cleanup for Next Mark 1.186ms
[2024-09-08T06:28:47.514+0800][info] GC(105) Concurrent Mark Cycle 24.124ms
[2024-09-08T06:28:47.533+0800][info] GC(107) Pause Young (Mixed) (G1 Humongous Allocation)
[2024-09-08T06:28:47.533+0800][info] GC(107) Using 3 workers of 48 for evacuation
[2024-09-08T06:28:47.535+0800][info] GC(107)   Pre Evacuate Collection Set: 0.1ms
[2024-09-08T06:28:47.535+0800][info] GC(107)   Merge Heap Roots: 0.0ms
[2024-09-08T06:28:47.535+0800][info] GC(107)   Evacuate Collection Set: 1.4ms
[2024-09-08T06:28:47.535+0800][info] GC(107)   Post Evacuate Collection Set: 0.3ms
[2024-09-08T06:28:47.535+0800][info] GC(107)   Other: 0.2ms
[2024-09-08T06:28:47.535+0800][info] GC(107) Eden regions: 1->0(11)
[2024-09-08T06:28:47.535+0800][info] GC(107) Survivor regions: 0->0(1)
[2024-09-08T06:28:47.535+0800][info] GC(107) Old regions: 1->1
[2024-09-08T06:28:47.535+0800][info] GC(107) Archive regions: 2->2
[2024-09-08T06:28:47.535+0800][info] GC(107) Humongous regions: 22->0
[2024-09-08T06:28:47.535+0800][info] GC(107) Metaspace: 684K(896K)->684K(896K) NonClass: 636K(768K)->636K(768K) Class: 47K(128K)->47K(128K)
[2024-09-08T06:28:47.535+0800][info] GC(107) Pause Young (Mixed) (G1 Humongous Allocation) 93M->4M(128M) 2.146ms
[2024-09-08T06:28:47.535+0800][info] GC(107) User=0.01s Sys=0.00s Real=0.00s
[2024-09-08T06:28:47.545+0800][info] GC(108) Pause Young (Concurrent Start) (G1 Humongous Allocation)
[2024-09-08T06:28:47.545+0800][info] GC(108) Using 3 workers of 48 for evacuation
[2024-09-08T06:28:47.546+0800][info] GC(108)   Pre Evacuate Collection Set: 0.1ms
[2024-09-08T06:28:47.546+0800][info] GC(108)   Merge Heap Roots: 0.0ms
[2024-09-08T06:28:47.546+0800][info] GC(108)   Evacuate Collection Set: 0.2ms
[2024-09-08T06:28:47.546+0800][info] GC(108)   Post Evacuate Collection Set: 0.2ms
[2024-09-08T06:28:47.546+0800][info] GC(108)   Other: 0.3ms
[2024-09-08T06:28:47.546+0800][info] GC(108) Eden regions: 1->0(13)
[2024-09-08T06:28:47.546+0800][info] GC(108) Survivor regions: 0->0(2)
[2024-09-08T06:28:47.546+0800][info] GC(108) Old regions: 1->1
[2024-09-08T06:28:47.546+0800][info] GC(108) Archive regions: 2->2
[2024-09-08T06:28:47.546+0800][info] GC(108) Humongous regions: 11->0
[2024-09-08T06:28:47.546+0800][info] GC(108) Metaspace: 684K(896K)->684K(896K) NonClass: 636K(768K)->636K(768K) Class: 47K(128K)->47K(128K)
[2024-09-08T06:28:47.546+0800][info] GC(108) Pause Young (Concurrent Start) (G1 Humongous Allocation) 49M->4M(128M) 0.878ms
[2024-09-08T06:28:47.546+0800][info] GC(108) User=0.00s Sys=0.00s Real=0.00s
[2024-09-08T06:28:47.546+0800][info] GC(109) Concurrent Mark Cycle
[2024-09-08T06:28:47.546+0800][info] GC(109) Concurrent Clear Claimed Marks
[2024-09-08T06:28:47.546+0800][info] GC(109) Concurrent Clear Claimed Marks 0.022ms
[2024-09-08T06:28:47.546+0800][info] GC(109) Concurrent Scan Root Regions
[2024-09-08T06:28:47.546+0800][info] GC(109) Concurrent Scan Root Regions 0.017ms
[2024-09-08T06:28:47.546+0800][info] GC(109) Concurrent Mark
[2024-09-08T06:28:47.546+0800][info] GC(109) Concurrent Mark From Roots
[2024-09-08T06:28:47.547+0800][info] GC(109) Using 12 workers of 12 for marking
[2024-09-08T06:28:47.549+0800][info] GC(109) Concurrent Mark From Roots 2.976ms
[2024-09-08T06:28:47.550+0800][info] GC(109) Concurrent Preclean
[2024-09-08T06:28:47.551+0800][info] GC(109) Concurrent Preclean 1.692ms
[2024-09-08T06:28:47.557+0800][info] GC(109) Pause Remark
[2024-09-08T06:28:47.558+0800][info] GC(109) Pause Remark 48M->48M(128M) 1.086ms
[2024-09-08T06:28:47.558+0800][info] GC(109) User=0.01s Sys=0.00s Real=0.01s
[2024-09-08T06:28:47.558+0800][info] GC(109) Concurrent Mark 11.228ms
[2024-09-08T06:28:47.558+0800][info] GC(109) Concurrent Rebuild Remembered Sets
[2024-09-08T06:28:47.562+0800][info] GC(109) Concurrent Rebuild Remembered Sets 4.496ms
[2024-09-08T06:28:47.568+0800][info] GC(109) Pause Cleanup
[2024-09-08T06:28:47.569+0800][info] GC(109) Pause Cleanup 93M->93M(128M) 1.165ms
[2024-09-08T06:28:47.569+0800][info] GC(109) User=0.00s Sys=0.00s Real=0.00s
[2024-09-08T06:28:47.569+0800][info] GC(109) Concurrent Cleanup for Next Mark
[2024-09-08T06:28:47.569+0800][info] GC(110) Pause Young (Normal) (G1 Humongous Allocation)
[2024-09-08T06:28:47.569+0800][info] GC(110) Using 3 workers of 48 for evacuation
[2024-09-08T06:28:47.570+0800][info] GC(110)   Pre Evacuate Collection Set: 0.0ms
[2024-09-08T06:28:47.570+0800][info] GC(110)   Merge Heap Roots: 0.0ms
[2024-09-08T06:28:47.570+0800][info] GC(110)   Evacuate Collection Set: 0.1ms
[2024-09-08T06:28:47.570+0800][info] GC(110)   Post Evacuate Collection Set: 0.2ms
[2024-09-08T06:28:47.570+0800][info] GC(110)   Other: 0.1ms
[2024-09-08T06:28:47.570+0800][info] GC(110) Eden regions: 1->0(15)
[2024-09-08T06:28:47.570+0800][info] GC(110) Survivor regions: 0->0(2)
[2024-09-08T06:28:47.570+0800][info] GC(110) Old regions: 1->1
[2024-09-08T06:28:47.570+0800][info] GC(110) Archive regions: 2->2
[2024-09-08T06:28:47.570+0800][info] GC(110) Humongous regions: 22->0
[2024-09-08T06:28:47.570+0800][info] GC(110) Metaspace: 684K(896K)->684K(896K) NonClass: 636K(768K)->636K(768K) Class: 47K(128K)->47K(128K)
[2024-09-08T06:28:47.570+0800][info] GC(110) Pause Young (Normal) (G1 Humongous Allocation) 93M->4M(128M) 0.689ms
[2024-09-08T06:28:47.570+0800][info] GC(110) User=0.00s Sys=0.00s Real=0.00s
[2024-09-08T06:28:47.570+0800][info] GC(109) Concurrent Cleanup for Next Mark 1.060ms
[2024-09-08T06:28:47.570+0800][info] GC(109) Concurrent Mark Cycle 23.635ms
[2024-09-08T06:28:47.580+0800][info] GC(111) Pause Young (Concurrent Start) (G1 Humongous Allocation)
[2024-09-08T06:28:47.580+0800][info] GC(111) Using 3 workers of 48 for evacuation
[2024-09-08T06:28:47.580+0800][info] GC(111)   Pre Evacuate Collection Set: 0.1ms
[2024-09-08T06:28:47.580+0800][info] GC(111)   Merge Heap Roots: 0.0ms
[2024-09-08T06:28:47.580+0800][info] GC(111)   Evacuate Collection Set: 0.3ms
[2024-09-08T06:28:47.580+0800][info] GC(111)   Post Evacuate Collection Set: 0.2ms
[2024-09-08T06:28:47.580+0800][info] GC(111)   Other: 0.3ms
[2024-09-08T06:28:47.581+0800][info] GC(111) Eden regions: 1->0(17)
[2024-09-08T06:28:47.581+0800][info] GC(111) Survivor regions: 0->0(2)
[2024-09-08T06:28:47.581+0800][info] GC(111) Old regions: 1->1
[2024-09-08T06:28:47.581+0800][info] GC(111) Archive regions: 2->2
[2024-09-08T06:28:47.581+0800][info] GC(111) Humongous regions: 11->0
[2024-09-08T06:28:47.581+0800][info] GC(111) Metaspace: 684K(896K)->684K(896K) NonClass: 636K(768K)->636K(768K) Class: 47K(128K)->47K(128K)
[2024-09-08T06:28:47.581+0800][info] GC(111) Pause Young (Concurrent Start) (G1 Humongous Allocation) 50M->4M(128M) 1.000ms
[2024-09-08T06:28:47.581+0800][info] GC(111) User=0.00s Sys=0.00s Real=0.00s
[2024-09-08T06:28:47.581+0800][info] GC(112) Concurrent Mark Cycle
[2024-09-08T06:28:47.581+0800][info] GC(112) Concurrent Clear Claimed Marks
[2024-09-08T06:28:47.581+0800][info] GC(112) Concurrent Clear Claimed Marks 0.013ms
[2024-09-08T06:28:47.581+0800][info] GC(112) Concurrent Scan Root Regions
[2024-09-08T06:28:47.581+0800][info] GC(112) Concurrent Scan Root Regions 0.011ms
[2024-09-08T06:28:47.581+0800][info] GC(112) Concurrent Mark
[2024-09-08T06:28:47.581+0800][info] GC(112) Concurrent Mark From Roots
[2024-09-08T06:28:47.581+0800][info] GC(112) Using 12 workers of 12 for marking
[2024-09-08T06:28:47.583+0800][info] GC(112) Concurrent Mark From Roots 2.428ms
[2024-09-08T06:28:47.583+0800][info] GC(112) Concurrent Preclean
[2024-09-08T06:28:47.585+0800][info] GC(112) Concurrent Preclean 1.702ms
[2024-09-08T06:28:47.591+0800][info] GC(112) Pause Remark
[2024-09-08T06:28:47.592+0800][info] GC(112) Pause Remark 48M->48M(128M) 0.979ms
[2024-09-08T06:28:47.592+0800][info] GC(112) User=0.00s Sys=0.00s Real=0.00s
[2024-09-08T06:28:47.592+0800][info] GC(112) Concurrent Mark 11.634ms
[2024-09-08T06:28:47.592+0800][info] GC(112) Concurrent Rebuild Remembered Sets
[2024-09-08T06:28:47.597+0800][info] GC(112) Concurrent Rebuild Remembered Sets 4.264ms
[2024-09-08T06:28:47.597+0800][info] GC(112) Pause Cleanup
[2024-09-08T06:28:47.597+0800][info] GC(112) Pause Cleanup 64M->64M(128M) 0.361ms
[2024-09-08T06:28:47.597+0800][info] GC(112) User=0.00s Sys=0.00s Real=0.00s
[2024-09-08T06:28:47.597+0800][info] GC(112) Concurrent Cleanup for Next Mark
[2024-09-08T06:28:47.598+0800][info] GC(112) Concurrent Cleanup for Next Mark 0.248ms
[2024-09-08T06:28:47.598+0800][info] GC(112) Concurrent Mark Cycle 16.931ms
[2024-09-08T06:28:47.607+0800][info] GC(113) Pause Young (Normal) (G1 Preventive Collection)
[2024-09-08T06:28:47.607+0800][info] GC(113) Using 3 workers of 48 for evacuation
[2024-09-08T06:28:47.610+0800][info] GC(113) To-space exhausted
[2024-09-08T06:28:47.610+0800][info] GC(113)   Pre Evacuate Collection Set: 0.0ms
[2024-09-08T06:28:47.610+0800][info] GC(113)   Merge Heap Roots: 0.0ms
[2024-09-08T06:28:47.610+0800][info] GC(113)   Evacuate Collection Set: 3.3ms
[2024-09-08T06:28:47.611+0800][info] GC(113)   Post Evacuate Collection Set: 0.3ms
[2024-09-08T06:28:47.611+0800][info] GC(113)   Other: 0.2ms
[2024-09-08T06:28:47.611+0800][info] GC(113) Eden regions: 13->0(7)
[2024-09-08T06:28:47.611+0800][info] GC(113) Survivor regions: 0->3(3)
[2024-09-08T06:28:47.611+0800][info] GC(113) Old regions: 1->12
[2024-09-08T06:28:47.611+0800][info] GC(113) Archive regions: 2->2
[2024-09-08T06:28:47.611+0800][info] GC(113) Humongous regions: 11->0
[2024-09-08T06:28:47.611+0800][info] GC(113) Metaspace: 684K(896K)->684K(896K) NonClass: 636K(768K)->636K(768K) Class: 47K(128K)->47K(128K)
[2024-09-08T06:28:47.611+0800][info] GC(113) Pause Young (Normal) (G1 Preventive Collection) 100M->63M(128M) 3.976ms
[2024-09-08T06:28:47.611+0800][info] GC(113) User=0.01s Sys=0.00s Real=0.00s
[2024-09-08T06:28:47.617+0800][info] GC(114) Pause Young (Concurrent Start) (G1 Evacuation Pause)
[2024-09-08T06:28:47.617+0800][info] GC(114) Using 3 workers of 48 for evacuation
[2024-09-08T06:28:47.622+0800][info] GC(114) To-space exhausted
[2024-09-08T06:28:47.622+0800][info] GC(114)   Pre Evacuate Collection Set: 0.0ms
[2024-09-08T06:28:47.622+0800][info] GC(114)   Merge Heap Roots: 0.0ms
[2024-09-08T06:28:47.622+0800][info] GC(114)   Evacuate Collection Set: 4.4ms
[2024-09-08T06:28:47.622+0800][info] GC(114)   Post Evacuate Collection Set: 0.2ms
[2024-09-08T06:28:47.622+0800][info] GC(114)   Other: 0.3ms
[2024-09-08T06:28:47.622+0800][info] GC(114) Eden regions: 7->0(3)
[2024-09-08T06:28:47.622+0800][info] GC(114) Survivor regions: 3->2(2)
[2024-09-08T06:28:47.622+0800][info] GC(114) Old regions: 12->21
[2024-09-08T06:28:47.622+0800][info] GC(114) Archive regions: 2->2
[2024-09-08T06:28:47.622+0800][info] GC(114) Humongous regions: 0->0
[2024-09-08T06:28:47.622+0800][info] GC(114) Metaspace: 684K(896K)->684K(896K) NonClass: 636K(768K)->636K(768K) Class: 47K(128K)->47K(128K)
[2024-09-08T06:28:47.622+0800][info] GC(114) Pause Young (Concurrent Start) (G1 Evacuation Pause) 91M->95M(128M) 5.118ms
[2024-09-08T06:28:47.622+0800][info] GC(114) User=0.02s Sys=0.00s Real=0.00s
[2024-09-08T06:28:47.623+0800][info] GC(115) Concurrent Mark Cycle
[2024-09-08T06:28:47.623+0800][info] GC(115) Concurrent Clear Claimed Marks
[2024-09-08T06:28:47.623+0800][info] GC(115) Concurrent Clear Claimed Marks 0.019ms
[2024-09-08T06:28:47.623+0800][info] GC(115) Concurrent Scan Root Regions
[2024-09-08T06:28:47.623+0800][info] GC(115) Concurrent Scan Root Regions 0.246ms
[2024-09-08T06:28:47.623+0800][info] GC(115) Concurrent Mark
[2024-09-08T06:28:47.623+0800][info] GC(115) Concurrent Mark From Roots
[2024-09-08T06:28:47.623+0800][info] GC(115) Using 12 workers of 12 for marking
[2024-09-08T06:28:47.626+0800][info] GC(115) Concurrent Mark From Roots 2.758ms
[2024-09-08T06:28:47.626+0800][info] GC(115) Concurrent Preclean
[2024-09-08T06:28:47.627+0800][info] GC(115) Concurrent Preclean 1.761ms
[2024-09-08T06:28:47.628+0800][info] GC(115) Pause Remark
[2024-09-08T06:28:47.629+0800][info] GC(115) Pause Remark 96M->96M(128M) 1.178ms
[2024-09-08T06:28:47.629+0800][info] GC(115) User=0.00s Sys=0.00s Real=0.00s
[2024-09-08T06:28:47.629+0800][info] GC(115) Concurrent Mark 5.899ms
[2024-09-08T06:28:47.629+0800][info] GC(115) Concurrent Rebuild Remembered Sets
[2024-09-08T06:28:47.635+0800][info] GC(115) Concurrent Rebuild Remembered Sets 6.228ms
[2024-09-08T06:28:47.635+0800][info] GC(115) Pause Cleanup
[2024-09-08T06:28:47.636+0800][info] GC(115) Pause Cleanup 96M->96M(128M) 0.504ms
[2024-09-08T06:28:47.636+0800][info] GC(115) User=0.00s Sys=0.00s Real=0.00s
[2024-09-08T06:28:47.636+0800][info] GC(115) Concurrent Cleanup for Next Mark
[2024-09-08T06:28:47.636+0800][info] GC(115) Concurrent Cleanup for Next Mark 0.330ms
[2024-09-08T06:28:47.636+0800][info] GC(115) Concurrent Mark Cycle 13.549ms
[2024-09-08T06:28:48.627+0800][info] GC(116) Pause Young (Prepare Mixed) (G1 Preventive Collection)
[2024-09-08T06:28:48.627+0800][info] GC(116) Using 3 workers of 48 for evacuation
[2024-09-08T06:28:48.631+0800][info] GC(116) To-space exhausted
[2024-09-08T06:28:48.631+0800][info] GC(116)   Pre Evacuate Collection Set: 0.1ms
[2024-09-08T06:28:48.631+0800][info] GC(116)   Merge Heap Roots: 0.0ms
[2024-09-08T06:28:48.631+0800][info] GC(116)   Evacuate Collection Set: 2.9ms
[2024-09-08T06:28:48.631+0800][info] GC(116)   Post Evacuate Collection Set: 0.2ms
[2024-09-08T06:28:48.631+0800][info] GC(116)   Other: 0.2ms
[2024-09-08T06:28:48.631+0800][info] GC(116) Eden regions: 3->0(1)
[2024-09-08T06:28:48.631+0800][info] GC(116) Survivor regions: 2->1(1)
[2024-09-08T06:28:48.631+0800][info] GC(116) Old regions: 21->26
[2024-09-08T06:28:48.631+0800][info] GC(116) Archive regions: 2->2
[2024-09-08T06:28:48.631+0800][info] GC(116) Humongous regions: 0->0
[2024-09-08T06:28:48.631+0800][info] GC(116) Metaspace: 685K(896K)->685K(896K) NonClass: 637K(768K)->637K(768K) Class: 47K(128K)->47K(128K)
[2024-09-08T06:28:48.631+0800][info] GC(116) Pause Young (Prepare Mixed) (G1 Preventive Collection) 107M->111M(128M) 3.487ms
[2024-09-08T06:28:48.631+0800][info] GC(116) User=0.01s Sys=0.00s Real=0.00s
[2024-09-08T06:28:48.632+0800][info] GC(117) Pause Young (Mixed) (G1 Preventive Collection)
[2024-09-08T06:28:48.632+0800][info] GC(117) Using 3 workers of 48 for evacuation
[2024-09-08T06:28:48.633+0800][info] GC(117) To-space exhausted
[2024-09-08T06:28:48.633+0800][info] GC(117)   Pre Evacuate Collection Set: 0.0ms
[2024-09-08T06:28:48.633+0800][info] GC(117)   Merge Heap Roots: 0.0ms
[2024-09-08T06:28:48.633+0800][info] GC(117)   Evacuate Collection Set: 1.4ms
[2024-09-08T06:28:48.633+0800][info] GC(117)   Post Evacuate Collection Set: 0.2ms
[2024-09-08T06:28:48.633+0800][info] GC(117)   Other: 0.1ms
[2024-09-08T06:28:48.633+0800][info] GC(117) Eden regions: 1->0(1)
[2024-09-08T06:28:48.633+0800][info] GC(117) Survivor regions: 1->1(1)
[2024-09-08T06:28:48.633+0800][info] GC(117) Old regions: 26->26
[2024-09-08T06:28:48.633+0800][info] GC(117) Archive regions: 2->2
[2024-09-08T06:28:48.633+0800][info] GC(117) Humongous regions: 0->0
[2024-09-08T06:28:48.633+0800][info] GC(117) Metaspace: 685K(896K)->685K(896K) NonClass: 637K(768K)->637K(768K) Class: 47K(128K)->47K(128K)
[2024-09-08T06:28:48.634+0800][info] GC(117) Pause Young (Mixed) (G1 Preventive Collection) 115M->111M(128M) 1.991ms
[2024-09-08T06:28:48.634+0800][info] GC(117) User=0.01s Sys=0.00s Real=0.00s
[2024-09-08T06:28:48.634+0800][info] GC(118) Pause Young (Concurrent Start) (G1 Preventive Collection)
[2024-09-08T06:28:48.634+0800][info] GC(118) Using 3 workers of 48 for evacuation
[2024-09-08T06:28:48.636+0800][info] GC(118)   Pre Evacuate Collection Set: 0.0ms
[2024-09-08T06:28:48.636+0800][info] GC(118)   Merge Heap Roots: 0.0ms
[2024-09-08T06:28:48.636+0800][info] GC(118)   Evacuate Collection Set: 1.3ms
[2024-09-08T06:28:48.636+0800][info] GC(118)   Post Evacuate Collection Set: 0.1ms
[2024-09-08T06:28:48.636+0800][info] GC(118)   Other: 0.2ms
[2024-09-08T06:28:48.636+0800][info] GC(118) Eden regions: 1->0(1)
[2024-09-08T06:28:48.636+0800][info] GC(118) Survivor regions: 1->1(1)
[2024-09-08T06:28:48.636+0800][info] GC(118) Old regions: 26->27
[2024-09-08T06:28:48.636+0800][info] GC(118) Archive regions: 2->2
[2024-09-08T06:28:48.636+0800][info] GC(118) Humongous regions: 0->0
[2024-09-08T06:28:48.636+0800][info] GC(118) Metaspace: 685K(896K)->685K(896K) NonClass: 637K(768K)->637K(768K) Class: 47K(128K)->47K(128K)
[2024-09-08T06:28:48.636+0800][info] GC(118) Pause Young (Concurrent Start) (G1 Preventive Collection) 115M->115M(128M) 1.835ms
[2024-09-08T06:28:48.636+0800][info] GC(118) User=0.01s Sys=0.00s Real=0.00s
[2024-09-08T06:28:48.636+0800][info] GC(119) Concurrent Mark Cycle
[2024-09-08T06:28:48.636+0800][info] GC(119) Concurrent Clear Claimed Marks
[2024-09-08T06:28:48.636+0800][info] GC(119) Concurrent Clear Claimed Marks 0.017ms
[2024-09-08T06:28:48.636+0800][info] GC(119) Concurrent Scan Root Regions
[2024-09-08T06:28:48.636+0800][info] GC(119) Concurrent Scan Root Regions 0.111ms
[2024-09-08T06:28:48.636+0800][info] GC(119) Concurrent Mark
[2024-09-08T06:28:48.636+0800][info] GC(119) Concurrent Mark From Roots
[2024-09-08T06:28:48.636+0800][info] GC(119) Using 12 workers of 12 for marking
[2024-09-08T06:28:48.637+0800][info] GC(120) Pause Young (Normal) (G1 Preventive Collection)
[2024-09-08T06:28:48.637+0800][info] GC(120) Using 3 workers of 48 for evacuation
[2024-09-08T06:28:48.638+0800][info] GC(120) To-space exhausted
[2024-09-08T06:28:48.638+0800][info] GC(120)   Pre Evacuate Collection Set: 0.0ms
[2024-09-08T06:28:48.638+0800][info] GC(120)   Merge Heap Roots: 0.0ms
[2024-09-08T06:28:48.638+0800][info] GC(120)   Evacuate Collection Set: 0.4ms
[2024-09-08T06:28:48.638+0800][info] GC(120)   Post Evacuate Collection Set: 0.2ms
[2024-09-08T06:28:48.638+0800][info] GC(120)   Other: 0.1ms
[2024-09-08T06:28:48.638+0800][info] GC(120) Eden regions: 1->0(1)
[2024-09-08T06:28:48.638+0800][info] GC(120) Survivor regions: 1->1(1)
[2024-09-08T06:28:48.638+0800][info] GC(120) Old regions: 27->28
[2024-09-08T06:28:48.638+0800][info] GC(120) Archive regions: 2->2
[2024-09-08T06:28:48.638+0800][info] GC(120) Humongous regions: 0->0
[2024-09-08T06:28:48.638+0800][info] GC(120) Metaspace: 685K(896K)->685K(896K) NonClass: 637K(768K)->637K(768K) Class: 47K(128K)->47K(128K)
[2024-09-08T06:28:48.638+0800][info] GC(120) Pause Young (Normal) (G1 Preventive Collection) 119M->119M(128M) 0.910ms
[2024-09-08T06:28:48.638+0800][info] GC(120) User=0.01s Sys=0.00s Real=0.00s
[2024-09-08T06:28:48.640+0800][info] GC(121) Pause Young (Normal) (G1 Evacuation Pause)
[2024-09-08T06:28:48.640+0800][info] GC(121) Using 3 workers of 48 for evacuation
[2024-09-08T06:28:48.640+0800][info] GC(121) To-space exhausted
[2024-09-08T06:28:48.640+0800][info] GC(121)   Pre Evacuate Collection Set: 0.0ms
[2024-09-08T06:28:48.640+0800][info] GC(121)   Merge Heap Roots: 0.0ms
[2024-09-08T06:28:48.640+0800][info] GC(121)   Evacuate Collection Set: 0.2ms
[2024-09-08T06:28:48.640+0800][info] GC(121)   Post Evacuate Collection Set: 0.2ms
[2024-09-08T06:28:48.640+0800][info] GC(121)   Other: 0.1ms
[2024-09-08T06:28:48.640+0800][info] GC(121) Eden regions: 1->0(1)
[2024-09-08T06:28:48.640+0800][info] GC(121) Survivor regions: 1->0(0)
[2024-09-08T06:28:48.640+0800][info] GC(121) Old regions: 28->30
[2024-09-08T06:28:48.640+0800][info] GC(121) Archive regions: 2->2
[2024-09-08T06:28:48.640+0800][info] GC(121) Humongous regions: 0->0
[2024-09-08T06:28:48.640+0800][info] GC(121) Metaspace: 685K(896K)->685K(896K) NonClass: 637K(768K)->637K(768K) Class: 47K(128K)->47K(128K)
[2024-09-08T06:28:48.640+0800][info] GC(121) Pause Young (Normal) (G1 Evacuation Pause) 123M->123M(128M) 0.664ms
[2024-09-08T06:28:48.641+0800][info] GC(121) User=0.01s Sys=0.00s Real=0.00s
[2024-09-08T06:28:48.641+0800][info] Attempting full compaction
[2024-09-08T06:28:48.641+0800][info] GC(122) Using 1 workers of 48 for full compaction
[2024-09-08T06:28:48.641+0800][info] GC(122) Pause Full (G1 Compaction Pause)
[2024-09-08T06:28:48.641+0800][info] GC(122) Phase 1: Mark live objects
[2024-09-08T06:28:48.647+0800][info] GC(122) Phase 1: Mark live objects 6.456ms
[2024-09-08T06:28:48.647+0800][info] GC(122) Phase 2: Prepare for compaction
[2024-09-08T06:28:48.649+0800][info] GC(122) Phase 2: Prepare for compaction 1.239ms
[2024-09-08T06:28:48.649+0800][info] GC(122) Phase 3: Adjust pointers
[2024-09-08T06:28:48.651+0800][info] GC(122) Phase 3: Adjust pointers 2.358ms
[2024-09-08T06:28:48.651+0800][info] GC(122) Phase 4: Compact heap
[2024-09-08T06:28:48.656+0800][info] GC(122) Phase 4: Compact heap 4.738ms
[2024-09-08T06:28:48.657+0800][info] GC(122) Eden regions: 0->0(6)
[2024-09-08T06:28:48.657+0800][info] GC(122) Survivor regions: 0->0(0)
[2024-09-08T06:28:48.657+0800][info] GC(122) Old regions: 30->8
[2024-09-08T06:28:48.657+0800][info] GC(122) Archive regions: 2->2
[2024-09-08T06:28:48.657+0800][info] GC(122) Humongous regions: 0->0
[2024-09-08T06:28:48.657+0800][info] GC(122) Metaspace: 685K(896K)->685K(896K) NonClass: 637K(768K)->637K(768K) Class: 47K(128K)->47K(128K)
[2024-09-08T06:28:48.657+0800][info] GC(122) Pause Full (G1 Compaction Pause) 123M->31M(128M) 16.215ms
[2024-09-08T06:28:48.657+0800][info] GC(122) User=0.01s Sys=0.00s Real=0.02s
[2024-09-08T06:28:48.657+0800][info] GC(119) Concurrent Mark From Roots 20.680ms
[2024-09-08T06:28:48.657+0800][info] GC(119) Concurrent Mark Abort
[2024-09-08T06:28:48.657+0800][info] GC(119) Concurrent Mark Cycle 20.979ms
[2024-09-08T06:28:48.663+0800][info] GC(123) Pause Young (Normal) (G1 Evacuation Pause)
[2024-09-08T06:28:48.663+0800][info] GC(123) Using 3 workers of 48 for evacuation
[2024-09-08T06:28:48.668+0800][info] GC(123)   Pre Evacuate Collection Set: 0.0ms
[2024-09-08T06:28:48.668+0800][info] GC(123)   Merge Heap Roots: 0.0ms
[2024-09-08T06:28:48.668+0800][info] GC(123)   Evacuate Collection Set: 4.3ms
[2024-09-08T06:28:48.668+0800][info] GC(123)   Post Evacuate Collection Set: 0.2ms
[2024-09-08T06:28:48.668+0800][info] GC(123)   Other: 0.1ms
[2024-09-08T06:28:48.668+0800][info] GC(123) Eden regions: 6->0(4)
[2024-09-08T06:28:48.668+0800][info] GC(123) Survivor regions: 0->1(1)
[2024-09-08T06:28:48.668+0800][info] GC(123) Old regions: 8->14
[2024-09-08T06:28:48.668+0800][info] GC(123) Archive regions: 2->2
[2024-09-08T06:28:48.668+0800][info] GC(123) Humongous regions: 0->0
[2024-09-08T06:28:48.668+0800][info] GC(123) Metaspace: 685K(896K)->685K(896K) NonClass: 637K(768K)->637K(768K) Class: 47K(128K)->47K(128K)
[2024-09-08T06:28:48.668+0800][info] GC(123) Pause Young (Normal) (G1 Evacuation Pause) 55M->55M(128M) 4.864ms
[2024-09-08T06:28:48.668+0800][info] GC(123) User=0.01s Sys=0.00s Real=0.01s
[2024-09-08T06:28:48.671+0800][info] GC(124) Pause Young (Concurrent Start) (G1 Evacuation Pause)
[2024-09-08T06:28:48.671+0800][info] GC(124) Using 3 workers of 48 for evacuation
[2024-09-08T06:28:48.675+0800][info] GC(124)   Pre Evacuate Collection Set: 0.0ms
[2024-09-08T06:28:48.676+0800][info] GC(124)   Merge Heap Roots: 0.0ms
[2024-09-08T06:28:48.676+0800][info] GC(124)   Evacuate Collection Set: 3.6ms
[2024-09-08T06:28:48.676+0800][info] GC(124)   Post Evacuate Collection Set: 0.2ms
[2024-09-08T06:28:48.676+0800][info] GC(124)   Other: 0.2ms
[2024-09-08T06:28:48.676+0800][info] GC(124) Eden regions: 4->0(2)
[2024-09-08T06:28:48.676+0800][info] GC(124) Survivor regions: 1->1(1)
[2024-09-08T06:28:48.676+0800][info] GC(124) Old regions: 14->18
[2024-09-08T06:28:48.676+0800][info] GC(124) Archive regions: 2->2
[2024-09-08T06:28:48.676+0800][info] GC(124) Humongous regions: 0->0
[2024-09-08T06:28:48.676+0800][info] GC(124) Metaspace: 685K(896K)->685K(896K) NonClass: 637K(768K)->637K(768K) Class: 47K(128K)->47K(128K)
[2024-09-08T06:28:48.676+0800][info] GC(124) Pause Young (Concurrent Start) (G1 Evacuation Pause) 71M->71M(128M) 4.221ms
[2024-09-08T06:28:48.676+0800][info] GC(124) User=0.01s Sys=0.00s Real=0.00s
[2024-09-08T06:28:48.676+0800][info] GC(125) Concurrent Mark Cycle
[2024-09-08T06:28:48.676+0800][info] GC(125) Concurrent Clear Claimed Marks
[2024-09-08T06:28:48.676+0800][info] GC(125) Concurrent Clear Claimed Marks 0.015ms
[2024-09-08T06:28:48.676+0800][info] GC(125) Concurrent Scan Root Regions
[2024-09-08T06:28:48.676+0800][info] GC(125) Concurrent Scan Root Regions 0.319ms
[2024-09-08T06:28:48.676+0800][info] GC(125) Concurrent Mark
[2024-09-08T06:28:48.676+0800][info] GC(125) Concurrent Mark From Roots
[2024-09-08T06:28:48.676+0800][info] GC(125) Using 12 workers of 12 for marking
[2024-09-08T06:28:48.679+0800][info] GC(126) Pause Young (Normal) (G1 Evacuation Pause)
[2024-09-08T06:28:48.679+0800][info] GC(126) Using 3 workers of 48 for evacuation
[2024-09-08T06:28:48.681+0800][info] GC(126)   Pre Evacuate Collection Set: 0.0ms
[2024-09-08T06:28:48.681+0800][info] GC(126)   Merge Heap Roots: 0.0ms
[2024-09-08T06:28:48.681+0800][info] GC(126)   Evacuate Collection Set: 1.9ms
[2024-09-08T06:28:48.681+0800][info] GC(126)   Post Evacuate Collection Set: 0.2ms
[2024-09-08T06:28:48.681+0800][info] GC(126)   Other: 0.2ms
[2024-09-08T06:28:48.681+0800][info] GC(126) Eden regions: 2->0(2)
[2024-09-08T06:28:48.681+0800][info] GC(126) Survivor regions: 1->1(1)
[2024-09-08T06:28:48.681+0800][info] GC(126) Old regions: 18->20
[2024-09-08T06:28:48.681+0800][info] GC(126) Archive regions: 2->2
[2024-09-08T06:28:48.681+0800][info] GC(126) Humongous regions: 0->0
[2024-09-08T06:28:48.681+0800][info] GC(126) Metaspace: 685K(896K)->685K(896K) NonClass: 637K(768K)->637K(768K) Class: 47K(128K)->47K(128K)
[2024-09-08T06:28:48.682+0800][info] GC(126) Pause Young (Normal) (G1 Evacuation Pause) 79M->79M(128M) 2.681ms
[2024-09-08T06:28:48.682+0800][info] GC(126) User=0.00s Sys=0.00s Real=0.00s
[2024-09-08T06:28:48.684+0800][info] GC(125) Concurrent Mark From Roots 7.629ms
[2024-09-08T06:28:48.684+0800][info] GC(125) Concurrent Preclean
[2024-09-08T06:28:48.686+0800][info] GC(125) Concurrent Preclean 1.682ms
[2024-09-08T06:28:48.686+0800][info] GC(125) Pause Remark
[2024-09-08T06:28:48.687+0800][info] GC(125) Pause Remark 85M->85M(128M) 1.151ms
[2024-09-08T06:28:48.687+0800][info] GC(125) User=0.00s Sys=0.00s Real=0.00s
[2024-09-08T06:28:48.687+0800][info] GC(125) Concurrent Mark 10.693ms
[2024-09-08T06:28:48.687+0800][info] GC(125) Concurrent Rebuild Remembered Sets
[2024-09-08T06:28:48.693+0800][info] GC(125) Concurrent Rebuild Remembered Sets 5.739ms
[2024-09-08T06:28:48.693+0800][info] GC(125) Pause Cleanup
[2024-09-08T06:28:48.693+0800][info] GC(125) Pause Cleanup 85M->85M(128M) 0.496ms
[2024-09-08T06:28:48.693+0800][info] GC(125) User=0.00s Sys=0.00s Real=0.00s
[2024-09-08T06:28:48.693+0800][info] GC(125) Concurrent Cleanup for Next Mark
[2024-09-08T06:28:48.694+0800][info] GC(125) Concurrent Cleanup for Next Mark 0.264ms
[2024-09-08T06:28:48.694+0800][info] GC(125) Concurrent Mark Cycle 17.818ms
[2024-09-08T06:28:49.685+0800][info] GC(127) Pause Young (Prepare Mixed) (G1 Evacuation Pause)
[2024-09-08T06:28:49.685+0800][info] GC(127) Using 3 workers of 48 for evacuation
[2024-09-08T06:28:49.688+0800][info] GC(127)   Pre Evacuate Collection Set: 0.0ms
[2024-09-08T06:28:49.688+0800][info] GC(127)   Merge Heap Roots: 0.0ms
[2024-09-08T06:28:49.688+0800][info] GC(127)   Evacuate Collection Set: 2.2ms
[2024-09-08T06:28:49.688+0800][info] GC(127)   Post Evacuate Collection Set: 0.2ms
[2024-09-08T06:28:49.688+0800][info] GC(127)   Other: 0.2ms
[2024-09-08T06:28:49.688+0800][info] GC(127) Eden regions: 2->0(1)
[2024-09-08T06:28:49.688+0800][info] GC(127) Survivor regions: 1->1(1)
[2024-09-08T06:28:49.688+0800][info] GC(127) Old regions: 20->22
[2024-09-08T06:28:49.688+0800][info] GC(127) Archive regions: 2->2
[2024-09-08T06:28:49.688+0800][info] GC(127) Humongous regions: 0->0
[2024-09-08T06:28:49.688+0800][info] GC(127) Metaspace: 691K(896K)->691K(896K) NonClass: 644K(768K)->644K(768K) Class: 47K(128K)->47K(128K)
[2024-09-08T06:28:49.688+0800][info] GC(127) Pause Young (Prepare Mixed) (G1 Evacuation Pause) 87M->87M(128M) 2.734ms
[2024-09-08T06:28:49.688+0800][info] GC(127) User=0.01s Sys=0.00s Real=0.00s
[2024-09-08T06:28:49.689+0800][info] GC(128) Pause Young (Mixed) (G1 Evacuation Pause)
[2024-09-08T06:28:49.689+0800][info] GC(128) Using 3 workers of 48 for evacuation
[2024-09-08T06:28:49.691+0800][info] GC(128)   Pre Evacuate Collection Set: 0.0ms
[2024-09-08T06:28:49.691+0800][info] GC(128)   Merge Heap Roots: 0.0ms
[2024-09-08T06:28:49.691+0800][info] GC(128)   Evacuate Collection Set: 1.3ms
[2024-09-08T06:28:49.691+0800][info] GC(128)   Post Evacuate Collection Set: 0.2ms
[2024-09-08T06:28:49.691+0800][info] GC(128)   Other: 0.1ms
[2024-09-08T06:28:49.691+0800][info] GC(128) Eden regions: 1->0(1)
[2024-09-08T06:28:49.691+0800][info] GC(128) Survivor regions: 1->1(1)
[2024-09-08T06:28:49.691+0800][info] GC(128) Old regions: 22->22
[2024-09-08T06:28:49.691+0800][info] GC(128) Archive regions: 2->2
[2024-09-08T06:28:49.691+0800][info] GC(128) Humongous regions: 0->0
[2024-09-08T06:28:49.691+0800][info] GC(128) Metaspace: 693K(896K)->693K(896K) NonClass: 646K(768K)->646K(768K) Class: 47K(128K)->47K(128K)
[2024-09-08T06:28:49.691+0800][info] GC(128) Pause Young (Mixed) (G1 Evacuation Pause) 91M->91M(128M) 1.752ms
[2024-09-08T06:28:49.691+0800][info] GC(128) User=0.00s Sys=0.00s Real=0.00s
[2024-09-08T06:28:49.692+0800][info] GC(129) Pause Young (Concurrent Start) (G1 Evacuation Pause)
[2024-09-08T06:28:49.692+0800][info] GC(129) Using 3 workers of 48 for evacuation
[2024-09-08T06:28:49.693+0800][info] GC(129)   Pre Evacuate Collection Set: 0.0ms
[2024-09-08T06:28:49.693+0800][info] GC(129)   Merge Heap Roots: 0.0ms
[2024-09-08T06:28:49.693+0800][info] GC(129)   Evacuate Collection Set: 1.3ms
[2024-09-08T06:28:49.693+0800][info] GC(129)   Post Evacuate Collection Set: 0.1ms
[2024-09-08T06:28:49.693+0800][info] GC(129)   Other: 0.2ms
[2024-09-08T06:28:49.693+0800][info] GC(129) Eden regions: 1->0(1)
[2024-09-08T06:28:49.693+0800][info] GC(129) Survivor regions: 1->1(1)
[2024-09-08T06:28:49.693+0800][info] GC(129) Old regions: 22->23
[2024-09-08T06:28:49.693+0800][info] GC(129) Archive regions: 2->2
[2024-09-08T06:28:49.693+0800][info] GC(129) Humongous regions: 0->0
[2024-09-08T06:28:49.693+0800][info] GC(129) Metaspace: 693K(896K)->693K(896K) NonClass: 646K(768K)->646K(768K) Class: 47K(128K)->47K(128K)
[2024-09-08T06:28:49.694+0800][info] GC(129) Pause Young (Concurrent Start) (G1 Evacuation Pause) 95M->95M(128M) 1.916ms
[2024-09-08T06:28:49.694+0800][info] GC(129) User=0.00s Sys=0.00s Real=0.00s
[2024-09-08T06:28:49.694+0800][info] GC(130) Concurrent Mark Cycle
[2024-09-08T06:28:49.694+0800][info] GC(130) Concurrent Clear Claimed Marks
[2024-09-08T06:28:49.694+0800][info] GC(130) Concurrent Clear Claimed Marks 0.017ms
[2024-09-08T06:28:49.694+0800][info] GC(130) Concurrent Scan Root Regions
[2024-09-08T06:28:49.694+0800][info] GC(130) Concurrent Scan Root Regions 0.081ms
[2024-09-08T06:28:49.694+0800][info] GC(130) Concurrent Mark
[2024-09-08T06:28:49.694+0800][info] GC(130) Concurrent Mark From Roots
[2024-09-08T06:28:49.694+0800][info] GC(130) Using 12 workers of 12 for marking
[2024-09-08T06:28:49.695+0800][info] GC(131) Pause Young (Normal) (G1 Evacuation Pause)
[2024-09-08T06:28:49.695+0800][info] GC(131) Using 3 workers of 48 for evacuation
[2024-09-08T06:28:49.697+0800][info] GC(131)   Pre Evacuate Collection Set: 0.0ms
[2024-09-08T06:28:49.697+0800][info] GC(131)   Merge Heap Roots: 0.0ms
[2024-09-08T06:28:49.697+0800][info] GC(131)   Evacuate Collection Set: 1.0ms
[2024-09-08T06:28:49.697+0800][info] GC(131)   Post Evacuate Collection Set: 0.2ms
[2024-09-08T06:28:49.697+0800][info] GC(131)   Other: 0.1ms
[2024-09-08T06:28:49.697+0800][info] GC(131) Eden regions: 1->0(1)
[2024-09-08T06:28:49.697+0800][info] GC(131) Survivor regions: 1->1(1)
[2024-09-08T06:28:49.697+0800][info] GC(131) Old regions: 23->24
[2024-09-08T06:28:49.697+0800][info] GC(131) Archive regions: 2->2
[2024-09-08T06:28:49.697+0800][info] GC(131) Humongous regions: 0->0
[2024-09-08T06:28:49.697+0800][info] GC(131) Metaspace: 693K(896K)->693K(896K) NonClass: 646K(768K)->646K(768K) Class: 47K(128K)->47K(128K)
[2024-09-08T06:28:49.697+0800][info] GC(131) Pause Young (Normal) (G1 Evacuation Pause) 99M->99M(128M) 1.539ms
[2024-09-08T06:28:49.697+0800][info] GC(131) User=0.00s Sys=0.00s Real=0.01s
[2024-09-08T06:28:49.699+0800][info] GC(132) Pause Young (Normal) (G1 Preventive Collection)
[2024-09-08T06:28:49.699+0800][info] GC(132) Using 3 workers of 48 for evacuation
[2024-09-08T06:28:49.700+0800][info] GC(132)   Pre Evacuate Collection Set: 0.0ms
[2024-09-08T06:28:49.700+0800][info] GC(132)   Merge Heap Roots: 0.0ms
[2024-09-08T06:28:49.700+0800][info] GC(132)   Evacuate Collection Set: 0.8ms
[2024-09-08T06:28:49.700+0800][info] GC(132)   Post Evacuate Collection Set: 0.1ms
[2024-09-08T06:28:49.700+0800][info] GC(132)   Other: 0.1ms
[2024-09-08T06:28:49.700+0800][info] GC(132) Eden regions: 1->0(1)
[2024-09-08T06:28:49.700+0800][info] GC(132) Survivor regions: 1->1(1)
[2024-09-08T06:28:49.700+0800][info] GC(132) Old regions: 24->25
[2024-09-08T06:28:49.700+0800][info] GC(132) Archive regions: 2->2
[2024-09-08T06:28:49.700+0800][info] GC(132) Humongous regions: 0->0
[2024-09-08T06:28:49.700+0800][info] GC(132) Metaspace: 693K(896K)->693K(896K) NonClass: 646K(768K)->646K(768K) Class: 47K(128K)->47K(128K)
[2024-09-08T06:28:49.700+0800][info] GC(132) Pause Young (Normal) (G1 Preventive Collection) 103M->103M(128M) 1.249ms
[2024-09-08T06:28:49.700+0800][info] GC(132) User=0.00s Sys=0.00s Real=0.00s
[2024-09-08T06:28:49.702+0800][info] GC(133) Pause Young (Normal) (G1 Preventive Collection)
[2024-09-08T06:28:49.702+0800][info] GC(133) Using 3 workers of 48 for evacuation
[2024-09-08T06:28:49.703+0800][info] GC(133)   Pre Evacuate Collection Set: 0.0ms
[2024-09-08T06:28:49.703+0800][info] GC(133)   Merge Heap Roots: 0.0ms
[2024-09-08T06:28:49.703+0800][info] GC(133)   Evacuate Collection Set: 0.8ms
[2024-09-08T06:28:49.703+0800][info] GC(133)   Post Evacuate Collection Set: 0.1ms
[2024-09-08T06:28:49.703+0800][info] GC(133)   Other: 0.1ms
[2024-09-08T06:28:49.703+0800][info] GC(133) Eden regions: 1->0(1)
[2024-09-08T06:28:49.703+0800][info] GC(133) Survivor regions: 1->1(1)
[2024-09-08T06:28:49.703+0800][info] GC(133) Old regions: 25->26
[2024-09-08T06:28:49.703+0800][info] GC(133) Archive regions: 2->2
[2024-09-08T06:28:49.703+0800][info] GC(133) Humongous regions: 0->0
[2024-09-08T06:28:49.703+0800][info] GC(133) Metaspace: 693K(896K)->693K(896K) NonClass: 646K(768K)->646K(768K) Class: 47K(128K)->47K(128K)
[2024-09-08T06:28:49.703+0800][info] GC(133) Pause Young (Normal) (G1 Preventive Collection) 107M->107M(128M) 1.189ms
[2024-09-08T06:28:49.703+0800][info] GC(133) User=0.00s Sys=0.00s Real=0.00s
[2024-09-08T06:28:49.705+0800][info] GC(134) Pause Young (Normal) (G1 Preventive Collection)
[2024-09-08T06:28:49.705+0800][info] GC(134) Using 3 workers of 48 for evacuation
[2024-09-08T06:28:49.706+0800][info] GC(134)   Pre Evacuate Collection Set: 0.0ms
[2024-09-08T06:28:49.706+0800][info] GC(134)   Merge Heap Roots: 0.0ms
[2024-09-08T06:28:49.706+0800][info] GC(134)   Evacuate Collection Set: 0.8ms
[2024-09-08T06:28:49.706+0800][info] GC(134)   Post Evacuate Collection Set: 0.1ms
[2024-09-08T06:28:49.706+0800][info] GC(134)   Other: 0.1ms
[2024-09-08T06:28:49.706+0800][info] GC(134) Eden regions: 1->0(1)
[2024-09-08T06:28:49.706+0800][info] GC(134) Survivor regions: 1->1(1)
[2024-09-08T06:28:49.706+0800][info] GC(134) Old regions: 26->27
[2024-09-08T06:28:49.706+0800][info] GC(134) Archive regions: 2->2
[2024-09-08T06:28:49.706+0800][info] GC(134) Humongous regions: 0->0
[2024-09-08T06:28:49.706+0800][info] GC(134) Metaspace: 693K(896K)->693K(896K) NonClass: 646K(768K)->646K(768K) Class: 47K(128K)->47K(128K)
[2024-09-08T06:28:49.706+0800][info] GC(134) Pause Young (Normal) (G1 Preventive Collection) 111M->111M(128M) 1.202ms
[2024-09-08T06:28:49.706+0800][info] GC(134) User=0.00s Sys=0.00s Real=0.00s
[2024-09-08T06:28:49.708+0800][info] GC(135) Pause Young (Normal) (G1 Preventive Collection)
[2024-09-08T06:28:49.708+0800][info] GC(135) Using 3 workers of 48 for evacuation
[2024-09-08T06:28:49.709+0800][info] GC(135) To-space exhausted
[2024-09-08T06:28:49.709+0800][info] GC(135)   Pre Evacuate Collection Set: 0.0ms
[2024-09-08T06:28:49.709+0800][info] GC(135)   Merge Heap Roots: 0.0ms
[2024-09-08T06:28:49.709+0800][info] GC(135)   Evacuate Collection Set: 0.7ms
[2024-09-08T06:28:49.709+0800][info] GC(135)   Post Evacuate Collection Set: 0.2ms
[2024-09-08T06:28:49.709+0800][info] GC(135)   Other: 0.1ms
[2024-09-08T06:28:49.709+0800][info] GC(135) Eden regions: 1->0(1)
[2024-09-08T06:28:49.709+0800][info] GC(135) Survivor regions: 1->1(1)
[2024-09-08T06:28:49.709+0800][info] GC(135) Old regions: 27->28
[2024-09-08T06:28:49.709+0800][info] GC(135) Archive regions: 2->2
[2024-09-08T06:28:49.709+0800][info] GC(135) Humongous regions: 0->0
[2024-09-08T06:28:49.709+0800][info] GC(135) Metaspace: 693K(896K)->693K(896K) NonClass: 646K(768K)->646K(768K) Class: 47K(128K)->47K(128K)
[2024-09-08T06:28:49.709+0800][info] GC(135) Pause Young (Normal) (G1 Preventive Collection) 115M->119M(128M) 1.189ms
[2024-09-08T06:28:49.710+0800][info] GC(135) User=0.00s Sys=0.00s Real=0.00s
[2024-09-08T06:28:49.710+0800][info] GC(130) Concurrent Mark From Roots 15.953ms
[2024-09-08T06:28:49.710+0800][info] GC(130) Concurrent Preclean
[2024-09-08T06:28:49.710+0800][info] GC(136) Pause Young (Normal) (G1 Evacuation Pause)
[2024-09-08T06:28:49.710+0800][info] GC(136) Using 3 workers of 48 for evacuation
[2024-09-08T06:28:49.711+0800][info] GC(136) To-space exhausted
[2024-09-08T06:28:49.711+0800][info] GC(136)   Pre Evacuate Collection Set: 0.0ms
[2024-09-08T06:28:49.711+0800][info] GC(136)   Merge Heap Roots: 0.0ms
[2024-09-08T06:28:49.711+0800][info] GC(136)   Evacuate Collection Set: 0.2ms
[2024-09-08T06:28:49.711+0800][info] GC(136)   Post Evacuate Collection Set: 0.2ms
[2024-09-08T06:28:49.711+0800][info] GC(136)   Other: 0.1ms
[2024-09-08T06:28:49.711+0800][info] GC(136) Eden regions: 1->0(1)
[2024-09-08T06:28:49.711+0800][info] GC(136) Survivor regions: 1->0(0)
[2024-09-08T06:28:49.711+0800][info] GC(136) Old regions: 28->30
[2024-09-08T06:28:49.711+0800][info] GC(136) Archive regions: 2->2
[2024-09-08T06:28:49.711+0800][info] GC(136) Humongous regions: 0->0
[2024-09-08T06:28:49.711+0800][info] GC(136) Metaspace: 693K(896K)->693K(896K) NonClass: 646K(768K)->646K(768K) Class: 47K(128K)->47K(128K)
[2024-09-08T06:28:49.711+0800][info] GC(136) Pause Young (Normal) (G1 Evacuation Pause) 123M->123M(128M) 0.602ms
[2024-09-08T06:28:49.711+0800][info] GC(136) User=0.00s Sys=0.00s Real=0.00s
[2024-09-08T06:28:49.711+0800][info] Attempting full compaction
[2024-09-08T06:28:49.711+0800][info] GC(137) Using 1 workers of 48 for full compaction
[2024-09-08T06:28:49.711+0800][info] GC(137) Pause Full (G1 Compaction Pause)
[2024-09-08T06:28:49.711+0800][info] GC(137) Phase 1: Mark live objects
[2024-09-08T06:28:49.715+0800][info] GC(137) Phase 1: Mark live objects 4.280ms
[2024-09-08T06:28:49.716+0800][info] GC(137) Phase 2: Prepare for compaction
[2024-09-08T06:28:49.717+0800][info] GC(137) Phase 2: Prepare for compaction 1.030ms
[2024-09-08T06:28:49.717+0800][info] GC(137) Phase 3: Adjust pointers
[2024-09-08T06:28:49.719+0800][info] GC(137) Phase 3: Adjust pointers 2.497ms
[2024-09-08T06:28:49.719+0800][info] GC(137) Phase 4: Compact heap
[2024-09-08T06:28:49.721+0800][info] GC(137) Phase 4: Compact heap 1.655ms
[2024-09-08T06:28:49.721+0800][info] GC(137) Eden regions: 0->0(5)
[2024-09-08T06:28:49.721+0800][info] GC(137) Survivor regions: 0->0(0)
[2024-09-08T06:28:49.721+0800][info] GC(137) Old regions: 30->9
[2024-09-08T06:28:49.721+0800][info] GC(137) Archive regions: 2->2
[2024-09-08T06:28:49.721+0800][info] GC(137) Humongous regions: 0->0
[2024-09-08T06:28:49.721+0800][info] GC(137) Metaspace: 693K(896K)->693K(896K) NonClass: 646K(768K)->646K(768K) Class: 47K(128K)->47K(128K)
[2024-09-08T06:28:49.722+0800][info] GC(137) Pause Full (G1 Compaction Pause) 123M->38M(128M) 10.567ms
[2024-09-08T06:28:49.722+0800][info] GC(137) User=0.01s Sys=0.00s Real=0.01s
[2024-09-08T06:28:49.722+0800][info] GC(130) Concurrent Preclean 11.841ms
[2024-09-08T06:28:49.722+0800][info] GC(130) Concurrent Mark Abort
[2024-09-08T06:28:49.722+0800][info] GC(130) Concurrent Mark Cycle 28.109ms
[2024-09-08T06:28:49.726+0800][info] GC(138) Pause Young (Normal) (G1 Evacuation Pause)
[2024-09-08T06:28:49.726+0800][info] GC(138) Using 3 workers of 48 for evacuation
[2024-09-08T06:28:49.729+0800][info] GC(138)   Pre Evacuate Collection Set: 0.0ms
[2024-09-08T06:28:49.729+0800][info] GC(138)   Merge Heap Roots: 0.0ms
[2024-09-08T06:28:49.729+0800][info] GC(138)   Evacuate Collection Set: 2.5ms
[2024-09-08T06:28:49.729+0800][info] GC(138)   Post Evacuate Collection Set: 0.2ms
[2024-09-08T06:28:49.729+0800][info] GC(138)   Other: 0.2ms
[2024-09-08T06:28:49.729+0800][info] GC(138) Eden regions: 5->0(4)
[2024-09-08T06:28:49.729+0800][info] GC(138) Survivor regions: 0->1(1)
[2024-09-08T06:28:49.729+0800][info] GC(138) Old regions: 9->14
[2024-09-08T06:28:49.729+0800][info] GC(138) Archive regions: 2->2
[2024-09-08T06:28:49.729+0800][info] GC(138) Humongous regions: 0->0
[2024-09-08T06:28:49.729+0800][info] GC(138) Metaspace: 693K(896K)->693K(896K) NonClass: 646K(768K)->646K(768K) Class: 47K(128K)->47K(128K)
[2024-09-08T06:28:49.729+0800][info] GC(138) Pause Young (Normal) (G1 Evacuation Pause) 58M->58M(128M) 3.110ms
[2024-09-08T06:28:49.729+0800][info] GC(138) User=0.01s Sys=0.00s Real=0.00s
[2024-09-08T06:28:49.732+0800][info] GC(139) Pause Young (Concurrent Start) (G1 Evacuation Pause)
[2024-09-08T06:28:49.732+0800][info] GC(139) Using 3 workers of 48 for evacuation
[2024-09-08T06:28:49.735+0800][info] GC(139)   Pre Evacuate Collection Set: 0.0ms
[2024-09-08T06:28:49.735+0800][info] GC(139)   Merge Heap Roots: 0.0ms
[2024-09-08T06:28:49.735+0800][info] GC(139)   Evacuate Collection Set: 2.5ms
[2024-09-08T06:28:49.735+0800][info] GC(139)   Post Evacuate Collection Set: 0.2ms
[2024-09-08T06:28:49.735+0800][info] GC(139)   Other: 0.2ms
[2024-09-08T06:28:49.735+0800][info] GC(139) Eden regions: 4->0(2)
[2024-09-08T06:28:49.735+0800][info] GC(139) Survivor regions: 1->1(1)
[2024-09-08T06:28:49.735+0800][info] GC(139) Old regions: 14->18
[2024-09-08T06:28:49.735+0800][info] GC(139) Archive regions: 2->2
[2024-09-08T06:28:49.735+0800][info] GC(139) Humongous regions: 0->0
[2024-09-08T06:28:49.735+0800][info] GC(139) Metaspace: 693K(896K)->693K(896K) NonClass: 646K(768K)->646K(768K) Class: 47K(128K)->47K(128K)
[2024-09-08T06:28:49.735+0800][info] GC(139) Pause Young (Concurrent Start) (G1 Evacuation Pause) 74M->74M(128M) 3.292ms
[2024-09-08T06:28:49.735+0800][info] GC(139) User=0.01s Sys=0.00s Real=0.00s
[2024-09-08T06:28:49.735+0800][info] GC(140) Concurrent Mark Cycle
[2024-09-08T06:28:49.735+0800][info] GC(140) Concurrent Clear Claimed Marks
[2024-09-08T06:28:49.735+0800][info] GC(140) Concurrent Clear Claimed Marks 0.017ms
[2024-09-08T06:28:49.735+0800][info] GC(140) Concurrent Scan Root Regions
[2024-09-08T06:28:49.736+0800][info] GC(140) Concurrent Scan Root Regions 0.344ms
[2024-09-08T06:28:49.736+0800][info] GC(140) Concurrent Mark
[2024-09-08T06:28:49.736+0800][info] GC(140) Concurrent Mark From Roots
[2024-09-08T06:28:49.736+0800][info] GC(140) Using 12 workers of 12 for marking
[2024-09-08T06:28:49.738+0800][info] GC(141) Pause Young (Normal) (G1 Evacuation Pause)
[2024-09-08T06:28:49.738+0800][info] GC(141) Using 3 workers of 48 for evacuation
[2024-09-08T06:28:49.741+0800][info] GC(141)   Pre Evacuate Collection Set: 0.0ms
[2024-09-08T06:28:49.741+0800][info] GC(141)   Merge Heap Roots: 0.0ms
[2024-09-08T06:28:49.741+0800][info] GC(141)   Evacuate Collection Set: 2.0ms
[2024-09-08T06:28:49.741+0800][info] GC(141)   Post Evacuate Collection Set: 0.2ms
[2024-09-08T06:28:49.741+0800][info] GC(141)   Other: 0.1ms
[2024-09-08T06:28:49.741+0800][info] GC(141) Eden regions: 2->0(2)
[2024-09-08T06:28:49.741+0800][info] GC(141) Survivor regions: 1->1(1)
[2024-09-08T06:28:49.741+0800][info] GC(141) Old regions: 18->20
[2024-09-08T06:28:49.741+0800][info] GC(141) Archive regions: 2->2
[2024-09-08T06:28:49.741+0800][info] GC(141) Humongous regions: 0->0
[2024-09-08T06:28:49.741+0800][info] GC(141) Metaspace: 693K(896K)->693K(896K) NonClass: 646K(768K)->646K(768K) Class: 47K(128K)->47K(128K)
[2024-09-08T06:28:49.741+0800][info] GC(141) Pause Young (Normal) (G1 Evacuation Pause) 82M->82M(128M) 2.573ms
[2024-09-08T06:28:49.741+0800][info] GC(141) User=0.00s Sys=0.00s Real=0.00s
[2024-09-08T06:28:49.742+0800][info] GC(140) Concurrent Mark From Roots 6.151ms
[2024-09-08T06:28:49.742+0800][info] GC(140) Concurrent Preclean
[2024-09-08T06:28:49.744+0800][info] GC(140) Concurrent Preclean 1.666ms
[2024-09-08T06:28:49.744+0800][info] GC(140) Pause Remark
[2024-09-08T06:28:49.745+0800][info] GC(140) Pause Remark 85M->85M(128M) 1.231ms
[2024-09-08T06:28:49.745+0800][info] GC(140) User=0.00s Sys=0.00s Real=0.01s
[2024-09-08T06:28:49.745+0800][info] GC(140) Concurrent Mark 9.232ms
[2024-09-08T06:28:49.745+0800][info] GC(140) Concurrent Rebuild Remembered Sets
[2024-09-08T06:28:49.750+0800][info] GC(140) Concurrent Rebuild Remembered Sets 5.354ms
[2024-09-08T06:28:49.750+0800][info] GC(140) Pause Cleanup
[2024-09-08T06:28:49.751+0800][info] GC(140) Pause Cleanup 85M->85M(128M) 0.319ms
[2024-09-08T06:28:49.751+0800][info] GC(140) User=0.00s Sys=0.00s Real=0.00s
[2024-09-08T06:28:49.751+0800][info] GC(140) Concurrent Cleanup for Next Mark
[2024-09-08T06:28:49.751+0800][info] GC(140) Concurrent Cleanup for Next Mark 0.279ms
[2024-09-08T06:28:49.751+0800][info] GC(140) Concurrent Mark Cycle 15.798ms
[2024-09-08T06:28:50.744+0800][info] GC(142) Pause Young (Prepare Mixed) (G1 Evacuation Pause)
[2024-09-08T06:28:50.744+0800][info] GC(142) Using 3 workers of 48 for evacuation
[2024-09-08T06:28:50.747+0800][info] GC(142)   Pre Evacuate Collection Set: 0.1ms
[2024-09-08T06:28:50.747+0800][info] GC(142)   Merge Heap Roots: 0.0ms
[2024-09-08T06:28:50.747+0800][info] GC(142)   Evacuate Collection Set: 2.2ms
[2024-09-08T06:28:50.747+0800][info] GC(142)   Post Evacuate Collection Set: 0.2ms
[2024-09-08T06:28:50.747+0800][info] GC(142)   Other: 0.2ms
[2024-09-08T06:28:50.747+0800][info] GC(142) Eden regions: 2->0(1)
[2024-09-08T06:28:50.747+0800][info] GC(142) Survivor regions: 1->1(1)
[2024-09-08T06:28:50.747+0800][info] GC(142) Old regions: 20->22
[2024-09-08T06:28:50.747+0800][info] GC(142) Archive regions: 2->2
[2024-09-08T06:28:50.747+0800][info] GC(142) Humongous regions: 0->0
[2024-09-08T06:28:50.747+0800][info] GC(142) Metaspace: 693K(896K)->693K(896K) NonClass: 646K(768K)->646K(768K) Class: 47K(128K)->47K(128K)
[2024-09-08T06:28:50.747+0800][info] GC(142) Pause Young (Prepare Mixed) (G1 Evacuation Pause) 90M->91M(128M) 2.767ms
[2024-09-08T06:28:50.747+0800][info] GC(142) User=0.01s Sys=0.00s Real=0.01s
[2024-09-08T06:28:50.748+0800][info] GC(143) Pause Young (Mixed) (G1 Evacuation Pause)
[2024-09-08T06:28:50.748+0800][info] GC(143) Using 3 workers of 48 for evacuation
[2024-09-08T06:28:50.751+0800][info] GC(143)   Pre Evacuate Collection Set: 0.0ms
[2024-09-08T06:28:50.751+0800][info] GC(143)   Merge Heap Roots: 0.0ms
[2024-09-08T06:28:50.751+0800][info] GC(143)   Evacuate Collection Set: 3.0ms
[2024-09-08T06:28:50.751+0800][info] GC(143)   Post Evacuate Collection Set: 0.2ms
[2024-09-08T06:28:50.751+0800][info] GC(143)   Other: 0.1ms
[2024-09-08T06:28:50.751+0800][info] GC(143) Eden regions: 1->0(1)
[2024-09-08T06:28:50.751+0800][info] GC(143) Survivor regions: 1->1(1)
[2024-09-08T06:28:50.751+0800][info] GC(143) Old regions: 22->22
[2024-09-08T06:28:50.751+0800][info] GC(143) Archive regions: 2->2
[2024-09-08T06:28:50.751+0800][info] GC(143) Humongous regions: 0->0
[2024-09-08T06:28:50.751+0800][info] GC(143) Metaspace: 693K(896K)->693K(896K) NonClass: 646K(768K)->646K(768K) Class: 47K(128K)->47K(128K)
[2024-09-08T06:28:50.751+0800][info] GC(143) Pause Young (Mixed) (G1 Evacuation Pause) 95M->95M(128M) 3.545ms
[2024-09-08T06:28:50.751+0800][info] GC(143) User=0.01s Sys=0.00s Real=0.00s
[2024-09-08T06:28:50.752+0800][info] GC(144) Pause Young (Concurrent Start) (G1 Evacuation Pause)
[2024-09-08T06:28:50.752+0800][info] GC(144) Using 3 workers of 48 for evacuation
[2024-09-08T06:28:50.754+0800][info] GC(144)   Pre Evacuate Collection Set: 0.0ms
[2024-09-08T06:28:50.754+0800][info] GC(144)   Merge Heap Roots: 0.0ms
[2024-09-08T06:28:50.754+0800][info] GC(144)   Evacuate Collection Set: 1.3ms
[2024-09-08T06:28:50.754+0800][info] GC(144)   Post Evacuate Collection Set: 0.2ms
[2024-09-08T06:28:50.754+0800][info] GC(144)   Other: 0.2ms
[2024-09-08T06:28:50.754+0800][info] GC(144) Eden regions: 1->0(1)
[2024-09-08T06:28:50.754+0800][info] GC(144) Survivor regions: 1->1(1)
[2024-09-08T06:28:50.754+0800][info] GC(144) Old regions: 22->23
[2024-09-08T06:28:50.754+0800][info] GC(144) Archive regions: 2->2
[2024-09-08T06:28:50.754+0800][info] GC(144) Humongous regions: 0->0
[2024-09-08T06:28:50.754+0800][info] GC(144) Metaspace: 693K(896K)->693K(896K) NonClass: 646K(768K)->646K(768K) Class: 47K(128K)->47K(128K)
[2024-09-08T06:28:50.754+0800][info] GC(144) Pause Young (Concurrent Start) (G1 Evacuation Pause) 99M->99M(128M) 1.961ms
[2024-09-08T06:28:50.754+0800][info] GC(144) User=0.01s Sys=0.00s Real=0.00s
[2024-09-08T06:28:50.754+0800][info] GC(145) Concurrent Mark Cycle
[2024-09-08T06:28:50.754+0800][info] GC(145) Concurrent Clear Claimed Marks
[2024-09-08T06:28:50.754+0800][info] GC(145) Concurrent Clear Claimed Marks 0.023ms
[2024-09-08T06:28:50.754+0800][info] GC(145) Concurrent Scan Root Regions
[2024-09-08T06:28:50.754+0800][info] GC(145) Concurrent Scan Root Regions 0.103ms
[2024-09-08T06:28:50.754+0800][info] GC(145) Concurrent Mark
[2024-09-08T06:28:50.754+0800][info] GC(145) Concurrent Mark From Roots
[2024-09-08T06:28:50.754+0800][info] GC(145) Using 12 workers of 12 for marking
[2024-09-08T06:28:50.755+0800][info] GC(146) Pause Young (Normal) (G1 Evacuation Pause)
[2024-09-08T06:28:50.755+0800][info] GC(146) Using 3 workers of 48 for evacuation
[2024-09-08T06:28:50.756+0800][info] GC(146)   Pre Evacuate Collection Set: 0.0ms
[2024-09-08T06:28:50.756+0800][info] GC(146)   Merge Heap Roots: 0.0ms
[2024-09-08T06:28:50.756+0800][info] GC(146)   Evacuate Collection Set: 1.0ms
[2024-09-08T06:28:50.756+0800][info] GC(146)   Post Evacuate Collection Set: 0.2ms
[2024-09-08T06:28:50.756+0800][info] GC(146)   Other: 0.1ms
[2024-09-08T06:28:50.756+0800][info] GC(146) Eden regions: 1->0(1)
[2024-09-08T06:28:50.756+0800][info] GC(146) Survivor regions: 1->1(1)
[2024-09-08T06:28:50.756+0800][info] GC(146) Old regions: 23->24
[2024-09-08T06:28:50.756+0800][info] GC(146) Archive regions: 2->2
[2024-09-08T06:28:50.756+0800][info] GC(146) Humongous regions: 0->0
[2024-09-08T06:28:50.756+0800][info] GC(146) Metaspace: 693K(896K)->693K(896K) NonClass: 646K(768K)->646K(768K) Class: 47K(128K)->47K(128K)
[2024-09-08T06:28:50.756+0800][info] GC(146) Pause Young (Normal) (G1 Evacuation Pause) 103M->103M(128M) 1.520ms
[2024-09-08T06:28:50.756+0800][info] GC(146) User=0.00s Sys=0.00s Real=0.00s
[2024-09-08T06:28:50.759+0800][info] GC(147) Pause Young (Normal) (G1 Preventive Collection)
[2024-09-08T06:28:50.759+0800][info] GC(147) Using 3 workers of 48 for evacuation
[2024-09-08T06:28:50.760+0800][info] GC(147)   Pre Evacuate Collection Set: 0.0ms
[2024-09-08T06:28:50.760+0800][info] GC(147)   Merge Heap Roots: 0.0ms
[2024-09-08T06:28:50.760+0800][info] GC(147)   Evacuate Collection Set: 0.8ms
[2024-09-08T06:28:50.760+0800][info] GC(147)   Post Evacuate Collection Set: 0.1ms
[2024-09-08T06:28:50.760+0800][info] GC(147)   Other: 0.1ms
[2024-09-08T06:28:50.760+0800][info] GC(147) Eden regions: 1->0(1)
[2024-09-08T06:28:50.760+0800][info] GC(147) Survivor regions: 1->1(1)
[2024-09-08T06:28:50.760+0800][info] GC(147) Old regions: 24->25
[2024-09-08T06:28:50.760+0800][info] GC(147) Archive regions: 2->2
[2024-09-08T06:28:50.760+0800][info] GC(147) Humongous regions: 0->0
[2024-09-08T06:28:50.760+0800][info] GC(147) Metaspace: 693K(896K)->693K(896K) NonClass: 646K(768K)->646K(768K) Class: 47K(128K)->47K(128K)
[2024-09-08T06:28:50.760+0800][info] GC(147) Pause Young (Normal) (G1 Preventive Collection) 106M->106M(128M) 1.208ms
[2024-09-08T06:28:50.760+0800][info] GC(147) User=0.00s Sys=0.00s Real=0.00s
[2024-09-08T06:28:50.762+0800][info] GC(148) Pause Young (Normal) (G1 Preventive Collection)
[2024-09-08T06:28:50.762+0800][info] GC(148) Using 3 workers of 48 for evacuation
[2024-09-08T06:28:50.763+0800][info] GC(148)   Pre Evacuate Collection Set: 0.0ms
[2024-09-08T06:28:50.763+0800][info] GC(148)   Merge Heap Roots: 0.0ms
[2024-09-08T06:28:50.763+0800][info] GC(148)   Evacuate Collection Set: 0.8ms
[2024-09-08T06:28:50.763+0800][info] GC(148)   Post Evacuate Collection Set: 0.1ms
[2024-09-08T06:28:50.763+0800][info] GC(148)   Other: 0.2ms
[2024-09-08T06:28:50.763+0800][info] GC(148) Eden regions: 1->0(1)
[2024-09-08T06:28:50.763+0800][info] GC(148) Survivor regions: 1->1(1)
[2024-09-08T06:28:50.763+0800][info] GC(148) Old regions: 25->26
[2024-09-08T06:28:50.763+0800][info] GC(148) Archive regions: 2->2
[2024-09-08T06:28:50.763+0800][info] GC(148) Humongous regions: 0->0
[2024-09-08T06:28:50.763+0800][info] GC(148) Metaspace: 693K(896K)->693K(896K) NonClass: 646K(768K)->646K(768K) Class: 47K(128K)->47K(128K)
[2024-09-08T06:28:50.763+0800][info] GC(148) Pause Young (Normal) (G1 Preventive Collection) 110M->110M(128M) 1.299ms
[2024-09-08T06:28:50.763+0800][info] GC(148) User=0.00s Sys=0.01s Real=0.00s
[2024-09-08T06:28:50.764+0800][info] GC(149) Pause Young (Normal) (G1 Preventive Collection)
[2024-09-08T06:28:50.764+0800][info] GC(149) Using 3 workers of 48 for evacuation
[2024-09-08T06:28:50.765+0800][info] GC(149)   Pre Evacuate Collection Set: 0.0ms
[2024-09-08T06:28:50.765+0800][info] GC(149)   Merge Heap Roots: 0.0ms
[2024-09-08T06:28:50.765+0800][info] GC(149)   Evacuate Collection Set: 0.7ms
[2024-09-08T06:28:50.765+0800][info] GC(149)   Post Evacuate Collection Set: 0.1ms
[2024-09-08T06:28:50.765+0800][info] GC(149)   Other: 0.1ms
[2024-09-08T06:28:50.765+0800][info] GC(149) Eden regions: 1->0(1)
[2024-09-08T06:28:50.765+0800][info] GC(149) Survivor regions: 1->1(1)
[2024-09-08T06:28:50.765+0800][info] GC(149) Old regions: 26->27
[2024-09-08T06:28:50.765+0800][info] GC(149) Archive regions: 2->2
[2024-09-08T06:28:50.765+0800][info] GC(149) Humongous regions: 0->0
[2024-09-08T06:28:50.765+0800][info] GC(149) Metaspace: 693K(896K)->693K(896K) NonClass: 646K(768K)->646K(768K) Class: 47K(128K)->47K(128K)
[2024-09-08T06:28:50.765+0800][info] GC(149) Pause Young (Normal) (G1 Preventive Collection) 114M->114M(128M) 1.171ms
[2024-09-08T06:28:50.765+0800][info] GC(149) User=0.01s Sys=0.00s Real=0.01s
[2024-09-08T06:28:50.766+0800][info] GC(145) Concurrent Mark From Roots 11.195ms
[2024-09-08T06:28:50.766+0800][info] GC(145) Concurrent Preclean
[2024-09-08T06:28:50.766+0800][info] GC(150) Pause Young (Normal) (G1 Preventive Collection)
[2024-09-08T06:28:50.766+0800][info] GC(150) Using 3 workers of 48 for evacuation
[2024-09-08T06:28:50.766+0800][info] GC(150) To-space exhausted
[2024-09-08T06:28:50.766+0800][info] GC(150)   Pre Evacuate Collection Set: 0.0ms
[2024-09-08T06:28:50.766+0800][info] GC(150)   Merge Heap Roots: 0.0ms
[2024-09-08T06:28:50.766+0800][info] GC(150)   Evacuate Collection Set: 0.4ms
[2024-09-08T06:28:50.766+0800][info] GC(150)   Post Evacuate Collection Set: 0.2ms
[2024-09-08T06:28:50.766+0800][info] GC(150)   Other: 0.1ms
[2024-09-08T06:28:50.766+0800][info] GC(150) Eden regions: 1->0(1)
[2024-09-08T06:28:50.766+0800][info] GC(150) Survivor regions: 1->1(1)
[2024-09-08T06:28:50.766+0800][info] GC(150) Old regions: 27->28
[2024-09-08T06:28:50.766+0800][info] GC(150) Archive regions: 2->2
[2024-09-08T06:28:50.766+0800][info] GC(150) Humongous regions: 0->0
[2024-09-08T06:28:50.766+0800][info] GC(150) Metaspace: 693K(896K)->693K(896K) NonClass: 646K(768K)->646K(768K) Class: 47K(128K)->47K(128K)
[2024-09-08T06:28:50.766+0800][info] GC(150) Pause Young (Normal) (G1 Preventive Collection) 118M->119M(128M) 0.868ms
[2024-09-08T06:28:50.766+0800][info] GC(150) User=0.00s Sys=0.00s Real=0.00s
[2024-09-08T06:28:50.768+0800][info] GC(151) Pause Young (Normal) (G1 Evacuation Pause)
[2024-09-08T06:28:50.768+0800][info] GC(151) Using 3 workers of 48 for evacuation
[2024-09-08T06:28:50.768+0800][info] GC(151) To-space exhausted
[2024-09-08T06:28:50.768+0800][info] GC(151)   Pre Evacuate Collection Set: 0.0ms
[2024-09-08T06:28:50.768+0800][info] GC(151)   Merge Heap Roots: 0.0ms
[2024-09-08T06:28:50.768+0800][info] GC(151)   Evacuate Collection Set: 0.2ms
[2024-09-08T06:28:50.768+0800][info] GC(151)   Post Evacuate Collection Set: 0.2ms
[2024-09-08T06:28:50.768+0800][info] GC(151)   Other: 0.1ms
[2024-09-08T06:28:50.768+0800][info] GC(151) Eden regions: 1->0(1)
[2024-09-08T06:28:50.768+0800][info] GC(151) Survivor regions: 1->0(0)
[2024-09-08T06:28:50.768+0800][info] GC(151) Old regions: 28->30
[2024-09-08T06:28:50.768+0800][info] GC(151) Archive regions: 2->2
[2024-09-08T06:28:50.768+0800][info] GC(151) Humongous regions: 0->0
[2024-09-08T06:28:50.769+0800][info] GC(151) Metaspace: 693K(896K)->693K(896K) NonClass: 646K(768K)->646K(768K) Class: 47K(128K)->47K(128K)
[2024-09-08T06:28:50.769+0800][info] GC(151) Pause Young (Normal) (G1 Evacuation Pause) 123M->123M(128M) 0.647ms
[2024-09-08T06:28:50.769+0800][info] GC(151) User=0.00s Sys=0.00s Real=0.00s
[2024-09-08T06:28:50.769+0800][info] Attempting full compaction
[2024-09-08T06:28:50.769+0800][info] GC(152) Using 1 workers of 48 for full compaction
[2024-09-08T06:28:50.769+0800][info] GC(152) Pause Full (G1 Compaction Pause)
[2024-09-08T06:28:50.769+0800][info] GC(152) Phase 1: Mark live objects
[2024-09-08T06:28:50.774+0800][info] GC(152) Phase 1: Mark live objects 4.968ms
[2024-09-08T06:28:50.774+0800][info] GC(152) Phase 2: Prepare for compaction
[2024-09-08T06:28:50.775+0800][info] GC(152) Phase 2: Prepare for compaction 1.065ms
[2024-09-08T06:28:50.775+0800][info] GC(152) Phase 3: Adjust pointers
[2024-09-08T06:28:50.777+0800][info] GC(152) Phase 3: Adjust pointers 2.373ms
[2024-09-08T06:28:50.777+0800][info] GC(152) Phase 4: Compact heap
[2024-09-08T06:28:50.780+0800][info] GC(152) Phase 4: Compact heap 2.508ms
[2024-09-08T06:28:50.781+0800][info] GC(152) Eden regions: 0->0(5)
[2024-09-08T06:28:50.781+0800][info] GC(152) Survivor regions: 0->0(0)
[2024-09-08T06:28:50.781+0800][info] GC(152) Old regions: 30->10
[2024-09-08T06:28:50.781+0800][info] GC(152) Archive regions: 2->2
[2024-09-08T06:28:50.781+0800][info] GC(152) Humongous regions: 0->0
[2024-09-08T06:28:50.781+0800][info] GC(152) Metaspace: 693K(896K)->693K(896K) NonClass: 646K(768K)->646K(768K) Class: 47K(128K)->47K(128K)
[2024-09-08T06:28:50.781+0800][info] GC(152) Pause Full (G1 Compaction Pause) 123M->41M(128M) 12.073ms
[2024-09-08T06:28:50.781+0800][info] GC(152) User=0.01s Sys=0.00s Real=0.01s
[2024-09-08T06:28:50.781+0800][info] GC(145) Concurrent Preclean 15.245ms
[2024-09-08T06:28:50.781+0800][info] GC(145) Concurrent Mark Abort
[2024-09-08T06:28:50.781+0800][info] GC(145) Concurrent Mark Cycle 26.788ms
[2024-09-08T06:28:50.786+0800][info] GC(153) Pause Young (Normal) (G1 Evacuation Pause)
[2024-09-08T06:28:50.786+0800][info] GC(153) Using 3 workers of 48 for evacuation
[2024-09-08T06:28:50.789+0800][info] GC(153)   Pre Evacuate Collection Set: 0.0ms
[2024-09-08T06:28:50.789+0800][info] GC(153)   Merge Heap Roots: 0.0ms
[2024-09-08T06:28:50.789+0800][info] GC(153)   Evacuate Collection Set: 2.6ms
[2024-09-08T06:28:50.789+0800][info] GC(153)   Post Evacuate Collection Set: 0.2ms
[2024-09-08T06:28:50.789+0800][info] GC(153)   Other: 0.1ms
[2024-09-08T06:28:50.789+0800][info] GC(153) Eden regions: 5->0(3)
[2024-09-08T06:28:50.789+0800][info] GC(153) Survivor regions: 0->1(1)
[2024-09-08T06:28:50.789+0800][info] GC(153) Old regions: 10->15
[2024-09-08T06:28:50.789+0800][info] GC(153) Archive regions: 2->2
[2024-09-08T06:28:50.789+0800][info] GC(153) Humongous regions: 0->0
[2024-09-08T06:28:50.789+0800][info] GC(153) Metaspace: 693K(896K)->693K(896K) NonClass: 646K(768K)->646K(768K) Class: 47K(128K)->47K(128K)
[2024-09-08T06:28:50.789+0800][info] GC(153) Pause Young (Normal) (G1 Evacuation Pause) 61M->61M(128M) 3.192ms
[2024-09-08T06:28:50.789+0800][info] GC(153) User=0.01s Sys=0.00s Real=0.00s
[2024-09-08T06:28:50.792+0800][info] GC(154) Pause Young (Concurrent Start) (G1 Evacuation Pause)
[2024-09-08T06:28:50.792+0800][info] GC(154) Using 3 workers of 48 for evacuation
[2024-09-08T06:28:50.794+0800][info] GC(154)   Pre Evacuate Collection Set: 0.0ms
[2024-09-08T06:28:50.794+0800][info] GC(154)   Merge Heap Roots: 0.0ms
[2024-09-08T06:28:50.794+0800][info] GC(154)   Evacuate Collection Set: 2.0ms
[2024-09-08T06:28:50.794+0800][info] GC(154)   Post Evacuate Collection Set: 0.2ms
[2024-09-08T06:28:50.794+0800][info] GC(154)   Other: 0.3ms
[2024-09-08T06:28:50.794+0800][info] GC(154) Eden regions: 3->0(2)
[2024-09-08T06:28:50.794+0800][info] GC(154) Survivor regions: 1->1(1)
[2024-09-08T06:28:50.794+0800][info] GC(154) Old regions: 15->18
[2024-09-08T06:28:50.794+0800][info] GC(154) Archive regions: 2->2
[2024-09-08T06:28:50.794+0800][info] GC(154) Humongous regions: 0->0
[2024-09-08T06:28:50.794+0800][info] GC(154) Metaspace: 693K(896K)->693K(896K) NonClass: 646K(768K)->646K(768K) Class: 47K(128K)->47K(128K)
[2024-09-08T06:28:50.794+0800][info] GC(154) Pause Young (Concurrent Start) (G1 Evacuation Pause) 73M->73M(128M) 2.690ms
[2024-09-08T06:28:50.794+0800][info] GC(154) User=0.01s Sys=0.00s Real=0.00s
[2024-09-08T06:28:50.794+0800][info] GC(155) Concurrent Mark Cycle
[2024-09-08T06:28:50.794+0800][info] GC(155) Concurrent Clear Claimed Marks
[2024-09-08T06:28:50.794+0800][info] GC(155) Concurrent Clear Claimed Marks 0.017ms
[2024-09-08T06:28:50.794+0800][info] GC(155) Concurrent Scan Root Regions
[2024-09-08T06:28:50.795+0800][info] GC(155) Concurrent Scan Root Regions 0.283ms
[2024-09-08T06:28:50.795+0800][info] GC(155) Concurrent Mark
[2024-09-08T06:28:50.795+0800][info] GC(155) Concurrent Mark From Roots
[2024-09-08T06:28:50.795+0800][info] GC(155) Using 12 workers of 12 for marking
[2024-09-08T06:28:50.797+0800][info] GC(156) Pause Young (Normal) (G1 Evacuation Pause)
[2024-09-08T06:28:50.797+0800][info] GC(156) Using 3 workers of 48 for evacuation
[2024-09-08T06:28:50.799+0800][info] GC(156)   Pre Evacuate Collection Set: 0.0ms
[2024-09-08T06:28:50.799+0800][info] GC(156)   Merge Heap Roots: 0.0ms
[2024-09-08T06:28:50.799+0800][info] GC(156)   Evacuate Collection Set: 1.4ms
[2024-09-08T06:28:50.799+0800][info] GC(156)   Post Evacuate Collection Set: 0.2ms
[2024-09-08T06:28:50.799+0800][info] GC(156)   Other: 0.2ms
[2024-09-08T06:28:50.799+0800][info] GC(156) Eden regions: 2->0(2)
[2024-09-08T06:28:50.799+0800][info] GC(156) Survivor regions: 1->1(1)
[2024-09-08T06:28:50.799+0800][info] GC(156) Old regions: 18->20
[2024-09-08T06:28:50.799+0800][info] GC(156) Archive regions: 2->2
[2024-09-08T06:28:50.799+0800][info] GC(156) Humongous regions: 0->0
[2024-09-08T06:28:50.799+0800][info] GC(156) Metaspace: 693K(896K)->693K(896K) NonClass: 646K(768K)->646K(768K) Class: 47K(128K)->47K(128K)
[2024-09-08T06:28:50.799+0800][info] GC(156) Pause Young (Normal) (G1 Evacuation Pause) 81M->81M(128M) 1.999ms
[2024-09-08T06:28:50.799+0800][info] GC(156) User=0.00s Sys=0.00s Real=0.00s
[2024-09-08T06:28:50.801+0800][info] GC(155) Concurrent Mark From Roots 5.726ms
[2024-09-08T06:28:50.801+0800][info] GC(155) Concurrent Preclean
[2024-09-08T06:28:50.802+0800][info] GC(155) Concurrent Preclean 1.750ms
[2024-09-08T06:28:50.802+0800][info] GC(155) Pause Remark
[2024-09-08T06:28:50.804+0800][info] GC(155) Pause Remark 85M->85M(128M) 1.278ms
[2024-09-08T06:28:50.804+0800][info] GC(155) User=0.00s Sys=0.00s Real=0.00s
[2024-09-08T06:28:50.804+0800][info] GC(155) Concurrent Mark 8.986ms
[2024-09-08T06:28:50.804+0800][info] GC(155) Concurrent Rebuild Remembered Sets
[2024-09-08T06:28:50.809+0800][info] GC(155) Concurrent Rebuild Remembered Sets 5.423ms
[2024-09-08T06:28:50.809+0800][info] GC(155) Pause Cleanup
[2024-09-08T06:28:50.810+0800][info] GC(155) Pause Cleanup 85M->85M(128M) 0.493ms
[2024-09-08T06:28:50.810+0800][info] GC(155) User=0.00s Sys=0.00s Real=0.00s
[2024-09-08T06:28:50.810+0800][info] GC(155) Concurrent Cleanup for Next Mark
[2024-09-08T06:28:50.810+0800][info] GC(155) Concurrent Cleanup for Next Mark 0.258ms
[2024-09-08T06:28:50.810+0800][info] GC(155) Concurrent Mark Cycle 15.762ms
[2024-09-08T06:28:51.802+0800][info] GC(157) Pause Young (Concurrent Start) (WhiteBox Initiated Concurrent Mark)
[2024-09-08T06:28:51.802+0800][info] GC(157) Using 3 workers of 48 for evacuation
[2024-09-08T06:28:51.804+0800][info] GC(157)   Pre Evacuate Collection Set: 0.1ms
[2024-09-08T06:28:51.804+0800][info] GC(157)   Merge Heap Roots: 0.0ms
[2024-09-08T06:28:51.804+0800][info] GC(157)   Evacuate Collection Set: 1.6ms
[2024-09-08T06:28:51.804+0800][info] GC(157)   Post Evacuate Collection Set: 0.2ms
[2024-09-08T06:28:51.804+0800][info] GC(157)   Other: 0.3ms
[2024-09-08T06:28:51.804+0800][info] GC(157) Eden regions: 2->0(1)
[2024-09-08T06:28:51.804+0800][info] GC(157) Survivor regions: 1->1(1)
[2024-09-08T06:28:51.804+0800][info] GC(157) Old regions: 20->21
[2024-09-08T06:28:51.804+0800][info] GC(157) Archive regions: 2->2
[2024-09-08T06:28:51.804+0800][info] GC(157) Humongous regions: 0->0
[2024-09-08T06:28:51.804+0800][info] GC(157) Metaspace: 694K(896K)->694K(896K) NonClass: 646K(768K)->646K(768K) Class: 47K(128K)->47K(128K)
[2024-09-08T06:28:51.804+0800][info] GC(157) Pause Young (Concurrent Start) (WhiteBox Initiated Concurrent Mark) 85M->85M(128M) 2.331ms
[2024-09-08T06:28:51.804+0800][info] GC(157) User=0.01s Sys=0.00s Real=0.00s
[2024-09-08T06:28:51.804+0800][info] GC(158) Concurrent Mark Cycle
[2024-09-08T06:28:51.804+0800][info] GC(158) Concurrent Clear Claimed Marks
[2024-09-08T06:28:51.804+0800][info] GC(158) Concurrent Clear Claimed Marks 0.018ms
[2024-09-08T06:28:51.804+0800][info] GC(158) Concurrent Scan Root Regions
[2024-09-08T06:28:51.805+0800][info] GC(158) Concurrent Scan Root Regions 0.449ms
[2024-09-08T06:28:51.805+0800][info] GC(158) Concurrent Mark
[2024-09-08T06:28:51.805+0800][info] GC(158) Concurrent Mark From Roots
[2024-09-08T06:28:51.805+0800][info] GC(158) Using 12 workers of 12 for marking
[2024-09-08T06:28:51.807+0800][info] GC(158) Concurrent Mark From Roots 2.446ms
[2024-09-08T06:28:51.807+0800][info] GC(158) Concurrent Preclean
[2024-09-08T06:28:51.809+0800][info] GC(158) Concurrent Preclean 1.681ms
[2024-09-08T06:28:51.809+0800][info] GC(158) Pause Remark
[2024-09-08T06:28:51.810+0800][info] GC(158) Pause Remark 86M->86M(128M) 1.187ms
[2024-09-08T06:28:51.810+0800][info] GC(158) User=0.00s Sys=0.00s Real=0.00s
[2024-09-08T06:28:51.810+0800][info] GC(158) Concurrent Mark 5.492ms
[2024-09-08T06:28:51.810+0800][info] GC(158) Concurrent Rebuild Remembered Sets
[2024-09-08T06:28:51.816+0800][info] GC(158) Concurrent Rebuild Remembered Sets 6.218ms
[2024-09-08T06:28:51.816+0800][info] GC(158) Pause Cleanup
[2024-09-08T06:28:51.817+0800][info] GC(158) Pause Cleanup 86M->86M(128M) 0.543ms
[2024-09-08T06:28:51.817+0800][info] GC(158) User=0.00s Sys=0.00s Real=0.01s
[2024-09-08T06:28:51.817+0800][info] GC(158) Concurrent Cleanup for Next Mark
[2024-09-08T06:28:51.817+0800][info] GC(158) Concurrent Cleanup for Next Mark 0.230ms
[2024-09-08T06:28:51.817+0800][info] GC(158) Concurrent Mark Cycle 13.230ms
[2024-09-08T06:28:52.810+0800][info] GC(159) Pause Young (Concurrent Start) (WhiteBox Initiated Concurrent Mark)
[2024-09-08T06:28:52.810+0800][info] GC(159) Using 3 workers of 48 for evacuation
[2024-09-08T06:28:52.812+0800][info] GC(159)   Pre Evacuate Collection Set: 0.1ms
[2024-09-08T06:28:52.812+0800][info] GC(159)   Merge Heap Roots: 0.0ms
[2024-09-08T06:28:52.812+0800][info] GC(159)   Evacuate Collection Set: 0.9ms
[2024-09-08T06:28:52.812+0800][info] GC(159)   Post Evacuate Collection Set: 0.7ms
[2024-09-08T06:28:52.812+0800][info] GC(159)   Other: 0.3ms
[2024-09-08T06:28:52.812+0800][info] GC(159) Eden regions: 1->0(1)
[2024-09-08T06:28:52.812+0800][info] GC(159) Survivor regions: 1->1(1)
[2024-09-08T06:28:52.812+0800][info] GC(159) Old regions: 21->22
[2024-09-08T06:28:52.812+0800][info] GC(159) Archive regions: 2->2
[2024-09-08T06:28:52.812+0800][info] GC(159) Humongous regions: 0->0
[2024-09-08T06:28:52.812+0800][info] GC(159) Metaspace: 706K(896K)->706K(896K) NonClass: 656K(768K)->656K(768K) Class: 49K(128K)->49K(128K)
[2024-09-08T06:28:52.812+0800][info] GC(159) Pause Young (Concurrent Start) (WhiteBox Initiated Concurrent Mark) 86M->85M(128M) 2.150ms
[2024-09-08T06:28:52.812+0800][info] GC(159) User=0.01s Sys=0.00s Real=0.00s
[2024-09-08T06:28:52.812+0800][info] GC(160) Concurrent Mark Cycle
[2024-09-08T06:28:52.812+0800][info] GC(160) Concurrent Clear Claimed Marks
[2024-09-08T06:28:52.812+0800][info] GC(160) Concurrent Clear Claimed Marks 0.017ms
[2024-09-08T06:28:52.812+0800][info] GC(160) Concurrent Scan Root Regions
[2024-09-08T06:28:52.812+0800][info] GC(160) Concurrent Scan Root Regions 0.081ms
[2024-09-08T06:28:52.812+0800][info] GC(160) Concurrent Mark
[2024-09-08T06:28:52.812+0800][info] GC(160) Concurrent Mark From Roots
[2024-09-08T06:28:52.812+0800][info] GC(160) Using 12 workers of 12 for marking
[2024-09-08T06:28:52.815+0800][info] GC(160) Concurrent Mark From Roots 2.300ms
[2024-09-08T06:28:52.815+0800][info] GC(160) Concurrent Preclean
[2024-09-08T06:28:52.816+0800][info] GC(160) Concurrent Preclean 1.665ms
[2024-09-08T06:28:52.816+0800][info] GC(160) Pause Remark
[2024-09-08T06:28:52.818+0800][info] GC(160) Pause Remark 86M->12M(128M) 1.241ms
[2024-09-08T06:28:52.818+0800][info] GC(160) User=0.00s Sys=0.00s Real=0.01s
[2024-09-08T06:28:52.818+0800][info] GC(160) Concurrent Mark 5.385ms
[2024-09-08T06:28:52.818+0800][info] GC(160) Concurrent Rebuild Remembered Sets
[2024-09-08T06:28:52.819+0800][info] GC(160) Concurrent Rebuild Remembered Sets 0.947ms
[2024-09-08T06:28:52.819+0800][info] GC(160) Pause Cleanup
[2024-09-08T06:28:52.819+0800][info] GC(160) Pause Cleanup 12M->12M(128M) 0.124ms
[2024-09-08T06:28:52.819+0800][info] GC(160) User=0.00s Sys=0.00s Real=0.00s
[2024-09-08T06:28:52.819+0800][info] GC(160) Concurrent Cleanup for Next Mark
[2024-09-08T06:28:52.819+0800][info] GC(160) Concurrent Cleanup for Next Mark 0.190ms
[2024-09-08T06:28:52.819+0800][info] GC(160) Concurrent Mark Cycle 6.969ms
[2024-09-08T06:28:53.814+0800][info] Heap
[2024-09-08T06:28:53.814+0800][info]  garbage-first heap   total 131072K, used 12725K [0x00000000f8000000, 0x0000000100000000)
[2024-09-08T06:28:53.814+0800][info]   region size 4096K, 2 young (8192K), 1 survivors (4096K)
[2024-09-08T06:28:53.814+0800][info]  Metaspace       used 708K, committed 896K, reserved 1114112K
[2024-09-08T06:28:53.814+0800][info]   class space    used 49K, committed 128K, reserved 1048576K
