[2024-10-12T11:23:42.952+0800][info] Using G1
[2024-10-12T11:23:42.955+0800][info] Version: 17.0.11-internal+0-adhoc.cxl.TencentKona-17-TencentKona-17.0.11 (release)
[2024-10-12T11:23:42.955+0800][info] CPUs: 72 total, 72 available
[2024-10-12T11:23:42.955+0800][info] Memory: 125G
[2024-10-12T11:23:42.955+0800][info] Large Page Support: Disabled
[2024-10-12T11:23:42.955+0800][info] NUMA Support: Disabled
[2024-10-12T11:23:42.955+0800][info] Compressed Oops: Enabled (32-bit)
[2024-10-12T11:23:42.955+0800][info] Heap Region Size: 2M
[2024-10-12T11:23:42.955+0800][info] Heap Min Capacity: 128M
[2024-10-12T11:23:42.955+0800][info] Heap Initial Capacity: 128M
[2024-10-12T11:23:42.955+0800][info] Heap Max Capacity: 128M
[2024-10-12T11:23:42.955+0800][info] Pre-touch: Disabled
[2024-10-12T11:23:42.955+0800][info] Parallel Workers: 48
[2024-10-12T11:23:42.955+0800][info] Concurrent Workers: 12
[2024-10-12T11:23:42.955+0800][info] Concurrent Refinement Workers: 48
[2024-10-12T11:23:42.955+0800][info] Periodic GC: Disabled
[2024-10-12T11:23:42.965+0800][info] CDS archive(s) mapped at: [0x000076e59f000000-0x000076e59fbc7000-0x000076e59fbc7000), size 12349440, SharedBaseAddress: 0x000076e59f000000, ArchiveRelocationMode: 1.
[2024-10-12T11:23:42.965+0800][info] Compressed class space mapped at: 0x000076e5a0000000-0x000076e5e0000000, reserved size: 1073741824
[2024-10-12T11:23:42.965+0800][info] Narrow klass base: 0x000076e59f000000, Narrow klass shift: 0, Narrow klass range: 0x100000000
[2024-10-12T11:23:43.138+0800][info] GC(0) Pause Young (Normal) (G1 Evacuation Pause)
[2024-10-12T11:23:43.139+0800][info] GC(0) Using 3 workers of 48 for evacuation
[2024-10-12T11:23:43.143+0800][info] GC(0)   Pre Evacuate Collection Set: 0.0ms
[2024-10-12T11:23:43.143+0800][info] GC(0)   Merge Heap Roots: 0.0ms
[2024-10-12T11:23:43.143+0800][info] GC(0)   Evacuate Collection Set: 3.2ms
[2024-10-12T11:23:43.143+0800][info] GC(0)   Post Evacuate Collection Set: 0.7ms
[2024-10-12T11:23:43.143+0800][info] GC(0)   Other: 1.0ms
[2024-10-12T11:23:43.143+0800][info] GC(0) Eden regions: 3->0(2)
[2024-10-12T11:23:43.143+0800][info] GC(0) Survivor regions: 0->1(1)
[2024-10-12T11:23:43.143+0800][info] GC(0) Old regions: 0->2
[2024-10-12T11:23:43.143+0800][info] GC(0) Archive regions: 2->2
[2024-10-12T11:23:43.143+0800][info] GC(0) Humongous regions: 1->1
[2024-10-12T11:23:43.143+0800][info] GC(0) Metaspace: 1153K(1280K)->1153K(1280K) NonClass: 1035K(1088K)->1035K(1088K) Class: 118K(192K)->118K(192K)
[2024-10-12T11:23:43.143+0800][info] GC(0) Pause Young (Normal) (G1 Evacuation Pause) 9M->8M(128M) 4.987ms
[2024-10-12T11:23:43.143+0800][info] GC(0) User=0.01s Sys=0.00s Real=0.00s
[2024-10-12T11:23:43.251+0800][info] GC(1) Pause Young (Normal) (G1 Evacuation Pause)
[2024-10-12T11:23:43.251+0800][info] GC(1) Using 3 workers of 48 for evacuation
[2024-10-12T11:23:43.255+0800][info] GC(1)   Pre Evacuate Collection Set: 0.1ms
[2024-10-12T11:23:43.255+0800][info] GC(1)   Merge Heap Roots: 0.0ms
[2024-10-12T11:23:43.255+0800][info] GC(1)   Evacuate Collection Set: 3.5ms
[2024-10-12T11:23:43.255+0800][info] GC(1)   Post Evacuate Collection Set: 0.2ms
[2024-10-12T11:23:43.255+0800][info] GC(1)   Other: 0.2ms
[2024-10-12T11:23:43.255+0800][info] GC(1) Eden regions: 2->0(2)
[2024-10-12T11:23:43.255+0800][info] GC(1) Survivor regions: 1->1(1)
[2024-10-12T11:23:43.255+0800][info] GC(1) Old regions: 2->3
[2024-10-12T11:23:43.255+0800][info] GC(1) Archive regions: 2->2
[2024-10-12T11:23:43.255+0800][info] GC(1) Humongous regions: 1->1
[2024-10-12T11:23:43.255+0800][info] GC(1) Metaspace: 1241K(1344K)->1241K(1344K) NonClass: 1113K(1152K)->1113K(1152K) Class: 127K(192K)->127K(192K)
[2024-10-12T11:23:43.255+0800][info] GC(1) Pause Young (Normal) (G1 Evacuation Pause) 12M->11M(128M) 4.004ms
[2024-10-12T11:23:43.255+0800][info] GC(1) User=0.00s Sys=0.01s Real=0.01s
[2024-10-12T11:23:43.382+0800][info] GC(2) Pause Young (Normal) (G1 Evacuation Pause)
[2024-10-12T11:23:43.382+0800][info] GC(2) Using 3 workers of 48 for evacuation
[2024-10-12T11:23:43.385+0800][info] GC(2)   Pre Evacuate Collection Set: 0.1ms
[2024-10-12T11:23:43.385+0800][info] GC(2)   Merge Heap Roots: 0.0ms
[2024-10-12T11:23:43.385+0800][info] GC(2)   Evacuate Collection Set: 2.4ms
[2024-10-12T11:23:43.385+0800][info] GC(2)   Post Evacuate Collection Set: 0.8ms
[2024-10-12T11:23:43.385+0800][info] GC(2)   Other: 0.2ms
[2024-10-12T11:23:43.385+0800][info] GC(2) Eden regions: 2->0(2)
[2024-10-12T11:23:43.385+0800][info] GC(2) Survivor regions: 1->1(1)
[2024-10-12T11:23:43.385+0800][info] GC(2) Old regions: 3->5
[2024-10-12T11:23:43.385+0800][info] GC(2) Archive regions: 2->2
[2024-10-12T11:23:43.385+0800][info] GC(2) Humongous regions: 1->1
[2024-10-12T11:23:43.385+0800][info] GC(2) Metaspace: 1363K(1472K)->1363K(1472K) NonClass: 1227K(1280K)->1227K(1280K) Class: 135K(192K)->135K(192K)
[2024-10-12T11:23:43.385+0800][info] GC(2) Pause Young (Normal) (G1 Evacuation Pause) 15M->15M(128M) 3.706ms
[2024-10-12T11:23:43.385+0800][info] GC(2) User=0.00s Sys=0.00s Real=0.01s
[2024-10-12T11:23:43.489+0800][info] GC(3) Pause Young (Normal) (G1 Evacuation Pause)
[2024-10-12T11:23:43.489+0800][info] GC(3) Using 3 workers of 48 for evacuation
[2024-10-12T11:23:43.492+0800][info] GC(3)   Pre Evacuate Collection Set: 0.1ms
[2024-10-12T11:23:43.492+0800][info] GC(3)   Merge Heap Roots: 0.0ms
[2024-10-12T11:23:43.492+0800][info] GC(3)   Evacuate Collection Set: 2.3ms
[2024-10-12T11:23:43.492+0800][info] GC(3)   Post Evacuate Collection Set: 0.2ms
[2024-10-12T11:23:43.492+0800][info] GC(3)   Other: 0.2ms
[2024-10-12T11:23:43.492+0800][info] GC(3) Eden regions: 2->0(4)
[2024-10-12T11:23:43.492+0800][info] GC(3) Survivor regions: 1->1(1)
[2024-10-12T11:23:43.492+0800][info] GC(3) Old regions: 5->7
[2024-10-12T11:23:43.492+0800][info] GC(3) Archive regions: 2->2
[2024-10-12T11:23:43.492+0800][info] GC(3) Humongous regions: 1->1
[2024-10-12T11:23:43.492+0800][info] GC(3) Metaspace: 1364K(1472K)->1364K(1472K) NonClass: 1228K(1280K)->1228K(1280K) Class: 135K(192K)->135K(192K)
[2024-10-12T11:23:43.492+0800][info] GC(3) Pause Young (Normal) (G1 Evacuation Pause) 18M->18M(128M) 2.962ms
[2024-10-12T11:23:43.492+0800][info] GC(3) User=0.00s Sys=0.00s Real=0.00s
[2024-10-12T11:23:43.723+0800][info] GC(4) Pause Young (Normal) (G1 Evacuation Pause)
[2024-10-12T11:23:43.723+0800][info] GC(4) Using 3 workers of 48 for evacuation
[2024-10-12T11:23:43.729+0800][info] GC(4)   Pre Evacuate Collection Set: 0.1ms
[2024-10-12T11:23:43.729+0800][info] GC(4)   Merge Heap Roots: 0.0ms
[2024-10-12T11:23:43.729+0800][info] GC(4)   Evacuate Collection Set: 6.3ms
[2024-10-12T11:23:43.729+0800][info] GC(4)   Post Evacuate Collection Set: 0.2ms
[2024-10-12T11:23:43.729+0800][info] GC(4)   Other: 0.1ms
[2024-10-12T11:23:43.730+0800][info] GC(4) Eden regions: 4->0(5)
[2024-10-12T11:23:43.730+0800][info] GC(4) Survivor regions: 1->1(1)
[2024-10-12T11:23:43.730+0800][info] GC(4) Old regions: 7->11
[2024-10-12T11:23:43.730+0800][info] GC(4) Archive regions: 2->2
[2024-10-12T11:23:43.730+0800][info] GC(4) Humongous regions: 1->1
[2024-10-12T11:23:43.730+0800][info] GC(4) Metaspace: 1370K(1536K)->1370K(1536K) NonClass: 1234K(1344K)->1234K(1344K) Class: 135K(192K)->135K(192K)
[2024-10-12T11:23:43.730+0800][info] GC(4) Pause Young (Normal) (G1 Evacuation Pause) 26M->26M(128M) 6.779ms
[2024-10-12T11:23:43.730+0800][info] GC(4) User=0.01s Sys=0.01s Real=0.01s
[2024-10-12T11:23:44.000+0800][info] GC(5) Pause Young (Normal) (G1 Evacuation Pause)
[2024-10-12T11:23:44.000+0800][info] GC(5) Using 3 workers of 48 for evacuation
[2024-10-12T11:23:44.007+0800][info] GC(5)   Pre Evacuate Collection Set: 0.1ms
[2024-10-12T11:23:44.007+0800][info] GC(5)   Merge Heap Roots: 0.0ms
[2024-10-12T11:23:44.007+0800][info] GC(5)   Evacuate Collection Set: 6.3ms
[2024-10-12T11:23:44.007+0800][info] GC(5)   Post Evacuate Collection Set: 0.2ms
[2024-10-12T11:23:44.007+0800][info] GC(5)   Other: 0.2ms
[2024-10-12T11:23:44.007+0800][info] GC(5) Eden regions: 5->0(6)
[2024-10-12T11:23:44.007+0800][info] GC(5) Survivor regions: 1->1(1)
[2024-10-12T11:23:44.007+0800][info] GC(5) Old regions: 11->15
[2024-10-12T11:23:44.007+0800][info] GC(5) Archive regions: 2->2
[2024-10-12T11:23:44.007+0800][info] GC(5) Humongous regions: 1->1
[2024-10-12T11:23:44.007+0800][info] GC(5) Metaspace: 1381K(1536K)->1381K(1536K) NonClass: 1245K(1344K)->1245K(1344K) Class: 135K(192K)->135K(192K)
[2024-10-12T11:23:44.007+0800][info] GC(5) Pause Young (Normal) (G1 Evacuation Pause) 36M->35M(128M) 6.981ms
[2024-10-12T11:23:44.007+0800][info] GC(5) User=0.00s Sys=0.02s Real=0.01s
[2024-10-12T11:23:44.339+0800][info] GC(6) Pause Young (Normal) (G1 Evacuation Pause)
[2024-10-12T11:23:44.339+0800][info] GC(6) Using 3 workers of 48 for evacuation
[2024-10-12T11:23:44.347+0800][info] GC(6)   Pre Evacuate Collection Set: 0.1ms
[2024-10-12T11:23:44.347+0800][info] GC(6)   Merge Heap Roots: 0.0ms
[2024-10-12T11:23:44.347+0800][info] GC(6)   Evacuate Collection Set: 7.1ms
[2024-10-12T11:23:44.347+0800][info] GC(6)   Post Evacuate Collection Set: 0.2ms
[2024-10-12T11:23:44.347+0800][info] GC(6)   Other: 0.2ms
[2024-10-12T11:23:44.347+0800][info] GC(6) Eden regions: 6->0(8)
[2024-10-12T11:23:44.347+0800][info] GC(6) Survivor regions: 1->1(1)
[2024-10-12T11:23:44.347+0800][info] GC(6) Old regions: 15->20
[2024-10-12T11:23:44.347+0800][info] GC(6) Archive regions: 2->2
[2024-10-12T11:23:44.347+0800][info] GC(6) Humongous regions: 1->1
[2024-10-12T11:23:44.347+0800][info] GC(6) Metaspace: 1389K(1536K)->1389K(1536K) NonClass: 1253K(1344K)->1253K(1344K) Class: 135K(192K)->135K(192K)
[2024-10-12T11:23:44.347+0800][info] GC(6) Pause Young (Normal) (G1 Evacuation Pause) 46M->45M(128M) 7.783ms
[2024-10-12T11:23:44.347+0800][info] GC(6) User=0.00s Sys=0.02s Real=0.01s
[2024-10-12T11:23:44.786+0800][info] GC(7) Pause Young (Normal) (G1 Evacuation Pause)
[2024-10-12T11:23:44.786+0800][info] GC(7) Using 3 workers of 48 for evacuation
[2024-10-12T11:23:44.794+0800][info] GC(7)   Pre Evacuate Collection Set: 0.1ms
[2024-10-12T11:23:44.794+0800][info] GC(7)   Merge Heap Roots: 0.0ms
[2024-10-12T11:23:44.794+0800][info] GC(7)   Evacuate Collection Set: 7.4ms
[2024-10-12T11:23:44.794+0800][info] GC(7)   Post Evacuate Collection Set: 0.2ms
[2024-10-12T11:23:44.794+0800][info] GC(7)   Other: 0.2ms
[2024-10-12T11:23:44.794+0800][info] GC(7) Eden regions: 8->0(8)
[2024-10-12T11:23:44.794+0800][info] GC(7) Survivor regions: 1->2(2)
[2024-10-12T11:23:44.794+0800][info] GC(7) Old regions: 20->25
[2024-10-12T11:23:44.794+0800][info] GC(7) Archive regions: 2->2
[2024-10-12T11:23:44.794+0800][info] GC(7) Humongous regions: 1->1
[2024-10-12T11:23:44.794+0800][info] GC(7) Metaspace: 1398K(1536K)->1398K(1536K) NonClass: 1262K(1344K)->1262K(1344K) Class: 135K(192K)->135K(192K)
[2024-10-12T11:23:44.794+0800][info] GC(7) Pause Young (Normal) (G1 Evacuation Pause) 60M->56M(128M) 8.037ms
[2024-10-12T11:23:44.794+0800][info] GC(7) User=0.01s Sys=0.01s Real=0.01s
[2024-10-12T11:23:45.211+0800][info] GC(8) Pause Young (Concurrent Start) (G1 Humongous Allocation)
[2024-10-12T11:23:45.211+0800][info] GC(8) Using 3 workers of 48 for evacuation
[2024-10-12T11:23:45.221+0800][info] GC(8)   Pre Evacuate Collection Set: 0.1ms
[2024-10-12T11:23:45.221+0800][info] GC(8)   Merge Heap Roots: 0.1ms
[2024-10-12T11:23:45.221+0800][info] GC(8)   Evacuate Collection Set: 8.7ms
[2024-10-12T11:23:45.221+0800][info] GC(8)   Post Evacuate Collection Set: 0.2ms
[2024-10-12T11:23:45.221+0800][info] GC(8)   Other: 1.1ms
[2024-10-12T11:23:45.221+0800][info] GC(8) Eden regions: 8->0(6)
[2024-10-12T11:23:45.221+0800][info] GC(8) Survivor regions: 2->2(2)
[2024-10-12T11:23:45.221+0800][info] GC(8) Old regions: 25->31
[2024-10-12T11:23:45.221+0800][info] GC(8) Archive regions: 2->2
[2024-10-12T11:23:45.221+0800][info] GC(8) Humongous regions: 1->1
[2024-10-12T11:23:45.221+0800][info] GC(8) Metaspace: 1410K(1536K)->1410K(1536K) NonClass: 1274K(1344K)->1274K(1344K) Class: 135K(192K)->135K(192K)
[2024-10-12T11:23:45.221+0800][info] GC(8) Pause Young (Concurrent Start) (G1 Humongous Allocation) 71M->68M(128M) 10.248ms
[2024-10-12T11:23:45.221+0800][info] GC(8) User=0.01s Sys=0.02s Real=0.01s
[2024-10-12T11:23:45.221+0800][info] GC(9) Concurrent Mark Cycle
[2024-10-12T11:23:45.221+0800][info] GC(9) Concurrent Clear Claimed Marks
[2024-10-12T11:23:45.221+0800][info] GC(9) Concurrent Clear Claimed Marks 0.030ms
[2024-10-12T11:23:45.221+0800][info] GC(9) Concurrent Scan Root Regions
[2024-10-12T11:23:45.223+0800][info] GC(9) Concurrent Scan Root Regions 2.329ms
[2024-10-12T11:23:45.223+0800][info] GC(9) Concurrent Mark
[2024-10-12T11:23:45.224+0800][info] GC(9) Concurrent Mark From Roots
[2024-10-12T11:23:45.224+0800][info] GC(9) Using 12 workers of 12 for marking
[2024-10-12T11:23:45.228+0800][info] GC(9) Concurrent Mark From Roots 4.022ms
[2024-10-12T11:23:45.228+0800][info] GC(9) Concurrent Preclean
[2024-10-12T11:23:45.229+0800][info] GC(9) Concurrent Preclean 1.717ms
[2024-10-12T11:23:45.229+0800][info] GC(9) Pause Remark
[2024-10-12T11:23:45.231+0800][info] GC(9) Pause Remark 70M->70M(128M) 1.198ms
[2024-10-12T11:23:45.231+0800][info] GC(9) User=0.00s Sys=0.00s Real=0.00s
[2024-10-12T11:23:45.231+0800][info] GC(9) Concurrent Mark 7.189ms
[2024-10-12T11:23:45.231+0800][info] GC(9) Concurrent Rebuild Remembered Sets
[2024-10-12T11:23:45.232+0800][info] GC(9) Concurrent Rebuild Remembered Sets 0.969ms
[2024-10-12T11:23:45.232+0800][info] GC(9) Pause Cleanup
[2024-10-12T11:23:45.232+0800][info] GC(9) Pause Cleanup 70M->70M(128M) 0.276ms
[2024-10-12T11:23:45.232+0800][info] GC(9) User=0.00s Sys=0.00s Real=0.00s
[2024-10-12T11:23:45.232+0800][info] GC(9) Concurrent Cleanup for Next Mark
[2024-10-12T11:23:45.233+0800][info] GC(9) Concurrent Cleanup for Next Mark 1.191ms
[2024-10-12T11:23:45.233+0800][info] GC(9) Concurrent Mark Cycle 12.495ms
[2024-10-12T11:23:45.611+0800][info] GC(10) Pause Young (Prepare Mixed) (G1 Evacuation Pause)
[2024-10-12T11:23:45.611+0800][info] GC(10) Using 3 workers of 48 for evacuation
[2024-10-12T11:23:45.619+0800][info] GC(10)   Pre Evacuate Collection Set: 0.1ms
[2024-10-12T11:23:45.619+0800][info] GC(10)   Merge Heap Roots: 0.1ms
[2024-10-12T11:23:45.619+0800][info] GC(10)   Evacuate Collection Set: 8.0ms
[2024-10-12T11:23:45.619+0800][info] GC(10)   Post Evacuate Collection Set: 0.2ms
[2024-10-12T11:23:45.619+0800][info] GC(10)   Other: 0.2ms
[2024-10-12T11:23:45.619+0800][info] GC(10) Eden regions: 6->0(2)
[2024-10-12T11:23:45.619+0800][info] GC(10) Survivor regions: 2->1(1)
[2024-10-12T11:23:45.619+0800][info] GC(10) Old regions: 31->38
[2024-10-12T11:23:45.619+0800][info] GC(10) Archive regions: 2->2
[2024-10-12T11:23:45.619+0800][info] GC(10) Humongous regions: 2->1
[2024-10-12T11:23:45.619+0800][info] GC(10) Metaspace: 1438K(1600K)->1438K(1600K) NonClass: 1302K(1408K)->1302K(1408K) Class: 135K(192K)->135K(192K)
[2024-10-12T11:23:45.619+0800][info] GC(10) Pause Young (Prepare Mixed) (G1 Evacuation Pause) 81M->80M(128M) 8.545ms
[2024-10-12T11:23:45.619+0800][info] GC(10) User=0.01s Sys=0.02s Real=0.01s
[2024-10-12T11:23:45.725+0800][info] GC(11) Pause Young (Mixed) (G1 Evacuation Pause)
[2024-10-12T11:23:45.725+0800][info] GC(11) Using 3 workers of 48 for evacuation
[2024-10-12T11:23:45.728+0800][info] GC(11)   Pre Evacuate Collection Set: 0.2ms
[2024-10-12T11:23:45.728+0800][info] GC(11)   Merge Heap Roots: 0.1ms
[2024-10-12T11:23:45.728+0800][info] GC(11)   Evacuate Collection Set: 3.3ms
[2024-10-12T11:23:45.728+0800][info] GC(11)   Post Evacuate Collection Set: 0.2ms
[2024-10-12T11:23:45.728+0800][info] GC(11)   Other: 0.1ms
[2024-10-12T11:23:45.728+0800][info] GC(11) Eden regions: 2->0(2)
[2024-10-12T11:23:45.729+0800][info] GC(11) Survivor regions: 1->1(1)
[2024-10-12T11:23:45.729+0800][info] GC(11) Old regions: 38->33
[2024-10-12T11:23:45.729+0800][info] GC(11) Archive regions: 2->2
[2024-10-12T11:23:45.729+0800][info] GC(11) Humongous regions: 1->1
[2024-10-12T11:23:45.729+0800][info] GC(11) Metaspace: 1463K(1600K)->1463K(1600K) NonClass: 1328K(1408K)->1328K(1408K) Class: 135K(192K)->135K(192K)
[2024-10-12T11:23:45.729+0800][info] GC(11) Pause Young (Mixed) (G1 Evacuation Pause) 83M->71M(128M) 4.041ms
[2024-10-12T11:23:45.729+0800][info] GC(11) User=0.01s Sys=0.00s Real=0.01s
[2024-10-12T11:23:45.832+0800][info] GC(12) Pause Young (Mixed) (G1 Evacuation Pause)
[2024-10-12T11:23:45.833+0800][info] GC(12) Using 3 workers of 48 for evacuation
[2024-10-12T11:23:45.834+0800][info] GC(12)   Pre Evacuate Collection Set: 0.2ms
[2024-10-12T11:23:45.834+0800][info] GC(12)   Merge Heap Roots: 0.1ms
[2024-10-12T11:23:45.834+0800][info] GC(12)   Evacuate Collection Set: 1.4ms
[2024-10-12T11:23:45.834+0800][info] GC(12)   Post Evacuate Collection Set: 0.2ms
[2024-10-12T11:23:45.834+0800][info] GC(12)   Other: 0.2ms
[2024-10-12T11:23:45.834+0800][info] GC(12) Eden regions: 2->0(2)
[2024-10-12T11:23:45.834+0800][info] GC(12) Survivor regions: 1->1(1)
[2024-10-12T11:23:45.834+0800][info] GC(12) Old regions: 33->30
[2024-10-12T11:23:45.834+0800][info] GC(12) Archive regions: 2->2
[2024-10-12T11:23:45.834+0800][info] GC(12) Humongous regions: 1->1
[2024-10-12T11:23:45.834+0800][info] GC(12) Metaspace: 1480K(1600K)->1480K(1600K) NonClass: 1344K(1408K)->1344K(1408K) Class: 135K(192K)->135K(192K)
[2024-10-12T11:23:45.834+0800][info] GC(12) Pause Young (Mixed) (G1 Evacuation Pause) 75M->65M(128M) 2.014ms
[2024-10-12T11:23:45.834+0800][info] GC(12) User=0.01s Sys=0.00s Real=0.01s
[2024-10-12T11:23:45.939+0800][info] GC(13) Pause Young (Mixed) (G1 Evacuation Pause)
[2024-10-12T11:23:45.939+0800][info] GC(13) Using 3 workers of 48 for evacuation
[2024-10-12T11:23:45.941+0800][info] GC(13)   Pre Evacuate Collection Set: 0.2ms
[2024-10-12T11:23:45.941+0800][info] GC(13)   Merge Heap Roots: 0.0ms
[2024-10-12T11:23:45.941+0800][info] GC(13)   Evacuate Collection Set: 1.2ms
[2024-10-12T11:23:45.941+0800][info] GC(13)   Post Evacuate Collection Set: 0.2ms
[2024-10-12T11:23:45.941+0800][info] GC(13)   Other: 0.1ms
[2024-10-12T11:23:45.941+0800][info] GC(13) Eden regions: 2->0(6)
[2024-10-12T11:23:45.941+0800][info] GC(13) Survivor regions: 1->1(1)
[2024-10-12T11:23:45.941+0800][info] GC(13) Old regions: 30->31
[2024-10-12T11:23:45.941+0800][info] GC(13) Archive regions: 2->2
[2024-10-12T11:23:45.941+0800][info] GC(13) Humongous regions: 1->1
[2024-10-12T11:23:45.941+0800][info] GC(13) Metaspace: 1518K(1664K)->1518K(1664K) NonClass: 1382K(1472K)->1382K(1472K) Class: 135K(192K)->135K(192K)
[2024-10-12T11:23:45.941+0800][info] GC(13) Pause Young (Mixed) (G1 Evacuation Pause) 68M->67M(128M) 1.838ms
[2024-10-12T11:23:45.941+0800][info] GC(13) User=0.00s Sys=0.00s Real=0.00s
[2024-10-12T11:23:46.271+0800][info] GC(14) Pause Young (Concurrent Start) (G1 Evacuation Pause)
[2024-10-12T11:23:46.271+0800][info] GC(14) Using 3 workers of 48 for evacuation
[2024-10-12T11:23:46.273+0800][info] GC(14)   Pre Evacuate Collection Set: 0.1ms
[2024-10-12T11:23:46.273+0800][info] GC(14)   Merge Heap Roots: 0.1ms
[2024-10-12T11:23:46.274+0800][info] GC(14)   Evacuate Collection Set: 2.0ms
[2024-10-12T11:23:46.274+0800][info] GC(14)   Post Evacuate Collection Set: 0.2ms
[2024-10-12T11:23:46.274+0800][info] GC(14)   Other: 0.3ms
[2024-10-12T11:23:46.274+0800][info] GC(14) Eden regions: 6->0(5)
[2024-10-12T11:23:46.274+0800][info] GC(14) Survivor regions: 1->1(1)
[2024-10-12T11:23:46.274+0800][info] GC(14) Old regions: 31->36
[2024-10-12T11:23:46.274+0800][info] GC(14) Archive regions: 2->2
[2024-10-12T11:23:46.274+0800][info] GC(14) Humongous regions: 1->1
[2024-10-12T11:23:46.274+0800][info] GC(14) Metaspace: 1520K(1664K)->1520K(1664K) NonClass: 1384K(1472K)->1384K(1472K) Class: 135K(192K)->135K(192K)
[2024-10-12T11:23:46.274+0800][info] GC(14) Pause Young (Concurrent Start) (G1 Evacuation Pause) 78M->77M(128M) 2.777ms
[2024-10-12T11:23:46.274+0800][info] GC(14) User=0.01s Sys=0.00s Real=0.01s
[2024-10-12T11:23:46.274+0800][info] GC(15) Concurrent Mark Cycle
[2024-10-12T11:23:46.274+0800][info] GC(15) Concurrent Clear Claimed Marks
[2024-10-12T11:23:46.274+0800][info] GC(15) Concurrent Clear Claimed Marks 0.021ms
[2024-10-12T11:23:46.274+0800][info] GC(15) Concurrent Scan Root Regions
[2024-10-12T11:23:46.274+0800][info] GC(15) Concurrent Scan Root Regions 0.151ms
[2024-10-12T11:23:46.274+0800][info] GC(15) Concurrent Mark
[2024-10-12T11:23:46.274+0800][info] GC(15) Concurrent Mark From Roots
[2024-10-12T11:23:46.274+0800][info] GC(15) Using 12 workers of 12 for marking
[2024-10-12T11:23:46.277+0800][info] GC(15) Concurrent Mark From Roots 2.654ms
[2024-10-12T11:23:46.277+0800][info] GC(15) Concurrent Preclean
[2024-10-12T11:23:46.279+0800][info] GC(15) Concurrent Preclean 1.947ms
[2024-10-12T11:23:46.279+0800][info] GC(15) Pause Remark
[2024-10-12T11:23:46.280+0800][info] GC(15) Pause Remark 77M->77M(128M) 1.316ms
[2024-10-12T11:23:46.280+0800][info] GC(15) User=0.01s Sys=0.00s Real=0.00s
[2024-10-12T11:23:46.280+0800][info] GC(15) Concurrent Mark 6.269ms
[2024-10-12T11:23:46.280+0800][info] GC(15) Concurrent Rebuild Remembered Sets
[2024-10-12T11:23:46.282+0800][info] GC(15) Concurrent Rebuild Remembered Sets 1.566ms
[2024-10-12T11:23:46.282+0800][info] GC(15) Pause Cleanup
[2024-10-12T11:23:46.282+0800][info] GC(15) Pause Cleanup 77M->77M(128M) 0.253ms
[2024-10-12T11:23:46.282+0800][info] GC(15) User=0.00s Sys=0.00s Real=0.00s
[2024-10-12T11:23:46.282+0800][info] GC(15) Concurrent Cleanup for Next Mark
[2024-10-12T11:23:46.285+0800][info] GC(15) Concurrent Cleanup for Next Mark 2.191ms
[2024-10-12T11:23:46.285+0800][info] GC(15) Concurrent Mark Cycle 10.841ms
[2024-10-12T11:23:46.594+0800][info] GC(16) Pause Young (Prepare Mixed) (G1 Evacuation Pause)
[2024-10-12T11:23:46.594+0800][info] GC(16) Using 3 workers of 48 for evacuation
[2024-10-12T11:23:46.598+0800][info] GC(16)   Pre Evacuate Collection Set: 0.1ms
[2024-10-12T11:23:46.598+0800][info] GC(16)   Merge Heap Roots: 0.0ms
[2024-10-12T11:23:46.598+0800][info] GC(16)   Evacuate Collection Set: 2.9ms
[2024-10-12T11:23:46.598+0800][info] GC(16)   Post Evacuate Collection Set: 0.2ms
[2024-10-12T11:23:46.598+0800][info] GC(16)   Other: 0.3ms
[2024-10-12T11:23:46.598+0800][info] GC(16) Eden regions: 5->0(2)
[2024-10-12T11:23:46.598+0800][info] GC(16) Survivor regions: 1->1(1)
[2024-10-12T11:23:46.598+0800][info] GC(16) Old regions: 36->41
[2024-10-12T11:23:46.598+0800][info] GC(16) Archive regions: 2->2
[2024-10-12T11:23:46.598+0800][info] GC(16) Humongous regions: 1->1
[2024-10-12T11:23:46.598+0800][info] GC(16) Metaspace: 1526K(1664K)->1526K(1664K) NonClass: 1390K(1472K)->1390K(1472K) Class: 135K(192K)->135K(192K)
[2024-10-12T11:23:46.598+0800][info] GC(16) Pause Young (Prepare Mixed) (G1 Evacuation Pause) 86M->87M(128M) 3.581ms
[2024-10-12T11:23:46.598+0800][info] GC(16) User=0.01s Sys=0.00s Real=0.00s
[2024-10-12T11:23:46.702+0800][info] GC(17) Pause Young (Mixed) (G1 Evacuation Pause)
[2024-10-12T11:23:46.702+0800][info] GC(17) Using 3 workers of 48 for evacuation
[2024-10-12T11:23:46.707+0800][info] GC(17)   Pre Evacuate Collection Set: 0.1ms
[2024-10-12T11:23:46.707+0800][info] GC(17)   Merge Heap Roots: 0.1ms
[2024-10-12T11:23:46.707+0800][info] GC(17)   Evacuate Collection Set: 4.5ms
[2024-10-12T11:23:46.707+0800][info] GC(17)   Post Evacuate Collection Set: 0.2ms
[2024-10-12T11:23:46.707+0800][info] GC(17)   Other: 0.2ms
[2024-10-12T11:23:46.707+0800][info] GC(17) Eden regions: 2->0(2)
[2024-10-12T11:23:46.707+0800][info] GC(17) Survivor regions: 1->1(1)
[2024-10-12T11:23:46.707+0800][info] GC(17) Old regions: 41->38
[2024-10-12T11:23:46.707+0800][info] GC(17) Archive regions: 2->2
[2024-10-12T11:23:46.707+0800][info] GC(17) Humongous regions: 1->1
[2024-10-12T11:23:46.707+0800][info] GC(17) Metaspace: 1531K(1664K)->1531K(1664K) NonClass: 1395K(1472K)->1395K(1472K) Class: 135K(192K)->135K(192K)
[2024-10-12T11:23:46.707+0800][info] GC(17) Pause Young (Mixed) (G1 Evacuation Pause) 90M->80M(128M) 5.277ms
[2024-10-12T11:23:46.707+0800][info] GC(17) User=0.01s Sys=0.00s Real=0.01s
[2024-10-12T11:23:46.810+0800][info] GC(18) Pause Young (Mixed) (G1 Evacuation Pause)
[2024-10-12T11:23:46.810+0800][info] GC(18) Using 3 workers of 48 for evacuation
[2024-10-12T11:23:46.812+0800][info] GC(18)   Pre Evacuate Collection Set: 0.2ms
[2024-10-12T11:23:46.812+0800][info] GC(18)   Merge Heap Roots: 0.1ms
[2024-10-12T11:23:46.812+0800][info] GC(18)   Evacuate Collection Set: 2.2ms
[2024-10-12T11:23:46.812+0800][info] GC(18)   Post Evacuate Collection Set: 0.2ms
[2024-10-12T11:23:46.812+0800][info] GC(18)   Other: 0.2ms
[2024-10-12T11:23:46.812+0800][info] GC(18) Eden regions: 2->0(2)
[2024-10-12T11:23:46.812+0800][info] GC(18) Survivor regions: 1->1(1)
[2024-10-12T11:23:46.812+0800][info] GC(18) Old regions: 38->37
[2024-10-12T11:23:46.812+0800][info] GC(18) Archive regions: 2->2
[2024-10-12T11:23:46.812+0800][info] GC(18) Humongous regions: 1->1
[2024-10-12T11:23:46.812+0800][info] GC(18) Metaspace: 1531K(1664K)->1531K(1664K) NonClass: 1395K(1472K)->1395K(1472K) Class: 135K(192K)->135K(192K)
[2024-10-12T11:23:46.813+0800][info] GC(18) Pause Young (Mixed) (G1 Evacuation Pause) 84M->78M(128M) 2.950ms
[2024-10-12T11:23:46.813+0800][info] GC(18) User=0.01s Sys=0.00s Real=0.00s
[2024-10-12T11:23:46.916+0800][info] GC(19) Pause Young (Mixed) (G1 Evacuation Pause)
[2024-10-12T11:23:46.916+0800][info] GC(19) Using 3 workers of 48 for evacuation
[2024-10-12T11:23:46.918+0800][info] GC(19)   Pre Evacuate Collection Set: 0.2ms
[2024-10-12T11:23:46.918+0800][info] GC(19)   Merge Heap Roots: 0.0ms
[2024-10-12T11:23:46.918+0800][info] GC(19)   Evacuate Collection Set: 0.9ms
[2024-10-12T11:23:46.918+0800][info] GC(19)   Post Evacuate Collection Set: 0.2ms
[2024-10-12T11:23:46.918+0800][info] GC(19)   Other: 0.2ms
[2024-10-12T11:23:46.918+0800][info] GC(19) Eden regions: 2->0(4)
[2024-10-12T11:23:46.918+0800][info] GC(19) Survivor regions: 1->1(1)
[2024-10-12T11:23:46.918+0800][info] GC(19) Old regions: 37->38
[2024-10-12T11:23:46.918+0800][info] GC(19) Archive regions: 2->2
[2024-10-12T11:23:46.918+0800][info] GC(19) Humongous regions: 1->1
[2024-10-12T11:23:46.918+0800][info] GC(19) Metaspace: 1531K(1664K)->1531K(1664K) NonClass: 1395K(1472K)->1395K(1472K) Class: 135K(192K)->135K(192K)
[2024-10-12T11:23:46.918+0800][info] GC(19) Pause Young (Mixed) (G1 Evacuation Pause) 81M->80M(128M) 1.617ms
[2024-10-12T11:23:46.918+0800][info] GC(19) User=0.00s Sys=0.00s Real=0.00s
[2024-10-12T11:23:47.145+0800][info] GC(20) Pause Young (Concurrent Start) (G1 Evacuation Pause)
[2024-10-12T11:23:47.145+0800][info] GC(20) Using 3 workers of 48 for evacuation
[2024-10-12T11:23:47.147+0800][info] GC(20)   Pre Evacuate Collection Set: 0.1ms
[2024-10-12T11:23:47.147+0800][info] GC(20)   Merge Heap Roots: 0.0ms
[2024-10-12T11:23:47.147+0800][info] GC(20)   Evacuate Collection Set: 1.6ms
[2024-10-12T11:23:47.147+0800][info] GC(20)   Post Evacuate Collection Set: 0.2ms
[2024-10-12T11:23:47.147+0800][info] GC(20)   Other: 0.4ms
[2024-10-12T11:23:47.147+0800][info] GC(20) Eden regions: 4->0(3)
[2024-10-12T11:23:47.147+0800][info] GC(20) Survivor regions: 1->1(1)
[2024-10-12T11:23:47.147+0800][info] GC(20) Old regions: 38->42
[2024-10-12T11:23:47.147+0800][info] GC(20) Archive regions: 2->2
[2024-10-12T11:23:47.147+0800][info] GC(20) Humongous regions: 1->1
[2024-10-12T11:23:47.147+0800][info] GC(20) Metaspace: 1531K(1664K)->1531K(1664K) NonClass: 1395K(1472K)->1395K(1472K) Class: 135K(192K)->135K(192K)
[2024-10-12T11:23:47.147+0800][info] GC(20) Pause Young (Concurrent Start) (G1 Evacuation Pause) 87M->88M(128M) 2.437ms
[2024-10-12T11:23:47.147+0800][info] GC(20) User=0.00s Sys=0.00s Real=0.01s
[2024-10-12T11:23:47.147+0800][info] GC(21) Concurrent Mark Cycle
[2024-10-12T11:23:47.147+0800][info] GC(21) Concurrent Clear Claimed Marks
[2024-10-12T11:23:47.147+0800][info] GC(21) Concurrent Clear Claimed Marks 0.024ms
[2024-10-12T11:23:47.147+0800][info] GC(21) Concurrent Scan Root Regions
[2024-10-12T11:23:47.147+0800][info] GC(21) Concurrent Scan Root Regions 0.159ms
[2024-10-12T11:23:47.147+0800][info] GC(21) Concurrent Mark
[2024-10-12T11:23:47.147+0800][info] GC(21) Concurrent Mark From Roots
[2024-10-12T11:23:47.147+0800][info] GC(21) Using 12 workers of 12 for marking
[2024-10-12T11:23:47.153+0800][info] GC(21) Concurrent Mark From Roots 5.850ms
[2024-10-12T11:23:47.153+0800][info] GC(21) Concurrent Preclean
[2024-10-12T11:23:47.155+0800][info] GC(21) Concurrent Preclean 1.676ms
[2024-10-12T11:23:47.155+0800][info] GC(21) Pause Remark
[2024-10-12T11:23:47.156+0800][info] GC(21) Pause Remark 89M->89M(128M) 1.321ms
[2024-10-12T11:23:47.156+0800][info] GC(21) User=0.00s Sys=0.00s Real=0.00s
[2024-10-12T11:23:47.157+0800][info] GC(21) Concurrent Mark 9.205ms
[2024-10-12T11:23:47.157+0800][info] GC(21) Concurrent Rebuild Remembered Sets
[2024-10-12T11:23:47.158+0800][info] GC(21) Concurrent Rebuild Remembered Sets 1.687ms
[2024-10-12T11:23:47.158+0800][info] GC(21) Pause Cleanup
[2024-10-12T11:23:47.159+0800][info] GC(21) Pause Cleanup 89M->89M(128M) 0.260ms
[2024-10-12T11:23:47.159+0800][info] GC(21) User=0.00s Sys=0.00s Real=0.00s
[2024-10-12T11:23:47.159+0800][info] GC(21) Concurrent Cleanup for Next Mark
[2024-10-12T11:23:47.159+0800][info] GC(21) Concurrent Cleanup for Next Mark 0.389ms
[2024-10-12T11:23:47.159+0800][info] GC(21) Concurrent Mark Cycle 12.108ms
[2024-10-12T11:23:47.364+0800][info] GC(22) Pause Young (Prepare Mixed) (G1 Evacuation Pause)
[2024-10-12T11:23:47.364+0800][info] GC(22) Using 3 workers of 48 for evacuation
[2024-10-12T11:23:47.366+0800][info] GC(22)   Pre Evacuate Collection Set: 0.1ms
[2024-10-12T11:23:47.366+0800][info] GC(22)   Merge Heap Roots: 0.0ms
[2024-10-12T11:23:47.366+0800][info] GC(22)   Evacuate Collection Set: 1.3ms
[2024-10-12T11:23:47.366+0800][info] GC(22)   Post Evacuate Collection Set: 0.2ms
[2024-10-12T11:23:47.366+0800][info] GC(22)   Other: 0.2ms
[2024-10-12T11:23:47.366+0800][info] GC(22) Eden regions: 3->0(2)
[2024-10-12T11:23:47.366+0800][info] GC(22) Survivor regions: 1->1(1)
[2024-10-12T11:23:47.366+0800][info] GC(22) Old regions: 42->45
[2024-10-12T11:23:47.366+0800][info] GC(22) Archive regions: 2->2
[2024-10-12T11:23:47.366+0800][info] GC(22) Humongous regions: 1->1
[2024-10-12T11:23:47.366+0800][info] GC(22) Metaspace: 1561K(1664K)->1561K(1664K) NonClass: 1425K(1472K)->1425K(1472K) Class: 135K(192K)->135K(192K)
[2024-10-12T11:23:47.366+0800][info] GC(22) Pause Young (Prepare Mixed) (G1 Evacuation Pause) 94M->94M(128M) 1.990ms
[2024-10-12T11:23:47.366+0800][info] GC(22) User=0.01s Sys=0.00s Real=0.01s
[2024-10-12T11:23:47.469+0800][info] GC(23) Pause Young (Mixed) (G1 Evacuation Pause)
[2024-10-12T11:23:47.469+0800][info] GC(23) Using 3 workers of 48 for evacuation
[2024-10-12T11:23:47.474+0800][info] GC(23)   Pre Evacuate Collection Set: 0.1ms
[2024-10-12T11:23:47.474+0800][info] GC(23)   Merge Heap Roots: 0.0ms
[2024-10-12T11:23:47.474+0800][info] GC(23)   Evacuate Collection Set: 5.3ms
[2024-10-12T11:23:47.474+0800][info] GC(23)   Post Evacuate Collection Set: 0.2ms
[2024-10-12T11:23:47.474+0800][info] GC(23)   Other: 0.2ms
[2024-10-12T11:23:47.474+0800][info] GC(23) Eden regions: 2->0(2)
[2024-10-12T11:23:47.474+0800][info] GC(23) Survivor regions: 1->1(1)
[2024-10-12T11:23:47.474+0800][info] GC(23) Old regions: 45->43
[2024-10-12T11:23:47.475+0800][info] GC(23) Archive regions: 2->2
[2024-10-12T11:23:47.475+0800][info] GC(23) Humongous regions: 1->1
[2024-10-12T11:23:47.475+0800][info] GC(23) Metaspace: 1561K(1664K)->1561K(1664K) NonClass: 1425K(1472K)->1425K(1472K) Class: 135K(192K)->135K(192K)
[2024-10-12T11:23:47.475+0800][info] GC(23) Pause Young (Mixed) (G1 Evacuation Pause) 98M->90M(128M) 6.016ms
[2024-10-12T11:23:47.475+0800][info] GC(23) User=0.01s Sys=0.01s Real=0.01s
[2024-10-12T11:23:47.578+0800][info] GC(24) Pause Young (Mixed) (G1 Evacuation Pause)
[2024-10-12T11:23:47.578+0800][info] GC(24) Using 3 workers of 48 for evacuation
[2024-10-12T11:23:47.581+0800][info] GC(24)   Pre Evacuate Collection Set: 0.1ms
[2024-10-12T11:23:47.581+0800][info] GC(24)   Merge Heap Roots: 0.0ms
[2024-10-12T11:23:47.581+0800][info] GC(24)   Evacuate Collection Set: 1.9ms
[2024-10-12T11:23:47.581+0800][info] GC(24)   Post Evacuate Collection Set: 0.2ms
[2024-10-12T11:23:47.581+0800][info] GC(24)   Other: 0.1ms
[2024-10-12T11:23:47.581+0800][info] GC(24) Eden regions: 2->0(2)
[2024-10-12T11:23:47.581+0800][info] GC(24) Survivor regions: 1->1(1)
[2024-10-12T11:23:47.581+0800][info] GC(24) Old regions: 43->42
[2024-10-12T11:23:47.581+0800][info] GC(24) Archive regions: 2->2
[2024-10-12T11:23:47.581+0800][info] GC(24) Humongous regions: 2->2
[2024-10-12T11:23:47.581+0800][info] GC(24) Metaspace: 1561K(1664K)->1561K(1664K) NonClass: 1425K(1472K)->1425K(1472K) Class: 135K(192K)->135K(192K)
[2024-10-12T11:23:47.581+0800][info] GC(24) Pause Young (Mixed) (G1 Evacuation Pause) 95M->90M(128M) 2.592ms
[2024-10-12T11:23:47.581+0800][info] GC(24) User=0.01s Sys=0.00s Real=0.00s
[2024-10-12T11:23:47.683+0800][info] GC(25) Pause Young (Mixed) (G1 Evacuation Pause)
[2024-10-12T11:23:47.683+0800][info] GC(25) Using 3 workers of 48 for evacuation
[2024-10-12T11:23:47.685+0800][info] GC(25)   Pre Evacuate Collection Set: 0.1ms
[2024-10-12T11:23:47.685+0800][info] GC(25)   Merge Heap Roots: 0.1ms
[2024-10-12T11:23:47.685+0800][info] GC(25)   Evacuate Collection Set: 1.2ms
[2024-10-12T11:23:47.685+0800][info] GC(25)   Post Evacuate Collection Set: 0.2ms
[2024-10-12T11:23:47.685+0800][info] GC(25)   Other: 0.2ms
[2024-10-12T11:23:47.685+0800][info] GC(25) Eden regions: 2->0(2)
[2024-10-12T11:23:47.685+0800][info] GC(25) Survivor regions: 1->1(1)
[2024-10-12T11:23:47.685+0800][info] GC(25) Old regions: 42->43
[2024-10-12T11:23:47.685+0800][info] GC(25) Archive regions: 2->2
[2024-10-12T11:23:47.685+0800][info] GC(25) Humongous regions: 2->2
[2024-10-12T11:23:47.685+0800][info] GC(25) Metaspace: 1561K(1664K)->1561K(1664K) NonClass: 1425K(1472K)->1425K(1472K) Class: 135K(192K)->135K(192K)
[2024-10-12T11:23:47.685+0800][info] GC(25) Pause Young (Mixed) (G1 Evacuation Pause) 94M->92M(128M) 1.836ms
[2024-10-12T11:23:47.685+0800][info] GC(25) User=0.00s Sys=0.00s Real=0.00s
[2024-10-12T11:23:47.788+0800][info] GC(26) Pause Young (Normal) (G1 Evacuation Pause)
[2024-10-12T11:23:47.788+0800][info] GC(26) Using 3 workers of 48 for evacuation
[2024-10-12T11:23:47.790+0800][info] GC(26)   Pre Evacuate Collection Set: 0.1ms
[2024-10-12T11:23:47.790+0800][info] GC(26)   Merge Heap Roots: 0.0ms
[2024-10-12T11:23:47.790+0800][info] GC(26)   Evacuate Collection Set: 1.1ms
[2024-10-12T11:23:47.790+0800][info] GC(26)   Post Evacuate Collection Set: 0.2ms
[2024-10-12T11:23:47.790+0800][info] GC(26)   Other: 0.2ms
[2024-10-12T11:23:47.790+0800][info] GC(26) Eden regions: 2->0(2)
[2024-10-12T11:23:47.790+0800][info] GC(26) Survivor regions: 1->1(1)
[2024-10-12T11:23:47.790+0800][info] GC(26) Old regions: 43->45
[2024-10-12T11:23:47.790+0800][info] GC(26) Archive regions: 2->2
[2024-10-12T11:23:47.790+0800][info] GC(26) Humongous regions: 2->2
[2024-10-12T11:23:47.790+0800][info] GC(26) Metaspace: 1562K(1664K)->1562K(1664K) NonClass: 1426K(1472K)->1426K(1472K) Class: 135K(192K)->135K(192K)
[2024-10-12T11:23:47.790+0800][info] GC(26) Pause Young (Normal) (G1 Evacuation Pause) 96M->96M(128M) 1.755ms
[2024-10-12T11:23:47.790+0800][info] GC(26) User=0.00s Sys=0.00s Real=0.00s
[2024-10-12T11:23:47.893+0800][info] GC(27) Pause Young (Normal) (G1 Evacuation Pause)
[2024-10-12T11:23:47.893+0800][info] GC(27) Using 3 workers of 48 for evacuation
[2024-10-12T11:23:47.894+0800][info] GC(27)   Pre Evacuate Collection Set: 0.1ms
[2024-10-12T11:23:47.894+0800][info] GC(27)   Merge Heap Roots: 0.0ms
[2024-10-12T11:23:47.894+0800][info] GC(27)   Evacuate Collection Set: 0.8ms
[2024-10-12T11:23:47.894+0800][info] GC(27)   Post Evacuate Collection Set: 0.2ms
[2024-10-12T11:23:47.894+0800][info] GC(27)   Other: 0.2ms
[2024-10-12T11:23:47.894+0800][info] GC(27) Eden regions: 2->0(2)
[2024-10-12T11:23:47.894+0800][info] GC(27) Survivor regions: 1->1(1)
[2024-10-12T11:23:47.894+0800][info] GC(27) Old regions: 45->46
[2024-10-12T11:23:47.894+0800][info] GC(27) Archive regions: 2->2
[2024-10-12T11:23:47.894+0800][info] GC(27) Humongous regions: 2->2
[2024-10-12T11:23:47.894+0800][info] GC(27) Metaspace: 1562K(1664K)->1562K(1664K) NonClass: 1426K(1472K)->1426K(1472K) Class: 135K(192K)->135K(192K)
[2024-10-12T11:23:47.894+0800][info] GC(27) Pause Young (Normal) (G1 Evacuation Pause) 99M->99M(128M) 1.401ms
[2024-10-12T11:23:47.894+0800][info] GC(27) User=0.00s Sys=0.00s Real=0.01s
[2024-10-12T11:23:47.997+0800][info] GC(28) Pause Young (Concurrent Start) (G1 Evacuation Pause)
[2024-10-12T11:23:47.997+0800][info] GC(28) Using 3 workers of 48 for evacuation
[2024-10-12T11:23:47.999+0800][info] GC(28)   Pre Evacuate Collection Set: 0.1ms
[2024-10-12T11:23:47.999+0800][info] GC(28)   Merge Heap Roots: 0.0ms
[2024-10-12T11:23:47.999+0800][info] GC(28)   Evacuate Collection Set: 1.2ms
[2024-10-12T11:23:47.999+0800][info] GC(28)   Post Evacuate Collection Set: 0.2ms
[2024-10-12T11:23:47.999+0800][info] GC(28)   Other: 0.4ms
[2024-10-12T11:23:47.999+0800][info] GC(28) Eden regions: 2->0(2)
[2024-10-12T11:23:47.999+0800][info] GC(28) Survivor regions: 1->1(1)
[2024-10-12T11:23:47.999+0800][info] GC(28) Old regions: 46->48
[2024-10-12T11:23:47.999+0800][info] GC(28) Archive regions: 2->2
[2024-10-12T11:23:47.999+0800][info] GC(28) Humongous regions: 2->2
[2024-10-12T11:23:47.999+0800][info] GC(28) Metaspace: 1562K(1664K)->1562K(1664K) NonClass: 1426K(1472K)->1426K(1472K) Class: 135K(192K)->135K(192K)
[2024-10-12T11:23:47.999+0800][info] GC(28) Pause Young (Concurrent Start) (G1 Evacuation Pause) 103M->103M(128M) 2.072ms
[2024-10-12T11:23:47.999+0800][info] GC(28) User=0.01s Sys=0.00s Real=0.00s
[2024-10-12T11:23:48.000+0800][info] GC(29) Concurrent Mark Cycle
[2024-10-12T11:23:48.000+0800][info] GC(29) Concurrent Clear Claimed Marks
[2024-10-12T11:23:48.000+0800][info] GC(29) Concurrent Clear Claimed Marks 0.023ms
[2024-10-12T11:23:48.000+0800][info] GC(29) Concurrent Scan Root Regions
[2024-10-12T11:23:48.000+0800][info] GC(29) Concurrent Scan Root Regions 0.186ms
[2024-10-12T11:23:48.000+0800][info] GC(29) Concurrent Mark
[2024-10-12T11:23:48.000+0800][info] GC(29) Concurrent Mark From Roots
[2024-10-12T11:23:48.000+0800][info] GC(29) Using 12 workers of 12 for marking
[2024-10-12T11:23:48.004+0800][info] GC(29) Concurrent Mark From Roots 3.968ms
[2024-10-12T11:23:48.004+0800][info] GC(29) Concurrent Preclean
[2024-10-12T11:23:48.006+0800][info] GC(29) Concurrent Preclean 1.707ms
[2024-10-12T11:23:48.006+0800][info] GC(29) Pause Remark
[2024-10-12T11:23:48.007+0800][info] GC(29) Pause Remark 104M->102M(128M) 1.318ms
[2024-10-12T11:23:48.007+0800][info] GC(29) User=0.00s Sys=0.00s Real=0.00s
[2024-10-12T11:23:48.007+0800][info] GC(29) Concurrent Mark 7.352ms
[2024-10-12T11:23:48.007+0800][info] GC(29) Concurrent Rebuild Remembered Sets
[2024-10-12T11:23:48.009+0800][info] GC(29) Concurrent Rebuild Remembered Sets 1.837ms
[2024-10-12T11:23:48.009+0800][info] GC(29) Pause Cleanup
[2024-10-12T11:23:48.009+0800][info] GC(29) Pause Cleanup 102M->102M(128M) 0.197ms
[2024-10-12T11:23:48.009+0800][info] GC(29) User=0.00s Sys=0.00s Real=0.00s
[2024-10-12T11:23:48.010+0800][info] GC(29) Concurrent Cleanup for Next Mark
[2024-10-12T11:23:48.010+0800][info] GC(29) Concurrent Cleanup for Next Mark 0.463ms
[2024-10-12T11:23:48.010+0800][info] GC(29) Concurrent Mark Cycle 10.428ms
[2024-10-12T11:23:48.154+0800][info] GC(30) Pause Young (Prepare Mixed) (G1 Evacuation Pause)
[2024-10-12T11:23:48.154+0800][info] GC(30) Using 3 workers of 48 for evacuation
[2024-10-12T11:23:48.155+0800][info] GC(30)   Pre Evacuate Collection Set: 0.1ms
[2024-10-12T11:23:48.155+0800][info] GC(30)   Merge Heap Roots: 0.1ms
[2024-10-12T11:23:48.155+0800][info] GC(30)   Evacuate Collection Set: 0.9ms
[2024-10-12T11:23:48.155+0800][info] GC(30)   Post Evacuate Collection Set: 0.2ms
[2024-10-12T11:23:48.155+0800][info] GC(30)   Other: 0.2ms
[2024-10-12T11:23:48.155+0800][info] GC(30) Eden regions: 2->0(2)
[2024-10-12T11:23:48.155+0800][info] GC(30) Survivor regions: 1->1(1)
[2024-10-12T11:23:48.155+0800][info] GC(30) Old regions: 47->49
[2024-10-12T11:23:48.155+0800][info] GC(30) Archive regions: 2->2
[2024-10-12T11:23:48.155+0800][info] GC(30) Humongous regions: 2->2
[2024-10-12T11:23:48.155+0800][info] GC(30) Metaspace: 1563K(1664K)->1563K(1664K) NonClass: 1427K(1472K)->1427K(1472K) Class: 135K(192K)->135K(192K)
[2024-10-12T11:23:48.155+0800][info] GC(30) Pause Young (Prepare Mixed) (G1 Evacuation Pause) 105M->105M(128M) 1.595ms
[2024-10-12T11:23:48.155+0800][info] GC(30) User=0.00s Sys=0.00s Real=0.00s
[2024-10-12T11:23:48.259+0800][info] GC(31) Pause Young (Mixed) (G1 Evacuation Pause)
[2024-10-12T11:23:48.259+0800][info] GC(31) Using 3 workers of 48 for evacuation
[2024-10-12T11:23:48.260+0800][info] GC(31)   Pre Evacuate Collection Set: 0.2ms
[2024-10-12T11:23:48.260+0800][info] GC(31)   Merge Heap Roots: 0.0ms
[2024-10-12T11:23:48.260+0800][info] GC(31)   Evacuate Collection Set: 1.1ms
[2024-10-12T11:23:48.260+0800][info] GC(31)   Post Evacuate Collection Set: 0.2ms
[2024-10-12T11:23:48.261+0800][info] GC(31)   Other: 0.2ms
[2024-10-12T11:23:48.261+0800][info] GC(31) Eden regions: 2->0(2)
[2024-10-12T11:23:48.261+0800][info] GC(31) Survivor regions: 1->1(1)
[2024-10-12T11:23:48.261+0800][info] GC(31) Old regions: 49->47
[2024-10-12T11:23:48.261+0800][info] GC(31) Archive regions: 2->2
[2024-10-12T11:23:48.261+0800][info] GC(31) Humongous regions: 2->2
[2024-10-12T11:23:48.261+0800][info] GC(31) Metaspace: 1566K(1664K)->1566K(1664K) NonClass: 1430K(1472K)->1430K(1472K) Class: 135K(192K)->135K(192K)
[2024-10-12T11:23:48.261+0800][info] GC(31) Pause Young (Mixed) (G1 Evacuation Pause) 109M->101M(128M) 1.851ms
[2024-10-12T11:23:48.261+0800][info] GC(31) User=0.01s Sys=0.00s Real=0.00s
[2024-10-12T11:23:48.363+0800][info] GC(32) Pause Young (Mixed) (G1 Evacuation Pause)
[2024-10-12T11:23:48.363+0800][info] GC(32) Using 3 workers of 48 for evacuation
[2024-10-12T11:23:48.365+0800][info] GC(32)   Pre Evacuate Collection Set: 0.2ms
[2024-10-12T11:23:48.365+0800][info] GC(32)   Merge Heap Roots: 0.0ms
[2024-10-12T11:23:48.365+0800][info] GC(32)   Evacuate Collection Set: 1.4ms
[2024-10-12T11:23:48.365+0800][info] GC(32)   Post Evacuate Collection Set: 0.2ms
[2024-10-12T11:23:48.365+0800][info] GC(32)   Other: 0.1ms
[2024-10-12T11:23:48.365+0800][info] GC(32) Eden regions: 2->0(2)
[2024-10-12T11:23:48.365+0800][info] GC(32) Survivor regions: 1->1(1)
[2024-10-12T11:23:48.365+0800][info] GC(32) Old regions: 47->46
[2024-10-12T11:23:48.365+0800][info] GC(32) Archive regions: 2->2
[2024-10-12T11:23:48.365+0800][info] GC(32) Humongous regions: 2->2
[2024-10-12T11:23:48.365+0800][info] GC(32) Metaspace: 1566K(1664K)->1566K(1664K) NonClass: 1430K(1472K)->1430K(1472K) Class: 135K(192K)->135K(192K)
[2024-10-12T11:23:48.365+0800][info] GC(32) Pause Young (Mixed) (G1 Evacuation Pause) 104M->99M(128M) 2.160ms
[2024-10-12T11:23:48.365+0800][info] GC(32) User=0.00s Sys=0.01s Real=0.01s
[2024-10-12T11:23:48.469+0800][info] GC(33) Pause Young (Mixed) (G1 Evacuation Pause)
[2024-10-12T11:23:48.469+0800][info] GC(33) Using 3 workers of 48 for evacuation
[2024-10-12T11:23:48.471+0800][info] GC(33)   Pre Evacuate Collection Set: 0.2ms
[2024-10-12T11:23:48.471+0800][info] GC(33)   Merge Heap Roots: 0.1ms
[2024-10-12T11:23:48.472+0800][info] GC(33)   Evacuate Collection Set: 2.2ms
[2024-10-12T11:23:48.472+0800][info] GC(33)   Post Evacuate Collection Set: 0.2ms
[2024-10-12T11:23:48.472+0800][info] GC(33)   Other: 0.1ms
[2024-10-12T11:23:48.472+0800][info] GC(33) Eden regions: 2->0(2)
[2024-10-12T11:23:48.472+0800][info] GC(33) Survivor regions: 1->1(1)
[2024-10-12T11:23:48.472+0800][info] GC(33) Old regions: 46->45
[2024-10-12T11:23:48.472+0800][info] GC(33) Archive regions: 2->2
[2024-10-12T11:23:48.472+0800][info] GC(33) Humongous regions: 2->2
[2024-10-12T11:23:48.472+0800][info] GC(33) Metaspace: 1567K(1728K)->1567K(1728K) NonClass: 1431K(1536K)->1431K(1536K) Class: 135K(192K)->135K(192K)
[2024-10-12T11:23:48.472+0800][info] GC(33) Pause Young (Mixed) (G1 Evacuation Pause) 102M->96M(128M) 2.837ms
[2024-10-12T11:23:48.472+0800][info] GC(33) User=0.00s Sys=0.00s Real=0.00s
[2024-10-12T11:23:48.574+0800][info] GC(34) Pause Young (Mixed) (G1 Evacuation Pause)
[2024-10-12T11:23:48.574+0800][info] GC(34) Using 3 workers of 48 for evacuation
[2024-10-12T11:23:48.576+0800][info] GC(34)   Pre Evacuate Collection Set: 0.2ms
[2024-10-12T11:23:48.576+0800][info] GC(34)   Merge Heap Roots: 0.1ms
[2024-10-12T11:23:48.576+0800][info] GC(34)   Evacuate Collection Set: 1.5ms
[2024-10-12T11:23:48.576+0800][info] GC(34)   Post Evacuate Collection Set: 0.2ms
[2024-10-12T11:23:48.576+0800][info] GC(34)   Other: 0.1ms
[2024-10-12T11:23:48.576+0800][info] GC(34) Eden regions: 2->0(2)
[2024-10-12T11:23:48.576+0800][info] GC(34) Survivor regions: 1->1(1)
[2024-10-12T11:23:48.576+0800][info] GC(34) Old regions: 45->46
[2024-10-12T11:23:48.576+0800][info] GC(34) Archive regions: 2->2
[2024-10-12T11:23:48.576+0800][info] GC(34) Humongous regions: 2->2
[2024-10-12T11:23:48.576+0800][info] GC(34) Metaspace: 1567K(1728K)->1567K(1728K) NonClass: 1431K(1536K)->1431K(1536K) Class: 135K(192K)->135K(192K)
[2024-10-12T11:23:48.577+0800][info] GC(34) Pause Young (Mixed) (G1 Evacuation Pause) 100M->98M(128M) 2.168ms
[2024-10-12T11:23:48.577+0800][info] GC(34) User=0.01s Sys=0.00s Real=0.00s
[2024-10-12T11:23:48.680+0800][info] GC(35) Pause Young (Normal) (G1 Evacuation Pause)
[2024-10-12T11:23:48.680+0800][info] GC(35) Using 3 workers of 48 for evacuation
[2024-10-12T11:23:48.681+0800][info] GC(35)   Pre Evacuate Collection Set: 0.1ms
[2024-10-12T11:23:48.681+0800][info] GC(35)   Merge Heap Roots: 0.0ms
[2024-10-12T11:23:48.681+0800][info] GC(35)   Evacuate Collection Set: 0.8ms
[2024-10-12T11:23:48.681+0800][info] GC(35)   Post Evacuate Collection Set: 0.2ms
[2024-10-12T11:23:48.681+0800][info] GC(35)   Other: 0.2ms
[2024-10-12T11:23:48.681+0800][info] GC(35) Eden regions: 2->0(2)
[2024-10-12T11:23:48.681+0800][info] GC(35) Survivor regions: 1->1(1)
[2024-10-12T11:23:48.681+0800][info] GC(35) Old regions: 46->48
[2024-10-12T11:23:48.681+0800][info] GC(35) Archive regions: 2->2
[2024-10-12T11:23:48.681+0800][info] GC(35) Humongous regions: 2->2
[2024-10-12T11:23:48.681+0800][info] GC(35) Metaspace: 1568K(1728K)->1568K(1728K) NonClass: 1432K(1536K)->1432K(1536K) Class: 135K(192K)->135K(192K)
[2024-10-12T11:23:48.681+0800][info] GC(35) Pause Young (Normal) (G1 Evacuation Pause) 101M->102M(128M) 1.356ms
[2024-10-12T11:23:48.681+0800][info] GC(35) User=0.00s Sys=0.01s Real=0.00s
[2024-10-12T11:23:48.784+0800][info] GC(36) Pause Young (Normal) (G1 Evacuation Pause)
[2024-10-12T11:23:48.784+0800][info] GC(36) Using 3 workers of 48 for evacuation
[2024-10-12T11:23:48.786+0800][info] GC(36)   Pre Evacuate Collection Set: 0.1ms
[2024-10-12T11:23:48.786+0800][info] GC(36)   Merge Heap Roots: 0.0ms
[2024-10-12T11:23:48.786+0800][info] GC(36)   Evacuate Collection Set: 0.7ms
[2024-10-12T11:23:48.786+0800][info] GC(36)   Post Evacuate Collection Set: 0.2ms
[2024-10-12T11:23:48.786+0800][info] GC(36)   Other: 0.2ms
[2024-10-12T11:23:48.786+0800][info] GC(36) Eden regions: 2->0(2)
[2024-10-12T11:23:48.786+0800][info] GC(36) Survivor regions: 1->1(1)
[2024-10-12T11:23:48.786+0800][info] GC(36) Old regions: 48->49
[2024-10-12T11:23:48.786+0800][info] GC(36) Archive regions: 2->2
[2024-10-12T11:23:48.786+0800][info] GC(36) Humongous regions: 2->2
[2024-10-12T11:23:48.786+0800][info] GC(36) Metaspace: 1580K(1728K)->1580K(1728K) NonClass: 1444K(1536K)->1444K(1536K) Class: 135K(192K)->135K(192K)
[2024-10-12T11:23:48.786+0800][info] GC(36) Pause Young (Normal) (G1 Evacuation Pause) 105M->105M(128M) 1.319ms
[2024-10-12T11:23:48.786+0800][info] GC(36) User=0.00s Sys=0.00s Real=0.01s
[2024-10-12T11:23:48.889+0800][info] GC(37) Pause Young (Concurrent Start) (G1 Evacuation Pause)
[2024-10-12T11:23:48.889+0800][info] GC(37) Using 3 workers of 48 for evacuation
[2024-10-12T11:23:48.890+0800][info] GC(37)   Pre Evacuate Collection Set: 0.1ms
[2024-10-12T11:23:48.890+0800][info] GC(37)   Merge Heap Roots: 0.0ms
[2024-10-12T11:23:48.890+0800][info] GC(37)   Evacuate Collection Set: 1.0ms
[2024-10-12T11:23:48.890+0800][info] GC(37)   Post Evacuate Collection Set: 0.2ms
[2024-10-12T11:23:48.890+0800][info] GC(37)   Other: 0.4ms
[2024-10-12T11:23:48.890+0800][info] GC(37) Eden regions: 2->0(2)
[2024-10-12T11:23:48.890+0800][info] GC(37) Survivor regions: 1->1(1)
[2024-10-12T11:23:48.890+0800][info] GC(37) Old regions: 49->51
[2024-10-12T11:23:48.890+0800][info] GC(37) Archive regions: 2->2
[2024-10-12T11:23:48.890+0800][info] GC(37) Humongous regions: 2->2
[2024-10-12T11:23:48.890+0800][info] GC(37) Metaspace: 1582K(1728K)->1582K(1728K) NonClass: 1447K(1536K)->1447K(1536K) Class: 135K(192K)->135K(192K)
[2024-10-12T11:23:48.890+0800][info] GC(37) Pause Young (Concurrent Start) (G1 Evacuation Pause) 109M->109M(128M) 1.768ms
[2024-10-12T11:23:48.890+0800][info] GC(37) User=0.00s Sys=0.00s Real=0.00s
[2024-10-12T11:23:48.891+0800][info] GC(38) Concurrent Mark Cycle
[2024-10-12T11:23:48.891+0800][info] GC(38) Concurrent Clear Claimed Marks
[2024-10-12T11:23:48.891+0800][info] GC(38) Concurrent Clear Claimed Marks 0.020ms
[2024-10-12T11:23:48.891+0800][info] GC(38) Concurrent Scan Root Regions
[2024-10-12T11:23:48.891+0800][info] GC(38) Concurrent Scan Root Regions 0.155ms
[2024-10-12T11:23:48.891+0800][info] GC(38) Concurrent Mark
[2024-10-12T11:23:48.891+0800][info] GC(38) Concurrent Mark From Roots
[2024-10-12T11:23:48.891+0800][info] GC(38) Using 12 workers of 12 for marking
[2024-10-12T11:23:48.894+0800][info] GC(38) Concurrent Mark From Roots 3.375ms
[2024-10-12T11:23:48.894+0800][info] GC(38) Concurrent Preclean
[2024-10-12T11:23:48.896+0800][info] GC(38) Concurrent Preclean 1.681ms
[2024-10-12T11:23:48.896+0800][info] GC(38) Pause Remark
[2024-10-12T11:23:48.897+0800][info] GC(38) Pause Remark 109M->107M(128M) 1.281ms
[2024-10-12T11:23:48.897+0800][info] GC(38) User=0.00s Sys=0.00s Real=0.00s
[2024-10-12T11:23:48.897+0800][info] GC(38) Concurrent Mark 6.573ms
[2024-10-12T11:23:48.897+0800][info] GC(38) Concurrent Rebuild Remembered Sets
[2024-10-12T11:23:48.899+0800][info] GC(38) Concurrent Rebuild Remembered Sets 1.735ms
[2024-10-12T11:23:48.899+0800][info] GC(38) Pause Cleanup
[2024-10-12T11:23:48.899+0800][info] GC(38) Pause Cleanup 107M->107M(128M) 0.195ms
[2024-10-12T11:23:48.899+0800][info] GC(38) User=0.00s Sys=0.00s Real=0.00s
[2024-10-12T11:23:48.900+0800][info] GC(38) Concurrent Cleanup for Next Mark
[2024-10-12T11:23:48.900+0800][info] GC(38) Concurrent Cleanup for Next Mark 0.352ms
[2024-10-12T11:23:48.900+0800][info] GC(38) Concurrent Mark Cycle 9.383ms
[2024-10-12T11:23:49.045+0800][info] GC(39) Pause Young (Prepare Mixed) (G1 Evacuation Pause)
[2024-10-12T11:23:49.045+0800][info] GC(39) Using 3 workers of 48 for evacuation
[2024-10-12T11:23:49.046+0800][info] GC(39)   Pre Evacuate Collection Set: 0.1ms
[2024-10-12T11:23:49.046+0800][info] GC(39)   Merge Heap Roots: 0.0ms
[2024-10-12T11:23:49.046+0800][info] GC(39)   Evacuate Collection Set: 0.7ms
[2024-10-12T11:23:49.046+0800][info] GC(39)   Post Evacuate Collection Set: 0.2ms
[2024-10-12T11:23:49.046+0800][info] GC(39)   Other: 0.2ms
[2024-10-12T11:23:49.046+0800][info] GC(39) Eden regions: 2->0(2)
[2024-10-12T11:23:49.046+0800][info] GC(39) Survivor regions: 1->1(1)
[2024-10-12T11:23:49.046+0800][info] GC(39) Old regions: 50->52
[2024-10-12T11:23:49.046+0800][info] GC(39) Archive regions: 2->2
[2024-10-12T11:23:49.046+0800][info] GC(39) Humongous regions: 2->2
[2024-10-12T11:23:49.046+0800][info] GC(39) Metaspace: 1599K(1728K)->1599K(1728K) NonClass: 1463K(1536K)->1463K(1536K) Class: 135K(192K)->135K(192K)
[2024-10-12T11:23:49.046+0800][info] GC(39) Pause Young (Prepare Mixed) (G1 Evacuation Pause) 110M->110M(128M) 1.427ms
[2024-10-12T11:23:49.046+0800][info] GC(39) User=0.00s Sys=0.00s Real=0.01s
[2024-10-12T11:23:49.149+0800][info] GC(40) Pause Young (Mixed) (G1 Preventive Collection)
[2024-10-12T11:23:49.149+0800][info] GC(40) Using 3 workers of 48 for evacuation
[2024-10-12T11:23:49.150+0800][info] GC(40)   Pre Evacuate Collection Set: 0.2ms
[2024-10-12T11:23:49.150+0800][info] GC(40)   Merge Heap Roots: 0.1ms
[2024-10-12T11:23:49.150+0800][info] GC(40)   Evacuate Collection Set: 1.0ms
[2024-10-12T11:23:49.150+0800][info] GC(40)   Post Evacuate Collection Set: 0.2ms
[2024-10-12T11:23:49.150+0800][info] GC(40)   Other: 0.2ms
[2024-10-12T11:23:49.150+0800][info] GC(40) Eden regions: 2->0(2)
[2024-10-12T11:23:49.151+0800][info] GC(40) Survivor regions: 1->1(1)
[2024-10-12T11:23:49.151+0800][info] GC(40) Old regions: 52->49
[2024-10-12T11:23:49.151+0800][info] GC(40) Archive regions: 2->2
[2024-10-12T11:23:49.151+0800][info] GC(40) Humongous regions: 2->2
[2024-10-12T11:23:49.151+0800][info] GC(40) Metaspace: 1599K(1728K)->1599K(1728K) NonClass: 1463K(1536K)->1463K(1536K) Class: 135K(192K)->135K(192K)
[2024-10-12T11:23:49.151+0800][info] GC(40) Pause Young (Mixed) (G1 Preventive Collection) 113M->105M(128M) 1.713ms
[2024-10-12T11:23:49.151+0800][info] GC(40) User=0.01s Sys=0.00s Real=0.00s
[2024-10-12T11:23:49.253+0800][info] GC(41) Pause Young (Mixed) (G1 Evacuation Pause)
[2024-10-12T11:23:49.253+0800][info] GC(41) Using 3 workers of 48 for evacuation
[2024-10-12T11:23:49.255+0800][info] GC(41)   Pre Evacuate Collection Set: 0.2ms
[2024-10-12T11:23:49.255+0800][info] GC(41)   Merge Heap Roots: 0.1ms
[2024-10-12T11:23:49.255+0800][info] GC(41)   Evacuate Collection Set: 1.4ms
[2024-10-12T11:23:49.255+0800][info] GC(41)   Post Evacuate Collection Set: 0.2ms
[2024-10-12T11:23:49.255+0800][info] GC(41)   Other: 0.1ms
[2024-10-12T11:23:49.255+0800][info] GC(41) Eden regions: 2->0(2)
[2024-10-12T11:23:49.255+0800][info] GC(41) Survivor regions: 1->1(1)
[2024-10-12T11:23:49.255+0800][info] GC(41) Old regions: 49->49
[2024-10-12T11:23:49.255+0800][info] GC(41) Archive regions: 2->2
[2024-10-12T11:23:49.255+0800][info] GC(41) Humongous regions: 2->2
[2024-10-12T11:23:49.255+0800][info] GC(41) Metaspace: 1599K(1728K)->1599K(1728K) NonClass: 1463K(1536K)->1463K(1536K) Class: 135K(192K)->135K(192K)
[2024-10-12T11:23:49.255+0800][info] GC(41) Pause Young (Mixed) (G1 Evacuation Pause) 109M->104M(128M) 2.040ms
[2024-10-12T11:23:49.255+0800][info] GC(41) User=0.00s Sys=0.00s Real=0.01s
[2024-10-12T11:23:49.358+0800][info] GC(42) Pause Young (Mixed) (G1 Evacuation Pause)
[2024-10-12T11:23:49.358+0800][info] GC(42) Using 3 workers of 48 for evacuation
[2024-10-12T11:23:49.360+0800][info] GC(42)   Pre Evacuate Collection Set: 0.2ms
[2024-10-12T11:23:49.360+0800][info] GC(42)   Merge Heap Roots: 0.0ms
[2024-10-12T11:23:49.360+0800][info] GC(42)   Evacuate Collection Set: 1.3ms
[2024-10-12T11:23:49.360+0800][info] GC(42)   Post Evacuate Collection Set: 0.2ms
[2024-10-12T11:23:49.360+0800][info] GC(42)   Other: 0.1ms
[2024-10-12T11:23:49.360+0800][info] GC(42) Eden regions: 2->0(2)
[2024-10-12T11:23:49.360+0800][info] GC(42) Survivor regions: 1->1(1)
[2024-10-12T11:23:49.360+0800][info] GC(42) Old regions: 49->48
[2024-10-12T11:23:49.360+0800][info] GC(42) Archive regions: 2->2
[2024-10-12T11:23:49.360+0800][info] GC(42) Humongous regions: 2->2
[2024-10-12T11:23:49.360+0800][info] GC(42) Metaspace: 1600K(1728K)->1600K(1728K) NonClass: 1464K(1536K)->1464K(1536K) Class: 135K(192K)->135K(192K)
[2024-10-12T11:23:49.360+0800][info] GC(42) Pause Young (Mixed) (G1 Evacuation Pause) 108M->103M(128M) 1.905ms
[2024-10-12T11:23:49.360+0800][info] GC(42) User=0.00s Sys=0.00s Real=0.00s
[2024-10-12T11:23:49.462+0800][info] GC(43) Pause Young (Mixed) (G1 Evacuation Pause)
[2024-10-12T11:23:49.462+0800][info] GC(43) Using 3 workers of 48 for evacuation
[2024-10-12T11:23:49.464+0800][info] GC(43)   Pre Evacuate Collection Set: 0.2ms
[2024-10-12T11:23:49.464+0800][info] GC(43)   Merge Heap Roots: 0.1ms
[2024-10-12T11:23:49.464+0800][info] GC(43)   Evacuate Collection Set: 1.6ms
[2024-10-12T11:23:49.464+0800][info] GC(43)   Post Evacuate Collection Set: 0.2ms
[2024-10-12T11:23:49.464+0800][info] GC(43)   Other: 0.1ms
[2024-10-12T11:23:49.464+0800][info] GC(43) Eden regions: 2->0(2)
[2024-10-12T11:23:49.464+0800][info] GC(43) Survivor regions: 1->1(1)
[2024-10-12T11:23:49.464+0800][info] GC(43) Old regions: 48->48
[2024-10-12T11:23:49.464+0800][info] GC(43) Archive regions: 2->2
[2024-10-12T11:23:49.464+0800][info] GC(43) Humongous regions: 2->2
[2024-10-12T11:23:49.464+0800][info] GC(43) Metaspace: 1600K(1728K)->1600K(1728K) NonClass: 1464K(1536K)->1464K(1536K) Class: 135K(192K)->135K(192K)
[2024-10-12T11:23:49.464+0800][info] GC(43) Pause Young (Mixed) (G1 Evacuation Pause) 106M->102M(128M) 2.214ms
[2024-10-12T11:23:49.464+0800][info] GC(43) User=0.01s Sys=0.00s Real=0.00s
[2024-10-12T11:23:49.567+0800][info] GC(44) Pause Young (Mixed) (G1 Evacuation Pause)
[2024-10-12T11:23:49.567+0800][info] GC(44) Using 3 workers of 48 for evacuation
[2024-10-12T11:23:49.569+0800][info] GC(44)   Pre Evacuate Collection Set: 0.2ms
[2024-10-12T11:23:49.569+0800][info] GC(44)   Merge Heap Roots: 0.0ms
[2024-10-12T11:23:49.569+0800][info] GC(44)   Evacuate Collection Set: 1.6ms
[2024-10-12T11:23:49.569+0800][info] GC(44)   Post Evacuate Collection Set: 0.2ms
[2024-10-12T11:23:49.569+0800][info] GC(44)   Other: 0.1ms
[2024-10-12T11:23:49.569+0800][info] GC(44) Eden regions: 2->0(2)
[2024-10-12T11:23:49.569+0800][info] GC(44) Survivor regions: 1->1(1)
[2024-10-12T11:23:49.569+0800][info] GC(44) Old regions: 48->49
[2024-10-12T11:23:49.569+0800][info] GC(44) Archive regions: 2->2
[2024-10-12T11:23:49.569+0800][info] GC(44) Humongous regions: 2->2
[2024-10-12T11:23:49.569+0800][info] GC(44) Metaspace: 1600K(1728K)->1600K(1728K) NonClass: 1464K(1536K)->1464K(1536K) Class: 135K(192K)->135K(192K)
[2024-10-12T11:23:49.569+0800][info] GC(44) Pause Young (Mixed) (G1 Evacuation Pause) 106M->104M(128M) 2.259ms
[2024-10-12T11:23:49.569+0800][info] GC(44) User=0.00s Sys=0.01s Real=0.00s
[2024-10-12T11:23:49.671+0800][info] GC(45) Pause Young (Mixed) (G1 Preventive Collection)
[2024-10-12T11:23:49.671+0800][info] GC(45) Using 3 workers of 48 for evacuation
[2024-10-12T11:23:49.674+0800][info] GC(45)   Pre Evacuate Collection Set: 0.2ms
[2024-10-12T11:23:49.674+0800][info] GC(45)   Merge Heap Roots: 0.1ms
[2024-10-12T11:23:49.674+0800][info] GC(45)   Evacuate Collection Set: 1.7ms
[2024-10-12T11:23:49.674+0800][info] GC(45)   Post Evacuate Collection Set: 0.2ms
[2024-10-12T11:23:49.674+0800][info] GC(45)   Other: 0.1ms
[2024-10-12T11:23:49.674+0800][info] GC(45) Eden regions: 2->0(2)
[2024-10-12T11:23:49.674+0800][info] GC(45) Survivor regions: 1->1(1)
[2024-10-12T11:23:49.674+0800][info] GC(45) Old regions: 49->48
[2024-10-12T11:23:49.674+0800][info] GC(45) Archive regions: 2->2
[2024-10-12T11:23:49.674+0800][info] GC(45) Humongous regions: 2->2
[2024-10-12T11:23:49.674+0800][info] GC(45) Metaspace: 1600K(1728K)->1600K(1728K) NonClass: 1464K(1536K)->1464K(1536K) Class: 135K(192K)->135K(192K)
[2024-10-12T11:23:49.674+0800][info] GC(45) Pause Young (Mixed) (G1 Preventive Collection) 107M->103M(128M) 2.377ms
[2024-10-12T11:23:49.674+0800][info] GC(45) User=0.01s Sys=0.00s Real=0.01s
[2024-10-12T11:23:49.777+0800][info] GC(46) Pause Young (Mixed) (G1 Preventive Collection)
[2024-10-12T11:23:49.777+0800][info] GC(46) Using 3 workers of 48 for evacuation
[2024-10-12T11:23:49.779+0800][info] GC(46)   Pre Evacuate Collection Set: 0.2ms
[2024-10-12T11:23:49.779+0800][info] GC(46)   Merge Heap Roots: 0.0ms
[2024-10-12T11:23:49.779+0800][info] GC(46)   Evacuate Collection Set: 1.5ms
[2024-10-12T11:23:49.779+0800][info] GC(46)   Post Evacuate Collection Set: 0.2ms
[2024-10-12T11:23:49.779+0800][info] GC(46)   Other: 0.1ms
[2024-10-12T11:23:49.779+0800][info] GC(46) Eden regions: 2->0(2)
[2024-10-12T11:23:49.779+0800][info] GC(46) Survivor regions: 1->1(1)
[2024-10-12T11:23:49.779+0800][info] GC(46) Old regions: 48->49
[2024-10-12T11:23:49.779+0800][info] GC(46) Archive regions: 2->2
[2024-10-12T11:23:49.779+0800][info] GC(46) Humongous regions: 3->2
[2024-10-12T11:23:49.779+0800][info] GC(46) Metaspace: 1601K(1728K)->1601K(1728K) NonClass: 1465K(1536K)->1465K(1536K) Class: 135K(192K)->135K(192K)
[2024-10-12T11:23:49.779+0800][info] GC(46) Pause Young (Mixed) (G1 Preventive Collection) 109M->105M(128M) 2.169ms
[2024-10-12T11:23:49.779+0800][info] GC(46) User=0.01s Sys=0.00s Real=0.00s
[2024-10-12T11:23:49.882+0800][info] GC(47) Pause Young (Concurrent Start) (G1 Evacuation Pause)
[2024-10-12T11:23:49.882+0800][info] GC(47) Using 3 workers of 48 for evacuation
[2024-10-12T11:23:49.883+0800][info] GC(47)   Pre Evacuate Collection Set: 0.1ms
[2024-10-12T11:23:49.883+0800][info] GC(47)   Merge Heap Roots: 0.0ms
[2024-10-12T11:23:49.883+0800][info] GC(47)   Evacuate Collection Set: 0.7ms
[2024-10-12T11:23:49.883+0800][info] GC(47)   Post Evacuate Collection Set: 0.2ms
[2024-10-12T11:23:49.883+0800][info] GC(47)   Other: 0.3ms
[2024-10-12T11:23:49.883+0800][info] GC(47) Eden regions: 2->0(2)
[2024-10-12T11:23:49.883+0800][info] GC(47) Survivor regions: 1->1(1)
[2024-10-12T11:23:49.883+0800][info] GC(47) Old regions: 49->51
[2024-10-12T11:23:49.883+0800][info] GC(47) Archive regions: 2->2
[2024-10-12T11:23:49.883+0800][info] GC(47) Humongous regions: 2->2
[2024-10-12T11:23:49.883+0800][info] GC(47) Metaspace: 1601K(1728K)->1601K(1728K) NonClass: 1465K(1536K)->1465K(1536K) Class: 135K(192K)->135K(192K)
[2024-10-12T11:23:49.883+0800][info] GC(47) Pause Young (Concurrent Start) (G1 Evacuation Pause) 108M->108M(128M) 1.494ms
[2024-10-12T11:23:49.883+0800][info] GC(47) User=0.00s Sys=0.00s Real=0.00s
[2024-10-12T11:23:49.883+0800][info] GC(48) Concurrent Mark Cycle
[2024-10-12T11:23:49.883+0800][info] GC(48) Concurrent Clear Claimed Marks
[2024-10-12T11:23:49.883+0800][info] GC(48) Concurrent Clear Claimed Marks 0.020ms
[2024-10-12T11:23:49.883+0800][info] GC(48) Concurrent Scan Root Regions
[2024-10-12T11:23:49.883+0800][info] GC(48) Concurrent Scan Root Regions 0.156ms
[2024-10-12T11:23:49.883+0800][info] GC(48) Concurrent Mark
[2024-10-12T11:23:49.883+0800][info] GC(48) Concurrent Mark From Roots
[2024-10-12T11:23:49.883+0800][info] GC(48) Using 12 workers of 12 for marking
[2024-10-12T11:23:49.887+0800][info] GC(48) Concurrent Mark From Roots 3.717ms
[2024-10-12T11:23:49.887+0800][info] GC(48) Concurrent Preclean
[2024-10-12T11:23:49.889+0800][info] GC(48) Concurrent Preclean 1.673ms
[2024-10-12T11:23:49.889+0800][info] GC(48) Pause Remark
[2024-10-12T11:23:49.890+0800][info] GC(48) Pause Remark 109M->109M(128M) 1.394ms
[2024-10-12T11:23:49.890+0800][info] GC(48) User=0.00s Sys=0.00s Real=0.00s
[2024-10-12T11:23:49.891+0800][info] GC(48) Concurrent Mark 7.059ms
[2024-10-12T11:23:49.891+0800][info] GC(48) Concurrent Rebuild Remembered Sets
[2024-10-12T11:23:49.892+0800][info] GC(48) Concurrent Rebuild Remembered Sets 1.690ms
[2024-10-12T11:23:49.892+0800][info] GC(48) Pause Cleanup
[2024-10-12T11:23:49.893+0800][info] GC(48) Pause Cleanup 109M->109M(128M) 0.177ms
[2024-10-12T11:23:49.893+0800][info] GC(48) User=0.00s Sys=0.00s Real=0.00s
[2024-10-12T11:23:49.893+0800][info] GC(48) Concurrent Cleanup for Next Mark
[2024-10-12T11:23:49.893+0800][info] GC(48) Concurrent Cleanup for Next Mark 0.331ms
[2024-10-12T11:23:49.893+0800][info] GC(48) Concurrent Mark Cycle 9.794ms
[2024-10-12T11:23:50.038+0800][info] GC(49) Pause Young (Prepare Mixed) (G1 Evacuation Pause)
[2024-10-12T11:23:50.038+0800][info] GC(49) Using 3 workers of 48 for evacuation
[2024-10-12T11:23:50.039+0800][info] GC(49)   Pre Evacuate Collection Set: 0.1ms
[2024-10-12T11:23:50.039+0800][info] GC(49)   Merge Heap Roots: 0.1ms
[2024-10-12T11:23:50.039+0800][info] GC(49)   Evacuate Collection Set: 0.7ms
[2024-10-12T11:23:50.039+0800][info] GC(49)   Post Evacuate Collection Set: 0.2ms
[2024-10-12T11:23:50.039+0800][info] GC(49)   Other: 0.2ms
[2024-10-12T11:23:50.039+0800][info] GC(49) Eden regions: 2->0(2)
[2024-10-12T11:23:50.039+0800][info] GC(49) Survivor regions: 1->1(1)
[2024-10-12T11:23:50.039+0800][info] GC(49) Old regions: 51->53
[2024-10-12T11:23:50.039+0800][info] GC(49) Archive regions: 2->2
[2024-10-12T11:23:50.039+0800][info] GC(49) Humongous regions: 2->2
[2024-10-12T11:23:50.039+0800][info] GC(49) Metaspace: 1610K(1728K)->1610K(1728K) NonClass: 1475K(1536K)->1475K(1536K) Class: 135K(192K)->135K(192K)
[2024-10-12T11:23:50.039+0800][info] GC(49) Pause Young (Prepare Mixed) (G1 Evacuation Pause) 112M->112M(128M) 1.415ms
[2024-10-12T11:23:50.039+0800][info] GC(49) User=0.00s Sys=0.01s Real=0.00s
[2024-10-12T11:23:50.101+0800][info] GC(50) Pause Young (Mixed) (G1 Preventive Collection)
[2024-10-12T11:23:50.101+0800][info] GC(50) Using 3 workers of 48 for evacuation
[2024-10-12T11:23:50.102+0800][info] GC(50)   Pre Evacuate Collection Set: 0.2ms
[2024-10-12T11:23:50.102+0800][info] GC(50)   Merge Heap Roots: 0.1ms
[2024-10-12T11:23:50.102+0800][info] GC(50)   Evacuate Collection Set: 0.8ms
[2024-10-12T11:23:50.102+0800][info] GC(50)   Post Evacuate Collection Set: 0.2ms
[2024-10-12T11:23:50.102+0800][info] GC(50)   Other: 0.2ms
[2024-10-12T11:23:50.102+0800][info] GC(50) Eden regions: 1->0(2)
[2024-10-12T11:23:50.102+0800][info] GC(50) Survivor regions: 1->1(1)
[2024-10-12T11:23:50.102+0800][info] GC(50) Old regions: 53->50
[2024-10-12T11:23:50.102+0800][info] GC(50) Archive regions: 2->2
[2024-10-12T11:23:50.102+0800][info] GC(50) Humongous regions: 2->2
[2024-10-12T11:23:50.102+0800][info] GC(50) Metaspace: 1610K(1728K)->1610K(1728K) NonClass: 1475K(1536K)->1475K(1536K) Class: 135K(192K)->135K(192K)
[2024-10-12T11:23:50.102+0800][info] GC(50) Pause Young (Mixed) (G1 Preventive Collection) 114M->106M(128M) 1.559ms
[2024-10-12T11:23:50.102+0800][info] GC(50) User=0.00s Sys=0.00s Real=0.00s
[2024-10-12T11:23:50.205+0800][info] GC(51) Pause Young (Mixed) (G1 Preventive Collection)
[2024-10-12T11:23:50.205+0800][info] GC(51) Using 3 workers of 48 for evacuation
[2024-10-12T11:23:50.207+0800][info] GC(51)   Pre Evacuate Collection Set: 0.1ms
[2024-10-12T11:23:50.207+0800][info] GC(51)   Merge Heap Roots: 0.1ms
[2024-10-12T11:23:50.207+0800][info] GC(51)   Evacuate Collection Set: 1.2ms
[2024-10-12T11:23:50.207+0800][info] GC(51)   Post Evacuate Collection Set: 0.2ms
[2024-10-12T11:23:50.207+0800][info] GC(51)   Other: 0.1ms
[2024-10-12T11:23:50.207+0800][info] GC(51) Eden regions: 2->0(2)
[2024-10-12T11:23:50.207+0800][info] GC(51) Survivor regions: 1->1(1)
[2024-10-12T11:23:50.207+0800][info] GC(51) Old regions: 50->49
[2024-10-12T11:23:50.207+0800][info] GC(51) Archive regions: 2->2
[2024-10-12T11:23:50.207+0800][info] GC(51) Humongous regions: 2->2
[2024-10-12T11:23:50.207+0800][info] GC(51) Metaspace: 1610K(1728K)->1610K(1728K) NonClass: 1475K(1536K)->1475K(1536K) Class: 135K(192K)->135K(192K)
[2024-10-12T11:23:50.207+0800][info] GC(51) Pause Young (Mixed) (G1 Preventive Collection) 110M->105M(128M) 1.804ms
[2024-10-12T11:23:50.207+0800][info] GC(51) User=0.00s Sys=0.00s Real=0.00s
[2024-10-12T11:23:50.310+0800][info] GC(52) Pause Young (Mixed) (G1 Evacuation Pause)
[2024-10-12T11:23:50.310+0800][info] GC(52) Using 3 workers of 48 for evacuation
[2024-10-12T11:23:50.311+0800][info] GC(52)   Pre Evacuate Collection Set: 0.2ms
[2024-10-12T11:23:50.311+0800][info] GC(52)   Merge Heap Roots: 0.0ms
[2024-10-12T11:23:50.311+0800][info] GC(52)   Evacuate Collection Set: 1.3ms
[2024-10-12T11:23:50.311+0800][info] GC(52)   Post Evacuate Collection Set: 0.2ms
[2024-10-12T11:23:50.311+0800][info] GC(52)   Other: 0.1ms
[2024-10-12T11:23:50.311+0800][info] GC(52) Eden regions: 2->0(2)
[2024-10-12T11:23:50.311+0800][info] GC(52) Survivor regions: 1->1(1)
[2024-10-12T11:23:50.311+0800][info] GC(52) Old regions: 49->49
[2024-10-12T11:23:50.311+0800][info] GC(52) Archive regions: 2->2
[2024-10-12T11:23:50.311+0800][info] GC(52) Humongous regions: 2->2
[2024-10-12T11:23:50.311+0800][info] GC(52) Metaspace: 1610K(1728K)->1610K(1728K) NonClass: 1475K(1536K)->1475K(1536K) Class: 135K(192K)->135K(192K)
[2024-10-12T11:23:50.311+0800][info] GC(52) Pause Young (Mixed) (G1 Evacuation Pause) 109M->104M(128M) 1.958ms
[2024-10-12T11:23:50.311+0800][info] GC(52) User=0.00s Sys=0.00s Real=0.00s
[2024-10-12T11:23:50.414+0800][info] GC(53) Pause Young (Mixed) (G1 Preventive Collection)
[2024-10-12T11:23:50.415+0800][info] GC(53) Using 3 workers of 48 for evacuation
[2024-10-12T11:23:50.416+0800][info] GC(53)   Pre Evacuate Collection Set: 0.2ms
[2024-10-12T11:23:50.416+0800][info] GC(53)   Merge Heap Roots: 0.1ms
[2024-10-12T11:23:50.416+0800][info] GC(53)   Evacuate Collection Set: 1.3ms
[2024-10-12T11:23:50.416+0800][info] GC(53)   Post Evacuate Collection Set: 0.2ms
[2024-10-12T11:23:50.416+0800][info] GC(53)   Other: 0.1ms
[2024-10-12T11:23:50.416+0800][info] GC(53) Eden regions: 2->0(2)
[2024-10-12T11:23:50.416+0800][info] GC(53) Survivor regions: 1->1(1)
[2024-10-12T11:23:50.416+0800][info] GC(53) Old regions: 49->48
[2024-10-12T11:23:50.416+0800][info] GC(53) Archive regions: 2->2
[2024-10-12T11:23:50.416+0800][info] GC(53) Humongous regions: 2->2
[2024-10-12T11:23:50.416+0800][info] GC(53) Metaspace: 1610K(1728K)->1610K(1728K) NonClass: 1475K(1536K)->1475K(1536K) Class: 135K(192K)->135K(192K)
[2024-10-12T11:23:50.416+0800][info] GC(53) Pause Young (Mixed) (G1 Preventive Collection) 107M->103M(128M) 1.933ms
[2024-10-12T11:23:50.416+0800][info] GC(53) User=0.00s Sys=0.01s Real=0.00s
[2024-10-12T11:23:50.519+0800][info] GC(54) Pause Young (Mixed) (G1 Evacuation Pause)
[2024-10-12T11:23:50.519+0800][info] GC(54) Using 3 workers of 48 for evacuation
[2024-10-12T11:23:50.521+0800][info] GC(54)   Pre Evacuate Collection Set: 0.2ms
[2024-10-12T11:23:50.521+0800][info] GC(54)   Merge Heap Roots: 0.1ms
[2024-10-12T11:23:50.521+0800][info] GC(54)   Evacuate Collection Set: 1.7ms
[2024-10-12T11:23:50.521+0800][info] GC(54)   Post Evacuate Collection Set: 0.2ms
[2024-10-12T11:23:50.521+0800][info] GC(54)   Other: 0.1ms
[2024-10-12T11:23:50.521+0800][info] GC(54) Eden regions: 2->0(2)
[2024-10-12T11:23:50.521+0800][info] GC(54) Survivor regions: 1->1(1)
[2024-10-12T11:23:50.521+0800][info] GC(54) Old regions: 48->48
[2024-10-12T11:23:50.521+0800][info] GC(54) Archive regions: 2->2
[2024-10-12T11:23:50.521+0800][info] GC(54) Humongous regions: 2->2
[2024-10-12T11:23:50.521+0800][info] GC(54) Metaspace: 1610K(1728K)->1610K(1728K) NonClass: 1475K(1536K)->1475K(1536K) Class: 135K(192K)->135K(192K)
[2024-10-12T11:23:50.521+0800][info] GC(54) Pause Young (Mixed) (G1 Evacuation Pause) 106M->103M(128M) 2.315ms
[2024-10-12T11:23:50.521+0800][info] GC(54) User=0.00s Sys=0.00s Real=0.00s
[2024-10-12T11:23:50.624+0800][info] GC(55) Pause Young (Mixed) (G1 Evacuation Pause)
[2024-10-12T11:23:50.624+0800][info] GC(55) Using 3 workers of 48 for evacuation
[2024-10-12T11:23:50.626+0800][info] GC(55)   Pre Evacuate Collection Set: 0.2ms
[2024-10-12T11:23:50.626+0800][info] GC(55)   Merge Heap Roots: 0.1ms
[2024-10-12T11:23:50.626+0800][info] GC(55)   Evacuate Collection Set: 1.6ms
[2024-10-12T11:23:50.626+0800][info] GC(55)   Post Evacuate Collection Set: 0.2ms
[2024-10-12T11:23:50.626+0800][info] GC(55)   Other: 0.1ms
[2024-10-12T11:23:50.626+0800][info] GC(55) Eden regions: 2->0(2)
[2024-10-12T11:23:50.626+0800][info] GC(55) Survivor regions: 1->1(1)
[2024-10-12T11:23:50.626+0800][info] GC(55) Old regions: 48->48
[2024-10-12T11:23:50.626+0800][info] GC(55) Archive regions: 2->2
[2024-10-12T11:23:50.626+0800][info] GC(55) Humongous regions: 2->2
[2024-10-12T11:23:50.626+0800][info] GC(55) Metaspace: 1610K(1728K)->1610K(1728K) NonClass: 1475K(1536K)->1475K(1536K) Class: 135K(192K)->135K(192K)
[2024-10-12T11:23:50.626+0800][info] GC(55) Pause Young (Mixed) (G1 Evacuation Pause) 106M->103M(128M) 2.301ms
[2024-10-12T11:23:50.626+0800][info] GC(55) User=0.00s Sys=0.00s Real=0.01s
[2024-10-12T11:23:50.728+0800][info] GC(56) Pause Young (Mixed) (G1 Preventive Collection)
[2024-10-12T11:23:50.728+0800][info] GC(56) Using 3 workers of 48 for evacuation
[2024-10-12T11:23:50.730+0800][info] GC(56)   Pre Evacuate Collection Set: 0.2ms
[2024-10-12T11:23:50.730+0800][info] GC(56)   Merge Heap Roots: 0.1ms
[2024-10-12T11:23:50.730+0800][info] GC(56)   Evacuate Collection Set: 1.7ms
[2024-10-12T11:23:50.730+0800][info] GC(56)   Post Evacuate Collection Set: 0.2ms
[2024-10-12T11:23:50.730+0800][info] GC(56)   Other: 0.1ms
[2024-10-12T11:23:50.730+0800][info] GC(56) Eden regions: 2->0(2)
[2024-10-12T11:23:50.730+0800][info] GC(56) Survivor regions: 1->1(1)
[2024-10-12T11:23:50.730+0800][info] GC(56) Old regions: 48->48
[2024-10-12T11:23:50.730+0800][info] GC(56) Archive regions: 2->2
[2024-10-12T11:23:50.730+0800][info] GC(56) Humongous regions: 2->2
[2024-10-12T11:23:50.730+0800][info] GC(56) Metaspace: 1610K(1728K)->1610K(1728K) NonClass: 1475K(1536K)->1475K(1536K) Class: 135K(192K)->135K(192K)
[2024-10-12T11:23:50.731+0800][info] GC(56) Pause Young (Mixed) (G1 Preventive Collection) 106M->103M(128M) 2.360ms
[2024-10-12T11:23:50.731+0800][info] GC(56) User=0.01s Sys=0.00s Real=0.00s
[2024-10-12T11:23:50.834+0800][info] GC(57) Pause Young (Mixed) (G1 Preventive Collection)
[2024-10-12T11:23:50.834+0800][info] GC(57) Using 3 workers of 48 for evacuation
[2024-10-12T11:23:50.838+0800][info] GC(57)   Pre Evacuate Collection Set: 0.2ms
[2024-10-12T11:23:50.838+0800][info] GC(57)   Merge Heap Roots: 0.1ms
[2024-10-12T11:23:50.838+0800][info] GC(57)   Evacuate Collection Set: 3.7ms
[2024-10-12T11:23:50.838+0800][info] GC(57)   Post Evacuate Collection Set: 0.3ms
[2024-10-12T11:23:50.838+0800][info] GC(57)   Other: 0.1ms
[2024-10-12T11:23:50.838+0800][info] GC(57) Eden regions: 2->0(2)
[2024-10-12T11:23:50.838+0800][info] GC(57) Survivor regions: 1->1(1)
[2024-10-12T11:23:50.838+0800][info] GC(57) Old regions: 48->48
[2024-10-12T11:23:50.838+0800][info] GC(57) Archive regions: 2->2
[2024-10-12T11:23:50.838+0800][info] GC(57) Humongous regions: 2->2
[2024-10-12T11:23:50.838+0800][info] GC(57) Metaspace: 1610K(1728K)->1610K(1728K) NonClass: 1475K(1536K)->1475K(1536K) Class: 135K(192K)->135K(192K)
[2024-10-12T11:23:50.838+0800][info] GC(57) Pause Young (Mixed) (G1 Preventive Collection) 107M->103M(128M) 4.458ms
[2024-10-12T11:23:50.838+0800][info] GC(57) User=0.01s Sys=0.00s Real=0.00s
[2024-10-12T11:23:50.940+0800][info] GC(58) Pause Young (Normal) (G1 Evacuation Pause)
[2024-10-12T11:23:50.940+0800][info] GC(58) Using 3 workers of 48 for evacuation
[2024-10-12T11:23:50.941+0800][info] GC(58)   Pre Evacuate Collection Set: 0.1ms
[2024-10-12T11:23:50.941+0800][info] GC(58)   Merge Heap Roots: 0.0ms
[2024-10-12T11:23:50.941+0800][info] GC(58)   Evacuate Collection Set: 0.7ms
[2024-10-12T11:23:50.941+0800][info] GC(58)   Post Evacuate Collection Set: 0.2ms
[2024-10-12T11:23:50.941+0800][info] GC(58)   Other: 0.2ms
[2024-10-12T11:23:50.941+0800][info] GC(58) Eden regions: 2->0(2)
[2024-10-12T11:23:50.941+0800][info] GC(58) Survivor regions: 1->1(1)
[2024-10-12T11:23:50.941+0800][info] GC(58) Old regions: 48->50
[2024-10-12T11:23:50.941+0800][info] GC(58) Archive regions: 2->2
[2024-10-12T11:23:50.941+0800][info] GC(58) Humongous regions: 2->2
[2024-10-12T11:23:50.941+0800][info] GC(58) Metaspace: 1610K(1728K)->1610K(1728K) NonClass: 1475K(1536K)->1475K(1536K) Class: 135K(192K)->135K(192K)
[2024-10-12T11:23:50.942+0800][info] GC(58) Pause Young (Normal) (G1 Evacuation Pause) 107M->107M(128M) 1.383ms
[2024-10-12T11:23:50.942+0800][info] GC(58) User=0.01s Sys=0.00s Real=0.00s
[2024-10-12T11:23:51.044+0800][info] GC(59) Pause Young (Concurrent Start) (G1 Evacuation Pause)
[2024-10-12T11:23:51.044+0800][info] GC(59) Using 3 workers of 48 for evacuation
[2024-10-12T11:23:51.046+0800][info] GC(59)   Pre Evacuate Collection Set: 0.1ms
[2024-10-12T11:23:51.046+0800][info] GC(59)   Merge Heap Roots: 0.0ms
[2024-10-12T11:23:51.046+0800][info] GC(59)   Evacuate Collection Set: 0.8ms
[2024-10-12T11:23:51.046+0800][info] GC(59)   Post Evacuate Collection Set: 0.2ms
[2024-10-12T11:23:51.046+0800][info] GC(59)   Other: 0.3ms
[2024-10-12T11:23:51.046+0800][info] GC(59) Eden regions: 2->0(2)
[2024-10-12T11:23:51.046+0800][info] GC(59) Survivor regions: 1->1(1)
[2024-10-12T11:23:51.046+0800][info] GC(59) Old regions: 50->52
[2024-10-12T11:23:51.046+0800][info] GC(59) Archive regions: 2->2
[2024-10-12T11:23:51.046+0800][info] GC(59) Humongous regions: 2->2
[2024-10-12T11:23:51.046+0800][info] GC(59) Metaspace: 1610K(1728K)->1610K(1728K) NonClass: 1475K(1536K)->1475K(1536K) Class: 135K(192K)->135K(192K)
[2024-10-12T11:23:51.046+0800][info] GC(59) Pause Young (Concurrent Start) (G1 Evacuation Pause) 111M->111M(128M) 1.590ms
[2024-10-12T11:23:51.046+0800][info] GC(59) User=0.00s Sys=0.00s Real=0.01s
[2024-10-12T11:23:51.046+0800][info] GC(60) Concurrent Mark Cycle
[2024-10-12T11:23:51.046+0800][info] GC(60) Concurrent Clear Claimed Marks
[2024-10-12T11:23:51.046+0800][info] GC(60) Concurrent Clear Claimed Marks 0.018ms
[2024-10-12T11:23:51.046+0800][info] GC(60) Concurrent Scan Root Regions
[2024-10-12T11:23:51.046+0800][info] GC(60) Concurrent Scan Root Regions 0.154ms
[2024-10-12T11:23:51.046+0800][info] GC(60) Concurrent Mark
[2024-10-12T11:23:51.046+0800][info] GC(60) Concurrent Mark From Roots
[2024-10-12T11:23:51.046+0800][info] GC(60) Using 12 workers of 12 for marking
[2024-10-12T11:23:51.050+0800][info] GC(60) Concurrent Mark From Roots 3.507ms
[2024-10-12T11:23:51.050+0800][info] GC(60) Concurrent Preclean
[2024-10-12T11:23:51.051+0800][info] GC(60) Concurrent Preclean 1.678ms
[2024-10-12T11:23:51.052+0800][info] GC(60) Pause Remark
[2024-10-12T11:23:51.053+0800][info] GC(60) Pause Remark 111M->111M(128M) 1.342ms
[2024-10-12T11:23:51.053+0800][info] GC(60) User=0.00s Sys=0.00s Real=0.00s
[2024-10-12T11:23:51.053+0800][info] GC(60) Concurrent Mark 6.850ms
[2024-10-12T11:23:51.053+0800][info] GC(60) Concurrent Rebuild Remembered Sets
[2024-10-12T11:23:51.054+0800][info] GC(60) Concurrent Rebuild Remembered Sets 1.131ms
[2024-10-12T11:23:51.054+0800][info] GC(60) Pause Cleanup
[2024-10-12T11:23:51.055+0800][info] GC(60) Pause Cleanup 111M->111M(128M) 0.197ms
[2024-10-12T11:23:51.055+0800][info] GC(60) User=0.00s Sys=0.00s Real=0.00s
[2024-10-12T11:23:51.055+0800][info] GC(60) Concurrent Cleanup for Next Mark
[2024-10-12T11:23:51.055+0800][info] GC(60) Concurrent Cleanup for Next Mark 0.350ms
[2024-10-12T11:23:51.055+0800][info] GC(60) Concurrent Mark Cycle 9.057ms
[2024-10-12T11:23:51.200+0800][info] GC(61) Pause Young (Prepare Mixed) (G1 Evacuation Pause)
[2024-10-12T11:23:51.200+0800][info] GC(61) Using 3 workers of 48 for evacuation
[2024-10-12T11:23:51.201+0800][info] GC(61)   Pre Evacuate Collection Set: 0.1ms
[2024-10-12T11:23:51.201+0800][info] GC(61)   Merge Heap Roots: 0.1ms
[2024-10-12T11:23:51.201+0800][info] GC(61)   Evacuate Collection Set: 0.8ms
[2024-10-12T11:23:51.201+0800][info] GC(61)   Post Evacuate Collection Set: 0.2ms
[2024-10-12T11:23:51.201+0800][info] GC(61)   Other: 0.3ms
[2024-10-12T11:23:51.201+0800][info] GC(61) Eden regions: 2->0(2)
[2024-10-12T11:23:51.201+0800][info] GC(61) Survivor regions: 1->1(1)
[2024-10-12T11:23:51.201+0800][info] GC(61) Old regions: 52->54
[2024-10-12T11:23:51.201+0800][info] GC(61) Archive regions: 2->2
[2024-10-12T11:23:51.201+0800][info] GC(61) Humongous regions: 2->2
[2024-10-12T11:23:51.201+0800][info] GC(61) Metaspace: 1610K(1728K)->1610K(1728K) NonClass: 1475K(1536K)->1475K(1536K) Class: 135K(192K)->135K(192K)
[2024-10-12T11:23:51.201+0800][info] GC(61) Pause Young (Prepare Mixed) (G1 Evacuation Pause) 115M->115M(128M) 1.506ms
[2024-10-12T11:23:51.201+0800][info] GC(61) User=0.00s Sys=0.00s Real=0.00s
[2024-10-12T11:23:51.263+0800][info] GC(62) Pause Young (Mixed) (G1 Preventive Collection)
[2024-10-12T11:23:51.263+0800][info] GC(62) Using 3 workers of 48 for evacuation
[2024-10-12T11:23:51.264+0800][info] GC(62)   Pre Evacuate Collection Set: 0.2ms
[2024-10-12T11:23:51.264+0800][info] GC(62)   Merge Heap Roots: 0.1ms
[2024-10-12T11:23:51.264+0800][info] GC(62)   Evacuate Collection Set: 0.9ms
[2024-10-12T11:23:51.264+0800][info] GC(62)   Post Evacuate Collection Set: 0.2ms
[2024-10-12T11:23:51.264+0800][info] GC(62)   Other: 0.2ms
[2024-10-12T11:23:51.264+0800][info] GC(62) Eden regions: 1->0(2)
[2024-10-12T11:23:51.264+0800][info] GC(62) Survivor regions: 1->1(1)
[2024-10-12T11:23:51.264+0800][info] GC(62) Old regions: 54->51
[2024-10-12T11:23:51.264+0800][info] GC(62) Archive regions: 2->2
[2024-10-12T11:23:51.264+0800][info] GC(62) Humongous regions: 2->2
[2024-10-12T11:23:51.264+0800][info] GC(62) Metaspace: 1610K(1728K)->1610K(1728K) NonClass: 1475K(1536K)->1475K(1536K) Class: 135K(192K)->135K(192K)
[2024-10-12T11:23:51.264+0800][info] GC(62) Pause Young (Mixed) (G1 Preventive Collection) 117M->107M(128M) 1.526ms
[2024-10-12T11:23:51.264+0800][info] GC(62) User=0.00s Sys=0.00s Real=0.00s
[2024-10-12T11:23:51.367+0800][info] GC(63) Pause Young (Mixed) (G1 Preventive Collection)
[2024-10-12T11:23:51.367+0800][info] GC(63) Using 3 workers of 48 for evacuation
[2024-10-12T11:23:51.369+0800][info] GC(63)   Pre Evacuate Collection Set: 0.2ms
[2024-10-12T11:23:51.369+0800][info] GC(63)   Merge Heap Roots: 0.1ms
[2024-10-12T11:23:51.369+0800][info] GC(63)   Evacuate Collection Set: 1.5ms
[2024-10-12T11:23:51.369+0800][info] GC(63)   Post Evacuate Collection Set: 0.2ms
[2024-10-12T11:23:51.369+0800][info] GC(63)   Other: 0.2ms
[2024-10-12T11:23:51.369+0800][info] GC(63) Eden regions: 2->0(2)
[2024-10-12T11:23:51.369+0800][info] GC(63) Survivor regions: 1->1(1)
[2024-10-12T11:23:51.369+0800][info] GC(63) Old regions: 51->49
[2024-10-12T11:23:51.369+0800][info] GC(63) Archive regions: 2->2
[2024-10-12T11:23:51.369+0800][info] GC(63) Humongous regions: 2->2
[2024-10-12T11:23:51.369+0800][info] GC(63) Metaspace: 1610K(1728K)->1610K(1728K) NonClass: 1475K(1536K)->1475K(1536K) Class: 135K(192K)->135K(192K)
[2024-10-12T11:23:51.369+0800][info] GC(63) Pause Young (Mixed) (G1 Preventive Collection) 111M->105M(128M) 2.258ms
[2024-10-12T11:23:51.369+0800][info] GC(63) User=0.01s Sys=0.00s Real=0.00s
[2024-10-12T11:23:51.471+0800][info] GC(64) Pause Young (Mixed) (G1 Evacuation Pause)
[2024-10-12T11:23:51.471+0800][info] GC(64) Using 3 workers of 48 for evacuation
[2024-10-12T11:23:51.473+0800][info] GC(64)   Pre Evacuate Collection Set: 0.2ms
[2024-10-12T11:23:51.473+0800][info] GC(64)   Merge Heap Roots: 0.1ms
[2024-10-12T11:23:51.473+0800][info] GC(64)   Evacuate Collection Set: 1.4ms
[2024-10-12T11:23:51.473+0800][info] GC(64)   Post Evacuate Collection Set: 0.2ms
[2024-10-12T11:23:51.473+0800][info] GC(64)   Other: 0.2ms
[2024-10-12T11:23:51.473+0800][info] GC(64) Eden regions: 2->0(2)
[2024-10-12T11:23:51.473+0800][info] GC(64) Survivor regions: 1->1(1)
[2024-10-12T11:23:51.473+0800][info] GC(64) Old regions: 49->48
[2024-10-12T11:23:51.473+0800][info] GC(64) Archive regions: 2->2
[2024-10-12T11:23:51.473+0800][info] GC(64) Humongous regions: 2->2
[2024-10-12T11:23:51.473+0800][info] GC(64) Metaspace: 1610K(1728K)->1610K(1728K) NonClass: 1475K(1536K)->1475K(1536K) Class: 135K(192K)->135K(192K)
[2024-10-12T11:23:51.473+0800][info] GC(64) Pause Young (Mixed) (G1 Evacuation Pause) 109M->102M(128M) 2.061ms
[2024-10-12T11:23:51.473+0800][info] GC(64) User=0.00s Sys=0.00s Real=0.01s
[2024-10-12T11:23:51.576+0800][info] GC(65) Pause Young (Mixed) (G1 Evacuation Pause)
[2024-10-12T11:23:51.576+0800][info] GC(65) Using 3 workers of 48 for evacuation
[2024-10-12T11:23:51.578+0800][info] GC(65)   Pre Evacuate Collection Set: 0.2ms
[2024-10-12T11:23:51.578+0800][info] GC(65)   Merge Heap Roots: 0.1ms
[2024-10-12T11:23:51.578+0800][info] GC(65)   Evacuate Collection Set: 1.7ms
[2024-10-12T11:23:51.578+0800][info] GC(65)   Post Evacuate Collection Set: 0.2ms
[2024-10-12T11:23:51.578+0800][info] GC(65)   Other: 0.1ms
[2024-10-12T11:23:51.579+0800][info] GC(65) Eden regions: 2->0(2)
[2024-10-12T11:23:51.579+0800][info] GC(65) Survivor regions: 1->1(1)
[2024-10-12T11:23:51.579+0800][info] GC(65) Old regions: 48->47
[2024-10-12T11:23:51.579+0800][info] GC(65) Archive regions: 2->2
[2024-10-12T11:23:51.579+0800][info] GC(65) Humongous regions: 2->2
[2024-10-12T11:23:51.579+0800][info] GC(65) Metaspace: 1610K(1728K)->1610K(1728K) NonClass: 1475K(1536K)->1475K(1536K) Class: 135K(192K)->135K(192K)
[2024-10-12T11:23:51.579+0800][info] GC(65) Pause Young (Mixed) (G1 Evacuation Pause) 106M->101M(128M) 2.310ms
[2024-10-12T11:23:51.579+0800][info] GC(65) User=0.01s Sys=0.00s Real=0.00s
[2024-10-12T11:23:51.681+0800][info] GC(66) Pause Young (Mixed) (G1 Evacuation Pause)
[2024-10-12T11:23:51.681+0800][info] GC(66) Using 3 workers of 48 for evacuation
[2024-10-12T11:23:51.683+0800][info] GC(66)   Pre Evacuate Collection Set: 0.2ms
[2024-10-12T11:23:51.683+0800][info] GC(66)   Merge Heap Roots: 0.1ms
[2024-10-12T11:23:51.683+0800][info] GC(66)   Evacuate Collection Set: 1.6ms
[2024-10-12T11:23:51.683+0800][info] GC(66)   Post Evacuate Collection Set: 0.2ms
[2024-10-12T11:23:51.683+0800][info] GC(66)   Other: 0.1ms
[2024-10-12T11:23:51.683+0800][info] GC(66) Eden regions: 2->0(2)
[2024-10-12T11:23:51.683+0800][info] GC(66) Survivor regions: 1->1(1)
[2024-10-12T11:23:51.683+0800][info] GC(66) Old regions: 47->47
[2024-10-12T11:23:51.683+0800][info] GC(66) Archive regions: 2->2
[2024-10-12T11:23:51.683+0800][info] GC(66) Humongous regions: 2->2
[2024-10-12T11:23:51.683+0800][info] GC(66) Metaspace: 1610K(1728K)->1610K(1728K) NonClass: 1475K(1536K)->1475K(1536K) Class: 135K(192K)->135K(192K)
[2024-10-12T11:23:51.683+0800][info] GC(66) Pause Young (Mixed) (G1 Evacuation Pause) 104M->100M(128M) 2.282ms
[2024-10-12T11:23:51.683+0800][info] GC(66) User=0.01s Sys=0.00s Real=0.00s
[2024-10-12T11:23:51.786+0800][info] GC(67) Pause Young (Mixed) (G1 Evacuation Pause)
[2024-10-12T11:23:51.786+0800][info] GC(67) Using 3 workers of 48 for evacuation
[2024-10-12T11:23:51.789+0800][info] GC(67)   Pre Evacuate Collection Set: 0.2ms
[2024-10-12T11:23:51.789+0800][info] GC(67)   Merge Heap Roots: 0.1ms
[2024-10-12T11:23:51.789+0800][info] GC(67)   Evacuate Collection Set: 2.3ms
[2024-10-12T11:23:51.789+0800][info] GC(67)   Post Evacuate Collection Set: 0.2ms
[2024-10-12T11:23:51.789+0800][info] GC(67)   Other: 0.2ms
[2024-10-12T11:23:51.789+0800][info] GC(67) Eden regions: 2->0(2)
[2024-10-12T11:23:51.789+0800][info] GC(67) Survivor regions: 1->1(1)
[2024-10-12T11:23:51.789+0800][info] GC(67) Old regions: 47->47
[2024-10-12T11:23:51.789+0800][info] GC(67) Archive regions: 2->2
[2024-10-12T11:23:51.789+0800][info] GC(67) Humongous regions: 2->2
[2024-10-12T11:23:51.789+0800][info] GC(67) Metaspace: 1610K(1728K)->1610K(1728K) NonClass: 1475K(1536K)->1475K(1536K) Class: 135K(192K)->135K(192K)
[2024-10-12T11:23:51.789+0800][info] GC(67) Pause Young (Mixed) (G1 Evacuation Pause) 103M->100M(128M) 3.029ms
[2024-10-12T11:23:51.789+0800][info] GC(67) User=0.01s Sys=0.00s Real=0.00s
[2024-10-12T11:23:51.891+0800][info] GC(68) Pause Young (Mixed) (G1 Preventive Collection)
[2024-10-12T11:23:51.891+0800][info] GC(68) Using 3 workers of 48 for evacuation
[2024-10-12T11:23:51.895+0800][info] GC(68)   Pre Evacuate Collection Set: 0.2ms
[2024-10-12T11:23:51.895+0800][info] GC(68)   Merge Heap Roots: 0.1ms
[2024-10-12T11:23:51.895+0800][info] GC(68)   Evacuate Collection Set: 3.5ms
[2024-10-12T11:23:51.895+0800][info] GC(68)   Post Evacuate Collection Set: 0.2ms
[2024-10-12T11:23:51.895+0800][info] GC(68)   Other: 0.1ms
[2024-10-12T11:23:51.895+0800][info] GC(68) Eden regions: 2->0(2)
[2024-10-12T11:23:51.895+0800][info] GC(68) Survivor regions: 1->1(1)
[2024-10-12T11:23:51.895+0800][info] GC(68) Old regions: 47->46
[2024-10-12T11:23:51.895+0800][info] GC(68) Archive regions: 2->2
[2024-10-12T11:23:51.895+0800][info] GC(68) Humongous regions: 2->2
[2024-10-12T11:23:51.895+0800][info] GC(68) Metaspace: 1610K(1728K)->1610K(1728K) NonClass: 1475K(1536K)->1475K(1536K) Class: 135K(192K)->135K(192K)
[2024-10-12T11:23:51.895+0800][info] GC(68) Pause Young (Mixed) (G1 Preventive Collection) 103M->99M(128M) 4.215ms
[2024-10-12T11:23:51.895+0800][info] GC(68) User=0.01s Sys=0.00s Real=0.01s
[2024-10-12T11:23:51.999+0800][info] GC(69) Pause Young (Normal) (G1 Evacuation Pause)
[2024-10-12T11:23:51.999+0800][info] GC(69) Using 3 workers of 48 for evacuation
[2024-10-12T11:23:52.000+0800][info] GC(69)   Pre Evacuate Collection Set: 0.1ms
[2024-10-12T11:23:52.000+0800][info] GC(69)   Merge Heap Roots: 0.0ms
[2024-10-12T11:23:52.000+0800][info] GC(69)   Evacuate Collection Set: 0.7ms
[2024-10-12T11:23:52.000+0800][info] GC(69)   Post Evacuate Collection Set: 0.2ms
[2024-10-12T11:23:52.000+0800][info] GC(69)   Other: 0.2ms
[2024-10-12T11:23:52.000+0800][info] GC(69) Eden regions: 2->0(2)
[2024-10-12T11:23:52.000+0800][info] GC(69) Survivor regions: 1->1(1)
[2024-10-12T11:23:52.000+0800][info] GC(69) Old regions: 46->48
[2024-10-12T11:23:52.000+0800][info] GC(69) Archive regions: 2->2
[2024-10-12T11:23:52.000+0800][info] GC(69) Humongous regions: 3->2
[2024-10-12T11:23:52.000+0800][info] GC(69) Metaspace: 1610K(1728K)->1610K(1728K) NonClass: 1475K(1536K)->1475K(1536K) Class: 135K(192K)->135K(192K)
[2024-10-12T11:23:52.000+0800][info] GC(69) Pause Young (Normal) (G1 Evacuation Pause) 105M->103M(128M) 1.380ms
[2024-10-12T11:23:52.000+0800][info] GC(69) User=0.00s Sys=0.00s Real=0.00s
[2024-10-12T11:23:52.102+0800][info] GC(70) Pause Young (Normal) (G1 Evacuation Pause)
[2024-10-12T11:23:52.102+0800][info] GC(70) Using 3 workers of 48 for evacuation
[2024-10-12T11:23:52.103+0800][info] GC(70)   Pre Evacuate Collection Set: 0.1ms
[2024-10-12T11:23:52.103+0800][info] GC(70)   Merge Heap Roots: 0.0ms
[2024-10-12T11:23:52.103+0800][info] GC(70)   Evacuate Collection Set: 0.7ms
[2024-10-12T11:23:52.103+0800][info] GC(70)   Post Evacuate Collection Set: 0.2ms
[2024-10-12T11:23:52.103+0800][info] GC(70)   Other: 0.2ms
[2024-10-12T11:23:52.103+0800][info] GC(70) Eden regions: 2->0(2)
[2024-10-12T11:23:52.103+0800][info] GC(70) Survivor regions: 1->1(1)
[2024-10-12T11:23:52.103+0800][info] GC(70) Old regions: 48->50
[2024-10-12T11:23:52.103+0800][info] GC(70) Archive regions: 2->2
[2024-10-12T11:23:52.103+0800][info] GC(70) Humongous regions: 2->2
[2024-10-12T11:23:52.104+0800][info] GC(70) Metaspace: 1610K(1728K)->1610K(1728K) NonClass: 1475K(1536K)->1475K(1536K) Class: 135K(192K)->135K(192K)
[2024-10-12T11:23:52.104+0800][info] GC(70) Pause Young (Normal) (G1 Evacuation Pause) 107M->107M(128M) 1.339ms
[2024-10-12T11:23:52.104+0800][info] GC(70) User=0.01s Sys=0.00s Real=0.00s
[2024-10-12T11:23:52.206+0800][info] GC(71) Pause Young (Concurrent Start) (G1 Evacuation Pause)
[2024-10-12T11:23:52.206+0800][info] GC(71) Using 3 workers of 48 for evacuation
[2024-10-12T11:23:52.208+0800][info] GC(71)   Pre Evacuate Collection Set: 0.1ms
[2024-10-12T11:23:52.208+0800][info] GC(71)   Merge Heap Roots: 0.1ms
[2024-10-12T11:23:52.208+0800][info] GC(71)   Evacuate Collection Set: 0.8ms
[2024-10-12T11:23:52.208+0800][info] GC(71)   Post Evacuate Collection Set: 0.2ms
[2024-10-12T11:23:52.208+0800][info] GC(71)   Other: 0.3ms
[2024-10-12T11:23:52.208+0800][info] GC(71) Eden regions: 2->0(2)
[2024-10-12T11:23:52.208+0800][info] GC(71) Survivor regions: 1->1(1)
[2024-10-12T11:23:52.208+0800][info] GC(71) Old regions: 50->52
[2024-10-12T11:23:52.208+0800][info] GC(71) Archive regions: 2->2
[2024-10-12T11:23:52.208+0800][info] GC(71) Humongous regions: 2->2
[2024-10-12T11:23:52.208+0800][info] GC(71) Metaspace: 1610K(1728K)->1610K(1728K) NonClass: 1475K(1536K)->1475K(1536K) Class: 135K(192K)->135K(192K)
[2024-10-12T11:23:52.208+0800][info] GC(71) Pause Young (Concurrent Start) (G1 Evacuation Pause) 110M->111M(128M) 1.560ms
[2024-10-12T11:23:52.208+0800][info] GC(71) User=0.00s Sys=0.00s Real=0.00s
[2024-10-12T11:23:52.208+0800][info] GC(72) Concurrent Mark Cycle
[2024-10-12T11:23:52.208+0800][info] GC(72) Concurrent Clear Claimed Marks
[2024-10-12T11:23:52.208+0800][info] GC(72) Concurrent Clear Claimed Marks 0.019ms
[2024-10-12T11:23:52.208+0800][info] GC(72) Concurrent Scan Root Regions
[2024-10-12T11:23:52.208+0800][info] GC(72) Concurrent Scan Root Regions 0.157ms
[2024-10-12T11:23:52.208+0800][info] GC(72) Concurrent Mark
[2024-10-12T11:23:52.208+0800][info] GC(72) Concurrent Mark From Roots
[2024-10-12T11:23:52.208+0800][info] GC(72) Using 12 workers of 12 for marking
[2024-10-12T11:23:52.212+0800][info] GC(72) Concurrent Mark From Roots 3.496ms
[2024-10-12T11:23:52.212+0800][info] GC(72) Concurrent Preclean
[2024-10-12T11:23:52.214+0800][info] GC(72) Concurrent Preclean 1.687ms
[2024-10-12T11:23:52.214+0800][info] GC(72) Pause Remark
[2024-10-12T11:23:52.215+0800][info] GC(72) Pause Remark 111M->111M(128M) 1.346ms
[2024-10-12T11:23:52.215+0800][info] GC(72) User=0.01s Sys=0.00s Real=0.00s
[2024-10-12T11:23:52.215+0800][info] GC(72) Concurrent Mark 6.788ms
[2024-10-12T11:23:52.215+0800][info] GC(72) Concurrent Rebuild Remembered Sets
[2024-10-12T11:23:52.216+0800][info] GC(72) Concurrent Rebuild Remembered Sets 1.318ms
[2024-10-12T11:23:52.217+0800][info] GC(72) Pause Cleanup
[2024-10-12T11:23:52.217+0800][info] GC(72) Pause Cleanup 111M->111M(128M) 0.193ms
[2024-10-12T11:23:52.217+0800][info] GC(72) User=0.00s Sys=0.00s Real=0.00s
[2024-10-12T11:23:52.217+0800][info] GC(72) Concurrent Cleanup for Next Mark
[2024-10-12T11:23:52.217+0800][info] GC(72) Concurrent Cleanup for Next Mark 0.321ms
[2024-10-12T11:23:52.217+0800][info] GC(72) Concurrent Mark Cycle 9.150ms
[2024-10-12T11:23:52.362+0800][info] GC(73) Pause Young (Prepare Mixed) (G1 Evacuation Pause)
[2024-10-12T11:23:52.362+0800][info] GC(73) Using 3 workers of 48 for evacuation
[2024-10-12T11:23:52.363+0800][info] GC(73)   Pre Evacuate Collection Set: 0.1ms
[2024-10-12T11:23:52.363+0800][info] GC(73)   Merge Heap Roots: 0.1ms
[2024-10-12T11:23:52.363+0800][info] GC(73)   Evacuate Collection Set: 0.9ms
[2024-10-12T11:23:52.363+0800][info] GC(73)   Post Evacuate Collection Set: 0.2ms
[2024-10-12T11:23:52.363+0800][info] GC(73)   Other: 0.2ms
[2024-10-12T11:23:52.363+0800][info] GC(73) Eden regions: 2->0(2)
[2024-10-12T11:23:52.363+0800][info] GC(73) Survivor regions: 1->1(1)
[2024-10-12T11:23:52.363+0800][info] GC(73) Old regions: 52->54
[2024-10-12T11:23:52.363+0800][info] GC(73) Archive regions: 2->2
[2024-10-12T11:23:52.363+0800][info] GC(73) Humongous regions: 2->2
[2024-10-12T11:23:52.363+0800][info] GC(73) Metaspace: 1610K(1728K)->1610K(1728K) NonClass: 1475K(1536K)->1475K(1536K) Class: 135K(192K)->135K(192K)
[2024-10-12T11:23:52.363+0800][info] GC(73) Pause Young (Prepare Mixed) (G1 Evacuation Pause) 114M->115M(128M) 1.598ms
[2024-10-12T11:23:52.363+0800][info] GC(73) User=0.01s Sys=0.00s Real=0.00s
[2024-10-12T11:23:52.425+0800][info] GC(74) Pause Young (Mixed) (G1 Preventive Collection)
[2024-10-12T11:23:52.427+0800][info] GC(74) Using 3 workers of 48 for evacuation
[2024-10-12T11:23:52.428+0800][info] GC(74)   Pre Evacuate Collection Set: 0.2ms
[2024-10-12T11:23:52.428+0800][info] GC(74)   Merge Heap Roots: 0.1ms
[2024-10-12T11:23:52.428+0800][info] GC(74)   Evacuate Collection Set: 1.0ms
[2024-10-12T11:23:52.428+0800][info] GC(74)   Post Evacuate Collection Set: 0.2ms
[2024-10-12T11:23:52.428+0800][info] GC(74)   Other: 1.7ms
[2024-10-12T11:23:52.428+0800][info] GC(74) Eden regions: 1->0(2)
[2024-10-12T11:23:52.429+0800][info] GC(74) Survivor regions: 1->1(1)
[2024-10-12T11:23:52.429+0800][info] GC(74) Old regions: 54->51
[2024-10-12T11:23:52.429+0800][info] GC(74) Archive regions: 2->2
[2024-10-12T11:23:52.429+0800][info] GC(74) Humongous regions: 2->2
[2024-10-12T11:23:52.429+0800][info] GC(74) Metaspace: 1613K(1728K)->1613K(1728K) NonClass: 1477K(1536K)->1477K(1536K) Class: 135K(192K)->135K(192K)
[2024-10-12T11:23:52.429+0800][info] GC(74) Pause Young (Mixed) (G1 Preventive Collection) 117M->108M(128M) 3.197ms
[2024-10-12T11:23:52.429+0800][info] GC(74) User=0.00s Sys=0.00s Real=0.00s
[2024-10-12T11:23:52.531+0800][info] GC(75) Pause Young (Mixed) (G1 Preventive Collection)
[2024-10-12T11:23:52.531+0800][info] GC(75) Using 3 workers of 48 for evacuation
[2024-10-12T11:23:52.533+0800][info] GC(75)   Pre Evacuate Collection Set: 0.2ms
[2024-10-12T11:23:52.533+0800][info] GC(75)   Merge Heap Roots: 0.0ms
[2024-10-12T11:23:52.533+0800][info] GC(75)   Evacuate Collection Set: 1.4ms
[2024-10-12T11:23:52.533+0800][info] GC(75)   Post Evacuate Collection Set: 0.2ms
[2024-10-12T11:23:52.533+0800][info] GC(75)   Other: 0.1ms
[2024-10-12T11:23:52.533+0800][info] GC(75) Eden regions: 2->0(2)
[2024-10-12T11:23:52.533+0800][info] GC(75) Survivor regions: 1->1(1)
[2024-10-12T11:23:52.533+0800][info] GC(75) Old regions: 51->49
[2024-10-12T11:23:52.533+0800][info] GC(75) Archive regions: 2->2
[2024-10-12T11:23:52.533+0800][info] GC(75) Humongous regions: 2->2
[2024-10-12T11:23:52.533+0800][info] GC(75) Metaspace: 1613K(1728K)->1613K(1728K) NonClass: 1477K(1536K)->1477K(1536K) Class: 135K(192K)->135K(192K)
[2024-10-12T11:23:52.533+0800][info] GC(75) Pause Young (Mixed) (G1 Preventive Collection) 111M->105M(128M) 2.061ms
[2024-10-12T11:23:52.533+0800][info] GC(75) User=0.00s Sys=0.00s Real=0.00s
[2024-10-12T11:23:52.636+0800][info] GC(76) Pause Young (Mixed) (G1 Preventive Collection)
[2024-10-12T11:23:52.636+0800][info] GC(76) Using 3 workers of 48 for evacuation
[2024-10-12T11:23:52.638+0800][info] GC(76)   Pre Evacuate Collection Set: 0.2ms
[2024-10-12T11:23:52.638+0800][info] GC(76)   Merge Heap Roots: 0.1ms
[2024-10-12T11:23:52.638+0800][info] GC(76)   Evacuate Collection Set: 1.4ms
[2024-10-12T11:23:52.638+0800][info] GC(76)   Post Evacuate Collection Set: 0.2ms
[2024-10-12T11:23:52.638+0800][info] GC(76)   Other: 0.1ms
[2024-10-12T11:23:52.638+0800][info] GC(76) Eden regions: 2->0(2)
[2024-10-12T11:23:52.638+0800][info] GC(76) Survivor regions: 1->1(1)
[2024-10-12T11:23:52.638+0800][info] GC(76) Old regions: 49->48
[2024-10-12T11:23:52.638+0800][info] GC(76) Archive regions: 2->2
[2024-10-12T11:23:52.638+0800][info] GC(76) Humongous regions: 2->2
[2024-10-12T11:23:52.638+0800][info] GC(76) Metaspace: 1613K(1728K)->1613K(1728K) NonClass: 1477K(1536K)->1477K(1536K) Class: 135K(192K)->135K(192K)
[2024-10-12T11:23:52.638+0800][info] GC(76) Pause Young (Mixed) (G1 Preventive Collection) 108M->102M(128M) 2.114ms
[2024-10-12T11:23:52.638+0800][info] GC(76) User=0.01s Sys=0.00s Real=0.00s
[2024-10-12T11:23:52.740+0800][info] GC(77) Pause Young (Mixed) (G1 Evacuation Pause)
[2024-10-12T11:23:52.740+0800][info] GC(77) Using 3 workers of 48 for evacuation
[2024-10-12T11:23:52.742+0800][info] GC(77)   Pre Evacuate Collection Set: 0.2ms
[2024-10-12T11:23:52.742+0800][info] GC(77)   Merge Heap Roots: 0.1ms
[2024-10-12T11:23:52.742+0800][info] GC(77)   Evacuate Collection Set: 1.8ms
[2024-10-12T11:23:52.742+0800][info] GC(77)   Post Evacuate Collection Set: 0.2ms
[2024-10-12T11:23:52.742+0800][info] GC(77)   Other: 0.1ms
[2024-10-12T11:23:52.742+0800][info] GC(77) Eden regions: 2->0(2)
[2024-10-12T11:23:52.742+0800][info] GC(77) Survivor regions: 1->1(1)
[2024-10-12T11:23:52.742+0800][info] GC(77) Old regions: 48->47
[2024-10-12T11:23:52.742+0800][info] GC(77) Archive regions: 2->2
[2024-10-12T11:23:52.742+0800][info] GC(77) Humongous regions: 2->2
[2024-10-12T11:23:52.742+0800][info] GC(77) Metaspace: 1613K(1728K)->1613K(1728K) NonClass: 1477K(1536K)->1477K(1536K) Class: 135K(192K)->135K(192K)
[2024-10-12T11:23:52.742+0800][info] GC(77) Pause Young (Mixed) (G1 Evacuation Pause) 105M->101M(128M) 2.432ms
[2024-10-12T11:23:52.742+0800][info] GC(77) User=0.01s Sys=0.00s Real=0.00s
[2024-10-12T11:23:52.845+0800][info] GC(78) Pause Young (Mixed) (G1 Evacuation Pause)
[2024-10-12T11:23:52.845+0800][info] GC(78) Using 3 workers of 48 for evacuation
[2024-10-12T11:23:52.847+0800][info] GC(78)   Pre Evacuate Collection Set: 0.2ms
[2024-10-12T11:23:52.847+0800][info] GC(78)   Merge Heap Roots: 0.0ms
[2024-10-12T11:23:52.847+0800][info] GC(78)   Evacuate Collection Set: 1.7ms
[2024-10-12T11:23:52.847+0800][info] GC(78)   Post Evacuate Collection Set: 0.2ms
[2024-10-12T11:23:52.847+0800][info] GC(78)   Other: 0.1ms
[2024-10-12T11:23:52.847+0800][info] GC(78) Eden regions: 2->0(2)
[2024-10-12T11:23:52.847+0800][info] GC(78) Survivor regions: 1->1(1)
[2024-10-12T11:23:52.848+0800][info] GC(78) Old regions: 47->48
[2024-10-12T11:23:52.848+0800][info] GC(78) Archive regions: 2->2
[2024-10-12T11:23:52.848+0800][info] GC(78) Humongous regions: 2->2
[2024-10-12T11:23:52.848+0800][info] GC(78) Metaspace: 1613K(1728K)->1613K(1728K) NonClass: 1477K(1536K)->1477K(1536K) Class: 135K(192K)->135K(192K)
[2024-10-12T11:23:52.848+0800][info] GC(78) Pause Young (Mixed) (G1 Evacuation Pause) 104M->102M(128M) 2.326ms
[2024-10-12T11:23:52.848+0800][info] GC(78) User=0.01s Sys=0.00s Real=0.00s
[2024-10-12T11:23:52.950+0800][info] GC(79) Pause Young (Mixed) (G1 Preventive Collection)
[2024-10-12T11:23:52.950+0800][info] GC(79) Using 3 workers of 48 for evacuation
[2024-10-12T11:23:52.952+0800][info] GC(79)   Pre Evacuate Collection Set: 0.2ms
[2024-10-12T11:23:52.952+0800][info] GC(79)   Merge Heap Roots: 0.1ms
[2024-10-12T11:23:52.952+0800][info] GC(79)   Evacuate Collection Set: 1.9ms
[2024-10-12T11:23:52.952+0800][info] GC(79)   Post Evacuate Collection Set: 0.2ms
[2024-10-12T11:23:52.952+0800][info] GC(79)   Other: 0.1ms
[2024-10-12T11:23:52.952+0800][info] GC(79) Eden regions: 2->0(2)
[2024-10-12T11:23:52.952+0800][info] GC(79) Survivor regions: 1->1(1)
[2024-10-12T11:23:52.952+0800][info] GC(79) Old regions: 48->48
[2024-10-12T11:23:52.952+0800][info] GC(79) Archive regions: 2->2
[2024-10-12T11:23:52.952+0800][info] GC(79) Humongous regions: 2->2
[2024-10-12T11:23:52.952+0800][info] GC(79) Metaspace: 1613K(1728K)->1613K(1728K) NonClass: 1477K(1536K)->1477K(1536K) Class: 135K(192K)->135K(192K)
[2024-10-12T11:23:52.952+0800][info] GC(79) Pause Young (Mixed) (G1 Preventive Collection) 105M->102M(128M) 2.549ms
[2024-10-12T11:23:52.952+0800][info] GC(79) User=0.01s Sys=0.00s Real=0.00s
[2024-10-12T11:23:53.055+0800][info] GC(80) Pause Young (Mixed) (G1 Preventive Collection)
[2024-10-12T11:23:53.055+0800][info] GC(80) Using 3 workers of 48 for evacuation
[2024-10-12T11:23:53.060+0800][info] GC(80)   Pre Evacuate Collection Set: 0.1ms
[2024-10-12T11:23:53.060+0800][info] GC(80)   Merge Heap Roots: 0.1ms
[2024-10-12T11:23:53.060+0800][info] GC(80)   Evacuate Collection Set: 3.7ms
[2024-10-12T11:23:53.060+0800][info] GC(80)   Post Evacuate Collection Set: 0.3ms
[2024-10-12T11:23:53.060+0800][info] GC(80)   Other: 0.2ms
[2024-10-12T11:23:53.060+0800][info] GC(80) Eden regions: 2->0(2)
[2024-10-12T11:23:53.060+0800][info] GC(80) Survivor regions: 1->1(1)
[2024-10-12T11:23:53.060+0800][info] GC(80) Old regions: 48->48
[2024-10-12T11:23:53.060+0800][info] GC(80) Archive regions: 2->2
[2024-10-12T11:23:53.060+0800][info] GC(80) Humongous regions: 2->2
[2024-10-12T11:23:53.060+0800][info] GC(80) Metaspace: 1613K(1728K)->1613K(1728K) NonClass: 1477K(1536K)->1477K(1536K) Class: 135K(192K)->135K(192K)
[2024-10-12T11:23:53.060+0800][info] GC(80) Pause Young (Mixed) (G1 Preventive Collection) 106M->103M(128M) 4.502ms
[2024-10-12T11:23:53.060+0800][info] GC(80) User=0.01s Sys=0.00s Real=0.00s
[2024-10-12T11:23:53.162+0800][info] GC(81) Pause Young (Normal) (G1 Evacuation Pause)
[2024-10-12T11:23:53.162+0800][info] GC(81) Using 3 workers of 48 for evacuation
[2024-10-12T11:23:53.163+0800][info] GC(81)   Pre Evacuate Collection Set: 0.1ms
[2024-10-12T11:23:53.163+0800][info] GC(81)   Merge Heap Roots: 0.1ms
[2024-10-12T11:23:53.163+0800][info] GC(81)   Evacuate Collection Set: 0.7ms
[2024-10-12T11:23:53.163+0800][info] GC(81)   Post Evacuate Collection Set: 0.2ms
[2024-10-12T11:23:53.163+0800][info] GC(81)   Other: 0.2ms
[2024-10-12T11:23:53.163+0800][info] GC(81) Eden regions: 2->0(2)
[2024-10-12T11:23:53.163+0800][info] GC(81) Survivor regions: 1->1(1)
[2024-10-12T11:23:53.163+0800][info] GC(81) Old regions: 48->50
[2024-10-12T11:23:53.163+0800][info] GC(81) Archive regions: 2->2
[2024-10-12T11:23:53.163+0800][info] GC(81) Humongous regions: 2->2
[2024-10-12T11:23:53.163+0800][info] GC(81) Metaspace: 1613K(1728K)->1613K(1728K) NonClass: 1477K(1536K)->1477K(1536K) Class: 135K(192K)->135K(192K)
[2024-10-12T11:23:53.163+0800][info] GC(81) Pause Young (Normal) (G1 Evacuation Pause) 106M->106M(128M) 1.344ms
[2024-10-12T11:23:53.163+0800][info] GC(81) User=0.00s Sys=0.00s Real=0.00s
[2024-10-12T11:23:53.266+0800][info] GC(82) Pause Young (Concurrent Start) (G1 Evacuation Pause)
[2024-10-12T11:23:53.266+0800][info] GC(82) Using 3 workers of 48 for evacuation
[2024-10-12T11:23:53.267+0800][info] GC(82)   Pre Evacuate Collection Set: 0.1ms
[2024-10-12T11:23:53.267+0800][info] GC(82)   Merge Heap Roots: 0.0ms
[2024-10-12T11:23:53.267+0800][info] GC(82)   Evacuate Collection Set: 0.7ms
[2024-10-12T11:23:53.267+0800][info] GC(82)   Post Evacuate Collection Set: 0.2ms
[2024-10-12T11:23:53.267+0800][info] GC(82)   Other: 0.3ms
[2024-10-12T11:23:53.267+0800][info] GC(82) Eden regions: 2->0(2)
[2024-10-12T11:23:53.268+0800][info] GC(82) Survivor regions: 1->1(1)
[2024-10-12T11:23:53.268+0800][info] GC(82) Old regions: 50->52
[2024-10-12T11:23:53.268+0800][info] GC(82) Archive regions: 2->2
[2024-10-12T11:23:53.268+0800][info] GC(82) Humongous regions: 2->2
[2024-10-12T11:23:53.268+0800][info] GC(82) Metaspace: 1616K(1728K)->1616K(1728K) NonClass: 1480K(1536K)->1480K(1536K) Class: 135K(192K)->135K(192K)
[2024-10-12T11:23:53.268+0800][info] GC(82) Pause Young (Concurrent Start) (G1 Evacuation Pause) 110M->110M(128M) 1.495ms
[2024-10-12T11:23:53.268+0800][info] GC(82) User=0.00s Sys=0.00s Real=0.00s
[2024-10-12T11:23:53.268+0800][info] GC(83) Concurrent Mark Cycle
[2024-10-12T11:23:53.268+0800][info] GC(83) Concurrent Clear Claimed Marks
[2024-10-12T11:23:53.268+0800][info] GC(83) Concurrent Clear Claimed Marks 0.019ms
[2024-10-12T11:23:53.268+0800][info] GC(83) Concurrent Scan Root Regions
[2024-10-12T11:23:53.268+0800][info] GC(83) Concurrent Scan Root Regions 0.111ms
[2024-10-12T11:23:53.268+0800][info] GC(83) Concurrent Mark
[2024-10-12T11:23:53.268+0800][info] GC(83) Concurrent Mark From Roots
[2024-10-12T11:23:53.268+0800][info] GC(83) Using 12 workers of 12 for marking
[2024-10-12T11:23:53.272+0800][info] GC(83) Concurrent Mark From Roots 3.655ms
[2024-10-12T11:23:53.272+0800][info] GC(83) Concurrent Preclean
[2024-10-12T11:23:53.273+0800][info] GC(83) Concurrent Preclean 1.697ms
[2024-10-12T11:23:53.273+0800][info] GC(83) Pause Remark
[2024-10-12T11:23:53.275+0800][info] GC(83) Pause Remark 111M->109M(128M) 1.364ms
[2024-10-12T11:23:53.275+0800][info] GC(83) User=0.01s Sys=0.00s Real=0.00s
[2024-10-12T11:23:53.275+0800][info] GC(83) Concurrent Mark 6.990ms
[2024-10-12T11:23:53.275+0800][info] GC(83) Concurrent Rebuild Remembered Sets
[2024-10-12T11:23:53.276+0800][info] GC(83) Concurrent Rebuild Remembered Sets 1.193ms
[2024-10-12T11:23:53.276+0800][info] GC(83) Pause Cleanup
[2024-10-12T11:23:53.276+0800][info] GC(83) Pause Cleanup 109M->109M(128M) 0.176ms
[2024-10-12T11:23:53.276+0800][info] GC(83) User=0.00s Sys=0.00s Real=0.00s
[2024-10-12T11:23:53.277+0800][info] GC(83) Concurrent Cleanup for Next Mark
[2024-10-12T11:23:53.277+0800][info] GC(83) Concurrent Cleanup for Next Mark 0.331ms
[2024-10-12T11:23:53.277+0800][info] GC(83) Concurrent Mark Cycle 9.191ms
[2024-10-12T11:23:53.421+0800][info] GC(84) Pause Young (Prepare Mixed) (G1 Evacuation Pause)
[2024-10-12T11:23:53.421+0800][info] GC(84) Using 3 workers of 48 for evacuation
[2024-10-12T11:23:53.423+0800][info] GC(84)   Pre Evacuate Collection Set: 0.1ms
[2024-10-12T11:23:53.423+0800][info] GC(84)   Merge Heap Roots: 0.1ms
[2024-10-12T11:23:53.423+0800][info] GC(84)   Evacuate Collection Set: 0.8ms
[2024-10-12T11:23:53.423+0800][info] GC(84)   Post Evacuate Collection Set: 0.2ms
[2024-10-12T11:23:53.423+0800][info] GC(84)   Other: 0.2ms
[2024-10-12T11:23:53.423+0800][info] GC(84) Eden regions: 2->0(2)
[2024-10-12T11:23:53.423+0800][info] GC(84) Survivor regions: 1->1(1)
[2024-10-12T11:23:53.423+0800][info] GC(84) Old regions: 51->53
[2024-10-12T11:23:53.423+0800][info] GC(84) Archive regions: 2->2
[2024-10-12T11:23:53.423+0800][info] GC(84) Humongous regions: 2->2
[2024-10-12T11:23:53.423+0800][info] GC(84) Metaspace: 1616K(1728K)->1616K(1728K) NonClass: 1480K(1536K)->1480K(1536K) Class: 135K(192K)->135K(192K)
[2024-10-12T11:23:53.423+0800][info] GC(84) Pause Young (Prepare Mixed) (G1 Evacuation Pause) 112M->112M(128M) 1.476ms
[2024-10-12T11:23:53.423+0800][info] GC(84) User=0.01s Sys=0.00s Real=0.00s
[2024-10-12T11:23:53.485+0800][info] GC(85) Pause Young (Mixed) (G1 Preventive Collection)
[2024-10-12T11:23:53.485+0800][info] GC(85) Using 3 workers of 48 for evacuation
[2024-10-12T11:23:53.486+0800][info] GC(85)   Pre Evacuate Collection Set: 0.2ms
[2024-10-12T11:23:53.486+0800][info] GC(85)   Merge Heap Roots: 0.1ms
[2024-10-12T11:23:53.486+0800][info] GC(85)   Evacuate Collection Set: 1.0ms
[2024-10-12T11:23:53.486+0800][info] GC(85)   Post Evacuate Collection Set: 0.2ms
[2024-10-12T11:23:53.486+0800][info] GC(85)   Other: 0.2ms
[2024-10-12T11:23:53.486+0800][info] GC(85) Eden regions: 1->0(2)
[2024-10-12T11:23:53.486+0800][info] GC(85) Survivor regions: 1->1(1)
[2024-10-12T11:23:53.486+0800][info] GC(85) Old regions: 53->50
[2024-10-12T11:23:53.486+0800][info] GC(85) Archive regions: 2->2
[2024-10-12T11:23:53.486+0800][info] GC(85) Humongous regions: 2->2
[2024-10-12T11:23:53.487+0800][info] GC(85) Metaspace: 1617K(1728K)->1617K(1728K) NonClass: 1481K(1536K)->1481K(1536K) Class: 135K(192K)->135K(192K)
[2024-10-12T11:23:53.487+0800][info] GC(85) Pause Young (Mixed) (G1 Preventive Collection) 114M->106M(128M) 1.716ms
[2024-10-12T11:23:53.487+0800][info] GC(85) User=0.00s Sys=0.00s Real=0.01s
[2024-10-12T11:23:53.589+0800][info] GC(86) Pause Young (Mixed) (G1 Preventive Collection)
[2024-10-12T11:23:53.589+0800][info] GC(86) Using 3 workers of 48 for evacuation
[2024-10-12T11:23:53.591+0800][info] GC(86)   Pre Evacuate Collection Set: 0.2ms
[2024-10-12T11:23:53.591+0800][info] GC(86)   Merge Heap Roots: 0.1ms
[2024-10-12T11:23:53.591+0800][info] GC(86)   Evacuate Collection Set: 1.4ms
[2024-10-12T11:23:53.591+0800][info] GC(86)   Post Evacuate Collection Set: 0.2ms
[2024-10-12T11:23:53.591+0800][info] GC(86)   Other: 0.1ms
[2024-10-12T11:23:53.591+0800][info] GC(86) Eden regions: 2->0(2)
[2024-10-12T11:23:53.591+0800][info] GC(86) Survivor regions: 1->1(1)
[2024-10-12T11:23:53.591+0800][info] GC(86) Old regions: 50->49
[2024-10-12T11:23:53.591+0800][info] GC(86) Archive regions: 2->2
[2024-10-12T11:23:53.591+0800][info] GC(86) Humongous regions: 2->2
[2024-10-12T11:23:53.591+0800][info] GC(86) Metaspace: 1617K(1728K)->1617K(1728K) NonClass: 1481K(1536K)->1481K(1536K) Class: 135K(192K)->135K(192K)
[2024-10-12T11:23:53.591+0800][info] GC(86) Pause Young (Mixed) (G1 Preventive Collection) 109M->105M(128M) 2.098ms
[2024-10-12T11:23:53.591+0800][info] GC(86) User=0.01s Sys=0.00s Real=0.00s
[2024-10-12T11:23:53.694+0800][info] GC(87) Pause Young (Mixed) (G1 Preventive Collection)
[2024-10-12T11:23:53.694+0800][info] GC(87) Using 3 workers of 48 for evacuation
[2024-10-12T11:23:53.695+0800][info] GC(87)   Pre Evacuate Collection Set: 0.2ms
[2024-10-12T11:23:53.696+0800][info] GC(87)   Merge Heap Roots: 0.1ms
[2024-10-12T11:23:53.696+0800][info] GC(87)   Evacuate Collection Set: 1.4ms
[2024-10-12T11:23:53.696+0800][info] GC(87)   Post Evacuate Collection Set: 0.2ms
[2024-10-12T11:23:53.696+0800][info] GC(87)   Other: 0.1ms
[2024-10-12T11:23:53.696+0800][info] GC(87) Eden regions: 2->0(2)
[2024-10-12T11:23:53.696+0800][info] GC(87) Survivor regions: 1->1(1)
[2024-10-12T11:23:53.696+0800][info] GC(87) Old regions: 49->48
[2024-10-12T11:23:53.696+0800][info] GC(87) Archive regions: 2->2
[2024-10-12T11:23:53.696+0800][info] GC(87) Humongous regions: 2->2
[2024-10-12T11:23:53.696+0800][info] GC(87) Metaspace: 1617K(1728K)->1617K(1728K) NonClass: 1481K(1536K)->1481K(1536K) Class: 135K(192K)->135K(192K)
[2024-10-12T11:23:53.696+0800][info] GC(87) Pause Young (Mixed) (G1 Preventive Collection) 108M->103M(128M) 2.089ms
[2024-10-12T11:23:53.696+0800][info] GC(87) User=0.01s Sys=0.00s Real=0.00s
[2024-10-12T11:23:53.798+0800][info] GC(88) Pause Young (Mixed) (G1 Preventive Collection)
[2024-10-12T11:23:53.798+0800][info] GC(88) Using 3 workers of 48 for evacuation
[2024-10-12T11:23:53.800+0800][info] GC(88)   Pre Evacuate Collection Set: 0.2ms
[2024-10-12T11:23:53.800+0800][info] GC(88)   Merge Heap Roots: 0.1ms
[2024-10-12T11:23:53.800+0800][info] GC(88)   Evacuate Collection Set: 1.9ms
[2024-10-12T11:23:53.800+0800][info] GC(88)   Post Evacuate Collection Set: 0.2ms
[2024-10-12T11:23:53.800+0800][info] GC(88)   Other: 0.1ms
[2024-10-12T11:23:53.800+0800][info] GC(88) Eden regions: 2->0(2)
[2024-10-12T11:23:53.800+0800][info] GC(88) Survivor regions: 1->1(1)
[2024-10-12T11:23:53.800+0800][info] GC(88) Old regions: 48->48
[2024-10-12T11:23:53.800+0800][info] GC(88) Archive regions: 2->2
[2024-10-12T11:23:53.800+0800][info] GC(88) Humongous regions: 2->2
[2024-10-12T11:23:53.800+0800][info] GC(88) Metaspace: 1617K(1728K)->1617K(1728K) NonClass: 1481K(1536K)->1481K(1536K) Class: 135K(192K)->135K(192K)
[2024-10-12T11:23:53.800+0800][info] GC(88) Pause Young (Mixed) (G1 Preventive Collection) 106M->103M(128M) 2.561ms
[2024-10-12T11:23:53.800+0800][info] GC(88) User=0.00s Sys=0.01s Real=0.00s
[2024-10-12T11:23:53.903+0800][info] GC(89) Pause Young (Mixed) (G1 Preventive Collection)
[2024-10-12T11:23:53.903+0800][info] GC(89) Using 3 workers of 48 for evacuation
[2024-10-12T11:23:53.906+0800][info] GC(89)   Pre Evacuate Collection Set: 0.2ms
[2024-10-12T11:23:53.906+0800][info] GC(89)   Merge Heap Roots: 0.1ms
[2024-10-12T11:23:53.906+0800][info] GC(89)   Evacuate Collection Set: 2.3ms
[2024-10-12T11:23:53.906+0800][info] GC(89)   Post Evacuate Collection Set: 0.2ms
[2024-10-12T11:23:53.906+0800][info] GC(89)   Other: 0.1ms
[2024-10-12T11:23:53.906+0800][info] GC(89) Eden regions: 2->0(2)
[2024-10-12T11:23:53.906+0800][info] GC(89) Survivor regions: 1->1(1)
[2024-10-12T11:23:53.906+0800][info] GC(89) Old regions: 48->48
[2024-10-12T11:23:53.906+0800][info] GC(89) Archive regions: 2->2
[2024-10-12T11:23:53.906+0800][info] GC(89) Humongous regions: 2->2
[2024-10-12T11:23:53.906+0800][info] GC(89) Metaspace: 1617K(1728K)->1617K(1728K) NonClass: 1481K(1536K)->1481K(1536K) Class: 135K(192K)->135K(192K)
[2024-10-12T11:23:53.906+0800][info] GC(89) Pause Young (Mixed) (G1 Preventive Collection) 106M->102M(128M) 3.052ms
[2024-10-12T11:23:53.906+0800][info] GC(89) User=0.00s Sys=0.00s Real=0.01s
[2024-10-12T11:23:54.008+0800][info] GC(90) Pause Young (Mixed) (G1 Preventive Collection)
[2024-10-12T11:23:54.008+0800][info] GC(90) Using 3 workers of 48 for evacuation
[2024-10-12T11:23:54.011+0800][info] GC(90)   Pre Evacuate Collection Set: 0.2ms
[2024-10-12T11:23:54.011+0800][info] GC(90)   Merge Heap Roots: 0.1ms
[2024-10-12T11:23:54.011+0800][info] GC(90)   Evacuate Collection Set: 1.9ms
[2024-10-12T11:23:54.011+0800][info] GC(90)   Post Evacuate Collection Set: 0.2ms
[2024-10-12T11:23:54.011+0800][info] GC(90)   Other: 0.1ms
[2024-10-12T11:23:54.011+0800][info] GC(90) Eden regions: 2->0(2)
[2024-10-12T11:23:54.011+0800][info] GC(90) Survivor regions: 1->1(1)
[2024-10-12T11:23:54.011+0800][info] GC(90) Old regions: 48->48
[2024-10-12T11:23:54.011+0800][info] GC(90) Archive regions: 2->2
[2024-10-12T11:23:54.011+0800][info] GC(90) Humongous regions: 2->2
[2024-10-12T11:23:54.011+0800][info] GC(90) Metaspace: 1617K(1728K)->1617K(1728K) NonClass: 1481K(1536K)->1481K(1536K) Class: 135K(192K)->135K(192K)
[2024-10-12T11:23:54.011+0800][info] GC(90) Pause Young (Mixed) (G1 Preventive Collection) 105M->103M(128M) 2.628ms
[2024-10-12T11:23:54.011+0800][info] GC(90) User=0.00s Sys=0.00s Real=0.00s
[2024-10-12T11:23:54.093+0800][info] GC(91) Pause Young (Mixed) (G1 Preventive Collection)
[2024-10-12T11:23:54.093+0800][info] GC(91) Using 3 workers of 48 for evacuation
[2024-10-12T11:23:54.097+0800][info] GC(91)   Pre Evacuate Collection Set: 0.2ms
[2024-10-12T11:23:54.097+0800][info] GC(91)   Merge Heap Roots: 0.1ms
[2024-10-12T11:23:54.097+0800][info] GC(91)   Evacuate Collection Set: 3.1ms
[2024-10-12T11:23:54.097+0800][info] GC(91)   Post Evacuate Collection Set: 0.2ms
[2024-10-12T11:23:54.097+0800][info] GC(91)   Other: 0.1ms
[2024-10-12T11:23:54.097+0800][info] GC(91) Eden regions: 2->0(2)
[2024-10-12T11:23:54.097+0800][info] GC(91) Survivor regions: 1->1(1)
[2024-10-12T11:23:54.097+0800][info] GC(91) Old regions: 48->47
[2024-10-12T11:23:54.097+0800][info] GC(91) Archive regions: 2->2
[2024-10-12T11:23:54.097+0800][info] GC(91) Humongous regions: 2->2
[2024-10-12T11:23:54.097+0800][info] GC(91) Metaspace: 1617K(1728K)->1617K(1728K) NonClass: 1481K(1536K)->1481K(1536K) Class: 135K(192K)->135K(192K)
[2024-10-12T11:23:54.097+0800][info] GC(91) Pause Young (Mixed) (G1 Preventive Collection) 106M->101M(128M) 3.854ms
[2024-10-12T11:23:54.097+0800][info] GC(91) User=0.01s Sys=0.00s Real=0.01s
[2024-10-12T11:23:54.220+0800][info] GC(92) Pause Young (Normal) (G1 Evacuation Pause)
[2024-10-12T11:23:54.220+0800][info] GC(92) Using 3 workers of 48 for evacuation
[2024-10-12T11:23:54.222+0800][info] GC(92)   Pre Evacuate Collection Set: 0.1ms
[2024-10-12T11:23:54.222+0800][info] GC(92)   Merge Heap Roots: 0.0ms
[2024-10-12T11:23:54.222+0800][info] GC(92)   Evacuate Collection Set: 0.8ms
[2024-10-12T11:23:54.222+0800][info] GC(92)   Post Evacuate Collection Set: 0.2ms
[2024-10-12T11:23:54.222+0800][info] GC(92)   Other: 0.2ms
[2024-10-12T11:23:54.222+0800][info] GC(92) Eden regions: 2->0(2)
[2024-10-12T11:23:54.222+0800][info] GC(92) Survivor regions: 1->1(1)
[2024-10-12T11:23:54.222+0800][info] GC(92) Old regions: 47->49
[2024-10-12T11:23:54.222+0800][info] GC(92) Archive regions: 2->2
[2024-10-12T11:23:54.222+0800][info] GC(92) Humongous regions: 3->2
[2024-10-12T11:23:54.222+0800][info] GC(92) Metaspace: 1617K(1728K)->1617K(1728K) NonClass: 1481K(1536K)->1481K(1536K) Class: 135K(192K)->135K(192K)
[2024-10-12T11:23:54.222+0800][info] GC(92) Pause Young (Normal) (G1 Evacuation Pause) 107M->104M(128M) 1.424ms
[2024-10-12T11:23:54.222+0800][info] GC(92) User=0.01s Sys=0.00s Real=0.00s
[2024-10-12T11:23:54.324+0800][info] GC(93) Pause Young (Normal) (G1 Evacuation Pause)
[2024-10-12T11:23:54.324+0800][info] GC(93) Using 3 workers of 48 for evacuation
[2024-10-12T11:23:54.326+0800][info] GC(93)   Pre Evacuate Collection Set: 0.1ms
[2024-10-12T11:23:54.326+0800][info] GC(93)   Merge Heap Roots: 0.0ms
[2024-10-12T11:23:54.326+0800][info] GC(93)   Evacuate Collection Set: 0.6ms
[2024-10-12T11:23:54.326+0800][info] GC(93)   Post Evacuate Collection Set: 0.2ms
[2024-10-12T11:23:54.326+0800][info] GC(93)   Other: 0.2ms
[2024-10-12T11:23:54.326+0800][info] GC(93) Eden regions: 2->0(2)
[2024-10-12T11:23:54.326+0800][info] GC(93) Survivor regions: 1->1(1)
[2024-10-12T11:23:54.326+0800][info] GC(93) Old regions: 49->51
[2024-10-12T11:23:54.326+0800][info] GC(93) Archive regions: 2->2
[2024-10-12T11:23:54.326+0800][info] GC(93) Humongous regions: 2->2
[2024-10-12T11:23:54.326+0800][info] GC(93) Metaspace: 1617K(1728K)->1617K(1728K) NonClass: 1481K(1536K)->1481K(1536K) Class: 135K(192K)->135K(192K)
[2024-10-12T11:23:54.326+0800][info] GC(93) Pause Young (Normal) (G1 Evacuation Pause) 108M->108M(128M) 1.282ms
[2024-10-12T11:23:54.326+0800][info] GC(93) User=0.00s Sys=0.00s Real=0.01s
[2024-10-12T11:23:54.428+0800][info] GC(94) Pause Young (Concurrent Start) (G1 Evacuation Pause)
[2024-10-12T11:23:54.428+0800][info] GC(94) Using 3 workers of 48 for evacuation
[2024-10-12T11:23:54.429+0800][info] GC(94)   Pre Evacuate Collection Set: 0.1ms
[2024-10-12T11:23:54.429+0800][info] GC(94)   Merge Heap Roots: 0.0ms
[2024-10-12T11:23:54.429+0800][info] GC(94)   Evacuate Collection Set: 0.9ms
[2024-10-12T11:23:54.429+0800][info] GC(94)   Post Evacuate Collection Set: 0.2ms
[2024-10-12T11:23:54.429+0800][info] GC(94)   Other: 0.4ms
[2024-10-12T11:23:54.429+0800][info] GC(94) Eden regions: 2->0(2)
[2024-10-12T11:23:54.429+0800][info] GC(94) Survivor regions: 1->1(1)
[2024-10-12T11:23:54.429+0800][info] GC(94) Old regions: 51->52
[2024-10-12T11:23:54.429+0800][info] GC(94) Archive regions: 2->2
[2024-10-12T11:23:54.429+0800][info] GC(94) Humongous regions: 2->2
[2024-10-12T11:23:54.429+0800][info] GC(94) Metaspace: 1617K(1728K)->1617K(1728K) NonClass: 1481K(1536K)->1481K(1536K) Class: 135K(192K)->135K(192K)
[2024-10-12T11:23:54.430+0800][info] GC(94) Pause Young (Concurrent Start) (G1 Evacuation Pause) 111M->111M(128M) 1.719ms
[2024-10-12T11:23:54.430+0800][info] GC(94) User=0.00s Sys=0.00s Real=0.00s
[2024-10-12T11:23:54.430+0800][info] GC(95) Concurrent Mark Cycle
[2024-10-12T11:23:54.430+0800][info] GC(95) Concurrent Clear Claimed Marks
[2024-10-12T11:23:54.430+0800][info] GC(95) Concurrent Clear Claimed Marks 0.020ms
[2024-10-12T11:23:54.430+0800][info] GC(95) Concurrent Scan Root Regions
[2024-10-12T11:23:54.430+0800][info] GC(95) Concurrent Scan Root Regions 0.155ms
[2024-10-12T11:23:54.430+0800][info] GC(95) Concurrent Mark
[2024-10-12T11:23:54.430+0800][info] GC(95) Concurrent Mark From Roots
[2024-10-12T11:23:54.430+0800][info] GC(95) Using 12 workers of 12 for marking
[2024-10-12T11:23:54.433+0800][info] GC(95) Concurrent Mark From Roots 3.542ms
[2024-10-12T11:23:54.433+0800][info] GC(95) Concurrent Preclean
[2024-10-12T11:23:54.435+0800][info] GC(95) Concurrent Preclean 1.675ms
[2024-10-12T11:23:54.435+0800][info] GC(95) Pause Remark
[2024-10-12T11:23:54.437+0800][info] GC(95) Pause Remark 112M->112M(128M) 1.393ms
[2024-10-12T11:23:54.437+0800][info] GC(95) User=0.00s Sys=0.00s Real=0.00s
[2024-10-12T11:23:54.437+0800][info] GC(95) Concurrent Mark 6.881ms
[2024-10-12T11:23:54.437+0800][info] GC(95) Concurrent Rebuild Remembered Sets
[2024-10-12T11:23:54.438+0800][info] GC(95) Concurrent Rebuild Remembered Sets 1.194ms
[2024-10-12T11:23:54.438+0800][info] GC(95) Pause Cleanup
[2024-10-12T11:23:54.438+0800][info] GC(95) Pause Cleanup 112M->112M(128M) 0.245ms
[2024-10-12T11:23:54.438+0800][info] GC(95) User=0.00s Sys=0.00s Real=0.00s
[2024-10-12T11:23:54.438+0800][info] GC(95) Concurrent Cleanup for Next Mark
[2024-10-12T11:23:54.439+0800][info] GC(95) Concurrent Cleanup for Next Mark 0.266ms
[2024-10-12T11:23:54.439+0800][info] GC(95) Concurrent Mark Cycle 9.121ms
[2024-10-12T11:23:54.584+0800][info] GC(96) Pause Young (Prepare Mixed) (G1 Evacuation Pause)
[2024-10-12T11:23:54.584+0800][info] GC(96) Using 3 workers of 48 for evacuation
[2024-10-12T11:23:54.585+0800][info] GC(96)   Pre Evacuate Collection Set: 0.1ms
[2024-10-12T11:23:54.585+0800][info] GC(96)   Merge Heap Roots: 0.1ms
[2024-10-12T11:23:54.585+0800][info] GC(96)   Evacuate Collection Set: 0.9ms
[2024-10-12T11:23:54.585+0800][info] GC(96)   Post Evacuate Collection Set: 0.2ms
[2024-10-12T11:23:54.585+0800][info] GC(96)   Other: 0.2ms
[2024-10-12T11:23:54.585+0800][info] GC(96) Eden regions: 2->0(2)
[2024-10-12T11:23:54.585+0800][info] GC(96) Survivor regions: 1->1(1)
[2024-10-12T11:23:54.585+0800][info] GC(96) Old regions: 52->54
[2024-10-12T11:23:54.585+0800][info] GC(96) Archive regions: 2->2
[2024-10-12T11:23:54.585+0800][info] GC(96) Humongous regions: 2->2
[2024-10-12T11:23:54.585+0800][info] GC(96) Metaspace: 1617K(1728K)->1617K(1728K) NonClass: 1482K(1536K)->1482K(1536K) Class: 135K(192K)->135K(192K)
[2024-10-12T11:23:54.585+0800][info] GC(96) Pause Young (Prepare Mixed) (G1 Evacuation Pause) 115M->115M(128M) 1.635ms
[2024-10-12T11:23:54.585+0800][info] GC(96) User=0.00s Sys=0.00s Real=0.01s
[2024-10-12T11:23:54.647+0800][info] GC(97) Pause Young (Mixed) (G1 Preventive Collection)
[2024-10-12T11:23:54.647+0800][info] GC(97) Using 3 workers of 48 for evacuation
[2024-10-12T11:23:54.648+0800][info] GC(97)   Pre Evacuate Collection Set: 0.2ms
[2024-10-12T11:23:54.648+0800][info] GC(97)   Merge Heap Roots: 0.1ms
[2024-10-12T11:23:54.648+0800][info] GC(97)   Evacuate Collection Set: 1.0ms
[2024-10-12T11:23:54.648+0800][info] GC(97)   Post Evacuate Collection Set: 0.2ms
[2024-10-12T11:23:54.648+0800][info] GC(97)   Other: 0.2ms
[2024-10-12T11:23:54.648+0800][info] GC(97) Eden regions: 1->0(2)
[2024-10-12T11:23:54.648+0800][info] GC(97) Survivor regions: 1->1(1)
[2024-10-12T11:23:54.648+0800][info] GC(97) Old regions: 54->51
[2024-10-12T11:23:54.648+0800][info] GC(97) Archive regions: 2->2
[2024-10-12T11:23:54.648+0800][info] GC(97) Humongous regions: 2->2
[2024-10-12T11:23:54.648+0800][info] GC(97) Metaspace: 1617K(1728K)->1617K(1728K) NonClass: 1482K(1536K)->1482K(1536K) Class: 135K(192K)->135K(192K)
[2024-10-12T11:23:54.648+0800][info] GC(97) Pause Young (Mixed) (G1 Preventive Collection) 117M->108M(128M) 1.729ms
[2024-10-12T11:23:54.648+0800][info] GC(97) User=0.00s Sys=0.00s Real=0.00s
[2024-10-12T11:23:54.751+0800][info] GC(98) Pause Young (Mixed) (G1 Preventive Collection)
[2024-10-12T11:23:54.751+0800][info] GC(98) Using 3 workers of 48 for evacuation
[2024-10-12T11:23:54.752+0800][info] GC(98)   Pre Evacuate Collection Set: 0.2ms
[2024-10-12T11:23:54.752+0800][info] GC(98)   Merge Heap Roots: 0.1ms
[2024-10-12T11:23:54.752+0800][info] GC(98)   Evacuate Collection Set: 1.4ms
[2024-10-12T11:23:54.752+0800][info] GC(98)   Post Evacuate Collection Set: 0.2ms
[2024-10-12T11:23:54.752+0800][info] GC(98)   Other: 0.1ms
[2024-10-12T11:23:54.752+0800][info] GC(98) Eden regions: 2->0(2)
[2024-10-12T11:23:54.752+0800][info] GC(98) Survivor regions: 1->1(1)
[2024-10-12T11:23:54.753+0800][info] GC(98) Old regions: 51->50
[2024-10-12T11:23:54.753+0800][info] GC(98) Archive regions: 2->2
[2024-10-12T11:23:54.753+0800][info] GC(98) Humongous regions: 2->2
[2024-10-12T11:23:54.753+0800][info] GC(98) Metaspace: 1617K(1728K)->1617K(1728K) NonClass: 1482K(1536K)->1482K(1536K) Class: 135K(192K)->135K(192K)
[2024-10-12T11:23:54.753+0800][info] GC(98) Pause Young (Mixed) (G1 Preventive Collection) 112M->107M(128M) 2.051ms
[2024-10-12T11:23:54.753+0800][info] GC(98) User=0.01s Sys=0.00s Real=0.00s
[2024-10-12T11:23:54.855+0800][info] GC(99) Pause Young (Mixed) (G1 Preventive Collection)
[2024-10-12T11:23:54.855+0800][info] GC(99) Using 3 workers of 48 for evacuation
[2024-10-12T11:23:54.857+0800][info] GC(99)   Pre Evacuate Collection Set: 0.2ms
[2024-10-12T11:23:54.857+0800][info] GC(99)   Merge Heap Roots: 0.1ms
[2024-10-12T11:23:54.857+0800][info] GC(99)   Evacuate Collection Set: 1.6ms
[2024-10-12T11:23:54.858+0800][info] GC(99)   Post Evacuate Collection Set: 0.2ms
[2024-10-12T11:23:54.858+0800][info] GC(99)   Other: 0.1ms
[2024-10-12T11:23:54.858+0800][info] GC(99) Eden regions: 2->0(2)
[2024-10-12T11:23:54.858+0800][info] GC(99) Survivor regions: 1->1(1)
[2024-10-12T11:23:54.858+0800][info] GC(99) Old regions: 50->49
[2024-10-12T11:23:54.858+0800][info] GC(99) Archive regions: 2->2
[2024-10-12T11:23:54.858+0800][info] GC(99) Humongous regions: 2->2
[2024-10-12T11:23:54.858+0800][info] GC(99) Metaspace: 1617K(1728K)->1617K(1728K) NonClass: 1482K(1536K)->1482K(1536K) Class: 135K(192K)->135K(192K)
[2024-10-12T11:23:54.858+0800][info] GC(99) Pause Young (Mixed) (G1 Preventive Collection) 110M->105M(128M) 2.286ms
[2024-10-12T11:23:54.858+0800][info] GC(99) User=0.01s Sys=0.00s Real=0.00s
[2024-10-12T11:23:54.960+0800][info] GC(100) Pause Young (Mixed) (G1 Preventive Collection)
[2024-10-12T11:23:54.960+0800][info] GC(100) Using 3 workers of 48 for evacuation
[2024-10-12T11:23:54.962+0800][info] GC(100)   Pre Evacuate Collection Set: 0.2ms
[2024-10-12T11:23:54.962+0800][info] GC(100)   Merge Heap Roots: 0.1ms
[2024-10-12T11:23:54.962+0800][info] GC(100)   Evacuate Collection Set: 1.6ms
[2024-10-12T11:23:54.962+0800][info] GC(100)   Post Evacuate Collection Set: 0.2ms
[2024-10-12T11:23:54.962+0800][info] GC(100)   Other: 0.1ms
[2024-10-12T11:23:54.962+0800][info] GC(100) Eden regions: 2->0(2)
[2024-10-12T11:23:54.962+0800][info] GC(100) Survivor regions: 1->1(1)
[2024-10-12T11:23:54.962+0800][info] GC(100) Old regions: 49->49
[2024-10-12T11:23:54.962+0800][info] GC(100) Archive regions: 2->2
[2024-10-12T11:23:54.962+0800][info] GC(100) Humongous regions: 2->2
[2024-10-12T11:23:54.962+0800][info] GC(100) Metaspace: 1617K(1728K)->1617K(1728K) NonClass: 1482K(1536K)->1482K(1536K) Class: 135K(192K)->135K(192K)
[2024-10-12T11:23:54.962+0800][info] GC(100) Pause Young (Mixed) (G1 Preventive Collection) 108M->104M(128M) 2.270ms
[2024-10-12T11:23:54.962+0800][info] GC(100) User=0.00s Sys=0.00s Real=0.00s
[2024-10-12T11:23:55.065+0800][info] GC(101) Pause Young (Mixed) (G1 Preventive Collection)
[2024-10-12T11:23:55.065+0800][info] GC(101) Using 3 workers of 48 for evacuation
[2024-10-12T11:23:55.067+0800][info] GC(101)   Pre Evacuate Collection Set: 0.2ms
[2024-10-12T11:23:55.067+0800][info] GC(101)   Merge Heap Roots: 0.1ms
[2024-10-12T11:23:55.067+0800][info] GC(101)   Evacuate Collection Set: 2.0ms
[2024-10-12T11:23:55.067+0800][info] GC(101)   Post Evacuate Collection Set: 0.2ms
[2024-10-12T11:23:55.067+0800][info] GC(101)   Other: 0.1ms
[2024-10-12T11:23:55.067+0800][info] GC(101) Eden regions: 2->0(2)
[2024-10-12T11:23:55.067+0800][info] GC(101) Survivor regions: 1->1(1)
[2024-10-12T11:23:55.067+0800][info] GC(101) Old regions: 49->49
[2024-10-12T11:23:55.067+0800][info] GC(101) Archive regions: 2->2
[2024-10-12T11:23:55.067+0800][info] GC(101) Humongous regions: 2->2
[2024-10-12T11:23:55.067+0800][info] GC(101) Metaspace: 1617K(1728K)->1617K(1728K) NonClass: 1482K(1536K)->1482K(1536K) Class: 135K(192K)->135K(192K)
[2024-10-12T11:23:55.067+0800][info] GC(101) Pause Young (Mixed) (G1 Preventive Collection) 107M->104M(128M) 2.683ms
[2024-10-12T11:23:55.067+0800][info] GC(101) User=0.00s Sys=0.00s Real=0.01s
[2024-10-12T11:23:55.170+0800][info] GC(102) Pause Young (Mixed) (G1 Preventive Collection)
[2024-10-12T11:23:55.170+0800][info] GC(102) Using 3 workers of 48 for evacuation
[2024-10-12T11:23:55.172+0800][info] GC(102)   Pre Evacuate Collection Set: 0.1ms
[2024-10-12T11:23:55.172+0800][info] GC(102)   Merge Heap Roots: 0.1ms
[2024-10-12T11:23:55.172+0800][info] GC(102)   Evacuate Collection Set: 1.6ms
[2024-10-12T11:23:55.172+0800][info] GC(102)   Post Evacuate Collection Set: 0.2ms
[2024-10-12T11:23:55.172+0800][info] GC(102)   Other: 0.1ms
[2024-10-12T11:23:55.172+0800][info] GC(102) Eden regions: 2->0(2)
[2024-10-12T11:23:55.172+0800][info] GC(102) Survivor regions: 1->1(1)
[2024-10-12T11:23:55.172+0800][info] GC(102) Old regions: 49->48
[2024-10-12T11:23:55.172+0800][info] GC(102) Archive regions: 2->2
[2024-10-12T11:23:55.172+0800][info] GC(102) Humongous regions: 2->2
[2024-10-12T11:23:55.172+0800][info] GC(102) Metaspace: 1617K(1728K)->1617K(1728K) NonClass: 1482K(1536K)->1482K(1536K) Class: 135K(192K)->135K(192K)
[2024-10-12T11:23:55.172+0800][info] GC(102) Pause Young (Mixed) (G1 Preventive Collection) 107M->103M(128M) 2.256ms
[2024-10-12T11:23:55.172+0800][info] GC(102) User=0.01s Sys=0.00s Real=0.00s
[2024-10-12T11:23:55.275+0800][info] GC(103) Pause Young (Mixed) (G1 Preventive Collection)
[2024-10-12T11:23:55.275+0800][info] GC(103) Using 3 workers of 48 for evacuation
[2024-10-12T11:23:55.278+0800][info] GC(103)   Pre Evacuate Collection Set: 0.2ms
[2024-10-12T11:23:55.279+0800][info] GC(103)   Merge Heap Roots: 0.1ms
[2024-10-12T11:23:55.279+0800][info] GC(103)   Evacuate Collection Set: 3.3ms
[2024-10-12T11:23:55.279+0800][info] GC(103)   Post Evacuate Collection Set: 0.2ms
[2024-10-12T11:23:55.279+0800][info] GC(103)   Other: 0.1ms
[2024-10-12T11:23:55.279+0800][info] GC(103) Eden regions: 2->0(2)
[2024-10-12T11:23:55.279+0800][info] GC(103) Survivor regions: 1->1(1)
[2024-10-12T11:23:55.279+0800][info] GC(103) Old regions: 48->48
[2024-10-12T11:23:55.279+0800][info] GC(103) Archive regions: 2->2
[2024-10-12T11:23:55.279+0800][info] GC(103) Humongous regions: 2->2
[2024-10-12T11:23:55.279+0800][info] GC(103) Metaspace: 1617K(1728K)->1617K(1728K) NonClass: 1482K(1536K)->1482K(1536K) Class: 135K(192K)->135K(192K)
[2024-10-12T11:23:55.279+0800][info] GC(103) Pause Young (Mixed) (G1 Preventive Collection) 106M->103M(128M) 3.960ms
[2024-10-12T11:23:55.279+0800][info] GC(103) User=0.01s Sys=0.00s Real=0.00s
[2024-10-12T11:23:55.381+0800][info] GC(104) Pause Young (Normal) (G1 Evacuation Pause)
[2024-10-12T11:23:55.381+0800][info] GC(104) Using 3 workers of 48 for evacuation
[2024-10-12T11:23:55.382+0800][info] GC(104)   Pre Evacuate Collection Set: 0.1ms
[2024-10-12T11:23:55.382+0800][info] GC(104)   Merge Heap Roots: 0.0ms
[2024-10-12T11:23:55.382+0800][info] GC(104)   Evacuate Collection Set: 0.7ms
[2024-10-12T11:23:55.382+0800][info] GC(104)   Post Evacuate Collection Set: 0.2ms
[2024-10-12T11:23:55.382+0800][info] GC(104)   Other: 0.2ms
[2024-10-12T11:23:55.382+0800][info] GC(104) Eden regions: 2->0(2)
[2024-10-12T11:23:55.382+0800][info] GC(104) Survivor regions: 1->1(1)
[2024-10-12T11:23:55.382+0800][info] GC(104) Old regions: 48->50
[2024-10-12T11:23:55.382+0800][info] GC(104) Archive regions: 2->2
[2024-10-12T11:23:55.382+0800][info] GC(104) Humongous regions: 2->2
[2024-10-12T11:23:55.382+0800][info] GC(104) Metaspace: 1617K(1728K)->1617K(1728K) NonClass: 1482K(1536K)->1482K(1536K) Class: 135K(192K)->135K(192K)
[2024-10-12T11:23:55.382+0800][info] GC(104) Pause Young (Normal) (G1 Evacuation Pause) 106M->107M(128M) 1.345ms
[2024-10-12T11:23:55.382+0800][info] GC(104) User=0.01s Sys=0.00s Real=0.00s
[2024-10-12T11:23:55.485+0800][info] GC(105) Pause Young (Concurrent Start) (G1 Evacuation Pause)
[2024-10-12T11:23:55.485+0800][info] GC(105) Using 3 workers of 48 for evacuation
[2024-10-12T11:23:55.486+0800][info] GC(105)   Pre Evacuate Collection Set: 0.1ms
[2024-10-12T11:23:55.486+0800][info] GC(105)   Merge Heap Roots: 0.1ms
[2024-10-12T11:23:55.486+0800][info] GC(105)   Evacuate Collection Set: 0.8ms
[2024-10-12T11:23:55.486+0800][info] GC(105)   Post Evacuate Collection Set: 0.2ms
[2024-10-12T11:23:55.486+0800][info] GC(105)   Other: 0.4ms
[2024-10-12T11:23:55.486+0800][info] GC(105) Eden regions: 2->0(2)
[2024-10-12T11:23:55.486+0800][info] GC(105) Survivor regions: 1->1(1)
[2024-10-12T11:23:55.486+0800][info] GC(105) Old regions: 50->52
[2024-10-12T11:23:55.486+0800][info] GC(105) Archive regions: 2->2
[2024-10-12T11:23:55.486+0800][info] GC(105) Humongous regions: 2->2
[2024-10-12T11:23:55.486+0800][info] GC(105) Metaspace: 1617K(1728K)->1617K(1728K) NonClass: 1482K(1536K)->1482K(1536K) Class: 135K(192K)->135K(192K)
[2024-10-12T11:23:55.486+0800][info] GC(105) Pause Young (Concurrent Start) (G1 Evacuation Pause) 110M->111M(128M) 1.582ms
[2024-10-12T11:23:55.486+0800][info] GC(105) User=0.00s Sys=0.00s Real=0.01s
[2024-10-12T11:23:55.487+0800][info] GC(106) Concurrent Mark Cycle
[2024-10-12T11:23:55.487+0800][info] GC(106) Concurrent Clear Claimed Marks
[2024-10-12T11:23:55.487+0800][info] GC(106) Concurrent Clear Claimed Marks 0.019ms
[2024-10-12T11:23:55.487+0800][info] GC(106) Concurrent Scan Root Regions
[2024-10-12T11:23:55.487+0800][info] GC(106) Concurrent Scan Root Regions 0.176ms
[2024-10-12T11:23:55.487+0800][info] GC(106) Concurrent Mark
[2024-10-12T11:23:55.487+0800][info] GC(106) Concurrent Mark From Roots
[2024-10-12T11:23:55.487+0800][info] GC(106) Using 12 workers of 12 for marking
[2024-10-12T11:23:55.490+0800][info] GC(106) Concurrent Mark From Roots 3.556ms
[2024-10-12T11:23:55.490+0800][info] GC(106) Concurrent Preclean
[2024-10-12T11:23:55.492+0800][info] GC(106) Concurrent Preclean 1.671ms
[2024-10-12T11:23:55.492+0800][info] GC(106) Pause Remark
[2024-10-12T11:23:55.494+0800][info] GC(106) Pause Remark 111M->111M(128M) 1.432ms
[2024-10-12T11:23:55.494+0800][info] GC(106) User=0.00s Sys=0.00s Real=0.01s
[2024-10-12T11:23:55.494+0800][info] GC(106) Concurrent Mark 6.869ms
[2024-10-12T11:23:55.494+0800][info] GC(106) Concurrent Rebuild Remembered Sets
[2024-10-12T11:23:55.495+0800][info] GC(106) Concurrent Rebuild Remembered Sets 0.959ms
[2024-10-12T11:23:55.495+0800][info] GC(106) Pause Cleanup
[2024-10-12T11:23:55.495+0800][info] GC(106) Pause Cleanup 111M->111M(128M) 0.242ms
[2024-10-12T11:23:55.495+0800][info] GC(106) User=0.00s Sys=0.00s Real=0.00s
[2024-10-12T11:23:55.495+0800][info] GC(106) Concurrent Cleanup for Next Mark
[2024-10-12T11:23:55.495+0800][info] GC(106) Concurrent Cleanup for Next Mark 0.294ms
[2024-10-12T11:23:55.495+0800][info] GC(106) Concurrent Mark Cycle 8.901ms
[2024-10-12T11:23:55.640+0800][info] GC(107) Pause Young (Prepare Mixed) (G1 Evacuation Pause)
[2024-10-12T11:23:55.640+0800][info] GC(107) Using 3 workers of 48 for evacuation
[2024-10-12T11:23:55.641+0800][info] GC(107)   Pre Evacuate Collection Set: 0.1ms
[2024-10-12T11:23:55.641+0800][info] GC(107)   Merge Heap Roots: 0.1ms
[2024-10-12T11:23:55.641+0800][info] GC(107)   Evacuate Collection Set: 0.8ms
[2024-10-12T11:23:55.641+0800][info] GC(107)   Post Evacuate Collection Set: 0.2ms
[2024-10-12T11:23:55.641+0800][info] GC(107)   Other: 0.2ms
[2024-10-12T11:23:55.641+0800][info] GC(107) Eden regions: 2->0(2)
[2024-10-12T11:23:55.641+0800][info] GC(107) Survivor regions: 1->1(1)
[2024-10-12T11:23:55.641+0800][info] GC(107) Old regions: 52->54
[2024-10-12T11:23:55.641+0800][info] GC(107) Archive regions: 2->2
[2024-10-12T11:23:55.641+0800][info] GC(107) Humongous regions: 2->2
[2024-10-12T11:23:55.641+0800][info] GC(107) Metaspace: 1620K(1728K)->1620K(1728K) NonClass: 1484K(1536K)->1484K(1536K) Class: 135K(192K)->135K(192K)
[2024-10-12T11:23:55.641+0800][info] GC(107) Pause Young (Prepare Mixed) (G1 Evacuation Pause) 114M->114M(128M) 1.466ms
[2024-10-12T11:23:55.641+0800][info] GC(107) User=0.00s Sys=0.00s Real=0.00s
[2024-10-12T11:23:55.703+0800][info] GC(108) Pause Young (Mixed) (G1 Preventive Collection)
[2024-10-12T11:23:55.703+0800][info] GC(108) Using 3 workers of 48 for evacuation
[2024-10-12T11:23:55.705+0800][info] GC(108)   Pre Evacuate Collection Set: 0.2ms
[2024-10-12T11:23:55.705+0800][info] GC(108)   Merge Heap Roots: 0.1ms
[2024-10-12T11:23:55.705+0800][info] GC(108)   Evacuate Collection Set: 0.9ms
[2024-10-12T11:23:55.705+0800][info] GC(108)   Post Evacuate Collection Set: 0.2ms
[2024-10-12T11:23:55.705+0800][info] GC(108)   Other: 0.2ms
[2024-10-12T11:23:55.705+0800][info] GC(108) Eden regions: 1->0(2)
[2024-10-12T11:23:55.705+0800][info] GC(108) Survivor regions: 1->1(1)
[2024-10-12T11:23:55.705+0800][info] GC(108) Old regions: 54->51
[2024-10-12T11:23:55.705+0800][info] GC(108) Archive regions: 2->2
[2024-10-12T11:23:55.705+0800][info] GC(108) Humongous regions: 2->2
[2024-10-12T11:23:55.705+0800][info] GC(108) Metaspace: 1620K(1728K)->1620K(1728K) NonClass: 1484K(1536K)->1484K(1536K) Class: 135K(192K)->135K(192K)
[2024-10-12T11:23:55.705+0800][info] GC(108) Pause Young (Mixed) (G1 Preventive Collection) 116M->109M(128M) 1.552ms
[2024-10-12T11:23:55.705+0800][info] GC(108) User=0.01s Sys=0.00s Real=0.00s
[2024-10-12T11:23:55.807+0800][info] GC(109) Pause Young (Mixed) (G1 Preventive Collection)
[2024-10-12T11:23:55.807+0800][info] GC(109) Using 3 workers of 48 for evacuation
[2024-10-12T11:23:55.809+0800][info] GC(109)   Pre Evacuate Collection Set: 0.2ms
[2024-10-12T11:23:55.809+0800][info] GC(109)   Merge Heap Roots: 0.1ms
[2024-10-12T11:23:55.809+0800][info] GC(109)   Evacuate Collection Set: 1.3ms
[2024-10-12T11:23:55.809+0800][info] GC(109)   Post Evacuate Collection Set: 0.2ms
[2024-10-12T11:23:55.809+0800][info] GC(109)   Other: 0.2ms
[2024-10-12T11:23:55.809+0800][info] GC(109) Eden regions: 2->0(2)
[2024-10-12T11:23:55.809+0800][info] GC(109) Survivor regions: 1->1(1)
[2024-10-12T11:23:55.809+0800][info] GC(109) Old regions: 51->49
[2024-10-12T11:23:55.809+0800][info] GC(109) Archive regions: 2->2
[2024-10-12T11:23:55.809+0800][info] GC(109) Humongous regions: 2->2
[2024-10-12T11:23:55.809+0800][info] GC(109) Metaspace: 1620K(1728K)->1620K(1728K) NonClass: 1484K(1536K)->1484K(1536K) Class: 135K(192K)->135K(192K)
[2024-10-12T11:23:55.809+0800][info] GC(109) Pause Young (Mixed) (G1 Preventive Collection) 112M->105M(128M) 1.941ms
[2024-10-12T11:23:55.809+0800][info] GC(109) User=0.00s Sys=0.00s Real=0.00s
[2024-10-12T11:23:55.912+0800][info] GC(110) Pause Young (Mixed) (G1 Evacuation Pause)
[2024-10-12T11:23:55.912+0800][info] GC(110) Using 3 workers of 48 for evacuation
[2024-10-12T11:23:55.914+0800][info] GC(110)   Pre Evacuate Collection Set: 0.2ms
[2024-10-12T11:23:55.914+0800][info] GC(110)   Merge Heap Roots: 0.1ms
[2024-10-12T11:23:55.914+0800][info] GC(110)   Evacuate Collection Set: 1.4ms
[2024-10-12T11:23:55.914+0800][info] GC(110)   Post Evacuate Collection Set: 0.2ms
[2024-10-12T11:23:55.914+0800][info] GC(110)   Other: 0.1ms
[2024-10-12T11:23:55.914+0800][info] GC(110) Eden regions: 2->0(2)
[2024-10-12T11:23:55.914+0800][info] GC(110) Survivor regions: 1->1(1)
[2024-10-12T11:23:55.914+0800][info] GC(110) Old regions: 49->49
[2024-10-12T11:23:55.914+0800][info] GC(110) Archive regions: 2->2
[2024-10-12T11:23:55.914+0800][info] GC(110) Humongous regions: 2->2
[2024-10-12T11:23:55.914+0800][info] GC(110) Metaspace: 1620K(1728K)->1620K(1728K) NonClass: 1484K(1536K)->1484K(1536K) Class: 135K(192K)->135K(192K)
[2024-10-12T11:23:55.914+0800][info] GC(110) Pause Young (Mixed) (G1 Evacuation Pause) 108M->104M(128M) 2.094ms
[2024-10-12T11:23:55.914+0800][info] GC(110) User=0.00s Sys=0.00s Real=0.01s
[2024-10-12T11:23:56.016+0800][info] GC(111) Pause Young (Mixed) (G1 Evacuation Pause)
[2024-10-12T11:23:56.017+0800][info] GC(111) Using 3 workers of 48 for evacuation
[2024-10-12T11:23:56.019+0800][info] GC(111)   Pre Evacuate Collection Set: 0.2ms
[2024-10-12T11:23:56.019+0800][info] GC(111)   Merge Heap Roots: 0.0ms
[2024-10-12T11:23:56.019+0800][info] GC(111)   Evacuate Collection Set: 1.6ms
[2024-10-12T11:23:56.019+0800][info] GC(111)   Post Evacuate Collection Set: 0.2ms
[2024-10-12T11:23:56.019+0800][info] GC(111)   Other: 0.1ms
[2024-10-12T11:23:56.019+0800][info] GC(111) Eden regions: 2->0(2)
[2024-10-12T11:23:56.019+0800][info] GC(111) Survivor regions: 1->1(1)
[2024-10-12T11:23:56.019+0800][info] GC(111) Old regions: 49->48
[2024-10-12T11:23:56.019+0800][info] GC(111) Archive regions: 2->2
[2024-10-12T11:23:56.019+0800][info] GC(111) Humongous regions: 2->2
[2024-10-12T11:23:56.019+0800][info] GC(111) Metaspace: 1620K(1728K)->1620K(1728K) NonClass: 1484K(1536K)->1484K(1536K) Class: 135K(192K)->135K(192K)
[2024-10-12T11:23:56.019+0800][info] GC(111) Pause Young (Mixed) (G1 Evacuation Pause) 107M->102M(128M) 2.274ms
[2024-10-12T11:23:56.019+0800][info] GC(111) User=0.00s Sys=0.00s Real=0.00s
[2024-10-12T11:23:56.122+0800][info] GC(112) Pause Young (Mixed) (G1 Evacuation Pause)
[2024-10-12T11:23:56.122+0800][info] GC(112) Using 3 workers of 48 for evacuation
[2024-10-12T11:23:56.124+0800][info] GC(112)   Pre Evacuate Collection Set: 0.2ms
[2024-10-12T11:23:56.124+0800][info] GC(112)   Merge Heap Roots: 0.1ms
[2024-10-12T11:23:56.124+0800][info] GC(112)   Evacuate Collection Set: 1.4ms
[2024-10-12T11:23:56.124+0800][info] GC(112)   Post Evacuate Collection Set: 0.2ms
[2024-10-12T11:23:56.124+0800][info] GC(112)   Other: 0.1ms
[2024-10-12T11:23:56.124+0800][info] GC(112) Eden regions: 2->0(2)
[2024-10-12T11:23:56.124+0800][info] GC(112) Survivor regions: 1->1(1)
[2024-10-12T11:23:56.124+0800][info] GC(112) Old regions: 48->47
[2024-10-12T11:23:56.124+0800][info] GC(112) Archive regions: 2->2
[2024-10-12T11:23:56.124+0800][info] GC(112) Humongous regions: 2->2
[2024-10-12T11:23:56.124+0800][info] GC(112) Metaspace: 1620K(1728K)->1620K(1728K) NonClass: 1484K(1536K)->1484K(1536K) Class: 135K(192K)->135K(192K)
[2024-10-12T11:23:56.124+0800][info] GC(112) Pause Young (Mixed) (G1 Evacuation Pause) 106M->101M(128M) 2.138ms
[2024-10-12T11:23:56.124+0800][info] GC(112) User=0.00s Sys=0.00s Real=0.00s
[2024-10-12T11:23:56.226+0800][info] GC(113) Pause Young (Mixed) (G1 Evacuation Pause)
[2024-10-12T11:23:56.226+0800][info] GC(113) Using 3 workers of 48 for evacuation
[2024-10-12T11:23:56.228+0800][info] GC(113)   Pre Evacuate Collection Set: 0.2ms
[2024-10-12T11:23:56.228+0800][info] GC(113)   Merge Heap Roots: 0.1ms
[2024-10-12T11:23:56.228+0800][info] GC(113)   Evacuate Collection Set: 1.6ms
[2024-10-12T11:23:56.228+0800][info] GC(113)   Post Evacuate Collection Set: 0.2ms
[2024-10-12T11:23:56.228+0800][info] GC(113)   Other: 0.1ms
[2024-10-12T11:23:56.228+0800][info] GC(113) Eden regions: 2->0(2)
[2024-10-12T11:23:56.228+0800][info] GC(113) Survivor regions: 1->1(1)
[2024-10-12T11:23:56.228+0800][info] GC(113) Old regions: 47->47
[2024-10-12T11:23:56.228+0800][info] GC(113) Archive regions: 2->2
[2024-10-12T11:23:56.228+0800][info] GC(113) Humongous regions: 2->2
[2024-10-12T11:23:56.228+0800][info] GC(113) Metaspace: 1620K(1728K)->1620K(1728K) NonClass: 1484K(1536K)->1484K(1536K) Class: 135K(192K)->135K(192K)
[2024-10-12T11:23:56.228+0800][info] GC(113) Pause Young (Mixed) (G1 Evacuation Pause) 104M->101M(128M) 2.262ms
[2024-10-12T11:23:56.228+0800][info] GC(113) User=0.01s Sys=0.00s Real=0.00s
[2024-10-12T11:23:56.331+0800][info] GC(114) Pause Young (Mixed) (G1 Preventive Collection)
[2024-10-12T11:23:56.331+0800][info] GC(114) Using 3 workers of 48 for evacuation
[2024-10-12T11:23:56.333+0800][info] GC(114)   Pre Evacuate Collection Set: 0.2ms
[2024-10-12T11:23:56.333+0800][info] GC(114)   Merge Heap Roots: 0.1ms
[2024-10-12T11:23:56.333+0800][info] GC(114)   Evacuate Collection Set: 1.6ms
[2024-10-12T11:23:56.333+0800][info] GC(114)   Post Evacuate Collection Set: 0.2ms
[2024-10-12T11:23:56.333+0800][info] GC(114)   Other: 0.1ms
[2024-10-12T11:23:56.333+0800][info] GC(114) Eden regions: 2->0(2)
[2024-10-12T11:23:56.333+0800][info] GC(114) Survivor regions: 1->1(1)
[2024-10-12T11:23:56.333+0800][info] GC(114) Old regions: 47->48
[2024-10-12T11:23:56.333+0800][info] GC(114) Archive regions: 2->2
[2024-10-12T11:23:56.333+0800][info] GC(114) Humongous regions: 3->3
[2024-10-12T11:23:56.333+0800][info] GC(114) Metaspace: 1620K(1728K)->1620K(1728K) NonClass: 1484K(1536K)->1484K(1536K) Class: 135K(192K)->135K(192K)
[2024-10-12T11:23:56.333+0800][info] GC(114) Pause Young (Mixed) (G1 Preventive Collection) 107M->105M(128M) 2.243ms
[2024-10-12T11:23:56.333+0800][info] GC(114) User=0.01s Sys=0.00s Real=0.01s
[2024-10-12T11:23:56.435+0800][info] GC(115) Pause Young (Mixed) (G1 Evacuation Pause)
[2024-10-12T11:23:56.436+0800][info] GC(115) Using 3 workers of 48 for evacuation
[2024-10-12T11:23:56.438+0800][info] GC(115)   Pre Evacuate Collection Set: 0.2ms
[2024-10-12T11:23:56.438+0800][info] GC(115)   Merge Heap Roots: 0.0ms
[2024-10-12T11:23:56.438+0800][info] GC(115)   Evacuate Collection Set: 2.1ms
[2024-10-12T11:23:56.438+0800][info] GC(115)   Post Evacuate Collection Set: 0.2ms
[2024-10-12T11:23:56.438+0800][info] GC(115)   Other: 0.1ms
[2024-10-12T11:23:56.438+0800][info] GC(115) Eden regions: 2->0(2)
[2024-10-12T11:23:56.438+0800][info] GC(115) Survivor regions: 1->1(1)
[2024-10-12T11:23:56.438+0800][info] GC(115) Old regions: 48->49
[2024-10-12T11:23:56.438+0800][info] GC(115) Archive regions: 2->2
[2024-10-12T11:23:56.438+0800][info] GC(115) Humongous regions: 3->3
[2024-10-12T11:23:56.438+0800][info] GC(115) Metaspace: 1620K(1728K)->1620K(1728K) NonClass: 1484K(1536K)->1484K(1536K) Class: 135K(192K)->135K(192K)
[2024-10-12T11:23:56.438+0800][info] GC(115) Pause Young (Mixed) (G1 Evacuation Pause) 108M->107M(128M) 2.785ms
[2024-10-12T11:23:56.438+0800][info] GC(115) User=0.01s Sys=0.00s Real=0.00s
[2024-10-12T11:23:56.541+0800][info] GC(116) Pause Young (Concurrent Start) (G1 Evacuation Pause)
[2024-10-12T11:23:56.541+0800][info] GC(116) Using 3 workers of 48 for evacuation
[2024-10-12T11:23:56.542+0800][info] GC(116)   Pre Evacuate Collection Set: 0.1ms
[2024-10-12T11:23:56.542+0800][info] GC(116)   Merge Heap Roots: 0.1ms
[2024-10-12T11:23:56.542+0800][info] GC(116)   Evacuate Collection Set: 0.7ms
[2024-10-12T11:23:56.542+0800][info] GC(116)   Post Evacuate Collection Set: 0.2ms
[2024-10-12T11:23:56.542+0800][info] GC(116)   Other: 0.3ms
[2024-10-12T11:23:56.542+0800][info] GC(116) Eden regions: 2->0(2)
[2024-10-12T11:23:56.542+0800][info] GC(116) Survivor regions: 1->1(1)
[2024-10-12T11:23:56.542+0800][info] GC(116) Old regions: 49->51
[2024-10-12T11:23:56.542+0800][info] GC(116) Archive regions: 2->2
[2024-10-12T11:23:56.542+0800][info] GC(116) Humongous regions: 3->3
[2024-10-12T11:23:56.543+0800][info] GC(116) Metaspace: 1620K(1728K)->1620K(1728K) NonClass: 1484K(1536K)->1484K(1536K) Class: 135K(192K)->135K(192K)
[2024-10-12T11:23:56.543+0800][info] GC(116) Pause Young (Concurrent Start) (G1 Evacuation Pause) 110M->111M(128M) 1.543ms
[2024-10-12T11:23:56.543+0800][info] GC(116) User=0.00s Sys=0.00s Real=0.00s
[2024-10-12T11:23:56.543+0800][info] GC(117) Concurrent Mark Cycle
[2024-10-12T11:23:56.543+0800][info] GC(117) Concurrent Clear Claimed Marks
[2024-10-12T11:23:56.543+0800][info] GC(117) Concurrent Clear Claimed Marks 0.020ms
[2024-10-12T11:23:56.543+0800][info] GC(117) Concurrent Scan Root Regions
[2024-10-12T11:23:56.543+0800][info] GC(117) Concurrent Scan Root Regions 0.108ms
[2024-10-12T11:23:56.543+0800][info] GC(117) Concurrent Mark
[2024-10-12T11:23:56.543+0800][info] GC(117) Concurrent Mark From Roots
[2024-10-12T11:23:56.543+0800][info] GC(117) Using 12 workers of 12 for marking
[2024-10-12T11:23:56.546+0800][info] GC(117) Concurrent Mark From Roots 3.289ms
[2024-10-12T11:23:56.546+0800][info] GC(117) Concurrent Preclean
[2024-10-12T11:23:56.548+0800][info] GC(117) Concurrent Preclean 1.668ms
[2024-10-12T11:23:56.548+0800][info] GC(117) Pause Remark
[2024-10-12T11:23:56.549+0800][info] GC(117) Pause Remark 111M->111M(128M) 1.311ms
[2024-10-12T11:23:56.549+0800][info] GC(117) User=0.00s Sys=0.00s Real=0.00s
[2024-10-12T11:23:56.549+0800][info] GC(117) Concurrent Mark 6.503ms
[2024-10-12T11:23:56.549+0800][info] GC(117) Concurrent Rebuild Remembered Sets
[2024-10-12T11:23:56.551+0800][info] GC(117) Concurrent Rebuild Remembered Sets 1.177ms
[2024-10-12T11:23:56.551+0800][info] GC(117) Pause Cleanup
[2024-10-12T11:23:56.551+0800][info] GC(117) Pause Cleanup 111M->111M(128M) 0.241ms
[2024-10-12T11:23:56.551+0800][info] GC(117) User=0.00s Sys=0.00s Real=0.00s
[2024-10-12T11:23:56.551+0800][info] GC(117) Concurrent Cleanup for Next Mark
[2024-10-12T11:23:56.551+0800][info] GC(117) Concurrent Cleanup for Next Mark 0.305ms
[2024-10-12T11:23:56.551+0800][info] GC(117) Concurrent Mark Cycle 8.711ms
[2024-10-12T11:23:56.696+0800][info] GC(118) Pause Young (Prepare Mixed) (G1 Evacuation Pause)
[2024-10-12T11:23:56.696+0800][info] GC(118) Using 3 workers of 48 for evacuation
[2024-10-12T11:23:56.697+0800][info] GC(118)   Pre Evacuate Collection Set: 0.1ms
[2024-10-12T11:23:56.697+0800][info] GC(118)   Merge Heap Roots: 0.1ms
[2024-10-12T11:23:56.697+0800][info] GC(118)   Evacuate Collection Set: 0.8ms
[2024-10-12T11:23:56.697+0800][info] GC(118)   Post Evacuate Collection Set: 0.2ms
[2024-10-12T11:23:56.697+0800][info] GC(118)   Other: 0.2ms
[2024-10-12T11:23:56.697+0800][info] GC(118) Eden regions: 2->0(2)
[2024-10-12T11:23:56.697+0800][info] GC(118) Survivor regions: 1->1(1)
[2024-10-12T11:23:56.697+0800][info] GC(118) Old regions: 51->53
[2024-10-12T11:23:56.697+0800][info] GC(118) Archive regions: 2->2
[2024-10-12T11:23:56.697+0800][info] GC(118) Humongous regions: 3->3
[2024-10-12T11:23:56.698+0800][info] GC(118) Metaspace: 1632K(1728K)->1632K(1728K) NonClass: 1496K(1536K)->1496K(1536K) Class: 135K(192K)->135K(192K)
[2024-10-12T11:23:56.698+0800][info] GC(118) Pause Young (Prepare Mixed) (G1 Evacuation Pause) 114M->115M(128M) 1.468ms
[2024-10-12T11:23:56.698+0800][info] GC(118) User=0.00s Sys=0.00s Real=0.00s
[2024-10-12T11:23:56.759+0800][info] GC(119) Pause Young (Mixed) (G1 Preventive Collection)
[2024-10-12T11:23:56.759+0800][info] GC(119) Using 3 workers of 48 for evacuation
[2024-10-12T11:23:56.760+0800][info] GC(119)   Pre Evacuate Collection Set: 0.2ms
[2024-10-12T11:23:56.760+0800][info] GC(119)   Merge Heap Roots: 0.1ms
[2024-10-12T11:23:56.760+0800][info] GC(119)   Evacuate Collection Set: 1.0ms
[2024-10-12T11:23:56.760+0800][info] GC(119)   Post Evacuate Collection Set: 0.2ms
[2024-10-12T11:23:56.760+0800][info] GC(119)   Other: 0.2ms
[2024-10-12T11:23:56.760+0800][info] GC(119) Eden regions: 1->0(2)
[2024-10-12T11:23:56.760+0800][info] GC(119) Survivor regions: 1->1(1)
[2024-10-12T11:23:56.760+0800][info] GC(119) Old regions: 53->51
[2024-10-12T11:23:56.760+0800][info] GC(119) Archive regions: 2->2
[2024-10-12T11:23:56.760+0800][info] GC(119) Humongous regions: 3->3
[2024-10-12T11:23:56.761+0800][info] GC(119) Metaspace: 1632K(1728K)->1632K(1728K) NonClass: 1496K(1536K)->1496K(1536K) Class: 135K(192K)->135K(192K)
[2024-10-12T11:23:56.761+0800][info] GC(119) Pause Young (Mixed) (G1 Preventive Collection) 117M->110M(128M) 1.653ms
[2024-10-12T11:23:56.761+0800][info] GC(119) User=0.00s Sys=0.00s Real=0.00s
[2024-10-12T11:23:56.802+0800][info] GC(120) Pause Young (Mixed) (G1 Preventive Collection)
[2024-10-12T11:23:56.802+0800][info] GC(120) Using 3 workers of 48 for evacuation
[2024-10-12T11:23:56.804+0800][info] GC(120)   Pre Evacuate Collection Set: 0.2ms
[2024-10-12T11:23:56.804+0800][info] GC(120)   Merge Heap Roots: 0.1ms
[2024-10-12T11:23:56.804+0800][info] GC(120)   Evacuate Collection Set: 1.1ms
[2024-10-12T11:23:56.804+0800][info] GC(120)   Post Evacuate Collection Set: 0.2ms
[2024-10-12T11:23:56.804+0800][info] GC(120)   Other: 0.1ms
[2024-10-12T11:23:56.804+0800][info] GC(120) Eden regions: 1->0(2)
[2024-10-12T11:23:56.804+0800][info] GC(120) Survivor regions: 1->1(1)
[2024-10-12T11:23:56.804+0800][info] GC(120) Old regions: 51->49
[2024-10-12T11:23:56.804+0800][info] GC(120) Archive regions: 2->2
[2024-10-12T11:23:56.804+0800][info] GC(120) Humongous regions: 3->3
[2024-10-12T11:23:56.804+0800][info] GC(120) Metaspace: 1632K(1728K)->1632K(1728K) NonClass: 1496K(1536K)->1496K(1536K) Class: 135K(192K)->135K(192K)
[2024-10-12T11:23:56.804+0800][info] GC(120) Pause Young (Mixed) (G1 Preventive Collection) 111M->105M(128M) 1.810ms
[2024-10-12T11:23:56.804+0800][info] GC(120) User=0.00s Sys=0.00s Real=0.00s
[2024-10-12T11:23:56.906+0800][info] GC(121) Pause Young (Mixed) (G1 Preventive Collection)
[2024-10-12T11:23:56.906+0800][info] GC(121) Using 3 workers of 48 for evacuation
[2024-10-12T11:23:56.908+0800][info] GC(121)   Pre Evacuate Collection Set: 0.2ms
[2024-10-12T11:23:56.908+0800][info] GC(121)   Merge Heap Roots: 0.1ms
[2024-10-12T11:23:56.908+0800][info] GC(121)   Evacuate Collection Set: 1.4ms
[2024-10-12T11:23:56.908+0800][info] GC(121)   Post Evacuate Collection Set: 0.2ms
[2024-10-12T11:23:56.908+0800][info] GC(121)   Other: 0.1ms
[2024-10-12T11:23:56.908+0800][info] GC(121) Eden regions: 2->0(2)
[2024-10-12T11:23:56.908+0800][info] GC(121) Survivor regions: 1->1(1)
[2024-10-12T11:23:56.908+0800][info] GC(121) Old regions: 49->48
[2024-10-12T11:23:56.908+0800][info] GC(121) Archive regions: 2->2
[2024-10-12T11:23:56.908+0800][info] GC(121) Humongous regions: 3->3
[2024-10-12T11:23:56.908+0800][info] GC(121) Metaspace: 1632K(1728K)->1632K(1728K) NonClass: 1496K(1536K)->1496K(1536K) Class: 135K(192K)->135K(192K)
[2024-10-12T11:23:56.908+0800][info] GC(121) Pause Young (Mixed) (G1 Preventive Collection) 109M->104M(128M) 2.091ms
[2024-10-12T11:23:56.908+0800][info] GC(121) User=0.00s Sys=0.00s Real=0.00s
[2024-10-12T11:23:57.011+0800][info] GC(122) Pause Young (Mixed) (G1 Evacuation Pause)
[2024-10-12T11:23:57.011+0800][info] GC(122) Using 3 workers of 48 for evacuation
[2024-10-12T11:23:57.013+0800][info] GC(122)   Pre Evacuate Collection Set: 0.2ms
[2024-10-12T11:23:57.013+0800][info] GC(122)   Merge Heap Roots: 0.1ms
[2024-10-12T11:23:57.013+0800][info] GC(122)   Evacuate Collection Set: 1.5ms
[2024-10-12T11:23:57.013+0800][info] GC(122)   Post Evacuate Collection Set: 0.2ms
[2024-10-12T11:23:57.013+0800][info] GC(122)   Other: 0.2ms
[2024-10-12T11:23:57.013+0800][info] GC(122) Eden regions: 2->0(2)
[2024-10-12T11:23:57.013+0800][info] GC(122) Survivor regions: 1->1(1)
[2024-10-12T11:23:57.013+0800][info] GC(122) Old regions: 48->47
[2024-10-12T11:23:57.013+0800][info] GC(122) Archive regions: 2->2
[2024-10-12T11:23:57.013+0800][info] GC(122) Humongous regions: 3->3
[2024-10-12T11:23:57.013+0800][info] GC(122) Metaspace: 1636K(1792K)->1636K(1792K) NonClass: 1500K(1600K)->1500K(1600K) Class: 135K(192K)->135K(192K)
[2024-10-12T11:23:57.013+0800][info] GC(122) Pause Young (Mixed) (G1 Evacuation Pause) 107M->103M(128M) 2.191ms
[2024-10-12T11:23:57.013+0800][info] GC(122) User=0.00s Sys=0.00s Real=0.01s
[2024-10-12T11:23:57.115+0800][info] GC(123) Pause Young (Mixed) (G1 Evacuation Pause)
[2024-10-12T11:23:57.115+0800][info] GC(123) Using 3 workers of 48 for evacuation
[2024-10-12T11:23:57.117+0800][info] GC(123)   Pre Evacuate Collection Set: 0.2ms
[2024-10-12T11:23:57.117+0800][info] GC(123)   Merge Heap Roots: 0.1ms
[2024-10-12T11:23:57.118+0800][info] GC(123)   Evacuate Collection Set: 1.6ms
[2024-10-12T11:23:57.118+0800][info] GC(123)   Post Evacuate Collection Set: 0.2ms
[2024-10-12T11:23:57.118+0800][info] GC(123)   Other: 0.1ms
[2024-10-12T11:23:57.118+0800][info] GC(123) Eden regions: 2->0(2)
[2024-10-12T11:23:57.118+0800][info] GC(123) Survivor regions: 1->1(1)
[2024-10-12T11:23:57.118+0800][info] GC(123) Old regions: 47->48
[2024-10-12T11:23:57.118+0800][info] GC(123) Archive regions: 2->2
[2024-10-12T11:23:57.118+0800][info] GC(123) Humongous regions: 3->3
[2024-10-12T11:23:57.118+0800][info] GC(123) Metaspace: 1636K(1792K)->1636K(1792K) NonClass: 1500K(1600K)->1500K(1600K) Class: 135K(192K)->135K(192K)
[2024-10-12T11:23:57.118+0800][info] GC(123) Pause Young (Mixed) (G1 Evacuation Pause) 107M->104M(128M) 2.221ms
[2024-10-12T11:23:57.118+0800][info] GC(123) User=0.01s Sys=0.00s Real=0.00s
[2024-10-12T11:23:57.220+0800][info] GC(124) Pause Young (Mixed) (G1 Preventive Collection)
[2024-10-12T11:23:57.220+0800][info] GC(124) Using 3 workers of 48 for evacuation
[2024-10-12T11:23:57.222+0800][info] GC(124)   Pre Evacuate Collection Set: 0.2ms
[2024-10-12T11:23:57.222+0800][info] GC(124)   Merge Heap Roots: 0.1ms
[2024-10-12T11:23:57.222+0800][info] GC(124)   Evacuate Collection Set: 1.4ms
[2024-10-12T11:23:57.222+0800][info] GC(124)   Post Evacuate Collection Set: 0.2ms
[2024-10-12T11:23:57.222+0800][info] GC(124)   Other: 0.1ms
[2024-10-12T11:23:57.222+0800][info] GC(124) Eden regions: 2->0(2)
[2024-10-12T11:23:57.222+0800][info] GC(124) Survivor regions: 1->1(1)
[2024-10-12T11:23:57.222+0800][info] GC(124) Old regions: 48->47
[2024-10-12T11:23:57.222+0800][info] GC(124) Archive regions: 2->2
[2024-10-12T11:23:57.222+0800][info] GC(124) Humongous regions: 3->3
[2024-10-12T11:23:57.222+0800][info] GC(124) Metaspace: 1636K(1792K)->1636K(1792K) NonClass: 1500K(1600K)->1500K(1600K) Class: 135K(192K)->135K(192K)
[2024-10-12T11:23:57.222+0800][info] GC(124) Pause Young (Mixed) (G1 Preventive Collection) 107M->103M(128M) 2.053ms
[2024-10-12T11:23:57.223+0800][info] GC(124) User=0.01s Sys=0.00s Real=0.00s
[2024-10-12T11:23:57.325+0800][info] GC(125) Pause Young (Mixed) (G1 Preventive Collection)
[2024-10-12T11:23:57.325+0800][info] GC(125) Using 3 workers of 48 for evacuation
[2024-10-12T11:23:57.327+0800][info] GC(125)   Pre Evacuate Collection Set: 0.2ms
[2024-10-12T11:23:57.327+0800][info] GC(125)   Merge Heap Roots: 0.1ms
[2024-10-12T11:23:57.327+0800][info] GC(125)   Evacuate Collection Set: 1.9ms
[2024-10-12T11:23:57.327+0800][info] GC(125)   Post Evacuate Collection Set: 0.2ms
[2024-10-12T11:23:57.327+0800][info] GC(125)   Other: 0.1ms
[2024-10-12T11:23:57.327+0800][info] GC(125) Eden regions: 2->0(2)
[2024-10-12T11:23:57.327+0800][info] GC(125) Survivor regions: 1->1(1)
[2024-10-12T11:23:57.327+0800][info] GC(125) Old regions: 47->47
[2024-10-12T11:23:57.327+0800][info] GC(125) Archive regions: 2->2
[2024-10-12T11:23:57.327+0800][info] GC(125) Humongous regions: 3->3
[2024-10-12T11:23:57.327+0800][info] GC(125) Metaspace: 1636K(1792K)->1636K(1792K) NonClass: 1500K(1600K)->1500K(1600K) Class: 135K(192K)->135K(192K)
[2024-10-12T11:23:57.327+0800][info] GC(125) Pause Young (Mixed) (G1 Preventive Collection) 106M->103M(128M) 2.559ms
[2024-10-12T11:23:57.327+0800][info] GC(125) User=0.00s Sys=0.00s Real=0.01s
[2024-10-12T11:23:57.430+0800][info] GC(126) Pause Young (Mixed) (G1 Evacuation Pause)
[2024-10-12T11:23:57.430+0800][info] GC(126) Using 3 workers of 48 for evacuation
[2024-10-12T11:23:57.434+0800][info] GC(126)   Pre Evacuate Collection Set: 0.6ms
[2024-10-12T11:23:57.434+0800][info] GC(126)   Merge Heap Roots: 0.1ms
[2024-10-12T11:23:57.434+0800][info] GC(126)   Evacuate Collection Set: 3.3ms
[2024-10-12T11:23:57.434+0800][info] GC(126)   Post Evacuate Collection Set: 0.2ms
[2024-10-12T11:23:57.434+0800][info] GC(126)   Other: 0.2ms
[2024-10-12T11:23:57.434+0800][info] GC(126) Eden regions: 2->0(2)
[2024-10-12T11:23:57.434+0800][info] GC(126) Survivor regions: 1->1(1)
[2024-10-12T11:23:57.434+0800][info] GC(126) Old regions: 47->47
[2024-10-12T11:23:57.434+0800][info] GC(126) Archive regions: 2->2
[2024-10-12T11:23:57.434+0800][info] GC(126) Humongous regions: 3->3
[2024-10-12T11:23:57.434+0800][info] GC(126) Metaspace: 1636K(1792K)->1636K(1792K) NonClass: 1500K(1600K)->1500K(1600K) Class: 135K(192K)->135K(192K)
[2024-10-12T11:23:57.434+0800][info] GC(126) Pause Young (Mixed) (G1 Evacuation Pause) 106M->103M(128M) 4.521ms
[2024-10-12T11:23:57.434+0800][info] GC(126) User=0.01s Sys=0.00s Real=0.01s
[2024-10-12T11:23:57.536+0800][info] GC(127) Pause Young (Normal) (G1 Evacuation Pause)
[2024-10-12T11:23:57.536+0800][info] GC(127) Using 3 workers of 48 for evacuation
[2024-10-12T11:23:57.538+0800][info] GC(127)   Pre Evacuate Collection Set: 0.1ms
[2024-10-12T11:23:57.538+0800][info] GC(127)   Merge Heap Roots: 0.0ms
[2024-10-12T11:23:57.538+0800][info] GC(127)   Evacuate Collection Set: 0.7ms
[2024-10-12T11:23:57.538+0800][info] GC(127)   Post Evacuate Collection Set: 0.2ms
[2024-10-12T11:23:57.538+0800][info] GC(127)   Other: 0.2ms
[2024-10-12T11:23:57.538+0800][info] GC(127) Eden regions: 2->0(2)
[2024-10-12T11:23:57.538+0800][info] GC(127) Survivor regions: 1->1(1)
[2024-10-12T11:23:57.538+0800][info] GC(127) Old regions: 47->49
[2024-10-12T11:23:57.538+0800][info] GC(127) Archive regions: 2->2
[2024-10-12T11:23:57.538+0800][info] GC(127) Humongous regions: 3->3
[2024-10-12T11:23:57.538+0800][info] GC(127) Metaspace: 1636K(1792K)->1636K(1792K) NonClass: 1500K(1600K)->1500K(1600K) Class: 135K(192K)->135K(192K)
[2024-10-12T11:23:57.538+0800][info] GC(127) Pause Young (Normal) (G1 Evacuation Pause) 106M->107M(128M) 1.314ms
[2024-10-12T11:23:57.538+0800][info] GC(127) User=0.00s Sys=0.00s Real=0.00s
[2024-10-12T11:23:57.640+0800][info] GC(128) Pause Young (Concurrent Start) (G1 Evacuation Pause)
[2024-10-12T11:23:57.640+0800][info] GC(128) Using 3 workers of 48 for evacuation
[2024-10-12T11:23:57.642+0800][info] GC(128)   Pre Evacuate Collection Set: 0.1ms
[2024-10-12T11:23:57.642+0800][info] GC(128)   Merge Heap Roots: 0.0ms
[2024-10-12T11:23:57.642+0800][info] GC(128)   Evacuate Collection Set: 0.7ms
[2024-10-12T11:23:57.642+0800][info] GC(128)   Post Evacuate Collection Set: 0.2ms
[2024-10-12T11:23:57.642+0800][info] GC(128)   Other: 0.3ms
[2024-10-12T11:23:57.642+0800][info] GC(128) Eden regions: 2->0(2)
[2024-10-12T11:23:57.642+0800][info] GC(128) Survivor regions: 1->1(1)
[2024-10-12T11:23:57.642+0800][info] GC(128) Old regions: 49->51
[2024-10-12T11:23:57.642+0800][info] GC(128) Archive regions: 2->2
[2024-10-12T11:23:57.642+0800][info] GC(128) Humongous regions: 3->3
[2024-10-12T11:23:57.642+0800][info] GC(128) Metaspace: 1636K(1792K)->1636K(1792K) NonClass: 1500K(1600K)->1500K(1600K) Class: 135K(192K)->135K(192K)
[2024-10-12T11:23:57.642+0800][info] GC(128) Pause Young (Concurrent Start) (G1 Evacuation Pause) 110M->110M(128M) 1.556ms
[2024-10-12T11:23:57.642+0800][info] GC(128) User=0.01s Sys=0.00s Real=0.00s
[2024-10-12T11:23:57.642+0800][info] GC(129) Concurrent Mark Cycle
[2024-10-12T11:23:57.642+0800][info] GC(129) Concurrent Clear Claimed Marks
[2024-10-12T11:23:57.642+0800][info] GC(129) Concurrent Clear Claimed Marks 0.019ms
[2024-10-12T11:23:57.642+0800][info] GC(129) Concurrent Scan Root Regions
[2024-10-12T11:23:57.642+0800][info] GC(129) Concurrent Scan Root Regions 0.108ms
[2024-10-12T11:23:57.642+0800][info] GC(129) Concurrent Mark
[2024-10-12T11:23:57.642+0800][info] GC(129) Concurrent Mark From Roots
[2024-10-12T11:23:57.642+0800][info] GC(129) Using 12 workers of 12 for marking
[2024-10-12T11:23:57.646+0800][info] GC(129) Concurrent Mark From Roots 3.525ms
[2024-10-12T11:23:57.646+0800][info] GC(129) Concurrent Preclean
[2024-10-12T11:23:57.648+0800][info] GC(129) Concurrent Preclean 1.674ms
[2024-10-12T11:23:57.648+0800][info] GC(129) Pause Remark
[2024-10-12T11:23:57.649+0800][info] GC(129) Pause Remark 111M->109M(128M) 1.369ms
[2024-10-12T11:23:57.649+0800][info] GC(129) User=0.00s Sys=0.00s Real=0.00s
[2024-10-12T11:23:57.649+0800][info] GC(129) Concurrent Mark 6.901ms
[2024-10-12T11:23:57.649+0800][info] GC(129) Concurrent Rebuild Remembered Sets
[2024-10-12T11:23:57.651+0800][info] GC(129) Concurrent Rebuild Remembered Sets 1.346ms
[2024-10-12T11:23:57.651+0800][info] GC(129) Pause Cleanup
[2024-10-12T11:23:57.651+0800][info] GC(129) Pause Cleanup 109M->109M(128M) 0.247ms
[2024-10-12T11:23:57.651+0800][info] GC(129) User=0.00s Sys=0.00s Real=0.00s
[2024-10-12T11:23:57.651+0800][info] GC(129) Concurrent Cleanup for Next Mark
[2024-10-12T11:23:57.651+0800][info] GC(129) Concurrent Cleanup for Next Mark 0.263ms
[2024-10-12T11:23:57.651+0800][info] GC(129) Concurrent Mark Cycle 9.245ms
[2024-10-12T11:23:57.795+0800][info] GC(130) Pause Young (Prepare Mixed) (G1 Evacuation Pause)
[2024-10-12T11:23:57.796+0800][info] GC(130) Using 3 workers of 48 for evacuation
[2024-10-12T11:23:57.797+0800][info] GC(130)   Pre Evacuate Collection Set: 0.1ms
[2024-10-12T11:23:57.797+0800][info] GC(130)   Merge Heap Roots: 0.0ms
[2024-10-12T11:23:57.797+0800][info] GC(130)   Evacuate Collection Set: 0.8ms
[2024-10-12T11:23:57.797+0800][info] GC(130)   Post Evacuate Collection Set: 0.2ms
[2024-10-12T11:23:57.797+0800][info] GC(130)   Other: 0.2ms
[2024-10-12T11:23:57.797+0800][info] GC(130) Eden regions: 2->0(2)
[2024-10-12T11:23:57.797+0800][info] GC(130) Survivor regions: 1->1(1)
[2024-10-12T11:23:57.797+0800][info] GC(130) Old regions: 50->52
[2024-10-12T11:23:57.797+0800][info] GC(130) Archive regions: 2->2
[2024-10-12T11:23:57.797+0800][info] GC(130) Humongous regions: 3->3
[2024-10-12T11:23:57.797+0800][info] GC(130) Metaspace: 1636K(1792K)->1636K(1792K) NonClass: 1500K(1600K)->1500K(1600K) Class: 135K(192K)->135K(192K)
[2024-10-12T11:23:57.797+0800][info] GC(130) Pause Young (Prepare Mixed) (G1 Evacuation Pause) 112M->112M(128M) 1.453ms
[2024-10-12T11:23:57.797+0800][info] GC(130) User=0.00s Sys=0.00s Real=0.00s
[2024-10-12T11:23:57.858+0800][info] GC(131) Pause Young (Mixed) (G1 Preventive Collection)
[2024-10-12T11:23:57.858+0800][info] GC(131) Using 3 workers of 48 for evacuation
[2024-10-12T11:23:57.860+0800][info] GC(131)   Pre Evacuate Collection Set: 0.2ms
[2024-10-12T11:23:57.860+0800][info] GC(131)   Merge Heap Roots: 0.0ms
[2024-10-12T11:23:57.860+0800][info] GC(131)   Evacuate Collection Set: 0.9ms
[2024-10-12T11:23:57.860+0800][info] GC(131)   Post Evacuate Collection Set: 0.2ms
[2024-10-12T11:23:57.860+0800][info] GC(131)   Other: 0.2ms
[2024-10-12T11:23:57.860+0800][info] GC(131) Eden regions: 1->0(2)
[2024-10-12T11:23:57.860+0800][info] GC(131) Survivor regions: 1->1(1)
[2024-10-12T11:23:57.860+0800][info] GC(131) Old regions: 52->49
[2024-10-12T11:23:57.860+0800][info] GC(131) Archive regions: 2->2
[2024-10-12T11:23:57.860+0800][info] GC(131) Humongous regions: 3->3
[2024-10-12T11:23:57.860+0800][info] GC(131) Metaspace: 1636K(1792K)->1636K(1792K) NonClass: 1500K(1600K)->1500K(1600K) Class: 135K(192K)->135K(192K)
[2024-10-12T11:23:57.860+0800][info] GC(131) Pause Young (Mixed) (G1 Preventive Collection) 114M->106M(128M) 1.633ms
[2024-10-12T11:23:57.860+0800][info] GC(131) User=0.01s Sys=0.00s Real=0.00s
[2024-10-12T11:23:57.963+0800][info] GC(132) Pause Young (Mixed) (G1 Preventive Collection)
[2024-10-12T11:23:57.963+0800][info] GC(132) Using 3 workers of 48 for evacuation
[2024-10-12T11:23:57.964+0800][info] GC(132)   Pre Evacuate Collection Set: 0.2ms
[2024-10-12T11:23:57.965+0800][info] GC(132)   Merge Heap Roots: 0.1ms
[2024-10-12T11:23:57.965+0800][info] GC(132)   Evacuate Collection Set: 1.3ms
[2024-10-12T11:23:57.965+0800][info] GC(132)   Post Evacuate Collection Set: 0.2ms
[2024-10-12T11:23:57.965+0800][info] GC(132)   Other: 0.1ms
[2024-10-12T11:23:57.965+0800][info] GC(132) Eden regions: 2->0(2)
[2024-10-12T11:23:57.965+0800][info] GC(132) Survivor regions: 1->1(1)
[2024-10-12T11:23:57.965+0800][info] GC(132) Old regions: 49->48
[2024-10-12T11:23:57.965+0800][info] GC(132) Archive regions: 2->2
[2024-10-12T11:23:57.965+0800][info] GC(132) Humongous regions: 3->3
[2024-10-12T11:23:57.965+0800][info] GC(132) Metaspace: 1636K(1792K)->1636K(1792K) NonClass: 1500K(1600K)->1500K(1600K) Class: 135K(192K)->135K(192K)
[2024-10-12T11:23:57.965+0800][info] GC(132) Pause Young (Mixed) (G1 Preventive Collection) 110M->105M(128M) 2.010ms
[2024-10-12T11:23:57.965+0800][info] GC(132) User=0.00s Sys=0.00s Real=0.00s
[2024-10-12T11:23:58.067+0800][info] GC(133) Pause Young (Mixed) (G1 Evacuation Pause)
[2024-10-12T11:23:58.067+0800][info] GC(133) Using 3 workers of 48 for evacuation
[2024-10-12T11:23:58.069+0800][info] GC(133)   Pre Evacuate Collection Set: 0.2ms
[2024-10-12T11:23:58.069+0800][info] GC(133)   Merge Heap Roots: 0.1ms
[2024-10-12T11:23:58.069+0800][info] GC(133)   Evacuate Collection Set: 1.6ms
[2024-10-12T11:23:58.069+0800][info] GC(133)   Post Evacuate Collection Set: 0.2ms
[2024-10-12T11:23:58.069+0800][info] GC(133)   Other: 0.1ms
[2024-10-12T11:23:58.069+0800][info] GC(133) Eden regions: 2->0(2)
[2024-10-12T11:23:58.069+0800][info] GC(133) Survivor regions: 1->1(1)
[2024-10-12T11:23:58.069+0800][info] GC(133) Old regions: 48->48
[2024-10-12T11:23:58.069+0800][info] GC(133) Archive regions: 2->2
[2024-10-12T11:23:58.069+0800][info] GC(133) Humongous regions: 3->3
[2024-10-12T11:23:58.069+0800][info] GC(133) Metaspace: 1636K(1792K)->1636K(1792K) NonClass: 1500K(1600K)->1500K(1600K) Class: 135K(192K)->135K(192K)
[2024-10-12T11:23:58.069+0800][info] GC(133) Pause Young (Mixed) (G1 Evacuation Pause) 108M->104M(128M) 2.226ms
[2024-10-12T11:23:58.069+0800][info] GC(133) User=0.00s Sys=0.00s Real=0.00s
[2024-10-12T11:23:58.171+0800][info] GC(134) Pause Young (Mixed) (G1 Preventive Collection)
[2024-10-12T11:23:58.172+0800][info] GC(134) Using 3 workers of 48 for evacuation
[2024-10-12T11:23:58.174+0800][info] GC(134)   Pre Evacuate Collection Set: 0.2ms
[2024-10-12T11:23:58.174+0800][info] GC(134)   Merge Heap Roots: 0.1ms
[2024-10-12T11:23:58.174+0800][info] GC(134)   Evacuate Collection Set: 1.5ms
[2024-10-12T11:23:58.174+0800][info] GC(134)   Post Evacuate Collection Set: 0.2ms
[2024-10-12T11:23:58.174+0800][info] GC(134)   Other: 0.1ms
[2024-10-12T11:23:58.174+0800][info] GC(134) Eden regions: 2->0(2)
[2024-10-12T11:23:58.174+0800][info] GC(134) Survivor regions: 1->1(1)
[2024-10-12T11:23:58.174+0800][info] GC(134) Old regions: 48->48
[2024-10-12T11:23:58.174+0800][info] GC(134) Archive regions: 2->2
[2024-10-12T11:23:58.174+0800][info] GC(134) Humongous regions: 3->3
[2024-10-12T11:23:58.174+0800][info] GC(134) Metaspace: 1636K(1792K)->1636K(1792K) NonClass: 1500K(1600K)->1500K(1600K) Class: 135K(192K)->135K(192K)
[2024-10-12T11:23:58.174+0800][info] GC(134) Pause Young (Mixed) (G1 Preventive Collection) 107M->104M(128M) 2.199ms
[2024-10-12T11:23:58.174+0800][info] GC(134) User=0.01s Sys=0.00s Real=0.01s
[2024-10-12T11:23:58.276+0800][info] GC(135) Pause Young (Mixed) (G1 Preventive Collection)
[2024-10-12T11:23:58.276+0800][info] GC(135) Using 3 workers of 48 for evacuation
[2024-10-12T11:23:58.278+0800][info] GC(135)   Pre Evacuate Collection Set: 0.2ms
[2024-10-12T11:23:58.278+0800][info] GC(135)   Merge Heap Roots: 0.1ms
[2024-10-12T11:23:58.278+0800][info] GC(135)   Evacuate Collection Set: 1.9ms
[2024-10-12T11:23:58.278+0800][info] GC(135)   Post Evacuate Collection Set: 0.2ms
[2024-10-12T11:23:58.278+0800][info] GC(135)   Other: 0.1ms
[2024-10-12T11:23:58.278+0800][info] GC(135) Eden regions: 2->0(2)
[2024-10-12T11:23:58.278+0800][info] GC(135) Survivor regions: 1->1(1)
[2024-10-12T11:23:58.278+0800][info] GC(135) Old regions: 48->48
[2024-10-12T11:23:58.278+0800][info] GC(135) Archive regions: 2->2
[2024-10-12T11:23:58.278+0800][info] GC(135) Humongous regions: 3->3
[2024-10-12T11:23:58.278+0800][info] GC(135) Metaspace: 1636K(1792K)->1636K(1792K) NonClass: 1500K(1600K)->1500K(1600K) Class: 135K(192K)->135K(192K)
[2024-10-12T11:23:58.278+0800][info] GC(135) Pause Young (Mixed) (G1 Preventive Collection) 107M->104M(128M) 2.528ms
[2024-10-12T11:23:58.278+0800][info] GC(135) User=0.01s Sys=0.00s Real=0.00s
[2024-10-12T11:23:58.381+0800][info] GC(136) Pause Young (Mixed) (G1 Preventive Collection)
[2024-10-12T11:23:58.381+0800][info] GC(136) Using 3 workers of 48 for evacuation
[2024-10-12T11:23:58.383+0800][info] GC(136)   Pre Evacuate Collection Set: 0.2ms
[2024-10-12T11:23:58.383+0800][info] GC(136)   Merge Heap Roots: 0.1ms
[2024-10-12T11:23:58.383+0800][info] GC(136)   Evacuate Collection Set: 1.8ms
[2024-10-12T11:23:58.383+0800][info] GC(136)   Post Evacuate Collection Set: 0.2ms
[2024-10-12T11:23:58.383+0800][info] GC(136)   Other: 0.2ms
[2024-10-12T11:23:58.383+0800][info] GC(136) Eden regions: 2->0(2)
[2024-10-12T11:23:58.383+0800][info] GC(136) Survivor regions: 1->1(1)
[2024-10-12T11:23:58.383+0800][info] GC(136) Old regions: 48->47
[2024-10-12T11:23:58.383+0800][info] GC(136) Archive regions: 2->2
[2024-10-12T11:23:58.384+0800][info] GC(136) Humongous regions: 3->3
[2024-10-12T11:23:58.384+0800][info] GC(136) Metaspace: 1636K(1792K)->1636K(1792K) NonClass: 1500K(1600K)->1500K(1600K) Class: 135K(192K)->135K(192K)
[2024-10-12T11:23:58.384+0800][info] GC(136) Pause Young (Mixed) (G1 Preventive Collection) 107M->103M(128M) 2.493ms
[2024-10-12T11:23:58.384+0800][info] GC(136) User=0.00s Sys=0.00s Real=0.00s
[2024-10-12T11:23:58.486+0800][info] GC(137) Pause Young (Mixed) (G1 Preventive Collection)
[2024-10-12T11:23:58.486+0800][info] GC(137) Using 3 workers of 48 for evacuation
[2024-10-12T11:23:58.488+0800][info] GC(137)   Pre Evacuate Collection Set: 0.2ms
[2024-10-12T11:23:58.488+0800][info] GC(137)   Merge Heap Roots: 0.1ms
[2024-10-12T11:23:58.488+0800][info] GC(137)   Evacuate Collection Set: 2.2ms
[2024-10-12T11:23:58.488+0800][info] GC(137)   Post Evacuate Collection Set: 0.2ms
[2024-10-12T11:23:58.488+0800][info] GC(137)   Other: 0.1ms
[2024-10-12T11:23:58.488+0800][info] GC(137) Eden regions: 2->0(2)
[2024-10-12T11:23:58.488+0800][info] GC(137) Survivor regions: 1->1(1)
[2024-10-12T11:23:58.488+0800][info] GC(137) Old regions: 47->48
[2024-10-12T11:23:58.488+0800][info] GC(137) Archive regions: 2->2
[2024-10-12T11:23:58.488+0800][info] GC(137) Humongous regions: 3->3
[2024-10-12T11:23:58.489+0800][info] GC(137) Metaspace: 1636K(1792K)->1636K(1792K) NonClass: 1500K(1600K)->1500K(1600K) Class: 135K(192K)->135K(192K)
[2024-10-12T11:23:58.489+0800][info] GC(137) Pause Young (Mixed) (G1 Preventive Collection) 107M->104M(128M) 2.845ms
[2024-10-12T11:23:58.489+0800][info] GC(137) User=0.00s Sys=0.00s Real=0.00s
[2024-10-12T11:23:58.592+0800][info] GC(138) Pause Young (Mixed) (G1 Preventive Collection)
[2024-10-12T11:23:58.592+0800][info] GC(138) Using 3 workers of 48 for evacuation
[2024-10-12T11:23:58.595+0800][info] GC(138)   Pre Evacuate Collection Set: 0.2ms
[2024-10-12T11:23:58.595+0800][info] GC(138)   Merge Heap Roots: 0.1ms
[2024-10-12T11:23:58.596+0800][info] GC(138)   Evacuate Collection Set: 3.0ms
[2024-10-12T11:23:58.596+0800][info] GC(138)   Post Evacuate Collection Set: 0.2ms
[2024-10-12T11:23:58.596+0800][info] GC(138)   Other: 0.1ms
[2024-10-12T11:23:58.596+0800][info] GC(138) Eden regions: 2->0(2)
[2024-10-12T11:23:58.596+0800][info] GC(138) Survivor regions: 1->1(1)
[2024-10-12T11:23:58.596+0800][info] GC(138) Old regions: 48->49
[2024-10-12T11:23:58.596+0800][info] GC(138) Archive regions: 2->2
[2024-10-12T11:23:58.596+0800][info] GC(138) Humongous regions: 4->3
[2024-10-12T11:23:58.596+0800][info] GC(138) Metaspace: 1637K(1792K)->1637K(1792K) NonClass: 1501K(1600K)->1501K(1600K) Class: 135K(192K)->135K(192K)
[2024-10-12T11:23:58.596+0800][info] GC(138) Pause Young (Mixed) (G1 Preventive Collection) 109M->106M(128M) 3.817ms
[2024-10-12T11:23:58.596+0800][info] GC(138) User=0.01s Sys=0.00s Real=0.01s
[2024-10-12T11:23:58.698+0800][info] GC(139) Pause Young (Concurrent Start) (G1 Evacuation Pause)
[2024-10-12T11:23:58.698+0800][info] GC(139) Using 3 workers of 48 for evacuation
[2024-10-12T11:23:58.699+0800][info] GC(139)   Pre Evacuate Collection Set: 0.1ms
[2024-10-12T11:23:58.699+0800][info] GC(139)   Merge Heap Roots: 0.0ms
[2024-10-12T11:23:58.699+0800][info] GC(139)   Evacuate Collection Set: 0.8ms
[2024-10-12T11:23:58.699+0800][info] GC(139)   Post Evacuate Collection Set: 0.2ms
[2024-10-12T11:23:58.699+0800][info] GC(139)   Other: 0.4ms
[2024-10-12T11:23:58.699+0800][info] GC(139) Eden regions: 2->0(2)
[2024-10-12T11:23:58.699+0800][info] GC(139) Survivor regions: 1->1(1)
[2024-10-12T11:23:58.699+0800][info] GC(139) Old regions: 49->51
[2024-10-12T11:23:58.699+0800][info] GC(139) Archive regions: 2->2
[2024-10-12T11:23:58.699+0800][info] GC(139) Humongous regions: 3->3
[2024-10-12T11:23:58.699+0800][info] GC(139) Metaspace: 1637K(1792K)->1637K(1792K) NonClass: 1501K(1600K)->1501K(1600K) Class: 135K(192K)->135K(192K)
[2024-10-12T11:23:58.699+0800][info] GC(139) Pause Young (Concurrent Start) (G1 Evacuation Pause) 109M->110M(128M) 1.633ms
[2024-10-12T11:23:58.699+0800][info] GC(139) User=0.00s Sys=0.00s Real=0.00s
[2024-10-12T11:23:58.699+0800][info] GC(140) Concurrent Mark Cycle
[2024-10-12T11:23:58.699+0800][info] GC(140) Concurrent Clear Claimed Marks
[2024-10-12T11:23:58.700+0800][info] GC(140) Concurrent Clear Claimed Marks 0.021ms
[2024-10-12T11:23:58.700+0800][info] GC(140) Concurrent Scan Root Regions
[2024-10-12T11:23:58.700+0800][info] GC(140) Concurrent Scan Root Regions 0.159ms
[2024-10-12T11:23:58.700+0800][info] GC(140) Concurrent Mark
[2024-10-12T11:23:58.700+0800][info] GC(140) Concurrent Mark From Roots
[2024-10-12T11:23:58.700+0800][info] GC(140) Using 12 workers of 12 for marking
[2024-10-12T11:23:58.703+0800][info] GC(140) Concurrent Mark From Roots 3.734ms
[2024-10-12T11:23:58.703+0800][info] GC(140) Concurrent Preclean
[2024-10-12T11:23:58.705+0800][info] GC(140) Concurrent Preclean 1.697ms
[2024-10-12T11:23:58.705+0800][info] GC(140) Pause Remark
[2024-10-12T11:23:58.707+0800][info] GC(140) Pause Remark 111M->111M(128M) 1.400ms
[2024-10-12T11:23:58.707+0800][info] GC(140) User=0.00s Sys=0.00s Real=0.00s
[2024-10-12T11:23:58.707+0800][info] GC(140) Concurrent Mark 7.083ms
[2024-10-12T11:23:58.707+0800][info] GC(140) Concurrent Rebuild Remembered Sets
[2024-10-12T11:23:58.708+0800][info] GC(140) Concurrent Rebuild Remembered Sets 1.232ms
[2024-10-12T11:23:58.708+0800][info] GC(140) Pause Cleanup
[2024-10-12T11:23:58.708+0800][info] GC(140) Pause Cleanup 111M->111M(128M) 0.245ms
[2024-10-12T11:23:58.708+0800][info] GC(140) User=0.00s Sys=0.00s Real=0.00s
[2024-10-12T11:23:58.709+0800][info] GC(140) Concurrent Cleanup for Next Mark
[2024-10-12T11:23:58.709+0800][info] GC(140) Concurrent Cleanup for Next Mark 0.336ms
[2024-10-12T11:23:58.709+0800][info] GC(140) Concurrent Mark Cycle 9.445ms
[2024-10-12T11:23:58.853+0800][info] GC(141) Pause Young (Prepare Mixed) (G1 Evacuation Pause)
[2024-10-12T11:23:58.853+0800][info] GC(141) Using 3 workers of 48 for evacuation
[2024-10-12T11:23:58.855+0800][info] GC(141)   Pre Evacuate Collection Set: 0.1ms
[2024-10-12T11:23:58.855+0800][info] GC(141)   Merge Heap Roots: 0.0ms
[2024-10-12T11:23:58.855+0800][info] GC(141)   Evacuate Collection Set: 0.8ms
[2024-10-12T11:23:58.855+0800][info] GC(141)   Post Evacuate Collection Set: 0.2ms
[2024-10-12T11:23:58.855+0800][info] GC(141)   Other: 0.2ms
[2024-10-12T11:23:58.855+0800][info] GC(141) Eden regions: 2->0(2)
[2024-10-12T11:23:58.855+0800][info] GC(141) Survivor regions: 1->1(1)
[2024-10-12T11:23:58.855+0800][info] GC(141) Old regions: 51->53
[2024-10-12T11:23:58.855+0800][info] GC(141) Archive regions: 2->2
[2024-10-12T11:23:58.855+0800][info] GC(141) Humongous regions: 3->3
[2024-10-12T11:23:58.855+0800][info] GC(141) Metaspace: 1637K(1792K)->1637K(1792K) NonClass: 1501K(1600K)->1501K(1600K) Class: 135K(192K)->135K(192K)
[2024-10-12T11:23:58.855+0800][info] GC(141) Pause Young (Prepare Mixed) (G1 Evacuation Pause) 114M->114M(128M) 1.451ms
[2024-10-12T11:23:58.855+0800][info] GC(141) User=0.00s Sys=0.00s Real=0.00s
[2024-10-12T11:23:58.916+0800][info] GC(142) Pause Young (Mixed) (G1 Preventive Collection)
[2024-10-12T11:23:58.916+0800][info] GC(142) Using 3 workers of 48 for evacuation
[2024-10-12T11:23:58.918+0800][info] GC(142)   Pre Evacuate Collection Set: 0.2ms
[2024-10-12T11:23:58.918+0800][info] GC(142)   Merge Heap Roots: 0.1ms
[2024-10-12T11:23:58.918+0800][info] GC(142)   Evacuate Collection Set: 1.1ms
[2024-10-12T11:23:58.918+0800][info] GC(142)   Post Evacuate Collection Set: 0.2ms
[2024-10-12T11:23:58.918+0800][info] GC(142)   Other: 0.2ms
[2024-10-12T11:23:58.918+0800][info] GC(142) Eden regions: 1->0(2)
[2024-10-12T11:23:58.918+0800][info] GC(142) Survivor regions: 1->1(1)
[2024-10-12T11:23:58.918+0800][info] GC(142) Old regions: 53->50
[2024-10-12T11:23:58.918+0800][info] GC(142) Archive regions: 2->2
[2024-10-12T11:23:58.918+0800][info] GC(142) Humongous regions: 3->3
[2024-10-12T11:23:58.918+0800][info] GC(142) Metaspace: 1637K(1792K)->1637K(1792K) NonClass: 1501K(1600K)->1501K(1600K) Class: 135K(192K)->135K(192K)
[2024-10-12T11:23:58.918+0800][info] GC(142) Pause Young (Mixed) (G1 Preventive Collection) 116M->108M(128M) 1.885ms
[2024-10-12T11:23:58.918+0800][info] GC(142) User=0.00s Sys=0.00s Real=0.00s
[2024-10-12T11:23:59.021+0800][info] GC(143) Pause Young (Mixed) (G1 Preventive Collection)
[2024-10-12T11:23:59.021+0800][info] GC(143) Using 3 workers of 48 for evacuation
[2024-10-12T11:23:59.023+0800][info] GC(143)   Pre Evacuate Collection Set: 0.2ms
[2024-10-12T11:23:59.023+0800][info] GC(143)   Merge Heap Roots: 0.1ms
[2024-10-12T11:23:59.023+0800][info] GC(143)   Evacuate Collection Set: 1.5ms
[2024-10-12T11:23:59.023+0800][info] GC(143)   Post Evacuate Collection Set: 0.2ms
[2024-10-12T11:23:59.023+0800][info] GC(143)   Other: 0.1ms
[2024-10-12T11:23:59.023+0800][info] GC(143) Eden regions: 2->0(2)
[2024-10-12T11:23:59.023+0800][info] GC(143) Survivor regions: 1->1(1)
[2024-10-12T11:23:59.023+0800][info] GC(143) Old regions: 50->49
[2024-10-12T11:23:59.023+0800][info] GC(143) Archive regions: 2->2
[2024-10-12T11:23:59.023+0800][info] GC(143) Humongous regions: 3->3
[2024-10-12T11:23:59.023+0800][info] GC(143) Metaspace: 1637K(1792K)->1637K(1792K) NonClass: 1501K(1600K)->1501K(1600K) Class: 135K(192K)->135K(192K)
[2024-10-12T11:23:59.023+0800][info] GC(143) Pause Young (Mixed) (G1 Preventive Collection) 111M->106M(128M) 2.243ms
[2024-10-12T11:23:59.023+0800][info] GC(143) User=0.00s Sys=0.00s Real=0.00s
[2024-10-12T11:23:59.125+0800][info] GC(144) Pause Young (Mixed) (G1 Preventive Collection)
[2024-10-12T11:23:59.125+0800][info] GC(144) Using 3 workers of 48 for evacuation
[2024-10-12T11:23:59.127+0800][info] GC(144)   Pre Evacuate Collection Set: 0.1ms
[2024-10-12T11:23:59.127+0800][info] GC(144)   Merge Heap Roots: 0.1ms
[2024-10-12T11:23:59.127+0800][info] GC(144)   Evacuate Collection Set: 1.7ms
[2024-10-12T11:23:59.127+0800][info] GC(144)   Post Evacuate Collection Set: 0.2ms
[2024-10-12T11:23:59.127+0800][info] GC(144)   Other: 0.1ms
[2024-10-12T11:23:59.127+0800][info] GC(144) Eden regions: 2->0(2)
[2024-10-12T11:23:59.127+0800][info] GC(144) Survivor regions: 1->1(1)
[2024-10-12T11:23:59.127+0800][info] GC(144) Old regions: 49->48
[2024-10-12T11:23:59.127+0800][info] GC(144) Archive regions: 2->2
[2024-10-12T11:23:59.127+0800][info] GC(144) Humongous regions: 3->3
[2024-10-12T11:23:59.128+0800][info] GC(144) Metaspace: 1637K(1792K)->1637K(1792K) NonClass: 1501K(1600K)->1501K(1600K) Class: 135K(192K)->135K(192K)
[2024-10-12T11:23:59.128+0800][info] GC(144) Pause Young (Mixed) (G1 Preventive Collection) 109M->105M(128M) 2.352ms
[2024-10-12T11:23:59.128+0800][info] GC(144) User=0.01s Sys=0.00s Real=0.00s
[2024-10-12T11:23:59.230+0800][info] GC(145) Pause Young (Mixed) (G1 Preventive Collection)
[2024-10-12T11:23:59.230+0800][info] GC(145) Using 3 workers of 48 for evacuation
[2024-10-12T11:23:59.233+0800][info] GC(145)   Pre Evacuate Collection Set: 0.2ms
[2024-10-12T11:23:59.233+0800][info] GC(145)   Merge Heap Roots: 0.1ms
[2024-10-12T11:23:59.233+0800][info] GC(145)   Evacuate Collection Set: 1.7ms
[2024-10-12T11:23:59.233+0800][info] GC(145)   Post Evacuate Collection Set: 0.2ms
[2024-10-12T11:23:59.233+0800][info] GC(145)   Other: 0.1ms
[2024-10-12T11:23:59.233+0800][info] GC(145) Eden regions: 2->0(2)
[2024-10-12T11:23:59.233+0800][info] GC(145) Survivor regions: 1->1(1)
[2024-10-12T11:23:59.233+0800][info] GC(145) Old regions: 48->48
[2024-10-12T11:23:59.233+0800][info] GC(145) Archive regions: 2->2
[2024-10-12T11:23:59.233+0800][info] GC(145) Humongous regions: 3->3
[2024-10-12T11:23:59.233+0800][info] GC(145) Metaspace: 1637K(1792K)->1637K(1792K) NonClass: 1501K(1600K)->1501K(1600K) Class: 135K(192K)->135K(192K)
[2024-10-12T11:23:59.233+0800][info] GC(145) Pause Young (Mixed) (G1 Preventive Collection) 109M->105M(128M) 2.388ms
[2024-10-12T11:23:59.233+0800][info] GC(145) User=0.01s Sys=0.00s Real=0.00s
[2024-10-12T11:23:59.335+0800][info] GC(146) Pause Young (Mixed) (G1 Preventive Collection)
[2024-10-12T11:23:59.335+0800][info] GC(146) Using 3 workers of 48 for evacuation
[2024-10-12T11:23:59.337+0800][info] GC(146)   Pre Evacuate Collection Set: 0.2ms
[2024-10-12T11:23:59.337+0800][info] GC(146)   Merge Heap Roots: 0.1ms
[2024-10-12T11:23:59.337+0800][info] GC(146)   Evacuate Collection Set: 2.0ms
[2024-10-12T11:23:59.337+0800][info] GC(146)   Post Evacuate Collection Set: 0.2ms
[2024-10-12T11:23:59.337+0800][info] GC(146)   Other: 0.1ms
[2024-10-12T11:23:59.337+0800][info] GC(146) Eden regions: 2->0(2)
[2024-10-12T11:23:59.337+0800][info] GC(146) Survivor regions: 1->1(1)
[2024-10-12T11:23:59.337+0800][info] GC(146) Old regions: 48->48
[2024-10-12T11:23:59.337+0800][info] GC(146) Archive regions: 2->2
[2024-10-12T11:23:59.337+0800][info] GC(146) Humongous regions: 3->3
[2024-10-12T11:23:59.337+0800][info] GC(146) Metaspace: 1637K(1792K)->1637K(1792K) NonClass: 1501K(1600K)->1501K(1600K) Class: 135K(192K)->135K(192K)
[2024-10-12T11:23:59.337+0800][info] GC(146) Pause Young (Mixed) (G1 Preventive Collection) 108M->104M(128M) 2.696ms
[2024-10-12T11:23:59.337+0800][info] GC(146) User=0.01s Sys=0.00s Real=0.00s
[2024-10-12T11:23:59.440+0800][info] GC(147) Pause Young (Mixed) (G1 Preventive Collection)
[2024-10-12T11:23:59.440+0800][info] GC(147) Using 3 workers of 48 for evacuation
[2024-10-12T11:23:59.443+0800][info] GC(147)   Pre Evacuate Collection Set: 0.2ms
[2024-10-12T11:23:59.443+0800][info] GC(147)   Merge Heap Roots: 0.1ms
[2024-10-12T11:23:59.443+0800][info] GC(147)   Evacuate Collection Set: 2.3ms
[2024-10-12T11:23:59.443+0800][info] GC(147)   Post Evacuate Collection Set: 0.2ms
[2024-10-12T11:23:59.443+0800][info] GC(147)   Other: 0.1ms
[2024-10-12T11:23:59.443+0800][info] GC(147) Eden regions: 2->0(2)
[2024-10-12T11:23:59.443+0800][info] GC(147) Survivor regions: 1->1(1)
[2024-10-12T11:23:59.443+0800][info] GC(147) Old regions: 48->47
[2024-10-12T11:23:59.443+0800][info] GC(147) Archive regions: 2->2
[2024-10-12T11:23:59.443+0800][info] GC(147) Humongous regions: 3->3
[2024-10-12T11:23:59.443+0800][info] GC(147) Metaspace: 1637K(1792K)->1637K(1792K) NonClass: 1501K(1600K)->1501K(1600K) Class: 135K(192K)->135K(192K)
[2024-10-12T11:23:59.443+0800][info] GC(147) Pause Young (Mixed) (G1 Preventive Collection) 107M->102M(128M) 3.033ms
[2024-10-12T11:23:59.443+0800][info] GC(147) User=0.01s Sys=0.00s Real=0.00s
[2024-10-12T11:23:59.545+0800][info] GC(148) Pause Young (Mixed) (G1 Preventive Collection)
[2024-10-12T11:23:59.545+0800][info] GC(148) Using 3 workers of 48 for evacuation
[2024-10-12T11:23:59.549+0800][info] GC(148)   Pre Evacuate Collection Set: 0.2ms
[2024-10-12T11:23:59.549+0800][info] GC(148)   Merge Heap Roots: 0.1ms
[2024-10-12T11:23:59.549+0800][info] GC(148)   Evacuate Collection Set: 3.0ms
[2024-10-12T11:23:59.549+0800][info] GC(148)   Post Evacuate Collection Set: 0.2ms
[2024-10-12T11:23:59.549+0800][info] GC(148)   Other: 0.1ms
[2024-10-12T11:23:59.549+0800][info] GC(148) Eden regions: 2->0(2)
[2024-10-12T11:23:59.549+0800][info] GC(148) Survivor regions: 1->1(1)
[2024-10-12T11:23:59.549+0800][info] GC(148) Old regions: 47->47
[2024-10-12T11:23:59.549+0800][info] GC(148) Archive regions: 2->2
[2024-10-12T11:23:59.549+0800][info] GC(148) Humongous regions: 3->3
[2024-10-12T11:23:59.549+0800][info] GC(148) Metaspace: 1637K(1792K)->1637K(1792K) NonClass: 1501K(1600K)->1501K(1600K) Class: 135K(192K)->135K(192K)
[2024-10-12T11:23:59.549+0800][info] GC(148) Pause Young (Mixed) (G1 Preventive Collection) 106M->103M(128M) 3.757ms
[2024-10-12T11:23:59.549+0800][info] GC(148) User=0.01s Sys=0.00s Real=0.00s
[2024-10-12T11:23:59.652+0800][info] GC(149) Pause Young (Normal) (G1 Evacuation Pause)
[2024-10-12T11:23:59.652+0800][info] GC(149) Using 3 workers of 48 for evacuation
[2024-10-12T11:23:59.653+0800][info] GC(149)   Pre Evacuate Collection Set: 0.1ms
[2024-10-12T11:23:59.653+0800][info] GC(149)   Merge Heap Roots: 0.0ms
[2024-10-12T11:23:59.653+0800][info] GC(149)   Evacuate Collection Set: 0.7ms
[2024-10-12T11:23:59.653+0800][info] GC(149)   Post Evacuate Collection Set: 0.2ms
[2024-10-12T11:23:59.653+0800][info] GC(149)   Other: 0.2ms
[2024-10-12T11:23:59.653+0800][info] GC(149) Eden regions: 2->0(2)
[2024-10-12T11:23:59.653+0800][info] GC(149) Survivor regions: 1->1(1)
[2024-10-12T11:23:59.653+0800][info] GC(149) Old regions: 47->49
[2024-10-12T11:23:59.653+0800][info] GC(149) Archive regions: 2->2
[2024-10-12T11:23:59.653+0800][info] GC(149) Humongous regions: 3->3
[2024-10-12T11:23:59.653+0800][info] GC(149) Metaspace: 1637K(1792K)->1637K(1792K) NonClass: 1501K(1600K)->1501K(1600K) Class: 135K(192K)->135K(192K)
[2024-10-12T11:23:59.653+0800][info] GC(149) Pause Young (Normal) (G1 Evacuation Pause) 106M->106M(128M) 1.378ms
[2024-10-12T11:23:59.653+0800][info] GC(149) User=0.00s Sys=0.00s Real=0.01s
[2024-10-12T11:23:59.755+0800][info] GC(150) Pause Young (Concurrent Start) (G1 Evacuation Pause)
[2024-10-12T11:23:59.755+0800][info] GC(150) Using 3 workers of 48 for evacuation
[2024-10-12T11:23:59.757+0800][info] GC(150)   Pre Evacuate Collection Set: 0.1ms
[2024-10-12T11:23:59.757+0800][info] GC(150)   Merge Heap Roots: 0.0ms
[2024-10-12T11:23:59.757+0800][info] GC(150)   Evacuate Collection Set: 0.8ms
[2024-10-12T11:23:59.757+0800][info] GC(150)   Post Evacuate Collection Set: 0.2ms
[2024-10-12T11:23:59.757+0800][info] GC(150)   Other: 0.3ms
[2024-10-12T11:23:59.757+0800][info] GC(150) Eden regions: 2->0(2)
[2024-10-12T11:23:59.757+0800][info] GC(150) Survivor regions: 1->1(1)
[2024-10-12T11:23:59.757+0800][info] GC(150) Old regions: 49->51
[2024-10-12T11:23:59.757+0800][info] GC(150) Archive regions: 2->2
[2024-10-12T11:23:59.757+0800][info] GC(150) Humongous regions: 3->3
[2024-10-12T11:23:59.757+0800][info] GC(150) Metaspace: 1637K(1792K)->1637K(1792K) NonClass: 1501K(1600K)->1501K(1600K) Class: 135K(192K)->135K(192K)
[2024-10-12T11:23:59.757+0800][info] GC(150) Pause Young (Concurrent Start) (G1 Evacuation Pause) 110M->110M(128M) 1.559ms
[2024-10-12T11:23:59.757+0800][info] GC(150) User=0.00s Sys=0.00s Real=0.00s
[2024-10-12T11:23:59.757+0800][info] GC(151) Concurrent Mark Cycle
[2024-10-12T11:23:59.757+0800][info] GC(151) Concurrent Clear Claimed Marks
[2024-10-12T11:23:59.757+0800][info] GC(151) Concurrent Clear Claimed Marks 0.019ms
[2024-10-12T11:23:59.757+0800][info] GC(151) Concurrent Scan Root Regions
[2024-10-12T11:23:59.757+0800][info] GC(151) Concurrent Scan Root Regions 0.194ms
[2024-10-12T11:23:59.757+0800][info] GC(151) Concurrent Mark
[2024-10-12T11:23:59.757+0800][info] GC(151) Concurrent Mark From Roots
[2024-10-12T11:23:59.757+0800][info] GC(151) Using 12 workers of 12 for marking
[2024-10-12T11:23:59.761+0800][info] GC(151) Concurrent Mark From Roots 3.518ms
[2024-10-12T11:23:59.761+0800][info] GC(151) Concurrent Preclean
[2024-10-12T11:23:59.763+0800][info] GC(151) Concurrent Preclean 1.909ms
[2024-10-12T11:23:59.763+0800][info] GC(151) Pause Remark
[2024-10-12T11:23:59.764+0800][info] GC(151) Pause Remark 111M->111M(128M) 1.437ms
[2024-10-12T11:23:59.764+0800][info] GC(151) User=0.01s Sys=0.00s Real=0.00s
[2024-10-12T11:23:59.764+0800][info] GC(151) Concurrent Mark 7.217ms
[2024-10-12T11:23:59.764+0800][info] GC(151) Concurrent Rebuild Remembered Sets
[2024-10-12T11:23:59.766+0800][info] GC(151) Concurrent Rebuild Remembered Sets 1.201ms
[2024-10-12T11:23:59.766+0800][info] GC(151) Pause Cleanup
[2024-10-12T11:23:59.766+0800][info] GC(151) Pause Cleanup 111M->111M(128M) 0.241ms
[2024-10-12T11:23:59.766+0800][info] GC(151) User=0.00s Sys=0.00s Real=0.00s
[2024-10-12T11:23:59.766+0800][info] GC(151) Concurrent Cleanup for Next Mark
[2024-10-12T11:23:59.766+0800][info] GC(151) Concurrent Cleanup for Next Mark 0.320ms
[2024-10-12T11:23:59.766+0800][info] GC(151) Concurrent Mark Cycle 9.553ms
[2024-10-12T11:23:59.911+0800][info] GC(152) Pause Young (Prepare Mixed) (G1 Evacuation Pause)
[2024-10-12T11:23:59.911+0800][info] GC(152) Using 3 workers of 48 for evacuation
[2024-10-12T11:23:59.912+0800][info] GC(152)   Pre Evacuate Collection Set: 0.1ms
[2024-10-12T11:23:59.912+0800][info] GC(152)   Merge Heap Roots: 0.1ms
[2024-10-12T11:23:59.912+0800][info] GC(152)   Evacuate Collection Set: 0.7ms
[2024-10-12T11:23:59.912+0800][info] GC(152)   Post Evacuate Collection Set: 0.2ms
[2024-10-12T11:23:59.912+0800][info] GC(152)   Other: 0.2ms
[2024-10-12T11:23:59.912+0800][info] GC(152) Eden regions: 2->0(2)
[2024-10-12T11:23:59.912+0800][info] GC(152) Survivor regions: 1->1(1)
[2024-10-12T11:23:59.912+0800][info] GC(152) Old regions: 51->53
[2024-10-12T11:23:59.912+0800][info] GC(152) Archive regions: 2->2
[2024-10-12T11:23:59.912+0800][info] GC(152) Humongous regions: 3->3
[2024-10-12T11:23:59.912+0800][info] GC(152) Metaspace: 1637K(1792K)->1637K(1792K) NonClass: 1501K(1600K)->1501K(1600K) Class: 135K(192K)->135K(192K)
[2024-10-12T11:23:59.912+0800][info] GC(152) Pause Young (Prepare Mixed) (G1 Evacuation Pause) 114M->114M(128M) 1.422ms
[2024-10-12T11:23:59.912+0800][info] GC(152) User=0.00s Sys=0.00s Real=0.00s
[2024-10-12T11:23:59.974+0800][info] GC(153) Pause Young (Mixed) (G1 Preventive Collection)
[2024-10-12T11:23:59.974+0800][info] GC(153) Using 3 workers of 48 for evacuation
[2024-10-12T11:23:59.975+0800][info] GC(153)   Pre Evacuate Collection Set: 0.2ms
[2024-10-12T11:23:59.975+0800][info] GC(153)   Merge Heap Roots: 0.1ms
[2024-10-12T11:23:59.975+0800][info] GC(153)   Evacuate Collection Set: 0.9ms
[2024-10-12T11:23:59.975+0800][info] GC(153)   Post Evacuate Collection Set: 0.2ms
[2024-10-12T11:23:59.975+0800][info] GC(153)   Other: 0.2ms
[2024-10-12T11:23:59.975+0800][info] GC(153) Eden regions: 1->0(2)
[2024-10-12T11:23:59.975+0800][info] GC(153) Survivor regions: 1->1(1)
[2024-10-12T11:23:59.975+0800][info] GC(153) Old regions: 53->49
[2024-10-12T11:23:59.975+0800][info] GC(153) Archive regions: 2->2
[2024-10-12T11:23:59.975+0800][info] GC(153) Humongous regions: 3->3
[2024-10-12T11:23:59.975+0800][info] GC(153) Metaspace: 1637K(1792K)->1637K(1792K) NonClass: 1501K(1600K)->1501K(1600K) Class: 135K(192K)->135K(192K)
[2024-10-12T11:23:59.975+0800][info] GC(153) Pause Young (Mixed) (G1 Preventive Collection) 116M->107M(128M) 1.611ms
[2024-10-12T11:23:59.975+0800][info] GC(153) User=0.00s Sys=0.00s Real=0.00s
[2024-10-12T11:24:00.078+0800][info] GC(154) Pause Young (Mixed) (G1 Preventive Collection)
[2024-10-12T11:24:00.078+0800][info] GC(154) Using 3 workers of 48 for evacuation
[2024-10-12T11:24:00.080+0800][info] GC(154)   Pre Evacuate Collection Set: 0.2ms
[2024-10-12T11:24:00.080+0800][info] GC(154)   Merge Heap Roots: 0.1ms
[2024-10-12T11:24:00.080+0800][info] GC(154)   Evacuate Collection Set: 1.6ms
[2024-10-12T11:24:00.080+0800][info] GC(154)   Post Evacuate Collection Set: 0.2ms
[2024-10-12T11:24:00.080+0800][info] GC(154)   Other: 0.2ms
[2024-10-12T11:24:00.080+0800][info] GC(154) Eden regions: 2->0(2)
[2024-10-12T11:24:00.080+0800][info] GC(154) Survivor regions: 1->1(1)
[2024-10-12T11:24:00.080+0800][info] GC(154) Old regions: 49->48
[2024-10-12T11:24:00.080+0800][info] GC(154) Archive regions: 2->2
[2024-10-12T11:24:00.080+0800][info] GC(154) Humongous regions: 3->3
[2024-10-12T11:24:00.080+0800][info] GC(154) Metaspace: 1637K(1792K)->1637K(1792K) NonClass: 1501K(1600K)->1501K(1600K) Class: 135K(192K)->135K(192K)
[2024-10-12T11:24:00.080+0800][info] GC(154) Pause Young (Mixed) (G1 Preventive Collection) 110M->104M(128M) 2.311ms
[2024-10-12T11:24:00.081+0800][info] GC(154) User=0.01s Sys=0.00s Real=0.00s
[2024-10-12T11:24:00.183+0800][info] GC(155) Pause Young (Mixed) (G1 Preventive Collection)
[2024-10-12T11:24:00.183+0800][info] GC(155) Using 3 workers of 48 for evacuation
[2024-10-12T11:24:00.185+0800][info] GC(155)   Pre Evacuate Collection Set: 0.2ms
[2024-10-12T11:24:00.185+0800][info] GC(155)   Merge Heap Roots: 0.1ms
[2024-10-12T11:24:00.185+0800][info] GC(155)   Evacuate Collection Set: 1.6ms
[2024-10-12T11:24:00.185+0800][info] GC(155)   Post Evacuate Collection Set: 0.2ms
[2024-10-12T11:24:00.185+0800][info] GC(155)   Other: 0.1ms
[2024-10-12T11:24:00.185+0800][info] GC(155) Eden regions: 2->0(2)
[2024-10-12T11:24:00.185+0800][info] GC(155) Survivor regions: 1->1(1)
[2024-10-12T11:24:00.185+0800][info] GC(155) Old regions: 48->46
[2024-10-12T11:24:00.185+0800][info] GC(155) Archive regions: 2->2
[2024-10-12T11:24:00.185+0800][info] GC(155) Humongous regions: 3->3
[2024-10-12T11:24:00.185+0800][info] GC(155) Metaspace: 1637K(1792K)->1637K(1792K) NonClass: 1501K(1600K)->1501K(1600K) Class: 135K(192K)->135K(192K)
[2024-10-12T11:24:00.185+0800][info] GC(155) Pause Young (Mixed) (G1 Preventive Collection) 107M->101M(128M) 2.226ms
[2024-10-12T11:24:00.185+0800][info] GC(155) User=0.00s Sys=0.01s Real=0.00s
[2024-10-12T11:24:00.287+0800][info] GC(156) Pause Young (Mixed) (G1 Evacuation Pause)
[2024-10-12T11:24:00.287+0800][info] GC(156) Using 3 workers of 48 for evacuation
[2024-10-12T11:24:00.290+0800][info] GC(156)   Pre Evacuate Collection Set: 0.2ms
[2024-10-12T11:24:00.290+0800][info] GC(156)   Merge Heap Roots: 0.1ms
[2024-10-12T11:24:00.290+0800][info] GC(156)   Evacuate Collection Set: 2.0ms
[2024-10-12T11:24:00.290+0800][info] GC(156)   Post Evacuate Collection Set: 0.2ms
[2024-10-12T11:24:00.290+0800][info] GC(156)   Other: 0.1ms
[2024-10-12T11:24:00.290+0800][info] GC(156) Eden regions: 2->0(2)
[2024-10-12T11:24:00.290+0800][info] GC(156) Survivor regions: 1->1(1)
[2024-10-12T11:24:00.290+0800][info] GC(156) Old regions: 46->46
[2024-10-12T11:24:00.290+0800][info] GC(156) Archive regions: 2->2
[2024-10-12T11:24:00.290+0800][info] GC(156) Humongous regions: 3->3
[2024-10-12T11:24:00.290+0800][info] GC(156) Metaspace: 1637K(1792K)->1637K(1792K) NonClass: 1501K(1600K)->1501K(1600K) Class: 135K(192K)->135K(192K)
[2024-10-12T11:24:00.290+0800][info] GC(156) Pause Young (Mixed) (G1 Evacuation Pause) 105M->101M(128M) 2.695ms
[2024-10-12T11:24:00.290+0800][info] GC(156) User=0.01s Sys=0.00s Real=0.00s
[2024-10-12T11:24:00.392+0800][info] GC(157) Pause Young (Mixed) (G1 Evacuation Pause)
[2024-10-12T11:24:00.392+0800][info] GC(157) Using 3 workers of 48 for evacuation
[2024-10-12T11:24:00.395+0800][info] GC(157)   Pre Evacuate Collection Set: 0.2ms
[2024-10-12T11:24:00.395+0800][info] GC(157)   Merge Heap Roots: 0.1ms
[2024-10-12T11:24:00.395+0800][info] GC(157)   Evacuate Collection Set: 2.1ms
[2024-10-12T11:24:00.395+0800][info] GC(157)   Post Evacuate Collection Set: 0.2ms
[2024-10-12T11:24:00.395+0800][info] GC(157)   Other: 0.1ms
[2024-10-12T11:24:00.395+0800][info] GC(157) Eden regions: 2->0(2)
[2024-10-12T11:24:00.395+0800][info] GC(157) Survivor regions: 1->1(1)
[2024-10-12T11:24:00.395+0800][info] GC(157) Old regions: 46->46
[2024-10-12T11:24:00.395+0800][info] GC(157) Archive regions: 2->2
[2024-10-12T11:24:00.395+0800][info] GC(157) Humongous regions: 3->3
[2024-10-12T11:24:00.395+0800][info] GC(157) Metaspace: 1637K(1792K)->1637K(1792K) NonClass: 1501K(1600K)->1501K(1600K) Class: 135K(192K)->135K(192K)
[2024-10-12T11:24:00.395+0800][info] GC(157) Pause Young (Mixed) (G1 Evacuation Pause) 104M->101M(128M) 2.869ms
[2024-10-12T11:24:00.395+0800][info] GC(157) User=0.01s Sys=0.00s Real=0.01s
[2024-10-12T11:24:00.498+0800][info] GC(158) Pause Young (Mixed) (G1 Preventive Collection)
[2024-10-12T11:24:00.498+0800][info] GC(158) Using 3 workers of 48 for evacuation
[2024-10-12T11:24:00.501+0800][info] GC(158)   Pre Evacuate Collection Set: 0.2ms
[2024-10-12T11:24:00.501+0800][info] GC(158)   Merge Heap Roots: 0.1ms
[2024-10-12T11:24:00.501+0800][info] GC(158)   Evacuate Collection Set: 2.1ms
[2024-10-12T11:24:00.501+0800][info] GC(158)   Post Evacuate Collection Set: 0.2ms
[2024-10-12T11:24:00.501+0800][info] GC(158)   Other: 0.1ms
[2024-10-12T11:24:00.501+0800][info] GC(158) Eden regions: 2->0(2)
[2024-10-12T11:24:00.501+0800][info] GC(158) Survivor regions: 1->1(1)
[2024-10-12T11:24:00.501+0800][info] GC(158) Old regions: 46->47
[2024-10-12T11:24:00.501+0800][info] GC(158) Archive regions: 2->2
[2024-10-12T11:24:00.501+0800][info] GC(158) Humongous regions: 3->3
[2024-10-12T11:24:00.501+0800][info] GC(158) Metaspace: 1638K(1792K)->1638K(1792K) NonClass: 1502K(1600K)->1502K(1600K) Class: 135K(192K)->135K(192K)
[2024-10-12T11:24:00.501+0800][info] GC(158) Pause Young (Mixed) (G1 Preventive Collection) 104M->102M(128M) 2.750ms
[2024-10-12T11:24:00.501+0800][info] GC(158) User=0.00s Sys=0.00s Real=0.00s
[2024-10-12T11:24:00.603+0800][info] GC(159) Pause Young (Mixed) (G1 Preventive Collection)
[2024-10-12T11:24:00.603+0800][info] GC(159) Using 3 workers of 48 for evacuation
[2024-10-12T11:24:00.606+0800][info] GC(159)   Pre Evacuate Collection Set: 0.2ms
[2024-10-12T11:24:00.606+0800][info] GC(159)   Merge Heap Roots: 0.1ms
[2024-10-12T11:24:00.606+0800][info] GC(159)   Evacuate Collection Set: 2.9ms
[2024-10-12T11:24:00.606+0800][info] GC(159)   Post Evacuate Collection Set: 0.2ms
[2024-10-12T11:24:00.606+0800][info] GC(159)   Other: 0.1ms
[2024-10-12T11:24:00.606+0800][info] GC(159) Eden regions: 2->0(2)
[2024-10-12T11:24:00.606+0800][info] GC(159) Survivor regions: 1->1(1)
[2024-10-12T11:24:00.606+0800][info] GC(159) Old regions: 47->47
[2024-10-12T11:24:00.606+0800][info] GC(159) Archive regions: 2->2
[2024-10-12T11:24:00.606+0800][info] GC(159) Humongous regions: 3->3
[2024-10-12T11:24:00.606+0800][info] GC(159) Metaspace: 1638K(1792K)->1638K(1792K) NonClass: 1502K(1600K)->1502K(1600K) Class: 135K(192K)->135K(192K)
[2024-10-12T11:24:00.606+0800][info] GC(159) Pause Young (Mixed) (G1 Preventive Collection) 105M->103M(128M) 3.573ms
[2024-10-12T11:24:00.606+0800][info] GC(159) User=0.01s Sys=0.00s Real=0.01s
[2024-10-12T11:24:00.710+0800][info] GC(160) Pause Young (Normal) (G1 Evacuation Pause)
[2024-10-12T11:24:00.710+0800][info] GC(160) Using 3 workers of 48 for evacuation
[2024-10-12T11:24:00.711+0800][info] GC(160)   Pre Evacuate Collection Set: 0.1ms
[2024-10-12T11:24:00.711+0800][info] GC(160)   Merge Heap Roots: 0.0ms
[2024-10-12T11:24:00.711+0800][info] GC(160)   Evacuate Collection Set: 0.7ms
[2024-10-12T11:24:00.711+0800][info] GC(160)   Post Evacuate Collection Set: 0.2ms
[2024-10-12T11:24:00.711+0800][info] GC(160)   Other: 0.2ms
[2024-10-12T11:24:00.711+0800][info] GC(160) Eden regions: 2->0(2)
[2024-10-12T11:24:00.711+0800][info] GC(160) Survivor regions: 1->1(1)
[2024-10-12T11:24:00.711+0800][info] GC(160) Old regions: 47->49
[2024-10-12T11:24:00.711+0800][info] GC(160) Archive regions: 2->2
[2024-10-12T11:24:00.711+0800][info] GC(160) Humongous regions: 4->3
[2024-10-12T11:24:00.711+0800][info] GC(160) Metaspace: 1665K(1792K)->1665K(1792K) NonClass: 1529K(1600K)->1529K(1600K) Class: 135K(192K)->135K(192K)
[2024-10-12T11:24:00.711+0800][info] GC(160) Pause Young (Normal) (G1 Evacuation Pause) 108M->107M(128M) 1.338ms
[2024-10-12T11:24:00.711+0800][info] GC(160) User=0.00s Sys=0.00s Real=0.00s
[2024-10-12T11:24:00.813+0800][info] GC(161) Pause Young (Concurrent Start) (G1 Evacuation Pause)
[2024-10-12T11:24:00.813+0800][info] GC(161) Using 3 workers of 48 for evacuation
[2024-10-12T11:24:00.814+0800][info] GC(161)   Pre Evacuate Collection Set: 0.1ms
[2024-10-12T11:24:00.814+0800][info] GC(161)   Merge Heap Roots: 0.0ms
[2024-10-12T11:24:00.814+0800][info] GC(161)   Evacuate Collection Set: 0.8ms
[2024-10-12T11:24:00.814+0800][info] GC(161)   Post Evacuate Collection Set: 0.2ms
[2024-10-12T11:24:00.815+0800][info] GC(161)   Other: 0.4ms
[2024-10-12T11:24:00.815+0800][info] GC(161) Eden regions: 2->0(2)
[2024-10-12T11:24:00.815+0800][info] GC(161) Survivor regions: 1->1(1)
[2024-10-12T11:24:00.815+0800][info] GC(161) Old regions: 49->51
[2024-10-12T11:24:00.815+0800][info] GC(161) Archive regions: 2->2
[2024-10-12T11:24:00.815+0800][info] GC(161) Humongous regions: 3->3
[2024-10-12T11:24:00.815+0800][info] GC(161) Metaspace: 1665K(1792K)->1665K(1792K) NonClass: 1529K(1600K)->1529K(1600K) Class: 135K(192K)->135K(192K)
[2024-10-12T11:24:00.815+0800][info] GC(161) Pause Young (Concurrent Start) (G1 Evacuation Pause) 110M->111M(128M) 1.585ms
[2024-10-12T11:24:00.815+0800][info] GC(161) User=0.00s Sys=0.00s Real=0.01s
[2024-10-12T11:24:00.815+0800][info] GC(162) Concurrent Mark Cycle
[2024-10-12T11:24:00.815+0800][info] GC(162) Concurrent Clear Claimed Marks
[2024-10-12T11:24:00.815+0800][info] GC(162) Concurrent Clear Claimed Marks 0.020ms
[2024-10-12T11:24:00.815+0800][info] GC(162) Concurrent Scan Root Regions
[2024-10-12T11:24:00.815+0800][info] GC(162) Concurrent Scan Root Regions 0.154ms
[2024-10-12T11:24:00.815+0800][info] GC(162) Concurrent Mark
[2024-10-12T11:24:00.815+0800][info] GC(162) Concurrent Mark From Roots
[2024-10-12T11:24:00.815+0800][info] GC(162) Using 12 workers of 12 for marking
[2024-10-12T11:24:00.818+0800][info] GC(162) Concurrent Mark From Roots 3.411ms
[2024-10-12T11:24:00.818+0800][info] GC(162) Concurrent Preclean
[2024-10-12T11:24:00.820+0800][info] GC(162) Concurrent Preclean 1.693ms
[2024-10-12T11:24:00.820+0800][info] GC(162) Pause Remark
[2024-10-12T11:24:00.823+0800][info] GC(162) Pause Remark 111M->109M(128M) 3.080ms
[2024-10-12T11:24:00.823+0800][info] GC(162) User=0.00s Sys=0.00s Real=0.00s
[2024-10-12T11:24:00.823+0800][info] GC(162) Concurrent Mark 8.513ms
[2024-10-12T11:24:00.824+0800][info] GC(162) Concurrent Rebuild Remembered Sets
[2024-10-12T11:24:00.825+0800][info] GC(162) Concurrent Rebuild Remembered Sets 1.323ms
[2024-10-12T11:24:00.825+0800][info] GC(162) Pause Cleanup
[2024-10-12T11:24:00.825+0800][info] GC(162) Pause Cleanup 109M->109M(128M) 0.265ms
[2024-10-12T11:24:00.825+0800][info] GC(162) User=0.00s Sys=0.00s Real=0.01s
[2024-10-12T11:24:00.825+0800][info] GC(162) Concurrent Cleanup for Next Mark
[2024-10-12T11:24:00.826+0800][info] GC(162) Concurrent Cleanup for Next Mark 0.307ms
[2024-10-12T11:24:00.826+0800][info] GC(162) Concurrent Mark Cycle 10.945ms
[2024-10-12T11:24:00.969+0800][info] GC(163) Pause Young (Prepare Mixed) (G1 Evacuation Pause)
[2024-10-12T11:24:00.969+0800][info] GC(163) Using 3 workers of 48 for evacuation
[2024-10-12T11:24:00.970+0800][info] GC(163)   Pre Evacuate Collection Set: 0.1ms
[2024-10-12T11:24:00.970+0800][info] GC(163)   Merge Heap Roots: 0.1ms
[2024-10-12T11:24:00.970+0800][info] GC(163)   Evacuate Collection Set: 0.9ms
[2024-10-12T11:24:00.970+0800][info] GC(163)   Post Evacuate Collection Set: 0.2ms
[2024-10-12T11:24:00.970+0800][info] GC(163)   Other: 0.2ms
[2024-10-12T11:24:00.970+0800][info] GC(163) Eden regions: 2->0(2)
[2024-10-12T11:24:00.970+0800][info] GC(163) Survivor regions: 1->1(1)
[2024-10-12T11:24:00.970+0800][info] GC(163) Old regions: 50->52
[2024-10-12T11:24:00.970+0800][info] GC(163) Archive regions: 2->2
[2024-10-12T11:24:00.970+0800][info] GC(163) Humongous regions: 3->3
[2024-10-12T11:24:00.970+0800][info] GC(163) Metaspace: 1614K(1792K)->1614K(1792K) NonClass: 1490K(1600K)->1490K(1600K) Class: 124K(192K)->124K(192K)
[2024-10-12T11:24:00.970+0800][info] GC(163) Pause Young (Prepare Mixed) (G1 Evacuation Pause) 112M->112M(128M) 1.617ms
[2024-10-12T11:24:00.970+0800][info] GC(163) User=0.01s Sys=0.00s Real=0.00s
[2024-10-12T11:24:01.032+0800][info] GC(164) Pause Young (Mixed) (G1 Preventive Collection)
[2024-10-12T11:24:01.032+0800][info] GC(164) Using 3 workers of 48 for evacuation
[2024-10-12T11:24:01.034+0800][info] GC(164)   Pre Evacuate Collection Set: 0.2ms
[2024-10-12T11:24:01.034+0800][info] GC(164)   Merge Heap Roots: 0.1ms
[2024-10-12T11:24:01.034+0800][info] GC(164)   Evacuate Collection Set: 1.4ms
[2024-10-12T11:24:01.034+0800][info] GC(164)   Post Evacuate Collection Set: 0.2ms
[2024-10-12T11:24:01.034+0800][info] GC(164)   Other: 0.2ms
[2024-10-12T11:24:01.034+0800][info] GC(164) Eden regions: 1->0(2)
[2024-10-12T11:24:01.034+0800][info] GC(164) Survivor regions: 1->1(1)
[2024-10-12T11:24:01.034+0800][info] GC(164) Old regions: 52->49
[2024-10-12T11:24:01.034+0800][info] GC(164) Archive regions: 2->2
[2024-10-12T11:24:01.034+0800][info] GC(164) Humongous regions: 3->3
[2024-10-12T11:24:01.034+0800][info] GC(164) Metaspace: 1614K(1792K)->1614K(1792K) NonClass: 1490K(1600K)->1490K(1600K) Class: 124K(192K)->124K(192K)
[2024-10-12T11:24:01.034+0800][info] GC(164) Pause Young (Mixed) (G1 Preventive Collection) 114M->107M(128M) 2.075ms
[2024-10-12T11:24:01.034+0800][info] GC(164) User=0.00s Sys=0.00s Real=0.01s
[2024-10-12T11:24:01.136+0800][info] GC(165) Pause Young (Mixed) (G1 Preventive Collection)
[2024-10-12T11:24:01.136+0800][info] GC(165) Using 3 workers of 48 for evacuation
[2024-10-12T11:24:01.138+0800][info] GC(165)   Pre Evacuate Collection Set: 0.2ms
[2024-10-12T11:24:01.138+0800][info] GC(165)   Merge Heap Roots: 0.1ms
[2024-10-12T11:24:01.138+0800][info] GC(165)   Evacuate Collection Set: 1.7ms
[2024-10-12T11:24:01.138+0800][info] GC(165)   Post Evacuate Collection Set: 0.2ms
[2024-10-12T11:24:01.138+0800][info] GC(165)   Other: 0.1ms
[2024-10-12T11:24:01.138+0800][info] GC(165) Eden regions: 2->0(2)
[2024-10-12T11:24:01.138+0800][info] GC(165) Survivor regions: 1->1(1)
[2024-10-12T11:24:01.138+0800][info] GC(165) Old regions: 49->48
[2024-10-12T11:24:01.138+0800][info] GC(165) Archive regions: 2->2
[2024-10-12T11:24:01.138+0800][info] GC(165) Humongous regions: 3->3
[2024-10-12T11:24:01.138+0800][info] GC(165) Metaspace: 1614K(1792K)->1614K(1792K) NonClass: 1490K(1600K)->1490K(1600K) Class: 124K(192K)->124K(192K)
[2024-10-12T11:24:01.138+0800][info] GC(165) Pause Young (Mixed) (G1 Preventive Collection) 111M->105M(128M) 2.386ms
[2024-10-12T11:24:01.138+0800][info] GC(165) User=0.00s Sys=0.00s Real=0.00s
[2024-10-12T11:24:01.241+0800][info] GC(166) Pause Young (Mixed) (G1 Evacuation Pause)
[2024-10-12T11:24:01.241+0800][info] GC(166) Using 3 workers of 48 for evacuation
[2024-10-12T11:24:01.243+0800][info] GC(166)   Pre Evacuate Collection Set: 0.2ms
[2024-10-12T11:24:01.243+0800][info] GC(166)   Merge Heap Roots: 0.1ms
[2024-10-12T11:24:01.243+0800][info] GC(166)   Evacuate Collection Set: 1.9ms
[2024-10-12T11:24:01.243+0800][info] GC(166)   Post Evacuate Collection Set: 0.2ms
[2024-10-12T11:24:01.243+0800][info] GC(166)   Other: 0.1ms
[2024-10-12T11:24:01.243+0800][info] GC(166) Eden regions: 2->0(2)
[2024-10-12T11:24:01.244+0800][info] GC(166) Survivor regions: 1->1(1)
[2024-10-12T11:24:01.244+0800][info] GC(166) Old regions: 48->47
[2024-10-12T11:24:01.244+0800][info] GC(166) Archive regions: 2->2
[2024-10-12T11:24:01.244+0800][info] GC(166) Humongous regions: 3->3
[2024-10-12T11:24:01.244+0800][info] GC(166) Metaspace: 1614K(1792K)->1614K(1792K) NonClass: 1490K(1600K)->1490K(1600K) Class: 124K(192K)->124K(192K)
[2024-10-12T11:24:01.244+0800][info] GC(166) Pause Young (Mixed) (G1 Evacuation Pause) 109M->103M(128M) 2.620ms
[2024-10-12T11:24:01.244+0800][info] GC(166) User=0.00s Sys=0.00s Real=0.00s
[2024-10-12T11:24:01.346+0800][info] GC(167) Pause Young (Mixed) (G1 Evacuation Pause)
[2024-10-12T11:24:01.346+0800][info] GC(167) Using 3 workers of 48 for evacuation
[2024-10-12T11:24:01.348+0800][info] GC(167)   Pre Evacuate Collection Set: 0.2ms
[2024-10-12T11:24:01.348+0800][info] GC(167)   Merge Heap Roots: 0.1ms
[2024-10-12T11:24:01.348+0800][info] GC(167)   Evacuate Collection Set: 1.6ms
[2024-10-12T11:24:01.348+0800][info] GC(167)   Post Evacuate Collection Set: 0.2ms
[2024-10-12T11:24:01.348+0800][info] GC(167)   Other: 0.2ms
[2024-10-12T11:24:01.348+0800][info] GC(167) Eden regions: 2->0(2)
[2024-10-12T11:24:01.348+0800][info] GC(167) Survivor regions: 1->1(1)
[2024-10-12T11:24:01.348+0800][info] GC(167) Old regions: 47->46
[2024-10-12T11:24:01.348+0800][info] GC(167) Archive regions: 2->2
[2024-10-12T11:24:01.348+0800][info] GC(167) Humongous regions: 3->3
[2024-10-12T11:24:01.348+0800][info] GC(167) Metaspace: 1614K(1792K)->1614K(1792K) NonClass: 1490K(1600K)->1490K(1600K) Class: 124K(192K)->124K(192K)
[2024-10-12T11:24:01.348+0800][info] GC(167) Pause Young (Mixed) (G1 Evacuation Pause) 107M->101M(128M) 2.301ms
[2024-10-12T11:24:01.348+0800][info] GC(167) User=0.01s Sys=0.00s Real=0.00s
[2024-10-12T11:24:01.451+0800][info] GC(168) Pause Young (Mixed) (G1 Evacuation Pause)
[2024-10-12T11:24:01.451+0800][info] GC(168) Using 3 workers of 48 for evacuation
[2024-10-12T11:24:01.453+0800][info] GC(168)   Pre Evacuate Collection Set: 0.2ms
[2024-10-12T11:24:01.453+0800][info] GC(168)   Merge Heap Roots: 0.1ms
[2024-10-12T11:24:01.453+0800][info] GC(168)   Evacuate Collection Set: 1.6ms
[2024-10-12T11:24:01.453+0800][info] GC(168)   Post Evacuate Collection Set: 0.2ms
[2024-10-12T11:24:01.453+0800][info] GC(168)   Other: 0.1ms
[2024-10-12T11:24:01.453+0800][info] GC(168) Eden regions: 2->0(2)
[2024-10-12T11:24:01.453+0800][info] GC(168) Survivor regions: 1->1(1)
[2024-10-12T11:24:01.453+0800][info] GC(168) Old regions: 46->46
[2024-10-12T11:24:01.453+0800][info] GC(168) Archive regions: 2->2
[2024-10-12T11:24:01.453+0800][info] GC(168) Humongous regions: 3->3
[2024-10-12T11:24:01.453+0800][info] GC(168) Metaspace: 1614K(1792K)->1614K(1792K) NonClass: 1490K(1600K)->1490K(1600K) Class: 124K(192K)->124K(192K)
[2024-10-12T11:24:01.453+0800][info] GC(168) Pause Young (Mixed) (G1 Evacuation Pause) 105M->101M(128M) 2.322ms
[2024-10-12T11:24:01.453+0800][info] GC(168) User=0.01s Sys=0.00s Real=0.00s
[2024-10-12T11:24:01.555+0800][info] GC(169) Pause Young (Mixed) (G1 Evacuation Pause)
[2024-10-12T11:24:01.555+0800][info] GC(169) Using 3 workers of 48 for evacuation
[2024-10-12T11:24:01.558+0800][info] GC(169)   Pre Evacuate Collection Set: 0.2ms
[2024-10-12T11:24:01.558+0800][info] GC(169)   Merge Heap Roots: 0.1ms
[2024-10-12T11:24:01.558+0800][info] GC(169)   Evacuate Collection Set: 2.2ms
[2024-10-12T11:24:01.558+0800][info] GC(169)   Post Evacuate Collection Set: 0.2ms
[2024-10-12T11:24:01.558+0800][info] GC(169)   Other: 0.1ms
[2024-10-12T11:24:01.558+0800][info] GC(169) Eden regions: 2->0(2)
[2024-10-12T11:24:01.558+0800][info] GC(169) Survivor regions: 1->1(1)
[2024-10-12T11:24:01.558+0800][info] GC(169) Old regions: 46->47
[2024-10-12T11:24:01.558+0800][info] GC(169) Archive regions: 2->2
[2024-10-12T11:24:01.558+0800][info] GC(169) Humongous regions: 3->3
[2024-10-12T11:24:01.558+0800][info] GC(169) Metaspace: 1614K(1792K)->1614K(1792K) NonClass: 1490K(1600K)->1490K(1600K) Class: 124K(192K)->124K(192K)
[2024-10-12T11:24:01.558+0800][info] GC(169) Pause Young (Mixed) (G1 Evacuation Pause) 104M->103M(128M) 2.848ms
[2024-10-12T11:24:01.558+0800][info] GC(169) User=0.01s Sys=0.00s Real=0.00s
[2024-10-12T11:24:01.661+0800][info] GC(170) Pause Young (Mixed) (G1 Evacuation Pause)
[2024-10-12T11:24:01.661+0800][info] GC(170) Using 3 workers of 48 for evacuation
[2024-10-12T11:24:01.663+0800][info] GC(170)   Pre Evacuate Collection Set: 0.2ms
[2024-10-12T11:24:01.663+0800][info] GC(170)   Merge Heap Roots: 0.1ms
[2024-10-12T11:24:01.663+0800][info] GC(170)   Evacuate Collection Set: 2.2ms
[2024-10-12T11:24:01.663+0800][info] GC(170)   Post Evacuate Collection Set: 0.2ms
[2024-10-12T11:24:01.663+0800][info] GC(170)   Other: 0.1ms
[2024-10-12T11:24:01.663+0800][info] GC(170) Eden regions: 2->0(2)
[2024-10-12T11:24:01.663+0800][info] GC(170) Survivor regions: 1->1(1)
[2024-10-12T11:24:01.663+0800][info] GC(170) Old regions: 47->47
[2024-10-12T11:24:01.663+0800][info] GC(170) Archive regions: 2->2
[2024-10-12T11:24:01.663+0800][info] GC(170) Humongous regions: 3->3
[2024-10-12T11:24:01.663+0800][info] GC(170) Metaspace: 1614K(1792K)->1614K(1792K) NonClass: 1490K(1600K)->1490K(1600K) Class: 124K(192K)->124K(192K)
[2024-10-12T11:24:01.663+0800][info] GC(170) Pause Young (Mixed) (G1 Evacuation Pause) 106M->103M(128M) 2.867ms
[2024-10-12T11:24:01.663+0800][info] GC(170) User=0.01s Sys=0.00s Real=0.00s
[2024-10-12T11:24:01.766+0800][info] GC(171) Pause Young (Mixed) (G1 Preventive Collection)
[2024-10-12T11:24:01.766+0800][info] GC(171) Using 3 workers of 48 for evacuation
[2024-10-12T11:24:01.769+0800][info] GC(171)   Pre Evacuate Collection Set: 0.2ms
[2024-10-12T11:24:01.769+0800][info] GC(171)   Merge Heap Roots: 0.1ms
[2024-10-12T11:24:01.769+0800][info] GC(171)   Evacuate Collection Set: 3.0ms
[2024-10-12T11:24:01.769+0800][info] GC(171)   Post Evacuate Collection Set: 0.2ms
[2024-10-12T11:24:01.769+0800][info] GC(171)   Other: 0.1ms
[2024-10-12T11:24:01.769+0800][info] GC(171) Eden regions: 2->0(2)
[2024-10-12T11:24:01.769+0800][info] GC(171) Survivor regions: 1->1(1)
[2024-10-12T11:24:01.769+0800][info] GC(171) Old regions: 47->47
[2024-10-12T11:24:01.769+0800][info] GC(171) Archive regions: 2->2
[2024-10-12T11:24:01.769+0800][info] GC(171) Humongous regions: 3->3
[2024-10-12T11:24:01.769+0800][info] GC(171) Metaspace: 1614K(1792K)->1614K(1792K) NonClass: 1490K(1600K)->1490K(1600K) Class: 124K(192K)->124K(192K)
[2024-10-12T11:24:01.769+0800][info] GC(171) Pause Young (Mixed) (G1 Preventive Collection) 106M->103M(128M) 3.711ms
[2024-10-12T11:24:01.769+0800][info] GC(171) User=0.01s Sys=0.00s Real=0.00s
[2024-10-12T11:24:01.872+0800][info] GC(172) Pause Young (Normal) (G1 Evacuation Pause)
[2024-10-12T11:24:01.872+0800][info] GC(172) Using 3 workers of 48 for evacuation
[2024-10-12T11:24:01.873+0800][info] GC(172)   Pre Evacuate Collection Set: 0.1ms
[2024-10-12T11:24:01.873+0800][info] GC(172)   Merge Heap Roots: 0.0ms
[2024-10-12T11:24:01.873+0800][info] GC(172)   Evacuate Collection Set: 0.8ms
[2024-10-12T11:24:01.873+0800][info] GC(172)   Post Evacuate Collection Set: 0.2ms
[2024-10-12T11:24:01.873+0800][info] GC(172)   Other: 0.2ms
[2024-10-12T11:24:01.873+0800][info] GC(172) Eden regions: 2->0(2)
[2024-10-12T11:24:01.873+0800][info] GC(172) Survivor regions: 1->1(1)
[2024-10-12T11:24:01.873+0800][info] GC(172) Old regions: 47->49
[2024-10-12T11:24:01.873+0800][info] GC(172) Archive regions: 2->2
[2024-10-12T11:24:01.873+0800][info] GC(172) Humongous regions: 3->3
[2024-10-12T11:24:01.873+0800][info] GC(172) Metaspace: 1614K(1792K)->1614K(1792K) NonClass: 1490K(1600K)->1490K(1600K) Class: 124K(192K)->124K(192K)
[2024-10-12T11:24:01.873+0800][info] GC(172) Pause Young (Normal) (G1 Evacuation Pause) 107M->106M(128M) 1.412ms
[2024-10-12T11:24:01.873+0800][info] GC(172) User=0.00s Sys=0.00s Real=0.01s
[2024-10-12T11:24:01.975+0800][info] GC(173) Pause Young (Concurrent Start) (G1 Evacuation Pause)
[2024-10-12T11:24:01.975+0800][info] GC(173) Using 3 workers of 48 for evacuation
[2024-10-12T11:24:01.976+0800][info] GC(173)   Pre Evacuate Collection Set: 0.1ms
[2024-10-12T11:24:01.977+0800][info] GC(173)   Merge Heap Roots: 0.0ms
[2024-10-12T11:24:01.977+0800][info] GC(173)   Evacuate Collection Set: 0.7ms
[2024-10-12T11:24:01.977+0800][info] GC(173)   Post Evacuate Collection Set: 0.2ms
[2024-10-12T11:24:01.977+0800][info] GC(173)   Other: 0.4ms
[2024-10-12T11:24:01.977+0800][info] GC(173) Eden regions: 2->0(2)
[2024-10-12T11:24:01.977+0800][info] GC(173) Survivor regions: 1->1(1)
[2024-10-12T11:24:01.977+0800][info] GC(173) Old regions: 49->51
[2024-10-12T11:24:01.977+0800][info] GC(173) Archive regions: 2->2
[2024-10-12T11:24:01.977+0800][info] GC(173) Humongous regions: 3->3
[2024-10-12T11:24:01.977+0800][info] GC(173) Metaspace: 1614K(1792K)->1614K(1792K) NonClass: 1490K(1600K)->1490K(1600K) Class: 124K(192K)->124K(192K)
[2024-10-12T11:24:01.977+0800][info] GC(173) Pause Young (Concurrent Start) (G1 Evacuation Pause) 110M->110M(128M) 1.547ms
[2024-10-12T11:24:01.977+0800][info] GC(173) User=0.00s Sys=0.01s Real=0.00s
[2024-10-12T11:24:01.977+0800][info] GC(174) Concurrent Mark Cycle
[2024-10-12T11:24:01.977+0800][info] GC(174) Concurrent Clear Claimed Marks
[2024-10-12T11:24:01.977+0800][info] GC(174) Concurrent Clear Claimed Marks 0.021ms
[2024-10-12T11:24:01.977+0800][info] GC(174) Concurrent Scan Root Regions
[2024-10-12T11:24:01.977+0800][info] GC(174) Concurrent Scan Root Regions 0.118ms
[2024-10-12T11:24:01.977+0800][info] GC(174) Concurrent Mark
[2024-10-12T11:24:01.977+0800][info] GC(174) Concurrent Mark From Roots
[2024-10-12T11:24:01.977+0800][info] GC(174) Using 12 workers of 12 for marking
[2024-10-12T11:24:01.980+0800][info] GC(174) Concurrent Mark From Roots 3.362ms
[2024-10-12T11:24:01.980+0800][info] GC(174) Concurrent Preclean
[2024-10-12T11:24:01.982+0800][info] GC(174) Concurrent Preclean 1.706ms
[2024-10-12T11:24:01.982+0800][info] GC(174) Pause Remark
[2024-10-12T11:24:01.984+0800][info] GC(174) Pause Remark 110M->110M(128M) 1.507ms
[2024-10-12T11:24:01.984+0800][info] GC(174) User=0.00s Sys=0.00s Real=0.00s
[2024-10-12T11:24:01.984+0800][info] GC(174) Concurrent Mark 6.901ms
[2024-10-12T11:24:01.984+0800][info] GC(174) Concurrent Rebuild Remembered Sets
[2024-10-12T11:24:01.985+0800][info] GC(174) Concurrent Rebuild Remembered Sets 1.358ms
[2024-10-12T11:24:01.985+0800][info] GC(174) Pause Cleanup
[2024-10-12T11:24:01.986+0800][info] GC(174) Pause Cleanup 110M->110M(128M) 0.180ms
[2024-10-12T11:24:01.986+0800][info] GC(174) User=0.00s Sys=0.00s Real=0.00s
[2024-10-12T11:24:01.986+0800][info] GC(174) Concurrent Cleanup for Next Mark
[2024-10-12T11:24:01.986+0800][info] GC(174) Concurrent Cleanup for Next Mark 0.297ms
[2024-10-12T11:24:01.986+0800][info] GC(174) Concurrent Mark Cycle 9.221ms
[2024-10-12T11:24:02.130+0800][info] GC(175) Pause Young (Prepare Mixed) (G1 Evacuation Pause)
[2024-10-12T11:24:02.130+0800][info] GC(175) Using 3 workers of 48 for evacuation
[2024-10-12T11:24:02.132+0800][info] GC(175)   Pre Evacuate Collection Set: 0.1ms
[2024-10-12T11:24:02.132+0800][info] GC(175)   Merge Heap Roots: 0.1ms
[2024-10-12T11:24:02.132+0800][info] GC(175)   Evacuate Collection Set: 0.8ms
[2024-10-12T11:24:02.132+0800][info] GC(175)   Post Evacuate Collection Set: 0.2ms
[2024-10-12T11:24:02.132+0800][info] GC(175)   Other: 0.2ms
[2024-10-12T11:24:02.132+0800][info] GC(175) Eden regions: 2->0(2)
[2024-10-12T11:24:02.132+0800][info] GC(175) Survivor regions: 1->1(1)
[2024-10-12T11:24:02.132+0800][info] GC(175) Old regions: 51->52
[2024-10-12T11:24:02.132+0800][info] GC(175) Archive regions: 2->2
[2024-10-12T11:24:02.132+0800][info] GC(175) Humongous regions: 3->3
[2024-10-12T11:24:02.132+0800][info] GC(175) Metaspace: 1614K(1792K)->1614K(1792K) NonClass: 1490K(1600K)->1490K(1600K) Class: 124K(192K)->124K(192K)
[2024-10-12T11:24:02.132+0800][info] GC(175) Pause Young (Prepare Mixed) (G1 Evacuation Pause) 113M->113M(128M) 1.453ms
[2024-10-12T11:24:02.132+0800][info] GC(175) User=0.00s Sys=0.00s Real=0.00s
[2024-10-12T11:24:02.193+0800][info] GC(176) Pause Young (Mixed) (G1 Preventive Collection)
[2024-10-12T11:24:02.193+0800][info] GC(176) Using 3 workers of 48 for evacuation
[2024-10-12T11:24:02.195+0800][info] GC(176)   Pre Evacuate Collection Set: 0.2ms
[2024-10-12T11:24:02.195+0800][info] GC(176)   Merge Heap Roots: 0.1ms
[2024-10-12T11:24:02.195+0800][info] GC(176)   Evacuate Collection Set: 1.2ms
[2024-10-12T11:24:02.195+0800][info] GC(176)   Post Evacuate Collection Set: 0.2ms
[2024-10-12T11:24:02.195+0800][info] GC(176)   Other: 0.2ms
[2024-10-12T11:24:02.195+0800][info] GC(176) Eden regions: 1->0(2)
[2024-10-12T11:24:02.195+0800][info] GC(176) Survivor regions: 1->1(1)
[2024-10-12T11:24:02.195+0800][info] GC(176) Old regions: 52->49
[2024-10-12T11:24:02.195+0800][info] GC(176) Archive regions: 2->2
[2024-10-12T11:24:02.195+0800][info] GC(176) Humongous regions: 3->3
[2024-10-12T11:24:02.195+0800][info] GC(176) Metaspace: 1614K(1792K)->1614K(1792K) NonClass: 1490K(1600K)->1490K(1600K) Class: 124K(192K)->124K(192K)
[2024-10-12T11:24:02.195+0800][info] GC(176) Pause Young (Mixed) (G1 Preventive Collection) 115M->106M(128M) 1.933ms
[2024-10-12T11:24:02.195+0800][info] GC(176) User=0.01s Sys=0.00s Real=0.00s
[2024-10-12T11:24:02.298+0800][info] GC(177) Pause Young (Mixed) (G1 Preventive Collection)
[2024-10-12T11:24:02.298+0800][info] GC(177) Using 3 workers of 48 for evacuation
[2024-10-12T11:24:02.300+0800][info] GC(177)   Pre Evacuate Collection Set: 0.2ms
[2024-10-12T11:24:02.300+0800][info] GC(177)   Merge Heap Roots: 0.1ms
[2024-10-12T11:24:02.300+0800][info] GC(177)   Evacuate Collection Set: 1.7ms
[2024-10-12T11:24:02.300+0800][info] GC(177)   Post Evacuate Collection Set: 0.2ms
[2024-10-12T11:24:02.300+0800][info] GC(177)   Other: 0.1ms
[2024-10-12T11:24:02.300+0800][info] GC(177) Eden regions: 2->0(2)
[2024-10-12T11:24:02.300+0800][info] GC(177) Survivor regions: 1->1(1)
[2024-10-12T11:24:02.300+0800][info] GC(177) Old regions: 49->49
[2024-10-12T11:24:02.300+0800][info] GC(177) Archive regions: 2->2
[2024-10-12T11:24:02.300+0800][info] GC(177) Humongous regions: 3->3
[2024-10-12T11:24:02.300+0800][info] GC(177) Metaspace: 1617K(1792K)->1617K(1792K) NonClass: 1492K(1600K)->1492K(1600K) Class: 124K(192K)->124K(192K)
[2024-10-12T11:24:02.300+0800][info] GC(177) Pause Young (Mixed) (G1 Preventive Collection) 110M->106M(128M) 2.370ms
[2024-10-12T11:24:02.300+0800][info] GC(177) User=0.01s Sys=0.00s Real=0.00s
[2024-10-12T11:24:02.402+0800][info] GC(178) Pause Young (Mixed) (G1 Preventive Collection)
[2024-10-12T11:24:02.402+0800][info] GC(178) Using 3 workers of 48 for evacuation
[2024-10-12T11:24:02.405+0800][info] GC(178)   Pre Evacuate Collection Set: 0.2ms
[2024-10-12T11:24:02.405+0800][info] GC(178)   Merge Heap Roots: 0.1ms
[2024-10-12T11:24:02.405+0800][info] GC(178)   Evacuate Collection Set: 1.9ms
[2024-10-12T11:24:02.405+0800][info] GC(178)   Post Evacuate Collection Set: 0.2ms
[2024-10-12T11:24:02.405+0800][info] GC(178)   Other: 0.1ms
[2024-10-12T11:24:02.405+0800][info] GC(178) Eden regions: 2->0(2)
[2024-10-12T11:24:02.405+0800][info] GC(178) Survivor regions: 1->1(1)
[2024-10-12T11:24:02.405+0800][info] GC(178) Old regions: 49->48
[2024-10-12T11:24:02.405+0800][info] GC(178) Archive regions: 2->2
[2024-10-12T11:24:02.405+0800][info] GC(178) Humongous regions: 3->3
[2024-10-12T11:24:02.405+0800][info] GC(178) Metaspace: 1617K(1792K)->1617K(1792K) NonClass: 1492K(1600K)->1492K(1600K) Class: 124K(192K)->124K(192K)
[2024-10-12T11:24:02.405+0800][info] GC(178) Pause Young (Mixed) (G1 Preventive Collection) 110M->105M(128M) 2.593ms
[2024-10-12T11:24:02.405+0800][info] GC(178) User=0.00s Sys=0.00s Real=0.00s
[2024-10-12T11:24:02.507+0800][info] GC(179) Pause Young (Mixed) (G1 Preventive Collection)
[2024-10-12T11:24:02.507+0800][info] GC(179) Using 3 workers of 48 for evacuation
[2024-10-12T11:24:02.510+0800][info] GC(179)   Pre Evacuate Collection Set: 0.2ms
[2024-10-12T11:24:02.510+0800][info] GC(179)   Merge Heap Roots: 0.1ms
[2024-10-12T11:24:02.510+0800][info] GC(179)   Evacuate Collection Set: 2.0ms
[2024-10-12T11:24:02.510+0800][info] GC(179)   Post Evacuate Collection Set: 0.2ms
[2024-10-12T11:24:02.510+0800][info] GC(179)   Other: 0.2ms
[2024-10-12T11:24:02.510+0800][info] GC(179) Eden regions: 2->0(2)
[2024-10-12T11:24:02.510+0800][info] GC(179) Survivor regions: 1->1(1)
[2024-10-12T11:24:02.510+0800][info] GC(179) Old regions: 48->48
[2024-10-12T11:24:02.510+0800][info] GC(179) Archive regions: 2->2
[2024-10-12T11:24:02.510+0800][info] GC(179) Humongous regions: 3->3
[2024-10-12T11:24:02.510+0800][info] GC(179) Metaspace: 1617K(1792K)->1617K(1792K) NonClass: 1492K(1600K)->1492K(1600K) Class: 124K(192K)->124K(192K)
[2024-10-12T11:24:02.510+0800][info] GC(179) Pause Young (Mixed) (G1 Preventive Collection) 109M->105M(128M) 2.696ms
[2024-10-12T11:24:02.510+0800][info] GC(179) User=0.01s Sys=0.00s Real=0.00s
[2024-10-12T11:24:02.612+0800][info] GC(180) Pause Young (Mixed) (G1 Preventive Collection)
[2024-10-12T11:24:02.612+0800][info] GC(180) Using 3 workers of 48 for evacuation
[2024-10-12T11:24:02.615+0800][info] GC(180)   Pre Evacuate Collection Set: 0.2ms
[2024-10-12T11:24:02.615+0800][info] GC(180)   Merge Heap Roots: 0.1ms
[2024-10-12T11:24:02.615+0800][info] GC(180)   Evacuate Collection Set: 2.5ms
[2024-10-12T11:24:02.615+0800][info] GC(180)   Post Evacuate Collection Set: 0.2ms
[2024-10-12T11:24:02.615+0800][info] GC(180)   Other: 0.1ms
[2024-10-12T11:24:02.615+0800][info] GC(180) Eden regions: 2->0(2)
[2024-10-12T11:24:02.615+0800][info] GC(180) Survivor regions: 1->1(1)
[2024-10-12T11:24:02.615+0800][info] GC(180) Old regions: 48->48
[2024-10-12T11:24:02.615+0800][info] GC(180) Archive regions: 2->2
[2024-10-12T11:24:02.615+0800][info] GC(180) Humongous regions: 3->3
[2024-10-12T11:24:02.615+0800][info] GC(180) Metaspace: 1617K(1792K)->1617K(1792K) NonClass: 1492K(1600K)->1492K(1600K) Class: 124K(192K)->124K(192K)
[2024-10-12T11:24:02.615+0800][info] GC(180) Pause Young (Mixed) (G1 Preventive Collection) 108M->104M(128M) 3.234ms
[2024-10-12T11:24:02.615+0800][info] GC(180) User=0.01s Sys=0.00s Real=0.01s
[2024-10-12T11:24:02.718+0800][info] GC(181) Pause Young (Mixed) (G1 Preventive Collection)
[2024-10-12T11:24:02.718+0800][info] GC(181) Using 3 workers of 48 for evacuation
[2024-10-12T11:24:02.721+0800][info] GC(181)   Pre Evacuate Collection Set: 0.2ms
[2024-10-12T11:24:02.721+0800][info] GC(181)   Merge Heap Roots: 0.1ms
[2024-10-12T11:24:02.721+0800][info] GC(181)   Evacuate Collection Set: 2.3ms
[2024-10-12T11:24:02.721+0800][info] GC(181)   Post Evacuate Collection Set: 0.2ms
[2024-10-12T11:24:02.721+0800][info] GC(181)   Other: 0.1ms
[2024-10-12T11:24:02.721+0800][info] GC(181) Eden regions: 2->0(2)
[2024-10-12T11:24:02.721+0800][info] GC(181) Survivor regions: 1->1(1)
[2024-10-12T11:24:02.721+0800][info] GC(181) Old regions: 48->46
[2024-10-12T11:24:02.721+0800][info] GC(181) Archive regions: 2->2
[2024-10-12T11:24:02.721+0800][info] GC(181) Humongous regions: 3->3
[2024-10-12T11:24:02.721+0800][info] GC(181) Metaspace: 1617K(1792K)->1617K(1792K) NonClass: 1492K(1600K)->1492K(1600K) Class: 124K(192K)->124K(192K)
[2024-10-12T11:24:02.721+0800][info] GC(181) Pause Young (Mixed) (G1 Preventive Collection) 107M->101M(128M) 3.026ms
[2024-10-12T11:24:02.721+0800][info] GC(181) User=0.01s Sys=0.01s Real=0.00s
[2024-10-12T11:24:02.823+0800][info] GC(182) Pause Young (Mixed) (G1 Preventive Collection)
[2024-10-12T11:24:02.823+0800][info] GC(182) Using 3 workers of 48 for evacuation
[2024-10-12T11:24:02.826+0800][info] GC(182)   Pre Evacuate Collection Set: 0.2ms
[2024-10-12T11:24:02.826+0800][info] GC(182)   Merge Heap Roots: 0.1ms
[2024-10-12T11:24:02.826+0800][info] GC(182)   Evacuate Collection Set: 2.4ms
[2024-10-12T11:24:02.826+0800][info] GC(182)   Post Evacuate Collection Set: 0.2ms
[2024-10-12T11:24:02.826+0800][info] GC(182)   Other: 0.1ms
[2024-10-12T11:24:02.826+0800][info] GC(182) Eden regions: 2->0(2)
[2024-10-12T11:24:02.826+0800][info] GC(182) Survivor regions: 1->1(1)
[2024-10-12T11:24:02.826+0800][info] GC(182) Old regions: 46->47
[2024-10-12T11:24:02.826+0800][info] GC(182) Archive regions: 2->2
[2024-10-12T11:24:02.826+0800][info] GC(182) Humongous regions: 3->3
[2024-10-12T11:24:02.826+0800][info] GC(182) Metaspace: 1617K(1792K)->1617K(1792K) NonClass: 1492K(1600K)->1492K(1600K) Class: 124K(192K)->124K(192K)
[2024-10-12T11:24:02.826+0800][info] GC(182) Pause Young (Mixed) (G1 Preventive Collection) 105M->102M(128M) 3.123ms
[2024-10-12T11:24:02.826+0800][info] GC(182) User=0.01s Sys=0.00s Real=0.01s
[2024-10-12T11:24:02.929+0800][info] GC(183) Pause Young (Mixed) (G1 Evacuation Pause)
[2024-10-12T11:24:02.929+0800][info] GC(183) Using 3 workers of 48 for evacuation
[2024-10-12T11:24:02.932+0800][info] GC(183)   Pre Evacuate Collection Set: 0.2ms
[2024-10-12T11:24:02.932+0800][info] GC(183)   Merge Heap Roots: 0.1ms
[2024-10-12T11:24:02.932+0800][info] GC(183)   Evacuate Collection Set: 2.6ms
[2024-10-12T11:24:02.932+0800][info] GC(183)   Post Evacuate Collection Set: 0.2ms
[2024-10-12T11:24:02.932+0800][info] GC(183)   Other: 0.2ms
[2024-10-12T11:24:02.932+0800][info] GC(183) Eden regions: 2->0(2)
[2024-10-12T11:24:02.932+0800][info] GC(183) Survivor regions: 1->1(1)
[2024-10-12T11:24:02.932+0800][info] GC(183) Old regions: 47->48
[2024-10-12T11:24:02.932+0800][info] GC(183) Archive regions: 2->2
[2024-10-12T11:24:02.932+0800][info] GC(183) Humongous regions: 4->3
[2024-10-12T11:24:02.932+0800][info] GC(183) Metaspace: 1617K(1792K)->1617K(1792K) NonClass: 1492K(1600K)->1492K(1600K) Class: 124K(192K)->124K(192K)
[2024-10-12T11:24:02.932+0800][info] GC(183) Pause Young (Mixed) (G1 Evacuation Pause) 107M->104M(128M) 3.425ms
[2024-10-12T11:24:02.932+0800][info] GC(183) User=0.01s Sys=0.00s Real=0.00s
[2024-10-12T11:24:03.034+0800][info] GC(184) Pause Young (Normal) (G1 Evacuation Pause)
[2024-10-12T11:24:03.035+0800][info] GC(184) Using 3 workers of 48 for evacuation
[2024-10-12T11:24:03.036+0800][info] GC(184)   Pre Evacuate Collection Set: 0.1ms
[2024-10-12T11:24:03.036+0800][info] GC(184)   Merge Heap Roots: 0.0ms
[2024-10-12T11:24:03.036+0800][info] GC(184)   Evacuate Collection Set: 0.7ms
[2024-10-12T11:24:03.036+0800][info] GC(184)   Post Evacuate Collection Set: 0.2ms
[2024-10-12T11:24:03.036+0800][info] GC(184)   Other: 0.2ms
[2024-10-12T11:24:03.036+0800][info] GC(184) Eden regions: 2->0(2)
[2024-10-12T11:24:03.036+0800][info] GC(184) Survivor regions: 1->1(1)
[2024-10-12T11:24:03.036+0800][info] GC(184) Old regions: 48->50
[2024-10-12T11:24:03.036+0800][info] GC(184) Archive regions: 2->2
[2024-10-12T11:24:03.036+0800][info] GC(184) Humongous regions: 3->3
[2024-10-12T11:24:03.036+0800][info] GC(184) Metaspace: 1617K(1792K)->1617K(1792K) NonClass: 1492K(1600K)->1492K(1600K) Class: 124K(192K)->124K(192K)
[2024-10-12T11:24:03.036+0800][info] GC(184) Pause Young (Normal) (G1 Evacuation Pause) 108M->108M(128M) 1.289ms
[2024-10-12T11:24:03.036+0800][info] GC(184) User=0.00s Sys=0.00s Real=0.00s
[2024-10-12T11:24:03.138+0800][info] GC(185) Pause Young (Concurrent Start) (G1 Evacuation Pause)
[2024-10-12T11:24:03.138+0800][info] GC(185) Using 3 workers of 48 for evacuation
[2024-10-12T11:24:03.140+0800][info] GC(185)   Pre Evacuate Collection Set: 0.1ms
[2024-10-12T11:24:03.140+0800][info] GC(185)   Merge Heap Roots: 0.0ms
[2024-10-12T11:24:03.140+0800][info] GC(185)   Evacuate Collection Set: 0.8ms
[2024-10-12T11:24:03.140+0800][info] GC(185)   Post Evacuate Collection Set: 0.2ms
[2024-10-12T11:24:03.140+0800][info] GC(185)   Other: 0.3ms
[2024-10-12T11:24:03.140+0800][info] GC(185) Eden regions: 2->0(2)
[2024-10-12T11:24:03.140+0800][info] GC(185) Survivor regions: 1->1(1)
[2024-10-12T11:24:03.140+0800][info] GC(185) Old regions: 50->52
[2024-10-12T11:24:03.140+0800][info] GC(185) Archive regions: 2->2
[2024-10-12T11:24:03.140+0800][info] GC(185) Humongous regions: 3->3
[2024-10-12T11:24:03.140+0800][info] GC(185) Metaspace: 1617K(1792K)->1617K(1792K) NonClass: 1492K(1600K)->1492K(1600K) Class: 124K(192K)->124K(192K)
[2024-10-12T11:24:03.140+0800][info] GC(185) Pause Young (Concurrent Start) (G1 Evacuation Pause) 112M->112M(128M) 1.560ms
[2024-10-12T11:24:03.140+0800][info] GC(185) User=0.00s Sys=0.00s Real=0.00s
[2024-10-12T11:24:03.140+0800][info] GC(186) Concurrent Mark Cycle
[2024-10-12T11:24:03.140+0800][info] GC(186) Concurrent Clear Claimed Marks
[2024-10-12T11:24:03.140+0800][info] GC(186) Concurrent Clear Claimed Marks 0.016ms
[2024-10-12T11:24:03.140+0800][info] GC(186) Concurrent Scan Root Regions
[2024-10-12T11:24:03.140+0800][info] GC(186) Concurrent Scan Root Regions 0.155ms
[2024-10-12T11:24:03.140+0800][info] GC(186) Concurrent Mark
[2024-10-12T11:24:03.140+0800][info] GC(186) Concurrent Mark From Roots
[2024-10-12T11:24:03.140+0800][info] GC(186) Using 12 workers of 12 for marking
[2024-10-12T11:24:03.144+0800][info] GC(186) Concurrent Mark From Roots 3.428ms
[2024-10-12T11:24:03.144+0800][info] GC(186) Concurrent Preclean
[2024-10-12T11:24:03.146+0800][info] GC(186) Concurrent Preclean 1.913ms
[2024-10-12T11:24:03.146+0800][info] GC(186) Pause Remark
[2024-10-12T11:24:03.147+0800][info] GC(186) Pause Remark 113M->113M(128M) 1.517ms
[2024-10-12T11:24:03.147+0800][info] GC(186) User=0.00s Sys=0.00s Real=0.00s
[2024-10-12T11:24:03.148+0800][info] GC(186) Concurrent Mark 7.229ms
[2024-10-12T11:24:03.148+0800][info] GC(186) Concurrent Rebuild Remembered Sets
[2024-10-12T11:24:03.149+0800][info] GC(186) Concurrent Rebuild Remembered Sets 1.389ms
[2024-10-12T11:24:03.149+0800][info] GC(186) Pause Cleanup
[2024-10-12T11:24:03.149+0800][info] GC(186) Pause Cleanup 113M->113M(128M) 0.192ms
[2024-10-12T11:24:03.149+0800][info] GC(186) User=0.01s Sys=0.00s Real=0.00s
[2024-10-12T11:24:03.149+0800][info] GC(186) Concurrent Cleanup for Next Mark
[2024-10-12T11:24:03.150+0800][info] GC(186) Concurrent Cleanup for Next Mark 0.263ms
[2024-10-12T11:24:03.150+0800][info] GC(186) Concurrent Mark Cycle 9.604ms
[2024-10-12T11:24:03.293+0800][info] GC(187) Pause Young (Prepare Mixed) (G1 Preventive Collection)
[2024-10-12T11:24:03.293+0800][info] GC(187) Using 3 workers of 48 for evacuation
[2024-10-12T11:24:03.295+0800][info] GC(187)   Pre Evacuate Collection Set: 0.1ms
[2024-10-12T11:24:03.295+0800][info] GC(187)   Merge Heap Roots: 0.1ms
[2024-10-12T11:24:03.295+0800][info] GC(187)   Evacuate Collection Set: 0.9ms
[2024-10-12T11:24:03.295+0800][info] GC(187)   Post Evacuate Collection Set: 0.2ms
[2024-10-12T11:24:03.295+0800][info] GC(187)   Other: 0.2ms
[2024-10-12T11:24:03.295+0800][info] GC(187) Eden regions: 2->0(2)
[2024-10-12T11:24:03.295+0800][info] GC(187) Survivor regions: 1->1(1)
[2024-10-12T11:24:03.295+0800][info] GC(187) Old regions: 52->54
[2024-10-12T11:24:03.295+0800][info] GC(187) Archive regions: 2->2
[2024-10-12T11:24:03.295+0800][info] GC(187) Humongous regions: 3->3
[2024-10-12T11:24:03.295+0800][info] GC(187) Metaspace: 1622K(1792K)->1622K(1792K) NonClass: 1498K(1600K)->1498K(1600K) Class: 124K(192K)->124K(192K)
[2024-10-12T11:24:03.295+0800][info] GC(187) Pause Young (Prepare Mixed) (G1 Preventive Collection) 116M->117M(128M) 1.613ms
[2024-10-12T11:24:03.295+0800][info] GC(187) User=0.00s Sys=0.00s Real=0.00s
[2024-10-12T11:24:03.356+0800][info] GC(188) Pause Young (Mixed) (G1 Preventive Collection)
[2024-10-12T11:24:03.356+0800][info] GC(188) Using 3 workers of 48 for evacuation
[2024-10-12T11:24:03.358+0800][info] GC(188) To-space exhausted
[2024-10-12T11:24:03.358+0800][info] GC(188)   Pre Evacuate Collection Set: 0.2ms
[2024-10-12T11:24:03.358+0800][info] GC(188)   Merge Heap Roots: 0.1ms
[2024-10-12T11:24:03.358+0800][info] GC(188)   Evacuate Collection Set: 1.4ms
[2024-10-12T11:24:03.358+0800][info] GC(188)   Post Evacuate Collection Set: 0.3ms
[2024-10-12T11:24:03.358+0800][info] GC(188)   Other: 0.2ms
[2024-10-12T11:24:03.358+0800][info] GC(188) Eden regions: 1->0(2)
[2024-10-12T11:24:03.358+0800][info] GC(188) Survivor regions: 1->1(1)
[2024-10-12T11:24:03.358+0800][info] GC(188) Old regions: 54->56
[2024-10-12T11:24:03.358+0800][info] GC(188) Archive regions: 2->2
[2024-10-12T11:24:03.358+0800][info] GC(188) Humongous regions: 3->3
[2024-10-12T11:24:03.358+0800][info] GC(188) Metaspace: 1622K(1792K)->1622K(1792K) NonClass: 1498K(1600K)->1498K(1600K) Class: 124K(192K)->124K(192K)
[2024-10-12T11:24:03.358+0800][info] GC(188) Pause Young (Mixed) (G1 Preventive Collection) 118M->121M(128M) 2.245ms
[2024-10-12T11:24:03.358+0800][info] GC(188) User=0.01s Sys=0.00s Real=0.00s
[2024-10-12T11:24:03.400+0800][info] GC(189) Pause Young (Mixed) (G1 Preventive Collection)
[2024-10-12T11:24:03.400+0800][info] GC(189) Using 3 workers of 48 for evacuation
[2024-10-12T11:24:03.402+0800][info] GC(189) To-space exhausted
[2024-10-12T11:24:03.402+0800][info] GC(189)   Pre Evacuate Collection Set: 0.2ms
[2024-10-12T11:24:03.402+0800][info] GC(189)   Merge Heap Roots: 0.1ms
[2024-10-12T11:24:03.402+0800][info] GC(189)   Evacuate Collection Set: 0.9ms
[2024-10-12T11:24:03.402+0800][info] GC(189)   Post Evacuate Collection Set: 0.7ms
[2024-10-12T11:24:03.402+0800][info] GC(189)   Other: 0.2ms
[2024-10-12T11:24:03.402+0800][info] GC(189) Eden regions: 1->0(2)
[2024-10-12T11:24:03.402+0800][info] GC(189) Survivor regions: 1->1(1)
[2024-10-12T11:24:03.402+0800][info] GC(189) Old regions: 56->57
[2024-10-12T11:24:03.402+0800][info] GC(189) Archive regions: 2->2
[2024-10-12T11:24:03.402+0800][info] GC(189) Humongous regions: 3->3
[2024-10-12T11:24:03.402+0800][info] GC(189) Metaspace: 1622K(1792K)->1622K(1792K) NonClass: 1498K(1600K)->1498K(1600K) Class: 124K(192K)->124K(192K)
[2024-10-12T11:24:03.402+0800][info] GC(189) Pause Young (Mixed) (G1 Preventive Collection) 123M->123M(128M) 2.072ms
[2024-10-12T11:24:03.402+0800][info] GC(189) User=0.00s Sys=0.00s Real=0.00s
[2024-10-12T11:24:03.463+0800][info] GC(190) Pause Young (Mixed) (G1 Evacuation Pause)
[2024-10-12T11:24:03.463+0800][info] GC(190) Using 3 workers of 48 for evacuation
[2024-10-12T11:24:03.465+0800][info] GC(190) To-space exhausted
[2024-10-12T11:24:03.465+0800][info] GC(190)   Pre Evacuate Collection Set: 0.2ms
[2024-10-12T11:24:03.465+0800][info] GC(190)   Merge Heap Roots: 0.1ms
[2024-10-12T11:24:03.465+0800][info] GC(190)   Evacuate Collection Set: 1.0ms
[2024-10-12T11:24:03.465+0800][info] GC(190)   Post Evacuate Collection Set: 0.5ms
[2024-10-12T11:24:03.465+0800][info] GC(190)   Other: 0.2ms
[2024-10-12T11:24:03.465+0800][info] GC(190) Eden regions: 1->0(3)
[2024-10-12T11:24:03.465+0800][info] GC(190) Survivor regions: 1->0(0)
[2024-10-12T11:24:03.465+0800][info] GC(190) Old regions: 57->59
[2024-10-12T11:24:03.465+0800][info] GC(190) Archive regions: 2->2
[2024-10-12T11:24:03.465+0800][info] GC(190) Humongous regions: 3->3
[2024-10-12T11:24:03.465+0800][info] GC(190) Metaspace: 1622K(1792K)->1622K(1792K) NonClass: 1498K(1600K)->1498K(1600K) Class: 124K(192K)->124K(192K)
[2024-10-12T11:24:03.465+0800][info] GC(190) Pause Young (Mixed) (G1 Evacuation Pause) 125M->125M(128M) 1.995ms
[2024-10-12T11:24:03.465+0800][info] GC(190) User=0.01s Sys=0.00s Real=0.01s
[2024-10-12T11:24:03.465+0800][info] Attempting full compaction
[2024-10-12T11:24:03.465+0800][info] GC(191) Using 3 workers of 48 for full compaction
[2024-10-12T11:24:03.466+0800][info] GC(191) Pause Full (G1 Compaction Pause)
[2024-10-12T11:24:03.466+0800][info] GC(191) Phase 1: Mark live objects
[2024-10-12T11:24:03.469+0800][info] GC(191) Phase 1: Mark live objects 3.318ms
[2024-10-12T11:24:03.469+0800][info] GC(191) Phase 2: Prepare for compaction
[2024-10-12T11:24:03.470+0800][info] GC(191) Phase 2: Prepare for compaction 0.714ms
[2024-10-12T11:24:03.470+0800][info] GC(191) Phase 3: Adjust pointers
[2024-10-12T11:24:03.471+0800][info] GC(191) Phase 3: Adjust pointers 1.472ms
[2024-10-12T11:24:03.471+0800][info] GC(191) Phase 4: Compact heap
[2024-10-12T11:24:03.482+0800][info] GC(191) Phase 4: Compact heap 10.224ms
[2024-10-12T11:24:03.483+0800][info] GC(191) Eden regions: 0->0(4)
[2024-10-12T11:24:03.483+0800][info] GC(191) Survivor regions: 0->0(0)
[2024-10-12T11:24:03.483+0800][info] GC(191) Old regions: 59->38
[2024-10-12T11:24:03.483+0800][info] GC(191) Archive regions: 2->2
[2024-10-12T11:24:03.483+0800][info] GC(191) Humongous regions: 3->3
[2024-10-12T11:24:03.483+0800][info] GC(191) Metaspace: 1622K(1792K)->1622K(1792K) NonClass: 1498K(1600K)->1498K(1600K) Class: 124K(192K)->124K(192K)
[2024-10-12T11:24:03.483+0800][info] GC(191) Pause Full (G1 Compaction Pause) 125M->72M(128M) 17.545ms
[2024-10-12T11:24:03.483+0800][info] GC(191) User=0.04s Sys=0.00s Real=0.01s
[2024-10-12T11:24:03.688+0800][info] GC(192) Pause Young (Normal) (G1 Evacuation Pause)
[2024-10-12T11:24:03.688+0800][info] GC(192) Using 3 workers of 48 for evacuation
[2024-10-12T11:24:03.690+0800][info] GC(192)   Pre Evacuate Collection Set: 0.1ms
[2024-10-12T11:24:03.690+0800][info] GC(192)   Merge Heap Roots: 0.0ms
[2024-10-12T11:24:03.690+0800][info] GC(192)   Evacuate Collection Set: 1.2ms
[2024-10-12T11:24:03.690+0800][info] GC(192)   Post Evacuate Collection Set: 0.2ms
[2024-10-12T11:24:03.690+0800][info] GC(192)   Other: 0.2ms
[2024-10-12T11:24:03.690+0800][info] GC(192) Eden regions: 4->0(2)
[2024-10-12T11:24:03.690+0800][info] GC(192) Survivor regions: 0->1(1)
[2024-10-12T11:24:03.690+0800][info] GC(192) Old regions: 38->41
[2024-10-12T11:24:03.690+0800][info] GC(192) Archive regions: 2->2
[2024-10-12T11:24:03.690+0800][info] GC(192) Humongous regions: 3->3
[2024-10-12T11:24:03.690+0800][info] GC(192) Metaspace: 1622K(1792K)->1622K(1792K) NonClass: 1498K(1600K)->1498K(1600K) Class: 124K(192K)->124K(192K)
[2024-10-12T11:24:03.690+0800][info] GC(192) Pause Young (Normal) (G1 Evacuation Pause) 80M->80M(128M) 1.891ms
[2024-10-12T11:24:03.690+0800][info] GC(192) User=0.01s Sys=0.00s Real=0.00s
[2024-10-12T11:24:03.792+0800][info] GC(193) Pause Young (Normal) (G1 Evacuation Pause)
[2024-10-12T11:24:03.792+0800][info] GC(193) Using 3 workers of 48 for evacuation
[2024-10-12T11:24:03.793+0800][info] GC(193)   Pre Evacuate Collection Set: 0.1ms
[2024-10-12T11:24:03.793+0800][info] GC(193)   Merge Heap Roots: 0.0ms
[2024-10-12T11:24:03.793+0800][info] GC(193)   Evacuate Collection Set: 0.7ms
[2024-10-12T11:24:03.793+0800][info] GC(193)   Post Evacuate Collection Set: 0.2ms
[2024-10-12T11:24:03.793+0800][info] GC(193)   Other: 0.2ms
[2024-10-12T11:24:03.793+0800][info] GC(193) Eden regions: 2->0(2)
[2024-10-12T11:24:03.793+0800][info] GC(193) Survivor regions: 1->1(1)
[2024-10-12T11:24:03.793+0800][info] GC(193) Old regions: 41->43
[2024-10-12T11:24:03.793+0800][info] GC(193) Archive regions: 2->2
[2024-10-12T11:24:03.793+0800][info] GC(193) Humongous regions: 3->3
[2024-10-12T11:24:03.793+0800][info] GC(193) Metaspace: 1622K(1792K)->1622K(1792K) NonClass: 1498K(1600K)->1498K(1600K) Class: 124K(192K)->124K(192K)
[2024-10-12T11:24:03.793+0800][info] GC(193) Pause Young (Normal) (G1 Evacuation Pause) 83M->84M(128M) 1.349ms
[2024-10-12T11:24:03.793+0800][info] GC(193) User=0.00s Sys=0.00s Real=0.01s
[2024-10-12T11:24:03.896+0800][info] GC(194) Pause Young (Normal) (G1 Evacuation Pause)
[2024-10-12T11:24:03.896+0800][info] GC(194) Using 3 workers of 48 for evacuation
[2024-10-12T11:24:03.897+0800][info] GC(194)   Pre Evacuate Collection Set: 0.1ms
[2024-10-12T11:24:03.897+0800][info] GC(194)   Merge Heap Roots: 0.0ms
[2024-10-12T11:24:03.897+0800][info] GC(194)   Evacuate Collection Set: 0.7ms
[2024-10-12T11:24:03.897+0800][info] GC(194)   Post Evacuate Collection Set: 0.2ms
[2024-10-12T11:24:03.897+0800][info] GC(194)   Other: 0.2ms
[2024-10-12T11:24:03.897+0800][info] GC(194) Eden regions: 2->0(2)
[2024-10-12T11:24:03.897+0800][info] GC(194) Survivor regions: 1->1(1)
[2024-10-12T11:24:03.897+0800][info] GC(194) Old regions: 43->45
[2024-10-12T11:24:03.897+0800][info] GC(194) Archive regions: 2->2
[2024-10-12T11:24:03.897+0800][info] GC(194) Humongous regions: 3->3
[2024-10-12T11:24:03.897+0800][info] GC(194) Metaspace: 1622K(1792K)->1622K(1792K) NonClass: 1498K(1600K)->1498K(1600K) Class: 124K(192K)->124K(192K)
[2024-10-12T11:24:03.897+0800][info] GC(194) Pause Young (Normal) (G1 Evacuation Pause) 87M->88M(128M) 1.354ms
[2024-10-12T11:24:03.897+0800][info] GC(194) User=0.00s Sys=0.01s Real=0.00s
[2024-10-12T11:24:03.999+0800][info] GC(195) Pause Young (Normal) (G1 Evacuation Pause)
[2024-10-12T11:24:03.999+0800][info] GC(195) Using 3 workers of 48 for evacuation
[2024-10-12T11:24:04.000+0800][info] GC(195)   Pre Evacuate Collection Set: 0.1ms
[2024-10-12T11:24:04.000+0800][info] GC(195)   Merge Heap Roots: 0.0ms
[2024-10-12T11:24:04.000+0800][info] GC(195)   Evacuate Collection Set: 0.7ms
[2024-10-12T11:24:04.000+0800][info] GC(195)   Post Evacuate Collection Set: 0.2ms
[2024-10-12T11:24:04.000+0800][info] GC(195)   Other: 0.2ms
[2024-10-12T11:24:04.000+0800][info] GC(195) Eden regions: 2->0(2)
[2024-10-12T11:24:04.000+0800][info] GC(195) Survivor regions: 1->1(1)
[2024-10-12T11:24:04.000+0800][info] GC(195) Old regions: 45->47
[2024-10-12T11:24:04.000+0800][info] GC(195) Archive regions: 2->2
[2024-10-12T11:24:04.000+0800][info] GC(195) Humongous regions: 3->3
[2024-10-12T11:24:04.000+0800][info] GC(195) Metaspace: 1622K(1792K)->1622K(1792K) NonClass: 1498K(1600K)->1498K(1600K) Class: 124K(192K)->124K(192K)
[2024-10-12T11:24:04.000+0800][info] GC(195) Pause Young (Normal) (G1 Evacuation Pause) 91M->92M(128M) 1.374ms
[2024-10-12T11:24:04.000+0800][info] GC(195) User=0.00s Sys=0.00s Real=0.00s
[2024-10-12T11:24:04.103+0800][info] GC(196) Pause Young (Concurrent Start) (G1 Evacuation Pause)
[2024-10-12T11:24:04.103+0800][info] GC(196) Using 3 workers of 48 for evacuation
[2024-10-12T11:24:04.104+0800][info] GC(196)   Pre Evacuate Collection Set: 0.1ms
[2024-10-12T11:24:04.104+0800][info] GC(196)   Merge Heap Roots: 0.0ms
[2024-10-12T11:24:04.104+0800][info] GC(196)   Evacuate Collection Set: 0.9ms
[2024-10-12T11:24:04.104+0800][info] GC(196)   Post Evacuate Collection Set: 0.2ms
[2024-10-12T11:24:04.104+0800][info] GC(196)   Other: 0.3ms
[2024-10-12T11:24:04.104+0800][info] GC(196) Eden regions: 2->0(2)
[2024-10-12T11:24:04.104+0800][info] GC(196) Survivor regions: 1->1(1)
[2024-10-12T11:24:04.104+0800][info] GC(196) Old regions: 47->49
[2024-10-12T11:24:04.104+0800][info] GC(196) Archive regions: 2->2
[2024-10-12T11:24:04.104+0800][info] GC(196) Humongous regions: 3->3
[2024-10-12T11:24:04.104+0800][info] GC(196) Metaspace: 1622K(1792K)->1622K(1792K) NonClass: 1498K(1600K)->1498K(1600K) Class: 124K(192K)->124K(192K)
[2024-10-12T11:24:04.104+0800][info] GC(196) Pause Young (Concurrent Start) (G1 Evacuation Pause) 95M->95M(128M) 1.628ms
[2024-10-12T11:24:04.104+0800][info] GC(196) User=0.00s Sys=0.00s Real=0.00s
[2024-10-12T11:24:04.104+0800][info] GC(197) Concurrent Mark Cycle
[2024-10-12T11:24:04.105+0800][info] GC(197) Concurrent Clear Claimed Marks
[2024-10-12T11:24:04.105+0800][info] GC(197) Concurrent Clear Claimed Marks 0.020ms
[2024-10-12T11:24:04.105+0800][info] GC(197) Concurrent Scan Root Regions
[2024-10-12T11:24:04.105+0800][info] GC(197) Concurrent Scan Root Regions 0.169ms
[2024-10-12T11:24:04.105+0800][info] GC(197) Concurrent Mark
[2024-10-12T11:24:04.105+0800][info] GC(197) Concurrent Mark From Roots
[2024-10-12T11:24:04.105+0800][info] GC(197) Using 12 workers of 12 for marking
[2024-10-12T11:24:04.108+0800][info] GC(197) Concurrent Mark From Roots 3.523ms
[2024-10-12T11:24:04.108+0800][info] GC(197) Concurrent Preclean
[2024-10-12T11:24:04.110+0800][info] GC(197) Concurrent Preclean 1.720ms
[2024-10-12T11:24:04.110+0800][info] GC(197) Pause Remark
[2024-10-12T11:24:04.112+0800][info] GC(197) Pause Remark 96M->96M(128M) 1.528ms
[2024-10-12T11:24:04.112+0800][info] GC(197) User=0.00s Sys=0.00s Real=0.00s
[2024-10-12T11:24:04.112+0800][info] GC(197) Concurrent Mark 7.105ms
[2024-10-12T11:24:04.112+0800][info] GC(197) Concurrent Rebuild Remembered Sets
[2024-10-12T11:24:04.113+0800][info] GC(197) Concurrent Rebuild Remembered Sets 1.421ms
[2024-10-12T11:24:04.113+0800][info] GC(197) Pause Cleanup
[2024-10-12T11:24:04.114+0800][info] GC(197) Pause Cleanup 96M->96M(128M) 0.193ms
[2024-10-12T11:24:04.114+0800][info] GC(197) User=0.00s Sys=0.00s Real=0.00s
[2024-10-12T11:24:04.114+0800][info] GC(197) Concurrent Cleanup for Next Mark
[2024-10-12T11:24:04.114+0800][info] GC(197) Concurrent Cleanup for Next Mark 0.417ms
[2024-10-12T11:24:04.114+0800][info] GC(197) Concurrent Mark Cycle 9.702ms
[2024-10-12T11:24:04.257+0800][info] GC(198) Pause Young (Prepare Mixed) (G1 Evacuation Pause)
[2024-10-12T11:24:04.257+0800][info] GC(198) Using 3 workers of 48 for evacuation
[2024-10-12T11:24:04.259+0800][info] GC(198)   Pre Evacuate Collection Set: 0.1ms
[2024-10-12T11:24:04.259+0800][info] GC(198)   Merge Heap Roots: 0.1ms
[2024-10-12T11:24:04.259+0800][info] GC(198)   Evacuate Collection Set: 0.8ms
[2024-10-12T11:24:04.259+0800][info] GC(198)   Post Evacuate Collection Set: 0.2ms
[2024-10-12T11:24:04.259+0800][info] GC(198)   Other: 0.2ms
[2024-10-12T11:24:04.259+0800][info] GC(198) Eden regions: 2->0(2)
[2024-10-12T11:24:04.259+0800][info] GC(198) Survivor regions: 1->1(1)
[2024-10-12T11:24:04.259+0800][info] GC(198) Old regions: 49->51
[2024-10-12T11:24:04.259+0800][info] GC(198) Archive regions: 2->2
[2024-10-12T11:24:04.259+0800][info] GC(198) Humongous regions: 3->3
[2024-10-12T11:24:04.259+0800][info] GC(198) Metaspace: 1622K(1792K)->1622K(1792K) NonClass: 1498K(1600K)->1498K(1600K) Class: 124K(192K)->124K(192K)
[2024-10-12T11:24:04.259+0800][info] GC(198) Pause Young (Prepare Mixed) (G1 Evacuation Pause) 99M->100M(128M) 1.484ms
[2024-10-12T11:24:04.259+0800][info] GC(198) User=0.01s Sys=0.00s Real=0.00s
[2024-10-12T11:24:04.362+0800][info] GC(199) Pause Young (Mixed) (G1 Preventive Collection)
[2024-10-12T11:24:04.362+0800][info] GC(199) Using 3 workers of 48 for evacuation
[2024-10-12T11:24:04.364+0800][info] GC(199)   Pre Evacuate Collection Set: 0.2ms
[2024-10-12T11:24:04.364+0800][info] GC(199)   Merge Heap Roots: 0.1ms
[2024-10-12T11:24:04.364+0800][info] GC(199)   Evacuate Collection Set: 1.5ms
[2024-10-12T11:24:04.364+0800][info] GC(199)   Post Evacuate Collection Set: 0.2ms
[2024-10-12T11:24:04.364+0800][info] GC(199)   Other: 0.2ms
[2024-10-12T11:24:04.364+0800][info] GC(199) Eden regions: 2->0(2)
[2024-10-12T11:24:04.364+0800][info] GC(199) Survivor regions: 1->1(1)
[2024-10-12T11:24:04.364+0800][info] GC(199) Old regions: 51->49
[2024-10-12T11:24:04.364+0800][info] GC(199) Archive regions: 2->2
[2024-10-12T11:24:04.364+0800][info] GC(199) Humongous regions: 3->3
[2024-10-12T11:24:04.364+0800][info] GC(199) Metaspace: 1622K(1792K)->1622K(1792K) NonClass: 1498K(1600K)->1498K(1600K) Class: 124K(192K)->124K(192K)
[2024-10-12T11:24:04.364+0800][info] GC(199) Pause Young (Mixed) (G1 Preventive Collection) 103M->96M(128M) 2.234ms
[2024-10-12T11:24:04.364+0800][info] GC(199) User=0.00s Sys=0.00s Real=0.00s
[2024-10-12T11:24:04.466+0800][info] GC(200) Pause Young (Mixed) (G1 Preventive Collection)
[2024-10-12T11:24:04.466+0800][info] GC(200) Using 3 workers of 48 for evacuation
[2024-10-12T11:24:04.468+0800][info] GC(200)   Pre Evacuate Collection Set: 0.2ms
[2024-10-12T11:24:04.468+0800][info] GC(200)   Merge Heap Roots: 0.1ms
[2024-10-12T11:24:04.468+0800][info] GC(200)   Evacuate Collection Set: 1.9ms
[2024-10-12T11:24:04.468+0800][info] GC(200)   Post Evacuate Collection Set: 0.2ms
[2024-10-12T11:24:04.468+0800][info] GC(200)   Other: 0.1ms
[2024-10-12T11:24:04.468+0800][info] GC(200) Eden regions: 2->0(2)
[2024-10-12T11:24:04.468+0800][info] GC(200) Survivor regions: 1->1(1)
[2024-10-12T11:24:04.468+0800][info] GC(200) Old regions: 49->48
[2024-10-12T11:24:04.468+0800][info] GC(200) Archive regions: 2->2
[2024-10-12T11:24:04.468+0800][info] GC(200) Humongous regions: 3->3
[2024-10-12T11:24:04.468+0800][info] GC(200) Metaspace: 1622K(1792K)->1622K(1792K) NonClass: 1498K(1600K)->1498K(1600K) Class: 124K(192K)->124K(192K)
[2024-10-12T11:24:04.468+0800][info] GC(200) Pause Young (Mixed) (G1 Preventive Collection) 100M->96M(128M) 2.520ms
[2024-10-12T11:24:04.468+0800][info] GC(200) User=0.01s Sys=0.00s Real=0.00s
[2024-10-12T11:24:04.571+0800][info] GC(201) Pause Young (Mixed) (G1 Preventive Collection)
[2024-10-12T11:24:04.571+0800][info] GC(201) Using 3 workers of 48 for evacuation
[2024-10-12T11:24:04.573+0800][info] GC(201)   Pre Evacuate Collection Set: 0.2ms
[2024-10-12T11:24:04.573+0800][info] GC(201)   Merge Heap Roots: 0.1ms
[2024-10-12T11:24:04.573+0800][info] GC(201)   Evacuate Collection Set: 2.0ms
[2024-10-12T11:24:04.573+0800][info] GC(201)   Post Evacuate Collection Set: 0.2ms
[2024-10-12T11:24:04.573+0800][info] GC(201)   Other: 0.1ms
[2024-10-12T11:24:04.573+0800][info] GC(201) Eden regions: 2->0(2)
[2024-10-12T11:24:04.573+0800][info] GC(201) Survivor regions: 1->1(1)
[2024-10-12T11:24:04.573+0800][info] GC(201) Old regions: 48->48
[2024-10-12T11:24:04.573+0800][info] GC(201) Archive regions: 2->2
[2024-10-12T11:24:04.573+0800][info] GC(201) Humongous regions: 3->3
[2024-10-12T11:24:04.573+0800][info] GC(201) Metaspace: 1622K(1792K)->1622K(1792K) NonClass: 1498K(1600K)->1498K(1600K) Class: 124K(192K)->124K(192K)
[2024-10-12T11:24:04.573+0800][info] GC(201) Pause Young (Mixed) (G1 Preventive Collection) 100M->97M(128M) 2.707ms
[2024-10-12T11:24:04.573+0800][info] GC(201) User=0.01s Sys=0.00s Real=0.01s
[2024-10-12T11:24:04.675+0800][info] GC(202) Pause Young (Mixed) (G1 Preventive Collection)
[2024-10-12T11:24:04.676+0800][info] GC(202) Using 3 workers of 48 for evacuation
[2024-10-12T11:24:04.678+0800][info] GC(202)   Pre Evacuate Collection Set: 0.2ms
[2024-10-12T11:24:04.678+0800][info] GC(202)   Merge Heap Roots: 0.1ms
[2024-10-12T11:24:04.678+0800][info] GC(202)   Evacuate Collection Set: 2.3ms
[2024-10-12T11:24:04.678+0800][info] GC(202)   Post Evacuate Collection Set: 0.2ms
[2024-10-12T11:24:04.678+0800][info] GC(202)   Other: 0.2ms
[2024-10-12T11:24:04.678+0800][info] GC(202) Eden regions: 2->0(2)
[2024-10-12T11:24:04.678+0800][info] GC(202) Survivor regions: 1->1(1)
[2024-10-12T11:24:04.679+0800][info] GC(202) Old regions: 48->48
[2024-10-12T11:24:04.679+0800][info] GC(202) Archive regions: 2->2
[2024-10-12T11:24:04.679+0800][info] GC(202) Humongous regions: 3->3
[2024-10-12T11:24:04.679+0800][info] GC(202) Metaspace: 1622K(1792K)->1622K(1792K) NonClass: 1498K(1600K)->1498K(1600K) Class: 124K(192K)->124K(192K)
[2024-10-12T11:24:04.679+0800][info] GC(202) Pause Young (Mixed) (G1 Preventive Collection) 100M->98M(128M) 3.079ms
[2024-10-12T11:24:04.679+0800][info] GC(202) User=0.01s Sys=0.00s Real=0.00s
[2024-10-12T11:24:04.781+0800][info] GC(203) Pause Young (Mixed) (G1 Preventive Collection)
[2024-10-12T11:24:04.781+0800][info] GC(203) Using 3 workers of 48 for evacuation
[2024-10-12T11:24:04.784+0800][info] GC(203)   Pre Evacuate Collection Set: 0.2ms
[2024-10-12T11:24:04.784+0800][info] GC(203)   Merge Heap Roots: 0.1ms
[2024-10-12T11:24:04.784+0800][info] GC(203)   Evacuate Collection Set: 2.2ms
[2024-10-12T11:24:04.784+0800][info] GC(203)   Post Evacuate Collection Set: 0.2ms
[2024-10-12T11:24:04.784+0800][info] GC(203)   Other: 0.1ms
[2024-10-12T11:24:04.784+0800][info] GC(203) Eden regions: 2->0(2)
[2024-10-12T11:24:04.784+0800][info] GC(203) Survivor regions: 1->1(1)
[2024-10-12T11:24:04.784+0800][info] GC(203) Old regions: 48->47
[2024-10-12T11:24:04.784+0800][info] GC(203) Archive regions: 2->2
[2024-10-12T11:24:04.784+0800][info] GC(203) Humongous regions: 3->3
[2024-10-12T11:24:04.784+0800][info] GC(203) Metaspace: 1622K(1792K)->1622K(1792K) NonClass: 1498K(1600K)->1498K(1600K) Class: 124K(192K)->124K(192K)
[2024-10-12T11:24:04.784+0800][info] GC(203) Pause Young (Mixed) (G1 Preventive Collection) 101M->98M(128M) 2.920ms
[2024-10-12T11:24:04.784+0800][info] GC(203) User=0.01s Sys=0.00s Real=0.00s
[2024-10-12T11:24:04.886+0800][info] GC(204) Pause Young (Mixed) (G1 Preventive Collection)
[2024-10-12T11:24:04.886+0800][info] GC(204) Using 3 workers of 48 for evacuation
[2024-10-12T11:24:04.889+0800][info] GC(204)   Pre Evacuate Collection Set: 0.2ms
[2024-10-12T11:24:04.889+0800][info] GC(204)   Merge Heap Roots: 0.1ms
[2024-10-12T11:24:04.889+0800][info] GC(204)   Evacuate Collection Set: 2.1ms
[2024-10-12T11:24:04.889+0800][info] GC(204)   Post Evacuate Collection Set: 0.2ms
[2024-10-12T11:24:04.889+0800][info] GC(204)   Other: 0.1ms
[2024-10-12T11:24:04.889+0800][info] GC(204) Eden regions: 2->0(2)
[2024-10-12T11:24:04.889+0800][info] GC(204) Survivor regions: 1->1(1)
[2024-10-12T11:24:04.889+0800][info] GC(204) Old regions: 47->48
[2024-10-12T11:24:04.889+0800][info] GC(204) Archive regions: 2->2
[2024-10-12T11:24:04.889+0800][info] GC(204) Humongous regions: 3->3
[2024-10-12T11:24:04.889+0800][info] GC(204) Metaspace: 1622K(1792K)->1622K(1792K) NonClass: 1498K(1600K)->1498K(1600K) Class: 124K(192K)->124K(192K)
[2024-10-12T11:24:04.889+0800][info] GC(204) Pause Young (Mixed) (G1 Preventive Collection) 102M->101M(128M) 2.770ms
[2024-10-12T11:24:04.889+0800][info] GC(204) User=0.00s Sys=0.00s Real=0.00s
[2024-10-12T11:24:04.991+0800][info] GC(205) Pause Young (Mixed) (G1 Preventive Collection)
[2024-10-12T11:24:04.991+0800][info] GC(205) Using 3 workers of 48 for evacuation
[2024-10-12T11:24:04.995+0800][info] GC(205)   Pre Evacuate Collection Set: 0.2ms
[2024-10-12T11:24:04.995+0800][info] GC(205)   Merge Heap Roots: 0.1ms
[2024-10-12T11:24:04.995+0800][info] GC(205)   Evacuate Collection Set: 2.9ms
[2024-10-12T11:24:04.995+0800][info] GC(205)   Post Evacuate Collection Set: 0.2ms
[2024-10-12T11:24:04.995+0800][info] GC(205)   Other: 0.1ms
[2024-10-12T11:24:04.995+0800][info] GC(205) Eden regions: 2->0(2)
[2024-10-12T11:24:04.995+0800][info] GC(205) Survivor regions: 1->1(1)
[2024-10-12T11:24:04.995+0800][info] GC(205) Old regions: 48->48
[2024-10-12T11:24:04.995+0800][info] GC(205) Archive regions: 2->2
[2024-10-12T11:24:04.995+0800][info] GC(205) Humongous regions: 3->3
[2024-10-12T11:24:04.995+0800][info] GC(205) Metaspace: 1622K(1792K)->1622K(1792K) NonClass: 1498K(1600K)->1498K(1600K) Class: 124K(192K)->124K(192K)
[2024-10-12T11:24:04.995+0800][info] GC(205) Pause Young (Mixed) (G1 Preventive Collection) 104M->104M(128M) 3.609ms
[2024-10-12T11:24:04.995+0800][info] GC(205) User=0.01s Sys=0.00s Real=0.01s
[2024-10-12T11:24:05.097+0800][info] GC(206) Pause Young (Normal) (G1 Evacuation Pause)
[2024-10-12T11:24:05.097+0800][info] GC(206) Using 3 workers of 48 for evacuation
[2024-10-12T11:24:05.099+0800][info] GC(206)   Pre Evacuate Collection Set: 0.1ms
[2024-10-12T11:24:05.099+0800][info] GC(206)   Merge Heap Roots: 0.0ms
[2024-10-12T11:24:05.099+0800][info] GC(206)   Evacuate Collection Set: 0.9ms
[2024-10-12T11:24:05.099+0800][info] GC(206)   Post Evacuate Collection Set: 0.2ms
[2024-10-12T11:24:05.099+0800][info] GC(206)   Other: 0.2ms
[2024-10-12T11:24:05.099+0800][info] GC(206) Eden regions: 2->0(2)
[2024-10-12T11:24:05.099+0800][info] GC(206) Survivor regions: 1->1(1)
[2024-10-12T11:24:05.099+0800][info] GC(206) Old regions: 48->50
[2024-10-12T11:24:05.099+0800][info] GC(206) Archive regions: 2->2
[2024-10-12T11:24:05.099+0800][info] GC(206) Humongous regions: 3->3
[2024-10-12T11:24:05.099+0800][info] GC(206) Metaspace: 1622K(1792K)->1622K(1792K) NonClass: 1498K(1600K)->1498K(1600K) Class: 124K(192K)->124K(192K)
[2024-10-12T11:24:05.099+0800][info] GC(206) Pause Young (Normal) (G1 Evacuation Pause) 107M->108M(128M) 1.549ms
[2024-10-12T11:24:05.099+0800][info] GC(206) User=0.00s Sys=0.00s Real=0.00s
[2024-10-12T11:24:05.099+0800][info] GC(207) Pause Young (Concurrent Start) (G1 Humongous Allocation)
[2024-10-12T11:24:05.099+0800][info] GC(207) Using 3 workers of 48 for evacuation
[2024-10-12T11:24:05.100+0800][info] GC(207)   Pre Evacuate Collection Set: 0.0ms
[2024-10-12T11:24:05.100+0800][info] GC(207)   Merge Heap Roots: 0.0ms
[2024-10-12T11:24:05.100+0800][info] GC(207)   Evacuate Collection Set: 0.4ms
[2024-10-12T11:24:05.100+0800][info] GC(207)   Post Evacuate Collection Set: 0.2ms
[2024-10-12T11:24:05.100+0800][info] GC(207)   Other: 0.3ms
[2024-10-12T11:24:05.100+0800][info] GC(207) Eden regions: 1->0(2)
[2024-10-12T11:24:05.100+0800][info] GC(207) Survivor regions: 1->1(1)
[2024-10-12T11:24:05.100+0800][info] GC(207) Old regions: 50->51
[2024-10-12T11:24:05.100+0800][info] GC(207) Archive regions: 2->2
[2024-10-12T11:24:05.100+0800][info] GC(207) Humongous regions: 3->3
[2024-10-12T11:24:05.100+0800][info] GC(207) Metaspace: 1622K(1792K)->1622K(1792K) NonClass: 1498K(1600K)->1498K(1600K) Class: 124K(192K)->124K(192K)
[2024-10-12T11:24:05.100+0800][info] GC(207) Pause Young (Concurrent Start) (G1 Humongous Allocation) 108M->108M(128M) 1.043ms
[2024-10-12T11:24:05.100+0800][info] GC(207) User=0.00s Sys=0.00s Real=0.00s
[2024-10-12T11:24:05.100+0800][info] GC(208) Concurrent Mark Cycle
[2024-10-12T11:24:05.100+0800][info] GC(208) Concurrent Clear Claimed Marks
[2024-10-12T11:24:05.100+0800][info] GC(208) Concurrent Clear Claimed Marks 0.019ms
[2024-10-12T11:24:05.100+0800][info] GC(208) Concurrent Scan Root Regions
[2024-10-12T11:24:05.100+0800][info] GC(208) Concurrent Scan Root Regions 0.168ms
[2024-10-12T11:24:05.100+0800][info] GC(208) Concurrent Mark
[2024-10-12T11:24:05.100+0800][info] GC(208) Concurrent Mark From Roots
[2024-10-12T11:24:05.100+0800][info] GC(208) Using 12 workers of 12 for marking
[2024-10-12T11:24:05.104+0800][info] GC(208) Concurrent Mark From Roots 3.770ms
[2024-10-12T11:24:05.104+0800][info] GC(208) Concurrent Preclean
[2024-10-12T11:24:05.106+0800][info] GC(208) Concurrent Preclean 1.707ms
[2024-10-12T11:24:05.106+0800][info] GC(208) Pause Remark
[2024-10-12T11:24:05.108+0800][info] GC(208) Pause Remark 110M->110M(128M) 1.483ms
[2024-10-12T11:24:05.108+0800][info] GC(208) User=0.00s Sys=0.00s Real=0.00s
[2024-10-12T11:24:05.108+0800][info] GC(208) Concurrent Mark 7.302ms
[2024-10-12T11:24:05.108+0800][info] GC(208) Concurrent Rebuild Remembered Sets
[2024-10-12T11:24:05.109+0800][info] GC(208) Concurrent Rebuild Remembered Sets 1.393ms
[2024-10-12T11:24:05.109+0800][info] GC(208) Pause Cleanup
[2024-10-12T11:24:05.110+0800][info] GC(208) Pause Cleanup 110M->110M(128M) 0.256ms
[2024-10-12T11:24:05.110+0800][info] GC(208) User=0.01s Sys=0.00s Real=0.00s
[2024-10-12T11:24:05.110+0800][info] GC(208) Concurrent Cleanup for Next Mark
[2024-10-12T11:24:05.110+0800][info] GC(208) Concurrent Cleanup for Next Mark 0.419ms
[2024-10-12T11:24:05.110+0800][info] GC(208) Concurrent Mark Cycle 9.935ms
[2024-10-12T11:24:05.274+0800][info] GC(209) Pause Young (Prepare Mixed) (G1 Evacuation Pause)
[2024-10-12T11:24:05.274+0800][info] GC(209) Using 3 workers of 48 for evacuation
[2024-10-12T11:24:05.276+0800][info] GC(209)   Pre Evacuate Collection Set: 0.1ms
[2024-10-12T11:24:05.276+0800][info] GC(209)   Merge Heap Roots: 0.1ms
[2024-10-12T11:24:05.276+0800][info] GC(209)   Evacuate Collection Set: 0.8ms
[2024-10-12T11:24:05.276+0800][info] GC(209)   Post Evacuate Collection Set: 0.2ms
[2024-10-12T11:24:05.276+0800][info] GC(209)   Other: 0.2ms
[2024-10-12T11:24:05.276+0800][info] GC(209) Eden regions: 2->0(2)
[2024-10-12T11:24:05.276+0800][info] GC(209) Survivor regions: 1->1(1)
[2024-10-12T11:24:05.276+0800][info] GC(209) Old regions: 51->52
[2024-10-12T11:24:05.276+0800][info] GC(209) Archive regions: 2->2
[2024-10-12T11:24:05.276+0800][info] GC(209) Humongous regions: 4->3
[2024-10-12T11:24:05.276+0800][info] GC(209) Metaspace: 1622K(1792K)->1622K(1792K) NonClass: 1498K(1600K)->1498K(1600K) Class: 124K(192K)->124K(192K)
[2024-10-12T11:24:05.276+0800][info] GC(209) Pause Young (Prepare Mixed) (G1 Evacuation Pause) 114M->112M(128M) 1.510ms
[2024-10-12T11:24:05.276+0800][info] GC(209) User=0.00s Sys=0.00s Real=0.00s
[2024-10-12T11:24:05.337+0800][info] GC(210) Pause Young (Mixed) (G1 Preventive Collection)
[2024-10-12T11:24:05.337+0800][info] GC(210) Using 3 workers of 48 for evacuation
[2024-10-12T11:24:05.339+0800][info] GC(210)   Pre Evacuate Collection Set: 0.2ms
[2024-10-12T11:24:05.339+0800][info] GC(210)   Merge Heap Roots: 0.1ms
[2024-10-12T11:24:05.339+0800][info] GC(210)   Evacuate Collection Set: 1.1ms
[2024-10-12T11:24:05.339+0800][info] GC(210)   Post Evacuate Collection Set: 0.2ms
[2024-10-12T11:24:05.339+0800][info] GC(210)   Other: 0.2ms
[2024-10-12T11:24:05.339+0800][info] GC(210) Eden regions: 1->0(2)
[2024-10-12T11:24:05.339+0800][info] GC(210) Survivor regions: 1->1(1)
[2024-10-12T11:24:05.339+0800][info] GC(210) Old regions: 52->49
[2024-10-12T11:24:05.339+0800][info] GC(210) Archive regions: 2->2
[2024-10-12T11:24:05.339+0800][info] GC(210) Humongous regions: 3->3
[2024-10-12T11:24:05.339+0800][info] GC(210) Metaspace: 1622K(1792K)->1622K(1792K) NonClass: 1498K(1600K)->1498K(1600K) Class: 124K(192K)->124K(192K)
[2024-10-12T11:24:05.339+0800][info] GC(210) Pause Young (Mixed) (G1 Preventive Collection) 114M->105M(128M) 1.839ms
[2024-10-12T11:24:05.339+0800][info] GC(210) User=0.01s Sys=0.00s Real=0.00s
[2024-10-12T11:24:05.442+0800][info] GC(211) Pause Young (Mixed) (G1 Preventive Collection)
[2024-10-12T11:24:05.442+0800][info] GC(211) Using 3 workers of 48 for evacuation
[2024-10-12T11:24:05.444+0800][info] GC(211)   Pre Evacuate Collection Set: 0.2ms
[2024-10-12T11:24:05.444+0800][info] GC(211)   Merge Heap Roots: 0.1ms
[2024-10-12T11:24:05.444+0800][info] GC(211)   Evacuate Collection Set: 1.9ms
[2024-10-12T11:24:05.444+0800][info] GC(211)   Post Evacuate Collection Set: 0.2ms
[2024-10-12T11:24:05.444+0800][info] GC(211)   Other: 0.1ms
[2024-10-12T11:24:05.444+0800][info] GC(211) Eden regions: 2->0(2)
[2024-10-12T11:24:05.444+0800][info] GC(211) Survivor regions: 1->1(1)
[2024-10-12T11:24:05.444+0800][info] GC(211) Old regions: 49->48
[2024-10-12T11:24:05.444+0800][info] GC(211) Archive regions: 2->2
[2024-10-12T11:24:05.444+0800][info] GC(211) Humongous regions: 3->3
[2024-10-12T11:24:05.444+0800][info] GC(211) Metaspace: 1622K(1792K)->1622K(1792K) NonClass: 1498K(1600K)->1498K(1600K) Class: 124K(192K)->124K(192K)
[2024-10-12T11:24:05.444+0800][info] GC(211) Pause Young (Mixed) (G1 Preventive Collection) 109M->104M(128M) 2.541ms
[2024-10-12T11:24:05.444+0800][info] GC(211) User=0.00s Sys=0.00s Real=0.00s
[2024-10-12T11:24:05.546+0800][info] GC(212) Pause Young (Mixed) (G1 Preventive Collection)
[2024-10-12T11:24:05.546+0800][info] GC(212) Using 3 workers of 48 for evacuation
[2024-10-12T11:24:05.549+0800][info] GC(212)   Pre Evacuate Collection Set: 0.2ms
[2024-10-12T11:24:05.549+0800][info] GC(212)   Merge Heap Roots: 0.1ms
[2024-10-12T11:24:05.549+0800][info] GC(212)   Evacuate Collection Set: 1.8ms
[2024-10-12T11:24:05.549+0800][info] GC(212)   Post Evacuate Collection Set: 0.2ms
[2024-10-12T11:24:05.549+0800][info] GC(212)   Other: 0.1ms
[2024-10-12T11:24:05.549+0800][info] GC(212) Eden regions: 2->0(2)
[2024-10-12T11:24:05.549+0800][info] GC(212) Survivor regions: 1->1(1)
[2024-10-12T11:24:05.549+0800][info] GC(212) Old regions: 48->48
[2024-10-12T11:24:05.549+0800][info] GC(212) Archive regions: 2->2
[2024-10-12T11:24:05.549+0800][info] GC(212) Humongous regions: 3->3
[2024-10-12T11:24:05.549+0800][info] GC(212) Metaspace: 1622K(1792K)->1622K(1792K) NonClass: 1498K(1600K)->1498K(1600K) Class: 124K(192K)->124K(192K)
[2024-10-12T11:24:05.549+0800][info] GC(212) Pause Young (Mixed) (G1 Preventive Collection) 108M->103M(128M) 2.519ms
[2024-10-12T11:24:05.549+0800][info] GC(212) User=0.01s Sys=0.00s Real=0.00s
[2024-10-12T11:24:05.651+0800][info] GC(213) Pause Young (Mixed) (G1 Preventive Collection)
[2024-10-12T11:24:05.651+0800][info] GC(213) Using 3 workers of 48 for evacuation
[2024-10-12T11:24:05.654+0800][info] GC(213)   Pre Evacuate Collection Set: 0.2ms
[2024-10-12T11:24:05.654+0800][info] GC(213)   Merge Heap Roots: 0.1ms
[2024-10-12T11:24:05.654+0800][info] GC(213)   Evacuate Collection Set: 2.1ms
[2024-10-12T11:24:05.654+0800][info] GC(213)   Post Evacuate Collection Set: 0.2ms
[2024-10-12T11:24:05.654+0800][info] GC(213)   Other: 0.1ms
[2024-10-12T11:24:05.654+0800][info] GC(213) Eden regions: 2->0(2)
[2024-10-12T11:24:05.654+0800][info] GC(213) Survivor regions: 1->1(1)
[2024-10-12T11:24:05.654+0800][info] GC(213) Old regions: 48->47
[2024-10-12T11:24:05.654+0800][info] GC(213) Archive regions: 2->2
[2024-10-12T11:24:05.654+0800][info] GC(213) Humongous regions: 3->3
[2024-10-12T11:24:05.654+0800][info] GC(213) Metaspace: 1622K(1792K)->1622K(1792K) NonClass: 1498K(1600K)->1498K(1600K) Class: 124K(192K)->124K(192K)
[2024-10-12T11:24:05.654+0800][info] GC(213) Pause Young (Mixed) (G1 Preventive Collection) 107M->101M(128M) 2.745ms
[2024-10-12T11:24:05.654+0800][info] GC(213) User=0.01s Sys=0.00s Real=0.01s
[2024-10-12T11:24:05.756+0800][info] GC(214) Pause Young (Mixed) (G1 Preventive Collection)
[2024-10-12T11:24:05.756+0800][info] GC(214) Using 3 workers of 48 for evacuation
[2024-10-12T11:24:05.759+0800][info] GC(214)   Pre Evacuate Collection Set: 0.2ms
[2024-10-12T11:24:05.759+0800][info] GC(214)   Merge Heap Roots: 0.1ms
[2024-10-12T11:24:05.759+0800][info] GC(214)   Evacuate Collection Set: 1.9ms
[2024-10-12T11:24:05.759+0800][info] GC(214)   Post Evacuate Collection Set: 0.2ms
[2024-10-12T11:24:05.759+0800][info] GC(214)   Other: 0.1ms
[2024-10-12T11:24:05.759+0800][info] GC(214) Eden regions: 2->0(2)
[2024-10-12T11:24:05.759+0800][info] GC(214) Survivor regions: 1->1(1)
[2024-10-12T11:24:05.759+0800][info] GC(214) Old regions: 47->47
[2024-10-12T11:24:05.759+0800][info] GC(214) Archive regions: 2->2
[2024-10-12T11:24:05.759+0800][info] GC(214) Humongous regions: 3->3
[2024-10-12T11:24:05.759+0800][info] GC(214) Metaspace: 1622K(1792K)->1622K(1792K) NonClass: 1498K(1600K)->1498K(1600K) Class: 124K(192K)->124K(192K)
[2024-10-12T11:24:05.759+0800][info] GC(214) Pause Young (Mixed) (G1 Preventive Collection) 105M->102M(128M) 2.606ms
[2024-10-12T11:24:05.759+0800][info] GC(214) User=0.01s Sys=0.00s Real=0.00s
[2024-10-12T11:24:05.862+0800][info] GC(215) Pause Young (Mixed) (G1 Preventive Collection)
[2024-10-12T11:24:05.862+0800][info] GC(215) Using 3 workers of 48 for evacuation
[2024-10-12T11:24:05.864+0800][info] GC(215)   Pre Evacuate Collection Set: 0.2ms
[2024-10-12T11:24:05.864+0800][info] GC(215)   Merge Heap Roots: 0.1ms
[2024-10-12T11:24:05.864+0800][info] GC(215)   Evacuate Collection Set: 2.0ms
[2024-10-12T11:24:05.864+0800][info] GC(215)   Post Evacuate Collection Set: 0.2ms
[2024-10-12T11:24:05.864+0800][info] GC(215)   Other: 0.1ms
[2024-10-12T11:24:05.864+0800][info] GC(215) Eden regions: 2->0(2)
[2024-10-12T11:24:05.864+0800][info] GC(215) Survivor regions: 1->1(1)
[2024-10-12T11:24:05.864+0800][info] GC(215) Old regions: 47->47
[2024-10-12T11:24:05.864+0800][info] GC(215) Archive regions: 2->2
[2024-10-12T11:24:05.864+0800][info] GC(215) Humongous regions: 3->3
[2024-10-12T11:24:05.864+0800][info] GC(215) Metaspace: 1622K(1792K)->1622K(1792K) NonClass: 1498K(1600K)->1498K(1600K) Class: 124K(192K)->124K(192K)
[2024-10-12T11:24:05.864+0800][info] GC(215) Pause Young (Mixed) (G1 Preventive Collection) 105M->102M(128M) 2.627ms
[2024-10-12T11:24:05.864+0800][info] GC(215) User=0.01s Sys=0.00s Real=0.00s
[2024-10-12T11:24:05.966+0800][info] GC(216) Pause Young (Mixed) (G1 Preventive Collection)
[2024-10-12T11:24:05.966+0800][info] GC(216) Using 3 workers of 48 for evacuation
[2024-10-12T11:24:05.969+0800][info] GC(216)   Pre Evacuate Collection Set: 0.2ms
[2024-10-12T11:24:05.969+0800][info] GC(216)   Merge Heap Roots: 0.1ms
[2024-10-12T11:24:05.969+0800][info] GC(216)   Evacuate Collection Set: 2.6ms
[2024-10-12T11:24:05.969+0800][info] GC(216)   Post Evacuate Collection Set: 0.2ms
[2024-10-12T11:24:05.969+0800][info] GC(216)   Other: 0.1ms
[2024-10-12T11:24:05.969+0800][info] GC(216) Eden regions: 2->0(2)
[2024-10-12T11:24:05.969+0800][info] GC(216) Survivor regions: 1->1(1)
[2024-10-12T11:24:05.969+0800][info] GC(216) Old regions: 47->47
[2024-10-12T11:24:05.969+0800][info] GC(216) Archive regions: 2->2
[2024-10-12T11:24:05.969+0800][info] GC(216) Humongous regions: 3->3
[2024-10-12T11:24:05.970+0800][info] GC(216) Metaspace: 1622K(1792K)->1622K(1792K) NonClass: 1498K(1600K)->1498K(1600K) Class: 124K(192K)->124K(192K)
[2024-10-12T11:24:05.970+0800][info] GC(216) Pause Young (Mixed) (G1 Preventive Collection) 105M->102M(128M) 3.312ms
[2024-10-12T11:24:05.970+0800][info] GC(216) User=0.00s Sys=0.01s Real=0.00s
[2024-10-12T11:24:06.072+0800][info] GC(217) Pause Young (Mixed) (G1 Evacuation Pause)
[2024-10-12T11:24:06.072+0800][info] GC(217) Using 3 workers of 48 for evacuation
[2024-10-12T11:24:06.074+0800][info] GC(217)   Pre Evacuate Collection Set: 0.2ms
[2024-10-12T11:24:06.074+0800][info] GC(217)   Merge Heap Roots: 0.1ms
[2024-10-12T11:24:06.074+0800][info] GC(217)   Evacuate Collection Set: 1.2ms
[2024-10-12T11:24:06.074+0800][info] GC(217)   Post Evacuate Collection Set: 0.2ms
[2024-10-12T11:24:06.074+0800][info] GC(217)   Other: 0.1ms
[2024-10-12T11:24:06.074+0800][info] GC(217) Eden regions: 2->0(2)
[2024-10-12T11:24:06.074+0800][info] GC(217) Survivor regions: 1->1(1)
[2024-10-12T11:24:06.074+0800][info] GC(217) Old regions: 47->49
[2024-10-12T11:24:06.074+0800][info] GC(217) Archive regions: 2->2
[2024-10-12T11:24:06.074+0800][info] GC(217) Humongous regions: 3->3
[2024-10-12T11:24:06.074+0800][info] GC(217) Metaspace: 1622K(1792K)->1622K(1792K) NonClass: 1498K(1600K)->1498K(1600K) Class: 124K(192K)->124K(192K)
[2024-10-12T11:24:06.074+0800][info] GC(217) Pause Young (Mixed) (G1 Evacuation Pause) 105M->106M(128M) 1.810ms
[2024-10-12T11:24:06.074+0800][info] GC(217) User=0.00s Sys=0.00s Real=0.01s
[2024-10-12T11:24:06.176+0800][info] GC(218) Pause Young (Normal) (G1 Evacuation Pause)
[2024-10-12T11:24:06.176+0800][info] GC(218) Using 3 workers of 48 for evacuation
[2024-10-12T11:24:06.177+0800][info] GC(218)   Pre Evacuate Collection Set: 0.1ms
[2024-10-12T11:24:06.177+0800][info] GC(218)   Merge Heap Roots: 0.0ms
[2024-10-12T11:24:06.177+0800][info] GC(218)   Evacuate Collection Set: 0.7ms
[2024-10-12T11:24:06.177+0800][info] GC(218)   Post Evacuate Collection Set: 0.2ms
[2024-10-12T11:24:06.177+0800][info] GC(218)   Other: 0.2ms
[2024-10-12T11:24:06.177+0800][info] GC(218) Eden regions: 2->0(2)
[2024-10-12T11:24:06.177+0800][info] GC(218) Survivor regions: 1->1(1)
[2024-10-12T11:24:06.177+0800][info] GC(218) Old regions: 49->51
[2024-10-12T11:24:06.177+0800][info] GC(218) Archive regions: 2->2
[2024-10-12T11:24:06.177+0800][info] GC(218) Humongous regions: 3->3
[2024-10-12T11:24:06.177+0800][info] GC(218) Metaspace: 1622K(1792K)->1622K(1792K) NonClass: 1498K(1600K)->1498K(1600K) Class: 124K(192K)->124K(192K)
[2024-10-12T11:24:06.177+0800][info] GC(218) Pause Young (Normal) (G1 Evacuation Pause) 109M->110M(128M) 1.334ms
[2024-10-12T11:24:06.177+0800][info] GC(218) User=0.01s Sys=0.00s Real=0.00s
[2024-10-12T11:24:06.280+0800][info] GC(219) Pause Young (Concurrent Start) (G1 Evacuation Pause)
[2024-10-12T11:24:06.280+0800][info] GC(219) Using 3 workers of 48 for evacuation
[2024-10-12T11:24:06.281+0800][info] GC(219)   Pre Evacuate Collection Set: 0.1ms
[2024-10-12T11:24:06.281+0800][info] GC(219)   Merge Heap Roots: 0.0ms
[2024-10-12T11:24:06.281+0800][info] GC(219)   Evacuate Collection Set: 0.9ms
[2024-10-12T11:24:06.281+0800][info] GC(219)   Post Evacuate Collection Set: 0.2ms
[2024-10-12T11:24:06.281+0800][info] GC(219)   Other: 0.3ms
[2024-10-12T11:24:06.281+0800][info] GC(219) Eden regions: 2->0(2)
[2024-10-12T11:24:06.281+0800][info] GC(219) Survivor regions: 1->1(1)
[2024-10-12T11:24:06.281+0800][info] GC(219) Old regions: 51->53
[2024-10-12T11:24:06.281+0800][info] GC(219) Archive regions: 2->2
[2024-10-12T11:24:06.281+0800][info] GC(219) Humongous regions: 3->3
[2024-10-12T11:24:06.281+0800][info] GC(219) Metaspace: 1622K(1792K)->1622K(1792K) NonClass: 1498K(1600K)->1498K(1600K) Class: 124K(192K)->124K(192K)
[2024-10-12T11:24:06.281+0800][info] GC(219) Pause Young (Concurrent Start) (G1 Evacuation Pause) 113M->114M(128M) 1.677ms
[2024-10-12T11:24:06.281+0800][info] GC(219) User=0.00s Sys=0.00s Real=0.00s
[2024-10-12T11:24:06.282+0800][info] GC(220) Concurrent Mark Cycle
[2024-10-12T11:24:06.282+0800][info] GC(220) Concurrent Clear Claimed Marks
[2024-10-12T11:24:06.282+0800][info] GC(220) Concurrent Clear Claimed Marks 0.017ms
[2024-10-12T11:24:06.282+0800][info] GC(220) Concurrent Scan Root Regions
[2024-10-12T11:24:06.282+0800][info] GC(220) Concurrent Scan Root Regions 0.157ms
[2024-10-12T11:24:06.282+0800][info] GC(220) Concurrent Mark
[2024-10-12T11:24:06.282+0800][info] GC(220) Concurrent Mark From Roots
[2024-10-12T11:24:06.282+0800][info] GC(220) Using 12 workers of 12 for marking
[2024-10-12T11:24:06.285+0800][info] GC(220) Concurrent Mark From Roots 3.366ms
[2024-10-12T11:24:06.285+0800][info] GC(220) Concurrent Preclean
[2024-10-12T11:24:06.287+0800][info] GC(220) Concurrent Preclean 1.686ms
[2024-10-12T11:24:06.287+0800][info] GC(220) Pause Remark
[2024-10-12T11:24:06.288+0800][info] GC(220) Pause Remark 115M->113M(128M) 1.424ms
[2024-10-12T11:24:06.288+0800][info] GC(220) User=0.00s Sys=0.00s Real=0.00s
[2024-10-12T11:24:06.288+0800][info] GC(220) Concurrent Mark 6.698ms
[2024-10-12T11:24:06.289+0800][info] GC(220) Concurrent Rebuild Remembered Sets
[2024-10-12T11:24:06.290+0800][info] GC(220) Concurrent Rebuild Remembered Sets 1.603ms
[2024-10-12T11:24:06.290+0800][info] GC(220) Pause Cleanup
[2024-10-12T11:24:06.291+0800][info] GC(220) Pause Cleanup 113M->113M(128M) 0.245ms
[2024-10-12T11:24:06.291+0800][info] GC(220) User=0.00s Sys=0.00s Real=0.00s
[2024-10-12T11:24:06.291+0800][info] GC(220) Concurrent Cleanup for Next Mark
[2024-10-12T11:24:06.291+0800][info] GC(220) Concurrent Cleanup for Next Mark 0.344ms
[2024-10-12T11:24:06.291+0800][info] GC(220) Concurrent Mark Cycle 9.420ms
[2024-10-12T11:24:06.435+0800][info] GC(221) Pause Young (Prepare Mixed) (G1 Preventive Collection)
[2024-10-12T11:24:06.435+0800][info] GC(221) Using 3 workers of 48 for evacuation
[2024-10-12T11:24:06.436+0800][info] GC(221)   Pre Evacuate Collection Set: 0.1ms
[2024-10-12T11:24:06.436+0800][info] GC(221)   Merge Heap Roots: 0.1ms
[2024-10-12T11:24:06.436+0800][info] GC(221)   Evacuate Collection Set: 0.8ms
[2024-10-12T11:24:06.436+0800][info] GC(221)   Post Evacuate Collection Set: 0.2ms
[2024-10-12T11:24:06.436+0800][info] GC(221)   Other: 0.2ms
[2024-10-12T11:24:06.436+0800][info] GC(221) Eden regions: 2->0(2)
[2024-10-12T11:24:06.436+0800][info] GC(221) Survivor regions: 1->1(1)
[2024-10-12T11:24:06.436+0800][info] GC(221) Old regions: 52->54
[2024-10-12T11:24:06.436+0800][info] GC(221) Archive regions: 2->2
[2024-10-12T11:24:06.436+0800][info] GC(221) Humongous regions: 3->3
[2024-10-12T11:24:06.436+0800][info] GC(221) Metaspace: 1622K(1792K)->1622K(1792K) NonClass: 1498K(1600K)->1498K(1600K) Class: 124K(192K)->124K(192K)
[2024-10-12T11:24:06.436+0800][info] GC(221) Pause Young (Prepare Mixed) (G1 Preventive Collection) 115M->116M(128M) 1.493ms
[2024-10-12T11:24:06.436+0800][info] GC(221) User=0.00s Sys=0.00s Real=0.00s
[2024-10-12T11:24:06.498+0800][info] GC(222) Pause Young (Mixed) (G1 Preventive Collection)
[2024-10-12T11:24:06.498+0800][info] GC(222) Using 3 workers of 48 for evacuation
[2024-10-12T11:24:06.499+0800][info] GC(222) To-space exhausted
[2024-10-12T11:24:06.499+0800][info] GC(222)   Pre Evacuate Collection Set: 0.2ms
[2024-10-12T11:24:06.499+0800][info] GC(222)   Merge Heap Roots: 0.1ms
[2024-10-12T11:24:06.499+0800][info] GC(222)   Evacuate Collection Set: 1.1ms
[2024-10-12T11:24:06.499+0800][info] GC(222)   Post Evacuate Collection Set: 0.2ms
[2024-10-12T11:24:06.500+0800][info] GC(222)   Other: 0.2ms
[2024-10-12T11:24:06.500+0800][info] GC(222) Eden regions: 1->0(2)
[2024-10-12T11:24:06.500+0800][info] GC(222) Survivor regions: 1->1(1)
[2024-10-12T11:24:06.500+0800][info] GC(222) Old regions: 54->51
[2024-10-12T11:24:06.500+0800][info] GC(222) Archive regions: 2->2
[2024-10-12T11:24:06.500+0800][info] GC(222) Humongous regions: 3->3
[2024-10-12T11:24:06.500+0800][info] GC(222) Metaspace: 1622K(1792K)->1622K(1792K) NonClass: 1498K(1600K)->1498K(1600K) Class: 124K(192K)->124K(192K)
[2024-10-12T11:24:06.500+0800][info] GC(222) Pause Young (Mixed) (G1 Preventive Collection) 118M->111M(128M) 1.839ms
[2024-10-12T11:24:06.500+0800][info] GC(222) User=0.00s Sys=0.00s Real=0.00s
[2024-10-12T11:24:06.541+0800][info] GC(223) Pause Young (Mixed) (G1 Preventive Collection)
[2024-10-12T11:24:06.541+0800][info] GC(223) Using 3 workers of 48 for evacuation
[2024-10-12T11:24:06.543+0800][info] GC(223)   Pre Evacuate Collection Set: 0.2ms
[2024-10-12T11:24:06.543+0800][info] GC(223)   Merge Heap Roots: 0.1ms
[2024-10-12T11:24:06.543+0800][info] GC(223)   Evacuate Collection Set: 1.5ms
[2024-10-12T11:24:06.543+0800][info] GC(223)   Post Evacuate Collection Set: 0.2ms
[2024-10-12T11:24:06.543+0800][info] GC(223)   Other: 0.1ms
[2024-10-12T11:24:06.543+0800][info] GC(223) Eden regions: 1->0(2)
[2024-10-12T11:24:06.543+0800][info] GC(223) Survivor regions: 1->1(1)
[2024-10-12T11:24:06.543+0800][info] GC(223) Old regions: 51->50
[2024-10-12T11:24:06.543+0800][info] GC(223) Archive regions: 2->2
[2024-10-12T11:24:06.543+0800][info] GC(223) Humongous regions: 3->3
[2024-10-12T11:24:06.543+0800][info] GC(223) Metaspace: 1622K(1792K)->1622K(1792K) NonClass: 1498K(1600K)->1498K(1600K) Class: 124K(192K)->124K(192K)
[2024-10-12T11:24:06.543+0800][info] GC(223) Pause Young (Mixed) (G1 Preventive Collection) 113M->107M(128M) 2.196ms
[2024-10-12T11:24:06.543+0800][info] GC(223) User=0.00s Sys=0.00s Real=0.00s
[2024-10-12T11:24:06.604+0800][info] GC(224) Pause Young (Mixed) (G1 Preventive Collection)
[2024-10-12T11:24:06.604+0800][info] GC(224) Using 3 workers of 48 for evacuation
[2024-10-12T11:24:06.606+0800][info] GC(224)   Pre Evacuate Collection Set: 0.2ms
[2024-10-12T11:24:06.606+0800][info] GC(224)   Merge Heap Roots: 0.1ms
[2024-10-12T11:24:06.606+0800][info] GC(224)   Evacuate Collection Set: 1.6ms
[2024-10-12T11:24:06.606+0800][info] GC(224)   Post Evacuate Collection Set: 0.2ms
[2024-10-12T11:24:06.606+0800][info] GC(224)   Other: 0.1ms
[2024-10-12T11:24:06.606+0800][info] GC(224) Eden regions: 1->0(2)
[2024-10-12T11:24:06.606+0800][info] GC(224) Survivor regions: 1->1(1)
[2024-10-12T11:24:06.606+0800][info] GC(224) Old regions: 50->47
[2024-10-12T11:24:06.606+0800][info] GC(224) Archive regions: 2->2
[2024-10-12T11:24:06.606+0800][info] GC(224) Humongous regions: 3->3
[2024-10-12T11:24:06.606+0800][info] GC(224) Metaspace: 1622K(1792K)->1622K(1792K) NonClass: 1498K(1600K)->1498K(1600K) Class: 124K(192K)->124K(192K)
[2024-10-12T11:24:06.606+0800][info] GC(224) Pause Young (Mixed) (G1 Preventive Collection) 109M->103M(128M) 2.301ms
[2024-10-12T11:24:06.606+0800][info] GC(224) User=0.00s Sys=0.00s Real=0.01s
[2024-10-12T11:24:06.709+0800][info] GC(225) Pause Young (Mixed) (G1 Preventive Collection)
[2024-10-12T11:24:06.709+0800][info] GC(225) Using 3 workers of 48 for evacuation
[2024-10-12T11:24:06.712+0800][info] GC(225)   Pre Evacuate Collection Set: 0.2ms
[2024-10-12T11:24:06.712+0800][info] GC(225)   Merge Heap Roots: 0.1ms
[2024-10-12T11:24:06.712+0800][info] GC(225)   Evacuate Collection Set: 1.9ms
[2024-10-12T11:24:06.712+0800][info] GC(225)   Post Evacuate Collection Set: 0.2ms
[2024-10-12T11:24:06.712+0800][info] GC(225)   Other: 0.1ms
[2024-10-12T11:24:06.712+0800][info] GC(225) Eden regions: 2->0(2)
[2024-10-12T11:24:06.712+0800][info] GC(225) Survivor regions: 1->1(1)
[2024-10-12T11:24:06.712+0800][info] GC(225) Old regions: 47->47
[2024-10-12T11:24:06.712+0800][info] GC(225) Archive regions: 2->2
[2024-10-12T11:24:06.712+0800][info] GC(225) Humongous regions: 3->3
[2024-10-12T11:24:06.712+0800][info] GC(225) Metaspace: 1622K(1792K)->1622K(1792K) NonClass: 1498K(1600K)->1498K(1600K) Class: 124K(192K)->124K(192K)
[2024-10-12T11:24:06.712+0800][info] GC(225) Pause Young (Mixed) (G1 Preventive Collection) 106M->102M(128M) 2.568ms
[2024-10-12T11:24:06.712+0800][info] GC(225) User=0.01s Sys=0.00s Real=0.00s
[2024-10-12T11:24:06.814+0800][info] GC(226) Pause Young (Mixed) (G1 Preventive Collection)
[2024-10-12T11:24:06.814+0800][info] GC(226) Using 3 workers of 48 for evacuation
[2024-10-12T11:24:06.817+0800][info] GC(226)   Pre Evacuate Collection Set: 0.2ms
[2024-10-12T11:24:06.817+0800][info] GC(226)   Merge Heap Roots: 0.1ms
[2024-10-12T11:24:06.817+0800][info] GC(226)   Evacuate Collection Set: 2.1ms
[2024-10-12T11:24:06.817+0800][info] GC(226)   Post Evacuate Collection Set: 0.2ms
[2024-10-12T11:24:06.817+0800][info] GC(226)   Other: 0.1ms
[2024-10-12T11:24:06.817+0800][info] GC(226) Eden regions: 2->0(2)
[2024-10-12T11:24:06.817+0800][info] GC(226) Survivor regions: 1->1(1)
[2024-10-12T11:24:06.817+0800][info] GC(226) Old regions: 47->47
[2024-10-12T11:24:06.817+0800][info] GC(226) Archive regions: 2->2
[2024-10-12T11:24:06.817+0800][info] GC(226) Humongous regions: 3->3
[2024-10-12T11:24:06.817+0800][info] GC(226) Metaspace: 1622K(1792K)->1622K(1792K) NonClass: 1498K(1600K)->1498K(1600K) Class: 124K(192K)->124K(192K)
[2024-10-12T11:24:06.817+0800][info] GC(226) Pause Young (Mixed) (G1 Preventive Collection) 106M->102M(128M) 2.773ms
[2024-10-12T11:24:06.817+0800][info] GC(226) User=0.00s Sys=0.00s Real=0.00s
[2024-10-12T11:24:06.919+0800][info] GC(227) Pause Young (Mixed) (G1 Preventive Collection)
[2024-10-12T11:24:06.919+0800][info] GC(227) Using 3 workers of 48 for evacuation
[2024-10-12T11:24:06.922+0800][info] GC(227)   Pre Evacuate Collection Set: 0.2ms
[2024-10-12T11:24:06.922+0800][info] GC(227)   Merge Heap Roots: 0.1ms
[2024-10-12T11:24:06.922+0800][info] GC(227)   Evacuate Collection Set: 2.2ms
[2024-10-12T11:24:06.922+0800][info] GC(227)   Post Evacuate Collection Set: 0.2ms
[2024-10-12T11:24:06.922+0800][info] GC(227)   Other: 0.1ms
[2024-10-12T11:24:06.922+0800][info] GC(227) Eden regions: 2->0(2)
[2024-10-12T11:24:06.922+0800][info] GC(227) Survivor regions: 1->1(1)
[2024-10-12T11:24:06.922+0800][info] GC(227) Old regions: 47->47
[2024-10-12T11:24:06.922+0800][info] GC(227) Archive regions: 2->2
[2024-10-12T11:24:06.922+0800][info] GC(227) Humongous regions: 3->3
[2024-10-12T11:24:06.922+0800][info] GC(227) Metaspace: 1622K(1792K)->1622K(1792K) NonClass: 1498K(1600K)->1498K(1600K) Class: 124K(192K)->124K(192K)
[2024-10-12T11:24:06.922+0800][info] GC(227) Pause Young (Mixed) (G1 Preventive Collection) 105M->102M(128M) 2.975ms
[2024-10-12T11:24:06.922+0800][info] GC(227) User=0.01s Sys=0.00s Real=0.00s
[2024-10-12T11:24:07.024+0800][info] GC(228) Pause Young (Mixed) (G1 Preventive Collection)
[2024-10-12T11:24:07.024+0800][info] GC(228) Using 3 workers of 48 for evacuation
[2024-10-12T11:24:07.027+0800][info] GC(228)   Pre Evacuate Collection Set: 0.1ms
[2024-10-12T11:24:07.027+0800][info] GC(228)   Merge Heap Roots: 0.1ms
[2024-10-12T11:24:07.027+0800][info] GC(228)   Evacuate Collection Set: 2.5ms
[2024-10-12T11:24:07.027+0800][info] GC(228)   Post Evacuate Collection Set: 0.2ms
[2024-10-12T11:24:07.027+0800][info] GC(228)   Other: 0.1ms
[2024-10-12T11:24:07.027+0800][info] GC(228) Eden regions: 2->0(2)
[2024-10-12T11:24:07.027+0800][info] GC(228) Survivor regions: 1->1(1)
[2024-10-12T11:24:07.027+0800][info] GC(228) Old regions: 47->47
[2024-10-12T11:24:07.027+0800][info] GC(228) Archive regions: 2->2
[2024-10-12T11:24:07.027+0800][info] GC(228) Humongous regions: 3->3
[2024-10-12T11:24:07.027+0800][info] GC(228) Metaspace: 1622K(1792K)->1622K(1792K) NonClass: 1498K(1600K)->1498K(1600K) Class: 124K(192K)->124K(192K)
[2024-10-12T11:24:07.028+0800][info] GC(228) Pause Young (Mixed) (G1 Preventive Collection) 105M->102M(128M) 3.128ms
[2024-10-12T11:24:07.028+0800][info] GC(228) User=0.01s Sys=0.00s Real=0.01s
[2024-10-12T11:24:07.130+0800][info] GC(229) Pause Young (Mixed) (G1 Evacuation Pause)
[2024-10-12T11:24:07.130+0800][info] GC(229) Using 3 workers of 48 for evacuation
[2024-10-12T11:24:07.133+0800][info] GC(229)   Pre Evacuate Collection Set: 0.2ms
[2024-10-12T11:24:07.133+0800][info] GC(229)   Merge Heap Roots: 0.1ms
[2024-10-12T11:24:07.133+0800][info] GC(229)   Evacuate Collection Set: 2.9ms
[2024-10-12T11:24:07.133+0800][info] GC(229)   Post Evacuate Collection Set: 0.2ms
[2024-10-12T11:24:07.133+0800][info] GC(229)   Other: 0.1ms
[2024-10-12T11:24:07.134+0800][info] GC(229) Eden regions: 2->0(2)
[2024-10-12T11:24:07.134+0800][info] GC(229) Survivor regions: 1->1(1)
[2024-10-12T11:24:07.134+0800][info] GC(229) Old regions: 47->47
[2024-10-12T11:24:07.134+0800][info] GC(229) Archive regions: 2->2
[2024-10-12T11:24:07.134+0800][info] GC(229) Humongous regions: 3->3
[2024-10-12T11:24:07.134+0800][info] GC(229) Metaspace: 1622K(1792K)->1622K(1792K) NonClass: 1498K(1600K)->1498K(1600K) Class: 124K(192K)->124K(192K)
[2024-10-12T11:24:07.134+0800][info] GC(229) Pause Young (Mixed) (G1 Evacuation Pause) 106M->102M(128M) 3.585ms
[2024-10-12T11:24:07.134+0800][info] GC(229) User=0.01s Sys=0.00s Real=0.01s
[2024-10-12T11:24:07.236+0800][info] GC(230) Pause Young (Normal) (G1 Evacuation Pause)
[2024-10-12T11:24:07.236+0800][info] GC(230) Using 3 workers of 48 for evacuation
[2024-10-12T11:24:07.237+0800][info] GC(230)   Pre Evacuate Collection Set: 0.1ms
[2024-10-12T11:24:07.237+0800][info] GC(230)   Merge Heap Roots: 0.0ms
[2024-10-12T11:24:07.237+0800][info] GC(230)   Evacuate Collection Set: 0.7ms
[2024-10-12T11:24:07.237+0800][info] GC(230)   Post Evacuate Collection Set: 0.2ms
[2024-10-12T11:24:07.237+0800][info] GC(230)   Other: 0.2ms
[2024-10-12T11:24:07.237+0800][info] GC(230) Eden regions: 2->0(2)
[2024-10-12T11:24:07.237+0800][info] GC(230) Survivor regions: 1->1(1)
[2024-10-12T11:24:07.237+0800][info] GC(230) Old regions: 47->49
[2024-10-12T11:24:07.237+0800][info] GC(230) Archive regions: 2->2
[2024-10-12T11:24:07.237+0800][info] GC(230) Humongous regions: 3->3
[2024-10-12T11:24:07.237+0800][info] GC(230) Metaspace: 1622K(1792K)->1622K(1792K) NonClass: 1498K(1600K)->1498K(1600K) Class: 124K(192K)->124K(192K)
[2024-10-12T11:24:07.237+0800][info] GC(230) Pause Young (Normal) (G1 Evacuation Pause) 106M->106M(128M) 1.338ms
[2024-10-12T11:24:07.237+0800][info] GC(230) User=0.00s Sys=0.00s Real=0.00s
[2024-10-12T11:24:07.298+0800][info] GC(231) Pause Young (Concurrent Start) (G1 Humongous Allocation)
[2024-10-12T11:24:07.298+0800][info] GC(231) Using 3 workers of 48 for evacuation
[2024-10-12T11:24:07.300+0800][info] GC(231)   Pre Evacuate Collection Set: 0.1ms
[2024-10-12T11:24:07.300+0800][info] GC(231)   Merge Heap Roots: 0.0ms
[2024-10-12T11:24:07.300+0800][info] GC(231)   Evacuate Collection Set: 0.7ms
[2024-10-12T11:24:07.300+0800][info] GC(231)   Post Evacuate Collection Set: 0.2ms
[2024-10-12T11:24:07.300+0800][info] GC(231)   Other: 0.3ms
[2024-10-12T11:24:07.300+0800][info] GC(231) Eden regions: 2->0(2)
[2024-10-12T11:24:07.300+0800][info] GC(231) Survivor regions: 1->1(1)
[2024-10-12T11:24:07.300+0800][info] GC(231) Old regions: 49->50
[2024-10-12T11:24:07.300+0800][info] GC(231) Archive regions: 2->2
[2024-10-12T11:24:07.300+0800][info] GC(231) Humongous regions: 3->3
[2024-10-12T11:24:07.300+0800][info] GC(231) Metaspace: 1622K(1792K)->1622K(1792K) NonClass: 1498K(1600K)->1498K(1600K) Class: 124K(192K)->124K(192K)
[2024-10-12T11:24:07.300+0800][info] GC(231) Pause Young (Concurrent Start) (G1 Humongous Allocation) 109M->109M(128M) 1.509ms
[2024-10-12T11:24:07.300+0800][info] GC(231) User=0.00s Sys=0.00s Real=0.00s
[2024-10-12T11:24:07.300+0800][info] GC(232) Concurrent Mark Cycle
[2024-10-12T11:24:07.300+0800][info] GC(232) Concurrent Clear Claimed Marks
[2024-10-12T11:24:07.300+0800][info] GC(232) Concurrent Clear Claimed Marks 0.017ms
[2024-10-12T11:24:07.300+0800][info] GC(232) Concurrent Scan Root Regions
[2024-10-12T11:24:07.300+0800][info] GC(232) Concurrent Scan Root Regions 0.158ms
[2024-10-12T11:24:07.300+0800][info] GC(232) Concurrent Mark
[2024-10-12T11:24:07.300+0800][info] GC(232) Concurrent Mark From Roots
[2024-10-12T11:24:07.300+0800][info] GC(232) Using 12 workers of 12 for marking
[2024-10-12T11:24:07.304+0800][info] GC(232) Concurrent Mark From Roots 3.261ms
[2024-10-12T11:24:07.304+0800][info] GC(232) Concurrent Preclean
[2024-10-12T11:24:07.305+0800][info] GC(232) Concurrent Preclean 1.719ms
[2024-10-12T11:24:07.305+0800][info] GC(232) Pause Remark
[2024-10-12T11:24:07.307+0800][info] GC(232) Pause Remark 111M->109M(128M) 1.472ms
[2024-10-12T11:24:07.307+0800][info] GC(232) User=0.00s Sys=0.00s Real=0.00s
[2024-10-12T11:24:07.307+0800][info] GC(232) Concurrent Mark 6.708ms
[2024-10-12T11:24:07.307+0800][info] GC(232) Concurrent Rebuild Remembered Sets
[2024-10-12T11:24:07.308+0800][info] GC(232) Concurrent Rebuild Remembered Sets 1.401ms
[2024-10-12T11:24:07.309+0800][info] GC(232) Pause Cleanup
[2024-10-12T11:24:07.309+0800][info] GC(232) Pause Cleanup 109M->109M(128M) 0.185ms
[2024-10-12T11:24:07.309+0800][info] GC(232) User=0.00s Sys=0.00s Real=0.00s
[2024-10-12T11:24:07.309+0800][info] GC(232) Concurrent Cleanup for Next Mark
[2024-10-12T11:24:07.309+0800][info] GC(232) Concurrent Cleanup for Next Mark 0.320ms
[2024-10-12T11:24:07.309+0800][info] GC(232) Concurrent Mark Cycle 9.143ms
[2024-10-12T11:24:07.474+0800][info] GC(233) Pause Young (Prepare Mixed) (G1 Evacuation Pause)
[2024-10-12T11:24:07.474+0800][info] GC(233) Using 3 workers of 48 for evacuation
[2024-10-12T11:24:07.476+0800][info] GC(233)   Pre Evacuate Collection Set: 0.1ms
[2024-10-12T11:24:07.476+0800][info] GC(233)   Merge Heap Roots: 0.1ms
[2024-10-12T11:24:07.476+0800][info] GC(233)   Evacuate Collection Set: 0.9ms
[2024-10-12T11:24:07.476+0800][info] GC(233)   Post Evacuate Collection Set: 0.2ms
[2024-10-12T11:24:07.476+0800][info] GC(233)   Other: 0.2ms
[2024-10-12T11:24:07.476+0800][info] GC(233) Eden regions: 2->0(2)
[2024-10-12T11:24:07.476+0800][info] GC(233) Survivor regions: 1->1(1)
[2024-10-12T11:24:07.476+0800][info] GC(233) Old regions: 49->51
[2024-10-12T11:24:07.476+0800][info] GC(233) Archive regions: 2->2
[2024-10-12T11:24:07.476+0800][info] GC(233) Humongous regions: 4->3
[2024-10-12T11:24:07.476+0800][info] GC(233) Metaspace: 1622K(1792K)->1622K(1792K) NonClass: 1498K(1600K)->1498K(1600K) Class: 124K(192K)->124K(192K)
[2024-10-12T11:24:07.476+0800][info] GC(233) Pause Young (Prepare Mixed) (G1 Evacuation Pause) 113M->111M(128M) 1.594ms
[2024-10-12T11:24:07.476+0800][info] GC(233) User=0.00s Sys=0.00s Real=0.00s
[2024-10-12T11:24:07.578+0800][info] GC(234) Pause Young (Mixed) (G1 Preventive Collection)
[2024-10-12T11:24:07.580+0800][info] GC(234) Using 3 workers of 48 for evacuation
[2024-10-12T11:24:07.582+0800][info] GC(234)   Pre Evacuate Collection Set: 0.1ms
[2024-10-12T11:24:07.582+0800][info] GC(234)   Merge Heap Roots: 0.1ms
[2024-10-12T11:24:07.582+0800][info] GC(234)   Evacuate Collection Set: 1.3ms
[2024-10-12T11:24:07.582+0800][info] GC(234)   Post Evacuate Collection Set: 0.2ms
[2024-10-12T11:24:07.582+0800][info] GC(234)   Other: 2.1ms
[2024-10-12T11:24:07.582+0800][info] GC(234) Eden regions: 2->0(2)
[2024-10-12T11:24:07.582+0800][info] GC(234) Survivor regions: 1->1(1)
[2024-10-12T11:24:07.582+0800][info] GC(234) Old regions: 51->49
[2024-10-12T11:24:07.582+0800][info] GC(234) Archive regions: 2->2
[2024-10-12T11:24:07.582+0800][info] GC(234) Humongous regions: 3->3
[2024-10-12T11:24:07.582+0800][info] GC(234) Metaspace: 1630K(1792K)->1630K(1792K) NonClass: 1506K(1600K)->1506K(1600K) Class: 124K(192K)->124K(192K)
[2024-10-12T11:24:07.582+0800][info] GC(234) Pause Young (Mixed) (G1 Preventive Collection) 114M->106M(128M) 3.950ms
[2024-10-12T11:24:07.582+0800][info] GC(234) User=0.01s Sys=0.00s Real=0.00s
[2024-10-12T11:24:07.684+0800][info] GC(235) Pause Young (Mixed) (G1 Preventive Collection)
[2024-10-12T11:24:07.684+0800][info] GC(235) Using 3 workers of 48 for evacuation
[2024-10-12T11:24:07.687+0800][info] GC(235)   Pre Evacuate Collection Set: 0.2ms
[2024-10-12T11:24:07.687+0800][info] GC(235)   Merge Heap Roots: 0.0ms
[2024-10-12T11:24:07.687+0800][info] GC(235)   Evacuate Collection Set: 1.6ms
[2024-10-12T11:24:07.687+0800][info] GC(235)   Post Evacuate Collection Set: 0.2ms
[2024-10-12T11:24:07.687+0800][info] GC(235)   Other: 0.1ms
[2024-10-12T11:24:07.687+0800][info] GC(235) Eden regions: 2->0(2)
[2024-10-12T11:24:07.687+0800][info] GC(235) Survivor regions: 1->1(1)
[2024-10-12T11:24:07.687+0800][info] GC(235) Old regions: 49->47
[2024-10-12T11:24:07.687+0800][info] GC(235) Archive regions: 2->2
[2024-10-12T11:24:07.687+0800][info] GC(235) Humongous regions: 3->3
[2024-10-12T11:24:07.687+0800][info] GC(235) Metaspace: 1630K(1792K)->1630K(1792K) NonClass: 1506K(1600K)->1506K(1600K) Class: 124K(192K)->124K(192K)
[2024-10-12T11:24:07.687+0800][info] GC(235) Pause Young (Mixed) (G1 Preventive Collection) 109M->103M(128M) 2.292ms
[2024-10-12T11:24:07.687+0800][info] GC(235) User=0.00s Sys=0.00s Real=0.01s
[2024-10-12T11:24:07.789+0800][info] GC(236) Pause Young (Mixed) (G1 Evacuation Pause)
[2024-10-12T11:24:07.789+0800][info] GC(236) Using 3 workers of 48 for evacuation
[2024-10-12T11:24:07.792+0800][info] GC(236)   Pre Evacuate Collection Set: 0.2ms
[2024-10-12T11:24:07.792+0800][info] GC(236)   Merge Heap Roots: 0.1ms
[2024-10-12T11:24:07.792+0800][info] GC(236)   Evacuate Collection Set: 1.8ms
[2024-10-12T11:24:07.792+0800][info] GC(236)   Post Evacuate Collection Set: 0.2ms
[2024-10-12T11:24:07.792+0800][info] GC(236)   Other: 0.1ms
[2024-10-12T11:24:07.792+0800][info] GC(236) Eden regions: 2->0(2)
[2024-10-12T11:24:07.792+0800][info] GC(236) Survivor regions: 1->1(1)
[2024-10-12T11:24:07.792+0800][info] GC(236) Old regions: 47->47
[2024-10-12T11:24:07.792+0800][info] GC(236) Archive regions: 2->2
[2024-10-12T11:24:07.792+0800][info] GC(236) Humongous regions: 3->3
[2024-10-12T11:24:07.792+0800][info] GC(236) Metaspace: 1633K(1792K)->1633K(1792K) NonClass: 1509K(1600K)->1509K(1600K) Class: 124K(192K)->124K(192K)
[2024-10-12T11:24:07.792+0800][info] GC(236) Pause Young (Mixed) (G1 Evacuation Pause) 106M->102M(128M) 2.489ms
[2024-10-12T11:24:07.792+0800][info] GC(236) User=0.00s Sys=0.00s Real=0.00s
[2024-10-12T11:24:07.894+0800][info] GC(237) Pause Young (Mixed) (G1 Preventive Collection)
[2024-10-12T11:24:07.894+0800][info] GC(237) Using 3 workers of 48 for evacuation
[2024-10-12T11:24:07.896+0800][info] GC(237)   Pre Evacuate Collection Set: 0.2ms
[2024-10-12T11:24:07.896+0800][info] GC(237)   Merge Heap Roots: 0.1ms
[2024-10-12T11:24:07.896+0800][info] GC(237)   Evacuate Collection Set: 1.9ms
[2024-10-12T11:24:07.896+0800][info] GC(237)   Post Evacuate Collection Set: 0.2ms
[2024-10-12T11:24:07.896+0800][info] GC(237)   Other: 0.1ms
[2024-10-12T11:24:07.896+0800][info] GC(237) Eden regions: 2->0(2)
[2024-10-12T11:24:07.896+0800][info] GC(237) Survivor regions: 1->1(1)
[2024-10-12T11:24:07.896+0800][info] GC(237) Old regions: 47->46
[2024-10-12T11:24:07.896+0800][info] GC(237) Archive regions: 2->2
[2024-10-12T11:24:07.896+0800][info] GC(237) Humongous regions: 3->3
[2024-10-12T11:24:07.896+0800][info] GC(237) Metaspace: 1633K(1792K)->1633K(1792K) NonClass: 1509K(1600K)->1509K(1600K) Class: 124K(192K)->124K(192K)
[2024-10-12T11:24:07.896+0800][info] GC(237) Pause Young (Mixed) (G1 Preventive Collection) 105M->100M(128M) 2.581ms
[2024-10-12T11:24:07.896+0800][info] GC(237) User=0.01s Sys=0.00s Real=0.00s
[2024-10-12T11:24:07.999+0800][info] GC(238) Pause Young (Mixed) (G1 Evacuation Pause)
[2024-10-12T11:24:07.999+0800][info] GC(238) Using 3 workers of 48 for evacuation
[2024-10-12T11:24:08.002+0800][info] GC(238)   Pre Evacuate Collection Set: 0.2ms
[2024-10-12T11:24:08.002+0800][info] GC(238)   Merge Heap Roots: 0.1ms
[2024-10-12T11:24:08.002+0800][info] GC(238)   Evacuate Collection Set: 2.4ms
[2024-10-12T11:24:08.002+0800][info] GC(238)   Post Evacuate Collection Set: 0.2ms
[2024-10-12T11:24:08.002+0800][info] GC(238)   Other: 0.2ms
[2024-10-12T11:24:08.002+0800][info] GC(238) Eden regions: 2->0(2)
[2024-10-12T11:24:08.002+0800][info] GC(238) Survivor regions: 1->1(1)
[2024-10-12T11:24:08.002+0800][info] GC(238) Old regions: 46->46
[2024-10-12T11:24:08.002+0800][info] GC(238) Archive regions: 2->2
[2024-10-12T11:24:08.002+0800][info] GC(238) Humongous regions: 3->3
[2024-10-12T11:24:08.002+0800][info] GC(238) Metaspace: 1633K(1792K)->1633K(1792K) NonClass: 1509K(1600K)->1509K(1600K) Class: 124K(192K)->124K(192K)
[2024-10-12T11:24:08.002+0800][info] GC(238) Pause Young (Mixed) (G1 Evacuation Pause) 104M->101M(128M) 3.121ms
[2024-10-12T11:24:08.002+0800][info] GC(238) User=0.01s Sys=0.00s Real=0.00s
[2024-10-12T11:24:08.104+0800][info] GC(239) Pause Young (Mixed) (G1 Preventive Collection)
[2024-10-12T11:24:08.104+0800][info] GC(239) Using 3 workers of 48 for evacuation
[2024-10-12T11:24:08.107+0800][info] GC(239)   Pre Evacuate Collection Set: 0.2ms
[2024-10-12T11:24:08.107+0800][info] GC(239)   Merge Heap Roots: 0.1ms
[2024-10-12T11:24:08.107+0800][info] GC(239)   Evacuate Collection Set: 2.1ms
[2024-10-12T11:24:08.107+0800][info] GC(239)   Post Evacuate Collection Set: 0.2ms
[2024-10-12T11:24:08.107+0800][info] GC(239)   Other: 0.1ms
[2024-10-12T11:24:08.107+0800][info] GC(239) Eden regions: 2->0(2)
[2024-10-12T11:24:08.107+0800][info] GC(239) Survivor regions: 1->1(1)
[2024-10-12T11:24:08.107+0800][info] GC(239) Old regions: 46->47
[2024-10-12T11:24:08.107+0800][info] GC(239) Archive regions: 2->2
[2024-10-12T11:24:08.107+0800][info] GC(239) Humongous regions: 3->3
[2024-10-12T11:24:08.107+0800][info] GC(239) Metaspace: 1633K(1792K)->1633K(1792K) NonClass: 1509K(1600K)->1509K(1600K) Class: 124K(192K)->124K(192K)
[2024-10-12T11:24:08.107+0800][info] GC(239) Pause Young (Mixed) (G1 Preventive Collection) 105M->103M(128M) 2.814ms
[2024-10-12T11:24:08.107+0800][info] GC(239) User=0.01s Sys=0.00s Real=0.01s
[2024-10-12T11:24:08.210+0800][info] GC(240) Pause Young (Mixed) (G1 Preventive Collection)
[2024-10-12T11:24:08.210+0800][info] GC(240) Using 3 workers of 48 for evacuation
[2024-10-12T11:24:08.214+0800][info] GC(240)   Pre Evacuate Collection Set: 0.2ms
[2024-10-12T11:24:08.214+0800][info] GC(240)   Merge Heap Roots: 0.1ms
[2024-10-12T11:24:08.214+0800][info] GC(240)   Evacuate Collection Set: 3.8ms
[2024-10-12T11:24:08.214+0800][info] GC(240)   Post Evacuate Collection Set: 0.2ms
[2024-10-12T11:24:08.214+0800][info] GC(240)   Other: 0.1ms
[2024-10-12T11:24:08.214+0800][info] GC(240) Eden regions: 2->0(2)
[2024-10-12T11:24:08.214+0800][info] GC(240) Survivor regions: 1->1(1)
[2024-10-12T11:24:08.214+0800][info] GC(240) Old regions: 47->47
[2024-10-12T11:24:08.214+0800][info] GC(240) Archive regions: 2->2
[2024-10-12T11:24:08.214+0800][info] GC(240) Humongous regions: 3->3
[2024-10-12T11:24:08.214+0800][info] GC(240) Metaspace: 1633K(1792K)->1633K(1792K) NonClass: 1509K(1600K)->1509K(1600K) Class: 124K(192K)->124K(192K)
[2024-10-12T11:24:08.214+0800][info] GC(240) Pause Young (Mixed) (G1 Preventive Collection) 106M->103M(128M) 4.521ms
[2024-10-12T11:24:08.214+0800][info] GC(240) User=0.01s Sys=0.00s Real=0.01s
[2024-10-12T11:24:08.316+0800][info] GC(241) Pause Young (Normal) (G1 Evacuation Pause)
[2024-10-12T11:24:08.316+0800][info] GC(241) Using 3 workers of 48 for evacuation
[2024-10-12T11:24:08.318+0800][info] GC(241)   Pre Evacuate Collection Set: 0.1ms
[2024-10-12T11:24:08.318+0800][info] GC(241)   Merge Heap Roots: 0.0ms
[2024-10-12T11:24:08.318+0800][info] GC(241)   Evacuate Collection Set: 0.9ms
[2024-10-12T11:24:08.318+0800][info] GC(241)   Post Evacuate Collection Set: 0.2ms
[2024-10-12T11:24:08.318+0800][info] GC(241)   Other: 0.2ms
[2024-10-12T11:24:08.318+0800][info] GC(241) Eden regions: 2->0(2)
[2024-10-12T11:24:08.318+0800][info] GC(241) Survivor regions: 1->1(1)
[2024-10-12T11:24:08.318+0800][info] GC(241) Old regions: 47->49
[2024-10-12T11:24:08.318+0800][info] GC(241) Archive regions: 2->2
[2024-10-12T11:24:08.318+0800][info] GC(241) Humongous regions: 3->3
[2024-10-12T11:24:08.318+0800][info] GC(241) Metaspace: 1633K(1792K)->1633K(1792K) NonClass: 1509K(1600K)->1509K(1600K) Class: 124K(192K)->124K(192K)
[2024-10-12T11:24:08.318+0800][info] GC(241) Pause Young (Normal) (G1 Evacuation Pause) 107M->107M(128M) 1.488ms
[2024-10-12T11:24:08.318+0800][info] GC(241) User=0.01s Sys=0.00s Real=0.00s
[2024-10-12T11:24:08.420+0800][info] GC(242) Pause Young (Normal) (G1 Evacuation Pause)
[2024-10-12T11:24:08.420+0800][info] GC(242) Using 3 workers of 48 for evacuation
[2024-10-12T11:24:08.421+0800][info] GC(242)   Pre Evacuate Collection Set: 0.1ms
[2024-10-12T11:24:08.421+0800][info] GC(242)   Merge Heap Roots: 0.0ms
[2024-10-12T11:24:08.421+0800][info] GC(242)   Evacuate Collection Set: 0.6ms
[2024-10-12T11:24:08.421+0800][info] GC(242)   Post Evacuate Collection Set: 0.2ms
[2024-10-12T11:24:08.421+0800][info] GC(242)   Other: 0.2ms
[2024-10-12T11:24:08.421+0800][info] GC(242) Eden regions: 2->0(2)
[2024-10-12T11:24:08.421+0800][info] GC(242) Survivor regions: 1->1(1)
[2024-10-12T11:24:08.421+0800][info] GC(242) Old regions: 49->51
[2024-10-12T11:24:08.421+0800][info] GC(242) Archive regions: 2->2
[2024-10-12T11:24:08.421+0800][info] GC(242) Humongous regions: 3->3
[2024-10-12T11:24:08.421+0800][info] GC(242) Metaspace: 1633K(1792K)->1633K(1792K) NonClass: 1509K(1600K)->1509K(1600K) Class: 124K(192K)->124K(192K)
[2024-10-12T11:24:08.421+0800][info] GC(242) Pause Young (Normal) (G1 Evacuation Pause) 110M->110M(128M) 1.277ms
[2024-10-12T11:24:08.421+0800][info] GC(242) User=0.00s Sys=0.00s Real=0.00s
[2024-10-12T11:24:08.523+0800][info] GC(243) Pause Young (Concurrent Start) (G1 Evacuation Pause)
[2024-10-12T11:24:08.523+0800][info] GC(243) Using 3 workers of 48 for evacuation
[2024-10-12T11:24:08.525+0800][info] GC(243)   Pre Evacuate Collection Set: 0.1ms
[2024-10-12T11:24:08.525+0800][info] GC(243)   Merge Heap Roots: 0.0ms
[2024-10-12T11:24:08.525+0800][info] GC(243)   Evacuate Collection Set: 0.7ms
[2024-10-12T11:24:08.525+0800][info] GC(243)   Post Evacuate Collection Set: 0.2ms
[2024-10-12T11:24:08.525+0800][info] GC(243)   Other: 0.3ms
[2024-10-12T11:24:08.525+0800][info] GC(243) Eden regions: 2->0(2)
[2024-10-12T11:24:08.525+0800][info] GC(243) Survivor regions: 1->1(1)
[2024-10-12T11:24:08.525+0800][info] GC(243) Old regions: 51->53
[2024-10-12T11:24:08.525+0800][info] GC(243) Archive regions: 2->2
[2024-10-12T11:24:08.525+0800][info] GC(243) Humongous regions: 3->3
[2024-10-12T11:24:08.525+0800][info] GC(243) Metaspace: 1633K(1792K)->1633K(1792K) NonClass: 1509K(1600K)->1509K(1600K) Class: 124K(192K)->124K(192K)
[2024-10-12T11:24:08.525+0800][info] GC(243) Pause Young (Concurrent Start) (G1 Evacuation Pause) 114M->115M(128M) 1.522ms
[2024-10-12T11:24:08.525+0800][info] GC(243) User=0.01s Sys=0.00s Real=0.00s
[2024-10-12T11:24:08.525+0800][info] GC(244) Concurrent Mark Cycle
[2024-10-12T11:24:08.525+0800][info] GC(244) Concurrent Clear Claimed Marks
[2024-10-12T11:24:08.525+0800][info] GC(244) Concurrent Clear Claimed Marks 0.037ms
[2024-10-12T11:24:08.525+0800][info] GC(244) Concurrent Scan Root Regions
[2024-10-12T11:24:08.525+0800][info] GC(244) Concurrent Scan Root Regions 0.165ms
[2024-10-12T11:24:08.525+0800][info] GC(244) Concurrent Mark
[2024-10-12T11:24:08.525+0800][info] GC(244) Concurrent Mark From Roots
[2024-10-12T11:24:08.525+0800][info] GC(244) Using 12 workers of 12 for marking
[2024-10-12T11:24:08.529+0800][info] GC(244) Concurrent Mark From Roots 3.529ms
[2024-10-12T11:24:08.529+0800][info] GC(244) Concurrent Preclean
[2024-10-12T11:24:08.531+0800][info] GC(244) Concurrent Preclean 1.722ms
[2024-10-12T11:24:08.531+0800][info] GC(244) Pause Remark
[2024-10-12T11:24:08.532+0800][info] GC(244) Pause Remark 115M->115M(128M) 1.583ms
[2024-10-12T11:24:08.532+0800][info] GC(244) User=0.00s Sys=0.00s Real=0.00s
[2024-10-12T11:24:08.533+0800][info] GC(244) Concurrent Mark 7.161ms
[2024-10-12T11:24:08.533+0800][info] GC(244) Concurrent Rebuild Remembered Sets
[2024-10-12T11:24:08.534+0800][info] GC(244) Concurrent Rebuild Remembered Sets 1.385ms
[2024-10-12T11:24:08.534+0800][info] GC(244) Pause Cleanup
[2024-10-12T11:24:08.534+0800][info] GC(244) Pause Cleanup 115M->115M(128M) 0.237ms
[2024-10-12T11:24:08.534+0800][info] GC(244) User=0.00s Sys=0.00s Real=0.00s
[2024-10-12T11:24:08.534+0800][info] GC(244) Concurrent Cleanup for Next Mark
[2024-10-12T11:24:08.535+0800][info] GC(244) Concurrent Cleanup for Next Mark 0.297ms
[2024-10-12T11:24:08.535+0800][info] GC(244) Concurrent Mark Cycle 9.699ms
[2024-10-12T11:24:08.679+0800][info] GC(245) Pause Young (Prepare Mixed) (G1 Preventive Collection)
[2024-10-12T11:24:08.679+0800][info] GC(245) Using 3 workers of 48 for evacuation
[2024-10-12T11:24:08.680+0800][info] GC(245)   Pre Evacuate Collection Set: 0.1ms
[2024-10-12T11:24:08.680+0800][info] GC(245)   Merge Heap Roots: 0.1ms
[2024-10-12T11:24:08.680+0800][info] GC(245)   Evacuate Collection Set: 0.9ms
[2024-10-12T11:24:08.680+0800][info] GC(245)   Post Evacuate Collection Set: 0.2ms
[2024-10-12T11:24:08.680+0800][info] GC(245)   Other: 0.2ms
[2024-10-12T11:24:08.680+0800][info] GC(245) Eden regions: 2->0(2)
[2024-10-12T11:24:08.680+0800][info] GC(245) Survivor regions: 1->1(1)
[2024-10-12T11:24:08.680+0800][info] GC(245) Old regions: 53->55
[2024-10-12T11:24:08.680+0800][info] GC(245) Archive regions: 2->2
[2024-10-12T11:24:08.680+0800][info] GC(245) Humongous regions: 3->3
[2024-10-12T11:24:08.680+0800][info] GC(245) Metaspace: 1633K(1792K)->1633K(1792K) NonClass: 1509K(1600K)->1509K(1600K) Class: 124K(192K)->124K(192K)
[2024-10-12T11:24:08.680+0800][info] GC(245) Pause Young (Prepare Mixed) (G1 Preventive Collection) 118M->118M(128M) 1.637ms
[2024-10-12T11:24:08.680+0800][info] GC(245) User=0.01s Sys=0.00s Real=0.00s
[2024-10-12T11:24:08.742+0800][info] GC(246) Pause Young (Mixed) (G1 Preventive Collection)
[2024-10-12T11:24:08.742+0800][info] GC(246) Using 3 workers of 48 for evacuation
[2024-10-12T11:24:08.743+0800][info] GC(246) To-space exhausted
[2024-10-12T11:24:08.743+0800][info] GC(246)   Pre Evacuate Collection Set: 0.2ms
[2024-10-12T11:24:08.743+0800][info] GC(246)   Merge Heap Roots: 0.1ms
[2024-10-12T11:24:08.743+0800][info] GC(246)   Evacuate Collection Set: 0.7ms
[2024-10-12T11:24:08.743+0800][info] GC(246)   Post Evacuate Collection Set: 0.3ms
[2024-10-12T11:24:08.743+0800][info] GC(246)   Other: 0.2ms
[2024-10-12T11:24:08.743+0800][info] GC(246) Eden regions: 1->0(2)
[2024-10-12T11:24:08.743+0800][info] GC(246) Survivor regions: 1->1(1)
[2024-10-12T11:24:08.743+0800][info] GC(246) Old regions: 55->57
[2024-10-12T11:24:08.743+0800][info] GC(246) Archive regions: 2->2
[2024-10-12T11:24:08.743+0800][info] GC(246) Humongous regions: 3->3
[2024-10-12T11:24:08.743+0800][info] GC(246) Metaspace: 1633K(1792K)->1633K(1792K) NonClass: 1509K(1600K)->1509K(1600K) Class: 124K(192K)->124K(192K)
[2024-10-12T11:24:08.743+0800][info] GC(246) Pause Young (Mixed) (G1 Preventive Collection) 120M->123M(128M) 1.520ms
[2024-10-12T11:24:08.743+0800][info] GC(246) User=0.00s Sys=0.00s Real=0.00s
[2024-10-12T11:24:08.784+0800][info] GC(247) Pause Young (Mixed) (G1 Evacuation Pause)
[2024-10-12T11:24:08.784+0800][info] GC(247) Using 3 workers of 48 for evacuation
[2024-10-12T11:24:08.786+0800][info] GC(247) To-space exhausted
[2024-10-12T11:24:08.786+0800][info] GC(247)   Pre Evacuate Collection Set: 0.2ms
[2024-10-12T11:24:08.786+0800][info] GC(247)   Merge Heap Roots: 0.1ms
[2024-10-12T11:24:08.786+0800][info] GC(247)   Evacuate Collection Set: 0.7ms
[2024-10-12T11:24:08.786+0800][info] GC(247)   Post Evacuate Collection Set: 0.4ms
[2024-10-12T11:24:08.786+0800][info] GC(247)   Other: 0.1ms
[2024-10-12T11:24:08.786+0800][info] GC(247) Eden regions: 1->0(3)
[2024-10-12T11:24:08.786+0800][info] GC(247) Survivor regions: 1->0(0)
[2024-10-12T11:24:08.786+0800][info] GC(247) Old regions: 57->59
[2024-10-12T11:24:08.786+0800][info] GC(247) Archive regions: 2->2
[2024-10-12T11:24:08.786+0800][info] GC(247) Humongous regions: 3->3
[2024-10-12T11:24:08.786+0800][info] GC(247) Metaspace: 1633K(1792K)->1633K(1792K) NonClass: 1509K(1600K)->1509K(1600K) Class: 124K(192K)->124K(192K)
[2024-10-12T11:24:08.786+0800][info] GC(247) Pause Young (Mixed) (G1 Evacuation Pause) 125M->125M(128M) 1.519ms
[2024-10-12T11:24:08.786+0800][info] GC(247) User=0.00s Sys=0.00s Real=0.01s
[2024-10-12T11:24:08.786+0800][info] Attempting full compaction
[2024-10-12T11:24:08.786+0800][info] GC(248) Using 3 workers of 48 for full compaction
[2024-10-12T11:24:08.786+0800][info] GC(248) Pause Full (G1 Compaction Pause)
[2024-10-12T11:24:08.786+0800][info] GC(248) Phase 1: Mark live objects
[2024-10-12T11:24:08.789+0800][info] GC(248) Phase 1: Mark live objects 3.128ms
[2024-10-12T11:24:08.789+0800][info] GC(248) Phase 2: Prepare for compaction
[2024-10-12T11:24:08.790+0800][info] GC(248) Phase 2: Prepare for compaction 0.867ms
[2024-10-12T11:24:08.790+0800][info] GC(248) Phase 3: Adjust pointers
[2024-10-12T11:24:08.792+0800][info] GC(248) Phase 3: Adjust pointers 1.513ms
[2024-10-12T11:24:08.792+0800][info] GC(248) Phase 4: Compact heap
[2024-10-12T11:24:08.803+0800][info] GC(248) Phase 4: Compact heap 11.525ms
[2024-10-12T11:24:08.805+0800][info] GC(248) Eden regions: 0->0(3)
[2024-10-12T11:24:08.805+0800][info] GC(248) Survivor regions: 0->0(0)
[2024-10-12T11:24:08.805+0800][info] GC(248) Old regions: 59->39
[2024-10-12T11:24:08.805+0800][info] GC(248) Archive regions: 2->2
[2024-10-12T11:24:08.805+0800][info] GC(248) Humongous regions: 3->3
[2024-10-12T11:24:08.805+0800][info] GC(248) Metaspace: 1633K(1792K)->1633K(1792K) NonClass: 1509K(1600K)->1509K(1600K) Class: 124K(192K)->124K(192K)
[2024-10-12T11:24:08.805+0800][info] GC(248) Pause Full (G1 Compaction Pause) 125M->72M(128M) 18.746ms
[2024-10-12T11:24:08.805+0800][info] GC(248) User=0.04s Sys=0.00s Real=0.01s
[2024-10-12T11:24:08.969+0800][info] GC(249) Pause Young (Normal) (G1 Evacuation Pause)
[2024-10-12T11:24:08.969+0800][info] GC(249) Using 3 workers of 48 for evacuation
[2024-10-12T11:24:08.970+0800][info] GC(249)   Pre Evacuate Collection Set: 0.1ms
[2024-10-12T11:24:08.970+0800][info] GC(249)   Merge Heap Roots: 0.1ms
[2024-10-12T11:24:08.970+0800][info] GC(249)   Evacuate Collection Set: 0.9ms
[2024-10-12T11:24:08.970+0800][info] GC(249)   Post Evacuate Collection Set: 0.2ms
[2024-10-12T11:24:08.970+0800][info] GC(249)   Other: 0.2ms
[2024-10-12T11:24:08.970+0800][info] GC(249) Eden regions: 3->0(2)
[2024-10-12T11:24:08.970+0800][info] GC(249) Survivor regions: 0->1(1)
[2024-10-12T11:24:08.970+0800][info] GC(249) Old regions: 39->41
[2024-10-12T11:24:08.970+0800][info] GC(249) Archive regions: 2->2
[2024-10-12T11:24:08.970+0800][info] GC(249) Humongous regions: 3->3
[2024-10-12T11:24:08.970+0800][info] GC(249) Metaspace: 1633K(1792K)->1633K(1792K) NonClass: 1509K(1600K)->1509K(1600K) Class: 124K(192K)->124K(192K)
[2024-10-12T11:24:08.970+0800][info] GC(249) Pause Young (Normal) (G1 Evacuation Pause) 78M->78M(128M) 1.652ms
[2024-10-12T11:24:08.970+0800][info] GC(249) User=0.00s Sys=0.00s Real=0.00s
[2024-10-12T11:24:09.072+0800][info] GC(250) Pause Young (Normal) (G1 Evacuation Pause)
[2024-10-12T11:24:09.072+0800][info] GC(250) Using 3 workers of 48 for evacuation
[2024-10-12T11:24:09.074+0800][info] GC(250)   Pre Evacuate Collection Set: 0.1ms
[2024-10-12T11:24:09.074+0800][info] GC(250)   Merge Heap Roots: 0.0ms
[2024-10-12T11:24:09.074+0800][info] GC(250)   Evacuate Collection Set: 0.7ms
[2024-10-12T11:24:09.074+0800][info] GC(250)   Post Evacuate Collection Set: 0.2ms
[2024-10-12T11:24:09.074+0800][info] GC(250)   Other: 0.2ms
[2024-10-12T11:24:09.074+0800][info] GC(250) Eden regions: 2->0(2)
[2024-10-12T11:24:09.074+0800][info] GC(250) Survivor regions: 1->1(1)
[2024-10-12T11:24:09.074+0800][info] GC(250) Old regions: 41->43
[2024-10-12T11:24:09.074+0800][info] GC(250) Archive regions: 2->2
[2024-10-12T11:24:09.074+0800][info] GC(250) Humongous regions: 3->3
[2024-10-12T11:24:09.074+0800][info] GC(250) Metaspace: 1633K(1792K)->1633K(1792K) NonClass: 1509K(1600K)->1509K(1600K) Class: 124K(192K)->124K(192K)
[2024-10-12T11:24:09.074+0800][info] GC(250) Pause Young (Normal) (G1 Evacuation Pause) 81M->81M(128M) 1.293ms
[2024-10-12T11:24:09.074+0800][info] GC(250) User=0.00s Sys=0.00s Real=0.01s
[2024-10-12T11:24:09.176+0800][info] GC(251) Pause Young (Normal) (G1 Evacuation Pause)
[2024-10-12T11:24:09.176+0800][info] GC(251) Using 3 workers of 48 for evacuation
[2024-10-12T11:24:09.177+0800][info] GC(251)   Pre Evacuate Collection Set: 0.1ms
[2024-10-12T11:24:09.177+0800][info] GC(251)   Merge Heap Roots: 0.0ms
[2024-10-12T11:24:09.177+0800][info] GC(251)   Evacuate Collection Set: 0.7ms
[2024-10-12T11:24:09.177+0800][info] GC(251)   Post Evacuate Collection Set: 0.2ms
[2024-10-12T11:24:09.177+0800][info] GC(251)   Other: 0.2ms
[2024-10-12T11:24:09.177+0800][info] GC(251) Eden regions: 2->0(2)
[2024-10-12T11:24:09.177+0800][info] GC(251) Survivor regions: 1->1(1)
[2024-10-12T11:24:09.177+0800][info] GC(251) Old regions: 43->45
[2024-10-12T11:24:09.177+0800][info] GC(251) Archive regions: 2->2
[2024-10-12T11:24:09.177+0800][info] GC(251) Humongous regions: 3->3
[2024-10-12T11:24:09.177+0800][info] GC(251) Metaspace: 1633K(1792K)->1633K(1792K) NonClass: 1509K(1600K)->1509K(1600K) Class: 124K(192K)->124K(192K)
[2024-10-12T11:24:09.177+0800][info] GC(251) Pause Young (Normal) (G1 Evacuation Pause) 85M->85M(128M) 1.317ms
[2024-10-12T11:24:09.177+0800][info] GC(251) User=0.00s Sys=0.00s Real=0.00s
[2024-10-12T11:24:09.279+0800][info] GC(252) Pause Young (Normal) (G1 Evacuation Pause)
[2024-10-12T11:24:09.279+0800][info] GC(252) Using 3 workers of 48 for evacuation
[2024-10-12T11:24:09.281+0800][info] GC(252)   Pre Evacuate Collection Set: 0.1ms
[2024-10-12T11:24:09.281+0800][info] GC(252)   Merge Heap Roots: 0.0ms
[2024-10-12T11:24:09.281+0800][info] GC(252)   Evacuate Collection Set: 0.8ms
[2024-10-12T11:24:09.281+0800][info] GC(252)   Post Evacuate Collection Set: 0.2ms
[2024-10-12T11:24:09.281+0800][info] GC(252)   Other: 0.2ms
[2024-10-12T11:24:09.281+0800][info] GC(252) Eden regions: 2->0(2)
[2024-10-12T11:24:09.281+0800][info] GC(252) Survivor regions: 1->1(1)
[2024-10-12T11:24:09.281+0800][info] GC(252) Old regions: 45->47
[2024-10-12T11:24:09.281+0800][info] GC(252) Archive regions: 2->2
[2024-10-12T11:24:09.281+0800][info] GC(252) Humongous regions: 3->3
[2024-10-12T11:24:09.281+0800][info] GC(252) Metaspace: 1633K(1792K)->1633K(1792K) NonClass: 1509K(1600K)->1509K(1600K) Class: 124K(192K)->124K(192K)
[2024-10-12T11:24:09.281+0800][info] GC(252) Pause Young (Normal) (G1 Evacuation Pause) 89M->89M(128M) 1.436ms
[2024-10-12T11:24:09.281+0800][info] GC(252) User=0.00s Sys=0.00s Real=0.00s
[2024-10-12T11:24:09.383+0800][info] GC(253) Pause Young (Concurrent Start) (G1 Evacuation Pause)
[2024-10-12T11:24:09.383+0800][info] GC(253) Using 3 workers of 48 for evacuation
[2024-10-12T11:24:09.385+0800][info] GC(253)   Pre Evacuate Collection Set: 0.1ms
[2024-10-12T11:24:09.385+0800][info] GC(253)   Merge Heap Roots: 0.0ms
[2024-10-12T11:24:09.385+0800][info] GC(253)   Evacuate Collection Set: 0.8ms
[2024-10-12T11:24:09.385+0800][info] GC(253)   Post Evacuate Collection Set: 0.2ms
[2024-10-12T11:24:09.385+0800][info] GC(253)   Other: 0.4ms
[2024-10-12T11:24:09.385+0800][info] GC(253) Eden regions: 2->0(2)
[2024-10-12T11:24:09.385+0800][info] GC(253) Survivor regions: 1->1(1)
[2024-10-12T11:24:09.385+0800][info] GC(253) Old regions: 47->49
[2024-10-12T11:24:09.385+0800][info] GC(253) Archive regions: 2->2
[2024-10-12T11:24:09.385+0800][info] GC(253) Humongous regions: 3->3
[2024-10-12T11:24:09.385+0800][info] GC(253) Metaspace: 1633K(1792K)->1633K(1792K) NonClass: 1509K(1600K)->1509K(1600K) Class: 124K(192K)->124K(192K)
[2024-10-12T11:24:09.385+0800][info] GC(253) Pause Young (Concurrent Start) (G1 Evacuation Pause) 93M->93M(128M) 1.669ms
[2024-10-12T11:24:09.385+0800][info] GC(253) User=0.01s Sys=0.00s Real=0.00s
[2024-10-12T11:24:09.385+0800][info] GC(254) Concurrent Mark Cycle
[2024-10-12T11:24:09.385+0800][info] GC(254) Concurrent Clear Claimed Marks
[2024-10-12T11:24:09.385+0800][info] GC(254) Concurrent Clear Claimed Marks 0.021ms
[2024-10-12T11:24:09.385+0800][info] GC(254) Concurrent Scan Root Regions
[2024-10-12T11:24:09.385+0800][info] GC(254) Concurrent Scan Root Regions 0.159ms
[2024-10-12T11:24:09.385+0800][info] GC(254) Concurrent Mark
[2024-10-12T11:24:09.385+0800][info] GC(254) Concurrent Mark From Roots
[2024-10-12T11:24:09.385+0800][info] GC(254) Using 12 workers of 12 for marking
[2024-10-12T11:24:09.389+0800][info] GC(254) Concurrent Mark From Roots 3.398ms
[2024-10-12T11:24:09.389+0800][info] GC(254) Concurrent Preclean
[2024-10-12T11:24:09.390+0800][info] GC(254) Concurrent Preclean 1.690ms
[2024-10-12T11:24:09.391+0800][info] GC(254) Pause Remark
[2024-10-12T11:24:09.392+0800][info] GC(254) Pause Remark 94M->94M(128M) 1.574ms
[2024-10-12T11:24:09.392+0800][info] GC(254) User=0.00s Sys=0.00s Real=0.00s
[2024-10-12T11:24:09.392+0800][info] GC(254) Concurrent Mark 6.988ms
[2024-10-12T11:24:09.392+0800][info] GC(254) Concurrent Rebuild Remembered Sets
[2024-10-12T11:24:09.394+0800][info] GC(254) Concurrent Rebuild Remembered Sets 1.356ms
[2024-10-12T11:24:09.394+0800][info] GC(254) Pause Cleanup
[2024-10-12T11:24:09.394+0800][info] GC(254) Pause Cleanup 94M->94M(128M) 0.245ms
[2024-10-12T11:24:09.394+0800][info] GC(254) User=0.00s Sys=0.00s Real=0.00s
[2024-10-12T11:24:09.394+0800][info] GC(254) Concurrent Cleanup for Next Mark
[2024-10-12T11:24:09.395+0800][info] GC(254) Concurrent Cleanup for Next Mark 0.372ms
[2024-10-12T11:24:09.395+0800][info] GC(254) Concurrent Mark Cycle 9.554ms
[2024-10-12T11:24:09.538+0800][info] GC(255) Pause Young (Prepare Mixed) (G1 Evacuation Pause)
[2024-10-12T11:24:09.538+0800][info] GC(255) Using 3 workers of 48 for evacuation
[2024-10-12T11:24:09.539+0800][info] GC(255)   Pre Evacuate Collection Set: 0.1ms
[2024-10-12T11:24:09.539+0800][info] GC(255)   Merge Heap Roots: 0.1ms
[2024-10-12T11:24:09.539+0800][info] GC(255)   Evacuate Collection Set: 0.7ms
[2024-10-12T11:24:09.539+0800][info] GC(255)   Post Evacuate Collection Set: 0.2ms
[2024-10-12T11:24:09.539+0800][info] GC(255)   Other: 0.2ms
[2024-10-12T11:24:09.539+0800][info] GC(255) Eden regions: 2->0(2)
[2024-10-12T11:24:09.539+0800][info] GC(255) Survivor regions: 1->1(1)
[2024-10-12T11:24:09.539+0800][info] GC(255) Old regions: 49->51
[2024-10-12T11:24:09.539+0800][info] GC(255) Archive regions: 2->2
[2024-10-12T11:24:09.539+0800][info] GC(255) Humongous regions: 3->3
[2024-10-12T11:24:09.539+0800][info] GC(255) Metaspace: 1633K(1792K)->1633K(1792K) NonClass: 1509K(1600K)->1509K(1600K) Class: 124K(192K)->124K(192K)
[2024-10-12T11:24:09.539+0800][info] GC(255) Pause Young (Prepare Mixed) (G1 Evacuation Pause) 97M->97M(128M) 1.381ms
[2024-10-12T11:24:09.539+0800][info] GC(255) User=0.01s Sys=0.00s Real=0.00s
[2024-10-12T11:24:09.602+0800][info] GC(256) Pause Young (Mixed) (G1 Preventive Collection)
[2024-10-12T11:24:09.602+0800][info] GC(256) Using 3 workers of 48 for evacuation
[2024-10-12T11:24:09.603+0800][info] GC(256)   Pre Evacuate Collection Set: 0.2ms
[2024-10-12T11:24:09.603+0800][info] GC(256)   Merge Heap Roots: 0.1ms
[2024-10-12T11:24:09.603+0800][info] GC(256)   Evacuate Collection Set: 1.0ms
[2024-10-12T11:24:09.603+0800][info] GC(256)   Post Evacuate Collection Set: 0.2ms
[2024-10-12T11:24:09.603+0800][info] GC(256)   Other: 0.2ms
[2024-10-12T11:24:09.603+0800][info] GC(256) Eden regions: 1->0(2)
[2024-10-12T11:24:09.603+0800][info] GC(256) Survivor regions: 1->1(1)
[2024-10-12T11:24:09.603+0800][info] GC(256) Old regions: 51->48
[2024-10-12T11:24:09.603+0800][info] GC(256) Archive regions: 2->2
[2024-10-12T11:24:09.603+0800][info] GC(256) Humongous regions: 4->3
[2024-10-12T11:24:09.603+0800][info] GC(256) Metaspace: 1633K(1792K)->1633K(1792K) NonClass: 1509K(1600K)->1509K(1600K) Class: 124K(192K)->124K(192K)
[2024-10-12T11:24:09.603+0800][info] GC(256) Pause Young (Mixed) (G1 Preventive Collection) 101M->94M(128M) 1.750ms
[2024-10-12T11:24:09.603+0800][info] GC(256) User=0.00s Sys=0.00s Real=0.00s
[2024-10-12T11:24:09.705+0800][info] GC(257) Pause Young (Mixed) (G1 Evacuation Pause)
[2024-10-12T11:24:09.705+0800][info] GC(257) Using 3 workers of 48 for evacuation
[2024-10-12T11:24:09.708+0800][info] GC(257)   Pre Evacuate Collection Set: 0.2ms
[2024-10-12T11:24:09.708+0800][info] GC(257)   Merge Heap Roots: 0.1ms
[2024-10-12T11:24:09.708+0800][info] GC(257)   Evacuate Collection Set: 1.8ms
[2024-10-12T11:24:09.708+0800][info] GC(257)   Post Evacuate Collection Set: 0.2ms
[2024-10-12T11:24:09.708+0800][info] GC(257)   Other: 0.1ms
[2024-10-12T11:24:09.708+0800][info] GC(257) Eden regions: 2->0(2)
[2024-10-12T11:24:09.708+0800][info] GC(257) Survivor regions: 1->1(1)
[2024-10-12T11:24:09.708+0800][info] GC(257) Old regions: 48->48
[2024-10-12T11:24:09.708+0800][info] GC(257) Archive regions: 2->2
[2024-10-12T11:24:09.708+0800][info] GC(257) Humongous regions: 3->3
[2024-10-12T11:24:09.708+0800][info] GC(257) Metaspace: 1633K(1792K)->1633K(1792K) NonClass: 1509K(1600K)->1509K(1600K) Class: 124K(192K)->124K(192K)
[2024-10-12T11:24:09.708+0800][info] GC(257) Pause Young (Mixed) (G1 Evacuation Pause) 98M->96M(128M) 2.448ms
[2024-10-12T11:24:09.708+0800][info] GC(257) User=0.01s Sys=0.00s Real=0.00s
[2024-10-12T11:24:09.810+0800][info] GC(258) Pause Young (Mixed) (G1 Preventive Collection)
[2024-10-12T11:24:09.811+0800][info] GC(258) Using 3 workers of 48 for evacuation
[2024-10-12T11:24:09.813+0800][info] GC(258)   Pre Evacuate Collection Set: 0.2ms
[2024-10-12T11:24:09.813+0800][info] GC(258)   Merge Heap Roots: 0.1ms
[2024-10-12T11:24:09.813+0800][info] GC(258)   Evacuate Collection Set: 1.6ms
[2024-10-12T11:24:09.813+0800][info] GC(258)   Post Evacuate Collection Set: 0.2ms
[2024-10-12T11:24:09.813+0800][info] GC(258)   Other: 0.1ms
[2024-10-12T11:24:09.813+0800][info] GC(258) Eden regions: 2->0(2)
[2024-10-12T11:24:09.813+0800][info] GC(258) Survivor regions: 1->1(1)
[2024-10-12T11:24:09.813+0800][info] GC(258) Old regions: 48->48
[2024-10-12T11:24:09.813+0800][info] GC(258) Archive regions: 2->2
[2024-10-12T11:24:09.813+0800][info] GC(258) Humongous regions: 3->3
[2024-10-12T11:24:09.813+0800][info] GC(258) Metaspace: 1633K(1792K)->1633K(1792K) NonClass: 1509K(1600K)->1509K(1600K) Class: 124K(192K)->124K(192K)
[2024-10-12T11:24:09.813+0800][info] GC(258) Pause Young (Mixed) (G1 Preventive Collection) 99M->97M(128M) 2.244ms
[2024-10-12T11:24:09.813+0800][info] GC(258) User=0.01s Sys=0.00s Real=0.00s
[2024-10-12T11:24:09.915+0800][info] GC(259) Pause Young (Mixed) (G1 Preventive Collection)
[2024-10-12T11:24:09.915+0800][info] GC(259) Using 3 workers of 48 for evacuation
[2024-10-12T11:24:09.917+0800][info] GC(259)   Pre Evacuate Collection Set: 0.2ms
[2024-10-12T11:24:09.917+0800][info] GC(259)   Merge Heap Roots: 0.1ms
[2024-10-12T11:24:09.917+0800][info] GC(259)   Evacuate Collection Set: 1.8ms
[2024-10-12T11:24:09.917+0800][info] GC(259)   Post Evacuate Collection Set: 0.2ms
[2024-10-12T11:24:09.917+0800][info] GC(259)   Other: 0.1ms
[2024-10-12T11:24:09.917+0800][info] GC(259) Eden regions: 2->0(2)
[2024-10-12T11:24:09.917+0800][info] GC(259) Survivor regions: 1->1(1)
[2024-10-12T11:24:09.917+0800][info] GC(259) Old regions: 48->48
[2024-10-12T11:24:09.917+0800][info] GC(259) Archive regions: 2->2
[2024-10-12T11:24:09.917+0800][info] GC(259) Humongous regions: 3->3
[2024-10-12T11:24:09.917+0800][info] GC(259) Metaspace: 1633K(1792K)->1633K(1792K) NonClass: 1509K(1600K)->1509K(1600K) Class: 124K(192K)->124K(192K)
[2024-10-12T11:24:09.917+0800][info] GC(259) Pause Young (Mixed) (G1 Preventive Collection) 100M->98M(128M) 2.593ms
[2024-10-12T11:24:09.917+0800][info] GC(259) User=0.00s Sys=0.00s Real=0.00s
[2024-10-12T11:24:10.020+0800][info] GC(260) Pause Young (Mixed) (G1 Preventive Collection)
[2024-10-12T11:24:10.020+0800][info] GC(260) Using 3 workers of 48 for evacuation
[2024-10-12T11:24:10.023+0800][info] GC(260)   Pre Evacuate Collection Set: 0.2ms
[2024-10-12T11:24:10.023+0800][info] GC(260)   Merge Heap Roots: 0.1ms
[2024-10-12T11:24:10.023+0800][info] GC(260)   Evacuate Collection Set: 2.2ms
[2024-10-12T11:24:10.023+0800][info] GC(260)   Post Evacuate Collection Set: 0.3ms
[2024-10-12T11:24:10.023+0800][info] GC(260)   Other: 0.1ms
[2024-10-12T11:24:10.023+0800][info] GC(260) Eden regions: 2->0(2)
[2024-10-12T11:24:10.023+0800][info] GC(260) Survivor regions: 1->1(1)
[2024-10-12T11:24:10.023+0800][info] GC(260) Old regions: 48->48
[2024-10-12T11:24:10.023+0800][info] GC(260) Archive regions: 2->2
[2024-10-12T11:24:10.023+0800][info] GC(260) Humongous regions: 3->3
[2024-10-12T11:24:10.023+0800][info] GC(260) Metaspace: 1633K(1792K)->1633K(1792K) NonClass: 1509K(1600K)->1509K(1600K) Class: 124K(192K)->124K(192K)
[2024-10-12T11:24:10.023+0800][info] GC(260) Pause Young (Mixed) (G1 Preventive Collection) 101M->99M(128M) 3.002ms
[2024-10-12T11:24:10.023+0800][info] GC(260) User=0.01s Sys=0.00s Real=0.00s
[2024-10-12T11:24:10.125+0800][info] GC(261) Pause Young (Mixed) (G1 Preventive Collection)
[2024-10-12T11:24:10.125+0800][info] GC(261) Using 3 workers of 48 for evacuation
[2024-10-12T11:24:10.128+0800][info] GC(261)   Pre Evacuate Collection Set: 0.2ms
[2024-10-12T11:24:10.128+0800][info] GC(261)   Merge Heap Roots: 0.1ms
[2024-10-12T11:24:10.128+0800][info] GC(261)   Evacuate Collection Set: 2.0ms
[2024-10-12T11:24:10.128+0800][info] GC(261)   Post Evacuate Collection Set: 0.2ms
[2024-10-12T11:24:10.128+0800][info] GC(261)   Other: 0.1ms
[2024-10-12T11:24:10.128+0800][info] GC(261) Eden regions: 2->0(2)
[2024-10-12T11:24:10.128+0800][info] GC(261) Survivor regions: 1->1(1)
[2024-10-12T11:24:10.128+0800][info] GC(261) Old regions: 48->48
[2024-10-12T11:24:10.128+0800][info] GC(261) Archive regions: 2->2
[2024-10-12T11:24:10.128+0800][info] GC(261) Humongous regions: 3->3
[2024-10-12T11:24:10.128+0800][info] GC(261) Metaspace: 1633K(1792K)->1633K(1792K) NonClass: 1509K(1600K)->1509K(1600K) Class: 124K(192K)->124K(192K)
[2024-10-12T11:24:10.128+0800][info] GC(261) Pause Young (Mixed) (G1 Preventive Collection) 102M->100M(128M) 2.692ms
[2024-10-12T11:24:10.128+0800][info] GC(261) User=0.01s Sys=0.00s Real=0.00s
[2024-10-12T11:24:10.230+0800][info] GC(262) Pause Young (Mixed) (G1 Preventive Collection)
[2024-10-12T11:24:10.230+0800][info] GC(262) Using 3 workers of 48 for evacuation
[2024-10-12T11:24:10.233+0800][info] GC(262)   Pre Evacuate Collection Set: 0.2ms
[2024-10-12T11:24:10.233+0800][info] GC(262)   Merge Heap Roots: 0.1ms
[2024-10-12T11:24:10.233+0800][info] GC(262)   Evacuate Collection Set: 1.9ms
[2024-10-12T11:24:10.233+0800][info] GC(262)   Post Evacuate Collection Set: 0.2ms
[2024-10-12T11:24:10.233+0800][info] GC(262)   Other: 0.1ms
[2024-10-12T11:24:10.233+0800][info] GC(262) Eden regions: 2->0(2)
[2024-10-12T11:24:10.233+0800][info] GC(262) Survivor regions: 1->1(1)
[2024-10-12T11:24:10.233+0800][info] GC(262) Old regions: 48->48
[2024-10-12T11:24:10.233+0800][info] GC(262) Archive regions: 2->2
[2024-10-12T11:24:10.233+0800][info] GC(262) Humongous regions: 3->3
[2024-10-12T11:24:10.233+0800][info] GC(262) Metaspace: 1633K(1792K)->1633K(1792K) NonClass: 1509K(1600K)->1509K(1600K) Class: 124K(192K)->124K(192K)
[2024-10-12T11:24:10.233+0800][info] GC(262) Pause Young (Mixed) (G1 Preventive Collection) 103M->101M(128M) 2.574ms
[2024-10-12T11:24:10.233+0800][info] GC(262) User=0.00s Sys=0.00s Real=0.00s
[2024-10-12T11:24:10.335+0800][info] GC(263) Pause Young (Mixed) (G1 Evacuation Pause)
[2024-10-12T11:24:10.335+0800][info] GC(263) Using 3 workers of 48 for evacuation
[2024-10-12T11:24:10.338+0800][info] GC(263)   Pre Evacuate Collection Set: 0.2ms
[2024-10-12T11:24:10.338+0800][info] GC(263)   Merge Heap Roots: 0.1ms
[2024-10-12T11:24:10.338+0800][info] GC(263)   Evacuate Collection Set: 2.5ms
[2024-10-12T11:24:10.338+0800][info] GC(263)   Post Evacuate Collection Set: 0.2ms
[2024-10-12T11:24:10.338+0800][info] GC(263)   Other: 0.1ms
[2024-10-12T11:24:10.338+0800][info] GC(263) Eden regions: 2->0(2)
[2024-10-12T11:24:10.338+0800][info] GC(263) Survivor regions: 1->1(1)
[2024-10-12T11:24:10.338+0800][info] GC(263) Old regions: 48->49
[2024-10-12T11:24:10.338+0800][info] GC(263) Archive regions: 2->2
[2024-10-12T11:24:10.338+0800][info] GC(263) Humongous regions: 3->3
[2024-10-12T11:24:10.338+0800][info] GC(263) Metaspace: 1633K(1792K)->1633K(1792K) NonClass: 1509K(1600K)->1509K(1600K) Class: 124K(192K)->124K(192K)
[2024-10-12T11:24:10.338+0800][info] GC(263) Pause Young (Mixed) (G1 Evacuation Pause) 105M->105M(128M) 3.284ms
[2024-10-12T11:24:10.338+0800][info] GC(263) User=0.00s Sys=0.00s Real=0.00s
[2024-10-12T11:24:10.441+0800][info] GC(264) Pause Young (Normal) (G1 Evacuation Pause)
[2024-10-12T11:24:10.441+0800][info] GC(264) Using 3 workers of 48 for evacuation
[2024-10-12T11:24:10.442+0800][info] GC(264)   Pre Evacuate Collection Set: 0.1ms
[2024-10-12T11:24:10.442+0800][info] GC(264)   Merge Heap Roots: 0.0ms
[2024-10-12T11:24:10.442+0800][info] GC(264)   Evacuate Collection Set: 0.7ms
[2024-10-12T11:24:10.442+0800][info] GC(264)   Post Evacuate Collection Set: 0.2ms
[2024-10-12T11:24:10.442+0800][info] GC(264)   Other: 0.2ms
[2024-10-12T11:24:10.442+0800][info] GC(264) Eden regions: 2->0(2)
[2024-10-12T11:24:10.442+0800][info] GC(264) Survivor regions: 1->1(1)
[2024-10-12T11:24:10.442+0800][info] GC(264) Old regions: 49->51
[2024-10-12T11:24:10.442+0800][info] GC(264) Archive regions: 2->2
[2024-10-12T11:24:10.442+0800][info] GC(264) Humongous regions: 3->3
[2024-10-12T11:24:10.442+0800][info] GC(264) Metaspace: 1633K(1792K)->1633K(1792K) NonClass: 1509K(1600K)->1509K(1600K) Class: 124K(192K)->124K(192K)
[2024-10-12T11:24:10.442+0800][info] GC(264) Pause Young (Normal) (G1 Evacuation Pause) 108M->109M(128M) 1.363ms
[2024-10-12T11:24:10.442+0800][info] GC(264) User=0.00s Sys=0.00s Real=0.00s
[2024-10-12T11:24:10.544+0800][info] GC(265) Pause Young (Concurrent Start) (G1 Evacuation Pause)
[2024-10-12T11:24:10.544+0800][info] GC(265) Using 3 workers of 48 for evacuation
[2024-10-12T11:24:10.546+0800][info] GC(265)   Pre Evacuate Collection Set: 0.1ms
[2024-10-12T11:24:10.546+0800][info] GC(265)   Merge Heap Roots: 0.1ms
[2024-10-12T11:24:10.546+0800][info] GC(265)   Evacuate Collection Set: 0.8ms
[2024-10-12T11:24:10.546+0800][info] GC(265)   Post Evacuate Collection Set: 0.2ms
[2024-10-12T11:24:10.546+0800][info] GC(265)   Other: 0.3ms
[2024-10-12T11:24:10.546+0800][info] GC(265) Eden regions: 2->0(2)
[2024-10-12T11:24:10.546+0800][info] GC(265) Survivor regions: 1->1(1)
[2024-10-12T11:24:10.546+0800][info] GC(265) Old regions: 51->53
[2024-10-12T11:24:10.546+0800][info] GC(265) Archive regions: 2->2
[2024-10-12T11:24:10.546+0800][info] GC(265) Humongous regions: 3->3
[2024-10-12T11:24:10.546+0800][info] GC(265) Metaspace: 1633K(1792K)->1633K(1792K) NonClass: 1509K(1600K)->1509K(1600K) Class: 124K(192K)->124K(192K)
[2024-10-12T11:24:10.546+0800][info] GC(265) Pause Young (Concurrent Start) (G1 Evacuation Pause) 112M->113M(128M) 1.561ms
[2024-10-12T11:24:10.546+0800][info] GC(265) User=0.00s Sys=0.00s Real=0.01s
[2024-10-12T11:24:10.546+0800][info] GC(266) Concurrent Mark Cycle
[2024-10-12T11:24:10.546+0800][info] GC(266) Concurrent Clear Claimed Marks
[2024-10-12T11:24:10.546+0800][info] GC(266) Concurrent Clear Claimed Marks 0.018ms
[2024-10-12T11:24:10.546+0800][info] GC(266) Concurrent Scan Root Regions
[2024-10-12T11:24:10.546+0800][info] GC(266) Concurrent Scan Root Regions 0.164ms
[2024-10-12T11:24:10.546+0800][info] GC(266) Concurrent Mark
[2024-10-12T11:24:10.546+0800][info] GC(266) Concurrent Mark From Roots
[2024-10-12T11:24:10.546+0800][info] GC(266) Using 12 workers of 12 for marking
[2024-10-12T11:24:10.550+0800][info] GC(266) Concurrent Mark From Roots 3.471ms
[2024-10-12T11:24:10.550+0800][info] GC(266) Concurrent Preclean
[2024-10-12T11:24:10.551+0800][info] GC(266) Concurrent Preclean 1.683ms
[2024-10-12T11:24:10.551+0800][info] GC(266) Pause Remark
[2024-10-12T11:24:10.553+0800][info] GC(266) Pause Remark 113M->113M(128M) 1.536ms
[2024-10-12T11:24:10.553+0800][info] GC(266) User=0.00s Sys=0.00s Real=0.00s
[2024-10-12T11:24:10.553+0800][info] GC(266) Concurrent Mark 7.000ms
[2024-10-12T11:24:10.553+0800][info] GC(266) Concurrent Rebuild Remembered Sets
[2024-10-12T11:24:10.555+0800][info] GC(266) Concurrent Rebuild Remembered Sets 1.447ms
[2024-10-12T11:24:10.555+0800][info] GC(266) Pause Cleanup
[2024-10-12T11:24:10.555+0800][info] GC(266) Pause Cleanup 113M->113M(128M) 0.256ms
[2024-10-12T11:24:10.555+0800][info] GC(266) User=0.00s Sys=0.00s Real=0.00s
[2024-10-12T11:24:10.555+0800][info] GC(266) Concurrent Cleanup for Next Mark
[2024-10-12T11:24:10.556+0800][info] GC(266) Concurrent Cleanup for Next Mark 0.402ms
[2024-10-12T11:24:10.556+0800][info] GC(266) Concurrent Mark Cycle 9.674ms
[2024-10-12T11:24:10.699+0800][info] GC(267) Pause Young (Prepare Mixed) (G1 Preventive Collection)
[2024-10-12T11:24:10.699+0800][info] GC(267) Using 3 workers of 48 for evacuation
[2024-10-12T11:24:10.701+0800][info] GC(267)   Pre Evacuate Collection Set: 0.1ms
[2024-10-12T11:24:10.701+0800][info] GC(267)   Merge Heap Roots: 0.1ms
[2024-10-12T11:24:10.701+0800][info] GC(267)   Evacuate Collection Set: 0.8ms
[2024-10-12T11:24:10.701+0800][info] GC(267)   Post Evacuate Collection Set: 0.2ms
[2024-10-12T11:24:10.701+0800][info] GC(267)   Other: 0.2ms
[2024-10-12T11:24:10.701+0800][info] GC(267) Eden regions: 2->0(2)
[2024-10-12T11:24:10.701+0800][info] GC(267) Survivor regions: 1->1(1)
[2024-10-12T11:24:10.701+0800][info] GC(267) Old regions: 53->55
[2024-10-12T11:24:10.701+0800][info] GC(267) Archive regions: 2->2
[2024-10-12T11:24:10.701+0800][info] GC(267) Humongous regions: 3->3
[2024-10-12T11:24:10.701+0800][info] GC(267) Metaspace: 1633K(1792K)->1633K(1792K) NonClass: 1509K(1600K)->1509K(1600K) Class: 124K(192K)->124K(192K)
[2024-10-12T11:24:10.701+0800][info] GC(267) Pause Young (Prepare Mixed) (G1 Preventive Collection) 116M->116M(128M) 1.476ms
[2024-10-12T11:24:10.701+0800][info] GC(267) User=0.00s Sys=0.00s Real=0.00s
[2024-10-12T11:24:10.762+0800][info] GC(268) Pause Young (Mixed) (G1 Preventive Collection)
[2024-10-12T11:24:10.762+0800][info] GC(268) Using 3 workers of 48 for evacuation
[2024-10-12T11:24:10.763+0800][info] GC(268) To-space exhausted
[2024-10-12T11:24:10.763+0800][info] GC(268)   Pre Evacuate Collection Set: 0.2ms
[2024-10-12T11:24:10.763+0800][info] GC(268)   Merge Heap Roots: 0.1ms
[2024-10-12T11:24:10.763+0800][info] GC(268)   Evacuate Collection Set: 0.7ms
[2024-10-12T11:24:10.763+0800][info] GC(268)   Post Evacuate Collection Set: 0.2ms
[2024-10-12T11:24:10.763+0800][info] GC(268)   Other: 0.2ms
[2024-10-12T11:24:10.763+0800][info] GC(268) Eden regions: 1->0(2)
[2024-10-12T11:24:10.763+0800][info] GC(268) Survivor regions: 1->1(1)
[2024-10-12T11:24:10.763+0800][info] GC(268) Old regions: 55->53
[2024-10-12T11:24:10.763+0800][info] GC(268) Archive regions: 2->2
[2024-10-12T11:24:10.763+0800][info] GC(268) Humongous regions: 3->3
[2024-10-12T11:24:10.763+0800][info] GC(268) Metaspace: 1633K(1792K)->1633K(1792K) NonClass: 1509K(1600K)->1509K(1600K) Class: 124K(192K)->124K(192K)
[2024-10-12T11:24:10.763+0800][info] GC(268) Pause Young (Mixed) (G1 Preventive Collection) 118M->114M(128M) 1.365ms
[2024-10-12T11:24:10.763+0800][info] GC(268) User=0.01s Sys=0.00s Real=0.00s
[2024-10-12T11:24:10.805+0800][info] GC(269) Pause Young (Mixed) (G1 Preventive Collection)
[2024-10-12T11:24:10.805+0800][info] GC(269) Using 3 workers of 48 for evacuation
[2024-10-12T11:24:10.806+0800][info] GC(269) To-space exhausted
[2024-10-12T11:24:10.806+0800][info] GC(269)   Pre Evacuate Collection Set: 0.2ms
[2024-10-12T11:24:10.806+0800][info] GC(269)   Merge Heap Roots: 0.1ms
[2024-10-12T11:24:10.806+0800][info] GC(269)   Evacuate Collection Set: 1.2ms
[2024-10-12T11:24:10.806+0800][info] GC(269)   Post Evacuate Collection Set: 0.3ms
[2024-10-12T11:24:10.806+0800][info] GC(269)   Other: 0.2ms
[2024-10-12T11:24:10.806+0800][info] GC(269) Eden regions: 1->0(2)
[2024-10-12T11:24:10.806+0800][info] GC(269) Survivor regions: 1->1(1)
[2024-10-12T11:24:10.806+0800][info] GC(269) Old regions: 53->54
[2024-10-12T11:24:10.806+0800][info] GC(269) Archive regions: 2->2
[2024-10-12T11:24:10.806+0800][info] GC(269) Humongous regions: 3->3
[2024-10-12T11:24:10.806+0800][info] GC(269) Metaspace: 1633K(1792K)->1633K(1792K) NonClass: 1509K(1600K)->1509K(1600K) Class: 124K(192K)->124K(192K)
[2024-10-12T11:24:10.806+0800][info] GC(269) Pause Young (Mixed) (G1 Preventive Collection) 116M->116M(128M) 1.932ms
[2024-10-12T11:24:10.806+0800][info] GC(269) User=0.00s Sys=0.00s Real=0.01s
[2024-10-12T11:24:10.868+0800][info] GC(270) Pause Young (Mixed) (G1 Preventive Collection)
[2024-10-12T11:24:10.868+0800][info] GC(270) Using 3 workers of 48 for evacuation
[2024-10-12T11:24:10.870+0800][info] GC(270) To-space exhausted
[2024-10-12T11:24:10.870+0800][info] GC(270)   Pre Evacuate Collection Set: 0.2ms
[2024-10-12T11:24:10.870+0800][info] GC(270)   Merge Heap Roots: 0.1ms
[2024-10-12T11:24:10.870+0800][info] GC(270)   Evacuate Collection Set: 1.3ms
[2024-10-12T11:24:10.870+0800][info] GC(270)   Post Evacuate Collection Set: 0.4ms
[2024-10-12T11:24:10.870+0800][info] GC(270)   Other: 0.1ms
[2024-10-12T11:24:10.870+0800][info] GC(270) Eden regions: 1->0(2)
[2024-10-12T11:24:10.870+0800][info] GC(270) Survivor regions: 1->1(1)
[2024-10-12T11:24:10.870+0800][info] GC(270) Old regions: 54->57
[2024-10-12T11:24:10.870+0800][info] GC(270) Archive regions: 2->2
[2024-10-12T11:24:10.870+0800][info] GC(270) Humongous regions: 3->3
[2024-10-12T11:24:10.870+0800][info] GC(270) Metaspace: 1633K(1792K)->1633K(1792K) NonClass: 1509K(1600K)->1509K(1600K) Class: 124K(192K)->124K(192K)
[2024-10-12T11:24:10.870+0800][info] GC(270) Pause Young (Mixed) (G1 Preventive Collection) 118M->122M(128M) 2.200ms
[2024-10-12T11:24:10.870+0800][info] GC(270) User=0.01s Sys=0.00s Real=0.00s
[2024-10-12T11:24:10.911+0800][info] GC(271) Pause Young (Mixed) (G1 Evacuation Pause)
[2024-10-12T11:24:10.912+0800][info] GC(271) Using 3 workers of 48 for evacuation
[2024-10-12T11:24:10.913+0800][info] GC(271) To-space exhausted
[2024-10-12T11:24:10.913+0800][info] GC(271)   Pre Evacuate Collection Set: 0.2ms
[2024-10-12T11:24:10.913+0800][info] GC(271)   Merge Heap Roots: 0.1ms
[2024-10-12T11:24:10.913+0800][info] GC(271)   Evacuate Collection Set: 1.0ms
[2024-10-12T11:24:10.913+0800][info] GC(271)   Post Evacuate Collection Set: 0.5ms
[2024-10-12T11:24:10.913+0800][info] GC(271)   Other: 0.2ms
[2024-10-12T11:24:10.913+0800][info] GC(271) Eden regions: 1->0(3)
[2024-10-12T11:24:10.913+0800][info] GC(271) Survivor regions: 1->0(0)
[2024-10-12T11:24:10.913+0800][info] GC(271) Old regions: 57->59
[2024-10-12T11:24:10.913+0800][info] GC(271) Archive regions: 2->2
[2024-10-12T11:24:10.913+0800][info] GC(271) Humongous regions: 3->3
[2024-10-12T11:24:10.913+0800][info] GC(271) Metaspace: 1633K(1792K)->1633K(1792K) NonClass: 1509K(1600K)->1509K(1600K) Class: 124K(192K)->124K(192K)
[2024-10-12T11:24:10.913+0800][info] GC(271) Pause Young (Mixed) (G1 Evacuation Pause) 123M->123M(128M) 1.927ms
[2024-10-12T11:24:10.913+0800][info] GC(271) User=0.00s Sys=0.00s Real=0.01s
[2024-10-12T11:24:10.913+0800][info] Attempting full compaction
[2024-10-12T11:24:10.913+0800][info] GC(272) Using 3 workers of 48 for full compaction
[2024-10-12T11:24:10.914+0800][info] GC(272) Pause Full (G1 Compaction Pause)
[2024-10-12T11:24:10.914+0800][info] GC(272) Phase 1: Mark live objects
[2024-10-12T11:24:10.917+0800][info] GC(272) Phase 1: Mark live objects 3.197ms
[2024-10-12T11:24:10.917+0800][info] GC(272) Phase 2: Prepare for compaction
[2024-10-12T11:24:10.918+0800][info] GC(272) Phase 2: Prepare for compaction 0.735ms
[2024-10-12T11:24:10.918+0800][info] GC(272) Phase 3: Adjust pointers
[2024-10-12T11:24:10.919+0800][info] GC(272) Phase 3: Adjust pointers 1.541ms
[2024-10-12T11:24:10.919+0800][info] GC(272) Phase 4: Compact heap
[2024-10-12T11:24:10.928+0800][info] GC(272) Phase 4: Compact heap 9.281ms
[2024-10-12T11:24:10.930+0800][info] GC(272) Eden regions: 0->0(4)
[2024-10-12T11:24:10.930+0800][info] GC(272) Survivor regions: 0->0(0)
[2024-10-12T11:24:10.930+0800][info] GC(272) Old regions: 59->38
[2024-10-12T11:24:10.930+0800][info] GC(272) Archive regions: 2->2
[2024-10-12T11:24:10.930+0800][info] GC(272) Humongous regions: 3->3
[2024-10-12T11:24:10.930+0800][info] GC(272) Metaspace: 1633K(1792K)->1633K(1792K) NonClass: 1509K(1600K)->1509K(1600K) Class: 124K(192K)->124K(192K)
[2024-10-12T11:24:10.930+0800][info] GC(272) Pause Full (G1 Compaction Pause) 123M->71M(128M) 16.468ms
[2024-10-12T11:24:10.930+0800][info] GC(272) User=0.04s Sys=0.00s Real=0.01s
[2024-10-12T11:24:11.155+0800][info] GC(273) Pause Young (Normal) (G1 Evacuation Pause)
[2024-10-12T11:24:11.155+0800][info] GC(273) Using 3 workers of 48 for evacuation
[2024-10-12T11:24:11.157+0800][info] GC(273)   Pre Evacuate Collection Set: 0.1ms
[2024-10-12T11:24:11.157+0800][info] GC(273)   Merge Heap Roots: 0.1ms
[2024-10-12T11:24:11.157+0800][info] GC(273)   Evacuate Collection Set: 1.2ms
[2024-10-12T11:24:11.157+0800][info] GC(273)   Post Evacuate Collection Set: 0.2ms
[2024-10-12T11:24:11.157+0800][info] GC(273)   Other: 0.2ms
[2024-10-12T11:24:11.157+0800][info] GC(273) Eden regions: 4->0(2)
[2024-10-12T11:24:11.157+0800][info] GC(273) Survivor regions: 0->1(1)
[2024-10-12T11:24:11.157+0800][info] GC(273) Old regions: 38->42
[2024-10-12T11:24:11.157+0800][info] GC(273) Archive regions: 2->2
[2024-10-12T11:24:11.157+0800][info] GC(273) Humongous regions: 3->3
[2024-10-12T11:24:11.157+0800][info] GC(273) Metaspace: 1633K(1792K)->1633K(1792K) NonClass: 1509K(1600K)->1509K(1600K) Class: 124K(192K)->124K(192K)
[2024-10-12T11:24:11.157+0800][info] GC(273) Pause Young (Normal) (G1 Evacuation Pause) 79M->80M(128M) 1.931ms
[2024-10-12T11:24:11.157+0800][info] GC(273) User=0.00s Sys=0.00s Real=0.00s
[2024-10-12T11:24:11.259+0800][info] GC(274) Pause Young (Normal) (G1 Evacuation Pause)
[2024-10-12T11:24:11.259+0800][info] GC(274) Using 3 workers of 48 for evacuation
[2024-10-12T11:24:11.261+0800][info] GC(274)   Pre Evacuate Collection Set: 0.1ms
[2024-10-12T11:24:11.261+0800][info] GC(274)   Merge Heap Roots: 0.1ms
[2024-10-12T11:24:11.261+0800][info] GC(274)   Evacuate Collection Set: 0.7ms
[2024-10-12T11:24:11.261+0800][info] GC(274)   Post Evacuate Collection Set: 0.2ms
[2024-10-12T11:24:11.261+0800][info] GC(274)   Other: 0.2ms
[2024-10-12T11:24:11.261+0800][info] GC(274) Eden regions: 2->0(2)
[2024-10-12T11:24:11.261+0800][info] GC(274) Survivor regions: 1->1(1)
[2024-10-12T11:24:11.261+0800][info] GC(274) Old regions: 42->44
[2024-10-12T11:24:11.261+0800][info] GC(274) Archive regions: 2->2
[2024-10-12T11:24:11.261+0800][info] GC(274) Humongous regions: 3->3
[2024-10-12T11:24:11.261+0800][info] GC(274) Metaspace: 1633K(1792K)->1633K(1792K) NonClass: 1509K(1600K)->1509K(1600K) Class: 124K(192K)->124K(192K)
[2024-10-12T11:24:11.261+0800][info] GC(274) Pause Young (Normal) (G1 Evacuation Pause) 84M->84M(128M) 1.351ms
[2024-10-12T11:24:11.261+0800][info] GC(274) User=0.00s Sys=0.00s Real=0.00s
[2024-10-12T11:24:11.363+0800][info] GC(275) Pause Young (Normal) (G1 Evacuation Pause)
[2024-10-12T11:24:11.363+0800][info] GC(275) Using 3 workers of 48 for evacuation
[2024-10-12T11:24:11.365+0800][info] GC(275)   Pre Evacuate Collection Set: 0.1ms
[2024-10-12T11:24:11.365+0800][info] GC(275)   Merge Heap Roots: 0.0ms
[2024-10-12T11:24:11.365+0800][info] GC(275)   Evacuate Collection Set: 0.8ms
[2024-10-12T11:24:11.365+0800][info] GC(275)   Post Evacuate Collection Set: 0.2ms
[2024-10-12T11:24:11.365+0800][info] GC(275)   Other: 0.2ms
[2024-10-12T11:24:11.365+0800][info] GC(275) Eden regions: 2->0(2)
[2024-10-12T11:24:11.365+0800][info] GC(275) Survivor regions: 1->1(1)
[2024-10-12T11:24:11.365+0800][info] GC(275) Old regions: 44->46
[2024-10-12T11:24:11.365+0800][info] GC(275) Archive regions: 2->2
[2024-10-12T11:24:11.365+0800][info] GC(275) Humongous regions: 3->3
[2024-10-12T11:24:11.365+0800][info] GC(275) Metaspace: 1633K(1792K)->1633K(1792K) NonClass: 1509K(1600K)->1509K(1600K) Class: 124K(192K)->124K(192K)
[2024-10-12T11:24:11.365+0800][info] GC(275) Pause Young (Normal) (G1 Evacuation Pause) 87M->88M(128M) 1.485ms
[2024-10-12T11:24:11.365+0800][info] GC(275) User=0.00s Sys=0.00s Real=0.00s
[2024-10-12T11:24:11.467+0800][info] GC(276) Pause Young (Normal) (G1 Evacuation Pause)
[2024-10-12T11:24:11.467+0800][info] GC(276) Using 3 workers of 48 for evacuation
[2024-10-12T11:24:11.468+0800][info] GC(276)   Pre Evacuate Collection Set: 0.1ms
[2024-10-12T11:24:11.468+0800][info] GC(276)   Merge Heap Roots: 0.0ms
[2024-10-12T11:24:11.468+0800][info] GC(276)   Evacuate Collection Set: 0.7ms
[2024-10-12T11:24:11.468+0800][info] GC(276)   Post Evacuate Collection Set: 0.2ms
[2024-10-12T11:24:11.468+0800][info] GC(276)   Other: 0.2ms
[2024-10-12T11:24:11.468+0800][info] GC(276) Eden regions: 2->0(2)
[2024-10-12T11:24:11.468+0800][info] GC(276) Survivor regions: 1->1(1)
[2024-10-12T11:24:11.468+0800][info] GC(276) Old regions: 46->48
[2024-10-12T11:24:11.468+0800][info] GC(276) Archive regions: 2->2
[2024-10-12T11:24:11.468+0800][info] GC(276) Humongous regions: 3->3
[2024-10-12T11:24:11.468+0800][info] GC(276) Metaspace: 1633K(1792K)->1633K(1792K) NonClass: 1509K(1600K)->1509K(1600K) Class: 124K(192K)->124K(192K)
[2024-10-12T11:24:11.468+0800][info] GC(276) Pause Young (Normal) (G1 Evacuation Pause) 91M->92M(128M) 1.320ms
[2024-10-12T11:24:11.468+0800][info] GC(276) User=0.00s Sys=0.00s Real=0.00s
[2024-10-12T11:24:11.570+0800][info] GC(277) Pause Young (Concurrent Start) (G1 Evacuation Pause)
[2024-10-12T11:24:11.570+0800][info] GC(277) Using 3 workers of 48 for evacuation
[2024-10-12T11:24:11.572+0800][info] GC(277)   Pre Evacuate Collection Set: 0.1ms
[2024-10-12T11:24:11.572+0800][info] GC(277)   Merge Heap Roots: 0.0ms
[2024-10-12T11:24:11.572+0800][info] GC(277)   Evacuate Collection Set: 0.8ms
[2024-10-12T11:24:11.572+0800][info] GC(277)   Post Evacuate Collection Set: 0.2ms
[2024-10-12T11:24:11.572+0800][info] GC(277)   Other: 0.3ms
[2024-10-12T11:24:11.572+0800][info] GC(277) Eden regions: 2->0(2)
[2024-10-12T11:24:11.572+0800][info] GC(277) Survivor regions: 1->1(1)
[2024-10-12T11:24:11.572+0800][info] GC(277) Old regions: 48->50
[2024-10-12T11:24:11.572+0800][info] GC(277) Archive regions: 2->2
[2024-10-12T11:24:11.572+0800][info] GC(277) Humongous regions: 3->3
[2024-10-12T11:24:11.572+0800][info] GC(277) Metaspace: 1633K(1792K)->1633K(1792K) NonClass: 1509K(1600K)->1509K(1600K) Class: 124K(192K)->124K(192K)
[2024-10-12T11:24:11.572+0800][info] GC(277) Pause Young (Concurrent Start) (G1 Evacuation Pause) 95M->96M(128M) 1.536ms
[2024-10-12T11:24:11.572+0800][info] GC(277) User=0.01s Sys=0.00s Real=0.00s
[2024-10-12T11:24:11.572+0800][info] GC(278) Concurrent Mark Cycle
[2024-10-12T11:24:11.572+0800][info] GC(278) Concurrent Clear Claimed Marks
[2024-10-12T11:24:11.572+0800][info] GC(278) Concurrent Clear Claimed Marks 0.017ms
[2024-10-12T11:24:11.572+0800][info] GC(278) Concurrent Scan Root Regions
[2024-10-12T11:24:11.572+0800][info] GC(278) Concurrent Scan Root Regions 0.156ms
[2024-10-12T11:24:11.572+0800][info] GC(278) Concurrent Mark
[2024-10-12T11:24:11.572+0800][info] GC(278) Concurrent Mark From Roots
[2024-10-12T11:24:11.572+0800][info] GC(278) Using 12 workers of 12 for marking
[2024-10-12T11:24:11.576+0800][info] GC(278) Concurrent Mark From Roots 3.461ms
[2024-10-12T11:24:11.576+0800][info] GC(278) Concurrent Preclean
[2024-10-12T11:24:11.578+0800][info] GC(278) Concurrent Preclean 1.831ms
[2024-10-12T11:24:11.578+0800][info] GC(278) Pause Remark
[2024-10-12T11:24:11.579+0800][info] GC(278) Pause Remark 96M->96M(128M) 1.599ms
[2024-10-12T11:24:11.579+0800][info] GC(278) User=0.00s Sys=0.00s Real=0.00s
[2024-10-12T11:24:11.580+0800][info] GC(278) Concurrent Mark 7.274ms
[2024-10-12T11:24:11.580+0800][info] GC(278) Concurrent Rebuild Remembered Sets
[2024-10-12T11:24:11.581+0800][info] GC(278) Concurrent Rebuild Remembered Sets 1.327ms
[2024-10-12T11:24:11.581+0800][info] GC(278) Pause Cleanup
[2024-10-12T11:24:11.581+0800][info] GC(278) Pause Cleanup 96M->96M(128M) 0.179ms
[2024-10-12T11:24:11.581+0800][info] GC(278) User=0.00s Sys=0.00s Real=0.00s
[2024-10-12T11:24:11.581+0800][info] GC(278) Concurrent Cleanup for Next Mark
[2024-10-12T11:24:11.582+0800][info] GC(278) Concurrent Cleanup for Next Mark 0.394ms
[2024-10-12T11:24:11.582+0800][info] GC(278) Concurrent Mark Cycle 9.715ms
[2024-10-12T11:24:11.725+0800][info] GC(279) Pause Young (Prepare Mixed) (G1 Evacuation Pause)
[2024-10-12T11:24:11.725+0800][info] GC(279) Using 3 workers of 48 for evacuation
[2024-10-12T11:24:11.726+0800][info] GC(279)   Pre Evacuate Collection Set: 0.1ms
[2024-10-12T11:24:11.726+0800][info] GC(279)   Merge Heap Roots: 0.1ms
[2024-10-12T11:24:11.726+0800][info] GC(279)   Evacuate Collection Set: 0.8ms
[2024-10-12T11:24:11.726+0800][info] GC(279)   Post Evacuate Collection Set: 0.2ms
[2024-10-12T11:24:11.727+0800][info] GC(279)   Other: 0.2ms
[2024-10-12T11:24:11.727+0800][info] GC(279) Eden regions: 2->0(2)
[2024-10-12T11:24:11.727+0800][info] GC(279) Survivor regions: 1->1(1)
[2024-10-12T11:24:11.727+0800][info] GC(279) Old regions: 50->51
[2024-10-12T11:24:11.727+0800][info] GC(279) Archive regions: 2->2
[2024-10-12T11:24:11.727+0800][info] GC(279) Humongous regions: 3->3
[2024-10-12T11:24:11.727+0800][info] GC(279) Metaspace: 1633K(1792K)->1633K(1792K) NonClass: 1509K(1600K)->1509K(1600K) Class: 124K(192K)->124K(192K)
[2024-10-12T11:24:11.727+0800][info] GC(279) Pause Young (Prepare Mixed) (G1 Evacuation Pause) 99M->99M(128M) 1.538ms
[2024-10-12T11:24:11.727+0800][info] GC(279) User=0.00s Sys=0.00s Real=0.01s
[2024-10-12T11:24:11.789+0800][info] GC(280) Pause Young (Mixed) (G1 Preventive Collection)
[2024-10-12T11:24:11.789+0800][info] GC(280) Using 3 workers of 48 for evacuation
[2024-10-12T11:24:11.790+0800][info] GC(280)   Pre Evacuate Collection Set: 0.2ms
[2024-10-12T11:24:11.790+0800][info] GC(280)   Merge Heap Roots: 0.1ms
[2024-10-12T11:24:11.790+0800][info] GC(280)   Evacuate Collection Set: 1.0ms
[2024-10-12T11:24:11.790+0800][info] GC(280)   Post Evacuate Collection Set: 0.2ms
[2024-10-12T11:24:11.790+0800][info] GC(280)   Other: 0.2ms
[2024-10-12T11:24:11.790+0800][info] GC(280) Eden regions: 1->0(2)
[2024-10-12T11:24:11.790+0800][info] GC(280) Survivor regions: 1->1(1)
[2024-10-12T11:24:11.790+0800][info] GC(280) Old regions: 51->48
[2024-10-12T11:24:11.791+0800][info] GC(280) Archive regions: 2->2
[2024-10-12T11:24:11.791+0800][info] GC(280) Humongous regions: 4->3
[2024-10-12T11:24:11.791+0800][info] GC(280) Metaspace: 1633K(1792K)->1633K(1792K) NonClass: 1509K(1600K)->1509K(1600K) Class: 124K(192K)->124K(192K)
[2024-10-12T11:24:11.791+0800][info] GC(280) Pause Young (Mixed) (G1 Preventive Collection) 103M->95M(128M) 1.707ms
[2024-10-12T11:24:11.791+0800][info] GC(280) User=0.01s Sys=0.00s Real=0.00s
[2024-10-12T11:24:11.893+0800][info] GC(281) Pause Young (Mixed) (G1 Evacuation Pause)
[2024-10-12T11:24:11.893+0800][info] GC(281) Using 3 workers of 48 for evacuation
[2024-10-12T11:24:11.895+0800][info] GC(281)   Pre Evacuate Collection Set: 0.2ms
[2024-10-12T11:24:11.895+0800][info] GC(281)   Merge Heap Roots: 0.1ms
[2024-10-12T11:24:11.895+0800][info] GC(281)   Evacuate Collection Set: 1.6ms
[2024-10-12T11:24:11.895+0800][info] GC(281)   Post Evacuate Collection Set: 0.2ms
[2024-10-12T11:24:11.895+0800][info] GC(281)   Other: 0.1ms
[2024-10-12T11:24:11.895+0800][info] GC(281) Eden regions: 2->0(2)
[2024-10-12T11:24:11.895+0800][info] GC(281) Survivor regions: 1->1(1)
[2024-10-12T11:24:11.895+0800][info] GC(281) Old regions: 48->48
[2024-10-12T11:24:11.895+0800][info] GC(281) Archive regions: 2->2
[2024-10-12T11:24:11.895+0800][info] GC(281) Humongous regions: 3->3
[2024-10-12T11:24:11.895+0800][info] GC(281) Metaspace: 1633K(1792K)->1633K(1792K) NonClass: 1509K(1600K)->1509K(1600K) Class: 124K(192K)->124K(192K)
[2024-10-12T11:24:11.895+0800][info] GC(281) Pause Young (Mixed) (G1 Evacuation Pause) 99M->96M(128M) 2.313ms
[2024-10-12T11:24:11.895+0800][info] GC(281) User=0.00s Sys=0.00s Real=0.01s
[2024-10-12T11:24:11.997+0800][info] GC(282) Pause Young (Mixed) (G1 Preventive Collection)
[2024-10-12T11:24:11.998+0800][info] GC(282) Using 3 workers of 48 for evacuation
[2024-10-12T11:24:12.000+0800][info] GC(282)   Pre Evacuate Collection Set: 0.2ms
[2024-10-12T11:24:12.000+0800][info] GC(282)   Merge Heap Roots: 0.1ms
[2024-10-12T11:24:12.000+0800][info] GC(282)   Evacuate Collection Set: 1.6ms
[2024-10-12T11:24:12.000+0800][info] GC(282)   Post Evacuate Collection Set: 0.2ms
[2024-10-12T11:24:12.000+0800][info] GC(282)   Other: 0.1ms
[2024-10-12T11:24:12.000+0800][info] GC(282) Eden regions: 2->0(2)
[2024-10-12T11:24:12.000+0800][info] GC(282) Survivor regions: 1->1(1)
[2024-10-12T11:24:12.000+0800][info] GC(282) Old regions: 48->48
[2024-10-12T11:24:12.000+0800][info] GC(282) Archive regions: 2->2
[2024-10-12T11:24:12.000+0800][info] GC(282) Humongous regions: 3->3
[2024-10-12T11:24:12.000+0800][info] GC(282) Metaspace: 1633K(1792K)->1633K(1792K) NonClass: 1509K(1600K)->1509K(1600K) Class: 124K(192K)->124K(192K)
[2024-10-12T11:24:12.000+0800][info] GC(282) Pause Young (Mixed) (G1 Preventive Collection) 99M->97M(128M) 2.343ms
[2024-10-12T11:24:12.000+0800][info] GC(282) User=0.01s Sys=0.00s Real=0.00s
[2024-10-12T11:24:12.102+0800][info] GC(283) Pause Young (Mixed) (G1 Preventive Collection)
[2024-10-12T11:24:12.102+0800][info] GC(283) Using 3 workers of 48 for evacuation
[2024-10-12T11:24:12.104+0800][info] GC(283)   Pre Evacuate Collection Set: 0.2ms
[2024-10-12T11:24:12.104+0800][info] GC(283)   Merge Heap Roots: 0.1ms
[2024-10-12T11:24:12.104+0800][info] GC(283)   Evacuate Collection Set: 1.7ms
[2024-10-12T11:24:12.104+0800][info] GC(283)   Post Evacuate Collection Set: 0.2ms
[2024-10-12T11:24:12.104+0800][info] GC(283)   Other: 0.1ms
[2024-10-12T11:24:12.104+0800][info] GC(283) Eden regions: 2->0(2)
[2024-10-12T11:24:12.104+0800][info] GC(283) Survivor regions: 1->1(1)
[2024-10-12T11:24:12.104+0800][info] GC(283) Old regions: 48->47
[2024-10-12T11:24:12.104+0800][info] GC(283) Archive regions: 2->2
[2024-10-12T11:24:12.104+0800][info] GC(283) Humongous regions: 3->3
[2024-10-12T11:24:12.104+0800][info] GC(283) Metaspace: 1633K(1792K)->1633K(1792K) NonClass: 1509K(1600K)->1509K(1600K) Class: 124K(192K)->124K(192K)
[2024-10-12T11:24:12.104+0800][info] GC(283) Pause Young (Mixed) (G1 Preventive Collection) 100M->97M(128M) 2.387ms
[2024-10-12T11:24:12.104+0800][info] GC(283) User=0.01s Sys=0.00s Real=0.00s
[2024-10-12T11:24:12.207+0800][info] GC(284) Pause Young (Mixed) (G1 Evacuation Pause)
[2024-10-12T11:24:12.207+0800][info] GC(284) Using 3 workers of 48 for evacuation
[2024-10-12T11:24:12.209+0800][info] GC(284)   Pre Evacuate Collection Set: 0.2ms
[2024-10-12T11:24:12.209+0800][info] GC(284)   Merge Heap Roots: 0.1ms
[2024-10-12T11:24:12.209+0800][info] GC(284)   Evacuate Collection Set: 2.1ms
[2024-10-12T11:24:12.209+0800][info] GC(284)   Post Evacuate Collection Set: 0.2ms
[2024-10-12T11:24:12.209+0800][info] GC(284)   Other: 0.1ms
[2024-10-12T11:24:12.209+0800][info] GC(284) Eden regions: 2->0(2)
[2024-10-12T11:24:12.209+0800][info] GC(284) Survivor regions: 1->1(1)
[2024-10-12T11:24:12.209+0800][info] GC(284) Old regions: 47->47
[2024-10-12T11:24:12.209+0800][info] GC(284) Archive regions: 2->2
[2024-10-12T11:24:12.210+0800][info] GC(284) Humongous regions: 3->3
[2024-10-12T11:24:12.210+0800][info] GC(284) Metaspace: 1633K(1792K)->1633K(1792K) NonClass: 1509K(1600K)->1509K(1600K) Class: 124K(192K)->124K(192K)
[2024-10-12T11:24:12.210+0800][info] GC(284) Pause Young (Mixed) (G1 Evacuation Pause) 100M->98M(128M) 2.786ms
[2024-10-12T11:24:12.210+0800][info] GC(284) User=0.01s Sys=0.00s Real=0.00s
[2024-10-12T11:24:12.312+0800][info] GC(285) Pause Young (Mixed) (G1 Evacuation Pause)
[2024-10-12T11:24:12.312+0800][info] GC(285) Using 3 workers of 48 for evacuation
[2024-10-12T11:24:12.314+0800][info] GC(285)   Pre Evacuate Collection Set: 0.2ms
[2024-10-12T11:24:12.314+0800][info] GC(285)   Merge Heap Roots: 0.1ms
[2024-10-12T11:24:12.314+0800][info] GC(285)   Evacuate Collection Set: 2.3ms
[2024-10-12T11:24:12.314+0800][info] GC(285)   Post Evacuate Collection Set: 0.2ms
[2024-10-12T11:24:12.314+0800][info] GC(285)   Other: 0.2ms
[2024-10-12T11:24:12.314+0800][info] GC(285) Eden regions: 2->0(2)
[2024-10-12T11:24:12.315+0800][info] GC(285) Survivor regions: 1->1(1)
[2024-10-12T11:24:12.315+0800][info] GC(285) Old regions: 47->47
[2024-10-12T11:24:12.315+0800][info] GC(285) Archive regions: 2->2
[2024-10-12T11:24:12.315+0800][info] GC(285) Humongous regions: 3->3
[2024-10-12T11:24:12.315+0800][info] GC(285) Metaspace: 1633K(1792K)->1633K(1792K) NonClass: 1509K(1600K)->1509K(1600K) Class: 124K(192K)->124K(192K)
[2024-10-12T11:24:12.315+0800][info] GC(285) Pause Young (Mixed) (G1 Evacuation Pause) 101M->99M(128M) 3.031ms
[2024-10-12T11:24:12.315+0800][info] GC(285) User=0.00s Sys=0.00s Real=0.01s
[2024-10-12T11:24:12.417+0800][info] GC(286) Pause Young (Mixed) (G1 Evacuation Pause)
[2024-10-12T11:24:12.417+0800][info] GC(286) Using 3 workers of 48 for evacuation
[2024-10-12T11:24:12.421+0800][info] GC(286)   Pre Evacuate Collection Set: 0.2ms
[2024-10-12T11:24:12.421+0800][info] GC(286)   Merge Heap Roots: 0.1ms
[2024-10-12T11:24:12.421+0800][info] GC(286)   Evacuate Collection Set: 2.9ms
[2024-10-12T11:24:12.421+0800][info] GC(286)   Post Evacuate Collection Set: 0.3ms
[2024-10-12T11:24:12.421+0800][info] GC(286)   Other: 0.2ms
[2024-10-12T11:24:12.421+0800][info] GC(286) Eden regions: 2->0(2)
[2024-10-12T11:24:12.421+0800][info] GC(286) Survivor regions: 1->1(1)
[2024-10-12T11:24:12.421+0800][info] GC(286) Old regions: 47->46
[2024-10-12T11:24:12.421+0800][info] GC(286) Archive regions: 2->2
[2024-10-12T11:24:12.421+0800][info] GC(286) Humongous regions: 3->3
[2024-10-12T11:24:12.421+0800][info] GC(286) Metaspace: 1633K(1792K)->1633K(1792K) NonClass: 1509K(1600K)->1509K(1600K) Class: 124K(192K)->124K(192K)
[2024-10-12T11:24:12.421+0800][info] GC(286) Pause Young (Mixed) (G1 Evacuation Pause) 103M->100M(128M) 3.799ms
[2024-10-12T11:24:12.421+0800][info] GC(286) User=0.01s Sys=0.00s Real=0.00s
[2024-10-12T11:24:12.523+0800][info] GC(287) Pause Young (Normal) (G1 Evacuation Pause)
[2024-10-12T11:24:12.523+0800][info] GC(287) Using 3 workers of 48 for evacuation
[2024-10-12T11:24:12.524+0800][info] GC(287)   Pre Evacuate Collection Set: 0.1ms
[2024-10-12T11:24:12.524+0800][info] GC(287)   Merge Heap Roots: 0.0ms
[2024-10-12T11:24:12.524+0800][info] GC(287)   Evacuate Collection Set: 0.7ms
[2024-10-12T11:24:12.524+0800][info] GC(287)   Post Evacuate Collection Set: 0.2ms
[2024-10-12T11:24:12.524+0800][info] GC(287)   Other: 0.2ms
[2024-10-12T11:24:12.524+0800][info] GC(287) Eden regions: 2->0(2)
[2024-10-12T11:24:12.524+0800][info] GC(287) Survivor regions: 1->1(1)
[2024-10-12T11:24:12.524+0800][info] GC(287) Old regions: 46->48
[2024-10-12T11:24:12.524+0800][info] GC(287) Archive regions: 2->2
[2024-10-12T11:24:12.524+0800][info] GC(287) Humongous regions: 3->3
[2024-10-12T11:24:12.524+0800][info] GC(287) Metaspace: 1633K(1792K)->1633K(1792K) NonClass: 1509K(1600K)->1509K(1600K) Class: 124K(192K)->124K(192K)
[2024-10-12T11:24:12.524+0800][info] GC(287) Pause Young (Normal) (G1 Evacuation Pause) 104M->104M(128M) 1.318ms
[2024-10-12T11:24:12.524+0800][info] GC(287) User=0.00s Sys=0.00s Real=0.00s
[2024-10-12T11:24:12.627+0800][info] GC(288) Pause Young (Normal) (G1 Evacuation Pause)
[2024-10-12T11:24:12.627+0800][info] GC(288) Using 3 workers of 48 for evacuation
[2024-10-12T11:24:12.628+0800][info] GC(288)   Pre Evacuate Collection Set: 0.1ms
[2024-10-12T11:24:12.628+0800][info] GC(288)   Merge Heap Roots: 0.0ms
[2024-10-12T11:24:12.628+0800][info] GC(288)   Evacuate Collection Set: 0.7ms
[2024-10-12T11:24:12.628+0800][info] GC(288)   Post Evacuate Collection Set: 0.2ms
[2024-10-12T11:24:12.628+0800][info] GC(288)   Other: 0.2ms
[2024-10-12T11:24:12.628+0800][info] GC(288) Eden regions: 2->0(2)
[2024-10-12T11:24:12.628+0800][info] GC(288) Survivor regions: 1->1(1)
[2024-10-12T11:24:12.628+0800][info] GC(288) Old regions: 48->50
[2024-10-12T11:24:12.628+0800][info] GC(288) Archive regions: 2->2
[2024-10-12T11:24:12.628+0800][info] GC(288) Humongous regions: 3->3
[2024-10-12T11:24:12.628+0800][info] GC(288) Metaspace: 1633K(1792K)->1633K(1792K) NonClass: 1509K(1600K)->1509K(1600K) Class: 124K(192K)->124K(192K)
[2024-10-12T11:24:12.628+0800][info] GC(288) Pause Young (Normal) (G1 Evacuation Pause) 107M->107M(128M) 1.319ms
[2024-10-12T11:24:12.628+0800][info] GC(288) User=0.00s Sys=0.00s Real=0.00s
[2024-10-12T11:24:12.730+0800][info] GC(289) Pause Young (Concurrent Start) (G1 Evacuation Pause)
[2024-10-12T11:24:12.730+0800][info] GC(289) Using 3 workers of 48 for evacuation
[2024-10-12T11:24:12.731+0800][info] GC(289)   Pre Evacuate Collection Set: 0.1ms
[2024-10-12T11:24:12.731+0800][info] GC(289)   Merge Heap Roots: 0.0ms
[2024-10-12T11:24:12.731+0800][info] GC(289)   Evacuate Collection Set: 0.8ms
[2024-10-12T11:24:12.731+0800][info] GC(289)   Post Evacuate Collection Set: 0.2ms
[2024-10-12T11:24:12.731+0800][info] GC(289)   Other: 0.4ms
[2024-10-12T11:24:12.731+0800][info] GC(289) Eden regions: 2->0(2)
[2024-10-12T11:24:12.731+0800][info] GC(289) Survivor regions: 1->1(1)
[2024-10-12T11:24:12.731+0800][info] GC(289) Old regions: 50->52
[2024-10-12T11:24:12.732+0800][info] GC(289) Archive regions: 2->2
[2024-10-12T11:24:12.732+0800][info] GC(289) Humongous regions: 3->3
[2024-10-12T11:24:12.732+0800][info] GC(289) Metaspace: 1633K(1792K)->1633K(1792K) NonClass: 1509K(1600K)->1509K(1600K) Class: 124K(192K)->124K(192K)
[2024-10-12T11:24:12.732+0800][info] GC(289) Pause Young (Concurrent Start) (G1 Evacuation Pause) 111M->111M(128M) 1.566ms
[2024-10-12T11:24:12.732+0800][info] GC(289) User=0.00s Sys=0.00s Real=0.00s
[2024-10-12T11:24:12.732+0800][info] GC(290) Concurrent Mark Cycle
[2024-10-12T11:24:12.732+0800][info] GC(290) Concurrent Clear Claimed Marks
[2024-10-12T11:24:12.732+0800][info] GC(290) Concurrent Clear Claimed Marks 0.019ms
[2024-10-12T11:24:12.732+0800][info] GC(290) Concurrent Scan Root Regions
[2024-10-12T11:24:12.732+0800][info] GC(290) Concurrent Scan Root Regions 0.163ms
[2024-10-12T11:24:12.732+0800][info] GC(290) Concurrent Mark
[2024-10-12T11:24:12.732+0800][info] GC(290) Concurrent Mark From Roots
[2024-10-12T11:24:12.732+0800][info] GC(290) Using 12 workers of 12 for marking
[2024-10-12T11:24:12.736+0800][info] GC(290) Concurrent Mark From Roots 3.518ms
[2024-10-12T11:24:12.736+0800][info] GC(290) Concurrent Preclean
[2024-10-12T11:24:12.737+0800][info] GC(290) Concurrent Preclean 1.709ms
[2024-10-12T11:24:12.737+0800][info] GC(290) Pause Remark
[2024-10-12T11:24:12.739+0800][info] GC(290) Pause Remark 112M->112M(128M) 1.562ms
[2024-10-12T11:24:12.739+0800][info] GC(290) User=0.00s Sys=0.01s Real=0.00s
[2024-10-12T11:24:12.739+0800][info] GC(290) Concurrent Mark 7.052ms
[2024-10-12T11:24:12.739+0800][info] GC(290) Concurrent Rebuild Remembered Sets
[2024-10-12T11:24:12.741+0800][info] GC(290) Concurrent Rebuild Remembered Sets 1.593ms
[2024-10-12T11:24:12.741+0800][info] GC(290) Pause Cleanup
[2024-10-12T11:24:12.741+0800][info] GC(290) Pause Cleanup 112M->112M(128M) 0.219ms
[2024-10-12T11:24:12.741+0800][info] GC(290) User=0.00s Sys=0.00s Real=0.00s
[2024-10-12T11:24:12.741+0800][info] GC(290) Concurrent Cleanup for Next Mark
[2024-10-12T11:24:12.742+0800][info] GC(290) Concurrent Cleanup for Next Mark 0.321ms
[2024-10-12T11:24:12.742+0800][info] GC(290) Concurrent Mark Cycle 9.903ms
[2024-10-12T11:24:12.885+0800][info] GC(291) Pause Young (Prepare Mixed) (G1 Preventive Collection)
[2024-10-12T11:24:12.885+0800][info] GC(291) Using 3 workers of 48 for evacuation
[2024-10-12T11:24:12.886+0800][info] GC(291)   Pre Evacuate Collection Set: 0.1ms
[2024-10-12T11:24:12.886+0800][info] GC(291)   Merge Heap Roots: 0.1ms
[2024-10-12T11:24:12.886+0800][info] GC(291)   Evacuate Collection Set: 0.8ms
[2024-10-12T11:24:12.887+0800][info] GC(291)   Post Evacuate Collection Set: 0.2ms
[2024-10-12T11:24:12.887+0800][info] GC(291)   Other: 0.2ms
[2024-10-12T11:24:12.887+0800][info] GC(291) Eden regions: 2->0(2)
[2024-10-12T11:24:12.887+0800][info] GC(291) Survivor regions: 1->1(1)
[2024-10-12T11:24:12.887+0800][info] GC(291) Old regions: 52->54
[2024-10-12T11:24:12.887+0800][info] GC(291) Archive regions: 2->2
[2024-10-12T11:24:12.887+0800][info] GC(291) Humongous regions: 3->3
[2024-10-12T11:24:12.887+0800][info] GC(291) Metaspace: 1633K(1792K)->1633K(1792K) NonClass: 1509K(1600K)->1509K(1600K) Class: 124K(192K)->124K(192K)
[2024-10-12T11:24:12.887+0800][info] GC(291) Pause Young (Prepare Mixed) (G1 Preventive Collection) 115M->115M(128M) 1.472ms
[2024-10-12T11:24:12.887+0800][info] GC(291) User=0.00s Sys=0.00s Real=0.00s
[2024-10-12T11:24:12.948+0800][info] GC(292) Pause Young (Mixed) (G1 Preventive Collection)
[2024-10-12T11:24:12.948+0800][info] GC(292) Using 3 workers of 48 for evacuation
[2024-10-12T11:24:12.950+0800][info] GC(292)   Pre Evacuate Collection Set: 0.2ms
[2024-10-12T11:24:12.950+0800][info] GC(292)   Merge Heap Roots: 0.1ms
[2024-10-12T11:24:12.950+0800][info] GC(292)   Evacuate Collection Set: 1.2ms
[2024-10-12T11:24:12.950+0800][info] GC(292)   Post Evacuate Collection Set: 0.2ms
[2024-10-12T11:24:12.950+0800][info] GC(292)   Other: 0.2ms
[2024-10-12T11:24:12.950+0800][info] GC(292) Eden regions: 1->0(2)
[2024-10-12T11:24:12.950+0800][info] GC(292) Survivor regions: 1->1(1)
[2024-10-12T11:24:12.950+0800][info] GC(292) Old regions: 54->51
[2024-10-12T11:24:12.950+0800][info] GC(292) Archive regions: 2->2
[2024-10-12T11:24:12.950+0800][info] GC(292) Humongous regions: 3->3
[2024-10-12T11:24:12.950+0800][info] GC(292) Metaspace: 1633K(1792K)->1633K(1792K) NonClass: 1509K(1600K)->1509K(1600K) Class: 124K(192K)->124K(192K)
[2024-10-12T11:24:12.950+0800][info] GC(292) Pause Young (Mixed) (G1 Preventive Collection) 117M->109M(128M) 1.957ms
[2024-10-12T11:24:12.950+0800][info] GC(292) User=0.01s Sys=0.00s Real=0.00s
[2024-10-12T11:24:13.052+0800][info] GC(293) Pause Young (Mixed) (G1 Preventive Collection)
[2024-10-12T11:24:13.052+0800][info] GC(293) Using 3 workers of 48 for evacuation
[2024-10-12T11:24:13.054+0800][info] GC(293)   Pre Evacuate Collection Set: 0.2ms
[2024-10-12T11:24:13.054+0800][info] GC(293)   Merge Heap Roots: 0.1ms
[2024-10-12T11:24:13.054+0800][info] GC(293)   Evacuate Collection Set: 1.6ms
[2024-10-12T11:24:13.054+0800][info] GC(293)   Post Evacuate Collection Set: 0.2ms
[2024-10-12T11:24:13.054+0800][info] GC(293)   Other: 0.1ms
[2024-10-12T11:24:13.054+0800][info] GC(293) Eden regions: 2->0(2)
[2024-10-12T11:24:13.054+0800][info] GC(293) Survivor regions: 1->1(1)
[2024-10-12T11:24:13.054+0800][info] GC(293) Old regions: 51->50
[2024-10-12T11:24:13.054+0800][info] GC(293) Archive regions: 2->2
[2024-10-12T11:24:13.054+0800][info] GC(293) Humongous regions: 3->3
[2024-10-12T11:24:13.054+0800][info] GC(293) Metaspace: 1633K(1792K)->1633K(1792K) NonClass: 1509K(1600K)->1509K(1600K) Class: 124K(192K)->124K(192K)
[2024-10-12T11:24:13.054+0800][info] GC(293) Pause Young (Mixed) (G1 Preventive Collection) 112M->107M(128M) 2.261ms
[2024-10-12T11:24:13.054+0800][info] GC(293) User=0.00s Sys=0.00s Real=0.01s
[2024-10-12T11:24:13.157+0800][info] GC(294) Pause Young (Mixed) (G1 Preventive Collection)
[2024-10-12T11:24:13.157+0800][info] GC(294) Using 3 workers of 48 for evacuation
[2024-10-12T11:24:13.159+0800][info] GC(294)   Pre Evacuate Collection Set: 0.2ms
[2024-10-12T11:24:13.159+0800][info] GC(294)   Merge Heap Roots: 0.1ms
[2024-10-12T11:24:13.159+0800][info] GC(294)   Evacuate Collection Set: 1.6ms
[2024-10-12T11:24:13.159+0800][info] GC(294)   Post Evacuate Collection Set: 0.2ms
[2024-10-12T11:24:13.159+0800][info] GC(294)   Other: 0.1ms
[2024-10-12T11:24:13.159+0800][info] GC(294) Eden regions: 2->0(2)
[2024-10-12T11:24:13.159+0800][info] GC(294) Survivor regions: 1->1(1)
[2024-10-12T11:24:13.159+0800][info] GC(294) Old regions: 50->49
[2024-10-12T11:24:13.159+0800][info] GC(294) Archive regions: 2->2
[2024-10-12T11:24:13.159+0800][info] GC(294) Humongous regions: 3->3
[2024-10-12T11:24:13.159+0800][info] GC(294) Metaspace: 1633K(1792K)->1633K(1792K) NonClass: 1509K(1600K)->1509K(1600K) Class: 124K(192K)->124K(192K)
[2024-10-12T11:24:13.159+0800][info] GC(294) Pause Young (Mixed) (G1 Preventive Collection) 110M->106M(128M) 2.378ms
[2024-10-12T11:24:13.159+0800][info] GC(294) User=0.01s Sys=0.00s Real=0.00s
[2024-10-12T11:24:13.261+0800][info] GC(295) Pause Young (Mixed) (G1 Preventive Collection)
[2024-10-12T11:24:13.261+0800][info] GC(295) Using 3 workers of 48 for evacuation
[2024-10-12T11:24:13.264+0800][info] GC(295)   Pre Evacuate Collection Set: 0.2ms
[2024-10-12T11:24:13.264+0800][info] GC(295)   Merge Heap Roots: 0.1ms
[2024-10-12T11:24:13.264+0800][info] GC(295)   Evacuate Collection Set: 1.8ms
[2024-10-12T11:24:13.264+0800][info] GC(295)   Post Evacuate Collection Set: 0.2ms
[2024-10-12T11:24:13.264+0800][info] GC(295)   Other: 0.1ms
[2024-10-12T11:24:13.264+0800][info] GC(295) Eden regions: 2->0(2)
[2024-10-12T11:24:13.264+0800][info] GC(295) Survivor regions: 1->1(1)
[2024-10-12T11:24:13.264+0800][info] GC(295) Old regions: 49->49
[2024-10-12T11:24:13.264+0800][info] GC(295) Archive regions: 2->2
[2024-10-12T11:24:13.264+0800][info] GC(295) Humongous regions: 3->3
[2024-10-12T11:24:13.264+0800][info] GC(295) Metaspace: 1633K(1792K)->1633K(1792K) NonClass: 1509K(1600K)->1509K(1600K) Class: 124K(192K)->124K(192K)
[2024-10-12T11:24:13.264+0800][info] GC(295) Pause Young (Mixed) (G1 Preventive Collection) 110M->106M(128M) 2.504ms
[2024-10-12T11:24:13.264+0800][info] GC(295) User=0.01s Sys=0.00s Real=0.00s
[2024-10-12T11:24:13.366+0800][info] GC(296) Pause Young (Mixed) (G1 Preventive Collection)
[2024-10-12T11:24:13.366+0800][info] GC(296) Using 3 workers of 48 for evacuation
[2024-10-12T11:24:13.368+0800][info] GC(296)   Pre Evacuate Collection Set: 0.2ms
[2024-10-12T11:24:13.368+0800][info] GC(296)   Merge Heap Roots: 0.1ms
[2024-10-12T11:24:13.368+0800][info] GC(296)   Evacuate Collection Set: 1.6ms
[2024-10-12T11:24:13.368+0800][info] GC(296)   Post Evacuate Collection Set: 0.2ms
[2024-10-12T11:24:13.368+0800][info] GC(296)   Other: 0.1ms
[2024-10-12T11:24:13.368+0800][info] GC(296) Eden regions: 2->0(2)
[2024-10-12T11:24:13.368+0800][info] GC(296) Survivor regions: 1->1(1)
[2024-10-12T11:24:13.368+0800][info] GC(296) Old regions: 49->49
[2024-10-12T11:24:13.368+0800][info] GC(296) Archive regions: 2->2
[2024-10-12T11:24:13.368+0800][info] GC(296) Humongous regions: 3->3
[2024-10-12T11:24:13.368+0800][info] GC(296) Metaspace: 1633K(1792K)->1633K(1792K) NonClass: 1509K(1600K)->1509K(1600K) Class: 124K(192K)->124K(192K)
[2024-10-12T11:24:13.368+0800][info] GC(296) Pause Young (Mixed) (G1 Preventive Collection) 110M->106M(128M) 2.304ms
[2024-10-12T11:24:13.368+0800][info] GC(296) User=0.00s Sys=0.00s Real=0.00s
[2024-10-12T11:24:13.471+0800][info] GC(297) Pause Young (Mixed) (G1 Preventive Collection)
[2024-10-12T11:24:13.471+0800][info] GC(297) Using 3 workers of 48 for evacuation
[2024-10-12T11:24:13.473+0800][info] GC(297)   Pre Evacuate Collection Set: 0.2ms
[2024-10-12T11:24:13.473+0800][info] GC(297)   Merge Heap Roots: 0.1ms
[2024-10-12T11:24:13.473+0800][info] GC(297)   Evacuate Collection Set: 1.9ms
[2024-10-12T11:24:13.473+0800][info] GC(297)   Post Evacuate Collection Set: 0.2ms
[2024-10-12T11:24:13.473+0800][info] GC(297)   Other: 0.1ms
[2024-10-12T11:24:13.473+0800][info] GC(297) Eden regions: 2->0(2)
[2024-10-12T11:24:13.473+0800][info] GC(297) Survivor regions: 1->1(1)
[2024-10-12T11:24:13.473+0800][info] GC(297) Old regions: 49->49
[2024-10-12T11:24:13.473+0800][info] GC(297) Archive regions: 2->2
[2024-10-12T11:24:13.473+0800][info] GC(297) Humongous regions: 3->3
[2024-10-12T11:24:13.473+0800][info] GC(297) Metaspace: 1633K(1792K)->1633K(1792K) NonClass: 1509K(1600K)->1509K(1600K) Class: 124K(192K)->124K(192K)
[2024-10-12T11:24:13.473+0800][info] GC(297) Pause Young (Mixed) (G1 Preventive Collection) 109M->106M(128M) 2.525ms
[2024-10-12T11:24:13.473+0800][info] GC(297) User=0.00s Sys=0.00s Real=0.00s
[2024-10-12T11:24:13.576+0800][info] GC(298) Pause Young (Mixed) (G1 Preventive Collection)
[2024-10-12T11:24:13.576+0800][info] GC(298) Using 3 workers of 48 for evacuation
[2024-10-12T11:24:13.578+0800][info] GC(298)   Pre Evacuate Collection Set: 0.1ms
[2024-10-12T11:24:13.578+0800][info] GC(298)   Merge Heap Roots: 0.1ms
[2024-10-12T11:24:13.578+0800][info] GC(298)   Evacuate Collection Set: 1.9ms
[2024-10-12T11:24:13.578+0800][info] GC(298)   Post Evacuate Collection Set: 0.2ms
[2024-10-12T11:24:13.578+0800][info] GC(298)   Other: 0.3ms
[2024-10-12T11:24:13.578+0800][info] GC(298) Eden regions: 2->0(2)
[2024-10-12T11:24:13.578+0800][info] GC(298) Survivor regions: 1->1(1)
[2024-10-12T11:24:13.578+0800][info] GC(298) Old regions: 49->49
[2024-10-12T11:24:13.578+0800][info] GC(298) Archive regions: 2->2
[2024-10-12T11:24:13.578+0800][info] GC(298) Humongous regions: 3->3
[2024-10-12T11:24:13.578+0800][info] GC(298) Metaspace: 1633K(1792K)->1633K(1792K) NonClass: 1509K(1600K)->1509K(1600K) Class: 124K(192K)->124K(192K)
[2024-10-12T11:24:13.578+0800][info] GC(298) Pause Young (Mixed) (G1 Preventive Collection) 109M->106M(128M) 2.764ms
[2024-10-12T11:24:13.578+0800][info] GC(298) User=0.01s Sys=0.00s Real=0.00s
[2024-10-12T11:24:13.640+0800][info] GC(299) Pause Young (Mixed) (G1 Preventive Collection)
[2024-10-12T11:24:13.640+0800][info] GC(299) Using 3 workers of 48 for evacuation
[2024-10-12T11:24:13.643+0800][info] GC(299)   Pre Evacuate Collection Set: 0.2ms
[2024-10-12T11:24:13.643+0800][info] GC(299)   Merge Heap Roots: 0.1ms
[2024-10-12T11:24:13.643+0800][info] GC(299)   Evacuate Collection Set: 3.1ms
[2024-10-12T11:24:13.643+0800][info] GC(299)   Post Evacuate Collection Set: 0.2ms
[2024-10-12T11:24:13.644+0800][info] GC(299)   Other: 0.1ms
[2024-10-12T11:24:13.644+0800][info] GC(299) Eden regions: 1->0(2)
[2024-10-12T11:24:13.644+0800][info] GC(299) Survivor regions: 1->1(1)
[2024-10-12T11:24:13.644+0800][info] GC(299) Old regions: 49->48
[2024-10-12T11:24:13.644+0800][info] GC(299) Archive regions: 2->2
[2024-10-12T11:24:13.644+0800][info] GC(299) Humongous regions: 3->3
[2024-10-12T11:24:13.644+0800][info] GC(299) Metaspace: 1633K(1792K)->1633K(1792K) NonClass: 1509K(1600K)->1509K(1600K) Class: 124K(192K)->124K(192K)
[2024-10-12T11:24:13.644+0800][info] GC(299) Pause Young (Mixed) (G1 Preventive Collection) 108M->104M(128M) 3.826ms
[2024-10-12T11:24:13.644+0800][info] GC(299) User=0.01s Sys=0.01s Real=0.00s
[2024-10-12T11:24:13.746+0800][info] GC(300) Pause Young (Normal) (G1 Evacuation Pause)
[2024-10-12T11:24:13.746+0800][info] GC(300) Using 3 workers of 48 for evacuation
[2024-10-12T11:24:13.747+0800][info] GC(300)   Pre Evacuate Collection Set: 0.1ms
[2024-10-12T11:24:13.747+0800][info] GC(300)   Merge Heap Roots: 0.1ms
[2024-10-12T11:24:13.747+0800][info] GC(300)   Evacuate Collection Set: 0.7ms
[2024-10-12T11:24:13.747+0800][info] GC(300)   Post Evacuate Collection Set: 0.2ms
[2024-10-12T11:24:13.747+0800][info] GC(300)   Other: 0.2ms
[2024-10-12T11:24:13.747+0800][info] GC(300) Eden regions: 2->0(2)
[2024-10-12T11:24:13.747+0800][info] GC(300) Survivor regions: 1->1(1)
[2024-10-12T11:24:13.747+0800][info] GC(300) Old regions: 48->50
[2024-10-12T11:24:13.747+0800][info] GC(300) Archive regions: 2->2
[2024-10-12T11:24:13.747+0800][info] GC(300) Humongous regions: 3->3
[2024-10-12T11:24:13.747+0800][info] GC(300) Metaspace: 1633K(1792K)->1633K(1792K) NonClass: 1509K(1600K)->1509K(1600K) Class: 124K(192K)->124K(192K)
[2024-10-12T11:24:13.748+0800][info] GC(300) Pause Young (Normal) (G1 Evacuation Pause) 108M->109M(128M) 1.354ms
[2024-10-12T11:24:13.748+0800][info] GC(300) User=0.00s Sys=0.00s Real=0.00s
[2024-10-12T11:24:13.850+0800][info] GC(301) Pause Young (Concurrent Start) (G1 Evacuation Pause)
[2024-10-12T11:24:13.850+0800][info] GC(301) Using 3 workers of 48 for evacuation
[2024-10-12T11:24:13.851+0800][info] GC(301)   Pre Evacuate Collection Set: 0.1ms
[2024-10-12T11:24:13.851+0800][info] GC(301)   Merge Heap Roots: 0.0ms
[2024-10-12T11:24:13.851+0800][info] GC(301)   Evacuate Collection Set: 0.7ms
[2024-10-12T11:24:13.851+0800][info] GC(301)   Post Evacuate Collection Set: 0.2ms
[2024-10-12T11:24:13.851+0800][info] GC(301)   Other: 0.3ms
[2024-10-12T11:24:13.851+0800][info] GC(301) Eden regions: 2->0(2)
[2024-10-12T11:24:13.851+0800][info] GC(301) Survivor regions: 1->1(1)
[2024-10-12T11:24:13.851+0800][info] GC(301) Old regions: 50->52
[2024-10-12T11:24:13.851+0800][info] GC(301) Archive regions: 2->2
[2024-10-12T11:24:13.851+0800][info] GC(301) Humongous regions: 3->3
[2024-10-12T11:24:13.851+0800][info] GC(301) Metaspace: 1633K(1792K)->1633K(1792K) NonClass: 1509K(1600K)->1509K(1600K) Class: 124K(192K)->124K(192K)
[2024-10-12T11:24:13.851+0800][info] GC(301) Pause Young (Concurrent Start) (G1 Evacuation Pause) 112M->113M(128M) 1.498ms
[2024-10-12T11:24:13.851+0800][info] GC(301) User=0.01s Sys=0.00s Real=0.00s
[2024-10-12T11:24:13.851+0800][info] GC(302) Concurrent Mark Cycle
[2024-10-12T11:24:13.851+0800][info] GC(302) Concurrent Clear Claimed Marks
[2024-10-12T11:24:13.851+0800][info] GC(302) Concurrent Clear Claimed Marks 0.017ms
[2024-10-12T11:24:13.851+0800][info] GC(302) Concurrent Scan Root Regions
[2024-10-12T11:24:13.851+0800][info] GC(302) Concurrent Scan Root Regions 0.160ms
[2024-10-12T11:24:13.851+0800][info] GC(302) Concurrent Mark
[2024-10-12T11:24:13.851+0800][info] GC(302) Concurrent Mark From Roots
[2024-10-12T11:24:13.851+0800][info] GC(302) Using 12 workers of 12 for marking
[2024-10-12T11:24:13.855+0800][info] GC(302) Concurrent Mark From Roots 3.487ms
[2024-10-12T11:24:13.855+0800][info] GC(302) Concurrent Preclean
[2024-10-12T11:24:13.857+0800][info] GC(302) Concurrent Preclean 1.689ms
[2024-10-12T11:24:13.857+0800][info] GC(302) Pause Remark
[2024-10-12T11:24:13.858+0800][info] GC(302) Pause Remark 113M->113M(128M) 1.586ms
[2024-10-12T11:24:13.858+0800][info] GC(302) User=0.01s Sys=0.00s Real=0.00s
[2024-10-12T11:24:13.858+0800][info] GC(302) Concurrent Mark 7.026ms
[2024-10-12T11:24:13.858+0800][info] GC(302) Concurrent Rebuild Remembered Sets
[2024-10-12T11:24:13.860+0800][info] GC(302) Concurrent Rebuild Remembered Sets 1.415ms
[2024-10-12T11:24:13.860+0800][info] GC(302) Pause Cleanup
[2024-10-12T11:24:13.860+0800][info] GC(302) Pause Cleanup 113M->113M(128M) 0.169ms
[2024-10-12T11:24:13.860+0800][info] GC(302) User=0.00s Sys=0.00s Real=0.00s
[2024-10-12T11:24:13.860+0800][info] GC(302) Concurrent Cleanup for Next Mark
[2024-10-12T11:24:13.861+0800][info] GC(302) Concurrent Cleanup for Next Mark 0.274ms
[2024-10-12T11:24:13.861+0800][info] GC(302) Concurrent Mark Cycle 9.430ms
[2024-10-12T11:24:13.964+0800][info] GC(303) Pause Young (Prepare Mixed) (G1 Preventive Collection)
[2024-10-12T11:24:13.964+0800][info] GC(303) Using 3 workers of 48 for evacuation
[2024-10-12T11:24:13.965+0800][info] GC(303)   Pre Evacuate Collection Set: 0.1ms
[2024-10-12T11:24:13.965+0800][info] GC(303)   Merge Heap Roots: 0.1ms
[2024-10-12T11:24:13.965+0800][info] GC(303)   Evacuate Collection Set: 0.8ms
[2024-10-12T11:24:13.965+0800][info] GC(303)   Post Evacuate Collection Set: 0.2ms
[2024-10-12T11:24:13.965+0800][info] GC(303)   Other: 0.2ms
[2024-10-12T11:24:13.965+0800][info] GC(303) Eden regions: 2->0(2)
[2024-10-12T11:24:13.965+0800][info] GC(303) Survivor regions: 1->1(1)
[2024-10-12T11:24:13.965+0800][info] GC(303) Old regions: 52->54
[2024-10-12T11:24:13.965+0800][info] GC(303) Archive regions: 2->2
[2024-10-12T11:24:13.965+0800][info] GC(303) Humongous regions: 3->3
[2024-10-12T11:24:13.965+0800][info] GC(303) Metaspace: 1634K(1792K)->1634K(1792K) NonClass: 1510K(1600K)->1510K(1600K) Class: 124K(192K)->124K(192K)
[2024-10-12T11:24:13.965+0800][info] GC(303) Pause Young (Prepare Mixed) (G1 Preventive Collection) 115M->116M(128M) 1.536ms
[2024-10-12T11:24:13.965+0800][info] GC(303) User=0.00s Sys=0.00s Real=0.01s
[2024-10-12T11:24:13.966+0800][info] GC(304) Pause Young (Mixed) (G1 Preventive Collection)
[2024-10-12T11:24:13.966+0800][info] GC(304) Using 3 workers of 48 for evacuation
[2024-10-12T11:24:13.967+0800][info] GC(304)   Pre Evacuate Collection Set: 0.1ms
[2024-10-12T11:24:13.967+0800][info] GC(304)   Merge Heap Roots: 0.1ms
[2024-10-12T11:24:13.967+0800][info] GC(304)   Evacuate Collection Set: 0.8ms
[2024-10-12T11:24:13.967+0800][info] GC(304)   Post Evacuate Collection Set: 0.2ms
[2024-10-12T11:24:13.967+0800][info] GC(304)   Other: 0.2ms
[2024-10-12T11:24:13.967+0800][info] GC(304) Eden regions: 0->0(3)
[2024-10-12T11:24:13.967+0800][info] GC(304) Survivor regions: 1->0(1)
[2024-10-12T11:24:13.967+0800][info] GC(304) Old regions: 54->52
[2024-10-12T11:24:13.967+0800][info] GC(304) Archive regions: 2->2
[2024-10-12T11:24:13.967+0800][info] GC(304) Humongous regions: 4->3
[2024-10-12T11:24:13.967+0800][info] GC(304) Metaspace: 1634K(1792K)->1634K(1792K) NonClass: 1510K(1600K)->1510K(1600K) Class: 124K(192K)->124K(192K)
[2024-10-12T11:24:13.967+0800][info] GC(304) Pause Young (Mixed) (G1 Preventive Collection) 118M->110M(128M) 1.549ms
[2024-10-12T11:24:13.967+0800][info] GC(304) User=0.00s Sys=0.00s Real=0.00s
[2024-10-12T11:24:14.090+0800][info] GC(305) Pause Young (Mixed) (G1 Preventive Collection)
[2024-10-12T11:24:14.090+0800][info] GC(305) Using 3 workers of 48 for evacuation
[2024-10-12T11:24:14.092+0800][info] GC(305)   Pre Evacuate Collection Set: 0.2ms
[2024-10-12T11:24:14.092+0800][info] GC(305)   Merge Heap Roots: 0.1ms
[2024-10-12T11:24:14.092+0800][info] GC(305)   Evacuate Collection Set: 1.2ms
[2024-10-12T11:24:14.092+0800][info] GC(305)   Post Evacuate Collection Set: 0.2ms
[2024-10-12T11:24:14.092+0800][info] GC(305)   Other: 0.1ms
[2024-10-12T11:24:14.092+0800][info] GC(305) Eden regions: 2->0(2)
[2024-10-12T11:24:14.092+0800][info] GC(305) Survivor regions: 0->1(1)
[2024-10-12T11:24:14.092+0800][info] GC(305) Old regions: 52->50
[2024-10-12T11:24:14.092+0800][info] GC(305) Archive regions: 2->2
[2024-10-12T11:24:14.092+0800][info] GC(305) Humongous regions: 3->3
[2024-10-12T11:24:14.092+0800][info] GC(305) Metaspace: 1635K(1792K)->1635K(1792K) NonClass: 1511K(1600K)->1511K(1600K) Class: 124K(192K)->124K(192K)
[2024-10-12T11:24:14.092+0800][info] GC(305) Pause Young (Mixed) (G1 Preventive Collection) 114M->108M(128M) 1.826ms
[2024-10-12T11:24:14.092+0800][info] GC(305) User=0.00s Sys=0.00s Real=0.00s
[2024-10-12T11:24:14.195+0800][info] GC(306) Pause Young (Mixed) (G1 Preventive Collection)
[2024-10-12T11:24:14.195+0800][info] GC(306) Using 3 workers of 48 for evacuation
[2024-10-12T11:24:14.197+0800][info] GC(306)   Pre Evacuate Collection Set: 0.2ms
[2024-10-12T11:24:14.197+0800][info] GC(306)   Merge Heap Roots: 0.1ms
[2024-10-12T11:24:14.197+0800][info] GC(306)   Evacuate Collection Set: 1.8ms
[2024-10-12T11:24:14.197+0800][info] GC(306)   Post Evacuate Collection Set: 0.2ms
[2024-10-12T11:24:14.197+0800][info] GC(306)   Other: 0.1ms
[2024-10-12T11:24:14.197+0800][info] GC(306) Eden regions: 2->0(2)
[2024-10-12T11:24:14.197+0800][info] GC(306) Survivor regions: 1->1(1)
[2024-10-12T11:24:14.197+0800][info] GC(306) Old regions: 50->49
[2024-10-12T11:24:14.197+0800][info] GC(306) Archive regions: 2->2
[2024-10-12T11:24:14.197+0800][info] GC(306) Humongous regions: 3->3
[2024-10-12T11:24:14.197+0800][info] GC(306) Metaspace: 1635K(1792K)->1635K(1792K) NonClass: 1511K(1600K)->1511K(1600K) Class: 124K(192K)->124K(192K)
[2024-10-12T11:24:14.197+0800][info] GC(306) Pause Young (Mixed) (G1 Preventive Collection) 112M->107M(128M) 2.463ms
[2024-10-12T11:24:14.197+0800][info] GC(306) User=0.00s Sys=0.00s Real=0.00s
[2024-10-12T11:24:14.299+0800][info] GC(307) Pause Young (Mixed) (G1 Preventive Collection)
[2024-10-12T11:24:14.299+0800][info] GC(307) Using 3 workers of 48 for evacuation
[2024-10-12T11:24:14.302+0800][info] GC(307)   Pre Evacuate Collection Set: 0.2ms
[2024-10-12T11:24:14.302+0800][info] GC(307)   Merge Heap Roots: 0.1ms
[2024-10-12T11:24:14.302+0800][info] GC(307)   Evacuate Collection Set: 1.8ms
[2024-10-12T11:24:14.302+0800][info] GC(307)   Post Evacuate Collection Set: 0.2ms
[2024-10-12T11:24:14.302+0800][info] GC(307)   Other: 0.1ms
[2024-10-12T11:24:14.302+0800][info] GC(307) Eden regions: 2->0(2)
[2024-10-12T11:24:14.302+0800][info] GC(307) Survivor regions: 1->1(1)
[2024-10-12T11:24:14.302+0800][info] GC(307) Old regions: 49->48
[2024-10-12T11:24:14.302+0800][info] GC(307) Archive regions: 2->2
[2024-10-12T11:24:14.302+0800][info] GC(307) Humongous regions: 3->3
[2024-10-12T11:24:14.302+0800][info] GC(307) Metaspace: 1635K(1792K)->1635K(1792K) NonClass: 1511K(1600K)->1511K(1600K) Class: 124K(192K)->124K(192K)
[2024-10-12T11:24:14.302+0800][info] GC(307) Pause Young (Mixed) (G1 Preventive Collection) 110M->105M(128M) 2.575ms
[2024-10-12T11:24:14.302+0800][info] GC(307) User=0.01s Sys=0.00s Real=0.00s
[2024-10-12T11:24:14.404+0800][info] GC(308) Pause Young (Mixed) (G1 Preventive Collection)
[2024-10-12T11:24:14.404+0800][info] GC(308) Using 3 workers of 48 for evacuation
[2024-10-12T11:24:14.407+0800][info] GC(308)   Pre Evacuate Collection Set: 0.2ms
[2024-10-12T11:24:14.407+0800][info] GC(308)   Merge Heap Roots: 0.1ms
[2024-10-12T11:24:14.407+0800][info] GC(308)   Evacuate Collection Set: 2.0ms
[2024-10-12T11:24:14.407+0800][info] GC(308)   Post Evacuate Collection Set: 0.2ms
[2024-10-12T11:24:14.407+0800][info] GC(308)   Other: 0.1ms
[2024-10-12T11:24:14.407+0800][info] GC(308) Eden regions: 2->0(2)
[2024-10-12T11:24:14.407+0800][info] GC(308) Survivor regions: 1->1(1)
[2024-10-12T11:24:14.407+0800][info] GC(308) Old regions: 48->48
[2024-10-12T11:24:14.407+0800][info] GC(308) Archive regions: 2->2
[2024-10-12T11:24:14.407+0800][info] GC(308) Humongous regions: 3->3
[2024-10-12T11:24:14.407+0800][info] GC(308) Metaspace: 1635K(1792K)->1635K(1792K) NonClass: 1511K(1600K)->1511K(1600K) Class: 124K(192K)->124K(192K)
[2024-10-12T11:24:14.407+0800][info] GC(308) Pause Young (Mixed) (G1 Preventive Collection) 108M->105M(128M) 2.700ms
[2024-10-12T11:24:14.407+0800][info] GC(308) User=0.01s Sys=0.00s Real=0.01s
[2024-10-12T11:24:14.509+0800][info] GC(309) Pause Young (Mixed) (G1 Preventive Collection)
[2024-10-12T11:24:14.509+0800][info] GC(309) Using 3 workers of 48 for evacuation
[2024-10-12T11:24:14.512+0800][info] GC(309)   Pre Evacuate Collection Set: 0.2ms
[2024-10-12T11:24:14.512+0800][info] GC(309)   Merge Heap Roots: 0.1ms
[2024-10-12T11:24:14.512+0800][info] GC(309)   Evacuate Collection Set: 1.9ms
[2024-10-12T11:24:14.512+0800][info] GC(309)   Post Evacuate Collection Set: 0.2ms
[2024-10-12T11:24:14.512+0800][info] GC(309)   Other: 0.1ms
[2024-10-12T11:24:14.512+0800][info] GC(309) Eden regions: 2->0(2)
[2024-10-12T11:24:14.512+0800][info] GC(309) Survivor regions: 1->1(1)
[2024-10-12T11:24:14.512+0800][info] GC(309) Old regions: 48->48
[2024-10-12T11:24:14.512+0800][info] GC(309) Archive regions: 2->2
[2024-10-12T11:24:14.512+0800][info] GC(309) Humongous regions: 3->3
[2024-10-12T11:24:14.512+0800][info] GC(309) Metaspace: 1635K(1792K)->1635K(1792K) NonClass: 1511K(1600K)->1511K(1600K) Class: 124K(192K)->124K(192K)
[2024-10-12T11:24:14.512+0800][info] GC(309) Pause Young (Mixed) (G1 Preventive Collection) 108M->105M(128M) 2.662ms
[2024-10-12T11:24:14.512+0800][info] GC(309) User=0.01s Sys=0.00s Real=0.00s
[2024-10-12T11:24:14.614+0800][info] GC(310) Pause Young (Mixed) (G1 Preventive Collection)
[2024-10-12T11:24:14.615+0800][info] GC(310) Using 3 workers of 48 for evacuation
[2024-10-12T11:24:14.617+0800][info] GC(310)   Pre Evacuate Collection Set: 0.2ms
[2024-10-12T11:24:14.617+0800][info] GC(310)   Merge Heap Roots: 0.1ms
[2024-10-12T11:24:14.617+0800][info] GC(310)   Evacuate Collection Set: 2.2ms
[2024-10-12T11:24:14.617+0800][info] GC(310)   Post Evacuate Collection Set: 0.2ms
[2024-10-12T11:24:14.617+0800][info] GC(310)   Other: 0.1ms
[2024-10-12T11:24:14.617+0800][info] GC(310) Eden regions: 2->0(2)
[2024-10-12T11:24:14.617+0800][info] GC(310) Survivor regions: 1->1(1)
[2024-10-12T11:24:14.617+0800][info] GC(310) Old regions: 48->48
[2024-10-12T11:24:14.617+0800][info] GC(310) Archive regions: 2->2
[2024-10-12T11:24:14.617+0800][info] GC(310) Humongous regions: 3->3
[2024-10-12T11:24:14.617+0800][info] GC(310) Metaspace: 1635K(1792K)->1635K(1792K) NonClass: 1511K(1600K)->1511K(1600K) Class: 124K(192K)->124K(192K)
[2024-10-12T11:24:14.617+0800][info] GC(310) Pause Young (Mixed) (G1 Preventive Collection) 108M->105M(128M) 2.933ms
[2024-10-12T11:24:14.617+0800][info] GC(310) User=0.01s Sys=0.00s Real=0.00s
[2024-10-12T11:24:14.720+0800][info] GC(311) Pause Young (Mixed) (G1 Preventive Collection)
[2024-10-12T11:24:14.720+0800][info] GC(311) Using 3 workers of 48 for evacuation
[2024-10-12T11:24:14.723+0800][info] GC(311)   Pre Evacuate Collection Set: 0.2ms
[2024-10-12T11:24:14.723+0800][info] GC(311)   Merge Heap Roots: 0.1ms
[2024-10-12T11:24:14.723+0800][info] GC(311)   Evacuate Collection Set: 3.3ms
[2024-10-12T11:24:14.723+0800][info] GC(311)   Post Evacuate Collection Set: 0.2ms
[2024-10-12T11:24:14.723+0800][info] GC(311)   Other: 0.1ms
[2024-10-12T11:24:14.723+0800][info] GC(311) Eden regions: 2->0(2)
[2024-10-12T11:24:14.723+0800][info] GC(311) Survivor regions: 1->1(1)
[2024-10-12T11:24:14.723+0800][info] GC(311) Old regions: 48->49
[2024-10-12T11:24:14.724+0800][info] GC(311) Archive regions: 2->2
[2024-10-12T11:24:14.724+0800][info] GC(311) Humongous regions: 3->3
[2024-10-12T11:24:14.724+0800][info] GC(311) Metaspace: 1635K(1792K)->1635K(1792K) NonClass: 1511K(1600K)->1511K(1600K) Class: 124K(192K)->124K(192K)
[2024-10-12T11:24:14.724+0800][info] GC(311) Pause Young (Mixed) (G1 Preventive Collection) 108M->106M(128M) 4.053ms
[2024-10-12T11:24:14.724+0800][info] GC(311) User=0.01s Sys=0.00s Real=0.00s
[2024-10-12T11:24:14.826+0800][info] GC(312) Pause Young (Normal) (G1 Evacuation Pause)
[2024-10-12T11:24:14.826+0800][info] GC(312) Using 3 workers of 48 for evacuation
[2024-10-12T11:24:14.827+0800][info] GC(312)   Pre Evacuate Collection Set: 0.1ms
[2024-10-12T11:24:14.827+0800][info] GC(312)   Merge Heap Roots: 0.0ms
[2024-10-12T11:24:14.827+0800][info] GC(312)   Evacuate Collection Set: 0.7ms
[2024-10-12T11:24:14.827+0800][info] GC(312)   Post Evacuate Collection Set: 0.2ms
[2024-10-12T11:24:14.827+0800][info] GC(312)   Other: 0.2ms
[2024-10-12T11:24:14.827+0800][info] GC(312) Eden regions: 2->0(2)
[2024-10-12T11:24:14.827+0800][info] GC(312) Survivor regions: 1->1(1)
[2024-10-12T11:24:14.827+0800][info] GC(312) Old regions: 49->51
[2024-10-12T11:24:14.827+0800][info] GC(312) Archive regions: 2->2
[2024-10-12T11:24:14.827+0800][info] GC(312) Humongous regions: 3->3
[2024-10-12T11:24:14.827+0800][info] GC(312) Metaspace: 1635K(1792K)->1635K(1792K) NonClass: 1511K(1600K)->1511K(1600K) Class: 124K(192K)->124K(192K)
[2024-10-12T11:24:14.827+0800][info] GC(312) Pause Young (Normal) (G1 Evacuation Pause) 110M->110M(128M) 1.308ms
[2024-10-12T11:24:14.827+0800][info] GC(312) User=0.00s Sys=0.00s Real=0.00s
[2024-10-12T11:24:14.929+0800][info] GC(313) Pause Young (Concurrent Start) (G1 Evacuation Pause)
[2024-10-12T11:24:14.930+0800][info] GC(313) Using 3 workers of 48 for evacuation
[2024-10-12T11:24:14.931+0800][info] GC(313)   Pre Evacuate Collection Set: 0.1ms
[2024-10-12T11:24:14.931+0800][info] GC(313)   Merge Heap Roots: 0.0ms
[2024-10-12T11:24:14.931+0800][info] GC(313)   Evacuate Collection Set: 0.8ms
[2024-10-12T11:24:14.931+0800][info] GC(313)   Post Evacuate Collection Set: 0.2ms
[2024-10-12T11:24:14.931+0800][info] GC(313)   Other: 0.4ms
[2024-10-12T11:24:14.931+0800][info] GC(313) Eden regions: 2->0(2)
[2024-10-12T11:24:14.931+0800][info] GC(313) Survivor regions: 1->1(1)
[2024-10-12T11:24:14.931+0800][info] GC(313) Old regions: 51->53
[2024-10-12T11:24:14.931+0800][info] GC(313) Archive regions: 2->2
[2024-10-12T11:24:14.931+0800][info] GC(313) Humongous regions: 3->3
[2024-10-12T11:24:14.931+0800][info] GC(313) Metaspace: 1635K(1792K)->1635K(1792K) NonClass: 1511K(1600K)->1511K(1600K) Class: 124K(192K)->124K(192K)
[2024-10-12T11:24:14.931+0800][info] GC(313) Pause Young (Concurrent Start) (G1 Evacuation Pause) 114M->114M(128M) 1.632ms
[2024-10-12T11:24:14.931+0800][info] GC(313) User=0.01s Sys=0.00s Real=0.00s
[2024-10-12T11:24:14.931+0800][info] GC(314) Concurrent Mark Cycle
[2024-10-12T11:24:14.931+0800][info] GC(314) Concurrent Clear Claimed Marks
[2024-10-12T11:24:14.931+0800][info] GC(314) Concurrent Clear Claimed Marks 0.017ms
[2024-10-12T11:24:14.931+0800][info] GC(314) Concurrent Scan Root Regions
[2024-10-12T11:24:14.931+0800][info] GC(314) Concurrent Scan Root Regions 0.158ms
[2024-10-12T11:24:14.931+0800][info] GC(314) Concurrent Mark
[2024-10-12T11:24:14.932+0800][info] GC(314) Concurrent Mark From Roots
[2024-10-12T11:24:14.932+0800][info] GC(314) Using 12 workers of 12 for marking
[2024-10-12T11:24:14.935+0800][info] GC(314) Concurrent Mark From Roots 3.424ms
[2024-10-12T11:24:14.935+0800][info] GC(314) Concurrent Preclean
[2024-10-12T11:24:14.937+0800][info] GC(314) Concurrent Preclean 1.684ms
[2024-10-12T11:24:14.937+0800][info] GC(314) Pause Remark
[2024-10-12T11:24:14.938+0800][info] GC(314) Pause Remark 115M->115M(128M) 1.574ms
[2024-10-12T11:24:14.938+0800][info] GC(314) User=0.01s Sys=0.00s Real=0.00s
[2024-10-12T11:24:14.938+0800][info] GC(314) Concurrent Mark 6.945ms
[2024-10-12T11:24:14.938+0800][info] GC(314) Concurrent Rebuild Remembered Sets
[2024-10-12T11:24:14.940+0800][info] GC(314) Concurrent Rebuild Remembered Sets 1.201ms
[2024-10-12T11:24:14.940+0800][info] GC(314) Pause Cleanup
[2024-10-12T11:24:14.940+0800][info] GC(314) Pause Cleanup 115M->115M(128M) 0.197ms
[2024-10-12T11:24:14.940+0800][info] GC(314) User=0.00s Sys=0.00s Real=0.00s
[2024-10-12T11:24:14.940+0800][info] GC(314) Concurrent Cleanup for Next Mark
[2024-10-12T11:24:14.940+0800][info] GC(314) Concurrent Cleanup for Next Mark 0.310ms
[2024-10-12T11:24:14.940+0800][info] GC(314) Concurrent Mark Cycle 9.215ms
[2024-10-12T11:24:15.085+0800][info] GC(315) Pause Young (Prepare Mixed) (G1 Preventive Collection)
[2024-10-12T11:24:15.085+0800][info] GC(315) Using 3 workers of 48 for evacuation
[2024-10-12T11:24:15.086+0800][info] GC(315)   Pre Evacuate Collection Set: 0.1ms
[2024-10-12T11:24:15.086+0800][info] GC(315)   Merge Heap Roots: 0.1ms
[2024-10-12T11:24:15.086+0800][info] GC(315)   Evacuate Collection Set: 1.0ms
[2024-10-12T11:24:15.086+0800][info] GC(315)   Post Evacuate Collection Set: 0.2ms
[2024-10-12T11:24:15.086+0800][info] GC(315)   Other: 0.2ms
[2024-10-12T11:24:15.086+0800][info] GC(315) Eden regions: 2->0(2)
[2024-10-12T11:24:15.086+0800][info] GC(315) Survivor regions: 1->1(1)
[2024-10-12T11:24:15.086+0800][info] GC(315) Old regions: 53->55
[2024-10-12T11:24:15.086+0800][info] GC(315) Archive regions: 2->2
[2024-10-12T11:24:15.086+0800][info] GC(315) Humongous regions: 3->3
[2024-10-12T11:24:15.086+0800][info] GC(315) Metaspace: 1636K(1792K)->1636K(1792K) NonClass: 1512K(1600K)->1512K(1600K) Class: 124K(192K)->124K(192K)
[2024-10-12T11:24:15.086+0800][info] GC(315) Pause Young (Prepare Mixed) (G1 Preventive Collection) 118M->118M(128M) 1.660ms
[2024-10-12T11:24:15.086+0800][info] GC(315) User=0.01s Sys=0.00s Real=0.01s
[2024-10-12T11:24:15.148+0800][info] GC(316) Pause Young (Mixed) (G1 Preventive Collection)
[2024-10-12T11:24:15.148+0800][info] GC(316) Using 3 workers of 48 for evacuation
[2024-10-12T11:24:15.149+0800][info] GC(316) To-space exhausted
[2024-10-12T11:24:15.149+0800][info] GC(316)   Pre Evacuate Collection Set: 0.2ms
[2024-10-12T11:24:15.149+0800][info] GC(316)   Merge Heap Roots: 0.1ms
[2024-10-12T11:24:15.149+0800][info] GC(316)   Evacuate Collection Set: 0.9ms
[2024-10-12T11:24:15.149+0800][info] GC(316)   Post Evacuate Collection Set: 0.3ms
[2024-10-12T11:24:15.149+0800][info] GC(316)   Other: 0.2ms
[2024-10-12T11:24:15.149+0800][info] GC(316) Eden regions: 1->0(2)
[2024-10-12T11:24:15.149+0800][info] GC(316) Survivor regions: 1->1(1)
[2024-10-12T11:24:15.149+0800][info] GC(316) Old regions: 55->55
[2024-10-12T11:24:15.149+0800][info] GC(316) Archive regions: 2->2
[2024-10-12T11:24:15.149+0800][info] GC(316) Humongous regions: 3->3
[2024-10-12T11:24:15.149+0800][info] GC(316) Metaspace: 1636K(1792K)->1636K(1792K) NonClass: 1512K(1600K)->1512K(1600K) Class: 124K(192K)->124K(192K)
[2024-10-12T11:24:15.149+0800][info] GC(316) Pause Young (Mixed) (G1 Preventive Collection) 120M->119M(128M) 1.716ms
[2024-10-12T11:24:15.149+0800][info] GC(316) User=0.00s Sys=0.00s Real=0.00s
[2024-10-12T11:24:15.190+0800][info] GC(317) Pause Young (Mixed) (G1 Preventive Collection)
[2024-10-12T11:24:15.190+0800][info] GC(317) Using 3 workers of 48 for evacuation
[2024-10-12T11:24:15.192+0800][info] GC(317) To-space exhausted
[2024-10-12T11:24:15.192+0800][info] GC(317)   Pre Evacuate Collection Set: 0.2ms
[2024-10-12T11:24:15.192+0800][info] GC(317)   Merge Heap Roots: 0.1ms
[2024-10-12T11:24:15.192+0800][info] GC(317)   Evacuate Collection Set: 0.8ms
[2024-10-12T11:24:15.192+0800][info] GC(317)   Post Evacuate Collection Set: 0.2ms
[2024-10-12T11:24:15.192+0800][info] GC(317)   Other: 0.2ms
[2024-10-12T11:24:15.192+0800][info] GC(317) Eden regions: 1->0(2)
[2024-10-12T11:24:15.192+0800][info] GC(317) Survivor regions: 1->1(1)
[2024-10-12T11:24:15.192+0800][info] GC(317) Old regions: 55->57
[2024-10-12T11:24:15.192+0800][info] GC(317) Archive regions: 2->2
[2024-10-12T11:24:15.192+0800][info] GC(317) Humongous regions: 3->3
[2024-10-12T11:24:15.192+0800][info] GC(317) Metaspace: 1636K(1792K)->1636K(1792K) NonClass: 1512K(1600K)->1512K(1600K) Class: 124K(192K)->124K(192K)
[2024-10-12T11:24:15.192+0800][info] GC(317) Pause Young (Mixed) (G1 Preventive Collection) 121M->123M(128M) 1.571ms
[2024-10-12T11:24:15.192+0800][info] GC(317) User=0.01s Sys=0.00s Real=0.00s
[2024-10-12T11:24:15.253+0800][info] GC(318) Pause Young (Mixed) (G1 Evacuation Pause)
[2024-10-12T11:24:15.253+0800][info] GC(318) Using 3 workers of 48 for evacuation
[2024-10-12T11:24:15.255+0800][info] GC(318) To-space exhausted
[2024-10-12T11:24:15.255+0800][info] GC(318)   Pre Evacuate Collection Set: 0.2ms
[2024-10-12T11:24:15.255+0800][info] GC(318)   Merge Heap Roots: 0.1ms
[2024-10-12T11:24:15.255+0800][info] GC(318)   Evacuate Collection Set: 0.7ms
[2024-10-12T11:24:15.255+0800][info] GC(318)   Post Evacuate Collection Set: 0.3ms
[2024-10-12T11:24:15.255+0800][info] GC(318)   Other: 0.1ms
[2024-10-12T11:24:15.255+0800][info] GC(318) Eden regions: 1->0(3)
[2024-10-12T11:24:15.255+0800][info] GC(318) Survivor regions: 1->0(0)
[2024-10-12T11:24:15.255+0800][info] GC(318) Old regions: 57->59
[2024-10-12T11:24:15.255+0800][info] GC(318) Archive regions: 2->2
[2024-10-12T11:24:15.255+0800][info] GC(318) Humongous regions: 3->3
[2024-10-12T11:24:15.255+0800][info] GC(318) Metaspace: 1636K(1792K)->1636K(1792K) NonClass: 1512K(1600K)->1512K(1600K) Class: 124K(192K)->124K(192K)
[2024-10-12T11:24:15.255+0800][info] GC(318) Pause Young (Mixed) (G1 Evacuation Pause) 125M->125M(128M) 1.572ms
[2024-10-12T11:24:15.255+0800][info] GC(318) User=0.00s Sys=0.00s Real=0.00s
[2024-10-12T11:24:15.255+0800][info] Attempting full compaction
[2024-10-12T11:24:15.255+0800][info] GC(319) Using 3 workers of 48 for full compaction
[2024-10-12T11:24:15.255+0800][info] GC(319) Pause Full (G1 Compaction Pause)
[2024-10-12T11:24:15.255+0800][info] GC(319) Phase 1: Mark live objects
[2024-10-12T11:24:15.258+0800][info] GC(319) Phase 1: Mark live objects 3.341ms
[2024-10-12T11:24:15.258+0800][info] GC(319) Phase 2: Prepare for compaction
[2024-10-12T11:24:15.259+0800][info] GC(319) Phase 2: Prepare for compaction 0.803ms
[2024-10-12T11:24:15.259+0800][info] GC(319) Phase 3: Adjust pointers
[2024-10-12T11:24:15.261+0800][info] GC(319) Phase 3: Adjust pointers 1.513ms
[2024-10-12T11:24:15.261+0800][info] GC(319) Phase 4: Compact heap
[2024-10-12T11:24:15.271+0800][info] GC(319) Phase 4: Compact heap 10.113ms
[2024-10-12T11:24:15.272+0800][info] GC(319) Eden regions: 0->0(4)
[2024-10-12T11:24:15.272+0800][info] GC(319) Survivor regions: 0->0(0)
[2024-10-12T11:24:15.272+0800][info] GC(319) Old regions: 59->38
[2024-10-12T11:24:15.272+0800][info] GC(319) Archive regions: 2->2
[2024-10-12T11:24:15.272+0800][info] GC(319) Humongous regions: 3->3
[2024-10-12T11:24:15.272+0800][info] GC(319) Metaspace: 1636K(1792K)->1636K(1792K) NonClass: 1512K(1600K)->1512K(1600K) Class: 124K(192K)->124K(192K)
[2024-10-12T11:24:15.272+0800][info] GC(319) Pause Full (G1 Compaction Pause) 125M->72M(128M) 17.445ms
[2024-10-12T11:24:15.273+0800][info] GC(319) User=0.04s Sys=0.01s Real=0.01s
[2024-10-12T11:24:15.478+0800][info] GC(320) Pause Young (Normal) (G1 Evacuation Pause)
[2024-10-12T11:24:15.478+0800][info] GC(320) Using 3 workers of 48 for evacuation
[2024-10-12T11:24:15.479+0800][info] GC(320)   Pre Evacuate Collection Set: 0.1ms
[2024-10-12T11:24:15.479+0800][info] GC(320)   Merge Heap Roots: 0.1ms
[2024-10-12T11:24:15.479+0800][info] GC(320)   Evacuate Collection Set: 1.1ms
[2024-10-12T11:24:15.479+0800][info] GC(320)   Post Evacuate Collection Set: 0.2ms
[2024-10-12T11:24:15.479+0800][info] GC(320)   Other: 0.2ms
[2024-10-12T11:24:15.479+0800][info] GC(320) Eden regions: 4->0(2)
[2024-10-12T11:24:15.479+0800][info] GC(320) Survivor regions: 0->1(1)
[2024-10-12T11:24:15.479+0800][info] GC(320) Old regions: 38->41
[2024-10-12T11:24:15.479+0800][info] GC(320) Archive regions: 2->2
[2024-10-12T11:24:15.479+0800][info] GC(320) Humongous regions: 3->3
[2024-10-12T11:24:15.479+0800][info] GC(320) Metaspace: 1636K(1792K)->1636K(1792K) NonClass: 1512K(1600K)->1512K(1600K) Class: 124K(192K)->124K(192K)
[2024-10-12T11:24:15.479+0800][info] GC(320) Pause Young (Normal) (G1 Evacuation Pause) 80M->80M(128M) 1.794ms
[2024-10-12T11:24:15.479+0800][info] GC(320) User=0.00s Sys=0.00s Real=0.00s
[2024-10-12T11:24:15.582+0800][info] GC(321) Pause Young (Normal) (G1 Evacuation Pause)
[2024-10-12T11:24:15.582+0800][info] GC(321) Using 3 workers of 48 for evacuation
[2024-10-12T11:24:15.583+0800][info] GC(321)   Pre Evacuate Collection Set: 0.1ms
[2024-10-12T11:24:15.583+0800][info] GC(321)   Merge Heap Roots: 0.0ms
[2024-10-12T11:24:15.583+0800][info] GC(321)   Evacuate Collection Set: 0.8ms
[2024-10-12T11:24:15.583+0800][info] GC(321)   Post Evacuate Collection Set: 0.2ms
[2024-10-12T11:24:15.583+0800][info] GC(321)   Other: 0.2ms
[2024-10-12T11:24:15.583+0800][info] GC(321) Eden regions: 2->0(2)
[2024-10-12T11:24:15.583+0800][info] GC(321) Survivor regions: 1->1(1)
[2024-10-12T11:24:15.583+0800][info] GC(321) Old regions: 41->43
[2024-10-12T11:24:15.583+0800][info] GC(321) Archive regions: 2->2
[2024-10-12T11:24:15.583+0800][info] GC(321) Humongous regions: 3->3
[2024-10-12T11:24:15.583+0800][info] GC(321) Metaspace: 1636K(1792K)->1636K(1792K) NonClass: 1512K(1600K)->1512K(1600K) Class: 124K(192K)->124K(192K)
[2024-10-12T11:24:15.583+0800][info] GC(321) Pause Young (Normal) (G1 Evacuation Pause) 83M->84M(128M) 1.402ms
[2024-10-12T11:24:15.583+0800][info] GC(321) User=0.00s Sys=0.00s Real=0.00s
[2024-10-12T11:24:15.685+0800][info] GC(322) Pause Young (Normal) (G1 Evacuation Pause)
[2024-10-12T11:24:15.685+0800][info] GC(322) Using 3 workers of 48 for evacuation
[2024-10-12T11:24:15.686+0800][info] GC(322)   Pre Evacuate Collection Set: 0.1ms
[2024-10-12T11:24:15.686+0800][info] GC(322)   Merge Heap Roots: 0.0ms
[2024-10-12T11:24:15.686+0800][info] GC(322)   Evacuate Collection Set: 0.7ms
[2024-10-12T11:24:15.686+0800][info] GC(322)   Post Evacuate Collection Set: 0.2ms
[2024-10-12T11:24:15.686+0800][info] GC(322)   Other: 0.2ms
[2024-10-12T11:24:15.686+0800][info] GC(322) Eden regions: 2->0(2)
[2024-10-12T11:24:15.686+0800][info] GC(322) Survivor regions: 1->1(1)
[2024-10-12T11:24:15.686+0800][info] GC(322) Old regions: 43->45
[2024-10-12T11:24:15.686+0800][info] GC(322) Archive regions: 2->2
[2024-10-12T11:24:15.686+0800][info] GC(322) Humongous regions: 3->3
[2024-10-12T11:24:15.686+0800][info] GC(322) Metaspace: 1636K(1792K)->1636K(1792K) NonClass: 1512K(1600K)->1512K(1600K) Class: 124K(192K)->124K(192K)
[2024-10-12T11:24:15.686+0800][info] GC(322) Pause Young (Normal) (G1 Evacuation Pause) 87M->87M(128M) 1.310ms
[2024-10-12T11:24:15.686+0800][info] GC(322) User=0.00s Sys=0.00s Real=0.00s
[2024-10-12T11:24:15.789+0800][info] GC(323) Pause Young (Normal) (G1 Evacuation Pause)
[2024-10-12T11:24:15.789+0800][info] GC(323) Using 3 workers of 48 for evacuation
[2024-10-12T11:24:15.790+0800][info] GC(323)   Pre Evacuate Collection Set: 0.1ms
[2024-10-12T11:24:15.790+0800][info] GC(323)   Merge Heap Roots: 0.1ms
[2024-10-12T11:24:15.790+0800][info] GC(323)   Evacuate Collection Set: 0.7ms
[2024-10-12T11:24:15.790+0800][info] GC(323)   Post Evacuate Collection Set: 0.2ms
[2024-10-12T11:24:15.790+0800][info] GC(323)   Other: 0.2ms
[2024-10-12T11:24:15.790+0800][info] GC(323) Eden regions: 2->0(2)
[2024-10-12T11:24:15.790+0800][info] GC(323) Survivor regions: 1->1(1)
[2024-10-12T11:24:15.790+0800][info] GC(323) Old regions: 45->47
[2024-10-12T11:24:15.790+0800][info] GC(323) Archive regions: 2->2
[2024-10-12T11:24:15.790+0800][info] GC(323) Humongous regions: 3->3
[2024-10-12T11:24:15.790+0800][info] GC(323) Metaspace: 1636K(1792K)->1636K(1792K) NonClass: 1512K(1600K)->1512K(1600K) Class: 124K(192K)->124K(192K)
[2024-10-12T11:24:15.790+0800][info] GC(323) Pause Young (Normal) (G1 Evacuation Pause) 91M->91M(128M) 1.371ms
[2024-10-12T11:24:15.790+0800][info] GC(323) User=0.01s Sys=0.00s Real=0.00s
[2024-10-12T11:24:15.892+0800][info] GC(324) Pause Young (Concurrent Start) (G1 Evacuation Pause)
[2024-10-12T11:24:15.892+0800][info] GC(324) Using 3 workers of 48 for evacuation
[2024-10-12T11:24:15.894+0800][info] GC(324)   Pre Evacuate Collection Set: 0.1ms
[2024-10-12T11:24:15.894+0800][info] GC(324)   Merge Heap Roots: 0.0ms
[2024-10-12T11:24:15.894+0800][info] GC(324)   Evacuate Collection Set: 0.7ms
[2024-10-12T11:24:15.894+0800][info] GC(324)   Post Evacuate Collection Set: 0.2ms
[2024-10-12T11:24:15.894+0800][info] GC(324)   Other: 0.3ms
[2024-10-12T11:24:15.894+0800][info] GC(324) Eden regions: 2->0(2)
[2024-10-12T11:24:15.894+0800][info] GC(324) Survivor regions: 1->1(1)
[2024-10-12T11:24:15.894+0800][info] GC(324) Old regions: 47->49
[2024-10-12T11:24:15.894+0800][info] GC(324) Archive regions: 2->2
[2024-10-12T11:24:15.894+0800][info] GC(324) Humongous regions: 3->3
[2024-10-12T11:24:15.894+0800][info] GC(324) Metaspace: 1636K(1792K)->1636K(1792K) NonClass: 1512K(1600K)->1512K(1600K) Class: 124K(192K)->124K(192K)
[2024-10-12T11:24:15.894+0800][info] GC(324) Pause Young (Concurrent Start) (G1 Evacuation Pause) 95M->95M(128M) 1.513ms
[2024-10-12T11:24:15.894+0800][info] GC(324) User=0.00s Sys=0.00s Real=0.01s
[2024-10-12T11:24:15.894+0800][info] GC(325) Concurrent Mark Cycle
[2024-10-12T11:24:15.894+0800][info] GC(325) Concurrent Clear Claimed Marks
[2024-10-12T11:24:15.894+0800][info] GC(325) Concurrent Clear Claimed Marks 0.017ms
[2024-10-12T11:24:15.894+0800][info] GC(325) Concurrent Scan Root Regions
[2024-10-12T11:24:15.894+0800][info] GC(325) Concurrent Scan Root Regions 0.160ms
[2024-10-12T11:24:15.894+0800][info] GC(325) Concurrent Mark
[2024-10-12T11:24:15.894+0800][info] GC(325) Concurrent Mark From Roots
[2024-10-12T11:24:15.894+0800][info] GC(325) Using 12 workers of 12 for marking
[2024-10-12T11:24:15.898+0800][info] GC(325) Concurrent Mark From Roots 3.826ms
[2024-10-12T11:24:15.898+0800][info] GC(325) Concurrent Preclean
[2024-10-12T11:24:15.900+0800][info] GC(325) Concurrent Preclean 1.685ms
[2024-10-12T11:24:15.900+0800][info] GC(325) Pause Remark
[2024-10-12T11:24:15.901+0800][info] GC(325) Pause Remark 95M->95M(128M) 1.538ms
[2024-10-12T11:24:15.901+0800][info] GC(325) User=0.01s Sys=0.00s Real=0.00s
[2024-10-12T11:24:15.902+0800][info] GC(325) Concurrent Mark 7.361ms
[2024-10-12T11:24:15.902+0800][info] GC(325) Concurrent Rebuild Remembered Sets
[2024-10-12T11:24:15.903+0800][info] GC(325) Concurrent Rebuild Remembered Sets 1.288ms
[2024-10-12T11:24:15.903+0800][info] GC(325) Pause Cleanup
[2024-10-12T11:24:15.903+0800][info] GC(325) Pause Cleanup 95M->95M(128M) 0.239ms
[2024-10-12T11:24:15.903+0800][info] GC(325) User=0.00s Sys=0.00s Real=0.00s
[2024-10-12T11:24:15.903+0800][info] GC(325) Concurrent Cleanup for Next Mark
[2024-10-12T11:24:15.904+0800][info] GC(325) Concurrent Cleanup for Next Mark 0.361ms
[2024-10-12T11:24:15.904+0800][info] GC(325) Concurrent Mark Cycle 9.789ms
[2024-10-12T11:24:16.047+0800][info] GC(326) Pause Young (Prepare Mixed) (G1 Evacuation Pause)
[2024-10-12T11:24:16.047+0800][info] GC(326) Using 3 workers of 48 for evacuation
[2024-10-12T11:24:16.049+0800][info] GC(326)   Pre Evacuate Collection Set: 0.1ms
[2024-10-12T11:24:16.049+0800][info] GC(326)   Merge Heap Roots: 0.1ms
[2024-10-12T11:24:16.049+0800][info] GC(326)   Evacuate Collection Set: 0.8ms
[2024-10-12T11:24:16.049+0800][info] GC(326)   Post Evacuate Collection Set: 0.2ms
[2024-10-12T11:24:16.049+0800][info] GC(326)   Other: 0.2ms
[2024-10-12T11:24:16.049+0800][info] GC(326) Eden regions: 2->0(2)
[2024-10-12T11:24:16.049+0800][info] GC(326) Survivor regions: 1->1(1)
[2024-10-12T11:24:16.049+0800][info] GC(326) Old regions: 49->51
[2024-10-12T11:24:16.049+0800][info] GC(326) Archive regions: 2->2
[2024-10-12T11:24:16.049+0800][info] GC(326) Humongous regions: 3->3
[2024-10-12T11:24:16.049+0800][info] GC(326) Metaspace: 1636K(1792K)->1636K(1792K) NonClass: 1512K(1600K)->1512K(1600K) Class: 124K(192K)->124K(192K)
[2024-10-12T11:24:16.049+0800][info] GC(326) Pause Young (Prepare Mixed) (G1 Evacuation Pause) 98M->99M(128M) 1.472ms
[2024-10-12T11:24:16.049+0800][info] GC(326) User=0.00s Sys=0.00s Real=0.00s
[2024-10-12T11:24:16.151+0800][info] GC(327) Pause Young (Mixed) (G1 Preventive Collection)
[2024-10-12T11:24:16.151+0800][info] GC(327) Using 3 workers of 48 for evacuation
[2024-10-12T11:24:16.152+0800][info] GC(327)   Pre Evacuate Collection Set: 0.2ms
[2024-10-12T11:24:16.152+0800][info] GC(327)   Merge Heap Roots: 0.1ms
[2024-10-12T11:24:16.152+0800][info] GC(327)   Evacuate Collection Set: 1.1ms
[2024-10-12T11:24:16.152+0800][info] GC(327)   Post Evacuate Collection Set: 0.2ms
[2024-10-12T11:24:16.152+0800][info] GC(327)   Other: 0.2ms
[2024-10-12T11:24:16.152+0800][info] GC(327) Eden regions: 2->0(2)
[2024-10-12T11:24:16.153+0800][info] GC(327) Survivor regions: 1->1(1)
[2024-10-12T11:24:16.153+0800][info] GC(327) Old regions: 51->49
[2024-10-12T11:24:16.153+0800][info] GC(327) Archive regions: 2->2
[2024-10-12T11:24:16.153+0800][info] GC(327) Humongous regions: 3->3
[2024-10-12T11:24:16.153+0800][info] GC(327) Metaspace: 1636K(1792K)->1636K(1792K) NonClass: 1512K(1600K)->1512K(1600K) Class: 124K(192K)->124K(192K)
[2024-10-12T11:24:16.153+0800][info] GC(327) Pause Young (Mixed) (G1 Preventive Collection) 102M->99M(128M) 1.792ms
[2024-10-12T11:24:16.153+0800][info] GC(327) User=0.00s Sys=0.00s Real=0.00s
[2024-10-12T11:24:16.256+0800][info] GC(328) Pause Young (Mixed) (G1 Preventive Collection)
[2024-10-12T11:24:16.256+0800][info] GC(328) Using 3 workers of 48 for evacuation
[2024-10-12T11:24:16.258+0800][info] GC(328)   Pre Evacuate Collection Set: 0.2ms
[2024-10-12T11:24:16.258+0800][info] GC(328)   Merge Heap Roots: 0.1ms
[2024-10-12T11:24:16.258+0800][info] GC(328)   Evacuate Collection Set: 1.8ms
[2024-10-12T11:24:16.258+0800][info] GC(328)   Post Evacuate Collection Set: 0.2ms
[2024-10-12T11:24:16.258+0800][info] GC(328)   Other: 0.1ms
[2024-10-12T11:24:16.258+0800][info] GC(328) Eden regions: 2->0(2)
[2024-10-12T11:24:16.258+0800][info] GC(328) Survivor regions: 1->1(1)
[2024-10-12T11:24:16.258+0800][info] GC(328) Old regions: 49->48
[2024-10-12T11:24:16.258+0800][info] GC(328) Archive regions: 2->2
[2024-10-12T11:24:16.258+0800][info] GC(328) Humongous regions: 4->3
[2024-10-12T11:24:16.258+0800][info] GC(328) Metaspace: 1636K(1792K)->1636K(1792K) NonClass: 1512K(1600K)->1512K(1600K) Class: 124K(192K)->124K(192K)
[2024-10-12T11:24:16.258+0800][info] GC(328) Pause Young (Mixed) (G1 Preventive Collection) 105M->98M(128M) 2.451ms
[2024-10-12T11:24:16.258+0800][info] GC(328) User=0.00s Sys=0.00s Real=0.00s
[2024-10-12T11:24:16.360+0800][info] GC(329) Pause Young (Mixed) (G1 Evacuation Pause)
[2024-10-12T11:24:16.360+0800][info] GC(329) Using 3 workers of 48 for evacuation
[2024-10-12T11:24:16.362+0800][info] GC(329)   Pre Evacuate Collection Set: 0.2ms
[2024-10-12T11:24:16.362+0800][info] GC(329)   Merge Heap Roots: 0.1ms
[2024-10-12T11:24:16.363+0800][info] GC(329)   Evacuate Collection Set: 1.8ms
[2024-10-12T11:24:16.363+0800][info] GC(329)   Post Evacuate Collection Set: 0.2ms
[2024-10-12T11:24:16.363+0800][info] GC(329)   Other: 0.1ms
[2024-10-12T11:24:16.363+0800][info] GC(329) Eden regions: 2->0(2)
[2024-10-12T11:24:16.363+0800][info] GC(329) Survivor regions: 1->1(1)
[2024-10-12T11:24:16.363+0800][info] GC(329) Old regions: 48->48
[2024-10-12T11:24:16.363+0800][info] GC(329) Archive regions: 2->2
[2024-10-12T11:24:16.363+0800][info] GC(329) Humongous regions: 3->3
[2024-10-12T11:24:16.363+0800][info] GC(329) Metaspace: 1636K(1792K)->1636K(1792K) NonClass: 1512K(1600K)->1512K(1600K) Class: 124K(192K)->124K(192K)
[2024-10-12T11:24:16.363+0800][info] GC(329) Pause Young (Mixed) (G1 Evacuation Pause) 102M->99M(128M) 2.458ms
[2024-10-12T11:24:16.363+0800][info] GC(329) User=0.01s Sys=0.00s Real=0.00s
[2024-10-12T11:24:16.465+0800][info] GC(330) Pause Young (Mixed) (G1 Preventive Collection)
[2024-10-12T11:24:16.465+0800][info] GC(330) Using 3 workers of 48 for evacuation
[2024-10-12T11:24:16.468+0800][info] GC(330)   Pre Evacuate Collection Set: 0.1ms
[2024-10-12T11:24:16.468+0800][info] GC(330)   Merge Heap Roots: 0.1ms
[2024-10-12T11:24:16.468+0800][info] GC(330)   Evacuate Collection Set: 2.0ms
[2024-10-12T11:24:16.468+0800][info] GC(330)   Post Evacuate Collection Set: 0.2ms
[2024-10-12T11:24:16.468+0800][info] GC(330)   Other: 0.1ms
[2024-10-12T11:24:16.468+0800][info] GC(330) Eden regions: 2->0(2)
[2024-10-12T11:24:16.468+0800][info] GC(330) Survivor regions: 1->1(1)
[2024-10-12T11:24:16.468+0800][info] GC(330) Old regions: 48->48
[2024-10-12T11:24:16.468+0800][info] GC(330) Archive regions: 2->2
[2024-10-12T11:24:16.468+0800][info] GC(330) Humongous regions: 3->3
[2024-10-12T11:24:16.468+0800][info] GC(330) Metaspace: 1636K(1792K)->1636K(1792K) NonClass: 1512K(1600K)->1512K(1600K) Class: 124K(192K)->124K(192K)
[2024-10-12T11:24:16.468+0800][info] GC(330) Pause Young (Mixed) (G1 Preventive Collection) 102M->101M(128M) 2.595ms
[2024-10-12T11:24:16.468+0800][info] GC(330) User=0.01s Sys=0.00s Real=0.00s
[2024-10-12T11:24:16.570+0800][info] GC(331) Pause Young (Mixed) (G1 Preventive Collection)
[2024-10-12T11:24:16.570+0800][info] GC(331) Using 3 workers of 48 for evacuation
[2024-10-12T11:24:16.572+0800][info] GC(331)   Pre Evacuate Collection Set: 0.2ms
[2024-10-12T11:24:16.572+0800][info] GC(331)   Merge Heap Roots: 0.1ms
[2024-10-12T11:24:16.572+0800][info] GC(331)   Evacuate Collection Set: 1.9ms
[2024-10-12T11:24:16.572+0800][info] GC(331)   Post Evacuate Collection Set: 0.2ms
[2024-10-12T11:24:16.572+0800][info] GC(331)   Other: 0.1ms
[2024-10-12T11:24:16.572+0800][info] GC(331) Eden regions: 2->0(2)
[2024-10-12T11:24:16.572+0800][info] GC(331) Survivor regions: 1->1(1)
[2024-10-12T11:24:16.572+0800][info] GC(331) Old regions: 48->48
[2024-10-12T11:24:16.572+0800][info] GC(331) Archive regions: 2->2
[2024-10-12T11:24:16.572+0800][info] GC(331) Humongous regions: 3->3
[2024-10-12T11:24:16.572+0800][info] GC(331) Metaspace: 1636K(1792K)->1636K(1792K) NonClass: 1512K(1600K)->1512K(1600K) Class: 124K(192K)->124K(192K)
[2024-10-12T11:24:16.572+0800][info] GC(331) Pause Young (Mixed) (G1 Preventive Collection) 105M->102M(128M) 2.573ms
[2024-10-12T11:24:16.572+0800][info] GC(331) User=0.00s Sys=0.00s Real=0.00s
[2024-10-12T11:24:16.675+0800][info] GC(332) Pause Young (Mixed) (G1 Preventive Collection)
[2024-10-12T11:24:16.675+0800][info] GC(332) Using 3 workers of 48 for evacuation
[2024-10-12T11:24:16.678+0800][info] GC(332)   Pre Evacuate Collection Set: 0.2ms
[2024-10-12T11:24:16.678+0800][info] GC(332)   Merge Heap Roots: 0.1ms
[2024-10-12T11:24:16.678+0800][info] GC(332)   Evacuate Collection Set: 2.0ms
[2024-10-12T11:24:16.678+0800][info] GC(332)   Post Evacuate Collection Set: 0.2ms
[2024-10-12T11:24:16.678+0800][info] GC(332)   Other: 0.1ms
[2024-10-12T11:24:16.678+0800][info] GC(332) Eden regions: 2->0(2)
[2024-10-12T11:24:16.678+0800][info] GC(332) Survivor regions: 1->1(1)
[2024-10-12T11:24:16.678+0800][info] GC(332) Old regions: 48->49
[2024-10-12T11:24:16.678+0800][info] GC(332) Archive regions: 2->2
[2024-10-12T11:24:16.678+0800][info] GC(332) Humongous regions: 3->3
[2024-10-12T11:24:16.678+0800][info] GC(332) Metaspace: 1636K(1792K)->1636K(1792K) NonClass: 1512K(1600K)->1512K(1600K) Class: 124K(192K)->124K(192K)
[2024-10-12T11:24:16.678+0800][info] GC(332) Pause Young (Mixed) (G1 Preventive Collection) 106M->104M(128M) 2.724ms
[2024-10-12T11:24:16.678+0800][info] GC(332) User=0.00s Sys=0.00s Real=0.00s
[2024-10-12T11:24:16.739+0800][info] GC(333) Pause Young (Mixed) (G1 Preventive Collection)
[2024-10-12T11:24:16.739+0800][info] GC(333) Using 3 workers of 48 for evacuation
[2024-10-12T11:24:16.743+0800][info] GC(333)   Pre Evacuate Collection Set: 0.2ms
[2024-10-12T11:24:16.743+0800][info] GC(333)   Merge Heap Roots: 0.1ms
[2024-10-12T11:24:16.743+0800][info] GC(333)   Evacuate Collection Set: 3.1ms
[2024-10-12T11:24:16.743+0800][info] GC(333)   Post Evacuate Collection Set: 0.2ms
[2024-10-12T11:24:16.743+0800][info] GC(333)   Other: 0.1ms
[2024-10-12T11:24:16.743+0800][info] GC(333) Eden regions: 1->0(2)
[2024-10-12T11:24:16.743+0800][info] GC(333) Survivor regions: 1->1(1)
[2024-10-12T11:24:16.743+0800][info] GC(333) Old regions: 49->48
[2024-10-12T11:24:16.743+0800][info] GC(333) Archive regions: 2->2
[2024-10-12T11:24:16.743+0800][info] GC(333) Humongous regions: 3->3
[2024-10-12T11:24:16.743+0800][info] GC(333) Metaspace: 1636K(1792K)->1636K(1792K) NonClass: 1512K(1600K)->1512K(1600K) Class: 124K(192K)->124K(192K)
[2024-10-12T11:24:16.743+0800][info] GC(333) Pause Young (Mixed) (G1 Preventive Collection) 106M->103M(128M) 3.792ms
[2024-10-12T11:24:16.743+0800][info] GC(333) User=0.01s Sys=0.00s Real=0.00s
[2024-10-12T11:24:16.845+0800][info] GC(334) Pause Young (Normal) (G1 Evacuation Pause)
[2024-10-12T11:24:16.845+0800][info] GC(334) Using 3 workers of 48 for evacuation
[2024-10-12T11:24:16.847+0800][info] GC(334)   Pre Evacuate Collection Set: 0.1ms
[2024-10-12T11:24:16.847+0800][info] GC(334)   Merge Heap Roots: 0.1ms
[2024-10-12T11:24:16.847+0800][info] GC(334)   Evacuate Collection Set: 0.7ms
[2024-10-12T11:24:16.847+0800][info] GC(334)   Post Evacuate Collection Set: 0.2ms
[2024-10-12T11:24:16.847+0800][info] GC(334)   Other: 0.2ms
[2024-10-12T11:24:16.847+0800][info] GC(334) Eden regions: 2->0(2)
[2024-10-12T11:24:16.847+0800][info] GC(334) Survivor regions: 1->1(1)
[2024-10-12T11:24:16.847+0800][info] GC(334) Old regions: 48->50
[2024-10-12T11:24:16.847+0800][info] GC(334) Archive regions: 2->2
[2024-10-12T11:24:16.847+0800][info] GC(334) Humongous regions: 3->3
[2024-10-12T11:24:16.847+0800][info] GC(334) Metaspace: 1637K(1792K)->1637K(1792K) NonClass: 1513K(1600K)->1513K(1600K) Class: 124K(192K)->124K(192K)
[2024-10-12T11:24:16.847+0800][info] GC(334) Pause Young (Normal) (G1 Evacuation Pause) 107M->108M(128M) 1.329ms
[2024-10-12T11:24:16.847+0800][info] GC(334) User=0.00s Sys=0.00s Real=0.00s
[2024-10-12T11:24:16.949+0800][info] GC(335) Pause Young (Concurrent Start) (G1 Evacuation Pause)
[2024-10-12T11:24:16.949+0800][info] GC(335) Using 3 workers of 48 for evacuation
[2024-10-12T11:24:16.950+0800][info] GC(335)   Pre Evacuate Collection Set: 0.1ms
[2024-10-12T11:24:16.950+0800][info] GC(335)   Merge Heap Roots: 0.0ms
[2024-10-12T11:24:16.950+0800][info] GC(335)   Evacuate Collection Set: 0.8ms
[2024-10-12T11:24:16.950+0800][info] GC(335)   Post Evacuate Collection Set: 0.2ms
[2024-10-12T11:24:16.950+0800][info] GC(335)   Other: 0.4ms
[2024-10-12T11:24:16.950+0800][info] GC(335) Eden regions: 2->0(2)
[2024-10-12T11:24:16.950+0800][info] GC(335) Survivor regions: 1->1(1)
[2024-10-12T11:24:16.950+0800][info] GC(335) Old regions: 50->52
[2024-10-12T11:24:16.950+0800][info] GC(335) Archive regions: 2->2
[2024-10-12T11:24:16.950+0800][info] GC(335) Humongous regions: 3->3
[2024-10-12T11:24:16.950+0800][info] GC(335) Metaspace: 1637K(1792K)->1637K(1792K) NonClass: 1513K(1600K)->1513K(1600K) Class: 124K(192K)->124K(192K)
[2024-10-12T11:24:16.950+0800][info] GC(335) Pause Young (Concurrent Start) (G1 Evacuation Pause) 111M->111M(128M) 1.704ms
[2024-10-12T11:24:16.950+0800][info] GC(335) User=0.00s Sys=0.00s Real=0.00s
[2024-10-12T11:24:16.951+0800][info] GC(336) Concurrent Mark Cycle
[2024-10-12T11:24:16.951+0800][info] GC(336) Concurrent Clear Claimed Marks
[2024-10-12T11:24:16.951+0800][info] GC(336) Concurrent Clear Claimed Marks 0.016ms
[2024-10-12T11:24:16.951+0800][info] GC(336) Concurrent Scan Root Regions
[2024-10-12T11:24:16.951+0800][info] GC(336) Concurrent Scan Root Regions 0.163ms
[2024-10-12T11:24:16.951+0800][info] GC(336) Concurrent Mark
[2024-10-12T11:24:16.951+0800][info] GC(336) Concurrent Mark From Roots
[2024-10-12T11:24:16.951+0800][info] GC(336) Using 12 workers of 12 for marking
[2024-10-12T11:24:16.954+0800][info] GC(336) Concurrent Mark From Roots 3.263ms
[2024-10-12T11:24:16.954+0800][info] GC(336) Concurrent Preclean
[2024-10-12T11:24:16.956+0800][info] GC(336) Concurrent Preclean 1.697ms
[2024-10-12T11:24:16.956+0800][info] GC(336) Pause Remark
[2024-10-12T11:24:16.957+0800][info] GC(336) Pause Remark 112M->112M(128M) 1.494ms
[2024-10-12T11:24:16.957+0800][info] GC(336) User=0.00s Sys=0.00s Real=0.00s
[2024-10-12T11:24:16.958+0800][info] GC(336) Concurrent Mark 6.693ms
[2024-10-12T11:24:16.958+0800][info] GC(336) Concurrent Rebuild Remembered Sets
[2024-10-12T11:24:16.959+0800][info] GC(336) Concurrent Rebuild Remembered Sets 1.290ms
[2024-10-12T11:24:16.959+0800][info] GC(336) Pause Cleanup
[2024-10-12T11:24:16.959+0800][info] GC(336) Pause Cleanup 112M->112M(128M) 0.252ms
[2024-10-12T11:24:16.959+0800][info] GC(336) User=0.00s Sys=0.00s Real=0.00s
[2024-10-12T11:24:16.959+0800][info] GC(336) Concurrent Cleanup for Next Mark
[2024-10-12T11:24:16.960+0800][info] GC(336) Concurrent Cleanup for Next Mark 0.323ms
[2024-10-12T11:24:16.960+0800][info] GC(336) Concurrent Mark Cycle 9.124ms
[2024-10-12T11:24:17.104+0800][info] GC(337) Pause Young (Prepare Mixed) (G1 Preventive Collection)
[2024-10-12T11:24:17.104+0800][info] GC(337) Using 3 workers of 48 for evacuation
[2024-10-12T11:24:17.105+0800][info] GC(337)   Pre Evacuate Collection Set: 0.1ms
[2024-10-12T11:24:17.105+0800][info] GC(337)   Merge Heap Roots: 0.1ms
[2024-10-12T11:24:17.105+0800][info] GC(337)   Evacuate Collection Set: 0.8ms
[2024-10-12T11:24:17.105+0800][info] GC(337)   Post Evacuate Collection Set: 0.2ms
[2024-10-12T11:24:17.105+0800][info] GC(337)   Other: 0.2ms
[2024-10-12T11:24:17.105+0800][info] GC(337) Eden regions: 2->0(2)
[2024-10-12T11:24:17.105+0800][info] GC(337) Survivor regions: 1->1(1)
[2024-10-12T11:24:17.105+0800][info] GC(337) Old regions: 52->54
[2024-10-12T11:24:17.105+0800][info] GC(337) Archive regions: 2->2
[2024-10-12T11:24:17.105+0800][info] GC(337) Humongous regions: 3->3
[2024-10-12T11:24:17.106+0800][info] GC(337) Metaspace: 1637K(1792K)->1637K(1792K) NonClass: 1513K(1600K)->1513K(1600K) Class: 124K(192K)->124K(192K)
[2024-10-12T11:24:17.106+0800][info] GC(337) Pause Young (Prepare Mixed) (G1 Preventive Collection) 115M->116M(128M) 1.535ms
[2024-10-12T11:24:17.106+0800][info] GC(337) User=0.01s Sys=0.00s Real=0.01s
[2024-10-12T11:24:17.167+0800][info] GC(338) Pause Young (Mixed) (G1 Preventive Collection)
[2024-10-12T11:24:17.167+0800][info] GC(338) Using 3 workers of 48 for evacuation
[2024-10-12T11:24:17.168+0800][info] GC(338) To-space exhausted
[2024-10-12T11:24:17.168+0800][info] GC(338)   Pre Evacuate Collection Set: 0.2ms
[2024-10-12T11:24:17.168+0800][info] GC(338)   Merge Heap Roots: 0.1ms
[2024-10-12T11:24:17.168+0800][info] GC(338)   Evacuate Collection Set: 0.9ms
[2024-10-12T11:24:17.168+0800][info] GC(338)   Post Evacuate Collection Set: 0.3ms
[2024-10-12T11:24:17.168+0800][info] GC(338)   Other: 0.2ms
[2024-10-12T11:24:17.168+0800][info] GC(338) Eden regions: 1->0(2)
[2024-10-12T11:24:17.168+0800][info] GC(338) Survivor regions: 1->1(1)
[2024-10-12T11:24:17.168+0800][info] GC(338) Old regions: 54->55
[2024-10-12T11:24:17.168+0800][info] GC(338) Archive regions: 2->2
[2024-10-12T11:24:17.168+0800][info] GC(338) Humongous regions: 3->3
[2024-10-12T11:24:17.168+0800][info] GC(338) Metaspace: 1637K(1792K)->1637K(1792K) NonClass: 1513K(1600K)->1513K(1600K) Class: 124K(192K)->124K(192K)
[2024-10-12T11:24:17.169+0800][info] GC(338) Pause Young (Mixed) (G1 Preventive Collection) 117M->118M(128M) 1.744ms
[2024-10-12T11:24:17.169+0800][info] GC(338) User=0.00s Sys=0.00s Real=0.00s
[2024-10-12T11:24:17.210+0800][info] GC(339) Pause Young (Mixed) (G1 Preventive Collection)
[2024-10-12T11:24:17.210+0800][info] GC(339) Using 3 workers of 48 for evacuation
[2024-10-12T11:24:17.211+0800][info] GC(339) To-space exhausted
[2024-10-12T11:24:17.211+0800][info] GC(339)   Pre Evacuate Collection Set: 0.2ms
[2024-10-12T11:24:17.211+0800][info] GC(339)   Merge Heap Roots: 0.1ms
[2024-10-12T11:24:17.211+0800][info] GC(339)   Evacuate Collection Set: 1.0ms
[2024-10-12T11:24:17.211+0800][info] GC(339)   Post Evacuate Collection Set: 0.3ms
[2024-10-12T11:24:17.211+0800][info] GC(339)   Other: 0.2ms
[2024-10-12T11:24:17.211+0800][info] GC(339) Eden regions: 1->0(2)
[2024-10-12T11:24:17.211+0800][info] GC(339) Survivor regions: 1->1(1)
[2024-10-12T11:24:17.211+0800][info] GC(339) Old regions: 55->57
[2024-10-12T11:24:17.211+0800][info] GC(339) Archive regions: 2->2
[2024-10-12T11:24:17.211+0800][info] GC(339) Humongous regions: 3->3
[2024-10-12T11:24:17.211+0800][info] GC(339) Metaspace: 1637K(1792K)->1637K(1792K) NonClass: 1513K(1600K)->1513K(1600K) Class: 124K(192K)->124K(192K)
[2024-10-12T11:24:17.211+0800][info] GC(339) Pause Young (Mixed) (G1 Preventive Collection) 120M->122M(128M) 1.837ms
[2024-10-12T11:24:17.211+0800][info] GC(339) User=0.00s Sys=0.00s Real=0.00s
[2024-10-12T11:24:17.273+0800][info] GC(340) Pause Young (Mixed) (G1 Evacuation Pause)
[2024-10-12T11:24:17.273+0800][info] GC(340) Using 3 workers of 48 for evacuation
[2024-10-12T11:24:17.274+0800][info] GC(340) To-space exhausted
[2024-10-12T11:24:17.274+0800][info] GC(340)   Pre Evacuate Collection Set: 0.2ms
[2024-10-12T11:24:17.274+0800][info] GC(340)   Merge Heap Roots: 0.1ms
[2024-10-12T11:24:17.274+0800][info] GC(340)   Evacuate Collection Set: 0.7ms
[2024-10-12T11:24:17.274+0800][info] GC(340)   Post Evacuate Collection Set: 0.3ms
[2024-10-12T11:24:17.274+0800][info] GC(340)   Other: 0.2ms
[2024-10-12T11:24:17.274+0800][info] GC(340) Eden regions: 1->0(3)
[2024-10-12T11:24:17.274+0800][info] GC(340) Survivor regions: 1->0(0)
[2024-10-12T11:24:17.274+0800][info] GC(340) Old regions: 57->59
[2024-10-12T11:24:17.274+0800][info] GC(340) Archive regions: 2->2
[2024-10-12T11:24:17.274+0800][info] GC(340) Humongous regions: 3->3
[2024-10-12T11:24:17.274+0800][info] GC(340) Metaspace: 1637K(1792K)->1637K(1792K) NonClass: 1513K(1600K)->1513K(1600K) Class: 124K(192K)->124K(192K)
[2024-10-12T11:24:17.274+0800][info] GC(340) Pause Young (Mixed) (G1 Evacuation Pause) 123M->123M(128M) 1.503ms
[2024-10-12T11:24:17.274+0800][info] GC(340) User=0.01s Sys=0.00s Real=0.01s
[2024-10-12T11:24:17.274+0800][info] Attempting full compaction
[2024-10-12T11:24:17.274+0800][info] GC(341) Using 3 workers of 48 for full compaction
[2024-10-12T11:24:17.274+0800][info] GC(341) Pause Full (G1 Compaction Pause)
[2024-10-12T11:24:17.274+0800][info] GC(341) Phase 1: Mark live objects
[2024-10-12T11:24:17.278+0800][info] GC(341) Phase 1: Mark live objects 3.224ms
[2024-10-12T11:24:17.278+0800][info] GC(341) Phase 2: Prepare for compaction
[2024-10-12T11:24:17.279+0800][info] GC(341) Phase 2: Prepare for compaction 0.845ms
[2024-10-12T11:24:17.279+0800][info] GC(341) Phase 3: Adjust pointers
[2024-10-12T11:24:17.280+0800][info] GC(341) Phase 3: Adjust pointers 1.536ms
[2024-10-12T11:24:17.280+0800][info] GC(341) Phase 4: Compact heap
[2024-10-12T11:24:17.290+0800][info] GC(341) Phase 4: Compact heap 9.813ms
[2024-10-12T11:24:17.291+0800][info] GC(341) Eden regions: 0->0(4)
[2024-10-12T11:24:17.292+0800][info] GC(341) Survivor regions: 0->0(0)
[2024-10-12T11:24:17.292+0800][info] GC(341) Old regions: 59->38
[2024-10-12T11:24:17.292+0800][info] GC(341) Archive regions: 2->2
[2024-10-12T11:24:17.292+0800][info] GC(341) Humongous regions: 3->3
[2024-10-12T11:24:17.292+0800][info] GC(341) Metaspace: 1637K(1792K)->1637K(1792K) NonClass: 1513K(1600K)->1513K(1600K) Class: 124K(192K)->124K(192K)
[2024-10-12T11:24:17.292+0800][info] GC(341) Pause Full (G1 Compaction Pause) 123M->72M(128M) 17.179ms
[2024-10-12T11:24:17.292+0800][info] GC(341) User=0.04s Sys=0.00s Real=0.01s
[2024-10-12T11:24:17.497+0800][info] GC(342) Pause Young (Normal) (G1 Evacuation Pause)
[2024-10-12T11:24:17.497+0800][info] GC(342) Using 3 workers of 48 for evacuation
[2024-10-12T11:24:17.498+0800][info] GC(342)   Pre Evacuate Collection Set: 0.1ms
[2024-10-12T11:24:17.498+0800][info] GC(342)   Merge Heap Roots: 0.1ms
[2024-10-12T11:24:17.498+0800][info] GC(342)   Evacuate Collection Set: 1.2ms
[2024-10-12T11:24:17.498+0800][info] GC(342)   Post Evacuate Collection Set: 0.2ms
[2024-10-12T11:24:17.498+0800][info] GC(342)   Other: 0.2ms
[2024-10-12T11:24:17.498+0800][info] GC(342) Eden regions: 4->0(2)
[2024-10-12T11:24:17.498+0800][info] GC(342) Survivor regions: 0->1(1)
[2024-10-12T11:24:17.498+0800][info] GC(342) Old regions: 38->42
[2024-10-12T11:24:17.498+0800][info] GC(342) Archive regions: 2->2
[2024-10-12T11:24:17.498+0800][info] GC(342) Humongous regions: 3->3
[2024-10-12T11:24:17.498+0800][info] GC(342) Metaspace: 1637K(1792K)->1637K(1792K) NonClass: 1513K(1600K)->1513K(1600K) Class: 124K(192K)->124K(192K)
[2024-10-12T11:24:17.499+0800][info] GC(342) Pause Young (Normal) (G1 Evacuation Pause) 79M->80M(128M) 1.887ms
[2024-10-12T11:24:17.499+0800][info] GC(342) User=0.01s Sys=0.00s Real=0.00s
[2024-10-12T11:24:17.601+0800][info] GC(343) Pause Young (Normal) (G1 Evacuation Pause)
[2024-10-12T11:24:17.601+0800][info] GC(343) Using 3 workers of 48 for evacuation
[2024-10-12T11:24:17.602+0800][info] GC(343)   Pre Evacuate Collection Set: 0.1ms
[2024-10-12T11:24:17.602+0800][info] GC(343)   Merge Heap Roots: 0.0ms
[2024-10-12T11:24:17.602+0800][info] GC(343)   Evacuate Collection Set: 0.8ms
[2024-10-12T11:24:17.602+0800][info] GC(343)   Post Evacuate Collection Set: 0.2ms
[2024-10-12T11:24:17.602+0800][info] GC(343)   Other: 0.2ms
[2024-10-12T11:24:17.602+0800][info] GC(343) Eden regions: 2->0(2)
[2024-10-12T11:24:17.602+0800][info] GC(343) Survivor regions: 1->1(1)
[2024-10-12T11:24:17.602+0800][info] GC(343) Old regions: 42->44
[2024-10-12T11:24:17.602+0800][info] GC(343) Archive regions: 2->2
[2024-10-12T11:24:17.602+0800][info] GC(343) Humongous regions: 3->3
[2024-10-12T11:24:17.602+0800][info] GC(343) Metaspace: 1637K(1792K)->1637K(1792K) NonClass: 1513K(1600K)->1513K(1600K) Class: 124K(192K)->124K(192K)
[2024-10-12T11:24:17.602+0800][info] GC(343) Pause Young (Normal) (G1 Evacuation Pause) 84M->84M(128M) 1.398ms
[2024-10-12T11:24:17.602+0800][info] GC(343) User=0.00s Sys=0.00s Real=0.00s
[2024-10-12T11:24:17.704+0800][info] GC(344) Pause Young (Normal) (G1 Evacuation Pause)
[2024-10-12T11:24:17.704+0800][info] GC(344) Using 3 workers of 48 for evacuation
[2024-10-12T11:24:17.706+0800][info] GC(344)   Pre Evacuate Collection Set: 0.1ms
[2024-10-12T11:24:17.706+0800][info] GC(344)   Merge Heap Roots: 0.0ms
[2024-10-12T11:24:17.706+0800][info] GC(344)   Evacuate Collection Set: 0.7ms
[2024-10-12T11:24:17.706+0800][info] GC(344)   Post Evacuate Collection Set: 0.2ms
[2024-10-12T11:24:17.706+0800][info] GC(344)   Other: 0.2ms
[2024-10-12T11:24:17.706+0800][info] GC(344) Eden regions: 2->0(2)
[2024-10-12T11:24:17.706+0800][info] GC(344) Survivor regions: 1->1(1)
[2024-10-12T11:24:17.706+0800][info] GC(344) Old regions: 44->46
[2024-10-12T11:24:17.706+0800][info] GC(344) Archive regions: 2->2
[2024-10-12T11:24:17.706+0800][info] GC(344) Humongous regions: 3->3
[2024-10-12T11:24:17.706+0800][info] GC(344) Metaspace: 1637K(1792K)->1637K(1792K) NonClass: 1513K(1600K)->1513K(1600K) Class: 124K(192K)->124K(192K)
[2024-10-12T11:24:17.706+0800][info] GC(344) Pause Young (Normal) (G1 Evacuation Pause) 88M->88M(128M) 1.363ms
[2024-10-12T11:24:17.706+0800][info] GC(344) User=0.00s Sys=0.00s Real=0.01s
[2024-10-12T11:24:17.808+0800][info] GC(345) Pause Young (Normal) (G1 Evacuation Pause)
[2024-10-12T11:24:17.808+0800][info] GC(345) Using 3 workers of 48 for evacuation
[2024-10-12T11:24:17.809+0800][info] GC(345)   Pre Evacuate Collection Set: 0.1ms
[2024-10-12T11:24:17.809+0800][info] GC(345)   Merge Heap Roots: 0.0ms
[2024-10-12T11:24:17.809+0800][info] GC(345)   Evacuate Collection Set: 0.8ms
[2024-10-12T11:24:17.809+0800][info] GC(345)   Post Evacuate Collection Set: 0.2ms
[2024-10-12T11:24:17.809+0800][info] GC(345)   Other: 0.2ms
[2024-10-12T11:24:17.809+0800][info] GC(345) Eden regions: 2->0(2)
[2024-10-12T11:24:17.809+0800][info] GC(345) Survivor regions: 1->1(1)
[2024-10-12T11:24:17.809+0800][info] GC(345) Old regions: 46->48
[2024-10-12T11:24:17.809+0800][info] GC(345) Archive regions: 2->2
[2024-10-12T11:24:17.809+0800][info] GC(345) Humongous regions: 3->3
[2024-10-12T11:24:17.809+0800][info] GC(345) Metaspace: 1637K(1792K)->1637K(1792K) NonClass: 1513K(1600K)->1513K(1600K) Class: 124K(192K)->124K(192K)
[2024-10-12T11:24:17.809+0800][info] GC(345) Pause Young (Normal) (G1 Evacuation Pause) 92M->92M(128M) 1.376ms
[2024-10-12T11:24:17.810+0800][info] GC(345) User=0.01s Sys=0.00s Real=0.00s
[2024-10-12T11:24:17.911+0800][info] GC(346) Pause Young (Concurrent Start) (G1 Evacuation Pause)
[2024-10-12T11:24:17.912+0800][info] GC(346) Using 3 workers of 48 for evacuation
[2024-10-12T11:24:17.913+0800][info] GC(346)   Pre Evacuate Collection Set: 0.1ms
[2024-10-12T11:24:17.913+0800][info] GC(346)   Merge Heap Roots: 0.0ms
[2024-10-12T11:24:17.913+0800][info] GC(346)   Evacuate Collection Set: 0.9ms
[2024-10-12T11:24:17.913+0800][info] GC(346)   Post Evacuate Collection Set: 0.2ms
[2024-10-12T11:24:17.913+0800][info] GC(346)   Other: 0.4ms
[2024-10-12T11:24:17.913+0800][info] GC(346) Eden regions: 2->0(2)
[2024-10-12T11:24:17.913+0800][info] GC(346) Survivor regions: 1->1(1)
[2024-10-12T11:24:17.913+0800][info] GC(346) Old regions: 48->49
[2024-10-12T11:24:17.913+0800][info] GC(346) Archive regions: 2->2
[2024-10-12T11:24:17.913+0800][info] GC(346) Humongous regions: 3->3
[2024-10-12T11:24:17.913+0800][info] GC(346) Metaspace: 1637K(1792K)->1637K(1792K) NonClass: 1513K(1600K)->1513K(1600K) Class: 124K(192K)->124K(192K)
[2024-10-12T11:24:17.913+0800][info] GC(346) Pause Young (Concurrent Start) (G1 Evacuation Pause) 96M->95M(128M) 1.745ms
[2024-10-12T11:24:17.913+0800][info] GC(346) User=0.00s Sys=0.00s Real=0.01s
[2024-10-12T11:24:17.913+0800][info] GC(347) Concurrent Mark Cycle
[2024-10-12T11:24:17.913+0800][info] GC(347) Concurrent Clear Claimed Marks
[2024-10-12T11:24:17.913+0800][info] GC(347) Concurrent Clear Claimed Marks 0.017ms
[2024-10-12T11:24:17.913+0800][info] GC(347) Concurrent Scan Root Regions
[2024-10-12T11:24:17.914+0800][info] GC(347) Concurrent Scan Root Regions 0.158ms
[2024-10-12T11:24:17.914+0800][info] GC(347) Concurrent Mark
[2024-10-12T11:24:17.914+0800][info] GC(347) Concurrent Mark From Roots
[2024-10-12T11:24:17.914+0800][info] GC(347) Using 12 workers of 12 for marking
[2024-10-12T11:24:17.917+0800][info] GC(347) Concurrent Mark From Roots 3.412ms
[2024-10-12T11:24:17.917+0800][info] GC(347) Concurrent Preclean
[2024-10-12T11:24:17.919+0800][info] GC(347) Concurrent Preclean 1.715ms
[2024-10-12T11:24:17.919+0800][info] GC(347) Pause Remark
[2024-10-12T11:24:17.920+0800][info] GC(347) Pause Remark 96M->96M(128M) 1.564ms
[2024-10-12T11:24:17.920+0800][info] GC(347) User=0.00s Sys=0.00s Real=0.00s
[2024-10-12T11:24:17.921+0800][info] GC(347) Concurrent Mark 6.950ms
[2024-10-12T11:24:17.921+0800][info] GC(347) Concurrent Rebuild Remembered Sets
[2024-10-12T11:24:17.922+0800][info] GC(347) Concurrent Rebuild Remembered Sets 1.276ms
[2024-10-12T11:24:17.922+0800][info] GC(347) Pause Cleanup
[2024-10-12T11:24:17.922+0800][info] GC(347) Pause Cleanup 96M->96M(128M) 0.246ms
[2024-10-12T11:24:17.922+0800][info] GC(347) User=0.00s Sys=0.00s Real=0.00s
[2024-10-12T11:24:17.922+0800][info] GC(347) Concurrent Cleanup for Next Mark
[2024-10-12T11:24:17.923+0800][info] GC(347) Concurrent Cleanup for Next Mark 0.315ms
[2024-10-12T11:24:17.923+0800][info] GC(347) Concurrent Mark Cycle 9.339ms
[2024-10-12T11:24:18.067+0800][info] GC(348) Pause Young (Prepare Mixed) (G1 Evacuation Pause)
[2024-10-12T11:24:18.067+0800][info] GC(348) Using 3 workers of 48 for evacuation
[2024-10-12T11:24:18.068+0800][info] GC(348)   Pre Evacuate Collection Set: 0.1ms
[2024-10-12T11:24:18.068+0800][info] GC(348)   Merge Heap Roots: 0.1ms
[2024-10-12T11:24:18.068+0800][info] GC(348)   Evacuate Collection Set: 0.8ms
[2024-10-12T11:24:18.068+0800][info] GC(348)   Post Evacuate Collection Set: 0.2ms
[2024-10-12T11:24:18.068+0800][info] GC(348)   Other: 0.2ms
[2024-10-12T11:24:18.068+0800][info] GC(348) Eden regions: 2->0(2)
[2024-10-12T11:24:18.068+0800][info] GC(348) Survivor regions: 1->1(1)
[2024-10-12T11:24:18.068+0800][info] GC(348) Old regions: 49->51
[2024-10-12T11:24:18.068+0800][info] GC(348) Archive regions: 2->2
[2024-10-12T11:24:18.068+0800][info] GC(348) Humongous regions: 3->3
[2024-10-12T11:24:18.068+0800][info] GC(348) Metaspace: 1640K(1792K)->1640K(1792K) NonClass: 1515K(1600K)->1515K(1600K) Class: 124K(192K)->124K(192K)
[2024-10-12T11:24:18.068+0800][info] GC(348) Pause Young (Prepare Mixed) (G1 Evacuation Pause) 99M->99M(128M) 1.507ms
[2024-10-12T11:24:18.068+0800][info] GC(348) User=0.00s Sys=0.00s Real=0.00s
[2024-10-12T11:24:18.129+0800][info] GC(349) Pause Young (Mixed) (G1 Preventive Collection)
[2024-10-12T11:24:18.130+0800][info] GC(349) Using 3 workers of 48 for evacuation
[2024-10-12T11:24:18.131+0800][info] GC(349)   Pre Evacuate Collection Set: 0.2ms
[2024-10-12T11:24:18.131+0800][info] GC(349)   Merge Heap Roots: 0.1ms
[2024-10-12T11:24:18.131+0800][info] GC(349)   Evacuate Collection Set: 1.4ms
[2024-10-12T11:24:18.131+0800][info] GC(349)   Post Evacuate Collection Set: 0.2ms
[2024-10-12T11:24:18.131+0800][info] GC(349)   Other: 0.2ms
[2024-10-12T11:24:18.131+0800][info] GC(349) Eden regions: 1->0(2)
[2024-10-12T11:24:18.131+0800][info] GC(349) Survivor regions: 1->1(1)
[2024-10-12T11:24:18.131+0800][info] GC(349) Old regions: 51->48
[2024-10-12T11:24:18.131+0800][info] GC(349) Archive regions: 2->2
[2024-10-12T11:24:18.131+0800][info] GC(349) Humongous regions: 3->3
[2024-10-12T11:24:18.132+0800][info] GC(349) Metaspace: 1640K(1792K)->1640K(1792K) NonClass: 1515K(1600K)->1515K(1600K) Class: 124K(192K)->124K(192K)
[2024-10-12T11:24:18.132+0800][info] GC(349) Pause Young (Mixed) (G1 Preventive Collection) 101M->96M(128M) 2.072ms
[2024-10-12T11:24:18.132+0800][info] GC(349) User=0.00s Sys=0.00s Real=0.00s
[2024-10-12T11:24:18.234+0800][info] GC(350) Pause Young (Mixed) (G1 Evacuation Pause)
[2024-10-12T11:24:18.234+0800][info] GC(350) Using 3 workers of 48 for evacuation
[2024-10-12T11:24:18.236+0800][info] GC(350)   Pre Evacuate Collection Set: 0.2ms
[2024-10-12T11:24:18.236+0800][info] GC(350)   Merge Heap Roots: 0.1ms
[2024-10-12T11:24:18.236+0800][info] GC(350)   Evacuate Collection Set: 1.7ms
[2024-10-12T11:24:18.236+0800][info] GC(350)   Post Evacuate Collection Set: 0.2ms
[2024-10-12T11:24:18.236+0800][info] GC(350)   Other: 0.1ms
[2024-10-12T11:24:18.236+0800][info] GC(350) Eden regions: 2->0(2)
[2024-10-12T11:24:18.236+0800][info] GC(350) Survivor regions: 1->1(1)
[2024-10-12T11:24:18.236+0800][info] GC(350) Old regions: 48->47
[2024-10-12T11:24:18.236+0800][info] GC(350) Archive regions: 2->2
[2024-10-12T11:24:18.236+0800][info] GC(350) Humongous regions: 3->3
[2024-10-12T11:24:18.236+0800][info] GC(350) Metaspace: 1640K(1792K)->1640K(1792K) NonClass: 1515K(1600K)->1515K(1600K) Class: 124K(192K)->124K(192K)
[2024-10-12T11:24:18.236+0800][info] GC(350) Pause Young (Mixed) (G1 Evacuation Pause) 99M->95M(128M) 2.380ms
[2024-10-12T11:24:18.236+0800][info] GC(350) User=0.00s Sys=0.00s Real=0.00s
[2024-10-12T11:24:18.338+0800][info] GC(351) Pause Young (Mixed) (G1 Evacuation Pause)
[2024-10-12T11:24:18.338+0800][info] GC(351) Using 3 workers of 48 for evacuation
[2024-10-12T11:24:18.341+0800][info] GC(351)   Pre Evacuate Collection Set: 0.2ms
[2024-10-12T11:24:18.341+0800][info] GC(351)   Merge Heap Roots: 0.1ms
[2024-10-12T11:24:18.341+0800][info] GC(351)   Evacuate Collection Set: 2.0ms
[2024-10-12T11:24:18.341+0800][info] GC(351)   Post Evacuate Collection Set: 0.2ms
[2024-10-12T11:24:18.341+0800][info] GC(351)   Other: 0.1ms
[2024-10-12T11:24:18.341+0800][info] GC(351) Eden regions: 2->0(2)
[2024-10-12T11:24:18.341+0800][info] GC(351) Survivor regions: 1->1(1)
[2024-10-12T11:24:18.341+0800][info] GC(351) Old regions: 47->46
[2024-10-12T11:24:18.341+0800][info] GC(351) Archive regions: 2->2
[2024-10-12T11:24:18.341+0800][info] GC(351) Humongous regions: 3->3
[2024-10-12T11:24:18.341+0800][info] GC(351) Metaspace: 1640K(1792K)->1640K(1792K) NonClass: 1515K(1600K)->1515K(1600K) Class: 124K(192K)->124K(192K)
[2024-10-12T11:24:18.341+0800][info] GC(351) Pause Young (Mixed) (G1 Evacuation Pause) 99M->95M(128M) 2.802ms
[2024-10-12T11:24:18.341+0800][info] GC(351) User=0.01s Sys=0.00s Real=0.00s
[2024-10-12T11:24:18.444+0800][info] GC(352) Pause Young (Mixed) (G1 Preventive Collection)
[2024-10-12T11:24:18.444+0800][info] GC(352) Using 3 workers of 48 for evacuation
[2024-10-12T11:24:18.447+0800][info] GC(352)   Pre Evacuate Collection Set: 0.2ms
[2024-10-12T11:24:18.447+0800][info] GC(352)   Merge Heap Roots: 0.1ms
[2024-10-12T11:24:18.447+0800][info] GC(352)   Evacuate Collection Set: 2.1ms
[2024-10-12T11:24:18.447+0800][info] GC(352)   Post Evacuate Collection Set: 0.2ms
[2024-10-12T11:24:18.447+0800][info] GC(352)   Other: 0.1ms
[2024-10-12T11:24:18.447+0800][info] GC(352) Eden regions: 2->0(2)
[2024-10-12T11:24:18.447+0800][info] GC(352) Survivor regions: 1->1(1)
[2024-10-12T11:24:18.447+0800][info] GC(352) Old regions: 46->46
[2024-10-12T11:24:18.447+0800][info] GC(352) Archive regions: 2->2
[2024-10-12T11:24:18.447+0800][info] GC(352) Humongous regions: 4->3
[2024-10-12T11:24:18.447+0800][info] GC(352) Metaspace: 1640K(1792K)->1640K(1792K) NonClass: 1516K(1600K)->1516K(1600K) Class: 124K(192K)->124K(192K)
[2024-10-12T11:24:18.447+0800][info] GC(352) Pause Young (Mixed) (G1 Preventive Collection) 101M->97M(128M) 2.809ms
[2024-10-12T11:24:18.447+0800][info] GC(352) User=0.01s Sys=0.00s Real=0.01s
[2024-10-12T11:24:18.549+0800][info] GC(353) Pause Young (Mixed) (G1 Evacuation Pause)
[2024-10-12T11:24:18.549+0800][info] GC(353) Using 3 workers of 48 for evacuation
[2024-10-12T11:24:18.552+0800][info] GC(353)   Pre Evacuate Collection Set: 0.2ms
[2024-10-12T11:24:18.552+0800][info] GC(353)   Merge Heap Roots: 0.1ms
[2024-10-12T11:24:18.552+0800][info] GC(353)   Evacuate Collection Set: 2.1ms
[2024-10-12T11:24:18.552+0800][info] GC(353)   Post Evacuate Collection Set: 0.2ms
[2024-10-12T11:24:18.552+0800][info] GC(353)   Other: 0.1ms
[2024-10-12T11:24:18.552+0800][info] GC(353) Eden regions: 2->0(2)
[2024-10-12T11:24:18.552+0800][info] GC(353) Survivor regions: 1->1(1)
[2024-10-12T11:24:18.552+0800][info] GC(353) Old regions: 46->46
[2024-10-12T11:24:18.552+0800][info] GC(353) Archive regions: 2->2
[2024-10-12T11:24:18.552+0800][info] GC(353) Humongous regions: 3->3
[2024-10-12T11:24:18.552+0800][info] GC(353) Metaspace: 1640K(1792K)->1640K(1792K) NonClass: 1516K(1600K)->1516K(1600K) Class: 124K(192K)->124K(192K)
[2024-10-12T11:24:18.552+0800][info] GC(353) Pause Young (Mixed) (G1 Evacuation Pause) 100M->98M(128M) 2.870ms
[2024-10-12T11:24:18.552+0800][info] GC(353) User=0.01s Sys=0.00s Real=0.00s
[2024-10-12T11:24:18.654+0800][info] GC(354) Pause Young (Mixed) (G1 Preventive Collection)
[2024-10-12T11:24:18.655+0800][info] GC(354) Using 3 workers of 48 for evacuation
[2024-10-12T11:24:18.657+0800][info] GC(354)   Pre Evacuate Collection Set: 0.1ms
[2024-10-12T11:24:18.657+0800][info] GC(354)   Merge Heap Roots: 0.1ms
[2024-10-12T11:24:18.657+0800][info] GC(354)   Evacuate Collection Set: 2.1ms
[2024-10-12T11:24:18.657+0800][info] GC(354)   Post Evacuate Collection Set: 0.2ms
[2024-10-12T11:24:18.657+0800][info] GC(354)   Other: 0.3ms
[2024-10-12T11:24:18.657+0800][info] GC(354) Eden regions: 2->0(2)
[2024-10-12T11:24:18.657+0800][info] GC(354) Survivor regions: 1->1(1)
[2024-10-12T11:24:18.657+0800][info] GC(354) Old regions: 46->47
[2024-10-12T11:24:18.657+0800][info] GC(354) Archive regions: 2->2
[2024-10-12T11:24:18.657+0800][info] GC(354) Humongous regions: 3->3
[2024-10-12T11:24:18.657+0800][info] GC(354) Metaspace: 1641K(1792K)->1641K(1792K) NonClass: 1517K(1600K)->1517K(1600K) Class: 124K(192K)->124K(192K)
[2024-10-12T11:24:18.657+0800][info] GC(354) Pause Young (Mixed) (G1 Preventive Collection) 102M->100M(128M) 2.974ms
[2024-10-12T11:24:18.657+0800][info] GC(354) User=0.01s Sys=0.00s Real=0.00s
[2024-10-12T11:24:18.759+0800][info] GC(355) Pause Young (Mixed) (G1 Evacuation Pause)
[2024-10-12T11:24:18.759+0800][info] GC(355) Using 3 workers of 48 for evacuation
[2024-10-12T11:24:18.762+0800][info] GC(355)   Pre Evacuate Collection Set: 0.2ms
[2024-10-12T11:24:18.762+0800][info] GC(355)   Merge Heap Roots: 0.1ms
[2024-10-12T11:24:18.762+0800][info] GC(355)   Evacuate Collection Set: 2.3ms
[2024-10-12T11:24:18.762+0800][info] GC(355)   Post Evacuate Collection Set: 0.2ms
[2024-10-12T11:24:18.762+0800][info] GC(355)   Other: 0.2ms
[2024-10-12T11:24:18.762+0800][info] GC(355) Eden regions: 2->0(2)
[2024-10-12T11:24:18.762+0800][info] GC(355) Survivor regions: 1->1(1)
[2024-10-12T11:24:18.762+0800][info] GC(355) Old regions: 47->46
[2024-10-12T11:24:18.762+0800][info] GC(355) Archive regions: 2->2
[2024-10-12T11:24:18.762+0800][info] GC(355) Humongous regions: 3->3
[2024-10-12T11:24:18.762+0800][info] GC(355) Metaspace: 1641K(1792K)->1641K(1792K) NonClass: 1517K(1600K)->1517K(1600K) Class: 124K(192K)->124K(192K)
[2024-10-12T11:24:18.762+0800][info] GC(355) Pause Young (Mixed) (G1 Evacuation Pause) 103M->100M(128M) 3.044ms
[2024-10-12T11:24:18.762+0800][info] GC(355) User=0.01s Sys=0.00s Real=0.00s
[2024-10-12T11:24:18.865+0800][info] GC(356) Pause Young (Normal) (G1 Evacuation Pause)
[2024-10-12T11:24:18.865+0800][info] GC(356) Using 3 workers of 48 for evacuation
[2024-10-12T11:24:18.866+0800][info] GC(356)   Pre Evacuate Collection Set: 0.1ms
[2024-10-12T11:24:18.866+0800][info] GC(356)   Merge Heap Roots: 0.0ms
[2024-10-12T11:24:18.866+0800][info] GC(356)   Evacuate Collection Set: 0.7ms
[2024-10-12T11:24:18.866+0800][info] GC(356)   Post Evacuate Collection Set: 0.2ms
[2024-10-12T11:24:18.866+0800][info] GC(356)   Other: 0.2ms
[2024-10-12T11:24:18.866+0800][info] GC(356) Eden regions: 2->0(2)
[2024-10-12T11:24:18.866+0800][info] GC(356) Survivor regions: 1->1(1)
[2024-10-12T11:24:18.866+0800][info] GC(356) Old regions: 46->48
[2024-10-12T11:24:18.866+0800][info] GC(356) Archive regions: 2->2
[2024-10-12T11:24:18.866+0800][info] GC(356) Humongous regions: 3->3
[2024-10-12T11:24:18.866+0800][info] GC(356) Metaspace: 1641K(1792K)->1641K(1792K) NonClass: 1517K(1600K)->1517K(1600K) Class: 124K(192K)->124K(192K)
[2024-10-12T11:24:18.866+0800][info] GC(356) Pause Young (Normal) (G1 Evacuation Pause) 104M->104M(128M) 1.318ms
[2024-10-12T11:24:18.866+0800][info] GC(356) User=0.00s Sys=0.00s Real=0.01s
[2024-10-12T11:24:18.968+0800][info] GC(357) Pause Young (Normal) (G1 Evacuation Pause)
[2024-10-12T11:24:18.968+0800][info] GC(357) Using 3 workers of 48 for evacuation
[2024-10-12T11:24:18.970+0800][info] GC(357)   Pre Evacuate Collection Set: 0.1ms
[2024-10-12T11:24:18.970+0800][info] GC(357)   Merge Heap Roots: 0.0ms
[2024-10-12T11:24:18.970+0800][info] GC(357)   Evacuate Collection Set: 0.8ms
[2024-10-12T11:24:18.970+0800][info] GC(357)   Post Evacuate Collection Set: 0.2ms
[2024-10-12T11:24:18.970+0800][info] GC(357)   Other: 0.2ms
[2024-10-12T11:24:18.970+0800][info] GC(357) Eden regions: 2->0(2)
[2024-10-12T11:24:18.970+0800][info] GC(357) Survivor regions: 1->1(1)
[2024-10-12T11:24:18.970+0800][info] GC(357) Old regions: 48->50
[2024-10-12T11:24:18.970+0800][info] GC(357) Archive regions: 2->2
[2024-10-12T11:24:18.970+0800][info] GC(357) Humongous regions: 3->3
[2024-10-12T11:24:18.970+0800][info] GC(357) Metaspace: 1641K(1792K)->1641K(1792K) NonClass: 1517K(1600K)->1517K(1600K) Class: 124K(192K)->124K(192K)
[2024-10-12T11:24:18.970+0800][info] GC(357) Pause Young (Normal) (G1 Evacuation Pause) 107M->108M(128M) 1.518ms
[2024-10-12T11:24:18.970+0800][info] GC(357) User=0.01s Sys=0.00s Real=0.00s
[2024-10-12T11:24:19.072+0800][info] GC(358) Pause Young (Concurrent Start) (G1 Evacuation Pause)
[2024-10-12T11:24:19.072+0800][info] GC(358) Using 3 workers of 48 for evacuation
[2024-10-12T11:24:19.074+0800][info] GC(358)   Pre Evacuate Collection Set: 0.1ms
[2024-10-12T11:24:19.074+0800][info] GC(358)   Merge Heap Roots: 0.0ms
[2024-10-12T11:24:19.074+0800][info] GC(358)   Evacuate Collection Set: 0.8ms
[2024-10-12T11:24:19.074+0800][info] GC(358)   Post Evacuate Collection Set: 0.2ms
[2024-10-12T11:24:19.074+0800][info] GC(358)   Other: 0.3ms
[2024-10-12T11:24:19.074+0800][info] GC(358) Eden regions: 2->0(2)
[2024-10-12T11:24:19.074+0800][info] GC(358) Survivor regions: 1->1(1)
[2024-10-12T11:24:19.074+0800][info] GC(358) Old regions: 50->52
[2024-10-12T11:24:19.074+0800][info] GC(358) Archive regions: 2->2
[2024-10-12T11:24:19.074+0800][info] GC(358) Humongous regions: 3->3
[2024-10-12T11:24:19.074+0800][info] GC(358) Metaspace: 1642K(1792K)->1642K(1792K) NonClass: 1518K(1600K)->1518K(1600K) Class: 124K(192K)->124K(192K)
[2024-10-12T11:24:19.074+0800][info] GC(358) Pause Young (Concurrent Start) (G1 Evacuation Pause) 112M->112M(128M) 1.589ms
[2024-10-12T11:24:19.074+0800][info] GC(358) User=0.00s Sys=0.00s Real=0.01s
[2024-10-12T11:24:19.074+0800][info] GC(359) Concurrent Mark Cycle
[2024-10-12T11:24:19.074+0800][info] GC(359) Concurrent Clear Claimed Marks
[2024-10-12T11:24:19.074+0800][info] GC(359) Concurrent Clear Claimed Marks 0.017ms
[2024-10-12T11:24:19.074+0800][info] GC(359) Concurrent Scan Root Regions
[2024-10-12T11:24:19.074+0800][info] GC(359) Concurrent Scan Root Regions 0.158ms
[2024-10-12T11:24:19.074+0800][info] GC(359) Concurrent Mark
[2024-10-12T11:24:19.074+0800][info] GC(359) Concurrent Mark From Roots
[2024-10-12T11:24:19.074+0800][info] GC(359) Using 12 workers of 12 for marking
[2024-10-12T11:24:19.078+0800][info] GC(359) Concurrent Mark From Roots 3.390ms
[2024-10-12T11:24:19.078+0800][info] GC(359) Concurrent Preclean
[2024-10-12T11:24:19.080+0800][info] GC(359) Concurrent Preclean 1.689ms
[2024-10-12T11:24:19.080+0800][info] GC(359) Pause Remark
[2024-10-12T11:24:19.081+0800][info] GC(359) Pause Remark 112M->112M(128M) 1.558ms
[2024-10-12T11:24:19.081+0800][info] GC(359) User=0.00s Sys=0.00s Real=0.00s
[2024-10-12T11:24:19.081+0800][info] GC(359) Concurrent Mark 6.923ms
[2024-10-12T11:24:19.081+0800][info] GC(359) Concurrent Rebuild Remembered Sets
[2024-10-12T11:24:19.083+0800][info] GC(359) Concurrent Rebuild Remembered Sets 1.306ms
[2024-10-12T11:24:19.083+0800][info] GC(359) Pause Cleanup
[2024-10-12T11:24:19.083+0800][info] GC(359) Pause Cleanup 112M->112M(128M) 0.202ms
[2024-10-12T11:24:19.083+0800][info] GC(359) User=0.00s Sys=0.00s Real=0.00s
[2024-10-12T11:24:19.083+0800][info] GC(359) Concurrent Cleanup for Next Mark
[2024-10-12T11:24:19.083+0800][info] GC(359) Concurrent Cleanup for Next Mark 0.321ms
[2024-10-12T11:24:19.083+0800][info] GC(359) Concurrent Mark Cycle 9.293ms
[2024-10-12T11:24:19.227+0800][info] GC(360) Pause Young (Prepare Mixed) (G1 Preventive Collection)
[2024-10-12T11:24:19.227+0800][info] GC(360) Using 3 workers of 48 for evacuation
[2024-10-12T11:24:19.228+0800][info] GC(360)   Pre Evacuate Collection Set: 0.1ms
[2024-10-12T11:24:19.228+0800][info] GC(360)   Merge Heap Roots: 0.1ms
[2024-10-12T11:24:19.228+0800][info] GC(360)   Evacuate Collection Set: 0.8ms
[2024-10-12T11:24:19.228+0800][info] GC(360)   Post Evacuate Collection Set: 0.2ms
[2024-10-12T11:24:19.228+0800][info] GC(360)   Other: 0.2ms
[2024-10-12T11:24:19.229+0800][info] GC(360) Eden regions: 2->0(2)
[2024-10-12T11:24:19.229+0800][info] GC(360) Survivor regions: 1->1(1)
[2024-10-12T11:24:19.229+0800][info] GC(360) Old regions: 52->54
[2024-10-12T11:24:19.229+0800][info] GC(360) Archive regions: 2->2
[2024-10-12T11:24:19.229+0800][info] GC(360) Humongous regions: 3->3
[2024-10-12T11:24:19.229+0800][info] GC(360) Metaspace: 1642K(1792K)->1642K(1792K) NonClass: 1518K(1600K)->1518K(1600K) Class: 124K(192K)->124K(192K)
[2024-10-12T11:24:19.229+0800][info] GC(360) Pause Young (Prepare Mixed) (G1 Preventive Collection) 115M->115M(128M) 1.544ms
[2024-10-12T11:24:19.229+0800][info] GC(360) User=0.00s Sys=0.00s Real=0.00s
[2024-10-12T11:24:19.290+0800][info] GC(361) Pause Young (Mixed) (G1 Preventive Collection)
[2024-10-12T11:24:19.290+0800][info] GC(361) Using 3 workers of 48 for evacuation
[2024-10-12T11:24:19.292+0800][info] GC(361)   Pre Evacuate Collection Set: 0.2ms
[2024-10-12T11:24:19.292+0800][info] GC(361)   Merge Heap Roots: 0.1ms
[2024-10-12T11:24:19.292+0800][info] GC(361)   Evacuate Collection Set: 1.2ms
[2024-10-12T11:24:19.292+0800][info] GC(361)   Post Evacuate Collection Set: 0.2ms
[2024-10-12T11:24:19.292+0800][info] GC(361)   Other: 0.2ms
[2024-10-12T11:24:19.292+0800][info] GC(361) Eden regions: 1->0(2)
[2024-10-12T11:24:19.292+0800][info] GC(361) Survivor regions: 1->1(1)
[2024-10-12T11:24:19.292+0800][info] GC(361) Old regions: 54->50
[2024-10-12T11:24:19.292+0800][info] GC(361) Archive regions: 2->2
[2024-10-12T11:24:19.292+0800][info] GC(361) Humongous regions: 3->3
[2024-10-12T11:24:19.292+0800][info] GC(361) Metaspace: 1642K(1792K)->1642K(1792K) NonClass: 1518K(1600K)->1518K(1600K) Class: 124K(192K)->124K(192K)
[2024-10-12T11:24:19.292+0800][info] GC(361) Pause Young (Mixed) (G1 Preventive Collection) 117M->108M(128M) 1.950ms
[2024-10-12T11:24:19.292+0800][info] GC(361) User=0.01s Sys=0.01s Real=0.00s
[2024-10-12T11:24:19.394+0800][info] GC(362) Pause Young (Mixed) (G1 Preventive Collection)
[2024-10-12T11:24:19.394+0800][info] GC(362) Using 3 workers of 48 for evacuation
[2024-10-12T11:24:19.397+0800][info] GC(362)   Pre Evacuate Collection Set: 0.2ms
[2024-10-12T11:24:19.397+0800][info] GC(362)   Merge Heap Roots: 0.1ms
[2024-10-12T11:24:19.397+0800][info] GC(362)   Evacuate Collection Set: 1.6ms
[2024-10-12T11:24:19.397+0800][info] GC(362)   Post Evacuate Collection Set: 0.2ms
[2024-10-12T11:24:19.397+0800][info] GC(362)   Other: 0.1ms
[2024-10-12T11:24:19.397+0800][info] GC(362) Eden regions: 2->0(2)
[2024-10-12T11:24:19.397+0800][info] GC(362) Survivor regions: 1->1(1)
[2024-10-12T11:24:19.397+0800][info] GC(362) Old regions: 50->49
[2024-10-12T11:24:19.397+0800][info] GC(362) Archive regions: 2->2
[2024-10-12T11:24:19.397+0800][info] GC(362) Humongous regions: 3->3
[2024-10-12T11:24:19.397+0800][info] GC(362) Metaspace: 1642K(1792K)->1642K(1792K) NonClass: 1518K(1600K)->1518K(1600K) Class: 124K(192K)->124K(192K)
[2024-10-12T11:24:19.397+0800][info] GC(362) Pause Young (Mixed) (G1 Preventive Collection) 112M->106M(128M) 2.278ms
[2024-10-12T11:24:19.397+0800][info] GC(362) User=0.00s Sys=0.00s Real=0.00s
[2024-10-12T11:24:19.499+0800][info] GC(363) Pause Young (Mixed) (G1 Preventive Collection)
[2024-10-12T11:24:19.499+0800][info] GC(363) Using 3 workers of 48 for evacuation
[2024-10-12T11:24:19.502+0800][info] GC(363)   Pre Evacuate Collection Set: 0.2ms
[2024-10-12T11:24:19.502+0800][info] GC(363)   Merge Heap Roots: 0.1ms
[2024-10-12T11:24:19.502+0800][info] GC(363)   Evacuate Collection Set: 1.9ms
[2024-10-12T11:24:19.502+0800][info] GC(363)   Post Evacuate Collection Set: 0.2ms
[2024-10-12T11:24:19.502+0800][info] GC(363)   Other: 0.1ms
[2024-10-12T11:24:19.502+0800][info] GC(363) Eden regions: 2->0(2)
[2024-10-12T11:24:19.502+0800][info] GC(363) Survivor regions: 1->1(1)
[2024-10-12T11:24:19.502+0800][info] GC(363) Old regions: 49->47
[2024-10-12T11:24:19.502+0800][info] GC(363) Archive regions: 2->2
[2024-10-12T11:24:19.502+0800][info] GC(363) Humongous regions: 3->3
[2024-10-12T11:24:19.502+0800][info] GC(363) Metaspace: 1642K(1792K)->1642K(1792K) NonClass: 1518K(1600K)->1518K(1600K) Class: 124K(192K)->124K(192K)
[2024-10-12T11:24:19.502+0800][info] GC(363) Pause Young (Mixed) (G1 Preventive Collection) 110M->102M(128M) 2.619ms
[2024-10-12T11:24:19.502+0800][info] GC(363) User=0.01s Sys=0.00s Real=0.00s
[2024-10-12T11:24:19.604+0800][info] GC(364) Pause Young (Mixed) (G1 Evacuation Pause)
[2024-10-12T11:24:19.604+0800][info] GC(364) Using 3 workers of 48 for evacuation
[2024-10-12T11:24:19.607+0800][info] GC(364)   Pre Evacuate Collection Set: 0.2ms
[2024-10-12T11:24:19.607+0800][info] GC(364)   Merge Heap Roots: 0.1ms
[2024-10-12T11:24:19.607+0800][info] GC(364)   Evacuate Collection Set: 2.2ms
[2024-10-12T11:24:19.607+0800][info] GC(364)   Post Evacuate Collection Set: 0.2ms
[2024-10-12T11:24:19.607+0800][info] GC(364)   Other: 0.1ms
[2024-10-12T11:24:19.607+0800][info] GC(364) Eden regions: 2->0(2)
[2024-10-12T11:24:19.607+0800][info] GC(364) Survivor regions: 1->1(1)
[2024-10-12T11:24:19.607+0800][info] GC(364) Old regions: 47->46
[2024-10-12T11:24:19.607+0800][info] GC(364) Archive regions: 2->2
[2024-10-12T11:24:19.607+0800][info] GC(364) Humongous regions: 3->3
[2024-10-12T11:24:19.607+0800][info] GC(364) Metaspace: 1642K(1792K)->1642K(1792K) NonClass: 1518K(1600K)->1518K(1600K) Class: 124K(192K)->124K(192K)
[2024-10-12T11:24:19.607+0800][info] GC(364) Pause Young (Mixed) (G1 Evacuation Pause) 106M->101M(128M) 2.883ms
[2024-10-12T11:24:19.607+0800][info] GC(364) User=0.01s Sys=0.00s Real=0.01s
[2024-10-12T11:24:19.709+0800][info] GC(365) Pause Young (Mixed) (G1 Evacuation Pause)
[2024-10-12T11:24:19.709+0800][info] GC(365) Using 3 workers of 48 for evacuation
[2024-10-12T11:24:19.712+0800][info] GC(365)   Pre Evacuate Collection Set: 0.2ms
[2024-10-12T11:24:19.712+0800][info] GC(365)   Merge Heap Roots: 0.1ms
[2024-10-12T11:24:19.712+0800][info] GC(365)   Evacuate Collection Set: 2.0ms
[2024-10-12T11:24:19.712+0800][info] GC(365)   Post Evacuate Collection Set: 0.2ms
[2024-10-12T11:24:19.712+0800][info] GC(365)   Other: 0.1ms
[2024-10-12T11:24:19.712+0800][info] GC(365) Eden regions: 2->0(2)
[2024-10-12T11:24:19.712+0800][info] GC(365) Survivor regions: 1->1(1)
[2024-10-12T11:24:19.712+0800][info] GC(365) Old regions: 46->46
[2024-10-12T11:24:19.712+0800][info] GC(365) Archive regions: 2->2
[2024-10-12T11:24:19.712+0800][info] GC(365) Humongous regions: 3->3
[2024-10-12T11:24:19.712+0800][info] GC(365) Metaspace: 1642K(1792K)->1642K(1792K) NonClass: 1518K(1600K)->1518K(1600K) Class: 124K(192K)->124K(192K)
[2024-10-12T11:24:19.712+0800][info] GC(365) Pause Young (Mixed) (G1 Evacuation Pause) 104M->100M(128M) 2.707ms
[2024-10-12T11:24:19.712+0800][info] GC(365) User=0.00s Sys=0.00s Real=0.00s
[2024-10-12T11:24:19.814+0800][info] GC(366) Pause Young (Mixed) (G1 Evacuation Pause)
[2024-10-12T11:24:19.814+0800][info] GC(366) Using 3 workers of 48 for evacuation
[2024-10-12T11:24:19.817+0800][info] GC(366)   Pre Evacuate Collection Set: 0.2ms
[2024-10-12T11:24:19.817+0800][info] GC(366)   Merge Heap Roots: 0.1ms
[2024-10-12T11:24:19.817+0800][info] GC(366)   Evacuate Collection Set: 2.4ms
[2024-10-12T11:24:19.817+0800][info] GC(366)   Post Evacuate Collection Set: 0.2ms
[2024-10-12T11:24:19.817+0800][info] GC(366)   Other: 0.1ms
[2024-10-12T11:24:19.817+0800][info] GC(366) Eden regions: 2->0(2)
[2024-10-12T11:24:19.817+0800][info] GC(366) Survivor regions: 1->1(1)
[2024-10-12T11:24:19.817+0800][info] GC(366) Old regions: 46->46
[2024-10-12T11:24:19.817+0800][info] GC(366) Archive regions: 2->2
[2024-10-12T11:24:19.817+0800][info] GC(366) Humongous regions: 3->3
[2024-10-12T11:24:19.817+0800][info] GC(366) Metaspace: 1642K(1792K)->1642K(1792K) NonClass: 1518K(1600K)->1518K(1600K) Class: 124K(192K)->124K(192K)
[2024-10-12T11:24:19.817+0800][info] GC(366) Pause Young (Mixed) (G1 Evacuation Pause) 103M->100M(128M) 3.154ms
[2024-10-12T11:24:19.817+0800][info] GC(366) User=0.00s Sys=0.00s Real=0.00s
[2024-10-12T11:24:19.920+0800][info] GC(367) Pause Young (Mixed) (G1 Evacuation Pause)
[2024-10-12T11:24:19.920+0800][info] GC(367) Using 3 workers of 48 for evacuation
[2024-10-12T11:24:19.924+0800][info] GC(367)   Pre Evacuate Collection Set: 0.2ms
[2024-10-12T11:24:19.924+0800][info] GC(367)   Merge Heap Roots: 0.1ms
[2024-10-12T11:24:19.924+0800][info] GC(367)   Evacuate Collection Set: 3.6ms
[2024-10-12T11:24:19.924+0800][info] GC(367)   Post Evacuate Collection Set: 0.2ms
[2024-10-12T11:24:19.924+0800][info] GC(367)   Other: 0.1ms
[2024-10-12T11:24:19.924+0800][info] GC(367) Eden regions: 2->0(2)
[2024-10-12T11:24:19.924+0800][info] GC(367) Survivor regions: 1->1(1)
[2024-10-12T11:24:19.924+0800][info] GC(367) Old regions: 46->47
[2024-10-12T11:24:19.924+0800][info] GC(367) Archive regions: 2->2
[2024-10-12T11:24:19.924+0800][info] GC(367) Humongous regions: 3->3
[2024-10-12T11:24:19.924+0800][info] GC(367) Metaspace: 1642K(1792K)->1642K(1792K) NonClass: 1518K(1600K)->1518K(1600K) Class: 124K(192K)->124K(192K)
[2024-10-12T11:24:19.924+0800][info] GC(367) Pause Young (Mixed) (G1 Evacuation Pause) 104M->102M(128M) 4.352ms
[2024-10-12T11:24:19.924+0800][info] GC(367) User=0.01s Sys=0.00s Real=0.00s
[2024-10-12T11:24:20.026+0800][info] GC(368) Pause Young (Normal) (G1 Evacuation Pause)
[2024-10-12T11:24:20.026+0800][info] GC(368) Using 3 workers of 48 for evacuation
[2024-10-12T11:24:20.027+0800][info] GC(368)   Pre Evacuate Collection Set: 0.1ms
[2024-10-12T11:24:20.027+0800][info] GC(368)   Merge Heap Roots: 0.0ms
[2024-10-12T11:24:20.027+0800][info] GC(368)   Evacuate Collection Set: 0.8ms
[2024-10-12T11:24:20.027+0800][info] GC(368)   Post Evacuate Collection Set: 0.2ms
[2024-10-12T11:24:20.027+0800][info] GC(368)   Other: 0.2ms
[2024-10-12T11:24:20.027+0800][info] GC(368) Eden regions: 2->0(2)
[2024-10-12T11:24:20.027+0800][info] GC(368) Survivor regions: 1->1(1)
[2024-10-12T11:24:20.027+0800][info] GC(368) Old regions: 47->49
[2024-10-12T11:24:20.027+0800][info] GC(368) Archive regions: 2->2
[2024-10-12T11:24:20.027+0800][info] GC(368) Humongous regions: 3->3
[2024-10-12T11:24:20.027+0800][info] GC(368) Metaspace: 1642K(1792K)->1642K(1792K) NonClass: 1518K(1600K)->1518K(1600K) Class: 124K(192K)->124K(192K)
[2024-10-12T11:24:20.027+0800][info] GC(368) Pause Young (Normal) (G1 Evacuation Pause) 106M->106M(128M) 1.352ms
[2024-10-12T11:24:20.027+0800][info] GC(368) User=0.00s Sys=0.00s Real=0.00s
[2024-10-12T11:24:20.130+0800][info] GC(369) Pause Young (Normal) (G1 Evacuation Pause)
[2024-10-12T11:24:20.130+0800][info] GC(369) Using 3 workers of 48 for evacuation
[2024-10-12T11:24:20.131+0800][info] GC(369)   Pre Evacuate Collection Set: 0.1ms
[2024-10-12T11:24:20.131+0800][info] GC(369)   Merge Heap Roots: 0.0ms
[2024-10-12T11:24:20.131+0800][info] GC(369)   Evacuate Collection Set: 0.6ms
[2024-10-12T11:24:20.131+0800][info] GC(369)   Post Evacuate Collection Set: 0.2ms
[2024-10-12T11:24:20.131+0800][info] GC(369)   Other: 0.2ms
[2024-10-12T11:24:20.131+0800][info] GC(369) Eden regions: 2->0(2)
[2024-10-12T11:24:20.131+0800][info] GC(369) Survivor regions: 1->1(1)
[2024-10-12T11:24:20.131+0800][info] GC(369) Old regions: 49->51
[2024-10-12T11:24:20.131+0800][info] GC(369) Archive regions: 2->2
[2024-10-12T11:24:20.131+0800][info] GC(369) Humongous regions: 3->3
[2024-10-12T11:24:20.131+0800][info] GC(369) Metaspace: 1642K(1792K)->1642K(1792K) NonClass: 1518K(1600K)->1518K(1600K) Class: 124K(192K)->124K(192K)
[2024-10-12T11:24:20.131+0800][info] GC(369) Pause Young (Normal) (G1 Evacuation Pause) 109M->110M(128M) 1.242ms
[2024-10-12T11:24:20.131+0800][info] GC(369) User=0.00s Sys=0.00s Real=0.00s
[2024-10-12T11:24:20.233+0800][info] GC(370) Pause Young (Concurrent Start) (G1 Evacuation Pause)
[2024-10-12T11:24:20.233+0800][info] GC(370) Using 3 workers of 48 for evacuation
[2024-10-12T11:24:20.234+0800][info] GC(370)   Pre Evacuate Collection Set: 0.1ms
[2024-10-12T11:24:20.234+0800][info] GC(370)   Merge Heap Roots: 0.0ms
[2024-10-12T11:24:20.234+0800][info] GC(370)   Evacuate Collection Set: 0.7ms
[2024-10-12T11:24:20.234+0800][info] GC(370)   Post Evacuate Collection Set: 0.2ms
[2024-10-12T11:24:20.234+0800][info] GC(370)   Other: 0.4ms
[2024-10-12T11:24:20.234+0800][info] GC(370) Eden regions: 2->0(2)
[2024-10-12T11:24:20.234+0800][info] GC(370) Survivor regions: 1->1(1)
[2024-10-12T11:24:20.234+0800][info] GC(370) Old regions: 51->53
[2024-10-12T11:24:20.234+0800][info] GC(370) Archive regions: 2->2
[2024-10-12T11:24:20.234+0800][info] GC(370) Humongous regions: 3->3
[2024-10-12T11:24:20.234+0800][info] GC(370) Metaspace: 1642K(1792K)->1642K(1792K) NonClass: 1518K(1600K)->1518K(1600K) Class: 124K(192K)->124K(192K)
[2024-10-12T11:24:20.234+0800][info] GC(370) Pause Young (Concurrent Start) (G1 Evacuation Pause) 113M->114M(128M) 1.570ms
[2024-10-12T11:24:20.234+0800][info] GC(370) User=0.01s Sys=0.00s Real=0.01s
[2024-10-12T11:24:20.235+0800][info] GC(371) Concurrent Mark Cycle
[2024-10-12T11:24:20.235+0800][info] GC(371) Concurrent Clear Claimed Marks
[2024-10-12T11:24:20.235+0800][info] GC(371) Concurrent Clear Claimed Marks 0.017ms
[2024-10-12T11:24:20.235+0800][info] GC(371) Concurrent Scan Root Regions
[2024-10-12T11:24:20.235+0800][info] GC(371) Concurrent Scan Root Regions 0.160ms
[2024-10-12T11:24:20.235+0800][info] GC(371) Concurrent Mark
[2024-10-12T11:24:20.235+0800][info] GC(371) Concurrent Mark From Roots
[2024-10-12T11:24:20.235+0800][info] GC(371) Using 12 workers of 12 for marking
[2024-10-12T11:24:20.238+0800][info] GC(371) Concurrent Mark From Roots 3.635ms
[2024-10-12T11:24:20.239+0800][info] GC(371) Concurrent Preclean
[2024-10-12T11:24:20.240+0800][info] GC(371) Concurrent Preclean 1.690ms
[2024-10-12T11:24:20.240+0800][info] GC(371) Pause Remark
[2024-10-12T11:24:20.242+0800][info] GC(371) Pause Remark 114M->114M(128M) 1.571ms
[2024-10-12T11:24:20.242+0800][info] GC(371) User=0.01s Sys=0.00s Real=0.00s
[2024-10-12T11:24:20.242+0800][info] GC(371) Concurrent Mark 7.158ms
[2024-10-12T11:24:20.242+0800][info] GC(371) Concurrent Rebuild Remembered Sets
[2024-10-12T11:24:20.244+0800][info] GC(371) Concurrent Rebuild Remembered Sets 1.556ms
[2024-10-12T11:24:20.244+0800][info] GC(371) Pause Cleanup
[2024-10-12T11:24:20.244+0800][info] GC(371) Pause Cleanup 114M->114M(128M) 0.188ms
[2024-10-12T11:24:20.244+0800][info] GC(371) User=0.00s Sys=0.00s Real=0.00s
[2024-10-12T11:24:20.244+0800][info] GC(371) Concurrent Cleanup for Next Mark
[2024-10-12T11:24:20.244+0800][info] GC(371) Concurrent Cleanup for Next Mark 0.266ms
[2024-10-12T11:24:20.244+0800][info] GC(371) Concurrent Mark Cycle 9.717ms
[2024-10-12T11:24:20.388+0800][info] GC(372) Pause Young (Prepare Mixed) (G1 Preventive Collection)
[2024-10-12T11:24:20.388+0800][info] GC(372) Using 3 workers of 48 for evacuation
[2024-10-12T11:24:20.389+0800][info] GC(372)   Pre Evacuate Collection Set: 0.1ms
[2024-10-12T11:24:20.389+0800][info] GC(372)   Merge Heap Roots: 0.1ms
[2024-10-12T11:24:20.389+0800][info] GC(372)   Evacuate Collection Set: 0.9ms
[2024-10-12T11:24:20.389+0800][info] GC(372)   Post Evacuate Collection Set: 0.2ms
[2024-10-12T11:24:20.389+0800][info] GC(372)   Other: 0.2ms
[2024-10-12T11:24:20.389+0800][info] GC(372) Eden regions: 2->0(2)
[2024-10-12T11:24:20.389+0800][info] GC(372) Survivor regions: 1->1(1)
[2024-10-12T11:24:20.389+0800][info] GC(372) Old regions: 53->55
[2024-10-12T11:24:20.389+0800][info] GC(372) Archive regions: 2->2
[2024-10-12T11:24:20.389+0800][info] GC(372) Humongous regions: 3->3
[2024-10-12T11:24:20.389+0800][info] GC(372) Metaspace: 1642K(1792K)->1642K(1792K) NonClass: 1518K(1600K)->1518K(1600K) Class: 124K(192K)->124K(192K)
[2024-10-12T11:24:20.390+0800][info] GC(372) Pause Young (Prepare Mixed) (G1 Preventive Collection) 117M->118M(128M) 1.543ms
[2024-10-12T11:24:20.390+0800][info] GC(372) User=0.00s Sys=0.01s Real=0.00s
[2024-10-12T11:24:20.451+0800][info] GC(373) Pause Young (Mixed) (G1 Preventive Collection)
[2024-10-12T11:24:20.451+0800][info] GC(373) Using 3 workers of 48 for evacuation
[2024-10-12T11:24:20.452+0800][info] GC(373) To-space exhausted
[2024-10-12T11:24:20.452+0800][info] GC(373)   Pre Evacuate Collection Set: 0.2ms
[2024-10-12T11:24:20.452+0800][info] GC(373)   Merge Heap Roots: 0.1ms
[2024-10-12T11:24:20.452+0800][info] GC(373)   Evacuate Collection Set: 0.9ms
[2024-10-12T11:24:20.452+0800][info] GC(373)   Post Evacuate Collection Set: 0.3ms
[2024-10-12T11:24:20.452+0800][info] GC(373)   Other: 0.2ms
[2024-10-12T11:24:20.452+0800][info] GC(373) Eden regions: 1->0(2)
[2024-10-12T11:24:20.452+0800][info] GC(373) Survivor regions: 1->1(1)
[2024-10-12T11:24:20.452+0800][info] GC(373) Old regions: 55->56
[2024-10-12T11:24:20.452+0800][info] GC(373) Archive regions: 2->2
[2024-10-12T11:24:20.452+0800][info] GC(373) Humongous regions: 3->3
[2024-10-12T11:24:20.452+0800][info] GC(373) Metaspace: 1642K(1792K)->1642K(1792K) NonClass: 1518K(1600K)->1518K(1600K) Class: 124K(192K)->124K(192K)
[2024-10-12T11:24:20.452+0800][info] GC(373) Pause Young (Mixed) (G1 Preventive Collection) 120M->121M(128M) 1.654ms
[2024-10-12T11:24:20.452+0800][info] GC(373) User=0.00s Sys=0.00s Real=0.00s
[2024-10-12T11:24:20.493+0800][info] GC(374) Pause Young (Mixed) (G1 Preventive Collection)
[2024-10-12T11:24:20.494+0800][info] GC(374) Using 3 workers of 48 for evacuation
[2024-10-12T11:24:20.495+0800][info] GC(374) To-space exhausted
[2024-10-12T11:24:20.495+0800][info] GC(374)   Pre Evacuate Collection Set: 0.2ms
[2024-10-12T11:24:20.495+0800][info] GC(374)   Merge Heap Roots: 0.1ms
[2024-10-12T11:24:20.495+0800][info] GC(374)   Evacuate Collection Set: 0.6ms
[2024-10-12T11:24:20.495+0800][info] GC(374)   Post Evacuate Collection Set: 0.3ms
[2024-10-12T11:24:20.495+0800][info] GC(374)   Other: 0.2ms
[2024-10-12T11:24:20.495+0800][info] GC(374) Eden regions: 1->0(2)
[2024-10-12T11:24:20.495+0800][info] GC(374) Survivor regions: 1->1(1)
[2024-10-12T11:24:20.495+0800][info] GC(374) Old regions: 56->57
[2024-10-12T11:24:20.495+0800][info] GC(374) Archive regions: 2->2
[2024-10-12T11:24:20.495+0800][info] GC(374) Humongous regions: 3->3
[2024-10-12T11:24:20.495+0800][info] GC(374) Metaspace: 1642K(1792K)->1642K(1792K) NonClass: 1518K(1600K)->1518K(1600K) Class: 124K(192K)->124K(192K)
[2024-10-12T11:24:20.495+0800][info] GC(374) Pause Young (Mixed) (G1 Preventive Collection) 123M->123M(128M) 1.405ms
[2024-10-12T11:24:20.495+0800][info] GC(374) User=0.00s Sys=0.00s Real=0.00s
[2024-10-12T11:24:20.556+0800][info] GC(375) Pause Young (Mixed) (G1 Evacuation Pause)
[2024-10-12T11:24:20.556+0800][info] GC(375) Using 3 workers of 48 for evacuation
[2024-10-12T11:24:20.558+0800][info] GC(375) To-space exhausted
[2024-10-12T11:24:20.558+0800][info] GC(375)   Pre Evacuate Collection Set: 0.2ms
[2024-10-12T11:24:20.558+0800][info] GC(375)   Merge Heap Roots: 0.1ms
[2024-10-12T11:24:20.558+0800][info] GC(375)   Evacuate Collection Set: 0.7ms
[2024-10-12T11:24:20.558+0800][info] GC(375)   Post Evacuate Collection Set: 0.7ms
[2024-10-12T11:24:20.558+0800][info] GC(375)   Other: 0.1ms
[2024-10-12T11:24:20.558+0800][info] GC(375) Eden regions: 1->0(3)
[2024-10-12T11:24:20.558+0800][info] GC(375) Survivor regions: 1->0(0)
[2024-10-12T11:24:20.558+0800][info] GC(375) Old regions: 57->59
[2024-10-12T11:24:20.558+0800][info] GC(375) Archive regions: 2->2
[2024-10-12T11:24:20.558+0800][info] GC(375) Humongous regions: 3->3
[2024-10-12T11:24:20.558+0800][info] GC(375) Metaspace: 1642K(1792K)->1642K(1792K) NonClass: 1518K(1600K)->1518K(1600K) Class: 124K(192K)->124K(192K)
[2024-10-12T11:24:20.558+0800][info] GC(375) Pause Young (Mixed) (G1 Evacuation Pause) 125M->125M(128M) 1.868ms
[2024-10-12T11:24:20.558+0800][info] GC(375) User=0.01s Sys=0.00s Real=0.00s
[2024-10-12T11:24:20.558+0800][info] Attempting full compaction
[2024-10-12T11:24:20.558+0800][info] GC(376) Using 3 workers of 48 for full compaction
[2024-10-12T11:24:20.558+0800][info] GC(376) Pause Full (G1 Compaction Pause)
[2024-10-12T11:24:20.558+0800][info] GC(376) Phase 1: Mark live objects
[2024-10-12T11:24:20.561+0800][info] GC(376) Phase 1: Mark live objects 3.195ms
[2024-10-12T11:24:20.561+0800][info] GC(376) Phase 2: Prepare for compaction
[2024-10-12T11:24:20.562+0800][info] GC(376) Phase 2: Prepare for compaction 0.902ms
[2024-10-12T11:24:20.562+0800][info] GC(376) Phase 3: Adjust pointers
[2024-10-12T11:24:20.564+0800][info] GC(376) Phase 3: Adjust pointers 1.553ms
[2024-10-12T11:24:20.564+0800][info] GC(376) Phase 4: Compact heap
[2024-10-12T11:24:20.574+0800][info] GC(376) Phase 4: Compact heap 10.287ms
[2024-10-12T11:24:20.576+0800][info] GC(376) Eden regions: 0->0(4)
[2024-10-12T11:24:20.576+0800][info] GC(376) Survivor regions: 0->0(0)
[2024-10-12T11:24:20.576+0800][info] GC(376) Old regions: 59->36
[2024-10-12T11:24:20.576+0800][info] GC(376) Archive regions: 2->2
[2024-10-12T11:24:20.576+0800][info] GC(376) Humongous regions: 3->3
[2024-10-12T11:24:20.576+0800][info] GC(376) Metaspace: 1642K(1792K)->1642K(1792K) NonClass: 1518K(1600K)->1518K(1600K) Class: 124K(192K)->124K(192K)
[2024-10-12T11:24:20.576+0800][info] GC(376) Pause Full (G1 Compaction Pause) 125M->70M(128M) 17.626ms
[2024-10-12T11:24:20.576+0800][info] GC(376) User=0.04s Sys=0.00s Real=0.02s
[2024-10-12T11:24:20.781+0800][info] GC(377) Pause Young (Normal) (G1 Evacuation Pause)
[2024-10-12T11:24:20.781+0800][info] GC(377) Using 3 workers of 48 for evacuation
[2024-10-12T11:24:20.783+0800][info] GC(377)   Pre Evacuate Collection Set: 0.1ms
[2024-10-12T11:24:20.783+0800][info] GC(377)   Merge Heap Roots: 0.0ms
[2024-10-12T11:24:20.783+0800][info] GC(377)   Evacuate Collection Set: 1.0ms
[2024-10-12T11:24:20.783+0800][info] GC(377)   Post Evacuate Collection Set: 0.2ms
[2024-10-12T11:24:20.783+0800][info] GC(377)   Other: 0.2ms
[2024-10-12T11:24:20.783+0800][info] GC(377) Eden regions: 4->0(3)
[2024-10-12T11:24:20.783+0800][info] GC(377) Survivor regions: 0->1(1)
[2024-10-12T11:24:20.783+0800][info] GC(377) Old regions: 36->39
[2024-10-12T11:24:20.783+0800][info] GC(377) Archive regions: 2->2
[2024-10-12T11:24:20.783+0800][info] GC(377) Humongous regions: 4->4
[2024-10-12T11:24:20.783+0800][info] GC(377) Metaspace: 1651K(1856K)->1651K(1856K) NonClass: 1527K(1664K)->1527K(1664K) Class: 124K(192K)->124K(192K)
[2024-10-12T11:24:20.783+0800][info] GC(377) Pause Young (Normal) (G1 Evacuation Pause) 80M->80M(128M) 1.694ms
[2024-10-12T11:24:20.783+0800][info] GC(377) User=0.01s Sys=0.00s Real=0.00s
[2024-10-12T11:24:20.946+0800][info] GC(378) Pause Young (Normal) (G1 Evacuation Pause)
[2024-10-12T11:24:20.946+0800][info] GC(378) Using 3 workers of 48 for evacuation
[2024-10-12T11:24:20.948+0800][info] GC(378)   Pre Evacuate Collection Set: 0.1ms
[2024-10-12T11:24:20.948+0800][info] GC(378)   Merge Heap Roots: 0.1ms
[2024-10-12T11:24:20.948+0800][info] GC(378)   Evacuate Collection Set: 1.1ms
[2024-10-12T11:24:20.948+0800][info] GC(378)   Post Evacuate Collection Set: 0.2ms
[2024-10-12T11:24:20.948+0800][info] GC(378)   Other: 0.2ms
[2024-10-12T11:24:20.948+0800][info] GC(378) Eden regions: 3->0(2)
[2024-10-12T11:24:20.948+0800][info] GC(378) Survivor regions: 1->1(1)
[2024-10-12T11:24:20.948+0800][info] GC(378) Old regions: 39->42
[2024-10-12T11:24:20.948+0800][info] GC(378) Archive regions: 2->2
[2024-10-12T11:24:20.948+0800][info] GC(378) Humongous regions: 4->4
[2024-10-12T11:24:20.948+0800][info] GC(378) Metaspace: 1651K(1856K)->1651K(1856K) NonClass: 1527K(1664K)->1527K(1664K) Class: 124K(192K)->124K(192K)
[2024-10-12T11:24:20.948+0800][info] GC(378) Pause Young (Normal) (G1 Evacuation Pause) 86M->86M(128M) 1.762ms
[2024-10-12T11:24:20.948+0800][info] GC(378) User=0.00s Sys=0.00s Real=0.00s
[2024-10-12T11:24:21.051+0800][info] GC(379) Pause Young (Normal) (G1 Evacuation Pause)
[2024-10-12T11:24:21.051+0800][info] GC(379) Using 3 workers of 48 for evacuation
[2024-10-12T11:24:21.052+0800][info] GC(379)   Pre Evacuate Collection Set: 0.1ms
[2024-10-12T11:24:21.052+0800][info] GC(379)   Merge Heap Roots: 0.0ms
[2024-10-12T11:24:21.052+0800][info] GC(379)   Evacuate Collection Set: 0.7ms
[2024-10-12T11:24:21.052+0800][info] GC(379)   Post Evacuate Collection Set: 0.2ms
[2024-10-12T11:24:21.052+0800][info] GC(379)   Other: 0.2ms
[2024-10-12T11:24:21.052+0800][info] GC(379) Eden regions: 2->0(2)
[2024-10-12T11:24:21.052+0800][info] GC(379) Survivor regions: 1->1(1)
[2024-10-12T11:24:21.052+0800][info] GC(379) Old regions: 42->44
[2024-10-12T11:24:21.052+0800][info] GC(379) Archive regions: 2->2
[2024-10-12T11:24:21.052+0800][info] GC(379) Humongous regions: 4->4
[2024-10-12T11:24:21.052+0800][info] GC(379) Metaspace: 1651K(1856K)->1651K(1856K) NonClass: 1527K(1664K)->1527K(1664K) Class: 124K(192K)->124K(192K)
[2024-10-12T11:24:21.052+0800][info] GC(379) Pause Young (Normal) (G1 Evacuation Pause) 90M->90M(128M) 1.348ms
[2024-10-12T11:24:21.052+0800][info] GC(379) User=0.00s Sys=0.00s Real=0.00s
[2024-10-12T11:24:21.154+0800][info] GC(380) Pause Young (Normal) (G1 Evacuation Pause)
[2024-10-12T11:24:21.154+0800][info] GC(380) Using 3 workers of 48 for evacuation
[2024-10-12T11:24:21.155+0800][info] GC(380)   Pre Evacuate Collection Set: 0.1ms
[2024-10-12T11:24:21.155+0800][info] GC(380)   Merge Heap Roots: 0.0ms
[2024-10-12T11:24:21.155+0800][info] GC(380)   Evacuate Collection Set: 0.7ms
[2024-10-12T11:24:21.155+0800][info] GC(380)   Post Evacuate Collection Set: 0.2ms
[2024-10-12T11:24:21.155+0800][info] GC(380)   Other: 0.2ms
[2024-10-12T11:24:21.155+0800][info] GC(380) Eden regions: 2->0(2)
[2024-10-12T11:24:21.155+0800][info] GC(380) Survivor regions: 1->1(1)
[2024-10-12T11:24:21.155+0800][info] GC(380) Old regions: 44->46
[2024-10-12T11:24:21.155+0800][info] GC(380) Archive regions: 2->2
[2024-10-12T11:24:21.155+0800][info] GC(380) Humongous regions: 4->4
[2024-10-12T11:24:21.155+0800][info] GC(380) Metaspace: 1651K(1856K)->1651K(1856K) NonClass: 1527K(1664K)->1527K(1664K) Class: 124K(192K)->124K(192K)
[2024-10-12T11:24:21.155+0800][info] GC(380) Pause Young (Normal) (G1 Evacuation Pause) 93M->94M(128M) 1.345ms
[2024-10-12T11:24:21.155+0800][info] GC(380) User=0.00s Sys=0.00s Real=0.00s
[2024-10-12T11:24:21.258+0800][info] GC(381) Pause Young (Concurrent Start) (G1 Evacuation Pause)
[2024-10-12T11:24:21.258+0800][info] GC(381) Using 3 workers of 48 for evacuation
[2024-10-12T11:24:21.259+0800][info] GC(381)   Pre Evacuate Collection Set: 0.1ms
[2024-10-12T11:24:21.259+0800][info] GC(381)   Merge Heap Roots: 0.0ms
[2024-10-12T11:24:21.259+0800][info] GC(381)   Evacuate Collection Set: 0.7ms
[2024-10-12T11:24:21.259+0800][info] GC(381)   Post Evacuate Collection Set: 0.2ms
[2024-10-12T11:24:21.259+0800][info] GC(381)   Other: 0.3ms
[2024-10-12T11:24:21.259+0800][info] GC(381) Eden regions: 2->0(2)
[2024-10-12T11:24:21.259+0800][info] GC(381) Survivor regions: 1->1(1)
[2024-10-12T11:24:21.259+0800][info] GC(381) Old regions: 46->48
[2024-10-12T11:24:21.259+0800][info] GC(381) Archive regions: 2->2
[2024-10-12T11:24:21.259+0800][info] GC(381) Humongous regions: 4->4
[2024-10-12T11:24:21.259+0800][info] GC(381) Metaspace: 1651K(1856K)->1651K(1856K) NonClass: 1527K(1664K)->1527K(1664K) Class: 124K(192K)->124K(192K)
[2024-10-12T11:24:21.259+0800][info] GC(381) Pause Young (Concurrent Start) (G1 Evacuation Pause) 97M->98M(128M) 1.489ms
[2024-10-12T11:24:21.259+0800][info] GC(381) User=0.00s Sys=0.00s Real=0.00s
[2024-10-12T11:24:21.259+0800][info] GC(382) Concurrent Mark Cycle
[2024-10-12T11:24:21.260+0800][info] GC(382) Concurrent Clear Claimed Marks
[2024-10-12T11:24:21.260+0800][info] GC(382) Concurrent Clear Claimed Marks 0.017ms
[2024-10-12T11:24:21.260+0800][info] GC(382) Concurrent Scan Root Regions
[2024-10-12T11:24:21.260+0800][info] GC(382) Concurrent Scan Root Regions 0.159ms
[2024-10-12T11:24:21.260+0800][info] GC(382) Concurrent Mark
[2024-10-12T11:24:21.260+0800][info] GC(382) Concurrent Mark From Roots
[2024-10-12T11:24:21.260+0800][info] GC(382) Using 12 workers of 12 for marking
[2024-10-12T11:24:21.263+0800][info] GC(382) Concurrent Mark From Roots 3.662ms
[2024-10-12T11:24:21.263+0800][info] GC(382) Concurrent Preclean
[2024-10-12T11:24:21.265+0800][info] GC(382) Concurrent Preclean 1.710ms
[2024-10-12T11:24:21.265+0800][info] GC(382) Pause Remark
[2024-10-12T11:24:21.267+0800][info] GC(382) Pause Remark 98M->96M(128M) 1.492ms
[2024-10-12T11:24:21.267+0800][info] GC(382) User=0.00s Sys=0.00s Real=0.00s
[2024-10-12T11:24:21.267+0800][info] GC(382) Concurrent Mark 7.125ms
[2024-10-12T11:24:21.267+0800][info] GC(382) Concurrent Rebuild Remembered Sets
[2024-10-12T11:24:21.268+0800][info] GC(382) Concurrent Rebuild Remembered Sets 1.461ms
[2024-10-12T11:24:21.269+0800][info] GC(382) Pause Cleanup
[2024-10-12T11:24:21.269+0800][info] GC(382) Pause Cleanup 96M->96M(128M) 0.181ms
[2024-10-12T11:24:21.269+0800][info] GC(382) User=0.00s Sys=0.00s Real=0.00s
[2024-10-12T11:24:21.269+0800][info] GC(382) Concurrent Cleanup for Next Mark
[2024-10-12T11:24:21.269+0800][info] GC(382) Concurrent Cleanup for Next Mark 0.373ms
[2024-10-12T11:24:21.269+0800][info] GC(382) Concurrent Mark Cycle 9.687ms
[2024-10-12T11:24:21.412+0800][info] GC(383) Pause Young (Prepare Mixed) (G1 Evacuation Pause)
[2024-10-12T11:24:21.412+0800][info] GC(383) Using 3 workers of 48 for evacuation
[2024-10-12T11:24:21.414+0800][info] GC(383)   Pre Evacuate Collection Set: 0.1ms
[2024-10-12T11:24:21.414+0800][info] GC(383)   Merge Heap Roots: 0.1ms
[2024-10-12T11:24:21.414+0800][info] GC(383)   Evacuate Collection Set: 1.0ms
[2024-10-12T11:24:21.414+0800][info] GC(383)   Post Evacuate Collection Set: 0.2ms
[2024-10-12T11:24:21.414+0800][info] GC(383)   Other: 0.2ms
[2024-10-12T11:24:21.414+0800][info] GC(383) Eden regions: 2->0(2)
[2024-10-12T11:24:21.414+0800][info] GC(383) Survivor regions: 1->1(1)
[2024-10-12T11:24:21.414+0800][info] GC(383) Old regions: 48->50
[2024-10-12T11:24:21.414+0800][info] GC(383) Archive regions: 2->2
[2024-10-12T11:24:21.414+0800][info] GC(383) Humongous regions: 3->3
[2024-10-12T11:24:21.414+0800][info] GC(383) Metaspace: 1651K(1856K)->1651K(1856K) NonClass: 1527K(1664K)->1527K(1664K) Class: 124K(192K)->124K(192K)
[2024-10-12T11:24:21.414+0800][info] GC(383) Pause Young (Prepare Mixed) (G1 Evacuation Pause) 99M->99M(128M) 1.680ms
[2024-10-12T11:24:21.414+0800][info] GC(383) User=0.01s Sys=0.00s Real=0.01s
[2024-10-12T11:24:21.516+0800][info] GC(384) Pause Young (Mixed) (G1 Preventive Collection)
[2024-10-12T11:24:21.517+0800][info] GC(384) Using 3 workers of 48 for evacuation
[2024-10-12T11:24:21.518+0800][info] GC(384)   Pre Evacuate Collection Set: 0.2ms
[2024-10-12T11:24:21.518+0800][info] GC(384)   Merge Heap Roots: 0.0ms
[2024-10-12T11:24:21.518+0800][info] GC(384)   Evacuate Collection Set: 1.2ms
[2024-10-12T11:24:21.518+0800][info] GC(384)   Post Evacuate Collection Set: 0.2ms
[2024-10-12T11:24:21.518+0800][info] GC(384)   Other: 0.2ms
[2024-10-12T11:24:21.518+0800][info] GC(384) Eden regions: 2->0(2)
[2024-10-12T11:24:21.518+0800][info] GC(384) Survivor regions: 1->1(1)
[2024-10-12T11:24:21.518+0800][info] GC(384) Old regions: 50->49
[2024-10-12T11:24:21.518+0800][info] GC(384) Archive regions: 2->2
[2024-10-12T11:24:21.518+0800][info] GC(384) Humongous regions: 3->3
[2024-10-12T11:24:21.518+0800][info] GC(384) Metaspace: 1651K(1856K)->1651K(1856K) NonClass: 1527K(1664K)->1527K(1664K) Class: 124K(192K)->124K(192K)
[2024-10-12T11:24:21.518+0800][info] GC(384) Pause Young (Mixed) (G1 Preventive Collection) 103M->99M(128M) 1.956ms
[2024-10-12T11:24:21.518+0800][info] GC(384) User=0.00s Sys=0.00s Real=0.00s
[2024-10-12T11:24:21.621+0800][info] GC(385) Pause Young (Mixed) (G1 Preventive Collection)
[2024-10-12T11:24:21.621+0800][info] GC(385) Using 3 workers of 48 for evacuation
[2024-10-12T11:24:21.622+0800][info] GC(385)   Pre Evacuate Collection Set: 0.2ms
[2024-10-12T11:24:21.623+0800][info] GC(385)   Merge Heap Roots: 0.1ms
[2024-10-12T11:24:21.623+0800][info] GC(385)   Evacuate Collection Set: 1.4ms
[2024-10-12T11:24:21.623+0800][info] GC(385)   Post Evacuate Collection Set: 0.2ms
[2024-10-12T11:24:21.623+0800][info] GC(385)   Other: 0.1ms
[2024-10-12T11:24:21.623+0800][info] GC(385) Eden regions: 2->0(2)
[2024-10-12T11:24:21.623+0800][info] GC(385) Survivor regions: 1->1(1)
[2024-10-12T11:24:21.623+0800][info] GC(385) Old regions: 49->48
[2024-10-12T11:24:21.623+0800][info] GC(385) Archive regions: 2->2
[2024-10-12T11:24:21.623+0800][info] GC(385) Humongous regions: 3->3
[2024-10-12T11:24:21.623+0800][info] GC(385) Metaspace: 1651K(1856K)->1651K(1856K) NonClass: 1527K(1664K)->1527K(1664K) Class: 124K(192K)->124K(192K)
[2024-10-12T11:24:21.623+0800][info] GC(385) Pause Young (Mixed) (G1 Preventive Collection) 103M->98M(128M) 2.077ms
[2024-10-12T11:24:21.623+0800][info] GC(385) User=0.00s Sys=0.00s Real=0.00s
[2024-10-12T11:24:21.725+0800][info] GC(386) Pause Young (Mixed) (G1 Evacuation Pause)
[2024-10-12T11:24:21.725+0800][info] GC(386) Using 3 workers of 48 for evacuation
[2024-10-12T11:24:21.727+0800][info] GC(386)   Pre Evacuate Collection Set: 0.2ms
[2024-10-12T11:24:21.727+0800][info] GC(386)   Merge Heap Roots: 0.1ms
[2024-10-12T11:24:21.727+0800][info] GC(386)   Evacuate Collection Set: 1.5ms
[2024-10-12T11:24:21.727+0800][info] GC(386)   Post Evacuate Collection Set: 0.2ms
[2024-10-12T11:24:21.727+0800][info] GC(386)   Other: 0.2ms
[2024-10-12T11:24:21.727+0800][info] GC(386) Eden regions: 2->0(2)
[2024-10-12T11:24:21.727+0800][info] GC(386) Survivor regions: 1->1(1)
[2024-10-12T11:24:21.727+0800][info] GC(386) Old regions: 48->46
[2024-10-12T11:24:21.727+0800][info] GC(386) Archive regions: 2->2
[2024-10-12T11:24:21.727+0800][info] GC(386) Humongous regions: 3->3
[2024-10-12T11:24:21.727+0800][info] GC(386) Metaspace: 1651K(1856K)->1651K(1856K) NonClass: 1527K(1664K)->1527K(1664K) Class: 124K(192K)->124K(192K)
[2024-10-12T11:24:21.727+0800][info] GC(386) Pause Young (Mixed) (G1 Evacuation Pause) 102M->96M(128M) 2.210ms
[2024-10-12T11:24:21.727+0800][info] GC(386) User=0.01s Sys=0.00s Real=0.01s
[2024-10-12T11:24:21.829+0800][info] GC(387) Pause Young (Mixed) (G1 Evacuation Pause)
[2024-10-12T11:24:21.829+0800][info] GC(387) Using 3 workers of 48 for evacuation
[2024-10-12T11:24:21.831+0800][info] GC(387)   Pre Evacuate Collection Set: 0.2ms
[2024-10-12T11:24:21.832+0800][info] GC(387)   Merge Heap Roots: 0.1ms
[2024-10-12T11:24:21.832+0800][info] GC(387)   Evacuate Collection Set: 1.7ms
[2024-10-12T11:24:21.832+0800][info] GC(387)   Post Evacuate Collection Set: 0.2ms
[2024-10-12T11:24:21.832+0800][info] GC(387)   Other: 0.1ms
[2024-10-12T11:24:21.832+0800][info] GC(387) Eden regions: 2->0(2)
[2024-10-12T11:24:21.832+0800][info] GC(387) Survivor regions: 1->1(1)
[2024-10-12T11:24:21.832+0800][info] GC(387) Old regions: 46->46
[2024-10-12T11:24:21.832+0800][info] GC(387) Archive regions: 2->2
[2024-10-12T11:24:21.832+0800][info] GC(387) Humongous regions: 3->3
[2024-10-12T11:24:21.832+0800][info] GC(387) Metaspace: 1651K(1856K)->1651K(1856K) NonClass: 1527K(1664K)->1527K(1664K) Class: 124K(192K)->124K(192K)
[2024-10-12T11:24:21.832+0800][info] GC(387) Pause Young (Mixed) (G1 Evacuation Pause) 100M->97M(128M) 2.342ms
[2024-10-12T11:24:21.832+0800][info] GC(387) User=0.00s Sys=0.00s Real=0.00s
[2024-10-12T11:24:21.934+0800][info] GC(388) Pause Young (Mixed) (G1 Evacuation Pause)
[2024-10-12T11:24:21.934+0800][info] GC(388) Using 3 workers of 48 for evacuation
[2024-10-12T11:24:21.937+0800][info] GC(388)   Pre Evacuate Collection Set: 0.2ms
[2024-10-12T11:24:21.937+0800][info] GC(388)   Merge Heap Roots: 0.1ms
[2024-10-12T11:24:21.937+0800][info] GC(388)   Evacuate Collection Set: 2.1ms
[2024-10-12T11:24:21.937+0800][info] GC(388)   Post Evacuate Collection Set: 0.2ms
[2024-10-12T11:24:21.937+0800][info] GC(388)   Other: 0.1ms
[2024-10-12T11:24:21.937+0800][info] GC(388) Eden regions: 2->0(2)
[2024-10-12T11:24:21.937+0800][info] GC(388) Survivor regions: 1->1(1)
[2024-10-12T11:24:21.937+0800][info] GC(388) Old regions: 46->47
[2024-10-12T11:24:21.937+0800][info] GC(388) Archive regions: 2->2
[2024-10-12T11:24:21.937+0800][info] GC(388) Humongous regions: 3->3
[2024-10-12T11:24:21.937+0800][info] GC(388) Metaspace: 1652K(1856K)->1652K(1856K) NonClass: 1528K(1664K)->1528K(1664K) Class: 124K(192K)->124K(192K)
[2024-10-12T11:24:21.937+0800][info] GC(388) Pause Young (Mixed) (G1 Evacuation Pause) 101M->99M(128M) 2.854ms
[2024-10-12T11:24:21.937+0800][info] GC(388) User=0.01s Sys=0.01s Real=0.00s
[2024-10-12T11:24:22.039+0800][info] GC(389) Pause Young (Mixed) (G1 Evacuation Pause)
[2024-10-12T11:24:22.039+0800][info] GC(389) Using 3 workers of 48 for evacuation
[2024-10-12T11:24:22.042+0800][info] GC(389)   Pre Evacuate Collection Set: 0.2ms
[2024-10-12T11:24:22.042+0800][info] GC(389)   Merge Heap Roots: 0.1ms
[2024-10-12T11:24:22.042+0800][info] GC(389)   Evacuate Collection Set: 2.3ms
[2024-10-12T11:24:22.042+0800][info] GC(389)   Post Evacuate Collection Set: 0.2ms
[2024-10-12T11:24:22.042+0800][info] GC(389)   Other: 0.1ms
[2024-10-12T11:24:22.042+0800][info] GC(389) Eden regions: 2->0(2)
[2024-10-12T11:24:22.042+0800][info] GC(389) Survivor regions: 1->1(1)
[2024-10-12T11:24:22.042+0800][info] GC(389) Old regions: 47->47
[2024-10-12T11:24:22.042+0800][info] GC(389) Archive regions: 2->2
[2024-10-12T11:24:22.042+0800][info] GC(389) Humongous regions: 3->3
[2024-10-12T11:24:22.042+0800][info] GC(389) Metaspace: 1652K(1856K)->1652K(1856K) NonClass: 1528K(1664K)->1528K(1664K) Class: 124K(192K)->124K(192K)
[2024-10-12T11:24:22.042+0800][info] GC(389) Pause Young (Mixed) (G1 Evacuation Pause) 103M->101M(128M) 3.007ms
[2024-10-12T11:24:22.042+0800][info] GC(389) User=0.01s Sys=0.00s Real=0.00s
[2024-10-12T11:24:22.145+0800][info] GC(390) Pause Young (Mixed) (G1 Preventive Collection)
[2024-10-12T11:24:22.145+0800][info] GC(390) Using 3 workers of 48 for evacuation
[2024-10-12T11:24:22.148+0800][info] GC(390)   Pre Evacuate Collection Set: 0.2ms
[2024-10-12T11:24:22.148+0800][info] GC(390)   Merge Heap Roots: 0.1ms
[2024-10-12T11:24:22.148+0800][info] GC(390)   Evacuate Collection Set: 3.3ms
[2024-10-12T11:24:22.149+0800][info] GC(390)   Post Evacuate Collection Set: 0.3ms
[2024-10-12T11:24:22.149+0800][info] GC(390)   Other: 0.1ms
[2024-10-12T11:24:22.149+0800][info] GC(390) Eden regions: 2->0(2)
[2024-10-12T11:24:22.149+0800][info] GC(390) Survivor regions: 1->1(1)
[2024-10-12T11:24:22.149+0800][info] GC(390) Old regions: 47->48
[2024-10-12T11:24:22.149+0800][info] GC(390) Archive regions: 2->2
[2024-10-12T11:24:22.149+0800][info] GC(390) Humongous regions: 3->3
[2024-10-12T11:24:22.149+0800][info] GC(390) Metaspace: 1652K(1856K)->1652K(1856K) NonClass: 1528K(1664K)->1528K(1664K) Class: 124K(192K)->124K(192K)
[2024-10-12T11:24:22.149+0800][info] GC(390) Pause Young (Mixed) (G1 Preventive Collection) 104M->103M(128M) 4.079ms
[2024-10-12T11:24:22.149+0800][info] GC(390) User=0.01s Sys=0.00s Real=0.01s
[2024-10-12T11:24:22.251+0800][info] GC(391) Pause Young (Normal) (G1 Evacuation Pause)
[2024-10-12T11:24:22.251+0800][info] GC(391) Using 3 workers of 48 for evacuation
[2024-10-12T11:24:22.252+0800][info] GC(391)   Pre Evacuate Collection Set: 0.1ms
[2024-10-12T11:24:22.252+0800][info] GC(391)   Merge Heap Roots: 0.0ms
[2024-10-12T11:24:22.252+0800][info] GC(391)   Evacuate Collection Set: 0.7ms
[2024-10-12T11:24:22.252+0800][info] GC(391)   Post Evacuate Collection Set: 0.2ms
[2024-10-12T11:24:22.252+0800][info] GC(391)   Other: 0.2ms
[2024-10-12T11:24:22.252+0800][info] GC(391) Eden regions: 2->0(2)
[2024-10-12T11:24:22.252+0800][info] GC(391) Survivor regions: 1->1(1)
[2024-10-12T11:24:22.252+0800][info] GC(391) Old regions: 48->49
[2024-10-12T11:24:22.252+0800][info] GC(391) Archive regions: 2->2
[2024-10-12T11:24:22.252+0800][info] GC(391) Humongous regions: 3->3
[2024-10-12T11:24:22.252+0800][info] GC(391) Metaspace: 1652K(1856K)->1652K(1856K) NonClass: 1528K(1664K)->1528K(1664K) Class: 124K(192K)->124K(192K)
[2024-10-12T11:24:22.252+0800][info] GC(391) Pause Young (Normal) (G1 Evacuation Pause) 106M->106M(128M) 1.281ms
[2024-10-12T11:24:22.252+0800][info] GC(391) User=0.00s Sys=0.00s Real=0.00s
[2024-10-12T11:24:22.354+0800][info] GC(392) Pause Young (Normal) (G1 Evacuation Pause)
[2024-10-12T11:24:22.354+0800][info] GC(392) Using 3 workers of 48 for evacuation
[2024-10-12T11:24:22.356+0800][info] GC(392)   Pre Evacuate Collection Set: 0.1ms
[2024-10-12T11:24:22.356+0800][info] GC(392)   Merge Heap Roots: 0.1ms
[2024-10-12T11:24:22.356+0800][info] GC(392)   Evacuate Collection Set: 0.8ms
[2024-10-12T11:24:22.356+0800][info] GC(392)   Post Evacuate Collection Set: 0.2ms
[2024-10-12T11:24:22.356+0800][info] GC(392)   Other: 0.2ms
[2024-10-12T11:24:22.356+0800][info] GC(392) Eden regions: 2->0(2)
[2024-10-12T11:24:22.356+0800][info] GC(392) Survivor regions: 1->1(1)
[2024-10-12T11:24:22.356+0800][info] GC(392) Old regions: 49->51
[2024-10-12T11:24:22.356+0800][info] GC(392) Archive regions: 2->2
[2024-10-12T11:24:22.356+0800][info] GC(392) Humongous regions: 3->3
[2024-10-12T11:24:22.356+0800][info] GC(392) Metaspace: 1652K(1856K)->1652K(1856K) NonClass: 1528K(1664K)->1528K(1664K) Class: 124K(192K)->124K(192K)
[2024-10-12T11:24:22.356+0800][info] GC(392) Pause Young (Normal) (G1 Evacuation Pause) 110M->109M(128M) 1.476ms
[2024-10-12T11:24:22.356+0800][info] GC(392) User=0.01s Sys=0.00s Real=0.00s
[2024-10-12T11:24:22.458+0800][info] GC(393) Pause Young (Concurrent Start) (G1 Evacuation Pause)
[2024-10-12T11:24:22.458+0800][info] GC(393) Using 3 workers of 48 for evacuation
[2024-10-12T11:24:22.459+0800][info] GC(393)   Pre Evacuate Collection Set: 0.1ms
[2024-10-12T11:24:22.459+0800][info] GC(393)   Merge Heap Roots: 0.0ms
[2024-10-12T11:24:22.459+0800][info] GC(393)   Evacuate Collection Set: 0.7ms
[2024-10-12T11:24:22.459+0800][info] GC(393)   Post Evacuate Collection Set: 0.2ms
[2024-10-12T11:24:22.459+0800][info] GC(393)   Other: 0.3ms
[2024-10-12T11:24:22.459+0800][info] GC(393) Eden regions: 2->0(2)
[2024-10-12T11:24:22.459+0800][info] GC(393) Survivor regions: 1->1(1)
[2024-10-12T11:24:22.459+0800][info] GC(393) Old regions: 51->53
[2024-10-12T11:24:22.459+0800][info] GC(393) Archive regions: 2->2
[2024-10-12T11:24:22.459+0800][info] GC(393) Humongous regions: 3->3
[2024-10-12T11:24:22.459+0800][info] GC(393) Metaspace: 1652K(1856K)->1652K(1856K) NonClass: 1528K(1664K)->1528K(1664K) Class: 124K(192K)->124K(192K)
[2024-10-12T11:24:22.459+0800][info] GC(393) Pause Young (Concurrent Start) (G1 Evacuation Pause) 113M->113M(128M) 1.521ms
[2024-10-12T11:24:22.459+0800][info] GC(393) User=0.00s Sys=0.00s Real=0.00s
[2024-10-12T11:24:22.459+0800][info] GC(394) Concurrent Mark Cycle
[2024-10-12T11:24:22.459+0800][info] GC(394) Concurrent Clear Claimed Marks
[2024-10-12T11:24:22.460+0800][info] GC(394) Concurrent Clear Claimed Marks 0.017ms
[2024-10-12T11:24:22.460+0800][info] GC(394) Concurrent Scan Root Regions
[2024-10-12T11:24:22.460+0800][info] GC(394) Concurrent Scan Root Regions 0.160ms
[2024-10-12T11:24:22.460+0800][info] GC(394) Concurrent Mark
[2024-10-12T11:24:22.460+0800][info] GC(394) Concurrent Mark From Roots
[2024-10-12T11:24:22.460+0800][info] GC(394) Using 12 workers of 12 for marking
[2024-10-12T11:24:22.463+0800][info] GC(394) Concurrent Mark From Roots 3.502ms
[2024-10-12T11:24:22.463+0800][info] GC(394) Concurrent Preclean
[2024-10-12T11:24:22.465+0800][info] GC(394) Concurrent Preclean 1.690ms
[2024-10-12T11:24:22.465+0800][info] GC(394) Pause Remark
[2024-10-12T11:24:22.467+0800][info] GC(394) Pause Remark 114M->114M(128M) 1.513ms
[2024-10-12T11:24:22.467+0800][info] GC(394) User=0.01s Sys=0.00s Real=0.01s
[2024-10-12T11:24:22.467+0800][info] GC(394) Concurrent Mark 6.972ms
[2024-10-12T11:24:22.467+0800][info] GC(394) Concurrent Rebuild Remembered Sets
[2024-10-12T11:24:22.468+0800][info] GC(394) Concurrent Rebuild Remembered Sets 1.087ms
[2024-10-12T11:24:22.468+0800][info] GC(394) Pause Cleanup
[2024-10-12T11:24:22.468+0800][info] GC(394) Pause Cleanup 114M->114M(128M) 0.246ms
[2024-10-12T11:24:22.468+0800][info] GC(394) User=0.00s Sys=0.00s Real=0.00s
[2024-10-12T11:24:22.468+0800][info] GC(394) Concurrent Cleanup for Next Mark
[2024-10-12T11:24:22.469+0800][info] GC(394) Concurrent Cleanup for Next Mark 0.306ms
[2024-10-12T11:24:22.469+0800][info] GC(394) Concurrent Mark Cycle 9.160ms
[2024-10-12T11:24:22.613+0800][info] GC(395) Pause Young (Prepare Mixed) (G1 Preventive Collection)
[2024-10-12T11:24:22.613+0800][info] GC(395) Using 3 workers of 48 for evacuation
[2024-10-12T11:24:22.614+0800][info] GC(395)   Pre Evacuate Collection Set: 0.1ms
[2024-10-12T11:24:22.614+0800][info] GC(395)   Merge Heap Roots: 0.1ms
[2024-10-12T11:24:22.614+0800][info] GC(395)   Evacuate Collection Set: 0.7ms
[2024-10-12T11:24:22.614+0800][info] GC(395)   Post Evacuate Collection Set: 0.2ms
[2024-10-12T11:24:22.614+0800][info] GC(395)   Other: 0.2ms
[2024-10-12T11:24:22.614+0800][info] GC(395) Eden regions: 2->0(2)
[2024-10-12T11:24:22.614+0800][info] GC(395) Survivor regions: 1->1(1)
[2024-10-12T11:24:22.614+0800][info] GC(395) Old regions: 53->55
[2024-10-12T11:24:22.614+0800][info] GC(395) Archive regions: 2->2
[2024-10-12T11:24:22.614+0800][info] GC(395) Humongous regions: 3->3
[2024-10-12T11:24:22.614+0800][info] GC(395) Metaspace: 1653K(1856K)->1653K(1856K) NonClass: 1528K(1664K)->1528K(1664K) Class: 124K(192K)->124K(192K)
[2024-10-12T11:24:22.614+0800][info] GC(395) Pause Young (Prepare Mixed) (G1 Preventive Collection) 117M->117M(128M) 1.413ms
[2024-10-12T11:24:22.614+0800][info] GC(395) User=0.01s Sys=0.00s Real=0.01s
[2024-10-12T11:24:22.676+0800][info] GC(396) Pause Young (Mixed) (G1 Preventive Collection)
[2024-10-12T11:24:22.676+0800][info] GC(396) Using 3 workers of 48 for evacuation
[2024-10-12T11:24:22.677+0800][info] GC(396) To-space exhausted
[2024-10-12T11:24:22.677+0800][info] GC(396)   Pre Evacuate Collection Set: 0.2ms
[2024-10-12T11:24:22.677+0800][info] GC(396)   Merge Heap Roots: 0.1ms
[2024-10-12T11:24:22.677+0800][info] GC(396)   Evacuate Collection Set: 0.9ms
[2024-10-12T11:24:22.677+0800][info] GC(396)   Post Evacuate Collection Set: 0.2ms
[2024-10-12T11:24:22.677+0800][info] GC(396)   Other: 0.2ms
[2024-10-12T11:24:22.677+0800][info] GC(396) Eden regions: 1->0(2)
[2024-10-12T11:24:22.677+0800][info] GC(396) Survivor regions: 1->1(1)
[2024-10-12T11:24:22.677+0800][info] GC(396) Old regions: 55->53
[2024-10-12T11:24:22.677+0800][info] GC(396) Archive regions: 2->2
[2024-10-12T11:24:22.677+0800][info] GC(396) Humongous regions: 3->3
[2024-10-12T11:24:22.677+0800][info] GC(396) Metaspace: 1653K(1856K)->1653K(1856K) NonClass: 1528K(1664K)->1528K(1664K) Class: 124K(192K)->124K(192K)
[2024-10-12T11:24:22.677+0800][info] GC(396) Pause Young (Mixed) (G1 Preventive Collection) 118M->114M(128M) 1.733ms
[2024-10-12T11:24:22.677+0800][info] GC(396) User=0.00s Sys=0.01s Real=0.00s
[2024-10-12T11:24:22.718+0800][info] GC(397) Pause Young (Mixed) (G1 Preventive Collection)
[2024-10-12T11:24:22.718+0800][info] GC(397) Using 3 workers of 48 for evacuation
[2024-10-12T11:24:22.720+0800][info] GC(397) To-space exhausted
[2024-10-12T11:24:22.720+0800][info] GC(397)   Pre Evacuate Collection Set: 0.2ms
[2024-10-12T11:24:22.720+0800][info] GC(397)   Merge Heap Roots: 0.1ms
[2024-10-12T11:24:22.720+0800][info] GC(397)   Evacuate Collection Set: 1.1ms
[2024-10-12T11:24:22.720+0800][info] GC(397)   Post Evacuate Collection Set: 0.2ms
[2024-10-12T11:24:22.720+0800][info] GC(397)   Other: 0.2ms
[2024-10-12T11:24:22.720+0800][info] GC(397) Eden regions: 1->0(2)
[2024-10-12T11:24:22.720+0800][info] GC(397) Survivor regions: 1->1(1)
[2024-10-12T11:24:22.720+0800][info] GC(397) Old regions: 53->54
[2024-10-12T11:24:22.720+0800][info] GC(397) Archive regions: 2->2
[2024-10-12T11:24:22.720+0800][info] GC(397) Humongous regions: 3->3
[2024-10-12T11:24:22.720+0800][info] GC(397) Metaspace: 1653K(1856K)->1653K(1856K) NonClass: 1528K(1664K)->1528K(1664K) Class: 124K(192K)->124K(192K)
[2024-10-12T11:24:22.720+0800][info] GC(397) Pause Young (Mixed) (G1 Preventive Collection) 116M->116M(128M) 1.870ms
[2024-10-12T11:24:22.720+0800][info] GC(397) User=0.00s Sys=0.00s Real=0.00s
[2024-10-12T11:24:22.782+0800][info] GC(398) Pause Young (Mixed) (G1 Preventive Collection)
[2024-10-12T11:24:22.782+0800][info] GC(398) Using 3 workers of 48 for evacuation
[2024-10-12T11:24:22.783+0800][info] GC(398) To-space exhausted
[2024-10-12T11:24:22.783+0800][info] GC(398)   Pre Evacuate Collection Set: 0.2ms
[2024-10-12T11:24:22.783+0800][info] GC(398)   Merge Heap Roots: 0.1ms
[2024-10-12T11:24:22.783+0800][info] GC(398)   Evacuate Collection Set: 1.1ms
[2024-10-12T11:24:22.783+0800][info] GC(398)   Post Evacuate Collection Set: 0.3ms
[2024-10-12T11:24:22.783+0800][info] GC(398)   Other: 0.1ms
[2024-10-12T11:24:22.783+0800][info] GC(398) Eden regions: 1->0(2)
[2024-10-12T11:24:22.783+0800][info] GC(398) Survivor regions: 1->1(1)
[2024-10-12T11:24:22.783+0800][info] GC(398) Old regions: 54->57
[2024-10-12T11:24:22.783+0800][info] GC(398) Archive regions: 2->2
[2024-10-12T11:24:22.783+0800][info] GC(398) Humongous regions: 3->3
[2024-10-12T11:24:22.783+0800][info] GC(398) Metaspace: 1653K(1856K)->1653K(1856K) NonClass: 1528K(1664K)->1528K(1664K) Class: 124K(192K)->124K(192K)
[2024-10-12T11:24:22.783+0800][info] GC(398) Pause Young (Mixed) (G1 Preventive Collection) 118M->122M(128M) 1.807ms
[2024-10-12T11:24:22.783+0800][info] GC(398) User=0.01s Sys=0.00s Real=0.00s
[2024-10-12T11:24:22.784+0800][info] GC(399) Pause Young (Mixed) (G1 Humongous Allocation)
[2024-10-12T11:24:22.784+0800][info] GC(399) Using 3 workers of 48 for evacuation
[2024-10-12T11:24:22.786+0800][info] GC(399) To-space exhausted
[2024-10-12T11:24:22.786+0800][info] GC(399)   Pre Evacuate Collection Set: 0.1ms
[2024-10-12T11:24:22.786+0800][info] GC(399)   Merge Heap Roots: 0.1ms
[2024-10-12T11:24:22.786+0800][info] GC(399)   Evacuate Collection Set: 1.1ms
[2024-10-12T11:24:22.786+0800][info] GC(399)   Post Evacuate Collection Set: 0.8ms
[2024-10-12T11:24:22.786+0800][info] GC(399)   Other: 0.1ms
[2024-10-12T11:24:22.786+0800][info] GC(399) Eden regions: 1->0(3)
[2024-10-12T11:24:22.786+0800][info] GC(399) Survivor regions: 1->0(0)
[2024-10-12T11:24:22.786+0800][info] GC(399) Old regions: 57->59
[2024-10-12T11:24:22.786+0800][info] GC(399) Archive regions: 2->2
[2024-10-12T11:24:22.786+0800][info] GC(399) Humongous regions: 3->3
[2024-10-12T11:24:22.786+0800][info] GC(399) Metaspace: 1653K(1856K)->1653K(1856K) NonClass: 1528K(1664K)->1528K(1664K) Class: 124K(192K)->124K(192K)
[2024-10-12T11:24:22.786+0800][info] GC(399) Pause Young (Mixed) (G1 Humongous Allocation) 123M->123M(128M) 2.232ms
[2024-10-12T11:24:22.786+0800][info] GC(399) User=0.00s Sys=0.00s Real=0.01s
[2024-10-12T11:24:22.786+0800][info] Attempting full compaction
[2024-10-12T11:24:22.786+0800][info] GC(400) Using 3 workers of 48 for full compaction
[2024-10-12T11:24:22.786+0800][info] GC(400) Pause Full (G1 Compaction Pause)
[2024-10-12T11:24:22.786+0800][info] GC(400) Phase 1: Mark live objects
[2024-10-12T11:24:22.789+0800][info] GC(400) Phase 1: Mark live objects 3.174ms
[2024-10-12T11:24:22.789+0800][info] GC(400) Phase 2: Prepare for compaction
[2024-10-12T11:24:22.790+0800][info] GC(400) Phase 2: Prepare for compaction 0.672ms
[2024-10-12T11:24:22.790+0800][info] GC(400) Phase 3: Adjust pointers
[2024-10-12T11:24:22.792+0800][info] GC(400) Phase 3: Adjust pointers 1.585ms
[2024-10-12T11:24:22.792+0800][info] GC(400) Phase 4: Compact heap
[2024-10-12T11:24:22.801+0800][info] GC(400) Phase 4: Compact heap 9.787ms
[2024-10-12T11:24:22.803+0800][info] GC(400) Eden regions: 0->0(4)
[2024-10-12T11:24:22.803+0800][info] GC(400) Survivor regions: 0->0(0)
[2024-10-12T11:24:22.803+0800][info] GC(400) Old regions: 59->37
[2024-10-12T11:24:22.803+0800][info] GC(400) Archive regions: 2->2
[2024-10-12T11:24:22.803+0800][info] GC(400) Humongous regions: 3->3
[2024-10-12T11:24:22.803+0800][info] GC(400) Metaspace: 1653K(1856K)->1653K(1856K) NonClass: 1528K(1664K)->1528K(1664K) Class: 124K(192K)->124K(192K)
[2024-10-12T11:24:22.803+0800][info] GC(400) Pause Full (G1 Compaction Pause) 123M->70M(128M) 16.926ms
[2024-10-12T11:24:22.803+0800][info] GC(400) User=0.04s Sys=0.00s Real=0.01s
[2024-10-12T11:24:23.029+0800][info] GC(401) Pause Young (Normal) (G1 Evacuation Pause)
[2024-10-12T11:24:23.029+0800][info] GC(401) Using 3 workers of 48 for evacuation
[2024-10-12T11:24:23.031+0800][info] GC(401)   Pre Evacuate Collection Set: 0.1ms
[2024-10-12T11:24:23.031+0800][info] GC(401)   Merge Heap Roots: 0.1ms
[2024-10-12T11:24:23.031+0800][info] GC(401)   Evacuate Collection Set: 1.1ms
[2024-10-12T11:24:23.031+0800][info] GC(401)   Post Evacuate Collection Set: 0.2ms
[2024-10-12T11:24:23.031+0800][info] GC(401)   Other: 0.3ms
[2024-10-12T11:24:23.031+0800][info] GC(401) Eden regions: 4->0(2)
[2024-10-12T11:24:23.031+0800][info] GC(401) Survivor regions: 0->1(1)
[2024-10-12T11:24:23.031+0800][info] GC(401) Old regions: 37->40
[2024-10-12T11:24:23.031+0800][info] GC(401) Archive regions: 2->2
[2024-10-12T11:24:23.031+0800][info] GC(401) Humongous regions: 4->4
[2024-10-12T11:24:23.031+0800][info] GC(401) Metaspace: 1656K(1856K)->1656K(1856K) NonClass: 1532K(1664K)->1532K(1664K) Class: 124K(192K)->124K(192K)
[2024-10-12T11:24:23.031+0800][info] GC(401) Pause Young (Normal) (G1 Evacuation Pause) 80M->80M(128M) 1.799ms
[2024-10-12T11:24:23.031+0800][info] GC(401) User=0.00s Sys=0.00s Real=0.00s
[2024-10-12T11:24:23.133+0800][info] GC(402) Pause Young (Normal) (G1 Evacuation Pause)
[2024-10-12T11:24:23.133+0800][info] GC(402) Using 3 workers of 48 for evacuation
[2024-10-12T11:24:23.134+0800][info] GC(402)   Pre Evacuate Collection Set: 0.1ms
[2024-10-12T11:24:23.134+0800][info] GC(402)   Merge Heap Roots: 0.1ms
[2024-10-12T11:24:23.134+0800][info] GC(402)   Evacuate Collection Set: 0.7ms
[2024-10-12T11:24:23.134+0800][info] GC(402)   Post Evacuate Collection Set: 0.2ms
[2024-10-12T11:24:23.134+0800][info] GC(402)   Other: 0.2ms
[2024-10-12T11:24:23.134+0800][info] GC(402) Eden regions: 2->0(2)
[2024-10-12T11:24:23.134+0800][info] GC(402) Survivor regions: 1->1(1)
[2024-10-12T11:24:23.134+0800][info] GC(402) Old regions: 40->42
[2024-10-12T11:24:23.134+0800][info] GC(402) Archive regions: 2->2
[2024-10-12T11:24:23.134+0800][info] GC(402) Humongous regions: 4->4
[2024-10-12T11:24:23.134+0800][info] GC(402) Metaspace: 1656K(1856K)->1656K(1856K) NonClass: 1532K(1664K)->1532K(1664K) Class: 124K(192K)->124K(192K)
[2024-10-12T11:24:23.134+0800][info] GC(402) Pause Young (Normal) (G1 Evacuation Pause) 83M->84M(128M) 1.360ms
[2024-10-12T11:24:23.134+0800][info] GC(402) User=0.00s Sys=0.01s Real=0.01s
[2024-10-12T11:24:23.237+0800][info] GC(403) Pause Young (Normal) (G1 Evacuation Pause)
[2024-10-12T11:24:23.237+0800][info] GC(403) Using 3 workers of 48 for evacuation
[2024-10-12T11:24:23.238+0800][info] GC(403)   Pre Evacuate Collection Set: 0.1ms
[2024-10-12T11:24:23.238+0800][info] GC(403)   Merge Heap Roots: 0.0ms
[2024-10-12T11:24:23.238+0800][info] GC(403)   Evacuate Collection Set: 0.7ms
[2024-10-12T11:24:23.238+0800][info] GC(403)   Post Evacuate Collection Set: 0.2ms
[2024-10-12T11:24:23.238+0800][info] GC(403)   Other: 0.2ms
[2024-10-12T11:24:23.238+0800][info] GC(403) Eden regions: 2->0(2)
[2024-10-12T11:24:23.238+0800][info] GC(403) Survivor regions: 1->1(1)
[2024-10-12T11:24:23.238+0800][info] GC(403) Old regions: 42->44
[2024-10-12T11:24:23.238+0800][info] GC(403) Archive regions: 2->2
[2024-10-12T11:24:23.238+0800][info] GC(403) Humongous regions: 4->4
[2024-10-12T11:24:23.238+0800][info] GC(403) Metaspace: 1675K(1856K)->1675K(1856K) NonClass: 1551K(1664K)->1551K(1664K) Class: 124K(192K)->124K(192K)
[2024-10-12T11:24:23.238+0800][info] GC(403) Pause Young (Normal) (G1 Evacuation Pause) 87M->88M(128M) 1.366ms
[2024-10-12T11:24:23.238+0800][info] GC(403) User=0.00s Sys=0.00s Real=0.00s
[2024-10-12T11:24:23.340+0800][info] GC(404) Pause Young (Normal) (G1 Evacuation Pause)
[2024-10-12T11:24:23.340+0800][info] GC(404) Using 3 workers of 48 for evacuation
[2024-10-12T11:24:23.341+0800][info] GC(404)   Pre Evacuate Collection Set: 0.1ms
[2024-10-12T11:24:23.341+0800][info] GC(404)   Merge Heap Roots: 0.0ms
[2024-10-12T11:24:23.341+0800][info] GC(404)   Evacuate Collection Set: 0.8ms
[2024-10-12T11:24:23.341+0800][info] GC(404)   Post Evacuate Collection Set: 0.2ms
[2024-10-12T11:24:23.341+0800][info] GC(404)   Other: 0.2ms
[2024-10-12T11:24:23.342+0800][info] GC(404) Eden regions: 2->0(2)
[2024-10-12T11:24:23.342+0800][info] GC(404) Survivor regions: 1->1(1)
[2024-10-12T11:24:23.342+0800][info] GC(404) Old regions: 44->46
[2024-10-12T11:24:23.342+0800][info] GC(404) Archive regions: 2->2
[2024-10-12T11:24:23.342+0800][info] GC(404) Humongous regions: 4->4
[2024-10-12T11:24:23.342+0800][info] GC(404) Metaspace: 1675K(1856K)->1675K(1856K) NonClass: 1551K(1664K)->1551K(1664K) Class: 124K(192K)->124K(192K)
[2024-10-12T11:24:23.342+0800][info] GC(404) Pause Young (Normal) (G1 Evacuation Pause) 91M->92M(128M) 1.467ms
[2024-10-12T11:24:23.342+0800][info] GC(404) User=0.00s Sys=0.00s Real=0.00s
[2024-10-12T11:24:23.444+0800][info] GC(405) Pause Young (Concurrent Start) (G1 Evacuation Pause)
[2024-10-12T11:24:23.444+0800][info] GC(405) Using 3 workers of 48 for evacuation
[2024-10-12T11:24:23.446+0800][info] GC(405)   Pre Evacuate Collection Set: 0.1ms
[2024-10-12T11:24:23.446+0800][info] GC(405)   Merge Heap Roots: 0.0ms
[2024-10-12T11:24:23.446+0800][info] GC(405)   Evacuate Collection Set: 0.8ms
[2024-10-12T11:24:23.446+0800][info] GC(405)   Post Evacuate Collection Set: 0.2ms
[2024-10-12T11:24:23.446+0800][info] GC(405)   Other: 0.4ms
[2024-10-12T11:24:23.446+0800][info] GC(405) Eden regions: 2->0(2)
[2024-10-12T11:24:23.446+0800][info] GC(405) Survivor regions: 1->1(1)
[2024-10-12T11:24:23.446+0800][info] GC(405) Old regions: 46->48
[2024-10-12T11:24:23.446+0800][info] GC(405) Archive regions: 2->2
[2024-10-12T11:24:23.446+0800][info] GC(405) Humongous regions: 4->4
[2024-10-12T11:24:23.446+0800][info] GC(405) Metaspace: 1675K(1856K)->1675K(1856K) NonClass: 1551K(1664K)->1551K(1664K) Class: 124K(192K)->124K(192K)
[2024-10-12T11:24:23.446+0800][info] GC(405) Pause Young (Concurrent Start) (G1 Evacuation Pause) 95M->95M(128M) 1.634ms
[2024-10-12T11:24:23.446+0800][info] GC(405) User=0.00s Sys=0.00s Real=0.01s
[2024-10-12T11:24:23.446+0800][info] GC(406) Concurrent Mark Cycle
[2024-10-12T11:24:23.446+0800][info] GC(406) Concurrent Clear Claimed Marks
[2024-10-12T11:24:23.446+0800][info] GC(406) Concurrent Clear Claimed Marks 0.039ms
[2024-10-12T11:24:23.446+0800][info] GC(406) Concurrent Scan Root Regions
[2024-10-12T11:24:23.446+0800][info] GC(406) Concurrent Scan Root Regions 0.159ms
[2024-10-12T11:24:23.446+0800][info] GC(406) Concurrent Mark
[2024-10-12T11:24:23.446+0800][info] GC(406) Concurrent Mark From Roots
[2024-10-12T11:24:23.446+0800][info] GC(406) Using 12 workers of 12 for marking
[2024-10-12T11:24:23.450+0800][info] GC(406) Concurrent Mark From Roots 3.474ms
[2024-10-12T11:24:23.450+0800][info] GC(406) Concurrent Preclean
[2024-10-12T11:24:23.451+0800][info] GC(406) Concurrent Preclean 1.694ms
[2024-10-12T11:24:23.451+0800][info] GC(406) Pause Remark
[2024-10-12T11:24:23.453+0800][info] GC(406) Pause Remark 95M->93M(128M) 1.577ms
[2024-10-12T11:24:23.453+0800][info] GC(406) User=0.00s Sys=0.00s Real=0.01s
[2024-10-12T11:24:23.453+0800][info] GC(406) Concurrent Mark 7.026ms
[2024-10-12T11:24:23.453+0800][info] GC(406) Concurrent Rebuild Remembered Sets
[2024-10-12T11:24:23.454+0800][info] GC(406) Concurrent Rebuild Remembered Sets 1.214ms
[2024-10-12T11:24:23.455+0800][info] GC(406) Pause Cleanup
[2024-10-12T11:24:23.455+0800][info] GC(406) Pause Cleanup 93M->93M(128M) 0.243ms
[2024-10-12T11:24:23.455+0800][info] GC(406) User=0.00s Sys=0.00s Real=0.00s
[2024-10-12T11:24:23.455+0800][info] GC(406) Concurrent Cleanup for Next Mark
[2024-10-12T11:24:23.455+0800][info] GC(406) Concurrent Cleanup for Next Mark 0.342ms
[2024-10-12T11:24:23.455+0800][info] GC(406) Concurrent Mark Cycle 9.395ms
[2024-10-12T11:24:23.599+0800][info] GC(407) Pause Young (Prepare Mixed) (G1 Evacuation Pause)
[2024-10-12T11:24:23.599+0800][info] GC(407) Using 3 workers of 48 for evacuation
[2024-10-12T11:24:23.600+0800][info] GC(407)   Pre Evacuate Collection Set: 0.1ms
[2024-10-12T11:24:23.600+0800][info] GC(407)   Merge Heap Roots: 0.1ms
[2024-10-12T11:24:23.600+0800][info] GC(407)   Evacuate Collection Set: 0.8ms
[2024-10-12T11:24:23.600+0800][info] GC(407)   Post Evacuate Collection Set: 0.2ms
[2024-10-12T11:24:23.600+0800][info] GC(407)   Other: 0.2ms
[2024-10-12T11:24:23.600+0800][info] GC(407) Eden regions: 2->0(2)
[2024-10-12T11:24:23.600+0800][info] GC(407) Survivor regions: 1->1(1)
[2024-10-12T11:24:23.600+0800][info] GC(407) Old regions: 48->50
[2024-10-12T11:24:23.600+0800][info] GC(407) Archive regions: 2->2
[2024-10-12T11:24:23.600+0800][info] GC(407) Humongous regions: 3->3
[2024-10-12T11:24:23.600+0800][info] GC(407) Metaspace: 1675K(1856K)->1675K(1856K) NonClass: 1551K(1664K)->1551K(1664K) Class: 124K(192K)->124K(192K)
[2024-10-12T11:24:23.600+0800][info] GC(407) Pause Young (Prepare Mixed) (G1 Evacuation Pause) 96M->97M(128M) 1.519ms
[2024-10-12T11:24:23.600+0800][info] GC(407) User=0.00s Sys=0.00s Real=0.00s
[2024-10-12T11:24:23.703+0800][info] GC(408) Pause Young (Mixed) (G1 Preventive Collection)
[2024-10-12T11:24:23.703+0800][info] GC(408) Using 3 workers of 48 for evacuation
[2024-10-12T11:24:23.705+0800][info] GC(408)   Pre Evacuate Collection Set: 0.1ms
[2024-10-12T11:24:23.705+0800][info] GC(408)   Merge Heap Roots: 0.1ms
[2024-10-12T11:24:23.705+0800][info] GC(408)   Evacuate Collection Set: 1.3ms
[2024-10-12T11:24:23.705+0800][info] GC(408)   Post Evacuate Collection Set: 0.2ms
[2024-10-12T11:24:23.705+0800][info] GC(408)   Other: 0.5ms
[2024-10-12T11:24:23.705+0800][info] GC(408) Eden regions: 2->0(2)
[2024-10-12T11:24:23.705+0800][info] GC(408) Survivor regions: 1->1(1)
[2024-10-12T11:24:23.705+0800][info] GC(408) Old regions: 50->49
[2024-10-12T11:24:23.705+0800][info] GC(408) Archive regions: 2->2
[2024-10-12T11:24:23.705+0800][info] GC(408) Humongous regions: 3->3
[2024-10-12T11:24:23.705+0800][info] GC(408) Metaspace: 1675K(1856K)->1675K(1856K) NonClass: 1551K(1664K)->1551K(1664K) Class: 124K(192K)->124K(192K)
[2024-10-12T11:24:23.705+0800][info] GC(408) Pause Young (Mixed) (G1 Preventive Collection) 101M->98M(128M) 2.282ms
[2024-10-12T11:24:23.705+0800][info] GC(408) User=0.00s Sys=0.00s Real=0.00s
[2024-10-12T11:24:23.807+0800][info] GC(409) Pause Young (Mixed) (G1 Preventive Collection)
[2024-10-12T11:24:23.807+0800][info] GC(409) Using 3 workers of 48 for evacuation
[2024-10-12T11:24:23.809+0800][info] GC(409)   Pre Evacuate Collection Set: 0.2ms
[2024-10-12T11:24:23.809+0800][info] GC(409)   Merge Heap Roots: 0.1ms
[2024-10-12T11:24:23.809+0800][info] GC(409)   Evacuate Collection Set: 1.4ms
[2024-10-12T11:24:23.809+0800][info] GC(409)   Post Evacuate Collection Set: 0.2ms
[2024-10-12T11:24:23.809+0800][info] GC(409)   Other: 0.1ms
[2024-10-12T11:24:23.809+0800][info] GC(409) Eden regions: 2->0(2)
[2024-10-12T11:24:23.809+0800][info] GC(409) Survivor regions: 1->1(1)
[2024-10-12T11:24:23.809+0800][info] GC(409) Old regions: 49->48
[2024-10-12T11:24:23.809+0800][info] GC(409) Archive regions: 2->2
[2024-10-12T11:24:23.809+0800][info] GC(409) Humongous regions: 3->3
[2024-10-12T11:24:23.809+0800][info] GC(409) Metaspace: 1675K(1856K)->1675K(1856K) NonClass: 1551K(1664K)->1551K(1664K) Class: 124K(192K)->124K(192K)
[2024-10-12T11:24:23.809+0800][info] GC(409) Pause Young (Mixed) (G1 Preventive Collection) 101M->98M(128M) 2.053ms
[2024-10-12T11:24:23.809+0800][info] GC(409) User=0.01s Sys=0.00s Real=0.00s
[2024-10-12T11:24:23.911+0800][info] GC(410) Pause Young (Mixed) (G1 Evacuation Pause)
[2024-10-12T11:24:23.911+0800][info] GC(410) Using 3 workers of 48 for evacuation
[2024-10-12T11:24:23.914+0800][info] GC(410)   Pre Evacuate Collection Set: 0.2ms
[2024-10-12T11:24:23.914+0800][info] GC(410)   Merge Heap Roots: 0.1ms
[2024-10-12T11:24:23.914+0800][info] GC(410)   Evacuate Collection Set: 1.7ms
[2024-10-12T11:24:23.914+0800][info] GC(410)   Post Evacuate Collection Set: 0.2ms
[2024-10-12T11:24:23.914+0800][info] GC(410)   Other: 0.1ms
[2024-10-12T11:24:23.914+0800][info] GC(410) Eden regions: 2->0(2)
[2024-10-12T11:24:23.914+0800][info] GC(410) Survivor regions: 1->1(1)
[2024-10-12T11:24:23.914+0800][info] GC(410) Old regions: 48->47
[2024-10-12T11:24:23.914+0800][info] GC(410) Archive regions: 2->2
[2024-10-12T11:24:23.914+0800][info] GC(410) Humongous regions: 3->3
[2024-10-12T11:24:23.914+0800][info] GC(410) Metaspace: 1675K(1856K)->1675K(1856K) NonClass: 1551K(1664K)->1551K(1664K) Class: 124K(192K)->124K(192K)
[2024-10-12T11:24:23.914+0800][info] GC(410) Pause Young (Mixed) (G1 Evacuation Pause) 102M->98M(128M) 2.384ms
[2024-10-12T11:24:23.914+0800][info] GC(410) User=0.00s Sys=0.01s Real=0.01s
[2024-10-12T11:24:24.016+0800][info] GC(411) Pause Young (Mixed) (G1 Evacuation Pause)
[2024-10-12T11:24:24.016+0800][info] GC(411) Using 3 workers of 48 for evacuation
[2024-10-12T11:24:24.018+0800][info] GC(411)   Pre Evacuate Collection Set: 0.2ms
[2024-10-12T11:24:24.018+0800][info] GC(411)   Merge Heap Roots: 0.1ms
[2024-10-12T11:24:24.018+0800][info] GC(411)   Evacuate Collection Set: 1.6ms
[2024-10-12T11:24:24.018+0800][info] GC(411)   Post Evacuate Collection Set: 0.2ms
[2024-10-12T11:24:24.018+0800][info] GC(411)   Other: 0.1ms
[2024-10-12T11:24:24.018+0800][info] GC(411) Eden regions: 2->0(2)
[2024-10-12T11:24:24.018+0800][info] GC(411) Survivor regions: 1->1(1)
[2024-10-12T11:24:24.018+0800][info] GC(411) Old regions: 47->47
[2024-10-12T11:24:24.018+0800][info] GC(411) Archive regions: 2->2
[2024-10-12T11:24:24.018+0800][info] GC(411) Humongous regions: 3->3
[2024-10-12T11:24:24.018+0800][info] GC(411) Metaspace: 1675K(1856K)->1675K(1856K) NonClass: 1551K(1664K)->1551K(1664K) Class: 124K(192K)->124K(192K)
[2024-10-12T11:24:24.018+0800][info] GC(411) Pause Young (Mixed) (G1 Evacuation Pause) 102M->99M(128M) 2.311ms
[2024-10-12T11:24:24.018+0800][info] GC(411) User=0.01s Sys=0.00s Real=0.00s
[2024-10-12T11:24:24.121+0800][info] GC(412) Pause Young (Mixed) (G1 Evacuation Pause)
[2024-10-12T11:24:24.121+0800][info] GC(412) Using 3 workers of 48 for evacuation
[2024-10-12T11:24:24.123+0800][info] GC(412)   Pre Evacuate Collection Set: 0.2ms
[2024-10-12T11:24:24.123+0800][info] GC(412)   Merge Heap Roots: 0.1ms
[2024-10-12T11:24:24.123+0800][info] GC(412)   Evacuate Collection Set: 2.0ms
[2024-10-12T11:24:24.123+0800][info] GC(412)   Post Evacuate Collection Set: 0.2ms
[2024-10-12T11:24:24.123+0800][info] GC(412)   Other: 0.1ms
[2024-10-12T11:24:24.123+0800][info] GC(412) Eden regions: 2->0(2)
[2024-10-12T11:24:24.123+0800][info] GC(412) Survivor regions: 1->1(1)
[2024-10-12T11:24:24.123+0800][info] GC(412) Old regions: 47->47
[2024-10-12T11:24:24.123+0800][info] GC(412) Archive regions: 2->2
[2024-10-12T11:24:24.123+0800][info] GC(412) Humongous regions: 3->3
[2024-10-12T11:24:24.123+0800][info] GC(412) Metaspace: 1675K(1856K)->1675K(1856K) NonClass: 1551K(1664K)->1551K(1664K) Class: 124K(192K)->124K(192K)
[2024-10-12T11:24:24.123+0800][info] GC(412) Pause Young (Mixed) (G1 Evacuation Pause) 102M->100M(128M) 2.737ms
[2024-10-12T11:24:24.123+0800][info] GC(412) User=0.01s Sys=0.00s Real=0.00s
[2024-10-12T11:24:24.225+0800][info] GC(413) Pause Young (Mixed) (G1 Preventive Collection)
[2024-10-12T11:24:24.225+0800][info] GC(413) Using 3 workers of 48 for evacuation
[2024-10-12T11:24:24.228+0800][info] GC(413)   Pre Evacuate Collection Set: 0.2ms
[2024-10-12T11:24:24.228+0800][info] GC(413)   Merge Heap Roots: 0.1ms
[2024-10-12T11:24:24.228+0800][info] GC(413)   Evacuate Collection Set: 2.1ms
[2024-10-12T11:24:24.228+0800][info] GC(413)   Post Evacuate Collection Set: 0.2ms
[2024-10-12T11:24:24.228+0800][info] GC(413)   Other: 0.1ms
[2024-10-12T11:24:24.228+0800][info] GC(413) Eden regions: 2->0(2)
[2024-10-12T11:24:24.228+0800][info] GC(413) Survivor regions: 1->1(1)
[2024-10-12T11:24:24.228+0800][info] GC(413) Old regions: 47->48
[2024-10-12T11:24:24.228+0800][info] GC(413) Archive regions: 2->2
[2024-10-12T11:24:24.228+0800][info] GC(413) Humongous regions: 3->3
[2024-10-12T11:24:24.228+0800][info] GC(413) Metaspace: 1675K(1856K)->1675K(1856K) NonClass: 1551K(1664K)->1551K(1664K) Class: 124K(192K)->124K(192K)
[2024-10-12T11:24:24.228+0800][info] GC(413) Pause Young (Mixed) (G1 Preventive Collection) 103M->103M(128M) 2.819ms
[2024-10-12T11:24:24.228+0800][info] GC(413) User=0.01s Sys=0.00s Real=0.00s
[2024-10-12T11:24:24.331+0800][info] GC(414) Pause Young (Mixed) (G1 Evacuation Pause)
[2024-10-12T11:24:24.331+0800][info] GC(414) Using 3 workers of 48 for evacuation
[2024-10-12T11:24:24.334+0800][info] GC(414)   Pre Evacuate Collection Set: 0.2ms
[2024-10-12T11:24:24.334+0800][info] GC(414)   Merge Heap Roots: 0.1ms
[2024-10-12T11:24:24.334+0800][info] GC(414)   Evacuate Collection Set: 2.7ms
[2024-10-12T11:24:24.334+0800][info] GC(414)   Post Evacuate Collection Set: 0.2ms
[2024-10-12T11:24:24.334+0800][info] GC(414)   Other: 0.1ms
[2024-10-12T11:24:24.334+0800][info] GC(414) Eden regions: 2->0(2)
[2024-10-12T11:24:24.334+0800][info] GC(414) Survivor regions: 1->1(1)
[2024-10-12T11:24:24.334+0800][info] GC(414) Old regions: 48->49
[2024-10-12T11:24:24.334+0800][info] GC(414) Archive regions: 2->2
[2024-10-12T11:24:24.334+0800][info] GC(414) Humongous regions: 3->3
[2024-10-12T11:24:24.334+0800][info] GC(414) Metaspace: 1675K(1856K)->1675K(1856K) NonClass: 1551K(1664K)->1551K(1664K) Class: 124K(192K)->124K(192K)
[2024-10-12T11:24:24.334+0800][info] GC(414) Pause Young (Mixed) (G1 Evacuation Pause) 107M->105M(128M) 3.480ms
[2024-10-12T11:24:24.334+0800][info] GC(414) User=0.01s Sys=0.00s Real=0.01s
[2024-10-12T11:24:24.436+0800][info] GC(415) Pause Young (Normal) (G1 Evacuation Pause)
[2024-10-12T11:24:24.436+0800][info] GC(415) Using 3 workers of 48 for evacuation
[2024-10-12T11:24:24.437+0800][info] GC(415)   Pre Evacuate Collection Set: 0.1ms
[2024-10-12T11:24:24.437+0800][info] GC(415)   Merge Heap Roots: 0.0ms
[2024-10-12T11:24:24.437+0800][info] GC(415)   Evacuate Collection Set: 0.6ms
[2024-10-12T11:24:24.437+0800][info] GC(415)   Post Evacuate Collection Set: 0.2ms
[2024-10-12T11:24:24.437+0800][info] GC(415)   Other: 0.2ms
[2024-10-12T11:24:24.437+0800][info] GC(415) Eden regions: 2->0(2)
[2024-10-12T11:24:24.437+0800][info] GC(415) Survivor regions: 1->1(1)
[2024-10-12T11:24:24.437+0800][info] GC(415) Old regions: 49->51
[2024-10-12T11:24:24.437+0800][info] GC(415) Archive regions: 2->2
[2024-10-12T11:24:24.437+0800][info] GC(415) Humongous regions: 3->3
[2024-10-12T11:24:24.437+0800][info] GC(415) Metaspace: 1675K(1856K)->1675K(1856K) NonClass: 1551K(1664K)->1551K(1664K) Class: 124K(192K)->124K(192K)
[2024-10-12T11:24:24.437+0800][info] GC(415) Pause Young (Normal) (G1 Evacuation Pause) 109M->109M(128M) 1.310ms
[2024-10-12T11:24:24.437+0800][info] GC(415) User=0.00s Sys=0.00s Real=0.00s
[2024-10-12T11:24:24.540+0800][info] GC(416) Pause Young (Concurrent Start) (G1 Evacuation Pause)
[2024-10-12T11:24:24.540+0800][info] GC(416) Using 3 workers of 48 for evacuation
[2024-10-12T11:24:24.541+0800][info] GC(416)   Pre Evacuate Collection Set: 0.1ms
[2024-10-12T11:24:24.541+0800][info] GC(416)   Merge Heap Roots: 0.0ms
[2024-10-12T11:24:24.541+0800][info] GC(416)   Evacuate Collection Set: 0.8ms
[2024-10-12T11:24:24.541+0800][info] GC(416)   Post Evacuate Collection Set: 0.2ms
[2024-10-12T11:24:24.541+0800][info] GC(416)   Other: 0.3ms
[2024-10-12T11:24:24.541+0800][info] GC(416) Eden regions: 2->0(2)
[2024-10-12T11:24:24.541+0800][info] GC(416) Survivor regions: 1->1(1)
[2024-10-12T11:24:24.541+0800][info] GC(416) Old regions: 51->53
[2024-10-12T11:24:24.541+0800][info] GC(416) Archive regions: 2->2
[2024-10-12T11:24:24.541+0800][info] GC(416) Humongous regions: 3->3
[2024-10-12T11:24:24.541+0800][info] GC(416) Metaspace: 1675K(1856K)->1675K(1856K) NonClass: 1551K(1664K)->1551K(1664K) Class: 124K(192K)->124K(192K)
[2024-10-12T11:24:24.541+0800][info] GC(416) Pause Young (Concurrent Start) (G1 Evacuation Pause) 113M->113M(128M) 1.567ms
[2024-10-12T11:24:24.541+0800][info] GC(416) User=0.00s Sys=0.00s Real=0.00s
[2024-10-12T11:24:24.541+0800][info] GC(417) Concurrent Mark Cycle
[2024-10-12T11:24:24.542+0800][info] GC(417) Concurrent Clear Claimed Marks
[2024-10-12T11:24:24.542+0800][info] GC(417) Concurrent Clear Claimed Marks 0.017ms
[2024-10-12T11:24:24.542+0800][info] GC(417) Concurrent Scan Root Regions
[2024-10-12T11:24:24.542+0800][info] GC(417) Concurrent Scan Root Regions 0.162ms
[2024-10-12T11:24:24.542+0800][info] GC(417) Concurrent Mark
[2024-10-12T11:24:24.542+0800][info] GC(417) Concurrent Mark From Roots
[2024-10-12T11:24:24.542+0800][info] GC(417) Using 12 workers of 12 for marking
[2024-10-12T11:24:24.548+0800][info] GC(417) Concurrent Mark From Roots 5.807ms
[2024-10-12T11:24:24.548+0800][info] GC(417) Concurrent Preclean
[2024-10-12T11:24:24.549+0800][info] GC(417) Concurrent Preclean 1.705ms
[2024-10-12T11:24:24.549+0800][info] GC(417) Pause Remark
[2024-10-12T11:24:24.551+0800][info] GC(417) Pause Remark 114M->114M(128M) 1.583ms
[2024-10-12T11:24:24.551+0800][info] GC(417) User=0.00s Sys=0.00s Real=0.00s
[2024-10-12T11:24:24.551+0800][info] GC(417) Concurrent Mark 9.359ms
[2024-10-12T11:24:24.551+0800][info] GC(417) Concurrent Rebuild Remembered Sets
[2024-10-12T11:24:24.553+0800][info] GC(417) Concurrent Rebuild Remembered Sets 1.568ms
[2024-10-12T11:24:24.553+0800][info] GC(417) Pause Cleanup
[2024-10-12T11:24:24.553+0800][info] GC(417) Pause Cleanup 114M->114M(128M) 0.182ms
[2024-10-12T11:24:24.553+0800][info] GC(417) User=0.00s Sys=0.00s Real=0.01s
[2024-10-12T11:24:24.553+0800][info] GC(417) Concurrent Cleanup for Next Mark
[2024-10-12T11:24:24.553+0800][info] GC(417) Concurrent Cleanup for Next Mark 0.316ms
[2024-10-12T11:24:24.553+0800][info] GC(417) Concurrent Mark Cycle 11.993ms
[2024-10-12T11:24:24.694+0800][info] GC(418) Pause Young (Prepare Mixed) (G1 Preventive Collection)
[2024-10-12T11:24:24.694+0800][info] GC(418) Using 3 workers of 48 for evacuation
[2024-10-12T11:24:24.696+0800][info] GC(418)   Pre Evacuate Collection Set: 0.1ms
[2024-10-12T11:24:24.696+0800][info] GC(418)   Merge Heap Roots: 0.1ms
[2024-10-12T11:24:24.696+0800][info] GC(418)   Evacuate Collection Set: 0.9ms
[2024-10-12T11:24:24.696+0800][info] GC(418)   Post Evacuate Collection Set: 0.2ms
[2024-10-12T11:24:24.696+0800][info] GC(418)   Other: 0.2ms
[2024-10-12T11:24:24.696+0800][info] GC(418) Eden regions: 2->0(2)
[2024-10-12T11:24:24.696+0800][info] GC(418) Survivor regions: 1->1(1)
[2024-10-12T11:24:24.696+0800][info] GC(418) Old regions: 53->55
[2024-10-12T11:24:24.696+0800][info] GC(418) Archive regions: 2->2
[2024-10-12T11:24:24.696+0800][info] GC(418) Humongous regions: 3->3
[2024-10-12T11:24:24.696+0800][info] GC(418) Metaspace: 1675K(1856K)->1675K(1856K) NonClass: 1551K(1664K)->1551K(1664K) Class: 124K(192K)->124K(192K)
[2024-10-12T11:24:24.696+0800][info] GC(418) Pause Young (Prepare Mixed) (G1 Preventive Collection) 117M->117M(128M) 1.632ms
[2024-10-12T11:24:24.696+0800][info] GC(418) User=0.00s Sys=0.00s Real=0.00s
[2024-10-12T11:24:24.757+0800][info] GC(419) Pause Young (Mixed) (G1 Preventive Collection)
[2024-10-12T11:24:24.757+0800][info] GC(419) Using 3 workers of 48 for evacuation
[2024-10-12T11:24:24.759+0800][info] GC(419) To-space exhausted
[2024-10-12T11:24:24.759+0800][info] GC(419)   Pre Evacuate Collection Set: 0.2ms
[2024-10-12T11:24:24.759+0800][info] GC(419)   Merge Heap Roots: 0.0ms
[2024-10-12T11:24:24.759+0800][info] GC(419)   Evacuate Collection Set: 0.9ms
[2024-10-12T11:24:24.759+0800][info] GC(419)   Post Evacuate Collection Set: 0.3ms
[2024-10-12T11:24:24.759+0800][info] GC(419)   Other: 0.2ms
[2024-10-12T11:24:24.759+0800][info] GC(419) Eden regions: 1->0(2)
[2024-10-12T11:24:24.759+0800][info] GC(419) Survivor regions: 1->1(1)
[2024-10-12T11:24:24.759+0800][info] GC(419) Old regions: 55->57
[2024-10-12T11:24:24.759+0800][info] GC(419) Archive regions: 2->2
[2024-10-12T11:24:24.759+0800][info] GC(419) Humongous regions: 3->3
[2024-10-12T11:24:24.759+0800][info] GC(419) Metaspace: 1675K(1856K)->1675K(1856K) NonClass: 1551K(1664K)->1551K(1664K) Class: 124K(192K)->124K(192K)
[2024-10-12T11:24:24.759+0800][info] GC(419) Pause Young (Mixed) (G1 Preventive Collection) 119M->122M(128M) 1.718ms
[2024-10-12T11:24:24.759+0800][info] GC(419) User=0.00s Sys=0.00s Real=0.00s
[2024-10-12T11:24:24.800+0800][info] GC(420) Pause Young (Mixed) (G1 Evacuation Pause)
[2024-10-12T11:24:24.801+0800][info] GC(420) Using 3 workers of 48 for evacuation
[2024-10-12T11:24:24.802+0800][info] GC(420) To-space exhausted
[2024-10-12T11:24:24.802+0800][info] GC(420)   Pre Evacuate Collection Set: 0.2ms
[2024-10-12T11:24:24.802+0800][info] GC(420)   Merge Heap Roots: 0.1ms
[2024-10-12T11:24:24.802+0800][info] GC(420)   Evacuate Collection Set: 0.6ms
[2024-10-12T11:24:24.802+0800][info] GC(420)   Post Evacuate Collection Set: 0.3ms
[2024-10-12T11:24:24.802+0800][info] GC(420)   Other: 0.2ms
[2024-10-12T11:24:24.802+0800][info] GC(420) Eden regions: 1->0(3)
[2024-10-12T11:24:24.802+0800][info] GC(420) Survivor regions: 1->0(0)
[2024-10-12T11:24:24.802+0800][info] GC(420) Old regions: 57->59
[2024-10-12T11:24:24.802+0800][info] GC(420) Archive regions: 2->2
[2024-10-12T11:24:24.802+0800][info] GC(420) Humongous regions: 3->3
[2024-10-12T11:24:24.802+0800][info] GC(420) Metaspace: 1675K(1856K)->1675K(1856K) NonClass: 1551K(1664K)->1551K(1664K) Class: 124K(192K)->124K(192K)
[2024-10-12T11:24:24.802+0800][info] GC(420) Pause Young (Mixed) (G1 Evacuation Pause) 124M->124M(128M) 1.433ms
[2024-10-12T11:24:24.802+0800][info] GC(420) User=0.00s Sys=0.00s Real=0.00s
[2024-10-12T11:24:24.802+0800][info] Attempting full compaction
[2024-10-12T11:24:24.802+0800][info] GC(421) Using 3 workers of 48 for full compaction
[2024-10-12T11:24:24.802+0800][info] GC(421) Pause Full (G1 Compaction Pause)
[2024-10-12T11:24:24.802+0800][info] GC(421) Phase 1: Mark live objects
[2024-10-12T11:24:24.805+0800][info] GC(421) Phase 1: Mark live objects 3.166ms
[2024-10-12T11:24:24.805+0800][info] GC(421) Phase 2: Prepare for compaction
[2024-10-12T11:24:24.806+0800][info] GC(421) Phase 2: Prepare for compaction 0.750ms
[2024-10-12T11:24:24.806+0800][info] GC(421) Phase 3: Adjust pointers
[2024-10-12T11:24:24.808+0800][info] GC(421) Phase 3: Adjust pointers 1.591ms
[2024-10-12T11:24:24.808+0800][info] GC(421) Phase 4: Compact heap
[2024-10-12T11:24:24.816+0800][info] GC(421) Phase 4: Compact heap 8.433ms
[2024-10-12T11:24:24.818+0800][info] GC(421) Eden regions: 0->0(4)
[2024-10-12T11:24:24.818+0800][info] GC(421) Survivor regions: 0->0(0)
[2024-10-12T11:24:24.818+0800][info] GC(421) Old regions: 59->38
[2024-10-12T11:24:24.818+0800][info] GC(421) Archive regions: 2->2
[2024-10-12T11:24:24.818+0800][info] GC(421) Humongous regions: 3->3
[2024-10-12T11:24:24.818+0800][info] GC(421) Metaspace: 1675K(1856K)->1675K(1856K) NonClass: 1551K(1664K)->1551K(1664K) Class: 124K(192K)->124K(192K)
[2024-10-12T11:24:24.818+0800][info] GC(421) Pause Full (G1 Compaction Pause) 124M->72M(128M) 15.817ms
[2024-10-12T11:24:24.818+0800][info] GC(421) User=0.04s Sys=0.00s Real=0.02s
[2024-10-12T11:24:25.044+0800][info] GC(422) Pause Young (Normal) (G1 Evacuation Pause)
[2024-10-12T11:24:25.044+0800][info] GC(422) Using 3 workers of 48 for evacuation
[2024-10-12T11:24:25.045+0800][info] GC(422)   Pre Evacuate Collection Set: 0.1ms
[2024-10-12T11:24:25.045+0800][info] GC(422)   Merge Heap Roots: 0.0ms
[2024-10-12T11:24:25.045+0800][info] GC(422)   Evacuate Collection Set: 1.0ms
[2024-10-12T11:24:25.045+0800][info] GC(422)   Post Evacuate Collection Set: 0.2ms
[2024-10-12T11:24:25.045+0800][info] GC(422)   Other: 0.2ms
[2024-10-12T11:24:25.045+0800][info] GC(422) Eden regions: 4->0(2)
[2024-10-12T11:24:25.045+0800][info] GC(422) Survivor regions: 0->1(1)
[2024-10-12T11:24:25.045+0800][info] GC(422) Old regions: 38->41
[2024-10-12T11:24:25.045+0800][info] GC(422) Archive regions: 2->2
[2024-10-12T11:24:25.045+0800][info] GC(422) Humongous regions: 4->4
[2024-10-12T11:24:25.045+0800][info] GC(422) Metaspace: 1675K(1856K)->1675K(1856K) NonClass: 1551K(1664K)->1551K(1664K) Class: 124K(192K)->124K(192K)
[2024-10-12T11:24:25.045+0800][info] GC(422) Pause Young (Normal) (G1 Evacuation Pause) 82M->82M(128M) 1.726ms
[2024-10-12T11:24:25.045+0800][info] GC(422) User=0.00s Sys=0.01s Real=0.01s
[2024-10-12T11:24:25.147+0800][info] GC(423) Pause Young (Normal) (G1 Evacuation Pause)
[2024-10-12T11:24:25.147+0800][info] GC(423) Using 3 workers of 48 for evacuation
[2024-10-12T11:24:25.149+0800][info] GC(423)   Pre Evacuate Collection Set: 0.1ms
[2024-10-12T11:24:25.149+0800][info] GC(423)   Merge Heap Roots: 0.0ms
[2024-10-12T11:24:25.149+0800][info] GC(423)   Evacuate Collection Set: 0.7ms
[2024-10-12T11:24:25.149+0800][info] GC(423)   Post Evacuate Collection Set: 0.2ms
[2024-10-12T11:24:25.149+0800][info] GC(423)   Other: 0.2ms
[2024-10-12T11:24:25.149+0800][info] GC(423) Eden regions: 2->0(2)
[2024-10-12T11:24:25.149+0800][info] GC(423) Survivor regions: 1->1(1)
[2024-10-12T11:24:25.149+0800][info] GC(423) Old regions: 41->43
[2024-10-12T11:24:25.149+0800][info] GC(423) Archive regions: 2->2
[2024-10-12T11:24:25.149+0800][info] GC(423) Humongous regions: 4->4
[2024-10-12T11:24:25.149+0800][info] GC(423) Metaspace: 1675K(1856K)->1675K(1856K) NonClass: 1551K(1664K)->1551K(1664K) Class: 124K(192K)->124K(192K)
[2024-10-12T11:24:25.149+0800][info] GC(423) Pause Young (Normal) (G1 Evacuation Pause) 85M->86M(128M) 1.361ms
[2024-10-12T11:24:25.149+0800][info] GC(423) User=0.00s Sys=0.00s Real=0.00s
[2024-10-12T11:24:25.251+0800][info] GC(424) Pause Young (Normal) (G1 Evacuation Pause)
[2024-10-12T11:24:25.251+0800][info] GC(424) Using 3 workers of 48 for evacuation
[2024-10-12T11:24:25.252+0800][info] GC(424)   Pre Evacuate Collection Set: 0.1ms
[2024-10-12T11:24:25.252+0800][info] GC(424)   Merge Heap Roots: 0.0ms
[2024-10-12T11:24:25.252+0800][info] GC(424)   Evacuate Collection Set: 0.8ms
[2024-10-12T11:24:25.252+0800][info] GC(424)   Post Evacuate Collection Set: 0.2ms
[2024-10-12T11:24:25.252+0800][info] GC(424)   Other: 0.2ms
[2024-10-12T11:24:25.252+0800][info] GC(424) Eden regions: 2->0(2)
[2024-10-12T11:24:25.252+0800][info] GC(424) Survivor regions: 1->1(1)
[2024-10-12T11:24:25.252+0800][info] GC(424) Old regions: 43->45
[2024-10-12T11:24:25.253+0800][info] GC(424) Archive regions: 2->2
[2024-10-12T11:24:25.253+0800][info] GC(424) Humongous regions: 4->4
[2024-10-12T11:24:25.253+0800][info] GC(424) Metaspace: 1675K(1856K)->1675K(1856K) NonClass: 1551K(1664K)->1551K(1664K) Class: 124K(192K)->124K(192K)
[2024-10-12T11:24:25.253+0800][info] GC(424) Pause Young (Normal) (G1 Evacuation Pause) 89M->90M(128M) 1.438ms
[2024-10-12T11:24:25.253+0800][info] GC(424) User=0.00s Sys=0.00s Real=0.00s
[2024-10-12T11:24:25.355+0800][info] GC(425) Pause Young (Normal) (G1 Evacuation Pause)
[2024-10-12T11:24:25.355+0800][info] GC(425) Using 3 workers of 48 for evacuation
[2024-10-12T11:24:25.356+0800][info] GC(425)   Pre Evacuate Collection Set: 0.1ms
[2024-10-12T11:24:25.356+0800][info] GC(425)   Merge Heap Roots: 0.0ms
[2024-10-12T11:24:25.356+0800][info] GC(425)   Evacuate Collection Set: 0.6ms
[2024-10-12T11:24:25.356+0800][info] GC(425)   Post Evacuate Collection Set: 0.2ms
[2024-10-12T11:24:25.356+0800][info] GC(425)   Other: 0.2ms
[2024-10-12T11:24:25.356+0800][info] GC(425) Eden regions: 2->0(2)
[2024-10-12T11:24:25.356+0800][info] GC(425) Survivor regions: 1->1(1)
[2024-10-12T11:24:25.356+0800][info] GC(425) Old regions: 45->47
[2024-10-12T11:24:25.356+0800][info] GC(425) Archive regions: 2->2
[2024-10-12T11:24:25.356+0800][info] GC(425) Humongous regions: 4->4
[2024-10-12T11:24:25.356+0800][info] GC(425) Metaspace: 1675K(1856K)->1675K(1856K) NonClass: 1551K(1664K)->1551K(1664K) Class: 124K(192K)->124K(192K)
[2024-10-12T11:24:25.356+0800][info] GC(425) Pause Young (Normal) (G1 Evacuation Pause) 93M->93M(128M) 1.221ms
[2024-10-12T11:24:25.356+0800][info] GC(425) User=0.00s Sys=0.00s Real=0.00s
[2024-10-12T11:24:25.458+0800][info] GC(426) Pause Young (Concurrent Start) (G1 Evacuation Pause)
[2024-10-12T11:24:25.458+0800][info] GC(426) Using 3 workers of 48 for evacuation
[2024-10-12T11:24:25.460+0800][info] GC(426)   Pre Evacuate Collection Set: 0.1ms
[2024-10-12T11:24:25.460+0800][info] GC(426)   Merge Heap Roots: 0.1ms
[2024-10-12T11:24:25.460+0800][info] GC(426)   Evacuate Collection Set: 0.8ms
[2024-10-12T11:24:25.460+0800][info] GC(426)   Post Evacuate Collection Set: 0.2ms
[2024-10-12T11:24:25.460+0800][info] GC(426)   Other: 0.4ms
[2024-10-12T11:24:25.460+0800][info] GC(426) Eden regions: 2->0(2)
[2024-10-12T11:24:25.460+0800][info] GC(426) Survivor regions: 1->1(1)
[2024-10-12T11:24:25.460+0800][info] GC(426) Old regions: 47->49
[2024-10-12T11:24:25.460+0800][info] GC(426) Archive regions: 2->2
[2024-10-12T11:24:25.460+0800][info] GC(426) Humongous regions: 4->4
[2024-10-12T11:24:25.460+0800][info] GC(426) Metaspace: 1675K(1856K)->1675K(1856K) NonClass: 1551K(1664K)->1551K(1664K) Class: 124K(192K)->124K(192K)
[2024-10-12T11:24:25.460+0800][info] GC(426) Pause Young (Concurrent Start) (G1 Evacuation Pause) 97M->97M(128M) 1.670ms
[2024-10-12T11:24:25.460+0800][info] GC(426) User=0.01s Sys=0.00s Real=0.00s
[2024-10-12T11:24:25.460+0800][info] GC(427) Concurrent Mark Cycle
[2024-10-12T11:24:25.460+0800][info] GC(427) Concurrent Clear Claimed Marks
[2024-10-12T11:24:25.460+0800][info] GC(427) Concurrent Clear Claimed Marks 0.017ms
[2024-10-12T11:24:25.460+0800][info] GC(427) Concurrent Scan Root Regions
[2024-10-12T11:24:25.460+0800][info] GC(427) Concurrent Scan Root Regions 0.161ms
[2024-10-12T11:24:25.460+0800][info] GC(427) Concurrent Mark
[2024-10-12T11:24:25.460+0800][info] GC(427) Concurrent Mark From Roots
[2024-10-12T11:24:25.460+0800][info] GC(427) Using 12 workers of 12 for marking
[2024-10-12T11:24:25.464+0800][info] GC(427) Concurrent Mark From Roots 3.759ms
[2024-10-12T11:24:25.464+0800][info] GC(427) Concurrent Preclean
[2024-10-12T11:24:25.466+0800][info] GC(427) Concurrent Preclean 1.715ms
[2024-10-12T11:24:25.466+0800][info] GC(427) Pause Remark
[2024-10-12T11:24:25.468+0800][info] GC(427) Pause Remark 98M->96M(128M) 1.625ms
[2024-10-12T11:24:25.468+0800][info] GC(427) User=0.00s Sys=0.00s Real=0.00s
[2024-10-12T11:24:25.468+0800][info] GC(427) Concurrent Mark 7.434ms
[2024-10-12T11:24:25.468+0800][info] GC(427) Concurrent Rebuild Remembered Sets
[2024-10-12T11:24:25.469+0800][info] GC(427) Concurrent Rebuild Remembered Sets 1.461ms
[2024-10-12T11:24:25.469+0800][info] GC(427) Pause Cleanup
[2024-10-12T11:24:25.470+0800][info] GC(427) Pause Cleanup 96M->96M(128M) 0.176ms
[2024-10-12T11:24:25.470+0800][info] GC(427) User=0.00s Sys=0.00s Real=0.00s
[2024-10-12T11:24:25.470+0800][info] GC(427) Concurrent Cleanup for Next Mark
[2024-10-12T11:24:25.470+0800][info] GC(427) Concurrent Cleanup for Next Mark 0.379ms
[2024-10-12T11:24:25.470+0800][info] GC(427) Concurrent Mark Cycle 10.002ms
[2024-10-12T11:24:25.613+0800][info] GC(428) Pause Young (Prepare Mixed) (G1 Evacuation Pause)
[2024-10-12T11:24:25.613+0800][info] GC(428) Using 3 workers of 48 for evacuation
[2024-10-12T11:24:25.614+0800][info] GC(428)   Pre Evacuate Collection Set: 0.1ms
[2024-10-12T11:24:25.614+0800][info] GC(428)   Merge Heap Roots: 0.1ms
[2024-10-12T11:24:25.614+0800][info] GC(428)   Evacuate Collection Set: 0.8ms
[2024-10-12T11:24:25.614+0800][info] GC(428)   Post Evacuate Collection Set: 0.2ms
[2024-10-12T11:24:25.614+0800][info] GC(428)   Other: 0.2ms
[2024-10-12T11:24:25.614+0800][info] GC(428) Eden regions: 2->0(2)
[2024-10-12T11:24:25.614+0800][info] GC(428) Survivor regions: 1->1(1)
[2024-10-12T11:24:25.614+0800][info] GC(428) Old regions: 49->51
[2024-10-12T11:24:25.614+0800][info] GC(428) Archive regions: 2->2
[2024-10-12T11:24:25.614+0800][info] GC(428) Humongous regions: 3->3
[2024-10-12T11:24:25.614+0800][info] GC(428) Metaspace: 1675K(1856K)->1675K(1856K) NonClass: 1551K(1664K)->1551K(1664K) Class: 124K(192K)->124K(192K)
[2024-10-12T11:24:25.614+0800][info] GC(428) Pause Young (Prepare Mixed) (G1 Evacuation Pause) 99M->99M(128M) 1.545ms
[2024-10-12T11:24:25.614+0800][info] GC(428) User=0.01s Sys=0.00s Real=0.01s
[2024-10-12T11:24:25.717+0800][info] GC(429) Pause Young (Mixed) (G1 Preventive Collection)
[2024-10-12T11:24:25.717+0800][info] GC(429) Using 3 workers of 48 for evacuation
[2024-10-12T11:24:25.719+0800][info] GC(429)   Pre Evacuate Collection Set: 0.2ms
[2024-10-12T11:24:25.719+0800][info] GC(429)   Merge Heap Roots: 0.1ms
[2024-10-12T11:24:25.719+0800][info] GC(429)   Evacuate Collection Set: 1.2ms
[2024-10-12T11:24:25.719+0800][info] GC(429)   Post Evacuate Collection Set: 0.2ms
[2024-10-12T11:24:25.719+0800][info] GC(429)   Other: 0.2ms
[2024-10-12T11:24:25.719+0800][info] GC(429) Eden regions: 2->0(2)
[2024-10-12T11:24:25.719+0800][info] GC(429) Survivor regions: 1->1(1)
[2024-10-12T11:24:25.719+0800][info] GC(429) Old regions: 51->49
[2024-10-12T11:24:25.719+0800][info] GC(429) Archive regions: 2->2
[2024-10-12T11:24:25.719+0800][info] GC(429) Humongous regions: 3->3
[2024-10-12T11:24:25.719+0800][info] GC(429) Metaspace: 1675K(1856K)->1675K(1856K) NonClass: 1551K(1664K)->1551K(1664K) Class: 124K(192K)->124K(192K)
[2024-10-12T11:24:25.719+0800][info] GC(429) Pause Young (Mixed) (G1 Preventive Collection) 103M->98M(128M) 1.941ms
[2024-10-12T11:24:25.719+0800][info] GC(429) User=0.00s Sys=0.01s Real=0.00s
[2024-10-12T11:24:25.821+0800][info] GC(430) Pause Young (Mixed) (G1 Preventive Collection)
[2024-10-12T11:24:25.821+0800][info] GC(430) Using 3 workers of 48 for evacuation
[2024-10-12T11:24:25.823+0800][info] GC(430)   Pre Evacuate Collection Set: 0.2ms
[2024-10-12T11:24:25.823+0800][info] GC(430)   Merge Heap Roots: 0.1ms
[2024-10-12T11:24:25.823+0800][info] GC(430)   Evacuate Collection Set: 1.5ms
[2024-10-12T11:24:25.823+0800][info] GC(430)   Post Evacuate Collection Set: 0.2ms
[2024-10-12T11:24:25.823+0800][info] GC(430)   Other: 0.1ms
[2024-10-12T11:24:25.823+0800][info] GC(430) Eden regions: 2->0(2)
[2024-10-12T11:24:25.823+0800][info] GC(430) Survivor regions: 1->1(1)
[2024-10-12T11:24:25.823+0800][info] GC(430) Old regions: 49->49
[2024-10-12T11:24:25.823+0800][info] GC(430) Archive regions: 2->2
[2024-10-12T11:24:25.823+0800][info] GC(430) Humongous regions: 3->3
[2024-10-12T11:24:25.823+0800][info] GC(430) Metaspace: 1675K(1856K)->1675K(1856K) NonClass: 1551K(1664K)->1551K(1664K) Class: 124K(192K)->124K(192K)
[2024-10-12T11:24:25.823+0800][info] GC(430) Pause Young (Mixed) (G1 Preventive Collection) 101M->99M(128M) 2.175ms
[2024-10-12T11:24:25.823+0800][info] GC(430) User=0.00s Sys=0.00s Real=0.00s
[2024-10-12T11:24:25.925+0800][info] GC(431) Pause Young (Mixed) (G1 Preventive Collection)
[2024-10-12T11:24:25.925+0800][info] GC(431) Using 3 workers of 48 for evacuation
[2024-10-12T11:24:25.928+0800][info] GC(431)   Pre Evacuate Collection Set: 0.2ms
[2024-10-12T11:24:25.928+0800][info] GC(431)   Merge Heap Roots: 0.1ms
[2024-10-12T11:24:25.928+0800][info] GC(431)   Evacuate Collection Set: 1.6ms
[2024-10-12T11:24:25.928+0800][info] GC(431)   Post Evacuate Collection Set: 0.2ms
[2024-10-12T11:24:25.928+0800][info] GC(431)   Other: 0.1ms
[2024-10-12T11:24:25.928+0800][info] GC(431) Eden regions: 2->0(2)
[2024-10-12T11:24:25.928+0800][info] GC(431) Survivor regions: 1->1(1)
[2024-10-12T11:24:25.928+0800][info] GC(431) Old regions: 49->49
[2024-10-12T11:24:25.928+0800][info] GC(431) Archive regions: 2->2
[2024-10-12T11:24:25.928+0800][info] GC(431) Humongous regions: 3->3
[2024-10-12T11:24:25.928+0800][info] GC(431) Metaspace: 1675K(1856K)->1675K(1856K) NonClass: 1551K(1664K)->1551K(1664K) Class: 124K(192K)->124K(192K)
[2024-10-12T11:24:25.928+0800][info] GC(431) Pause Young (Mixed) (G1 Preventive Collection) 102M->101M(128M) 2.364ms
[2024-10-12T11:24:25.928+0800][info] GC(431) User=0.01s Sys=0.01s Real=0.00s
[2024-10-12T11:24:26.030+0800][info] GC(432) Pause Young (Mixed) (G1 Preventive Collection)
[2024-10-12T11:24:26.030+0800][info] GC(432) Using 3 workers of 48 for evacuation
[2024-10-12T11:24:26.032+0800][info] GC(432)   Pre Evacuate Collection Set: 0.2ms
[2024-10-12T11:24:26.032+0800][info] GC(432)   Merge Heap Roots: 0.0ms
[2024-10-12T11:24:26.032+0800][info] GC(432)   Evacuate Collection Set: 1.7ms
[2024-10-12T11:24:26.032+0800][info] GC(432)   Post Evacuate Collection Set: 0.2ms
[2024-10-12T11:24:26.032+0800][info] GC(432)   Other: 0.1ms
[2024-10-12T11:24:26.032+0800][info] GC(432) Eden regions: 2->0(2)
[2024-10-12T11:24:26.032+0800][info] GC(432) Survivor regions: 1->1(1)
[2024-10-12T11:24:26.032+0800][info] GC(432) Old regions: 49->49
[2024-10-12T11:24:26.032+0800][info] GC(432) Archive regions: 2->2
[2024-10-12T11:24:26.032+0800][info] GC(432) Humongous regions: 3->3
[2024-10-12T11:24:26.032+0800][info] GC(432) Metaspace: 1675K(1856K)->1675K(1856K) NonClass: 1551K(1664K)->1551K(1664K) Class: 124K(192K)->124K(192K)
[2024-10-12T11:24:26.032+0800][info] GC(432) Pause Young (Mixed) (G1 Preventive Collection) 104M->103M(128M) 2.380ms
[2024-10-12T11:24:26.032+0800][info] GC(432) User=0.00s Sys=0.00s Real=0.00s
[2024-10-12T11:24:26.135+0800][info] GC(433) Pause Young (Mixed) (G1 Preventive Collection)
[2024-10-12T11:24:26.135+0800][info] GC(433) Using 3 workers of 48 for evacuation
[2024-10-12T11:24:26.137+0800][info] GC(433)   Pre Evacuate Collection Set: 0.2ms
[2024-10-12T11:24:26.138+0800][info] GC(433)   Merge Heap Roots: 0.1ms
[2024-10-12T11:24:26.138+0800][info] GC(433)   Evacuate Collection Set: 2.3ms
[2024-10-12T11:24:26.138+0800][info] GC(433)   Post Evacuate Collection Set: 0.2ms
[2024-10-12T11:24:26.138+0800][info] GC(433)   Other: 0.1ms
[2024-10-12T11:24:26.138+0800][info] GC(433) Eden regions: 2->0(2)
[2024-10-12T11:24:26.138+0800][info] GC(433) Survivor regions: 1->1(1)
[2024-10-12T11:24:26.138+0800][info] GC(433) Old regions: 49->49
[2024-10-12T11:24:26.138+0800][info] GC(433) Archive regions: 2->2
[2024-10-12T11:24:26.138+0800][info] GC(433) Humongous regions: 3->3
[2024-10-12T11:24:26.138+0800][info] GC(433) Metaspace: 1675K(1856K)->1675K(1856K) NonClass: 1551K(1664K)->1551K(1664K) Class: 124K(192K)->124K(192K)
[2024-10-12T11:24:26.138+0800][info] GC(433) Pause Young (Mixed) (G1 Preventive Collection) 106M->104M(128M) 2.958ms
[2024-10-12T11:24:26.138+0800][info] GC(433) User=0.01s Sys=0.00s Real=0.00s
[2024-10-12T11:24:26.240+0800][info] GC(434) Pause Young (Mixed) (G1 Preventive Collection)
[2024-10-12T11:24:26.240+0800][info] GC(434) Using 3 workers of 48 for evacuation
[2024-10-12T11:24:26.242+0800][info] GC(434)   Pre Evacuate Collection Set: 0.2ms
[2024-10-12T11:24:26.242+0800][info] GC(434)   Merge Heap Roots: 0.1ms
[2024-10-12T11:24:26.242+0800][info] GC(434)   Evacuate Collection Set: 2.1ms
[2024-10-12T11:24:26.242+0800][info] GC(434)   Post Evacuate Collection Set: 0.2ms
[2024-10-12T11:24:26.242+0800][info] GC(434)   Other: 0.1ms
[2024-10-12T11:24:26.242+0800][info] GC(434) Eden regions: 2->0(2)
[2024-10-12T11:24:26.242+0800][info] GC(434) Survivor regions: 1->1(1)
[2024-10-12T11:24:26.242+0800][info] GC(434) Old regions: 49->50
[2024-10-12T11:24:26.242+0800][info] GC(434) Archive regions: 2->2
[2024-10-12T11:24:26.243+0800][info] GC(434) Humongous regions: 3->3
[2024-10-12T11:24:26.243+0800][info] GC(434) Metaspace: 1675K(1856K)->1675K(1856K) NonClass: 1551K(1664K)->1551K(1664K) Class: 124K(192K)->124K(192K)
[2024-10-12T11:24:26.243+0800][info] GC(434) Pause Young (Mixed) (G1 Preventive Collection) 108M->106M(128M) 2.787ms
[2024-10-12T11:24:26.243+0800][info] GC(434) User=0.01s Sys=0.00s Real=0.00s
[2024-10-12T11:24:26.304+0800][info] GC(435) Pause Young (Mixed) (G1 Preventive Collection)
[2024-10-12T11:24:26.304+0800][info] GC(435) Using 3 workers of 48 for evacuation
[2024-10-12T11:24:26.307+0800][info] GC(435)   Pre Evacuate Collection Set: 0.2ms
[2024-10-12T11:24:26.307+0800][info] GC(435)   Merge Heap Roots: 0.1ms
[2024-10-12T11:24:26.307+0800][info] GC(435)   Evacuate Collection Set: 2.5ms
[2024-10-12T11:24:26.307+0800][info] GC(435)   Post Evacuate Collection Set: 0.2ms
[2024-10-12T11:24:26.307+0800][info] GC(435)   Other: 0.1ms
[2024-10-12T11:24:26.307+0800][info] GC(435) Eden regions: 1->0(2)
[2024-10-12T11:24:26.307+0800][info] GC(435) Survivor regions: 1->1(1)
[2024-10-12T11:24:26.307+0800][info] GC(435) Old regions: 50->49
[2024-10-12T11:24:26.307+0800][info] GC(435) Archive regions: 2->2
[2024-10-12T11:24:26.307+0800][info] GC(435) Humongous regions: 3->3
[2024-10-12T11:24:26.307+0800][info] GC(435) Metaspace: 1675K(1856K)->1675K(1856K) NonClass: 1551K(1664K)->1551K(1664K) Class: 124K(192K)->124K(192K)
[2024-10-12T11:24:26.307+0800][info] GC(435) Pause Young (Mixed) (G1 Preventive Collection) 108M->105M(128M) 3.252ms
[2024-10-12T11:24:26.307+0800][info] GC(435) User=0.01s Sys=0.00s Real=0.01s
[2024-10-12T11:24:26.410+0800][info] GC(436) Pause Young (Mixed) (G1 Evacuation Pause)
[2024-10-12T11:24:26.410+0800][info] GC(436) Using 3 workers of 48 for evacuation
[2024-10-12T11:24:26.412+0800][info] GC(436)   Pre Evacuate Collection Set: 0.2ms
[2024-10-12T11:24:26.412+0800][info] GC(436)   Merge Heap Roots: 0.1ms
[2024-10-12T11:24:26.412+0800][info] GC(436)   Evacuate Collection Set: 1.9ms
[2024-10-12T11:24:26.412+0800][info] GC(436)   Post Evacuate Collection Set: 0.2ms
[2024-10-12T11:24:26.412+0800][info] GC(436)   Other: 0.1ms
[2024-10-12T11:24:26.412+0800][info] GC(436) Eden regions: 2->0(2)
[2024-10-12T11:24:26.412+0800][info] GC(436) Survivor regions: 1->1(1)
[2024-10-12T11:24:26.412+0800][info] GC(436) Old regions: 49->50
[2024-10-12T11:24:26.412+0800][info] GC(436) Archive regions: 2->2
[2024-10-12T11:24:26.412+0800][info] GC(436) Humongous regions: 3->3
[2024-10-12T11:24:26.412+0800][info] GC(436) Metaspace: 1675K(1856K)->1675K(1856K) NonClass: 1551K(1664K)->1551K(1664K) Class: 124K(192K)->124K(192K)
[2024-10-12T11:24:26.412+0800][info] GC(436) Pause Young (Mixed) (G1 Evacuation Pause) 108M->108M(128M) 2.561ms
[2024-10-12T11:24:26.412+0800][info] GC(436) User=0.01s Sys=0.00s Real=0.00s
[2024-10-12T11:24:26.514+0800][info] GC(437) Pause Young (Concurrent Start) (G1 Evacuation Pause)
[2024-10-12T11:24:26.514+0800][info] GC(437) Using 3 workers of 48 for evacuation
[2024-10-12T11:24:26.516+0800][info] GC(437)   Pre Evacuate Collection Set: 0.1ms
[2024-10-12T11:24:26.516+0800][info] GC(437)   Merge Heap Roots: 0.0ms
[2024-10-12T11:24:26.516+0800][info] GC(437)   Evacuate Collection Set: 0.7ms
[2024-10-12T11:24:26.516+0800][info] GC(437)   Post Evacuate Collection Set: 0.2ms
[2024-10-12T11:24:26.516+0800][info] GC(437)   Other: 0.3ms
[2024-10-12T11:24:26.516+0800][info] GC(437) Eden regions: 2->0(2)
[2024-10-12T11:24:26.516+0800][info] GC(437) Survivor regions: 1->1(1)
[2024-10-12T11:24:26.516+0800][info] GC(437) Old regions: 50->52
[2024-10-12T11:24:26.516+0800][info] GC(437) Archive regions: 2->2
[2024-10-12T11:24:26.516+0800][info] GC(437) Humongous regions: 3->3
[2024-10-12T11:24:26.516+0800][info] GC(437) Metaspace: 1675K(1856K)->1675K(1856K) NonClass: 1551K(1664K)->1551K(1664K) Class: 124K(192K)->124K(192K)
[2024-10-12T11:24:26.516+0800][info] GC(437) Pause Young (Concurrent Start) (G1 Evacuation Pause) 111M->112M(128M) 1.475ms
[2024-10-12T11:24:26.516+0800][info] GC(437) User=0.00s Sys=0.00s Real=0.00s
[2024-10-12T11:24:26.516+0800][info] GC(438) Concurrent Mark Cycle
[2024-10-12T11:24:26.516+0800][info] GC(438) Concurrent Clear Claimed Marks
[2024-10-12T11:24:26.516+0800][info] GC(438) Concurrent Clear Claimed Marks 0.017ms
[2024-10-12T11:24:26.516+0800][info] GC(438) Concurrent Scan Root Regions
[2024-10-12T11:24:26.516+0800][info] GC(438) Concurrent Scan Root Regions 0.163ms
[2024-10-12T11:24:26.516+0800][info] GC(438) Concurrent Mark
[2024-10-12T11:24:26.516+0800][info] GC(438) Concurrent Mark From Roots
[2024-10-12T11:24:26.516+0800][info] GC(438) Using 12 workers of 12 for marking
[2024-10-12T11:24:26.520+0800][info] GC(438) Concurrent Mark From Roots 3.560ms
[2024-10-12T11:24:26.520+0800][info] GC(438) Concurrent Preclean
[2024-10-12T11:24:26.522+0800][info] GC(438) Concurrent Preclean 1.711ms
[2024-10-12T11:24:26.522+0800][info] GC(438) Pause Remark
[2024-10-12T11:24:26.523+0800][info] GC(438) Pause Remark 112M->112M(128M) 1.564ms
[2024-10-12T11:24:26.523+0800][info] GC(438) User=0.00s Sys=0.00s Real=0.00s
[2024-10-12T11:24:26.523+0800][info] GC(438) Concurrent Mark 7.104ms
[2024-10-12T11:24:26.523+0800][info] GC(438) Concurrent Rebuild Remembered Sets
[2024-10-12T11:24:26.525+0800][info] GC(438) Concurrent Rebuild Remembered Sets 1.249ms
[2024-10-12T11:24:26.525+0800][info] GC(438) Pause Cleanup
[2024-10-12T11:24:26.525+0800][info] GC(438) Pause Cleanup 112M->112M(128M) 0.196ms
[2024-10-12T11:24:26.525+0800][info] GC(438) User=0.00s Sys=0.00s Real=0.00s
[2024-10-12T11:24:26.525+0800][info] GC(438) Concurrent Cleanup for Next Mark
[2024-10-12T11:24:26.525+0800][info] GC(438) Concurrent Cleanup for Next Mark 0.292ms
[2024-10-12T11:24:26.525+0800][info] GC(438) Concurrent Mark Cycle 9.388ms
[2024-10-12T11:24:26.669+0800][info] GC(439) Pause Young (Prepare Mixed) (G1 Preventive Collection)
[2024-10-12T11:24:26.669+0800][info] GC(439) Using 3 workers of 48 for evacuation
[2024-10-12T11:24:26.671+0800][info] GC(439)   Pre Evacuate Collection Set: 0.1ms
[2024-10-12T11:24:26.671+0800][info] GC(439)   Merge Heap Roots: 0.1ms
[2024-10-12T11:24:26.671+0800][info] GC(439)   Evacuate Collection Set: 0.9ms
[2024-10-12T11:24:26.671+0800][info] GC(439)   Post Evacuate Collection Set: 0.2ms
[2024-10-12T11:24:26.671+0800][info] GC(439)   Other: 0.2ms
[2024-10-12T11:24:26.671+0800][info] GC(439) Eden regions: 2->0(2)
[2024-10-12T11:24:26.671+0800][info] GC(439) Survivor regions: 1->1(1)
[2024-10-12T11:24:26.671+0800][info] GC(439) Old regions: 52->54
[2024-10-12T11:24:26.671+0800][info] GC(439) Archive regions: 2->2
[2024-10-12T11:24:26.671+0800][info] GC(439) Humongous regions: 3->3
[2024-10-12T11:24:26.671+0800][info] GC(439) Metaspace: 1675K(1856K)->1675K(1856K) NonClass: 1551K(1664K)->1551K(1664K) Class: 124K(192K)->124K(192K)
[2024-10-12T11:24:26.671+0800][info] GC(439) Pause Young (Prepare Mixed) (G1 Preventive Collection) 115M->115M(128M) 1.586ms
[2024-10-12T11:24:26.671+0800][info] GC(439) User=0.01s Sys=0.00s Real=0.00s
[2024-10-12T11:24:26.732+0800][info] GC(440) Pause Young (Mixed) (G1 Preventive Collection)
[2024-10-12T11:24:26.732+0800][info] GC(440) Using 3 workers of 48 for evacuation
[2024-10-12T11:24:26.733+0800][info] GC(440)   Pre Evacuate Collection Set: 0.2ms
[2024-10-12T11:24:26.734+0800][info] GC(440)   Merge Heap Roots: 0.1ms
[2024-10-12T11:24:26.734+0800][info] GC(440)   Evacuate Collection Set: 0.9ms
[2024-10-12T11:24:26.734+0800][info] GC(440)   Post Evacuate Collection Set: 0.2ms
[2024-10-12T11:24:26.734+0800][info] GC(440)   Other: 0.2ms
[2024-10-12T11:24:26.734+0800][info] GC(440) Eden regions: 1->0(2)
[2024-10-12T11:24:26.734+0800][info] GC(440) Survivor regions: 1->1(1)
[2024-10-12T11:24:26.734+0800][info] GC(440) Old regions: 54->50
[2024-10-12T11:24:26.734+0800][info] GC(440) Archive regions: 2->2
[2024-10-12T11:24:26.734+0800][info] GC(440) Humongous regions: 3->3
[2024-10-12T11:24:26.734+0800][info] GC(440) Metaspace: 1675K(1856K)->1675K(1856K) NonClass: 1551K(1664K)->1551K(1664K) Class: 124K(192K)->124K(192K)
[2024-10-12T11:24:26.734+0800][info] GC(440) Pause Young (Mixed) (G1 Preventive Collection) 117M->108M(128M) 1.579ms
[2024-10-12T11:24:26.734+0800][info] GC(440) User=0.00s Sys=0.00s Real=0.01s
[2024-10-12T11:24:26.836+0800][info] GC(441) Pause Young (Mixed) (G1 Preventive Collection)
[2024-10-12T11:24:26.836+0800][info] GC(441) Using 3 workers of 48 for evacuation
[2024-10-12T11:24:26.838+0800][info] GC(441) To-space exhausted
[2024-10-12T11:24:26.838+0800][info] GC(441)   Pre Evacuate Collection Set: 0.2ms
[2024-10-12T11:24:26.838+0800][info] GC(441)   Merge Heap Roots: 0.1ms
[2024-10-12T11:24:26.838+0800][info] GC(441)   Evacuate Collection Set: 1.6ms
[2024-10-12T11:24:26.838+0800][info] GC(441)   Post Evacuate Collection Set: 0.2ms
[2024-10-12T11:24:26.838+0800][info] GC(441)   Other: 0.1ms
[2024-10-12T11:24:26.838+0800][info] GC(441) Eden regions: 2->0(2)
[2024-10-12T11:24:26.838+0800][info] GC(441) Survivor regions: 1->1(1)
[2024-10-12T11:24:26.838+0800][info] GC(441) Old regions: 50->50
[2024-10-12T11:24:26.838+0800][info] GC(441) Archive regions: 2->2
[2024-10-12T11:24:26.838+0800][info] GC(441) Humongous regions: 3->3
[2024-10-12T11:24:26.838+0800][info] GC(441) Metaspace: 1675K(1856K)->1675K(1856K) NonClass: 1551K(1664K)->1551K(1664K) Class: 124K(192K)->124K(192K)
[2024-10-12T11:24:26.838+0800][info] GC(441) Pause Young (Mixed) (G1 Preventive Collection) 112M->109M(128M) 2.244ms
[2024-10-12T11:24:26.838+0800][info] GC(441) User=0.01s Sys=0.00s Real=0.00s
[2024-10-12T11:24:26.900+0800][info] GC(442) Pause Young (Mixed) (G1 Preventive Collection)
[2024-10-12T11:24:26.900+0800][info] GC(442) Using 3 workers of 48 for evacuation
[2024-10-12T11:24:26.902+0800][info] GC(442)   Pre Evacuate Collection Set: 0.2ms
[2024-10-12T11:24:26.902+0800][info] GC(442)   Merge Heap Roots: 0.1ms
[2024-10-12T11:24:26.902+0800][info] GC(442)   Evacuate Collection Set: 1.7ms
[2024-10-12T11:24:26.902+0800][info] GC(442)   Post Evacuate Collection Set: 0.2ms
[2024-10-12T11:24:26.902+0800][info] GC(442)   Other: 0.1ms
[2024-10-12T11:24:26.902+0800][info] GC(442) Eden regions: 1->0(2)
[2024-10-12T11:24:26.902+0800][info] GC(442) Survivor regions: 1->1(1)
[2024-10-12T11:24:26.902+0800][info] GC(442) Old regions: 50->48
[2024-10-12T11:24:26.902+0800][info] GC(442) Archive regions: 2->2
[2024-10-12T11:24:26.902+0800][info] GC(442) Humongous regions: 3->3
[2024-10-12T11:24:26.902+0800][info] GC(442) Metaspace: 1675K(1856K)->1675K(1856K) NonClass: 1551K(1664K)->1551K(1664K) Class: 124K(192K)->124K(192K)
[2024-10-12T11:24:26.902+0800][info] GC(442) Pause Young (Mixed) (G1 Preventive Collection) 111M->105M(128M) 2.413ms
[2024-10-12T11:24:26.902+0800][info] GC(442) User=0.00s Sys=0.00s Real=0.00s
[2024-10-12T11:24:27.005+0800][info] GC(443) Pause Young (Mixed) (G1 Preventive Collection)
[2024-10-12T11:24:27.005+0800][info] GC(443) Using 3 workers of 48 for evacuation
[2024-10-12T11:24:27.007+0800][info] GC(443)   Pre Evacuate Collection Set: 0.2ms
[2024-10-12T11:24:27.007+0800][info] GC(443)   Merge Heap Roots: 0.1ms
[2024-10-12T11:24:27.007+0800][info] GC(443)   Evacuate Collection Set: 2.0ms
[2024-10-12T11:24:27.007+0800][info] GC(443)   Post Evacuate Collection Set: 0.2ms
[2024-10-12T11:24:27.007+0800][info] GC(443)   Other: 0.1ms
[2024-10-12T11:24:27.007+0800][info] GC(443) Eden regions: 2->0(2)
[2024-10-12T11:24:27.007+0800][info] GC(443) Survivor regions: 1->1(1)
[2024-10-12T11:24:27.007+0800][info] GC(443) Old regions: 48->48
[2024-10-12T11:24:27.007+0800][info] GC(443) Archive regions: 2->2
[2024-10-12T11:24:27.007+0800][info] GC(443) Humongous regions: 3->3
[2024-10-12T11:24:27.007+0800][info] GC(443) Metaspace: 1675K(1856K)->1675K(1856K) NonClass: 1551K(1664K)->1551K(1664K) Class: 124K(192K)->124K(192K)
[2024-10-12T11:24:27.007+0800][info] GC(443) Pause Young (Mixed) (G1 Preventive Collection) 108M->104M(128M) 2.714ms
[2024-10-12T11:24:27.007+0800][info] GC(443) User=0.00s Sys=0.00s Real=0.01s
[2024-10-12T11:24:27.109+0800][info] GC(444) Pause Young (Mixed) (G1 Preventive Collection)
[2024-10-12T11:24:27.109+0800][info] GC(444) Using 3 workers of 48 for evacuation
[2024-10-12T11:24:27.112+0800][info] GC(444)   Pre Evacuate Collection Set: 0.2ms
[2024-10-12T11:24:27.112+0800][info] GC(444)   Merge Heap Roots: 0.1ms
[2024-10-12T11:24:27.112+0800][info] GC(444)   Evacuate Collection Set: 2.0ms
[2024-10-12T11:24:27.112+0800][info] GC(444)   Post Evacuate Collection Set: 0.2ms
[2024-10-12T11:24:27.112+0800][info] GC(444)   Other: 0.2ms
[2024-10-12T11:24:27.112+0800][info] GC(444) Eden regions: 2->0(2)
[2024-10-12T11:24:27.112+0800][info] GC(444) Survivor regions: 1->1(1)
[2024-10-12T11:24:27.112+0800][info] GC(444) Old regions: 48->47
[2024-10-12T11:24:27.112+0800][info] GC(444) Archive regions: 2->2
[2024-10-12T11:24:27.112+0800][info] GC(444) Humongous regions: 3->3
[2024-10-12T11:24:27.112+0800][info] GC(444) Metaspace: 1675K(1856K)->1675K(1856K) NonClass: 1551K(1664K)->1551K(1664K) Class: 124K(192K)->124K(192K)
[2024-10-12T11:24:27.112+0800][info] GC(444) Pause Young (Mixed) (G1 Preventive Collection) 107M->102M(128M) 2.678ms
[2024-10-12T11:24:27.112+0800][info] GC(444) User=0.01s Sys=0.00s Real=0.00s
[2024-10-12T11:24:27.194+0800][info] GC(445) Pause Young (Mixed) (G1 Preventive Collection)
[2024-10-12T11:24:27.194+0800][info] GC(445) Using 3 workers of 48 for evacuation
[2024-10-12T11:24:27.197+0800][info] GC(445)   Pre Evacuate Collection Set: 0.2ms
[2024-10-12T11:24:27.197+0800][info] GC(445)   Merge Heap Roots: 0.1ms
[2024-10-12T11:24:27.197+0800][info] GC(445)   Evacuate Collection Set: 2.2ms
[2024-10-12T11:24:27.197+0800][info] GC(445)   Post Evacuate Collection Set: 0.2ms
[2024-10-12T11:24:27.197+0800][info] GC(445)   Other: 0.1ms
[2024-10-12T11:24:27.197+0800][info] GC(445) Eden regions: 2->0(2)
[2024-10-12T11:24:27.197+0800][info] GC(445) Survivor regions: 1->1(1)
[2024-10-12T11:24:27.197+0800][info] GC(445) Old regions: 47->47
[2024-10-12T11:24:27.197+0800][info] GC(445) Archive regions: 2->2
[2024-10-12T11:24:27.197+0800][info] GC(445) Humongous regions: 3->3
[2024-10-12T11:24:27.197+0800][info] GC(445) Metaspace: 1675K(1856K)->1675K(1856K) NonClass: 1551K(1664K)->1551K(1664K) Class: 124K(192K)->124K(192K)
[2024-10-12T11:24:27.197+0800][info] GC(445) Pause Young (Mixed) (G1 Preventive Collection) 105M->102M(128M) 2.892ms
[2024-10-12T11:24:27.197+0800][info] GC(445) User=0.01s Sys=0.00s Real=0.00s
[2024-10-12T11:24:27.320+0800][info] GC(446) Pause Young (Mixed) (G1 Preventive Collection)
[2024-10-12T11:24:27.320+0800][info] GC(446) Using 3 workers of 48 for evacuation
[2024-10-12T11:24:27.324+0800][info] GC(446)   Pre Evacuate Collection Set: 0.2ms
[2024-10-12T11:24:27.324+0800][info] GC(446)   Merge Heap Roots: 0.1ms
[2024-10-12T11:24:27.324+0800][info] GC(446)   Evacuate Collection Set: 2.9ms
[2024-10-12T11:24:27.324+0800][info] GC(446)   Post Evacuate Collection Set: 0.2ms
[2024-10-12T11:24:27.324+0800][info] GC(446)   Other: 0.1ms
[2024-10-12T11:24:27.324+0800][info] GC(446) Eden regions: 2->0(2)
[2024-10-12T11:24:27.324+0800][info] GC(446) Survivor regions: 1->1(1)
[2024-10-12T11:24:27.324+0800][info] GC(446) Old regions: 47->47
[2024-10-12T11:24:27.324+0800][info] GC(446) Archive regions: 2->2
[2024-10-12T11:24:27.324+0800][info] GC(446) Humongous regions: 4->3
[2024-10-12T11:24:27.324+0800][info] GC(446) Metaspace: 1675K(1856K)->1675K(1856K) NonClass: 1551K(1664K)->1551K(1664K) Class: 124K(192K)->124K(192K)
[2024-10-12T11:24:27.324+0800][info] GC(446) Pause Young (Mixed) (G1 Preventive Collection) 108M->103M(128M) 3.680ms
[2024-10-12T11:24:27.324+0800][info] GC(446) User=0.01s Sys=0.00s Real=0.00s
[2024-10-12T11:24:27.426+0800][info] GC(447) Pause Young (Normal) (G1 Evacuation Pause)
[2024-10-12T11:24:27.426+0800][info] GC(447) Using 3 workers of 48 for evacuation
[2024-10-12T11:24:27.427+0800][info] GC(447)   Pre Evacuate Collection Set: 0.1ms
[2024-10-12T11:24:27.427+0800][info] GC(447)   Merge Heap Roots: 0.0ms
[2024-10-12T11:24:27.427+0800][info] GC(447)   Evacuate Collection Set: 0.8ms
[2024-10-12T11:24:27.427+0800][info] GC(447)   Post Evacuate Collection Set: 0.2ms
[2024-10-12T11:24:27.427+0800][info] GC(447)   Other: 0.2ms
[2024-10-12T11:24:27.427+0800][info] GC(447) Eden regions: 2->0(2)
[2024-10-12T11:24:27.427+0800][info] GC(447) Survivor regions: 1->1(1)
[2024-10-12T11:24:27.427+0800][info] GC(447) Old regions: 47->49
[2024-10-12T11:24:27.427+0800][info] GC(447) Archive regions: 2->2
[2024-10-12T11:24:27.427+0800][info] GC(447) Humongous regions: 3->3
[2024-10-12T11:24:27.428+0800][info] GC(447) Metaspace: 1675K(1856K)->1675K(1856K) NonClass: 1551K(1664K)->1551K(1664K) Class: 124K(192K)->124K(192K)
[2024-10-12T11:24:27.428+0800][info] GC(447) Pause Young (Normal) (G1 Evacuation Pause) 107M->107M(128M) 1.446ms
[2024-10-12T11:24:27.428+0800][info] GC(447) User=0.01s Sys=0.00s Real=0.00s
[2024-10-12T11:24:27.530+0800][info] GC(448) Pause Young (Normal) (G1 Evacuation Pause)
[2024-10-12T11:24:27.530+0800][info] GC(448) Using 3 workers of 48 for evacuation
[2024-10-12T11:24:27.531+0800][info] GC(448)   Pre Evacuate Collection Set: 0.1ms
[2024-10-12T11:24:27.531+0800][info] GC(448)   Merge Heap Roots: 0.1ms
[2024-10-12T11:24:27.531+0800][info] GC(448)   Evacuate Collection Set: 0.7ms
[2024-10-12T11:24:27.531+0800][info] GC(448)   Post Evacuate Collection Set: 0.2ms
[2024-10-12T11:24:27.531+0800][info] GC(448)   Other: 0.2ms
[2024-10-12T11:24:27.531+0800][info] GC(448) Eden regions: 2->0(2)
[2024-10-12T11:24:27.531+0800][info] GC(448) Survivor regions: 1->1(1)
[2024-10-12T11:24:27.531+0800][info] GC(448) Old regions: 49->51
[2024-10-12T11:24:27.531+0800][info] GC(448) Archive regions: 2->2
[2024-10-12T11:24:27.531+0800][info] GC(448) Humongous regions: 3->3
[2024-10-12T11:24:27.531+0800][info] GC(448) Metaspace: 1675K(1856K)->1675K(1856K) NonClass: 1551K(1664K)->1551K(1664K) Class: 124K(192K)->124K(192K)
[2024-10-12T11:24:27.531+0800][info] GC(448) Pause Young (Normal) (G1 Evacuation Pause) 111M->111M(128M) 1.310ms
[2024-10-12T11:24:27.531+0800][info] GC(448) User=0.00s Sys=0.00s Real=0.00s
[2024-10-12T11:24:27.633+0800][info] GC(449) Pause Young (Concurrent Start) (G1 Evacuation Pause)
[2024-10-12T11:24:27.633+0800][info] GC(449) Using 3 workers of 48 for evacuation
[2024-10-12T11:24:27.635+0800][info] GC(449)   Pre Evacuate Collection Set: 0.1ms
[2024-10-12T11:24:27.635+0800][info] GC(449)   Merge Heap Roots: 0.0ms
[2024-10-12T11:24:27.635+0800][info] GC(449)   Evacuate Collection Set: 0.8ms
[2024-10-12T11:24:27.635+0800][info] GC(449)   Post Evacuate Collection Set: 0.2ms
[2024-10-12T11:24:27.635+0800][info] GC(449)   Other: 0.3ms
[2024-10-12T11:24:27.635+0800][info] GC(449) Eden regions: 2->0(2)
[2024-10-12T11:24:27.635+0800][info] GC(449) Survivor regions: 1->1(1)
[2024-10-12T11:24:27.635+0800][info] GC(449) Old regions: 51->53
[2024-10-12T11:24:27.635+0800][info] GC(449) Archive regions: 2->2
[2024-10-12T11:24:27.635+0800][info] GC(449) Humongous regions: 3->3
[2024-10-12T11:24:27.635+0800][info] GC(449) Metaspace: 1675K(1856K)->1675K(1856K) NonClass: 1551K(1664K)->1551K(1664K) Class: 124K(192K)->124K(192K)
[2024-10-12T11:24:27.635+0800][info] GC(449) Pause Young (Concurrent Start) (G1 Evacuation Pause) 115M->115M(128M) 1.563ms
[2024-10-12T11:24:27.635+0800][info] GC(449) User=0.01s Sys=0.00s Real=0.00s
[2024-10-12T11:24:27.635+0800][info] GC(450) Concurrent Mark Cycle
[2024-10-12T11:24:27.635+0800][info] GC(450) Concurrent Clear Claimed Marks
[2024-10-12T11:24:27.635+0800][info] GC(450) Concurrent Clear Claimed Marks 0.017ms
[2024-10-12T11:24:27.635+0800][info] GC(450) Concurrent Scan Root Regions
[2024-10-12T11:24:27.635+0800][info] GC(450) Concurrent Scan Root Regions 0.162ms
[2024-10-12T11:24:27.635+0800][info] GC(450) Concurrent Mark
[2024-10-12T11:24:27.635+0800][info] GC(450) Concurrent Mark From Roots
[2024-10-12T11:24:27.635+0800][info] GC(450) Using 12 workers of 12 for marking
[2024-10-12T11:24:27.639+0800][info] GC(450) Concurrent Mark From Roots 3.538ms
[2024-10-12T11:24:27.639+0800][info] GC(450) Concurrent Preclean
[2024-10-12T11:24:27.641+0800][info] GC(450) Concurrent Preclean 1.692ms
[2024-10-12T11:24:27.641+0800][info] GC(450) Pause Remark
[2024-10-12T11:24:27.642+0800][info] GC(450) Pause Remark 115M->115M(128M) 1.609ms
[2024-10-12T11:24:27.642+0800][info] GC(450) User=0.01s Sys=0.00s Real=0.00s
[2024-10-12T11:24:27.642+0800][info] GC(450) Concurrent Mark 7.104ms
[2024-10-12T11:24:27.642+0800][info] GC(450) Concurrent Rebuild Remembered Sets
[2024-10-12T11:24:27.644+0800][info] GC(450) Concurrent Rebuild Remembered Sets 1.309ms
[2024-10-12T11:24:27.644+0800][info] GC(450) Pause Cleanup
[2024-10-12T11:24:27.644+0800][info] GC(450) Pause Cleanup 115M->115M(128M) 0.198ms
[2024-10-12T11:24:27.644+0800][info] GC(450) User=0.00s Sys=0.00s Real=0.00s
[2024-10-12T11:24:27.644+0800][info] GC(450) Concurrent Cleanup for Next Mark
[2024-10-12T11:24:27.644+0800][info] GC(450) Concurrent Cleanup for Next Mark 0.232ms
[2024-10-12T11:24:27.644+0800][info] GC(450) Concurrent Mark Cycle 9.390ms
[2024-10-12T11:24:27.788+0800][info] GC(451) Pause Young (Prepare Mixed) (G1 Preventive Collection)
[2024-10-12T11:24:27.788+0800][info] GC(451) Using 3 workers of 48 for evacuation
[2024-10-12T11:24:27.789+0800][info] GC(451)   Pre Evacuate Collection Set: 0.1ms
[2024-10-12T11:24:27.789+0800][info] GC(451)   Merge Heap Roots: 0.1ms
[2024-10-12T11:24:27.789+0800][info] GC(451)   Evacuate Collection Set: 0.8ms
[2024-10-12T11:24:27.789+0800][info] GC(451)   Post Evacuate Collection Set: 0.2ms
[2024-10-12T11:24:27.789+0800][info] GC(451)   Other: 0.2ms
[2024-10-12T11:24:27.789+0800][info] GC(451) Eden regions: 2->0(2)
[2024-10-12T11:24:27.789+0800][info] GC(451) Survivor regions: 1->1(1)
[2024-10-12T11:24:27.789+0800][info] GC(451) Old regions: 53->55
[2024-10-12T11:24:27.789+0800][info] GC(451) Archive regions: 2->2
[2024-10-12T11:24:27.789+0800][info] GC(451) Humongous regions: 3->3
[2024-10-12T11:24:27.789+0800][info] GC(451) Metaspace: 1675K(1856K)->1675K(1856K) NonClass: 1551K(1664K)->1551K(1664K) Class: 124K(192K)->124K(192K)
[2024-10-12T11:24:27.789+0800][info] GC(451) Pause Young (Prepare Mixed) (G1 Preventive Collection) 118M->119M(128M) 1.465ms
[2024-10-12T11:24:27.789+0800][info] GC(451) User=0.00s Sys=0.00s Real=0.00s
[2024-10-12T11:24:27.851+0800][info] GC(452) Pause Young (Mixed) (G1 Preventive Collection)
[2024-10-12T11:24:27.851+0800][info] GC(452) Using 3 workers of 48 for evacuation
[2024-10-12T11:24:27.852+0800][info] GC(452) To-space exhausted
[2024-10-12T11:24:27.852+0800][info] GC(452)   Pre Evacuate Collection Set: 0.2ms
[2024-10-12T11:24:27.852+0800][info] GC(452)   Merge Heap Roots: 0.1ms
[2024-10-12T11:24:27.852+0800][info] GC(452)   Evacuate Collection Set: 0.7ms
[2024-10-12T11:24:27.852+0800][info] GC(452)   Post Evacuate Collection Set: 0.2ms
[2024-10-12T11:24:27.852+0800][info] GC(452)   Other: 0.2ms
[2024-10-12T11:24:27.852+0800][info] GC(452) Eden regions: 1->0(2)
[2024-10-12T11:24:27.852+0800][info] GC(452) Survivor regions: 1->1(1)
[2024-10-12T11:24:27.852+0800][info] GC(452) Old regions: 55->54
[2024-10-12T11:24:27.852+0800][info] GC(452) Archive regions: 2->2
[2024-10-12T11:24:27.852+0800][info] GC(452) Humongous regions: 3->3
[2024-10-12T11:24:27.852+0800][info] GC(452) Metaspace: 1675K(1856K)->1675K(1856K) NonClass: 1551K(1664K)->1551K(1664K) Class: 124K(192K)->124K(192K)
[2024-10-12T11:24:27.852+0800][info] GC(452) Pause Young (Mixed) (G1 Preventive Collection) 121M->117M(128M) 1.422ms
[2024-10-12T11:24:27.852+0800][info] GC(452) User=0.00s Sys=0.00s Real=0.00s
[2024-10-12T11:24:27.894+0800][info] GC(453) Pause Young (Mixed) (G1 Preventive Collection)
[2024-10-12T11:24:27.894+0800][info] GC(453) Using 3 workers of 48 for evacuation
[2024-10-12T11:24:27.895+0800][info] GC(453) To-space exhausted
[2024-10-12T11:24:27.895+0800][info] GC(453)   Pre Evacuate Collection Set: 0.2ms
[2024-10-12T11:24:27.895+0800][info] GC(453)   Merge Heap Roots: 0.1ms
[2024-10-12T11:24:27.895+0800][info] GC(453)   Evacuate Collection Set: 1.0ms
[2024-10-12T11:24:27.895+0800][info] GC(453)   Post Evacuate Collection Set: 0.3ms
[2024-10-12T11:24:27.895+0800][info] GC(453)   Other: 0.2ms
[2024-10-12T11:24:27.895+0800][info] GC(453) Eden regions: 1->0(2)
[2024-10-12T11:24:27.895+0800][info] GC(453) Survivor regions: 1->1(1)
[2024-10-12T11:24:27.895+0800][info] GC(453) Old regions: 54->57
[2024-10-12T11:24:27.895+0800][info] GC(453) Archive regions: 2->2
[2024-10-12T11:24:27.895+0800][info] GC(453) Humongous regions: 3->3
[2024-10-12T11:24:27.895+0800][info] GC(453) Metaspace: 1675K(1856K)->1675K(1856K) NonClass: 1551K(1664K)->1551K(1664K) Class: 124K(192K)->124K(192K)
[2024-10-12T11:24:27.895+0800][info] GC(453) Pause Young (Mixed) (G1 Preventive Collection) 119M->123M(128M) 1.829ms
[2024-10-12T11:24:27.895+0800][info] GC(453) User=0.00s Sys=0.01s Real=0.00s
[2024-10-12T11:24:27.957+0800][info] GC(454) Pause Young (Mixed) (G1 Evacuation Pause)
[2024-10-12T11:24:27.957+0800][info] GC(454) Using 3 workers of 48 for evacuation
[2024-10-12T11:24:27.958+0800][info] GC(454) To-space exhausted
[2024-10-12T11:24:27.958+0800][info] GC(454)   Pre Evacuate Collection Set: 0.2ms
[2024-10-12T11:24:27.958+0800][info] GC(454)   Merge Heap Roots: 0.1ms
[2024-10-12T11:24:27.958+0800][info] GC(454)   Evacuate Collection Set: 0.5ms
[2024-10-12T11:24:27.958+0800][info] GC(454)   Post Evacuate Collection Set: 0.6ms
[2024-10-12T11:24:27.958+0800][info] GC(454)   Other: 0.2ms
[2024-10-12T11:24:27.958+0800][info] GC(454) Eden regions: 1->0(3)
[2024-10-12T11:24:27.958+0800][info] GC(454) Survivor regions: 1->0(0)
[2024-10-12T11:24:27.958+0800][info] GC(454) Old regions: 57->59
[2024-10-12T11:24:27.958+0800][info] GC(454) Archive regions: 2->2
[2024-10-12T11:24:27.958+0800][info] GC(454) Humongous regions: 3->3
[2024-10-12T11:24:27.958+0800][info] GC(454) Metaspace: 1675K(1856K)->1675K(1856K) NonClass: 1551K(1664K)->1551K(1664K) Class: 124K(192K)->124K(192K)
[2024-10-12T11:24:27.958+0800][info] GC(454) Pause Young (Mixed) (G1 Evacuation Pause) 125M->125M(128M) 1.640ms
[2024-10-12T11:24:27.958+0800][info] GC(454) User=0.01s Sys=0.00s Real=0.00s
[2024-10-12T11:24:27.958+0800][info] Attempting full compaction
[2024-10-12T11:24:27.958+0800][info] GC(455) Using 3 workers of 48 for full compaction
[2024-10-12T11:24:27.958+0800][info] GC(455) Pause Full (G1 Compaction Pause)
[2024-10-12T11:24:27.958+0800][info] GC(455) Phase 1: Mark live objects
[2024-10-12T11:24:27.962+0800][info] GC(455) Phase 1: Mark live objects 3.235ms
[2024-10-12T11:24:27.962+0800][info] GC(455) Phase 2: Prepare for compaction
[2024-10-12T11:24:27.962+0800][info] GC(455) Phase 2: Prepare for compaction 0.760ms
[2024-10-12T11:24:27.962+0800][info] GC(455) Phase 3: Adjust pointers
[2024-10-12T11:24:27.964+0800][info] GC(455) Phase 3: Adjust pointers 1.597ms
[2024-10-12T11:24:27.964+0800][info] GC(455) Phase 4: Compact heap
[2024-10-12T11:24:27.975+0800][info] GC(455) Phase 4: Compact heap 10.766ms
[2024-10-12T11:24:27.976+0800][info] GC(455) Eden regions: 0->0(3)
[2024-10-12T11:24:27.976+0800][info] GC(455) Survivor regions: 0->0(0)
[2024-10-12T11:24:27.976+0800][info] GC(455) Old regions: 59->39
[2024-10-12T11:24:27.976+0800][info] GC(455) Archive regions: 2->2
[2024-10-12T11:24:27.976+0800][info] GC(455) Humongous regions: 3->3
[2024-10-12T11:24:27.976+0800][info] GC(455) Metaspace: 1675K(1856K)->1675K(1856K) NonClass: 1551K(1664K)->1551K(1664K) Class: 124K(192K)->124K(192K)
[2024-10-12T11:24:27.976+0800][info] GC(455) Pause Full (G1 Compaction Pause) 125M->73M(128M) 18.095ms
[2024-10-12T11:24:27.977+0800][info] GC(455) User=0.04s Sys=0.00s Real=0.02s
[2024-10-12T11:24:28.140+0800][info] GC(456) Pause Young (Normal) (G1 Evacuation Pause)
[2024-10-12T11:24:28.140+0800][info] GC(456) Using 3 workers of 48 for evacuation
[2024-10-12T11:24:28.142+0800][info] GC(456)   Pre Evacuate Collection Set: 0.1ms
[2024-10-12T11:24:28.142+0800][info] GC(456)   Merge Heap Roots: 0.1ms
[2024-10-12T11:24:28.142+0800][info] GC(456)   Evacuate Collection Set: 1.0ms
[2024-10-12T11:24:28.142+0800][info] GC(456)   Post Evacuate Collection Set: 0.2ms
[2024-10-12T11:24:28.142+0800][info] GC(456)   Other: 0.2ms
[2024-10-12T11:24:28.142+0800][info] GC(456) Eden regions: 3->0(2)
[2024-10-12T11:24:28.142+0800][info] GC(456) Survivor regions: 0->1(1)
[2024-10-12T11:24:28.142+0800][info] GC(456) Old regions: 39->42
[2024-10-12T11:24:28.142+0800][info] GC(456) Archive regions: 2->2
[2024-10-12T11:24:28.142+0800][info] GC(456) Humongous regions: 3->3
[2024-10-12T11:24:28.142+0800][info] GC(456) Metaspace: 1675K(1856K)->1675K(1856K) NonClass: 1551K(1664K)->1551K(1664K) Class: 124K(192K)->124K(192K)
[2024-10-12T11:24:28.142+0800][info] GC(456) Pause Young (Normal) (G1 Evacuation Pause) 78M->79M(128M) 1.745ms
[2024-10-12T11:24:28.142+0800][info] GC(456) User=0.01s Sys=0.00s Real=0.00s
[2024-10-12T11:24:28.244+0800][info] GC(457) Pause Young (Normal) (G1 Evacuation Pause)
[2024-10-12T11:24:28.244+0800][info] GC(457) Using 3 workers of 48 for evacuation
[2024-10-12T11:24:28.245+0800][info] GC(457)   Pre Evacuate Collection Set: 0.1ms
[2024-10-12T11:24:28.245+0800][info] GC(457)   Merge Heap Roots: 0.0ms
[2024-10-12T11:24:28.245+0800][info] GC(457)   Evacuate Collection Set: 0.8ms
[2024-10-12T11:24:28.246+0800][info] GC(457)   Post Evacuate Collection Set: 0.2ms
[2024-10-12T11:24:28.246+0800][info] GC(457)   Other: 0.2ms
[2024-10-12T11:24:28.246+0800][info] GC(457) Eden regions: 2->0(2)
[2024-10-12T11:24:28.246+0800][info] GC(457) Survivor regions: 1->1(1)
[2024-10-12T11:24:28.246+0800][info] GC(457) Old regions: 42->44
[2024-10-12T11:24:28.246+0800][info] GC(457) Archive regions: 2->2
[2024-10-12T11:24:28.246+0800][info] GC(457) Humongous regions: 3->3
[2024-10-12T11:24:28.246+0800][info] GC(457) Metaspace: 1675K(1856K)->1675K(1856K) NonClass: 1551K(1664K)->1551K(1664K) Class: 124K(192K)->124K(192K)
[2024-10-12T11:24:28.246+0800][info] GC(457) Pause Young (Normal) (G1 Evacuation Pause) 83M->83M(128M) 1.361ms
[2024-10-12T11:24:28.246+0800][info] GC(457) User=0.00s Sys=0.00s Real=0.01s
[2024-10-12T11:24:28.348+0800][info] GC(458) Pause Young (Normal) (G1 Evacuation Pause)
[2024-10-12T11:24:28.348+0800][info] GC(458) Using 3 workers of 48 for evacuation
[2024-10-12T11:24:28.349+0800][info] GC(458)   Pre Evacuate Collection Set: 0.1ms
[2024-10-12T11:24:28.349+0800][info] GC(458)   Merge Heap Roots: 0.0ms
[2024-10-12T11:24:28.349+0800][info] GC(458)   Evacuate Collection Set: 0.7ms
[2024-10-12T11:24:28.349+0800][info] GC(458)   Post Evacuate Collection Set: 0.2ms
[2024-10-12T11:24:28.349+0800][info] GC(458)   Other: 0.2ms
[2024-10-12T11:24:28.349+0800][info] GC(458) Eden regions: 2->0(2)
[2024-10-12T11:24:28.349+0800][info] GC(458) Survivor regions: 1->1(1)
[2024-10-12T11:24:28.349+0800][info] GC(458) Old regions: 44->46
[2024-10-12T11:24:28.349+0800][info] GC(458) Archive regions: 2->2
[2024-10-12T11:24:28.349+0800][info] GC(458) Humongous regions: 3->3
[2024-10-12T11:24:28.349+0800][info] GC(458) Metaspace: 1675K(1856K)->1675K(1856K) NonClass: 1551K(1664K)->1551K(1664K) Class: 124K(192K)->124K(192K)
[2024-10-12T11:24:28.349+0800][info] GC(458) Pause Young (Normal) (G1 Evacuation Pause) 87M->87M(128M) 1.365ms
[2024-10-12T11:24:28.349+0800][info] GC(458) User=0.00s Sys=0.00s Real=0.00s
[2024-10-12T11:24:28.451+0800][info] GC(459) Pause Young (Normal) (G1 Evacuation Pause)
[2024-10-12T11:24:28.451+0800][info] GC(459) Using 3 workers of 48 for evacuation
[2024-10-12T11:24:28.452+0800][info] GC(459)   Pre Evacuate Collection Set: 0.1ms
[2024-10-12T11:24:28.452+0800][info] GC(459)   Merge Heap Roots: 0.1ms
[2024-10-12T11:24:28.453+0800][info] GC(459)   Evacuate Collection Set: 0.7ms
[2024-10-12T11:24:28.453+0800][info] GC(459)   Post Evacuate Collection Set: 0.2ms
[2024-10-12T11:24:28.453+0800][info] GC(459)   Other: 0.2ms
[2024-10-12T11:24:28.453+0800][info] GC(459) Eden regions: 2->0(2)
[2024-10-12T11:24:28.453+0800][info] GC(459) Survivor regions: 1->1(1)
[2024-10-12T11:24:28.453+0800][info] GC(459) Old regions: 46->48
[2024-10-12T11:24:28.453+0800][info] GC(459) Archive regions: 2->2
[2024-10-12T11:24:28.453+0800][info] GC(459) Humongous regions: 3->3
[2024-10-12T11:24:28.453+0800][info] GC(459) Metaspace: 1675K(1856K)->1675K(1856K) NonClass: 1551K(1664K)->1551K(1664K) Class: 124K(192K)->124K(192K)
[2024-10-12T11:24:28.453+0800][info] GC(459) Pause Young (Normal) (G1 Evacuation Pause) 91M->91M(128M) 1.290ms
[2024-10-12T11:24:28.453+0800][info] GC(459) User=0.00s Sys=0.00s Real=0.00s
[2024-10-12T11:24:28.555+0800][info] GC(460) Pause Young (Concurrent Start) (G1 Evacuation Pause)
[2024-10-12T11:24:28.555+0800][info] GC(460) Using 3 workers of 48 for evacuation
[2024-10-12T11:24:28.556+0800][info] GC(460)   Pre Evacuate Collection Set: 0.1ms
[2024-10-12T11:24:28.556+0800][info] GC(460)   Merge Heap Roots: 0.0ms
[2024-10-12T11:24:28.556+0800][info] GC(460)   Evacuate Collection Set: 0.8ms
[2024-10-12T11:24:28.556+0800][info] GC(460)   Post Evacuate Collection Set: 0.2ms
[2024-10-12T11:24:28.556+0800][info] GC(460)   Other: 0.3ms
[2024-10-12T11:24:28.557+0800][info] GC(460) Eden regions: 2->0(2)
[2024-10-12T11:24:28.557+0800][info] GC(460) Survivor regions: 1->1(1)
[2024-10-12T11:24:28.557+0800][info] GC(460) Old regions: 48->49
[2024-10-12T11:24:28.557+0800][info] GC(460) Archive regions: 2->2
[2024-10-12T11:24:28.557+0800][info] GC(460) Humongous regions: 3->3
[2024-10-12T11:24:28.557+0800][info] GC(460) Metaspace: 1675K(1856K)->1675K(1856K) NonClass: 1551K(1664K)->1551K(1664K) Class: 124K(192K)->124K(192K)
[2024-10-12T11:24:28.557+0800][info] GC(460) Pause Young (Concurrent Start) (G1 Evacuation Pause) 95M->94M(128M) 1.542ms
[2024-10-12T11:24:28.557+0800][info] GC(460) User=0.00s Sys=0.00s Real=0.00s
[2024-10-12T11:24:28.557+0800][info] GC(461) Concurrent Mark Cycle
[2024-10-12T11:24:28.557+0800][info] GC(461) Concurrent Clear Claimed Marks
[2024-10-12T11:24:28.557+0800][info] GC(461) Concurrent Clear Claimed Marks 0.017ms
[2024-10-12T11:24:28.557+0800][info] GC(461) Concurrent Scan Root Regions
[2024-10-12T11:24:28.557+0800][info] GC(461) Concurrent Scan Root Regions 0.151ms
[2024-10-12T11:24:28.557+0800][info] GC(461) Concurrent Mark
[2024-10-12T11:24:28.557+0800][info] GC(461) Concurrent Mark From Roots
[2024-10-12T11:24:28.557+0800][info] GC(461) Using 12 workers of 12 for marking
[2024-10-12T11:24:28.563+0800][info] GC(461) Concurrent Mark From Roots 6.374ms
[2024-10-12T11:24:28.563+0800][info] GC(461) Concurrent Preclean
[2024-10-12T11:24:28.564+0800][info] GC(461) Concurrent Preclean 0.766ms
[2024-10-12T11:24:28.564+0800][info] GC(461) Pause Remark
[2024-10-12T11:24:28.566+0800][info] GC(461) Pause Remark 95M->95M(128M) 1.639ms
[2024-10-12T11:24:28.566+0800][info] GC(461) User=0.00s Sys=0.00s Real=0.01s
[2024-10-12T11:24:28.566+0800][info] GC(461) Concurrent Mark 9.071ms
[2024-10-12T11:24:28.566+0800][info] GC(461) Concurrent Rebuild Remembered Sets
[2024-10-12T11:24:28.567+0800][info] GC(461) Concurrent Rebuild Remembered Sets 1.227ms
[2024-10-12T11:24:28.567+0800][info] GC(461) Pause Cleanup
[2024-10-12T11:24:28.568+0800][info] GC(461) Pause Cleanup 95M->95M(128M) 0.196ms
[2024-10-12T11:24:28.568+0800][info] GC(461) User=0.00s Sys=0.00s Real=0.00s
[2024-10-12T11:24:28.568+0800][info] GC(461) Concurrent Cleanup for Next Mark
[2024-10-12T11:24:28.568+0800][info] GC(461) Concurrent Cleanup for Next Mark 0.353ms
[2024-10-12T11:24:28.568+0800][info] GC(461) Concurrent Mark Cycle 11.348ms
[2024-10-12T11:24:28.710+0800][info] GC(462) Pause Young (Prepare Mixed) (G1 Evacuation Pause)
[2024-10-12T11:24:28.710+0800][info] GC(462) Using 3 workers of 48 for evacuation
[2024-10-12T11:24:28.711+0800][info] GC(462)   Pre Evacuate Collection Set: 0.1ms
[2024-10-12T11:24:28.711+0800][info] GC(462)   Merge Heap Roots: 0.1ms
[2024-10-12T11:24:28.711+0800][info] GC(462)   Evacuate Collection Set: 0.9ms
[2024-10-12T11:24:28.711+0800][info] GC(462)   Post Evacuate Collection Set: 0.2ms
[2024-10-12T11:24:28.711+0800][info] GC(462)   Other: 0.2ms
[2024-10-12T11:24:28.711+0800][info] GC(462) Eden regions: 2->0(2)
[2024-10-12T11:24:28.711+0800][info] GC(462) Survivor regions: 1->1(1)
[2024-10-12T11:24:28.711+0800][info] GC(462) Old regions: 49->51
[2024-10-12T11:24:28.711+0800][info] GC(462) Archive regions: 2->2
[2024-10-12T11:24:28.711+0800][info] GC(462) Humongous regions: 3->3
[2024-10-12T11:24:28.711+0800][info] GC(462) Metaspace: 1675K(1856K)->1675K(1856K) NonClass: 1551K(1664K)->1551K(1664K) Class: 124K(192K)->124K(192K)
[2024-10-12T11:24:28.711+0800][info] GC(462) Pause Young (Prepare Mixed) (G1 Evacuation Pause) 98M->98M(128M) 1.623ms
[2024-10-12T11:24:28.711+0800][info] GC(462) User=0.00s Sys=0.00s Real=0.00s
[2024-10-12T11:24:28.814+0800][info] GC(463) Pause Young (Mixed) (G1 Preventive Collection)
[2024-10-12T11:24:28.814+0800][info] GC(463) Using 3 workers of 48 for evacuation
[2024-10-12T11:24:28.816+0800][info] GC(463)   Pre Evacuate Collection Set: 0.2ms
[2024-10-12T11:24:28.816+0800][info] GC(463)   Merge Heap Roots: 0.0ms
[2024-10-12T11:24:28.816+0800][info] GC(463)   Evacuate Collection Set: 1.3ms
[2024-10-12T11:24:28.816+0800][info] GC(463)   Post Evacuate Collection Set: 0.2ms
[2024-10-12T11:24:28.816+0800][info] GC(463)   Other: 0.2ms
[2024-10-12T11:24:28.816+0800][info] GC(463) Eden regions: 2->0(2)
[2024-10-12T11:24:28.816+0800][info] GC(463) Survivor regions: 1->1(1)
[2024-10-12T11:24:28.816+0800][info] GC(463) Old regions: 51->50
[2024-10-12T11:24:28.816+0800][info] GC(463) Archive regions: 2->2
[2024-10-12T11:24:28.816+0800][info] GC(463) Humongous regions: 3->3
[2024-10-12T11:24:28.816+0800][info] GC(463) Metaspace: 1675K(1856K)->1675K(1856K) NonClass: 1551K(1664K)->1551K(1664K) Class: 124K(192K)->124K(192K)
[2024-10-12T11:24:28.816+0800][info] GC(463) Pause Young (Mixed) (G1 Preventive Collection) 102M->99M(128M) 2.008ms
[2024-10-12T11:24:28.816+0800][info] GC(463) User=0.01s Sys=0.00s Real=0.00s
[2024-10-12T11:24:28.918+0800][info] GC(464) Pause Young (Mixed) (G1 Preventive Collection)
[2024-10-12T11:24:28.918+0800][info] GC(464) Using 3 workers of 48 for evacuation
[2024-10-12T11:24:28.920+0800][info] GC(464)   Pre Evacuate Collection Set: 0.2ms
[2024-10-12T11:24:28.920+0800][info] GC(464)   Merge Heap Roots: 0.1ms
[2024-10-12T11:24:28.920+0800][info] GC(464)   Evacuate Collection Set: 1.5ms
[2024-10-12T11:24:28.920+0800][info] GC(464)   Post Evacuate Collection Set: 0.2ms
[2024-10-12T11:24:28.920+0800][info] GC(464)   Other: 0.1ms
[2024-10-12T11:24:28.920+0800][info] GC(464) Eden regions: 2->0(2)
[2024-10-12T11:24:28.920+0800][info] GC(464) Survivor regions: 1->1(1)
[2024-10-12T11:24:28.920+0800][info] GC(464) Old regions: 50->50
[2024-10-12T11:24:28.920+0800][info] GC(464) Archive regions: 2->2
[2024-10-12T11:24:28.920+0800][info] GC(464) Humongous regions: 3->3
[2024-10-12T11:24:28.920+0800][info] GC(464) Metaspace: 1675K(1856K)->1675K(1856K) NonClass: 1551K(1664K)->1551K(1664K) Class: 124K(192K)->124K(192K)
[2024-10-12T11:24:28.920+0800][info] GC(464) Pause Young (Mixed) (G1 Preventive Collection) 103M->99M(128M) 2.176ms
[2024-10-12T11:24:28.920+0800][info] GC(464) User=0.00s Sys=0.00s Real=0.00s
[2024-10-12T11:24:29.022+0800][info] GC(465) Pause Young (Mixed) (G1 Preventive Collection)
[2024-10-12T11:24:29.022+0800][info] GC(465) Using 3 workers of 48 for evacuation
[2024-10-12T11:24:29.024+0800][info] GC(465)   Pre Evacuate Collection Set: 0.2ms
[2024-10-12T11:24:29.024+0800][info] GC(465)   Merge Heap Roots: 0.1ms
[2024-10-12T11:24:29.024+0800][info] GC(465)   Evacuate Collection Set: 1.5ms
[2024-10-12T11:24:29.024+0800][info] GC(465)   Post Evacuate Collection Set: 0.2ms
[2024-10-12T11:24:29.024+0800][info] GC(465)   Other: 0.1ms
[2024-10-12T11:24:29.024+0800][info] GC(465) Eden regions: 2->0(2)
[2024-10-12T11:24:29.025+0800][info] GC(465) Survivor regions: 1->1(1)
[2024-10-12T11:24:29.025+0800][info] GC(465) Old regions: 50->49
[2024-10-12T11:24:29.025+0800][info] GC(465) Archive regions: 2->2
[2024-10-12T11:24:29.025+0800][info] GC(465) Humongous regions: 3->3
[2024-10-12T11:24:29.025+0800][info] GC(465) Metaspace: 1675K(1856K)->1675K(1856K) NonClass: 1551K(1664K)->1551K(1664K) Class: 124K(192K)->124K(192K)
[2024-10-12T11:24:29.025+0800][info] GC(465) Pause Young (Mixed) (G1 Preventive Collection) 103M->99M(128M) 2.121ms
[2024-10-12T11:24:29.025+0800][info] GC(465) User=0.01s Sys=0.00s Real=0.00s
[2024-10-12T11:24:29.127+0800][info] GC(466) Pause Young (Mixed) (G1 Preventive Collection)
[2024-10-12T11:24:29.127+0800][info] GC(466) Using 3 workers of 48 for evacuation
[2024-10-12T11:24:29.129+0800][info] GC(466)   Pre Evacuate Collection Set: 0.2ms
[2024-10-12T11:24:29.129+0800][info] GC(466)   Merge Heap Roots: 0.1ms
[2024-10-12T11:24:29.129+0800][info] GC(466)   Evacuate Collection Set: 1.7ms
[2024-10-12T11:24:29.129+0800][info] GC(466)   Post Evacuate Collection Set: 0.2ms
[2024-10-12T11:24:29.129+0800][info] GC(466)   Other: 0.1ms
[2024-10-12T11:24:29.129+0800][info] GC(466) Eden regions: 2->0(2)
[2024-10-12T11:24:29.129+0800][info] GC(466) Survivor regions: 1->1(1)
[2024-10-12T11:24:29.129+0800][info] GC(466) Old regions: 49->49
[2024-10-12T11:24:29.129+0800][info] GC(466) Archive regions: 2->2
[2024-10-12T11:24:29.129+0800][info] GC(466) Humongous regions: 3->3
[2024-10-12T11:24:29.129+0800][info] GC(466) Metaspace: 1675K(1856K)->1675K(1856K) NonClass: 1551K(1664K)->1551K(1664K) Class: 124K(192K)->124K(192K)
[2024-10-12T11:24:29.129+0800][info] GC(466) Pause Young (Mixed) (G1 Preventive Collection) 103M->101M(128M) 2.352ms
[2024-10-12T11:24:29.129+0800][info] GC(466) User=0.01s Sys=0.01s Real=0.00s
[2024-10-12T11:24:29.231+0800][info] GC(467) Pause Young (Mixed) (G1 Preventive Collection)
[2024-10-12T11:24:29.231+0800][info] GC(467) Using 3 workers of 48 for evacuation
[2024-10-12T11:24:29.234+0800][info] GC(467)   Pre Evacuate Collection Set: 0.2ms
[2024-10-12T11:24:29.234+0800][info] GC(467)   Merge Heap Roots: 0.1ms
[2024-10-12T11:24:29.234+0800][info] GC(467)   Evacuate Collection Set: 1.7ms
[2024-10-12T11:24:29.234+0800][info] GC(467)   Post Evacuate Collection Set: 0.2ms
[2024-10-12T11:24:29.234+0800][info] GC(467)   Other: 0.1ms
[2024-10-12T11:24:29.234+0800][info] GC(467) Eden regions: 2->0(2)
[2024-10-12T11:24:29.234+0800][info] GC(467) Survivor regions: 1->1(1)
[2024-10-12T11:24:29.234+0800][info] GC(467) Old regions: 49->49
[2024-10-12T11:24:29.234+0800][info] GC(467) Archive regions: 2->2
[2024-10-12T11:24:29.234+0800][info] GC(467) Humongous regions: 3->3
[2024-10-12T11:24:29.234+0800][info] GC(467) Metaspace: 1675K(1856K)->1675K(1856K) NonClass: 1551K(1664K)->1551K(1664K) Class: 124K(192K)->124K(192K)
[2024-10-12T11:24:29.234+0800][info] GC(467) Pause Young (Mixed) (G1 Preventive Collection) 104M->102M(128M) 2.330ms
[2024-10-12T11:24:29.234+0800][info] GC(467) User=0.00s Sys=0.00s Real=0.01s
[2024-10-12T11:24:29.336+0800][info] GC(468) Pause Young (Mixed) (G1 Preventive Collection)
[2024-10-12T11:24:29.336+0800][info] GC(468) Using 3 workers of 48 for evacuation
[2024-10-12T11:24:29.339+0800][info] GC(468)   Pre Evacuate Collection Set: 0.2ms
[2024-10-12T11:24:29.339+0800][info] GC(468)   Merge Heap Roots: 0.1ms
[2024-10-12T11:24:29.339+0800][info] GC(468)   Evacuate Collection Set: 2.3ms
[2024-10-12T11:24:29.339+0800][info] GC(468)   Post Evacuate Collection Set: 0.2ms
[2024-10-12T11:24:29.339+0800][info] GC(468)   Other: 0.1ms
[2024-10-12T11:24:29.339+0800][info] GC(468) Eden regions: 2->0(2)
[2024-10-12T11:24:29.339+0800][info] GC(468) Survivor regions: 1->1(1)
[2024-10-12T11:24:29.339+0800][info] GC(468) Old regions: 49->48
[2024-10-12T11:24:29.339+0800][info] GC(468) Archive regions: 2->2
[2024-10-12T11:24:29.339+0800][info] GC(468) Humongous regions: 3->3
[2024-10-12T11:24:29.339+0800][info] GC(468) Metaspace: 1675K(1856K)->1675K(1856K) NonClass: 1551K(1664K)->1551K(1664K) Class: 124K(192K)->124K(192K)
[2024-10-12T11:24:29.339+0800][info] GC(468) Pause Young (Mixed) (G1 Preventive Collection) 106M->102M(128M) 2.981ms
[2024-10-12T11:24:29.339+0800][info] GC(468) User=0.00s Sys=0.00s Real=0.00s
[2024-10-12T11:24:29.400+0800][info] GC(469) Pause Young (Mixed) (G1 Preventive Collection)
[2024-10-12T11:24:29.400+0800][info] GC(469) Using 3 workers of 48 for evacuation
[2024-10-12T11:24:29.403+0800][info] GC(469)   Pre Evacuate Collection Set: 0.1ms
[2024-10-12T11:24:29.403+0800][info] GC(469)   Merge Heap Roots: 0.1ms
[2024-10-12T11:24:29.403+0800][info] GC(469)   Evacuate Collection Set: 2.0ms
[2024-10-12T11:24:29.403+0800][info] GC(469)   Post Evacuate Collection Set: 0.2ms
[2024-10-12T11:24:29.403+0800][info] GC(469)   Other: 0.1ms
[2024-10-12T11:24:29.403+0800][info] GC(469) Eden regions: 2->0(2)
[2024-10-12T11:24:29.403+0800][info] GC(469) Survivor regions: 1->1(1)
[2024-10-12T11:24:29.403+0800][info] GC(469) Old regions: 48->48
[2024-10-12T11:24:29.403+0800][info] GC(469) Archive regions: 2->2
[2024-10-12T11:24:29.403+0800][info] GC(469) Humongous regions: 3->3
[2024-10-12T11:24:29.403+0800][info] GC(469) Metaspace: 1675K(1856K)->1675K(1856K) NonClass: 1551K(1664K)->1551K(1664K) Class: 124K(192K)->124K(192K)
[2024-10-12T11:24:29.403+0800][info] GC(469) Pause Young (Mixed) (G1 Preventive Collection) 104M->103M(128M) 2.697ms
[2024-10-12T11:24:29.403+0800][info] GC(469) User=0.01s Sys=0.00s Real=0.00s
[2024-10-12T11:24:29.526+0800][info] GC(470) Pause Young (Mixed) (G1 Preventive Collection)
[2024-10-12T11:24:29.526+0800][info] GC(470) Using 3 workers of 48 for evacuation
[2024-10-12T11:24:29.529+0800][info] GC(470)   Pre Evacuate Collection Set: 0.2ms
[2024-10-12T11:24:29.529+0800][info] GC(470)   Merge Heap Roots: 0.1ms
[2024-10-12T11:24:29.529+0800][info] GC(470)   Evacuate Collection Set: 2.4ms
[2024-10-12T11:24:29.529+0800][info] GC(470)   Post Evacuate Collection Set: 0.3ms
[2024-10-12T11:24:29.529+0800][info] GC(470)   Other: 0.1ms
[2024-10-12T11:24:29.529+0800][info] GC(470) Eden regions: 2->0(2)
[2024-10-12T11:24:29.529+0800][info] GC(470) Survivor regions: 1->1(1)
[2024-10-12T11:24:29.529+0800][info] GC(470) Old regions: 48->49
[2024-10-12T11:24:29.529+0800][info] GC(470) Archive regions: 2->2
[2024-10-12T11:24:29.529+0800][info] GC(470) Humongous regions: 4->3
[2024-10-12T11:24:29.529+0800][info] GC(470) Metaspace: 1675K(1856K)->1675K(1856K) NonClass: 1551K(1664K)->1551K(1664K) Class: 124K(192K)->124K(192K)
[2024-10-12T11:24:29.529+0800][info] GC(470) Pause Young (Mixed) (G1 Preventive Collection) 108M->105M(128M) 3.139ms
[2024-10-12T11:24:29.529+0800][info] GC(470) User=0.01s Sys=0.00s Real=0.00s
[2024-10-12T11:24:29.632+0800][info] GC(471) Pause Young (Normal) (G1 Evacuation Pause)
[2024-10-12T11:24:29.632+0800][info] GC(471) Using 3 workers of 48 for evacuation
[2024-10-12T11:24:29.633+0800][info] GC(471)   Pre Evacuate Collection Set: 0.1ms
[2024-10-12T11:24:29.633+0800][info] GC(471)   Merge Heap Roots: 0.0ms
[2024-10-12T11:24:29.633+0800][info] GC(471)   Evacuate Collection Set: 0.7ms
[2024-10-12T11:24:29.633+0800][info] GC(471)   Post Evacuate Collection Set: 0.2ms
[2024-10-12T11:24:29.633+0800][info] GC(471)   Other: 0.2ms
[2024-10-12T11:24:29.633+0800][info] GC(471) Eden regions: 2->0(2)
[2024-10-12T11:24:29.633+0800][info] GC(471) Survivor regions: 1->1(1)
[2024-10-12T11:24:29.633+0800][info] GC(471) Old regions: 49->51
[2024-10-12T11:24:29.633+0800][info] GC(471) Archive regions: 2->2
[2024-10-12T11:24:29.633+0800][info] GC(471) Humongous regions: 3->3
[2024-10-12T11:24:29.633+0800][info] GC(471) Metaspace: 1675K(1856K)->1675K(1856K) NonClass: 1551K(1664K)->1551K(1664K) Class: 124K(192K)->124K(192K)
[2024-10-12T11:24:29.633+0800][info] GC(471) Pause Young (Normal) (G1 Evacuation Pause) 109M->109M(128M) 1.357ms
[2024-10-12T11:24:29.633+0800][info] GC(471) User=0.00s Sys=0.00s Real=0.00s
[2024-10-12T11:24:29.735+0800][info] GC(472) Pause Young (Concurrent Start) (G1 Evacuation Pause)
[2024-10-12T11:24:29.735+0800][info] GC(472) Using 3 workers of 48 for evacuation
[2024-10-12T11:24:29.737+0800][info] GC(472)   Pre Evacuate Collection Set: 0.1ms
[2024-10-12T11:24:29.737+0800][info] GC(472)   Merge Heap Roots: 0.0ms
[2024-10-12T11:24:29.737+0800][info] GC(472)   Evacuate Collection Set: 0.8ms
[2024-10-12T11:24:29.737+0800][info] GC(472)   Post Evacuate Collection Set: 0.2ms
[2024-10-12T11:24:29.737+0800][info] GC(472)   Other: 0.4ms
[2024-10-12T11:24:29.737+0800][info] GC(472) Eden regions: 2->0(2)
[2024-10-12T11:24:29.737+0800][info] GC(472) Survivor regions: 1->1(1)
[2024-10-12T11:24:29.737+0800][info] GC(472) Old regions: 51->53
[2024-10-12T11:24:29.737+0800][info] GC(472) Archive regions: 2->2
[2024-10-12T11:24:29.737+0800][info] GC(472) Humongous regions: 3->3
[2024-10-12T11:24:29.737+0800][info] GC(472) Metaspace: 1675K(1856K)->1675K(1856K) NonClass: 1551K(1664K)->1551K(1664K) Class: 124K(192K)->124K(192K)
[2024-10-12T11:24:29.737+0800][info] GC(472) Pause Young (Concurrent Start) (G1 Evacuation Pause) 113M->113M(128M) 1.590ms
[2024-10-12T11:24:29.737+0800][info] GC(472) User=0.00s Sys=0.00s Real=0.00s
[2024-10-12T11:24:29.737+0800][info] GC(473) Concurrent Mark Cycle
[2024-10-12T11:24:29.737+0800][info] GC(473) Concurrent Clear Claimed Marks
[2024-10-12T11:24:29.737+0800][info] GC(473) Concurrent Clear Claimed Marks 0.017ms
[2024-10-12T11:24:29.737+0800][info] GC(473) Concurrent Scan Root Regions
[2024-10-12T11:24:29.737+0800][info] GC(473) Concurrent Scan Root Regions 0.160ms
[2024-10-12T11:24:29.737+0800][info] GC(473) Concurrent Mark
[2024-10-12T11:24:29.737+0800][info] GC(473) Concurrent Mark From Roots
[2024-10-12T11:24:29.737+0800][info] GC(473) Using 12 workers of 12 for marking
[2024-10-12T11:24:29.741+0800][info] GC(473) Concurrent Mark From Roots 3.417ms
[2024-10-12T11:24:29.741+0800][info] GC(473) Concurrent Preclean
[2024-10-12T11:24:29.742+0800][info] GC(473) Concurrent Preclean 1.695ms
[2024-10-12T11:24:29.742+0800][info] GC(473) Pause Remark
[2024-10-12T11:24:29.744+0800][info] GC(473) Pause Remark 113M->113M(128M) 1.622ms
[2024-10-12T11:24:29.744+0800][info] GC(473) User=0.00s Sys=0.00s Real=0.00s
[2024-10-12T11:24:29.744+0800][info] GC(473) Concurrent Mark 7.084ms
[2024-10-12T11:24:29.744+0800][info] GC(473) Concurrent Rebuild Remembered Sets
[2024-10-12T11:24:29.745+0800][info] GC(473) Concurrent Rebuild Remembered Sets 1.264ms
[2024-10-12T11:24:29.746+0800][info] GC(473) Pause Cleanup
[2024-10-12T11:24:29.746+0800][info] GC(473) Pause Cleanup 113M->113M(128M) 0.249ms
[2024-10-12T11:24:29.746+0800][info] GC(473) User=0.00s Sys=0.00s Real=0.00s
[2024-10-12T11:24:29.746+0800][info] GC(473) Concurrent Cleanup for Next Mark
[2024-10-12T11:24:29.746+0800][info] GC(473) Concurrent Cleanup for Next Mark 0.338ms
[2024-10-12T11:24:29.746+0800][info] GC(473) Concurrent Mark Cycle 9.486ms
[2024-10-12T11:24:29.890+0800][info] GC(474) Pause Young (Prepare Mixed) (G1 Preventive Collection)
[2024-10-12T11:24:29.890+0800][info] GC(474) Using 3 workers of 48 for evacuation
[2024-10-12T11:24:29.891+0800][info] GC(474)   Pre Evacuate Collection Set: 0.1ms
[2024-10-12T11:24:29.891+0800][info] GC(474)   Merge Heap Roots: 0.1ms
[2024-10-12T11:24:29.891+0800][info] GC(474)   Evacuate Collection Set: 0.8ms
[2024-10-12T11:24:29.891+0800][info] GC(474)   Post Evacuate Collection Set: 0.2ms
[2024-10-12T11:24:29.892+0800][info] GC(474)   Other: 0.2ms
[2024-10-12T11:24:29.892+0800][info] GC(474) Eden regions: 2->0(2)
[2024-10-12T11:24:29.892+0800][info] GC(474) Survivor regions: 1->1(1)
[2024-10-12T11:24:29.892+0800][info] GC(474) Old regions: 53->55
[2024-10-12T11:24:29.892+0800][info] GC(474) Archive regions: 2->2
[2024-10-12T11:24:29.892+0800][info] GC(474) Humongous regions: 3->3
[2024-10-12T11:24:29.892+0800][info] GC(474) Metaspace: 1675K(1856K)->1675K(1856K) NonClass: 1551K(1664K)->1551K(1664K) Class: 124K(192K)->124K(192K)
[2024-10-12T11:24:29.892+0800][info] GC(474) Pause Young (Prepare Mixed) (G1 Preventive Collection) 116M->117M(128M) 1.459ms
[2024-10-12T11:24:29.892+0800][info] GC(474) User=0.00s Sys=0.00s Real=0.00s
[2024-10-12T11:24:29.953+0800][info] GC(475) Pause Young (Mixed) (G1 Preventive Collection)
[2024-10-12T11:24:29.953+0800][info] GC(475) Using 3 workers of 48 for evacuation
[2024-10-12T11:24:29.954+0800][info] GC(475) To-space exhausted
[2024-10-12T11:24:29.954+0800][info] GC(475)   Pre Evacuate Collection Set: 0.2ms
[2024-10-12T11:24:29.954+0800][info] GC(475)   Merge Heap Roots: 0.0ms
[2024-10-12T11:24:29.954+0800][info] GC(475)   Evacuate Collection Set: 0.9ms
[2024-10-12T11:24:29.954+0800][info] GC(475)   Post Evacuate Collection Set: 0.2ms
[2024-10-12T11:24:29.954+0800][info] GC(475)   Other: 0.2ms
[2024-10-12T11:24:29.954+0800][info] GC(475) Eden regions: 1->0(2)
[2024-10-12T11:24:29.954+0800][info] GC(475) Survivor regions: 1->1(1)
[2024-10-12T11:24:29.955+0800][info] GC(475) Old regions: 55->53
[2024-10-12T11:24:29.955+0800][info] GC(475) Archive regions: 2->2
[2024-10-12T11:24:29.955+0800][info] GC(475) Humongous regions: 3->3
[2024-10-12T11:24:29.955+0800][info] GC(475) Metaspace: 1675K(1856K)->1675K(1856K) NonClass: 1551K(1664K)->1551K(1664K) Class: 124K(192K)->124K(192K)
[2024-10-12T11:24:29.955+0800][info] GC(475) Pause Young (Mixed) (G1 Preventive Collection) 119M->115M(128M) 1.670ms
[2024-10-12T11:24:29.955+0800][info] GC(475) User=0.00s Sys=0.00s Real=0.01s
[2024-10-12T11:24:29.996+0800][info] GC(476) Pause Young (Mixed) (G1 Preventive Collection)
[2024-10-12T11:24:29.996+0800][info] GC(476) Using 3 workers of 48 for evacuation
[2024-10-12T11:24:29.997+0800][info] GC(476) To-space exhausted
[2024-10-12T11:24:29.997+0800][info] GC(476)   Pre Evacuate Collection Set: 0.2ms
[2024-10-12T11:24:29.997+0800][info] GC(476)   Merge Heap Roots: 0.1ms
[2024-10-12T11:24:29.998+0800][info] GC(476)   Evacuate Collection Set: 1.2ms
[2024-10-12T11:24:29.998+0800][info] GC(476)   Post Evacuate Collection Set: 0.2ms
[2024-10-12T11:24:29.998+0800][info] GC(476)   Other: 0.2ms
[2024-10-12T11:24:29.998+0800][info] GC(476) Eden regions: 1->0(2)
[2024-10-12T11:24:29.998+0800][info] GC(476) Survivor regions: 1->1(1)
[2024-10-12T11:24:29.998+0800][info] GC(476) Old regions: 53->54
[2024-10-12T11:24:29.998+0800][info] GC(476) Archive regions: 2->2
[2024-10-12T11:24:29.998+0800][info] GC(476) Humongous regions: 3->3
[2024-10-12T11:24:29.998+0800][info] GC(476) Metaspace: 1675K(1856K)->1675K(1856K) NonClass: 1551K(1664K)->1551K(1664K) Class: 124K(192K)->124K(192K)
[2024-10-12T11:24:29.998+0800][info] GC(476) Pause Young (Mixed) (G1 Preventive Collection) 116M->117M(128M) 1.958ms
[2024-10-12T11:24:29.998+0800][info] GC(476) User=0.00s Sys=0.00s Real=0.00s
[2024-10-12T11:24:30.059+0800][info] GC(477) Pause Young (Mixed) (G1 Preventive Collection)
[2024-10-12T11:24:30.059+0800][info] GC(477) Using 3 workers of 48 for evacuation
[2024-10-12T11:24:30.061+0800][info] GC(477) To-space exhausted
[2024-10-12T11:24:30.061+0800][info] GC(477)   Pre Evacuate Collection Set: 0.2ms
[2024-10-12T11:24:30.061+0800][info] GC(477)   Merge Heap Roots: 0.1ms
[2024-10-12T11:24:30.061+0800][info] GC(477)   Evacuate Collection Set: 1.0ms
[2024-10-12T11:24:30.061+0800][info] GC(477)   Post Evacuate Collection Set: 0.3ms
[2024-10-12T11:24:30.061+0800][info] GC(477)   Other: 0.1ms
[2024-10-12T11:24:30.061+0800][info] GC(477) Eden regions: 1->0(2)
[2024-10-12T11:24:30.061+0800][info] GC(477) Survivor regions: 1->1(1)
[2024-10-12T11:24:30.061+0800][info] GC(477) Old regions: 54->57
[2024-10-12T11:24:30.061+0800][info] GC(477) Archive regions: 2->2
[2024-10-12T11:24:30.061+0800][info] GC(477) Humongous regions: 3->3
[2024-10-12T11:24:30.061+0800][info] GC(477) Metaspace: 1675K(1856K)->1675K(1856K) NonClass: 1551K(1664K)->1551K(1664K) Class: 124K(192K)->124K(192K)
[2024-10-12T11:24:30.061+0800][info] GC(477) Pause Young (Mixed) (G1 Preventive Collection) 118M->122M(128M) 1.775ms
[2024-10-12T11:24:30.061+0800][info] GC(477) User=0.00s Sys=0.00s Real=0.00s
[2024-10-12T11:24:30.102+0800][info] GC(478) Pause Young (Mixed) (G1 Evacuation Pause)
[2024-10-12T11:24:30.102+0800][info] GC(478) Using 3 workers of 48 for evacuation
[2024-10-12T11:24:30.104+0800][info] GC(478) To-space exhausted
[2024-10-12T11:24:30.104+0800][info] GC(478)   Pre Evacuate Collection Set: 0.2ms
[2024-10-12T11:24:30.104+0800][info] GC(478)   Merge Heap Roots: 0.1ms
[2024-10-12T11:24:30.104+0800][info] GC(478)   Evacuate Collection Set: 0.8ms
[2024-10-12T11:24:30.104+0800][info] GC(478)   Post Evacuate Collection Set: 0.8ms
[2024-10-12T11:24:30.104+0800][info] GC(478)   Other: 0.1ms
[2024-10-12T11:24:30.104+0800][info] GC(478) Eden regions: 1->0(3)
[2024-10-12T11:24:30.104+0800][info] GC(478) Survivor regions: 1->0(0)
[2024-10-12T11:24:30.104+0800][info] GC(478) Old regions: 57->59
[2024-10-12T11:24:30.104+0800][info] GC(478) Archive regions: 2->2
[2024-10-12T11:24:30.104+0800][info] GC(478) Humongous regions: 3->3
[2024-10-12T11:24:30.104+0800][info] GC(478) Metaspace: 1675K(1856K)->1675K(1856K) NonClass: 1551K(1664K)->1551K(1664K) Class: 124K(192K)->124K(192K)
[2024-10-12T11:24:30.104+0800][info] GC(478) Pause Young (Mixed) (G1 Evacuation Pause) 124M->124M(128M) 2.048ms
[2024-10-12T11:24:30.104+0800][info] GC(478) User=0.00s Sys=0.00s Real=0.00s
[2024-10-12T11:24:30.104+0800][info] Attempting full compaction
[2024-10-12T11:24:30.104+0800][info] GC(479) Using 3 workers of 48 for full compaction
[2024-10-12T11:24:30.104+0800][info] GC(479) Pause Full (G1 Compaction Pause)
[2024-10-12T11:24:30.104+0800][info] GC(479) Phase 1: Mark live objects
[2024-10-12T11:24:30.108+0800][info] GC(479) Phase 1: Mark live objects 3.198ms
[2024-10-12T11:24:30.108+0800][info] GC(479) Phase 2: Prepare for compaction
[2024-10-12T11:24:30.108+0800][info] GC(479) Phase 2: Prepare for compaction 0.639ms
[2024-10-12T11:24:30.108+0800][info] GC(479) Phase 3: Adjust pointers
[2024-10-12T11:24:30.110+0800][info] GC(479) Phase 3: Adjust pointers 1.672ms
[2024-10-12T11:24:30.110+0800][info] GC(479) Phase 4: Compact heap
[2024-10-12T11:24:30.121+0800][info] GC(479) Phase 4: Compact heap 10.962ms
[2024-10-12T11:24:30.122+0800][info] GC(479) Eden regions: 0->0(4)
[2024-10-12T11:24:30.122+0800][info] GC(479) Survivor regions: 0->0(0)
[2024-10-12T11:24:30.122+0800][info] GC(479) Old regions: 59->38
[2024-10-12T11:24:30.122+0800][info] GC(479) Archive regions: 2->2
[2024-10-12T11:24:30.122+0800][info] GC(479) Humongous regions: 3->3
[2024-10-12T11:24:30.122+0800][info] GC(479) Metaspace: 1675K(1856K)->1675K(1856K) NonClass: 1551K(1664K)->1551K(1664K) Class: 124K(192K)->124K(192K)
[2024-10-12T11:24:30.123+0800][info] GC(479) Pause Full (G1 Compaction Pause) 124M->71M(128M) 18.195ms
[2024-10-12T11:24:30.123+0800][info] GC(479) User=0.03s Sys=0.01s Real=0.02s
[2024-10-12T11:24:30.348+0800][info] GC(480) Pause Young (Normal) (G1 Evacuation Pause)
[2024-10-12T11:24:30.348+0800][info] GC(480) Using 3 workers of 48 for evacuation
[2024-10-12T11:24:30.350+0800][info] GC(480)   Pre Evacuate Collection Set: 0.1ms
[2024-10-12T11:24:30.350+0800][info] GC(480)   Merge Heap Roots: 0.0ms
[2024-10-12T11:24:30.350+0800][info] GC(480)   Evacuate Collection Set: 1.2ms
[2024-10-12T11:24:30.350+0800][info] GC(480)   Post Evacuate Collection Set: 0.2ms
[2024-10-12T11:24:30.350+0800][info] GC(480)   Other: 0.2ms
[2024-10-12T11:24:30.350+0800][info] GC(480) Eden regions: 4->0(2)
[2024-10-12T11:24:30.350+0800][info] GC(480) Survivor regions: 0->1(1)
[2024-10-12T11:24:30.350+0800][info] GC(480) Old regions: 38->42
[2024-10-12T11:24:30.350+0800][info] GC(480) Archive regions: 2->2
[2024-10-12T11:24:30.350+0800][info] GC(480) Humongous regions: 3->3
[2024-10-12T11:24:30.350+0800][info] GC(480) Metaspace: 1675K(1856K)->1675K(1856K) NonClass: 1551K(1664K)->1551K(1664K) Class: 124K(192K)->124K(192K)
[2024-10-12T11:24:30.350+0800][info] GC(480) Pause Young (Normal) (G1 Evacuation Pause) 79M->80M(128M) 1.928ms
[2024-10-12T11:24:30.350+0800][info] GC(480) User=0.00s Sys=0.00s Real=0.00s
[2024-10-12T11:24:30.452+0800][info] GC(481) Pause Young (Normal) (G1 Evacuation Pause)
[2024-10-12T11:24:30.452+0800][info] GC(481) Using 3 workers of 48 for evacuation
[2024-10-12T11:24:30.453+0800][info] GC(481)   Pre Evacuate Collection Set: 0.1ms
[2024-10-12T11:24:30.453+0800][info] GC(481)   Merge Heap Roots: 0.0ms
[2024-10-12T11:24:30.453+0800][info] GC(481)   Evacuate Collection Set: 0.8ms
[2024-10-12T11:24:30.453+0800][info] GC(481)   Post Evacuate Collection Set: 0.2ms
[2024-10-12T11:24:30.453+0800][info] GC(481)   Other: 0.2ms
[2024-10-12T11:24:30.453+0800][info] GC(481) Eden regions: 2->0(2)
[2024-10-12T11:24:30.453+0800][info] GC(481) Survivor regions: 1->1(1)
[2024-10-12T11:24:30.453+0800][info] GC(481) Old regions: 42->44
[2024-10-12T11:24:30.453+0800][info] GC(481) Archive regions: 2->2
[2024-10-12T11:24:30.453+0800][info] GC(481) Humongous regions: 3->3
[2024-10-12T11:24:30.453+0800][info] GC(481) Metaspace: 1675K(1856K)->1675K(1856K) NonClass: 1551K(1664K)->1551K(1664K) Class: 124K(192K)->124K(192K)
[2024-10-12T11:24:30.453+0800][info] GC(481) Pause Young (Normal) (G1 Evacuation Pause) 83M->84M(128M) 1.520ms
[2024-10-12T11:24:30.453+0800][info] GC(481) User=0.00s Sys=0.00s Real=0.01s
[2024-10-12T11:24:30.556+0800][info] GC(482) Pause Young (Normal) (G1 Evacuation Pause)
[2024-10-12T11:24:30.556+0800][info] GC(482) Using 3 workers of 48 for evacuation
[2024-10-12T11:24:30.557+0800][info] GC(482)   Pre Evacuate Collection Set: 0.1ms
[2024-10-12T11:24:30.557+0800][info] GC(482)   Merge Heap Roots: 0.0ms
[2024-10-12T11:24:30.557+0800][info] GC(482)   Evacuate Collection Set: 0.7ms
[2024-10-12T11:24:30.557+0800][info] GC(482)   Post Evacuate Collection Set: 0.2ms
[2024-10-12T11:24:30.557+0800][info] GC(482)   Other: 0.2ms
[2024-10-12T11:24:30.557+0800][info] GC(482) Eden regions: 2->0(2)
[2024-10-12T11:24:30.557+0800][info] GC(482) Survivor regions: 1->1(1)
[2024-10-12T11:24:30.557+0800][info] GC(482) Old regions: 44->46
[2024-10-12T11:24:30.557+0800][info] GC(482) Archive regions: 2->2
[2024-10-12T11:24:30.557+0800][info] GC(482) Humongous regions: 3->3
[2024-10-12T11:24:30.557+0800][info] GC(482) Metaspace: 1675K(1856K)->1675K(1856K) NonClass: 1551K(1664K)->1551K(1664K) Class: 124K(192K)->124K(192K)
[2024-10-12T11:24:30.557+0800][info] GC(482) Pause Young (Normal) (G1 Evacuation Pause) 88M->88M(128M) 1.293ms
[2024-10-12T11:24:30.557+0800][info] GC(482) User=0.00s Sys=0.00s Real=0.00s
[2024-10-12T11:24:30.659+0800][info] GC(483) Pause Young (Normal) (G1 Evacuation Pause)
[2024-10-12T11:24:30.659+0800][info] GC(483) Using 3 workers of 48 for evacuation
[2024-10-12T11:24:30.660+0800][info] GC(483)   Pre Evacuate Collection Set: 0.1ms
[2024-10-12T11:24:30.660+0800][info] GC(483)   Merge Heap Roots: 0.0ms
[2024-10-12T11:24:30.660+0800][info] GC(483)   Evacuate Collection Set: 0.7ms
[2024-10-12T11:24:30.660+0800][info] GC(483)   Post Evacuate Collection Set: 0.2ms
[2024-10-12T11:24:30.660+0800][info] GC(483)   Other: 0.2ms
[2024-10-12T11:24:30.660+0800][info] GC(483) Eden regions: 2->0(2)
[2024-10-12T11:24:30.660+0800][info] GC(483) Survivor regions: 1->1(1)
[2024-10-12T11:24:30.660+0800][info] GC(483) Old regions: 46->48
[2024-10-12T11:24:30.660+0800][info] GC(483) Archive regions: 2->2
[2024-10-12T11:24:30.660+0800][info] GC(483) Humongous regions: 3->3
[2024-10-12T11:24:30.660+0800][info] GC(483) Metaspace: 1675K(1856K)->1675K(1856K) NonClass: 1551K(1664K)->1551K(1664K) Class: 124K(192K)->124K(192K)
[2024-10-12T11:24:30.660+0800][info] GC(483) Pause Young (Normal) (G1 Evacuation Pause) 92M->92M(128M) 1.404ms
[2024-10-12T11:24:30.660+0800][info] GC(483) User=0.00s Sys=0.00s Real=0.00s
[2024-10-12T11:24:30.763+0800][info] GC(484) Pause Young (Concurrent Start) (G1 Evacuation Pause)
[2024-10-12T11:24:30.763+0800][info] GC(484) Using 3 workers of 48 for evacuation
[2024-10-12T11:24:30.764+0800][info] GC(484)   Pre Evacuate Collection Set: 0.1ms
[2024-10-12T11:24:30.764+0800][info] GC(484)   Merge Heap Roots: 0.0ms
[2024-10-12T11:24:30.764+0800][info] GC(484)   Evacuate Collection Set: 0.9ms
[2024-10-12T11:24:30.764+0800][info] GC(484)   Post Evacuate Collection Set: 0.2ms
[2024-10-12T11:24:30.764+0800][info] GC(484)   Other: 0.3ms
[2024-10-12T11:24:30.764+0800][info] GC(484) Eden regions: 2->0(2)
[2024-10-12T11:24:30.764+0800][info] GC(484) Survivor regions: 1->1(1)
[2024-10-12T11:24:30.764+0800][info] GC(484) Old regions: 48->50
[2024-10-12T11:24:30.764+0800][info] GC(484) Archive regions: 2->2
[2024-10-12T11:24:30.764+0800][info] GC(484) Humongous regions: 3->3
[2024-10-12T11:24:30.764+0800][info] GC(484) Metaspace: 1675K(1856K)->1675K(1856K) NonClass: 1551K(1664K)->1551K(1664K) Class: 124K(192K)->124K(192K)
[2024-10-12T11:24:30.764+0800][info] GC(484) Pause Young (Concurrent Start) (G1 Evacuation Pause) 96M->96M(128M) 1.605ms
[2024-10-12T11:24:30.764+0800][info] GC(484) User=0.00s Sys=0.00s Real=0.00s
[2024-10-12T11:24:30.765+0800][info] GC(485) Concurrent Mark Cycle
[2024-10-12T11:24:30.765+0800][info] GC(485) Concurrent Clear Claimed Marks
[2024-10-12T11:24:30.765+0800][info] GC(485) Concurrent Clear Claimed Marks 0.017ms
[2024-10-12T11:24:30.765+0800][info] GC(485) Concurrent Scan Root Regions
[2024-10-12T11:24:30.765+0800][info] GC(485) Concurrent Scan Root Regions 0.174ms
[2024-10-12T11:24:30.765+0800][info] GC(485) Concurrent Mark
[2024-10-12T11:24:30.765+0800][info] GC(485) Concurrent Mark From Roots
[2024-10-12T11:24:30.765+0800][info] GC(485) Using 12 workers of 12 for marking
[2024-10-12T11:24:30.768+0800][info] GC(485) Concurrent Mark From Roots 3.208ms
[2024-10-12T11:24:30.768+0800][info] GC(485) Concurrent Preclean
[2024-10-12T11:24:30.770+0800][info] GC(485) Concurrent Preclean 1.697ms
[2024-10-12T11:24:30.770+0800][info] GC(485) Pause Remark
[2024-10-12T11:24:30.772+0800][info] GC(485) Pause Remark 96M->96M(128M) 1.605ms
[2024-10-12T11:24:30.772+0800][info] GC(485) User=0.00s Sys=0.00s Real=0.00s
[2024-10-12T11:24:30.772+0800][info] GC(485) Concurrent Mark 6.869ms
[2024-10-12T11:24:30.772+0800][info] GC(485) Concurrent Rebuild Remembered Sets
[2024-10-12T11:24:30.773+0800][info] GC(485) Concurrent Rebuild Remembered Sets 1.299ms
[2024-10-12T11:24:30.773+0800][info] GC(485) Pause Cleanup
[2024-10-12T11:24:30.773+0800][info] GC(485) Pause Cleanup 96M->96M(128M) 0.208ms
[2024-10-12T11:24:30.773+0800][info] GC(485) User=0.00s Sys=0.00s Real=0.00s
[2024-10-12T11:24:30.773+0800][info] GC(485) Concurrent Cleanup for Next Mark
[2024-10-12T11:24:30.774+0800][info] GC(485) Concurrent Cleanup for Next Mark 0.306ms
[2024-10-12T11:24:30.774+0800][info] GC(485) Concurrent Mark Cycle 9.246ms
[2024-10-12T11:24:30.917+0800][info] GC(486) Pause Young (Prepare Mixed) (G1 Evacuation Pause)
[2024-10-12T11:24:30.917+0800][info] GC(486) Using 3 workers of 48 for evacuation
[2024-10-12T11:24:30.919+0800][info] GC(486)   Pre Evacuate Collection Set: 0.1ms
[2024-10-12T11:24:30.919+0800][info] GC(486)   Merge Heap Roots: 0.0ms
[2024-10-12T11:24:30.919+0800][info] GC(486)   Evacuate Collection Set: 0.8ms
[2024-10-12T11:24:30.919+0800][info] GC(486)   Post Evacuate Collection Set: 0.2ms
[2024-10-12T11:24:30.919+0800][info] GC(486)   Other: 0.2ms
[2024-10-12T11:24:30.919+0800][info] GC(486) Eden regions: 2->0(2)
[2024-10-12T11:24:30.919+0800][info] GC(486) Survivor regions: 1->1(1)
[2024-10-12T11:24:30.919+0800][info] GC(486) Old regions: 50->52
[2024-10-12T11:24:30.919+0800][info] GC(486) Archive regions: 2->2
[2024-10-12T11:24:30.919+0800][info] GC(486) Humongous regions: 3->3
[2024-10-12T11:24:30.919+0800][info] GC(486) Metaspace: 1675K(1856K)->1675K(1856K) NonClass: 1551K(1664K)->1551K(1664K) Class: 124K(192K)->124K(192K)
[2024-10-12T11:24:30.919+0800][info] GC(486) Pause Young (Prepare Mixed) (G1 Evacuation Pause) 99M->100M(128M) 1.448ms
[2024-10-12T11:24:30.919+0800][info] GC(486) User=0.01s Sys=0.00s Real=0.00s
[2024-10-12T11:24:30.980+0800][info] GC(487) Pause Young (Mixed) (G1 Preventive Collection)
[2024-10-12T11:24:30.980+0800][info] GC(487) Using 3 workers of 48 for evacuation
[2024-10-12T11:24:30.982+0800][info] GC(487)   Pre Evacuate Collection Set: 0.2ms
[2024-10-12T11:24:30.982+0800][info] GC(487)   Merge Heap Roots: 0.1ms
[2024-10-12T11:24:30.982+0800][info] GC(487)   Evacuate Collection Set: 1.3ms
[2024-10-12T11:24:30.982+0800][info] GC(487)   Post Evacuate Collection Set: 0.2ms
[2024-10-12T11:24:30.982+0800][info] GC(487)   Other: 0.2ms
[2024-10-12T11:24:30.982+0800][info] GC(487) Eden regions: 1->0(2)
[2024-10-12T11:24:30.982+0800][info] GC(487) Survivor regions: 1->1(1)
[2024-10-12T11:24:30.982+0800][info] GC(487) Old regions: 52->49
[2024-10-12T11:24:30.982+0800][info] GC(487) Archive regions: 2->2
[2024-10-12T11:24:30.982+0800][info] GC(487) Humongous regions: 3->3
[2024-10-12T11:24:30.982+0800][info] GC(487) Metaspace: 1675K(1856K)->1675K(1856K) NonClass: 1551K(1664K)->1551K(1664K) Class: 124K(192K)->124K(192K)
[2024-10-12T11:24:30.982+0800][info] GC(487) Pause Young (Mixed) (G1 Preventive Collection) 101M->98M(128M) 2.016ms
[2024-10-12T11:24:30.982+0800][info] GC(487) User=0.00s Sys=0.00s Real=0.00s
[2024-10-12T11:24:31.085+0800][info] GC(488) Pause Young (Mixed) (G1 Preventive Collection)
[2024-10-12T11:24:31.085+0800][info] GC(488) Using 3 workers of 48 for evacuation
[2024-10-12T11:24:31.087+0800][info] GC(488)   Pre Evacuate Collection Set: 0.2ms
[2024-10-12T11:24:31.087+0800][info] GC(488)   Merge Heap Roots: 0.1ms
[2024-10-12T11:24:31.087+0800][info] GC(488)   Evacuate Collection Set: 1.8ms
[2024-10-12T11:24:31.087+0800][info] GC(488)   Post Evacuate Collection Set: 0.2ms
[2024-10-12T11:24:31.087+0800][info] GC(488)   Other: 0.1ms
[2024-10-12T11:24:31.087+0800][info] GC(488) Eden regions: 2->0(2)
[2024-10-12T11:24:31.087+0800][info] GC(488) Survivor regions: 1->1(1)
[2024-10-12T11:24:31.087+0800][info] GC(488) Old regions: 49->47
[2024-10-12T11:24:31.087+0800][info] GC(488) Archive regions: 2->2
[2024-10-12T11:24:31.087+0800][info] GC(488) Humongous regions: 3->3
[2024-10-12T11:24:31.087+0800][info] GC(488) Metaspace: 1675K(1856K)->1675K(1856K) NonClass: 1551K(1664K)->1551K(1664K) Class: 124K(192K)->124K(192K)
[2024-10-12T11:24:31.087+0800][info] GC(488) Pause Young (Mixed) (G1 Preventive Collection) 101M->96M(128M) 2.514ms
[2024-10-12T11:24:31.087+0800][info] GC(488) User=0.01s Sys=0.00s Real=0.01s
[2024-10-12T11:24:31.189+0800][info] GC(489) Pause Young (Mixed) (G1 Evacuation Pause)
[2024-10-12T11:24:31.189+0800][info] GC(489) Using 3 workers of 48 for evacuation
[2024-10-12T11:24:31.192+0800][info] GC(489)   Pre Evacuate Collection Set: 0.2ms
[2024-10-12T11:24:31.192+0800][info] GC(489)   Merge Heap Roots: 0.1ms
[2024-10-12T11:24:31.192+0800][info] GC(489)   Evacuate Collection Set: 1.7ms
[2024-10-12T11:24:31.192+0800][info] GC(489)   Post Evacuate Collection Set: 0.2ms
[2024-10-12T11:24:31.192+0800][info] GC(489)   Other: 0.1ms
[2024-10-12T11:24:31.192+0800][info] GC(489) Eden regions: 2->0(2)
[2024-10-12T11:24:31.192+0800][info] GC(489) Survivor regions: 1->1(1)
[2024-10-12T11:24:31.192+0800][info] GC(489) Old regions: 47->46
[2024-10-12T11:24:31.192+0800][info] GC(489) Archive regions: 2->2
[2024-10-12T11:24:31.192+0800][info] GC(489) Humongous regions: 3->3
[2024-10-12T11:24:31.192+0800][info] GC(489) Metaspace: 1675K(1856K)->1675K(1856K) NonClass: 1551K(1664K)->1551K(1664K) Class: 124K(192K)->124K(192K)
[2024-10-12T11:24:31.192+0800][info] GC(489) Pause Young (Mixed) (G1 Evacuation Pause) 99M->96M(128M) 2.402ms
[2024-10-12T11:24:31.192+0800][info] GC(489) User=0.00s Sys=0.00s Real=0.00s
[2024-10-12T11:24:31.294+0800][info] GC(490) Pause Young (Mixed) (G1 Evacuation Pause)
[2024-10-12T11:24:31.294+0800][info] GC(490) Using 3 workers of 48 for evacuation
[2024-10-12T11:24:31.297+0800][info] GC(490)   Pre Evacuate Collection Set: 0.2ms
[2024-10-12T11:24:31.297+0800][info] GC(490)   Merge Heap Roots: 0.1ms
[2024-10-12T11:24:31.297+0800][info] GC(490)   Evacuate Collection Set: 1.8ms
[2024-10-12T11:24:31.297+0800][info] GC(490)   Post Evacuate Collection Set: 0.2ms
[2024-10-12T11:24:31.297+0800][info] GC(490)   Other: 0.1ms
[2024-10-12T11:24:31.297+0800][info] GC(490) Eden regions: 2->0(2)
[2024-10-12T11:24:31.297+0800][info] GC(490) Survivor regions: 1->1(1)
[2024-10-12T11:24:31.297+0800][info] GC(490) Old regions: 46->46
[2024-10-12T11:24:31.297+0800][info] GC(490) Archive regions: 2->2
[2024-10-12T11:24:31.297+0800][info] GC(490) Humongous regions: 3->3
[2024-10-12T11:24:31.297+0800][info] GC(490) Metaspace: 1675K(1856K)->1675K(1856K) NonClass: 1551K(1664K)->1551K(1664K) Class: 124K(192K)->124K(192K)
[2024-10-12T11:24:31.297+0800][info] GC(490) Pause Young (Mixed) (G1 Evacuation Pause) 99M->97M(128M) 2.493ms
[2024-10-12T11:24:31.297+0800][info] GC(490) User=0.01s Sys=0.00s Real=0.00s
[2024-10-12T11:24:31.399+0800][info] GC(491) Pause Young (Mixed) (G1 Evacuation Pause)
[2024-10-12T11:24:31.399+0800][info] GC(491) Using 3 workers of 48 for evacuation
[2024-10-12T11:24:31.402+0800][info] GC(491)   Pre Evacuate Collection Set: 0.2ms
[2024-10-12T11:24:31.402+0800][info] GC(491)   Merge Heap Roots: 0.1ms
[2024-10-12T11:24:31.402+0800][info] GC(491)   Evacuate Collection Set: 2.3ms
[2024-10-12T11:24:31.402+0800][info] GC(491)   Post Evacuate Collection Set: 0.2ms
[2024-10-12T11:24:31.402+0800][info] GC(491)   Other: 0.1ms
[2024-10-12T11:24:31.402+0800][info] GC(491) Eden regions: 2->0(2)
[2024-10-12T11:24:31.402+0800][info] GC(491) Survivor regions: 1->1(1)
[2024-10-12T11:24:31.402+0800][info] GC(491) Old regions: 46->47
[2024-10-12T11:24:31.402+0800][info] GC(491) Archive regions: 2->2
[2024-10-12T11:24:31.402+0800][info] GC(491) Humongous regions: 3->3
[2024-10-12T11:24:31.402+0800][info] GC(491) Metaspace: 1675K(1856K)->1675K(1856K) NonClass: 1551K(1664K)->1551K(1664K) Class: 124K(192K)->124K(192K)
[2024-10-12T11:24:31.402+0800][info] GC(491) Pause Young (Mixed) (G1 Evacuation Pause) 101M->100M(128M) 2.974ms
[2024-10-12T11:24:31.402+0800][info] GC(491) User=0.01s Sys=0.00s Real=0.00s
[2024-10-12T11:24:31.504+0800][info] GC(492) Pause Young (Mixed) (G1 Preventive Collection)
[2024-10-12T11:24:31.504+0800][info] GC(492) Using 3 workers of 48 for evacuation
[2024-10-12T11:24:31.507+0800][info] GC(492)   Pre Evacuate Collection Set: 0.2ms
[2024-10-12T11:24:31.507+0800][info] GC(492)   Merge Heap Roots: 0.1ms
[2024-10-12T11:24:31.507+0800][info] GC(492)   Evacuate Collection Set: 2.0ms
[2024-10-12T11:24:31.507+0800][info] GC(492)   Post Evacuate Collection Set: 0.2ms
[2024-10-12T11:24:31.507+0800][info] GC(492)   Other: 0.1ms
[2024-10-12T11:24:31.507+0800][info] GC(492) Eden regions: 2->0(2)
[2024-10-12T11:24:31.507+0800][info] GC(492) Survivor regions: 1->1(1)
[2024-10-12T11:24:31.507+0800][info] GC(492) Old regions: 47->47
[2024-10-12T11:24:31.507+0800][info] GC(492) Archive regions: 2->2
[2024-10-12T11:24:31.507+0800][info] GC(492) Humongous regions: 3->3
[2024-10-12T11:24:31.507+0800][info] GC(492) Metaspace: 1675K(1856K)->1675K(1856K) NonClass: 1551K(1664K)->1551K(1664K) Class: 124K(192K)->124K(192K)
[2024-10-12T11:24:31.507+0800][info] GC(492) Pause Young (Mixed) (G1 Preventive Collection) 103M->101M(128M) 2.691ms
[2024-10-12T11:24:31.507+0800][info] GC(492) User=0.01s Sys=0.00s Real=0.01s
[2024-10-12T11:24:31.609+0800][info] GC(493) Pause Young (Mixed) (G1 Evacuation Pause)
[2024-10-12T11:24:31.609+0800][info] GC(493) Using 3 workers of 48 for evacuation
[2024-10-12T11:24:31.613+0800][info] GC(493)   Pre Evacuate Collection Set: 0.2ms
[2024-10-12T11:24:31.613+0800][info] GC(493)   Merge Heap Roots: 0.1ms
[2024-10-12T11:24:31.613+0800][info] GC(493)   Evacuate Collection Set: 3.1ms
[2024-10-12T11:24:31.613+0800][info] GC(493)   Post Evacuate Collection Set: 0.3ms
[2024-10-12T11:24:31.613+0800][info] GC(493)   Other: 0.2ms
[2024-10-12T11:24:31.613+0800][info] GC(493) Eden regions: 2->0(2)
[2024-10-12T11:24:31.613+0800][info] GC(493) Survivor regions: 1->1(1)
[2024-10-12T11:24:31.613+0800][info] GC(493) Old regions: 47->46
[2024-10-12T11:24:31.613+0800][info] GC(493) Archive regions: 2->2
[2024-10-12T11:24:31.613+0800][info] GC(493) Humongous regions: 3->3
[2024-10-12T11:24:31.613+0800][info] GC(493) Metaspace: 1675K(1856K)->1675K(1856K) NonClass: 1551K(1664K)->1551K(1664K) Class: 124K(192K)->124K(192K)
[2024-10-12T11:24:31.613+0800][info] GC(493) Pause Young (Mixed) (G1 Evacuation Pause) 105M->100M(128M) 3.976ms
[2024-10-12T11:24:31.613+0800][info] GC(493) User=0.01s Sys=0.00s Real=0.00s
[2024-10-12T11:24:31.716+0800][info] GC(494) Pause Young (Normal) (G1 Evacuation Pause)
[2024-10-12T11:24:31.716+0800][info] GC(494) Using 3 workers of 48 for evacuation
[2024-10-12T11:24:31.717+0800][info] GC(494)   Pre Evacuate Collection Set: 0.1ms
[2024-10-12T11:24:31.717+0800][info] GC(494)   Merge Heap Roots: 0.0ms
[2024-10-12T11:24:31.717+0800][info] GC(494)   Evacuate Collection Set: 0.7ms
[2024-10-12T11:24:31.717+0800][info] GC(494)   Post Evacuate Collection Set: 0.2ms
[2024-10-12T11:24:31.717+0800][info] GC(494)   Other: 0.2ms
[2024-10-12T11:24:31.717+0800][info] GC(494) Eden regions: 2->0(2)
[2024-10-12T11:24:31.717+0800][info] GC(494) Survivor regions: 1->1(1)
[2024-10-12T11:24:31.717+0800][info] GC(494) Old regions: 46->48
[2024-10-12T11:24:31.717+0800][info] GC(494) Archive regions: 2->2
[2024-10-12T11:24:31.717+0800][info] GC(494) Humongous regions: 4->3
[2024-10-12T11:24:31.717+0800][info] GC(494) Metaspace: 1675K(1856K)->1675K(1856K) NonClass: 1551K(1664K)->1551K(1664K) Class: 124K(192K)->124K(192K)
[2024-10-12T11:24:31.717+0800][info] GC(494) Pause Young (Normal) (G1 Evacuation Pause) 106M->104M(128M) 1.347ms
[2024-10-12T11:24:31.717+0800][info] GC(494) User=0.00s Sys=0.00s Real=0.00s
[2024-10-12T11:24:31.819+0800][info] GC(495) Pause Young (Normal) (G1 Evacuation Pause)
[2024-10-12T11:24:31.819+0800][info] GC(495) Using 3 workers of 48 for evacuation
[2024-10-12T11:24:31.820+0800][info] GC(495)   Pre Evacuate Collection Set: 0.1ms
[2024-10-12T11:24:31.820+0800][info] GC(495)   Merge Heap Roots: 0.0ms
[2024-10-12T11:24:31.820+0800][info] GC(495)   Evacuate Collection Set: 0.7ms
[2024-10-12T11:24:31.820+0800][info] GC(495)   Post Evacuate Collection Set: 0.2ms
[2024-10-12T11:24:31.820+0800][info] GC(495)   Other: 0.2ms
[2024-10-12T11:24:31.820+0800][info] GC(495) Eden regions: 2->0(2)
[2024-10-12T11:24:31.820+0800][info] GC(495) Survivor regions: 1->1(1)
[2024-10-12T11:24:31.820+0800][info] GC(495) Old regions: 48->50
[2024-10-12T11:24:31.820+0800][info] GC(495) Archive regions: 2->2
[2024-10-12T11:24:31.820+0800][info] GC(495) Humongous regions: 3->3
[2024-10-12T11:24:31.820+0800][info] GC(495) Metaspace: 1675K(1856K)->1675K(1856K) NonClass: 1551K(1664K)->1551K(1664K) Class: 124K(192K)->124K(192K)
[2024-10-12T11:24:31.820+0800][info] GC(495) Pause Young (Normal) (G1 Evacuation Pause) 107M->108M(128M) 1.334ms
[2024-10-12T11:24:31.820+0800][info] GC(495) User=0.00s Sys=0.00s Real=0.00s
[2024-10-12T11:24:31.923+0800][info] GC(496) Pause Young (Concurrent Start) (G1 Evacuation Pause)
[2024-10-12T11:24:31.923+0800][info] GC(496) Using 3 workers of 48 for evacuation
[2024-10-12T11:24:31.924+0800][info] GC(496)   Pre Evacuate Collection Set: 0.1ms
[2024-10-12T11:24:31.924+0800][info] GC(496)   Merge Heap Roots: 0.0ms
[2024-10-12T11:24:31.924+0800][info] GC(496)   Evacuate Collection Set: 0.9ms
[2024-10-12T11:24:31.924+0800][info] GC(496)   Post Evacuate Collection Set: 0.2ms
[2024-10-12T11:24:31.924+0800][info] GC(496)   Other: 0.4ms
[2024-10-12T11:24:31.924+0800][info] GC(496) Eden regions: 2->0(2)
[2024-10-12T11:24:31.924+0800][info] GC(496) Survivor regions: 1->1(1)
[2024-10-12T11:24:31.924+0800][info] GC(496) Old regions: 50->52
[2024-10-12T11:24:31.924+0800][info] GC(496) Archive regions: 2->2
[2024-10-12T11:24:31.924+0800][info] GC(496) Humongous regions: 3->3
[2024-10-12T11:24:31.924+0800][info] GC(496) Metaspace: 1675K(1856K)->1675K(1856K) NonClass: 1551K(1664K)->1551K(1664K) Class: 124K(192K)->124K(192K)
[2024-10-12T11:24:31.925+0800][info] GC(496) Pause Young (Concurrent Start) (G1 Evacuation Pause) 111M->111M(128M) 1.696ms
[2024-10-12T11:24:31.925+0800][info] GC(496) User=0.00s Sys=0.00s Real=0.00s
[2024-10-12T11:24:31.925+0800][info] GC(497) Concurrent Mark Cycle
[2024-10-12T11:24:31.925+0800][info] GC(497) Concurrent Clear Claimed Marks
[2024-10-12T11:24:31.925+0800][info] GC(497) Concurrent Clear Claimed Marks 0.017ms
[2024-10-12T11:24:31.925+0800][info] GC(497) Concurrent Scan Root Regions
[2024-10-12T11:24:31.925+0800][info] GC(497) Concurrent Scan Root Regions 0.169ms
[2024-10-12T11:24:31.925+0800][info] GC(497) Concurrent Mark
[2024-10-12T11:24:31.925+0800][info] GC(497) Concurrent Mark From Roots
[2024-10-12T11:24:31.925+0800][info] GC(497) Using 12 workers of 12 for marking
[2024-10-12T11:24:31.928+0800][info] GC(497) Concurrent Mark From Roots 3.297ms
[2024-10-12T11:24:31.928+0800][info] GC(497) Concurrent Preclean
[2024-10-12T11:24:31.930+0800][info] GC(497) Concurrent Preclean 1.701ms
[2024-10-12T11:24:31.930+0800][info] GC(497) Pause Remark
[2024-10-12T11:24:31.932+0800][info] GC(497) Pause Remark 112M->112M(128M) 1.595ms
[2024-10-12T11:24:31.932+0800][info] GC(497) User=0.00s Sys=0.00s Real=0.00s
[2024-10-12T11:24:31.932+0800][info] GC(497) Concurrent Mark 6.926ms
[2024-10-12T11:24:31.932+0800][info] GC(497) Concurrent Rebuild Remembered Sets
[2024-10-12T11:24:31.933+0800][info] GC(497) Concurrent Rebuild Remembered Sets 1.354ms
[2024-10-12T11:24:31.933+0800][info] GC(497) Pause Cleanup
[2024-10-12T11:24:31.934+0800][info] GC(497) Pause Cleanup 112M->112M(128M) 0.192ms
[2024-10-12T11:24:31.934+0800][info] GC(497) User=0.00s Sys=0.00s Real=0.00s
[2024-10-12T11:24:31.934+0800][info] GC(497) Concurrent Cleanup for Next Mark
[2024-10-12T11:24:31.934+0800][info] GC(497) Concurrent Cleanup for Next Mark 0.340ms
[2024-10-12T11:24:31.934+0800][info] GC(497) Concurrent Mark Cycle 9.370ms
[2024-10-12T11:24:32.078+0800][info] GC(498) Pause Young (Prepare Mixed) (G1 Preventive Collection)
[2024-10-12T11:24:32.078+0800][info] GC(498) Using 3 workers of 48 for evacuation
[2024-10-12T11:24:32.079+0800][info] GC(498)   Pre Evacuate Collection Set: 0.1ms
[2024-10-12T11:24:32.079+0800][info] GC(498)   Merge Heap Roots: 0.1ms
[2024-10-12T11:24:32.079+0800][info] GC(498)   Evacuate Collection Set: 0.8ms
[2024-10-12T11:24:32.079+0800][info] GC(498)   Post Evacuate Collection Set: 0.2ms
[2024-10-12T11:24:32.079+0800][info] GC(498)   Other: 0.2ms
[2024-10-12T11:24:32.079+0800][info] GC(498) Eden regions: 2->0(2)
[2024-10-12T11:24:32.079+0800][info] GC(498) Survivor regions: 1->1(1)
[2024-10-12T11:24:32.079+0800][info] GC(498) Old regions: 52->54
[2024-10-12T11:24:32.079+0800][info] GC(498) Archive regions: 2->2
[2024-10-12T11:24:32.079+0800][info] GC(498) Humongous regions: 3->3
[2024-10-12T11:24:32.079+0800][info] GC(498) Metaspace: 1675K(1856K)->1675K(1856K) NonClass: 1551K(1664K)->1551K(1664K) Class: 124K(192K)->124K(192K)
[2024-10-12T11:24:32.079+0800][info] GC(498) Pause Young (Prepare Mixed) (G1 Preventive Collection) 115M->115M(128M) 1.516ms
[2024-10-12T11:24:32.079+0800][info] GC(498) User=0.01s Sys=0.00s Real=0.00s
[2024-10-12T11:24:32.141+0800][info] GC(499) Pause Young (Mixed) (G1 Preventive Collection)
[2024-10-12T11:24:32.141+0800][info] GC(499) Using 3 workers of 48 for evacuation
[2024-10-12T11:24:32.142+0800][info] GC(499)   Pre Evacuate Collection Set: 0.2ms
[2024-10-12T11:24:32.142+0800][info] GC(499)   Merge Heap Roots: 0.1ms
[2024-10-12T11:24:32.142+0800][info] GC(499)   Evacuate Collection Set: 0.8ms
[2024-10-12T11:24:32.142+0800][info] GC(499)   Post Evacuate Collection Set: 0.2ms
[2024-10-12T11:24:32.142+0800][info] GC(499)   Other: 0.2ms
[2024-10-12T11:24:32.142+0800][info] GC(499) Eden regions: 1->0(2)
[2024-10-12T11:24:32.142+0800][info] GC(499) Survivor regions: 1->1(1)
[2024-10-12T11:24:32.142+0800][info] GC(499) Old regions: 54->51
[2024-10-12T11:24:32.142+0800][info] GC(499) Archive regions: 2->2
[2024-10-12T11:24:32.142+0800][info] GC(499) Humongous regions: 3->3
[2024-10-12T11:24:32.142+0800][info] GC(499) Metaspace: 1675K(1856K)->1675K(1856K) NonClass: 1551K(1664K)->1551K(1664K) Class: 124K(192K)->124K(192K)
[2024-10-12T11:24:32.142+0800][info] GC(499) Pause Young (Mixed) (G1 Preventive Collection) 117M->109M(128M) 1.460ms
[2024-10-12T11:24:32.142+0800][info] GC(499) User=0.00s Sys=0.00s Real=0.00s
[2024-10-12T11:24:32.244+0800][info] GC(500) Pause Young (Mixed) (G1 Preventive Collection)
[2024-10-12T11:24:32.244+0800][info] GC(500) Using 3 workers of 48 for evacuation
[2024-10-12T11:24:32.246+0800][info] GC(500)   Pre Evacuate Collection Set: 0.2ms
[2024-10-12T11:24:32.246+0800][info] GC(500)   Merge Heap Roots: 0.1ms
[2024-10-12T11:24:32.246+0800][info] GC(500)   Evacuate Collection Set: 1.4ms
[2024-10-12T11:24:32.246+0800][info] GC(500)   Post Evacuate Collection Set: 0.2ms
[2024-10-12T11:24:32.246+0800][info] GC(500)   Other: 0.1ms
[2024-10-12T11:24:32.246+0800][info] GC(500) Eden regions: 2->0(2)
[2024-10-12T11:24:32.246+0800][info] GC(500) Survivor regions: 1->1(1)
[2024-10-12T11:24:32.246+0800][info] GC(500) Old regions: 51->50
[2024-10-12T11:24:32.246+0800][info] GC(500) Archive regions: 2->2
[2024-10-12T11:24:32.246+0800][info] GC(500) Humongous regions: 3->3
[2024-10-12T11:24:32.246+0800][info] GC(500) Metaspace: 1675K(1856K)->1675K(1856K) NonClass: 1551K(1664K)->1551K(1664K) Class: 124K(192K)->124K(192K)
[2024-10-12T11:24:32.246+0800][info] GC(500) Pause Young (Mixed) (G1 Preventive Collection) 113M->108M(128M) 2.050ms
[2024-10-12T11:24:32.246+0800][info] GC(500) User=0.00s Sys=0.00s Real=0.01s
[2024-10-12T11:24:32.349+0800][info] GC(501) Pause Young (Mixed) (G1 Preventive Collection)
[2024-10-12T11:24:32.349+0800][info] GC(501) Using 3 workers of 48 for evacuation
[2024-10-12T11:24:32.351+0800][info] GC(501)   Pre Evacuate Collection Set: 0.2ms
[2024-10-12T11:24:32.351+0800][info] GC(501)   Merge Heap Roots: 0.1ms
[2024-10-12T11:24:32.351+0800][info] GC(501)   Evacuate Collection Set: 1.6ms
[2024-10-12T11:24:32.351+0800][info] GC(501)   Post Evacuate Collection Set: 0.2ms
[2024-10-12T11:24:32.351+0800][info] GC(501)   Other: 0.1ms
[2024-10-12T11:24:32.351+0800][info] GC(501) Eden regions: 2->0(2)
[2024-10-12T11:24:32.351+0800][info] GC(501) Survivor regions: 1->1(1)
[2024-10-12T11:24:32.351+0800][info] GC(501) Old regions: 50->50
[2024-10-12T11:24:32.351+0800][info] GC(501) Archive regions: 2->2
[2024-10-12T11:24:32.351+0800][info] GC(501) Humongous regions: 3->3
[2024-10-12T11:24:32.351+0800][info] GC(501) Metaspace: 1675K(1856K)->1675K(1856K) NonClass: 1551K(1664K)->1551K(1664K) Class: 124K(192K)->124K(192K)
[2024-10-12T11:24:32.351+0800][info] GC(501) Pause Young (Mixed) (G1 Preventive Collection) 111M->108M(128M) 2.390ms
[2024-10-12T11:24:32.351+0800][info] GC(501) User=0.01s Sys=0.00s Real=0.00s
[2024-10-12T11:24:32.413+0800][info] GC(502) Pause Young (Mixed) (G1 Preventive Collection)
[2024-10-12T11:24:32.413+0800][info] GC(502) Using 3 workers of 48 for evacuation
[2024-10-12T11:24:32.415+0800][info] GC(502)   Pre Evacuate Collection Set: 0.2ms
[2024-10-12T11:24:32.415+0800][info] GC(502)   Merge Heap Roots: 0.1ms
[2024-10-12T11:24:32.415+0800][info] GC(502)   Evacuate Collection Set: 1.4ms
[2024-10-12T11:24:32.415+0800][info] GC(502)   Post Evacuate Collection Set: 0.2ms
[2024-10-12T11:24:32.415+0800][info] GC(502)   Other: 0.1ms
[2024-10-12T11:24:32.415+0800][info] GC(502) Eden regions: 1->0(2)
[2024-10-12T11:24:32.415+0800][info] GC(502) Survivor regions: 1->1(1)
[2024-10-12T11:24:32.415+0800][info] GC(502) Old regions: 50->49
[2024-10-12T11:24:32.415+0800][info] GC(502) Archive regions: 2->2
[2024-10-12T11:24:32.415+0800][info] GC(502) Humongous regions: 3->3
[2024-10-12T11:24:32.415+0800][info] GC(502) Metaspace: 1675K(1856K)->1675K(1856K) NonClass: 1551K(1664K)->1551K(1664K) Class: 124K(192K)->124K(192K)
[2024-10-12T11:24:32.415+0800][info] GC(502) Pause Young (Mixed) (G1 Preventive Collection) 110M->106M(128M) 2.085ms
[2024-10-12T11:24:32.415+0800][info] GC(502) User=0.00s Sys=0.00s Real=0.01s
[2024-10-12T11:24:32.517+0800][info] GC(503) Pause Young (Mixed) (G1 Preventive Collection)
[2024-10-12T11:24:32.517+0800][info] GC(503) Using 3 workers of 48 for evacuation
[2024-10-12T11:24:32.519+0800][info] GC(503)   Pre Evacuate Collection Set: 0.2ms
[2024-10-12T11:24:32.519+0800][info] GC(503)   Merge Heap Roots: 0.1ms
[2024-10-12T11:24:32.519+0800][info] GC(503)   Evacuate Collection Set: 1.7ms
[2024-10-12T11:24:32.519+0800][info] GC(503)   Post Evacuate Collection Set: 0.2ms
[2024-10-12T11:24:32.519+0800][info] GC(503)   Other: 0.1ms
[2024-10-12T11:24:32.520+0800][info] GC(503) Eden regions: 2->0(2)
[2024-10-12T11:24:32.520+0800][info] GC(503) Survivor regions: 1->1(1)
[2024-10-12T11:24:32.520+0800][info] GC(503) Old regions: 49->50
[2024-10-12T11:24:32.520+0800][info] GC(503) Archive regions: 2->2
[2024-10-12T11:24:32.520+0800][info] GC(503) Humongous regions: 3->3
[2024-10-12T11:24:32.520+0800][info] GC(503) Metaspace: 1675K(1856K)->1675K(1856K) NonClass: 1551K(1664K)->1551K(1664K) Class: 124K(192K)->124K(192K)
[2024-10-12T11:24:32.520+0800][info] GC(503) Pause Young (Mixed) (G1 Preventive Collection) 110M->108M(128M) 2.359ms
[2024-10-12T11:24:32.520+0800][info] GC(503) User=0.00s Sys=0.00s Real=0.00s
[2024-10-12T11:24:32.581+0800][info] GC(504) Pause Young (Mixed) (G1 Preventive Collection)
[2024-10-12T11:24:32.581+0800][info] GC(504) Using 3 workers of 48 for evacuation
[2024-10-12T11:24:32.583+0800][info] GC(504)   Pre Evacuate Collection Set: 0.2ms
[2024-10-12T11:24:32.583+0800][info] GC(504)   Merge Heap Roots: 0.0ms
[2024-10-12T11:24:32.583+0800][info] GC(504)   Evacuate Collection Set: 1.7ms
[2024-10-12T11:24:32.583+0800][info] GC(504)   Post Evacuate Collection Set: 0.2ms
[2024-10-12T11:24:32.583+0800][info] GC(504)   Other: 0.1ms
[2024-10-12T11:24:32.583+0800][info] GC(504) Eden regions: 1->0(2)
[2024-10-12T11:24:32.583+0800][info] GC(504) Survivor regions: 1->1(1)
[2024-10-12T11:24:32.583+0800][info] GC(504) Old regions: 50->49
[2024-10-12T11:24:32.583+0800][info] GC(504) Archive regions: 2->2
[2024-10-12T11:24:32.583+0800][info] GC(504) Humongous regions: 3->3
[2024-10-12T11:24:32.583+0800][info] GC(504) Metaspace: 1675K(1856K)->1675K(1856K) NonClass: 1551K(1664K)->1551K(1664K) Class: 124K(192K)->124K(192K)
[2024-10-12T11:24:32.583+0800][info] GC(504) Pause Young (Mixed) (G1 Preventive Collection) 109M->106M(128M) 2.378ms
[2024-10-12T11:24:32.583+0800][info] GC(504) User=0.00s Sys=0.00s Real=0.00s
[2024-10-12T11:24:32.685+0800][info] GC(505) Pause Young (Mixed) (G1 Preventive Collection)
[2024-10-12T11:24:32.686+0800][info] GC(505) Using 3 workers of 48 for evacuation
[2024-10-12T11:24:32.688+0800][info] GC(505)   Pre Evacuate Collection Set: 0.2ms
[2024-10-12T11:24:32.689+0800][info] GC(505)   Merge Heap Roots: 0.1ms
[2024-10-12T11:24:32.689+0800][info] GC(505)   Evacuate Collection Set: 2.5ms
[2024-10-12T11:24:32.689+0800][info] GC(505)   Post Evacuate Collection Set: 0.2ms
[2024-10-12T11:24:32.689+0800][info] GC(505)   Other: 0.1ms
[2024-10-12T11:24:32.689+0800][info] GC(505) Eden regions: 2->0(2)
[2024-10-12T11:24:32.689+0800][info] GC(505) Survivor regions: 1->1(1)
[2024-10-12T11:24:32.689+0800][info] GC(505) Old regions: 49->48
[2024-10-12T11:24:32.689+0800][info] GC(505) Archive regions: 2->2
[2024-10-12T11:24:32.689+0800][info] GC(505) Humongous regions: 3->3
[2024-10-12T11:24:32.689+0800][info] GC(505) Metaspace: 1675K(1856K)->1675K(1856K) NonClass: 1551K(1664K)->1551K(1664K) Class: 124K(192K)->124K(192K)
[2024-10-12T11:24:32.689+0800][info] GC(505) Pause Young (Mixed) (G1 Preventive Collection) 110M->105M(128M) 3.167ms
[2024-10-12T11:24:32.689+0800][info] GC(505) User=0.00s Sys=0.00s Real=0.00s
[2024-10-12T11:24:32.791+0800][info] GC(506) Pause Young (Mixed) (G1 Preventive Collection)
[2024-10-12T11:24:32.791+0800][info] GC(506) Using 3 workers of 48 for evacuation
[2024-10-12T11:24:32.795+0800][info] GC(506)   Pre Evacuate Collection Set: 0.2ms
[2024-10-12T11:24:32.795+0800][info] GC(506)   Merge Heap Roots: 0.1ms
[2024-10-12T11:24:32.795+0800][info] GC(506)   Evacuate Collection Set: 3.2ms
[2024-10-12T11:24:32.795+0800][info] GC(506)   Post Evacuate Collection Set: 0.2ms
[2024-10-12T11:24:32.795+0800][info] GC(506)   Other: 0.1ms
[2024-10-12T11:24:32.795+0800][info] GC(506) Eden regions: 2->0(2)
[2024-10-12T11:24:32.795+0800][info] GC(506) Survivor regions: 1->1(1)
[2024-10-12T11:24:32.795+0800][info] GC(506) Old regions: 48->48
[2024-10-12T11:24:32.795+0800][info] GC(506) Archive regions: 2->2
[2024-10-12T11:24:32.795+0800][info] GC(506) Humongous regions: 3->3
[2024-10-12T11:24:32.795+0800][info] GC(506) Metaspace: 1675K(1856K)->1675K(1856K) NonClass: 1551K(1664K)->1551K(1664K) Class: 124K(192K)->124K(192K)
[2024-10-12T11:24:32.795+0800][info] GC(506) Pause Young (Mixed) (G1 Preventive Collection) 108M->105M(128M) 3.889ms
[2024-10-12T11:24:32.795+0800][info] GC(506) User=0.01s Sys=0.00s Real=0.01s
[2024-10-12T11:24:32.897+0800][info] GC(507) Pause Young (Normal) (G1 Evacuation Pause)
[2024-10-12T11:24:32.897+0800][info] GC(507) Using 3 workers of 48 for evacuation
[2024-10-12T11:24:32.898+0800][info] GC(507)   Pre Evacuate Collection Set: 0.1ms
[2024-10-12T11:24:32.898+0800][info] GC(507)   Merge Heap Roots: 0.0ms
[2024-10-12T11:24:32.898+0800][info] GC(507)   Evacuate Collection Set: 0.8ms
[2024-10-12T11:24:32.898+0800][info] GC(507)   Post Evacuate Collection Set: 0.2ms
[2024-10-12T11:24:32.899+0800][info] GC(507)   Other: 0.2ms
[2024-10-12T11:24:32.899+0800][info] GC(507) Eden regions: 2->0(2)
[2024-10-12T11:24:32.899+0800][info] GC(507) Survivor regions: 1->1(1)
[2024-10-12T11:24:32.899+0800][info] GC(507) Old regions: 48->50
[2024-10-12T11:24:32.899+0800][info] GC(507) Archive regions: 2->2
[2024-10-12T11:24:32.899+0800][info] GC(507) Humongous regions: 3->3
[2024-10-12T11:24:32.899+0800][info] GC(507) Metaspace: 1675K(1856K)->1675K(1856K) NonClass: 1551K(1664K)->1551K(1664K) Class: 124K(192K)->124K(192K)
[2024-10-12T11:24:32.899+0800][info] GC(507) Pause Young (Normal) (G1 Evacuation Pause) 109M->109M(128M) 1.462ms
[2024-10-12T11:24:32.899+0800][info] GC(507) User=0.00s Sys=0.00s Real=0.00s
[2024-10-12T11:24:33.001+0800][info] GC(508) Pause Young (Concurrent Start) (G1 Evacuation Pause)
[2024-10-12T11:24:33.001+0800][info] GC(508) Using 3 workers of 48 for evacuation
[2024-10-12T11:24:33.002+0800][info] GC(508)   Pre Evacuate Collection Set: 0.1ms
[2024-10-12T11:24:33.002+0800][info] GC(508)   Merge Heap Roots: 0.0ms
[2024-10-12T11:24:33.002+0800][info] GC(508)   Evacuate Collection Set: 0.7ms
[2024-10-12T11:24:33.003+0800][info] GC(508)   Post Evacuate Collection Set: 0.2ms
[2024-10-12T11:24:33.003+0800][info] GC(508)   Other: 0.4ms
[2024-10-12T11:24:33.003+0800][info] GC(508) Eden regions: 2->0(2)
[2024-10-12T11:24:33.003+0800][info] GC(508) Survivor regions: 1->1(1)
[2024-10-12T11:24:33.003+0800][info] GC(508) Old regions: 50->52
[2024-10-12T11:24:33.003+0800][info] GC(508) Archive regions: 2->2
[2024-10-12T11:24:33.003+0800][info] GC(508) Humongous regions: 3->3
[2024-10-12T11:24:33.003+0800][info] GC(508) Metaspace: 1675K(1856K)->1675K(1856K) NonClass: 1551K(1664K)->1551K(1664K) Class: 124K(192K)->124K(192K)
[2024-10-12T11:24:33.003+0800][info] GC(508) Pause Young (Concurrent Start) (G1 Evacuation Pause) 112M->113M(128M) 1.510ms
[2024-10-12T11:24:33.003+0800][info] GC(508) User=0.00s Sys=0.00s Real=0.00s
[2024-10-12T11:24:33.003+0800][info] GC(509) Concurrent Mark Cycle
[2024-10-12T11:24:33.003+0800][info] GC(509) Concurrent Clear Claimed Marks
[2024-10-12T11:24:33.003+0800][info] GC(509) Concurrent Clear Claimed Marks 0.017ms
[2024-10-12T11:24:33.003+0800][info] GC(509) Concurrent Scan Root Regions
[2024-10-12T11:24:33.003+0800][info] GC(509) Concurrent Scan Root Regions 0.166ms
[2024-10-12T11:24:33.003+0800][info] GC(509) Concurrent Mark
[2024-10-12T11:24:33.003+0800][info] GC(509) Concurrent Mark From Roots
[2024-10-12T11:24:33.003+0800][info] GC(509) Using 12 workers of 12 for marking
[2024-10-12T11:24:33.007+0800][info] GC(509) Concurrent Mark From Roots 3.651ms
[2024-10-12T11:24:33.007+0800][info] GC(509) Concurrent Preclean
[2024-10-12T11:24:33.008+0800][info] GC(509) Concurrent Preclean 1.694ms
[2024-10-12T11:24:33.008+0800][info] GC(509) Pause Remark
[2024-10-12T11:24:33.010+0800][info] GC(509) Pause Remark 113M->113M(128M) 1.581ms
[2024-10-12T11:24:33.010+0800][info] GC(509) User=0.01s Sys=0.00s Real=0.00s
[2024-10-12T11:24:33.010+0800][info] GC(509) Concurrent Mark 7.190ms
[2024-10-12T11:24:33.010+0800][info] GC(509) Concurrent Rebuild Remembered Sets
[2024-10-12T11:24:33.012+0800][info] GC(509) Concurrent Rebuild Remembered Sets 1.368ms
[2024-10-12T11:24:33.012+0800][info] GC(509) Pause Cleanup
[2024-10-12T11:24:33.012+0800][info] GC(509) Pause Cleanup 113M->113M(128M) 0.197ms
[2024-10-12T11:24:33.012+0800][info] GC(509) User=0.00s Sys=0.00s Real=0.00s
[2024-10-12T11:24:33.012+0800][info] GC(509) Concurrent Cleanup for Next Mark
[2024-10-12T11:24:33.012+0800][info] GC(509) Concurrent Cleanup for Next Mark 0.327ms
[2024-10-12T11:24:33.012+0800][info] GC(509) Concurrent Mark Cycle 9.638ms
[2024-10-12T11:24:33.156+0800][info] GC(510) Pause Young (Prepare Mixed) (G1 Preventive Collection)
[2024-10-12T11:24:33.156+0800][info] GC(510) Using 3 workers of 48 for evacuation
[2024-10-12T11:24:33.157+0800][info] GC(510)   Pre Evacuate Collection Set: 0.1ms
[2024-10-12T11:24:33.157+0800][info] GC(510)   Merge Heap Roots: 0.1ms
[2024-10-12T11:24:33.157+0800][info] GC(510)   Evacuate Collection Set: 0.8ms
[2024-10-12T11:24:33.157+0800][info] GC(510)   Post Evacuate Collection Set: 0.2ms
[2024-10-12T11:24:33.157+0800][info] GC(510)   Other: 0.2ms
[2024-10-12T11:24:33.157+0800][info] GC(510) Eden regions: 2->0(2)
[2024-10-12T11:24:33.157+0800][info] GC(510) Survivor regions: 1->1(1)
[2024-10-12T11:24:33.157+0800][info] GC(510) Old regions: 52->54
[2024-10-12T11:24:33.157+0800][info] GC(510) Archive regions: 2->2
[2024-10-12T11:24:33.157+0800][info] GC(510) Humongous regions: 3->3
[2024-10-12T11:24:33.157+0800][info] GC(510) Metaspace: 1675K(1856K)->1675K(1856K) NonClass: 1551K(1664K)->1551K(1664K) Class: 124K(192K)->124K(192K)
[2024-10-12T11:24:33.157+0800][info] GC(510) Pause Young (Prepare Mixed) (G1 Preventive Collection) 116M->117M(128M) 1.592ms
[2024-10-12T11:24:33.157+0800][info] GC(510) User=0.00s Sys=0.00s Real=0.00s
[2024-10-12T11:24:33.219+0800][info] GC(511) Pause Young (Mixed) (G1 Preventive Collection)
[2024-10-12T11:24:33.219+0800][info] GC(511) Using 3 workers of 48 for evacuation
[2024-10-12T11:24:33.220+0800][info] GC(511)   Pre Evacuate Collection Set: 0.2ms
[2024-10-12T11:24:33.220+0800][info] GC(511)   Merge Heap Roots: 0.1ms
[2024-10-12T11:24:33.220+0800][info] GC(511)   Evacuate Collection Set: 0.8ms
[2024-10-12T11:24:33.220+0800][info] GC(511)   Post Evacuate Collection Set: 0.2ms
[2024-10-12T11:24:33.220+0800][info] GC(511)   Other: 0.2ms
[2024-10-12T11:24:33.220+0800][info] GC(511) Eden regions: 1->0(2)
[2024-10-12T11:24:33.220+0800][info] GC(511) Survivor regions: 1->1(1)
[2024-10-12T11:24:33.220+0800][info] GC(511) Old regions: 54->50
[2024-10-12T11:24:33.220+0800][info] GC(511) Archive regions: 2->2
[2024-10-12T11:24:33.220+0800][info] GC(511) Humongous regions: 3->3
[2024-10-12T11:24:33.220+0800][info] GC(511) Metaspace: 1675K(1856K)->1675K(1856K) NonClass: 1551K(1664K)->1551K(1664K) Class: 124K(192K)->124K(192K)
[2024-10-12T11:24:33.220+0800][info] GC(511) Pause Young (Mixed) (G1 Preventive Collection) 119M->108M(128M) 1.507ms
[2024-10-12T11:24:33.220+0800][info] GC(511) User=0.00s Sys=0.00s Real=0.00s
[2024-10-12T11:24:33.322+0800][info] GC(512) Pause Young (Mixed) (G1 Preventive Collection)
[2024-10-12T11:24:33.323+0800][info] GC(512) Using 3 workers of 48 for evacuation
[2024-10-12T11:24:33.324+0800][info] GC(512)   Pre Evacuate Collection Set: 0.2ms
[2024-10-12T11:24:33.324+0800][info] GC(512)   Merge Heap Roots: 0.1ms
[2024-10-12T11:24:33.324+0800][info] GC(512)   Evacuate Collection Set: 1.3ms
[2024-10-12T11:24:33.324+0800][info] GC(512)   Post Evacuate Collection Set: 0.2ms
[2024-10-12T11:24:33.324+0800][info] GC(512)   Other: 0.1ms
[2024-10-12T11:24:33.324+0800][info] GC(512) Eden regions: 2->0(2)
[2024-10-12T11:24:33.324+0800][info] GC(512) Survivor regions: 1->1(1)
[2024-10-12T11:24:33.324+0800][info] GC(512) Old regions: 50->48
[2024-10-12T11:24:33.324+0800][info] GC(512) Archive regions: 2->2
[2024-10-12T11:24:33.324+0800][info] GC(512) Humongous regions: 3->3
[2024-10-12T11:24:33.324+0800][info] GC(512) Metaspace: 1675K(1856K)->1675K(1856K) NonClass: 1551K(1664K)->1551K(1664K) Class: 124K(192K)->124K(192K)
[2024-10-12T11:24:33.324+0800][info] GC(512) Pause Young (Mixed) (G1 Preventive Collection) 112M->104M(128M) 1.957ms
[2024-10-12T11:24:33.324+0800][info] GC(512) User=0.00s Sys=0.00s Real=0.00s
[2024-10-12T11:24:33.427+0800][info] GC(513) Pause Young (Mixed) (G1 Preventive Collection)
[2024-10-12T11:24:33.427+0800][info] GC(513) Using 3 workers of 48 for evacuation
[2024-10-12T11:24:33.429+0800][info] GC(513)   Pre Evacuate Collection Set: 0.2ms
[2024-10-12T11:24:33.429+0800][info] GC(513)   Merge Heap Roots: 0.1ms
[2024-10-12T11:24:33.429+0800][info] GC(513)   Evacuate Collection Set: 1.7ms
[2024-10-12T11:24:33.429+0800][info] GC(513)   Post Evacuate Collection Set: 0.2ms
[2024-10-12T11:24:33.429+0800][info] GC(513)   Other: 0.1ms
[2024-10-12T11:24:33.429+0800][info] GC(513) Eden regions: 2->0(2)
[2024-10-12T11:24:33.429+0800][info] GC(513) Survivor regions: 1->1(1)
[2024-10-12T11:24:33.429+0800][info] GC(513) Old regions: 48->47
[2024-10-12T11:24:33.429+0800][info] GC(513) Archive regions: 2->2
[2024-10-12T11:24:33.429+0800][info] GC(513) Humongous regions: 3->3
[2024-10-12T11:24:33.429+0800][info] GC(513) Metaspace: 1675K(1856K)->1675K(1856K) NonClass: 1551K(1664K)->1551K(1664K) Class: 124K(192K)->124K(192K)
[2024-10-12T11:24:33.429+0800][info] GC(513) Pause Young (Mixed) (G1 Preventive Collection) 107M->102M(128M) 2.383ms
[2024-10-12T11:24:33.429+0800][info] GC(513) User=0.00s Sys=0.00s Real=0.00s
[2024-10-12T11:24:33.531+0800][info] GC(514) Pause Young (Mixed) (G1 Evacuation Pause)
[2024-10-12T11:24:33.531+0800][info] GC(514) Using 3 workers of 48 for evacuation
[2024-10-12T11:24:33.534+0800][info] GC(514)   Pre Evacuate Collection Set: 0.2ms
[2024-10-12T11:24:33.534+0800][info] GC(514)   Merge Heap Roots: 0.1ms
[2024-10-12T11:24:33.534+0800][info] GC(514)   Evacuate Collection Set: 2.0ms
[2024-10-12T11:24:33.534+0800][info] GC(514)   Post Evacuate Collection Set: 0.2ms
[2024-10-12T11:24:33.534+0800][info] GC(514)   Other: 0.2ms
[2024-10-12T11:24:33.534+0800][info] GC(514) Eden regions: 2->0(2)
[2024-10-12T11:24:33.534+0800][info] GC(514) Survivor regions: 1->1(1)
[2024-10-12T11:24:33.534+0800][info] GC(514) Old regions: 47->46
[2024-10-12T11:24:33.534+0800][info] GC(514) Archive regions: 2->2
[2024-10-12T11:24:33.534+0800][info] GC(514) Humongous regions: 3->3
[2024-10-12T11:24:33.534+0800][info] GC(514) Metaspace: 1675K(1856K)->1675K(1856K) NonClass: 1551K(1664K)->1551K(1664K) Class: 124K(192K)->124K(192K)
[2024-10-12T11:24:33.534+0800][info] GC(514) Pause Young (Mixed) (G1 Evacuation Pause) 106M->101M(128M) 2.647ms
[2024-10-12T11:24:33.534+0800][info] GC(514) User=0.01s Sys=0.00s Real=0.01s
[2024-10-12T11:24:33.636+0800][info] GC(515) Pause Young (Mixed) (G1 Evacuation Pause)
[2024-10-12T11:24:33.636+0800][info] GC(515) Using 3 workers of 48 for evacuation
[2024-10-12T11:24:33.639+0800][info] GC(515)   Pre Evacuate Collection Set: 0.2ms
[2024-10-12T11:24:33.639+0800][info] GC(515)   Merge Heap Roots: 0.1ms
[2024-10-12T11:24:33.639+0800][info] GC(515)   Evacuate Collection Set: 2.1ms
[2024-10-12T11:24:33.639+0800][info] GC(515)   Post Evacuate Collection Set: 0.2ms
[2024-10-12T11:24:33.639+0800][info] GC(515)   Other: 0.1ms
[2024-10-12T11:24:33.639+0800][info] GC(515) Eden regions: 2->0(2)
[2024-10-12T11:24:33.639+0800][info] GC(515) Survivor regions: 1->1(1)
[2024-10-12T11:24:33.639+0800][info] GC(515) Old regions: 46->47
[2024-10-12T11:24:33.639+0800][info] GC(515) Archive regions: 2->2
[2024-10-12T11:24:33.639+0800][info] GC(515) Humongous regions: 3->3
[2024-10-12T11:24:33.639+0800][info] GC(515) Metaspace: 1675K(1856K)->1675K(1856K) NonClass: 1551K(1664K)->1551K(1664K) Class: 124K(192K)->124K(192K)
[2024-10-12T11:24:33.639+0800][info] GC(515) Pause Young (Mixed) (G1 Evacuation Pause) 105M->102M(128M) 2.817ms
[2024-10-12T11:24:33.639+0800][info] GC(515) User=0.01s Sys=0.00s Real=0.00s
[2024-10-12T11:24:33.741+0800][info] GC(516) Pause Young (Mixed) (G1 Preventive Collection)
[2024-10-12T11:24:33.741+0800][info] GC(516) Using 3 workers of 48 for evacuation
[2024-10-12T11:24:33.744+0800][info] GC(516)   Pre Evacuate Collection Set: 0.1ms
[2024-10-12T11:24:33.744+0800][info] GC(516)   Merge Heap Roots: 0.1ms
[2024-10-12T11:24:33.744+0800][info] GC(516)   Evacuate Collection Set: 1.9ms
[2024-10-12T11:24:33.744+0800][info] GC(516)   Post Evacuate Collection Set: 0.2ms
[2024-10-12T11:24:33.744+0800][info] GC(516)   Other: 0.3ms
[2024-10-12T11:24:33.744+0800][info] GC(516) Eden regions: 2->0(2)
[2024-10-12T11:24:33.744+0800][info] GC(516) Survivor regions: 1->1(1)
[2024-10-12T11:24:33.744+0800][info] GC(516) Old regions: 47->47
[2024-10-12T11:24:33.744+0800][info] GC(516) Archive regions: 2->2
[2024-10-12T11:24:33.744+0800][info] GC(516) Humongous regions: 3->3
[2024-10-12T11:24:33.744+0800][info] GC(516) Metaspace: 1675K(1856K)->1675K(1856K) NonClass: 1551K(1664K)->1551K(1664K) Class: 124K(192K)->124K(192K)
[2024-10-12T11:24:33.744+0800][info] GC(516) Pause Young (Mixed) (G1 Preventive Collection) 105M->102M(128M) 2.676ms
[2024-10-12T11:24:33.744+0800][info] GC(516) User=0.01s Sys=0.00s Real=0.00s
[2024-10-12T11:24:33.805+0800][info] GC(517) Pause Young (Mixed) (G1 Preventive Collection)
[2024-10-12T11:24:33.805+0800][info] GC(517) Using 3 workers of 48 for evacuation
[2024-10-12T11:24:33.809+0800][info] GC(517)   Pre Evacuate Collection Set: 0.2ms
[2024-10-12T11:24:33.809+0800][info] GC(517)   Merge Heap Roots: 0.1ms
[2024-10-12T11:24:33.809+0800][info] GC(517)   Evacuate Collection Set: 2.9ms
[2024-10-12T11:24:33.809+0800][info] GC(517)   Post Evacuate Collection Set: 0.2ms
[2024-10-12T11:24:33.809+0800][info] GC(517)   Other: 0.1ms
[2024-10-12T11:24:33.809+0800][info] GC(517) Eden regions: 2->0(2)
[2024-10-12T11:24:33.809+0800][info] GC(517) Survivor regions: 1->1(1)
[2024-10-12T11:24:33.809+0800][info] GC(517) Old regions: 47->46
[2024-10-12T11:24:33.809+0800][info] GC(517) Archive regions: 2->2
[2024-10-12T11:24:33.809+0800][info] GC(517) Humongous regions: 3->3
[2024-10-12T11:24:33.809+0800][info] GC(517) Metaspace: 1675K(1856K)->1675K(1856K) NonClass: 1551K(1664K)->1551K(1664K) Class: 124K(192K)->124K(192K)
[2024-10-12T11:24:33.809+0800][info] GC(517) Pause Young (Mixed) (G1 Preventive Collection) 105M->101M(128M) 3.698ms
[2024-10-12T11:24:33.809+0800][info] GC(517) User=0.01s Sys=0.00s Real=0.00s
[2024-10-12T11:24:33.932+0800][info] GC(518) Pause Young (Normal) (G1 Evacuation Pause)
[2024-10-12T11:24:33.932+0800][info] GC(518) Using 3 workers of 48 for evacuation
[2024-10-12T11:24:33.934+0800][info] GC(518)   Pre Evacuate Collection Set: 0.1ms
[2024-10-12T11:24:33.934+0800][info] GC(518)   Merge Heap Roots: 0.0ms
[2024-10-12T11:24:33.934+0800][info] GC(518)   Evacuate Collection Set: 0.8ms
[2024-10-12T11:24:33.934+0800][info] GC(518)   Post Evacuate Collection Set: 0.2ms
[2024-10-12T11:24:33.934+0800][info] GC(518)   Other: 0.2ms
[2024-10-12T11:24:33.934+0800][info] GC(518) Eden regions: 2->0(2)
[2024-10-12T11:24:33.934+0800][info] GC(518) Survivor regions: 1->1(1)
[2024-10-12T11:24:33.934+0800][info] GC(518) Old regions: 46->48
[2024-10-12T11:24:33.934+0800][info] GC(518) Archive regions: 2->2
[2024-10-12T11:24:33.934+0800][info] GC(518) Humongous regions: 4->3
[2024-10-12T11:24:33.934+0800][info] GC(518) Metaspace: 1675K(1856K)->1675K(1856K) NonClass: 1551K(1664K)->1551K(1664K) Class: 124K(192K)->124K(192K)
[2024-10-12T11:24:33.934+0800][info] GC(518) Pause Young (Normal) (G1 Evacuation Pause) 106M->105M(128M) 1.475ms
[2024-10-12T11:24:33.934+0800][info] GC(518) User=0.00s Sys=0.00s Real=0.01s
[2024-10-12T11:24:34.036+0800][info] GC(519) Pause Young (Normal) (G1 Evacuation Pause)
[2024-10-12T11:24:34.036+0800][info] GC(519) Using 3 workers of 48 for evacuation
[2024-10-12T11:24:34.037+0800][info] GC(519)   Pre Evacuate Collection Set: 0.1ms
[2024-10-12T11:24:34.037+0800][info] GC(519)   Merge Heap Roots: 0.0ms
[2024-10-12T11:24:34.037+0800][info] GC(519)   Evacuate Collection Set: 0.8ms
[2024-10-12T11:24:34.037+0800][info] GC(519)   Post Evacuate Collection Set: 0.2ms
[2024-10-12T11:24:34.037+0800][info] GC(519)   Other: 0.2ms
[2024-10-12T11:24:34.037+0800][info] GC(519) Eden regions: 2->0(2)
[2024-10-12T11:24:34.037+0800][info] GC(519) Survivor regions: 1->1(1)
[2024-10-12T11:24:34.037+0800][info] GC(519) Old regions: 48->50
[2024-10-12T11:24:34.037+0800][info] GC(519) Archive regions: 2->2
[2024-10-12T11:24:34.037+0800][info] GC(519) Humongous regions: 3->3
[2024-10-12T11:24:34.038+0800][info] GC(519) Metaspace: 1675K(1856K)->1675K(1856K) NonClass: 1551K(1664K)->1551K(1664K) Class: 124K(192K)->124K(192K)
[2024-10-12T11:24:34.038+0800][info] GC(519) Pause Young (Normal) (G1 Evacuation Pause) 108M->109M(128M) 1.479ms
[2024-10-12T11:24:34.038+0800][info] GC(519) User=0.01s Sys=0.00s Real=0.00s
[2024-10-12T11:24:34.140+0800][info] GC(520) Pause Young (Concurrent Start) (G1 Evacuation Pause)
[2024-10-12T11:24:34.140+0800][info] GC(520) Using 3 workers of 48 for evacuation
[2024-10-12T11:24:34.141+0800][info] GC(520)   Pre Evacuate Collection Set: 0.1ms
[2024-10-12T11:24:34.141+0800][info] GC(520)   Merge Heap Roots: 0.0ms
[2024-10-12T11:24:34.141+0800][info] GC(520)   Evacuate Collection Set: 0.8ms
[2024-10-12T11:24:34.141+0800][info] GC(520)   Post Evacuate Collection Set: 0.2ms
[2024-10-12T11:24:34.141+0800][info] GC(520)   Other: 0.3ms
[2024-10-12T11:24:34.141+0800][info] GC(520) Eden regions: 2->0(2)
[2024-10-12T11:24:34.141+0800][info] GC(520) Survivor regions: 1->1(1)
[2024-10-12T11:24:34.141+0800][info] GC(520) Old regions: 50->52
[2024-10-12T11:24:34.141+0800][info] GC(520) Archive regions: 2->2
[2024-10-12T11:24:34.141+0800][info] GC(520) Humongous regions: 3->3
[2024-10-12T11:24:34.141+0800][info] GC(520) Metaspace: 1675K(1856K)->1675K(1856K) NonClass: 1551K(1664K)->1551K(1664K) Class: 124K(192K)->124K(192K)
[2024-10-12T11:24:34.141+0800][info] GC(520) Pause Young (Concurrent Start) (G1 Evacuation Pause) 112M->112M(128M) 1.624ms
[2024-10-12T11:24:34.141+0800][info] GC(520) User=0.00s Sys=0.00s Real=0.00s
[2024-10-12T11:24:34.141+0800][info] GC(521) Concurrent Mark Cycle
[2024-10-12T11:24:34.141+0800][info] GC(521) Concurrent Clear Claimed Marks
[2024-10-12T11:24:34.141+0800][info] GC(521) Concurrent Clear Claimed Marks 0.017ms
[2024-10-12T11:24:34.141+0800][info] GC(521) Concurrent Scan Root Regions
[2024-10-12T11:24:34.142+0800][info] GC(521) Concurrent Scan Root Regions 0.157ms
[2024-10-12T11:24:34.142+0800][info] GC(521) Concurrent Mark
[2024-10-12T11:24:34.142+0800][info] GC(521) Concurrent Mark From Roots
[2024-10-12T11:24:34.142+0800][info] GC(521) Using 12 workers of 12 for marking
[2024-10-12T11:24:34.145+0800][info] GC(521) Concurrent Mark From Roots 3.229ms
[2024-10-12T11:24:34.145+0800][info] GC(521) Concurrent Preclean
[2024-10-12T11:24:34.147+0800][info] GC(521) Concurrent Preclean 1.713ms
[2024-10-12T11:24:34.147+0800][info] GC(521) Pause Remark
[2024-10-12T11:24:34.148+0800][info] GC(521) Pause Remark 112M->112M(128M) 1.569ms
[2024-10-12T11:24:34.148+0800][info] GC(521) User=0.00s Sys=0.00s Real=0.00s
[2024-10-12T11:24:34.148+0800][info] GC(521) Concurrent Mark 6.773ms
[2024-10-12T11:24:34.148+0800][info] GC(521) Concurrent Rebuild Remembered Sets
[2024-10-12T11:24:34.150+0800][info] GC(521) Concurrent Rebuild Remembered Sets 1.502ms
[2024-10-12T11:24:34.150+0800][info] GC(521) Pause Cleanup
[2024-10-12T11:24:34.150+0800][info] GC(521) Pause Cleanup 112M->112M(128M) 0.253ms
[2024-10-12T11:24:34.150+0800][info] GC(521) User=0.00s Sys=0.00s Real=0.00s
[2024-10-12T11:24:34.150+0800][info] GC(521) Concurrent Cleanup for Next Mark
[2024-10-12T11:24:34.151+0800][info] GC(521) Concurrent Cleanup for Next Mark 0.377ms
[2024-10-12T11:24:34.151+0800][info] GC(521) Concurrent Mark Cycle 9.458ms
[2024-10-12T11:24:34.294+0800][info] GC(522) Pause Young (Prepare Mixed) (G1 Preventive Collection)
[2024-10-12T11:24:34.295+0800][info] GC(522) Using 3 workers of 48 for evacuation
[2024-10-12T11:24:34.296+0800][info] GC(522)   Pre Evacuate Collection Set: 0.1ms
[2024-10-12T11:24:34.296+0800][info] GC(522)   Merge Heap Roots: 0.1ms
[2024-10-12T11:24:34.296+0800][info] GC(522)   Evacuate Collection Set: 0.8ms
[2024-10-12T11:24:34.296+0800][info] GC(522)   Post Evacuate Collection Set: 0.2ms
[2024-10-12T11:24:34.296+0800][info] GC(522)   Other: 0.2ms
[2024-10-12T11:24:34.296+0800][info] GC(522) Eden regions: 2->0(2)
[2024-10-12T11:24:34.296+0800][info] GC(522) Survivor regions: 1->1(1)
[2024-10-12T11:24:34.296+0800][info] GC(522) Old regions: 52->53
[2024-10-12T11:24:34.296+0800][info] GC(522) Archive regions: 2->2
[2024-10-12T11:24:34.296+0800][info] GC(522) Humongous regions: 3->3
[2024-10-12T11:24:34.296+0800][info] GC(522) Metaspace: 1675K(1856K)->1675K(1856K) NonClass: 1551K(1664K)->1551K(1664K) Class: 124K(192K)->124K(192K)
[2024-10-12T11:24:34.296+0800][info] GC(522) Pause Young (Prepare Mixed) (G1 Preventive Collection) 115M->115M(128M) 1.456ms
[2024-10-12T11:24:34.296+0800][info] GC(522) User=0.00s Sys=0.00s Real=0.00s
[2024-10-12T11:24:34.357+0800][info] GC(523) Pause Young (Mixed) (G1 Preventive Collection)
[2024-10-12T11:24:34.357+0800][info] GC(523) Using 3 workers of 48 for evacuation
[2024-10-12T11:24:34.359+0800][info] GC(523)   Pre Evacuate Collection Set: 0.1ms
[2024-10-12T11:24:34.359+0800][info] GC(523)   Merge Heap Roots: 0.1ms
[2024-10-12T11:24:34.359+0800][info] GC(523)   Evacuate Collection Set: 1.1ms
[2024-10-12T11:24:34.359+0800][info] GC(523)   Post Evacuate Collection Set: 0.2ms
[2024-10-12T11:24:34.359+0800][info] GC(523)   Other: 0.2ms
[2024-10-12T11:24:34.359+0800][info] GC(523) Eden regions: 1->0(2)
[2024-10-12T11:24:34.359+0800][info] GC(523) Survivor regions: 1->1(1)
[2024-10-12T11:24:34.359+0800][info] GC(523) Old regions: 53->50
[2024-10-12T11:24:34.359+0800][info] GC(523) Archive regions: 2->2
[2024-10-12T11:24:34.359+0800][info] GC(523) Humongous regions: 3->3
[2024-10-12T11:24:34.359+0800][info] GC(523) Metaspace: 1675K(1856K)->1675K(1856K) NonClass: 1551K(1664K)->1551K(1664K) Class: 124K(192K)->124K(192K)
[2024-10-12T11:24:34.359+0800][info] GC(523) Pause Young (Mixed) (G1 Preventive Collection) 117M->108M(128M) 1.829ms
[2024-10-12T11:24:34.359+0800][info] GC(523) User=0.00s Sys=0.00s Real=0.00s
[2024-10-12T11:24:34.461+0800][info] GC(524) Pause Young (Mixed) (G1 Preventive Collection)
[2024-10-12T11:24:34.461+0800][info] GC(524) Using 3 workers of 48 for evacuation
[2024-10-12T11:24:34.463+0800][info] GC(524)   Pre Evacuate Collection Set: 0.1ms
[2024-10-12T11:24:34.463+0800][info] GC(524)   Merge Heap Roots: 0.1ms
[2024-10-12T11:24:34.463+0800][info] GC(524)   Evacuate Collection Set: 1.5ms
[2024-10-12T11:24:34.463+0800][info] GC(524)   Post Evacuate Collection Set: 0.2ms
[2024-10-12T11:24:34.463+0800][info] GC(524)   Other: 0.1ms
[2024-10-12T11:24:34.463+0800][info] GC(524) Eden regions: 2->0(2)
[2024-10-12T11:24:34.463+0800][info] GC(524) Survivor regions: 1->1(1)
[2024-10-12T11:24:34.463+0800][info] GC(524) Old regions: 50->49
[2024-10-12T11:24:34.463+0800][info] GC(524) Archive regions: 2->2
[2024-10-12T11:24:34.463+0800][info] GC(524) Humongous regions: 3->3
[2024-10-12T11:24:34.463+0800][info] GC(524) Metaspace: 1675K(1856K)->1675K(1856K) NonClass: 1551K(1664K)->1551K(1664K) Class: 124K(192K)->124K(192K)
[2024-10-12T11:24:34.463+0800][info] GC(524) Pause Young (Mixed) (G1 Preventive Collection) 112M->106M(128M) 2.155ms
[2024-10-12T11:24:34.463+0800][info] GC(524) User=0.01s Sys=0.00s Real=0.00s
[2024-10-12T11:24:34.575+0800][info] GC(525) Pause Young (Mixed) (G1 Preventive Collection)
[2024-10-12T11:24:34.575+0800][info] GC(525) Using 3 workers of 48 for evacuation
[2024-10-12T11:24:34.588+0800][info] GC(525)   Pre Evacuate Collection Set: 0.3ms
[2024-10-12T11:24:34.588+0800][info] GC(525)   Merge Heap Roots: 0.1ms
[2024-10-12T11:24:34.588+0800][info] GC(525)   Evacuate Collection Set: 11.5ms
[2024-10-12T11:24:34.588+0800][info] GC(525)   Post Evacuate Collection Set: 0.5ms
[2024-10-12T11:24:34.588+0800][info] GC(525)   Other: 0.2ms
[2024-10-12T11:24:34.588+0800][info] GC(525) Eden regions: 2->0(2)
[2024-10-12T11:24:34.588+0800][info] GC(525) Survivor regions: 1->1(1)
[2024-10-12T11:24:34.588+0800][info] GC(525) Old regions: 49->48
[2024-10-12T11:24:34.588+0800][info] GC(525) Archive regions: 2->2
[2024-10-12T11:24:34.588+0800][info] GC(525) Humongous regions: 3->3
[2024-10-12T11:24:34.588+0800][info] GC(525) Metaspace: 1675K(1856K)->1675K(1856K) NonClass: 1551K(1664K)->1551K(1664K) Class: 124K(192K)->124K(192K)
[2024-10-12T11:24:34.588+0800][info] GC(525) Pause Young (Mixed) (G1 Preventive Collection) 109M->104M(128M) 12.808ms
[2024-10-12T11:24:34.588+0800][info] GC(525) User=0.01s Sys=0.02s Real=0.01s
[2024-10-12T11:24:34.690+0800][info] GC(526) Pause Young (Mixed) (G1 Preventive Collection)
[2024-10-12T11:24:34.690+0800][info] GC(526) Using 3 workers of 48 for evacuation
[2024-10-12T11:24:34.699+0800][info] GC(526)   Pre Evacuate Collection Set: 0.2ms
[2024-10-12T11:24:34.699+0800][info] GC(526)   Merge Heap Roots: 0.1ms
[2024-10-12T11:24:34.699+0800][info] GC(526)   Evacuate Collection Set: 8.3ms
[2024-10-12T11:24:34.699+0800][info] GC(526)   Post Evacuate Collection Set: 0.3ms
[2024-10-12T11:24:34.699+0800][info] GC(526)   Other: 0.2ms
[2024-10-12T11:24:34.699+0800][info] GC(526) Eden regions: 2->0(2)
[2024-10-12T11:24:34.699+0800][info] GC(526) Survivor regions: 1->1(1)
[2024-10-12T11:24:34.699+0800][info] GC(526) Old regions: 48->48
[2024-10-12T11:24:34.700+0800][info] GC(526) Archive regions: 2->2
[2024-10-12T11:24:34.700+0800][info] GC(526) Humongous regions: 3->3
[2024-10-12T11:24:34.700+0800][info] GC(526) Metaspace: 1675K(1856K)->1675K(1856K) NonClass: 1551K(1664K)->1551K(1664K) Class: 124K(192K)->124K(192K)
[2024-10-12T11:24:34.700+0800][info] GC(526) Pause Young (Mixed) (G1 Preventive Collection) 108M->104M(128M) 9.149ms
[2024-10-12T11:24:34.700+0800][info] GC(526) User=0.02s Sys=0.01s Real=0.01s
[2024-10-12T11:24:34.803+0800][info] GC(527) Pause Young (Mixed) (G1 Preventive Collection)
[2024-10-12T11:24:34.803+0800][info] GC(527) Using 3 workers of 48 for evacuation
[2024-10-12T11:24:34.809+0800][info] GC(527)   Pre Evacuate Collection Set: 0.2ms
[2024-10-12T11:24:34.809+0800][info] GC(527)   Merge Heap Roots: 0.1ms
[2024-10-12T11:24:34.809+0800][info] GC(527)   Evacuate Collection Set: 5.2ms
[2024-10-12T11:24:34.809+0800][info] GC(527)   Post Evacuate Collection Set: 0.3ms
[2024-10-12T11:24:34.809+0800][info] GC(527)   Other: 0.2ms
[2024-10-12T11:24:34.809+0800][info] GC(527) Eden regions: 2->0(2)
[2024-10-12T11:24:34.809+0800][info] GC(527) Survivor regions: 1->1(1)
[2024-10-12T11:24:34.809+0800][info] GC(527) Old regions: 48->47
[2024-10-12T11:24:34.809+0800][info] GC(527) Archive regions: 2->2
[2024-10-12T11:24:34.809+0800][info] GC(527) Humongous regions: 3->3
[2024-10-12T11:24:34.809+0800][info] GC(527) Metaspace: 1675K(1856K)->1675K(1856K) NonClass: 1551K(1664K)->1551K(1664K) Class: 124K(192K)->124K(192K)
[2024-10-12T11:24:34.809+0800][info] GC(527) Pause Young (Mixed) (G1 Preventive Collection) 108M->102M(128M) 6.020ms
[2024-10-12T11:24:34.809+0800][info] GC(527) User=0.01s Sys=0.01s Real=0.01s
[2024-10-12T11:24:34.911+0800][info] GC(528) Pause Young (Mixed) (G1 Evacuation Pause)
[2024-10-12T11:24:34.911+0800][info] GC(528) Using 3 workers of 48 for evacuation
[2024-10-12T11:24:34.919+0800][info] GC(528)   Pre Evacuate Collection Set: 0.2ms
[2024-10-12T11:24:34.919+0800][info] GC(528)   Merge Heap Roots: 0.1ms
[2024-10-12T11:24:34.919+0800][info] GC(528)   Evacuate Collection Set: 7.3ms
[2024-10-12T11:24:34.919+0800][info] GC(528)   Post Evacuate Collection Set: 0.2ms
[2024-10-12T11:24:34.919+0800][info] GC(528)   Other: 0.1ms
[2024-10-12T11:24:34.919+0800][info] GC(528) Eden regions: 2->0(2)
[2024-10-12T11:24:34.919+0800][info] GC(528) Survivor regions: 1->1(1)
[2024-10-12T11:24:34.919+0800][info] GC(528) Old regions: 47->46
[2024-10-12T11:24:34.919+0800][info] GC(528) Archive regions: 2->2
[2024-10-12T11:24:34.919+0800][info] GC(528) Humongous regions: 3->3
[2024-10-12T11:24:34.919+0800][info] GC(528) Metaspace: 1675K(1856K)->1675K(1856K) NonClass: 1551K(1664K)->1551K(1664K) Class: 124K(192K)->124K(192K)
[2024-10-12T11:24:34.919+0800][info] GC(528) Pause Young (Mixed) (G1 Evacuation Pause) 106M->101M(128M) 8.152ms
[2024-10-12T11:24:34.919+0800][info] GC(528) User=0.02s Sys=0.01s Real=0.01s
[2024-10-12T11:24:35.021+0800][info] GC(529) Pause Young (Mixed) (G1 Evacuation Pause)
[2024-10-12T11:24:35.021+0800][info] GC(529) Using 3 workers of 48 for evacuation
[2024-10-12T11:24:35.029+0800][info] GC(529)   Pre Evacuate Collection Set: 0.1ms
[2024-10-12T11:24:35.029+0800][info] GC(529)   Merge Heap Roots: 0.1ms
[2024-10-12T11:24:35.029+0800][info] GC(529)   Evacuate Collection Set: 6.9ms
[2024-10-12T11:24:35.029+0800][info] GC(529)   Post Evacuate Collection Set: 0.3ms
[2024-10-12T11:24:35.029+0800][info] GC(529)   Other: 0.2ms
[2024-10-12T11:24:35.029+0800][info] GC(529) Eden regions: 2->0(2)
[2024-10-12T11:24:35.029+0800][info] GC(529) Survivor regions: 1->1(1)
[2024-10-12T11:24:35.029+0800][info] GC(529) Old regions: 46->46
[2024-10-12T11:24:35.029+0800][info] GC(529) Archive regions: 2->2
[2024-10-12T11:24:35.029+0800][info] GC(529) Humongous regions: 3->3
[2024-10-12T11:24:35.029+0800][info] GC(529) Metaspace: 1675K(1856K)->1675K(1856K) NonClass: 1551K(1664K)->1551K(1664K) Class: 124K(192K)->124K(192K)
[2024-10-12T11:24:35.029+0800][info] GC(529) Pause Young (Mixed) (G1 Evacuation Pause) 105M->101M(128M) 7.654ms
[2024-10-12T11:24:35.029+0800][info] GC(529) User=0.01s Sys=0.01s Real=0.01s
[2024-10-12T11:24:35.131+0800][info] GC(530) Pause Young (Normal) (G1 Evacuation Pause)
[2024-10-12T11:24:35.131+0800][info] GC(530) Using 3 workers of 48 for evacuation
[2024-10-12T11:24:35.133+0800][info] GC(530)   Pre Evacuate Collection Set: 0.1ms
[2024-10-12T11:24:35.133+0800][info] GC(530)   Merge Heap Roots: 0.0ms
[2024-10-12T11:24:35.133+0800][info] GC(530)   Evacuate Collection Set: 1.3ms
[2024-10-12T11:24:35.133+0800][info] GC(530)   Post Evacuate Collection Set: 0.2ms
[2024-10-12T11:24:35.133+0800][info] GC(530)   Other: 0.2ms
[2024-10-12T11:24:35.133+0800][info] GC(530) Eden regions: 2->0(2)
[2024-10-12T11:24:35.133+0800][info] GC(530) Survivor regions: 1->1(1)
[2024-10-12T11:24:35.133+0800][info] GC(530) Old regions: 46->48
[2024-10-12T11:24:35.133+0800][info] GC(530) Archive regions: 2->2
[2024-10-12T11:24:35.133+0800][info] GC(530) Humongous regions: 3->3
[2024-10-12T11:24:35.133+0800][info] GC(530) Metaspace: 1675K(1856K)->1675K(1856K) NonClass: 1551K(1664K)->1551K(1664K) Class: 124K(192K)->124K(192K)
[2024-10-12T11:24:35.133+0800][info] GC(530) Pause Young (Normal) (G1 Evacuation Pause) 104M->105M(128M) 2.075ms
[2024-10-12T11:24:35.133+0800][info] GC(530) User=0.01s Sys=0.00s Real=0.01s
[2024-10-12T11:24:35.235+0800][info] GC(531) Pause Young (Normal) (G1 Evacuation Pause)
[2024-10-12T11:24:35.236+0800][info] GC(531) Using 3 workers of 48 for evacuation
[2024-10-12T11:24:35.237+0800][info] GC(531)   Pre Evacuate Collection Set: 0.1ms
[2024-10-12T11:24:35.237+0800][info] GC(531)   Merge Heap Roots: 0.0ms
[2024-10-12T11:24:35.237+0800][info] GC(531)   Evacuate Collection Set: 1.5ms
[2024-10-12T11:24:35.237+0800][info] GC(531)   Post Evacuate Collection Set: 0.2ms
[2024-10-12T11:24:35.237+0800][info] GC(531)   Other: 0.2ms
[2024-10-12T11:24:35.237+0800][info] GC(531) Eden regions: 2->0(2)
[2024-10-12T11:24:35.238+0800][info] GC(531) Survivor regions: 1->1(1)
[2024-10-12T11:24:35.238+0800][info] GC(531) Old regions: 48->50
[2024-10-12T11:24:35.238+0800][info] GC(531) Archive regions: 2->2
[2024-10-12T11:24:35.238+0800][info] GC(531) Humongous regions: 3->3
[2024-10-12T11:24:35.238+0800][info] GC(531) Metaspace: 1675K(1856K)->1675K(1856K) NonClass: 1551K(1664K)->1551K(1664K) Class: 124K(192K)->124K(192K)
[2024-10-12T11:24:35.238+0800][info] GC(531) Pause Young (Normal) (G1 Evacuation Pause) 108M->109M(128M) 2.100ms
[2024-10-12T11:24:35.238+0800][info] GC(531) User=0.00s Sys=0.00s Real=0.00s
[2024-10-12T11:24:35.340+0800][info] GC(532) Pause Young (Concurrent Start) (G1 Evacuation Pause)
[2024-10-12T11:24:35.340+0800][info] GC(532) Using 3 workers of 48 for evacuation
[2024-10-12T11:24:35.342+0800][info] GC(532)   Pre Evacuate Collection Set: 0.1ms
[2024-10-12T11:24:35.342+0800][info] GC(532)   Merge Heap Roots: 0.0ms
[2024-10-12T11:24:35.342+0800][info] GC(532)   Evacuate Collection Set: 1.3ms
[2024-10-12T11:24:35.342+0800][info] GC(532)   Post Evacuate Collection Set: 0.2ms
[2024-10-12T11:24:35.342+0800][info] GC(532)   Other: 0.3ms
[2024-10-12T11:24:35.342+0800][info] GC(532) Eden regions: 2->0(2)
[2024-10-12T11:24:35.342+0800][info] GC(532) Survivor regions: 1->1(1)
[2024-10-12T11:24:35.342+0800][info] GC(532) Old regions: 50->52
[2024-10-12T11:24:35.342+0800][info] GC(532) Archive regions: 2->2
[2024-10-12T11:24:35.342+0800][info] GC(532) Humongous regions: 3->3
[2024-10-12T11:24:35.342+0800][info] GC(532) Metaspace: 1675K(1856K)->1675K(1856K) NonClass: 1551K(1664K)->1551K(1664K) Class: 124K(192K)->124K(192K)
[2024-10-12T11:24:35.342+0800][info] GC(532) Pause Young (Concurrent Start) (G1 Evacuation Pause) 112M->113M(128M) 2.097ms
[2024-10-12T11:24:35.342+0800][info] GC(532) User=0.01s Sys=0.00s Real=0.00s
[2024-10-12T11:24:35.342+0800][info] GC(533) Concurrent Mark Cycle
[2024-10-12T11:24:35.342+0800][info] GC(533) Concurrent Clear Claimed Marks
[2024-10-12T11:24:35.342+0800][info] GC(533) Concurrent Clear Claimed Marks 0.018ms
[2024-10-12T11:24:35.342+0800][info] GC(533) Concurrent Scan Root Regions
[2024-10-12T11:24:35.342+0800][info] GC(533) Concurrent Scan Root Regions 0.177ms
[2024-10-12T11:24:35.342+0800][info] GC(533) Concurrent Mark
[2024-10-12T11:24:35.342+0800][info] GC(533) Concurrent Mark From Roots
[2024-10-12T11:24:35.342+0800][info] GC(533) Using 12 workers of 12 for marking
[2024-10-12T11:24:35.347+0800][info] GC(533) Concurrent Mark From Roots 5.388ms
[2024-10-12T11:24:35.348+0800][info] GC(533) Concurrent Preclean
[2024-10-12T11:24:35.349+0800][info] GC(533) Concurrent Preclean 1.719ms
[2024-10-12T11:24:35.349+0800][info] GC(533) Pause Remark
[2024-10-12T11:24:35.351+0800][info] GC(533) Pause Remark 113M->113M(128M) 2.012ms
[2024-10-12T11:24:35.352+0800][info] GC(533) User=0.00s Sys=0.00s Real=0.00s
[2024-10-12T11:24:35.352+0800][info] GC(533) Concurrent Mark 9.532ms
[2024-10-12T11:24:35.352+0800][info] GC(533) Concurrent Rebuild Remembered Sets
[2024-10-12T11:24:35.353+0800][info] GC(533) Concurrent Rebuild Remembered Sets 1.088ms
[2024-10-12T11:24:35.353+0800][info] GC(533) Pause Cleanup
[2024-10-12T11:24:35.353+0800][info] GC(533) Pause Cleanup 113M->113M(128M) 0.227ms
[2024-10-12T11:24:35.353+0800][info] GC(533) User=0.00s Sys=0.00s Real=0.01s
[2024-10-12T11:24:35.353+0800][info] GC(533) Concurrent Cleanup for Next Mark
[2024-10-12T11:24:35.353+0800][info] GC(533) Concurrent Cleanup for Next Mark 0.265ms
[2024-10-12T11:24:35.353+0800][info] GC(533) Concurrent Mark Cycle 11.686ms
[2024-10-12T11:24:35.495+0800][info] GC(534) Pause Young (Prepare Mixed) (G1 Preventive Collection)
[2024-10-12T11:24:35.495+0800][info] GC(534) Using 3 workers of 48 for evacuation
[2024-10-12T11:24:35.498+0800][info] GC(534)   Pre Evacuate Collection Set: 0.1ms
[2024-10-12T11:24:35.498+0800][info] GC(534)   Merge Heap Roots: 0.1ms
[2024-10-12T11:24:35.498+0800][info] GC(534)   Evacuate Collection Set: 2.0ms
[2024-10-12T11:24:35.498+0800][info] GC(534)   Post Evacuate Collection Set: 0.2ms
[2024-10-12T11:24:35.498+0800][info] GC(534)   Other: 0.2ms
[2024-10-12T11:24:35.498+0800][info] GC(534) Eden regions: 2->0(2)
[2024-10-12T11:24:35.498+0800][info] GC(534) Survivor regions: 1->1(1)
[2024-10-12T11:24:35.498+0800][info] GC(534) Old regions: 52->54
[2024-10-12T11:24:35.498+0800][info] GC(534) Archive regions: 2->2
[2024-10-12T11:24:35.498+0800][info] GC(534) Humongous regions: 3->3
[2024-10-12T11:24:35.498+0800][info] GC(534) Metaspace: 1675K(1856K)->1675K(1856K) NonClass: 1551K(1664K)->1551K(1664K) Class: 124K(192K)->124K(192K)
[2024-10-12T11:24:35.498+0800][info] GC(534) Pause Young (Prepare Mixed) (G1 Preventive Collection) 116M->117M(128M) 2.713ms
[2024-10-12T11:24:35.498+0800][info] GC(534) User=0.01s Sys=0.00s Real=0.00s
[2024-10-12T11:24:35.559+0800][info] GC(535) Pause Young (Mixed) (G1 Preventive Collection)
[2024-10-12T11:24:35.559+0800][info] GC(535) Using 3 workers of 48 for evacuation
[2024-10-12T11:24:35.562+0800][info] GC(535) To-space exhausted
[2024-10-12T11:24:35.562+0800][info] GC(535)   Pre Evacuate Collection Set: 0.2ms
[2024-10-12T11:24:35.562+0800][info] GC(535)   Merge Heap Roots: 0.0ms
[2024-10-12T11:24:35.562+0800][info] GC(535)   Evacuate Collection Set: 2.3ms
[2024-10-12T11:24:35.562+0800][info] GC(535)   Post Evacuate Collection Set: 0.2ms
[2024-10-12T11:24:35.562+0800][info] GC(535)   Other: 0.2ms
[2024-10-12T11:24:35.562+0800][info] GC(535) Eden regions: 1->0(2)
[2024-10-12T11:24:35.562+0800][info] GC(535) Survivor regions: 1->1(1)
[2024-10-12T11:24:35.562+0800][info] GC(535) Old regions: 54->54
[2024-10-12T11:24:35.562+0800][info] GC(535) Archive regions: 2->2
[2024-10-12T11:24:35.562+0800][info] GC(535) Humongous regions: 3->3
[2024-10-12T11:24:35.562+0800][info] GC(535) Metaspace: 1675K(1856K)->1675K(1856K) NonClass: 1551K(1664K)->1551K(1664K) Class: 124K(192K)->124K(192K)
[2024-10-12T11:24:35.562+0800][info] GC(535) Pause Young (Mixed) (G1 Preventive Collection) 118M->117M(128M) 2.993ms
[2024-10-12T11:24:35.562+0800][info] GC(535) User=0.01s Sys=0.00s Real=0.00s
[2024-10-12T11:24:35.603+0800][info] GC(536) Pause Young (Mixed) (G1 Preventive Collection)
[2024-10-12T11:24:35.603+0800][info] GC(536) Using 3 workers of 48 for evacuation
[2024-10-12T11:24:35.607+0800][info] GC(536) To-space exhausted
[2024-10-12T11:24:35.607+0800][info] GC(536)   Pre Evacuate Collection Set: 0.2ms
[2024-10-12T11:24:35.607+0800][info] GC(536)   Merge Heap Roots: 0.1ms
[2024-10-12T11:24:35.607+0800][info] GC(536)   Evacuate Collection Set: 3.5ms
[2024-10-12T11:24:35.607+0800][info] GC(536)   Post Evacuate Collection Set: 0.3ms
[2024-10-12T11:24:35.607+0800][info] GC(536)   Other: 0.2ms
[2024-10-12T11:24:35.607+0800][info] GC(536) Eden regions: 1->0(2)
[2024-10-12T11:24:35.607+0800][info] GC(536) Survivor regions: 1->1(1)
[2024-10-12T11:24:35.607+0800][info] GC(536) Old regions: 54->56
[2024-10-12T11:24:35.607+0800][info] GC(536) Archive regions: 2->2
[2024-10-12T11:24:35.607+0800][info] GC(536) Humongous regions: 3->3
[2024-10-12T11:24:35.607+0800][info] GC(536) Metaspace: 1675K(1856K)->1675K(1856K) NonClass: 1551K(1664K)->1551K(1664K) Class: 124K(192K)->124K(192K)
[2024-10-12T11:24:35.607+0800][info] GC(536) Pause Young (Mixed) (G1 Preventive Collection) 119M->121M(128M) 4.309ms
[2024-10-12T11:24:35.607+0800][info] GC(536) User=0.00s Sys=0.00s Real=0.01s
[2024-10-12T11:24:35.669+0800][info] GC(537) Pause Young (Mixed) (G1 Preventive Collection)
[2024-10-12T11:24:35.669+0800][info] GC(537) Using 3 workers of 48 for evacuation
[2024-10-12T11:24:35.672+0800][info] GC(537) To-space exhausted
[2024-10-12T11:24:35.672+0800][info] GC(537)   Pre Evacuate Collection Set: 0.2ms
[2024-10-12T11:24:35.672+0800][info] GC(537)   Merge Heap Roots: 0.1ms
[2024-10-12T11:24:35.672+0800][info] GC(537)   Evacuate Collection Set: 1.6ms
[2024-10-12T11:24:35.672+0800][info] GC(537)   Post Evacuate Collection Set: 0.9ms
[2024-10-12T11:24:35.672+0800][info] GC(537)   Other: 0.1ms
[2024-10-12T11:24:35.672+0800][info] GC(537) Eden regions: 1->0(2)
[2024-10-12T11:24:35.672+0800][info] GC(537) Survivor regions: 1->1(1)
[2024-10-12T11:24:35.672+0800][info] GC(537) Old regions: 56->57
[2024-10-12T11:24:35.672+0800][info] GC(537) Archive regions: 2->2
[2024-10-12T11:24:35.672+0800][info] GC(537) Humongous regions: 3->3
[2024-10-12T11:24:35.672+0800][info] GC(537) Metaspace: 1675K(1856K)->1675K(1856K) NonClass: 1551K(1664K)->1551K(1664K) Class: 124K(192K)->124K(192K)
[2024-10-12T11:24:35.672+0800][info] GC(537) Pause Young (Mixed) (G1 Preventive Collection) 123M->123M(128M) 3.002ms
[2024-10-12T11:24:35.672+0800][info] GC(537) User=0.01s Sys=0.00s Real=0.00s
[2024-10-12T11:24:35.713+0800][info] GC(538) Pause Young (Mixed) (G1 Evacuation Pause)
[2024-10-12T11:24:35.713+0800][info] GC(538) Using 3 workers of 48 for evacuation
[2024-10-12T11:24:35.716+0800][info] GC(538) To-space exhausted
[2024-10-12T11:24:35.716+0800][info] GC(538)   Pre Evacuate Collection Set: 0.2ms
[2024-10-12T11:24:35.716+0800][info] GC(538)   Merge Heap Roots: 0.1ms
[2024-10-12T11:24:35.716+0800][info] GC(538)   Evacuate Collection Set: 1.5ms
[2024-10-12T11:24:35.716+0800][info] GC(538)   Post Evacuate Collection Set: 1.4ms
[2024-10-12T11:24:35.716+0800][info] GC(538)   Other: 0.2ms
[2024-10-12T11:24:35.716+0800][info] GC(538) Eden regions: 1->0(3)
[2024-10-12T11:24:35.716+0800][info] GC(538) Survivor regions: 1->0(0)
[2024-10-12T11:24:35.716+0800][info] GC(538) Old regions: 57->59
[2024-10-12T11:24:35.716+0800][info] GC(538) Archive regions: 2->2
[2024-10-12T11:24:35.717+0800][info] GC(538) Humongous regions: 3->3
[2024-10-12T11:24:35.717+0800][info] GC(538) Metaspace: 1675K(1856K)->1675K(1856K) NonClass: 1551K(1664K)->1551K(1664K) Class: 124K(192K)->124K(192K)
[2024-10-12T11:24:35.717+0800][info] GC(538) Pause Young (Mixed) (G1 Evacuation Pause) 124M->124M(128M) 3.391ms
[2024-10-12T11:24:35.717+0800][info] GC(538) User=0.00s Sys=0.00s Real=0.00s
[2024-10-12T11:24:35.717+0800][info] Attempting full compaction
[2024-10-12T11:24:35.717+0800][info] GC(539) Using 3 workers of 48 for full compaction
[2024-10-12T11:24:35.717+0800][info] GC(539) Pause Full (G1 Compaction Pause)
[2024-10-12T11:24:35.717+0800][info] GC(539) Phase 1: Mark live objects
[2024-10-12T11:24:35.720+0800][info] GC(539) Phase 1: Mark live objects 3.175ms
[2024-10-12T11:24:35.720+0800][info] GC(539) Phase 2: Prepare for compaction
[2024-10-12T11:24:35.721+0800][info] GC(539) Phase 2: Prepare for compaction 0.637ms
[2024-10-12T11:24:35.721+0800][info] GC(539) Phase 3: Adjust pointers
[2024-10-12T11:24:35.722+0800][info] GC(539) Phase 3: Adjust pointers 1.623ms
[2024-10-12T11:24:35.722+0800][info] GC(539) Phase 4: Compact heap
[2024-10-12T11:24:35.741+0800][info] GC(539) Phase 4: Compact heap 18.494ms
[2024-10-12T11:24:35.742+0800][info] GC(539) Eden regions: 0->0(4)
[2024-10-12T11:24:35.742+0800][info] GC(539) Survivor regions: 0->0(0)
[2024-10-12T11:24:35.742+0800][info] GC(539) Old regions: 59->37
[2024-10-12T11:24:35.742+0800][info] GC(539) Archive regions: 2->2
[2024-10-12T11:24:35.742+0800][info] GC(539) Humongous regions: 3->3
[2024-10-12T11:24:35.742+0800][info] GC(539) Metaspace: 1675K(1856K)->1675K(1856K) NonClass: 1551K(1664K)->1551K(1664K) Class: 124K(192K)->124K(192K)
[2024-10-12T11:24:35.743+0800][info] GC(539) Pause Full (G1 Compaction Pause) 124M->71M(128M) 25.770ms
[2024-10-12T11:24:35.743+0800][info] GC(539) User=0.05s Sys=0.01s Real=0.02s
[2024-10-12T11:24:35.968+0800][info] GC(540) Pause Young (Normal) (G1 Evacuation Pause)
[2024-10-12T11:24:35.968+0800][info] GC(540) Using 3 workers of 48 for evacuation
[2024-10-12T11:24:35.970+0800][info] GC(540)   Pre Evacuate Collection Set: 0.1ms
[2024-10-12T11:24:35.970+0800][info] GC(540)   Merge Heap Roots: 0.0ms
[2024-10-12T11:24:35.970+0800][info] GC(540)   Evacuate Collection Set: 2.3ms
[2024-10-12T11:24:35.970+0800][info] GC(540)   Post Evacuate Collection Set: 0.2ms
[2024-10-12T11:24:35.971+0800][info] GC(540)   Other: 0.2ms
[2024-10-12T11:24:35.971+0800][info] GC(540) Eden regions: 4->0(3)
[2024-10-12T11:24:35.971+0800][info] GC(540) Survivor regions: 0->1(1)
[2024-10-12T11:24:35.971+0800][info] GC(540) Old regions: 37->40
[2024-10-12T11:24:35.971+0800][info] GC(540) Archive regions: 2->2
[2024-10-12T11:24:35.971+0800][info] GC(540) Humongous regions: 3->3
[2024-10-12T11:24:35.971+0800][info] GC(540) Metaspace: 1675K(1856K)->1675K(1856K) NonClass: 1551K(1664K)->1551K(1664K) Class: 124K(192K)->124K(192K)
[2024-10-12T11:24:35.971+0800][info] GC(540) Pause Young (Normal) (G1 Evacuation Pause) 79M->79M(128M) 2.978ms
[2024-10-12T11:24:35.971+0800][info] GC(540) User=0.01s Sys=0.00s Real=0.00s
[2024-10-12T11:24:36.134+0800][info] GC(541) Pause Young (Normal) (G1 Evacuation Pause)
[2024-10-12T11:24:36.135+0800][info] GC(541) Using 3 workers of 48 for evacuation
[2024-10-12T11:24:36.136+0800][info] GC(541)   Pre Evacuate Collection Set: 0.1ms
[2024-10-12T11:24:36.136+0800][info] GC(541)   Merge Heap Roots: 0.1ms
[2024-10-12T11:24:36.136+0800][info] GC(541)   Evacuate Collection Set: 1.1ms
[2024-10-12T11:24:36.136+0800][info] GC(541)   Post Evacuate Collection Set: 0.2ms
[2024-10-12T11:24:36.136+0800][info] GC(541)   Other: 0.2ms
[2024-10-12T11:24:36.136+0800][info] GC(541) Eden regions: 3->0(2)
[2024-10-12T11:24:36.136+0800][info] GC(541) Survivor regions: 1->1(1)
[2024-10-12T11:24:36.136+0800][info] GC(541) Old regions: 40->43
[2024-10-12T11:24:36.136+0800][info] GC(541) Archive regions: 2->2
[2024-10-12T11:24:36.136+0800][info] GC(541) Humongous regions: 4->4
[2024-10-12T11:24:36.136+0800][info] GC(541) Metaspace: 1675K(1856K)->1675K(1856K) NonClass: 1551K(1664K)->1551K(1664K) Class: 124K(192K)->124K(192K)
[2024-10-12T11:24:36.136+0800][info] GC(541) Pause Young (Normal) (G1 Evacuation Pause) 87M->86M(128M) 1.798ms
[2024-10-12T11:24:36.136+0800][info] GC(541) User=0.00s Sys=0.01s Real=0.00s
[2024-10-12T11:24:36.238+0800][info] GC(542) Pause Young (Normal) (G1 Evacuation Pause)
[2024-10-12T11:24:36.238+0800][info] GC(542) Using 3 workers of 48 for evacuation
[2024-10-12T11:24:36.240+0800][info] GC(542)   Pre Evacuate Collection Set: 0.1ms
[2024-10-12T11:24:36.240+0800][info] GC(542)   Merge Heap Roots: 0.0ms
[2024-10-12T11:24:36.240+0800][info] GC(542)   Evacuate Collection Set: 1.2ms
[2024-10-12T11:24:36.240+0800][info] GC(542)   Post Evacuate Collection Set: 0.2ms
[2024-10-12T11:24:36.240+0800][info] GC(542)   Other: 0.2ms
[2024-10-12T11:24:36.240+0800][info] GC(542) Eden regions: 2->0(2)
[2024-10-12T11:24:36.240+0800][info] GC(542) Survivor regions: 1->1(1)
[2024-10-12T11:24:36.240+0800][info] GC(542) Old regions: 43->45
[2024-10-12T11:24:36.240+0800][info] GC(542) Archive regions: 2->2
[2024-10-12T11:24:36.240+0800][info] GC(542) Humongous regions: 4->4
[2024-10-12T11:24:36.240+0800][info] GC(542) Metaspace: 1675K(1856K)->1675K(1856K) NonClass: 1551K(1664K)->1551K(1664K) Class: 124K(192K)->124K(192K)
[2024-10-12T11:24:36.240+0800][info] GC(542) Pause Young (Normal) (G1 Evacuation Pause) 90M->90M(128M) 1.862ms
[2024-10-12T11:24:36.240+0800][info] GC(542) User=0.00s Sys=0.00s Real=0.00s
[2024-10-12T11:24:36.343+0800][info] GC(543) Pause Young (Normal) (G1 Evacuation Pause)
[2024-10-12T11:24:36.343+0800][info] GC(543) Using 3 workers of 48 for evacuation
[2024-10-12T11:24:36.344+0800][info] GC(543)   Pre Evacuate Collection Set: 0.1ms
[2024-10-12T11:24:36.344+0800][info] GC(543)   Merge Heap Roots: 0.0ms
[2024-10-12T11:24:36.344+0800][info] GC(543)   Evacuate Collection Set: 0.9ms
[2024-10-12T11:24:36.344+0800][info] GC(543)   Post Evacuate Collection Set: 0.2ms
[2024-10-12T11:24:36.344+0800][info] GC(543)   Other: 0.2ms
[2024-10-12T11:24:36.344+0800][info] GC(543) Eden regions: 2->0(2)
[2024-10-12T11:24:36.344+0800][info] GC(543) Survivor regions: 1->1(1)
[2024-10-12T11:24:36.344+0800][info] GC(543) Old regions: 45->47
[2024-10-12T11:24:36.344+0800][info] GC(543) Archive regions: 2->2
[2024-10-12T11:24:36.344+0800][info] GC(543) Humongous regions: 4->4
[2024-10-12T11:24:36.344+0800][info] GC(543) Metaspace: 1675K(1856K)->1675K(1856K) NonClass: 1551K(1664K)->1551K(1664K) Class: 124K(192K)->124K(192K)
[2024-10-12T11:24:36.344+0800][info] GC(543) Pause Young (Normal) (G1 Evacuation Pause) 94M->94M(128M) 1.595ms
[2024-10-12T11:24:36.344+0800][info] GC(543) User=0.00s Sys=0.00s Real=0.00s
[2024-10-12T11:24:36.446+0800][info] GC(544) Pause Young (Concurrent Start) (G1 Evacuation Pause)
[2024-10-12T11:24:36.446+0800][info] GC(544) Using 3 workers of 48 for evacuation
[2024-10-12T11:24:36.448+0800][info] GC(544)   Pre Evacuate Collection Set: 0.1ms
[2024-10-12T11:24:36.448+0800][info] GC(544)   Merge Heap Roots: 0.0ms
[2024-10-12T11:24:36.448+0800][info] GC(544)   Evacuate Collection Set: 1.0ms
[2024-10-12T11:24:36.448+0800][info] GC(544)   Post Evacuate Collection Set: 0.2ms
[2024-10-12T11:24:36.448+0800][info] GC(544)   Other: 0.3ms
[2024-10-12T11:24:36.448+0800][info] GC(544) Eden regions: 2->0(2)
[2024-10-12T11:24:36.448+0800][info] GC(544) Survivor regions: 1->1(1)
[2024-10-12T11:24:36.448+0800][info] GC(544) Old regions: 47->49
[2024-10-12T11:24:36.448+0800][info] GC(544) Archive regions: 2->2
[2024-10-12T11:24:36.448+0800][info] GC(544) Humongous regions: 4->4
[2024-10-12T11:24:36.448+0800][info] GC(544) Metaspace: 1675K(1856K)->1675K(1856K) NonClass: 1551K(1664K)->1551K(1664K) Class: 124K(192K)->124K(192K)
[2024-10-12T11:24:36.448+0800][info] GC(544) Pause Young (Concurrent Start) (G1 Evacuation Pause) 98M->98M(128M) 1.815ms
[2024-10-12T11:24:36.448+0800][info] GC(544) User=0.01s Sys=0.00s Real=0.00s
[2024-10-12T11:24:36.448+0800][info] GC(545) Concurrent Mark Cycle
[2024-10-12T11:24:36.448+0800][info] GC(545) Concurrent Clear Claimed Marks
[2024-10-12T11:24:36.448+0800][info] GC(545) Concurrent Clear Claimed Marks 0.018ms
[2024-10-12T11:24:36.448+0800][info] GC(545) Concurrent Scan Root Regions
[2024-10-12T11:24:36.448+0800][info] GC(545) Concurrent Scan Root Regions 0.175ms
[2024-10-12T11:24:36.448+0800][info] GC(545) Concurrent Mark
[2024-10-12T11:24:36.448+0800][info] GC(545) Concurrent Mark From Roots
[2024-10-12T11:24:36.448+0800][info] GC(545) Using 12 workers of 12 for marking
[2024-10-12T11:24:36.452+0800][info] GC(545) Concurrent Mark From Roots 3.940ms
[2024-10-12T11:24:36.452+0800][info] GC(545) Concurrent Preclean
[2024-10-12T11:24:36.454+0800][info] GC(545) Concurrent Preclean 1.699ms
[2024-10-12T11:24:36.454+0800][info] GC(545) Pause Remark
[2024-10-12T11:24:36.456+0800][info] GC(545) Pause Remark 99M->97M(128M) 1.620ms
[2024-10-12T11:24:36.456+0800][info] GC(545) User=0.01s Sys=0.00s Real=0.00s
[2024-10-12T11:24:36.456+0800][info] GC(545) Concurrent Mark 7.597ms
[2024-10-12T11:24:36.456+0800][info] GC(545) Concurrent Rebuild Remembered Sets
[2024-10-12T11:24:36.457+0800][info] GC(545) Concurrent Rebuild Remembered Sets 1.451ms
[2024-10-12T11:24:36.458+0800][info] GC(545) Pause Cleanup
[2024-10-12T11:24:36.458+0800][info] GC(545) Pause Cleanup 97M->97M(128M) 0.248ms
[2024-10-12T11:24:36.458+0800][info] GC(545) User=0.00s Sys=0.00s Real=0.00s
[2024-10-12T11:24:36.458+0800][info] GC(545) Concurrent Cleanup for Next Mark
[2024-10-12T11:24:36.458+0800][info] GC(545) Concurrent Cleanup for Next Mark 0.361ms
[2024-10-12T11:24:36.458+0800][info] GC(545) Concurrent Mark Cycle 10.257ms
[2024-10-12T11:24:36.601+0800][info] GC(546) Pause Young (Prepare Mixed) (G1 Evacuation Pause)
[2024-10-12T11:24:36.601+0800][info] GC(546) Using 3 workers of 48 for evacuation
[2024-10-12T11:24:36.604+0800][info] GC(546)   Pre Evacuate Collection Set: 0.1ms
[2024-10-12T11:24:36.604+0800][info] GC(546)   Merge Heap Roots: 0.1ms
[2024-10-12T11:24:36.604+0800][info] GC(546)   Evacuate Collection Set: 1.8ms
[2024-10-12T11:24:36.604+0800][info] GC(546)   Post Evacuate Collection Set: 0.2ms
[2024-10-12T11:24:36.604+0800][info] GC(546)   Other: 0.2ms
[2024-10-12T11:24:36.604+0800][info] GC(546) Eden regions: 2->0(2)
[2024-10-12T11:24:36.604+0800][info] GC(546) Survivor regions: 1->1(1)
[2024-10-12T11:24:36.604+0800][info] GC(546) Old regions: 49->51
[2024-10-12T11:24:36.604+0800][info] GC(546) Archive regions: 2->2
[2024-10-12T11:24:36.604+0800][info] GC(546) Humongous regions: 3->3
[2024-10-12T11:24:36.604+0800][info] GC(546) Metaspace: 1675K(1856K)->1675K(1856K) NonClass: 1551K(1664K)->1551K(1664K) Class: 124K(192K)->124K(192K)
[2024-10-12T11:24:36.604+0800][info] GC(546) Pause Young (Prepare Mixed) (G1 Evacuation Pause) 100M->100M(128M) 2.481ms
[2024-10-12T11:24:36.604+0800][info] GC(546) User=0.00s Sys=0.00s Real=0.00s
[2024-10-12T11:24:36.706+0800][info] GC(547) Pause Young (Mixed) (G1 Preventive Collection)
[2024-10-12T11:24:36.706+0800][info] GC(547) Using 3 workers of 48 for evacuation
[2024-10-12T11:24:36.709+0800][info] GC(547)   Pre Evacuate Collection Set: 0.2ms
[2024-10-12T11:24:36.709+0800][info] GC(547)   Merge Heap Roots: 0.1ms
[2024-10-12T11:24:36.709+0800][info] GC(547)   Evacuate Collection Set: 2.4ms
[2024-10-12T11:24:36.709+0800][info] GC(547)   Post Evacuate Collection Set: 0.2ms
[2024-10-12T11:24:36.709+0800][info] GC(547)   Other: 0.2ms
[2024-10-12T11:24:36.709+0800][info] GC(547) Eden regions: 2->0(2)
[2024-10-12T11:24:36.709+0800][info] GC(547) Survivor regions: 1->1(1)
[2024-10-12T11:24:36.709+0800][info] GC(547) Old regions: 51->49
[2024-10-12T11:24:36.709+0800][info] GC(547) Archive regions: 2->2
[2024-10-12T11:24:36.709+0800][info] GC(547) Humongous regions: 3->3
[2024-10-12T11:24:36.709+0800][info] GC(547) Metaspace: 1675K(1856K)->1675K(1856K) NonClass: 1551K(1664K)->1551K(1664K) Class: 124K(192K)->124K(192K)
[2024-10-12T11:24:36.709+0800][info] GC(547) Pause Young (Mixed) (G1 Preventive Collection) 103M->99M(128M) 3.122ms
[2024-10-12T11:24:36.709+0800][info] GC(547) User=0.01s Sys=0.00s Real=0.00s
[2024-10-12T11:24:36.811+0800][info] GC(548) Pause Young (Mixed) (G1 Preventive Collection)
[2024-10-12T11:24:36.811+0800][info] GC(548) Using 3 workers of 48 for evacuation
[2024-10-12T11:24:36.814+0800][info] GC(548)   Pre Evacuate Collection Set: 0.2ms
[2024-10-12T11:24:36.814+0800][info] GC(548)   Merge Heap Roots: 0.1ms
[2024-10-12T11:24:36.814+0800][info] GC(548)   Evacuate Collection Set: 1.8ms
[2024-10-12T11:24:36.814+0800][info] GC(548)   Post Evacuate Collection Set: 0.2ms
[2024-10-12T11:24:36.814+0800][info] GC(548)   Other: 0.1ms
[2024-10-12T11:24:36.814+0800][info] GC(548) Eden regions: 2->0(2)
[2024-10-12T11:24:36.814+0800][info] GC(548) Survivor regions: 1->1(1)
[2024-10-12T11:24:36.814+0800][info] GC(548) Old regions: 49->49
[2024-10-12T11:24:36.814+0800][info] GC(548) Archive regions: 2->2
[2024-10-12T11:24:36.814+0800][info] GC(548) Humongous regions: 3->3
[2024-10-12T11:24:36.814+0800][info] GC(548) Metaspace: 1675K(1856K)->1675K(1856K) NonClass: 1551K(1664K)->1551K(1664K) Class: 124K(192K)->124K(192K)
[2024-10-12T11:24:36.814+0800][info] GC(548) Pause Young (Mixed) (G1 Preventive Collection) 102M->99M(128M) 2.469ms
[2024-10-12T11:24:36.814+0800][info] GC(548) User=0.00s Sys=0.00s Real=0.01s
[2024-10-12T11:24:36.916+0800][info] GC(549) Pause Young (Mixed) (G1 Preventive Collection)
[2024-10-12T11:24:36.916+0800][info] GC(549) Using 3 workers of 48 for evacuation
[2024-10-12T11:24:36.919+0800][info] GC(549)   Pre Evacuate Collection Set: 0.2ms
[2024-10-12T11:24:36.919+0800][info] GC(549)   Merge Heap Roots: 0.1ms
[2024-10-12T11:24:36.919+0800][info] GC(549)   Evacuate Collection Set: 2.3ms
[2024-10-12T11:24:36.919+0800][info] GC(549)   Post Evacuate Collection Set: 0.2ms
[2024-10-12T11:24:36.919+0800][info] GC(549)   Other: 0.2ms
[2024-10-12T11:24:36.919+0800][info] GC(549) Eden regions: 2->0(2)
[2024-10-12T11:24:36.919+0800][info] GC(549) Survivor regions: 1->1(1)
[2024-10-12T11:24:36.919+0800][info] GC(549) Old regions: 49->48
[2024-10-12T11:24:36.919+0800][info] GC(549) Archive regions: 2->2
[2024-10-12T11:24:36.919+0800][info] GC(549) Humongous regions: 3->3
[2024-10-12T11:24:36.919+0800][info] GC(549) Metaspace: 1675K(1856K)->1675K(1856K) NonClass: 1551K(1664K)->1551K(1664K) Class: 124K(192K)->124K(192K)
[2024-10-12T11:24:36.919+0800][info] GC(549) Pause Young (Mixed) (G1 Preventive Collection) 103M->100M(128M) 3.053ms
[2024-10-12T11:24:36.919+0800][info] GC(549) User=0.00s Sys=0.00s Real=0.00s
[2024-10-12T11:24:37.021+0800][info] GC(550) Pause Young (Mixed) (G1 Preventive Collection)
[2024-10-12T11:24:37.021+0800][info] GC(550) Using 3 workers of 48 for evacuation
[2024-10-12T11:24:37.024+0800][info] GC(550)   Pre Evacuate Collection Set: 0.2ms
[2024-10-12T11:24:37.024+0800][info] GC(550)   Merge Heap Roots: 0.1ms
[2024-10-12T11:24:37.024+0800][info] GC(550)   Evacuate Collection Set: 1.8ms
[2024-10-12T11:24:37.024+0800][info] GC(550)   Post Evacuate Collection Set: 0.2ms
[2024-10-12T11:24:37.024+0800][info] GC(550)   Other: 0.1ms
[2024-10-12T11:24:37.024+0800][info] GC(550) Eden regions: 2->0(2)
[2024-10-12T11:24:37.024+0800][info] GC(550) Survivor regions: 1->1(1)
[2024-10-12T11:24:37.024+0800][info] GC(550) Old regions: 48->48
[2024-10-12T11:24:37.024+0800][info] GC(550) Archive regions: 2->2
[2024-10-12T11:24:37.024+0800][info] GC(550) Humongous regions: 3->3
[2024-10-12T11:24:37.024+0800][info] GC(550) Metaspace: 1675K(1856K)->1675K(1856K) NonClass: 1551K(1664K)->1551K(1664K) Class: 124K(192K)->124K(192K)
[2024-10-12T11:24:37.024+0800][info] GC(550) Pause Young (Mixed) (G1 Preventive Collection) 103M->100M(128M) 2.533ms
[2024-10-12T11:24:37.024+0800][info] GC(550) User=0.00s Sys=0.00s Real=0.00s
[2024-10-12T11:24:37.126+0800][info] GC(551) Pause Young (Mixed) (G1 Preventive Collection)
[2024-10-12T11:24:37.126+0800][info] GC(551) Using 3 workers of 48 for evacuation
[2024-10-12T11:24:37.128+0800][info] GC(551)   Pre Evacuate Collection Set: 0.2ms
[2024-10-12T11:24:37.128+0800][info] GC(551)   Merge Heap Roots: 0.1ms
[2024-10-12T11:24:37.128+0800][info] GC(551)   Evacuate Collection Set: 1.8ms
[2024-10-12T11:24:37.128+0800][info] GC(551)   Post Evacuate Collection Set: 0.2ms
[2024-10-12T11:24:37.128+0800][info] GC(551)   Other: 0.1ms
[2024-10-12T11:24:37.128+0800][info] GC(551) Eden regions: 2->0(2)
[2024-10-12T11:24:37.128+0800][info] GC(551) Survivor regions: 1->1(1)
[2024-10-12T11:24:37.128+0800][info] GC(551) Old regions: 48->48
[2024-10-12T11:24:37.128+0800][info] GC(551) Archive regions: 2->2
[2024-10-12T11:24:37.128+0800][info] GC(551) Humongous regions: 3->3
[2024-10-12T11:24:37.128+0800][info] GC(551) Metaspace: 1675K(1856K)->1675K(1856K) NonClass: 1551K(1664K)->1551K(1664K) Class: 124K(192K)->124K(192K)
[2024-10-12T11:24:37.128+0800][info] GC(551) Pause Young (Mixed) (G1 Preventive Collection) 104M->101M(128M) 2.452ms
[2024-10-12T11:24:37.128+0800][info] GC(551) User=0.01s Sys=0.00s Real=0.00s
[2024-10-12T11:24:37.231+0800][info] GC(552) Pause Young (Mixed) (G1 Preventive Collection)
[2024-10-12T11:24:37.231+0800][info] GC(552) Using 3 workers of 48 for evacuation
[2024-10-12T11:24:37.234+0800][info] GC(552)   Pre Evacuate Collection Set: 0.2ms
[2024-10-12T11:24:37.234+0800][info] GC(552)   Merge Heap Roots: 0.1ms
[2024-10-12T11:24:37.234+0800][info] GC(552)   Evacuate Collection Set: 2.3ms
[2024-10-12T11:24:37.234+0800][info] GC(552)   Post Evacuate Collection Set: 0.2ms
[2024-10-12T11:24:37.234+0800][info] GC(552)   Other: 0.2ms
[2024-10-12T11:24:37.234+0800][info] GC(552) Eden regions: 2->0(2)
[2024-10-12T11:24:37.234+0800][info] GC(552) Survivor regions: 1->1(1)
[2024-10-12T11:24:37.234+0800][info] GC(552) Old regions: 48->48
[2024-10-12T11:24:37.234+0800][info] GC(552) Archive regions: 2->2
[2024-10-12T11:24:37.234+0800][info] GC(552) Humongous regions: 3->3
[2024-10-12T11:24:37.234+0800][info] GC(552) Metaspace: 1675K(1856K)->1675K(1856K) NonClass: 1551K(1664K)->1551K(1664K) Class: 124K(192K)->124K(192K)
[2024-10-12T11:24:37.234+0800][info] GC(552) Pause Young (Mixed) (G1 Preventive Collection) 105M->101M(128M) 3.130ms
[2024-10-12T11:24:37.234+0800][info] GC(552) User=0.01s Sys=0.00s Real=0.01s
[2024-10-12T11:24:37.336+0800][info] GC(553) Pause Young (Mixed) (G1 Preventive Collection)
[2024-10-12T11:24:37.336+0800][info] GC(553) Using 3 workers of 48 for evacuation
[2024-10-12T11:24:37.339+0800][info] GC(553)   Pre Evacuate Collection Set: 0.2ms
[2024-10-12T11:24:37.339+0800][info] GC(553)   Merge Heap Roots: 0.1ms
[2024-10-12T11:24:37.339+0800][info] GC(553)   Evacuate Collection Set: 2.5ms
[2024-10-12T11:24:37.339+0800][info] GC(553)   Post Evacuate Collection Set: 0.2ms
[2024-10-12T11:24:37.339+0800][info] GC(553)   Other: 0.1ms
[2024-10-12T11:24:37.339+0800][info] GC(553) Eden regions: 2->0(2)
[2024-10-12T11:24:37.339+0800][info] GC(553) Survivor regions: 1->1(1)
[2024-10-12T11:24:37.339+0800][info] GC(553) Old regions: 48->48
[2024-10-12T11:24:37.339+0800][info] GC(553) Archive regions: 2->2
[2024-10-12T11:24:37.339+0800][info] GC(553) Humongous regions: 3->3
[2024-10-12T11:24:37.339+0800][info] GC(553) Metaspace: 1675K(1856K)->1675K(1856K) NonClass: 1551K(1664K)->1551K(1664K) Class: 124K(192K)->124K(192K)
[2024-10-12T11:24:37.339+0800][info] GC(553) Pause Young (Mixed) (G1 Preventive Collection) 105M->103M(128M) 3.192ms
[2024-10-12T11:24:37.339+0800][info] GC(553) User=0.01s Sys=0.00s Real=0.00s
[2024-10-12T11:24:37.442+0800][info] GC(554) Pause Young (Mixed) (G1 Evacuation Pause)
[2024-10-12T11:24:37.442+0800][info] GC(554) Using 3 workers of 48 for evacuation
[2024-10-12T11:24:37.444+0800][info] GC(554)   Pre Evacuate Collection Set: 0.2ms
[2024-10-12T11:24:37.444+0800][info] GC(554)   Merge Heap Roots: 0.1ms
[2024-10-12T11:24:37.444+0800][info] GC(554)   Evacuate Collection Set: 2.3ms
[2024-10-12T11:24:37.444+0800][info] GC(554)   Post Evacuate Collection Set: 0.3ms
[2024-10-12T11:24:37.444+0800][info] GC(554)   Other: 0.1ms
[2024-10-12T11:24:37.444+0800][info] GC(554) Eden regions: 2->0(2)
[2024-10-12T11:24:37.445+0800][info] GC(554) Survivor regions: 1->1(1)
[2024-10-12T11:24:37.445+0800][info] GC(554) Old regions: 48->49
[2024-10-12T11:24:37.445+0800][info] GC(554) Archive regions: 2->2
[2024-10-12T11:24:37.445+0800][info] GC(554) Humongous regions: 3->3
[2024-10-12T11:24:37.445+0800][info] GC(554) Metaspace: 1675K(1856K)->1675K(1856K) NonClass: 1551K(1664K)->1551K(1664K) Class: 124K(192K)->124K(192K)
[2024-10-12T11:24:37.445+0800][info] GC(554) Pause Young (Mixed) (G1 Evacuation Pause) 107M->106M(128M) 3.030ms
[2024-10-12T11:24:37.445+0800][info] GC(554) User=0.00s Sys=0.00s Real=0.00s
[2024-10-12T11:24:37.547+0800][info] GC(555) Pause Young (Normal) (G1 Evacuation Pause)
[2024-10-12T11:24:37.547+0800][info] GC(555) Using 3 workers of 48 for evacuation
[2024-10-12T11:24:37.548+0800][info] GC(555)   Pre Evacuate Collection Set: 0.1ms
[2024-10-12T11:24:37.548+0800][info] GC(555)   Merge Heap Roots: 0.0ms
[2024-10-12T11:24:37.548+0800][info] GC(555)   Evacuate Collection Set: 0.7ms
[2024-10-12T11:24:37.548+0800][info] GC(555)   Post Evacuate Collection Set: 0.2ms
[2024-10-12T11:24:37.548+0800][info] GC(555)   Other: 0.2ms
[2024-10-12T11:24:37.548+0800][info] GC(555) Eden regions: 2->0(2)
[2024-10-12T11:24:37.548+0800][info] GC(555) Survivor regions: 1->1(1)
[2024-10-12T11:24:37.548+0800][info] GC(555) Old regions: 49->51
[2024-10-12T11:24:37.548+0800][info] GC(555) Archive regions: 2->2
[2024-10-12T11:24:37.548+0800][info] GC(555) Humongous regions: 3->3
[2024-10-12T11:24:37.548+0800][info] GC(555) Metaspace: 1675K(1856K)->1675K(1856K) NonClass: 1551K(1664K)->1551K(1664K) Class: 124K(192K)->124K(192K)
[2024-10-12T11:24:37.548+0800][info] GC(555) Pause Young (Normal) (G1 Evacuation Pause) 109M->109M(128M) 1.340ms
[2024-10-12T11:24:37.548+0800][info] GC(555) User=0.00s Sys=0.00s Real=0.00s
[2024-10-12T11:24:37.650+0800][info] GC(556) Pause Young (Concurrent Start) (G1 Evacuation Pause)
[2024-10-12T11:24:37.650+0800][info] GC(556) Using 3 workers of 48 for evacuation
[2024-10-12T11:24:37.652+0800][info] GC(556)   Pre Evacuate Collection Set: 0.1ms
[2024-10-12T11:24:37.652+0800][info] GC(556)   Merge Heap Roots: 0.0ms
[2024-10-12T11:24:37.652+0800][info] GC(556)   Evacuate Collection Set: 0.7ms
[2024-10-12T11:24:37.652+0800][info] GC(556)   Post Evacuate Collection Set: 0.2ms
[2024-10-12T11:24:37.652+0800][info] GC(556)   Other: 0.4ms
[2024-10-12T11:24:37.652+0800][info] GC(556) Eden regions: 2->0(2)
[2024-10-12T11:24:37.652+0800][info] GC(556) Survivor regions: 1->1(1)
[2024-10-12T11:24:37.652+0800][info] GC(556) Old regions: 51->53
[2024-10-12T11:24:37.652+0800][info] GC(556) Archive regions: 2->2
[2024-10-12T11:24:37.652+0800][info] GC(556) Humongous regions: 3->3
[2024-10-12T11:24:37.652+0800][info] GC(556) Metaspace: 1675K(1856K)->1675K(1856K) NonClass: 1551K(1664K)->1551K(1664K) Class: 124K(192K)->124K(192K)
[2024-10-12T11:24:37.652+0800][info] GC(556) Pause Young (Concurrent Start) (G1 Evacuation Pause) 113M->113M(128M) 1.549ms
[2024-10-12T11:24:37.652+0800][info] GC(556) User=0.00s Sys=0.00s Real=0.00s
[2024-10-12T11:24:37.652+0800][info] GC(557) Concurrent Mark Cycle
[2024-10-12T11:24:37.652+0800][info] GC(557) Concurrent Clear Claimed Marks
[2024-10-12T11:24:37.652+0800][info] GC(557) Concurrent Clear Claimed Marks 0.017ms
[2024-10-12T11:24:37.652+0800][info] GC(557) Concurrent Scan Root Regions
[2024-10-12T11:24:37.652+0800][info] GC(557) Concurrent Scan Root Regions 0.155ms
[2024-10-12T11:24:37.652+0800][info] GC(557) Concurrent Mark
[2024-10-12T11:24:37.652+0800][info] GC(557) Concurrent Mark From Roots
[2024-10-12T11:24:37.652+0800][info] GC(557) Using 12 workers of 12 for marking
[2024-10-12T11:24:37.656+0800][info] GC(557) Concurrent Mark From Roots 3.630ms
[2024-10-12T11:24:37.656+0800][info] GC(557) Concurrent Preclean
[2024-10-12T11:24:37.658+0800][info] GC(557) Concurrent Preclean 1.699ms
[2024-10-12T11:24:37.658+0800][info] GC(557) Pause Remark
[2024-10-12T11:24:37.659+0800][info] GC(557) Pause Remark 114M->114M(128M) 1.613ms
[2024-10-12T11:24:37.659+0800][info] GC(557) User=0.01s Sys=0.00s Real=0.00s
[2024-10-12T11:24:37.660+0800][info] GC(557) Concurrent Mark 7.278ms
[2024-10-12T11:24:37.660+0800][info] GC(557) Concurrent Rebuild Remembered Sets
[2024-10-12T11:24:37.661+0800][info] GC(557) Concurrent Rebuild Remembered Sets 1.409ms
[2024-10-12T11:24:37.661+0800][info] GC(557) Pause Cleanup
[2024-10-12T11:24:37.661+0800][info] GC(557) Pause Cleanup 114M->114M(128M) 0.184ms
[2024-10-12T11:24:37.661+0800][info] GC(557) User=0.00s Sys=0.00s Real=0.00s
[2024-10-12T11:24:37.661+0800][info] GC(557) Concurrent Cleanup for Next Mark
[2024-10-12T11:24:37.662+0800][info] GC(557) Concurrent Cleanup for Next Mark 0.322ms
[2024-10-12T11:24:37.662+0800][info] GC(557) Concurrent Mark Cycle 9.761ms
[2024-10-12T11:24:37.805+0800][info] GC(558) Pause Young (Prepare Mixed) (G1 Preventive Collection)
[2024-10-12T11:24:37.805+0800][info] GC(558) Using 3 workers of 48 for evacuation
[2024-10-12T11:24:37.806+0800][info] GC(558)   Pre Evacuate Collection Set: 0.1ms
[2024-10-12T11:24:37.806+0800][info] GC(558)   Merge Heap Roots: 0.1ms
[2024-10-12T11:24:37.806+0800][info] GC(558)   Evacuate Collection Set: 0.9ms
[2024-10-12T11:24:37.806+0800][info] GC(558)   Post Evacuate Collection Set: 0.2ms
[2024-10-12T11:24:37.806+0800][info] GC(558)   Other: 0.2ms
[2024-10-12T11:24:37.806+0800][info] GC(558) Eden regions: 2->0(2)
[2024-10-12T11:24:37.806+0800][info] GC(558) Survivor regions: 1->1(1)
[2024-10-12T11:24:37.806+0800][info] GC(558) Old regions: 53->55
[2024-10-12T11:24:37.806+0800][info] GC(558) Archive regions: 2->2
[2024-10-12T11:24:37.806+0800][info] GC(558) Humongous regions: 3->3
[2024-10-12T11:24:37.807+0800][info] GC(558) Metaspace: 1675K(1856K)->1675K(1856K) NonClass: 1551K(1664K)->1551K(1664K) Class: 124K(192K)->124K(192K)
[2024-10-12T11:24:37.807+0800][info] GC(558) Pause Young (Prepare Mixed) (G1 Preventive Collection) 117M->117M(128M) 1.665ms
[2024-10-12T11:24:37.807+0800][info] GC(558) User=0.00s Sys=0.00s Real=0.01s
[2024-10-12T11:24:37.868+0800][info] GC(559) Pause Young (Mixed) (G1 Preventive Collection)
[2024-10-12T11:24:37.868+0800][info] GC(559) Using 3 workers of 48 for evacuation
[2024-10-12T11:24:37.870+0800][info] GC(559) To-space exhausted
[2024-10-12T11:24:37.870+0800][info] GC(559)   Pre Evacuate Collection Set: 0.2ms
[2024-10-12T11:24:37.870+0800][info] GC(559)   Merge Heap Roots: 0.0ms
[2024-10-12T11:24:37.870+0800][info] GC(559)   Evacuate Collection Set: 0.8ms
[2024-10-12T11:24:37.870+0800][info] GC(559)   Post Evacuate Collection Set: 0.2ms
[2024-10-12T11:24:37.870+0800][info] GC(559)   Other: 0.2ms
[2024-10-12T11:24:37.870+0800][info] GC(559) Eden regions: 1->0(2)
[2024-10-12T11:24:37.870+0800][info] GC(559) Survivor regions: 1->1(1)
[2024-10-12T11:24:37.870+0800][info] GC(559) Old regions: 55->55
[2024-10-12T11:24:37.870+0800][info] GC(559) Archive regions: 2->2
[2024-10-12T11:24:37.870+0800][info] GC(559) Humongous regions: 3->3
[2024-10-12T11:24:37.870+0800][info] GC(559) Metaspace: 1675K(1856K)->1675K(1856K) NonClass: 1551K(1664K)->1551K(1664K) Class: 124K(192K)->124K(192K)
[2024-10-12T11:24:37.870+0800][info] GC(559) Pause Young (Mixed) (G1 Preventive Collection) 119M->118M(128M) 1.522ms
[2024-10-12T11:24:37.870+0800][info] GC(559) User=0.00s Sys=0.00s Real=0.00s
[2024-10-12T11:24:37.911+0800][info] GC(560) Pause Young (Mixed) (G1 Preventive Collection)
[2024-10-12T11:24:37.911+0800][info] GC(560) Using 3 workers of 48 for evacuation
[2024-10-12T11:24:37.913+0800][info] GC(560) To-space exhausted
[2024-10-12T11:24:37.913+0800][info] GC(560)   Pre Evacuate Collection Set: 0.2ms
[2024-10-12T11:24:37.913+0800][info] GC(560)   Merge Heap Roots: 0.1ms
[2024-10-12T11:24:37.913+0800][info] GC(560)   Evacuate Collection Set: 1.1ms
[2024-10-12T11:24:37.913+0800][info] GC(560)   Post Evacuate Collection Set: 0.4ms
[2024-10-12T11:24:37.913+0800][info] GC(560)   Other: 0.1ms
[2024-10-12T11:24:37.913+0800][info] GC(560) Eden regions: 1->0(2)
[2024-10-12T11:24:37.913+0800][info] GC(560) Survivor regions: 1->1(1)
[2024-10-12T11:24:37.913+0800][info] GC(560) Old regions: 55->57
[2024-10-12T11:24:37.913+0800][info] GC(560) Archive regions: 2->2
[2024-10-12T11:24:37.913+0800][info] GC(560) Humongous regions: 3->3
[2024-10-12T11:24:37.913+0800][info] GC(560) Metaspace: 1675K(1856K)->1675K(1856K) NonClass: 1551K(1664K)->1551K(1664K) Class: 124K(192K)->124K(192K)
[2024-10-12T11:24:37.913+0800][info] GC(560) Pause Young (Mixed) (G1 Preventive Collection) 120M->122M(128M) 1.949ms
[2024-10-12T11:24:37.913+0800][info] GC(560) User=0.00s Sys=0.01s Real=0.00s
[2024-10-12T11:24:37.974+0800][info] GC(561) Pause Young (Mixed) (G1 Evacuation Pause)
[2024-10-12T11:24:37.974+0800][info] GC(561) Using 3 workers of 48 for evacuation
[2024-10-12T11:24:37.976+0800][info] GC(561) To-space exhausted
[2024-10-12T11:24:37.977+0800][info] GC(561)   Pre Evacuate Collection Set: 0.2ms
[2024-10-12T11:24:37.977+0800][info] GC(561)   Merge Heap Roots: 0.1ms
[2024-10-12T11:24:37.977+0800][info] GC(561)   Evacuate Collection Set: 1.1ms
[2024-10-12T11:24:37.977+0800][info] GC(561)   Post Evacuate Collection Set: 1.1ms
[2024-10-12T11:24:37.977+0800][info] GC(561)   Other: 0.2ms
[2024-10-12T11:24:37.977+0800][info] GC(561) Eden regions: 1->0(3)
[2024-10-12T11:24:37.977+0800][info] GC(561) Survivor regions: 1->0(0)
[2024-10-12T11:24:37.977+0800][info] GC(561) Old regions: 57->59
[2024-10-12T11:24:37.977+0800][info] GC(561) Archive regions: 2->2
[2024-10-12T11:24:37.977+0800][info] GC(561) Humongous regions: 3->3
[2024-10-12T11:24:37.977+0800][info] GC(561) Metaspace: 1675K(1856K)->1675K(1856K) NonClass: 1551K(1664K)->1551K(1664K) Class: 124K(192K)->124K(192K)
[2024-10-12T11:24:37.977+0800][info] GC(561) Pause Young (Mixed) (G1 Evacuation Pause) 124M->124M(128M) 2.689ms
[2024-10-12T11:24:37.977+0800][info] GC(561) User=0.00s Sys=0.00s Real=0.00s
[2024-10-12T11:24:37.977+0800][info] Attempting full compaction
[2024-10-12T11:24:37.977+0800][info] GC(562) Using 3 workers of 48 for full compaction
[2024-10-12T11:24:37.977+0800][info] GC(562) Pause Full (G1 Compaction Pause)
[2024-10-12T11:24:37.977+0800][info] GC(562) Phase 1: Mark live objects
[2024-10-12T11:24:37.984+0800][info] GC(562) Phase 1: Mark live objects 6.964ms
[2024-10-12T11:24:37.984+0800][info] GC(562) Phase 2: Prepare for compaction
[2024-10-12T11:24:37.985+0800][info] GC(562) Phase 2: Prepare for compaction 1.038ms
[2024-10-12T11:24:37.985+0800][info] GC(562) Phase 3: Adjust pointers
[2024-10-12T11:24:37.986+0800][info] GC(562) Phase 3: Adjust pointers 1.123ms
[2024-10-12T11:24:37.986+0800][info] GC(562) Phase 4: Compact heap
[2024-10-12T11:24:37.995+0800][info] GC(562) Phase 4: Compact heap 8.746ms
[2024-10-12T11:24:38.000+0800][info] GC(562) Eden regions: 0->0(4)
[2024-10-12T11:24:38.000+0800][info] GC(562) Survivor regions: 0->0(0)
[2024-10-12T11:24:38.000+0800][info] GC(562) Old regions: 59->38
[2024-10-12T11:24:38.000+0800][info] GC(562) Archive regions: 2->2
[2024-10-12T11:24:38.000+0800][info] GC(562) Humongous regions: 3->3
[2024-10-12T11:24:38.000+0800][info] GC(562) Metaspace: 1675K(1856K)->1675K(1856K) NonClass: 1551K(1664K)->1551K(1664K) Class: 124K(192K)->124K(192K)
[2024-10-12T11:24:38.000+0800][info] GC(562) Pause Full (G1 Compaction Pause) 124M->72M(128M) 23.510ms
[2024-10-12T11:24:38.000+0800][info] GC(562) User=0.04s Sys=0.01s Real=0.02s
[2024-10-12T11:24:38.205+0800][info] GC(563) Pause Young (Normal) (G1 Evacuation Pause)
[2024-10-12T11:24:38.205+0800][info] GC(563) Using 3 workers of 48 for evacuation
[2024-10-12T11:24:38.207+0800][info] GC(563)   Pre Evacuate Collection Set: 0.1ms
[2024-10-12T11:24:38.207+0800][info] GC(563)   Merge Heap Roots: 0.1ms
[2024-10-12T11:24:38.207+0800][info] GC(563)   Evacuate Collection Set: 1.1ms
[2024-10-12T11:24:38.207+0800][info] GC(563)   Post Evacuate Collection Set: 0.2ms
[2024-10-12T11:24:38.207+0800][info] GC(563)   Other: 0.2ms
[2024-10-12T11:24:38.207+0800][info] GC(563) Eden regions: 4->0(2)
[2024-10-12T11:24:38.207+0800][info] GC(563) Survivor regions: 0->1(1)
[2024-10-12T11:24:38.207+0800][info] GC(563) Old regions: 38->42
[2024-10-12T11:24:38.207+0800][info] GC(563) Archive regions: 2->2
[2024-10-12T11:24:38.207+0800][info] GC(563) Humongous regions: 3->3
[2024-10-12T11:24:38.207+0800][info] GC(563) Metaspace: 1675K(1856K)->1675K(1856K) NonClass: 1551K(1664K)->1551K(1664K) Class: 124K(192K)->124K(192K)
[2024-10-12T11:24:38.207+0800][info] GC(563) Pause Young (Normal) (G1 Evacuation Pause) 79M->80M(128M) 1.830ms
[2024-10-12T11:24:38.207+0800][info] GC(563) User=0.00s Sys=0.00s Real=0.00s
[2024-10-12T11:24:38.310+0800][info] GC(564) Pause Young (Normal) (G1 Evacuation Pause)
[2024-10-12T11:24:38.310+0800][info] GC(564) Using 3 workers of 48 for evacuation
[2024-10-12T11:24:38.311+0800][info] GC(564)   Pre Evacuate Collection Set: 0.1ms
[2024-10-12T11:24:38.311+0800][info] GC(564)   Merge Heap Roots: 0.0ms
[2024-10-12T11:24:38.311+0800][info] GC(564)   Evacuate Collection Set: 0.6ms
[2024-10-12T11:24:38.311+0800][info] GC(564)   Post Evacuate Collection Set: 0.2ms
[2024-10-12T11:24:38.311+0800][info] GC(564)   Other: 0.2ms
[2024-10-12T11:24:38.311+0800][info] GC(564) Eden regions: 2->0(2)
[2024-10-12T11:24:38.311+0800][info] GC(564) Survivor regions: 1->1(1)
[2024-10-12T11:24:38.311+0800][info] GC(564) Old regions: 42->43
[2024-10-12T11:24:38.311+0800][info] GC(564) Archive regions: 2->2
[2024-10-12T11:24:38.311+0800][info] GC(564) Humongous regions: 4->4
[2024-10-12T11:24:38.311+0800][info] GC(564) Metaspace: 1675K(1856K)->1675K(1856K) NonClass: 1551K(1664K)->1551K(1664K) Class: 124K(192K)->124K(192K)
[2024-10-12T11:24:38.311+0800][info] GC(564) Pause Young (Normal) (G1 Evacuation Pause) 86M->85M(128M) 1.227ms
[2024-10-12T11:24:38.311+0800][info] GC(564) User=0.00s Sys=0.00s Real=0.00s
[2024-10-12T11:24:38.413+0800][info] GC(565) Pause Young (Normal) (G1 Evacuation Pause)
[2024-10-12T11:24:38.413+0800][info] GC(565) Using 3 workers of 48 for evacuation
[2024-10-12T11:24:38.415+0800][info] GC(565)   Pre Evacuate Collection Set: 0.1ms
[2024-10-12T11:24:38.415+0800][info] GC(565)   Merge Heap Roots: 0.1ms
[2024-10-12T11:24:38.415+0800][info] GC(565)   Evacuate Collection Set: 0.7ms
[2024-10-12T11:24:38.415+0800][info] GC(565)   Post Evacuate Collection Set: 0.2ms
[2024-10-12T11:24:38.415+0800][info] GC(565)   Other: 0.2ms
[2024-10-12T11:24:38.415+0800][info] GC(565) Eden regions: 2->0(2)
[2024-10-12T11:24:38.415+0800][info] GC(565) Survivor regions: 1->1(1)
[2024-10-12T11:24:38.415+0800][info] GC(565) Old regions: 43->45
[2024-10-12T11:24:38.415+0800][info] GC(565) Archive regions: 2->2
[2024-10-12T11:24:38.415+0800][info] GC(565) Humongous regions: 4->4
[2024-10-12T11:24:38.415+0800][info] GC(565) Metaspace: 1675K(1856K)->1675K(1856K) NonClass: 1551K(1664K)->1551K(1664K) Class: 124K(192K)->124K(192K)
[2024-10-12T11:24:38.415+0800][info] GC(565) Pause Young (Normal) (G1 Evacuation Pause) 88M->88M(128M) 1.411ms
[2024-10-12T11:24:38.415+0800][info] GC(565) User=0.01s Sys=0.00s Real=0.00s
[2024-10-12T11:24:38.517+0800][info] GC(566) Pause Young (Concurrent Start) (G1 Evacuation Pause)
[2024-10-12T11:24:38.517+0800][info] GC(566) Using 3 workers of 48 for evacuation
[2024-10-12T11:24:38.519+0800][info] GC(566)   Pre Evacuate Collection Set: 0.1ms
[2024-10-12T11:24:38.519+0800][info] GC(566)   Merge Heap Roots: 0.0ms
[2024-10-12T11:24:38.519+0800][info] GC(566)   Evacuate Collection Set: 0.8ms
[2024-10-12T11:24:38.519+0800][info] GC(566)   Post Evacuate Collection Set: 0.2ms
[2024-10-12T11:24:38.519+0800][info] GC(566)   Other: 1.1ms
[2024-10-12T11:24:38.519+0800][info] GC(566) Eden regions: 2->0(2)
[2024-10-12T11:24:38.519+0800][info] GC(566) Survivor regions: 1->1(1)
[2024-10-12T11:24:38.519+0800][info] GC(566) Old regions: 45->47
[2024-10-12T11:24:38.519+0800][info] GC(566) Archive regions: 2->2
[2024-10-12T11:24:38.519+0800][info] GC(566) Humongous regions: 4->4
[2024-10-12T11:24:38.519+0800][info] GC(566) Metaspace: 1675K(1856K)->1675K(1856K) NonClass: 1551K(1664K)->1551K(1664K) Class: 124K(192K)->124K(192K)
[2024-10-12T11:24:38.519+0800][info] GC(566) Pause Young (Concurrent Start) (G1 Evacuation Pause) 92M->93M(128M) 2.370ms
[2024-10-12T11:24:38.520+0800][info] GC(566) User=0.00s Sys=0.00s Real=0.00s
[2024-10-12T11:24:38.520+0800][info] GC(567) Concurrent Mark Cycle
[2024-10-12T11:24:38.520+0800][info] GC(567) Concurrent Clear Claimed Marks
[2024-10-12T11:24:38.520+0800][info] GC(567) Concurrent Clear Claimed Marks 0.017ms
[2024-10-12T11:24:38.520+0800][info] GC(567) Concurrent Scan Root Regions
[2024-10-12T11:24:38.520+0800][info] GC(567) Concurrent Scan Root Regions 0.169ms
[2024-10-12T11:24:38.520+0800][info] GC(567) Concurrent Mark
[2024-10-12T11:24:38.520+0800][info] GC(567) Concurrent Mark From Roots
[2024-10-12T11:24:38.520+0800][info] GC(567) Using 12 workers of 12 for marking
[2024-10-12T11:24:38.524+0800][info] GC(567) Concurrent Mark From Roots 3.591ms
[2024-10-12T11:24:38.524+0800][info] GC(567) Concurrent Preclean
[2024-10-12T11:24:38.525+0800][info] GC(567) Concurrent Preclean 1.709ms
[2024-10-12T11:24:38.525+0800][info] GC(567) Pause Remark
[2024-10-12T11:24:38.527+0800][info] GC(567) Pause Remark 93M->91M(128M) 1.595ms
[2024-10-12T11:24:38.527+0800][info] GC(567) User=0.00s Sys=0.00s Real=0.00s
[2024-10-12T11:24:38.527+0800][info] GC(567) Concurrent Mark 7.168ms
[2024-10-12T11:24:38.527+0800][info] GC(567) Concurrent Rebuild Remembered Sets
[2024-10-12T11:24:38.529+0800][info] GC(567) Concurrent Rebuild Remembered Sets 1.378ms
[2024-10-12T11:24:38.529+0800][info] GC(567) Pause Cleanup
[2024-10-12T11:24:38.529+0800][info] GC(567) Pause Cleanup 91M->91M(128M) 0.180ms
[2024-10-12T11:24:38.529+0800][info] GC(567) User=0.00s Sys=0.00s Real=0.00s
[2024-10-12T11:24:38.529+0800][info] GC(567) Concurrent Cleanup for Next Mark
[2024-10-12T11:24:38.530+0800][info] GC(567) Concurrent Cleanup for Next Mark 1.214ms
[2024-10-12T11:24:38.530+0800][info] GC(567) Concurrent Mark Cycle 10.529ms
[2024-10-12T11:24:38.672+0800][info] GC(568) Pause Young (Prepare Mixed) (G1 Evacuation Pause)
[2024-10-12T11:24:38.672+0800][info] GC(568) Using 3 workers of 48 for evacuation
[2024-10-12T11:24:38.674+0800][info] GC(568)   Pre Evacuate Collection Set: 0.1ms
[2024-10-12T11:24:38.674+0800][info] GC(568)   Merge Heap Roots: 0.1ms
[2024-10-12T11:24:38.674+0800][info] GC(568)   Evacuate Collection Set: 0.8ms
[2024-10-12T11:24:38.674+0800][info] GC(568)   Post Evacuate Collection Set: 0.2ms
[2024-10-12T11:24:38.674+0800][info] GC(568)   Other: 0.2ms
[2024-10-12T11:24:38.674+0800][info] GC(568) Eden regions: 2->0(2)
[2024-10-12T11:24:38.674+0800][info] GC(568) Survivor regions: 1->1(1)
[2024-10-12T11:24:38.674+0800][info] GC(568) Old regions: 47->49
[2024-10-12T11:24:38.674+0800][info] GC(568) Archive regions: 2->2
[2024-10-12T11:24:38.674+0800][info] GC(568) Humongous regions: 3->3
[2024-10-12T11:24:38.674+0800][info] GC(568) Metaspace: 1675K(1856K)->1675K(1856K) NonClass: 1551K(1664K)->1551K(1664K) Class: 124K(192K)->124K(192K)
[2024-10-12T11:24:38.674+0800][info] GC(568) Pause Young (Prepare Mixed) (G1 Evacuation Pause) 94M->95M(128M) 1.523ms
[2024-10-12T11:24:38.674+0800][info] GC(568) User=0.00s Sys=0.00s Real=0.01s
[2024-10-12T11:24:38.776+0800][info] GC(569) Pause Young (Mixed) (G1 Evacuation Pause)
[2024-10-12T11:24:38.776+0800][info] GC(569) Using 3 workers of 48 for evacuation
[2024-10-12T11:24:38.778+0800][info] GC(569)   Pre Evacuate Collection Set: 0.4ms
[2024-10-12T11:24:38.778+0800][info] GC(569)   Merge Heap Roots: 0.1ms
[2024-10-12T11:24:38.778+0800][info] GC(569)   Evacuate Collection Set: 1.2ms
[2024-10-12T11:24:38.778+0800][info] GC(569)   Post Evacuate Collection Set: 0.2ms
[2024-10-12T11:24:38.778+0800][info] GC(569)   Other: 0.2ms
[2024-10-12T11:24:38.778+0800][info] GC(569) Eden regions: 2->0(2)
[2024-10-12T11:24:38.778+0800][info] GC(569) Survivor regions: 1->1(1)
[2024-10-12T11:24:38.778+0800][info] GC(569) Old regions: 49->48
[2024-10-12T11:24:38.778+0800][info] GC(569) Archive regions: 2->2
[2024-10-12T11:24:38.778+0800][info] GC(569) Humongous regions: 3->3
[2024-10-12T11:24:38.778+0800][info] GC(569) Metaspace: 1675K(1856K)->1675K(1856K) NonClass: 1551K(1664K)->1551K(1664K) Class: 124K(192K)->124K(192K)
[2024-10-12T11:24:38.778+0800][info] GC(569) Pause Young (Mixed) (G1 Evacuation Pause) 98M->96M(128M) 2.185ms
[2024-10-12T11:24:38.778+0800][info] GC(569) User=0.01s Sys=0.00s Real=0.00s
[2024-10-12T11:24:38.880+0800][info] GC(570) Pause Young (Mixed) (G1 Evacuation Pause)
[2024-10-12T11:24:38.881+0800][info] GC(570) Using 3 workers of 48 for evacuation
[2024-10-12T11:24:38.883+0800][info] GC(570)   Pre Evacuate Collection Set: 0.2ms
[2024-10-12T11:24:38.883+0800][info] GC(570)   Merge Heap Roots: 0.1ms
[2024-10-12T11:24:38.883+0800][info] GC(570)   Evacuate Collection Set: 1.6ms
[2024-10-12T11:24:38.883+0800][info] GC(570)   Post Evacuate Collection Set: 0.2ms
[2024-10-12T11:24:38.883+0800][info] GC(570)   Other: 0.1ms
[2024-10-12T11:24:38.883+0800][info] GC(570) Eden regions: 2->0(2)
[2024-10-12T11:24:38.883+0800][info] GC(570) Survivor regions: 1->1(1)
[2024-10-12T11:24:38.883+0800][info] GC(570) Old regions: 48->47
[2024-10-12T11:24:38.883+0800][info] GC(570) Archive regions: 2->2
[2024-10-12T11:24:38.883+0800][info] GC(570) Humongous regions: 3->3
[2024-10-12T11:24:38.883+0800][info] GC(570) Metaspace: 1675K(1856K)->1675K(1856K) NonClass: 1551K(1664K)->1551K(1664K) Class: 124K(192K)->124K(192K)
[2024-10-12T11:24:38.883+0800][info] GC(570) Pause Young (Mixed) (G1 Evacuation Pause) 100M->96M(128M) 2.297ms
[2024-10-12T11:24:38.883+0800][info] GC(570) User=0.00s Sys=0.00s Real=0.00s
[2024-10-12T11:24:38.985+0800][info] GC(571) Pause Young (Mixed) (G1 Evacuation Pause)
[2024-10-12T11:24:38.985+0800][info] GC(571) Using 3 workers of 48 for evacuation
[2024-10-12T11:24:38.987+0800][info] GC(571)   Pre Evacuate Collection Set: 0.2ms
[2024-10-12T11:24:38.987+0800][info] GC(571)   Merge Heap Roots: 0.1ms
[2024-10-12T11:24:38.987+0800][info] GC(571)   Evacuate Collection Set: 1.6ms
[2024-10-12T11:24:38.987+0800][info] GC(571)   Post Evacuate Collection Set: 0.2ms
[2024-10-12T11:24:38.987+0800][info] GC(571)   Other: 0.2ms
[2024-10-12T11:24:38.987+0800][info] GC(571) Eden regions: 2->0(2)
[2024-10-12T11:24:38.987+0800][info] GC(571) Survivor regions: 1->1(1)
[2024-10-12T11:24:38.987+0800][info] GC(571) Old regions: 47->47
[2024-10-12T11:24:38.987+0800][info] GC(571) Archive regions: 2->2
[2024-10-12T11:24:38.987+0800][info] GC(571) Humongous regions: 3->3
[2024-10-12T11:24:38.987+0800][info] GC(571) Metaspace: 1675K(1856K)->1675K(1856K) NonClass: 1551K(1664K)->1551K(1664K) Class: 124K(192K)->124K(192K)
[2024-10-12T11:24:38.988+0800][info] GC(571) Pause Young (Mixed) (G1 Evacuation Pause) 100M->97M(128M) 2.361ms
[2024-10-12T11:24:38.988+0800][info] GC(571) User=0.00s Sys=0.00s Real=0.00s
[2024-10-12T11:24:39.090+0800][info] GC(572) Pause Young (Mixed) (G1 Evacuation Pause)
[2024-10-12T11:24:39.090+0800][info] GC(572) Using 3 workers of 48 for evacuation
[2024-10-12T11:24:39.092+0800][info] GC(572)   Pre Evacuate Collection Set: 0.2ms
[2024-10-12T11:24:39.092+0800][info] GC(572)   Merge Heap Roots: 0.1ms
[2024-10-12T11:24:39.092+0800][info] GC(572)   Evacuate Collection Set: 2.1ms
[2024-10-12T11:24:39.092+0800][info] GC(572)   Post Evacuate Collection Set: 0.2ms
[2024-10-12T11:24:39.092+0800][info] GC(572)   Other: 0.1ms
[2024-10-12T11:24:39.092+0800][info] GC(572) Eden regions: 2->0(2)
[2024-10-12T11:24:39.092+0800][info] GC(572) Survivor regions: 1->1(1)
[2024-10-12T11:24:39.092+0800][info] GC(572) Old regions: 47->47
[2024-10-12T11:24:39.092+0800][info] GC(572) Archive regions: 2->2
[2024-10-12T11:24:39.092+0800][info] GC(572) Humongous regions: 3->3
[2024-10-12T11:24:39.092+0800][info] GC(572) Metaspace: 1675K(1856K)->1675K(1856K) NonClass: 1551K(1664K)->1551K(1664K) Class: 124K(192K)->124K(192K)
[2024-10-12T11:24:39.092+0800][info] GC(572) Pause Young (Mixed) (G1 Evacuation Pause) 100M->97M(128M) 2.846ms
[2024-10-12T11:24:39.092+0800][info] GC(572) User=0.01s Sys=0.00s Real=0.00s
[2024-10-12T11:24:39.195+0800][info] GC(573) Pause Young (Mixed) (G1 Evacuation Pause)
[2024-10-12T11:24:39.195+0800][info] GC(573) Using 3 workers of 48 for evacuation
[2024-10-12T11:24:39.198+0800][info] GC(573)   Pre Evacuate Collection Set: 0.2ms
[2024-10-12T11:24:39.198+0800][info] GC(573)   Merge Heap Roots: 0.1ms
[2024-10-12T11:24:39.198+0800][info] GC(573)   Evacuate Collection Set: 2.0ms
[2024-10-12T11:24:39.198+0800][info] GC(573)   Post Evacuate Collection Set: 0.2ms
[2024-10-12T11:24:39.198+0800][info] GC(573)   Other: 0.1ms
[2024-10-12T11:24:39.198+0800][info] GC(573) Eden regions: 2->0(2)
[2024-10-12T11:24:39.198+0800][info] GC(573) Survivor regions: 1->1(1)
[2024-10-12T11:24:39.198+0800][info] GC(573) Old regions: 47->47
[2024-10-12T11:24:39.198+0800][info] GC(573) Archive regions: 2->2
[2024-10-12T11:24:39.198+0800][info] GC(573) Humongous regions: 3->3
[2024-10-12T11:24:39.198+0800][info] GC(573) Metaspace: 1675K(1856K)->1675K(1856K) NonClass: 1551K(1664K)->1551K(1664K) Class: 124K(192K)->124K(192K)
[2024-10-12T11:24:39.198+0800][info] GC(573) Pause Young (Mixed) (G1 Evacuation Pause) 101M->99M(128M) 2.719ms
[2024-10-12T11:24:39.198+0800][info] GC(573) User=0.01s Sys=0.00s Real=0.00s
[2024-10-12T11:24:39.300+0800][info] GC(574) Pause Young (Mixed) (G1 Evacuation Pause)
[2024-10-12T11:24:39.300+0800][info] GC(574) Using 3 workers of 48 for evacuation
[2024-10-12T11:24:39.303+0800][info] GC(574)   Pre Evacuate Collection Set: 0.2ms
[2024-10-12T11:24:39.303+0800][info] GC(574)   Merge Heap Roots: 0.1ms
[2024-10-12T11:24:39.303+0800][info] GC(574)   Evacuate Collection Set: 2.5ms
[2024-10-12T11:24:39.303+0800][info] GC(574)   Post Evacuate Collection Set: 0.2ms
[2024-10-12T11:24:39.303+0800][info] GC(574)   Other: 0.1ms
[2024-10-12T11:24:39.303+0800][info] GC(574) Eden regions: 2->0(2)
[2024-10-12T11:24:39.303+0800][info] GC(574) Survivor regions: 1->1(1)
[2024-10-12T11:24:39.303+0800][info] GC(574) Old regions: 47->47
[2024-10-12T11:24:39.303+0800][info] GC(574) Archive regions: 2->2
[2024-10-12T11:24:39.303+0800][info] GC(574) Humongous regions: 3->3
[2024-10-12T11:24:39.303+0800][info] GC(574) Metaspace: 1675K(1856K)->1675K(1856K) NonClass: 1551K(1664K)->1551K(1664K) Class: 124K(192K)->124K(192K)
[2024-10-12T11:24:39.303+0800][info] GC(574) Pause Young (Mixed) (G1 Evacuation Pause) 102M->100M(128M) 3.249ms
[2024-10-12T11:24:39.303+0800][info] GC(574) User=0.01s Sys=0.00s Real=0.00s
[2024-10-12T11:24:39.405+0800][info] GC(575) Pause Young (Mixed) (G1 Evacuation Pause)
[2024-10-12T11:24:39.405+0800][info] GC(575) Using 3 workers of 48 for evacuation
[2024-10-12T11:24:39.408+0800][info] GC(575)   Pre Evacuate Collection Set: 0.2ms
[2024-10-12T11:24:39.408+0800][info] GC(575)   Merge Heap Roots: 0.1ms
[2024-10-12T11:24:39.408+0800][info] GC(575)   Evacuate Collection Set: 2.3ms
[2024-10-12T11:24:39.408+0800][info] GC(575)   Post Evacuate Collection Set: 0.2ms
[2024-10-12T11:24:39.408+0800][info] GC(575)   Other: 0.1ms
[2024-10-12T11:24:39.408+0800][info] GC(575) Eden regions: 2->0(2)
[2024-10-12T11:24:39.408+0800][info] GC(575) Survivor regions: 1->1(1)
[2024-10-12T11:24:39.408+0800][info] GC(575) Old regions: 47->48
[2024-10-12T11:24:39.408+0800][info] GC(575) Archive regions: 2->2
[2024-10-12T11:24:39.408+0800][info] GC(575) Humongous regions: 3->3
[2024-10-12T11:24:39.408+0800][info] GC(575) Metaspace: 1675K(1856K)->1675K(1856K) NonClass: 1551K(1664K)->1551K(1664K) Class: 124K(192K)->124K(192K)
[2024-10-12T11:24:39.408+0800][info] GC(575) Pause Young (Mixed) (G1 Evacuation Pause) 103M->102M(128M) 3.079ms
[2024-10-12T11:24:39.408+0800][info] GC(575) User=0.01s Sys=0.00s Real=0.00s
[2024-10-12T11:24:39.510+0800][info] GC(576) Pause Young (Normal) (G1 Evacuation Pause)
[2024-10-12T11:24:39.510+0800][info] GC(576) Using 3 workers of 48 for evacuation
[2024-10-12T11:24:39.511+0800][info] GC(576)   Pre Evacuate Collection Set: 0.1ms
[2024-10-12T11:24:39.511+0800][info] GC(576)   Merge Heap Roots: 0.0ms
[2024-10-12T11:24:39.511+0800][info] GC(576)   Evacuate Collection Set: 0.6ms
[2024-10-12T11:24:39.512+0800][info] GC(576)   Post Evacuate Collection Set: 0.2ms
[2024-10-12T11:24:39.512+0800][info] GC(576)   Other: 0.2ms
[2024-10-12T11:24:39.512+0800][info] GC(576) Eden regions: 2->0(2)
[2024-10-12T11:24:39.512+0800][info] GC(576) Survivor regions: 1->1(1)
[2024-10-12T11:24:39.512+0800][info] GC(576) Old regions: 48->49
[2024-10-12T11:24:39.512+0800][info] GC(576) Archive regions: 2->2
[2024-10-12T11:24:39.512+0800][info] GC(576) Humongous regions: 3->3
[2024-10-12T11:24:39.512+0800][info] GC(576) Metaspace: 1675K(1856K)->1675K(1856K) NonClass: 1551K(1664K)->1551K(1664K) Class: 124K(192K)->124K(192K)
[2024-10-12T11:24:39.512+0800][info] GC(576) Pause Young (Normal) (G1 Evacuation Pause) 105M->105M(128M) 1.264ms
[2024-10-12T11:24:39.512+0800][info] GC(576) User=0.00s Sys=0.00s Real=0.00s
[2024-10-12T11:24:39.614+0800][info] GC(577) Pause Young (Concurrent Start) (G1 Evacuation Pause)
[2024-10-12T11:24:39.614+0800][info] GC(577) Using 3 workers of 48 for evacuation
[2024-10-12T11:24:39.615+0800][info] GC(577)   Pre Evacuate Collection Set: 0.1ms
[2024-10-12T11:24:39.615+0800][info] GC(577)   Merge Heap Roots: 0.0ms
[2024-10-12T11:24:39.615+0800][info] GC(577)   Evacuate Collection Set: 0.8ms
[2024-10-12T11:24:39.615+0800][info] GC(577)   Post Evacuate Collection Set: 0.2ms
[2024-10-12T11:24:39.615+0800][info] GC(577)   Other: 0.4ms
[2024-10-12T11:24:39.615+0800][info] GC(577) Eden regions: 2->0(2)
[2024-10-12T11:24:39.615+0800][info] GC(577) Survivor regions: 1->1(1)
[2024-10-12T11:24:39.616+0800][info] GC(577) Old regions: 49->51
[2024-10-12T11:24:39.616+0800][info] GC(577) Archive regions: 2->2
[2024-10-12T11:24:39.616+0800][info] GC(577) Humongous regions: 3->3
[2024-10-12T11:24:39.616+0800][info] GC(577) Metaspace: 1675K(1856K)->1675K(1856K) NonClass: 1551K(1664K)->1551K(1664K) Class: 124K(192K)->124K(192K)
[2024-10-12T11:24:39.616+0800][info] GC(577) Pause Young (Concurrent Start) (G1 Evacuation Pause) 109M->108M(128M) 1.604ms
[2024-10-12T11:24:39.616+0800][info] GC(577) User=0.00s Sys=0.00s Real=0.00s
[2024-10-12T11:24:39.616+0800][info] GC(578) Concurrent Mark Cycle
[2024-10-12T11:24:39.616+0800][info] GC(578) Concurrent Clear Claimed Marks
[2024-10-12T11:24:39.616+0800][info] GC(578) Concurrent Clear Claimed Marks 0.017ms
[2024-10-12T11:24:39.616+0800][info] GC(578) Concurrent Scan Root Regions
[2024-10-12T11:24:39.616+0800][info] GC(578) Concurrent Scan Root Regions 0.160ms
[2024-10-12T11:24:39.616+0800][info] GC(578) Concurrent Mark
[2024-10-12T11:24:39.616+0800][info] GC(578) Concurrent Mark From Roots
[2024-10-12T11:24:39.616+0800][info] GC(578) Using 12 workers of 12 for marking
[2024-10-12T11:24:39.620+0800][info] GC(578) Concurrent Mark From Roots 3.924ms
[2024-10-12T11:24:39.620+0800][info] GC(578) Concurrent Preclean
[2024-10-12T11:24:39.622+0800][info] GC(578) Concurrent Preclean 1.701ms
[2024-10-12T11:24:39.622+0800][info] GC(578) Pause Remark
[2024-10-12T11:24:39.623+0800][info] GC(578) Pause Remark 109M->109M(128M) 1.598ms
[2024-10-12T11:24:39.623+0800][info] GC(578) User=0.00s Sys=0.00s Real=0.00s
[2024-10-12T11:24:39.624+0800][info] GC(578) Concurrent Mark 7.573ms
[2024-10-12T11:24:39.624+0800][info] GC(578) Concurrent Rebuild Remembered Sets
[2024-10-12T11:24:39.625+0800][info] GC(578) Concurrent Rebuild Remembered Sets 1.261ms
[2024-10-12T11:24:39.625+0800][info] GC(578) Pause Cleanup
[2024-10-12T11:24:39.625+0800][info] GC(578) Pause Cleanup 109M->109M(128M) 0.216ms
[2024-10-12T11:24:39.625+0800][info] GC(578) User=0.00s Sys=0.00s Real=0.01s
[2024-10-12T11:24:39.625+0800][info] GC(578) Concurrent Cleanup for Next Mark
[2024-10-12T11:24:39.626+0800][info] GC(578) Concurrent Cleanup for Next Mark 0.379ms
[2024-10-12T11:24:39.626+0800][info] GC(578) Concurrent Mark Cycle 9.980ms
[2024-10-12T11:24:39.769+0800][info] GC(579) Pause Young (Prepare Mixed) (G1 Evacuation Pause)
[2024-10-12T11:24:39.769+0800][info] GC(579) Using 3 workers of 48 for evacuation
[2024-10-12T11:24:39.770+0800][info] GC(579)   Pre Evacuate Collection Set: 0.1ms
[2024-10-12T11:24:39.770+0800][info] GC(579)   Merge Heap Roots: 0.1ms
[2024-10-12T11:24:39.770+0800][info] GC(579)   Evacuate Collection Set: 0.8ms
[2024-10-12T11:24:39.770+0800][info] GC(579)   Post Evacuate Collection Set: 0.2ms
[2024-10-12T11:24:39.770+0800][info] GC(579)   Other: 0.2ms
[2024-10-12T11:24:39.770+0800][info] GC(579) Eden regions: 2->0(2)
[2024-10-12T11:24:39.770+0800][info] GC(579) Survivor regions: 1->1(1)
[2024-10-12T11:24:39.770+0800][info] GC(579) Old regions: 51->53
[2024-10-12T11:24:39.770+0800][info] GC(579) Archive regions: 2->2
[2024-10-12T11:24:39.770+0800][info] GC(579) Humongous regions: 3->3
[2024-10-12T11:24:39.770+0800][info] GC(579) Metaspace: 1675K(1856K)->1675K(1856K) NonClass: 1551K(1664K)->1551K(1664K) Class: 124K(192K)->124K(192K)
[2024-10-12T11:24:39.770+0800][info] GC(579) Pause Young (Prepare Mixed) (G1 Evacuation Pause) 112M->112M(128M) 1.465ms
[2024-10-12T11:24:39.770+0800][info] GC(579) User=0.00s Sys=0.00s Real=0.00s
[2024-10-12T11:24:39.831+0800][info] GC(580) Pause Young (Mixed) (G1 Preventive Collection)
[2024-10-12T11:24:39.831+0800][info] GC(580) Using 3 workers of 48 for evacuation
[2024-10-12T11:24:39.833+0800][info] GC(580)   Pre Evacuate Collection Set: 0.2ms
[2024-10-12T11:24:39.833+0800][info] GC(580)   Merge Heap Roots: 0.1ms
[2024-10-12T11:24:39.833+0800][info] GC(580)   Evacuate Collection Set: 0.9ms
[2024-10-12T11:24:39.833+0800][info] GC(580)   Post Evacuate Collection Set: 0.2ms
[2024-10-12T11:24:39.833+0800][info] GC(580)   Other: 0.2ms
[2024-10-12T11:24:39.833+0800][info] GC(580) Eden regions: 1->0(2)
[2024-10-12T11:24:39.833+0800][info] GC(580) Survivor regions: 1->1(1)
[2024-10-12T11:24:39.833+0800][info] GC(580) Old regions: 53->50
[2024-10-12T11:24:39.833+0800][info] GC(580) Archive regions: 2->2
[2024-10-12T11:24:39.833+0800][info] GC(580) Humongous regions: 3->3
[2024-10-12T11:24:39.833+0800][info] GC(580) Metaspace: 1675K(1856K)->1675K(1856K) NonClass: 1551K(1664K)->1551K(1664K) Class: 124K(192K)->124K(192K)
[2024-10-12T11:24:39.833+0800][info] GC(580) Pause Young (Mixed) (G1 Preventive Collection) 114M->106M(128M) 1.671ms
[2024-10-12T11:24:39.833+0800][info] GC(580) User=0.01s Sys=0.00s Real=0.01s
[2024-10-12T11:24:39.936+0800][info] GC(581) Pause Young (Mixed) (G1 Preventive Collection)
[2024-10-12T11:24:39.936+0800][info] GC(581) Using 3 workers of 48 for evacuation
[2024-10-12T11:24:39.938+0800][info] GC(581)   Pre Evacuate Collection Set: 0.2ms
[2024-10-12T11:24:39.938+0800][info] GC(581)   Merge Heap Roots: 0.1ms
[2024-10-12T11:24:39.938+0800][info] GC(581)   Evacuate Collection Set: 1.3ms
[2024-10-12T11:24:39.938+0800][info] GC(581)   Post Evacuate Collection Set: 0.2ms
[2024-10-12T11:24:39.938+0800][info] GC(581)   Other: 0.2ms
[2024-10-12T11:24:39.938+0800][info] GC(581) Eden regions: 2->0(2)
[2024-10-12T11:24:39.938+0800][info] GC(581) Survivor regions: 1->1(1)
[2024-10-12T11:24:39.938+0800][info] GC(581) Old regions: 50->49
[2024-10-12T11:24:39.938+0800][info] GC(581) Archive regions: 2->2
[2024-10-12T11:24:39.938+0800][info] GC(581) Humongous regions: 3->3
[2024-10-12T11:24:39.938+0800][info] GC(581) Metaspace: 1675K(1856K)->1675K(1856K) NonClass: 1551K(1664K)->1551K(1664K) Class: 124K(192K)->124K(192K)
[2024-10-12T11:24:39.938+0800][info] GC(581) Pause Young (Mixed) (G1 Preventive Collection) 110M->105M(128M) 2.037ms
[2024-10-12T11:24:39.938+0800][info] GC(581) User=0.01s Sys=0.00s Real=0.00s
[2024-10-12T11:24:40.040+0800][info] GC(582) Pause Young (Mixed) (G1 Preventive Collection)
[2024-10-12T11:24:40.040+0800][info] GC(582) Using 3 workers of 48 for evacuation
[2024-10-12T11:24:40.042+0800][info] GC(582)   Pre Evacuate Collection Set: 0.2ms
[2024-10-12T11:24:40.042+0800][info] GC(582)   Merge Heap Roots: 0.1ms
[2024-10-12T11:24:40.042+0800][info] GC(582)   Evacuate Collection Set: 1.7ms
[2024-10-12T11:24:40.042+0800][info] GC(582)   Post Evacuate Collection Set: 0.2ms
[2024-10-12T11:24:40.042+0800][info] GC(582)   Other: 0.2ms
[2024-10-12T11:24:40.042+0800][info] GC(582) Eden regions: 2->0(2)
[2024-10-12T11:24:40.042+0800][info] GC(582) Survivor regions: 1->1(1)
[2024-10-12T11:24:40.042+0800][info] GC(582) Old regions: 49->48
[2024-10-12T11:24:40.042+0800][info] GC(582) Archive regions: 2->2
[2024-10-12T11:24:40.042+0800][info] GC(582) Humongous regions: 3->3
[2024-10-12T11:24:40.042+0800][info] GC(582) Metaspace: 1675K(1856K)->1675K(1856K) NonClass: 1551K(1664K)->1551K(1664K) Class: 124K(192K)->124K(192K)
[2024-10-12T11:24:40.042+0800][info] GC(582) Pause Young (Mixed) (G1 Preventive Collection) 109M->103M(128M) 2.461ms
[2024-10-12T11:24:40.042+0800][info] GC(582) User=0.00s Sys=0.00s Real=0.00s
[2024-10-12T11:24:40.145+0800][info] GC(583) Pause Young (Mixed) (G1 Evacuation Pause)
[2024-10-12T11:24:40.145+0800][info] GC(583) Using 3 workers of 48 for evacuation
[2024-10-12T11:24:40.147+0800][info] GC(583)   Pre Evacuate Collection Set: 0.2ms
[2024-10-12T11:24:40.147+0800][info] GC(583)   Merge Heap Roots: 0.1ms
[2024-10-12T11:24:40.147+0800][info] GC(583)   Evacuate Collection Set: 2.0ms
[2024-10-12T11:24:40.147+0800][info] GC(583)   Post Evacuate Collection Set: 0.2ms
[2024-10-12T11:24:40.147+0800][info] GC(583)   Other: 0.1ms
[2024-10-12T11:24:40.147+0800][info] GC(583) Eden regions: 2->0(2)
[2024-10-12T11:24:40.147+0800][info] GC(583) Survivor regions: 1->1(1)
[2024-10-12T11:24:40.147+0800][info] GC(583) Old regions: 48->48
[2024-10-12T11:24:40.147+0800][info] GC(583) Archive regions: 2->2
[2024-10-12T11:24:40.147+0800][info] GC(583) Humongous regions: 3->3
[2024-10-12T11:24:40.147+0800][info] GC(583) Metaspace: 1675K(1856K)->1675K(1856K) NonClass: 1551K(1664K)->1551K(1664K) Class: 124K(192K)->124K(192K)
[2024-10-12T11:24:40.147+0800][info] GC(583) Pause Young (Mixed) (G1 Evacuation Pause) 107M->104M(128M) 2.694ms
[2024-10-12T11:24:40.147+0800][info] GC(583) User=0.00s Sys=0.00s Real=0.01s
[2024-10-12T11:24:40.249+0800][info] GC(584) Pause Young (Mixed) (G1 Preventive Collection)
[2024-10-12T11:24:40.249+0800][info] GC(584) Using 3 workers of 48 for evacuation
[2024-10-12T11:24:40.252+0800][info] GC(584)   Pre Evacuate Collection Set: 0.2ms
[2024-10-12T11:24:40.252+0800][info] GC(584)   Merge Heap Roots: 0.1ms
[2024-10-12T11:24:40.252+0800][info] GC(584)   Evacuate Collection Set: 1.8ms
[2024-10-12T11:24:40.252+0800][info] GC(584)   Post Evacuate Collection Set: 0.2ms
[2024-10-12T11:24:40.252+0800][info] GC(584)   Other: 0.2ms
[2024-10-12T11:24:40.252+0800][info] GC(584) Eden regions: 2->0(2)
[2024-10-12T11:24:40.252+0800][info] GC(584) Survivor regions: 1->1(1)
[2024-10-12T11:24:40.252+0800][info] GC(584) Old regions: 48->48
[2024-10-12T11:24:40.252+0800][info] GC(584) Archive regions: 2->2
[2024-10-12T11:24:40.252+0800][info] GC(584) Humongous regions: 3->3
[2024-10-12T11:24:40.252+0800][info] GC(584) Metaspace: 1675K(1856K)->1675K(1856K) NonClass: 1551K(1664K)->1551K(1664K) Class: 124K(192K)->124K(192K)
[2024-10-12T11:24:40.252+0800][info] GC(584) Pause Young (Mixed) (G1 Preventive Collection) 107M->104M(128M) 2.581ms
[2024-10-12T11:24:40.252+0800][info] GC(584) User=0.01s Sys=0.00s Real=0.00s
[2024-10-12T11:24:40.354+0800][info] GC(585) Pause Young (Mixed) (G1 Preventive Collection)
[2024-10-12T11:24:40.354+0800][info] GC(585) Using 3 workers of 48 for evacuation
[2024-10-12T11:24:40.357+0800][info] GC(585)   Pre Evacuate Collection Set: 0.2ms
[2024-10-12T11:24:40.358+0800][info] GC(585)   Merge Heap Roots: 0.1ms
[2024-10-12T11:24:40.358+0800][info] GC(585)   Evacuate Collection Set: 2.5ms
[2024-10-12T11:24:40.358+0800][info] GC(585)   Post Evacuate Collection Set: 0.2ms
[2024-10-12T11:24:40.358+0800][info] GC(585)   Other: 0.2ms
[2024-10-12T11:24:40.358+0800][info] GC(585) Eden regions: 2->0(2)
[2024-10-12T11:24:40.358+0800][info] GC(585) Survivor regions: 1->1(1)
[2024-10-12T11:24:40.358+0800][info] GC(585) Old regions: 48->49
[2024-10-12T11:24:40.358+0800][info] GC(585) Archive regions: 2->2
[2024-10-12T11:24:40.358+0800][info] GC(585) Humongous regions: 3->3
[2024-10-12T11:24:40.358+0800][info] GC(585) Metaspace: 1675K(1856K)->1675K(1856K) NonClass: 1551K(1664K)->1551K(1664K) Class: 124K(192K)->124K(192K)
[2024-10-12T11:24:40.358+0800][info] GC(585) Pause Young (Mixed) (G1 Preventive Collection) 107M->105M(128M) 3.291ms
[2024-10-12T11:24:40.358+0800][info] GC(585) User=0.01s Sys=0.00s Real=0.00s
[2024-10-12T11:24:40.460+0800][info] GC(586) Pause Young (Mixed) (G1 Preventive Collection)
[2024-10-12T11:24:40.460+0800][info] GC(586) Using 3 workers of 48 for evacuation
[2024-10-12T11:24:40.463+0800][info] GC(586)   Pre Evacuate Collection Set: 0.2ms
[2024-10-12T11:24:40.463+0800][info] GC(586)   Merge Heap Roots: 0.1ms
[2024-10-12T11:24:40.463+0800][info] GC(586)   Evacuate Collection Set: 2.3ms
[2024-10-12T11:24:40.463+0800][info] GC(586)   Post Evacuate Collection Set: 0.2ms
[2024-10-12T11:24:40.463+0800][info] GC(586)   Other: 0.2ms
[2024-10-12T11:24:40.463+0800][info] GC(586) Eden regions: 2->0(2)
[2024-10-12T11:24:40.463+0800][info] GC(586) Survivor regions: 1->1(1)
[2024-10-12T11:24:40.463+0800][info] GC(586) Old regions: 49->49
[2024-10-12T11:24:40.463+0800][info] GC(586) Archive regions: 2->2
[2024-10-12T11:24:40.463+0800][info] GC(586) Humongous regions: 3->3
[2024-10-12T11:24:40.463+0800][info] GC(586) Metaspace: 1675K(1856K)->1675K(1856K) NonClass: 1551K(1664K)->1551K(1664K) Class: 124K(192K)->124K(192K)
[2024-10-12T11:24:40.463+0800][info] GC(586) Pause Young (Mixed) (G1 Preventive Collection) 109M->106M(128M) 3.097ms
[2024-10-12T11:24:40.463+0800][info] GC(586) User=0.00s Sys=0.00s Real=0.00s
[2024-10-12T11:24:40.525+0800][info] GC(587) Pause Young (Mixed) (G1 Preventive Collection)
[2024-10-12T11:24:40.525+0800][info] GC(587) Using 3 workers of 48 for evacuation
[2024-10-12T11:24:40.528+0800][info] GC(587)   Pre Evacuate Collection Set: 0.2ms
[2024-10-12T11:24:40.528+0800][info] GC(587)   Merge Heap Roots: 0.1ms
[2024-10-12T11:24:40.528+0800][info] GC(587)   Evacuate Collection Set: 1.9ms
[2024-10-12T11:24:40.528+0800][info] GC(587)   Post Evacuate Collection Set: 0.2ms
[2024-10-12T11:24:40.528+0800][info] GC(587)   Other: 0.2ms
[2024-10-12T11:24:40.528+0800][info] GC(587) Eden regions: 1->0(2)
[2024-10-12T11:24:40.528+0800][info] GC(587) Survivor regions: 1->1(1)
[2024-10-12T11:24:40.528+0800][info] GC(587) Old regions: 49->49
[2024-10-12T11:24:40.528+0800][info] GC(587) Archive regions: 2->2
[2024-10-12T11:24:40.528+0800][info] GC(587) Humongous regions: 4->3
[2024-10-12T11:24:40.528+0800][info] GC(587) Metaspace: 1675K(1856K)->1675K(1856K) NonClass: 1551K(1664K)->1551K(1664K) Class: 124K(192K)->124K(192K)
[2024-10-12T11:24:40.528+0800][info] GC(587) Pause Young (Mixed) (G1 Preventive Collection) 110M->106M(128M) 2.671ms
[2024-10-12T11:24:40.528+0800][info] GC(587) User=0.01s Sys=0.00s Real=0.01s
[2024-10-12T11:24:40.630+0800][info] GC(588) Pause Young (Concurrent Start) (G1 Evacuation Pause)
[2024-10-12T11:24:40.630+0800][info] GC(588) Using 3 workers of 48 for evacuation
[2024-10-12T11:24:40.631+0800][info] GC(588)   Pre Evacuate Collection Set: 0.1ms
[2024-10-12T11:24:40.631+0800][info] GC(588)   Merge Heap Roots: 0.0ms
[2024-10-12T11:24:40.631+0800][info] GC(588)   Evacuate Collection Set: 0.8ms
[2024-10-12T11:24:40.631+0800][info] GC(588)   Post Evacuate Collection Set: 0.2ms
[2024-10-12T11:24:40.631+0800][info] GC(588)   Other: 0.4ms
[2024-10-12T11:24:40.631+0800][info] GC(588) Eden regions: 2->0(2)
[2024-10-12T11:24:40.631+0800][info] GC(588) Survivor regions: 1->1(1)
[2024-10-12T11:24:40.631+0800][info] GC(588) Old regions: 49->51
[2024-10-12T11:24:40.631+0800][info] GC(588) Archive regions: 2->2
[2024-10-12T11:24:40.631+0800][info] GC(588) Humongous regions: 3->3
[2024-10-12T11:24:40.631+0800][info] GC(588) Metaspace: 1675K(1856K)->1675K(1856K) NonClass: 1551K(1664K)->1551K(1664K) Class: 124K(192K)->124K(192K)
[2024-10-12T11:24:40.631+0800][info] GC(588) Pause Young (Concurrent Start) (G1 Evacuation Pause) 109M->110M(128M) 1.593ms
[2024-10-12T11:24:40.631+0800][info] GC(588) User=0.00s Sys=0.00s Real=0.00s
[2024-10-12T11:24:40.632+0800][info] GC(589) Concurrent Mark Cycle
[2024-10-12T11:24:40.632+0800][info] GC(589) Concurrent Clear Claimed Marks
[2024-10-12T11:24:40.632+0800][info] GC(589) Concurrent Clear Claimed Marks 0.017ms
[2024-10-12T11:24:40.632+0800][info] GC(589) Concurrent Scan Root Regions
[2024-10-12T11:24:40.632+0800][info] GC(589) Concurrent Scan Root Regions 0.157ms
[2024-10-12T11:24:40.632+0800][info] GC(589) Concurrent Mark
[2024-10-12T11:24:40.632+0800][info] GC(589) Concurrent Mark From Roots
[2024-10-12T11:24:40.632+0800][info] GC(589) Using 12 workers of 12 for marking
[2024-10-12T11:24:40.636+0800][info] GC(589) Concurrent Mark From Roots 3.735ms
[2024-10-12T11:24:40.636+0800][info] GC(589) Concurrent Preclean
[2024-10-12T11:24:40.637+0800][info] GC(589) Concurrent Preclean 1.703ms
[2024-10-12T11:24:40.637+0800][info] GC(589) Pause Remark
[2024-10-12T11:24:40.639+0800][info] GC(589) Pause Remark 111M->111M(128M) 1.538ms
[2024-10-12T11:24:40.639+0800][info] GC(589) User=0.00s Sys=0.00s Real=0.00s
[2024-10-12T11:24:40.639+0800][info] GC(589) Concurrent Mark 7.239ms
[2024-10-12T11:24:40.639+0800][info] GC(589) Concurrent Rebuild Remembered Sets
[2024-10-12T11:24:40.640+0800][info] GC(589) Concurrent Rebuild Remembered Sets 1.375ms
[2024-10-12T11:24:40.641+0800][info] GC(589) Pause Cleanup
[2024-10-12T11:24:40.641+0800][info] GC(589) Pause Cleanup 111M->111M(128M) 0.207ms
[2024-10-12T11:24:40.641+0800][info] GC(589) User=0.00s Sys=0.00s Real=0.00s
[2024-10-12T11:24:40.641+0800][info] GC(589) Concurrent Cleanup for Next Mark
[2024-10-12T11:24:40.641+0800][info] GC(589) Concurrent Cleanup for Next Mark 0.317ms
[2024-10-12T11:24:40.641+0800][info] GC(589) Concurrent Mark Cycle 9.690ms
[2024-10-12T11:24:40.785+0800][info] GC(590) Pause Young (Prepare Mixed) (G1 Evacuation Pause)
[2024-10-12T11:24:40.785+0800][info] GC(590) Using 3 workers of 48 for evacuation
[2024-10-12T11:24:40.786+0800][info] GC(590)   Pre Evacuate Collection Set: 0.1ms
[2024-10-12T11:24:40.786+0800][info] GC(590)   Merge Heap Roots: 0.1ms
[2024-10-12T11:24:40.786+0800][info] GC(590)   Evacuate Collection Set: 0.8ms
[2024-10-12T11:24:40.786+0800][info] GC(590)   Post Evacuate Collection Set: 0.2ms
[2024-10-12T11:24:40.786+0800][info] GC(590)   Other: 0.2ms
[2024-10-12T11:24:40.786+0800][info] GC(590) Eden regions: 2->0(2)
[2024-10-12T11:24:40.786+0800][info] GC(590) Survivor regions: 1->1(1)
[2024-10-12T11:24:40.786+0800][info] GC(590) Old regions: 51->53
[2024-10-12T11:24:40.786+0800][info] GC(590) Archive regions: 2->2
[2024-10-12T11:24:40.786+0800][info] GC(590) Humongous regions: 3->3
[2024-10-12T11:24:40.786+0800][info] GC(590) Metaspace: 1683K(1856K)->1683K(1856K) NonClass: 1559K(1664K)->1559K(1664K) Class: 124K(192K)->124K(192K)
[2024-10-12T11:24:40.786+0800][info] GC(590) Pause Young (Prepare Mixed) (G1 Evacuation Pause) 114M->114M(128M) 1.561ms
[2024-10-12T11:24:40.786+0800][info] GC(590) User=0.00s Sys=0.00s Real=0.01s
[2024-10-12T11:24:40.848+0800][info] GC(591) Pause Young (Mixed) (G1 Preventive Collection)
[2024-10-12T11:24:40.848+0800][info] GC(591) Using 3 workers of 48 for evacuation
[2024-10-12T11:24:40.850+0800][info] GC(591)   Pre Evacuate Collection Set: 0.2ms
[2024-10-12T11:24:40.850+0800][info] GC(591)   Merge Heap Roots: 0.0ms
[2024-10-12T11:24:40.850+0800][info] GC(591)   Evacuate Collection Set: 1.3ms
[2024-10-12T11:24:40.850+0800][info] GC(591)   Post Evacuate Collection Set: 0.2ms
[2024-10-12T11:24:40.850+0800][info] GC(591)   Other: 0.2ms
[2024-10-12T11:24:40.850+0800][info] GC(591) Eden regions: 1->0(2)
[2024-10-12T11:24:40.850+0800][info] GC(591) Survivor regions: 1->1(1)
[2024-10-12T11:24:40.850+0800][info] GC(591) Old regions: 53->50
[2024-10-12T11:24:40.850+0800][info] GC(591) Archive regions: 2->2
[2024-10-12T11:24:40.850+0800][info] GC(591) Humongous regions: 3->3
[2024-10-12T11:24:40.850+0800][info] GC(591) Metaspace: 1683K(1856K)->1683K(1856K) NonClass: 1559K(1664K)->1559K(1664K) Class: 124K(192K)->124K(192K)
[2024-10-12T11:24:40.850+0800][info] GC(591) Pause Young (Mixed) (G1 Preventive Collection) 116M->108M(128M) 2.059ms
[2024-10-12T11:24:40.850+0800][info] GC(591) User=0.01s Sys=0.00s Real=0.00s
[2024-10-12T11:24:40.952+0800][info] GC(592) Pause Young (Mixed) (G1 Preventive Collection)
[2024-10-12T11:24:40.952+0800][info] GC(592) Using 3 workers of 48 for evacuation
[2024-10-12T11:24:40.954+0800][info] GC(592)   Pre Evacuate Collection Set: 0.2ms
[2024-10-12T11:24:40.954+0800][info] GC(592)   Merge Heap Roots: 0.1ms
[2024-10-12T11:24:40.954+0800][info] GC(592)   Evacuate Collection Set: 2.0ms
[2024-10-12T11:24:40.954+0800][info] GC(592)   Post Evacuate Collection Set: 0.2ms
[2024-10-12T11:24:40.955+0800][info] GC(592)   Other: 0.1ms
[2024-10-12T11:24:40.955+0800][info] GC(592) Eden regions: 2->0(2)
[2024-10-12T11:24:40.955+0800][info] GC(592) Survivor regions: 1->1(1)
[2024-10-12T11:24:40.955+0800][info] GC(592) Old regions: 50->49
[2024-10-12T11:24:40.955+0800][info] GC(592) Archive regions: 2->2
[2024-10-12T11:24:40.955+0800][info] GC(592) Humongous regions: 3->3
[2024-10-12T11:24:40.955+0800][info] GC(592) Metaspace: 1683K(1856K)->1683K(1856K) NonClass: 1559K(1664K)->1559K(1664K) Class: 124K(192K)->124K(192K)
[2024-10-12T11:24:40.955+0800][info] GC(592) Pause Young (Mixed) (G1 Preventive Collection) 112M->107M(128M) 2.744ms
[2024-10-12T11:24:40.955+0800][info] GC(592) User=0.00s Sys=0.00s Real=0.01s
[2024-10-12T11:24:41.057+0800][info] GC(593) Pause Young (Mixed) (G1 Preventive Collection)
[2024-10-12T11:24:41.057+0800][info] GC(593) Using 3 workers of 48 for evacuation
[2024-10-12T11:24:41.060+0800][info] GC(593)   Pre Evacuate Collection Set: 0.1ms
[2024-10-12T11:24:41.060+0800][info] GC(593)   Merge Heap Roots: 0.1ms
[2024-10-12T11:24:41.060+0800][info] GC(593)   Evacuate Collection Set: 2.0ms
[2024-10-12T11:24:41.060+0800][info] GC(593)   Post Evacuate Collection Set: 0.2ms
[2024-10-12T11:24:41.060+0800][info] GC(593)   Other: 0.2ms
[2024-10-12T11:24:41.060+0800][info] GC(593) Eden regions: 2->0(2)
[2024-10-12T11:24:41.060+0800][info] GC(593) Survivor regions: 1->1(1)
[2024-10-12T11:24:41.060+0800][info] GC(593) Old regions: 49->48
[2024-10-12T11:24:41.060+0800][info] GC(593) Archive regions: 2->2
[2024-10-12T11:24:41.060+0800][info] GC(593) Humongous regions: 3->3
[2024-10-12T11:24:41.060+0800][info] GC(593) Metaspace: 1683K(1856K)->1683K(1856K) NonClass: 1559K(1664K)->1559K(1664K) Class: 124K(192K)->124K(192K)
[2024-10-12T11:24:41.060+0800][info] GC(593) Pause Young (Mixed) (G1 Preventive Collection) 110M->105M(128M) 2.647ms
[2024-10-12T11:24:41.060+0800][info] GC(593) User=0.01s Sys=0.01s Real=0.00s
[2024-10-12T11:24:41.162+0800][info] GC(594) Pause Young (Mixed) (G1 Preventive Collection)
[2024-10-12T11:24:41.162+0800][info] GC(594) Using 3 workers of 48 for evacuation
[2024-10-12T11:24:41.165+0800][info] GC(594)   Pre Evacuate Collection Set: 0.2ms
[2024-10-12T11:24:41.165+0800][info] GC(594)   Merge Heap Roots: 0.1ms
[2024-10-12T11:24:41.165+0800][info] GC(594)   Evacuate Collection Set: 2.2ms
[2024-10-12T11:24:41.165+0800][info] GC(594)   Post Evacuate Collection Set: 0.2ms
[2024-10-12T11:24:41.165+0800][info] GC(594)   Other: 0.1ms
[2024-10-12T11:24:41.165+0800][info] GC(594) Eden regions: 2->0(2)
[2024-10-12T11:24:41.165+0800][info] GC(594) Survivor regions: 1->1(1)
[2024-10-12T11:24:41.165+0800][info] GC(594) Old regions: 48->47
[2024-10-12T11:24:41.165+0800][info] GC(594) Archive regions: 2->2
[2024-10-12T11:24:41.165+0800][info] GC(594) Humongous regions: 3->3
[2024-10-12T11:24:41.165+0800][info] GC(594) Metaspace: 1683K(1856K)->1683K(1856K) NonClass: 1559K(1664K)->1559K(1664K) Class: 124K(192K)->124K(192K)
[2024-10-12T11:24:41.165+0800][info] GC(594) Pause Young (Mixed) (G1 Preventive Collection) 108M->103M(128M) 2.929ms
[2024-10-12T11:24:41.165+0800][info] GC(594) User=0.00s Sys=0.00s Real=0.00s
[2024-10-12T11:24:41.267+0800][info] GC(595) Pause Young (Mixed) (G1 Preventive Collection)
[2024-10-12T11:24:41.267+0800][info] GC(595) Using 3 workers of 48 for evacuation
[2024-10-12T11:24:41.270+0800][info] GC(595)   Pre Evacuate Collection Set: 0.2ms
[2024-10-12T11:24:41.270+0800][info] GC(595)   Merge Heap Roots: 0.1ms
[2024-10-12T11:24:41.270+0800][info] GC(595)   Evacuate Collection Set: 2.2ms
[2024-10-12T11:24:41.270+0800][info] GC(595)   Post Evacuate Collection Set: 0.2ms
[2024-10-12T11:24:41.270+0800][info] GC(595)   Other: 0.1ms
[2024-10-12T11:24:41.270+0800][info] GC(595) Eden regions: 2->0(2)
[2024-10-12T11:24:41.270+0800][info] GC(595) Survivor regions: 1->1(1)
[2024-10-12T11:24:41.270+0800][info] GC(595) Old regions: 47->47
[2024-10-12T11:24:41.270+0800][info] GC(595) Archive regions: 2->2
[2024-10-12T11:24:41.270+0800][info] GC(595) Humongous regions: 3->3
[2024-10-12T11:24:41.270+0800][info] GC(595) Metaspace: 1683K(1856K)->1683K(1856K) NonClass: 1559K(1664K)->1559K(1664K) Class: 124K(192K)->124K(192K)
[2024-10-12T11:24:41.270+0800][info] GC(595) Pause Young (Mixed) (G1 Preventive Collection) 107M->103M(128M) 2.842ms
[2024-10-12T11:24:41.270+0800][info] GC(595) User=0.00s Sys=0.00s Real=0.00s
[2024-10-12T11:24:41.372+0800][info] GC(596) Pause Young (Mixed) (G1 Preventive Collection)
[2024-10-12T11:24:41.372+0800][info] GC(596) Using 3 workers of 48 for evacuation
[2024-10-12T11:24:41.375+0800][info] GC(596)   Pre Evacuate Collection Set: 0.2ms
[2024-10-12T11:24:41.375+0800][info] GC(596)   Merge Heap Roots: 0.1ms
[2024-10-12T11:24:41.375+0800][info] GC(596)   Evacuate Collection Set: 2.5ms
[2024-10-12T11:24:41.375+0800][info] GC(596)   Post Evacuate Collection Set: 0.2ms
[2024-10-12T11:24:41.375+0800][info] GC(596)   Other: 0.2ms
[2024-10-12T11:24:41.375+0800][info] GC(596) Eden regions: 2->0(2)
[2024-10-12T11:24:41.375+0800][info] GC(596) Survivor regions: 1->1(1)
[2024-10-12T11:24:41.375+0800][info] GC(596) Old regions: 47->48
[2024-10-12T11:24:41.375+0800][info] GC(596) Archive regions: 2->2
[2024-10-12T11:24:41.375+0800][info] GC(596) Humongous regions: 3->3
[2024-10-12T11:24:41.375+0800][info] GC(596) Metaspace: 1683K(1856K)->1683K(1856K) NonClass: 1559K(1664K)->1559K(1664K) Class: 124K(192K)->124K(192K)
[2024-10-12T11:24:41.375+0800][info] GC(596) Pause Young (Mixed) (G1 Preventive Collection) 106M->104M(128M) 3.220ms
[2024-10-12T11:24:41.375+0800][info] GC(596) User=0.01s Sys=0.00s Real=0.01s
[2024-10-12T11:24:41.478+0800][info] GC(597) Pause Young (Mixed) (G1 Preventive Collection)
[2024-10-12T11:24:41.478+0800][info] GC(597) Using 3 workers of 48 for evacuation
[2024-10-12T11:24:41.482+0800][info] GC(597)   Pre Evacuate Collection Set: 0.2ms
[2024-10-12T11:24:41.482+0800][info] GC(597)   Merge Heap Roots: 0.1ms
[2024-10-12T11:24:41.482+0800][info] GC(597)   Evacuate Collection Set: 3.3ms
[2024-10-12T11:24:41.482+0800][info] GC(597)   Post Evacuate Collection Set: 0.2ms
[2024-10-12T11:24:41.482+0800][info] GC(597)   Other: 0.2ms
[2024-10-12T11:24:41.482+0800][info] GC(597) Eden regions: 2->0(2)
[2024-10-12T11:24:41.482+0800][info] GC(597) Survivor regions: 1->1(1)
[2024-10-12T11:24:41.482+0800][info] GC(597) Old regions: 48->48
[2024-10-12T11:24:41.482+0800][info] GC(597) Archive regions: 2->2
[2024-10-12T11:24:41.482+0800][info] GC(597) Humongous regions: 3->3
[2024-10-12T11:24:41.482+0800][info] GC(597) Metaspace: 1683K(1856K)->1683K(1856K) NonClass: 1559K(1664K)->1559K(1664K) Class: 124K(192K)->124K(192K)
[2024-10-12T11:24:41.482+0800][info] GC(597) Pause Young (Mixed) (G1 Preventive Collection) 107M->104M(128M) 4.084ms
[2024-10-12T11:24:41.482+0800][info] GC(597) User=0.01s Sys=0.00s Real=0.00s
[2024-10-12T11:24:41.584+0800][info] GC(598) Pause Young (Normal) (G1 Evacuation Pause)
[2024-10-12T11:24:41.584+0800][info] GC(598) Using 3 workers of 48 for evacuation
[2024-10-12T11:24:41.585+0800][info] GC(598)   Pre Evacuate Collection Set: 0.1ms
[2024-10-12T11:24:41.585+0800][info] GC(598)   Merge Heap Roots: 0.0ms
[2024-10-12T11:24:41.585+0800][info] GC(598)   Evacuate Collection Set: 0.7ms
[2024-10-12T11:24:41.585+0800][info] GC(598)   Post Evacuate Collection Set: 0.2ms
[2024-10-12T11:24:41.585+0800][info] GC(598)   Other: 0.2ms
[2024-10-12T11:24:41.585+0800][info] GC(598) Eden regions: 2->0(2)
[2024-10-12T11:24:41.585+0800][info] GC(598) Survivor regions: 1->1(1)
[2024-10-12T11:24:41.585+0800][info] GC(598) Old regions: 48->50
[2024-10-12T11:24:41.585+0800][info] GC(598) Archive regions: 2->2
[2024-10-12T11:24:41.585+0800][info] GC(598) Humongous regions: 3->3
[2024-10-12T11:24:41.585+0800][info] GC(598) Metaspace: 1683K(1856K)->1683K(1856K) NonClass: 1559K(1664K)->1559K(1664K) Class: 124K(192K)->124K(192K)
[2024-10-12T11:24:41.585+0800][info] GC(598) Pause Young (Normal) (G1 Evacuation Pause) 108M->108M(128M) 1.361ms
[2024-10-12T11:24:41.585+0800][info] GC(598) User=0.01s Sys=0.00s Real=0.01s
[2024-10-12T11:24:41.688+0800][info] GC(599) Pause Young (Concurrent Start) (G1 Evacuation Pause)
[2024-10-12T11:24:41.688+0800][info] GC(599) Using 3 workers of 48 for evacuation
[2024-10-12T11:24:41.689+0800][info] GC(599)   Pre Evacuate Collection Set: 0.1ms
[2024-10-12T11:24:41.689+0800][info] GC(599)   Merge Heap Roots: 0.0ms
[2024-10-12T11:24:41.689+0800][info] GC(599)   Evacuate Collection Set: 0.8ms
[2024-10-12T11:24:41.689+0800][info] GC(599)   Post Evacuate Collection Set: 0.2ms
[2024-10-12T11:24:41.689+0800][info] GC(599)   Other: 0.4ms
[2024-10-12T11:24:41.689+0800][info] GC(599) Eden regions: 2->0(2)
[2024-10-12T11:24:41.689+0800][info] GC(599) Survivor regions: 1->1(1)
[2024-10-12T11:24:41.689+0800][info] GC(599) Old regions: 50->52
[2024-10-12T11:24:41.689+0800][info] GC(599) Archive regions: 2->2
[2024-10-12T11:24:41.689+0800][info] GC(599) Humongous regions: 3->3
[2024-10-12T11:24:41.689+0800][info] GC(599) Metaspace: 1683K(1856K)->1683K(1856K) NonClass: 1559K(1664K)->1559K(1664K) Class: 124K(192K)->124K(192K)
[2024-10-12T11:24:41.689+0800][info] GC(599) Pause Young (Concurrent Start) (G1 Evacuation Pause) 112M->112M(128M) 1.607ms
[2024-10-12T11:24:41.689+0800][info] GC(599) User=0.00s Sys=0.00s Real=0.00s
[2024-10-12T11:24:41.689+0800][info] GC(600) Concurrent Mark Cycle
[2024-10-12T11:24:41.690+0800][info] GC(600) Concurrent Clear Claimed Marks
[2024-10-12T11:24:41.690+0800][info] GC(600) Concurrent Clear Claimed Marks 0.017ms
[2024-10-12T11:24:41.690+0800][info] GC(600) Concurrent Scan Root Regions
[2024-10-12T11:24:41.690+0800][info] GC(600) Concurrent Scan Root Regions 0.157ms
[2024-10-12T11:24:41.690+0800][info] GC(600) Concurrent Mark
[2024-10-12T11:24:41.690+0800][info] GC(600) Concurrent Mark From Roots
[2024-10-12T11:24:41.690+0800][info] GC(600) Using 12 workers of 12 for marking
[2024-10-12T11:24:41.693+0800][info] GC(600) Concurrent Mark From Roots 3.562ms
[2024-10-12T11:24:41.693+0800][info] GC(600) Concurrent Preclean
[2024-10-12T11:24:41.695+0800][info] GC(600) Concurrent Preclean 1.695ms
[2024-10-12T11:24:41.695+0800][info] GC(600) Pause Remark
[2024-10-12T11:24:41.697+0800][info] GC(600) Pause Remark 113M->113M(128M) 1.469ms
[2024-10-12T11:24:41.697+0800][info] GC(600) User=0.00s Sys=0.00s Real=0.00s
[2024-10-12T11:24:41.697+0800][info] GC(600) Concurrent Mark 6.957ms
[2024-10-12T11:24:41.697+0800][info] GC(600) Concurrent Rebuild Remembered Sets
[2024-10-12T11:24:41.698+0800][info] GC(600) Concurrent Rebuild Remembered Sets 1.216ms
[2024-10-12T11:24:41.698+0800][info] GC(600) Pause Cleanup
[2024-10-12T11:24:41.698+0800][info] GC(600) Pause Cleanup 113M->113M(128M) 0.213ms
[2024-10-12T11:24:41.698+0800][info] GC(600) User=0.00s Sys=0.00s Real=0.00s
[2024-10-12T11:24:41.698+0800][info] GC(600) Concurrent Cleanup for Next Mark
[2024-10-12T11:24:41.699+0800][info] GC(600) Concurrent Cleanup for Next Mark 0.314ms
[2024-10-12T11:24:41.699+0800][info] GC(600) Concurrent Mark Cycle 9.171ms
[2024-10-12T11:24:41.842+0800][info] GC(601) Pause Young (Prepare Mixed) (G1 Preventive Collection)
[2024-10-12T11:24:41.842+0800][info] GC(601) Using 3 workers of 48 for evacuation
[2024-10-12T11:24:41.844+0800][info] GC(601)   Pre Evacuate Collection Set: 0.1ms
[2024-10-12T11:24:41.844+0800][info] GC(601)   Merge Heap Roots: 0.1ms
[2024-10-12T11:24:41.844+0800][info] GC(601)   Evacuate Collection Set: 0.8ms
[2024-10-12T11:24:41.844+0800][info] GC(601)   Post Evacuate Collection Set: 0.2ms
[2024-10-12T11:24:41.844+0800][info] GC(601)   Other: 0.2ms
[2024-10-12T11:24:41.844+0800][info] GC(601) Eden regions: 2->0(2)
[2024-10-12T11:24:41.844+0800][info] GC(601) Survivor regions: 1->1(1)
[2024-10-12T11:24:41.844+0800][info] GC(601) Old regions: 52->54
[2024-10-12T11:24:41.844+0800][info] GC(601) Archive regions: 2->2
[2024-10-12T11:24:41.844+0800][info] GC(601) Humongous regions: 3->3
[2024-10-12T11:24:41.844+0800][info] GC(601) Metaspace: 1683K(1856K)->1683K(1856K) NonClass: 1559K(1664K)->1559K(1664K) Class: 124K(192K)->124K(192K)
[2024-10-12T11:24:41.844+0800][info] GC(601) Pause Young (Prepare Mixed) (G1 Preventive Collection) 115M->116M(128M) 1.459ms
[2024-10-12T11:24:41.844+0800][info] GC(601) User=0.00s Sys=0.01s Real=0.00s
[2024-10-12T11:24:41.906+0800][info] GC(602) Pause Young (Mixed) (G1 Preventive Collection)
[2024-10-12T11:24:41.906+0800][info] GC(602) Using 3 workers of 48 for evacuation
[2024-10-12T11:24:41.907+0800][info] GC(602) To-space exhausted
[2024-10-12T11:24:41.907+0800][info] GC(602)   Pre Evacuate Collection Set: 0.2ms
[2024-10-12T11:24:41.907+0800][info] GC(602)   Merge Heap Roots: 0.0ms
[2024-10-12T11:24:41.907+0800][info] GC(602)   Evacuate Collection Set: 1.2ms
[2024-10-12T11:24:41.907+0800][info] GC(602)   Post Evacuate Collection Set: 0.3ms
[2024-10-12T11:24:41.907+0800][info] GC(602)   Other: 0.2ms
[2024-10-12T11:24:41.907+0800][info] GC(602) Eden regions: 1->0(2)
[2024-10-12T11:24:41.907+0800][info] GC(602) Survivor regions: 1->1(1)
[2024-10-12T11:24:41.907+0800][info] GC(602) Old regions: 54->53
[2024-10-12T11:24:41.907+0800][info] GC(602) Archive regions: 2->2
[2024-10-12T11:24:41.908+0800][info] GC(602) Humongous regions: 3->3
[2024-10-12T11:24:41.908+0800][info] GC(602) Metaspace: 1683K(1856K)->1683K(1856K) NonClass: 1559K(1664K)->1559K(1664K) Class: 124K(192K)->124K(192K)
[2024-10-12T11:24:41.908+0800][info] GC(602) Pause Young (Mixed) (G1 Preventive Collection) 118M->115M(128M) 2.019ms
[2024-10-12T11:24:41.908+0800][info] GC(602) User=0.00s Sys=0.00s Real=0.00s
[2024-10-12T11:24:41.949+0800][info] GC(603) Pause Young (Mixed) (G1 Preventive Collection)
[2024-10-12T11:24:41.949+0800][info] GC(603) Using 3 workers of 48 for evacuation
[2024-10-12T11:24:41.950+0800][info] GC(603) To-space exhausted
[2024-10-12T11:24:41.950+0800][info] GC(603)   Pre Evacuate Collection Set: 0.2ms
[2024-10-12T11:24:41.951+0800][info] GC(603)   Merge Heap Roots: 0.1ms
[2024-10-12T11:24:41.951+0800][info] GC(603)   Evacuate Collection Set: 1.3ms
[2024-10-12T11:24:41.951+0800][info] GC(603)   Post Evacuate Collection Set: 0.2ms
[2024-10-12T11:24:41.951+0800][info] GC(603)   Other: 0.2ms
[2024-10-12T11:24:41.951+0800][info] GC(603) Eden regions: 1->0(2)
[2024-10-12T11:24:41.951+0800][info] GC(603) Survivor regions: 1->1(1)
[2024-10-12T11:24:41.951+0800][info] GC(603) Old regions: 53->53
[2024-10-12T11:24:41.951+0800][info] GC(603) Archive regions: 2->2
[2024-10-12T11:24:41.951+0800][info] GC(603) Humongous regions: 3->3
[2024-10-12T11:24:41.951+0800][info] GC(603) Metaspace: 1683K(1856K)->1683K(1856K) NonClass: 1559K(1664K)->1559K(1664K) Class: 124K(192K)->124K(192K)
[2024-10-12T11:24:41.951+0800][info] GC(603) Pause Young (Mixed) (G1 Preventive Collection) 117M->115M(128M) 2.062ms
[2024-10-12T11:24:41.951+0800][info] GC(603) User=0.01s Sys=0.00s Real=0.00s
[2024-10-12T11:24:42.012+0800][info] GC(604) Pause Young (Mixed) (G1 Preventive Collection)
[2024-10-12T11:24:42.012+0800][info] GC(604) Using 3 workers of 48 for evacuation
[2024-10-12T11:24:42.014+0800][info] GC(604) To-space exhausted
[2024-10-12T11:24:42.014+0800][info] GC(604)   Pre Evacuate Collection Set: 0.1ms
[2024-10-12T11:24:42.014+0800][info] GC(604)   Merge Heap Roots: 0.1ms
[2024-10-12T11:24:42.014+0800][info] GC(604)   Evacuate Collection Set: 1.6ms
[2024-10-12T11:24:42.014+0800][info] GC(604)   Post Evacuate Collection Set: 0.3ms
[2024-10-12T11:24:42.014+0800][info] GC(604)   Other: 0.2ms
[2024-10-12T11:24:42.014+0800][info] GC(604) Eden regions: 1->0(2)
[2024-10-12T11:24:42.014+0800][info] GC(604) Survivor regions: 1->1(1)
[2024-10-12T11:24:42.014+0800][info] GC(604) Old regions: 53->56
[2024-10-12T11:24:42.014+0800][info] GC(604) Archive regions: 2->2
[2024-10-12T11:24:42.014+0800][info] GC(604) Humongous regions: 3->3
[2024-10-12T11:24:42.014+0800][info] GC(604) Metaspace: 1683K(1856K)->1683K(1856K) NonClass: 1559K(1664K)->1559K(1664K) Class: 124K(192K)->124K(192K)
[2024-10-12T11:24:42.014+0800][info] GC(604) Pause Young (Mixed) (G1 Preventive Collection) 117M->121M(128M) 2.361ms
[2024-10-12T11:24:42.014+0800][info] GC(604) User=0.00s Sys=0.00s Real=0.01s
[2024-10-12T11:24:42.055+0800][info] GC(605) Pause Young (Mixed) (G1 Preventive Collection)
[2024-10-12T11:24:42.055+0800][info] GC(605) Using 3 workers of 48 for evacuation
[2024-10-12T11:24:42.058+0800][info] GC(605) To-space exhausted
[2024-10-12T11:24:42.058+0800][info] GC(605)   Pre Evacuate Collection Set: 0.2ms
[2024-10-12T11:24:42.058+0800][info] GC(605)   Merge Heap Roots: 0.1ms
[2024-10-12T11:24:42.058+0800][info] GC(605)   Evacuate Collection Set: 1.2ms
[2024-10-12T11:24:42.058+0800][info] GC(605)   Post Evacuate Collection Set: 0.8ms
[2024-10-12T11:24:42.058+0800][info] GC(605)   Other: 0.2ms
[2024-10-12T11:24:42.058+0800][info] GC(605) Eden regions: 1->0(2)
[2024-10-12T11:24:42.058+0800][info] GC(605) Survivor regions: 1->1(1)
[2024-10-12T11:24:42.058+0800][info] GC(605) Old regions: 56->57
[2024-10-12T11:24:42.058+0800][info] GC(605) Archive regions: 2->2
[2024-10-12T11:24:42.058+0800][info] GC(605) Humongous regions: 3->3
[2024-10-12T11:24:42.058+0800][info] GC(605) Metaspace: 1683K(1856K)->1683K(1856K) NonClass: 1559K(1664K)->1559K(1664K) Class: 124K(192K)->124K(192K)
[2024-10-12T11:24:42.058+0800][info] GC(605) Pause Young (Mixed) (G1 Preventive Collection) 122M->122M(128M) 2.525ms
[2024-10-12T11:24:42.058+0800][info] GC(605) User=0.01s Sys=0.00s Real=0.00s
[2024-10-12T11:24:42.120+0800][info] GC(606) Pause Young (Mixed) (G1 Evacuation Pause)
[2024-10-12T11:24:42.120+0800][info] GC(606) Using 3 workers of 48 for evacuation
[2024-10-12T11:24:42.121+0800][info] GC(606) To-space exhausted
[2024-10-12T11:24:42.121+0800][info] GC(606)   Pre Evacuate Collection Set: 0.2ms
[2024-10-12T11:24:42.121+0800][info] GC(606)   Merge Heap Roots: 0.1ms
[2024-10-12T11:24:42.121+0800][info] GC(606)   Evacuate Collection Set: 1.0ms
[2024-10-12T11:24:42.121+0800][info] GC(606)   Post Evacuate Collection Set: 0.5ms
[2024-10-12T11:24:42.121+0800][info] GC(606)   Other: 0.2ms
[2024-10-12T11:24:42.122+0800][info] GC(606) Eden regions: 1->0(3)
[2024-10-12T11:24:42.122+0800][info] GC(606) Survivor regions: 1->0(0)
[2024-10-12T11:24:42.122+0800][info] GC(606) Old regions: 57->59
[2024-10-12T11:24:42.122+0800][info] GC(606) Archive regions: 2->2
[2024-10-12T11:24:42.122+0800][info] GC(606) Humongous regions: 3->3
[2024-10-12T11:24:42.122+0800][info] GC(606) Metaspace: 1683K(1856K)->1683K(1856K) NonClass: 1559K(1664K)->1559K(1664K) Class: 124K(192K)->124K(192K)
[2024-10-12T11:24:42.122+0800][info] GC(606) Pause Young (Mixed) (G1 Evacuation Pause) 124M->124M(128M) 1.943ms
[2024-10-12T11:24:42.122+0800][info] GC(606) User=0.01s Sys=0.00s Real=0.00s
[2024-10-12T11:24:42.122+0800][info] Attempting full compaction
[2024-10-12T11:24:42.122+0800][info] GC(607) Using 3 workers of 48 for full compaction
[2024-10-12T11:24:42.122+0800][info] GC(607) Pause Full (G1 Compaction Pause)
[2024-10-12T11:24:42.122+0800][info] GC(607) Phase 1: Mark live objects
[2024-10-12T11:24:42.125+0800][info] GC(607) Phase 1: Mark live objects 3.111ms
[2024-10-12T11:24:42.125+0800][info] GC(607) Phase 2: Prepare for compaction
[2024-10-12T11:24:42.126+0800][info] GC(607) Phase 2: Prepare for compaction 0.736ms
[2024-10-12T11:24:42.126+0800][info] GC(607) Phase 3: Adjust pointers
[2024-10-12T11:24:42.127+0800][info] GC(607) Phase 3: Adjust pointers 1.631ms
[2024-10-12T11:24:42.127+0800][info] GC(607) Phase 4: Compact heap
[2024-10-12T11:24:42.140+0800][info] GC(607) Phase 4: Compact heap 12.241ms
[2024-10-12T11:24:42.141+0800][info] GC(607) Eden regions: 0->0(3)
[2024-10-12T11:24:42.141+0800][info] GC(607) Survivor regions: 0->0(0)
[2024-10-12T11:24:42.141+0800][info] GC(607) Old regions: 59->39
[2024-10-12T11:24:42.141+0800][info] GC(607) Archive regions: 2->2
[2024-10-12T11:24:42.141+0800][info] GC(607) Humongous regions: 3->3
[2024-10-12T11:24:42.141+0800][info] GC(607) Metaspace: 1683K(1856K)->1683K(1856K) NonClass: 1559K(1664K)->1559K(1664K) Class: 124K(192K)->124K(192K)
[2024-10-12T11:24:42.141+0800][info] GC(607) Pause Full (G1 Compaction Pause) 124M->72M(128M) 19.461ms
[2024-10-12T11:24:42.141+0800][info] GC(607) User=0.04s Sys=0.00s Real=0.02s
[2024-10-12T11:24:42.305+0800][info] GC(608) Pause Young (Normal) (G1 Evacuation Pause)
[2024-10-12T11:24:42.305+0800][info] GC(608) Using 3 workers of 48 for evacuation
[2024-10-12T11:24:42.307+0800][info] GC(608)   Pre Evacuate Collection Set: 0.1ms
[2024-10-12T11:24:42.307+0800][info] GC(608)   Merge Heap Roots: 0.1ms
[2024-10-12T11:24:42.307+0800][info] GC(608)   Evacuate Collection Set: 0.8ms
[2024-10-12T11:24:42.307+0800][info] GC(608)   Post Evacuate Collection Set: 0.2ms
[2024-10-12T11:24:42.307+0800][info] GC(608)   Other: 0.2ms
[2024-10-12T11:24:42.307+0800][info] GC(608) Eden regions: 3->0(2)
[2024-10-12T11:24:42.307+0800][info] GC(608) Survivor regions: 0->1(1)
[2024-10-12T11:24:42.307+0800][info] GC(608) Old regions: 39->41
[2024-10-12T11:24:42.307+0800][info] GC(608) Archive regions: 2->2
[2024-10-12T11:24:42.307+0800][info] GC(608) Humongous regions: 3->3
[2024-10-12T11:24:42.307+0800][info] GC(608) Metaspace: 1683K(1856K)->1683K(1856K) NonClass: 1559K(1664K)->1559K(1664K) Class: 124K(192K)->124K(192K)
[2024-10-12T11:24:42.307+0800][info] GC(608) Pause Young (Normal) (G1 Evacuation Pause) 77M->77M(128M) 1.484ms
[2024-10-12T11:24:42.307+0800][info] GC(608) User=0.00s Sys=0.00s Real=0.00s
[2024-10-12T11:24:42.409+0800][info] GC(609) Pause Young (Normal) (G1 Evacuation Pause)
[2024-10-12T11:24:42.410+0800][info] GC(609) Using 3 workers of 48 for evacuation
[2024-10-12T11:24:42.411+0800][info] GC(609)   Pre Evacuate Collection Set: 0.1ms
[2024-10-12T11:24:42.411+0800][info] GC(609)   Merge Heap Roots: 0.0ms
[2024-10-12T11:24:42.411+0800][info] GC(609)   Evacuate Collection Set: 0.8ms
[2024-10-12T11:24:42.411+0800][info] GC(609)   Post Evacuate Collection Set: 0.2ms
[2024-10-12T11:24:42.411+0800][info] GC(609)   Other: 0.2ms
[2024-10-12T11:24:42.411+0800][info] GC(609) Eden regions: 2->0(2)
[2024-10-12T11:24:42.411+0800][info] GC(609) Survivor regions: 1->1(1)
[2024-10-12T11:24:42.411+0800][info] GC(609) Old regions: 41->43
[2024-10-12T11:24:42.411+0800][info] GC(609) Archive regions: 2->2
[2024-10-12T11:24:42.411+0800][info] GC(609) Humongous regions: 3->3
[2024-10-12T11:24:42.411+0800][info] GC(609) Metaspace: 1683K(1856K)->1683K(1856K) NonClass: 1559K(1664K)->1559K(1664K) Class: 124K(192K)->124K(192K)
[2024-10-12T11:24:42.411+0800][info] GC(609) Pause Young (Normal) (G1 Evacuation Pause) 81M->81M(128M) 1.489ms
[2024-10-12T11:24:42.411+0800][info] GC(609) User=0.00s Sys=0.00s Real=0.00s
[2024-10-12T11:24:42.513+0800][info] GC(610) Pause Young (Normal) (G1 Evacuation Pause)
[2024-10-12T11:24:42.513+0800][info] GC(610) Using 3 workers of 48 for evacuation
[2024-10-12T11:24:42.515+0800][info] GC(610)   Pre Evacuate Collection Set: 0.1ms
[2024-10-12T11:24:42.515+0800][info] GC(610)   Merge Heap Roots: 0.0ms
[2024-10-12T11:24:42.515+0800][info] GC(610)   Evacuate Collection Set: 0.7ms
[2024-10-12T11:24:42.515+0800][info] GC(610)   Post Evacuate Collection Set: 0.2ms
[2024-10-12T11:24:42.515+0800][info] GC(610)   Other: 0.2ms
[2024-10-12T11:24:42.515+0800][info] GC(610) Eden regions: 2->0(2)
[2024-10-12T11:24:42.515+0800][info] GC(610) Survivor regions: 1->1(1)
[2024-10-12T11:24:42.515+0800][info] GC(610) Old regions: 43->45
[2024-10-12T11:24:42.515+0800][info] GC(610) Archive regions: 2->2
[2024-10-12T11:24:42.515+0800][info] GC(610) Humongous regions: 3->3
[2024-10-12T11:24:42.515+0800][info] GC(610) Metaspace: 1683K(1856K)->1683K(1856K) NonClass: 1559K(1664K)->1559K(1664K) Class: 124K(192K)->124K(192K)
[2024-10-12T11:24:42.515+0800][info] GC(610) Pause Young (Normal) (G1 Evacuation Pause) 85M->85M(128M) 1.310ms
[2024-10-12T11:24:42.515+0800][info] GC(610) User=0.01s Sys=0.00s Real=0.00s
[2024-10-12T11:24:42.617+0800][info] GC(611) Pause Young (Normal) (G1 Evacuation Pause)
[2024-10-12T11:24:42.617+0800][info] GC(611) Using 3 workers of 48 for evacuation
[2024-10-12T11:24:42.618+0800][info] GC(611)   Pre Evacuate Collection Set: 0.1ms
[2024-10-12T11:24:42.618+0800][info] GC(611)   Merge Heap Roots: 0.1ms
[2024-10-12T11:24:42.618+0800][info] GC(611)   Evacuate Collection Set: 0.8ms
[2024-10-12T11:24:42.618+0800][info] GC(611)   Post Evacuate Collection Set: 0.2ms
[2024-10-12T11:24:42.618+0800][info] GC(611)   Other: 0.2ms
[2024-10-12T11:24:42.618+0800][info] GC(611) Eden regions: 2->0(2)
[2024-10-12T11:24:42.618+0800][info] GC(611) Survivor regions: 1->1(1)
[2024-10-12T11:24:42.618+0800][info] GC(611) Old regions: 45->47
[2024-10-12T11:24:42.618+0800][info] GC(611) Archive regions: 2->2
[2024-10-12T11:24:42.618+0800][info] GC(611) Humongous regions: 3->3
[2024-10-12T11:24:42.618+0800][info] GC(611) Metaspace: 1683K(1856K)->1683K(1856K) NonClass: 1559K(1664K)->1559K(1664K) Class: 124K(192K)->124K(192K)
[2024-10-12T11:24:42.618+0800][info] GC(611) Pause Young (Normal) (G1 Evacuation Pause) 88M->89M(128M) 1.467ms
[2024-10-12T11:24:42.618+0800][info] GC(611) User=0.00s Sys=0.00s Real=0.00s
[2024-10-12T11:24:42.700+0800][info] GC(612) Pause Young (Concurrent Start) (G1 Humongous Allocation)
[2024-10-12T11:24:42.700+0800][info] GC(612) Using 3 workers of 48 for evacuation
[2024-10-12T11:24:42.702+0800][info] GC(612)   Pre Evacuate Collection Set: 0.1ms
[2024-10-12T11:24:42.702+0800][info] GC(612)   Merge Heap Roots: 0.0ms
[2024-10-12T11:24:42.702+0800][info] GC(612)   Evacuate Collection Set: 0.9ms
[2024-10-12T11:24:42.702+0800][info] GC(612)   Post Evacuate Collection Set: 0.2ms
[2024-10-12T11:24:42.702+0800][info] GC(612)   Other: 0.4ms
[2024-10-12T11:24:42.702+0800][info] GC(612) Eden regions: 2->0(2)
[2024-10-12T11:24:42.702+0800][info] GC(612) Survivor regions: 1->1(1)
[2024-10-12T11:24:42.702+0800][info] GC(612) Old regions: 47->49
[2024-10-12T11:24:42.702+0800][info] GC(612) Archive regions: 2->2
[2024-10-12T11:24:42.702+0800][info] GC(612) Humongous regions: 3->3
[2024-10-12T11:24:42.702+0800][info] GC(612) Metaspace: 1683K(1856K)->1683K(1856K) NonClass: 1559K(1664K)->1559K(1664K) Class: 124K(192K)->124K(192K)
[2024-10-12T11:24:42.702+0800][info] GC(612) Pause Young (Concurrent Start) (G1 Humongous Allocation) 92M->92M(128M) 1.731ms
[2024-10-12T11:24:42.702+0800][info] GC(612) User=0.01s Sys=0.00s Real=0.00s
[2024-10-12T11:24:42.702+0800][info] GC(613) Concurrent Mark Cycle
[2024-10-12T11:24:42.702+0800][info] GC(613) Concurrent Clear Claimed Marks
[2024-10-12T11:24:42.702+0800][info] GC(613) Concurrent Clear Claimed Marks 0.018ms
[2024-10-12T11:24:42.702+0800][info] GC(613) Concurrent Scan Root Regions
[2024-10-12T11:24:42.702+0800][info] GC(613) Concurrent Scan Root Regions 0.160ms
[2024-10-12T11:24:42.702+0800][info] GC(613) Concurrent Mark
[2024-10-12T11:24:42.702+0800][info] GC(613) Concurrent Mark From Roots
[2024-10-12T11:24:42.702+0800][info] GC(613) Using 12 workers of 12 for marking
[2024-10-12T11:24:42.708+0800][info] GC(613) Concurrent Mark From Roots 5.797ms
[2024-10-12T11:24:42.708+0800][info] GC(613) Concurrent Preclean
[2024-10-12T11:24:42.710+0800][info] GC(613) Concurrent Preclean 1.719ms
[2024-10-12T11:24:42.710+0800][info] GC(613) Pause Remark
[2024-10-12T11:24:42.711+0800][info] GC(613) Pause Remark 94M->94M(128M) 1.603ms
[2024-10-12T11:24:42.711+0800][info] GC(613) User=0.00s Sys=0.01s Real=0.00s
[2024-10-12T11:24:42.712+0800][info] GC(613) Concurrent Mark 9.448ms
[2024-10-12T11:24:42.712+0800][info] GC(613) Concurrent Rebuild Remembered Sets
[2024-10-12T11:24:42.713+0800][info] GC(613) Concurrent Rebuild Remembered Sets 1.374ms
[2024-10-12T11:24:42.713+0800][info] GC(613) Pause Cleanup
[2024-10-12T11:24:42.713+0800][info] GC(613) Pause Cleanup 94M->94M(128M) 0.263ms
[2024-10-12T11:24:42.713+0800][info] GC(613) User=0.00s Sys=0.00s Real=0.00s
[2024-10-12T11:24:42.713+0800][info] GC(613) Concurrent Cleanup for Next Mark
[2024-10-12T11:24:42.714+0800][info] GC(613) Concurrent Cleanup for Next Mark 0.414ms
[2024-10-12T11:24:42.714+0800][info] GC(613) Concurrent Mark Cycle 12.064ms
[2024-10-12T11:24:42.876+0800][info] GC(614) Pause Young (Prepare Mixed) (G1 Evacuation Pause)
[2024-10-12T11:24:42.876+0800][info] GC(614) Using 3 workers of 48 for evacuation
[2024-10-12T11:24:42.877+0800][info] GC(614)   Pre Evacuate Collection Set: 0.1ms
[2024-10-12T11:24:42.877+0800][info] GC(614)   Merge Heap Roots: 0.1ms
[2024-10-12T11:24:42.877+0800][info] GC(614)   Evacuate Collection Set: 0.9ms
[2024-10-12T11:24:42.877+0800][info] GC(614)   Post Evacuate Collection Set: 0.2ms
[2024-10-12T11:24:42.877+0800][info] GC(614)   Other: 0.2ms
[2024-10-12T11:24:42.877+0800][info] GC(614) Eden regions: 2->0(2)
[2024-10-12T11:24:42.877+0800][info] GC(614) Survivor regions: 1->1(1)
[2024-10-12T11:24:42.877+0800][info] GC(614) Old regions: 49->51
[2024-10-12T11:24:42.877+0800][info] GC(614) Archive regions: 2->2
[2024-10-12T11:24:42.877+0800][info] GC(614) Humongous regions: 4->3
[2024-10-12T11:24:42.877+0800][info] GC(614) Metaspace: 1683K(1856K)->1683K(1856K) NonClass: 1559K(1664K)->1559K(1664K) Class: 124K(192K)->124K(192K)
[2024-10-12T11:24:42.877+0800][info] GC(614) Pause Young (Prepare Mixed) (G1 Evacuation Pause) 98M->96M(128M) 1.560ms
[2024-10-12T11:24:42.877+0800][info] GC(614) User=0.01s Sys=0.00s Real=0.00s
[2024-10-12T11:24:42.980+0800][info] GC(615) Pause Young (Mixed) (G1 Preventive Collection)
[2024-10-12T11:24:42.980+0800][info] GC(615) Using 3 workers of 48 for evacuation
[2024-10-12T11:24:42.982+0800][info] GC(615)   Pre Evacuate Collection Set: 0.2ms
[2024-10-12T11:24:42.982+0800][info] GC(615)   Merge Heap Roots: 0.1ms
[2024-10-12T11:24:42.982+0800][info] GC(615)   Evacuate Collection Set: 2.2ms
[2024-10-12T11:24:42.982+0800][info] GC(615)   Post Evacuate Collection Set: 0.2ms
[2024-10-12T11:24:42.982+0800][info] GC(615)   Other: 0.2ms
[2024-10-12T11:24:42.982+0800][info] GC(615) Eden regions: 2->0(2)
[2024-10-12T11:24:42.982+0800][info] GC(615) Survivor regions: 1->1(1)
[2024-10-12T11:24:42.982+0800][info] GC(615) Old regions: 51->49
[2024-10-12T11:24:42.982+0800][info] GC(615) Archive regions: 2->2
[2024-10-12T11:24:42.982+0800][info] GC(615) Humongous regions: 3->3
[2024-10-12T11:24:42.982+0800][info] GC(615) Metaspace: 1683K(1856K)->1683K(1856K) NonClass: 1559K(1664K)->1559K(1664K) Class: 124K(192K)->124K(192K)
[2024-10-12T11:24:42.983+0800][info] GC(615) Pause Young (Mixed) (G1 Preventive Collection) 99M->97M(128M) 3.019ms
[2024-10-12T11:24:42.983+0800][info] GC(615) User=0.00s Sys=0.01s Real=0.00s
[2024-10-12T11:24:43.085+0800][info] GC(616) Pause Young (Mixed) (G1 Preventive Collection)
[2024-10-12T11:24:43.085+0800][info] GC(616) Using 3 workers of 48 for evacuation
[2024-10-12T11:24:43.087+0800][info] GC(616)   Pre Evacuate Collection Set: 0.2ms
[2024-10-12T11:24:43.087+0800][info] GC(616)   Merge Heap Roots: 0.1ms
[2024-10-12T11:24:43.087+0800][info] GC(616)   Evacuate Collection Set: 1.7ms
[2024-10-12T11:24:43.087+0800][info] GC(616)   Post Evacuate Collection Set: 0.2ms
[2024-10-12T11:24:43.087+0800][info] GC(616)   Other: 0.2ms
[2024-10-12T11:24:43.087+0800][info] GC(616) Eden regions: 2->0(2)
[2024-10-12T11:24:43.087+0800][info] GC(616) Survivor regions: 1->1(1)
[2024-10-12T11:24:43.087+0800][info] GC(616) Old regions: 49->49
[2024-10-12T11:24:43.087+0800][info] GC(616) Archive regions: 2->2
[2024-10-12T11:24:43.087+0800][info] GC(616) Humongous regions: 3->3
[2024-10-12T11:24:43.087+0800][info] GC(616) Metaspace: 1683K(1856K)->1683K(1856K) NonClass: 1559K(1664K)->1559K(1664K) Class: 124K(192K)->124K(192K)
[2024-10-12T11:24:43.087+0800][info] GC(616) Pause Young (Mixed) (G1 Preventive Collection) 100M->97M(128M) 2.400ms
[2024-10-12T11:24:43.087+0800][info] GC(616) User=0.00s Sys=0.00s Real=0.01s
[2024-10-12T11:24:43.189+0800][info] GC(617) Pause Young (Mixed) (G1 Preventive Collection)
[2024-10-12T11:24:43.189+0800][info] GC(617) Using 3 workers of 48 for evacuation
[2024-10-12T11:24:43.192+0800][info] GC(617)   Pre Evacuate Collection Set: 0.2ms
[2024-10-12T11:24:43.192+0800][info] GC(617)   Merge Heap Roots: 0.1ms
[2024-10-12T11:24:43.192+0800][info] GC(617)   Evacuate Collection Set: 1.8ms
[2024-10-12T11:24:43.192+0800][info] GC(617)   Post Evacuate Collection Set: 0.2ms
[2024-10-12T11:24:43.192+0800][info] GC(617)   Other: 0.1ms
[2024-10-12T11:24:43.192+0800][info] GC(617) Eden regions: 2->0(2)
[2024-10-12T11:24:43.192+0800][info] GC(617) Survivor regions: 1->1(1)
[2024-10-12T11:24:43.192+0800][info] GC(617) Old regions: 49->48
[2024-10-12T11:24:43.192+0800][info] GC(617) Archive regions: 2->2
[2024-10-12T11:24:43.192+0800][info] GC(617) Humongous regions: 3->3
[2024-10-12T11:24:43.192+0800][info] GC(617) Metaspace: 1695K(1856K)->1695K(1856K) NonClass: 1571K(1664K)->1571K(1664K) Class: 124K(192K)->124K(192K)
[2024-10-12T11:24:43.192+0800][info] GC(617) Pause Young (Mixed) (G1 Preventive Collection) 101M->98M(128M) 2.498ms
[2024-10-12T11:24:43.192+0800][info] GC(617) User=0.01s Sys=0.00s Real=0.00s
[2024-10-12T11:24:43.294+0800][info] GC(618) Pause Young (Mixed) (G1 Preventive Collection)
[2024-10-12T11:24:43.294+0800][info] GC(618) Using 3 workers of 48 for evacuation
[2024-10-12T11:24:43.296+0800][info] GC(618)   Pre Evacuate Collection Set: 0.2ms
[2024-10-12T11:24:43.296+0800][info] GC(618)   Merge Heap Roots: 0.1ms
[2024-10-12T11:24:43.296+0800][info] GC(618)   Evacuate Collection Set: 1.8ms
[2024-10-12T11:24:43.296+0800][info] GC(618)   Post Evacuate Collection Set: 0.2ms
[2024-10-12T11:24:43.296+0800][info] GC(618)   Other: 0.2ms
[2024-10-12T11:24:43.296+0800][info] GC(618) Eden regions: 2->0(2)
[2024-10-12T11:24:43.296+0800][info] GC(618) Survivor regions: 1->1(1)
[2024-10-12T11:24:43.296+0800][info] GC(618) Old regions: 48->48
[2024-10-12T11:24:43.296+0800][info] GC(618) Archive regions: 2->2
[2024-10-12T11:24:43.296+0800][info] GC(618) Humongous regions: 3->3
[2024-10-12T11:24:43.296+0800][info] GC(618) Metaspace: 1695K(1856K)->1695K(1856K) NonClass: 1571K(1664K)->1571K(1664K) Class: 124K(192K)->124K(192K)
[2024-10-12T11:24:43.296+0800][info] GC(618) Pause Young (Mixed) (G1 Preventive Collection) 101M->98M(128M) 2.555ms
[2024-10-12T11:24:43.297+0800][info] GC(618) User=0.01s Sys=0.00s Real=0.00s
[2024-10-12T11:24:43.399+0800][info] GC(619) Pause Young (Mixed) (G1 Preventive Collection)
[2024-10-12T11:24:43.399+0800][info] GC(619) Using 3 workers of 48 for evacuation
[2024-10-12T11:24:43.401+0800][info] GC(619)   Pre Evacuate Collection Set: 0.2ms
[2024-10-12T11:24:43.401+0800][info] GC(619)   Merge Heap Roots: 0.1ms
[2024-10-12T11:24:43.401+0800][info] GC(619)   Evacuate Collection Set: 1.8ms
[2024-10-12T11:24:43.401+0800][info] GC(619)   Post Evacuate Collection Set: 0.2ms
[2024-10-12T11:24:43.401+0800][info] GC(619)   Other: 0.2ms
[2024-10-12T11:24:43.401+0800][info] GC(619) Eden regions: 2->0(2)
[2024-10-12T11:24:43.401+0800][info] GC(619) Survivor regions: 1->1(1)
[2024-10-12T11:24:43.401+0800][info] GC(619) Old regions: 48->47
[2024-10-12T11:24:43.401+0800][info] GC(619) Archive regions: 2->2
[2024-10-12T11:24:43.401+0800][info] GC(619) Humongous regions: 3->3
[2024-10-12T11:24:43.401+0800][info] GC(619) Metaspace: 1695K(1856K)->1695K(1856K) NonClass: 1571K(1664K)->1571K(1664K) Class: 124K(192K)->124K(192K)
[2024-10-12T11:24:43.401+0800][info] GC(619) Pause Young (Mixed) (G1 Preventive Collection) 102M->98M(128M) 2.525ms
[2024-10-12T11:24:43.401+0800][info] GC(619) User=0.00s Sys=0.00s Real=0.00s
[2024-10-12T11:24:43.503+0800][info] GC(620) Pause Young (Mixed) (G1 Evacuation Pause)
[2024-10-12T11:24:43.503+0800][info] GC(620) Using 3 workers of 48 for evacuation
[2024-10-12T11:24:43.506+0800][info] GC(620)   Pre Evacuate Collection Set: 0.2ms
[2024-10-12T11:24:43.506+0800][info] GC(620)   Merge Heap Roots: 0.1ms
[2024-10-12T11:24:43.506+0800][info] GC(620)   Evacuate Collection Set: 2.5ms
[2024-10-12T11:24:43.507+0800][info] GC(620)   Post Evacuate Collection Set: 0.2ms
[2024-10-12T11:24:43.507+0800][info] GC(620)   Other: 0.1ms
[2024-10-12T11:24:43.507+0800][info] GC(620) Eden regions: 2->0(2)
[2024-10-12T11:24:43.507+0800][info] GC(620) Survivor regions: 1->1(1)
[2024-10-12T11:24:43.507+0800][info] GC(620) Old regions: 47->48
[2024-10-12T11:24:43.507+0800][info] GC(620) Archive regions: 2->2
[2024-10-12T11:24:43.507+0800][info] GC(620) Humongous regions: 3->3
[2024-10-12T11:24:43.507+0800][info] GC(620) Metaspace: 1695K(1856K)->1695K(1856K) NonClass: 1571K(1664K)->1571K(1664K) Class: 124K(192K)->124K(192K)
[2024-10-12T11:24:43.507+0800][info] GC(620) Pause Young (Mixed) (G1 Evacuation Pause) 102M->101M(128M) 3.200ms
[2024-10-12T11:24:43.507+0800][info] GC(620) User=0.01s Sys=0.00s Real=0.01s
[2024-10-12T11:24:43.609+0800][info] GC(621) Pause Young (Mixed) (G1 Preventive Collection)
[2024-10-12T11:24:43.609+0800][info] GC(621) Using 3 workers of 48 for evacuation
[2024-10-12T11:24:43.613+0800][info] GC(621)   Pre Evacuate Collection Set: 0.1ms
[2024-10-12T11:24:43.613+0800][info] GC(621)   Merge Heap Roots: 0.1ms
[2024-10-12T11:24:43.613+0800][info] GC(621)   Evacuate Collection Set: 3.1ms
[2024-10-12T11:24:43.613+0800][info] GC(621)   Post Evacuate Collection Set: 0.3ms
[2024-10-12T11:24:43.613+0800][info] GC(621)   Other: 0.2ms
[2024-10-12T11:24:43.613+0800][info] GC(621) Eden regions: 2->0(2)
[2024-10-12T11:24:43.613+0800][info] GC(621) Survivor regions: 1->1(1)
[2024-10-12T11:24:43.613+0800][info] GC(621) Old regions: 48->48
[2024-10-12T11:24:43.613+0800][info] GC(621) Archive regions: 2->2
[2024-10-12T11:24:43.613+0800][info] GC(621) Humongous regions: 3->3
[2024-10-12T11:24:43.613+0800][info] GC(621) Metaspace: 1695K(1856K)->1695K(1856K) NonClass: 1571K(1664K)->1571K(1664K) Class: 124K(192K)->124K(192K)
[2024-10-12T11:24:43.613+0800][info] GC(621) Pause Young (Mixed) (G1 Preventive Collection) 105M->104M(128M) 3.838ms
[2024-10-12T11:24:43.613+0800][info] GC(621) User=0.01s Sys=0.00s Real=0.00s
[2024-10-12T11:24:43.715+0800][info] GC(622) Pause Young (Normal) (G1 Evacuation Pause)
[2024-10-12T11:24:43.715+0800][info] GC(622) Using 3 workers of 48 for evacuation
[2024-10-12T11:24:43.716+0800][info] GC(622)   Pre Evacuate Collection Set: 0.1ms
[2024-10-12T11:24:43.716+0800][info] GC(622)   Merge Heap Roots: 0.0ms
[2024-10-12T11:24:43.716+0800][info] GC(622)   Evacuate Collection Set: 0.7ms
[2024-10-12T11:24:43.716+0800][info] GC(622)   Post Evacuate Collection Set: 0.2ms
[2024-10-12T11:24:43.716+0800][info] GC(622)   Other: 0.2ms
[2024-10-12T11:24:43.716+0800][info] GC(622) Eden regions: 2->0(2)
[2024-10-12T11:24:43.716+0800][info] GC(622) Survivor regions: 1->1(1)
[2024-10-12T11:24:43.716+0800][info] GC(622) Old regions: 48->50
[2024-10-12T11:24:43.716+0800][info] GC(622) Archive regions: 2->2
[2024-10-12T11:24:43.716+0800][info] GC(622) Humongous regions: 3->3
[2024-10-12T11:24:43.716+0800][info] GC(622) Metaspace: 1695K(1856K)->1695K(1856K) NonClass: 1571K(1664K)->1571K(1664K) Class: 124K(192K)->124K(192K)
[2024-10-12T11:24:43.716+0800][info] GC(622) Pause Young (Normal) (G1 Evacuation Pause) 107M->108M(128M) 1.336ms
[2024-10-12T11:24:43.716+0800][info] GC(622) User=0.01s Sys=0.00s Real=0.00s
[2024-10-12T11:24:43.819+0800][info] GC(623) Pause Young (Concurrent Start) (G1 Evacuation Pause)
[2024-10-12T11:24:43.819+0800][info] GC(623) Using 3 workers of 48 for evacuation
[2024-10-12T11:24:43.820+0800][info] GC(623)   Pre Evacuate Collection Set: 0.1ms
[2024-10-12T11:24:43.820+0800][info] GC(623)   Merge Heap Roots: 0.1ms
[2024-10-12T11:24:43.820+0800][info] GC(623)   Evacuate Collection Set: 0.8ms
[2024-10-12T11:24:43.820+0800][info] GC(623)   Post Evacuate Collection Set: 0.2ms
[2024-10-12T11:24:43.820+0800][info] GC(623)   Other: 0.4ms
[2024-10-12T11:24:43.820+0800][info] GC(623) Eden regions: 2->0(2)
[2024-10-12T11:24:43.820+0800][info] GC(623) Survivor regions: 1->1(1)
[2024-10-12T11:24:43.820+0800][info] GC(623) Old regions: 50->52
[2024-10-12T11:24:43.820+0800][info] GC(623) Archive regions: 2->2
[2024-10-12T11:24:43.820+0800][info] GC(623) Humongous regions: 3->3
[2024-10-12T11:24:43.820+0800][info] GC(623) Metaspace: 1695K(1856K)->1695K(1856K) NonClass: 1571K(1664K)->1571K(1664K) Class: 124K(192K)->124K(192K)
[2024-10-12T11:24:43.820+0800][info] GC(623) Pause Young (Concurrent Start) (G1 Evacuation Pause) 111M->111M(128M) 1.628ms
[2024-10-12T11:24:43.820+0800][info] GC(623) User=0.00s Sys=0.00s Real=0.00s
[2024-10-12T11:24:43.821+0800][info] GC(624) Concurrent Mark Cycle
[2024-10-12T11:24:43.821+0800][info] GC(624) Concurrent Clear Claimed Marks
[2024-10-12T11:24:43.821+0800][info] GC(624) Concurrent Clear Claimed Marks 0.017ms
[2024-10-12T11:24:43.821+0800][info] GC(624) Concurrent Scan Root Regions
[2024-10-12T11:24:43.821+0800][info] GC(624) Concurrent Scan Root Regions 0.163ms
[2024-10-12T11:24:43.821+0800][info] GC(624) Concurrent Mark
[2024-10-12T11:24:43.821+0800][info] GC(624) Concurrent Mark From Roots
[2024-10-12T11:24:43.821+0800][info] GC(624) Using 12 workers of 12 for marking
[2024-10-12T11:24:43.825+0800][info] GC(624) Concurrent Mark From Roots 4.062ms
[2024-10-12T11:24:43.825+0800][info] GC(624) Concurrent Preclean
[2024-10-12T11:24:43.827+0800][info] GC(624) Concurrent Preclean 1.712ms
[2024-10-12T11:24:43.827+0800][info] GC(624) Pause Remark
[2024-10-12T11:24:43.828+0800][info] GC(624) Pause Remark 112M->112M(128M) 1.586ms
[2024-10-12T11:24:43.828+0800][info] GC(624) User=0.00s Sys=0.00s Real=0.00s
[2024-10-12T11:24:43.829+0800][info] GC(624) Concurrent Mark 7.691ms
[2024-10-12T11:24:43.829+0800][info] GC(624) Concurrent Rebuild Remembered Sets
[2024-10-12T11:24:43.830+0800][info] GC(624) Concurrent Rebuild Remembered Sets 1.190ms
[2024-10-12T11:24:43.830+0800][info] GC(624) Pause Cleanup
[2024-10-12T11:24:43.830+0800][info] GC(624) Pause Cleanup 112M->112M(128M) 0.247ms
[2024-10-12T11:24:43.830+0800][info] GC(624) User=0.00s Sys=0.00s Real=0.00s
[2024-10-12T11:24:43.830+0800][info] GC(624) Concurrent Cleanup for Next Mark
[2024-10-12T11:24:43.831+0800][info] GC(624) Concurrent Cleanup for Next Mark 0.400ms
[2024-10-12T11:24:43.831+0800][info] GC(624) Concurrent Mark Cycle 10.082ms
[2024-10-12T11:24:43.973+0800][info] GC(625) Pause Young (Prepare Mixed) (G1 Preventive Collection)
[2024-10-12T11:24:43.974+0800][info] GC(625) Using 3 workers of 48 for evacuation
[2024-10-12T11:24:43.975+0800][info] GC(625)   Pre Evacuate Collection Set: 0.1ms
[2024-10-12T11:24:43.975+0800][info] GC(625)   Merge Heap Roots: 0.1ms
[2024-10-12T11:24:43.975+0800][info] GC(625)   Evacuate Collection Set: 0.9ms
[2024-10-12T11:24:43.975+0800][info] GC(625)   Post Evacuate Collection Set: 0.2ms
[2024-10-12T11:24:43.975+0800][info] GC(625)   Other: 0.2ms
[2024-10-12T11:24:43.975+0800][info] GC(625) Eden regions: 2->0(2)
[2024-10-12T11:24:43.975+0800][info] GC(625) Survivor regions: 1->1(1)
[2024-10-12T11:24:43.975+0800][info] GC(625) Old regions: 52->54
[2024-10-12T11:24:43.975+0800][info] GC(625) Archive regions: 2->2
[2024-10-12T11:24:43.975+0800][info] GC(625) Humongous regions: 3->3
[2024-10-12T11:24:43.975+0800][info] GC(625) Metaspace: 1695K(1856K)->1695K(1856K) NonClass: 1571K(1664K)->1571K(1664K) Class: 124K(192K)->124K(192K)
[2024-10-12T11:24:43.975+0800][info] GC(625) Pause Young (Prepare Mixed) (G1 Preventive Collection) 115M->115M(128M) 1.593ms
[2024-10-12T11:24:43.975+0800][info] GC(625) User=0.01s Sys=0.00s Real=0.00s
[2024-10-12T11:24:44.036+0800][info] GC(626) Pause Young (Mixed) (G1 Preventive Collection)
[2024-10-12T11:24:44.036+0800][info] GC(626) Using 3 workers of 48 for evacuation
[2024-10-12T11:24:44.038+0800][info] GC(626)   Pre Evacuate Collection Set: 0.2ms
[2024-10-12T11:24:44.038+0800][info] GC(626)   Merge Heap Roots: 0.1ms
[2024-10-12T11:24:44.038+0800][info] GC(626)   Evacuate Collection Set: 1.0ms
[2024-10-12T11:24:44.038+0800][info] GC(626)   Post Evacuate Collection Set: 0.2ms
[2024-10-12T11:24:44.038+0800][info] GC(626)   Other: 0.2ms
[2024-10-12T11:24:44.038+0800][info] GC(626) Eden regions: 1->0(2)
[2024-10-12T11:24:44.038+0800][info] GC(626) Survivor regions: 1->1(1)
[2024-10-12T11:24:44.038+0800][info] GC(626) Old regions: 54->51
[2024-10-12T11:24:44.038+0800][info] GC(626) Archive regions: 2->2
[2024-10-12T11:24:44.038+0800][info] GC(626) Humongous regions: 3->3
[2024-10-12T11:24:44.038+0800][info] GC(626) Metaspace: 1695K(1856K)->1695K(1856K) NonClass: 1571K(1664K)->1571K(1664K) Class: 124K(192K)->124K(192K)
[2024-10-12T11:24:44.038+0800][info] GC(626) Pause Young (Mixed) (G1 Preventive Collection) 117M->109M(128M) 1.735ms
[2024-10-12T11:24:44.038+0800][info] GC(626) User=0.00s Sys=0.00s Real=0.00s
[2024-10-12T11:24:44.140+0800][info] GC(627) Pause Young (Mixed) (G1 Preventive Collection)
[2024-10-12T11:24:44.140+0800][info] GC(627) Using 3 workers of 48 for evacuation
[2024-10-12T11:24:44.143+0800][info] GC(627)   Pre Evacuate Collection Set: 0.2ms
[2024-10-12T11:24:44.143+0800][info] GC(627)   Merge Heap Roots: 0.1ms
[2024-10-12T11:24:44.143+0800][info] GC(627)   Evacuate Collection Set: 1.7ms
[2024-10-12T11:24:44.143+0800][info] GC(627)   Post Evacuate Collection Set: 0.3ms
[2024-10-12T11:24:44.143+0800][info] GC(627)   Other: 0.2ms
[2024-10-12T11:24:44.143+0800][info] GC(627) Eden regions: 2->0(2)
[2024-10-12T11:24:44.143+0800][info] GC(627) Survivor regions: 1->1(1)
[2024-10-12T11:24:44.143+0800][info] GC(627) Old regions: 51->50
[2024-10-12T11:24:44.143+0800][info] GC(627) Archive regions: 2->2
[2024-10-12T11:24:44.143+0800][info] GC(627) Humongous regions: 3->3
[2024-10-12T11:24:44.143+0800][info] GC(627) Metaspace: 1695K(1856K)->1695K(1856K) NonClass: 1571K(1664K)->1571K(1664K) Class: 124K(192K)->124K(192K)
[2024-10-12T11:24:44.143+0800][info] GC(627) Pause Young (Mixed) (G1 Preventive Collection) 113M->108M(128M) 2.490ms
[2024-10-12T11:24:44.143+0800][info] GC(627) User=0.01s Sys=0.00s Real=0.00s
[2024-10-12T11:24:44.245+0800][info] GC(628) Pause Young (Mixed) (G1 Preventive Collection)
[2024-10-12T11:24:44.245+0800][info] GC(628) Using 3 workers of 48 for evacuation
[2024-10-12T11:24:44.247+0800][info] GC(628)   Pre Evacuate Collection Set: 0.2ms
[2024-10-12T11:24:44.247+0800][info] GC(628)   Merge Heap Roots: 0.0ms
[2024-10-12T11:24:44.247+0800][info] GC(628)   Evacuate Collection Set: 1.6ms
[2024-10-12T11:24:44.247+0800][info] GC(628)   Post Evacuate Collection Set: 0.2ms
[2024-10-12T11:24:44.247+0800][info] GC(628)   Other: 0.1ms
[2024-10-12T11:24:44.247+0800][info] GC(628) Eden regions: 2->0(2)
[2024-10-12T11:24:44.247+0800][info] GC(628) Survivor regions: 1->1(1)
[2024-10-12T11:24:44.247+0800][info] GC(628) Old regions: 50->49
[2024-10-12T11:24:44.247+0800][info] GC(628) Archive regions: 2->2
[2024-10-12T11:24:44.247+0800][info] GC(628) Humongous regions: 3->3
[2024-10-12T11:24:44.247+0800][info] GC(628) Metaspace: 1695K(1856K)->1695K(1856K) NonClass: 1571K(1664K)->1571K(1664K) Class: 124K(192K)->124K(192K)
[2024-10-12T11:24:44.247+0800][info] GC(628) Pause Young (Mixed) (G1 Preventive Collection) 111M->105M(128M) 2.286ms
[2024-10-12T11:24:44.247+0800][info] GC(628) User=0.01s Sys=0.00s Real=0.01s
[2024-10-12T11:24:44.350+0800][info] GC(629) Pause Young (Mixed) (G1 Preventive Collection)
[2024-10-12T11:24:44.350+0800][info] GC(629) Using 3 workers of 48 for evacuation
[2024-10-12T11:24:44.352+0800][info] GC(629)   Pre Evacuate Collection Set: 0.2ms
[2024-10-12T11:24:44.352+0800][info] GC(629)   Merge Heap Roots: 0.1ms
[2024-10-12T11:24:44.352+0800][info] GC(629)   Evacuate Collection Set: 2.0ms
[2024-10-12T11:24:44.352+0800][info] GC(629)   Post Evacuate Collection Set: 0.2ms
[2024-10-12T11:24:44.352+0800][info] GC(629)   Other: 0.2ms
[2024-10-12T11:24:44.352+0800][info] GC(629) Eden regions: 2->0(2)
[2024-10-12T11:24:44.352+0800][info] GC(629) Survivor regions: 1->1(1)
[2024-10-12T11:24:44.352+0800][info] GC(629) Old regions: 49->49
[2024-10-12T11:24:44.352+0800][info] GC(629) Archive regions: 2->2
[2024-10-12T11:24:44.352+0800][info] GC(629) Humongous regions: 3->3
[2024-10-12T11:24:44.352+0800][info] GC(629) Metaspace: 1695K(1856K)->1695K(1856K) NonClass: 1571K(1664K)->1571K(1664K) Class: 124K(192K)->124K(192K)
[2024-10-12T11:24:44.352+0800][info] GC(629) Pause Young (Mixed) (G1 Preventive Collection) 109M->106M(128M) 2.731ms
[2024-10-12T11:24:44.352+0800][info] GC(629) User=0.00s Sys=0.00s Real=0.00s
[2024-10-12T11:24:44.454+0800][info] GC(630) Pause Young (Mixed) (G1 Preventive Collection)
[2024-10-12T11:24:44.454+0800][info] GC(630) Using 3 workers of 48 for evacuation
[2024-10-12T11:24:44.457+0800][info] GC(630)   Pre Evacuate Collection Set: 0.2ms
[2024-10-12T11:24:44.457+0800][info] GC(630)   Merge Heap Roots: 0.1ms
[2024-10-12T11:24:44.457+0800][info] GC(630)   Evacuate Collection Set: 1.6ms
[2024-10-12T11:24:44.457+0800][info] GC(630)   Post Evacuate Collection Set: 0.2ms
[2024-10-12T11:24:44.457+0800][info] GC(630)   Other: 0.1ms
[2024-10-12T11:24:44.457+0800][info] GC(630) Eden regions: 2->0(2)
[2024-10-12T11:24:44.457+0800][info] GC(630) Survivor regions: 1->1(1)
[2024-10-12T11:24:44.457+0800][info] GC(630) Old regions: 49->48
[2024-10-12T11:24:44.457+0800][info] GC(630) Archive regions: 2->2
[2024-10-12T11:24:44.457+0800][info] GC(630) Humongous regions: 3->3
[2024-10-12T11:24:44.457+0800][info] GC(630) Metaspace: 1695K(1856K)->1695K(1856K) NonClass: 1571K(1664K)->1571K(1664K) Class: 124K(192K)->124K(192K)
[2024-10-12T11:24:44.457+0800][info] GC(630) Pause Young (Mixed) (G1 Preventive Collection) 109M->103M(128M) 2.354ms
[2024-10-12T11:24:44.457+0800][info] GC(630) User=0.00s Sys=0.00s Real=0.00s
[2024-10-12T11:24:44.559+0800][info] GC(631) Pause Young (Mixed) (G1 Preventive Collection)
[2024-10-12T11:24:44.559+0800][info] GC(631) Using 3 workers of 48 for evacuation
[2024-10-12T11:24:44.562+0800][info] GC(631)   Pre Evacuate Collection Set: 0.2ms
[2024-10-12T11:24:44.562+0800][info] GC(631)   Merge Heap Roots: 0.1ms
[2024-10-12T11:24:44.562+0800][info] GC(631)   Evacuate Collection Set: 2.0ms
[2024-10-12T11:24:44.562+0800][info] GC(631)   Post Evacuate Collection Set: 0.2ms
[2024-10-12T11:24:44.562+0800][info] GC(631)   Other: 0.1ms
[2024-10-12T11:24:44.562+0800][info] GC(631) Eden regions: 2->0(2)
[2024-10-12T11:24:44.562+0800][info] GC(631) Survivor regions: 1->1(1)
[2024-10-12T11:24:44.562+0800][info] GC(631) Old regions: 48->47
[2024-10-12T11:24:44.562+0800][info] GC(631) Archive regions: 2->2
[2024-10-12T11:24:44.562+0800][info] GC(631) Humongous regions: 3->3
[2024-10-12T11:24:44.562+0800][info] GC(631) Metaspace: 1695K(1856K)->1695K(1856K) NonClass: 1571K(1664K)->1571K(1664K) Class: 124K(192K)->124K(192K)
[2024-10-12T11:24:44.562+0800][info] GC(631) Pause Young (Mixed) (G1 Preventive Collection) 107M->103M(128M) 2.663ms
[2024-10-12T11:24:44.562+0800][info] GC(631) User=0.01s Sys=0.00s Real=0.00s
[2024-10-12T11:24:44.664+0800][info] GC(632) Pause Young (Mixed) (G1 Evacuation Pause)
[2024-10-12T11:24:44.664+0800][info] GC(632) Using 3 workers of 48 for evacuation
[2024-10-12T11:24:44.666+0800][info] GC(632)   Pre Evacuate Collection Set: 0.2ms
[2024-10-12T11:24:44.667+0800][info] GC(632)   Merge Heap Roots: 0.1ms
[2024-10-12T11:24:44.667+0800][info] GC(632)   Evacuate Collection Set: 2.2ms
[2024-10-12T11:24:44.667+0800][info] GC(632)   Post Evacuate Collection Set: 0.2ms
[2024-10-12T11:24:44.667+0800][info] GC(632)   Other: 0.1ms
[2024-10-12T11:24:44.667+0800][info] GC(632) Eden regions: 2->0(2)
[2024-10-12T11:24:44.667+0800][info] GC(632) Survivor regions: 1->1(1)
[2024-10-12T11:24:44.667+0800][info] GC(632) Old regions: 47->48
[2024-10-12T11:24:44.667+0800][info] GC(632) Archive regions: 2->2
[2024-10-12T11:24:44.667+0800][info] GC(632) Humongous regions: 3->3
[2024-10-12T11:24:44.667+0800][info] GC(632) Metaspace: 1695K(1856K)->1695K(1856K) NonClass: 1571K(1664K)->1571K(1664K) Class: 124K(192K)->124K(192K)
[2024-10-12T11:24:44.667+0800][info] GC(632) Pause Young (Mixed) (G1 Evacuation Pause) 106M->104M(128M) 2.934ms
[2024-10-12T11:24:44.667+0800][info] GC(632) User=0.01s Sys=0.00s Real=0.01s
[2024-10-12T11:24:44.769+0800][info] GC(633) Pause Young (Mixed) (G1 Preventive Collection)
[2024-10-12T11:24:44.769+0800][info] GC(633) Using 3 workers of 48 for evacuation
[2024-10-12T11:24:44.772+0800][info] GC(633)   Pre Evacuate Collection Set: 0.2ms
[2024-10-12T11:24:44.772+0800][info] GC(633)   Merge Heap Roots: 0.1ms
[2024-10-12T11:24:44.772+0800][info] GC(633)   Evacuate Collection Set: 2.0ms
[2024-10-12T11:24:44.772+0800][info] GC(633)   Post Evacuate Collection Set: 0.2ms
[2024-10-12T11:24:44.772+0800][info] GC(633)   Other: 0.2ms
[2024-10-12T11:24:44.772+0800][info] GC(633) Eden regions: 2->0(2)
[2024-10-12T11:24:44.772+0800][info] GC(633) Survivor regions: 1->1(1)
[2024-10-12T11:24:44.772+0800][info] GC(633) Old regions: 48->48
[2024-10-12T11:24:44.772+0800][info] GC(633) Archive regions: 2->2
[2024-10-12T11:24:44.772+0800][info] GC(633) Humongous regions: 3->3
[2024-10-12T11:24:44.772+0800][info] GC(633) Metaspace: 1695K(1856K)->1695K(1856K) NonClass: 1571K(1664K)->1571K(1664K) Class: 124K(192K)->124K(192K)
[2024-10-12T11:24:44.772+0800][info] GC(633) Pause Young (Mixed) (G1 Preventive Collection) 107M->105M(128M) 2.794ms
[2024-10-12T11:24:44.772+0800][info] GC(633) User=0.00s Sys=0.00s Real=0.00s
[2024-10-12T11:24:44.874+0800][info] GC(634) Pause Young (Normal) (G1 Evacuation Pause)
[2024-10-12T11:24:44.874+0800][info] GC(634) Using 3 workers of 48 for evacuation
[2024-10-12T11:24:44.875+0800][info] GC(634)   Pre Evacuate Collection Set: 0.1ms
[2024-10-12T11:24:44.875+0800][info] GC(634)   Merge Heap Roots: 0.0ms
[2024-10-12T11:24:44.875+0800][info] GC(634)   Evacuate Collection Set: 0.8ms
[2024-10-12T11:24:44.875+0800][info] GC(634)   Post Evacuate Collection Set: 0.2ms
[2024-10-12T11:24:44.875+0800][info] GC(634)   Other: 0.2ms
[2024-10-12T11:24:44.875+0800][info] GC(634) Eden regions: 2->0(2)
[2024-10-12T11:24:44.875+0800][info] GC(634) Survivor regions: 1->1(1)
[2024-10-12T11:24:44.875+0800][info] GC(634) Old regions: 48->50
[2024-10-12T11:24:44.875+0800][info] GC(634) Archive regions: 2->2
[2024-10-12T11:24:44.875+0800][info] GC(634) Humongous regions: 3->3
[2024-10-12T11:24:44.875+0800][info] GC(634) Metaspace: 1695K(1856K)->1695K(1856K) NonClass: 1571K(1664K)->1571K(1664K) Class: 124K(192K)->124K(192K)
[2024-10-12T11:24:44.875+0800][info] GC(634) Pause Young (Normal) (G1 Evacuation Pause) 108M->108M(128M) 1.414ms
[2024-10-12T11:24:44.875+0800][info] GC(634) User=0.00s Sys=0.01s Real=0.00s
[2024-10-12T11:24:44.896+0800][info] GC(635) Pause Young (Concurrent Start) (G1 Humongous Allocation)
[2024-10-12T11:24:44.896+0800][info] GC(635) Using 3 workers of 48 for evacuation
[2024-10-12T11:24:44.897+0800][info] GC(635)   Pre Evacuate Collection Set: 0.1ms
[2024-10-12T11:24:44.897+0800][info] GC(635)   Merge Heap Roots: 0.0ms
[2024-10-12T11:24:44.897+0800][info] GC(635)   Evacuate Collection Set: 0.5ms
[2024-10-12T11:24:44.897+0800][info] GC(635)   Post Evacuate Collection Set: 0.2ms
[2024-10-12T11:24:44.897+0800][info] GC(635)   Other: 0.4ms
[2024-10-12T11:24:44.897+0800][info] GC(635) Eden regions: 1->0(2)
[2024-10-12T11:24:44.897+0800][info] GC(635) Survivor regions: 1->1(1)
[2024-10-12T11:24:44.897+0800][info] GC(635) Old regions: 50->51
[2024-10-12T11:24:44.897+0800][info] GC(635) Archive regions: 2->2
[2024-10-12T11:24:44.897+0800][info] GC(635) Humongous regions: 3->3
[2024-10-12T11:24:44.897+0800][info] GC(635) Metaspace: 1695K(1856K)->1695K(1856K) NonClass: 1571K(1664K)->1571K(1664K) Class: 124K(192K)->124K(192K)
[2024-10-12T11:24:44.897+0800][info] GC(635) Pause Young (Concurrent Start) (G1 Humongous Allocation) 109M->109M(128M) 1.298ms
[2024-10-12T11:24:44.897+0800][info] GC(635) User=0.00s Sys=0.00s Real=0.00s
[2024-10-12T11:24:44.897+0800][info] GC(636) Concurrent Mark Cycle
[2024-10-12T11:24:44.897+0800][info] GC(636) Concurrent Clear Claimed Marks
[2024-10-12T11:24:44.897+0800][info] GC(636) Concurrent Clear Claimed Marks 0.017ms
[2024-10-12T11:24:44.897+0800][info] GC(636) Concurrent Scan Root Regions
[2024-10-12T11:24:44.897+0800][info] GC(636) Concurrent Scan Root Regions 0.154ms
[2024-10-12T11:24:44.897+0800][info] GC(636) Concurrent Mark
[2024-10-12T11:24:44.898+0800][info] GC(636) Concurrent Mark From Roots
[2024-10-12T11:24:44.898+0800][info] GC(636) Using 12 workers of 12 for marking
[2024-10-12T11:24:44.901+0800][info] GC(636) Concurrent Mark From Roots 3.859ms
[2024-10-12T11:24:44.901+0800][info] GC(636) Concurrent Preclean
[2024-10-12T11:24:44.903+0800][info] GC(636) Concurrent Preclean 1.687ms
[2024-10-12T11:24:44.903+0800][info] GC(636) Pause Remark
[2024-10-12T11:24:44.905+0800][info] GC(636) Pause Remark 111M->111M(128M) 1.603ms
[2024-10-12T11:24:44.905+0800][info] GC(636) User=0.00s Sys=0.00s Real=0.00s
[2024-10-12T11:24:44.905+0800][info] GC(636) Concurrent Mark 7.428ms
[2024-10-12T11:24:44.905+0800][info] GC(636) Concurrent Rebuild Remembered Sets
[2024-10-12T11:24:44.907+0800][info] GC(636) Concurrent Rebuild Remembered Sets 1.588ms
[2024-10-12T11:24:44.907+0800][info] GC(636) Pause Cleanup
[2024-10-12T11:24:44.907+0800][info] GC(636) Pause Cleanup 111M->111M(128M) 0.245ms
[2024-10-12T11:24:44.907+0800][info] GC(636) User=0.00s Sys=0.00s Real=0.00s
[2024-10-12T11:24:44.907+0800][info] GC(636) Concurrent Cleanup for Next Mark
[2024-10-12T11:24:44.907+0800][info] GC(636) Concurrent Cleanup for Next Mark 0.285ms
[2024-10-12T11:24:44.907+0800][info] GC(636) Concurrent Mark Cycle 10.095ms
[2024-10-12T11:24:45.071+0800][info] GC(637) Pause Young (Prepare Mixed) (G1 Preventive Collection)
[2024-10-12T11:24:45.071+0800][info] GC(637) Using 3 workers of 48 for evacuation
[2024-10-12T11:24:45.072+0800][info] GC(637)   Pre Evacuate Collection Set: 0.1ms
[2024-10-12T11:24:45.072+0800][info] GC(637)   Merge Heap Roots: 0.1ms
[2024-10-12T11:24:45.072+0800][info] GC(637)   Evacuate Collection Set: 0.9ms
[2024-10-12T11:24:45.072+0800][info] GC(637)   Post Evacuate Collection Set: 0.2ms
[2024-10-12T11:24:45.072+0800][info] GC(637)   Other: 0.2ms
[2024-10-12T11:24:45.072+0800][info] GC(637) Eden regions: 2->0(2)
[2024-10-12T11:24:45.072+0800][info] GC(637) Survivor regions: 1->1(1)
[2024-10-12T11:24:45.073+0800][info] GC(637) Old regions: 51->53
[2024-10-12T11:24:45.073+0800][info] GC(637) Archive regions: 2->2
[2024-10-12T11:24:45.073+0800][info] GC(637) Humongous regions: 4->3
[2024-10-12T11:24:45.073+0800][info] GC(637) Metaspace: 1695K(1856K)->1695K(1856K) NonClass: 1571K(1664K)->1571K(1664K) Class: 124K(192K)->124K(192K)
[2024-10-12T11:24:45.073+0800][info] GC(637) Pause Young (Prepare Mixed) (G1 Preventive Collection) 115M->114M(128M) 1.603ms
[2024-10-12T11:24:45.073+0800][info] GC(637) User=0.00s Sys=0.00s Real=0.00s
[2024-10-12T11:24:45.134+0800][info] GC(638) Pause Young (Mixed) (G1 Preventive Collection)
[2024-10-12T11:24:45.134+0800][info] GC(638) Using 3 workers of 48 for evacuation
[2024-10-12T11:24:45.136+0800][info] GC(638)   Pre Evacuate Collection Set: 0.2ms
[2024-10-12T11:24:45.136+0800][info] GC(638)   Merge Heap Roots: 0.1ms
[2024-10-12T11:24:45.136+0800][info] GC(638)   Evacuate Collection Set: 1.2ms
[2024-10-12T11:24:45.136+0800][info] GC(638)   Post Evacuate Collection Set: 0.2ms
[2024-10-12T11:24:45.136+0800][info] GC(638)   Other: 0.2ms
[2024-10-12T11:24:45.136+0800][info] GC(638) Eden regions: 1->0(2)
[2024-10-12T11:24:45.136+0800][info] GC(638) Survivor regions: 1->1(1)
[2024-10-12T11:24:45.136+0800][info] GC(638) Old regions: 53->50
[2024-10-12T11:24:45.136+0800][info] GC(638) Archive regions: 2->2
[2024-10-12T11:24:45.136+0800][info] GC(638) Humongous regions: 3->3
[2024-10-12T11:24:45.136+0800][info] GC(638) Metaspace: 1695K(1856K)->1695K(1856K) NonClass: 1571K(1664K)->1571K(1664K) Class: 124K(192K)->124K(192K)
[2024-10-12T11:24:45.136+0800][info] GC(638) Pause Young (Mixed) (G1 Preventive Collection) 115M->109M(128M) 1.865ms
[2024-10-12T11:24:45.136+0800][info] GC(638) User=0.00s Sys=0.00s Real=0.00s
[2024-10-12T11:24:45.238+0800][info] GC(639) Pause Young (Mixed) (G1 Preventive Collection)
[2024-10-12T11:24:45.238+0800][info] GC(639) Using 3 workers of 48 for evacuation
[2024-10-12T11:24:45.240+0800][info] GC(639)   Pre Evacuate Collection Set: 0.2ms
[2024-10-12T11:24:45.240+0800][info] GC(639)   Merge Heap Roots: 0.1ms
[2024-10-12T11:24:45.240+0800][info] GC(639)   Evacuate Collection Set: 1.6ms
[2024-10-12T11:24:45.240+0800][info] GC(639)   Post Evacuate Collection Set: 0.2ms
[2024-10-12T11:24:45.240+0800][info] GC(639)   Other: 0.1ms
[2024-10-12T11:24:45.240+0800][info] GC(639) Eden regions: 2->0(2)
[2024-10-12T11:24:45.240+0800][info] GC(639) Survivor regions: 1->1(1)
[2024-10-12T11:24:45.240+0800][info] GC(639) Old regions: 50->49
[2024-10-12T11:24:45.240+0800][info] GC(639) Archive regions: 2->2
[2024-10-12T11:24:45.240+0800][info] GC(639) Humongous regions: 3->3
[2024-10-12T11:24:45.240+0800][info] GC(639) Metaspace: 1695K(1856K)->1695K(1856K) NonClass: 1571K(1664K)->1571K(1664K) Class: 124K(192K)->124K(192K)
[2024-10-12T11:24:45.240+0800][info] GC(639) Pause Young (Mixed) (G1 Preventive Collection) 112M->107M(128M) 2.272ms
[2024-10-12T11:24:45.240+0800][info] GC(639) User=0.00s Sys=0.00s Real=0.00s
[2024-10-12T11:24:45.343+0800][info] GC(640) Pause Young (Mixed) (G1 Preventive Collection)
[2024-10-12T11:24:45.343+0800][info] GC(640) Using 3 workers of 48 for evacuation
[2024-10-12T11:24:45.345+0800][info] GC(640)   Pre Evacuate Collection Set: 0.2ms
[2024-10-12T11:24:45.345+0800][info] GC(640)   Merge Heap Roots: 0.1ms
[2024-10-12T11:24:45.345+0800][info] GC(640)   Evacuate Collection Set: 2.2ms
[2024-10-12T11:24:45.345+0800][info] GC(640)   Post Evacuate Collection Set: 0.2ms
[2024-10-12T11:24:45.345+0800][info] GC(640)   Other: 0.2ms
[2024-10-12T11:24:45.345+0800][info] GC(640) Eden regions: 2->0(2)
[2024-10-12T11:24:45.345+0800][info] GC(640) Survivor regions: 1->1(1)
[2024-10-12T11:24:45.345+0800][info] GC(640) Old regions: 49->49
[2024-10-12T11:24:45.345+0800][info] GC(640) Archive regions: 2->2
[2024-10-12T11:24:45.345+0800][info] GC(640) Humongous regions: 3->3
[2024-10-12T11:24:45.345+0800][info] GC(640) Metaspace: 1695K(1856K)->1695K(1856K) NonClass: 1571K(1664K)->1571K(1664K) Class: 124K(192K)->124K(192K)
[2024-10-12T11:24:45.345+0800][info] GC(640) Pause Young (Mixed) (G1 Preventive Collection) 110M->106M(128M) 2.927ms
[2024-10-12T11:24:45.345+0800][info] GC(640) User=0.01s Sys=0.00s Real=0.01s
[2024-10-12T11:24:45.448+0800][info] GC(641) Pause Young (Mixed) (G1 Preventive Collection)
[2024-10-12T11:24:45.448+0800][info] GC(641) Using 3 workers of 48 for evacuation
[2024-10-12T11:24:45.451+0800][info] GC(641)   Pre Evacuate Collection Set: 0.2ms
[2024-10-12T11:24:45.451+0800][info] GC(641)   Merge Heap Roots: 0.1ms
[2024-10-12T11:24:45.451+0800][info] GC(641)   Evacuate Collection Set: 2.1ms
[2024-10-12T11:24:45.451+0800][info] GC(641)   Post Evacuate Collection Set: 0.2ms
[2024-10-12T11:24:45.451+0800][info] GC(641)   Other: 0.2ms
[2024-10-12T11:24:45.451+0800][info] GC(641) Eden regions: 2->0(2)
[2024-10-12T11:24:45.451+0800][info] GC(641) Survivor regions: 1->1(1)
[2024-10-12T11:24:45.451+0800][info] GC(641) Old regions: 49->48
[2024-10-12T11:24:45.451+0800][info] GC(641) Archive regions: 2->2
[2024-10-12T11:24:45.451+0800][info] GC(641) Humongous regions: 3->3
[2024-10-12T11:24:45.451+0800][info] GC(641) Metaspace: 1695K(1856K)->1695K(1856K) NonClass: 1571K(1664K)->1571K(1664K) Class: 124K(192K)->124K(192K)
[2024-10-12T11:24:45.451+0800][info] GC(641) Pause Young (Mixed) (G1 Preventive Collection) 110M->104M(128M) 2.899ms
[2024-10-12T11:24:45.451+0800][info] GC(641) User=0.01s Sys=0.00s Real=0.00s
[2024-10-12T11:24:45.553+0800][info] GC(642) Pause Young (Mixed) (G1 Preventive Collection)
[2024-10-12T11:24:45.553+0800][info] GC(642) Using 3 workers of 48 for evacuation
[2024-10-12T11:24:45.556+0800][info] GC(642)   Pre Evacuate Collection Set: 0.2ms
[2024-10-12T11:24:45.556+0800][info] GC(642)   Merge Heap Roots: 0.1ms
[2024-10-12T11:24:45.556+0800][info] GC(642)   Evacuate Collection Set: 2.2ms
[2024-10-12T11:24:45.556+0800][info] GC(642)   Post Evacuate Collection Set: 0.2ms
[2024-10-12T11:24:45.556+0800][info] GC(642)   Other: 0.1ms
[2024-10-12T11:24:45.556+0800][info] GC(642) Eden regions: 2->0(2)
[2024-10-12T11:24:45.556+0800][info] GC(642) Survivor regions: 1->1(1)
[2024-10-12T11:24:45.556+0800][info] GC(642) Old regions: 48->47
[2024-10-12T11:24:45.556+0800][info] GC(642) Archive regions: 2->2
[2024-10-12T11:24:45.556+0800][info] GC(642) Humongous regions: 3->3
[2024-10-12T11:24:45.556+0800][info] GC(642) Metaspace: 1695K(1856K)->1695K(1856K) NonClass: 1571K(1664K)->1571K(1664K) Class: 124K(192K)->124K(192K)
[2024-10-12T11:24:45.556+0800][info] GC(642) Pause Young (Mixed) (G1 Preventive Collection) 107M->103M(128M) 2.882ms
[2024-10-12T11:24:45.556+0800][info] GC(642) User=0.00s Sys=0.01s Real=0.01s
[2024-10-12T11:24:45.658+0800][info] GC(643) Pause Young (Mixed) (G1 Preventive Collection)
[2024-10-12T11:24:45.658+0800][info] GC(643) Using 3 workers of 48 for evacuation
[2024-10-12T11:24:45.661+0800][info] GC(643)   Pre Evacuate Collection Set: 0.2ms
[2024-10-12T11:24:45.661+0800][info] GC(643)   Merge Heap Roots: 0.1ms
[2024-10-12T11:24:45.661+0800][info] GC(643)   Evacuate Collection Set: 2.5ms
[2024-10-12T11:24:45.661+0800][info] GC(643)   Post Evacuate Collection Set: 0.2ms
[2024-10-12T11:24:45.661+0800][info] GC(643)   Other: 0.2ms
[2024-10-12T11:24:45.661+0800][info] GC(643) Eden regions: 2->0(2)
[2024-10-12T11:24:45.661+0800][info] GC(643) Survivor regions: 1->1(1)
[2024-10-12T11:24:45.661+0800][info] GC(643) Old regions: 47->47
[2024-10-12T11:24:45.661+0800][info] GC(643) Archive regions: 2->2
[2024-10-12T11:24:45.661+0800][info] GC(643) Humongous regions: 3->3
[2024-10-12T11:24:45.661+0800][info] GC(643) Metaspace: 1695K(1856K)->1695K(1856K) NonClass: 1571K(1664K)->1571K(1664K) Class: 124K(192K)->124K(192K)
[2024-10-12T11:24:45.661+0800][info] GC(643) Pause Young (Mixed) (G1 Preventive Collection) 107M->103M(128M) 3.277ms
[2024-10-12T11:24:45.661+0800][info] GC(643) User=0.01s Sys=0.00s Real=0.00s
[2024-10-12T11:24:45.763+0800][info] GC(644) Pause Young (Mixed) (G1 Preventive Collection)
[2024-10-12T11:24:45.763+0800][info] GC(644) Using 3 workers of 48 for evacuation
[2024-10-12T11:24:45.767+0800][info] GC(644)   Pre Evacuate Collection Set: 0.2ms
[2024-10-12T11:24:45.767+0800][info] GC(644)   Merge Heap Roots: 0.1ms
[2024-10-12T11:24:45.767+0800][info] GC(644)   Evacuate Collection Set: 3.3ms
[2024-10-12T11:24:45.767+0800][info] GC(644)   Post Evacuate Collection Set: 0.2ms
[2024-10-12T11:24:45.767+0800][info] GC(644)   Other: 0.2ms
[2024-10-12T11:24:45.767+0800][info] GC(644) Eden regions: 2->0(2)
[2024-10-12T11:24:45.767+0800][info] GC(644) Survivor regions: 1->1(1)
[2024-10-12T11:24:45.767+0800][info] GC(644) Old regions: 47->46
[2024-10-12T11:24:45.767+0800][info] GC(644) Archive regions: 2->2
[2024-10-12T11:24:45.767+0800][info] GC(644) Humongous regions: 3->3
[2024-10-12T11:24:45.767+0800][info] GC(644) Metaspace: 1695K(1856K)->1695K(1856K) NonClass: 1571K(1664K)->1571K(1664K) Class: 124K(192K)->124K(192K)
[2024-10-12T11:24:45.767+0800][info] GC(644) Pause Young (Mixed) (G1 Preventive Collection) 106M->101M(128M) 4.111ms
[2024-10-12T11:24:45.767+0800][info] GC(644) User=0.01s Sys=0.00s Real=0.01s
[2024-10-12T11:24:45.870+0800][info] GC(645) Pause Young (Normal) (G1 Evacuation Pause)
[2024-10-12T11:24:45.870+0800][info] GC(645) Using 3 workers of 48 for evacuation
[2024-10-12T11:24:45.871+0800][info] GC(645)   Pre Evacuate Collection Set: 0.1ms
[2024-10-12T11:24:45.871+0800][info] GC(645)   Merge Heap Roots: 0.0ms
[2024-10-12T11:24:45.871+0800][info] GC(645)   Evacuate Collection Set: 0.8ms
[2024-10-12T11:24:45.871+0800][info] GC(645)   Post Evacuate Collection Set: 0.2ms
[2024-10-12T11:24:45.871+0800][info] GC(645)   Other: 0.2ms
[2024-10-12T11:24:45.871+0800][info] GC(645) Eden regions: 2->0(2)
[2024-10-12T11:24:45.871+0800][info] GC(645) Survivor regions: 1->1(1)
[2024-10-12T11:24:45.871+0800][info] GC(645) Old regions: 46->48
[2024-10-12T11:24:45.871+0800][info] GC(645) Archive regions: 2->2
[2024-10-12T11:24:45.871+0800][info] GC(645) Humongous regions: 3->3
[2024-10-12T11:24:45.871+0800][info] GC(645) Metaspace: 1695K(1856K)->1695K(1856K) NonClass: 1571K(1664K)->1571K(1664K) Class: 124K(192K)->124K(192K)
[2024-10-12T11:24:45.871+0800][info] GC(645) Pause Young (Normal) (G1 Evacuation Pause) 105M->105M(128M) 1.473ms
[2024-10-12T11:24:45.871+0800][info] GC(645) User=0.01s Sys=0.00s Real=0.00s
[2024-10-12T11:24:45.973+0800][info] GC(646) Pause Young (Normal) (G1 Evacuation Pause)
[2024-10-12T11:24:45.973+0800][info] GC(646) Using 3 workers of 48 for evacuation
[2024-10-12T11:24:45.975+0800][info] GC(646)   Pre Evacuate Collection Set: 0.1ms
[2024-10-12T11:24:45.975+0800][info] GC(646)   Merge Heap Roots: 0.0ms
[2024-10-12T11:24:45.975+0800][info] GC(646)   Evacuate Collection Set: 0.9ms
[2024-10-12T11:24:45.975+0800][info] GC(646)   Post Evacuate Collection Set: 0.2ms
[2024-10-12T11:24:45.975+0800][info] GC(646)   Other: 0.2ms
[2024-10-12T11:24:45.975+0800][info] GC(646) Eden regions: 2->0(2)
[2024-10-12T11:24:45.975+0800][info] GC(646) Survivor regions: 1->1(1)
[2024-10-12T11:24:45.975+0800][info] GC(646) Old regions: 48->50
[2024-10-12T11:24:45.975+0800][info] GC(646) Archive regions: 2->2
[2024-10-12T11:24:45.975+0800][info] GC(646) Humongous regions: 3->3
[2024-10-12T11:24:45.975+0800][info] GC(646) Metaspace: 1695K(1856K)->1695K(1856K) NonClass: 1571K(1664K)->1571K(1664K) Class: 124K(192K)->124K(192K)
[2024-10-12T11:24:45.975+0800][info] GC(646) Pause Young (Normal) (G1 Evacuation Pause) 109M->109M(128M) 1.528ms
[2024-10-12T11:24:45.975+0800][info] GC(646) User=0.00s Sys=0.00s Real=0.00s
[2024-10-12T11:24:46.077+0800][info] GC(647) Pause Young (Concurrent Start) (G1 Evacuation Pause)
[2024-10-12T11:24:46.077+0800][info] GC(647) Using 3 workers of 48 for evacuation
[2024-10-12T11:24:46.078+0800][info] GC(647)   Pre Evacuate Collection Set: 0.1ms
[2024-10-12T11:24:46.078+0800][info] GC(647)   Merge Heap Roots: 0.0ms
[2024-10-12T11:24:46.078+0800][info] GC(647)   Evacuate Collection Set: 0.7ms
[2024-10-12T11:24:46.078+0800][info] GC(647)   Post Evacuate Collection Set: 0.2ms
[2024-10-12T11:24:46.078+0800][info] GC(647)   Other: 0.3ms
[2024-10-12T11:24:46.078+0800][info] GC(647) Eden regions: 2->0(2)
[2024-10-12T11:24:46.078+0800][info] GC(647) Survivor regions: 1->1(1)
[2024-10-12T11:24:46.078+0800][info] GC(647) Old regions: 50->52
[2024-10-12T11:24:46.078+0800][info] GC(647) Archive regions: 2->2
[2024-10-12T11:24:46.078+0800][info] GC(647) Humongous regions: 3->3
[2024-10-12T11:24:46.078+0800][info] GC(647) Metaspace: 1695K(1856K)->1695K(1856K) NonClass: 1571K(1664K)->1571K(1664K) Class: 124K(192K)->124K(192K)
[2024-10-12T11:24:46.079+0800][info] GC(647) Pause Young (Concurrent Start) (G1 Evacuation Pause) 113M->113M(128M) 1.519ms
[2024-10-12T11:24:46.079+0800][info] GC(647) User=0.01s Sys=0.00s Real=0.00s
[2024-10-12T11:24:46.079+0800][info] GC(648) Concurrent Mark Cycle
[2024-10-12T11:24:46.079+0800][info] GC(648) Concurrent Clear Claimed Marks
[2024-10-12T11:24:46.079+0800][info] GC(648) Concurrent Clear Claimed Marks 0.016ms
[2024-10-12T11:24:46.079+0800][info] GC(648) Concurrent Scan Root Regions
[2024-10-12T11:24:46.079+0800][info] GC(648) Concurrent Scan Root Regions 0.168ms
[2024-10-12T11:24:46.079+0800][info] GC(648) Concurrent Mark
[2024-10-12T11:24:46.079+0800][info] GC(648) Concurrent Mark From Roots
[2024-10-12T11:24:46.079+0800][info] GC(648) Using 12 workers of 12 for marking
[2024-10-12T11:24:46.084+0800][info] GC(648) Concurrent Mark From Roots 5.512ms
[2024-10-12T11:24:46.084+0800][info] GC(648) Concurrent Preclean
[2024-10-12T11:24:46.086+0800][info] GC(648) Concurrent Preclean 1.704ms
[2024-10-12T11:24:46.086+0800][info] GC(648) Pause Remark
[2024-10-12T11:24:46.088+0800][info] GC(648) Pause Remark 113M->113M(128M) 1.601ms
[2024-10-12T11:24:46.088+0800][info] GC(648) User=0.00s Sys=0.00s Real=0.00s
[2024-10-12T11:24:46.088+0800][info] GC(648) Concurrent Mark 9.146ms
[2024-10-12T11:24:46.088+0800][info] GC(648) Concurrent Rebuild Remembered Sets
[2024-10-12T11:24:46.089+0800][info] GC(648) Concurrent Rebuild Remembered Sets 1.258ms
[2024-10-12T11:24:46.090+0800][info] GC(648) Pause Cleanup
[2024-10-12T11:24:46.090+0800][info] GC(648) Pause Cleanup 113M->113M(128M) 0.252ms
[2024-10-12T11:24:46.090+0800][info] GC(648) User=0.00s Sys=0.00s Real=0.00s
[2024-10-12T11:24:46.090+0800][info] GC(648) Concurrent Cleanup for Next Mark
[2024-10-12T11:24:46.090+0800][info] GC(648) Concurrent Cleanup for Next Mark 0.337ms
[2024-10-12T11:24:46.090+0800][info] GC(648) Concurrent Mark Cycle 11.572ms
[2024-10-12T11:24:46.231+0800][info] GC(649) Pause Young (Prepare Mixed) (G1 Preventive Collection)
[2024-10-12T11:24:46.231+0800][info] GC(649) Using 3 workers of 48 for evacuation
[2024-10-12T11:24:46.233+0800][info] GC(649)   Pre Evacuate Collection Set: 0.1ms
[2024-10-12T11:24:46.233+0800][info] GC(649)   Merge Heap Roots: 0.1ms
[2024-10-12T11:24:46.233+0800][info] GC(649)   Evacuate Collection Set: 0.8ms
[2024-10-12T11:24:46.233+0800][info] GC(649)   Post Evacuate Collection Set: 0.2ms
[2024-10-12T11:24:46.233+0800][info] GC(649)   Other: 0.2ms
[2024-10-12T11:24:46.233+0800][info] GC(649) Eden regions: 2->0(2)
[2024-10-12T11:24:46.233+0800][info] GC(649) Survivor regions: 1->1(1)
[2024-10-12T11:24:46.233+0800][info] GC(649) Old regions: 52->54
[2024-10-12T11:24:46.233+0800][info] GC(649) Archive regions: 2->2
[2024-10-12T11:24:46.233+0800][info] GC(649) Humongous regions: 3->3
[2024-10-12T11:24:46.233+0800][info] GC(649) Metaspace: 1695K(1856K)->1695K(1856K) NonClass: 1571K(1664K)->1571K(1664K) Class: 124K(192K)->124K(192K)
[2024-10-12T11:24:46.233+0800][info] GC(649) Pause Young (Prepare Mixed) (G1 Preventive Collection) 116M->117M(128M) 1.509ms
[2024-10-12T11:24:46.233+0800][info] GC(649) User=0.00s Sys=0.00s Real=0.00s
[2024-10-12T11:24:46.294+0800][info] GC(650) Pause Young (Mixed) (G1 Preventive Collection)
[2024-10-12T11:24:46.294+0800][info] GC(650) Using 3 workers of 48 for evacuation
[2024-10-12T11:24:46.296+0800][info] GC(650)   Pre Evacuate Collection Set: 0.2ms
[2024-10-12T11:24:46.296+0800][info] GC(650)   Merge Heap Roots: 0.1ms
[2024-10-12T11:24:46.296+0800][info] GC(650)   Evacuate Collection Set: 0.9ms
[2024-10-12T11:24:46.296+0800][info] GC(650)   Post Evacuate Collection Set: 0.2ms
[2024-10-12T11:24:46.296+0800][info] GC(650)   Other: 0.2ms
[2024-10-12T11:24:46.296+0800][info] GC(650) Eden regions: 1->0(2)
[2024-10-12T11:24:46.296+0800][info] GC(650) Survivor regions: 1->1(1)
[2024-10-12T11:24:46.296+0800][info] GC(650) Old regions: 54->51
[2024-10-12T11:24:46.296+0800][info] GC(650) Archive regions: 2->2
[2024-10-12T11:24:46.296+0800][info] GC(650) Humongous regions: 3->3
[2024-10-12T11:24:46.296+0800][info] GC(650) Metaspace: 1695K(1856K)->1695K(1856K) NonClass: 1571K(1664K)->1571K(1664K) Class: 124K(192K)->124K(192K)
[2024-10-12T11:24:46.296+0800][info] GC(650) Pause Young (Mixed) (G1 Preventive Collection) 119M->111M(128M) 1.648ms
[2024-10-12T11:24:46.296+0800][info] GC(650) User=0.00s Sys=0.00s Real=0.00s
[2024-10-12T11:24:46.398+0800][info] GC(651) Pause Young (Mixed) (G1 Preventive Collection)
[2024-10-12T11:24:46.398+0800][info] GC(651) Using 3 workers of 48 for evacuation
[2024-10-12T11:24:46.401+0800][info] GC(651)   Pre Evacuate Collection Set: 0.2ms
[2024-10-12T11:24:46.401+0800][info] GC(651)   Merge Heap Roots: 0.1ms
[2024-10-12T11:24:46.401+0800][info] GC(651)   Evacuate Collection Set: 1.8ms
[2024-10-12T11:24:46.401+0800][info] GC(651)   Post Evacuate Collection Set: 0.2ms
[2024-10-12T11:24:46.401+0800][info] GC(651)   Other: 0.2ms
[2024-10-12T11:24:46.401+0800][info] GC(651) Eden regions: 2->0(2)
[2024-10-12T11:24:46.401+0800][info] GC(651) Survivor regions: 1->1(1)
[2024-10-12T11:24:46.401+0800][info] GC(651) Old regions: 51->50
[2024-10-12T11:24:46.401+0800][info] GC(651) Archive regions: 2->2
[2024-10-12T11:24:46.401+0800][info] GC(651) Humongous regions: 3->3
[2024-10-12T11:24:46.401+0800][info] GC(651) Metaspace: 1695K(1856K)->1695K(1856K) NonClass: 1571K(1664K)->1571K(1664K) Class: 124K(192K)->124K(192K)
[2024-10-12T11:24:46.401+0800][info] GC(651) Pause Young (Mixed) (G1 Preventive Collection) 115M->109M(128M) 2.549ms
[2024-10-12T11:24:46.401+0800][info] GC(651) User=0.00s Sys=0.00s Real=0.00s
[2024-10-12T11:24:46.503+0800][info] GC(652) Pause Young (Mixed) (G1 Preventive Collection)
[2024-10-12T11:24:46.503+0800][info] GC(652) Using 3 workers of 48 for evacuation
[2024-10-12T11:24:46.506+0800][info] GC(652)   Pre Evacuate Collection Set: 0.2ms
[2024-10-12T11:24:46.506+0800][info] GC(652)   Merge Heap Roots: 0.1ms
[2024-10-12T11:24:46.506+0800][info] GC(652)   Evacuate Collection Set: 1.9ms
[2024-10-12T11:24:46.506+0800][info] GC(652)   Post Evacuate Collection Set: 0.2ms
[2024-10-12T11:24:46.506+0800][info] GC(652)   Other: 0.2ms
[2024-10-12T11:24:46.506+0800][info] GC(652) Eden regions: 2->0(2)
[2024-10-12T11:24:46.506+0800][info] GC(652) Survivor regions: 1->1(1)
[2024-10-12T11:24:46.506+0800][info] GC(652) Old regions: 50->50
[2024-10-12T11:24:46.506+0800][info] GC(652) Archive regions: 2->2
[2024-10-12T11:24:46.506+0800][info] GC(652) Humongous regions: 3->3
[2024-10-12T11:24:46.506+0800][info] GC(652) Metaspace: 1695K(1856K)->1695K(1856K) NonClass: 1571K(1664K)->1571K(1664K) Class: 124K(192K)->124K(192K)
[2024-10-12T11:24:46.506+0800][info] GC(652) Pause Young (Mixed) (G1 Preventive Collection) 112M->108M(128M) 2.586ms
[2024-10-12T11:24:46.506+0800][info] GC(652) User=0.01s Sys=0.00s Real=0.01s
[2024-10-12T11:24:46.608+0800][info] GC(653) Pause Young (Mixed) (G1 Preventive Collection)
[2024-10-12T11:24:46.608+0800][info] GC(653) Using 3 workers of 48 for evacuation
[2024-10-12T11:24:46.610+0800][info] GC(653)   Pre Evacuate Collection Set: 0.2ms
[2024-10-12T11:24:46.610+0800][info] GC(653)   Merge Heap Roots: 0.1ms
[2024-10-12T11:24:46.610+0800][info] GC(653)   Evacuate Collection Set: 2.1ms
[2024-10-12T11:24:46.610+0800][info] GC(653)   Post Evacuate Collection Set: 0.2ms
[2024-10-12T11:24:46.610+0800][info] GC(653)   Other: 0.1ms
[2024-10-12T11:24:46.610+0800][info] GC(653) Eden regions: 2->0(2)
[2024-10-12T11:24:46.610+0800][info] GC(653) Survivor regions: 1->1(1)
[2024-10-12T11:24:46.610+0800][info] GC(653) Old regions: 50->49
[2024-10-12T11:24:46.610+0800][info] GC(653) Archive regions: 2->2
[2024-10-12T11:24:46.610+0800][info] GC(653) Humongous regions: 3->3
[2024-10-12T11:24:46.610+0800][info] GC(653) Metaspace: 1695K(1856K)->1695K(1856K) NonClass: 1571K(1664K)->1571K(1664K) Class: 124K(192K)->124K(192K)
[2024-10-12T11:24:46.611+0800][info] GC(653) Pause Young (Mixed) (G1 Preventive Collection) 112M->106M(128M) 2.815ms
[2024-10-12T11:24:46.611+0800][info] GC(653) User=0.01s Sys=0.00s Real=0.00s
[2024-10-12T11:24:46.713+0800][info] GC(654) Pause Young (Mixed) (G1 Preventive Collection)
[2024-10-12T11:24:46.713+0800][info] GC(654) Using 3 workers of 48 for evacuation
[2024-10-12T11:24:46.715+0800][info] GC(654)   Pre Evacuate Collection Set: 0.2ms
[2024-10-12T11:24:46.715+0800][info] GC(654)   Merge Heap Roots: 0.1ms
[2024-10-12T11:24:46.716+0800][info] GC(654)   Evacuate Collection Set: 2.0ms
[2024-10-12T11:24:46.716+0800][info] GC(654)   Post Evacuate Collection Set: 0.2ms
[2024-10-12T11:24:46.716+0800][info] GC(654)   Other: 0.2ms
[2024-10-12T11:24:46.716+0800][info] GC(654) Eden regions: 2->0(2)
[2024-10-12T11:24:46.716+0800][info] GC(654) Survivor regions: 1->1(1)
[2024-10-12T11:24:46.716+0800][info] GC(654) Old regions: 49->49
[2024-10-12T11:24:46.716+0800][info] GC(654) Archive regions: 2->2
[2024-10-12T11:24:46.716+0800][info] GC(654) Humongous regions: 3->3
[2024-10-12T11:24:46.716+0800][info] GC(654) Metaspace: 1695K(1856K)->1695K(1856K) NonClass: 1571K(1664K)->1571K(1664K) Class: 124K(192K)->124K(192K)
[2024-10-12T11:24:46.716+0800][info] GC(654) Pause Young (Mixed) (G1 Preventive Collection) 110M->106M(128M) 2.815ms
[2024-10-12T11:24:46.716+0800][info] GC(654) User=0.00s Sys=0.00s Real=0.01s
[2024-10-12T11:24:46.818+0800][info] GC(655) Pause Young (Mixed) (G1 Preventive Collection)
[2024-10-12T11:24:46.818+0800][info] GC(655) Using 3 workers of 48 for evacuation
[2024-10-12T11:24:46.820+0800][info] GC(655)   Pre Evacuate Collection Set: 0.2ms
[2024-10-12T11:24:46.820+0800][info] GC(655)   Merge Heap Roots: 0.1ms
[2024-10-12T11:24:46.820+0800][info] GC(655)   Evacuate Collection Set: 2.0ms
[2024-10-12T11:24:46.820+0800][info] GC(655)   Post Evacuate Collection Set: 0.2ms
[2024-10-12T11:24:46.820+0800][info] GC(655)   Other: 0.2ms
[2024-10-12T11:24:46.820+0800][info] GC(655) Eden regions: 2->0(2)
[2024-10-12T11:24:46.820+0800][info] GC(655) Survivor regions: 1->1(1)
[2024-10-12T11:24:46.820+0800][info] GC(655) Old regions: 49->49
[2024-10-12T11:24:46.820+0800][info] GC(655) Archive regions: 2->2
[2024-10-12T11:24:46.820+0800][info] GC(655) Humongous regions: 3->3
[2024-10-12T11:24:46.820+0800][info] GC(655) Metaspace: 1695K(1856K)->1695K(1856K) NonClass: 1571K(1664K)->1571K(1664K) Class: 124K(192K)->124K(192K)
[2024-10-12T11:24:46.820+0800][info] GC(655) Pause Young (Mixed) (G1 Preventive Collection) 109M->107M(128M) 2.733ms
[2024-10-12T11:24:46.820+0800][info] GC(655) User=0.00s Sys=0.00s Real=0.00s
[2024-10-12T11:24:46.923+0800][info] GC(656) Pause Young (Mixed) (G1 Preventive Collection)
[2024-10-12T11:24:46.923+0800][info] GC(656) Using 3 workers of 48 for evacuation
[2024-10-12T11:24:46.925+0800][info] GC(656)   Pre Evacuate Collection Set: 0.2ms
[2024-10-12T11:24:46.925+0800][info] GC(656)   Merge Heap Roots: 0.1ms
[2024-10-12T11:24:46.925+0800][info] GC(656)   Evacuate Collection Set: 2.0ms
[2024-10-12T11:24:46.925+0800][info] GC(656)   Post Evacuate Collection Set: 0.2ms
[2024-10-12T11:24:46.925+0800][info] GC(656)   Other: 0.1ms
[2024-10-12T11:24:46.925+0800][info] GC(656) Eden regions: 2->0(2)
[2024-10-12T11:24:46.925+0800][info] GC(656) Survivor regions: 1->1(1)
[2024-10-12T11:24:46.925+0800][info] GC(656) Old regions: 49->49
[2024-10-12T11:24:46.926+0800][info] GC(656) Archive regions: 2->2
[2024-10-12T11:24:46.926+0800][info] GC(656) Humongous regions: 3->3
[2024-10-12T11:24:46.926+0800][info] GC(656) Metaspace: 1695K(1856K)->1695K(1856K) NonClass: 1571K(1664K)->1571K(1664K) Class: 124K(192K)->124K(192K)
[2024-10-12T11:24:46.926+0800][info] GC(656) Pause Young (Mixed) (G1 Preventive Collection) 110M->107M(128M) 2.710ms
[2024-10-12T11:24:46.926+0800][info] GC(656) User=0.01s Sys=0.00s Real=0.01s
[2024-10-12T11:24:47.028+0800][info] GC(657) Pause Young (Mixed) (G1 Preventive Collection)
[2024-10-12T11:24:47.028+0800][info] GC(657) Using 3 workers of 48 for evacuation
[2024-10-12T11:24:47.030+0800][info] GC(657)   Pre Evacuate Collection Set: 0.2ms
[2024-10-12T11:24:47.030+0800][info] GC(657)   Merge Heap Roots: 0.1ms
[2024-10-12T11:24:47.030+0800][info] GC(657)   Evacuate Collection Set: 1.9ms
[2024-10-12T11:24:47.030+0800][info] GC(657)   Post Evacuate Collection Set: 0.2ms
[2024-10-12T11:24:47.030+0800][info] GC(657)   Other: 0.2ms
[2024-10-12T11:24:47.030+0800][info] GC(657) Eden regions: 2->0(2)
[2024-10-12T11:24:47.030+0800][info] GC(657) Survivor regions: 1->1(1)
[2024-10-12T11:24:47.030+0800][info] GC(657) Old regions: 49->50
[2024-10-12T11:24:47.030+0800][info] GC(657) Archive regions: 2->2
[2024-10-12T11:24:47.030+0800][info] GC(657) Humongous regions: 3->3
[2024-10-12T11:24:47.030+0800][info] GC(657) Metaspace: 1695K(1856K)->1695K(1856K) NonClass: 1571K(1664K)->1571K(1664K) Class: 124K(192K)->124K(192K)
[2024-10-12T11:24:47.030+0800][info] GC(657) Pause Young (Mixed) (G1 Preventive Collection) 110M->109M(128M) 2.677ms
[2024-10-12T11:24:47.030+0800][info] GC(657) User=0.01s Sys=0.00s Real=0.00s
[2024-10-12T11:24:47.092+0800][info] GC(658) Pause Young (Concurrent Start) (G1 Humongous Allocation)
[2024-10-12T11:24:47.092+0800][info] GC(658) Using 3 workers of 48 for evacuation
[2024-10-12T11:24:47.093+0800][info] GC(658)   Pre Evacuate Collection Set: 0.1ms
[2024-10-12T11:24:47.093+0800][info] GC(658)   Merge Heap Roots: 0.0ms
[2024-10-12T11:24:47.093+0800][info] GC(658)   Evacuate Collection Set: 0.8ms
[2024-10-12T11:24:47.093+0800][info] GC(658)   Post Evacuate Collection Set: 0.2ms
[2024-10-12T11:24:47.093+0800][info] GC(658)   Other: 0.4ms
[2024-10-12T11:24:47.093+0800][info] GC(658) Eden regions: 2->0(2)
[2024-10-12T11:24:47.093+0800][info] GC(658) Survivor regions: 1->1(1)
[2024-10-12T11:24:47.093+0800][info] GC(658) Old regions: 50->52
[2024-10-12T11:24:47.093+0800][info] GC(658) Archive regions: 2->2
[2024-10-12T11:24:47.093+0800][info] GC(658) Humongous regions: 3->3
[2024-10-12T11:24:47.093+0800][info] GC(658) Metaspace: 1695K(1856K)->1695K(1856K) NonClass: 1571K(1664K)->1571K(1664K) Class: 124K(192K)->124K(192K)
[2024-10-12T11:24:47.093+0800][info] GC(658) Pause Young (Concurrent Start) (G1 Humongous Allocation) 112M->112M(128M) 1.609ms
[2024-10-12T11:24:47.093+0800][info] GC(658) User=0.00s Sys=0.00s Real=0.01s
[2024-10-12T11:24:47.093+0800][info] GC(659) Concurrent Mark Cycle
[2024-10-12T11:24:47.093+0800][info] GC(659) Concurrent Clear Claimed Marks
[2024-10-12T11:24:47.093+0800][info] GC(659) Concurrent Clear Claimed Marks 0.017ms
[2024-10-12T11:24:47.093+0800][info] GC(659) Concurrent Scan Root Regions
[2024-10-12T11:24:47.094+0800][info] GC(659) Concurrent Scan Root Regions 0.155ms
[2024-10-12T11:24:47.094+0800][info] GC(659) Concurrent Mark
[2024-10-12T11:24:47.094+0800][info] GC(659) Concurrent Mark From Roots
[2024-10-12T11:24:47.094+0800][info] GC(659) Using 12 workers of 12 for marking
[2024-10-12T11:24:47.097+0800][info] GC(659) Concurrent Mark From Roots 3.895ms
[2024-10-12T11:24:47.098+0800][info] GC(659) Concurrent Preclean
[2024-10-12T11:24:47.099+0800][info] GC(659) Concurrent Preclean 1.686ms
[2024-10-12T11:24:47.099+0800][info] GC(659) Pause Remark
[2024-10-12T11:24:47.101+0800][info] GC(659) Pause Remark 114M->112M(128M) 1.490ms
[2024-10-12T11:24:47.101+0800][info] GC(659) User=0.00s Sys=0.00s Real=0.00s
[2024-10-12T11:24:47.101+0800][info] GC(659) Concurrent Mark 7.300ms
[2024-10-12T11:24:47.101+0800][info] GC(659) Concurrent Rebuild Remembered Sets
[2024-10-12T11:24:47.103+0800][info] GC(659) Concurrent Rebuild Remembered Sets 1.603ms
[2024-10-12T11:24:47.103+0800][info] GC(659) Pause Cleanup
[2024-10-12T11:24:47.103+0800][info] GC(659) Pause Cleanup 112M->112M(128M) 0.245ms
[2024-10-12T11:24:47.103+0800][info] GC(659) User=0.00s Sys=0.00s Real=0.00s
[2024-10-12T11:24:47.103+0800][info] GC(659) Concurrent Cleanup for Next Mark
[2024-10-12T11:24:47.103+0800][info] GC(659) Concurrent Cleanup for Next Mark 0.325ms
[2024-10-12T11:24:47.103+0800][info] GC(659) Concurrent Mark Cycle 10.016ms
[2024-10-12T11:24:47.267+0800][info] GC(660) Pause Young (Prepare Mixed) (G1 Preventive Collection)
[2024-10-12T11:24:47.267+0800][info] GC(660) Using 3 workers of 48 for evacuation
[2024-10-12T11:24:47.269+0800][info] GC(660)   Pre Evacuate Collection Set: 0.1ms
[2024-10-12T11:24:47.269+0800][info] GC(660)   Merge Heap Roots: 0.1ms
[2024-10-12T11:24:47.269+0800][info] GC(660)   Evacuate Collection Set: 0.9ms
[2024-10-12T11:24:47.269+0800][info] GC(660)   Post Evacuate Collection Set: 0.2ms
[2024-10-12T11:24:47.269+0800][info] GC(660)   Other: 0.2ms
[2024-10-12T11:24:47.269+0800][info] GC(660) Eden regions: 2->0(2)
[2024-10-12T11:24:47.269+0800][info] GC(660) Survivor regions: 1->1(1)
[2024-10-12T11:24:47.269+0800][info] GC(660) Old regions: 51->53
[2024-10-12T11:24:47.269+0800][info] GC(660) Archive regions: 2->2
[2024-10-12T11:24:47.269+0800][info] GC(660) Humongous regions: 4->3
[2024-10-12T11:24:47.269+0800][info] GC(660) Metaspace: 1695K(1856K)->1695K(1856K) NonClass: 1571K(1664K)->1571K(1664K) Class: 124K(192K)->124K(192K)
[2024-10-12T11:24:47.269+0800][info] GC(660) Pause Young (Prepare Mixed) (G1 Preventive Collection) 116M->114M(128M) 1.563ms
[2024-10-12T11:24:47.269+0800][info] GC(660) User=0.00s Sys=0.00s Real=0.00s
[2024-10-12T11:24:47.330+0800][info] GC(661) Pause Young (Mixed) (G1 Preventive Collection)
[2024-10-12T11:24:47.330+0800][info] GC(661) Using 3 workers of 48 for evacuation
[2024-10-12T11:24:47.332+0800][info] GC(661)   Pre Evacuate Collection Set: 0.2ms
[2024-10-12T11:24:47.332+0800][info] GC(661)   Merge Heap Roots: 0.1ms
[2024-10-12T11:24:47.332+0800][info] GC(661)   Evacuate Collection Set: 1.2ms
[2024-10-12T11:24:47.332+0800][info] GC(661)   Post Evacuate Collection Set: 0.2ms
[2024-10-12T11:24:47.332+0800][info] GC(661)   Other: 0.2ms
[2024-10-12T11:24:47.332+0800][info] GC(661) Eden regions: 1->0(2)
[2024-10-12T11:24:47.332+0800][info] GC(661) Survivor regions: 1->1(1)
[2024-10-12T11:24:47.332+0800][info] GC(661) Old regions: 53->50
[2024-10-12T11:24:47.332+0800][info] GC(661) Archive regions: 2->2
[2024-10-12T11:24:47.332+0800][info] GC(661) Humongous regions: 3->3
[2024-10-12T11:24:47.332+0800][info] GC(661) Metaspace: 1695K(1856K)->1695K(1856K) NonClass: 1571K(1664K)->1571K(1664K) Class: 124K(192K)->124K(192K)
[2024-10-12T11:24:47.332+0800][info] GC(661) Pause Young (Mixed) (G1 Preventive Collection) 116M->108M(128M) 1.894ms
[2024-10-12T11:24:47.332+0800][info] GC(661) User=0.00s Sys=0.00s Real=0.00s
[2024-10-12T11:24:47.434+0800][info] GC(662) Pause Young (Mixed) (G1 Preventive Collection)
[2024-10-12T11:24:47.434+0800][info] GC(662) Using 3 workers of 48 for evacuation
[2024-10-12T11:24:47.437+0800][info] GC(662)   Pre Evacuate Collection Set: 0.2ms
[2024-10-12T11:24:47.437+0800][info] GC(662)   Merge Heap Roots: 0.1ms
[2024-10-12T11:24:47.437+0800][info] GC(662)   Evacuate Collection Set: 1.7ms
[2024-10-12T11:24:47.437+0800][info] GC(662)   Post Evacuate Collection Set: 0.2ms
[2024-10-12T11:24:47.437+0800][info] GC(662)   Other: 0.2ms
[2024-10-12T11:24:47.437+0800][info] GC(662) Eden regions: 2->0(2)
[2024-10-12T11:24:47.437+0800][info] GC(662) Survivor regions: 1->1(1)
[2024-10-12T11:24:47.437+0800][info] GC(662) Old regions: 50->48
[2024-10-12T11:24:47.437+0800][info] GC(662) Archive regions: 2->2
[2024-10-12T11:24:47.437+0800][info] GC(662) Humongous regions: 3->3
[2024-10-12T11:24:47.437+0800][info] GC(662) Metaspace: 1695K(1856K)->1695K(1856K) NonClass: 1571K(1664K)->1571K(1664K) Class: 124K(192K)->124K(192K)
[2024-10-12T11:24:47.437+0800][info] GC(662) Pause Young (Mixed) (G1 Preventive Collection) 112M->105M(128M) 2.369ms
[2024-10-12T11:24:47.437+0800][info] GC(662) User=0.00s Sys=0.00s Real=0.00s
[2024-10-12T11:24:47.539+0800][info] GC(663) Pause Young (Mixed) (G1 Preventive Collection)
[2024-10-12T11:24:47.539+0800][info] GC(663) Using 3 workers of 48 for evacuation
[2024-10-12T11:24:47.541+0800][info] GC(663)   Pre Evacuate Collection Set: 0.2ms
[2024-10-12T11:24:47.541+0800][info] GC(663)   Merge Heap Roots: 0.1ms
[2024-10-12T11:24:47.541+0800][info] GC(663)   Evacuate Collection Set: 1.9ms
[2024-10-12T11:24:47.541+0800][info] GC(663)   Post Evacuate Collection Set: 0.2ms
[2024-10-12T11:24:47.541+0800][info] GC(663)   Other: 0.1ms
[2024-10-12T11:24:47.541+0800][info] GC(663) Eden regions: 2->0(2)
[2024-10-12T11:24:47.541+0800][info] GC(663) Survivor regions: 1->1(1)
[2024-10-12T11:24:47.541+0800][info] GC(663) Old regions: 48->47
[2024-10-12T11:24:47.541+0800][info] GC(663) Archive regions: 2->2
[2024-10-12T11:24:47.541+0800][info] GC(663) Humongous regions: 3->3
[2024-10-12T11:24:47.541+0800][info] GC(663) Metaspace: 1695K(1856K)->1695K(1856K) NonClass: 1571K(1664K)->1571K(1664K) Class: 124K(192K)->124K(192K)
[2024-10-12T11:24:47.541+0800][info] GC(663) Pause Young (Mixed) (G1 Preventive Collection) 108M->103M(128M) 2.608ms
[2024-10-12T11:24:47.541+0800][info] GC(663) User=0.01s Sys=0.00s Real=0.00s
[2024-10-12T11:24:47.644+0800][info] GC(664) Pause Young (Mixed) (G1 Preventive Collection)
[2024-10-12T11:24:47.644+0800][info] GC(664) Using 3 workers of 48 for evacuation
[2024-10-12T11:24:47.646+0800][info] GC(664)   Pre Evacuate Collection Set: 0.2ms
[2024-10-12T11:24:47.646+0800][info] GC(664)   Merge Heap Roots: 0.1ms
[2024-10-12T11:24:47.646+0800][info] GC(664)   Evacuate Collection Set: 2.3ms
[2024-10-12T11:24:47.647+0800][info] GC(664)   Post Evacuate Collection Set: 0.2ms
[2024-10-12T11:24:47.647+0800][info] GC(664)   Other: 0.1ms
[2024-10-12T11:24:47.647+0800][info] GC(664) Eden regions: 2->0(2)
[2024-10-12T11:24:47.647+0800][info] GC(664) Survivor regions: 1->1(1)
[2024-10-12T11:24:47.647+0800][info] GC(664) Old regions: 47->48
[2024-10-12T11:24:47.647+0800][info] GC(664) Archive regions: 2->2
[2024-10-12T11:24:47.647+0800][info] GC(664) Humongous regions: 3->3
[2024-10-12T11:24:47.647+0800][info] GC(664) Metaspace: 1695K(1856K)->1695K(1856K) NonClass: 1571K(1664K)->1571K(1664K) Class: 124K(192K)->124K(192K)
[2024-10-12T11:24:47.647+0800][info] GC(664) Pause Young (Mixed) (G1 Preventive Collection) 106M->104M(128M) 2.938ms
[2024-10-12T11:24:47.647+0800][info] GC(664) User=0.01s Sys=0.00s Real=0.01s
[2024-10-12T11:24:47.749+0800][info] GC(665) Pause Young (Mixed) (G1 Preventive Collection)
[2024-10-12T11:24:47.749+0800][info] GC(665) Using 3 workers of 48 for evacuation
[2024-10-12T11:24:47.752+0800][info] GC(665)   Pre Evacuate Collection Set: 0.2ms
[2024-10-12T11:24:47.752+0800][info] GC(665)   Merge Heap Roots: 0.1ms
[2024-10-12T11:24:47.752+0800][info] GC(665)   Evacuate Collection Set: 2.5ms
[2024-10-12T11:24:47.752+0800][info] GC(665)   Post Evacuate Collection Set: 0.2ms
[2024-10-12T11:24:47.752+0800][info] GC(665)   Other: 0.2ms
[2024-10-12T11:24:47.752+0800][info] GC(665) Eden regions: 2->0(2)
[2024-10-12T11:24:47.752+0800][info] GC(665) Survivor regions: 1->1(1)
[2024-10-12T11:24:47.752+0800][info] GC(665) Old regions: 48->47
[2024-10-12T11:24:47.752+0800][info] GC(665) Archive regions: 2->2
[2024-10-12T11:24:47.752+0800][info] GC(665) Humongous regions: 3->3
[2024-10-12T11:24:47.752+0800][info] GC(665) Metaspace: 1695K(1856K)->1695K(1856K) NonClass: 1571K(1664K)->1571K(1664K) Class: 124K(192K)->124K(192K)
[2024-10-12T11:24:47.752+0800][info] GC(665) Pause Young (Mixed) (G1 Preventive Collection) 107M->103M(128M) 3.243ms
[2024-10-12T11:24:47.752+0800][info] GC(665) User=0.01s Sys=0.00s Real=0.00s
[2024-10-12T11:24:47.854+0800][info] GC(666) Pause Young (Mixed) (G1 Preventive Collection)
[2024-10-12T11:24:47.854+0800][info] GC(666) Using 3 workers of 48 for evacuation
[2024-10-12T11:24:47.857+0800][info] GC(666)   Pre Evacuate Collection Set: 0.2ms
[2024-10-12T11:24:47.857+0800][info] GC(666)   Merge Heap Roots: 0.1ms
[2024-10-12T11:24:47.857+0800][info] GC(666)   Evacuate Collection Set: 2.5ms
[2024-10-12T11:24:47.857+0800][info] GC(666)   Post Evacuate Collection Set: 0.2ms
[2024-10-12T11:24:47.857+0800][info] GC(666)   Other: 0.1ms
[2024-10-12T11:24:47.857+0800][info] GC(666) Eden regions: 2->0(2)
[2024-10-12T11:24:47.857+0800][info] GC(666) Survivor regions: 1->1(1)
[2024-10-12T11:24:47.857+0800][info] GC(666) Old regions: 47->47
[2024-10-12T11:24:47.857+0800][info] GC(666) Archive regions: 2->2
[2024-10-12T11:24:47.857+0800][info] GC(666) Humongous regions: 3->3
[2024-10-12T11:24:47.857+0800][info] GC(666) Metaspace: 1695K(1856K)->1695K(1856K) NonClass: 1571K(1664K)->1571K(1664K) Class: 124K(192K)->124K(192K)
[2024-10-12T11:24:47.857+0800][info] GC(666) Pause Young (Mixed) (G1 Preventive Collection) 107M->102M(128M) 3.180ms
[2024-10-12T11:24:47.857+0800][info] GC(666) User=0.00s Sys=0.00s Real=0.00s
[2024-10-12T11:24:47.959+0800][info] GC(667) Pause Young (Mixed) (G1 Preventive Collection)
[2024-10-12T11:24:47.959+0800][info] GC(667) Using 3 workers of 48 for evacuation
[2024-10-12T11:24:47.963+0800][info] GC(667)   Pre Evacuate Collection Set: 0.2ms
[2024-10-12T11:24:47.963+0800][info] GC(667)   Merge Heap Roots: 0.1ms
[2024-10-12T11:24:47.963+0800][info] GC(667)   Evacuate Collection Set: 3.3ms
[2024-10-12T11:24:47.963+0800][info] GC(667)   Post Evacuate Collection Set: 0.3ms
[2024-10-12T11:24:47.963+0800][info] GC(667)   Other: 0.2ms
[2024-10-12T11:24:47.963+0800][info] GC(667) Eden regions: 2->0(2)
[2024-10-12T11:24:47.963+0800][info] GC(667) Survivor regions: 1->1(1)
[2024-10-12T11:24:47.963+0800][info] GC(667) Old regions: 47->47
[2024-10-12T11:24:47.963+0800][info] GC(667) Archive regions: 2->2
[2024-10-12T11:24:47.963+0800][info] GC(667) Humongous regions: 3->3
[2024-10-12T11:24:47.963+0800][info] GC(667) Metaspace: 1695K(1856K)->1695K(1856K) NonClass: 1571K(1664K)->1571K(1664K) Class: 124K(192K)->124K(192K)
[2024-10-12T11:24:47.964+0800][info] GC(667) Pause Young (Mixed) (G1 Preventive Collection) 106M->102M(128M) 4.078ms
[2024-10-12T11:24:47.964+0800][info] GC(667) User=0.01s Sys=0.00s Real=0.00s
[2024-10-12T11:24:48.066+0800][info] GC(668) Pause Young (Normal) (G1 Evacuation Pause)
[2024-10-12T11:24:48.066+0800][info] GC(668) Using 3 workers of 48 for evacuation
[2024-10-12T11:24:48.067+0800][info] GC(668)   Pre Evacuate Collection Set: 0.1ms
[2024-10-12T11:24:48.067+0800][info] GC(668)   Merge Heap Roots: 0.1ms
[2024-10-12T11:24:48.067+0800][info] GC(668)   Evacuate Collection Set: 0.7ms
[2024-10-12T11:24:48.067+0800][info] GC(668)   Post Evacuate Collection Set: 0.2ms
[2024-10-12T11:24:48.067+0800][info] GC(668)   Other: 0.2ms
[2024-10-12T11:24:48.067+0800][info] GC(668) Eden regions: 2->0(2)
[2024-10-12T11:24:48.067+0800][info] GC(668) Survivor regions: 1->1(1)
[2024-10-12T11:24:48.067+0800][info] GC(668) Old regions: 47->48
[2024-10-12T11:24:48.067+0800][info] GC(668) Archive regions: 2->2
[2024-10-12T11:24:48.067+0800][info] GC(668) Humongous regions: 3->3
[2024-10-12T11:24:48.067+0800][info] GC(668) Metaspace: 1695K(1856K)->1695K(1856K) NonClass: 1571K(1664K)->1571K(1664K) Class: 124K(192K)->124K(192K)
[2024-10-12T11:24:48.067+0800][info] GC(668) Pause Young (Normal) (G1 Evacuation Pause) 105M->105M(128M) 1.417ms
[2024-10-12T11:24:48.067+0800][info] GC(668) User=0.00s Sys=0.00s Real=0.00s
[2024-10-12T11:24:48.169+0800][info] GC(669) Pause Young (Normal) (G1 Evacuation Pause)
[2024-10-12T11:24:48.169+0800][info] GC(669) Using 3 workers of 48 for evacuation
[2024-10-12T11:24:48.170+0800][info] GC(669)   Pre Evacuate Collection Set: 0.1ms
[2024-10-12T11:24:48.170+0800][info] GC(669)   Merge Heap Roots: 0.0ms
[2024-10-12T11:24:48.170+0800][info] GC(669)   Evacuate Collection Set: 0.6ms
[2024-10-12T11:24:48.171+0800][info] GC(669)   Post Evacuate Collection Set: 0.2ms
[2024-10-12T11:24:48.171+0800][info] GC(669)   Other: 0.2ms
[2024-10-12T11:24:48.171+0800][info] GC(669) Eden regions: 2->0(2)
[2024-10-12T11:24:48.171+0800][info] GC(669) Survivor regions: 1->1(1)
[2024-10-12T11:24:48.171+0800][info] GC(669) Old regions: 48->50
[2024-10-12T11:24:48.171+0800][info] GC(669) Archive regions: 2->2
[2024-10-12T11:24:48.171+0800][info] GC(669) Humongous regions: 3->3
[2024-10-12T11:24:48.171+0800][info] GC(669) Metaspace: 1695K(1856K)->1695K(1856K) NonClass: 1571K(1664K)->1571K(1664K) Class: 124K(192K)->124K(192K)
[2024-10-12T11:24:48.171+0800][info] GC(669) Pause Young (Normal) (G1 Evacuation Pause) 109M->109M(128M) 1.299ms
[2024-10-12T11:24:48.171+0800][info] GC(669) User=0.00s Sys=0.00s Real=0.00s
[2024-10-12T11:24:48.273+0800][info] GC(670) Pause Young (Concurrent Start) (G1 Evacuation Pause)
[2024-10-12T11:24:48.273+0800][info] GC(670) Using 3 workers of 48 for evacuation
[2024-10-12T11:24:48.274+0800][info] GC(670)   Pre Evacuate Collection Set: 0.1ms
[2024-10-12T11:24:48.274+0800][info] GC(670)   Merge Heap Roots: 0.0ms
[2024-10-12T11:24:48.274+0800][info] GC(670)   Evacuate Collection Set: 0.8ms
[2024-10-12T11:24:48.274+0800][info] GC(670)   Post Evacuate Collection Set: 0.2ms
[2024-10-12T11:24:48.274+0800][info] GC(670)   Other: 0.3ms
[2024-10-12T11:24:48.274+0800][info] GC(670) Eden regions: 2->0(2)
[2024-10-12T11:24:48.274+0800][info] GC(670) Survivor regions: 1->1(1)
[2024-10-12T11:24:48.274+0800][info] GC(670) Old regions: 50->52
[2024-10-12T11:24:48.274+0800][info] GC(670) Archive regions: 2->2
[2024-10-12T11:24:48.274+0800][info] GC(670) Humongous regions: 3->3
[2024-10-12T11:24:48.274+0800][info] GC(670) Metaspace: 1695K(1856K)->1695K(1856K) NonClass: 1571K(1664K)->1571K(1664K) Class: 124K(192K)->124K(192K)
[2024-10-12T11:24:48.275+0800][info] GC(670) Pause Young (Concurrent Start) (G1 Evacuation Pause) 112M->112M(128M) 1.611ms
[2024-10-12T11:24:48.275+0800][info] GC(670) User=0.00s Sys=0.01s Real=0.01s
[2024-10-12T11:24:48.275+0800][info] GC(671) Concurrent Mark Cycle
[2024-10-12T11:24:48.275+0800][info] GC(671) Concurrent Clear Claimed Marks
[2024-10-12T11:24:48.275+0800][info] GC(671) Concurrent Clear Claimed Marks 0.017ms
[2024-10-12T11:24:48.275+0800][info] GC(671) Concurrent Scan Root Regions
[2024-10-12T11:24:48.275+0800][info] GC(671) Concurrent Scan Root Regions 0.156ms
[2024-10-12T11:24:48.275+0800][info] GC(671) Concurrent Mark
[2024-10-12T11:24:48.275+0800][info] GC(671) Concurrent Mark From Roots
[2024-10-12T11:24:48.275+0800][info] GC(671) Using 12 workers of 12 for marking
[2024-10-12T11:24:48.279+0800][info] GC(671) Concurrent Mark From Roots 4.046ms
[2024-10-12T11:24:48.279+0800][info] GC(671) Concurrent Preclean
[2024-10-12T11:24:48.281+0800][info] GC(671) Concurrent Preclean 1.690ms
[2024-10-12T11:24:48.281+0800][info] GC(671) Pause Remark
[2024-10-12T11:24:48.282+0800][info] GC(671) Pause Remark 112M->112M(128M) 1.558ms
[2024-10-12T11:24:48.282+0800][info] GC(671) User=0.01s Sys=0.00s Real=0.00s
[2024-10-12T11:24:48.282+0800][info] GC(671) Concurrent Mark 7.558ms
[2024-10-12T11:24:48.282+0800][info] GC(671) Concurrent Rebuild Remembered Sets
[2024-10-12T11:24:48.284+0800][info] GC(671) Concurrent Rebuild Remembered Sets 1.744ms
[2024-10-12T11:24:48.284+0800][info] GC(671) Pause Cleanup
[2024-10-12T11:24:48.285+0800][info] GC(671) Pause Cleanup 112M->112M(128M) 0.199ms
[2024-10-12T11:24:48.285+0800][info] GC(671) User=0.00s Sys=0.00s Real=0.00s
[2024-10-12T11:24:48.285+0800][info] GC(671) Concurrent Cleanup for Next Mark
[2024-10-12T11:24:48.285+0800][info] GC(671) Concurrent Cleanup for Next Mark 0.424ms
[2024-10-12T11:24:48.285+0800][info] GC(671) Concurrent Mark Cycle 10.471ms
[2024-10-12T11:24:48.427+0800][info] GC(672) Pause Young (Prepare Mixed) (G1 Preventive Collection)
[2024-10-12T11:24:48.427+0800][info] GC(672) Using 3 workers of 48 for evacuation
[2024-10-12T11:24:48.429+0800][info] GC(672)   Pre Evacuate Collection Set: 0.1ms
[2024-10-12T11:24:48.429+0800][info] GC(672)   Merge Heap Roots: 0.1ms
[2024-10-12T11:24:48.429+0800][info] GC(672)   Evacuate Collection Set: 0.8ms
[2024-10-12T11:24:48.429+0800][info] GC(672)   Post Evacuate Collection Set: 0.2ms
[2024-10-12T11:24:48.429+0800][info] GC(672)   Other: 0.2ms
[2024-10-12T11:24:48.429+0800][info] GC(672) Eden regions: 2->0(2)
[2024-10-12T11:24:48.429+0800][info] GC(672) Survivor regions: 1->1(1)
[2024-10-12T11:24:48.429+0800][info] GC(672) Old regions: 52->53
[2024-10-12T11:24:48.429+0800][info] GC(672) Archive regions: 2->2
[2024-10-12T11:24:48.429+0800][info] GC(672) Humongous regions: 3->3
[2024-10-12T11:24:48.429+0800][info] GC(672) Metaspace: 1695K(1856K)->1695K(1856K) NonClass: 1571K(1664K)->1571K(1664K) Class: 124K(192K)->124K(192K)
[2024-10-12T11:24:48.429+0800][info] GC(672) Pause Young (Prepare Mixed) (G1 Preventive Collection) 115M->115M(128M) 1.478ms
[2024-10-12T11:24:48.429+0800][info] GC(672) User=0.00s Sys=0.00s Real=0.00s
[2024-10-12T11:24:48.491+0800][info] GC(673) Pause Young (Mixed) (G1 Preventive Collection)
[2024-10-12T11:24:48.491+0800][info] GC(673) Using 3 workers of 48 for evacuation
[2024-10-12T11:24:48.492+0800][info] GC(673)   Pre Evacuate Collection Set: 0.2ms
[2024-10-12T11:24:48.492+0800][info] GC(673)   Merge Heap Roots: 0.1ms
[2024-10-12T11:24:48.492+0800][info] GC(673)   Evacuate Collection Set: 1.2ms
[2024-10-12T11:24:48.492+0800][info] GC(673)   Post Evacuate Collection Set: 0.2ms
[2024-10-12T11:24:48.492+0800][info] GC(673)   Other: 0.2ms
[2024-10-12T11:24:48.492+0800][info] GC(673) Eden regions: 1->0(2)
[2024-10-12T11:24:48.492+0800][info] GC(673) Survivor regions: 1->1(1)
[2024-10-12T11:24:48.492+0800][info] GC(673) Old regions: 53->50
[2024-10-12T11:24:48.492+0800][info] GC(673) Archive regions: 2->2
[2024-10-12T11:24:48.492+0800][info] GC(673) Humongous regions: 3->3
[2024-10-12T11:24:48.492+0800][info] GC(673) Metaspace: 1695K(1856K)->1695K(1856K) NonClass: 1571K(1664K)->1571K(1664K) Class: 124K(192K)->124K(192K)
[2024-10-12T11:24:48.493+0800][info] GC(673) Pause Young (Mixed) (G1 Preventive Collection) 117M->109M(128M) 1.922ms
[2024-10-12T11:24:48.493+0800][info] GC(673) User=0.01s Sys=0.00s Real=0.00s
[2024-10-12T11:24:48.594+0800][info] GC(674) Pause Young (Mixed) (G1 Preventive Collection)
[2024-10-12T11:24:48.595+0800][info] GC(674) Using 3 workers of 48 for evacuation
[2024-10-12T11:24:48.597+0800][info] GC(674)   Pre Evacuate Collection Set: 0.2ms
[2024-10-12T11:24:48.597+0800][info] GC(674)   Merge Heap Roots: 0.1ms
[2024-10-12T11:24:48.597+0800][info] GC(674)   Evacuate Collection Set: 1.7ms
[2024-10-12T11:24:48.597+0800][info] GC(674)   Post Evacuate Collection Set: 0.2ms
[2024-10-12T11:24:48.597+0800][info] GC(674)   Other: 0.1ms
[2024-10-12T11:24:48.597+0800][info] GC(674) Eden regions: 2->0(2)
[2024-10-12T11:24:48.597+0800][info] GC(674) Survivor regions: 1->1(1)
[2024-10-12T11:24:48.597+0800][info] GC(674) Old regions: 50->49
[2024-10-12T11:24:48.597+0800][info] GC(674) Archive regions: 2->2
[2024-10-12T11:24:48.597+0800][info] GC(674) Humongous regions: 3->3
[2024-10-12T11:24:48.597+0800][info] GC(674) Metaspace: 1695K(1856K)->1695K(1856K) NonClass: 1571K(1664K)->1571K(1664K) Class: 124K(192K)->124K(192K)
[2024-10-12T11:24:48.597+0800][info] GC(674) Pause Young (Mixed) (G1 Preventive Collection) 113M->106M(128M) 2.341ms
[2024-10-12T11:24:48.597+0800][info] GC(674) User=0.00s Sys=0.01s Real=0.00s
[2024-10-12T11:24:48.699+0800][info] GC(675) Pause Young (Mixed) (G1 Preventive Collection)
[2024-10-12T11:24:48.699+0800][info] GC(675) Using 3 workers of 48 for evacuation
[2024-10-12T11:24:48.702+0800][info] GC(675)   Pre Evacuate Collection Set: 0.2ms
[2024-10-12T11:24:48.702+0800][info] GC(675)   Merge Heap Roots: 0.1ms
[2024-10-12T11:24:48.702+0800][info] GC(675)   Evacuate Collection Set: 2.1ms
[2024-10-12T11:24:48.702+0800][info] GC(675)   Post Evacuate Collection Set: 0.2ms
[2024-10-12T11:24:48.702+0800][info] GC(675)   Other: 0.2ms
[2024-10-12T11:24:48.702+0800][info] GC(675) Eden regions: 2->0(2)
[2024-10-12T11:24:48.702+0800][info] GC(675) Survivor regions: 1->1(1)
[2024-10-12T11:24:48.702+0800][info] GC(675) Old regions: 49->48
[2024-10-12T11:24:48.702+0800][info] GC(675) Archive regions: 2->2
[2024-10-12T11:24:48.702+0800][info] GC(675) Humongous regions: 3->3
[2024-10-12T11:24:48.702+0800][info] GC(675) Metaspace: 1695K(1856K)->1695K(1856K) NonClass: 1571K(1664K)->1571K(1664K) Class: 124K(192K)->124K(192K)
[2024-10-12T11:24:48.702+0800][info] GC(675) Pause Young (Mixed) (G1 Preventive Collection) 109M->104M(128M) 2.856ms
[2024-10-12T11:24:48.702+0800][info] GC(675) User=0.01s Sys=0.00s Real=0.00s
[2024-10-12T11:24:48.804+0800][info] GC(676) Pause Young (Mixed) (G1 Preventive Collection)
[2024-10-12T11:24:48.804+0800][info] GC(676) Using 3 workers of 48 for evacuation
[2024-10-12T11:24:48.807+0800][info] GC(676)   Pre Evacuate Collection Set: 0.2ms
[2024-10-12T11:24:48.807+0800][info] GC(676)   Merge Heap Roots: 0.1ms
[2024-10-12T11:24:48.807+0800][info] GC(676)   Evacuate Collection Set: 2.3ms
[2024-10-12T11:24:48.807+0800][info] GC(676)   Post Evacuate Collection Set: 0.2ms
[2024-10-12T11:24:48.807+0800][info] GC(676)   Other: 0.1ms
[2024-10-12T11:24:48.807+0800][info] GC(676) Eden regions: 2->0(2)
[2024-10-12T11:24:48.807+0800][info] GC(676) Survivor regions: 1->1(1)
[2024-10-12T11:24:48.807+0800][info] GC(676) Old regions: 48->47
[2024-10-12T11:24:48.807+0800][info] GC(676) Archive regions: 2->2
[2024-10-12T11:24:48.807+0800][info] GC(676) Humongous regions: 3->3
[2024-10-12T11:24:48.807+0800][info] GC(676) Metaspace: 1695K(1856K)->1695K(1856K) NonClass: 1571K(1664K)->1571K(1664K) Class: 124K(192K)->124K(192K)
[2024-10-12T11:24:48.807+0800][info] GC(676) Pause Young (Mixed) (G1 Preventive Collection) 107M->103M(128M) 2.984ms
[2024-10-12T11:24:48.807+0800][info] GC(676) User=0.01s Sys=0.00s Real=0.01s
[2024-10-12T11:24:48.909+0800][info] GC(677) Pause Young (Mixed) (G1 Evacuation Pause)
[2024-10-12T11:24:48.909+0800][info] GC(677) Using 3 workers of 48 for evacuation
[2024-10-12T11:24:48.913+0800][info] GC(677)   Pre Evacuate Collection Set: 0.4ms
[2024-10-12T11:24:48.913+0800][info] GC(677)   Merge Heap Roots: 0.1ms
[2024-10-12T11:24:48.913+0800][info] GC(677)   Evacuate Collection Set: 2.4ms
[2024-10-12T11:24:48.913+0800][info] GC(677)   Post Evacuate Collection Set: 0.2ms
[2024-10-12T11:24:48.913+0800][info] GC(677)   Other: 0.2ms
[2024-10-12T11:24:48.913+0800][info] GC(677) Eden regions: 2->0(2)
[2024-10-12T11:24:48.913+0800][info] GC(677) Survivor regions: 1->1(1)
[2024-10-12T11:24:48.913+0800][info] GC(677) Old regions: 47->47
[2024-10-12T11:24:48.913+0800][info] GC(677) Archive regions: 2->2
[2024-10-12T11:24:48.913+0800][info] GC(677) Humongous regions: 3->3
[2024-10-12T11:24:48.913+0800][info] GC(677) Metaspace: 1695K(1856K)->1695K(1856K) NonClass: 1571K(1664K)->1571K(1664K) Class: 124K(192K)->124K(192K)
[2024-10-12T11:24:48.913+0800][info] GC(677) Pause Young (Mixed) (G1 Evacuation Pause) 106M->103M(128M) 3.364ms
[2024-10-12T11:24:48.913+0800][info] GC(677) User=0.01s Sys=0.00s Real=0.00s
[2024-10-12T11:24:49.015+0800][info] GC(678) Pause Young (Mixed) (G1 Preventive Collection)
[2024-10-12T11:24:49.015+0800][info] GC(678) Using 3 workers of 48 for evacuation
[2024-10-12T11:24:49.018+0800][info] GC(678)   Pre Evacuate Collection Set: 0.2ms
[2024-10-12T11:24:49.018+0800][info] GC(678)   Merge Heap Roots: 0.1ms
[2024-10-12T11:24:49.018+0800][info] GC(678)   Evacuate Collection Set: 2.2ms
[2024-10-12T11:24:49.018+0800][info] GC(678)   Post Evacuate Collection Set: 0.2ms
[2024-10-12T11:24:49.018+0800][info] GC(678)   Other: 0.2ms
[2024-10-12T11:24:49.018+0800][info] GC(678) Eden regions: 2->0(2)
[2024-10-12T11:24:49.018+0800][info] GC(678) Survivor regions: 1->1(1)
[2024-10-12T11:24:49.018+0800][info] GC(678) Old regions: 47->46
[2024-10-12T11:24:49.018+0800][info] GC(678) Archive regions: 2->2
[2024-10-12T11:24:49.018+0800][info] GC(678) Humongous regions: 3->3
[2024-10-12T11:24:49.018+0800][info] GC(678) Metaspace: 1695K(1856K)->1695K(1856K) NonClass: 1571K(1664K)->1571K(1664K) Class: 124K(192K)->124K(192K)
[2024-10-12T11:24:49.018+0800][info] GC(678) Pause Young (Mixed) (G1 Preventive Collection) 106M->101M(128M) 2.937ms
[2024-10-12T11:24:49.018+0800][info] GC(678) User=0.00s Sys=0.00s Real=0.00s
[2024-10-12T11:24:49.120+0800][info] GC(679) Pause Young (Mixed) (G1 Preventive Collection)
[2024-10-12T11:24:49.120+0800][info] GC(679) Using 3 workers of 48 for evacuation
[2024-10-12T11:24:49.124+0800][info] GC(679)   Pre Evacuate Collection Set: 0.2ms
[2024-10-12T11:24:49.124+0800][info] GC(679)   Merge Heap Roots: 0.1ms
[2024-10-12T11:24:49.124+0800][info] GC(679)   Evacuate Collection Set: 3.3ms
[2024-10-12T11:24:49.124+0800][info] GC(679)   Post Evacuate Collection Set: 0.3ms
[2024-10-12T11:24:49.124+0800][info] GC(679)   Other: 0.2ms
[2024-10-12T11:24:49.124+0800][info] GC(679) Eden regions: 2->0(2)
[2024-10-12T11:24:49.124+0800][info] GC(679) Survivor regions: 1->1(1)
[2024-10-12T11:24:49.124+0800][info] GC(679) Old regions: 46->46
[2024-10-12T11:24:49.124+0800][info] GC(679) Archive regions: 2->2
[2024-10-12T11:24:49.124+0800][info] GC(679) Humongous regions: 3->3
[2024-10-12T11:24:49.124+0800][info] GC(679) Metaspace: 1695K(1856K)->1695K(1856K) NonClass: 1571K(1664K)->1571K(1664K) Class: 124K(192K)->124K(192K)
[2024-10-12T11:24:49.124+0800][info] GC(679) Pause Young (Mixed) (G1 Preventive Collection) 104M->100M(128M) 4.091ms
[2024-10-12T11:24:49.124+0800][info] GC(679) User=0.01s Sys=0.00s Real=0.00s
[2024-10-12T11:24:49.226+0800][info] GC(680) Pause Young (Normal) (G1 Evacuation Pause)
[2024-10-12T11:24:49.226+0800][info] GC(680) Using 3 workers of 48 for evacuation
[2024-10-12T11:24:49.227+0800][info] GC(680)   Pre Evacuate Collection Set: 0.1ms
[2024-10-12T11:24:49.227+0800][info] GC(680)   Merge Heap Roots: 0.0ms
[2024-10-12T11:24:49.227+0800][info] GC(680)   Evacuate Collection Set: 0.7ms
[2024-10-12T11:24:49.227+0800][info] GC(680)   Post Evacuate Collection Set: 0.2ms
[2024-10-12T11:24:49.227+0800][info] GC(680)   Other: 0.2ms
[2024-10-12T11:24:49.227+0800][info] GC(680) Eden regions: 2->0(2)
[2024-10-12T11:24:49.227+0800][info] GC(680) Survivor regions: 1->1(1)
[2024-10-12T11:24:49.227+0800][info] GC(680) Old regions: 46->48
[2024-10-12T11:24:49.227+0800][info] GC(680) Archive regions: 2->2
[2024-10-12T11:24:49.228+0800][info] GC(680) Humongous regions: 3->3
[2024-10-12T11:24:49.228+0800][info] GC(680) Metaspace: 1695K(1856K)->1695K(1856K) NonClass: 1571K(1664K)->1571K(1664K) Class: 124K(192K)->124K(192K)
[2024-10-12T11:24:49.228+0800][info] GC(680) Pause Young (Normal) (G1 Evacuation Pause) 104M->104M(128M) 1.407ms
[2024-10-12T11:24:49.228+0800][info] GC(680) User=0.00s Sys=0.00s Real=0.00s
[2024-10-12T11:24:49.290+0800][info] Heap
[2024-10-12T11:24:49.290+0800][info]  garbage-first heap   total 131072K, used 109070K [0x00000000f8000000, 0x0000000100000000)
[2024-10-12T11:24:49.290+0800][info]   region size 2048K, 2 young (4096K), 1 survivors (2048K)
[2024-10-12T11:24:49.290+0800][info]  Metaspace       used 1696K, committed 1856K, reserved 1114112K
[2024-10-12T11:24:49.290+0800][info]   class space    used 124K, committed 192K, reserved 1048576K
