[2024-09-08T16:13:32.405+0800][info] Using G1
[2024-09-08T16:13:32.407+0800][info] Version: 17.0.11-internal+0-adhoc.cxl.TencentKona-17-TencentKona-17.0.11 (release)
[2024-09-08T16:13:32.407+0800][info] CPUs: 72 total, 72 available
[2024-09-08T16:13:32.407+0800][info] Memory: 125G
[2024-09-08T16:13:32.407+0800][info] Large Page Support: Disabled
[2024-09-08T16:13:32.407+0800][info] NUMA Support: Disabled
[2024-09-08T16:13:32.407+0800][info] Compressed Oops: Enabled (32-bit)
[2024-09-08T16:13:32.407+0800][info] Heap Region Size: 4M
[2024-09-08T16:13:32.407+0800][info] Heap Min Capacity: 128M
[2024-09-08T16:13:32.407+0800][info] Heap Initial Capacity: 128M
[2024-09-08T16:13:32.407+0800][info] Heap Max Capacity: 128M
[2024-09-08T16:13:32.407+0800][info] Pre-touch: Disabled
[2024-09-08T16:13:32.407+0800][info] Parallel Workers: 48
[2024-09-08T16:13:32.407+0800][info] Concurrent Workers: 12
[2024-09-08T16:13:32.407+0800][info] Concurrent Refinement Workers: 48
[2024-09-08T16:13:32.407+0800][info] Periodic GC: Disabled
[2024-09-08T16:13:32.416+0800][info] CDS archive(s) mapped at: [0x000079ed1b000000-0x000079ed1bbc7000-0x000079ed1bbc7000), size 12349440, SharedBaseAddress: 0x000079ed1b000000, ArchiveRelocationMode: 1.
[2024-09-08T16:13:32.417+0800][info] Compressed class space mapped at: 0x000079ed1c000000-0x000079ed5c000000, reserved size: 1073741824
[2024-09-08T16:13:32.417+0800][info] Narrow klass base: 0x000079ed1b000000, Narrow klass shift: 0, Narrow klass range: 0x100000000
[2024-09-08T16:13:32.746+0800][info] GC(0) Pause Young (Normal) (G1 Evacuation Pause)
[2024-09-08T16:13:32.747+0800][info] GC(0) Using 3 workers of 48 for evacuation
[2024-09-08T16:13:32.749+0800][info] GC(0)   Pre Evacuate Collection Set: 0.0ms
[2024-09-08T16:13:32.749+0800][info] GC(0)   Merge Heap Roots: 0.0ms
[2024-09-08T16:13:32.749+0800][info] GC(0)   Evacuate Collection Set: 1.8ms
[2024-09-08T16:13:32.749+0800][info] GC(0)   Post Evacuate Collection Set: 0.7ms
[2024-09-08T16:13:32.749+0800][info] GC(0)   Other: 0.6ms
[2024-09-08T16:13:32.749+0800][info] GC(0) Eden regions: 1->0(1)
[2024-09-08T16:13:32.749+0800][info] GC(0) Survivor regions: 0->1(1)
[2024-09-08T16:13:32.749+0800][info] GC(0) Old regions: 0->0
[2024-09-08T16:13:32.749+0800][info] GC(0) Archive regions: 2->2
[2024-09-08T16:13:32.749+0800][info] GC(0) Humongous regions: 0->0
[2024-09-08T16:13:32.749+0800][info] GC(0) Metaspace: 600K(704K)->600K(704K) NonClass: 548K(576K)->548K(576K) Class: 51K(128K)->51K(128K)
[2024-09-08T16:13:32.749+0800][info] GC(0) Pause Young (Normal) (G1 Evacuation Pause) 7M->7M(128M) 3.273ms
[2024-09-08T16:13:32.749+0800][info] GC(0) User=0.00s Sys=0.00s Real=0.00s
[2024-09-08T16:13:33.252+0800][info] GC(1) Pause Young (Normal) (G1 Evacuation Pause)
[2024-09-08T16:13:33.253+0800][info] GC(1) Using 3 workers of 48 for evacuation
[2024-09-08T16:13:33.256+0800][info] GC(1)   Pre Evacuate Collection Set: 0.0ms
[2024-09-08T16:13:33.257+0800][info] GC(1)   Merge Heap Roots: 0.0ms
[2024-09-08T16:13:33.257+0800][info] GC(1)   Evacuate Collection Set: 3.6ms
[2024-09-08T16:13:33.257+0800][info] GC(1)   Post Evacuate Collection Set: 0.1ms
[2024-09-08T16:13:33.257+0800][info] GC(1)   Other: 0.2ms
[2024-09-08T16:13:33.257+0800][info] GC(1) Eden regions: 1->0(1)
[2024-09-08T16:13:33.257+0800][info] GC(1) Survivor regions: 1->1(1)
[2024-09-08T16:13:33.257+0800][info] GC(1) Old regions: 0->1
[2024-09-08T16:13:33.257+0800][info] GC(1) Archive regions: 2->2
[2024-09-08T16:13:33.257+0800][info] GC(1) Humongous regions: 0->0
[2024-09-08T16:13:33.257+0800][info] GC(1) Metaspace: 600K(704K)->600K(704K) NonClass: 548K(576K)->548K(576K) Class: 51K(128K)->51K(128K)
[2024-09-08T16:13:33.257+0800][info] GC(1) Pause Young (Normal) (G1 Evacuation Pause) 11M->10M(128M) 4.194ms
[2024-09-08T16:13:33.257+0800][info] GC(1) User=0.00s Sys=0.01s Real=0.00s
[2024-09-08T16:13:33.760+0800][info] GC(2) Pause Young (Normal) (G1 Evacuation Pause)
[2024-09-08T16:13:33.760+0800][info] GC(2) Using 3 workers of 48 for evacuation
[2024-09-08T16:13:33.764+0800][info] GC(2)   Pre Evacuate Collection Set: 0.0ms
[2024-09-08T16:13:33.764+0800][info] GC(2)   Merge Heap Roots: 0.0ms
[2024-09-08T16:13:33.764+0800][info] GC(2)   Evacuate Collection Set: 3.2ms
[2024-09-08T16:13:33.764+0800][info] GC(2)   Post Evacuate Collection Set: 0.2ms
[2024-09-08T16:13:33.764+0800][info] GC(2)   Other: 0.2ms
[2024-09-08T16:13:33.764+0800][info] GC(2) Eden regions: 1->0(1)
[2024-09-08T16:13:33.764+0800][info] GC(2) Survivor regions: 1->1(1)
[2024-09-08T16:13:33.764+0800][info] GC(2) Old regions: 1->2
[2024-09-08T16:13:33.764+0800][info] GC(2) Archive regions: 2->2
[2024-09-08T16:13:33.764+0800][info] GC(2) Humongous regions: 0->0
[2024-09-08T16:13:33.764+0800][info] GC(2) Metaspace: 600K(704K)->600K(704K) NonClass: 548K(576K)->548K(576K) Class: 51K(128K)->51K(128K)
[2024-09-08T16:13:33.764+0800][info] GC(2) Pause Young (Normal) (G1 Evacuation Pause) 14M->14M(128M) 3.817ms
[2024-09-08T16:13:33.764+0800][info] GC(2) User=0.00s Sys=0.01s Real=0.00s
[2024-09-08T16:13:34.268+0800][info] GC(3) Pause Young (Normal) (G1 Evacuation Pause)
[2024-09-08T16:13:34.268+0800][info] GC(3) Using 3 workers of 48 for evacuation
[2024-09-08T16:13:34.271+0800][info] GC(3)   Pre Evacuate Collection Set: 0.0ms
[2024-09-08T16:13:34.271+0800][info] GC(3)   Merge Heap Roots: 0.0ms
[2024-09-08T16:13:34.271+0800][info] GC(3)   Evacuate Collection Set: 2.8ms
[2024-09-08T16:13:34.271+0800][info] GC(3)   Post Evacuate Collection Set: 0.2ms
[2024-09-08T16:13:34.271+0800][info] GC(3)   Other: 0.1ms
[2024-09-08T16:13:34.271+0800][info] GC(3) Eden regions: 1->0(1)
[2024-09-08T16:13:34.271+0800][info] GC(3) Survivor regions: 1->1(1)
[2024-09-08T16:13:34.271+0800][info] GC(3) Old regions: 2->3
[2024-09-08T16:13:34.271+0800][info] GC(3) Archive regions: 2->2
[2024-09-08T16:13:34.271+0800][info] GC(3) Humongous regions: 0->0
[2024-09-08T16:13:34.271+0800][info] GC(3) Metaspace: 600K(704K)->600K(704K) NonClass: 548K(576K)->548K(576K) Class: 51K(128K)->51K(128K)
[2024-09-08T16:13:34.271+0800][info] GC(3) Pause Young (Normal) (G1 Evacuation Pause) 18M->18M(128M) 3.298ms
[2024-09-08T16:13:34.271+0800][info] GC(3) User=0.00s Sys=0.01s Real=0.00s
[2024-09-08T16:13:34.769+0800][info] GC(4) Pause Young (Normal) (G1 Evacuation Pause)
[2024-09-08T16:13:34.769+0800][info] GC(4) Using 3 workers of 48 for evacuation
[2024-09-08T16:13:34.771+0800][info] GC(4)   Pre Evacuate Collection Set: 0.0ms
[2024-09-08T16:13:34.771+0800][info] GC(4)   Merge Heap Roots: 0.0ms
[2024-09-08T16:13:34.771+0800][info] GC(4)   Evacuate Collection Set: 1.6ms
[2024-09-08T16:13:34.771+0800][info] GC(4)   Post Evacuate Collection Set: 0.1ms
[2024-09-08T16:13:34.771+0800][info] GC(4)   Other: 0.1ms
[2024-09-08T16:13:34.771+0800][info] GC(4) Eden regions: 1->0(1)
[2024-09-08T16:13:34.771+0800][info] GC(4) Survivor regions: 1->1(1)
[2024-09-08T16:13:34.771+0800][info] GC(4) Old regions: 3->4
[2024-09-08T16:13:34.771+0800][info] GC(4) Archive regions: 2->2
[2024-09-08T16:13:34.771+0800][info] GC(4) Humongous regions: 0->0
[2024-09-08T16:13:34.771+0800][info] GC(4) Metaspace: 600K(704K)->600K(704K) NonClass: 548K(576K)->548K(576K) Class: 51K(128K)->51K(128K)
[2024-09-08T16:13:34.771+0800][info] GC(4) Pause Young (Normal) (G1 Evacuation Pause) 22M->22M(128M) 1.879ms
[2024-09-08T16:13:34.771+0800][info] GC(4) User=0.01s Sys=0.00s Real=0.00s
[2024-09-08T16:13:35.268+0800][info] GC(5) Pause Young (Normal) (G1 Evacuation Pause)
[2024-09-08T16:13:35.269+0800][info] GC(5) Using 3 workers of 48 for evacuation
[2024-09-08T16:13:35.272+0800][info] GC(5)   Pre Evacuate Collection Set: 0.1ms
[2024-09-08T16:13:35.272+0800][info] GC(5)   Merge Heap Roots: 0.0ms
[2024-09-08T16:13:35.272+0800][info] GC(5)   Evacuate Collection Set: 2.9ms
[2024-09-08T16:13:35.272+0800][info] GC(5)   Post Evacuate Collection Set: 0.2ms
[2024-09-08T16:13:35.272+0800][info] GC(5)   Other: 0.2ms
[2024-09-08T16:13:35.272+0800][info] GC(5) Eden regions: 1->0(2)
[2024-09-08T16:13:35.272+0800][info] GC(5) Survivor regions: 1->1(1)
[2024-09-08T16:13:35.272+0800][info] GC(5) Old regions: 4->5
[2024-09-08T16:13:35.272+0800][info] GC(5) Archive regions: 2->2
[2024-09-08T16:13:35.272+0800][info] GC(5) Humongous regions: 0->0
[2024-09-08T16:13:35.272+0800][info] GC(5) Metaspace: 600K(704K)->600K(704K) NonClass: 548K(576K)->548K(576K) Class: 51K(128K)->51K(128K)
[2024-09-08T16:13:35.272+0800][info] GC(5) Pause Young (Normal) (G1 Evacuation Pause) 26M->26M(128M) 3.482ms
[2024-09-08T16:13:35.272+0800][info] GC(5) User=0.00s Sys=0.01s Real=0.00s
[2024-09-08T16:13:36.282+0800][info] GC(6) Pause Young (Normal) (G1 Evacuation Pause)
[2024-09-08T16:13:36.283+0800][info] GC(6) Using 3 workers of 48 for evacuation
[2024-09-08T16:13:36.290+0800][info] GC(6)   Pre Evacuate Collection Set: 0.1ms
[2024-09-08T16:13:36.290+0800][info] GC(6)   Merge Heap Roots: 0.0ms
[2024-09-08T16:13:36.290+0800][info] GC(6)   Evacuate Collection Set: 7.2ms
[2024-09-08T16:13:36.290+0800][info] GC(6)   Post Evacuate Collection Set: 0.2ms
[2024-09-08T16:13:36.290+0800][info] GC(6)   Other: 0.2ms
[2024-09-08T16:13:36.290+0800][info] GC(6) Eden regions: 2->0(3)
[2024-09-08T16:13:36.290+0800][info] GC(6) Survivor regions: 1->1(1)
[2024-09-08T16:13:36.290+0800][info] GC(6) Old regions: 5->7
[2024-09-08T16:13:36.290+0800][info] GC(6) Archive regions: 2->2
[2024-09-08T16:13:36.290+0800][info] GC(6) Humongous regions: 0->0
[2024-09-08T16:13:36.290+0800][info] GC(6) Metaspace: 600K(704K)->600K(704K) NonClass: 548K(576K)->548K(576K) Class: 51K(128K)->51K(128K)
[2024-09-08T16:13:36.290+0800][info] GC(6) Pause Young (Normal) (G1 Evacuation Pause) 34M->34M(128M) 7.857ms
[2024-09-08T16:13:36.290+0800][info] GC(6) User=0.00s Sys=0.02s Real=0.01s
[2024-09-08T16:13:37.800+0800][info] GC(7) Pause Young (Normal) (G1 Evacuation Pause)
[2024-09-08T16:13:37.800+0800][info] GC(7) Using 3 workers of 48 for evacuation
[2024-09-08T16:13:37.810+0800][info] GC(7)   Pre Evacuate Collection Set: 0.1ms
[2024-09-08T16:13:37.810+0800][info] GC(7)   Merge Heap Roots: 0.0ms
[2024-09-08T16:13:37.810+0800][info] GC(7)   Evacuate Collection Set: 9.6ms
[2024-09-08T16:13:37.810+0800][info] GC(7)   Post Evacuate Collection Set: 0.2ms
[2024-09-08T16:13:37.810+0800][info] GC(7)   Other: 0.2ms
[2024-09-08T16:13:37.810+0800][info] GC(7) Eden regions: 3->0(3)
[2024-09-08T16:13:37.810+0800][info] GC(7) Survivor regions: 1->1(1)
[2024-09-08T16:13:37.810+0800][info] GC(7) Old regions: 7->10
[2024-09-08T16:13:37.810+0800][info] GC(7) Archive regions: 2->2
[2024-09-08T16:13:37.810+0800][info] GC(7) Humongous regions: 0->0
[2024-09-08T16:13:37.810+0800][info] GC(7) Metaspace: 600K(704K)->600K(704K) NonClass: 548K(576K)->548K(576K) Class: 51K(128K)->51K(128K)
[2024-09-08T16:13:37.810+0800][info] GC(7) Pause Young (Normal) (G1 Evacuation Pause) 46M->46M(128M) 10.242ms
[2024-09-08T16:13:37.810+0800][info] GC(7) User=0.00s Sys=0.03s Real=0.01s
[2024-09-08T16:13:39.322+0800][info] GC(8) Pause Young (Normal) (G1 Evacuation Pause)
[2024-09-08T16:13:39.322+0800][info] GC(8) Using 3 workers of 48 for evacuation
[2024-09-08T16:13:39.330+0800][info] GC(8)   Pre Evacuate Collection Set: 0.1ms
[2024-09-08T16:13:39.330+0800][info] GC(8)   Merge Heap Roots: 0.0ms
[2024-09-08T16:13:39.330+0800][info] GC(8)   Evacuate Collection Set: 7.6ms
[2024-09-08T16:13:39.330+0800][info] GC(8)   Post Evacuate Collection Set: 0.2ms
[2024-09-08T16:13:39.330+0800][info] GC(8)   Other: 0.2ms
[2024-09-08T16:13:39.330+0800][info] GC(8) Eden regions: 3->0(4)
[2024-09-08T16:13:39.330+0800][info] GC(8) Survivor regions: 1->1(1)
[2024-09-08T16:13:39.330+0800][info] GC(8) Old regions: 10->13
[2024-09-08T16:13:39.330+0800][info] GC(8) Archive regions: 2->2
[2024-09-08T16:13:39.330+0800][info] GC(8) Humongous regions: 0->0
[2024-09-08T16:13:39.330+0800][info] GC(8) Metaspace: 600K(704K)->600K(704K) NonClass: 548K(576K)->548K(576K) Class: 51K(128K)->51K(128K)
[2024-09-08T16:13:39.330+0800][info] GC(8) Pause Young (Normal) (G1 Evacuation Pause) 58M->58M(128M) 8.257ms
[2024-09-08T16:13:39.330+0800][info] GC(8) User=0.02s Sys=0.00s Real=0.01s
[2024-09-08T16:13:41.335+0800][info] GC(9) Pause Young (Concurrent Start) (G1 Evacuation Pause)
[2024-09-08T16:13:41.335+0800][info] GC(9) Using 3 workers of 48 for evacuation
[2024-09-08T16:13:41.349+0800][info] GC(9)   Pre Evacuate Collection Set: 0.1ms
[2024-09-08T16:13:41.349+0800][info] GC(9)   Merge Heap Roots: 0.0ms
[2024-09-08T16:13:41.349+0800][info] GC(9)   Evacuate Collection Set: 12.0ms
[2024-09-08T16:13:41.349+0800][info] GC(9)   Post Evacuate Collection Set: 0.2ms
[2024-09-08T16:13:41.349+0800][info] GC(9)   Other: 1.1ms
[2024-09-08T16:13:41.349+0800][info] GC(9) Eden regions: 4->0(3)
[2024-09-08T16:13:41.349+0800][info] GC(9) Survivor regions: 1->1(1)
[2024-09-08T16:13:41.349+0800][info] GC(9) Old regions: 13->17
[2024-09-08T16:13:41.349+0800][info] GC(9) Archive regions: 2->2
[2024-09-08T16:13:41.349+0800][info] GC(9) Humongous regions: 0->0
[2024-09-08T16:13:41.349+0800][info] GC(9) Metaspace: 600K(704K)->600K(704K) NonClass: 548K(576K)->548K(576K) Class: 51K(128K)->51K(128K)
[2024-09-08T16:13:41.349+0800][info] GC(9) Pause Young (Concurrent Start) (G1 Evacuation Pause) 74M->74M(128M) 13.595ms
[2024-09-08T16:13:41.349+0800][info] GC(9) User=0.02s Sys=0.02s Real=0.02s
[2024-09-08T16:13:41.349+0800][info] GC(10) Concurrent Mark Cycle
[2024-09-08T16:13:41.349+0800][info] GC(10) Concurrent Clear Claimed Marks
[2024-09-08T16:13:41.349+0800][info] GC(10) Concurrent Clear Claimed Marks 0.018ms
[2024-09-08T16:13:41.349+0800][info] GC(10) Concurrent Scan Root Regions
[2024-09-08T16:13:41.351+0800][info] GC(10) Concurrent Scan Root Regions 2.229ms
[2024-09-08T16:13:41.351+0800][info] GC(10) Concurrent Mark
[2024-09-08T16:13:41.351+0800][info] GC(10) Concurrent Mark From Roots
[2024-09-08T16:13:41.352+0800][info] GC(10) Using 12 workers of 12 for marking
[2024-09-08T16:13:41.354+0800][info] GC(10) Concurrent Mark From Roots 3.102ms
[2024-09-08T16:13:41.354+0800][info] GC(10) Concurrent Preclean
[2024-09-08T16:13:41.356+0800][info] GC(10) Concurrent Preclean 1.736ms
[2024-09-08T16:13:41.356+0800][info] GC(10) Pause Remark
[2024-09-08T16:13:41.357+0800][info] GC(10) Pause Remark 75M->75M(128M) 0.754ms
[2024-09-08T16:13:41.357+0800][info] GC(10) User=0.00s Sys=0.01s Real=0.01s
[2024-09-08T16:13:41.357+0800][info] GC(10) Concurrent Mark 5.726ms
[2024-09-08T16:13:41.357+0800][info] GC(10) Concurrent Rebuild Remembered Sets
[2024-09-08T16:13:41.361+0800][info] GC(10) Concurrent Rebuild Remembered Sets 4.281ms
[2024-09-08T16:13:41.361+0800][info] GC(10) Pause Cleanup
[2024-09-08T16:13:41.362+0800][info] GC(10) Pause Cleanup 75M->75M(128M) 0.224ms
[2024-09-08T16:13:41.362+0800][info] GC(10) User=0.00s Sys=0.00s Real=0.00s
[2024-09-08T16:13:41.362+0800][info] GC(10) Concurrent Cleanup for Next Mark
[2024-09-08T16:13:41.363+0800][info] GC(10) Concurrent Cleanup for Next Mark 1.020ms
[2024-09-08T16:13:41.363+0800][info] GC(10) Concurrent Mark Cycle 13.761ms
[2024-09-08T16:13:42.702+0800][info] GC(11) Pause Young (Concurrent Start) (G1 Humongous Allocation)
[2024-09-08T16:13:42.702+0800][info] GC(11) Using 3 workers of 48 for evacuation
[2024-09-08T16:13:42.710+0800][info] GC(11)   Pre Evacuate Collection Set: 0.1ms
[2024-09-08T16:13:42.710+0800][info] GC(11)   Merge Heap Roots: 0.0ms
[2024-09-08T16:13:42.710+0800][info] GC(11)   Evacuate Collection Set: 7.0ms
[2024-09-08T16:13:42.710+0800][info] GC(11)   Post Evacuate Collection Set: 0.7ms
[2024-09-08T16:13:42.710+0800][info] GC(11)   Other: 0.3ms
[2024-09-08T16:13:42.710+0800][info] GC(11) Eden regions: 3->0(2)
[2024-09-08T16:13:42.710+0800][info] GC(11) Survivor regions: 1->1(1)
[2024-09-08T16:13:42.710+0800][info] GC(11) Old regions: 17->20
[2024-09-08T16:13:42.710+0800][info] GC(11) Archive regions: 2->2
[2024-09-08T16:13:42.710+0800][info] GC(11) Humongous regions: 0->0
[2024-09-08T16:13:42.710+0800][info] GC(11) Metaspace: 600K(704K)->600K(704K) NonClass: 548K(576K)->548K(576K) Class: 51K(128K)->51K(128K)
[2024-09-08T16:13:42.710+0800][info] GC(11) Pause Young (Concurrent Start) (G1 Humongous Allocation) 85M->85M(128M) 8.299ms
[2024-09-08T16:13:42.710+0800][info] GC(11) User=0.02s Sys=0.01s Real=0.01s
[2024-09-08T16:13:42.710+0800][info] GC(12) Concurrent Mark Cycle
[2024-09-08T16:13:42.710+0800][info] GC(12) Concurrent Clear Claimed Marks
[2024-09-08T16:13:42.710+0800][info] GC(12) Concurrent Clear Claimed Marks 0.018ms
[2024-09-08T16:13:42.710+0800][info] GC(12) Concurrent Scan Root Regions
[2024-09-08T16:13:42.710+0800][info] GC(12) Concurrent Scan Root Regions 0.397ms
[2024-09-08T16:13:42.710+0800][info] GC(12) Concurrent Mark
[2024-09-08T16:13:42.710+0800][info] GC(13) Pause Young (Normal) (G1 Humongous Allocation)
[2024-09-08T16:13:42.710+0800][info] GC(13) Using 3 workers of 48 for evacuation
[2024-09-08T16:13:42.710+0800][info] GC(12) Concurrent Mark From Roots
[2024-09-08T16:13:42.710+0800][info] GC(12) Using 12 workers of 12 for marking
[2024-09-08T16:13:42.713+0800][info] GC(13)   Pre Evacuate Collection Set: 0.5ms
[2024-09-08T16:13:42.713+0800][info] GC(13)   Merge Heap Roots: 0.0ms
[2024-09-08T16:13:42.713+0800][info] GC(13)   Evacuate Collection Set: 2.5ms
[2024-09-08T16:13:42.713+0800][info] GC(13)   Post Evacuate Collection Set: 0.2ms
[2024-09-08T16:13:42.713+0800][info] GC(13)   Other: 0.1ms
[2024-09-08T16:13:42.713+0800][info] GC(13) Eden regions: 0->0(2)
[2024-09-08T16:13:42.713+0800][info] GC(13) Survivor regions: 1->0(1)
[2024-09-08T16:13:42.713+0800][info] GC(13) Old regions: 20->21
[2024-09-08T16:13:42.713+0800][info] GC(13) Archive regions: 2->2
[2024-09-08T16:13:42.713+0800][info] GC(13) Humongous regions: 0->0
[2024-09-08T16:13:42.713+0800][info] GC(13) Metaspace: 600K(704K)->600K(704K) NonClass: 548K(576K)->548K(576K) Class: 51K(128K)->51K(128K)
[2024-09-08T16:13:42.714+0800][info] GC(13) Pause Young (Normal) (G1 Humongous Allocation) 85M->85M(128M) 3.106ms
[2024-09-08T16:13:42.714+0800][info] GC(13) User=0.00s Sys=0.00s Real=0.00s
[2024-09-08T16:13:42.714+0800][info] Attempting full compaction
[2024-09-08T16:13:42.714+0800][info] GC(14) Using 1 workers of 48 for full compaction
[2024-09-08T16:13:42.714+0800][info] GC(14) Pause Full (G1 Compaction Pause)
[2024-09-08T16:13:42.714+0800][info] GC(14) Phase 1: Mark live objects
[2024-09-08T16:13:42.718+0800][info] GC(14) Phase 1: Mark live objects 3.944ms
[2024-09-08T16:13:42.718+0800][info] GC(14) Phase 2: Prepare for compaction
[2024-09-08T16:13:42.719+0800][info] GC(14) Phase 2: Prepare for compaction 1.365ms
[2024-09-08T16:13:42.719+0800][info] GC(14) Phase 3: Adjust pointers
[2024-09-08T16:13:42.722+0800][info] GC(14) Phase 3: Adjust pointers 2.555ms
[2024-09-08T16:13:42.722+0800][info] GC(14) Phase 4: Compact heap
[2024-09-08T16:13:42.723+0800][info] GC(14) Phase 4: Compact heap 0.817ms
[2024-09-08T16:13:42.724+0800][info] GC(14) Eden regions: 0->0(8)
[2024-09-08T16:13:42.724+0800][info] GC(14) Survivor regions: 0->0(1)
[2024-09-08T16:13:42.724+0800][info] GC(14) Old regions: 21->1
[2024-09-08T16:13:42.724+0800][info] GC(14) Archive regions: 2->2
[2024-09-08T16:13:42.724+0800][info] GC(14) Humongous regions: 0->0
[2024-09-08T16:13:42.724+0800][info] GC(14) Metaspace: 600K(704K)->600K(704K) NonClass: 548K(576K)->548K(576K) Class: 51K(128K)->51K(128K)
[2024-09-08T16:13:42.724+0800][info] GC(14) Pause Full (G1 Compaction Pause) 85M->4M(128M) 10.663ms
[2024-09-08T16:13:42.724+0800][info] GC(14) User=0.01s Sys=0.01s Real=0.01s
[2024-09-08T16:13:42.725+0800][info] GC(12) Concurrent Mark From Roots 14.244ms
[2024-09-08T16:13:42.725+0800][info] GC(12) Concurrent Mark Abort
[2024-09-08T16:13:42.725+0800][info] GC(12) Concurrent Mark Cycle 14.827ms
[2024-09-08T16:13:42.731+0800][info] GC(15) Pause Young (Concurrent Start) (G1 Humongous Allocation)
[2024-09-08T16:13:42.731+0800][info] GC(15) Using 3 workers of 48 for evacuation
[2024-09-08T16:13:42.731+0800][info] GC(15)   Pre Evacuate Collection Set: 0.1ms
[2024-09-08T16:13:42.731+0800][info] GC(15)   Merge Heap Roots: 0.0ms
[2024-09-08T16:13:42.731+0800][info] GC(15)   Evacuate Collection Set: 0.2ms
[2024-09-08T16:13:42.731+0800][info] GC(15)   Post Evacuate Collection Set: 0.2ms
[2024-09-08T16:13:42.731+0800][info] GC(15)   Other: 0.3ms
[2024-09-08T16:13:42.731+0800][info] GC(15) Eden regions: 1->0(1)
[2024-09-08T16:13:42.731+0800][info] GC(15) Survivor regions: 0->1(1)
[2024-09-08T16:13:42.731+0800][info] GC(15) Old regions: 1->1
[2024-09-08T16:13:42.731+0800][info] GC(15) Archive regions: 2->2
[2024-09-08T16:13:42.732+0800][info] GC(15) Humongous regions: 11->0
[2024-09-08T16:13:42.732+0800][info] GC(15) Metaspace: 601K(704K)->601K(704K) NonClass: 549K(576K)->549K(576K) Class: 51K(128K)->51K(128K)
[2024-09-08T16:13:42.732+0800][info] GC(15) Pause Young (Concurrent Start) (G1 Humongous Allocation) 49M->4M(128M) 0.874ms
[2024-09-08T16:13:42.732+0800][info] GC(15) User=0.00s Sys=0.00s Real=0.00s
[2024-09-08T16:13:42.732+0800][info] GC(16) Concurrent Undo Cycle
[2024-09-08T16:13:42.732+0800][info] GC(16) Concurrent Cleanup for Next Mark
[2024-09-08T16:13:42.732+0800][info] GC(16) Concurrent Cleanup for Next Mark 0.238ms
[2024-09-08T16:13:42.732+0800][info] GC(16) Concurrent Undo Cycle 0.287ms
[2024-09-08T16:13:42.737+0800][info] GC(17) Pause Young (Concurrent Start) (G1 Humongous Allocation)
[2024-09-08T16:13:42.737+0800][info] GC(17) Using 3 workers of 48 for evacuation
[2024-09-08T16:13:42.738+0800][info] GC(17)   Pre Evacuate Collection Set: 0.0ms
[2024-09-08T16:13:42.738+0800][info] GC(17)   Merge Heap Roots: 0.0ms
[2024-09-08T16:13:42.738+0800][info] GC(17)   Evacuate Collection Set: 0.2ms
[2024-09-08T16:13:42.738+0800][info] GC(17)   Post Evacuate Collection Set: 0.2ms
[2024-09-08T16:13:42.738+0800][info] GC(17)   Other: 0.3ms
[2024-09-08T16:13:42.738+0800][info] GC(17) Eden regions: 1->0(1)
[2024-09-08T16:13:42.738+0800][info] GC(17) Survivor regions: 1->1(1)
[2024-09-08T16:13:42.738+0800][info] GC(17) Old regions: 1->1
[2024-09-08T16:13:42.738+0800][info] GC(17) Archive regions: 2->2
[2024-09-08T16:13:42.738+0800][info] GC(17) Humongous regions: 11->0
[2024-09-08T16:13:42.738+0800][info] GC(17) Metaspace: 601K(704K)->601K(704K) NonClass: 549K(576K)->549K(576K) Class: 51K(128K)->51K(128K)
[2024-09-08T16:13:42.738+0800][info] GC(17) Pause Young (Concurrent Start) (G1 Humongous Allocation) 49M->4M(128M) 0.893ms
[2024-09-08T16:13:42.738+0800][info] GC(17) User=0.00s Sys=0.00s Real=0.00s
[2024-09-08T16:13:42.738+0800][info] GC(18) Concurrent Undo Cycle
[2024-09-08T16:13:42.738+0800][info] GC(18) Concurrent Cleanup for Next Mark
[2024-09-08T16:13:42.739+0800][info] GC(18) Concurrent Cleanup for Next Mark 0.259ms
[2024-09-08T16:13:42.739+0800][info] GC(18) Concurrent Undo Cycle 0.302ms
[2024-09-08T16:13:42.744+0800][info] GC(19) Pause Young (Concurrent Start) (G1 Humongous Allocation)
[2024-09-08T16:13:42.744+0800][info] GC(19) Using 3 workers of 48 for evacuation
[2024-09-08T16:13:42.745+0800][info] GC(19)   Pre Evacuate Collection Set: 0.0ms
[2024-09-08T16:13:42.745+0800][info] GC(19)   Merge Heap Roots: 0.0ms
[2024-09-08T16:13:42.745+0800][info] GC(19)   Evacuate Collection Set: 0.3ms
[2024-09-08T16:13:42.745+0800][info] GC(19)   Post Evacuate Collection Set: 0.2ms
[2024-09-08T16:13:42.745+0800][info] GC(19)   Other: 0.2ms
[2024-09-08T16:13:42.745+0800][info] GC(19) Eden regions: 1->0(1)
[2024-09-08T16:13:42.745+0800][info] GC(19) Survivor regions: 1->1(1)
[2024-09-08T16:13:42.745+0800][info] GC(19) Old regions: 1->1
[2024-09-08T16:13:42.745+0800][info] GC(19) Archive regions: 2->2
[2024-09-08T16:13:42.745+0800][info] GC(19) Humongous regions: 11->0
[2024-09-08T16:13:42.745+0800][info] GC(19) Metaspace: 601K(704K)->601K(704K) NonClass: 549K(576K)->549K(576K) Class: 51K(128K)->51K(128K)
[2024-09-08T16:13:42.745+0800][info] GC(19) Pause Young (Concurrent Start) (G1 Humongous Allocation) 49M->4M(128M) 1.015ms
[2024-09-08T16:13:42.745+0800][info] GC(19) User=0.00s Sys=0.00s Real=0.01s
[2024-09-08T16:13:42.745+0800][info] GC(20) Concurrent Undo Cycle
[2024-09-08T16:13:42.745+0800][info] GC(20) Concurrent Cleanup for Next Mark
[2024-09-08T16:13:42.745+0800][info] GC(20) Concurrent Cleanup for Next Mark 0.263ms
[2024-09-08T16:13:42.745+0800][info] GC(20) Concurrent Undo Cycle 0.313ms
[2024-09-08T16:13:42.751+0800][info] GC(21) Pause Young (Concurrent Start) (G1 Humongous Allocation)
[2024-09-08T16:13:42.751+0800][info] GC(21) Using 3 workers of 48 for evacuation
[2024-09-08T16:13:42.752+0800][info] GC(21)   Pre Evacuate Collection Set: 0.0ms
[2024-09-08T16:13:42.752+0800][info] GC(21)   Merge Heap Roots: 0.0ms
[2024-09-08T16:13:42.752+0800][info] GC(21)   Evacuate Collection Set: 0.5ms
[2024-09-08T16:13:42.752+0800][info] GC(21)   Post Evacuate Collection Set: 0.2ms
[2024-09-08T16:13:42.752+0800][info] GC(21)   Other: 0.2ms
[2024-09-08T16:13:42.752+0800][info] GC(21) Eden regions: 1->0(1)
[2024-09-08T16:13:42.752+0800][info] GC(21) Survivor regions: 1->1(1)
[2024-09-08T16:13:42.752+0800][info] GC(21) Old regions: 1->1
[2024-09-08T16:13:42.752+0800][info] GC(21) Archive regions: 2->2
[2024-09-08T16:13:42.752+0800][info] GC(21) Humongous regions: 11->0
[2024-09-08T16:13:42.752+0800][info] GC(21) Metaspace: 601K(704K)->601K(704K) NonClass: 549K(576K)->549K(576K) Class: 51K(128K)->51K(128K)
[2024-09-08T16:13:42.752+0800][info] GC(21) Pause Young (Concurrent Start) (G1 Humongous Allocation) 49M->4M(128M) 1.124ms
[2024-09-08T16:13:42.752+0800][info] GC(21) User=0.00s Sys=0.00s Real=0.00s
[2024-09-08T16:13:42.752+0800][info] GC(22) Concurrent Undo Cycle
[2024-09-08T16:13:42.752+0800][info] GC(22) Concurrent Cleanup for Next Mark
[2024-09-08T16:13:42.752+0800][info] GC(22) Concurrent Cleanup for Next Mark 0.254ms
[2024-09-08T16:13:42.752+0800][info] GC(22) Concurrent Undo Cycle 0.304ms
[2024-09-08T16:13:42.757+0800][info] GC(23) Pause Young (Concurrent Start) (G1 Humongous Allocation)
[2024-09-08T16:13:42.758+0800][info] GC(23) Using 3 workers of 48 for evacuation
[2024-09-08T16:13:42.758+0800][info] GC(23)   Pre Evacuate Collection Set: 0.0ms
[2024-09-08T16:13:42.758+0800][info] GC(23)   Merge Heap Roots: 0.0ms
[2024-09-08T16:13:42.758+0800][info] GC(23)   Evacuate Collection Set: 0.2ms
[2024-09-08T16:13:42.758+0800][info] GC(23)   Post Evacuate Collection Set: 0.2ms
[2024-09-08T16:13:42.758+0800][info] GC(23)   Other: 0.2ms
[2024-09-08T16:13:42.758+0800][info] GC(23) Eden regions: 1->0(1)
[2024-09-08T16:13:42.758+0800][info] GC(23) Survivor regions: 1->1(1)
[2024-09-08T16:13:42.758+0800][info] GC(23) Old regions: 1->1
[2024-09-08T16:13:42.758+0800][info] GC(23) Archive regions: 2->2
[2024-09-08T16:13:42.758+0800][info] GC(23) Humongous regions: 11->0
[2024-09-08T16:13:42.758+0800][info] GC(23) Metaspace: 601K(704K)->601K(704K) NonClass: 549K(576K)->549K(576K) Class: 51K(128K)->51K(128K)
[2024-09-08T16:13:42.758+0800][info] GC(23) Pause Young (Concurrent Start) (G1 Humongous Allocation) 49M->4M(128M) 0.819ms
[2024-09-08T16:13:42.758+0800][info] GC(23) User=0.00s Sys=0.00s Real=0.00s
[2024-09-08T16:13:42.758+0800][info] GC(24) Concurrent Undo Cycle
[2024-09-08T16:13:42.758+0800][info] GC(24) Concurrent Cleanup for Next Mark
[2024-09-08T16:13:42.759+0800][info] GC(24) Concurrent Cleanup for Next Mark 0.248ms
[2024-09-08T16:13:42.759+0800][info] GC(24) Concurrent Undo Cycle 0.300ms
[2024-09-08T16:13:42.764+0800][info] GC(25) Pause Young (Concurrent Start) (G1 Humongous Allocation)
[2024-09-08T16:13:42.764+0800][info] GC(25) Using 3 workers of 48 for evacuation
[2024-09-08T16:13:42.765+0800][info] GC(25)   Pre Evacuate Collection Set: 0.0ms
[2024-09-08T16:13:42.765+0800][info] GC(25)   Merge Heap Roots: 0.0ms
[2024-09-08T16:13:42.765+0800][info] GC(25)   Evacuate Collection Set: 0.2ms
[2024-09-08T16:13:42.765+0800][info] GC(25)   Post Evacuate Collection Set: 0.2ms
[2024-09-08T16:13:42.765+0800][info] GC(25)   Other: 0.2ms
[2024-09-08T16:13:42.765+0800][info] GC(25) Eden regions: 1->0(1)
[2024-09-08T16:13:42.765+0800][info] GC(25) Survivor regions: 1->1(1)
[2024-09-08T16:13:42.765+0800][info] GC(25) Old regions: 1->1
[2024-09-08T16:13:42.765+0800][info] GC(25) Archive regions: 2->2
[2024-09-08T16:13:42.765+0800][info] GC(25) Humongous regions: 11->0
[2024-09-08T16:13:42.765+0800][info] GC(25) Metaspace: 601K(704K)->601K(704K) NonClass: 549K(576K)->549K(576K) Class: 51K(128K)->51K(128K)
[2024-09-08T16:13:42.765+0800][info] GC(25) Pause Young (Concurrent Start) (G1 Humongous Allocation) 49M->4M(128M) 0.889ms
[2024-09-08T16:13:42.765+0800][info] GC(25) User=0.00s Sys=0.00s Real=0.01s
[2024-09-08T16:13:42.765+0800][info] GC(26) Concurrent Undo Cycle
[2024-09-08T16:13:42.765+0800][info] GC(26) Concurrent Cleanup for Next Mark
[2024-09-08T16:13:42.765+0800][info] GC(26) Concurrent Cleanup for Next Mark 0.415ms
[2024-09-08T16:13:42.765+0800][info] GC(26) Concurrent Undo Cycle 0.491ms
[2024-09-08T16:13:42.770+0800][info] GC(27) Pause Young (Concurrent Start) (G1 Humongous Allocation)
[2024-09-08T16:13:42.770+0800][info] GC(27) Using 3 workers of 48 for evacuation
[2024-09-08T16:13:42.771+0800][info] GC(27)   Pre Evacuate Collection Set: 0.0ms
[2024-09-08T16:13:42.771+0800][info] GC(27)   Merge Heap Roots: 0.0ms
[2024-09-08T16:13:42.771+0800][info] GC(27)   Evacuate Collection Set: 0.2ms
[2024-09-08T16:13:42.771+0800][info] GC(27)   Post Evacuate Collection Set: 0.2ms
[2024-09-08T16:13:42.771+0800][info] GC(27)   Other: 0.2ms
[2024-09-08T16:13:42.771+0800][info] GC(27) Eden regions: 1->0(1)
[2024-09-08T16:13:42.771+0800][info] GC(27) Survivor regions: 1->1(1)
[2024-09-08T16:13:42.771+0800][info] GC(27) Old regions: 1->1
[2024-09-08T16:13:42.771+0800][info] GC(27) Archive regions: 2->2
[2024-09-08T16:13:42.771+0800][info] GC(27) Humongous regions: 11->0
[2024-09-08T16:13:42.771+0800][info] GC(27) Metaspace: 601K(704K)->601K(704K) NonClass: 549K(576K)->549K(576K) Class: 51K(128K)->51K(128K)
[2024-09-08T16:13:42.771+0800][info] GC(27) Pause Young (Concurrent Start) (G1 Humongous Allocation) 49M->4M(128M) 0.828ms
[2024-09-08T16:13:42.771+0800][info] GC(27) User=0.00s Sys=0.00s Real=0.00s
[2024-09-08T16:13:42.771+0800][info] GC(28) Concurrent Undo Cycle
[2024-09-08T16:13:42.771+0800][info] GC(28) Concurrent Cleanup for Next Mark
[2024-09-08T16:13:42.772+0800][info] GC(28) Concurrent Cleanup for Next Mark 0.257ms
[2024-09-08T16:13:42.772+0800][info] GC(28) Concurrent Undo Cycle 0.311ms
[2024-09-08T16:13:42.777+0800][info] GC(29) Pause Young (Concurrent Start) (G1 Humongous Allocation)
[2024-09-08T16:13:42.777+0800][info] GC(29) Using 3 workers of 48 for evacuation
[2024-09-08T16:13:42.778+0800][info] GC(29)   Pre Evacuate Collection Set: 0.0ms
[2024-09-08T16:13:42.778+0800][info] GC(29)   Merge Heap Roots: 0.0ms
[2024-09-08T16:13:42.778+0800][info] GC(29)   Evacuate Collection Set: 0.3ms
[2024-09-08T16:13:42.778+0800][info] GC(29)   Post Evacuate Collection Set: 0.2ms
[2024-09-08T16:13:42.778+0800][info] GC(29)   Other: 0.2ms
[2024-09-08T16:13:42.778+0800][info] GC(29) Eden regions: 1->0(1)
[2024-09-08T16:13:42.778+0800][info] GC(29) Survivor regions: 1->1(1)
[2024-09-08T16:13:42.778+0800][info] GC(29) Old regions: 1->1
[2024-09-08T16:13:42.778+0800][info] GC(29) Archive regions: 2->2
[2024-09-08T16:13:42.778+0800][info] GC(29) Humongous regions: 11->0
[2024-09-08T16:13:42.778+0800][info] GC(29) Metaspace: 601K(704K)->601K(704K) NonClass: 549K(576K)->549K(576K) Class: 51K(128K)->51K(128K)
[2024-09-08T16:13:42.778+0800][info] GC(29) Pause Young (Concurrent Start) (G1 Humongous Allocation) 49M->4M(128M) 0.879ms
[2024-09-08T16:13:42.778+0800][info] GC(29) User=0.00s Sys=0.00s Real=0.00s
[2024-09-08T16:13:42.778+0800][info] GC(30) Concurrent Undo Cycle
[2024-09-08T16:13:42.778+0800][info] GC(30) Concurrent Cleanup for Next Mark
[2024-09-08T16:13:42.778+0800][info] GC(30) Concurrent Cleanup for Next Mark 0.259ms
[2024-09-08T16:13:42.778+0800][info] GC(30) Concurrent Undo Cycle 0.326ms
[2024-09-08T16:13:42.784+0800][info] GC(31) Pause Young (Concurrent Start) (G1 Humongous Allocation)
[2024-09-08T16:13:42.784+0800][info] GC(31) Using 3 workers of 48 for evacuation
[2024-09-08T16:13:42.784+0800][info] GC(31)   Pre Evacuate Collection Set: 0.0ms
[2024-09-08T16:13:42.784+0800][info] GC(31)   Merge Heap Roots: 0.0ms
[2024-09-08T16:13:42.784+0800][info] GC(31)   Evacuate Collection Set: 0.2ms
[2024-09-08T16:13:42.784+0800][info] GC(31)   Post Evacuate Collection Set: 0.2ms
[2024-09-08T16:13:42.784+0800][info] GC(31)   Other: 0.2ms
[2024-09-08T16:13:42.784+0800][info] GC(31) Eden regions: 1->0(1)
[2024-09-08T16:13:42.784+0800][info] GC(31) Survivor regions: 1->1(1)
[2024-09-08T16:13:42.784+0800][info] GC(31) Old regions: 1->1
[2024-09-08T16:13:42.784+0800][info] GC(31) Archive regions: 2->2
[2024-09-08T16:13:42.784+0800][info] GC(31) Humongous regions: 11->0
[2024-09-08T16:13:42.784+0800][info] GC(31) Metaspace: 601K(704K)->601K(704K) NonClass: 549K(576K)->549K(576K) Class: 51K(128K)->51K(128K)
[2024-09-08T16:13:42.784+0800][info] GC(31) Pause Young (Concurrent Start) (G1 Humongous Allocation) 49M->4M(128M) 0.917ms
[2024-09-08T16:13:42.785+0800][info] GC(31) User=0.00s Sys=0.00s Real=0.00s
[2024-09-08T16:13:42.785+0800][info] GC(32) Concurrent Undo Cycle
[2024-09-08T16:13:42.785+0800][info] GC(32) Concurrent Cleanup for Next Mark
[2024-09-08T16:13:42.785+0800][info] GC(32) Concurrent Cleanup for Next Mark 0.290ms
[2024-09-08T16:13:42.785+0800][info] GC(32) Concurrent Undo Cycle 0.350ms
[2024-09-08T16:13:43.284+0800][info] GC(33) Pause Young (Normal) (G1 Evacuation Pause)
[2024-09-08T16:13:43.284+0800][info] GC(33) Using 3 workers of 48 for evacuation
[2024-09-08T16:13:43.285+0800][info] GC(33)   Pre Evacuate Collection Set: 0.0ms
[2024-09-08T16:13:43.285+0800][info] GC(33)   Merge Heap Roots: 0.0ms
[2024-09-08T16:13:43.285+0800][info] GC(33)   Evacuate Collection Set: 0.5ms
[2024-09-08T16:13:43.285+0800][info] GC(33)   Post Evacuate Collection Set: 0.6ms
[2024-09-08T16:13:43.285+0800][info] GC(33)   Other: 0.1ms
[2024-09-08T16:13:43.285+0800][info] GC(33) Eden regions: 1->0(1)
[2024-09-08T16:13:43.285+0800][info] GC(33) Survivor regions: 1->1(1)
[2024-09-08T16:13:43.285+0800][info] GC(33) Old regions: 1->1
[2024-09-08T16:13:43.285+0800][info] GC(33) Archive regions: 2->2
[2024-09-08T16:13:43.285+0800][info] GC(33) Humongous regions: 11->0
[2024-09-08T16:13:43.285+0800][info] GC(33) Metaspace: 648K(832K)->648K(832K) NonClass: 590K(704K)->590K(704K) Class: 57K(128K)->57K(128K)
[2024-09-08T16:13:43.285+0800][info] GC(33) Pause Young (Normal) (G1 Evacuation Pause) 52M->8M(128M) 1.427ms
[2024-09-08T16:13:43.285+0800][info] GC(33) User=0.00s Sys=0.00s Real=0.01s
[2024-09-08T16:13:43.782+0800][info] GC(34) Pause Young (Normal) (G1 Evacuation Pause)
[2024-09-08T16:13:43.782+0800][info] GC(34) Using 3 workers of 48 for evacuation
[2024-09-08T16:13:43.783+0800][info] GC(34)   Pre Evacuate Collection Set: 0.1ms
[2024-09-08T16:13:43.783+0800][info] GC(34)   Merge Heap Roots: 0.0ms
[2024-09-08T16:13:43.783+0800][info] GC(34)   Evacuate Collection Set: 0.8ms
[2024-09-08T16:13:43.783+0800][info] GC(34)   Post Evacuate Collection Set: 0.2ms
[2024-09-08T16:13:43.783+0800][info] GC(34)   Other: 0.2ms
[2024-09-08T16:13:43.783+0800][info] GC(34) Eden regions: 1->0(1)
[2024-09-08T16:13:43.783+0800][info] GC(34) Survivor regions: 1->1(1)
[2024-09-08T16:13:43.783+0800][info] GC(34) Old regions: 1->2
[2024-09-08T16:13:43.783+0800][info] GC(34) Archive regions: 2->2
[2024-09-08T16:13:43.783+0800][info] GC(34) Humongous regions: 0->0
[2024-09-08T16:13:43.783+0800][info] GC(34) Metaspace: 648K(832K)->648K(832K) NonClass: 590K(704K)->590K(704K) Class: 57K(128K)->57K(128K)
[2024-09-08T16:13:43.783+0800][info] GC(34) Pause Young (Normal) (G1 Evacuation Pause) 12M->12M(128M) 1.428ms
[2024-09-08T16:13:43.783+0800][info] GC(34) User=0.01s Sys=0.00s Real=0.00s
[2024-09-08T16:13:44.280+0800][info] GC(35) Pause Young (Normal) (G1 Evacuation Pause)
[2024-09-08T16:13:44.280+0800][info] GC(35) Using 3 workers of 48 for evacuation
[2024-09-08T16:13:44.281+0800][info] GC(35)   Pre Evacuate Collection Set: 0.0ms
[2024-09-08T16:13:44.281+0800][info] GC(35)   Merge Heap Roots: 0.0ms
[2024-09-08T16:13:44.281+0800][info] GC(35)   Evacuate Collection Set: 1.1ms
[2024-09-08T16:13:44.281+0800][info] GC(35)   Post Evacuate Collection Set: 0.1ms
[2024-09-08T16:13:44.281+0800][info] GC(35)   Other: 0.1ms
[2024-09-08T16:13:44.281+0800][info] GC(35) Eden regions: 1->0(1)
[2024-09-08T16:13:44.281+0800][info] GC(35) Survivor regions: 1->1(1)
[2024-09-08T16:13:44.281+0800][info] GC(35) Old regions: 2->3
[2024-09-08T16:13:44.281+0800][info] GC(35) Archive regions: 2->2
[2024-09-08T16:13:44.281+0800][info] GC(35) Humongous regions: 0->0
[2024-09-08T16:13:44.281+0800][info] GC(35) Metaspace: 648K(832K)->648K(832K) NonClass: 590K(704K)->590K(704K) Class: 57K(128K)->57K(128K)
[2024-09-08T16:13:44.281+0800][info] GC(35) Pause Young (Normal) (G1 Evacuation Pause) 16M->16M(128M) 1.601ms
[2024-09-08T16:13:44.281+0800][info] GC(35) User=0.00s Sys=0.00s Real=0.00s
[2024-09-08T16:13:44.782+0800][info] GC(36) Pause Young (Normal) (G1 Evacuation Pause)
[2024-09-08T16:13:44.782+0800][info] GC(36) Using 3 workers of 48 for evacuation
[2024-09-08T16:13:44.783+0800][info] GC(36)   Pre Evacuate Collection Set: 0.1ms
[2024-09-08T16:13:44.783+0800][info] GC(36)   Merge Heap Roots: 0.0ms
[2024-09-08T16:13:44.783+0800][info] GC(36)   Evacuate Collection Set: 1.0ms
[2024-09-08T16:13:44.783+0800][info] GC(36)   Post Evacuate Collection Set: 0.1ms
[2024-09-08T16:13:44.783+0800][info] GC(36)   Other: 0.1ms
[2024-09-08T16:13:44.783+0800][info] GC(36) Eden regions: 1->0(1)
[2024-09-08T16:13:44.783+0800][info] GC(36) Survivor regions: 1->1(1)
[2024-09-08T16:13:44.783+0800][info] GC(36) Old regions: 3->4
[2024-09-08T16:13:44.783+0800][info] GC(36) Archive regions: 2->2
[2024-09-08T16:13:44.783+0800][info] GC(36) Humongous regions: 0->0
[2024-09-08T16:13:44.783+0800][info] GC(36) Metaspace: 648K(832K)->648K(832K) NonClass: 590K(704K)->590K(704K) Class: 57K(128K)->57K(128K)
[2024-09-08T16:13:44.783+0800][info] GC(36) Pause Young (Normal) (G1 Evacuation Pause) 20M->20M(128M) 1.375ms
[2024-09-08T16:13:44.783+0800][info] GC(36) User=0.00s Sys=0.00s Real=0.00s
[2024-09-08T16:13:45.286+0800][info] GC(37) Pause Young (Normal) (G1 Evacuation Pause)
[2024-09-08T16:13:45.286+0800][info] GC(37) Using 3 workers of 48 for evacuation
[2024-09-08T16:13:45.286+0800][info] GC(37)   Pre Evacuate Collection Set: 0.0ms
[2024-09-08T16:13:45.287+0800][info] GC(37)   Merge Heap Roots: 0.0ms
[2024-09-08T16:13:45.287+0800][info] GC(37)   Evacuate Collection Set: 0.7ms
[2024-09-08T16:13:45.287+0800][info] GC(37)   Post Evacuate Collection Set: 0.1ms
[2024-09-08T16:13:45.287+0800][info] GC(37)   Other: 0.1ms
[2024-09-08T16:13:45.287+0800][info] GC(37) Eden regions: 1->0(1)
[2024-09-08T16:13:45.287+0800][info] GC(37) Survivor regions: 1->1(1)
[2024-09-08T16:13:45.287+0800][info] GC(37) Old regions: 4->5
[2024-09-08T16:13:45.287+0800][info] GC(37) Archive regions: 2->2
[2024-09-08T16:13:45.287+0800][info] GC(37) Humongous regions: 0->0
[2024-09-08T16:13:45.287+0800][info] GC(37) Metaspace: 648K(832K)->648K(832K) NonClass: 590K(704K)->590K(704K) Class: 57K(128K)->57K(128K)
[2024-09-08T16:13:45.287+0800][info] GC(37) Pause Young (Normal) (G1 Evacuation Pause) 24M->24M(128M) 1.076ms
[2024-09-08T16:13:45.287+0800][info] GC(37) User=0.00s Sys=0.00s Real=0.00s
[2024-09-08T16:13:45.790+0800][info] GC(38) Pause Young (Normal) (G1 Evacuation Pause)
[2024-09-08T16:13:45.790+0800][info] GC(38) Using 3 workers of 48 for evacuation
[2024-09-08T16:13:45.791+0800][info] GC(38)   Pre Evacuate Collection Set: 0.0ms
[2024-09-08T16:13:45.791+0800][info] GC(38)   Merge Heap Roots: 0.0ms
[2024-09-08T16:13:45.791+0800][info] GC(38)   Evacuate Collection Set: 0.9ms
[2024-09-08T16:13:45.791+0800][info] GC(38)   Post Evacuate Collection Set: 0.1ms
[2024-09-08T16:13:45.791+0800][info] GC(38)   Other: 0.1ms
[2024-09-08T16:13:45.791+0800][info] GC(38) Eden regions: 1->0(1)
[2024-09-08T16:13:45.791+0800][info] GC(38) Survivor regions: 1->1(1)
[2024-09-08T16:13:45.791+0800][info] GC(38) Old regions: 5->6
[2024-09-08T16:13:45.791+0800][info] GC(38) Archive regions: 2->2
[2024-09-08T16:13:45.791+0800][info] GC(38) Humongous regions: 0->0
[2024-09-08T16:13:45.791+0800][info] GC(38) Metaspace: 648K(832K)->648K(832K) NonClass: 590K(704K)->590K(704K) Class: 57K(128K)->57K(128K)
[2024-09-08T16:13:45.791+0800][info] GC(38) Pause Young (Normal) (G1 Evacuation Pause) 28M->28M(128M) 1.332ms
[2024-09-08T16:13:45.791+0800][info] GC(38) User=0.00s Sys=0.00s Real=0.00s
[2024-09-08T16:13:46.294+0800][info] GC(39) Pause Young (Normal) (G1 Evacuation Pause)
[2024-09-08T16:13:46.294+0800][info] GC(39) Using 3 workers of 48 for evacuation
[2024-09-08T16:13:46.295+0800][info] GC(39)   Pre Evacuate Collection Set: 0.0ms
[2024-09-08T16:13:46.295+0800][info] GC(39)   Merge Heap Roots: 0.0ms
[2024-09-08T16:13:46.295+0800][info] GC(39)   Evacuate Collection Set: 0.9ms
[2024-09-08T16:13:46.295+0800][info] GC(39)   Post Evacuate Collection Set: 0.1ms
[2024-09-08T16:13:46.295+0800][info] GC(39)   Other: 0.1ms
[2024-09-08T16:13:46.295+0800][info] GC(39) Eden regions: 1->0(1)
[2024-09-08T16:13:46.295+0800][info] GC(39) Survivor regions: 1->1(1)
[2024-09-08T16:13:46.295+0800][info] GC(39) Old regions: 6->7
[2024-09-08T16:13:46.295+0800][info] GC(39) Archive regions: 2->2
[2024-09-08T16:13:46.295+0800][info] GC(39) Humongous regions: 0->0
[2024-09-08T16:13:46.295+0800][info] GC(39) Metaspace: 648K(832K)->648K(832K) NonClass: 590K(704K)->590K(704K) Class: 57K(128K)->57K(128K)
[2024-09-08T16:13:46.295+0800][info] GC(39) Pause Young (Normal) (G1 Evacuation Pause) 32M->32M(128M) 1.303ms
[2024-09-08T16:13:46.295+0800][info] GC(39) User=0.00s Sys=0.00s Real=0.00s
[2024-09-08T16:13:46.792+0800][info] GC(40) Pause Young (Normal) (G1 Evacuation Pause)
[2024-09-08T16:13:46.792+0800][info] GC(40) Using 3 workers of 48 for evacuation
[2024-09-08T16:13:46.793+0800][info] GC(40)   Pre Evacuate Collection Set: 0.0ms
[2024-09-08T16:13:46.793+0800][info] GC(40)   Merge Heap Roots: 0.0ms
[2024-09-08T16:13:46.793+0800][info] GC(40)   Evacuate Collection Set: 1.0ms
[2024-09-08T16:13:46.793+0800][info] GC(40)   Post Evacuate Collection Set: 0.1ms
[2024-09-08T16:13:46.793+0800][info] GC(40)   Other: 0.1ms
[2024-09-08T16:13:46.793+0800][info] GC(40) Eden regions: 1->0(1)
[2024-09-08T16:13:46.793+0800][info] GC(40) Survivor regions: 1->1(1)
[2024-09-08T16:13:46.793+0800][info] GC(40) Old regions: 7->8
[2024-09-08T16:13:46.793+0800][info] GC(40) Archive regions: 2->2
[2024-09-08T16:13:46.793+0800][info] GC(40) Humongous regions: 0->0
[2024-09-08T16:13:46.793+0800][info] GC(40) Metaspace: 648K(832K)->648K(832K) NonClass: 590K(704K)->590K(704K) Class: 57K(128K)->57K(128K)
[2024-09-08T16:13:46.793+0800][info] GC(40) Pause Young (Normal) (G1 Evacuation Pause) 36M->36M(128M) 1.391ms
[2024-09-08T16:13:46.793+0800][info] GC(40) User=0.01s Sys=0.00s Real=0.00s
[2024-09-08T16:13:47.290+0800][info] GC(41) Pause Young (Normal) (G1 Evacuation Pause)
[2024-09-08T16:13:47.290+0800][info] GC(41) Using 3 workers of 48 for evacuation
[2024-09-08T16:13:47.291+0800][info] GC(41)   Pre Evacuate Collection Set: 0.0ms
[2024-09-08T16:13:47.291+0800][info] GC(41)   Merge Heap Roots: 0.0ms
[2024-09-08T16:13:47.291+0800][info] GC(41)   Evacuate Collection Set: 0.9ms
[2024-09-08T16:13:47.291+0800][info] GC(41)   Post Evacuate Collection Set: 0.1ms
[2024-09-08T16:13:47.291+0800][info] GC(41)   Other: 0.1ms
[2024-09-08T16:13:47.291+0800][info] GC(41) Eden regions: 1->0(1)
[2024-09-08T16:13:47.291+0800][info] GC(41) Survivor regions: 1->1(1)
[2024-09-08T16:13:47.291+0800][info] GC(41) Old regions: 8->9
[2024-09-08T16:13:47.291+0800][info] GC(41) Archive regions: 2->2
[2024-09-08T16:13:47.291+0800][info] GC(41) Humongous regions: 0->0
[2024-09-08T16:13:47.291+0800][info] GC(41) Metaspace: 648K(832K)->648K(832K) NonClass: 590K(704K)->590K(704K) Class: 57K(128K)->57K(128K)
[2024-09-08T16:13:47.291+0800][info] GC(41) Pause Young (Normal) (G1 Evacuation Pause) 40M->40M(128M) 1.351ms
[2024-09-08T16:13:47.291+0800][info] GC(41) User=0.00s Sys=0.00s Real=0.00s
[2024-09-08T16:13:47.788+0800][info] GC(42) Pause Young (Normal) (G1 Evacuation Pause)
[2024-09-08T16:13:47.788+0800][info] GC(42) Using 3 workers of 48 for evacuation
[2024-09-08T16:13:47.789+0800][info] GC(42)   Pre Evacuate Collection Set: 0.0ms
[2024-09-08T16:13:47.789+0800][info] GC(42)   Merge Heap Roots: 0.0ms
[2024-09-08T16:13:47.789+0800][info] GC(42)   Evacuate Collection Set: 1.0ms
[2024-09-08T16:13:47.789+0800][info] GC(42)   Post Evacuate Collection Set: 0.1ms
[2024-09-08T16:13:47.789+0800][info] GC(42)   Other: 0.1ms
[2024-09-08T16:13:47.789+0800][info] GC(42) Eden regions: 1->0(1)
[2024-09-08T16:13:47.789+0800][info] GC(42) Survivor regions: 1->1(1)
[2024-09-08T16:13:47.789+0800][info] GC(42) Old regions: 9->10
[2024-09-08T16:13:47.789+0800][info] GC(42) Archive regions: 2->2
[2024-09-08T16:13:47.789+0800][info] GC(42) Humongous regions: 0->0
[2024-09-08T16:13:47.789+0800][info] GC(42) Metaspace: 648K(832K)->648K(832K) NonClass: 590K(704K)->590K(704K) Class: 57K(128K)->57K(128K)
[2024-09-08T16:13:47.789+0800][info] GC(42) Pause Young (Normal) (G1 Evacuation Pause) 44M->44M(128M) 1.359ms
[2024-09-08T16:13:47.789+0800][info] GC(42) User=0.01s Sys=0.00s Real=0.00s
[2024-09-08T16:13:48.286+0800][info] GC(43) Pause Young (Normal) (G1 Evacuation Pause)
[2024-09-08T16:13:48.286+0800][info] GC(43) Using 3 workers of 48 for evacuation
[2024-09-08T16:13:48.287+0800][info] GC(43)   Pre Evacuate Collection Set: 0.1ms
[2024-09-08T16:13:48.287+0800][info] GC(43)   Merge Heap Roots: 0.0ms
[2024-09-08T16:13:48.287+0800][info] GC(43)   Evacuate Collection Set: 1.0ms
[2024-09-08T16:13:48.287+0800][info] GC(43)   Post Evacuate Collection Set: 0.2ms
[2024-09-08T16:13:48.287+0800][info] GC(43)   Other: 0.2ms
[2024-09-08T16:13:48.287+0800][info] GC(43) Eden regions: 1->0(1)
[2024-09-08T16:13:48.287+0800][info] GC(43) Survivor regions: 1->1(1)
[2024-09-08T16:13:48.287+0800][info] GC(43) Old regions: 10->11
[2024-09-08T16:13:48.287+0800][info] GC(43) Archive regions: 2->2
[2024-09-08T16:13:48.287+0800][info] GC(43) Humongous regions: 0->0
[2024-09-08T16:13:48.287+0800][info] GC(43) Metaspace: 648K(832K)->648K(832K) NonClass: 590K(704K)->590K(704K) Class: 57K(128K)->57K(128K)
[2024-09-08T16:13:48.287+0800][info] GC(43) Pause Young (Normal) (G1 Evacuation Pause) 48M->48M(128M) 1.562ms
[2024-09-08T16:13:48.287+0800][info] GC(43) User=0.00s Sys=0.00s Real=0.00s
[2024-09-08T16:13:48.784+0800][info] GC(44) Pause Young (Normal) (G1 Evacuation Pause)
[2024-09-08T16:13:48.784+0800][info] GC(44) Using 3 workers of 48 for evacuation
[2024-09-08T16:13:48.785+0800][info] GC(44)   Pre Evacuate Collection Set: 0.1ms
[2024-09-08T16:13:48.785+0800][info] GC(44)   Merge Heap Roots: 0.0ms
[2024-09-08T16:13:48.785+0800][info] GC(44)   Evacuate Collection Set: 1.0ms
[2024-09-08T16:13:48.785+0800][info] GC(44)   Post Evacuate Collection Set: 0.2ms
[2024-09-08T16:13:48.785+0800][info] GC(44)   Other: 0.2ms
[2024-09-08T16:13:48.785+0800][info] GC(44) Eden regions: 1->0(1)
[2024-09-08T16:13:48.785+0800][info] GC(44) Survivor regions: 1->1(1)
[2024-09-08T16:13:48.785+0800][info] GC(44) Old regions: 11->12
[2024-09-08T16:13:48.785+0800][info] GC(44) Archive regions: 2->2
[2024-09-08T16:13:48.785+0800][info] GC(44) Humongous regions: 0->0
[2024-09-08T16:13:48.785+0800][info] GC(44) Metaspace: 648K(832K)->648K(832K) NonClass: 590K(704K)->590K(704K) Class: 57K(128K)->57K(128K)
[2024-09-08T16:13:48.785+0800][info] GC(44) Pause Young (Normal) (G1 Evacuation Pause) 52M->52M(128M) 1.572ms
[2024-09-08T16:13:48.785+0800][info] GC(44) User=0.00s Sys=0.00s Real=0.01s
[2024-09-08T16:13:49.281+0800][info] GC(45) Pause Young (Normal) (G1 Evacuation Pause)
[2024-09-08T16:13:49.282+0800][info] GC(45) Using 3 workers of 48 for evacuation
[2024-09-08T16:13:49.283+0800][info] GC(45)   Pre Evacuate Collection Set: 0.0ms
[2024-09-08T16:13:49.283+0800][info] GC(45)   Merge Heap Roots: 0.0ms
[2024-09-08T16:13:49.283+0800][info] GC(45)   Evacuate Collection Set: 1.0ms
[2024-09-08T16:13:49.283+0800][info] GC(45)   Post Evacuate Collection Set: 0.2ms
[2024-09-08T16:13:49.283+0800][info] GC(45)   Other: 0.2ms
[2024-09-08T16:13:49.283+0800][info] GC(45) Eden regions: 1->0(1)
[2024-09-08T16:13:49.283+0800][info] GC(45) Survivor regions: 1->1(1)
[2024-09-08T16:13:49.283+0800][info] GC(45) Old regions: 12->13
[2024-09-08T16:13:49.283+0800][info] GC(45) Archive regions: 2->2
[2024-09-08T16:13:49.283+0800][info] GC(45) Humongous regions: 0->0
[2024-09-08T16:13:49.283+0800][info] GC(45) Metaspace: 648K(832K)->648K(832K) NonClass: 590K(704K)->590K(704K) Class: 57K(128K)->57K(128K)
[2024-09-08T16:13:49.283+0800][info] GC(45) Pause Young (Normal) (G1 Evacuation Pause) 56M->56M(128M) 1.537ms
[2024-09-08T16:13:49.283+0800][info] GC(45) User=0.00s Sys=0.00s Real=0.00s
[2024-09-08T16:13:49.784+0800][info] GC(46) Pause Young (Concurrent Start) (G1 Evacuation Pause)
[2024-09-08T16:13:49.784+0800][info] GC(46) Using 3 workers of 48 for evacuation
[2024-09-08T16:13:49.785+0800][info] GC(46)   Pre Evacuate Collection Set: 0.0ms
[2024-09-08T16:13:49.785+0800][info] GC(46)   Merge Heap Roots: 0.0ms
[2024-09-08T16:13:49.785+0800][info] GC(46)   Evacuate Collection Set: 1.2ms
[2024-09-08T16:13:49.785+0800][info] GC(46)   Post Evacuate Collection Set: 0.1ms
[2024-09-08T16:13:49.785+0800][info] GC(46)   Other: 0.3ms
[2024-09-08T16:13:49.785+0800][info] GC(46) Eden regions: 1->0(1)
[2024-09-08T16:13:49.785+0800][info] GC(46) Survivor regions: 1->1(1)
[2024-09-08T16:13:49.785+0800][info] GC(46) Old regions: 13->14
[2024-09-08T16:13:49.785+0800][info] GC(46) Archive regions: 2->2
[2024-09-08T16:13:49.785+0800][info] GC(46) Humongous regions: 0->0
[2024-09-08T16:13:49.785+0800][info] GC(46) Metaspace: 648K(832K)->648K(832K) NonClass: 590K(704K)->590K(704K) Class: 57K(128K)->57K(128K)
[2024-09-08T16:13:49.786+0800][info] GC(46) Pause Young (Concurrent Start) (G1 Evacuation Pause) 60M->60M(128M) 1.873ms
[2024-09-08T16:13:49.786+0800][info] GC(46) User=0.01s Sys=0.00s Real=0.01s
[2024-09-08T16:13:49.786+0800][info] GC(47) Concurrent Mark Cycle
[2024-09-08T16:13:49.786+0800][info] GC(47) Concurrent Clear Claimed Marks
[2024-09-08T16:13:49.786+0800][info] GC(47) Concurrent Clear Claimed Marks 0.016ms
[2024-09-08T16:13:49.786+0800][info] GC(47) Concurrent Scan Root Regions
[2024-09-08T16:13:49.786+0800][info] GC(47) Concurrent Scan Root Regions 0.265ms
[2024-09-08T16:13:49.786+0800][info] GC(47) Concurrent Mark
[2024-09-08T16:13:49.786+0800][info] GC(47) Concurrent Mark From Roots
[2024-09-08T16:13:49.786+0800][info] GC(47) Using 12 workers of 12 for marking
[2024-09-08T16:13:49.788+0800][info] GC(47) Concurrent Mark From Roots 2.343ms
[2024-09-08T16:13:49.788+0800][info] GC(47) Concurrent Preclean
[2024-09-08T16:13:49.789+0800][info] GC(47) Concurrent Preclean 0.782ms
[2024-09-08T16:13:49.789+0800][info] GC(47) Pause Remark
[2024-09-08T16:13:49.790+0800][info] GC(47) Pause Remark 60M->60M(128M) 0.954ms
[2024-09-08T16:13:49.790+0800][info] GC(47) User=0.01s Sys=0.00s Real=0.00s
[2024-09-08T16:13:49.790+0800][info] GC(47) Concurrent Mark 4.205ms
[2024-09-08T16:13:49.790+0800][info] GC(47) Concurrent Rebuild Remembered Sets
[2024-09-08T16:13:49.794+0800][info] GC(47) Concurrent Rebuild Remembered Sets 3.602ms
[2024-09-08T16:13:49.794+0800][info] GC(47) Pause Cleanup
[2024-09-08T16:13:49.794+0800][info] GC(47) Pause Cleanup 60M->60M(128M) 0.253ms
[2024-09-08T16:13:49.794+0800][info] GC(47) User=0.00s Sys=0.00s Real=0.00s
[2024-09-08T16:13:49.794+0800][info] GC(47) Concurrent Cleanup for Next Mark
[2024-09-08T16:13:49.794+0800][info] GC(47) Concurrent Cleanup for Next Mark 0.306ms
[2024-09-08T16:13:49.794+0800][info] GC(47) Concurrent Mark Cycle 8.853ms
[2024-09-08T16:13:50.288+0800][info] GC(48) Pause Young (Prepare Mixed) (G1 Evacuation Pause)
[2024-09-08T16:13:50.288+0800][info] GC(48) Using 3 workers of 48 for evacuation
[2024-09-08T16:13:50.290+0800][info] GC(48)   Pre Evacuate Collection Set: 0.1ms
[2024-09-08T16:13:50.290+0800][info] GC(48)   Merge Heap Roots: 0.0ms
[2024-09-08T16:13:50.290+0800][info] GC(48)   Evacuate Collection Set: 1.0ms
[2024-09-08T16:13:50.290+0800][info] GC(48)   Post Evacuate Collection Set: 0.1ms
[2024-09-08T16:13:50.290+0800][info] GC(48)   Other: 0.2ms
[2024-09-08T16:13:50.290+0800][info] GC(48) Eden regions: 1->0(1)
[2024-09-08T16:13:50.290+0800][info] GC(48) Survivor regions: 1->1(1)
[2024-09-08T16:13:50.290+0800][info] GC(48) Old regions: 14->15
[2024-09-08T16:13:50.290+0800][info] GC(48) Archive regions: 2->2
[2024-09-08T16:13:50.290+0800][info] GC(48) Humongous regions: 0->0
[2024-09-08T16:13:50.290+0800][info] GC(48) Metaspace: 648K(832K)->648K(832K) NonClass: 590K(704K)->590K(704K) Class: 57K(128K)->57K(128K)
[2024-09-08T16:13:50.290+0800][info] GC(48) Pause Young (Prepare Mixed) (G1 Evacuation Pause) 64M->64M(128M) 1.554ms
[2024-09-08T16:13:50.290+0800][info] GC(48) User=0.00s Sys=0.00s Real=0.00s
[2024-09-08T16:13:50.793+0800][info] GC(49) Pause Young (Mixed) (G1 Evacuation Pause)
[2024-09-08T16:13:50.794+0800][info] GC(49) Using 3 workers of 48 for evacuation
[2024-09-08T16:13:50.796+0800][info] GC(49)   Pre Evacuate Collection Set: 0.0ms
[2024-09-08T16:13:50.796+0800][info] GC(49)   Merge Heap Roots: 0.0ms
[2024-09-08T16:13:50.796+0800][info] GC(49)   Evacuate Collection Set: 2.1ms
[2024-09-08T16:13:50.796+0800][info] GC(49)   Post Evacuate Collection Set: 0.2ms
[2024-09-08T16:13:50.796+0800][info] GC(49)   Other: 0.2ms
[2024-09-08T16:13:50.796+0800][info] GC(49) Eden regions: 1->0(1)
[2024-09-08T16:13:50.796+0800][info] GC(49) Survivor regions: 1->1(1)
[2024-09-08T16:13:50.796+0800][info] GC(49) Old regions: 15->16
[2024-09-08T16:13:50.796+0800][info] GC(49) Archive regions: 2->2
[2024-09-08T16:13:50.796+0800][info] GC(49) Humongous regions: 0->0
[2024-09-08T16:13:50.796+0800][info] GC(49) Metaspace: 648K(832K)->648K(832K) NonClass: 590K(704K)->590K(704K) Class: 57K(128K)->57K(128K)
[2024-09-08T16:13:50.796+0800][info] GC(49) Pause Young (Mixed) (G1 Evacuation Pause) 68M->68M(128M) 2.703ms
[2024-09-08T16:13:50.796+0800][info] GC(49) User=0.00s Sys=0.00s Real=0.00s
[2024-09-08T16:13:51.299+0800][info] GC(50) Pause Young (Concurrent Start) (G1 Evacuation Pause)
[2024-09-08T16:13:51.299+0800][info] GC(50) Using 3 workers of 48 for evacuation
[2024-09-08T16:13:51.301+0800][info] GC(50)   Pre Evacuate Collection Set: 0.0ms
[2024-09-08T16:13:51.301+0800][info] GC(50)   Merge Heap Roots: 0.0ms
[2024-09-08T16:13:51.301+0800][info] GC(50)   Evacuate Collection Set: 1.0ms
[2024-09-08T16:13:51.301+0800][info] GC(50)   Post Evacuate Collection Set: 0.1ms
[2024-09-08T16:13:51.301+0800][info] GC(50)   Other: 0.3ms
[2024-09-08T16:13:51.301+0800][info] GC(50) Eden regions: 1->0(1)
[2024-09-08T16:13:51.301+0800][info] GC(50) Survivor regions: 1->1(1)
[2024-09-08T16:13:51.301+0800][info] GC(50) Old regions: 16->17
[2024-09-08T16:13:51.301+0800][info] GC(50) Archive regions: 2->2
[2024-09-08T16:13:51.301+0800][info] GC(50) Humongous regions: 0->0
[2024-09-08T16:13:51.301+0800][info] GC(50) Metaspace: 648K(832K)->648K(832K) NonClass: 590K(704K)->590K(704K) Class: 57K(128K)->57K(128K)
[2024-09-08T16:13:51.301+0800][info] GC(50) Pause Young (Concurrent Start) (G1 Evacuation Pause) 72M->72M(128M) 1.644ms
[2024-09-08T16:13:51.301+0800][info] GC(50) User=0.00s Sys=0.00s Real=0.00s
[2024-09-08T16:13:51.301+0800][info] GC(51) Concurrent Mark Cycle
[2024-09-08T16:13:51.301+0800][info] GC(51) Concurrent Clear Claimed Marks
[2024-09-08T16:13:51.301+0800][info] GC(51) Concurrent Clear Claimed Marks 0.014ms
[2024-09-08T16:13:51.301+0800][info] GC(51) Concurrent Scan Root Regions
[2024-09-08T16:13:51.301+0800][info] GC(51) Concurrent Scan Root Regions 0.047ms
[2024-09-08T16:13:51.301+0800][info] GC(51) Concurrent Mark
[2024-09-08T16:13:51.301+0800][info] GC(51) Concurrent Mark From Roots
[2024-09-08T16:13:51.301+0800][info] GC(51) Using 12 workers of 12 for marking
[2024-09-08T16:13:51.303+0800][info] GC(51) Concurrent Mark From Roots 2.443ms
[2024-09-08T16:13:51.303+0800][info] GC(51) Concurrent Preclean
[2024-09-08T16:13:51.304+0800][info] GC(51) Concurrent Preclean 0.772ms
[2024-09-08T16:13:51.304+0800][info] GC(51) Pause Remark
[2024-09-08T16:13:51.305+0800][info] GC(51) Pause Remark 72M->72M(128M) 0.995ms
[2024-09-08T16:13:51.305+0800][info] GC(51) User=0.00s Sys=0.00s Real=0.01s
[2024-09-08T16:13:51.305+0800][info] GC(51) Concurrent Mark 4.395ms
[2024-09-08T16:13:51.305+0800][info] GC(51) Concurrent Rebuild Remembered Sets
[2024-09-08T16:13:51.310+0800][info] GC(51) Concurrent Rebuild Remembered Sets 5.079ms
[2024-09-08T16:13:51.310+0800][info] GC(51) Pause Cleanup
[2024-09-08T16:13:51.311+0800][info] GC(51) Pause Cleanup 72M->72M(128M) 0.333ms
[2024-09-08T16:13:51.311+0800][info] GC(51) User=0.00s Sys=0.00s Real=0.00s
[2024-09-08T16:13:51.311+0800][info] GC(51) Concurrent Cleanup for Next Mark
[2024-09-08T16:13:51.311+0800][info] GC(51) Concurrent Cleanup for Next Mark 0.234ms
[2024-09-08T16:13:51.311+0800][info] GC(51) Concurrent Mark Cycle 10.376ms
[2024-09-08T16:13:51.800+0800][info] GC(52) Pause Young (Normal) (G1 Evacuation Pause)
[2024-09-08T16:13:51.800+0800][info] GC(52) Using 3 workers of 48 for evacuation
[2024-09-08T16:13:51.801+0800][info] GC(52)   Pre Evacuate Collection Set: 0.0ms
[2024-09-08T16:13:51.801+0800][info] GC(52)   Merge Heap Roots: 0.0ms
[2024-09-08T16:13:51.801+0800][info] GC(52)   Evacuate Collection Set: 1.3ms
[2024-09-08T16:13:51.801+0800][info] GC(52)   Post Evacuate Collection Set: 0.1ms
[2024-09-08T16:13:51.801+0800][info] GC(52)   Other: 0.2ms
[2024-09-08T16:13:51.801+0800][info] GC(52) Eden regions: 1->0(1)
[2024-09-08T16:13:51.801+0800][info] GC(52) Survivor regions: 1->1(1)
[2024-09-08T16:13:51.801+0800][info] GC(52) Old regions: 17->18
[2024-09-08T16:13:51.801+0800][info] GC(52) Archive regions: 2->2
[2024-09-08T16:13:51.801+0800][info] GC(52) Humongous regions: 0->0
[2024-09-08T16:13:51.801+0800][info] GC(52) Metaspace: 648K(832K)->648K(832K) NonClass: 590K(704K)->590K(704K) Class: 57K(128K)->57K(128K)
[2024-09-08T16:13:51.801+0800][info] GC(52) Pause Young (Normal) (G1 Evacuation Pause) 76M->76M(128M) 1.814ms
[2024-09-08T16:13:51.801+0800][info] GC(52) User=0.01s Sys=0.00s Real=0.00s
[2024-09-08T16:13:52.303+0800][info] GC(53) Pause Young (Concurrent Start) (G1 Evacuation Pause)
[2024-09-08T16:13:52.303+0800][info] GC(53) Using 3 workers of 48 for evacuation
[2024-09-08T16:13:52.305+0800][info] GC(53)   Pre Evacuate Collection Set: 0.0ms
[2024-09-08T16:13:52.305+0800][info] GC(53)   Merge Heap Roots: 0.0ms
[2024-09-08T16:13:52.305+0800][info] GC(53)   Evacuate Collection Set: 1.3ms
[2024-09-08T16:13:52.305+0800][info] GC(53)   Post Evacuate Collection Set: 0.2ms
[2024-09-08T16:13:52.305+0800][info] GC(53)   Other: 0.3ms
[2024-09-08T16:13:52.305+0800][info] GC(53) Eden regions: 1->0(1)
[2024-09-08T16:13:52.305+0800][info] GC(53) Survivor regions: 1->1(1)
[2024-09-08T16:13:52.305+0800][info] GC(53) Old regions: 18->19
[2024-09-08T16:13:52.305+0800][info] GC(53) Archive regions: 2->2
[2024-09-08T16:13:52.305+0800][info] GC(53) Humongous regions: 0->0
[2024-09-08T16:13:52.305+0800][info] GC(53) Metaspace: 648K(832K)->648K(832K) NonClass: 590K(704K)->590K(704K) Class: 57K(128K)->57K(128K)
[2024-09-08T16:13:52.305+0800][info] GC(53) Pause Young (Concurrent Start) (G1 Evacuation Pause) 79M->79M(128M) 1.985ms
[2024-09-08T16:13:52.305+0800][info] GC(53) User=0.00s Sys=0.00s Real=0.01s
[2024-09-08T16:13:52.305+0800][info] GC(54) Concurrent Mark Cycle
[2024-09-08T16:13:52.305+0800][info] GC(54) Concurrent Clear Claimed Marks
[2024-09-08T16:13:52.305+0800][info] GC(54) Concurrent Clear Claimed Marks 0.019ms
[2024-09-08T16:13:52.305+0800][info] GC(54) Concurrent Scan Root Regions
[2024-09-08T16:13:52.306+0800][info] GC(54) Concurrent Scan Root Regions 0.422ms
[2024-09-08T16:13:52.306+0800][info] GC(54) Concurrent Mark
[2024-09-08T16:13:52.306+0800][info] GC(54) Concurrent Mark From Roots
[2024-09-08T16:13:52.306+0800][info] GC(54) Using 12 workers of 12 for marking
[2024-09-08T16:13:52.309+0800][info] GC(54) Concurrent Mark From Roots 3.383ms
[2024-09-08T16:13:52.309+0800][info] GC(54) Concurrent Preclean
[2024-09-08T16:13:52.311+0800][info] GC(54) Concurrent Preclean 1.676ms
[2024-09-08T16:13:52.311+0800][info] GC(54) Pause Remark
[2024-09-08T16:13:52.312+0800][info] GC(54) Pause Remark 80M->80M(128M) 0.833ms
[2024-09-08T16:13:52.312+0800][info] GC(54) User=0.00s Sys=0.00s Real=0.00s
[2024-09-08T16:13:52.312+0800][info] GC(54) Concurrent Mark 6.105ms
[2024-09-08T16:13:52.312+0800][info] GC(54) Concurrent Rebuild Remembered Sets
[2024-09-08T16:13:52.317+0800][info] GC(54) Concurrent Rebuild Remembered Sets 5.117ms
[2024-09-08T16:13:52.317+0800][info] GC(54) Pause Cleanup
[2024-09-08T16:13:52.317+0800][info] GC(54) Pause Cleanup 80M->80M(128M) 0.354ms
[2024-09-08T16:13:52.317+0800][info] GC(54) User=0.00s Sys=0.00s Real=0.00s
[2024-09-08T16:13:52.317+0800][info] GC(54) Concurrent Cleanup for Next Mark
[2024-09-08T16:13:52.318+0800][info] GC(54) Concurrent Cleanup for Next Mark 0.199ms
[2024-09-08T16:13:52.318+0800][info] GC(54) Concurrent Mark Cycle 12.482ms
[2024-09-08T16:13:52.809+0800][info] GC(55) Pause Young (Normal) (G1 Evacuation Pause)
[2024-09-08T16:13:52.809+0800][info] GC(55) Using 3 workers of 48 for evacuation
[2024-09-08T16:13:52.810+0800][info] GC(55)   Pre Evacuate Collection Set: 0.0ms
[2024-09-08T16:13:52.810+0800][info] GC(55)   Merge Heap Roots: 0.0ms
[2024-09-08T16:13:52.810+0800][info] GC(55)   Evacuate Collection Set: 1.1ms
[2024-09-08T16:13:52.810+0800][info] GC(55)   Post Evacuate Collection Set: 0.1ms
[2024-09-08T16:13:52.810+0800][info] GC(55)   Other: 0.1ms
[2024-09-08T16:13:52.810+0800][info] GC(55) Eden regions: 1->0(2)
[2024-09-08T16:13:52.810+0800][info] GC(55) Survivor regions: 1->1(1)
[2024-09-08T16:13:52.810+0800][info] GC(55) Old regions: 19->20
[2024-09-08T16:13:52.810+0800][info] GC(55) Archive regions: 2->2
[2024-09-08T16:13:52.810+0800][info] GC(55) Humongous regions: 0->0
[2024-09-08T16:13:52.810+0800][info] GC(55) Metaspace: 648K(832K)->648K(832K) NonClass: 590K(704K)->590K(704K) Class: 57K(128K)->57K(128K)
[2024-09-08T16:13:52.810+0800][info] GC(55) Pause Young (Normal) (G1 Evacuation Pause) 83M->83M(128M) 1.496ms
[2024-09-08T16:13:52.810+0800][info] GC(55) User=0.00s Sys=0.00s Real=0.00s
[2024-09-08T16:13:53.838+0800][info] GC(56) Pause Young (Concurrent Start) (G1 Evacuation Pause)
[2024-09-08T16:13:53.838+0800][info] GC(56) Using 3 workers of 48 for evacuation
[2024-09-08T16:13:53.841+0800][info] GC(56)   Pre Evacuate Collection Set: 0.0ms
[2024-09-08T16:13:53.841+0800][info] GC(56)   Merge Heap Roots: 0.0ms
[2024-09-08T16:13:53.841+0800][info] GC(56)   Evacuate Collection Set: 2.6ms
[2024-09-08T16:13:53.841+0800][info] GC(56)   Post Evacuate Collection Set: 0.2ms
[2024-09-08T16:13:53.841+0800][info] GC(56)   Other: 0.3ms
[2024-09-08T16:13:53.841+0800][info] GC(56) Eden regions: 2->0(1)
[2024-09-08T16:13:53.841+0800][info] GC(56) Survivor regions: 1->1(1)
[2024-09-08T16:13:53.841+0800][info] GC(56) Old regions: 20->22
[2024-09-08T16:13:53.841+0800][info] GC(56) Archive regions: 2->2
[2024-09-08T16:13:53.841+0800][info] GC(56) Humongous regions: 0->0
[2024-09-08T16:13:53.841+0800][info] GC(56) Metaspace: 652K(832K)->652K(832K) NonClass: 594K(704K)->594K(704K) Class: 57K(128K)->57K(128K)
[2024-09-08T16:13:53.841+0800][info] GC(56) Pause Young (Concurrent Start) (G1 Evacuation Pause) 91M->91M(128M) 3.355ms
[2024-09-08T16:13:53.841+0800][info] GC(56) User=0.00s Sys=0.00s Real=0.00s
[2024-09-08T16:13:53.841+0800][info] GC(57) Concurrent Mark Cycle
[2024-09-08T16:13:53.841+0800][info] GC(57) Concurrent Clear Claimed Marks
[2024-09-08T16:13:53.841+0800][info] GC(57) Concurrent Clear Claimed Marks 0.018ms
[2024-09-08T16:13:53.841+0800][info] GC(57) Concurrent Scan Root Regions
[2024-09-08T16:13:53.841+0800][info] GC(57) Concurrent Scan Root Regions 0.097ms
[2024-09-08T16:13:53.841+0800][info] GC(57) Concurrent Mark
[2024-09-08T16:13:53.841+0800][info] GC(57) Concurrent Mark From Roots
[2024-09-08T16:13:53.841+0800][info] GC(57) Using 12 workers of 12 for marking
[2024-09-08T16:13:53.844+0800][info] GC(57) Concurrent Mark From Roots 3.035ms
[2024-09-08T16:13:53.844+0800][info] GC(57) Concurrent Preclean
[2024-09-08T16:13:53.846+0800][info] GC(57) Concurrent Preclean 1.670ms
[2024-09-08T16:13:53.846+0800][info] GC(57) Pause Remark
[2024-09-08T16:13:53.847+0800][info] GC(57) Pause Remark 92M->28M(128M) 1.103ms
[2024-09-08T16:13:53.847+0800][info] GC(57) User=0.01s Sys=0.00s Real=0.00s
[2024-09-08T16:13:53.847+0800][info] GC(57) Concurrent Mark 6.023ms
[2024-09-08T16:13:53.847+0800][info] GC(57) Concurrent Rebuild Remembered Sets
[2024-09-08T16:13:53.849+0800][info] GC(57) Concurrent Rebuild Remembered Sets 1.928ms
[2024-09-08T16:13:53.849+0800][info] GC(57) Pause Cleanup
[2024-09-08T16:13:53.850+0800][info] GC(57) Pause Cleanup 28M->28M(128M) 0.218ms
[2024-09-08T16:13:53.850+0800][info] GC(57) User=0.00s Sys=0.00s Real=0.00s
[2024-09-08T16:13:53.850+0800][info] GC(57) Concurrent Cleanup for Next Mark
[2024-09-08T16:13:53.850+0800][info] GC(57) Concurrent Cleanup for Next Mark 0.273ms
[2024-09-08T16:13:53.850+0800][info] GC(57) Concurrent Mark Cycle 8.844ms
[2024-09-08T16:13:54.345+0800][info] GC(58) Pause Young (Prepare Mixed) (G1 Evacuation Pause)
[2024-09-08T16:13:54.346+0800][info] GC(58) Using 3 workers of 48 for evacuation
[2024-09-08T16:13:54.348+0800][info] GC(58)   Pre Evacuate Collection Set: 0.1ms
[2024-09-08T16:13:54.348+0800][info] GC(58)   Merge Heap Roots: 0.0ms
[2024-09-08T16:13:54.348+0800][info] GC(58)   Evacuate Collection Set: 1.6ms
[2024-09-08T16:13:54.348+0800][info] GC(58)   Post Evacuate Collection Set: 0.2ms
[2024-09-08T16:13:54.348+0800][info] GC(58)   Other: 0.2ms
[2024-09-08T16:13:54.348+0800][info] GC(58) Eden regions: 1->0(1)
[2024-09-08T16:13:54.348+0800][info] GC(58) Survivor regions: 1->1(1)
[2024-09-08T16:13:54.348+0800][info] GC(58) Old regions: 6->6
[2024-09-08T16:13:54.348+0800][info] GC(58) Archive regions: 2->2
[2024-09-08T16:13:54.348+0800][info] GC(58) Humongous regions: 0->0
[2024-09-08T16:13:54.348+0800][info] GC(58) Metaspace: 652K(832K)->652K(832K) NonClass: 594K(704K)->594K(704K) Class: 57K(128K)->57K(128K)
[2024-09-08T16:13:54.348+0800][info] GC(58) Pause Young (Prepare Mixed) (G1 Evacuation Pause) 31M->30M(128M) 2.254ms
[2024-09-08T16:13:54.348+0800][info] GC(58) User=0.01s Sys=0.00s Real=0.00s
[2024-09-08T16:13:54.851+0800][info] GC(59) Pause Young (Mixed) (G1 Evacuation Pause)
[2024-09-08T16:13:54.851+0800][info] GC(59) Using 3 workers of 48 for evacuation
[2024-09-08T16:13:54.854+0800][info] GC(59)   Pre Evacuate Collection Set: 0.0ms
[2024-09-08T16:13:54.854+0800][info] GC(59)   Merge Heap Roots: 0.0ms
[2024-09-08T16:13:54.854+0800][info] GC(59)   Evacuate Collection Set: 2.9ms
[2024-09-08T16:13:54.854+0800][info] GC(59)   Post Evacuate Collection Set: 0.2ms
[2024-09-08T16:13:54.854+0800][info] GC(59)   Other: 0.2ms
[2024-09-08T16:13:54.854+0800][info] GC(59) Eden regions: 1->0(5)
[2024-09-08T16:13:54.854+0800][info] GC(59) Survivor regions: 1->1(1)
[2024-09-08T16:13:54.854+0800][info] GC(59) Old regions: 6->4
[2024-09-08T16:13:54.854+0800][info] GC(59) Archive regions: 2->2
[2024-09-08T16:13:54.854+0800][info] GC(59) Humongous regions: 0->0
[2024-09-08T16:13:54.854+0800][info] GC(59) Metaspace: 652K(832K)->652K(832K) NonClass: 594K(704K)->594K(704K) Class: 57K(128K)->57K(128K)
[2024-09-08T16:13:54.854+0800][info] GC(59) Pause Young (Mixed) (G1 Evacuation Pause) 34M->23M(128M) 3.475ms
[2024-09-08T16:13:54.854+0800][info] GC(59) User=0.01s Sys=0.00s Real=0.00s
[2024-09-08T16:13:57.396+0800][info] GC(60) Pause Young (Normal) (G1 Evacuation Pause)
[2024-09-08T16:13:57.396+0800][info] GC(60) Using 3 workers of 48 for evacuation
[2024-09-08T16:13:57.401+0800][info] GC(60)   Pre Evacuate Collection Set: 0.1ms
[2024-09-08T16:13:57.401+0800][info] GC(60)   Merge Heap Roots: 0.0ms
[2024-09-08T16:13:57.401+0800][info] GC(60)   Evacuate Collection Set: 5.1ms
[2024-09-08T16:13:57.401+0800][info] GC(60)   Post Evacuate Collection Set: 0.2ms
[2024-09-08T16:13:57.401+0800][info] GC(60)   Other: 0.2ms
[2024-09-08T16:13:57.401+0800][info] GC(60) Eden regions: 5->0(5)
[2024-09-08T16:13:57.401+0800][info] GC(60) Survivor regions: 1->1(1)
[2024-09-08T16:13:57.401+0800][info] GC(60) Old regions: 4->9
[2024-09-08T16:13:57.401+0800][info] GC(60) Archive regions: 2->2
[2024-09-08T16:13:57.401+0800][info] GC(60) Humongous regions: 0->0
[2024-09-08T16:13:57.401+0800][info] GC(60) Metaspace: 652K(832K)->652K(832K) NonClass: 594K(704K)->594K(704K) Class: 57K(128K)->57K(128K)
[2024-09-08T16:13:57.402+0800][info] GC(60) Pause Young (Normal) (G1 Evacuation Pause) 43M->43M(128M) 5.721ms
[2024-09-08T16:13:57.402+0800][info] GC(60) User=0.02s Sys=0.00s Real=0.01s
[2024-09-08T16:13:59.922+0800][info] GC(61) Pause Young (Normal) (G1 Evacuation Pause)
[2024-09-08T16:13:59.922+0800][info] GC(61) Using 3 workers of 48 for evacuation
[2024-09-08T16:13:59.926+0800][info] GC(61)   Pre Evacuate Collection Set: 0.0ms
[2024-09-08T16:13:59.926+0800][info] GC(61)   Merge Heap Roots: 0.0ms
[2024-09-08T16:13:59.926+0800][info] GC(61)   Evacuate Collection Set: 3.6ms
[2024-09-08T16:13:59.926+0800][info] GC(61)   Post Evacuate Collection Set: 0.1ms
[2024-09-08T16:13:59.926+0800][info] GC(61)   Other: 0.2ms
[2024-09-08T16:13:59.926+0800][info] GC(61) Eden regions: 5->0(4)
[2024-09-08T16:13:59.926+0800][info] GC(61) Survivor regions: 1->1(1)
[2024-09-08T16:13:59.926+0800][info] GC(61) Old regions: 9->14
[2024-09-08T16:13:59.926+0800][info] GC(61) Archive regions: 2->2
[2024-09-08T16:13:59.926+0800][info] GC(61) Humongous regions: 0->0
[2024-09-08T16:13:59.926+0800][info] GC(61) Metaspace: 652K(832K)->652K(832K) NonClass: 594K(704K)->594K(704K) Class: 57K(128K)->57K(128K)
[2024-09-08T16:13:59.926+0800][info] GC(61) Pause Young (Normal) (G1 Evacuation Pause) 63M->63M(128M) 4.138ms
[2024-09-08T16:13:59.926+0800][info] GC(61) User=0.02s Sys=0.00s Real=0.01s
[2024-09-08T16:14:01.941+0800][info] GC(62) Pause Young (Concurrent Start) (G1 Evacuation Pause)
[2024-09-08T16:14:01.941+0800][info] GC(62) Using 3 workers of 48 for evacuation
[2024-09-08T16:14:01.945+0800][info] GC(62)   Pre Evacuate Collection Set: 0.1ms
[2024-09-08T16:14:01.945+0800][info] GC(62)   Merge Heap Roots: 0.0ms
[2024-09-08T16:14:01.945+0800][info] GC(62)   Evacuate Collection Set: 3.2ms
[2024-09-08T16:14:01.945+0800][info] GC(62)   Post Evacuate Collection Set: 0.2ms
[2024-09-08T16:14:01.945+0800][info] GC(62)   Other: 0.4ms
[2024-09-08T16:14:01.945+0800][info] GC(62) Eden regions: 4->0(2)
[2024-09-08T16:14:01.945+0800][info] GC(62) Survivor regions: 1->1(1)
[2024-09-08T16:14:01.945+0800][info] GC(62) Old regions: 14->18
[2024-09-08T16:14:01.945+0800][info] GC(62) Archive regions: 2->2
[2024-09-08T16:14:01.945+0800][info] GC(62) Humongous regions: 0->0
[2024-09-08T16:14:01.945+0800][info] GC(62) Metaspace: 652K(832K)->652K(832K) NonClass: 594K(704K)->594K(704K) Class: 57K(128K)->57K(128K)
[2024-09-08T16:14:01.945+0800][info] GC(62) Pause Young (Concurrent Start) (G1 Evacuation Pause) 79M->79M(128M) 4.066ms
[2024-09-08T16:14:01.945+0800][info] GC(62) User=0.00s Sys=0.00s Real=0.01s
[2024-09-08T16:14:01.945+0800][info] GC(63) Concurrent Mark Cycle
[2024-09-08T16:14:01.945+0800][info] GC(63) Concurrent Clear Claimed Marks
[2024-09-08T16:14:01.945+0800][info] GC(63) Concurrent Clear Claimed Marks 0.021ms
[2024-09-08T16:14:01.945+0800][info] GC(63) Concurrent Scan Root Regions
[2024-09-08T16:14:01.945+0800][info] GC(63) Concurrent Scan Root Regions 0.398ms
[2024-09-08T16:14:01.946+0800][info] GC(63) Concurrent Mark
[2024-09-08T16:14:01.946+0800][info] GC(63) Concurrent Mark From Roots
[2024-09-08T16:14:01.946+0800][info] GC(63) Using 12 workers of 12 for marking
[2024-09-08T16:14:01.948+0800][info] GC(63) Concurrent Mark From Roots 2.453ms
[2024-09-08T16:14:01.948+0800][info] GC(63) Concurrent Preclean
[2024-09-08T16:14:01.950+0800][info] GC(63) Concurrent Preclean 1.548ms
[2024-09-08T16:14:01.950+0800][info] GC(63) Pause Remark
[2024-09-08T16:14:01.951+0800][info] GC(63) Pause Remark 79M->79M(128M) 1.019ms
[2024-09-08T16:14:01.951+0800][info] GC(63) User=0.00s Sys=0.00s Real=0.00s
[2024-09-08T16:14:01.951+0800][info] GC(63) Concurrent Mark 5.249ms
[2024-09-08T16:14:01.951+0800][info] GC(63) Concurrent Rebuild Remembered Sets
[2024-09-08T16:14:01.956+0800][info] GC(63) Concurrent Rebuild Remembered Sets 5.070ms
[2024-09-08T16:14:01.956+0800][info] GC(63) Pause Cleanup
[2024-09-08T16:14:01.956+0800][info] GC(63) Pause Cleanup 79M->79M(128M) 0.362ms
[2024-09-08T16:14:01.956+0800][info] GC(63) User=0.00s Sys=0.00s Real=0.00s
[2024-09-08T16:14:01.956+0800][info] GC(63) Concurrent Cleanup for Next Mark
[2024-09-08T16:14:01.957+0800][info] GC(63) Concurrent Cleanup for Next Mark 0.390ms
[2024-09-08T16:14:01.957+0800][info] GC(63) Concurrent Mark Cycle 11.841ms
[2024-09-08T16:14:02.949+0800][info] GC(64) Pause Young (Prepare Mixed) (G1 Evacuation Pause)
[2024-09-08T16:14:02.949+0800][info] GC(64) Using 3 workers of 48 for evacuation
[2024-09-08T16:14:02.951+0800][info] GC(64)   Pre Evacuate Collection Set: 0.1ms
[2024-09-08T16:14:02.951+0800][info] GC(64)   Merge Heap Roots: 0.0ms
[2024-09-08T16:14:02.951+0800][info] GC(64)   Evacuate Collection Set: 1.8ms
[2024-09-08T16:14:02.951+0800][info] GC(64)   Post Evacuate Collection Set: 0.2ms
[2024-09-08T16:14:02.951+0800][info] GC(64)   Other: 0.2ms
[2024-09-08T16:14:02.951+0800][info] GC(64) Eden regions: 2->0(1)
[2024-09-08T16:14:02.951+0800][info] GC(64) Survivor regions: 1->1(1)
[2024-09-08T16:14:02.951+0800][info] GC(64) Old regions: 18->20
[2024-09-08T16:14:02.951+0800][info] GC(64) Archive regions: 2->2
[2024-09-08T16:14:02.951+0800][info] GC(64) Humongous regions: 0->0
[2024-09-08T16:14:02.951+0800][info] GC(64) Metaspace: 652K(832K)->652K(832K) NonClass: 594K(704K)->594K(704K) Class: 57K(128K)->57K(128K)
[2024-09-08T16:14:02.951+0800][info] GC(64) Pause Young (Prepare Mixed) (G1 Evacuation Pause) 87M->87M(128M) 2.461ms
[2024-09-08T16:14:02.951+0800][info] GC(64) User=0.00s Sys=0.00s Real=0.00s
[2024-09-08T16:14:03.460+0800][info] GC(65) Pause Young (Mixed) (G1 Evacuation Pause)
[2024-09-08T16:14:03.460+0800][info] GC(65) Using 3 workers of 48 for evacuation
[2024-09-08T16:14:03.462+0800][info] GC(65)   Pre Evacuate Collection Set: 0.1ms
[2024-09-08T16:14:03.462+0800][info] GC(65)   Merge Heap Roots: 0.0ms
[2024-09-08T16:14:03.462+0800][info] GC(65)   Evacuate Collection Set: 1.7ms
[2024-09-08T16:14:03.462+0800][info] GC(65)   Post Evacuate Collection Set: 0.2ms
[2024-09-08T16:14:03.462+0800][info] GC(65)   Other: 0.2ms
[2024-09-08T16:14:03.462+0800][info] GC(65) Eden regions: 1->0(2)
[2024-09-08T16:14:03.462+0800][info] GC(65) Survivor regions: 1->1(1)
[2024-09-08T16:14:03.462+0800][info] GC(65) Old regions: 20->20
[2024-09-08T16:14:03.462+0800][info] GC(65) Archive regions: 2->2
[2024-09-08T16:14:03.462+0800][info] GC(65) Humongous regions: 0->0
[2024-09-08T16:14:03.462+0800][info] GC(65) Metaspace: 653K(832K)->653K(832K) NonClass: 596K(704K)->596K(704K) Class: 57K(128K)->57K(128K)
[2024-09-08T16:14:03.462+0800][info] GC(65) Pause Young (Mixed) (G1 Evacuation Pause) 91M->87M(128M) 2.320ms
[2024-09-08T16:14:03.462+0800][info] GC(65) User=0.01s Sys=0.00s Real=0.00s
[2024-09-08T16:14:04.460+0800][info] GC(66) Pause Young (Concurrent Start) (G1 Evacuation Pause)
[2024-09-08T16:14:04.460+0800][info] GC(66) Using 3 workers of 48 for evacuation
[2024-09-08T16:14:04.462+0800][info] GC(66)   Pre Evacuate Collection Set: 0.0ms
[2024-09-08T16:14:04.462+0800][info] GC(66)   Merge Heap Roots: 0.0ms
[2024-09-08T16:14:04.462+0800][info] GC(66)   Evacuate Collection Set: 1.8ms
[2024-09-08T16:14:04.462+0800][info] GC(66)   Post Evacuate Collection Set: 0.2ms
[2024-09-08T16:14:04.462+0800][info] GC(66)   Other: 0.3ms
[2024-09-08T16:14:04.462+0800][info] GC(66) Eden regions: 2->0(1)
[2024-09-08T16:14:04.462+0800][info] GC(66) Survivor regions: 1->1(1)
[2024-09-08T16:14:04.462+0800][info] GC(66) Old regions: 20->22
[2024-09-08T16:14:04.462+0800][info] GC(66) Archive regions: 2->2
[2024-09-08T16:14:04.462+0800][info] GC(66) Humongous regions: 0->0
[2024-09-08T16:14:04.462+0800][info] GC(66) Metaspace: 653K(832K)->653K(832K) NonClass: 596K(704K)->596K(704K) Class: 57K(128K)->57K(128K)
[2024-09-08T16:14:04.462+0800][info] GC(66) Pause Young (Concurrent Start) (G1 Evacuation Pause) 95M->95M(128M) 2.445ms
[2024-09-08T16:14:04.462+0800][info] GC(66) User=0.00s Sys=0.00s Real=0.00s
[2024-09-08T16:14:04.462+0800][info] GC(67) Concurrent Mark Cycle
[2024-09-08T16:14:04.463+0800][info] GC(67) Concurrent Clear Claimed Marks
[2024-09-08T16:14:04.463+0800][info] GC(67) Concurrent Clear Claimed Marks 0.019ms
[2024-09-08T16:14:04.463+0800][info] GC(67) Concurrent Scan Root Regions
[2024-09-08T16:14:04.463+0800][info] GC(67) Concurrent Scan Root Regions 0.102ms
[2024-09-08T16:14:04.463+0800][info] GC(67) Concurrent Mark
[2024-09-08T16:14:04.463+0800][info] GC(67) Concurrent Mark From Roots
[2024-09-08T16:14:04.463+0800][info] GC(67) Using 12 workers of 12 for marking
[2024-09-08T16:14:04.465+0800][info] GC(67) Concurrent Mark From Roots 2.756ms
[2024-09-08T16:14:04.465+0800][info] GC(67) Concurrent Preclean
[2024-09-08T16:14:04.467+0800][info] GC(67) Concurrent Preclean 1.678ms
[2024-09-08T16:14:04.467+0800][info] GC(67) Pause Remark
[2024-09-08T16:14:04.469+0800][info] GC(67) Pause Remark 95M->23M(128M) 2.183ms
[2024-09-08T16:14:04.469+0800][info] GC(67) User=0.01s Sys=0.00s Real=0.00s
[2024-09-08T16:14:04.469+0800][info] GC(67) Concurrent Mark 6.789ms
[2024-09-08T16:14:04.470+0800][info] GC(67) Concurrent Rebuild Remembered Sets
[2024-09-08T16:14:04.471+0800][info] GC(67) Concurrent Rebuild Remembered Sets 1.604ms
[2024-09-08T16:14:04.471+0800][info] GC(67) Pause Cleanup
[2024-09-08T16:14:04.471+0800][info] GC(67) Pause Cleanup 23M->23M(128M) 0.170ms
[2024-09-08T16:14:04.471+0800][info] GC(67) User=0.00s Sys=0.00s Real=0.00s
[2024-09-08T16:14:04.471+0800][info] GC(67) Concurrent Cleanup for Next Mark
[2024-09-08T16:14:04.472+0800][info] GC(67) Concurrent Cleanup for Next Mark 0.297ms
[2024-09-08T16:14:04.472+0800][info] GC(67) Concurrent Mark Cycle 9.323ms
[2024-09-08T16:14:04.961+0800][info] GC(68) Pause Young (Prepare Mixed) (G1 Evacuation Pause)
[2024-09-08T16:14:04.961+0800][info] GC(68) Using 3 workers of 48 for evacuation
[2024-09-08T16:14:04.962+0800][info] GC(68)   Pre Evacuate Collection Set: 0.0ms
[2024-09-08T16:14:04.962+0800][info] GC(68)   Merge Heap Roots: 0.0ms
[2024-09-08T16:14:04.962+0800][info] GC(68)   Evacuate Collection Set: 1.1ms
[2024-09-08T16:14:04.962+0800][info] GC(68)   Post Evacuate Collection Set: 0.1ms
[2024-09-08T16:14:04.962+0800][info] GC(68)   Other: 0.2ms
[2024-09-08T16:14:04.962+0800][info] GC(68) Eden regions: 1->0(1)
[2024-09-08T16:14:04.962+0800][info] GC(68) Survivor regions: 1->1(1)
[2024-09-08T16:14:04.962+0800][info] GC(68) Old regions: 4->5
[2024-09-08T16:14:04.962+0800][info] GC(68) Archive regions: 2->2
[2024-09-08T16:14:04.962+0800][info] GC(68) Humongous regions: 0->0
[2024-09-08T16:14:04.962+0800][info] GC(68) Metaspace: 643K(832K)->643K(832K) NonClass: 588K(704K)->588K(704K) Class: 55K(128K)->55K(128K)
[2024-09-08T16:14:04.963+0800][info] GC(68) Pause Young (Prepare Mixed) (G1 Evacuation Pause) 27M->26M(128M) 1.638ms
[2024-09-08T16:14:04.963+0800][info] GC(68) User=0.01s Sys=0.00s Real=0.00s
[2024-09-08T16:14:05.459+0800][info] GC(69) Pause Young (Mixed) (G1 Evacuation Pause)
[2024-09-08T16:14:05.459+0800][info] GC(69) Using 3 workers of 48 for evacuation
[2024-09-08T16:14:05.462+0800][info] GC(69)   Pre Evacuate Collection Set: 0.0ms
[2024-09-08T16:14:05.462+0800][info] GC(69)   Merge Heap Roots: 0.0ms
[2024-09-08T16:14:05.462+0800][info] GC(69)   Evacuate Collection Set: 2.3ms
[2024-09-08T16:14:05.462+0800][info] GC(69)   Post Evacuate Collection Set: 0.2ms
[2024-09-08T16:14:05.462+0800][info] GC(69)   Other: 0.2ms
[2024-09-08T16:14:05.462+0800][info] GC(69) Eden regions: 1->0(6)
[2024-09-08T16:14:05.462+0800][info] GC(69) Survivor regions: 1->1(1)
[2024-09-08T16:14:05.462+0800][info] GC(69) Old regions: 5->5
[2024-09-08T16:14:05.462+0800][info] GC(69) Archive regions: 2->2
[2024-09-08T16:14:05.462+0800][info] GC(69) Humongous regions: 0->0
[2024-09-08T16:14:05.462+0800][info] GC(69) Metaspace: 643K(832K)->643K(832K) NonClass: 588K(704K)->588K(704K) Class: 55K(128K)->55K(128K)
[2024-09-08T16:14:05.462+0800][info] GC(69) Pause Young (Mixed) (G1 Evacuation Pause) 30M->24M(128M) 2.915ms
[2024-09-08T16:14:05.462+0800][info] GC(69) User=0.00s Sys=0.00s Real=0.00s
[2024-09-08T16:14:08.473+0800][info] GC(70) Pause Young (Normal) (G1 Evacuation Pause)
[2024-09-08T16:14:08.473+0800][info] GC(70) Using 3 workers of 48 for evacuation
[2024-09-08T16:14:08.478+0800][info] GC(70)   Pre Evacuate Collection Set: 0.0ms
[2024-09-08T16:14:08.478+0800][info] GC(70)   Merge Heap Roots: 0.0ms
[2024-09-08T16:14:08.478+0800][info] GC(70)   Evacuate Collection Set: 5.0ms
[2024-09-08T16:14:08.478+0800][info] GC(70)   Post Evacuate Collection Set: 0.2ms
[2024-09-08T16:14:08.478+0800][info] GC(70)   Other: 0.2ms
[2024-09-08T16:14:08.478+0800][info] GC(70) Eden regions: 6->0(4)
[2024-09-08T16:14:08.478+0800][info] GC(70) Survivor regions: 1->1(1)
[2024-09-08T16:14:08.478+0800][info] GC(70) Old regions: 5->11
[2024-09-08T16:14:08.478+0800][info] GC(70) Archive regions: 2->2
[2024-09-08T16:14:08.478+0800][info] GC(70) Humongous regions: 0->0
[2024-09-08T16:14:08.478+0800][info] GC(70) Metaspace: 643K(832K)->643K(832K) NonClass: 588K(704K)->588K(704K) Class: 55K(128K)->55K(128K)
[2024-09-08T16:14:08.478+0800][info] GC(70) Pause Young (Normal) (G1 Evacuation Pause) 48M->48M(128M) 5.575ms
[2024-09-08T16:14:08.478+0800][info] GC(70) User=0.01s Sys=0.00s Real=0.01s
[2024-09-08T16:14:10.485+0800][info] GC(71) Pause Young (Normal) (G1 Evacuation Pause)
[2024-09-08T16:14:10.485+0800][info] GC(71) Using 3 workers of 48 for evacuation
[2024-09-08T16:14:10.488+0800][info] GC(71)   Pre Evacuate Collection Set: 0.0ms
[2024-09-08T16:14:10.488+0800][info] GC(71)   Merge Heap Roots: 0.0ms
[2024-09-08T16:14:10.488+0800][info] GC(71)   Evacuate Collection Set: 2.9ms
[2024-09-08T16:14:10.488+0800][info] GC(71)   Post Evacuate Collection Set: 0.1ms
[2024-09-08T16:14:10.488+0800][info] GC(71)   Other: 0.2ms
[2024-09-08T16:14:10.488+0800][info] GC(71) Eden regions: 4->0(3)
[2024-09-08T16:14:10.488+0800][info] GC(71) Survivor regions: 1->1(1)
[2024-09-08T16:14:10.488+0800][info] GC(71) Old regions: 11->15
[2024-09-08T16:14:10.488+0800][info] GC(71) Archive regions: 2->2
[2024-09-08T16:14:10.488+0800][info] GC(71) Humongous regions: 0->0
[2024-09-08T16:14:10.488+0800][info] GC(71) Metaspace: 643K(832K)->643K(832K) NonClass: 588K(704K)->588K(704K) Class: 55K(128K)->55K(128K)
[2024-09-08T16:14:10.488+0800][info] GC(71) Pause Young (Normal) (G1 Evacuation Pause) 64M->64M(128M) 3.314ms
[2024-09-08T16:14:10.488+0800][info] GC(71) User=0.01s Sys=0.00s Real=0.00s
[2024-09-08T16:14:12.010+0800][info] GC(72) Pause Young (Normal) (G1 Evacuation Pause)
[2024-09-08T16:14:12.010+0800][info] GC(72) Using 3 workers of 48 for evacuation
[2024-09-08T16:14:12.013+0800][info] GC(72)   Pre Evacuate Collection Set: 0.0ms
[2024-09-08T16:14:12.013+0800][info] GC(72)   Merge Heap Roots: 0.0ms
[2024-09-08T16:14:12.013+0800][info] GC(72)   Evacuate Collection Set: 2.5ms
[2024-09-08T16:14:12.013+0800][info] GC(72)   Post Evacuate Collection Set: 0.2ms
[2024-09-08T16:14:12.013+0800][info] GC(72)   Other: 0.2ms
[2024-09-08T16:14:12.013+0800][info] GC(72) Eden regions: 3->0(2)
[2024-09-08T16:14:12.013+0800][info] GC(72) Survivor regions: 1->1(1)
[2024-09-08T16:14:12.013+0800][info] GC(72) Old regions: 15->18
[2024-09-08T16:14:12.013+0800][info] GC(72) Archive regions: 2->2
[2024-09-08T16:14:12.013+0800][info] GC(72) Humongous regions: 0->0
[2024-09-08T16:14:12.013+0800][info] GC(72) Metaspace: 643K(832K)->643K(832K) NonClass: 588K(704K)->588K(704K) Class: 55K(128K)->55K(128K)
[2024-09-08T16:14:12.013+0800][info] GC(72) Pause Young (Normal) (G1 Evacuation Pause) 76M->76M(128M) 3.088ms
[2024-09-08T16:14:12.013+0800][info] GC(72) User=0.00s Sys=0.01s Real=0.00s
[2024-09-08T16:14:13.014+0800][info] GC(73) Pause Young (Normal) (G1 Evacuation Pause)
[2024-09-08T16:14:13.014+0800][info] GC(73) Using 3 workers of 48 for evacuation
[2024-09-08T16:14:13.016+0800][info] GC(73)   Pre Evacuate Collection Set: 0.1ms
[2024-09-08T16:14:13.016+0800][info] GC(73)   Merge Heap Roots: 0.0ms
[2024-09-08T16:14:13.016+0800][info] GC(73)   Evacuate Collection Set: 1.8ms
[2024-09-08T16:14:13.016+0800][info] GC(73)   Post Evacuate Collection Set: 0.1ms
[2024-09-08T16:14:13.016+0800][info] GC(73)   Other: 0.2ms
[2024-09-08T16:14:13.016+0800][info] GC(73) Eden regions: 2->0(2)
[2024-09-08T16:14:13.016+0800][info] GC(73) Survivor regions: 1->1(1)
[2024-09-08T16:14:13.016+0800][info] GC(73) Old regions: 18->20
[2024-09-08T16:14:13.016+0800][info] GC(73) Archive regions: 2->2
[2024-09-08T16:14:13.016+0800][info] GC(73) Humongous regions: 0->0
[2024-09-08T16:14:13.016+0800][info] GC(73) Metaspace: 643K(832K)->643K(832K) NonClass: 588K(704K)->588K(704K) Class: 55K(128K)->55K(128K)
[2024-09-08T16:14:13.016+0800][info] GC(73) Pause Young (Normal) (G1 Evacuation Pause) 84M->84M(128M) 2.397ms
[2024-09-08T16:14:13.016+0800][info] GC(73) User=0.00s Sys=0.00s Real=0.00s
[2024-09-08T16:14:14.036+0800][info] GC(74) Pause Young (Normal) (G1 Evacuation Pause)
[2024-09-08T16:14:14.036+0800][info] GC(74) Using 3 workers of 48 for evacuation
[2024-09-08T16:14:14.038+0800][info] GC(74)   Pre Evacuate Collection Set: 0.0ms
[2024-09-08T16:14:14.038+0800][info] GC(74)   Merge Heap Roots: 0.0ms
[2024-09-08T16:14:14.038+0800][info] GC(74)   Evacuate Collection Set: 1.8ms
[2024-09-08T16:14:14.038+0800][info] GC(74)   Post Evacuate Collection Set: 0.1ms
[2024-09-08T16:14:14.038+0800][info] GC(74)   Other: 0.2ms
[2024-09-08T16:14:14.038+0800][info] GC(74) Eden regions: 2->0(1)
[2024-09-08T16:14:14.038+0800][info] GC(74) Survivor regions: 1->1(1)
[2024-09-08T16:14:14.038+0800][info] GC(74) Old regions: 20->22
[2024-09-08T16:14:14.038+0800][info] GC(74) Archive regions: 2->2
[2024-09-08T16:14:14.038+0800][info] GC(74) Humongous regions: 0->0
[2024-09-08T16:14:14.038+0800][info] GC(74) Metaspace: 652K(832K)->652K(832K) NonClass: 597K(704K)->597K(704K) Class: 55K(128K)->55K(128K)
[2024-09-08T16:14:14.038+0800][info] GC(74) Pause Young (Normal) (G1 Evacuation Pause) 92M->92M(128M) 2.341ms
[2024-09-08T16:14:14.038+0800][info] GC(74) User=0.00s Sys=0.00s Real=0.01s
[2024-09-08T16:14:14.535+0800][info] GC(75) Pause Young (Normal) (G1 Evacuation Pause)
[2024-09-08T16:14:14.535+0800][info] GC(75) Using 3 workers of 48 for evacuation
[2024-09-08T16:14:14.536+0800][info] GC(75)   Pre Evacuate Collection Set: 0.0ms
[2024-09-08T16:14:14.536+0800][info] GC(75)   Merge Heap Roots: 0.0ms
[2024-09-08T16:14:14.536+0800][info] GC(75)   Evacuate Collection Set: 0.8ms
[2024-09-08T16:14:14.536+0800][info] GC(75)   Post Evacuate Collection Set: 0.1ms
[2024-09-08T16:14:14.536+0800][info] GC(75)   Other: 0.1ms
[2024-09-08T16:14:14.536+0800][info] GC(75) Eden regions: 1->0(1)
[2024-09-08T16:14:14.536+0800][info] GC(75) Survivor regions: 1->1(1)
[2024-09-08T16:14:14.536+0800][info] GC(75) Old regions: 22->23
[2024-09-08T16:14:14.536+0800][info] GC(75) Archive regions: 2->2
[2024-09-08T16:14:14.536+0800][info] GC(75) Humongous regions: 0->0
[2024-09-08T16:14:14.536+0800][info] GC(75) Metaspace: 652K(832K)->652K(832K) NonClass: 597K(704K)->597K(704K) Class: 55K(128K)->55K(128K)
[2024-09-08T16:14:14.536+0800][info] GC(75) Pause Young (Normal) (G1 Evacuation Pause) 96M->96M(128M) 1.271ms
[2024-09-08T16:14:14.536+0800][info] GC(75) User=0.00s Sys=0.00s Real=0.00s
[2024-09-08T16:14:15.032+0800][info] GC(76) Pause Young (Normal) (G1 Evacuation Pause)
[2024-09-08T16:14:15.032+0800][info] GC(76) Using 3 workers of 48 for evacuation
[2024-09-08T16:14:15.033+0800][info] GC(76)   Pre Evacuate Collection Set: 0.0ms
[2024-09-08T16:14:15.033+0800][info] GC(76)   Merge Heap Roots: 0.0ms
[2024-09-08T16:14:15.033+0800][info] GC(76)   Evacuate Collection Set: 0.9ms
[2024-09-08T16:14:15.033+0800][info] GC(76)   Post Evacuate Collection Set: 0.1ms
[2024-09-08T16:14:15.033+0800][info] GC(76)   Other: 0.2ms
[2024-09-08T16:14:15.033+0800][info] GC(76) Eden regions: 1->0(1)
[2024-09-08T16:14:15.033+0800][info] GC(76) Survivor regions: 1->1(1)
[2024-09-08T16:14:15.033+0800][info] GC(76) Old regions: 23->24
[2024-09-08T16:14:15.033+0800][info] GC(76) Archive regions: 2->2
[2024-09-08T16:14:15.033+0800][info] GC(76) Humongous regions: 0->0
[2024-09-08T16:14:15.033+0800][info] GC(76) Metaspace: 652K(832K)->652K(832K) NonClass: 597K(704K)->597K(704K) Class: 55K(128K)->55K(128K)
[2024-09-08T16:14:15.034+0800][info] GC(76) Pause Young (Normal) (G1 Evacuation Pause) 99M->99M(128M) 1.445ms
[2024-09-08T16:14:15.034+0800][info] GC(76) User=0.00s Sys=0.00s Real=0.00s
[2024-09-08T16:14:15.533+0800][info] GC(77) Pause Young (Normal) (G1 Preventive Collection)
[2024-09-08T16:14:15.533+0800][info] GC(77) Using 3 workers of 48 for evacuation
[2024-09-08T16:14:15.534+0800][info] GC(77)   Pre Evacuate Collection Set: 0.0ms
[2024-09-08T16:14:15.534+0800][info] GC(77)   Merge Heap Roots: 0.0ms
[2024-09-08T16:14:15.534+0800][info] GC(77)   Evacuate Collection Set: 0.8ms
[2024-09-08T16:14:15.534+0800][info] GC(77)   Post Evacuate Collection Set: 0.1ms
[2024-09-08T16:14:15.534+0800][info] GC(77)   Other: 0.1ms
[2024-09-08T16:14:15.534+0800][info] GC(77) Eden regions: 1->0(1)
[2024-09-08T16:14:15.534+0800][info] GC(77) Survivor regions: 1->1(1)
[2024-09-08T16:14:15.534+0800][info] GC(77) Old regions: 24->25
[2024-09-08T16:14:15.534+0800][info] GC(77) Archive regions: 2->2
[2024-09-08T16:14:15.534+0800][info] GC(77) Humongous regions: 0->0
[2024-09-08T16:14:15.534+0800][info] GC(77) Metaspace: 652K(832K)->652K(832K) NonClass: 597K(704K)->597K(704K) Class: 55K(128K)->55K(128K)
[2024-09-08T16:14:15.534+0800][info] GC(77) Pause Young (Normal) (G1 Preventive Collection) 103M->103M(128M) 1.313ms
[2024-09-08T16:14:15.534+0800][info] GC(77) User=0.00s Sys=0.00s Real=0.00s
[2024-09-08T16:14:16.034+0800][info] GC(78) Pause Young (Normal) (G1 Preventive Collection)
[2024-09-08T16:14:16.034+0800][info] GC(78) Using 3 workers of 48 for evacuation
[2024-09-08T16:14:16.035+0800][info] GC(78)   Pre Evacuate Collection Set: 0.0ms
[2024-09-08T16:14:16.035+0800][info] GC(78)   Merge Heap Roots: 0.0ms
[2024-09-08T16:14:16.035+0800][info] GC(78)   Evacuate Collection Set: 0.9ms
[2024-09-08T16:14:16.035+0800][info] GC(78)   Post Evacuate Collection Set: 0.1ms
[2024-09-08T16:14:16.035+0800][info] GC(78)   Other: 0.1ms
[2024-09-08T16:14:16.035+0800][info] GC(78) Eden regions: 1->0(1)
[2024-09-08T16:14:16.035+0800][info] GC(78) Survivor regions: 1->1(1)
[2024-09-08T16:14:16.035+0800][info] GC(78) Old regions: 25->26
[2024-09-08T16:14:16.035+0800][info] GC(78) Archive regions: 2->2
[2024-09-08T16:14:16.035+0800][info] GC(78) Humongous regions: 0->0
[2024-09-08T16:14:16.035+0800][info] GC(78) Metaspace: 652K(832K)->652K(832K) NonClass: 597K(704K)->597K(704K) Class: 55K(128K)->55K(128K)
[2024-09-08T16:14:16.035+0800][info] GC(78) Pause Young (Normal) (G1 Preventive Collection) 107M->107M(128M) 1.398ms
[2024-09-08T16:14:16.035+0800][info] GC(78) User=0.00s Sys=0.00s Real=0.00s
[2024-09-08T16:14:16.531+0800][info] GC(79) Pause Young (Normal) (G1 Preventive Collection)
[2024-09-08T16:14:16.531+0800][info] GC(79) Using 3 workers of 48 for evacuation
[2024-09-08T16:14:16.533+0800][info] GC(79)   Pre Evacuate Collection Set: 0.0ms
[2024-09-08T16:14:16.533+0800][info] GC(79)   Merge Heap Roots: 0.0ms
[2024-09-08T16:14:16.533+0800][info] GC(79)   Evacuate Collection Set: 1.2ms
[2024-09-08T16:14:16.533+0800][info] GC(79)   Post Evacuate Collection Set: 0.2ms
[2024-09-08T16:14:16.533+0800][info] GC(79)   Other: 0.2ms
[2024-09-08T16:14:16.533+0800][info] GC(79) Eden regions: 1->0(1)
[2024-09-08T16:14:16.533+0800][info] GC(79) Survivor regions: 1->1(1)
[2024-09-08T16:14:16.533+0800][info] GC(79) Old regions: 26->26
[2024-09-08T16:14:16.533+0800][info] GC(79) Archive regions: 2->2
[2024-09-08T16:14:16.533+0800][info] GC(79) Humongous regions: 0->0
[2024-09-08T16:14:16.533+0800][info] GC(79) Metaspace: 652K(832K)->652K(832K) NonClass: 597K(704K)->597K(704K) Class: 55K(128K)->55K(128K)
[2024-09-08T16:14:16.533+0800][info] GC(79) Pause Young (Normal) (G1 Preventive Collection) 111M->111M(128M) 1.725ms
[2024-09-08T16:14:16.533+0800][info] GC(79) User=0.00s Sys=0.00s Real=0.00s
[2024-09-08T16:14:17.030+0800][info] GC(80) Pause Young (Normal) (G1 Preventive Collection)
[2024-09-08T16:14:17.030+0800][info] GC(80) Using 3 workers of 48 for evacuation
[2024-09-08T16:14:17.031+0800][info] GC(80)   Pre Evacuate Collection Set: 0.0ms
[2024-09-08T16:14:17.031+0800][info] GC(80)   Merge Heap Roots: 0.0ms
[2024-09-08T16:14:17.031+0800][info] GC(80)   Evacuate Collection Set: 1.2ms
[2024-09-08T16:14:17.031+0800][info] GC(80)   Post Evacuate Collection Set: 0.2ms
[2024-09-08T16:14:17.031+0800][info] GC(80)   Other: 0.2ms
[2024-09-08T16:14:17.031+0800][info] GC(80) Eden regions: 1->0(1)
[2024-09-08T16:14:17.031+0800][info] GC(80) Survivor regions: 1->1(1)
[2024-09-08T16:14:17.031+0800][info] GC(80) Old regions: 26->27
[2024-09-08T16:14:17.031+0800][info] GC(80) Archive regions: 2->2
[2024-09-08T16:14:17.031+0800][info] GC(80) Humongous regions: 0->0
[2024-09-08T16:14:17.031+0800][info] GC(80) Metaspace: 652K(832K)->652K(832K) NonClass: 597K(704K)->597K(704K) Class: 55K(128K)->55K(128K)
[2024-09-08T16:14:17.031+0800][info] GC(80) Pause Young (Normal) (G1 Preventive Collection) 115M->115M(128M) 1.719ms
[2024-09-08T16:14:17.031+0800][info] GC(80) User=0.00s Sys=0.00s Real=0.00s
[2024-09-08T16:14:17.528+0800][info] GC(81) Pause Young (Normal) (G1 Preventive Collection)
[2024-09-08T16:14:17.528+0800][info] GC(81) Using 3 workers of 48 for evacuation
[2024-09-08T16:14:17.528+0800][info] GC(81) To-space exhausted
[2024-09-08T16:14:17.528+0800][info] GC(81)   Pre Evacuate Collection Set: 0.0ms
[2024-09-08T16:14:17.529+0800][info] GC(81)   Merge Heap Roots: 0.0ms
[2024-09-08T16:14:17.529+0800][info] GC(81)   Evacuate Collection Set: 0.6ms
[2024-09-08T16:14:17.529+0800][info] GC(81)   Post Evacuate Collection Set: 0.2ms
[2024-09-08T16:14:17.529+0800][info] GC(81)   Other: 0.2ms
[2024-09-08T16:14:17.529+0800][info] GC(81) Eden regions: 1->0(1)
[2024-09-08T16:14:17.529+0800][info] GC(81) Survivor regions: 1->1(1)
[2024-09-08T16:14:17.529+0800][info] GC(81) Old regions: 27->28
[2024-09-08T16:14:17.529+0800][info] GC(81) Archive regions: 2->2
[2024-09-08T16:14:17.529+0800][info] GC(81) Humongous regions: 0->0
[2024-09-08T16:14:17.529+0800][info] GC(81) Metaspace: 652K(832K)->652K(832K) NonClass: 597K(704K)->597K(704K) Class: 55K(128K)->55K(128K)
[2024-09-08T16:14:17.529+0800][info] GC(81) Pause Young (Normal) (G1 Preventive Collection) 119M->119M(128M) 1.106ms
[2024-09-08T16:14:17.529+0800][info] GC(81) User=0.01s Sys=0.00s Real=0.00s
[2024-09-08T16:14:18.025+0800][info] GC(82) Pause Young (Concurrent Start) (G1 Evacuation Pause)
[2024-09-08T16:14:18.025+0800][info] GC(82) Using 3 workers of 48 for evacuation
[2024-09-08T16:14:18.026+0800][info] GC(82) To-space exhausted
[2024-09-08T16:14:18.026+0800][info] GC(82)   Pre Evacuate Collection Set: 0.0ms
[2024-09-08T16:14:18.026+0800][info] GC(82)   Merge Heap Roots: 0.0ms
[2024-09-08T16:14:18.026+0800][info] GC(82)   Evacuate Collection Set: 0.3ms
[2024-09-08T16:14:18.026+0800][info] GC(82)   Post Evacuate Collection Set: 0.2ms
[2024-09-08T16:14:18.026+0800][info] GC(82)   Other: 0.4ms
[2024-09-08T16:14:18.026+0800][info] GC(82) Eden regions: 1->0(1)
[2024-09-08T16:14:18.026+0800][info] GC(82) Survivor regions: 1->0(0)
[2024-09-08T16:14:18.026+0800][info] GC(82) Old regions: 28->30
[2024-09-08T16:14:18.026+0800][info] GC(82) Archive regions: 2->2
[2024-09-08T16:14:18.026+0800][info] GC(82) Humongous regions: 0->0
[2024-09-08T16:14:18.026+0800][info] GC(82) Metaspace: 652K(832K)->652K(832K) NonClass: 597K(704K)->597K(704K) Class: 55K(128K)->55K(128K)
[2024-09-08T16:14:18.026+0800][info] GC(82) Pause Young (Concurrent Start) (G1 Evacuation Pause) 123M->123M(128M) 1.079ms
[2024-09-08T16:14:18.026+0800][info] GC(82) User=0.00s Sys=0.00s Real=0.01s
[2024-09-08T16:14:18.026+0800][info] Attempting full compaction
[2024-09-08T16:14:18.026+0800][info] GC(84) Concurrent Mark Cycle
[2024-09-08T16:14:18.026+0800][info] GC(84) Concurrent Clear Claimed Marks
[2024-09-08T16:14:18.026+0800][info] GC(83) Using 1 workers of 48 for full compaction
[2024-09-08T16:14:18.026+0800][info] GC(84) Concurrent Clear Claimed Marks 0.022ms
[2024-09-08T16:14:18.026+0800][info] GC(84) Concurrent Scan Root Regions
[2024-09-08T16:14:18.026+0800][info] GC(84) Concurrent Scan Root Regions 0.012ms
[2024-09-08T16:14:18.026+0800][info] GC(84) Concurrent Mark
[2024-09-08T16:14:18.026+0800][info] GC(84) Concurrent Mark From Roots
[2024-09-08T16:14:18.026+0800][info] GC(84) Using 12 workers of 12 for marking
[2024-09-08T16:14:18.026+0800][info] GC(83) Pause Full (G1 Compaction Pause)
[2024-09-08T16:14:18.026+0800][info] GC(83) Phase 1: Mark live objects
[2024-09-08T16:14:18.032+0800][info] GC(83) Phase 1: Mark live objects 5.198ms
[2024-09-08T16:14:18.032+0800][info] GC(83) Phase 2: Prepare for compaction
[2024-09-08T16:14:18.033+0800][info] GC(83) Phase 2: Prepare for compaction 1.014ms
[2024-09-08T16:14:18.033+0800][info] GC(83) Phase 3: Adjust pointers
[2024-09-08T16:14:18.035+0800][info] GC(83) Phase 3: Adjust pointers 2.437ms
[2024-09-08T16:14:18.035+0800][info] GC(83) Phase 4: Compact heap
[2024-09-08T16:14:18.037+0800][info] GC(83) Phase 4: Compact heap 1.716ms
[2024-09-08T16:14:18.038+0800][info] GC(83) Eden regions: 0->0(5)
[2024-09-08T16:14:18.038+0800][info] GC(83) Survivor regions: 0->0(0)
[2024-09-08T16:14:18.038+0800][info] GC(83) Old regions: 30->10
[2024-09-08T16:14:18.038+0800][info] GC(83) Archive regions: 2->2
[2024-09-08T16:14:18.038+0800][info] GC(83) Humongous regions: 0->0
[2024-09-08T16:14:18.038+0800][info] GC(83) Metaspace: 652K(832K)->627K(832K) NonClass: 597K(704K)->578K(704K) Class: 55K(128K)->48K(128K)
[2024-09-08T16:14:18.038+0800][info] GC(83) Pause Full (G1 Compaction Pause) 123M->40M(128M) 11.603ms
[2024-09-08T16:14:18.038+0800][info] GC(83) User=0.01s Sys=0.01s Real=0.01s
[2024-09-08T16:14:18.038+0800][info] GC(84) Concurrent Mark From Roots 11.841ms
[2024-09-08T16:14:18.038+0800][info] GC(84) Concurrent Mark Abort
[2024-09-08T16:14:18.038+0800][info] GC(84) Concurrent Mark Cycle 12.061ms
[2024-09-08T16:14:20.545+0800][info] GC(85) Pause Young (Normal) (G1 Evacuation Pause)
[2024-09-08T16:14:20.545+0800][info] GC(85) Using 3 workers of 48 for evacuation
[2024-09-08T16:14:20.549+0800][info] GC(85)   Pre Evacuate Collection Set: 0.1ms
[2024-09-08T16:14:20.549+0800][info] GC(85)   Merge Heap Roots: 0.0ms
[2024-09-08T16:14:20.549+0800][info] GC(85)   Evacuate Collection Set: 3.1ms
[2024-09-08T16:14:20.549+0800][info] GC(85)   Post Evacuate Collection Set: 0.2ms
[2024-09-08T16:14:20.549+0800][info] GC(85)   Other: 0.2ms
[2024-09-08T16:14:20.549+0800][info] GC(85) Eden regions: 5->0(4)
[2024-09-08T16:14:20.549+0800][info] GC(85) Survivor regions: 0->1(1)
[2024-09-08T16:14:20.549+0800][info] GC(85) Old regions: 10->14
[2024-09-08T16:14:20.549+0800][info] GC(85) Archive regions: 2->2
[2024-09-08T16:14:20.549+0800][info] GC(85) Humongous regions: 0->0
[2024-09-08T16:14:20.549+0800][info] GC(85) Metaspace: 627K(832K)->627K(832K) NonClass: 578K(704K)->578K(704K) Class: 48K(128K)->48K(128K)
[2024-09-08T16:14:20.549+0800][info] GC(85) Pause Young (Normal) (G1 Evacuation Pause) 60M->60M(128M) 3.754ms
[2024-09-08T16:14:20.549+0800][info] GC(85) User=0.01s Sys=0.01s Real=0.00s
[2024-09-08T16:14:22.558+0800][info] GC(86) Pause Young (Normal) (G1 Evacuation Pause)
[2024-09-08T16:14:22.558+0800][info] GC(86) Using 3 workers of 48 for evacuation
[2024-09-08T16:14:22.561+0800][info] GC(86)   Pre Evacuate Collection Set: 0.1ms
[2024-09-08T16:14:22.561+0800][info] GC(86)   Merge Heap Roots: 0.0ms
[2024-09-08T16:14:22.561+0800][info] GC(86)   Evacuate Collection Set: 3.1ms
[2024-09-08T16:14:22.561+0800][info] GC(86)   Post Evacuate Collection Set: 0.2ms
[2024-09-08T16:14:22.561+0800][info] GC(86)   Other: 0.2ms
[2024-09-08T16:14:22.561+0800][info] GC(86) Eden regions: 4->0(2)
[2024-09-08T16:14:22.561+0800][info] GC(86) Survivor regions: 1->1(1)
[2024-09-08T16:14:22.561+0800][info] GC(86) Old regions: 14->18
[2024-09-08T16:14:22.561+0800][info] GC(86) Archive regions: 2->2
[2024-09-08T16:14:22.561+0800][info] GC(86) Humongous regions: 0->0
[2024-09-08T16:14:22.561+0800][info] GC(86) Metaspace: 627K(832K)->627K(832K) NonClass: 578K(704K)->578K(704K) Class: 48K(128K)->48K(128K)
[2024-09-08T16:14:22.561+0800][info] GC(86) Pause Young (Normal) (G1 Evacuation Pause) 76M->76M(128M) 3.677ms
[2024-09-08T16:14:22.561+0800][info] GC(86) User=0.01s Sys=0.00s Real=0.00s
[2024-09-08T16:14:23.571+0800][info] GC(87) Pause Young (Normal) (G1 Evacuation Pause)
[2024-09-08T16:14:23.571+0800][info] GC(87) Using 3 workers of 48 for evacuation
[2024-09-08T16:14:23.573+0800][info] GC(87)   Pre Evacuate Collection Set: 0.0ms
[2024-09-08T16:14:23.573+0800][info] GC(87)   Merge Heap Roots: 0.0ms
[2024-09-08T16:14:23.573+0800][info] GC(87)   Evacuate Collection Set: 1.6ms
[2024-09-08T16:14:23.573+0800][info] GC(87)   Post Evacuate Collection Set: 0.2ms
[2024-09-08T16:14:23.573+0800][info] GC(87)   Other: 0.2ms
[2024-09-08T16:14:23.573+0800][info] GC(87) Eden regions: 2->0(1)
[2024-09-08T16:14:23.573+0800][info] GC(87) Survivor regions: 1->1(1)
[2024-09-08T16:14:23.573+0800][info] GC(87) Old regions: 18->21
[2024-09-08T16:14:23.573+0800][info] GC(87) Archive regions: 2->2
[2024-09-08T16:14:23.573+0800][info] GC(87) Humongous regions: 0->0
[2024-09-08T16:14:23.573+0800][info] GC(87) Metaspace: 627K(832K)->627K(832K) NonClass: 578K(704K)->578K(704K) Class: 48K(128K)->48K(128K)
[2024-09-08T16:14:23.573+0800][info] GC(87) Pause Young (Normal) (G1 Evacuation Pause) 84M->85M(128M) 2.265ms
[2024-09-08T16:14:23.573+0800][info] GC(87) User=0.01s Sys=0.00s Real=0.00s
[2024-09-08T16:14:24.088+0800][info] GC(88) Pause Young (Normal) (G1 Evacuation Pause)
[2024-09-08T16:14:24.088+0800][info] GC(88) Using 3 workers of 48 for evacuation
[2024-09-08T16:14:24.089+0800][info] GC(88)   Pre Evacuate Collection Set: 0.0ms
[2024-09-08T16:14:24.089+0800][info] GC(88)   Merge Heap Roots: 0.0ms
[2024-09-08T16:14:24.089+0800][info] GC(88)   Evacuate Collection Set: 1.1ms
[2024-09-08T16:14:24.089+0800][info] GC(88)   Post Evacuate Collection Set: 0.1ms
[2024-09-08T16:14:24.089+0800][info] GC(88)   Other: 0.2ms
[2024-09-08T16:14:24.089+0800][info] GC(88) Eden regions: 1->0(1)
[2024-09-08T16:14:24.089+0800][info] GC(88) Survivor regions: 1->1(1)
[2024-09-08T16:14:24.089+0800][info] GC(88) Old regions: 21->22
[2024-09-08T16:14:24.089+0800][info] GC(88) Archive regions: 2->2
[2024-09-08T16:14:24.089+0800][info] GC(88) Humongous regions: 0->0
[2024-09-08T16:14:24.089+0800][info] GC(88) Metaspace: 632K(832K)->632K(832K) NonClass: 584K(704K)->584K(704K) Class: 48K(128K)->48K(128K)
[2024-09-08T16:14:24.089+0800][info] GC(88) Pause Young (Normal) (G1 Evacuation Pause) 88M->88M(128M) 1.696ms
[2024-09-08T16:14:24.089+0800][info] GC(88) User=0.00s Sys=0.00s Real=0.00s
[2024-09-08T16:14:24.591+0800][info] GC(89) Pause Young (Normal) (G1 Evacuation Pause)
[2024-09-08T16:14:24.591+0800][info] GC(89) Using 3 workers of 48 for evacuation
[2024-09-08T16:14:24.592+0800][info] GC(89)   Pre Evacuate Collection Set: 0.0ms
[2024-09-08T16:14:24.592+0800][info] GC(89)   Merge Heap Roots: 0.0ms
[2024-09-08T16:14:24.592+0800][info] GC(89)   Evacuate Collection Set: 1.0ms
[2024-09-08T16:14:24.592+0800][info] GC(89)   Post Evacuate Collection Set: 0.1ms
[2024-09-08T16:14:24.592+0800][info] GC(89)   Other: 0.2ms
[2024-09-08T16:14:24.592+0800][info] GC(89) Eden regions: 1->0(1)
[2024-09-08T16:14:24.592+0800][info] GC(89) Survivor regions: 1->1(1)
[2024-09-08T16:14:24.592+0800][info] GC(89) Old regions: 22->22
[2024-09-08T16:14:24.592+0800][info] GC(89) Archive regions: 2->2
[2024-09-08T16:14:24.592+0800][info] GC(89) Humongous regions: 0->0
[2024-09-08T16:14:24.592+0800][info] GC(89) Metaspace: 632K(832K)->632K(832K) NonClass: 584K(704K)->584K(704K) Class: 48K(128K)->48K(128K)
[2024-09-08T16:14:24.592+0800][info] GC(89) Pause Young (Normal) (G1 Evacuation Pause) 92M->92M(128M) 1.497ms
[2024-09-08T16:14:24.592+0800][info] GC(89) User=0.00s Sys=0.00s Real=0.00s
[2024-09-08T16:14:25.092+0800][info] GC(90) Pause Young (Normal) (G1 Evacuation Pause)
[2024-09-08T16:14:25.093+0800][info] GC(90) Using 3 workers of 48 for evacuation
[2024-09-08T16:14:25.094+0800][info] GC(90)   Pre Evacuate Collection Set: 0.0ms
[2024-09-08T16:14:25.094+0800][info] GC(90)   Merge Heap Roots: 0.0ms
[2024-09-08T16:14:25.094+0800][info] GC(90)   Evacuate Collection Set: 0.9ms
[2024-09-08T16:14:25.094+0800][info] GC(90)   Post Evacuate Collection Set: 0.1ms
[2024-09-08T16:14:25.094+0800][info] GC(90)   Other: 0.2ms
[2024-09-08T16:14:25.094+0800][info] GC(90) Eden regions: 1->0(1)
[2024-09-08T16:14:25.094+0800][info] GC(90) Survivor regions: 1->1(1)
[2024-09-08T16:14:25.094+0800][info] GC(90) Old regions: 22->23
[2024-09-08T16:14:25.094+0800][info] GC(90) Archive regions: 2->2
[2024-09-08T16:14:25.094+0800][info] GC(90) Humongous regions: 0->0
[2024-09-08T16:14:25.094+0800][info] GC(90) Metaspace: 632K(832K)->632K(832K) NonClass: 584K(704K)->584K(704K) Class: 48K(128K)->48K(128K)
[2024-09-08T16:14:25.094+0800][info] GC(90) Pause Young (Normal) (G1 Evacuation Pause) 96M->96M(128M) 1.453ms
[2024-09-08T16:14:25.094+0800][info] GC(90) User=0.00s Sys=0.00s Real=0.00s
[2024-09-08T16:14:25.593+0800][info] GC(91) Pause Young (Normal) (G1 Evacuation Pause)
[2024-09-08T16:14:25.593+0800][info] GC(91) Using 3 workers of 48 for evacuation
[2024-09-08T16:14:25.594+0800][info] GC(91)   Pre Evacuate Collection Set: 0.0ms
[2024-09-08T16:14:25.594+0800][info] GC(91)   Merge Heap Roots: 0.0ms
[2024-09-08T16:14:25.594+0800][info] GC(91)   Evacuate Collection Set: 1.0ms
[2024-09-08T16:14:25.594+0800][info] GC(91)   Post Evacuate Collection Set: 0.1ms
[2024-09-08T16:14:25.594+0800][info] GC(91)   Other: 0.2ms
[2024-09-08T16:14:25.594+0800][info] GC(91) Eden regions: 1->0(1)
[2024-09-08T16:14:25.594+0800][info] GC(91) Survivor regions: 1->1(1)
[2024-09-08T16:14:25.594+0800][info] GC(91) Old regions: 23->24
[2024-09-08T16:14:25.594+0800][info] GC(91) Archive regions: 2->2
[2024-09-08T16:14:25.594+0800][info] GC(91) Humongous regions: 0->0
[2024-09-08T16:14:25.594+0800][info] GC(91) Metaspace: 632K(832K)->632K(832K) NonClass: 584K(704K)->584K(704K) Class: 48K(128K)->48K(128K)
[2024-09-08T16:14:25.595+0800][info] GC(91) Pause Young (Normal) (G1 Evacuation Pause) 100M->100M(128M) 1.525ms
[2024-09-08T16:14:25.595+0800][info] GC(91) User=0.01s Sys=0.00s Real=0.00s
[2024-09-08T16:14:26.097+0800][info] GC(92) Pause Young (Normal) (G1 Preventive Collection)
[2024-09-08T16:14:26.097+0800][info] GC(92) Using 3 workers of 48 for evacuation
[2024-09-08T16:14:26.098+0800][info] GC(92)   Pre Evacuate Collection Set: 0.0ms
[2024-09-08T16:14:26.098+0800][info] GC(92)   Merge Heap Roots: 0.0ms
[2024-09-08T16:14:26.098+0800][info] GC(92)   Evacuate Collection Set: 0.9ms
[2024-09-08T16:14:26.098+0800][info] GC(92)   Post Evacuate Collection Set: 0.1ms
[2024-09-08T16:14:26.098+0800][info] GC(92)   Other: 0.2ms
[2024-09-08T16:14:26.098+0800][info] GC(92) Eden regions: 1->0(1)
[2024-09-08T16:14:26.098+0800][info] GC(92) Survivor regions: 1->1(1)
[2024-09-08T16:14:26.098+0800][info] GC(92) Old regions: 24->25
[2024-09-08T16:14:26.098+0800][info] GC(92) Archive regions: 2->2
[2024-09-08T16:14:26.098+0800][info] GC(92) Humongous regions: 0->0
[2024-09-08T16:14:26.098+0800][info] GC(92) Metaspace: 632K(832K)->632K(832K) NonClass: 584K(704K)->584K(704K) Class: 48K(128K)->48K(128K)
[2024-09-08T16:14:26.098+0800][info] GC(92) Pause Young (Normal) (G1 Preventive Collection) 104M->104M(128M) 1.408ms
[2024-09-08T16:14:26.099+0800][info] GC(92) User=0.00s Sys=0.00s Real=0.00s
[2024-09-08T16:14:26.598+0800][info] GC(93) Pause Young (Normal) (G1 Preventive Collection)
[2024-09-08T16:14:26.598+0800][info] GC(93) Using 3 workers of 48 for evacuation
[2024-09-08T16:14:26.600+0800][info] GC(93)   Pre Evacuate Collection Set: 0.0ms
[2024-09-08T16:14:26.600+0800][info] GC(93)   Merge Heap Roots: 0.0ms
[2024-09-08T16:14:26.600+0800][info] GC(93)   Evacuate Collection Set: 1.0ms
[2024-09-08T16:14:26.600+0800][info] GC(93)   Post Evacuate Collection Set: 0.1ms
[2024-09-08T16:14:26.600+0800][info] GC(93)   Other: 0.2ms
[2024-09-08T16:14:26.600+0800][info] GC(93) Eden regions: 1->0(1)
[2024-09-08T16:14:26.600+0800][info] GC(93) Survivor regions: 1->1(1)
[2024-09-08T16:14:26.600+0800][info] GC(93) Old regions: 25->26
[2024-09-08T16:14:26.600+0800][info] GC(93) Archive regions: 2->2
[2024-09-08T16:14:26.600+0800][info] GC(93) Humongous regions: 0->0
[2024-09-08T16:14:26.600+0800][info] GC(93) Metaspace: 632K(832K)->632K(832K) NonClass: 584K(704K)->584K(704K) Class: 48K(128K)->48K(128K)
[2024-09-08T16:14:26.600+0800][info] GC(93) Pause Young (Normal) (G1 Preventive Collection) 108M->108M(128M) 1.462ms
[2024-09-08T16:14:26.600+0800][info] GC(93) User=0.01s Sys=0.00s Real=0.00s
[2024-09-08T16:14:27.097+0800][info] GC(94) Pause Young (Normal) (G1 Preventive Collection)
[2024-09-08T16:14:27.097+0800][info] GC(94) Using 3 workers of 48 for evacuation
[2024-09-08T16:14:27.098+0800][info] GC(94)   Pre Evacuate Collection Set: 0.0ms
[2024-09-08T16:14:27.098+0800][info] GC(94)   Merge Heap Roots: 0.0ms
[2024-09-08T16:14:27.098+0800][info] GC(94)   Evacuate Collection Set: 1.0ms
[2024-09-08T16:14:27.098+0800][info] GC(94)   Post Evacuate Collection Set: 0.2ms
[2024-09-08T16:14:27.098+0800][info] GC(94)   Other: 0.2ms
[2024-09-08T16:14:27.098+0800][info] GC(94) Eden regions: 1->0(1)
[2024-09-08T16:14:27.098+0800][info] GC(94) Survivor regions: 1->1(1)
[2024-09-08T16:14:27.098+0800][info] GC(94) Old regions: 26->27
[2024-09-08T16:14:27.098+0800][info] GC(94) Archive regions: 2->2
[2024-09-08T16:14:27.098+0800][info] GC(94) Humongous regions: 0->0
[2024-09-08T16:14:27.098+0800][info] GC(94) Metaspace: 632K(832K)->632K(832K) NonClass: 584K(704K)->584K(704K) Class: 48K(128K)->48K(128K)
[2024-09-08T16:14:27.099+0800][info] GC(94) Pause Young (Normal) (G1 Preventive Collection) 112M->112M(128M) 2.352ms
[2024-09-08T16:14:27.099+0800][info] GC(94) User=0.00s Sys=0.00s Real=0.00s
[2024-09-08T16:14:27.596+0800][info] GC(95) Pause Young (Normal) (G1 Preventive Collection)
[2024-09-08T16:14:27.596+0800][info] GC(95) Using 3 workers of 48 for evacuation
[2024-09-08T16:14:27.597+0800][info] GC(95) To-space exhausted
[2024-09-08T16:14:27.597+0800][info] GC(95)   Pre Evacuate Collection Set: 0.0ms
[2024-09-08T16:14:27.597+0800][info] GC(95)   Merge Heap Roots: 0.0ms
[2024-09-08T16:14:27.597+0800][info] GC(95)   Evacuate Collection Set: 0.6ms
[2024-09-08T16:14:27.597+0800][info] GC(95)   Post Evacuate Collection Set: 0.2ms
[2024-09-08T16:14:27.597+0800][info] GC(95)   Other: 0.2ms
[2024-09-08T16:14:27.597+0800][info] GC(95) Eden regions: 1->0(1)
[2024-09-08T16:14:27.597+0800][info] GC(95) Survivor regions: 1->1(1)
[2024-09-08T16:14:27.597+0800][info] GC(95) Old regions: 27->28
[2024-09-08T16:14:27.597+0800][info] GC(95) Archive regions: 2->2
[2024-09-08T16:14:27.597+0800][info] GC(95) Humongous regions: 0->0
[2024-09-08T16:14:27.597+0800][info] GC(95) Metaspace: 632K(832K)->632K(832K) NonClass: 584K(704K)->584K(704K) Class: 48K(128K)->48K(128K)
[2024-09-08T16:14:27.597+0800][info] GC(95) Pause Young (Normal) (G1 Preventive Collection) 116M->116M(128M) 1.101ms
[2024-09-08T16:14:27.597+0800][info] GC(95) User=0.00s Sys=0.00s Real=0.01s
[2024-09-08T16:14:28.095+0800][info] GC(96) Pause Young (Concurrent Start) (G1 Evacuation Pause)
[2024-09-08T16:14:28.095+0800][info] GC(96) Using 3 workers of 48 for evacuation
[2024-09-08T16:14:28.096+0800][info] GC(96) To-space exhausted
[2024-09-08T16:14:28.096+0800][info] GC(96)   Pre Evacuate Collection Set: 0.0ms
[2024-09-08T16:14:28.096+0800][info] GC(96)   Merge Heap Roots: 0.0ms
[2024-09-08T16:14:28.096+0800][info] GC(96)   Evacuate Collection Set: 0.3ms
[2024-09-08T16:14:28.096+0800][info] GC(96)   Post Evacuate Collection Set: 0.2ms
[2024-09-08T16:14:28.096+0800][info] GC(96)   Other: 0.3ms
[2024-09-08T16:14:28.096+0800][info] GC(96) Eden regions: 1->0(1)
[2024-09-08T16:14:28.096+0800][info] GC(96) Survivor regions: 1->0(0)
[2024-09-08T16:14:28.096+0800][info] GC(96) Old regions: 28->30
[2024-09-08T16:14:28.096+0800][info] GC(96) Archive regions: 2->2
[2024-09-08T16:14:28.096+0800][info] GC(96) Humongous regions: 0->0
[2024-09-08T16:14:28.096+0800][info] GC(96) Metaspace: 632K(832K)->632K(832K) NonClass: 584K(704K)->584K(704K) Class: 48K(128K)->48K(128K)
[2024-09-08T16:14:28.096+0800][info] GC(96) Pause Young (Concurrent Start) (G1 Evacuation Pause) 120M->120M(128M) 1.009ms
[2024-09-08T16:14:28.096+0800][info] GC(96) User=0.00s Sys=0.00s Real=0.00s
[2024-09-08T16:14:28.096+0800][info] Attempting full compaction
[2024-09-08T16:14:28.096+0800][info] GC(97) Concurrent Mark Cycle
[2024-09-08T16:14:28.096+0800][info] GC(97) Concurrent Clear Claimed Marks
[2024-09-08T16:14:28.096+0800][info] GC(97) Concurrent Clear Claimed Marks 0.012ms
[2024-09-08T16:14:28.096+0800][info] GC(97) Concurrent Scan Root Regions
[2024-09-08T16:14:28.096+0800][info] GC(98) Using 1 workers of 48 for full compaction
[2024-09-08T16:14:28.096+0800][info] GC(97) Concurrent Scan Root Regions 0.007ms
[2024-09-08T16:14:28.096+0800][info] GC(97) Concurrent Mark
[2024-09-08T16:14:28.096+0800][info] GC(97) Concurrent Mark From Roots
[2024-09-08T16:14:28.096+0800][info] GC(97) Using 12 workers of 12 for marking
[2024-09-08T16:14:28.096+0800][info] GC(98) Pause Full (G1 Compaction Pause)
[2024-09-08T16:14:28.096+0800][info] GC(98) Phase 1: Mark live objects
[2024-09-08T16:14:28.100+0800][info] GC(98) Phase 1: Mark live objects 4.096ms
[2024-09-08T16:14:28.100+0800][info] GC(98) Phase 2: Prepare for compaction
[2024-09-08T16:14:28.101+0800][info] GC(98) Phase 2: Prepare for compaction 0.997ms
[2024-09-08T16:14:28.101+0800][info] GC(98) Phase 3: Adjust pointers
[2024-09-08T16:14:28.104+0800][info] GC(98) Phase 3: Adjust pointers 2.259ms
[2024-09-08T16:14:28.104+0800][info] GC(98) Phase 4: Compact heap
[2024-09-08T16:14:28.105+0800][info] GC(98) Phase 4: Compact heap 1.286ms
[2024-09-08T16:14:28.106+0800][info] GC(98) Eden regions: 0->0(6)
[2024-09-08T16:14:28.106+0800][info] GC(98) Survivor regions: 0->0(0)
[2024-09-08T16:14:28.106+0800][info] GC(98) Old regions: 30->10
[2024-09-08T16:14:28.106+0800][info] GC(98) Archive regions: 2->2
[2024-09-08T16:14:28.106+0800][info] GC(98) Humongous regions: 0->0
[2024-09-08T16:14:28.106+0800][info] GC(98) Metaspace: 632K(832K)->632K(832K) NonClass: 584K(704K)->584K(704K) Class: 48K(128K)->48K(128K)
[2024-09-08T16:14:28.106+0800][info] GC(98) Pause Full (G1 Compaction Pause) 120M->39M(128M) 9.834ms
[2024-09-08T16:14:28.106+0800][info] GC(98) User=0.01s Sys=0.00s Real=0.02s
[2024-09-08T16:14:28.106+0800][info] GC(97) Concurrent Mark From Roots 9.975ms
[2024-09-08T16:14:28.106+0800][info] GC(97) Concurrent Mark Abort
[2024-09-08T16:14:28.106+0800][info] GC(97) Concurrent Mark Cycle 10.145ms
[2024-09-08T16:14:31.126+0800][info] GC(99) Pause Young (Normal) (G1 Evacuation Pause)
[2024-09-08T16:14:31.126+0800][info] GC(99) Using 3 workers of 48 for evacuation
[2024-09-08T16:14:31.130+0800][info] GC(99)   Pre Evacuate Collection Set: 0.1ms
[2024-09-08T16:14:31.130+0800][info] GC(99)   Merge Heap Roots: 0.0ms
[2024-09-08T16:14:31.130+0800][info] GC(99)   Evacuate Collection Set: 3.8ms
[2024-09-08T16:14:31.130+0800][info] GC(99)   Post Evacuate Collection Set: 0.2ms
[2024-09-08T16:14:31.130+0800][info] GC(99)   Other: 0.2ms
[2024-09-08T16:14:31.130+0800][info] GC(99) Eden regions: 6->0(3)
[2024-09-08T16:14:31.130+0800][info] GC(99) Survivor regions: 0->1(1)
[2024-09-08T16:14:31.131+0800][info] GC(99) Old regions: 10->16
[2024-09-08T16:14:31.131+0800][info] GC(99) Archive regions: 2->2
[2024-09-08T16:14:31.131+0800][info] GC(99) Humongous regions: 0->0
[2024-09-08T16:14:31.131+0800][info] GC(99) Metaspace: 632K(832K)->632K(832K) NonClass: 584K(704K)->584K(704K) Class: 48K(128K)->48K(128K)
[2024-09-08T16:14:31.131+0800][info] GC(99) Pause Young (Normal) (G1 Evacuation Pause) 63M->63M(128M) 4.385ms
[2024-09-08T16:14:31.131+0800][info] GC(99) User=0.01s Sys=0.00s Real=0.00s
[2024-09-08T16:14:32.649+0800][info] GC(100) Pause Young (Normal) (G1 Evacuation Pause)
[2024-09-08T16:14:32.649+0800][info] GC(100) Using 3 workers of 48 for evacuation
[2024-09-08T16:14:32.652+0800][info] GC(100)   Pre Evacuate Collection Set: 0.0ms
[2024-09-08T16:14:32.652+0800][info] GC(100)   Merge Heap Roots: 0.0ms
[2024-09-08T16:14:32.652+0800][info] GC(100)   Evacuate Collection Set: 2.4ms
[2024-09-08T16:14:32.652+0800][info] GC(100)   Post Evacuate Collection Set: 0.2ms
[2024-09-08T16:14:32.652+0800][info] GC(100)   Other: 0.2ms
[2024-09-08T16:14:32.652+0800][info] GC(100) Eden regions: 3->0(2)
[2024-09-08T16:14:32.652+0800][info] GC(100) Survivor regions: 1->1(1)
[2024-09-08T16:14:32.652+0800][info] GC(100) Old regions: 16->19
[2024-09-08T16:14:32.652+0800][info] GC(100) Archive regions: 2->2
[2024-09-08T16:14:32.652+0800][info] GC(100) Humongous regions: 0->0
[2024-09-08T16:14:32.652+0800][info] GC(100) Metaspace: 632K(832K)->632K(832K) NonClass: 584K(704K)->584K(704K) Class: 48K(128K)->48K(128K)
[2024-09-08T16:14:32.652+0800][info] GC(100) Pause Young (Normal) (G1 Evacuation Pause) 75M->75M(128M) 2.987ms
[2024-09-08T16:14:32.652+0800][info] GC(100) User=0.01s Sys=0.00s Real=0.00s
[2024-09-08T16:14:33.658+0800][info] GC(101) Pause Young (Normal) (G1 Evacuation Pause)
[2024-09-08T16:14:33.658+0800][info] GC(101) Using 3 workers of 48 for evacuation
[2024-09-08T16:14:33.660+0800][info] GC(101)   Pre Evacuate Collection Set: 0.0ms
[2024-09-08T16:14:33.660+0800][info] GC(101)   Merge Heap Roots: 0.0ms
[2024-09-08T16:14:33.660+0800][info] GC(101)   Evacuate Collection Set: 1.9ms
[2024-09-08T16:14:33.660+0800][info] GC(101)   Post Evacuate Collection Set: 0.2ms
[2024-09-08T16:14:33.660+0800][info] GC(101)   Other: 0.2ms
[2024-09-08T16:14:33.660+0800][info] GC(101) Eden regions: 2->0(1)
[2024-09-08T16:14:33.660+0800][info] GC(101) Survivor regions: 1->1(1)
[2024-09-08T16:14:33.660+0800][info] GC(101) Old regions: 19->21
[2024-09-08T16:14:33.660+0800][info] GC(101) Archive regions: 2->2
[2024-09-08T16:14:33.660+0800][info] GC(101) Humongous regions: 0->0
[2024-09-08T16:14:33.660+0800][info] GC(101) Metaspace: 632K(832K)->632K(832K) NonClass: 584K(704K)->584K(704K) Class: 48K(128K)->48K(128K)
[2024-09-08T16:14:33.660+0800][info] GC(101) Pause Young (Normal) (G1 Evacuation Pause) 83M->83M(128M) 2.540ms
[2024-09-08T16:14:33.660+0800][info] GC(101) User=0.01s Sys=0.00s Real=0.00s
[2024-09-08T16:14:33.914+0800][info] GC(102) Pause Young (Concurrent Start) (G1 Humongous Allocation)
[2024-09-08T16:14:33.914+0800][info] GC(102) Using 3 workers of 48 for evacuation
[2024-09-08T16:14:33.915+0800][info] GC(102)   Pre Evacuate Collection Set: 0.1ms
[2024-09-08T16:14:33.915+0800][info] GC(102)   Merge Heap Roots: 0.0ms
[2024-09-08T16:14:33.915+0800][info] GC(102)   Evacuate Collection Set: 1.0ms
[2024-09-08T16:14:33.915+0800][info] GC(102)   Post Evacuate Collection Set: 0.1ms
[2024-09-08T16:14:33.915+0800][info] GC(102)   Other: 0.3ms
[2024-09-08T16:14:33.915+0800][info] GC(102) Eden regions: 1->0(1)
[2024-09-08T16:14:33.915+0800][info] GC(102) Survivor regions: 1->1(1)
[2024-09-08T16:14:33.916+0800][info] GC(102) Old regions: 21->22
[2024-09-08T16:14:33.916+0800][info] GC(102) Archive regions: 2->2
[2024-09-08T16:14:33.916+0800][info] GC(102) Humongous regions: 0->0
[2024-09-08T16:14:33.916+0800][info] GC(102) Metaspace: 632K(832K)->632K(832K) NonClass: 584K(704K)->584K(704K) Class: 48K(128K)->48K(128K)
[2024-09-08T16:14:33.916+0800][info] GC(102) Pause Young (Concurrent Start) (G1 Humongous Allocation) 85M->85M(128M) 1.626ms
[2024-09-08T16:14:33.916+0800][info] GC(102) User=0.00s Sys=0.01s Real=0.00s
[2024-09-08T16:14:33.916+0800][info] GC(103) Concurrent Undo Cycle
[2024-09-08T16:14:33.916+0800][info] GC(104) Pause Young (Normal) (G1 Humongous Allocation)
[2024-09-08T16:14:33.916+0800][info] GC(104) Using 3 workers of 48 for evacuation
[2024-09-08T16:14:33.916+0800][info] GC(103) Concurrent Cleanup for Next Mark
[2024-09-08T16:14:33.916+0800][info] GC(104)   Pre Evacuate Collection Set: 0.0ms
[2024-09-08T16:14:33.916+0800][info] GC(104)   Merge Heap Roots: 0.0ms
[2024-09-08T16:14:33.916+0800][info] GC(104)   Evacuate Collection Set: 0.4ms
[2024-09-08T16:14:33.916+0800][info] GC(104)   Post Evacuate Collection Set: 0.1ms
[2024-09-08T16:14:33.916+0800][info] GC(104)   Other: 0.1ms
[2024-09-08T16:14:33.916+0800][info] GC(104) Eden regions: 0->0(1)
[2024-09-08T16:14:33.916+0800][info] GC(104) Survivor regions: 1->0(1)
[2024-09-08T16:14:33.916+0800][info] GC(104) Old regions: 22->22
[2024-09-08T16:14:33.916+0800][info] GC(104) Archive regions: 2->2
[2024-09-08T16:14:33.916+0800][info] GC(104) Humongous regions: 0->0
[2024-09-08T16:14:33.916+0800][info] GC(104) Metaspace: 632K(832K)->632K(832K) NonClass: 584K(704K)->584K(704K) Class: 48K(128K)->48K(128K)
[2024-09-08T16:14:33.916+0800][info] GC(104) Pause Young (Normal) (G1 Humongous Allocation) 85M->85M(128M) 0.755ms
[2024-09-08T16:14:33.916+0800][info] GC(104) User=0.00s Sys=0.00s Real=0.00s
[2024-09-08T16:14:33.916+0800][info] Attempting full compaction
[2024-09-08T16:14:33.916+0800][info] GC(105) Using 1 workers of 48 for full compaction
[2024-09-08T16:14:33.917+0800][info] GC(105) Pause Full (G1 Compaction Pause)
[2024-09-08T16:14:33.917+0800][info] GC(105) Phase 1: Mark live objects
[2024-09-08T16:14:33.921+0800][info] GC(105) Phase 1: Mark live objects 4.264ms
[2024-09-08T16:14:33.921+0800][info] GC(105) Phase 2: Prepare for compaction
[2024-09-08T16:14:33.922+0800][info] GC(105) Phase 2: Prepare for compaction 0.984ms
[2024-09-08T16:14:33.922+0800][info] GC(105) Phase 3: Adjust pointers
[2024-09-08T16:14:33.925+0800][info] GC(105) Phase 3: Adjust pointers 2.358ms
[2024-09-08T16:14:33.925+0800][info] GC(105) Phase 4: Compact heap
[2024-09-08T16:14:33.925+0800][info] GC(105) Phase 4: Compact heap 0.349ms
[2024-09-08T16:14:33.926+0800][info] GC(105) Eden regions: 0->0(8)
[2024-09-08T16:14:33.926+0800][info] GC(105) Survivor regions: 0->0(1)
[2024-09-08T16:14:33.926+0800][info] GC(105) Old regions: 22->1
[2024-09-08T16:14:33.926+0800][info] GC(105) Archive regions: 2->2
[2024-09-08T16:14:33.926+0800][info] GC(105) Humongous regions: 0->0
[2024-09-08T16:14:33.926+0800][info] GC(105) Metaspace: 632K(832K)->632K(832K) NonClass: 584K(704K)->584K(704K) Class: 48K(128K)->48K(128K)
[2024-09-08T16:14:33.926+0800][info] GC(105) Pause Full (G1 Compaction Pause) 85M->4M(128M) 9.120ms
[2024-09-08T16:14:33.926+0800][info] GC(105) User=0.01s Sys=0.00s Real=0.02s
[2024-09-08T16:14:33.926+0800][info] GC(103) Concurrent Cleanup for Next Mark 10.078ms
[2024-09-08T16:14:33.926+0800][info] GC(103) Concurrent Mark Abort
[2024-09-08T16:14:33.926+0800][info] GC(103) Concurrent Undo Cycle 10.182ms
[2024-09-08T16:14:33.946+0800][info] GC(106) Pause Young (Concurrent Start) (G1 Humongous Allocation)
[2024-09-08T16:14:33.946+0800][info] GC(106) Using 3 workers of 48 for evacuation
[2024-09-08T16:14:33.946+0800][info] GC(106)   Pre Evacuate Collection Set: 0.1ms
[2024-09-08T16:14:33.946+0800][info] GC(106)   Merge Heap Roots: 0.0ms
[2024-09-08T16:14:33.946+0800][info] GC(106)   Evacuate Collection Set: 0.2ms
[2024-09-08T16:14:33.946+0800][info] GC(106)   Post Evacuate Collection Set: 0.2ms
[2024-09-08T16:14:33.946+0800][info] GC(106)   Other: 0.3ms
[2024-09-08T16:14:33.946+0800][info] GC(106) Eden regions: 1->0(10)
[2024-09-08T16:14:33.946+0800][info] GC(106) Survivor regions: 0->0(1)
[2024-09-08T16:14:33.946+0800][info] GC(106) Old regions: 1->1
[2024-09-08T16:14:33.947+0800][info] GC(106) Archive regions: 2->2
[2024-09-08T16:14:33.947+0800][info] GC(106) Humongous regions: 22->0
[2024-09-08T16:14:33.947+0800][info] GC(106) Metaspace: 632K(832K)->632K(832K) NonClass: 584K(704K)->584K(704K) Class: 48K(128K)->48K(128K)
[2024-09-08T16:14:33.947+0800][info] GC(106) Pause Young (Concurrent Start) (G1 Humongous Allocation) 93M->4M(128M) 1.031ms
[2024-09-08T16:14:33.947+0800][info] GC(106) User=0.00s Sys=0.00s Real=0.00s
[2024-09-08T16:14:33.947+0800][info] GC(107) Concurrent Undo Cycle
[2024-09-08T16:14:33.947+0800][info] GC(107) Concurrent Cleanup for Next Mark
[2024-09-08T16:14:33.947+0800][info] GC(107) Concurrent Cleanup for Next Mark 0.308ms
[2024-09-08T16:14:33.947+0800][info] GC(107) Concurrent Undo Cycle 0.388ms
[2024-09-08T16:14:33.957+0800][info] GC(108) Pause Young (Concurrent Start) (G1 Humongous Allocation)
[2024-09-08T16:14:33.957+0800][info] GC(108) Using 3 workers of 48 for evacuation
[2024-09-08T16:14:33.958+0800][info] GC(108)   Pre Evacuate Collection Set: 0.0ms
[2024-09-08T16:14:33.958+0800][info] GC(108)   Merge Heap Roots: 0.0ms
[2024-09-08T16:14:33.958+0800][info] GC(108)   Evacuate Collection Set: 0.2ms
[2024-09-08T16:14:33.958+0800][info] GC(108)   Post Evacuate Collection Set: 0.2ms
[2024-09-08T16:14:33.958+0800][info] GC(108)   Other: 0.3ms
[2024-09-08T16:14:33.958+0800][info] GC(108) Eden regions: 1->0(11)
[2024-09-08T16:14:33.958+0800][info] GC(108) Survivor regions: 0->0(2)
[2024-09-08T16:14:33.958+0800][info] GC(108) Old regions: 1->1
[2024-09-08T16:14:33.958+0800][info] GC(108) Archive regions: 2->2
[2024-09-08T16:14:33.958+0800][info] GC(108) Humongous regions: 11->0
[2024-09-08T16:14:33.958+0800][info] GC(108) Metaspace: 634K(832K)->634K(832K) NonClass: 586K(704K)->586K(704K) Class: 48K(128K)->48K(128K)
[2024-09-08T16:14:33.958+0800][info] GC(108) Pause Young (Concurrent Start) (G1 Humongous Allocation) 49M->4M(128M) 0.929ms
[2024-09-08T16:14:33.958+0800][info] GC(108) User=0.00s Sys=0.00s Real=0.00s
[2024-09-08T16:14:33.958+0800][info] GC(109) Concurrent Undo Cycle
[2024-09-08T16:14:33.958+0800][info] GC(109) Concurrent Cleanup for Next Mark
[2024-09-08T16:14:33.958+0800][info] GC(109) Concurrent Cleanup for Next Mark 0.234ms
[2024-09-08T16:14:33.958+0800][info] GC(109) Concurrent Undo Cycle 0.313ms
[2024-09-08T16:14:33.968+0800][info] GC(110) Pause Young (Concurrent Start) (G1 Humongous Allocation)
[2024-09-08T16:14:33.968+0800][info] GC(110) Using 3 workers of 48 for evacuation
[2024-09-08T16:14:33.969+0800][info] GC(110)   Pre Evacuate Collection Set: 0.1ms
[2024-09-08T16:14:33.969+0800][info] GC(110)   Merge Heap Roots: 0.0ms
[2024-09-08T16:14:33.969+0800][info] GC(110)   Evacuate Collection Set: 0.2ms
[2024-09-08T16:14:33.969+0800][info] GC(110)   Post Evacuate Collection Set: 0.2ms
[2024-09-08T16:14:33.969+0800][info] GC(110)   Other: 0.3ms
[2024-09-08T16:14:33.969+0800][info] GC(110) Eden regions: 1->0(13)
[2024-09-08T16:14:33.969+0800][info] GC(110) Survivor regions: 0->0(2)
[2024-09-08T16:14:33.969+0800][info] GC(110) Old regions: 1->1
[2024-09-08T16:14:33.969+0800][info] GC(110) Archive regions: 2->2
[2024-09-08T16:14:33.969+0800][info] GC(110) Humongous regions: 11->0
[2024-09-08T16:14:33.969+0800][info] GC(110) Metaspace: 634K(832K)->634K(832K) NonClass: 586K(704K)->586K(704K) Class: 48K(128K)->48K(128K)
[2024-09-08T16:14:33.969+0800][info] GC(110) Pause Young (Concurrent Start) (G1 Humongous Allocation) 49M->4M(128M) 0.959ms
[2024-09-08T16:14:33.969+0800][info] GC(110) User=0.00s Sys=0.00s Real=0.00s
[2024-09-08T16:14:33.969+0800][info] GC(111) Concurrent Undo Cycle
[2024-09-08T16:14:33.969+0800][info] GC(111) Concurrent Cleanup for Next Mark
[2024-09-08T16:14:33.969+0800][info] GC(111) Concurrent Cleanup for Next Mark 0.215ms
[2024-09-08T16:14:33.969+0800][info] GC(111) Concurrent Undo Cycle 0.295ms
[2024-09-08T16:14:33.979+0800][info] GC(112) Pause Young (Concurrent Start) (G1 Humongous Allocation)
[2024-09-08T16:14:33.979+0800][info] GC(112) Using 3 workers of 48 for evacuation
[2024-09-08T16:14:33.980+0800][info] GC(112)   Pre Evacuate Collection Set: 0.0ms
[2024-09-08T16:14:33.980+0800][info] GC(112)   Merge Heap Roots: 0.0ms
[2024-09-08T16:14:33.980+0800][info] GC(112)   Evacuate Collection Set: 0.4ms
[2024-09-08T16:14:33.980+0800][info] GC(112)   Post Evacuate Collection Set: 0.2ms
[2024-09-08T16:14:33.980+0800][info] GC(112)   Other: 0.3ms
[2024-09-08T16:14:33.980+0800][info] GC(112) Eden regions: 1->0(15)
[2024-09-08T16:14:33.980+0800][info] GC(112) Survivor regions: 0->0(2)
[2024-09-08T16:14:33.980+0800][info] GC(112) Old regions: 1->1
[2024-09-08T16:14:33.980+0800][info] GC(112) Archive regions: 2->2
[2024-09-08T16:14:33.980+0800][info] GC(112) Humongous regions: 11->0
[2024-09-08T16:14:33.980+0800][info] GC(112) Metaspace: 636K(832K)->636K(832K) NonClass: 588K(704K)->588K(704K) Class: 48K(128K)->48K(128K)
[2024-09-08T16:14:33.980+0800][info] GC(112) Pause Young (Concurrent Start) (G1 Humongous Allocation) 49M->4M(128M) 1.102ms
[2024-09-08T16:14:33.980+0800][info] GC(112) User=0.00s Sys=0.00s Real=0.00s
[2024-09-08T16:14:33.980+0800][info] GC(113) Concurrent Undo Cycle
[2024-09-08T16:14:33.980+0800][info] GC(113) Concurrent Cleanup for Next Mark
[2024-09-08T16:14:33.981+0800][info] GC(113) Concurrent Cleanup for Next Mark 0.275ms
[2024-09-08T16:14:33.981+0800][info] GC(113) Concurrent Undo Cycle 0.354ms
[2024-09-08T16:14:33.991+0800][info] GC(114) Pause Young (Concurrent Start) (G1 Humongous Allocation)
[2024-09-08T16:14:33.991+0800][info] GC(114) Using 3 workers of 48 for evacuation
[2024-09-08T16:14:33.991+0800][info] GC(114)   Pre Evacuate Collection Set: 0.0ms
[2024-09-08T16:14:33.991+0800][info] GC(114)   Merge Heap Roots: 0.0ms
[2024-09-08T16:14:33.991+0800][info] GC(114)   Evacuate Collection Set: 0.4ms
[2024-09-08T16:14:33.991+0800][info] GC(114)   Post Evacuate Collection Set: 0.2ms
[2024-09-08T16:14:33.992+0800][info] GC(114)   Other: 0.3ms
[2024-09-08T16:14:33.992+0800][info] GC(114) Eden regions: 1->0(17)
[2024-09-08T16:14:33.992+0800][info] GC(114) Survivor regions: 0->0(2)
[2024-09-08T16:14:33.992+0800][info] GC(114) Old regions: 1->1
[2024-09-08T16:14:33.992+0800][info] GC(114) Archive regions: 2->2
[2024-09-08T16:14:33.992+0800][info] GC(114) Humongous regions: 11->0
[2024-09-08T16:14:33.992+0800][info] GC(114) Metaspace: 636K(832K)->636K(832K) NonClass: 588K(704K)->588K(704K) Class: 48K(128K)->48K(128K)
[2024-09-08T16:14:33.992+0800][info] GC(114) Pause Young (Concurrent Start) (G1 Humongous Allocation) 49M->4M(128M) 1.113ms
[2024-09-08T16:14:33.992+0800][info] GC(114) User=0.00s Sys=0.00s Real=0.00s
[2024-09-08T16:14:33.992+0800][info] GC(115) Concurrent Undo Cycle
[2024-09-08T16:14:33.992+0800][info] GC(115) Concurrent Cleanup for Next Mark
[2024-09-08T16:14:33.992+0800][info] GC(115) Concurrent Cleanup for Next Mark 0.320ms
[2024-09-08T16:14:33.992+0800][info] GC(115) Concurrent Undo Cycle 0.374ms
[2024-09-08T16:14:34.002+0800][info] GC(116) Pause Young (Concurrent Start) (G1 Humongous Allocation)
[2024-09-08T16:14:34.002+0800][info] GC(116) Using 3 workers of 48 for evacuation
[2024-09-08T16:14:34.002+0800][info] GC(116)   Pre Evacuate Collection Set: 0.1ms
[2024-09-08T16:14:34.002+0800][info] GC(116)   Merge Heap Roots: 0.0ms
[2024-09-08T16:14:34.002+0800][info] GC(116)   Evacuate Collection Set: 0.2ms
[2024-09-08T16:14:34.002+0800][info] GC(116)   Post Evacuate Collection Set: 0.2ms
[2024-09-08T16:14:34.002+0800][info] GC(116)   Other: 0.3ms
[2024-09-08T16:14:34.003+0800][info] GC(116) Eden regions: 1->0(19)
[2024-09-08T16:14:34.003+0800][info] GC(116) Survivor regions: 0->0(3)
[2024-09-08T16:14:34.003+0800][info] GC(116) Old regions: 1->1
[2024-09-08T16:14:34.003+0800][info] GC(116) Archive regions: 2->2
[2024-09-08T16:14:34.003+0800][info] GC(116) Humongous regions: 11->0
[2024-09-08T16:14:34.003+0800][info] GC(116) Metaspace: 636K(832K)->636K(832K) NonClass: 588K(704K)->588K(704K) Class: 48K(128K)->48K(128K)
[2024-09-08T16:14:34.003+0800][info] GC(116) Pause Young (Concurrent Start) (G1 Humongous Allocation) 50M->4M(128M) 0.876ms
[2024-09-08T16:14:34.003+0800][info] GC(116) User=0.00s Sys=0.00s Real=0.00s
[2024-09-08T16:14:34.003+0800][info] GC(117) Concurrent Undo Cycle
[2024-09-08T16:14:34.003+0800][info] GC(117) Concurrent Cleanup for Next Mark
[2024-09-08T16:14:34.003+0800][info] GC(117) Concurrent Cleanup for Next Mark 0.219ms
[2024-09-08T16:14:34.003+0800][info] GC(117) Concurrent Undo Cycle 0.270ms
[2024-09-08T16:14:34.013+0800][info] GC(118) Pause Young (Concurrent Start) (G1 Humongous Allocation)
[2024-09-08T16:14:34.013+0800][info] GC(118) Using 3 workers of 48 for evacuation
[2024-09-08T16:14:34.014+0800][info] GC(118)   Pre Evacuate Collection Set: 0.1ms
[2024-09-08T16:14:34.014+0800][info] GC(118)   Merge Heap Roots: 0.0ms
[2024-09-08T16:14:34.014+0800][info] GC(118)   Evacuate Collection Set: 0.4ms
[2024-09-08T16:14:34.014+0800][info] GC(118)   Post Evacuate Collection Set: 0.2ms
[2024-09-08T16:14:34.014+0800][info] GC(118)   Other: 0.3ms
[2024-09-08T16:14:34.014+0800][info] GC(118) Eden regions: 1->0(19)
[2024-09-08T16:14:34.014+0800][info] GC(118) Survivor regions: 0->0(3)
[2024-09-08T16:14:34.014+0800][info] GC(118) Old regions: 1->1
[2024-09-08T16:14:34.014+0800][info] GC(118) Archive regions: 2->2
[2024-09-08T16:14:34.014+0800][info] GC(118) Humongous regions: 11->0
[2024-09-08T16:14:34.014+0800][info] GC(118) Metaspace: 636K(832K)->636K(832K) NonClass: 588K(704K)->588K(704K) Class: 48K(128K)->48K(128K)
[2024-09-08T16:14:34.014+0800][info] GC(118) Pause Young (Concurrent Start) (G1 Humongous Allocation) 50M->4M(128M) 1.104ms
[2024-09-08T16:14:34.014+0800][info] GC(118) User=0.00s Sys=0.00s Real=0.00s
[2024-09-08T16:14:34.014+0800][info] GC(119) Concurrent Undo Cycle
[2024-09-08T16:14:34.014+0800][info] GC(119) Concurrent Cleanup for Next Mark
[2024-09-08T16:14:34.014+0800][info] GC(119) Concurrent Cleanup for Next Mark 0.232ms
[2024-09-08T16:14:34.014+0800][info] GC(119) Concurrent Undo Cycle 0.285ms
[2024-09-08T16:14:34.024+0800][info] GC(120) Pause Young (Concurrent Start) (G1 Humongous Allocation)
[2024-09-08T16:14:34.024+0800][info] GC(120) Using 3 workers of 48 for evacuation
[2024-09-08T16:14:34.025+0800][info] GC(120)   Pre Evacuate Collection Set: 0.0ms
[2024-09-08T16:14:34.025+0800][info] GC(120)   Merge Heap Roots: 0.0ms
[2024-09-08T16:14:34.025+0800][info] GC(120)   Evacuate Collection Set: 0.2ms
[2024-09-08T16:14:34.025+0800][info] GC(120)   Post Evacuate Collection Set: 0.2ms
[2024-09-08T16:14:34.025+0800][info] GC(120)   Other: 0.3ms
[2024-09-08T16:14:34.025+0800][info] GC(120) Eden regions: 1->0(19)
[2024-09-08T16:14:34.025+0800][info] GC(120) Survivor regions: 0->0(3)
[2024-09-08T16:14:34.025+0800][info] GC(120) Old regions: 1->1
[2024-09-08T16:14:34.025+0800][info] GC(120) Archive regions: 2->2
[2024-09-08T16:14:34.025+0800][info] GC(120) Humongous regions: 11->0
[2024-09-08T16:14:34.025+0800][info] GC(120) Metaspace: 636K(832K)->636K(832K) NonClass: 588K(704K)->588K(704K) Class: 48K(128K)->48K(128K)
[2024-09-08T16:14:34.025+0800][info] GC(120) Pause Young (Concurrent Start) (G1 Humongous Allocation) 50M->4M(128M) 0.985ms
[2024-09-08T16:14:34.025+0800][info] GC(120) User=0.01s Sys=0.00s Real=0.01s
[2024-09-08T16:14:34.025+0800][info] GC(121) Concurrent Undo Cycle
[2024-09-08T16:14:34.025+0800][info] GC(121) Concurrent Cleanup for Next Mark
[2024-09-08T16:14:34.025+0800][info] GC(121) Concurrent Cleanup for Next Mark 0.335ms
[2024-09-08T16:14:34.025+0800][info] GC(121) Concurrent Undo Cycle 0.382ms
[2024-09-08T16:14:41.553+0800][info] GC(122) Pause Young (Normal) (G1 Preventive Collection)
[2024-09-08T16:14:41.554+0800][info] GC(122) Using 3 workers of 48 for evacuation
[2024-09-08T16:14:41.556+0800][info] GC(122) To-space exhausted
[2024-09-08T16:14:41.556+0800][info] GC(122)   Pre Evacuate Collection Set: 0.0ms
[2024-09-08T16:14:41.556+0800][info] GC(122)   Merge Heap Roots: 0.0ms
[2024-09-08T16:14:41.556+0800][info] GC(122)   Evacuate Collection Set: 2.3ms
[2024-09-08T16:14:41.556+0800][info] GC(122)   Post Evacuate Collection Set: 0.3ms
[2024-09-08T16:14:41.556+0800][info] GC(122)   Other: 0.2ms
[2024-09-08T16:14:41.556+0800][info] GC(122) Eden regions: 15->0(10)
[2024-09-08T16:14:41.556+0800][info] GC(122) Survivor regions: 0->3(3)
[2024-09-08T16:14:41.556+0800][info] GC(122) Old regions: 1->14
[2024-09-08T16:14:41.556+0800][info] GC(122) Archive regions: 2->2
[2024-09-08T16:14:41.556+0800][info] GC(122) Humongous regions: 11->0
[2024-09-08T16:14:41.556+0800][info] GC(122) Metaspace: 636K(832K)->636K(832K) NonClass: 588K(704K)->588K(704K) Class: 48K(128K)->48K(128K)
[2024-09-08T16:14:41.556+0800][info] GC(122) Pause Young (Normal) (G1 Preventive Collection) 108M->68M(128M) 2.861ms
[2024-09-08T16:14:41.556+0800][info] GC(122) User=0.00s Sys=0.00s Real=0.00s
[2024-09-08T16:14:46.608+0800][info] GC(123) Pause Young (Concurrent Start) (G1 Evacuation Pause)
[2024-09-08T16:14:46.608+0800][info] GC(123) Using 3 workers of 48 for evacuation
[2024-09-08T16:14:46.611+0800][info] GC(123) To-space exhausted
[2024-09-08T16:14:46.611+0800][info] GC(123)   Pre Evacuate Collection Set: 0.0ms
[2024-09-08T16:14:46.611+0800][info] GC(123)   Merge Heap Roots: 0.0ms
[2024-09-08T16:14:46.611+0800][info] GC(123)   Evacuate Collection Set: 2.0ms
[2024-09-08T16:14:46.611+0800][info] GC(123)   Post Evacuate Collection Set: 0.2ms
[2024-09-08T16:14:46.611+0800][info] GC(123)   Other: 0.3ms
[2024-09-08T16:14:46.611+0800][info] GC(123) Eden regions: 10->0(5)
[2024-09-08T16:14:46.611+0800][info] GC(123) Survivor regions: 3->2(2)
[2024-09-08T16:14:46.611+0800][info] GC(123) Old regions: 14->18
[2024-09-08T16:14:46.611+0800][info] GC(123) Archive regions: 2->2
[2024-09-08T16:14:46.611+0800][info] GC(123) Humongous regions: 0->0
[2024-09-08T16:14:46.611+0800][info] GC(123) Metaspace: 642K(832K)->642K(832K) NonClass: 594K(704K)->594K(704K) Class: 48K(128K)->48K(128K)
[2024-09-08T16:14:46.611+0800][info] GC(123) Pause Young (Concurrent Start) (G1 Evacuation Pause) 108M->80M(128M) 2.586ms
[2024-09-08T16:14:46.611+0800][info] GC(123) User=0.01s Sys=0.00s Real=0.00s
[2024-09-08T16:14:46.611+0800][info] GC(124) Concurrent Mark Cycle
[2024-09-08T16:14:46.611+0800][info] GC(124) Concurrent Clear Claimed Marks
[2024-09-08T16:14:46.611+0800][info] GC(124) Concurrent Clear Claimed Marks 0.018ms
[2024-09-08T16:14:46.611+0800][info] GC(124) Concurrent Scan Root Regions
[2024-09-08T16:14:46.611+0800][info] GC(124) Concurrent Scan Root Regions 0.114ms
[2024-09-08T16:14:46.611+0800][info] GC(124) Concurrent Mark
[2024-09-08T16:14:46.611+0800][info] GC(124) Concurrent Mark From Roots
[2024-09-08T16:14:46.611+0800][info] GC(124) Using 12 workers of 12 for marking
[2024-09-08T16:14:46.614+0800][info] GC(124) Concurrent Mark From Roots 2.897ms
[2024-09-08T16:14:46.614+0800][info] GC(124) Concurrent Preclean
[2024-09-08T16:14:46.616+0800][info] GC(124) Concurrent Preclean 1.664ms
[2024-09-08T16:14:46.616+0800][info] GC(124) Pause Remark
[2024-09-08T16:14:46.616+0800][info] GC(124) Pause Remark 80M->28M(128M) 0.700ms
[2024-09-08T16:14:46.616+0800][info] GC(124) User=0.00s Sys=0.00s Real=0.00s
[2024-09-08T16:14:46.616+0800][info] GC(124) Concurrent Mark 5.403ms
[2024-09-08T16:14:46.616+0800][info] GC(124) Concurrent Rebuild Remembered Sets
[2024-09-08T16:14:46.618+0800][info] GC(124) Concurrent Rebuild Remembered Sets 1.506ms
[2024-09-08T16:14:46.618+0800][info] GC(124) Pause Cleanup
[2024-09-08T16:14:46.618+0800][info] GC(124) Pause Cleanup 29M->29M(128M) 0.073ms
[2024-09-08T16:14:46.618+0800][info] GC(124) User=0.00s Sys=0.00s Real=0.00s
[2024-09-08T16:14:46.618+0800][info] GC(124) Concurrent Cleanup for Next Mark
[2024-09-08T16:14:46.618+0800][info] GC(124) Concurrent Cleanup for Next Mark 0.293ms
[2024-09-08T16:14:46.618+0800][info] GC(124) Concurrent Mark Cycle 7.629ms
[2024-09-08T16:14:49.119+0800][info] GC(125) Pause Young (Prepare Mixed) (G1 Evacuation Pause)
[2024-09-08T16:14:49.119+0800][info] GC(125) Using 3 workers of 48 for evacuation
[2024-09-08T16:14:49.124+0800][info] GC(125)   Pre Evacuate Collection Set: 0.1ms
[2024-09-08T16:14:49.124+0800][info] GC(125)   Merge Heap Roots: 0.0ms
[2024-09-08T16:14:49.124+0800][info] GC(125)   Evacuate Collection Set: 4.4ms
[2024-09-08T16:14:49.124+0800][info] GC(125)   Post Evacuate Collection Set: 0.2ms
[2024-09-08T16:14:49.124+0800][info] GC(125)   Other: 0.2ms
[2024-09-08T16:14:49.124+0800][info] GC(125) Eden regions: 5->0(1)
[2024-09-08T16:14:49.124+0800][info] GC(125) Survivor regions: 2->1(1)
[2024-09-08T16:14:49.124+0800][info] GC(125) Old regions: 5->11
[2024-09-08T16:14:49.124+0800][info] GC(125) Archive regions: 2->2
[2024-09-08T16:14:49.124+0800][info] GC(125) Humongous regions: 0->0
[2024-09-08T16:14:49.124+0800][info] GC(125) Metaspace: 642K(832K)->642K(832K) NonClass: 594K(704K)->594K(704K) Class: 48K(128K)->48K(128K)
[2024-09-08T16:14:49.124+0800][info] GC(125) Pause Young (Prepare Mixed) (G1 Evacuation Pause) 48M->48M(128M) 5.017ms
[2024-09-08T16:14:49.124+0800][info] GC(125) User=0.01s Sys=0.00s Real=0.00s
[2024-09-08T16:14:49.626+0800][info] GC(126) Pause Young (Mixed) (G1 Evacuation Pause)
[2024-09-08T16:14:49.626+0800][info] GC(126) Using 3 workers of 48 for evacuation
[2024-09-08T16:14:49.629+0800][info] GC(126)   Pre Evacuate Collection Set: 0.0ms
[2024-09-08T16:14:49.629+0800][info] GC(126)   Merge Heap Roots: 0.0ms
[2024-09-08T16:14:49.629+0800][info] GC(126)   Evacuate Collection Set: 2.4ms
[2024-09-08T16:14:49.629+0800][info] GC(126)   Post Evacuate Collection Set: 0.2ms
[2024-09-08T16:14:49.629+0800][info] GC(126)   Other: 0.2ms
[2024-09-08T16:14:49.629+0800][info] GC(126) Eden regions: 1->0(7)
[2024-09-08T16:14:49.629+0800][info] GC(126) Survivor regions: 1->1(1)
[2024-09-08T16:14:49.629+0800][info] GC(126) Old regions: 11->10
[2024-09-08T16:14:49.629+0800][info] GC(126) Archive regions: 2->2
[2024-09-08T16:14:49.629+0800][info] GC(126) Humongous regions: 0->0
[2024-09-08T16:14:49.629+0800][info] GC(126) Metaspace: 642K(832K)->642K(832K) NonClass: 594K(704K)->594K(704K) Class: 48K(128K)->48K(128K)
[2024-09-08T16:14:49.629+0800][info] GC(126) Pause Young (Mixed) (G1 Evacuation Pause) 52M->47M(128M) 2.957ms
[2024-09-08T16:14:49.629+0800][info] GC(126) User=0.00s Sys=0.01s Real=0.00s
[2024-09-08T16:14:53.139+0800][info] GC(127) Pause Young (Normal) (G1 Evacuation Pause)
[2024-09-08T16:14:53.139+0800][info] GC(127) Using 3 workers of 48 for evacuation
[2024-09-08T16:14:53.144+0800][info] GC(127)   Pre Evacuate Collection Set: 0.1ms
[2024-09-08T16:14:53.144+0800][info] GC(127)   Merge Heap Roots: 0.0ms
[2024-09-08T16:14:53.144+0800][info] GC(127)   Evacuate Collection Set: 4.2ms
[2024-09-08T16:14:53.144+0800][info] GC(127)   Post Evacuate Collection Set: 0.2ms
[2024-09-08T16:14:53.144+0800][info] GC(127)   Other: 0.2ms
[2024-09-08T16:14:53.144+0800][info] GC(127) Eden regions: 7->0(3)
[2024-09-08T16:14:53.144+0800][info] GC(127) Survivor regions: 1->1(1)
[2024-09-08T16:14:53.144+0800][info] GC(127) Old regions: 10->17
[2024-09-08T16:14:53.144+0800][info] GC(127) Archive regions: 2->2
[2024-09-08T16:14:53.144+0800][info] GC(127) Humongous regions: 0->0
[2024-09-08T16:14:53.144+0800][info] GC(127) Metaspace: 642K(832K)->642K(832K) NonClass: 594K(704K)->594K(704K) Class: 48K(128K)->48K(128K)
[2024-09-08T16:14:53.144+0800][info] GC(127) Pause Young (Normal) (G1 Evacuation Pause) 75M->75M(128M) 4.855ms
[2024-09-08T16:14:53.144+0800][info] GC(127) User=0.01s Sys=0.00s Real=0.00s
[2024-09-08T16:14:54.660+0800][info] GC(128) Pause Young (Normal) (G1 Evacuation Pause)
[2024-09-08T16:14:54.660+0800][info] GC(128) Using 3 workers of 48 for evacuation
[2024-09-08T16:14:54.663+0800][info] GC(128)   Pre Evacuate Collection Set: 0.1ms
[2024-09-08T16:14:54.663+0800][info] GC(128)   Merge Heap Roots: 0.0ms
[2024-09-08T16:14:54.663+0800][info] GC(128)   Evacuate Collection Set: 2.3ms
[2024-09-08T16:14:54.663+0800][info] GC(128)   Post Evacuate Collection Set: 0.1ms
[2024-09-08T16:14:54.663+0800][info] GC(128)   Other: 0.2ms
[2024-09-08T16:14:54.663+0800][info] GC(128) Eden regions: 3->0(2)
[2024-09-08T16:14:54.663+0800][info] GC(128) Survivor regions: 1->1(1)
[2024-09-08T16:14:54.663+0800][info] GC(128) Old regions: 17->20
[2024-09-08T16:14:54.663+0800][info] GC(128) Archive regions: 2->2
[2024-09-08T16:14:54.663+0800][info] GC(128) Humongous regions: 0->0
[2024-09-08T16:14:54.663+0800][info] GC(128) Metaspace: 649K(832K)->649K(832K) NonClass: 601K(704K)->601K(704K) Class: 48K(128K)->48K(128K)
[2024-09-08T16:14:54.663+0800][info] GC(128) Pause Young (Normal) (G1 Evacuation Pause) 87M->87M(128M) 2.935ms
[2024-09-08T16:14:54.663+0800][info] GC(128) User=0.00s Sys=0.00s Real=0.00s
[2024-09-08T16:14:55.666+0800][info] GC(129) Pause Young (Normal) (G1 Evacuation Pause)
[2024-09-08T16:14:55.666+0800][info] GC(129) Using 3 workers of 48 for evacuation
[2024-09-08T16:14:55.668+0800][info] GC(129)   Pre Evacuate Collection Set: 0.0ms
[2024-09-08T16:14:55.668+0800][info] GC(129)   Merge Heap Roots: 0.0ms
[2024-09-08T16:14:55.668+0800][info] GC(129)   Evacuate Collection Set: 1.4ms
[2024-09-08T16:14:55.668+0800][info] GC(129)   Post Evacuate Collection Set: 0.1ms
[2024-09-08T16:14:55.668+0800][info] GC(129)   Other: 0.2ms
[2024-09-08T16:14:55.668+0800][info] GC(129) Eden regions: 2->0(1)
[2024-09-08T16:14:55.668+0800][info] GC(129) Survivor regions: 1->1(1)
[2024-09-08T16:14:55.668+0800][info] GC(129) Old regions: 20->22
[2024-09-08T16:14:55.668+0800][info] GC(129) Archive regions: 2->2
[2024-09-08T16:14:55.668+0800][info] GC(129) Humongous regions: 0->0
[2024-09-08T16:14:55.668+0800][info] GC(129) Metaspace: 649K(832K)->649K(832K) NonClass: 601K(704K)->601K(704K) Class: 48K(128K)->48K(128K)
[2024-09-08T16:14:55.668+0800][info] GC(129) Pause Young (Normal) (G1 Evacuation Pause) 95M->95M(128M) 2.026ms
[2024-09-08T16:14:55.668+0800][info] GC(129) User=0.00s Sys=0.00s Real=0.00s
[2024-09-08T16:14:56.165+0800][info] GC(130) Pause Young (Normal) (G1 Evacuation Pause)
[2024-09-08T16:14:56.165+0800][info] GC(130) Using 3 workers of 48 for evacuation
[2024-09-08T16:14:56.166+0800][info] GC(130)   Pre Evacuate Collection Set: 0.0ms
[2024-09-08T16:14:56.166+0800][info] GC(130)   Merge Heap Roots: 0.0ms
[2024-09-08T16:14:56.166+0800][info] GC(130)   Evacuate Collection Set: 0.7ms
[2024-09-08T16:14:56.166+0800][info] GC(130)   Post Evacuate Collection Set: 0.1ms
[2024-09-08T16:14:56.166+0800][info] GC(130)   Other: 0.2ms
[2024-09-08T16:14:56.166+0800][info] GC(130) Eden regions: 1->0(1)
[2024-09-08T16:14:56.166+0800][info] GC(130) Survivor regions: 1->1(1)
[2024-09-08T16:14:56.166+0800][info] GC(130) Old regions: 22->23
[2024-09-08T16:14:56.166+0800][info] GC(130) Archive regions: 2->2
[2024-09-08T16:14:56.166+0800][info] GC(130) Humongous regions: 0->0
[2024-09-08T16:14:56.166+0800][info] GC(130) Metaspace: 649K(832K)->649K(832K) NonClass: 601K(704K)->601K(704K) Class: 48K(128K)->48K(128K)
[2024-09-08T16:14:56.166+0800][info] GC(130) Pause Young (Normal) (G1 Evacuation Pause) 99M->99M(128M) 1.208ms
[2024-09-08T16:14:56.166+0800][info] GC(130) User=0.01s Sys=0.00s Real=0.00s
[2024-09-08T16:14:56.662+0800][info] GC(131) Pause Young (Normal) (G1 Evacuation Pause)
[2024-09-08T16:14:56.662+0800][info] GC(131) Using 3 workers of 48 for evacuation
[2024-09-08T16:14:56.663+0800][info] GC(131)   Pre Evacuate Collection Set: 0.0ms
[2024-09-08T16:14:56.663+0800][info] GC(131)   Merge Heap Roots: 0.0ms
[2024-09-08T16:14:56.663+0800][info] GC(131)   Evacuate Collection Set: 0.9ms
[2024-09-08T16:14:56.663+0800][info] GC(131)   Post Evacuate Collection Set: 0.1ms
[2024-09-08T16:14:56.663+0800][info] GC(131)   Other: 0.1ms
[2024-09-08T16:14:56.663+0800][info] GC(131) Eden regions: 1->0(1)
[2024-09-08T16:14:56.663+0800][info] GC(131) Survivor regions: 1->1(1)
[2024-09-08T16:14:56.663+0800][info] GC(131) Old regions: 23->24
[2024-09-08T16:14:56.663+0800][info] GC(131) Archive regions: 2->2
[2024-09-08T16:14:56.663+0800][info] GC(131) Humongous regions: 0->0
[2024-09-08T16:14:56.663+0800][info] GC(131) Metaspace: 649K(832K)->649K(832K) NonClass: 601K(704K)->601K(704K) Class: 48K(128K)->48K(128K)
[2024-09-08T16:14:56.663+0800][info] GC(131) Pause Young (Normal) (G1 Evacuation Pause) 103M->103M(128M) 1.201ms
[2024-09-08T16:14:56.663+0800][info] GC(131) User=0.00s Sys=0.00s Real=0.00s
[2024-09-08T16:14:57.160+0800][info] GC(132) Pause Young (Normal) (G1 Preventive Collection)
[2024-09-08T16:14:57.160+0800][info] GC(132) Using 3 workers of 48 for evacuation
[2024-09-08T16:14:57.161+0800][info] GC(132)   Pre Evacuate Collection Set: 0.0ms
[2024-09-08T16:14:57.161+0800][info] GC(132)   Merge Heap Roots: 0.0ms
[2024-09-08T16:14:57.161+0800][info] GC(132)   Evacuate Collection Set: 0.9ms
[2024-09-08T16:14:57.161+0800][info] GC(132)   Post Evacuate Collection Set: 0.1ms
[2024-09-08T16:14:57.161+0800][info] GC(132)   Other: 0.2ms
[2024-09-08T16:14:57.161+0800][info] GC(132) Eden regions: 1->0(1)
[2024-09-08T16:14:57.161+0800][info] GC(132) Survivor regions: 1->1(1)
[2024-09-08T16:14:57.161+0800][info] GC(132) Old regions: 24->25
[2024-09-08T16:14:57.161+0800][info] GC(132) Archive regions: 2->2
[2024-09-08T16:14:57.161+0800][info] GC(132) Humongous regions: 0->0
[2024-09-08T16:14:57.161+0800][info] GC(132) Metaspace: 649K(832K)->649K(832K) NonClass: 601K(704K)->601K(704K) Class: 48K(128K)->48K(128K)
[2024-09-08T16:14:57.161+0800][info] GC(132) Pause Young (Normal) (G1 Preventive Collection) 107M->107M(128M) 1.425ms
[2024-09-08T16:14:57.161+0800][info] GC(132) User=0.00s Sys=0.00s Real=0.00s
[2024-09-08T16:14:57.657+0800][info] GC(133) Pause Young (Normal) (G1 Preventive Collection)
[2024-09-08T16:14:57.657+0800][info] GC(133) Using 3 workers of 48 for evacuation
[2024-09-08T16:14:57.658+0800][info] GC(133)   Pre Evacuate Collection Set: 0.0ms
[2024-09-08T16:14:57.658+0800][info] GC(133)   Merge Heap Roots: 0.0ms
[2024-09-08T16:14:57.658+0800][info] GC(133)   Evacuate Collection Set: 0.9ms
[2024-09-08T16:14:57.658+0800][info] GC(133)   Post Evacuate Collection Set: 0.1ms
[2024-09-08T16:14:57.658+0800][info] GC(133)   Other: 0.2ms
[2024-09-08T16:14:57.659+0800][info] GC(133) Eden regions: 1->0(1)
[2024-09-08T16:14:57.659+0800][info] GC(133) Survivor regions: 1->1(1)
[2024-09-08T16:14:57.659+0800][info] GC(133) Old regions: 25->26
[2024-09-08T16:14:57.659+0800][info] GC(133) Archive regions: 2->2
[2024-09-08T16:14:57.659+0800][info] GC(133) Humongous regions: 0->0
[2024-09-08T16:14:57.659+0800][info] GC(133) Metaspace: 649K(832K)->649K(832K) NonClass: 601K(704K)->601K(704K) Class: 48K(128K)->48K(128K)
[2024-09-08T16:14:57.659+0800][info] GC(133) Pause Young (Normal) (G1 Preventive Collection) 111M->111M(128M) 1.325ms
[2024-09-08T16:14:57.659+0800][info] GC(133) User=0.01s Sys=0.00s Real=0.00s
[2024-09-08T16:14:58.155+0800][info] GC(134) Pause Young (Normal) (G1 Preventive Collection)
[2024-09-08T16:14:58.155+0800][info] GC(134) Using 3 workers of 48 for evacuation
[2024-09-08T16:14:58.156+0800][info] GC(134)   Pre Evacuate Collection Set: 0.0ms
[2024-09-08T16:14:58.156+0800][info] GC(134)   Merge Heap Roots: 0.0ms
[2024-09-08T16:14:58.156+0800][info] GC(134)   Evacuate Collection Set: 0.9ms
[2024-09-08T16:14:58.156+0800][info] GC(134)   Post Evacuate Collection Set: 0.1ms
[2024-09-08T16:14:58.156+0800][info] GC(134)   Other: 0.2ms
[2024-09-08T16:14:58.156+0800][info] GC(134) Eden regions: 1->0(1)
[2024-09-08T16:14:58.156+0800][info] GC(134) Survivor regions: 1->1(1)
[2024-09-08T16:14:58.156+0800][info] GC(134) Old regions: 26->27
[2024-09-08T16:14:58.156+0800][info] GC(134) Archive regions: 2->2
[2024-09-08T16:14:58.156+0800][info] GC(134) Humongous regions: 0->0
[2024-09-08T16:14:58.156+0800][info] GC(134) Metaspace: 649K(832K)->649K(832K) NonClass: 601K(704K)->601K(704K) Class: 48K(128K)->48K(128K)
[2024-09-08T16:14:58.156+0800][info] GC(134) Pause Young (Normal) (G1 Preventive Collection) 115M->115M(128M) 1.439ms
[2024-09-08T16:14:58.156+0800][info] GC(134) User=0.00s Sys=0.00s Real=0.00s
[2024-09-08T16:14:58.652+0800][info] GC(135) Pause Young (Normal) (G1 Preventive Collection)
[2024-09-08T16:14:58.652+0800][info] GC(135) Using 3 workers of 48 for evacuation
[2024-09-08T16:14:58.653+0800][info] GC(135) To-space exhausted
[2024-09-08T16:14:58.653+0800][info] GC(135)   Pre Evacuate Collection Set: 0.0ms
[2024-09-08T16:14:58.653+0800][info] GC(135)   Merge Heap Roots: 0.0ms
[2024-09-08T16:14:58.653+0800][info] GC(135)   Evacuate Collection Set: 0.5ms
[2024-09-08T16:14:58.653+0800][info] GC(135)   Post Evacuate Collection Set: 0.1ms
[2024-09-08T16:14:58.653+0800][info] GC(135)   Other: 0.1ms
[2024-09-08T16:14:58.653+0800][info] GC(135) Eden regions: 1->0(1)
[2024-09-08T16:14:58.653+0800][info] GC(135) Survivor regions: 1->1(1)
[2024-09-08T16:14:58.653+0800][info] GC(135) Old regions: 27->28
[2024-09-08T16:14:58.653+0800][info] GC(135) Archive regions: 2->2
[2024-09-08T16:14:58.653+0800][info] GC(135) Humongous regions: 0->0
[2024-09-08T16:14:58.653+0800][info] GC(135) Metaspace: 649K(832K)->649K(832K) NonClass: 601K(704K)->601K(704K) Class: 48K(128K)->48K(128K)
[2024-09-08T16:14:58.653+0800][info] GC(135) Pause Young (Normal) (G1 Preventive Collection) 119M->119M(128M) 0.873ms
[2024-09-08T16:14:58.653+0800][info] GC(135) User=0.01s Sys=0.00s Real=0.00s
[2024-09-08T16:14:59.149+0800][info] GC(136) Pause Young (Concurrent Start) (G1 Evacuation Pause)
[2024-09-08T16:14:59.150+0800][info] GC(136) Using 3 workers of 48 for evacuation
[2024-09-08T16:14:59.150+0800][info] GC(136) To-space exhausted
[2024-09-08T16:14:59.150+0800][info] GC(136)   Pre Evacuate Collection Set: 0.0ms
[2024-09-08T16:14:59.150+0800][info] GC(136)   Merge Heap Roots: 0.0ms
[2024-09-08T16:14:59.150+0800][info] GC(136)   Evacuate Collection Set: 0.3ms
[2024-09-08T16:14:59.150+0800][info] GC(136)   Post Evacuate Collection Set: 0.1ms
[2024-09-08T16:14:59.150+0800][info] GC(136)   Other: 0.3ms
[2024-09-08T16:14:59.150+0800][info] GC(136) Eden regions: 1->0(1)
[2024-09-08T16:14:59.150+0800][info] GC(136) Survivor regions: 1->0(0)
[2024-09-08T16:14:59.150+0800][info] GC(136) Old regions: 28->30
[2024-09-08T16:14:59.150+0800][info] GC(136) Archive regions: 2->2
[2024-09-08T16:14:59.150+0800][info] GC(136) Humongous regions: 0->0
[2024-09-08T16:14:59.150+0800][info] GC(136) Metaspace: 649K(832K)->649K(832K) NonClass: 601K(704K)->601K(704K) Class: 48K(128K)->48K(128K)
[2024-09-08T16:14:59.150+0800][info] GC(136) Pause Young (Concurrent Start) (G1 Evacuation Pause) 123M->123M(128M) 0.911ms
[2024-09-08T16:14:59.150+0800][info] GC(136) User=0.00s Sys=0.00s Real=0.00s
[2024-09-08T16:14:59.150+0800][info] Attempting full compaction
[2024-09-08T16:14:59.150+0800][info] GC(138) Concurrent Mark Cycle
[2024-09-08T16:14:59.150+0800][info] GC(137) Using 1 workers of 48 for full compaction
[2024-09-08T16:14:59.150+0800][info] GC(138) Concurrent Clear Claimed Marks
[2024-09-08T16:14:59.151+0800][info] GC(138) Concurrent Clear Claimed Marks 0.047ms
[2024-09-08T16:14:59.151+0800][info] GC(138) Concurrent Scan Root Regions
[2024-09-08T16:14:59.151+0800][info] GC(138) Concurrent Scan Root Regions 0.014ms
[2024-09-08T16:14:59.151+0800][info] GC(138) Concurrent Mark
[2024-09-08T16:14:59.151+0800][info] GC(138) Concurrent Mark From Roots
[2024-09-08T16:14:59.151+0800][info] GC(138) Using 12 workers of 12 for marking
[2024-09-08T16:14:59.151+0800][info] GC(137) Pause Full (G1 Compaction Pause)
[2024-09-08T16:14:59.151+0800][info] GC(137) Phase 1: Mark live objects
[2024-09-08T16:14:59.154+0800][info] GC(137) Phase 1: Mark live objects 3.141ms
[2024-09-08T16:14:59.154+0800][info] GC(137) Phase 2: Prepare for compaction
[2024-09-08T16:14:59.155+0800][info] GC(137) Phase 2: Prepare for compaction 0.707ms
[2024-09-08T16:14:59.155+0800][info] GC(137) Phase 3: Adjust pointers
[2024-09-08T16:14:59.156+0800][info] GC(137) Phase 3: Adjust pointers 1.417ms
[2024-09-08T16:14:59.156+0800][info] GC(137) Phase 4: Compact heap
[2024-09-08T16:14:59.158+0800][info] GC(137) Phase 4: Compact heap 1.223ms
[2024-09-08T16:14:59.158+0800][info] GC(137) Eden regions: 0->0(6)
[2024-09-08T16:14:59.158+0800][info] GC(137) Survivor regions: 0->0(0)
[2024-09-08T16:14:59.158+0800][info] GC(137) Old regions: 30->10
[2024-09-08T16:14:59.158+0800][info] GC(137) Archive regions: 2->2
[2024-09-08T16:14:59.158+0800][info] GC(137) Humongous regions: 0->0
[2024-09-08T16:14:59.158+0800][info] GC(137) Metaspace: 649K(832K)->649K(832K) NonClass: 601K(704K)->601K(704K) Class: 48K(128K)->48K(128K)
[2024-09-08T16:14:59.158+0800][info] GC(137) Pause Full (G1 Compaction Pause) 123M->42M(128M) 7.729ms
[2024-09-08T16:14:59.158+0800][info] GC(137) User=0.01s Sys=0.00s Real=0.01s
[2024-09-08T16:14:59.158+0800][info] GC(138) Concurrent Mark From Roots 7.833ms
[2024-09-08T16:14:59.158+0800][info] GC(138) Concurrent Mark Abort
[2024-09-08T16:14:59.159+0800][info] GC(138) Concurrent Mark Cycle 8.088ms
[2024-09-08T16:15:02.171+0800][info] GC(139) Pause Young (Normal) (G1 Evacuation Pause)
[2024-09-08T16:15:02.171+0800][info] GC(139) Using 3 workers of 48 for evacuation
[2024-09-08T16:15:02.175+0800][info] GC(139)   Pre Evacuate Collection Set: 0.1ms
[2024-09-08T16:15:02.175+0800][info] GC(139)   Merge Heap Roots: 0.0ms
[2024-09-08T16:15:02.175+0800][info] GC(139)   Evacuate Collection Set: 3.8ms
[2024-09-08T16:15:02.175+0800][info] GC(139)   Post Evacuate Collection Set: 0.2ms
[2024-09-08T16:15:02.175+0800][info] GC(139)   Other: 0.2ms
[2024-09-08T16:15:02.175+0800][info] GC(139) Eden regions: 6->0(3)
[2024-09-08T16:15:02.175+0800][info] GC(139) Survivor regions: 0->1(1)
[2024-09-08T16:15:02.175+0800][info] GC(139) Old regions: 10->16
[2024-09-08T16:15:02.175+0800][info] GC(139) Archive regions: 2->2
[2024-09-08T16:15:02.175+0800][info] GC(139) Humongous regions: 0->0
[2024-09-08T16:15:02.175+0800][info] GC(139) Metaspace: 649K(832K)->649K(832K) NonClass: 601K(704K)->601K(704K) Class: 48K(128K)->48K(128K)
[2024-09-08T16:15:02.175+0800][info] GC(139) Pause Young (Normal) (G1 Evacuation Pause) 66M->66M(128M) 4.445ms
[2024-09-08T16:15:02.175+0800][info] GC(139) User=0.01s Sys=0.00s Real=0.00s
[2024-09-08T16:15:03.683+0800][info] GC(140) Pause Young (Normal) (G1 Evacuation Pause)
[2024-09-08T16:15:03.683+0800][info] GC(140) Using 3 workers of 48 for evacuation
[2024-09-08T16:15:03.686+0800][info] GC(140)   Pre Evacuate Collection Set: 0.1ms
[2024-09-08T16:15:03.686+0800][info] GC(140)   Merge Heap Roots: 0.0ms
[2024-09-08T16:15:03.686+0800][info] GC(140)   Evacuate Collection Set: 2.4ms
[2024-09-08T16:15:03.686+0800][info] GC(140)   Post Evacuate Collection Set: 0.1ms
[2024-09-08T16:15:03.686+0800][info] GC(140)   Other: 0.2ms
[2024-09-08T16:15:03.686+0800][info] GC(140) Eden regions: 3->0(2)
[2024-09-08T16:15:03.686+0800][info] GC(140) Survivor regions: 1->1(1)
[2024-09-08T16:15:03.686+0800][info] GC(140) Old regions: 16->19
[2024-09-08T16:15:03.686+0800][info] GC(140) Archive regions: 2->2
[2024-09-08T16:15:03.686+0800][info] GC(140) Humongous regions: 0->0
[2024-09-08T16:15:03.686+0800][info] GC(140) Metaspace: 649K(832K)->649K(832K) NonClass: 601K(704K)->601K(704K) Class: 48K(128K)->48K(128K)
[2024-09-08T16:15:03.686+0800][info] GC(140) Pause Young (Normal) (G1 Evacuation Pause) 78M->78M(128M) 2.947ms
[2024-09-08T16:15:03.686+0800][info] GC(140) User=0.00s Sys=0.00s Real=0.01s
[2024-09-08T16:15:04.714+0800][info] GC(141) Pause Young (Normal) (G1 Evacuation Pause)
[2024-09-08T16:15:04.714+0800][info] GC(141) Using 3 workers of 48 for evacuation
[2024-09-08T16:15:04.716+0800][info] GC(141)   Pre Evacuate Collection Set: 0.0ms
[2024-09-08T16:15:04.716+0800][info] GC(141)   Merge Heap Roots: 0.0ms
[2024-09-08T16:15:04.716+0800][info] GC(141)   Evacuate Collection Set: 1.6ms
[2024-09-08T16:15:04.716+0800][info] GC(141)   Post Evacuate Collection Set: 0.1ms
[2024-09-08T16:15:04.716+0800][info] GC(141)   Other: 0.1ms
[2024-09-08T16:15:04.716+0800][info] GC(141) Eden regions: 2->0(1)
[2024-09-08T16:15:04.716+0800][info] GC(141) Survivor regions: 1->1(1)
[2024-09-08T16:15:04.716+0800][info] GC(141) Old regions: 19->21
[2024-09-08T16:15:04.716+0800][info] GC(141) Archive regions: 2->2
[2024-09-08T16:15:04.716+0800][info] GC(141) Humongous regions: 0->0
[2024-09-08T16:15:04.716+0800][info] GC(141) Metaspace: 652K(832K)->652K(832K) NonClass: 604K(704K)->604K(704K) Class: 48K(128K)->48K(128K)
[2024-09-08T16:15:04.716+0800][info] GC(141) Pause Young (Normal) (G1 Evacuation Pause) 86M->87M(128M) 1.882ms
[2024-09-08T16:15:04.716+0800][info] GC(141) User=0.01s Sys=0.00s Real=0.00s
[2024-09-08T16:15:05.219+0800][info] GC(142) Pause Young (Normal) (G1 Evacuation Pause)
[2024-09-08T16:15:05.219+0800][info] GC(142) Using 3 workers of 48 for evacuation
[2024-09-08T16:15:05.220+0800][info] GC(142)   Pre Evacuate Collection Set: 0.0ms
[2024-09-08T16:15:05.220+0800][info] GC(142)   Merge Heap Roots: 0.0ms
[2024-09-08T16:15:05.220+0800][info] GC(142)   Evacuate Collection Set: 1.1ms
[2024-09-08T16:15:05.220+0800][info] GC(142)   Post Evacuate Collection Set: 0.1ms
[2024-09-08T16:15:05.220+0800][info] GC(142)   Other: 0.1ms
[2024-09-08T16:15:05.220+0800][info] GC(142) Eden regions: 1->0(1)
[2024-09-08T16:15:05.220+0800][info] GC(142) Survivor regions: 1->1(1)
[2024-09-08T16:15:05.220+0800][info] GC(142) Old regions: 21->22
[2024-09-08T16:15:05.220+0800][info] GC(142) Archive regions: 2->2
[2024-09-08T16:15:05.220+0800][info] GC(142) Humongous regions: 0->0
[2024-09-08T16:15:05.220+0800][info] GC(142) Metaspace: 652K(832K)->652K(832K) NonClass: 604K(704K)->604K(704K) Class: 48K(128K)->48K(128K)
[2024-09-08T16:15:05.220+0800][info] GC(142) Pause Young (Normal) (G1 Evacuation Pause) 90M->90M(128M) 1.374ms
[2024-09-08T16:15:05.220+0800][info] GC(142) User=0.01s Sys=0.00s Real=0.00s
[2024-09-08T16:15:05.723+0800][info] GC(143) Pause Young (Normal) (G1 Evacuation Pause)
[2024-09-08T16:15:05.723+0800][info] GC(143) Using 3 workers of 48 for evacuation
[2024-09-08T16:15:05.724+0800][info] GC(143)   Pre Evacuate Collection Set: 0.0ms
[2024-09-08T16:15:05.724+0800][info] GC(143)   Merge Heap Roots: 0.0ms
[2024-09-08T16:15:05.724+0800][info] GC(143)   Evacuate Collection Set: 1.0ms
[2024-09-08T16:15:05.724+0800][info] GC(143)   Post Evacuate Collection Set: 0.1ms
[2024-09-08T16:15:05.724+0800][info] GC(143)   Other: 0.1ms
[2024-09-08T16:15:05.724+0800][info] GC(143) Eden regions: 1->0(1)
[2024-09-08T16:15:05.724+0800][info] GC(143) Survivor regions: 1->1(1)
[2024-09-08T16:15:05.724+0800][info] GC(143) Old regions: 22->23
[2024-09-08T16:15:05.724+0800][info] GC(143) Archive regions: 2->2
[2024-09-08T16:15:05.724+0800][info] GC(143) Humongous regions: 0->0
[2024-09-08T16:15:05.724+0800][info] GC(143) Metaspace: 652K(832K)->652K(832K) NonClass: 604K(704K)->604K(704K) Class: 48K(128K)->48K(128K)
[2024-09-08T16:15:05.724+0800][info] GC(143) Pause Young (Normal) (G1 Evacuation Pause) 94M->94M(128M) 1.295ms
[2024-09-08T16:15:05.724+0800][info] GC(143) User=0.00s Sys=0.00s Real=0.00s
[2024-09-08T16:15:06.227+0800][info] GC(144) Pause Young (Normal) (G1 Evacuation Pause)
[2024-09-08T16:15:06.227+0800][info] GC(144) Using 3 workers of 48 for evacuation
[2024-09-08T16:15:06.228+0800][info] GC(144)   Pre Evacuate Collection Set: 0.0ms
[2024-09-08T16:15:06.228+0800][info] GC(144)   Merge Heap Roots: 0.0ms
[2024-09-08T16:15:06.228+0800][info] GC(144)   Evacuate Collection Set: 0.9ms
[2024-09-08T16:15:06.228+0800][info] GC(144)   Post Evacuate Collection Set: 0.1ms
[2024-09-08T16:15:06.228+0800][info] GC(144)   Other: 0.1ms
[2024-09-08T16:15:06.228+0800][info] GC(144) Eden regions: 1->0(1)
[2024-09-08T16:15:06.228+0800][info] GC(144) Survivor regions: 1->1(1)
[2024-09-08T16:15:06.228+0800][info] GC(144) Old regions: 23->23
[2024-09-08T16:15:06.228+0800][info] GC(144) Archive regions: 2->2
[2024-09-08T16:15:06.228+0800][info] GC(144) Humongous regions: 0->0
[2024-09-08T16:15:06.228+0800][info] GC(144) Metaspace: 652K(832K)->652K(832K) NonClass: 604K(704K)->604K(704K) Class: 48K(128K)->48K(128K)
[2024-09-08T16:15:06.228+0800][info] GC(144) Pause Young (Normal) (G1 Evacuation Pause) 98M->98M(128M) 1.214ms
[2024-09-08T16:15:06.228+0800][info] GC(144) User=0.00s Sys=0.00s Real=0.00s
[2024-09-08T16:15:06.731+0800][info] GC(145) Pause Young (Normal) (G1 Evacuation Pause)
[2024-09-08T16:15:06.731+0800][info] GC(145) Using 3 workers of 48 for evacuation
[2024-09-08T16:15:06.732+0800][info] GC(145)   Pre Evacuate Collection Set: 0.0ms
[2024-09-08T16:15:06.732+0800][info] GC(145)   Merge Heap Roots: 0.0ms
[2024-09-08T16:15:06.732+0800][info] GC(145)   Evacuate Collection Set: 0.8ms
[2024-09-08T16:15:06.732+0800][info] GC(145)   Post Evacuate Collection Set: 0.1ms
[2024-09-08T16:15:06.732+0800][info] GC(145)   Other: 0.1ms
[2024-09-08T16:15:06.732+0800][info] GC(145) Eden regions: 1->0(1)
[2024-09-08T16:15:06.732+0800][info] GC(145) Survivor regions: 1->1(1)
[2024-09-08T16:15:06.732+0800][info] GC(145) Old regions: 23->24
[2024-09-08T16:15:06.732+0800][info] GC(145) Archive regions: 2->2
[2024-09-08T16:15:06.732+0800][info] GC(145) Humongous regions: 0->0
[2024-09-08T16:15:06.732+0800][info] GC(145) Metaspace: 652K(832K)->652K(832K) NonClass: 604K(704K)->604K(704K) Class: 48K(128K)->48K(128K)
[2024-09-08T16:15:06.732+0800][info] GC(145) Pause Young (Normal) (G1 Evacuation Pause) 102M->102M(128M) 1.089ms
[2024-09-08T16:15:06.732+0800][info] GC(145) User=0.00s Sys=0.00s Real=0.00s
[2024-09-08T16:15:07.234+0800][info] GC(146) Pause Young (Normal) (G1 Preventive Collection)
[2024-09-08T16:15:07.234+0800][info] GC(146) Using 3 workers of 48 for evacuation
[2024-09-08T16:15:07.235+0800][info] GC(146)   Pre Evacuate Collection Set: 0.0ms
[2024-09-08T16:15:07.235+0800][info] GC(146)   Merge Heap Roots: 0.0ms
[2024-09-08T16:15:07.235+0800][info] GC(146)   Evacuate Collection Set: 1.0ms
[2024-09-08T16:15:07.235+0800][info] GC(146)   Post Evacuate Collection Set: 0.1ms
[2024-09-08T16:15:07.235+0800][info] GC(146)   Other: 0.1ms
[2024-09-08T16:15:07.235+0800][info] GC(146) Eden regions: 1->0(1)
[2024-09-08T16:15:07.235+0800][info] GC(146) Survivor regions: 1->1(1)
[2024-09-08T16:15:07.235+0800][info] GC(146) Old regions: 24->25
[2024-09-08T16:15:07.236+0800][info] GC(146) Archive regions: 2->2
[2024-09-08T16:15:07.236+0800][info] GC(146) Humongous regions: 0->0
[2024-09-08T16:15:07.236+0800][info] GC(146) Metaspace: 652K(832K)->652K(832K) NonClass: 604K(704K)->604K(704K) Class: 48K(128K)->48K(128K)
[2024-09-08T16:15:07.236+0800][info] GC(146) Pause Young (Normal) (G1 Preventive Collection) 106M->106M(128M) 1.235ms
[2024-09-08T16:15:07.236+0800][info] GC(146) User=0.01s Sys=0.00s Real=0.00s
[2024-09-08T16:15:07.738+0800][info] GC(147) Pause Young (Normal) (G1 Preventive Collection)
[2024-09-08T16:15:07.738+0800][info] GC(147) Using 3 workers of 48 for evacuation
[2024-09-08T16:15:07.740+0800][info] GC(147)   Pre Evacuate Collection Set: 0.0ms
[2024-09-08T16:15:07.740+0800][info] GC(147)   Merge Heap Roots: 0.0ms
[2024-09-08T16:15:07.740+0800][info] GC(147)   Evacuate Collection Set: 0.9ms
[2024-09-08T16:15:07.740+0800][info] GC(147)   Post Evacuate Collection Set: 0.1ms
[2024-09-08T16:15:07.740+0800][info] GC(147)   Other: 0.1ms
[2024-09-08T16:15:07.740+0800][info] GC(147) Eden regions: 1->0(1)
[2024-09-08T16:15:07.740+0800][info] GC(147) Survivor regions: 1->1(1)
[2024-09-08T16:15:07.740+0800][info] GC(147) Old regions: 25->26
[2024-09-08T16:15:07.740+0800][info] GC(147) Archive regions: 2->2
[2024-09-08T16:15:07.740+0800][info] GC(147) Humongous regions: 0->0
[2024-09-08T16:15:07.740+0800][info] GC(147) Metaspace: 652K(832K)->652K(832K) NonClass: 604K(704K)->604K(704K) Class: 48K(128K)->48K(128K)
[2024-09-08T16:15:07.740+0800][info] GC(147) Pause Young (Normal) (G1 Preventive Collection) 110M->110M(128M) 1.230ms
[2024-09-08T16:15:07.740+0800][info] GC(147) User=0.00s Sys=0.01s Real=0.00s
[2024-09-08T16:15:08.242+0800][info] GC(148) Pause Young (Normal) (G1 Preventive Collection)
[2024-09-08T16:15:08.242+0800][info] GC(148) Using 3 workers of 48 for evacuation
[2024-09-08T16:15:08.243+0800][info] GC(148)   Pre Evacuate Collection Set: 0.0ms
[2024-09-08T16:15:08.243+0800][info] GC(148)   Merge Heap Roots: 0.0ms
[2024-09-08T16:15:08.243+0800][info] GC(148)   Evacuate Collection Set: 0.9ms
[2024-09-08T16:15:08.243+0800][info] GC(148)   Post Evacuate Collection Set: 0.1ms
[2024-09-08T16:15:08.243+0800][info] GC(148)   Other: 0.1ms
[2024-09-08T16:15:08.243+0800][info] GC(148) Eden regions: 1->0(1)
[2024-09-08T16:15:08.243+0800][info] GC(148) Survivor regions: 1->1(1)
[2024-09-08T16:15:08.243+0800][info] GC(148) Old regions: 26->27
[2024-09-08T16:15:08.243+0800][info] GC(148) Archive regions: 2->2
[2024-09-08T16:15:08.243+0800][info] GC(148) Humongous regions: 0->0
[2024-09-08T16:15:08.243+0800][info] GC(148) Metaspace: 652K(832K)->652K(832K) NonClass: 604K(704K)->604K(704K) Class: 48K(128K)->48K(128K)
[2024-09-08T16:15:08.243+0800][info] GC(148) Pause Young (Normal) (G1 Preventive Collection) 114M->114M(128M) 1.143ms
[2024-09-08T16:15:08.243+0800][info] GC(148) User=0.00s Sys=0.00s Real=0.00s
[2024-09-08T16:15:08.746+0800][info] GC(149) Pause Young (Normal) (G1 Preventive Collection)
[2024-09-08T16:15:08.746+0800][info] GC(149) Using 3 workers of 48 for evacuation
[2024-09-08T16:15:08.747+0800][info] GC(149) To-space exhausted
[2024-09-08T16:15:08.747+0800][info] GC(149)   Pre Evacuate Collection Set: 0.0ms
[2024-09-08T16:15:08.747+0800][info] GC(149)   Merge Heap Roots: 0.0ms
[2024-09-08T16:15:08.747+0800][info] GC(149)   Evacuate Collection Set: 0.5ms
[2024-09-08T16:15:08.747+0800][info] GC(149)   Post Evacuate Collection Set: 0.1ms
[2024-09-08T16:15:08.747+0800][info] GC(149)   Other: 0.1ms
[2024-09-08T16:15:08.747+0800][info] GC(149) Eden regions: 1->0(1)
[2024-09-08T16:15:08.747+0800][info] GC(149) Survivor regions: 1->1(1)
[2024-09-08T16:15:08.747+0800][info] GC(149) Old regions: 27->28
[2024-09-08T16:15:08.747+0800][info] GC(149) Archive regions: 2->2
[2024-09-08T16:15:08.747+0800][info] GC(149) Humongous regions: 0->0
[2024-09-08T16:15:08.747+0800][info] GC(149) Metaspace: 652K(832K)->652K(832K) NonClass: 604K(704K)->604K(704K) Class: 48K(128K)->48K(128K)
[2024-09-08T16:15:08.747+0800][info] GC(149) Pause Young (Normal) (G1 Preventive Collection) 118M->118M(128M) 0.755ms
[2024-09-08T16:15:08.747+0800][info] GC(149) User=0.01s Sys=0.00s Real=0.00s
[2024-09-08T16:15:09.248+0800][info] GC(150) Pause Young (Concurrent Start) (G1 Evacuation Pause)
[2024-09-08T16:15:09.248+0800][info] GC(150) Using 3 workers of 48 for evacuation
[2024-09-08T16:15:09.248+0800][info] GC(150) To-space exhausted
[2024-09-08T16:15:09.248+0800][info] GC(150)   Pre Evacuate Collection Set: 0.0ms
[2024-09-08T16:15:09.248+0800][info] GC(150)   Merge Heap Roots: 0.0ms
[2024-09-08T16:15:09.248+0800][info] GC(150)   Evacuate Collection Set: 0.3ms
[2024-09-08T16:15:09.248+0800][info] GC(150)   Post Evacuate Collection Set: 0.1ms
[2024-09-08T16:15:09.248+0800][info] GC(150)   Other: 0.2ms
[2024-09-08T16:15:09.248+0800][info] GC(150) Eden regions: 1->0(1)
[2024-09-08T16:15:09.248+0800][info] GC(150) Survivor regions: 1->0(0)
[2024-09-08T16:15:09.248+0800][info] GC(150) Old regions: 28->30
[2024-09-08T16:15:09.248+0800][info] GC(150) Archive regions: 2->2
[2024-09-08T16:15:09.248+0800][info] GC(150) Humongous regions: 0->0
[2024-09-08T16:15:09.248+0800][info] GC(150) Metaspace: 652K(832K)->652K(832K) NonClass: 604K(704K)->604K(704K) Class: 48K(128K)->48K(128K)
[2024-09-08T16:15:09.248+0800][info] GC(150) Pause Young (Concurrent Start) (G1 Evacuation Pause) 122M->122M(128M) 0.819ms
[2024-09-08T16:15:09.248+0800][info] GC(150) User=0.00s Sys=0.00s Real=0.00s
[2024-09-08T16:15:09.248+0800][info] Attempting full compaction
[2024-09-08T16:15:09.249+0800][info] GC(151) Using 1 workers of 48 for full compaction
[2024-09-08T16:15:09.249+0800][info] GC(152) Concurrent Mark Cycle
[2024-09-08T16:15:09.249+0800][info] GC(151) Pause Full (G1 Compaction Pause)
[2024-09-08T16:15:09.249+0800][info] GC(152) Concurrent Clear Claimed Marks
[2024-09-08T16:15:09.249+0800][info] GC(152) Concurrent Clear Claimed Marks 0.021ms
[2024-09-08T16:15:09.249+0800][info] GC(152) Concurrent Scan Root Regions
[2024-09-08T16:15:09.249+0800][info] GC(152) Concurrent Scan Root Regions 0.011ms
[2024-09-08T16:15:09.249+0800][info] GC(152) Concurrent Mark
[2024-09-08T16:15:09.249+0800][info] GC(152) Concurrent Mark From Roots
[2024-09-08T16:15:09.249+0800][info] GC(152) Using 12 workers of 12 for marking
[2024-09-08T16:15:09.249+0800][info] GC(151) Phase 1: Mark live objects
[2024-09-08T16:15:09.253+0800][info] GC(151) Phase 1: Mark live objects 3.942ms
[2024-09-08T16:15:09.253+0800][info] GC(151) Phase 2: Prepare for compaction
[2024-09-08T16:15:09.254+0800][info] GC(151) Phase 2: Prepare for compaction 0.967ms
[2024-09-08T16:15:09.254+0800][info] GC(151) Phase 3: Adjust pointers
[2024-09-08T16:15:09.255+0800][info] GC(151) Phase 3: Adjust pointers 1.340ms
[2024-09-08T16:15:09.255+0800][info] GC(151) Phase 4: Compact heap
[2024-09-08T16:15:09.257+0800][info] GC(151) Phase 4: Compact heap 1.812ms
[2024-09-08T16:15:09.257+0800][info] GC(151) Eden regions: 0->0(6)
[2024-09-08T16:15:09.257+0800][info] GC(151) Survivor regions: 0->0(0)
[2024-09-08T16:15:09.257+0800][info] GC(151) Old regions: 30->10
[2024-09-08T16:15:09.257+0800][info] GC(151) Archive regions: 2->2
[2024-09-08T16:15:09.257+0800][info] GC(151) Humongous regions: 0->0
[2024-09-08T16:15:09.257+0800][info] GC(151) Metaspace: 652K(832K)->652K(832K) NonClass: 604K(704K)->604K(704K) Class: 48K(128K)->48K(128K)
[2024-09-08T16:15:09.257+0800][info] GC(151) Pause Full (G1 Compaction Pause) 122M->41M(128M) 8.928ms
[2024-09-08T16:15:09.257+0800][info] GC(151) User=0.00s Sys=0.01s Real=0.01s
[2024-09-08T16:15:09.258+0800][info] GC(152) Concurrent Mark From Roots 8.973ms
[2024-09-08T16:15:09.258+0800][info] GC(152) Concurrent Mark Abort
[2024-09-08T16:15:09.258+0800][info] GC(152) Concurrent Mark Cycle 9.175ms
[2024-09-08T16:15:12.267+0800][info] GC(153) Pause Young (Normal) (G1 Evacuation Pause)
[2024-09-08T16:15:12.267+0800][info] GC(153) Using 3 workers of 48 for evacuation
[2024-09-08T16:15:12.271+0800][info] GC(153)   Pre Evacuate Collection Set: 0.0ms
[2024-09-08T16:15:12.271+0800][info] GC(153)   Merge Heap Roots: 0.0ms
[2024-09-08T16:15:12.271+0800][info] GC(153)   Evacuate Collection Set: 3.5ms
[2024-09-08T16:15:12.271+0800][info] GC(153)   Post Evacuate Collection Set: 0.1ms
[2024-09-08T16:15:12.271+0800][info] GC(153)   Other: 0.1ms
[2024-09-08T16:15:12.271+0800][info] GC(153) Eden regions: 6->0(3)
[2024-09-08T16:15:12.271+0800][info] GC(153) Survivor regions: 0->1(1)
[2024-09-08T16:15:12.271+0800][info] GC(153) Old regions: 10->16
[2024-09-08T16:15:12.271+0800][info] GC(153) Archive regions: 2->2
[2024-09-08T16:15:12.271+0800][info] GC(153) Humongous regions: 0->0
[2024-09-08T16:15:12.271+0800][info] GC(153) Metaspace: 652K(832K)->652K(832K) NonClass: 604K(704K)->604K(704K) Class: 48K(128K)->48K(128K)
[2024-09-08T16:15:12.271+0800][info] GC(153) Pause Young (Normal) (G1 Evacuation Pause) 65M->65M(128M) 3.862ms
[2024-09-08T16:15:12.271+0800][info] GC(153) User=0.01s Sys=0.00s Real=0.00s
[2024-09-08T16:15:13.790+0800][info] GC(154) Pause Young (Normal) (G1 Evacuation Pause)
[2024-09-08T16:15:13.790+0800][info] GC(154) Using 3 workers of 48 for evacuation
[2024-09-08T16:15:13.792+0800][info] GC(154)   Pre Evacuate Collection Set: 0.0ms
[2024-09-08T16:15:13.792+0800][info] GC(154)   Merge Heap Roots: 0.0ms
[2024-09-08T16:15:13.792+0800][info] GC(154)   Evacuate Collection Set: 2.3ms
[2024-09-08T16:15:13.792+0800][info] GC(154)   Post Evacuate Collection Set: 0.1ms
[2024-09-08T16:15:13.792+0800][info] GC(154)   Other: 0.1ms
[2024-09-08T16:15:13.792+0800][info] GC(154) Eden regions: 3->0(2)
[2024-09-08T16:15:13.792+0800][info] GC(154) Survivor regions: 1->1(1)
[2024-09-08T16:15:13.792+0800][info] GC(154) Old regions: 16->19
[2024-09-08T16:15:13.792+0800][info] GC(154) Archive regions: 2->2
[2024-09-08T16:15:13.792+0800][info] GC(154) Humongous regions: 0->0
[2024-09-08T16:15:13.792+0800][info] GC(154) Metaspace: 652K(832K)->652K(832K) NonClass: 604K(704K)->604K(704K) Class: 48K(128K)->48K(128K)
[2024-09-08T16:15:13.792+0800][info] GC(154) Pause Young (Normal) (G1 Evacuation Pause) 77M->77M(128M) 2.620ms
[2024-09-08T16:15:13.792+0800][info] GC(154) User=0.01s Sys=0.00s Real=0.00s
[2024-09-08T16:15:14.796+0800][info] GC(155) Pause Young (Normal) (G1 Evacuation Pause)
[2024-09-08T16:15:14.796+0800][info] GC(155) Using 3 workers of 48 for evacuation
[2024-09-08T16:15:14.797+0800][info] GC(155)   Pre Evacuate Collection Set: 0.0ms
[2024-09-08T16:15:14.797+0800][info] GC(155)   Merge Heap Roots: 0.0ms
[2024-09-08T16:15:14.797+0800][info] GC(155)   Evacuate Collection Set: 1.7ms
[2024-09-08T16:15:14.797+0800][info] GC(155)   Post Evacuate Collection Set: 0.1ms
[2024-09-08T16:15:14.797+0800][info] GC(155)   Other: 0.1ms
[2024-09-08T16:15:14.797+0800][info] GC(155) Eden regions: 2->0(1)
[2024-09-08T16:15:14.797+0800][info] GC(155) Survivor regions: 1->1(1)
[2024-09-08T16:15:14.797+0800][info] GC(155) Old regions: 19->21
[2024-09-08T16:15:14.797+0800][info] GC(155) Archive regions: 2->2
[2024-09-08T16:15:14.797+0800][info] GC(155) Humongous regions: 0->0
[2024-09-08T16:15:14.797+0800][info] GC(155) Metaspace: 652K(832K)->652K(832K) NonClass: 604K(704K)->604K(704K) Class: 48K(128K)->48K(128K)
[2024-09-08T16:15:14.798+0800][info] GC(155) Pause Young (Normal) (G1 Evacuation Pause) 85M->85M(128M) 1.962ms
[2024-09-08T16:15:14.798+0800][info] GC(155) User=0.00s Sys=0.00s Real=0.01s
[2024-09-08T16:15:14.814+0800][info] GC(156) Pause Young (Concurrent Start) (WhiteBox Initiated Concurrent Mark)
[2024-09-08T16:15:14.814+0800][info] GC(156) Using 3 workers of 48 for evacuation
[2024-09-08T16:15:14.814+0800][info] GC(156)   Pre Evacuate Collection Set: 0.0ms
[2024-09-08T16:15:14.814+0800][info] GC(156)   Merge Heap Roots: 0.0ms
[2024-09-08T16:15:14.814+0800][info] GC(156)   Evacuate Collection Set: 0.6ms
[2024-09-08T16:15:14.814+0800][info] GC(156)   Post Evacuate Collection Set: 0.1ms
[2024-09-08T16:15:14.814+0800][info] GC(156)   Other: 0.2ms
[2024-09-08T16:15:14.814+0800][info] GC(156) Eden regions: 1->0(1)
[2024-09-08T16:15:14.814+0800][info] GC(156) Survivor regions: 1->1(1)
[2024-09-08T16:15:14.815+0800][info] GC(156) Old regions: 21->22
[2024-09-08T16:15:14.815+0800][info] GC(156) Archive regions: 2->2
[2024-09-08T16:15:14.815+0800][info] GC(156) Humongous regions: 0->0
[2024-09-08T16:15:14.815+0800][info] GC(156) Metaspace: 654K(832K)->654K(832K) NonClass: 606K(704K)->606K(704K) Class: 48K(128K)->48K(128K)
[2024-09-08T16:15:14.815+0800][info] GC(156) Pause Young (Concurrent Start) (WhiteBox Initiated Concurrent Mark) 85M->85M(128M) 0.955ms
[2024-09-08T16:15:14.815+0800][info] GC(156) User=0.00s Sys=0.00s Real=0.00s
[2024-09-08T16:15:14.815+0800][info] GC(157) Concurrent Mark Cycle
[2024-09-08T16:15:14.815+0800][info] GC(157) Concurrent Clear Claimed Marks
[2024-09-08T16:15:14.815+0800][info] GC(157) Concurrent Clear Claimed Marks 0.032ms
[2024-09-08T16:15:14.815+0800][info] GC(157) Concurrent Scan Root Regions
[2024-09-08T16:15:14.815+0800][info] GC(157) Concurrent Scan Root Regions 0.557ms
[2024-09-08T16:15:14.815+0800][info] GC(157) Concurrent Mark
[2024-09-08T16:15:14.815+0800][info] GC(157) Concurrent Mark From Roots
[2024-09-08T16:15:14.815+0800][info] GC(157) Using 12 workers of 12 for marking
[2024-09-08T16:15:14.818+0800][info] GC(157) Concurrent Mark From Roots 2.737ms
[2024-09-08T16:15:14.818+0800][info] GC(157) Concurrent Preclean
[2024-09-08T16:15:14.820+0800][info] GC(157) Concurrent Preclean 2.109ms
[2024-09-08T16:15:14.820+0800][info] GC(157) Pause Remark
[2024-09-08T16:15:14.821+0800][info] GC(157) Pause Remark 85M->85M(128M) 0.922ms
[2024-09-08T16:15:14.821+0800][info] GC(157) User=0.00s Sys=0.00s Real=0.00s
[2024-09-08T16:15:14.821+0800][info] GC(157) Concurrent Mark 6.034ms
[2024-09-08T16:15:14.821+0800][info] GC(157) Concurrent Rebuild Remembered Sets
[2024-09-08T16:15:14.827+0800][info] GC(157) Concurrent Rebuild Remembered Sets 5.442ms
[2024-09-08T16:15:14.827+0800][info] GC(157) Pause Cleanup
[2024-09-08T16:15:14.827+0800][info] GC(157) Pause Cleanup 85M->85M(128M) 0.186ms
[2024-09-08T16:15:14.827+0800][info] GC(157) User=0.00s Sys=0.00s Real=0.00s
[2024-09-08T16:15:14.827+0800][info] GC(157) Concurrent Cleanup for Next Mark
[2024-09-08T16:15:14.827+0800][info] GC(157) Concurrent Cleanup for Next Mark 0.290ms
[2024-09-08T16:15:14.827+0800][info] GC(157) Concurrent Mark Cycle 12.831ms
[2024-09-08T16:15:15.868+0800][info] GC(158) Pause Young (Concurrent Start) (WhiteBox Initiated Concurrent Mark)
[2024-09-08T16:15:15.868+0800][info] GC(158) Using 3 workers of 48 for evacuation
[2024-09-08T16:15:15.869+0800][info] GC(158)   Pre Evacuate Collection Set: 0.0ms
[2024-09-08T16:15:15.869+0800][info] GC(158)   Merge Heap Roots: 0.0ms
[2024-09-08T16:15:15.869+0800][info] GC(158)   Evacuate Collection Set: 0.3ms
[2024-09-08T16:15:15.869+0800][info] GC(158)   Post Evacuate Collection Set: 0.3ms
[2024-09-08T16:15:15.869+0800][info] GC(158)   Other: 0.2ms
[2024-09-08T16:15:15.869+0800][info] GC(158) Eden regions: 1->0(2)
[2024-09-08T16:15:15.869+0800][info] GC(158) Survivor regions: 1->1(1)
[2024-09-08T16:15:15.869+0800][info] GC(158) Old regions: 22->22
[2024-09-08T16:15:15.869+0800][info] GC(158) Archive regions: 2->2
[2024-09-08T16:15:15.869+0800][info] GC(158) Humongous regions: 0->0
[2024-09-08T16:15:15.869+0800][info] GC(158) Metaspace: 686K(896K)->686K(896K) NonClass: 636K(768K)->636K(768K) Class: 50K(128K)->50K(128K)
[2024-09-08T16:15:15.869+0800][info] GC(158) Pause Young (Concurrent Start) (WhiteBox Initiated Concurrent Mark) 86M->85M(128M) 0.913ms
[2024-09-08T16:15:15.869+0800][info] GC(158) User=0.00s Sys=0.00s Real=0.00s
[2024-09-08T16:15:15.869+0800][info] GC(159) Concurrent Mark Cycle
[2024-09-08T16:15:15.869+0800][info] GC(159) Concurrent Clear Claimed Marks
[2024-09-08T16:15:15.869+0800][info] GC(159) Concurrent Clear Claimed Marks 0.018ms
[2024-09-08T16:15:15.869+0800][info] GC(159) Concurrent Scan Root Regions
[2024-09-08T16:15:15.870+0800][info] GC(159) Concurrent Scan Root Regions 0.071ms
[2024-09-08T16:15:15.870+0800][info] GC(159) Concurrent Mark
[2024-09-08T16:15:15.870+0800][info] GC(159) Concurrent Mark From Roots
[2024-09-08T16:15:15.870+0800][info] GC(159) Using 12 workers of 12 for marking
[2024-09-08T16:15:15.872+0800][info] GC(159) Concurrent Mark From Roots 2.496ms
[2024-09-08T16:15:15.872+0800][info] GC(159) Concurrent Preclean
[2024-09-08T16:15:15.874+0800][info] GC(159) Concurrent Preclean 1.685ms
[2024-09-08T16:15:15.874+0800][info] GC(159) Pause Remark
[2024-09-08T16:15:15.875+0800][info] GC(159) Pause Remark 85M->8M(128M) 0.760ms
[2024-09-08T16:15:15.875+0800][info] GC(159) User=0.00s Sys=0.00s Real=0.00s
[2024-09-08T16:15:15.875+0800][info] GC(159) Concurrent Mark 5.050ms
[2024-09-08T16:15:15.875+0800][info] GC(159) Concurrent Rebuild Remembered Sets
[2024-09-08T16:15:15.875+0800][info] GC(159) Concurrent Rebuild Remembered Sets 0.812ms
[2024-09-08T16:15:15.875+0800][info] GC(159) Pause Cleanup
[2024-09-08T16:15:15.876+0800][info] GC(159) Pause Cleanup 8M->8M(128M) 0.048ms
[2024-09-08T16:15:15.876+0800][info] GC(159) User=0.00s Sys=0.00s Real=0.00s
[2024-09-08T16:15:15.876+0800][info] GC(159) Concurrent Cleanup for Next Mark
[2024-09-08T16:15:15.876+0800][info] GC(159) Concurrent Cleanup for Next Mark 0.243ms
[2024-09-08T16:15:15.876+0800][info] GC(159) Concurrent Mark Cycle 6.429ms
[2024-09-08T16:15:16.871+0800][info] Heap
[2024-09-08T16:15:16.871+0800][info]  garbage-first heap   total 131072K, used 8371K [0x00000000f8000000, 0x0000000100000000)
[2024-09-08T16:15:16.871+0800][info]   region size 4096K, 2 young (8192K), 1 survivors (4096K)
[2024-09-08T16:15:16.871+0800][info]  Metaspace       used 688K, committed 896K, reserved 1114112K
[2024-09-08T16:15:16.871+0800][info]   class space    used 50K, committed 128K, reserved 1048576K
