[2024-10-12T10:43:26.367+0800][debug][gc,ergo,cset] GC(9) Pruned 7 regions out of 24, leaving 5876536 bytes waste (allowed 6710886)
[2024-10-12T10:43:26.859+0800][debug][gc,ergo,cset] GC(11) Start adding old regions to collection set. Min 3 regions, max 7 regions, time remaining 40.89ms, optional threshold 8.18ms
[2024-10-12T10:43:26.859+0800][debug][gc,ergo,cset] GC(11) Finish adding old regions to collection set (Maximum number of regions). Initial 7 regions, optional 0 regions
[2024-10-12T10:43:26.859+0800][debug][gc,ergo,cset] GC(11) Finish choosing collection set old regions. Initial: 7, optional: 0, predicted old time: 0.00ms, predicted optional time: 0.00ms, time remaining: 32.89
[2024-10-12T10:43:26.967+0800][debug][gc,ergo,cset] GC(12) Start adding old regions to collection set. Min 3 regions, max 7 regions, time remaining 42.21ms, optional threshold 8.44ms
[2024-10-12T10:43:26.967+0800][debug][gc,ergo,cset] GC(12) Finish adding old regions to collection set (Maximum number of regions). Initial 7 regions, optional 0 regions
[2024-10-12T10:43:26.967+0800][debug][gc,ergo,cset] GC(12) Finish choosing collection set old regions. Initial: 7, optional: 0, predicted old time: 0.00ms, predicted optional time: 0.00ms, time remaining: 34.63
[2024-10-12T10:43:27.075+0800][debug][gc,ergo,cset] GC(13) Start adding old regions to collection set. Min 3 regions, max 7 regions, time remaining 43.55ms, optional threshold 8.71ms
[2024-10-12T10:43:27.075+0800][debug][gc,ergo,cset] GC(13) Old candidate collection set empty.
[2024-10-12T10:43:27.075+0800][debug][gc,ergo,cset] GC(13) Finish choosing collection set old regions. Initial: 3, optional: 0, predicted old time: 0.00ms, predicted optional time: 0.00ms, time remaining: 39.96
[2024-10-12T10:43:27.482+0800][debug][gc,ergo,cset] GC(15) Pruned 10 regions out of 24, leaving 5881024 bytes waste (allowed 6710886)
[2024-10-12T10:43:27.898+0800][debug][gc,ergo,cset] GC(17) Start adding old regions to collection set. Min 2 regions, max 7 regions, time remaining 45.94ms, optional threshold 9.19ms
[2024-10-12T10:43:27.898+0800][debug][gc,ergo,cset] GC(17) Finish adding old regions to collection set (Maximum number of regions). Initial 7 regions, optional 0 regions
[2024-10-12T10:43:27.898+0800][debug][gc,ergo,cset] GC(17) Finish choosing collection set old regions. Initial: 7, optional: 0, predicted old time: 0.00ms, predicted optional time: 0.00ms, time remaining: 41.62
[2024-10-12T10:43:28.009+0800][debug][gc,ergo,cset] GC(18) Start adding old regions to collection set. Min 2 regions, max 7 regions, time remaining 45.91ms, optional threshold 9.18ms
[2024-10-12T10:43:28.009+0800][debug][gc,ergo,cset] GC(18) Old candidate collection set empty.
[2024-10-12T10:43:28.009+0800][debug][gc,ergo,cset] GC(18) Finish choosing collection set old regions. Initial: 7, optional: 0, predicted old time: 0.00ms, predicted optional time: 0.00ms, time remaining: 40.22
[2024-10-12T10:43:28.250+0800][debug][gc,ergo,cset] GC(20) Pruned 10 regions out of 27, leaving 6392704 bytes waste (allowed 6710886)
[2024-10-12T10:43:28.562+0800][debug][gc,ergo,cset] GC(22) Start adding old regions to collection set. Min 3 regions, max 7 regions, time remaining 47.39ms, optional threshold 9.48ms
[2024-10-12T10:43:28.562+0800][debug][gc,ergo,cset] GC(22) Finish adding old regions to collection set (Maximum number of regions). Initial 7 regions, optional 0 regions
[2024-10-12T10:43:28.562+0800][debug][gc,ergo,cset] GC(22) Finish choosing collection set old regions. Initial: 7, optional: 0, predicted old time: 0.00ms, predicted optional time: 0.00ms, time remaining: 43.90
[2024-10-12T10:43:28.671+0800][debug][gc,ergo,cset] GC(23) Start adding old regions to collection set. Min 3 regions, max 7 regions, time remaining 47.30ms, optional threshold 9.46ms
[2024-10-12T10:43:28.671+0800][debug][gc,ergo,cset] GC(23) Finish adding old regions to collection set (Maximum number of regions). Initial 7 regions, optional 0 regions
[2024-10-12T10:43:28.671+0800][debug][gc,ergo,cset] GC(23) Finish choosing collection set old regions. Initial: 7, optional: 0, predicted old time: 0.00ms, predicted optional time: 0.00ms, time remaining: 42.95
[2024-10-12T10:43:28.776+0800][debug][gc,ergo,cset] GC(24) Start adding old regions to collection set. Min 3 regions, max 7 regions, time remaining 47.65ms, optional threshold 9.53ms
[2024-10-12T10:43:28.776+0800][debug][gc,ergo,cset] GC(24) Old candidate collection set empty.
[2024-10-12T10:43:28.776+0800][debug][gc,ergo,cset] GC(24) Finish choosing collection set old regions. Initial: 3, optional: 0, predicted old time: 0.00ms, predicted optional time: 0.00ms, time remaining: 46.03
[2024-10-12T10:43:29.165+0800][debug][gc,ergo,cset] GC(28) Pruned 11 regions out of 38, leaving 6304152 bytes waste (allowed 6710886)
[2024-10-12T10:43:29.413+0800][debug][gc,ergo,cset] GC(30) Start adding old regions to collection set. Min 4 regions, max 7 regions, time remaining 48.52ms, optional threshold 9.70ms
[2024-10-12T10:43:29.413+0800][debug][gc,ergo,cset] GC(30) Finish adding old regions to collection set (Maximum number of regions). Initial 7 regions, optional 0 regions
[2024-10-12T10:43:29.413+0800][debug][gc,ergo,cset] GC(30) Finish choosing collection set old regions. Initial: 7, optional: 0, predicted old time: 0.00ms, predicted optional time: 0.00ms, time remaining: 47.21
[2024-10-12T10:43:29.518+0800][debug][gc,ergo,cset] GC(31) Start adding old regions to collection set. Min 4 regions, max 7 regions, time remaining 48.52ms, optional threshold 9.70ms
[2024-10-12T10:43:29.518+0800][debug][gc,ergo,cset] GC(31) Finish adding old regions to collection set (Maximum number of regions). Initial 7 regions, optional 0 regions
[2024-10-12T10:43:29.518+0800][debug][gc,ergo,cset] GC(31) Finish choosing collection set old regions. Initial: 7, optional: 0, predicted old time: 0.00ms, predicted optional time: 0.00ms, time remaining: 46.91
[2024-10-12T10:43:29.624+0800][debug][gc,ergo,cset] GC(32) Start adding old regions to collection set. Min 4 regions, max 7 regions, time remaining 48.60ms, optional threshold 9.72ms
[2024-10-12T10:43:29.624+0800][debug][gc,ergo,cset] GC(32) Finish adding old regions to collection set (Maximum number of regions). Initial 7 regions, optional 0 regions
[2024-10-12T10:43:29.624+0800][debug][gc,ergo,cset] GC(32) Finish choosing collection set old regions. Initial: 7, optional: 0, predicted old time: 0.00ms, predicted optional time: 0.00ms, time remaining: 46.80
[2024-10-12T10:43:29.729+0800][debug][gc,ergo,cset] GC(33) Start adding old regions to collection set. Min 4 regions, max 7 regions, time remaining 48.68ms, optional threshold 9.74ms
[2024-10-12T10:43:29.729+0800][debug][gc,ergo,cset] GC(33) Old candidate collection set empty.
[2024-10-12T10:43:29.729+0800][debug][gc,ergo,cset] GC(33) Finish choosing collection set old regions. Initial: 6, optional: 0, predicted old time: 0.00ms, predicted optional time: 0.00ms, time remaining: 47.11
[2024-10-12T10:43:30.056+0800][debug][gc,ergo,cset] GC(37) Pruned 0 regions out of 44, leaving 0 bytes waste (allowed 0)
[2024-10-12T10:43:30.303+0800][debug][gc,ergo,cset] Preventive GC, insufficient free regions. Predicted need 6. Curr Eden 2 (Pred 3). Curr Survivor 1 (Pred 1). Curr Old 53 (Pred 2) Free 5 Alloc 1
[2024-10-12T10:43:30.304+0800][debug][gc,ergo,cset] GC(39) Start adding old regions to collection set. Min 6 regions, max 7 regions, time remaining 48.89ms, optional threshold 9.78ms
[2024-10-12T10:43:30.304+0800][debug][gc,ergo,cset] GC(39) Finish adding old regions to collection set (Maximum number of regions). Initial 7 regions, optional 0 regions
[2024-10-12T10:43:30.304+0800][debug][gc,ergo,cset] GC(39) Finish choosing collection set old regions. Initial: 7, optional: 0, predicted old time: 0.00ms, predicted optional time: 0.00ms, time remaining: 48.12
[2024-10-12T10:43:30.407+0800][debug][gc,ergo,cset] Preventive GC, insufficient free regions. Predicted need 7. Curr Eden 2 (Pred 3). Curr Survivor 1 (Pred 1). Curr Old 51 (Pred 3) Free 7 Alloc 1
[2024-10-12T10:43:30.408+0800][debug][gc,ergo,cset] GC(40) Start adding old regions to collection set. Min 6 regions, max 7 regions, time remaining 48.87ms, optional threshold 9.77ms
[2024-10-12T10:43:30.408+0800][debug][gc,ergo,cset] GC(40) Finish adding old regions to collection set (Maximum number of regions). Initial 7 regions, optional 0 regions
[2024-10-12T10:43:30.408+0800][debug][gc,ergo,cset] GC(40) Finish choosing collection set old regions. Initial: 7, optional: 0, predicted old time: 0.00ms, predicted optional time: 0.00ms, time remaining: 47.62
[2024-10-12T10:43:30.513+0800][debug][gc,ergo,cset] GC(41) Start adding old regions to collection set. Min 6 regions, max 7 regions, time remaining 48.74ms, optional threshold 9.75ms
[2024-10-12T10:43:30.513+0800][debug][gc,ergo,cset] GC(41) Finish adding old regions to collection set (Maximum number of regions). Initial 7 regions, optional 0 regions
[2024-10-12T10:43:30.513+0800][debug][gc,ergo,cset] GC(41) Finish choosing collection set old regions. Initial: 7, optional: 0, predicted old time: 0.00ms, predicted optional time: 0.00ms, time remaining: 47.36
[2024-10-12T10:43:30.618+0800][debug][gc,ergo,cset] GC(42) Start adding old regions to collection set. Min 6 regions, max 7 regions, time remaining 48.73ms, optional threshold 9.75ms
[2024-10-12T10:43:30.618+0800][debug][gc,ergo,cset] GC(42) Finish adding old regions to collection set (Maximum number of regions). Initial 7 regions, optional 0 regions
[2024-10-12T10:43:30.618+0800][debug][gc,ergo,cset] GC(42) Finish choosing collection set old regions. Initial: 7, optional: 0, predicted old time: 0.00ms, predicted optional time: 0.00ms, time remaining: 47.30
[2024-10-12T10:43:30.724+0800][debug][gc,ergo,cset] GC(43) Start adding old regions to collection set. Min 6 regions, max 7 regions, time remaining 48.75ms, optional threshold 9.75ms
[2024-10-12T10:43:30.724+0800][debug][gc,ergo,cset] GC(43) Finish adding old regions to collection set (Maximum number of regions). Initial 7 regions, optional 0 regions
[2024-10-12T10:43:30.724+0800][debug][gc,ergo,cset] GC(43) Finish choosing collection set old regions. Initial: 7, optional: 0, predicted old time: 0.00ms, predicted optional time: 0.00ms, time remaining: 47.13
[2024-10-12T10:43:30.829+0800][debug][gc,ergo,cset] GC(44) Start adding old regions to collection set. Min 6 regions, max 7 regions, time remaining 48.79ms, optional threshold 9.76ms
[2024-10-12T10:43:30.829+0800][debug][gc,ergo,cset] GC(44) Finish adding old regions to collection set (Maximum number of regions). Initial 7 regions, optional 0 regions
[2024-10-12T10:43:30.829+0800][debug][gc,ergo,cset] GC(44) Finish choosing collection set old regions. Initial: 7, optional: 0, predicted old time: 0.00ms, predicted optional time: 0.00ms, time remaining: 47.18
[2024-10-12T10:43:30.935+0800][debug][gc,ergo,cset] GC(45) Start adding old regions to collection set. Min 6 regions, max 7 regions, time remaining 48.82ms, optional threshold 9.76ms
[2024-10-12T10:43:30.935+0800][debug][gc,ergo,cset] GC(45) Old candidate collection set empty.
[2024-10-12T10:43:30.935+0800][debug][gc,ergo,cset] GC(45) Finish choosing collection set old regions. Initial: 2, optional: 0, predicted old time: 0.00ms, predicted optional time: 0.00ms, time remaining: 48.02
[2024-10-12T10:43:31.156+0800][debug][gc,ergo,cset] GC(48) Pruned 0 regions out of 40, leaving 0 bytes waste (allowed 0)
[2024-10-12T10:43:31.364+0800][debug][gc,ergo,cset] Preventive GC, insufficient free regions. Predicted need 5. Curr Eden 1 (Pred 2). Curr Survivor 1 (Pred 1). Curr Old 53 (Pred 2) Free 5 Alloc 1
[2024-10-12T10:43:31.365+0800][debug][gc,ergo,cset] GC(50) Start adding old regions to collection set. Min 5 regions, max 7 regions, time remaining 49.03ms, optional threshold 9.81ms
[2024-10-12T10:43:31.365+0800][debug][gc,ergo,cset] GC(50) Finish adding old regions to collection set (Maximum number of regions). Initial 7 regions, optional 0 regions
[2024-10-12T10:43:31.365+0800][debug][gc,ergo,cset] GC(50) Finish choosing collection set old regions. Initial: 7, optional: 0, predicted old time: 0.00ms, predicted optional time: 0.00ms, time remaining: 48.23
[2024-10-12T10:43:31.469+0800][debug][gc,ergo,cset] Preventive GC, insufficient free regions. Predicted need 7. Curr Eden 2 (Pred 3). Curr Survivor 1 (Pred 1). Curr Old 50 (Pred 3) Free 7 Alloc 1
[2024-10-12T10:43:31.470+0800][debug][gc,ergo,cset] GC(51) Start adding old regions to collection set. Min 5 regions, max 7 regions, time remaining 48.75ms, optional threshold 9.75ms
[2024-10-12T10:43:31.470+0800][debug][gc,ergo,cset] GC(51) Finish adding old regions to collection set (Maximum number of regions). Initial 7 regions, optional 0 regions
[2024-10-12T10:43:31.470+0800][debug][gc,ergo,cset] GC(51) Finish choosing collection set old regions. Initial: 7, optional: 0, predicted old time: 0.00ms, predicted optional time: 0.00ms, time remaining: 47.54
[2024-10-12T10:43:31.575+0800][debug][gc,ergo,cset] GC(52) Start adding old regions to collection set. Min 5 regions, max 7 regions, time remaining 48.79ms, optional threshold 9.76ms
[2024-10-12T10:43:31.575+0800][debug][gc,ergo,cset] GC(52) Finish adding old regions to collection set (Maximum number of regions). Initial 7 regions, optional 0 regions
[2024-10-12T10:43:31.575+0800][debug][gc,ergo,cset] GC(52) Finish choosing collection set old regions. Initial: 7, optional: 0, predicted old time: 0.00ms, predicted optional time: 0.00ms, time remaining: 47.44
[2024-10-12T10:43:31.680+0800][debug][gc,ergo,cset] GC(53) Start adding old regions to collection set. Min 5 regions, max 7 regions, time remaining 48.72ms, optional threshold 9.74ms
[2024-10-12T10:43:31.680+0800][debug][gc,ergo,cset] GC(53) Finish adding old regions to collection set (Maximum number of regions). Initial 7 regions, optional 0 regions
[2024-10-12T10:43:31.680+0800][debug][gc,ergo,cset] GC(53) Finish choosing collection set old regions. Initial: 7, optional: 0, predicted old time: 0.00ms, predicted optional time: 0.00ms, time remaining: 47.23
[2024-10-12T10:43:31.785+0800][debug][gc,ergo,cset] GC(54) Start adding old regions to collection set. Min 5 regions, max 7 regions, time remaining 48.79ms, optional threshold 9.76ms
[2024-10-12T10:43:31.785+0800][debug][gc,ergo,cset] GC(54) Finish adding old regions to collection set (Maximum number of regions). Initial 7 regions, optional 0 regions
[2024-10-12T10:43:31.785+0800][debug][gc,ergo,cset] GC(54) Finish choosing collection set old regions. Initial: 7, optional: 0, predicted old time: 0.00ms, predicted optional time: 0.00ms, time remaining: 47.25
[2024-10-12T10:43:31.890+0800][debug][gc,ergo,cset] GC(55) Start adding old regions to collection set. Min 5 regions, max 7 regions, time remaining 48.80ms, optional threshold 9.76ms
[2024-10-12T10:43:31.890+0800][debug][gc,ergo,cset] GC(55) Old candidate collection set empty.
[2024-10-12T10:43:31.890+0800][debug][gc,ergo,cset] GC(55) Finish choosing collection set old regions. Initial: 5, optional: 0, predicted old time: 0.00ms, predicted optional time: 0.00ms, time remaining: 47.28
[2024-10-12T10:43:32.215+0800][debug][gc,ergo,cset] GC(59) Pruned 0 regions out of 39, leaving 0 bytes waste (allowed 0)
[2024-10-12T10:43:32.423+0800][debug][gc,ergo,cset] Preventive GC, insufficient free regions. Predicted need 5. Curr Eden 1 (Pred 2). Curr Survivor 1 (Pred 1). Curr Old 53 (Pred 2) Free 5 Alloc 1
[2024-10-12T10:43:32.423+0800][debug][gc,ergo,cset] GC(61) Start adding old regions to collection set. Min 5 regions, max 7 regions, time remaining 49.14ms, optional threshold 9.83ms
[2024-10-12T10:43:32.423+0800][debug][gc,ergo,cset] GC(61) Finish adding old regions to collection set (Maximum number of regions). Initial 7 regions, optional 0 regions
[2024-10-12T10:43:32.423+0800][debug][gc,ergo,cset] GC(61) Finish choosing collection set old regions. Initial: 7, optional: 0, predicted old time: 0.00ms, predicted optional time: 0.00ms, time remaining: 48.44
[2024-10-12T10:43:32.527+0800][debug][gc,ergo,cset] Preventive GC, insufficient free regions. Predicted need 7. Curr Eden 2 (Pred 3). Curr Survivor 1 (Pred 1). Curr Old 50 (Pred 3) Free 7 Alloc 1
[2024-10-12T10:43:32.527+0800][debug][gc,ergo,cset] GC(62) Start adding old regions to collection set. Min 5 regions, max 7 regions, time remaining 48.90ms, optional threshold 9.78ms
[2024-10-12T10:43:32.527+0800][debug][gc,ergo,cset] GC(62) Finish adding old regions to collection set (Maximum number of regions). Initial 7 regions, optional 0 regions
[2024-10-12T10:43:32.527+0800][debug][gc,ergo,cset] GC(62) Finish choosing collection set old regions. Initial: 7, optional: 0, predicted old time: 0.00ms, predicted optional time: 0.00ms, time remaining: 47.93
[2024-10-12T10:43:32.632+0800][debug][gc,ergo,cset] GC(63) Start adding old regions to collection set. Min 5 regions, max 7 regions, time remaining 48.88ms, optional threshold 9.78ms
[2024-10-12T10:43:32.632+0800][debug][gc,ergo,cset] GC(63) Finish adding old regions to collection set (Maximum number of regions). Initial 7 regions, optional 0 regions
[2024-10-12T10:43:32.632+0800][debug][gc,ergo,cset] GC(63) Finish choosing collection set old regions. Initial: 7, optional: 0, predicted old time: 0.00ms, predicted optional time: 0.00ms, time remaining: 47.75
[2024-10-12T10:43:32.736+0800][debug][gc,ergo,cset] GC(64) Start adding old regions to collection set. Min 5 regions, max 7 regions, time remaining 48.86ms, optional threshold 9.77ms
[2024-10-12T10:43:32.737+0800][debug][gc,ergo,cset] GC(64) Finish adding old regions to collection set (Maximum number of regions). Initial 7 regions, optional 0 regions
[2024-10-12T10:43:32.737+0800][debug][gc,ergo,cset] GC(64) Finish choosing collection set old regions. Initial: 7, optional: 0, predicted old time: 0.00ms, predicted optional time: 0.00ms, time remaining: 47.57
[2024-10-12T10:43:32.842+0800][debug][gc,ergo,cset] GC(65) Start adding old regions to collection set. Min 5 regions, max 7 regions, time remaining 48.91ms, optional threshold 9.78ms
[2024-10-12T10:43:32.842+0800][debug][gc,ergo,cset] GC(65) Finish adding old regions to collection set (Maximum number of regions). Initial 7 regions, optional 0 regions
[2024-10-12T10:43:32.842+0800][debug][gc,ergo,cset] GC(65) Finish choosing collection set old regions. Initial: 7, optional: 0, predicted old time: 0.00ms, predicted optional time: 0.00ms, time remaining: 47.54
[2024-10-12T10:43:32.946+0800][debug][gc,ergo,cset] GC(66) Start adding old regions to collection set. Min 5 regions, max 7 regions, time remaining 48.93ms, optional threshold 9.79ms
[2024-10-12T10:43:32.946+0800][debug][gc,ergo,cset] GC(66) Old candidate collection set empty.
[2024-10-12T10:43:32.946+0800][debug][gc,ergo,cset] GC(66) Finish choosing collection set old regions. Initial: 4, optional: 0, predicted old time: 0.00ms, predicted optional time: 0.00ms, time remaining: 47.94
[2024-10-12T10:43:33.272+0800][debug][gc,ergo,cset] GC(70) Pruned 0 regions out of 44, leaving 0 bytes waste (allowed 0)
[2024-10-12T10:43:33.477+0800][debug][gc,ergo,cset] Preventive GC, insufficient free regions. Predicted need 5. Curr Eden 1 (Pred 2). Curr Survivor 1 (Pred 1). Curr Old 54 (Pred 2) Free 4 Alloc 1
[2024-10-12T10:43:33.477+0800][debug][gc,ergo,cset] GC(72) Start adding old regions to collection set. Min 6 regions, max 7 regions, time remaining 49.25ms, optional threshold 9.85ms
[2024-10-12T10:43:33.477+0800][debug][gc,ergo,cset] GC(72) Finish adding old regions to collection set (Maximum number of regions). Initial 7 regions, optional 0 regions
[2024-10-12T10:43:33.477+0800][debug][gc,ergo,cset] GC(72) Finish choosing collection set old regions. Initial: 7, optional: 0, predicted old time: 0.00ms, predicted optional time: 0.00ms, time remaining: 48.68
[2024-10-12T10:43:33.582+0800][debug][gc,ergo,cset] Preventive GC, insufficient free regions. Predicted need 8. Curr Eden 2 (Pred 3). Curr Survivor 1 (Pred 1). Curr Old 50 (Pred 4) Free 7 Alloc 1
[2024-10-12T10:43:33.582+0800][debug][gc,ergo,cset] GC(73) Start adding old regions to collection set. Min 6 regions, max 7 regions, time remaining 49.02ms, optional threshold 9.80ms
[2024-10-12T10:43:33.582+0800][debug][gc,ergo,cset] GC(73) Finish adding old regions to collection set (Maximum number of regions). Initial 7 regions, optional 0 regions
[2024-10-12T10:43:33.582+0800][debug][gc,ergo,cset] GC(73) Finish choosing collection set old regions. Initial: 7, optional: 0, predicted old time: 0.00ms, predicted optional time: 0.00ms, time remaining: 48.10
[2024-10-12T10:43:33.686+0800][debug][gc,ergo,cset] Preventive GC, insufficient free regions. Predicted need 8. Curr Eden 2 (Pred 3). Curr Survivor 1 (Pred 1). Curr Old 49 (Pred 4) Free 8 Alloc 1
[2024-10-12T10:43:33.686+0800][debug][gc,ergo,cset] GC(74) Start adding old regions to collection set. Min 6 regions, max 7 regions, time remaining 48.98ms, optional threshold 9.80ms
[2024-10-12T10:43:33.686+0800][debug][gc,ergo,cset] GC(74) Finish adding old regions to collection set (Maximum number of regions). Initial 7 regions, optional 0 regions
[2024-10-12T10:43:33.686+0800][debug][gc,ergo,cset] GC(74) Finish choosing collection set old regions. Initial: 7, optional: 0, predicted old time: 0.00ms, predicted optional time: 0.00ms, time remaining: 47.87
[2024-10-12T10:43:33.791+0800][debug][gc,ergo,cset] GC(75) Start adding old regions to collection set. Min 6 regions, max 7 regions, time remaining 48.97ms, optional threshold 9.79ms
[2024-10-12T10:43:33.792+0800][debug][gc,ergo,cset] GC(75) Finish adding old regions to collection set (Maximum number of regions). Initial 7 regions, optional 0 regions
[2024-10-12T10:43:33.792+0800][debug][gc,ergo,cset] GC(75) Finish choosing collection set old regions. Initial: 7, optional: 0, predicted old time: 0.00ms, predicted optional time: 0.00ms, time remaining: 47.72
[2024-10-12T10:43:33.896+0800][debug][gc,ergo,cset] GC(76) Start adding old regions to collection set. Min 6 regions, max 7 regions, time remaining 48.97ms, optional threshold 9.79ms
[2024-10-12T10:43:33.896+0800][debug][gc,ergo,cset] GC(76) Finish adding old regions to collection set (Maximum number of regions). Initial 7 regions, optional 0 regions
[2024-10-12T10:43:33.896+0800][debug][gc,ergo,cset] GC(76) Finish choosing collection set old regions. Initial: 7, optional: 0, predicted old time: 0.00ms, predicted optional time: 0.00ms, time remaining: 47.68
[2024-10-12T10:43:34.001+0800][debug][gc,ergo,cset] GC(77) Start adding old regions to collection set. Min 6 regions, max 7 regions, time remaining 48.96ms, optional threshold 9.79ms
[2024-10-12T10:43:34.001+0800][debug][gc,ergo,cset] GC(77) Finish adding old regions to collection set (Maximum number of regions). Initial 7 regions, optional 0 regions
[2024-10-12T10:43:34.001+0800][debug][gc,ergo,cset] GC(77) Finish choosing collection set old regions. Initial: 7, optional: 0, predicted old time: 0.00ms, predicted optional time: 0.00ms, time remaining: 47.50
[2024-10-12T10:43:34.106+0800][debug][gc,ergo,cset] GC(78) Start adding old regions to collection set. Min 6 regions, max 7 regions, time remaining 48.94ms, optional threshold 9.79ms
[2024-10-12T10:43:34.106+0800][debug][gc,ergo,cset] GC(78) Old candidate collection set empty.
[2024-10-12T10:43:34.106+0800][debug][gc,ergo,cset] GC(78) Finish choosing collection set old regions. Initial: 2, optional: 0, predicted old time: 0.00ms, predicted optional time: 0.00ms, time remaining: 48.31
[2024-10-12T10:43:34.326+0800][debug][gc,ergo,cset] GC(81) Pruned 0 regions out of 41, leaving 0 bytes waste (allowed 0)
[2024-10-12T10:43:34.533+0800][debug][gc,ergo,cset] Preventive GC, insufficient free regions. Predicted need 5. Curr Eden 1 (Pred 2). Curr Survivor 1 (Pred 1). Curr Old 54 (Pred 2) Free 4 Alloc 1
[2024-10-12T10:43:34.534+0800][debug][gc,ergo,cset] GC(83) Start adding old regions to collection set. Min 6 regions, max 7 regions, time remaining 49.19ms, optional threshold 9.84ms
[2024-10-12T10:43:34.534+0800][debug][gc,ergo,cset] GC(83) Finish adding old regions to collection set (Maximum number of regions). Initial 7 regions, optional 0 regions
[2024-10-12T10:43:34.534+0800][debug][gc,ergo,cset] GC(83) Finish choosing collection set old regions. Initial: 7, optional: 0, predicted old time: 0.00ms, predicted optional time: 0.00ms, time remaining: 48.48
[2024-10-12T10:43:34.638+0800][debug][gc,ergo,cset] Preventive GC, insufficient free regions. Predicted need 7. Curr Eden 2 (Pred 3). Curr Survivor 1 (Pred 1). Curr Old 50 (Pred 3) Free 7 Alloc 1
[2024-10-12T10:43:34.638+0800][debug][gc,ergo,cset] GC(84) Start adding old regions to collection set. Min 6 regions, max 7 regions, time remaining 48.91ms, optional threshold 9.78ms
[2024-10-12T10:43:34.638+0800][debug][gc,ergo,cset] GC(84) Finish adding old regions to collection set (Maximum number of regions). Initial 7 regions, optional 0 regions
[2024-10-12T10:43:34.638+0800][debug][gc,ergo,cset] GC(84) Finish choosing collection set old regions. Initial: 7, optional: 0, predicted old time: 0.00ms, predicted optional time: 0.00ms, time remaining: 47.91
[2024-10-12T10:43:34.743+0800][debug][gc,ergo,cset] GC(85) Start adding old regions to collection set. Min 6 regions, max 7 regions, time remaining 48.90ms, optional threshold 9.78ms
[2024-10-12T10:43:34.743+0800][debug][gc,ergo,cset] GC(85) Finish adding old regions to collection set (Maximum number of regions). Initial 7 regions, optional 0 regions
[2024-10-12T10:43:34.743+0800][debug][gc,ergo,cset] GC(85) Finish choosing collection set old regions. Initial: 7, optional: 0, predicted old time: 0.00ms, predicted optional time: 0.00ms, time remaining: 47.77
[2024-10-12T10:43:34.848+0800][debug][gc,ergo,cset] GC(86) Start adding old regions to collection set. Min 6 regions, max 7 regions, time remaining 48.90ms, optional threshold 9.78ms
[2024-10-12T10:43:34.848+0800][debug][gc,ergo,cset] GC(86) Finish adding old regions to collection set (Maximum number of regions). Initial 7 regions, optional 0 regions
[2024-10-12T10:43:34.848+0800][debug][gc,ergo,cset] GC(86) Finish choosing collection set old regions. Initial: 7, optional: 0, predicted old time: 0.00ms, predicted optional time: 0.00ms, time remaining: 47.60
[2024-10-12T10:43:34.952+0800][debug][gc,ergo,cset] GC(87) Start adding old regions to collection set. Min 6 regions, max 7 regions, time remaining 48.90ms, optional threshold 9.78ms
[2024-10-12T10:43:34.952+0800][debug][gc,ergo,cset] GC(87) Finish adding old regions to collection set (Maximum number of regions). Initial 7 regions, optional 0 regions
[2024-10-12T10:43:34.952+0800][debug][gc,ergo,cset] GC(87) Finish choosing collection set old regions. Initial: 7, optional: 0, predicted old time: 0.00ms, predicted optional time: 0.00ms, time remaining: 47.35
[2024-10-12T10:43:35.058+0800][debug][gc,ergo,cset] GC(88) Start adding old regions to collection set. Min 6 regions, max 7 regions, time remaining 48.75ms, optional threshold 9.75ms
[2024-10-12T10:43:35.058+0800][debug][gc,ergo,cset] GC(88) Old candidate collection set empty.
[2024-10-12T10:43:35.058+0800][debug][gc,ergo,cset] GC(88) Finish choosing collection set old regions. Initial: 6, optional: 0, predicted old time: 0.00ms, predicted optional time: 0.00ms, time remaining: 46.91
[2024-10-12T10:43:35.236+0800][debug][gc,ergo,cset] GC(91) Pruned 0 regions out of 35, leaving 0 bytes waste (allowed 0)
[2024-10-12T10:43:35.507+0800][debug][gc,ergo,cset] GC(93) Start adding old regions to collection set. Min 5 regions, max 7 regions, time remaining 48.93ms, optional threshold 9.79ms
[2024-10-12T10:43:35.507+0800][debug][gc,ergo,cset] GC(93) Finish adding old regions to collection set (Maximum number of regions). Initial 7 regions, optional 0 regions
[2024-10-12T10:43:35.507+0800][debug][gc,ergo,cset] GC(93) Finish choosing collection set old regions. Initial: 7, optional: 0, predicted old time: 0.00ms, predicted optional time: 0.00ms, time remaining: 48.10
[2024-10-12T10:43:35.611+0800][debug][gc,ergo,cset] GC(94) Start adding old regions to collection set. Min 5 regions, max 7 regions, time remaining 48.94ms, optional threshold 9.79ms
[2024-10-12T10:43:35.611+0800][debug][gc,ergo,cset] GC(94) Finish adding old regions to collection set (Maximum number of regions). Initial 7 regions, optional 0 regions
[2024-10-12T10:43:35.611+0800][debug][gc,ergo,cset] GC(94) Finish choosing collection set old regions. Initial: 7, optional: 0, predicted old time: 0.00ms, predicted optional time: 0.00ms, time remaining: 47.77
[2024-10-12T10:43:35.716+0800][debug][gc,ergo,cset] GC(95) Start adding old regions to collection set. Min 5 regions, max 7 regions, time remaining 48.90ms, optional threshold 9.78ms
[2024-10-12T10:43:35.716+0800][debug][gc,ergo,cset] GC(95) Finish adding old regions to collection set (Maximum number of regions). Initial 7 regions, optional 0 regions
[2024-10-12T10:43:35.716+0800][debug][gc,ergo,cset] GC(95) Finish choosing collection set old regions. Initial: 7, optional: 0, predicted old time: 0.00ms, predicted optional time: 0.00ms, time remaining: 47.56
[2024-10-12T10:43:35.821+0800][debug][gc,ergo,cset] GC(96) Start adding old regions to collection set. Min 5 regions, max 7 regions, time remaining 48.90ms, optional threshold 9.78ms
[2024-10-12T10:43:35.821+0800][debug][gc,ergo,cset] GC(96) Finish adding old regions to collection set (Maximum number of regions). Initial 7 regions, optional 0 regions
[2024-10-12T10:43:35.821+0800][debug][gc,ergo,cset] GC(96) Finish choosing collection set old regions. Initial: 7, optional: 0, predicted old time: 0.00ms, predicted optional time: 0.00ms, time remaining: 47.40
[2024-10-12T10:43:35.926+0800][debug][gc,ergo,cset] GC(97) Start adding old regions to collection set. Min 5 regions, max 7 regions, time remaining 48.88ms, optional threshold 9.78ms
[2024-10-12T10:43:35.926+0800][debug][gc,ergo,cset] GC(97) Old candidate collection set empty.
[2024-10-12T10:43:35.926+0800][debug][gc,ergo,cset] GC(97) Finish choosing collection set old regions. Initial: 7, optional: 0, predicted old time: 0.00ms, predicted optional time: 0.00ms, time remaining: 47.14
[2024-10-12T10:43:36.249+0800][debug][gc,ergo,cset] GC(101) Pruned 0 regions out of 45, leaving 0 bytes waste (allowed 0)
[2024-10-12T10:43:36.394+0800][debug][gc,ergo,cset] Preventive GC, insufficient free regions. Predicted need 4. Curr Eden 2 (Pred 3). Curr Survivor 1 (Pred 1). Curr Old 52 (Pred 0) Free 4 Alloc 1
[2024-10-12T10:43:36.457+0800][debug][gc,ergo,cset] Preventive GC, insufficient free regions. Predicted need 6. Curr Eden 1 (Pred 2). Curr Survivor 1 (Pred 1). Curr Old 54 (Pred 3) Free 3 Alloc 1
[2024-10-12T10:43:36.457+0800][debug][gc,ergo,cset] GC(103) Start adding old regions to collection set. Min 6 regions, max 7 regions, time remaining 49.25ms, optional threshold 9.85ms
[2024-10-12T10:43:36.457+0800][debug][gc,ergo,cset] GC(103) Finish adding old regions to collection set (Maximum number of regions). Initial 7 regions, optional 0 regions
[2024-10-12T10:43:36.457+0800][debug][gc,ergo,cset] GC(103) Finish choosing collection set old regions. Initial: 7, optional: 0, predicted old time: 0.00ms, predicted optional time: 0.00ms, time remaining: 48.52
[2024-10-12T10:43:36.499+0800][debug][gc,ergo,cset] Preventive GC, insufficient free regions. Predicted need 7. Curr Eden 1 (Pred 2). Curr Survivor 1 (Pred 1). Curr Old 55 (Pred 4) Free 2 Alloc 1
[2024-10-12T10:43:36.499+0800][debug][gc,ergo,cset] GC(104) Start adding old regions to collection set. Min 6 regions, max 7 regions, time remaining 49.23ms, optional threshold 9.85ms
[2024-10-12T10:43:36.499+0800][debug][gc,ergo,cset] GC(104) Finish adding old regions to collection set (Maximum number of regions). Initial 7 regions, optional 0 regions
[2024-10-12T10:43:36.500+0800][debug][gc,ergo,cset] GC(104) Finish choosing collection set old regions. Initial: 7, optional: 0, predicted old time: 0.00ms, predicted optional time: 0.00ms, time remaining: 48.31
[2024-10-12T10:43:36.562+0800][debug][gc,ergo,cset] GC(105) Start adding old regions to collection set. Min 6 regions, max 7 regions, time remaining 49.21ms, optional threshold 9.84ms
[2024-10-12T10:43:36.562+0800][debug][gc,ergo,cset] GC(105) Finish adding old regions to collection set (Maximum number of regions). Initial 7 regions, optional 0 regions
[2024-10-12T10:43:36.562+0800][debug][gc,ergo,cset] GC(105) Finish choosing collection set old regions. Initial: 7, optional: 0, predicted old time: 0.00ms, predicted optional time: 0.00ms, time remaining: 48.11
[2024-10-12T10:43:37.216+0800][debug][gc,ergo,cset] GC(112) Pruned 0 regions out of 36, leaving 0 bytes waste (allowed 0)
[2024-10-12T10:43:37.464+0800][debug][gc,ergo,cset] Preventive GC, insufficient free regions. Predicted need 6. Curr Eden 2 (Pred 3). Curr Survivor 1 (Pred 1). Curr Old 51 (Pred 2) Free 5 Alloc 1
[2024-10-12T10:43:37.464+0800][debug][gc,ergo,cset] GC(114) Start adding old regions to collection set. Min 5 regions, max 7 regions, time remaining 49.08ms, optional threshold 9.82ms
[2024-10-12T10:43:37.464+0800][debug][gc,ergo,cset] GC(114) Finish adding old regions to collection set (Maximum number of regions). Initial 7 regions, optional 0 regions
[2024-10-12T10:43:37.464+0800][debug][gc,ergo,cset] GC(114) Finish choosing collection set old regions. Initial: 7, optional: 0, predicted old time: 0.00ms, predicted optional time: 0.00ms, time remaining: 48.49
[2024-10-12T10:43:37.569+0800][debug][gc,ergo,cset] Preventive GC, insufficient free regions. Predicted need 7. Curr Eden 2 (Pred 3). Curr Survivor 1 (Pred 1). Curr Old 48 (Pred 3) Free 7 Alloc 1
[2024-10-12T10:43:37.569+0800][debug][gc,ergo,cset] GC(115) Start adding old regions to collection set. Min 5 regions, max 7 regions, time remaining 48.96ms, optional threshold 9.79ms
[2024-10-12T10:43:37.570+0800][debug][gc,ergo,cset] GC(115) Finish adding old regions to collection set (Maximum number of regions). Initial 7 regions, optional 0 regions
[2024-10-12T10:43:37.570+0800][debug][gc,ergo,cset] GC(115) Finish choosing collection set old regions. Initial: 7, optional: 0, predicted old time: 0.00ms, predicted optional time: 0.00ms, time remaining: 47.96
[2024-10-12T10:43:37.674+0800][debug][gc,ergo,cset] GC(116) Start adding old regions to collection set. Min 5 regions, max 7 regions, time remaining 48.94ms, optional threshold 9.79ms
[2024-10-12T10:43:37.674+0800][debug][gc,ergo,cset] GC(116) Finish adding old regions to collection set (Maximum number of regions). Initial 7 regions, optional 0 regions
[2024-10-12T10:43:37.674+0800][debug][gc,ergo,cset] GC(116) Finish choosing collection set old regions. Initial: 7, optional: 0, predicted old time: 0.00ms, predicted optional time: 0.00ms, time remaining: 47.69
[2024-10-12T10:43:37.779+0800][debug][gc,ergo,cset] GC(117) Start adding old regions to collection set. Min 5 regions, max 7 regions, time remaining 48.91ms, optional threshold 9.78ms
[2024-10-12T10:43:37.779+0800][debug][gc,ergo,cset] GC(117) Finish adding old regions to collection set (Maximum number of regions). Initial 7 regions, optional 0 regions
[2024-10-12T10:43:37.779+0800][debug][gc,ergo,cset] GC(117) Finish choosing collection set old regions. Initial: 7, optional: 0, predicted old time: 0.00ms, predicted optional time: 0.00ms, time remaining: 47.51
[2024-10-12T10:43:37.884+0800][debug][gc,ergo,cset] GC(118) Start adding old regions to collection set. Min 5 regions, max 7 regions, time remaining 48.90ms, optional threshold 9.78ms
[2024-10-12T10:43:37.884+0800][debug][gc,ergo,cset] GC(118) Finish adding old regions to collection set (Maximum number of regions). Initial 7 regions, optional 0 regions
[2024-10-12T10:43:37.884+0800][debug][gc,ergo,cset] GC(118) Finish choosing collection set old regions. Initial: 7, optional: 0, predicted old time: 0.00ms, predicted optional time: 0.00ms, time remaining: 47.38
[2024-10-12T10:43:37.990+0800][debug][gc,ergo,cset] GC(119) Start adding old regions to collection set. Min 5 regions, max 7 regions, time remaining 48.92ms, optional threshold 9.78ms
[2024-10-12T10:43:37.990+0800][debug][gc,ergo,cset] GC(119) Old candidate collection set empty.
[2024-10-12T10:43:37.990+0800][debug][gc,ergo,cset] GC(119) Finish choosing collection set old regions. Initial: 1, optional: 0, predicted old time: 0.00ms, predicted optional time: 0.00ms, time remaining: 48.56
[2024-10-12T10:43:38.209+0800][debug][gc,ergo,cset] GC(122) Pruned 0 regions out of 39, leaving 0 bytes waste (allowed 0)
[2024-10-12T10:43:38.416+0800][debug][gc,ergo,cset] Preventive GC, insufficient free regions. Predicted need 5. Curr Eden 1 (Pred 2). Curr Survivor 1 (Pred 1). Curr Old 53 (Pred 2) Free 4 Alloc 1
[2024-10-12T10:43:38.417+0800][debug][gc,ergo,cset] GC(124) Start adding old regions to collection set. Min 5 regions, max 7 regions, time remaining 49.20ms, optional threshold 9.84ms
[2024-10-12T10:43:38.417+0800][debug][gc,ergo,cset] GC(124) Finish adding old regions to collection set (Maximum number of regions). Initial 7 regions, optional 0 regions
[2024-10-12T10:43:38.417+0800][debug][gc,ergo,cset] GC(124) Finish choosing collection set old regions. Initial: 7, optional: 0, predicted old time: 0.00ms, predicted optional time: 0.00ms, time remaining: 48.39
[2024-10-12T10:43:38.520+0800][debug][gc,ergo,cset] Preventive GC, insufficient free regions. Predicted need 7. Curr Eden 2 (Pred 3). Curr Survivor 1 (Pred 1). Curr Old 49 (Pred 3) Free 7 Alloc 1
[2024-10-12T10:43:38.520+0800][debug][gc,ergo,cset] GC(125) Start adding old regions to collection set. Min 5 regions, max 7 regions, time remaining 48.94ms, optional threshold 9.79ms
[2024-10-12T10:43:38.520+0800][debug][gc,ergo,cset] GC(125) Finish adding old regions to collection set (Maximum number of regions). Initial 7 regions, optional 0 regions
[2024-10-12T10:43:38.521+0800][debug][gc,ergo,cset] GC(125) Finish choosing collection set old regions. Initial: 7, optional: 0, predicted old time: 0.00ms, predicted optional time: 0.00ms, time remaining: 47.81
[2024-10-12T10:43:38.625+0800][debug][gc,ergo,cset] GC(126) Start adding old regions to collection set. Min 5 regions, max 7 regions, time remaining 48.93ms, optional threshold 9.79ms
[2024-10-12T10:43:38.625+0800][debug][gc,ergo,cset] GC(126) Finish adding old regions to collection set (Maximum number of regions). Initial 7 regions, optional 0 regions
[2024-10-12T10:43:38.625+0800][debug][gc,ergo,cset] GC(126) Finish choosing collection set old regions. Initial: 7, optional: 0, predicted old time: 0.00ms, predicted optional time: 0.00ms, time remaining: 47.55
[2024-10-12T10:43:38.730+0800][debug][gc,ergo,cset] GC(127) Start adding old regions to collection set. Min 5 regions, max 7 regions, time remaining 48.90ms, optional threshold 9.78ms
[2024-10-12T10:43:38.730+0800][debug][gc,ergo,cset] GC(127) Finish adding old regions to collection set (Maximum number of regions). Initial 7 regions, optional 0 regions
[2024-10-12T10:43:38.730+0800][debug][gc,ergo,cset] GC(127) Finish choosing collection set old regions. Initial: 7, optional: 0, predicted old time: 0.00ms, predicted optional time: 0.00ms, time remaining: 47.47
[2024-10-12T10:43:38.836+0800][debug][gc,ergo,cset] GC(128) Start adding old regions to collection set. Min 5 regions, max 7 regions, time remaining 48.93ms, optional threshold 9.79ms
[2024-10-12T10:43:38.836+0800][debug][gc,ergo,cset] GC(128) Finish adding old regions to collection set (Maximum number of regions). Initial 7 regions, optional 0 regions
[2024-10-12T10:43:38.836+0800][debug][gc,ergo,cset] GC(128) Finish choosing collection set old regions. Initial: 7, optional: 0, predicted old time: 0.00ms, predicted optional time: 0.00ms, time remaining: 47.31
[2024-10-12T10:43:38.941+0800][debug][gc,ergo,cset] GC(129) Start adding old regions to collection set. Min 5 regions, max 7 regions, time remaining 48.87ms, optional threshold 9.77ms
[2024-10-12T10:43:38.941+0800][debug][gc,ergo,cset] GC(129) Old candidate collection set empty.
[2024-10-12T10:43:38.941+0800][debug][gc,ergo,cset] GC(129) Finish choosing collection set old regions. Initial: 4, optional: 0, predicted old time: 0.00ms, predicted optional time: 0.00ms, time remaining: 47.86
[2024-10-12T10:43:39.264+0800][debug][gc,ergo,cset] GC(133) Pruned 0 regions out of 44, leaving 0 bytes waste (allowed 0)
[2024-10-12T10:43:39.407+0800][debug][gc,ergo,cset] Preventive GC, insufficient free regions. Predicted need 4. Curr Eden 2 (Pred 3). Curr Survivor 1 (Pred 1). Curr Old 52 (Pred 0) Free 4 Alloc 1
[2024-10-12T10:43:39.470+0800][debug][gc,ergo,cset] Preventive GC, insufficient free regions. Predicted need 5. Curr Eden 1 (Pred 2). Curr Survivor 1 (Pred 1). Curr Old 54 (Pred 2) Free 3 Alloc 1
[2024-10-12T10:43:39.470+0800][debug][gc,ergo,cset] GC(135) Start adding old regions to collection set. Min 6 regions, max 7 regions, time remaining 49.26ms, optional threshold 9.85ms
[2024-10-12T10:43:39.470+0800][debug][gc,ergo,cset] GC(135) Finish adding old regions to collection set (Maximum number of regions). Initial 7 regions, optional 0 regions
[2024-10-12T10:43:39.470+0800][debug][gc,ergo,cset] GC(135) Finish choosing collection set old regions. Initial: 7, optional: 0, predicted old time: 0.00ms, predicted optional time: 0.00ms, time remaining: 48.67
[2024-10-12T10:43:39.574+0800][debug][gc,ergo,cset] Preventive GC, insufficient free regions. Predicted need 7. Curr Eden 2 (Pred 3). Curr Survivor 1 (Pred 1). Curr Old 50 (Pred 3) Free 6 Alloc 1
[2024-10-12T10:43:39.574+0800][debug][gc,ergo,cset] GC(136) Start adding old regions to collection set. Min 6 regions, max 7 regions, time remaining 49.03ms, optional threshold 9.81ms
[2024-10-12T10:43:39.574+0800][debug][gc,ergo,cset] GC(136) Finish adding old regions to collection set (Maximum number of regions). Initial 7 regions, optional 0 regions
[2024-10-12T10:43:39.574+0800][debug][gc,ergo,cset] GC(136) Finish choosing collection set old regions. Initial: 7, optional: 0, predicted old time: 0.00ms, predicted optional time: 0.00ms, time remaining: 48.19
[2024-10-12T10:43:39.678+0800][debug][gc,ergo,cset] Preventive GC, insufficient free regions. Predicted need 8. Curr Eden 2 (Pred 3). Curr Survivor 1 (Pred 1). Curr Old 49 (Pred 4) Free 7 Alloc 1
[2024-10-12T10:43:39.679+0800][debug][gc,ergo,cset] GC(137) Start adding old regions to collection set. Min 6 regions, max 7 regions, time remaining 49.01ms, optional threshold 9.80ms
[2024-10-12T10:43:39.679+0800][debug][gc,ergo,cset] GC(137) Finish adding old regions to collection set (Maximum number of regions). Initial 7 regions, optional 0 regions
[2024-10-12T10:43:39.679+0800][debug][gc,ergo,cset] GC(137) Finish choosing collection set old regions. Initial: 7, optional: 0, predicted old time: 0.00ms, predicted optional time: 0.00ms, time remaining: 47.94
[2024-10-12T10:43:39.743+0800][debug][gc,ergo,cset] Preventive GC, insufficient free regions. Predicted need 8. Curr Eden 1 (Pred 2). Curr Survivor 1 (Pred 1). Curr Old 48 (Pred 5) Free 8 Alloc 1
[2024-10-12T10:43:39.744+0800][debug][gc,ergo,cset] GC(138) Start adding old regions to collection set. Min 6 regions, max 7 regions, time remaining 49.14ms, optional threshold 9.83ms
[2024-10-12T10:43:39.744+0800][debug][gc,ergo,cset] GC(138) Finish adding old regions to collection set (Maximum number of regions). Initial 7 regions, optional 0 regions
[2024-10-12T10:43:39.744+0800][debug][gc,ergo,cset] GC(138) Finish choosing collection set old regions. Initial: 7, optional: 0, predicted old time: 0.00ms, predicted optional time: 0.00ms, time remaining: 47.77
[2024-10-12T10:43:39.849+0800][debug][gc,ergo,cset] GC(139) Start adding old regions to collection set. Min 6 regions, max 7 regions, time remaining 48.84ms, optional threshold 9.77ms
[2024-10-12T10:43:39.849+0800][debug][gc,ergo,cset] GC(139) Finish adding old regions to collection set (Maximum number of regions). Initial 7 regions, optional 0 regions
[2024-10-12T10:43:39.849+0800][debug][gc,ergo,cset] GC(139) Finish choosing collection set old regions. Initial: 7, optional: 0, predicted old time: 0.00ms, predicted optional time: 0.00ms, time remaining: 47.25
[2024-10-12T10:43:39.955+0800][debug][gc,ergo,cset] GC(140) Start adding old regions to collection set. Min 6 regions, max 7 regions, time remaining 48.83ms, optional threshold 9.77ms
[2024-10-12T10:43:39.955+0800][debug][gc,ergo,cset] GC(140) Finish adding old regions to collection set (Maximum number of regions). Initial 7 regions, optional 0 regions
[2024-10-12T10:43:39.955+0800][debug][gc,ergo,cset] GC(140) Finish choosing collection set old regions. Initial: 7, optional: 0, predicted old time: 0.00ms, predicted optional time: 0.00ms, time remaining: 47.17
[2024-10-12T10:43:40.060+0800][debug][gc,ergo,cset] GC(141) Start adding old regions to collection set. Min 6 regions, max 7 regions, time remaining 48.86ms, optional threshold 9.77ms
[2024-10-12T10:43:40.060+0800][debug][gc,ergo,cset] GC(141) Old candidate collection set empty.
[2024-10-12T10:43:40.060+0800][debug][gc,ergo,cset] GC(141) Finish choosing collection set old regions. Initial: 2, optional: 0, predicted old time: 0.00ms, predicted optional time: 0.00ms, time remaining: 48.25
[2024-10-12T10:43:40.385+0800][debug][gc,ergo,cset] GC(145) Pruned 0 regions out of 39, leaving 0 bytes waste (allowed 0)
[2024-10-12T10:43:40.590+0800][debug][gc,ergo,cset] Preventive GC, insufficient free regions. Predicted need 5. Curr Eden 1 (Pred 2). Curr Survivor 1 (Pred 1). Curr Old 53 (Pred 2) Free 4 Alloc 1
[2024-10-12T10:43:40.590+0800][debug][gc,ergo,cset] GC(147) Start adding old regions to collection set. Min 5 regions, max 7 regions, time remaining 49.22ms, optional threshold 9.84ms
[2024-10-12T10:43:40.590+0800][debug][gc,ergo,cset] GC(147) Finish adding old regions to collection set (Maximum number of regions). Initial 7 regions, optional 0 regions
[2024-10-12T10:43:40.590+0800][debug][gc,ergo,cset] GC(147) Finish choosing collection set old regions. Initial: 7, optional: 0, predicted old time: 0.00ms, predicted optional time: 0.00ms, time remaining: 48.49
[2024-10-12T10:43:40.694+0800][debug][gc,ergo,cset] Preventive GC, insufficient free regions. Predicted need 7. Curr Eden 2 (Pred 3). Curr Survivor 1 (Pred 1). Curr Old 49 (Pred 3) Free 7 Alloc 1
[2024-10-12T10:43:40.694+0800][debug][gc,ergo,cset] GC(148) Start adding old regions to collection set. Min 5 regions, max 7 regions, time remaining 48.95ms, optional threshold 9.79ms
[2024-10-12T10:43:40.694+0800][debug][gc,ergo,cset] GC(148) Finish adding old regions to collection set (Maximum number of regions). Initial 7 regions, optional 0 regions
[2024-10-12T10:43:40.694+0800][debug][gc,ergo,cset] GC(148) Finish choosing collection set old regions. Initial: 7, optional: 0, predicted old time: 0.00ms, predicted optional time: 0.00ms, time remaining: 47.96
[2024-10-12T10:43:40.799+0800][debug][gc,ergo,cset] GC(149) Start adding old regions to collection set. Min 5 regions, max 7 regions, time remaining 48.93ms, optional threshold 9.79ms
[2024-10-12T10:43:40.799+0800][debug][gc,ergo,cset] GC(149) Finish adding old regions to collection set (Maximum number of regions). Initial 7 regions, optional 0 regions
[2024-10-12T10:43:40.799+0800][debug][gc,ergo,cset] GC(149) Finish choosing collection set old regions. Initial: 7, optional: 0, predicted old time: 0.00ms, predicted optional time: 0.00ms, time remaining: 47.73
[2024-10-12T10:43:40.904+0800][debug][gc,ergo,cset] GC(150) Start adding old regions to collection set. Min 5 regions, max 7 regions, time remaining 48.84ms, optional threshold 9.77ms
[2024-10-12T10:43:40.904+0800][debug][gc,ergo,cset] GC(150) Finish adding old regions to collection set (Maximum number of regions). Initial 7 regions, optional 0 regions
[2024-10-12T10:43:40.904+0800][debug][gc,ergo,cset] GC(150) Finish choosing collection set old regions. Initial: 7, optional: 0, predicted old time: 0.00ms, predicted optional time: 0.00ms, time remaining: 47.43
[2024-10-12T10:43:41.010+0800][debug][gc,ergo,cset] GC(151) Start adding old regions to collection set. Min 5 regions, max 7 regions, time remaining 48.84ms, optional threshold 9.77ms
[2024-10-12T10:43:41.010+0800][debug][gc,ergo,cset] GC(151) Finish adding old regions to collection set (Maximum number of regions). Initial 7 regions, optional 0 regions
[2024-10-12T10:43:41.010+0800][debug][gc,ergo,cset] GC(151) Finish choosing collection set old regions. Initial: 7, optional: 0, predicted old time: 0.00ms, predicted optional time: 0.00ms, time remaining: 47.40
[2024-10-12T10:43:41.115+0800][debug][gc,ergo,cset] GC(152) Start adding old regions to collection set. Min 5 regions, max 7 regions, time remaining 48.87ms, optional threshold 9.77ms
[2024-10-12T10:43:41.115+0800][debug][gc,ergo,cset] GC(152) Old candidate collection set empty.
[2024-10-12T10:43:41.115+0800][debug][gc,ergo,cset] GC(152) Finish choosing collection set old regions. Initial: 4, optional: 0, predicted old time: 0.00ms, predicted optional time: 0.00ms, time remaining: 47.69
[2024-10-12T10:43:41.441+0800][debug][gc,ergo,cset] GC(156) Pruned 0 regions out of 41, leaving 0 bytes waste (allowed 0)
[2024-10-12T10:43:41.646+0800][debug][gc,ergo,cset] Preventive GC, insufficient free regions. Predicted need 5. Curr Eden 1 (Pred 2). Curr Survivor 1 (Pred 1). Curr Old 52 (Pred 2) Free 5 Alloc 1
[2024-10-12T10:43:41.646+0800][debug][gc,ergo,cset] GC(158) Start adding old regions to collection set. Min 6 regions, max 7 regions, time remaining 49.22ms, optional threshold 9.84ms
[2024-10-12T10:43:41.646+0800][debug][gc,ergo,cset] GC(158) Finish adding old regions to collection set (Maximum number of regions). Initial 7 regions, optional 0 regions
[2024-10-12T10:43:41.646+0800][debug][gc,ergo,cset] GC(158) Finish choosing collection set old regions. Initial: 7, optional: 0, predicted old time: 0.00ms, predicted optional time: 0.00ms, time remaining: 48.55
[2024-10-12T10:43:41.751+0800][debug][gc,ergo,cset] Preventive GC, insufficient free regions. Predicted need 8. Curr Eden 2 (Pred 3). Curr Survivor 1 (Pred 1). Curr Old 48 (Pred 4) Free 8 Alloc 1
[2024-10-12T10:43:41.751+0800][debug][gc,ergo,cset] GC(159) Start adding old regions to collection set. Min 6 regions, max 7 regions, time remaining 48.92ms, optional threshold 9.78ms
[2024-10-12T10:43:41.751+0800][debug][gc,ergo,cset] GC(159) Finish adding old regions to collection set (Maximum number of regions). Initial 7 regions, optional 0 regions
[2024-10-12T10:43:41.751+0800][debug][gc,ergo,cset] GC(159) Finish choosing collection set old regions. Initial: 7, optional: 0, predicted old time: 0.00ms, predicted optional time: 0.00ms, time remaining: 47.84
[2024-10-12T10:43:41.856+0800][debug][gc,ergo,cset] GC(160) Start adding old regions to collection set. Min 6 regions, max 7 regions, time remaining 48.88ms, optional threshold 9.78ms
[2024-10-12T10:43:41.856+0800][debug][gc,ergo,cset] GC(160) Finish adding old regions to collection set (Maximum number of regions). Initial 7 regions, optional 0 regions
[2024-10-12T10:43:41.856+0800][debug][gc,ergo,cset] GC(160) Finish choosing collection set old regions. Initial: 7, optional: 0, predicted old time: 0.00ms, predicted optional time: 0.00ms, time remaining: 47.72
[2024-10-12T10:43:41.961+0800][debug][gc,ergo,cset] GC(161) Start adding old regions to collection set. Min 6 regions, max 7 regions, time remaining 48.88ms, optional threshold 9.78ms
[2024-10-12T10:43:41.961+0800][debug][gc,ergo,cset] GC(161) Finish adding old regions to collection set (Maximum number of regions). Initial 7 regions, optional 0 regions
[2024-10-12T10:43:41.961+0800][debug][gc,ergo,cset] GC(161) Finish choosing collection set old regions. Initial: 7, optional: 0, predicted old time: 0.00ms, predicted optional time: 0.00ms, time remaining: 47.59
[2024-10-12T10:43:42.066+0800][debug][gc,ergo,cset] GC(162) Start adding old regions to collection set. Min 6 regions, max 7 regions, time remaining 48.86ms, optional threshold 9.77ms
[2024-10-12T10:43:42.066+0800][debug][gc,ergo,cset] GC(162) Finish adding old regions to collection set (Maximum number of regions). Initial 7 regions, optional 0 regions
[2024-10-12T10:43:42.066+0800][debug][gc,ergo,cset] GC(162) Finish choosing collection set old regions. Initial: 7, optional: 0, predicted old time: 0.00ms, predicted optional time: 0.00ms, time remaining: 47.36
[2024-10-12T10:43:42.171+0800][debug][gc,ergo,cset] GC(163) Start adding old regions to collection set. Min 6 regions, max 7 regions, time remaining 48.89ms, optional threshold 9.78ms
[2024-10-12T10:43:42.171+0800][debug][gc,ergo,cset] GC(163) Old candidate collection set empty.
[2024-10-12T10:43:42.171+0800][debug][gc,ergo,cset] GC(163) Finish choosing collection set old regions. Initial: 6, optional: 0, predicted old time: 0.00ms, predicted optional time: 0.00ms, time remaining: 47.27
[2024-10-12T10:43:42.495+0800][debug][gc,ergo,cset] GC(167) Pruned 0 regions out of 36, leaving 0 bytes waste (allowed 0)
[2024-10-12T10:43:42.702+0800][debug][gc,ergo,cset] Preventive GC, insufficient free regions. Predicted need 5. Curr Eden 1 (Pred 2). Curr Survivor 1 (Pred 1). Curr Old 53 (Pred 2) Free 4 Alloc 1
[2024-10-12T10:43:42.703+0800][debug][gc,ergo,cset] GC(169) Start adding old regions to collection set. Min 5 regions, max 7 regions, time remaining 49.21ms, optional threshold 9.84ms
[2024-10-12T10:43:42.703+0800][debug][gc,ergo,cset] GC(169) Finish adding old regions to collection set (Maximum number of regions). Initial 7 regions, optional 0 regions
[2024-10-12T10:43:42.703+0800][debug][gc,ergo,cset] GC(169) Finish choosing collection set old regions. Initial: 7, optional: 0, predicted old time: 0.00ms, predicted optional time: 0.00ms, time remaining: 48.57
[2024-10-12T10:43:42.807+0800][debug][gc,ergo,cset] Preventive GC, insufficient free regions. Predicted need 7. Curr Eden 2 (Pred 3). Curr Survivor 1 (Pred 1). Curr Old 49 (Pred 3) Free 7 Alloc 1
[2024-10-12T10:43:42.807+0800][debug][gc,ergo,cset] GC(170) Start adding old regions to collection set. Min 5 regions, max 7 regions, time remaining 48.92ms, optional threshold 9.78ms
[2024-10-12T10:43:42.807+0800][debug][gc,ergo,cset] GC(170) Finish adding old regions to collection set (Maximum number of regions). Initial 7 regions, optional 0 regions
[2024-10-12T10:43:42.807+0800][debug][gc,ergo,cset] GC(170) Finish choosing collection set old regions. Initial: 7, optional: 0, predicted old time: 0.00ms, predicted optional time: 0.00ms, time remaining: 47.99
[2024-10-12T10:43:42.912+0800][debug][gc,ergo,cset] GC(171) Start adding old regions to collection set. Min 5 regions, max 7 regions, time remaining 48.90ms, optional threshold 9.78ms
[2024-10-12T10:43:42.912+0800][debug][gc,ergo,cset] GC(171) Finish adding old regions to collection set (Maximum number of regions). Initial 7 regions, optional 0 regions
[2024-10-12T10:43:42.912+0800][debug][gc,ergo,cset] GC(171) Finish choosing collection set old regions. Initial: 7, optional: 0, predicted old time: 0.00ms, predicted optional time: 0.00ms, time remaining: 47.73
[2024-10-12T10:43:43.017+0800][debug][gc,ergo,cset] GC(172) Start adding old regions to collection set. Min 5 regions, max 7 regions, time remaining 48.90ms, optional threshold 9.78ms
[2024-10-12T10:43:43.017+0800][debug][gc,ergo,cset] GC(172) Finish adding old regions to collection set (Maximum number of regions). Initial 7 regions, optional 0 regions
[2024-10-12T10:43:43.017+0800][debug][gc,ergo,cset] GC(172) Finish choosing collection set old regions. Initial: 7, optional: 0, predicted old time: 0.00ms, predicted optional time: 0.00ms, time remaining: 47.59
[2024-10-12T10:43:43.121+0800][debug][gc,ergo,cset] GC(173) Start adding old regions to collection set. Min 5 regions, max 7 regions, time remaining 48.93ms, optional threshold 9.79ms
[2024-10-12T10:43:43.121+0800][debug][gc,ergo,cset] GC(173) Finish adding old regions to collection set (Maximum number of regions). Initial 7 regions, optional 0 regions
[2024-10-12T10:43:43.121+0800][debug][gc,ergo,cset] GC(173) Finish choosing collection set old regions. Initial: 7, optional: 0, predicted old time: 0.00ms, predicted optional time: 0.00ms, time remaining: 47.46
[2024-10-12T10:43:43.227+0800][debug][gc,ergo,cset] GC(174) Start adding old regions to collection set. Min 5 regions, max 7 regions, time remaining 48.93ms, optional threshold 9.79ms
[2024-10-12T10:43:43.227+0800][debug][gc,ergo,cset] GC(174) Old candidate collection set empty.
[2024-10-12T10:43:43.227+0800][debug][gc,ergo,cset] GC(174) Finish choosing collection set old regions. Initial: 1, optional: 0, predicted old time: 0.00ms, predicted optional time: 0.00ms, time remaining: 48.70
[2024-10-12T10:43:43.548+0800][debug][gc,ergo,cset] GC(178) Pruned 0 regions out of 45, leaving 0 bytes waste (allowed 0)
[2024-10-12T10:43:43.692+0800][debug][gc,ergo,cset] Preventive GC, insufficient free regions. Predicted need 4. Curr Eden 2 (Pred 3). Curr Survivor 1 (Pred 1). Curr Old 52 (Pred 0) Free 4 Alloc 1
[2024-10-12T10:43:43.755+0800][debug][gc,ergo,cset] Preventive GC, insufficient free regions. Predicted need 5. Curr Eden 1 (Pred 2). Curr Survivor 1 (Pred 1). Curr Old 54 (Pred 2) Free 3 Alloc 1
[2024-10-12T10:43:43.755+0800][debug][gc,ergo,cset] GC(180) Start adding old regions to collection set. Min 6 regions, max 7 regions, time remaining 49.25ms, optional threshold 9.85ms
[2024-10-12T10:43:43.755+0800][debug][gc,ergo,cset] GC(180) Finish adding old regions to collection set (Maximum number of regions). Initial 7 regions, optional 0 regions
[2024-10-12T10:43:43.755+0800][debug][gc,ergo,cset] GC(180) Finish choosing collection set old regions. Initial: 7, optional: 0, predicted old time: 0.00ms, predicted optional time: 0.00ms, time remaining: 48.49
[2024-10-12T10:43:43.797+0800][debug][gc,ergo,cset] Preventive GC, insufficient free regions. Predicted need 6. Curr Eden 1 (Pred 2). Curr Survivor 1 (Pred 1). Curr Old 56 (Pred 3) Free 1 Alloc 1
[2024-10-12T10:43:43.798+0800][debug][gc,ergo,cset] GC(181) Start adding old regions to collection set. Min 6 regions, max 7 regions, time remaining 49.21ms, optional threshold 9.84ms
[2024-10-12T10:43:43.798+0800][debug][gc,ergo,cset] GC(181) Finish adding old regions to collection set (Maximum number of regions). Initial 7 regions, optional 0 regions
[2024-10-12T10:43:43.798+0800][debug][gc,ergo,cset] GC(181) Finish choosing collection set old regions. Initial: 7, optional: 0, predicted old time: 0.00ms, predicted optional time: 0.00ms, time remaining: 48.24
[2024-10-12T10:43:43.860+0800][debug][gc,ergo,cset] GC(182) Start adding old regions to collection set. Min 6 regions, max 7 regions, time remaining 49.20ms, optional threshold 9.84ms
[2024-10-12T10:43:43.860+0800][debug][gc,ergo,cset] GC(182) Finish adding old regions to collection set (Maximum number of regions). Initial 7 regions, optional 0 regions
[2024-10-12T10:43:43.860+0800][debug][gc,ergo,cset] GC(182) Finish choosing collection set old regions. Initial: 7, optional: 0, predicted old time: 0.00ms, predicted optional time: 0.00ms, time remaining: 47.97
[2024-10-12T10:43:44.411+0800][debug][gc,ergo,cset] GC(188) Pruned 0 regions out of 33, leaving 0 bytes waste (allowed 0)
[2024-10-12T10:43:44.656+0800][debug][gc,ergo,cset] GC(190) Start adding old regions to collection set. Min 5 regions, max 7 regions, time remaining 49.09ms, optional threshold 9.82ms
[2024-10-12T10:43:44.656+0800][debug][gc,ergo,cset] GC(190) Finish adding old regions to collection set (Maximum number of regions). Initial 7 regions, optional 0 regions
[2024-10-12T10:43:44.656+0800][debug][gc,ergo,cset] GC(190) Finish choosing collection set old regions. Initial: 7, optional: 0, predicted old time: 0.00ms, predicted optional time: 0.00ms, time remaining: 48.18
[2024-10-12T10:43:44.761+0800][debug][gc,ergo,cset] GC(191) Start adding old regions to collection set. Min 5 regions, max 7 regions, time remaining 49.01ms, optional threshold 9.80ms
[2024-10-12T10:43:44.761+0800][debug][gc,ergo,cset] GC(191) Finish adding old regions to collection set (Maximum number of regions). Initial 7 regions, optional 0 regions
[2024-10-12T10:43:44.761+0800][debug][gc,ergo,cset] GC(191) Finish choosing collection set old regions. Initial: 7, optional: 0, predicted old time: 0.00ms, predicted optional time: 0.00ms, time remaining: 47.73
[2024-10-12T10:43:44.866+0800][debug][gc,ergo,cset] GC(192) Start adding old regions to collection set. Min 5 regions, max 7 regions, time remaining 48.93ms, optional threshold 9.79ms
[2024-10-12T10:43:44.866+0800][debug][gc,ergo,cset] GC(192) Finish adding old regions to collection set (Maximum number of regions). Initial 7 regions, optional 0 regions
[2024-10-12T10:43:44.866+0800][debug][gc,ergo,cset] GC(192) Finish choosing collection set old regions. Initial: 7, optional: 0, predicted old time: 0.00ms, predicted optional time: 0.00ms, time remaining: 47.50
[2024-10-12T10:43:44.970+0800][debug][gc,ergo,cset] GC(193) Start adding old regions to collection set. Min 5 regions, max 7 regions, time remaining 48.91ms, optional threshold 9.78ms
[2024-10-12T10:43:44.970+0800][debug][gc,ergo,cset] GC(193) Finish adding old regions to collection set (Maximum number of regions). Initial 7 regions, optional 0 regions
[2024-10-12T10:43:44.970+0800][debug][gc,ergo,cset] GC(193) Finish choosing collection set old regions. Initial: 7, optional: 0, predicted old time: 0.00ms, predicted optional time: 0.00ms, time remaining: 47.39
[2024-10-12T10:43:45.076+0800][debug][gc,ergo,cset] GC(194) Start adding old regions to collection set. Min 5 regions, max 7 regions, time remaining 48.88ms, optional threshold 9.78ms
[2024-10-12T10:43:45.076+0800][debug][gc,ergo,cset] GC(194) Old candidate collection set empty.
[2024-10-12T10:43:45.076+0800][debug][gc,ergo,cset] GC(194) Finish choosing collection set old regions. Initial: 5, optional: 0, predicted old time: 0.00ms, predicted optional time: 0.00ms, time remaining: 47.38
[2024-10-12T10:43:45.401+0800][debug][gc,ergo,cset] GC(198) Pruned 0 regions out of 38, leaving 0 bytes waste (allowed 0)
[2024-10-12T10:43:45.605+0800][debug][gc,ergo,cset] Preventive GC, insufficient free regions. Predicted need 5. Curr Eden 1 (Pred 2). Curr Survivor 1 (Pred 1). Curr Old 52 (Pred 2) Free 5 Alloc 1
[2024-10-12T10:43:45.606+0800][debug][gc,ergo,cset] GC(200) Start adding old regions to collection set. Min 5 regions, max 7 regions, time remaining 49.20ms, optional threshold 9.84ms
[2024-10-12T10:43:45.606+0800][debug][gc,ergo,cset] GC(200) Finish adding old regions to collection set (Maximum number of regions). Initial 7 regions, optional 0 regions
[2024-10-12T10:43:45.606+0800][debug][gc,ergo,cset] GC(200) Finish choosing collection set old regions. Initial: 7, optional: 0, predicted old time: 0.00ms, predicted optional time: 0.00ms, time remaining: 48.55
[2024-10-12T10:43:45.710+0800][debug][gc,ergo,cset] GC(201) Start adding old regions to collection set. Min 5 regions, max 7 regions, time remaining 48.97ms, optional threshold 9.79ms
[2024-10-12T10:43:45.710+0800][debug][gc,ergo,cset] GC(201) Finish adding old regions to collection set (Maximum number of regions). Initial 7 regions, optional 0 regions
[2024-10-12T10:43:45.710+0800][debug][gc,ergo,cset] GC(201) Finish choosing collection set old regions. Initial: 7, optional: 0, predicted old time: 0.00ms, predicted optional time: 0.00ms, time remaining: 48.01
[2024-10-12T10:43:45.814+0800][debug][gc,ergo,cset] GC(202) Start adding old regions to collection set. Min 5 regions, max 7 regions, time remaining 48.94ms, optional threshold 9.79ms
[2024-10-12T10:43:45.814+0800][debug][gc,ergo,cset] GC(202) Finish adding old regions to collection set (Maximum number of regions). Initial 7 regions, optional 0 regions
[2024-10-12T10:43:45.814+0800][debug][gc,ergo,cset] GC(202) Finish choosing collection set old regions. Initial: 7, optional: 0, predicted old time: 0.00ms, predicted optional time: 0.00ms, time remaining: 47.71
[2024-10-12T10:43:45.919+0800][debug][gc,ergo,cset] GC(203) Start adding old regions to collection set. Min 5 regions, max 7 regions, time remaining 48.95ms, optional threshold 9.79ms
[2024-10-12T10:43:45.919+0800][debug][gc,ergo,cset] GC(203) Finish adding old regions to collection set (Maximum number of regions). Initial 7 regions, optional 0 regions
[2024-10-12T10:43:45.919+0800][debug][gc,ergo,cset] GC(203) Finish choosing collection set old regions. Initial: 7, optional: 0, predicted old time: 0.00ms, predicted optional time: 0.00ms, time remaining: 47.60
[2024-10-12T10:43:46.024+0800][debug][gc,ergo,cset] GC(204) Start adding old regions to collection set. Min 5 regions, max 7 regions, time remaining 48.89ms, optional threshold 9.78ms
[2024-10-12T10:43:46.024+0800][debug][gc,ergo,cset] GC(204) Finish adding old regions to collection set (Maximum number of regions). Initial 7 regions, optional 0 regions
[2024-10-12T10:43:46.024+0800][debug][gc,ergo,cset] GC(204) Finish choosing collection set old regions. Initial: 7, optional: 0, predicted old time: 0.00ms, predicted optional time: 0.00ms, time remaining: 47.29
[2024-10-12T10:43:46.130+0800][debug][gc,ergo,cset] GC(205) Start adding old regions to collection set. Min 5 regions, max 7 regions, time remaining 48.88ms, optional threshold 9.78ms
[2024-10-12T10:43:46.130+0800][debug][gc,ergo,cset] GC(205) Old candidate collection set empty.
[2024-10-12T10:43:46.130+0800][debug][gc,ergo,cset] GC(205) Finish choosing collection set old regions. Initial: 3, optional: 0, predicted old time: 0.00ms, predicted optional time: 0.00ms, time remaining: 47.88
[2024-10-12T10:43:46.288+0800][debug][gc,ergo,cset] GC(208) Pruned 0 regions out of 40, leaving 0 bytes waste (allowed 0)
[2024-10-12T10:43:46.557+0800][debug][gc,ergo,cset] Preventive GC, insufficient free regions. Predicted need 6. Curr Eden 2 (Pred 3). Curr Survivor 1 (Pred 1). Curr Old 50 (Pred 2) Free 6 Alloc 1
[2024-10-12T10:43:46.557+0800][debug][gc,ergo,cset] GC(210) Start adding old regions to collection set. Min 5 regions, max 7 regions, time remaining 48.84ms, optional threshold 9.77ms
[2024-10-12T10:43:46.557+0800][debug][gc,ergo,cset] GC(210) Finish adding old regions to collection set (Maximum number of regions). Initial 7 regions, optional 0 regions
[2024-10-12T10:43:46.557+0800][debug][gc,ergo,cset] GC(210) Finish choosing collection set old regions. Initial: 7, optional: 0, predicted old time: 0.00ms, predicted optional time: 0.00ms, time remaining: 47.95
[2024-10-12T10:43:46.661+0800][debug][gc,ergo,cset] GC(211) Start adding old regions to collection set. Min 5 regions, max 7 regions, time remaining 48.86ms, optional threshold 9.77ms
[2024-10-12T10:43:46.661+0800][debug][gc,ergo,cset] GC(211) Finish adding old regions to collection set (Maximum number of regions). Initial 7 regions, optional 0 regions
[2024-10-12T10:43:46.661+0800][debug][gc,ergo,cset] GC(211) Finish choosing collection set old regions. Initial: 7, optional: 0, predicted old time: 0.00ms, predicted optional time: 0.00ms, time remaining: 47.59
[2024-10-12T10:43:46.766+0800][debug][gc,ergo,cset] GC(212) Start adding old regions to collection set. Min 5 regions, max 7 regions, time remaining 48.86ms, optional threshold 9.77ms
[2024-10-12T10:43:46.766+0800][debug][gc,ergo,cset] GC(212) Finish adding old regions to collection set (Maximum number of regions). Initial 7 regions, optional 0 regions
[2024-10-12T10:43:46.766+0800][debug][gc,ergo,cset] GC(212) Finish choosing collection set old regions. Initial: 7, optional: 0, predicted old time: 0.00ms, predicted optional time: 0.00ms, time remaining: 47.46
[2024-10-12T10:43:46.870+0800][debug][gc,ergo,cset] GC(213) Start adding old regions to collection set. Min 5 regions, max 7 regions, time remaining 48.90ms, optional threshold 9.78ms
[2024-10-12T10:43:46.870+0800][debug][gc,ergo,cset] GC(213) Finish adding old regions to collection set (Maximum number of regions). Initial 7 regions, optional 0 regions
[2024-10-12T10:43:46.870+0800][debug][gc,ergo,cset] GC(213) Finish choosing collection set old regions. Initial: 7, optional: 0, predicted old time: 0.00ms, predicted optional time: 0.00ms, time remaining: 47.51
[2024-10-12T10:43:46.975+0800][debug][gc,ergo,cset] GC(214) Start adding old regions to collection set. Min 5 regions, max 7 regions, time remaining 48.91ms, optional threshold 9.78ms
[2024-10-12T10:43:46.975+0800][debug][gc,ergo,cset] GC(214) Finish adding old regions to collection set (Maximum number of regions). Initial 7 regions, optional 0 regions
[2024-10-12T10:43:46.975+0800][debug][gc,ergo,cset] GC(214) Finish choosing collection set old regions. Initial: 7, optional: 0, predicted old time: 0.00ms, predicted optional time: 0.00ms, time remaining: 47.39
[2024-10-12T10:43:47.080+0800][debug][gc,ergo,cset] GC(215) Start adding old regions to collection set. Min 5 regions, max 7 regions, time remaining 48.87ms, optional threshold 9.77ms
[2024-10-12T10:43:47.080+0800][debug][gc,ergo,cset] GC(215) Old candidate collection set empty.
[2024-10-12T10:43:47.080+0800][debug][gc,ergo,cset] GC(215) Finish choosing collection set old regions. Initial: 5, optional: 0, predicted old time: 0.00ms, predicted optional time: 0.00ms, time remaining: 47.35
[2024-10-12T10:43:47.404+0800][debug][gc,ergo,cset] GC(219) Pruned 0 regions out of 42, leaving 0 bytes waste (allowed 0)
[2024-10-12T10:43:47.548+0800][debug][gc,ergo,cset] Preventive GC, insufficient free regions. Predicted need 4. Curr Eden 2 (Pred 3). Curr Survivor 1 (Pred 1). Curr Old 52 (Pred 0) Free 4 Alloc 1
[2024-10-12T10:43:47.611+0800][debug][gc,ergo,cset] Preventive GC, insufficient free regions. Predicted need 5. Curr Eden 1 (Pred 2). Curr Survivor 1 (Pred 1). Curr Old 54 (Pred 2) Free 3 Alloc 1
[2024-10-12T10:43:47.611+0800][debug][gc,ergo,cset] GC(221) Start adding old regions to collection set. Min 6 regions, max 7 regions, time remaining 49.19ms, optional threshold 9.84ms
[2024-10-12T10:43:47.611+0800][debug][gc,ergo,cset] GC(221) Finish adding old regions to collection set (Maximum number of regions). Initial 7 regions, optional 0 regions
[2024-10-12T10:43:47.611+0800][debug][gc,ergo,cset] GC(221) Finish choosing collection set old regions. Initial: 7, optional: 0, predicted old time: 0.00ms, predicted optional time: 0.00ms, time remaining: 48.65
[2024-10-12T10:43:47.715+0800][debug][gc,ergo,cset] Preventive GC, insufficient free regions. Predicted need 7. Curr Eden 2 (Pred 3). Curr Survivor 1 (Pred 1). Curr Old 49 (Pred 3) Free 7 Alloc 1
[2024-10-12T10:43:47.715+0800][debug][gc,ergo,cset] GC(222) Start adding old regions to collection set. Min 6 regions, max 7 regions, time remaining 48.96ms, optional threshold 9.79ms
[2024-10-12T10:43:47.715+0800][debug][gc,ergo,cset] GC(222) Finish adding old regions to collection set (Maximum number of regions). Initial 7 regions, optional 0 regions
[2024-10-12T10:43:47.715+0800][debug][gc,ergo,cset] GC(222) Finish choosing collection set old regions. Initial: 7, optional: 0, predicted old time: 0.00ms, predicted optional time: 0.00ms, time remaining: 48.13
[2024-10-12T10:43:47.819+0800][debug][gc,ergo,cset] GC(223) Start adding old regions to collection set. Min 6 regions, max 7 regions, time remaining 48.93ms, optional threshold 9.79ms
[2024-10-12T10:43:47.819+0800][debug][gc,ergo,cset] GC(223) Finish adding old regions to collection set (Maximum number of regions). Initial 7 regions, optional 0 regions
[2024-10-12T10:43:47.819+0800][debug][gc,ergo,cset] GC(223) Finish choosing collection set old regions. Initial: 7, optional: 0, predicted old time: 0.00ms, predicted optional time: 0.00ms, time remaining: 47.82
[2024-10-12T10:43:47.924+0800][debug][gc,ergo,cset] GC(224) Start adding old regions to collection set. Min 6 regions, max 7 regions, time remaining 48.90ms, optional threshold 9.78ms
[2024-10-12T10:43:47.924+0800][debug][gc,ergo,cset] GC(224) Finish adding old regions to collection set (Maximum number of regions). Initial 7 regions, optional 0 regions
[2024-10-12T10:43:47.924+0800][debug][gc,ergo,cset] GC(224) Finish choosing collection set old regions. Initial: 7, optional: 0, predicted old time: 0.00ms, predicted optional time: 0.00ms, time remaining: 47.59
[2024-10-12T10:43:48.029+0800][debug][gc,ergo,cset] GC(225) Start adding old regions to collection set. Min 6 regions, max 7 regions, time remaining 48.90ms, optional threshold 9.78ms
[2024-10-12T10:43:48.029+0800][debug][gc,ergo,cset] GC(225) Finish adding old regions to collection set (Maximum number of regions). Initial 7 regions, optional 0 regions
[2024-10-12T10:43:48.029+0800][debug][gc,ergo,cset] GC(225) Finish choosing collection set old regions. Initial: 7, optional: 0, predicted old time: 0.00ms, predicted optional time: 0.00ms, time remaining: 47.47
[2024-10-12T10:43:48.134+0800][debug][gc,ergo,cset] Preventive GC, insufficient free regions. Predicted need 10. Curr Eden 2 (Pred 3). Curr Survivor 1 (Pred 1). Curr Old 46 (Pred 6) Free 10 Alloc 1
[2024-10-12T10:43:48.134+0800][debug][gc,ergo,cset] GC(226) Start adding old regions to collection set. Min 6 regions, max 7 regions, time remaining 48.89ms, optional threshold 9.78ms
[2024-10-12T10:43:48.134+0800][debug][gc,ergo,cset] GC(226) Old candidate collection set empty.
[2024-10-12T10:43:48.134+0800][debug][gc,ergo,cset] GC(226) Finish choosing collection set old regions. Initial: 7, optional: 0, predicted old time: 0.00ms, predicted optional time: 0.00ms, time remaining: 47.20
[2024-10-12T10:43:48.458+0800][debug][gc,ergo,cset] GC(230) Pruned 0 regions out of 40, leaving 0 bytes waste (allowed 0)
[2024-10-12T10:43:48.602+0800][debug][gc,ergo,cset] Preventive GC, insufficient free regions. Predicted need 4. Curr Eden 2 (Pred 3). Curr Survivor 1 (Pred 1). Curr Old 51 (Pred 0) Free 4 Alloc 1
[2024-10-12T10:43:48.665+0800][debug][gc,ergo,cset] Preventive GC, insufficient free regions. Predicted need 5. Curr Eden 1 (Pred 2). Curr Survivor 1 (Pred 1). Curr Old 53 (Pred 2) Free 4 Alloc 1
[2024-10-12T10:43:48.665+0800][debug][gc,ergo,cset] GC(232) Start adding old regions to collection set. Min 5 regions, max 7 regions, time remaining 49.23ms, optional threshold 9.85ms
[2024-10-12T10:43:48.665+0800][debug][gc,ergo,cset] GC(232) Finish adding old regions to collection set (Maximum number of regions). Initial 7 regions, optional 0 regions
[2024-10-12T10:43:48.665+0800][debug][gc,ergo,cset] GC(232) Finish choosing collection set old regions. Initial: 7, optional: 0, predicted old time: 0.00ms, predicted optional time: 0.00ms, time remaining: 48.55
[2024-10-12T10:43:48.769+0800][debug][gc,ergo,cset] Preventive GC, insufficient free regions. Predicted need 7. Curr Eden 2 (Pred 3). Curr Survivor 1 (Pred 1). Curr Old 49 (Pred 3) Free 7 Alloc 1
[2024-10-12T10:43:48.770+0800][debug][gc,ergo,cset] GC(233) Start adding old regions to collection set. Min 5 regions, max 7 regions, time remaining 48.98ms, optional threshold 9.80ms
[2024-10-12T10:43:48.770+0800][debug][gc,ergo,cset] GC(233) Finish adding old regions to collection set (Maximum number of regions). Initial 7 regions, optional 0 regions
[2024-10-12T10:43:48.770+0800][debug][gc,ergo,cset] GC(233) Finish choosing collection set old regions. Initial: 7, optional: 0, predicted old time: 0.00ms, predicted optional time: 0.00ms, time remaining: 48.08
[2024-10-12T10:43:48.874+0800][debug][gc,ergo,cset] Preventive GC, insufficient free regions. Predicted need 8. Curr Eden 2 (Pred 3). Curr Survivor 1 (Pred 1). Curr Old 48 (Pred 4) Free 8 Alloc 1
[2024-10-12T10:43:48.874+0800][debug][gc,ergo,cset] GC(234) Start adding old regions to collection set. Min 5 regions, max 7 regions, time remaining 48.96ms, optional threshold 9.79ms
[2024-10-12T10:43:48.874+0800][debug][gc,ergo,cset] GC(234) Finish adding old regions to collection set (Maximum number of regions). Initial 7 regions, optional 0 regions
[2024-10-12T10:43:48.874+0800][debug][gc,ergo,cset] GC(234) Finish choosing collection set old regions. Initial: 7, optional: 0, predicted old time: 0.00ms, predicted optional time: 0.00ms, time remaining: 47.90
[2024-10-12T10:43:48.979+0800][debug][gc,ergo,cset] GC(235) Start adding old regions to collection set. Min 5 regions, max 7 regions, time remaining 48.96ms, optional threshold 9.79ms
[2024-10-12T10:43:48.979+0800][debug][gc,ergo,cset] GC(235) Finish adding old regions to collection set (Maximum number of regions). Initial 7 regions, optional 0 regions
[2024-10-12T10:43:48.979+0800][debug][gc,ergo,cset] GC(235) Finish choosing collection set old regions. Initial: 7, optional: 0, predicted old time: 0.00ms, predicted optional time: 0.00ms, time remaining: 47.73
[2024-10-12T10:43:49.084+0800][debug][gc,ergo,cset] GC(236) Start adding old regions to collection set. Min 5 regions, max 7 regions, time remaining 48.93ms, optional threshold 9.79ms
[2024-10-12T10:43:49.084+0800][debug][gc,ergo,cset] GC(236) Finish adding old regions to collection set (Maximum number of regions). Initial 7 regions, optional 0 regions
[2024-10-12T10:43:49.084+0800][debug][gc,ergo,cset] GC(236) Finish choosing collection set old regions. Initial: 7, optional: 0, predicted old time: 0.00ms, predicted optional time: 0.00ms, time remaining: 47.43
[2024-10-12T10:43:49.189+0800][debug][gc,ergo,cset] GC(237) Start adding old regions to collection set. Min 5 regions, max 7 regions, time remaining 48.87ms, optional threshold 9.77ms
[2024-10-12T10:43:49.189+0800][debug][gc,ergo,cset] GC(237) Old candidate collection set empty.
[2024-10-12T10:43:49.190+0800][debug][gc,ergo,cset] GC(237) Finish choosing collection set old regions. Initial: 5, optional: 0, predicted old time: 0.00ms, predicted optional time: 0.00ms, time remaining: 47.64
[2024-10-12T10:43:49.513+0800][debug][gc,ergo,cset] GC(241) Pruned 0 regions out of 42, leaving 0 bytes waste (allowed 0)
[2024-10-12T10:43:49.656+0800][debug][gc,ergo,cset] Preventive GC, insufficient free regions. Predicted need 4. Curr Eden 2 (Pred 3). Curr Survivor 1 (Pred 1). Curr Old 52 (Pred 0) Free 4 Alloc 1
[2024-10-12T10:43:49.718+0800][debug][gc,ergo,cset] Preventive GC, insufficient free regions. Predicted need 5. Curr Eden 1 (Pred 2). Curr Survivor 1 (Pred 1). Curr Old 54 (Pred 2) Free 3 Alloc 1
[2024-10-12T10:43:49.719+0800][debug][gc,ergo,cset] GC(243) Start adding old regions to collection set. Min 6 regions, max 7 regions, time remaining 49.23ms, optional threshold 9.85ms
[2024-10-12T10:43:49.719+0800][debug][gc,ergo,cset] GC(243) Finish adding old regions to collection set (Maximum number of regions). Initial 7 regions, optional 0 regions
[2024-10-12T10:43:49.719+0800][debug][gc,ergo,cset] GC(243) Finish choosing collection set old regions. Initial: 7, optional: 0, predicted old time: 0.00ms, predicted optional time: 0.00ms, time remaining: 48.76
[2024-10-12T10:43:49.822+0800][debug][gc,ergo,cset] Preventive GC, insufficient free regions. Predicted need 7. Curr Eden 2 (Pred 3). Curr Survivor 1 (Pred 1). Curr Old 49 (Pred 3) Free 7 Alloc 1
[2024-10-12T10:43:49.822+0800][debug][gc,ergo,cset] GC(244) Start adding old regions to collection set. Min 6 regions, max 7 regions, time remaining 49.00ms, optional threshold 9.80ms
[2024-10-12T10:43:49.822+0800][debug][gc,ergo,cset] GC(244) Finish adding old regions to collection set (Maximum number of regions). Initial 7 regions, optional 0 regions
[2024-10-12T10:43:49.822+0800][debug][gc,ergo,cset] GC(244) Finish choosing collection set old regions. Initial: 7, optional: 0, predicted old time: 0.00ms, predicted optional time: 0.00ms, time remaining: 48.11
[2024-10-12T10:43:49.927+0800][debug][gc,ergo,cset] GC(245) Start adding old regions to collection set. Min 6 regions, max 7 regions, time remaining 48.97ms, optional threshold 9.79ms
[2024-10-12T10:43:49.927+0800][debug][gc,ergo,cset] GC(245) Finish adding old regions to collection set (Maximum number of regions). Initial 7 regions, optional 0 regions
[2024-10-12T10:43:49.927+0800][debug][gc,ergo,cset] GC(245) Finish choosing collection set old regions. Initial: 7, optional: 0, predicted old time: 0.00ms, predicted optional time: 0.00ms, time remaining: 47.81
[2024-10-12T10:43:50.032+0800][debug][gc,ergo,cset] GC(246) Start adding old regions to collection set. Min 6 regions, max 7 regions, time remaining 48.88ms, optional threshold 9.78ms
[2024-10-12T10:43:50.032+0800][debug][gc,ergo,cset] GC(246) Finish adding old regions to collection set (Maximum number of regions). Initial 7 regions, optional 0 regions
[2024-10-12T10:43:50.032+0800][debug][gc,ergo,cset] GC(246) Finish choosing collection set old regions. Initial: 7, optional: 0, predicted old time: 0.00ms, predicted optional time: 0.00ms, time remaining: 47.55
[2024-10-12T10:43:50.137+0800][debug][gc,ergo,cset] GC(247) Start adding old regions to collection set. Min 6 regions, max 7 regions, time remaining 48.90ms, optional threshold 9.78ms
[2024-10-12T10:43:50.137+0800][debug][gc,ergo,cset] GC(247) Finish adding old regions to collection set (Maximum number of regions). Initial 7 regions, optional 0 regions
[2024-10-12T10:43:50.137+0800][debug][gc,ergo,cset] GC(247) Finish choosing collection set old regions. Initial: 7, optional: 0, predicted old time: 0.00ms, predicted optional time: 0.00ms, time remaining: 47.31
[2024-10-12T10:43:50.243+0800][debug][gc,ergo,cset] GC(248) Start adding old regions to collection set. Min 6 regions, max 7 regions, time remaining 48.86ms, optional threshold 9.77ms
[2024-10-12T10:43:50.243+0800][debug][gc,ergo,cset] GC(248) Old candidate collection set empty.
[2024-10-12T10:43:50.243+0800][debug][gc,ergo,cset] GC(248) Finish choosing collection set old regions. Initial: 7, optional: 0, predicted old time: 0.00ms, predicted optional time: 0.00ms, time remaining: 47.07
[2024-10-12T10:43:50.566+0800][debug][gc,ergo,cset] GC(252) Pruned 0 regions out of 40, leaving 0 bytes waste (allowed 0)
[2024-10-12T10:43:50.711+0800][debug][gc,ergo,cset] Preventive GC, insufficient free regions. Predicted need 5. Curr Eden 1 (Pred 2). Curr Survivor 1 (Pred 1). Curr Old 53 (Pred 2) Free 4 Alloc 1
[2024-10-12T10:43:50.711+0800][debug][gc,ergo,cset] GC(254) Start adding old regions to collection set. Min 5 regions, max 7 regions, time remaining 49.23ms, optional threshold 9.85ms
[2024-10-12T10:43:50.711+0800][debug][gc,ergo,cset] GC(254) Finish adding old regions to collection set (Maximum number of regions). Initial 7 regions, optional 0 regions
[2024-10-12T10:43:50.711+0800][debug][gc,ergo,cset] GC(254) Finish choosing collection set old regions. Initial: 7, optional: 0, predicted old time: 0.00ms, predicted optional time: 0.00ms, time remaining: 48.70
[2024-10-12T10:43:50.836+0800][debug][gc,ergo,cset] Preventive GC, insufficient free regions. Predicted need 7. Curr Eden 2 (Pred 3). Curr Survivor 1 (Pred 1). Curr Old 49 (Pred 3) Free 6 Alloc 1
[2024-10-12T10:43:50.836+0800][debug][gc,ergo,cset] GC(255) Start adding old regions to collection set. Min 5 regions, max 7 regions, time remaining 48.99ms, optional threshold 9.80ms
[2024-10-12T10:43:50.836+0800][debug][gc,ergo,cset] GC(255) Finish adding old regions to collection set (Maximum number of regions). Initial 7 regions, optional 0 regions
[2024-10-12T10:43:50.836+0800][debug][gc,ergo,cset] GC(255) Finish choosing collection set old regions. Initial: 7, optional: 0, predicted old time: 0.00ms, predicted optional time: 0.00ms, time remaining: 48.00
[2024-10-12T10:43:50.941+0800][debug][gc,ergo,cset] GC(256) Start adding old regions to collection set. Min 5 regions, max 7 regions, time remaining 48.96ms, optional threshold 9.79ms
[2024-10-12T10:43:50.941+0800][debug][gc,ergo,cset] GC(256) Finish adding old regions to collection set (Maximum number of regions). Initial 7 regions, optional 0 regions
[2024-10-12T10:43:50.941+0800][debug][gc,ergo,cset] GC(256) Finish choosing collection set old regions. Initial: 7, optional: 0, predicted old time: 0.00ms, predicted optional time: 0.00ms, time remaining: 47.83
[2024-10-12T10:43:51.045+0800][debug][gc,ergo,cset] GC(257) Start adding old regions to collection set. Min 5 regions, max 7 regions, time remaining 48.92ms, optional threshold 9.78ms
[2024-10-12T10:43:51.045+0800][debug][gc,ergo,cset] GC(257) Finish adding old regions to collection set (Maximum number of regions). Initial 7 regions, optional 0 regions
[2024-10-12T10:43:51.045+0800][debug][gc,ergo,cset] GC(257) Finish choosing collection set old regions. Initial: 7, optional: 0, predicted old time: 0.00ms, predicted optional time: 0.00ms, time remaining: 47.65
[2024-10-12T10:43:51.150+0800][debug][gc,ergo,cset] GC(258) Start adding old regions to collection set. Min 5 regions, max 7 regions, time remaining 48.94ms, optional threshold 9.79ms
[2024-10-12T10:43:51.150+0800][debug][gc,ergo,cset] GC(258) Finish adding old regions to collection set (Maximum number of regions). Initial 7 regions, optional 0 regions
[2024-10-12T10:43:51.150+0800][debug][gc,ergo,cset] GC(258) Finish choosing collection set old regions. Initial: 7, optional: 0, predicted old time: 0.00ms, predicted optional time: 0.00ms, time remaining: 47.57
[2024-10-12T10:43:51.255+0800][debug][gc,ergo,cset] GC(259) Start adding old regions to collection set. Min 5 regions, max 7 regions, time remaining 48.90ms, optional threshold 9.78ms
[2024-10-12T10:43:51.255+0800][debug][gc,ergo,cset] GC(259) Old candidate collection set empty.
[2024-10-12T10:43:51.255+0800][debug][gc,ergo,cset] GC(259) Finish choosing collection set old regions. Initial: 5, optional: 0, predicted old time: 0.00ms, predicted optional time: 0.00ms, time remaining: 47.47
[2024-10-12T10:43:51.580+0800][debug][gc,ergo,cset] GC(263) Pruned 0 regions out of 41, leaving 0 bytes waste (allowed 0)
[2024-10-12T10:43:51.785+0800][debug][gc,ergo,cset] Preventive GC, insufficient free regions. Predicted need 6. Curr Eden 1 (Pred 2). Curr Survivor 1 (Pred 1). Curr Old 53 (Pred 3) Free 4 Alloc 1
[2024-10-12T10:43:51.785+0800][debug][gc,ergo,cset] GC(265) Start adding old regions to collection set. Min 6 regions, max 7 regions, time remaining 49.21ms, optional threshold 9.84ms
[2024-10-12T10:43:51.785+0800][debug][gc,ergo,cset] GC(265) Finish adding old regions to collection set (Maximum number of regions). Initial 7 regions, optional 0 regions
[2024-10-12T10:43:51.785+0800][debug][gc,ergo,cset] GC(265) Finish choosing collection set old regions. Initial: 7, optional: 0, predicted old time: 0.00ms, predicted optional time: 0.00ms, time remaining: 48.38
[2024-10-12T10:43:51.889+0800][debug][gc,ergo,cset] Preventive GC, insufficient free regions. Predicted need 7. Curr Eden 2 (Pred 3). Curr Survivor 1 (Pred 1). Curr Old 50 (Pred 3) Free 6 Alloc 1
[2024-10-12T10:43:51.890+0800][debug][gc,ergo,cset] GC(266) Start adding old regions to collection set. Min 6 regions, max 7 regions, time remaining 48.97ms, optional threshold 9.79ms
[2024-10-12T10:43:51.890+0800][debug][gc,ergo,cset] GC(266) Finish adding old regions to collection set (Maximum number of regions). Initial 7 regions, optional 0 regions
[2024-10-12T10:43:51.890+0800][debug][gc,ergo,cset] GC(266) Finish choosing collection set old regions. Initial: 7, optional: 0, predicted old time: 0.00ms, predicted optional time: 0.00ms, time remaining: 48.03
[2024-10-12T10:43:51.953+0800][debug][gc,ergo,cset] Preventive GC, insufficient free regions. Predicted need 6. Curr Eden 1 (Pred 2). Curr Survivor 1 (Pred 1). Curr Old 53 (Pred 3) Free 4 Alloc 1
[2024-10-12T10:43:51.953+0800][debug][gc,ergo,cset] GC(267) Start adding old regions to collection set. Min 6 regions, max 7 regions, time remaining 49.17ms, optional threshold 9.83ms
[2024-10-12T10:43:51.953+0800][debug][gc,ergo,cset] GC(267) Finish adding old regions to collection set (Maximum number of regions). Initial 7 regions, optional 0 regions
[2024-10-12T10:43:51.954+0800][debug][gc,ergo,cset] GC(267) Finish choosing collection set old regions. Initial: 7, optional: 0, predicted old time: 0.00ms, predicted optional time: 0.00ms, time remaining: 48.11
[2024-10-12T10:43:51.998+0800][debug][gc,ergo,cset] Preventive GC, insufficient free regions. Predicted need 8. Curr Eden 1 (Pred 2). Curr Survivor 1 (Pred 1). Curr Old 56 (Pred 5) Free 1 Alloc 1
[2024-10-12T10:43:51.998+0800][debug][gc,ergo,cset] GC(268) Start adding old regions to collection set. Min 6 regions, max 7 regions, time remaining 49.15ms, optional threshold 9.83ms
[2024-10-12T10:43:51.998+0800][debug][gc,ergo,cset] GC(268) Finish adding old regions to collection set (Maximum number of regions). Initial 7 regions, optional 0 regions
[2024-10-12T10:43:51.998+0800][debug][gc,ergo,cset] GC(268) Finish choosing collection set old regions. Initial: 7, optional: 0, predicted old time: 0.00ms, predicted optional time: 0.00ms, time remaining: 47.90
[2024-10-12T10:43:52.061+0800][debug][gc,ergo,cset] GC(269) Start adding old regions to collection set. Min 6 regions, max 7 regions, time remaining 49.14ms, optional threshold 9.83ms
[2024-10-12T10:43:52.061+0800][debug][gc,ergo,cset] GC(269) Finish adding old regions to collection set (Maximum number of regions). Initial 7 regions, optional 0 regions
[2024-10-12T10:43:52.061+0800][debug][gc,ergo,cset] GC(269) Finish choosing collection set old regions. Initial: 7, optional: 0, predicted old time: 0.00ms, predicted optional time: 0.00ms, time remaining: 47.77
[2024-10-12T10:43:52.773+0800][debug][gc,ergo,cset] GC(276) Pruned 0 regions out of 39, leaving 0 bytes waste (allowed 0)
[2024-10-12T10:43:52.978+0800][debug][gc,ergo,cset] Preventive GC, insufficient free regions. Predicted need 5. Curr Eden 1 (Pred 2). Curr Survivor 1 (Pred 1). Curr Old 51 (Pred 2) Free 5 Alloc 1
[2024-10-12T10:43:52.978+0800][debug][gc,ergo,cset] GC(278) Start adding old regions to collection set. Min 5 regions, max 7 regions, time remaining 49.28ms, optional threshold 9.86ms
[2024-10-12T10:43:52.978+0800][debug][gc,ergo,cset] GC(278) Finish adding old regions to collection set (Maximum number of regions). Initial 7 regions, optional 0 regions
[2024-10-12T10:43:52.978+0800][debug][gc,ergo,cset] GC(278) Finish choosing collection set old regions. Initial: 7, optional: 0, predicted old time: 0.00ms, predicted optional time: 0.00ms, time remaining: 48.57
[2024-10-12T10:43:53.082+0800][debug][gc,ergo,cset] GC(279) Start adding old regions to collection set. Min 5 regions, max 7 regions, time remaining 49.01ms, optional threshold 9.80ms
[2024-10-12T10:43:53.082+0800][debug][gc,ergo,cset] GC(279) Finish adding old regions to collection set (Maximum number of regions). Initial 7 regions, optional 0 regions
[2024-10-12T10:43:53.082+0800][debug][gc,ergo,cset] GC(279) Finish choosing collection set old regions. Initial: 7, optional: 0, predicted old time: 0.00ms, predicted optional time: 0.00ms, time remaining: 47.94
[2024-10-12T10:43:53.188+0800][debug][gc,ergo,cset] GC(280) Start adding old regions to collection set. Min 5 regions, max 7 regions, time remaining 48.91ms, optional threshold 9.78ms
[2024-10-12T10:43:53.188+0800][debug][gc,ergo,cset] GC(280) Finish adding old regions to collection set (Maximum number of regions). Initial 7 regions, optional 0 regions
[2024-10-12T10:43:53.188+0800][debug][gc,ergo,cset] GC(280) Finish choosing collection set old regions. Initial: 7, optional: 0, predicted old time: 0.00ms, predicted optional time: 0.00ms, time remaining: 47.68
[2024-10-12T10:43:53.292+0800][debug][gc,ergo,cset] GC(281) Start adding old regions to collection set. Min 5 regions, max 7 regions, time remaining 48.92ms, optional threshold 9.78ms
[2024-10-12T10:43:53.292+0800][debug][gc,ergo,cset] GC(281) Finish adding old regions to collection set (Maximum number of regions). Initial 7 regions, optional 0 regions
[2024-10-12T10:43:53.292+0800][debug][gc,ergo,cset] GC(281) Finish choosing collection set old regions. Initial: 7, optional: 0, predicted old time: 0.00ms, predicted optional time: 0.00ms, time remaining: 47.62
[2024-10-12T10:43:53.397+0800][debug][gc,ergo,cset] GC(282) Start adding old regions to collection set. Min 5 regions, max 7 regions, time remaining 48.89ms, optional threshold 9.78ms
[2024-10-12T10:43:53.397+0800][debug][gc,ergo,cset] GC(282) Finish adding old regions to collection set (Maximum number of regions). Initial 7 regions, optional 0 regions
[2024-10-12T10:43:53.397+0800][debug][gc,ergo,cset] GC(282) Finish choosing collection set old regions. Initial: 7, optional: 0, predicted old time: 0.00ms, predicted optional time: 0.00ms, time remaining: 47.37
[2024-10-12T10:43:53.503+0800][debug][gc,ergo,cset] GC(283) Start adding old regions to collection set. Min 5 regions, max 7 regions, time remaining 48.87ms, optional threshold 9.77ms
[2024-10-12T10:43:53.503+0800][debug][gc,ergo,cset] GC(283) Old candidate collection set empty.
[2024-10-12T10:43:53.503+0800][debug][gc,ergo,cset] GC(283) Finish choosing collection set old regions. Initial: 4, optional: 0, predicted old time: 0.00ms, predicted optional time: 0.00ms, time remaining: 47.73
[2024-10-12T10:43:53.826+0800][debug][gc,ergo,cset] GC(287) Pruned 0 regions out of 43, leaving 0 bytes waste (allowed 0)
[2024-10-12T10:43:53.969+0800][debug][gc,ergo,cset] Preventive GC, insufficient free regions. Predicted need 4. Curr Eden 2 (Pred 3). Curr Survivor 1 (Pred 1). Curr Old 52 (Pred 0) Free 4 Alloc 1
[2024-10-12T10:43:54.032+0800][debug][gc,ergo,cset] Preventive GC, insufficient free regions. Predicted need 5. Curr Eden 1 (Pred 2). Curr Survivor 1 (Pred 1). Curr Old 54 (Pred 2) Free 3 Alloc 1
[2024-10-12T10:43:54.033+0800][debug][gc,ergo,cset] GC(289) Start adding old regions to collection set. Min 6 regions, max 7 regions, time remaining 49.19ms, optional threshold 9.84ms
[2024-10-12T10:43:54.033+0800][debug][gc,ergo,cset] GC(289) Finish adding old regions to collection set (Maximum number of regions). Initial 7 regions, optional 0 regions
[2024-10-12T10:43:54.033+0800][debug][gc,ergo,cset] GC(289) Finish choosing collection set old regions. Initial: 7, optional: 0, predicted old time: 0.00ms, predicted optional time: 0.00ms, time remaining: 48.66
[2024-10-12T10:43:54.136+0800][debug][gc,ergo,cset] Preventive GC, insufficient free regions. Predicted need 7. Curr Eden 2 (Pred 3). Curr Survivor 1 (Pred 1). Curr Old 50 (Pred 3) Free 6 Alloc 1
[2024-10-12T10:43:54.136+0800][debug][gc,ergo,cset] GC(290) Start adding old regions to collection set. Min 6 regions, max 7 regions, time remaining 48.95ms, optional threshold 9.79ms
[2024-10-12T10:43:54.136+0800][debug][gc,ergo,cset] GC(290) Finish adding old regions to collection set (Maximum number of regions). Initial 7 regions, optional 0 regions
[2024-10-12T10:43:54.136+0800][debug][gc,ergo,cset] GC(290) Finish choosing collection set old regions. Initial: 7, optional: 0, predicted old time: 0.00ms, predicted optional time: 0.00ms, time remaining: 48.08
[2024-10-12T10:43:54.200+0800][debug][gc,ergo,cset] Preventive GC, insufficient free regions. Predicted need 7. Curr Eden 1 (Pred 2). Curr Survivor 1 (Pred 1). Curr Old 50 (Pred 4) Free 7 Alloc 1
[2024-10-12T10:43:54.200+0800][debug][gc,ergo,cset] GC(291) Start adding old regions to collection set. Min 6 regions, max 7 regions, time remaining 49.17ms, optional threshold 9.83ms
[2024-10-12T10:43:54.200+0800][debug][gc,ergo,cset] GC(291) Finish adding old regions to collection set (Maximum number of regions). Initial 7 regions, optional 0 regions
[2024-10-12T10:43:54.200+0800][debug][gc,ergo,cset] GC(291) Finish choosing collection set old regions. Initial: 7, optional: 0, predicted old time: 0.00ms, predicted optional time: 0.00ms, time remaining: 48.02
[2024-10-12T10:43:54.244+0800][debug][gc,ergo,cset] Preventive GC, insufficient free regions. Predicted need 8. Curr Eden 1 (Pred 2). Curr Survivor 1 (Pred 1). Curr Old 49 (Pred 5) Free 8 Alloc 1
[2024-10-12T10:43:54.244+0800][debug][gc,ergo,cset] GC(292) Start adding old regions to collection set. Min 6 regions, max 7 regions, time remaining 49.14ms, optional threshold 9.83ms
[2024-10-12T10:43:54.244+0800][debug][gc,ergo,cset] GC(292) Finish adding old regions to collection set (Maximum number of regions). Initial 7 regions, optional 0 regions
[2024-10-12T10:43:54.244+0800][debug][gc,ergo,cset] GC(292) Finish choosing collection set old regions. Initial: 7, optional: 0, predicted old time: 0.00ms, predicted optional time: 0.00ms, time remaining: 47.79
[2024-10-12T10:43:54.349+0800][debug][gc,ergo,cset] Preventive GC, insufficient free regions. Predicted need 9. Curr Eden 2 (Pred 3). Curr Survivor 1 (Pred 1). Curr Old 47 (Pred 5) Free 9 Alloc 1
[2024-10-12T10:43:54.349+0800][debug][gc,ergo,cset] GC(293) Start adding old regions to collection set. Min 6 regions, max 7 regions, time remaining 48.87ms, optional threshold 9.77ms
[2024-10-12T10:43:54.349+0800][debug][gc,ergo,cset] GC(293) Finish adding old regions to collection set (Maximum number of regions). Initial 7 regions, optional 0 regions
[2024-10-12T10:43:54.349+0800][debug][gc,ergo,cset] GC(293) Finish choosing collection set old regions. Initial: 7, optional: 0, predicted old time: 0.00ms, predicted optional time: 0.00ms, time remaining: 47.40
[2024-10-12T10:43:54.454+0800][debug][gc,ergo,cset] Preventive GC, insufficient free regions. Predicted need 9. Curr Eden 2 (Pred 3). Curr Survivor 1 (Pred 1). Curr Old 47 (Pred 5) Free 9 Alloc 1
[2024-10-12T10:43:54.455+0800][debug][gc,ergo,cset] GC(294) Start adding old regions to collection set. Min 6 regions, max 7 regions, time remaining 48.84ms, optional threshold 9.77ms
[2024-10-12T10:43:54.455+0800][debug][gc,ergo,cset] GC(294) Finish adding old regions to collection set (Maximum number of regions). Initial 7 regions, optional 0 regions
[2024-10-12T10:43:54.455+0800][debug][gc,ergo,cset] GC(294) Finish choosing collection set old regions. Initial: 7, optional: 0, predicted old time: 0.00ms, predicted optional time: 0.00ms, time remaining: 47.16
[2024-10-12T10:43:54.560+0800][debug][gc,ergo,cset] GC(295) Start adding old regions to collection set. Min 6 regions, max 7 regions, time remaining 48.86ms, optional threshold 9.77ms
[2024-10-12T10:43:54.560+0800][debug][gc,ergo,cset] GC(295) Old candidate collection set empty.
[2024-10-12T10:43:54.560+0800][debug][gc,ergo,cset] GC(295) Finish choosing collection set old regions. Initial: 1, optional: 0, predicted old time: 0.00ms, predicted optional time: 0.00ms, time remaining: 48.50
[2024-10-12T10:43:54.780+0800][debug][gc,ergo,cset] GC(298) Pruned 0 regions out of 41, leaving 0 bytes waste (allowed 0)
[2024-10-12T10:43:54.985+0800][debug][gc,ergo,cset] Preventive GC, insufficient free regions. Predicted need 5. Curr Eden 1 (Pred 2). Curr Survivor 1 (Pred 1). Curr Old 53 (Pred 2) Free 4 Alloc 1
[2024-10-12T10:43:54.985+0800][debug][gc,ergo,cset] GC(300) Start adding old regions to collection set. Min 6 regions, max 7 regions, time remaining 49.20ms, optional threshold 9.84ms
[2024-10-12T10:43:54.986+0800][debug][gc,ergo,cset] GC(300) Finish adding old regions to collection set (Maximum number of regions). Initial 7 regions, optional 0 regions
[2024-10-12T10:43:54.986+0800][debug][gc,ergo,cset] GC(300) Finish choosing collection set old regions. Initial: 7, optional: 0, predicted old time: 0.00ms, predicted optional time: 0.00ms, time remaining: 48.39
[2024-10-12T10:43:55.089+0800][debug][gc,ergo,cset] Preventive GC, insufficient free regions. Predicted need 8. Curr Eden 2 (Pred 3). Curr Survivor 1 (Pred 1). Curr Old 49 (Pred 4) Free 7 Alloc 1
[2024-10-12T10:43:55.089+0800][debug][gc,ergo,cset] GC(301) Start adding old regions to collection set. Min 6 regions, max 7 regions, time remaining 48.96ms, optional threshold 9.79ms
[2024-10-12T10:43:55.089+0800][debug][gc,ergo,cset] GC(301) Finish adding old regions to collection set (Maximum number of regions). Initial 7 regions, optional 0 regions
[2024-10-12T10:43:55.089+0800][debug][gc,ergo,cset] GC(301) Finish choosing collection set old regions. Initial: 7, optional: 0, predicted old time: 0.00ms, predicted optional time: 0.00ms, time remaining: 47.76
[2024-10-12T10:43:55.194+0800][debug][gc,ergo,cset] Preventive GC, insufficient free regions. Predicted need 8. Curr Eden 2 (Pred 3). Curr Survivor 1 (Pred 1). Curr Old 47 (Pred 4) Free 8 Alloc 1
[2024-10-12T10:43:55.195+0800][debug][gc,ergo,cset] GC(302) Start adding old regions to collection set. Min 6 regions, max 7 regions, time remaining 48.93ms, optional threshold 9.79ms
[2024-10-12T10:43:55.195+0800][debug][gc,ergo,cset] GC(302) Finish adding old regions to collection set (Maximum number of regions). Initial 7 regions, optional 0 regions
[2024-10-12T10:43:55.195+0800][debug][gc,ergo,cset] GC(302) Finish choosing collection set old regions. Initial: 7, optional: 0, predicted old time: 0.00ms, predicted optional time: 0.00ms, time remaining: 47.51
[2024-10-12T10:43:55.299+0800][debug][gc,ergo,cset] GC(303) Start adding old regions to collection set. Min 6 regions, max 7 regions, time remaining 48.87ms, optional threshold 9.77ms
[2024-10-12T10:43:55.299+0800][debug][gc,ergo,cset] GC(303) Finish adding old regions to collection set (Maximum number of regions). Initial 7 regions, optional 0 regions
[2024-10-12T10:43:55.299+0800][debug][gc,ergo,cset] GC(303) Finish choosing collection set old regions. Initial: 7, optional: 0, predicted old time: 0.00ms, predicted optional time: 0.00ms, time remaining: 47.32
[2024-10-12T10:43:55.405+0800][debug][gc,ergo,cset] GC(304) Start adding old regions to collection set. Min 6 regions, max 7 regions, time remaining 48.85ms, optional threshold 9.77ms
[2024-10-12T10:43:55.405+0800][debug][gc,ergo,cset] GC(304) Finish adding old regions to collection set (Maximum number of regions). Initial 7 regions, optional 0 regions
[2024-10-12T10:43:55.405+0800][debug][gc,ergo,cset] GC(304) Finish choosing collection set old regions. Initial: 7, optional: 0, predicted old time: 0.00ms, predicted optional time: 0.00ms, time remaining: 47.06
[2024-10-12T10:43:55.511+0800][debug][gc,ergo,cset] GC(305) Start adding old regions to collection set. Min 6 regions, max 7 regions, time remaining 48.84ms, optional threshold 9.77ms
[2024-10-12T10:43:55.511+0800][debug][gc,ergo,cset] GC(305) Old candidate collection set empty.
[2024-10-12T10:43:55.511+0800][debug][gc,ergo,cset] GC(305) Finish choosing collection set old regions. Initial: 6, optional: 0, predicted old time: 0.00ms, predicted optional time: 0.00ms, time remaining: 47.30
[2024-10-12T10:43:55.833+0800][debug][gc,ergo,cset] GC(309) Pruned 0 regions out of 44, leaving 0 bytes waste (allowed 0)
[2024-10-12T10:43:55.976+0800][debug][gc,ergo,cset] Preventive GC, insufficient free regions. Predicted need 4. Curr Eden 2 (Pred 3). Curr Survivor 1 (Pred 1). Curr Old 52 (Pred 0) Free 4 Alloc 1
[2024-10-12T10:43:56.040+0800][debug][gc,ergo,cset] Preventive GC, insufficient free regions. Predicted need 5. Curr Eden 1 (Pred 2). Curr Survivor 1 (Pred 1). Curr Old 54 (Pred 2) Free 3 Alloc 1
[2024-10-12T10:43:56.040+0800][debug][gc,ergo,cset] GC(311) Start adding old regions to collection set. Min 6 regions, max 7 regions, time remaining 49.24ms, optional threshold 9.85ms
[2024-10-12T10:43:56.040+0800][debug][gc,ergo,cset] GC(311) Finish adding old regions to collection set (Maximum number of regions). Initial 7 regions, optional 0 regions
[2024-10-12T10:43:56.040+0800][debug][gc,ergo,cset] GC(311) Finish choosing collection set old regions. Initial: 7, optional: 0, predicted old time: 0.00ms, predicted optional time: 0.00ms, time remaining: 48.60
[2024-10-12T10:43:56.082+0800][debug][gc,ergo,cset] Preventive GC, insufficient free regions. Predicted need 6. Curr Eden 1 (Pred 2). Curr Survivor 1 (Pred 1). Curr Old 56 (Pred 3) Free 1 Alloc 1
[2024-10-12T10:43:56.083+0800][debug][gc,ergo,cset] GC(312) Start adding old regions to collection set. Min 6 regions, max 7 regions, time remaining 49.19ms, optional threshold 9.84ms
[2024-10-12T10:43:56.083+0800][debug][gc,ergo,cset] GC(312) Finish adding old regions to collection set (Maximum number of regions). Initial 7 regions, optional 0 regions
[2024-10-12T10:43:56.083+0800][debug][gc,ergo,cset] GC(312) Finish choosing collection set old regions. Initial: 7, optional: 0, predicted old time: 0.00ms, predicted optional time: 0.00ms, time remaining: 48.25
[2024-10-12T10:43:56.146+0800][debug][gc,ergo,cset] GC(313) Start adding old regions to collection set. Min 6 regions, max 7 regions, time remaining 49.06ms, optional threshold 9.81ms
[2024-10-12T10:43:56.146+0800][debug][gc,ergo,cset] GC(313) Finish adding old regions to collection set (Maximum number of regions). Initial 7 regions, optional 0 regions
[2024-10-12T10:43:56.146+0800][debug][gc,ergo,cset] GC(313) Finish choosing collection set old regions. Initial: 7, optional: 0, predicted old time: 0.00ms, predicted optional time: 0.00ms, time remaining: 47.92
[2024-10-12T10:43:56.794+0800][debug][gc,ergo,cset] GC(320) Pruned 0 regions out of 41, leaving 0 bytes waste (allowed 0)
[2024-10-12T10:43:57.041+0800][debug][gc,ergo,cset] Preventive GC, insufficient free regions. Predicted need 6. Curr Eden 2 (Pred 3). Curr Survivor 1 (Pred 1). Curr Old 51 (Pred 2) Free 5 Alloc 1
[2024-10-12T10:43:57.042+0800][debug][gc,ergo,cset] GC(322) Start adding old regions to collection set. Min 6 regions, max 7 regions, time remaining 49.09ms, optional threshold 9.82ms
[2024-10-12T10:43:57.042+0800][debug][gc,ergo,cset] GC(322) Finish adding old regions to collection set (Maximum number of regions). Initial 7 regions, optional 0 regions
[2024-10-12T10:43:57.042+0800][debug][gc,ergo,cset] GC(322) Finish choosing collection set old regions. Initial: 7, optional: 0, predicted old time: 0.00ms, predicted optional time: 0.00ms, time remaining: 48.47
[2024-10-12T10:43:57.146+0800][debug][gc,ergo,cset] GC(323) Start adding old regions to collection set. Min 6 regions, max 7 regions, time remaining 48.98ms, optional threshold 9.80ms
[2024-10-12T10:43:57.146+0800][debug][gc,ergo,cset] GC(323) Finish adding old regions to collection set (Maximum number of regions). Initial 7 regions, optional 0 regions
[2024-10-12T10:43:57.146+0800][debug][gc,ergo,cset] GC(323) Finish choosing collection set old regions. Initial: 7, optional: 0, predicted old time: 0.00ms, predicted optional time: 0.00ms, time remaining: 47.90
[2024-10-12T10:43:57.251+0800][debug][gc,ergo,cset] GC(324) Start adding old regions to collection set. Min 6 regions, max 7 regions, time remaining 48.96ms, optional threshold 9.79ms
[2024-10-12T10:43:57.251+0800][debug][gc,ergo,cset] GC(324) Finish adding old regions to collection set (Maximum number of regions). Initial 7 regions, optional 0 regions
[2024-10-12T10:43:57.251+0800][debug][gc,ergo,cset] GC(324) Finish choosing collection set old regions. Initial: 7, optional: 0, predicted old time: 0.00ms, predicted optional time: 0.00ms, time remaining: 47.70
[2024-10-12T10:43:57.356+0800][debug][gc,ergo,cset] Preventive GC, insufficient free regions. Predicted need 9. Curr Eden 2 (Pred 3). Curr Survivor 1 (Pred 1). Curr Old 46 (Pred 5) Free 9 Alloc 1
[2024-10-12T10:43:57.356+0800][debug][gc,ergo,cset] GC(325) Start adding old regions to collection set. Min 6 regions, max 7 regions, time remaining 48.96ms, optional threshold 9.79ms
[2024-10-12T10:43:57.356+0800][debug][gc,ergo,cset] GC(325) Finish adding old regions to collection set (Maximum number of regions). Initial 7 regions, optional 0 regions
[2024-10-12T10:43:57.356+0800][debug][gc,ergo,cset] GC(325) Finish choosing collection set old regions. Initial: 7, optional: 0, predicted old time: 0.00ms, predicted optional time: 0.00ms, time remaining: 47.58
[2024-10-12T10:43:57.461+0800][debug][gc,ergo,cset] GC(326) Start adding old regions to collection set. Min 6 regions, max 7 regions, time remaining 48.93ms, optional threshold 9.79ms
[2024-10-12T10:43:57.461+0800][debug][gc,ergo,cset] GC(326) Finish adding old regions to collection set (Maximum number of regions). Initial 7 regions, optional 0 regions
[2024-10-12T10:43:57.461+0800][debug][gc,ergo,cset] GC(326) Finish choosing collection set old regions. Initial: 7, optional: 0, predicted old time: 0.00ms, predicted optional time: 0.00ms, time remaining: 47.38
[2024-10-12T10:43:57.567+0800][debug][gc,ergo,cset] GC(327) Start adding old regions to collection set. Min 6 regions, max 7 regions, time remaining 48.91ms, optional threshold 9.78ms
[2024-10-12T10:43:57.567+0800][debug][gc,ergo,cset] GC(327) Old candidate collection set empty.
[2024-10-12T10:43:57.567+0800][debug][gc,ergo,cset] GC(327) Finish choosing collection set old regions. Initial: 6, optional: 0, predicted old time: 0.00ms, predicted optional time: 0.00ms, time remaining: 47.43
[2024-10-12T10:43:57.891+0800][debug][gc,ergo,cset] GC(331) Pruned 0 regions out of 38, leaving 0 bytes waste (allowed 0)
[2024-10-12T10:43:58.097+0800][debug][gc,ergo,cset] Preventive GC, insufficient free regions. Predicted need 5. Curr Eden 1 (Pred 2). Curr Survivor 1 (Pred 1). Curr Old 53 (Pred 2) Free 4 Alloc 1
[2024-10-12T10:43:58.097+0800][debug][gc,ergo,cset] GC(333) Start adding old regions to collection set. Min 5 regions, max 7 regions, time remaining 49.23ms, optional threshold 9.85ms
[2024-10-12T10:43:58.097+0800][debug][gc,ergo,cset] GC(333) Finish adding old regions to collection set (Maximum number of regions). Initial 7 regions, optional 0 regions
[2024-10-12T10:43:58.097+0800][debug][gc,ergo,cset] GC(333) Finish choosing collection set old regions. Initial: 7, optional: 0, predicted old time: 0.00ms, predicted optional time: 0.00ms, time remaining: 48.69
[2024-10-12T10:43:58.201+0800][debug][gc,ergo,cset] Preventive GC, insufficient free regions. Predicted need 7. Curr Eden 2 (Pred 3). Curr Survivor 1 (Pred 1). Curr Old 49 (Pred 3) Free 7 Alloc 1
[2024-10-12T10:43:58.201+0800][debug][gc,ergo,cset] GC(334) Start adding old regions to collection set. Min 5 regions, max 7 regions, time remaining 48.96ms, optional threshold 9.79ms
[2024-10-12T10:43:58.201+0800][debug][gc,ergo,cset] GC(334) Finish adding old regions to collection set (Maximum number of regions). Initial 7 regions, optional 0 regions
[2024-10-12T10:43:58.201+0800][debug][gc,ergo,cset] GC(334) Finish choosing collection set old regions. Initial: 7, optional: 0, predicted old time: 0.00ms, predicted optional time: 0.00ms, time remaining: 48.11
[2024-10-12T10:43:58.306+0800][debug][gc,ergo,cset] GC(335) Start adding old regions to collection set. Min 5 regions, max 7 regions, time remaining 48.94ms, optional threshold 9.79ms
[2024-10-12T10:43:58.306+0800][debug][gc,ergo,cset] GC(335) Finish adding old regions to collection set (Maximum number of regions). Initial 7 regions, optional 0 regions
[2024-10-12T10:43:58.306+0800][debug][gc,ergo,cset] GC(335) Finish choosing collection set old regions. Initial: 7, optional: 0, predicted old time: 0.00ms, predicted optional time: 0.00ms, time remaining: 47.85
[2024-10-12T10:43:58.411+0800][debug][gc,ergo,cset] GC(336) Start adding old regions to collection set. Min 5 regions, max 7 regions, time remaining 48.92ms, optional threshold 9.78ms
[2024-10-12T10:43:58.411+0800][debug][gc,ergo,cset] GC(336) Finish adding old regions to collection set (Maximum number of regions). Initial 7 regions, optional 0 regions
[2024-10-12T10:43:58.411+0800][debug][gc,ergo,cset] GC(336) Finish choosing collection set old regions. Initial: 7, optional: 0, predicted old time: 0.00ms, predicted optional time: 0.00ms, time remaining: 47.60
[2024-10-12T10:43:58.516+0800][debug][gc,ergo,cset] GC(337) Start adding old regions to collection set. Min 5 regions, max 7 regions, time remaining 48.88ms, optional threshold 9.78ms
[2024-10-12T10:43:58.516+0800][debug][gc,ergo,cset] GC(337) Finish adding old regions to collection set (Maximum number of regions). Initial 7 regions, optional 0 regions
[2024-10-12T10:43:58.516+0800][debug][gc,ergo,cset] GC(337) Finish choosing collection set old regions. Initial: 7, optional: 0, predicted old time: 0.00ms, predicted optional time: 0.00ms, time remaining: 47.22
[2024-10-12T10:43:58.622+0800][debug][gc,ergo,cset] GC(338) Start adding old regions to collection set. Min 5 regions, max 7 regions, time remaining 48.79ms, optional threshold 9.76ms
[2024-10-12T10:43:58.622+0800][debug][gc,ergo,cset] GC(338) Old candidate collection set empty.
[2024-10-12T10:43:58.622+0800][debug][gc,ergo,cset] GC(338) Finish choosing collection set old regions. Initial: 3, optional: 0, predicted old time: 0.00ms, predicted optional time: 0.00ms, time remaining: 47.84
[2024-10-12T10:43:58.945+0800][debug][gc,ergo,cset] GC(342) Pruned 0 regions out of 45, leaving 0 bytes waste (allowed 0)
[2024-10-12T10:43:59.088+0800][debug][gc,ergo,cset] Preventive GC, insufficient free regions. Predicted need 4. Curr Eden 2 (Pred 3). Curr Survivor 1 (Pred 1). Curr Old 52 (Pred 0) Free 4 Alloc 1
[2024-10-12T10:43:59.152+0800][debug][gc,ergo,cset] Preventive GC, insufficient free regions. Predicted need 5. Curr Eden 1 (Pred 2). Curr Survivor 1 (Pred 1). Curr Old 54 (Pred 2) Free 3 Alloc 1
[2024-10-12T10:43:59.152+0800][debug][gc,ergo,cset] GC(344) Start adding old regions to collection set. Min 6 regions, max 7 regions, time remaining 49.22ms, optional threshold 9.84ms
[2024-10-12T10:43:59.152+0800][debug][gc,ergo,cset] GC(344) Finish adding old regions to collection set (Maximum number of regions). Initial 7 regions, optional 0 regions
[2024-10-12T10:43:59.152+0800][debug][gc,ergo,cset] GC(344) Finish choosing collection set old regions. Initial: 7, optional: 0, predicted old time: 0.00ms, predicted optional time: 0.00ms, time remaining: 48.61
[2024-10-12T10:43:59.194+0800][debug][gc,ergo,cset] Preventive GC, insufficient free regions. Predicted need 6. Curr Eden 1 (Pred 2). Curr Survivor 1 (Pred 1). Curr Old 54 (Pred 3) Free 3 Alloc 1
[2024-10-12T10:43:59.195+0800][debug][gc,ergo,cset] GC(345) Start adding old regions to collection set. Min 6 regions, max 7 regions, time remaining 49.19ms, optional threshold 9.84ms
[2024-10-12T10:43:59.195+0800][debug][gc,ergo,cset] GC(345) Finish adding old regions to collection set (Maximum number of regions). Initial 7 regions, optional 0 regions
[2024-10-12T10:43:59.195+0800][debug][gc,ergo,cset] GC(345) Finish choosing collection set old regions. Initial: 7, optional: 0, predicted old time: 0.00ms, predicted optional time: 0.00ms, time remaining: 48.28
[2024-10-12T10:43:59.258+0800][debug][gc,ergo,cset] Preventive GC, insufficient free regions. Predicted need 7. Curr Eden 1 (Pred 2). Curr Survivor 1 (Pred 1). Curr Old 56 (Pred 4) Free 1 Alloc 1
[2024-10-12T10:43:59.258+0800][debug][gc,ergo,cset] GC(346) Start adding old regions to collection set. Min 6 regions, max 7 regions, time remaining 49.18ms, optional threshold 9.84ms
[2024-10-12T10:43:59.258+0800][debug][gc,ergo,cset] GC(346) Finish adding old regions to collection set (Maximum number of regions). Initial 7 regions, optional 0 regions
[2024-10-12T10:43:59.258+0800][debug][gc,ergo,cset] GC(346) Finish choosing collection set old regions. Initial: 7, optional: 0, predicted old time: 0.00ms, predicted optional time: 0.00ms, time remaining: 48.10
[2024-10-12T10:43:59.301+0800][debug][gc,ergo,cset] GC(347) Start adding old regions to collection set. Min 6 regions, max 7 regions, time remaining 49.09ms, optional threshold 9.82ms
[2024-10-12T10:43:59.301+0800][debug][gc,ergo,cset] GC(347) Finish adding old regions to collection set (Maximum number of regions). Initial 7 regions, optional 0 regions
[2024-10-12T10:43:59.301+0800][debug][gc,ergo,cset] GC(347) Finish choosing collection set old regions. Initial: 7, optional: 0, predicted old time: 0.00ms, predicted optional time: 0.00ms, time remaining: 47.84
[2024-10-12T10:43:59.971+0800][debug][gc,ergo,cset] GC(354) Pruned 0 regions out of 38, leaving 0 bytes waste (allowed 0)
[2024-10-12T10:44:00.218+0800][debug][gc,ergo,cset] Preventive GC, insufficient free regions. Predicted need 6. Curr Eden 2 (Pred 3). Curr Survivor 1 (Pred 1). Curr Old 51 (Pred 2) Free 5 Alloc 1
[2024-10-12T10:44:00.218+0800][debug][gc,ergo,cset] GC(356) Start adding old regions to collection set. Min 5 regions, max 7 regions, time remaining 49.06ms, optional threshold 9.81ms
[2024-10-12T10:44:00.218+0800][debug][gc,ergo,cset] GC(356) Finish adding old regions to collection set (Maximum number of regions). Initial 7 regions, optional 0 regions
[2024-10-12T10:44:00.218+0800][debug][gc,ergo,cset] GC(356) Finish choosing collection set old regions. Initial: 7, optional: 0, predicted old time: 0.00ms, predicted optional time: 0.00ms, time remaining: 48.45
[2024-10-12T10:44:00.322+0800][debug][gc,ergo,cset] GC(357) Start adding old regions to collection set. Min 5 regions, max 7 regions, time remaining 48.99ms, optional threshold 9.80ms
[2024-10-12T10:44:00.322+0800][debug][gc,ergo,cset] GC(357) Finish adding old regions to collection set (Maximum number of regions). Initial 7 regions, optional 0 regions
[2024-10-12T10:44:00.322+0800][debug][gc,ergo,cset] GC(357) Finish choosing collection set old regions. Initial: 7, optional: 0, predicted old time: 0.00ms, predicted optional time: 0.00ms, time remaining: 47.92
[2024-10-12T10:44:00.427+0800][debug][gc,ergo,cset] GC(358) Start adding old regions to collection set. Min 5 regions, max 7 regions, time remaining 48.92ms, optional threshold 9.78ms
[2024-10-12T10:44:00.427+0800][debug][gc,ergo,cset] GC(358) Finish adding old regions to collection set (Maximum number of regions). Initial 7 regions, optional 0 regions
[2024-10-12T10:44:00.427+0800][debug][gc,ergo,cset] GC(358) Finish choosing collection set old regions. Initial: 7, optional: 0, predicted old time: 0.00ms, predicted optional time: 0.00ms, time remaining: 47.67
[2024-10-12T10:44:00.532+0800][debug][gc,ergo,cset] GC(359) Start adding old regions to collection set. Min 5 regions, max 7 regions, time remaining 48.92ms, optional threshold 9.78ms
[2024-10-12T10:44:00.532+0800][debug][gc,ergo,cset] GC(359) Finish adding old regions to collection set (Maximum number of regions). Initial 7 regions, optional 0 regions
[2024-10-12T10:44:00.532+0800][debug][gc,ergo,cset] GC(359) Finish choosing collection set old regions. Initial: 7, optional: 0, predicted old time: 0.00ms, predicted optional time: 0.00ms, time remaining: 47.54
[2024-10-12T10:44:00.638+0800][debug][gc,ergo,cset] GC(360) Start adding old regions to collection set. Min 5 regions, max 7 regions, time remaining 48.91ms, optional threshold 9.78ms
[2024-10-12T10:44:00.638+0800][debug][gc,ergo,cset] GC(360) Finish adding old regions to collection set (Maximum number of regions). Initial 7 regions, optional 0 regions
[2024-10-12T10:44:00.638+0800][debug][gc,ergo,cset] GC(360) Finish choosing collection set old regions. Initial: 7, optional: 0, predicted old time: 0.00ms, predicted optional time: 0.00ms, time remaining: 47.36
[2024-10-12T10:44:00.743+0800][debug][gc,ergo,cset] GC(361) Start adding old regions to collection set. Min 5 regions, max 7 regions, time remaining 48.89ms, optional threshold 9.78ms
[2024-10-12T10:44:00.743+0800][debug][gc,ergo,cset] GC(361) Old candidate collection set empty.
[2024-10-12T10:44:00.743+0800][debug][gc,ergo,cset] GC(361) Finish choosing collection set old regions. Initial: 3, optional: 0, predicted old time: 0.00ms, predicted optional time: 0.00ms, time remaining: 48.04
[2024-10-12T10:44:01.066+0800][debug][gc,ergo,cset] GC(365) Pruned 0 regions out of 42, leaving 0 bytes waste (allowed 0)
[2024-10-12T10:44:01.209+0800][debug][gc,ergo,cset] Preventive GC, insufficient free regions. Predicted need 4. Curr Eden 2 (Pred 3). Curr Survivor 1 (Pred 1). Curr Old 52 (Pred 0) Free 4 Alloc 1
[2024-10-12T10:44:01.272+0800][debug][gc,ergo,cset] Preventive GC, insufficient free regions. Predicted need 5. Curr Eden 1 (Pred 2). Curr Survivor 1 (Pred 1). Curr Old 54 (Pred 2) Free 3 Alloc 1
[2024-10-12T10:44:01.272+0800][debug][gc,ergo,cset] GC(367) Start adding old regions to collection set. Min 6 regions, max 7 regions, time remaining 49.24ms, optional threshold 9.85ms
[2024-10-12T10:44:01.272+0800][debug][gc,ergo,cset] GC(367) Finish adding old regions to collection set (Maximum number of regions). Initial 7 regions, optional 0 regions
[2024-10-12T10:44:01.272+0800][debug][gc,ergo,cset] GC(367) Finish choosing collection set old regions. Initial: 7, optional: 0, predicted old time: 0.00ms, predicted optional time: 0.00ms, time remaining: 48.67
[2024-10-12T10:44:01.376+0800][debug][gc,ergo,cset] Preventive GC, insufficient free regions. Predicted need 8. Curr Eden 2 (Pred 3). Curr Survivor 1 (Pred 1). Curr Old 49 (Pred 4) Free 7 Alloc 1
[2024-10-12T10:44:01.376+0800][debug][gc,ergo,cset] GC(368) Start adding old regions to collection set. Min 6 regions, max 7 regions, time remaining 48.98ms, optional threshold 9.80ms
[2024-10-12T10:44:01.377+0800][debug][gc,ergo,cset] GC(368) Finish adding old regions to collection set (Maximum number of regions). Initial 7 regions, optional 0 regions
[2024-10-12T10:44:01.377+0800][debug][gc,ergo,cset] GC(368) Finish choosing collection set old regions. Initial: 7, optional: 0, predicted old time: 0.00ms, predicted optional time: 0.00ms, time remaining: 47.93
[2024-10-12T10:44:01.481+0800][debug][gc,ergo,cset] Preventive GC, insufficient free regions. Predicted need 8. Curr Eden 2 (Pred 3). Curr Survivor 1 (Pred 1). Curr Old 48 (Pred 4) Free 8 Alloc 1
[2024-10-12T10:44:01.481+0800][debug][gc,ergo,cset] GC(369) Start adding old regions to collection set. Min 6 regions, max 7 regions, time remaining 48.92ms, optional threshold 9.78ms
[2024-10-12T10:44:01.482+0800][debug][gc,ergo,cset] GC(369) Finish adding old regions to collection set (Maximum number of regions). Initial 7 regions, optional 0 regions
[2024-10-12T10:44:01.482+0800][debug][gc,ergo,cset] GC(369) Finish choosing collection set old regions. Initial: 7, optional: 0, predicted old time: 0.00ms, predicted optional time: 0.00ms, time remaining: 47.62
[2024-10-12T10:44:01.587+0800][debug][gc,ergo,cset] Preventive GC, insufficient free regions. Predicted need 9. Curr Eden 2 (Pred 3). Curr Survivor 1 (Pred 1). Curr Old 47 (Pred 5) Free 9 Alloc 1
[2024-10-12T10:44:01.587+0800][debug][gc,ergo,cset] GC(370) Start adding old regions to collection set. Min 6 regions, max 7 regions, time remaining 48.85ms, optional threshold 9.77ms
[2024-10-12T10:44:01.587+0800][debug][gc,ergo,cset] GC(370) Finish adding old regions to collection set (Maximum number of regions). Initial 7 regions, optional 0 regions
[2024-10-12T10:44:01.587+0800][debug][gc,ergo,cset] GC(370) Finish choosing collection set old regions. Initial: 7, optional: 0, predicted old time: 0.00ms, predicted optional time: 0.00ms, time remaining: 47.45
[2024-10-12T10:44:01.692+0800][debug][gc,ergo,cset] Preventive GC, insufficient free regions. Predicted need 9. Curr Eden 2 (Pred 3). Curr Survivor 1 (Pred 1). Curr Old 47 (Pred 5) Free 9 Alloc 1
[2024-10-12T10:44:01.692+0800][debug][gc,ergo,cset] GC(371) Start adding old regions to collection set. Min 6 regions, max 7 regions, time remaining 48.86ms, optional threshold 9.77ms
[2024-10-12T10:44:01.692+0800][debug][gc,ergo,cset] GC(371) Finish adding old regions to collection set (Maximum number of regions). Initial 7 regions, optional 0 regions
[2024-10-12T10:44:01.692+0800][debug][gc,ergo,cset] GC(371) Finish choosing collection set old regions. Initial: 7, optional: 0, predicted old time: 0.00ms, predicted optional time: 0.00ms, time remaining: 47.28
[2024-10-12T10:44:01.798+0800][debug][gc,ergo,cset] Preventive GC, insufficient free regions. Predicted need 9. Curr Eden 2 (Pred 3). Curr Survivor 1 (Pred 1). Curr Old 47 (Pred 5) Free 8 Alloc 1
[2024-10-12T10:44:01.798+0800][debug][gc,ergo,cset] GC(372) Start adding old regions to collection set. Min 6 regions, max 7 regions, time remaining 48.88ms, optional threshold 9.78ms
[2024-10-12T10:44:01.798+0800][debug][gc,ergo,cset] GC(372) Old candidate collection set empty.
[2024-10-12T10:44:01.798+0800][debug][gc,ergo,cset] GC(372) Finish choosing collection set old regions. Initial: 7, optional: 0, predicted old time: 0.00ms, predicted optional time: 0.00ms, time remaining: 46.99
[2024-10-12T10:44:02.123+0800][debug][gc,ergo,cset] GC(376) Pruned 0 regions out of 47, leaving 0 bytes waste (allowed 0)
[2024-10-12T10:44:02.266+0800][debug][gc,ergo,cset] Preventive GC, insufficient free regions. Predicted need 4. Curr Eden 2 (Pred 3). Curr Survivor 1 (Pred 1). Curr Old 52 (Pred 0) Free 4 Alloc 1
[2024-10-12T10:44:02.328+0800][debug][gc,ergo,cset] Preventive GC, insufficient free regions. Predicted need 6. Curr Eden 1 (Pred 2). Curr Survivor 1 (Pred 1). Curr Old 54 (Pred 3) Free 3 Alloc 1
[2024-10-12T10:44:02.329+0800][debug][gc,ergo,cset] GC(378) Start adding old regions to collection set. Min 6 regions, max 7 regions, time remaining 49.22ms, optional threshold 9.84ms
[2024-10-12T10:44:02.329+0800][debug][gc,ergo,cset] GC(378) Finish adding old regions to collection set (Maximum number of regions). Initial 7 regions, optional 0 regions
[2024-10-12T10:44:02.329+0800][debug][gc,ergo,cset] GC(378) Finish choosing collection set old regions. Initial: 7, optional: 0, predicted old time: 0.00ms, predicted optional time: 0.00ms, time remaining: 48.46
[2024-10-12T10:44:02.371+0800][debug][gc,ergo,cset] Preventive GC, insufficient free regions. Predicted need 6. Curr Eden 1 (Pred 2). Curr Survivor 1 (Pred 1). Curr Old 54 (Pred 3) Free 3 Alloc 1
[2024-10-12T10:44:02.371+0800][debug][gc,ergo,cset] GC(379) Start adding old regions to collection set. Min 6 regions, max 7 regions, time remaining 49.21ms, optional threshold 9.84ms
[2024-10-12T10:44:02.371+0800][debug][gc,ergo,cset] GC(379) Finish adding old regions to collection set (Maximum number of regions). Initial 7 regions, optional 0 regions
[2024-10-12T10:44:02.371+0800][debug][gc,ergo,cset] GC(379) Finish choosing collection set old regions. Initial: 7, optional: 0, predicted old time: 0.00ms, predicted optional time: 0.00ms, time remaining: 48.33
[2024-10-12T10:44:02.435+0800][debug][gc,ergo,cset] GC(380) Start adding old regions to collection set. Min 6 regions, max 7 regions, time remaining 49.17ms, optional threshold 9.83ms
[2024-10-12T10:44:02.435+0800][debug][gc,ergo,cset] GC(380) Finish adding old regions to collection set (Maximum number of regions). Initial 7 regions, optional 0 regions
[2024-10-12T10:44:02.435+0800][debug][gc,ergo,cset] GC(380) Finish choosing collection set old regions. Initial: 7, optional: 0, predicted old time: 0.00ms, predicted optional time: 0.00ms, time remaining: 48.15
[2024-10-12T10:44:03.246+0800][debug][gc,ergo,cset] GC(388) Pruned 0 regions out of 40, leaving 0 bytes waste (allowed 0)
[2024-10-12T10:44:03.452+0800][debug][gc,ergo,cset] Preventive GC, insufficient free regions. Predicted need 5. Curr Eden 1 (Pred 2). Curr Survivor 1 (Pred 1). Curr Old 52 (Pred 2) Free 5 Alloc 1
[2024-10-12T10:44:03.453+0800][debug][gc,ergo,cset] GC(390) Start adding old regions to collection set. Min 5 regions, max 7 regions, time remaining 49.28ms, optional threshold 9.86ms
[2024-10-12T10:44:03.453+0800][debug][gc,ergo,cset] GC(390) Finish adding old regions to collection set (Maximum number of regions). Initial 7 regions, optional 0 regions
[2024-10-12T10:44:03.453+0800][debug][gc,ergo,cset] GC(390) Finish choosing collection set old regions. Initial: 7, optional: 0, predicted old time: 0.00ms, predicted optional time: 0.00ms, time remaining: 48.68
[2024-10-12T10:44:03.557+0800][debug][gc,ergo,cset] Preventive GC, insufficient free regions. Predicted need 7. Curr Eden 2 (Pred 3). Curr Survivor 1 (Pred 1). Curr Old 49 (Pred 3) Free 7 Alloc 1
[2024-10-12T10:44:03.557+0800][debug][gc,ergo,cset] GC(391) Start adding old regions to collection set. Min 5 regions, max 7 regions, time remaining 49.03ms, optional threshold 9.81ms
[2024-10-12T10:44:03.557+0800][debug][gc,ergo,cset] GC(391) Finish adding old regions to collection set (Maximum number of regions). Initial 7 regions, optional 0 regions
[2024-10-12T10:44:03.557+0800][debug][gc,ergo,cset] GC(391) Finish choosing collection set old regions. Initial: 7, optional: 0, predicted old time: 0.00ms, predicted optional time: 0.00ms, time remaining: 48.10
[2024-10-12T10:44:03.662+0800][debug][gc,ergo,cset] GC(392) Start adding old regions to collection set. Min 5 regions, max 7 regions, time remaining 48.98ms, optional threshold 9.80ms
[2024-10-12T10:44:03.662+0800][debug][gc,ergo,cset] GC(392) Finish adding old regions to collection set (Maximum number of regions). Initial 7 regions, optional 0 regions
[2024-10-12T10:44:03.662+0800][debug][gc,ergo,cset] GC(392) Finish choosing collection set old regions. Initial: 7, optional: 0, predicted old time: 0.00ms, predicted optional time: 0.00ms, time remaining: 47.83
[2024-10-12T10:44:03.767+0800][debug][gc,ergo,cset] GC(393) Start adding old regions to collection set. Min 5 regions, max 7 regions, time remaining 48.92ms, optional threshold 9.78ms
[2024-10-12T10:44:03.767+0800][debug][gc,ergo,cset] GC(393) Finish adding old regions to collection set (Maximum number of regions). Initial 7 regions, optional 0 regions
[2024-10-12T10:44:03.767+0800][debug][gc,ergo,cset] GC(393) Finish choosing collection set old regions. Initial: 7, optional: 0, predicted old time: 0.00ms, predicted optional time: 0.00ms, time remaining: 47.66
[2024-10-12T10:44:03.872+0800][debug][gc,ergo,cset] GC(394) Start adding old regions to collection set. Min 5 regions, max 7 regions, time remaining 48.91ms, optional threshold 9.78ms
[2024-10-12T10:44:03.872+0800][debug][gc,ergo,cset] GC(394) Finish adding old regions to collection set (Maximum number of regions). Initial 7 regions, optional 0 regions
[2024-10-12T10:44:03.872+0800][debug][gc,ergo,cset] GC(394) Finish choosing collection set old regions. Initial: 7, optional: 0, predicted old time: 0.00ms, predicted optional time: 0.00ms, time remaining: 47.46
[2024-10-12T10:44:03.978+0800][debug][gc,ergo,cset] GC(395) Start adding old regions to collection set. Min 5 regions, max 7 regions, time remaining 48.87ms, optional threshold 9.77ms
[2024-10-12T10:44:03.978+0800][debug][gc,ergo,cset] GC(395) Old candidate collection set empty.
[2024-10-12T10:44:03.978+0800][debug][gc,ergo,cset] GC(395) Finish choosing collection set old regions. Initial: 5, optional: 0, predicted old time: 0.00ms, predicted optional time: 0.00ms, time remaining: 47.54
[2024-10-12T10:44:04.301+0800][debug][gc,ergo,cset] GC(399) Pruned 0 regions out of 41, leaving 0 bytes waste (allowed 0)
[2024-10-12T10:44:04.507+0800][debug][gc,ergo,cset] Preventive GC, insufficient free regions. Predicted need 5. Curr Eden 1 (Pred 2). Curr Survivor 1 (Pred 1). Curr Old 52 (Pred 2) Free 5 Alloc 1
[2024-10-12T10:44:04.508+0800][debug][gc,ergo,cset] GC(401) Start adding old regions to collection set. Min 6 regions, max 7 regions, time remaining 49.22ms, optional threshold 9.84ms
[2024-10-12T10:44:04.508+0800][debug][gc,ergo,cset] GC(401) Finish adding old regions to collection set (Maximum number of regions). Initial 7 regions, optional 0 regions
[2024-10-12T10:44:04.508+0800][debug][gc,ergo,cset] GC(401) Finish choosing collection set old regions. Initial: 7, optional: 0, predicted old time: 0.00ms, predicted optional time: 0.00ms, time remaining: 48.57
[2024-10-12T10:44:04.612+0800][debug][gc,ergo,cset] Preventive GC, insufficient free regions. Predicted need 8. Curr Eden 2 (Pred 3). Curr Survivor 1 (Pred 1). Curr Old 48 (Pred 4) Free 8 Alloc 1
[2024-10-12T10:44:04.612+0800][debug][gc,ergo,cset] GC(402) Start adding old regions to collection set. Min 6 regions, max 7 regions, time remaining 48.94ms, optional threshold 9.79ms
[2024-10-12T10:44:04.612+0800][debug][gc,ergo,cset] GC(402) Finish adding old regions to collection set (Maximum number of regions). Initial 7 regions, optional 0 regions
[2024-10-12T10:44:04.612+0800][debug][gc,ergo,cset] GC(402) Finish choosing collection set old regions. Initial: 7, optional: 0, predicted old time: 0.00ms, predicted optional time: 0.00ms, time remaining: 47.96
[2024-10-12T10:44:04.716+0800][debug][gc,ergo,cset] GC(403) Start adding old regions to collection set. Min 6 regions, max 7 regions, time remaining 48.93ms, optional threshold 9.79ms
[2024-10-12T10:44:04.716+0800][debug][gc,ergo,cset] GC(403) Finish adding old regions to collection set (Maximum number of regions). Initial 7 regions, optional 0 regions
[2024-10-12T10:44:04.716+0800][debug][gc,ergo,cset] GC(403) Finish choosing collection set old regions. Initial: 7, optional: 0, predicted old time: 0.00ms, predicted optional time: 0.00ms, time remaining: 47.71
[2024-10-12T10:44:04.821+0800][debug][gc,ergo,cset] GC(404) Start adding old regions to collection set. Min 6 regions, max 7 regions, time remaining 48.92ms, optional threshold 9.78ms
[2024-10-12T10:44:04.821+0800][debug][gc,ergo,cset] GC(404) Finish adding old regions to collection set (Maximum number of regions). Initial 7 regions, optional 0 regions
[2024-10-12T10:44:04.821+0800][debug][gc,ergo,cset] GC(404) Finish choosing collection set old regions. Initial: 7, optional: 0, predicted old time: 0.00ms, predicted optional time: 0.00ms, time remaining: 47.56
[2024-10-12T10:44:04.927+0800][debug][gc,ergo,cset] GC(405) Start adding old regions to collection set. Min 6 regions, max 7 regions, time remaining 48.88ms, optional threshold 9.78ms
[2024-10-12T10:44:04.927+0800][debug][gc,ergo,cset] GC(405) Finish adding old regions to collection set (Maximum number of regions). Initial 7 regions, optional 0 regions
[2024-10-12T10:44:04.927+0800][debug][gc,ergo,cset] GC(405) Finish choosing collection set old regions. Initial: 7, optional: 0, predicted old time: 0.00ms, predicted optional time: 0.00ms, time remaining: 47.40
[2024-10-12T10:44:05.032+0800][debug][gc,ergo,cset] GC(406) Start adding old regions to collection set. Min 6 regions, max 7 regions, time remaining 48.89ms, optional threshold 9.78ms
[2024-10-12T10:44:05.032+0800][debug][gc,ergo,cset] GC(406) Old candidate collection set empty.
[2024-10-12T10:44:05.032+0800][debug][gc,ergo,cset] GC(406) Finish choosing collection set old regions. Initial: 6, optional: 0, predicted old time: 0.00ms, predicted optional time: 0.00ms, time remaining: 47.26
[2024-10-12T10:44:05.355+0800][debug][gc,ergo,cset] GC(410) Pruned 0 regions out of 39, leaving 0 bytes waste (allowed 0)
[2024-10-12T10:44:05.561+0800][debug][gc,ergo,cset] Preventive GC, insufficient free regions. Predicted need 5. Curr Eden 1 (Pred 2). Curr Survivor 1 (Pred 1). Curr Old 53 (Pred 2) Free 4 Alloc 1
[2024-10-12T10:44:05.562+0800][debug][gc,ergo,cset] GC(412) Start adding old regions to collection set. Min 5 regions, max 7 regions, time remaining 49.24ms, optional threshold 9.85ms
[2024-10-12T10:44:05.562+0800][debug][gc,ergo,cset] GC(412) Finish adding old regions to collection set (Maximum number of regions). Initial 7 regions, optional 0 regions
[2024-10-12T10:44:05.562+0800][debug][gc,ergo,cset] GC(412) Finish choosing collection set old regions. Initial: 7, optional: 0, predicted old time: 0.00ms, predicted optional time: 0.00ms, time remaining: 48.66
[2024-10-12T10:44:05.665+0800][debug][gc,ergo,cset] Preventive GC, insufficient free regions. Predicted need 7. Curr Eden 2 (Pred 3). Curr Survivor 1 (Pred 1). Curr Old 49 (Pred 3) Free 7 Alloc 1
[2024-10-12T10:44:05.665+0800][debug][gc,ergo,cset] GC(413) Start adding old regions to collection set. Min 5 regions, max 7 regions, time remaining 48.94ms, optional threshold 9.79ms
[2024-10-12T10:44:05.665+0800][debug][gc,ergo,cset] GC(413) Finish adding old regions to collection set (Maximum number of regions). Initial 7 regions, optional 0 regions
[2024-10-12T10:44:05.665+0800][debug][gc,ergo,cset] GC(413) Finish choosing collection set old regions. Initial: 7, optional: 0, predicted old time: 0.00ms, predicted optional time: 0.00ms, time remaining: 47.92
[2024-10-12T10:44:05.770+0800][debug][gc,ergo,cset] GC(414) Start adding old regions to collection set. Min 5 regions, max 7 regions, time remaining 48.87ms, optional threshold 9.77ms
[2024-10-12T10:44:05.770+0800][debug][gc,ergo,cset] GC(414) Finish adding old regions to collection set (Maximum number of regions). Initial 7 regions, optional 0 regions
[2024-10-12T10:44:05.770+0800][debug][gc,ergo,cset] GC(414) Finish choosing collection set old regions. Initial: 7, optional: 0, predicted old time: 0.00ms, predicted optional time: 0.00ms, time remaining: 47.60
[2024-10-12T10:44:05.875+0800][debug][gc,ergo,cset] GC(415) Start adding old regions to collection set. Min 5 regions, max 7 regions, time remaining 48.87ms, optional threshold 9.77ms
[2024-10-12T10:44:05.875+0800][debug][gc,ergo,cset] GC(415) Finish adding old regions to collection set (Maximum number of regions). Initial 7 regions, optional 0 regions
[2024-10-12T10:44:05.875+0800][debug][gc,ergo,cset] GC(415) Finish choosing collection set old regions. Initial: 7, optional: 0, predicted old time: 0.00ms, predicted optional time: 0.00ms, time remaining: 47.54
[2024-10-12T10:44:05.980+0800][debug][gc,ergo,cset] GC(416) Start adding old regions to collection set. Min 5 regions, max 7 regions, time remaining 48.89ms, optional threshold 9.78ms
[2024-10-12T10:44:05.980+0800][debug][gc,ergo,cset] GC(416) Finish adding old regions to collection set (Maximum number of regions). Initial 7 regions, optional 0 regions
[2024-10-12T10:44:05.980+0800][debug][gc,ergo,cset] GC(416) Finish choosing collection set old regions. Initial: 7, optional: 0, predicted old time: 0.00ms, predicted optional time: 0.00ms, time remaining: 47.41
[2024-10-12T10:44:06.085+0800][debug][gc,ergo,cset] GC(417) Start adding old regions to collection set. Min 5 regions, max 7 regions, time remaining 48.88ms, optional threshold 9.78ms
[2024-10-12T10:44:06.086+0800][debug][gc,ergo,cset] GC(417) Old candidate collection set empty.
[2024-10-12T10:44:06.086+0800][debug][gc,ergo,cset] GC(417) Finish choosing collection set old regions. Initial: 4, optional: 0, predicted old time: 0.00ms, predicted optional time: 0.00ms, time remaining: 47.56
[2024-10-12T10:44:06.410+0800][debug][gc,ergo,cset] GC(421) Pruned 0 regions out of 43, leaving 0 bytes waste (allowed 0)
[2024-10-12T10:44:06.616+0800][debug][gc,ergo,cset] Preventive GC, insufficient free regions. Predicted need 5. Curr Eden 1 (Pred 2). Curr Survivor 1 (Pred 1). Curr Old 53 (Pred 2) Free 4 Alloc 1
[2024-10-12T10:44:06.616+0800][debug][gc,ergo,cset] GC(423) Start adding old regions to collection set. Min 6 regions, max 7 regions, time remaining 49.20ms, optional threshold 9.84ms
[2024-10-12T10:44:06.616+0800][debug][gc,ergo,cset] GC(423) Finish adding old regions to collection set (Maximum number of regions). Initial 7 regions, optional 0 regions
[2024-10-12T10:44:06.616+0800][debug][gc,ergo,cset] GC(423) Finish choosing collection set old regions. Initial: 7, optional: 0, predicted old time: 0.00ms, predicted optional time: 0.00ms, time remaining: 48.51
[2024-10-12T10:44:06.720+0800][debug][gc,ergo,cset] Preventive GC, insufficient free regions. Predicted need 7. Curr Eden 2 (Pred 3). Curr Survivor 1 (Pred 1). Curr Old 49 (Pred 3) Free 7 Alloc 1
[2024-10-12T10:44:06.720+0800][debug][gc,ergo,cset] GC(424) Start adding old regions to collection set. Min 6 regions, max 7 regions, time remaining 48.94ms, optional threshold 9.79ms
[2024-10-12T10:44:06.720+0800][debug][gc,ergo,cset] GC(424) Finish adding old regions to collection set (Maximum number of regions). Initial 7 regions, optional 0 regions
[2024-10-12T10:44:06.720+0800][debug][gc,ergo,cset] GC(424) Finish choosing collection set old regions. Initial: 7, optional: 0, predicted old time: 0.00ms, predicted optional time: 0.00ms, time remaining: 47.92
[2024-10-12T10:44:06.825+0800][debug][gc,ergo,cset] GC(425) Start adding old regions to collection set. Min 6 regions, max 7 regions, time remaining 48.89ms, optional threshold 9.78ms
[2024-10-12T10:44:06.826+0800][debug][gc,ergo,cset] GC(425) Finish adding old regions to collection set (Maximum number of regions). Initial 7 regions, optional 0 regions
[2024-10-12T10:44:06.826+0800][debug][gc,ergo,cset] GC(425) Finish choosing collection set old regions. Initial: 7, optional: 0, predicted old time: 0.00ms, predicted optional time: 0.00ms, time remaining: 47.62
[2024-10-12T10:44:06.930+0800][debug][gc,ergo,cset] GC(426) Start adding old regions to collection set. Min 6 regions, max 7 regions, time remaining 48.81ms, optional threshold 9.76ms
[2024-10-12T10:44:06.930+0800][debug][gc,ergo,cset] GC(426) Finish adding old regions to collection set (Maximum number of regions). Initial 7 regions, optional 0 regions
[2024-10-12T10:44:06.930+0800][debug][gc,ergo,cset] GC(426) Finish choosing collection set old regions. Initial: 7, optional: 0, predicted old time: 0.00ms, predicted optional time: 0.00ms, time remaining: 47.38
[2024-10-12T10:44:07.036+0800][debug][gc,ergo,cset] GC(427) Start adding old regions to collection set. Min 6 regions, max 7 regions, time remaining 48.84ms, optional threshold 9.77ms
[2024-10-12T10:44:07.036+0800][debug][gc,ergo,cset] GC(427) Finish adding old regions to collection set (Maximum number of regions). Initial 7 regions, optional 0 regions
[2024-10-12T10:44:07.036+0800][debug][gc,ergo,cset] GC(427) Finish choosing collection set old regions. Initial: 7, optional: 0, predicted old time: 0.00ms, predicted optional time: 0.00ms, time remaining: 47.28
[2024-10-12T10:44:07.141+0800][debug][gc,ergo,cset] GC(428) Start adding old regions to collection set. Min 6 regions, max 7 regions, time remaining 48.86ms, optional threshold 9.77ms
[2024-10-12T10:44:07.141+0800][debug][gc,ergo,cset] GC(428) Finish adding old regions to collection set (Maximum number of regions). Initial 7 regions, optional 0 regions
[2024-10-12T10:44:07.141+0800][debug][gc,ergo,cset] GC(428) Finish choosing collection set old regions. Initial: 7, optional: 0, predicted old time: 0.00ms, predicted optional time: 0.00ms, time remaining: 47.20
[2024-10-12T10:44:07.246+0800][debug][gc,ergo,cset] GC(429) Start adding old regions to collection set. Min 6 regions, max 7 regions, time remaining 48.85ms, optional threshold 9.77ms
[2024-10-12T10:44:07.246+0800][debug][gc,ergo,cset] GC(429) Old candidate collection set empty.
[2024-10-12T10:44:07.246+0800][debug][gc,ergo,cset] GC(429) Finish choosing collection set old regions. Initial: 1, optional: 0, predicted old time: 0.00ms, predicted optional time: 0.00ms, time remaining: 48.51
[2024-10-12T10:44:07.569+0800][debug][gc,ergo,cset] GC(433) Pruned 0 regions out of 43, leaving 0 bytes waste (allowed 0)
[2024-10-12T10:44:07.711+0800][debug][gc,ergo,cset] Preventive GC, insufficient free regions. Predicted need 4. Curr Eden 2 (Pred 3). Curr Survivor 1 (Pred 1). Curr Old 53 (Pred 0) Free 3 Alloc 1
[2024-10-12T10:44:07.774+0800][debug][gc,ergo,cset] Preventive GC, insufficient free regions. Predicted need 5. Curr Eden 1 (Pred 2). Curr Survivor 1 (Pred 1). Curr Old 55 (Pred 2) Free 2 Alloc 1
[2024-10-12T10:44:07.774+0800][debug][gc,ergo,cset] GC(435) Start adding old regions to collection set. Min 6 regions, max 7 regions, time remaining 49.25ms, optional threshold 9.85ms
[2024-10-12T10:44:07.774+0800][debug][gc,ergo,cset] GC(435) Finish adding old regions to collection set (Maximum number of regions). Initial 7 regions, optional 0 regions
[2024-10-12T10:44:07.774+0800][debug][gc,ergo,cset] GC(435) Finish choosing collection set old regions. Initial: 7, optional: 0, predicted old time: 0.00ms, predicted optional time: 0.00ms, time remaining: 48.57
[2024-10-12T10:44:07.816+0800][debug][gc,ergo,cset] Preventive GC, insufficient free regions. Predicted need 6. Curr Eden 1 (Pred 2). Curr Survivor 1 (Pred 1). Curr Old 55 (Pred 3) Free 2 Alloc 1
[2024-10-12T10:44:07.816+0800][debug][gc,ergo,cset] GC(436) Start adding old regions to collection set. Min 6 regions, max 7 regions, time remaining 49.22ms, optional threshold 9.84ms
[2024-10-12T10:44:07.816+0800][debug][gc,ergo,cset] GC(436) Finish adding old regions to collection set (Maximum number of regions). Initial 7 regions, optional 0 regions
[2024-10-12T10:44:07.816+0800][debug][gc,ergo,cset] GC(436) Finish choosing collection set old regions. Initial: 7, optional: 0, predicted old time: 0.00ms, predicted optional time: 0.00ms, time remaining: 48.24
[2024-10-12T10:44:07.879+0800][debug][gc,ergo,cset] GC(437) Start adding old regions to collection set. Min 6 regions, max 7 regions, time remaining 49.21ms, optional threshold 9.84ms
[2024-10-12T10:44:07.879+0800][debug][gc,ergo,cset] GC(437) Finish adding old regions to collection set (Maximum number of regions). Initial 7 regions, optional 0 regions
[2024-10-12T10:44:07.879+0800][debug][gc,ergo,cset] GC(437) Finish choosing collection set old regions. Initial: 7, optional: 0, predicted old time: 0.00ms, predicted optional time: 0.00ms, time remaining: 48.04
[2024-10-12T10:44:08.590+0800][debug][gc,ergo,cset] GC(444) Pruned 0 regions out of 31, leaving 0 bytes waste (allowed 0)
[2024-10-12T10:44:08.837+0800][debug][gc,ergo,cset] Preventive GC, insufficient free regions. Predicted need 6. Curr Eden 2 (Pred 3). Curr Survivor 1 (Pred 1). Curr Old 51 (Pred 2) Free 5 Alloc 1
[2024-10-12T10:44:08.838+0800][debug][gc,ergo,cset] GC(446) Start adding old regions to collection set. Min 4 regions, max 7 regions, time remaining 49.09ms, optional threshold 9.82ms
[2024-10-12T10:44:08.838+0800][debug][gc,ergo,cset] GC(446) Finish adding old regions to collection set (Maximum number of regions). Initial 7 regions, optional 0 regions
[2024-10-12T10:44:08.838+0800][debug][gc,ergo,cset] GC(446) Finish choosing collection set old regions. Initial: 7, optional: 0, predicted old time: 0.00ms, predicted optional time: 0.00ms, time remaining: 48.35
[2024-10-12T10:44:08.942+0800][debug][gc,ergo,cset] GC(447) Start adding old regions to collection set. Min 4 regions, max 7 regions, time remaining 48.96ms, optional threshold 9.79ms
[2024-10-12T10:44:08.942+0800][debug][gc,ergo,cset] GC(447) Finish adding old regions to collection set (Maximum number of regions). Initial 7 regions, optional 0 regions
[2024-10-12T10:44:08.942+0800][debug][gc,ergo,cset] GC(447) Finish choosing collection set old regions. Initial: 7, optional: 0, predicted old time: 0.00ms, predicted optional time: 0.00ms, time remaining: 47.85
[2024-10-12T10:44:09.047+0800][debug][gc,ergo,cset] GC(448) Start adding old regions to collection set. Min 4 regions, max 7 regions, time remaining 48.94ms, optional threshold 9.79ms
[2024-10-12T10:44:09.047+0800][debug][gc,ergo,cset] GC(448) Finish adding old regions to collection set (Maximum number of regions). Initial 7 regions, optional 0 regions
[2024-10-12T10:44:09.047+0800][debug][gc,ergo,cset] GC(448) Finish choosing collection set old regions. Initial: 7, optional: 0, predicted old time: 0.00ms, predicted optional time: 0.00ms, time remaining: 47.57
[2024-10-12T10:44:09.151+0800][debug][gc,ergo,cset] GC(449) Start adding old regions to collection set. Min 4 regions, max 7 regions, time remaining 48.90ms, optional threshold 9.78ms
[2024-10-12T10:44:09.151+0800][debug][gc,ergo,cset] GC(449) Finish adding old regions to collection set (Maximum number of regions). Initial 7 regions, optional 0 regions
[2024-10-12T10:44:09.151+0800][debug][gc,ergo,cset] GC(449) Finish choosing collection set old regions. Initial: 7, optional: 0, predicted old time: 0.00ms, predicted optional time: 0.00ms, time remaining: 47.39
[2024-10-12T10:44:09.257+0800][debug][gc,ergo,cset] GC(450) Start adding old regions to collection set. Min 4 regions, max 7 regions, time remaining 48.88ms, optional threshold 9.78ms
[2024-10-12T10:44:09.257+0800][debug][gc,ergo,cset] GC(450) Old candidate collection set empty.
[2024-10-12T10:44:09.257+0800][debug][gc,ergo,cset] GC(450) Finish choosing collection set old regions. Initial: 3, optional: 0, predicted old time: 0.00ms, predicted optional time: 0.00ms, time remaining: 47.97
[2024-10-12T10:44:09.580+0800][debug][gc,ergo,cset] GC(454) Pruned 0 regions out of 43, leaving 0 bytes waste (allowed 0)
[2024-10-12T10:44:09.786+0800][debug][gc,ergo,cset] Preventive GC, insufficient free regions. Predicted need 5. Curr Eden 1 (Pred 2). Curr Survivor 1 (Pred 1). Curr Old 53 (Pred 2) Free 4 Alloc 1
[2024-10-12T10:44:09.786+0800][debug][gc,ergo,cset] GC(456) Start adding old regions to collection set. Min 6 regions, max 7 regions, time remaining 49.22ms, optional threshold 9.84ms
[2024-10-12T10:44:09.786+0800][debug][gc,ergo,cset] GC(456) Finish adding old regions to collection set (Maximum number of regions). Initial 7 regions, optional 0 regions
[2024-10-12T10:44:09.786+0800][debug][gc,ergo,cset] GC(456) Finish choosing collection set old regions. Initial: 7, optional: 0, predicted old time: 0.00ms, predicted optional time: 0.00ms, time remaining: 48.57
[2024-10-12T10:44:09.890+0800][debug][gc,ergo,cset] Preventive GC, insufficient free regions. Predicted need 7. Curr Eden 2 (Pred 3). Curr Survivor 1 (Pred 1). Curr Old 50 (Pred 3) Free 6 Alloc 1
[2024-10-12T10:44:09.890+0800][debug][gc,ergo,cset] GC(457) Start adding old regions to collection set. Min 6 regions, max 7 regions, time remaining 48.99ms, optional threshold 9.80ms
[2024-10-12T10:44:09.890+0800][debug][gc,ergo,cset] GC(457) Finish adding old regions to collection set (Maximum number of regions). Initial 7 regions, optional 0 regions
[2024-10-12T10:44:09.890+0800][debug][gc,ergo,cset] GC(457) Finish choosing collection set old regions. Initial: 7, optional: 0, predicted old time: 0.00ms, predicted optional time: 0.00ms, time remaining: 48.00
[2024-10-12T10:44:09.994+0800][debug][gc,ergo,cset] Preventive GC, insufficient free regions. Predicted need 8. Curr Eden 2 (Pred 3). Curr Survivor 1 (Pred 1). Curr Old 49 (Pred 4) Free 7 Alloc 1
[2024-10-12T10:44:09.994+0800][debug][gc,ergo,cset] GC(458) Start adding old regions to collection set. Min 6 regions, max 7 regions, time remaining 48.97ms, optional threshold 9.79ms
[2024-10-12T10:44:09.994+0800][debug][gc,ergo,cset] GC(458) Finish adding old regions to collection set (Maximum number of regions). Initial 7 regions, optional 0 regions
[2024-10-12T10:44:09.994+0800][debug][gc,ergo,cset] GC(458) Finish choosing collection set old regions. Initial: 7, optional: 0, predicted old time: 0.00ms, predicted optional time: 0.00ms, time remaining: 47.73
[2024-10-12T10:44:10.058+0800][debug][gc,ergo,cset] Preventive GC, insufficient free regions. Predicted need 8. Curr Eden 1 (Pred 2). Curr Survivor 1 (Pred 1). Curr Old 50 (Pred 5) Free 7 Alloc 1
[2024-10-12T10:44:10.058+0800][debug][gc,ergo,cset] GC(459) Start adding old regions to collection set. Min 6 regions, max 7 regions, time remaining 49.18ms, optional threshold 9.84ms
[2024-10-12T10:44:10.059+0800][debug][gc,ergo,cset] GC(459) Finish adding old regions to collection set (Maximum number of regions). Initial 7 regions, optional 0 regions
[2024-10-12T10:44:10.059+0800][debug][gc,ergo,cset] GC(459) Finish choosing collection set old regions. Initial: 7, optional: 0, predicted old time: 0.00ms, predicted optional time: 0.00ms, time remaining: 47.86
[2024-10-12T10:44:10.102+0800][debug][gc,ergo,cset] Preventive GC, insufficient free regions. Predicted need 8. Curr Eden 1 (Pred 2). Curr Survivor 1 (Pred 1). Curr Old 50 (Pred 5) Free 7 Alloc 1
[2024-10-12T10:44:10.103+0800][debug][gc,ergo,cset] GC(460) Start adding old regions to collection set. Min 6 regions, max 7 regions, time remaining 49.17ms, optional threshold 9.83ms
[2024-10-12T10:44:10.103+0800][debug][gc,ergo,cset] GC(460) Finish adding old regions to collection set (Maximum number of regions). Initial 7 regions, optional 0 regions
[2024-10-12T10:44:10.103+0800][debug][gc,ergo,cset] GC(460) Finish choosing collection set old regions. Initial: 7, optional: 0, predicted old time: 0.00ms, predicted optional time: 0.00ms, time remaining: 47.78
[2024-10-12T10:44:10.167+0800][debug][gc,ergo,cset] Preventive GC, insufficient free regions. Predicted need 8. Curr Eden 1 (Pred 2). Curr Survivor 1 (Pred 1). Curr Old 49 (Pred 5) Free 8 Alloc 1
[2024-10-12T10:44:10.167+0800][debug][gc,ergo,cset] GC(461) Start adding old regions to collection set. Min 6 regions, max 7 regions, time remaining 49.11ms, optional threshold 9.82ms
[2024-10-12T10:44:10.167+0800][debug][gc,ergo,cset] GC(461) Finish adding old regions to collection set (Maximum number of regions). Initial 7 regions, optional 0 regions
[2024-10-12T10:44:10.167+0800][debug][gc,ergo,cset] GC(461) Finish choosing collection set old regions. Initial: 7, optional: 0, predicted old time: 0.00ms, predicted optional time: 0.00ms, time remaining: 47.21
[2024-10-12T10:44:10.273+0800][debug][gc,ergo,cset] GC(462) Start adding old regions to collection set. Min 6 regions, max 7 regions, time remaining 48.79ms, optional threshold 9.76ms
[2024-10-12T10:44:10.273+0800][debug][gc,ergo,cset] GC(462) Old candidate collection set empty.
[2024-10-12T10:44:10.273+0800][debug][gc,ergo,cset] GC(462) Finish choosing collection set old regions. Initial: 1, optional: 0, predicted old time: 0.00ms, predicted optional time: 0.00ms, time remaining: 48.45
[2024-10-12T10:44:10.390+0800][debug][gc,ergo,cset] GC(464) Pruned 0 regions out of 41, leaving 0 bytes waste (allowed 0)
[2024-10-12T10:44:10.532+0800][debug][gc,ergo,cset] Preventive GC, insufficient free regions. Predicted need 4. Curr Eden 2 (Pred 3). Curr Survivor 1 (Pred 1). Curr Old 52 (Pred 0) Free 4 Alloc 1
[2024-10-12T10:44:10.554+0800][debug][gc,ergo,cset] Preventive GC, insufficient free regions. Predicted need 4. Curr Eden 1 (Pred 2). Curr Survivor 1 (Pred 1). Curr Old 54 (Pred 1) Free 3 Alloc 1
[2024-10-12T10:44:10.554+0800][debug][gc,ergo,cset] GC(466) Start adding old regions to collection set. Min 6 regions, max 7 regions, time remaining 49.15ms, optional threshold 9.83ms
[2024-10-12T10:44:10.554+0800][debug][gc,ergo,cset] GC(466) Finish adding old regions to collection set (Maximum number of regions). Initial 7 regions, optional 0 regions
[2024-10-12T10:44:10.554+0800][debug][gc,ergo,cset] GC(466) Finish choosing collection set old regions. Initial: 7, optional: 0, predicted old time: 0.00ms, predicted optional time: 0.00ms, time remaining: 48.67
[2024-10-12T10:44:10.678+0800][debug][gc,ergo,cset] Preventive GC, insufficient free regions. Predicted need 7. Curr Eden 2 (Pred 3). Curr Survivor 1 (Pred 1). Curr Old 49 (Pred 3) Free 6 Alloc 1
[2024-10-12T10:44:10.679+0800][debug][gc,ergo,cset] GC(467) Start adding old regions to collection set. Min 6 regions, max 7 regions, time remaining 48.94ms, optional threshold 9.79ms
[2024-10-12T10:44:10.679+0800][debug][gc,ergo,cset] GC(467) Finish adding old regions to collection set (Maximum number of regions). Initial 7 regions, optional 0 regions
[2024-10-12T10:44:10.679+0800][debug][gc,ergo,cset] GC(467) Finish choosing collection set old regions. Initial: 7, optional: 0, predicted old time: 0.00ms, predicted optional time: 0.00ms, time remaining: 47.93
[2024-10-12T10:44:10.783+0800][debug][gc,ergo,cset] GC(468) Start adding old regions to collection set. Min 6 regions, max 7 regions, time remaining 48.93ms, optional threshold 9.79ms
[2024-10-12T10:44:10.783+0800][debug][gc,ergo,cset] GC(468) Finish adding old regions to collection set (Maximum number of regions). Initial 7 regions, optional 0 regions
[2024-10-12T10:44:10.783+0800][debug][gc,ergo,cset] GC(468) Finish choosing collection set old regions. Initial: 7, optional: 0, predicted old time: 0.00ms, predicted optional time: 0.00ms, time remaining: 47.71
[2024-10-12T10:44:10.888+0800][debug][gc,ergo,cset] GC(469) Start adding old regions to collection set. Min 6 regions, max 7 regions, time remaining 48.93ms, optional threshold 9.79ms
[2024-10-12T10:44:10.888+0800][debug][gc,ergo,cset] GC(469) Finish adding old regions to collection set (Maximum number of regions). Initial 7 regions, optional 0 regions
[2024-10-12T10:44:10.888+0800][debug][gc,ergo,cset] GC(469) Finish choosing collection set old regions. Initial: 7, optional: 0, predicted old time: 0.00ms, predicted optional time: 0.00ms, time remaining: 47.56
[2024-10-12T10:44:10.993+0800][debug][gc,ergo,cset] GC(470) Start adding old regions to collection set. Min 6 regions, max 7 regions, time remaining 48.91ms, optional threshold 9.78ms
[2024-10-12T10:44:10.993+0800][debug][gc,ergo,cset] GC(470) Finish adding old regions to collection set (Maximum number of regions). Initial 7 regions, optional 0 regions
[2024-10-12T10:44:10.993+0800][debug][gc,ergo,cset] GC(470) Finish choosing collection set old regions. Initial: 7, optional: 0, predicted old time: 0.00ms, predicted optional time: 0.00ms, time remaining: 47.24
[2024-10-12T10:44:11.098+0800][debug][gc,ergo,cset] GC(471) Start adding old regions to collection set. Min 6 regions, max 7 regions, time remaining 48.84ms, optional threshold 9.77ms
[2024-10-12T10:44:11.098+0800][debug][gc,ergo,cset] GC(471) Old candidate collection set empty.
[2024-10-12T10:44:11.098+0800][debug][gc,ergo,cset] GC(471) Finish choosing collection set old regions. Initial: 6, optional: 0, predicted old time: 0.00ms, predicted optional time: 0.00ms, time remaining: 47.02
[2024-10-12T10:44:11.422+0800][debug][gc,ergo,cset] GC(475) Pruned 0 regions out of 37, leaving 0 bytes waste (allowed 0)
[2024-10-12T10:44:11.669+0800][debug][gc,ergo,cset] Preventive GC, insufficient free regions. Predicted need 6. Curr Eden 2 (Pred 3). Curr Survivor 1 (Pred 1). Curr Old 51 (Pred 2) Free 5 Alloc 1
[2024-10-12T10:44:11.669+0800][debug][gc,ergo,cset] GC(477) Start adding old regions to collection set. Min 5 regions, max 7 regions, time remaining 49.00ms, optional threshold 9.80ms
[2024-10-12T10:44:11.669+0800][debug][gc,ergo,cset] GC(477) Finish adding old regions to collection set (Maximum number of regions). Initial 7 regions, optional 0 regions
[2024-10-12T10:44:11.669+0800][debug][gc,ergo,cset] GC(477) Finish choosing collection set old regions. Initial: 7, optional: 0, predicted old time: 0.00ms, predicted optional time: 0.00ms, time remaining: 48.40
[2024-10-12T10:44:11.773+0800][debug][gc,ergo,cset] GC(478) Start adding old regions to collection set. Min 5 regions, max 7 regions, time remaining 48.98ms, optional threshold 9.80ms
[2024-10-12T10:44:11.773+0800][debug][gc,ergo,cset] GC(478) Finish adding old regions to collection set (Maximum number of regions). Initial 7 regions, optional 0 regions
[2024-10-12T10:44:11.773+0800][debug][gc,ergo,cset] GC(478) Finish choosing collection set old regions. Initial: 7, optional: 0, predicted old time: 0.00ms, predicted optional time: 0.00ms, time remaining: 48.06
[2024-10-12T10:44:11.878+0800][debug][gc,ergo,cset] GC(479) Start adding old regions to collection set. Min 5 regions, max 7 regions, time remaining 48.97ms, optional threshold 9.79ms
[2024-10-12T10:44:11.878+0800][debug][gc,ergo,cset] GC(479) Finish adding old regions to collection set (Maximum number of regions). Initial 7 regions, optional 0 regions
[2024-10-12T10:44:11.878+0800][debug][gc,ergo,cset] GC(479) Finish choosing collection set old regions. Initial: 7, optional: 0, predicted old time: 0.00ms, predicted optional time: 0.00ms, time remaining: 47.83
[2024-10-12T10:44:11.983+0800][debug][gc,ergo,cset] GC(480) Start adding old regions to collection set. Min 5 regions, max 7 regions, time remaining 48.80ms, optional threshold 9.76ms
[2024-10-12T10:44:11.983+0800][debug][gc,ergo,cset] GC(480) Finish adding old regions to collection set (Maximum number of regions). Initial 7 regions, optional 0 regions
[2024-10-12T10:44:11.983+0800][debug][gc,ergo,cset] GC(480) Finish choosing collection set old regions. Initial: 7, optional: 0, predicted old time: 0.00ms, predicted optional time: 0.00ms, time remaining: 47.30
[2024-10-12T10:44:12.088+0800][debug][gc,ergo,cset] GC(481) Start adding old regions to collection set. Min 5 regions, max 7 regions, time remaining 48.81ms, optional threshold 9.76ms
[2024-10-12T10:44:12.088+0800][debug][gc,ergo,cset] GC(481) Finish adding old regions to collection set (Maximum number of regions). Initial 7 regions, optional 0 regions
[2024-10-12T10:44:12.088+0800][debug][gc,ergo,cset] GC(481) Finish choosing collection set old regions. Initial: 7, optional: 0, predicted old time: 0.00ms, predicted optional time: 0.00ms, time remaining: 47.03
[2024-10-12T10:44:12.194+0800][debug][gc,ergo,cset] GC(482) Start adding old regions to collection set. Min 5 regions, max 7 regions, time remaining 48.77ms, optional threshold 9.75ms
[2024-10-12T10:44:12.194+0800][debug][gc,ergo,cset] GC(482) Old candidate collection set empty.
[2024-10-12T10:44:12.194+0800][debug][gc,ergo,cset] GC(482) Finish choosing collection set old regions. Initial: 2, optional: 0, predicted old time: 0.00ms, predicted optional time: 0.00ms, time remaining: 47.96
[2024-10-12T10:44:12.517+0800][debug][gc,ergo,cset] GC(486) Pruned 0 regions out of 39, leaving 0 bytes waste (allowed 0)
[2024-10-12T10:44:12.660+0800][debug][gc,ergo,cset] Preventive GC, insufficient free regions. Predicted need 4. Curr Eden 2 (Pred 3). Curr Survivor 1 (Pred 1). Curr Old 52 (Pred 0) Free 4 Alloc 1
[2024-10-12T10:44:12.723+0800][debug][gc,ergo,cset] Preventive GC, insufficient free regions. Predicted need 5. Curr Eden 1 (Pred 2). Curr Survivor 1 (Pred 1). Curr Old 53 (Pred 2) Free 4 Alloc 1
[2024-10-12T10:44:12.723+0800][debug][gc,ergo,cset] GC(488) Start adding old regions to collection set. Min 5 regions, max 7 regions, time remaining 49.19ms, optional threshold 9.84ms
[2024-10-12T10:44:12.723+0800][debug][gc,ergo,cset] GC(488) Finish adding old regions to collection set (Maximum number of regions). Initial 7 regions, optional 0 regions
[2024-10-12T10:44:12.723+0800][debug][gc,ergo,cset] GC(488) Finish choosing collection set old regions. Initial: 7, optional: 0, predicted old time: 0.00ms, predicted optional time: 0.00ms, time remaining: 48.47
[2024-10-12T10:44:12.828+0800][debug][gc,ergo,cset] Preventive GC, insufficient free regions. Predicted need 7. Curr Eden 2 (Pred 3). Curr Survivor 1 (Pred 1). Curr Old 49 (Pred 3) Free 6 Alloc 1
[2024-10-12T10:44:12.828+0800][debug][gc,ergo,cset] GC(489) Start adding old regions to collection set. Min 5 regions, max 7 regions, time remaining 48.95ms, optional threshold 9.79ms
[2024-10-12T10:44:12.828+0800][debug][gc,ergo,cset] GC(489) Finish adding old regions to collection set (Maximum number of regions). Initial 7 regions, optional 0 regions
[2024-10-12T10:44:12.828+0800][debug][gc,ergo,cset] GC(489) Finish choosing collection set old regions. Initial: 7, optional: 0, predicted old time: 0.00ms, predicted optional time: 0.00ms, time remaining: 47.99
[2024-10-12T10:44:12.932+0800][debug][gc,ergo,cset] Preventive GC, insufficient free regions. Predicted need 7. Curr Eden 2 (Pred 3). Curr Survivor 1 (Pred 1). Curr Old 49 (Pred 3) Free 7 Alloc 1
[2024-10-12T10:44:12.932+0800][debug][gc,ergo,cset] GC(490) Start adding old regions to collection set. Min 5 regions, max 7 regions, time remaining 48.93ms, optional threshold 9.79ms
[2024-10-12T10:44:12.932+0800][debug][gc,ergo,cset] GC(490) Finish adding old regions to collection set (Maximum number of regions). Initial 7 regions, optional 0 regions
[2024-10-12T10:44:12.932+0800][debug][gc,ergo,cset] GC(490) Finish choosing collection set old regions. Initial: 7, optional: 0, predicted old time: 0.00ms, predicted optional time: 0.00ms, time remaining: 47.73
[2024-10-12T10:44:13.038+0800][debug][gc,ergo,cset] GC(491) Start adding old regions to collection set. Min 5 regions, max 7 regions, time remaining 48.90ms, optional threshold 9.78ms
[2024-10-12T10:44:13.038+0800][debug][gc,ergo,cset] GC(491) Finish adding old regions to collection set (Maximum number of regions). Initial 7 regions, optional 0 regions
[2024-10-12T10:44:13.038+0800][debug][gc,ergo,cset] GC(491) Finish choosing collection set old regions. Initial: 7, optional: 0, predicted old time: 0.00ms, predicted optional time: 0.00ms, time remaining: 47.48
[2024-10-12T10:44:13.143+0800][debug][gc,ergo,cset] GC(492) Start adding old regions to collection set. Min 5 regions, max 7 regions, time remaining 48.87ms, optional threshold 9.77ms
[2024-10-12T10:44:13.143+0800][debug][gc,ergo,cset] GC(492) Finish adding old regions to collection set (Maximum number of regions). Initial 7 regions, optional 0 regions
[2024-10-12T10:44:13.143+0800][debug][gc,ergo,cset] GC(492) Finish choosing collection set old regions. Initial: 7, optional: 0, predicted old time: 0.00ms, predicted optional time: 0.00ms, time remaining: 47.28
[2024-10-12T10:44:13.248+0800][debug][gc,ergo,cset] GC(493) Start adding old regions to collection set. Min 5 regions, max 7 regions, time remaining 48.88ms, optional threshold 9.78ms
[2024-10-12T10:44:13.248+0800][debug][gc,ergo,cset] GC(493) Old candidate collection set empty.
[2024-10-12T10:44:13.248+0800][debug][gc,ergo,cset] GC(493) Finish choosing collection set old regions. Initial: 4, optional: 0, predicted old time: 0.00ms, predicted optional time: 0.00ms, time remaining: 47.82
[2024-10-12T10:44:13.571+0800][debug][gc,ergo,cset] GC(497) Pruned 0 regions out of 37, leaving 0 bytes waste (allowed 0)
[2024-10-12T10:44:13.818+0800][debug][gc,ergo,cset] Preventive GC, insufficient free regions. Predicted need 6. Curr Eden 2 (Pred 3). Curr Survivor 1 (Pred 1). Curr Old 51 (Pred 2) Free 5 Alloc 1
[2024-10-12T10:44:13.818+0800][debug][gc,ergo,cset] GC(499) Start adding old regions to collection set. Min 5 regions, max 7 regions, time remaining 49.04ms, optional threshold 9.81ms
[2024-10-12T10:44:13.818+0800][debug][gc,ergo,cset] GC(499) Finish adding old regions to collection set (Maximum number of regions). Initial 7 regions, optional 0 regions
[2024-10-12T10:44:13.818+0800][debug][gc,ergo,cset] GC(499) Finish choosing collection set old regions. Initial: 7, optional: 0, predicted old time: 0.00ms, predicted optional time: 0.00ms, time remaining: 48.40
[2024-10-12T10:44:13.922+0800][debug][gc,ergo,cset] Preventive GC, insufficient free regions. Predicted need 7. Curr Eden 2 (Pred 3). Curr Survivor 1 (Pred 1). Curr Old 49 (Pred 3) Free 7 Alloc 1
[2024-10-12T10:44:13.922+0800][debug][gc,ergo,cset] GC(500) Start adding old regions to collection set. Min 5 regions, max 7 regions, time remaining 49.03ms, optional threshold 9.81ms
[2024-10-12T10:44:13.922+0800][debug][gc,ergo,cset] GC(500) Finish adding old regions to collection set (Maximum number of regions). Initial 7 regions, optional 0 regions
[2024-10-12T10:44:13.922+0800][debug][gc,ergo,cset] GC(500) Finish choosing collection set old regions. Initial: 7, optional: 0, predicted old time: 0.00ms, predicted optional time: 0.00ms, time remaining: 47.88
[2024-10-12T10:44:14.027+0800][debug][gc,ergo,cset] Preventive GC, insufficient free regions. Predicted need 8. Curr Eden 2 (Pred 3). Curr Survivor 1 (Pred 1). Curr Old 48 (Pred 4) Free 8 Alloc 1
[2024-10-12T10:44:14.028+0800][debug][gc,ergo,cset] GC(501) Start adding old regions to collection set. Min 5 regions, max 7 regions, time remaining 48.90ms, optional threshold 9.78ms
[2024-10-12T10:44:14.028+0800][debug][gc,ergo,cset] GC(501) Finish adding old regions to collection set (Maximum number of regions). Initial 7 regions, optional 0 regions
[2024-10-12T10:44:14.028+0800][debug][gc,ergo,cset] GC(501) Finish choosing collection set old regions. Initial: 7, optional: 0, predicted old time: 0.00ms, predicted optional time: 0.00ms, time remaining: 47.59
[2024-10-12T10:44:14.133+0800][debug][gc,ergo,cset] GC(502) Start adding old regions to collection set. Min 5 regions, max 7 regions, time remaining 48.90ms, optional threshold 9.78ms
[2024-10-12T10:44:14.133+0800][debug][gc,ergo,cset] GC(502) Finish adding old regions to collection set (Maximum number of regions). Initial 7 regions, optional 0 regions
[2024-10-12T10:44:14.133+0800][debug][gc,ergo,cset] GC(502) Finish choosing collection set old regions. Initial: 7, optional: 0, predicted old time: 0.00ms, predicted optional time: 0.00ms, time remaining: 47.53
[2024-10-12T10:44:14.238+0800][debug][gc,ergo,cset] GC(503) Start adding old regions to collection set. Min 5 regions, max 7 regions, time remaining 48.87ms, optional threshold 9.77ms
[2024-10-12T10:44:14.238+0800][debug][gc,ergo,cset] GC(503) Finish adding old regions to collection set (Maximum number of regions). Initial 7 regions, optional 0 regions
[2024-10-12T10:44:14.238+0800][debug][gc,ergo,cset] GC(503) Finish choosing collection set old regions. Initial: 7, optional: 0, predicted old time: 0.00ms, predicted optional time: 0.00ms, time remaining: 47.34
[2024-10-12T10:44:14.344+0800][debug][gc,ergo,cset] GC(504) Start adding old regions to collection set. Min 5 regions, max 7 regions, time remaining 48.83ms, optional threshold 9.77ms
[2024-10-12T10:44:14.344+0800][debug][gc,ergo,cset] GC(504) Old candidate collection set empty.
[2024-10-12T10:44:14.344+0800][debug][gc,ergo,cset] GC(504) Finish choosing collection set old regions. Initial: 2, optional: 0, predicted old time: 0.00ms, predicted optional time: 0.00ms, time remaining: 48.21
[2024-10-12T10:44:14.666+0800][debug][gc,ergo,cset] GC(508) Pruned 0 regions out of 44, leaving 0 bytes waste (allowed 0)
[2024-10-12T10:44:14.810+0800][debug][gc,ergo,cset] Preventive GC, insufficient free regions. Predicted need 4. Curr Eden 2 (Pred 3). Curr Survivor 1 (Pred 1). Curr Old 52 (Pred 0) Free 4 Alloc 1
[2024-10-12T10:44:14.872+0800][debug][gc,ergo,cset] Preventive GC, insufficient free regions. Predicted need 5. Curr Eden 1 (Pred 2). Curr Survivor 1 (Pred 1). Curr Old 53 (Pred 2) Free 4 Alloc 1
[2024-10-12T10:44:14.873+0800][debug][gc,ergo,cset] GC(510) Start adding old regions to collection set. Min 6 regions, max 7 regions, time remaining 49.20ms, optional threshold 9.84ms
[2024-10-12T10:44:14.873+0800][debug][gc,ergo,cset] GC(510) Finish adding old regions to collection set (Maximum number of regions). Initial 7 regions, optional 0 regions
[2024-10-12T10:44:14.873+0800][debug][gc,ergo,cset] GC(510) Finish choosing collection set old regions. Initial: 7, optional: 0, predicted old time: 0.00ms, predicted optional time: 0.00ms, time remaining: 48.44
[2024-10-12T10:44:14.915+0800][debug][gc,ergo,cset] Preventive GC, insufficient free regions. Predicted need 7. Curr Eden 1 (Pred 2). Curr Survivor 1 (Pred 1). Curr Old 55 (Pred 4) Free 2 Alloc 1
[2024-10-12T10:44:14.916+0800][debug][gc,ergo,cset] GC(511) Start adding old regions to collection set. Min 6 regions, max 7 regions, time remaining 49.18ms, optional threshold 9.84ms
[2024-10-12T10:44:14.916+0800][debug][gc,ergo,cset] GC(511) Finish adding old regions to collection set (Maximum number of regions). Initial 7 regions, optional 0 regions
[2024-10-12T10:44:14.916+0800][debug][gc,ergo,cset] GC(511) Finish choosing collection set old regions. Initial: 7, optional: 0, predicted old time: 0.00ms, predicted optional time: 0.00ms, time remaining: 48.13
[2024-10-12T10:44:14.938+0800][debug][gc,ergo,cset] GC(512) Start adding old regions to collection set. Min 6 regions, max 7 regions, time remaining 49.17ms, optional threshold 9.83ms
[2024-10-12T10:44:14.938+0800][debug][gc,ergo,cset] GC(512) Finish adding old regions to collection set (Maximum number of regions). Initial 7 regions, optional 0 regions
[2024-10-12T10:44:14.938+0800][debug][gc,ergo,cset] GC(512) Finish choosing collection set old regions. Initial: 7, optional: 0, predicted old time: 0.00ms, predicted optional time: 0.00ms, time remaining: 48.01
[2024-10-12T10:44:15.612+0800][debug][gc,ergo,cset] GC(519) Pruned 0 regions out of 36, leaving 0 bytes waste (allowed 0)
[2024-10-12T10:44:15.857+0800][debug][gc,ergo,cset] Preventive GC, insufficient free regions. Predicted need 6. Curr Eden 2 (Pred 3). Curr Survivor 1 (Pred 1). Curr Old 50 (Pred 2) Free 6 Alloc 1
[2024-10-12T10:44:15.857+0800][debug][gc,ergo,cset] GC(521) Start adding old regions to collection set. Min 5 regions, max 7 regions, time remaining 49.07ms, optional threshold 9.81ms
[2024-10-12T10:44:15.858+0800][debug][gc,ergo,cset] GC(521) Finish adding old regions to collection set (Maximum number of regions). Initial 7 regions, optional 0 regions
[2024-10-12T10:44:15.858+0800][debug][gc,ergo,cset] GC(521) Finish choosing collection set old regions. Initial: 7, optional: 0, predicted old time: 0.00ms, predicted optional time: 0.00ms, time remaining: 48.35
[2024-10-12T10:44:15.962+0800][debug][gc,ergo,cset] GC(522) Start adding old regions to collection set. Min 5 regions, max 7 regions, time remaining 49.00ms, optional threshold 9.80ms
[2024-10-12T10:44:15.962+0800][debug][gc,ergo,cset] GC(522) Finish adding old regions to collection set (Maximum number of regions). Initial 7 regions, optional 0 regions
[2024-10-12T10:44:15.962+0800][debug][gc,ergo,cset] GC(522) Finish choosing collection set old regions. Initial: 7, optional: 0, predicted old time: 0.00ms, predicted optional time: 0.00ms, time remaining: 47.96
[2024-10-12T10:44:16.067+0800][debug][gc,ergo,cset] GC(523) Start adding old regions to collection set. Min 5 regions, max 7 regions, time remaining 48.99ms, optional threshold 9.80ms
[2024-10-12T10:44:16.067+0800][debug][gc,ergo,cset] GC(523) Finish adding old regions to collection set (Maximum number of regions). Initial 7 regions, optional 0 regions
[2024-10-12T10:44:16.067+0800][debug][gc,ergo,cset] GC(523) Finish choosing collection set old regions. Initial: 7, optional: 0, predicted old time: 0.00ms, predicted optional time: 0.00ms, time remaining: 47.83
[2024-10-12T10:44:16.171+0800][debug][gc,ergo,cset] GC(524) Start adding old regions to collection set. Min 5 regions, max 7 regions, time remaining 48.92ms, optional threshold 9.78ms
[2024-10-12T10:44:16.171+0800][debug][gc,ergo,cset] GC(524) Finish adding old regions to collection set (Maximum number of regions). Initial 7 regions, optional 0 regions
[2024-10-12T10:44:16.171+0800][debug][gc,ergo,cset] GC(524) Finish choosing collection set old regions. Initial: 7, optional: 0, predicted old time: 0.00ms, predicted optional time: 0.00ms, time remaining: 47.54
[2024-10-12T10:44:16.276+0800][debug][gc,ergo,cset] GC(525) Start adding old regions to collection set. Min 5 regions, max 7 regions, time remaining 48.92ms, optional threshold 9.78ms
[2024-10-12T10:44:16.276+0800][debug][gc,ergo,cset] GC(525) Finish adding old regions to collection set (Maximum number of regions). Initial 7 regions, optional 0 regions
[2024-10-12T10:44:16.276+0800][debug][gc,ergo,cset] GC(525) Finish choosing collection set old regions. Initial: 7, optional: 0, predicted old time: 0.00ms, predicted optional time: 0.00ms, time remaining: 47.23
[2024-10-12T10:44:16.382+0800][debug][gc,ergo,cset] GC(526) Start adding old regions to collection set. Min 5 regions, max 7 regions, time remaining 48.81ms, optional threshold 9.76ms
[2024-10-12T10:44:16.382+0800][debug][gc,ergo,cset] GC(526) Old candidate collection set empty.
[2024-10-12T10:44:16.382+0800][debug][gc,ergo,cset] GC(526) Finish choosing collection set old regions. Initial: 1, optional: 0, predicted old time: 0.00ms, predicted optional time: 0.00ms, time remaining: 48.31
[2024-10-12T10:44:16.706+0800][debug][gc,ergo,cset] GC(530) Pruned 0 regions out of 39, leaving 0 bytes waste (allowed 0)
[2024-10-12T10:44:16.952+0800][debug][gc,ergo,cset] Preventive GC, insufficient free regions. Predicted need 6. Curr Eden 2 (Pred 3). Curr Survivor 1 (Pred 1). Curr Old 51 (Pred 2) Free 5 Alloc 1
[2024-10-12T10:44:16.952+0800][debug][gc,ergo,cset] GC(532) Start adding old regions to collection set. Min 5 regions, max 7 regions, time remaining 48.99ms, optional threshold 9.80ms
[2024-10-12T10:44:16.952+0800][debug][gc,ergo,cset] GC(532) Finish adding old regions to collection set (Maximum number of regions). Initial 7 regions, optional 0 regions
[2024-10-12T10:44:16.952+0800][debug][gc,ergo,cset] GC(532) Finish choosing collection set old regions. Initial: 7, optional: 0, predicted old time: 0.00ms, predicted optional time: 0.00ms, time remaining: 48.03
[2024-10-12T10:44:17.015+0800][debug][gc,ergo,cset] Preventive GC, insufficient free regions. Predicted need 6. Curr Eden 1 (Pred 2). Curr Survivor 1 (Pred 1). Curr Old 51 (Pred 3) Free 6 Alloc 1
[2024-10-12T10:44:17.016+0800][debug][gc,ergo,cset] GC(533) Start adding old regions to collection set. Min 5 regions, max 7 regions, time remaining 49.21ms, optional threshold 9.84ms
[2024-10-12T10:44:17.016+0800][debug][gc,ergo,cset] GC(533) Finish adding old regions to collection set (Maximum number of regions). Initial 7 regions, optional 0 regions
[2024-10-12T10:44:17.016+0800][debug][gc,ergo,cset] GC(533) Finish choosing collection set old regions. Initial: 7, optional: 0, predicted old time: 0.00ms, predicted optional time: 0.00ms, time remaining: 48.01
[2024-10-12T10:44:17.120+0800][debug][gc,ergo,cset] Preventive GC, insufficient free regions. Predicted need 7. Curr Eden 2 (Pred 3). Curr Survivor 1 (Pred 1). Curr Old 49 (Pred 3) Free 7 Alloc 1
[2024-10-12T10:44:17.120+0800][debug][gc,ergo,cset] GC(534) Start adding old regions to collection set. Min 5 regions, max 7 regions, time remaining 48.89ms, optional threshold 9.78ms
[2024-10-12T10:44:17.120+0800][debug][gc,ergo,cset] GC(534) Finish adding old regions to collection set (Maximum number of regions). Initial 7 regions, optional 0 regions
[2024-10-12T10:44:17.120+0800][debug][gc,ergo,cset] GC(534) Finish choosing collection set old regions. Initial: 7, optional: 0, predicted old time: 0.00ms, predicted optional time: 0.00ms, time remaining: 47.46
[2024-10-12T10:44:17.226+0800][debug][gc,ergo,cset] Preventive GC, insufficient free regions. Predicted need 8. Curr Eden 2 (Pred 3). Curr Survivor 1 (Pred 1). Curr Old 48 (Pred 4) Free 7 Alloc 1
[2024-10-12T10:44:17.226+0800][debug][gc,ergo,cset] GC(535) Start adding old regions to collection set. Min 5 regions, max 7 regions, time remaining 48.88ms, optional threshold 9.78ms
[2024-10-12T10:44:17.226+0800][debug][gc,ergo,cset] GC(535) Finish adding old regions to collection set (Maximum number of regions). Initial 7 regions, optional 0 regions
[2024-10-12T10:44:17.226+0800][debug][gc,ergo,cset] GC(535) Finish choosing collection set old regions. Initial: 7, optional: 0, predicted old time: 0.00ms, predicted optional time: 0.00ms, time remaining: 47.37
[2024-10-12T10:44:17.331+0800][debug][gc,ergo,cset] GC(536) Start adding old regions to collection set. Min 5 regions, max 7 regions, time remaining 48.86ms, optional threshold 9.77ms
[2024-10-12T10:44:17.331+0800][debug][gc,ergo,cset] GC(536) Finish adding old regions to collection set (Maximum number of regions). Initial 7 regions, optional 0 regions
[2024-10-12T10:44:17.331+0800][debug][gc,ergo,cset] GC(536) Finish choosing collection set old regions. Initial: 7, optional: 0, predicted old time: 0.00ms, predicted optional time: 0.00ms, time remaining: 47.26
[2024-10-12T10:44:17.437+0800][debug][gc,ergo,cset] GC(537) Start adding old regions to collection set. Min 5 regions, max 7 regions, time remaining 48.85ms, optional threshold 9.77ms
[2024-10-12T10:44:17.437+0800][debug][gc,ergo,cset] GC(537) Old candidate collection set empty.
[2024-10-12T10:44:17.437+0800][debug][gc,ergo,cset] GC(537) Finish choosing collection set old regions. Initial: 4, optional: 0, predicted old time: 0.00ms, predicted optional time: 0.00ms, time remaining: 47.64
[2024-10-12T10:44:17.760+0800][debug][gc,ergo,cset] GC(541) Pruned 0 regions out of 41, leaving 0 bytes waste (allowed 0)
[2024-10-12T10:44:17.904+0800][debug][gc,ergo,cset] Preventive GC, insufficient free regions. Predicted need 4. Curr Eden 2 (Pred 3). Curr Survivor 1 (Pred 1). Curr Old 53 (Pred 0) Free 3 Alloc 1
[2024-10-12T10:44:17.966+0800][debug][gc,ergo,cset] Preventive GC, insufficient free regions. Predicted need 4. Curr Eden 1 (Pred 2). Curr Survivor 1 (Pred 1). Curr Old 55 (Pred 1) Free 2 Alloc 1
[2024-10-12T10:44:17.967+0800][debug][gc,ergo,cset] GC(543) Start adding old regions to collection set. Min 6 regions, max 7 regions, time remaining 49.22ms, optional threshold 9.84ms
[2024-10-12T10:44:17.967+0800][debug][gc,ergo,cset] GC(543) Finish adding old regions to collection set (Maximum number of regions). Initial 7 regions, optional 0 regions
[2024-10-12T10:44:17.967+0800][debug][gc,ergo,cset] GC(543) Finish choosing collection set old regions. Initial: 7, optional: 0, predicted old time: 0.00ms, predicted optional time: 0.00ms, time remaining: 48.86
[2024-10-12T10:44:18.009+0800][debug][gc,ergo,cset] Preventive GC, insufficient free regions. Predicted need 6. Curr Eden 1 (Pred 2). Curr Survivor 1 (Pred 1). Curr Old 54 (Pred 3) Free 3 Alloc 1
[2024-10-12T10:44:18.009+0800][debug][gc,ergo,cset] GC(544) Start adding old regions to collection set. Min 6 regions, max 7 regions, time remaining 49.20ms, optional threshold 9.84ms
[2024-10-12T10:44:18.009+0800][debug][gc,ergo,cset] GC(544) Finish adding old regions to collection set (Maximum number of regions). Initial 7 regions, optional 0 regions
[2024-10-12T10:44:18.009+0800][debug][gc,ergo,cset] GC(544) Finish choosing collection set old regions. Initial: 7, optional: 0, predicted old time: 0.00ms, predicted optional time: 0.00ms, time remaining: 48.44
[2024-10-12T10:44:18.073+0800][debug][gc,ergo,cset] GC(545) Start adding old regions to collection set. Min 6 regions, max 7 regions, time remaining 49.19ms, optional threshold 9.84ms
[2024-10-12T10:44:18.073+0800][debug][gc,ergo,cset] GC(545) Finish adding old regions to collection set (Maximum number of regions). Initial 7 regions, optional 0 regions
[2024-10-12T10:44:18.073+0800][debug][gc,ergo,cset] GC(545) Finish choosing collection set old regions. Initial: 7, optional: 0, predicted old time: 0.00ms, predicted optional time: 0.00ms, time remaining: 48.07
[2024-10-12T10:44:18.812+0800][debug][gc,ergo,cset] GC(552) Pruned 0 regions out of 36, leaving 0 bytes waste (allowed 0)
[2024-10-12T10:44:19.058+0800][debug][gc,ergo,cset] Preventive GC, insufficient free regions. Predicted need 6. Curr Eden 2 (Pred 3). Curr Survivor 1 (Pred 1). Curr Old 51 (Pred 2) Free 5 Alloc 1
[2024-10-12T10:44:19.058+0800][debug][gc,ergo,cset] GC(554) Start adding old regions to collection set. Min 5 regions, max 7 regions, time remaining 47.48ms, optional threshold 9.50ms
[2024-10-12T10:44:19.058+0800][debug][gc,ergo,cset] GC(554) Finish adding old regions to collection set (Maximum number of regions). Initial 7 regions, optional 0 regions
[2024-10-12T10:44:19.058+0800][debug][gc,ergo,cset] GC(554) Finish choosing collection set old regions. Initial: 7, optional: 0, predicted old time: 0.00ms, predicted optional time: 0.00ms, time remaining: 45.48
[2024-10-12T10:44:19.124+0800][debug][gc,ergo,cset] Preventive GC, insufficient free regions. Predicted need 6. Curr Eden 1 (Pred 2). Curr Survivor 1 (Pred 1). Curr Old 52 (Pred 3) Free 5 Alloc 1
[2024-10-12T10:44:19.124+0800][debug][gc,ergo,cset] GC(555) Start adding old regions to collection set. Min 5 regions, max 7 regions, time remaining 48.20ms, optional threshold 9.64ms
[2024-10-12T10:44:19.124+0800][debug][gc,ergo,cset] GC(555) Finish adding old regions to collection set (Maximum number of regions). Initial 7 regions, optional 0 regions
[2024-10-12T10:44:19.124+0800][debug][gc,ergo,cset] GC(555) Finish choosing collection set old regions. Initial: 7, optional: 0, predicted old time: 0.00ms, predicted optional time: 0.00ms, time remaining: 45.41
[2024-10-12T10:44:19.171+0800][debug][gc,ergo,cset] Preventive GC, insufficient free regions. Predicted need 7. Curr Eden 1 (Pred 2). Curr Survivor 1 (Pred 1). Curr Old 52 (Pred 4) Free 5 Alloc 1
[2024-10-12T10:44:19.171+0800][debug][gc,ergo,cset] GC(556) Start adding old regions to collection set. Min 5 regions, max 7 regions, time remaining 48.16ms, optional threshold 9.63ms
[2024-10-12T10:44:19.171+0800][debug][gc,ergo,cset] GC(556) Finish adding old regions to collection set (Maximum number of regions). Initial 7 regions, optional 0 regions
[2024-10-12T10:44:19.171+0800][debug][gc,ergo,cset] GC(556) Finish choosing collection set old regions. Initial: 7, optional: 0, predicted old time: 0.00ms, predicted optional time: 0.00ms, time remaining: 44.46
[2024-10-12T10:44:19.239+0800][debug][gc,ergo,cset] GC(557) Start adding old regions to collection set. Min 5 regions, max 7 regions, time remaining 48.16ms, optional threshold 9.63ms
[2024-10-12T10:44:19.239+0800][debug][gc,ergo,cset] GC(557) Finish adding old regions to collection set (Maximum number of regions). Initial 7 regions, optional 0 regions
[2024-10-12T10:44:19.239+0800][debug][gc,ergo,cset] GC(557) Finish choosing collection set old regions. Initial: 7, optional: 0, predicted old time: 0.00ms, predicted optional time: 0.00ms, time remaining: 44.13
[2024-10-12T10:44:19.927+0800][debug][gc,ergo,cset] GC(564) Pruned 0 regions out of 34, leaving 0 bytes waste (allowed 0)
[2024-10-12T10:44:20.173+0800][debug][gc,ergo,cset] Preventive GC, insufficient free regions. Predicted need 6. Curr Eden 2 (Pred 3). Curr Survivor 1 (Pred 1). Curr Old 51 (Pred 2) Free 5 Alloc 1
[2024-10-12T10:44:20.174+0800][debug][gc,ergo,cset] GC(566) Start adding old regions to collection set. Min 5 regions, max 7 regions, time remaining 48.10ms, optional threshold 9.62ms
[2024-10-12T10:44:20.174+0800][debug][gc,ergo,cset] GC(566) Finish adding old regions to collection set (Maximum number of regions). Initial 7 regions, optional 0 regions
[2024-10-12T10:44:20.174+0800][debug][gc,ergo,cset] GC(566) Finish choosing collection set old regions. Initial: 7, optional: 0, predicted old time: 0.00ms, predicted optional time: 0.00ms, time remaining: 46.77
[2024-10-12T10:44:20.278+0800][debug][gc,ergo,cset] GC(567) Start adding old regions to collection set. Min 5 regions, max 7 regions, time remaining 48.22ms, optional threshold 9.64ms
[2024-10-12T10:44:20.278+0800][debug][gc,ergo,cset] GC(567) Finish adding old regions to collection set (Maximum number of regions). Initial 7 regions, optional 0 regions
[2024-10-12T10:44:20.278+0800][debug][gc,ergo,cset] GC(567) Finish choosing collection set old regions. Initial: 7, optional: 0, predicted old time: 0.00ms, predicted optional time: 0.00ms, time remaining: 46.45
[2024-10-12T10:44:20.384+0800][debug][gc,ergo,cset] GC(568) Start adding old regions to collection set. Min 5 regions, max 7 regions, time remaining 48.31ms, optional threshold 9.66ms
[2024-10-12T10:44:20.384+0800][debug][gc,ergo,cset] GC(568) Finish adding old regions to collection set (Maximum number of regions). Initial 7 regions, optional 0 regions
[2024-10-12T10:44:20.384+0800][debug][gc,ergo,cset] GC(568) Finish choosing collection set old regions. Initial: 7, optional: 0, predicted old time: 0.00ms, predicted optional time: 0.00ms, time remaining: 46.41
[2024-10-12T10:44:20.489+0800][debug][gc,ergo,cset] GC(569) Start adding old regions to collection set. Min 5 regions, max 7 regions, time remaining 48.37ms, optional threshold 9.67ms
[2024-10-12T10:44:20.489+0800][debug][gc,ergo,cset] GC(569) Finish adding old regions to collection set (Maximum number of regions). Initial 7 regions, optional 0 regions
[2024-10-12T10:44:20.489+0800][debug][gc,ergo,cset] GC(569) Finish choosing collection set old regions. Initial: 7, optional: 0, predicted old time: 0.00ms, predicted optional time: 0.00ms, time remaining: 46.31
[2024-10-12T10:44:20.595+0800][debug][gc,ergo,cset] GC(570) Start adding old regions to collection set. Min 5 regions, max 7 regions, time remaining 48.47ms, optional threshold 9.69ms
[2024-10-12T10:44:20.595+0800][debug][gc,ergo,cset] GC(570) Old candidate collection set empty.
[2024-10-12T10:44:20.595+0800][debug][gc,ergo,cset] GC(570) Finish choosing collection set old regions. Initial: 6, optional: 0, predicted old time: 0.00ms, predicted optional time: 0.00ms, time remaining: 46.31
[2024-10-12T10:44:20.920+0800][debug][gc,ergo,cset] GC(574) Pruned 0 regions out of 36, leaving 0 bytes waste (allowed 0)
[2024-10-12T10:44:21.125+0800][debug][gc,ergo,cset] Preventive GC, insufficient free regions. Predicted need 5. Curr Eden 1 (Pred 2). Curr Survivor 1 (Pred 1). Curr Old 53 (Pred 2) Free 4 Alloc 1
[2024-10-12T10:44:21.125+0800][debug][gc,ergo,cset] GC(576) Start adding old regions to collection set. Min 5 regions, max 7 regions, time remaining 49.13ms, optional threshold 9.83ms
[2024-10-12T10:44:21.125+0800][debug][gc,ergo,cset] GC(576) Finish adding old regions to collection set (Maximum number of regions). Initial 7 regions, optional 0 regions
[2024-10-12T10:44:21.125+0800][debug][gc,ergo,cset] GC(576) Finish choosing collection set old regions. Initial: 7, optional: 0, predicted old time: 0.00ms, predicted optional time: 0.00ms, time remaining: 48.42
[2024-10-12T10:44:21.229+0800][debug][gc,ergo,cset] Preventive GC, insufficient free regions. Predicted need 7. Curr Eden 2 (Pred 3). Curr Survivor 1 (Pred 1). Curr Old 49 (Pred 3) Free 7 Alloc 1
[2024-10-12T10:44:21.230+0800][debug][gc,ergo,cset] GC(577) Start adding old regions to collection set. Min 5 regions, max 7 regions, time remaining 48.87ms, optional threshold 9.77ms
[2024-10-12T10:44:21.230+0800][debug][gc,ergo,cset] GC(577) Finish adding old regions to collection set (Maximum number of regions). Initial 7 regions, optional 0 regions
[2024-10-12T10:44:21.230+0800][debug][gc,ergo,cset] GC(577) Finish choosing collection set old regions. Initial: 7, optional: 0, predicted old time: 0.00ms, predicted optional time: 0.00ms, time remaining: 47.89
[2024-10-12T10:44:21.334+0800][debug][gc,ergo,cset] GC(578) Start adding old regions to collection set. Min 5 regions, max 7 regions, time remaining 48.86ms, optional threshold 9.77ms
[2024-10-12T10:44:21.334+0800][debug][gc,ergo,cset] GC(578) Finish adding old regions to collection set (Maximum number of regions). Initial 7 regions, optional 0 regions
[2024-10-12T10:44:21.334+0800][debug][gc,ergo,cset] GC(578) Finish choosing collection set old regions. Initial: 7, optional: 0, predicted old time: 0.00ms, predicted optional time: 0.00ms, time remaining: 47.65
[2024-10-12T10:44:21.439+0800][debug][gc,ergo,cset] GC(579) Start adding old regions to collection set. Min 5 regions, max 7 regions, time remaining 48.77ms, optional threshold 9.75ms
[2024-10-12T10:44:21.439+0800][debug][gc,ergo,cset] GC(579) Finish adding old regions to collection set (Maximum number of regions). Initial 7 regions, optional 0 regions
[2024-10-12T10:44:21.439+0800][debug][gc,ergo,cset] GC(579) Finish choosing collection set old regions. Initial: 7, optional: 0, predicted old time: 0.00ms, predicted optional time: 0.00ms, time remaining: 47.30
[2024-10-12T10:44:21.545+0800][debug][gc,ergo,cset] GC(580) Start adding old regions to collection set. Min 5 regions, max 7 regions, time remaining 48.78ms, optional threshold 9.76ms
[2024-10-12T10:44:21.545+0800][debug][gc,ergo,cset] GC(580) Finish adding old regions to collection set (Maximum number of regions). Initial 7 regions, optional 0 regions
[2024-10-12T10:44:21.545+0800][debug][gc,ergo,cset] GC(580) Finish choosing collection set old regions. Initial: 7, optional: 0, predicted old time: 0.00ms, predicted optional time: 0.00ms, time remaining: 46.99
[2024-10-12T10:44:21.651+0800][debug][gc,ergo,cset] GC(581) Start adding old regions to collection set. Min 5 regions, max 7 regions, time remaining 48.74ms, optional threshold 9.75ms
[2024-10-12T10:44:21.651+0800][debug][gc,ergo,cset] GC(581) Old candidate collection set empty.
[2024-10-12T10:44:21.651+0800][debug][gc,ergo,cset] GC(581) Finish choosing collection set old regions. Initial: 1, optional: 0, predicted old time: 0.00ms, predicted optional time: 0.00ms, time remaining: 48.25
[2024-10-12T10:44:21.975+0800][debug][gc,ergo,cset] GC(585) Pruned 0 regions out of 42, leaving 0 bytes waste (allowed 0)
[2024-10-12T10:44:22.181+0800][debug][gc,ergo,cset] Preventive GC, insufficient free regions. Predicted need 5. Curr Eden 1 (Pred 2). Curr Survivor 1 (Pred 1). Curr Old 53 (Pred 2) Free 4 Alloc 1
[2024-10-12T10:44:22.181+0800][debug][gc,ergo,cset] GC(587) Start adding old regions to collection set. Min 6 regions, max 7 regions, time remaining 49.09ms, optional threshold 9.82ms
[2024-10-12T10:44:22.181+0800][debug][gc,ergo,cset] GC(587) Finish adding old regions to collection set (Maximum number of regions). Initial 7 regions, optional 0 regions
[2024-10-12T10:44:22.181+0800][debug][gc,ergo,cset] GC(587) Finish choosing collection set old regions. Initial: 7, optional: 0, predicted old time: 0.00ms, predicted optional time: 0.00ms, time remaining: 48.30
[2024-10-12T10:44:22.285+0800][debug][gc,ergo,cset] Preventive GC, insufficient free regions. Predicted need 7. Curr Eden 2 (Pred 3). Curr Survivor 1 (Pred 1). Curr Old 49 (Pred 3) Free 7 Alloc 1
[2024-10-12T10:44:22.285+0800][debug][gc,ergo,cset] GC(588) Start adding old regions to collection set. Min 6 regions, max 7 regions, time remaining 48.79ms, optional threshold 9.76ms
[2024-10-12T10:44:22.285+0800][debug][gc,ergo,cset] GC(588) Finish adding old regions to collection set (Maximum number of regions). Initial 7 regions, optional 0 regions
[2024-10-12T10:44:22.285+0800][debug][gc,ergo,cset] GC(588) Finish choosing collection set old regions. Initial: 7, optional: 0, predicted old time: 0.00ms, predicted optional time: 0.00ms, time remaining: 47.43
[2024-10-12T10:44:22.390+0800][debug][gc,ergo,cset] GC(589) Start adding old regions to collection set. Min 6 regions, max 7 regions, time remaining 48.76ms, optional threshold 9.75ms
[2024-10-12T10:44:22.390+0800][debug][gc,ergo,cset] GC(589) Finish adding old regions to collection set (Maximum number of regions). Initial 7 regions, optional 0 regions
[2024-10-12T10:44:22.390+0800][debug][gc,ergo,cset] GC(589) Finish choosing collection set old regions. Initial: 7, optional: 0, predicted old time: 0.00ms, predicted optional time: 0.00ms, time remaining: 47.12
[2024-10-12T10:44:22.495+0800][debug][gc,ergo,cset] GC(590) Start adding old regions to collection set. Min 6 regions, max 7 regions, time remaining 48.74ms, optional threshold 9.75ms
[2024-10-12T10:44:22.495+0800][debug][gc,ergo,cset] GC(590) Finish adding old regions to collection set (Maximum number of regions). Initial 7 regions, optional 0 regions
[2024-10-12T10:44:22.495+0800][debug][gc,ergo,cset] GC(590) Finish choosing collection set old regions. Initial: 7, optional: 0, predicted old time: 0.00ms, predicted optional time: 0.00ms, time remaining: 47.09
[2024-10-12T10:44:22.601+0800][debug][gc,ergo,cset] GC(591) Start adding old regions to collection set. Min 6 regions, max 7 regions, time remaining 48.78ms, optional threshold 9.76ms
[2024-10-12T10:44:22.601+0800][debug][gc,ergo,cset] GC(591) Finish adding old regions to collection set (Maximum number of regions). Initial 7 regions, optional 0 regions
[2024-10-12T10:44:22.601+0800][debug][gc,ergo,cset] GC(591) Finish choosing collection set old regions. Initial: 7, optional: 0, predicted old time: 0.00ms, predicted optional time: 0.00ms, time remaining: 47.01
[2024-10-12T10:44:22.706+0800][debug][gc,ergo,cset] GC(592) Start adding old regions to collection set. Min 6 regions, max 7 regions, time remaining 48.77ms, optional threshold 9.75ms
[2024-10-12T10:44:22.706+0800][debug][gc,ergo,cset] GC(592) Old candidate collection set empty.
[2024-10-12T10:44:22.706+0800][debug][gc,ergo,cset] GC(592) Finish choosing collection set old regions. Initial: 7, optional: 0, predicted old time: 0.00ms, predicted optional time: 0.00ms, time remaining: 46.65
[2024-10-12T10:44:23.033+0800][debug][gc,ergo,cset] GC(596) Pruned 0 regions out of 41, leaving 0 bytes waste (allowed 0)
[2024-10-12T10:44:23.237+0800][debug][gc,ergo,cset] Preventive GC, insufficient free regions. Predicted need 6. Curr Eden 1 (Pred 2). Curr Survivor 1 (Pred 1). Curr Old 53 (Pred 3) Free 4 Alloc 1
[2024-10-12T10:44:23.237+0800][debug][gc,ergo,cset] GC(598) Start adding old regions to collection set. Min 6 regions, max 7 regions, time remaining 49.19ms, optional threshold 9.84ms
[2024-10-12T10:44:23.237+0800][debug][gc,ergo,cset] GC(598) Finish adding old regions to collection set (Maximum number of regions). Initial 7 regions, optional 0 regions
[2024-10-12T10:44:23.237+0800][debug][gc,ergo,cset] GC(598) Finish choosing collection set old regions. Initial: 7, optional: 0, predicted old time: 0.00ms, predicted optional time: 0.00ms, time remaining: 48.43
[2024-10-12T10:44:23.280+0800][debug][gc,ergo,cset] Preventive GC, insufficient free regions. Predicted need 6. Curr Eden 1 (Pred 2). Curr Survivor 1 (Pred 1). Curr Old 54 (Pred 3) Free 3 Alloc 1
[2024-10-12T10:44:23.280+0800][debug][gc,ergo,cset] GC(599) Start adding old regions to collection set. Min 6 regions, max 7 regions, time remaining 49.17ms, optional threshold 9.83ms
[2024-10-12T10:44:23.280+0800][debug][gc,ergo,cset] GC(599) Finish adding old regions to collection set (Maximum number of regions). Initial 7 regions, optional 0 regions
[2024-10-12T10:44:23.280+0800][debug][gc,ergo,cset] GC(599) Finish choosing collection set old regions. Initial: 7, optional: 0, predicted old time: 0.00ms, predicted optional time: 0.00ms, time remaining: 48.16
[2024-10-12T10:44:23.344+0800][debug][gc,ergo,cset] GC(600) Start adding old regions to collection set. Min 6 regions, max 7 regions, time remaining 49.13ms, optional threshold 9.83ms
[2024-10-12T10:44:23.344+0800][debug][gc,ergo,cset] GC(600) Finish adding old regions to collection set (Maximum number of regions). Initial 7 regions, optional 0 regions
[2024-10-12T10:44:23.344+0800][debug][gc,ergo,cset] GC(600) Finish choosing collection set old regions. Initial: 7, optional: 0, predicted old time: 0.00ms, predicted optional time: 0.00ms, time remaining: 48.10
[2024-10-12T10:44:23.998+0800][debug][gc,ergo,cset] GC(607) Pruned 0 regions out of 34, leaving 0 bytes waste (allowed 0)
[2024-10-12T10:44:24.244+0800][debug][gc,ergo,cset] Preventive GC, insufficient free regions. Predicted need 7. Curr Eden 2 (Pred 3). Curr Survivor 1 (Pred 1). Curr Old 50 (Pred 3) Free 6 Alloc 1
[2024-10-12T10:44:24.244+0800][debug][gc,ergo,cset] GC(609) Start adding old regions to collection set. Min 5 regions, max 7 regions, time remaining 49.06ms, optional threshold 9.81ms
[2024-10-12T10:44:24.244+0800][debug][gc,ergo,cset] GC(609) Finish adding old regions to collection set (Maximum number of regions). Initial 7 regions, optional 0 regions
[2024-10-12T10:44:24.244+0800][debug][gc,ergo,cset] GC(609) Finish choosing collection set old regions. Initial: 7, optional: 0, predicted old time: 0.00ms, predicted optional time: 0.00ms, time remaining: 48.26
[2024-10-12T10:44:24.349+0800][debug][gc,ergo,cset] GC(610) Start adding old regions to collection set. Min 5 regions, max 7 regions, time remaining 48.97ms, optional threshold 9.79ms
[2024-10-12T10:44:24.349+0800][debug][gc,ergo,cset] GC(610) Finish adding old regions to collection set (Maximum number of regions). Initial 7 regions, optional 0 regions
[2024-10-12T10:44:24.349+0800][debug][gc,ergo,cset] GC(610) Finish choosing collection set old regions. Initial: 7, optional: 0, predicted old time: 0.00ms, predicted optional time: 0.00ms, time remaining: 47.89
[2024-10-12T10:44:24.453+0800][debug][gc,ergo,cset] GC(611) Start adding old regions to collection set. Min 5 regions, max 7 regions, time remaining 48.94ms, optional threshold 9.79ms
[2024-10-12T10:44:24.453+0800][debug][gc,ergo,cset] GC(611) Finish adding old regions to collection set (Maximum number of regions). Initial 7 regions, optional 0 regions
[2024-10-12T10:44:24.453+0800][debug][gc,ergo,cset] GC(611) Finish choosing collection set old regions. Initial: 7, optional: 0, predicted old time: 0.00ms, predicted optional time: 0.00ms, time remaining: 47.72
[2024-10-12T10:44:24.558+0800][debug][gc,ergo,cset] GC(612) Start adding old regions to collection set. Min 5 regions, max 7 regions, time remaining 48.84ms, optional threshold 9.77ms
[2024-10-12T10:44:24.558+0800][debug][gc,ergo,cset] GC(612) Finish adding old regions to collection set (Maximum number of regions). Initial 7 regions, optional 0 regions
[2024-10-12T10:44:24.558+0800][debug][gc,ergo,cset] GC(612) Finish choosing collection set old regions. Initial: 7, optional: 0, predicted old time: 0.00ms, predicted optional time: 0.00ms, time remaining: 47.33
[2024-10-12T10:44:24.664+0800][debug][gc,ergo,cset] GC(613) Start adding old regions to collection set. Min 5 regions, max 7 regions, time remaining 48.81ms, optional threshold 9.76ms
[2024-10-12T10:44:24.664+0800][debug][gc,ergo,cset] GC(613) Old candidate collection set empty.
[2024-10-12T10:44:24.664+0800][debug][gc,ergo,cset] GC(613) Finish choosing collection set old regions. Initial: 6, optional: 0, predicted old time: 0.00ms, predicted optional time: 0.00ms, time remaining: 47.04
[2024-10-12T10:44:24.987+0800][debug][gc,ergo,cset] GC(617) Pruned 0 regions out of 40, leaving 0 bytes waste (allowed 0)
[2024-10-12T10:44:25.193+0800][debug][gc,ergo,cset] Preventive GC, insufficient free regions. Predicted need 5. Curr Eden 1 (Pred 2). Curr Survivor 1 (Pred 1). Curr Old 52 (Pred 2) Free 5 Alloc 1
[2024-10-12T10:44:25.193+0800][debug][gc,ergo,cset] GC(619) Start adding old regions to collection set. Min 5 regions, max 7 regions, time remaining 49.22ms, optional threshold 9.84ms
[2024-10-12T10:44:25.193+0800][debug][gc,ergo,cset] GC(619) Finish adding old regions to collection set (Maximum number of regions). Initial 7 regions, optional 0 regions
[2024-10-12T10:44:25.193+0800][debug][gc,ergo,cset] GC(619) Finish choosing collection set old regions. Initial: 7, optional: 0, predicted old time: 0.00ms, predicted optional time: 0.00ms, time remaining: 48.60
[2024-10-12T10:44:25.297+0800][debug][gc,ergo,cset] GC(620) Start adding old regions to collection set. Min 5 regions, max 7 regions, time remaining 48.96ms, optional threshold 9.79ms
[2024-10-12T10:44:25.297+0800][debug][gc,ergo,cset] GC(620) Finish adding old regions to collection set (Maximum number of regions). Initial 7 regions, optional 0 regions
[2024-10-12T10:44:25.297+0800][debug][gc,ergo,cset] GC(620) Finish choosing collection set old regions. Initial: 7, optional: 0, predicted old time: 0.00ms, predicted optional time: 0.00ms, time remaining: 48.03
[2024-10-12T10:44:25.401+0800][debug][gc,ergo,cset] GC(621) Start adding old regions to collection set. Min 5 regions, max 7 regions, time remaining 48.94ms, optional threshold 9.79ms
[2024-10-12T10:44:25.401+0800][debug][gc,ergo,cset] GC(621) Finish adding old regions to collection set (Maximum number of regions). Initial 7 regions, optional 0 regions
[2024-10-12T10:44:25.401+0800][debug][gc,ergo,cset] GC(621) Finish choosing collection set old regions. Initial: 7, optional: 0, predicted old time: 0.00ms, predicted optional time: 0.00ms, time remaining: 47.70
[2024-10-12T10:44:25.506+0800][debug][gc,ergo,cset] GC(622) Start adding old regions to collection set. Min 5 regions, max 7 regions, time remaining 48.87ms, optional threshold 9.77ms
[2024-10-12T10:44:25.506+0800][debug][gc,ergo,cset] GC(622) Finish adding old regions to collection set (Maximum number of regions). Initial 7 regions, optional 0 regions
[2024-10-12T10:44:25.506+0800][debug][gc,ergo,cset] GC(622) Finish choosing collection set old regions. Initial: 7, optional: 0, predicted old time: 0.00ms, predicted optional time: 0.00ms, time remaining: 47.40
[2024-10-12T10:44:25.611+0800][debug][gc,ergo,cset] GC(623) Start adding old regions to collection set. Min 5 regions, max 7 regions, time remaining 48.87ms, optional threshold 9.77ms
[2024-10-12T10:44:25.611+0800][debug][gc,ergo,cset] GC(623) Finish adding old regions to collection set (Maximum number of regions). Initial 7 regions, optional 0 regions
[2024-10-12T10:44:25.611+0800][debug][gc,ergo,cset] GC(623) Finish choosing collection set old regions. Initial: 7, optional: 0, predicted old time: 0.00ms, predicted optional time: 0.00ms, time remaining: 47.21
[2024-10-12T10:44:25.717+0800][debug][gc,ergo,cset] GC(624) Start adding old regions to collection set. Min 5 regions, max 7 regions, time remaining 48.82ms, optional threshold 9.76ms
[2024-10-12T10:44:25.717+0800][debug][gc,ergo,cset] GC(624) Old candidate collection set empty.
[2024-10-12T10:44:25.717+0800][debug][gc,ergo,cset] GC(624) Finish choosing collection set old regions. Initial: 5, optional: 0, predicted old time: 0.00ms, predicted optional time: 0.00ms, time remaining: 47.31
[2024-10-12T10:44:26.042+0800][debug][gc,ergo,cset] GC(628) Pruned 0 regions out of 40, leaving 0 bytes waste (allowed 0)
[2024-10-12T10:44:26.287+0800][debug][gc,ergo,cset] Preventive GC, insufficient free regions. Predicted need 6. Curr Eden 2 (Pred 3). Curr Survivor 1 (Pred 1). Curr Old 51 (Pred 2) Free 5 Alloc 1
[2024-10-12T10:44:26.287+0800][debug][gc,ergo,cset] GC(630) Start adding old regions to collection set. Min 5 regions, max 7 regions, time remaining 49.00ms, optional threshold 9.80ms
[2024-10-12T10:44:26.287+0800][debug][gc,ergo,cset] GC(630) Finish adding old regions to collection set (Maximum number of regions). Initial 7 regions, optional 0 regions
[2024-10-12T10:44:26.287+0800][debug][gc,ergo,cset] GC(630) Finish choosing collection set old regions. Initial: 7, optional: 0, predicted old time: 0.00ms, predicted optional time: 0.00ms, time remaining: 48.43
[2024-10-12T10:44:26.391+0800][debug][gc,ergo,cset] GC(631) Start adding old regions to collection set. Min 5 regions, max 7 regions, time remaining 48.98ms, optional threshold 9.80ms
[2024-10-12T10:44:26.391+0800][debug][gc,ergo,cset] GC(631) Finish adding old regions to collection set (Maximum number of regions). Initial 7 regions, optional 0 regions
[2024-10-12T10:44:26.391+0800][debug][gc,ergo,cset] GC(631) Finish choosing collection set old regions. Initial: 7, optional: 0, predicted old time: 0.00ms, predicted optional time: 0.00ms, time remaining: 47.92
[2024-10-12T10:44:26.496+0800][debug][gc,ergo,cset] GC(632) Start adding old regions to collection set. Min 5 regions, max 7 regions, time remaining 48.96ms, optional threshold 9.79ms
[2024-10-12T10:44:26.496+0800][debug][gc,ergo,cset] GC(632) Finish adding old regions to collection set (Maximum number of regions). Initial 7 regions, optional 0 regions
[2024-10-12T10:44:26.496+0800][debug][gc,ergo,cset] GC(632) Finish choosing collection set old regions. Initial: 7, optional: 0, predicted old time: 0.00ms, predicted optional time: 0.00ms, time remaining: 47.68
[2024-10-12T10:44:26.601+0800][debug][gc,ergo,cset] GC(633) Start adding old regions to collection set. Min 5 regions, max 7 regions, time remaining 48.91ms, optional threshold 9.78ms
[2024-10-12T10:44:26.601+0800][debug][gc,ergo,cset] GC(633) Finish adding old regions to collection set (Maximum number of regions). Initial 7 regions, optional 0 regions
[2024-10-12T10:44:26.601+0800][debug][gc,ergo,cset] GC(633) Finish choosing collection set old regions. Initial: 7, optional: 0, predicted old time: 0.00ms, predicted optional time: 0.00ms, time remaining: 47.44
[2024-10-12T10:44:26.706+0800][debug][gc,ergo,cset] GC(634) Start adding old regions to collection set. Min 5 regions, max 7 regions, time remaining 48.81ms, optional threshold 9.76ms
[2024-10-12T10:44:26.706+0800][debug][gc,ergo,cset] GC(634) Finish adding old regions to collection set (Maximum number of regions). Initial 7 regions, optional 0 regions
[2024-10-12T10:44:26.706+0800][debug][gc,ergo,cset] GC(634) Finish choosing collection set old regions. Initial: 7, optional: 0, predicted old time: 0.00ms, predicted optional time: 0.00ms, time remaining: 47.15
[2024-10-12T10:44:26.811+0800][debug][gc,ergo,cset] GC(635) Start adding old regions to collection set. Min 5 regions, max 7 regions, time remaining 48.84ms, optional threshold 9.77ms
[2024-10-12T10:44:26.811+0800][debug][gc,ergo,cset] GC(635) Old candidate collection set empty.
[2024-10-12T10:44:26.811+0800][debug][gc,ergo,cset] GC(635) Finish choosing collection set old regions. Initial: 5, optional: 0, predicted old time: 0.00ms, predicted optional time: 0.00ms, time remaining: 47.36
[2024-10-12T10:44:27.134+0800][debug][gc,ergo,cset] GC(639) Pruned 0 regions out of 42, leaving 0 bytes waste (allowed 0)
[2024-10-12T10:44:27.278+0800][debug][gc,ergo,cset] Preventive GC, insufficient free regions. Predicted need 4. Curr Eden 2 (Pred 3). Curr Survivor 1 (Pred 1). Curr Old 52 (Pred 0) Free 4 Alloc 1
[2024-10-12T10:44:27.341+0800][debug][gc,ergo,cset] Preventive GC, insufficient free regions. Predicted need 5. Curr Eden 1 (Pred 2). Curr Survivor 1 (Pred 1). Curr Old 53 (Pred 2) Free 4 Alloc 1
[2024-10-12T10:44:27.341+0800][debug][gc,ergo,cset] GC(641) Start adding old regions to collection set. Min 6 regions, max 7 regions, time remaining 49.22ms, optional threshold 9.84ms
[2024-10-12T10:44:27.341+0800][debug][gc,ergo,cset] GC(641) Finish adding old regions to collection set (Maximum number of regions). Initial 7 regions, optional 0 regions
[2024-10-12T10:44:27.341+0800][debug][gc,ergo,cset] GC(641) Finish choosing collection set old regions. Initial: 7, optional: 0, predicted old time: 0.00ms, predicted optional time: 0.00ms, time remaining: 48.71
[2024-10-12T10:44:27.445+0800][debug][gc,ergo,cset] Preventive GC, insufficient free regions. Predicted need 8. Curr Eden 2 (Pred 3). Curr Survivor 1 (Pred 1). Curr Old 49 (Pred 4) Free 7 Alloc 1
[2024-10-12T10:44:27.445+0800][debug][gc,ergo,cset] GC(642) Start adding old regions to collection set. Min 6 regions, max 7 regions, time remaining 48.95ms, optional threshold 9.79ms
[2024-10-12T10:44:27.445+0800][debug][gc,ergo,cset] GC(642) Finish adding old regions to collection set (Maximum number of regions). Initial 7 regions, optional 0 regions
[2024-10-12T10:44:27.445+0800][debug][gc,ergo,cset] GC(642) Finish choosing collection set old regions. Initial: 7, optional: 0, predicted old time: 0.00ms, predicted optional time: 0.00ms, time remaining: 47.95
[2024-10-12T10:44:27.549+0800][debug][gc,ergo,cset] Preventive GC, insufficient free regions. Predicted need 8. Curr Eden 2 (Pred 3). Curr Survivor 1 (Pred 1). Curr Old 48 (Pred 4) Free 8 Alloc 1
[2024-10-12T10:44:27.550+0800][debug][gc,ergo,cset] GC(643) Start adding old regions to collection set. Min 6 regions, max 7 regions, time remaining 48.93ms, optional threshold 9.79ms
[2024-10-12T10:44:27.550+0800][debug][gc,ergo,cset] GC(643) Finish adding old regions to collection set (Maximum number of regions). Initial 7 regions, optional 0 regions
[2024-10-12T10:44:27.550+0800][debug][gc,ergo,cset] GC(643) Finish choosing collection set old regions. Initial: 7, optional: 0, predicted old time: 0.00ms, predicted optional time: 0.00ms, time remaining: 47.79
[2024-10-12T10:44:27.654+0800][debug][gc,ergo,cset] Preventive GC, insufficient free regions. Predicted need 9. Curr Eden 2 (Pred 3). Curr Survivor 1 (Pred 1). Curr Old 47 (Pred 5) Free 9 Alloc 1
[2024-10-12T10:44:27.655+0800][debug][gc,ergo,cset] GC(644) Start adding old regions to collection set. Min 6 regions, max 7 regions, time remaining 48.91ms, optional threshold 9.78ms
[2024-10-12T10:44:27.655+0800][debug][gc,ergo,cset] GC(644) Finish adding old regions to collection set (Maximum number of regions). Initial 7 regions, optional 0 regions
[2024-10-12T10:44:27.655+0800][debug][gc,ergo,cset] GC(644) Finish choosing collection set old regions. Initial: 7, optional: 0, predicted old time: 0.00ms, predicted optional time: 0.00ms, time remaining: 47.58
[2024-10-12T10:44:27.759+0800][debug][gc,ergo,cset] GC(645) Start adding old regions to collection set. Min 6 regions, max 7 regions, time remaining 48.85ms, optional threshold 9.77ms
[2024-10-12T10:44:27.759+0800][debug][gc,ergo,cset] GC(645) Finish adding old regions to collection set (Maximum number of regions). Initial 7 regions, optional 0 regions
[2024-10-12T10:44:27.759+0800][debug][gc,ergo,cset] GC(645) Finish choosing collection set old regions. Initial: 7, optional: 0, predicted old time: 0.00ms, predicted optional time: 0.00ms, time remaining: 47.32
[2024-10-12T10:44:27.865+0800][debug][gc,ergo,cset] GC(646) Start adding old regions to collection set. Min 6 regions, max 7 regions, time remaining 48.84ms, optional threshold 9.77ms
[2024-10-12T10:44:27.865+0800][debug][gc,ergo,cset] GC(646) Old candidate collection set empty.
[2024-10-12T10:44:27.865+0800][debug][gc,ergo,cset] GC(646) Finish choosing collection set old regions. Initial: 7, optional: 0, predicted old time: 0.00ms, predicted optional time: 0.00ms, time remaining: 46.89
[2024-10-12T10:44:28.189+0800][debug][gc,ergo,cset] GC(650) Pruned 0 regions out of 41, leaving 0 bytes waste (allowed 0)
[2024-10-12T10:44:28.395+0800][debug][gc,ergo,cset] Preventive GC, insufficient free regions. Predicted need 5. Curr Eden 1 (Pred 2). Curr Survivor 1 (Pred 1). Curr Old 52 (Pred 2) Free 5 Alloc 1
[2024-10-12T10:44:28.395+0800][debug][gc,ergo,cset] GC(652) Start adding old regions to collection set. Min 6 regions, max 7 regions, time remaining 49.22ms, optional threshold 9.84ms
[2024-10-12T10:44:28.395+0800][debug][gc,ergo,cset] GC(652) Finish adding old regions to collection set (Maximum number of regions). Initial 7 regions, optional 0 regions
[2024-10-12T10:44:28.395+0800][debug][gc,ergo,cset] GC(652) Finish choosing collection set old regions. Initial: 7, optional: 0, predicted old time: 0.00ms, predicted optional time: 0.00ms, time remaining: 48.60
[2024-10-12T10:44:28.499+0800][debug][gc,ergo,cset] Preventive GC, insufficient free regions. Predicted need 8. Curr Eden 2 (Pred 3). Curr Survivor 1 (Pred 1). Curr Old 49 (Pred 4) Free 7 Alloc 1
[2024-10-12T10:44:28.499+0800][debug][gc,ergo,cset] GC(653) Start adding old regions to collection set. Min 6 regions, max 7 regions, time remaining 48.97ms, optional threshold 9.79ms
[2024-10-12T10:44:28.499+0800][debug][gc,ergo,cset] GC(653) Finish adding old regions to collection set (Maximum number of regions). Initial 7 regions, optional 0 regions
[2024-10-12T10:44:28.499+0800][debug][gc,ergo,cset] GC(653) Finish choosing collection set old regions. Initial: 7, optional: 0, predicted old time: 0.00ms, predicted optional time: 0.00ms, time remaining: 48.01
[2024-10-12T10:44:28.604+0800][debug][gc,ergo,cset] GC(654) Start adding old regions to collection set. Min 6 regions, max 7 regions, time remaining 48.91ms, optional threshold 9.78ms
[2024-10-12T10:44:28.604+0800][debug][gc,ergo,cset] GC(654) Finish adding old regions to collection set (Maximum number of regions). Initial 7 regions, optional 0 regions
[2024-10-12T10:44:28.604+0800][debug][gc,ergo,cset] GC(654) Finish choosing collection set old regions. Initial: 7, optional: 0, predicted old time: 0.00ms, predicted optional time: 0.00ms, time remaining: 47.75
[2024-10-12T10:44:28.709+0800][debug][gc,ergo,cset] GC(655) Start adding old regions to collection set. Min 6 regions, max 7 regions, time remaining 48.91ms, optional threshold 9.78ms
[2024-10-12T10:44:28.709+0800][debug][gc,ergo,cset] GC(655) Finish adding old regions to collection set (Maximum number of regions). Initial 7 regions, optional 0 regions
[2024-10-12T10:44:28.709+0800][debug][gc,ergo,cset] GC(655) Finish choosing collection set old regions. Initial: 7, optional: 0, predicted old time: 0.00ms, predicted optional time: 0.00ms, time remaining: 47.54
[2024-10-12T10:44:28.814+0800][debug][gc,ergo,cset] GC(656) Start adding old regions to collection set. Min 6 regions, max 7 regions, time remaining 48.87ms, optional threshold 9.77ms
[2024-10-12T10:44:28.814+0800][debug][gc,ergo,cset] GC(656) Finish adding old regions to collection set (Maximum number of regions). Initial 7 regions, optional 0 regions
[2024-10-12T10:44:28.814+0800][debug][gc,ergo,cset] GC(656) Finish choosing collection set old regions. Initial: 7, optional: 0, predicted old time: 0.00ms, predicted optional time: 0.00ms, time remaining: 47.31
[2024-10-12T10:44:28.919+0800][debug][gc,ergo,cset] Preventive GC, insufficient free regions. Predicted need 10. Curr Eden 2 (Pred 3). Curr Survivor 1 (Pred 1). Curr Old 46 (Pred 6) Free 10 Alloc 1
[2024-10-12T10:44:28.919+0800][debug][gc,ergo,cset] GC(657) Start adding old regions to collection set. Min 6 regions, max 7 regions, time remaining 48.85ms, optional threshold 9.77ms
[2024-10-12T10:44:28.919+0800][debug][gc,ergo,cset] GC(657) Old candidate collection set empty.
[2024-10-12T10:44:28.919+0800][debug][gc,ergo,cset] GC(657) Finish choosing collection set old regions. Initial: 6, optional: 0, predicted old time: 0.00ms, predicted optional time: 0.00ms, time remaining: 47.15
[2024-10-12T10:44:29.242+0800][debug][gc,ergo,cset] GC(661) Pruned 0 regions out of 37, leaving 0 bytes waste (allowed 0)
[2024-10-12T10:44:29.448+0800][debug][gc,ergo,cset] Preventive GC, insufficient free regions. Predicted need 4. Curr Eden 1 (Pred 2). Curr Survivor 1 (Pred 1). Curr Old 53 (Pred 1) Free 4 Alloc 1
[2024-10-12T10:44:29.448+0800][debug][gc,ergo,cset] GC(663) Start adding old regions to collection set. Min 5 regions, max 7 regions, time remaining 49.22ms, optional threshold 9.84ms
[2024-10-12T10:44:29.448+0800][debug][gc,ergo,cset] GC(663) Finish adding old regions to collection set (Maximum number of regions). Initial 7 regions, optional 0 regions
[2024-10-12T10:44:29.448+0800][debug][gc,ergo,cset] GC(663) Finish choosing collection set old regions. Initial: 7, optional: 0, predicted old time: 0.00ms, predicted optional time: 0.00ms, time remaining: 48.77
[2024-10-12T10:44:29.552+0800][debug][gc,ergo,cset] GC(664) Start adding old regions to collection set. Min 5 regions, max 7 regions, time remaining 48.95ms, optional threshold 9.79ms
[2024-10-12T10:44:29.552+0800][debug][gc,ergo,cset] GC(664) Finish adding old regions to collection set (Maximum number of regions). Initial 7 regions, optional 0 regions
[2024-10-12T10:44:29.552+0800][debug][gc,ergo,cset] GC(664) Finish choosing collection set old regions. Initial: 7, optional: 0, predicted old time: 0.00ms, predicted optional time: 0.00ms, time remaining: 47.93
[2024-10-12T10:44:29.657+0800][debug][gc,ergo,cset] GC(665) Start adding old regions to collection set. Min 5 regions, max 7 regions, time remaining 48.89ms, optional threshold 9.78ms
[2024-10-12T10:44:29.657+0800][debug][gc,ergo,cset] GC(665) Finish adding old regions to collection set (Maximum number of regions). Initial 7 regions, optional 0 regions
[2024-10-12T10:44:29.657+0800][debug][gc,ergo,cset] GC(665) Finish choosing collection set old regions. Initial: 7, optional: 0, predicted old time: 0.00ms, predicted optional time: 0.00ms, time remaining: 47.61
[2024-10-12T10:44:29.762+0800][debug][gc,ergo,cset] GC(666) Start adding old regions to collection set. Min 5 regions, max 7 regions, time remaining 48.89ms, optional threshold 9.78ms
[2024-10-12T10:44:29.762+0800][debug][gc,ergo,cset] GC(666) Finish adding old regions to collection set (Maximum number of regions). Initial 7 regions, optional 0 regions
[2024-10-12T10:44:29.762+0800][debug][gc,ergo,cset] GC(666) Finish choosing collection set old regions. Initial: 7, optional: 0, predicted old time: 0.00ms, predicted optional time: 0.00ms, time remaining: 47.49
[2024-10-12T10:44:29.867+0800][debug][gc,ergo,cset] GC(667) Start adding old regions to collection set. Min 5 regions, max 7 regions, time remaining 48.89ms, optional threshold 9.78ms
[2024-10-12T10:44:29.867+0800][debug][gc,ergo,cset] GC(667) Finish adding old regions to collection set (Maximum number of regions). Initial 7 regions, optional 0 regions
[2024-10-12T10:44:29.867+0800][debug][gc,ergo,cset] GC(667) Finish choosing collection set old regions. Initial: 7, optional: 0, predicted old time: 0.00ms, predicted optional time: 0.00ms, time remaining: 47.37
[2024-10-12T10:44:29.972+0800][debug][gc,ergo,cset] GC(668) Start adding old regions to collection set. Min 5 regions, max 7 regions, time remaining 48.92ms, optional threshold 9.78ms
[2024-10-12T10:44:29.972+0800][debug][gc,ergo,cset] GC(668) Old candidate collection set empty.
[2024-10-12T10:44:29.972+0800][debug][gc,ergo,cset] GC(668) Finish choosing collection set old regions. Initial: 2, optional: 0, predicted old time: 0.00ms, predicted optional time: 0.00ms, time remaining: 48.42
[2024-10-12T10:44:30.297+0800][debug][gc,ergo,cset] GC(672) Pruned 0 regions out of 38, leaving 0 bytes waste (allowed 0)
[2024-10-12T10:44:30.438+0800][debug][gc,ergo,cset] Preventive GC, insufficient free regions. Predicted need 4. Curr Eden 2 (Pred 3). Curr Survivor 1 (Pred 1). Curr Old 52 (Pred 0) Free 4 Alloc 1
