[0.004s][info][gc] Min heap equals to max heap, disabling ShenandoahUncommit
[0.008s][info][gc] Heuristics ergonomically sets -XX:+ExplicitGCInvokesConcurrent
[0.008s][info][gc] Heuristics ergonomically sets -XX:+ShenandoahImplicitGCInvokesConcurrent
[0.008s][info][gc] Using Shenandoah
[0.010s][info][gc,ergo] Pacer for Idle. Initial: 41943K, Alloc Tax Rate: 1.0x
[0.010s][info][gc,init] Version: 17.0.11+1-LTS (release)
[0.010s][info][gc,init] CPUs: 12 total, 12 available
[0.010s][info][gc,init] Memory: 32620M
[0.010s][info][gc,init] Large Page Support: Disabled
[0.010s][info][gc,init] NUMA Support: Disabled
[0.010s][info][gc,init] Compressed Oops: Enabled (32-bit)
[0.010s][info][gc,init] Heap Min Capacity: 2G
[0.010s][info][gc,init] Heap Initial Capacity: 2G
[0.010s][info][gc,init] Heap Max Capacity: 2G
[0.010s][info][gc,init] Pre-touch: Disabled
[0.010s][info][gc,init] Mode: Snapshot-At-The-Beginning (SATB)
[0.010s][info][gc,init] Heuristics: Adaptive
[0.010s][info][gc,init] Heap Region Count: 2048
[0.010s][info][gc,init] Heap Region Size: 1M
[0.010s][info][gc,init] TLAB Size Max: 1M
[0.010s][info][gc,init] Humongous Object Threshold: 1M
[0.010s][info][gc,init] Parallel Workers: 6
[0.010s][info][gc,init] Concurrent Workers: 3
[0.018s][info][gc,metaspace] CDS archive(s) mapped at: [0x000001f5d8000000-0x000001f5d8bc0000-0x000001f5d8bc0000), size 12320768, SharedBaseAddress: 0x000001f5d8000000, ArchiveRelocationMode: 1.
[0.018s][info][gc,metaspace] Compressed class space mapped at: 0x000001f5d9000000-0x000001f619000000, reserved size: 1073741824
[0.018s][info][gc,metaspace] Narrow klass base: 0x000001f5d8000000, Narrow klass shift: 0, Narrow klass range: 0x100000000
[4.236s][info][gc          ] Trigger: Learning 1 of 5. Free (1428M) is below initial threshold (1433M)
[4.236s][info][gc,ergo     ] Free: 1428M, Max: 1024K regular, 1428M humongous, Frag: 0% external, 0% internal; Reserve: 103M, Max: 1024K
[4.236s][info][gc,start    ] GC(0) Concurrent reset
[4.236s][info][gc,task     ] GC(0) Using 3 of 6 workers for concurrent reset
[4.236s][info][gc,ergo     ] GC(0) Pacer for Reset. Non-Taxable: 2048M
[4.237s][info][gc          ] GC(0) Concurrent reset 0.243ms
[4.237s][info][gc,start    ] GC(0) Pause Init Mark (unload classes)
[4.237s][info][gc,task     ] GC(0) Using 6 of 6 workers for init marking
[4.237s][info][gc,ergo     ] GC(0) Pacer for Mark. Expected Live: 204M, Free: 1428M, Non-Taxable: 142M, Alloc Tax Rate: 0.2x
[4.237s][info][gc          ] GC(0) Pause Init Mark (unload classes) 0.188ms
[4.237s][info][gc,start    ] GC(0) Concurrent marking roots
[4.237s][info][gc,task     ] GC(0) Using 3 of 6 workers for concurrent marking roots
[4.237s][info][gc          ] GC(0) Concurrent marking roots 0.329ms
[4.237s][info][gc,start    ] GC(0) Concurrent marking (unload classes)
[4.237s][info][gc,task     ] GC(0) Using 3 of 6 workers for concurrent marking
[4.238s][info][gc          ] GC(0) Concurrent marking (unload classes) 0.846ms
[4.238s][info][gc,start    ] GC(0) Pause Final Mark (unload classes)
[4.238s][info][gc,task     ] GC(0) Using 6 of 6 workers for final marking
[4.238s][info][gc,ergo     ] GC(0) Collectable Garbage: 460M (99%), Immediate: 460M (99%), CSet: 0B (0%)
[4.238s][info][gc          ] GC(0) Pause Final Mark (unload classes) 0.138ms
[4.238s][info][gc,start    ] GC(0) Concurrent weak references
[4.238s][info][gc,task     ] GC(0) Using 3 of 6 workers for concurrent weak references
[4.238s][info][gc,ref      ] GC(0) Encountered references: Soft: 92, Weak: 144, Final: 0, Phantom: 27
[4.238s][info][gc,ref      ] GC(0) Discovered  references: Soft: 0, Weak: 112, Final: 0, Phantom: 25
[4.238s][info][gc,ref      ] GC(0) Enqueued    references: Soft: 0, Weak: 28, Final: 0, Phantom: 20
[4.238s][info][gc          ] GC(0) Concurrent weak references 0.084ms
[4.238s][info][gc,start    ] GC(0) Concurrent weak roots
[4.238s][info][gc,task     ] GC(0) Using 3 of 6 workers for concurrent weak root
[4.238s][info][gc          ] GC(0) Concurrent weak roots 0.116ms
[4.238s][info][gc,start    ] GC(0) Concurrent cleanup
[4.239s][info][gc          ] GC(0) Concurrent cleanup 483M->23M(2048M) 0.116ms
[4.239s][info][gc,ergo     ] GC(0) Free: 1917M, Max: 1024K regular, 1428M humongous, Frag: 26% external, 0% internal; Reserve: 103M, Max: 1024K
[4.239s][info][gc,start    ] GC(0) Concurrent class unloading
[4.239s][info][gc,task     ] GC(0) Using 3 of 6 workers for concurrent class unloading
[4.239s][info][gc          ] GC(0) Concurrent class unloading 0.236ms
[4.239s][info][gc,start    ] GC(0) Pause Final Roots
[4.239s][info][gc          ] GC(0) Pause Final Roots 0.018ms
[4.239s][info][gc,ergo     ] Free: 1917M, Max: 1024K regular, 1428M humongous, Frag: 26% external, 0% internal; Reserve: 103M, Max: 1024K
[4.239s][info][gc,stats    ] 
[4.239s][info][gc,stats    ] All times are wall-clock times, except per-root-class counters, that are sum over
[4.239s][info][gc,stats    ] all workers. Dividing the <total> over the root stage time estimates parallelism.
[4.239s][info][gc,stats    ] 
[4.239s][info][gc,stats    ] Concurrent Reset                    263 us
[4.239s][info][gc,stats    ] Pause Init Mark (G)                 230 us
[4.239s][info][gc,stats    ] Pause Init Mark (N)                 197 us
[4.239s][info][gc,stats    ]   Update Region States               24 us
[4.239s][info][gc,stats    ] Concurrent Mark Roots               350 us, parallelism: 1.58x
[4.239s][info][gc,stats    ]   CMR: <total>                      553 us
[4.239s][info][gc,stats    ]   CMR: Thread Roots                 358 us, workers (us):  98,   0, 260, ---, ---, ---, 
[4.239s][info][gc,stats    ]   CMR: VM Strong Roots               62 us, workers (us):  34,  13,  15, ---, ---, ---, 
[4.239s][info][gc,stats    ]   CMR: CLDG Roots                   133 us, workers (us): ---, 133, ---, ---, ---, ---, 
[4.239s][info][gc,stats    ] Concurrent Marking                  865 us
[4.239s][info][gc,stats    ] Pause Final Mark (G)                182 us
[4.239s][info][gc,stats    ] Pause Final Mark (N)                149 us
[4.239s][info][gc,stats    ]   Finish Mark                        31 us
[4.239s][info][gc,stats    ]   Update Region States               27 us
[4.239s][info][gc,stats    ]   Choose Collection Set              40 us
[4.239s][info][gc,stats    ]   Rebuild Free Set                    9 us
[4.239s][info][gc,stats    ] Concurrent Weak References           93 us, parallelism: 0.08x
[4.239s][info][gc,stats    ]   CWRF: <total>                       8 us
[4.239s][info][gc,stats    ]   CWRF: Weak References               8 us, workers (us):   2,   5,   0, ---, ---, ---, 
[4.239s][info][gc,stats    ] Concurrent Weak Roots               129 us
[4.239s][info][gc,stats    ]   Roots                              73 us, parallelism: 1.15x
[4.239s][info][gc,stats    ]     CWR: <total>                     84 us
[4.239s][info][gc,stats    ]     CWR: Code Cache Roots            35 us, workers (us):   3,   0,  32, ---, ---, ---, 
[4.239s][info][gc,stats    ]     CWR: VM Weak Roots               49 us, workers (us):  16,  16,  16, ---, ---, ---, 
[4.239s][info][gc,stats    ]     CWR: CLDG Roots                   1 us, workers (us): ---,   1, ---, ---, ---, ---, 
[4.239s][info][gc,stats    ]   Rendezvous                         26 us
[4.239s][info][gc,stats    ] Concurrent Cleanup                  132 us
[4.239s][info][gc,stats    ] Concurrent Class Unloading          250 us
[4.239s][info][gc,stats    ]   Unlink Stale                      166 us
[4.239s][info][gc,stats    ]     System Dictionary                 4 us
[4.239s][info][gc,stats    ]     Weak Class Links                  0 us
[4.239s][info][gc,stats    ]     Code Roots                      162 us
[4.239s][info][gc,stats    ]   Rendezvous                         26 us
[4.239s][info][gc,stats    ]   Purge Unlinked                     27 us
[4.239s][info][gc,stats    ]     Code Roots                       22 us
[4.239s][info][gc,stats    ]     CLDG                              5 us
[4.239s][info][gc,stats    ]     Exception Caches                  0 us
[4.239s][info][gc,stats    ] Pause Final Roots (G)                53 us
[4.239s][info][gc,stats    ] Pause Final Roots (N)                28 us
[4.239s][info][gc,stats    ] Pacing                            62361 us
[4.239s][info][gc,stats    ] 
[4.239s][info][gc,stats    ] Allocation pacing accrued:
[4.239s][info][gc,stats    ]      62 of  4229 ms (  1.5%): main
[4.239s][info][gc,stats    ]      62 of  4229 ms (  1.5%): <total>
[4.239s][info][gc,stats    ]       5 of  4229 ms (  0.1%): <average total>
[4.239s][info][gc,stats    ]      62 of  4229 ms (  1.5%): <average non-zero>
[4.239s][info][gc,stats    ] 
[4.239s][info][gc,metaspace] Metaspace: 1011K(1216K)->1011K(1216K) NonClass: 929K(1024K)->929K(1024K) Class: 81K(192K)->81K(192K)
[4.239s][info][gc,ergo     ] Pacer for Idle. Initial: 41943K, Alloc Tax Rate: 1.0x
[8.049s][info][gc          ] Trigger: Learning 2 of 5. Free (1433M) is below initial threshold (1433M)
[8.049s][info][gc,ergo     ] Free: 1433M, Max: 1024K regular, 1327M humongous, Frag: 8% external, 0% internal; Reserve: 103M, Max: 1024K
[8.049s][info][gc,start    ] GC(1) Concurrent reset
[8.049s][info][gc,task     ] GC(1) Using 3 of 6 workers for concurrent reset
[8.049s][info][gc,ergo     ] GC(1) Pacer for Reset. Non-Taxable: 2048M
[8.049s][info][gc          ] GC(1) Concurrent reset 0.276ms
[8.049s][info][gc,start    ] GC(1) Pause Init Mark (unload classes)
[8.049s][info][gc,task     ] GC(1) Using 6 of 6 workers for init marking
[8.049s][info][gc,ergo     ] GC(1) Pacer for Mark. Expected Live: 19101K, Free: 1433M, Non-Taxable: 143M, Alloc Tax Rate: 0.0x
[8.049s][info][gc          ] GC(1) Pause Init Mark (unload classes) 0.076ms
[8.049s][info][gc,start    ] GC(1) Concurrent marking roots
[8.049s][info][gc,task     ] GC(1) Using 3 of 6 workers for concurrent marking roots
[8.050s][info][gc          ] GC(1) Concurrent marking roots 0.314ms
[8.050s][info][gc,start    ] GC(1) Concurrent marking (unload classes)
[8.050s][info][gc,task     ] GC(1) Using 3 of 6 workers for concurrent marking
[8.050s][info][gc          ] GC(1) Concurrent marking (unload classes) 0.916ms
[8.051s][info][gc,start    ] GC(1) Pause Final Mark (unload classes)
[8.051s][info][gc,task     ] GC(1) Using 6 of 6 workers for final marking
[8.051s][info][gc,ergo     ] GC(1) Collectable Garbage: 431M (98%), Immediate: 431M (98%), CSet: 0B (0%)
[8.051s][info][gc          ] GC(1) Pause Final Mark (unload classes) 0.191ms
[8.051s][info][gc,start    ] GC(1) Concurrent weak references
[8.051s][info][gc,task     ] GC(1) Using 3 of 6 workers for concurrent weak references
[8.051s][info][gc,ref      ] GC(1) Encountered references: Soft: 92, Weak: 116, Final: 0, Phantom: 7
[8.051s][info][gc,ref      ] GC(1) Discovered  references: Soft: 0, Weak: 69, Final: 0, Phantom: 5
[8.051s][info][gc,ref      ] GC(1) Enqueued    references: Soft: 0, Weak: 0, Final: 0, Phantom: 0
[8.051s][info][gc          ] GC(1) Concurrent weak references 0.090ms
[8.051s][info][gc,start    ] GC(1) Concurrent weak roots
[8.051s][info][gc,task     ] GC(1) Using 3 of 6 workers for concurrent weak root
[8.051s][info][gc          ] GC(1) Concurrent weak roots 0.206ms
[8.051s][info][gc,start    ] GC(1) Concurrent cleanup
[8.051s][info][gc          ] GC(1) Concurrent cleanup 479M->48M(2048M) 0.041ms
[8.051s][info][gc,ergo     ] GC(1) Free: 1892M, Max: 1024K regular, 1699M humongous, Frag: 11% external, 0% internal; Reserve: 103M, Max: 1024K
[8.051s][info][gc,start    ] GC(1) Concurrent class unloading
[8.051s][info][gc,task     ] GC(1) Using 3 of 6 workers for concurrent class unloading
[8.051s][info][gc          ] GC(1) Concurrent class unloading 0.327ms
[8.052s][info][gc,start    ] GC(1) Pause Final Roots
[8.052s][info][gc          ] GC(1) Pause Final Roots 0.016ms
[8.052s][info][gc,ergo     ] Free: 1892M, Max: 1024K regular, 1699M humongous, Frag: 11% external, 0% internal; Reserve: 103M, Max: 1024K
[8.052s][info][gc,stats    ] 
[8.052s][info][gc,stats    ] All times are wall-clock times, except per-root-class counters, that are sum over
[8.052s][info][gc,stats    ] all workers. Dividing the <total> over the root stage time estimates parallelism.
[8.052s][info][gc,stats    ] 
[8.052s][info][gc,stats    ] Concurrent Reset                    297 us
[8.052s][info][gc,stats    ] Pause Init Mark (G)                 149 us
[8.052s][info][gc,stats    ] Pause Init Mark (N)                  84 us
[8.052s][info][gc,stats    ]   Update Region States               29 us
[8.052s][info][gc,stats    ] Concurrent Mark Roots               335 us, parallelism: 1.32x
[8.052s][info][gc,stats    ]   CMR: <total>                      443 us
[8.052s][info][gc,stats    ]   CMR: Thread Roots                 408 us, workers (us): 125,  49, 234, ---, ---, ---, 
[8.052s][info][gc,stats    ]   CMR: VM Strong Roots                5 us, workers (us):   3,   2,   0, ---, ---, ---, 
[8.052s][info][gc,stats    ]   CMR: CLDG Roots                    29 us, workers (us): ---,  29, ---, ---, ---, ---, 
[8.052s][info][gc,stats    ] Concurrent Marking                  946 us
[8.052s][info][gc,stats    ] Pause Final Mark (G)                246 us
[8.052s][info][gc,stats    ] Pause Final Mark (N)                204 us
[8.052s][info][gc,stats    ]   Finish Mark                        46 us
[8.052s][info][gc,stats    ]   Update Region States               42 us
[8.052s][info][gc,stats    ]   Choose Collection Set              51 us
[8.052s][info][gc,stats    ]   Rebuild Free Set                   14 us
[8.052s][info][gc,stats    ] Concurrent Weak References           98 us, parallelism: 0.06x
[8.052s][info][gc,stats    ]   CWRF: <total>                       6 us
[8.052s][info][gc,stats    ]   CWRF: Weak References               6 us, workers (us):   2,   3,   0, ---, ---, ---, 
[8.052s][info][gc,stats    ] Concurrent Weak Roots               226 us
[8.052s][info][gc,stats    ]   Roots                             120 us, parallelism: 1.11x
[8.052s][info][gc,stats    ]     CWR: <total>                    134 us
[8.052s][info][gc,stats    ]     CWR: Code Cache Roots            74 us, workers (us):   0,   5,  68, ---, ---, ---, 
[8.052s][info][gc,stats    ]     CWR: VM Weak Roots               59 us, workers (us):  20,  20,  19, ---, ---, ---, 
[8.052s][info][gc,stats    ]     CWR: CLDG Roots                   1 us, workers (us):   1, ---, ---, ---, ---, ---, 
[8.052s][info][gc,stats    ]   Rendezvous                         70 us
[8.052s][info][gc,stats    ] Concurrent Cleanup                   51 us
[8.052s][info][gc,stats    ] Concurrent Class Unloading          344 us
[8.052s][info][gc,stats    ]   Unlink Stale                      233 us
[8.052s][info][gc,stats    ]     System Dictionary                 2 us
[8.052s][info][gc,stats    ]     Weak Class Links                  0 us
[8.052s][info][gc,stats    ]     Code Roots                      231 us
[8.052s][info][gc,stats    ]   Rendezvous                         31 us
[8.052s][info][gc,stats    ]   Purge Unlinked                     37 us
[8.052s][info][gc,stats    ]     Code Roots                       33 us
[8.052s][info][gc,stats    ]     CLDG                              4 us
[8.052s][info][gc,stats    ]     Exception Caches                  0 us
[8.052s][info][gc,stats    ] Pause Final Roots (G)               100 us
[8.052s][info][gc,stats    ] Pause Final Roots (N)                25 us
[8.052s][info][gc,stats    ] Pacing                            61477 us
[8.052s][info][gc,stats    ] 
[8.052s][info][gc,stats    ] Allocation pacing accrued:
[8.052s][info][gc,stats    ]      61 of  3813 ms (  1.6%): main
[8.052s][info][gc,stats    ]      61 of  3813 ms (  1.6%): <total>
[8.052s][info][gc,stats    ]       5 of  3813 ms (  0.1%): <average total>
[8.052s][info][gc,stats    ]      61 of  3813 ms (  1.6%): <average non-zero>
[8.052s][info][gc,stats    ] 
[8.052s][info][gc,metaspace] Metaspace: 1015K(1216K)->1015K(1216K) NonClass: 933K(1024K)->933K(1024K) Class: 81K(192K)->81K(192K)
[8.052s][info][gc,ergo     ] Pacer for Idle. Initial: 41943K, Alloc Tax Rate: 1.0x
[11.450s][info][gc          ] Trigger: Learning 3 of 5. Free (1431M) is below initial threshold (1433M)
[11.450s][info][gc,ergo     ] Free: 1431M, Max: 1024K regular, 1422M humongous, Frag: 1% external, 0% internal; Reserve: 103M, Max: 1024K
[11.450s][info][gc,start    ] GC(2) Concurrent reset
[11.450s][info][gc,task     ] GC(2) Using 3 of 6 workers for concurrent reset
[11.450s][info][gc,ergo     ] GC(2) Pacer for Reset. Non-Taxable: 2048M
[11.451s][info][gc          ] GC(2) Concurrent reset 0.438ms
[11.451s][info][gc,start    ] GC(2) Pause Init Mark (unload classes)
[11.451s][info][gc,task     ] GC(2) Using 6 of 6 workers for init marking
[11.451s][info][gc,ergo     ] GC(2) Pacer for Mark. Expected Live: 31389K, Free: 1431M, Non-Taxable: 143M, Alloc Tax Rate: 0.0x
[11.451s][info][gc          ] GC(2) Pause Init Mark (unload classes) 0.080ms
[11.451s][info][gc,start    ] GC(2) Concurrent marking roots
[11.451s][info][gc,task     ] GC(2) Using 3 of 6 workers for concurrent marking roots
[11.451s][info][gc          ] GC(2) Concurrent marking roots 0.336ms
[11.451s][info][gc,start    ] GC(2) Concurrent marking (unload classes)
[11.451s][info][gc,task     ] GC(2) Using 3 of 6 workers for concurrent marking
[11.452s][info][gc          ] GC(2) Concurrent marking (unload classes) 0.881ms
[11.452s][info][gc,start    ] GC(2) Pause Final Mark (unload classes)
[11.452s][info][gc,task     ] GC(2) Using 6 of 6 workers for final marking
[11.452s][info][gc,ergo     ] GC(2) Collectable Garbage: 315M (98%), Immediate: 315M (98%), CSet: 0B (0%)
[11.452s][info][gc          ] GC(2) Pause Final Mark (unload classes) 0.154ms
[11.452s][info][gc,start    ] GC(2) Concurrent weak references
[11.453s][info][gc,task     ] GC(2) Using 3 of 6 workers for concurrent weak references
[11.453s][info][gc,ref      ] GC(2) Encountered references: Soft: 92, Weak: 116, Final: 0, Phantom: 7
[11.453s][info][gc,ref      ] GC(2) Discovered  references: Soft: 0, Weak: 84, Final: 0, Phantom: 5
[11.453s][info][gc,ref      ] GC(2) Enqueued    references: Soft: 0, Weak: 0, Final: 0, Phantom: 0
[11.453s][info][gc          ] GC(2) Concurrent weak references 0.106ms
[11.453s][info][gc,start    ] GC(2) Concurrent weak roots
[11.453s][info][gc,task     ] GC(2) Using 3 of 6 workers for concurrent weak root
[11.453s][info][gc          ] GC(2) Concurrent weak roots 0.157ms
[11.453s][info][gc,start    ] GC(2) Concurrent cleanup
[11.453s][info][gc          ] GC(2) Concurrent cleanup 482M->167M(2048M) 0.036ms
[11.453s][info][gc,ergo     ] GC(2) Free: 1774M, Max: 1024K regular, 1422M humongous, Frag: 20% external, 0% internal; Reserve: 103M, Max: 1024K
[11.453s][info][gc,start    ] GC(2) Concurrent class unloading
[11.453s][info][gc,task     ] GC(2) Using 3 of 6 workers for concurrent class unloading
[11.453s][info][gc          ] GC(2) Concurrent class unloading 0.239ms
[11.453s][info][gc,start    ] GC(2) Pause Final Roots
[11.453s][info][gc          ] GC(2) Pause Final Roots 0.016ms
[11.453s][info][gc,ergo     ] Free: 1774M, Max: 1024K regular, 1422M humongous, Frag: 20% external, 0% internal; Reserve: 103M, Max: 1024K
[11.453s][info][gc,stats    ] 
[11.453s][info][gc,stats    ] All times are wall-clock times, except per-root-class counters, that are sum over
[11.453s][info][gc,stats    ] all workers. Dividing the <total> over the root stage time estimates parallelism.
[11.453s][info][gc,stats    ] 
[11.453s][info][gc,stats    ] Concurrent Reset                    462 us
[11.453s][info][gc,stats    ] Pause Init Mark (G)                 127 us
[11.453s][info][gc,stats    ] Pause Init Mark (N)                  90 us
[11.453s][info][gc,stats    ]   Update Region States               26 us
[11.453s][info][gc,stats    ] Concurrent Mark Roots               358 us, parallelism: 1.20x
[11.453s][info][gc,stats    ]   CMR: <total>                      430 us
[11.453s][info][gc,stats    ]   CMR: Thread Roots                 376 us, workers (us): 234,  45,  97, ---, ---, ---, 
[11.453s][info][gc,stats    ]   CMR: VM Strong Roots                6 us, workers (us):   0,   3,   3, ---, ---, ---, 
[11.453s][info][gc,stats    ]   CMR: CLDG Roots                    47 us, workers (us): ---,  47, ---, ---, ---, ---, 
[11.453s][info][gc,stats    ] Concurrent Marking                  912 us
[11.453s][info][gc,stats    ] Pause Final Mark (G)                235 us
[11.453s][info][gc,stats    ] Pause Final Mark (N)                169 us
[11.453s][info][gc,stats    ]   Finish Mark                        23 us
[11.453s][info][gc,stats    ]   Update Region States               28 us
[11.453s][info][gc,stats    ]   Choose Collection Set              45 us
[11.453s][info][gc,stats    ]   Rebuild Free Set                   16 us
[11.453s][info][gc,stats    ] Concurrent Weak References          118 us, parallelism: 0.08x
[11.453s][info][gc,stats    ]   CWRF: <total>                       9 us
[11.453s][info][gc,stats    ]   CWRF: Weak References               9 us, workers (us):   7,   2,   0, ---, ---, ---, 
[11.453s][info][gc,stats    ] Concurrent Weak Roots               177 us
[11.453s][info][gc,stats    ]   Roots                              98 us, parallelism: 1.15x
[11.453s][info][gc,stats    ]     CWR: <total>                    112 us
[11.453s][info][gc,stats    ]     CWR: Code Cache Roots            54 us, workers (us):  49,   5,   0, ---, ---, ---, 
[11.453s][info][gc,stats    ]     CWR: VM Weak Roots               57 us, workers (us):  23,  24,  10, ---, ---, ---, 
[11.453s][info][gc,stats    ]     CWR: CLDG Roots                   1 us, workers (us): ---, ---,   1, ---, ---, ---, 
[11.453s][info][gc,stats    ]   Rendezvous                         34 us
[11.453s][info][gc,stats    ] Concurrent Cleanup                   46 us
[11.453s][info][gc,stats    ] Concurrent Class Unloading          259 us
[11.453s][info][gc,stats    ]   Unlink Stale                      165 us
[11.453s][info][gc,stats    ]     System Dictionary                 2 us
[11.453s][info][gc,stats    ]     Weak Class Links                  0 us
[11.453s][info][gc,stats    ]     Code Roots                      163 us
[11.454s][info][gc,stats    ]   Rendezvous                         28 us
[11.454s][info][gc,stats    ]   Purge Unlinked                     28 us
[11.454s][info][gc,stats    ]     Code Roots                       25 us
[11.454s][info][gc,stats    ]     CLDG                              3 us
[11.454s][info][gc,stats    ]     Exception Caches                  0 us
[11.454s][info][gc,stats    ] Pause Final Roots (G)                52 us
[11.454s][info][gc,stats    ] Pause Final Roots (N)                24 us
[11.454s][info][gc,stats    ] Pacing                            60933 us
[11.454s][info][gc,stats    ] 
[11.454s][info][gc,stats    ] Allocation pacing accrued:
[11.454s][info][gc,stats    ]      61 of  3402 ms (  1.8%): main
[11.454s][info][gc,stats    ]      61 of  3402 ms (  1.8%): <total>
[11.454s][info][gc,stats    ]       5 of  3402 ms (  0.1%): <average total>
[11.454s][info][gc,stats    ]      61 of  3402 ms (  1.8%): <average non-zero>
[11.454s][info][gc,stats    ] 
[11.454s][info][gc,metaspace] Metaspace: 1017K(1216K)->1017K(1216K) NonClass: 936K(1024K)->936K(1024K) Class: 81K(192K)->81K(192K)
[11.454s][info][gc,ergo     ] Pacer for Idle. Initial: 41943K, Alloc Tax Rate: 1.0x
[13.564s][info][gc          ] Trigger: Learning 4 of 5. Free (1363M) is below initial threshold (1433M)
[13.564s][info][gc,ergo     ] Free: 1363M, Max: 1024K regular, 1321M humongous, Frag: 4% external, 0% internal; Reserve: 103M, Max: 1024K
[13.564s][info][gc,start    ] GC(3) Concurrent reset
[13.564s][info][gc,task     ] GC(3) Using 3 of 6 workers for concurrent reset
[13.564s][info][gc,ergo     ] GC(3) Pacer for Reset. Non-Taxable: 2048M
[13.565s][info][gc          ] GC(3) Concurrent reset 1.218ms
[13.565s][info][gc,start    ] GC(3) Pause Init Mark (unload classes)
[13.565s][info][gc,task     ] GC(3) Using 6 of 6 workers for init marking
[13.565s][info][gc,ergo     ] GC(3) Pacer for Mark. Expected Live: 76103K, Free: 1363M, Non-Taxable: 136M, Alloc Tax Rate: 0.1x
[13.565s][info][gc          ] GC(3) Pause Init Mark (unload classes) 0.070ms
[13.565s][info][gc,start    ] GC(3) Concurrent marking roots
[13.565s][info][gc,task     ] GC(3) Using 3 of 6 workers for concurrent marking roots
[13.565s][info][gc          ] GC(3) Concurrent marking roots 0.257ms
[13.565s][info][gc,start    ] GC(3) Concurrent marking (unload classes)
[13.565s][info][gc,task     ] GC(3) Using 3 of 6 workers for concurrent marking
[13.566s][info][gc          ] GC(3) Concurrent marking (unload classes) 0.692ms
[13.566s][info][gc,start    ] GC(3) Pause Final Mark (unload classes)
[13.566s][info][gc,task     ] GC(3) Using 6 of 6 workers for final marking
[13.566s][info][gc,ergo     ] GC(3) Collectable Garbage: 451M (98%), Immediate: 451M (98%), CSet: 0B (0%)
[13.566s][info][gc          ] GC(3) Pause Final Mark (unload classes) 0.123ms
[13.566s][info][gc,start    ] GC(3) Concurrent weak references
[13.566s][info][gc,task     ] GC(3) Using 3 of 6 workers for concurrent weak references
[13.566s][info][gc,ref      ] GC(3) Encountered references: Soft: 92, Weak: 116, Final: 0, Phantom: 7
[13.566s][info][gc,ref      ] GC(3) Discovered  references: Soft: 0, Weak: 70, Final: 0, Phantom: 5
[13.566s][info][gc,ref      ] GC(3) Enqueued    references: Soft: 0, Weak: 0, Final: 0, Phantom: 0
[13.566s][info][gc          ] GC(3) Concurrent weak references 0.091ms
[13.566s][info][gc,start    ] GC(3) Concurrent weak roots
[13.566s][info][gc,task     ] GC(3) Using 3 of 6 workers for concurrent weak root
[13.566s][info][gc          ] GC(3) Concurrent weak roots 0.125ms
[13.566s][info][gc,start    ] GC(3) Concurrent cleanup
[13.566s][info][gc          ] GC(3) Concurrent cleanup 563M->112M(2048M) 0.032ms
[13.567s][info][gc,ergo     ] GC(3) Free: 1831M, Max: 1024K regular, 1321M humongous, Frag: 28% external, 0% internal; Reserve: 103M, Max: 1024K
[13.567s][info][gc,start    ] GC(3) Concurrent class unloading
[13.567s][info][gc,task     ] GC(3) Using 3 of 6 workers for concurrent class unloading
[13.567s][info][gc          ] GC(3) Concurrent class unloading 0.211ms
[13.567s][info][gc,start    ] GC(3) Pause Final Roots
[13.567s][info][gc          ] GC(3) Pause Final Roots 0.016ms
[13.567s][info][gc,ergo     ] Free: 1831M, Max: 1024K regular, 1321M humongous, Frag: 28% external, 0% internal; Reserve: 103M, Max: 1024K
[13.567s][info][gc,stats    ] 
[13.567s][info][gc,stats    ] All times are wall-clock times, except per-root-class counters, that are sum over
[13.567s][info][gc,stats    ] all workers. Dividing the <total> over the root stage time estimates parallelism.
[13.567s][info][gc,stats    ] 
[13.567s][info][gc,stats    ] Concurrent Reset                   1245 us
[13.567s][info][gc,stats    ] Pause Init Mark (G)                 116 us
[13.567s][info][gc,stats    ] Pause Init Mark (N)                  81 us
[13.567s][info][gc,stats    ]   Update Region States               24 us
[13.567s][info][gc,stats    ] Concurrent Mark Roots               273 us, parallelism: 1.43x
[13.567s][info][gc,stats    ]   CMR: <total>                      390 us
[13.567s][info][gc,stats    ]   CMR: Thread Roots                 343 us, workers (us):  60, 204,  79, ---, ---, ---, 
[13.567s][info][gc,stats    ]   CMR: VM Strong Roots                5 us, workers (us):   3,   1,   0, ---, ---, ---, 
[13.567s][info][gc,stats    ]   CMR: CLDG Roots                    42 us, workers (us):  42, ---, ---, ---, ---, ---, 
[13.567s][info][gc,stats    ] Concurrent Marking                  711 us
[13.567s][info][gc,stats    ] Pause Final Mark (G)                163 us
[13.567s][info][gc,stats    ] Pause Final Mark (N)                132 us
[13.567s][info][gc,stats    ]   Finish Mark                        30 us
[13.567s][info][gc,stats    ]   Update Region States               23 us
[13.567s][info][gc,stats    ]   Choose Collection Set              28 us
[13.567s][info][gc,stats    ]   Rebuild Free Set                    9 us
[13.567s][info][gc,stats    ] Concurrent Weak References           99 us, parallelism: 0.04x
[13.567s][info][gc,stats    ]   CWRF: <total>                       4 us
[13.567s][info][gc,stats    ]   CWRF: Weak References               4 us, workers (us):   3,   1,   0, ---, ---, ---, 
[13.567s][info][gc,stats    ] Concurrent Weak Roots               139 us
[13.567s][info][gc,stats    ]   Roots                              81 us, parallelism: 1.10x
[13.567s][info][gc,stats    ]     CWR: <total>                     89 us
[13.567s][info][gc,stats    ]     CWR: Code Cache Roots            47 us, workers (us):   0,  43,   4, ---, ---, ---, 
[13.567s][info][gc,stats    ]     CWR: VM Weak Roots               42 us, workers (us):  15,  13,  13, ---, ---, ---, 
[13.567s][info][gc,stats    ]     CWR: CLDG Roots                   1 us, workers (us):   1, ---, ---, ---, ---, ---, 
[13.567s][info][gc,stats    ]   Rendezvous                         26 us
[13.567s][info][gc,stats    ] Concurrent Cleanup                   42 us
[13.567s][info][gc,stats    ] Concurrent Class Unloading          228 us
[13.567s][info][gc,stats    ]   Unlink Stale                      146 us
[13.567s][info][gc,stats    ]     System Dictionary                 1 us
[13.567s][info][gc,stats    ]     Weak Class Links                  0 us
[13.567s][info][gc,stats    ]     Code Roots                      144 us
[13.567s][info][gc,stats    ]   Rendezvous                         25 us
[13.567s][info][gc,stats    ]   Purge Unlinked                     24 us
[13.567s][info][gc,stats    ]     Code Roots                       21 us
[13.567s][info][gc,stats    ]     CLDG                              3 us
[13.567s][info][gc,stats    ]     Exception Caches                  0 us
[13.567s][info][gc,stats    ] Pause Final Roots (G)                65 us
[13.567s][info][gc,stats    ] Pause Final Roots (N)                24 us
[13.567s][info][gc,stats    ] Pacing                            62594 us
[13.567s][info][gc,stats    ] 
[13.567s][info][gc,stats    ] Allocation pacing accrued:
[13.567s][info][gc,stats    ]      63 of  2114 ms (  3.0%): main
[13.567s][info][gc,stats    ]      63 of  2114 ms (  3.0%): <total>
[13.567s][info][gc,stats    ]       5 of  2114 ms (  0.2%): <average total>
[13.567s][info][gc,stats    ]      63 of  2114 ms (  3.0%): <average non-zero>
[13.567s][info][gc,stats    ] 
[13.567s][info][gc,metaspace] Metaspace: 1019K(1216K)->1019K(1216K) NonClass: 938K(1024K)->938K(1024K) Class: 81K(192K)->81K(192K)
[13.567s][info][gc,ergo     ] Pacer for Idle. Initial: 41943K, Alloc Tax Rate: 1.0x
[17.727s][info][gc          ] Trigger: Learning 5 of 5. Free (1403M) is below initial threshold (1433M)
[17.727s][info][gc,ergo     ] Free: 1403M, Max: 1024K regular, 1321M humongous, Frag: 6% external, 0% internal; Reserve: 103M, Max: 1024K
[17.727s][info][gc,start    ] GC(4) Concurrent reset
[17.727s][info][gc,task     ] GC(4) Using 3 of 6 workers for concurrent reset
[17.727s][info][gc,ergo     ] GC(4) Pacer for Reset. Non-Taxable: 2048M
[17.731s][info][gc          ] GC(4) Concurrent reset 3.683ms
[17.731s][info][gc,start    ] GC(4) Pause Init Mark (unload classes)
[17.731s][info][gc,task     ] GC(4) Using 6 of 6 workers for init marking
[17.731s][info][gc,ergo     ] GC(4) Pacer for Mark. Expected Live: 84380K, Free: 1403M, Non-Taxable: 140M, Alloc Tax Rate: 0.1x
[17.731s][info][gc          ] GC(4) Pause Init Mark (unload classes) 0.099ms
[17.731s][info][gc,start    ] GC(4) Concurrent marking roots
[17.731s][info][gc,task     ] GC(4) Using 3 of 6 workers for concurrent marking roots
[17.731s][info][gc          ] GC(4) Concurrent marking roots 0.264ms
[17.731s][info][gc,start    ] GC(4) Concurrent marking (unload classes)
[17.731s][info][gc,task     ] GC(4) Using 3 of 6 workers for concurrent marking
[17.732s][info][gc          ] GC(4) Concurrent marking (unload classes) 0.772ms
[17.732s][info][gc,start    ] GC(4) Pause Final Mark (unload classes)
[17.732s][info][gc,task     ] GC(4) Using 6 of 6 workers for final marking
[17.732s][info][gc,ergo     ] GC(4) Collectable Garbage: 424M (98%), Immediate: 424M (98%), CSet: 0B (0%)
[17.732s][info][gc          ] GC(4) Pause Final Mark (unload classes) 0.279ms
[17.733s][info][gc,start    ] GC(4) Concurrent weak references
[17.733s][info][gc,task     ] GC(4) Using 3 of 6 workers for concurrent weak references
[17.733s][info][gc,ref      ] GC(4) Encountered references: Soft: 92, Weak: 116, Final: 0, Phantom: 7
[17.733s][info][gc,ref      ] GC(4) Discovered  references: Soft: 0, Weak: 95, Final: 0, Phantom: 5
[17.733s][info][gc,ref      ] GC(4) Enqueued    references: Soft: 0, Weak: 0, Final: 0, Phantom: 0
[17.733s][info][gc          ] GC(4) Concurrent weak references 0.119ms
[17.733s][info][gc,start    ] GC(4) Concurrent weak roots
[17.733s][info][gc,task     ] GC(4) Using 3 of 6 workers for concurrent weak root
[17.733s][info][gc          ] GC(4) Concurrent weak roots 0.208ms
[17.733s][info][gc,start    ] GC(4) Concurrent cleanup
[17.733s][info][gc          ] GC(4) Concurrent cleanup 506M->82M(2048M) 0.034ms
[17.733s][info][gc,ergo     ] GC(4) Free: 1860M, Max: 1024K regular, 1499M humongous, Frag: 20% external, 0% internal; Reserve: 103M, Max: 1024K
[17.733s][info][gc,start    ] GC(4) Concurrent class unloading
[17.733s][info][gc,task     ] GC(4) Using 3 of 6 workers for concurrent class unloading
[17.733s][info][gc          ] GC(4) Concurrent class unloading 0.256ms
[17.733s][info][gc,start    ] GC(4) Pause Final Roots
[17.733s][info][gc          ] GC(4) Pause Final Roots 0.015ms
[17.733s][info][gc,ergo     ] Free: 1860M, Max: 1024K regular, 1499M humongous, Frag: 20% external, 0% internal; Reserve: 103M, Max: 1024K
[17.733s][info][gc,stats    ] 
[17.733s][info][gc,stats    ] All times are wall-clock times, except per-root-class counters, that are sum over
[17.733s][info][gc,stats    ] all workers. Dividing the <total> over the root stage time estimates parallelism.
[17.733s][info][gc,stats    ] 
[17.733s][info][gc,stats    ] Concurrent Reset                   3712 us
[17.733s][info][gc,stats    ] Pause Init Mark (G)                 173 us
[17.733s][info][gc,stats    ] Pause Init Mark (N)                 107 us
[17.733s][info][gc,stats    ]   Update Region States               51 us
[17.733s][info][gc,stats    ] Concurrent Mark Roots               282 us, parallelism: 1.22x
[17.733s][info][gc,stats    ]   CMR: <total>                      344 us
[17.733s][info][gc,stats    ]   CMR: Thread Roots                 306 us, workers (us): 203,  44,  59, ---, ---, ---, 
[17.733s][info][gc,stats    ]   CMR: VM Strong Roots                6 us, workers (us):   2,   2,   2, ---, ---, ---, 
[17.733s][info][gc,stats    ]   CMR: CLDG Roots                    32 us, workers (us): ---,  32, ---, ---, ---, ---, 
[17.733s][info][gc,stats    ] Concurrent Marking                  790 us
[17.733s][info][gc,stats    ] Pause Final Mark (G)                371 us
[17.733s][info][gc,stats    ] Pause Final Mark (N)                295 us
[17.733s][info][gc,stats    ]   Finish Mark                        34 us
[17.733s][info][gc,stats    ]   Update Region States               53 us
[17.734s][info][gc,stats    ]   Choose Collection Set             151 us
[17.734s][info][gc,stats    ]   Rebuild Free Set                   10 us
[17.734s][info][gc,stats    ] Concurrent Weak References          128 us, parallelism: 0.04x
[17.734s][info][gc,stats    ]   CWRF: <total>                       5 us
[17.734s][info][gc,stats    ]   CWRF: Weak References               5 us, workers (us):   4,   0,   0, ---, ---, ---, 
[17.734s][info][gc,stats    ] Concurrent Weak Roots               226 us
[17.734s][info][gc,stats    ]   Roots                             118 us, parallelism: 0.81x
[17.734s][info][gc,stats    ]     CWR: <total>                     96 us
[17.734s][info][gc,stats    ]     CWR: Code Cache Roots            39 us, workers (us):   6,  33,   0, ---, ---, ---, 
[17.734s][info][gc,stats    ]     CWR: VM Weak Roots               57 us, workers (us):  30,  27,   0, ---, ---, ---, 
[17.734s][info][gc,stats    ]     CWR: CLDG Roots                   1 us, workers (us): ---,   1, ---, ---, ---, ---, 
[17.734s][info][gc,stats    ]   Rendezvous                         74 us
[17.734s][info][gc,stats    ] Concurrent Cleanup                   44 us
[17.734s][info][gc,stats    ] Concurrent Class Unloading          272 us
[17.734s][info][gc,stats    ]   Unlink Stale                      180 us
[17.734s][info][gc,stats    ]     System Dictionary                 1 us
[17.734s][info][gc,stats    ]     Weak Class Links                  0 us
[17.734s][info][gc,stats    ]     Code Roots                      178 us
[17.734s][info][gc,stats    ]   Rendezvous                         29 us
[17.734s][info][gc,stats    ]   Purge Unlinked                     29 us
[17.734s][info][gc,stats    ]     Code Roots                       25 us
[17.734s][info][gc,stats    ]     CLDG                              3 us
[17.734s][info][gc,stats    ]     Exception Caches                  0 us
[17.734s][info][gc,stats    ] Pause Final Roots (G)                85 us
[17.734s][info][gc,stats    ] Pause Final Roots (N)                24 us
[17.734s][info][gc,stats    ] Pacing                            45648 us
[17.734s][info][gc,stats    ] 
[17.734s][info][gc,stats    ] Allocation pacing accrued:
[17.734s][info][gc,stats    ]      46 of  4167 ms (  1.1%): main
[17.734s][info][gc,stats    ]      46 of  4167 ms (  1.1%): <total>
[17.734s][info][gc,stats    ]       4 of  4167 ms (  0.1%): <average total>
[17.734s][info][gc,stats    ]      46 of  4167 ms (  1.1%): <average non-zero>
[17.734s][info][gc,stats    ] 
[17.734s][info][gc,metaspace] Metaspace: 1023K(1216K)->1023K(1216K) NonClass: 941K(1024K)->941K(1024K) Class: 81K(192K)->81K(192K)
[17.734s][info][gc,ergo     ] Pacer for Idle. Initial: 41943K, Alloc Tax Rate: 1.0x
[30.022s][info][gc          ] Trigger: Free (125M) is below minimum threshold (204M)
[30.022s][info][gc,ergo     ] Free: 125M, Max: 1024K regular, 123M humongous, Frag: 2% external, 0% internal; Reserve: 103M, Max: 1024K
[30.022s][info][gc,start    ] GC(5) Concurrent reset
[30.022s][info][gc,task     ] GC(5) Using 3 of 6 workers for concurrent reset
[30.022s][info][gc,ergo     ] GC(5) Pacer for Reset. Non-Taxable: 2048M
[30.022s][info][gc          ] GC(5) Concurrent reset 0.520ms
[30.053s][info][gc,start    ] GC(5) Pause Init Mark (unload classes)
[30.053s][info][gc,task     ] GC(5) Using 6 of 6 workers for init marking
[30.053s][info][gc,ergo     ] GC(5) Pacer for Mark. Expected Live: 83203K, Free: 125M, Non-Taxable: 12800K, Alloc Tax Rate: 0.8x
[30.053s][info][gc          ] GC(5) Pause Init Mark (unload classes) 0.132ms
[30.053s][info][gc,start    ] GC(5) Concurrent marking roots
[30.053s][info][gc,task     ] GC(5) Using 3 of 6 workers for concurrent marking roots
[30.054s][info][gc          ] GC(5) Concurrent marking roots 0.329ms
[30.054s][info][gc,start    ] GC(5) Concurrent marking (unload classes)
[30.054s][info][gc,task     ] GC(5) Using 3 of 6 workers for concurrent marking
[30.055s][info][gc          ] GC(5) Concurrent marking (unload classes) 0.960ms
[30.055s][info][gc,start    ] GC(5) Pause Final Mark (unload classes)
[30.055s][info][gc,task     ] GC(5) Using 6 of 6 workers for final marking
[30.055s][info][gc,ergo     ] GC(5) Collectable Garbage: 1564M (99%), Immediate: 1564M (99%), CSet: 0B (0%)
[30.055s][info][gc          ] GC(5) Pause Final Mark (unload classes) 0.226ms
[30.055s][info][gc,start    ] GC(5) Concurrent weak references
[30.055s][info][gc,task     ] GC(5) Using 3 of 6 workers for concurrent weak references
[30.055s][info][gc,ref      ] GC(5) Encountered references: Soft: 92, Weak: 116, Final: 0, Phantom: 7
[30.055s][info][gc,ref      ] GC(5) Discovered  references: Soft: 0, Weak: 68, Final: 0, Phantom: 5
[30.055s][info][gc,ref      ] GC(5) Enqueued    references: Soft: 0, Weak: 0, Final: 0, Phantom: 0
[30.055s][info][gc          ] GC(5) Concurrent weak references 0.148ms
[30.055s][info][gc,start    ] GC(5) Concurrent weak roots
[30.055s][info][gc,task     ] GC(5) Using 3 of 6 workers for concurrent weak root
[30.055s][info][gc          ] GC(5) Concurrent weak roots 0.116ms
[30.055s][info][gc,start    ] GC(5) Concurrent cleanup
[30.055s][info][gc          ] GC(5) Concurrent cleanup 1728M->164M(2048M) 0.085ms
[30.055s][info][gc,ergo     ] GC(5) Free: 1778M, Max: 1024K regular, 1546M humongous, Frag: 14% external, 0% internal; Reserve: 103M, Max: 1024K
[30.055s][info][gc,start    ] GC(5) Concurrent class unloading
[30.055s][info][gc,task     ] GC(5) Using 3 of 6 workers for concurrent class unloading
[30.056s][info][gc          ] GC(5) Concurrent class unloading 0.227ms
[30.056s][info][gc,start    ] GC(5) Pause Final Roots
[30.056s][info][gc          ] GC(5) Pause Final Roots 0.018ms
[30.056s][info][gc,ergo     ] Free: 1778M, Max: 1024K regular, 1546M humongous, Frag: 14% external, 0% internal; Reserve: 103M, Max: 1024K
[30.056s][info][gc,stats    ] 
[30.056s][info][gc,stats    ] All times are wall-clock times, except per-root-class counters, that are sum over
[30.056s][info][gc,stats    ] all workers. Dividing the <total> over the root stage time estimates parallelism.
[30.056s][info][gc,stats    ] 
[30.056s][info][gc,stats    ] Concurrent Reset                    541 us
[30.056s][info][gc,stats    ] Pause Init Mark (G)               30780 us
[30.056s][info][gc,stats    ] Pause Init Mark (N)                 142 us
[30.056s][info][gc,stats    ]   Update Region States               39 us
[30.056s][info][gc,stats    ] Concurrent Mark Roots               348 us, parallelism: 0.94x
[30.056s][info][gc,stats    ]   CMR: <total>                      326 us
[30.056s][info][gc,stats    ]   CMR: Thread Roots                 291 us, workers (us): 193,  40,  58, ---, ---, ---, 
[30.056s][info][gc,stats    ]   CMR: VM Strong Roots                4 us, workers (us):   3,   0,   0, ---, ---, ---, 
[30.056s][info][gc,stats    ]   CMR: CLDG Roots                    31 us, workers (us):  31, ---, ---, ---, ---, ---, 
[30.056s][info][gc,stats    ] Concurrent Marking                  978 us
[30.056s][info][gc,stats    ] Pause Final Mark (G)                290 us
[30.056s][info][gc,stats    ] Pause Final Mark (N)                235 us
[30.056s][info][gc,stats    ]   Finish Mark                        85 us
[30.056s][info][gc,stats    ]   Update Region States               56 us
[30.056s][info][gc,stats    ]   Choose Collection Set              49 us
[30.056s][info][gc,stats    ]   Rebuild Free Set                    8 us
[30.056s][info][gc,stats    ] Concurrent Weak References          156 us, parallelism: 0.02x
[30.056s][info][gc,stats    ]   CWRF: <total>                       3 us
[30.056s][info][gc,stats    ]   CWRF: Weak References               3 us, workers (us):   3,   0,   0, ---, ---, ---, 
[30.056s][info][gc,stats    ] Concurrent Weak Roots               132 us
[30.056s][info][gc,stats    ]   Roots                              75 us, parallelism: 1.10x
[30.056s][info][gc,stats    ]     CWR: <total>                     82 us
[30.056s][info][gc,stats    ]     CWR: Code Cache Roots            39 us, workers (us):   8,  31,   0, ---, ---, ---, 
[30.056s][info][gc,stats    ]     CWR: VM Weak Roots               42 us, workers (us):  21,  20,   0, ---, ---, ---, 
[30.056s][info][gc,stats    ]     CWR: CLDG Roots                   1 us, workers (us):   1, ---, ---, ---, ---, ---, 
[30.056s][info][gc,stats    ]   Rendezvous                         24 us
[30.056s][info][gc,stats    ] Concurrent Cleanup                   95 us
[30.056s][info][gc,stats    ] Concurrent Class Unloading          238 us
[30.056s][info][gc,stats    ]   Unlink Stale                      142 us
[30.056s][info][gc,stats    ]     System Dictionary                 2 us
[30.056s][info][gc,stats    ]     Weak Class Links                  0 us
[30.056s][info][gc,stats    ]     Code Roots                      140 us
[30.056s][info][gc,stats    ]   Rendezvous                         19 us
[30.056s][info][gc,stats    ]   Purge Unlinked                     50 us
[30.056s][info][gc,stats    ]     Code Roots                       47 us
[30.056s][info][gc,stats    ]     CLDG                              3 us
[30.056s][info][gc,stats    ]     Exception Caches                  0 us
[30.056s][info][gc,stats    ] Pause Final Roots (G)                57 us
[30.056s][info][gc,stats    ] Pause Final Roots (N)                34 us
[30.056s][info][gc,stats    ] Pacing                           241856 us
[30.056s][info][gc,stats    ] 
[30.056s][info][gc,stats    ] Allocation pacing accrued:
[30.056s][info][gc,stats    ]     242 of 12322 ms (  2.0%): main
[30.056s][info][gc,stats    ]     242 of 12322 ms (  2.0%): <total>
[30.056s][info][gc,stats    ]      19 of 12322 ms (  0.2%): <average total>
[30.056s][info][gc,stats    ]     242 of 12322 ms (  2.0%): <average non-zero>
[30.056s][info][gc,stats    ] 
[30.056s][info][gc,metaspace] Metaspace: 1057K(1216K)->1057K(1216K) NonClass: 975K(1024K)->975K(1024K) Class: 81K(192K)->81K(192K)
[30.056s][info][gc,ergo     ] Pacer for Idle. Initial: 41943K, Alloc Tax Rate: 1.0x
[41.553s][info][gc          ] Trigger: Free (145M) is below minimum threshold (204M)
[41.553s][info][gc,ergo     ] Free: 145M, Max: 1024K regular, 63488K humongous, Frag: 58% external, 0% internal; Reserve: 103M, Max: 1024K
[41.553s][info][gc,start    ] GC(6) Concurrent reset
[41.553s][info][gc,task     ] GC(6) Using 3 of 6 workers for concurrent reset
[41.553s][info][gc,ergo     ] GC(6) Pacer for Reset. Non-Taxable: 2048M
[41.554s][info][gc          ] GC(6) Concurrent reset 1.294ms
[41.583s][info][gc,start    ] GC(6) Pause Init Mark (unload classes)
[41.584s][info][gc,task     ] GC(6) Using 6 of 6 workers for init marking
[41.584s][info][gc,ergo     ] GC(6) Pacer for Mark. Expected Live: 108M, Free: 145M, Non-Taxable: 14848K, Alloc Tax Rate: 0.9x
[41.584s][info][gc          ] GC(6) Pause Init Mark (unload classes) 0.153ms
[41.584s][info][gc,start    ] GC(6) Concurrent marking roots
[41.584s][info][gc,task     ] GC(6) Using 3 of 6 workers for concurrent marking roots
[41.584s][info][gc          ] GC(6) Concurrent marking roots 0.257ms
[41.584s][info][gc,start    ] GC(6) Concurrent marking (unload classes)
[41.584s][info][gc,task     ] GC(6) Using 3 of 6 workers for concurrent marking
[41.585s][info][gc          ] GC(6) Concurrent marking (unload classes) 0.837ms
[41.585s][info][gc,start    ] GC(6) Pause Final Mark (unload classes)
[41.585s][info][gc,task     ] GC(6) Using 6 of 6 workers for final marking
[41.585s][info][gc,ergo     ] GC(6) Collectable Garbage: 1545M (99%), Immediate: 1545M (99%), CSet: 0B (0%)
[41.585s][info][gc          ] GC(6) Pause Final Mark (unload classes) 0.232ms
[41.585s][info][gc,start    ] GC(6) Concurrent weak references
[41.585s][info][gc,task     ] GC(6) Using 3 of 6 workers for concurrent weak references
[41.585s][info][gc,ref      ] GC(6) Encountered references: Soft: 92, Weak: 116, Final: 0, Phantom: 7
[41.585s][info][gc,ref      ] GC(6) Discovered  references: Soft: 0, Weak: 66, Final: 0, Phantom: 3
[41.585s][info][gc,ref      ] GC(6) Enqueued    references: Soft: 0, Weak: 0, Final: 0, Phantom: 0
[41.585s][info][gc          ] GC(6) Concurrent weak references 0.104ms
[41.585s][info][gc,start    ] GC(6) Concurrent weak roots
[41.585s][info][gc,task     ] GC(6) Using 3 of 6 workers for concurrent weak root
[41.585s][info][gc          ] GC(6) Concurrent weak roots 0.116ms
[41.585s][info][gc,start    ] GC(6) Concurrent cleanup
[41.585s][info][gc          ] GC(6) Concurrent cleanup 1709M->164M(2048M) 0.077ms
[41.585s][info][gc,ergo     ] GC(6) Free: 1778M, Max: 1024K regular, 1372M humongous, Frag: 23% external, 0% internal; Reserve: 103M, Max: 1024K
[41.585s][info][gc,start    ] GC(6) Concurrent class unloading
[41.585s][info][gc,task     ] GC(6) Using 3 of 6 workers for concurrent class unloading
[41.586s][info][gc          ] GC(6) Concurrent class unloading 0.237ms
[41.586s][info][gc,start    ] GC(6) Pause Final Roots
[41.586s][info][gc          ] GC(6) Pause Final Roots 0.018ms
[41.586s][info][gc,ergo     ] Free: 1778M, Max: 1024K regular, 1372M humongous, Frag: 23% external, 0% internal; Reserve: 103M, Max: 1024K
[41.586s][info][gc,stats    ] 
[41.586s][info][gc,stats    ] All times are wall-clock times, except per-root-class counters, that are sum over
[41.586s][info][gc,stats    ] all workers. Dividing the <total> over the root stage time estimates parallelism.
[41.586s][info][gc,stats    ] 
[41.586s][info][gc,stats    ] Concurrent Reset                   1318 us
[41.586s][info][gc,stats    ] Pause Init Mark (G)               29630 us
[41.586s][info][gc,stats    ] Pause Init Mark (N)                 163 us
[41.586s][info][gc,stats    ]   Update Region States               70 us
[41.586s][info][gc,stats    ] Concurrent Mark Roots               271 us, parallelism: 1.15x
[41.586s][info][gc,stats    ]   CMR: <total>                      311 us
[41.586s][info][gc,stats    ]   CMR: Thread Roots                 271 us, workers (us): 168,  52,  51, ---, ---, ---, 
[41.586s][info][gc,stats    ]   CMR: VM Strong Roots                5 us, workers (us):   3,   2,   0, ---, ---, ---, 
[41.586s][info][gc,stats    ]   CMR: CLDG Roots                    35 us, workers (us):  35, ---, ---, ---, ---, ---, 
[41.586s][info][gc,stats    ] Concurrent Marking                  856 us
[41.586s][info][gc,stats    ] Pause Final Mark (G)                273 us
[41.586s][info][gc,stats    ] Pause Final Mark (N)                242 us
[41.586s][info][gc,stats    ]   Finish Mark                        67 us
[41.586s][info][gc,stats    ]   Update Region States               67 us
[41.586s][info][gc,stats    ]   Choose Collection Set              59 us
[41.586s][info][gc,stats    ]   Rebuild Free Set                    8 us
[41.586s][info][gc,stats    ] Concurrent Weak References          112 us, parallelism: 0.03x
[41.586s][info][gc,stats    ]   CWRF: <total>                       4 us
[41.586s][info][gc,stats    ]   CWRF: Weak References               4 us, workers (us):   3,   1,   0, ---, ---, ---, 
[41.586s][info][gc,stats    ] Concurrent Weak Roots               132 us
[41.586s][info][gc,stats    ]   Roots                              69 us, parallelism: 1.23x
[41.586s][info][gc,stats    ]     CWR: <total>                     85 us
[41.586s][info][gc,stats    ]     CWR: Code Cache Roots            41 us, workers (us):   9,  32,   0, ---, ---, ---, 
[41.586s][info][gc,stats    ]     CWR: VM Weak Roots               44 us, workers (us):  16,  14,  13, ---, ---, ---, 
[41.586s][info][gc,stats    ]     CWR: CLDG Roots                   1 us, workers (us): ---, ---,   1, ---, ---, ---, 
[41.586s][info][gc,stats    ]   Rendezvous                         30 us
[41.586s][info][gc,stats    ] Concurrent Cleanup                   87 us
[41.586s][info][gc,stats    ] Concurrent Class Unloading          251 us
[41.586s][info][gc,stats    ]   Unlink Stale                      142 us
[41.586s][info][gc,stats    ]     System Dictionary                 1 us
[41.586s][info][gc,stats    ]     Weak Class Links                  0 us
[41.586s][info][gc,stats    ]     Code Roots                      140 us
[41.586s][info][gc,stats    ]   Rendezvous                         55 us
[41.586s][info][gc,stats    ]   Purge Unlinked                     23 us
[41.586s][info][gc,stats    ]     Code Roots                       20 us
[41.586s][info][gc,stats    ]     CLDG                              3 us
[41.586s][info][gc,stats    ]     Exception Caches                  0 us
[41.586s][info][gc,stats    ] Pause Final Roots (G)                82 us
[41.586s][info][gc,stats    ] Pause Final Roots (N)                27 us
[41.586s][info][gc,stats    ] Pacing                           219590 us
[41.586s][info][gc,stats    ] 
[41.586s][info][gc,stats    ] Allocation pacing accrued:
[41.586s][info][gc,stats    ]     220 of 11530 ms (  1.9%): main
[41.586s][info][gc,stats    ]     220 of 11530 ms (  1.9%): <total>
[41.586s][info][gc,stats    ]      17 of 11530 ms (  0.1%): <average total>
[41.586s][info][gc,stats    ]     220 of 11530 ms (  1.9%): <average non-zero>
[41.586s][info][gc,stats    ] 
[41.586s][info][gc,metaspace] Metaspace: 1058K(1216K)->1058K(1216K) NonClass: 976K(1024K)->976K(1024K) Class: 81K(192K)->81K(192K)
[41.586s][info][gc,ergo     ] Pacer for Idle. Initial: 41943K, Alloc Tax Rate: 1.0x
[53.056s][info][gc          ] Trigger: Free (149M) is below minimum threshold (204M)
[53.056s][info][gc,ergo     ] Free: 149M, Max: 1024K regular, 107M humongous, Frag: 29% external, 0% internal; Reserve: 103M, Max: 1024K
[53.056s][info][gc,start    ] GC(7) Concurrent reset
[53.056s][info][gc,task     ] GC(7) Using 3 of 6 workers for concurrent reset
[53.056s][info][gc,ergo     ] GC(7) Pacer for Reset. Non-Taxable: 2048M
[53.057s][info][gc          ] GC(7) Concurrent reset 1.087ms
[53.057s][info][gc,start    ] GC(7) Pause Init Mark (unload classes)
[53.057s][info][gc,task     ] GC(7) Using 6 of 6 workers for init marking
[53.057s][info][gc,ergo     ] GC(7) Pacer for Mark. Expected Live: 131M, Free: 149M, Non-Taxable: 15350K, Alloc Tax Rate: 1.1x
[53.057s][info][gc          ] GC(7) Pause Init Mark (unload classes) 0.149ms
[53.057s][info][gc,start    ] GC(7) Concurrent marking roots
[53.057s][info][gc,task     ] GC(7) Using 3 of 6 workers for concurrent marking roots
[53.057s][info][gc          ] GC(7) Concurrent marking roots 0.260ms
[53.057s][info][gc,start    ] GC(7) Concurrent marking (unload classes)
[53.057s][info][gc,task     ] GC(7) Using 3 of 6 workers for concurrent marking
[53.058s][info][gc          ] GC(7) Concurrent marking (unload classes) 0.739ms
[53.058s][info][gc,start    ] GC(7) Pause Final Mark (unload classes)
[53.058s][info][gc,task     ] GC(7) Using 6 of 6 workers for final marking
[53.059s][info][gc,ergo     ] GC(7) Collectable Garbage: 1589M (99%), Immediate: 1589M (99%), CSet: 0B (0%)
[53.059s][info][gc          ] GC(7) Pause Final Mark (unload classes) 0.328ms
[53.059s][info][gc,start    ] GC(7) Concurrent weak references
[53.059s][info][gc,task     ] GC(7) Using 3 of 6 workers for concurrent weak references
[53.059s][info][gc,ref      ] GC(7) Encountered references: Soft: 92, Weak: 116, Final: 0, Phantom: 7
[53.059s][info][gc,ref      ] GC(7) Discovered  references: Soft: 0, Weak: 69, Final: 0, Phantom: 5
[53.059s][info][gc,ref      ] GC(7) Enqueued    references: Soft: 0, Weak: 0, Final: 0, Phantom: 0
[53.059s][info][gc          ] GC(7) Concurrent weak references 0.143ms
[53.059s][info][gc,start    ] GC(7) Concurrent weak roots
[53.059s][info][gc,task     ] GC(7) Using 3 of 6 workers for concurrent weak root
[53.059s][info][gc          ] GC(7) Concurrent weak roots 0.239ms
[53.059s][info][gc,start    ] GC(7) Concurrent cleanup
[53.059s][info][gc          ] GC(7) Concurrent cleanup 1703M->114M(2048M) 0.080ms
[53.059s][info][gc,ergo     ] GC(7) Free: 1828M, Max: 1024K regular, 1384M humongous, Frag: 25% external, 0% internal; Reserve: 103M, Max: 1024K
[53.059s][info][gc,start    ] GC(7) Concurrent class unloading
[53.059s][info][gc,task     ] GC(7) Using 3 of 6 workers for concurrent class unloading
[53.059s][info][gc          ] GC(7) Concurrent class unloading 0.285ms
[53.060s][info][gc,start    ] GC(7) Pause Final Roots
[53.060s][info][gc          ] GC(7) Pause Final Roots 0.019ms
[53.060s][info][gc,ergo     ] Free: 1828M, Max: 1024K regular, 1384M humongous, Frag: 25% external, 0% internal; Reserve: 103M, Max: 1024K
[53.060s][info][gc,stats    ] 
[53.060s][info][gc,stats    ] All times are wall-clock times, except per-root-class counters, that are sum over
[53.060s][info][gc,stats    ] all workers. Dividing the <total> over the root stage time estimates parallelism.
[53.060s][info][gc,stats    ] 
[53.060s][info][gc,stats    ] Concurrent Reset                   1110 us
[53.060s][info][gc,stats    ] Pause Init Mark (G)                 192 us
[53.060s][info][gc,stats    ] Pause Init Mark (N)                 158 us
[53.060s][info][gc,stats    ]   Update Region States               95 us
[53.060s][info][gc,stats    ] Concurrent Mark Roots               272 us, parallelism: 1.20x
[53.060s][info][gc,stats    ]   CMR: <total>                      327 us
[53.060s][info][gc,stats    ]   CMR: Thread Roots                 290 us, workers (us):  36,  72, 181, ---, ---, ---, 
[53.060s][info][gc,stats    ]   CMR: VM Strong Roots                5 us, workers (us):   2,   2,   0, ---, ---, ---, 
[53.060s][info][gc,stats    ]   CMR: CLDG Roots                    33 us, workers (us):  33, ---, ---, ---, ---, ---, 
[53.060s][info][gc,stats    ] Concurrent Marking                  753 us
[53.060s][info][gc,stats    ] Pause Final Mark (G)                437 us
[53.060s][info][gc,stats    ] Pause Final Mark (N)                339 us
[53.060s][info][gc,stats    ]   Finish Mark                       143 us
[53.060s][info][gc,stats    ]   Update Region States               88 us
[53.060s][info][gc,stats    ]   Choose Collection Set              59 us
[53.060s][info][gc,stats    ]   Rebuild Free Set                    8 us
[53.060s][info][gc,stats    ] Concurrent Weak References          152 us, parallelism: 0.02x
[53.060s][info][gc,stats    ]   CWRF: <total>                       3 us
[53.060s][info][gc,stats    ]   CWRF: Weak References               3 us, workers (us):   2,   1,   0, ---, ---, ---, 
[53.060s][info][gc,stats    ] Concurrent Weak Roots               257 us
[53.060s][info][gc,stats    ]   Roots                             132 us, parallelism: 0.68x
[53.060s][info][gc,stats    ]     CWR: <total>                     90 us
[53.060s][info][gc,stats    ]     CWR: Code Cache Roots            48 us, workers (us):   0,  14,  34, ---, ---, ---, 
[53.060s][info][gc,stats    ]     CWR: VM Weak Roots               41 us, workers (us):  38,   2,   1, ---, ---, ---, 
[53.060s][info][gc,stats    ]     CWR: CLDG Roots                   1 us, workers (us):   1, ---, ---, ---, ---, ---, 
[53.060s][info][gc,stats    ]   Rendezvous                         90 us
[53.060s][info][gc,stats    ] Concurrent Cleanup                   91 us
[53.060s][info][gc,stats    ] Concurrent Class Unloading          303 us
[53.060s][info][gc,stats    ]   Unlink Stale                      187 us
[53.060s][info][gc,stats    ]     System Dictionary                 1 us
[53.060s][info][gc,stats    ]     Weak Class Links                  0 us
[53.060s][info][gc,stats    ]     Code Roots                      185 us
[53.060s][info][gc,stats    ]   Rendezvous                         58 us
[53.060s][info][gc,stats    ]   Purge Unlinked                     24 us
[53.060s][info][gc,stats    ]     Code Roots                       21 us
[53.060s][info][gc,stats    ]     CLDG                              2 us
[53.060s][info][gc,stats    ]     Exception Caches                  0 us
[53.060s][info][gc,stats    ] Pause Final Roots (G)                83 us
[53.060s][info][gc,stats    ] Pause Final Roots (N)                28 us
[53.060s][info][gc,stats    ] Pacing                           215970 us
[53.060s][info][gc,stats    ] 
[53.060s][info][gc,stats    ] Allocation pacing accrued:
[53.060s][info][gc,stats    ]     216 of 11474 ms (  1.9%): main
[53.060s][info][gc,stats    ]     216 of 11474 ms (  1.9%): <total>
[53.060s][info][gc,stats    ]      17 of 11474 ms (  0.1%): <average total>
[53.060s][info][gc,stats    ]     216 of 11474 ms (  1.9%): <average non-zero>
[53.060s][info][gc,stats    ] 
[53.060s][info][gc,metaspace] Metaspace: 1068K(1280K)->1068K(1280K) NonClass: 986K(1088K)->986K(1088K) Class: 81K(192K)->81K(192K)
[53.060s][info][gc,ergo     ] Pacer for Idle. Initial: 41943K, Alloc Tax Rate: 1.0x
[64.515s][info][gc          ] Trigger: Free (199M) is below minimum threshold (204M)
[64.515s][info][gc,ergo     ] Free: 199M, Max: 1024K regular, 129M humongous, Frag: 36% external, 0% internal; Reserve: 103M, Max: 1024K
[64.515s][info][gc,start    ] GC(8) Concurrent reset
[64.515s][info][gc,task     ] GC(8) Using 3 of 6 workers for concurrent reset
[64.515s][info][gc,ergo     ] GC(8) Pacer for Reset. Non-Taxable: 2048M
[64.516s][info][gc          ] GC(8) Concurrent reset 0.569ms
[64.516s][info][gc,start    ] GC(8) Pause Init Mark (unload classes)
[64.516s][info][gc,task     ] GC(8) Using 6 of 6 workers for init marking
[64.516s][info][gc,ergo     ] GC(8) Pacer for Mark. Expected Live: 120M, Free: 199M, Non-Taxable: 20470K, Alloc Tax Rate: 0.7x
[64.516s][info][gc          ] GC(8) Pause Init Mark (unload classes) 0.110ms
[64.516s][info][gc,start    ] GC(8) Concurrent marking roots
[64.516s][info][gc,task     ] GC(8) Using 3 of 6 workers for concurrent marking roots
[64.517s][info][gc          ] GC(8) Concurrent marking roots 0.372ms
[64.517s][info][gc,start    ] GC(8) Concurrent marking (unload classes)
[64.517s][info][gc,task     ] GC(8) Using 3 of 6 workers for concurrent marking
[64.518s][info][gc          ] GC(8) Concurrent marking (unload classes) 1.089ms
[64.518s][info][gc,start    ] GC(8) Pause Final Mark (unload classes)
[64.518s][info][gc,task     ] GC(8) Using 6 of 6 workers for final marking
[64.518s][info][gc,ergo     ] GC(8) Collectable Garbage: 1540M (99%), Immediate: 1540M (99%), CSet: 0B (0%)
[64.518s][info][gc          ] GC(8) Pause Final Mark (unload classes) 0.224ms
[64.518s][info][gc,start    ] GC(8) Concurrent weak references
[64.518s][info][gc,task     ] GC(8) Using 3 of 6 workers for concurrent weak references
[64.518s][info][gc,ref      ] GC(8) Encountered references: Soft: 92, Weak: 116, Final: 0, Phantom: 7
[64.518s][info][gc,ref      ] GC(8) Discovered  references: Soft: 0, Weak: 73, Final: 0, Phantom: 5
[64.518s][info][gc,ref      ] GC(8) Enqueued    references: Soft: 0, Weak: 0, Final: 0, Phantom: 0
[64.518s][info][gc          ] GC(8) Concurrent weak references 0.101ms
[64.518s][info][gc,start    ] GC(8) Concurrent weak roots
[64.518s][info][gc,task     ] GC(8) Using 3 of 6 workers for concurrent weak root
[64.518s][info][gc          ] GC(8) Concurrent weak roots 0.142ms
[64.518s][info][gc,start    ] GC(8) Concurrent cleanup
[64.518s][info][gc          ] GC(8) Concurrent cleanup 1654M->114M(2048M) 0.096ms
[64.518s][info][gc,ergo     ] GC(8) Free: 1828M, Max: 1024K regular, 1390M humongous, Frag: 24% external, 0% internal; Reserve: 103M, Max: 1024K
[64.518s][info][gc,start    ] GC(8) Concurrent class unloading
[64.518s][info][gc,task     ] GC(8) Using 3 of 6 workers for concurrent class unloading
[64.519s][info][gc          ] GC(8) Concurrent class unloading 0.290ms
[64.519s][info][gc,start    ] GC(8) Pause Final Roots
[64.519s][info][gc          ] GC(8) Pause Final Roots 0.021ms
[64.519s][info][gc,ergo     ] Free: 1828M, Max: 1024K regular, 1390M humongous, Frag: 24% external, 0% internal; Reserve: 103M, Max: 1024K
[64.519s][info][gc,stats    ] 
[64.519s][info][gc,stats    ] All times are wall-clock times, except per-root-class counters, that are sum over
[64.519s][info][gc,stats    ] all workers. Dividing the <total> over the root stage time estimates parallelism.
[64.519s][info][gc,stats    ] 
[64.519s][info][gc,stats    ] Concurrent Reset                    602 us
[64.519s][info][gc,stats    ] Pause Init Mark (G)                 160 us
[64.519s][info][gc,stats    ] Pause Init Mark (N)                 124 us
[64.519s][info][gc,stats    ]   Update Region States               25 us
[64.519s][info][gc,stats    ] Concurrent Mark Roots               398 us, parallelism: 1.34x
[64.519s][info][gc,stats    ]   CMR: <total>                      535 us
[64.519s][info][gc,stats    ]   CMR: Thread Roots                 480 us, workers (us):  73, 100, 307, ---, ---, ---, 
[64.519s][info][gc,stats    ]   CMR: VM Strong Roots                8 us, workers (us):   3,   2,   2, ---, ---, ---, 
[64.519s][info][gc,stats    ]   CMR: CLDG Roots                    47 us, workers (us):  47, ---, ---, ---, ---, ---, 
[64.519s][info][gc,stats    ] Concurrent Marking                 1123 us
[64.519s][info][gc,stats    ] Pause Final Mark (G)                286 us
[64.519s][info][gc,stats    ] Pause Final Mark (N)                240 us
[64.519s][info][gc,stats    ]   Finish Mark                        51 us
[64.519s][info][gc,stats    ]   Update Region States               36 us
[64.519s][info][gc,stats    ]   Choose Collection Set              81 us
[64.519s][info][gc,stats    ]   Rebuild Free Set                   16 us
[64.519s][info][gc,stats    ] Concurrent Weak References          110 us, parallelism: 0.07x
[64.519s][info][gc,stats    ]   CWRF: <total>                       7 us
[64.519s][info][gc,stats    ]   CWRF: Weak References               7 us, workers (us):   6,   1,   0, ---, ---, ---, 
[64.519s][info][gc,stats    ] Concurrent Weak Roots               157 us
[64.519s][info][gc,stats    ]   Roots                              95 us, parallelism: 1.34x
[64.519s][info][gc,stats    ]     CWR: <total>                    127 us
[64.519s][info][gc,stats    ]     CWR: Code Cache Roots            73 us, workers (us):  22,  51,   0, ---, ---, ---, 
[64.519s][info][gc,stats    ]     CWR: VM Weak Roots               54 us, workers (us):  19,  18,  17, ---, ---, ---, 
[64.519s][info][gc,stats    ]     CWR: CLDG Roots                   1 us, workers (us): ---, ---,   1, ---, ---, ---, 
[64.519s][info][gc,stats    ]   Rendezvous                         30 us
[64.519s][info][gc,stats    ] Concurrent Cleanup                  112 us
[64.519s][info][gc,stats    ] Concurrent Class Unloading          314 us
[64.519s][info][gc,stats    ]   Unlink Stale                      202 us
[64.519s][info][gc,stats    ]     System Dictionary                 2 us
[64.519s][info][gc,stats    ]     Weak Class Links                  0 us
[64.519s][info][gc,stats    ]     Code Roots                      200 us
[64.519s][info][gc,stats    ]   Rendezvous                         33 us
[64.519s][info][gc,stats    ]   Purge Unlinked                     33 us
[64.519s][info][gc,stats    ]     Code Roots                       29 us
[64.519s][info][gc,stats    ]     CLDG                              3 us
[64.519s][info][gc,stats    ]     Exception Caches                  0 us
[64.519s][info][gc,stats    ] Pause Final Roots (G)                62 us
[64.519s][info][gc,stats    ] Pause Final Roots (N)                33 us
[64.519s][info][gc,stats    ] Pacing                           216929 us
[64.519s][info][gc,stats    ] 
[64.519s][info][gc,stats    ] Allocation pacing accrued:
[64.519s][info][gc,stats    ]     217 of 11459 ms (  1.9%): main
[64.519s][info][gc,stats    ]     217 of 11459 ms (  1.9%): <total>
[64.519s][info][gc,stats    ]      17 of 11459 ms (  0.1%): <average total>
[64.519s][info][gc,stats    ]     217 of 11459 ms (  1.9%): <average non-zero>
[64.519s][info][gc,stats    ] 
[64.519s][info][gc,metaspace] Metaspace: 1069K(1280K)->1069K(1280K) NonClass: 987K(1088K)->987K(1088K) Class: 81K(192K)->81K(192K)
[64.520s][info][gc,ergo     ] Pacer for Idle. Initial: 41943K, Alloc Tax Rate: 1.0x
[76.293s][info][gc          ] Trigger: Free (199M) is below minimum threshold (204M)
[76.293s][info][gc,ergo     ] Free: 199M, Max: 1024K regular, 129M humongous, Frag: 36% external, 0% internal; Reserve: 103M, Max: 1024K
[76.293s][info][gc,start    ] GC(9) Concurrent reset
[76.293s][info][gc,task     ] GC(9) Using 3 of 6 workers for concurrent reset
[76.293s][info][gc,ergo     ] GC(9) Pacer for Reset. Non-Taxable: 2048M
[76.294s][info][gc          ] GC(9) Concurrent reset 0.240ms
[76.294s][info][gc,start    ] GC(9) Pause Init Mark (unload classes)
[76.294s][info][gc,task     ] GC(9) Using 6 of 6 workers for init marking
[76.294s][info][gc,ergo     ] GC(9) Pacer for Mark. Expected Live: 120M, Free: 199M, Non-Taxable: 20470K, Alloc Tax Rate: 0.7x
[76.294s][info][gc          ] GC(9) Pause Init Mark (unload classes) 0.091ms
[76.294s][info][gc,start    ] GC(9) Concurrent marking roots
[76.294s][info][gc,task     ] GC(9) Using 3 of 6 workers for concurrent marking roots
[76.294s][info][gc          ] GC(9) Concurrent marking roots 0.282ms
[76.294s][info][gc,start    ] GC(9) Concurrent marking (unload classes)
[76.294s][info][gc,task     ] GC(9) Using 3 of 6 workers for concurrent marking
[76.295s][info][gc          ] GC(9) Concurrent marking (unload classes) 0.679ms
[76.295s][info][gc,start    ] GC(9) Pause Final Mark (unload classes)
[76.295s][info][gc,task     ] GC(9) Using 6 of 6 workers for final marking
[76.295s][info][gc,ergo     ] GC(9) Collectable Garbage: 1627M (99%), Immediate: 1627M (99%), CSet: 0B (0%)
[76.295s][info][gc          ] GC(9) Pause Final Mark (unload classes) 0.267ms
[76.295s][info][gc,start    ] GC(9) Concurrent weak references
[76.295s][info][gc,task     ] GC(9) Using 3 of 6 workers for concurrent weak references
[76.295s][info][gc,ref      ] GC(9) Encountered references: Soft: 92, Weak: 116, Final: 0, Phantom: 7
[76.295s][info][gc,ref      ] GC(9) Discovered  references: Soft: 0, Weak: 70, Final: 0, Phantom: 5
[76.295s][info][gc,ref      ] GC(9) Enqueued    references: Soft: 0, Weak: 0, Final: 0, Phantom: 0
[76.295s][info][gc          ] GC(9) Concurrent weak references 0.093ms
[76.295s][info][gc,start    ] GC(9) Concurrent weak roots
[76.295s][info][gc,task     ] GC(9) Using 3 of 6 workers for concurrent weak root
[76.295s][info][gc          ] GC(9) Concurrent weak roots 0.149ms
[76.295s][info][gc,start    ] GC(9) Concurrent cleanup
[76.296s][info][gc          ] GC(9) Concurrent cleanup 1651M->24M(2048M) 0.093ms
[76.296s][info][gc,ergo     ] GC(9) Free: 1918M, Max: 1024K regular, 1377M humongous, Frag: 29% external, 0% internal; Reserve: 103M, Max: 1024K
[76.296s][info][gc,start    ] GC(9) Concurrent class unloading
[76.296s][info][gc,task     ] GC(9) Using 3 of 6 workers for concurrent class unloading
[76.296s][info][gc          ] GC(9) Concurrent class unloading 0.277ms
[76.296s][info][gc,start    ] GC(9) Pause Final Roots
[76.296s][info][gc          ] GC(9) Pause Final Roots 0.017ms
[76.296s][info][gc,ergo     ] Free: 1918M, Max: 1024K regular, 1377M humongous, Frag: 29% external, 0% internal; Reserve: 103M, Max: 1024K
[76.296s][info][gc,stats    ] 
[76.296s][info][gc,stats    ] All times are wall-clock times, except per-root-class counters, that are sum over
[76.296s][info][gc,stats    ] all workers. Dividing the <total> over the root stage time estimates parallelism.
[76.296s][info][gc,stats    ] 
[76.296s][info][gc,stats    ] Concurrent Reset                    266 us
[76.296s][info][gc,stats    ] Pause Init Mark (G)                 142 us
[76.296s][info][gc,stats    ] Pause Init Mark (N)                 104 us
[76.296s][info][gc,stats    ]   Update Region States               26 us
[76.296s][info][gc,stats    ] Concurrent Mark Roots               298 us, parallelism: 1.38x
[76.296s][info][gc,stats    ]   CMR: <total>                      412 us
[76.296s][info][gc,stats    ]   CMR: Thread Roots                 364 us, workers (us):  45, 225,  95, ---, ---, ---, 
[76.296s][info][gc,stats    ]   CMR: VM Strong Roots                7 us, workers (us):   3,   2,   2, ---, ---, ---, 
[76.296s][info][gc,stats    ]   CMR: CLDG Roots                    41 us, workers (us):  41, ---, ---, ---, ---, ---, 
[76.296s][info][gc,stats    ] Concurrent Marking                  693 us
[76.296s][info][gc,stats    ] Pause Final Mark (G)                313 us
[76.296s][info][gc,stats    ] Pause Final Mark (N)                277 us
[76.296s][info][gc,stats    ]   Finish Mark                        68 us
[76.296s][info][gc,stats    ]   Update Region States               51 us
[76.296s][info][gc,stats    ]   Choose Collection Set              59 us
[76.296s][info][gc,stats    ]   Rebuild Free Set                    8 us
[76.296s][info][gc,stats    ] Concurrent Weak References          106 us, parallelism: 0.05x
[76.296s][info][gc,stats    ]   CWRF: <total>                       6 us
[76.296s][info][gc,stats    ]   CWRF: Weak References               6 us, workers (us):   4,   1,   0, ---, ---, ---, 
[76.296s][info][gc,stats    ] Concurrent Weak Roots               167 us
[76.296s][info][gc,stats    ]   Roots                              93 us, parallelism: 1.53x
[76.296s][info][gc,stats    ]     CWR: <total>                    142 us
[76.296s][info][gc,stats    ]     CWR: Code Cache Roots            71 us, workers (us):   0,  22,  49, ---, ---, ---, 
[76.296s][info][gc,stats    ]     CWR: VM Weak Roots               70 us, workers (us):  26,  24,  20, ---, ---, ---, 
[76.296s][info][gc,stats    ]     CWR: CLDG Roots                   1 us, workers (us):   1, ---, ---, ---, ---, ---, 
[76.296s][info][gc,stats    ]   Rendezvous                         31 us
[76.296s][info][gc,stats    ] Concurrent Cleanup                  107 us
[76.296s][info][gc,stats    ] Concurrent Class Unloading          292 us
[76.296s][info][gc,stats    ]   Unlink Stale                      182 us
[76.296s][info][gc,stats    ]     System Dictionary                 1 us
[76.296s][info][gc,stats    ]     Weak Class Links                  0 us
[76.296s][info][gc,stats    ]     Code Roots                      180 us
[76.296s][info][gc,stats    ]   Rendezvous                         25 us
[76.296s][info][gc,stats    ]   Purge Unlinked                     53 us
[76.296s][info][gc,stats    ]     Code Roots                       49 us
[76.296s][info][gc,stats    ]     CLDG                              3 us
[76.296s][info][gc,stats    ]     Exception Caches                  0 us
[76.296s][info][gc,stats    ] Pause Final Roots (G)                49 us
[76.296s][info][gc,stats    ] Pause Final Roots (N)                26 us
[76.296s][info][gc,stats    ] Pacing                           211305 us
[76.296s][info][gc,stats    ] 
[76.296s][info][gc,stats    ] Allocation pacing accrued:
[76.296s][info][gc,stats    ]     211 of 11777 ms (  1.8%): main
[76.296s][info][gc,stats    ]     211 of 11777 ms (  1.8%): <total>
[76.296s][info][gc,stats    ]      16 of 11777 ms (  0.1%): <average total>
[76.296s][info][gc,stats    ]     211 of 11777 ms (  1.8%): <average non-zero>
[76.296s][info][gc,stats    ] 
[76.296s][info][gc,metaspace] Metaspace: 1069K(1280K)->1069K(1280K) NonClass: 987K(1088K)->987K(1088K) Class: 81K(192K)->81K(192K)
[76.296s][info][gc,ergo     ] Pacer for Idle. Initial: 41943K, Alloc Tax Rate: 1.0x
[88.836s][info][gc          ] Trigger: Free (104M) is below minimum threshold (204M)
[88.837s][info][gc,ergo     ] Free: 104M, Max: 1024K regular, 101M humongous, Frag: 3% external, 0% internal; Reserve: 103M, Max: 1024K
[88.837s][info][gc,start    ] GC(10) Concurrent reset
[88.837s][info][gc,task     ] GC(10) Using 3 of 6 workers for concurrent reset
[88.837s][info][gc,ergo     ] GC(10) Pacer for Reset. Non-Taxable: 2048M
[88.837s][info][gc          ] GC(10) Concurrent reset 0.208ms
[88.837s][info][gc,start    ] GC(10) Pause Init Mark (unload classes)
[88.837s][info][gc,task     ] GC(10) Using 6 of 6 workers for init marking
[88.837s][info][gc,ergo     ] GC(10) Pacer for Mark. Expected Live: 108M, Free: 104M, Non-Taxable: 10742K, Alloc Tax Rate: 1.3x
[88.837s][info][gc          ] GC(10) Pause Init Mark (unload classes) 0.110ms
[88.837s][info][gc,start    ] GC(10) Concurrent marking roots
[88.837s][info][gc,task     ] GC(10) Using 3 of 6 workers for concurrent marking roots
[88.837s][info][gc          ] GC(10) Concurrent marking roots 0.257ms
[88.837s][info][gc,start    ] GC(10) Concurrent marking (unload classes)
[88.837s][info][gc,task     ] GC(10) Using 3 of 6 workers for concurrent marking
[88.838s][info][gc          ] GC(10) Concurrent marking (unload classes) 0.727ms
[88.838s][info][gc,start    ] GC(10) Pause Final Mark (unload classes)
[88.838s][info][gc,task     ] GC(10) Using 6 of 6 workers for final marking
[88.838s][info][gc,ergo     ] GC(10) Collectable Garbage: 1595M (99%), Immediate: 1595M (99%), CSet: 0B (0%)
[88.838s][info][gc          ] GC(10) Pause Final Mark (unload classes) 0.202ms
[88.838s][info][gc,start    ] GC(10) Concurrent weak references
[88.838s][info][gc,task     ] GC(10) Using 3 of 6 workers for concurrent weak references
[88.838s][info][gc,ref      ] GC(10) Encountered references: Soft: 92, Weak: 116, Final: 0, Phantom: 7
[88.838s][info][gc,ref      ] GC(10) Discovered  references: Soft: 0, Weak: 69, Final: 0, Phantom: 5
[88.838s][info][gc,ref      ] GC(10) Enqueued    references: Soft: 0, Weak: 0, Final: 0, Phantom: 0
[88.838s][info][gc          ] GC(10) Concurrent weak references 0.108ms
[88.838s][info][gc,start    ] GC(10) Concurrent weak roots
[88.838s][info][gc,task     ] GC(10) Using 3 of 6 workers for concurrent weak root
[88.838s][info][gc          ] GC(10) Concurrent weak roots 0.120ms
[88.838s][info][gc,start    ] GC(10) Concurrent cleanup
[88.839s][info][gc          ] GC(10) Concurrent cleanup 1739M->144M(2048M) 0.079ms
[88.839s][info][gc,ergo     ] GC(10) Free: 1796M, Max: 1024K regular, 1348M humongous, Frag: 25% external, 0% internal; Reserve: 103M, Max: 1024K
[88.839s][info][gc,start    ] GC(10) Concurrent class unloading
[88.839s][info][gc,task     ] GC(10) Using 3 of 6 workers for concurrent class unloading
[88.839s][info][gc          ] GC(10) Concurrent class unloading 0.230ms
[88.839s][info][gc,start    ] GC(10) Pause Final Roots
[88.839s][info][gc          ] GC(10) Pause Final Roots 0.013ms
[88.839s][info][gc,ergo     ] Free: 1796M, Max: 1024K regular, 1348M humongous, Frag: 25% external, 0% internal; Reserve: 103M, Max: 1024K
[88.839s][info][gc,stats    ] 
[88.839s][info][gc,stats    ] All times are wall-clock times, except per-root-class counters, that are sum over
[88.839s][info][gc,stats    ] all workers. Dividing the <total> over the root stage time estimates parallelism.
[88.839s][info][gc,stats    ] 
[88.839s][info][gc,stats    ] Concurrent Reset                    220 us
[88.839s][info][gc,stats    ] Pause Init Mark (G)                 151 us
[88.839s][info][gc,stats    ] Pause Init Mark (N)                 119 us
[88.839s][info][gc,stats    ]   Update Region States               63 us
[88.839s][info][gc,stats    ] Concurrent Mark Roots               270 us, parallelism: 1.20x
[88.839s][info][gc,stats    ]   CMR: <total>                      324 us
[88.839s][info][gc,stats    ]   CMR: Thread Roots                 291 us, workers (us):  36,  72, 183, ---, ---, ---, 
[88.839s][info][gc,stats    ]   CMR: VM Strong Roots                4 us, workers (us):   2,   2,   0, ---, ---, ---, 
[88.839s][info][gc,stats    ]   CMR: CLDG Roots                    29 us, workers (us):  29, ---, ---, ---, ---, ---, 
[88.839s][info][gc,stats    ] Concurrent Marking                  742 us
[88.839s][info][gc,stats    ] Pause Final Mark (G)                276 us
[88.839s][info][gc,stats    ] Pause Final Mark (N)                212 us
[88.839s][info][gc,stats    ]   Finish Mark                        86 us
[88.839s][info][gc,stats    ]   Update Region States               29 us
[88.839s][info][gc,stats    ]   Choose Collection Set              52 us
[88.839s][info][gc,stats    ]   Rebuild Free Set                    8 us
[88.839s][info][gc,stats    ] Concurrent Weak References          115 us, parallelism: 0.03x
[88.839s][info][gc,stats    ]   CWRF: <total>                       4 us
[88.839s][info][gc,stats    ]   CWRF: Weak References               4 us, workers (us):   2,   1,   0, ---, ---, ---, 
[88.839s][info][gc,stats    ] Concurrent Weak Roots               133 us
[88.839s][info][gc,stats    ]   Roots                              74 us, parallelism: 1.20x
[88.839s][info][gc,stats    ]     CWR: <total>                     89 us
[88.839s][info][gc,stats    ]     CWR: Code Cache Roots            46 us, workers (us):  33,  13,   0, ---, ---, ---, 
[88.839s][info][gc,stats    ]     CWR: VM Weak Roots               42 us, workers (us):  22,  20,   0, ---, ---, ---, 
[88.839s][info][gc,stats    ]     CWR: CLDG Roots                   1 us, workers (us): ---,   1, ---, ---, ---, ---, 
[88.839s][info][gc,stats    ]   Rendezvous                         25 us
[88.839s][info][gc,stats    ] Concurrent Cleanup                   89 us
[88.839s][info][gc,stats    ] Concurrent Class Unloading          240 us
[88.839s][info][gc,stats    ]   Unlink Stale                      146 us
[88.839s][info][gc,stats    ]     System Dictionary                 1 us
[88.839s][info][gc,stats    ]     Weak Class Links                  0 us
[88.839s][info][gc,stats    ]     Code Roots                      144 us
[88.839s][info][gc,stats    ]   Rendezvous                         19 us
[88.839s][info][gc,stats    ]   Purge Unlinked                     49 us
[88.839s][info][gc,stats    ]     Code Roots                       46 us
[88.839s][info][gc,stats    ]     CLDG                              2 us
[88.839s][info][gc,stats    ]     Exception Caches                  0 us
[88.839s][info][gc,stats    ] Pause Final Roots (G)                42 us
[88.839s][info][gc,stats    ] Pause Final Roots (N)                22 us
[88.839s][info][gc,stats    ] Pacing                           231968 us
[88.839s][info][gc,stats    ] 
[88.839s][info][gc,stats    ] Allocation pacing accrued:
[88.839s][info][gc,stats    ]     232 of 12543 ms (  1.8%): main
[88.839s][info][gc,stats    ]     232 of 12543 ms (  1.8%): <total>
[88.839s][info][gc,stats    ]      18 of 12543 ms (  0.1%): <average total>
[88.839s][info][gc,stats    ]     232 of 12543 ms (  1.8%): <average non-zero>
[88.839s][info][gc,stats    ] 
[88.839s][info][gc,metaspace] Metaspace: 1069K(1280K)->1069K(1280K) NonClass: 987K(1088K)->987K(1088K) Class: 81K(192K)->81K(192K)
[88.839s][info][gc,ergo     ] Pacer for Idle. Initial: 41943K, Alloc Tax Rate: 1.0x
[101.365s][info][gc          ] Trigger: Free (200M) is below minimum threshold (204M)
[101.365s][info][gc,ergo     ] Free: 200M, Max: 1024K regular, 101M humongous, Frag: 50% external, 0% internal; Reserve: 103M, Max: 1024K
[101.365s][info][gc,start    ] GC(11) Concurrent reset
[101.365s][info][gc,task     ] GC(11) Using 3 of 6 workers for concurrent reset
[101.365s][info][gc,ergo     ] GC(11) Pacer for Reset. Non-Taxable: 2048M
[101.365s][info][gc          ] GC(11) Concurrent reset 0.288ms
[101.365s][info][gc,start    ] GC(11) Pause Init Mark (unload classes)
[101.365s][info][gc,task     ] GC(11) Using 6 of 6 workers for init marking
[101.366s][info][gc,ergo     ] GC(11) Pacer for Mark. Expected Live: 104M, Free: 200M, Non-Taxable: 20573K, Alloc Tax Rate: 0.6x
[101.366s][info][gc          ] GC(11) Pause Init Mark (unload classes) 0.119ms
[101.366s][info][gc,start    ] GC(11) Concurrent marking roots
[101.366s][info][gc,task     ] GC(11) Using 3 of 6 workers for concurrent marking roots
[101.366s][info][gc          ] GC(11) Concurrent marking roots 0.291ms
[101.366s][info][gc,start    ] GC(11) Concurrent marking (unload classes)
[101.366s][info][gc,task     ] GC(11) Using 3 of 6 workers for concurrent marking
[101.367s][info][gc          ] GC(11) Concurrent marking (unload classes) 0.690ms
[101.367s][info][gc,start    ] GC(11) Pause Final Mark (unload classes)
[101.367s][info][gc,task     ] GC(11) Using 6 of 6 workers for final marking
[101.367s][info][gc,ergo     ] GC(11) Collectable Garbage: 1542M (99%), Immediate: 1542M (99%), CSet: 0B (0%)
[101.367s][info][gc          ] GC(11) Pause Final Mark (unload classes) 0.193ms
[101.367s][info][gc,start    ] GC(11) Concurrent weak references
[101.367s][info][gc,task     ] GC(11) Using 3 of 6 workers for concurrent weak references
[101.367s][info][gc,ref      ] GC(11) Encountered references: Soft: 92, Weak: 116, Final: 0, Phantom: 7
[101.367s][info][gc,ref      ] GC(11) Discovered  references: Soft: 0, Weak: 95, Final: 0, Phantom: 5
[101.367s][info][gc,ref      ] GC(11) Enqueued    references: Soft: 0, Weak: 0, Final: 0, Phantom: 0
[101.367s][info][gc          ] GC(11) Concurrent weak references 0.102ms
[101.367s][info][gc,start    ] GC(11) Concurrent weak roots
[101.367s][info][gc,task     ] GC(11) Using 3 of 6 workers for concurrent weak root
[101.367s][info][gc          ] GC(11) Concurrent weak roots 0.155ms
[101.367s][info][gc,start    ] GC(11) Concurrent cleanup
[101.367s][info][gc          ] GC(11) Concurrent cleanup 1641M->99M(2048M) 0.077ms
[101.367s][info][gc,ergo     ] GC(11) Free: 1840M, Max: 1024K regular, 1079M humongous, Frag: 42% external, 0% internal; Reserve: 103M, Max: 1024K
[101.367s][info][gc,start    ] GC(11) Concurrent class unloading
[101.367s][info][gc,task     ] GC(11) Using 3 of 6 workers for concurrent class unloading
[101.368s][info][gc          ] GC(11) Concurrent class unloading 0.245ms
[101.368s][info][gc,start    ] GC(11) Pause Final Roots
[101.368s][info][gc          ] GC(11) Pause Final Roots 0.018ms
[101.368s][info][gc,ergo     ] Free: 1840M, Max: 1024K regular, 1079M humongous, Frag: 42% external, 0% internal; Reserve: 103M, Max: 1024K
[101.368s][info][gc,stats    ] 
[101.368s][info][gc,stats    ] All times are wall-clock times, except per-root-class counters, that are sum over
[101.368s][info][gc,stats    ] all workers. Dividing the <total> over the root stage time estimates parallelism.
[101.368s][info][gc,stats    ] 
[101.368s][info][gc,stats    ] Concurrent Reset                    319 us
[101.368s][info][gc,stats    ] Pause Init Mark (G)                 204 us
[101.368s][info][gc,stats    ] Pause Init Mark (N)                 132 us
[101.368s][info][gc,stats    ]   Update Region States               50 us
[101.368s][info][gc,stats    ] Concurrent Mark Roots               307 us, parallelism: 1.29x
[101.368s][info][gc,stats    ]   CMR: <total>                      397 us
[101.368s][info][gc,stats    ]   CMR: Thread Roots                 354 us, workers (us): 232,  60,  62, ---, ---, ---, 
[101.368s][info][gc,stats    ]   CMR: VM Strong Roots                6 us, workers (us):   2,   2,   2, ---, ---, ---, 
[101.368s][info][gc,stats    ]   CMR: CLDG Roots                    37 us, workers (us): ---,  37, ---, ---, ---, ---, 
[101.368s][info][gc,stats    ] Concurrent Marking                  707 us
[101.368s][info][gc,stats    ] Pause Final Mark (G)                279 us
[101.368s][info][gc,stats    ] Pause Final Mark (N)                211 us
[101.368s][info][gc,stats    ]   Finish Mark                        38 us
[101.368s][info][gc,stats    ]   Update Region States               58 us
[101.368s][info][gc,stats    ]   Choose Collection Set              58 us
[101.368s][info][gc,stats    ]   Rebuild Free Set                    8 us
[101.368s][info][gc,stats    ] Concurrent Weak References          110 us, parallelism: 0.05x
[101.368s][info][gc,stats    ]   CWRF: <total>                       5 us
[101.368s][info][gc,stats    ]   CWRF: Weak References               5 us, workers (us):   4,   1,   0, ---, ---, ---, 
[101.368s][info][gc,stats    ] Concurrent Weak Roots               168 us
[101.368s][info][gc,stats    ]   Roots                              77 us, parallelism: 1.19x
[101.368s][info][gc,stats    ]     CWR: <total>                     91 us
[101.368s][info][gc,stats    ]     CWR: Code Cache Roots            49 us, workers (us):  15,  34,   0, ---, ---, ---, 
[101.368s][info][gc,stats    ]     CWR: VM Weak Roots               41 us, workers (us):  21,  20,   0, ---, ---, ---, 
[101.368s][info][gc,stats    ]     CWR: CLDG Roots                   1 us, workers (us):   1, ---, ---, ---, ---, ---, 
[101.368s][info][gc,stats    ]   Rendezvous                         61 us
[101.368s][info][gc,stats    ] Concurrent Cleanup                   88 us
[101.368s][info][gc,stats    ] Concurrent Class Unloading          262 us
[101.368s][info][gc,stats    ]   Unlink Stale                      150 us
[101.368s][info][gc,stats    ]     System Dictionary                 1 us
[101.368s][info][gc,stats    ]     Weak Class Links                  0 us
[101.368s][info][gc,stats    ]     Code Roots                      148 us
[101.368s][info][gc,stats    ]   Rendezvous                         56 us
[101.368s][info][gc,stats    ]   Purge Unlinked                     23 us
[101.368s][info][gc,stats    ]     Code Roots                       20 us
[101.368s][info][gc,stats    ]     CLDG                              3 us
[101.368s][info][gc,stats    ]     Exception Caches                  0 us
[101.368s][info][gc,stats    ] Pause Final Roots (G)                91 us
[101.368s][info][gc,stats    ] Pause Final Roots (N)                27 us
[101.368s][info][gc,stats    ] Pacing                           200525 us
[101.368s][info][gc,stats    ] 
[101.368s][info][gc,stats    ] Allocation pacing accrued:
[101.368s][info][gc,stats    ]     201 of 12529 ms (  1.6%): main
[101.368s][info][gc,stats    ]     201 of 12529 ms (  1.6%): <total>
[101.368s][info][gc,stats    ]      15 of 12529 ms (  0.1%): <average total>
[101.368s][info][gc,stats    ]     201 of 12529 ms (  1.6%): <average non-zero>
[101.368s][info][gc,stats    ] 
[101.368s][info][gc,metaspace] Metaspace: 1069K(1280K)->1069K(1280K) NonClass: 987K(1088K)->987K(1088K) Class: 81K(192K)->81K(192K)
[101.368s][info][gc,ergo     ] Pacer for Idle. Initial: 41943K, Alloc Tax Rate: 1.0x
[112.925s][info][gc          ] Trigger: Free (186M) is below minimum threshold (204M)
[112.925s][info][gc,ergo     ] Free: 186M, Max: 1024K regular, 181M humongous, Frag: 3% external, 0% internal; Reserve: 103M, Max: 1024K
[112.925s][info][gc,start    ] GC(12) Concurrent reset
[112.925s][info][gc,task     ] GC(12) Using 3 of 6 workers for concurrent reset
[112.925s][info][gc,ergo     ] GC(12) Pacer for Reset. Non-Taxable: 2048M
[112.925s][info][gc          ] GC(12) Concurrent reset 0.592ms
[112.925s][info][gc,start    ] GC(12) Pause Init Mark (unload classes)
[112.925s][info][gc,task     ] GC(12) Using 6 of 6 workers for init marking
[112.926s][info][gc,ergo     ] GC(12) Pacer for Mark. Expected Live: 93852K, Free: 186M, Non-Taxable: 19139K, Alloc Tax Rate: 0.6x
[112.926s][info][gc          ] GC(12) Pause Init Mark (unload classes) 0.098ms
[112.926s][info][gc,start    ] GC(12) Concurrent marking roots
[112.926s][info][gc,task     ] GC(12) Using 3 of 6 workers for concurrent marking roots
[112.926s][info][gc          ] GC(12) Concurrent marking roots 0.246ms
[112.926s][info][gc,start    ] GC(12) Concurrent marking (unload classes)
[112.926s][info][gc,task     ] GC(12) Using 3 of 6 workers for concurrent marking
[112.927s][info][gc          ] GC(12) Concurrent marking (unload classes) 0.792ms
[112.927s][info][gc,start    ] GC(12) Pause Final Mark (unload classes)
[112.927s][info][gc,task     ] GC(12) Using 6 of 6 workers for final marking
[112.927s][info][gc,ergo     ] GC(12) Collectable Garbage: 1474M (99%), Immediate: 1474M (99%), CSet: 0B (0%)
[112.927s][info][gc          ] GC(12) Pause Final Mark (unload classes) 0.151ms
[112.927s][info][gc,start    ] GC(12) Concurrent weak references
[112.927s][info][gc,task     ] GC(12) Using 3 of 6 workers for concurrent weak references
[112.927s][info][gc,ref      ] GC(12) Encountered references: Soft: 92, Weak: 116, Final: 0, Phantom: 7
[112.927s][info][gc,ref      ] GC(12) Discovered  references: Soft: 0, Weak: 84, Final: 0, Phantom: 5
[112.927s][info][gc,ref      ] GC(12) Enqueued    references: Soft: 0, Weak: 0, Final: 0, Phantom: 0
[112.927s][info][gc          ] GC(12) Concurrent weak references 0.083ms
[112.927s][info][gc,start    ] GC(12) Concurrent weak roots
[112.927s][info][gc,task     ] GC(12) Using 3 of 6 workers for concurrent weak root
[112.927s][info][gc          ] GC(12) Concurrent weak roots 0.112ms
[112.927s][info][gc,start    ] GC(12) Concurrent cleanup
[112.927s][info][gc          ] GC(12) Concurrent cleanup 1663M->189M(2048M) 0.076ms
[112.927s][info][gc,ergo     ] GC(12) Free: 1750M, Max: 1024K regular, 1059M humongous, Frag: 40% external, 0% internal; Reserve: 103M, Max: 1024K
[112.927s][info][gc,start    ] GC(12) Concurrent class unloading
[112.927s][info][gc,task     ] GC(12) Using 3 of 6 workers for concurrent class unloading
[112.927s][info][gc          ] GC(12) Concurrent class unloading 0.224ms
[112.927s][info][gc,start    ] GC(12) Pause Final Roots
[112.927s][info][gc          ] GC(12) Pause Final Roots 0.018ms
[112.927s][info][gc,ergo     ] Free: 1750M, Max: 1024K regular, 1059M humongous, Frag: 40% external, 0% internal; Reserve: 103M, Max: 1024K
[112.928s][info][gc,stats    ] 
[112.928s][info][gc,stats    ] All times are wall-clock times, except per-root-class counters, that are sum over
[112.928s][info][gc,stats    ] all workers. Dividing the <total> over the root stage time estimates parallelism.
[112.928s][info][gc,stats    ] 
[112.928s][info][gc,stats    ] Concurrent Reset                    613 us
[112.928s][info][gc,stats    ] Pause Init Mark (G)                 170 us
[112.928s][info][gc,stats    ] Pause Init Mark (N)                 106 us
[112.928s][info][gc,stats    ]   Update Region States               51 us
[112.928s][info][gc,stats    ] Concurrent Mark Roots               261 us, parallelism: 1.30x
[112.928s][info][gc,stats    ]   CMR: <total>                      341 us
[112.928s][info][gc,stats    ]   CMR: Thread Roots                 303 us, workers (us):  59, 191,  53, ---, ---, ---, 
[112.928s][info][gc,stats    ]   CMR: VM Strong Roots                4 us, workers (us):   2,   2,   0, ---, ---, ---, 
[112.928s][info][gc,stats    ]   CMR: CLDG Roots                    34 us, workers (us): ---, ---,  34, ---, ---, ---, 
[112.928s][info][gc,stats    ] Concurrent Marking                  807 us
[112.928s][info][gc,stats    ] Pause Final Mark (G)                195 us
[112.928s][info][gc,stats    ] Pause Final Mark (N)                161 us
[112.928s][info][gc,stats    ]   Finish Mark                        30 us
[112.928s][info][gc,stats    ]   Update Region States               27 us
[112.928s][info][gc,stats    ]   Choose Collection Set              57 us
[112.928s][info][gc,stats    ]   Rebuild Free Set                    8 us
[112.928s][info][gc,stats    ] Concurrent Weak References           91 us, parallelism: 0.06x
[112.928s][info][gc,stats    ]   CWRF: <total>                       5 us
[112.928s][info][gc,stats    ]   CWRF: Weak References               5 us, workers (us):   5,   0,   0, ---, ---, ---, 
[112.928s][info][gc,stats    ] Concurrent Weak Roots               126 us
[112.928s][info][gc,stats    ]   Roots                              71 us, parallelism: 1.29x
[112.928s][info][gc,stats    ]     CWR: <total>                     92 us
[112.928s][info][gc,stats    ]     CWR: Code Cache Roots            49 us, workers (us):  35,   0,  15, ---, ---, ---, 
[112.928s][info][gc,stats    ]     CWR: VM Weak Roots               42 us, workers (us):  15,  14,  13, ---, ---, ---, 
[112.928s][info][gc,stats    ]     CWR: CLDG Roots                   1 us, workers (us): ---,   1, ---, ---, ---, ---, 
[112.928s][info][gc,stats    ]   Rendezvous                         24 us
[112.928s][info][gc,stats    ] Concurrent Cleanup                   86 us
[112.928s][info][gc,stats    ] Concurrent Class Unloading          237 us
[112.928s][info][gc,stats    ]   Unlink Stale                      156 us
[112.928s][info][gc,stats    ]     System Dictionary                 1 us
[112.928s][info][gc,stats    ]     Weak Class Links                  0 us
[112.928s][info][gc,stats    ]     Code Roots                      155 us
[112.928s][info][gc,stats    ]   Rendezvous                         27 us
[112.928s][info][gc,stats    ]   Purge Unlinked                     23 us
[112.928s][info][gc,stats    ]     Code Roots                       20 us
[112.928s][info][gc,stats    ]     CLDG                              2 us
[112.928s][info][gc,stats    ]     Exception Caches                  0 us
[112.928s][info][gc,stats    ] Pause Final Roots (G)                49 us
[112.928s][info][gc,stats    ] Pause Final Roots (N)                27 us
[112.928s][info][gc,stats    ] Pacing                           215745 us
[112.928s][info][gc,stats    ] 
[112.928s][info][gc,stats    ] Allocation pacing accrued:
[112.928s][info][gc,stats    ]     216 of 11560 ms (  1.9%): main
[112.928s][info][gc,stats    ]     216 of 11560 ms (  1.9%): <total>
[112.928s][info][gc,stats    ]      17 of 11560 ms (  0.1%): <average total>
[112.928s][info][gc,stats    ]     216 of 11560 ms (  1.9%): <average non-zero>
[112.928s][info][gc,stats    ] 
[112.928s][info][gc,metaspace] Metaspace: 1069K(1280K)->1069K(1280K) NonClass: 987K(1088K)->987K(1088K) Class: 81K(192K)->81K(192K)
[112.928s][info][gc,ergo     ] Pacer for Idle. Initial: 41943K, Alloc Tax Rate: 1.0x
[123.513s][info][gc          ] Trigger: Free (200M) is below minimum threshold (204M)
[123.513s][info][gc,ergo     ] Free: 200M, Max: 1024K regular, 81920K humongous, Frag: 60% external, 0% internal; Reserve: 103M, Max: 1024K
[123.514s][info][gc,start    ] GC(13) Concurrent reset
[123.514s][info][gc,task     ] GC(13) Using 3 of 6 workers for concurrent reset
[123.514s][info][gc,ergo     ] GC(13) Pacer for Reset. Non-Taxable: 2048M
[123.514s][info][gc          ] GC(13) Concurrent reset 0.578ms
[123.514s][info][gc,start    ] GC(13) Pause Init Mark (unload classes)
[123.514s][info][gc,task     ] GC(13) Using 6 of 6 workers for init marking
[123.514s][info][gc,ergo     ] GC(13) Pacer for Mark. Expected Live: 106M, Free: 200M, Non-Taxable: 20573K, Alloc Tax Rate: 0.6x
[123.514s][info][gc          ] GC(13) Pause Init Mark (unload classes) 0.101ms
[123.514s][info][gc,start    ] GC(13) Concurrent marking roots
[123.514s][info][gc,task     ] GC(13) Using 3 of 6 workers for concurrent marking roots
[123.515s][info][gc          ] GC(13) Concurrent marking roots 0.296ms
[123.515s][info][gc,start    ] GC(13) Concurrent marking (unload classes)
[123.515s][info][gc,task     ] GC(13) Using 3 of 6 workers for concurrent marking
[123.515s][info][gc          ] GC(13) Concurrent marking (unload classes) 0.750ms
[123.515s][info][gc,start    ] GC(13) Pause Final Mark (unload classes)
[123.515s][info][gc,task     ] GC(13) Using 6 of 6 workers for final marking
[123.516s][info][gc,ergo     ] GC(13) Collectable Garbage: 1538M (99%), Immediate: 1538M (99%), CSet: 0B (0%)
[123.516s][info][gc          ] GC(13) Pause Final Mark (unload classes) 0.170ms
[123.516s][info][gc,start    ] GC(13) Concurrent weak references
[123.516s][info][gc,task     ] GC(13) Using 3 of 6 workers for concurrent weak references
[123.516s][info][gc,ref      ] GC(13) Encountered references: Soft: 92, Weak: 116, Final: 0, Phantom: 7
[123.516s][info][gc,ref      ] GC(13) Discovered  references: Soft: 0, Weak: 95, Final: 0, Phantom: 5
[123.516s][info][gc,ref      ] GC(13) Enqueued    references: Soft: 0, Weak: 0, Final: 0, Phantom: 0
[123.516s][info][gc          ] GC(13) Concurrent weak references 0.102ms
[123.516s][info][gc,start    ] GC(13) Concurrent weak roots
[123.516s][info][gc,task     ] GC(13) Using 3 of 6 workers for concurrent weak root
[123.516s][info][gc          ] GC(13) Concurrent weak roots 0.198ms
[123.516s][info][gc,start    ] GC(13) Concurrent cleanup
[123.516s][info][gc          ] GC(13) Concurrent cleanup 1658M->120M(2048M) 0.080ms
[123.516s][info][gc,ergo     ] GC(13) Free: 1820M, Max: 1024K regular, 1192M humongous, Frag: 35% external, 0% internal; Reserve: 103M, Max: 1024K
[123.516s][info][gc,start    ] GC(13) Concurrent class unloading
[123.516s][info][gc,task     ] GC(13) Using 3 of 6 workers for concurrent class unloading
[123.516s][info][gc          ] GC(13) Concurrent class unloading 0.325ms
[123.516s][info][gc,start    ] GC(13) Pause Final Roots
[123.516s][info][gc          ] GC(13) Pause Final Roots 0.016ms
[123.516s][info][gc,ergo     ] Free: 1820M, Max: 1024K regular, 1192M humongous, Frag: 35% external, 0% internal; Reserve: 103M, Max: 1024K
[123.517s][info][gc,stats    ] 
[123.517s][info][gc,stats    ] All times are wall-clock times, except per-root-class counters, that are sum over
[123.517s][info][gc,stats    ] all workers. Dividing the <total> over the root stage time estimates parallelism.
[123.517s][info][gc,stats    ] 
[123.517s][info][gc,stats    ] Concurrent Reset                    603 us
[123.517s][info][gc,stats    ] Pause Init Mark (G)                 174 us
[123.517s][info][gc,stats    ] Pause Init Mark (N)                 109 us
[123.517s][info][gc,stats    ]   Update Region States               56 us
[123.517s][info][gc,stats    ] Concurrent Mark Roots               314 us, parallelism: 1.30x
[123.517s][info][gc,stats    ]   CMR: <total>                      407 us
[123.517s][info][gc,stats    ]   CMR: Thread Roots                 362 us, workers (us): 236,  86,  40, ---, ---, ---, 
[123.517s][info][gc,stats    ]   CMR: VM Strong Roots                6 us, workers (us):   3,   3,   0, ---, ---, ---, 
[123.517s][info][gc,stats    ]   CMR: CLDG Roots                    39 us, workers (us): ---, ---,  39, ---, ---, ---, 
[123.517s][info][gc,stats    ] Concurrent Marking                  768 us
[123.517s][info][gc,stats    ] Pause Final Mark (G)                247 us
[123.517s][info][gc,stats    ] Pause Final Mark (N)                180 us
[123.517s][info][gc,stats    ]   Finish Mark                        29 us
[123.517s][info][gc,stats    ]   Update Region States               54 us
[123.517s][info][gc,stats    ]   Choose Collection Set              50 us
[123.517s][info][gc,stats    ]   Rebuild Free Set                    8 us
[123.517s][info][gc,stats    ] Concurrent Weak References          110 us, parallelism: 0.04x
[123.517s][info][gc,stats    ]   CWRF: <total>                       5 us
[123.517s][info][gc,stats    ]   CWRF: Weak References               5 us, workers (us):   1,   4,   0, ---, ---, ---, 
[123.517s][info][gc,stats    ] Concurrent Weak Roots               216 us
[123.517s][info][gc,stats    ]   Roots                             108 us, parallelism: 0.84x
[123.517s][info][gc,stats    ]     CWR: <total>                     91 us
[123.517s][info][gc,stats    ]     CWR: Code Cache Roots            48 us, workers (us):  34,  14,   0, ---, ---, ---, 
[123.517s][info][gc,stats    ]     CWR: VM Weak Roots               42 us, workers (us):  21,  20,   0, ---, ---, ---, 
[123.517s][info][gc,stats    ]     CWR: CLDG Roots                   1 us, workers (us): ---,   1, ---, ---, ---, ---, 
[123.517s][info][gc,stats    ]   Rendezvous                         66 us
[123.517s][info][gc,stats    ] Concurrent Cleanup                   90 us
[123.517s][info][gc,stats    ] Concurrent Class Unloading          342 us
[123.517s][info][gc,stats    ]   Unlink Stale                      176 us
[123.517s][info][gc,stats    ]     System Dictionary                 1 us
[123.517s][info][gc,stats    ]     Weak Class Links                  0 us
[123.517s][info][gc,stats    ]     Code Roots                      174 us
[123.517s][info][gc,stats    ]   Rendezvous                         63 us
[123.517s][info][gc,stats    ]   Purge Unlinked                     69 us
[123.517s][info][gc,stats    ]     Code Roots                       64 us
[123.517s][info][gc,stats    ]     CLDG                              4 us
[123.517s][info][gc,stats    ]     Exception Caches                  0 us
[123.517s][info][gc,stats    ] Pause Final Roots (G)                45 us
[123.517s][info][gc,stats    ] Pause Final Roots (N)                24 us
[123.517s][info][gc,stats    ] Pacing                           226869 us
[123.517s][info][gc,stats    ] 
[123.517s][info][gc,stats    ] Allocation pacing accrued:
[123.517s][info][gc,stats    ]     227 of 10589 ms (  2.1%): main
[123.517s][info][gc,stats    ]     227 of 10589 ms (  2.1%): <total>
[123.517s][info][gc,stats    ]      17 of 10589 ms (  0.2%): <average total>
[123.517s][info][gc,stats    ]     227 of 10589 ms (  2.1%): <average non-zero>
[123.517s][info][gc,stats    ] 
[123.517s][info][gc,metaspace] Metaspace: 1069K(1280K)->1069K(1280K) NonClass: 987K(1088K)->987K(1088K) Class: 81K(192K)->81K(192K)
[123.517s][info][gc,ergo     ] Pacer for Idle. Initial: 41943K, Alloc Tax Rate: 1.0x
[135.496s][info][gc          ] Trigger: Free (201M) is below minimum threshold (204M)
[135.496s][info][gc,ergo     ] Free: 201M, Max: 1024K regular, 194M humongous, Frag: 4% external, 0% internal; Reserve: 103M, Max: 1024K
[135.496s][info][gc,start    ] GC(14) Concurrent reset
[135.496s][info][gc,task     ] GC(14) Using 3 of 6 workers for concurrent reset
[135.496s][info][gc,ergo     ] GC(14) Pacer for Reset. Non-Taxable: 2048M
[135.497s][info][gc          ] GC(14) Concurrent reset 0.645ms
[135.497s][info][gc,start    ] GC(14) Pause Init Mark (unload classes)
[135.497s][info][gc,task     ] GC(14) Using 6 of 6 workers for init marking
[135.497s][info][gc,ergo     ] GC(14) Pacer for Mark. Expected Live: 107M, Free: 201M, Non-Taxable: 20675K, Alloc Tax Rate: 0.7x
[135.497s][info][gc          ] GC(14) Pause Init Mark (unload classes) 0.097ms
[135.497s][info][gc,start    ] GC(14) Concurrent marking roots
[135.497s][info][gc,task     ] GC(14) Using 3 of 6 workers for concurrent marking roots
[135.497s][info][gc          ] GC(14) Concurrent marking roots 0.249ms
[135.497s][info][gc,start    ] GC(14) Concurrent marking (unload classes)
[135.497s][info][gc,task     ] GC(14) Using 3 of 6 workers for concurrent marking
[135.498s][info][gc          ] GC(14) Concurrent marking (unload classes) 0.688ms
[135.498s][info][gc,start    ] GC(14) Pause Final Mark (unload classes)
[135.498s][info][gc,task     ] GC(14) Using 6 of 6 workers for final marking
[135.498s][info][gc,ergo     ] GC(14) Collectable Garbage: 1624M (99%), Immediate: 1624M (99%), CSet: 0B (0%)
[135.498s][info][gc          ] GC(14) Pause Final Mark (unload classes) 0.217ms
[135.498s][info][gc,start    ] GC(14) Concurrent weak references
[135.498s][info][gc,task     ] GC(14) Using 3 of 6 workers for concurrent weak references
[135.499s][info][gc,ref      ] GC(14) Encountered references: Soft: 92, Weak: 116, Final: 0, Phantom: 7
[135.499s][info][gc,ref      ] GC(14) Discovered  references: Soft: 0, Weak: 95, Final: 0, Phantom: 5
[135.499s][info][gc,ref      ] GC(14) Enqueued    references: Soft: 0, Weak: 0, Final: 0, Phantom: 0
[135.499s][info][gc          ] GC(14) Concurrent weak references 0.105ms
[135.499s][info][gc,start    ] GC(14) Concurrent weak roots
[135.499s][info][gc,task     ] GC(14) Using 3 of 6 workers for concurrent weak root
[135.499s][info][gc          ] GC(14) Concurrent weak roots 0.113ms
[135.499s][info][gc,start    ] GC(14) Concurrent cleanup
[135.499s][info][gc          ] GC(14) Concurrent cleanup 1645M->21M(2048M) 0.089ms
[135.499s][info][gc,ergo     ] GC(14) Free: 1919M, Max: 1024K regular, 1190M humongous, Frag: 38% external, 0% internal; Reserve: 103M, Max: 1024K
[135.499s][info][gc,start    ] GC(14) Concurrent class unloading
[135.499s][info][gc,task     ] GC(14) Using 3 of 6 workers for concurrent class unloading
[135.499s][info][gc          ] GC(14) Concurrent class unloading 0.242ms
[135.499s][info][gc,start    ] GC(14) Pause Final Roots
[135.499s][info][gc          ] GC(14) Pause Final Roots 0.015ms
[135.499s][info][gc,ergo     ] Free: 1919M, Max: 1024K regular, 1190M humongous, Frag: 38% external, 0% internal; Reserve: 103M, Max: 1024K
[135.499s][info][gc,stats    ] 
[135.499s][info][gc,stats    ] All times are wall-clock times, except per-root-class counters, that are sum over
[135.499s][info][gc,stats    ] all workers. Dividing the <total> over the root stage time estimates parallelism.
[135.499s][info][gc,stats    ] 
[135.499s][info][gc,stats    ] Concurrent Reset                    665 us
[135.499s][info][gc,stats    ] Pause Init Mark (G)                 172 us
[135.499s][info][gc,stats    ] Pause Init Mark (N)                 109 us
[135.499s][info][gc,stats    ]   Update Region States               50 us
[135.499s][info][gc,stats    ] Concurrent Mark Roots               265 us, parallelism: 1.24x
[135.499s][info][gc,stats    ]   CMR: <total>                      328 us
[135.499s][info][gc,stats    ]   CMR: Thread Roots                 294 us, workers (us):  36, 190,  67, ---, ---, ---, 
[135.499s][info][gc,stats    ]   CMR: VM Strong Roots                4 us, workers (us):   2,   2,   0, ---, ---, ---, 
[135.499s][info][gc,stats    ]   CMR: CLDG Roots                    30 us, workers (us):  30, ---, ---, ---, ---, ---, 
[135.499s][info][gc,stats    ] Concurrent Marking                  702 us
[135.499s][info][gc,stats    ] Pause Final Mark (G)                258 us
[135.499s][info][gc,stats    ] Pause Final Mark (N)                226 us
[135.499s][info][gc,stats    ]   Finish Mark                        77 us
[135.499s][info][gc,stats    ]   Update Region States               53 us
[135.499s][info][gc,stats    ]   Choose Collection Set              52 us
[135.499s][info][gc,stats    ]   Rebuild Free Set                    8 us
[135.499s][info][gc,stats    ] Concurrent Weak References          112 us, parallelism: 0.04x
[135.499s][info][gc,stats    ]   CWRF: <total>                       4 us
[135.499s][info][gc,stats    ]   CWRF: Weak References               4 us, workers (us):   3,   1,   0, ---, ---, ---, 
[135.499s][info][gc,stats    ] Concurrent Weak Roots               128 us
[135.499s][info][gc,stats    ]   Roots                              71 us, parallelism: 1.32x
[135.499s][info][gc,stats    ]     CWR: <total>                     94 us
[135.499s][info][gc,stats    ]     CWR: Code Cache Roots            48 us, workers (us):  14,  34,   0, ---, ---, ---, 
[135.499s][info][gc,stats    ]     CWR: VM Weak Roots               45 us, workers (us):  16,  15,  14, ---, ---, ---, 
[135.499s][info][gc,stats    ]     CWR: CLDG Roots                   1 us, workers (us): ---, ---,   1, ---, ---, ---, 
[135.499s][info][gc,stats    ]   Rendezvous                         25 us
[135.499s][info][gc,stats    ] Concurrent Cleanup                   99 us
[135.499s][info][gc,stats    ] Concurrent Class Unloading          255 us
[135.499s][info][gc,stats    ]   Unlink Stale                      146 us
[135.499s][info][gc,stats    ]     System Dictionary                 1 us
[135.499s][info][gc,stats    ]     Weak Class Links                  0 us
[135.499s][info][gc,stats    ]     Code Roots                      145 us
[135.499s][info][gc,stats    ]   Rendezvous                         22 us
[135.499s][info][gc,stats    ]   Purge Unlinked                     56 us
[135.499s][info][gc,stats    ]     Code Roots                       53 us
[135.499s][info][gc,stats    ]     CLDG                              3 us
[135.499s][info][gc,stats    ]     Exception Caches                  0 us
[135.499s][info][gc,stats    ] Pause Final Roots (G)                43 us
[135.499s][info][gc,stats    ] Pause Final Roots (N)                24 us
[135.499s][info][gc,stats    ] Pacing                           199360 us
[135.499s][info][gc,stats    ] 
[135.499s][info][gc,stats    ] Allocation pacing accrued:
[135.499s][info][gc,stats    ]     199 of 11983 ms (  1.7%): main
[135.499s][info][gc,stats    ]     199 of 11983 ms (  1.7%): <total>
[135.499s][info][gc,stats    ]      15 of 11983 ms (  0.1%): <average total>
[135.499s][info][gc,stats    ]     199 of 11983 ms (  1.7%): <average non-zero>
[135.499s][info][gc,stats    ] 
[135.500s][info][gc,metaspace] Metaspace: 1069K(1280K)->1069K(1280K) NonClass: 987K(1088K)->987K(1088K) Class: 81K(192K)->81K(192K)
[135.500s][info][gc,ergo     ] Pacer for Idle. Initial: 41943K, Alloc Tax Rate: 1.0x
[147.492s][info][gc          ] Trigger: Free (185M) is below minimum threshold (204M)
[147.492s][info][gc,ergo     ] Free: 185M, Max: 1024K regular, 95232K humongous, Frag: 50% external, 0% internal; Reserve: 103M, Max: 1024K
[147.492s][info][gc,start    ] GC(15) Concurrent reset
[147.492s][info][gc,task     ] GC(15) Using 3 of 6 workers for concurrent reset
[147.492s][info][gc,ergo     ] GC(15) Pacer for Reset. Non-Taxable: 2048M
[147.492s][info][gc          ] GC(15) Concurrent reset 0.151ms
[147.492s][info][gc,start    ] GC(15) Pause Init Mark (unload classes)
[147.492s][info][gc,task     ] GC(15) Using 6 of 6 workers for init marking
[147.492s][info][gc,ergo     ] GC(15) Pacer for Mark. Expected Live: 107M, Free: 185M, Non-Taxable: 19037K, Alloc Tax Rate: 0.7x
[147.492s][info][gc          ] GC(15) Pause Init Mark (unload classes) 0.088ms
[147.492s][info][gc,start    ] GC(15) Concurrent marking roots
[147.492s][info][gc,task     ] GC(15) Using 3 of 6 workers for concurrent marking roots
[147.492s][info][gc          ] GC(15) Concurrent marking roots 0.318ms
[147.492s][info][gc,start    ] GC(15) Concurrent marking (unload classes)
[147.492s][info][gc,task     ] GC(15) Using 3 of 6 workers for concurrent marking
[147.493s][info][gc          ] GC(15) Concurrent marking (unload classes) 0.979ms
[147.493s][info][gc,start    ] GC(15) Pause Final Mark (unload classes)
[147.493s][info][gc,task     ] GC(15) Using 6 of 6 workers for final marking
[147.494s][info][gc,ergo     ] GC(15) Collectable Garbage: 1526M (99%), Immediate: 1526M (99%), CSet: 0B (0%)
[147.494s][info][gc          ] GC(15) Pause Final Mark (unload classes) 0.183ms
[147.494s][info][gc,start    ] GC(15) Concurrent weak references
[147.494s][info][gc,task     ] GC(15) Using 3 of 6 workers for concurrent weak references
[147.494s][info][gc,ref      ] GC(15) Encountered references: Soft: 92, Weak: 116, Final: 0, Phantom: 7
[147.494s][info][gc,ref      ] GC(15) Discovered  references: Soft: 0, Weak: 84, Final: 0, Phantom: 5
[147.494s][info][gc,ref      ] GC(15) Enqueued    references: Soft: 0, Weak: 0, Final: 0, Phantom: 0
[147.494s][info][gc          ] GC(15) Concurrent weak references 0.097ms
[147.494s][info][gc,start    ] GC(15) Concurrent weak roots
[147.494s][info][gc,task     ] GC(15) Using 3 of 6 workers for concurrent weak root
[147.494s][info][gc          ] GC(15) Concurrent weak roots 0.163ms
[147.494s][info][gc,start    ] GC(15) Concurrent cleanup
[147.494s][info][gc          ] GC(15) Concurrent cleanup 1661M->135M(2048M) 0.094ms
[147.494s][info][gc,ergo     ] GC(15) Free: 1804M, Max: 1024K regular, 1222M humongous, Frag: 33% external, 0% internal; Reserve: 103M, Max: 1024K
[147.494s][info][gc,start    ] GC(15) Concurrent class unloading
[147.494s][info][gc,task     ] GC(15) Using 3 of 6 workers for concurrent class unloading
[147.494s][info][gc          ] GC(15) Concurrent class unloading 0.258ms
[147.494s][info][gc,start    ] GC(15) Pause Final Roots
[147.494s][info][gc          ] GC(15) Pause Final Roots 0.021ms
[147.494s][info][gc,ergo     ] Free: 1804M, Max: 1024K regular, 1222M humongous, Frag: 33% external, 0% internal; Reserve: 103M, Max: 1024K
[147.494s][info][gc,stats    ] 
[147.494s][info][gc,stats    ] All times are wall-clock times, except per-root-class counters, that are sum over
[147.494s][info][gc,stats    ] all workers. Dividing the <total> over the root stage time estimates parallelism.
[147.494s][info][gc,stats    ] 
[147.494s][info][gc,stats    ] Concurrent Reset                    171 us
[147.494s][info][gc,stats    ] Pause Init Mark (G)                 140 us
[147.494s][info][gc,stats    ] Pause Init Mark (N)                 103 us
[147.494s][info][gc,stats    ]   Update Region States               24 us
[147.494s][info][gc,stats    ] Concurrent Mark Roots               337 us, parallelism: 1.43x
[147.495s][info][gc,stats    ]   CMR: <total>                      480 us
[147.495s][info][gc,stats    ]   CMR: Thread Roots                 434 us, workers (us):  65, 110, 259, ---, ---, ---, 
[147.495s][info][gc,stats    ]   CMR: VM Strong Roots                6 us, workers (us):   2,   3,   2, ---, ---, ---, 
[147.495s][info][gc,stats    ]   CMR: CLDG Roots                    40 us, workers (us):  40, ---, ---, ---, ---, ---, 
[147.495s][info][gc,stats    ] Concurrent Marking                 1000 us
[147.495s][info][gc,stats    ] Pause Final Mark (G)                239 us
[147.495s][info][gc,stats    ] Pause Final Mark (N)                201 us
[147.495s][info][gc,stats    ]   Finish Mark                        29 us
[147.495s][info][gc,stats    ]   Update Region States               30 us
[147.495s][info][gc,stats    ]   Choose Collection Set              71 us
[147.495s][info][gc,stats    ]   Rebuild Free Set                   12 us
[147.495s][info][gc,stats    ] Concurrent Weak References          110 us, parallelism: 0.07x
[147.495s][info][gc,stats    ]   CWRF: <total>                       8 us
[147.495s][info][gc,stats    ]   CWRF: Weak References               8 us, workers (us):   6,   1,   0, ---, ---, ---, 
[147.495s][info][gc,stats    ] Concurrent Weak Roots               182 us
[147.495s][info][gc,stats    ]   Roots                             104 us, parallelism: 1.42x
[147.495s][info][gc,stats    ]     CWR: <total>                    147 us
[147.495s][info][gc,stats    ]     CWR: Code Cache Roots            73 us, workers (us):  22,  51,   0, ---, ---, ---, 
[147.495s][info][gc,stats    ]     CWR: VM Weak Roots               73 us, workers (us):  26,  26,  20, ---, ---, ---, 
[147.495s][info][gc,stats    ]     CWR: CLDG Roots                   1 us, workers (us): ---, ---,   1, ---, ---, ---, 
[147.495s][info][gc,stats    ]   Rendezvous                         34 us
[147.495s][info][gc,stats    ] Concurrent Cleanup                  110 us
[147.495s][info][gc,stats    ] Concurrent Class Unloading          277 us
[147.495s][info][gc,stats    ]   Unlink Stale                      180 us
[147.495s][info][gc,stats    ]     System Dictionary                 1 us
[147.495s][info][gc,stats    ]     Weak Class Links                  0 us
[147.495s][info][gc,stats    ]     Code Roots                      178 us
[147.495s][info][gc,stats    ]   Rendezvous                         28 us
[147.495s][info][gc,stats    ]   Purge Unlinked                     26 us
[147.495s][info][gc,stats    ]     Code Roots                       21 us
[147.495s][info][gc,stats    ]     CLDG                              4 us
[147.495s][info][gc,stats    ]     Exception Caches                  0 us
[147.495s][info][gc,stats    ] Pause Final Roots (G)                53 us
[147.495s][info][gc,stats    ] Pause Final Roots (N)                33 us
[147.495s][info][gc,stats    ] Pacing                           238977 us
[147.495s][info][gc,stats    ] 
[147.495s][info][gc,stats    ] Allocation pacing accrued:
[147.495s][info][gc,stats    ]     239 of 11995 ms (  2.0%): main
[147.495s][info][gc,stats    ]     239 of 11995 ms (  2.0%): <total>
[147.495s][info][gc,stats    ]      18 of 11995 ms (  0.2%): <average total>
[147.495s][info][gc,stats    ]     239 of 11995 ms (  2.0%): <average non-zero>
[147.495s][info][gc,stats    ] 
[147.495s][info][gc,metaspace] Metaspace: 1069K(1280K)->1069K(1280K) NonClass: 987K(1088K)->987K(1088K) Class: 81K(192K)->81K(192K)
[147.495s][info][gc,ergo     ] Pacer for Idle. Initial: 41943K, Alloc Tax Rate: 1.0x
[158.916s][info][gc          ] Trigger: Free (166M) is below minimum threshold (204M)
[158.916s][info][gc,ergo     ] Free: 166M, Max: 1024K regular, 95232K humongous, Frag: 44% external, 0% internal; Reserve: 103M, Max: 1024K
[158.916s][info][gc,start    ] GC(16) Concurrent reset
[158.916s][info][gc,task     ] GC(16) Using 3 of 6 workers for concurrent reset
[158.916s][info][gc,ergo     ] GC(16) Pacer for Reset. Non-Taxable: 2048M
[158.917s][info][gc          ] GC(16) Concurrent reset 0.360ms
[158.917s][info][gc,start    ] GC(16) Pause Init Mark (unload classes)
[158.917s][info][gc,task     ] GC(16) Using 6 of 6 workers for init marking
[158.917s][info][gc,ergo     ] GC(16) Pacer for Mark. Expected Live: 105M, Free: 166M, Non-Taxable: 17091K, Alloc Tax Rate: 0.8x
[158.917s][info][gc          ] GC(16) Pause Init Mark (unload classes) 0.108ms
[158.917s][info][gc,start    ] GC(16) Concurrent marking roots
[158.917s][info][gc,task     ] GC(16) Using 3 of 6 workers for concurrent marking roots
[158.917s][info][gc          ] GC(16) Concurrent marking roots 0.312ms
[158.917s][info][gc,start    ] GC(16) Concurrent marking (unload classes)
[158.917s][info][gc,task     ] GC(16) Using 3 of 6 workers for concurrent marking
[158.918s][info][gc          ] GC(16) Concurrent marking (unload classes) 0.806ms
[158.918s][info][gc,start    ] GC(16) Pause Final Mark (unload classes)
[158.918s][info][gc,task     ] GC(16) Using 6 of 6 workers for final marking
[158.918s][info][gc,ergo     ] GC(16) Collectable Garbage: 1535M (99%), Immediate: 1535M (99%), CSet: 0B (0%)
[158.918s][info][gc          ] GC(16) Pause Final Mark (unload classes) 0.219ms
[158.918s][info][gc,start    ] GC(16) Concurrent weak references
[158.918s][info][gc,task     ] GC(16) Using 3 of 6 workers for concurrent weak references
[158.918s][info][gc,ref      ] GC(16) Encountered references: Soft: 92, Weak: 116, Final: 0, Phantom: 7
[158.918s][info][gc,ref      ] GC(16) Discovered  references: Soft: 0, Weak: 68, Final: 0, Phantom: 5
[158.918s][info][gc,ref      ] GC(16) Enqueued    references: Soft: 0, Weak: 0, Final: 0, Phantom: 0
[158.918s][info][gc          ] GC(16) Concurrent weak references 0.151ms
[158.918s][info][gc,start    ] GC(16) Concurrent weak roots
[158.918s][info][gc,task     ] GC(16) Using 3 of 6 workers for concurrent weak root
[158.919s][info][gc          ] GC(16) Concurrent weak roots 0.206ms
[158.919s][info][gc,start    ] GC(16) Concurrent cleanup
[158.919s][info][gc          ] GC(16) Concurrent cleanup 1684M->149M(2048M) 0.080ms
[158.919s][info][gc,ergo     ] GC(16) Free: 1790M, Max: 1024K regular, 1126M humongous, Frag: 38% external, 0% internal; Reserve: 103M, Max: 1024K
[158.919s][info][gc,start    ] GC(16) Concurrent class unloading
[158.919s][info][gc,task     ] GC(16) Using 3 of 6 workers for concurrent class unloading
[158.919s][info][gc          ] GC(16) Concurrent class unloading 0.292ms
[158.919s][info][gc,start    ] GC(16) Pause Final Roots
[158.919s][info][gc          ] GC(16) Pause Final Roots 0.018ms
[158.919s][info][gc,ergo     ] Free: 1790M, Max: 1024K regular, 1126M humongous, Frag: 38% external, 0% internal; Reserve: 103M, Max: 1024K
[158.919s][info][gc,stats    ] 
[158.919s][info][gc,stats    ] All times are wall-clock times, except per-root-class counters, that are sum over
[158.919s][info][gc,stats    ] all workers. Dividing the <total> over the root stage time estimates parallelism.
[158.919s][info][gc,stats    ] 
[158.919s][info][gc,stats    ] Concurrent Reset                    382 us
[158.919s][info][gc,stats    ] Pause Init Mark (G)                 180 us
[158.919s][info][gc,stats    ] Pause Init Mark (N)                 116 us
[158.919s][info][gc,stats    ]   Update Region States               63 us
[158.919s][info][gc,stats    ] Concurrent Mark Roots               330 us, parallelism: 1.03x
[158.919s][info][gc,stats    ]   CMR: <total>                      339 us
[158.919s][info][gc,stats    ]   CMR: Thread Roots                 304 us, workers (us):  67, 192,  46, ---, ---, ---, 
[158.919s][info][gc,stats    ]   CMR: VM Strong Roots                5 us, workers (us):   4,   0,   0, ---, ---, ---, 
[158.919s][info][gc,stats    ]   CMR: CLDG Roots                    30 us, workers (us):  30, ---, ---, ---, ---, ---, 
[158.919s][info][gc,stats    ] Concurrent Marking                  824 us
[158.919s][info][gc,stats    ] Pause Final Mark (G)                322 us
[158.919s][info][gc,stats    ] Pause Final Mark (N)                229 us
[158.919s][info][gc,stats    ]   Finish Mark                        79 us
[158.919s][info][gc,stats    ]   Update Region States               58 us
[158.919s][info][gc,stats    ]   Choose Collection Set              46 us
[158.919s][info][gc,stats    ]   Rebuild Free Set                    8 us
[158.919s][info][gc,stats    ] Concurrent Weak References          162 us, parallelism: 0.02x
[158.919s][info][gc,stats    ]   CWRF: <total>                       4 us
[158.919s][info][gc,stats    ]   CWRF: Weak References               4 us, workers (us):   3,   0,   0, ---, ---, ---, 
[158.919s][info][gc,stats    ] Concurrent Weak Roots               225 us
[158.919s][info][gc,stats    ]   Roots                             104 us, parallelism: 1.05x
[158.919s][info][gc,stats    ]     CWR: <total>                    109 us
[158.919s][info][gc,stats    ]     CWR: Code Cache Roots            56 us, workers (us):   0,  19,  37, ---, ---, ---, 
[158.919s][info][gc,stats    ]     CWR: VM Weak Roots               53 us, workers (us):  43,   5,   5, ---, ---, ---, 
[158.919s][info][gc,stats    ]     CWR: CLDG Roots                   1 us, workers (us):   1, ---, ---, ---, ---, ---, 
[158.919s][info][gc,stats    ]   Rendezvous                         83 us
[158.919s][info][gc,stats    ] Concurrent Cleanup                   90 us
[158.919s][info][gc,stats    ] Concurrent Class Unloading          311 us
[158.919s][info][gc,stats    ]   Unlink Stale                      190 us
[158.919s][info][gc,stats    ]     System Dictionary                 1 us
[158.919s][info][gc,stats    ]     Weak Class Links                  0 us
[158.919s][info][gc,stats    ]     Code Roots                      188 us
[158.920s][info][gc,stats    ]   Rendezvous                         61 us
[158.920s][info][gc,stats    ]   Purge Unlinked                     23 us
[158.920s][info][gc,stats    ]     Code Roots                       20 us
[158.920s][info][gc,stats    ]     CLDG                              3 us
[158.920s][info][gc,stats    ]     Exception Caches                  0 us
[158.920s][info][gc,stats    ] Pause Final Roots (G)                57 us
[158.920s][info][gc,stats    ] Pause Final Roots (N)                28 us
[158.920s][info][gc,stats    ] Pacing                           217106 us
[158.920s][info][gc,stats    ] 
[158.920s][info][gc,stats    ] Allocation pacing accrued:
[158.920s][info][gc,stats    ]     217 of 11425 ms (  1.9%): main
[158.920s][info][gc,stats    ]     217 of 11425 ms (  1.9%): <total>
[158.920s][info][gc,stats    ]      17 of 11425 ms (  0.1%): <average total>
[158.920s][info][gc,stats    ]     217 of 11425 ms (  1.9%): <average non-zero>
[158.920s][info][gc,stats    ] 
[158.920s][info][gc,metaspace] Metaspace: 1069K(1280K)->1069K(1280K) NonClass: 987K(1088K)->987K(1088K) Class: 81K(192K)->81K(192K)
[158.920s][info][gc,ergo     ] Pacer for Idle. Initial: 41943K, Alloc Tax Rate: 1.0x
[170.376s][info][gc          ] Trigger: Free (152M) is below minimum threshold (204M)
[170.376s][info][gc,ergo     ] Free: 152M, Max: 1024K regular, 104M humongous, Frag: 32% external, 0% internal; Reserve: 103M, Max: 1024K
[170.376s][info][gc,start    ] GC(17) Concurrent reset
[170.376s][info][gc,task     ] GC(17) Using 3 of 6 workers for concurrent reset
[170.376s][info][gc,ergo     ] GC(17) Pacer for Reset. Non-Taxable: 2048M
[170.377s][info][gc          ] GC(17) Concurrent reset 0.268ms
[170.377s][info][gc,start    ] GC(17) Pause Init Mark (unload classes)
[170.377s][info][gc,task     ] GC(17) Using 6 of 6 workers for init marking
[170.377s][info][gc,ergo     ] GC(17) Pacer for Mark. Expected Live: 115M, Free: 152M, Non-Taxable: 15657K, Alloc Tax Rate: 0.9x
[170.377s][info][gc          ] GC(17) Pause Init Mark (unload classes) 0.071ms
[170.377s][info][gc,start    ] GC(17) Concurrent marking roots
[170.377s][info][gc,task     ] GC(17) Using 3 of 6 workers for concurrent marking roots
[170.377s][info][gc          ] GC(17) Concurrent marking roots 0.243ms
[170.377s][info][gc,start    ] GC(17) Concurrent marking (unload classes)
[170.377s][info][gc,task     ] GC(17) Using 3 of 6 workers for concurrent marking
[170.378s][info][gc          ] GC(17) Concurrent marking (unload classes) 0.693ms
[170.378s][info][gc,start    ] GC(17) Pause Final Mark (unload classes)
[170.378s][info][gc,task     ] GC(17) Using 6 of 6 workers for final marking
[170.378s][info][gc,ergo     ] GC(17) Collectable Garbage: 1509M (99%), Immediate: 1509M (99%), CSet: 0B (0%)
[170.378s][info][gc          ] GC(17) Pause Final Mark (unload classes) 0.229ms
[170.378s][info][gc,start    ] GC(17) Concurrent weak references
[170.378s][info][gc,task     ] GC(17) Using 3 of 6 workers for concurrent weak references
[170.378s][info][gc,ref      ] GC(17) Encountered references: Soft: 92, Weak: 116, Final: 0, Phantom: 7
[170.378s][info][gc,ref      ] GC(17) Discovered  references: Soft: 0, Weak: 66, Final: 0, Phantom: 5
[170.378s][info][gc,ref      ] GC(17) Enqueued    references: Soft: 0, Weak: 0, Final: 0, Phantom: 0
[170.378s][info][gc          ] GC(17) Concurrent weak references 0.082ms
[170.378s][info][gc,start    ] GC(17) Concurrent weak roots
[170.378s][info][gc,task     ] GC(17) Using 3 of 6 workers for concurrent weak root
[170.378s][info][gc          ] GC(17) Concurrent weak roots 0.145ms
[170.378s][info][gc,start    ] GC(17) Concurrent cleanup
[170.378s][info][gc          ] GC(17) Concurrent cleanup 1698M->189M(2048M) 0.094ms
[170.378s][info][gc,ergo     ] GC(17) Free: 1750M, Max: 1024K regular, 1138M humongous, Frag: 35% external, 0% internal; Reserve: 103M, Max: 1024K
[170.378s][info][gc,start    ] GC(17) Concurrent class unloading
[170.378s][info][gc,task     ] GC(17) Using 3 of 6 workers for concurrent class unloading
[170.379s][info][gc          ] GC(17) Concurrent class unloading 0.232ms
[170.379s][info][gc,start    ] GC(17) Pause Final Roots
[170.379s][info][gc          ] GC(17) Pause Final Roots 0.019ms
[170.379s][info][gc,ergo     ] Free: 1750M, Max: 1024K regular, 1138M humongous, Frag: 35% external, 0% internal; Reserve: 103M, Max: 1024K
[170.379s][info][gc,stats    ] 
[170.379s][info][gc,stats    ] All times are wall-clock times, except per-root-class counters, that are sum over
[170.379s][info][gc,stats    ] all workers. Dividing the <total> over the root stage time estimates parallelism.
[170.379s][info][gc,stats    ] 
[170.379s][info][gc,stats    ] Concurrent Reset                    290 us
[170.379s][info][gc,stats    ] Pause Init Mark (G)                 112 us
[170.379s][info][gc,stats    ] Pause Init Mark (N)                  80 us
[170.379s][info][gc,stats    ]   Update Region States               24 us
[170.379s][info][gc,stats    ] Concurrent Mark Roots               254 us, parallelism: 1.30x
[170.379s][info][gc,stats    ]   CMR: <total>                      329 us
[170.379s][info][gc,stats    ]   CMR: Thread Roots                 291 us, workers (us): 164,  67,  60, ---, ---, ---, 
[170.379s][info][gc,stats    ]   CMR: VM Strong Roots                5 us, workers (us):   2,   1,   1, ---, ---, ---, 
[170.379s][info][gc,stats    ]   CMR: CLDG Roots                    33 us, workers (us):  33, ---, ---, ---, ---, ---, 
[170.379s][info][gc,stats    ] Concurrent Marking                  707 us
[170.379s][info][gc,stats    ] Pause Final Mark (G)                278 us
[170.379s][info][gc,stats    ] Pause Final Mark (N)                240 us
[170.379s][info][gc,stats    ]   Finish Mark                       104 us
[170.379s][info][gc,stats    ]   Update Region States               32 us
[170.379s][info][gc,stats    ]   Choose Collection Set              57 us
[170.379s][info][gc,stats    ]   Rebuild Free Set                    9 us
[170.379s][info][gc,stats    ] Concurrent Weak References           90 us, parallelism: 0.06x
[170.379s][info][gc,stats    ]   CWRF: <total>                       5 us
[170.379s][info][gc,stats    ]   CWRF: Weak References               5 us, workers (us):   4,   1,   1, ---, ---, ---, 
[170.379s][info][gc,stats    ] Concurrent Weak Roots               169 us
[170.379s][info][gc,stats    ]   Roots                              95 us, parallelism: 1.44x
[170.379s][info][gc,stats    ]     CWR: <total>                    137 us
[170.379s][info][gc,stats    ]     CWR: Code Cache Roots            77 us, workers (us):  22,  55,   0, ---, ---, ---, 
[170.379s][info][gc,stats    ]     CWR: VM Weak Roots               59 us, workers (us):  21,  20,  19, ---, ---, ---, 
[170.379s][info][gc,stats    ]     CWR: CLDG Roots                   1 us, workers (us): ---, ---,   1, ---, ---, ---, 
[170.379s][info][gc,stats    ]   Rendezvous                         33 us
[170.379s][info][gc,stats    ] Concurrent Cleanup                  109 us
[170.379s][info][gc,stats    ] Concurrent Class Unloading          250 us
[170.379s][info][gc,stats    ]   Unlink Stale                      156 us
[170.379s][info][gc,stats    ]     System Dictionary                 1 us
[170.379s][info][gc,stats    ]     Weak Class Links                  0 us
[170.379s][info][gc,stats    ]     Code Roots                      154 us
[170.379s][info][gc,stats    ]   Rendezvous                         25 us
[170.379s][info][gc,stats    ]   Purge Unlinked                     22 us
[170.379s][info][gc,stats    ]     Code Roots                       19 us
[170.379s][info][gc,stats    ]     CLDG                              2 us
[170.379s][info][gc,stats    ]     Exception Caches                  0 us
[170.379s][info][gc,stats    ] Pause Final Roots (G)                50 us
[170.379s][info][gc,stats    ] Pause Final Roots (N)                29 us
[170.379s][info][gc,stats    ] Pacing                           216712 us
[170.379s][info][gc,stats    ] 
[170.379s][info][gc,stats    ] Allocation pacing accrued:
[170.379s][info][gc,stats    ]     217 of 11459 ms (  1.9%): main
[170.379s][info][gc,stats    ]     217 of 11459 ms (  1.9%): <total>
[170.379s][info][gc,stats    ]      17 of 11459 ms (  0.1%): <average total>
[170.379s][info][gc,stats    ]     217 of 11459 ms (  1.9%): <average non-zero>
[170.379s][info][gc,stats    ] 
[170.379s][info][gc,metaspace] Metaspace: 1069K(1280K)->1069K(1280K) NonClass: 987K(1088K)->987K(1088K) Class: 81K(192K)->81K(192K)
[170.379s][info][gc,ergo     ] Pacer for Idle. Initial: 41943K, Alloc Tax Rate: 1.0x
[181.842s][info][gc          ] Trigger: Free (116M) is below minimum threshold (204M)
[181.842s][info][gc,ergo     ] Free: 116M, Max: 1024K regular, 76800K humongous, Frag: 36% external, 0% internal; Reserve: 103M, Max: 1024K
[181.842s][info][gc,start    ] GC(18) Concurrent reset
[181.842s][info][gc,task     ] GC(18) Using 3 of 6 workers for concurrent reset
[181.842s][info][gc,ergo     ] GC(18) Pacer for Reset. Non-Taxable: 2048M
[181.843s][info][gc          ] GC(18) Concurrent reset 0.461ms
[181.843s][info][gc,start    ] GC(18) Pause Init Mark (unload classes)
[181.843s][info][gc,task     ] GC(18) Using 6 of 6 workers for init marking
[181.843s][info][gc,ergo     ] GC(18) Pacer for Mark. Expected Live: 115M, Free: 116M, Non-Taxable: 11971K, Alloc Tax Rate: 1.2x
[181.843s][info][gc          ] GC(18) Pause Init Mark (unload classes) 0.109ms
[181.843s][info][gc,start    ] GC(18) Concurrent marking roots
[181.843s][info][gc,task     ] GC(18) Using 3 of 6 workers for concurrent marking roots
[181.843s][info][gc          ] GC(18) Concurrent marking roots 0.331ms
[181.843s][info][gc,start    ] GC(18) Concurrent marking (unload classes)
[181.843s][info][gc,task     ] GC(18) Using 3 of 6 workers for concurrent marking
[181.844s][info][gc          ] GC(18) Concurrent marking (unload classes) 1.018ms
[181.844s][info][gc,start    ] GC(18) Pause Final Mark (unload classes)
[181.844s][info][gc,task     ] GC(18) Using 6 of 6 workers for final marking
[181.844s][info][gc,ergo     ] GC(18) Collectable Garbage: 1565M (99%), Immediate: 1565M (99%), CSet: 0B (0%)
[181.844s][info][gc          ] GC(18) Pause Final Mark (unload classes) 0.187ms
[181.844s][info][gc,start    ] GC(18) Concurrent weak references
[181.844s][info][gc,task     ] GC(18) Using 3 of 6 workers for concurrent weak references
[181.844s][info][gc,ref      ] GC(18) Encountered references: Soft: 92, Weak: 116, Final: 0, Phantom: 7
[181.844s][info][gc,ref      ] GC(18) Discovered  references: Soft: 0, Weak: 66, Final: 0, Phantom: 5
[181.844s][info][gc,ref      ] GC(18) Enqueued    references: Soft: 0, Weak: 0, Final: 0, Phantom: 0
[181.844s][info][gc          ] GC(18) Concurrent weak references 0.135ms
[181.844s][info][gc,start    ] GC(18) Concurrent weak roots
[181.845s][info][gc,task     ] GC(18) Using 3 of 6 workers for concurrent weak root
[181.845s][info][gc          ] GC(18) Concurrent weak roots 0.204ms
[181.845s][info][gc,start    ] GC(18) Concurrent cleanup
[181.845s][info][gc          ] GC(18) Concurrent cleanup 1734M->169M(2048M) 0.082ms
[181.845s][info][gc,ergo     ] GC(18) Free: 1771M, Max: 1024K regular, 1144M humongous, Frag: 36% external, 0% internal; Reserve: 103M, Max: 1024K
[181.845s][info][gc,start    ] GC(18) Concurrent class unloading
[181.845s][info][gc,task     ] GC(18) Using 3 of 6 workers for concurrent class unloading
[181.845s][info][gc          ] GC(18) Concurrent class unloading 0.295ms
[181.845s][info][gc,start    ] GC(18) Pause Final Roots
[181.845s][info][gc          ] GC(18) Pause Final Roots 0.015ms
[181.845s][info][gc,ergo     ] Free: 1771M, Max: 1024K regular, 1144M humongous, Frag: 36% external, 0% internal; Reserve: 103M, Max: 1024K
[181.845s][info][gc,stats    ] 
[181.845s][info][gc,stats    ] All times are wall-clock times, except per-root-class counters, that are sum over
[181.845s][info][gc,stats    ] all workers. Dividing the <total> over the root stage time estimates parallelism.
[181.845s][info][gc,stats    ] 
[181.845s][info][gc,stats    ] Concurrent Reset                    486 us
[181.845s][info][gc,stats    ] Pause Init Mark (G)                 157 us
[181.845s][info][gc,stats    ] Pause Init Mark (N)                 122 us
[181.845s][info][gc,stats    ]   Update Region States               51 us
[181.845s][info][gc,stats    ] Concurrent Mark Roots               354 us, parallelism: 1.34x
[181.845s][info][gc,stats    ]   CMR: <total>                      476 us
[181.845s][info][gc,stats    ]   CMR: Thread Roots                 410 us, workers (us): 214, 104,  92, ---, ---, ---, 
[181.845s][info][gc,stats    ]   CMR: VM Strong Roots                9 us, workers (us):   2,   2,   4, ---, ---, ---, 
[181.845s][info][gc,stats    ]   CMR: CLDG Roots                    58 us, workers (us):  58, ---, ---, ---, ---, ---, 
[181.845s][info][gc,stats    ] Concurrent Marking                 1048 us
[181.845s][info][gc,stats    ] Pause Final Mark (G)                239 us
[181.845s][info][gc,stats    ] Pause Final Mark (N)                198 us
[181.845s][info][gc,stats    ]   Finish Mark                        28 us
[181.845s][info][gc,stats    ]   Update Region States               48 us
[181.845s][info][gc,stats    ]   Choose Collection Set              66 us
[181.845s][info][gc,stats    ]   Rebuild Free Set                   11 us
[181.845s][info][gc,stats    ] Concurrent Weak References          147 us, parallelism: 0.05x
[181.845s][info][gc,stats    ]   CWRF: <total>                       8 us
[181.845s][info][gc,stats    ]   CWRF: Weak References               8 us, workers (us):   6,   2,   0, ---, ---, ---, 
[181.846s][info][gc,stats    ] Concurrent Weak Roots               222 us
[181.846s][info][gc,stats    ]   Roots                             117 us, parallelism: 0.91x
[181.846s][info][gc,stats    ]     CWR: <total>                    107 us
[181.846s][info][gc,stats    ]     CWR: Code Cache Roots            58 us, workers (us):  36,  22,   0, ---, ---, ---, 
[181.846s][info][gc,stats    ]     CWR: VM Weak Roots               48 us, workers (us):  25,  22,   1, ---, ---, ---, 
[181.846s][info][gc,stats    ]     CWR: CLDG Roots                   1 us, workers (us): ---,   1, ---, ---, ---, ---, 
[181.846s][info][gc,stats    ]   Rendezvous                         63 us
[181.846s][info][gc,stats    ] Concurrent Cleanup                   93 us
[181.846s][info][gc,stats    ] Concurrent Class Unloading          311 us
[181.846s][info][gc,stats    ]   Unlink Stale                      213 us
[181.846s][info][gc,stats    ]     System Dictionary                 2 us
[181.846s][info][gc,stats    ]     Weak Class Links                  0 us
[181.846s][info][gc,stats    ]     Code Roots                      210 us
[181.846s][info][gc,stats    ]   Rendezvous                         34 us
[181.846s][info][gc,stats    ]   Purge Unlinked                     31 us
[181.846s][info][gc,stats    ]     Code Roots                       27 us
[181.846s][info][gc,stats    ]     CLDG                              4 us
[181.846s][info][gc,stats    ]     Exception Caches                  0 us
[181.846s][info][gc,stats    ] Pause Final Roots (G)                51 us
[181.846s][info][gc,stats    ] Pause Final Roots (N)                23 us
[181.846s][info][gc,stats    ] Pacing                           215672 us
[181.846s][info][gc,stats    ] 
[181.846s][info][gc,stats    ] Allocation pacing accrued:
[181.846s][info][gc,stats    ]     216 of 11467 ms (  1.9%): main
[181.846s][info][gc,stats    ]     216 of 11467 ms (  1.9%): <total>
[181.846s][info][gc,stats    ]      17 of 11467 ms (  0.1%): <average total>
[181.846s][info][gc,stats    ]     216 of 11467 ms (  1.9%): <average non-zero>
[181.846s][info][gc,stats    ] 
[181.846s][info][gc,metaspace] Metaspace: 1069K(1280K)->1069K(1280K) NonClass: 987K(1088K)->987K(1088K) Class: 81K(192K)->81K(192K)
[181.846s][info][gc,ergo     ] Pacer for Idle. Initial: 41943K, Alloc Tax Rate: 1.0x
[193.311s][info][gc          ] Trigger: Free (137M) is below minimum threshold (204M)
[193.311s][info][gc,ergo     ] Free: 137M, Max: 1024K regular, 99328K humongous, Frag: 30% external, 0% internal; Reserve: 103M, Max: 1024K
[193.311s][info][gc,start    ] GC(19) Concurrent reset
[193.311s][info][gc,task     ] GC(19) Using 3 of 6 workers for concurrent reset
[193.311s][info][gc,ergo     ] GC(19) Pacer for Reset. Non-Taxable: 2048M
[193.311s][info][gc          ] GC(19) Concurrent reset 0.316ms
[193.311s][info][gc,start    ] GC(19) Pause Init Mark (unload classes)
[193.311s][info][gc,task     ] GC(19) Using 6 of 6 workers for init marking
[193.311s][info][gc,ergo     ] GC(19) Pacer for Mark. Expected Live: 125M, Free: 137M, Non-Taxable: 14121K, Alloc Tax Rate: 1.1x
[193.311s][info][gc          ] GC(19) Pause Init Mark (unload classes) 0.108ms
[193.311s][info][gc,start    ] GC(19) Concurrent marking roots
[193.311s][info][gc,task     ] GC(19) Using 3 of 6 workers for concurrent marking roots
[193.311s][info][gc          ] GC(19) Concurrent marking roots 0.239ms
[193.311s][info][gc,start    ] GC(19) Concurrent marking (unload classes)
[193.311s][info][gc,task     ] GC(19) Using 3 of 6 workers for concurrent marking
[193.312s][info][gc          ] GC(19) Concurrent marking (unload classes) 0.687ms
[193.312s][info][gc,start    ] GC(19) Pause Final Mark (unload classes)
[193.312s][info][gc,task     ] GC(19) Using 6 of 6 workers for final marking
[193.312s][info][gc,ergo     ] GC(19) Collectable Garbage: 1494M (99%), Immediate: 1494M (99%), CSet: 0B (0%)
[193.312s][info][gc          ] GC(19) Pause Final Mark (unload classes) 0.202ms
[193.312s][info][gc,start    ] GC(19) Concurrent weak references
[193.312s][info][gc,task     ] GC(19) Using 3 of 6 workers for concurrent weak references
[193.312s][info][gc,ref      ] GC(19) Encountered references: Soft: 92, Weak: 116, Final: 0, Phantom: 7
[193.312s][info][gc,ref      ] GC(19) Discovered  references: Soft: 0, Weak: 81, Final: 0, Phantom: 5
[193.312s][info][gc,ref      ] GC(19) Enqueued    references: Soft: 0, Weak: 0, Final: 0, Phantom: 0
[193.312s][info][gc          ] GC(19) Concurrent weak references 0.071ms
[193.312s][info][gc,start    ] GC(19) Concurrent weak roots
[193.312s][info][gc,task     ] GC(19) Using 3 of 6 workers for concurrent weak root
[193.313s][info][gc          ] GC(19) Concurrent weak roots 0.116ms
[193.313s][info][gc,start    ] GC(19) Concurrent cleanup
[193.313s][info][gc          ] GC(19) Concurrent cleanup 1714M->220M(2048M) 0.083ms
[193.313s][info][gc,ergo     ] GC(19) Free: 1720M, Max: 1024K regular, 1150M humongous, Frag: 34% external, 0% internal; Reserve: 103M, Max: 1024K
[193.313s][info][gc,start    ] GC(19) Concurrent class unloading
[193.313s][info][gc,task     ] GC(19) Using 3 of 6 workers for concurrent class unloading
[193.313s][info][gc          ] GC(19) Concurrent class unloading 0.238ms
[193.313s][info][gc,start    ] GC(19) Pause Final Roots
[193.313s][info][gc          ] GC(19) Pause Final Roots 0.014ms
[193.313s][info][gc,ergo     ] Free: 1720M, Max: 1024K regular, 1150M humongous, Frag: 34% external, 0% internal; Reserve: 103M, Max: 1024K
[193.313s][info][gc,stats    ] 
[193.313s][info][gc,stats    ] All times are wall-clock times, except per-root-class counters, that are sum over
[193.313s][info][gc,stats    ] all workers. Dividing the <total> over the root stage time estimates parallelism.
[193.313s][info][gc,stats    ] 
[193.313s][info][gc,stats    ] Concurrent Reset                    338 us
[193.313s][info][gc,stats    ] Pause Init Mark (G)                 158 us
[193.313s][info][gc,stats    ] Pause Init Mark (N)                 117 us
[193.313s][info][gc,stats    ]   Update Region States               61 us
[193.313s][info][gc,stats    ] Concurrent Mark Roots               255 us, parallelism: 1.28x
[193.313s][info][gc,stats    ]   CMR: <total>                      326 us
[193.313s][info][gc,stats    ]   CMR: Thread Roots                 291 us, workers (us):  35,  66, 190, ---, ---, ---, 
[193.313s][info][gc,stats    ]   CMR: VM Strong Roots                4 us, workers (us):   2,   2,   0, ---, ---, ---, 
[193.313s][info][gc,stats    ]   CMR: CLDG Roots                    31 us, workers (us):  31, ---, ---, ---, ---, ---, 
[193.313s][info][gc,stats    ] Concurrent Marking                  703 us
[193.313s][info][gc,stats    ] Pause Final Mark (G)                245 us
[193.313s][info][gc,stats    ] Pause Final Mark (N)                211 us
[193.313s][info][gc,stats    ]   Finish Mark                        84 us
[193.313s][info][gc,stats    ]   Update Region States               31 us
[193.313s][info][gc,stats    ]   Choose Collection Set              52 us
[193.313s][info][gc,stats    ]   Rebuild Free Set                    8 us
[193.313s][info][gc,stats    ] Concurrent Weak References           79 us, parallelism: 0.05x
[193.313s][info][gc,stats    ]   CWRF: <total>                       4 us
[193.313s][info][gc,stats    ]   CWRF: Weak References               4 us, workers (us):   1,   3,   0, ---, ---, ---, 
[193.313s][info][gc,stats    ] Concurrent Weak Roots               126 us
[193.313s][info][gc,stats    ]   Roots                              76 us, parallelism: 1.19x
[193.313s][info][gc,stats    ]     CWR: <total>                     90 us
[193.313s][info][gc,stats    ]     CWR: Code Cache Roots            48 us, workers (us):  33,  14,   0, ---, ---, ---, 
[193.313s][info][gc,stats    ]     CWR: VM Weak Roots               41 us, workers (us):  21,  20,   0, ---, ---, ---, 
[193.313s][info][gc,stats    ]     CWR: CLDG Roots                   1 us, workers (us): ---,   1, ---, ---, ---, ---, 
[193.313s][info][gc,stats    ]   Rendezvous                         24 us
[193.313s][info][gc,stats    ] Concurrent Cleanup                   93 us
[193.313s][info][gc,stats    ] Concurrent Class Unloading          252 us
[193.313s][info][gc,stats    ]   Unlink Stale                      149 us
[193.313s][info][gc,stats    ]     System Dictionary                 1 us
[193.313s][info][gc,stats    ]     Weak Class Links                  0 us
[193.313s][info][gc,stats    ]     Code Roots                      147 us
[193.313s][info][gc,stats    ]   Rendezvous                         22 us
[193.313s][info][gc,stats    ]   Purge Unlinked                     50 us
[193.313s][info][gc,stats    ]     Code Roots                       48 us
[193.313s][info][gc,stats    ]     CLDG                              2 us
[193.313s][info][gc,stats    ]     Exception Caches                  0 us
[193.313s][info][gc,stats    ] Pause Final Roots (G)                41 us
[193.313s][info][gc,stats    ] Pause Final Roots (N)                22 us
[193.313s][info][gc,stats    ] Pacing                           214498 us
[193.313s][info][gc,stats    ] 
[193.313s][info][gc,stats    ] Allocation pacing accrued:
[193.313s][info][gc,stats    ]     214 of 11468 ms (  1.9%): main
[193.313s][info][gc,stats    ]     214 of 11468 ms (  1.9%): <total>
[193.313s][info][gc,stats    ]      16 of 11468 ms (  0.1%): <average total>
[193.313s][info][gc,stats    ]     214 of 11468 ms (  1.9%): <average non-zero>
[193.313s][info][gc,stats    ] 
[193.313s][info][gc,metaspace] Metaspace: 1069K(1280K)->1069K(1280K) NonClass: 987K(1088K)->987K(1088K) Class: 81K(192K)->81K(192K)
[193.313s][info][gc,ergo     ] Pacer for Idle. Initial: 41943K, Alloc Tax Rate: 1.0x
[204.623s][info][gc          ] Trigger: Free (192M) is below minimum threshold (204M)
[204.623s][info][gc,ergo     ] Free: 192M, Max: 1024K regular, 150M humongous, Frag: 22% external, 0% internal; Reserve: 103M, Max: 1024K
[204.623s][info][gc,start    ] GC(20) Concurrent reset
[204.623s][info][gc,task     ] GC(20) Using 3 of 6 workers for concurrent reset
[204.623s][info][gc,ergo     ] GC(20) Pacer for Reset. Non-Taxable: 2048M
[204.623s][info][gc          ] GC(20) Concurrent reset 0.421ms
[204.623s][info][gc,start    ] GC(20) Pause Init Mark (unload classes)
[204.623s][info][gc,task     ] GC(20) Using 6 of 6 workers for init marking
[204.623s][info][gc,ergo     ] GC(20) Pacer for Mark. Expected Live: 164M, Free: 192M, Non-Taxable: 19753K, Alloc Tax Rate: 1.0x
[204.623s][info][gc          ] GC(20) Pause Init Mark (unload classes) 0.143ms
[204.623s][info][gc,start    ] GC(20) Concurrent marking roots
[204.623s][info][gc,task     ] GC(20) Using 3 of 6 workers for concurrent marking roots
[204.624s][info][gc          ] GC(20) Concurrent marking roots 0.284ms
[204.624s][info][gc,start    ] GC(20) Concurrent marking (unload classes)
[204.624s][info][gc,task     ] GC(20) Using 3 of 6 workers for concurrent marking
[204.625s][info][gc          ] GC(20) Concurrent marking (unload classes) 0.884ms
[204.625s][info][gc,start    ] GC(20) Pause Final Mark (unload classes)
[204.625s][info][gc,task     ] GC(20) Using 6 of 6 workers for final marking
[204.625s][info][gc,ergo     ] GC(20) Collectable Garbage: 1589M (99%), Immediate: 1589M (99%), CSet: 0B (0%)
[204.625s][info][gc          ] GC(20) Pause Final Mark (unload classes) 0.152ms
[204.625s][info][gc,start    ] GC(20) Concurrent weak references
[204.625s][info][gc,task     ] GC(20) Using 3 of 6 workers for concurrent weak references
[204.625s][info][gc,ref      ] GC(20) Encountered references: Soft: 92, Weak: 116, Final: 0, Phantom: 7
[204.625s][info][gc,ref      ] GC(20) Discovered  references: Soft: 0, Weak: 70, Final: 0, Phantom: 5
[204.625s][info][gc,ref      ] GC(20) Enqueued    references: Soft: 0, Weak: 0, Final: 0, Phantom: 0
[204.625s][info][gc          ] GC(20) Concurrent weak references 0.068ms
[204.625s][info][gc,start    ] GC(20) Concurrent weak roots
[204.625s][info][gc,task     ] GC(20) Using 3 of 6 workers for concurrent weak root
[204.625s][info][gc          ] GC(20) Concurrent weak roots 0.108ms
[204.625s][info][gc,start    ] GC(20) Concurrent cleanup
[204.625s][info][gc          ] GC(20) Concurrent cleanup 1660M->71M(2048M) 0.079ms
[204.625s][info][gc,ergo     ] GC(20) Free: 1869M, Max: 1024K regular, 1140M humongous, Frag: 40% external, 0% internal; Reserve: 103M, Max: 1024K
[204.625s][info][gc,start    ] GC(20) Concurrent class unloading
[204.625s][info][gc,task     ] GC(20) Using 3 of 6 workers for concurrent class unloading
[204.625s][info][gc          ] GC(20) Concurrent class unloading 0.226ms
[204.625s][info][gc,start    ] GC(20) Pause Final Roots
[204.625s][info][gc          ] GC(20) Pause Final Roots 0.015ms
[204.625s][info][gc,ergo     ] Free: 1869M, Max: 1024K regular, 1140M humongous, Frag: 40% external, 0% internal; Reserve: 103M, Max: 1024K
[204.625s][info][gc,stats    ] 
[204.625s][info][gc,stats    ] All times are wall-clock times, except per-root-class counters, that are sum over
[204.625s][info][gc,stats    ] all workers. Dividing the <total> over the root stage time estimates parallelism.
[204.625s][info][gc,stats    ] 
[204.625s][info][gc,stats    ] Concurrent Reset                    449 us
[204.625s][info][gc,stats    ] Pause Init Mark (G)                 189 us
[204.625s][info][gc,stats    ] Pause Init Mark (N)                 155 us
[204.625s][info][gc,stats    ]   Update Region States               87 us
[204.625s][info][gc,stats    ] Concurrent Mark Roots               303 us, parallelism: 1.30x
[204.625s][info][gc,stats    ]   CMR: <total>                      394 us
[204.626s][info][gc,stats    ]   CMR: Thread Roots                 357 us, workers (us):  56,  97, 205, ---, ---, ---, 
[204.626s][info][gc,stats    ]   CMR: VM Strong Roots                5 us, workers (us):   2,   2,   0, ---, ---, ---, 
[204.626s][info][gc,stats    ]   CMR: CLDG Roots                    32 us, workers (us):  32, ---, ---, ---, ---, ---, 
[204.626s][info][gc,stats    ] Concurrent Marking                  900 us
[204.626s][info][gc,stats    ] Pause Final Mark (G)                194 us
[204.626s][info][gc,stats    ] Pause Final Mark (N)                162 us
[204.626s][info][gc,stats    ]   Finish Mark                        29 us
[204.626s][info][gc,stats    ]   Update Region States               31 us
[204.626s][info][gc,stats    ]   Choose Collection Set              55 us
[204.626s][info][gc,stats    ]   Rebuild Free Set                    8 us
[204.626s][info][gc,stats    ] Concurrent Weak References           77 us, parallelism: 0.05x
[204.626s][info][gc,stats    ]   CWRF: <total>                       4 us
[204.626s][info][gc,stats    ]   CWRF: Weak References               4 us, workers (us):   3,   1,   0, ---, ---, ---, 
[204.626s][info][gc,stats    ] Concurrent Weak Roots               122 us
[204.626s][info][gc,stats    ]   Roots                              70 us, parallelism: 1.31x
[204.626s][info][gc,stats    ]     CWR: <total>                     92 us
[204.626s][info][gc,stats    ]     CWR: Code Cache Roots            50 us, workers (us):   0,  15,  34, ---, ---, ---, 
[204.626s][info][gc,stats    ]     CWR: VM Weak Roots               41 us, workers (us):  14,  14,  14, ---, ---, ---, 
[204.626s][info][gc,stats    ]     CWR: CLDG Roots                   1 us, workers (us):   1, ---, ---, ---, ---, ---, 
[204.626s][info][gc,stats    ]   Rendezvous                         22 us
[204.626s][info][gc,stats    ] Concurrent Cleanup                   89 us
[204.626s][info][gc,stats    ] Concurrent Class Unloading          241 us
[204.626s][info][gc,stats    ]   Unlink Stale                      164 us
[204.626s][info][gc,stats    ]     System Dictionary                 1 us
[204.626s][info][gc,stats    ]     Weak Class Links                  0 us
[204.626s][info][gc,stats    ]     Code Roots                      162 us
[204.626s][info][gc,stats    ]   Rendezvous                         23 us
[204.626s][info][gc,stats    ]   Purge Unlinked                     22 us
[204.626s][info][gc,stats    ]     Code Roots                       20 us
[204.626s][info][gc,stats    ]     CLDG                              2 us
[204.626s][info][gc,stats    ]     Exception Caches                  0 us
[204.626s][info][gc,stats    ] Pause Final Roots (G)                43 us
[204.626s][info][gc,stats    ] Pause Final Roots (N)                24 us
[204.626s][info][gc,stats    ] Pacing                           200250 us
[204.626s][info][gc,stats    ] 
[204.626s][info][gc,stats    ] Allocation pacing accrued:
[204.626s][info][gc,stats    ]     200 of 11312 ms (  1.8%): main
[204.626s][info][gc,stats    ]     200 of 11312 ms (  1.8%): <total>
[204.626s][info][gc,stats    ]      15 of 11312 ms (  0.1%): <average total>
[204.626s][info][gc,stats    ]     200 of 11312 ms (  1.8%): <average non-zero>
[204.626s][info][gc,stats    ] 
[204.626s][info][gc,metaspace] Metaspace: 1069K(1280K)->1069K(1280K) NonClass: 987K(1088K)->987K(1088K) Class: 81K(192K)->81K(192K)
[204.626s][info][gc,ergo     ] Pacer for Idle. Initial: 41943K, Alloc Tax Rate: 1.0x
[216.207s][info][gc          ] Trigger: Free (139M) is below minimum threshold (204M)
[216.207s][info][gc,ergo     ] Free: 139M, Max: 1024K regular, 51200K humongous, Frag: 65% external, 0% internal; Reserve: 103M, Max: 1024K
[216.207s][info][gc,start    ] GC(21) Concurrent reset
[216.207s][info][gc,task     ] GC(21) Using 3 of 6 workers for concurrent reset
[216.207s][info][gc,ergo     ] GC(21) Pacer for Reset. Non-Taxable: 2048M
[216.207s][info][gc          ] GC(21) Concurrent reset 0.188ms
[216.207s][info][gc,start    ] GC(21) Pause Init Mark (unload classes)
[216.208s][info][gc,task     ] GC(21) Using 6 of 6 workers for init marking
[216.208s][info][gc,ergo     ] GC(21) Pacer for Mark. Expected Live: 151M, Free: 139M, Non-Taxable: 14326K, Alloc Tax Rate: 1.3x
[216.208s][info][gc          ] GC(21) Pause Init Mark (unload classes) 0.074ms
[216.208s][info][gc,start    ] GC(21) Concurrent marking roots
[216.208s][info][gc,task     ] GC(21) Using 3 of 6 workers for concurrent marking roots
[216.208s][info][gc          ] GC(21) Concurrent marking roots 0.271ms
[216.208s][info][gc,start    ] GC(21) Concurrent marking (unload classes)
[216.208s][info][gc,task     ] GC(21) Using 3 of 6 workers for concurrent marking
[216.209s][info][gc          ] GC(21) Concurrent marking (unload classes) 0.733ms
[216.209s][info][gc,start    ] GC(21) Pause Final Mark (unload classes)
[216.209s][info][gc,task     ] GC(21) Using 6 of 6 workers for final marking
[216.209s][info][gc,ergo     ] GC(21) Collectable Garbage: 1585M (99%), Immediate: 1585M (99%), CSet: 0B (0%)
[216.209s][info][gc          ] GC(21) Pause Final Mark (unload classes) 0.203ms
[216.209s][info][gc,start    ] GC(21) Concurrent weak references
[216.209s][info][gc,task     ] GC(21) Using 3 of 6 workers for concurrent weak references
[216.209s][info][gc,ref      ] GC(21) Encountered references: Soft: 92, Weak: 116, Final: 0, Phantom: 7
[216.209s][info][gc,ref      ] GC(21) Discovered  references: Soft: 0, Weak: 68, Final: 0, Phantom: 5
[216.209s][info][gc,ref      ] GC(21) Enqueued    references: Soft: 0, Weak: 0, Final: 0, Phantom: 0
[216.209s][info][gc          ] GC(21) Concurrent weak references 0.106ms
[216.209s][info][gc,start    ] GC(21) Concurrent weak roots
[216.209s][info][gc,task     ] GC(21) Using 3 of 6 workers for concurrent weak root
[216.209s][info][gc          ] GC(21) Concurrent weak roots 0.149ms
[216.209s][info][gc,start    ] GC(21) Concurrent cleanup
[216.209s][info][gc          ] GC(21) Concurrent cleanup 1711M->126M(2048M) 0.078ms
[216.209s][info][gc,ergo     ] GC(21) Free: 1814M, Max: 1024K regular, 1257M humongous, Frag: 31% external, 0% internal; Reserve: 103M, Max: 1024K
[216.209s][info][gc,start    ] GC(21) Concurrent class unloading
[216.209s][info][gc,task     ] GC(21) Using 3 of 6 workers for concurrent class unloading
[216.210s][info][gc          ] GC(21) Concurrent class unloading 0.243ms
[216.210s][info][gc,start    ] GC(21) Pause Final Roots
[216.210s][info][gc          ] GC(21) Pause Final Roots 0.016ms
[216.210s][info][gc,ergo     ] Free: 1814M, Max: 1024K regular, 1257M humongous, Frag: 31% external, 0% internal; Reserve: 103M, Max: 1024K
[216.210s][info][gc,stats    ] 
[216.210s][info][gc,stats    ] All times are wall-clock times, except per-root-class counters, that are sum over
[216.210s][info][gc,stats    ] all workers. Dividing the <total> over the root stage time estimates parallelism.
[216.210s][info][gc,stats    ] 
[216.210s][info][gc,stats    ] Concurrent Reset                    203 us
[216.210s][info][gc,stats    ] Pause Init Mark (G)                 146 us
[216.210s][info][gc,stats    ] Pause Init Mark (N)                  82 us
[216.210s][info][gc,stats    ]   Update Region States               27 us
[216.210s][info][gc,stats    ] Concurrent Mark Roots               282 us, parallelism: 1.20x
[216.210s][info][gc,stats    ]   CMR: <total>                      339 us
[216.210s][info][gc,stats    ]   CMR: Thread Roots                 306 us, workers (us): 199,  72,  35, ---, ---, ---, 
[216.210s][info][gc,stats    ]   CMR: VM Strong Roots                4 us, workers (us):   2,   1,   0, ---, ---, ---, 
[216.210s][info][gc,stats    ]   CMR: CLDG Roots                    29 us, workers (us):  29, ---, ---, ---, ---, ---, 
[216.210s][info][gc,stats    ] Concurrent Marking                  747 us
[216.210s][info][gc,stats    ] Pause Final Mark (G)                281 us
[216.210s][info][gc,stats    ] Pause Final Mark (N)                213 us
[216.210s][info][gc,stats    ]   Finish Mark                        33 us
[216.210s][info][gc,stats    ]   Update Region States               68 us
[216.210s][info][gc,stats    ]   Choose Collection Set              59 us
[216.210s][info][gc,stats    ]   Rebuild Free Set                    8 us
[216.210s][info][gc,stats    ] Concurrent Weak References          114 us, parallelism: 0.03x
[216.210s][info][gc,stats    ]   CWRF: <total>                       4 us
[216.210s][info][gc,stats    ]   CWRF: Weak References               4 us, workers (us):   3,   1,   0, ---, ---, ---, 
[216.210s][info][gc,stats    ] Concurrent Weak Roots               162 us
[216.210s][info][gc,stats    ]   Roots                              76 us, parallelism: 1.20x
[216.210s][info][gc,stats    ]     CWR: <total>                     91 us
[216.210s][info][gc,stats    ]     CWR: Code Cache Roots            48 us, workers (us):  14,  34,   0, ---, ---, ---, 
[216.210s][info][gc,stats    ]     CWR: VM Weak Roots               42 us, workers (us):  21,  20,   0, ---, ---, ---, 
[216.210s][info][gc,stats    ]     CWR: CLDG Roots                   1 us, workers (us):   1, ---, ---, ---, ---, ---, 
[216.210s][info][gc,stats    ]   Rendezvous                         57 us
[216.210s][info][gc,stats    ] Concurrent Cleanup                   88 us
[216.210s][info][gc,stats    ] Concurrent Class Unloading          255 us
[216.210s][info][gc,stats    ]   Unlink Stale                      150 us
[216.210s][info][gc,stats    ]     System Dictionary                 1 us
[216.210s][info][gc,stats    ]     Weak Class Links                  0 us
[216.210s][info][gc,stats    ]     Code Roots                      148 us
[216.210s][info][gc,stats    ]   Rendezvous                         56 us
[216.210s][info][gc,stats    ]   Purge Unlinked                     21 us
[216.210s][info][gc,stats    ]     Code Roots                       19 us
[216.210s][info][gc,stats    ]     CLDG                              2 us
[216.210s][info][gc,stats    ]     Exception Caches                  0 us
[216.210s][info][gc,stats    ] Pause Final Roots (G)                47 us
[216.210s][info][gc,stats    ] Pause Final Roots (N)                25 us
[216.210s][info][gc,stats    ] Pacing                           242921 us
[216.210s][info][gc,stats    ] 
[216.210s][info][gc,stats    ] Allocation pacing accrued:
[216.210s][info][gc,stats    ]     243 of 11584 ms (  2.1%): main
[216.210s][info][gc,stats    ]     243 of 11584 ms (  2.1%): <total>
[216.210s][info][gc,stats    ]      19 of 11584 ms (  0.2%): <average total>
[216.210s][info][gc,stats    ]     243 of 11584 ms (  2.1%): <average non-zero>
[216.210s][info][gc,stats    ] 
[216.210s][info][gc,metaspace] Metaspace: 1069K(1280K)->1069K(1280K) NonClass: 987K(1088K)->987K(1088K) Class: 81K(192K)->81K(192K)
[216.210s][info][gc,ergo     ] Pacer for Idle. Initial: 41943K, Alloc Tax Rate: 1.0x
[227.639s][info][gc          ] Trigger: Free (195M) is below minimum threshold (204M)
[227.639s][info][gc,ergo     ] Free: 195M, Max: 1024K regular, 52224K humongous, Frag: 74% external, 0% internal; Reserve: 103M, Max: 1024K
[227.639s][info][gc,start    ] GC(22) Concurrent reset
[227.639s][info][gc,task     ] GC(22) Using 3 of 6 workers for concurrent reset
[227.639s][info][gc,ergo     ] GC(22) Pacer for Reset. Non-Taxable: 2048M
[227.639s][info][gc          ] GC(22) Concurrent reset 0.180ms
[227.639s][info][gc,start    ] GC(22) Pause Init Mark (unload classes)
[227.639s][info][gc,task     ] GC(22) Using 6 of 6 workers for init marking
[227.639s][info][gc,ergo     ] GC(22) Pacer for Mark. Expected Live: 147M, Free: 195M, Non-Taxable: 20061K, Alloc Tax Rate: 0.9x
[227.639s][info][gc          ] GC(22) Pause Init Mark (unload classes) 0.071ms
[227.639s][info][gc,start    ] GC(22) Concurrent marking roots
[227.639s][info][gc,task     ] GC(22) Using 3 of 6 workers for concurrent marking roots
[227.639s][info][gc          ] GC(22) Concurrent marking roots 0.248ms
[227.640s][info][gc,start    ] GC(22) Concurrent marking (unload classes)
[227.640s][info][gc,task     ] GC(22) Using 3 of 6 workers for concurrent marking
[227.640s][info][gc          ] GC(22) Concurrent marking (unload classes) 0.769ms
[227.640s][info][gc,start    ] GC(22) Pause Final Mark (unload classes)
[227.640s][info][gc,task     ] GC(22) Using 6 of 6 workers for final marking
[227.640s][info][gc,ergo     ] GC(22) Collectable Garbage: 1521M (99%), Immediate: 1521M (99%), CSet: 0B (0%)
[227.640s][info][gc          ] GC(22) Pause Final Mark (unload classes) 0.141ms
[227.640s][info][gc,start    ] GC(22) Concurrent weak references
[227.640s][info][gc,task     ] GC(22) Using 3 of 6 workers for concurrent weak references
[227.641s][info][gc,ref      ] GC(22) Encountered references: Soft: 92, Weak: 116, Final: 0, Phantom: 7
[227.641s][info][gc,ref      ] GC(22) Discovered  references: Soft: 0, Weak: 95, Final: 0, Phantom: 5
[227.641s][info][gc,ref      ] GC(22) Enqueued    references: Soft: 0, Weak: 0, Final: 0, Phantom: 0
[227.641s][info][gc          ] GC(22) Concurrent weak references 0.080ms
[227.641s][info][gc,start    ] GC(22) Concurrent weak roots
[227.641s][info][gc,task     ] GC(22) Using 3 of 6 workers for concurrent weak root
[227.641s][info][gc          ] GC(22) Concurrent weak roots 0.108ms
[227.641s][info][gc,start    ] GC(22) Concurrent cleanup
[227.641s][info][gc          ] GC(22) Concurrent cleanup 1656M->135M(2048M) 0.077ms
[227.641s][info][gc,ergo     ] GC(22) Free: 1805M, Max: 1024K regular, 1142M humongous, Frag: 37% external, 0% internal; Reserve: 103M, Max: 1024K
[227.641s][info][gc,start    ] GC(22) Concurrent class unloading
[227.641s][info][gc,task     ] GC(22) Using 3 of 6 workers for concurrent class unloading
[227.641s][info][gc          ] GC(22) Concurrent class unloading 0.211ms
[227.641s][info][gc,start    ] GC(22) Pause Final Roots
[227.641s][info][gc          ] GC(22) Pause Final Roots 0.014ms
[227.641s][info][gc,ergo     ] Free: 1805M, Max: 1024K regular, 1142M humongous, Frag: 37% external, 0% internal; Reserve: 103M, Max: 1024K
[227.641s][info][gc,stats    ] 
[227.641s][info][gc,stats    ] All times are wall-clock times, except per-root-class counters, that are sum over
[227.641s][info][gc,stats    ] all workers. Dividing the <total> over the root stage time estimates parallelism.
[227.641s][info][gc,stats    ] 
[227.641s][info][gc,stats    ] Concurrent Reset                    200 us
[227.641s][info][gc,stats    ] Pause Init Mark (G)                 114 us
[227.641s][info][gc,stats    ] Pause Init Mark (N)                  80 us
[227.641s][info][gc,stats    ]   Update Region States               25 us
[227.641s][info][gc,stats    ] Concurrent Mark Roots               264 us, parallelism: 1.26x
[227.641s][info][gc,stats    ]   CMR: <total>                      332 us
[227.641s][info][gc,stats    ]   CMR: Thread Roots                 296 us, workers (us): 192,  35,  68, ---, ---, ---, 
[227.641s][info][gc,stats    ]   CMR: VM Strong Roots                4 us, workers (us):   2,   2,   0, ---, ---, ---, 
[227.641s][info][gc,stats    ]   CMR: CLDG Roots                    32 us, workers (us): ---,  32, ---, ---, ---, ---, 
[227.641s][info][gc,stats    ] Concurrent Marking                  788 us
[227.641s][info][gc,stats    ] Pause Final Mark (G)                182 us
[227.641s][info][gc,stats    ] Pause Final Mark (N)                151 us
[227.641s][info][gc,stats    ]   Finish Mark                        28 us
[227.641s][info][gc,stats    ]   Update Region States               26 us
[227.641s][info][gc,stats    ]   Choose Collection Set              53 us
[227.641s][info][gc,stats    ]   Rebuild Free Set                    8 us
[227.641s][info][gc,stats    ] Concurrent Weak References           90 us, parallelism: 0.05x
[227.641s][info][gc,stats    ]   CWRF: <total>                       5 us
[227.641s][info][gc,stats    ]   CWRF: Weak References               5 us, workers (us):   4,   1,   0, ---, ---, ---, 
[227.641s][info][gc,stats    ] Concurrent Weak Roots               119 us
[227.641s][info][gc,stats    ]   Roots                              70 us, parallelism: 1.32x
[227.641s][info][gc,stats    ]     CWR: <total>                     92 us
[227.641s][info][gc,stats    ]     CWR: Code Cache Roots            49 us, workers (us):  33,  15,   0, ---, ---, ---, 
[227.641s][info][gc,stats    ]     CWR: VM Weak Roots               42 us, workers (us):  15,  14,  13, ---, ---, ---, 
[227.641s][info][gc,stats    ]     CWR: CLDG Roots                   1 us, workers (us): ---, ---,   1, ---, ---, ---, 
[227.641s][info][gc,stats    ]   Rendezvous                         22 us
[227.641s][info][gc,stats    ] Concurrent Cleanup                   86 us
[227.641s][info][gc,stats    ] Concurrent Class Unloading          225 us
[227.641s][info][gc,stats    ]   Unlink Stale                      149 us
[227.641s][info][gc,stats    ]     System Dictionary                 1 us
[227.641s][info][gc,stats    ]     Weak Class Links                  0 us
[227.641s][info][gc,stats    ]     Code Roots                      147 us
[227.641s][info][gc,stats    ]   Rendezvous                         22 us
[227.641s][info][gc,stats    ]   Purge Unlinked                     24 us
[227.641s][info][gc,stats    ]     Code Roots                       21 us
[227.641s][info][gc,stats    ]     CLDG                              3 us
[227.641s][info][gc,stats    ]     Exception Caches                  0 us
[227.641s][info][gc,stats    ] Pause Final Roots (G)                42 us
[227.641s][info][gc,stats    ] Pause Final Roots (N)                23 us
[227.641s][info][gc,stats    ] Pacing                           214809 us
[227.641s][info][gc,stats    ] 
[227.641s][info][gc,stats    ] Allocation pacing accrued:
[227.641s][info][gc,stats    ]     215 of 11431 ms (  1.9%): main
[227.641s][info][gc,stats    ]     215 of 11431 ms (  1.9%): <total>
[227.641s][info][gc,stats    ]      17 of 11431 ms (  0.1%): <average total>
[227.641s][info][gc,stats    ]     215 of 11431 ms (  1.9%): <average non-zero>
[227.641s][info][gc,stats    ] 
[227.641s][info][gc,metaspace] Metaspace: 1069K(1280K)->1069K(1280K) NonClass: 987K(1088K)->987K(1088K) Class: 81K(192K)->81K(192K)
[227.641s][info][gc,ergo     ] Pacer for Idle. Initial: 41943K, Alloc Tax Rate: 1.0x
[239.508s][info][gc          ] Trigger: Free (200M) is below minimum threshold (204M)
[239.508s][info][gc,ergo     ] Free: 200M, Max: 1024K regular, 195M humongous, Frag: 3% external, 0% internal; Reserve: 103M, Max: 1024K
[239.508s][info][gc,start    ] GC(23) Concurrent reset
[239.508s][info][gc,task     ] GC(23) Using 3 of 6 workers for concurrent reset
[239.508s][info][gc,ergo     ] GC(23) Pacer for Reset. Non-Taxable: 2048M
[239.508s][info][gc          ] GC(23) Concurrent reset 0.257ms
[239.508s][info][gc,start    ] GC(23) Pause Init Mark (unload classes)
[239.508s][info][gc,task     ] GC(23) Using 6 of 6 workers for init marking
[239.508s][info][gc,ergo     ] GC(23) Pacer for Mark. Expected Live: 136M, Free: 200M, Non-Taxable: 20573K, Alloc Tax Rate: 0.8x
[239.508s][info][gc          ] GC(23) Pause Init Mark (unload classes) 0.104ms
[239.508s][info][gc,start    ] GC(23) Concurrent marking roots
[239.508s][info][gc,task     ] GC(23) Using 3 of 6 workers for concurrent marking roots
[239.509s][info][gc          ] GC(23) Concurrent marking roots 0.322ms
[239.509s][info][gc,start    ] GC(23) Concurrent marking (unload classes)
[239.509s][info][gc,task     ] GC(23) Using 3 of 6 workers for concurrent marking
[239.510s][info][gc          ] GC(23) Concurrent marking (unload classes) 0.915ms
[239.510s][info][gc,start    ] GC(23) Pause Final Mark (unload classes)
[239.510s][info][gc,task     ] GC(23) Using 6 of 6 workers for final marking
[239.510s][info][gc,ergo     ] GC(23) Collectable Garbage: 1597M (99%), Immediate: 1597M (99%), CSet: 0B (0%)
[239.510s][info][gc          ] GC(23) Pause Final Mark (unload classes) 0.249ms
[239.510s][info][gc,start    ] GC(23) Concurrent weak references
[239.510s][info][gc,task     ] GC(23) Using 3 of 6 workers for concurrent weak references
[239.510s][info][gc,ref      ] GC(23) Encountered references: Soft: 92, Weak: 116, Final: 0, Phantom: 7
[239.510s][info][gc,ref      ] GC(23) Discovered  references: Soft: 0, Weak: 84, Final: 0, Phantom: 5
[239.510s][info][gc,ref      ] GC(23) Enqueued    references: Soft: 0, Weak: 0, Final: 0, Phantom: 0
[239.510s][info][gc          ] GC(23) Concurrent weak references 0.124ms
[239.510s][info][gc,start    ] GC(23) Concurrent weak roots
[239.510s][info][gc,task     ] GC(23) Using 3 of 6 workers for concurrent weak root
[239.510s][info][gc          ] GC(23) Concurrent weak roots 0.174ms
[239.510s][info][gc,start    ] GC(23) Concurrent cleanup
[239.510s][info][gc          ] GC(23) Concurrent cleanup 1647M->50M(2048M) 0.082ms
[239.510s][info][gc,ergo     ] GC(23) Free: 1890M, Max: 1024K regular, 1123M humongous, Frag: 41% external, 0% internal; Reserve: 103M, Max: 1024K
[239.510s][info][gc,start    ] GC(23) Concurrent class unloading
[239.511s][info][gc,task     ] GC(23) Using 3 of 6 workers for concurrent class unloading
[239.511s][info][gc          ] GC(23) Concurrent class unloading 0.266ms
[239.511s][info][gc,start    ] GC(23) Pause Final Roots
[239.511s][info][gc          ] GC(23) Pause Final Roots 0.017ms
[239.511s][info][gc,ergo     ] Free: 1890M, Max: 1024K regular, 1123M humongous, Frag: 41% external, 0% internal; Reserve: 103M, Max: 1024K
[239.511s][info][gc,stats    ] 
[239.511s][info][gc,stats    ] All times are wall-clock times, except per-root-class counters, that are sum over
[239.511s][info][gc,stats    ] all workers. Dividing the <total> over the root stage time estimates parallelism.
[239.511s][info][gc,stats    ] 
[239.511s][info][gc,stats    ] Concurrent Reset                    281 us
[239.511s][info][gc,stats    ] Pause Init Mark (G)                 152 us
[239.511s][info][gc,stats    ] Pause Init Mark (N)                 114 us
[239.511s][info][gc,stats    ]   Update Region States               47 us
[239.511s][info][gc,stats    ] Concurrent Mark Roots               337 us, parallelism: 1.29x
[239.511s][info][gc,stats    ]   CMR: <total>                      434 us
[239.511s][info][gc,stats    ]   CMR: Thread Roots                 391 us, workers (us):  92,  36, 264, ---, ---, ---, 
[239.511s][info][gc,stats    ]   CMR: VM Strong Roots                7 us, workers (us):   3,   2,   2, ---, ---, ---, 
[239.511s][info][gc,stats    ]   CMR: CLDG Roots                    35 us, workers (us): ---,  35, ---, ---, ---, ---, 
[239.511s][info][gc,stats    ] Concurrent Marking                  939 us
[239.511s][info][gc,stats    ] Pause Final Mark (G)                300 us
[239.511s][info][gc,stats    ] Pause Final Mark (N)                259 us
[239.511s][info][gc,stats    ]   Finish Mark                        71 us
[239.511s][info][gc,stats    ]   Update Region States               77 us
[239.511s][info][gc,stats    ]   Choose Collection Set              59 us
[239.511s][info][gc,stats    ]   Rebuild Free Set                    9 us
[239.511s][info][gc,stats    ] Concurrent Weak References          133 us, parallelism: 0.06x
[239.511s][info][gc,stats    ]   CWRF: <total>                       8 us
[239.511s][info][gc,stats    ]   CWRF: Weak References               8 us, workers (us):   2,   6,   0, ---, ---, ---, 
[239.511s][info][gc,stats    ] Concurrent Weak Roots               186 us
[239.511s][info][gc,stats    ]   Roots                              92 us, parallelism: 1.44x
[239.511s][info][gc,stats    ]     CWR: <total>                    132 us
[239.511s][info][gc,stats    ]     CWR: Code Cache Roots            69 us, workers (us):  46,  23,   0, ---, ---, ---, 
[239.511s][info][gc,stats    ]     CWR: VM Weak Roots               63 us, workers (us):  21,  21,  20, ---, ---, ---, 
[239.511s][info][gc,stats    ]     CWR: CLDG Roots                   1 us, workers (us): ---, ---,   1, ---, ---, ---, 
[239.511s][info][gc,stats    ]   Rendezvous                         60 us
[239.511s][info][gc,stats    ] Concurrent Cleanup                   92 us
[239.511s][info][gc,stats    ] Concurrent Class Unloading          280 us
[239.511s][info][gc,stats    ]   Unlink Stale                      161 us
[239.511s][info][gc,stats    ]     System Dictionary                 1 us
[239.511s][info][gc,stats    ]     Weak Class Links                  0 us
[239.511s][info][gc,stats    ]     Code Roots                      159 us
[239.511s][info][gc,stats    ]   Rendezvous                         58 us
[239.511s][info][gc,stats    ]   Purge Unlinked                     24 us
[239.511s][info][gc,stats    ]     Code Roots                       21 us
[239.511s][info][gc,stats    ]     CLDG                              2 us
[239.511s][info][gc,stats    ]     Exception Caches                  0 us
[239.511s][info][gc,stats    ] Pause Final Roots (G)                51 us
[239.511s][info][gc,stats    ] Pause Final Roots (N)                26 us
[239.511s][info][gc,stats    ] Pacing                           199477 us
[239.511s][info][gc,stats    ] 
[239.511s][info][gc,stats    ] Allocation pacing accrued:
[239.511s][info][gc,stats    ]     199 of 11870 ms (  1.7%): main
[239.511s][info][gc,stats    ]     199 of 11870 ms (  1.7%): <total>
[239.511s][info][gc,stats    ]      15 of 11870 ms (  0.1%): <average total>
[239.511s][info][gc,stats    ]     199 of 11870 ms (  1.7%): <average non-zero>
[239.511s][info][gc,stats    ] 
[239.511s][info][gc,metaspace] Metaspace: 1069K(1280K)->1069K(1280K) NonClass: 987K(1088K)->987K(1088K) Class: 81K(192K)->81K(192K)
[239.511s][info][gc,ergo     ] Pacer for Idle. Initial: 41943K, Alloc Tax Rate: 1.0x
[251.930s][info][gc          ] Trigger: Free (137M) is below minimum threshold (204M)
[251.930s][info][gc,ergo     ] Free: 137M, Max: 1024K regular, 96256K humongous, Frag: 32% external, 0% internal; Reserve: 103M, Max: 1024K
[251.930s][info][gc,start    ] GC(24) Concurrent reset
[251.930s][info][gc,task     ] GC(24) Using 3 of 6 workers for concurrent reset
[251.930s][info][gc,ergo     ] GC(24) Pacer for Reset. Non-Taxable: 2048M
[251.930s][info][gc          ] GC(24) Concurrent reset 0.238ms
[251.930s][info][gc,start    ] GC(24) Pause Init Mark (unload classes)
[251.930s][info][gc,task     ] GC(24) Using 6 of 6 workers for init marking
[251.930s][info][gc,ergo     ] GC(24) Pacer for Mark. Expected Live: 112M, Free: 137M, Non-Taxable: 14121K, Alloc Tax Rate: 1.0x
[251.930s][info][gc          ] GC(24) Pause Init Mark (unload classes) 0.077ms
[251.930s][info][gc,start    ] GC(24) Concurrent marking roots
[251.930s][info][gc,task     ] GC(24) Using 3 of 6 workers for concurrent marking roots
[251.930s][info][gc          ] GC(24) Concurrent marking roots 0.300ms
[251.930s][info][gc,start    ] GC(24) Concurrent marking (unload classes)
[251.930s][info][gc,task     ] GC(24) Using 3 of 6 workers for concurrent marking
[251.931s][info][gc          ] GC(24) Concurrent marking (unload classes) 0.862ms
[251.931s][info][gc,start    ] GC(24) Pause Final Mark (unload classes)
[251.931s][info][gc,task     ] GC(24) Using 6 of 6 workers for final marking
[251.931s][info][gc,ergo     ] GC(24) Collectable Garbage: 1514M (99%), Immediate: 1514M (99%), CSet: 0B (0%)
[251.931s][info][gc          ] GC(24) Pause Final Mark (unload classes) 0.167ms
[251.931s][info][gc,start    ] GC(24) Concurrent weak references
[251.932s][info][gc,task     ] GC(24) Using 3 of 6 workers for concurrent weak references
[251.932s][info][gc,ref      ] GC(24) Encountered references: Soft: 92, Weak: 116, Final: 0, Phantom: 7
[251.932s][info][gc,ref      ] GC(24) Discovered  references: Soft: 0, Weak: 95, Final: 0, Phantom: 5
[251.932s][info][gc,ref      ] GC(24) Enqueued    references: Soft: 0, Weak: 0, Final: 0, Phantom: 0
[251.932s][info][gc          ] GC(24) Concurrent weak references 0.101ms
[251.932s][info][gc,start    ] GC(24) Concurrent weak roots
[251.932s][info][gc,task     ] GC(24) Using 3 of 6 workers for concurrent weak root
[251.932s][info][gc          ] GC(24) Concurrent weak roots 0.183ms
[251.932s][info][gc,start    ] GC(24) Concurrent cleanup
[251.932s][info][gc          ] GC(24) Concurrent cleanup 1705M->191M(2048M) 0.077ms
[251.932s][info][gc,ergo     ] GC(24) Free: 1748M, Max: 1024K regular, 1066M humongous, Frag: 40% external, 0% internal; Reserve: 103M, Max: 1024K
[251.932s][info][gc,start    ] GC(24) Concurrent class unloading
[251.932s][info][gc,task     ] GC(24) Using 3 of 6 workers for concurrent class unloading
[251.932s][info][gc          ] GC(24) Concurrent class unloading 0.284ms
[251.932s][info][gc,start    ] GC(24) Pause Final Roots
[251.932s][info][gc          ] GC(24) Pause Final Roots 0.019ms
[251.932s][info][gc,ergo     ] Free: 1748M, Max: 1024K regular, 1066M humongous, Frag: 40% external, 0% internal; Reserve: 103M, Max: 1024K
[251.932s][info][gc,stats    ] 
[251.932s][info][gc,stats    ] All times are wall-clock times, except per-root-class counters, that are sum over
[251.932s][info][gc,stats    ] all workers. Dividing the <total> over the root stage time estimates parallelism.
[251.932s][info][gc,stats    ] 
[251.932s][info][gc,stats    ] Concurrent Reset                    257 us
[251.932s][info][gc,stats    ] Pause Init Mark (G)                 123 us
[251.932s][info][gc,stats    ] Pause Init Mark (N)                  87 us
[251.932s][info][gc,stats    ]   Update Region States               27 us
[251.932s][info][gc,stats    ] Concurrent Mark Roots               319 us, parallelism: 1.19x
[251.932s][info][gc,stats    ]   CMR: <total>                      381 us
[251.932s][info][gc,stats    ]   CMR: Thread Roots                 334 us, workers (us): 212,  51,  70, ---, ---, ---, 
[251.932s][info][gc,stats    ]   CMR: VM Strong Roots                5 us, workers (us):   3,   2,   0, ---, ---, ---, 
[251.932s][info][gc,stats    ]   CMR: CLDG Roots                    42 us, workers (us): ---,  42, ---, ---, ---, ---, 
[251.932s][info][gc,stats    ] Concurrent Marking                  882 us
[251.932s][info][gc,stats    ] Pause Final Mark (G)                243 us
[251.932s][info][gc,stats    ] Pause Final Mark (N)                177 us
[251.932s][info][gc,stats    ]   Finish Mark                        42 us
[251.932s][info][gc,stats    ]   Update Region States               31 us
[251.932s][info][gc,stats    ]   Choose Collection Set              56 us
[251.932s][info][gc,stats    ]   Rebuild Free Set                    9 us
[251.932s][info][gc,stats    ] Concurrent Weak References          113 us, parallelism: 0.04x
[251.932s][info][gc,stats    ]   CWRF: <total>                       5 us
[251.933s][info][gc,stats    ]   CWRF: Weak References               5 us, workers (us):   4,   1,   0, ---, ---, ---, 
[251.933s][info][gc,stats    ] Concurrent Weak Roots               198 us
[251.933s][info][gc,stats    ]   Roots                             105 us, parallelism: 0.94x
[251.933s][info][gc,stats    ]     CWR: <total>                     99 us
[251.933s][info][gc,stats    ]     CWR: Code Cache Roots            56 us, workers (us):  15,  42,   0, ---, ---, ---, 
[251.933s][info][gc,stats    ]     CWR: VM Weak Roots               41 us, workers (us):  39,   2,   1, ---, ---, ---, 
[251.933s][info][gc,stats    ]     CWR: CLDG Roots                   1 us, workers (us):   1, ---, ---, ---, ---, ---, 
[251.933s][info][gc,stats    ]   Rendezvous                         55 us
[251.933s][info][gc,stats    ] Concurrent Cleanup                   87 us
[251.933s][info][gc,stats    ] Concurrent Class Unloading          297 us
[251.933s][info][gc,stats    ]   Unlink Stale                      161 us
[251.933s][info][gc,stats    ]     System Dictionary                 1 us
[251.933s][info][gc,stats    ]     Weak Class Links                  0 us
[251.933s][info][gc,stats    ]     Code Roots                      159 us
[251.933s][info][gc,stats    ]   Rendezvous                         55 us
[251.933s][info][gc,stats    ]   Purge Unlinked                     51 us
[251.933s][info][gc,stats    ]     Code Roots                       48 us
[251.933s][info][gc,stats    ]     CLDG                              3 us
[251.933s][info][gc,stats    ]     Exception Caches                  0 us
[251.933s][info][gc,stats    ] Pause Final Roots (G)                83 us
[251.933s][info][gc,stats    ] Pause Final Roots (N)                28 us
[251.933s][info][gc,stats    ] Pacing                           230417 us
[251.933s][info][gc,stats    ] 
[251.933s][info][gc,stats    ] Allocation pacing accrued:
[251.933s][info][gc,stats    ]     230 of 12421 ms (  1.9%): main
[251.933s][info][gc,stats    ]     230 of 12421 ms (  1.9%): <total>
[251.933s][info][gc,stats    ]      18 of 12421 ms (  0.1%): <average total>
[251.933s][info][gc,stats    ]     230 of 12421 ms (  1.9%): <average non-zero>
[251.933s][info][gc,stats    ] 
[251.933s][info][gc,metaspace] Metaspace: 1069K(1280K)->1069K(1280K) NonClass: 987K(1088K)->987K(1088K) Class: 81K(192K)->81K(192K)
[251.933s][info][gc,ergo     ] Pacer for Idle. Initial: 41943K, Alloc Tax Rate: 1.0x
[263.350s][info][gc          ] Failed to allocate Shared, 100M
[263.350s][info][gc          ] Cancelling GC: Allocation Failure
[263.365s][info][gc          ] Trigger: Handle Allocation Failure
[263.365s][info][gc,ergo     ] Free: 216M, Max: 1024K regular, 96256K humongous, Frag: 57% external, 0% internal; Reserve: 103M, Max: 1024K
[263.365s][info][gc,start    ] GC(25) Pause Degenerated GC (Outside of Cycle)
[263.365s][info][gc,task     ] GC(25) Using 6 of 6 workers for stw degenerated gc
[263.365s][info][gc,ref      ] GC(25) Clearing All SoftReferences
[263.366s][info][gc,ref      ] GC(25) Encountered references: Soft: 92, Weak: 116, Final: 0, Phantom: 7
[263.366s][info][gc,ref      ] GC(25) Discovered  references: Soft: 66, Weak: 19, Final: 0, Phantom: 3
[263.366s][info][gc,ref      ] GC(25) Enqueued    references: Soft: 47, Weak: 0, Final: 0, Phantom: 0
[263.366s][info][gc,ergo     ] GC(25) Collectable Garbage: 1414M (99%), Immediate: 1414M (99%), CSet: 0B (0%)
[263.366s][info][gc,ergo     ] GC(25) Good progress for free space: 1718M, need 20971K
[263.366s][info][gc,ergo     ] GC(25) Good progress for used space: 1414M, need 1024K
[263.366s][info][gc          ] GC(25) Pause Degenerated GC (Outside of Cycle) 1635M->221M(2048M) 1.379ms
[263.366s][info][gc,ergo     ] Free: 1718M, Max: 1024K regular, 966M humongous, Frag: 44% external, 0% internal; Reserve: 103M, Max: 1024K
[263.366s][info][gc,stats    ] 
[263.366s][info][gc,stats    ] All times are wall-clock times, except per-root-class counters, that are sum over
[263.366s][info][gc,stats    ] all workers. Dividing the <total> over the root stage time estimates parallelism.
[263.366s][info][gc,stats    ] 
[263.366s][info][gc,stats    ] Pause Degenerated GC (G)           1432 us
[263.366s][info][gc,stats    ] Pause Degenerated GC (N)           1389 us
[263.366s][info][gc,stats    ]   Degen STW Mark                    614 us, parallelism: 5.50x
[263.366s][info][gc,stats    ]     DSM: <total>                   3379 us
[263.366s][info][gc,stats    ]     DSM: Thread Roots               651 us, workers (us):  93,  80,  79, 124, 272,   2, 
[263.366s][info][gc,stats    ]     DSM: VM Strong Roots              2 us, workers (us):   0,   0,   0,   0,   0,   1, 
[263.366s][info][gc,stats    ]     DSM: CLDG Roots                  36 us, workers (us):   0,   0,   0,   0,   0,  34, 
[263.366s][info][gc,stats    ]     DSM: Parallel Mark             2690 us, workers (us): 471, 482, 484, 440, 291, 523, 
[263.366s][info][gc,stats    ]     System Purge                    188 us
[263.366s][info][gc,stats    ]       Weak References                67 us, parallelism: 0.12x
[263.366s][info][gc,stats    ]         WRP: <total>                  8 us
[263.366s][info][gc,stats    ]         WRP: Weak References          8 us, workers (us):   3,   2,   1,   1,   1,   0, 
[263.366s][info][gc,stats    ]       Unload Classes                 88 us, parallelism: 3.64x
[263.366s][info][gc,stats    ]         DCU: <total>                320 us
[263.366s][info][gc,stats    ]         DCU: Unload Code Caches      320 us, workers (us):  48,  62,  49,  49,  64,  47, 
[263.366s][info][gc,stats    ]       Weak Roots                     32 us, parallelism: 1.84x
[263.366s][info][gc,stats    ]         DWR: <total>                 60 us
[263.366s][info][gc,stats    ]         DWR: VM Weak Roots           60 us, workers (us):  12,  10,  10,  10,   9,   9, 
[263.366s][info][gc,stats    ]       CLDG                            0 us
[263.366s][info][gc,stats    ]   Update Region States               28 us
[263.366s][info][gc,stats    ]   Manage GC/TLABs                     3 us
[263.366s][info][gc,stats    ]   Choose Collection Set              53 us
[263.366s][info][gc,stats    ]   Rebuild Free Set                    8 us
[263.366s][info][gc,stats    ]   Cleanup                             5 us
[263.366s][info][gc,stats    ] Pacing                           215293 us
[263.366s][info][gc,stats    ] 
[263.366s][info][gc,stats    ] Allocation pacing accrued:
[263.366s][info][gc,stats    ]     215 of 11434 ms (  1.9%): main
[263.367s][info][gc,stats    ]     215 of 11434 ms (  1.9%): <total>
[263.367s][info][gc,stats    ]      17 of 11434 ms (  0.1%): <average total>
[263.367s][info][gc,stats    ]     215 of 11434 ms (  1.9%): <average non-zero>
[263.367s][info][gc,stats    ] 
[263.367s][info][gc,metaspace] Metaspace: 1069K(1280K)->1069K(1280K) NonClass: 987K(1088K)->987K(1088K) Class: 81K(192K)->81K(192K)
[263.367s][info][gc,ergo     ] Pacer for Idle. Initial: 41943K, Alloc Tax Rate: 1.0x
[273.239s][info][gc          ] Trigger: Average GC time (3.00 ms) is above the time for average allocation rate (315 MB/s) to deplete free headroom (0B) (margin of error = 1.90)
[273.239s][info][gc,ergo     ] Free headroom: 229M (free) - 102M (spike) - 204M (penalties) = 0B
[273.239s][info][gc,ergo     ] Free: 229M, Max: 1024K regular, 150M humongous, Frag: 35% external, 0% internal; Reserve: 103M, Max: 1024K
[273.239s][info][gc,start    ] GC(26) Concurrent reset
[273.239s][info][gc,task     ] GC(26) Using 3 of 6 workers for concurrent reset
[273.239s][info][gc,ergo     ] GC(26) Pacer for Reset. Non-Taxable: 2048M
[273.240s][info][gc          ] GC(26) Concurrent reset 0.612ms
[273.240s][info][gc,start    ] GC(26) Pause Init Mark (unload classes)
[273.240s][info][gc,task     ] GC(26) Using 6 of 6 workers for init marking
[273.240s][info][gc,ergo     ] GC(26) Pacer for Mark. Expected Live: 148M, Free: 229M, Non-Taxable: 23542K, Alloc Tax Rate: 0.8x
[273.240s][info][gc          ] GC(26) Pause Init Mark (unload classes) 0.100ms
[273.240s][info][gc,start    ] GC(26) Concurrent marking roots
[273.240s][info][gc,task     ] GC(26) Using 3 of 6 workers for concurrent marking roots
[273.240s][info][gc          ] GC(26) Concurrent marking roots 0.274ms
[273.240s][info][gc,start    ] GC(26) Concurrent marking (unload classes)
[273.240s][info][gc,task     ] GC(26) Using 3 of 6 workers for concurrent marking
[273.241s][info][gc          ] GC(26) Concurrent marking (unload classes) 0.717ms
[273.241s][info][gc,start    ] GC(26) Pause Final Mark (unload classes)
[273.241s][info][gc,task     ] GC(26) Using 6 of 6 workers for final marking
[273.241s][info][gc,ergo     ] GC(26) Collectable Garbage: 1417M (99%), Immediate: 1417M (99%), CSet: 0B (0%)
[273.241s][info][gc          ] GC(26) Pause Final Mark (unload classes) 0.211ms
[273.241s][info][gc,start    ] GC(26) Concurrent weak references
[273.241s][info][gc,task     ] GC(26) Using 3 of 6 workers for concurrent weak references
[273.241s][info][gc,ref      ] GC(26) Encountered references: Soft: 45, Weak: 116, Final: 0, Phantom: 7
[273.241s][info][gc,ref      ] GC(26) Discovered  references: Soft: 0, Weak: 68, Final: 0, Phantom: 5
[273.241s][info][gc,ref      ] GC(26) Enqueued    references: Soft: 0, Weak: 0, Final: 0, Phantom: 0
[273.241s][info][gc          ] GC(26) Concurrent weak references 0.080ms
[273.241s][info][gc,start    ] GC(26) Concurrent weak roots
[273.241s][info][gc,task     ] GC(26) Using 3 of 6 workers for concurrent weak root
[273.241s][info][gc          ] GC(26) Concurrent weak roots 0.116ms
[273.241s][info][gc,start    ] GC(26) Concurrent cleanup
[273.242s][info][gc          ] GC(26) Concurrent cleanup 1633M->216M(2048M) 0.072ms
[273.242s][info][gc,ergo     ] GC(26) Free: 1725M, Max: 1024K regular, 1197M humongous, Frag: 31% external, 0% internal; Reserve: 103M, Max: 1024K
[273.242s][info][gc,start    ] GC(26) Concurrent class unloading
[273.242s][info][gc,task     ] GC(26) Using 3 of 6 workers for concurrent class unloading
[273.242s][info][gc          ] GC(26) Concurrent class unloading 0.235ms
[273.242s][info][gc,start    ] GC(26) Pause Final Roots
[273.242s][info][gc          ] GC(26) Pause Final Roots 0.024ms
[273.242s][info][gc,ergo     ] Free: 1725M, Max: 1024K regular, 1197M humongous, Frag: 31% external, 0% internal; Reserve: 103M, Max: 1024K
[273.242s][info][gc,stats    ] 
[273.242s][info][gc,stats    ] All times are wall-clock times, except per-root-class counters, that are sum over
[273.242s][info][gc,stats    ] all workers. Dividing the <total> over the root stage time estimates parallelism.
[273.242s][info][gc,stats    ] 
[273.242s][info][gc,stats    ] Concurrent Reset                    641 us
[273.242s][info][gc,stats    ] Pause Init Mark (G)                 141 us
[273.242s][info][gc,stats    ] Pause Init Mark (N)                 109 us
[273.242s][info][gc,stats    ]   Update Region States               52 us
[273.242s][info][gc,stats    ] Concurrent Mark Roots               287 us, parallelism: 1.20x
[273.242s][info][gc,stats    ]   CMR: <total>                      344 us
[273.242s][info][gc,stats    ]   CMR: Thread Roots                 307 us, workers (us):  36,  74, 196, ---, ---, ---, 
[273.242s][info][gc,stats    ]   CMR: VM Strong Roots                5 us, workers (us):   2,   2,   0, ---, ---, ---, 
[273.242s][info][gc,stats    ]   CMR: CLDG Roots                    33 us, workers (us):  33, ---, ---, ---, ---, ---, 
[273.242s][info][gc,stats    ] Concurrent Marking                  734 us
[273.242s][info][gc,stats    ] Pause Final Mark (G)                285 us
[273.242s][info][gc,stats    ] Pause Final Mark (N)                221 us
[273.242s][info][gc,stats    ]   Finish Mark                        78 us
[273.242s][info][gc,stats    ]   Update Region States               49 us
[273.242s][info][gc,stats    ]   Choose Collection Set              48 us
[273.242s][info][gc,stats    ]   Rebuild Free Set                    8 us
[273.242s][info][gc,stats    ] Concurrent Weak References           88 us, parallelism: 0.04x
[273.242s][info][gc,stats    ]   CWRF: <total>                       4 us
[273.242s][info][gc,stats    ]   CWRF: Weak References               4 us, workers (us):   3,   1,   0, ---, ---, ---, 
[273.242s][info][gc,stats    ] Concurrent Weak Roots               127 us
[273.242s][info][gc,stats    ]   Roots                              76 us, parallelism: 1.21x
[273.242s][info][gc,stats    ]     CWR: <total>                     92 us
[273.242s][info][gc,stats    ]     CWR: Code Cache Roots            50 us, workers (us):  15,  34,   0, ---, ---, ---, 
[273.242s][info][gc,stats    ]     CWR: VM Weak Roots               42 us, workers (us):  22,  20,   0, ---, ---, ---, 
[273.242s][info][gc,stats    ]     CWR: CLDG Roots                   1 us, workers (us):   1, ---, ---, ---, ---, ---, 
[273.242s][info][gc,stats    ]   Rendezvous                         23 us
[273.242s][info][gc,stats    ] Concurrent Cleanup                   82 us
[273.242s][info][gc,stats    ] Concurrent Class Unloading          255 us
[273.242s][info][gc,stats    ]   Unlink Stale                      162 us
[273.242s][info][gc,stats    ]     System Dictionary                 1 us
[273.242s][info][gc,stats    ]     Weak Class Links                  0 us
[273.242s][info][gc,stats    ]     Code Roots                      161 us
[273.242s][info][gc,stats    ]   Rendezvous                         24 us
[273.242s][info][gc,stats    ]   Purge Unlinked                     31 us
[273.242s][info][gc,stats    ]     Code Roots                       27 us
[273.242s][info][gc,stats    ]     CLDG                              3 us
[273.242s][info][gc,stats    ]     Exception Caches                  0 us
[273.242s][info][gc,stats    ] Pause Final Roots (G)                66 us
[273.242s][info][gc,stats    ] Pause Final Roots (N)                36 us
[273.242s][info][gc,stats    ] 
[273.242s][info][gc,stats    ] Allocation pacing accrued:
[273.242s][info][gc,stats    ]       0 of  9876 ms (  0.0%): <total>
[273.242s][info][gc,stats    ]       0 of  9876 ms (  0.0%): <average total>
[273.242s][info][gc,stats    ] 
[273.242s][info][gc,metaspace] Metaspace: 1069K(1280K)->1069K(1280K) NonClass: 987K(1088K)->987K(1088K) Class: 81K(192K)->81K(192K)
[273.243s][info][gc,ergo     ] Pacer for Idle. Initial: 41943K, Alloc Tax Rate: 1.0x
[284.540s][info][gc          ] Trigger: Average GC time (2.99 ms) is above the time for average allocation rate (144 MB/s) to deplete free headroom (0B) (margin of error = 1.91)
[284.540s][info][gc,ergo     ] Free headroom: 237M (free) - 102M (spike) - 184M (penalties) = 0B
[284.540s][info][gc,ergo     ] Free: 237M, Max: 1024K regular, 150M humongous, Frag: 37% external, 0% internal; Reserve: 103M, Max: 1024K
[284.540s][info][gc,start    ] GC(27) Concurrent reset
[284.540s][info][gc,task     ] GC(27) Using 3 of 6 workers for concurrent reset
[284.540s][info][gc,ergo     ] GC(27) Pacer for Reset. Non-Taxable: 2048M
[284.541s][info][gc          ] GC(27) Concurrent reset 0.286ms
[284.541s][info][gc,start    ] GC(27) Pause Init Mark (unload classes)
[284.541s][info][gc,task     ] GC(27) Using 6 of 6 workers for init marking
[284.541s][info][gc,ergo     ] GC(27) Pacer for Mark. Expected Live: 177M, Free: 237M, Non-Taxable: 24361K, Alloc Tax Rate: 0.9x
[284.541s][info][gc          ] GC(27) Pause Init Mark (unload classes) 0.083ms
[284.541s][info][gc,start    ] GC(27) Concurrent marking roots
[284.541s][info][gc,task     ] GC(27) Using 3 of 6 workers for concurrent marking roots
[284.541s][info][gc          ] GC(27) Concurrent marking roots 0.243ms
[284.541s][info][gc,start    ] GC(27) Concurrent marking (unload classes)
[284.541s][info][gc,task     ] GC(27) Using 3 of 6 workers for concurrent marking
[284.542s][info][gc          ] GC(27) Concurrent marking (unload classes) 0.714ms
[284.542s][info][gc,start    ] GC(27) Pause Final Mark (unload classes)
[284.542s][info][gc,task     ] GC(27) Using 6 of 6 workers for final marking
[284.542s][info][gc,ergo     ] GC(27) Collectable Garbage: 1549M (99%), Immediate: 1549M (99%), CSet: 0B (0%)
[284.542s][info][gc          ] GC(27) Pause Final Mark (unload classes) 0.159ms
[284.542s][info][gc,start    ] GC(27) Concurrent weak references
[284.542s][info][gc,task     ] GC(27) Using 3 of 6 workers for concurrent weak references
[284.542s][info][gc,ref      ] GC(27) Encountered references: Soft: 45, Weak: 116, Final: 0, Phantom: 7
[284.542s][info][gc,ref      ] GC(27) Discovered  references: Soft: 0, Weak: 84, Final: 0, Phantom: 5
[284.542s][info][gc,ref      ] GC(27) Enqueued    references: Soft: 0, Weak: 0, Final: 0, Phantom: 0
[284.542s][info][gc          ] GC(27) Concurrent weak references 0.072ms
[284.542s][info][gc,start    ] GC(27) Concurrent weak roots
[284.542s][info][gc,task     ] GC(27) Using 3 of 6 workers for concurrent weak root
[284.542s][info][gc          ] GC(27) Concurrent weak roots 0.114ms
[284.542s][info][gc,start    ] GC(27) Concurrent cleanup
[284.542s][info][gc          ] GC(27) Concurrent cleanup 1616M->67M(2048M) 0.078ms
[284.542s][info][gc,ergo     ] GC(27) Free: 1874M, Max: 1024K regular, 1417M humongous, Frag: 25% external, 0% internal; Reserve: 103M, Max: 1024K
[284.542s][info][gc,start    ] GC(27) Concurrent class unloading
[284.542s][info][gc,task     ] GC(27) Using 3 of 6 workers for concurrent class unloading
[284.542s][info][gc          ] GC(27) Concurrent class unloading 0.216ms
[284.542s][info][gc,start    ] GC(27) Pause Final Roots
[284.542s][info][gc          ] GC(27) Pause Final Roots 0.015ms
[284.543s][info][gc,ergo     ] Free: 1874M, Max: 1024K regular, 1417M humongous, Frag: 25% external, 0% internal; Reserve: 103M, Max: 1024K
[284.543s][info][gc,stats    ] 
[284.543s][info][gc,stats    ] All times are wall-clock times, except per-root-class counters, that are sum over
[284.543s][info][gc,stats    ] all workers. Dividing the <total> over the root stage time estimates parallelism.
[284.543s][info][gc,stats    ] 
[284.543s][info][gc,stats    ] Concurrent Reset                    310 us
[284.543s][info][gc,stats    ] Pause Init Mark (G)                 128 us
[284.543s][info][gc,stats    ] Pause Init Mark (N)                  92 us
[284.543s][info][gc,stats    ]   Update Region States               32 us
[284.543s][info][gc,stats    ] Concurrent Mark Roots               259 us, parallelism: 1.31x
[284.543s][info][gc,stats    ]   CMR: <total>                      340 us
[284.543s][info][gc,stats    ]   CMR: Thread Roots                 300 us, workers (us):  72,  35, 193, ---, ---, ---, 
[284.543s][info][gc,stats    ]   CMR: VM Strong Roots                6 us, workers (us):   3,   1,   2, ---, ---, ---, 
[284.543s][info][gc,stats    ]   CMR: CLDG Roots                    34 us, workers (us): ---,  34, ---, ---, ---, ---, 
[284.543s][info][gc,stats    ] Concurrent Marking                  735 us
[284.543s][info][gc,stats    ] Pause Final Mark (G)                210 us
[284.543s][info][gc,stats    ] Pause Final Mark (N)                169 us
[284.543s][info][gc,stats    ]   Finish Mark                        34 us
[284.543s][info][gc,stats    ]   Update Region States               33 us
[284.543s][info][gc,stats    ]   Choose Collection Set              51 us
[284.543s][info][gc,stats    ]   Rebuild Free Set                    9 us
[284.543s][info][gc,stats    ] Concurrent Weak References           81 us, parallelism: 0.06x
[284.543s][info][gc,stats    ]   CWRF: <total>                       5 us
[284.543s][info][gc,stats    ]   CWRF: Weak References               5 us, workers (us):   1,   4,   0, ---, ---, ---, 
[284.543s][info][gc,stats    ] Concurrent Weak Roots               125 us
[284.543s][info][gc,stats    ]   Roots                              72 us, parallelism: 1.32x
[284.543s][info][gc,stats    ]     CWR: <total>                     95 us
[284.543s][info][gc,stats    ]     CWR: Code Cache Roots            50 us, workers (us):  15,   0,  35, ---, ---, ---, 
[284.543s][info][gc,stats    ]     CWR: VM Weak Roots               44 us, workers (us):  16,  15,  14, ---, ---, ---, 
[284.543s][info][gc,stats    ]     CWR: CLDG Roots                   1 us, workers (us): ---,   1, ---, ---, ---, ---, 
[284.543s][info][gc,stats    ]   Rendezvous                         27 us
[284.543s][info][gc,stats    ] Concurrent Cleanup                   88 us
[284.543s][info][gc,stats    ] Concurrent Class Unloading          229 us
[284.543s][info][gc,stats    ]   Unlink Stale                      155 us
[284.543s][info][gc,stats    ]     System Dictionary                 1 us
[284.543s][info][gc,stats    ]     Weak Class Links                  0 us
[284.543s][info][gc,stats    ]     Code Roots                      153 us
[284.543s][info][gc,stats    ]   Rendezvous                         22 us
[284.543s][info][gc,stats    ]   Purge Unlinked                     23 us
[284.543s][info][gc,stats    ]     Code Roots                       20 us
[284.543s][info][gc,stats    ]     CLDG                              2 us
[284.543s][info][gc,stats    ]     Exception Caches                  0 us
[284.543s][info][gc,stats    ] Pause Final Roots (G)                48 us
[284.543s][info][gc,stats    ] Pause Final Roots (N)                24 us
[284.543s][info][gc,stats    ] Pacing                           186812 us
[284.543s][info][gc,stats    ] 
[284.543s][info][gc,stats    ] Allocation pacing accrued:
[284.543s][info][gc,stats    ]     187 of 11300 ms (  1.7%): main
[284.543s][info][gc,stats    ]     187 of 11300 ms (  1.7%): <total>
[284.543s][info][gc,stats    ]      14 of 11300 ms (  0.1%): <average total>
[284.543s][info][gc,stats    ]     187 of 11300 ms (  1.7%): <average non-zero>
[284.543s][info][gc,stats    ] 
[284.543s][info][gc,metaspace] Metaspace: 1069K(1280K)->1069K(1280K) NonClass: 987K(1088K)->987K(1088K) Class: 81K(192K)->81K(192K)
[284.543s][info][gc,ergo     ] Pacer for Idle. Initial: 41943K, Alloc Tax Rate: 1.0x
[296.113s][info][gc          ] Trigger: Average GC time (2.91 ms) is above the time for average allocation rate (157 MB/s) to deplete free headroom (0B) (margin of error = 1.90)
[296.113s][info][gc,ergo     ] Free headroom: 234M (free) - 102M (spike) - 163M (penalties) = 0B
[296.113s][info][gc,ergo     ] Free: 234M, Max: 1024K regular, 179M humongous, Frag: 24% external, 0% internal; Reserve: 103M, Max: 1024K
[296.113s][info][gc,start    ] GC(28) Concurrent reset
[296.113s][info][gc,task     ] GC(28) Using 3 of 6 workers for concurrent reset
[296.113s][info][gc,ergo     ] GC(28) Pacer for Reset. Non-Taxable: 2048M
[296.113s][info][gc          ] GC(28) Concurrent reset 0.247ms
[296.113s][info][gc,start    ] GC(28) Pause Init Mark (unload classes)
[296.113s][info][gc,task     ] GC(28) Using 6 of 6 workers for init marking
[296.113s][info][gc,ergo     ] GC(28) Pacer for Mark. Expected Live: 165M, Free: 234M, Non-Taxable: 24054K, Alloc Tax Rate: 0.9x
[296.113s][info][gc          ] GC(28) Pause Init Mark (unload classes) 0.099ms
[296.113s][info][gc,start    ] GC(28) Concurrent marking roots
[296.113s][info][gc,task     ] GC(28) Using 3 of 6 workers for concurrent marking roots
[296.114s][info][gc          ] GC(28) Concurrent marking roots 0.267ms
[296.114s][info][gc,start    ] GC(28) Concurrent marking (unload classes)
[296.114s][info][gc,task     ] GC(28) Using 3 of 6 workers for concurrent marking
[296.114s][info][gc          ] GC(28) Concurrent marking (unload classes) 0.702ms
[296.114s][info][gc,start    ] GC(28) Pause Final Mark (unload classes)
[296.114s][info][gc,task     ] GC(28) Using 6 of 6 workers for final marking
[296.114s][info][gc,ergo     ] GC(28) Collectable Garbage: 1495M (99%), Immediate: 1495M (99%), CSet: 0B (0%)
[296.114s][info][gc          ] GC(28) Pause Final Mark (unload classes) 0.200ms
[296.115s][info][gc,start    ] GC(28) Concurrent weak references
[296.115s][info][gc,task     ] GC(28) Using 3 of 6 workers for concurrent weak references
[296.115s][info][gc,ref      ] GC(28) Encountered references: Soft: 45, Weak: 116, Final: 0, Phantom: 7
[296.115s][info][gc,ref      ] GC(28) Discovered  references: Soft: 0, Weak: 68, Final: 0, Phantom: 3
[296.115s][info][gc,ref      ] GC(28) Enqueued    references: Soft: 0, Weak: 0, Final: 0, Phantom: 0
[296.115s][info][gc          ] GC(28) Concurrent weak references 0.079ms
[296.115s][info][gc,start    ] GC(28) Concurrent weak roots
[296.115s][info][gc,task     ] GC(28) Using 3 of 6 workers for concurrent weak root
[296.115s][info][gc          ] GC(28) Concurrent weak roots 0.116ms
[296.115s][info][gc,start    ] GC(28) Concurrent cleanup
[296.115s][info][gc          ] GC(28) Concurrent cleanup 1617M->122M(2048M) 0.077ms
[296.115s][info][gc,ergo     ] GC(28) Free: 1819M, Max: 1024K regular, 1362M humongous, Frag: 26% external, 0% internal; Reserve: 103M, Max: 1024K
[296.115s][info][gc,start    ] GC(28) Concurrent class unloading
[296.115s][info][gc,task     ] GC(28) Using 3 of 6 workers for concurrent class unloading
[296.115s][info][gc          ] GC(28) Concurrent class unloading 0.233ms
[296.115s][info][gc,start    ] GC(28) Pause Final Roots
[296.115s][info][gc          ] GC(28) Pause Final Roots 0.016ms
[296.115s][info][gc,ergo     ] Free: 1819M, Max: 1024K regular, 1362M humongous, Frag: 26% external, 0% internal; Reserve: 103M, Max: 1024K
[296.115s][info][gc,stats    ] 
[296.115s][info][gc,stats    ] All times are wall-clock times, except per-root-class counters, that are sum over
[296.115s][info][gc,stats    ] all workers. Dividing the <total> over the root stage time estimates parallelism.
[296.115s][info][gc,stats    ] 
[296.115s][info][gc,stats    ] Concurrent Reset                    270 us
[296.115s][info][gc,stats    ] Pause Init Mark (G)                 142 us
[296.115s][info][gc,stats    ] Pause Init Mark (N)                 108 us
[296.115s][info][gc,stats    ]   Update Region States               52 us
[296.115s][info][gc,stats    ] Concurrent Mark Roots               282 us, parallelism: 1.18x
[296.115s][info][gc,stats    ]   CMR: <total>                      332 us
[296.115s][info][gc,stats    ]   CMR: Thread Roots                 299 us, workers (us): 182,  72,  45, ---, ---, ---, 
[296.115s][info][gc,stats    ]   CMR: VM Strong Roots                4 us, workers (us):   2,   2,   0, ---, ---, ---, 
[296.115s][info][gc,stats    ]   CMR: CLDG Roots                    29 us, workers (us):  29, ---, ---, ---, ---, ---, 
[296.115s][info][gc,stats    ] Concurrent Marking                  719 us
[296.115s][info][gc,stats    ] Pause Final Mark (G)                243 us
[296.115s][info][gc,stats    ] Pause Final Mark (N)                210 us
[296.115s][info][gc,stats    ]   Finish Mark                        78 us
[296.115s][info][gc,stats    ]   Update Region States               35 us
[296.115s][info][gc,stats    ]   Choose Collection Set              50 us
[296.115s][info][gc,stats    ]   Rebuild Free Set                    8 us
[296.115s][info][gc,stats    ] Concurrent Weak References           87 us, parallelism: 0.05x
[296.115s][info][gc,stats    ]   CWRF: <total>                       4 us
[296.115s][info][gc,stats    ]   CWRF: Weak References               4 us, workers (us):   3,   1,   0, ---, ---, ---, 
[296.115s][info][gc,stats    ] Concurrent Weak Roots               131 us
[296.115s][info][gc,stats    ]   Roots                              74 us, parallelism: 1.36x
[296.115s][info][gc,stats    ]     CWR: <total>                    101 us
[296.115s][info][gc,stats    ]     CWR: Code Cache Roots            50 us, workers (us):  16,   0,  34, ---, ---, ---, 
[296.115s][info][gc,stats    ]     CWR: VM Weak Roots               51 us, workers (us):  19,  17,  16, ---, ---, ---, 
[296.115s][info][gc,stats    ]     CWR: CLDG Roots                   1 us, workers (us): ---,   1, ---, ---, ---, ---, 
[296.115s][info][gc,stats    ]   Rendezvous                         25 us
[296.115s][info][gc,stats    ] Concurrent Cleanup                   88 us
[296.115s][info][gc,stats    ] Concurrent Class Unloading          247 us
[296.115s][info][gc,stats    ]   Unlink Stale                      165 us
[296.115s][info][gc,stats    ]     System Dictionary                 1 us
[296.115s][info][gc,stats    ]     Weak Class Links                  0 us
[296.115s][info][gc,stats    ]     Code Roots                      163 us
[296.115s][info][gc,stats    ]   Rendezvous                         26 us
[296.115s][info][gc,stats    ]   Purge Unlinked                     25 us
[296.115s][info][gc,stats    ]     Code Roots                       22 us
[296.115s][info][gc,stats    ]     CLDG                              3 us
[296.115s][info][gc,stats    ]     Exception Caches                  0 us
[296.115s][info][gc,stats    ] Pause Final Roots (G)                45 us
[296.115s][info][gc,stats    ] Pause Final Roots (N)                24 us
[296.116s][info][gc,stats    ] Pacing                           225832 us
[296.116s][info][gc,stats    ] 
[296.116s][info][gc,stats    ] Allocation pacing accrued:
[296.116s][info][gc,stats    ]     226 of 11573 ms (  2.0%): main
[296.116s][info][gc,stats    ]     226 of 11573 ms (  2.0%): <total>
[296.116s][info][gc,stats    ]      17 of 11573 ms (  0.2%): <average total>
[296.116s][info][gc,stats    ]     226 of 11573 ms (  2.0%): <average non-zero>
[296.116s][info][gc,stats    ] 
[296.116s][info][gc,metaspace] Metaspace: 1069K(1280K)->1069K(1280K) NonClass: 987K(1088K)->987K(1088K) Class: 81K(192K)->81K(192K)
[296.116s][info][gc,ergo     ] Pacer for Idle. Initial: 41943K, Alloc Tax Rate: 1.0x
[307.553s][info][gc          ] Trigger: Free (181M) is below minimum threshold (204M)
[307.553s][info][gc,ergo     ] Free: 181M, Max: 1024K regular, 79872K humongous, Frag: 57% external, 0% internal; Reserve: 103M, Max: 1024K
[307.553s][info][gc,start    ] GC(29) Concurrent reset
[307.553s][info][gc,task     ] GC(29) Using 3 of 6 workers for concurrent reset
[307.553s][info][gc,ergo     ] GC(29) Pacer for Reset. Non-Taxable: 2048M
[307.553s][info][gc          ] GC(29) Concurrent reset 0.197ms
[307.553s][info][gc,start    ] GC(29) Pause Init Mark (unload classes)
[307.553s][info][gc,task     ] GC(29) Using 6 of 6 workers for init marking
[307.553s][info][gc,ergo     ] GC(29) Pacer for Mark. Expected Live: 162M, Free: 181M, Non-Taxable: 18627K, Alloc Tax Rate: 1.1x
[307.553s][info][gc          ] GC(29) Pause Init Mark (unload classes) 0.080ms
[307.553s][info][gc,start    ] GC(29) Concurrent marking roots
[307.553s][info][gc,task     ] GC(29) Using 3 of 6 workers for concurrent marking roots
[307.554s][info][gc          ] GC(29) Concurrent marking roots 0.336ms
[307.554s][info][gc,start    ] GC(29) Concurrent marking (unload classes)
[307.554s][info][gc,task     ] GC(29) Using 3 of 6 workers for concurrent marking
[307.555s][info][gc          ] GC(29) Concurrent marking (unload classes) 0.947ms
[307.555s][info][gc,start    ] GC(29) Pause Final Mark (unload classes)
[307.555s][info][gc,task     ] GC(29) Using 6 of 6 workers for final marking
[307.555s][info][gc,ergo     ] GC(29) Collectable Garbage: 1545M (99%), Immediate: 1545M (99%), CSet: 0B (0%)
[307.555s][info][gc          ] GC(29) Pause Final Mark (unload classes) 0.178ms
[307.555s][info][gc,start    ] GC(29) Concurrent weak references
[307.555s][info][gc,task     ] GC(29) Using 3 of 6 workers for concurrent weak references
[307.555s][info][gc,ref      ] GC(29) Encountered references: Soft: 45, Weak: 116, Final: 0, Phantom: 7
[307.555s][info][gc,ref      ] GC(29) Discovered  references: Soft: 0, Weak: 68, Final: 0, Phantom: 5
[307.555s][info][gc,ref      ] GC(29) Enqueued    references: Soft: 0, Weak: 0, Final: 0, Phantom: 0
[307.555s][info][gc          ] GC(29) Concurrent weak references 0.092ms
[307.555s][info][gc,start    ] GC(29) Concurrent weak roots
[307.555s][info][gc,task     ] GC(29) Using 3 of 6 workers for concurrent weak root
[307.555s][info][gc          ] GC(29) Concurrent weak roots 0.141ms
[307.555s][info][gc,start    ] GC(29) Concurrent cleanup
[307.555s][info][gc          ] GC(29) Concurrent cleanup 1671M->126M(2048M) 0.105ms
[307.555s][info][gc,ergo     ] GC(29) Free: 1815M, Max: 1024K regular, 1364M humongous, Frag: 25% external, 0% internal; Reserve: 103M, Max: 1024K
[307.555s][info][gc,start    ] GC(29) Concurrent class unloading
[307.555s][info][gc,task     ] GC(29) Using 3 of 6 workers for concurrent class unloading
[307.556s][info][gc          ] GC(29) Concurrent class unloading 0.278ms
[307.556s][info][gc,start    ] GC(29) Pause Final Roots
[307.556s][info][gc          ] GC(29) Pause Final Roots 0.019ms
[307.556s][info][gc,ergo     ] Free: 1815M, Max: 1024K regular, 1364M humongous, Frag: 25% external, 0% internal; Reserve: 103M, Max: 1024K
[307.556s][info][gc,stats    ] 
[307.556s][info][gc,stats    ] All times are wall-clock times, except per-root-class counters, that are sum over
[307.556s][info][gc,stats    ] all workers. Dividing the <total> over the root stage time estimates parallelism.
[307.556s][info][gc,stats    ] 
[307.556s][info][gc,stats    ] Concurrent Reset                    225 us
[307.556s][info][gc,stats    ] Pause Init Mark (G)                 124 us
[307.556s][info][gc,stats    ] Pause Init Mark (N)                  93 us
[307.556s][info][gc,stats    ]   Update Region States               21 us
[307.556s][info][gc,stats    ] Concurrent Mark Roots               366 us, parallelism: 1.23x
[307.556s][info][gc,stats    ]   CMR: <total>                      450 us
[307.556s][info][gc,stats    ]   CMR: Thread Roots                 402 us, workers (us): 241,  74,  88, ---, ---, ---, 
[307.556s][info][gc,stats    ]   CMR: VM Strong Roots                6 us, workers (us):   2,   3,   2, ---, ---, ---, 
[307.556s][info][gc,stats    ]   CMR: CLDG Roots                    42 us, workers (us):  42, ---, ---, ---, ---, ---, 
[307.556s][info][gc,stats    ] Concurrent Marking                  968 us
[307.556s][info][gc,stats    ] Pause Final Mark (G)                223 us
[307.556s][info][gc,stats    ] Pause Final Mark (N)                191 us
[307.556s][info][gc,stats    ]   Finish Mark                        27 us
[307.556s][info][gc,stats    ]   Update Region States               29 us
[307.556s][info][gc,stats    ]   Choose Collection Set              70 us
[307.556s][info][gc,stats    ]   Rebuild Free Set                   13 us
[307.556s][info][gc,stats    ] Concurrent Weak References          103 us, parallelism: 0.06x
[307.556s][info][gc,stats    ]   CWRF: <total>                       7 us
[307.556s][info][gc,stats    ]   CWRF: Weak References               7 us, workers (us):   5,   0,   1, ---, ---, ---, 
[307.556s][info][gc,stats    ] Concurrent Weak Roots               159 us
[307.556s][info][gc,stats    ]   Roots                              93 us, parallelism: 1.47x
[307.556s][info][gc,stats    ]     CWR: <total>                    136 us
[307.556s][info][gc,stats    ]     CWR: Code Cache Roots            74 us, workers (us):  51,  23,   0, ---, ---, ---, 
[307.556s][info][gc,stats    ]     CWR: VM Weak Roots               61 us, workers (us):  21,  21,  20, ---, ---, ---, 
[307.556s][info][gc,stats    ]     CWR: CLDG Roots                   1 us, workers (us): ---, ---,   1, ---, ---, ---, 
[307.556s][info][gc,stats    ]   Rendezvous                         25 us
[307.556s][info][gc,stats    ] Concurrent Cleanup                  119 us
[307.556s][info][gc,stats    ] Concurrent Class Unloading          296 us
[307.556s][info][gc,stats    ]   Unlink Stale                      205 us
[307.556s][info][gc,stats    ]     System Dictionary                 2 us
[307.556s][info][gc,stats    ]     Weak Class Links                  0 us
[307.556s][info][gc,stats    ]     Code Roots                      202 us
[307.556s][info][gc,stats    ]   Rendezvous                         24 us
[307.556s][info][gc,stats    ]   Purge Unlinked                     25 us
[307.556s][info][gc,stats    ]     Code Roots                       22 us
[307.556s][info][gc,stats    ]     CLDG                              3 us
[307.556s][info][gc,stats    ]     Exception Caches                  0 us
[307.556s][info][gc,stats    ] Pause Final Roots (G)                50 us
[307.556s][info][gc,stats    ] Pause Final Roots (N)                31 us
[307.556s][info][gc,stats    ] Pacing                           216034 us
[307.556s][info][gc,stats    ] 
[307.556s][info][gc,stats    ] Allocation pacing accrued:
[307.556s][info][gc,stats    ]     216 of 11441 ms (  1.9%): main
[307.556s][info][gc,stats    ]     216 of 11441 ms (  1.9%): <total>
[307.556s][info][gc,stats    ]      17 of 11441 ms (  0.1%): <average total>
[307.556s][info][gc,stats    ]     216 of 11441 ms (  1.9%): <average non-zero>
[307.556s][info][gc,stats    ] 
[307.556s][info][gc,metaspace] Metaspace: 1069K(1280K)->1069K(1280K) NonClass: 987K(1088K)->987K(1088K) Class: 81K(192K)->81K(192K)
[307.556s][info][gc,ergo     ] Pacer for Idle. Initial: 41943K, Alloc Tax Rate: 1.0x
[319.026s][info][gc          ] Trigger: Free (177M) is below minimum threshold (204M)
[319.026s][info][gc,ergo     ] Free: 177M, Max: 1024K regular, 79872K humongous, Frag: 56% external, 0% internal; Reserve: 103M, Max: 1024K
[319.026s][info][gc,start    ] GC(30) Concurrent reset
[319.026s][info][gc,task     ] GC(30) Using 3 of 6 workers for concurrent reset
[319.026s][info][gc,ergo     ] GC(30) Pacer for Reset. Non-Taxable: 2048M
[319.026s][info][gc          ] GC(30) Concurrent reset 0.204ms
[319.026s][info][gc,start    ] GC(30) Pause Init Mark (unload classes)
[319.026s][info][gc,task     ] GC(30) Using 6 of 6 workers for init marking
[319.027s][info][gc,ergo     ] GC(30) Pacer for Mark. Expected Live: 177M, Free: 177M, Non-Taxable: 18217K, Alloc Tax Rate: 1.2x
[319.027s][info][gc          ] GC(30) Pause Init Mark (unload classes) 0.114ms
[319.027s][info][gc,start    ] GC(30) Concurrent marking roots
[319.027s][info][gc,task     ] GC(30) Using 3 of 6 workers for concurrent marking roots
[319.027s][info][gc          ] GC(30) Concurrent marking roots 0.326ms
[319.027s][info][gc,start    ] GC(30) Concurrent marking (unload classes)
[319.027s][info][gc,task     ] GC(30) Using 3 of 6 workers for concurrent marking
[319.028s][info][gc          ] GC(30) Concurrent marking (unload classes) 0.724ms
[319.028s][info][gc,start    ] GC(30) Pause Final Mark (unload classes)
[319.028s][info][gc,task     ] GC(30) Using 6 of 6 workers for final marking
[319.028s][info][gc,ergo     ] GC(30) Collectable Garbage: 1539M (99%), Immediate: 1539M (99%), CSet: 0B (0%)
[319.028s][info][gc          ] GC(30) Pause Final Mark (unload classes) 0.209ms
[319.028s][info][gc,start    ] GC(30) Concurrent weak references
[319.028s][info][gc,task     ] GC(30) Using 3 of 6 workers for concurrent weak references
[319.028s][info][gc,ref      ] GC(30) Encountered references: Soft: 45, Weak: 116, Final: 0, Phantom: 7
[319.028s][info][gc,ref      ] GC(30) Discovered  references: Soft: 0, Weak: 84, Final: 0, Phantom: 5
[319.028s][info][gc,ref      ] GC(30) Enqueued    references: Soft: 0, Weak: 0, Final: 0, Phantom: 0
[319.028s][info][gc          ] GC(30) Concurrent weak references 0.087ms
[319.028s][info][gc,start    ] GC(30) Concurrent weak roots
[319.028s][info][gc,task     ] GC(30) Using 3 of 6 workers for concurrent weak root
[319.028s][info][gc          ] GC(30) Concurrent weak roots 0.199ms
[319.028s][info][gc,start    ] GC(30) Concurrent cleanup
[319.028s][info][gc          ] GC(30) Concurrent cleanup 1675M->136M(2048M) 0.080ms
[319.028s][info][gc,ergo     ] GC(30) Free: 1805M, Max: 1024K regular, 1376M humongous, Frag: 24% external, 0% internal; Reserve: 103M, Max: 1024K
[319.028s][info][gc,start    ] GC(30) Concurrent class unloading
[319.028s][info][gc,task     ] GC(30) Using 3 of 6 workers for concurrent class unloading
[319.029s][info][gc          ] GC(30) Concurrent class unloading 0.294ms
[319.029s][info][gc,start    ] GC(30) Pause Final Roots
[319.029s][info][gc          ] GC(30) Pause Final Roots 0.016ms
[319.029s][info][gc,ergo     ] Free: 1805M, Max: 1024K regular, 1376M humongous, Frag: 24% external, 0% internal; Reserve: 103M, Max: 1024K
[319.029s][info][gc,stats    ] 
[319.029s][info][gc,stats    ] All times are wall-clock times, except per-root-class counters, that are sum over
[319.029s][info][gc,stats    ] all workers. Dividing the <total> over the root stage time estimates parallelism.
[319.029s][info][gc,stats    ] 
[319.029s][info][gc,stats    ] Concurrent Reset                    226 us
[319.029s][info][gc,stats    ] Pause Init Mark (G)                 160 us
[319.029s][info][gc,stats    ] Pause Init Mark (N)                 125 us
[319.029s][info][gc,stats    ]   Update Region States               57 us
[319.029s][info][gc,stats    ] Concurrent Mark Roots               342 us, parallelism: 1.23x
[319.029s][info][gc,stats    ]   CMR: <total>                      420 us
[319.029s][info][gc,stats    ]   CMR: Thread Roots                 373 us, workers (us):  68, 229,  76, ---, ---, ---, 
[319.029s][info][gc,stats    ]   CMR: VM Strong Roots                6 us, workers (us):   3,   2,   1, ---, ---, ---, 
[319.029s][info][gc,stats    ]   CMR: CLDG Roots                    41 us, workers (us): ---,  41, ---, ---, ---, ---, 
[319.029s][info][gc,stats    ] Concurrent Marking                  743 us
[319.029s][info][gc,stats    ] Pause Final Mark (G)                287 us
[319.029s][info][gc,stats    ] Pause Final Mark (N)                218 us
[319.029s][info][gc,stats    ]   Finish Mark                        70 us
[319.029s][info][gc,stats    ]   Update Region States               53 us
[319.029s][info][gc,stats    ]   Choose Collection Set              50 us
[319.029s][info][gc,stats    ]   Rebuild Free Set                    8 us
[319.029s][info][gc,stats    ] Concurrent Weak References           95 us, parallelism: 0.04x
[319.029s][info][gc,stats    ]   CWRF: <total>                       4 us
[319.029s][info][gc,stats    ]   CWRF: Weak References               4 us, workers (us):   3,   1,   0, ---, ---, ---, 
[319.029s][info][gc,stats    ] Concurrent Weak Roots               218 us
[319.029s][info][gc,stats    ]   Roots                             119 us, parallelism: 1.04x
[319.029s][info][gc,stats    ]     CWR: <total>                    123 us
[319.029s][info][gc,stats    ]     CWR: Code Cache Roots            67 us, workers (us):  44,  23,   0, ---, ---, ---, 
[319.029s][info][gc,stats    ]     CWR: VM Weak Roots               56 us, workers (us):  19,  19,  17, ---, ---, ---, 
[319.029s][info][gc,stats    ]     CWR: CLDG Roots                   1 us, workers (us): ---, ---,   1, ---, ---, ---, 
[319.029s][info][gc,stats    ]   Rendezvous                         64 us
[319.029s][info][gc,stats    ] Concurrent Cleanup                   90 us
[319.029s][info][gc,stats    ] Concurrent Class Unloading          312 us
[319.029s][info][gc,stats    ]   Unlink Stale                      182 us
[319.029s][info][gc,stats    ]     System Dictionary                 1 us
[319.029s][info][gc,stats    ]     Weak Class Links                  0 us
[319.029s][info][gc,stats    ]     Code Roots                      180 us
[319.029s][info][gc,stats    ]   Rendezvous                         64 us
[319.029s][info][gc,stats    ]   Purge Unlinked                     31 us
[319.029s][info][gc,stats    ]     Code Roots                       27 us
[319.029s][info][gc,stats    ]     CLDG                              3 us
[319.029s][info][gc,stats    ]     Exception Caches                  0 us
[319.029s][info][gc,stats    ] Pause Final Roots (G)                79 us
[319.029s][info][gc,stats    ] Pause Final Roots (N)                25 us
[319.029s][info][gc,stats    ] Pacing                           218046 us
[319.029s][info][gc,stats    ] 
[319.029s][info][gc,stats    ] Allocation pacing accrued:
[319.029s][info][gc,stats    ]     218 of 11473 ms (  1.9%): main
[319.029s][info][gc,stats    ]     218 of 11473 ms (  1.9%): <total>
[319.029s][info][gc,stats    ]      17 of 11473 ms (  0.1%): <average total>
[319.029s][info][gc,stats    ]     218 of 11473 ms (  1.9%): <average non-zero>
[319.029s][info][gc,stats    ] 
[319.029s][info][gc,metaspace] Metaspace: 1069K(1280K)->1069K(1280K) NonClass: 987K(1088K)->987K(1088K) Class: 81K(192K)->81K(192K)
[319.029s][info][gc,ergo     ] Pacer for Idle. Initial: 41943K, Alloc Tax Rate: 1.0x
[330.514s][info][gc          ] Trigger: Free (171M) is below minimum threshold (204M)
[330.514s][info][gc,ergo     ] Free: 171M, Max: 1024K regular, 150M humongous, Frag: 13% external, 0% internal; Reserve: 103M, Max: 1024K
[330.514s][info][gc,start    ] GC(31) Concurrent reset
[330.514s][info][gc,task     ] GC(31) Using 3 of 6 workers for concurrent reset
[330.514s][info][gc,ergo     ] GC(31) Pacer for Reset. Non-Taxable: 2048M
[330.514s][info][gc          ] GC(31) Concurrent reset 0.299ms
[330.514s][info][gc,start    ] GC(31) Pause Init Mark (unload classes)
[330.514s][info][gc,task     ] GC(31) Using 6 of 6 workers for init marking
[330.514s][info][gc,ergo     ] GC(31) Pacer for Mark. Expected Live: 123M, Free: 171M, Non-Taxable: 17603K, Alloc Tax Rate: 0.9x
[330.514s][info][gc          ] GC(31) Pause Init Mark (unload classes) 0.143ms
[330.514s][info][gc,start    ] GC(31) Concurrent marking roots
[330.514s][info][gc,task     ] GC(31) Using 3 of 6 workers for concurrent marking roots
[330.515s][info][gc          ] GC(31) Concurrent marking roots 0.332ms
[330.515s][info][gc,start    ] GC(31) Concurrent marking (unload classes)
[330.515s][info][gc,task     ] GC(31) Using 3 of 6 workers for concurrent marking
[330.515s][info][gc          ] GC(31) Concurrent marking (unload classes) 0.764ms
[330.516s][info][gc,start    ] GC(31) Pause Final Mark (unload classes)
[330.516s][info][gc,task     ] GC(31) Using 6 of 6 workers for final marking
[330.516s][info][gc,ergo     ] GC(31) Collectable Garbage: 1515M (99%), Immediate: 1515M (99%), CSet: 0B (0%)
[330.516s][info][gc          ] GC(31) Pause Final Mark (unload classes) 0.263ms
[330.516s][info][gc,start    ] GC(31) Concurrent weak references
[330.516s][info][gc,task     ] GC(31) Using 3 of 6 workers for concurrent weak references
[330.516s][info][gc,ref      ] GC(31) Encountered references: Soft: 45, Weak: 116, Final: 0, Phantom: 7
[330.516s][info][gc,ref      ] GC(31) Discovered  references: Soft: 0, Weak: 72, Final: 0, Phantom: 5
[330.516s][info][gc,ref      ] GC(31) Enqueued    references: Soft: 0, Weak: 0, Final: 0, Phantom: 0
[330.516s][info][gc          ] GC(31) Concurrent weak references 0.148ms
[330.516s][info][gc,start    ] GC(31) Concurrent weak roots
[330.516s][info][gc,task     ] GC(31) Using 3 of 6 workers for concurrent weak root
[330.516s][info][gc          ] GC(31) Concurrent weak roots 0.155ms
[330.516s][info][gc,start    ] GC(31) Concurrent cleanup
[330.516s][info][gc          ] GC(31) Concurrent cleanup 1681M->166M(2048M) 0.085ms
[330.516s][info][gc,ergo     ] GC(31) Free: 1775M, Max: 1024K regular, 1370M humongous, Frag: 23% external, 0% internal; Reserve: 103M, Max: 1024K
[330.516s][info][gc,start    ] GC(31) Concurrent class unloading
[330.516s][info][gc,task     ] GC(31) Using 3 of 6 workers for concurrent class unloading
[330.517s][info][gc          ] GC(31) Concurrent class unloading 0.322ms
[330.517s][info][gc,start    ] GC(31) Pause Final Roots
[330.517s][info][gc          ] GC(31) Pause Final Roots 0.016ms
[330.517s][info][gc,ergo     ] Free: 1775M, Max: 1024K regular, 1370M humongous, Frag: 23% external, 0% internal; Reserve: 103M, Max: 1024K
[330.517s][info][gc,stats    ] 
[330.517s][info][gc,stats    ] All times are wall-clock times, except per-root-class counters, that are sum over
[330.517s][info][gc,stats    ] all workers. Dividing the <total> over the root stage time estimates parallelism.
[330.517s][info][gc,stats    ] 
[330.517s][info][gc,stats    ] Concurrent Reset                    318 us
[330.517s][info][gc,stats    ] Pause Init Mark (G)                 261 us
[330.517s][info][gc,stats    ] Pause Init Mark (N)                 152 us
[330.517s][info][gc,stats    ]   Update Region States               91 us
[330.517s][info][gc,stats    ] Concurrent Mark Roots               351 us, parallelism: 1.26x
[330.517s][info][gc,stats    ]   CMR: <total>                      441 us
[330.517s][info][gc,stats    ]   CMR: Thread Roots                 411 us, workers (us): 116, 244,  51, ---, ---, ---, 
[330.517s][info][gc,stats    ]   CMR: VM Strong Roots                3 us, workers (us):   3,   0,   0, ---, ---, ---, 
[330.517s][info][gc,stats    ]   CMR: CLDG Roots                    27 us, workers (us):  27, ---, ---, ---, ---, ---, 
[330.517s][info][gc,stats    ] Concurrent Marking                  784 us
[330.517s][info][gc,stats    ] Pause Final Mark (G)                366 us
[330.517s][info][gc,stats    ] Pause Final Mark (N)                273 us
[330.517s][info][gc,stats    ]   Finish Mark                        97 us
[330.517s][info][gc,stats    ]   Update Region States               79 us
[330.517s][info][gc,stats    ]   Choose Collection Set              47 us
[330.517s][info][gc,stats    ]   Rebuild Free Set                    8 us
[330.517s][info][gc,stats    ] Concurrent Weak References          156 us, parallelism: 0.03x
[330.517s][info][gc,stats    ]   CWRF: <total>                       4 us
[330.517s][info][gc,stats    ]   CWRF: Weak References               4 us, workers (us):   3,   1,   0, ---, ---, ---, 
[330.517s][info][gc,stats    ] Concurrent Weak Roots               175 us
[330.517s][info][gc,stats    ]   Roots                             111 us, parallelism: 0.84x
[330.517s][info][gc,stats    ]     CWR: <total>                     93 us
[330.517s][info][gc,stats    ]     CWR: Code Cache Roots            51 us, workers (us):  17,  34,   0, ---, ---, ---, 
[330.517s][info][gc,stats    ]     CWR: VM Weak Roots               41 us, workers (us):  21,  20,   0, ---, ---, ---, 
[330.517s][info][gc,stats    ]     CWR: CLDG Roots                   1 us, workers (us):   1, ---, ---, ---, ---, ---, 
[330.517s][info][gc,stats    ]   Rendezvous                         27 us
[330.517s][info][gc,stats    ] Concurrent Cleanup                   95 us
[330.517s][info][gc,stats    ] Concurrent Class Unloading          339 us
[330.517s][info][gc,stats    ]   Unlink Stale                      186 us
[330.517s][info][gc,stats    ]     System Dictionary                 1 us
[330.517s][info][gc,stats    ]     Weak Class Links                  0 us
[330.517s][info][gc,stats    ]     Code Roots                      184 us
[330.517s][info][gc,stats    ]   Rendezvous                         26 us
[330.517s][info][gc,stats    ]   Purge Unlinked                     87 us
[330.517s][info][gc,stats    ]     Code Roots                       82 us
[330.517s][info][gc,stats    ]     CLDG                              4 us
[330.517s][info][gc,stats    ]     Exception Caches                  0 us
[330.517s][info][gc,stats    ] Pause Final Roots (G)                44 us
[330.517s][info][gc,stats    ] Pause Final Roots (N)                24 us
[330.517s][info][gc,stats    ] Pacing                           216346 us
[330.517s][info][gc,stats    ] 
[330.517s][info][gc,stats    ] Allocation pacing accrued:
[330.517s][info][gc,stats    ]     216 of 11488 ms (  1.9%): main
[330.517s][info][gc,stats    ]     216 of 11488 ms (  1.9%): <total>
[330.517s][info][gc,stats    ]      17 of 11488 ms (  0.1%): <average total>
[330.517s][info][gc,stats    ]     216 of 11488 ms (  1.9%): <average non-zero>
[330.517s][info][gc,stats    ] 
[330.517s][info][gc,metaspace] Metaspace: 1069K(1280K)->1069K(1280K) NonClass: 987K(1088K)->987K(1088K) Class: 81K(192K)->81K(192K)
[330.517s][info][gc,ergo     ] Pacer for Idle. Initial: 41943K, Alloc Tax Rate: 1.0x
[341.996s][info][gc          ] Trigger: Free (141M) is below minimum threshold (204M)
[341.996s][info][gc,ergo     ] Free: 141M, Max: 1024K regular, 51200K humongous, Frag: 65% external, 0% internal; Reserve: 103M, Max: 1024K
[341.996s][info][gc,start    ] GC(32) Concurrent reset
[341.996s][info][gc,task     ] GC(32) Using 3 of 6 workers for concurrent reset
[341.996s][info][gc,ergo     ] GC(32) Pacer for Reset. Non-Taxable: 2048M
[341.996s][info][gc          ] GC(32) Concurrent reset 0.246ms
[341.996s][info][gc,start    ] GC(32) Pause Init Mark (unload classes)
[341.996s][info][gc,task     ] GC(32) Using 6 of 6 workers for init marking
[341.996s][info][gc,ergo     ] GC(32) Pacer for Mark. Expected Live: 113M, Free: 141M, Non-Taxable: 14531K, Alloc Tax Rate: 1.0x
[341.996s][info][gc          ] GC(32) Pause Init Mark (unload classes) 0.135ms
[341.996s][info][gc,start    ] GC(32) Concurrent marking roots
[341.996s][info][gc,task     ] GC(32) Using 3 of 6 workers for concurrent marking roots
[341.997s][info][gc          ] GC(32) Concurrent marking roots 0.382ms
[341.997s][info][gc,start    ] GC(32) Concurrent marking (unload classes)
[341.997s][info][gc,task     ] GC(32) Using 3 of 6 workers for concurrent marking
[341.998s][info][gc          ] GC(32) Concurrent marking (unload classes) 0.770ms
[341.998s][info][gc,start    ] GC(32) Pause Final Mark (unload classes)
[341.998s][info][gc,task     ] GC(32) Using 6 of 6 workers for final marking
[341.998s][info][gc,ergo     ] GC(32) Collectable Garbage: 1595M (99%), Immediate: 1595M (99%), CSet: 0B (0%)
[341.998s][info][gc          ] GC(32) Pause Final Mark (unload classes) 0.308ms
[341.998s][info][gc,start    ] GC(32) Concurrent weak references
[341.998s][info][gc,task     ] GC(32) Using 3 of 6 workers for concurrent weak references
[341.998s][info][gc,ref      ] GC(32) Encountered references: Soft: 45, Weak: 116, Final: 0, Phantom: 7
[341.998s][info][gc,ref      ] GC(32) Discovered  references: Soft: 0, Weak: 79, Final: 0, Phantom: 5
[341.998s][info][gc,ref      ] GC(32) Enqueued    references: Soft: 0, Weak: 0, Final: 0, Phantom: 0
[341.998s][info][gc          ] GC(32) Concurrent weak references 0.152ms
[341.998s][info][gc,start    ] GC(32) Concurrent weak roots
[341.998s][info][gc,task     ] GC(32) Using 3 of 6 workers for concurrent weak root
[341.998s][info][gc          ] GC(32) Concurrent weak roots 0.203ms
[341.998s][info][gc,start    ] GC(32) Concurrent cleanup
[341.998s][info][gc          ] GC(32) Concurrent cleanup 1711M->116M(2048M) 0.080ms
[341.998s][info][gc,ergo     ] GC(32) Free: 1826M, Max: 1024K regular, 1382M humongous, Frag: 25% external, 0% internal; Reserve: 103M, Max: 1024K
[341.998s][info][gc,start    ] GC(32) Concurrent class unloading
[341.998s][info][gc,task     ] GC(32) Using 3 of 6 workers for concurrent class unloading
[341.999s][info][gc          ] GC(32) Concurrent class unloading 0.300ms
[341.999s][info][gc,start    ] GC(32) Pause Final Roots
[341.999s][info][gc          ] GC(32) Pause Final Roots 0.019ms
[341.999s][info][gc,ergo     ] Free: 1826M, Max: 1024K regular, 1382M humongous, Frag: 25% external, 0% internal; Reserve: 103M, Max: 1024K
[341.999s][info][gc,stats    ] 
[341.999s][info][gc,stats    ] All times are wall-clock times, except per-root-class counters, that are sum over
[341.999s][info][gc,stats    ] all workers. Dividing the <total> over the root stage time estimates parallelism.
[341.999s][info][gc,stats    ] 
[341.999s][info][gc,stats    ] Concurrent Reset                    268 us
[341.999s][info][gc,stats    ] Pause Init Mark (G)                 214 us
[341.999s][info][gc,stats    ] Pause Init Mark (N)                 145 us
[341.999s][info][gc,stats    ]   Update Region States               83 us
[341.999s][info][gc,stats    ] Concurrent Mark Roots               401 us, parallelism: 1.01x
[341.999s][info][gc,stats    ]   CMR: <total>                      405 us
[341.999s][info][gc,stats    ]   CMR: Thread Roots                 369 us, workers (us):  68,  94, 208, ---, ---, ---, 
[341.999s][info][gc,stats    ]   CMR: VM Strong Roots                4 us, workers (us):   2,   1,   0, ---, ---, ---, 
[341.999s][info][gc,stats    ]   CMR: CLDG Roots                    31 us, workers (us):  31, ---, ---, ---, ---, ---, 
[341.999s][info][gc,stats    ] Concurrent Marking                  789 us
[341.999s][info][gc,stats    ] Pause Final Mark (G)                362 us
[341.999s][info][gc,stats    ] Pause Final Mark (N)                319 us
[341.999s][info][gc,stats    ]   Finish Mark                       121 us
[341.999s][info][gc,stats    ]   Update Region States               88 us
[341.999s][info][gc,stats    ]   Choose Collection Set              61 us
[341.999s][info][gc,stats    ]   Rebuild Free Set                    8 us
[341.999s][info][gc,stats    ] Concurrent Weak References          160 us, parallelism: 0.03x
[341.999s][info][gc,stats    ]   CWRF: <total>                       5 us
[341.999s][info][gc,stats    ]   CWRF: Weak References               5 us, workers (us):   4,   1,   0, ---, ---, ---, 
[341.999s][info][gc,stats    ] Concurrent Weak Roots               220 us
[341.999s][info][gc,stats    ]   Roots                             120 us, parallelism: 0.80x
[341.999s][info][gc,stats    ]     CWR: <total>                     96 us
[341.999s][info][gc,stats    ]     CWR: Code Cache Roots            49 us, workers (us):  33,  16,   0, ---, ---, ---, 
[341.999s][info][gc,stats    ]     CWR: VM Weak Roots               46 us, workers (us):  25,  20,   0, ---, ---, ---, 
[341.999s][info][gc,stats    ]     CWR: CLDG Roots                   1 us, workers (us): ---,   1, ---, ---, ---, ---, 
[341.999s][info][gc,stats    ]   Rendezvous                         66 us
[341.999s][info][gc,stats    ] Concurrent Cleanup                   90 us
[341.999s][info][gc,stats    ] Concurrent Class Unloading          318 us
[341.999s][info][gc,stats    ]   Unlink Stale                      150 us
[341.999s][info][gc,stats    ]     System Dictionary                 1 us
[341.999s][info][gc,stats    ]     Weak Class Links                  0 us
[341.999s][info][gc,stats    ]     Code Roots                      148 us
[341.999s][info][gc,stats    ]   Rendezvous                         90 us
[341.999s][info][gc,stats    ]   Purge Unlinked                     43 us
[341.999s][info][gc,stats    ]     Code Roots                       40 us
[341.999s][info][gc,stats    ]     CLDG                              3 us
[341.999s][info][gc,stats    ]     Exception Caches                  0 us
[341.999s][info][gc,stats    ] Pause Final Roots (G)                95 us
[341.999s][info][gc,stats    ] Pause Final Roots (N)                32 us
[341.999s][info][gc,stats    ] Pacing                           216296 us
[341.999s][info][gc,stats    ] 
[341.999s][info][gc,stats    ] Allocation pacing accrued:
[341.999s][info][gc,stats    ]     216 of 11482 ms (  1.9%): main
[341.999s][info][gc,stats    ]     216 of 11482 ms (  1.9%): <total>
[341.999s][info][gc,stats    ]      17 of 11482 ms (  0.1%): <average total>
[341.999s][info][gc,stats    ]     216 of 11482 ms (  1.9%): <average non-zero>
[341.999s][info][gc,stats    ] 
[341.999s][info][gc,metaspace] Metaspace: 1069K(1280K)->1069K(1280K) NonClass: 987K(1088K)->987K(1088K) Class: 81K(192K)->81K(192K)
[341.999s][info][gc,ergo     ] Pacer for Idle. Initial: 41943K, Alloc Tax Rate: 1.0x
[353.464s][info][gc          ] Trigger: Free (197M) is below minimum threshold (204M)
[353.465s][info][gc,ergo     ] Free: 197M, Max: 1024K regular, 101M humongous, Frag: 49% external, 0% internal; Reserve: 103M, Max: 1024K
[353.465s][info][gc,start    ] GC(33) Concurrent reset
[353.465s][info][gc,task     ] GC(33) Using 3 of 6 workers for concurrent reset
[353.465s][info][gc,ergo     ] GC(33) Pacer for Reset. Non-Taxable: 2048M
[353.465s][info][gc          ] GC(33) Concurrent reset 0.288ms
[353.465s][info][gc,start    ] GC(33) Pause Init Mark (unload classes)
[353.465s][info][gc,task     ] GC(33) Using 6 of 6 workers for init marking
[353.465s][info][gc,ergo     ] GC(33) Pacer for Mark. Expected Live: 123M, Free: 197M, Non-Taxable: 20265K, Alloc Tax Rate: 0.8x
[353.465s][info][gc          ] GC(33) Pause Init Mark (unload classes) 0.108ms
[353.465s][info][gc,start    ] GC(33) Concurrent marking roots
[353.465s][info][gc,task     ] GC(33) Using 3 of 6 workers for concurrent marking roots
[353.465s][info][gc          ] GC(33) Concurrent marking roots 0.283ms
[353.465s][info][gc,start    ] GC(33) Concurrent marking (unload classes)
[353.465s][info][gc,task     ] GC(33) Using 3 of 6 workers for concurrent marking
[353.466s][info][gc          ] GC(33) Concurrent marking (unload classes) 0.701ms
[353.466s][info][gc,start    ] GC(33) Pause Final Mark (unload classes)
[353.466s][info][gc,task     ] GC(33) Using 6 of 6 workers for final marking
[353.466s][info][gc,ergo     ] GC(33) Collectable Garbage: 1540M (99%), Immediate: 1540M (99%), CSet: 0B (0%)
[353.466s][info][gc          ] GC(33) Pause Final Mark (unload classes) 0.213ms
[353.466s][info][gc,start    ] GC(33) Concurrent weak references
[353.466s][info][gc,task     ] GC(33) Using 3 of 6 workers for concurrent weak references
[353.466s][info][gc,ref      ] GC(33) Encountered references: Soft: 45, Weak: 116, Final: 0, Phantom: 7
[353.466s][info][gc,ref      ] GC(33) Discovered  references: Soft: 0, Weak: 95, Final: 0, Phantom: 5
[353.466s][info][gc,ref      ] GC(33) Enqueued    references: Soft: 0, Weak: 0, Final: 0, Phantom: 0
[353.466s][info][gc          ] GC(33) Concurrent weak references 0.077ms
[353.466s][info][gc,start    ] GC(33) Concurrent weak roots
[353.466s][info][gc,task     ] GC(33) Using 3 of 6 workers for concurrent weak root
[353.467s][info][gc          ] GC(33) Concurrent weak roots 0.160ms
[353.467s][info][gc,start    ] GC(33) Concurrent cleanup
[353.467s][info][gc          ] GC(33) Concurrent cleanup 1656M->116M(2048M) 0.077ms
[353.467s][info][gc,ergo     ] GC(33) Free: 1826M, Max: 1024K regular, 1388M humongous, Frag: 24% external, 0% internal; Reserve: 103M, Max: 1024K
[353.467s][info][gc,start    ] GC(33) Concurrent class unloading
[353.467s][info][gc,task     ] GC(33) Using 3 of 6 workers for concurrent class unloading
[353.467s][info][gc          ] GC(33) Concurrent class unloading 0.251ms
[353.467s][info][gc,start    ] GC(33) Pause Final Roots
[353.467s][info][gc          ] GC(33) Pause Final Roots 0.015ms
[353.467s][info][gc,ergo     ] Free: 1826M, Max: 1024K regular, 1388M humongous, Frag: 24% external, 0% internal; Reserve: 103M, Max: 1024K
[353.467s][info][gc,stats    ] 
[353.467s][info][gc,stats    ] All times are wall-clock times, except per-root-class counters, that are sum over
[353.467s][info][gc,stats    ] all workers. Dividing the <total> over the root stage time estimates parallelism.
[353.467s][info][gc,stats    ] 
[353.467s][info][gc,stats    ] Concurrent Reset                    309 us
[353.467s][info][gc,stats    ] Pause Init Mark (G)                 162 us
[353.467s][info][gc,stats    ] Pause Init Mark (N)                 118 us
[353.467s][info][gc,stats    ]   Update Region States               52 us
[353.467s][info][gc,stats    ] Concurrent Mark Roots               296 us, parallelism: 1.44x
[353.467s][info][gc,stats    ]   CMR: <total>                      426 us
[353.467s][info][gc,stats    ]   CMR: Thread Roots                 377 us, workers (us): 227,  53,  96, ---, ---, ---, 
[353.467s][info][gc,stats    ]   CMR: VM Strong Roots                7 us, workers (us):   3,   2,   2, ---, ---, ---, 
[353.467s][info][gc,stats    ]   CMR: CLDG Roots                    42 us, workers (us): ---,  42, ---, ---, ---, ---, 
[353.467s][info][gc,stats    ] Concurrent Marking                  716 us
[353.467s][info][gc,stats    ] Pause Final Mark (G)                285 us
[353.467s][info][gc,stats    ] Pause Final Mark (N)                223 us
[353.467s][info][gc,stats    ]   Finish Mark                        71 us
[353.467s][info][gc,stats    ]   Update Region States               52 us
[353.467s][info][gc,stats    ]   Choose Collection Set              52 us
[353.467s][info][gc,stats    ]   Rebuild Free Set                    8 us
[353.467s][info][gc,stats    ] Concurrent Weak References           85 us, parallelism: 0.06x
[353.467s][info][gc,stats    ]   CWRF: <total>                       5 us
[353.467s][info][gc,stats    ]   CWRF: Weak References               5 us, workers (us):   3,   1,   0, ---, ---, ---, 
[353.467s][info][gc,stats    ] Concurrent Weak Roots               171 us
[353.467s][info][gc,stats    ]   Roots                             120 us, parallelism: 1.22x
[353.467s][info][gc,stats    ]     CWR: <total>                    147 us
[353.467s][info][gc,stats    ]     CWR: Code Cache Roots            98 us, workers (us):  24,  74,   0, ---, ---, ---, 
[353.467s][info][gc,stats    ]     CWR: VM Weak Roots               48 us, workers (us):  25,  23,   0, ---, ---, ---, 
[353.467s][info][gc,stats    ]     CWR: CLDG Roots                   1 us, workers (us):   1, ---, ---, ---, ---, ---, 
[353.467s][info][gc,stats    ]   Rendezvous                         23 us
[353.467s][info][gc,stats    ] Concurrent Cleanup                   86 us
[353.467s][info][gc,stats    ] Concurrent Class Unloading          264 us
[353.467s][info][gc,stats    ]   Unlink Stale                      160 us
[353.467s][info][gc,stats    ]     System Dictionary                 2 us
[353.467s][info][gc,stats    ]     Weak Class Links                  0 us
[353.467s][info][gc,stats    ]     Code Roots                      157 us
[353.467s][info][gc,stats    ]   Rendezvous                         21 us
[353.467s][info][gc,stats    ]   Purge Unlinked                     53 us
[353.467s][info][gc,stats    ]     Code Roots                       50 us
[353.467s][info][gc,stats    ]     CLDG                              3 us
[353.467s][info][gc,stats    ]     Exception Caches                  0 us
[353.467s][info][gc,stats    ] Pause Final Roots (G)                44 us
[353.467s][info][gc,stats    ] Pause Final Roots (N)                23 us
[353.467s][info][gc,stats    ] Pacing                           214293 us
[353.467s][info][gc,stats    ] 
[353.467s][info][gc,stats    ] Allocation pacing accrued:
[353.467s][info][gc,stats    ]     214 of 11468 ms (  1.9%): main
[353.467s][info][gc,stats    ]     214 of 11468 ms (  1.9%): <total>
[353.467s][info][gc,stats    ]      16 of 11468 ms (  0.1%): <average total>
[353.467s][info][gc,stats    ]     214 of 11468 ms (  1.9%): <average non-zero>
[353.467s][info][gc,stats    ] 
[353.467s][info][gc,metaspace] Metaspace: 1069K(1280K)->1069K(1280K) NonClass: 987K(1088K)->987K(1088K) Class: 81K(192K)->81K(192K)
[353.467s][info][gc,ergo     ] Pacer for Idle. Initial: 41943K, Alloc Tax Rate: 1.0x
[364.904s][info][gc          ] Trigger: Free (197M) is below minimum threshold (204M)
[364.904s][info][gc,ergo     ] Free: 197M, Max: 1024K regular, 150M humongous, Frag: 24% external, 0% internal; Reserve: 103M, Max: 1024K
[364.904s][info][gc,start    ] GC(34) Concurrent reset
[364.904s][info][gc,task     ] GC(34) Using 3 of 6 workers for concurrent reset
[364.904s][info][gc,ergo     ] GC(34) Pacer for Reset. Non-Taxable: 2048M
[364.905s][info][gc          ] GC(34) Concurrent reset 0.324ms
[364.905s][info][gc,start    ] GC(34) Pause Init Mark (unload classes)
[364.905s][info][gc,task     ] GC(34) Using 6 of 6 workers for init marking
[364.905s][info][gc,ergo     ] GC(34) Pacer for Mark. Expected Live: 122M, Free: 197M, Non-Taxable: 20265K, Alloc Tax Rate: 0.8x
[364.905s][info][gc          ] GC(34) Pause Init Mark (unload classes) 0.069ms
[364.905s][info][gc,start    ] GC(34) Concurrent marking roots
[364.905s][info][gc,task     ] GC(34) Using 3 of 6 workers for concurrent marking roots
[364.905s][info][gc          ] GC(34) Concurrent marking roots 0.241ms
[364.905s][info][gc,start    ] GC(34) Concurrent marking (unload classes)
[364.905s][info][gc,task     ] GC(34) Using 3 of 6 workers for concurrent marking
[364.906s][info][gc          ] GC(34) Concurrent marking (unload classes) 0.687ms
[364.906s][info][gc,start    ] GC(34) Pause Final Mark (unload classes)
[364.906s][info][gc,task     ] GC(34) Using 6 of 6 workers for final marking
[364.906s][info][gc,ergo     ] GC(34) Collectable Garbage: 1540M (99%), Immediate: 1540M (99%), CSet: 0B (0%)
[364.906s][info][gc          ] GC(34) Pause Final Mark (unload classes) 0.151ms
[364.906s][info][gc,start    ] GC(34) Concurrent weak references
[364.906s][info][gc,task     ] GC(34) Using 3 of 6 workers for concurrent weak references
[364.906s][info][gc,ref      ] GC(34) Encountered references: Soft: 45, Weak: 116, Final: 0, Phantom: 7
[364.906s][info][gc,ref      ] GC(34) Discovered  references: Soft: 0, Weak: 84, Final: 0, Phantom: 5
[364.906s][info][gc,ref      ] GC(34) Enqueued    references: Soft: 0, Weak: 0, Final: 0, Phantom: 0
[364.906s][info][gc          ] GC(34) Concurrent weak references 0.075ms
[364.906s][info][gc,start    ] GC(34) Concurrent weak roots
[364.906s][info][gc,task     ] GC(34) Using 3 of 6 workers for concurrent weak root
[364.906s][info][gc          ] GC(34) Concurrent weak roots 0.108ms
[364.906s][info][gc,start    ] GC(34) Concurrent cleanup
[364.906s][info][gc          ] GC(34) Concurrent cleanup 1656M->116M(2048M) 0.076ms
[364.906s][info][gc,ergo     ] GC(34) Free: 1826M, Max: 1024K regular, 1394M humongous, Frag: 24% external, 0% internal; Reserve: 103M, Max: 1024K
[364.906s][info][gc,start    ] GC(34) Concurrent class unloading
[364.906s][info][gc,task     ] GC(34) Using 3 of 6 workers for concurrent class unloading
[364.906s][info][gc          ] GC(34) Concurrent class unloading 0.205ms
[364.906s][info][gc,start    ] GC(34) Pause Final Roots
[364.907s][info][gc          ] GC(34) Pause Final Roots 0.015ms
[364.907s][info][gc,ergo     ] Free: 1826M, Max: 1024K regular, 1394M humongous, Frag: 24% external, 0% internal; Reserve: 103M, Max: 1024K
[364.907s][info][gc,stats    ] 
[364.907s][info][gc,stats    ] All times are wall-clock times, except per-root-class counters, that are sum over
[364.907s][info][gc,stats    ] all workers. Dividing the <total> over the root stage time estimates parallelism.
[364.907s][info][gc,stats    ] 
[364.907s][info][gc,stats    ] Concurrent Reset                    343 us
[364.907s][info][gc,stats    ] Pause Init Mark (G)                 111 us
[364.907s][info][gc,stats    ] Pause Init Mark (N)                  78 us
[364.907s][info][gc,stats    ]   Update Region States               23 us
[364.907s][info][gc,stats    ] Concurrent Mark Roots               255 us, parallelism: 1.35x
[364.907s][info][gc,stats    ]   CMR: <total>                      345 us
[364.907s][info][gc,stats    ]   CMR: Thread Roots                 305 us, workers (us):  59,  51, 195, ---, ---, ---, 
[364.907s][info][gc,stats    ]   CMR: VM Strong Roots                5 us, workers (us):   2,   1,   2, ---, ---, ---, 
[364.907s][info][gc,stats    ]   CMR: CLDG Roots                    34 us, workers (us): ---,  34, ---, ---, ---, ---, 
[364.907s][info][gc,stats    ] Concurrent Marking                  698 us
[364.907s][info][gc,stats    ] Pause Final Mark (G)                193 us
[364.907s][info][gc,stats    ] Pause Final Mark (N)                162 us
[364.907s][info][gc,stats    ]   Finish Mark                        29 us
[364.907s][info][gc,stats    ]   Update Region States               28 us
[364.907s][info][gc,stats    ]   Choose Collection Set              59 us
[364.907s][info][gc,stats    ]   Rebuild Free Set                    8 us
[364.907s][info][gc,stats    ] Concurrent Weak References           83 us, parallelism: 0.05x
[364.907s][info][gc,stats    ]   CWRF: <total>                       4 us
[364.907s][info][gc,stats    ]   CWRF: Weak References               4 us, workers (us):   1,   3,   0, ---, ---, ---, 
[364.907s][info][gc,stats    ] Concurrent Weak Roots               119 us
[364.907s][info][gc,stats    ]   Roots                              68 us, parallelism: 1.34x
[364.907s][info][gc,stats    ]     CWR: <total>                     91 us
[364.907s][info][gc,stats    ]     CWR: Code Cache Roots            48 us, workers (us):   0,  16,  33, ---, ---, ---, 
[364.907s][info][gc,stats    ]     CWR: VM Weak Roots               42 us, workers (us):  15,  14,  13, ---, ---, ---, 
[364.907s][info][gc,stats    ]     CWR: CLDG Roots                   1 us, workers (us):   1, ---, ---, ---, ---, ---, 
[364.907s][info][gc,stats    ]   Rendezvous                         24 us
[364.907s][info][gc,stats    ] Concurrent Cleanup                   86 us
[364.907s][info][gc,stats    ] Concurrent Class Unloading          218 us
[364.907s][info][gc,stats    ]   Unlink Stale                      145 us
[364.907s][info][gc,stats    ]     System Dictionary                 1 us
[364.907s][info][gc,stats    ]     Weak Class Links                  0 us
[364.907s][info][gc,stats    ]     Code Roots                      143 us
[364.907s][info][gc,stats    ]   Rendezvous                         21 us
[364.907s][info][gc,stats    ]   Purge Unlinked                     23 us
[364.907s][info][gc,stats    ]     Code Roots                       20 us
[364.907s][info][gc,stats    ]     CLDG                              3 us
[364.907s][info][gc,stats    ]     Exception Caches                  0 us
[364.907s][info][gc,stats    ] Pause Final Roots (G)                42 us
[364.907s][info][gc,stats    ] Pause Final Roots (N)                23 us
[364.907s][info][gc,stats    ] Pacing                           215384 us
[364.907s][info][gc,stats    ] 
[364.907s][info][gc,stats    ] Allocation pacing accrued:
[364.907s][info][gc,stats    ]     215 of 11440 ms (  1.9%): main
[364.907s][info][gc,stats    ]     215 of 11440 ms (  1.9%): <total>
[364.907s][info][gc,stats    ]      17 of 11440 ms (  0.1%): <average total>
[364.907s][info][gc,stats    ]     215 of 11440 ms (  1.9%): <average non-zero>
[364.907s][info][gc,stats    ] 
[364.907s][info][gc,metaspace] Metaspace: 1069K(1280K)->1069K(1280K) NonClass: 987K(1088K)->987K(1088K) Class: 81K(192K)->81K(192K)
[364.907s][info][gc,ergo     ] Pacer for Idle. Initial: 41943K, Alloc Tax Rate: 1.0x
[376.546s][info][gc          ] Trigger: Free (203M) is below minimum threshold (204M)
[376.547s][info][gc,ergo     ] Free: 203M, Max: 1024K regular, 150M humongous, Frag: 27% external, 0% internal; Reserve: 103M, Max: 1024K
[376.547s][info][gc,start    ] GC(35) Concurrent reset
[376.547s][info][gc,task     ] GC(35) Using 3 of 6 workers for concurrent reset
[376.547s][info][gc,ergo     ] GC(35) Pacer for Reset. Non-Taxable: 2048M
[376.547s][info][gc          ] GC(35) Concurrent reset 0.331ms
[376.547s][info][gc,start    ] GC(35) Pause Init Mark (unload classes)
[376.547s][info][gc,task     ] GC(35) Using 6 of 6 workers for init marking
[376.547s][info][gc,ergo     ] GC(35) Pacer for Mark. Expected Live: 120M, Free: 203M, Non-Taxable: 20880K, Alloc Tax Rate: 0.7x
[376.547s][info][gc          ] GC(35) Pause Init Mark (unload classes) 0.080ms
[376.547s][info][gc,start    ] GC(35) Concurrent marking roots
[376.547s][info][gc,task     ] GC(35) Using 3 of 6 workers for concurrent marking roots
[376.547s][info][gc          ] GC(35) Concurrent marking roots 0.343ms
[376.547s][info][gc,start    ] GC(35) Concurrent marking (unload classes)
[376.547s][info][gc,task     ] GC(35) Using 3 of 6 workers for concurrent marking
[376.548s][info][gc          ] GC(35) Concurrent marking (unload classes) 0.740ms
[376.548s][info][gc,start    ] GC(35) Pause Final Mark (unload classes)
[376.548s][info][gc,task     ] GC(35) Using 6 of 6 workers for final marking
[376.548s][info][gc,ergo     ] GC(35) Collectable Garbage: 1626M (99%), Immediate: 1626M (99%), CSet: 0B (0%)
[376.548s][info][gc          ] GC(35) Pause Final Mark (unload classes) 0.209ms
[376.548s][info][gc,start    ] GC(35) Concurrent weak references
[376.548s][info][gc,task     ] GC(35) Using 3 of 6 workers for concurrent weak references
[376.549s][info][gc,ref      ] GC(35) Encountered references: Soft: 45, Weak: 116, Final: 0, Phantom: 7
[376.549s][info][gc,ref      ] GC(35) Discovered  references: Soft: 0, Weak: 84, Final: 0, Phantom: 5
[376.549s][info][gc,ref      ] GC(35) Enqueued    references: Soft: 0, Weak: 0, Final: 0, Phantom: 0
[376.549s][info][gc          ] GC(35) Concurrent weak references 0.106ms
[376.549s][info][gc,start    ] GC(35) Concurrent weak roots
[376.549s][info][gc,task     ] GC(35) Using 3 of 6 workers for concurrent weak root
[376.549s][info][gc          ] GC(35) Concurrent weak roots 0.159ms
[376.549s][info][gc,start    ] GC(35) Concurrent cleanup
[376.549s][info][gc          ] GC(35) Concurrent cleanup 1648M->22M(2048M) 0.082ms
[376.549s][info][gc,ergo     ] GC(35) Free: 1920M, Max: 1024K regular, 1379M humongous, Frag: 29% external, 0% internal; Reserve: 103M, Max: 1024K
[376.549s][info][gc,start    ] GC(35) Concurrent class unloading
[376.549s][info][gc,task     ] GC(35) Using 3 of 6 workers for concurrent class unloading
[376.549s][info][gc          ] GC(35) Concurrent class unloading 0.218ms
[376.549s][info][gc,start    ] GC(35) Pause Final Roots
[376.549s][info][gc          ] GC(35) Pause Final Roots 0.016ms
[376.549s][info][gc,ergo     ] Free: 1920M, Max: 1024K regular, 1379M humongous, Frag: 29% external, 0% internal; Reserve: 103M, Max: 1024K
[376.549s][info][gc,stats    ] 
[376.549s][info][gc,stats    ] All times are wall-clock times, except per-root-class counters, that are sum over
[376.549s][info][gc,stats    ] all workers. Dividing the <total> over the root stage time estimates parallelism.
[376.549s][info][gc,stats    ] 
[376.549s][info][gc,stats    ] Concurrent Reset                    349 us
[376.549s][info][gc,stats    ] Pause Init Mark (G)                 131 us
[376.549s][info][gc,stats    ] Pause Init Mark (N)                  96 us
[376.549s][info][gc,stats    ]   Update Region States               22 us
[376.549s][info][gc,stats    ] Concurrent Mark Roots               358 us, parallelism: 1.15x
[376.549s][info][gc,stats    ]   CMR: <total>                      413 us
[376.549s][info][gc,stats    ]   CMR: Thread Roots                 375 us, workers (us):  95, 220,  60, ---, ---, ---, 
[376.549s][info][gc,stats    ]   CMR: VM Strong Roots                5 us, workers (us):   3,   2,   0, ---, ---, ---, 
[376.549s][info][gc,stats    ]   CMR: CLDG Roots                    33 us, workers (us): ---, ---,  33, ---, ---, ---, 
[376.549s][info][gc,stats    ] Concurrent Marking                  758 us
[376.549s][info][gc,stats    ] Pause Final Mark (G)                260 us
[376.549s][info][gc,stats    ] Pause Final Mark (N)                220 us
[376.549s][info][gc,stats    ]   Finish Mark                        32 us
[376.549s][info][gc,stats    ]   Update Region States               72 us
[376.549s][info][gc,stats    ]   Choose Collection Set              66 us
[376.549s][info][gc,stats    ]   Rebuild Free Set                    9 us
[376.549s][info][gc,stats    ] Concurrent Weak References          115 us, parallelism: 0.04x
[376.549s][info][gc,stats    ]   CWRF: <total>                       4 us
[376.549s][info][gc,stats    ]   CWRF: Weak References               4 us, workers (us):   4,   1,   0, ---, ---, ---, 
[376.549s][info][gc,stats    ] Concurrent Weak Roots               173 us
[376.549s][info][gc,stats    ]   Roots                              78 us, parallelism: 1.16x
[376.549s][info][gc,stats    ]     CWR: <total>                     91 us
[376.549s][info][gc,stats    ]     CWR: Code Cache Roots            49 us, workers (us):  15,  33,   0, ---, ---, ---, 
[376.549s][info][gc,stats    ]     CWR: VM Weak Roots               42 us, workers (us):  15,  14,  12, ---, ---, ---, 
[376.549s][info][gc,stats    ]     CWR: CLDG Roots                   1 us, workers (us): ---, ---,   1, ---, ---, ---, 
[376.549s][info][gc,stats    ]   Rendezvous                         64 us
[376.549s][info][gc,stats    ] Concurrent Cleanup                   91 us
[376.549s][info][gc,stats    ] Concurrent Class Unloading          233 us
[376.549s][info][gc,stats    ]   Unlink Stale                      149 us
[376.549s][info][gc,stats    ]     System Dictionary                 1 us
[376.549s][info][gc,stats    ]     Weak Class Links                  0 us
[376.549s][info][gc,stats    ]     Code Roots                      148 us
[376.549s][info][gc,stats    ]   Rendezvous                         26 us
[376.549s][info][gc,stats    ]   Purge Unlinked                     25 us
[376.549s][info][gc,stats    ]     Code Roots                       22 us
[376.549s][info][gc,stats    ]     CLDG                              3 us
[376.549s][info][gc,stats    ]     Exception Caches                  0 us
[376.550s][info][gc,stats    ] Pause Final Roots (G)                46 us
[376.550s][info][gc,stats    ] Pause Final Roots (N)                25 us
[376.550s][info][gc,stats    ] Pacing                           214525 us
[376.550s][info][gc,stats    ] 
[376.550s][info][gc,stats    ] Allocation pacing accrued:
[376.550s][info][gc,stats    ]     215 of 11643 ms (  1.8%): main
[376.550s][info][gc,stats    ]     215 of 11643 ms (  1.8%): <total>
[376.550s][info][gc,stats    ]      17 of 11643 ms (  0.1%): <average total>
[376.550s][info][gc,stats    ]     215 of 11643 ms (  1.8%): <average non-zero>
[376.550s][info][gc,stats    ] 
[376.550s][info][gc,metaspace] Metaspace: 1069K(1280K)->1069K(1280K) NonClass: 987K(1088K)->987K(1088K) Class: 81K(192K)->81K(192K)
[376.550s][info][gc,ergo     ] Pacer for Idle. Initial: 41943K, Alloc Tax Rate: 1.0x
[389.035s][info][gc          ] Trigger: Free (201M) is below minimum threshold (204M)
[389.035s][info][gc,ergo     ] Free: 201M, Max: 1024K regular, 196M humongous, Frag: 3% external, 0% internal; Reserve: 103M, Max: 1024K
[389.035s][info][gc,start    ] GC(36) Concurrent reset
[389.035s][info][gc,task     ] GC(36) Using 3 of 6 workers for concurrent reset
[389.035s][info][gc,ergo     ] GC(36) Pacer for Reset. Non-Taxable: 2048M
[389.035s][info][gc          ] GC(36) Concurrent reset 0.205ms
[389.035s][info][gc,start    ] GC(36) Pause Init Mark (unload classes)
[389.035s][info][gc,task     ] GC(36) Using 6 of 6 workers for init marking
[389.035s][info][gc,ergo     ] GC(36) Pacer for Mark. Expected Live: 100128K, Free: 201M, Non-Taxable: 20675K, Alloc Tax Rate: 0.6x
[389.035s][info][gc          ] GC(36) Pause Init Mark (unload classes) 0.100ms
[389.035s][info][gc,start    ] GC(36) Concurrent marking roots
[389.035s][info][gc,task     ] GC(36) Using 3 of 6 workers for concurrent marking roots
[389.036s][info][gc          ] GC(36) Concurrent marking roots 0.246ms
[389.036s][info][gc,start    ] GC(36) Concurrent marking (unload classes)
[389.036s][info][gc,task     ] GC(36) Using 3 of 6 workers for concurrent marking
[389.036s][info][gc          ] GC(36) Concurrent marking (unload classes) 0.723ms
[389.036s][info][gc,start    ] GC(36) Pause Final Mark (unload classes)
[389.037s][info][gc,task     ] GC(36) Using 6 of 6 workers for final marking
[389.037s][info][gc,ergo     ] GC(36) Collectable Garbage: 1546M (99%), Immediate: 1546M (99%), CSet: 0B (0%)
[389.037s][info][gc          ] GC(36) Pause Final Mark (unload classes) 0.224ms
[389.037s][info][gc,start    ] GC(36) Concurrent weak references
[389.037s][info][gc,task     ] GC(36) Using 3 of 6 workers for concurrent weak references
[389.037s][info][gc,ref      ] GC(36) Encountered references: Soft: 45, Weak: 116, Final: 0, Phantom: 7
[389.037s][info][gc,ref      ] GC(36) Discovered  references: Soft: 0, Weak: 72, Final: 0, Phantom: 5
[389.037s][info][gc,ref      ] GC(36) Enqueued    references: Soft: 0, Weak: 0, Final: 0, Phantom: 0
[389.037s][info][gc          ] GC(36) Concurrent weak references 0.099ms
[389.037s][info][gc,start    ] GC(36) Concurrent weak roots
[389.037s][info][gc,task     ] GC(36) Using 3 of 6 workers for concurrent weak root
[389.037s][info][gc          ] GC(36) Concurrent weak roots 0.152ms
[389.037s][info][gc,start    ] GC(36) Concurrent cleanup
[389.037s][info][gc          ] GC(36) Concurrent cleanup 1642M->96M(2048M) 0.077ms
[389.037s][info][gc,ergo     ] GC(36) Free: 1844M, Max: 1024K regular, 1356M humongous, Frag: 27% external, 0% internal; Reserve: 103M, Max: 1024K
[389.037s][info][gc,start    ] GC(36) Concurrent class unloading
[389.037s][info][gc,task     ] GC(36) Using 3 of 6 workers for concurrent class unloading
[389.037s][info][gc          ] GC(36) Concurrent class unloading 0.246ms
[389.037s][info][gc,start    ] GC(36) Pause Final Roots
[389.037s][info][gc          ] GC(36) Pause Final Roots 0.019ms
[389.038s][info][gc,ergo     ] Free: 1844M, Max: 1024K regular, 1356M humongous, Frag: 27% external, 0% internal; Reserve: 103M, Max: 1024K
[389.038s][info][gc,stats    ] 
[389.038s][info][gc,stats    ] All times are wall-clock times, except per-root-class counters, that are sum over
[389.038s][info][gc,stats    ] all workers. Dividing the <total> over the root stage time estimates parallelism.
[389.038s][info][gc,stats    ] 
[389.038s][info][gc,stats    ] Concurrent Reset                    225 us
[389.038s][info][gc,stats    ] Pause Init Mark (G)                 173 us
[389.038s][info][gc,stats    ] Pause Init Mark (N)                 109 us
[389.038s][info][gc,stats    ]   Update Region States               52 us
[389.038s][info][gc,stats    ] Concurrent Mark Roots               264 us, parallelism: 1.23x
[389.038s][info][gc,stats    ]   CMR: <total>                      326 us
[389.038s][info][gc,stats    ]   CMR: Thread Roots                 291 us, workers (us):  35,  67, 188, ---, ---, ---, 
[389.038s][info][gc,stats    ]   CMR: VM Strong Roots                4 us, workers (us):   3,   1,   0, ---, ---, ---, 
[389.038s][info][gc,stats    ]   CMR: CLDG Roots                    31 us, workers (us):  31, ---, ---, ---, ---, ---, 
[389.038s][info][gc,stats    ] Concurrent Marking                  739 us
[389.038s][info][gc,stats    ] Pause Final Mark (G)                316 us
[389.038s][info][gc,stats    ] Pause Final Mark (N)                277 us
[389.038s][info][gc,stats    ]   Finish Mark                        34 us
[389.038s][info][gc,stats    ]   Update Region States               74 us
[389.038s][info][gc,stats    ]   Choose Collection Set              61 us
[389.038s][info][gc,stats    ]   Rebuild Free Set                    9 us
[389.038s][info][gc,stats    ] Concurrent Weak References          107 us, parallelism: 0.05x
[389.038s][info][gc,stats    ]   CWRF: <total>                       5 us
[389.038s][info][gc,stats    ]   CWRF: Weak References               5 us, workers (us):   4,   1,   0, ---, ---, ---, 
[389.038s][info][gc,stats    ] Concurrent Weak Roots               164 us
[389.038s][info][gc,stats    ]   Roots                              79 us, parallelism: 1.23x
[389.038s][info][gc,stats    ]     CWR: <total>                     97 us
[389.038s][info][gc,stats    ]     CWR: Code Cache Roots            51 us, workers (us):  35,  16,   0, ---, ---, ---, 
[389.038s][info][gc,stats    ]     CWR: VM Weak Roots               45 us, workers (us):  23,  22,   0, ---, ---, ---, 
[389.038s][info][gc,stats    ]     CWR: CLDG Roots                   1 us, workers (us): ---,   1, ---, ---, ---, ---, 
[389.038s][info][gc,stats    ]   Rendezvous                         56 us
[389.038s][info][gc,stats    ] Concurrent Cleanup                   87 us
[389.038s][info][gc,stats    ] Concurrent Class Unloading          259 us
[389.038s][info][gc,stats    ]   Unlink Stale                      152 us
[389.038s][info][gc,stats    ]     System Dictionary                 1 us
[389.038s][info][gc,stats    ]     Weak Class Links                  0 us
[389.038s][info][gc,stats    ]     Code Roots                      150 us
[389.038s][info][gc,stats    ]   Rendezvous                         56 us
[389.038s][info][gc,stats    ]   Purge Unlinked                     22 us
[389.038s][info][gc,stats    ]     Code Roots                       19 us
[389.038s][info][gc,stats    ]     CLDG                              2 us
[389.038s][info][gc,stats    ]     Exception Caches                  0 us
[389.038s][info][gc,stats    ] Pause Final Roots (G)                84 us
[389.038s][info][gc,stats    ] Pause Final Roots (N)                28 us
[389.038s][info][gc,stats    ] Pacing                           215153 us
[389.038s][info][gc,stats    ] 
[389.038s][info][gc,stats    ] Allocation pacing accrued:
[389.038s][info][gc,stats    ]     215 of 12488 ms (  1.7%): main
[389.038s][info][gc,stats    ]     215 of 12488 ms (  1.7%): <total>
[389.038s][info][gc,stats    ]      17 of 12488 ms (  0.1%): <average total>
[389.038s][info][gc,stats    ]     215 of 12488 ms (  1.7%): <average non-zero>
[389.038s][info][gc,stats    ] 
[389.038s][info][gc,metaspace] Metaspace: 1069K(1280K)->1069K(1280K) NonClass: 987K(1088K)->987K(1088K) Class: 81K(192K)->81K(192K)
[389.038s][info][gc,ergo     ] Pacer for Idle. Initial: 41943K, Alloc Tax Rate: 1.0x
[400.903s][info][gc          ] Trigger: Free (199M) is below minimum threshold (204M)
[400.903s][info][gc,ergo     ] Free: 199M, Max: 1024K regular, 97280K humongous, Frag: 53% external, 0% internal; Reserve: 103M, Max: 1024K
[400.903s][info][gc,start    ] GC(37) Concurrent reset
[400.903s][info][gc,task     ] GC(37) Using 3 of 6 workers for concurrent reset
[400.903s][info][gc,ergo     ] GC(37) Pacer for Reset. Non-Taxable: 2048M
[400.904s][info][gc          ] GC(37) Concurrent reset 0.205ms
[400.904s][info][gc,start    ] GC(37) Pause Init Mark (unload classes)
[400.904s][info][gc,task     ] GC(37) Using 6 of 6 workers for init marking
[400.904s][info][gc,ergo     ] GC(37) Pacer for Mark. Expected Live: 85792K, Free: 199M, Non-Taxable: 20470K, Alloc Tax Rate: 0.5x
[400.904s][info][gc          ] GC(37) Pause Init Mark (unload classes) 0.070ms
[400.904s][info][gc,start    ] GC(37) Concurrent marking roots
[400.904s][info][gc,task     ] GC(37) Using 3 of 6 workers for concurrent marking roots
[400.904s][info][gc          ] GC(37) Concurrent marking roots 0.266ms
[400.904s][info][gc,start    ] GC(37) Concurrent marking (unload classes)
[400.904s][info][gc,task     ] GC(37) Using 3 of 6 workers for concurrent marking
[400.905s][info][gc          ] GC(37) Concurrent marking (unload classes) 0.719ms
[400.905s][info][gc,start    ] GC(37) Pause Final Mark (unload classes)
[400.905s][info][gc,task     ] GC(37) Using 6 of 6 workers for final marking
[400.905s][info][gc,ergo     ] GC(37) Collectable Garbage: 1556M (99%), Immediate: 1556M (99%), CSet: 0B (0%)
[400.905s][info][gc          ] GC(37) Pause Final Mark (unload classes) 0.157ms
[400.905s][info][gc,start    ] GC(37) Concurrent weak references
[400.905s][info][gc,task     ] GC(37) Using 3 of 6 workers for concurrent weak references
[400.905s][info][gc,ref      ] GC(37) Encountered references: Soft: 45, Weak: 116, Final: 0, Phantom: 7
[400.905s][info][gc,ref      ] GC(37) Discovered  references: Soft: 0, Weak: 95, Final: 0, Phantom: 5
[400.905s][info][gc,ref      ] GC(37) Enqueued    references: Soft: 0, Weak: 0, Final: 0, Phantom: 0
[400.905s][info][gc          ] GC(37) Concurrent weak references 0.081ms
[400.905s][info][gc,start    ] GC(37) Concurrent weak roots
[400.905s][info][gc,task     ] GC(37) Using 3 of 6 workers for concurrent weak root
[400.905s][info][gc          ] GC(37) Concurrent weak roots 0.174ms
[400.905s][info][gc,start    ] GC(37) Concurrent cleanup
[400.905s][info][gc          ] GC(37) Concurrent cleanup 1648M->92M(2048M) 0.079ms
[400.905s][info][gc,ergo     ] GC(37) Free: 1848M, Max: 1024K regular, 1182M humongous, Frag: 37% external, 0% internal; Reserve: 103M, Max: 1024K
[400.905s][info][gc,start    ] GC(37) Concurrent class unloading
[400.905s][info][gc,task     ] GC(37) Using 3 of 6 workers for concurrent class unloading
[400.906s][info][gc          ] GC(37) Concurrent class unloading 0.240ms
[400.906s][info][gc,start    ] GC(37) Pause Final Roots
[400.906s][info][gc          ] GC(37) Pause Final Roots 0.017ms
[400.906s][info][gc,ergo     ] Free: 1848M, Max: 1024K regular, 1182M humongous, Frag: 37% external, 0% internal; Reserve: 103M, Max: 1024K
[400.906s][info][gc,stats    ] 
[400.906s][info][gc,stats    ] All times are wall-clock times, except per-root-class counters, that are sum over
[400.906s][info][gc,stats    ] all workers. Dividing the <total> over the root stage time estimates parallelism.
[400.906s][info][gc,stats    ] 
[400.906s][info][gc,stats    ] Concurrent Reset                    227 us
[400.906s][info][gc,stats    ] Pause Init Mark (G)                 113 us
[400.906s][info][gc,stats    ] Pause Init Mark (N)                  78 us
[400.906s][info][gc,stats    ]   Update Region States               28 us
[400.906s][info][gc,stats    ] Concurrent Mark Roots               282 us, parallelism: 1.25x
[400.906s][info][gc,stats    ]   CMR: <total>                      352 us
[400.906s][info][gc,stats    ]   CMR: Thread Roots                 319 us, workers (us): 211,  38,  69, ---, ---, ---, 
[400.906s][info][gc,stats    ]   CMR: VM Strong Roots                4 us, workers (us):   2,   2,   0, ---, ---, ---, 
[400.906s][info][gc,stats    ]   CMR: CLDG Roots                    30 us, workers (us): ---,  30, ---, ---, ---, ---, 
[400.906s][info][gc,stats    ] Concurrent Marking                  740 us
[400.906s][info][gc,stats    ] Pause Final Mark (G)                211 us
[400.906s][info][gc,stats    ] Pause Final Mark (N)                172 us
[400.906s][info][gc,stats    ]   Finish Mark                        29 us
[400.906s][info][gc,stats    ]   Update Region States               29 us
[400.906s][info][gc,stats    ]   Choose Collection Set              62 us
[400.906s][info][gc,stats    ]   Rebuild Free Set                    9 us
[400.906s][info][gc,stats    ] Concurrent Weak References           90 us, parallelism: 0.07x
[400.906s][info][gc,stats    ]   CWRF: <total>                       6 us
[400.906s][info][gc,stats    ]   CWRF: Weak References               6 us, workers (us):   5,   1,   0, ---, ---, ---, 
[400.906s][info][gc,stats    ] Concurrent Weak Roots               189 us
[400.906s][info][gc,stats    ]   Roots                              82 us, parallelism: 1.38x
[400.906s][info][gc,stats    ]     CWR: <total>                    113 us
[400.906s][info][gc,stats    ]     CWR: Code Cache Roots            59 us, workers (us):  19,  40,   0, ---, ---, ---, 
[400.906s][info][gc,stats    ]     CWR: VM Weak Roots               53 us, workers (us):  23,  16,  15, ---, ---, ---, 
[400.906s][info][gc,stats    ]     CWR: CLDG Roots                   1 us, workers (us): ---, ---,   1, ---, ---, ---, 
[400.906s][info][gc,stats    ]   Rendezvous                         28 us
[400.906s][info][gc,stats    ] Concurrent Cleanup                   89 us
[400.906s][info][gc,stats    ] Concurrent Class Unloading          256 us
[400.906s][info][gc,stats    ]   Unlink Stale                      175 us
[400.906s][info][gc,stats    ]     System Dictionary                 1 us
[400.906s][info][gc,stats    ]     Weak Class Links                  0 us
[400.906s][info][gc,stats    ]     Code Roots                      173 us
[400.906s][info][gc,stats    ]   Rendezvous                         26 us
[400.906s][info][gc,stats    ]   Purge Unlinked                     23 us
[400.906s][info][gc,stats    ]     Code Roots                       20 us
[400.906s][info][gc,stats    ]     CLDG                              2 us
[400.906s][info][gc,stats    ]     Exception Caches                  0 us
[400.906s][info][gc,stats    ] Pause Final Roots (G)                49 us
[400.906s][info][gc,stats    ] Pause Final Roots (N)                26 us
[400.906s][info][gc,stats    ] Pacing                           225428 us
[400.906s][info][gc,stats    ] 
[400.906s][info][gc,stats    ] Allocation pacing accrued:
[400.906s][info][gc,stats    ]     225 of 11868 ms (  1.9%): main
[400.906s][info][gc,stats    ]     225 of 11868 ms (  1.9%): <total>
[400.906s][info][gc,stats    ]      17 of 11868 ms (  0.1%): <average total>
[400.906s][info][gc,stats    ]     225 of 11868 ms (  1.9%): <average non-zero>
[400.906s][info][gc,stats    ] 
[400.906s][info][gc,metaspace] Metaspace: 1069K(1280K)->1069K(1280K) NonClass: 987K(1088K)->987K(1088K) Class: 81K(192K)->81K(192K)
[400.906s][info][gc,ergo     ] Pacer for Idle. Initial: 41943K, Alloc Tax Rate: 1.0x
[412.578s][info][gc          ] Trigger: Free (203M) is below minimum threshold (204M)
[412.579s][info][gc,ergo     ] Free: 203M, Max: 1024K regular, 194M humongous, Frag: 5% external, 0% internal; Reserve: 103M, Max: 1024K
[412.579s][info][gc,start    ] GC(38) Concurrent reset
[412.579s][info][gc,task     ] GC(38) Using 3 of 6 workers for concurrent reset
[412.579s][info][gc,ergo     ] GC(38) Pacer for Reset. Non-Taxable: 2048M
[412.579s][info][gc          ] GC(38) Concurrent reset 0.313ms
[412.579s][info][gc,start    ] GC(38) Pause Init Mark (unload classes)
[412.579s][info][gc,task     ] GC(38) Using 6 of 6 workers for init marking
[412.579s][info][gc,ergo     ] GC(38) Pacer for Mark. Expected Live: 80672K, Free: 203M, Non-Taxable: 20880K, Alloc Tax Rate: 0.5x
[412.579s][info][gc          ] GC(38) Pause Init Mark (unload classes) 0.107ms
[412.579s][info][gc,start    ] GC(38) Concurrent marking roots
[412.579s][info][gc,task     ] GC(38) Using 3 of 6 workers for concurrent marking roots
[412.579s][info][gc          ] GC(38) Concurrent marking roots 0.312ms
[412.579s][info][gc,start    ] GC(38) Concurrent marking (unload classes)
[412.579s][info][gc,task     ] GC(38) Using 3 of 6 workers for concurrent marking
[412.580s][info][gc          ] GC(38) Concurrent marking (unload classes) 0.692ms
[412.580s][info][gc,start    ] GC(38) Pause Final Mark (unload classes)
[412.580s][info][gc,task     ] GC(38) Using 6 of 6 workers for final marking
[412.580s][info][gc,ergo     ] GC(38) Collectable Garbage: 1474M (99%), Immediate: 1474M (99%), CSet: 0B (0%)
[412.580s][info][gc          ] GC(38) Pause Final Mark (unload classes) 0.158ms
[412.580s][info][gc,start    ] GC(38) Concurrent weak references
[412.580s][info][gc,task     ] GC(38) Using 3 of 6 workers for concurrent weak references
[412.580s][info][gc,ref      ] GC(38) Encountered references: Soft: 45, Weak: 116, Final: 0, Phantom: 7
[412.580s][info][gc,ref      ] GC(38) Discovered  references: Soft: 0, Weak: 72, Final: 0, Phantom: 5
[412.580s][info][gc,ref      ] GC(38) Enqueued    references: Soft: 0, Weak: 0, Final: 0, Phantom: 0
[412.580s][info][gc          ] GC(38) Concurrent weak references 0.077ms
[412.580s][info][gc,start    ] GC(38) Concurrent weak roots
[412.580s][info][gc,task     ] GC(38) Using 3 of 6 workers for concurrent weak root
[412.581s][info][gc          ] GC(38) Concurrent weak roots 0.127ms
[412.581s][info][gc,start    ] GC(38) Concurrent cleanup
[412.581s][info][gc          ] GC(38) Concurrent cleanup 1646M->172M(2048M) 0.076ms
[412.581s][info][gc,ergo     ] GC(38) Free: 1768M, Max: 1024K regular, 1224M humongous, Frag: 31% external, 0% internal; Reserve: 103M, Max: 1024K
[412.581s][info][gc,start    ] GC(38) Concurrent class unloading
[412.581s][info][gc,task     ] GC(38) Using 3 of 6 workers for concurrent class unloading
[412.581s][info][gc          ] GC(38) Concurrent class unloading 0.234ms
[412.581s][info][gc,start    ] GC(38) Pause Final Roots
[412.581s][info][gc          ] GC(38) Pause Final Roots 0.073ms
[412.581s][info][gc,ergo     ] Free: 1768M, Max: 1024K regular, 1224M humongous, Frag: 31% external, 0% internal; Reserve: 103M, Max: 1024K
[412.581s][info][gc,stats    ] 
[412.581s][info][gc,stats    ] All times are wall-clock times, except per-root-class counters, that are sum over
[412.581s][info][gc,stats    ] all workers. Dividing the <total> over the root stage time estimates parallelism.
[412.581s][info][gc,stats    ] 
[412.581s][info][gc,stats    ] Concurrent Reset                    343 us
[412.581s][info][gc,stats    ] Pause Init Mark (G)                 154 us
[412.581s][info][gc,stats    ] Pause Init Mark (N)                 118 us
[412.581s][info][gc,stats    ]   Update Region States               29 us
[412.581s][info][gc,stats    ] Concurrent Mark Roots               328 us, parallelism: 1.24x
[412.581s][info][gc,stats    ]   CMR: <total>                      405 us
[412.581s][info][gc,stats    ]   CMR: Thread Roots                 368 us, workers (us):  36, 259,  73, ---, ---, ---, 
[412.581s][info][gc,stats    ]   CMR: VM Strong Roots                5 us, workers (us):   4,   0,   0, ---, ---, ---, 
[412.581s][info][gc,stats    ]   CMR: CLDG Roots                    32 us, workers (us):  32, ---, ---, ---, ---, ---, 
[412.581s][info][gc,stats    ] Concurrent Marking                  712 us
[412.581s][info][gc,stats    ] Pause Final Mark (G)                208 us
[412.581s][info][gc,stats    ] Pause Final Mark (N)                169 us
[412.581s][info][gc,stats    ]   Finish Mark                        24 us
[412.581s][info][gc,stats    ]   Update Region States               30 us
[412.581s][info][gc,stats    ]   Choose Collection Set              58 us
[412.581s][info][gc,stats    ]   Rebuild Free Set                    8 us
[412.581s][info][gc,stats    ] Concurrent Weak References           86 us, parallelism: 0.05x
[412.581s][info][gc,stats    ]   CWRF: <total>                       4 us
[412.581s][info][gc,stats    ]   CWRF: Weak References               4 us, workers (us):   3,   1,   0, ---, ---, ---, 
[412.581s][info][gc,stats    ] Concurrent Weak Roots               142 us
[412.581s][info][gc,stats    ]   Roots                              84 us, parallelism: 1.35x
[412.581s][info][gc,stats    ]     CWR: <total>                    113 us
[412.581s][info][gc,stats    ]     CWR: Code Cache Roots            63 us, workers (us):  21,   0,  41, ---, ---, ---, 
[412.581s][info][gc,stats    ]     CWR: VM Weak Roots               50 us, workers (us):  17,  16,  16, ---, ---, ---, 
[412.581s][info][gc,stats    ]     CWR: CLDG Roots                   1 us, workers (us): ---,   1, ---, ---, ---, ---, 
[412.581s][info][gc,stats    ]   Rendezvous                         27 us
[412.581s][info][gc,stats    ] Concurrent Cleanup                   86 us
[412.581s][info][gc,stats    ] Concurrent Class Unloading          252 us
[412.581s][info][gc,stats    ]   Unlink Stale                      162 us
[412.581s][info][gc,stats    ]     System Dictionary                 1 us
[412.581s][info][gc,stats    ]     Weak Class Links                  0 us
[412.581s][info][gc,stats    ]     Code Roots                      160 us
[412.581s][info][gc,stats    ]   Rendezvous                         31 us
[412.581s][info][gc,stats    ]   Purge Unlinked                     23 us
[412.581s][info][gc,stats    ]     Code Roots                       20 us
[412.581s][info][gc,stats    ]     CLDG                              3 us
[412.581s][info][gc,stats    ]     Exception Caches                  0 us
[412.581s][info][gc,stats    ] Pause Final Roots (G)               111 us
[412.581s][info][gc,stats    ] Pause Final Roots (N)                86 us
[412.581s][info][gc,stats    ] Pacing                           214971 us
[412.581s][info][gc,stats    ] 
[412.581s][info][gc,stats    ] Allocation pacing accrued:
[412.581s][info][gc,stats    ]     215 of 11675 ms (  1.8%): main
[412.581s][info][gc,stats    ]     215 of 11675 ms (  1.8%): <total>
[412.582s][info][gc,stats    ]      17 of 11675 ms (  0.1%): <average total>
[412.582s][info][gc,stats    ]     215 of 11675 ms (  1.8%): <average non-zero>
[412.582s][info][gc,stats    ] 
[412.582s][info][gc,metaspace] Metaspace: 1069K(1280K)->1069K(1280K) NonClass: 987K(1088K)->987K(1088K) Class: 81K(192K)->81K(192K)
[412.582s][info][gc,ergo     ] Pacer for Idle. Initial: 41943K, Alloc Tax Rate: 1.0x
[423.472s][info][gc          ] Trigger: Free (167M) is below minimum threshold (204M)
[423.472s][info][gc,ergo     ] Free: 167M, Max: 1024K regular, 95232K humongous, Frag: 45% external, 0% internal; Reserve: 103M, Max: 1024K
[423.472s][info][gc,start    ] GC(39) Concurrent reset
[423.472s][info][gc,task     ] GC(39) Using 3 of 6 workers for concurrent reset
[423.472s][info][gc,ergo     ] GC(39) Pacer for Reset. Non-Taxable: 2048M
[423.472s][info][gc          ] GC(39) Concurrent reset 0.282ms
[423.472s][info][gc,start    ] GC(39) Pause Init Mark (unload classes)
[423.472s][info][gc,task     ] GC(39) Using 6 of 6 workers for init marking
[423.473s][info][gc,ergo     ] GC(39) Pacer for Mark. Expected Live: 91936K, Free: 167M, Non-Taxable: 17193K, Alloc Tax Rate: 0.7x
[423.473s][info][gc          ] GC(39) Pause Init Mark (unload classes) 0.073ms
[423.473s][info][gc,start    ] GC(39) Concurrent marking roots
[423.473s][info][gc,task     ] GC(39) Using 3 of 6 workers for concurrent marking roots
[423.473s][info][gc          ] GC(39) Concurrent marking roots 0.350ms
[423.473s][info][gc,start    ] GC(39) Concurrent marking (unload classes)
[423.473s][info][gc,task     ] GC(39) Using 3 of 6 workers for concurrent marking
[423.474s][info][gc          ] GC(39) Concurrent marking (unload classes) 0.830ms
[423.474s][info][gc,start    ] GC(39) Pause Final Mark (unload classes)
[423.474s][info][gc,task     ] GC(39) Using 6 of 6 workers for final marking
[423.474s][info][gc,ergo     ] GC(39) Collectable Garbage: 1472M (99%), Immediate: 1472M (99%), CSet: 0B (0%)
[423.474s][info][gc          ] GC(39) Pause Final Mark (unload classes) 0.206ms
[423.474s][info][gc,start    ] GC(39) Concurrent weak references
[423.474s][info][gc,task     ] GC(39) Using 3 of 6 workers for concurrent weak references
[423.474s][info][gc,ref      ] GC(39) Encountered references: Soft: 45, Weak: 116, Final: 0, Phantom: 7
[423.474s][info][gc,ref      ] GC(39) Discovered  references: Soft: 0, Weak: 95, Final: 0, Phantom: 5
[423.474s][info][gc,ref      ] GC(39) Enqueued    references: Soft: 0, Weak: 0, Final: 0, Phantom: 0
[423.474s][info][gc          ] GC(39) Concurrent weak references 0.078ms
[423.474s][info][gc,start    ] GC(39) Concurrent weak roots
[423.474s][info][gc,task     ] GC(39) Using 3 of 6 workers for concurrent weak root
[423.474s][info][gc          ] GC(39) Concurrent weak roots 0.130ms
[423.474s][info][gc,start    ] GC(39) Concurrent cleanup
[423.474s][info][gc          ] GC(39) Concurrent cleanup 1689M->217M(2048M) 0.075ms
[423.474s][info][gc,ergo     ] GC(39) Free: 1724M, Max: 1024K regular, 1275M humongous, Frag: 27% external, 0% internal; Reserve: 103M, Max: 1024K
[423.474s][info][gc,start    ] GC(39) Concurrent class unloading
[423.474s][info][gc,task     ] GC(39) Using 3 of 6 workers for concurrent class unloading
[423.475s][info][gc          ] GC(39) Concurrent class unloading 0.266ms
[423.475s][info][gc,start    ] GC(39) Pause Final Roots
[423.475s][info][gc          ] GC(39) Pause Final Roots 0.016ms
[423.475s][info][gc,ergo     ] Free: 1724M, Max: 1024K regular, 1275M humongous, Frag: 27% external, 0% internal; Reserve: 103M, Max: 1024K
[423.475s][info][gc,stats    ] 
[423.475s][info][gc,stats    ] All times are wall-clock times, except per-root-class counters, that are sum over
[423.475s][info][gc,stats    ] all workers. Dividing the <total> over the root stage time estimates parallelism.
[423.475s][info][gc,stats    ] 
[423.475s][info][gc,stats    ] Concurrent Reset                    301 us
[423.475s][info][gc,stats    ] Pause Init Mark (G)                 117 us
[423.475s][info][gc,stats    ] Pause Init Mark (N)                  81 us
[423.475s][info][gc,stats    ]   Update Region States               28 us
[423.475s][info][gc,stats    ] Concurrent Mark Roots               369 us, parallelism: 1.17x
[423.475s][info][gc,stats    ]   CMR: <total>                      433 us
[423.475s][info][gc,stats    ]   CMR: Thread Roots                 389 us, workers (us):  81, 262,  46, ---, ---, ---, 
[423.475s][info][gc,stats    ]   CMR: VM Strong Roots                6 us, workers (us):   2,   3,   1, ---, ---, ---, 
[423.475s][info][gc,stats    ]   CMR: CLDG Roots                    39 us, workers (us): ---, ---,  39, ---, ---, ---, 
[423.475s][info][gc,stats    ] Concurrent Marking                  848 us
[423.475s][info][gc,stats    ] Pause Final Mark (G)                257 us
[423.475s][info][gc,stats    ] Pause Final Mark (N)                216 us
[423.475s][info][gc,stats    ]   Finish Mark                        47 us
[423.475s][info][gc,stats    ]   Update Region States               68 us
[423.475s][info][gc,stats    ]   Choose Collection Set              56 us
[423.475s][info][gc,stats    ]   Rebuild Free Set                    8 us
[423.475s][info][gc,stats    ] Concurrent Weak References           86 us, parallelism: 0.06x
[423.475s][info][gc,stats    ]   CWRF: <total>                       5 us
[423.475s][info][gc,stats    ]   CWRF: Weak References               5 us, workers (us):   5,   0,   0, ---, ---, ---, 
[423.475s][info][gc,stats    ] Concurrent Weak Roots               150 us
[423.475s][info][gc,stats    ]   Roots                              83 us, parallelism: 1.28x
[423.475s][info][gc,stats    ]     CWR: <total>                    107 us
[423.475s][info][gc,stats    ]     CWR: Code Cache Roots            56 us, workers (us):  22,  35,   0, ---, ---, ---, 
[423.475s][info][gc,stats    ]     CWR: VM Weak Roots               49 us, workers (us):  25,  23,   0, ---, ---, ---, 
[423.475s][info][gc,stats    ]     CWR: CLDG Roots                   1 us, workers (us):   1, ---, ---, ---, ---, ---, 
[423.475s][info][gc,stats    ]   Rendezvous                         30 us
[423.475s][info][gc,stats    ] Concurrent Cleanup                   86 us
[423.475s][info][gc,stats    ] Concurrent Class Unloading          284 us
[423.475s][info][gc,stats    ]   Unlink Stale                      161 us
[423.475s][info][gc,stats    ]     System Dictionary                 1 us
[423.475s][info][gc,stats    ]     Weak Class Links                  0 us
[423.475s][info][gc,stats    ]     Code Roots                      159 us
[423.475s][info][gc,stats    ]   Rendezvous                         62 us
[423.475s][info][gc,stats    ]   Purge Unlinked                     26 us
[423.475s][info][gc,stats    ]     Code Roots                       22 us
[423.475s][info][gc,stats    ]     CLDG                              3 us
[423.475s][info][gc,stats    ]     Exception Caches                  0 us
[423.475s][info][gc,stats    ] Pause Final Roots (G)                52 us
[423.475s][info][gc,stats    ] Pause Final Roots (N)                25 us
[423.475s][info][gc,stats    ] Pacing                           212324 us
[423.475s][info][gc,stats    ] 
[423.475s][info][gc,stats    ] Allocation pacing accrued:
[423.475s][info][gc,stats    ]     212 of 10894 ms (  1.9%): main
[423.475s][info][gc,stats    ]     212 of 10894 ms (  1.9%): <total>
[423.475s][info][gc,stats    ]      16 of 10894 ms (  0.1%): <average total>
[423.475s][info][gc,stats    ]     212 of 10894 ms (  1.9%): <average non-zero>
[423.475s][info][gc,stats    ] 
[423.475s][info][gc,metaspace] Metaspace: 1069K(1280K)->1069K(1280K) NonClass: 987K(1088K)->987K(1088K) Class: 81K(192K)->81K(192K)
[423.475s][info][gc,ergo     ] Pacer for Idle. Initial: 41943K, Alloc Tax Rate: 1.0x
[434.905s][info][gc          ] Trigger: Free (135M) is below minimum threshold (204M)
[434.905s][info][gc,ergo     ] Free: 135M, Max: 1024K regular, 95232K humongous, Frag: 32% external, 0% internal; Reserve: 103M, Max: 1024K
[434.905s][info][gc,start    ] GC(40) Concurrent reset
[434.905s][info][gc,task     ] GC(40) Using 3 of 6 workers for concurrent reset
[434.905s][info][gc,ergo     ] GC(40) Pacer for Reset. Non-Taxable: 2048M
[434.906s][info][gc          ] GC(40) Concurrent reset 0.406ms
[434.906s][info][gc,start    ] GC(40) Pause Init Mark (unload classes)
[434.906s][info][gc,task     ] GC(40) Using 6 of 6 workers for init marking
[434.906s][info][gc,ergo     ] GC(40) Pacer for Mark. Expected Live: 109M, Free: 135M, Non-Taxable: 13917K, Alloc Tax Rate: 1.0x
[434.906s][info][gc          ] GC(40) Pause Init Mark (unload classes) 0.108ms
[434.906s][info][gc,start    ] GC(40) Concurrent marking roots
[434.906s][info][gc,task     ] GC(40) Using 3 of 6 workers for concurrent marking roots
[434.906s][info][gc          ] GC(40) Concurrent marking roots 0.305ms
[434.906s][info][gc,start    ] GC(40) Concurrent marking (unload classes)
[434.906s][info][gc,task     ] GC(40) Using 3 of 6 workers for concurrent marking
[434.907s][info][gc          ] GC(40) Concurrent marking (unload classes) 0.851ms
[434.907s][info][gc,start    ] GC(40) Pause Final Mark (unload classes)
[434.907s][info][gc,task     ] GC(40) Using 6 of 6 workers for final marking
[434.907s][info][gc,ergo     ] GC(40) Collectable Garbage: 1599M (99%), Immediate: 1599M (99%), CSet: 0B (0%)
[434.907s][info][gc          ] GC(40) Pause Final Mark (unload classes) 0.168ms
[434.908s][info][gc,start    ] GC(40) Concurrent weak references
[434.908s][info][gc,task     ] GC(40) Using 3 of 6 workers for concurrent weak references
[434.908s][info][gc,ref      ] GC(40) Encountered references: Soft: 45, Weak: 116, Final: 0, Phantom: 7
[434.908s][info][gc,ref      ] GC(40) Discovered  references: Soft: 0, Weak: 68, Final: 0, Phantom: 5
[434.908s][info][gc,ref      ] GC(40) Enqueued    references: Soft: 0, Weak: 0, Final: 0, Phantom: 0
[434.908s][info][gc          ] GC(40) Concurrent weak references 0.082ms
[434.908s][info][gc,start    ] GC(40) Concurrent weak roots
[434.908s][info][gc,task     ] GC(40) Using 3 of 6 workers for concurrent weak root
[434.908s][info][gc          ] GC(40) Concurrent weak roots 0.123ms
[434.908s][info][gc,start    ] GC(40) Concurrent cleanup
[434.908s][info][gc          ] GC(40) Concurrent cleanup 1717M->118M(2048M) 0.088ms
[434.908s][info][gc,ergo     ] GC(40) Free: 1823M, Max: 1024K regular, 1208M humongous, Frag: 34% external, 0% internal; Reserve: 103M, Max: 1024K
[434.908s][info][gc,start    ] GC(40) Concurrent class unloading
[434.908s][info][gc,task     ] GC(40) Using 3 of 6 workers for concurrent class unloading
[434.908s][info][gc          ] GC(40) Concurrent class unloading 0.229ms
[434.908s][info][gc,start    ] GC(40) Pause Final Roots
[434.908s][info][gc          ] GC(40) Pause Final Roots 0.016ms
[434.908s][info][gc,ergo     ] Free: 1823M, Max: 1024K regular, 1208M humongous, Frag: 34% external, 0% internal; Reserve: 103M, Max: 1024K
[434.908s][info][gc,stats    ] 
[434.908s][info][gc,stats    ] All times are wall-clock times, except per-root-class counters, that are sum over
[434.908s][info][gc,stats    ] all workers. Dividing the <total> over the root stage time estimates parallelism.
[434.908s][info][gc,stats    ] 
[434.908s][info][gc,stats    ] Concurrent Reset                    443 us
[434.908s][info][gc,stats    ] Pause Init Mark (G)                 166 us
[434.908s][info][gc,stats    ] Pause Init Mark (N)                 120 us
[434.908s][info][gc,stats    ]   Update Region States               39 us
[434.908s][info][gc,stats    ] Concurrent Mark Roots               325 us, parallelism: 1.32x
[434.908s][info][gc,stats    ]   CMR: <total>                      429 us
[434.908s][info][gc,stats    ]   CMR: Thread Roots                 370 us, workers (us): 194,  94,  82, ---, ---, ---, 
[434.908s][info][gc,stats    ]   CMR: VM Strong Roots                7 us, workers (us):   6,   0,   0, ---, ---, ---, 
[434.908s][info][gc,stats    ]   CMR: CLDG Roots                    53 us, workers (us):  53, ---, ---, ---, ---, ---, 
[434.908s][info][gc,stats    ] Concurrent Marking                  875 us
[434.908s][info][gc,stats    ] Pause Final Mark (G)                225 us
[434.908s][info][gc,stats    ] Pause Final Mark (N)                179 us
[434.908s][info][gc,stats    ]   Finish Mark                        28 us
[434.908s][info][gc,stats    ]   Update Region States               36 us
[434.908s][info][gc,stats    ]   Choose Collection Set              59 us
[434.908s][info][gc,stats    ]   Rebuild Free Set                    9 us
[434.908s][info][gc,stats    ] Concurrent Weak References           91 us, parallelism: 0.07x
[434.908s][info][gc,stats    ]   CWRF: <total>                       6 us
[434.908s][info][gc,stats    ]   CWRF: Weak References               6 us, workers (us):   6,   0,   0, ---, ---, ---, 
[434.908s][info][gc,stats    ] Concurrent Weak Roots               142 us
[434.908s][info][gc,stats    ]   Roots                              76 us, parallelism: 1.28x
[434.908s][info][gc,stats    ]     CWR: <total>                     97 us
[434.908s][info][gc,stats    ]     CWR: Code Cache Roots            52 us, workers (us):   0,  35,  17, ---, ---, ---, 
[434.908s][info][gc,stats    ]     CWR: VM Weak Roots               44 us, workers (us):  15,  15,  14, ---, ---, ---, 
[434.908s][info][gc,stats    ]     CWR: CLDG Roots                   1 us, workers (us):   1, ---, ---, ---, ---, ---, 
[434.908s][info][gc,stats    ]   Rendezvous                         30 us
[434.908s][info][gc,stats    ] Concurrent Cleanup                   99 us
[434.908s][info][gc,stats    ] Concurrent Class Unloading          246 us
[434.908s][info][gc,stats    ]   Unlink Stale                      161 us
[434.908s][info][gc,stats    ]     System Dictionary                 1 us
[434.908s][info][gc,stats    ]     Weak Class Links                  0 us
[434.909s][info][gc,stats    ]     Code Roots                      159 us
[434.909s][info][gc,stats    ]   Rendezvous                         27 us
[434.909s][info][gc,stats    ]   Purge Unlinked                     25 us
[434.909s][info][gc,stats    ]     Code Roots                       22 us
[434.909s][info][gc,stats    ]     CLDG                              3 us
[434.909s][info][gc,stats    ]     Exception Caches                  0 us
[434.909s][info][gc,stats    ] Pause Final Roots (G)                47 us
[434.909s][info][gc,stats    ] Pause Final Roots (N)                24 us
[434.909s][info][gc,stats    ] Pacing                           200050 us
[434.909s][info][gc,stats    ] 
[434.909s][info][gc,stats    ] Allocation pacing accrued:
[434.909s][info][gc,stats    ]     200 of 11433 ms (  1.7%): main
[434.909s][info][gc,stats    ]     200 of 11433 ms (  1.7%): <total>
[434.909s][info][gc,stats    ]      15 of 11433 ms (  0.1%): <average total>
[434.909s][info][gc,stats    ]     200 of 11433 ms (  1.7%): <average non-zero>
[434.909s][info][gc,stats    ] 
[434.909s][info][gc,metaspace] Metaspace: 1069K(1280K)->1069K(1280K) NonClass: 987K(1088K)->987K(1088K) Class: 81K(192K)->81K(192K)
[434.909s][info][gc,ergo     ] Pacer for Idle. Initial: 41943K, Alloc Tax Rate: 1.0x
[447.513s][info][gc          ] Trigger: Free (201M) is below minimum threshold (204M)
[447.513s][info][gc,ergo     ] Free: 201M, Max: 1024K regular, 180M humongous, Frag: 11% external, 0% internal; Reserve: 103M, Max: 1024K
[447.513s][info][gc,start    ] GC(41) Concurrent reset
[447.513s][info][gc,task     ] GC(41) Using 3 of 6 workers for concurrent reset
[447.513s][info][gc,ergo     ] GC(41) Pacer for Reset. Non-Taxable: 2048M
[447.514s][info][gc          ] GC(41) Concurrent reset 0.199ms
[447.514s][info][gc,start    ] GC(41) Pause Init Mark (unload classes)
[447.514s][info][gc,task     ] GC(41) Using 6 of 6 workers for init marking
[447.514s][info][gc,ergo     ] GC(41) Pacer for Mark. Expected Live: 128M, Free: 201M, Non-Taxable: 20675K, Alloc Tax Rate: 0.8x
[447.514s][info][gc          ] GC(41) Pause Init Mark (unload classes) 0.110ms
[447.514s][info][gc,start    ] GC(41) Concurrent marking roots
[447.514s][info][gc,task     ] GC(41) Using 3 of 6 workers for concurrent marking roots
[447.514s][info][gc          ] GC(41) Concurrent marking roots 0.258ms
[447.514s][info][gc,start    ] GC(41) Concurrent marking (unload classes)
[447.514s][info][gc,task     ] GC(41) Using 3 of 6 workers for concurrent marking
[447.515s][info][gc          ] GC(41) Concurrent marking (unload classes) 0.754ms
[447.515s][info][gc,start    ] GC(41) Pause Final Mark (unload classes)
[447.515s][info][gc,task     ] GC(41) Using 6 of 6 workers for final marking
[447.515s][info][gc,ergo     ] GC(41) Collectable Garbage: 1582M (99%), Immediate: 1582M (99%), CSet: 0B (0%)
[447.515s][info][gc          ] GC(41) Pause Final Mark (unload classes) 0.421ms
[447.515s][info][gc,start    ] GC(41) Concurrent weak references
[447.515s][info][gc,task     ] GC(41) Using 3 of 6 workers for concurrent weak references
[447.515s][info][gc,ref      ] GC(41) Encountered references: Soft: 45, Weak: 116, Final: 0, Phantom: 7
[447.515s][info][gc,ref      ] GC(41) Discovered  references: Soft: 0, Weak: 73, Final: 0, Phantom: 5
[447.515s][info][gc,ref      ] GC(41) Enqueued    references: Soft: 0, Weak: 0, Final: 0, Phantom: 0
[447.515s][info][gc          ] GC(41) Concurrent weak references 0.099ms
[447.515s][info][gc,start    ] GC(41) Concurrent weak roots
[447.515s][info][gc,task     ] GC(41) Using 3 of 6 workers for concurrent weak root
[447.516s][info][gc          ] GC(41) Concurrent weak roots 0.135ms
[447.516s][info][gc,start    ] GC(41) Concurrent cleanup
[447.516s][info][gc          ] GC(41) Concurrent cleanup 1640M->58M(2048M) 0.085ms
[447.516s][info][gc,ergo     ] GC(41) Free: 1881M, Max: 1024K regular, 1160M humongous, Frag: 39% external, 0% internal; Reserve: 103M, Max: 1024K
[447.516s][info][gc,start    ] GC(41) Concurrent class unloading
[447.516s][info][gc,task     ] GC(41) Using 3 of 6 workers for concurrent class unloading
[447.516s][info][gc          ] GC(41) Concurrent class unloading 0.283ms
[447.516s][info][gc,start    ] GC(41) Pause Final Roots
[447.516s][info][gc          ] GC(41) Pause Final Roots 0.017ms
[447.516s][info][gc,ergo     ] Free: 1881M, Max: 1024K regular, 1160M humongous, Frag: 39% external, 0% internal; Reserve: 103M, Max: 1024K
[447.516s][info][gc,stats    ] 
[447.516s][info][gc,stats    ] All times are wall-clock times, except per-root-class counters, that are sum over
[447.516s][info][gc,stats    ] all workers. Dividing the <total> over the root stage time estimates parallelism.
[447.516s][info][gc,stats    ] 
[447.516s][info][gc,stats    ] Concurrent Reset                    221 us
[447.516s][info][gc,stats    ] Pause Init Mark (G)                 157 us
[447.516s][info][gc,stats    ] Pause Init Mark (N)                 121 us
[447.516s][info][gc,stats    ]   Update Region States               58 us
[447.516s][info][gc,stats    ] Concurrent Mark Roots               272 us, parallelism: 1.25x
[447.516s][info][gc,stats    ]   CMR: <total>                      341 us
[447.516s][info][gc,stats    ]   CMR: Thread Roots                 307 us, workers (us):  36,  68, 203, ---, ---, ---, 
[447.516s][info][gc,stats    ]   CMR: VM Strong Roots                4 us, workers (us):   3,   0,   0, ---, ---, ---, 
[447.516s][info][gc,stats    ]   CMR: CLDG Roots                    30 us, workers (us):  30, ---, ---, ---, ---, ---, 
[447.516s][info][gc,stats    ] Concurrent Marking                  772 us
[447.516s][info][gc,stats    ] Pause Final Mark (G)                478 us
[447.516s][info][gc,stats    ] Pause Final Mark (N)                434 us
[447.516s][info][gc,stats    ]   Finish Mark                       197 us
[447.516s][info][gc,stats    ]   Update Region States               49 us
[447.516s][info][gc,stats    ]   Choose Collection Set             127 us
[447.516s][info][gc,stats    ]   Rebuild Free Set                   18 us
[447.516s][info][gc,stats    ] Concurrent Weak References          107 us, parallelism: 0.09x
[447.516s][info][gc,stats    ]   CWRF: <total>                      10 us
[447.516s][info][gc,stats    ]   CWRF: Weak References              10 us, workers (us):   8,   2,   0, ---, ---, ---, 
[447.516s][info][gc,stats    ] Concurrent Weak Roots               154 us
[447.516s][info][gc,stats    ]   Roots                              88 us, parallelism: 1.33x
[447.516s][info][gc,stats    ]     CWR: <total>                    117 us
[447.516s][info][gc,stats    ]     CWR: Code Cache Roots            65 us, workers (us):   0,  25,  39, ---, ---, ---, 
[447.516s][info][gc,stats    ]     CWR: VM Weak Roots               51 us, workers (us):  18,  17,  16, ---, ---, ---, 
[447.516s][info][gc,stats    ]     CWR: CLDG Roots                   1 us, workers (us):   1, ---, ---, ---, ---, ---, 
[447.516s][info][gc,stats    ]   Rendezvous                         30 us
[447.516s][info][gc,stats    ] Concurrent Cleanup                   95 us
[447.516s][info][gc,stats    ] Concurrent Class Unloading          304 us
[447.516s][info][gc,stats    ]   Unlink Stale                      190 us
[447.516s][info][gc,stats    ]     System Dictionary                 2 us
[447.516s][info][gc,stats    ]     Weak Class Links                  0 us
[447.516s][info][gc,stats    ]     Code Roots                      188 us
[447.516s][info][gc,stats    ]   Rendezvous                         38 us
[447.516s][info][gc,stats    ]   Purge Unlinked                     38 us
[447.516s][info][gc,stats    ]     Code Roots                       34 us
[447.516s][info][gc,stats    ]     CLDG                              4 us
[447.516s][info][gc,stats    ]     Exception Caches                  0 us
[447.516s][info][gc,stats    ] Pause Final Roots (G)                53 us
[447.516s][info][gc,stats    ] Pause Final Roots (N)                26 us
[447.516s][info][gc,stats    ] Pacing                           197784 us
[447.516s][info][gc,stats    ] 
[447.516s][info][gc,stats    ] Allocation pacing accrued:
[447.516s][info][gc,stats    ]     198 of 12608 ms (  1.6%): main
[447.516s][info][gc,stats    ]     198 of 12608 ms (  1.6%): <total>
[447.516s][info][gc,stats    ]      15 of 12608 ms (  0.1%): <average total>
[447.516s][info][gc,stats    ]     198 of 12608 ms (  1.6%): <average non-zero>
[447.516s][info][gc,stats    ] 
[447.516s][info][gc,metaspace] Metaspace: 1069K(1280K)->1069K(1280K) NonClass: 987K(1088K)->987K(1088K) Class: 81K(192K)->81K(192K)
[447.517s][info][gc,ergo     ] Pacer for Idle. Initial: 41943K, Alloc Tax Rate: 1.0x
[459.124s][info][gc          ] Trigger: Free (192M) is below minimum threshold (204M)
[459.124s][info][gc,ergo     ] Free: 192M, Max: 1024K regular, 180M humongous, Frag: 7% external, 0% internal; Reserve: 103M, Max: 1024K
[459.124s][info][gc,start    ] GC(42) Concurrent reset
[459.124s][info][gc,task     ] GC(42) Using 3 of 6 workers for concurrent reset
[459.124s][info][gc,ergo     ] GC(42) Pacer for Reset. Non-Taxable: 2048M
[459.124s][info][gc          ] GC(42) Concurrent reset 0.229ms
[459.124s][info][gc,start    ] GC(42) Pause Init Mark (unload classes)
[459.124s][info][gc,task     ] GC(42) Using 6 of 6 workers for init marking
[459.124s][info][gc,ergo     ] GC(42) Pacer for Mark. Expected Live: 120M, Free: 192M, Non-Taxable: 19753K, Alloc Tax Rate: 0.8x
[459.124s][info][gc          ] GC(42) Pause Init Mark (unload classes) 0.089ms
[459.124s][info][gc,start    ] GC(42) Concurrent marking roots
[459.124s][info][gc,task     ] GC(42) Using 3 of 6 workers for concurrent marking roots
[459.124s][info][gc          ] GC(42) Concurrent marking roots 0.243ms
[459.124s][info][gc,start    ] GC(42) Concurrent marking (unload classes)
[459.124s][info][gc,task     ] GC(42) Using 3 of 6 workers for concurrent marking
[459.125s][info][gc          ] GC(42) Concurrent marking (unload classes) 0.940ms
[459.125s][info][gc,start    ] GC(42) Pause Final Mark (unload classes)
[459.125s][info][gc,task     ] GC(42) Using 6 of 6 workers for final marking
[459.126s][info][gc,ergo     ] GC(42) Collectable Garbage: 1555M (99%), Immediate: 1555M (99%), CSet: 0B (0%)
[459.126s][info][gc          ] GC(42) Pause Final Mark (unload classes) 0.196ms
[459.126s][info][gc,start    ] GC(42) Concurrent weak references
[459.126s][info][gc,task     ] GC(42) Using 3 of 6 workers for concurrent weak references
[459.126s][info][gc,ref      ] GC(42) Encountered references: Soft: 45, Weak: 116, Final: 0, Phantom: 7
[459.126s][info][gc,ref      ] GC(42) Discovered  references: Soft: 0, Weak: 78, Final: 0, Phantom: 5
[459.126s][info][gc,ref      ] GC(42) Enqueued    references: Soft: 0, Weak: 0, Final: 0, Phantom: 0
[459.126s][info][gc          ] GC(42) Concurrent weak references 0.096ms
[459.126s][info][gc,start    ] GC(42) Concurrent weak roots
[459.126s][info][gc,task     ] GC(42) Using 3 of 6 workers for concurrent weak root
[459.126s][info][gc          ] GC(42) Concurrent weak roots 0.163ms
[459.126s][info][gc,start    ] GC(42) Concurrent cleanup
[459.126s][info][gc          ] GC(42) Concurrent cleanup 1657M->102M(2048M) 0.097ms
[459.126s][info][gc,ergo     ] GC(42) Free: 1837M, Max: 1024K regular, 1181M humongous, Frag: 36% external, 0% internal; Reserve: 103M, Max: 1024K
[459.126s][info][gc,start    ] GC(42) Concurrent class unloading
[459.126s][info][gc,task     ] GC(42) Using 3 of 6 workers for concurrent class unloading
[459.126s][info][gc          ] GC(42) Concurrent class unloading 0.305ms
[459.126s][info][gc,start    ] GC(42) Pause Final Roots
[459.126s][info][gc          ] GC(42) Pause Final Roots 0.020ms
[459.126s][info][gc,ergo     ] Free: 1837M, Max: 1024K regular, 1181M humongous, Frag: 36% external, 0% internal; Reserve: 103M, Max: 1024K
[459.127s][info][gc,stats    ] 
[459.127s][info][gc,stats    ] All times are wall-clock times, except per-root-class counters, that are sum over
[459.127s][info][gc,stats    ] all workers. Dividing the <total> over the root stage time estimates parallelism.
[459.127s][info][gc,stats    ] 
[459.127s][info][gc,stats    ] Concurrent Reset                    250 us
[459.127s][info][gc,stats    ] Pause Init Mark (G)                 133 us
[459.127s][info][gc,stats    ] Pause Init Mark (N)                  99 us
[459.127s][info][gc,stats    ]   Update Region States               35 us
[459.127s][info][gc,stats    ] Concurrent Mark Roots               267 us, parallelism: 1.24x
[459.127s][info][gc,stats    ]   CMR: <total>                      330 us
[459.127s][info][gc,stats    ]   CMR: Thread Roots                 296 us, workers (us):  35,  68, 193, ---, ---, ---, 
[459.127s][info][gc,stats    ]   CMR: VM Strong Roots                4 us, workers (us):   2,   2,   0, ---, ---, ---, 
[459.127s][info][gc,stats    ]   CMR: CLDG Roots                    30 us, workers (us):  30, ---, ---, ---, ---, ---, 
[459.127s][info][gc,stats    ] Concurrent Marking                  970 us
[459.127s][info][gc,stats    ] Pause Final Mark (G)                255 us
[459.127s][info][gc,stats    ] Pause Final Mark (N)                208 us
[459.127s][info][gc,stats    ]   Finish Mark                        44 us
[459.127s][info][gc,stats    ]   Update Region States               46 us
[459.127s][info][gc,stats    ]   Choose Collection Set              61 us
[459.127s][info][gc,stats    ]   Rebuild Free Set                   11 us
[459.127s][info][gc,stats    ] Concurrent Weak References          105 us, parallelism: 0.09x
[459.127s][info][gc,stats    ]   CWRF: <total>                      10 us
[459.127s][info][gc,stats    ]   CWRF: Weak References              10 us, workers (us):   8,   2,   0, ---, ---, ---, 
[459.127s][info][gc,stats    ] Concurrent Weak Roots               182 us
[459.127s][info][gc,stats    ]   Roots                             106 us, parallelism: 1.37x
[459.127s][info][gc,stats    ]     CWR: <total>                    145 us
[459.127s][info][gc,stats    ]     CWR: Code Cache Roots            84 us, workers (us):  57,   0,  27, ---, ---, ---, 
[459.127s][info][gc,stats    ]     CWR: VM Weak Roots               60 us, workers (us):  25,  19,  16, ---, ---, ---, 
[459.127s][info][gc,stats    ]     CWR: CLDG Roots                   1 us, workers (us): ---,   1, ---, ---, ---, ---, 
[459.127s][info][gc,stats    ]   Rendezvous                         40 us
[459.127s][info][gc,stats    ] Concurrent Cleanup                  111 us
[459.127s][info][gc,stats    ] Concurrent Class Unloading          321 us
[459.127s][info][gc,stats    ]   Unlink Stale                      214 us
[459.127s][info][gc,stats    ]     System Dictionary                 2 us
[459.127s][info][gc,stats    ]     Weak Class Links                  0 us
[459.127s][info][gc,stats    ]     Code Roots                      211 us
[459.127s][info][gc,stats    ]   Rendezvous                         33 us
[459.127s][info][gc,stats    ]   Purge Unlinked                     34 us
[459.127s][info][gc,stats    ]     Code Roots                       31 us
[459.127s][info][gc,stats    ]     CLDG                              2 us
[459.127s][info][gc,stats    ]     Exception Caches                  0 us
[459.127s][info][gc,stats    ] Pause Final Roots (G)                61 us
[459.127s][info][gc,stats    ] Pause Final Roots (N)                30 us
[459.127s][info][gc,stats    ] Pacing                           244968 us
[459.127s][info][gc,stats    ] 
[459.127s][info][gc,stats    ] Allocation pacing accrued:
[459.127s][info][gc,stats    ]     245 of 11610 ms (  2.1%): main
[459.127s][info][gc,stats    ]     245 of 11610 ms (  2.1%): <total>
[459.127s][info][gc,stats    ]      19 of 11610 ms (  0.2%): <average total>
[459.127s][info][gc,stats    ]     245 of 11610 ms (  2.1%): <average non-zero>
[459.127s][info][gc,stats    ] 
[459.127s][info][gc,metaspace] Metaspace: 1069K(1280K)->1069K(1280K) NonClass: 987K(1088K)->987K(1088K) Class: 81K(192K)->81K(192K)
[459.127s][info][gc,ergo     ] Pacer for Idle. Initial: 41943K, Alloc Tax Rate: 1.0x
[470.565s][info][gc          ] Trigger: Free (199M) is below minimum threshold (204M)
[470.565s][info][gc,ergo     ] Free: 199M, Max: 1024K regular, 151M humongous, Frag: 25% external, 0% internal; Reserve: 103M, Max: 1024K
[470.565s][info][gc,start    ] GC(43) Concurrent reset
[470.565s][info][gc,task     ] GC(43) Using 3 of 6 workers for concurrent reset
[470.565s][info][gc,ergo     ] GC(43) Pacer for Reset. Non-Taxable: 2048M
[470.566s][info][gc          ] GC(43) Concurrent reset 0.184ms
[470.566s][info][gc,start    ] GC(43) Pause Init Mark (unload classes)
[470.566s][info][gc,task     ] GC(43) Using 6 of 6 workers for init marking
[470.566s][info][gc,ergo     ] GC(43) Pacer for Mark. Expected Live: 122M, Free: 199M, Non-Taxable: 20470K, Alloc Tax Rate: 0.8x
[470.566s][info][gc          ] GC(43) Pause Init Mark (unload classes) 0.076ms
[470.566s][info][gc,start    ] GC(43) Concurrent marking roots
[470.566s][info][gc,task     ] GC(43) Using 3 of 6 workers for concurrent marking roots
[470.566s][info][gc          ] GC(43) Concurrent marking roots 0.323ms
[470.566s][info][gc,start    ] GC(43) Concurrent marking (unload classes)
[470.566s][info][gc,task     ] GC(43) Using 3 of 6 workers for concurrent marking
[470.567s][info][gc          ] GC(43) Concurrent marking (unload classes) 0.796ms
[470.567s][info][gc,start    ] GC(43) Pause Final Mark (unload classes)
[470.567s][info][gc,task     ] GC(43) Using 6 of 6 workers for final marking
[470.567s][info][gc,ergo     ] GC(43) Collectable Garbage: 1559M (99%), Immediate: 1559M (99%), CSet: 0B (0%)
[470.567s][info][gc          ] GC(43) Pause Final Mark (unload classes) 0.155ms
[470.567s][info][gc,start    ] GC(43) Concurrent weak references
[470.567s][info][gc,task     ] GC(43) Using 3 of 6 workers for concurrent weak references
[470.567s][info][gc,ref      ] GC(43) Encountered references: Soft: 45, Weak: 116, Final: 0, Phantom: 7
[470.567s][info][gc,ref      ] GC(43) Discovered  references: Soft: 0, Weak: 95, Final: 0, Phantom: 5
[470.567s][info][gc,ref      ] GC(43) Enqueued    references: Soft: 0, Weak: 0, Final: 0, Phantom: 0
[470.567s][info][gc          ] GC(43) Concurrent weak references 0.080ms
[470.567s][info][gc,start    ] GC(43) Concurrent weak roots
[470.567s][info][gc,task     ] GC(43) Using 3 of 6 workers for concurrent weak root
[470.567s][info][gc          ] GC(43) Concurrent weak roots 0.119ms
[470.567s][info][gc,start    ] GC(43) Concurrent cleanup
[470.567s][info][gc          ] GC(43) Concurrent cleanup 1651M->92M(2048M) 0.083ms
[470.567s][info][gc,ergo     ] GC(43) Free: 1848M, Max: 1024K regular, 1245M humongous, Frag: 33% external, 0% internal; Reserve: 103M, Max: 1024K
[470.567s][info][gc,start    ] GC(43) Concurrent class unloading
[470.567s][info][gc,task     ] GC(43) Using 3 of 6 workers for concurrent class unloading
[470.568s][info][gc          ] GC(43) Concurrent class unloading 0.251ms
[470.568s][info][gc,start    ] GC(43) Pause Final Roots
[470.568s][info][gc          ] GC(43) Pause Final Roots 0.022ms
[470.568s][info][gc,ergo     ] Free: 1848M, Max: 1024K regular, 1245M humongous, Frag: 33% external, 0% internal; Reserve: 103M, Max: 1024K
[470.568s][info][gc,stats    ] 
[470.568s][info][gc,stats    ] All times are wall-clock times, except per-root-class counters, that are sum over
[470.568s][info][gc,stats    ] all workers. Dividing the <total> over the root stage time estimates parallelism.
[470.568s][info][gc,stats    ] 
[470.568s][info][gc,stats    ] Concurrent Reset                    206 us
[470.568s][info][gc,stats    ] Pause Init Mark (G)                 128 us
[470.568s][info][gc,stats    ] Pause Init Mark (N)                  90 us
[470.568s][info][gc,stats    ]   Update Region States               19 us
[470.568s][info][gc,stats    ] Concurrent Mark Roots               346 us, parallelism: 1.26x
[470.568s][info][gc,stats    ]   CMR: <total>                      435 us
[470.568s][info][gc,stats    ]   CMR: Thread Roots                 386 us, workers (us):  84, 260,  42, ---, ---, ---, 
[470.568s][info][gc,stats    ]   CMR: VM Strong Roots                7 us, workers (us):   2,   3,   2, ---, ---, ---, 
[470.568s][info][gc,stats    ]   CMR: CLDG Roots                    42 us, workers (us): ---, ---,  42, ---, ---, ---, 
[470.568s][info][gc,stats    ] Concurrent Marking                  816 us
[470.568s][info][gc,stats    ] Pause Final Mark (G)                199 us
[470.568s][info][gc,stats    ] Pause Final Mark (N)                165 us
[470.568s][info][gc,stats    ]   Finish Mark                        30 us
[470.568s][info][gc,stats    ]   Update Region States               29 us
[470.568s][info][gc,stats    ]   Choose Collection Set              55 us
[470.568s][info][gc,stats    ]   Rebuild Free Set                    9 us
[470.568s][info][gc,stats    ] Concurrent Weak References           91 us, parallelism: 0.06x
[470.568s][info][gc,stats    ]   CWRF: <total>                       6 us
[470.568s][info][gc,stats    ]   CWRF: Weak References               6 us, workers (us):   5,   0,   0, ---, ---, ---, 
[470.568s][info][gc,stats    ] Concurrent Weak Roots               133 us
[470.568s][info][gc,stats    ]   Roots                              71 us, parallelism: 1.30x
[470.568s][info][gc,stats    ]     CWR: <total>                     93 us
[470.568s][info][gc,stats    ]     CWR: Code Cache Roots            49 us, workers (us):   0,  15,  33, ---, ---, ---, 
[470.568s][info][gc,stats    ]     CWR: VM Weak Roots               43 us, workers (us):  14,  15,  14, ---, ---, ---, 
[470.568s][info][gc,stats    ]     CWR: CLDG Roots                   1 us, workers (us):   1, ---, ---, ---, ---, ---, 
[470.568s][info][gc,stats    ]   Rendezvous                         28 us
[470.568s][info][gc,stats    ] Concurrent Cleanup                   93 us
[470.568s][info][gc,stats    ] Concurrent Class Unloading          275 us
[470.568s][info][gc,stats    ]   Unlink Stale                      162 us
[470.568s][info][gc,stats    ]     System Dictionary                 1 us
[470.568s][info][gc,stats    ]     Weak Class Links                  0 us
[470.568s][info][gc,stats    ]     Code Roots                      161 us
[470.568s][info][gc,stats    ]   Rendezvous                         29 us
[470.568s][info][gc,stats    ]   Purge Unlinked                     42 us
[470.568s][info][gc,stats    ]     Code Roots                       38 us
[470.568s][info][gc,stats    ]     CLDG                              4 us
[470.568s][info][gc,stats    ]     Exception Caches                  0 us
[470.568s][info][gc,stats    ] Pause Final Roots (G)                58 us
[470.568s][info][gc,stats    ] Pause Final Roots (N)                34 us
[470.568s][info][gc,stats    ] Pacing                           224146 us
[470.568s][info][gc,stats    ] 
[470.568s][info][gc,stats    ] Allocation pacing accrued:
[470.568s][info][gc,stats    ]     224 of 11441 ms (  2.0%): main
[470.568s][info][gc,stats    ]     224 of 11441 ms (  2.0%): <total>
[470.568s][info][gc,stats    ]      17 of 11441 ms (  0.2%): <average total>
[470.568s][info][gc,stats    ]     224 of 11441 ms (  2.0%): <average non-zero>
[470.568s][info][gc,stats    ] 
[470.568s][info][gc,metaspace] Metaspace: 1070K(1280K)->1070K(1280K) NonClass: 988K(1088K)->988K(1088K) Class: 81K(192K)->81K(192K)
[470.568s][info][gc,ergo     ] Pacer for Idle. Initial: 41943K, Alloc Tax Rate: 1.0x
[482.144s][info][gc          ] Trigger: Free (113M) is below minimum threshold (204M)
[482.144s][info][gc,ergo     ] Free: 113M, Max: 1024K regular, 51200K humongous, Frag: 56% external, 0% internal; Reserve: 103M, Max: 1024K
[482.144s][info][gc,start    ] GC(44) Concurrent reset
[482.144s][info][gc,task     ] GC(44) Using 3 of 6 workers for concurrent reset
[482.144s][info][gc,ergo     ] GC(44) Pacer for Reset. Non-Taxable: 2048M
[482.145s][info][gc          ] GC(44) Concurrent reset 0.206ms
[482.145s][info][gc,start    ] GC(44) Pause Init Mark (unload classes)
[482.145s][info][gc,task     ] GC(44) Using 6 of 6 workers for init marking
[482.145s][info][gc,ergo     ] GC(44) Pacer for Mark. Expected Live: 106M, Free: 113M, Non-Taxable: 11664K, Alloc Tax Rate: 1.1x
[482.145s][info][gc          ] GC(44) Pause Init Mark (unload classes) 0.107ms
[482.145s][info][gc,start    ] GC(44) Concurrent marking roots
[482.145s][info][gc,task     ] GC(44) Using 3 of 6 workers for concurrent marking roots
[482.145s][info][gc          ] GC(44) Concurrent marking roots 0.269ms
[482.145s][info][gc,start    ] GC(44) Concurrent marking (unload classes)
[482.145s][info][gc,task     ] GC(44) Using 3 of 6 workers for concurrent marking
[482.146s][info][gc          ] GC(44) Concurrent marking (unload classes) 0.751ms
[482.146s][info][gc,start    ] GC(44) Pause Final Mark (unload classes)
[482.146s][info][gc,task     ] GC(44) Using 6 of 6 workers for final marking
[482.146s][info][gc,ergo     ] GC(44) Collectable Garbage: 1564M (99%), Immediate: 1564M (99%), CSet: 0B (0%)
[482.146s][info][gc          ] GC(44) Pause Final Mark (unload classes) 0.210ms
[482.146s][info][gc,start    ] GC(44) Concurrent weak references
[482.146s][info][gc,task     ] GC(44) Using 3 of 6 workers for concurrent weak references
[482.146s][info][gc,ref      ] GC(44) Encountered references: Soft: 45, Weak: 116, Final: 0, Phantom: 7
[482.146s][info][gc,ref      ] GC(44) Discovered  references: Soft: 0, Weak: 95, Final: 0, Phantom: 5
[482.146s][info][gc,ref      ] GC(44) Enqueued    references: Soft: 0, Weak: 0, Final: 0, Phantom: 0
[482.146s][info][gc          ] GC(44) Concurrent weak references 0.083ms
[482.146s][info][gc,start    ] GC(44) Concurrent weak roots
[482.146s][info][gc,task     ] GC(44) Using 3 of 6 workers for concurrent weak root
[482.146s][info][gc          ] GC(44) Concurrent weak roots 0.159ms
[482.146s][info][gc,start    ] GC(44) Concurrent cleanup
[482.147s][info][gc          ] GC(44) Concurrent cleanup 1737M->173M(2048M) 0.082ms
[482.147s][info][gc,ergo     ] GC(44) Free: 1767M, Max: 1024K regular, 1236M humongous, Frag: 31% external, 0% internal; Reserve: 103M, Max: 1024K
[482.147s][info][gc,start    ] GC(44) Concurrent class unloading
[482.147s][info][gc,task     ] GC(44) Using 3 of 6 workers for concurrent class unloading
[482.147s][info][gc          ] GC(44) Concurrent class unloading 0.399ms
[482.147s][info][gc,start    ] GC(44) Pause Final Roots
[482.147s][info][gc          ] GC(44) Pause Final Roots 0.019ms
[482.147s][info][gc,ergo     ] Free: 1767M, Max: 1024K regular, 1236M humongous, Frag: 31% external, 0% internal; Reserve: 103M, Max: 1024K
[482.147s][info][gc,stats    ] 
[482.147s][info][gc,stats    ] All times are wall-clock times, except per-root-class counters, that are sum over
[482.147s][info][gc,stats    ] all workers. Dividing the <total> over the root stage time estimates parallelism.
[482.147s][info][gc,stats    ] 
[482.147s][info][gc,stats    ] Concurrent Reset                    227 us
[482.147s][info][gc,stats    ] Pause Init Mark (G)                 159 us
[482.147s][info][gc,stats    ] Pause Init Mark (N)                 117 us
[482.147s][info][gc,stats    ]   Update Region States               39 us
[482.147s][info][gc,stats    ] Concurrent Mark Roots               284 us, parallelism: 1.36x
[482.147s][info][gc,stats    ]   CMR: <total>                      385 us
[482.147s][info][gc,stats    ]   CMR: Thread Roots                 338 us, workers (us): 214,  41,  82, ---, ---, ---, 
[482.147s][info][gc,stats    ]   CMR: VM Strong Roots                7 us, workers (us):   3,   2,   2, ---, ---, ---, 
[482.147s][info][gc,stats    ]   CMR: CLDG Roots                    40 us, workers (us): ---,  40, ---, ---, ---, ---, 
[482.147s][info][gc,stats    ] Concurrent Marking                  771 us
[482.147s][info][gc,stats    ] Pause Final Mark (G)                267 us
[482.147s][info][gc,stats    ] Pause Final Mark (N)                223 us
[482.147s][info][gc,stats    ]   Finish Mark                        27 us
[482.147s][info][gc,stats    ]   Update Region States               70 us
[482.147s][info][gc,stats    ]   Choose Collection Set              70 us
[482.147s][info][gc,stats    ]   Rebuild Free Set                   12 us
[482.147s][info][gc,stats    ] Concurrent Weak References           92 us, parallelism: 0.10x
[482.147s][info][gc,stats    ]   CWRF: <total>                       9 us
[482.147s][info][gc,stats    ]   CWRF: Weak References               9 us, workers (us):   7,   1,   0, ---, ---, ---, 
[482.147s][info][gc,stats    ] Concurrent Weak Roots               174 us
[482.147s][info][gc,stats    ]   Roots                             101 us, parallelism: 1.42x
[482.147s][info][gc,stats    ]     CWR: <total>                    143 us
[482.147s][info][gc,stats    ]     CWR: Code Cache Roots            77 us, workers (us):  48,   0,  29, ---, ---, ---, 
[482.147s][info][gc,stats    ]     CWR: VM Weak Roots               65 us, workers (us):  23,  22,  20, ---, ---, ---, 
[482.147s][info][gc,stats    ]     CWR: CLDG Roots                   1 us, workers (us): ---,   1, ---, ---, ---, ---, 
[482.147s][info][gc,stats    ]   Rendezvous                         34 us
[482.147s][info][gc,stats    ] Concurrent Cleanup                   92 us
[482.147s][info][gc,stats    ] Concurrent Class Unloading          415 us
[482.147s][info][gc,stats    ]   Unlink Stale                      173 us
[482.147s][info][gc,stats    ]     System Dictionary                 2 us
[482.147s][info][gc,stats    ]     Weak Class Links                  0 us
[482.147s][info][gc,stats    ]     Code Roots                      170 us
[482.147s][info][gc,stats    ]   Rendezvous                        162 us
[482.147s][info][gc,stats    ]   Purge Unlinked                     44 us
[482.147s][info][gc,stats    ]     Code Roots                       40 us
[482.147s][info][gc,stats    ]     CLDG                              3 us
[482.147s][info][gc,stats    ]     Exception Caches                  0 us
[482.147s][info][gc,stats    ] Pause Final Roots (G)                53 us
[482.147s][info][gc,stats    ] Pause Final Roots (N)                28 us
[482.147s][info][gc,stats    ] Pacing                           243981 us
[482.147s][info][gc,stats    ] 
[482.147s][info][gc,stats    ] Allocation pacing accrued:
[482.147s][info][gc,stats    ]     244 of 11579 ms (  2.1%): main
[482.147s][info][gc,stats    ]     244 of 11579 ms (  2.1%): <total>
[482.147s][info][gc,stats    ]      19 of 11579 ms (  0.2%): <average total>
[482.147s][info][gc,stats    ]     244 of 11579 ms (  2.1%): <average non-zero>
[482.147s][info][gc,stats    ] 
[482.147s][info][gc,metaspace] Metaspace: 1070K(1280K)->1070K(1280K) NonClass: 988K(1088K)->988K(1088K) Class: 81K(192K)->81K(192K)
[482.147s][info][gc,ergo     ] Pacer for Idle. Initial: 41943K, Alloc Tax Rate: 1.0x
[493.605s][info][gc          ] Trigger: Free (133M) is below minimum threshold (204M)
[493.605s][info][gc,ergo     ] Free: 133M, Max: 1024K regular, 51200K humongous, Frag: 63% external, 0% internal; Reserve: 103M, Max: 1024K
[493.605s][info][gc,start    ] GC(45) Concurrent reset
[493.605s][info][gc,task     ] GC(45) Using 3 of 6 workers for concurrent reset
[493.605s][info][gc,ergo     ] GC(45) Pacer for Reset. Non-Taxable: 2048M
[493.605s][info][gc          ] GC(45) Concurrent reset 0.288ms
[493.606s][info][gc,start    ] GC(45) Pause Init Mark (unload classes)
[493.606s][info][gc,task     ] GC(45) Using 6 of 6 workers for init marking
[493.606s][info][gc,ergo     ] GC(45) Pacer for Mark. Expected Live: 100333K, Free: 133M, Non-Taxable: 13712K, Alloc Tax Rate: 0.9x
[493.606s][info][gc          ] GC(45) Pause Init Mark (unload classes) 0.095ms
[493.606s][info][gc,start    ] GC(45) Concurrent marking roots
[493.606s][info][gc,task     ] GC(45) Using 3 of 6 workers for concurrent marking roots
[493.606s][info][gc          ] GC(45) Concurrent marking roots 0.282ms
[493.606s][info][gc,start    ] GC(45) Concurrent marking (unload classes)
[493.606s][info][gc,task     ] GC(45) Using 3 of 6 workers for concurrent marking
[493.607s][info][gc          ] GC(45) Concurrent marking (unload classes) 0.771ms
[493.607s][info][gc,start    ] GC(45) Pause Final Mark (unload classes)
[493.607s][info][gc,task     ] GC(45) Using 6 of 6 workers for final marking
[493.607s][info][gc,ergo     ] GC(45) Collectable Garbage: 1495M (99%), Immediate: 1495M (99%), CSet: 0B (0%)
[493.607s][info][gc          ] GC(45) Pause Final Mark (unload classes) 0.155ms
[493.607s][info][gc,start    ] GC(45) Concurrent weak references
[493.607s][info][gc,task     ] GC(45) Using 3 of 6 workers for concurrent weak references
[493.607s][info][gc,ref      ] GC(45) Encountered references: Soft: 45, Weak: 116, Final: 0, Phantom: 7
[493.607s][info][gc,ref      ] GC(45) Discovered  references: Soft: 0, Weak: 95, Final: 0, Phantom: 5
[493.607s][info][gc,ref      ] GC(45) Enqueued    references: Soft: 0, Weak: 0, Final: 0, Phantom: 0
[493.607s][info][gc          ] GC(45) Concurrent weak references 0.077ms
[493.607s][info][gc,start    ] GC(45) Concurrent weak roots
[493.607s][info][gc,task     ] GC(45) Using 3 of 6 workers for concurrent weak root
[493.607s][info][gc          ] GC(45) Concurrent weak roots 0.123ms
[493.607s][info][gc,start    ] GC(45) Concurrent cleanup
[493.607s][info][gc          ] GC(45) Concurrent cleanup 1718M->223M(2048M) 0.077ms
[493.607s][info][gc,ergo     ] GC(45) Free: 1717M, Max: 1024K regular, 1143M humongous, Frag: 34% external, 0% internal; Reserve: 103M, Max: 1024K
[493.607s][info][gc,start    ] GC(45) Concurrent class unloading
[493.607s][info][gc,task     ] GC(45) Using 3 of 6 workers for concurrent class unloading
[493.608s][info][gc          ] GC(45) Concurrent class unloading 0.229ms
[493.608s][info][gc,start    ] GC(45) Pause Final Roots
[493.608s][info][gc          ] GC(45) Pause Final Roots 0.016ms
[493.608s][info][gc,ergo     ] Free: 1717M, Max: 1024K regular, 1143M humongous, Frag: 34% external, 0% internal; Reserve: 103M, Max: 1024K
[493.608s][info][gc,stats    ] 
[493.608s][info][gc,stats    ] All times are wall-clock times, except per-root-class counters, that are sum over
[493.608s][info][gc,stats    ] all workers. Dividing the <total> over the root stage time estimates parallelism.
[493.608s][info][gc,stats    ] 
[493.608s][info][gc,stats    ] Concurrent Reset                    311 us
[493.608s][info][gc,stats    ] Pause Init Mark (G)                 169 us
[493.608s][info][gc,stats    ] Pause Init Mark (N)                 103 us
[493.608s][info][gc,stats    ]   Update Region States               51 us
[493.608s][info][gc,stats    ] Concurrent Mark Roots               300 us, parallelism: 1.14x
[493.608s][info][gc,stats    ]   CMR: <total>                      341 us
[493.608s][info][gc,stats    ]   CMR: Thread Roots                 302 us, workers (us): 194,  72,  36, ---, ---, ---, 
[493.608s][info][gc,stats    ]   CMR: VM Strong Roots                6 us, workers (us):   2,   2,   2, ---, ---, ---, 
[493.608s][info][gc,stats    ]   CMR: CLDG Roots                    34 us, workers (us): ---, ---,  34, ---, ---, ---, 
[493.608s][info][gc,stats    ] Concurrent Marking                  791 us
[493.608s][info][gc,stats    ] Pause Final Mark (G)                201 us
[493.608s][info][gc,stats    ] Pause Final Mark (N)                166 us
[493.608s][info][gc,stats    ]   Finish Mark                        30 us
[493.608s][info][gc,stats    ]   Update Region States               31 us
[493.608s][info][gc,stats    ]   Choose Collection Set              58 us
[493.608s][info][gc,stats    ]   Rebuild Free Set                    8 us
[493.608s][info][gc,stats    ] Concurrent Weak References           86 us, parallelism: 0.07x
[493.608s][info][gc,stats    ]   CWRF: <total>                       6 us
[493.608s][info][gc,stats    ]   CWRF: Weak References               6 us, workers (us):   4,   1,   0, ---, ---, ---, 
[493.608s][info][gc,stats    ] Concurrent Weak Roots               139 us
[493.608s][info][gc,stats    ]   Roots                              80 us, parallelism: 1.33x
[493.608s][info][gc,stats    ]     CWR: <total>                    107 us
[493.608s][info][gc,stats    ]     CWR: Code Cache Roots            58 us, workers (us):  39,  19,   0, ---, ---, ---, 
[493.608s][info][gc,stats    ]     CWR: VM Weak Roots               47 us, workers (us):  18,  15,  15, ---, ---, ---, 
[493.608s][info][gc,stats    ]     CWR: CLDG Roots                   1 us, workers (us): ---, ---,   1, ---, ---, ---, 
[493.608s][info][gc,stats    ]   Rendezvous                         26 us
[493.608s][info][gc,stats    ] Concurrent Cleanup                   87 us
[493.608s][info][gc,stats    ] Concurrent Class Unloading          248 us
[493.608s][info][gc,stats    ]   Unlink Stale                      156 us
[493.608s][info][gc,stats    ]     System Dictionary                 1 us
[493.608s][info][gc,stats    ]     Weak Class Links                  0 us
[493.608s][info][gc,stats    ]     Code Roots                      154 us
[493.608s][info][gc,stats    ]   Rendezvous                         27 us
[493.608s][info][gc,stats    ]   Purge Unlinked                     29 us
[493.608s][info][gc,stats    ]     Code Roots                       26 us
[493.608s][info][gc,stats    ]     CLDG                              3 us
[493.608s][info][gc,stats    ]     Exception Caches                  0 us
[493.608s][info][gc,stats    ] Pause Final Roots (G)                49 us
[493.608s][info][gc,stats    ] Pause Final Roots (N)                25 us
[493.608s][info][gc,stats    ] Pacing                           215856 us
[493.608s][info][gc,stats    ] 
[493.608s][info][gc,stats    ] Allocation pacing accrued:
[493.608s][info][gc,stats    ]     216 of 11461 ms (  1.9%): main
[493.608s][info][gc,stats    ]     216 of 11461 ms (  1.9%): <total>
[493.608s][info][gc,stats    ]      17 of 11461 ms (  0.1%): <average total>
[493.608s][info][gc,stats    ]     216 of 11461 ms (  1.9%): <average non-zero>
[493.608s][info][gc,stats    ] 
[493.608s][info][gc,metaspace] Metaspace: 1070K(1280K)->1070K(1280K) NonClass: 988K(1088K)->988K(1088K) Class: 81K(192K)->81K(192K)
[493.608s][info][gc,ergo     ] Pacer for Idle. Initial: 41943K, Alloc Tax Rate: 1.0x
[504.907s][info][gc          ] Trigger: Free (189M) is below minimum threshold (204M)
[504.907s][info][gc,ergo     ] Free: 189M, Max: 1024K regular, 150M humongous, Frag: 21% external, 0% internal; Reserve: 103M, Max: 1024K
[504.907s][info][gc,start    ] GC(46) Concurrent reset
[504.907s][info][gc,task     ] GC(46) Using 3 of 6 workers for concurrent reset
[504.907s][info][gc,ergo     ] GC(46) Pacer for Reset. Non-Taxable: 2048M
[504.907s][info][gc          ] GC(46) Concurrent reset 0.256ms
[504.907s][info][gc,start    ] GC(46) Pause Init Mark (unload classes)
[504.907s][info][gc,task     ] GC(46) Using 6 of 6 workers for init marking
[504.907s][info][gc,ergo     ] GC(46) Pacer for Mark. Expected Live: 118M, Free: 189M, Non-Taxable: 19446K, Alloc Tax Rate: 0.8x
[504.907s][info][gc          ] GC(46) Pause Init Mark (unload classes) 0.078ms
[504.907s][info][gc,start    ] GC(46) Concurrent marking roots
[504.907s][info][gc,task     ] GC(46) Using 3 of 6 workers for concurrent marking roots
[504.908s][info][gc          ] GC(46) Concurrent marking roots 0.257ms
[504.908s][info][gc,start    ] GC(46) Concurrent marking (unload classes)
[504.908s][info][gc,task     ] GC(46) Using 3 of 6 workers for concurrent marking
[504.908s][info][gc          ] GC(46) Concurrent marking (unload classes) 0.694ms
[504.908s][info][gc,start    ] GC(46) Pause Final Mark (unload classes)
[504.908s][info][gc,task     ] GC(46) Using 6 of 6 workers for final marking
[504.908s][info][gc,ergo     ] GC(46) Collectable Garbage: 1589M (99%), Immediate: 1589M (99%), CSet: 0B (0%)
[504.908s][info][gc          ] GC(46) Pause Final Mark (unload classes) 0.148ms
[504.909s][info][gc,start    ] GC(46) Concurrent weak references
[504.909s][info][gc,task     ] GC(46) Using 3 of 6 workers for concurrent weak references
[504.909s][info][gc,ref      ] GC(46) Encountered references: Soft: 45, Weak: 116, Final: 0, Phantom: 7
[504.909s][info][gc,ref      ] GC(46) Discovered  references: Soft: 0, Weak: 72, Final: 0, Phantom: 5
[504.909s][info][gc,ref      ] GC(46) Enqueued    references: Soft: 0, Weak: 0, Final: 0, Phantom: 0
[504.909s][info][gc          ] GC(46) Concurrent weak references 0.073ms
[504.909s][info][gc,start    ] GC(46) Concurrent weak roots
[504.909s][info][gc,task     ] GC(46) Using 3 of 6 workers for concurrent weak root
[504.909s][info][gc          ] GC(46) Concurrent weak roots 0.112ms
[504.909s][info][gc,start    ] GC(46) Concurrent cleanup
[504.909s][info][gc          ] GC(46) Concurrent cleanup 1663M->74M(2048M) 0.080ms
[504.909s][info][gc,ergo     ] GC(46) Free: 1866M, Max: 1024K regular, 1138M humongous, Frag: 40% external, 0% internal; Reserve: 103M, Max: 1024K
[504.909s][info][gc,start    ] GC(46) Concurrent class unloading
[504.909s][info][gc,task     ] GC(46) Using 3 of 6 workers for concurrent class unloading
[504.909s][info][gc          ] GC(46) Concurrent class unloading 0.206ms
[504.909s][info][gc,start    ] GC(46) Pause Final Roots
[504.909s][info][gc          ] GC(46) Pause Final Roots 0.014ms
[504.909s][info][gc,ergo     ] Free: 1866M, Max: 1024K regular, 1138M humongous, Frag: 40% external, 0% internal; Reserve: 103M, Max: 1024K
[504.909s][info][gc,stats    ] 
[504.909s][info][gc,stats    ] All times are wall-clock times, except per-root-class counters, that are sum over
[504.909s][info][gc,stats    ] all workers. Dividing the <total> over the root stage time estimates parallelism.
[504.909s][info][gc,stats    ] 
[504.909s][info][gc,stats    ] Concurrent Reset                    280 us
[504.909s][info][gc,stats    ] Pause Init Mark (G)                 153 us
[504.909s][info][gc,stats    ] Pause Init Mark (N)                  87 us
[504.909s][info][gc,stats    ]   Update Region States               29 us
[504.909s][info][gc,stats    ] Concurrent Mark Roots               272 us, parallelism: 1.35x
[504.909s][info][gc,stats    ]   CMR: <total>                      368 us
[504.909s][info][gc,stats    ]   CMR: Thread Roots                 331 us, workers (us):  43,  81, 206, ---, ---, ---, 
[504.909s][info][gc,stats    ]   CMR: VM Strong Roots                4 us, workers (us):   2,   2,   0, ---, ---, ---, 
[504.909s][info][gc,stats    ]   CMR: CLDG Roots                    33 us, workers (us):  33, ---, ---, ---, ---, ---, 
[504.909s][info][gc,stats    ] Concurrent Marking                  710 us
[504.909s][info][gc,stats    ] Pause Final Mark (G)                190 us
[504.909s][info][gc,stats    ] Pause Final Mark (N)                158 us
[504.909s][info][gc,stats    ]   Finish Mark                        30 us
[504.909s][info][gc,stats    ]   Update Region States               26 us
[504.909s][info][gc,stats    ]   Choose Collection Set              53 us
[504.909s][info][gc,stats    ]   Rebuild Free Set                    9 us
[504.909s][info][gc,stats    ] Concurrent Weak References           81 us, parallelism: 0.05x
[504.909s][info][gc,stats    ]   CWRF: <total>                       4 us
[504.909s][info][gc,stats    ]   CWRF: Weak References               4 us, workers (us):   3,   1,   0, ---, ---, ---, 
[504.909s][info][gc,stats    ] Concurrent Weak Roots               127 us
[504.909s][info][gc,stats    ]   Roots                              73 us, parallelism: 1.31x
[504.909s][info][gc,stats    ]     CWR: <total>                     95 us
[504.909s][info][gc,stats    ]     CWR: Code Cache Roots            52 us, workers (us):  17,  35,   0, ---, ---, ---, 
[504.909s][info][gc,stats    ]     CWR: VM Weak Roots               43 us, workers (us):  15,  14,  13, ---, ---, ---, 
[504.909s][info][gc,stats    ]     CWR: CLDG Roots                   1 us, workers (us): ---, ---,   1, ---, ---, ---, 
[504.909s][info][gc,stats    ]   Rendezvous                         23 us
[504.909s][info][gc,stats    ] Concurrent Cleanup                   90 us
[504.909s][info][gc,stats    ] Concurrent Class Unloading          220 us
[504.909s][info][gc,stats    ]   Unlink Stale                      147 us
[504.909s][info][gc,stats    ]     System Dictionary                 1 us
[504.909s][info][gc,stats    ]     Weak Class Links                  0 us
[504.909s][info][gc,stats    ]     Code Roots                      145 us
[504.909s][info][gc,stats    ]   Rendezvous                         19 us
[504.909s][info][gc,stats    ]   Purge Unlinked                     23 us
[504.909s][info][gc,stats    ]     Code Roots                       20 us
[504.909s][info][gc,stats    ]     CLDG                              3 us
[504.909s][info][gc,stats    ]     Exception Caches                  0 us
[504.909s][info][gc,stats    ] Pause Final Roots (G)                43 us
[504.909s][info][gc,stats    ] Pause Final Roots (N)                22 us
[504.909s][info][gc,stats    ] Pacing                           199336 us
[504.909s][info][gc,stats    ] 
[504.909s][info][gc,stats    ] Allocation pacing accrued:
[504.909s][info][gc,stats    ]     199 of 11302 ms (  1.8%): main
[504.910s][info][gc,stats    ]     199 of 11302 ms (  1.8%): <total>
[504.910s][info][gc,stats    ]      15 of 11302 ms (  0.1%): <average total>
[504.910s][info][gc,stats    ]     199 of 11302 ms (  1.8%): <average non-zero>
[504.910s][info][gc,stats    ] 
[504.910s][info][gc,metaspace] Metaspace: 1070K(1280K)->1070K(1280K) NonClass: 988K(1088K)->988K(1088K) Class: 81K(192K)->81K(192K)
[504.910s][info][gc,ergo     ] Pacer for Idle. Initial: 41943K, Alloc Tax Rate: 1.0x
[516.475s][info][gc          ] Trigger: Free (136M) is below minimum threshold (204M)
[516.475s][info][gc,ergo     ] Free: 136M, Max: 1024K regular, 51200K humongous, Frag: 64% external, 0% internal; Reserve: 103M, Max: 1024K
[516.475s][info][gc,start    ] GC(47) Concurrent reset
[516.475s][info][gc,task     ] GC(47) Using 3 of 6 workers for concurrent reset
[516.475s][info][gc,ergo     ] GC(47) Pacer for Reset. Non-Taxable: 2048M
[516.475s][info][gc          ] GC(47) Concurrent reset 0.225ms
[516.475s][info][gc,start    ] GC(47) Pause Init Mark (unload classes)
[516.475s][info][gc,task     ] GC(47) Using 6 of 6 workers for init marking
[516.475s][info][gc,ergo     ] GC(47) Pacer for Mark. Expected Live: 121M, Free: 136M, Non-Taxable: 14019K, Alloc Tax Rate: 1.1x
[516.475s][info][gc          ] GC(47) Pause Init Mark (unload classes) 0.096ms
[516.475s][info][gc,start    ] GC(47) Concurrent marking roots
[516.475s][info][gc,task     ] GC(47) Using 3 of 6 workers for concurrent marking roots
[516.476s][info][gc          ] GC(47) Concurrent marking roots 0.288ms
[516.476s][info][gc,start    ] GC(47) Concurrent marking (unload classes)
[516.476s][info][gc,task     ] GC(47) Using 3 of 6 workers for concurrent marking
[516.477s][info][gc          ] GC(47) Concurrent marking (unload classes) 0.765ms
[516.477s][info][gc,start    ] GC(47) Pause Final Mark (unload classes)
[516.477s][info][gc,task     ] GC(47) Using 6 of 6 workers for final marking
[516.477s][info][gc,ergo     ] GC(47) Collectable Garbage: 1584M (99%), Immediate: 1584M (99%), CSet: 0B (0%)
[516.477s][info][gc          ] GC(47) Pause Final Mark (unload classes) 0.199ms
[516.477s][info][gc,start    ] GC(47) Concurrent weak references
[516.477s][info][gc,task     ] GC(47) Using 3 of 6 workers for concurrent weak references
[516.477s][info][gc,ref      ] GC(47) Encountered references: Soft: 45, Weak: 116, Final: 0, Phantom: 7
[516.477s][info][gc,ref      ] GC(47) Discovered  references: Soft: 0, Weak: 72, Final: 0, Phantom: 5
[516.477s][info][gc,ref      ] GC(47) Enqueued    references: Soft: 0, Weak: 0, Final: 0, Phantom: 0
[516.477s][info][gc          ] GC(47) Concurrent weak references 0.096ms
[516.477s][info][gc,start    ] GC(47) Concurrent weak roots
[516.477s][info][gc,task     ] GC(47) Using 3 of 6 workers for concurrent weak root
[516.477s][info][gc          ] GC(47) Concurrent weak roots 0.122ms
[516.477s][info][gc,start    ] GC(47) Concurrent cleanup
[516.477s][info][gc          ] GC(47) Concurrent cleanup 1714M->130M(2048M) 0.081ms
[516.477s][info][gc,ergo     ] GC(47) Free: 1810M, Max: 1024K regular, 1099M humongous, Frag: 40% external, 0% internal; Reserve: 103M, Max: 1024K
[516.477s][info][gc,start    ] GC(47) Concurrent class unloading
[516.477s][info][gc,task     ] GC(47) Using 3 of 6 workers for concurrent class unloading
[516.477s][info][gc          ] GC(47) Concurrent class unloading 0.211ms
[516.477s][info][gc,start    ] GC(47) Pause Final Roots
[516.477s][info][gc          ] GC(47) Pause Final Roots 0.018ms
[516.477s][info][gc,ergo     ] Free: 1810M, Max: 1024K regular, 1099M humongous, Frag: 40% external, 0% internal; Reserve: 103M, Max: 1024K
[516.477s][info][gc,stats    ] 
[516.477s][info][gc,stats    ] All times are wall-clock times, except per-root-class counters, that are sum over
[516.478s][info][gc,stats    ] all workers. Dividing the <total> over the root stage time estimates parallelism.
[516.478s][info][gc,stats    ] 
[516.478s][info][gc,stats    ] Concurrent Reset                    248 us
[516.478s][info][gc,stats    ] Pause Init Mark (G)                 170 us
[516.478s][info][gc,stats    ] Pause Init Mark (N)                 107 us
[516.478s][info][gc,stats    ]   Update Region States               50 us
[516.478s][info][gc,stats    ] Concurrent Mark Roots               306 us, parallelism: 1.11x
[516.478s][info][gc,stats    ]   CMR: <total>                      340 us
[516.478s][info][gc,stats    ]   CMR: Thread Roots                 302 us, workers (us):  42, 201,  59, ---, ---, ---, 
[516.478s][info][gc,stats    ]   CMR: VM Strong Roots                4 us, workers (us):   2,   2,   0, ---, ---, ---, 
[516.478s][info][gc,stats    ]   CMR: CLDG Roots                    33 us, workers (us):  33, ---, ---, ---, ---, ---, 
[516.478s][info][gc,stats    ] Concurrent Marking                  798 us
[516.478s][info][gc,stats    ] Pause Final Mark (G)                279 us
[516.478s][info][gc,stats    ] Pause Final Mark (N)                209 us
[516.478s][info][gc,stats    ]   Finish Mark                        38 us
[516.478s][info][gc,stats    ]   Update Region States               64 us
[516.478s][info][gc,stats    ]   Choose Collection Set              59 us
[516.478s][info][gc,stats    ]   Rebuild Free Set                    8 us
[516.478s][info][gc,stats    ] Concurrent Weak References          105 us, parallelism: 0.05x
[516.478s][info][gc,stats    ]   CWRF: <total>                       5 us
[516.478s][info][gc,stats    ]   CWRF: Weak References               5 us, workers (us):   4,   1,   0, ---, ---, ---, 
[516.478s][info][gc,stats    ] Concurrent Weak Roots               140 us
[516.478s][info][gc,stats    ]   Roots                              69 us, parallelism: 1.39x
[516.478s][info][gc,stats    ]     CWR: <total>                     96 us
[516.478s][info][gc,stats    ]     CWR: Code Cache Roots            49 us, workers (us):  16,   0,  33, ---, ---, ---, 
[516.478s][info][gc,stats    ]     CWR: VM Weak Roots               46 us, workers (us):  16,  15,  15, ---, ---, ---, 
[516.478s][info][gc,stats    ]     CWR: CLDG Roots                   1 us, workers (us): ---,   1, ---, ---, ---, ---, 
[516.478s][info][gc,stats    ]   Rendezvous                         38 us
[516.478s][info][gc,stats    ] Concurrent Cleanup                   91 us
[516.478s][info][gc,stats    ] Concurrent Class Unloading          224 us
[516.478s][info][gc,stats    ]   Unlink Stale                      148 us
[516.478s][info][gc,stats    ]     System Dictionary                 1 us
[516.478s][info][gc,stats    ]     Weak Class Links                  0 us
[516.478s][info][gc,stats    ]     Code Roots                      147 us
[516.478s][info][gc,stats    ]   Rendezvous                         23 us
[516.478s][info][gc,stats    ]   Purge Unlinked                     22 us
[516.478s][info][gc,stats    ]     Code Roots                       20 us
[516.478s][info][gc,stats    ]     CLDG                              3 us
[516.478s][info][gc,stats    ]     Exception Caches                  0 us
[516.478s][info][gc,stats    ] Pause Final Roots (G)                48 us
[516.478s][info][gc,stats    ] Pause Final Roots (N)                27 us
[516.478s][info][gc,stats    ] Pacing                           242921 us
[516.478s][info][gc,stats    ] 
[516.478s][info][gc,stats    ] Allocation pacing accrued:
[516.478s][info][gc,stats    ]     243 of 11568 ms (  2.1%): main
[516.478s][info][gc,stats    ]     243 of 11568 ms (  2.1%): <total>
[516.478s][info][gc,stats    ]      19 of 11568 ms (  0.2%): <average total>
[516.478s][info][gc,stats    ]     243 of 11568 ms (  2.1%): <average non-zero>
[516.478s][info][gc,stats    ] 
[516.478s][info][gc,metaspace] Metaspace: 1070K(1280K)->1070K(1280K) NonClass: 988K(1088K)->988K(1088K) Class: 81K(192K)->81K(192K)
[516.478s][info][gc,ergo     ] Pacer for Idle. Initial: 41943K, Alloc Tax Rate: 1.0x
[527.921s][info][gc          ] Trigger: Free (191M) is below minimum threshold (204M)
[527.921s][info][gc,ergo     ] Free: 191M, Max: 1024K regular, 101M humongous, Frag: 48% external, 0% internal; Reserve: 103M, Max: 1024K
[527.921s][info][gc,start    ] GC(48) Concurrent reset
[527.921s][info][gc,task     ] GC(48) Using 3 of 6 workers for concurrent reset
[527.921s][info][gc,ergo     ] GC(48) Pacer for Reset. Non-Taxable: 2048M
[527.921s][info][gc          ] GC(48) Concurrent reset 0.222ms
[527.921s][info][gc,start    ] GC(48) Pause Init Mark (unload classes)
[527.921s][info][gc,task     ] GC(48) Using 6 of 6 workers for init marking
[527.921s][info][gc,ergo     ] GC(48) Pacer for Mark. Expected Live: 126M, Free: 191M, Non-Taxable: 19651K, Alloc Tax Rate: 0.8x
[527.921s][info][gc          ] GC(48) Pause Init Mark (unload classes) 0.109ms
[527.921s][info][gc,start    ] GC(48) Concurrent marking roots
[527.921s][info][gc,task     ] GC(48) Using 3 of 6 workers for concurrent marking roots
[527.922s][info][gc          ] GC(48) Concurrent marking roots 0.255ms
[527.922s][info][gc,start    ] GC(48) Concurrent marking (unload classes)
[527.922s][info][gc,task     ] GC(48) Using 3 of 6 workers for concurrent marking
[527.922s][info][gc          ] GC(48) Concurrent marking (unload classes) 0.740ms
[527.923s][info][gc,start    ] GC(48) Pause Final Mark (unload classes)
[527.923s][info][gc,task     ] GC(48) Using 6 of 6 workers for final marking
[527.923s][info][gc,ergo     ] GC(48) Collectable Garbage: 1521M (99%), Immediate: 1521M (99%), CSet: 0B (0%)
[527.923s][info][gc          ] GC(48) Pause Final Mark (unload classes) 0.252ms
[527.923s][info][gc,start    ] GC(48) Concurrent weak references
[527.923s][info][gc,task     ] GC(48) Using 3 of 6 workers for concurrent weak references
[527.923s][info][gc,ref      ] GC(48) Encountered references: Soft: 45, Weak: 116, Final: 0, Phantom: 7
[527.923s][info][gc,ref      ] GC(48) Discovered  references: Soft: 0, Weak: 68, Final: 0, Phantom: 5
[527.923s][info][gc,ref      ] GC(48) Enqueued    references: Soft: 0, Weak: 0, Final: 0, Phantom: 0
[527.923s][info][gc          ] GC(48) Concurrent weak references 0.105ms
[527.923s][info][gc,start    ] GC(48) Concurrent weak roots
[527.923s][info][gc,task     ] GC(48) Using 3 of 6 workers for concurrent weak root
[527.923s][info][gc          ] GC(48) Concurrent weak roots 0.120ms
[527.923s][info][gc,start    ] GC(48) Concurrent cleanup
[527.923s][info][gc          ] GC(48) Concurrent cleanup 1660M->139M(2048M) 0.078ms
[527.923s][info][gc,ergo     ] GC(48) Free: 1801M, Max: 1024K regular, 1045M humongous, Frag: 42% external, 0% internal; Reserve: 103M, Max: 1024K
[527.923s][info][gc,start    ] GC(48) Concurrent class unloading
[527.923s][info][gc,task     ] GC(48) Using 3 of 6 workers for concurrent class unloading
[527.923s][info][gc          ] GC(48) Concurrent class unloading 0.222ms
[527.923s][info][gc,start    ] GC(48) Pause Final Roots
[527.923s][info][gc          ] GC(48) Pause Final Roots 0.018ms
[527.923s][info][gc,ergo     ] Free: 1801M, Max: 1024K regular, 1045M humongous, Frag: 42% external, 0% internal; Reserve: 103M, Max: 1024K
[527.923s][info][gc,stats    ] 
[527.923s][info][gc,stats    ] All times are wall-clock times, except per-root-class counters, that are sum over
[527.923s][info][gc,stats    ] all workers. Dividing the <total> over the root stage time estimates parallelism.
[527.923s][info][gc,stats    ] 
[527.924s][info][gc,stats    ] Concurrent Reset                    244 us
[527.924s][info][gc,stats    ] Pause Init Mark (G)                 152 us
[527.924s][info][gc,stats    ] Pause Init Mark (N)                 118 us
[527.924s][info][gc,stats    ]   Update Region States               61 us
[527.924s][info][gc,stats    ] Concurrent Mark Roots               270 us, parallelism: 1.20x
[527.924s][info][gc,stats    ]   CMR: <total>                      323 us
[527.924s][info][gc,stats    ]   CMR: Thread Roots                 289 us, workers (us):  72,  36, 180, ---, ---, ---, 
[527.924s][info][gc,stats    ]   CMR: VM Strong Roots                4 us, workers (us):   3,   1,   0, ---, ---, ---, 
[527.924s][info][gc,stats    ]   CMR: CLDG Roots                    30 us, workers (us): ---,  30, ---, ---, ---, ---, 
[527.924s][info][gc,stats    ] Concurrent Marking                  758 us
[527.924s][info][gc,stats    ] Pause Final Mark (G)                298 us
[527.924s][info][gc,stats    ] Pause Final Mark (N)                262 us
[527.924s][info][gc,stats    ]   Finish Mark                        84 us
[527.924s][info][gc,stats    ]   Update Region States               67 us
[527.924s][info][gc,stats    ]   Choose Collection Set              61 us
[527.924s][info][gc,stats    ]   Rebuild Free Set                    8 us
[527.924s][info][gc,stats    ] Concurrent Weak References          113 us, parallelism: 0.03x
[527.924s][info][gc,stats    ]   CWRF: <total>                       4 us
[527.924s][info][gc,stats    ]   CWRF: Weak References               4 us, workers (us):   3,   1,   0, ---, ---, ---, 
[527.924s][info][gc,stats    ] Concurrent Weak Roots               135 us
[527.924s][info][gc,stats    ]   Roots                              73 us, parallelism: 1.33x
[527.924s][info][gc,stats    ]     CWR: <total>                     97 us
[527.924s][info][gc,stats    ]     CWR: Code Cache Roots            53 us, workers (us):   0,  36,  17, ---, ---, ---, 
[527.924s][info][gc,stats    ]     CWR: VM Weak Roots               43 us, workers (us):  15,  14,  14, ---, ---, ---, 
[527.924s][info][gc,stats    ]     CWR: CLDG Roots                   1 us, workers (us):   1, ---, ---, ---, ---, ---, 
[527.924s][info][gc,stats    ]   Rendezvous                         30 us
[527.924s][info][gc,stats    ] Concurrent Cleanup                   89 us
[527.924s][info][gc,stats    ] Concurrent Class Unloading          233 us
[527.924s][info][gc,stats    ]   Unlink Stale                      156 us
[527.924s][info][gc,stats    ]     System Dictionary                 1 us
[527.924s][info][gc,stats    ]     Weak Class Links                  0 us
[527.924s][info][gc,stats    ]     Code Roots                      155 us
[527.924s][info][gc,stats    ]   Rendezvous                         26 us
[527.924s][info][gc,stats    ]   Purge Unlinked                     23 us
[527.924s][info][gc,stats    ]     Code Roots                       20 us
[527.924s][info][gc,stats    ]     CLDG                              2 us
[527.924s][info][gc,stats    ]     Exception Caches                  0 us
[527.924s][info][gc,stats    ] Pause Final Roots (G)                51 us
[527.924s][info][gc,stats    ] Pause Final Roots (N)                27 us
[527.924s][info][gc,stats    ] Pacing                           215413 us
[527.924s][info][gc,stats    ] 
[527.924s][info][gc,stats    ] Allocation pacing accrued:
[527.924s][info][gc,stats    ]     215 of 11446 ms (  1.9%): main
[527.924s][info][gc,stats    ]     215 of 11446 ms (  1.9%): <total>
[527.924s][info][gc,stats    ]      17 of 11446 ms (  0.1%): <average total>
[527.924s][info][gc,stats    ]     215 of 11446 ms (  1.9%): <average non-zero>
[527.924s][info][gc,stats    ] 
[527.924s][info][gc,metaspace] Metaspace: 1070K(1280K)->1070K(1280K) NonClass: 988K(1088K)->988K(1088K) Class: 81K(192K)->81K(192K)
[527.924s][info][gc,ergo     ] Pacer for Idle. Initial: 41943K, Alloc Tax Rate: 1.0x
[539.645s][info][gc          ] Trigger: Free (202M) is below minimum threshold (204M)
[539.645s][info][gc,ergo     ] Free: 202M, Max: 1024K regular, 150M humongous, Frag: 26% external, 0% internal; Reserve: 103M, Max: 1024K
[539.645s][info][gc,start    ] GC(49) Concurrent reset
[539.645s][info][gc,task     ] GC(49) Using 3 of 6 workers for concurrent reset
[539.645s][info][gc,ergo     ] GC(49) Pacer for Reset. Non-Taxable: 2048M
[539.646s][info][gc          ] GC(49) Concurrent reset 0.259ms
[539.646s][info][gc,start    ] GC(49) Pause Init Mark (unload classes)
[539.646s][info][gc,task     ] GC(49) Using 6 of 6 workers for init marking
[539.646s][info][gc,ergo     ] GC(49) Pacer for Mark. Expected Live: 135M, Free: 202M, Non-Taxable: 20777K, Alloc Tax Rate: 0.8x
[539.646s][info][gc          ] GC(49) Pause Init Mark (unload classes) 0.090ms
[539.646s][info][gc,start    ] GC(49) Concurrent marking roots
[539.646s][info][gc,task     ] GC(49) Using 3 of 6 workers for concurrent marking roots
[539.646s][info][gc          ] GC(49) Concurrent marking roots 0.257ms
[539.646s][info][gc,start    ] GC(49) Concurrent marking (unload classes)
[539.646s][info][gc,task     ] GC(49) Using 3 of 6 workers for concurrent marking
[539.647s][info][gc          ] GC(49) Concurrent marking (unload classes) 0.680ms
[539.647s][info][gc,start    ] GC(49) Pause Final Mark (unload classes)
[539.647s][info][gc,task     ] GC(49) Using 6 of 6 workers for final marking
[539.647s][info][gc,ergo     ] GC(49) Collectable Garbage: 1592M (99%), Immediate: 1592M (99%), CSet: 0B (0%)
[539.647s][info][gc          ] GC(49) Pause Final Mark (unload classes) 0.173ms
[539.647s][info][gc,start    ] GC(49) Concurrent weak references
[539.647s][info][gc,task     ] GC(49) Using 3 of 6 workers for concurrent weak references
[539.647s][info][gc,ref      ] GC(49) Encountered references: Soft: 45, Weak: 116, Final: 0, Phantom: 7
[539.647s][info][gc,ref      ] GC(49) Discovered  references: Soft: 0, Weak: 71, Final: 0, Phantom: 5
[539.647s][info][gc,ref      ] GC(49) Enqueued    references: Soft: 0, Weak: 0, Final: 0, Phantom: 0
[539.647s][info][gc          ] GC(49) Concurrent weak references 0.079ms
[539.647s][info][gc,start    ] GC(49) Concurrent weak roots
[539.647s][info][gc,task     ] GC(49) Using 3 of 6 workers for concurrent weak root
[539.647s][info][gc          ] GC(49) Concurrent weak roots 0.115ms
[539.647s][info][gc,start    ] GC(49) Concurrent cleanup
[539.647s][info][gc          ] GC(49) Concurrent cleanup 1646M->54M(2048M) 0.081ms
[539.647s][info][gc,ergo     ] GC(49) Free: 1886M, Max: 1024K regular, 1026M humongous, Frag: 46% external, 0% internal; Reserve: 103M, Max: 1024K
[539.647s][info][gc,start    ] GC(49) Concurrent class unloading
[539.647s][info][gc,task     ] GC(49) Using 3 of 6 workers for concurrent class unloading
[539.648s][info][gc          ] GC(49) Concurrent class unloading 0.229ms
[539.648s][info][gc,start    ] GC(49) Pause Final Roots
[539.648s][info][gc          ] GC(49) Pause Final Roots 0.016ms
[539.648s][info][gc,ergo     ] Free: 1886M, Max: 1024K regular, 1026M humongous, Frag: 46% external, 0% internal; Reserve: 103M, Max: 1024K
[539.648s][info][gc,stats    ] 
[539.648s][info][gc,stats    ] All times are wall-clock times, except per-root-class counters, that are sum over
[539.648s][info][gc,stats    ] all workers. Dividing the <total> over the root stage time estimates parallelism.
[539.648s][info][gc,stats    ] 
[539.648s][info][gc,stats    ] Concurrent Reset                    279 us
[539.648s][info][gc,stats    ] Pause Init Mark (G)                 136 us
[539.648s][info][gc,stats    ] Pause Init Mark (N)                 100 us
[539.648s][info][gc,stats    ]   Update Region States               24 us
[539.648s][info][gc,stats    ] Concurrent Mark Roots               270 us, parallelism: 1.29x
[539.648s][info][gc,stats    ]   CMR: <total>                      347 us
[539.648s][info][gc,stats    ]   CMR: Thread Roots                 299 us, workers (us): 163,  75,  61, ---, ---, ---, 
[539.648s][info][gc,stats    ]   CMR: VM Strong Roots                5 us, workers (us):   2,   1,   2, ---, ---, ---, 
[539.648s][info][gc,stats    ]   CMR: CLDG Roots                    43 us, workers (us):  43, ---, ---, ---, ---, ---, 
[539.648s][info][gc,stats    ] Concurrent Marking                  695 us
[539.648s][info][gc,stats    ] Pause Final Mark (G)                214 us
[539.648s][info][gc,stats    ] Pause Final Mark (N)                183 us
[539.648s][info][gc,stats    ]   Finish Mark                        54 us
[539.648s][info][gc,stats    ]   Update Region States               27 us
[539.648s][info][gc,stats    ]   Choose Collection Set              54 us
[539.648s][info][gc,stats    ]   Rebuild Free Set                    8 us
[539.648s][info][gc,stats    ] Concurrent Weak References           90 us, parallelism: 0.05x
[539.648s][info][gc,stats    ]   CWRF: <total>                       4 us
[539.648s][info][gc,stats    ]   CWRF: Weak References               4 us, workers (us):   3,   1,   0, ---, ---, ---, 
[539.648s][info][gc,stats    ] Concurrent Weak Roots               132 us
[539.648s][info][gc,stats    ]   Roots                              71 us, parallelism: 1.34x
[539.648s][info][gc,stats    ]     CWR: <total>                     96 us
[539.648s][info][gc,stats    ]     CWR: Code Cache Roots            52 us, workers (us):  17,   0,  35, ---, ---, ---, 
[539.648s][info][gc,stats    ]     CWR: VM Weak Roots               42 us, workers (us):  15,  15,  13, ---, ---, ---, 
[539.648s][info][gc,stats    ]     CWR: CLDG Roots                   1 us, workers (us): ---,   1, ---, ---, ---, ---, 
[539.648s][info][gc,stats    ]   Rendezvous                         27 us
[539.648s][info][gc,stats    ] Concurrent Cleanup                   92 us
[539.648s][info][gc,stats    ] Concurrent Class Unloading          244 us
[539.648s][info][gc,stats    ]   Unlink Stale                      163 us
[539.648s][info][gc,stats    ]     System Dictionary                 1 us
[539.648s][info][gc,stats    ]     Weak Class Links                  0 us
[539.648s][info][gc,stats    ]     Code Roots                      161 us
[539.648s][info][gc,stats    ]   Rendezvous                         23 us
[539.648s][info][gc,stats    ]   Purge Unlinked                     26 us
[539.648s][info][gc,stats    ]     Code Roots                       23 us
[539.648s][info][gc,stats    ]     CLDG                              3 us
[539.648s][info][gc,stats    ]     Exception Caches                  0 us
[539.648s][info][gc,stats    ] Pause Final Roots (G)                47 us
[539.648s][info][gc,stats    ] Pause Final Roots (N)                25 us
[539.648s][info][gc,stats    ] Pacing                           199659 us
[539.648s][info][gc,stats    ] 
[539.648s][info][gc,stats    ] Allocation pacing accrued:
[539.648s][info][gc,stats    ]     200 of 11724 ms (  1.7%): main
[539.648s][info][gc,stats    ]     200 of 11724 ms (  1.7%): <total>
[539.648s][info][gc,stats    ]      15 of 11724 ms (  0.1%): <average total>
[539.648s][info][gc,stats    ]     200 of 11724 ms (  1.7%): <average non-zero>
[539.648s][info][gc,stats    ] 
[539.648s][info][gc,metaspace] Metaspace: 1070K(1280K)->1070K(1280K) NonClass: 988K(1088K)->988K(1088K) Class: 81K(192K)->81K(192K)
[539.648s][info][gc,ergo     ] Pacer for Idle. Initial: 41943K, Alloc Tax Rate: 1.0x
[551.714s][info][gc          ] Cancelling GC: Stopping VM
[551.729s][info][gc,heap,exit] Heap
[551.729s][info][gc,heap,exit] Shenandoah Heap
[551.729s][info][gc,heap,exit]  2048M max, 2048M soft max, 2048M committed, 1525M used
[551.729s][info][gc,heap,exit]  2048 x 1024K regions
[551.729s][info][gc,heap,exit] Status: cancelled
[551.729s][info][gc,heap,exit] Reserved region:
[551.729s][info][gc,heap,exit]  - [0x0000000080000000, 0x0000000100000000) 
[551.729s][info][gc,heap,exit] Collection set:
[551.729s][info][gc,heap,exit]  - map (vanilla): 0x0000000000010800
[551.729s][info][gc,heap,exit]  - map (biased):  0x0000000000010000
[551.729s][info][gc,heap,exit] 
[551.729s][info][gc,heap,exit]  Metaspace       used 1071K, committed 1280K, reserved 1114112K
[551.729s][info][gc,heap,exit]   class space    used 81K, committed 192K, reserved 1048576K
[551.729s][info][gc,stats    ] 
[551.729s][info][gc,stats    ] GC STATISTICS:
[551.729s][info][gc,stats    ]   "(G)" (gross) pauses include VM time: time to notify and block threads, do the pre-
[551.729s][info][gc,stats    ]         and post-safepoint housekeeping. Use -Xlog:safepoint+stats to dissect.
[551.729s][info][gc,stats    ]   "(N)" (net) pauses are the times spent in the actual GC code.
[551.729s][info][gc,stats    ]   "a" is average time for each phase, look at levels to see if average makes sense.
[551.729s][info][gc,stats    ]   "lvls" are quantiles: 0% (minimum), 25%, 50% (median), 75%, 100% (maximum).
[551.729s][info][gc,stats    ] 
[551.729s][info][gc,stats    ]   All times are wall-clock times, except per-root-class counters, that are sum over
[551.729s][info][gc,stats    ]   all workers. Dividing the <total> over the root stage time estimates parallelism.
[551.729s][info][gc,stats    ] 
[551.729s][info][gc,stats    ]   Pacing delays are measured from entering the pacing code till exiting it. Therefore,
[551.729s][info][gc,stats    ]   observed pacing delays may be higher than the threshold when paced thread spent more
[551.729s][info][gc,stats    ]   time in the pacing code. It usually happens when thread is de-scheduled while paced,
[551.729s][info][gc,stats    ]   OS takes longer to unblock the thread, or JVM experiences an STW pause.
[551.729s][info][gc,stats    ] 
[551.729s][info][gc,stats    ]   Higher delay would prevent application outpacing the GC, but it will hide the GC latencies
[551.729s][info][gc,stats    ]   from the STW pause times. Pacing affects the individual threads, and so it would also be
[551.729s][info][gc,stats    ]   invisible to the usual profiling tools, but would add up to end-to-end application latency.
[551.729s][info][gc,stats    ]   Raise max pacing delay with care.
[551.729s][info][gc,stats    ] 
[551.729s][info][gc,stats    ] Concurrent Reset               =    0.022 s (a =      456 us) (n =    49) (lvls, us =      170,      242,      297,      441,     3712)
[551.729s][info][gc,stats    ] Pause Init Mark (G)            =    0.068 s (a =     1382 us) (n =    49) (lvls, us =      109,      129,      152,      170,    30780)
[551.729s][info][gc,stats    ] Pause Init Mark (N)            =    0.005 s (a =      111 us) (n =    49) (lvls, us =       78,       90,      107,      117,      197)
[551.729s][info][gc,stats    ]   Update Region States         =    0.002 s (a =       44 us) (n =    49) (lvls, us =       18,       26,       38,       52,       95)
[551.729s][info][gc,stats    ] Concurrent Mark Roots          =    0.015 s (a =      306 us) (n =    49) (lvls, us =      252,      270,      295,      336,      401)
[551.729s][info][gc,stats    ]   CMR: <total>                 =    0.019 s (a =      383 us) (n =    49) (lvls, us =      311,      330,      352,      420,      553)
[551.729s][info][gc,stats    ]   CMR: Thread Roots            =    0.017 s (a =      339 us) (n =    49) (lvls, us =      270,      297,      318,      369,      480)
[551.729s][info][gc,stats    ]   CMR: VM Strong Roots         =    0.000 s (a =        6 us) (n =    49) (lvls, us =        3,        4,        5,        6,       62)
[551.729s][info][gc,stats    ]   CMR: CLDG Roots              =    0.002 s (a =       38 us) (n =    49) (lvls, us =       27,       31,       33,       40,      133)
[551.729s][info][gc,stats    ] Concurrent Marking             =    0.040 s (a =      807 us) (n =    49) (lvls, us =      691,      719,      770,      855,     1123)
[551.729s][info][gc,stats    ] Pause Final Mark (G)           =    0.013 s (a =      263 us) (n =    49) (lvls, us =      162,      209,      254,      285,      478)
[551.729s][info][gc,stats    ] Pause Final Mark (N)           =    0.011 s (a =      215 us) (n =    49) (lvls, us =      131,      168,      209,      229,      434)
[551.730s][info][gc,stats    ]   Finish Mark                  =    0.003 s (a =       55 us) (n =    49) (lvls, us =       22,       29,       38,       71,      197)
[551.730s][info][gc,stats    ]   Update Region States         =    0.002 s (a =       47 us) (n =    49) (lvls, us =       23,       29,       42,       58,       88)
[551.730s][info][gc,stats    ]   Choose Collection Set        =    0.003 s (a =       59 us) (n =    49) (lvls, us =       28,       51,       57,       59,      151)
[551.730s][info][gc,stats    ]   Rebuild Free Set             =    0.000 s (a =        9 us) (n =    49) (lvls, us =        8,        8,        8,        9,       18)
[551.730s][info][gc,stats    ] Concurrent Weak References     =    0.005 s (a =      106 us) (n =    49) (lvls, us =       77,       89,      102,      111,      162)
[551.730s][info][gc,stats    ]   CWRF: <total>                =    0.000 s (a =        5 us) (n =    49) (lvls, us =        3,        4,        5,        6,       10)
[551.730s][info][gc,stats    ]   CWRF: Weak References        =    0.000 s (a =        5 us) (n =    49) (lvls, us =        3,        4,        5,        6,       10)
[551.730s][info][gc,stats    ] Concurrent Weak Roots          =    0.008 s (a =      162 us) (n =    49) (lvls, us =      117,      131,      152,      176,      257)
[551.730s][info][gc,stats    ]   Roots                        =    0.004 s (a =       88 us) (n =    49) (lvls, us =       68,       73,       80,      100,      132)
[551.730s][info][gc,stats    ]     CWR: <total>               =    0.005 s (a =      106 us) (n =    49) (lvls, us =       82,       91,       96,      111,      147)
[551.730s][info][gc,stats    ]     CWR: Code Cache Roots      =    0.003 s (a =       56 us) (n =    49) (lvls, us =       35,       48,       51,       59,       98)
[551.730s][info][gc,stats    ]     CWR: VM Weak Roots         =    0.002 s (a =       49 us) (n =    49) (lvls, us =       41,       42,       45,       53,       73)
[551.730s][info][gc,stats    ]     CWR: CLDG Roots            =    0.000 s (a =        1 us) (n =    49) (lvls, us =        1,        1,        1,        1,        1)
[551.730s][info][gc,stats    ]   Rendezvous                   =    0.002 s (a =       39 us) (n =    49) (lvls, us =       22,       25,       30,       55,       90)
[551.730s][info][gc,stats    ] Concurrent Cleanup             =    0.004 s (a =       90 us) (n =    49) (lvls, us =       42,       87,       90,       93,      132)
[551.730s][info][gc,stats    ] Concurrent Class Unloading     =    0.013 s (a =      271 us) (n =    49) (lvls, us =      217,      240,      254,      295,      415)
[551.730s][info][gc,stats    ]   Unlink Stale                 =    0.008 s (a =      167 us) (n =    49) (lvls, us =      141,      148,      160,      176,      233)
[551.730s][info][gc,stats    ]     System Dictionary          =    0.000 s (a =        1 us) (n =    49) (lvls, us =        1,        1,        1,        1,        4)
[551.730s][info][gc,stats    ]     Weak Class Links           =    0.000 s (a =        0 us) (n =    49) (lvls, us =        0,        0,        0,        0,        0)
[551.730s][info][gc,stats    ]     Code Roots                 =    0.008 s (a =      165 us) (n =    49) (lvls, us =      139,      146,      158,      174,      231)
[551.730s][info][gc,stats    ]   Rendezvous                   =    0.002 s (a =       37 us) (n =    49) (lvls, us =       19,       23,       27,       38,      162)
[551.730s][info][gc,stats    ]   Purge Unlinked               =    0.002 s (a =       33 us) (n =    49) (lvls, us =       21,       23,       26,       37,       87)
[551.730s][info][gc,stats    ]     Code Roots                 =    0.001 s (a =       30 us) (n =    49) (lvls, us =       19,       20,       22,       33,       82)
[551.730s][info][gc,stats    ]     CLDG                       =    0.000 s (a =        3 us) (n =    49) (lvls, us =        2,        2,        3,        3,        5)
[551.730s][info][gc,stats    ]     Exception Caches           =    0.000 s (a =        0 us) (n =    49) (lvls, us =        0,        0,        0,        0,        0)
[551.730s][info][gc,stats    ] Pause Final Roots (G)          =    0.003 s (a =       58 us) (n =    49) (lvls, us =       41,       46,       51,       61,      111)
[551.730s][info][gc,stats    ] Pause Final Roots (N)          =    0.001 s (a =       28 us) (n =    49) (lvls, us =       21,       24,       25,       28,       86)
[551.730s][info][gc,stats    ] Pause Degenerated GC (G)       =    0.001 s (a =     1432 us) (n =     1) (lvls, us =     1426,     1426,     1426,     1426,     1432)
[551.730s][info][gc,stats    ] Pause Degenerated GC (N)       =    0.001 s (a =     1389 us) (n =     1) (lvls, us =     1387,     1387,     1387,     1387,     1389)
[551.730s][info][gc,stats    ]   Degen STW Mark               =    0.001 s (a =      614 us) (n =     1) (lvls, us =      613,      613,      613,      613,      614)
[551.730s][info][gc,stats    ]     DSM: <total>               =    0.003 s (a =     3379 us) (n =     1) (lvls, us =     3379,     3379,     3379,     3379,     3379)
[551.730s][info][gc,stats    ]     DSM: Thread Roots          =    0.001 s (a =      651 us) (n =     1) (lvls, us =      650,      650,      650,      650,      651)
[551.730s][info][gc,stats    ]     DSM: VM Strong Roots       =    0.000 s (a =        2 us) (n =     1) (lvls, us =        2,        2,        2,        2,        2)
[551.730s][info][gc,stats    ]     DSM: CLDG Roots            =    0.000 s (a =       36 us) (n =     1) (lvls, us =       36,       36,       36,       36,       36)
[551.730s][info][gc,stats    ]     DSM: Parallel Mark         =    0.003 s (a =     2690 us) (n =     1) (lvls, us =     2676,     2676,     2676,     2676,     2690)
[551.730s][info][gc,stats    ]     System Purge               =    0.000 s (a =      188 us) (n =     1) (lvls, us =      188,      188,      188,      188,      188)
[551.730s][info][gc,stats    ]       Weak References          =    0.000 s (a =       67 us) (n =     1) (lvls, us =       67,       67,       67,       67,       67)
[551.730s][info][gc,stats    ]         WRP: <total>           =    0.000 s (a =        8 us) (n =     1) (lvls, us =        8,        8,        8,        8,        8)
[551.730s][info][gc,stats    ]         WRP: Weak References   =    0.000 s (a =        8 us) (n =     1) (lvls, us =        8,        8,        8,        8,        8)
[551.730s][info][gc,stats    ]       Unload Classes           =    0.000 s (a =       88 us) (n =     1) (lvls, us =       88,       88,       88,       88,       88)
[551.730s][info][gc,stats    ]         DCU: <total>           =    0.000 s (a =      320 us) (n =     1) (lvls, us =      318,      318,      318,      318,      320)
[551.730s][info][gc,stats    ]         DCU: Unload Code Caches =    0.000 s (a =      320 us) (n =     1) (lvls, us =      318,      318,      318,      318,      320)
[551.730s][info][gc,stats    ]       Weak Roots               =    0.000 s (a =       32 us) (n =     1) (lvls, us =       32,       32,       32,       32,       32)
[551.730s][info][gc,stats    ]         DWR: <total>           =    0.000 s (a =       60 us) (n =     1) (lvls, us =       60,       60,       60,       60,       60)
[551.730s][info][gc,stats    ]         DWR: VM Weak Roots     =    0.000 s (a =       60 us) (n =     1) (lvls, us =       60,       60,       60,       60,       60)
[551.730s][info][gc,stats    ]       CLDG                     =    0.000 s (a =        0 us) (n =     1) (lvls, us =        0,        0,        0,        0,        0)
[551.730s][info][gc,stats    ]   Update Region States         =    0.000 s (a =       28 us) (n =     1) (lvls, us =       28,       28,       28,       28,       28)
[551.730s][info][gc,stats    ]   Manage GC/TLABs              =    0.000 s (a =        3 us) (n =     1) (lvls, us =        3,        3,        3,        3,        3)
[551.730s][info][gc,stats    ]   Choose Collection Set        =    0.000 s (a =       53 us) (n =     1) (lvls, us =       53,       53,       53,       53,       53)
[551.730s][info][gc,stats    ]   Rebuild Free Set             =    0.000 s (a =        8 us) (n =     1) (lvls, us =        8,        8,        8,        8,        8)
[551.730s][info][gc,stats    ]   Cleanup                      =    0.000 s (a =        5 us) (n =     1) (lvls, us =        5,        5,        5,        5,        5)
[551.730s][info][gc,stats    ] Pacing                         =    9.855 s (a =   197096 us) (n =    50) (lvls, us =        0,   199219,   214844,   216797,   244968)
[551.730s][info][gc,stats    ] 
[551.730s][info][gc,stats    ] 
[551.730s][info][gc,stats    ] Under allocation pressure, concurrent cycles may cancel, and either continue cycle
[551.730s][info][gc,stats    ] under stop-the-world pause or result in stop-the-world Full GC. Increase heap size,
[551.730s][info][gc,stats    ] tune GC heuristics, set more aggressive pacing delay, or lower allocation rate
[551.730s][info][gc,stats    ] to avoid Degenerated and Full GC cycles.
[551.730s][info][gc,stats    ] 
[551.730s][info][gc,stats    ]    49 successful concurrent GCs
[551.730s][info][gc,stats    ]       0 invoked explicitly
[551.730s][info][gc,stats    ]       0 invoked implicitly
[551.730s][info][gc,stats    ] 
[551.730s][info][gc,stats    ]     1 Degenerated GCs
[551.730s][info][gc,stats    ]       1 caused by allocation failure
[551.730s][info][gc,stats    ]         1 happened at Outside of Cycle
[551.730s][info][gc,stats    ]       0 upgraded to Full GC
[551.730s][info][gc,stats    ] 
[551.730s][info][gc,stats    ]     0 Full GCs
[551.730s][info][gc,stats    ]       0 invoked explicitly
[551.730s][info][gc,stats    ]       0 invoked implicitly
[551.730s][info][gc,stats    ]       0 caused by allocation failure
[551.730s][info][gc,stats    ]       0 upgraded from Degenerated GC
[551.730s][info][gc,stats    ] 
[551.730s][info][gc,stats    ] 
