[2024-08-23T16:42:40.529+0800] Using Serial
[2024-08-23T16:42:40.532+0800] Version: 17.0.11+1-LTS (release)
[2024-08-23T16:42:40.532+0800] CPUs: 12 total, 12 available
[2024-08-23T16:42:40.532+0800] Memory: 32620M
[2024-08-23T16:42:40.532+0800] Large Page Support: Disabled
[2024-08-23T16:42:40.532+0800] NUMA Support: Disabled
[2024-08-23T16:42:40.532+0800] Compressed Oops: Enabled (32-bit)
[2024-08-23T16:42:40.532+0800] Heap Min Capacity: 1G
[2024-08-23T16:42:40.532+0800] Heap Initial Capacity: 1G
[2024-08-23T16:42:40.532+0800] Heap Max Capacity: 1G
[2024-08-23T16:42:40.532+0800] Pre-touch: Disabled
[2024-08-23T16:42:40.532+0800] Parallel Workers: 6
[2024-08-23T16:42:40.539+0800] CDS archive(s) mapped at: [0x0000028500000000-0x0000028500bc0000-0x0000028500bc0000), size 12320768, SharedBaseAddress: 0x0000028500000000, ArchiveRelocationMode: 1.
[2024-08-23T16:42:40.539+0800] Compressed class space mapped at: 0x0000028501000000-0x0000028541000000, reserved size: 1073741824
[2024-08-23T16:42:40.539+0800] Narrow klass base: 0x0000028500000000, Narrow klass shift: 0, Narrow klass range: 0x100000000
[2024-08-23T16:42:42.913+0800] GC(0) Pause Young (Allocation Failure)
[2024-08-23T16:42:42.917+0800] GC(0) DefNew: 272777K(314560K)->12031K(314560K) Eden: 272777K(279616K)->0K(279616K) From: 0K(34944K)->12031K(34944K)
[2024-08-23T16:42:42.917+0800] GC(0) Tenured: 0K(699072K)->0K(699072K)
[2024-08-23T16:42:42.917+0800] GC(0) Metaspace: 233K(448K)->233K(448K) NonClass: 226K(320K)->226K(320K) Class: 7K(128K)->7K(128K)
[2024-08-23T16:42:42.917+0800] GC(0) Pause Young (Allocation Failure) 266M->11M(989M) 4.622ms
[2024-08-23T16:42:42.917+0800] GC(0) User=0.00s Sys=0.00s Real=0.00s
[2024-08-23T16:42:45.749+0800] GC(1) Pause Young (Allocation Failure)
[2024-08-23T16:42:45.753+0800] GC(1) DefNew: 286487K(314560K)->11007K(314560K) Eden: 274456K(279616K)->0K(279616K) From: 12031K(34944K)->11007K(34944K)
[2024-08-23T16:42:45.753+0800] GC(1) Tenured: 0K(699072K)->0K(699072K)
[2024-08-23T16:42:45.753+0800] GC(1) Metaspace: 235K(448K)->235K(448K) NonClass: 227K(320K)->227K(320K) Class: 7K(128K)->7K(128K)
[2024-08-23T16:42:45.753+0800] GC(1) Pause Young (Allocation Failure) 279M->10M(989M) 4.207ms
[2024-08-23T16:42:45.753+0800] GC(1) User=0.00s Sys=0.00s Real=0.00s
[2024-08-23T16:42:47.504+0800] GC(2) Pause Young (Allocation Failure)
[2024-08-23T16:42:47.513+0800] GC(2) DefNew: 282706K(314560K)->31487K(314560K) Eden: 271698K(279616K)->0K(279616K) From: 11007K(34944K)->31487K(34944K)
[2024-08-23T16:42:47.514+0800] GC(2) Tenured: 0K(699072K)->10240K(699072K)
[2024-08-23T16:42:47.514+0800] GC(2) Metaspace: 237K(448K)->237K(448K) NonClass: 229K(320K)->229K(320K) Class: 7K(128K)->7K(128K)
[2024-08-23T16:42:47.514+0800] GC(2) Pause Young (Allocation Failure) 276M->40M(989M) 10.507ms
[2024-08-23T16:42:47.514+0800] GC(2) User=0.00s Sys=0.00s Real=0.01s
[2024-08-23T16:42:49.049+0800] GC(3) Pause Young (Allocation Failure)
[2024-08-23T16:42:49.064+0800] GC(3) DefNew: 279433K(314560K)->0K(314560K) Eden: 247945K(279616K)->0K(279616K) From: 31487K(34944K)->0K(34944K)
[2024-08-23T16:42:49.064+0800] GC(3) Tenured: 10240K(699072K)->62207K(699072K)
[2024-08-23T16:42:49.064+0800] GC(3) Metaspace: 238K(448K)->238K(448K) NonClass: 230K(320K)->230K(320K) Class: 7K(128K)->7K(128K)
[2024-08-23T16:42:49.064+0800] GC(3) Pause Young (Allocation Failure) 282M->60M(989M) 15.362ms
[2024-08-23T16:42:49.064+0800] GC(3) User=0.00s Sys=0.00s Real=0.01s
[2024-08-23T16:42:50.484+0800] GC(4) Pause Young (Allocation Failure)
[2024-08-23T16:42:50.501+0800] GC(4) DefNew: 231944K(314560K)->5120K(314560K) Eden: 231944K(279616K)->0K(279616K) From: 0K(34944K)->5120K(34944K)
[2024-08-23T16:42:50.501+0800] GC(4) Tenured: 62207K(699072K)->113407K(699072K)
[2024-08-23T16:42:50.501+0800] GC(4) Metaspace: 240K(448K)->240K(448K) NonClass: 233K(320K)->233K(320K) Class: 7K(128K)->7K(128K)
[2024-08-23T16:42:50.501+0800] GC(4) Pause Young (Allocation Failure) 287M->115M(989M) 17.010ms
[2024-08-23T16:42:50.501+0800] GC(4) User=0.02s Sys=0.00s Real=0.02s
[2024-08-23T16:42:51.920+0800] GC(5) Pause Young (Allocation Failure)
[2024-08-23T16:42:51.965+0800] GC(5) DefNew: 235882K(314560K)->10240K(314560K) Eden: 230762K(279616K)->0K(279616K) From: 5120K(34944K)->10240K(34944K)
[2024-08-23T16:42:51.965+0800] GC(5) Tenured: 113407K(699072K)->267007K(699072K)
[2024-08-23T16:42:51.965+0800] GC(5) Metaspace: 240K(448K)->240K(448K) NonClass: 233K(320K)->233K(320K) Class: 7K(128K)->7K(128K)
[2024-08-23T16:42:51.965+0800] GC(5) Pause Young (Allocation Failure) 341M->270M(989M) 45.373ms
[2024-08-23T16:42:51.965+0800] GC(5) User=0.02s Sys=0.02s Real=0.04s
[2024-08-23T16:42:53.388+0800] GC(6) Pause Young (Allocation Failure)
[2024-08-23T16:42:53.403+0800] GC(6) DefNew: 221300K(314560K)->5120K(314560K) Eden: 211059K(279616K)->0K(279616K) From: 10240K(34944K)->5120K(34944K)
[2024-08-23T16:42:53.403+0800] GC(6) Tenured: 267007K(699072K)->318207K(699072K)
[2024-08-23T16:42:53.403+0800] GC(6) Metaspace: 242K(448K)->242K(448K) NonClass: 234K(320K)->234K(320K) Class: 7K(128K)->7K(128K)
[2024-08-23T16:42:53.403+0800] GC(6) Pause Young (Allocation Failure) 476M->315M(989M) 15.287ms
[2024-08-23T16:42:53.403+0800] GC(6) User=0.00s Sys=0.00s Real=0.02s
[2024-08-23T16:42:54.826+0800] GC(7) Pause Young (Allocation Failure)
[2024-08-23T16:42:54.843+0800] GC(7) DefNew: 235888K(314560K)->16384K(314560K) Eden: 230768K(279616K)->0K(279616K) From: 5120K(34944K)->16384K(34944K)
[2024-08-23T16:42:54.843+0800] GC(7) Tenured: 318207K(699072K)->369407K(699072K)
[2024-08-23T16:42:54.843+0800] GC(7) Metaspace: 247K(448K)->247K(448K) NonClass: 239K(320K)->239K(320K) Class: 7K(128K)->7K(128K)
[2024-08-23T16:42:54.843+0800] GC(7) Pause Young (Allocation Failure) 541M->376M(989M) 17.445ms
[2024-08-23T16:42:54.843+0800] GC(7) User=0.00s Sys=0.02s Real=0.02s
[2024-08-23T16:42:57.575+0800] GC(8) Pause Young (Allocation Failure)
[2024-08-23T16:42:57.577+0800] GC(8) DefNew: 247151K(314560K)->25600K(314560K) Eden: 230766K(279616K)->0K(279616K) From: 16384K(34944K)->25600K(34944K)
[2024-08-23T16:42:57.577+0800] GC(8) Tenured: 369407K(699072K)->369407K(699072K)
[2024-08-23T16:42:57.577+0800] GC(8) Metaspace: 248K(448K)->248K(448K) NonClass: 240K(320K)->240K(320K) Class: 7K(128K)->7K(128K)
[2024-08-23T16:42:57.577+0800] GC(8) Pause Young (Allocation Failure) 602M->385M(989M) 2.177ms
[2024-08-23T16:42:57.577+0800] GC(8) User=0.00s Sys=0.00s Real=0.00s
[2024-08-23T16:42:58.994+0800] GC(9) Pause Young (Allocation Failure)
[2024-08-23T16:42:59.006+0800] GC(9) DefNew: 256374K(314560K)->25600K(314560K) Eden: 230774K(279616K)->0K(279616K) From: 25600K(34944K)->25600K(34944K)
[2024-08-23T16:42:59.006+0800] GC(9) Tenured: 369407K(699072K)->395007K(699072K)
[2024-08-23T16:42:59.006+0800] GC(9) Metaspace: 248K(448K)->248K(448K) NonClass: 240K(320K)->240K(320K) Class: 7K(128K)->7K(128K)
[2024-08-23T16:42:59.006+0800] GC(9) Pause Young (Allocation Failure) 611M->410M(989M) 12.485ms
[2024-08-23T16:42:59.006+0800] GC(9) User=0.00s Sys=0.00s Real=0.01s
[2024-08-23T16:43:00.532+0800] GC(10) Pause Young (Allocation Failure)
[2024-08-23T16:43:00.548+0800] GC(10) DefNew: 256878K(314560K)->0K(314560K) Eden: 231278K(279616K)->0K(279616K) From: 25600K(34944K)->0K(34944K)
[2024-08-23T16:43:00.548+0800] GC(10) Tenured: 395007K(699072K)->446207K(699072K)
[2024-08-23T16:43:00.548+0800] GC(10) Metaspace: 251K(448K)->251K(448K) NonClass: 243K(320K)->243K(320K) Class: 7K(128K)->7K(128K)
[2024-08-23T16:43:00.548+0800] GC(10) Pause Young (Allocation Failure) 636M->435M(989M) 16.072ms
[2024-08-23T16:43:00.548+0800] GC(10) User=0.02s Sys=0.00s Real=0.02s
[2024-08-23T16:43:01.970+0800] GC(11) Pause Young (Allocation Failure)
[2024-08-23T16:43:02.066+0800] GC(11) DefNew: 231103K(314560K)->5120K(314560K) Eden: 231103K(279616K)->0K(279616K) From: 0K(34944K)->5120K(34944K)
[2024-08-23T16:43:02.066+0800] GC(11) Tenured: 446207K(699072K)->599807K(699072K)
[2024-08-23T16:43:02.066+0800] GC(11) Metaspace: 253K(448K)->253K(448K) NonClass: 245K(320K)->245K(320K) Class: 7K(128K)->7K(128K)
[2024-08-23T16:43:02.066+0800] GC(11) Pause Young (Allocation Failure) 661M->590M(989M) 95.290ms
[2024-08-23T16:43:02.066+0800] GC(11) User=0.02s Sys=0.06s Real=0.10s
[2024-08-23T16:43:03.488+0800] GC(12) Pause Young (Allocation Failure)
[2024-08-23T16:43:03.488+0800] GC(12) Pause Young (Allocation Failure) 816M->816M(989M) 0.077ms
[2024-08-23T16:43:03.488+0800] GC(12) User=0.00s Sys=0.00s Real=0.00s
[2024-08-23T16:43:03.488+0800] GC(13) Pause Full (Allocation Failure)
[2024-08-23T16:43:03.488+0800] GC(13) Phase 1: Mark live objects
[2024-08-23T16:43:03.488+0800] GC(13) Phase 1: Mark live objects 0.574ms
[2024-08-23T16:43:03.488+0800] GC(13) Phase 2: Compute new object addresses
[2024-08-23T16:43:03.489+0800] GC(13) Phase 2: Compute new object addresses 0.145ms
[2024-08-23T16:43:03.489+0800] GC(13) Phase 3: Adjust pointers
[2024-08-23T16:43:03.489+0800] GC(13) Phase 3: Adjust pointers 0.321ms
[2024-08-23T16:43:03.489+0800] GC(13) Phase 4: Move objects
[2024-08-23T16:43:03.502+0800] GC(13) Phase 4: Move objects 12.362ms
[2024-08-23T16:43:03.502+0800] GC(13) DefNew: 235899K(314560K)->0K(314560K) Eden: 230779K(279616K)->0K(279616K) From: 5120K(34944K)->0K(34944K)
[2024-08-23T16:43:03.502+0800] GC(13) Tenured: 599807K(699072K)->175872K(699072K)
[2024-08-23T16:43:03.502+0800] GC(13) Metaspace: 253K(448K)->253K(448K) NonClass: 245K(320K)->245K(320K) Class: 7K(128K)->7K(128K)
[2024-08-23T16:43:03.502+0800] GC(13) Pause Full (Allocation Failure) 816M->171M(989M) 13.615ms
[2024-08-23T16:43:03.502+0800] GC(13) User=0.00s Sys=0.00s Real=0.01s
[2024-08-23T16:43:04.926+0800] GC(14) Pause Young (Allocation Failure)
[2024-08-23T16:43:04.931+0800] GC(14) DefNew: 205182K(314560K)->10240K(314560K) Eden: 205182K(279616K)->0K(279616K) From: 0K(34944K)->10240K(34944K)
[2024-08-23T16:43:04.931+0800] GC(14) Tenured: 175872K(699072K)->227072K(699072K)
[2024-08-23T16:43:04.931+0800] GC(14) Metaspace: 253K(448K)->253K(448K) NonClass: 245K(320K)->245K(320K) Class: 7K(128K)->7K(128K)
[2024-08-23T16:43:04.931+0800] GC(14) Pause Young (Allocation Failure) 372M->231M(989M) 5.228ms
[2024-08-23T16:43:04.931+0800] GC(14) User=0.00s Sys=0.00s Real=0.00s
[2024-08-23T16:43:06.362+0800] GC(15) Pause Young (Allocation Failure)
[2024-08-23T16:43:06.368+0800] GC(15) DefNew: 241021K(314560K)->25600K(314560K) Eden: 230781K(279616K)->0K(279616K) From: 10240K(34944K)->25600K(34944K)
[2024-08-23T16:43:06.368+0800] GC(15) Tenured: 227072K(699072K)->278272K(699072K)
[2024-08-23T16:43:06.368+0800] GC(15) Metaspace: 254K(448K)->254K(448K) NonClass: 246K(320K)->246K(320K) Class: 7K(128K)->7K(128K)
[2024-08-23T16:43:06.368+0800] GC(15) Pause Young (Allocation Failure) 457M->296M(989M) 6.199ms
[2024-08-23T16:43:06.368+0800] GC(15) User=0.00s Sys=0.00s Real=0.01s
[2024-08-23T16:43:09.106+0800] GC(16) Pause Young (Allocation Failure)
[2024-08-23T16:43:09.108+0800] GC(16) DefNew: 271955K(314560K)->25600K(314560K) Eden: 246355K(279616K)->0K(279616K) From: 25600K(34944K)->25600K(34944K)
[2024-08-23T16:43:09.108+0800] GC(16) Tenured: 278272K(699072K)->278272K(699072K)
[2024-08-23T16:43:09.108+0800] GC(16) Metaspace: 268K(448K)->268K(448K) NonClass: 261K(320K)->261K(320K) Class: 7K(128K)->7K(128K)
[2024-08-23T16:43:09.108+0800] GC(16) Pause Young (Allocation Failure) 537M->296M(989M) 2.449ms
[2024-08-23T16:43:09.108+0800] GC(16) User=0.00s Sys=0.00s Real=0.00s
[2024-08-23T16:43:10.527+0800] GC(17) Pause Young (Allocation Failure)
[2024-08-23T16:43:10.533+0800] GC(17) DefNew: 256386K(314560K)->25600K(314560K) Eden: 230785K(279616K)->0K(279616K) From: 25600K(34944K)->25600K(34944K)
[2024-08-23T16:43:10.533+0800] GC(17) Tenured: 278272K(699072K)->334592K(699072K)
[2024-08-23T16:43:10.533+0800] GC(17) Metaspace: 268K(448K)->268K(448K) NonClass: 261K(320K)->261K(320K) Class: 7K(128K)->7K(128K)
[2024-08-23T16:43:10.534+0800] GC(17) Pause Young (Allocation Failure) 522M->351M(989M) 6.899ms
[2024-08-23T16:43:10.534+0800] GC(17) User=0.00s Sys=0.00s Real=0.01s
[2024-08-23T16:43:12.062+0800] GC(18) Pause Young (Allocation Failure)
[2024-08-23T16:43:12.062+0800] GC(18) DefNew: 210306K(314560K)->5120K(314560K) Eden: 184706K(279616K)->0K(279616K) From: 25600K(34944K)->5120K(34944K)
[2024-08-23T16:43:12.062+0800] GC(18) Tenured: 334592K(699072K)->334592K(699072K)
[2024-08-23T16:43:12.062+0800] GC(18) Metaspace: 268K(448K)->268K(448K) NonClass: 261K(320K)->261K(320K) Class: 7K(128K)->7K(128K)
[2024-08-23T16:43:12.062+0800] GC(18) Pause Young (Allocation Failure) 532M->331M(989M) 0.639ms
[2024-08-23T16:43:12.062+0800] GC(18) User=0.00s Sys=0.00s Real=0.00s
[2024-08-23T16:43:13.487+0800] GC(19) Pause Young (Allocation Failure)
[2024-08-23T16:43:13.492+0800] GC(19) DefNew: 235900K(314560K)->6144K(314560K) Eden: 230780K(279616K)->0K(279616K) From: 5120K(34944K)->6144K(34944K)
[2024-08-23T16:43:13.492+0800] GC(19) Tenured: 334592K(699072K)->385792K(699072K)
[2024-08-23T16:43:13.492+0800] GC(19) Metaspace: 268K(448K)->268K(448K) NonClass: 261K(320K)->261K(320K) Class: 7K(128K)->7K(128K)
[2024-08-23T16:43:13.492+0800] GC(19) Pause Young (Allocation Failure) 557M->382M(989M) 5.153ms
[2024-08-23T16:43:13.492+0800] GC(19) User=0.00s Sys=0.00s Real=0.01s
[2024-08-23T16:43:14.917+0800] GC(20) Pause Young (Allocation Failure)
[2024-08-23T16:43:14.923+0800] GC(20) DefNew: 236927K(314560K)->17408K(314560K) Eden: 230783K(279616K)->0K(279616K) From: 6144K(34944K)->17408K(34944K)
[2024-08-23T16:43:14.923+0800] GC(20) Tenured: 385792K(699072K)->436992K(699072K)
[2024-08-23T16:43:14.923+0800] GC(20) Metaspace: 268K(448K)->268K(448K) NonClass: 261K(320K)->261K(320K) Class: 7K(128K)->7K(128K)
[2024-08-23T16:43:14.923+0800] GC(20) Pause Young (Allocation Failure) 608M->443M(989M) 6.169ms
[2024-08-23T16:43:14.923+0800] GC(20) User=0.00s Sys=0.00s Real=0.01s
[2024-08-23T16:43:16.354+0800] GC(21) Pause Young (Allocation Failure)
[2024-08-23T16:43:16.358+0800] GC(21) DefNew: 222593K(314560K)->10240K(314560K) Eden: 205185K(279616K)->0K(279616K) From: 17408K(34944K)->10240K(34944K)
[2024-08-23T16:43:16.358+0800] GC(21) Tenured: 436992K(699072K)->488192K(699072K)
[2024-08-23T16:43:16.358+0800] GC(21) Metaspace: 268K(448K)->268K(448K) NonClass: 261K(320K)->261K(320K) Class: 7K(128K)->7K(128K)
[2024-08-23T16:43:16.358+0800] GC(21) Pause Young (Allocation Failure) 644M->486M(989M) 4.844ms
[2024-08-23T16:43:16.358+0800] GC(21) User=0.00s Sys=0.00s Real=0.00s
[2024-08-23T16:43:17.792+0800] GC(22) Pause Young (Allocation Failure)
[2024-08-23T16:43:17.799+0800] GC(22) DefNew: 241022K(314560K)->15360K(314560K) Eden: 230782K(279616K)->0K(279616K) From: 10240K(34944K)->15360K(34944K)
[2024-08-23T16:43:17.799+0800] GC(22) Tenured: 488192K(699072K)->559872K(699072K)
[2024-08-23T16:43:17.799+0800] GC(22) Metaspace: 268K(448K)->268K(448K) NonClass: 261K(320K)->261K(320K) Class: 7K(128K)->7K(128K)
[2024-08-23T16:43:17.799+0800] GC(22) Pause Young (Allocation Failure) 712M->561M(989M) 7.214ms
[2024-08-23T16:43:17.799+0800] GC(22) User=0.00s Sys=0.00s Real=0.01s
[2024-08-23T16:43:20.429+0800] GC(23) Pause Young (Allocation Failure)
[2024-08-23T16:43:20.430+0800] GC(23) DefNew: 287105K(314560K)->15360K(314560K) Eden: 271745K(279616K)->0K(279616K) From: 15360K(34944K)->15360K(34944K)
[2024-08-23T16:43:20.430+0800] GC(23) Tenured: 559872K(699072K)->559872K(699072K)
[2024-08-23T16:43:20.430+0800] GC(23) Metaspace: 268K(448K)->268K(448K) NonClass: 261K(320K)->261K(320K) Class: 7K(128K)->7K(128K)
[2024-08-23T16:43:20.430+0800] GC(23) Pause Young (Allocation Failure) 827M->561M(989M) 1.430ms
[2024-08-23T16:43:20.430+0800] GC(23) User=0.00s Sys=0.00s Real=0.00s
[2024-08-23T16:43:21.958+0800] GC(24) Pause Young (Allocation Failure)
[2024-08-23T16:43:21.981+0800] GC(24) DefNew: 266630K(314560K)->30720K(314560K) Eden: 251270K(279616K)->0K(279616K) From: 15360K(34944K)->30720K(34944K)
[2024-08-23T16:43:21.981+0800] GC(24) Tenured: 559872K(699072K)->662272K(699072K)
[2024-08-23T16:43:21.981+0800] GC(24) Metaspace: 275K(448K)->275K(448K) NonClass: 267K(320K)->267K(320K) Class: 7K(128K)->7K(128K)
[2024-08-23T16:43:21.981+0800] GC(24) Pause Young (Allocation Failure) 807M->676M(989M) 23.774ms
[2024-08-23T16:43:21.981+0800] GC(24) User=0.00s Sys=0.02s Real=0.02s
[2024-08-23T16:43:24.816+0800] GC(25) Pause Young (Allocation Failure)
[2024-08-23T16:43:24.816+0800] GC(25) Pause Young (Allocation Failure) 932M->932M(989M) 0.061ms
[2024-08-23T16:43:24.816+0800] GC(25) User=0.00s Sys=0.00s Real=0.00s
[2024-08-23T16:43:24.816+0800] GC(26) Pause Full (Allocation Failure)
[2024-08-23T16:43:24.816+0800] GC(26) Phase 1: Mark live objects
[2024-08-23T16:43:24.816+0800] GC(26) Phase 1: Mark live objects 0.590ms
[2024-08-23T16:43:24.816+0800] GC(26) Phase 2: Compute new object addresses
[2024-08-23T16:43:24.816+0800] GC(26) Phase 2: Compute new object addresses 0.144ms
[2024-08-23T16:43:24.816+0800] GC(26) Phase 3: Adjust pointers
[2024-08-23T16:43:24.816+0800] GC(26) Phase 3: Adjust pointers 0.314ms
[2024-08-23T16:43:24.816+0800] GC(26) Phase 4: Move objects
[2024-08-23T16:43:24.819+0800] GC(26) Phase 4: Move objects 2.692ms
[2024-08-23T16:43:24.819+0800] GC(26) DefNew: 292369K(314560K)->0K(314560K) Eden: 261649K(279616K)->0K(279616K) From: 30720K(34944K)->0K(34944K)
[2024-08-23T16:43:24.819+0800] GC(26) Tenured: 662272K(699072K)->42752K(699072K)
[2024-08-23T16:43:24.819+0800] GC(26) Metaspace: 278K(512K)->278K(512K) NonClass: 270K(384K)->270K(384K) Class: 7K(128K)->7K(128K)
[2024-08-23T16:43:24.819+0800] GC(26) Pause Full (Allocation Failure) 932M->41M(989M) 3.985ms
[2024-08-23T16:43:24.819+0800] GC(26) User=0.00s Sys=0.00s Real=0.00s
[2024-08-23T16:43:26.235+0800] GC(27) Pause Young (Allocation Failure)
[2024-08-23T16:43:26.238+0800] GC(27) DefNew: 230793K(314560K)->25600K(314560K) Eden: 230793K(279616K)->0K(279616K) From: 0K(34944K)->25600K(34944K)
[2024-08-23T16:43:26.238+0800] GC(27) Tenured: 42752K(699072K)->52992K(699072K)
[2024-08-23T16:43:26.238+0800] GC(27) Metaspace: 278K(512K)->278K(512K) NonClass: 270K(384K)->270K(384K) Class: 7K(128K)->7K(128K)
[2024-08-23T16:43:26.238+0800] GC(27) Pause Young (Allocation Failure) 267M->76M(989M) 3.292ms
[2024-08-23T16:43:26.238+0800] GC(27) User=0.00s Sys=0.00s Real=0.00s
[2024-08-23T16:43:27.764+0800] GC(28) Pause Young (Allocation Failure)
[2024-08-23T16:43:27.770+0800] GC(28) DefNew: 276889K(314560K)->20480K(314560K) Eden: 251289K(279616K)->0K(279616K) From: 25600K(34944K)->20480K(34944K)
[2024-08-23T16:43:27.770+0800] GC(28) Tenured: 52992K(699072K)->104192K(699072K)
[2024-08-23T16:43:27.770+0800] GC(28) Metaspace: 278K(512K)->278K(512K) NonClass: 270K(384K)->270K(384K) Class: 7K(128K)->7K(128K)
[2024-08-23T16:43:27.770+0800] GC(28) Pause Young (Allocation Failure) 322M->121M(989M) 5.825ms
[2024-08-23T16:43:27.770+0800] GC(28) User=0.00s Sys=0.00s Real=0.01s
[2024-08-23T16:43:29.197+0800] GC(29) Pause Young (Allocation Failure)
[2024-08-23T16:43:29.204+0800] GC(29) DefNew: 251284K(314560K)->5120K(314560K) Eden: 230804K(279616K)->0K(279616K) From: 20480K(34944K)->5120K(34944K)
[2024-08-23T16:43:29.204+0800] GC(29) Tenured: 104192K(699072K)->175872K(699072K)
[2024-08-23T16:43:29.204+0800] GC(29) Metaspace: 278K(512K)->278K(512K) NonClass: 270K(384K)->270K(384K) Class: 7K(128K)->7K(128K)
[2024-08-23T16:43:29.204+0800] GC(29) Pause Young (Allocation Failure) 347M->176M(989M) 6.788ms
[2024-08-23T16:43:29.204+0800] GC(29) User=0.00s Sys=0.00s Real=0.01s
[2024-08-23T16:43:30.634+0800] GC(30) Pause Young (Allocation Failure)
[2024-08-23T16:43:30.639+0800] GC(30) DefNew: 235918K(314560K)->10240K(314560K) Eden: 230798K(279616K)->0K(279616K) From: 5120K(34944K)->10240K(34944K)
[2024-08-23T16:43:30.639+0800] GC(30) Tenured: 175872K(699072K)->227072K(699072K)
[2024-08-23T16:43:30.639+0800] GC(30) Metaspace: 278K(512K)->278K(512K) NonClass: 270K(384K)->270K(384K) Class: 7K(128K)->7K(128K)
[2024-08-23T16:43:30.639+0800] GC(30) Pause Young (Allocation Failure) 402M->231M(989M) 5.214ms
[2024-08-23T16:43:30.639+0800] GC(30) User=0.00s Sys=0.00s Real=0.00s
[2024-08-23T16:43:32.070+0800] GC(31) Pause Young (Allocation Failure)
[2024-08-23T16:43:32.074+0800] GC(31) DefNew: 220555K(314560K)->5120K(314560K) Eden: 210315K(279616K)->0K(279616K) From: 10240K(34944K)->5120K(34944K)
[2024-08-23T16:43:32.074+0800] GC(31) Tenured: 227072K(699072K)->278272K(699072K)
[2024-08-23T16:43:32.074+0800] GC(31) Metaspace: 278K(512K)->278K(512K) NonClass: 270K(384K)->270K(384K) Class: 7K(128K)->7K(128K)
[2024-08-23T16:43:32.074+0800] GC(31) Pause Young (Allocation Failure) 437M->276M(989M) 4.765ms
[2024-08-23T16:43:32.074+0800] GC(31) User=0.00s Sys=0.00s Real=0.00s
[2024-08-23T16:43:33.489+0800] GC(32) Pause Young (Allocation Failure)
[2024-08-23T16:43:33.494+0800] GC(32) DefNew: 235909K(314560K)->11264K(314560K) Eden: 230789K(279616K)->0K(279616K) From: 5120K(34944K)->11264K(34944K)
[2024-08-23T16:43:33.494+0800] GC(32) Tenured: 278272K(699072K)->329472K(699072K)
[2024-08-23T16:43:33.494+0800] GC(32) Metaspace: 278K(512K)->278K(512K) NonClass: 270K(384K)->270K(384K) Class: 7K(128K)->7K(128K)
[2024-08-23T16:43:33.494+0800] GC(32) Pause Young (Allocation Failure) 502M->332M(989M) 5.529ms
[2024-08-23T16:43:33.494+0800] GC(32) User=0.00s Sys=0.00s Real=0.00s
[2024-08-23T16:43:36.340+0800] GC(33) Pause Young (Allocation Failure)
[2024-08-23T16:43:36.345+0800] GC(33) DefNew: 283039K(314560K)->15360K(314560K) Eden: 271775K(279616K)->0K(279616K) From: 11264K(34944K)->15360K(34944K)
[2024-08-23T16:43:36.345+0800] GC(33) Tenured: 329472K(699072K)->380672K(699072K)
[2024-08-23T16:43:36.345+0800] GC(33) Metaspace: 300K(512K)->300K(512K) NonClass: 293K(384K)->293K(384K) Class: 7K(128K)->7K(128K)
[2024-08-23T16:43:36.345+0800] GC(33) Pause Young (Allocation Failure) 598M->386M(989M) 5.814ms
[2024-08-23T16:43:36.345+0800] GC(33) User=0.00s Sys=0.00s Real=0.01s
[2024-08-23T16:43:37.774+0800] GC(34) Pause Young (Allocation Failure)
[2024-08-23T16:43:37.781+0800] GC(34) DefNew: 246170K(314560K)->20480K(314560K) Eden: 230810K(279616K)->0K(279616K) From: 15360K(34944K)->20480K(34944K)
[2024-08-23T16:43:37.781+0800] GC(34) Tenured: 380672K(699072K)->452352K(699072K)
[2024-08-23T16:43:37.781+0800] GC(34) Metaspace: 307K(512K)->307K(512K) NonClass: 299K(384K)->299K(384K) Class: 7K(128K)->7K(128K)
[2024-08-23T16:43:37.781+0800] GC(34) Pause Young (Allocation Failure) 612M->461M(989M) 7.396ms
[2024-08-23T16:43:37.781+0800] GC(34) User=0.00s Sys=0.00s Real=0.01s
[2024-08-23T16:43:39.207+0800] GC(35) Pause Young (Allocation Failure)
[2024-08-23T16:43:39.211+0800] GC(35) DefNew: 215451K(314560K)->0K(314560K) Eden: 194971K(279616K)->0K(279616K) From: 20480K(34944K)->0K(34944K)
[2024-08-23T16:43:39.211+0800] GC(35) Tenured: 452352K(699072K)->503552K(699072K)
[2024-08-23T16:43:39.211+0800] GC(35) Metaspace: 307K(512K)->307K(512K) NonClass: 299K(384K)->299K(384K) Class: 7K(128K)->7K(128K)
[2024-08-23T16:43:39.211+0800] GC(35) Pause Young (Allocation Failure) 652M->491M(989M) 4.366ms
[2024-08-23T16:43:39.211+0800] GC(35) User=0.02s Sys=0.00s Real=0.00s
[2024-08-23T16:43:40.630+0800] GC(36) Pause Young (Allocation Failure)
[2024-08-23T16:43:40.635+0800] GC(36) DefNew: 230797K(314560K)->5120K(314560K) Eden: 230797K(279616K)->0K(279616K) From: 0K(34944K)->5120K(34944K)
[2024-08-23T16:43:40.635+0800] GC(36) Tenured: 503552K(699072K)->554752K(699072K)
[2024-08-23T16:43:40.635+0800] GC(36) Metaspace: 307K(512K)->307K(512K) NonClass: 299K(384K)->299K(384K) Class: 7K(128K)->7K(128K)
[2024-08-23T16:43:40.635+0800] GC(36) Pause Young (Allocation Failure) 717M->546M(989M) 5.205ms
[2024-08-23T16:43:40.635+0800] GC(36) User=0.00s Sys=0.00s Real=0.00s
[2024-08-23T16:43:42.069+0800] GC(37) Pause Young (Allocation Failure)
[2024-08-23T16:43:42.074+0800] GC(37) Promotion failed
[2024-08-23T16:43:42.074+0800] GC(37) Pause Young (Allocation Failure) 772M->827M(989M) 5.014ms
[2024-08-23T16:43:42.074+0800] GC(37) User=0.00s Sys=0.00s Real=0.00s
[2024-08-23T16:43:42.074+0800] GC(38) Pause Full (Allocation Failure)
[2024-08-23T16:43:42.074+0800] GC(38) Phase 1: Mark live objects
[2024-08-23T16:43:42.074+0800] GC(38) Phase 1: Mark live objects 0.592ms
[2024-08-23T16:43:42.074+0800] GC(38) Phase 2: Compute new object addresses
[2024-08-23T16:43:42.074+0800] GC(38) Phase 2: Compute new object addresses 0.154ms
[2024-08-23T16:43:42.074+0800] GC(38) Phase 3: Adjust pointers
[2024-08-23T16:43:42.074+0800] GC(38) Phase 3: Adjust pointers 0.328ms
[2024-08-23T16:43:42.074+0800] GC(38) Phase 4: Move objects
[2024-08-23T16:43:42.092+0800] GC(38) Phase 4: Move objects 17.068ms
[2024-08-23T16:43:42.092+0800] GC(38) DefNew: 235914K(314560K)->0K(314560K) Eden: 230794K(279616K)->0K(279616K) From: 5120K(34944K)->0K(34944K)
[2024-08-23T16:43:42.092+0800] GC(38) Tenured: 554752K(699072K)->227072K(699072K)
[2024-08-23T16:43:42.092+0800] GC(38) Metaspace: 307K(512K)->307K(512K) NonClass: 299K(384K)->299K(384K) Class: 7K(128K)->7K(128K)
[2024-08-23T16:43:42.092+0800] GC(38) Pause Full (Allocation Failure) 827M->221M(989M) 18.336ms
[2024-08-23T16:43:42.092+0800] GC(38) User=0.02s Sys=0.00s Real=0.02s
[2024-08-23T16:43:43.518+0800] GC(39) Pause Young (Allocation Failure)
[2024-08-23T16:43:43.523+0800] GC(39) DefNew: 210312K(314560K)->5120K(314560K) Eden: 210312K(279616K)->0K(279616K) From: 0K(34944K)->5120K(34944K)
[2024-08-23T16:43:43.523+0800] GC(39) Tenured: 227072K(699072K)->278272K(699072K)
[2024-08-23T16:43:43.523+0800] GC(39) Metaspace: 307K(512K)->307K(512K) NonClass: 299K(384K)->299K(384K) Class: 7K(128K)->7K(128K)
[2024-08-23T16:43:43.523+0800] GC(39) Pause Young (Allocation Failure) 427M->276M(989M) 5.317ms
[2024-08-23T16:43:43.523+0800] GC(39) User=0.00s Sys=0.00s Real=0.01s
[2024-08-23T16:43:44.955+0800] GC(40) Pause Young (Allocation Failure)
[2024-08-23T16:43:44.961+0800] GC(40) DefNew: 235908K(314560K)->16384K(314560K) Eden: 230788K(279616K)->0K(279616K) From: 5120K(34944K)->16384K(34944K)
[2024-08-23T16:43:44.961+0800] GC(40) Tenured: 278272K(699072K)->329472K(699072K)
[2024-08-23T16:43:44.961+0800] GC(40) Metaspace: 307K(512K)->307K(512K) NonClass: 299K(384K)->299K(384K) Class: 7K(128K)->7K(128K)
[2024-08-23T16:43:44.961+0800] GC(40) Pause Young (Allocation Failure) 502M->337M(989M) 5.771ms
[2024-08-23T16:43:44.961+0800] GC(40) User=0.00s Sys=0.00s Real=0.01s
[2024-08-23T16:43:47.697+0800] GC(41) Pause Young (Allocation Failure)
[2024-08-23T16:43:47.699+0800] GC(41) DefNew: 247163K(314560K)->25600K(314560K) Eden: 230779K(279616K)->0K(279616K) From: 16384K(34944K)->25600K(34944K)
[2024-08-23T16:43:47.699+0800] GC(41) Tenured: 329472K(699072K)->329472K(699072K)
[2024-08-23T16:43:47.699+0800] GC(41) Metaspace: 307K(512K)->307K(512K) NonClass: 299K(384K)->299K(384K) Class: 7K(128K)->7K(128K)
[2024-08-23T16:43:47.699+0800] GC(41) Pause Young (Allocation Failure) 563M->346M(989M) 2.628ms
[2024-08-23T16:43:47.699+0800] GC(41) User=0.00s Sys=0.00s Real=0.00s
[2024-08-23T16:43:49.122+0800] GC(42) Pause Young (Allocation Failure)
[2024-08-23T16:43:49.127+0800] GC(42) DefNew: 256382K(314560K)->25600K(314560K) Eden: 230782K(279616K)->0K(279616K) From: 25600K(34944K)->25600K(34944K)
[2024-08-23T16:43:49.127+0800] GC(42) Tenured: 329472K(699072K)->355072K(699072K)
[2024-08-23T16:43:49.127+0800] GC(42) Metaspace: 307K(512K)->307K(512K) NonClass: 299K(384K)->299K(384K) Class: 7K(128K)->7K(128K)
[2024-08-23T16:43:49.127+0800] GC(42) Pause Young (Allocation Failure) 572M->371M(989M) 4.844ms
[2024-08-23T16:43:49.127+0800] GC(42) User=0.00s Sys=0.00s Real=0.01s
[2024-08-23T16:43:50.657+0800] GC(43) Pause Young (Allocation Failure)
[2024-08-23T16:43:50.663+0800] GC(43) DefNew: 256385K(314560K)->0K(314560K) Eden: 230784K(279616K)->0K(279616K) From: 25600K(34944K)->0K(34944K)
[2024-08-23T16:43:50.663+0800] GC(43) Tenured: 355072K(699072K)->406272K(699072K)
[2024-08-23T16:43:50.663+0800] GC(43) Metaspace: 307K(512K)->307K(512K) NonClass: 299K(384K)->299K(384K) Class: 7K(128K)->7K(128K)
[2024-08-23T16:43:50.663+0800] GC(43) Pause Young (Allocation Failure) 597M->396M(989M) 5.632ms
[2024-08-23T16:43:50.663+0800] GC(43) User=0.00s Sys=0.00s Real=0.01s
[2024-08-23T16:43:52.095+0800] GC(44) Pause Young (Allocation Failure)
[2024-08-23T16:43:52.109+0800] GC(44) DefNew: 230786K(314560K)->5120K(314560K) Eden: 230786K(279616K)->0K(279616K) From: 0K(34944K)->5120K(34944K)
[2024-08-23T16:43:52.109+0800] GC(44) Tenured: 406272K(699072K)->559872K(699072K)
[2024-08-23T16:43:52.109+0800] GC(44) Metaspace: 307K(512K)->307K(512K) NonClass: 300K(384K)->300K(384K) Class: 7K(128K)->7K(128K)
[2024-08-23T16:43:52.109+0800] GC(44) Pause Young (Allocation Failure) 622M->551M(989M) 14.182ms
[2024-08-23T16:43:52.109+0800] GC(44) User=0.00s Sys=0.00s Real=0.01s
[2024-08-23T16:43:53.532+0800] GC(45) Pause Young (Allocation Failure)
[2024-08-23T16:43:53.537+0800] GC(45) DefNew: 235907K(314560K)->11264K(314560K) Eden: 230787K(279616K)->0K(279616K) From: 5120K(34944K)->11264K(34944K)
[2024-08-23T16:43:53.537+0800] GC(45) Tenured: 559872K(699072K)->611072K(699072K)
[2024-08-23T16:43:53.537+0800] GC(45) Metaspace: 307K(512K)->307K(512K) NonClass: 300K(384K)->300K(384K) Class: 7K(128K)->7K(128K)
[2024-08-23T16:43:53.537+0800] GC(45) Pause Young (Allocation Failure) 777M->607M(989M) 6.107ms
[2024-08-23T16:43:53.537+0800] GC(45) User=0.00s Sys=0.00s Real=0.00s
[2024-08-23T16:43:54.968+0800] GC(46) Pause Young (Allocation Failure)
[2024-08-23T16:43:54.968+0800] GC(46) Pause Young (Allocation Failure) 808M->808M(989M) 0.075ms
[2024-08-23T16:43:54.968+0800] GC(46) User=0.00s Sys=0.00s Real=0.00s
[2024-08-23T16:43:54.968+0800] GC(47) Pause Full (Allocation Failure)
[2024-08-23T16:43:54.968+0800] GC(47) Phase 1: Mark live objects
[2024-08-23T16:43:54.968+0800] GC(47) Phase 1: Mark live objects 0.610ms
[2024-08-23T16:43:54.968+0800] GC(47) Phase 2: Compute new object addresses
[2024-08-23T16:43:54.969+0800] GC(47) Phase 2: Compute new object addresses 0.150ms
[2024-08-23T16:43:54.969+0800] GC(47) Phase 3: Adjust pointers
[2024-08-23T16:43:54.969+0800] GC(47) Phase 3: Adjust pointers 0.348ms
[2024-08-23T16:43:54.969+0800] GC(47) Phase 4: Move objects
[2024-08-23T16:43:54.974+0800] GC(47) Phase 4: Move objects 5.113ms
[2024-08-23T16:43:54.974+0800] GC(47) DefNew: 216451K(314560K)->0K(314560K) Eden: 205187K(279616K)->0K(279616K) From: 11264K(34944K)->0K(34944K)
[2024-08-23T16:43:54.974+0800] GC(47) Tenured: 611072K(699072K)->62208K(699072K)
[2024-08-23T16:43:54.974+0800] GC(47) Metaspace: 307K(512K)->307K(512K) NonClass: 300K(384K)->300K(384K) Class: 7K(128K)->7K(128K)
[2024-08-23T16:43:54.974+0800] GC(47) Pause Full (Allocation Failure) 808M->60M(989M) 6.409ms
[2024-08-23T16:43:54.974+0800] GC(47) User=0.00s Sys=0.00s Real=0.01s
[2024-08-23T16:43:56.398+0800] GC(48) Pause Young (Allocation Failure)
[2024-08-23T16:43:56.403+0800] GC(48) DefNew: 230784K(314560K)->15360K(314560K) Eden: 230784K(279616K)->0K(279616K) From: 0K(34944K)->15360K(34944K)
[2024-08-23T16:43:56.403+0800] GC(48) Tenured: 62208K(699072K)->113408K(699072K)
[2024-08-23T16:43:56.403+0800] GC(48) Metaspace: 307K(512K)->307K(512K) NonClass: 300K(384K)->300K(384K) Class: 7K(128K)->7K(128K)
[2024-08-23T16:43:56.403+0800] GC(48) Pause Young (Allocation Failure) 286M->125M(989M) 5.486ms
[2024-08-23T16:43:56.403+0800] GC(48) User=0.00s Sys=0.00s Real=0.01s
[2024-08-23T16:43:59.144+0800] GC(49) Pause Young (Allocation Failure)
[2024-08-23T16:43:59.147+0800] GC(49) DefNew: 261506K(314560K)->25600K(314560K) Eden: 246146K(279616K)->0K(279616K) From: 15360K(34944K)->25600K(34944K)
[2024-08-23T16:43:59.147+0800] GC(49) Tenured: 113408K(699072K)->113408K(699072K)
[2024-08-23T16:43:59.147+0800] GC(49) Metaspace: 307K(512K)->307K(512K) NonClass: 300K(384K)->300K(384K) Class: 7K(128K)->7K(128K)
[2024-08-23T16:43:59.147+0800] GC(49) Pause Young (Allocation Failure) 366M->135M(989M) 2.373ms
[2024-08-23T16:43:59.147+0800] GC(49) User=0.00s Sys=0.00s Real=0.00s
[2024-08-23T16:44:00.564+0800] GC(50) Pause Young (Allocation Failure)
[2024-08-23T16:44:00.570+0800] GC(50) DefNew: 256388K(314560K)->25600K(314560K) Eden: 230788K(279616K)->0K(279616K) From: 25600K(34944K)->25600K(34944K)
[2024-08-23T16:44:00.570+0800] GC(50) Tenured: 113408K(699072K)->169728K(699072K)
[2024-08-23T16:44:00.570+0800] GC(50) Metaspace: 307K(512K)->307K(512K) NonClass: 300K(384K)->300K(384K) Class: 7K(128K)->7K(128K)
[2024-08-23T16:44:00.570+0800] GC(50) Pause Young (Allocation Failure) 361M->190M(989M) 7.193ms
[2024-08-23T16:44:00.570+0800] GC(50) User=0.00s Sys=0.00s Real=0.01s
[2024-08-23T16:44:02.094+0800] GC(51) Pause Young (Allocation Failure)
[2024-08-23T16:44:02.094+0800] GC(51) DefNew: 210308K(314560K)->5120K(314560K) Eden: 184708K(279616K)->0K(279616K) From: 25600K(34944K)->5120K(34944K)
[2024-08-23T16:44:02.094+0800] GC(51) Tenured: 169728K(699072K)->169728K(699072K)
[2024-08-23T16:44:02.094+0800] GC(51) Metaspace: 307K(512K)->307K(512K) NonClass: 300K(384K)->300K(384K) Class: 7K(128K)->7K(128K)
[2024-08-23T16:44:02.094+0800] GC(51) Pause Young (Allocation Failure) 371M->170M(989M) 0.694ms
[2024-08-23T16:44:02.094+0800] GC(51) User=0.00s Sys=0.00s Real=0.00s
[2024-08-23T16:44:03.513+0800] GC(52) Pause Young (Allocation Failure)
[2024-08-23T16:44:03.517+0800] GC(52) DefNew: 235901K(314560K)->6144K(314560K) Eden: 230781K(279616K)->0K(279616K) From: 5120K(34944K)->6144K(34944K)
[2024-08-23T16:44:03.517+0800] GC(52) Tenured: 169728K(699072K)->220928K(699072K)
[2024-08-23T16:44:03.517+0800] GC(52) Metaspace: 307K(512K)->307K(512K) NonClass: 300K(384K)->300K(384K) Class: 7K(128K)->7K(128K)
[2024-08-23T16:44:03.517+0800] GC(52) Pause Young (Allocation Failure) 396M->221M(989M) 5.022ms
[2024-08-23T16:44:03.517+0800] GC(52) User=0.00s Sys=0.00s Real=0.00s
[2024-08-23T16:44:04.933+0800] GC(53) Pause Young (Allocation Failure)
[2024-08-23T16:44:04.939+0800] GC(53) DefNew: 236928K(314560K)->17408K(314560K) Eden: 230784K(279616K)->0K(279616K) From: 6144K(34944K)->17408K(34944K)
[2024-08-23T16:44:04.939+0800] GC(53) Tenured: 220928K(699072K)->272128K(699072K)
[2024-08-23T16:44:04.939+0800] GC(53) Metaspace: 307K(512K)->307K(512K) NonClass: 300K(384K)->300K(384K) Class: 7K(128K)->7K(128K)
[2024-08-23T16:44:04.939+0800] GC(53) Pause Young (Allocation Failure) 447M->282M(989M) 7.073ms
[2024-08-23T16:44:04.939+0800] GC(53) User=0.00s Sys=0.00s Real=0.01s
[2024-08-23T16:44:06.367+0800] GC(54) Pause Young (Allocation Failure)
[2024-08-23T16:44:06.372+0800] GC(54) DefNew: 222593K(314560K)->10240K(314560K) Eden: 205185K(279616K)->0K(279616K) From: 17408K(34944K)->10240K(34944K)
[2024-08-23T16:44:06.373+0800] GC(54) Tenured: 272128K(699072K)->323328K(699072K)
[2024-08-23T16:44:06.373+0800] GC(54) Metaspace: 307K(512K)->307K(512K) NonClass: 300K(384K)->300K(384K) Class: 7K(128K)->7K(128K)
[2024-08-23T16:44:06.373+0800] GC(54) Pause Young (Allocation Failure) 483M->325M(989M) 5.897ms
[2024-08-23T16:44:06.373+0800] GC(54) User=0.02s Sys=0.00s Real=0.01s
[2024-08-23T16:44:07.805+0800] GC(55) Pause Young (Allocation Failure)
[2024-08-23T16:44:07.812+0800] GC(55) DefNew: 241023K(314560K)->15360K(314560K) Eden: 230783K(279616K)->0K(279616K) From: 10240K(34944K)->15360K(34944K)
[2024-08-23T16:44:07.812+0800] GC(55) Tenured: 323328K(699072K)->395008K(699072K)
[2024-08-23T16:44:07.812+0800] GC(55) Metaspace: 307K(512K)->307K(512K) NonClass: 300K(384K)->300K(384K) Class: 7K(128K)->7K(128K)
[2024-08-23T16:44:07.812+0800] GC(55) Pause Young (Allocation Failure) 551M->400M(989M) 7.336ms
[2024-08-23T16:44:07.813+0800] GC(55) User=0.00s Sys=0.00s Real=0.01s
[2024-08-23T16:44:10.439+0800] GC(56) Pause Young (Allocation Failure)
[2024-08-23T16:44:10.440+0800] GC(56) DefNew: 287105K(314560K)->15360K(314560K) Eden: 271745K(279616K)->0K(279616K) From: 15360K(34944K)->15360K(34944K)
[2024-08-23T16:44:10.440+0800] GC(56) Tenured: 395008K(699072K)->395008K(699072K)
[2024-08-23T16:44:10.440+0800] GC(56) Metaspace: 307K(512K)->307K(512K) NonClass: 300K(384K)->300K(384K) Class: 7K(128K)->7K(128K)
[2024-08-23T16:44:10.440+0800] GC(56) Pause Young (Allocation Failure) 666M->400M(989M) 1.714ms
[2024-08-23T16:44:10.440+0800] GC(56) User=0.00s Sys=0.00s Real=0.00s
[2024-08-23T16:44:11.972+0800] GC(57) Pause Young (Allocation Failure)
[2024-08-23T16:44:11.984+0800] GC(57) DefNew: 266630K(314560K)->30720K(314560K) Eden: 251270K(279616K)->0K(279616K) From: 15360K(34944K)->30720K(34944K)
[2024-08-23T16:44:11.984+0800] GC(57) Tenured: 395008K(699072K)->497408K(699072K)
[2024-08-23T16:44:11.984+0800] GC(57) Metaspace: 307K(512K)->307K(512K) NonClass: 300K(384K)->300K(384K) Class: 7K(128K)->7K(128K)
[2024-08-23T16:44:11.984+0800] GC(57) Pause Young (Allocation Failure) 646M->515M(989M) 11.383ms
[2024-08-23T16:44:11.984+0800] GC(57) User=0.00s Sys=0.00s Real=0.01s
[2024-08-23T16:44:14.834+0800] GC(58) Pause Young (Allocation Failure)
[2024-08-23T16:44:14.838+0800] GC(58) DefNew: 292232K(314560K)->31744K(314560K) Eden: 261512K(279616K)->0K(279616K) From: 30720K(34944K)->31744K(34944K)
[2024-08-23T16:44:14.838+0800] GC(58) Tenured: 497408K(699072K)->497408K(699072K)
[2024-08-23T16:44:14.838+0800] GC(58) Metaspace: 307K(512K)->307K(512K) NonClass: 300K(384K)->300K(384K) Class: 7K(128K)->7K(128K)
[2024-08-23T16:44:14.838+0800] GC(58) Pause Young (Allocation Failure) 771M->516M(989M) 4.119ms
[2024-08-23T16:44:14.838+0800] GC(58) User=0.00s Sys=0.00s Real=0.00s
[2024-08-23T16:44:16.254+0800] GC(59) Pause Young (Allocation Failure)
[2024-08-23T16:44:16.258+0800] GC(59) DefNew: 262538K(314560K)->25600K(314560K) Eden: 230794K(279616K)->0K(279616K) From: 31744K(34944K)->25600K(34944K)
[2024-08-23T16:44:16.258+0800] GC(59) Tenured: 497408K(699072K)->518912K(699072K)
[2024-08-23T16:44:16.258+0800] GC(59) Metaspace: 307K(512K)->307K(512K) NonClass: 300K(384K)->300K(384K) Class: 7K(128K)->7K(128K)
[2024-08-23T16:44:16.258+0800] GC(59) Pause Young (Allocation Failure) 742M->531M(989M) 3.991ms
[2024-08-23T16:44:16.258+0800] GC(59) User=0.00s Sys=0.00s Real=0.00s
[2024-08-23T16:44:17.786+0800] GC(60) Pause Young (Allocation Failure)
[2024-08-23T16:44:17.791+0800] GC(60) DefNew: 276889K(314560K)->20480K(314560K) Eden: 251289K(279616K)->0K(279616K) From: 25600K(34944K)->20480K(34944K)
[2024-08-23T16:44:17.791+0800] GC(60) Tenured: 518912K(699072K)->570112K(699072K)
[2024-08-23T16:44:17.791+0800] GC(60) Metaspace: 307K(512K)->307K(512K) NonClass: 300K(384K)->300K(384K) Class: 7K(128K)->7K(128K)
[2024-08-23T16:44:17.791+0800] GC(60) Pause Young (Allocation Failure) 777M->576M(989M) 5.716ms
[2024-08-23T16:44:17.791+0800] GC(60) User=0.00s Sys=0.00s Real=0.00s
[2024-08-23T16:44:19.211+0800] GC(61) Pause Young (Allocation Failure)
[2024-08-23T16:44:19.217+0800] GC(61) DefNew: 251284K(314560K)->5120K(314560K) Eden: 230804K(279616K)->0K(279616K) From: 20480K(34944K)->5120K(34944K)
[2024-08-23T16:44:19.217+0800] GC(61) Tenured: 570112K(699072K)->641792K(699072K)
[2024-08-23T16:44:19.217+0800] GC(61) Metaspace: 307K(512K)->307K(512K) NonClass: 300K(384K)->300K(384K) Class: 7K(128K)->7K(128K)
[2024-08-23T16:44:19.217+0800] GC(61) Pause Young (Allocation Failure) 802M->631M(989M) 6.404ms
[2024-08-23T16:44:19.217+0800] GC(61) User=0.00s Sys=0.00s Real=0.01s
[2024-08-23T16:44:20.643+0800] GC(62) Pause Young (Allocation Failure)
[2024-08-23T16:44:20.643+0800] GC(62) Pause Young (Allocation Failure) 857M->857M(989M) 0.060ms
[2024-08-23T16:44:20.643+0800] GC(62) User=0.00s Sys=0.00s Real=0.00s
[2024-08-23T16:44:20.643+0800] GC(63) Pause Full (Allocation Failure)
[2024-08-23T16:44:20.643+0800] GC(63) Phase 1: Mark live objects
[2024-08-23T16:44:20.643+0800] GC(63) Phase 1: Mark live objects 0.620ms
[2024-08-23T16:44:20.643+0800] GC(63) Phase 2: Compute new object addresses
[2024-08-23T16:44:20.643+0800] GC(63) Phase 2: Compute new object addresses 0.147ms
[2024-08-23T16:44:20.643+0800] GC(63) Phase 3: Adjust pointers
[2024-08-23T16:44:20.643+0800] GC(63) Phase 3: Adjust pointers 0.337ms
[2024-08-23T16:44:20.643+0800] GC(63) Phase 4: Move objects
[2024-08-23T16:44:20.654+0800] GC(63) Phase 4: Move objects 10.523ms
[2024-08-23T16:44:20.654+0800] GC(63) DefNew: 235918K(314560K)->0K(314560K) Eden: 230798K(279616K)->0K(279616K) From: 5120K(34944K)->0K(34944K)
[2024-08-23T16:44:20.654+0800] GC(63) Tenured: 641792K(699072K)->133888K(699072K)
[2024-08-23T16:44:20.654+0800] GC(63) Metaspace: 307K(512K)->307K(512K) NonClass: 300K(384K)->300K(384K) Class: 7K(128K)->7K(128K)
[2024-08-23T16:44:20.654+0800] GC(63) Pause Full (Allocation Failure) 857M->130M(989M) 11.840ms
[2024-08-23T16:44:20.654+0800] GC(63) User=0.00s Sys=0.00s Real=0.01s
[2024-08-23T16:44:22.079+0800] GC(64) Pause Young (Allocation Failure)
[2024-08-23T16:44:22.084+0800] GC(64) DefNew: 210315K(314560K)->5120K(314560K) Eden: 210315K(279616K)->0K(279616K) From: 0K(34944K)->5120K(34944K)
[2024-08-23T16:44:22.084+0800] GC(64) Tenured: 133888K(699072K)->185088K(699072K)
[2024-08-23T16:44:22.084+0800] GC(64) Metaspace: 307K(512K)->307K(512K) NonClass: 300K(384K)->300K(384K) Class: 7K(128K)->7K(128K)
[2024-08-23T16:44:22.084+0800] GC(64) Pause Young (Allocation Failure) 336M->185M(989M) 5.397ms
[2024-08-23T16:44:22.084+0800] GC(64) User=0.00s Sys=0.00s Real=0.01s
[2024-08-23T16:44:23.495+0800] GC(65) Pause Young (Allocation Failure)
[2024-08-23T16:44:23.500+0800] GC(65) DefNew: 235910K(314560K)->11264K(314560K) Eden: 230790K(279616K)->0K(279616K) From: 5120K(34944K)->11264K(34944K)
[2024-08-23T16:44:23.500+0800] GC(65) Tenured: 185088K(699072K)->236288K(699072K)
[2024-08-23T16:44:23.500+0800] GC(65) Metaspace: 307K(512K)->307K(512K) NonClass: 300K(384K)->300K(384K) Class: 7K(128K)->7K(128K)
[2024-08-23T16:44:23.500+0800] GC(65) Pause Young (Allocation Failure) 411M->241M(989M) 5.207ms
[2024-08-23T16:44:23.500+0800] GC(65) User=0.00s Sys=0.00s Real=0.01s
[2024-08-23T16:44:26.349+0800] GC(66) Pause Young (Allocation Failure)
[2024-08-23T16:44:26.355+0800] GC(66) DefNew: 283039K(314560K)->15360K(314560K) Eden: 271775K(279616K)->0K(279616K) From: 11264K(34944K)->15360K(34944K)
[2024-08-23T16:44:26.355+0800] GC(66) Tenured: 236288K(699072K)->287488K(699072K)
[2024-08-23T16:44:26.355+0800] GC(66) Metaspace: 307K(512K)->307K(512K) NonClass: 300K(384K)->300K(384K) Class: 7K(128K)->7K(128K)
[2024-08-23T16:44:26.355+0800] GC(66) Pause Young (Allocation Failure) 507M->295M(989M) 5.910ms
[2024-08-23T16:44:26.355+0800] GC(66) User=0.00s Sys=0.00s Real=0.01s
[2024-08-23T16:44:27.770+0800] GC(67) Pause Young (Allocation Failure)
[2024-08-23T16:44:27.778+0800] GC(67) DefNew: 246170K(314560K)->20480K(314560K) Eden: 230810K(279616K)->0K(279616K) From: 15360K(34944K)->20480K(34944K)
[2024-08-23T16:44:27.778+0800] GC(67) Tenured: 287488K(699072K)->359168K(699072K)
[2024-08-23T16:44:27.778+0800] GC(67) Metaspace: 307K(512K)->307K(512K) NonClass: 300K(384K)->300K(384K) Class: 7K(128K)->7K(128K)
[2024-08-23T16:44:27.778+0800] GC(67) Pause Young (Allocation Failure) 521M->370M(989M) 7.554ms
[2024-08-23T16:44:27.778+0800] GC(67) User=0.00s Sys=0.00s Real=0.01s
[2024-08-23T16:44:29.203+0800] GC(68) Pause Young (Allocation Failure)
[2024-08-23T16:44:29.208+0800] GC(68) DefNew: 215451K(314560K)->0K(314560K) Eden: 194971K(279616K)->0K(279616K) From: 20480K(34944K)->0K(34944K)
[2024-08-23T16:44:29.208+0800] GC(68) Tenured: 359168K(699072K)->410368K(699072K)
[2024-08-23T16:44:29.208+0800] GC(68) Metaspace: 307K(512K)->307K(512K) NonClass: 300K(384K)->300K(384K) Class: 7K(128K)->7K(128K)
[2024-08-23T16:44:29.208+0800] GC(68) Pause Young (Allocation Failure) 561M->400M(989M) 4.523ms
[2024-08-23T16:44:29.208+0800] GC(68) User=0.00s Sys=0.00s Real=0.00s
[2024-08-23T16:44:30.636+0800] GC(69) Pause Young (Allocation Failure)
[2024-08-23T16:44:30.641+0800] GC(69) DefNew: 230797K(314560K)->5120K(314560K) Eden: 230797K(279616K)->0K(279616K) From: 0K(34944K)->5120K(34944K)
[2024-08-23T16:44:30.641+0800] GC(69) Tenured: 410368K(699072K)->461568K(699072K)
[2024-08-23T16:44:30.641+0800] GC(69) Metaspace: 307K(512K)->307K(512K) NonClass: 300K(384K)->300K(384K) Class: 7K(128K)->7K(128K)
[2024-08-23T16:44:30.641+0800] GC(69) Pause Young (Allocation Failure) 626M->455M(989M) 5.158ms
[2024-08-23T16:44:30.641+0800] GC(69) User=0.00s Sys=0.00s Real=0.01s
[2024-08-23T16:44:32.057+0800] GC(70) Pause Young (Allocation Failure)
[2024-08-23T16:44:32.072+0800] GC(70) DefNew: 235914K(314560K)->10240K(314560K) Eden: 230794K(279616K)->0K(279616K) From: 5120K(34944K)->10240K(34944K)
[2024-08-23T16:44:32.072+0800] GC(70) Tenured: 461568K(699072K)->615168K(699072K)
[2024-08-23T16:44:32.072+0800] GC(70) Metaspace: 307K(512K)->307K(512K) NonClass: 300K(384K)->300K(384K) Class: 7K(128K)->7K(128K)
[2024-08-23T16:44:32.072+0800] GC(70) Pause Young (Allocation Failure) 681M->610M(989M) 14.524ms
[2024-08-23T16:44:32.072+0800] GC(70) User=0.00s Sys=0.00s Real=0.02s
[2024-08-23T16:44:33.497+0800] GC(71) Pause Young (Allocation Failure)
[2024-08-23T16:44:33.497+0800] GC(71) Pause Young (Allocation Failure) 816M->816M(989M) 0.089ms
[2024-08-23T16:44:33.497+0800] GC(71) User=0.00s Sys=0.00s Real=0.00s
[2024-08-23T16:44:33.497+0800] GC(72) Pause Full (Allocation Failure)
[2024-08-23T16:44:33.497+0800] GC(72) Phase 1: Mark live objects
[2024-08-23T16:44:33.497+0800] GC(72) Phase 1: Mark live objects 0.587ms
[2024-08-23T16:44:33.497+0800] GC(72) Phase 2: Compute new object addresses
[2024-08-23T16:44:33.498+0800] GC(72) Phase 2: Compute new object addresses 0.140ms
[2024-08-23T16:44:33.498+0800] GC(72) Phase 3: Adjust pointers
[2024-08-23T16:44:33.498+0800] GC(72) Phase 3: Adjust pointers 0.329ms
[2024-08-23T16:44:33.498+0800] GC(72) Phase 4: Move objects
[2024-08-23T16:44:33.502+0800] GC(72) Phase 4: Move objects 4.253ms
[2024-08-23T16:44:33.502+0800] GC(72) DefNew: 220552K(314560K)->0K(314560K) Eden: 210312K(279616K)->0K(279616K) From: 10240K(34944K)->0K(34944K)
[2024-08-23T16:44:33.502+0800] GC(72) Tenured: 615168K(699072K)->57088K(699072K)
[2024-08-23T16:44:33.502+0800] GC(72) Metaspace: 307K(512K)->307K(512K) NonClass: 300K(384K)->300K(384K) Class: 7K(128K)->7K(128K)
[2024-08-23T16:44:33.502+0800] GC(72) Pause Full (Allocation Failure) 816M->55M(989M) 5.484ms
[2024-08-23T16:44:33.502+0800] GC(72) User=0.00s Sys=0.00s Real=0.01s
[2024-08-23T16:44:34.923+0800] GC(73) Pause Young (Allocation Failure)
[2024-08-23T16:44:34.928+0800] GC(73) DefNew: 230788K(314560K)->11264K(314560K) Eden: 230788K(279616K)->0K(279616K) From: 0K(34944K)->11264K(34944K)
[2024-08-23T16:44:34.928+0800] GC(73) Tenured: 57088K(699072K)->108288K(699072K)
[2024-08-23T16:44:34.928+0800] GC(73) Metaspace: 307K(512K)->307K(512K) NonClass: 300K(384K)->300K(384K) Class: 7K(128K)->7K(128K)
[2024-08-23T16:44:34.928+0800] GC(73) Pause Young (Allocation Failure) 281M->116M(989M) 5.714ms
[2024-08-23T16:44:34.928+0800] GC(73) User=0.00s Sys=0.00s Real=0.00s
[2024-08-23T16:44:37.646+0800] GC(74) Pause Young (Allocation Failure)
[2024-08-23T16:44:37.648+0800] GC(74) DefNew: 242043K(314560K)->25600K(314560K) Eden: 230779K(279616K)->0K(279616K) From: 11264K(34944K)->25600K(34944K)
[2024-08-23T16:44:37.648+0800] GC(74) Tenured: 108288K(699072K)->108288K(699072K)
[2024-08-23T16:44:37.648+0800] GC(74) Metaspace: 307K(512K)->307K(512K) NonClass: 300K(384K)->300K(384K) Class: 7K(128K)->7K(128K)
[2024-08-23T16:44:37.648+0800] GC(74) Pause Young (Allocation Failure) 342M->130M(989M) 3.239ms
[2024-08-23T16:44:37.648+0800] GC(74) User=0.00s Sys=0.00s Real=0.00s
[2024-08-23T16:44:39.066+0800] GC(75) Pause Young (Allocation Failure)
[2024-08-23T16:44:39.070+0800] GC(75) DefNew: 256382K(314560K)->25600K(314560K) Eden: 230782K(279616K)->0K(279616K) From: 25600K(34944K)->25600K(34944K)
[2024-08-23T16:44:39.070+0800] GC(75) Tenured: 108288K(699072K)->133888K(699072K)
[2024-08-23T16:44:39.070+0800] GC(75) Metaspace: 307K(512K)->307K(512K) NonClass: 300K(384K)->300K(384K) Class: 7K(128K)->7K(128K)
[2024-08-23T16:44:39.070+0800] GC(75) Pause Young (Allocation Failure) 356M->155M(989M) 4.732ms
[2024-08-23T16:44:39.070+0800] GC(75) User=0.00s Sys=0.00s Real=0.00s
[2024-08-23T16:44:40.599+0800] GC(76) Pause Young (Allocation Failure)
[2024-08-23T16:44:40.603+0800] GC(76) DefNew: 256385K(314560K)->0K(314560K) Eden: 230784K(279616K)->0K(279616K) From: 25600K(34944K)->0K(34944K)
[2024-08-23T16:44:40.603+0800] GC(76) Tenured: 133888K(699072K)->185088K(699072K)
[2024-08-23T16:44:40.603+0800] GC(76) Metaspace: 307K(512K)->307K(512K) NonClass: 300K(384K)->300K(384K) Class: 7K(128K)->7K(128K)
[2024-08-23T16:44:40.603+0800] GC(76) Pause Young (Allocation Failure) 381M->180M(989M) 4.653ms
[2024-08-23T16:44:40.603+0800] GC(76) User=0.00s Sys=0.00s Real=0.00s
[2024-08-23T16:44:42.020+0800] GC(77) Pause Young (Allocation Failure)
[2024-08-23T16:44:42.033+0800] GC(77) DefNew: 230786K(314560K)->5120K(314560K) Eden: 230786K(279616K)->0K(279616K) From: 0K(34944K)->5120K(34944K)
[2024-08-23T16:44:42.033+0800] GC(77) Tenured: 185088K(699072K)->338688K(699072K)
[2024-08-23T16:44:42.033+0800] GC(77) Metaspace: 307K(512K)->307K(512K) NonClass: 300K(384K)->300K(384K) Class: 7K(128K)->7K(128K)
[2024-08-23T16:44:42.033+0800] GC(77) Pause Young (Allocation Failure) 406M->335M(989M) 13.303ms
[2024-08-23T16:44:42.033+0800] GC(77) User=0.02s Sys=0.00s Real=0.01s
[2024-08-23T16:44:43.462+0800] GC(78) Pause Young (Allocation Failure)
[2024-08-23T16:44:43.467+0800] GC(78) DefNew: 235907K(314560K)->11264K(314560K) Eden: 230787K(279616K)->0K(279616K) From: 5120K(34944K)->11264K(34944K)
[2024-08-23T16:44:43.467+0800] GC(78) Tenured: 338688K(699072K)->389888K(699072K)
[2024-08-23T16:44:43.467+0800] GC(78) Metaspace: 307K(512K)->307K(512K) NonClass: 300K(384K)->300K(384K) Class: 7K(128K)->7K(128K)
[2024-08-23T16:44:43.467+0800] GC(78) Pause Young (Allocation Failure) 561M->391M(989M) 5.644ms
[2024-08-23T16:44:43.467+0800] GC(78) User=0.00s Sys=0.00s Real=0.01s
[2024-08-23T16:44:44.887+0800] GC(79) Pause Young (Allocation Failure)
[2024-08-23T16:44:44.892+0800] GC(79) DefNew: 216451K(314560K)->10240K(314560K) Eden: 205187K(279616K)->0K(279616K) From: 11264K(34944K)->10240K(34944K)
[2024-08-23T16:44:44.892+0800] GC(79) Tenured: 389888K(699072K)->441088K(699072K)
[2024-08-23T16:44:44.892+0800] GC(79) Metaspace: 307K(512K)->307K(512K) NonClass: 300K(384K)->300K(384K) Class: 7K(128K)->7K(128K)
[2024-08-23T16:44:44.892+0800] GC(79) Pause Young (Allocation Failure) 592M->440M(989M) 5.613ms
[2024-08-23T16:44:44.892+0800] GC(79) User=0.00s Sys=0.00s Real=0.00s
[2024-08-23T16:44:46.329+0800] GC(80) Pause Young (Allocation Failure)
[2024-08-23T16:44:46.335+0800] GC(80) DefNew: 241024K(314560K)->25600K(314560K) Eden: 230784K(279616K)->0K(279616K) From: 10240K(34944K)->25600K(34944K)
[2024-08-23T16:44:46.335+0800] GC(80) Tenured: 441088K(699072K)->492288K(699072K)
[2024-08-23T16:44:46.335+0800] GC(80) Metaspace: 307K(512K)->307K(512K) NonClass: 300K(384K)->300K(384K) Class: 7K(128K)->7K(128K)
[2024-08-23T16:44:46.335+0800] GC(80) Pause Young (Allocation Failure) 666M->505M(989M) 6.438ms
[2024-08-23T16:44:46.335+0800] GC(80) User=0.00s Sys=0.00s Real=0.01s
[2024-08-23T16:44:49.075+0800] GC(81) Pause Young (Allocation Failure)
[2024-08-23T16:44:49.079+0800] GC(81) DefNew: 271746K(314560K)->25600K(314560K) Eden: 246146K(279616K)->0K(279616K) From: 25600K(34944K)->25600K(34944K)
[2024-08-23T16:44:49.079+0800] GC(81) Tenured: 492288K(699072K)->492288K(699072K)
[2024-08-23T16:44:49.079+0800] GC(81) Metaspace: 307K(512K)->307K(512K) NonClass: 300K(384K)->300K(384K) Class: 7K(128K)->7K(128K)
[2024-08-23T16:44:49.079+0800] GC(81) Pause Young (Allocation Failure) 746M->505M(989M) 4.051ms
[2024-08-23T16:44:49.079+0800] GC(81) User=0.00s Sys=0.00s Real=0.00s
[2024-08-23T16:44:50.500+0800] GC(82) Pause Young (Allocation Failure)
[2024-08-23T16:44:50.507+0800] GC(82) DefNew: 256388K(314560K)->25600K(314560K) Eden: 230788K(279616K)->0K(279616K) From: 25600K(34944K)->25600K(34944K)
[2024-08-23T16:44:50.507+0800] GC(82) Tenured: 492288K(699072K)->548608K(699072K)
[2024-08-23T16:44:50.507+0800] GC(82) Metaspace: 307K(512K)->307K(512K) NonClass: 300K(384K)->300K(384K) Class: 7K(128K)->7K(128K)
[2024-08-23T16:44:50.507+0800] GC(82) Pause Young (Allocation Failure) 731M->560M(989M) 6.807ms
[2024-08-23T16:44:50.507+0800] GC(82) User=0.00s Sys=0.00s Real=0.01s
[2024-08-23T16:44:52.029+0800] GC(83) Pause Young (Allocation Failure)
[2024-08-23T16:44:52.029+0800] GC(83) DefNew: 210308K(314560K)->5120K(314560K) Eden: 184708K(279616K)->0K(279616K) From: 25600K(34944K)->5120K(34944K)
[2024-08-23T16:44:52.029+0800] GC(83) Tenured: 548608K(699072K)->548608K(699072K)
[2024-08-23T16:44:52.029+0800] GC(83) Metaspace: 307K(512K)->307K(512K) NonClass: 300K(384K)->300K(384K) Class: 7K(128K)->7K(128K)
[2024-08-23T16:44:52.029+0800] GC(83) Pause Young (Allocation Failure) 741M->540M(989M) 0.677ms
[2024-08-23T16:44:52.029+0800] GC(83) User=0.00s Sys=0.00s Real=0.00s
[2024-08-23T16:44:53.452+0800] GC(84) Pause Young (Allocation Failure)
[2024-08-23T16:44:53.456+0800] GC(84) DefNew: 235901K(314560K)->6144K(314560K) Eden: 230781K(279616K)->0K(279616K) From: 5120K(34944K)->6144K(34944K)
[2024-08-23T16:44:53.457+0800] GC(84) Tenured: 548608K(699072K)->599808K(699072K)
[2024-08-23T16:44:53.457+0800] GC(84) Metaspace: 307K(512K)->307K(512K) NonClass: 300K(384K)->300K(384K) Class: 7K(128K)->7K(128K)
[2024-08-23T16:44:53.457+0800] GC(84) Pause Young (Allocation Failure) 766M->591M(989M) 5.390ms
[2024-08-23T16:44:53.457+0800] GC(84) User=0.00s Sys=0.00s Real=0.01s
[2024-08-23T16:44:54.885+0800] GC(85) Pause Young (Allocation Failure)
[2024-08-23T16:44:54.890+0800] GC(85) DefNew: 236928K(314560K)->17408K(314560K) Eden: 230784K(279616K)->0K(279616K) From: 6144K(34944K)->17408K(34944K)
[2024-08-23T16:44:54.890+0800] GC(85) Tenured: 599808K(699072K)->651008K(699072K)
[2024-08-23T16:44:54.890+0800] GC(85) Metaspace: 307K(512K)->307K(512K) NonClass: 300K(384K)->300K(384K) Class: 7K(128K)->7K(128K)
[2024-08-23T16:44:54.890+0800] GC(85) Pause Young (Allocation Failure) 817M->652M(989M) 5.900ms
[2024-08-23T16:44:54.890+0800] GC(85) User=0.00s Sys=0.00s Real=0.01s
[2024-08-23T16:44:56.320+0800] GC(86) Pause Young (Allocation Failure)
[2024-08-23T16:44:56.320+0800] GC(86) Pause Young (Allocation Failure) 853M->853M(989M) 0.060ms
[2024-08-23T16:44:56.320+0800] GC(86) User=0.00s Sys=0.00s Real=0.00s
[2024-08-23T16:44:56.320+0800] GC(87) Pause Full (Allocation Failure)
[2024-08-23T16:44:56.320+0800] GC(87) Phase 1: Mark live objects
[2024-08-23T16:44:56.320+0800] GC(87) Phase 1: Mark live objects 0.629ms
[2024-08-23T16:44:56.320+0800] GC(87) Phase 2: Compute new object addresses
[2024-08-23T16:44:56.320+0800] GC(87) Phase 2: Compute new object addresses 0.146ms
[2024-08-23T16:44:56.321+0800] GC(87) Phase 3: Adjust pointers
[2024-08-23T16:44:56.321+0800] GC(87) Phase 3: Adjust pointers 0.351ms
[2024-08-23T16:44:56.321+0800] GC(87) Phase 4: Move objects
[2024-08-23T16:44:56.326+0800] GC(87) Phase 4: Move objects 6.129ms
[2024-08-23T16:44:56.327+0800] GC(87) DefNew: 222593K(314560K)->0K(314560K) Eden: 205185K(279616K)->0K(279616K) From: 17408K(34944K)->0K(34944K)
[2024-08-23T16:44:56.327+0800] GC(87) Tenured: 651008K(699072K)->62208K(699072K)
[2024-08-23T16:44:56.327+0800] GC(87) Metaspace: 307K(512K)->307K(512K) NonClass: 300K(384K)->300K(384K) Class: 7K(128K)->7K(128K)
[2024-08-23T16:44:56.327+0800] GC(87) Pause Full (Allocation Failure) 853M->60M(989M) 7.466ms
[2024-08-23T16:44:56.327+0800] GC(87) User=0.00s Sys=0.00s Real=0.01s
[2024-08-23T16:44:57.761+0800] GC(88) Pause Young (Allocation Failure)
[2024-08-23T16:44:57.768+0800] GC(88) DefNew: 230783K(314560K)->25600K(314560K) Eden: 230783K(279616K)->0K(279616K) From: 0K(34944K)->25600K(34944K)
[2024-08-23T16:44:57.768+0800] GC(88) Tenured: 62208K(699072K)->113408K(699072K)
[2024-08-23T16:44:57.768+0800] GC(88) Metaspace: 307K(512K)->307K(512K) NonClass: 300K(384K)->300K(384K) Class: 7K(128K)->7K(128K)
[2024-08-23T16:44:57.768+0800] GC(88) Pause Young (Allocation Failure) 286M->135M(989M) 7.560ms
[2024-08-23T16:44:57.768+0800] GC(88) User=0.00s Sys=0.00s Real=0.01s
[2024-08-23T16:45:00.398+0800] GC(89) Pause Young (Allocation Failure)
[2024-08-23T16:45:00.400+0800] GC(89) DefNew: 297345K(314560K)->15360K(314560K) Eden: 271745K(279616K)->0K(279616K) From: 25600K(34944K)->15360K(34944K)
[2024-08-23T16:45:00.400+0800] GC(89) Tenured: 113408K(699072K)->113408K(699072K)
[2024-08-23T16:45:00.400+0800] GC(89) Metaspace: 307K(512K)->307K(512K) NonClass: 300K(384K)->300K(384K) Class: 7K(128K)->7K(128K)
[2024-08-23T16:45:00.400+0800] GC(89) Pause Young (Allocation Failure) 401M->125M(989M) 1.973ms
[2024-08-23T16:45:00.400+0800] GC(89) User=0.02s Sys=0.00s Real=0.00s
[2024-08-23T16:45:01.921+0800] GC(90) Pause Young (Allocation Failure)
[2024-08-23T16:45:01.933+0800] GC(90) DefNew: 266630K(314560K)->30720K(314560K) Eden: 251270K(279616K)->0K(279616K) From: 15360K(34944K)->30720K(34944K)
[2024-08-23T16:45:01.933+0800] GC(90) Tenured: 113408K(699072K)->215808K(699072K)
[2024-08-23T16:45:01.933+0800] GC(90) Metaspace: 307K(512K)->307K(512K) NonClass: 300K(384K)->300K(384K) Class: 7K(128K)->7K(128K)
[2024-08-23T16:45:01.933+0800] GC(90) Pause Young (Allocation Failure) 371M->240M(989M) 11.928ms
[2024-08-23T16:45:01.933+0800] GC(90) User=0.00s Sys=0.00s Real=0.01s
[2024-08-23T16:45:04.768+0800] GC(91) Pause Young (Allocation Failure)
[2024-08-23T16:45:04.771+0800] GC(91) DefNew: 292232K(314560K)->31744K(314560K) Eden: 261512K(279616K)->0K(279616K) From: 30720K(34944K)->31744K(34944K)
[2024-08-23T16:45:04.771+0800] GC(91) Tenured: 215808K(699072K)->215808K(699072K)
[2024-08-23T16:45:04.771+0800] GC(91) Metaspace: 307K(512K)->307K(512K) NonClass: 300K(384K)->300K(384K) Class: 7K(128K)->7K(128K)
[2024-08-23T16:45:04.771+0800] GC(91) Pause Young (Allocation Failure) 496M->241M(989M) 3.852ms
[2024-08-23T16:45:04.771+0800] GC(91) User=0.00s Sys=0.00s Real=0.00s
[2024-08-23T16:45:06.187+0800] GC(92) Pause Young (Allocation Failure)
[2024-08-23T16:45:06.191+0800] GC(92) DefNew: 262538K(314560K)->25600K(314560K) Eden: 230794K(279616K)->0K(279616K) From: 31744K(34944K)->25600K(34944K)
[2024-08-23T16:45:06.191+0800] GC(92) Tenured: 215808K(699072K)->237312K(699072K)
[2024-08-23T16:45:06.191+0800] GC(92) Metaspace: 307K(512K)->307K(512K) NonClass: 300K(384K)->300K(384K) Class: 7K(128K)->7K(128K)
[2024-08-23T16:45:06.191+0800] GC(92) Pause Young (Allocation Failure) 467M->256M(989M) 4.455ms
[2024-08-23T16:45:06.191+0800] GC(92) User=0.00s Sys=0.00s Real=0.00s
[2024-08-23T16:45:07.713+0800] GC(93) Pause Young (Allocation Failure)
[2024-08-23T16:45:07.720+0800] GC(93) DefNew: 276889K(314560K)->20480K(314560K) Eden: 251289K(279616K)->0K(279616K) From: 25600K(34944K)->20480K(34944K)
[2024-08-23T16:45:07.720+0800] GC(93) Tenured: 237312K(699072K)->288512K(699072K)
[2024-08-23T16:45:07.720+0800] GC(93) Metaspace: 307K(512K)->307K(512K) NonClass: 300K(384K)->300K(384K) Class: 7K(128K)->7K(128K)
[2024-08-23T16:45:07.720+0800] GC(93) Pause Young (Allocation Failure) 502M->301M(989M) 6.915ms
[2024-08-23T16:45:07.720+0800] GC(93) User=0.00s Sys=0.00s Real=0.01s
[2024-08-23T16:45:09.142+0800] GC(94) Pause Young (Allocation Failure)
[2024-08-23T16:45:09.148+0800] GC(94) DefNew: 251284K(314560K)->5120K(314560K) Eden: 230804K(279616K)->0K(279616K) From: 20480K(34944K)->5120K(34944K)
[2024-08-23T16:45:09.148+0800] GC(94) Tenured: 288512K(699072K)->360192K(699072K)
[2024-08-23T16:45:09.148+0800] GC(94) Metaspace: 307K(512K)->307K(512K) NonClass: 300K(384K)->300K(384K) Class: 7K(128K)->7K(128K)
[2024-08-23T16:45:09.148+0800] GC(94) Pause Young (Allocation Failure) 527M->356M(989M) 6.596ms
[2024-08-23T16:45:09.148+0800] GC(94) User=0.00s Sys=0.00s Real=0.01s
[2024-08-23T16:45:10.565+0800] GC(95) Pause Young (Allocation Failure)
[2024-08-23T16:45:10.570+0800] GC(95) DefNew: 235918K(314560K)->10240K(314560K) Eden: 230798K(279616K)->0K(279616K) From: 5120K(34944K)->10240K(34944K)
[2024-08-23T16:45:10.570+0800] GC(95) Tenured: 360192K(699072K)->411392K(699072K)
[2024-08-23T16:45:10.570+0800] GC(95) Metaspace: 307K(512K)->307K(512K) NonClass: 300K(384K)->300K(384K) Class: 7K(128K)->7K(128K)
[2024-08-23T16:45:10.570+0800] GC(95) Pause Young (Allocation Failure) 582M->411M(989M) 5.340ms
[2024-08-23T16:45:10.570+0800] GC(95) User=0.00s Sys=0.00s Real=0.00s
[2024-08-23T16:45:11.994+0800] GC(96) Pause Young (Allocation Failure)
[2024-08-23T16:45:11.999+0800] GC(96) DefNew: 220555K(314560K)->5120K(314560K) Eden: 210315K(279616K)->0K(279616K) From: 10240K(34944K)->5120K(34944K)
[2024-08-23T16:45:11.999+0800] GC(96) Tenured: 411392K(699072K)->462592K(699072K)
[2024-08-23T16:45:11.999+0800] GC(96) Metaspace: 307K(512K)->307K(512K) NonClass: 300K(384K)->300K(384K) Class: 7K(128K)->7K(128K)
[2024-08-23T16:45:11.999+0800] GC(96) Pause Young (Allocation Failure) 617M->456M(989M) 5.495ms
[2024-08-23T16:45:11.999+0800] GC(96) User=0.00s Sys=0.00s Real=0.01s
[2024-08-23T16:45:13.421+0800] GC(97) Pause Young (Allocation Failure)
[2024-08-23T16:45:13.426+0800] GC(97) DefNew: 235910K(314560K)->11264K(314560K) Eden: 230790K(279616K)->0K(279616K) From: 5120K(34944K)->11264K(34944K)
[2024-08-23T16:45:13.427+0800] GC(97) Tenured: 462592K(699072K)->513792K(699072K)
[2024-08-23T16:45:13.427+0800] GC(97) Metaspace: 307K(512K)->307K(512K) NonClass: 300K(384K)->300K(384K) Class: 7K(128K)->7K(128K)
[2024-08-23T16:45:13.427+0800] GC(97) Pause Young (Allocation Failure) 682M->512M(989M) 5.952ms
[2024-08-23T16:45:13.427+0800] GC(97) User=0.00s Sys=0.00s Real=0.01s
[2024-08-23T16:45:16.267+0800] GC(98) Pause Young (Allocation Failure)
[2024-08-23T16:45:16.273+0800] GC(98) DefNew: 283039K(314560K)->15360K(314560K) Eden: 271775K(279616K)->0K(279616K) From: 11264K(34944K)->15360K(34944K)
[2024-08-23T16:45:16.273+0800] GC(98) Tenured: 513792K(699072K)->564992K(699072K)
[2024-08-23T16:45:16.273+0800] GC(98) Metaspace: 307K(512K)->307K(512K) NonClass: 300K(384K)->300K(384K) Class: 7K(128K)->7K(128K)
[2024-08-23T16:45:16.273+0800] GC(98) Pause Young (Allocation Failure) 778M->566M(989M) 6.174ms
[2024-08-23T16:45:16.273+0800] GC(98) User=0.00s Sys=0.00s Real=0.01s
[2024-08-23T16:45:17.695+0800] GC(99) Pause Young (Allocation Failure)
[2024-08-23T16:45:17.703+0800] GC(99) DefNew: 246170K(314560K)->20480K(314560K) Eden: 230810K(279616K)->0K(279616K) From: 15360K(34944K)->20480K(34944K)
[2024-08-23T16:45:17.704+0800] GC(99) Tenured: 564992K(699072K)->636672K(699072K)
[2024-08-23T16:45:17.704+0800] GC(99) Metaspace: 307K(512K)->307K(512K) NonClass: 300K(384K)->300K(384K) Class: 7K(128K)->7K(128K)
[2024-08-23T16:45:17.704+0800] GC(99) Pause Young (Allocation Failure) 792M->641M(989M) 9.038ms
[2024-08-23T16:45:17.704+0800] GC(99) User=0.00s Sys=0.00s Real=0.01s
[2024-08-23T16:45:19.119+0800] GC(100) Pause Young (Allocation Failure)
[2024-08-23T16:45:19.119+0800] GC(100) Pause Young (Allocation Failure) 832M->832M(989M) 0.076ms
[2024-08-23T16:45:19.119+0800] GC(100) User=0.00s Sys=0.00s Real=0.00s
[2024-08-23T16:45:19.119+0800] GC(101) Pause Full (Allocation Failure)
[2024-08-23T16:45:19.119+0800] GC(101) Phase 1: Mark live objects
[2024-08-23T16:45:19.119+0800] GC(101) Phase 1: Mark live objects 0.594ms
[2024-08-23T16:45:19.119+0800] GC(101) Phase 2: Compute new object addresses
[2024-08-23T16:45:19.120+0800] GC(101) Phase 2: Compute new object addresses 0.150ms
[2024-08-23T16:45:19.120+0800] GC(101) Phase 3: Adjust pointers
[2024-08-23T16:45:19.120+0800] GC(101) Phase 3: Adjust pointers 0.328ms
[2024-08-23T16:45:19.120+0800] GC(101) Phase 4: Move objects
[2024-08-23T16:45:19.127+0800] GC(101) Phase 4: Move objects 6.512ms
[2024-08-23T16:45:19.127+0800] GC(101) DefNew: 215451K(314560K)->0K(314560K) Eden: 194971K(279616K)->0K(279616K) From: 20480K(34944K)->0K(34944K)
[2024-08-23T16:45:19.127+0800] GC(101) Tenured: 636672K(699072K)->51968K(699072K)
[2024-08-23T16:45:19.127+0800] GC(101) Metaspace: 307K(512K)->307K(512K) NonClass: 300K(384K)->300K(384K) Class: 7K(128K)->7K(128K)
[2024-08-23T16:45:19.127+0800] GC(101) Pause Full (Allocation Failure) 832M->50M(989M) 7.761ms
[2024-08-23T16:45:19.127+0800] GC(101) User=0.00s Sys=0.00s Real=0.01s
[2024-08-23T16:45:20.549+0800] GC(102) Pause Young (Allocation Failure)
[2024-08-23T16:45:20.555+0800] GC(102) DefNew: 230797K(314560K)->5120K(314560K) Eden: 230797K(279616K)->0K(279616K) From: 0K(34944K)->5120K(34944K)
[2024-08-23T16:45:20.555+0800] GC(102) Tenured: 51968K(699072K)->103168K(699072K)
[2024-08-23T16:45:20.555+0800] GC(102) Metaspace: 307K(512K)->307K(512K) NonClass: 300K(384K)->300K(384K) Class: 7K(128K)->7K(128K)
[2024-08-23T16:45:20.555+0800] GC(102) Pause Young (Allocation Failure) 276M->105M(989M) 7.182ms
[2024-08-23T16:45:20.556+0800] GC(102) User=0.00s Sys=0.00s Real=0.01s
[2024-08-23T16:45:21.979+0800] GC(103) Pause Young (Allocation Failure)
[2024-08-23T16:45:21.994+0800] GC(103) DefNew: 235914K(314560K)->10240K(314560K) Eden: 230794K(279616K)->0K(279616K) From: 5120K(34944K)->10240K(34944K)
[2024-08-23T16:45:21.994+0800] GC(103) Tenured: 103168K(699072K)->256768K(699072K)
[2024-08-23T16:45:21.994+0800] GC(103) Metaspace: 307K(512K)->307K(512K) NonClass: 300K(384K)->300K(384K) Class: 7K(128K)->7K(128K)
[2024-08-23T16:45:21.994+0800] GC(103) Pause Young (Allocation Failure) 331M->260M(989M) 14.500ms
[2024-08-23T16:45:21.994+0800] GC(103) User=0.00s Sys=0.00s Real=0.01s
[2024-08-23T16:45:23.407+0800] GC(104) Pause Young (Allocation Failure)
[2024-08-23T16:45:23.411+0800] GC(104) DefNew: 220552K(314560K)->5120K(314560K) Eden: 210312K(279616K)->0K(279616K) From: 10240K(34944K)->5120K(34944K)
[2024-08-23T16:45:23.411+0800] GC(104) Tenured: 256768K(699072K)->307968K(699072K)
[2024-08-23T16:45:23.411+0800] GC(104) Metaspace: 307K(512K)->307K(512K) NonClass: 300K(384K)->300K(384K) Class: 7K(128K)->7K(128K)
[2024-08-23T16:45:23.411+0800] GC(104) Pause Young (Allocation Failure) 466M->305M(989M) 4.746ms
[2024-08-23T16:45:23.411+0800] GC(104) User=0.00s Sys=0.00s Real=0.00s
[2024-08-23T16:45:24.820+0800] GC(105) Pause Young (Allocation Failure)
[2024-08-23T16:45:24.826+0800] GC(105) DefNew: 235908K(314560K)->16384K(314560K) Eden: 230788K(279616K)->0K(279616K) From: 5120K(34944K)->16384K(34944K)
[2024-08-23T16:45:24.826+0800] GC(105) Tenured: 307968K(699072K)->359168K(699072K)
[2024-08-23T16:45:24.826+0800] GC(105) Metaspace: 307K(512K)->307K(512K) NonClass: 300K(384K)->300K(384K) Class: 7K(128K)->7K(128K)
[2024-08-23T16:45:24.826+0800] GC(105) Pause Young (Allocation Failure) 531M->366M(989M) 6.194ms
[2024-08-23T16:45:24.826+0800] GC(105) User=0.00s Sys=0.00s Real=0.01s
[2024-08-23T16:45:27.552+0800] GC(106) Pause Young (Allocation Failure)
[2024-08-23T16:45:27.554+0800] GC(106) DefNew: 247163K(314560K)->25600K(314560K) Eden: 230779K(279616K)->0K(279616K) From: 16384K(34944K)->25600K(34944K)
[2024-08-23T16:45:27.554+0800] GC(106) Tenured: 359168K(699072K)->359168K(699072K)
[2024-08-23T16:45:27.554+0800] GC(106) Metaspace: 307K(512K)->307K(512K) NonClass: 300K(384K)->300K(384K) Class: 7K(128K)->7K(128K)
[2024-08-23T16:45:27.554+0800] GC(106) Pause Young (Allocation Failure) 592M->375M(989M) 2.366ms
[2024-08-23T16:45:27.554+0800] GC(106) User=0.00s Sys=0.00s Real=0.00s
[2024-08-23T16:45:28.971+0800] GC(107) Pause Young (Allocation Failure)
[2024-08-23T16:45:28.974+0800] GC(107) DefNew: 256382K(314560K)->25600K(314560K) Eden: 230782K(279616K)->0K(279616K) From: 25600K(34944K)->25600K(34944K)
[2024-08-23T16:45:28.974+0800] GC(107) Tenured: 359168K(699072K)->384768K(699072K)
[2024-08-23T16:45:28.974+0800] GC(107) Metaspace: 307K(512K)->307K(512K) NonClass: 300K(384K)->300K(384K) Class: 7K(128K)->7K(128K)
[2024-08-23T16:45:28.974+0800] GC(107) Pause Young (Allocation Failure) 601M->400M(989M) 4.612ms
[2024-08-23T16:45:28.974+0800] GC(107) User=0.00s Sys=0.00s Real=0.00s
[2024-08-23T16:45:30.490+0800] GC(108) Pause Young (Allocation Failure)
[2024-08-23T16:45:30.494+0800] GC(108) DefNew: 256385K(314560K)->0K(314560K) Eden: 230784K(279616K)->0K(279616K) From: 25600K(34944K)->0K(34944K)
[2024-08-23T16:45:30.494+0800] GC(108) Tenured: 384768K(699072K)->435968K(699072K)
[2024-08-23T16:45:30.494+0800] GC(108) Metaspace: 307K(512K)->307K(512K) NonClass: 300K(384K)->300K(384K) Class: 7K(128K)->7K(128K)
[2024-08-23T16:45:30.494+0800] GC(108) Pause Young (Allocation Failure) 626M->425M(989M) 4.643ms
[2024-08-23T16:45:30.494+0800] GC(108) User=0.00s Sys=0.00s Real=0.00s
[2024-08-23T16:45:31.909+0800] GC(109) Pause Young (Allocation Failure)
[2024-08-23T16:45:31.922+0800] GC(109) DefNew: 230786K(314560K)->5120K(314560K) Eden: 230786K(279616K)->0K(279616K) From: 0K(34944K)->5120K(34944K)
[2024-08-23T16:45:31.922+0800] GC(109) Tenured: 435968K(699072K)->589568K(699072K)
[2024-08-23T16:45:31.922+0800] GC(109) Metaspace: 307K(512K)->307K(512K) NonClass: 300K(384K)->300K(384K) Class: 7K(128K)->7K(128K)
[2024-08-23T16:45:31.922+0800] GC(109) Pause Young (Allocation Failure) 651M->580M(989M) 12.682ms
[2024-08-23T16:45:31.922+0800] GC(109) User=0.00s Sys=0.00s Real=0.01s
[2024-08-23T16:45:33.342+0800] GC(110) Pause Young (Allocation Failure)
[2024-08-23T16:45:33.342+0800] GC(110) Pause Young (Allocation Failure) 806M->806M(989M) 0.062ms
[2024-08-23T16:45:33.342+0800] GC(110) User=0.00s Sys=0.00s Real=0.00s
[2024-08-23T16:45:33.342+0800] GC(111) Pause Full (Allocation Failure)
[2024-08-23T16:45:33.342+0800] GC(111) Phase 1: Mark live objects
[2024-08-23T16:45:33.342+0800] GC(111) Phase 1: Mark live objects 0.648ms
[2024-08-23T16:45:33.342+0800] GC(111) Phase 2: Compute new object addresses
[2024-08-23T16:45:33.342+0800] GC(111) Phase 2: Compute new object addresses 0.163ms
[2024-08-23T16:45:33.342+0800] GC(111) Phase 3: Adjust pointers
[2024-08-23T16:45:33.342+0800] GC(111) Phase 3: Adjust pointers 0.451ms
[2024-08-23T16:45:33.342+0800] GC(111) Phase 4: Move objects
[2024-08-23T16:45:33.358+0800] GC(111) Phase 4: Move objects 15.671ms
[2024-08-23T16:45:33.358+0800] GC(111) DefNew: 235907K(314560K)->0K(314560K) Eden: 230787K(279616K)->0K(279616K) From: 5120K(34944K)->0K(34944K)
[2024-08-23T16:45:33.358+0800] GC(111) Tenured: 589568K(699072K)->165632K(699072K)
[2024-08-23T16:45:33.358+0800] GC(111) Metaspace: 307K(512K)->307K(512K) NonClass: 300K(384K)->300K(384K) Class: 7K(128K)->7K(128K)
[2024-08-23T16:45:33.358+0800] GC(111) Pause Full (Allocation Failure) 806M->161M(989M) 17.148ms
[2024-08-23T16:45:33.358+0800] GC(111) User=0.02s Sys=0.00s Real=0.02s
[2024-08-23T16:45:34.773+0800] GC(112) Pause Young (Allocation Failure)
[2024-08-23T16:45:34.778+0800] GC(112) DefNew: 205187K(314560K)->10240K(314560K) Eden: 205187K(279616K)->0K(279616K) From: 0K(34944K)->10240K(34944K)
[2024-08-23T16:45:34.778+0800] GC(112) Tenured: 165632K(699072K)->216832K(699072K)
[2024-08-23T16:45:34.778+0800] GC(112) Metaspace: 307K(512K)->307K(512K) NonClass: 300K(384K)->300K(384K) Class: 7K(128K)->7K(128K)
[2024-08-23T16:45:34.778+0800] GC(112) Pause Young (Allocation Failure) 362M->221M(989M) 5.657ms
[2024-08-23T16:45:34.778+0800] GC(112) User=0.00s Sys=0.00s Real=0.01s
[2024-08-23T16:45:36.207+0800] GC(113) Pause Young (Allocation Failure)
[2024-08-23T16:45:36.213+0800] GC(113) DefNew: 241024K(314560K)->25600K(314560K) Eden: 230784K(279616K)->0K(279616K) From: 10240K(34944K)->25600K(34944K)
[2024-08-23T16:45:36.213+0800] GC(113) Tenured: 216832K(699072K)->268032K(699072K)
[2024-08-23T16:45:36.213+0800] GC(113) Metaspace: 307K(512K)->307K(512K) NonClass: 300K(384K)->300K(384K) Class: 7K(128K)->7K(128K)
[2024-08-23T16:45:36.213+0800] GC(113) Pause Young (Allocation Failure) 447M->286M(989M) 6.330ms
[2024-08-23T16:45:36.213+0800] GC(113) User=0.00s Sys=0.00s Real=0.01s
[2024-08-23T16:45:38.944+0800] GC(114) Pause Young (Allocation Failure)
[2024-08-23T16:45:38.946+0800] GC(114) DefNew: 271746K(314560K)->25600K(314560K) Eden: 246146K(279616K)->0K(279616K) From: 25600K(34944K)->25600K(34944K)
[2024-08-23T16:45:38.946+0800] GC(114) Tenured: 268032K(699072K)->268032K(699072K)
[2024-08-23T16:45:38.946+0800] GC(114) Metaspace: 307K(512K)->307K(512K) NonClass: 300K(384K)->300K(384K) Class: 7K(128K)->7K(128K)
[2024-08-23T16:45:38.946+0800] GC(114) Pause Young (Allocation Failure) 527M->286M(989M) 2.334ms
[2024-08-23T16:45:38.946+0800] GC(114) User=0.00s Sys=0.00s Real=0.00s
[2024-08-23T16:45:40.367+0800] GC(115) Pause Young (Allocation Failure)
[2024-08-23T16:45:40.374+0800] GC(115) DefNew: 256388K(314560K)->25600K(314560K) Eden: 230788K(279616K)->0K(279616K) From: 25600K(34944K)->25600K(34944K)
[2024-08-23T16:45:40.374+0800] GC(115) Tenured: 268032K(699072K)->324352K(699072K)
[2024-08-23T16:45:40.374+0800] GC(115) Metaspace: 307K(512K)->307K(512K) NonClass: 300K(384K)->300K(384K) Class: 7K(128K)->7K(128K)
[2024-08-23T16:45:40.374+0800] GC(115) Pause Young (Allocation Failure) 512M->341M(989M) 7.668ms
[2024-08-23T16:45:40.374+0800] GC(115) User=0.00s Sys=0.00s Real=0.01s
[2024-08-23T16:45:41.906+0800] GC(116) Pause Young (Allocation Failure)
[2024-08-23T16:45:41.906+0800] GC(116) DefNew: 210308K(314560K)->5120K(314560K) Eden: 184708K(279616K)->0K(279616K) From: 25600K(34944K)->5120K(34944K)
[2024-08-23T16:45:41.906+0800] GC(116) Tenured: 324352K(699072K)->324352K(699072K)
[2024-08-23T16:45:41.906+0800] GC(116) Metaspace: 307K(512K)->307K(512K) NonClass: 300K(384K)->300K(384K) Class: 7K(128K)->7K(128K)
[2024-08-23T16:45:41.906+0800] GC(116) Pause Young (Allocation Failure) 522M->321M(989M) 0.622ms
[2024-08-23T16:45:41.906+0800] GC(116) User=0.00s Sys=0.00s Real=0.00s
[2024-08-23T16:45:43.328+0800] GC(117) Pause Young (Allocation Failure)
[2024-08-23T16:45:43.333+0800] GC(117) DefNew: 235901K(314560K)->6144K(314560K) Eden: 230781K(279616K)->0K(279616K) From: 5120K(34944K)->6144K(34944K)
[2024-08-23T16:45:43.333+0800] GC(117) Tenured: 324352K(699072K)->375552K(699072K)
[2024-08-23T16:45:43.333+0800] GC(117) Metaspace: 307K(512K)->307K(512K) NonClass: 300K(384K)->300K(384K) Class: 7K(128K)->7K(128K)
[2024-08-23T16:45:43.333+0800] GC(117) Pause Young (Allocation Failure) 547M->372M(989M) 5.172ms
[2024-08-23T16:45:43.333+0800] GC(117) User=0.00s Sys=0.00s Real=0.00s
[2024-08-23T16:45:44.746+0800] GC(118) Pause Young (Allocation Failure)
[2024-08-23T16:45:44.751+0800] GC(118) DefNew: 236928K(314560K)->17408K(314560K) Eden: 230784K(279616K)->0K(279616K) From: 6144K(34944K)->17408K(34944K)
[2024-08-23T16:45:44.751+0800] GC(118) Tenured: 375552K(699072K)->426752K(699072K)
[2024-08-23T16:45:44.751+0800] GC(118) Metaspace: 307K(512K)->307K(512K) NonClass: 300K(384K)->300K(384K) Class: 7K(128K)->7K(128K)
[2024-08-23T16:45:44.751+0800] GC(118) Pause Young (Allocation Failure) 598M->433M(989M) 5.758ms
[2024-08-23T16:45:44.751+0800] GC(118) User=0.00s Sys=0.00s Real=0.00s
[2024-08-23T16:45:46.180+0800] GC(119) Pause Young (Allocation Failure)
[2024-08-23T16:45:46.185+0800] GC(119) DefNew: 222593K(314560K)->10240K(314560K) Eden: 205185K(279616K)->0K(279616K) From: 17408K(34944K)->10240K(34944K)
[2024-08-23T16:45:46.185+0800] GC(119) Tenured: 426752K(699072K)->477952K(699072K)
[2024-08-23T16:45:46.185+0800] GC(119) Metaspace: 307K(512K)->307K(512K) NonClass: 300K(384K)->300K(384K) Class: 7K(128K)->7K(128K)
[2024-08-23T16:45:46.185+0800] GC(119) Pause Young (Allocation Failure) 634M->476M(989M) 5.726ms
[2024-08-23T16:45:46.185+0800] GC(119) User=0.02s Sys=0.00s Real=0.00s
[2024-08-23T16:45:47.613+0800] GC(120) Pause Young (Allocation Failure)
[2024-08-23T16:45:47.619+0800] GC(120) DefNew: 241023K(314560K)->15360K(314560K) Eden: 230783K(279616K)->0K(279616K) From: 10240K(34944K)->15360K(34944K)
[2024-08-23T16:45:47.619+0800] GC(120) Tenured: 477952K(699072K)->549632K(699072K)
[2024-08-23T16:45:47.619+0800] GC(120) Metaspace: 307K(512K)->307K(512K) NonClass: 300K(384K)->300K(384K) Class: 7K(128K)->7K(128K)
[2024-08-23T16:45:47.619+0800] GC(120) Pause Young (Allocation Failure) 702M->551M(989M) 6.965ms
[2024-08-23T16:45:47.619+0800] GC(120) User=0.00s Sys=0.00s Real=0.01s
[2024-08-23T16:45:50.238+0800] GC(121) Pause Young (Allocation Failure)
[2024-08-23T16:45:50.239+0800] GC(121) DefNew: 287105K(314560K)->15360K(314560K) Eden: 271745K(279616K)->0K(279616K) From: 15360K(34944K)->15360K(34944K)
[2024-08-23T16:45:50.239+0800] GC(121) Tenured: 549632K(699072K)->549632K(699072K)
[2024-08-23T16:45:50.239+0800] GC(121) Metaspace: 307K(512K)->307K(512K) NonClass: 300K(384K)->300K(384K) Class: 7K(128K)->7K(128K)
[2024-08-23T16:45:50.239+0800] GC(121) Pause Young (Allocation Failure) 817M->551M(989M) 1.483ms
[2024-08-23T16:45:50.239+0800] GC(121) User=0.00s Sys=0.00s Real=0.00s
[2024-08-23T16:45:51.768+0800] GC(122) Pause Young (Allocation Failure)
[2024-08-23T16:45:51.778+0800] GC(122) DefNew: 266630K(314560K)->30720K(314560K) Eden: 251270K(279616K)->0K(279616K) From: 15360K(34944K)->30720K(34944K)
[2024-08-23T16:45:51.778+0800] GC(122) Tenured: 549632K(699072K)->652032K(699072K)
[2024-08-23T16:45:51.778+0800] GC(122) Metaspace: 307K(512K)->307K(512K) NonClass: 300K(384K)->300K(384K) Class: 7K(128K)->7K(128K)
[2024-08-23T16:45:51.778+0800] GC(122) Pause Young (Allocation Failure) 797M->666M(989M) 10.828ms
[2024-08-23T16:45:51.778+0800] GC(122) User=0.00s Sys=0.00s Real=0.01s
[2024-08-23T16:45:54.615+0800] GC(123) Pause Young (Allocation Failure)
[2024-08-23T16:45:54.615+0800] GC(123) Pause Young (Allocation Failure) 922M->922M(989M) 0.086ms
[2024-08-23T16:45:54.615+0800] GC(123) User=0.00s Sys=0.00s Real=0.00s
[2024-08-23T16:45:54.615+0800] GC(124) Pause Full (Allocation Failure)
[2024-08-23T16:45:54.615+0800] GC(124) Phase 1: Mark live objects
[2024-08-23T16:45:54.615+0800] GC(124) Phase 1: Mark live objects 0.717ms
[2024-08-23T16:45:54.615+0800] GC(124) Phase 2: Compute new object addresses
[2024-08-23T16:45:54.616+0800] GC(124) Phase 2: Compute new object addresses 0.151ms
[2024-08-23T16:45:54.616+0800] GC(124) Phase 3: Adjust pointers
[2024-08-23T16:45:54.616+0800] GC(124) Phase 3: Adjust pointers 0.345ms
[2024-08-23T16:45:54.616+0800] GC(124) Phase 4: Move objects
[2024-08-23T16:45:54.619+0800] GC(124) Phase 4: Move objects 2.575ms
[2024-08-23T16:45:54.619+0800] GC(124) DefNew: 292233K(314560K)->0K(314560K) Eden: 261512K(279616K)->0K(279616K) From: 30720K(34944K)->0K(34944K)
[2024-08-23T16:45:54.619+0800] GC(124) Tenured: 652032K(699072K)->32513K(699072K)
[2024-08-23T16:45:54.619+0800] GC(124) Metaspace: 307K(512K)->307K(512K) NonClass: 300K(384K)->300K(384K) Class: 7K(128K)->7K(128K)
[2024-08-23T16:45:54.619+0800] GC(124) Pause Full (Allocation Failure) 922M->31M(989M) 3.991ms
[2024-08-23T16:45:54.619+0800] GC(124) User=0.00s Sys=0.00s Real=0.00s
[2024-08-23T16:45:56.032+0800] GC(125) Pause Young (Allocation Failure)
[2024-08-23T16:45:56.035+0800] GC(125) DefNew: 230794K(314560K)->25600K(314560K) Eden: 230794K(279616K)->0K(279616K) From: 0K(34944K)->25600K(34944K)
[2024-08-23T16:45:56.035+0800] GC(125) Tenured: 32513K(699072K)->42753K(699072K)
[2024-08-23T16:45:56.035+0800] GC(125) Metaspace: 307K(512K)->307K(512K) NonClass: 300K(384K)->300K(384K) Class: 7K(128K)->7K(128K)
[2024-08-23T16:45:56.035+0800] GC(125) Pause Young (Allocation Failure) 257M->66M(989M) 3.151ms
[2024-08-23T16:45:56.035+0800] GC(125) User=0.00s Sys=0.00s Real=0.00s
[2024-08-23T16:45:57.561+0800] GC(126) Pause Young (Allocation Failure)
[2024-08-23T16:45:57.567+0800] GC(126) DefNew: 276889K(314560K)->20480K(314560K) Eden: 251289K(279616K)->0K(279616K) From: 25600K(34944K)->20480K(34944K)
[2024-08-23T16:45:57.567+0800] GC(126) Tenured: 42753K(699072K)->93953K(699072K)
[2024-08-23T16:45:57.567+0800] GC(126) Metaspace: 307K(512K)->307K(512K) NonClass: 300K(384K)->300K(384K) Class: 7K(128K)->7K(128K)
[2024-08-23T16:45:57.567+0800] GC(126) Pause Young (Allocation Failure) 312M->111M(989M) 6.119ms
[2024-08-23T16:45:57.567+0800] GC(126) User=0.00s Sys=0.00s Real=0.01s
[2024-08-23T16:45:58.981+0800] GC(127) Pause Young (Allocation Failure)
[2024-08-23T16:45:58.990+0800] GC(127) DefNew: 251284K(314560K)->5120K(314560K) Eden: 230804K(279616K)->0K(279616K) From: 20480K(34944K)->5120K(34944K)
[2024-08-23T16:45:58.990+0800] GC(127) Tenured: 93953K(699072K)->165633K(699072K)
[2024-08-23T16:45:58.990+0800] GC(127) Metaspace: 307K(512K)->307K(512K) NonClass: 300K(384K)->300K(384K) Class: 7K(128K)->7K(128K)
[2024-08-23T16:45:58.990+0800] GC(127) Pause Young (Allocation Failure) 337M->166M(989M) 9.126ms
[2024-08-23T16:45:58.990+0800] GC(127) User=0.00s Sys=0.00s Real=0.01s
[2024-08-23T16:46:00.418+0800] GC(128) Pause Young (Allocation Failure)
[2024-08-23T16:46:00.425+0800] GC(128) DefNew: 235918K(314560K)->10240K(314560K) Eden: 230798K(279616K)->0K(279616K) From: 5120K(34944K)->10240K(34944K)
[2024-08-23T16:46:00.425+0800] GC(128) Tenured: 165633K(699072K)->216833K(699072K)
[2024-08-23T16:46:00.425+0800] GC(128) Metaspace: 307K(512K)->307K(512K) NonClass: 300K(384K)->300K(384K) Class: 7K(128K)->7K(128K)
[2024-08-23T16:46:00.425+0800] GC(128) Pause Young (Allocation Failure) 392M->221M(989M) 7.280ms
[2024-08-23T16:46:00.425+0800] GC(128) User=0.00s Sys=0.00s Real=0.01s
[2024-08-23T16:46:01.853+0800] GC(129) Pause Young (Allocation Failure)
[2024-08-23T16:46:01.858+0800] GC(129) DefNew: 220555K(314560K)->5120K(314560K) Eden: 210315K(279616K)->0K(279616K) From: 10240K(34944K)->5120K(34944K)
[2024-08-23T16:46:01.858+0800] GC(129) Tenured: 216833K(699072K)->268033K(699072K)
[2024-08-23T16:46:01.858+0800] GC(129) Metaspace: 308K(512K)->308K(512K) NonClass: 300K(384K)->300K(384K) Class: 7K(128K)->7K(128K)
[2024-08-23T16:46:01.858+0800] GC(129) Pause Young (Allocation Failure) 427M->266M(989M) 5.501ms
[2024-08-23T16:46:01.858+0800] GC(129) User=0.00s Sys=0.00s Real=0.01s
[2024-08-23T16:46:03.294+0800] GC(130) Pause Young (Allocation Failure)
[2024-08-23T16:46:03.298+0800] GC(130) DefNew: 235910K(314560K)->11264K(314560K) Eden: 230790K(279616K)->0K(279616K) From: 5120K(34944K)->11264K(34944K)
[2024-08-23T16:46:03.298+0800] GC(130) Tenured: 268033K(699072K)->319233K(699072K)
[2024-08-23T16:46:03.298+0800] GC(130) Metaspace: 308K(512K)->308K(512K) NonClass: 300K(384K)->300K(384K) Class: 7K(128K)->7K(128K)
[2024-08-23T16:46:03.298+0800] GC(130) Pause Young (Allocation Failure) 492M->322M(989M) 5.151ms
[2024-08-23T16:46:03.298+0800] GC(130) User=0.00s Sys=0.00s Real=0.00s
[2024-08-23T16:46:06.139+0800] GC(131) Pause Young (Allocation Failure)
[2024-08-23T16:46:06.144+0800] GC(131) DefNew: 283039K(314560K)->15360K(314560K) Eden: 271775K(279616K)->0K(279616K) From: 11264K(34944K)->15360K(34944K)
[2024-08-23T16:46:06.144+0800] GC(131) Tenured: 319233K(699072K)->370433K(699072K)
[2024-08-23T16:46:06.144+0800] GC(131) Metaspace: 308K(512K)->308K(512K) NonClass: 300K(384K)->300K(384K) Class: 7K(128K)->7K(128K)
[2024-08-23T16:46:06.144+0800] GC(131) Pause Young (Allocation Failure) 588M->376M(989M) 5.536ms
[2024-08-23T16:46:06.144+0800] GC(131) User=0.00s Sys=0.00s Real=0.01s
[2024-08-23T16:46:07.573+0800] GC(132) Pause Young (Allocation Failure)
[2024-08-23T16:46:07.582+0800] GC(132) DefNew: 246170K(314560K)->20480K(314560K) Eden: 230810K(279616K)->0K(279616K) From: 15360K(34944K)->20480K(34944K)
[2024-08-23T16:46:07.582+0800] GC(132) Tenured: 370433K(699072K)->442113K(699072K)
[2024-08-23T16:46:07.582+0800] GC(132) Metaspace: 308K(512K)->308K(512K) NonClass: 300K(384K)->300K(384K) Class: 7K(128K)->7K(128K)
[2024-08-23T16:46:07.582+0800] GC(132) Pause Young (Allocation Failure) 602M->451M(989M) 9.049ms
[2024-08-23T16:46:07.582+0800] GC(132) User=0.00s Sys=0.00s Real=0.01s
[2024-08-23T16:46:09.008+0800] GC(133) Pause Young (Allocation Failure)
[2024-08-23T16:46:09.012+0800] GC(133) DefNew: 215451K(314560K)->0K(314560K) Eden: 194971K(279616K)->0K(279616K) From: 20480K(34944K)->0K(34944K)
[2024-08-23T16:46:09.012+0800] GC(133) Tenured: 442113K(699072K)->493313K(699072K)
[2024-08-23T16:46:09.012+0800] GC(133) Metaspace: 308K(512K)->308K(512K) NonClass: 300K(384K)->300K(384K) Class: 7K(128K)->7K(128K)
[2024-08-23T16:46:09.012+0800] GC(133) Pause Young (Allocation Failure) 642M->481M(989M) 4.286ms
[2024-08-23T16:46:09.012+0800] GC(133) User=0.00s Sys=0.00s Real=0.00s
[2024-08-23T16:46:10.427+0800] GC(134) Pause Young (Allocation Failure)
[2024-08-23T16:46:10.431+0800] GC(134) DefNew: 230797K(314560K)->5120K(314560K) Eden: 230797K(279616K)->0K(279616K) From: 0K(34944K)->5120K(34944K)
[2024-08-23T16:46:10.431+0800] GC(134) Tenured: 493313K(699072K)->544513K(699072K)
[2024-08-23T16:46:10.431+0800] GC(134) Metaspace: 308K(512K)->308K(512K) NonClass: 300K(384K)->300K(384K) Class: 7K(128K)->7K(128K)
[2024-08-23T16:46:10.431+0800] GC(134) Pause Young (Allocation Failure) 707M->536M(989M) 4.615ms
[2024-08-23T16:46:10.431+0800] GC(134) User=0.00s Sys=0.00s Real=0.00s
[2024-08-23T16:46:11.847+0800] GC(135) Pause Young (Allocation Failure)
[2024-08-23T16:46:11.868+0800] GC(135) DefNew: 235914K(314560K)->10240K(314560K) Eden: 230794K(279616K)->0K(279616K) From: 5120K(34944K)->10240K(34944K)
[2024-08-23T16:46:11.868+0800] GC(135) Tenured: 544513K(699072K)->698113K(699072K)
[2024-08-23T16:46:11.868+0800] GC(135) Metaspace: 308K(512K)->308K(512K) NonClass: 300K(384K)->300K(384K) Class: 7K(128K)->7K(128K)
[2024-08-23T16:46:11.868+0800] GC(135) Pause Young (Allocation Failure) 762M->691M(989M) 21.271ms
[2024-08-23T16:46:11.868+0800] GC(135) User=0.00s Sys=0.02s Real=0.02s
[2024-08-23T16:46:13.282+0800] GC(136) Pause Young (Allocation Failure)
[2024-08-23T16:46:13.282+0800] GC(136) Pause Young (Allocation Failure) 897M->897M(989M) 0.068ms
[2024-08-23T16:46:13.282+0800] GC(136) User=0.00s Sys=0.00s Real=0.00s
[2024-08-23T16:46:13.282+0800] GC(137) Pause Full (Allocation Failure)
[2024-08-23T16:46:13.282+0800] GC(137) Phase 1: Mark live objects
[2024-08-23T16:46:13.282+0800] GC(137) Phase 1: Mark live objects 0.586ms
[2024-08-23T16:46:13.282+0800] GC(137) Phase 2: Compute new object addresses
[2024-08-23T16:46:13.282+0800] GC(137) Phase 2: Compute new object addresses 0.144ms
[2024-08-23T16:46:13.282+0800] GC(137) Phase 3: Adjust pointers
[2024-08-23T16:46:13.282+0800] GC(137) Phase 3: Adjust pointers 0.329ms
[2024-08-23T16:46:13.282+0800] GC(137) Phase 4: Move objects
[2024-08-23T16:46:13.287+0800] GC(137) Phase 4: Move objects 4.569ms
[2024-08-23T16:46:13.287+0800] GC(137) DefNew: 220552K(314560K)->0K(314560K) Eden: 210312K(279616K)->0K(279616K) From: 10240K(34944K)->0K(34944K)
[2024-08-23T16:46:13.287+0800] GC(137) Tenured: 698113K(699072K)->88833K(699072K)
[2024-08-23T16:46:13.287+0800] GC(137) Metaspace: 308K(512K)->308K(512K) NonClass: 300K(384K)->300K(384K) Class: 7K(128K)->7K(128K)
[2024-08-23T16:46:13.287+0800] GC(137) Pause Full (Allocation Failure) 897M->86M(989M) 5.809ms
[2024-08-23T16:46:13.287+0800] GC(137) User=0.00s Sys=0.00s Real=0.00s
[2024-08-23T16:46:14.718+0800] GC(138) Pause Young (Allocation Failure)
[2024-08-23T16:46:14.723+0800] GC(138) DefNew: 230788K(314560K)->11264K(314560K) Eden: 230788K(279616K)->0K(279616K) From: 0K(34944K)->11264K(34944K)
[2024-08-23T16:46:14.723+0800] GC(138) Tenured: 88833K(699072K)->140033K(699072K)
[2024-08-23T16:46:14.723+0800] GC(138) Metaspace: 308K(512K)->308K(512K) NonClass: 300K(384K)->300K(384K) Class: 7K(128K)->7K(128K)
[2024-08-23T16:46:14.723+0800] GC(138) Pause Young (Allocation Failure) 312M->147M(989M) 5.185ms
[2024-08-23T16:46:14.723+0800] GC(138) User=0.00s Sys=0.00s Real=0.01s
[2024-08-23T16:46:17.468+0800] GC(139) Pause Young (Allocation Failure)
[2024-08-23T16:46:17.470+0800] GC(139) DefNew: 242043K(314560K)->25600K(314560K) Eden: 230779K(279616K)->0K(279616K) From: 11264K(34944K)->25600K(34944K)
[2024-08-23T16:46:17.470+0800] GC(139) Tenured: 140033K(699072K)->140033K(699072K)
[2024-08-23T16:46:17.470+0800] GC(139) Metaspace: 308K(512K)->308K(512K) NonClass: 300K(384K)->300K(384K) Class: 7K(128K)->7K(128K)
[2024-08-23T16:46:17.470+0800] GC(139) Pause Young (Allocation Failure) 373M->161M(989M) 2.736ms
[2024-08-23T16:46:17.470+0800] GC(139) User=0.00s Sys=0.00s Real=0.00s
[2024-08-23T16:46:18.885+0800] GC(140) Pause Young (Allocation Failure)
[2024-08-23T16:46:18.889+0800] GC(140) DefNew: 256382K(314560K)->25600K(314560K) Eden: 230782K(279616K)->0K(279616K) From: 25600K(34944K)->25600K(34944K)
[2024-08-23T16:46:18.889+0800] GC(140) Tenured: 140033K(699072K)->165633K(699072K)
[2024-08-23T16:46:18.889+0800] GC(140) Metaspace: 308K(512K)->308K(512K) NonClass: 300K(384K)->300K(384K) Class: 7K(128K)->7K(128K)
[2024-08-23T16:46:18.889+0800] GC(140) Pause Young (Allocation Failure) 387M->186M(989M) 4.485ms
[2024-08-23T16:46:18.889+0800] GC(140) User=0.00s Sys=0.00s Real=0.00s
[2024-08-23T16:46:20.414+0800] GC(141) Pause Young (Allocation Failure)
[2024-08-23T16:46:20.418+0800] GC(141) DefNew: 256385K(314560K)->0K(314560K) Eden: 230784K(279616K)->0K(279616K) From: 25600K(34944K)->0K(34944K)
[2024-08-23T16:46:20.418+0800] GC(141) Tenured: 165633K(699072K)->216833K(699072K)
[2024-08-23T16:46:20.418+0800] GC(141) Metaspace: 308K(512K)->308K(512K) NonClass: 300K(384K)->300K(384K) Class: 7K(128K)->7K(128K)
[2024-08-23T16:46:20.418+0800] GC(141) Pause Young (Allocation Failure) 412M->211M(989M) 5.000ms
[2024-08-23T16:46:20.418+0800] GC(141) User=0.00s Sys=0.00s Real=0.00s
[2024-08-23T16:46:21.833+0800] GC(142) Pause Young (Allocation Failure)
[2024-08-23T16:46:21.850+0800] GC(142) DefNew: 230786K(314560K)->5120K(314560K) Eden: 230786K(279616K)->0K(279616K) From: 0K(34944K)->5120K(34944K)
[2024-08-23T16:46:21.850+0800] GC(142) Tenured: 216833K(699072K)->370433K(699072K)
[2024-08-23T16:46:21.850+0800] GC(142) Metaspace: 308K(512K)->308K(512K) NonClass: 300K(384K)->300K(384K) Class: 7K(128K)->7K(128K)
[2024-08-23T16:46:21.850+0800] GC(142) Pause Young (Allocation Failure) 437M->366M(989M) 17.510ms
[2024-08-23T16:46:21.850+0800] GC(142) User=0.00s Sys=0.00s Real=0.02s
[2024-08-23T16:46:23.267+0800] GC(143) Pause Young (Allocation Failure)
[2024-08-23T16:46:23.273+0800] GC(143) DefNew: 235907K(314560K)->11264K(314560K) Eden: 230787K(279616K)->0K(279616K) From: 5120K(34944K)->11264K(34944K)
[2024-08-23T16:46:23.273+0800] GC(143) Tenured: 370433K(699072K)->421633K(699072K)
[2024-08-23T16:46:23.273+0800] GC(143) Metaspace: 308K(512K)->308K(512K) NonClass: 300K(384K)->300K(384K) Class: 7K(128K)->7K(128K)
[2024-08-23T16:46:23.273+0800] GC(143) Pause Young (Allocation Failure) 592M->422M(989M) 6.054ms
[2024-08-23T16:46:23.273+0800] GC(143) User=0.00s Sys=0.00s Real=0.01s
[2024-08-23T16:46:24.701+0800] GC(144) Pause Young (Allocation Failure)
[2024-08-23T16:46:24.706+0800] GC(144) DefNew: 216451K(314560K)->10240K(314560K) Eden: 205187K(279616K)->0K(279616K) From: 11264K(34944K)->10240K(34944K)
[2024-08-23T16:46:24.706+0800] GC(144) Tenured: 421633K(699072K)->472833K(699072K)
[2024-08-23T16:46:24.706+0800] GC(144) Metaspace: 308K(512K)->308K(512K) NonClass: 300K(384K)->300K(384K) Class: 7K(128K)->7K(128K)
[2024-08-23T16:46:24.706+0800] GC(144) Pause Young (Allocation Failure) 623M->471M(989M) 6.110ms
[2024-08-23T16:46:24.706+0800] GC(144) User=0.00s Sys=0.00s Real=0.01s
[2024-08-23T16:46:26.138+0800] GC(145) Pause Young (Allocation Failure)
[2024-08-23T16:46:26.145+0800] GC(145) DefNew: 241024K(314560K)->25600K(314560K) Eden: 230784K(279616K)->0K(279616K) From: 10240K(34944K)->25600K(34944K)
[2024-08-23T16:46:26.145+0800] GC(145) Tenured: 472833K(699072K)->524033K(699072K)
[2024-08-23T16:46:26.145+0800] GC(145) Metaspace: 308K(512K)->308K(512K) NonClass: 300K(384K)->300K(384K) Class: 7K(128K)->7K(128K)
[2024-08-23T16:46:26.145+0800] GC(145) Pause Young (Allocation Failure) 697M->536M(989M) 7.138ms
[2024-08-23T16:46:26.145+0800] GC(145) User=0.00s Sys=0.00s Real=0.01s
[2024-08-23T16:46:28.883+0800] GC(146) Pause Young (Allocation Failure)
[2024-08-23T16:46:28.884+0800] GC(146) DefNew: 271746K(314560K)->25600K(314560K) Eden: 246146K(279616K)->0K(279616K) From: 25600K(34944K)->25600K(34944K)
[2024-08-23T16:46:28.884+0800] GC(146) Tenured: 524033K(699072K)->524033K(699072K)
[2024-08-23T16:46:28.884+0800] GC(146) Metaspace: 308K(512K)->308K(512K) NonClass: 300K(384K)->300K(384K) Class: 7K(128K)->7K(128K)
[2024-08-23T16:46:28.884+0800] GC(146) Pause Young (Allocation Failure) 777M->536M(989M) 2.357ms
[2024-08-23T16:46:28.884+0800] GC(146) User=0.00s Sys=0.00s Real=0.00s
[2024-08-23T16:46:30.301+0800] GC(147) Pause Young (Allocation Failure)
[2024-08-23T16:46:30.308+0800] GC(147) DefNew: 256388K(314560K)->25600K(314560K) Eden: 230788K(279616K)->0K(279616K) From: 25600K(34944K)->25600K(34944K)
[2024-08-23T16:46:30.308+0800] GC(147) Tenured: 524033K(699072K)->580353K(699072K)
[2024-08-23T16:46:30.308+0800] GC(147) Metaspace: 308K(512K)->308K(512K) NonClass: 300K(384K)->300K(384K) Class: 7K(128K)->7K(128K)
[2024-08-23T16:46:30.308+0800] GC(147) Pause Young (Allocation Failure) 762M->591M(989M) 7.302ms
[2024-08-23T16:46:30.308+0800] GC(147) User=0.00s Sys=0.00s Real=0.01s
[2024-08-23T16:46:31.841+0800] GC(148) Pause Young (Allocation Failure)
[2024-08-23T16:46:31.841+0800] GC(148) DefNew: 210308K(314560K)->5120K(314560K) Eden: 184708K(279616K)->0K(279616K) From: 25600K(34944K)->5120K(34944K)
[2024-08-23T16:46:31.841+0800] GC(148) Tenured: 580353K(699072K)->580353K(699072K)
[2024-08-23T16:46:31.841+0800] GC(148) Metaspace: 308K(512K)->308K(512K) NonClass: 300K(384K)->300K(384K) Class: 7K(128K)->7K(128K)
[2024-08-23T16:46:31.842+0800] GC(148) Pause Young (Allocation Failure) 772M->571M(989M) 0.810ms
[2024-08-23T16:46:31.842+0800] GC(148) User=0.00s Sys=0.00s Real=0.00s
[2024-08-23T16:46:33.261+0800] GC(149) Pause Young (Allocation Failure)
[2024-08-23T16:46:33.266+0800] GC(149) DefNew: 235901K(314560K)->6144K(314560K) Eden: 230781K(279616K)->0K(279616K) From: 5120K(34944K)->6144K(34944K)
[2024-08-23T16:46:33.266+0800] GC(149) Tenured: 580353K(699072K)->631553K(699072K)
[2024-08-23T16:46:33.266+0800] GC(149) Metaspace: 308K(512K)->308K(512K) NonClass: 300K(384K)->300K(384K) Class: 7K(128K)->7K(128K)
[2024-08-23T16:46:33.266+0800] GC(149) Pause Young (Allocation Failure) 797M->622M(989M) 4.797ms
[2024-08-23T16:46:33.266+0800] GC(149) User=0.00s Sys=0.00s Real=0.01s
[2024-08-23T16:46:34.680+0800] GC(150) Pause Young (Allocation Failure)
[2024-08-23T16:46:34.680+0800] GC(150) Pause Young (Allocation Failure) 848M->848M(989M) 0.076ms
[2024-08-23T16:46:34.680+0800] GC(150) User=0.00s Sys=0.00s Real=0.00s
[2024-08-23T16:46:34.680+0800] GC(151) Pause Full (Allocation Failure)
[2024-08-23T16:46:34.680+0800] GC(151) Phase 1: Mark live objects
[2024-08-23T16:46:34.680+0800] GC(151) Phase 1: Mark live objects 0.599ms
[2024-08-23T16:46:34.680+0800] GC(151) Phase 2: Compute new object addresses
[2024-08-23T16:46:34.681+0800] GC(151) Phase 2: Compute new object addresses 0.146ms
[2024-08-23T16:46:34.681+0800] GC(151) Phase 3: Adjust pointers
[2024-08-23T16:46:34.681+0800] GC(151) Phase 3: Adjust pointers 0.346ms
[2024-08-23T16:46:34.681+0800] GC(151) Phase 4: Move objects
[2024-08-23T16:46:34.686+0800] GC(151) Phase 4: Move objects 5.693ms
[2024-08-23T16:46:34.686+0800] GC(151) DefNew: 236928K(314560K)->0K(314560K) Eden: 230784K(279616K)->0K(279616K) From: 6144K(34944K)->0K(34944K)
[2024-08-23T16:46:34.686+0800] GC(151) Tenured: 631553K(699072K)->69377K(699072K)
[2024-08-23T16:46:34.686+0800] GC(151) Metaspace: 308K(512K)->308K(512K) NonClass: 300K(384K)->300K(384K) Class: 7K(128K)->7K(128K)
[2024-08-23T16:46:34.686+0800] GC(151) Pause Full (Allocation Failure) 848M->67M(989M) 6.981ms
[2024-08-23T16:46:34.686+0800] GC(151) User=0.02s Sys=0.00s Real=0.01s
[2024-08-23T16:46:36.111+0800] GC(152) Pause Young (Allocation Failure)
[2024-08-23T16:46:36.116+0800] GC(152) DefNew: 205185K(314560K)->10240K(314560K) Eden: 205185K(279616K)->0K(279616K) From: 0K(34944K)->10240K(34944K)
[2024-08-23T16:46:36.116+0800] GC(152) Tenured: 69377K(699072K)->120577K(699072K)
[2024-08-23T16:46:36.116+0800] GC(152) Metaspace: 308K(512K)->308K(512K) NonClass: 300K(384K)->300K(384K) Class: 7K(128K)->7K(128K)
[2024-08-23T16:46:36.116+0800] GC(152) Pause Young (Allocation Failure) 268M->127M(989M) 5.203ms
[2024-08-23T16:46:36.116+0800] GC(152) User=0.00s Sys=0.00s Real=0.00s
[2024-08-23T16:46:37.537+0800] GC(153) Pause Young (Allocation Failure)
[2024-08-23T16:46:37.544+0800] GC(153) DefNew: 241023K(314560K)->15360K(314560K) Eden: 230783K(279616K)->0K(279616K) From: 10240K(34944K)->15360K(34944K)
[2024-08-23T16:46:37.544+0800] GC(153) Tenured: 120577K(699072K)->192257K(699072K)
[2024-08-23T16:46:37.544+0800] GC(153) Metaspace: 308K(512K)->308K(512K) NonClass: 300K(384K)->300K(384K) Class: 7K(128K)->7K(128K)
[2024-08-23T16:46:37.544+0800] GC(153) Pause Young (Allocation Failure) 353M->202M(989M) 6.932ms
[2024-08-23T16:46:37.544+0800] GC(153) User=0.00s Sys=0.00s Real=0.01s
[2024-08-23T16:46:40.167+0800] GC(154) Pause Young (Allocation Failure)
[2024-08-23T16:46:40.168+0800] GC(154) DefNew: 287105K(314560K)->15360K(314560K) Eden: 271745K(279616K)->0K(279616K) From: 15360K(34944K)->15360K(34944K)
[2024-08-23T16:46:40.168+0800] GC(154) Tenured: 192257K(699072K)->192257K(699072K)
[2024-08-23T16:46:40.168+0800] GC(154) Metaspace: 308K(512K)->308K(512K) NonClass: 300K(384K)->300K(384K) Class: 7K(128K)->7K(128K)
[2024-08-23T16:46:40.168+0800] GC(154) Pause Young (Allocation Failure) 468M->202M(989M) 1.438ms
[2024-08-23T16:46:40.168+0800] GC(154) User=0.00s Sys=0.00s Real=0.00s
[2024-08-23T16:46:41.697+0800] GC(155) Pause Young (Allocation Failure)
[2024-08-23T16:46:41.709+0800] GC(155) DefNew: 266630K(314560K)->30720K(314560K) Eden: 251270K(279616K)->0K(279616K) From: 15360K(34944K)->30720K(34944K)
[2024-08-23T16:46:41.709+0800] GC(155) Tenured: 192257K(699072K)->294657K(699072K)
[2024-08-23T16:46:41.709+0800] GC(155) Metaspace: 308K(512K)->308K(512K) NonClass: 300K(384K)->300K(384K) Class: 7K(128K)->7K(128K)
[2024-08-23T16:46:41.709+0800] GC(155) Pause Young (Allocation Failure) 448M->317M(989M) 12.309ms
[2024-08-23T16:46:41.709+0800] GC(155) User=0.00s Sys=0.00s Real=0.01s
[2024-08-23T16:46:44.555+0800] GC(156) Pause Young (Allocation Failure)
[2024-08-23T16:46:44.557+0800] GC(156) DefNew: 292232K(314560K)->31744K(314560K) Eden: 261512K(279616K)->0K(279616K) From: 30720K(34944K)->31744K(34944K)
[2024-08-23T16:46:44.557+0800] GC(156) Tenured: 294657K(699072K)->294657K(699072K)
[2024-08-23T16:46:44.557+0800] GC(156) Metaspace: 308K(512K)->308K(512K) NonClass: 300K(384K)->300K(384K) Class: 7K(128K)->7K(128K)
[2024-08-23T16:46:44.557+0800] GC(156) Pause Young (Allocation Failure) 573M->318M(989M) 2.680ms
[2024-08-23T16:46:44.557+0800] GC(156) User=0.00s Sys=0.00s Real=0.00s
[2024-08-23T16:46:45.981+0800] GC(157) Pause Young (Allocation Failure)
[2024-08-23T16:46:45.986+0800] GC(157) DefNew: 262538K(314560K)->25600K(314560K) Eden: 230794K(279616K)->0K(279616K) From: 31744K(34944K)->25600K(34944K)
[2024-08-23T16:46:45.986+0800] GC(157) Tenured: 294657K(699072K)->316161K(699072K)
[2024-08-23T16:46:45.986+0800] GC(157) Metaspace: 308K(512K)->308K(512K) NonClass: 300K(384K)->300K(384K) Class: 7K(128K)->7K(128K)
[2024-08-23T16:46:45.986+0800] GC(157) Pause Young (Allocation Failure) 544M->333M(989M) 5.082ms
[2024-08-23T16:46:45.986+0800] GC(157) User=0.00s Sys=0.00s Real=0.01s
[2024-08-23T16:46:47.509+0800] GC(158) Pause Young (Allocation Failure)
[2024-08-23T16:46:47.516+0800] GC(158) DefNew: 276889K(314560K)->20480K(314560K) Eden: 251289K(279616K)->0K(279616K) From: 25600K(34944K)->20480K(34944K)
[2024-08-23T16:46:47.516+0800] GC(158) Tenured: 316161K(699072K)->367361K(699072K)
[2024-08-23T16:46:47.516+0800] GC(158) Metaspace: 308K(512K)->308K(512K) NonClass: 300K(384K)->300K(384K) Class: 7K(128K)->7K(128K)
[2024-08-23T16:46:47.516+0800] GC(158) Pause Young (Allocation Failure) 579M->378M(989M) 7.107ms
[2024-08-23T16:46:47.516+0800] GC(158) User=0.00s Sys=0.00s Real=0.01s
[2024-08-23T16:46:48.942+0800] GC(159) Pause Young (Allocation Failure)
[2024-08-23T16:46:48.949+0800] GC(159) DefNew: 251284K(314560K)->5120K(314560K) Eden: 230804K(279616K)->0K(279616K) From: 20480K(34944K)->5120K(34944K)
[2024-08-23T16:46:48.949+0800] GC(159) Tenured: 367361K(699072K)->439041K(699072K)
[2024-08-23T16:46:48.949+0800] GC(159) Metaspace: 308K(512K)->308K(512K) NonClass: 300K(384K)->300K(384K) Class: 7K(128K)->7K(128K)
[2024-08-23T16:46:48.949+0800] GC(159) Pause Young (Allocation Failure) 604M->433M(989M) 6.564ms
[2024-08-23T16:46:48.949+0800] GC(159) User=0.00s Sys=0.00s Real=0.01s
[2024-08-23T16:46:50.367+0800] GC(160) Pause Young (Allocation Failure)
[2024-08-23T16:46:50.372+0800] GC(160) DefNew: 235918K(314560K)->10240K(314560K) Eden: 230798K(279616K)->0K(279616K) From: 5120K(34944K)->10240K(34944K)
[2024-08-23T16:46:50.372+0800] GC(160) Tenured: 439041K(699072K)->490241K(699072K)
[2024-08-23T16:46:50.372+0800] GC(160) Metaspace: 308K(512K)->308K(512K) NonClass: 300K(384K)->300K(384K) Class: 7K(128K)->7K(128K)
[2024-08-23T16:46:50.372+0800] GC(160) Pause Young (Allocation Failure) 659M->488M(989M) 4.909ms
[2024-08-23T16:46:50.372+0800] GC(160) User=0.02s Sys=0.00s Real=0.00s
[2024-08-23T16:46:51.788+0800] GC(161) Pause Young (Allocation Failure)
[2024-08-23T16:46:51.792+0800] GC(161) DefNew: 220555K(314560K)->5120K(314560K) Eden: 210315K(279616K)->0K(279616K) From: 10240K(34944K)->5120K(34944K)
[2024-08-23T16:46:51.792+0800] GC(161) Tenured: 490241K(699072K)->541441K(699072K)
[2024-08-23T16:46:51.792+0800] GC(161) Metaspace: 308K(512K)->308K(512K) NonClass: 300K(384K)->300K(384K) Class: 7K(128K)->7K(128K)
[2024-08-23T16:46:51.792+0800] GC(161) Pause Young (Allocation Failure) 694M->533M(989M) 4.838ms
[2024-08-23T16:46:51.792+0800] GC(161) User=0.00s Sys=0.00s Real=0.00s
[2024-08-23T16:46:53.204+0800] GC(162) Pause Young (Allocation Failure)
[2024-08-23T16:46:53.208+0800] GC(162) DefNew: 235910K(314560K)->11264K(314560K) Eden: 230790K(279616K)->0K(279616K) From: 5120K(34944K)->11264K(34944K)
[2024-08-23T16:46:53.208+0800] GC(162) Tenured: 541441K(699072K)->592641K(699072K)
[2024-08-23T16:46:53.208+0800] GC(162) Metaspace: 308K(512K)->308K(512K) NonClass: 300K(384K)->300K(384K) Class: 7K(128K)->7K(128K)
[2024-08-23T16:46:53.208+0800] GC(162) Pause Young (Allocation Failure) 759M->589M(989M) 4.879ms
[2024-08-23T16:46:53.208+0800] GC(162) User=0.00s Sys=0.00s Real=0.00s
[2024-08-23T16:46:56.043+0800] GC(163) Pause Young (Allocation Failure)
[2024-08-23T16:46:56.049+0800] GC(163) DefNew: 283039K(314560K)->15360K(314560K) Eden: 271775K(279616K)->0K(279616K) From: 11264K(34944K)->15360K(34944K)
[2024-08-23T16:46:56.049+0800] GC(163) Tenured: 592641K(699072K)->643841K(699072K)
[2024-08-23T16:46:56.049+0800] GC(163) Metaspace: 308K(512K)->308K(512K) NonClass: 300K(384K)->300K(384K) Class: 7K(128K)->7K(128K)
[2024-08-23T16:46:56.049+0800] GC(163) Pause Young (Allocation Failure) 855M->643M(989M) 5.928ms
[2024-08-23T16:46:56.049+0800] GC(163) User=0.00s Sys=0.00s Real=0.01s
[2024-08-23T16:46:57.482+0800] GC(164) Pause Young (Allocation Failure)
[2024-08-23T16:46:57.482+0800] GC(164) Pause Young (Allocation Failure) 869M->869M(989M) 0.092ms
[2024-08-23T16:46:57.482+0800] GC(164) User=0.00s Sys=0.00s Real=0.00s
[2024-08-23T16:46:57.482+0800] GC(165) Pause Full (Allocation Failure)
[2024-08-23T16:46:57.482+0800] GC(165) Phase 1: Mark live objects
[2024-08-23T16:46:57.483+0800] GC(165) Phase 1: Mark live objects 0.749ms
[2024-08-23T16:46:57.483+0800] GC(165) Phase 2: Compute new object addresses
[2024-08-23T16:46:57.483+0800] GC(165) Phase 2: Compute new object addresses 0.192ms
[2024-08-23T16:46:57.483+0800] GC(165) Phase 3: Adjust pointers
[2024-08-23T16:46:57.483+0800] GC(165) Phase 3: Adjust pointers 0.425ms
[2024-08-23T16:46:57.483+0800] GC(165) Phase 4: Move objects
[2024-08-23T16:46:57.491+0800] GC(165) Phase 4: Move objects 7.961ms
[2024-08-23T16:46:57.491+0800] GC(165) DefNew: 246170K(314560K)->0K(314560K) Eden: 230810K(279616K)->0K(279616K) From: 15360K(34944K)->0K(34944K)
[2024-08-23T16:46:57.491+0800] GC(165) Tenured: 643841K(699072K)->92929K(699072K)
[2024-08-23T16:46:57.491+0800] GC(165) Metaspace: 308K(512K)->308K(512K) NonClass: 300K(384K)->300K(384K) Class: 7K(128K)->7K(128K)
[2024-08-23T16:46:57.491+0800] GC(165) Pause Full (Allocation Failure) 869M->90M(989M) 9.544ms
[2024-08-23T16:46:57.491+0800] GC(165) User=0.00s Sys=0.00s Real=0.01s
[2024-08-23T16:46:58.911+0800] GC(166) Pause Young (Allocation Failure)
[2024-08-23T16:46:58.915+0800] GC(166) DefNew: 194971K(314560K)->0K(314560K) Eden: 194971K(279616K)->0K(279616K) From: 0K(34944K)->0K(34944K)
[2024-08-23T16:46:58.915+0800] GC(166) Tenured: 92929K(699072K)->144129K(699072K)
[2024-08-23T16:46:58.915+0800] GC(166) Metaspace: 308K(512K)->308K(512K) NonClass: 300K(384K)->300K(384K) Class: 7K(128K)->7K(128K)
[2024-08-23T16:46:58.915+0800] GC(166) Pause Young (Allocation Failure) 281M->140M(989M) 4.400ms
[2024-08-23T16:46:58.915+0800] GC(166) User=0.00s Sys=0.00s Real=0.00s
[2024-08-23T16:47:00.332+0800] GC(167) Pause Young (Allocation Failure)
[2024-08-23T16:47:00.336+0800] GC(167) DefNew: 230797K(314560K)->5120K(314560K) Eden: 230797K(279616K)->0K(279616K) From: 0K(34944K)->5120K(34944K)
[2024-08-23T16:47:00.337+0800] GC(167) Tenured: 144129K(699072K)->195329K(699072K)
[2024-08-23T16:47:00.337+0800] GC(167) Metaspace: 308K(512K)->308K(512K) NonClass: 300K(384K)->300K(384K) Class: 7K(128K)->7K(128K)
[2024-08-23T16:47:00.337+0800] GC(167) Pause Young (Allocation Failure) 366M->195M(989M) 5.438ms
[2024-08-23T16:47:00.337+0800] GC(167) User=0.00s Sys=0.00s Real=0.00s
[2024-08-23T16:47:01.769+0800] GC(168) Pause Young (Allocation Failure)
[2024-08-23T16:47:01.781+0800] GC(168) DefNew: 235914K(314560K)->10240K(314560K) Eden: 230794K(279616K)->0K(279616K) From: 5120K(34944K)->10240K(34944K)
[2024-08-23T16:47:01.781+0800] GC(168) Tenured: 195329K(699072K)->348929K(699072K)
[2024-08-23T16:47:01.781+0800] GC(168) Metaspace: 308K(512K)->308K(512K) NonClass: 300K(384K)->300K(384K) Class: 7K(128K)->7K(128K)
[2024-08-23T16:47:01.781+0800] GC(168) Pause Young (Allocation Failure) 421M->350M(989M) 13.298ms
[2024-08-23T16:47:01.781+0800] GC(168) User=0.00s Sys=0.00s Real=0.01s
[2024-08-23T16:47:03.205+0800] GC(169) Pause Young (Allocation Failure)
[2024-08-23T16:47:03.213+0800] GC(169) DefNew: 220552K(314560K)->5120K(314560K) Eden: 210312K(279616K)->0K(279616K) From: 10240K(34944K)->5120K(34944K)
[2024-08-23T16:47:03.213+0800] GC(169) Tenured: 348929K(699072K)->400129K(699072K)
[2024-08-23T16:47:03.213+0800] GC(169) Metaspace: 308K(512K)->308K(512K) NonClass: 300K(384K)->300K(384K) Class: 7K(128K)->7K(128K)
[2024-08-23T16:47:03.213+0800] GC(169) Pause Young (Allocation Failure) 556M->395M(989M) 7.568ms
[2024-08-23T16:47:03.213+0800] GC(169) User=0.00s Sys=0.00s Real=0.01s
[2024-08-23T16:47:04.638+0800] GC(170) Pause Young (Allocation Failure)
[2024-08-23T16:47:04.643+0800] GC(170) DefNew: 235908K(314560K)->16384K(314560K) Eden: 230788K(279616K)->0K(279616K) From: 5120K(34944K)->16384K(34944K)
[2024-08-23T16:47:04.643+0800] GC(170) Tenured: 400129K(699072K)->451329K(699072K)
[2024-08-23T16:47:04.643+0800] GC(170) Metaspace: 308K(512K)->308K(512K) NonClass: 300K(384K)->300K(384K) Class: 7K(128K)->7K(128K)
[2024-08-23T16:47:04.643+0800] GC(170) Pause Young (Allocation Failure) 621M->456M(989M) 6.460ms
[2024-08-23T16:47:04.643+0800] GC(170) User=0.00s Sys=0.00s Real=0.00s
[2024-08-23T16:47:07.381+0800] GC(171) Pause Young (Allocation Failure)
[2024-08-23T16:47:07.383+0800] GC(171) DefNew: 247163K(314560K)->25600K(314560K) Eden: 230779K(279616K)->0K(279616K) From: 16384K(34944K)->25600K(34944K)
[2024-08-23T16:47:07.383+0800] GC(171) Tenured: 451329K(699072K)->451329K(699072K)
[2024-08-23T16:47:07.383+0800] GC(171) Metaspace: 308K(512K)->308K(512K) NonClass: 300K(384K)->300K(384K) Class: 7K(128K)->7K(128K)
[2024-08-23T16:47:07.383+0800] GC(171) Pause Young (Allocation Failure) 682M->465M(989M) 2.387ms
[2024-08-23T16:47:07.383+0800] GC(171) User=0.00s Sys=0.00s Real=0.00s
[2024-08-23T16:47:08.801+0800] GC(172) Pause Young (Allocation Failure)
[2024-08-23T16:47:08.805+0800] GC(172) DefNew: 256382K(314560K)->25600K(314560K) Eden: 230782K(279616K)->0K(279616K) From: 25600K(34944K)->25600K(34944K)
[2024-08-23T16:47:08.805+0800] GC(172) Tenured: 451329K(699072K)->476929K(699072K)
[2024-08-23T16:47:08.805+0800] GC(172) Metaspace: 308K(512K)->308K(512K) NonClass: 300K(384K)->300K(384K) Class: 7K(128K)->7K(128K)
[2024-08-23T16:47:08.805+0800] GC(172) Pause Young (Allocation Failure) 691M->490M(989M) 4.413ms
[2024-08-23T16:47:08.805+0800] GC(172) User=0.00s Sys=0.00s Real=0.00s
[2024-08-23T16:47:10.339+0800] GC(173) Pause Young (Allocation Failure)
[2024-08-23T16:47:10.343+0800] GC(173) DefNew: 256385K(314560K)->0K(314560K) Eden: 230784K(279616K)->0K(279616K) From: 25600K(34944K)->0K(34944K)
[2024-08-23T16:47:10.344+0800] GC(173) Tenured: 476929K(699072K)->528129K(699072K)
[2024-08-23T16:47:10.344+0800] GC(173) Metaspace: 308K(512K)->308K(512K) NonClass: 300K(384K)->300K(384K) Class: 7K(128K)->7K(128K)
[2024-08-23T16:47:10.344+0800] GC(173) Pause Young (Allocation Failure) 716M->515M(989M) 4.913ms
[2024-08-23T16:47:10.344+0800] GC(173) User=0.00s Sys=0.00s Real=0.01s
[2024-08-23T16:47:11.760+0800] GC(174) Pause Young (Allocation Failure)
[2024-08-23T16:47:11.773+0800] GC(174) DefNew: 230786K(314560K)->5120K(314560K) Eden: 230786K(279616K)->0K(279616K) From: 0K(34944K)->5120K(34944K)
[2024-08-23T16:47:11.773+0800] GC(174) Tenured: 528129K(699072K)->681729K(699072K)
[2024-08-23T16:47:11.773+0800] GC(174) Metaspace: 308K(512K)->308K(512K) NonClass: 300K(384K)->300K(384K) Class: 7K(128K)->7K(128K)
[2024-08-23T16:47:11.773+0800] GC(174) Pause Young (Allocation Failure) 741M->670M(989M) 12.778ms
[2024-08-23T16:47:11.773+0800] GC(174) User=0.00s Sys=0.00s Real=0.01s
[2024-08-23T16:47:13.196+0800] GC(175) Pause Young (Allocation Failure)
[2024-08-23T16:47:13.196+0800] GC(175) Pause Young (Allocation Failure) 896M->896M(989M) 0.074ms
[2024-08-23T16:47:13.196+0800] GC(175) User=0.00s Sys=0.00s Real=0.00s
[2024-08-23T16:47:13.196+0800] GC(176) Pause Full (Allocation Failure)
[2024-08-23T16:47:13.196+0800] GC(176) Phase 1: Mark live objects
[2024-08-23T16:47:13.196+0800] GC(176) Phase 1: Mark live objects 0.613ms
[2024-08-23T16:47:13.196+0800] GC(176) Phase 2: Compute new object addresses
[2024-08-23T16:47:13.196+0800] GC(176) Phase 2: Compute new object addresses 0.152ms
[2024-08-23T16:47:13.196+0800] GC(176) Phase 3: Adjust pointers
[2024-08-23T16:47:13.196+0800] GC(176) Phase 3: Adjust pointers 0.338ms
[2024-08-23T16:47:13.196+0800] GC(176) Phase 4: Move objects
[2024-08-23T16:47:13.209+0800] GC(176) Phase 4: Move objects 12.482ms
[2024-08-23T16:47:13.209+0800] GC(176) DefNew: 235907K(314560K)->0K(314560K) Eden: 230787K(279616K)->0K(279616K) From: 5120K(34944K)->0K(34944K)
[2024-08-23T16:47:13.209+0800] GC(176) Tenured: 681729K(699072K)->165633K(699072K)
[2024-08-23T16:47:13.209+0800] GC(176) Metaspace: 308K(512K)->308K(512K) NonClass: 300K(384K)->300K(384K) Class: 7K(128K)->7K(128K)
[2024-08-23T16:47:13.209+0800] GC(176) Pause Full (Allocation Failure) 896M->161M(989M) 13.791ms
[2024-08-23T16:47:13.210+0800] GC(176) User=0.00s Sys=0.00s Real=0.01s
[2024-08-23T16:47:14.637+0800] GC(177) Pause Young (Allocation Failure)
[2024-08-23T16:47:14.642+0800] GC(177) DefNew: 205187K(314560K)->10240K(314560K) Eden: 205187K(279616K)->0K(279616K) From: 0K(34944K)->10240K(34944K)
[2024-08-23T16:47:14.642+0800] GC(177) Tenured: 165633K(699072K)->216833K(699072K)
[2024-08-23T16:47:14.642+0800] GC(177) Metaspace: 308K(512K)->308K(512K) NonClass: 300K(384K)->300K(384K) Class: 7K(128K)->7K(128K)
[2024-08-23T16:47:14.642+0800] GC(177) Pause Young (Allocation Failure) 362M->221M(989M) 5.143ms
[2024-08-23T16:47:14.642+0800] GC(177) User=0.00s Sys=0.00s Real=0.00s
[2024-08-23T16:47:16.062+0800] GC(178) Pause Young (Allocation Failure)
[2024-08-23T16:47:16.070+0800] GC(178) DefNew: 241024K(314560K)->25600K(314560K) Eden: 230784K(279616K)->0K(279616K) From: 10240K(34944K)->25600K(34944K)
[2024-08-23T16:47:16.070+0800] GC(178) Tenured: 216833K(699072K)->268033K(699072K)
[2024-08-23T16:47:16.070+0800] GC(178) Metaspace: 308K(512K)->308K(512K) NonClass: 300K(384K)->300K(384K) Class: 7K(128K)->7K(128K)
[2024-08-23T16:47:16.070+0800] GC(178) Pause Young (Allocation Failure) 447M->286M(989M) 7.752ms
[2024-08-23T16:47:16.070+0800] GC(178) User=0.00s Sys=0.00s Real=0.01s
[2024-08-23T16:47:18.812+0800] GC(179) Pause Young (Allocation Failure)
[2024-08-23T16:47:18.814+0800] GC(179) DefNew: 271746K(314560K)->25600K(314560K) Eden: 246146K(279616K)->0K(279616K) From: 25600K(34944K)->25600K(34944K)
[2024-08-23T16:47:18.814+0800] GC(179) Tenured: 268033K(699072K)->268033K(699072K)
[2024-08-23T16:47:18.814+0800] GC(179) Metaspace: 308K(512K)->308K(512K) NonClass: 300K(384K)->300K(384K) Class: 7K(128K)->7K(128K)
[2024-08-23T16:47:18.814+0800] GC(179) Pause Young (Allocation Failure) 527M->286M(989M) 2.447ms
[2024-08-23T16:47:18.814+0800] GC(179) User=0.02s Sys=0.00s Real=0.00s
[2024-08-23T16:47:20.239+0800] GC(180) Pause Young (Allocation Failure)
[2024-08-23T16:47:20.248+0800] GC(180) DefNew: 256388K(314560K)->25600K(314560K) Eden: 230788K(279616K)->0K(279616K) From: 25600K(34944K)->25600K(34944K)
[2024-08-23T16:47:20.248+0800] GC(180) Tenured: 268033K(699072K)->324353K(699072K)
[2024-08-23T16:47:20.248+0800] GC(180) Metaspace: 308K(512K)->308K(512K) NonClass: 300K(384K)->300K(384K) Class: 7K(128K)->7K(128K)
[2024-08-23T16:47:20.248+0800] GC(180) Pause Young (Allocation Failure) 512M->341M(989M) 9.702ms
[2024-08-23T16:47:20.248+0800] GC(180) User=0.02s Sys=0.00s Real=0.01s
[2024-08-23T16:47:21.855+0800] GC(181) Pause Young (Allocation Failure)
[2024-08-23T16:47:21.855+0800] GC(181) DefNew: 210309K(314560K)->5120K(314560K) Eden: 184708K(279616K)->0K(279616K) From: 25600K(34944K)->5120K(34944K)
[2024-08-23T16:47:21.855+0800] GC(181) Tenured: 324353K(699072K)->324353K(699072K)
[2024-08-23T16:47:21.855+0800] GC(181) Metaspace: 308K(512K)->308K(512K) NonClass: 300K(384K)->300K(384K) Class: 7K(128K)->7K(128K)
[2024-08-23T16:47:21.855+0800] GC(181) Pause Young (Allocation Failure) 522M->321M(989M) 0.645ms
[2024-08-23T16:47:21.855+0800] GC(181) User=0.00s Sys=0.00s Real=0.00s
[2024-08-23T16:47:23.276+0800] GC(182) Pause Young (Allocation Failure)
[2024-08-23T16:47:23.281+0800] GC(182) DefNew: 235901K(314560K)->6144K(314560K) Eden: 230781K(279616K)->0K(279616K) From: 5120K(34944K)->6144K(34944K)
[2024-08-23T16:47:23.281+0800] GC(182) Tenured: 324353K(699072K)->375553K(699072K)
[2024-08-23T16:47:23.281+0800] GC(182) Metaspace: 308K(512K)->308K(512K) NonClass: 300K(384K)->300K(384K) Class: 7K(128K)->7K(128K)
[2024-08-23T16:47:23.281+0800] GC(182) Pause Young (Allocation Failure) 547M->372M(989M) 5.245ms
[2024-08-23T16:47:23.281+0800] GC(182) User=0.00s Sys=0.00s Real=0.00s
[2024-08-23T16:47:24.698+0800] GC(183) Pause Young (Allocation Failure)
[2024-08-23T16:47:24.705+0800] GC(183) DefNew: 236928K(314560K)->17408K(314560K) Eden: 230784K(279616K)->0K(279616K) From: 6144K(34944K)->17408K(34944K)
[2024-08-23T16:47:24.705+0800] GC(183) Tenured: 375553K(699072K)->426753K(699072K)
[2024-08-23T16:47:24.705+0800] GC(183) Metaspace: 308K(512K)->308K(512K) NonClass: 300K(384K)->300K(384K) Class: 7K(128K)->7K(128K)
[2024-08-23T16:47:24.705+0800] GC(183) Pause Young (Allocation Failure) 598M->433M(989M) 7.243ms
[2024-08-23T16:47:24.705+0800] GC(183) User=0.00s Sys=0.00s Real=0.01s
[2024-08-23T16:47:26.138+0800] GC(184) Pause Young (Allocation Failure)
[2024-08-23T16:47:26.145+0800] GC(184) DefNew: 222593K(314560K)->10240K(314560K) Eden: 205185K(279616K)->0K(279616K) From: 17408K(34944K)->10240K(34944K)
[2024-08-23T16:47:26.145+0800] GC(184) Tenured: 426753K(699072K)->477953K(699072K)
[2024-08-23T16:47:26.145+0800] GC(184) Metaspace: 308K(512K)->308K(512K) NonClass: 300K(384K)->300K(384K) Class: 7K(128K)->7K(128K)
[2024-08-23T16:47:26.145+0800] GC(184) Pause Young (Allocation Failure) 634M->476M(989M) 7.720ms
[2024-08-23T16:47:26.145+0800] GC(184) User=0.00s Sys=0.00s Real=0.01s
[2024-08-23T16:47:27.572+0800] GC(185) Pause Young (Allocation Failure)
[2024-08-23T16:47:27.579+0800] GC(185) DefNew: 241023K(314560K)->15360K(314560K) Eden: 230783K(279616K)->0K(279616K) From: 10240K(34944K)->15360K(34944K)
[2024-08-23T16:47:27.579+0800] GC(185) Tenured: 477953K(699072K)->549633K(699072K)
[2024-08-23T16:47:27.579+0800] GC(185) Metaspace: 308K(512K)->308K(512K) NonClass: 300K(384K)->300K(384K) Class: 7K(128K)->7K(128K)
[2024-08-23T16:47:27.579+0800] GC(185) Pause Young (Allocation Failure) 702M->551M(989M) 7.547ms
[2024-08-23T16:47:27.579+0800] GC(185) User=0.00s Sys=0.00s Real=0.01s
[2024-08-23T16:47:30.207+0800] GC(186) Pause Young (Allocation Failure)
[2024-08-23T16:47:30.208+0800] GC(186) DefNew: 287105K(314560K)->15360K(314560K) Eden: 271745K(279616K)->0K(279616K) From: 15360K(34944K)->15360K(34944K)
[2024-08-23T16:47:30.208+0800] GC(186) Tenured: 549633K(699072K)->549633K(699072K)
[2024-08-23T16:47:30.208+0800] GC(186) Metaspace: 308K(512K)->308K(512K) NonClass: 300K(384K)->300K(384K) Class: 7K(128K)->7K(128K)
[2024-08-23T16:47:30.208+0800] GC(186) Pause Young (Allocation Failure) 817M->551M(989M) 1.748ms
[2024-08-23T16:47:30.208+0800] GC(186) User=0.00s Sys=0.00s Real=0.00s
[2024-08-23T16:47:31.735+0800] GC(187) Pause Young (Allocation Failure)
[2024-08-23T16:47:31.745+0800] GC(187) DefNew: 266630K(314560K)->30720K(314560K) Eden: 251270K(279616K)->0K(279616K) From: 15360K(34944K)->30720K(34944K)
[2024-08-23T16:47:31.745+0800] GC(187) Tenured: 549633K(699072K)->652033K(699072K)
[2024-08-23T16:47:31.745+0800] GC(187) Metaspace: 308K(512K)->308K(512K) NonClass: 300K(384K)->300K(384K) Class: 7K(128K)->7K(128K)
[2024-08-23T16:47:31.745+0800] GC(187) Pause Young (Allocation Failure) 797M->666M(989M) 10.855ms
[2024-08-23T16:47:31.745+0800] GC(187) User=0.00s Sys=0.00s Real=0.01s
[2024-08-23T16:47:33.156+0800] Heap
[2024-08-23T16:47:33.156+0800]  def new generation   total 314560K, used 231737K [0x00000000c0000000, 0x00000000d5550000, 0x00000000d5550000)
[2024-08-23T16:47:33.156+0800]   eden space 279616K,  71% used [0x00000000c0000000, 0x00000000cc44e540, 0x00000000d1110000)
[2024-08-23T16:47:33.156+0800]   from space 34944K,  87% used [0x00000000d3330000, 0x00000000d5130068, 0x00000000d5550000)
[2024-08-23T16:47:33.156+0800]   to   space 34944K,   0% used [0x00000000d1110000, 0x00000000d1110000, 0x00000000d3330000)
[2024-08-23T16:47:33.156+0800]  tenured generation   total 699072K, used 652033K [0x00000000d5550000, 0x0000000100000000, 0x0000000100000000)
[2024-08-23T16:47:33.156+0800]    the space 699072K,  93% used [0x00000000d5550000, 0x00000000fd2107b8, 0x00000000fd210800, 0x0000000100000000)
[2024-08-23T16:47:33.156+0800]  Metaspace       used 310K, committed 512K, reserved 1114112K
[2024-08-23T16:47:33.156+0800]   class space    used 8K, committed 128K, reserved 1048576K
