[2024-08-23T18:25:13.712+0800] Using Serial
[2024-08-23T18:25:13.716+0800] Version: 17.0.11+1-LTS (release)
[2024-08-23T18:25:13.716+0800] CPUs: 12 total, 12 available
[2024-08-23T18:25:13.716+0800] Memory: 32620M
[2024-08-23T18:25:13.716+0800] Large Page Support: Disabled
[2024-08-23T18:25:13.716+0800] NUMA Support: Disabled
[2024-08-23T18:25:13.716+0800] Compressed Oops: Enabled (32-bit)
[2024-08-23T18:25:13.716+0800] Heap Min Capacity: 2G
[2024-08-23T18:25:13.716+0800] Heap Initial Capacity: 2G
[2024-08-23T18:25:13.716+0800] Heap Max Capacity: 2G
[2024-08-23T18:25:13.716+0800] Pre-touch: Disabled
[2024-08-23T18:25:13.716+0800] Parallel Workers: 6
[2024-08-23T18:25:13.741+0800] CDS archive(s) mapped at: [0x000001f500000000-0x000001f500bc0000-0x000001f500bc0000), size 12320768, SharedBaseAddress: 0x000001f500000000, ArchiveRelocationMode: 1.
[2024-08-23T18:25:13.741+0800] Compressed class space mapped at: 0x000001f501000000-0x000001f541000000, reserved size: 1073741824
[2024-08-23T18:25:13.741+0800] Narrow klass base: 0x000001f500000000, Narrow klass shift: 0, Narrow klass range: 0x100000000
[2024-08-23T18:25:19.030+0800] GC(0) Pause Young (Allocation Failure)
[2024-08-23T18:25:19.034+0800] GC(0) DefNew: 553746K(629120K)->11007K(629120K) Eden: 553746K(559232K)->0K(559232K) From: 0K(69888K)->11007K(69888K)
[2024-08-23T18:25:19.034+0800] GC(0) Tenured: 0K(1398144K)->0K(1398144K)
[2024-08-23T18:25:19.034+0800] GC(0) Metaspace: 232K(448K)->232K(448K) NonClass: 224K(320K)->224K(320K) Class: 7K(128K)->7K(128K)
[2024-08-23T18:25:19.034+0800] GC(0) Pause Young (Allocation Failure) 540M->10M(1979M) 4.075ms
[2024-08-23T18:25:19.034+0800] GC(0) User=0.00s Sys=0.00s Real=0.00s
[2024-08-23T18:25:22.298+0800] GC(1) Pause Young (Allocation Failure)
[2024-08-23T18:25:22.313+0800] GC(1) DefNew: 528181K(629120K)->51967K(629120K) Eden: 517174K(559232K)->0K(559232K) From: 11007K(69888K)->51967K(69888K)
[2024-08-23T18:25:22.313+0800] GC(1) Tenured: 0K(1398144K)->0K(1398144K)
[2024-08-23T18:25:22.313+0800] GC(1) Metaspace: 235K(448K)->235K(448K) NonClass: 228K(320K)->228K(320K) Class: 7K(128K)->7K(128K)
[2024-08-23T18:25:22.313+0800] GC(1) Pause Young (Allocation Failure) 515M->50M(1979M) 15.947ms
[2024-08-23T18:25:22.313+0800] GC(1) User=0.00s Sys=0.00s Real=0.01s
[2024-08-23T18:25:25.161+0800] GC(2) Pause Young (Allocation Failure)
[2024-08-23T18:25:25.222+0800] GC(2) DefNew: 511960K(629120K)->61440K(629120K) Eden: 459992K(559232K)->0K(559232K) From: 51967K(69888K)->61440K(69888K)
[2024-08-23T18:25:25.222+0800] GC(2) Tenured: 0K(1398144K)->154367K(1398144K)
[2024-08-23T18:25:25.222+0800] GC(2) Metaspace: 238K(448K)->238K(448K) NonClass: 230K(320K)->230K(320K) Class: 7K(128K)->7K(128K)
[2024-08-23T18:25:25.222+0800] GC(2) Pause Young (Allocation Failure) 499M->210M(1979M) 60.707ms
[2024-08-23T18:25:25.222+0800] GC(2) User=0.00s Sys=0.05s Real=0.06s
[2024-08-23T18:25:28.723+0800] GC(3) Pause Young (Allocation Failure)
[2024-08-23T18:25:28.725+0800] GC(3) DefNew: 617497K(629120K)->26624K(629120K) Eden: 556057K(559232K)->0K(559232K) From: 61440K(69888K)->26624K(69888K)
[2024-08-23T18:25:28.725+0800] GC(3) Tenured: 154367K(1398144K)->154367K(1398144K)
[2024-08-23T18:25:28.725+0800] GC(3) Metaspace: 245K(448K)->245K(448K) NonClass: 237K(320K)->237K(320K) Class: 7K(128K)->7K(128K)
[2024-08-23T18:25:28.725+0800] GC(3) Pause Young (Allocation Failure) 753M->176M(1979M) 2.293ms
[2024-08-23T18:25:28.725+0800] GC(3) User=0.00s Sys=0.00s Real=0.00s
[2024-08-23T18:25:33.642+0800] GC(4) Pause Young (Allocation Failure)
[2024-08-23T18:25:33.642+0800] GC(4) DefNew: 539915K(629120K)->5120K(629120K) Eden: 513291K(559232K)->0K(559232K) From: 26624K(69888K)->5120K(69888K)
[2024-08-23T18:25:33.642+0800] GC(4) Tenured: 154367K(1398144K)->154367K(1398144K)
[2024-08-23T18:25:33.642+0800] GC(4) Metaspace: 248K(448K)->248K(448K) NonClass: 241K(320K)->241K(320K) Class: 7K(128K)->7K(128K)
[2024-08-23T18:25:33.642+0800] GC(4) Pause Young (Allocation Failure) 678M->155M(1979M) 0.691ms
[2024-08-23T18:25:33.642+0800] GC(4) User=0.00s Sys=0.00s Real=0.00s
[2024-08-23T18:25:36.593+0800] GC(5) Pause Young (Allocation Failure)
[2024-08-23T18:25:36.628+0800] GC(5) DefNew: 513818K(629120K)->62464K(629120K) Eden: 508698K(559232K)->0K(559232K) From: 5120K(69888K)->62464K(69888K)
[2024-08-23T18:25:36.628+0800] GC(5) Tenured: 154367K(1398144K)->256767K(1398144K)
[2024-08-23T18:25:36.628+0800] GC(5) Metaspace: 250K(448K)->250K(448K) NonClass: 243K(320K)->243K(320K) Class: 7K(128K)->7K(128K)
[2024-08-23T18:25:36.628+0800] GC(5) Pause Young (Allocation Failure) 652M->311M(1979M) 36.121ms
[2024-08-23T18:25:36.628+0800] GC(5) User=0.02s Sys=0.02s Real=0.04s
[2024-08-23T18:25:40.246+0800] GC(6) Pause Young (Allocation Failure)
[2024-08-23T18:25:40.249+0800] GC(6) DefNew: 617298K(629120K)->35840K(629120K) Eden: 554833K(559232K)->0K(559232K) From: 62464K(69888K)->35840K(69888K)
[2024-08-23T18:25:40.249+0800] GC(6) Tenured: 256767K(1398144K)->256767K(1398144K)
[2024-08-23T18:25:40.249+0800] GC(6) Metaspace: 252K(448K)->252K(448K) NonClass: 244K(320K)->244K(320K) Class: 7K(128K)->7K(128K)
[2024-08-23T18:25:40.249+0800] GC(6) Pause Young (Allocation Failure) 853M->285M(1979M) 2.998ms
[2024-08-23T18:25:40.249+0800] GC(6) User=0.00s Sys=0.00s Real=0.00s
[2024-08-23T18:25:45.170+0800] GC(7) Pause Young (Allocation Failure)
[2024-08-23T18:25:45.170+0800] GC(7) DefNew: 563694K(629120K)->5120K(629120K) Eden: 527854K(559232K)->0K(559232K) From: 35840K(69888K)->5120K(69888K)
[2024-08-23T18:25:45.170+0800] GC(7) Tenured: 256767K(1398144K)->256767K(1398144K)
[2024-08-23T18:25:45.170+0800] GC(7) Metaspace: 264K(448K)->264K(448K) NonClass: 256K(320K)->256K(320K) Class: 7K(128K)->7K(128K)
[2024-08-23T18:25:45.170+0800] GC(7) Pause Young (Allocation Failure) 801M->255M(1979M) 0.594ms
[2024-08-23T18:25:45.170+0800] GC(7) User=0.00s Sys=0.00s Real=0.00s
[2024-08-23T18:25:48.228+0800] GC(8) Pause Young (Allocation Failure)
[2024-08-23T18:25:48.229+0800] GC(8) DefNew: 564085K(629120K)->18432K(629120K) Eden: 558964K(559232K)->0K(559232K) From: 5120K(69888K)->18432K(69888K)
[2024-08-23T18:25:48.229+0800] GC(8) Tenured: 256767K(1398144K)->256767K(1398144K)
[2024-08-23T18:25:48.229+0800] GC(8) Metaspace: 264K(448K)->264K(448K) NonClass: 256K(320K)->256K(320K) Class: 7K(128K)->7K(128K)
[2024-08-23T18:25:48.230+0800] GC(8) Pause Young (Allocation Failure) 801M->268M(1979M) 1.838ms
[2024-08-23T18:25:48.230+0800] GC(8) User=0.00s Sys=0.00s Real=0.00s
[2024-08-23T18:25:52.811+0800] GC(9) Pause Young (Allocation Failure)
[2024-08-23T18:25:52.815+0800] GC(9) DefNew: 573316K(629120K)->51200K(629120K) Eden: 554883K(559232K)->0K(559232K) From: 18432K(69888K)->51200K(69888K)
[2024-08-23T18:25:52.815+0800] GC(9) Tenured: 256767K(1398144K)->256767K(1398144K)
[2024-08-23T18:25:52.815+0800] GC(9) Metaspace: 264K(448K)->264K(448K) NonClass: 256K(320K)->256K(320K) Class: 7K(128K)->7K(128K)
[2024-08-23T18:25:52.816+0800] GC(9) Pause Young (Allocation Failure) 810M->300M(1979M) 4.423ms
[2024-08-23T18:25:52.816+0800] GC(9) User=0.00s Sys=0.00s Real=0.00s
[2024-08-23T18:25:57.838+0800] GC(10) Pause Young (Allocation Failure)
[2024-08-23T18:25:57.840+0800] GC(10) DefNew: 601395K(629120K)->31744K(629120K) Eden: 550195K(559232K)->0K(559232K) From: 51200K(69888K)->31744K(69888K)
[2024-08-23T18:25:57.840+0800] GC(10) Tenured: 256767K(1398144K)->256768K(1398144K)
[2024-08-23T18:25:57.840+0800] GC(10) Metaspace: 273K(448K)->273K(448K) NonClass: 265K(320K)->265K(320K) Class: 7K(128K)->7K(128K)
[2024-08-23T18:25:57.840+0800] GC(10) Pause Young (Allocation Failure) 838M->281M(1979M) 2.787ms
[2024-08-23T18:25:57.840+0800] GC(10) User=0.00s Sys=0.00s Real=0.00s
[2024-08-23T18:26:00.793+0800] GC(11) Pause Young (Allocation Failure)
[2024-08-23T18:26:00.803+0800] GC(11) DefNew: 508809K(629120K)->51200K(629120K) Eden: 477065K(559232K)->0K(559232K) From: 31744K(69888K)->51200K(69888K)
[2024-08-23T18:26:00.803+0800] GC(11) Tenured: 256768K(1398144K)->277248K(1398144K)
[2024-08-23T18:26:00.803+0800] GC(11) Metaspace: 273K(448K)->273K(448K) NonClass: 265K(320K)->265K(320K) Class: 7K(128K)->7K(128K)
[2024-08-23T18:26:00.803+0800] GC(11) Pause Young (Allocation Failure) 747M->320M(1979M) 9.864ms
[2024-08-23T18:26:00.803+0800] GC(11) User=0.00s Sys=0.00s Real=0.01s
[2024-08-23T18:26:04.308+0800] GC(12) Pause Young (Allocation Failure)
[2024-08-23T18:26:04.339+0800] GC(12) DefNew: 610191K(629120K)->0K(629120K) Eden: 558991K(559232K)->0K(559232K) From: 51200K(69888K)->0K(69888K)
[2024-08-23T18:26:04.339+0800] GC(12) Tenured: 277248K(1398144K)->379648K(1398144K)
[2024-08-23T18:26:04.339+0800] GC(12) Metaspace: 273K(448K)->273K(448K) NonClass: 265K(320K)->265K(320K) Class: 7K(128K)->7K(128K)
[2024-08-23T18:26:04.339+0800] GC(12) Pause Young (Allocation Failure) 866M->370M(1979M) 31.179ms
[2024-08-23T18:26:04.339+0800] GC(12) User=0.00s Sys=0.02s Real=0.03s
[2024-08-23T18:26:09.259+0800] GC(13) Pause Young (Allocation Failure)
[2024-08-23T18:26:09.262+0800] GC(13) DefNew: 553870K(629120K)->35840K(629120K) Eden: 553870K(559232K)->0K(559232K) From: 0K(69888K)->35840K(69888K)
[2024-08-23T18:26:09.262+0800] GC(13) Tenured: 379648K(1398144K)->379648K(1398144K)
[2024-08-23T18:26:09.262+0800] GC(13) Metaspace: 298K(512K)->298K(512K) NonClass: 290K(384K)->290K(384K) Class: 7K(128K)->7K(128K)
[2024-08-23T18:26:09.262+0800] GC(13) Pause Young (Allocation Failure) 911M->405M(1979M) 3.087ms
[2024-08-23T18:26:09.262+0800] GC(13) User=0.00s Sys=0.00s Real=0.00s
[2024-08-23T18:26:12.206+0800] GC(14) Pause Young (Allocation Failure)
[2024-08-23T18:26:12.210+0800] GC(14) DefNew: 507788K(629120K)->51200K(629120K) Eden: 471948K(559232K)->0K(559232K) From: 35840K(69888K)->51200K(69888K)
[2024-08-23T18:26:12.210+0800] GC(14) Tenured: 379648K(1398144K)->379648K(1398144K)
[2024-08-23T18:26:12.210+0800] GC(14) Metaspace: 305K(512K)->305K(512K) NonClass: 297K(384K)->297K(384K) Class: 7K(128K)->7K(128K)
[2024-08-23T18:26:12.210+0800] GC(14) Pause Young (Allocation Failure) 866M->420M(1979M) 4.126ms
[2024-08-23T18:26:12.210+0800] GC(14) User=0.00s Sys=0.00s Real=0.00s
[2024-08-23T18:26:15.819+0800] GC(15) Pause Young (Allocation Failure)
[2024-08-23T18:26:15.819+0800] GC(15) DefNew: 610193K(629120K)->1024K(629120K) Eden: 558993K(559232K)->0K(559232K) From: 51200K(69888K)->1024K(69888K)
[2024-08-23T18:26:15.819+0800] GC(15) Tenured: 379648K(1398144K)->379648K(1398144K)
[2024-08-23T18:26:15.819+0800] GC(15) Metaspace: 305K(512K)->305K(512K) NonClass: 297K(384K)->297K(384K) Class: 7K(128K)->7K(128K)
[2024-08-23T18:26:15.819+0800] GC(15) Pause Young (Allocation Failure) 966M->371M(1979M) 0.311ms
[2024-08-23T18:26:15.819+0800] GC(15) User=0.00s Sys=0.00s Real=0.00s
[2024-08-23T18:26:20.626+0800] GC(16) Pause Young (Allocation Failure)
[2024-08-23T18:26:20.628+0800] GC(16) DefNew: 560015K(629120K)->25600K(629120K) Eden: 558991K(559232K)->0K(559232K) From: 1024K(69888K)->25600K(69888K)
[2024-08-23T18:26:20.628+0800] GC(16) Tenured: 379648K(1398144K)->379648K(1398144K)
[2024-08-23T18:26:20.628+0800] GC(16) Metaspace: 305K(512K)->305K(512K) NonClass: 297K(384K)->297K(384K) Class: 7K(128K)->7K(128K)
[2024-08-23T18:26:20.628+0800] GC(16) Pause Young (Allocation Failure) 917M->395M(1979M) 2.568ms
[2024-08-23T18:26:20.628+0800] GC(16) User=0.00s Sys=0.00s Real=0.00s
[2024-08-23T18:26:23.793+0800] GC(17) Pause Young (Allocation Failure)
[2024-08-23T18:26:23.821+0800] GC(17) DefNew: 584596K(629120K)->1024K(629120K) Eden: 558996K(559232K)->0K(559232K) From: 25600K(69888K)->1024K(69888K)
[2024-08-23T18:26:23.821+0800] GC(17) Tenured: 379648K(1398144K)->482048K(1398144K)
[2024-08-23T18:26:23.821+0800] GC(17) Metaspace: 305K(512K)->305K(512K) NonClass: 297K(384K)->297K(384K) Class: 7K(128K)->7K(128K)
[2024-08-23T18:26:23.821+0800] GC(17) Pause Young (Allocation Failure) 941M->471M(1979M) 29.401ms
[2024-08-23T18:26:23.821+0800] GC(17) User=0.02s Sys=0.00s Real=0.03s
[2024-08-23T18:26:27.865+0800] GC(18) Pause Young (Allocation Failure)
[2024-08-23T18:26:27.870+0800] GC(18) DefNew: 554897K(629120K)->61440K(629120K) Eden: 553873K(559232K)->0K(559232K) From: 1024K(69888K)->61440K(69888K)
[2024-08-23T18:26:27.870+0800] GC(18) Tenured: 482048K(1398144K)->482048K(1398144K)
[2024-08-23T18:26:27.870+0800] GC(18) Metaspace: 305K(512K)->305K(512K) NonClass: 297K(384K)->297K(384K) Class: 7K(128K)->7K(128K)
[2024-08-23T18:26:27.870+0800] GC(18) Pause Young (Allocation Failure) 1012M->530M(1979M) 5.225ms
[2024-08-23T18:26:27.870+0800] GC(18) User=0.02s Sys=0.00s Real=0.00s
[2024-08-23T18:26:32.129+0800] GC(19) Pause Young (Allocation Failure)
[2024-08-23T18:26:32.133+0800] GC(19) DefNew: 584597K(629120K)->56320K(629120K) Eden: 523157K(559232K)->0K(559232K) From: 61440K(69888K)->56320K(69888K)
[2024-08-23T18:26:32.133+0800] GC(19) Tenured: 482048K(1398144K)->482048K(1398144K)
[2024-08-23T18:26:32.133+0800] GC(19) Metaspace: 305K(512K)->305K(512K) NonClass: 297K(384K)->297K(384K) Class: 7K(128K)->7K(128K)
[2024-08-23T18:26:32.133+0800] GC(19) Pause Young (Allocation Failure) 1041M->525M(1979M) 5.271ms
[2024-08-23T18:26:32.133+0800] GC(19) User=0.00s Sys=0.00s Real=0.00s
[2024-08-23T18:26:36.283+0800] GC(20) Pause Young (Allocation Failure)
[2024-08-23T18:26:36.285+0800] GC(20) DefNew: 590744K(629120K)->26624K(629120K) Eden: 534424K(559232K)->0K(559232K) From: 56320K(69888K)->26624K(69888K)
[2024-08-23T18:26:36.285+0800] GC(20) Tenured: 482048K(1398144K)->482048K(1398144K)
[2024-08-23T18:26:36.285+0800] GC(20) Metaspace: 305K(512K)->305K(512K) NonClass: 297K(384K)->297K(384K) Class: 7K(128K)->7K(128K)
[2024-08-23T18:26:36.285+0800] GC(20) Pause Young (Allocation Failure) 1047M->496M(1979M) 2.344ms
[2024-08-23T18:26:36.285+0800] GC(20) User=0.00s Sys=0.00s Real=0.00s
[2024-08-23T18:26:39.233+0800] GC(21) Pause Young (Allocation Failure)
[2024-08-23T18:26:39.238+0800] GC(21) DefNew: 508818K(629120K)->61440K(629120K) Eden: 482194K(559232K)->0K(559232K) From: 26624K(69888K)->61440K(69888K)
[2024-08-23T18:26:39.238+0800] GC(21) Tenured: 482048K(1398144K)->482048K(1398144K)
[2024-08-23T18:26:39.238+0800] GC(21) Metaspace: 305K(512K)->305K(512K) NonClass: 297K(384K)->297K(384K) Class: 7K(128K)->7K(128K)
[2024-08-23T18:26:39.238+0800] GC(21) Pause Young (Allocation Failure) 967M->530M(1979M) 5.045ms
[2024-08-23T18:26:39.239+0800] GC(21) User=0.00s Sys=0.00s Real=0.01s
[2024-08-23T18:26:43.376+0800] GC(22) Pause Young (Allocation Failure)
[2024-08-23T18:26:43.378+0800] GC(22) DefNew: 579478K(629120K)->25600K(629120K) Eden: 518038K(559232K)->0K(559232K) From: 61440K(69888K)->25600K(69888K)
[2024-08-23T18:26:43.378+0800] GC(22) Tenured: 482048K(1398144K)->482048K(1398144K)
[2024-08-23T18:26:43.378+0800] GC(22) Metaspace: 305K(512K)->305K(512K) NonClass: 297K(384K)->297K(384K) Class: 7K(128K)->7K(128K)
[2024-08-23T18:26:43.378+0800] GC(22) Pause Young (Allocation Failure) 1036M->495M(1979M) 2.274ms
[2024-08-23T18:26:43.378+0800] GC(22) User=0.00s Sys=0.00s Real=0.00s
[2024-08-23T18:26:47.745+0800] GC(23) Pause Young (Allocation Failure)
[2024-08-23T18:26:47.749+0800] GC(23) DefNew: 565137K(629120K)->62464K(629120K) Eden: 539536K(559232K)->0K(559232K) From: 25600K(69888K)->62464K(69888K)
[2024-08-23T18:26:47.749+0800] GC(23) Tenured: 482048K(1398144K)->482048K(1398144K)
[2024-08-23T18:26:47.749+0800] GC(23) Metaspace: 305K(512K)->305K(512K) NonClass: 297K(384K)->297K(384K) Class: 7K(128K)->7K(128K)
[2024-08-23T18:26:47.749+0800] GC(23) Pause Young (Allocation Failure) 1022M->531M(1979M) 5.020ms
[2024-08-23T18:26:47.749+0800] GC(23) User=0.00s Sys=0.00s Real=0.00s
[2024-08-23T18:26:51.480+0800] GC(24) Pause Young (Allocation Failure)
[2024-08-23T18:26:51.482+0800] GC(24) DefNew: 617358K(629120K)->30720K(629120K) Eden: 554894K(559232K)->0K(559232K) From: 62464K(69888K)->30720K(69888K)
[2024-08-23T18:26:51.482+0800] GC(24) Tenured: 482048K(1398144K)->482048K(1398144K)
[2024-08-23T18:26:51.482+0800] GC(24) Metaspace: 305K(512K)->305K(512K) NonClass: 297K(384K)->297K(384K) Class: 7K(128K)->7K(128K)
[2024-08-23T18:26:51.482+0800] GC(24) Pause Young (Allocation Failure) 1073M->500M(1979M) 2.697ms
[2024-08-23T18:26:51.482+0800] GC(24) User=0.00s Sys=0.00s Real=0.00s
[2024-08-23T18:26:54.866+0800] GC(25) Pause Young (Allocation Failure)
[2024-08-23T18:26:54.871+0800] GC(25) DefNew: 566164K(629120K)->56320K(629120K) Eden: 535444K(559232K)->0K(559232K) From: 30720K(69888K)->56320K(69888K)
[2024-08-23T18:26:54.871+0800] GC(25) Tenured: 482048K(1398144K)->482048K(1398144K)
[2024-08-23T18:26:54.871+0800] GC(25) Metaspace: 305K(512K)->305K(512K) NonClass: 297K(384K)->297K(384K) Class: 7K(128K)->7K(128K)
[2024-08-23T18:26:54.871+0800] GC(25) Pause Young (Allocation Failure) 1023M->525M(1979M) 4.527ms
[2024-08-23T18:26:54.871+0800] GC(25) User=0.00s Sys=0.00s Real=0.01s
[2024-08-23T18:26:59.131+0800] GC(26) Pause Young (Allocation Failure)
[2024-08-23T18:26:59.138+0800] GC(26) DefNew: 553879K(629120K)->66560K(629120K) Eden: 497559K(559232K)->0K(559232K) From: 56320K(69888K)->66560K(69888K)
[2024-08-23T18:26:59.138+0800] GC(26) Tenured: 482048K(1398144K)->482048K(1398144K)
[2024-08-23T18:26:59.138+0800] GC(26) Metaspace: 305K(512K)->305K(512K) NonClass: 297K(384K)->297K(384K) Class: 7K(128K)->7K(128K)
[2024-08-23T18:26:59.138+0800] GC(26) Pause Young (Allocation Failure) 1011M->535M(1979M) 7.199ms
[2024-08-23T18:26:59.138+0800] GC(26) User=0.00s Sys=0.00s Real=0.01s
[2024-08-23T18:27:02.973+0800] GC(27) Pause Young (Allocation Failure)
[2024-08-23T18:27:02.979+0800] GC(27) DefNew: 621465K(629120K)->61440K(629120K) Eden: 554905K(559232K)->0K(559232K) From: 66560K(69888K)->61440K(69888K)
[2024-08-23T18:27:02.979+0800] GC(27) Tenured: 482048K(1398144K)->482048K(1398144K)
[2024-08-23T18:27:02.979+0800] GC(27) Metaspace: 305K(512K)->305K(512K) NonClass: 297K(384K)->297K(384K) Class: 7K(128K)->7K(128K)
[2024-08-23T18:27:02.979+0800] GC(27) Pause Young (Allocation Failure) 1077M->530M(1979M) 5.596ms
[2024-08-23T18:27:02.979+0800] GC(27) User=0.00s Sys=0.00s Real=0.01s
[2024-08-23T18:27:06.262+0800] GC(28) Pause Young (Allocation Failure)
[2024-08-23T18:27:06.267+0800] GC(28) DefNew: 587675K(629120K)->56320K(629120K) Eden: 526235K(559232K)->0K(559232K) From: 61440K(69888K)->56320K(69888K)
[2024-08-23T18:27:06.267+0800] GC(28) Tenured: 482048K(1398144K)->482048K(1398144K)
[2024-08-23T18:27:06.267+0800] GC(28) Metaspace: 305K(512K)->305K(512K) NonClass: 297K(384K)->297K(384K) Class: 7K(128K)->7K(128K)
[2024-08-23T18:27:06.267+0800] GC(28) Pause Young (Allocation Failure) 1044M->525M(1979M) 4.832ms
[2024-08-23T18:27:06.267+0800] GC(28) User=0.00s Sys=0.00s Real=0.00s
[2024-08-23T18:27:10.534+0800] GC(29) Pause Young (Allocation Failure)
[2024-08-23T18:27:10.545+0800] GC(29) DefNew: 564124K(629120K)->56320K(629120K) Eden: 507804K(559232K)->0K(559232K) From: 56320K(69888K)->56320K(69888K)
[2024-08-23T18:27:10.545+0800] GC(29) Tenured: 482048K(1398144K)->502528K(1398144K)
[2024-08-23T18:27:10.545+0800] GC(29) Metaspace: 305K(512K)->305K(512K) NonClass: 297K(384K)->297K(384K) Class: 7K(128K)->7K(128K)
[2024-08-23T18:27:10.545+0800] GC(29) Pause Young (Allocation Failure) 1021M->545M(1979M) 10.679ms
[2024-08-23T18:27:10.545+0800] GC(29) User=0.00s Sys=0.00s Real=0.01s
[2024-08-23T18:27:14.490+0800] GC(30) Pause Young (Allocation Failure)
[2024-08-23T18:27:14.522+0800] GC(30) DefNew: 606108K(629120K)->15360K(629120K) Eden: 549788K(559232K)->0K(559232K) From: 56320K(69888K)->15360K(69888K)
[2024-08-23T18:27:14.522+0800] GC(30) Tenured: 502528K(1398144K)->604928K(1398144K)
[2024-08-23T18:27:14.522+0800] GC(30) Metaspace: 305K(512K)->305K(512K) NonClass: 297K(384K)->297K(384K) Class: 7K(128K)->7K(128K)
[2024-08-23T18:27:14.522+0800] GC(30) Pause Young (Allocation Failure) 1082M->605M(1979M) 32.070ms
[2024-08-23T18:27:14.522+0800] GC(30) User=0.02s Sys=0.00s Real=0.03s
[2024-08-23T18:27:17.696+0800] GC(31) Pause Young (Allocation Failure)
[2024-08-23T18:27:17.701+0800] GC(31) DefNew: 528277K(629120K)->61440K(629120K) Eden: 512917K(559232K)->0K(559232K) From: 15360K(69888K)->61440K(69888K)
[2024-08-23T18:27:17.701+0800] GC(31) Tenured: 604928K(1398144K)->604928K(1398144K)
[2024-08-23T18:27:17.701+0800] GC(31) Metaspace: 305K(512K)->305K(512K) NonClass: 297K(384K)->297K(384K) Class: 7K(128K)->7K(128K)
[2024-08-23T18:27:17.701+0800] GC(31) Pause Young (Allocation Failure) 1106M->650M(1979M) 5.258ms
[2024-08-23T18:27:17.701+0800] GC(31) User=0.00s Sys=0.00s Real=0.00s
[2024-08-23T18:27:21.956+0800] GC(32) Pause Young (Allocation Failure)
[2024-08-23T18:27:21.962+0800] GC(32) DefNew: 584600K(629120K)->56320K(629120K) Eden: 523160K(559232K)->0K(559232K) From: 61440K(69888K)->56320K(69888K)
[2024-08-23T18:27:21.962+0800] GC(32) Tenured: 604928K(1398144K)->604928K(1398144K)
[2024-08-23T18:27:21.962+0800] GC(32) Metaspace: 305K(512K)->305K(512K) NonClass: 297K(384K)->297K(384K) Class: 7K(128K)->7K(128K)
[2024-08-23T18:27:21.962+0800] GC(32) Pause Young (Allocation Failure) 1161M->645M(1979M) 5.926ms
[2024-08-23T18:27:21.962+0800] GC(32) User=0.00s Sys=0.00s Real=0.01s
[2024-08-23T18:27:26.115+0800] GC(33) Pause Young (Allocation Failure)
[2024-08-23T18:27:26.117+0800] GC(33) DefNew: 590738K(629120K)->26624K(629120K) Eden: 534418K(559232K)->0K(559232K) From: 56320K(69888K)->26624K(69888K)
[2024-08-23T18:27:26.117+0800] GC(33) Tenured: 604928K(1398144K)->604928K(1398144K)
[2024-08-23T18:27:26.117+0800] GC(33) Metaspace: 305K(512K)->305K(512K) NonClass: 297K(384K)->297K(384K) Class: 7K(128K)->7K(128K)
[2024-08-23T18:27:26.117+0800] GC(33) Pause Young (Allocation Failure) 1167M->616M(1979M) 2.331ms
[2024-08-23T18:27:26.117+0800] GC(33) User=0.00s Sys=0.00s Real=0.00s
[2024-08-23T18:27:29.065+0800] GC(34) Pause Young (Allocation Failure)
[2024-08-23T18:27:29.070+0800] GC(34) DefNew: 508814K(629120K)->61440K(629120K) Eden: 482190K(559232K)->0K(559232K) From: 26624K(69888K)->61440K(69888K)
[2024-08-23T18:27:29.070+0800] GC(34) Tenured: 604928K(1398144K)->604928K(1398144K)
[2024-08-23T18:27:29.070+0800] GC(34) Metaspace: 305K(512K)->305K(512K) NonClass: 297K(384K)->297K(384K) Class: 7K(128K)->7K(128K)
[2024-08-23T18:27:29.070+0800] GC(34) Pause Young (Allocation Failure) 1087M->650M(1979M) 5.359ms
[2024-08-23T18:27:29.070+0800] GC(34) User=0.00s Sys=0.00s Real=0.00s
[2024-08-23T18:27:33.229+0800] GC(35) Pause Young (Allocation Failure)
[2024-08-23T18:27:33.231+0800] GC(35) DefNew: 579475K(629120K)->25600K(629120K) Eden: 518035K(559232K)->0K(559232K) From: 61440K(69888K)->25600K(69888K)
[2024-08-23T18:27:33.231+0800] GC(35) Tenured: 604928K(1398144K)->604928K(1398144K)
[2024-08-23T18:27:33.231+0800] GC(35) Metaspace: 305K(512K)->305K(512K) NonClass: 297K(384K)->297K(384K) Class: 7K(128K)->7K(128K)
[2024-08-23T18:27:33.231+0800] GC(35) Pause Young (Allocation Failure) 1156M->615M(1979M) 2.409ms
[2024-08-23T18:27:33.231+0800] GC(35) User=0.00s Sys=0.00s Real=0.00s
[2024-08-23T18:27:37.600+0800] GC(36) Pause Young (Allocation Failure)
[2024-08-23T18:27:37.605+0800] GC(36) DefNew: 565135K(629120K)->62464K(629120K) Eden: 539535K(559232K)->0K(559232K) From: 25600K(69888K)->62464K(69888K)
[2024-08-23T18:27:37.605+0800] GC(36) Tenured: 604928K(1398144K)->604928K(1398144K)
[2024-08-23T18:27:37.605+0800] GC(36) Metaspace: 305K(512K)->305K(512K) NonClass: 297K(384K)->297K(384K) Class: 7K(128K)->7K(128K)
[2024-08-23T18:27:37.605+0800] GC(36) Pause Young (Allocation Failure) 1142M->651M(1979M) 5.335ms
[2024-08-23T18:27:37.605+0800] GC(36) User=0.00s Sys=0.00s Real=0.01s
[2024-08-23T18:27:41.319+0800] GC(37) Pause Young (Allocation Failure)
[2024-08-23T18:27:41.321+0800] GC(37) DefNew: 617357K(629120K)->30720K(629120K) Eden: 554893K(559232K)->0K(559232K) From: 62464K(69888K)->30720K(69888K)
[2024-08-23T18:27:41.321+0800] GC(37) Tenured: 604928K(1398144K)->604928K(1398144K)
[2024-08-23T18:27:41.321+0800] GC(37) Metaspace: 305K(512K)->305K(512K) NonClass: 297K(384K)->297K(384K) Class: 7K(128K)->7K(128K)
[2024-08-23T18:27:41.321+0800] GC(37) Pause Young (Allocation Failure) 1193M->620M(1979M) 2.702ms
[2024-08-23T18:27:41.321+0800] GC(37) User=0.00s Sys=0.00s Real=0.00s
[2024-08-23T18:27:44.705+0800] GC(38) Pause Young (Allocation Failure)
[2024-08-23T18:27:44.709+0800] GC(38) DefNew: 566163K(629120K)->56320K(629120K) Eden: 535443K(559232K)->0K(559232K) From: 30720K(69888K)->56320K(69888K)
[2024-08-23T18:27:44.709+0800] GC(38) Tenured: 604928K(1398144K)->604928K(1398144K)
[2024-08-23T18:27:44.709+0800] GC(38) Metaspace: 305K(512K)->305K(512K) NonClass: 297K(384K)->297K(384K) Class: 7K(128K)->7K(128K)
[2024-08-23T18:27:44.709+0800] GC(38) Pause Young (Allocation Failure) 1143M->645M(1979M) 4.867ms
[2024-08-23T18:27:44.709+0800] GC(38) User=0.00s Sys=0.00s Real=0.00s
[2024-08-23T18:27:48.961+0800] GC(39) Pause Young (Allocation Failure)
[2024-08-23T18:27:48.968+0800] GC(39) DefNew: 553879K(629120K)->66560K(629120K) Eden: 497559K(559232K)->0K(559232K) From: 56320K(69888K)->66560K(69888K)
[2024-08-23T18:27:48.968+0800] GC(39) Tenured: 604928K(1398144K)->604928K(1398144K)
[2024-08-23T18:27:48.968+0800] GC(39) Metaspace: 305K(512K)->305K(512K) NonClass: 297K(384K)->297K(384K) Class: 7K(128K)->7K(128K)
[2024-08-23T18:27:48.968+0800] GC(39) Pause Young (Allocation Failure) 1131M->655M(1979M) 6.719ms
[2024-08-23T18:27:48.968+0800] GC(39) User=0.00s Sys=0.00s Real=0.01s
[2024-08-23T18:27:52.797+0800] GC(40) Pause Young (Allocation Failure)
[2024-08-23T18:27:52.802+0800] GC(40) DefNew: 621465K(629120K)->61440K(629120K) Eden: 554904K(559232K)->0K(559232K) From: 66560K(69888K)->61440K(69888K)
[2024-08-23T18:27:52.803+0800] GC(40) Tenured: 604928K(1398144K)->604928K(1398144K)
[2024-08-23T18:27:52.803+0800] GC(40) Metaspace: 305K(512K)->305K(512K) NonClass: 297K(384K)->297K(384K) Class: 7K(128K)->7K(128K)
[2024-08-23T18:27:52.803+0800] GC(40) Pause Young (Allocation Failure) 1197M->650M(1979M) 5.520ms
[2024-08-23T18:27:52.803+0800] GC(40) User=0.00s Sys=0.00s Real=0.01s
[2024-08-23T18:27:56.078+0800] GC(41) Pause Young (Allocation Failure)
[2024-08-23T18:27:56.082+0800] GC(41) DefNew: 587675K(629120K)->56320K(629120K) Eden: 526234K(559232K)->0K(559232K) From: 61440K(69888K)->56320K(69888K)
[2024-08-23T18:27:56.082+0800] GC(41) Tenured: 604928K(1398144K)->604928K(1398144K)
[2024-08-23T18:27:56.082+0800] GC(41) Metaspace: 305K(512K)->305K(512K) NonClass: 297K(384K)->297K(384K) Class: 7K(128K)->7K(128K)
[2024-08-23T18:27:56.082+0800] GC(41) Pause Young (Allocation Failure) 1164M->645M(1979M) 4.763ms
[2024-08-23T18:27:56.082+0800] GC(41) User=0.00s Sys=0.00s Real=0.00s
[2024-08-23T18:28:00.338+0800] GC(42) Pause Young (Allocation Failure)
[2024-08-23T18:28:00.348+0800] GC(42) DefNew: 564123K(629120K)->56320K(629120K) Eden: 507803K(559232K)->0K(559232K) From: 56320K(69888K)->56320K(69888K)
[2024-08-23T18:28:00.348+0800] GC(42) Tenured: 604928K(1398144K)->625408K(1398144K)
[2024-08-23T18:28:00.348+0800] GC(42) Metaspace: 305K(512K)->305K(512K) NonClass: 297K(384K)->297K(384K) Class: 7K(128K)->7K(128K)
[2024-08-23T18:28:00.348+0800] GC(42) Pause Young (Allocation Failure) 1141M->665M(1979M) 10.984ms
[2024-08-23T18:28:00.348+0800] GC(42) User=0.00s Sys=0.00s Real=0.01s
[2024-08-23T18:28:04.289+0800] GC(43) Pause Young (Allocation Failure)
[2024-08-23T18:28:04.321+0800] GC(43) DefNew: 606108K(629120K)->15360K(629120K) Eden: 549788K(559232K)->0K(559232K) From: 56320K(69888K)->15360K(69888K)
[2024-08-23T18:28:04.321+0800] GC(43) Tenured: 625408K(1398144K)->727808K(1398144K)
[2024-08-23T18:28:04.321+0800] GC(43) Metaspace: 305K(512K)->305K(512K) NonClass: 297K(384K)->297K(384K) Class: 7K(128K)->7K(128K)
[2024-08-23T18:28:04.321+0800] GC(43) Pause Young (Allocation Failure) 1202M->725M(1979M) 31.989ms
[2024-08-23T18:28:04.321+0800] GC(43) User=0.02s Sys=0.02s Real=0.03s
[2024-08-23T18:28:07.493+0800] GC(44) Pause Young (Allocation Failure)
[2024-08-23T18:28:07.498+0800] GC(44) DefNew: 528277K(629120K)->61440K(629120K) Eden: 512917K(559232K)->0K(559232K) From: 15360K(69888K)->61440K(69888K)
[2024-08-23T18:28:07.498+0800] GC(44) Tenured: 727808K(1398144K)->727808K(1398144K)
[2024-08-23T18:28:07.498+0800] GC(44) Metaspace: 305K(512K)->305K(512K) NonClass: 297K(384K)->297K(384K) Class: 7K(128K)->7K(128K)
[2024-08-23T18:28:07.498+0800] GC(44) Pause Young (Allocation Failure) 1226M->770M(1979M) 5.049ms
[2024-08-23T18:28:07.498+0800] GC(44) User=0.00s Sys=0.00s Real=0.00s
[2024-08-23T18:28:11.763+0800] GC(45) Pause Young (Allocation Failure)
[2024-08-23T18:28:11.767+0800] GC(45) DefNew: 584600K(629120K)->56320K(629120K) Eden: 523160K(559232K)->0K(559232K) From: 61440K(69888K)->56320K(69888K)
[2024-08-23T18:28:11.767+0800] GC(45) Tenured: 727808K(1398144K)->727808K(1398144K)
[2024-08-23T18:28:11.767+0800] GC(45) Metaspace: 305K(512K)->305K(512K) NonClass: 297K(384K)->297K(384K) Class: 7K(128K)->7K(128K)
[2024-08-23T18:28:11.767+0800] GC(45) Pause Young (Allocation Failure) 1281M->765M(1979M) 4.516ms
[2024-08-23T18:28:11.767+0800] GC(45) User=0.00s Sys=0.00s Real=0.00s
[2024-08-23T18:28:15.918+0800] GC(46) Pause Young (Allocation Failure)
[2024-08-23T18:28:15.920+0800] GC(46) DefNew: 590738K(629120K)->26624K(629120K) Eden: 534418K(559232K)->0K(559232K) From: 56320K(69888K)->26624K(69888K)
[2024-08-23T18:28:15.920+0800] GC(46) Tenured: 727808K(1398144K)->727808K(1398144K)
[2024-08-23T18:28:15.920+0800] GC(46) Metaspace: 305K(512K)->305K(512K) NonClass: 297K(384K)->297K(384K) Class: 7K(128K)->7K(128K)
[2024-08-23T18:28:15.920+0800] GC(46) Pause Young (Allocation Failure) 1287M->736M(1979M) 2.355ms
[2024-08-23T18:28:15.920+0800] GC(46) User=0.00s Sys=0.00s Real=0.00s
[2024-08-23T18:28:18.871+0800] GC(47) Pause Young (Allocation Failure)
[2024-08-23T18:28:18.876+0800] GC(47) DefNew: 508814K(629120K)->61440K(629120K) Eden: 482190K(559232K)->0K(559232K) From: 26624K(69888K)->61440K(69888K)
[2024-08-23T18:28:18.876+0800] GC(47) Tenured: 727808K(1398144K)->727808K(1398144K)
[2024-08-23T18:28:18.876+0800] GC(47) Metaspace: 305K(512K)->305K(512K) NonClass: 297K(384K)->297K(384K) Class: 7K(128K)->7K(128K)
[2024-08-23T18:28:18.876+0800] GC(47) Pause Young (Allocation Failure) 1207M->770M(1979M) 5.723ms
[2024-08-23T18:28:18.876+0800] GC(47) User=0.00s Sys=0.00s Real=0.00s
[2024-08-23T18:28:23.043+0800] GC(48) Pause Young (Allocation Failure)
[2024-08-23T18:28:23.046+0800] GC(48) DefNew: 579475K(629120K)->25600K(629120K) Eden: 518035K(559232K)->0K(559232K) From: 61440K(69888K)->25600K(69888K)
[2024-08-23T18:28:23.046+0800] GC(48) Tenured: 727808K(1398144K)->727808K(1398144K)
[2024-08-23T18:28:23.046+0800] GC(48) Metaspace: 305K(512K)->305K(512K) NonClass: 297K(384K)->297K(384K) Class: 7K(128K)->7K(128K)
[2024-08-23T18:28:23.046+0800] GC(48) Pause Young (Allocation Failure) 1276M->735M(1979M) 2.500ms
[2024-08-23T18:28:23.046+0800] GC(48) User=0.00s Sys=0.00s Real=0.00s
[2024-08-23T18:28:27.415+0800] GC(49) Pause Young (Allocation Failure)
[2024-08-23T18:28:27.420+0800] GC(49) DefNew: 565135K(629120K)->62464K(629120K) Eden: 539535K(559232K)->0K(559232K) From: 25600K(69888K)->62464K(69888K)
[2024-08-23T18:28:27.420+0800] GC(49) Tenured: 727808K(1398144K)->727808K(1398144K)
[2024-08-23T18:28:27.420+0800] GC(49) Metaspace: 305K(512K)->305K(512K) NonClass: 297K(384K)->297K(384K) Class: 7K(128K)->7K(128K)
[2024-08-23T18:28:27.420+0800] GC(49) Pause Young (Allocation Failure) 1262M->771M(1979M) 5.514ms
[2024-08-23T18:28:27.420+0800] GC(49) User=0.00s Sys=0.00s Real=0.01s
[2024-08-23T18:28:31.148+0800] GC(50) Pause Young (Allocation Failure)
[2024-08-23T18:28:31.151+0800] GC(50) DefNew: 617357K(629120K)->30720K(629120K) Eden: 554893K(559232K)->0K(559232K) From: 62464K(69888K)->30720K(69888K)
[2024-08-23T18:28:31.151+0800] GC(50) Tenured: 727808K(1398144K)->727809K(1398144K)
[2024-08-23T18:28:31.151+0800] GC(50) Metaspace: 305K(512K)->305K(512K) NonClass: 297K(384K)->297K(384K) Class: 7K(128K)->7K(128K)
[2024-08-23T18:28:31.151+0800] GC(50) Pause Young (Allocation Failure) 1313M->740M(1979M) 2.638ms
[2024-08-23T18:28:31.151+0800] GC(50) User=0.00s Sys=0.00s Real=0.00s
[2024-08-23T18:28:34.532+0800] GC(51) Pause Young (Allocation Failure)
[2024-08-23T18:28:34.537+0800] GC(51) DefNew: 566163K(629120K)->56320K(629120K) Eden: 535443K(559232K)->0K(559232K) From: 30720K(69888K)->56320K(69888K)
[2024-08-23T18:28:34.537+0800] GC(51) Tenured: 727809K(1398144K)->727809K(1398144K)
[2024-08-23T18:28:34.537+0800] GC(51) Metaspace: 305K(512K)->305K(512K) NonClass: 298K(384K)->298K(384K) Class: 7K(128K)->7K(128K)
[2024-08-23T18:28:34.537+0800] GC(51) Pause Young (Allocation Failure) 1263M->765M(1979M) 4.910ms
[2024-08-23T18:28:34.537+0800] GC(51) User=0.00s Sys=0.00s Real=0.00s
[2024-08-23T18:28:38.811+0800] GC(52) Pause Young (Allocation Failure)
[2024-08-23T18:28:38.816+0800] GC(52) DefNew: 553879K(629120K)->66560K(629120K) Eden: 497559K(559232K)->0K(559232K) From: 56320K(69888K)->66560K(69888K)
[2024-08-23T18:28:38.816+0800] GC(52) Tenured: 727809K(1398144K)->727809K(1398144K)
[2024-08-23T18:28:38.816+0800] GC(52) Metaspace: 305K(512K)->305K(512K) NonClass: 298K(384K)->298K(384K) Class: 7K(128K)->7K(128K)
[2024-08-23T18:28:38.816+0800] GC(52) Pause Young (Allocation Failure) 1251M->775M(1979M) 5.617ms
[2024-08-23T18:28:38.816+0800] GC(52) User=0.00s Sys=0.00s Real=0.00s
[2024-08-23T18:28:42.649+0800] GC(53) Pause Young (Allocation Failure)
[2024-08-23T18:28:42.653+0800] GC(53) DefNew: 621465K(629120K)->61440K(629120K) Eden: 554904K(559232K)->0K(559232K) From: 66560K(69888K)->61440K(69888K)
[2024-08-23T18:28:42.653+0800] GC(53) Tenured: 727809K(1398144K)->727809K(1398144K)
[2024-08-23T18:28:42.653+0800] GC(53) Metaspace: 305K(512K)->305K(512K) NonClass: 298K(384K)->298K(384K) Class: 7K(128K)->7K(128K)
[2024-08-23T18:28:42.653+0800] GC(53) Pause Young (Allocation Failure) 1317M->770M(1979M) 4.842ms
[2024-08-23T18:28:42.653+0800] GC(53) User=0.00s Sys=0.00s Real=0.00s
[2024-08-23T18:28:45.924+0800] GC(54) Pause Young (Allocation Failure)
[2024-08-23T18:28:45.929+0800] GC(54) DefNew: 587675K(629120K)->56320K(629120K) Eden: 526234K(559232K)->0K(559232K) From: 61440K(69888K)->56320K(69888K)
[2024-08-23T18:28:45.929+0800] GC(54) Tenured: 727809K(1398144K)->727809K(1398144K)
[2024-08-23T18:28:45.929+0800] GC(54) Metaspace: 305K(512K)->305K(512K) NonClass: 298K(384K)->298K(384K) Class: 7K(128K)->7K(128K)
[2024-08-23T18:28:45.929+0800] GC(54) Pause Young (Allocation Failure) 1284M->765M(1979M) 5.016ms
[2024-08-23T18:28:45.929+0800] GC(54) User=0.00s Sys=0.00s Real=0.00s
[2024-08-23T18:28:50.202+0800] GC(55) Pause Young (Allocation Failure)
[2024-08-23T18:28:50.213+0800] GC(55) DefNew: 564123K(629120K)->56320K(629120K) Eden: 507803K(559232K)->0K(559232K) From: 56320K(69888K)->56320K(69888K)
[2024-08-23T18:28:50.213+0800] GC(55) Tenured: 727809K(1398144K)->748289K(1398144K)
[2024-08-23T18:28:50.213+0800] GC(55) Metaspace: 305K(512K)->305K(512K) NonClass: 298K(384K)->298K(384K) Class: 7K(128K)->7K(128K)
[2024-08-23T18:28:50.213+0800] GC(55) Pause Young (Allocation Failure) 1261M->785M(1979M) 10.662ms
[2024-08-23T18:28:50.213+0800] GC(55) User=0.00s Sys=0.00s Real=0.01s
[2024-08-23T18:28:54.152+0800] GC(56) Pause Young (Allocation Failure)
[2024-08-23T18:28:54.183+0800] GC(56) DefNew: 606108K(629120K)->15360K(629120K) Eden: 549788K(559232K)->0K(559232K) From: 56320K(69888K)->15360K(69888K)
[2024-08-23T18:28:54.183+0800] GC(56) Tenured: 748289K(1398144K)->850689K(1398144K)
[2024-08-23T18:28:54.183+0800] GC(56) Metaspace: 305K(512K)->305K(512K) NonClass: 298K(384K)->298K(384K) Class: 7K(128K)->7K(128K)
[2024-08-23T18:28:54.183+0800] GC(56) Pause Young (Allocation Failure) 1322M->845M(1979M) 31.804ms
[2024-08-23T18:28:54.184+0800] GC(56) User=0.02s Sys=0.00s Real=0.03s
[2024-08-23T18:28:57.356+0800] GC(57) Pause Young (Allocation Failure)
[2024-08-23T18:28:57.361+0800] GC(57) DefNew: 528277K(629120K)->61440K(629120K) Eden: 512917K(559232K)->0K(559232K) From: 15360K(69888K)->61440K(69888K)
[2024-08-23T18:28:57.362+0800] GC(57) Tenured: 850689K(1398144K)->850689K(1398144K)
[2024-08-23T18:28:57.362+0800] GC(57) Metaspace: 305K(512K)->305K(512K) NonClass: 298K(384K)->298K(384K) Class: 7K(128K)->7K(128K)
[2024-08-23T18:28:57.362+0800] GC(57) Pause Young (Allocation Failure) 1346M->890M(1979M) 5.551ms
[2024-08-23T18:28:57.362+0800] GC(57) User=0.00s Sys=0.00s Real=0.01s
[2024-08-23T18:29:01.617+0800] GC(58) Pause Young (Allocation Failure)
[2024-08-23T18:29:01.620+0800] GC(58) DefNew: 584600K(629120K)->56320K(629120K) Eden: 523160K(559232K)->0K(559232K) From: 61440K(69888K)->56320K(69888K)
[2024-08-23T18:29:01.620+0800] GC(58) Tenured: 850689K(1398144K)->850689K(1398144K)
[2024-08-23T18:29:01.621+0800] GC(58) Metaspace: 305K(512K)->305K(512K) NonClass: 298K(384K)->298K(384K) Class: 7K(128K)->7K(128K)
[2024-08-23T18:29:01.621+0800] GC(58) Pause Young (Allocation Failure) 1401M->885M(1979M) 4.507ms
[2024-08-23T18:29:01.621+0800] GC(58) User=0.00s Sys=0.00s Real=0.00s
[2024-08-23T18:29:05.776+0800] GC(59) Pause Young (Allocation Failure)
[2024-08-23T18:29:05.778+0800] GC(59) DefNew: 590738K(629120K)->26624K(629120K) Eden: 534418K(559232K)->0K(559232K) From: 56320K(69888K)->26624K(69888K)
[2024-08-23T18:29:05.778+0800] GC(59) Tenured: 850689K(1398144K)->850689K(1398144K)
[2024-08-23T18:29:05.778+0800] GC(59) Metaspace: 305K(512K)->305K(512K) NonClass: 298K(384K)->298K(384K) Class: 7K(128K)->7K(128K)
[2024-08-23T18:29:05.778+0800] GC(59) Pause Young (Allocation Failure) 1407M->856M(1979M) 2.385ms
[2024-08-23T18:29:05.778+0800] GC(59) User=0.00s Sys=0.00s Real=0.00s
[2024-08-23T18:29:08.730+0800] GC(60) Pause Young (Allocation Failure)
[2024-08-23T18:29:08.735+0800] GC(60) DefNew: 508814K(629120K)->61440K(629120K) Eden: 482190K(559232K)->0K(559232K) From: 26624K(69888K)->61440K(69888K)
[2024-08-23T18:29:08.735+0800] GC(60) Tenured: 850689K(1398144K)->850689K(1398144K)
[2024-08-23T18:29:08.735+0800] GC(60) Metaspace: 305K(512K)->305K(512K) NonClass: 298K(384K)->298K(384K) Class: 7K(128K)->7K(128K)
[2024-08-23T18:29:08.735+0800] GC(60) Pause Young (Allocation Failure) 1327M->890M(1979M) 5.216ms
[2024-08-23T18:29:08.735+0800] GC(60) User=0.00s Sys=0.00s Real=0.00s
[2024-08-23T18:29:12.897+0800] GC(61) Pause Young (Allocation Failure)
[2024-08-23T18:29:12.899+0800] GC(61) DefNew: 579475K(629120K)->25600K(629120K) Eden: 518035K(559232K)->0K(559232K) From: 61440K(69888K)->25600K(69888K)
[2024-08-23T18:29:12.899+0800] GC(61) Tenured: 850689K(1398144K)->850689K(1398144K)
[2024-08-23T18:29:12.899+0800] GC(61) Metaspace: 305K(512K)->305K(512K) NonClass: 298K(384K)->298K(384K) Class: 7K(128K)->7K(128K)
[2024-08-23T18:29:12.899+0800] GC(61) Pause Young (Allocation Failure) 1396M->855M(1979M) 2.419ms
[2024-08-23T18:29:12.899+0800] GC(61) User=0.00s Sys=0.00s Real=0.00s
[2024-08-23T18:29:17.267+0800] GC(62) Pause Young (Allocation Failure)
[2024-08-23T18:29:17.272+0800] GC(62) DefNew: 565135K(629120K)->62464K(629120K) Eden: 539535K(559232K)->0K(559232K) From: 25600K(69888K)->62464K(69888K)
[2024-08-23T18:29:17.272+0800] GC(62) Tenured: 850689K(1398144K)->850689K(1398144K)
[2024-08-23T18:29:17.272+0800] GC(62) Metaspace: 305K(512K)->305K(512K) NonClass: 298K(384K)->298K(384K) Class: 7K(128K)->7K(128K)
[2024-08-23T18:29:17.272+0800] GC(62) Pause Young (Allocation Failure) 1382M->891M(1979M) 5.492ms
[2024-08-23T18:29:17.272+0800] GC(62) User=0.00s Sys=0.00s Real=0.01s
[2024-08-23T18:29:20.998+0800] GC(63) Pause Young (Allocation Failure)
[2024-08-23T18:29:21.000+0800] GC(63) DefNew: 617357K(629120K)->30720K(629120K) Eden: 554893K(559232K)->0K(559232K) From: 62464K(69888K)->30720K(69888K)
[2024-08-23T18:29:21.000+0800] GC(63) Tenured: 850689K(1398144K)->850689K(1398144K)
[2024-08-23T18:29:21.000+0800] GC(63) Metaspace: 305K(512K)->305K(512K) NonClass: 298K(384K)->298K(384K) Class: 7K(128K)->7K(128K)
[2024-08-23T18:29:21.001+0800] GC(63) Pause Young (Allocation Failure) 1433M->860M(1979M) 2.796ms
[2024-08-23T18:29:21.001+0800] GC(63) User=0.00s Sys=0.00s Real=0.00s
[2024-08-23T18:29:24.386+0800] GC(64) Pause Young (Allocation Failure)
[2024-08-23T18:29:24.391+0800] GC(64) DefNew: 566163K(629120K)->56320K(629120K) Eden: 535443K(559232K)->0K(559232K) From: 30720K(69888K)->56320K(69888K)
[2024-08-23T18:29:24.391+0800] GC(64) Tenured: 850689K(1398144K)->850689K(1398144K)
[2024-08-23T18:29:24.391+0800] GC(64) Metaspace: 305K(512K)->305K(512K) NonClass: 298K(384K)->298K(384K) Class: 7K(128K)->7K(128K)
[2024-08-23T18:29:24.391+0800] GC(64) Pause Young (Allocation Failure) 1383M->885M(1979M) 4.923ms
[2024-08-23T18:29:24.391+0800] GC(64) User=0.00s Sys=0.00s Real=0.01s
[2024-08-23T18:29:28.649+0800] GC(65) Pause Young (Allocation Failure)
[2024-08-23T18:29:28.654+0800] GC(65) DefNew: 553879K(629120K)->66560K(629120K) Eden: 497559K(559232K)->0K(559232K) From: 56320K(69888K)->66560K(69888K)
[2024-08-23T18:29:28.654+0800] GC(65) Tenured: 850689K(1398144K)->850689K(1398144K)
[2024-08-23T18:29:28.654+0800] GC(65) Metaspace: 305K(512K)->305K(512K) NonClass: 298K(384K)->298K(384K) Class: 7K(128K)->7K(128K)
[2024-08-23T18:29:28.654+0800] GC(65) Pause Young (Allocation Failure) 1371M->895M(1979M) 5.771ms
[2024-08-23T18:29:28.654+0800] GC(65) User=0.00s Sys=0.00s Real=0.01s
[2024-08-23T18:29:32.473+0800] GC(66) Pause Young (Allocation Failure)
[2024-08-23T18:29:32.477+0800] GC(66) DefNew: 621465K(629120K)->61440K(629120K) Eden: 554904K(559232K)->0K(559232K) From: 66560K(69888K)->61440K(69888K)
[2024-08-23T18:29:32.477+0800] GC(66) Tenured: 850689K(1398144K)->850689K(1398144K)
[2024-08-23T18:29:32.478+0800] GC(66) Metaspace: 305K(512K)->305K(512K) NonClass: 298K(384K)->298K(384K) Class: 7K(128K)->7K(128K)
[2024-08-23T18:29:32.478+0800] GC(66) Pause Young (Allocation Failure) 1437M->890M(1979M) 5.042ms
[2024-08-23T18:29:32.478+0800] GC(66) User=0.00s Sys=0.00s Real=0.00s
[2024-08-23T18:29:35.741+0800] GC(67) Pause Young (Allocation Failure)
[2024-08-23T18:29:35.746+0800] GC(67) DefNew: 587675K(629120K)->56320K(629120K) Eden: 526234K(559232K)->0K(559232K) From: 61440K(69888K)->56320K(69888K)
[2024-08-23T18:29:35.746+0800] GC(67) Tenured: 850689K(1398144K)->850689K(1398144K)
[2024-08-23T18:29:35.746+0800] GC(67) Metaspace: 305K(512K)->305K(512K) NonClass: 298K(384K)->298K(384K) Class: 7K(128K)->7K(128K)
[2024-08-23T18:29:35.746+0800] GC(67) Pause Young (Allocation Failure) 1404M->885M(1979M) 4.768ms
[2024-08-23T18:29:35.746+0800] GC(67) User=0.00s Sys=0.00s Real=0.01s
[2024-08-23T18:29:39.997+0800] GC(68) Pause Young (Allocation Failure)
[2024-08-23T18:29:40.007+0800] GC(68) DefNew: 564123K(629120K)->56320K(629120K) Eden: 507803K(559232K)->0K(559232K) From: 56320K(69888K)->56320K(69888K)
[2024-08-23T18:29:40.007+0800] GC(68) Tenured: 850689K(1398144K)->871169K(1398144K)
[2024-08-23T18:29:40.007+0800] GC(68) Metaspace: 305K(512K)->305K(512K) NonClass: 298K(384K)->298K(384K) Class: 7K(128K)->7K(128K)
[2024-08-23T18:29:40.007+0800] GC(68) Pause Young (Allocation Failure) 1381M->905M(1979M) 10.591ms
[2024-08-23T18:29:40.007+0800] GC(68) User=0.00s Sys=0.00s Real=0.01s
[2024-08-23T18:29:43.942+0800] GC(69) Pause Young (Allocation Failure)
[2024-08-23T18:29:43.973+0800] GC(69) DefNew: 606108K(629120K)->15360K(629120K) Eden: 549788K(559232K)->0K(559232K) From: 56320K(69888K)->15360K(69888K)
[2024-08-23T18:29:43.973+0800] GC(69) Tenured: 871169K(1398144K)->973569K(1398144K)
[2024-08-23T18:29:43.973+0800] GC(69) Metaspace: 305K(512K)->305K(512K) NonClass: 298K(384K)->298K(384K) Class: 7K(128K)->7K(128K)
[2024-08-23T18:29:43.973+0800] GC(69) Pause Young (Allocation Failure) 1442M->965M(1979M) 32.145ms
[2024-08-23T18:29:43.973+0800] GC(69) User=0.02s Sys=0.00s Real=0.03s
[2024-08-23T18:29:47.139+0800] GC(70) Pause Young (Allocation Failure)
[2024-08-23T18:29:47.143+0800] GC(70) DefNew: 528277K(629120K)->61440K(629120K) Eden: 512917K(559232K)->0K(559232K) From: 15360K(69888K)->61440K(69888K)
[2024-08-23T18:29:47.143+0800] GC(70) Tenured: 973569K(1398144K)->973569K(1398144K)
[2024-08-23T18:29:47.143+0800] GC(70) Metaspace: 305K(512K)->305K(512K) NonClass: 298K(384K)->298K(384K) Class: 7K(128K)->7K(128K)
[2024-08-23T18:29:47.143+0800] GC(70) Pause Young (Allocation Failure) 1466M->1010M(1979M) 5.076ms
[2024-08-23T18:29:47.143+0800] GC(70) User=0.00s Sys=0.00s Real=0.00s
[2024-08-23T18:29:51.417+0800] GC(71) Pause Young (Allocation Failure)
[2024-08-23T18:29:51.421+0800] GC(71) DefNew: 584600K(629120K)->56320K(629120K) Eden: 523160K(559232K)->0K(559232K) From: 61440K(69888K)->56320K(69888K)
[2024-08-23T18:29:51.421+0800] GC(71) Tenured: 973569K(1398144K)->973569K(1398144K)
[2024-08-23T18:29:51.421+0800] GC(71) Metaspace: 305K(512K)->305K(512K) NonClass: 298K(384K)->298K(384K) Class: 7K(128K)->7K(128K)
[2024-08-23T18:29:51.421+0800] GC(71) Pause Young (Allocation Failure) 1521M->1005M(1979M) 4.534ms
[2024-08-23T18:29:51.421+0800] GC(71) User=0.00s Sys=0.00s Real=0.00s
[2024-08-23T18:29:55.569+0800] GC(72) Pause Young (Allocation Failure)
[2024-08-23T18:29:55.572+0800] GC(72) DefNew: 590739K(629120K)->26624K(629120K) Eden: 534418K(559232K)->0K(559232K) From: 56320K(69888K)->26624K(69888K)
[2024-08-23T18:29:55.572+0800] GC(72) Tenured: 973569K(1398144K)->973569K(1398144K)
[2024-08-23T18:29:55.572+0800] GC(72) Metaspace: 305K(512K)->305K(512K) NonClass: 298K(384K)->298K(384K) Class: 7K(128K)->7K(128K)
[2024-08-23T18:29:55.572+0800] GC(72) Pause Young (Allocation Failure) 1527M->976M(1979M) 2.330ms
[2024-08-23T18:29:55.572+0800] GC(72) User=0.00s Sys=0.00s Real=0.00s
[2024-08-23T18:29:58.519+0800] GC(73) Pause Young (Allocation Failure)
[2024-08-23T18:29:58.524+0800] GC(73) DefNew: 508814K(629120K)->61440K(629120K) Eden: 482190K(559232K)->0K(559232K) From: 26624K(69888K)->61440K(69888K)
[2024-08-23T18:29:58.524+0800] GC(73) Tenured: 973569K(1398144K)->973569K(1398144K)
[2024-08-23T18:29:58.524+0800] GC(73) Metaspace: 305K(512K)->305K(512K) NonClass: 298K(384K)->298K(384K) Class: 7K(128K)->7K(128K)
[2024-08-23T18:29:58.524+0800] GC(73) Pause Young (Allocation Failure) 1447M->1010M(1979M) 5.168ms
[2024-08-23T18:29:58.524+0800] GC(73) User=0.00s Sys=0.00s Real=0.00s
[2024-08-23T18:30:02.684+0800] GC(74) Pause Young (Allocation Failure)
[2024-08-23T18:30:02.685+0800] GC(74) DefNew: 579475K(629120K)->25600K(629120K) Eden: 518035K(559232K)->0K(559232K) From: 61440K(69888K)->25600K(69888K)
[2024-08-23T18:30:02.685+0800] GC(74) Tenured: 973569K(1398144K)->973569K(1398144K)
[2024-08-23T18:30:02.685+0800] GC(74) Metaspace: 305K(512K)->305K(512K) NonClass: 298K(384K)->298K(384K) Class: 7K(128K)->7K(128K)
[2024-08-23T18:30:02.685+0800] GC(74) Pause Young (Allocation Failure) 1516M->975M(1979M) 2.517ms
[2024-08-23T18:30:02.686+0800] GC(74) User=0.00s Sys=0.00s Real=0.00s
[2024-08-23T18:30:07.055+0800] GC(75) Pause Young (Allocation Failure)
[2024-08-23T18:30:07.061+0800] GC(75) DefNew: 565135K(629120K)->62464K(629120K) Eden: 539535K(559232K)->0K(559232K) From: 25600K(69888K)->62464K(69888K)
[2024-08-23T18:30:07.061+0800] GC(75) Tenured: 973569K(1398144K)->973569K(1398144K)
[2024-08-23T18:30:07.061+0800] GC(75) Metaspace: 305K(512K)->305K(512K) NonClass: 298K(384K)->298K(384K) Class: 7K(128K)->7K(128K)
[2024-08-23T18:30:07.061+0800] GC(75) Pause Young (Allocation Failure) 1502M->1011M(1979M) 5.508ms
[2024-08-23T18:30:07.061+0800] GC(75) User=0.00s Sys=0.00s Real=0.01s
[2024-08-23T18:30:10.784+0800] GC(76) Pause Young (Allocation Failure)
[2024-08-23T18:30:10.786+0800] GC(76) DefNew: 617357K(629120K)->30720K(629120K) Eden: 554893K(559232K)->0K(559232K) From: 62464K(69888K)->30720K(69888K)
[2024-08-23T18:30:10.786+0800] GC(76) Tenured: 973569K(1398144K)->973569K(1398144K)
[2024-08-23T18:30:10.786+0800] GC(76) Metaspace: 305K(512K)->305K(512K) NonClass: 298K(384K)->298K(384K) Class: 7K(128K)->7K(128K)
[2024-08-23T18:30:10.786+0800] GC(76) Pause Young (Allocation Failure) 1553M->980M(1979M) 2.766ms
[2024-08-23T18:30:10.786+0800] GC(76) User=0.00s Sys=0.00s Real=0.00s
[2024-08-23T18:30:14.174+0800] GC(77) Pause Young (Allocation Failure)
[2024-08-23T18:30:14.178+0800] GC(77) DefNew: 566163K(629120K)->56320K(629120K) Eden: 535443K(559232K)->0K(559232K) From: 30720K(69888K)->56320K(69888K)
[2024-08-23T18:30:14.178+0800] GC(77) Tenured: 973569K(1398144K)->973569K(1398144K)
[2024-08-23T18:30:14.178+0800] GC(77) Metaspace: 305K(512K)->305K(512K) NonClass: 298K(384K)->298K(384K) Class: 7K(128K)->7K(128K)
[2024-08-23T18:30:14.178+0800] GC(77) Pause Young (Allocation Failure) 1503M->1005M(1979M) 4.896ms
[2024-08-23T18:30:14.178+0800] GC(77) User=0.00s Sys=0.00s Real=0.00s
[2024-08-23T18:30:18.436+0800] GC(78) Pause Young (Allocation Failure)
[2024-08-23T18:30:18.442+0800] GC(78) DefNew: 553879K(629120K)->66560K(629120K) Eden: 497559K(559232K)->0K(559232K) From: 56320K(69888K)->66560K(69888K)
[2024-08-23T18:30:18.442+0800] GC(78) Tenured: 973569K(1398144K)->973569K(1398144K)
[2024-08-23T18:30:18.442+0800] GC(78) Metaspace: 305K(512K)->305K(512K) NonClass: 298K(384K)->298K(384K) Class: 7K(128K)->7K(128K)
[2024-08-23T18:30:18.442+0800] GC(78) Pause Young (Allocation Failure) 1491M->1015M(1979M) 5.643ms
[2024-08-23T18:30:18.442+0800] GC(78) User=0.00s Sys=0.00s Real=0.01s
[2024-08-23T18:30:22.272+0800] GC(79) Pause Young (Allocation Failure)
[2024-08-23T18:30:22.277+0800] GC(79) DefNew: 621465K(629120K)->61440K(629120K) Eden: 554904K(559232K)->0K(559232K) From: 66560K(69888K)->61440K(69888K)
[2024-08-23T18:30:22.277+0800] GC(79) Tenured: 973569K(1398144K)->973569K(1398144K)
[2024-08-23T18:30:22.277+0800] GC(79) Metaspace: 305K(512K)->305K(512K) NonClass: 298K(384K)->298K(384K) Class: 7K(128K)->7K(128K)
[2024-08-23T18:30:22.277+0800] GC(79) Pause Young (Allocation Failure) 1557M->1010M(1979M) 4.872ms
[2024-08-23T18:30:22.277+0800] GC(79) User=0.00s Sys=0.00s Real=0.00s
[2024-08-23T18:30:25.555+0800] GC(80) Pause Young (Allocation Failure)
[2024-08-23T18:30:25.559+0800] GC(80) DefNew: 587675K(629120K)->56320K(629120K) Eden: 526234K(559232K)->0K(559232K) From: 61440K(69888K)->56320K(69888K)
[2024-08-23T18:30:25.559+0800] GC(80) Tenured: 973569K(1398144K)->973569K(1398144K)
[2024-08-23T18:30:25.559+0800] GC(80) Metaspace: 305K(512K)->305K(512K) NonClass: 298K(384K)->298K(384K) Class: 7K(128K)->7K(128K)
[2024-08-23T18:30:25.559+0800] GC(80) Pause Young (Allocation Failure) 1524M->1005M(1979M) 4.743ms
[2024-08-23T18:30:25.559+0800] GC(80) User=0.00s Sys=0.00s Real=0.00s
[2024-08-23T18:30:29.816+0800] GC(81) Pause Young (Allocation Failure)
[2024-08-23T18:30:29.826+0800] GC(81) DefNew: 564123K(629120K)->56320K(629120K) Eden: 507803K(559232K)->0K(559232K) From: 56320K(69888K)->56320K(69888K)
[2024-08-23T18:30:29.826+0800] GC(81) Tenured: 973569K(1398144K)->994049K(1398144K)
[2024-08-23T18:30:29.826+0800] GC(81) Metaspace: 305K(512K)->305K(512K) NonClass: 298K(384K)->298K(384K) Class: 7K(128K)->7K(128K)
[2024-08-23T18:30:29.826+0800] GC(81) Pause Young (Allocation Failure) 1501M->1025M(1979M) 10.586ms
[2024-08-23T18:30:29.826+0800] GC(81) User=0.00s Sys=0.00s Real=0.01s
[2024-08-23T18:30:33.768+0800] GC(82) Pause Young (Allocation Failure)
[2024-08-23T18:30:33.800+0800] GC(82) DefNew: 606108K(629120K)->15360K(629120K) Eden: 549788K(559232K)->0K(559232K) From: 56320K(69888K)->15360K(69888K)
[2024-08-23T18:30:33.800+0800] GC(82) Tenured: 994049K(1398144K)->1096450K(1398144K)
[2024-08-23T18:30:33.800+0800] GC(82) Metaspace: 305K(512K)->305K(512K) NonClass: 298K(384K)->298K(384K) Class: 7K(128K)->7K(128K)
[2024-08-23T18:30:33.800+0800] GC(82) Pause Young (Allocation Failure) 1562M->1085M(1979M) 32.403ms
[2024-08-23T18:30:33.800+0800] GC(82) User=0.02s Sys=0.02s Real=0.03s
[2024-08-23T18:30:36.972+0800] GC(83) Pause Young (Allocation Failure)
[2024-08-23T18:30:36.977+0800] GC(83) DefNew: 528277K(629120K)->61440K(629120K) Eden: 512917K(559232K)->0K(559232K) From: 15360K(69888K)->61440K(69888K)
[2024-08-23T18:30:36.977+0800] GC(83) Tenured: 1096450K(1398144K)->1096450K(1398144K)
[2024-08-23T18:30:36.977+0800] GC(83) Metaspace: 305K(512K)->305K(512K) NonClass: 298K(384K)->298K(384K) Class: 7K(128K)->7K(128K)
[2024-08-23T18:30:36.977+0800] GC(83) Pause Young (Allocation Failure) 1586M->1130M(1979M) 5.015ms
[2024-08-23T18:30:36.977+0800] GC(83) User=0.00s Sys=0.00s Real=0.01s
[2024-08-23T18:30:41.236+0800] GC(84) Pause Young (Allocation Failure)
[2024-08-23T18:30:41.241+0800] GC(84) DefNew: 584600K(629120K)->56320K(629120K) Eden: 523160K(559232K)->0K(559232K) From: 61440K(69888K)->56320K(69888K)
[2024-08-23T18:30:41.241+0800] GC(84) Tenured: 1096450K(1398144K)->1096450K(1398144K)
[2024-08-23T18:30:41.241+0800] GC(84) Metaspace: 305K(512K)->305K(512K) NonClass: 298K(384K)->298K(384K) Class: 7K(128K)->7K(128K)
[2024-08-23T18:30:41.241+0800] GC(84) Pause Young (Allocation Failure) 1641M->1125M(1979M) 5.045ms
[2024-08-23T18:30:41.241+0800] GC(84) User=0.00s Sys=0.00s Real=0.00s
[2024-08-23T18:30:45.394+0800] GC(85) Pause Young (Allocation Failure)
[2024-08-23T18:30:45.396+0800] GC(85) DefNew: 590738K(629120K)->26624K(629120K) Eden: 534418K(559232K)->0K(559232K) From: 56320K(69888K)->26624K(69888K)
[2024-08-23T18:30:45.396+0800] GC(85) Tenured: 1096450K(1398144K)->1096450K(1398144K)
[2024-08-23T18:30:45.396+0800] GC(85) Metaspace: 305K(512K)->305K(512K) NonClass: 298K(384K)->298K(384K) Class: 7K(128K)->7K(128K)
[2024-08-23T18:30:45.396+0800] GC(85) Pause Young (Allocation Failure) 1647M->1096M(1979M) 2.437ms
[2024-08-23T18:30:45.396+0800] GC(85) User=0.00s Sys=0.00s Real=0.00s
[2024-08-23T18:30:48.344+0800] GC(86) Pause Young (Allocation Failure)
[2024-08-23T18:30:48.349+0800] GC(86) DefNew: 508814K(629120K)->61440K(629120K) Eden: 482190K(559232K)->0K(559232K) From: 26624K(69888K)->61440K(69888K)
[2024-08-23T18:30:48.349+0800] GC(86) Tenured: 1096450K(1398144K)->1096450K(1398144K)
[2024-08-23T18:30:48.349+0800] GC(86) Metaspace: 305K(512K)->305K(512K) NonClass: 298K(384K)->298K(384K) Class: 7K(128K)->7K(128K)
[2024-08-23T18:30:48.349+0800] GC(86) Pause Young (Allocation Failure) 1567M->1130M(1979M) 5.223ms
[2024-08-23T18:30:48.349+0800] GC(86) User=0.00s Sys=0.00s Real=0.00s
[2024-08-23T18:30:52.501+0800] GC(87) Pause Young (Allocation Failure)
[2024-08-23T18:30:52.503+0800] GC(87) DefNew: 579475K(629120K)->25600K(629120K) Eden: 518035K(559232K)->0K(559232K) From: 61440K(69888K)->25600K(69888K)
[2024-08-23T18:30:52.503+0800] GC(87) Tenured: 1096450K(1398144K)->1096450K(1398144K)
[2024-08-23T18:30:52.503+0800] GC(87) Metaspace: 305K(512K)->305K(512K) NonClass: 298K(384K)->298K(384K) Class: 7K(128K)->7K(128K)
[2024-08-23T18:30:52.503+0800] GC(87) Pause Young (Allocation Failure) 1636M->1095M(1979M) 2.535ms
[2024-08-23T18:30:52.503+0800] GC(87) User=0.00s Sys=0.00s Real=0.00s
[2024-08-23T18:30:56.873+0800] GC(88) Pause Young (Allocation Failure)
[2024-08-23T18:30:56.878+0800] GC(88) DefNew: 565135K(629120K)->62464K(629120K) Eden: 539535K(559232K)->0K(559232K) From: 25600K(69888K)->62464K(69888K)
[2024-08-23T18:30:56.878+0800] GC(88) Tenured: 1096450K(1398144K)->1096450K(1398144K)
[2024-08-23T18:30:56.878+0800] GC(88) Metaspace: 305K(512K)->305K(512K) NonClass: 298K(384K)->298K(384K) Class: 7K(128K)->7K(128K)
[2024-08-23T18:30:56.878+0800] GC(88) Pause Young (Allocation Failure) 1622M->1131M(1979M) 5.610ms
[2024-08-23T18:30:56.878+0800] GC(88) User=0.00s Sys=0.00s Real=0.01s
[2024-08-23T18:31:00.611+0800] GC(89) Pause Young (Allocation Failure)
[2024-08-23T18:31:00.613+0800] GC(89) DefNew: 617357K(629120K)->30720K(629120K) Eden: 554893K(559232K)->0K(559232K) From: 62464K(69888K)->30720K(69888K)
[2024-08-23T18:31:00.613+0800] GC(89) Tenured: 1096450K(1398144K)->1096450K(1398144K)
[2024-08-23T18:31:00.613+0800] GC(89) Metaspace: 305K(512K)->305K(512K) NonClass: 298K(384K)->298K(384K) Class: 7K(128K)->7K(128K)
[2024-08-23T18:31:00.613+0800] GC(89) Pause Young (Allocation Failure) 1673M->1100M(1979M) 2.694ms
[2024-08-23T18:31:00.613+0800] GC(89) User=0.00s Sys=0.00s Real=0.00s
[2024-08-23T18:31:03.997+0800] GC(90) Pause Young (Allocation Failure)
[2024-08-23T18:31:04.002+0800] GC(90) DefNew: 566163K(629120K)->56320K(629120K) Eden: 535443K(559232K)->0K(559232K) From: 30720K(69888K)->56320K(69888K)
[2024-08-23T18:31:04.002+0800] GC(90) Tenured: 1096450K(1398144K)->1096450K(1398144K)
[2024-08-23T18:31:04.002+0800] GC(90) Metaspace: 305K(512K)->305K(512K) NonClass: 298K(384K)->298K(384K) Class: 7K(128K)->7K(128K)
[2024-08-23T18:31:04.002+0800] GC(90) Pause Young (Allocation Failure) 1623M->1125M(1979M) 4.936ms
[2024-08-23T18:31:04.002+0800] GC(90) User=0.00s Sys=0.00s Real=0.01s
[2024-08-23T18:31:08.270+0800] GC(91) Pause Young (Allocation Failure)
[2024-08-23T18:31:08.276+0800] GC(91) DefNew: 553879K(629120K)->66560K(629120K) Eden: 497559K(559232K)->0K(559232K) From: 56320K(69888K)->66560K(69888K)
[2024-08-23T18:31:08.276+0800] GC(91) Tenured: 1096450K(1398144K)->1096450K(1398144K)
[2024-08-23T18:31:08.276+0800] GC(91) Metaspace: 305K(512K)->305K(512K) NonClass: 298K(384K)->298K(384K) Class: 7K(128K)->7K(128K)
[2024-08-23T18:31:08.276+0800] GC(91) Pause Young (Allocation Failure) 1611M->1135M(1979M) 5.768ms
[2024-08-23T18:31:08.276+0800] GC(91) User=0.00s Sys=0.00s Real=0.01s
[2024-08-23T18:31:12.090+0800] GC(92) Pause Young (Allocation Failure)
[2024-08-23T18:31:12.095+0800] GC(92) DefNew: 621465K(629120K)->61440K(629120K) Eden: 554904K(559232K)->0K(559232K) From: 66560K(69888K)->61440K(69888K)
[2024-08-23T18:31:12.095+0800] GC(92) Tenured: 1096450K(1398144K)->1096450K(1398144K)
[2024-08-23T18:31:12.095+0800] GC(92) Metaspace: 305K(512K)->305K(512K) NonClass: 298K(384K)->298K(384K) Class: 7K(128K)->7K(128K)
[2024-08-23T18:31:12.095+0800] GC(92) Pause Young (Allocation Failure) 1677M->1130M(1979M) 5.047ms
[2024-08-23T18:31:12.095+0800] GC(92) User=0.00s Sys=0.00s Real=0.01s
[2024-08-23T18:31:15.363+0800] GC(93) Pause Young (Allocation Failure)
[2024-08-23T18:31:15.368+0800] GC(93) DefNew: 587675K(629120K)->56320K(629120K) Eden: 526234K(559232K)->0K(559232K) From: 61440K(69888K)->56320K(69888K)
[2024-08-23T18:31:15.368+0800] GC(93) Tenured: 1096450K(1398144K)->1096450K(1398144K)
[2024-08-23T18:31:15.368+0800] GC(93) Metaspace: 305K(512K)->305K(512K) NonClass: 298K(384K)->298K(384K) Class: 7K(128K)->7K(128K)
[2024-08-23T18:31:15.368+0800] GC(93) Pause Young (Allocation Failure) 1644M->1125M(1979M) 4.770ms
[2024-08-23T18:31:15.368+0800] GC(93) User=0.02s Sys=0.00s Real=0.01s
[2024-08-23T18:31:19.626+0800] GC(94) Pause Young (Allocation Failure)
[2024-08-23T18:31:19.637+0800] GC(94) DefNew: 564123K(629120K)->56320K(629120K) Eden: 507803K(559232K)->0K(559232K) From: 56320K(69888K)->56320K(69888K)
[2024-08-23T18:31:19.637+0800] GC(94) Tenured: 1096450K(1398144K)->1116930K(1398144K)
[2024-08-23T18:31:19.637+0800] GC(94) Metaspace: 305K(512K)->305K(512K) NonClass: 298K(384K)->298K(384K) Class: 7K(128K)->7K(128K)
[2024-08-23T18:31:19.637+0800] GC(94) Pause Young (Allocation Failure) 1621M->1145M(1979M) 10.698ms
[2024-08-23T18:31:19.637+0800] GC(94) User=0.00s Sys=0.00s Real=0.01s
[2024-08-23T18:31:23.562+0800] GC(95) Pause Young (Allocation Failure)
[2024-08-23T18:31:23.593+0800] GC(95) DefNew: 606108K(629120K)->15360K(629120K) Eden: 549788K(559232K)->0K(559232K) From: 56320K(69888K)->15360K(69888K)
[2024-08-23T18:31:23.593+0800] GC(95) Tenured: 1116930K(1398144K)->1219330K(1398144K)
[2024-08-23T18:31:23.593+0800] GC(95) Metaspace: 305K(512K)->305K(512K) NonClass: 298K(384K)->298K(384K) Class: 7K(128K)->7K(128K)
[2024-08-23T18:31:23.593+0800] GC(95) Pause Young (Allocation Failure) 1682M->1205M(1979M) 32.077ms
[2024-08-23T18:31:23.593+0800] GC(95) User=0.02s Sys=0.02s Real=0.03s
[2024-08-23T18:31:26.764+0800] GC(96) Pause Young (Allocation Failure)
[2024-08-23T18:31:26.768+0800] GC(96) DefNew: 528277K(629120K)->61440K(629120K) Eden: 512917K(559232K)->0K(559232K) From: 15360K(69888K)->61440K(69888K)
[2024-08-23T18:31:26.768+0800] GC(96) Tenured: 1219330K(1398144K)->1219330K(1398144K)
[2024-08-23T18:31:26.769+0800] GC(96) Metaspace: 305K(512K)->305K(512K) NonClass: 298K(384K)->298K(384K) Class: 7K(128K)->7K(128K)
[2024-08-23T18:31:26.769+0800] GC(96) Pause Young (Allocation Failure) 1706M->1250M(1979M) 5.183ms
[2024-08-23T18:31:26.769+0800] GC(96) User=0.00s Sys=0.00s Real=0.01s
[2024-08-23T18:31:31.042+0800] GC(97) Pause Young (Allocation Failure)
[2024-08-23T18:31:31.046+0800] GC(97) DefNew: 584600K(629120K)->56320K(629120K) Eden: 523160K(559232K)->0K(559232K) From: 61440K(69888K)->56320K(69888K)
[2024-08-23T18:31:31.046+0800] GC(97) Tenured: 1219330K(1398144K)->1219330K(1398144K)
[2024-08-23T18:31:31.046+0800] GC(97) Metaspace: 305K(512K)->305K(512K) NonClass: 298K(384K)->298K(384K) Class: 7K(128K)->7K(128K)
[2024-08-23T18:31:31.046+0800] GC(97) Pause Young (Allocation Failure) 1761M->1245M(1979M) 4.631ms
[2024-08-23T18:31:31.046+0800] GC(97) User=0.00s Sys=0.00s Real=0.00s
[2024-08-23T18:31:35.191+0800] GC(98) Pause Young (Allocation Failure)
[2024-08-23T18:31:35.193+0800] GC(98) DefNew: 590738K(629120K)->26624K(629120K) Eden: 534418K(559232K)->0K(559232K) From: 56320K(69888K)->26624K(69888K)
[2024-08-23T18:31:35.193+0800] GC(98) Tenured: 1219330K(1398144K)->1219330K(1398144K)
[2024-08-23T18:31:35.193+0800] GC(98) Metaspace: 305K(512K)->305K(512K) NonClass: 298K(384K)->298K(384K) Class: 7K(128K)->7K(128K)
[2024-08-23T18:31:35.193+0800] GC(98) Pause Young (Allocation Failure) 1767M->1216M(1979M) 2.569ms
[2024-08-23T18:31:35.193+0800] GC(98) User=0.00s Sys=0.00s Real=0.00s
[2024-08-23T18:31:38.142+0800] GC(99) Pause Young (Allocation Failure)
[2024-08-23T18:31:38.147+0800] GC(99) DefNew: 508814K(629120K)->61440K(629120K) Eden: 482190K(559232K)->0K(559232K) From: 26624K(69888K)->61440K(69888K)
[2024-08-23T18:31:38.147+0800] GC(99) Tenured: 1219330K(1398144K)->1219330K(1398144K)
[2024-08-23T18:31:38.147+0800] GC(99) Metaspace: 305K(512K)->305K(512K) NonClass: 298K(384K)->298K(384K) Class: 7K(128K)->7K(128K)
[2024-08-23T18:31:38.147+0800] GC(99) Pause Young (Allocation Failure) 1687M->1250M(1979M) 5.220ms
[2024-08-23T18:31:38.147+0800] GC(99) User=0.00s Sys=0.00s Real=0.01s
[2024-08-23T18:31:42.288+0800] GC(100) Pause Young (Allocation Failure)
[2024-08-23T18:31:42.290+0800] GC(100) DefNew: 579475K(629120K)->25600K(629120K) Eden: 518035K(559232K)->0K(559232K) From: 61440K(69888K)->25600K(69888K)
[2024-08-23T18:31:42.290+0800] GC(100) Tenured: 1219330K(1398144K)->1219330K(1398144K)
[2024-08-23T18:31:42.290+0800] GC(100) Metaspace: 305K(512K)->305K(512K) NonClass: 298K(384K)->298K(384K) Class: 7K(128K)->7K(128K)
[2024-08-23T18:31:42.290+0800] GC(100) Pause Young (Allocation Failure) 1756M->1215M(1979M) 2.495ms
[2024-08-23T18:31:42.290+0800] GC(100) User=0.00s Sys=0.00s Real=0.00s
[2024-08-23T18:31:46.650+0800] GC(101) Pause Young (Allocation Failure)
[2024-08-23T18:31:46.655+0800] GC(101) DefNew: 565135K(629120K)->62464K(629120K) Eden: 539535K(559232K)->0K(559232K) From: 25600K(69888K)->62464K(69888K)
[2024-08-23T18:31:46.655+0800] GC(101) Tenured: 1219330K(1398144K)->1219330K(1398144K)
[2024-08-23T18:31:46.655+0800] GC(101) Metaspace: 305K(512K)->305K(512K) NonClass: 298K(384K)->298K(384K) Class: 7K(128K)->7K(128K)
[2024-08-23T18:31:46.655+0800] GC(101) Pause Young (Allocation Failure) 1742M->1251M(1979M) 5.658ms
[2024-08-23T18:31:46.655+0800] GC(101) User=0.00s Sys=0.00s Real=0.00s
[2024-08-23T18:31:50.383+0800] GC(102) Pause Young (Allocation Failure)
[2024-08-23T18:31:50.385+0800] GC(102) DefNew: 617357K(629120K)->30720K(629120K) Eden: 554893K(559232K)->0K(559232K) From: 62464K(69888K)->30720K(69888K)
[2024-08-23T18:31:50.385+0800] GC(102) Tenured: 1219330K(1398144K)->1219330K(1398144K)
[2024-08-23T18:31:50.385+0800] GC(102) Metaspace: 305K(512K)->305K(512K) NonClass: 298K(384K)->298K(384K) Class: 7K(128K)->7K(128K)
[2024-08-23T18:31:50.385+0800] GC(102) Pause Young (Allocation Failure) 1793M->1220M(1979M) 2.761ms
[2024-08-23T18:31:50.385+0800] GC(102) User=0.00s Sys=0.00s Real=0.00s
[2024-08-23T18:31:53.771+0800] GC(103) Pause Young (Allocation Failure)
[2024-08-23T18:31:53.774+0800] GC(103) DefNew: 566163K(629120K)->56320K(629120K) Eden: 535443K(559232K)->0K(559232K) From: 30720K(69888K)->56320K(69888K)
[2024-08-23T18:31:53.774+0800] GC(103) Tenured: 1219330K(1398144K)->1219330K(1398144K)
[2024-08-23T18:31:53.774+0800] GC(103) Metaspace: 305K(512K)->305K(512K) NonClass: 298K(384K)->298K(384K) Class: 7K(128K)->7K(128K)
[2024-08-23T18:31:53.774+0800] GC(103) Pause Young (Allocation Failure) 1743M->1245M(1979M) 4.925ms
[2024-08-23T18:31:53.774+0800] GC(103) User=0.00s Sys=0.00s Real=0.00s
[2024-08-23T18:31:58.052+0800] GC(104) Pause Young (Allocation Failure)
[2024-08-23T18:31:58.057+0800] GC(104) DefNew: 553879K(629120K)->66560K(629120K) Eden: 497559K(559232K)->0K(559232K) From: 56320K(69888K)->66560K(69888K)
[2024-08-23T18:31:58.057+0800] GC(104) Tenured: 1219330K(1398144K)->1219330K(1398144K)
[2024-08-23T18:31:58.057+0800] GC(104) Metaspace: 305K(512K)->305K(512K) NonClass: 298K(384K)->298K(384K) Class: 7K(128K)->7K(128K)
[2024-08-23T18:31:58.057+0800] GC(104) Pause Young (Allocation Failure) 1731M->1255M(1979M) 5.801ms
[2024-08-23T18:31:58.057+0800] GC(104) User=0.00s Sys=0.00s Real=0.00s
[2024-08-23T18:32:01.890+0800] GC(105) Pause Young (Allocation Failure)
[2024-08-23T18:32:01.894+0800] GC(105) DefNew: 621465K(629120K)->61440K(629120K) Eden: 554904K(559232K)->0K(559232K) From: 66560K(69888K)->61440K(69888K)
[2024-08-23T18:32:01.894+0800] GC(105) Tenured: 1219330K(1398144K)->1219330K(1398144K)
[2024-08-23T18:32:01.894+0800] GC(105) Metaspace: 305K(512K)->305K(512K) NonClass: 298K(384K)->298K(384K) Class: 7K(128K)->7K(128K)
[2024-08-23T18:32:01.894+0800] GC(105) Pause Young (Allocation Failure) 1797M->1250M(1979M) 5.032ms
[2024-08-23T18:32:01.894+0800] GC(105) User=0.00s Sys=0.00s Real=0.00s
[2024-08-23T18:32:05.167+0800] GC(106) Pause Young (Allocation Failure)
[2024-08-23T18:32:05.171+0800] GC(106) DefNew: 587675K(629120K)->56320K(629120K) Eden: 526234K(559232K)->0K(559232K) From: 61440K(69888K)->56320K(69888K)
[2024-08-23T18:32:05.172+0800] GC(106) Tenured: 1219330K(1398144K)->1219330K(1398144K)
[2024-08-23T18:32:05.172+0800] GC(106) Metaspace: 305K(512K)->305K(512K) NonClass: 298K(384K)->298K(384K) Class: 7K(128K)->7K(128K)
[2024-08-23T18:32:05.172+0800] GC(106) Pause Young (Allocation Failure) 1764M->1245M(1979M) 4.903ms
[2024-08-23T18:32:05.172+0800] GC(106) User=0.00s Sys=0.00s Real=0.00s
[2024-08-23T18:32:09.454+0800] GC(107) Pause Young (Allocation Failure)
[2024-08-23T18:32:09.464+0800] GC(107) DefNew: 564123K(629120K)->56320K(629120K) Eden: 507803K(559232K)->0K(559232K) From: 56320K(69888K)->56320K(69888K)
[2024-08-23T18:32:09.464+0800] GC(107) Tenured: 1219330K(1398144K)->1239810K(1398144K)
[2024-08-23T18:32:09.464+0800] GC(107) Metaspace: 305K(512K)->305K(512K) NonClass: 298K(384K)->298K(384K) Class: 7K(128K)->7K(128K)
[2024-08-23T18:32:09.464+0800] GC(107) Pause Young (Allocation Failure) 1741M->1265M(1979M) 10.583ms
[2024-08-23T18:32:09.464+0800] GC(107) User=0.00s Sys=0.00s Real=0.01s
[2024-08-23T18:32:13.400+0800] GC(108) Pause Young (Allocation Failure)
[2024-08-23T18:32:13.432+0800] GC(108) DefNew: 606108K(629120K)->15360K(629120K) Eden: 549788K(559232K)->0K(559232K) From: 56320K(69888K)->15360K(69888K)
[2024-08-23T18:32:13.432+0800] GC(108) Tenured: 1239810K(1398144K)->1342210K(1398144K)
[2024-08-23T18:32:13.432+0800] GC(108) Metaspace: 305K(512K)->305K(512K) NonClass: 298K(384K)->298K(384K) Class: 7K(128K)->7K(128K)
[2024-08-23T18:32:13.432+0800] GC(108) Pause Young (Allocation Failure) 1802M->1325M(1979M) 32.370ms
[2024-08-23T18:32:13.432+0800] GC(108) User=0.03s Sys=0.00s Real=0.03s
[2024-08-23T18:32:16.602+0800] GC(109) Pause Young (Allocation Failure)
[2024-08-23T18:32:16.602+0800] GC(109) Pause Young (Allocation Failure) 1826M->1826M(1979M) 0.061ms
[2024-08-23T18:32:16.602+0800] GC(109) User=0.00s Sys=0.00s Real=0.00s
[2024-08-23T18:32:16.602+0800] GC(110) Pause Full (Allocation Failure)
[2024-08-23T18:32:16.602+0800] GC(110) Phase 1: Mark live objects
[2024-08-23T18:32:16.602+0800] GC(110) Phase 1: Mark live objects 0.643ms
[2024-08-23T18:32:16.602+0800] GC(110) Phase 2: Compute new object addresses
[2024-08-23T18:32:16.603+0800] GC(110) Phase 2: Compute new object addresses 0.150ms
[2024-08-23T18:32:16.603+0800] GC(110) Phase 3: Adjust pointers
[2024-08-23T18:32:16.603+0800] GC(110) Phase 3: Adjust pointers 0.361ms
[2024-08-23T18:32:16.603+0800] GC(110) Phase 4: Move objects
[2024-08-23T18:32:16.609+0800] GC(110) Phase 4: Move objects 5.191ms
[2024-08-23T18:32:16.609+0800] GC(110) DefNew: 528277K(629120K)->0K(629120K) Eden: 512917K(559232K)->0K(559232K) From: 15360K(69888K)->0K(69888K)
[2024-08-23T18:32:16.609+0800] GC(110) Tenured: 1342210K(1398144K)->62209K(1398144K)
[2024-08-23T18:32:16.609+0800] GC(110) Metaspace: 305K(512K)->305K(512K) NonClass: 298K(384K)->298K(384K) Class: 7K(128K)->7K(128K)
[2024-08-23T18:32:16.609+0800] GC(110) Pause Full (Allocation Failure) 1826M->60M(1979M) 6.579ms
[2024-08-23T18:32:16.609+0800] GC(110) User=0.00s Sys=0.00s Real=0.01s
[2024-08-23T18:32:20.881+0800] GC(111) Pause Young (Allocation Failure)
[2024-08-23T18:32:20.886+0800] GC(111) DefNew: 523160K(629120K)->56320K(629120K) Eden: 523160K(559232K)->0K(559232K) From: 0K(69888K)->56320K(69888K)
[2024-08-23T18:32:20.886+0800] GC(111) Tenured: 62209K(1398144K)->62209K(1398144K)
[2024-08-23T18:32:20.886+0800] GC(111) Metaspace: 305K(512K)->305K(512K) NonClass: 298K(384K)->298K(384K) Class: 7K(128K)->7K(128K)
[2024-08-23T18:32:20.886+0800] GC(111) Pause Young (Allocation Failure) 571M->115M(1979M) 4.879ms
[2024-08-23T18:32:20.886+0800] GC(111) User=0.00s Sys=0.00s Real=0.00s
[2024-08-23T18:32:25.049+0800] GC(112) Pause Young (Allocation Failure)
[2024-08-23T18:32:25.051+0800] GC(112) DefNew: 590738K(629120K)->26624K(629120K) Eden: 534418K(559232K)->0K(559232K) From: 56320K(69888K)->26624K(69888K)
[2024-08-23T18:32:25.051+0800] GC(112) Tenured: 62209K(1398144K)->62209K(1398144K)
[2024-08-23T18:32:25.051+0800] GC(112) Metaspace: 305K(512K)->305K(512K) NonClass: 298K(384K)->298K(384K) Class: 7K(128K)->7K(128K)
[2024-08-23T18:32:25.051+0800] GC(112) Pause Young (Allocation Failure) 637M->86M(1979M) 2.607ms
[2024-08-23T18:32:25.051+0800] GC(112) User=0.00s Sys=0.00s Real=0.00s
[2024-08-23T18:32:27.995+0800] GC(113) Pause Young (Allocation Failure)
[2024-08-23T18:32:28.000+0800] GC(113) DefNew: 508814K(629120K)->61440K(629120K) Eden: 482190K(559232K)->0K(559232K) From: 26624K(69888K)->61440K(69888K)
[2024-08-23T18:32:28.000+0800] GC(113) Tenured: 62209K(1398144K)->62209K(1398144K)
[2024-08-23T18:32:28.000+0800] GC(113) Metaspace: 305K(512K)->305K(512K) NonClass: 298K(384K)->298K(384K) Class: 7K(128K)->7K(128K)
[2024-08-23T18:32:28.000+0800] GC(113) Pause Young (Allocation Failure) 557M->120M(1979M) 5.024ms
[2024-08-23T18:32:28.000+0800] GC(113) User=0.00s Sys=0.00s Real=0.01s
[2024-08-23T18:32:32.166+0800] GC(114) Pause Young (Allocation Failure)
[2024-08-23T18:32:32.168+0800] GC(114) DefNew: 579475K(629120K)->25600K(629120K) Eden: 518035K(559232K)->0K(559232K) From: 61440K(69888K)->25600K(69888K)
[2024-08-23T18:32:32.168+0800] GC(114) Tenured: 62209K(1398144K)->62209K(1398144K)
[2024-08-23T18:32:32.168+0800] GC(114) Metaspace: 305K(512K)->305K(512K) NonClass: 298K(384K)->298K(384K) Class: 7K(128K)->7K(128K)
[2024-08-23T18:32:32.168+0800] GC(114) Pause Young (Allocation Failure) 626M->85M(1979M) 2.370ms
[2024-08-23T18:32:32.168+0800] GC(114) User=0.00s Sys=0.00s Real=0.00s
[2024-08-23T18:32:36.545+0800] GC(115) Pause Young (Allocation Failure)
[2024-08-23T18:32:36.551+0800] GC(115) DefNew: 565135K(629120K)->62464K(629120K) Eden: 539535K(559232K)->0K(559232K) From: 25600K(69888K)->62464K(69888K)
[2024-08-23T18:32:36.551+0800] GC(115) Tenured: 62209K(1398144K)->62209K(1398144K)
[2024-08-23T18:32:36.551+0800] GC(115) Metaspace: 305K(512K)->305K(512K) NonClass: 298K(384K)->298K(384K) Class: 7K(128K)->7K(128K)
[2024-08-23T18:32:36.551+0800] GC(115) Pause Young (Allocation Failure) 612M->121M(1979M) 5.521ms
[2024-08-23T18:32:36.551+0800] GC(115) User=0.00s Sys=0.00s Real=0.01s
[2024-08-23T18:32:40.276+0800] GC(116) Pause Young (Allocation Failure)
[2024-08-23T18:32:40.278+0800] GC(116) DefNew: 617357K(629120K)->30720K(629120K) Eden: 554893K(559232K)->0K(559232K) From: 62464K(69888K)->30720K(69888K)
[2024-08-23T18:32:40.278+0800] GC(116) Tenured: 62209K(1398144K)->62209K(1398144K)
[2024-08-23T18:32:40.278+0800] GC(116) Metaspace: 305K(512K)->305K(512K) NonClass: 298K(384K)->298K(384K) Class: 7K(128K)->7K(128K)
[2024-08-23T18:32:40.278+0800] GC(116) Pause Young (Allocation Failure) 663M->90M(1979M) 2.622ms
[2024-08-23T18:32:40.278+0800] GC(116) User=0.00s Sys=0.00s Real=0.00s
[2024-08-23T18:32:43.662+0800] GC(117) Pause Young (Allocation Failure)
[2024-08-23T18:32:43.668+0800] GC(117) DefNew: 566163K(629120K)->56320K(629120K) Eden: 535443K(559232K)->0K(559232K) From: 30720K(69888K)->56320K(69888K)
[2024-08-23T18:32:43.668+0800] GC(117) Tenured: 62209K(1398144K)->62209K(1398144K)
[2024-08-23T18:32:43.668+0800] GC(117) Metaspace: 305K(512K)->305K(512K) NonClass: 298K(384K)->298K(384K) Class: 7K(128K)->7K(128K)
[2024-08-23T18:32:43.668+0800] GC(117) Pause Young (Allocation Failure) 613M->115M(1979M) 5.457ms
[2024-08-23T18:32:43.668+0800] GC(117) User=0.00s Sys=0.00s Real=0.01s
[2024-08-23T18:32:47.938+0800] GC(118) Pause Young (Allocation Failure)
[2024-08-23T18:32:47.943+0800] GC(118) DefNew: 553879K(629120K)->66560K(629120K) Eden: 497559K(559232K)->0K(559232K) From: 56320K(69888K)->66560K(69888K)
[2024-08-23T18:32:47.943+0800] GC(118) Tenured: 62209K(1398144K)->62209K(1398144K)
[2024-08-23T18:32:47.943+0800] GC(118) Metaspace: 305K(512K)->305K(512K) NonClass: 298K(384K)->298K(384K) Class: 7K(128K)->7K(128K)
[2024-08-23T18:32:47.943+0800] GC(118) Pause Young (Allocation Failure) 601M->125M(1979M) 5.666ms
[2024-08-23T18:32:47.943+0800] GC(118) User=0.00s Sys=0.00s Real=0.01s
[2024-08-23T18:32:51.773+0800] GC(119) Pause Young (Allocation Failure)
[2024-08-23T18:32:51.778+0800] GC(119) DefNew: 621465K(629120K)->61440K(629120K) Eden: 554904K(559232K)->0K(559232K) From: 66560K(69888K)->61440K(69888K)
[2024-08-23T18:32:51.778+0800] GC(119) Tenured: 62209K(1398144K)->62209K(1398144K)
[2024-08-23T18:32:51.778+0800] GC(119) Metaspace: 305K(512K)->305K(512K) NonClass: 298K(384K)->298K(384K) Class: 7K(128K)->7K(128K)
[2024-08-23T18:32:51.778+0800] GC(119) Pause Young (Allocation Failure) 667M->120M(1979M) 4.910ms
[2024-08-23T18:32:51.778+0800] GC(119) User=0.00s Sys=0.00s Real=0.01s
[2024-08-23T18:32:55.051+0800] GC(120) Pause Young (Allocation Failure)
[2024-08-23T18:32:55.055+0800] GC(120) DefNew: 587675K(629120K)->56320K(629120K) Eden: 526234K(559232K)->0K(559232K) From: 61440K(69888K)->56320K(69888K)
[2024-08-23T18:32:55.055+0800] GC(120) Tenured: 62209K(1398144K)->62209K(1398144K)
[2024-08-23T18:32:55.055+0800] GC(120) Metaspace: 305K(512K)->305K(512K) NonClass: 298K(384K)->298K(384K) Class: 7K(128K)->7K(128K)
[2024-08-23T18:32:55.055+0800] GC(120) Pause Young (Allocation Failure) 634M->115M(1979M) 4.708ms
[2024-08-23T18:32:55.055+0800] GC(120) User=0.00s Sys=0.00s Real=0.00s
[2024-08-23T18:32:59.305+0800] GC(121) Pause Young (Allocation Failure)
[2024-08-23T18:32:59.311+0800] GC(121) DefNew: 564123K(629120K)->56320K(629120K) Eden: 507803K(559232K)->0K(559232K) From: 56320K(69888K)->56320K(69888K)
[2024-08-23T18:32:59.311+0800] GC(121) Tenured: 62209K(1398144K)->82689K(1398144K)
[2024-08-23T18:32:59.311+0800] GC(121) Metaspace: 305K(512K)->305K(512K) NonClass: 298K(384K)->298K(384K) Class: 7K(128K)->7K(128K)
[2024-08-23T18:32:59.311+0800] GC(121) Pause Young (Allocation Failure) 611M->135M(1979M) 6.835ms
[2024-08-23T18:32:59.311+0800] GC(121) User=0.00s Sys=0.00s Real=0.01s
[2024-08-23T18:33:03.251+0800] GC(122) Pause Young (Allocation Failure)
[2024-08-23T18:33:03.259+0800] GC(122) DefNew: 606108K(629120K)->15360K(629120K) Eden: 549788K(559232K)->0K(559232K) From: 56320K(69888K)->15360K(69888K)
[2024-08-23T18:33:03.259+0800] GC(122) Tenured: 82689K(1398144K)->185089K(1398144K)
[2024-08-23T18:33:03.259+0800] GC(122) Metaspace: 306K(512K)->306K(512K) NonClass: 298K(384K)->298K(384K) Class: 7K(128K)->7K(128K)
[2024-08-23T18:33:03.259+0800] GC(122) Pause Young (Allocation Failure) 672M->195M(1979M) 9.275ms
[2024-08-23T18:33:03.259+0800] GC(122) User=0.00s Sys=0.00s Real=0.01s
[2024-08-23T18:33:06.441+0800] GC(123) Pause Young (Allocation Failure)
[2024-08-23T18:33:06.445+0800] GC(123) DefNew: 528277K(629120K)->61440K(629120K) Eden: 512917K(559232K)->0K(559232K) From: 15360K(69888K)->61440K(69888K)
[2024-08-23T18:33:06.445+0800] GC(123) Tenured: 185089K(1398144K)->185089K(1398144K)
[2024-08-23T18:33:06.445+0800] GC(123) Metaspace: 306K(512K)->306K(512K) NonClass: 298K(384K)->298K(384K) Class: 7K(128K)->7K(128K)
[2024-08-23T18:33:06.445+0800] GC(123) Pause Young (Allocation Failure) 696M->240M(1979M) 4.852ms
[2024-08-23T18:33:06.445+0800] GC(123) User=0.00s Sys=0.00s Real=0.00s
[2024-08-23T18:33:10.700+0800] GC(124) Pause Young (Allocation Failure)
[2024-08-23T18:33:10.704+0800] GC(124) DefNew: 584600K(629120K)->56320K(629120K) Eden: 523160K(559232K)->0K(559232K) From: 61440K(69888K)->56320K(69888K)
[2024-08-23T18:33:10.704+0800] GC(124) Tenured: 185089K(1398144K)->185089K(1398144K)
[2024-08-23T18:33:10.704+0800] GC(124) Metaspace: 306K(512K)->306K(512K) NonClass: 298K(384K)->298K(384K) Class: 7K(128K)->7K(128K)
[2024-08-23T18:33:10.704+0800] GC(124) Pause Young (Allocation Failure) 751M->235M(1979M) 4.390ms
[2024-08-23T18:33:10.704+0800] GC(124) User=0.00s Sys=0.00s Real=0.00s
[2024-08-23T18:33:14.853+0800] GC(125) Pause Young (Allocation Failure)
[2024-08-23T18:33:14.854+0800] GC(125) DefNew: 590739K(629120K)->26624K(629120K) Eden: 534418K(559232K)->0K(559232K) From: 56320K(69888K)->26624K(69888K)
[2024-08-23T18:33:14.854+0800] GC(125) Tenured: 185089K(1398144K)->185090K(1398144K)
[2024-08-23T18:33:14.854+0800] GC(125) Metaspace: 306K(512K)->306K(512K) NonClass: 298K(384K)->298K(384K) Class: 7K(128K)->7K(128K)
[2024-08-23T18:33:14.854+0800] GC(125) Pause Young (Allocation Failure) 757M->206M(1979M) 2.263ms
[2024-08-23T18:33:14.854+0800] GC(125) User=0.00s Sys=0.00s Real=0.00s
[2024-08-23T18:33:17.803+0800] GC(126) Pause Young (Allocation Failure)
[2024-08-23T18:33:17.808+0800] GC(126) DefNew: 508814K(629120K)->61440K(629120K) Eden: 482190K(559232K)->0K(559232K) From: 26624K(69888K)->61440K(69888K)
[2024-08-23T18:33:17.808+0800] GC(126) Tenured: 185090K(1398144K)->185090K(1398144K)
[2024-08-23T18:33:17.808+0800] GC(126) Metaspace: 306K(512K)->306K(512K) NonClass: 298K(384K)->298K(384K) Class: 7K(128K)->7K(128K)
[2024-08-23T18:33:17.808+0800] GC(126) Pause Young (Allocation Failure) 677M->240M(1979M) 5.006ms
[2024-08-23T18:33:17.808+0800] GC(126) User=0.00s Sys=0.00s Real=0.01s
[2024-08-23T18:33:21.950+0800] GC(127) Pause Young (Allocation Failure)
[2024-08-23T18:33:21.952+0800] GC(127) DefNew: 579475K(629120K)->25600K(629120K) Eden: 518035K(559232K)->0K(559232K) From: 61440K(69888K)->25600K(69888K)
[2024-08-23T18:33:21.952+0800] GC(127) Tenured: 185090K(1398144K)->185090K(1398144K)
[2024-08-23T18:33:21.952+0800] GC(127) Metaspace: 306K(512K)->306K(512K) NonClass: 298K(384K)->298K(384K) Class: 7K(128K)->7K(128K)
[2024-08-23T18:33:21.952+0800] GC(127) Pause Young (Allocation Failure) 746M->205M(1979M) 2.345ms
[2024-08-23T18:33:21.952+0800] GC(127) User=0.00s Sys=0.00s Real=0.00s
[2024-08-23T18:33:26.316+0800] GC(128) Pause Young (Allocation Failure)
[2024-08-23T18:33:26.320+0800] GC(128) DefNew: 565135K(629120K)->62464K(629120K) Eden: 539535K(559232K)->0K(559232K) From: 25600K(69888K)->62464K(69888K)
[2024-08-23T18:33:26.320+0800] GC(128) Tenured: 185090K(1398144K)->185090K(1398144K)
[2024-08-23T18:33:26.320+0800] GC(128) Metaspace: 306K(512K)->306K(512K) NonClass: 298K(384K)->298K(384K) Class: 7K(128K)->7K(128K)
[2024-08-23T18:33:26.320+0800] GC(128) Pause Young (Allocation Failure) 732M->241M(1979M) 5.385ms
[2024-08-23T18:33:26.320+0800] GC(128) User=0.00s Sys=0.00s Real=0.00s
[2024-08-23T18:33:30.026+0800] GC(129) Pause Young (Allocation Failure)
[2024-08-23T18:33:30.027+0800] GC(129) DefNew: 617357K(629120K)->30720K(629120K) Eden: 554893K(559232K)->0K(559232K) From: 62464K(69888K)->30720K(69888K)
[2024-08-23T18:33:30.027+0800] GC(129) Tenured: 185090K(1398144K)->185090K(1398144K)
[2024-08-23T18:33:30.027+0800] GC(129) Metaspace: 306K(512K)->306K(512K) NonClass: 298K(384K)->298K(384K) Class: 7K(128K)->7K(128K)
[2024-08-23T18:33:30.027+0800] GC(129) Pause Young (Allocation Failure) 783M->210M(1979M) 2.685ms
[2024-08-23T18:33:30.027+0800] GC(129) User=0.00s Sys=0.00s Real=0.00s
[2024-08-23T18:33:33.411+0800] GC(130) Pause Young (Allocation Failure)
[2024-08-23T18:33:33.415+0800] GC(130) DefNew: 566163K(629120K)->56320K(629120K) Eden: 535443K(559232K)->0K(559232K) From: 30720K(69888K)->56320K(69888K)
[2024-08-23T18:33:33.415+0800] GC(130) Tenured: 185090K(1398144K)->185090K(1398144K)
[2024-08-23T18:33:33.415+0800] GC(130) Metaspace: 306K(512K)->306K(512K) NonClass: 298K(384K)->298K(384K) Class: 7K(128K)->7K(128K)
[2024-08-23T18:33:33.415+0800] GC(130) Pause Young (Allocation Failure) 733M->235M(1979M) 4.786ms
[2024-08-23T18:33:33.415+0800] GC(130) User=0.00s Sys=0.00s Real=0.00s
[2024-08-23T18:33:37.687+0800] GC(131) Pause Young (Allocation Failure)
[2024-08-23T18:33:37.692+0800] GC(131) DefNew: 553879K(629120K)->66560K(629120K) Eden: 497559K(559232K)->0K(559232K) From: 56320K(69888K)->66560K(69888K)
[2024-08-23T18:33:37.692+0800] GC(131) Tenured: 185090K(1398144K)->185090K(1398144K)
[2024-08-23T18:33:37.692+0800] GC(131) Metaspace: 306K(512K)->306K(512K) NonClass: 298K(384K)->298K(384K) Class: 7K(128K)->7K(128K)
[2024-08-23T18:33:37.692+0800] GC(131) Pause Young (Allocation Failure) 721M->245M(1979M) 5.548ms
[2024-08-23T18:33:37.692+0800] GC(131) User=0.00s Sys=0.00s Real=0.00s
[2024-08-23T18:33:41.513+0800] GC(132) Pause Young (Allocation Failure)
[2024-08-23T18:33:41.517+0800] GC(132) DefNew: 621465K(629120K)->61440K(629120K) Eden: 554904K(559232K)->0K(559232K) From: 66560K(69888K)->61440K(69888K)
[2024-08-23T18:33:41.517+0800] GC(132) Tenured: 185090K(1398144K)->185090K(1398144K)
[2024-08-23T18:33:41.517+0800] GC(132) Metaspace: 306K(512K)->306K(512K) NonClass: 298K(384K)->298K(384K) Class: 7K(128K)->7K(128K)
[2024-08-23T18:33:41.517+0800] GC(132) Pause Young (Allocation Failure) 787M->240M(1979M) 5.429ms
[2024-08-23T18:33:41.517+0800] GC(132) User=0.00s Sys=0.00s Real=0.00s
[2024-08-23T18:33:44.790+0800] GC(133) Pause Young (Allocation Failure)
[2024-08-23T18:33:44.794+0800] GC(133) DefNew: 587675K(629120K)->56320K(629120K) Eden: 526234K(559232K)->0K(559232K) From: 61440K(69888K)->56320K(69888K)
[2024-08-23T18:33:44.794+0800] GC(133) Tenured: 185090K(1398144K)->185090K(1398144K)
[2024-08-23T18:33:44.794+0800] GC(133) Metaspace: 306K(512K)->306K(512K) NonClass: 298K(384K)->298K(384K) Class: 7K(128K)->7K(128K)
[2024-08-23T18:33:44.794+0800] GC(133) Pause Young (Allocation Failure) 754M->235M(1979M) 4.715ms
[2024-08-23T18:33:44.794+0800] GC(133) User=0.00s Sys=0.00s Real=0.00s
[2024-08-23T18:33:49.044+0800] GC(134) Pause Young (Allocation Failure)
[2024-08-23T18:33:49.049+0800] GC(134) DefNew: 564124K(629120K)->56320K(629120K) Eden: 507803K(559232K)->0K(559232K) From: 56320K(69888K)->56320K(69888K)
[2024-08-23T18:33:49.049+0800] GC(134) Tenured: 185090K(1398144K)->205570K(1398144K)
[2024-08-23T18:33:49.049+0800] GC(134) Metaspace: 306K(512K)->306K(512K) NonClass: 298K(384K)->298K(384K) Class: 7K(128K)->7K(128K)
[2024-08-23T18:33:49.049+0800] GC(134) Pause Young (Allocation Failure) 731M->255M(1979M) 6.101ms
[2024-08-23T18:33:49.049+0800] GC(134) User=0.00s Sys=0.00s Real=0.01s
[2024-08-23T18:33:52.985+0800] GC(135) Pause Young (Allocation Failure)
[2024-08-23T18:33:52.994+0800] GC(135) DefNew: 606108K(629120K)->15360K(629120K) Eden: 549788K(559232K)->0K(559232K) From: 56320K(69888K)->15360K(69888K)
[2024-08-23T18:33:52.994+0800] GC(135) Tenured: 205570K(1398144K)->307970K(1398144K)
[2024-08-23T18:33:52.994+0800] GC(135) Metaspace: 306K(512K)->306K(512K) NonClass: 298K(384K)->298K(384K) Class: 7K(128K)->7K(128K)
[2024-08-23T18:33:52.994+0800] GC(135) Pause Young (Allocation Failure) 792M->315M(1979M) 9.770ms
[2024-08-23T18:33:52.994+0800] GC(135) User=0.00s Sys=0.00s Real=0.01s
[2024-08-23T18:33:56.173+0800] GC(136) Pause Young (Allocation Failure)
[2024-08-23T18:33:56.177+0800] GC(136) DefNew: 528277K(629120K)->61440K(629120K) Eden: 512917K(559232K)->0K(559232K) From: 15360K(69888K)->61440K(69888K)
[2024-08-23T18:33:56.177+0800] GC(136) Tenured: 307970K(1398144K)->307970K(1398144K)
[2024-08-23T18:33:56.177+0800] GC(136) Metaspace: 306K(512K)->306K(512K) NonClass: 298K(384K)->298K(384K) Class: 7K(128K)->7K(128K)
[2024-08-23T18:33:56.177+0800] GC(136) Pause Young (Allocation Failure) 816M->360M(1979M) 4.901ms
[2024-08-23T18:33:56.177+0800] GC(136) User=0.00s Sys=0.00s Real=0.00s
[2024-08-23T18:34:00.443+0800] GC(137) Pause Young (Allocation Failure)
[2024-08-23T18:34:00.447+0800] GC(137) DefNew: 584600K(629120K)->56320K(629120K) Eden: 523160K(559232K)->0K(559232K) From: 61440K(69888K)->56320K(69888K)
[2024-08-23T18:34:00.447+0800] GC(137) Tenured: 307970K(1398144K)->307970K(1398144K)
[2024-08-23T18:34:00.447+0800] GC(137) Metaspace: 306K(512K)->306K(512K) NonClass: 298K(384K)->298K(384K) Class: 7K(128K)->7K(128K)
[2024-08-23T18:34:00.447+0800] GC(137) Pause Young (Allocation Failure) 871M->355M(1979M) 4.697ms
[2024-08-23T18:34:00.447+0800] GC(137) User=0.00s Sys=0.00s Real=0.00s
[2024-08-23T18:34:04.618+0800] GC(138) Pause Young (Allocation Failure)
[2024-08-23T18:34:04.620+0800] GC(138) DefNew: 590738K(629120K)->26624K(629120K) Eden: 534418K(559232K)->0K(559232K) From: 56320K(69888K)->26624K(69888K)
[2024-08-23T18:34:04.620+0800] GC(138) Tenured: 307970K(1398144K)->307970K(1398144K)
[2024-08-23T18:34:04.620+0800] GC(138) Metaspace: 306K(512K)->306K(512K) NonClass: 298K(384K)->298K(384K) Class: 7K(128K)->7K(128K)
[2024-08-23T18:34:04.620+0800] GC(138) Pause Young (Allocation Failure) 877M->326M(1979M) 2.402ms
[2024-08-23T18:34:04.620+0800] GC(138) User=0.00s Sys=0.00s Real=0.00s
[2024-08-23T18:34:07.579+0800] GC(139) Pause Young (Allocation Failure)
[2024-08-23T18:34:07.583+0800] GC(139) DefNew: 508814K(629120K)->61440K(629120K) Eden: 482190K(559232K)->0K(559232K) From: 26624K(69888K)->61440K(69888K)
[2024-08-23T18:34:07.583+0800] GC(139) Tenured: 307970K(1398144K)->307970K(1398144K)
[2024-08-23T18:34:07.583+0800] GC(139) Metaspace: 306K(512K)->306K(512K) NonClass: 298K(384K)->298K(384K) Class: 7K(128K)->7K(128K)
[2024-08-23T18:34:07.583+0800] GC(139) Pause Young (Allocation Failure) 797M->360M(1979M) 5.162ms
[2024-08-23T18:34:07.583+0800] GC(139) User=0.00s Sys=0.00s Real=0.00s
[2024-08-23T18:34:11.722+0800] GC(140) Pause Young (Allocation Failure)
[2024-08-23T18:34:11.724+0800] GC(140) DefNew: 579475K(629120K)->25600K(629120K) Eden: 518035K(559232K)->0K(559232K) From: 61440K(69888K)->25600K(69888K)
[2024-08-23T18:34:11.724+0800] GC(140) Tenured: 307970K(1398144K)->307970K(1398144K)
[2024-08-23T18:34:11.724+0800] GC(140) Metaspace: 306K(512K)->306K(512K) NonClass: 298K(384K)->298K(384K) Class: 7K(128K)->7K(128K)
[2024-08-23T18:34:11.724+0800] GC(140) Pause Young (Allocation Failure) 866M->325M(1979M) 2.370ms
[2024-08-23T18:34:11.724+0800] GC(140) User=0.00s Sys=0.00s Real=0.00s
[2024-08-23T18:34:16.089+0800] GC(141) Pause Young (Allocation Failure)
[2024-08-23T18:34:16.094+0800] GC(141) DefNew: 565135K(629120K)->62464K(629120K) Eden: 539535K(559232K)->0K(559232K) From: 25600K(69888K)->62464K(69888K)
[2024-08-23T18:34:16.094+0800] GC(141) Tenured: 307970K(1398144K)->307970K(1398144K)
[2024-08-23T18:34:16.094+0800] GC(141) Metaspace: 306K(512K)->306K(512K) NonClass: 298K(384K)->298K(384K) Class: 7K(128K)->7K(128K)
[2024-08-23T18:34:16.094+0800] GC(141) Pause Young (Allocation Failure) 852M->361M(1979M) 5.393ms
[2024-08-23T18:34:16.094+0800] GC(141) User=0.00s Sys=0.00s Real=0.01s
[2024-08-23T18:34:19.821+0800] GC(142) Pause Young (Allocation Failure)
[2024-08-23T18:34:19.823+0800] GC(142) DefNew: 617357K(629120K)->30720K(629120K) Eden: 554893K(559232K)->0K(559232K) From: 62464K(69888K)->30720K(69888K)
[2024-08-23T18:34:19.823+0800] GC(142) Tenured: 307970K(1398144K)->307970K(1398144K)
[2024-08-23T18:34:19.823+0800] GC(142) Metaspace: 306K(512K)->306K(512K) NonClass: 298K(384K)->298K(384K) Class: 7K(128K)->7K(128K)
[2024-08-23T18:34:19.823+0800] GC(142) Pause Young (Allocation Failure) 903M->330M(1979M) 2.591ms
[2024-08-23T18:34:19.823+0800] GC(142) User=0.00s Sys=0.00s Real=0.00s
[2024-08-23T18:34:21.348+0800] Heap
[2024-08-23T18:34:21.348+0800]  def new generation   total 629120K, used 275268K [0x0000000080000000, 0x00000000aaaa0000, 0x00000000aaaa0000)
[2024-08-23T18:34:21.348+0800]   eden space 559232K,  43% used [0x0000000080000000, 0x000000008eed1090, 0x00000000a2220000)
[2024-08-23T18:34:21.348+0800]   from space 69888K,  43% used [0x00000000a6660000, 0x00000000a8460030, 0x00000000aaaa0000)
[2024-08-23T18:34:21.348+0800]   to   space 69888K,   0% used [0x00000000a2220000, 0x00000000a2220000, 0x00000000a6660000)
[2024-08-23T18:34:21.348+0800]  tenured generation   total 1398144K, used 307970K [0x00000000aaaa0000, 0x0000000100000000, 0x0000000100000000)
[2024-08-23T18:34:21.348+0800]    the space 1398144K,  22% used [0x00000000aaaa0000, 0x00000000bd760b70, 0x00000000bd760c00, 0x0000000100000000)
[2024-08-23T18:34:21.348+0800]  Metaspace       used 307K, committed 512K, reserved 1114112K
[2024-08-23T18:34:21.348+0800]   class space    used 7K, committed 128K, reserved 1048576K
