[0.004s][info][gc] Min heap equals to max heap, disabling ShenandoahUncommit
[0.008s][info][gc] Heuristics ergonomically sets -XX:+ExplicitGCInvokesConcurrent
[0.008s][info][gc] Heuristics ergonomically sets -XX:+ShenandoahImplicitGCInvokesConcurrent
[0.008s][info][gc] Using Shenandoah
[0.010s][info][gc,ergo] Pacer for Idle. Initial: 20971K, Alloc Tax Rate: 1.0x
[0.010s][info][gc,init] Version: 17.0.11+1-LTS (release)
[0.010s][info][gc,init] CPUs: 12 total, 12 available
[0.010s][info][gc,init] Memory: 32620M
[0.010s][info][gc,init] Large Page Support: Disabled
[0.010s][info][gc,init] NUMA Support: Disabled
[0.010s][info][gc,init] Compressed Oops: Enabled (32-bit)
[0.010s][info][gc,init] Heap Min Capacity: 1G
[0.010s][info][gc,init] Heap Initial Capacity: 1G
[0.010s][info][gc,init] Heap Max Capacity: 1G
[0.010s][info][gc,init] Pre-touch: Disabled
[0.011s][info][gc,init] Mode: Snapshot-At-The-Beginning (SATB)
[0.011s][info][gc,init] Heuristics: Adaptive
[0.011s][info][gc,init] Heap Region Count: 2048
[0.011s][info][gc,init] Heap Region Size: 512K
[0.011s][info][gc,init] TLAB Size Max: 512K
[0.011s][info][gc,init] Humongous Object Threshold: 512K
[0.011s][info][gc,init] Parallel Workers: 6
[0.011s][info][gc,init] Concurrent Workers: 3
[0.019s][info][gc,metaspace] CDS archive(s) mapped at: [0x0000021144000000-0x0000021144bc0000-0x0000021144bc0000), size 12320768, SharedBaseAddress: 0x0000021144000000, ArchiveRelocationMode: 1.
[0.019s][info][gc,metaspace] Compressed class space mapped at: 0x0000021145000000-0x0000021185000000, reserved size: 1073741824
[0.019s][info][gc,metaspace] Narrow klass base: 0x0000021144000000, Narrow klass shift: 0, Narrow klass range: 0x100000000
[2.126s][info][gc          ] Trigger: Learning 1 of 5. Free (714M) is below initial threshold (716M)
[2.126s][info][gc,ergo     ] Free: 714M, Max: 512K regular, 714M humongous, Frag: 0% external, 0% internal; Reserve: 52736K, Max: 512K
[2.126s][info][gc,start    ] GC(0) Concurrent reset
[2.126s][info][gc,task     ] GC(0) Using 3 of 6 workers for concurrent reset
[2.126s][info][gc,ergo     ] GC(0) Pacer for Reset. Non-Taxable: 1024M
[2.126s][info][gc          ] GC(0) Concurrent reset 0.338ms
[2.126s][info][gc,start    ] GC(0) Pause Init Mark (unload classes)
[2.127s][info][gc,task     ] GC(0) Using 6 of 6 workers for init marking
[2.127s][info][gc,ergo     ] GC(0) Pacer for Mark. Expected Live: 102M, Free: 714M, Non-Taxable: 73164K, Alloc Tax Rate: 0.2x
[2.127s][info][gc          ] GC(0) Pause Init Mark (unload classes) 0.576ms
[2.127s][info][gc,start    ] GC(0) Concurrent marking roots
[2.127s][info][gc,task     ] GC(0) Using 3 of 6 workers for concurrent marking roots
[2.128s][info][gc          ] GC(0) Concurrent marking roots 0.537ms
[2.128s][info][gc,start    ] GC(0) Concurrent marking (unload classes)
[2.128s][info][gc,task     ] GC(0) Using 3 of 6 workers for concurrent marking
[2.129s][info][gc          ] GC(0) Concurrent marking (unload classes) 0.949ms
[2.129s][info][gc,start    ] GC(0) Pause Final Mark (unload classes)
[2.129s][info][gc,task     ] GC(0) Using 6 of 6 workers for final marking
[2.129s][info][gc,ergo     ] GC(0) Collectable Garbage: 233M (99%), Immediate: 233M (99%), CSet: 0B (0%)
[2.129s][info][gc          ] GC(0) Pause Final Mark (unload classes) 0.229ms
[2.129s][info][gc,start    ] GC(0) Concurrent weak references
[2.129s][info][gc,task     ] GC(0) Using 3 of 6 workers for concurrent weak references
[2.129s][info][gc,ref      ] GC(0) Encountered references: Soft: 92, Weak: 144, Final: 0, Phantom: 27
[2.129s][info][gc,ref      ] GC(0) Discovered  references: Soft: 0, Weak: 112, Final: 0, Phantom: 25
[2.129s][info][gc,ref      ] GC(0) Enqueued    references: Soft: 0, Weak: 28, Final: 0, Phantom: 20
[2.129s][info][gc          ] GC(0) Concurrent weak references 0.134ms
[2.129s][info][gc,start    ] GC(0) Concurrent weak roots
[2.129s][info][gc,task     ] GC(0) Using 3 of 6 workers for concurrent weak root
[2.129s][info][gc          ] GC(0) Concurrent weak roots 0.158ms
[2.129s][info][gc,start    ] GC(0) Concurrent cleanup
[2.129s][info][gc          ] GC(0) Concurrent cleanup 248M->15M(1024M) 0.128ms
[2.129s][info][gc,ergo     ] GC(0) Free: 956M, Max: 512K regular, 714M humongous, Frag: 26% external, 0% internal; Reserve: 52736K, Max: 512K
[2.129s][info][gc,start    ] GC(0) Concurrent class unloading
[2.129s][info][gc,task     ] GC(0) Using 3 of 6 workers for concurrent class unloading
[2.130s][info][gc          ] GC(0) Concurrent class unloading 0.335ms
[2.130s][info][gc,start    ] GC(0) Pause Final Roots
[2.130s][info][gc          ] GC(0) Pause Final Roots 0.020ms
[2.130s][info][gc,ergo     ] Free: 956M, Max: 512K regular, 714M humongous, Frag: 26% external, 0% internal; Reserve: 52736K, Max: 512K
[2.130s][info][gc,stats    ] 
[2.130s][info][gc,stats    ] All times are wall-clock times, except per-root-class counters, that are sum over
[2.130s][info][gc,stats    ] all workers. Dividing the <total> over the root stage time estimates parallelism.
[2.130s][info][gc,stats    ] 
[2.130s][info][gc,stats    ] Concurrent Reset                    361 us
[2.130s][info][gc,stats    ] Pause Init Mark (G)                 620 us
[2.130s][info][gc,stats    ] Pause Init Mark (N)                 590 us
[2.130s][info][gc,stats    ]   Update Region States               30 us
[2.130s][info][gc,stats    ] Concurrent Mark Roots               557 us, parallelism: 2.12x
[2.130s][info][gc,stats    ]   CMR: <total>                     1182 us
[2.130s][info][gc,stats    ]   CMR: Thread Roots                 582 us, workers (us): 408,   0, 175, ---, ---, ---, 
[2.130s][info][gc,stats    ]   CMR: VM Strong Roots              251 us, workers (us):  74,  71, 107, ---, ---, ---, 
[2.130s][info][gc,stats    ]   CMR: CLDG Roots                   348 us, workers (us): ---, 348, ---, ---, ---, ---, 
[2.130s][info][gc,stats    ] Concurrent Marking                  978 us
[2.130s][info][gc,stats    ] Pause Final Mark (G)                286 us
[2.130s][info][gc,stats    ] Pause Final Mark (N)                243 us
[2.130s][info][gc,stats    ]   Finish Mark                        32 us
[2.130s][info][gc,stats    ]   Update Region States               40 us
[2.130s][info][gc,stats    ]   Choose Collection Set              81 us
[2.130s][info][gc,stats    ]   Rebuild Free Set                   19 us
[2.130s][info][gc,stats    ] Concurrent Weak References          147 us, parallelism: 0.16x
[2.130s][info][gc,stats    ]   CWRF: <total>                      24 us
[2.130s][info][gc,stats    ]   CWRF: Weak References              24 us, workers (us):   1,  12,  12, ---, ---, ---, 
[2.130s][info][gc,stats    ] Concurrent Weak Roots               180 us
[2.130s][info][gc,stats    ]   Roots                             110 us, parallelism: 1.07x
[2.130s][info][gc,stats    ]     CWR: <total>                    117 us
[2.130s][info][gc,stats    ]     CWR: Code Cache Roots            62 us, workers (us):   3,   0,  59, ---, ---, ---, 
[2.130s][info][gc,stats    ]     CWR: VM Weak Roots               54 us, workers (us):  24,  22,   8, ---, ---, ---, 
[2.130s][info][gc,stats    ]     CWR: CLDG Roots                   1 us, workers (us): ---,   1, ---, ---, ---, ---, 
[2.130s][info][gc,stats    ]   Rendezvous                         30 us
[2.130s][info][gc,stats    ] Concurrent Cleanup                  149 us
[2.130s][info][gc,stats    ] Concurrent Class Unloading          357 us
[2.130s][info][gc,stats    ]   Unlink Stale                      235 us
[2.130s][info][gc,stats    ]     System Dictionary                 5 us
[2.130s][info][gc,stats    ]     Weak Class Links                  0 us
[2.130s][info][gc,stats    ]     Code Roots                      230 us
[2.130s][info][gc,stats    ]   Rendezvous                         37 us
[2.130s][info][gc,stats    ]   Purge Unlinked                     34 us
[2.130s][info][gc,stats    ]     Code Roots                       26 us
[2.130s][info][gc,stats    ]     CLDG                              8 us
[2.130s][info][gc,stats    ]     Exception Caches                  0 us
[2.130s][info][gc,stats    ] Pause Final Roots (G)                62 us
[2.130s][info][gc,stats    ] Pause Final Roots (N)                30 us
[2.130s][info][gc,stats    ] Pacing                            30917 us
[2.130s][info][gc,stats    ] 
[2.130s][info][gc,stats    ] Allocation pacing accrued:
[2.130s][info][gc,stats    ]      31 of  2120 ms (  1.5%): main
[2.130s][info][gc,stats    ]      31 of  2120 ms (  1.5%): <total>
[2.130s][info][gc,stats    ]       2 of  2120 ms (  0.1%): <average total>
[2.130s][info][gc,stats    ]      31 of  2120 ms (  1.5%): <average non-zero>
[2.130s][info][gc,stats    ] 
[2.131s][info][gc,metaspace] Metaspace: 1012K(1216K)->1013K(1216K) NonClass: 931K(1024K)->931K(1024K) Class: 81K(192K)->81K(192K)
[2.131s][info][gc,ergo     ] Pacer for Idle. Initial: 20971K, Alloc Tax Rate: 1.0x
[3.825s][info][gc          ] Trigger: Learning 2 of 5. Free (716M) is below initial threshold (716M)
[3.825s][info][gc,ergo     ] Free: 716M, Max: 512K regular, 714M humongous, Frag: 1% external, 0% internal; Reserve: 52736K, Max: 512K
[3.825s][info][gc,start    ] GC(1) Concurrent reset
[3.825s][info][gc,task     ] GC(1) Using 3 of 6 workers for concurrent reset
[3.825s][info][gc,ergo     ] GC(1) Pacer for Reset. Non-Taxable: 1024M
[3.826s][info][gc          ] GC(1) Concurrent reset 0.869ms
[3.826s][info][gc,start    ] GC(1) Pause Init Mark (unload classes)
[3.826s][info][gc,task     ] GC(1) Using 6 of 6 workers for init marking
[3.826s][info][gc,ergo     ] GC(1) Pacer for Mark. Expected Live: 12957K, Free: 716M, Non-Taxable: 73318K, Alloc Tax Rate: 0.0x
[3.826s][info][gc          ] GC(1) Pause Init Mark (unload classes) 0.135ms
[3.826s][info][gc,start    ] GC(1) Concurrent marking roots
[3.826s][info][gc,task     ] GC(1) Using 3 of 6 workers for concurrent marking roots
[3.827s][info][gc          ] GC(1) Concurrent marking roots 0.460ms
[3.827s][info][gc,start    ] GC(1) Concurrent marking (unload classes)
[3.827s][info][gc,task     ] GC(1) Using 3 of 6 workers for concurrent marking
[3.828s][info][gc          ] GC(1) Concurrent marking (unload classes) 0.793ms
[3.828s][info][gc,start    ] GC(1) Pause Final Mark (unload classes)
[3.828s][info][gc,task     ] GC(1) Using 6 of 6 workers for final marking
[3.828s][info][gc,ergo     ] GC(1) Collectable Garbage: 226M (98%), Immediate: 226M (98%), CSet: 0B (0%)
[3.828s][info][gc          ] GC(1) Pause Final Mark (unload classes) 0.176ms
[3.828s][info][gc,start    ] GC(1) Concurrent weak references
[3.828s][info][gc,task     ] GC(1) Using 3 of 6 workers for concurrent weak references
[3.828s][info][gc,ref      ] GC(1) Encountered references: Soft: 92, Weak: 116, Final: 0, Phantom: 7
[3.828s][info][gc,ref      ] GC(1) Discovered  references: Soft: 0, Weak: 95, Final: 0, Phantom: 3
[3.828s][info][gc,ref      ] GC(1) Enqueued    references: Soft: 0, Weak: 0, Final: 0, Phantom: 0
[3.828s][info][gc          ] GC(1) Concurrent weak references 0.110ms
[3.828s][info][gc,start    ] GC(1) Concurrent weak roots
[3.828s][info][gc,task     ] GC(1) Using 3 of 6 workers for concurrent weak root
[3.828s][info][gc          ] GC(1) Concurrent weak roots 0.177ms
[3.828s][info][gc,start    ] GC(1) Concurrent cleanup
[3.828s][info][gc          ] GC(1) Concurrent cleanup 247M->21M(1024M) 0.032ms
[3.828s][info][gc,ergo     ] GC(1) Free: 949M, Max: 512K regular, 721M humongous, Frag: 24% external, 0% internal; Reserve: 52736K, Max: 512K
[3.828s][info][gc,start    ] GC(1) Concurrent class unloading
[3.828s][info][gc,task     ] GC(1) Using 3 of 6 workers for concurrent class unloading
[3.829s][info][gc          ] GC(1) Concurrent class unloading 0.273ms
[3.829s][info][gc,start    ] GC(1) Pause Final Roots
[3.829s][info][gc          ] GC(1) Pause Final Roots 0.088ms
[3.829s][info][gc,ergo     ] Free: 949M, Max: 512K regular, 721M humongous, Frag: 24% external, 0% internal; Reserve: 52736K, Max: 512K
[3.829s][info][gc,stats    ] 
[3.829s][info][gc,stats    ] All times are wall-clock times, except per-root-class counters, that are sum over
[3.829s][info][gc,stats    ] all workers. Dividing the <total> over the root stage time estimates parallelism.
[3.829s][info][gc,stats    ] 
[3.829s][info][gc,stats    ] Concurrent Reset                    890 us
[3.829s][info][gc,stats    ] Pause Init Mark (G)                 238 us
[3.829s][info][gc,stats    ] Pause Init Mark (N)                 144 us
[3.829s][info][gc,stats    ]   Update Region States               83 us
[3.829s][info][gc,stats    ] Concurrent Mark Roots               478 us, parallelism: 2.00x
[3.829s][info][gc,stats    ]   CMR: <total>                      957 us
[3.829s][info][gc,stats    ]   CMR: Thread Roots                 924 us, workers (us): 405, 265, 254, ---, ---, ---, 
[3.829s][info][gc,stats    ]   CMR: VM Strong Roots                4 us, workers (us):   2,   2,   0, ---, ---, ---, 
[3.829s][info][gc,stats    ]   CMR: CLDG Roots                    28 us, workers (us): ---,  28, ---, ---, ---, ---, 
[3.829s][info][gc,stats    ] Concurrent Marking                  810 us
[3.829s][info][gc,stats    ] Pause Final Mark (G)                255 us
[3.829s][info][gc,stats    ] Pause Final Mark (N)                187 us
[3.829s][info][gc,stats    ]   Finish Mark                        31 us
[3.829s][info][gc,stats    ]   Update Region States               67 us
[3.829s][info][gc,stats    ]   Choose Collection Set              38 us
[3.829s][info][gc,stats    ]   Rebuild Free Set                   10 us
[3.829s][info][gc,stats    ] Concurrent Weak References          118 us, parallelism: 0.04x
[3.829s][info][gc,stats    ]   CWRF: <total>                       5 us
[3.829s][info][gc,stats    ]   CWRF: Weak References               5 us, workers (us):   1,   4,   0, ---, ---, ---, 
[3.829s][info][gc,stats    ] Concurrent Weak Roots               204 us
[3.829s][info][gc,stats    ]   Roots                             119 us, parallelism: 0.77x
[3.829s][info][gc,stats    ]     CWR: <total>                     92 us
[3.829s][info][gc,stats    ]     CWR: Code Cache Roots            50 us, workers (us):  47,   2,   0, ---, ---, ---, 
[3.829s][info][gc,stats    ]     CWR: VM Weak Roots               42 us, workers (us):  23,  18,   0, ---, ---, ---, 
[3.829s][info][gc,stats    ]     CWR: CLDG Roots                   1 us, workers (us): ---,   1, ---, ---, ---, ---, 
[3.829s][info][gc,stats    ]   Rendezvous                         42 us
[3.829s][info][gc,stats    ] Concurrent Cleanup                   42 us
[3.829s][info][gc,stats    ] Concurrent Class Unloading          289 us
[3.829s][info][gc,stats    ]   Unlink Stale                      174 us
[3.829s][info][gc,stats    ]     System Dictionary                 1 us
[3.829s][info][gc,stats    ]     Weak Class Links                  0 us
[3.829s][info][gc,stats    ]     Code Roots                      172 us
[3.829s][info][gc,stats    ]   Rendezvous                         22 us
[3.829s][info][gc,stats    ]   Purge Unlinked                     60 us
[3.829s][info][gc,stats    ]     Code Roots                       57 us
[3.829s][info][gc,stats    ]     CLDG                              3 us
[3.829s][info][gc,stats    ]     Exception Caches                  0 us
[3.829s][info][gc,stats    ] Pause Final Roots (G)               228 us
[3.829s][info][gc,stats    ] Pause Final Roots (N)                99 us
[3.829s][info][gc,stats    ] Pacing                            30751 us
[3.829s][info][gc,stats    ] 
[3.829s][info][gc,stats    ] Allocation pacing accrued:
[3.829s][info][gc,stats    ]      31 of  1699 ms (  1.8%): main
[3.829s][info][gc,stats    ]      31 of  1699 ms (  1.8%): <total>
[3.829s][info][gc,stats    ]       2 of  1699 ms (  0.1%): <average total>
[3.829s][info][gc,stats    ]      31 of  1699 ms (  1.8%): <average non-zero>
[3.829s][info][gc,stats    ] 
[3.829s][info][gc,metaspace] Metaspace: 1013K(1216K)->1013K(1216K) NonClass: 931K(1024K)->931K(1024K) Class: 81K(192K)->81K(192K)
[3.829s][info][gc,ergo     ] Pacer for Idle. Initial: 20971K, Alloc Tax Rate: 1.0x
[5.796s][info][gc          ] Trigger: Learning 3 of 5. Free (711M) is below initial threshold (716M)
[5.796s][info][gc,ergo     ] Free: 711M, Max: 512K regular, 621M humongous, Frag: 13% external, 0% internal; Reserve: 52736K, Max: 512K
[5.797s][info][gc,start    ] GC(2) Concurrent reset
[5.797s][info][gc,task     ] GC(2) Using 3 of 6 workers for concurrent reset
[5.797s][info][gc,ergo     ] GC(2) Pacer for Reset. Non-Taxable: 1024M
[5.797s][info][gc          ] GC(2) Concurrent reset 0.581ms
[5.966s][info][gc,start    ] GC(2) Pause Init Mark (unload classes)
[5.966s][info][gc,task     ] GC(2) Using 6 of 6 workers for init marking
[5.966s][info][gc,ergo     ] GC(2) Pacer for Mark. Expected Live: 16029K, Free: 711M, Non-Taxable: 72807K, Alloc Tax Rate: 0.0x
[5.966s][info][gc          ] GC(2) Pause Init Mark (unload classes) 0.210ms
[5.966s][info][gc,start    ] GC(2) Concurrent marking roots
[5.966s][info][gc,task     ] GC(2) Using 3 of 6 workers for concurrent marking roots
[5.966s][info][gc          ] GC(2) Concurrent marking roots 0.409ms
[5.966s][info][gc,start    ] GC(2) Concurrent marking (unload classes)
[5.966s][info][gc,task     ] GC(2) Using 3 of 6 workers for concurrent marking
[5.968s][info][gc          ] GC(2) Concurrent marking (unload classes) 1.253ms
[5.968s][info][gc,start    ] GC(2) Pause Final Mark (unload classes)
[5.968s][info][gc,task     ] GC(2) Using 6 of 6 workers for final marking
[5.968s][info][gc,ergo     ] GC(2) Collectable Garbage: 84992K (96%), Immediate: 84992K (96%), CSet: 0B (0%)
[5.968s][info][gc          ] GC(2) Pause Final Mark (unload classes) 0.171ms
[5.968s][info][gc,start    ] GC(2) Concurrent weak references
[5.968s][info][gc,task     ] GC(2) Using 3 of 6 workers for concurrent weak references
[5.968s][info][gc,ref      ] GC(2) Encountered references: Soft: 92, Weak: 116, Final: 0, Phantom: 7
[5.968s][info][gc,ref      ] GC(2) Discovered  references: Soft: 0, Weak: 69, Final: 0, Phantom: 5
[5.968s][info][gc,ref      ] GC(2) Enqueued    references: Soft: 0, Weak: 0, Final: 0, Phantom: 0
[5.968s][info][gc          ] GC(2) Concurrent weak references 0.111ms
[5.968s][info][gc,start    ] GC(2) Concurrent weak roots
[5.968s][info][gc,task     ] GC(2) Using 3 of 6 workers for concurrent weak root
[5.968s][info][gc          ] GC(2) Concurrent weak roots 0.156ms
[5.968s][info][gc,start    ] GC(2) Concurrent cleanup
[5.968s][info][gc          ] GC(2) Concurrent cleanup 252M->169M(1024M) 0.032ms
[5.968s][info][gc,ergo     ] GC(2) Free: 801M, Max: 512K regular, 621M humongous, Frag: 23% external, 0% internal; Reserve: 52736K, Max: 512K
[5.968s][info][gc,start    ] GC(2) Concurrent class unloading
[5.968s][info][gc,task     ] GC(2) Using 3 of 6 workers for concurrent class unloading
[5.969s][info][gc          ] GC(2) Concurrent class unloading 0.286ms
[5.969s][info][gc,start    ] GC(2) Pause Final Roots
[5.969s][info][gc          ] GC(2) Pause Final Roots 0.016ms
[5.969s][info][gc,ergo     ] Free: 801M, Max: 512K regular, 621M humongous, Frag: 23% external, 0% internal; Reserve: 52736K, Max: 512K
[5.969s][info][gc,stats    ] 
[5.969s][info][gc,stats    ] All times are wall-clock times, except per-root-class counters, that are sum over
[5.969s][info][gc,stats    ] all workers. Dividing the <total> over the root stage time estimates parallelism.
[5.969s][info][gc,stats    ] 
[5.969s][info][gc,stats    ] Concurrent Reset                    602 us
[5.969s][info][gc,stats    ] Pause Init Mark (G)              168895 us
[5.969s][info][gc,stats    ] Pause Init Mark (N)                 225 us
[5.969s][info][gc,stats    ]   Update Region States              103 us
[5.969s][info][gc,stats    ] Concurrent Mark Roots               444 us, parallelism: 1.08x
[5.969s][info][gc,stats    ]   CMR: <total>                      478 us
[5.969s][info][gc,stats    ]   CMR: Thread Roots                 403 us, workers (us):  65, 277,  60, ---, ---, ---, 
[5.969s][info][gc,stats    ]   CMR: VM Strong Roots                6 us, workers (us):   5,   0,   0, ---, ---, ---, 
[5.969s][info][gc,stats    ]   CMR: CLDG Roots                    69 us, workers (us):  69, ---, ---, ---, ---, ---, 
[5.969s][info][gc,stats    ] Concurrent Marking                 1290 us
[5.969s][info][gc,stats    ] Pause Final Mark (G)                233 us
[5.969s][info][gc,stats    ] Pause Final Mark (N)                185 us
[5.969s][info][gc,stats    ]   Finish Mark                        25 us
[5.969s][info][gc,stats    ]   Update Region States               42 us
[5.969s][info][gc,stats    ]   Choose Collection Set              43 us
[5.969s][info][gc,stats    ]   Rebuild Free Set                   14 us
[5.969s][info][gc,stats    ] Concurrent Weak References          123 us, parallelism: 0.06x
[5.969s][info][gc,stats    ]   CWRF: <total>                       8 us
[5.969s][info][gc,stats    ]   CWRF: Weak References               8 us, workers (us):   6,   2,   0, ---, ---, ---, 
[5.969s][info][gc,stats    ] Concurrent Weak Roots               175 us
[5.969s][info][gc,stats    ]   Roots                             101 us, parallelism: 1.18x
[5.969s][info][gc,stats    ]     CWR: <total>                    119 us
[5.969s][info][gc,stats    ]     CWR: Code Cache Roots            54 us, workers (us):   0,  50,   3, ---, ---, ---, 
[5.969s][info][gc,stats    ]     CWR: VM Weak Roots               64 us, workers (us):  22,  22,  20, ---, ---, ---, 
[5.969s][info][gc,stats    ]     CWR: CLDG Roots                   1 us, workers (us):   1, ---, ---, ---, ---, ---, 
[5.969s][info][gc,stats    ]   Rendezvous                         31 us
[5.969s][info][gc,stats    ] Concurrent Cleanup                   46 us
[5.969s][info][gc,stats    ] Concurrent Class Unloading          306 us
[5.969s][info][gc,stats    ]   Unlink Stale                      205 us
[5.969s][info][gc,stats    ]     System Dictionary                 2 us
[5.969s][info][gc,stats    ]     Weak Class Links                  0 us
[5.969s][info][gc,stats    ]     Code Roots                      203 us
[5.969s][info][gc,stats    ]   Rendezvous                         27 us
[5.969s][info][gc,stats    ]   Purge Unlinked                     30 us
[5.969s][info][gc,stats    ]     Code Roots                       26 us
[5.969s][info][gc,stats    ]     CLDG                              3 us
[5.969s][info][gc,stats    ]     Exception Caches                  0 us
[5.969s][info][gc,stats    ] Pause Final Roots (G)                48 us
[5.969s][info][gc,stats    ] Pause Final Roots (N)                24 us
[5.969s][info][gc,stats    ] Pacing                            32407 us
[5.969s][info][gc,stats    ] 
[5.969s][info][gc,stats    ] Allocation pacing accrued:
[5.969s][info][gc,stats    ]      32 of  2140 ms (  1.5%): main
[5.969s][info][gc,stats    ]      32 of  2140 ms (  1.5%): <total>
[5.969s][info][gc,stats    ]       2 of  2140 ms (  0.1%): <average total>
[5.969s][info][gc,stats    ]      32 of  2140 ms (  1.5%): <average non-zero>
[5.969s][info][gc,stats    ] 
[5.969s][info][gc,metaspace] Metaspace: 1015K(1216K)->1016K(1216K) NonClass: 933K(1024K)->934K(1024K) Class: 81K(192K)->81K(192K)
[5.969s][info][gc,ergo     ] Pacer for Idle. Initial: 20971K, Alloc Tax Rate: 1.0x
[7.296s][info][gc          ] Trigger: Learning 4 of 5. Free (672M) is below initial threshold (716M)
[7.296s][info][gc,ergo     ] Free: 672M, Max: 512K regular, 621M humongous, Frag: 8% external, 0% internal; Reserve: 52736K, Max: 512K
[7.296s][info][gc,start    ] GC(3) Concurrent reset
[7.296s][info][gc,task     ] GC(3) Using 3 of 6 workers for concurrent reset
[7.296s][info][gc,ergo     ] GC(3) Pacer for Reset. Non-Taxable: 1024M
[7.300s][info][gc          ] GC(3) Concurrent reset 3.546ms
[7.300s][info][gc,start    ] GC(3) Pause Init Mark (unload classes)
[7.300s][info][gc,task     ] GC(3) Using 6 of 6 workers for init marking
[7.300s][info][gc,ergo     ] GC(3) Pacer for Mark. Expected Live: 67570K, Free: 672M, Non-Taxable: 68865K, Alloc Tax Rate: 0.1x
[7.300s][info][gc          ] GC(3) Pause Init Mark (unload classes) 0.109ms
[7.300s][info][gc,start    ] GC(3) Concurrent marking roots
[7.300s][info][gc,task     ] GC(3) Using 3 of 6 workers for concurrent marking roots
[7.300s][info][gc          ] GC(3) Concurrent marking roots 0.427ms
[7.300s][info][gc,start    ] GC(3) Concurrent marking (unload classes)
[7.300s][info][gc,task     ] GC(3) Using 3 of 6 workers for concurrent marking
[7.301s][info][gc          ] GC(3) Concurrent marking (unload classes) 0.979ms
[7.301s][info][gc,start    ] GC(3) Pause Final Mark (unload classes)
[7.301s][info][gc,task     ] GC(3) Using 6 of 6 workers for final marking
[7.302s][info][gc,ergo     ] GC(3) Collectable Garbage: 197M (98%), Immediate: 197M (98%), CSet: 0B (0%)
[7.302s][info][gc          ] GC(3) Pause Final Mark (unload classes) 0.186ms
[7.302s][info][gc,start    ] GC(3) Concurrent weak references
[7.302s][info][gc,task     ] GC(3) Using 3 of 6 workers for concurrent weak references
[7.302s][info][gc,ref      ] GC(3) Encountered references: Soft: 92, Weak: 116, Final: 0, Phantom: 7
[7.302s][info][gc,ref      ] GC(3) Discovered  references: Soft: 0, Weak: 84, Final: 0, Phantom: 5
[7.302s][info][gc,ref      ] GC(3) Enqueued    references: Soft: 0, Weak: 0, Final: 0, Phantom: 0
[7.302s][info][gc          ] GC(3) Concurrent weak references 0.084ms
[7.302s][info][gc,start    ] GC(3) Concurrent weak roots
[7.302s][info][gc,task     ] GC(3) Using 3 of 6 workers for concurrent weak root
[7.302s][info][gc          ] GC(3) Concurrent weak roots 0.119ms
[7.302s][info][gc,start    ] GC(3) Concurrent cleanup
[7.302s][info][gc          ] GC(3) Concurrent cleanup 291M->94M(1024M) 0.035ms
[7.302s][info][gc,ergo     ] GC(3) Free: 875M, Max: 512K regular, 757M humongous, Frag: 14% external, 0% internal; Reserve: 52736K, Max: 512K
[7.302s][info][gc,start    ] GC(3) Concurrent class unloading
[7.302s][info][gc,task     ] GC(3) Using 3 of 6 workers for concurrent class unloading
[7.302s][info][gc          ] GC(3) Concurrent class unloading 0.237ms
[7.302s][info][gc,start    ] GC(3) Pause Final Roots
[7.302s][info][gc          ] GC(3) Pause Final Roots 0.021ms
[7.302s][info][gc,ergo     ] Free: 875M, Max: 512K regular, 757M humongous, Frag: 14% external, 0% internal; Reserve: 52736K, Max: 512K
[7.302s][info][gc,stats    ] 
[7.302s][info][gc,stats    ] All times are wall-clock times, except per-root-class counters, that are sum over
[7.302s][info][gc,stats    ] all workers. Dividing the <total> over the root stage time estimates parallelism.
[7.302s][info][gc,stats    ] 
[7.302s][info][gc,stats    ] Concurrent Reset                   3592 us
[7.302s][info][gc,stats    ] Pause Init Mark (G)                 165 us
[7.302s][info][gc,stats    ] Pause Init Mark (N)                 121 us
[7.302s][info][gc,stats    ]   Update Region States               38 us
[7.302s][info][gc,stats    ] Concurrent Mark Roots               449 us, parallelism: 1.56x
[7.302s][info][gc,stats    ]   CMR: <total>                      702 us
[7.302s][info][gc,stats    ]   CMR: Thread Roots                 645 us, workers (us): 190, 131, 323, ---, ---, ---, 
[7.302s][info][gc,stats    ]   CMR: VM Strong Roots                8 us, workers (us):   4,   2,   2, ---, ---, ---, 
[7.302s][info][gc,stats    ]   CMR: CLDG Roots                    50 us, workers (us): ---,  50, ---, ---, ---, ---, 
[7.302s][info][gc,stats    ] Concurrent Marking                 1019 us
[7.302s][info][gc,stats    ] Pause Final Mark (G)                246 us
[7.302s][info][gc,stats    ] Pause Final Mark (N)                201 us
[7.302s][info][gc,stats    ]   Finish Mark                        43 us
[7.302s][info][gc,stats    ]   Update Region States               36 us
[7.302s][info][gc,stats    ]   Choose Collection Set              50 us
[7.302s][info][gc,stats    ]   Rebuild Free Set                   14 us
[7.303s][info][gc,stats    ] Concurrent Weak References           93 us, parallelism: 0.08x
[7.303s][info][gc,stats    ]   CWRF: <total>                       8 us
[7.303s][info][gc,stats    ]   CWRF: Weak References               8 us, workers (us):   1,   6,   0, ---, ---, ---, 
[7.303s][info][gc,stats    ] Concurrent Weak Roots               138 us
[7.303s][info][gc,stats    ]   Roots                              73 us, parallelism: 1.13x
[7.303s][info][gc,stats    ]     CWR: <total>                     83 us
[7.303s][info][gc,stats    ]     CWR: Code Cache Roots            38 us, workers (us):  35,   0,   3, ---, ---, ---, 
[7.303s][info][gc,stats    ]     CWR: VM Weak Roots               43 us, workers (us):  15,  14,  14, ---, ---, ---, 
[7.303s][info][gc,stats    ]     CWR: CLDG Roots                   1 us, workers (us): ---,   1, ---, ---, ---, ---, 
[7.303s][info][gc,stats    ]   Rendezvous                         28 us
[7.303s][info][gc,stats    ] Concurrent Cleanup                   45 us
[7.303s][info][gc,stats    ] Concurrent Class Unloading          251 us
[7.303s][info][gc,stats    ]   Unlink Stale                      162 us
[7.303s][info][gc,stats    ]     System Dictionary                 1 us
[7.303s][info][gc,stats    ]     Weak Class Links                  0 us
[7.303s][info][gc,stats    ]     Code Roots                      160 us
[7.303s][info][gc,stats    ]   Rendezvous                         31 us
[7.303s][info][gc,stats    ]   Purge Unlinked                     26 us
[7.303s][info][gc,stats    ]     Code Roots                       23 us
[7.303s][info][gc,stats    ]     CLDG                              3 us
[7.303s][info][gc,stats    ]     Exception Caches                  0 us
[7.303s][info][gc,stats    ] Pause Final Roots (G)                64 us
[7.303s][info][gc,stats    ] Pause Final Roots (N)                31 us
[7.303s][info][gc,stats    ] Pacing                            15390 us
[7.303s][info][gc,stats    ] 
[7.303s][info][gc,stats    ] Allocation pacing accrued:
[7.303s][info][gc,stats    ]      15 of  1334 ms (  1.2%): main
[7.303s][info][gc,stats    ]      15 of  1334 ms (  1.2%): <total>
[7.303s][info][gc,stats    ]       1 of  1334 ms (  0.1%): <average total>
[7.303s][info][gc,stats    ]      15 of  1334 ms (  1.2%): <average non-zero>
[7.303s][info][gc,stats    ] 
[7.303s][info][gc,metaspace] Metaspace: 1017K(1216K)->1017K(1216K) NonClass: 935K(1024K)->935K(1024K) Class: 81K(192K)->81K(192K)
[7.303s][info][gc,ergo     ] Pacer for Idle. Initial: 20971K, Alloc Tax Rate: 1.0x
[8.833s][info][gc          ] Trigger: Learning 5 of 5. Free (684M) is below initial threshold (716M)
[8.833s][info][gc,ergo     ] Free: 684M, Max: 512K regular, 657M humongous, Frag: 4% external, 0% internal; Reserve: 52736K, Max: 512K
[8.833s][info][gc,start    ] GC(4) Concurrent reset
[8.833s][info][gc,task     ] GC(4) Using 3 of 6 workers for concurrent reset
[8.833s][info][gc,ergo     ] GC(4) Pacer for Reset. Non-Taxable: 1024M
[8.834s][info][gc          ] GC(4) Concurrent reset 0.585ms
[8.834s][info][gc,start    ] GC(4) Pause Init Mark (unload classes)
[8.834s][info][gc,task     ] GC(4) Using 6 of 6 workers for init marking
[8.834s][info][gc,ergo     ] GC(4) Pacer for Mark. Expected Live: 74140K, Free: 684M, Non-Taxable: 70050K, Alloc Tax Rate: 0.1x
[8.834s][info][gc          ] GC(4) Pause Init Mark (unload classes) 0.144ms
[8.834s][info][gc,start    ] GC(4) Concurrent marking roots
[8.834s][info][gc,task     ] GC(4) Using 3 of 6 workers for concurrent marking roots
[8.834s][info][gc          ] GC(4) Concurrent marking roots 0.345ms
[8.834s][info][gc,start    ] GC(4) Concurrent marking (unload classes)
[8.834s][info][gc,task     ] GC(4) Using 3 of 6 workers for concurrent marking
[8.836s][info][gc          ] GC(4) Concurrent marking (unload classes) 1.151ms
[8.836s][info][gc,start    ] GC(4) Pause Final Mark (unload classes)
[8.836s][info][gc,task     ] GC(4) Using 6 of 6 workers for final marking
[8.836s][info][gc,ergo     ] GC(4) Collectable Garbage: 227M (98%), Immediate: 227M (98%), CSet: 0B (0%)
[8.836s][info][gc          ] GC(4) Pause Final Mark (unload classes) 0.219ms
[8.836s][info][gc,start    ] GC(4) Concurrent weak references
[8.836s][info][gc,task     ] GC(4) Using 3 of 6 workers for concurrent weak references
[8.836s][info][gc,ref      ] GC(4) Encountered references: Soft: 92, Weak: 116, Final: 0, Phantom: 7
[8.836s][info][gc,ref      ] GC(4) Discovered  references: Soft: 0, Weak: 66, Final: 0, Phantom: 5
[8.836s][info][gc,ref      ] GC(4) Enqueued    references: Soft: 0, Weak: 0, Final: 0, Phantom: 0
[8.836s][info][gc          ] GC(4) Concurrent weak references 0.145ms
[8.836s][info][gc,start    ] GC(4) Concurrent weak roots
[8.836s][info][gc,task     ] GC(4) Using 3 of 6 workers for concurrent weak root
[8.836s][info][gc          ] GC(4) Concurrent weak roots 0.201ms
[8.836s][info][gc,start    ] GC(4) Concurrent cleanup
[8.836s][info][gc          ] GC(4) Concurrent cleanup 281M->54M(1024M) 0.040ms
[8.836s][info][gc,ergo     ] GC(4) Free: 917M, Max: 512K regular, 808M humongous, Frag: 12% external, 0% internal; Reserve: 52736K, Max: 512K
[8.836s][info][gc,start    ] GC(4) Concurrent class unloading
[8.836s][info][gc,task     ] GC(4) Using 3 of 6 workers for concurrent class unloading
[8.837s][info][gc          ] GC(4) Concurrent class unloading 0.392ms
[8.837s][info][gc,start    ] GC(4) Pause Final Roots
[8.837s][info][gc          ] GC(4) Pause Final Roots 0.019ms
[8.837s][info][gc,ergo     ] Free: 917M, Max: 512K regular, 808M humongous, Frag: 12% external, 0% internal; Reserve: 52736K, Max: 512K
[8.837s][info][gc,stats    ] 
[8.837s][info][gc,stats    ] All times are wall-clock times, except per-root-class counters, that are sum over
[8.837s][info][gc,stats    ] all workers. Dividing the <total> over the root stage time estimates parallelism.
[8.837s][info][gc,stats    ] 
[8.837s][info][gc,stats    ] Concurrent Reset                    605 us
[8.837s][info][gc,stats    ] Pause Init Mark (G)                 184 us
[8.837s][info][gc,stats    ] Pause Init Mark (N)                 154 us
[8.837s][info][gc,stats    ]   Update Region States               88 us
[8.837s][info][gc,stats    ] Concurrent Mark Roots               369 us, parallelism: 1.26x
[8.837s][info][gc,stats    ]   CMR: <total>                      464 us
[8.837s][info][gc,stats    ]   CMR: Thread Roots                 408 us, workers (us): 226, 103,  79, ---, ---, ---, 
[8.837s][info][gc,stats    ]   CMR: VM Strong Roots                6 us, workers (us):   5,   0,   0, ---, ---, ---, 
[8.837s][info][gc,stats    ]   CMR: CLDG Roots                    51 us, workers (us):  51, ---, ---, ---, ---, ---, 
[8.837s][info][gc,stats    ] Concurrent Marking                 1184 us
[8.837s][info][gc,stats    ] Pause Final Mark (G)                303 us
[8.837s][info][gc,stats    ] Pause Final Mark (N)                229 us
[8.837s][info][gc,stats    ]   Finish Mark                        36 us
[8.837s][info][gc,stats    ]   Update Region States               49 us
[8.837s][info][gc,stats    ]   Choose Collection Set              92 us
[8.837s][info][gc,stats    ]   Rebuild Free Set                    9 us
[8.837s][info][gc,stats    ] Concurrent Weak References          153 us, parallelism: 0.05x
[8.837s][info][gc,stats    ]   CWRF: <total>                       8 us
[8.837s][info][gc,stats    ]   CWRF: Weak References               8 us, workers (us):   6,   2,   0, ---, ---, ---, 
[8.837s][info][gc,stats    ] Concurrent Weak Roots               220 us
[8.837s][info][gc,stats    ]   Roots                             120 us, parallelism: 0.72x
[8.837s][info][gc,stats    ]     CWR: <total>                     87 us
[8.837s][info][gc,stats    ]     CWR: Code Cache Roots            41 us, workers (us):   4,  37,   0, ---, ---, ---, 
[8.837s][info][gc,stats    ]     CWR: VM Weak Roots               45 us, workers (us):  26,  18,   0, ---, ---, ---, 
[8.837s][info][gc,stats    ]     CWR: CLDG Roots                   1 us, workers (us):   1, ---, ---, ---, ---, ---, 
[8.837s][info][gc,stats    ]   Rendezvous                         63 us
[8.837s][info][gc,stats    ] Concurrent Cleanup                   50 us
[8.837s][info][gc,stats    ] Concurrent Class Unloading          411 us
[8.837s][info][gc,stats    ]   Unlink Stale                      228 us
[8.837s][info][gc,stats    ]     System Dictionary                 1 us
[8.837s][info][gc,stats    ]     Weak Class Links                  0 us
[8.837s][info][gc,stats    ]     Code Roots                      226 us
[8.837s][info][gc,stats    ]   Rendezvous                         90 us
[8.837s][info][gc,stats    ]   Purge Unlinked                     57 us
[8.837s][info][gc,stats    ]     Code Roots                       53 us
[8.837s][info][gc,stats    ]     CLDG                              3 us
[8.837s][info][gc,stats    ]     Exception Caches                  0 us
[8.837s][info][gc,stats    ] Pause Final Roots (G)                86 us
[8.837s][info][gc,stats    ] Pause Final Roots (N)                28 us
[8.837s][info][gc,stats    ] Pacing                            42566 us
[8.837s][info][gc,stats    ] 
[8.837s][info][gc,stats    ] Allocation pacing accrued:
[8.837s][info][gc,stats    ]      43 of  1535 ms (  2.8%): main
[8.837s][info][gc,stats    ]      43 of  1535 ms (  2.8%): <total>
[8.837s][info][gc,stats    ]       3 of  1535 ms (  0.2%): <average total>
[8.837s][info][gc,stats    ]      43 of  1535 ms (  2.8%): <average non-zero>
[8.837s][info][gc,stats    ] 
[8.837s][info][gc,metaspace] Metaspace: 1019K(1216K)->1019K(1216K) NonClass: 937K(1024K)->937K(1024K) Class: 81K(192K)->81K(192K)
[8.837s][info][gc,ergo     ] Pacer for Idle. Initial: 20971K, Alloc Tax Rate: 1.0x
[13.588s][info][gc          ] Trigger: Average GC time (125.27 ms) is above the time for instantaneous allocation rate (918 MB/s) to deplete free headroom (103M) (spike threshold = 1.80)
[13.588s][info][gc,ergo     ] Free: 154M, Max: 512K regular, 153M humongous, Frag: 1% external, 0% internal; Reserve: 52736K, Max: 512K
[13.588s][info][gc,start    ] GC(5) Concurrent reset
[13.588s][info][gc,task     ] GC(5) Using 3 of 6 workers for concurrent reset
[13.588s][info][gc,ergo     ] GC(5) Pacer for Reset. Non-Taxable: 1024M
[13.588s][info][gc          ] GC(5) Concurrent reset 0.194ms
[13.588s][info][gc,start    ] GC(5) Pause Init Mark (unload classes)
[13.588s][info][gc,task     ] GC(5) Using 6 of 6 workers for init marking
[13.588s][info][gc,ergo     ] GC(5) Pacer for Mark. Expected Live: 69890K, Free: 154M, Non-Taxable: 15825K, Alloc Tax Rate: 0.5x
[13.589s][info][gc          ] GC(5) Pause Init Mark (unload classes) 0.093ms
[13.589s][info][gc,start    ] GC(5) Concurrent marking roots
[13.589s][info][gc,task     ] GC(5) Using 3 of 6 workers for concurrent marking roots
[13.589s][info][gc          ] GC(5) Concurrent marking roots 0.322ms
[13.589s][info][gc,start    ] GC(5) Concurrent marking (unload classes)
[13.589s][info][gc,task     ] GC(5) Using 3 of 6 workers for concurrent marking
[13.590s][info][gc          ] GC(5) Concurrent marking (unload classes) 1.024ms
[13.590s][info][gc,start    ] GC(5) Pause Final Mark (unload classes)
[13.590s][info][gc,task     ] GC(5) Using 6 of 6 workers for final marking
[13.590s][info][gc,ergo     ] GC(5) Collectable Garbage: 690M (99%), Immediate: 690M (99%), CSet: 0B (0%)
[13.590s][info][gc          ] GC(5) Pause Final Mark (unload classes) 0.220ms
[13.590s][info][gc,start    ] GC(5) Concurrent weak references
[13.590s][info][gc,task     ] GC(5) Using 3 of 6 workers for concurrent weak references
[13.590s][info][gc,ref      ] GC(5) Encountered references: Soft: 92, Weak: 116, Final: 0, Phantom: 7
[13.590s][info][gc,ref      ] GC(5) Discovered  references: Soft: 0, Weak: 72, Final: 0, Phantom: 5
[13.590s][info][gc,ref      ] GC(5) Enqueued    references: Soft: 0, Weak: 0, Final: 0, Phantom: 0
[13.590s][info][gc          ] GC(5) Concurrent weak references 0.148ms
[13.590s][info][gc,start    ] GC(5) Concurrent weak roots
[13.590s][info][gc,task     ] GC(5) Using 3 of 6 workers for concurrent weak root
[13.591s][info][gc          ] GC(5) Concurrent weak roots 0.242ms
[13.591s][info][gc,start    ] GC(5) Concurrent cleanup
[13.591s][info][gc          ] GC(5) Concurrent cleanup 799M->109M(1024M) 0.071ms
[13.591s][info][gc,ergo     ] GC(5) Free: 862M, Max: 512K regular, 570M humongous, Frag: 34% external, 0% internal; Reserve: 52736K, Max: 512K
[13.591s][info][gc,start    ] GC(5) Concurrent class unloading
[13.591s][info][gc,task     ] GC(5) Using 3 of 6 workers for concurrent class unloading
[13.591s][info][gc          ] GC(5) Concurrent class unloading 0.413ms
[13.591s][info][gc,start    ] GC(5) Pause Final Roots
[13.591s][info][gc          ] GC(5) Pause Final Roots 0.019ms
[13.591s][info][gc,ergo     ] Free: 862M, Max: 512K regular, 570M humongous, Frag: 34% external, 0% internal; Reserve: 52736K, Max: 512K
[13.591s][info][gc,stats    ] 
[13.591s][info][gc,stats    ] All times are wall-clock times, except per-root-class counters, that are sum over
[13.591s][info][gc,stats    ] all workers. Dividing the <total> over the root stage time estimates parallelism.
[13.591s][info][gc,stats    ] 
[13.591s][info][gc,stats    ] Concurrent Reset                    219 us
[13.591s][info][gc,stats    ] Pause Init Mark (G)                 183 us
[13.591s][info][gc,stats    ] Pause Init Mark (N)                 107 us
[13.591s][info][gc,stats    ]   Update Region States               27 us
[13.591s][info][gc,stats    ] Concurrent Mark Roots               341 us, parallelism: 1.31x
[13.591s][info][gc,stats    ]   CMR: <total>                      446 us
[13.591s][info][gc,stats    ]   CMR: Thread Roots                 389 us, workers (us):  48, 226, 115, ---, ---, ---, 
[13.591s][info][gc,stats    ]   CMR: VM Strong Roots                6 us, workers (us):   5,   0,   0, ---, ---, ---, 
[13.591s][info][gc,stats    ]   CMR: CLDG Roots                    52 us, workers (us):  52, ---, ---, ---, ---, ---, 
[13.591s][info][gc,stats    ] Concurrent Marking                 1050 us
[13.591s][info][gc,stats    ] Pause Final Mark (G)                307 us
[13.591s][info][gc,stats    ] Pause Final Mark (N)                231 us
[13.591s][info][gc,stats    ]   Finish Mark                        45 us
[13.591s][info][gc,stats    ]   Update Region States               84 us
[13.592s][info][gc,stats    ]   Choose Collection Set              51 us
[13.592s][info][gc,stats    ]   Rebuild Free Set                    8 us
[13.592s][info][gc,stats    ] Concurrent Weak References          157 us, parallelism: 0.04x
[13.592s][info][gc,stats    ]   CWRF: <total>                       6 us
[13.592s][info][gc,stats    ]   CWRF: Weak References               6 us, workers (us):   6,   0,   0, ---, ---, ---, 
[13.592s][info][gc,stats    ] Concurrent Weak Roots               260 us
[13.592s][info][gc,stats    ]   Roots                             132 us, parallelism: 0.81x
[13.592s][info][gc,stats    ]     CWR: <total>                    107 us
[13.592s][info][gc,stats    ]     CWR: Code Cache Roots            55 us, workers (us):  51,   5,   0, ---, ---, ---, 
[13.592s][info][gc,stats    ]     CWR: VM Weak Roots               50 us, workers (us):  25,  24,   0, ---, ---, ---, 
[13.592s][info][gc,stats    ]     CWR: CLDG Roots                   1 us, workers (us): ---,   1, ---, ---, ---, ---, 
[13.592s][info][gc,stats    ]   Rendezvous                         92 us
[13.592s][info][gc,stats    ] Concurrent Cleanup                   81 us
[13.592s][info][gc,stats    ] Concurrent Class Unloading          431 us
[13.592s][info][gc,stats    ]   Unlink Stale                      202 us
[13.592s][info][gc,stats    ]     System Dictionary                 1 us
[13.592s][info][gc,stats    ]     Weak Class Links                  0 us
[13.592s][info][gc,stats    ]     Code Roots                      200 us
[13.592s][info][gc,stats    ]   Rendezvous                         87 us
[13.592s][info][gc,stats    ]   Purge Unlinked                    105 us
[13.592s][info][gc,stats    ]     Code Roots                      101 us
[13.592s][info][gc,stats    ]     CLDG                              4 us
[13.592s][info][gc,stats    ]     Exception Caches                  0 us
[13.592s][info][gc,stats    ] Pause Final Roots (G)               113 us
[13.592s][info][gc,stats    ] Pause Final Roots (N)                28 us
[13.592s][info][gc,stats    ] Pacing                           120439 us
[13.592s][info][gc,stats    ] 
[13.592s][info][gc,stats    ] Allocation pacing accrued:
[13.592s][info][gc,stats    ]     120 of  4754 ms (  2.5%): main
[13.592s][info][gc,stats    ]     120 of  4754 ms (  2.5%): <total>
[13.592s][info][gc,stats    ]       9 of  4754 ms (  0.2%): <average total>
[13.592s][info][gc,stats    ]     120 of  4754 ms (  2.5%): <average non-zero>
[13.592s][info][gc,stats    ] 
[13.592s][info][gc,metaspace] Metaspace: 1021K(1216K)->1021K(1216K) NonClass: 939K(1024K)->939K(1024K) Class: 81K(192K)->81K(192K)
[13.592s][info][gc,ergo     ] Pacer for Idle. Initial: 20971K, Alloc Tax Rate: 1.0x
[19.307s][info][gc          ] Trigger: Average GC time (87.68 ms) is above the time for instantaneous allocation rate (926 MB/s) to deplete free headroom (72499K) (spike threshold = 1.79)
[19.307s][info][gc,ergo     ] Free: 122M, Max: 512K regular, 54272K humongous, Frag: 57% external, 0% internal; Reserve: 52736K, Max: 512K
[19.307s][info][gc,start    ] GC(6) Concurrent reset
[19.307s][info][gc,task     ] GC(6) Using 3 of 6 workers for concurrent reset
[19.307s][info][gc,ergo     ] GC(6) Pacer for Reset. Non-Taxable: 1024M
[19.308s][info][gc          ] GC(6) Concurrent reset 0.943ms
[19.308s][info][gc,start    ] GC(6) Pause Init Mark (unload classes)
[19.308s][info][gc,task     ] GC(6) Using 6 of 6 workers for init marking
[19.308s][info][gc,ergo     ] GC(6) Pacer for Mark. Expected Live: 89141K, Free: 122M, Non-Taxable: 12492K, Alloc Tax Rate: 0.9x
[19.308s][info][gc          ] GC(6) Pause Init Mark (unload classes) 0.090ms
[19.308s][info][gc,start    ] GC(6) Concurrent marking roots
[19.308s][info][gc,task     ] GC(6) Using 3 of 6 workers for concurrent marking roots
[19.308s][info][gc          ] GC(6) Concurrent marking roots 0.267ms
[19.308s][info][gc,start    ] GC(6) Concurrent marking (unload classes)
[19.308s][info][gc,task     ] GC(6) Using 3 of 6 workers for concurrent marking
[19.309s][info][gc          ] GC(6) Concurrent marking (unload classes) 0.894ms
[19.309s][info][gc,start    ] GC(6) Pause Final Mark (unload classes)
[19.309s][info][gc,task     ] GC(6) Using 6 of 6 workers for final marking
[19.309s][info][gc,ergo     ] GC(6) Collectable Garbage: 641M (99%), Immediate: 641M (99%), CSet: 0B (0%)
[19.309s][info][gc          ] GC(6) Pause Final Mark (unload classes) 0.194ms
[19.309s][info][gc,start    ] GC(6) Concurrent weak references
[19.309s][info][gc,task     ] GC(6) Using 3 of 6 workers for concurrent weak references
[19.309s][info][gc,ref      ] GC(6) Encountered references: Soft: 92, Weak: 116, Final: 0, Phantom: 7
[19.309s][info][gc,ref      ] GC(6) Discovered  references: Soft: 0, Weak: 70, Final: 0, Phantom: 5
[19.309s][info][gc,ref      ] GC(6) Enqueued    references: Soft: 0, Weak: 0, Final: 0, Phantom: 0
[19.310s][info][gc          ] GC(6) Concurrent weak references 0.177ms
[19.310s][info][gc,start    ] GC(6) Concurrent weak roots
[19.310s][info][gc,task     ] GC(6) Using 3 of 6 workers for concurrent weak root
[19.310s][info][gc          ] GC(6) Concurrent weak roots 0.174ms
[19.310s][info][gc,start    ] GC(6) Concurrent cleanup
[19.310s][info][gc          ] GC(6) Concurrent cleanup 826M->184M(1024M) 0.084ms
[19.310s][info][gc,ergo     ] GC(6) Free: 785M, Max: 512K regular, 246M humongous, Frag: 69% external, 0% internal; Reserve: 52736K, Max: 512K
[19.310s][info][gc,start    ] GC(6) Concurrent class unloading
[19.310s][info][gc,task     ] GC(6) Using 3 of 6 workers for concurrent class unloading
[19.310s][info][gc          ] GC(6) Concurrent class unloading 0.248ms
[19.310s][info][gc,start    ] GC(6) Pause Final Roots
[19.310s][info][gc          ] GC(6) Pause Final Roots 0.016ms
[19.310s][info][gc,ergo     ] Free: 785M, Max: 512K regular, 246M humongous, Frag: 69% external, 0% internal; Reserve: 52736K, Max: 512K
[19.310s][info][gc,stats    ] 
[19.310s][info][gc,stats    ] All times are wall-clock times, except per-root-class counters, that are sum over
[19.310s][info][gc,stats    ] all workers. Dividing the <total> over the root stage time estimates parallelism.
[19.310s][info][gc,stats    ] 
[19.310s][info][gc,stats    ] Concurrent Reset                    966 us
[19.310s][info][gc,stats    ] Pause Init Mark (G)                 138 us
[19.310s][info][gc,stats    ] Pause Init Mark (N)                 105 us
[19.310s][info][gc,stats    ]   Update Region States               28 us
[19.310s][info][gc,stats    ] Concurrent Mark Roots               287 us, parallelism: 1.43x
[19.310s][info][gc,stats    ]   CMR: <total>                      411 us
[19.310s][info][gc,stats    ]   CMR: Thread Roots                 367 us, workers (us):  66,  87, 214, ---, ---, ---, 
[19.310s][info][gc,stats    ]   CMR: VM Strong Roots                6 us, workers (us):   3,   3,   0, ---, ---, ---, 
[19.310s][info][gc,stats    ]   CMR: CLDG Roots                    38 us, workers (us):  38, ---, ---, ---, ---, ---, 
[19.310s][info][gc,stats    ] Concurrent Marking                  914 us
[19.310s][info][gc,stats    ] Pause Final Mark (G)                272 us
[19.310s][info][gc,stats    ] Pause Final Mark (N)                204 us
[19.310s][info][gc,stats    ]   Finish Mark                        74 us
[19.310s][info][gc,stats    ]   Update Region States               37 us
[19.310s][info][gc,stats    ]   Choose Collection Set              48 us
[19.310s][info][gc,stats    ]   Rebuild Free Set                    8 us
[19.310s][info][gc,stats    ] Concurrent Weak References          189 us, parallelism: 0.02x
[19.310s][info][gc,stats    ]   CWRF: <total>                       4 us
[19.310s][info][gc,stats    ]   CWRF: Weak References               4 us, workers (us):   4,   0,   0, ---, ---, ---, 
[19.310s][info][gc,stats    ] Concurrent Weak Roots               195 us
[19.310s][info][gc,stats    ]   Roots                             115 us, parallelism: 1.28x
[19.310s][info][gc,stats    ]     CWR: <total>                    148 us
[19.310s][info][gc,stats    ]     CWR: Code Cache Roots            77 us, workers (us):   0,   9,  68, ---, ---, ---, 
[19.310s][info][gc,stats    ]     CWR: VM Weak Roots               70 us, workers (us):  23,  23,  23, ---, ---, ---, 
[19.310s][info][gc,stats    ]     CWR: CLDG Roots                   1 us, workers (us):   1, ---, ---, ---, ---, ---, 
[19.310s][info][gc,stats    ]   Rendezvous                         35 us
[19.310s][info][gc,stats    ] Concurrent Cleanup                  101 us
[19.310s][info][gc,stats    ] Concurrent Class Unloading          265 us
[19.310s][info][gc,stats    ]   Unlink Stale                      173 us
[19.310s][info][gc,stats    ]     System Dictionary                 1 us
[19.311s][info][gc,stats    ]     Weak Class Links                  0 us
[19.311s][info][gc,stats    ]     Code Roots                      171 us
[19.311s][info][gc,stats    ]   Rendezvous                         28 us
[19.311s][info][gc,stats    ]   Purge Unlinked                     30 us
[19.311s][info][gc,stats    ]     Code Roots                       26 us
[19.311s][info][gc,stats    ]     CLDG                              3 us
[19.311s][info][gc,stats    ]     Exception Caches                  0 us
[19.311s][info][gc,stats    ] Pause Final Roots (G)                52 us
[19.311s][info][gc,stats    ] Pause Final Roots (N)                25 us
[19.311s][info][gc,stats    ] Pacing                            93007 us
[19.311s][info][gc,stats    ] 
[19.311s][info][gc,stats    ] Allocation pacing accrued:
[19.311s][info][gc,stats    ]      93 of  5719 ms (  1.6%): main
[19.311s][info][gc,stats    ]      93 of  5719 ms (  1.6%): <total>
[19.311s][info][gc,stats    ]       7 of  5719 ms (  0.1%): <average total>
[19.311s][info][gc,stats    ]      93 of  5719 ms (  1.6%): <average non-zero>
[19.311s][info][gc,stats    ] 
[19.311s][info][gc,metaspace] Metaspace: 1025K(1216K)->1025K(1216K) NonClass: 943K(1024K)->943K(1024K) Class: 81K(192K)->81K(192K)
[19.311s][info][gc,ergo     ] Pacer for Idle. Initial: 20971K, Alloc Tax Rate: 1.0x
[24.818s][info][gc          ] Trigger: Free (101M) is below minimum threshold (102M)
[24.818s][info][gc,ergo     ] Free: 101M, Max: 512K regular, 54272K humongous, Frag: 48% external, 0% internal; Reserve: 52736K, Max: 512K
[24.818s][info][gc,start    ] GC(7) Concurrent reset
[24.818s][info][gc,task     ] GC(7) Using 3 of 6 workers for concurrent reset
[24.818s][info][gc,ergo     ] GC(7) Pacer for Reset. Non-Taxable: 1024M
[24.819s][info][gc          ] GC(7) Concurrent reset 1.387ms
[24.819s][info][gc,start    ] GC(7) Pause Init Mark (unload classes)
[24.819s][info][gc,task     ] GC(7) Using 6 of 6 workers for init marking
[24.819s][info][gc,ergo     ] GC(7) Pacer for Mark. Expected Live: 119M, Free: 101M, Non-Taxable: 10399K, Alloc Tax Rate: 1.4x
[24.819s][info][gc          ] GC(7) Pause Init Mark (unload classes) 0.078ms
[24.819s][info][gc,start    ] GC(7) Concurrent marking roots
[24.819s][info][gc,task     ] GC(7) Using 3 of 6 workers for concurrent marking roots
[24.820s][info][gc          ] GC(7) Concurrent marking roots 0.283ms
[24.820s][info][gc,start    ] GC(7) Concurrent marking (unload classes)
[24.820s][info][gc,task     ] GC(7) Using 3 of 6 workers for concurrent marking
[24.820s][info][gc          ] GC(7) Concurrent marking (unload classes) 0.772ms
[24.820s][info][gc,start    ] GC(7) Pause Final Mark (unload classes)
[24.820s][info][gc,task     ] GC(7) Using 6 of 6 workers for final marking
[24.821s][info][gc,ergo     ] GC(7) Collectable Garbage: 813M (99%), Immediate: 813M (99%), CSet: 0B (0%)
[24.821s][info][gc          ] GC(7) Pause Final Mark (unload classes) 0.216ms
[24.821s][info][gc,start    ] GC(7) Concurrent weak references
[24.821s][info][gc,task     ] GC(7) Using 3 of 6 workers for concurrent weak references
[24.821s][info][gc,ref      ] GC(7) Encountered references: Soft: 92, Weak: 116, Final: 0, Phantom: 7
[24.821s][info][gc,ref      ] GC(7) Discovered  references: Soft: 0, Weak: 95, Final: 0, Phantom: 5
[24.821s][info][gc,ref      ] GC(7) Enqueued    references: Soft: 0, Weak: 0, Final: 0, Phantom: 0
[24.821s][info][gc          ] GC(7) Concurrent weak references 0.120ms
[24.821s][info][gc,start    ] GC(7) Concurrent weak roots
[24.821s][info][gc,task     ] GC(7) Using 3 of 6 workers for concurrent weak root
[24.821s][info][gc          ] GC(7) Concurrent weak roots 0.181ms
[24.821s][info][gc,start    ] GC(7) Concurrent cleanup
[24.821s][info][gc          ] GC(7) Concurrent cleanup 848M->34M(1024M) 0.086ms
[24.821s][info][gc,ergo     ] GC(7) Free: 936M, Max: 512K regular, 536M humongous, Frag: 43% external, 0% internal; Reserve: 52736K, Max: 512K
[24.821s][info][gc,start    ] GC(7) Concurrent class unloading
[24.821s][info][gc,task     ] GC(7) Using 3 of 6 workers for concurrent class unloading
[24.821s][info][gc          ] GC(7) Concurrent class unloading 0.295ms
[24.821s][info][gc,start    ] GC(7) Pause Final Roots
[24.821s][info][gc          ] GC(7) Pause Final Roots 0.015ms
[24.822s][info][gc,ergo     ] Free: 936M, Max: 512K regular, 536M humongous, Frag: 43% external, 0% internal; Reserve: 52736K, Max: 512K
[24.822s][info][gc,stats    ] 
[24.822s][info][gc,stats    ] All times are wall-clock times, except per-root-class counters, that are sum over
[24.822s][info][gc,stats    ] all workers. Dividing the <total> over the root stage time estimates parallelism.
[24.822s][info][gc,stats    ] 
[24.822s][info][gc,stats    ] Concurrent Reset                   1417 us
[24.822s][info][gc,stats    ] Pause Init Mark (G)                 122 us
[24.822s][info][gc,stats    ] Pause Init Mark (N)                  87 us
[24.822s][info][gc,stats    ]   Update Region States               31 us
[24.822s][info][gc,stats    ] Concurrent Mark Roots               300 us, parallelism: 1.36x
[24.822s][info][gc,stats    ]   CMR: <total>                      408 us
[24.822s][info][gc,stats    ]   CMR: Thread Roots                 361 us, workers (us):  49, 213,  99, ---, ---, ---, 
[24.822s][info][gc,stats    ]   CMR: VM Strong Roots                6 us, workers (us):   2,   2,   2, ---, ---, ---, 
[24.822s][info][gc,stats    ]   CMR: CLDG Roots                    41 us, workers (us):  41, ---, ---, ---, ---, ---, 
[24.822s][info][gc,stats    ] Concurrent Marking                  791 us
[24.822s][info][gc,stats    ] Pause Final Mark (G)                326 us
[24.822s][info][gc,stats    ] Pause Final Mark (N)                226 us
[24.822s][info][gc,stats    ]   Finish Mark                        73 us
[24.822s][info][gc,stats    ]   Update Region States               65 us
[24.822s][info][gc,stats    ]   Choose Collection Set              43 us
[24.822s][info][gc,stats    ]   Rebuild Free Set                    8 us
[24.822s][info][gc,stats    ] Concurrent Weak References          132 us, parallelism: 0.04x
[24.822s][info][gc,stats    ]   CWRF: <total>                       6 us
[24.822s][info][gc,stats    ]   CWRF: Weak References               6 us, workers (us):   4,   1,   0, ---, ---, ---, 
[24.822s][info][gc,stats    ] Concurrent Weak Roots               199 us
[24.822s][info][gc,stats    ]   Roots                             103 us, parallelism: 0.82x
[24.822s][info][gc,stats    ]     CWR: <total>                     84 us
[24.822s][info][gc,stats    ]     CWR: Code Cache Roots            41 us, workers (us):   7,  35,   0, ---, ---, ---, 
[24.822s][info][gc,stats    ]     CWR: VM Weak Roots               42 us, workers (us):  14,  14,  13, ---, ---, ---, 
[24.822s][info][gc,stats    ]     CWR: CLDG Roots                   1 us, workers (us): ---, ---,   1, ---, ---, ---, 
[24.822s][info][gc,stats    ]   Rendezvous                         60 us
[24.822s][info][gc,stats    ] Concurrent Cleanup                   96 us
[24.822s][info][gc,stats    ] Concurrent Class Unloading          313 us
[24.822s][info][gc,stats    ]   Unlink Stale                      188 us
[24.822s][info][gc,stats    ]     System Dictionary                 1 us
[24.822s][info][gc,stats    ]     Weak Class Links                  0 us
[24.822s][info][gc,stats    ]     Code Roots                      186 us
[24.822s][info][gc,stats    ]   Rendezvous                         26 us
[24.822s][info][gc,stats    ]   Purge Unlinked                     64 us
[24.822s][info][gc,stats    ]     Code Roots                       60 us
[24.822s][info][gc,stats    ]     CLDG                              4 us
[24.822s][info][gc,stats    ]     Exception Caches                  0 us
[24.822s][info][gc,stats    ] Pause Final Roots (G)                74 us
[24.822s][info][gc,stats    ] Pause Final Roots (N)                23 us
[24.822s][info][gc,stats    ] Pacing                            93309 us
[24.822s][info][gc,stats    ] 
[24.822s][info][gc,stats    ] Allocation pacing accrued:
[24.822s][info][gc,stats    ]      93 of  5511 ms (  1.7%): main
[24.822s][info][gc,stats    ]      93 of  5511 ms (  1.7%): <total>
[24.822s][info][gc,stats    ]       7 of  5511 ms (  0.1%): <average total>
[24.822s][info][gc,stats    ]      93 of  5511 ms (  1.7%): <average non-zero>
[24.822s][info][gc,stats    ] 
[24.822s][info][gc,metaspace] Metaspace: 1030K(1216K)->1030K(1216K) NonClass: 949K(1024K)->949K(1024K) Class: 81K(192K)->81K(192K)
[24.822s][info][gc,ergo     ] Pacer for Idle. Initial: 20971K, Alloc Tax Rate: 1.0x
[30.777s][info][gc          ] Trigger: Free (31248K) is below minimum threshold (102M)
[30.777s][info][gc,ergo     ] Free: 31248K, Max: 512K regular, 24064K humongous, Frag: 23% external, 1% internal; Reserve: 52736K, Max: 512K
[30.777s][info][gc,start    ] GC(8) Concurrent reset
[30.777s][info][gc,task     ] GC(8) Using 3 of 6 workers for concurrent reset
[30.777s][info][gc,ergo     ] GC(8) Pacer for Reset. Non-Taxable: 1024M
[30.777s][info][gc          ] GC(8) Concurrent reset 0.329ms
[30.777s][info][gc,start    ] GC(8) Pause Init Mark (unload classes)
[30.777s][info][gc,task     ] GC(8) Using 6 of 6 workers for init marking
[30.777s][info][gc,ergo     ] GC(8) Pacer for Mark. Expected Live: 94876K, Free: 31248K, Non-Taxable: 3124K, Alloc Tax Rate: 3.7x
[30.777s][info][gc          ] GC(8) Pause Init Mark (unload classes) 0.144ms
[30.777s][info][gc,start    ] GC(8) Concurrent marking roots
[30.777s][info][gc,task     ] GC(8) Using 3 of 6 workers for concurrent marking roots
[30.778s][info][gc          ] GC(8) Concurrent marking roots 0.348ms
[30.778s][info][gc,start    ] GC(8) Concurrent marking (unload classes)
[30.778s][info][gc,task     ] GC(8) Using 3 of 6 workers for concurrent marking
[30.779s][info][gc          ] GC(8) Concurrent marking (unload classes) 0.750ms
[30.779s][info][gc,start    ] GC(8) Pause Final Mark (unload classes)
[30.779s][info][gc,task     ] GC(8) Using 6 of 6 workers for final marking
[30.779s][info][gc,ergo     ] GC(8) Collectable Garbage: 751M (99%), Immediate: 751M (99%), CSet: 0B (0%)
[30.779s][info][gc          ] GC(8) Pause Final Mark (unload classes) 0.210ms
[30.779s][info][gc,start    ] GC(8) Concurrent weak references
[30.779s][info][gc,task     ] GC(8) Using 3 of 6 workers for concurrent weak references
[30.779s][info][gc,ref      ] GC(8) Encountered references: Soft: 92, Weak: 116, Final: 0, Phantom: 7
[30.779s][info][gc,ref      ] GC(8) Discovered  references: Soft: 0, Weak: 95, Final: 0, Phantom: 5
[30.779s][info][gc,ref      ] GC(8) Enqueued    references: Soft: 0, Weak: 0, Final: 0, Phantom: 0
[30.779s][info][gc          ] GC(8) Concurrent weak references 0.081ms
[30.779s][info][gc,start    ] GC(8) Concurrent weak roots
[30.779s][info][gc,task     ] GC(8) Using 3 of 6 workers for concurrent weak root
[30.779s][info][gc          ] GC(8) Concurrent weak roots 0.171ms
[30.779s][info][gc,start    ] GC(8) Concurrent cleanup
[30.779s][info][gc          ] GC(8) Concurrent cleanup 916M->164M(1024M) 0.073ms
[30.779s][info][gc,ergo     ] GC(8) Free: 805M, Max: 512K regular, 418M humongous, Frag: 49% external, 0% internal; Reserve: 52736K, Max: 512K
[30.779s][info][gc,start    ] GC(8) Concurrent class unloading
[30.779s][info][gc,task     ] GC(8) Using 3 of 6 workers for concurrent class unloading
[30.779s][info][gc          ] GC(8) Concurrent class unloading 0.278ms
[30.780s][info][gc,start    ] GC(8) Pause Final Roots
[30.780s][info][gc          ] GC(8) Pause Final Roots 0.019ms
[30.780s][info][gc,ergo     ] Free: 805M, Max: 512K regular, 418M humongous, Frag: 49% external, 0% internal; Reserve: 52736K, Max: 512K
[30.780s][info][gc,stats    ] 
[30.780s][info][gc,stats    ] All times are wall-clock times, except per-root-class counters, that are sum over
[30.780s][info][gc,stats    ] all workers. Dividing the <total> over the root stage time estimates parallelism.
[30.780s][info][gc,stats    ] 
[30.780s][info][gc,stats    ] Concurrent Reset                    349 us
[30.780s][info][gc,stats    ] Pause Init Mark (G)                 293 us
[30.780s][info][gc,stats    ] Pause Init Mark (N)                 155 us
[30.780s][info][gc,stats    ]   Update Region States               91 us
[30.780s][info][gc,stats    ] Concurrent Mark Roots               367 us, parallelism: 1.00x
[30.780s][info][gc,stats    ]   CMR: <total>                      366 us
[30.780s][info][gc,stats    ]   CMR: Thread Roots                 332 us, workers (us): 217,  49,  66, ---, ---, ---, 
[30.780s][info][gc,stats    ]   CMR: VM Strong Roots                3 us, workers (us):   2,   0,   1, ---, ---, ---, 
[30.780s][info][gc,stats    ]   CMR: CLDG Roots                    31 us, workers (us): ---,  31, ---, ---, ---, ---, 
[30.780s][info][gc,stats    ] Concurrent Marking                  769 us
[30.780s][info][gc,stats    ] Pause Final Mark (G)                242 us
[30.780s][info][gc,stats    ] Pause Final Mark (N)                219 us
[30.780s][info][gc,stats    ]   Finish Mark                        71 us
[30.780s][info][gc,stats    ]   Update Region States               55 us
[30.780s][info][gc,stats    ]   Choose Collection Set              45 us
[30.780s][info][gc,stats    ]   Rebuild Free Set                    8 us
[30.780s][info][gc,stats    ] Concurrent Weak References           90 us, parallelism: 0.07x
[30.780s][info][gc,stats    ]   CWRF: <total>                       7 us
[30.780s][info][gc,stats    ]   CWRF: Weak References               7 us, workers (us):   6,   1,   0, ---, ---, ---, 
[30.780s][info][gc,stats    ] Concurrent Weak Roots               183 us
[30.780s][info][gc,stats    ]   Roots                              97 us, parallelism: 1.16x
[30.780s][info][gc,stats    ]     CWR: <total>                    113 us
[30.780s][info][gc,stats    ]     CWR: Code Cache Roots            61 us, workers (us):  10,  52,   0, ---, ---, ---, 
[30.780s][info][gc,stats    ]     CWR: VM Weak Roots               50 us, workers (us):  21,  21,   9, ---, ---, ---, 
[30.780s][info][gc,stats    ]     CWR: CLDG Roots                   1 us, workers (us): ---, ---,   1, ---, ---, ---, 
[30.780s][info][gc,stats    ]   Rendezvous                         57 us
[30.780s][info][gc,stats    ] Concurrent Cleanup                   83 us
[30.780s][info][gc,stats    ] Concurrent Class Unloading          291 us
[30.780s][info][gc,stats    ]   Unlink Stale                      155 us
[30.780s][info][gc,stats    ]     System Dictionary                 1 us
[30.780s][info][gc,stats    ]     Weak Class Links                  0 us
[30.780s][info][gc,stats    ]     Code Roots                      153 us
[30.780s][info][gc,stats    ]   Rendezvous                         55 us
[30.780s][info][gc,stats    ]   Purge Unlinked                     52 us
[30.780s][info][gc,stats    ]     Code Roots                       49 us
[30.780s][info][gc,stats    ]     CLDG                              3 us
[30.780s][info][gc,stats    ]     Exception Caches                  0 us
[30.780s][info][gc,stats    ] Pause Final Roots (G)               104 us
[30.780s][info][gc,stats    ] Pause Final Roots (N)                29 us
[30.780s][info][gc,stats    ] Pacing                           135308 us
[30.780s][info][gc,stats    ] 
[30.780s][info][gc,stats    ] Allocation pacing accrued:
[30.780s][info][gc,stats    ]     135 of  5958 ms (  2.3%): main
[30.780s][info][gc,stats    ]     135 of  5958 ms (  2.3%): <total>
[30.780s][info][gc,stats    ]      10 of  5958 ms (  0.2%): <average total>
[30.780s][info][gc,stats    ]     135 of  5958 ms (  2.3%): <average non-zero>
[30.780s][info][gc,stats    ] 
[30.780s][info][gc,metaspace] Metaspace: 1059K(1216K)->1059K(1216K) NonClass: 977K(1024K)->977K(1024K) Class: 81K(192K)->81K(192K)
[30.780s][info][gc,ergo     ] Pacer for Idle. Initial: 20971K, Alloc Tax Rate: 1.0x
[36.496s][info][gc          ] Failed to allocate Shared, 100M
[36.496s][info][gc          ] Cancelling GC: Allocation Failure
[36.511s][info][gc          ] Trigger: Handle Allocation Failure
[36.512s][info][gc,ergo     ] Free: 116M, Max: 512K regular, 79872K humongous, Frag: 34% external, 0% internal; Reserve: 52736K, Max: 512K
[36.512s][info][gc,start    ] GC(9) Pause Degenerated GC (Outside of Cycle)
[36.512s][info][gc,task     ] GC(9) Using 6 of 6 workers for stw degenerated gc
[36.512s][info][gc,ref      ] GC(9) Clearing All SoftReferences
[36.513s][info][gc,ref      ] GC(9) Encountered references: Soft: 92, Weak: 116, Final: 0, Phantom: 7
[36.513s][info][gc,ref      ] GC(9) Discovered  references: Soft: 66, Weak: 91, Final: 0, Phantom: 4
[36.513s][info][gc,ref      ] GC(9) Enqueued    references: Soft: 47, Weak: 0, Final: 0, Phantom: 0
[36.513s][info][gc,ergo     ] GC(9) Collectable Garbage: 768M (99%), Immediate: 768M (99%), CSet: 0B (0%)
[36.514s][info][gc,ergo     ] GC(9) Good progress for free space: 906M, need 10485K
[36.514s][info][gc,ergo     ] GC(9) Good progress for used space: 768M, need 512K
[36.514s][info][gc          ] GC(9) Pause Degenerated GC (Outside of Cycle) 833M->64M(1024M) 1.930ms
[36.514s][info][gc,ergo     ] Free: 906M, Max: 512K regular, 632M humongous, Frag: 31% external, 0% internal; Reserve: 52736K, Max: 512K
[36.514s][info][gc,stats    ] 
[36.514s][info][gc,stats    ] All times are wall-clock times, except per-root-class counters, that are sum over
[36.514s][info][gc,stats    ] all workers. Dividing the <total> over the root stage time estimates parallelism.
[36.514s][info][gc,stats    ] 
[36.514s][info][gc,stats    ] Pause Degenerated GC (G)           2014 us
[36.514s][info][gc,stats    ] Pause Degenerated GC (N)           1940 us
[36.514s][info][gc,stats    ]   Degen STW Mark                    536 us, parallelism: 5.36x
[36.514s][info][gc,stats    ]     DSM: <total>                   2875 us
[36.514s][info][gc,stats    ]     DSM: Thread Roots               400 us, workers (us):  37,  36,  49,  53, 224,   2, 
[36.514s][info][gc,stats    ]     DSM: VM Strong Roots              3 us, workers (us):   1,   2,   0,   0,   0,   0, 
[36.514s][info][gc,stats    ]     DSM: CLDG Roots                  45 us, workers (us):   0,   0,   0,   0,   0,  44, 
[36.514s][info][gc,stats    ]     DSM: Parallel Mark             2426 us, workers (us): 452, 451, 440, 434, 236, 414, 
[36.514s][info][gc,stats    ]     System Purge                    341 us
[36.514s][info][gc,stats    ]       Weak References               126 us, parallelism: 0.07x
[36.514s][info][gc,stats    ]         WRP: <total>                  9 us
[36.514s][info][gc,stats    ]         WRP: Weak References          9 us, workers (us):   3,   4,   2,   0,   0,   0, 
[36.514s][info][gc,stats    ]       Unload Classes                120 us, parallelism: 2.17x
[36.514s][info][gc,stats    ]         DCU: <total>                260 us
[36.514s][info][gc,stats    ]         DCU: Unload Code Caches      260 us, workers (us):  47,  48,  48,  58,  45,  14, 
[36.514s][info][gc,stats    ]       Weak Roots                     93 us, parallelism: 0.52x
[36.514s][info][gc,stats    ]         DWR: <total>                 49 us
[36.514s][info][gc,stats    ]         DWR: VM Weak Roots           49 us, workers (us):  11,  11,  10,  10,   6,   1, 
[36.514s][info][gc,stats    ]       CLDG                            0 us
[36.514s][info][gc,stats    ]   Update Region States               81 us
[36.514s][info][gc,stats    ]   Manage GC/TLABs                     2 us
[36.514s][info][gc,stats    ]   Choose Collection Set              49 us
[36.514s][info][gc,stats    ]   Rebuild Free Set                    8 us
[36.514s][info][gc,stats    ]   Cleanup                             6 us
[36.514s][info][gc,stats    ] Pacing                           106528 us
[36.514s][info][gc,stats    ] 
[36.514s][info][gc,stats    ] Allocation pacing accrued:
[36.514s][info][gc,stats    ]     107 of  5734 ms (  1.9%): main
[36.514s][info][gc,stats    ]     107 of  5734 ms (  1.9%): <total>
[36.514s][info][gc,stats    ]       8 of  5734 ms (  0.1%): <average total>
[36.514s][info][gc,stats    ]     107 of  5734 ms (  1.9%): <average non-zero>
[36.514s][info][gc,stats    ] 
[36.514s][info][gc,metaspace] Metaspace: 1059K(1216K)->1059K(1216K) NonClass: 977K(1024K)->977K(1024K) Class: 81K(192K)->81K(192K)
[36.514s][info][gc,ergo     ] Pacer for Idle. Initial: 20971K, Alloc Tax Rate: 1.0x
[42.017s][info][gc          ] Trigger: Average GC time (32.84 ms) is above the time for average allocation rate (141 MB/s) to deplete free headroom (3498K) (margin of error = 1.90)
[42.017s][info][gc,ergo     ] Free headroom: 157M (free) - 52428K (spike) - 102M (penalties) = 3498K
[42.017s][info][gc,ergo     ] Free: 157M, Max: 512K regular, 149M humongous, Frag: 5% external, 0% internal; Reserve: 52736K, Max: 512K
[42.017s][info][gc,start    ] GC(10) Concurrent reset
[42.017s][info][gc,task     ] GC(10) Using 3 of 6 workers for concurrent reset
[42.017s][info][gc,ergo     ] GC(10) Pacer for Reset. Non-Taxable: 1024M
[42.018s][info][gc          ] GC(10) Concurrent reset 0.244ms
[42.033s][info][gc,start    ] GC(10) Pause Init Mark (unload classes)
[42.033s][info][gc,task     ] GC(10) Using 6 of 6 workers for init marking
[42.033s][info][gc,ergo     ] GC(10) Pacer for Mark. Expected Live: 118M, Free: 106M, Non-Taxable: 10907K, Alloc Tax Rate: 1.4x
[42.033s][info][gc          ] GC(10) Pause Init Mark (unload classes) 0.168ms
[42.033s][info][gc,start    ] GC(10) Concurrent marking roots
[42.033s][info][gc,task     ] GC(10) Using 3 of 6 workers for concurrent marking roots
[42.033s][info][gc          ] GC(10) Concurrent marking roots 0.249ms
[42.033s][info][gc,start    ] GC(10) Concurrent marking (unload classes)
[42.033s][info][gc,task     ] GC(10) Using 3 of 6 workers for concurrent marking
[42.034s][info][gc          ] GC(10) Concurrent marking (unload classes) 0.786ms
[42.034s][info][gc,start    ] GC(10) Pause Final Mark (unload classes)
[42.034s][info][gc,task     ] GC(10) Using 6 of 6 workers for final marking
[42.034s][info][gc,ergo     ] GC(10) Collectable Garbage: 656M (99%), Immediate: 656M (99%), CSet: 0B (0%)
[42.034s][info][gc          ] GC(10) Pause Final Mark (unload classes) 0.220ms
[42.034s][info][gc,start    ] GC(10) Concurrent weak references
[42.034s][info][gc,task     ] GC(10) Using 3 of 6 workers for concurrent weak references
[42.034s][info][gc,ref      ] GC(10) Encountered references: Soft: 45, Weak: 116, Final: 0, Phantom: 7
[42.034s][info][gc,ref      ] GC(10) Discovered  references: Soft: 0, Weak: 70, Final: 0, Phantom: 5
[42.034s][info][gc,ref      ] GC(10) Enqueued    references: Soft: 0, Weak: 0, Final: 0, Phantom: 0
[42.034s][info][gc          ] GC(10) Concurrent weak references 0.109ms
[42.034s][info][gc,start    ] GC(10) Concurrent weak roots
[42.034s][info][gc,task     ] GC(10) Using 3 of 6 workers for concurrent weak root
[42.034s][info][gc          ] GC(10) Concurrent weak roots 0.127ms
[42.034s][info][gc,start    ] GC(10) Concurrent cleanup
[42.034s][info][gc          ] GC(10) Concurrent cleanup 841M->185M(1024M) 0.067ms
[42.034s][info][gc,ergo     ] GC(10) Free: 785M, Max: 512K regular, 418M humongous, Frag: 47% external, 0% internal; Reserve: 52736K, Max: 512K
[42.034s][info][gc,start    ] GC(10) Concurrent class unloading
[42.034s][info][gc,task     ] GC(10) Using 3 of 6 workers for concurrent class unloading
[42.035s][info][gc          ] GC(10) Concurrent class unloading 0.238ms
[42.035s][info][gc,start    ] GC(10) Pause Final Roots
[42.035s][info][gc          ] GC(10) Pause Final Roots 0.019ms
[42.035s][info][gc,ergo     ] Free: 785M, Max: 512K regular, 418M humongous, Frag: 47% external, 0% internal; Reserve: 52736K, Max: 512K
[42.035s][info][gc,stats    ] 
[42.035s][info][gc,stats    ] All times are wall-clock times, except per-root-class counters, that are sum over
[42.035s][info][gc,stats    ] all workers. Dividing the <total> over the root stage time estimates parallelism.
[42.035s][info][gc,stats    ] 
[42.035s][info][gc,stats    ] Concurrent Reset                    270 us
[42.035s][info][gc,stats    ] Pause Init Mark (G)               15146 us
[42.035s][info][gc,stats    ] Pause Init Mark (N)                 181 us
[42.035s][info][gc,stats    ]   Update Region States               74 us
[42.035s][info][gc,stats    ] Concurrent Mark Roots               264 us, parallelism: 1.12x
[42.035s][info][gc,stats    ]   CMR: <total>                      296 us
[42.035s][info][gc,stats    ]   CMR: Thread Roots                 261 us, workers (us): 164,  56,  42, ---, ---, ---, 
[42.035s][info][gc,stats    ]   CMR: VM Strong Roots                4 us, workers (us):   3,   1,   0, ---, ---, ---, 
[42.035s][info][gc,stats    ]   CMR: CLDG Roots                    31 us, workers (us):  31, ---, ---, ---, ---, ---, 
[42.035s][info][gc,stats    ] Concurrent Marking                  803 us
[42.035s][info][gc,stats    ] Pause Final Mark (G)                293 us
[42.035s][info][gc,stats    ] Pause Final Mark (N)                229 us
[42.035s][info][gc,stats    ]   Finish Mark                        76 us
[42.035s][info][gc,stats    ]   Update Region States               67 us
[42.035s][info][gc,stats    ]   Choose Collection Set              42 us
[42.035s][info][gc,stats    ]   Rebuild Free Set                    8 us
[42.035s][info][gc,stats    ] Concurrent Weak References          117 us, parallelism: 0.03x
[42.035s][info][gc,stats    ]   CWRF: <total>                       4 us
[42.035s][info][gc,stats    ]   CWRF: Weak References               4 us, workers (us):   3,   1,   0, ---, ---, ---, 
[42.035s][info][gc,stats    ] Concurrent Weak Roots               138 us
[42.035s][info][gc,stats    ]   Roots                              89 us, parallelism: 0.91x
[42.035s][info][gc,stats    ]     CWR: <total>                     81 us
[42.035s][info][gc,stats    ]     CWR: Code Cache Roots            41 us, workers (us):  31,   0,  10, ---, ---, ---, 
[42.035s][info][gc,stats    ]     CWR: VM Weak Roots               40 us, workers (us):  38,   1,   1, ---, ---, ---, 
[42.035s][info][gc,stats    ]     CWR: CLDG Roots                   1 us, workers (us): ---,   1, ---, ---, ---, ---, 
[42.035s][info][gc,stats    ]   Rendezvous                         22 us
[42.035s][info][gc,stats    ] Concurrent Cleanup                   77 us
[42.035s][info][gc,stats    ] Concurrent Class Unloading          253 us
[42.035s][info][gc,stats    ]   Unlink Stale                      141 us
[42.035s][info][gc,stats    ]     System Dictionary                 1 us
[42.035s][info][gc,stats    ]     Weak Class Links                  0 us
[42.035s][info][gc,stats    ]     Code Roots                      139 us
[42.035s][info][gc,stats    ]   Rendezvous                         23 us
[42.035s][info][gc,stats    ]   Purge Unlinked                     57 us
[42.035s][info][gc,stats    ]     Code Roots                       54 us
[42.035s][info][gc,stats    ]     CLDG                              3 us
[42.035s][info][gc,stats    ]     Exception Caches                  0 us
[42.035s][info][gc,stats    ] Pause Final Roots (G)                87 us
[42.035s][info][gc,stats    ] Pause Final Roots (N)                28 us
[42.035s][info][gc,stats    ] 
[42.035s][info][gc,stats    ] Allocation pacing accrued:
[42.035s][info][gc,stats    ]       0 of  5521 ms (  0.0%): <total>
[42.035s][info][gc,stats    ]       0 of  5521 ms (  0.0%): <average total>
[42.035s][info][gc,stats    ] 
[42.035s][info][gc,metaspace] Metaspace: 1066K(1280K)->1066K(1280K) NonClass: 985K(1088K)->985K(1088K) Class: 81K(192K)->81K(192K)
[42.035s][info][gc,ergo     ] Pacer for Idle. Initial: 20971K, Alloc Tax Rate: 1.0x
[46.407s][info][gc          ] Failed to allocate Shared, 100M
[46.407s][info][gc          ] Cancelling GC: Allocation Failure
[46.422s][info][gc          ] Trigger: Handle Allocation Failure
[46.422s][info][gc,ergo     ] Free: 291M, Max: 512K regular, 101376K humongous, Frag: 67% external, 0% internal; Reserve: 52736K, Max: 512K
[46.422s][info][gc,start    ] GC(11) Pause Degenerated GC (Outside of Cycle)
[46.422s][info][gc,task     ] GC(11) Using 6 of 6 workers for stw degenerated gc
[46.423s][info][gc,ref      ] GC(11) Clearing All SoftReferences
[46.423s][info][gc,ref      ] GC(11) Encountered references: Soft: 45, Weak: 116, Final: 0, Phantom: 7
[46.423s][info][gc,ref      ] GC(11) Discovered  references: Soft: 19, Weak: 95, Final: 0, Phantom: 5
[46.423s][info][gc,ref      ] GC(11) Enqueued    references: Soft: 0, Weak: 0, Final: 0, Phantom: 0
[46.423s][info][gc,ergo     ] GC(11) Collectable Garbage: 580M (99%), Immediate: 580M (99%), CSet: 0B (0%)
[46.424s][info][gc,ergo     ] GC(11) Good progress for free space: 888M, need 10485K
[46.424s][info][gc,ergo     ] GC(11) Good progress for used space: 580M, need 512K
[46.424s][info][gc          ] GC(11) Pause Degenerated GC (Outside of Cycle) 661M->81M(1024M) 1.296ms
[46.424s][info][gc,ergo     ] Free: 888M, Max: 512K regular, 448M humongous, Frag: 50% external, 0% internal; Reserve: 52736K, Max: 512K
[46.424s][info][gc,stats    ] 
[46.424s][info][gc,stats    ] All times are wall-clock times, except per-root-class counters, that are sum over
[46.424s][info][gc,stats    ] all workers. Dividing the <total> over the root stage time estimates parallelism.
[46.424s][info][gc,stats    ] 
[46.424s][info][gc,stats    ] Pause Degenerated GC (G)           1345 us
[46.424s][info][gc,stats    ] Pause Degenerated GC (N)           1306 us
[46.424s][info][gc,stats    ]   Degen STW Mark                    508 us, parallelism: 5.33x
[46.424s][info][gc,stats    ]     DSM: <total>                   2704 us
[46.424s][info][gc,stats    ]     DSM: Thread Roots                78 us, workers (us):  17,  10,  21,  11,  16,   2, 
[46.424s][info][gc,stats    ]     DSM: VM Strong Roots              4 us, workers (us):   0,   3,   0,   0,   0,   0, 
[46.424s][info][gc,stats    ]     DSM: CLDG Roots                  40 us, workers (us):   0,   0,   0,   0,   0,  38, 
[46.424s][info][gc,stats    ]     DSM: Parallel Mark             2582 us, workers (us): 437, 438, 429, 439, 432, 406, 
[46.424s][info][gc,stats    ]     System Purge                    173 us
[46.424s][info][gc,stats    ]       Weak References                59 us, parallelism: 0.14x
[46.424s][info][gc,stats    ]         WRP: <total>                  8 us
[46.424s][info][gc,stats    ]         WRP: Weak References          8 us, workers (us):   1,   4,   0,   1,   1,   0, 
[46.424s][info][gc,stats    ]       Unload Classes                 83 us, parallelism: 3.71x
[46.424s][info][gc,stats    ]         DCU: <total>                310 us
[46.424s][info][gc,stats    ]         DCU: Unload Code Caches      310 us, workers (us):  53,  45,  62,  48,  55,  48, 
[46.424s][info][gc,stats    ]       Weak Roots                     29 us, parallelism: 2.19x
[46.424s][info][gc,stats    ]         DWR: <total>                 65 us
[46.424s][info][gc,stats    ]         DWR: VM Weak Roots           65 us, workers (us):  14,  12,  12,  11,  11,   3, 
[46.424s][info][gc,stats    ]       CLDG                            0 us
[46.424s][info][gc,stats    ]   Update Region States               27 us
[46.424s][info][gc,stats    ]   Manage GC/TLABs                     3 us
[46.424s][info][gc,stats    ]   Choose Collection Set              40 us
[46.424s][info][gc,stats    ]   Rebuild Free Set                    8 us
[46.424s][info][gc,stats    ]   Cleanup                             5 us
[46.424s][info][gc,stats    ] Pacing                            45732 us
[46.424s][info][gc,stats    ] 
[46.424s][info][gc,stats    ] Allocation pacing accrued:
[46.424s][info][gc,stats    ]      46 of  4389 ms (  1.0%): main
[46.424s][info][gc,stats    ]      46 of  4389 ms (  1.0%): <total>
[46.424s][info][gc,stats    ]       4 of  4389 ms (  0.1%): <average total>
[46.424s][info][gc,stats    ]      46 of  4389 ms (  1.0%): <average non-zero>
[46.424s][info][gc,stats    ] 
[46.424s][info][gc,metaspace] Metaspace: 1069K(1280K)->1069K(1280K) NonClass: 987K(1088K)->987K(1088K) Class: 81K(192K)->81K(192K)
[46.424s][info][gc,ergo     ] Pacer for Idle. Initial: 20971K, Alloc Tax Rate: 1.0x
[50.526s][info][gc          ] Trigger: Average GC time (35.87 ms) is above the time for average allocation rate (143 MB/s) to deplete free headroom (0B) (margin of error = 2.01)
[50.526s][info][gc,ergo     ] Free headroom: 235M (free) - 52428K (spike) - 194M (penalties) = 0B
[50.526s][info][gc,ergo     ] Free: 235M, Max: 512K regular, 226M humongous, Frag: 4% external, 0% internal; Reserve: 52736K, Max: 512K
[50.526s][info][gc,start    ] GC(12) Concurrent reset
[50.526s][info][gc,task     ] GC(12) Using 3 of 6 workers for concurrent reset
[50.526s][info][gc,ergo     ] GC(12) Pacer for Reset. Non-Taxable: 1024M
[50.527s][info][gc          ] GC(12) Concurrent reset 0.511ms
[50.527s][info][gc,start    ] GC(12) Pause Init Mark (unload classes)
[50.527s][info][gc,task     ] GC(12) Using 6 of 6 workers for init marking
[50.527s][info][gc,ergo     ] GC(12) Pacer for Mark. Expected Live: 160M, Free: 235M, Non-Taxable: 24064K, Alloc Tax Rate: 0.8x
[50.527s][info][gc          ] GC(12) Pause Init Mark (unload classes) 0.137ms
[50.527s][info][gc,start    ] GC(12) Concurrent marking roots
[50.527s][info][gc,task     ] GC(12) Using 3 of 6 workers for concurrent marking roots
[50.527s][info][gc          ] GC(12) Concurrent marking roots 0.315ms
[50.527s][info][gc,start    ] GC(12) Concurrent marking (unload classes)
[50.528s][info][gc,task     ] GC(12) Using 3 of 6 workers for concurrent marking
[50.528s][info][gc          ] GC(12) Concurrent marking (unload classes) 0.763ms
[50.528s][info][gc,start    ] GC(12) Pause Final Mark (unload classes)
[50.528s][info][gc,task     ] GC(12) Using 6 of 6 workers for final marking
[50.528s][info][gc,ergo     ] GC(12) Collectable Garbage: 582M (99%), Immediate: 582M (99%), CSet: 0B (0%)
[50.528s][info][gc          ] GC(12) Pause Final Mark (unload classes) 0.156ms
[50.529s][info][gc,start    ] GC(12) Concurrent weak references
[50.529s][info][gc,task     ] GC(12) Using 3 of 6 workers for concurrent weak references
[50.529s][info][gc,ref      ] GC(12) Encountered references: Soft: 45, Weak: 116, Final: 0, Phantom: 7
[50.529s][info][gc,ref      ] GC(12) Discovered  references: Soft: 0, Weak: 89, Final: 0, Phantom: 5
[50.529s][info][gc,ref      ] GC(12) Enqueued    references: Soft: 0, Weak: 0, Final: 0, Phantom: 0
[50.529s][info][gc          ] GC(12) Concurrent weak references 0.110ms
[50.529s][info][gc,start    ] GC(12) Concurrent weak roots
[50.529s][info][gc,task     ] GC(12) Using 3 of 6 workers for concurrent weak root
[50.529s][info][gc          ] GC(12) Concurrent weak roots 0.170ms
[50.529s][info][gc,start    ] GC(12) Concurrent cleanup
[50.529s][info][gc          ] GC(12) Concurrent cleanup 718M->135M(1024M) 0.062ms
[50.529s][info][gc,ergo     ] GC(12) Free: 834M, Max: 512K regular, 256M humongous, Frag: 70% external, 0% internal; Reserve: 52736K, Max: 512K
[50.529s][info][gc,start    ] GC(12) Concurrent class unloading
[50.529s][info][gc,task     ] GC(12) Using 3 of 6 workers for concurrent class unloading
[50.529s][info][gc          ] GC(12) Concurrent class unloading 0.304ms
[50.529s][info][gc,start    ] GC(12) Pause Final Roots
[50.529s][info][gc          ] GC(12) Pause Final Roots 0.027ms
[50.529s][info][gc,ergo     ] Free: 834M, Max: 512K regular, 256M humongous, Frag: 70% external, 0% internal; Reserve: 52736K, Max: 512K
[50.529s][info][gc,stats    ] 
[50.529s][info][gc,stats    ] All times are wall-clock times, except per-root-class counters, that are sum over
[50.529s][info][gc,stats    ] all workers. Dividing the <total> over the root stage time estimates parallelism.
[50.529s][info][gc,stats    ] 
[50.529s][info][gc,stats    ] Concurrent Reset                    531 us
[50.529s][info][gc,stats    ] Pause Init Mark (G)                 214 us
[50.529s][info][gc,stats    ] Pause Init Mark (N)                 146 us
[50.529s][info][gc,stats    ]   Update Region States               83 us
[50.529s][info][gc,stats    ] Concurrent Mark Roots               334 us, parallelism: 1.08x
[50.529s][info][gc,stats    ]   CMR: <total>                      360 us
[50.529s][info][gc,stats    ]   CMR: Thread Roots                 315 us, workers (us):  48, 198,  69, ---, ---, ---, 
[50.529s][info][gc,stats    ]   CMR: VM Strong Roots               15 us, workers (us):  14,   0,   0, ---, ---, ---, 
[50.529s][info][gc,stats    ]   CMR: CLDG Roots                    30 us, workers (us):  30, ---, ---, ---, ---, ---, 
[50.529s][info][gc,stats    ] Concurrent Marking                  785 us
[50.529s][info][gc,stats    ] Pause Final Mark (G)                235 us
[50.529s][info][gc,stats    ] Pause Final Mark (N)                166 us
[50.529s][info][gc,stats    ]   Finish Mark                        32 us
[50.529s][info][gc,stats    ]   Update Region States               41 us
[50.530s][info][gc,stats    ]   Choose Collection Set              43 us
[50.530s][info][gc,stats    ]   Rebuild Free Set                    9 us
[50.530s][info][gc,stats    ] Concurrent Weak References          118 us, parallelism: 0.05x
[50.530s][info][gc,stats    ]   CWRF: <total>                       6 us
[50.530s][info][gc,stats    ]   CWRF: Weak References               6 us, workers (us):   5,   1,   0, ---, ---, ---, 
[50.530s][info][gc,stats    ] Concurrent Weak Roots               182 us
[50.530s][info][gc,stats    ]   Roots                              97 us, parallelism: 0.96x
[50.530s][info][gc,stats    ]     CWR: <total>                     93 us
[50.530s][info][gc,stats    ]     CWR: Code Cache Roots            51 us, workers (us):   0,  15,  36, ---, ---, ---, 
[50.530s][info][gc,stats    ]     CWR: VM Weak Roots               41 us, workers (us):  38,   2,   1, ---, ---, ---, 
[50.530s][info][gc,stats    ]     CWR: CLDG Roots                   1 us, workers (us):   1, ---, ---, ---, ---, ---, 
[50.530s][info][gc,stats    ]   Rendezvous                         57 us
[50.530s][info][gc,stats    ] Concurrent Cleanup                   71 us
[50.530s][info][gc,stats    ] Concurrent Class Unloading          318 us
[50.530s][info][gc,stats    ]   Unlink Stale                      168 us
[50.530s][info][gc,stats    ]     System Dictionary                 1 us
[50.530s][info][gc,stats    ]     Weak Class Links                  0 us
[50.530s][info][gc,stats    ]     Code Roots                      166 us
[50.530s][info][gc,stats    ]   Rendezvous                         60 us
[50.530s][info][gc,stats    ]   Purge Unlinked                     60 us
[50.530s][info][gc,stats    ]     Code Roots                       57 us
[50.530s][info][gc,stats    ]     CLDG                              3 us
[50.530s][info][gc,stats    ]     Exception Caches                  0 us
[50.530s][info][gc,stats    ] Pause Final Roots (G)                94 us
[50.530s][info][gc,stats    ] Pause Final Roots (N)                36 us
[50.530s][info][gc,stats    ] 
[50.530s][info][gc,stats    ] Allocation pacing accrued:
[50.530s][info][gc,stats    ]       0 of  4106 ms (  0.0%): <total>
[50.530s][info][gc,stats    ]       0 of  4106 ms (  0.0%): <average total>
[50.530s][info][gc,stats    ] 
[50.530s][info][gc,metaspace] Metaspace: 1069K(1280K)->1069K(1280K) NonClass: 987K(1088K)->987K(1088K) Class: 81K(192K)->81K(192K)
[50.530s][info][gc,ergo     ] Pacer for Idle. Initial: 20971K, Alloc Tax Rate: 1.0x
[55.484s][info][gc          ] Trigger: Average GC time (26.34 ms) is above the time for average allocation rate (41447 KB/s) to deplete free headroom (0B) (margin of error = 2.01)
[55.484s][info][gc,ergo     ] Free headroom: 231M (free) - 52428K (spike) - 184M (penalties) = 0B
[55.484s][info][gc,ergo     ] Free: 231M, Max: 512K regular, 220M humongous, Frag: 5% external, 0% internal; Reserve: 52736K, Max: 512K
[55.484s][info][gc,start    ] GC(13) Concurrent reset
[55.484s][info][gc,task     ] GC(13) Using 3 of 6 workers for concurrent reset
[55.484s][info][gc,ergo     ] GC(13) Pacer for Reset. Non-Taxable: 1024M
[55.484s][info][gc          ] GC(13) Concurrent reset 0.355ms
[55.484s][info][gc,start    ] GC(13) Pause Init Mark (unload classes)
[55.484s][info][gc,task     ] GC(13) Using 6 of 6 workers for init marking
[55.484s][info][gc,ergo     ] GC(13) Pacer for Mark. Expected Live: 165M, Free: 231M, Non-Taxable: 23705K, Alloc Tax Rate: 0.9x
[55.484s][info][gc          ] GC(13) Pause Init Mark (unload classes) 0.089ms
[55.484s][info][gc,start    ] GC(13) Concurrent marking roots
[55.485s][info][gc,task     ] GC(13) Using 3 of 6 workers for concurrent marking roots
[55.485s][info][gc          ] GC(13) Concurrent marking roots 0.295ms
[55.485s][info][gc,start    ] GC(13) Concurrent marking (unload classes)
[55.485s][info][gc,task     ] GC(13) Using 3 of 6 workers for concurrent marking
[55.485s][info][gc          ] GC(13) Concurrent marking (unload classes) 0.664ms
[55.485s][info][gc,start    ] GC(13) Pause Final Mark (unload classes)
[55.486s][info][gc,task     ] GC(13) Using 6 of 6 workers for final marking
[55.486s][info][gc,ergo     ] GC(13) Collectable Garbage: 705M (99%), Immediate: 705M (99%), CSet: 0B (0%)
[55.486s][info][gc          ] GC(13) Pause Final Mark (unload classes) 0.138ms
[55.486s][info][gc,start    ] GC(13) Concurrent weak references
[55.486s][info][gc,task     ] GC(13) Using 3 of 6 workers for concurrent weak references
[55.486s][info][gc,ref      ] GC(13) Encountered references: Soft: 45, Weak: 116, Final: 0, Phantom: 7
[55.486s][info][gc,ref      ] GC(13) Discovered  references: Soft: 0, Weak: 84, Final: 0, Phantom: 5
[55.486s][info][gc,ref      ] GC(13) Enqueued    references: Soft: 0, Weak: 0, Final: 0, Phantom: 0
[55.486s][info][gc          ] GC(13) Concurrent weak references 0.092ms
[55.486s][info][gc,start    ] GC(13) Concurrent weak roots
[55.486s][info][gc,task     ] GC(13) Using 3 of 6 workers for concurrent weak root
[55.486s][info][gc          ] GC(13) Concurrent weak roots 0.113ms
[55.486s][info][gc,start    ] GC(13) Concurrent cleanup
[55.486s][info][gc          ] GC(13) Concurrent cleanup 721M->15M(1024M) 0.070ms
[55.486s][info][gc,ergo     ] GC(13) Free: 956M, Max: 512K regular, 466M humongous, Frag: 52% external, 0% internal; Reserve: 52736K, Max: 512K
[55.486s][info][gc,start    ] GC(13) Concurrent class unloading
[55.486s][info][gc,task     ] GC(13) Using 3 of 6 workers for concurrent class unloading
[55.486s][info][gc          ] GC(13) Concurrent class unloading 0.244ms
[55.486s][info][gc,start    ] GC(13) Pause Final Roots
[55.486s][info][gc          ] GC(13) Pause Final Roots 0.015ms
[55.486s][info][gc,ergo     ] Free: 956M, Max: 512K regular, 466M humongous, Frag: 52% external, 0% internal; Reserve: 52736K, Max: 512K
[55.486s][info][gc,stats    ] 
[55.486s][info][gc,stats    ] All times are wall-clock times, except per-root-class counters, that are sum over
[55.486s][info][gc,stats    ] all workers. Dividing the <total> over the root stage time estimates parallelism.
[55.486s][info][gc,stats    ] 
[55.486s][info][gc,stats    ] Concurrent Reset                    375 us
[55.486s][info][gc,stats    ] Pause Init Mark (G)                 169 us
[55.486s][info][gc,stats    ] Pause Init Mark (N)                  98 us
[55.486s][info][gc,stats    ]   Update Region States               51 us
[55.486s][info][gc,stats    ] Concurrent Mark Roots               313 us, parallelism: 1.09x
[55.486s][info][gc,stats    ]   CMR: <total>                      341 us
[55.486s][info][gc,stats    ]   CMR: Thread Roots                 305 us, workers (us):  69,  35, 202, ---, ---, ---, 
[55.486s][info][gc,stats    ]   CMR: VM Strong Roots                5 us, workers (us):   2,   1,   1, ---, ---, ---, 
[55.486s][info][gc,stats    ]   CMR: CLDG Roots                    31 us, workers (us): ---,  31, ---, ---, ---, ---, 
[55.486s][info][gc,stats    ] Concurrent Marking                  681 us
[55.486s][info][gc,stats    ] Pause Final Mark (G)                208 us
[55.486s][info][gc,stats    ] Pause Final Mark (N)                147 us
[55.486s][info][gc,stats    ]   Finish Mark                        34 us
[55.486s][info][gc,stats    ]   Update Region States               27 us
[55.486s][info][gc,stats    ]   Choose Collection Set              43 us
[55.487s][info][gc,stats    ]   Rebuild Free Set                    8 us
[55.487s][info][gc,stats    ] Concurrent Weak References          101 us, parallelism: 0.04x
[55.487s][info][gc,stats    ]   CWRF: <total>                       4 us
[55.487s][info][gc,stats    ]   CWRF: Weak References               4 us, workers (us):   4,   0,   0, ---, ---, ---, 
[55.487s][info][gc,stats    ] Concurrent Weak Roots               124 us
[55.487s][info][gc,stats    ]   Roots                              75 us, parallelism: 1.18x
[55.487s][info][gc,stats    ]     CWR: <total>                     89 us
[55.487s][info][gc,stats    ]     CWR: Code Cache Roots            47 us, workers (us):  13,  33,   0, ---, ---, ---, 
[55.487s][info][gc,stats    ]     CWR: VM Weak Roots               41 us, workers (us):  21,  20,   0, ---, ---, ---, 
[55.487s][info][gc,stats    ]     CWR: CLDG Roots                   1 us, workers (us):   1, ---, ---, ---, ---, ---, 
[55.487s][info][gc,stats    ]   Rendezvous                         21 us
[55.487s][info][gc,stats    ] Concurrent Cleanup                   80 us
[55.487s][info][gc,stats    ] Concurrent Class Unloading          257 us
[55.487s][info][gc,stats    ]   Unlink Stale                      146 us
[55.487s][info][gc,stats    ]     System Dictionary                 1 us
[55.487s][info][gc,stats    ]     Weak Class Links                  0 us
[55.487s][info][gc,stats    ]     Code Roots                      144 us
[55.487s][info][gc,stats    ]   Rendezvous                         21 us
[55.487s][info][gc,stats    ]   Purge Unlinked                     55 us
[55.487s][info][gc,stats    ]     Code Roots                       52 us
[55.487s][info][gc,stats    ]     CLDG                              3 us
[55.487s][info][gc,stats    ]     Exception Caches                  0 us
[55.487s][info][gc,stats    ] Pause Final Roots (G)                44 us
[55.487s][info][gc,stats    ] Pause Final Roots (N)                23 us
[55.487s][info][gc,stats    ] Pacing                            89543 us
[55.487s][info][gc,stats    ] 
[55.487s][info][gc,stats    ] Allocation pacing accrued:
[55.487s][info][gc,stats    ]      90 of  4957 ms (  1.8%): main
[55.487s][info][gc,stats    ]      90 of  4957 ms (  1.8%): <total>
[55.487s][info][gc,stats    ]       7 of  4957 ms (  0.1%): <average total>
[55.487s][info][gc,stats    ]      90 of  4957 ms (  1.8%): <average non-zero>
[55.487s][info][gc,stats    ] 
[55.487s][info][gc,metaspace] Metaspace: 1070K(1280K)->1070K(1280K) NonClass: 989K(1088K)->989K(1088K) Class: 81K(192K)->81K(192K)
[55.487s][info][gc,ergo     ] Pacer for Idle. Initial: 20971K, Alloc Tax Rate: 1.0x
[60.562s][info][gc          ] Trigger: Average GC time (19.01 ms) is above the time for average allocation rate (310 MB/s) to deplete free headroom (0B) (margin of error = 2.00)
[60.562s][info][gc,ergo     ] Free headroom: 199M (free) - 52428K (spike) - 174M (penalties) = 0B
[60.562s][info][gc,ergo     ] Free: 199M, Max: 512K regular, 170M humongous, Frag: 15% external, 0% internal; Reserve: 52736K, Max: 512K
[60.562s][info][gc,start    ] GC(14) Concurrent reset
[60.562s][info][gc,task     ] GC(14) Using 3 of 6 workers for concurrent reset
[60.562s][info][gc,ergo     ] GC(14) Pacer for Reset. Non-Taxable: 1024M
[60.563s][info][gc          ] GC(14) Concurrent reset 0.133ms
[60.563s][info][gc,start    ] GC(14) Pause Init Mark (unload classes)
[60.563s][info][gc,task     ] GC(14) Using 6 of 6 workers for init marking
[60.563s][info][gc,ergo     ] GC(14) Pacer for Mark. Expected Live: 131M, Free: 199M, Non-Taxable: 20377K, Alloc Tax Rate: 0.8x
[60.563s][info][gc          ] GC(14) Pause Init Mark (unload classes) 0.111ms
[60.563s][info][gc,start    ] GC(14) Concurrent marking roots
[60.563s][info][gc,task     ] GC(14) Using 3 of 6 workers for concurrent marking roots
[60.563s][info][gc          ] GC(14) Concurrent marking roots 0.264ms
[60.563s][info][gc,start    ] GC(14) Concurrent marking (unload classes)
[60.563s][info][gc,task     ] GC(14) Using 3 of 6 workers for concurrent marking
[60.564s][info][gc          ] GC(14) Concurrent marking (unload classes) 0.762ms
[60.564s][info][gc,start    ] GC(14) Pause Final Mark (unload classes)
[60.564s][info][gc,task     ] GC(14) Using 6 of 6 workers for final marking
[60.564s][info][gc,ergo     ] GC(14) Collectable Garbage: 641M (99%), Immediate: 641M (99%), CSet: 0B (0%)
[60.564s][info][gc          ] GC(14) Pause Final Mark (unload classes) 0.185ms
[60.564s][info][gc,start    ] GC(14) Concurrent weak references
[60.564s][info][gc,task     ] GC(14) Using 3 of 6 workers for concurrent weak references
[60.564s][info][gc,ref      ] GC(14) Encountered references: Soft: 45, Weak: 116, Final: 0, Phantom: 7
[60.564s][info][gc,ref      ] GC(14) Discovered  references: Soft: 0, Weak: 73, Final: 0, Phantom: 5
[60.564s][info][gc,ref      ] GC(14) Enqueued    references: Soft: 0, Weak: 0, Final: 0, Phantom: 0
[60.564s][info][gc          ] GC(14) Concurrent weak references 0.073ms
[60.564s][info][gc,start    ] GC(14) Concurrent weak roots
[60.564s][info][gc,task     ] GC(14) Using 3 of 6 workers for concurrent weak root
[60.564s][info][gc          ] GC(14) Concurrent weak roots 0.141ms
[60.564s][info][gc,start    ] GC(14) Concurrent cleanup
[60.564s][info][gc          ] GC(14) Concurrent cleanup 752M->110M(1024M) 0.066ms
[60.564s][info][gc,ergo     ] GC(14) Free: 860M, Max: 512K regular, 455M humongous, Frag: 48% external, 0% internal; Reserve: 52736K, Max: 512K
[60.564s][info][gc,start    ] GC(14) Concurrent class unloading
[60.564s][info][gc,task     ] GC(14) Using 3 of 6 workers for concurrent class unloading
[60.565s][info][gc          ] GC(14) Concurrent class unloading 0.222ms
[60.565s][info][gc,start    ] GC(14) Pause Final Roots
[60.565s][info][gc          ] GC(14) Pause Final Roots 0.016ms
[60.565s][info][gc,ergo     ] Free: 860M, Max: 512K regular, 455M humongous, Frag: 48% external, 0% internal; Reserve: 52736K, Max: 512K
[60.565s][info][gc,stats    ] 
[60.565s][info][gc,stats    ] All times are wall-clock times, except per-root-class counters, that are sum over
[60.565s][info][gc,stats    ] all workers. Dividing the <total> over the root stage time estimates parallelism.
[60.565s][info][gc,stats    ] 
[60.565s][info][gc,stats    ] Concurrent Reset                    153 us
[60.565s][info][gc,stats    ] Pause Init Mark (G)                 152 us
[60.565s][info][gc,stats    ] Pause Init Mark (N)                 119 us
[60.565s][info][gc,stats    ]   Update Region States               64 us
[60.565s][info][gc,stats    ] Concurrent Mark Roots               280 us, parallelism: 1.38x
[60.565s][info][gc,stats    ]   CMR: <total>                      387 us
[60.565s][info][gc,stats    ]   CMR: Thread Roots                 350 us, workers (us):  42, 209,  99, ---, ---, ---, 
[60.565s][info][gc,stats    ]   CMR: VM Strong Roots                4 us, workers (us):   4,   0,   0, ---, ---, ---, 
[60.565s][info][gc,stats    ]   CMR: CLDG Roots                    33 us, workers (us):  33, ---, ---, ---, ---, ---, 
[60.565s][info][gc,stats    ] Concurrent Marking                  780 us
[60.565s][info][gc,stats    ] Pause Final Mark (G)                267 us
[60.565s][info][gc,stats    ] Pause Final Mark (N)                195 us
[60.565s][info][gc,stats    ]   Finish Mark                        31 us
[60.565s][info][gc,stats    ]   Update Region States               68 us
[60.565s][info][gc,stats    ]   Choose Collection Set              48 us
[60.565s][info][gc,stats    ]   Rebuild Free Set                    8 us
[60.565s][info][gc,stats    ] Concurrent Weak References           81 us, parallelism: 0.05x
[60.565s][info][gc,stats    ]   CWRF: <total>                       4 us
[60.565s][info][gc,stats    ]   CWRF: Weak References               4 us, workers (us):   3,   1,   0, ---, ---, ---, 
[60.565s][info][gc,stats    ] Concurrent Weak Roots               156 us
[60.565s][info][gc,stats    ]   Roots                              69 us, parallelism: 1.27x
[60.565s][info][gc,stats    ]     CWR: <total>                     88 us
[60.565s][info][gc,stats    ]     CWR: Code Cache Roots            46 us, workers (us):   0,  33,  14, ---, ---, ---, 
[60.565s][info][gc,stats    ]     CWR: VM Weak Roots               41 us, workers (us):  14,  14,  13, ---, ---, ---, 
[60.565s][info][gc,stats    ]     CWR: CLDG Roots                   1 us, workers (us):   1, ---, ---, ---, ---, ---, 
[60.565s][info][gc,stats    ]   Rendezvous                         56 us
[60.565s][info][gc,stats    ] Concurrent Cleanup                   76 us
[60.565s][info][gc,stats    ] Concurrent Class Unloading          240 us
[60.565s][info][gc,stats    ]   Unlink Stale                      153 us
[60.565s][info][gc,stats    ]     System Dictionary                 1 us
[60.565s][info][gc,stats    ]     Weak Class Links                  0 us
[60.565s][info][gc,stats    ]     Code Roots                      152 us
[60.565s][info][gc,stats    ]   Rendezvous                         24 us
[60.565s][info][gc,stats    ]   Purge Unlinked                     25 us
[60.565s][info][gc,stats    ]     Code Roots                       22 us
[60.565s][info][gc,stats    ]     CLDG                              3 us
[60.565s][info][gc,stats    ]     Exception Caches                  0 us
[60.565s][info][gc,stats    ] Pause Final Roots (G)                48 us
[60.565s][info][gc,stats    ] Pause Final Roots (N)                24 us
[60.565s][info][gc,stats    ] Pacing                           108856 us
[60.565s][info][gc,stats    ] 
[60.565s][info][gc,stats    ] Allocation pacing accrued:
[60.565s][info][gc,stats    ]     109 of  5078 ms (  2.1%): main
[60.565s][info][gc,stats    ]     109 of  5078 ms (  2.1%): <total>
[60.565s][info][gc,stats    ]       8 of  5078 ms (  0.2%): <average total>
[60.565s][info][gc,stats    ]     109 of  5078 ms (  2.1%): <average non-zero>
[60.565s][info][gc,stats    ] 
[60.565s][info][gc,metaspace] Metaspace: 1070K(1280K)->1070K(1280K) NonClass: 989K(1088K)->989K(1088K) Class: 81K(192K)->81K(192K)
[60.565s][info][gc,ergo     ] Pacer for Idle. Initial: 20971K, Alloc Tax Rate: 1.0x
[64.872s][info][gc          ] Trigger: Average GC time (13.89 ms) is above the time for average allocation rate (311 MB/s) to deplete free headroom (0B) (margin of error = 2.00)
[64.872s][info][gc,ergo     ] Free headroom: 198M (free) - 52428K (spike) - 163M (penalties) = 0B
[64.872s][info][gc,ergo     ] Free: 198M, Max: 512K regular, 170M humongous, Frag: 15% external, 0% internal; Reserve: 52736K, Max: 512K
[64.873s][info][gc,start    ] GC(15) Concurrent reset
[64.873s][info][gc,task     ] GC(15) Using 3 of 6 workers for concurrent reset
[64.873s][info][gc,ergo     ] GC(15) Pacer for Reset. Non-Taxable: 1024M
[64.873s][info][gc          ] GC(15) Concurrent reset 0.210ms
[64.873s][info][gc,start    ] GC(15) Pause Init Mark (unload classes)
[64.873s][info][gc,task     ] GC(15) Using 6 of 6 workers for init marking
[64.873s][info][gc,ergo     ] GC(15) Pacer for Mark. Expected Live: 146M, Free: 198M, Non-Taxable: 20275K, Alloc Tax Rate: 0.9x
[64.873s][info][gc          ] GC(15) Pause Init Mark (unload classes) 0.103ms
[64.873s][info][gc,start    ] GC(15) Concurrent marking roots
[64.873s][info][gc,task     ] GC(15) Using 3 of 6 workers for concurrent marking roots
[64.873s][info][gc          ] GC(15) Concurrent marking roots 0.259ms
[64.873s][info][gc,start    ] GC(15) Concurrent marking (unload classes)
[64.873s][info][gc,task     ] GC(15) Using 3 of 6 workers for concurrent marking
[64.874s][info][gc          ] GC(15) Concurrent marking (unload classes) 0.709ms
[64.874s][info][gc,start    ] GC(15) Pause Final Mark (unload classes)
[64.874s][info][gc,task     ] GC(15) Using 6 of 6 workers for final marking
[64.874s][info][gc,ergo     ] GC(15) Collectable Garbage: 684M (99%), Immediate: 684M (99%), CSet: 0B (0%)
[64.874s][info][gc          ] GC(15) Pause Final Mark (unload classes) 0.189ms
[64.874s][info][gc,start    ] GC(15) Concurrent weak references
[64.874s][info][gc,task     ] GC(15) Using 3 of 6 workers for concurrent weak references
[64.874s][info][gc,ref      ] GC(15) Encountered references: Soft: 45, Weak: 116, Final: 0, Phantom: 7
[64.874s][info][gc,ref      ] GC(15) Discovered  references: Soft: 0, Weak: 71, Final: 0, Phantom: 5
[64.874s][info][gc,ref      ] GC(15) Enqueued    references: Soft: 0, Weak: 0, Final: 0, Phantom: 0
[64.874s][info][gc          ] GC(15) Concurrent weak references 0.079ms
[64.874s][info][gc,start    ] GC(15) Concurrent weak roots
[64.874s][info][gc,task     ] GC(15) Using 3 of 6 workers for concurrent weak root
[64.874s][info][gc          ] GC(15) Concurrent weak roots 0.147ms
[64.874s][info][gc,start    ] GC(15) Concurrent cleanup
[64.874s][info][gc          ] GC(15) Concurrent cleanup 756M->71M(1024M) 0.068ms
[64.874s][info][gc,ergo     ] GC(15) Free: 899M, Max: 512K regular, 298M humongous, Frag: 67% external, 0% internal; Reserve: 52736K, Max: 512K
[64.874s][info][gc,start    ] GC(15) Concurrent class unloading
[64.874s][info][gc,task     ] GC(15) Using 3 of 6 workers for concurrent class unloading
[64.875s][info][gc          ] GC(15) Concurrent class unloading 0.246ms
[64.875s][info][gc,start    ] GC(15) Pause Final Roots
[64.875s][info][gc          ] GC(15) Pause Final Roots 0.016ms
[64.875s][info][gc,ergo     ] Free: 899M, Max: 512K regular, 298M humongous, Frag: 67% external, 0% internal; Reserve: 52736K, Max: 512K
[64.875s][info][gc,stats    ] 
[64.875s][info][gc,stats    ] All times are wall-clock times, except per-root-class counters, that are sum over
[64.875s][info][gc,stats    ] all workers. Dividing the <total> over the root stage time estimates parallelism.
[64.875s][info][gc,stats    ] 
[64.875s][info][gc,stats    ] Concurrent Reset                    227 us
[64.875s][info][gc,stats    ] Pause Init Mark (G)                 142 us
[64.875s][info][gc,stats    ] Pause Init Mark (N)                 111 us
[64.875s][info][gc,stats    ]   Update Region States               53 us
[64.875s][info][gc,stats    ] Concurrent Mark Roots               274 us, parallelism: 1.19x
[64.875s][info][gc,stats    ]   CMR: <total>                      325 us
[64.875s][info][gc,stats    ]   CMR: Thread Roots                 291 us, workers (us):  74,  36, 181, ---, ---, ---, 
[64.875s][info][gc,stats    ]   CMR: VM Strong Roots                4 us, workers (us):   2,   2,   0, ---, ---, ---, 
[64.875s][info][gc,stats    ]   CMR: CLDG Roots                    30 us, workers (us): ---,  30, ---, ---, ---, ---, 
[64.875s][info][gc,stats    ] Concurrent Marking                  725 us
[64.875s][info][gc,stats    ] Pause Final Mark (G)                240 us
[64.875s][info][gc,stats    ] Pause Final Mark (N)                199 us
[64.875s][info][gc,stats    ]   Finish Mark                        31 us
[64.875s][info][gc,stats    ]   Update Region States               69 us
[64.875s][info][gc,stats    ]   Choose Collection Set              48 us
[64.875s][info][gc,stats    ]   Rebuild Free Set                    8 us
[64.875s][info][gc,stats    ] Concurrent Weak References           87 us, parallelism: 0.04x
[64.875s][info][gc,stats    ]   CWRF: <total>                       4 us
[64.875s][info][gc,stats    ]   CWRF: Weak References               4 us, workers (us):   1,   2,   0, ---, ---, ---, 
[64.875s][info][gc,stats    ] Concurrent Weak Roots               160 us
[64.875s][info][gc,stats    ]   Roots                              74 us, parallelism: 1.20x
[64.875s][info][gc,stats    ]     CWR: <total>                     89 us
[64.875s][info][gc,stats    ]     CWR: Code Cache Roots            47 us, workers (us):  14,  33,   0, ---, ---, ---, 
[64.875s][info][gc,stats    ]     CWR: VM Weak Roots               42 us, workers (us):  21,  20,   0, ---, ---, ---, 
[64.875s][info][gc,stats    ]     CWR: CLDG Roots                   1 us, workers (us):   1, ---, ---, ---, ---, ---, 
[64.875s][info][gc,stats    ]   Rendezvous                         55 us
[64.875s][info][gc,stats    ] Concurrent Cleanup                   77 us
[64.875s][info][gc,stats    ] Concurrent Class Unloading          257 us
[64.875s][info][gc,stats    ]   Unlink Stale                      150 us
[64.875s][info][gc,stats    ]     System Dictionary                 1 us
[64.875s][info][gc,stats    ]     Weak Class Links                  0 us
[64.875s][info][gc,stats    ]     Code Roots                      148 us
[64.875s][info][gc,stats    ]   Rendezvous                         57 us
[64.875s][info][gc,stats    ]   Purge Unlinked                     23 us
[64.875s][info][gc,stats    ]     Code Roots                       20 us
[64.875s][info][gc,stats    ]     CLDG                              2 us
[64.875s][info][gc,stats    ]     Exception Caches                  0 us
[64.875s][info][gc,stats    ] Pause Final Roots (G)                87 us
[64.875s][info][gc,stats    ] Pause Final Roots (N)                25 us
[64.875s][info][gc,stats    ] Pacing                           104219 us
[64.875s][info][gc,stats    ] 
[64.875s][info][gc,stats    ] Allocation pacing accrued:
[64.875s][info][gc,stats    ]     104 of  4310 ms (  2.4%): main
[64.875s][info][gc,stats    ]     104 of  4310 ms (  2.4%): <total>
[64.875s][info][gc,stats    ]       8 of  4310 ms (  0.2%): <average total>
[64.875s][info][gc,stats    ]     104 of  4310 ms (  2.4%): <average non-zero>
[64.875s][info][gc,stats    ] 
[64.875s][info][gc,metaspace] Metaspace: 1070K(1280K)->1070K(1280K) NonClass: 989K(1088K)->989K(1088K) Class: 81K(192K)->81K(192K)
[64.875s][info][gc,ergo     ] Pacer for Idle. Initial: 20971K, Alloc Tax Rate: 1.0x
[70.733s][info][gc          ] Trigger: Average GC time (10.32 ms) is above the time for average allocation rate (236 MB/s) to deplete free headroom (0B) (margin of error = 1.99)
[70.733s][info][gc,ergo     ] Free headroom: 111M (free) - 52428K (spike) - 153M (penalties) = 0B
[70.733s][info][gc,ergo     ] Free: 111M, Max: 512K regular, 78848K humongous, Frag: 31% external, 0% internal; Reserve: 52736K, Max: 512K
[70.734s][info][gc,start    ] GC(16) Concurrent reset
[70.734s][info][gc,task     ] GC(16) Using 3 of 6 workers for concurrent reset
[70.734s][info][gc,ergo     ] GC(16) Pacer for Reset. Non-Taxable: 1024M
[70.734s][info][gc          ] GC(16) Concurrent reset 0.199ms
[70.734s][info][gc,start    ] GC(16) Pause Init Mark (unload classes)
[70.734s][info][gc,task     ] GC(16) Using 6 of 6 workers for init marking
[70.734s][info][gc,ergo     ] GC(16) Pacer for Mark. Expected Live: 115M, Free: 111M, Non-Taxable: 11366K, Alloc Tax Rate: 1.3x
[70.734s][info][gc          ] GC(16) Pause Init Mark (unload classes) 0.095ms
[70.734s][info][gc,start    ] GC(16) Concurrent marking roots
[70.734s][info][gc,task     ] GC(16) Using 3 of 6 workers for concurrent marking roots
[70.734s][info][gc          ] GC(16) Concurrent marking roots 0.307ms
[70.734s][info][gc,start    ] GC(16) Concurrent marking (unload classes)
[70.734s][info][gc,task     ] GC(16) Using 3 of 6 workers for concurrent marking
[70.735s][info][gc          ] GC(16) Concurrent marking (unload classes) 0.910ms
[70.735s][info][gc,start    ] GC(16) Pause Final Mark (unload classes)
[70.735s][info][gc,task     ] GC(16) Using 6 of 6 workers for final marking
[70.735s][info][gc,ergo     ] GC(16) Collectable Garbage: 732M (99%), Immediate: 732M (99%), CSet: 0B (0%)
[70.735s][info][gc          ] GC(16) Pause Final Mark (unload classes) 0.160ms
[70.735s][info][gc,start    ] GC(16) Concurrent weak references
[70.735s][info][gc,task     ] GC(16) Using 3 of 6 workers for concurrent weak references
[70.735s][info][gc,ref      ] GC(16) Encountered references: Soft: 45, Weak: 116, Final: 0, Phantom: 7
[70.735s][info][gc,ref      ] GC(16) Discovered  references: Soft: 0, Weak: 68, Final: 0, Phantom: 5
[70.735s][info][gc,ref      ] GC(16) Enqueued    references: Soft: 0, Weak: 0, Final: 0, Phantom: 0
[70.735s][info][gc          ] GC(16) Concurrent weak references 0.085ms
[70.735s][info][gc,start    ] GC(16) Concurrent weak roots
[70.735s][info][gc,task     ] GC(16) Using 3 of 6 workers for concurrent weak root
[70.736s][info][gc          ] GC(16) Concurrent weak roots 0.138ms
[70.736s][info][gc,start    ] GC(16) Concurrent cleanup
[70.736s][info][gc          ] GC(16) Concurrent cleanup 838M->105M(1024M) 0.085ms
[70.736s][info][gc,ergo     ] GC(16) Free: 866M, Max: 512K regular, 744M humongous, Frag: 15% external, 0% internal; Reserve: 52736K, Max: 512K
[70.736s][info][gc,start    ] GC(16) Concurrent class unloading
[70.736s][info][gc,task     ] GC(16) Using 3 of 6 workers for concurrent class unloading
[70.736s][info][gc          ] GC(16) Concurrent class unloading 0.352ms
[70.736s][info][gc,start    ] GC(16) Pause Final Roots
[70.736s][info][gc          ] GC(16) Pause Final Roots 0.023ms
[70.736s][info][gc,ergo     ] Free: 866M, Max: 512K regular, 744M humongous, Frag: 15% external, 0% internal; Reserve: 52736K, Max: 512K
[70.736s][info][gc,stats    ] 
[70.736s][info][gc,stats    ] All times are wall-clock times, except per-root-class counters, that are sum over
[70.736s][info][gc,stats    ] all workers. Dividing the <total> over the root stage time estimates parallelism.
[70.736s][info][gc,stats    ] 
[70.736s][info][gc,stats    ] Concurrent Reset                    227 us
[70.736s][info][gc,stats    ] Pause Init Mark (G)                 141 us
[70.736s][info][gc,stats    ] Pause Init Mark (N)                 107 us
[70.736s][info][gc,stats    ]   Update Region States               36 us
[70.736s][info][gc,stats    ] Concurrent Mark Roots               330 us, parallelism: 1.33x
[70.736s][info][gc,stats    ]   CMR: <total>                      438 us
[70.736s][info][gc,stats    ]   CMR: Thread Roots                 390 us, workers (us):  87,  91, 211, ---, ---, ---, 
[70.736s][info][gc,stats    ]   CMR: VM Strong Roots                6 us, workers (us):   3,   1,   1, ---, ---, ---, 
[70.736s][info][gc,stats    ]   CMR: CLDG Roots                    43 us, workers (us): ---, ---,  43, ---, ---, ---, 
[70.736s][info][gc,stats    ] Concurrent Marking                  933 us
[70.736s][info][gc,stats    ] Pause Final Mark (G)                195 us
[70.736s][info][gc,stats    ] Pause Final Mark (N)                172 us
[70.736s][info][gc,stats    ]   Finish Mark                        32 us
[70.736s][info][gc,stats    ]   Update Region States               28 us
[70.736s][info][gc,stats    ]   Choose Collection Set              54 us
[70.736s][info][gc,stats    ]   Rebuild Free Set                   12 us
[70.736s][info][gc,stats    ] Concurrent Weak References           96 us, parallelism: 0.07x
[70.736s][info][gc,stats    ]   CWRF: <total>                       7 us
[70.737s][info][gc,stats    ]   CWRF: Weak References               7 us, workers (us):   1,   1,   4, ---, ---, ---, 
[70.737s][info][gc,stats    ] Concurrent Weak Roots               156 us
[70.737s][info][gc,stats    ]   Roots                              93 us, parallelism: 1.45x
[70.737s][info][gc,stats    ]     CWR: <total>                    135 us
[70.737s][info][gc,stats    ]     CWR: Code Cache Roots            73 us, workers (us):   0,  52,  21, ---, ---, ---, 
[70.737s][info][gc,stats    ]     CWR: VM Weak Roots               60 us, workers (us):  20,  20,  20, ---, ---, ---, 
[70.737s][info][gc,stats    ]     CWR: CLDG Roots                   1 us, workers (us):   1, ---, ---, ---, ---, ---, 
[70.737s][info][gc,stats    ]   Rendezvous                         22 us
[70.737s][info][gc,stats    ] Concurrent Cleanup                  102 us
[70.737s][info][gc,stats    ] Concurrent Class Unloading          374 us
[70.737s][info][gc,stats    ]   Unlink Stale                      263 us
[70.737s][info][gc,stats    ]     System Dictionary                 2 us
[70.737s][info][gc,stats    ]     Weak Class Links                  0 us
[70.737s][info][gc,stats    ]     Code Roots                      261 us
[70.737s][info][gc,stats    ]   Rendezvous                         31 us
[70.737s][info][gc,stats    ]   Purge Unlinked                     31 us
[70.737s][info][gc,stats    ]     Code Roots                       29 us
[70.737s][info][gc,stats    ]     CLDG                              2 us
[70.737s][info][gc,stats    ]     Exception Caches                  0 us
[70.737s][info][gc,stats    ] Pause Final Roots (G)                60 us
[70.737s][info][gc,stats    ] Pause Final Roots (N)                36 us
[70.737s][info][gc,stats    ] Pacing                           119435 us
[70.737s][info][gc,stats    ] 
[70.737s][info][gc,stats    ] Allocation pacing accrued:
[70.737s][info][gc,stats    ]     119 of  5862 ms (  2.0%): main
[70.737s][info][gc,stats    ]     119 of  5862 ms (  2.0%): <total>
[70.737s][info][gc,stats    ]       9 of  5862 ms (  0.2%): <average total>
[70.737s][info][gc,stats    ]     119 of  5862 ms (  2.0%): <average non-zero>
[70.737s][info][gc,stats    ] 
[70.737s][info][gc,metaspace] Metaspace: 1070K(1280K)->1070K(1280K) NonClass: 989K(1088K)->989K(1088K) Class: 81K(192K)->81K(192K)
[70.737s][info][gc,ergo     ] Pacer for Idle. Initial: 20971K, Alloc Tax Rate: 1.0x
[75.471s][info][gc          ] Trigger: Average GC time (8.03 ms) is above the time for average allocation rate (112 MB/s) to deplete free headroom (0B) (margin of error = 1.99)
[75.471s][info][gc,ergo     ] Free headroom: 194M (free) - 52428K (spike) - 143M (penalties) = 0B
[75.471s][info][gc,ergo     ] Free: 194M, Max: 512K regular, 116M humongous, Frag: 41% external, 0% internal; Reserve: 52736K, Max: 512K
[75.471s][info][gc,start    ] GC(17) Concurrent reset
[75.471s][info][gc,task     ] GC(17) Using 3 of 6 workers for concurrent reset
[75.471s][info][gc,ergo     ] GC(17) Pacer for Reset. Non-Taxable: 1024M
[75.471s][info][gc          ] GC(17) Concurrent reset 0.196ms
[75.471s][info][gc,start    ] GC(17) Pause Init Mark (unload classes)
[75.471s][info][gc,task     ] GC(17) Using 6 of 6 workers for init marking
[75.471s][info][gc,ergo     ] GC(17) Pacer for Mark. Expected Live: 85791K, Free: 194M, Non-Taxable: 19865K, Alloc Tax Rate: 0.5x
[75.471s][info][gc          ] GC(17) Pause Init Mark (unload classes) 0.076ms
[75.471s][info][gc,start    ] GC(17) Concurrent marking roots
[75.471s][info][gc,task     ] GC(17) Using 3 of 6 workers for concurrent marking roots
[75.472s][info][gc          ] GC(17) Concurrent marking roots 0.269ms
[75.472s][info][gc,start    ] GC(17) Concurrent marking (unload classes)
[75.472s][info][gc,task     ] GC(17) Using 3 of 6 workers for concurrent marking
[75.472s][info][gc          ] GC(17) Concurrent marking (unload classes) 0.836ms
[75.472s][info][gc,start    ] GC(17) Pause Final Mark (unload classes)
[75.472s][info][gc,task     ] GC(17) Using 6 of 6 workers for final marking
[75.473s][info][gc,ergo     ] GC(17) Collectable Garbage: 733M (99%), Immediate: 733M (99%), CSet: 0B (0%)
[75.473s][info][gc          ] GC(17) Pause Final Mark (unload classes) 0.144ms
[75.473s][info][gc,start    ] GC(17) Concurrent weak references
[75.473s][info][gc,task     ] GC(17) Using 3 of 6 workers for concurrent weak references
[75.473s][info][gc,ref      ] GC(17) Encountered references: Soft: 45, Weak: 116, Final: 0, Phantom: 7
[75.473s][info][gc,ref      ] GC(17) Discovered  references: Soft: 0, Weak: 72, Final: 0, Phantom: 5
[75.473s][info][gc,ref      ] GC(17) Enqueued    references: Soft: 0, Weak: 0, Final: 0, Phantom: 0
[75.473s][info][gc          ] GC(17) Concurrent weak references 0.073ms
[75.473s][info][gc,start    ] GC(17) Concurrent weak roots
[75.473s][info][gc,task     ] GC(17) Using 3 of 6 workers for concurrent weak root
[75.473s][info][gc          ] GC(17) Concurrent weak roots 0.111ms
[75.473s][info][gc,start    ] GC(17) Concurrent cleanup
[75.473s][info][gc          ] GC(17) Concurrent cleanup 759M->25M(1024M) 0.074ms
[75.473s][info][gc,ergo     ] GC(17) Free: 945M, Max: 512K regular, 423M humongous, Frag: 56% external, 0% internal; Reserve: 52736K, Max: 512K
[75.473s][info][gc,start    ] GC(17) Concurrent class unloading
[75.473s][info][gc,task     ] GC(17) Using 3 of 6 workers for concurrent class unloading
[75.473s][info][gc          ] GC(17) Concurrent class unloading 0.264ms
[75.473s][info][gc,start    ] GC(17) Pause Final Roots
[75.473s][info][gc          ] GC(17) Pause Final Roots 0.020ms
[75.473s][info][gc,ergo     ] Free: 945M, Max: 512K regular, 423M humongous, Frag: 56% external, 0% internal; Reserve: 52736K, Max: 512K
[75.473s][info][gc,stats    ] 
[75.473s][info][gc,stats    ] All times are wall-clock times, except per-root-class counters, that are sum over
[75.473s][info][gc,stats    ] all workers. Dividing the <total> over the root stage time estimates parallelism.
[75.473s][info][gc,stats    ] 
[75.473s][info][gc,stats    ] Concurrent Reset                    218 us
[75.473s][info][gc,stats    ] Pause Init Mark (G)                 117 us
[75.473s][info][gc,stats    ] Pause Init Mark (N)                  85 us
[75.473s][info][gc,stats    ]   Update Region States               25 us
[75.473s][info][gc,stats    ] Concurrent Mark Roots               286 us, parallelism: 1.38x
[75.473s][info][gc,stats    ]   CMR: <total>                      394 us
[75.473s][info][gc,stats    ]   CMR: Thread Roots                 358 us, workers (us):  47, 218,  93, ---, ---, ---, 
[75.474s][info][gc,stats    ]   CMR: VM Strong Roots                4 us, workers (us):   3,   0,   0, ---, ---, ---, 
[75.474s][info][gc,stats    ]   CMR: CLDG Roots                    32 us, workers (us):  32, ---, ---, ---, ---, ---, 
[75.474s][info][gc,stats    ] Concurrent Marking                  856 us
[75.474s][info][gc,stats    ] Pause Final Mark (G)                191 us
[75.474s][info][gc,stats    ] Pause Final Mark (N)                156 us
[75.474s][info][gc,stats    ]   Finish Mark                        30 us
[75.474s][info][gc,stats    ]   Update Region States               27 us
[75.474s][info][gc,stats    ]   Choose Collection Set              51 us
[75.474s][info][gc,stats    ]   Rebuild Free Set                    9 us
[75.474s][info][gc,stats    ] Concurrent Weak References           82 us, parallelism: 0.06x
[75.474s][info][gc,stats    ]   CWRF: <total>                       5 us
[75.474s][info][gc,stats    ]   CWRF: Weak References               5 us, workers (us):   3,   1,   0, ---, ---, ---, 
[75.474s][info][gc,stats    ] Concurrent Weak Roots               129 us
[75.474s][info][gc,stats    ]   Roots                              69 us, parallelism: 1.30x
[75.474s][info][gc,stats    ]     CWR: <total>                     90 us
[75.474s][info][gc,stats    ]     CWR: Code Cache Roots            49 us, workers (us):  34,   0,  15, ---, ---, ---, 
[75.474s][info][gc,stats    ]     CWR: VM Weak Roots               40 us, workers (us):  15,  13,  13, ---, ---, ---, 
[75.474s][info][gc,stats    ]     CWR: CLDG Roots                   1 us, workers (us): ---,   1, ---, ---, ---, ---, 
[75.474s][info][gc,stats    ]   Rendezvous                         25 us
[75.474s][info][gc,stats    ] Concurrent Cleanup                   85 us
[75.474s][info][gc,stats    ] Concurrent Class Unloading          283 us
[75.474s][info][gc,stats    ]   Unlink Stale                      178 us
[75.474s][info][gc,stats    ]     System Dictionary                 1 us
[75.474s][info][gc,stats    ]     Weak Class Links                  0 us
[75.474s][info][gc,stats    ]     Code Roots                      176 us
[75.474s][info][gc,stats    ]   Rendezvous                         33 us
[75.474s][info][gc,stats    ]   Purge Unlinked                     36 us
[75.474s][info][gc,stats    ]     Code Roots                       32 us
[75.474s][info][gc,stats    ]     CLDG                              4 us
[75.474s][info][gc,stats    ]     Exception Caches                  0 us
[75.474s][info][gc,stats    ] Pause Final Roots (G)                59 us
[75.474s][info][gc,stats    ] Pause Final Roots (N)                32 us
[75.474s][info][gc,stats    ] Pacing                            93218 us
[75.474s][info][gc,stats    ] 
[75.474s][info][gc,stats    ] Allocation pacing accrued:
[75.474s][info][gc,stats    ]      93 of  4737 ms (  2.0%): main
[75.474s][info][gc,stats    ]      93 of  4737 ms (  2.0%): <total>
[75.474s][info][gc,stats    ]       7 of  4737 ms (  0.2%): <average total>
[75.474s][info][gc,stats    ]      93 of  4737 ms (  2.0%): <average non-zero>
[75.474s][info][gc,stats    ] 
[75.474s][info][gc,metaspace] Metaspace: 1070K(1280K)->1070K(1280K) NonClass: 989K(1088K)->989K(1088K) Class: 81K(192K)->81K(192K)
[75.474s][info][gc,ergo     ] Pacer for Idle. Initial: 20971K, Alloc Tax Rate: 1.0x
[81.401s][info][gc          ] Trigger: Average GC time (6.28 ms) is above the time for average allocation rate (60954 KB/s) to deplete free headroom (0B) (margin of error = 1.98)
[81.401s][info][gc,ergo     ] Free headroom: 179M (free) - 52428K (spike) - 133M (penalties) = 0B
[81.401s][info][gc,ergo     ] Free: 179M, Max: 512K regular, 171M humongous, Frag: 5% external, 0% internal; Reserve: 52736K, Max: 512K
[81.401s][info][gc,start    ] GC(18) Concurrent reset
[81.401s][info][gc,task     ] GC(18) Using 3 of 6 workers for concurrent reset
[81.401s][info][gc,ergo     ] GC(18) Pacer for Reset. Non-Taxable: 1024M
[81.401s][info][gc          ] GC(18) Concurrent reset 0.158ms
[81.401s][info][gc,start    ] GC(18) Pause Init Mark (unload classes)
[81.401s][info][gc,task     ] GC(18) Using 6 of 6 workers for init marking
[81.401s][info][gc,ergo     ] GC(18) Pacer for Mark. Expected Live: 63263K, Free: 179M, Non-Taxable: 18380K, Alloc Tax Rate: 0.4x
[81.401s][info][gc          ] GC(18) Pause Init Mark (unload classes) 0.084ms
[81.401s][info][gc,start    ] GC(18) Concurrent marking roots
[81.401s][info][gc,task     ] GC(18) Using 3 of 6 workers for concurrent marking roots
[81.402s][info][gc          ] GC(18) Concurrent marking roots 0.312ms
[81.402s][info][gc,start    ] GC(18) Concurrent marking (unload classes)
[81.402s][info][gc,task     ] GC(18) Using 3 of 6 workers for concurrent marking
[81.403s][info][gc          ] GC(18) Concurrent marking (unload classes) 0.951ms
[81.403s][info][gc,start    ] GC(18) Pause Final Mark (unload classes)
[81.403s][info][gc,task     ] GC(18) Using 6 of 6 workers for final marking
[81.403s][info][gc,ergo     ] GC(18) Collectable Garbage: 596M (99%), Immediate: 596M (99%), CSet: 0B (0%)
[81.403s][info][gc          ] GC(18) Pause Final Mark (unload classes) 0.188ms
[81.403s][info][gc,start    ] GC(18) Concurrent weak references
[81.403s][info][gc,task     ] GC(18) Using 3 of 6 workers for concurrent weak references
[81.403s][info][gc,ref      ] GC(18) Encountered references: Soft: 45, Weak: 116, Final: 0, Phantom: 7
[81.403s][info][gc,ref      ] GC(18) Discovered  references: Soft: 0, Weak: 73, Final: 0, Phantom: 5
[81.403s][info][gc,ref      ] GC(18) Enqueued    references: Soft: 0, Weak: 0, Final: 0, Phantom: 0
[81.403s][info][gc          ] GC(18) Concurrent weak references 0.093ms
[81.403s][info][gc,start    ] GC(18) Concurrent weak roots
[81.403s][info][gc,task     ] GC(18) Using 3 of 6 workers for concurrent weak root
[81.403s][info][gc          ] GC(18) Concurrent weak roots 0.163ms
[81.403s][info][gc,start    ] GC(18) Concurrent cleanup
[81.403s][info][gc          ] GC(18) Concurrent cleanup 767M->170M(1024M) 0.086ms
[81.403s][info][gc,ergo     ] GC(18) Free: 799M, Max: 512K regular, 256M humongous, Frag: 68% external, 0% internal; Reserve: 52736K, Max: 512K
[81.403s][info][gc,start    ] GC(18) Concurrent class unloading
[81.403s][info][gc,task     ] GC(18) Using 3 of 6 workers for concurrent class unloading
[81.404s][info][gc          ] GC(18) Concurrent class unloading 0.312ms
[81.404s][info][gc,start    ] GC(18) Pause Final Roots
[81.404s][info][gc          ] GC(18) Pause Final Roots 0.020ms
[81.404s][info][gc,ergo     ] Free: 799M, Max: 512K regular, 256M humongous, Frag: 68% external, 0% internal; Reserve: 52736K, Max: 512K
[81.404s][info][gc,stats    ] 
[81.404s][info][gc,stats    ] All times are wall-clock times, except per-root-class counters, that are sum over
[81.404s][info][gc,stats    ] all workers. Dividing the <total> over the root stage time estimates parallelism.
[81.404s][info][gc,stats    ] 
[81.404s][info][gc,stats    ] Concurrent Reset                    183 us
[81.404s][info][gc,stats    ] Pause Init Mark (G)                 131 us
[81.404s][info][gc,stats    ] Pause Init Mark (N)                  99 us
[81.404s][info][gc,stats    ]   Update Region States               20 us
[81.404s][info][gc,stats    ] Concurrent Mark Roots               333 us, parallelism: 1.29x
[81.404s][info][gc,stats    ]   CMR: <total>                      430 us
[81.404s][info][gc,stats    ]   CMR: Thread Roots                 384 us, workers (us):  44, 255,  86, ---, ---, ---, 
[81.404s][info][gc,stats    ]   CMR: VM Strong Roots                6 us, workers (us):   3,   1,   2, ---, ---, ---, 
[81.404s][info][gc,stats    ]   CMR: CLDG Roots                    40 us, workers (us):  40, ---, ---, ---, ---, ---, 
[81.404s][info][gc,stats    ] Concurrent Marking                  977 us
[81.404s][info][gc,stats    ] Pause Final Mark (G)                230 us
[81.404s][info][gc,stats    ] Pause Final Mark (N)                202 us
[81.404s][info][gc,stats    ]   Finish Mark                        45 us
[81.404s][info][gc,stats    ]   Update Region States               32 us
[81.404s][info][gc,stats    ]   Choose Collection Set              60 us
[81.404s][info][gc,stats    ]   Rebuild Free Set                   14 us
[81.404s][info][gc,stats    ] Concurrent Weak References          105 us, parallelism: 0.10x
[81.404s][info][gc,stats    ]   CWRF: <total>                      10 us
[81.404s][info][gc,stats    ]   CWRF: Weak References              10 us, workers (us):   8,   1,   1, ---, ---, ---, 
[81.404s][info][gc,stats    ] Concurrent Weak Roots               182 us
[81.404s][info][gc,stats    ]   Roots                             110 us, parallelism: 1.43x
[81.404s][info][gc,stats    ]     CWR: <total>                    157 us
[81.404s][info][gc,stats    ]     CWR: Code Cache Roots            91 us, workers (us):   0,  66,  25, ---, ---, ---, 
[81.404s][info][gc,stats    ]     CWR: VM Weak Roots               65 us, workers (us):  22,  22,  21, ---, ---, ---, 
[81.404s][info][gc,stats    ]     CWR: CLDG Roots                   1 us, workers (us):   1, ---, ---, ---, ---, ---, 
[81.404s][info][gc,stats    ]   Rendezvous                         29 us
[81.404s][info][gc,stats    ] Concurrent Cleanup                  100 us
[81.404s][info][gc,stats    ] Concurrent Class Unloading          334 us
[81.404s][info][gc,stats    ]   Unlink Stale                      230 us
[81.404s][info][gc,stats    ]     System Dictionary                 2 us
[81.404s][info][gc,stats    ]     Weak Class Links                  0 us
[81.404s][info][gc,stats    ]     Code Roots                      227 us
[81.404s][info][gc,stats    ]   Rendezvous                         24 us
[81.404s][info][gc,stats    ]   Purge Unlinked                     34 us
[81.404s][info][gc,stats    ]     Code Roots                       31 us
[81.404s][info][gc,stats    ]     CLDG                              2 us
[81.404s][info][gc,stats    ]     Exception Caches                  0 us
[81.404s][info][gc,stats    ] Pause Final Roots (G)                55 us
[81.404s][info][gc,stats    ] Pause Final Roots (N)                32 us
[81.404s][info][gc,stats    ] Pacing                            94304 us
[81.404s][info][gc,stats    ] 
[81.404s][info][gc,stats    ] Allocation pacing accrued:
[81.404s][info][gc,stats    ]      94 of  5930 ms (  1.6%): main
[81.404s][info][gc,stats    ]      94 of  5930 ms (  1.6%): <total>
[81.404s][info][gc,stats    ]       7 of  5930 ms (  0.1%): <average total>
[81.404s][info][gc,stats    ]      94 of  5930 ms (  1.6%): <average non-zero>
[81.404s][info][gc,stats    ] 
[81.404s][info][gc,metaspace] Metaspace: 1070K(1280K)->1070K(1280K) NonClass: 989K(1088K)->989K(1088K) Class: 81K(192K)->81K(192K)
[81.404s][info][gc,ergo     ] Pacer for Idle. Initial: 20971K, Alloc Tax Rate: 1.0x
[86.347s][info][gc          ] Trigger: Average GC time (5.27 ms) is above the time for average allocation rate (138 MB/s) to deplete free headroom (0B) (margin of error = 1.99)
[86.347s][info][gc,ergo     ] Free headroom: 135M (free) - 52428K (spike) - 122M (penalties) = 0B
[86.347s][info][gc,ergo     ] Free: 135M, Max: 512K regular, 72192K humongous, Frag: 48% external, 0% internal; Reserve: 52736K, Max: 512K
[86.347s][info][gc,start    ] GC(19) Concurrent reset
[86.347s][info][gc,task     ] GC(19) Using 3 of 6 workers for concurrent reset
[86.347s][info][gc,ergo     ] GC(19) Pacer for Reset. Non-Taxable: 1024M
[86.348s][info][gc          ] GC(19) Concurrent reset 0.465ms
[86.348s][info][gc,start    ] GC(19) Pause Init Mark (unload classes)
[86.348s][info][gc,task     ] GC(19) Using 6 of 6 workers for init marking
[86.348s][info][gc,ergo     ] GC(19) Pacer for Mark. Expected Live: 95007K, Free: 135M, Non-Taxable: 13875K, Alloc Tax Rate: 0.8x
[86.348s][info][gc          ] GC(19) Pause Init Mark (unload classes) 0.112ms
[86.348s][info][gc,start    ] GC(19) Concurrent marking roots
[86.348s][info][gc,task     ] GC(19) Using 3 of 6 workers for concurrent marking roots
[86.348s][info][gc          ] GC(19) Concurrent marking roots 0.257ms
[86.348s][info][gc,start    ] GC(19) Concurrent marking (unload classes)
[86.348s][info][gc,task     ] GC(19) Using 3 of 6 workers for concurrent marking
[86.349s][info][gc          ] GC(19) Concurrent marking (unload classes) 0.796ms
[86.349s][info][gc,start    ] GC(19) Pause Final Mark (unload classes)
[86.349s][info][gc,task     ] GC(19) Using 6 of 6 workers for final marking
[86.349s][info][gc,ergo     ] GC(19) Collectable Garbage: 751M (99%), Immediate: 751M (99%), CSet: 0B (0%)
[86.349s][info][gc          ] GC(19) Pause Final Mark (unload classes) 0.253ms
[86.349s][info][gc,start    ] GC(19) Concurrent weak references
[86.349s][info][gc,task     ] GC(19) Using 3 of 6 workers for concurrent weak references
[86.349s][info][gc,ref      ] GC(19) Encountered references: Soft: 45, Weak: 116, Final: 0, Phantom: 7
[86.349s][info][gc,ref      ] GC(19) Discovered  references: Soft: 0, Weak: 68, Final: 0, Phantom: 5
[86.349s][info][gc,ref      ] GC(19) Enqueued    references: Soft: 0, Weak: 0, Final: 0, Phantom: 0
[86.349s][info][gc          ] GC(19) Concurrent weak references 0.094ms
[86.349s][info][gc,start    ] GC(19) Concurrent weak roots
[86.349s][info][gc,task     ] GC(19) Using 3 of 6 workers for concurrent weak root
[86.350s][info][gc          ] GC(19) Concurrent weak roots 0.150ms
[86.350s][info][gc,start    ] GC(19) Concurrent cleanup
[86.350s][info][gc          ] GC(19) Concurrent cleanup 817M->65M(1024M) 0.086ms
[86.350s][info][gc,ergo     ] GC(19) Free: 906M, Max: 512K regular, 306M humongous, Frag: 67% external, 0% internal; Reserve: 52736K, Max: 512K
[86.350s][info][gc,start    ] GC(19) Concurrent class unloading
[86.350s][info][gc,task     ] GC(19) Using 3 of 6 workers for concurrent class unloading
[86.350s][info][gc          ] GC(19) Concurrent class unloading 0.295ms
[86.350s][info][gc,start    ] GC(19) Pause Final Roots
[86.350s][info][gc          ] GC(19) Pause Final Roots 0.017ms
[86.350s][info][gc,ergo     ] Free: 906M, Max: 512K regular, 306M humongous, Frag: 67% external, 0% internal; Reserve: 52736K, Max: 512K
[86.350s][info][gc,stats    ] 
[86.350s][info][gc,stats    ] All times are wall-clock times, except per-root-class counters, that are sum over
[86.350s][info][gc,stats    ] all workers. Dividing the <total> over the root stage time estimates parallelism.
[86.350s][info][gc,stats    ] 
[86.350s][info][gc,stats    ] Concurrent Reset                    485 us
[86.350s][info][gc,stats    ] Pause Init Mark (G)                 163 us
[86.350s][info][gc,stats    ] Pause Init Mark (N)                 121 us
[86.350s][info][gc,stats    ]   Update Region States               34 us
[86.350s][info][gc,stats    ] Concurrent Mark Roots               272 us, parallelism: 1.23x
[86.350s][info][gc,stats    ]   CMR: <total>                      334 us
[86.350s][info][gc,stats    ]   CMR: Thread Roots                 294 us, workers (us):  60,  69, 164, ---, ---, ---, 
[86.350s][info][gc,stats    ]   CMR: VM Strong Roots                5 us, workers (us):   3,   1,   0, ---, ---, ---, 
[86.350s][info][gc,stats    ]   CMR: CLDG Roots                    35 us, workers (us): ---, ---,  35, ---, ---, ---, 
[86.350s][info][gc,stats    ] Concurrent Marking                  824 us
[86.350s][info][gc,stats    ] Pause Final Mark (G)                310 us
[86.350s][info][gc,stats    ] Pause Final Mark (N)                270 us
[86.350s][info][gc,stats    ]   Finish Mark                        56 us
[86.350s][info][gc,stats    ]   Update Region States               59 us
[86.350s][info][gc,stats    ]   Choose Collection Set              77 us
[86.350s][info][gc,stats    ]   Rebuild Free Set                   16 us
[86.350s][info][gc,stats    ] Concurrent Weak References          104 us, parallelism: 0.07x
[86.350s][info][gc,stats    ]   CWRF: <total>                       8 us
[86.350s][info][gc,stats    ]   CWRF: Weak References               8 us, workers (us):   7,   0,   0, ---, ---, ---, 
[86.350s][info][gc,stats    ] Concurrent Weak Roots               165 us
[86.350s][info][gc,stats    ]   Roots                              96 us, parallelism: 1.37x
[86.350s][info][gc,stats    ]     CWR: <total>                    131 us
[86.350s][info][gc,stats    ]     CWR: Code Cache Roots            77 us, workers (us):  23,  54,   0, ---, ---, ---, 
[86.350s][info][gc,stats    ]     CWR: VM Weak Roots               53 us, workers (us):  21,  17,  16, ---, ---, ---, 
[86.350s][info][gc,stats    ]     CWR: CLDG Roots                   1 us, workers (us): ---, ---,   1, ---, ---, ---, 
[86.350s][info][gc,stats    ]   Rendezvous                         30 us
[86.350s][info][gc,stats    ] Concurrent Cleanup                  100 us
[86.350s][info][gc,stats    ] Concurrent Class Unloading          313 us
[86.350s][info][gc,stats    ]   Unlink Stale                      172 us
[86.350s][info][gc,stats    ]     System Dictionary                 2 us
[86.350s][info][gc,stats    ]     Weak Class Links                  0 us
[86.350s][info][gc,stats    ]     Code Roots                      170 us
[86.350s][info][gc,stats    ]   Rendezvous                         74 us
[86.350s][info][gc,stats    ]   Purge Unlinked                     31 us
[86.350s][info][gc,stats    ]     Code Roots                       28 us
[86.350s][info][gc,stats    ]     CLDG                              3 us
[86.350s][info][gc,stats    ]     Exception Caches                  0 us
[86.350s][info][gc,stats    ] Pause Final Roots (G)                50 us
[86.350s][info][gc,stats    ] Pause Final Roots (N)                26 us
[86.350s][info][gc,stats    ] Pacing                            92535 us
[86.350s][info][gc,stats    ] 
[86.350s][info][gc,stats    ] Allocation pacing accrued:
[86.350s][info][gc,stats    ]      93 of  4946 ms (  1.9%): main
[86.350s][info][gc,stats    ]      93 of  4946 ms (  1.9%): <total>
[86.350s][info][gc,stats    ]       7 of  4946 ms (  0.1%): <average total>
[86.350s][info][gc,stats    ]      93 of  4946 ms (  1.9%): <average non-zero>
[86.351s][info][gc,stats    ] 
[86.351s][info][gc,metaspace] Metaspace: 1070K(1280K)->1070K(1280K) NonClass: 989K(1088K)->989K(1088K) Class: 81K(192K)->81K(192K)
[86.351s][info][gc,ergo     ] Pacer for Idle. Initial: 20971K, Alloc Tax Rate: 1.0x
[92.019s][info][gc          ] Trigger: Average GC time (4.60 ms) is above the time for average allocation rate (93460 KB/s) to deplete free headroom (0B) (margin of error = 1.98)
[92.019s][info][gc,ergo     ] Free headroom: 156M (free) - 52428K (spike) - 112M (penalties) = 0B
[92.019s][info][gc,ergo     ] Free: 156M, Max: 512K regular, 153M humongous, Frag: 3% external, 0% internal; Reserve: 52736K, Max: 512K
[92.019s][info][gc,start    ] GC(20) Concurrent reset
[92.019s][info][gc,task     ] GC(20) Using 3 of 6 workers for concurrent reset
[92.019s][info][gc,ergo     ] GC(20) Pacer for Reset. Non-Taxable: 1024M
[92.020s][info][gc          ] GC(20) Concurrent reset 0.192ms
[92.020s][info][gc,start    ] GC(20) Pause Init Mark (unload classes)
[92.020s][info][gc,task     ] GC(20) Using 6 of 6 workers for init marking
[92.020s][info][gc,ergo     ] GC(20) Pacer for Mark. Expected Live: 85791K, Free: 156M, Non-Taxable: 16025K, Alloc Tax Rate: 0.7x
[92.020s][info][gc          ] GC(20) Pause Init Mark (unload classes) 0.115ms
[92.020s][info][gc,start    ] GC(20) Concurrent marking roots
[92.020s][info][gc,task     ] GC(20) Using 3 of 6 workers for concurrent marking roots
[92.020s][info][gc          ] GC(20) Concurrent marking roots 0.332ms
[92.020s][info][gc,start    ] GC(20) Concurrent marking (unload classes)
[92.020s][info][gc,task     ] GC(20) Using 3 of 6 workers for concurrent marking
[92.021s][info][gc          ] GC(20) Concurrent marking (unload classes) 1.121ms
[92.021s][info][gc,start    ] GC(20) Pause Final Mark (unload classes)
[92.021s][info][gc,task     ] GC(20) Using 6 of 6 workers for final marking
[92.022s][info][gc,ergo     ] GC(20) Collectable Garbage: 656M (99%), Immediate: 656M (99%), CSet: 0B (0%)
[92.022s][info][gc          ] GC(20) Pause Final Mark (unload classes) 0.209ms
[92.022s][info][gc,start    ] GC(20) Concurrent weak references
[92.022s][info][gc,task     ] GC(20) Using 3 of 6 workers for concurrent weak references
[92.022s][info][gc,ref      ] GC(20) Encountered references: Soft: 45, Weak: 116, Final: 0, Phantom: 7
[92.022s][info][gc,ref      ] GC(20) Discovered  references: Soft: 0, Weak: 95, Final: 0, Phantom: 5
[92.022s][info][gc,ref      ] GC(20) Enqueued    references: Soft: 0, Weak: 0, Final: 0, Phantom: 0
[92.022s][info][gc          ] GC(20) Concurrent weak references 0.114ms
[92.022s][info][gc,start    ] GC(20) Concurrent weak roots
[92.022s][info][gc,task     ] GC(20) Using 3 of 6 workers for concurrent weak root
[92.022s][info][gc          ] GC(20) Concurrent weak roots 0.177ms
[92.022s][info][gc,start    ] GC(20) Concurrent cleanup
[92.022s][info][gc          ] GC(20) Concurrent cleanup 792M->135M(1024M) 0.096ms
[92.022s][info][gc,ergo     ] GC(20) Free: 835M, Max: 512K regular, 434M humongous, Frag: 49% external, 0% internal; Reserve: 52736K, Max: 512K
[92.022s][info][gc,start    ] GC(20) Concurrent class unloading
[92.022s][info][gc,task     ] GC(20) Using 3 of 6 workers for concurrent class unloading
[92.022s][info][gc          ] GC(20) Concurrent class unloading 0.373ms
[92.022s][info][gc,start    ] GC(20) Pause Final Roots
[92.022s][info][gc          ] GC(20) Pause Final Roots 0.024ms
[92.023s][info][gc,ergo     ] Free: 835M, Max: 512K regular, 434M humongous, Frag: 49% external, 0% internal; Reserve: 52736K, Max: 512K
[92.023s][info][gc,stats    ] 
[92.023s][info][gc,stats    ] All times are wall-clock times, except per-root-class counters, that are sum over
[92.023s][info][gc,stats    ] all workers. Dividing the <total> over the root stage time estimates parallelism.
[92.023s][info][gc,stats    ] 
[92.023s][info][gc,stats    ] Concurrent Reset                    221 us
[92.023s][info][gc,stats    ] Pause Init Mark (G)                 169 us
[92.023s][info][gc,stats    ] Pause Init Mark (N)                 129 us
[92.023s][info][gc,stats    ]   Update Region States               51 us
[92.023s][info][gc,stats    ] Concurrent Mark Roots               349 us, parallelism: 1.29x
[92.023s][info][gc,stats    ]   CMR: <total>                      451 us
[92.023s][info][gc,stats    ]   CMR: Thread Roots                 403 us, workers (us):  38, 277,  89, ---, ---, ---, 
[92.023s][info][gc,stats    ]   CMR: VM Strong Roots                4 us, workers (us):   4,   0,   0, ---, ---, ---, 
[92.023s][info][gc,stats    ]   CMR: CLDG Roots                    43 us, workers (us):  43, ---, ---, ---, ---, ---, 
[92.023s][info][gc,stats    ] Concurrent Marking                 1155 us
[92.023s][info][gc,stats    ] Pause Final Mark (G)                265 us
[92.023s][info][gc,stats    ] Pause Final Mark (N)                224 us
[92.023s][info][gc,stats    ]   Finish Mark                        48 us
[92.023s][info][gc,stats    ]   Update Region States               43 us
[92.023s][info][gc,stats    ]   Choose Collection Set              68 us
[92.023s][info][gc,stats    ]   Rebuild Free Set                   16 us
[92.023s][info][gc,stats    ] Concurrent Weak References          127 us, parallelism: 0.09x
[92.023s][info][gc,stats    ]   CWRF: <total>                      12 us
[92.023s][info][gc,stats    ]   CWRF: Weak References              12 us, workers (us):  10,   0,   2, ---, ---, ---, 
[92.023s][info][gc,stats    ] Concurrent Weak Roots               195 us
[92.023s][info][gc,stats    ]   Roots                             117 us, parallelism: 1.30x
[92.023s][info][gc,stats    ]     CWR: <total>                    152 us
[92.023s][info][gc,stats    ]     CWR: Code Cache Roots            88 us, workers (us):  25,  63,   0, ---, ---, ---, 
[92.023s][info][gc,stats    ]     CWR: VM Weak Roots               63 us, workers (us):  25,  24,  13, ---, ---, ---, 
[92.023s][info][gc,stats    ]     CWR: CLDG Roots                   1 us, workers (us): ---, ---,   1, ---, ---, ---, 
[92.023s][info][gc,stats    ]   Rendezvous                         35 us
[92.023s][info][gc,stats    ] Concurrent Cleanup                  110 us
[92.023s][info][gc,stats    ] Concurrent Class Unloading          399 us
[92.023s][info][gc,stats    ]   Unlink Stale                      263 us
[92.023s][info][gc,stats    ]     System Dictionary                 2 us
[92.023s][info][gc,stats    ]     Weak Class Links                  0 us
[92.023s][info][gc,stats    ]     Code Roots                      260 us
[92.023s][info][gc,stats    ]   Rendezvous                         38 us
[92.023s][info][gc,stats    ]   Purge Unlinked                     46 us
[92.023s][info][gc,stats    ]     Code Roots                       42 us
[92.023s][info][gc,stats    ]     CLDG                              4 us
[92.023s][info][gc,stats    ]     Exception Caches                  0 us
[92.023s][info][gc,stats    ] Pause Final Roots (G)                69 us
[92.023s][info][gc,stats    ] Pause Final Roots (N)                38 us
[92.023s][info][gc,stats    ] Pacing                           102260 us
[92.023s][info][gc,stats    ] 
[92.023s][info][gc,stats    ] Allocation pacing accrued:
[92.023s][info][gc,stats    ]     102 of  5673 ms (  1.8%): main
[92.023s][info][gc,stats    ]     102 of  5673 ms (  1.8%): <total>
[92.023s][info][gc,stats    ]       8 of  5673 ms (  0.1%): <average total>
[92.023s][info][gc,stats    ]     102 of  5673 ms (  1.8%): <average non-zero>
[92.023s][info][gc,stats    ] 
[92.023s][info][gc,metaspace] Metaspace: 1070K(1280K)->1070K(1280K) NonClass: 989K(1088K)->989K(1088K) Class: 81K(192K)->81K(192K)
[92.023s][info][gc,ergo     ] Pacer for Idle. Initial: 20971K, Alloc Tax Rate: 1.0x
[97.748s][info][gc          ] Trigger: Average GC time (4.30 ms) is above the time for average allocation rate (123 MB/s) to deplete free headroom (0B) (margin of error = 1.99)
[97.748s][info][gc,ergo     ] Free headroom: 145M (free) - 52428K (spike) - 102M (penalties) = 0B
[97.748s][info][gc,ergo     ] Free: 145M, Max: 512K regular, 132M humongous, Frag: 9% external, 0% internal; Reserve: 52736K, Max: 512K
[97.748s][info][gc,start    ] GC(21) Concurrent reset
[97.748s][info][gc,task     ] GC(21) Using 3 of 6 workers for concurrent reset
[97.748s][info][gc,ergo     ] GC(21) Pacer for Reset. Non-Taxable: 1024M
[97.748s][info][gc          ] GC(21) Concurrent reset 0.190ms
[97.748s][info][gc,start    ] GC(21) Pause Init Mark (unload classes)
[97.748s][info][gc,task     ] GC(21) Using 6 of 6 workers for init marking
[97.748s][info][gc,ergo     ] GC(21) Pacer for Mark. Expected Live: 98898K, Free: 145M, Non-Taxable: 14899K, Alloc Tax Rate: 0.8x
[97.748s][info][gc          ] GC(21) Pause Init Mark (unload classes) 0.075ms
[97.748s][info][gc,start    ] GC(21) Concurrent marking roots
[97.748s][info][gc,task     ] GC(21) Using 3 of 6 workers for concurrent marking roots
[97.749s][info][gc          ] GC(21) Concurrent marking roots 0.237ms
[97.749s][info][gc,start    ] GC(21) Concurrent marking (unload classes)
[97.749s][info][gc,task     ] GC(21) Using 3 of 6 workers for concurrent marking
[97.749s][info][gc          ] GC(21) Concurrent marking (unload classes) 0.671ms
[97.749s][info][gc,start    ] GC(21) Pause Final Mark (unload classes)
[97.749s][info][gc,task     ] GC(21) Using 6 of 6 workers for final marking
[97.749s][info][gc,ergo     ] GC(21) Collectable Garbage: 778M (99%), Immediate: 778M (99%), CSet: 0B (0%)
[97.749s][info][gc          ] GC(21) Pause Final Mark (unload classes) 0.133ms
[97.749s][info][gc,start    ] GC(21) Concurrent weak references
[97.749s][info][gc,task     ] GC(21) Using 3 of 6 workers for concurrent weak references
[97.749s][info][gc,ref      ] GC(21) Encountered references: Soft: 45, Weak: 116, Final: 0, Phantom: 7
[97.749s][info][gc,ref      ] GC(21) Discovered  references: Soft: 0, Weak: 95, Final: 0, Phantom: 5
[97.749s][info][gc,ref      ] GC(21) Enqueued    references: Soft: 0, Weak: 0, Final: 0, Phantom: 0
[97.749s][info][gc          ] GC(21) Concurrent weak references 0.080ms
[97.750s][info][gc,start    ] GC(21) Concurrent weak roots
[97.750s][info][gc,task     ] GC(21) Using 3 of 6 workers for concurrent weak root
[97.750s][info][gc          ] GC(21) Concurrent weak roots 0.116ms
[97.750s][info][gc,start    ] GC(21) Concurrent cleanup
[97.750s][info][gc          ] GC(21) Concurrent cleanup 804M->25M(1024M) 0.080ms
[97.750s][info][gc,ergo     ] GC(21) Free: 946M, Max: 512K regular, 769M humongous, Frag: 19% external, 0% internal; Reserve: 52736K, Max: 512K
[97.750s][info][gc,start    ] GC(21) Concurrent class unloading
[97.750s][info][gc,task     ] GC(21) Using 3 of 6 workers for concurrent class unloading
[97.750s][info][gc          ] GC(21) Concurrent class unloading 0.218ms
[97.750s][info][gc,start    ] GC(21) Pause Final Roots
[97.750s][info][gc          ] GC(21) Pause Final Roots 0.015ms
[97.750s][info][gc,ergo     ] Free: 946M, Max: 512K regular, 769M humongous, Frag: 19% external, 0% internal; Reserve: 52736K, Max: 512K
[97.750s][info][gc,stats    ] 
[97.750s][info][gc,stats    ] All times are wall-clock times, except per-root-class counters, that are sum over
[97.750s][info][gc,stats    ] all workers. Dividing the <total> over the root stage time estimates parallelism.
[97.750s][info][gc,stats    ] 
[97.750s][info][gc,stats    ] Concurrent Reset                    204 us
[97.750s][info][gc,stats    ] Pause Init Mark (G)                 116 us
[97.750s][info][gc,stats    ] Pause Init Mark (N)                  84 us
[97.750s][info][gc,stats    ]   Update Region States               26 us
[97.750s][info][gc,stats    ] Concurrent Mark Roots               251 us, parallelism: 1.32x
[97.750s][info][gc,stats    ]   CMR: <total>                      331 us
[97.750s][info][gc,stats    ]   CMR: Thread Roots                 295 us, workers (us): 192,  35,  68, ---, ---, ---, 
[97.750s][info][gc,stats    ]   CMR: VM Strong Roots                5 us, workers (us):   2,   1,   1, ---, ---, ---, 
[97.750s][info][gc,stats    ]   CMR: CLDG Roots                    31 us, workers (us): ---,  31, ---, ---, ---, ---, 
[97.750s][info][gc,stats    ] Concurrent Marking                  689 us
[97.750s][info][gc,stats    ] Pause Final Mark (G)                177 us
[97.750s][info][gc,stats    ] Pause Final Mark (N)                142 us
[97.750s][info][gc,stats    ]   Finish Mark                        28 us
[97.750s][info][gc,stats    ]   Update Region States               25 us
[97.750s][info][gc,stats    ]   Choose Collection Set              44 us
[97.750s][info][gc,stats    ]   Rebuild Free Set                    8 us
[97.750s][info][gc,stats    ] Concurrent Weak References           88 us, parallelism: 0.06x
[97.750s][info][gc,stats    ]   CWRF: <total>                       5 us
[97.750s][info][gc,stats    ]   CWRF: Weak References               5 us, workers (us):   4,   1,   0, ---, ---, ---, 
[97.750s][info][gc,stats    ] Concurrent Weak Roots               127 us
[97.750s][info][gc,stats    ]   Roots                              75 us, parallelism: 1.30x
[97.750s][info][gc,stats    ]     CWR: <total>                     97 us
[97.750s][info][gc,stats    ]     CWR: Code Cache Roots            53 us, workers (us):  37,   0,  16, ---, ---, ---, 
[97.750s][info][gc,stats    ]     CWR: VM Weak Roots               44 us, workers (us):  16,  14,  14, ---, ---, ---, 
[97.750s][info][gc,stats    ]     CWR: CLDG Roots                   1 us, workers (us): ---,   1, ---, ---, ---, ---, 
[97.750s][info][gc,stats    ]   Rendezvous                         24 us
[97.750s][info][gc,stats    ] Concurrent Cleanup                   92 us
[97.750s][info][gc,stats    ] Concurrent Class Unloading          232 us
[97.750s][info][gc,stats    ]   Unlink Stale                      159 us
[97.750s][info][gc,stats    ]     System Dictionary                 1 us
[97.750s][info][gc,stats    ]     Weak Class Links                  0 us
[97.750s][info][gc,stats    ]     Code Roots                      157 us
[97.750s][info][gc,stats    ]   Rendezvous                         20 us
[97.750s][info][gc,stats    ]   Purge Unlinked                     23 us
[97.750s][info][gc,stats    ]     Code Roots                       20 us
[97.750s][info][gc,stats    ]     CLDG                              3 us
[97.750s][info][gc,stats    ]     Exception Caches                  0 us
[97.750s][info][gc,stats    ] Pause Final Roots (G)                42 us
[97.750s][info][gc,stats    ] Pause Final Roots (N)                23 us
[97.750s][info][gc,stats    ] Pacing                           105540 us
[97.750s][info][gc,stats    ] 
[97.750s][info][gc,stats    ] Allocation pacing accrued:
[97.750s][info][gc,stats    ]     106 of  5727 ms (  1.8%): main
[97.750s][info][gc,stats    ]     106 of  5727 ms (  1.8%): <total>
[97.750s][info][gc,stats    ]       8 of  5727 ms (  0.1%): <average total>
[97.750s][info][gc,stats    ]     106 of  5727 ms (  1.8%): <average non-zero>
[97.750s][info][gc,stats    ] 
[97.750s][info][gc,metaspace] Metaspace: 1070K(1280K)->1070K(1280K) NonClass: 989K(1088K)->989K(1088K) Class: 81K(192K)->81K(192K)
[97.750s][info][gc,ergo     ] Pacer for Idle. Initial: 20971K, Alloc Tax Rate: 1.0x
[102.317s][info][gc          ] Trigger: Average GC time (3.78 ms) is above the time for average allocation rate (274 MB/s) to deplete free headroom (0B) (margin of error = 1.98)
[102.317s][info][gc,ergo     ] Free headroom: 129M (free) - 52428K (spike) - 94371K (penalties) = 0B
[102.317s][info][gc,ergo     ] Free: 129M, Max: 512K regular, 93696K humongous, Frag: 30% external, 0% internal; Reserve: 52736K, Max: 512K
[102.317s][info][gc,start    ] GC(22) Concurrent reset
[102.317s][info][gc,task     ] GC(22) Using 3 of 6 workers for concurrent reset
[102.317s][info][gc,ergo     ] GC(22) Pacer for Reset. Non-Taxable: 1024M
[102.317s][info][gc          ] GC(22) Concurrent reset 0.142ms
[102.317s][info][gc,start    ] GC(22) Pause Init Mark (unload classes)
[102.317s][info][gc,task     ] GC(22) Using 6 of 6 workers for init marking
[102.317s][info][gc,ergo     ] GC(22) Pacer for Mark. Expected Live: 82514K, Free: 129M, Non-Taxable: 13209K, Alloc Tax Rate: 0.8x
[102.317s][info][gc          ] GC(22) Pause Init Mark (unload classes) 0.078ms
[102.317s][info][gc,start    ] GC(22) Concurrent marking roots
[102.317s][info][gc,task     ] GC(22) Using 3 of 6 workers for concurrent marking roots
[102.317s][info][gc          ] GC(22) Concurrent marking roots 0.247ms
[102.317s][info][gc,start    ] GC(22) Concurrent marking (unload classes)
[102.317s][info][gc,task     ] GC(22) Using 3 of 6 workers for concurrent marking
[102.318s][info][gc          ] GC(22) Concurrent marking (unload classes) 0.645ms
[102.318s][info][gc,start    ] GC(22) Pause Final Mark (unload classes)
[102.318s][info][gc,task     ] GC(22) Using 6 of 6 workers for final marking
[102.318s][info][gc,ergo     ] GC(22) Collectable Garbage: 714M (99%), Immediate: 714M (99%), CSet: 0B (0%)
[102.318s][info][gc          ] GC(22) Pause Final Mark (unload classes) 0.199ms
[102.318s][info][gc,start    ] GC(22) Concurrent weak references
[102.318s][info][gc,task     ] GC(22) Using 3 of 6 workers for concurrent weak references
[102.318s][info][gc,ref      ] GC(22) Encountered references: Soft: 45, Weak: 116, Final: 0, Phantom: 7
[102.318s][info][gc,ref      ] GC(22) Discovered  references: Soft: 0, Weak: 95, Final: 0, Phantom: 5
[102.318s][info][gc,ref      ] GC(22) Enqueued    references: Soft: 0, Weak: 0, Final: 0, Phantom: 0
[102.318s][info][gc          ] GC(22) Concurrent weak references 0.105ms
[102.318s][info][gc,start    ] GC(22) Concurrent weak roots
[102.318s][info][gc,task     ] GC(22) Using 3 of 6 workers for concurrent weak root
[102.319s][info][gc          ] GC(22) Concurrent weak roots 0.152ms
[102.319s][info][gc,start    ] GC(22) Concurrent cleanup
[102.319s][info][gc          ] GC(22) Concurrent cleanup 825M->110M(1024M) 0.085ms
[102.319s][info][gc,ergo     ] GC(22) Free: 861M, Max: 512K regular, 574M humongous, Frag: 34% external, 0% internal; Reserve: 52736K, Max: 512K
[102.319s][info][gc,start    ] GC(22) Concurrent class unloading
[102.319s][info][gc,task     ] GC(22) Using 3 of 6 workers for concurrent class unloading
[102.319s][info][gc          ] GC(22) Concurrent class unloading 0.276ms
[102.319s][info][gc,start    ] GC(22) Pause Final Roots
[102.319s][info][gc          ] GC(22) Pause Final Roots 0.023ms
[102.319s][info][gc,ergo     ] Free: 861M, Max: 512K regular, 574M humongous, Frag: 34% external, 0% internal; Reserve: 52736K, Max: 512K
[102.319s][info][gc,stats    ] 
[102.319s][info][gc,stats    ] All times are wall-clock times, except per-root-class counters, that are sum over
[102.319s][info][gc,stats    ] all workers. Dividing the <total> over the root stage time estimates parallelism.
[102.319s][info][gc,stats    ] 
[102.319s][info][gc,stats    ] Concurrent Reset                    163 us
[102.319s][info][gc,stats    ] Pause Init Mark (G)                 121 us
[102.319s][info][gc,stats    ] Pause Init Mark (N)                  88 us
[102.319s][info][gc,stats    ]   Update Region States               24 us
[102.319s][info][gc,stats    ] Concurrent Mark Roots               260 us, parallelism: 1.26x
[102.319s][info][gc,stats    ]   CMR: <total>                      327 us
[102.319s][info][gc,stats    ]   CMR: Thread Roots                 293 us, workers (us): 191,  35,  67, ---, ---, ---, 
[102.319s][info][gc,stats    ]   CMR: VM Strong Roots                4 us, workers (us):   2,   1,   1, ---, ---, ---, 
[102.319s][info][gc,stats    ]   CMR: CLDG Roots                    30 us, workers (us): ---,  30, ---, ---, ---, ---, 
[102.319s][info][gc,stats    ] Concurrent Marking                  658 us
[102.319s][info][gc,stats    ] Pause Final Mark (G)                250 us
[102.319s][info][gc,stats    ] Pause Final Mark (N)                213 us
[102.319s][info][gc,stats    ]   Finish Mark                        68 us
[102.319s][info][gc,stats    ]   Update Region States               29 us
[102.319s][info][gc,stats    ]   Choose Collection Set              56 us
[102.319s][info][gc,stats    ]   Rebuild Free Set                   12 us
[102.319s][info][gc,stats    ] Concurrent Weak References          117 us, parallelism: 0.06x
[102.319s][info][gc,stats    ]   CWRF: <total>                       7 us
[102.319s][info][gc,stats    ]   CWRF: Weak References               7 us, workers (us):   6,   1,   0, ---, ---, ---, 
[102.319s][info][gc,stats    ] Concurrent Weak Roots               175 us
[102.319s][info][gc,stats    ]   Roots                              96 us, parallelism: 1.33x
[102.319s][info][gc,stats    ]     CWR: <total>                    128 us
[102.319s][info][gc,stats    ]     CWR: Code Cache Roots            72 us, workers (us):  22,   0,  50, ---, ---, ---, 
[102.319s][info][gc,stats    ]     CWR: VM Weak Roots               55 us, workers (us):  21,  18,  17, ---, ---, ---, 
[102.319s][info][gc,stats    ]     CWR: CLDG Roots                   1 us, workers (us): ---,   1, ---, ---, ---, ---, 
[102.319s][info][gc,stats    ]   Rendezvous                         30 us
[102.319s][info][gc,stats    ] Concurrent Cleanup                  100 us
[102.319s][info][gc,stats    ] Concurrent Class Unloading          296 us
[102.319s][info][gc,stats    ]   Unlink Stale                      194 us
[102.319s][info][gc,stats    ]     System Dictionary                 1 us
[102.319s][info][gc,stats    ]     Weak Class Links                  0 us
[102.319s][info][gc,stats    ]     Code Roots                      192 us
[102.319s][info][gc,stats    ]   Rendezvous                         26 us
[102.319s][info][gc,stats    ]   Purge Unlinked                     30 us
[102.319s][info][gc,stats    ]     Code Roots                       26 us
[102.319s][info][gc,stats    ]     CLDG                              3 us
[102.319s][info][gc,stats    ]     Exception Caches                  0 us
[102.319s][info][gc,stats    ] Pause Final Roots (G)                65 us
[102.319s][info][gc,stats    ] Pause Final Roots (N)                39 us
[102.319s][info][gc,stats    ] Pacing                           137154 us
[102.319s][info][gc,stats    ] 
[102.319s][info][gc,stats    ] Allocation pacing accrued:
[102.319s][info][gc,stats    ]     137 of  4569 ms (  3.0%): main
[102.319s][info][gc,stats    ]     137 of  4569 ms (  3.0%): <total>
[102.319s][info][gc,stats    ]      11 of  4569 ms (  0.2%): <average total>
[102.319s][info][gc,stats    ]     137 of  4569 ms (  3.0%): <average non-zero>
[102.319s][info][gc,stats    ] 
[102.319s][info][gc,metaspace] Metaspace: 1070K(1280K)->1070K(1280K) NonClass: 989K(1088K)->989K(1088K) Class: 81K(192K)->81K(192K)
[102.319s][info][gc,ergo     ] Pacer for Idle. Initial: 20971K, Alloc Tax Rate: 1.0x
[108.007s][info][gc          ] Trigger: Average GC time (3.31 ms) is above the time for average allocation rate (309 MB/s) to deplete free headroom (0B) (margin of error = 1.98)
[108.007s][info][gc,ergo     ] Free headroom: 130M (free) - 52428K (spike) - 83886K (penalties) = 0B
[108.007s][info][gc,ergo     ] Free: 130M, Max: 512K regular, 59904K humongous, Frag: 55% external, 0% internal; Reserve: 52736K, Max: 512K
[108.007s][info][gc,start    ] GC(23) Concurrent reset
[108.007s][info][gc,task     ] GC(23) Using 3 of 6 workers for concurrent reset
[108.007s][info][gc,ergo     ] GC(23) Pacer for Reset. Non-Taxable: 1024M
[108.007s][info][gc          ] GC(23) Concurrent reset 0.203ms
[108.007s][info][gc,start    ] GC(23) Pause Init Mark (unload classes)
[108.007s][info][gc,task     ] GC(23) Using 6 of 6 workers for init marking
[108.007s][info][gc,ergo     ] GC(23) Pacer for Mark. Expected Live: 99922K, Free: 130M, Non-Taxable: 13312K, Alloc Tax Rate: 0.9x
[108.007s][info][gc          ] GC(23) Pause Init Mark (unload classes) 0.075ms
[108.007s][info][gc,start    ] GC(23) Concurrent marking roots
[108.007s][info][gc,task     ] GC(23) Using 3 of 6 workers for concurrent marking roots
[108.008s][info][gc          ] GC(23) Concurrent marking roots 0.276ms
[108.008s][info][gc,start    ] GC(23) Concurrent marking (unload classes)
[108.008s][info][gc,task     ] GC(23) Using 3 of 6 workers for concurrent marking
[108.008s][info][gc          ] GC(23) Concurrent marking (unload classes) 0.740ms
[108.008s][info][gc,start    ] GC(23) Pause Final Mark (unload classes)
[108.008s][info][gc,task     ] GC(23) Using 6 of 6 workers for final marking
[108.009s][info][gc,ergo     ] GC(23) Collectable Garbage: 672M (99%), Immediate: 672M (99%), CSet: 0B (0%)
[108.009s][info][gc          ] GC(23) Pause Final Mark (unload classes) 0.203ms
[108.009s][info][gc,start    ] GC(23) Concurrent weak references
[108.009s][info][gc,task     ] GC(23) Using 3 of 6 workers for concurrent weak references
[108.009s][info][gc,ref      ] GC(23) Encountered references: Soft: 45, Weak: 116, Final: 0, Phantom: 7
[108.009s][info][gc,ref      ] GC(23) Discovered  references: Soft: 0, Weak: 68, Final: 0, Phantom: 5
[108.009s][info][gc,ref      ] GC(23) Enqueued    references: Soft: 0, Weak: 0, Final: 0, Phantom: 0
[108.009s][info][gc          ] GC(23) Concurrent weak references 0.101ms
[108.009s][info][gc,start    ] GC(23) Concurrent weak roots
[108.009s][info][gc,task     ] GC(23) Using 3 of 6 workers for concurrent weak root
[108.009s][info][gc          ] GC(23) Concurrent weak roots 0.192ms
[108.009s][info][gc,start    ] GC(23) Concurrent cleanup
[108.009s][info][gc          ] GC(23) Concurrent cleanup 818M->145M(1024M) 0.074ms
[108.009s][info][gc,ergo     ] GC(23) Free: 824M, Max: 512K regular, 236M humongous, Frag: 72% external, 0% internal; Reserve: 52736K, Max: 512K
[108.009s][info][gc,start    ] GC(23) Concurrent class unloading
[108.009s][info][gc,task     ] GC(23) Using 3 of 6 workers for concurrent class unloading
[108.009s][info][gc          ] GC(23) Concurrent class unloading 0.258ms
[108.009s][info][gc,start    ] GC(23) Pause Final Roots
[108.009s][info][gc          ] GC(23) Pause Final Roots 0.015ms
[108.009s][info][gc,ergo     ] Free: 824M, Max: 512K regular, 236M humongous, Frag: 72% external, 0% internal; Reserve: 52736K, Max: 512K
[108.009s][info][gc,stats    ] 
[108.009s][info][gc,stats    ] All times are wall-clock times, except per-root-class counters, that are sum over
[108.009s][info][gc,stats    ] all workers. Dividing the <total> over the root stage time estimates parallelism.
[108.009s][info][gc,stats    ] 
[108.009s][info][gc,stats    ] Concurrent Reset                    225 us
[108.009s][info][gc,stats    ] Pause Init Mark (G)                 121 us
[108.009s][info][gc,stats    ] Pause Init Mark (N)                  84 us
[108.009s][info][gc,stats    ]   Update Region States               23 us
[108.009s][info][gc,stats    ] Concurrent Mark Roots               295 us, parallelism: 1.22x
[108.009s][info][gc,stats    ]   CMR: <total>                      360 us
[108.009s][info][gc,stats    ]   CMR: Thread Roots                 299 us, workers (us): 163,  69,  67, ---, ---, ---, 
[108.009s][info][gc,stats    ]   CMR: VM Strong Roots                5 us, workers (us):   2,   2,   1, ---, ---, ---, 
[108.009s][info][gc,stats    ]   CMR: CLDG Roots                    55 us, workers (us):  55, ---, ---, ---, ---, ---, 
[108.009s][info][gc,stats    ] Concurrent Marking                  759 us
[108.010s][info][gc,stats    ] Pause Final Mark (G)                277 us
[108.010s][info][gc,stats    ] Pause Final Mark (N)                214 us
[108.010s][info][gc,stats    ]   Finish Mark                        70 us
[108.010s][info][gc,stats    ]   Update Region States               50 us
[108.010s][info][gc,stats    ]   Choose Collection Set              47 us
[108.010s][info][gc,stats    ]   Rebuild Free Set                    8 us
[108.010s][info][gc,stats    ] Concurrent Weak References          110 us, parallelism: 0.03x
[108.010s][info][gc,stats    ]   CWRF: <total>                       4 us
[108.010s][info][gc,stats    ]   CWRF: Weak References               4 us, workers (us):   3,   1,   0, ---, ---, ---, 
[108.010s][info][gc,stats    ] Concurrent Weak Roots               210 us
[108.010s][info][gc,stats    ]   Roots                             110 us, parallelism: 0.89x
[108.010s][info][gc,stats    ]     CWR: <total>                     98 us
[108.010s][info][gc,stats    ]     CWR: Code Cache Roots            48 us, workers (us):  14,  33,   0, ---, ---, ---, 
[108.010s][info][gc,stats    ]     CWR: VM Weak Roots               50 us, workers (us):  27,  23,   0, ---, ---, ---, 
[108.010s][info][gc,stats    ]     CWR: CLDG Roots                   1 us, workers (us): ---,   1, ---, ---, ---, ---, 
[108.010s][info][gc,stats    ]   Rendezvous                         66 us
[108.010s][info][gc,stats    ] Concurrent Cleanup                   85 us
[108.010s][info][gc,stats    ] Concurrent Class Unloading          269 us
[108.010s][info][gc,stats    ]   Unlink Stale                      160 us
[108.010s][info][gc,stats    ]     System Dictionary                 1 us
[108.010s][info][gc,stats    ]     Weak Class Links                  0 us
[108.010s][info][gc,stats    ]     Code Roots                      158 us
[108.010s][info][gc,stats    ]   Rendezvous                         59 us
[108.010s][info][gc,stats    ]   Purge Unlinked                     22 us
[108.010s][info][gc,stats    ]     Code Roots                       20 us
[108.010s][info][gc,stats    ]     CLDG                              2 us
[108.010s][info][gc,stats    ]     Exception Caches                  0 us
[108.010s][info][gc,stats    ] Pause Final Roots (G)                55 us
[108.010s][info][gc,stats    ] Pause Final Roots (N)                24 us
[108.010s][info][gc,stats    ] Pacing                            92893 us
[108.010s][info][gc,stats    ] 
[108.010s][info][gc,stats    ] Allocation pacing accrued:
[108.010s][info][gc,stats    ]      93 of  5690 ms (  1.6%): main
[108.010s][info][gc,stats    ]      93 of  5690 ms (  1.6%): <total>
[108.010s][info][gc,stats    ]       7 of  5690 ms (  0.1%): <average total>
[108.010s][info][gc,stats    ]      93 of  5690 ms (  1.6%): <average non-zero>
[108.010s][info][gc,stats    ] 
[108.010s][info][gc,metaspace] Metaspace: 1070K(1280K)->1070K(1280K) NonClass: 989K(1088K)->989K(1088K) Class: 81K(192K)->81K(192K)
[108.010s][info][gc,ergo     ] Pacer for Idle. Initial: 20971K, Alloc Tax Rate: 1.0x
[113.516s][info][gc          ] Trigger: Average GC time (3.08 ms) is above the time for average allocation rate (139 MB/s) to deplete free headroom (0B) (margin of error = 1.99)
[113.516s][info][gc,ergo     ] Free headroom: 122M (free) - 52428K (spike) - 73400K (penalties) = 0B
[113.516s][info][gc,ergo     ] Free: 122M, Max: 512K regular, 92672K humongous, Frag: 26% external, 0% internal; Reserve: 52736K, Max: 512K
[113.516s][info][gc,start    ] GC(24) Concurrent reset
[113.516s][info][gc,task     ] GC(24) Using 3 of 6 workers for concurrent reset
[113.516s][info][gc,ergo     ] GC(24) Pacer for Reset. Non-Taxable: 1024M
[113.517s][info][gc          ] GC(24) Concurrent reset 0.255ms
[113.517s][info][gc,start    ] GC(24) Pause Init Mark (unload classes)
[113.517s][info][gc,task     ] GC(24) Using 6 of 6 workers for init marking
[113.517s][info][gc,ergo     ] GC(24) Pacer for Mark. Expected Live: 94802K, Free: 122M, Non-Taxable: 12492K, Alloc Tax Rate: 0.9x
[113.517s][info][gc          ] GC(24) Pause Init Mark (unload classes) 0.105ms
[113.517s][info][gc,start    ] GC(24) Concurrent marking roots
[113.517s][info][gc,task     ] GC(24) Using 3 of 6 workers for concurrent marking roots
[113.517s][info][gc          ] GC(24) Concurrent marking roots 0.314ms
[113.517s][info][gc,start    ] GC(24) Concurrent marking (unload classes)
[113.517s][info][gc,task     ] GC(24) Using 3 of 6 workers for concurrent marking
[113.518s][info][gc          ] GC(24) Concurrent marking (unload classes) 0.714ms
[113.518s][info][gc,start    ] GC(24) Pause Final Mark (unload classes)
[113.518s][info][gc,task     ] GC(24) Using 6 of 6 workers for final marking
[113.518s][info][gc,ergo     ] GC(24) Collectable Garbage: 797M (99%), Immediate: 797M (99%), CSet: 0B (0%)
[113.518s][info][gc          ] GC(24) Pause Final Mark (unload classes) 0.215ms
[113.518s][info][gc,start    ] GC(24) Concurrent weak references
[113.518s][info][gc,task     ] GC(24) Using 3 of 6 workers for concurrent weak references
[113.518s][info][gc,ref      ] GC(24) Encountered references: Soft: 45, Weak: 116, Final: 0, Phantom: 7
[113.518s][info][gc,ref      ] GC(24) Discovered  references: Soft: 0, Weak: 73, Final: 0, Phantom: 5
[113.518s][info][gc,ref      ] GC(24) Enqueued    references: Soft: 0, Weak: 0, Final: 0, Phantom: 0
[113.518s][info][gc          ] GC(24) Concurrent weak references 0.102ms
[113.518s][info][gc,start    ] GC(24) Concurrent weak roots
[113.518s][info][gc,task     ] GC(24) Using 3 of 6 workers for concurrent weak root
[113.518s][info][gc          ] GC(24) Concurrent weak roots 0.132ms
[113.518s][info][gc,start    ] GC(24) Concurrent cleanup
[113.518s][info][gc          ] GC(24) Concurrent cleanup 828M->30M(1024M) 0.078ms
[113.518s][info][gc,ergo     ] GC(24) Free: 941M, Max: 512K regular, 457M humongous, Frag: 52% external, 0% internal; Reserve: 52736K, Max: 512K
[113.518s][info][gc,start    ] GC(24) Concurrent class unloading
[113.518s][info][gc,task     ] GC(24) Using 3 of 6 workers for concurrent class unloading
[113.519s][info][gc          ] GC(24) Concurrent class unloading 0.311ms
[113.519s][info][gc,start    ] GC(24) Pause Final Roots
[113.519s][info][gc          ] GC(24) Pause Final Roots 0.015ms
[113.519s][info][gc,ergo     ] Free: 941M, Max: 512K regular, 457M humongous, Frag: 52% external, 0% internal; Reserve: 52736K, Max: 512K
[113.519s][info][gc,stats    ] 
[113.519s][info][gc,stats    ] All times are wall-clock times, except per-root-class counters, that are sum over
[113.519s][info][gc,stats    ] all workers. Dividing the <total> over the root stage time estimates parallelism.
[113.519s][info][gc,stats    ] 
[113.519s][info][gc,stats    ] Concurrent Reset                    274 us
[113.519s][info][gc,stats    ] Pause Init Mark (G)                 181 us
[113.519s][info][gc,stats    ] Pause Init Mark (N)                 114 us
[113.519s][info][gc,stats    ]   Update Region States               51 us
[113.519s][info][gc,stats    ] Concurrent Mark Roots               332 us, parallelism: 1.09x
[113.519s][info][gc,stats    ]   CMR: <total>                      362 us
[113.519s][info][gc,stats    ]   CMR: Thread Roots                 317 us, workers (us):  45,  81, 191, ---, ---, ---, 
[113.519s][info][gc,stats    ]   CMR: VM Strong Roots                4 us, workers (us):   3,   0,   0, ---, ---, ---, 
[113.519s][info][gc,stats    ]   CMR: CLDG Roots                    41 us, workers (us):  41, ---, ---, ---, ---, ---, 
[113.519s][info][gc,stats    ] Concurrent Marking                  734 us
[113.519s][info][gc,stats    ] Pause Final Mark (G)                287 us
[113.519s][info][gc,stats    ] Pause Final Mark (N)                225 us
[113.519s][info][gc,stats    ]   Finish Mark                        73 us
[113.519s][info][gc,stats    ]   Update Region States               57 us
[113.519s][info][gc,stats    ]   Choose Collection Set              44 us
[113.519s][info][gc,stats    ]   Rebuild Free Set                    8 us
[113.519s][info][gc,stats    ] Concurrent Weak References          111 us, parallelism: 0.03x
[113.519s][info][gc,stats    ]   CWRF: <total>                       4 us
[113.519s][info][gc,stats    ]   CWRF: Weak References               4 us, workers (us):   3,   1,   0, ---, ---, ---, 
[113.519s][info][gc,stats    ] Concurrent Weak Roots               146 us
[113.519s][info][gc,stats    ]   Roots                              94 us, parallelism: 1.07x
[113.519s][info][gc,stats    ]     CWR: <total>                    100 us
[113.519s][info][gc,stats    ]     CWR: Code Cache Roots            58 us, workers (us):  24,   0,  34, ---, ---, ---, 
[113.519s][info][gc,stats    ]     CWR: VM Weak Roots               41 us, workers (us):  39,   1,   1, ---, ---, ---, 
[113.519s][info][gc,stats    ]     CWR: CLDG Roots                   1 us, workers (us): ---,   1, ---, ---, ---, ---, 
[113.519s][info][gc,stats    ]   Rendezvous                         22 us
[113.519s][info][gc,stats    ] Concurrent Cleanup                   88 us
[113.519s][info][gc,stats    ] Concurrent Class Unloading          328 us
[113.519s][info][gc,stats    ]   Unlink Stale                      177 us
[113.519s][info][gc,stats    ]     System Dictionary                 1 us
[113.519s][info][gc,stats    ]     Weak Class Links                  0 us
[113.519s][info][gc,stats    ]     Code Roots                      176 us
[113.519s][info][gc,stats    ]   Rendezvous                         63 us
[113.519s][info][gc,stats    ]   Purge Unlinked                     53 us
[113.519s][info][gc,stats    ]     Code Roots                       50 us
[113.519s][info][gc,stats    ]     CLDG                              3 us
[113.519s][info][gc,stats    ]     Exception Caches                  0 us
[113.519s][info][gc,stats    ] Pause Final Roots (G)                44 us
[113.519s][info][gc,stats    ] Pause Final Roots (N)                23 us
[113.519s][info][gc,stats    ] Pacing                            93453 us
[113.519s][info][gc,stats    ] 
[113.519s][info][gc,stats    ] Allocation pacing accrued:
[113.519s][info][gc,stats    ]      93 of  5509 ms (  1.7%): main
[113.519s][info][gc,stats    ]      93 of  5509 ms (  1.7%): <total>
[113.519s][info][gc,stats    ]       7 of  5509 ms (  0.1%): <average total>
[113.519s][info][gc,stats    ]      93 of  5509 ms (  1.7%): <average non-zero>
[113.519s][info][gc,stats    ] 
[113.519s][info][gc,metaspace] Metaspace: 1070K(1280K)->1070K(1280K) NonClass: 989K(1088K)->989K(1088K) Class: 81K(192K)->81K(192K)
[113.519s][info][gc,ergo     ] Pacer for Idle. Initial: 20971K, Alloc Tax Rate: 1.0x
[119.496s][info][gc          ] Trigger: Free (51200K) is below minimum threshold (102M)
[119.496s][info][gc,ergo     ] Free: 51200K, Max: 512K regular, 44032K humongous, Frag: 14% external, 0% internal; Reserve: 52736K, Max: 512K
[119.496s][info][gc,start    ] GC(25) Concurrent reset
[119.496s][info][gc,task     ] GC(25) Using 3 of 6 workers for concurrent reset
[119.496s][info][gc,ergo     ] GC(25) Pacer for Reset. Non-Taxable: 1024M
[119.497s][info][gc          ] GC(25) Concurrent reset 0.192ms
[119.497s][info][gc,start    ] GC(25) Pause Init Mark (unload classes)
[119.497s][info][gc,task     ] GC(25) Using 6 of 6 workers for init marking
[119.497s][info][gc,ergo     ] GC(25) Pacer for Mark. Expected Live: 87634K, Free: 51200K, Non-Taxable: 5120K, Alloc Tax Rate: 2.1x
[119.497s][info][gc          ] GC(25) Pause Init Mark (unload classes) 0.080ms
[119.497s][info][gc,start    ] GC(25) Concurrent marking roots
[119.497s][info][gc,task     ] GC(25) Using 3 of 6 workers for concurrent marking roots
[119.497s][info][gc          ] GC(25) Concurrent marking roots 0.258ms
[119.497s][info][gc,start    ] GC(25) Concurrent marking (unload classes)
[119.497s][info][gc,task     ] GC(25) Using 3 of 6 workers for concurrent marking
[119.498s][info][gc          ] GC(25) Concurrent marking (unload classes) 0.721ms
[119.498s][info][gc,start    ] GC(25) Pause Final Mark (unload classes)
[119.498s][info][gc,task     ] GC(25) Using 6 of 6 workers for final marking
[119.498s][info][gc,ergo     ] GC(25) Collectable Garbage: 711M (99%), Immediate: 711M (99%), CSet: 0B (0%)
[119.498s][info][gc          ] GC(25) Pause Final Mark (unload classes) 0.189ms
[119.498s][info][gc,start    ] GC(25) Concurrent weak references
[119.498s][info][gc,task     ] GC(25) Using 3 of 6 workers for concurrent weak references
[119.498s][info][gc,ref      ] GC(25) Encountered references: Soft: 45, Weak: 116, Final: 0, Phantom: 7
[119.498s][info][gc,ref      ] GC(25) Discovered  references: Soft: 0, Weak: 72, Final: 0, Phantom: 5
[119.498s][info][gc,ref      ] GC(25) Enqueued    references: Soft: 0, Weak: 0, Final: 0, Phantom: 0
[119.498s][info][gc          ] GC(25) Concurrent weak references 0.079ms
[119.498s][info][gc,start    ] GC(25) Concurrent weak roots
[119.498s][info][gc,task     ] GC(25) Using 3 of 6 workers for concurrent weak root
[119.498s][info][gc          ] GC(25) Concurrent weak roots 0.144ms
[119.498s][info][gc,start    ] GC(25) Concurrent cleanup
[119.498s][info][gc          ] GC(25) Concurrent cleanup 897M->185M(1024M) 0.070ms
[119.498s][info][gc,ergo     ] GC(25) Free: 784M, Max: 512K regular, 403M humongous, Frag: 49% external, 0% internal; Reserve: 52736K, Max: 512K
[119.498s][info][gc,start    ] GC(25) Concurrent class unloading
[119.498s][info][gc,task     ] GC(25) Using 3 of 6 workers for concurrent class unloading
[119.499s][info][gc          ] GC(25) Concurrent class unloading 0.223ms
[119.499s][info][gc,start    ] GC(25) Pause Final Roots
[119.499s][info][gc          ] GC(25) Pause Final Roots 0.020ms
[119.499s][info][gc,ergo     ] Free: 784M, Max: 512K regular, 403M humongous, Frag: 49% external, 0% internal; Reserve: 52736K, Max: 512K
[119.499s][info][gc,stats    ] 
[119.499s][info][gc,stats    ] All times are wall-clock times, except per-root-class counters, that are sum over
[119.499s][info][gc,stats    ] all workers. Dividing the <total> over the root stage time estimates parallelism.
[119.499s][info][gc,stats    ] 
[119.499s][info][gc,stats    ] Concurrent Reset                    209 us
[119.499s][info][gc,stats    ] Pause Init Mark (G)                 153 us
[119.499s][info][gc,stats    ] Pause Init Mark (N)                  89 us
[119.499s][info][gc,stats    ]   Update Region States               27 us
[119.499s][info][gc,stats    ] Concurrent Mark Roots               268 us, parallelism: 1.26x
[119.499s][info][gc,stats    ]   CMR: <total>                      338 us
[119.499s][info][gc,stats    ]   CMR: Thread Roots                 302 us, workers (us):  44,  76, 182, ---, ---, ---, 
[119.499s][info][gc,stats    ]   CMR: VM Strong Roots                4 us, workers (us):   3,   1,   0, ---, ---, ---, 
[119.499s][info][gc,stats    ]   CMR: CLDG Roots                    32 us, workers (us):  32, ---, ---, ---, ---, ---, 
[119.499s][info][gc,stats    ] Concurrent Marking                  735 us
[119.499s][info][gc,stats    ] Pause Final Mark (G)                268 us
[119.499s][info][gc,stats    ] Pause Final Mark (N)                199 us
[119.499s][info][gc,stats    ]   Finish Mark                        32 us
[119.499s][info][gc,stats    ]   Update Region States               67 us
[119.499s][info][gc,stats    ]   Choose Collection Set              52 us
[119.499s][info][gc,stats    ]   Rebuild Free Set                    8 us
[119.499s][info][gc,stats    ] Concurrent Weak References           87 us, parallelism: 0.04x
[119.499s][info][gc,stats    ]   CWRF: <total>                       4 us
[119.499s][info][gc,stats    ]   CWRF: Weak References               4 us, workers (us):   3,   1,   0, ---, ---, ---, 
[119.499s][info][gc,stats    ] Concurrent Weak Roots               155 us
[119.499s][info][gc,stats    ]   Roots                              74 us, parallelism: 1.20x
[119.499s][info][gc,stats    ]     CWR: <total>                     88 us
[119.499s][info][gc,stats    ]     CWR: Code Cache Roots            46 us, workers (us):  14,  32,   0, ---, ---, ---, 
[119.499s][info][gc,stats    ]     CWR: VM Weak Roots               41 us, workers (us):  21,  20,   0, ---, ---, ---, 
[119.499s][info][gc,stats    ]     CWR: CLDG Roots                   1 us, workers (us):   1, ---, ---, ---, ---, ---, 
[119.499s][info][gc,stats    ]   Rendezvous                         54 us
[119.499s][info][gc,stats    ] Concurrent Cleanup                   79 us
[119.499s][info][gc,stats    ] Concurrent Class Unloading          236 us
[119.499s][info][gc,stats    ]   Unlink Stale                      146 us
[119.499s][info][gc,stats    ]     System Dictionary                 1 us
[119.499s][info][gc,stats    ]     Weak Class Links                  0 us
[119.499s][info][gc,stats    ]     Code Roots                      144 us
[119.499s][info][gc,stats    ]   Rendezvous                         25 us
[119.499s][info][gc,stats    ]   Purge Unlinked                     36 us
[119.499s][info][gc,stats    ]     Code Roots                       34 us
[119.499s][info][gc,stats    ]     CLDG                              2 us
[119.499s][info][gc,stats    ]     Exception Caches                  0 us
[119.499s][info][gc,stats    ] Pause Final Roots (G)                51 us
[119.499s][info][gc,stats    ] Pause Final Roots (N)                29 us
[119.499s][info][gc,stats    ] Pacing                           136564 us
[119.499s][info][gc,stats    ] 
[119.499s][info][gc,stats    ] Allocation pacing accrued:
[119.499s][info][gc,stats    ]     137 of  5980 ms (  2.3%): main
[119.499s][info][gc,stats    ]     137 of  5980 ms (  2.3%): <total>
[119.499s][info][gc,stats    ]      11 of  5980 ms (  0.2%): <average total>
[119.499s][info][gc,stats    ]     137 of  5980 ms (  2.3%): <average non-zero>
[119.499s][info][gc,stats    ] 
[119.499s][info][gc,metaspace] Metaspace: 1070K(1280K)->1070K(1280K) NonClass: 989K(1088K)->989K(1088K) Class: 81K(192K)->81K(192K)
[119.499s][info][gc,ergo     ] Pacer for Idle. Initial: 20971K, Alloc Tax Rate: 1.0x
[124.999s][info][gc          ] Trigger: Free (101M) is below minimum threshold (102M)
[124.999s][info][gc,ergo     ] Free: 101M, Max: 512K regular, 44032K humongous, Frag: 58% external, 0% internal; Reserve: 52736K, Max: 512K
[124.999s][info][gc,start    ] GC(26) Concurrent reset
[124.999s][info][gc,task     ] GC(26) Using 3 of 6 workers for concurrent reset
[124.999s][info][gc,ergo     ] GC(26) Pacer for Reset. Non-Taxable: 1024M
[124.999s][info][gc          ] GC(26) Concurrent reset 0.432ms
[124.999s][info][gc,start    ] GC(26) Pause Init Mark (unload classes)
[124.999s][info][gc,task     ] GC(26) Using 6 of 6 workers for init marking
[125.000s][info][gc,ergo     ] GC(26) Pacer for Mark. Expected Live: 97874K, Free: 101M, Non-Taxable: 10342K, Alloc Tax Rate: 1.2x
[125.000s][info][gc          ] GC(26) Pause Init Mark (unload classes) 0.082ms
[125.000s][info][gc,start    ] GC(26) Concurrent marking roots
[125.000s][info][gc,task     ] GC(26) Using 3 of 6 workers for concurrent marking roots
[125.000s][info][gc          ] GC(26) Concurrent marking roots 0.279ms
[125.000s][info][gc,start    ] GC(26) Concurrent marking (unload classes)
[125.000s][info][gc,task     ] GC(26) Using 3 of 6 workers for concurrent marking
[125.001s][info][gc          ] GC(26) Concurrent marking (unload classes) 0.835ms
[125.001s][info][gc,start    ] GC(26) Pause Final Mark (unload classes)
[125.001s][info][gc,task     ] GC(26) Using 6 of 6 workers for final marking
[125.001s][info][gc,ergo     ] GC(26) Collectable Garbage: 813M (99%), Immediate: 813M (99%), CSet: 0B (0%)
[125.001s][info][gc          ] GC(26) Pause Final Mark (unload classes) 0.199ms
[125.001s][info][gc,start    ] GC(26) Concurrent weak references
[125.001s][info][gc,task     ] GC(26) Using 3 of 6 workers for concurrent weak references
[125.001s][info][gc,ref      ] GC(26) Encountered references: Soft: 45, Weak: 116, Final: 0, Phantom: 7
[125.001s][info][gc,ref      ] GC(26) Discovered  references: Soft: 0, Weak: 68, Final: 0, Phantom: 5
[125.001s][info][gc,ref      ] GC(26) Enqueued    references: Soft: 0, Weak: 0, Final: 0, Phantom: 0
[125.001s][info][gc          ] GC(26) Concurrent weak references 0.074ms
[125.001s][info][gc,start    ] GC(26) Concurrent weak roots
[125.001s][info][gc,task     ] GC(26) Using 3 of 6 workers for concurrent weak root
[125.001s][info][gc          ] GC(26) Concurrent weak roots 0.147ms
[125.001s][info][gc,start    ] GC(26) Concurrent cleanup
[125.001s][info][gc          ] GC(26) Concurrent cleanup 849M->35M(1024M) 0.085ms
[125.001s][info][gc,ergo     ] GC(26) Free: 936M, Max: 512K regular, 645M humongous, Frag: 32% external, 0% internal; Reserve: 52736K, Max: 512K
[125.001s][info][gc,start    ] GC(26) Concurrent class unloading
[125.001s][info][gc,task     ] GC(26) Using 3 of 6 workers for concurrent class unloading
[125.002s][info][gc          ] GC(26) Concurrent class unloading 0.244ms
[125.002s][info][gc,start    ] GC(26) Pause Final Roots
[125.002s][info][gc          ] GC(26) Pause Final Roots 0.015ms
[125.002s][info][gc,ergo     ] Free: 936M, Max: 512K regular, 645M humongous, Frag: 32% external, 0% internal; Reserve: 52736K, Max: 512K
[125.002s][info][gc,stats    ] 
[125.002s][info][gc,stats    ] All times are wall-clock times, except per-root-class counters, that are sum over
[125.002s][info][gc,stats    ] all workers. Dividing the <total> over the root stage time estimates parallelism.
[125.002s][info][gc,stats    ] 
[125.002s][info][gc,stats    ] Concurrent Reset                    457 us
[125.002s][info][gc,stats    ] Pause Init Mark (G)                 124 us
[125.002s][info][gc,stats    ] Pause Init Mark (N)                  90 us
[125.002s][info][gc,stats    ]   Update Region States               30 us
[125.002s][info][gc,stats    ] Concurrent Mark Roots               299 us, parallelism: 1.21x
[125.002s][info][gc,stats    ]   CMR: <total>                      361 us
[125.002s][info][gc,stats    ]   CMR: Thread Roots                 309 us, workers (us):  63,  72, 174, ---, ---, ---, 
[125.002s][info][gc,stats    ]   CMR: VM Strong Roots                4 us, workers (us):   2,   2,   0, ---, ---, ---, 
[125.002s][info][gc,stats    ]   CMR: CLDG Roots                    48 us, workers (us): ---, ---,  48, ---, ---, ---, 
[125.002s][info][gc,stats    ] Concurrent Marking                  855 us
[125.002s][info][gc,stats    ] Pause Final Mark (G)                243 us
[125.002s][info][gc,stats    ] Pause Final Mark (N)                210 us
[125.002s][info][gc,stats    ]   Finish Mark                        81 us
[125.002s][info][gc,stats    ]   Update Region States               30 us
[125.002s][info][gc,stats    ]   Choose Collection Set              50 us
[125.002s][info][gc,stats    ]   Rebuild Free Set                    9 us
[125.002s][info][gc,stats    ] Concurrent Weak References           82 us, parallelism: 0.05x
[125.002s][info][gc,stats    ]   CWRF: <total>                       4 us
[125.002s][info][gc,stats    ]   CWRF: Weak References               4 us, workers (us):   1,   3,   0, ---, ---, ---, 
[125.002s][info][gc,stats    ] Concurrent Weak Roots               166 us
[125.002s][info][gc,stats    ]   Roots                             108 us, parallelism: 0.86x
[125.002s][info][gc,stats    ]     CWR: <total>                     93 us
[125.002s][info][gc,stats    ]     CWR: Code Cache Roots            50 us, workers (us):  14,  36,   0, ---, ---, ---, 
[125.002s][info][gc,stats    ]     CWR: VM Weak Roots               43 us, workers (us):  17,  15,  11, ---, ---, ---, 
[125.002s][info][gc,stats    ]     CWR: CLDG Roots                   1 us, workers (us): ---, ---,   1, ---, ---, ---, 
[125.002s][info][gc,stats    ]   Rendezvous                         22 us
[125.002s][info][gc,stats    ] Concurrent Cleanup                   97 us
[125.002s][info][gc,stats    ] Concurrent Class Unloading          263 us
[125.002s][info][gc,stats    ]   Unlink Stale                      168 us
[125.002s][info][gc,stats    ]     System Dictionary                 1 us
[125.002s][info][gc,stats    ]     Weak Class Links                  0 us
[125.002s][info][gc,stats    ]     Code Roots                      166 us
[125.002s][info][gc,stats    ]   Rendezvous                         31 us
[125.002s][info][gc,stats    ]   Purge Unlinked                     27 us
[125.002s][info][gc,stats    ]     Code Roots                       24 us
[125.002s][info][gc,stats    ]     CLDG                              3 us
[125.002s][info][gc,stats    ]     Exception Caches                  0 us
[125.002s][info][gc,stats    ] Pause Final Roots (G)                50 us
[125.002s][info][gc,stats    ] Pause Final Roots (N)                24 us
[125.002s][info][gc,stats    ] Pacing                            91753 us
[125.002s][info][gc,stats    ] 
[125.002s][info][gc,stats    ] Allocation pacing accrued:
[125.002s][info][gc,stats    ]      92 of  5503 ms (  1.7%): main
[125.002s][info][gc,stats    ]      92 of  5503 ms (  1.7%): <total>
[125.002s][info][gc,stats    ]       7 of  5503 ms (  0.1%): <average total>
[125.002s][info][gc,stats    ]      92 of  5503 ms (  1.7%): <average non-zero>
[125.002s][info][gc,stats    ] 
[125.002s][info][gc,metaspace] Metaspace: 1070K(1280K)->1070K(1280K) NonClass: 989K(1088K)->989K(1088K) Class: 81K(192K)->81K(192K)
[125.002s][info][gc,ergo     ] Pacer for Idle. Initial: 20971K, Alloc Tax Rate: 1.0x
[131.061s][info][gc          ] Trigger: Free (30720K) is below minimum threshold (102M)
[131.061s][info][gc,ergo     ] Free: 30720K, Max: 512K regular, 21504K humongous, Frag: 30% external, 0% internal; Reserve: 52736K, Max: 512K
[131.061s][info][gc,start    ] GC(27) Concurrent reset
[131.061s][info][gc,task     ] GC(27) Using 3 of 6 workers for concurrent reset
[131.061s][info][gc,ergo     ] GC(27) Pacer for Reset. Non-Taxable: 1024M
[131.061s][info][gc          ] GC(27) Concurrent reset 0.205ms
[131.061s][info][gc,start    ] GC(27) Pause Init Mark (unload classes)
[131.061s][info][gc,task     ] GC(27) Using 6 of 6 workers for init marking
[131.061s][info][gc,ergo     ] GC(27) Pacer for Mark. Expected Live: 99922K, Free: 30720K, Non-Taxable: 3072K, Alloc Tax Rate: 4.0x
[131.061s][info][gc          ] GC(27) Pause Init Mark (unload classes) 0.098ms
[131.061s][info][gc,start    ] GC(27) Concurrent marking roots
[131.061s][info][gc,task     ] GC(27) Using 3 of 6 workers for concurrent marking roots
[131.061s][info][gc          ] GC(27) Concurrent marking roots 0.305ms
[131.061s][info][gc,start    ] GC(27) Concurrent marking (unload classes)
[131.061s][info][gc,task     ] GC(27) Using 3 of 6 workers for concurrent marking
[131.062s][info][gc          ] GC(27) Concurrent marking (unload classes) 0.718ms
[131.062s][info][gc,start    ] GC(27) Pause Final Mark (unload classes)
[131.062s][info][gc,task     ] GC(27) Using 6 of 6 workers for final marking
[131.062s][info][gc,ergo     ] GC(27) Collectable Garbage: 751M (99%), Immediate: 751M (99%), CSet: 0B (0%)
[131.062s][info][gc          ] GC(27) Pause Final Mark (unload classes) 0.214ms
[131.062s][info][gc,start    ] GC(27) Concurrent weak references
[131.062s][info][gc,task     ] GC(27) Using 3 of 6 workers for concurrent weak references
[131.063s][info][gc,ref      ] GC(27) Encountered references: Soft: 45, Weak: 116, Final: 0, Phantom: 7
[131.063s][info][gc,ref      ] GC(27) Discovered  references: Soft: 0, Weak: 73, Final: 0, Phantom: 5
[131.063s][info][gc,ref      ] GC(27) Enqueued    references: Soft: 0, Weak: 0, Final: 0, Phantom: 0
[131.063s][info][gc          ] GC(27) Concurrent weak references 0.115ms
[131.063s][info][gc,start    ] GC(27) Concurrent weak roots
[131.063s][info][gc,task     ] GC(27) Using 3 of 6 workers for concurrent weak root
[131.063s][info][gc          ] GC(27) Concurrent weak roots 0.192ms
[131.063s][info][gc,start    ] GC(27) Concurrent cleanup
[131.063s][info][gc          ] GC(27) Concurrent cleanup 917M->165M(1024M) 0.080ms
[131.063s][info][gc,ergo     ] GC(27) Free: 805M, Max: 512K regular, 423M humongous, Frag: 48% external, 0% internal; Reserve: 52736K, Max: 512K
[131.063s][info][gc,start    ] GC(27) Concurrent class unloading
[131.063s][info][gc,task     ] GC(27) Using 3 of 6 workers for concurrent class unloading
[131.063s][info][gc          ] GC(27) Concurrent class unloading 0.326ms
[131.063s][info][gc,start    ] GC(27) Pause Final Roots
[131.063s][info][gc          ] GC(27) Pause Final Roots 0.015ms
[131.063s][info][gc,ergo     ] Free: 805M, Max: 512K regular, 423M humongous, Frag: 48% external, 0% internal; Reserve: 52736K, Max: 512K
[131.063s][info][gc,stats    ] 
[131.063s][info][gc,stats    ] All times are wall-clock times, except per-root-class counters, that are sum over
[131.063s][info][gc,stats    ] all workers. Dividing the <total> over the root stage time estimates parallelism.
[131.063s][info][gc,stats    ] 
[131.063s][info][gc,stats    ] Concurrent Reset                    223 us
[131.063s][info][gc,stats    ] Pause Init Mark (G)                 169 us
[131.063s][info][gc,stats    ] Pause Init Mark (N)                 107 us
[131.063s][info][gc,stats    ]   Update Region States               50 us
[131.063s][info][gc,stats    ] Concurrent Mark Roots               323 us, parallelism: 1.24x
[131.063s][info][gc,stats    ]   CMR: <total>                      401 us
[131.063s][info][gc,stats    ]   CMR: Thread Roots                 363 us, workers (us):  57, 217,  88, ---, ---, ---, 
[131.063s][info][gc,stats    ]   CMR: VM Strong Roots                4 us, workers (us):   2,   1,   2, ---, ---, ---, 
[131.063s][info][gc,stats    ]   CMR: CLDG Roots                    33 us, workers (us):  33, ---, ---, ---, ---, ---, 
[131.063s][info][gc,stats    ] Concurrent Marking                  736 us
[131.063s][info][gc,stats    ] Pause Final Mark (G)                288 us
[131.063s][info][gc,stats    ] Pause Final Mark (N)                225 us
[131.063s][info][gc,stats    ]   Finish Mark                        74 us
[131.063s][info][gc,stats    ]   Update Region States               54 us
[131.063s][info][gc,stats    ]   Choose Collection Set              51 us
[131.063s][info][gc,stats    ]   Rebuild Free Set                    8 us
[131.063s][info][gc,stats    ] Concurrent Weak References          124 us, parallelism: 0.03x
[131.063s][info][gc,stats    ]   CWRF: <total>                       4 us
[131.063s][info][gc,stats    ]   CWRF: Weak References               4 us, workers (us):   2,   1,   0, ---, ---, ---, 
[131.063s][info][gc,stats    ] Concurrent Weak Roots               210 us
[131.063s][info][gc,stats    ]   Roots                             109 us, parallelism: 0.82x
[131.063s][info][gc,stats    ]     CWR: <total>                     89 us
[131.064s][info][gc,stats    ]     CWR: Code Cache Roots            48 us, workers (us):  13,  34,   0, ---, ---, ---, 
[131.064s][info][gc,stats    ]     CWR: VM Weak Roots               41 us, workers (us):  20,  20,   0, ---, ---, ---, 
[131.064s][info][gc,stats    ]     CWR: CLDG Roots                   1 us, workers (us):   1, ---, ---, ---, ---, ---, 
[131.064s][info][gc,stats    ]   Rendezvous                         66 us
[131.064s][info][gc,stats    ] Concurrent Cleanup                   90 us
[131.064s][info][gc,stats    ] Concurrent Class Unloading          337 us
[131.064s][info][gc,stats    ]   Unlink Stale                      266 us
[131.064s][info][gc,stats    ]     System Dictionary                 1 us
[131.064s][info][gc,stats    ]     Weak Class Links                  0 us
[131.064s][info][gc,stats    ]     Code Roots                      264 us
[131.064s][info][gc,stats    ]   Rendezvous                         20 us
[131.064s][info][gc,stats    ]   Purge Unlinked                     23 us
[131.064s][info][gc,stats    ]     Code Roots                       20 us
[131.064s][info][gc,stats    ]     CLDG                              2 us
[131.064s][info][gc,stats    ]     Exception Caches                  0 us
[131.064s][info][gc,stats    ] Pause Final Roots (G)                44 us
[131.064s][info][gc,stats    ] Pause Final Roots (N)                24 us
[131.064s][info][gc,stats    ] Pacing                           176944 us
[131.064s][info][gc,stats    ] 
[131.064s][info][gc,stats    ] Allocation pacing accrued:
[131.064s][info][gc,stats    ]     177 of  6062 ms (  2.9%): main
[131.064s][info][gc,stats    ]     177 of  6062 ms (  2.9%): <total>
[131.064s][info][gc,stats    ]      14 of  6062 ms (  0.2%): <average total>
[131.064s][info][gc,stats    ]     177 of  6062 ms (  2.9%): <average non-zero>
[131.064s][info][gc,stats    ] 
[131.064s][info][gc,metaspace] Metaspace: 1070K(1280K)->1070K(1280K) NonClass: 989K(1088K)->989K(1088K) Class: 81K(192K)->81K(192K)
[131.064s][info][gc,ergo     ] Pacer for Idle. Initial: 20971K, Alloc Tax Rate: 1.0x
[136.806s][info][gc          ] Failed to allocate Shared, 100M
[136.806s][info][gc          ] Cancelling GC: Allocation Failure
[136.821s][info][gc          ] Trigger: Handle Allocation Failure
[136.821s][info][gc,ergo     ] Free: 116M, Max: 512K regular, 53760K humongous, Frag: 55% external, 0% internal; Reserve: 52736K, Max: 512K
[136.821s][info][gc,start    ] GC(28) Pause Degenerated GC (Outside of Cycle)
[136.821s][info][gc,task     ] GC(28) Using 6 of 6 workers for stw degenerated gc
[136.821s][info][gc,ref      ] GC(28) Clearing All SoftReferences
[136.822s][info][gc,ref      ] GC(28) Encountered references: Soft: 45, Weak: 116, Final: 0, Phantom: 7
[136.822s][info][gc,ref      ] GC(28) Discovered  references: Soft: 20, Weak: 95, Final: 0, Phantom: 5
[136.822s][info][gc,ref      ] GC(28) Enqueued    references: Soft: 0, Weak: 0, Final: 0, Phantom: 0
[136.822s][info][gc,ergo     ] GC(28) Collectable Garbage: 768M (99%), Immediate: 768M (99%), CSet: 0B (0%)
[136.822s][info][gc,ergo     ] GC(28) Good progress for free space: 906M, need 10485K
[136.822s][info][gc,ergo     ] GC(28) Good progress for used space: 768M, need 512K
[136.822s][info][gc          ] GC(28) Pause Degenerated GC (Outside of Cycle) 834M->65M(1024M) 1.234ms
[136.822s][info][gc,ergo     ] Free: 906M, Max: 512K regular, 412M humongous, Frag: 55% external, 0% internal; Reserve: 52736K, Max: 512K
[136.822s][info][gc,stats    ] 
[136.822s][info][gc,stats    ] All times are wall-clock times, except per-root-class counters, that are sum over
[136.822s][info][gc,stats    ] all workers. Dividing the <total> over the root stage time estimates parallelism.
[136.822s][info][gc,stats    ] 
[136.822s][info][gc,stats    ] Pause Degenerated GC (G)           1285 us
[136.822s][info][gc,stats    ] Pause Degenerated GC (N)           1244 us
[136.822s][info][gc,stats    ]   Degen STW Mark                    497 us, parallelism: 5.35x
[136.822s][info][gc,stats    ]     DSM: <total>                   2658 us
[136.822s][info][gc,stats    ]     DSM: Thread Roots                56 us, workers (us):   8,   8,  13,   4,  11,  12, 
[136.822s][info][gc,stats    ]     DSM: VM Strong Roots              4 us, workers (us):   1,   2,   0,   0,   0,   0, 
[136.822s][info][gc,stats    ]     DSM: CLDG Roots                  44 us, workers (us):   0,   0,   0,  42,   0,   0, 
[136.822s][info][gc,stats    ]     DSM: Parallel Mark             2555 us, workers (us): 433, 435, 429, 397, 433, 428, 
[136.822s][info][gc,stats    ]     System Purge                    180 us
[136.822s][info][gc,stats    ]       Weak References                59 us, parallelism: 0.13x
[136.822s][info][gc,stats    ]         WRP: <total>                  8 us
[136.822s][info][gc,stats    ]         WRP: Weak References          8 us, workers (us):   2,   4,   0,   0,   1,   0, 
[136.822s][info][gc,stats    ]       Unload Classes                 94 us, parallelism: 3.22x
[136.822s][info][gc,stats    ]         DCU: <total>                302 us
[136.822s][info][gc,stats    ]         DCU: Unload Code Caches      302 us, workers (us):  54,  59,  65,  51,  50,  23, 
[136.822s][info][gc,stats    ]       Weak Roots                     26 us, parallelism: 2.19x
[136.822s][info][gc,stats    ]         DWR: <total>                 58 us
[136.822s][info][gc,stats    ]         DWR: VM Weak Roots           58 us, workers (us):  11,  10,  10,   9,  10,   8, 
[136.822s][info][gc,stats    ]       CLDG                            0 us
[136.822s][info][gc,stats    ]   Update Region States               31 us
[136.822s][info][gc,stats    ]   Manage GC/TLABs                     3 us
[136.822s][info][gc,stats    ]   Choose Collection Set              49 us
[136.822s][info][gc,stats    ]   Rebuild Free Set                    8 us
[136.822s][info][gc,stats    ]   Cleanup                             5 us
[136.822s][info][gc,stats    ] Pacing                           106535 us
[136.822s][info][gc,stats    ] 
[136.822s][info][gc,stats    ] Allocation pacing accrued:
[136.823s][info][gc,stats    ]     107 of  5759 ms (  1.8%): main
[136.823s][info][gc,stats    ]     107 of  5759 ms (  1.8%): <total>
[136.823s][info][gc,stats    ]       8 of  5759 ms (  0.1%): <average total>
[136.823s][info][gc,stats    ]     107 of  5759 ms (  1.8%): <average non-zero>
[136.823s][info][gc,stats    ] 
[136.823s][info][gc,metaspace] Metaspace: 1070K(1280K)->1070K(1280K) NonClass: 989K(1088K)->989K(1088K) Class: 81K(192K)->81K(192K)
[136.823s][info][gc,ergo     ] Pacer for Idle. Initial: 20971K, Alloc Tax Rate: 1.0x
[142.123s][info][gc          ] Trigger: Average GC time (2.86 ms) is above the time for average allocation rate (79195 KB/s) to deplete free headroom (0B) (margin of error = 2.08)
[142.123s][info][gc,ergo     ] Free headroom: 177M (free) - 52428K (spike) - 133M (penalties) = 0B
[142.123s][info][gc,ergo     ] Free: 177M, Max: 512K regular, 163M humongous, Frag: 8% external, 0% internal; Reserve: 52736K, Max: 512K
[142.123s][info][gc,start    ] GC(29) Concurrent reset
[142.123s][info][gc,task     ] GC(29) Using 3 of 6 workers for concurrent reset
[142.123s][info][gc,ergo     ] GC(29) Pacer for Reset. Non-Taxable: 1024M
[142.123s][info][gc          ] GC(29) Concurrent reset 0.226ms
[142.123s][info][gc,start    ] GC(29) Pause Init Mark (unload classes)
[142.123s][info][gc,task     ] GC(29) Using 6 of 6 workers for init marking
[142.123s][info][gc,ergo     ] GC(29) Pacer for Mark. Expected Live: 120M, Free: 177M, Non-Taxable: 18124K, Alloc Tax Rate: 0.8x
[142.123s][info][gc          ] GC(29) Pause Init Mark (unload classes) 0.100ms
[142.123s][info][gc,start    ] GC(29) Concurrent marking roots
[142.123s][info][gc,task     ] GC(29) Using 3 of 6 workers for concurrent marking roots
[142.123s][info][gc          ] GC(29) Concurrent marking roots 0.276ms
[142.123s][info][gc,start    ] GC(29) Concurrent marking (unload classes)
[142.123s][info][gc,task     ] GC(29) Using 3 of 6 workers for concurrent marking
[142.124s][info][gc          ] GC(29) Concurrent marking (unload classes) 0.769ms
[142.124s][info][gc,start    ] GC(29) Pause Final Mark (unload classes)
[142.124s][info][gc,task     ] GC(29) Using 6 of 6 workers for final marking
[142.124s][info][gc,ergo     ] GC(29) Collectable Garbage: 646M (99%), Immediate: 646M (99%), CSet: 0B (0%)
[142.124s][info][gc          ] GC(29) Pause Final Mark (unload classes) 0.205ms
[142.125s][info][gc,start    ] GC(29) Concurrent weak references
[142.125s][info][gc,task     ] GC(29) Using 3 of 6 workers for concurrent weak references
[142.125s][info][gc,ref      ] GC(29) Encountered references: Soft: 45, Weak: 116, Final: 0, Phantom: 7
[142.125s][info][gc,ref      ] GC(29) Discovered  references: Soft: 0, Weak: 70, Final: 0, Phantom: 5
[142.125s][info][gc,ref      ] GC(29) Enqueued    references: Soft: 0, Weak: 0, Final: 0, Phantom: 0
[142.125s][info][gc          ] GC(29) Concurrent weak references 0.089ms
[142.125s][info][gc,start    ] GC(29) Concurrent weak roots
[142.125s][info][gc,task     ] GC(29) Using 3 of 6 workers for concurrent weak root
[142.125s][info][gc          ] GC(29) Concurrent weak roots 0.214ms
[142.125s][info][gc,start    ] GC(29) Concurrent cleanup
[142.125s][info][gc          ] GC(29) Concurrent cleanup 772M->125M(1024M) 0.075ms
[142.125s][info][gc,ergo     ] GC(29) Free: 845M, Max: 512K regular, 373M humongous, Frag: 56% external, 0% internal; Reserve: 52736K, Max: 512K
[142.125s][info][gc,start    ] GC(29) Concurrent class unloading
[142.125s][info][gc,task     ] GC(29) Using 3 of 6 workers for concurrent class unloading
[142.125s][info][gc          ] GC(29) Concurrent class unloading 0.228ms
[142.125s][info][gc,start    ] GC(29) Pause Final Roots
[142.125s][info][gc          ] GC(29) Pause Final Roots 0.017ms
[142.125s][info][gc,ergo     ] Free: 845M, Max: 512K regular, 373M humongous, Frag: 56% external, 0% internal; Reserve: 52736K, Max: 512K
[142.125s][info][gc,stats    ] 
[142.125s][info][gc,stats    ] All times are wall-clock times, except per-root-class counters, that are sum over
[142.125s][info][gc,stats    ] all workers. Dividing the <total> over the root stage time estimates parallelism.
[142.125s][info][gc,stats    ] 
[142.125s][info][gc,stats    ] Concurrent Reset                    247 us
[142.125s][info][gc,stats    ] Pause Init Mark (G)                 176 us
[142.125s][info][gc,stats    ] Pause Init Mark (N)                 112 us
[142.125s][info][gc,stats    ]   Update Region States               55 us
[142.125s][info][gc,stats    ] Concurrent Mark Roots               294 us, parallelism: 1.26x
[142.125s][info][gc,stats    ]   CMR: <total>                      372 us
[142.125s][info][gc,stats    ]   CMR: Thread Roots                 317 us, workers (us): 171,  69,  78, ---, ---, ---, 
[142.125s][info][gc,stats    ]   CMR: VM Strong Roots                6 us, workers (us):   3,   1,   1, ---, ---, ---, 
[142.125s][info][gc,stats    ]   CMR: CLDG Roots                    49 us, workers (us):  49, ---, ---, ---, ---, ---, 
[142.125s][info][gc,stats    ] Concurrent Marking                  789 us
[142.125s][info][gc,stats    ] Pause Final Mark (G)                331 us
[142.125s][info][gc,stats    ] Pause Final Mark (N)                220 us
[142.125s][info][gc,stats    ]   Finish Mark                        41 us
[142.125s][info][gc,stats    ]   Update Region States               59 us
[142.125s][info][gc,stats    ]   Choose Collection Set              58 us
[142.125s][info][gc,stats    ]   Rebuild Free Set                   13 us
[142.125s][info][gc,stats    ] Concurrent Weak References           98 us, parallelism: 0.05x
[142.125s][info][gc,stats    ]   CWRF: <total>                       5 us
[142.125s][info][gc,stats    ]   CWRF: Weak References               5 us, workers (us):   3,   1,   0, ---, ---, ---, 
[142.125s][info][gc,stats    ] Concurrent Weak Roots               235 us
[142.125s][info][gc,stats    ]   Roots                             130 us, parallelism: 0.88x
[142.125s][info][gc,stats    ]     CWR: <total>                    115 us
[142.125s][info][gc,stats    ]     CWR: Code Cache Roots            64 us, workers (us):  49,  15,   0, ---, ---, ---, 
[142.125s][info][gc,stats    ]     CWR: VM Weak Roots               51 us, workers (us):  26,  24,   0, ---, ---, ---, 
[142.126s][info][gc,stats    ]     CWR: CLDG Roots                   1 us, workers (us): ---,   1, ---, ---, ---, ---, 
[142.126s][info][gc,stats    ]   Rendezvous                         67 us
[142.126s][info][gc,stats    ] Concurrent Cleanup                   85 us
[142.126s][info][gc,stats    ] Concurrent Class Unloading          242 us
[142.126s][info][gc,stats    ]   Unlink Stale                      163 us
[142.126s][info][gc,stats    ]     System Dictionary                 1 us
[142.126s][info][gc,stats    ]     Weak Class Links                  0 us
[142.126s][info][gc,stats    ]     Code Roots                      161 us
[142.126s][info][gc,stats    ]   Rendezvous                         26 us
[142.126s][info][gc,stats    ]   Purge Unlinked                     23 us
[142.126s][info][gc,stats    ]     Code Roots                       20 us
[142.126s][info][gc,stats    ]     CLDG                              2 us
[142.126s][info][gc,stats    ]     Exception Caches                  0 us
[142.126s][info][gc,stats    ] Pause Final Roots (G)                46 us
[142.126s][info][gc,stats    ] Pause Final Roots (N)                26 us
[142.126s][info][gc,stats    ] 
[142.126s][info][gc,stats    ] Allocation pacing accrued:
[142.126s][info][gc,stats    ]       0 of  5303 ms (  0.0%): <total>
[142.126s][info][gc,stats    ]       0 of  5303 ms (  0.0%): <average total>
[142.126s][info][gc,stats    ] 
[142.126s][info][gc,metaspace] Metaspace: 1070K(1280K)->1070K(1280K) NonClass: 989K(1088K)->989K(1088K) Class: 81K(192K)->81K(192K)
[142.126s][info][gc,ergo     ] Pacer for Idle. Initial: 20971K, Alloc Tax Rate: 1.0x
[147.081s][info][gc          ] Trigger: Average GC time (2.78 ms) is above the time for average allocation rate (114 MB/s) to deplete free headroom (0B) (margin of error = 2.08)
[147.081s][info][gc,ergo     ] Free headroom: 171M (free) - 52428K (spike) - 122M (penalties) = 0B
[147.081s][info][gc,ergo     ] Free: 171M, Max: 512K regular, 77312K humongous, Frag: 56% external, 0% internal; Reserve: 52736K, Max: 512K
[147.081s][info][gc,start    ] GC(30) Concurrent reset
[147.081s][info][gc,task     ] GC(30) Using 3 of 6 workers for concurrent reset
[147.081s][info][gc,ergo     ] GC(30) Pacer for Reset. Non-Taxable: 1024M
[147.081s][info][gc          ] GC(30) Concurrent reset 0.234ms
[147.081s][info][gc,start    ] GC(30) Pause Init Mark (unload classes)
[147.081s][info][gc,task     ] GC(30) Using 6 of 6 workers for init marking
[147.081s][info][gc,ergo     ] GC(30) Pacer for Mark. Expected Live: 116M, Free: 171M, Non-Taxable: 17561K, Alloc Tax Rate: 0.8x
[147.081s][info][gc          ] GC(30) Pause Init Mark (unload classes) 0.112ms
[147.081s][info][gc,start    ] GC(30) Concurrent marking roots
[147.081s][info][gc,task     ] GC(30) Using 3 of 6 workers for concurrent marking roots
[147.081s][info][gc          ] GC(30) Concurrent marking roots 0.299ms
[147.081s][info][gc,start    ] GC(30) Concurrent marking (unload classes)
[147.081s][info][gc,task     ] GC(30) Using 3 of 6 workers for concurrent marking
[147.082s][info][gc          ] GC(30) Concurrent marking (unload classes) 0.729ms
[147.082s][info][gc,start    ] GC(30) Pause Final Mark (unload classes)
[147.082s][info][gc,task     ] GC(30) Using 6 of 6 workers for final marking
[147.082s][info][gc,ergo     ] GC(30) Collectable Garbage: 742M (99%), Immediate: 742M (99%), CSet: 0B (0%)
[147.082s][info][gc          ] GC(30) Pause Final Mark (unload classes) 0.218ms
[147.082s][info][gc,start    ] GC(30) Concurrent weak references
[147.083s][info][gc,task     ] GC(30) Using 3 of 6 workers for concurrent weak references
[147.083s][info][gc,ref      ] GC(30) Encountered references: Soft: 45, Weak: 116, Final: 0, Phantom: 7
[147.083s][info][gc,ref      ] GC(30) Discovered  references: Soft: 0, Weak: 68, Final: 0, Phantom: 5
[147.083s][info][gc,ref      ] GC(30) Enqueued    references: Soft: 0, Weak: 0, Final: 0, Phantom: 0
[147.083s][info][gc          ] GC(30) Concurrent weak references 0.102ms
[147.083s][info][gc,start    ] GC(30) Concurrent weak roots
[147.083s][info][gc,task     ] GC(30) Using 3 of 6 workers for concurrent weak root
[147.083s][info][gc          ] GC(30) Concurrent weak roots 0.169ms
[147.083s][info][gc,start    ] GC(30) Concurrent cleanup
[147.083s][info][gc          ] GC(30) Concurrent cleanup 779M->36M(1024M) 0.073ms
[147.083s][info][gc,ergo     ] GC(30) Free: 933M, Max: 512K regular, 387M humongous, Frag: 59% external, 0% internal; Reserve: 52736K, Max: 512K
[147.083s][info][gc,start    ] GC(30) Concurrent class unloading
[147.083s][info][gc,task     ] GC(30) Using 3 of 6 workers for concurrent class unloading
[147.083s][info][gc          ] GC(30) Concurrent class unloading 0.268ms
[147.083s][info][gc,start    ] GC(30) Pause Final Roots
[147.083s][info][gc          ] GC(30) Pause Final Roots 0.020ms
[147.083s][info][gc,ergo     ] Free: 933M, Max: 512K regular, 387M humongous, Frag: 59% external, 0% internal; Reserve: 52736K, Max: 512K
[147.083s][info][gc,stats    ] 
[147.083s][info][gc,stats    ] All times are wall-clock times, except per-root-class counters, that are sum over
[147.083s][info][gc,stats    ] all workers. Dividing the <total> over the root stage time estimates parallelism.
[147.083s][info][gc,stats    ] 
[147.083s][info][gc,stats    ] Concurrent Reset                    254 us
[147.083s][info][gc,stats    ] Pause Init Mark (G)                 215 us
[147.083s][info][gc,stats    ] Pause Init Mark (N)                 122 us
[147.083s][info][gc,stats    ]   Update Region States               59 us
[147.083s][info][gc,stats    ] Concurrent Mark Roots               317 us, parallelism: 1.02x
[147.083s][info][gc,stats    ]   CMR: <total>                      325 us
[147.083s][info][gc,stats    ]   CMR: Thread Roots                 290 us, workers (us):  72,  35, 183, ---, ---, ---, 
[147.083s][info][gc,stats    ]   CMR: VM Strong Roots                4 us, workers (us):   3,   1,   0, ---, ---, ---, 
[147.083s][info][gc,stats    ]   CMR: CLDG Roots                    31 us, workers (us): ---,  31, ---, ---, ---, ---, 
[147.083s][info][gc,stats    ] Concurrent Marking                  753 us
[147.084s][info][gc,stats    ] Pause Final Mark (G)                343 us
[147.084s][info][gc,stats    ] Pause Final Mark (N)                228 us
[147.084s][info][gc,stats    ]   Finish Mark                        47 us
[147.084s][info][gc,stats    ]   Update Region States               86 us
[147.084s][info][gc,stats    ]   Choose Collection Set              52 us
[147.084s][info][gc,stats    ]   Rebuild Free Set                    9 us
[147.084s][info][gc,stats    ] Concurrent Weak References          110 us, parallelism: 0.05x
[147.084s][info][gc,stats    ]   CWRF: <total>                       5 us
[147.084s][info][gc,stats    ]   CWRF: Weak References               5 us, workers (us):   4,   1,   0, ---, ---, ---, 
[147.084s][info][gc,stats    ] Concurrent Weak Roots               183 us
[147.084s][info][gc,stats    ]   Roots                              95 us, parallelism: 1.00x
[147.084s][info][gc,stats    ]     CWR: <total>                     96 us
[147.084s][info][gc,stats    ]     CWR: Code Cache Roots            53 us, workers (us):  37,  16,   0, ---, ---, ---, 
[147.084s][info][gc,stats    ]     CWR: VM Weak Roots               42 us, workers (us):  38,   2,   2, ---, ---, ---, 
[147.084s][info][gc,stats    ]     CWR: CLDG Roots                   1 us, workers (us): ---, ---,   1, ---, ---, ---, 
[147.084s][info][gc,stats    ]   Rendezvous                         58 us
[147.084s][info][gc,stats    ] Concurrent Cleanup                   86 us
[147.084s][info][gc,stats    ] Concurrent Class Unloading          291 us
[147.084s][info][gc,stats    ]   Unlink Stale                      186 us
[147.084s][info][gc,stats    ]     System Dictionary                 2 us
[147.084s][info][gc,stats    ]     Weak Class Links                  0 us
[147.084s][info][gc,stats    ]     Code Roots                      184 us
[147.084s][info][gc,stats    ]   Rendezvous                         29 us
[147.084s][info][gc,stats    ]   Purge Unlinked                     36 us
[147.084s][info][gc,stats    ]     Code Roots                       31 us
[147.084s][info][gc,stats    ]     CLDG                              5 us
[147.084s][info][gc,stats    ]     Exception Caches                  0 us
[147.084s][info][gc,stats    ] Pause Final Roots (G)                59 us
[147.084s][info][gc,stats    ] Pause Final Roots (N)                32 us
[147.084s][info][gc,stats    ] Pacing                           107380 us
[147.084s][info][gc,stats    ] 
[147.084s][info][gc,stats    ] Allocation pacing accrued:
[147.084s][info][gc,stats    ]     107 of  4958 ms (  2.2%): main
[147.084s][info][gc,stats    ]     107 of  4958 ms (  2.2%): <total>
[147.084s][info][gc,stats    ]       8 of  4958 ms (  0.2%): <average total>
[147.084s][info][gc,stats    ]     107 of  4958 ms (  2.2%): <average non-zero>
[147.084s][info][gc,stats    ] 
[147.084s][info][gc,metaspace] Metaspace: 1070K(1280K)->1070K(1280K) NonClass: 989K(1088K)->989K(1088K) Class: 81K(192K)->81K(192K)
[147.084s][info][gc,ergo     ] Pacer for Idle. Initial: 20971K, Alloc Tax Rate: 1.0x
[152.497s][info][gc          ] Trigger: Free (81408K) is below minimum threshold (102M)
[152.497s][info][gc,ergo     ] Free: 81408K, Max: 512K regular, 66048K humongous, Frag: 19% external, 0% internal; Reserve: 52736K, Max: 512K
[152.497s][info][gc,start    ] GC(31) Concurrent reset
[152.497s][info][gc,task     ] GC(31) Using 3 of 6 workers for concurrent reset
[152.497s][info][gc,ergo     ] GC(31) Pacer for Reset. Non-Taxable: 1024M
[152.497s][info][gc          ] GC(31) Concurrent reset 0.337ms
[152.497s][info][gc,start    ] GC(31) Pause Init Mark (unload classes)
[152.497s][info][gc,task     ] GC(31) Using 6 of 6 workers for init marking
[152.497s][info][gc,ergo     ] GC(31) Pacer for Mark. Expected Live: 118M, Free: 81408K, Non-Taxable: 8140K, Alloc Tax Rate: 1.8x
[152.497s][info][gc          ] GC(31) Pause Init Mark (unload classes) 0.088ms
[152.497s][info][gc,start    ] GC(31) Concurrent marking roots
[152.497s][info][gc,task     ] GC(31) Using 3 of 6 workers for concurrent marking roots
[152.497s][info][gc          ] GC(31) Concurrent marking roots 0.250ms
[152.497s][info][gc,start    ] GC(31) Concurrent marking (unload classes)
[152.497s][info][gc,task     ] GC(31) Using 3 of 6 workers for concurrent marking
[152.498s][info][gc          ] GC(31) Concurrent marking (unload classes) 0.750ms
[152.498s][info][gc,start    ] GC(31) Pause Final Mark (unload classes)
[152.498s][info][gc,task     ] GC(31) Using 6 of 6 workers for final marking
[152.498s][info][gc,ergo     ] GC(31) Collectable Garbage: 760M (99%), Immediate: 760M (99%), CSet: 0B (0%)
[152.498s][info][gc          ] GC(31) Pause Final Mark (unload classes) 0.139ms
[152.498s][info][gc,start    ] GC(31) Concurrent weak references
[152.498s][info][gc,task     ] GC(31) Using 3 of 6 workers for concurrent weak references
[152.498s][info][gc,ref      ] GC(31) Encountered references: Soft: 45, Weak: 116, Final: 0, Phantom: 7
[152.498s][info][gc,ref      ] GC(31) Discovered  references: Soft: 0, Weak: 95, Final: 0, Phantom: 5
[152.498s][info][gc,ref      ] GC(31) Enqueued    references: Soft: 0, Weak: 0, Final: 0, Phantom: 0
[152.498s][info][gc          ] GC(31) Concurrent weak references 0.077ms
[152.498s][info][gc,start    ] GC(31) Concurrent weak roots
[152.498s][info][gc,task     ] GC(31) Using 3 of 6 workers for concurrent weak root
[152.499s][info][gc          ] GC(31) Concurrent weak roots 0.107ms
[152.499s][info][gc,start    ] GC(31) Concurrent cleanup
[152.499s][info][gc          ] GC(31) Concurrent cleanup 871M->110M(1024M) 0.074ms
[152.499s][info][gc,ergo     ] GC(31) Free: 861M, Max: 512K regular, 486M humongous, Frag: 44% external, 0% internal; Reserve: 52736K, Max: 512K
[152.499s][info][gc,start    ] GC(31) Concurrent class unloading
[152.499s][info][gc,task     ] GC(31) Using 3 of 6 workers for concurrent class unloading
[152.499s][info][gc          ] GC(31) Concurrent class unloading 0.218ms
[152.499s][info][gc,start    ] GC(31) Pause Final Roots
[152.499s][info][gc          ] GC(31) Pause Final Roots 0.017ms
[152.499s][info][gc,ergo     ] Free: 861M, Max: 512K regular, 486M humongous, Frag: 44% external, 0% internal; Reserve: 52736K, Max: 512K
[152.499s][info][gc,stats    ] 
[152.499s][info][gc,stats    ] All times are wall-clock times, except per-root-class counters, that are sum over
[152.499s][info][gc,stats    ] all workers. Dividing the <total> over the root stage time estimates parallelism.
[152.499s][info][gc,stats    ] 
[152.499s][info][gc,stats    ] Concurrent Reset                    357 us
[152.499s][info][gc,stats    ] Pause Init Mark (G)                 128 us
[152.499s][info][gc,stats    ] Pause Init Mark (N)                  97 us
[152.499s][info][gc,stats    ]   Update Region States               49 us
[152.499s][info][gc,stats    ] Concurrent Mark Roots               265 us, parallelism: 1.26x
[152.499s][info][gc,stats    ]   CMR: <total>                      334 us
[152.499s][info][gc,stats    ]   CMR: Thread Roots                 301 us, workers (us): 199,  66,  36, ---, ---, ---, 
[152.499s][info][gc,stats    ]   CMR: VM Strong Roots                4 us, workers (us):   2,   2,   0, ---, ---, ---, 
[152.499s][info][gc,stats    ]   CMR: CLDG Roots                    29 us, workers (us): ---, ---,  29, ---, ---, ---, 
[152.499s][info][gc,stats    ] Concurrent Marking                  766 us
[152.499s][info][gc,stats    ] Pause Final Mark (G)                183 us
[152.499s][info][gc,stats    ] Pause Final Mark (N)                148 us
[152.499s][info][gc,stats    ]   Finish Mark                        28 us
[152.499s][info][gc,stats    ]   Update Region States               28 us
[152.499s][info][gc,stats    ]   Choose Collection Set              49 us
[152.499s][info][gc,stats    ]   Rebuild Free Set                    8 us
[152.499s][info][gc,stats    ] Concurrent Weak References           86 us, parallelism: 0.05x
[152.499s][info][gc,stats    ]   CWRF: <total>                       4 us
[152.499s][info][gc,stats    ]   CWRF: Weak References               4 us, workers (us):   1,   3,   0, ---, ---, ---, 
[152.499s][info][gc,stats    ] Concurrent Weak Roots               121 us
[152.499s][info][gc,stats    ]   Roots                              68 us, parallelism: 1.28x
[152.499s][info][gc,stats    ]     CWR: <total>                     87 us
[152.499s][info][gc,stats    ]     CWR: Code Cache Roots            46 us, workers (us):  32,   0,  14, ---, ---, ---, 
[152.499s][info][gc,stats    ]     CWR: VM Weak Roots               40 us, workers (us):  14,  13,  13, ---, ---, ---, 
[152.499s][info][gc,stats    ]     CWR: CLDG Roots                   1 us, workers (us): ---,   1, ---, ---, ---, ---, 
[152.499s][info][gc,stats    ]   Rendezvous                         23 us
[152.499s][info][gc,stats    ] Concurrent Cleanup                   84 us
[152.499s][info][gc,stats    ] Concurrent Class Unloading          231 us
[152.499s][info][gc,stats    ]   Unlink Stale                      154 us
[152.499s][info][gc,stats    ]     System Dictionary                 1 us
[152.499s][info][gc,stats    ]     Weak Class Links                  0 us
[152.499s][info][gc,stats    ]     Code Roots                      152 us
[152.499s][info][gc,stats    ]   Rendezvous                         26 us
[152.499s][info][gc,stats    ]   Purge Unlinked                     22 us
[152.499s][info][gc,stats    ]     Code Roots                       19 us
[152.499s][info][gc,stats    ]     CLDG                              2 us
[152.499s][info][gc,stats    ]     Exception Caches                  0 us
[152.499s][info][gc,stats    ] Pause Final Roots (G)                47 us
[152.499s][info][gc,stats    ] Pause Final Roots (N)                26 us
[152.499s][info][gc,stats    ] Pacing                           122964 us
[152.499s][info][gc,stats    ] 
[152.499s][info][gc,stats    ] Allocation pacing accrued:
[152.499s][info][gc,stats    ]     123 of  5416 ms (  2.3%): main
[152.499s][info][gc,stats    ]     123 of  5416 ms (  2.3%): <total>
[152.499s][info][gc,stats    ]       9 of  5416 ms (  0.2%): <average total>
[152.499s][info][gc,stats    ]     123 of  5416 ms (  2.3%): <average non-zero>
[152.499s][info][gc,stats    ] 
[152.499s][info][gc,metaspace] Metaspace: 1070K(1280K)->1070K(1280K) NonClass: 989K(1088K)->989K(1088K) Class: 81K(192K)->81K(192K)
[152.499s][info][gc,ergo     ] Pacer for Idle. Initial: 20971K, Alloc Tax Rate: 1.0x
[158.203s][info][gc          ] Trigger: Average GC time (2.79 ms) is above the time for average allocation rate (311 MB/s) to deplete free headroom (0B) (margin of error = 2.07)
[158.203s][info][gc,ergo     ] Free headroom: 130M (free) - 52428K (spike) - 102M (penalties) = 0B
[158.203s][info][gc,ergo     ] Free: 130M, Max: 512K regular, 66048K humongous, Frag: 51% external, 0% internal; Reserve: 52736K, Max: 512K
[158.203s][info][gc,start    ] GC(32) Concurrent reset
[158.203s][info][gc,task     ] GC(32) Using 3 of 6 workers for concurrent reset
[158.203s][info][gc,ergo     ] GC(32) Pacer for Reset. Non-Taxable: 1024M
[158.203s][info][gc          ] GC(32) Concurrent reset 0.184ms
[158.203s][info][gc,start    ] GC(32) Pause Init Mark (unload classes)
[158.203s][info][gc,task     ] GC(32) Using 6 of 6 workers for init marking
[158.203s][info][gc,ergo     ] GC(32) Pacer for Mark. Expected Live: 103M, Free: 130M, Non-Taxable: 13312K, Alloc Tax Rate: 1.0x
[158.203s][info][gc          ] GC(32) Pause Init Mark (unload classes) 0.071ms
[158.203s][info][gc,start    ] GC(32) Concurrent marking roots
[158.203s][info][gc,task     ] GC(32) Using 3 of 6 workers for concurrent marking roots
[158.204s][info][gc          ] GC(32) Concurrent marking roots 0.251ms
[158.204s][info][gc,start    ] GC(32) Concurrent marking (unload classes)
[158.204s][info][gc,task     ] GC(32) Using 3 of 6 workers for concurrent marking
[158.204s][info][gc          ] GC(32) Concurrent marking (unload classes) 0.688ms
[158.204s][info][gc,start    ] GC(32) Pause Final Mark (unload classes)
[158.204s][info][gc,task     ] GC(32) Using 6 of 6 workers for final marking
[158.204s][info][gc,ergo     ] GC(32) Collectable Garbage: 672M (99%), Immediate: 672M (99%), CSet: 0B (0%)
[158.205s][info][gc          ] GC(32) Pause Final Mark (unload classes) 0.143ms
[158.205s][info][gc,start    ] GC(32) Concurrent weak references
[158.205s][info][gc,task     ] GC(32) Using 3 of 6 workers for concurrent weak references
[158.205s][info][gc,ref      ] GC(32) Encountered references: Soft: 45, Weak: 116, Final: 0, Phantom: 7
[158.205s][info][gc,ref      ] GC(32) Discovered  references: Soft: 0, Weak: 95, Final: 0, Phantom: 5
[158.205s][info][gc,ref      ] GC(32) Enqueued    references: Soft: 0, Weak: 0, Final: 0, Phantom: 0
[158.205s][info][gc          ] GC(32) Concurrent weak references 0.085ms
[158.205s][info][gc,start    ] GC(32) Concurrent weak roots
[158.205s][info][gc,task     ] GC(32) Using 3 of 6 workers for concurrent weak root
[158.205s][info][gc          ] GC(32) Concurrent weak roots 0.130ms
[158.205s][info][gc,start    ] GC(32) Concurrent cleanup
[158.205s][info][gc          ] GC(32) Concurrent cleanup 818M->145M(1024M) 0.068ms
[158.205s][info][gc,ergo     ] GC(32) Free: 824M, Max: 512K regular, 236M humongous, Frag: 72% external, 0% internal; Reserve: 52736K, Max: 512K
[158.205s][info][gc,start    ] GC(32) Concurrent class unloading
[158.205s][info][gc,task     ] GC(32) Using 3 of 6 workers for concurrent class unloading
[158.205s][info][gc          ] GC(32) Concurrent class unloading 0.228ms
[158.205s][info][gc,start    ] GC(32) Pause Final Roots
[158.205s][info][gc          ] GC(32) Pause Final Roots 0.016ms
[158.205s][info][gc,ergo     ] Free: 824M, Max: 512K regular, 236M humongous, Frag: 72% external, 0% internal; Reserve: 52736K, Max: 512K
[158.205s][info][gc,stats    ] 
[158.205s][info][gc,stats    ] All times are wall-clock times, except per-root-class counters, that are sum over
[158.205s][info][gc,stats    ] all workers. Dividing the <total> over the root stage time estimates parallelism.
[158.205s][info][gc,stats    ] 
[158.205s][info][gc,stats    ] Concurrent Reset                    200 us
[158.205s][info][gc,stats    ] Pause Init Mark (G)                 113 us
[158.205s][info][gc,stats    ] Pause Init Mark (N)                  80 us
[158.205s][info][gc,stats    ]   Update Region States               26 us
[158.205s][info][gc,stats    ] Concurrent Mark Roots               264 us, parallelism: 1.32x
[158.205s][info][gc,stats    ]   CMR: <total>                      349 us
[158.205s][info][gc,stats    ]   CMR: Thread Roots                 313 us, workers (us): 207,  68,  38, ---, ---, ---, 
[158.205s][info][gc,stats    ]   CMR: VM Strong Roots                5 us, workers (us):   3,   1,   0, ---, ---, ---, 
[158.205s][info][gc,stats    ]   CMR: CLDG Roots                    31 us, workers (us): ---, ---,  31, ---, ---, ---, 
[158.205s][info][gc,stats    ] Concurrent Marking                  709 us
[158.205s][info][gc,stats    ] Pause Final Mark (G)                192 us
[158.205s][info][gc,stats    ] Pause Final Mark (N)                153 us
[158.205s][info][gc,stats    ]   Finish Mark                        25 us
[158.205s][info][gc,stats    ]   Update Region States               29 us
[158.205s][info][gc,stats    ]   Choose Collection Set              54 us
[158.205s][info][gc,stats    ]   Rebuild Free Set                    9 us
[158.205s][info][gc,stats    ] Concurrent Weak References           93 us, parallelism: 0.06x
[158.205s][info][gc,stats    ]   CWRF: <total>                       5 us
[158.205s][info][gc,stats    ]   CWRF: Weak References               5 us, workers (us):   4,   1,   0, ---, ---, ---, 
[158.205s][info][gc,stats    ] Concurrent Weak Roots               145 us
[158.205s][info][gc,stats    ]   Roots                              89 us, parallelism: 1.32x
[158.205s][info][gc,stats    ]     CWR: <total>                    118 us
[158.205s][info][gc,stats    ]     CWR: Code Cache Roots            69 us, workers (us):  47,  22,   0, ---, ---, ---, 
[158.205s][info][gc,stats    ]     CWR: VM Weak Roots               48 us, workers (us):  17,  16,  15, ---, ---, ---, 
[158.205s][info][gc,stats    ]     CWR: CLDG Roots                   1 us, workers (us): ---, ---,   1, ---, ---, ---, 
[158.205s][info][gc,stats    ]   Rendezvous                         24 us
[158.205s][info][gc,stats    ] Concurrent Cleanup                   79 us
[158.205s][info][gc,stats    ] Concurrent Class Unloading          247 us
[158.205s][info][gc,stats    ]   Unlink Stale                      164 us
[158.206s][info][gc,stats    ]     System Dictionary                 1 us
[158.206s][info][gc,stats    ]     Weak Class Links                  0 us
[158.206s][info][gc,stats    ]     Code Roots                      162 us
[158.206s][info][gc,stats    ]   Rendezvous                         19 us
[158.206s][info][gc,stats    ]   Purge Unlinked                     27 us
[158.206s][info][gc,stats    ]     Code Roots                       24 us
[158.206s][info][gc,stats    ]     CLDG                              3 us
[158.206s][info][gc,stats    ]     Exception Caches                  0 us
[158.206s][info][gc,stats    ] Pause Final Roots (G)                48 us
[158.206s][info][gc,stats    ] Pause Final Roots (N)                25 us
[158.206s][info][gc,stats    ] Pacing                            92647 us
[158.206s][info][gc,stats    ] 
[158.206s][info][gc,stats    ] Allocation pacing accrued:
[158.206s][info][gc,stats    ]      93 of  5706 ms (  1.6%): main
[158.206s][info][gc,stats    ]      93 of  5706 ms (  1.6%): <total>
[158.206s][info][gc,stats    ]       7 of  5706 ms (  0.1%): <average total>
[158.206s][info][gc,stats    ]      93 of  5706 ms (  1.6%): <average non-zero>
[158.206s][info][gc,stats    ] 
[158.206s][info][gc,metaspace] Metaspace: 1070K(1280K)->1070K(1280K) NonClass: 989K(1088K)->989K(1088K) Class: 81K(192K)->81K(192K)
[158.206s][info][gc,ergo     ] Pacer for Idle. Initial: 20971K, Alloc Tax Rate: 1.0x
[163.586s][info][gc          ] Trigger: Average GC time (2.70 ms) is above the time for average allocation rate (74272 KB/s) to deplete free headroom (0B) (margin of error = 2.08)
[163.586s][info][gc,ergo     ] Free headroom: 142M (free) - 52428K (spike) - 94371K (penalties) = 0B
[163.586s][info][gc,ergo     ] Free: 142M, Max: 512K regular, 126M humongous, Frag: 12% external, 0% internal; Reserve: 52736K, Max: 512K
[163.587s][info][gc,start    ] GC(33) Concurrent reset
[163.587s][info][gc,task     ] GC(33) Using 3 of 6 workers for concurrent reset
[163.587s][info][gc,ergo     ] GC(33) Pacer for Reset. Non-Taxable: 1024M
[163.587s][info][gc          ] GC(33) Concurrent reset 0.284ms
[163.587s][info][gc,start    ] GC(33) Pause Init Mark (unload classes)
[163.587s][info][gc,task     ] GC(33) Using 6 of 6 workers for init marking
[163.587s][info][gc,ergo     ] GC(33) Pacer for Mark. Expected Live: 125M, Free: 142M, Non-Taxable: 14592K, Alloc Tax Rate: 1.1x
[163.587s][info][gc          ] GC(33) Pause Init Mark (unload classes) 0.138ms
[163.587s][info][gc,start    ] GC(33) Concurrent marking roots
[163.587s][info][gc,task     ] GC(33) Using 3 of 6 workers for concurrent marking roots
[163.587s][info][gc          ] GC(33) Concurrent marking roots 0.297ms
[163.587s][info][gc,start    ] GC(33) Concurrent marking (unload classes)
[163.587s][info][gc,task     ] GC(33) Using 3 of 6 workers for concurrent marking
[163.588s][info][gc          ] GC(33) Concurrent marking (unload classes) 0.801ms
[163.588s][info][gc,start    ] GC(33) Pause Final Mark (unload classes)
[163.588s][info][gc,task     ] GC(33) Using 6 of 6 workers for final marking
[163.589s][info][gc,ergo     ] GC(33) Collectable Garbage: 787M (99%), Immediate: 787M (99%), CSet: 0B (0%)
[163.589s][info][gc          ] GC(33) Pause Final Mark (unload classes) 0.298ms
[163.589s][info][gc,start    ] GC(33) Concurrent weak references
[163.589s][info][gc,task     ] GC(33) Using 3 of 6 workers for concurrent weak references
[163.589s][info][gc,ref      ] GC(33) Encountered references: Soft: 45, Weak: 116, Final: 0, Phantom: 7
[163.589s][info][gc,ref      ] GC(33) Discovered  references: Soft: 0, Weak: 72, Final: 0, Phantom: 5
[163.589s][info][gc,ref      ] GC(33) Enqueued    references: Soft: 0, Weak: 0, Final: 0, Phantom: 0
[163.589s][info][gc          ] GC(33) Concurrent weak references 0.124ms
[163.589s][info][gc,start    ] GC(33) Concurrent weak roots
[163.589s][info][gc,task     ] GC(33) Using 3 of 6 workers for concurrent weak root
[163.589s][info][gc          ] GC(33) Concurrent weak roots 0.213ms
[163.589s][info][gc,start    ] GC(33) Concurrent cleanup
[163.589s][info][gc          ] GC(33) Concurrent cleanup 808M->20M(1024M) 0.085ms
[163.589s][info][gc,ergo     ] GC(33) Free: 951M, Max: 512K regular, 457M humongous, Frag: 52% external, 0% internal; Reserve: 52736K, Max: 512K
[163.589s][info][gc,start    ] GC(33) Concurrent class unloading
[163.589s][info][gc,task     ] GC(33) Using 3 of 6 workers for concurrent class unloading
[163.589s][info][gc          ] GC(33) Concurrent class unloading 0.303ms
[163.589s][info][gc,start    ] GC(33) Pause Final Roots
[163.589s][info][gc          ] GC(33) Pause Final Roots 0.014ms
[163.589s][info][gc,ergo     ] Free: 951M, Max: 512K regular, 457M humongous, Frag: 52% external, 0% internal; Reserve: 52736K, Max: 512K
[163.590s][info][gc,stats    ] 
[163.590s][info][gc,stats    ] All times are wall-clock times, except per-root-class counters, that are sum over
[163.590s][info][gc,stats    ] all workers. Dividing the <total> over the root stage time estimates parallelism.
[163.590s][info][gc,stats    ] 
[163.590s][info][gc,stats    ] Concurrent Reset                    304 us
[163.590s][info][gc,stats    ] Pause Init Mark (G)                 243 us
[163.590s][info][gc,stats    ] Pause Init Mark (N)                 147 us
[163.590s][info][gc,stats    ]   Update Region States               87 us
[163.590s][info][gc,stats    ] Concurrent Mark Roots               315 us, parallelism: 1.12x
[163.590s][info][gc,stats    ]   CMR: <total>                      351 us
[163.590s][info][gc,stats    ]   CMR: Thread Roots                 318 us, workers (us):  49,  84, 186, ---, ---, ---, 
[163.590s][info][gc,stats    ]   CMR: VM Strong Roots                4 us, workers (us):   2,   2,   0, ---, ---, ---, 
[163.590s][info][gc,stats    ]   CMR: CLDG Roots                    29 us, workers (us):  29, ---, ---, ---, ---, ---, 
[163.590s][info][gc,stats    ] Concurrent Marking                  818 us
[163.590s][info][gc,stats    ] Pause Final Mark (G)                388 us
[163.590s][info][gc,stats    ] Pause Final Mark (N)                313 us
[163.590s][info][gc,stats    ]   Finish Mark                       147 us
[163.590s][info][gc,stats    ]   Update Region States               54 us
[163.590s][info][gc,stats    ]   Choose Collection Set              58 us
[163.590s][info][gc,stats    ]   Rebuild Free Set                    9 us
[163.590s][info][gc,stats    ] Concurrent Weak References          133 us, parallelism: 0.03x
[163.590s][info][gc,stats    ]   CWRF: <total>                       4 us
[163.590s][info][gc,stats    ]   CWRF: Weak References               4 us, workers (us):   3,   1,   0, ---, ---, ---, 
[163.590s][info][gc,stats    ] Concurrent Weak Roots               232 us
[163.590s][info][gc,stats    ]   Roots                             138 us, parallelism: 0.66x
[163.590s][info][gc,stats    ]     CWR: <total>                     91 us
[163.590s][info][gc,stats    ]     CWR: Code Cache Roots            51 us, workers (us):  36,  16,   0, ---, ---, ---, 
[163.590s][info][gc,stats    ]     CWR: VM Weak Roots               39 us, workers (us):  38,   0,   0, ---, ---, ---, 
[163.590s][info][gc,stats    ]     CWR: CLDG Roots                   1 us, workers (us):   1, ---, ---, ---, ---, ---, 
[163.590s][info][gc,stats    ]   Rendezvous                         58 us
[163.590s][info][gc,stats    ] Concurrent Cleanup                   96 us
[163.590s][info][gc,stats    ] Concurrent Class Unloading          321 us
[163.590s][info][gc,stats    ]   Unlink Stale                      187 us
[163.590s][info][gc,stats    ]     System Dictionary                 1 us
[163.590s][info][gc,stats    ]     Weak Class Links                  0 us
[163.590s][info][gc,stats    ]     Code Roots                      185 us
[163.590s][info][gc,stats    ]   Rendezvous                         26 us
[163.590s][info][gc,stats    ]   Purge Unlinked                     69 us
[163.590s][info][gc,stats    ]     Code Roots                       65 us
[163.590s][info][gc,stats    ]     CLDG                              4 us
[163.590s][info][gc,stats    ]     Exception Caches                  0 us
[163.590s][info][gc,stats    ] Pause Final Roots (G)                74 us
[163.590s][info][gc,stats    ] Pause Final Roots (N)                23 us
[163.590s][info][gc,stats    ] Pacing                            92865 us
[163.590s][info][gc,stats    ] 
[163.590s][info][gc,stats    ] Allocation pacing accrued:
[163.590s][info][gc,stats    ]      93 of  5384 ms (  1.7%): main
[163.590s][info][gc,stats    ]      93 of  5384 ms (  1.7%): <total>
[163.590s][info][gc,stats    ]       7 of  5384 ms (  0.1%): <average total>
[163.590s][info][gc,stats    ]      93 of  5384 ms (  1.7%): <average non-zero>
[163.590s][info][gc,stats    ] 
[163.590s][info][gc,metaspace] Metaspace: 1070K(1280K)->1070K(1280K) NonClass: 989K(1088K)->989K(1088K) Class: 81K(192K)->81K(192K)
[163.590s][info][gc,ergo     ] Pacer for Idle. Initial: 20971K, Alloc Tax Rate: 1.0x
[169.673s][info][gc          ] Trigger: Free (40448K) is below minimum threshold (102M)
[169.673s][info][gc,ergo     ] Free: 40448K, Max: 512K regular, 33792K humongous, Frag: 17% external, 0% internal; Reserve: 52736K, Max: 512K
[169.673s][info][gc,start    ] GC(34) Concurrent reset
[169.673s][info][gc,task     ] GC(34) Using 3 of 6 workers for concurrent reset
[169.673s][info][gc,ergo     ] GC(34) Pacer for Reset. Non-Taxable: 1024M
[169.673s][info][gc          ] GC(34) Concurrent reset 0.191ms
[169.673s][info][gc,start    ] GC(34) Pause Init Mark (unload classes)
[169.673s][info][gc,task     ] GC(34) Using 6 of 6 workers for init marking
[169.673s][info][gc,ergo     ] GC(34) Pacer for Mark. Expected Live: 85791K, Free: 40448K, Non-Taxable: 4044K, Alloc Tax Rate: 2.6x
[169.673s][info][gc          ] GC(34) Pause Init Mark (unload classes) 0.082ms
[169.673s][info][gc,start    ] GC(34) Concurrent marking roots
[169.673s][info][gc,task     ] GC(34) Using 3 of 6 workers for concurrent marking roots
[169.673s][info][gc          ] GC(34) Concurrent marking roots 0.238ms
[169.673s][info][gc,start    ] GC(34) Concurrent marking (unload classes)
[169.673s][info][gc,task     ] GC(34) Using 3 of 6 workers for concurrent marking
[169.674s][info][gc          ] GC(34) Concurrent marking (unload classes) 0.658ms
[169.674s][info][gc,start    ] GC(34) Pause Final Mark (unload classes)
[169.674s][info][gc,task     ] GC(34) Using 6 of 6 workers for final marking
[169.674s][info][gc,ergo     ] GC(34) Collectable Garbage: 721M (99%), Immediate: 721M (99%), CSet: 0B (0%)
[169.674s][info][gc          ] GC(34) Pause Final Mark (unload classes) 0.170ms
[169.674s][info][gc,start    ] GC(34) Concurrent weak references
[169.674s][info][gc,task     ] GC(34) Using 3 of 6 workers for concurrent weak references
[169.674s][info][gc,ref      ] GC(34) Encountered references: Soft: 45, Weak: 116, Final: 0, Phantom: 7
[169.674s][info][gc,ref      ] GC(34) Discovered  references: Soft: 0, Weak: 95, Final: 0, Phantom: 5
[169.674s][info][gc,ref      ] GC(34) Enqueued    references: Soft: 0, Weak: 0, Final: 0, Phantom: 0
[169.674s][info][gc          ] GC(34) Concurrent weak references 0.074ms
[169.674s][info][gc,start    ] GC(34) Concurrent weak roots
[169.674s][info][gc,task     ] GC(34) Using 3 of 6 workers for concurrent weak root
[169.674s][info][gc          ] GC(34) Concurrent weak roots 0.119ms
[169.674s][info][gc,start    ] GC(34) Concurrent cleanup
[169.674s][info][gc          ] GC(34) Concurrent cleanup 907M->185M(1024M) 0.078ms
[169.674s][info][gc,ergo     ] GC(34) Free: 784M, Max: 512K regular, 419M humongous, Frag: 47% external, 0% internal; Reserve: 52736K, Max: 512K
[169.674s][info][gc,start    ] GC(34) Concurrent class unloading
[169.674s][info][gc,task     ] GC(34) Using 3 of 6 workers for concurrent class unloading
[169.675s][info][gc          ] GC(34) Concurrent class unloading 0.226ms
[169.675s][info][gc,start    ] GC(34) Pause Final Roots
[169.675s][info][gc          ] GC(34) Pause Final Roots 0.017ms
[169.675s][info][gc,ergo     ] Free: 784M, Max: 512K regular, 419M humongous, Frag: 47% external, 0% internal; Reserve: 52736K, Max: 512K
[169.675s][info][gc,stats    ] 
[169.675s][info][gc,stats    ] All times are wall-clock times, except per-root-class counters, that are sum over
[169.675s][info][gc,stats    ] all workers. Dividing the <total> over the root stage time estimates parallelism.
[169.675s][info][gc,stats    ] 
[169.675s][info][gc,stats    ] Concurrent Reset                    211 us
[169.675s][info][gc,stats    ] Pause Init Mark (G)                 128 us
[169.675s][info][gc,stats    ] Pause Init Mark (N)                  94 us
[169.675s][info][gc,stats    ]   Update Region States               26 us
[169.675s][info][gc,stats    ] Concurrent Mark Roots               253 us, parallelism: 1.28x
[169.675s][info][gc,stats    ]   CMR: <total>                      324 us
[169.675s][info][gc,stats    ]   CMR: Thread Roots                 291 us, workers (us):  36, 189,  66, ---, ---, ---, 
[169.675s][info][gc,stats    ]   CMR: VM Strong Roots                4 us, workers (us):   1,   2,   1, ---, ---, ---, 
[169.675s][info][gc,stats    ]   CMR: CLDG Roots                    29 us, workers (us):  29, ---, ---, ---, ---, ---, 
[169.675s][info][gc,stats    ] Concurrent Marking                  678 us
[169.675s][info][gc,stats    ] Pause Final Mark (G)                214 us
[169.675s][info][gc,stats    ] Pause Final Mark (N)                180 us
[169.675s][info][gc,stats    ]   Finish Mark                        28 us
[169.675s][info][gc,stats    ]   Update Region States               61 us
[169.675s][info][gc,stats    ]   Choose Collection Set              45 us
[169.675s][info][gc,stats    ]   Rebuild Free Set                    8 us
[169.675s][info][gc,stats    ] Concurrent Weak References           82 us, parallelism: 0.06x
[169.675s][info][gc,stats    ]   CWRF: <total>                       5 us
[169.675s][info][gc,stats    ]   CWRF: Weak References               5 us, workers (us):   4,   1,   0, ---, ---, ---, 
[169.675s][info][gc,stats    ] Concurrent Weak Roots               133 us
[169.675s][info][gc,stats    ]   Roots                              83 us, parallelism: 1.43x
[169.675s][info][gc,stats    ]     CWR: <total>                    118 us
[169.675s][info][gc,stats    ]     CWR: Code Cache Roots            63 us, workers (us):  21,  42,   0, ---, ---, ---, 
[169.675s][info][gc,stats    ]     CWR: VM Weak Roots               55 us, workers (us):  19,  19,  17, ---, ---, ---, 
[169.675s][info][gc,stats    ]     CWR: CLDG Roots                   1 us, workers (us): ---, ---,   1, ---, ---, ---, 
[169.675s][info][gc,stats    ]   Rendezvous                         19 us
[169.675s][info][gc,stats    ] Concurrent Cleanup                   89 us
[169.675s][info][gc,stats    ] Concurrent Class Unloading          244 us
[169.675s][info][gc,stats    ]   Unlink Stale                      157 us
[169.675s][info][gc,stats    ]     System Dictionary                 1 us
[169.675s][info][gc,stats    ]     Weak Class Links                  0 us
[169.675s][info][gc,stats    ]     Code Roots                      155 us
[169.675s][info][gc,stats    ]   Rendezvous                         26 us
[169.675s][info][gc,stats    ]   Purge Unlinked                     26 us
[169.675s][info][gc,stats    ]     Code Roots                       23 us
[169.675s][info][gc,stats    ]     CLDG                              3 us
[169.675s][info][gc,stats    ]     Exception Caches                  0 us
[169.675s][info][gc,stats    ] Pause Final Roots (G)                46 us
[169.675s][info][gc,stats    ] Pause Final Roots (N)                26 us
[169.675s][info][gc,stats    ] Pacing                           138542 us
[169.675s][info][gc,stats    ] 
[169.675s][info][gc,stats    ] Allocation pacing accrued:
[169.675s][info][gc,stats    ]     139 of  6085 ms (  2.3%): main
[169.675s][info][gc,stats    ]     139 of  6085 ms (  2.3%): <total>
[169.675s][info][gc,stats    ]      11 of  6085 ms (  0.2%): <average total>
[169.675s][info][gc,stats    ]     139 of  6085 ms (  2.3%): <average non-zero>
[169.675s][info][gc,stats    ] 
[169.675s][info][gc,metaspace] Metaspace: 1070K(1280K)->1070K(1280K) NonClass: 989K(1088K)->989K(1088K) Class: 81K(192K)->81K(192K)
[169.675s][info][gc,ergo     ] Pacer for Idle. Initial: 20971K, Alloc Tax Rate: 1.0x
[175.060s][info][gc          ] Trigger: Average GC time (3.11 ms) is above the time for average allocation rate (74523 KB/s) to deplete free headroom (0B) (margin of error = 2.06)
[175.060s][info][gc,ergo     ] Free headroom: 121M (free) - 52428K (spike) - 73400K (penalties) = 0B
[175.060s][info][gc,ergo     ] Free: 121M, Max: 512K regular, 53760K humongous, Frag: 57% external, 0% internal; Reserve: 52736K, Max: 512K
[175.060s][info][gc,start    ] GC(35) Concurrent reset
[175.060s][info][gc,task     ] GC(35) Using 3 of 6 workers for concurrent reset
[175.060s][info][gc,ergo     ] GC(35) Pacer for Reset. Non-Taxable: 1024M
[175.061s][info][gc          ] GC(35) Concurrent reset 0.247ms
[175.061s][info][gc,start    ] GC(35) Pause Init Mark (unload classes)
[175.061s][info][gc,task     ] GC(35) Using 6 of 6 workers for init marking
[175.061s][info][gc,ergo     ] GC(35) Pacer for Mark. Expected Live: 98079K, Free: 121M, Non-Taxable: 12441K, Alloc Tax Rate: 1.0x
[175.061s][info][gc          ] GC(35) Pause Init Mark (unload classes) 0.080ms
[175.061s][info][gc,start    ] GC(35) Concurrent marking roots
[175.061s][info][gc,task     ] GC(35) Using 3 of 6 workers for concurrent marking roots
[175.061s][info][gc          ] GC(35) Concurrent marking roots 0.267ms
[175.061s][info][gc,start    ] GC(35) Concurrent marking (unload classes)
[175.061s][info][gc,task     ] GC(35) Using 3 of 6 workers for concurrent marking
[175.062s][info][gc          ] GC(35) Concurrent marking (unload classes) 0.697ms
[175.062s][info][gc,start    ] GC(35) Pause Final Mark (unload classes)
[175.062s][info][gc,task     ] GC(35) Using 6 of 6 workers for final marking
[175.062s][info][gc,ergo     ] GC(35) Collectable Garbage: 803M (99%), Immediate: 803M (99%), CSet: 0B (0%)
[175.062s][info][gc          ] GC(35) Pause Final Mark (unload classes) 0.156ms
[175.062s][info][gc,start    ] GC(35) Concurrent weak references
[175.062s][info][gc,task     ] GC(35) Using 3 of 6 workers for concurrent weak references
[175.062s][info][gc,ref      ] GC(35) Encountered references: Soft: 45, Weak: 116, Final: 0, Phantom: 7
[175.062s][info][gc,ref      ] GC(35) Discovered  references: Soft: 0, Weak: 95, Final: 0, Phantom: 5
[175.062s][info][gc,ref      ] GC(35) Enqueued    references: Soft: 0, Weak: 0, Final: 0, Phantom: 0
[175.062s][info][gc          ] GC(35) Concurrent weak references 0.091ms
[175.062s][info][gc,start    ] GC(35) Concurrent weak roots
[175.062s][info][gc,task     ] GC(35) Using 3 of 6 workers for concurrent weak root
[175.062s][info][gc          ] GC(35) Concurrent weak roots 0.191ms
[175.062s][info][gc,start    ] GC(35) Concurrent cleanup
[175.062s][info][gc          ] GC(35) Concurrent cleanup 829M->25M(1024M) 0.080ms
[175.062s][info][gc,ergo     ] GC(35) Free: 946M, Max: 512K regular, 452M humongous, Frag: 53% external, 0% internal; Reserve: 52736K, Max: 512K
[175.062s][info][gc,start    ] GC(35) Concurrent class unloading
[175.062s][info][gc,task     ] GC(35) Using 3 of 6 workers for concurrent class unloading
[175.063s][info][gc          ] GC(35) Concurrent class unloading 0.222ms
[175.063s][info][gc,start    ] GC(35) Pause Final Roots
[175.063s][info][gc          ] GC(35) Pause Final Roots 0.018ms
[175.063s][info][gc,ergo     ] Free: 946M, Max: 512K regular, 452M humongous, Frag: 53% external, 0% internal; Reserve: 52736K, Max: 512K
[175.063s][info][gc,stats    ] 
[175.063s][info][gc,stats    ] All times are wall-clock times, except per-root-class counters, that are sum over
[175.063s][info][gc,stats    ] all workers. Dividing the <total> over the root stage time estimates parallelism.
[175.063s][info][gc,stats    ] 
[175.063s][info][gc,stats    ] Concurrent Reset                    270 us
[175.063s][info][gc,stats    ] Pause Init Mark (G)                 123 us
[175.063s][info][gc,stats    ] Pause Init Mark (N)                  89 us
[175.063s][info][gc,stats    ]   Update Region States               31 us
[175.063s][info][gc,stats    ] Concurrent Mark Roots               286 us, parallelism: 1.28x
[175.063s][info][gc,stats    ]   CMR: <total>                      367 us
[175.063s][info][gc,stats    ]   CMR: Thread Roots                 327 us, workers (us): 212,  79,  36, ---, ---, ---, 
[175.063s][info][gc,stats    ]   CMR: VM Strong Roots                6 us, workers (us):   4,   2,   0, ---, ---, ---, 
[175.063s][info][gc,stats    ]   CMR: CLDG Roots                    35 us, workers (us): ---, ---,  35, ---, ---, ---, 
[175.063s][info][gc,stats    ] Concurrent Marking                  715 us
[175.063s][info][gc,stats    ] Pause Final Mark (G)                265 us
[175.063s][info][gc,stats    ] Pause Final Mark (N)                166 us
[175.063s][info][gc,stats    ]   Finish Mark                        25 us
[175.063s][info][gc,stats    ]   Update Region States               51 us
[175.063s][info][gc,stats    ]   Choose Collection Set              41 us
[175.063s][info][gc,stats    ]   Rebuild Free Set                    9 us
[175.063s][info][gc,stats    ] Concurrent Weak References          100 us, parallelism: 0.07x
[175.063s][info][gc,stats    ]   CWRF: <total>                       7 us
[175.063s][info][gc,stats    ]   CWRF: Weak References               7 us, workers (us):   5,   1,   0, ---, ---, ---, 
[175.063s][info][gc,stats    ] Concurrent Weak Roots               209 us
[175.063s][info][gc,stats    ]   Roots                             106 us, parallelism: 0.92x
[175.063s][info][gc,stats    ]     CWR: <total>                     97 us
[175.063s][info][gc,stats    ]     CWR: Code Cache Roots            49 us, workers (us):  14,  34,   0, ---, ---, ---, 
[175.063s][info][gc,stats    ]     CWR: VM Weak Roots               48 us, workers (us):  17,  16,  15, ---, ---, ---, 
[175.063s][info][gc,stats    ]     CWR: CLDG Roots                   1 us, workers (us): ---, ---,   1, ---, ---, ---, 
[175.063s][info][gc,stats    ]   Rendezvous                         69 us
[175.063s][info][gc,stats    ] Concurrent Cleanup                   94 us
[175.063s][info][gc,stats    ] Concurrent Class Unloading          239 us
[175.063s][info][gc,stats    ]   Unlink Stale                      157 us
[175.063s][info][gc,stats    ]     System Dictionary                 1 us
[175.063s][info][gc,stats    ]     Weak Class Links                  0 us
[175.063s][info][gc,stats    ]     Code Roots                      155 us
[175.063s][info][gc,stats    ]   Rendezvous                         23 us
[175.063s][info][gc,stats    ]   Purge Unlinked                     24 us
[175.063s][info][gc,stats    ]     Code Roots                       21 us
[175.063s][info][gc,stats    ]     CLDG                              3 us
[175.063s][info][gc,stats    ]     Exception Caches                  0 us
[175.063s][info][gc,stats    ] Pause Final Roots (G)                48 us
[175.063s][info][gc,stats    ] Pause Final Roots (N)                27 us
[175.063s][info][gc,stats    ] Pacing                            94134 us
[175.063s][info][gc,stats    ] 
[175.063s][info][gc,stats    ] Allocation pacing accrued:
[175.063s][info][gc,stats    ]      94 of  5388 ms (  1.7%): main
[175.063s][info][gc,stats    ]      94 of  5388 ms (  1.7%): <total>
[175.063s][info][gc,stats    ]       7 of  5388 ms (  0.1%): <average total>
[175.063s][info][gc,stats    ]      94 of  5388 ms (  1.7%): <average non-zero>
[175.063s][info][gc,stats    ] 
[175.063s][info][gc,metaspace] Metaspace: 1070K(1280K)->1070K(1280K) NonClass: 989K(1088K)->989K(1088K) Class: 81K(192K)->81K(192K)
[175.063s][info][gc,ergo     ] Pacer for Idle. Initial: 20971K, Alloc Tax Rate: 1.0x
[181.133s][info][gc          ] Trigger: Free (19968K) is below minimum threshold (102M)
[181.133s][info][gc,ergo     ] Free: 19968K, Max: 512K regular, 18432K humongous, Frag: 8% external, 0% internal; Reserve: 52736K, Max: 512K
[181.133s][info][gc,start    ] GC(36) Concurrent reset
[181.133s][info][gc,task     ] GC(36) Using 3 of 6 workers for concurrent reset
[181.133s][info][gc,ergo     ] GC(36) Pacer for Reset. Non-Taxable: 1024M
[181.133s][info][gc          ] GC(36) Concurrent reset 0.126ms
[181.133s][info][gc,start    ] GC(36) Pause Init Mark (unload classes)
[181.133s][info][gc,task     ] GC(36) Using 6 of 6 workers for init marking
[181.133s][info][gc,ergo     ] GC(36) Pacer for Mark. Expected Live: 95826K, Free: 19968K, Non-Taxable: 1996K, Alloc Tax Rate: 5.9x
[181.133s][info][gc          ] GC(36) Pause Init Mark (unload classes) 0.080ms
[181.133s][info][gc,start    ] GC(36) Concurrent marking roots
[181.133s][info][gc,task     ] GC(36) Using 3 of 6 workers for concurrent marking roots
[181.134s][info][gc          ] GC(36) Concurrent marking roots 0.253ms
[181.134s][info][gc,start    ] GC(36) Concurrent marking (unload classes)
[181.134s][info][gc,task     ] GC(36) Using 3 of 6 workers for concurrent marking
[181.134s][info][gc          ] GC(36) Concurrent marking (unload classes) 0.660ms
[181.134s][info][gc,start    ] GC(36) Pause Final Mark (unload classes)
[181.134s][info][gc,task     ] GC(36) Using 6 of 6 workers for final marking
[181.134s][info][gc,ergo     ] GC(36) Collectable Garbage: 761M (99%), Immediate: 761M (99%), CSet: 0B (0%)
[181.134s][info][gc          ] GC(36) Pause Final Mark (unload classes) 0.140ms
[181.134s][info][gc,start    ] GC(36) Concurrent weak references
[181.134s][info][gc,task     ] GC(36) Using 3 of 6 workers for concurrent weak references
[181.134s][info][gc,ref      ] GC(36) Encountered references: Soft: 45, Weak: 116, Final: 0, Phantom: 7
[181.134s][info][gc,ref      ] GC(36) Discovered  references: Soft: 0, Weak: 84, Final: 0, Phantom: 5
[181.134s][info][gc,ref      ] GC(36) Enqueued    references: Soft: 0, Weak: 0, Final: 0, Phantom: 0
[181.135s][info][gc          ] GC(36) Concurrent weak references 0.118ms
[181.135s][info][gc,start    ] GC(36) Concurrent weak roots
[181.135s][info][gc,task     ] GC(36) Using 3 of 6 workers for concurrent weak root
[181.135s][info][gc          ] GC(36) Concurrent weak roots 0.120ms
[181.135s][info][gc,start    ] GC(36) Concurrent cleanup
[181.135s][info][gc          ] GC(36) Concurrent cleanup 927M->165M(1024M) 0.079ms
[181.135s][info][gc,ergo     ] GC(36) Free: 805M, Max: 512K regular, 440M humongous, Frag: 46% external, 0% internal; Reserve: 52736K, Max: 512K
[181.135s][info][gc,start    ] GC(36) Concurrent class unloading
[181.135s][info][gc,task     ] GC(36) Using 3 of 6 workers for concurrent class unloading
[181.135s][info][gc          ] GC(36) Concurrent class unloading 0.248ms
[181.135s][info][gc,start    ] GC(36) Pause Final Roots
[181.135s][info][gc          ] GC(36) Pause Final Roots 0.018ms
[181.135s][info][gc,ergo     ] Free: 805M, Max: 512K regular, 440M humongous, Frag: 46% external, 0% internal; Reserve: 52736K, Max: 512K
[181.135s][info][gc,stats    ] 
[181.135s][info][gc,stats    ] All times are wall-clock times, except per-root-class counters, that are sum over
[181.135s][info][gc,stats    ] all workers. Dividing the <total> over the root stage time estimates parallelism.
[181.135s][info][gc,stats    ] 
[181.135s][info][gc,stats    ] Concurrent Reset                    148 us
[181.135s][info][gc,stats    ] Pause Init Mark (G)                 123 us
[181.135s][info][gc,stats    ] Pause Init Mark (N)                  89 us
[181.135s][info][gc,stats    ]   Update Region States               25 us
[181.135s][info][gc,stats    ] Concurrent Mark Roots               267 us, parallelism: 1.27x
[181.135s][info][gc,stats    ]   CMR: <total>                      338 us
[181.135s][info][gc,stats    ]   CMR: Thread Roots                 304 us, workers (us):  68, 202,  35, ---, ---, ---, 
[181.135s][info][gc,stats    ]   CMR: VM Strong Roots                4 us, workers (us):   2,   2,   0, ---, ---, ---, 
[181.135s][info][gc,stats    ]   CMR: CLDG Roots                    30 us, workers (us): ---, ---,  30, ---, ---, ---, 
[181.135s][info][gc,stats    ] Concurrent Marking                  674 us
[181.135s][info][gc,stats    ] Pause Final Mark (G)                183 us
[181.135s][info][gc,stats    ] Pause Final Mark (N)                150 us
[181.135s][info][gc,stats    ]   Finish Mark                        23 us
[181.135s][info][gc,stats    ]   Update Region States               30 us
[181.135s][info][gc,stats    ]   Choose Collection Set              49 us
[181.135s][info][gc,stats    ]   Rebuild Free Set                    8 us
[181.135s][info][gc,stats    ] Concurrent Weak References          126 us, parallelism: 0.05x
[181.135s][info][gc,stats    ]   CWRF: <total>                       6 us
[181.135s][info][gc,stats    ]   CWRF: Weak References               6 us, workers (us):   5,   1,   0, ---, ---, ---, 
[181.135s][info][gc,stats    ] Concurrent Weak Roots               140 us
[181.135s][info][gc,stats    ]   Roots                              75 us, parallelism: 1.33x
[181.135s][info][gc,stats    ]     CWR: <total>                    100 us
[181.135s][info][gc,stats    ]     CWR: Code Cache Roots            49 us, workers (us):  34,   0,  15, ---, ---, ---, 
[181.135s][info][gc,stats    ]     CWR: VM Weak Roots               49 us, workers (us):  17,  17,  16, ---, ---, ---, 
[181.135s][info][gc,stats    ]     CWR: CLDG Roots                   1 us, workers (us): ---,   1, ---, ---, ---, ---, 
[181.135s][info][gc,stats    ]   Rendezvous                         28 us
[181.135s][info][gc,stats    ] Concurrent Cleanup                   90 us
[181.135s][info][gc,stats    ] Concurrent Class Unloading          266 us
[181.135s][info][gc,stats    ]   Unlink Stale                      169 us
[181.135s][info][gc,stats    ]     System Dictionary                 1 us
[181.135s][info][gc,stats    ]     Weak Class Links                  0 us
[181.135s][info][gc,stats    ]     Code Roots                      167 us
[181.135s][info][gc,stats    ]   Rendezvous                         29 us
[181.135s][info][gc,stats    ]   Purge Unlinked                     32 us
[181.135s][info][gc,stats    ]     Code Roots                       28 us
[181.135s][info][gc,stats    ]     CLDG                              3 us
[181.135s][info][gc,stats    ]     Exception Caches                  0 us
[181.135s][info][gc,stats    ] Pause Final Roots (G)                51 us
[181.136s][info][gc,stats    ] Pause Final Roots (N)                26 us
[181.136s][info][gc,stats    ] Pacing                           136409 us
[181.136s][info][gc,stats    ] 
[181.136s][info][gc,stats    ] Allocation pacing accrued:
[181.136s][info][gc,stats    ]     136 of  6072 ms (  2.2%): main
[181.136s][info][gc,stats    ]     136 of  6072 ms (  2.2%): <total>
[181.136s][info][gc,stats    ]      10 of  6072 ms (  0.2%): <average total>
[181.136s][info][gc,stats    ]     136 of  6072 ms (  2.2%): <average non-zero>
[181.136s][info][gc,stats    ] 
[181.136s][info][gc,metaspace] Metaspace: 1070K(1280K)->1070K(1280K) NonClass: 989K(1088K)->989K(1088K) Class: 81K(192K)->81K(192K)
[181.136s][info][gc,ergo     ] Pacer for Idle. Initial: 20971K, Alloc Tax Rate: 1.0x
[186.840s][info][gc          ] Failed to allocate Shared, 100M
[186.840s][info][gc          ] Cancelling GC: Allocation Failure
[186.855s][info][gc          ] Trigger: Handle Allocation Failure
[186.856s][info][gc,ergo     ] Free: 116M, Max: 512K regular, 53760K humongous, Frag: 55% external, 0% internal; Reserve: 52736K, Max: 512K
[186.856s][info][gc,start    ] GC(37) Pause Degenerated GC (Outside of Cycle)
[186.856s][info][gc,task     ] GC(37) Using 6 of 6 workers for stw degenerated gc
[186.856s][info][gc,ref      ] GC(37) Clearing All SoftReferences
[186.856s][info][gc,ref      ] GC(37) Encountered references: Soft: 45, Weak: 116, Final: 0, Phantom: 7
[186.856s][info][gc,ref      ] GC(37) Discovered  references: Soft: 20, Weak: 95, Final: 0, Phantom: 5
[186.857s][info][gc,ref      ] GC(37) Enqueued    references: Soft: 0, Weak: 0, Final: 0, Phantom: 0
[186.857s][info][gc,ergo     ] GC(37) Collectable Garbage: 768M (99%), Immediate: 768M (99%), CSet: 0B (0%)
[186.857s][info][gc,ergo     ] GC(37) Good progress for free space: 906M, need 10485K
[186.857s][info][gc,ergo     ] GC(37) Good progress for used space: 768M, need 512K
[186.857s][info][gc          ] GC(37) Pause Degenerated GC (Outside of Cycle) 834M->65M(1024M) 1.357ms
[186.857s][info][gc,ergo     ] Free: 906M, Max: 512K regular, 412M humongous, Frag: 55% external, 0% internal; Reserve: 52736K, Max: 512K
[186.857s][info][gc,stats    ] 
[186.857s][info][gc,stats    ] All times are wall-clock times, except per-root-class counters, that are sum over
[186.857s][info][gc,stats    ] all workers. Dividing the <total> over the root stage time estimates parallelism.
[186.857s][info][gc,stats    ] 
[186.857s][info][gc,stats    ] Pause Degenerated GC (G)           1415 us
[186.857s][info][gc,stats    ] Pause Degenerated GC (N)           1373 us
[186.857s][info][gc,stats    ]   Degen STW Mark                    562 us, parallelism: 5.37x
[186.857s][info][gc,stats    ]     DSM: <total>                   3016 us
[186.857s][info][gc,stats    ]     DSM: Thread Roots                58 us, workers (us):   9,  10,  10,  11,  16,   2, 
[186.857s][info][gc,stats    ]     DSM: VM Strong Roots              5 us, workers (us):   2,   2,   0,   0,   0,   0, 
[186.857s][info][gc,stats    ]     DSM: CLDG Roots                  43 us, workers (us):   0,   0,   0,   0,   0,  42, 
[186.857s][info][gc,stats    ]     DSM: Parallel Mark             2909 us, workers (us): 493, 493, 493, 491, 486, 454, 
[186.857s][info][gc,stats    ]     System Purge                    206 us
[186.857s][info][gc,stats    ]       Weak References                68 us, parallelism: 0.12x
[186.857s][info][gc,stats    ]         WRP: <total>                  8 us
[186.857s][info][gc,stats    ]         WRP: Weak References          8 us, workers (us):   6,   2,   0,   0,   0,   0, 
[186.857s][info][gc,stats    ]       Unload Classes                108 us, parallelism: 3.81x
[186.857s][info][gc,stats    ]         DCU: <total>                410 us
[186.857s][info][gc,stats    ]         DCU: Unload Code Caches      410 us, workers (us):  69,  77,  70,  81,  60,  54, 
[186.857s][info][gc,stats    ]       Weak Roots                     29 us, parallelism: 2.24x
[186.857s][info][gc,stats    ]         DWR: <total>                 65 us
[186.857s][info][gc,stats    ]         DWR: VM Weak Roots           65 us, workers (us):  14,  14,  11,   6,  10,  10, 
[186.857s][info][gc,stats    ]       CLDG                            1 us
[186.857s][info][gc,stats    ]   Update Region States               26 us
[186.857s][info][gc,stats    ]   Manage GC/TLABs                     4 us
[186.857s][info][gc,stats    ]   Choose Collection Set              59 us
[186.857s][info][gc,stats    ]   Rebuild Free Set                   15 us
[186.857s][info][gc,stats    ]   Cleanup                            11 us
[186.858s][info][gc,stats    ] Pacing                           108295 us
[186.858s][info][gc,stats    ] 
[186.858s][info][gc,stats    ] Allocation pacing accrued:
[186.858s][info][gc,stats    ]     108 of  5722 ms (  1.9%): main
[186.858s][info][gc,stats    ]     108 of  5722 ms (  1.9%): <total>
[186.858s][info][gc,stats    ]       8 of  5722 ms (  0.1%): <average total>
[186.858s][info][gc,stats    ]     108 of  5722 ms (  1.9%): <average non-zero>
[186.858s][info][gc,stats    ] 
[186.858s][info][gc,metaspace] Metaspace: 1070K(1280K)->1070K(1280K) NonClass: 989K(1088K)->989K(1088K) Class: 81K(192K)->81K(192K)
[186.858s][info][gc,ergo     ] Pacer for Idle. Initial: 20971K, Alloc Tax Rate: 1.0x
[191.848s][info][gc          ] Trigger: Average GC time (2.73 ms) is above the time for average allocation rate (57965 KB/s) to deplete free headroom (0B) (margin of error = 2.15)
[191.848s][info][gc,ergo     ] Free headroom: 203M (free) - 52428K (spike) - 153M (penalties) = 0B
[191.848s][info][gc,ergo     ] Free: 203M, Max: 512K regular, 171M humongous, Frag: 16% external, 0% internal; Reserve: 52736K, Max: 512K
[191.848s][info][gc,start    ] GC(38) Concurrent reset
[191.848s][info][gc,task     ] GC(38) Using 3 of 6 workers for concurrent reset
[191.848s][info][gc,ergo     ] GC(38) Pacer for Reset. Non-Taxable: 1024M
[191.849s][info][gc          ] GC(38) Concurrent reset 0.149ms
[191.849s][info][gc,start    ] GC(38) Pause Init Mark (unload classes)
[191.849s][info][gc,task     ] GC(38) Using 6 of 6 workers for init marking
[191.849s][info][gc,ergo     ] GC(38) Pacer for Mark. Expected Live: 116M, Free: 203M, Non-Taxable: 20838K, Alloc Tax Rate: 0.7x
[191.849s][info][gc          ] GC(38) Pause Init Mark (unload classes) 0.074ms
[191.849s][info][gc,start    ] GC(38) Concurrent marking roots
[191.849s][info][gc,task     ] GC(38) Using 3 of 6 workers for concurrent marking roots
[191.849s][info][gc          ] GC(38) Concurrent marking roots 0.246ms
[191.849s][info][gc,start    ] GC(38) Concurrent marking (unload classes)
[191.849s][info][gc,task     ] GC(38) Using 3 of 6 workers for concurrent marking
[191.850s][info][gc          ] GC(38) Concurrent marking (unload classes) 0.665ms
[191.850s][info][gc,start    ] GC(38) Pause Final Mark (unload classes)
[191.850s][info][gc,task     ] GC(38) Using 6 of 6 workers for final marking
[191.850s][info][gc,ergo     ] GC(38) Collectable Garbage: 631M (99%), Immediate: 631M (99%), CSet: 0B (0%)
[191.850s][info][gc          ] GC(38) Pause Final Mark (unload classes) 0.135ms
[191.850s][info][gc,start    ] GC(38) Concurrent weak references
[191.850s][info][gc,task     ] GC(38) Using 3 of 6 workers for concurrent weak references
[191.850s][info][gc,ref      ] GC(38) Encountered references: Soft: 45, Weak: 116, Final: 0, Phantom: 7
[191.850s][info][gc,ref      ] GC(38) Discovered  references: Soft: 0, Weak: 77, Final: 0, Phantom: 5
[191.850s][info][gc,ref      ] GC(38) Enqueued    references: Soft: 0, Weak: 0, Final: 0, Phantom: 0
[191.850s][info][gc          ] GC(38) Concurrent weak references 0.119ms
[191.850s][info][gc,start    ] GC(38) Concurrent weak roots
[191.850s][info][gc,task     ] GC(38) Using 3 of 6 workers for concurrent weak root
[191.850s][info][gc          ] GC(38) Concurrent weak roots 0.108ms
[191.850s][info][gc,start    ] GC(38) Concurrent cleanup
[191.850s][info][gc          ] GC(38) Concurrent cleanup 747M->116M(1024M) 0.066ms
[191.850s][info][gc,ergo     ] GC(38) Free: 855M, Max: 512K regular, 373M humongous, Frag: 57% external, 0% internal; Reserve: 52736K, Max: 512K
[191.850s][info][gc,start    ] GC(38) Concurrent class unloading
[191.850s][info][gc,task     ] GC(38) Using 3 of 6 workers for concurrent class unloading
[191.850s][info][gc          ] GC(38) Concurrent class unloading 0.205ms
[191.850s][info][gc,start    ] GC(38) Pause Final Roots
[191.850s][info][gc          ] GC(38) Pause Final Roots 0.016ms
[191.850s][info][gc,ergo     ] Free: 855M, Max: 512K regular, 373M humongous, Frag: 57% external, 0% internal; Reserve: 52736K, Max: 512K
[191.850s][info][gc,stats    ] 
[191.850s][info][gc,stats    ] All times are wall-clock times, except per-root-class counters, that are sum over
[191.850s][info][gc,stats    ] all workers. Dividing the <total> over the root stage time estimates parallelism.
[191.850s][info][gc,stats    ] 
[191.850s][info][gc,stats    ] Concurrent Reset                    169 us
[191.851s][info][gc,stats    ] Pause Init Mark (G)                 113 us
[191.851s][info][gc,stats    ] Pause Init Mark (N)                  83 us
[191.851s][info][gc,stats    ]   Update Region States               24 us
[191.851s][info][gc,stats    ] Concurrent Mark Roots               262 us, parallelism: 1.28x
[191.851s][info][gc,stats    ]   CMR: <total>                      335 us
[191.851s][info][gc,stats    ]   CMR: Thread Roots                 300 us, workers (us):  34,  70, 196, ---, ---, ---, 
[191.851s][info][gc,stats    ]   CMR: VM Strong Roots                5 us, workers (us):   2,   1,   1, ---, ---, ---, 
[191.851s][info][gc,stats    ]   CMR: CLDG Roots                    31 us, workers (us):  31, ---, ---, ---, ---, ---, 
[191.851s][info][gc,stats    ] Concurrent Marking                  681 us
[191.851s][info][gc,stats    ] Pause Final Mark (G)                175 us
[191.851s][info][gc,stats    ] Pause Final Mark (N)                145 us
[191.851s][info][gc,stats    ]   Finish Mark                        29 us
[191.851s][info][gc,stats    ]   Update Region States               27 us
[191.851s][info][gc,stats    ]   Choose Collection Set              43 us
[191.851s][info][gc,stats    ]   Rebuild Free Set                    8 us
[191.851s][info][gc,stats    ] Concurrent Weak References          127 us, parallelism: 0.03x
[191.851s][info][gc,stats    ]   CWRF: <total>                       4 us
[191.851s][info][gc,stats    ]   CWRF: Weak References               4 us, workers (us):   1,   3,   0, ---, ---, ---, 
[191.851s][info][gc,stats    ] Concurrent Weak Roots               123 us
[191.851s][info][gc,stats    ]   Roots                              69 us, parallelism: 1.29x
[191.851s][info][gc,stats    ]     CWR: <total>                     89 us
[191.851s][info][gc,stats    ]     CWR: Code Cache Roots            46 us, workers (us):  33,   0,  14, ---, ---, ---, 
[191.851s][info][gc,stats    ]     CWR: VM Weak Roots               42 us, workers (us):  15,  13,  13, ---, ---, ---, 
[191.851s][info][gc,stats    ]     CWR: CLDG Roots                   1 us, workers (us): ---,   1, ---, ---, ---, ---, 
[191.851s][info][gc,stats    ]   Rendezvous                         23 us
[191.851s][info][gc,stats    ] Concurrent Cleanup                   76 us
[191.851s][info][gc,stats    ] Concurrent Class Unloading          219 us
[191.851s][info][gc,stats    ]   Unlink Stale                      145 us
[191.851s][info][gc,stats    ]     System Dictionary                 1 us
[191.851s][info][gc,stats    ]     Weak Class Links                  0 us
[191.851s][info][gc,stats    ]     Code Roots                      143 us
[191.851s][info][gc,stats    ]   Rendezvous                         19 us
[191.851s][info][gc,stats    ]   Purge Unlinked                     24 us
[191.851s][info][gc,stats    ]     Code Roots                       21 us
[191.851s][info][gc,stats    ]     CLDG                              3 us
[191.851s][info][gc,stats    ]     Exception Caches                  0 us
[191.851s][info][gc,stats    ] Pause Final Roots (G)                44 us
[191.851s][info][gc,stats    ] Pause Final Roots (N)                24 us
[191.851s][info][gc,stats    ] 
[191.851s][info][gc,stats    ] Allocation pacing accrued:
[191.851s][info][gc,stats    ]       0 of  4993 ms (  0.0%): <total>
[191.851s][info][gc,stats    ]       0 of  4993 ms (  0.0%): <average total>
[191.851s][info][gc,stats    ] 
[191.851s][info][gc,metaspace] Metaspace: 1070K(1280K)->1070K(1280K) NonClass: 989K(1088K)->989K(1088K) Class: 81K(192K)->81K(192K)
[191.851s][info][gc,ergo     ] Pacer for Idle. Initial: 20971K, Alloc Tax Rate: 1.0x
[196.828s][info][gc          ] Trigger: Average GC time (2.54 ms) is above the time for average allocation rate (630 MB/s) to deplete free headroom (0B) (margin of error = 2.15)
[196.828s][info][gc,ergo     ] Free headroom: 163M (free) - 52428K (spike) - 143M (penalties) = 0B
[196.828s][info][gc,ergo     ] Free: 163M, Max: 512K regular, 100864K humongous, Frag: 40% external, 0% internal; Reserve: 52736K, Max: 512K
[196.828s][info][gc,start    ] GC(39) Concurrent reset
[196.828s][info][gc,task     ] GC(39) Using 3 of 6 workers for concurrent reset
[196.828s][info][gc,ergo     ] GC(39) Pacer for Reset. Non-Taxable: 1024M
[196.828s][info][gc          ] GC(39) Concurrent reset 0.185ms
[196.828s][info][gc,start    ] GC(39) Pause Init Mark (unload classes)
[196.828s][info][gc,task     ] GC(39) Using 6 of 6 workers for init marking
[196.828s][info][gc,ergo     ] GC(39) Pacer for Mark. Expected Live: 110M, Free: 163M, Non-Taxable: 16742K, Alloc Tax Rate: 0.8x
[196.828s][info][gc          ] GC(39) Pause Init Mark (unload classes) 0.071ms
[196.828s][info][gc,start    ] GC(39) Concurrent marking roots
[196.828s][info][gc,task     ] GC(39) Using 3 of 6 workers for concurrent marking roots
[196.828s][info][gc          ] GC(39) Concurrent marking roots 0.258ms
[196.828s][info][gc,start    ] GC(39) Concurrent marking (unload classes)
[196.828s][info][gc,task     ] GC(39) Using 3 of 6 workers for concurrent marking
[196.829s][info][gc          ] GC(39) Concurrent marking (unload classes) 0.652ms
[196.829s][info][gc,start    ] GC(39) Pause Final Mark (unload classes)
[196.829s][info][gc,task     ] GC(39) Using 6 of 6 workers for final marking
[196.829s][info][gc,ergo     ] GC(39) Collectable Garbage: 655M (99%), Immediate: 655M (99%), CSet: 0B (0%)
[196.829s][info][gc          ] GC(39) Pause Final Mark (unload classes) 0.146ms
[196.829s][info][gc,start    ] GC(39) Concurrent weak references
[196.829s][info][gc,task     ] GC(39) Using 3 of 6 workers for concurrent weak references
[196.829s][info][gc,ref      ] GC(39) Encountered references: Soft: 45, Weak: 116, Final: 0, Phantom: 7
[196.829s][info][gc,ref      ] GC(39) Discovered  references: Soft: 0, Weak: 84, Final: 0, Phantom: 5
[196.829s][info][gc,ref      ] GC(39) Enqueued    references: Soft: 0, Weak: 0, Final: 0, Phantom: 0
[196.829s][info][gc          ] GC(39) Concurrent weak references 0.084ms
[196.829s][info][gc,start    ] GC(39) Concurrent weak roots
[196.829s][info][gc,task     ] GC(39) Using 3 of 6 workers for concurrent weak root
[196.829s][info][gc          ] GC(39) Concurrent weak roots 0.121ms
[196.829s][info][gc,start    ] GC(39) Concurrent cleanup
[196.830s][info][gc          ] GC(39) Concurrent cleanup 787M->132M(1024M) 0.069ms
[196.830s][info][gc,ergo     ] GC(39) Free: 838M, Max: 512K regular, 233M humongous, Frag: 73% external, 0% internal; Reserve: 52736K, Max: 512K
[196.830s][info][gc,start    ] GC(39) Concurrent class unloading
[196.830s][info][gc,task     ] GC(39) Using 3 of 6 workers for concurrent class unloading
[196.830s][info][gc          ] GC(39) Concurrent class unloading 0.258ms
[196.830s][info][gc,start    ] GC(39) Pause Final Roots
[196.830s][info][gc          ] GC(39) Pause Final Roots 0.017ms
[196.830s][info][gc,ergo     ] Free: 838M, Max: 512K regular, 233M humongous, Frag: 73% external, 0% internal; Reserve: 52736K, Max: 512K
[196.830s][info][gc,stats    ] 
[196.830s][info][gc,stats    ] All times are wall-clock times, except per-root-class counters, that are sum over
[196.830s][info][gc,stats    ] all workers. Dividing the <total> over the root stage time estimates parallelism.
[196.830s][info][gc,stats    ] 
[196.830s][info][gc,stats    ] Concurrent Reset                    207 us
[196.830s][info][gc,stats    ] Pause Init Mark (G)                 110 us
[196.830s][info][gc,stats    ] Pause Init Mark (N)                  79 us
[196.830s][info][gc,stats    ]   Update Region States               23 us
[196.830s][info][gc,stats    ] Concurrent Mark Roots               275 us, parallelism: 1.39x
[196.830s][info][gc,stats    ]   CMR: <total>                      383 us
[196.830s][info][gc,stats    ]   CMR: Thread Roots                 349 us, workers (us):  94,  53, 201, ---, ---, ---, 
[196.830s][info][gc,stats    ]   CMR: VM Strong Roots                4 us, workers (us):   3,   1,   0, ---, ---, ---, 
[196.830s][info][gc,stats    ]   CMR: CLDG Roots                    30 us, workers (us): ---,  30, ---, ---, ---, ---, 
[196.830s][info][gc,stats    ] Concurrent Marking                  669 us
[196.830s][info][gc,stats    ] Pause Final Mark (G)                193 us
[196.830s][info][gc,stats    ] Pause Final Mark (N)                156 us
[196.830s][info][gc,stats    ]   Finish Mark                        31 us
[196.830s][info][gc,stats    ]   Update Region States               29 us
[196.830s][info][gc,stats    ]   Choose Collection Set              42 us
[196.830s][info][gc,stats    ]   Rebuild Free Set                    8 us
[196.830s][info][gc,stats    ] Concurrent Weak References           92 us, parallelism: 0.06x
[196.830s][info][gc,stats    ]   CWRF: <total>                       6 us
[196.830s][info][gc,stats    ]   CWRF: Weak References               6 us, workers (us):   1,   4,   0, ---, ---, ---, 
[196.830s][info][gc,stats    ] Concurrent Weak Roots               139 us
[196.830s][info][gc,stats    ]   Roots                              76 us, parallelism: 1.38x
[196.830s][info][gc,stats    ]     CWR: <total>                    105 us
[196.830s][info][gc,stats    ]     CWR: Code Cache Roots            49 us, workers (us):  34,   0,  15, ---, ---, ---, 
[196.830s][info][gc,stats    ]     CWR: VM Weak Roots               54 us, workers (us):  18,  18,  18, ---, ---, ---, 
[196.830s][info][gc,stats    ]     CWR: CLDG Roots                   1 us, workers (us): ---,   1, ---, ---, ---, ---, 
[196.830s][info][gc,stats    ]   Rendezvous                         28 us
[196.830s][info][gc,stats    ] Concurrent Cleanup                  122 us
[196.830s][info][gc,stats    ] Concurrent Class Unloading          273 us
[196.830s][info][gc,stats    ]   Unlink Stale                      181 us
[196.830s][info][gc,stats    ]     System Dictionary                 1 us
[196.830s][info][gc,stats    ]     Weak Class Links                  0 us
[196.830s][info][gc,stats    ]     Code Roots                      180 us
[196.830s][info][gc,stats    ]   Rendezvous                         27 us
[196.830s][info][gc,stats    ]   Purge Unlinked                     32 us
[196.830s][info][gc,stats    ]     Code Roots                       29 us
[196.830s][info][gc,stats    ]     CLDG                              3 us
[196.830s][info][gc,stats    ]     Exception Caches                  0 us
[196.830s][info][gc,stats    ] Pause Final Roots (G)                47 us
[196.830s][info][gc,stats    ] Pause Final Roots (N)                26 us
[196.830s][info][gc,stats    ] Pacing                            92526 us
[196.830s][info][gc,stats    ] 
[196.830s][info][gc,stats    ] Allocation pacing accrued:
[196.830s][info][gc,stats    ]      93 of  4979 ms (  1.9%): main
[196.830s][info][gc,stats    ]      93 of  4979 ms (  1.9%): <total>
[196.830s][info][gc,stats    ]       7 of  4979 ms (  0.1%): <average total>
[196.830s][info][gc,stats    ]      93 of  4979 ms (  1.9%): <average non-zero>
[196.830s][info][gc,stats    ] 
[196.830s][info][gc,metaspace] Metaspace: 1070K(1280K)->1070K(1280K) NonClass: 989K(1088K)->989K(1088K) Class: 81K(192K)->81K(192K)
[196.830s][info][gc,ergo     ] Pacer for Idle. Initial: 20971K, Alloc Tax Rate: 1.0x
[201.134s][info][gc          ] Trigger: Average GC time (2.44 ms) is above the time for average allocation rate (310 MB/s) to deplete free headroom (184K) (margin of error = 2.15)
[201.135s][info][gc,ergo     ] Free headroom: 184M (free) - 52428K (spike) - 133M (penalties) = 184K
[201.135s][info][gc,ergo     ] Free: 184M, Max: 512K regular, 100864K humongous, Frag: 47% external, 0% internal; Reserve: 52736K, Max: 512K
[201.135s][info][gc,start    ] GC(40) Concurrent reset
[201.135s][info][gc,task     ] GC(40) Using 3 of 6 workers for concurrent reset
[201.135s][info][gc,ergo     ] GC(40) Pacer for Reset. Non-Taxable: 1024M
[201.135s][info][gc          ] GC(40) Concurrent reset 0.185ms
[201.135s][info][gc,start    ] GC(40) Pause Init Mark (unload classes)
[201.135s][info][gc,task     ] GC(40) Using 6 of 6 workers for init marking
[201.135s][info][gc,ergo     ] GC(40) Pacer for Mark. Expected Live: 133M, Free: 184M, Non-Taxable: 18892K, Alloc Tax Rate: 0.9x
[201.135s][info][gc          ] GC(40) Pause Init Mark (unload classes) 0.059ms
[201.135s][info][gc,start    ] GC(40) Concurrent marking roots
[201.135s][info][gc,task     ] GC(40) Using 3 of 6 workers for concurrent marking roots
[201.135s][info][gc          ] GC(40) Concurrent marking roots 0.248ms
[201.135s][info][gc,start    ] GC(40) Concurrent marking (unload classes)
[201.135s][info][gc,task     ] GC(40) Using 3 of 6 workers for concurrent marking
[201.136s][info][gc          ] GC(40) Concurrent marking (unload classes) 0.656ms
[201.136s][info][gc,start    ] GC(40) Pause Final Mark (unload classes)
[201.136s][info][gc,task     ] GC(40) Using 6 of 6 workers for final marking
[201.136s][info][gc,ergo     ] GC(40) Collectable Garbage: 582M (99%), Immediate: 582M (99%), CSet: 0B (0%)
[201.136s][info][gc          ] GC(40) Pause Final Mark (unload classes) 0.141ms
[201.136s][info][gc,start    ] GC(40) Concurrent weak references
[201.136s][info][gc,task     ] GC(40) Using 3 of 6 workers for concurrent weak references
[201.136s][info][gc,ref      ] GC(40) Encountered references: Soft: 45, Weak: 116, Final: 0, Phantom: 7
[201.136s][info][gc,ref      ] GC(40) Discovered  references: Soft: 0, Weak: 95, Final: 0, Phantom: 5
[201.136s][info][gc,ref      ] GC(40) Enqueued    references: Soft: 0, Weak: 0, Final: 0, Phantom: 0
[201.136s][info][gc          ] GC(40) Concurrent weak references 0.076ms
[201.136s][info][gc,start    ] GC(40) Concurrent weak roots
[201.136s][info][gc,task     ] GC(40) Using 3 of 6 workers for concurrent weak root
[201.136s][info][gc          ] GC(40) Concurrent weak roots 0.112ms
[201.136s][info][gc,start    ] GC(40) Concurrent cleanup
[201.136s][info][gc          ] GC(40) Concurrent cleanup 768M->186M(1024M) 0.061ms
[201.136s][info][gc,ergo     ] GC(40) Free: 783M, Max: 512K regular, 261M humongous, Frag: 67% external, 0% internal; Reserve: 52736K, Max: 512K
[201.136s][info][gc,start    ] GC(40) Concurrent class unloading
[201.136s][info][gc,task     ] GC(40) Using 3 of 6 workers for concurrent class unloading
[201.137s][info][gc          ] GC(40) Concurrent class unloading 0.228ms
[201.137s][info][gc,start    ] GC(40) Pause Final Roots
[201.137s][info][gc          ] GC(40) Pause Final Roots 0.062ms
[201.137s][info][gc,ergo     ] Free: 783M, Max: 512K regular, 261M humongous, Frag: 67% external, 0% internal; Reserve: 52736K, Max: 512K
[201.137s][info][gc,stats    ] 
[201.137s][info][gc,stats    ] All times are wall-clock times, except per-root-class counters, that are sum over
[201.137s][info][gc,stats    ] all workers. Dividing the <total> over the root stage time estimates parallelism.
[201.137s][info][gc,stats    ] 
[201.137s][info][gc,stats    ] Concurrent Reset                    206 us
[201.137s][info][gc,stats    ] Pause Init Mark (G)                  97 us
[201.137s][info][gc,stats    ] Pause Init Mark (N)                  68 us
[201.137s][info][gc,stats    ]   Update Region States               21 us
[201.137s][info][gc,stats    ] Concurrent Mark Roots               262 us, parallelism: 1.24x
[201.137s][info][gc,stats    ]   CMR: <total>                      326 us
[201.137s][info][gc,stats    ]   CMR: Thread Roots                 291 us, workers (us): 189,  67,  35, ---, ---, ---, 
[201.137s][info][gc,stats    ]   CMR: VM Strong Roots                4 us, workers (us):   3,   1,   0, ---, ---, ---, 
[201.137s][info][gc,stats    ]   CMR: CLDG Roots                    31 us, workers (us): ---, ---,  31, ---, ---, ---, 
[201.137s][info][gc,stats    ] Concurrent Marking                  672 us
[201.137s][info][gc,stats    ] Pause Final Mark (G)                185 us
[201.137s][info][gc,stats    ] Pause Final Mark (N)                151 us
[201.137s][info][gc,stats    ]   Finish Mark                        31 us
[201.137s][info][gc,stats    ]   Update Region States               29 us
[201.137s][info][gc,stats    ]   Choose Collection Set              41 us
[201.137s][info][gc,stats    ]   Rebuild Free Set                    8 us
[201.137s][info][gc,stats    ] Concurrent Weak References           84 us, parallelism: 0.06x
[201.137s][info][gc,stats    ]   CWRF: <total>                       5 us
[201.137s][info][gc,stats    ]   CWRF: Weak References               5 us, workers (us):   4,   0,   0, ---, ---, ---, 
[201.137s][info][gc,stats    ] Concurrent Weak Roots               123 us
[201.137s][info][gc,stats    ]   Roots                              69 us, parallelism: 1.29x
[201.137s][info][gc,stats    ]     CWR: <total>                     89 us
[201.137s][info][gc,stats    ]     CWR: Code Cache Roots            47 us, workers (us):  14,   0,  33, ---, ---, ---, 
[201.137s][info][gc,stats    ]     CWR: VM Weak Roots               42 us, workers (us):  16,  13,  13, ---, ---, ---, 
[201.137s][info][gc,stats    ]     CWR: CLDG Roots                   1 us, workers (us): ---,   1, ---, ---, ---, ---, 
[201.137s][info][gc,stats    ]   Rendezvous                         26 us
[201.137s][info][gc,stats    ] Concurrent Cleanup                   71 us
[201.137s][info][gc,stats    ] Concurrent Class Unloading          242 us
[201.137s][info][gc,stats    ]   Unlink Stale                      160 us
[201.137s][info][gc,stats    ]     System Dictionary                 1 us
[201.137s][info][gc,stats    ]     Weak Class Links                  0 us
[201.137s][info][gc,stats    ]     Code Roots                      158 us
[201.137s][info][gc,stats    ]   Rendezvous                         26 us
[201.137s][info][gc,stats    ]   Purge Unlinked                     25 us
[201.137s][info][gc,stats    ]     Code Roots                       22 us
[201.137s][info][gc,stats    ]     CLDG                              3 us
[201.137s][info][gc,stats    ]     Exception Caches                  0 us
[201.137s][info][gc,stats    ] Pause Final Roots (G)                96 us
[201.137s][info][gc,stats    ] Pause Final Roots (N)                74 us
[201.137s][info][gc,stats    ] Pacing                            92165 us
[201.137s][info][gc,stats    ] 
[201.137s][info][gc,stats    ] Allocation pacing accrued:
[201.137s][info][gc,stats    ]      92 of  4307 ms (  2.1%): main
[201.137s][info][gc,stats    ]      92 of  4307 ms (  2.1%): <total>
[201.137s][info][gc,stats    ]       7 of  4307 ms (  0.2%): <average total>
[201.137s][info][gc,stats    ]      92 of  4307 ms (  2.1%): <average non-zero>
[201.137s][info][gc,stats    ] 
[201.137s][info][gc,metaspace] Metaspace: 1071K(1280K)->1071K(1280K) NonClass: 989K(1088K)->989K(1088K) Class: 81K(192K)->81K(192K)
[201.137s][info][gc,ergo     ] Pacer for Idle. Initial: 20971K, Alloc Tax Rate: 1.0x
[206.705s][info][gc          ] Trigger: Average GC time (2.33 ms) is above the time for average allocation rate (144 MB/s) to deplete free headroom (0B) (margin of error = 2.16)
[206.705s][info][gc,ergo     ] Free headroom: 172M (free) - 52428K (spike) - 122M (penalties) = 0B
[206.705s][info][gc,ergo     ] Free: 172M, Max: 512K regular, 163M humongous, Frag: 6% external, 0% internal; Reserve: 52736K, Max: 512K
[206.705s][info][gc,start    ] GC(41) Concurrent reset
[206.705s][info][gc,task     ] GC(41) Using 3 of 6 workers for concurrent reset
[206.705s][info][gc,ergo     ] GC(41) Pacer for Reset. Non-Taxable: 1024M
[206.705s][info][gc          ] GC(41) Concurrent reset 0.361ms
[206.706s][info][gc,start    ] GC(41) Pause Init Mark (unload classes)
[206.706s][info][gc,task     ] GC(41) Using 6 of 6 workers for init marking
[206.706s][info][gc,ergo     ] GC(41) Pacer for Mark. Expected Live: 133M, Free: 172M, Non-Taxable: 17664K, Alloc Tax Rate: 0.9x
[206.706s][info][gc          ] GC(41) Pause Init Mark (unload classes) 0.070ms
[206.706s][info][gc,start    ] GC(41) Concurrent marking roots
[206.706s][info][gc,task     ] GC(41) Using 3 of 6 workers for concurrent marking roots
[206.706s][info][gc          ] GC(41) Concurrent marking roots 0.307ms
[206.706s][info][gc,start    ] GC(41) Concurrent marking (unload classes)
[206.706s][info][gc,task     ] GC(41) Using 3 of 6 workers for concurrent marking
[206.707s][info][gc          ] GC(41) Concurrent marking (unload classes) 0.682ms
[206.707s][info][gc,start    ] GC(41) Pause Final Mark (unload classes)
[206.707s][info][gc,task     ] GC(41) Using 6 of 6 workers for final marking
[206.707s][info][gc,ergo     ] GC(41) Collectable Garbage: 706M (99%), Immediate: 706M (99%), CSet: 0B (0%)
[206.707s][info][gc          ] GC(41) Pause Final Mark (unload classes) 0.187ms
[206.707s][info][gc,start    ] GC(41) Concurrent weak references
[206.707s][info][gc,task     ] GC(41) Using 3 of 6 workers for concurrent weak references
[206.707s][info][gc,ref      ] GC(41) Encountered references: Soft: 45, Weak: 116, Final: 0, Phantom: 7
[206.707s][info][gc,ref      ] GC(41) Discovered  references: Soft: 0, Weak: 95, Final: 0, Phantom: 5
[206.707s][info][gc,ref      ] GC(41) Enqueued    references: Soft: 0, Weak: 0, Final: 0, Phantom: 0
[206.707s][info][gc          ] GC(41) Concurrent weak references 0.106ms
[206.707s][info][gc,start    ] GC(41) Concurrent weak roots
[206.707s][info][gc,task     ] GC(41) Using 3 of 6 workers for concurrent weak root
[206.707s][info][gc          ] GC(41) Concurrent weak roots 0.141ms
[206.707s][info][gc,start    ] GC(41) Concurrent cleanup
[206.707s][info][gc          ] GC(41) Concurrent cleanup 777M->71M(1024M) 0.069ms
[206.707s][info][gc,ergo     ] GC(41) Free: 900M, Max: 512K regular, 424M humongous, Frag: 53% external, 0% internal; Reserve: 52736K, Max: 512K
[206.707s][info][gc,start    ] GC(41) Concurrent class unloading
[206.707s][info][gc,task     ] GC(41) Using 3 of 6 workers for concurrent class unloading
[206.707s][info][gc          ] GC(41) Concurrent class unloading 0.243ms
[206.708s][info][gc,start    ] GC(41) Pause Final Roots
[206.708s][info][gc          ] GC(41) Pause Final Roots 0.018ms
[206.708s][info][gc,ergo     ] Free: 900M, Max: 512K regular, 424M humongous, Frag: 53% external, 0% internal; Reserve: 52736K, Max: 512K
[206.708s][info][gc,stats    ] 
[206.708s][info][gc,stats    ] All times are wall-clock times, except per-root-class counters, that are sum over
[206.708s][info][gc,stats    ] all workers. Dividing the <total> over the root stage time estimates parallelism.
[206.708s][info][gc,stats    ] 
[206.708s][info][gc,stats    ] Concurrent Reset                    384 us
[206.708s][info][gc,stats    ] Pause Init Mark (G)                 116 us
[206.708s][info][gc,stats    ] Pause Init Mark (N)                  78 us
[206.708s][info][gc,stats    ]   Update Region States               26 us
[206.708s][info][gc,stats    ] Concurrent Mark Roots               325 us, parallelism: 1.62x
[206.708s][info][gc,stats    ]   CMR: <total>                      527 us
[206.708s][info][gc,stats    ]   CMR: Thread Roots                 491 us, workers (us): 251, 104, 136, ---, ---, ---, 
[206.708s][info][gc,stats    ]   CMR: VM Strong Roots                4 us, workers (us):   3,   1,   0, ---, ---, ---, 
[206.708s][info][gc,stats    ]   CMR: CLDG Roots                    32 us, workers (us): ---,  32, ---, ---, ---, ---, 
[206.708s][info][gc,stats    ] Concurrent Marking                  700 us
[206.708s][info][gc,stats    ] Pause Final Mark (G)                231 us
[206.708s][info][gc,stats    ] Pause Final Mark (N)                198 us
[206.708s][info][gc,stats    ]   Finish Mark                        72 us
[206.708s][info][gc,stats    ]   Update Region States               31 us
[206.708s][info][gc,stats    ]   Choose Collection Set              49 us
[206.708s][info][gc,stats    ]   Rebuild Free Set                    8 us
[206.708s][info][gc,stats    ] Concurrent Weak References          114 us, parallelism: 0.04x
[206.708s][info][gc,stats    ]   CWRF: <total>                       4 us
[206.708s][info][gc,stats    ]   CWRF: Weak References               4 us, workers (us):   3,   1,   0, ---, ---, ---, 
[206.708s][info][gc,stats    ] Concurrent Weak Roots               152 us
[206.708s][info][gc,stats    ]   Roots                              68 us, parallelism: 1.37x
[206.708s][info][gc,stats    ]     CWR: <total>                     94 us
[206.708s][info][gc,stats    ]     CWR: Code Cache Roots            48 us, workers (us):  15,  33,   0, ---, ---, ---, 
[206.708s][info][gc,stats    ]     CWR: VM Weak Roots               45 us, workers (us):  18,  13,  13, ---, ---, ---, 
[206.708s][info][gc,stats    ]     CWR: CLDG Roots                   1 us, workers (us): ---, ---,   1, ---, ---, ---, 
[206.708s][info][gc,stats    ]   Rendezvous                         56 us
[206.708s][info][gc,stats    ] Concurrent Cleanup                   79 us
[206.708s][info][gc,stats    ] Concurrent Class Unloading          257 us
[206.708s][info][gc,stats    ]   Unlink Stale                      148 us
[206.708s][info][gc,stats    ]     System Dictionary                 1 us
[206.708s][info][gc,stats    ]     Weak Class Links                  0 us
[206.708s][info][gc,stats    ]     Code Roots                      147 us
[206.708s][info][gc,stats    ]   Rendezvous                         55 us
[206.708s][info][gc,stats    ]   Purge Unlinked                     22 us
[206.708s][info][gc,stats    ]     Code Roots                       20 us
[206.708s][info][gc,stats    ]     CLDG                              2 us
[206.708s][info][gc,stats    ]     Exception Caches                  0 us
[206.708s][info][gc,stats    ] Pause Final Roots (G)                81 us
[206.708s][info][gc,stats    ] Pause Final Roots (N)                28 us
[206.708s][info][gc,stats    ] Pacing                            76870 us
[206.708s][info][gc,stats    ] 
[206.708s][info][gc,stats    ] Allocation pacing accrued:
[206.708s][info][gc,stats    ]      77 of  5571 ms (  1.4%): main
[206.708s][info][gc,stats    ]      77 of  5571 ms (  1.4%): <total>
[206.708s][info][gc,stats    ]       6 of  5571 ms (  0.1%): <average total>
[206.708s][info][gc,stats    ]      77 of  5571 ms (  1.4%): <average non-zero>
[206.708s][info][gc,stats    ] 
[206.708s][info][gc,metaspace] Metaspace: 1071K(1280K)->1071K(1280K) NonClass: 989K(1088K)->989K(1088K) Class: 81K(192K)->81K(192K)
[206.708s][info][gc,ergo     ] Pacer for Idle. Initial: 20971K, Alloc Tax Rate: 1.0x
[211.144s][info][gc          ] Trigger: Average GC time (2.71 ms) is above the time for average allocation rate (156 MB/s) to deplete free headroom (0B) (margin of error = 2.16)
[211.144s][info][gc,ergo     ] Free headroom: 151M (free) - 52428K (spike) - 112M (penalties) = 0B
[211.144s][info][gc,ergo     ] Free: 151M, Max: 512K regular, 66560K humongous, Frag: 57% external, 0% internal; Reserve: 52736K, Max: 512K
[211.144s][info][gc,start    ] GC(42) Concurrent reset
[211.144s][info][gc,task     ] GC(42) Using 3 of 6 workers for concurrent reset
[211.144s][info][gc,ergo     ] GC(42) Pacer for Reset. Non-Taxable: 1024M
[211.145s][info][gc          ] GC(42) Concurrent reset 0.195ms
[211.145s][info][gc,start    ] GC(42) Pause Init Mark (unload classes)
[211.145s][info][gc,task     ] GC(42) Using 6 of 6 workers for init marking
[211.145s][info][gc,ergo     ] GC(42) Pacer for Mark. Expected Live: 142M, Free: 151M, Non-Taxable: 15462K, Alloc Tax Rate: 1.2x
[211.145s][info][gc          ] GC(42) Pause Init Mark (unload classes) 0.107ms
[211.145s][info][gc,start    ] GC(42) Concurrent marking roots
[211.145s][info][gc,task     ] GC(42) Using 3 of 6 workers for concurrent marking roots
[211.145s][info][gc          ] GC(42) Concurrent marking roots 0.249ms
[211.145s][info][gc,start    ] GC(42) Concurrent marking (unload classes)
[211.145s][info][gc,task     ] GC(42) Using 3 of 6 workers for concurrent marking
[211.146s][info][gc          ] GC(42) Concurrent marking (unload classes) 0.704ms
[211.146s][info][gc,start    ] GC(42) Pause Final Mark (unload classes)
[211.146s][info][gc,task     ] GC(42) Using 6 of 6 workers for final marking
[211.146s][info][gc,ergo     ] GC(42) Collectable Garbage: 641M (99%), Immediate: 641M (99%), CSet: 0B (0%)
[211.146s][info][gc          ] GC(42) Pause Final Mark (unload classes) 0.160ms
[211.146s][info][gc,start    ] GC(42) Concurrent weak references
[211.146s][info][gc,task     ] GC(42) Using 3 of 6 workers for concurrent weak references
[211.146s][info][gc,ref      ] GC(42) Encountered references: Soft: 45, Weak: 116, Final: 0, Phantom: 7
[211.146s][info][gc,ref      ] GC(42) Discovered  references: Soft: 0, Weak: 84, Final: 0, Phantom: 5
[211.146s][info][gc,ref      ] GC(42) Enqueued    references: Soft: 0, Weak: 0, Final: 0, Phantom: 0
[211.146s][info][gc          ] GC(42) Concurrent weak references 0.076ms
[211.146s][info][gc,start    ] GC(42) Concurrent weak roots
[211.146s][info][gc,task     ] GC(42) Using 3 of 6 workers for concurrent weak root
[211.146s][info][gc          ] GC(42) Concurrent weak roots 0.119ms
[211.146s][info][gc,start    ] GC(42) Concurrent cleanup
[211.146s][info][gc          ] GC(42) Concurrent cleanup 802M->161M(1024M) 0.066ms
[211.146s][info][gc,ergo     ] GC(42) Free: 810M, Max: 512K regular, 356M humongous, Frag: 57% external, 0% internal; Reserve: 52736K, Max: 512K
[211.146s][info][gc,start    ] GC(42) Concurrent class unloading
[211.146s][info][gc,task     ] GC(42) Using 3 of 6 workers for concurrent class unloading
[211.147s][info][gc          ] GC(42) Concurrent class unloading 0.218ms
[211.147s][info][gc,start    ] GC(42) Pause Final Roots
[211.147s][info][gc          ] GC(42) Pause Final Roots 0.018ms
[211.147s][info][gc,ergo     ] Free: 810M, Max: 512K regular, 356M humongous, Frag: 57% external, 0% internal; Reserve: 52736K, Max: 512K
[211.147s][info][gc,stats    ] 
[211.147s][info][gc,stats    ] All times are wall-clock times, except per-root-class counters, that are sum over
[211.147s][info][gc,stats    ] all workers. Dividing the <total> over the root stage time estimates parallelism.
[211.147s][info][gc,stats    ] 
[211.147s][info][gc,stats    ] Concurrent Reset                    214 us
[211.147s][info][gc,stats    ] Pause Init Mark (G)                 150 us
[211.147s][info][gc,stats    ] Pause Init Mark (N)                 117 us
[211.147s][info][gc,stats    ]   Update Region States               52 us
[211.147s][info][gc,stats    ] Concurrent Mark Roots               264 us, parallelism: 1.30x
[211.147s][info][gc,stats    ]   CMR: <total>                      344 us
[211.147s][info][gc,stats    ]   CMR: Thread Roots                 308 us, workers (us):  70,  38, 200, ---, ---, ---, 
[211.147s][info][gc,stats    ]   CMR: VM Strong Roots                5 us, workers (us):   3,   1,   1, ---, ---, ---, 
[211.147s][info][gc,stats    ]   CMR: CLDG Roots                    30 us, workers (us): ---,  30, ---, ---, ---, ---, 
[211.147s][info][gc,stats    ] Concurrent Marking                  723 us
[211.147s][info][gc,stats    ] Pause Final Mark (G)                207 us
[211.147s][info][gc,stats    ] Pause Final Mark (N)                170 us
[211.147s][info][gc,stats    ]   Finish Mark                        29 us
[211.147s][info][gc,stats    ]   Update Region States               55 us
[211.147s][info][gc,stats    ]   Choose Collection Set              41 us
[211.147s][info][gc,stats    ]   Rebuild Free Set                    8 us
[211.147s][info][gc,stats    ] Concurrent Weak References           85 us, parallelism: 0.05x
[211.147s][info][gc,stats    ]   CWRF: <total>                       4 us
[211.147s][info][gc,stats    ]   CWRF: Weak References               4 us, workers (us):   4,   0,   0, ---, ---, ---, 
[211.147s][info][gc,stats    ] Concurrent Weak Roots               134 us
[211.147s][info][gc,stats    ]   Roots                              75 us, parallelism: 1.34x
[211.147s][info][gc,stats    ]     CWR: <total>                    100 us
[211.147s][info][gc,stats    ]     CWR: Code Cache Roots            54 us, workers (us):   0,  15,  39, ---, ---, ---, 
[211.147s][info][gc,stats    ]     CWR: VM Weak Roots               45 us, workers (us):  15,  15,  15, ---, ---, ---, 
[211.147s][info][gc,stats    ]     CWR: CLDG Roots                   1 us, workers (us):   1, ---, ---, ---, ---, ---, 
[211.147s][info][gc,stats    ]   Rendezvous                         28 us
[211.147s][info][gc,stats    ] Concurrent Cleanup                   76 us
[211.147s][info][gc,stats    ] Concurrent Class Unloading          234 us
[211.147s][info][gc,stats    ]   Unlink Stale                      158 us
[211.147s][info][gc,stats    ]     System Dictionary                 1 us
[211.147s][info][gc,stats    ]     Weak Class Links                  0 us
[211.147s][info][gc,stats    ]     Code Roots                      156 us
[211.147s][info][gc,stats    ]   Rendezvous                         19 us
[211.147s][info][gc,stats    ]   Purge Unlinked                     25 us
[211.147s][info][gc,stats    ]     Code Roots                       22 us
[211.147s][info][gc,stats    ]     CLDG                              3 us
[211.147s][info][gc,stats    ]     Exception Caches                  0 us
[211.147s][info][gc,stats    ] Pause Final Roots (G)                49 us
[211.147s][info][gc,stats    ] Pause Final Roots (N)                27 us
[211.147s][info][gc,stats    ] Pacing                           121356 us
[211.147s][info][gc,stats    ] 
[211.147s][info][gc,stats    ] Allocation pacing accrued:
[211.147s][info][gc,stats    ]     121 of  4439 ms (  2.7%): main
[211.147s][info][gc,stats    ]     121 of  4439 ms (  2.7%): <total>
[211.147s][info][gc,stats    ]       9 of  4439 ms (  0.2%): <average total>
[211.147s][info][gc,stats    ]     121 of  4439 ms (  2.7%): <average non-zero>
[211.147s][info][gc,stats    ] 
[211.147s][info][gc,metaspace] Metaspace: 1071K(1280K)->1071K(1280K) NonClass: 989K(1088K)->989K(1088K) Class: 81K(192K)->81K(192K)
[211.147s][info][gc,ergo     ] Pacer for Idle. Initial: 20971K, Alloc Tax Rate: 1.0x
[215.438s][info][gc          ] Trigger: Average GC time (2.55 ms) is above the time for average allocation rate (310 MB/s) to deplete free headroom (0B) (margin of error = 2.16)
[215.438s][info][gc,ergo     ] Free headroom: 147M (free) - 52428K (spike) - 102M (penalties) = 0B
[215.438s][info][gc,ergo     ] Free: 147M, Max: 512K regular, 75264K humongous, Frag: 51% external, 0% internal; Reserve: 52736K, Max: 512K
[215.438s][info][gc,start    ] GC(43) Concurrent reset
[215.438s][info][gc,task     ] GC(43) Using 3 of 6 workers for concurrent reset
[215.438s][info][gc,ergo     ] GC(43) Pacer for Reset. Non-Taxable: 1024M
[215.439s][info][gc          ] GC(43) Concurrent reset 0.288ms
[215.439s][info][gc,start    ] GC(43) Pause Init Mark (unload classes)
[215.439s][info][gc,task     ] GC(43) Using 6 of 6 workers for init marking
[215.439s][info][gc,ergo     ] GC(43) Pacer for Mark. Expected Live: 128M, Free: 147M, Non-Taxable: 15104K, Alloc Tax Rate: 1.1x
[215.439s][info][gc          ] GC(43) Pause Init Mark (unload classes) 0.075ms
[215.439s][info][gc,start    ] GC(43) Concurrent marking roots
[215.439s][info][gc,task     ] GC(43) Using 3 of 6 workers for concurrent marking roots
[215.439s][info][gc          ] GC(43) Concurrent marking roots 0.282ms
[215.439s][info][gc,start    ] GC(43) Concurrent marking (unload classes)
[215.439s][info][gc,task     ] GC(43) Using 3 of 6 workers for concurrent marking
[215.440s][info][gc          ] GC(43) Concurrent marking (unload classes) 0.689ms
[215.440s][info][gc,start    ] GC(43) Pause Final Mark (unload classes)
[215.440s][info][gc,task     ] GC(43) Using 6 of 6 workers for final marking
[215.440s][info][gc,ergo     ] GC(43) Collectable Garbage: 684M (99%), Immediate: 684M (99%), CSet: 0B (0%)
[215.440s][info][gc          ] GC(43) Pause Final Mark (unload classes) 0.133ms
[215.440s][info][gc,start    ] GC(43) Concurrent weak references
[215.440s][info][gc,task     ] GC(43) Using 3 of 6 workers for concurrent weak references
[215.440s][info][gc,ref      ] GC(43) Encountered references: Soft: 45, Weak: 116, Final: 0, Phantom: 7
[215.440s][info][gc,ref      ] GC(43) Discovered  references: Soft: 0, Weak: 78, Final: 0, Phantom: 5
[215.440s][info][gc,ref      ] GC(43) Enqueued    references: Soft: 0, Weak: 0, Final: 0, Phantom: 0
[215.440s][info][gc          ] GC(43) Concurrent weak references 0.113ms
[215.440s][info][gc,start    ] GC(43) Concurrent weak roots
[215.440s][info][gc,task     ] GC(43) Using 3 of 6 workers for concurrent weak root
[215.440s][info][gc          ] GC(43) Concurrent weak roots 0.107ms
[215.440s][info][gc,start    ] GC(43) Concurrent cleanup
[215.440s][info][gc          ] GC(43) Concurrent cleanup 806M->122M(1024M) 0.074ms
[215.440s][info][gc,ergo     ] GC(43) Free: 848M, Max: 512K regular, 237M humongous, Frag: 73% external, 0% internal; Reserve: 52736K, Max: 512K
[215.440s][info][gc,start    ] GC(43) Concurrent class unloading
[215.440s][info][gc,task     ] GC(43) Using 3 of 6 workers for concurrent class unloading
[215.441s][info][gc          ] GC(43) Concurrent class unloading 0.335ms
[215.441s][info][gc,start    ] GC(43) Pause Final Roots
[215.441s][info][gc          ] GC(43) Pause Final Roots 0.017ms
[215.441s][info][gc,ergo     ] Free: 848M, Max: 512K regular, 237M humongous, Frag: 73% external, 0% internal; Reserve: 52736K, Max: 512K
[215.441s][info][gc,stats    ] 
[215.441s][info][gc,stats    ] All times are wall-clock times, except per-root-class counters, that are sum over
[215.441s][info][gc,stats    ] all workers. Dividing the <total> over the root stage time estimates parallelism.
[215.441s][info][gc,stats    ] 
[215.441s][info][gc,stats    ] Concurrent Reset                    312 us
[215.441s][info][gc,stats    ] Pause Init Mark (G)                 118 us
[215.441s][info][gc,stats    ] Pause Init Mark (N)                  84 us
[215.441s][info][gc,stats    ]   Update Region States               23 us
[215.441s][info][gc,stats    ] Concurrent Mark Roots               301 us, parallelism: 1.20x
[215.441s][info][gc,stats    ]   CMR: <total>                      362 us
[215.441s][info][gc,stats    ]   CMR: Thread Roots                 326 us, workers (us):  35,  68, 222, ---, ---, ---, 
[215.441s][info][gc,stats    ]   CMR: VM Strong Roots                5 us, workers (us):   3,   1,   0, ---, ---, ---, 
[215.441s][info][gc,stats    ]   CMR: CLDG Roots                    31 us, workers (us):  31, ---, ---, ---, ---, ---, 
[215.441s][info][gc,stats    ] Concurrent Marking                  706 us
[215.441s][info][gc,stats    ] Pause Final Mark (G)                173 us
[215.441s][info][gc,stats    ] Pause Final Mark (N)                143 us
[215.441s][info][gc,stats    ]   Finish Mark                        28 us
[215.441s][info][gc,stats    ]   Update Region States               26 us
[215.441s][info][gc,stats    ]   Choose Collection Set              41 us
[215.441s][info][gc,stats    ]   Rebuild Free Set                    8 us
[215.441s][info][gc,stats    ] Concurrent Weak References          121 us, parallelism: 0.03x
[215.441s][info][gc,stats    ]   CWRF: <total>                       4 us
[215.441s][info][gc,stats    ]   CWRF: Weak References               4 us, workers (us):   2,   1,   0, ---, ---, ---, 
[215.441s][info][gc,stats    ] Concurrent Weak Roots               118 us
[215.441s][info][gc,stats    ]   Roots                              68 us, parallelism: 1.30x
[215.441s][info][gc,stats    ]     CWR: <total>                     89 us
[215.441s][info][gc,stats    ]     CWR: Code Cache Roots            47 us, workers (us):  33,   0,  14, ---, ---, ---, 
[215.441s][info][gc,stats    ]     CWR: VM Weak Roots               41 us, workers (us):  14,  14,  13, ---, ---, ---, 
[215.441s][info][gc,stats    ]     CWR: CLDG Roots                   1 us, workers (us): ---,   1, ---, ---, ---, ---, 
[215.441s][info][gc,stats    ]   Rendezvous                         23 us
[215.441s][info][gc,stats    ] Concurrent Cleanup                   87 us
[215.441s][info][gc,stats    ] Concurrent Class Unloading          354 us
[215.441s][info][gc,stats    ]   Unlink Stale                      242 us
[215.441s][info][gc,stats    ]     System Dictionary                 2 us
[215.441s][info][gc,stats    ]     Weak Class Links                  0 us
[215.441s][info][gc,stats    ]     Code Roots                      240 us
[215.441s][info][gc,stats    ]   Rendezvous                         35 us
[215.441s][info][gc,stats    ]   Purge Unlinked                     37 us
[215.441s][info][gc,stats    ]     Code Roots                       33 us
[215.441s][info][gc,stats    ]     CLDG                              4 us
[215.441s][info][gc,stats    ]     Exception Caches                  0 us
[215.441s][info][gc,stats    ] Pause Final Roots (G)                51 us
[215.441s][info][gc,stats    ] Pause Final Roots (N)                26 us
[215.441s][info][gc,stats    ] Pacing                            92949 us
[215.441s][info][gc,stats    ] 
[215.441s][info][gc,stats    ] Allocation pacing accrued:
[215.441s][info][gc,stats    ]      93 of  4294 ms (  2.2%): main
[215.441s][info][gc,stats    ]      93 of  4294 ms (  2.2%): <total>
[215.441s][info][gc,stats    ]       7 of  4294 ms (  0.2%): <average total>
[215.441s][info][gc,stats    ]      93 of  4294 ms (  2.2%): <average non-zero>
[215.441s][info][gc,stats    ] 
[215.441s][info][gc,metaspace] Metaspace: 1071K(1280K)->1071K(1280K) NonClass: 989K(1088K)->989K(1088K) Class: 81K(192K)->81K(192K)
[215.441s][info][gc,ergo     ] Pacer for Idle. Initial: 20971K, Alloc Tax Rate: 1.0x
[221.675s][info][gc          ] Trigger: Average GC time (2.58 ms) is above the time for average allocation rate (83377 KB/s) to deplete free headroom (0B) (margin of error = 2.16)
[221.675s][info][gc,ergo     ] Free headroom: 141M (free) - 52428K (spike) - 94371K (penalties) = 0B
[221.675s][info][gc,ergo     ] Free: 141M, Max: 512K regular, 88064K humongous, Frag: 40% external, 0% internal; Reserve: 52736K, Max: 512K
[221.675s][info][gc,start    ] GC(44) Concurrent reset
[221.675s][info][gc,task     ] GC(44) Using 3 of 6 workers for concurrent reset
[221.675s][info][gc,ergo     ] GC(44) Pacer for Reset. Non-Taxable: 1024M
[221.675s][info][gc          ] GC(44) Concurrent reset 0.191ms
[221.675s][info][gc,start    ] GC(44) Pause Init Mark (unload classes)
[221.675s][info][gc,task     ] GC(44) Using 6 of 6 workers for init marking
[221.675s][info][gc,ergo     ] GC(44) Pacer for Mark. Expected Live: 129M, Free: 141M, Non-Taxable: 14489K, Alloc Tax Rate: 1.1x
[221.675s][info][gc          ] GC(44) Pause Init Mark (unload classes) 0.076ms
[221.675s][info][gc,start    ] GC(44) Concurrent marking roots
[221.675s][info][gc,task     ] GC(44) Using 3 of 6 workers for concurrent marking roots
[221.676s][info][gc          ] GC(44) Concurrent marking roots 0.247ms
[221.676s][info][gc,start    ] GC(44) Concurrent marking (unload classes)
[221.676s][info][gc,task     ] GC(44) Using 3 of 6 workers for concurrent marking
[221.676s][info][gc          ] GC(44) Concurrent marking (unload classes) 0.643ms
[221.676s][info][gc,start    ] GC(44) Pause Final Mark (unload classes)
[221.676s][info][gc,task     ] GC(44) Using 6 of 6 workers for final marking
[221.676s][info][gc,ergo     ] GC(44) Collectable Garbage: 694M (99%), Immediate: 694M (99%), CSet: 0B (0%)
[221.677s][info][gc          ] GC(44) Pause Final Mark (unload classes) 0.137ms
[221.677s][info][gc,start    ] GC(44) Concurrent weak references
[221.677s][info][gc,task     ] GC(44) Using 3 of 6 workers for concurrent weak references
[221.677s][info][gc,ref      ] GC(44) Encountered references: Soft: 45, Weak: 116, Final: 0, Phantom: 7
[221.677s][info][gc,ref      ] GC(44) Discovered  references: Soft: 0, Weak: 84, Final: 0, Phantom: 5
[221.677s][info][gc,ref      ] GC(44) Enqueued    references: Soft: 0, Weak: 0, Final: 0, Phantom: 0
[221.677s][info][gc          ] GC(44) Concurrent weak references 0.091ms
[221.677s][info][gc,start    ] GC(44) Concurrent weak roots
[221.677s][info][gc,task     ] GC(44) Using 3 of 6 workers for concurrent weak root
[221.677s][info][gc          ] GC(44) Concurrent weak roots 0.140ms
[221.677s][info][gc,start    ] GC(44) Concurrent cleanup
[221.677s][info][gc          ] GC(44) Concurrent cleanup 805M->111M(1024M) 0.071ms
[221.677s][info][gc,ergo     ] GC(44) Free: 860M, Max: 512K regular, 367M humongous, Frag: 58% external, 0% internal; Reserve: 52736K, Max: 512K
[221.677s][info][gc,start    ] GC(44) Concurrent class unloading
[221.677s][info][gc,task     ] GC(44) Using 3 of 6 workers for concurrent class unloading
[221.677s][info][gc          ] GC(44) Concurrent class unloading 0.259ms
[221.677s][info][gc,start    ] GC(44) Pause Final Roots
[221.677s][info][gc          ] GC(44) Pause Final Roots 0.023ms
[221.677s][info][gc,ergo     ] Free: 860M, Max: 512K regular, 367M humongous, Frag: 58% external, 0% internal; Reserve: 52736K, Max: 512K
[221.677s][info][gc,stats    ] 
[221.677s][info][gc,stats    ] All times are wall-clock times, except per-root-class counters, that are sum over
[221.677s][info][gc,stats    ] all workers. Dividing the <total> over the root stage time estimates parallelism.
[221.677s][info][gc,stats    ] 
[221.677s][info][gc,stats    ] Concurrent Reset                    214 us
[221.677s][info][gc,stats    ] Pause Init Mark (G)                 120 us
[221.677s][info][gc,stats    ] Pause Init Mark (N)                  88 us
[221.677s][info][gc,stats    ]   Update Region States               26 us
[221.677s][info][gc,stats    ] Concurrent Mark Roots               263 us, parallelism: 1.27x
[221.677s][info][gc,stats    ]   CMR: <total>                      334 us
[221.677s][info][gc,stats    ]   CMR: Thread Roots                 299 us, workers (us):  70, 192,  37, ---, ---, ---, 
[221.677s][info][gc,stats    ]   CMR: VM Strong Roots                4 us, workers (us):   2,   2,   0, ---, ---, ---, 
[221.677s][info][gc,stats    ]   CMR: CLDG Roots                    31 us, workers (us): ---, ---,  31, ---, ---, ---, 
[221.677s][info][gc,stats    ] Concurrent Marking                  659 us
[221.677s][info][gc,stats    ] Pause Final Mark (G)                188 us
[221.677s][info][gc,stats    ] Pause Final Mark (N)                150 us
[221.677s][info][gc,stats    ]   Finish Mark                        29 us
[221.677s][info][gc,stats    ]   Update Region States               27 us
[221.677s][info][gc,stats    ]   Choose Collection Set              43 us
[221.677s][info][gc,stats    ]   Rebuild Free Set                    8 us
[221.677s][info][gc,stats    ] Concurrent Weak References          103 us, parallelism: 0.04x
[221.677s][info][gc,stats    ]   CWRF: <total>                       5 us
[221.677s][info][gc,stats    ]   CWRF: Weak References               5 us, workers (us):   4,   0,   0, ---, ---, ---, 
[221.677s][info][gc,stats    ] Concurrent Weak Roots               157 us
[221.678s][info][gc,stats    ]   Roots                              79 us, parallelism: 1.36x
[221.678s][info][gc,stats    ]     CWR: <total>                    107 us
[221.678s][info][gc,stats    ]     CWR: Code Cache Roots            56 us, workers (us):   0,  39,  17, ---, ---, ---, 
[221.678s][info][gc,stats    ]     CWR: VM Weak Roots               50 us, workers (us):  18,  17,  15, ---, ---, ---, 
[221.678s][info][gc,stats    ]     CWR: CLDG Roots                   1 us, workers (us):   1, ---, ---, ---, ---, ---, 
[221.678s][info][gc,stats    ]   Rendezvous                         30 us
[221.678s][info][gc,stats    ] Concurrent Cleanup                   81 us
[221.678s][info][gc,stats    ] Concurrent Class Unloading          278 us
[221.678s][info][gc,stats    ]   Unlink Stale                      187 us
[221.678s][info][gc,stats    ]     System Dictionary                 1 us
[221.678s][info][gc,stats    ]     Weak Class Links                  0 us
[221.678s][info][gc,stats    ]     Code Roots                      185 us
[221.678s][info][gc,stats    ]   Rendezvous                         30 us
[221.678s][info][gc,stats    ]   Purge Unlinked                     25 us
[221.678s][info][gc,stats    ]     Code Roots                       22 us
[221.678s][info][gc,stats    ]     CLDG                              3 us
[221.678s][info][gc,stats    ]     Exception Caches                  0 us
[221.678s][info][gc,stats    ] Pause Final Roots (G)                55 us
[221.678s][info][gc,stats    ] Pause Final Roots (N)                36 us
[221.678s][info][gc,stats    ] Pacing                            94255 us
[221.678s][info][gc,stats    ] 
[221.678s][info][gc,stats    ] Allocation pacing accrued:
[221.678s][info][gc,stats    ]      94 of  6236 ms (  1.5%): main
[221.678s][info][gc,stats    ]      94 of  6236 ms (  1.5%): <total>
[221.678s][info][gc,stats    ]       7 of  6236 ms (  0.1%): <average total>
[221.678s][info][gc,stats    ]      94 of  6236 ms (  1.5%): <average non-zero>
[221.678s][info][gc,stats    ] 
[221.678s][info][gc,metaspace] Metaspace: 1071K(1280K)->1071K(1280K) NonClass: 989K(1088K)->989K(1088K) Class: 81K(192K)->81K(192K)
[221.678s][info][gc,ergo     ] Pacer for Idle. Initial: 20971K, Alloc Tax Rate: 1.0x
[226.748s][info][gc          ] Trigger: Free (95744K) is below minimum threshold (102M)
[226.748s][info][gc,ergo     ] Free: 95744K, Max: 512K regular, 88064K humongous, Frag: 9% external, 0% internal; Reserve: 52736K, Max: 512K
[226.748s][info][gc,start    ] GC(45) Concurrent reset
[226.748s][info][gc,task     ] GC(45) Using 3 of 6 workers for concurrent reset
[226.748s][info][gc,ergo     ] GC(45) Pacer for Reset. Non-Taxable: 1024M
[226.749s][info][gc          ] GC(45) Concurrent reset 0.182ms
[226.749s][info][gc,start    ] GC(45) Pause Init Mark (unload classes)
[226.749s][info][gc,task     ] GC(45) Using 6 of 6 workers for init marking
[226.749s][info][gc,ergo     ] GC(45) Pacer for Mark. Expected Live: 125M, Free: 95744K, Non-Taxable: 9574K, Alloc Tax Rate: 1.6x
[226.749s][info][gc          ] GC(45) Pause Init Mark (unload classes) 0.088ms
[226.749s][info][gc,start    ] GC(45) Concurrent marking roots
[226.749s][info][gc,task     ] GC(45) Using 3 of 6 workers for concurrent marking roots
[226.749s][info][gc          ] GC(45) Concurrent marking roots 0.280ms
[226.749s][info][gc,start    ] GC(45) Concurrent marking (unload classes)
[226.749s][info][gc,task     ] GC(45) Using 3 of 6 workers for concurrent marking
[226.750s][info][gc          ] GC(45) Concurrent marking (unload classes) 1.030ms
[226.750s][info][gc,start    ] GC(45) Pause Final Mark (unload classes)
[226.750s][info][gc,task     ] GC(45) Using 6 of 6 workers for final marking
[226.750s][info][gc,ergo     ] GC(45) Collectable Garbage: 776M (99%), Immediate: 776M (99%), CSet: 0B (0%)
[226.750s][info][gc          ] GC(45) Pause Final Mark (unload classes) 0.183ms
[226.750s][info][gc,start    ] GC(45) Concurrent weak references
[226.750s][info][gc,task     ] GC(45) Using 3 of 6 workers for concurrent weak references
[226.750s][info][gc,ref      ] GC(45) Encountered references: Soft: 45, Weak: 116, Final: 0, Phantom: 7
[226.750s][info][gc,ref      ] GC(45) Discovered  references: Soft: 0, Weak: 73, Final: 0, Phantom: 5
[226.750s][info][gc,ref      ] GC(45) Enqueued    references: Soft: 0, Weak: 0, Final: 0, Phantom: 0
[226.750s][info][gc          ] GC(45) Concurrent weak references 0.092ms
[226.750s][info][gc,start    ] GC(45) Concurrent weak roots
[226.750s][info][gc,task     ] GC(45) Using 3 of 6 workers for concurrent weak root
[226.751s][info][gc          ] GC(45) Concurrent weak roots 0.160ms
[226.751s][info][gc,start    ] GC(45) Concurrent cleanup
[226.751s][info][gc          ] GC(45) Concurrent cleanup 857M->81M(1024M) 0.098ms
[226.751s][info][gc,ergo     ] GC(45) Free: 889M, Max: 512K regular, 307M humongous, Frag: 66% external, 0% internal; Reserve: 52736K, Max: 512K
[226.751s][info][gc,start    ] GC(45) Concurrent class unloading
[226.751s][info][gc,task     ] GC(45) Using 3 of 6 workers for concurrent class unloading
[226.751s][info][gc          ] GC(45) Concurrent class unloading 0.305ms
[226.751s][info][gc,start    ] GC(45) Pause Final Roots
[226.751s][info][gc          ] GC(45) Pause Final Roots 0.022ms
[226.751s][info][gc,ergo     ] Free: 889M, Max: 512K regular, 307M humongous, Frag: 66% external, 0% internal; Reserve: 52736K, Max: 512K
[226.751s][info][gc,stats    ] 
[226.751s][info][gc,stats    ] All times are wall-clock times, except per-root-class counters, that are sum over
[226.751s][info][gc,stats    ] all workers. Dividing the <total> over the root stage time estimates parallelism.
[226.751s][info][gc,stats    ] 
[226.751s][info][gc,stats    ] Concurrent Reset                    205 us
[226.751s][info][gc,stats    ] Pause Init Mark (G)                 145 us
[226.751s][info][gc,stats    ] Pause Init Mark (N)                 101 us
[226.751s][info][gc,stats    ]   Update Region States               21 us
[226.751s][info][gc,stats    ] Concurrent Mark Roots               298 us, parallelism: 1.29x
[226.751s][info][gc,stats    ]   CMR: <total>                      386 us
[226.751s][info][gc,stats    ]   CMR: Thread Roots                 342 us, workers (us):  42,  84, 216, ---, ---, ---, 
[226.751s][info][gc,stats    ]   CMR: VM Strong Roots                5 us, workers (us):   4,   0,   0, ---, ---, ---, 
[226.751s][info][gc,stats    ]   CMR: CLDG Roots                    39 us, workers (us):  39, ---, ---, ---, ---, ---, 
[226.751s][info][gc,stats    ] Concurrent Marking                 1054 us
[226.751s][info][gc,stats    ] Pause Final Mark (G)                224 us
[226.751s][info][gc,stats    ] Pause Final Mark (N)                198 us
[226.751s][info][gc,stats    ]   Finish Mark                        27 us
[226.751s][info][gc,stats    ]   Update Region States               35 us
[226.751s][info][gc,stats    ]   Choose Collection Set              66 us
[226.751s][info][gc,stats    ]   Rebuild Free Set                   14 us
[226.751s][info][gc,stats    ] Concurrent Weak References          105 us, parallelism: 0.07x
[226.751s][info][gc,stats    ]   CWRF: <total>                       8 us
[226.751s][info][gc,stats    ]   CWRF: Weak References               8 us, workers (us):   6,   2,   0, ---, ---, ---, 
[226.751s][info][gc,stats    ] Concurrent Weak Roots               182 us
[226.751s][info][gc,stats    ]   Roots                              97 us, parallelism: 1.41x
[226.751s][info][gc,stats    ]     CWR: <total>                    137 us
[226.751s][info][gc,stats    ]     CWR: Code Cache Roots            78 us, workers (us):  55,   0,  23, ---, ---, ---, 
[226.751s][info][gc,stats    ]     CWR: VM Weak Roots               57 us, workers (us):  19,  19,  19, ---, ---, ---, 
[226.752s][info][gc,stats    ]     CWR: CLDG Roots                   1 us, workers (us): ---,   1, ---, ---, ---, ---, 
[226.752s][info][gc,stats    ]   Rendezvous                         37 us
[226.752s][info][gc,stats    ] Concurrent Cleanup                  113 us
[226.752s][info][gc,stats    ] Concurrent Class Unloading          326 us
[226.752s][info][gc,stats    ]   Unlink Stale                      224 us
[226.752s][info][gc,stats    ]     System Dictionary                 2 us
[226.752s][info][gc,stats    ]     Weak Class Links                  0 us
[226.752s][info][gc,stats    ]     Code Roots                      221 us
[226.752s][info][gc,stats    ]   Rendezvous                         26 us
[226.752s][info][gc,stats    ]   Purge Unlinked                     30 us
[226.752s][info][gc,stats    ]     Code Roots                       28 us
[226.752s][info][gc,stats    ]     CLDG                              2 us
[226.752s][info][gc,stats    ]     Exception Caches                  0 us
[226.752s][info][gc,stats    ] Pause Final Roots (G)                56 us
[226.752s][info][gc,stats    ] Pause Final Roots (N)                34 us
[226.752s][info][gc,stats    ] Pacing                           110024 us
[226.752s][info][gc,stats    ] 
[226.752s][info][gc,stats    ] Allocation pacing accrued:
[226.752s][info][gc,stats    ]     110 of  5074 ms (  2.2%): main
[226.752s][info][gc,stats    ]     110 of  5074 ms (  2.2%): <total>
[226.752s][info][gc,stats    ]       8 of  5074 ms (  0.2%): <average total>
[226.752s][info][gc,stats    ]     110 of  5074 ms (  2.2%): <average non-zero>
[226.752s][info][gc,stats    ] 
[226.752s][info][gc,metaspace] Metaspace: 1071K(1280K)->1071K(1280K) NonClass: 989K(1088K)->989K(1088K) Class: 81K(192K)->81K(192K)
[226.752s][info][gc,ergo     ] Pacer for Idle. Initial: 20971K, Alloc Tax Rate: 1.0x
[232.895s][info][gc          ] Trigger: Average GC time (3.09 ms) is above the time for average allocation rate (94991 KB/s) to deplete free headroom (122K) (margin of error = 2.16)
[232.895s][info][gc,ergo     ] Free headroom: 123M (free) - 52428K (spike) - 73400K (penalties) = 122K
[232.895s][info][gc,ergo     ] Free: 123M, Max: 512K regular, 90112K humongous, Frag: 29% external, 0% internal; Reserve: 52736K, Max: 512K
[232.895s][info][gc,start    ] GC(46) Concurrent reset
[232.895s][info][gc,task     ] GC(46) Using 3 of 6 workers for concurrent reset
[232.895s][info][gc,ergo     ] GC(46) Pacer for Reset. Non-Taxable: 1024M
[232.895s][info][gc          ] GC(46) Concurrent reset 0.229ms
[232.895s][info][gc,start    ] GC(46) Pause Init Mark (unload classes)
[232.895s][info][gc,task     ] GC(46) Using 6 of 6 workers for init marking
[232.896s][info][gc,ergo     ] GC(46) Pacer for Mark. Expected Live: 104M, Free: 123M, Non-Taxable: 12595K, Alloc Tax Rate: 1.0x
[232.896s][info][gc          ] GC(46) Pause Init Mark (unload classes) 0.132ms
[232.896s][info][gc,start    ] GC(46) Concurrent marking roots
[232.896s][info][gc,task     ] GC(46) Using 3 of 6 workers for concurrent marking roots
[232.896s][info][gc          ] GC(46) Concurrent marking roots 0.271ms
[232.896s][info][gc,start    ] GC(46) Concurrent marking (unload classes)
[232.896s][info][gc,task     ] GC(46) Using 3 of 6 workers for concurrent marking
[232.897s][info][gc          ] GC(46) Concurrent marking (unload classes) 0.688ms
[232.897s][info][gc,start    ] GC(46) Pause Final Mark (unload classes)
[232.897s][info][gc,task     ] GC(46) Using 6 of 6 workers for final marking
[232.897s][info][gc,ergo     ] GC(46) Collectable Garbage: 812M (99%), Immediate: 812M (99%), CSet: 0B (0%)
[232.897s][info][gc          ] GC(46) Pause Final Mark (unload classes) 0.301ms
[232.897s][info][gc,start    ] GC(46) Concurrent weak references
[232.897s][info][gc,task     ] GC(46) Using 3 of 6 workers for concurrent weak references
[232.897s][info][gc,ref      ] GC(46) Encountered references: Soft: 45, Weak: 116, Final: 0, Phantom: 7
[232.897s][info][gc,ref      ] GC(46) Discovered  references: Soft: 0, Weak: 72, Final: 0, Phantom: 5
[232.897s][info][gc,ref      ] GC(46) Enqueued    references: Soft: 0, Weak: 0, Final: 0, Phantom: 0
[232.897s][info][gc          ] GC(46) Concurrent weak references 0.112ms
[232.897s][info][gc,start    ] GC(46) Concurrent weak roots
[232.897s][info][gc,task     ] GC(46) Using 3 of 6 workers for concurrent weak root
[232.897s][info][gc          ] GC(46) Concurrent weak roots 0.136ms
[232.897s][info][gc,start    ] GC(46) Concurrent cleanup
[232.897s][info][gc          ] GC(46) Concurrent cleanup 824M->12M(1024M) 0.078ms
[232.897s][info][gc,ergo     ] GC(46) Free: 959M, Max: 512K regular, 633M humongous, Frag: 35% external, 0% internal; Reserve: 52736K, Max: 512K
[232.897s][info][gc,start    ] GC(46) Concurrent class unloading
[232.897s][info][gc,task     ] GC(46) Using 3 of 6 workers for concurrent class unloading
[232.898s][info][gc          ] GC(46) Concurrent class unloading 0.273ms
[232.898s][info][gc,start    ] GC(46) Pause Final Roots
[232.898s][info][gc          ] GC(46) Pause Final Roots 0.019ms
[232.898s][info][gc,ergo     ] Free: 959M, Max: 512K regular, 633M humongous, Frag: 35% external, 0% internal; Reserve: 52736K, Max: 512K
[232.898s][info][gc,stats    ] 
[232.898s][info][gc,stats    ] All times are wall-clock times, except per-root-class counters, that are sum over
[232.898s][info][gc,stats    ] all workers. Dividing the <total> over the root stage time estimates parallelism.
[232.898s][info][gc,stats    ] 
[232.898s][info][gc,stats    ] Concurrent Reset                    244 us
[232.898s][info][gc,stats    ] Pause Init Mark (G)                 204 us
[232.898s][info][gc,stats    ] Pause Init Mark (N)                 141 us
[232.898s][info][gc,stats    ]   Update Region States               80 us
[232.898s][info][gc,stats    ] Concurrent Mark Roots               281 us, parallelism: 1.20x
[232.898s][info][gc,stats    ]   CMR: <total>                      338 us
[232.898s][info][gc,stats    ]   CMR: Thread Roots                 305 us, workers (us):  72, 188,  46, ---, ---, ---, 
[232.898s][info][gc,stats    ]   CMR: VM Strong Roots                4 us, workers (us):   3,   0,   0, ---, ---, ---, 
[232.898s][info][gc,stats    ]   CMR: CLDG Roots                    29 us, workers (us):  29, ---, ---, ---, ---, ---, 
[232.898s][info][gc,stats    ] Concurrent Marking                  700 us
[232.898s][info][gc,stats    ] Pause Final Mark (G)                409 us
[232.898s][info][gc,stats    ] Pause Final Mark (N)                312 us
[232.898s][info][gc,stats    ]   Finish Mark                       128 us
[232.898s][info][gc,stats    ]   Update Region States               84 us
[232.898s][info][gc,stats    ]   Choose Collection Set              51 us
[232.898s][info][gc,stats    ]   Rebuild Free Set                    8 us
[232.898s][info][gc,stats    ] Concurrent Weak References          120 us, parallelism: 0.04x
[232.898s][info][gc,stats    ]   CWRF: <total>                       5 us
[232.898s][info][gc,stats    ]   CWRF: Weak References               5 us, workers (us):   4,   1,   0, ---, ---, ---, 
[232.898s][info][gc,stats    ] Concurrent Weak Roots               149 us
[232.898s][info][gc,stats    ]   Roots                              92 us, parallelism: 0.97x
[232.898s][info][gc,stats    ]     CWR: <total>                     89 us
[232.898s][info][gc,stats    ]     CWR: Code Cache Roots            48 us, workers (us):   0,  33,  15, ---, ---, ---, 
[232.898s][info][gc,stats    ]     CWR: VM Weak Roots               40 us, workers (us):  38,   1,   1, ---, ---, ---, 
[232.898s][info][gc,stats    ]     CWR: CLDG Roots                   1 us, workers (us):   1, ---, ---, ---, ---, ---, 
[232.898s][info][gc,stats    ]   Rendezvous                         29 us
[232.898s][info][gc,stats    ] Concurrent Cleanup                   87 us
[232.898s][info][gc,stats    ] Concurrent Class Unloading          283 us
[232.898s][info][gc,stats    ]   Unlink Stale                      155 us
[232.898s][info][gc,stats    ]     System Dictionary                 1 us
[232.898s][info][gc,stats    ]     Weak Class Links                  0 us
[232.898s][info][gc,stats    ]     Code Roots                      153 us
[232.898s][info][gc,stats    ]   Rendezvous                         54 us
[232.898s][info][gc,stats    ]   Purge Unlinked                     49 us
[232.898s][info][gc,stats    ]     Code Roots                       46 us
[232.898s][info][gc,stats    ]     CLDG                              2 us
[232.898s][info][gc,stats    ]     Exception Caches                  0 us
[232.898s][info][gc,stats    ] Pause Final Roots (G)               102 us
[232.898s][info][gc,stats    ] Pause Final Roots (N)                28 us
[232.898s][info][gc,stats    ] Pacing                           105440 us
[232.898s][info][gc,stats    ] 
[232.898s][info][gc,stats    ] Allocation pacing accrued:
[232.898s][info][gc,stats    ]     105 of  6146 ms (  1.7%): main
[232.898s][info][gc,stats    ]     105 of  6146 ms (  1.7%): <total>
[232.898s][info][gc,stats    ]       8 of  6146 ms (  0.1%): <average total>
[232.898s][info][gc,stats    ]     105 of  6146 ms (  1.7%): <average non-zero>
[232.898s][info][gc,stats    ] 
[232.898s][info][gc,metaspace] Metaspace: 1071K(1280K)->1071K(1280K) NonClass: 989K(1088K)->989K(1088K) Class: 81K(192K)->81K(192K)
[232.898s][info][gc,ergo     ] Pacer for Idle. Initial: 20971K, Alloc Tax Rate: 1.0x
[238.306s][info][gc          ] Trigger: Free (82944K) is below minimum threshold (102M)
[238.306s][info][gc,ergo     ] Free: 82944K, Max: 512K regular, 76288K humongous, Frag: 9% external, 0% internal; Reserve: 52736K, Max: 512K
[238.306s][info][gc,start    ] GC(47) Concurrent reset
[238.306s][info][gc,task     ] GC(47) Using 3 of 6 workers for concurrent reset
[238.306s][info][gc,ergo     ] GC(47) Pacer for Reset. Non-Taxable: 1024M
[238.307s][info][gc          ] GC(47) Concurrent reset 0.147ms
[238.307s][info][gc,start    ] GC(47) Pause Init Mark (unload classes)
[238.307s][info][gc,task     ] GC(47) Using 6 of 6 workers for init marking
[238.307s][info][gc,ergo     ] GC(47) Pacer for Mark. Expected Live: 95212K, Free: 82944K, Non-Taxable: 8294K, Alloc Tax Rate: 1.4x
[238.307s][info][gc          ] GC(47) Pause Init Mark (unload classes) 0.081ms
[238.307s][info][gc,start    ] GC(47) Concurrent marking roots
[238.307s][info][gc,task     ] GC(47) Using 3 of 6 workers for concurrent marking roots
[238.307s][info][gc          ] GC(47) Concurrent marking roots 0.284ms
[238.307s][info][gc,start    ] GC(47) Concurrent marking (unload classes)
[238.307s][info][gc,task     ] GC(47) Using 3 of 6 workers for concurrent marking
[238.308s][info][gc          ] GC(47) Concurrent marking (unload classes) 0.701ms
[238.308s][info][gc,start    ] GC(47) Pause Final Mark (unload classes)
[238.308s][info][gc,task     ] GC(47) Using 6 of 6 workers for final marking
[238.308s][info][gc,ergo     ] GC(47) Collectable Garbage: 727M (99%), Immediate: 727M (99%), CSet: 0B (0%)
[238.308s][info][gc          ] GC(47) Pause Final Mark (unload classes) 0.203ms
[238.308s][info][gc,start    ] GC(47) Concurrent weak references
[238.308s][info][gc,task     ] GC(47) Using 3 of 6 workers for concurrent weak references
[238.308s][info][gc,ref      ] GC(47) Encountered references: Soft: 45, Weak: 116, Final: 0, Phantom: 7
[238.308s][info][gc,ref      ] GC(47) Discovered  references: Soft: 0, Weak: 73, Final: 0, Phantom: 5
[238.308s][info][gc,ref      ] GC(47) Enqueued    references: Soft: 0, Weak: 0, Final: 0, Phantom: 0
[238.308s][info][gc          ] GC(47) Concurrent weak references 0.106ms
[238.308s][info][gc,start    ] GC(47) Concurrent weak roots
[238.308s][info][gc,task     ] GC(47) Using 3 of 6 workers for concurrent weak root
[238.308s][info][gc          ] GC(47) Concurrent weak roots 0.128ms
[238.308s][info][gc,start    ] GC(47) Concurrent cleanup
[238.308s][info][gc          ] GC(47) Concurrent cleanup 868M->141M(1024M) 0.074ms
[238.308s][info][gc,ergo     ] GC(47) Free: 829M, Max: 512K regular, 426M humongous, Frag: 49% external, 0% internal; Reserve: 52736K, Max: 512K
[238.308s][info][gc,start    ] GC(47) Concurrent class unloading
[238.308s][info][gc,task     ] GC(47) Using 3 of 6 workers for concurrent class unloading
[238.309s][info][gc          ] GC(47) Concurrent class unloading 0.277ms
[238.309s][info][gc,start    ] GC(47) Pause Final Roots
[238.309s][info][gc          ] GC(47) Pause Final Roots 0.016ms
[238.309s][info][gc,ergo     ] Free: 829M, Max: 512K regular, 426M humongous, Frag: 49% external, 0% internal; Reserve: 52736K, Max: 512K
[238.309s][info][gc,stats    ] 
[238.309s][info][gc,stats    ] All times are wall-clock times, except per-root-class counters, that are sum over
[238.309s][info][gc,stats    ] all workers. Dividing the <total> over the root stage time estimates parallelism.
[238.309s][info][gc,stats    ] 
[238.309s][info][gc,stats    ] Concurrent Reset                    168 us
[238.309s][info][gc,stats    ] Pause Init Mark (G)                 121 us
[238.309s][info][gc,stats    ] Pause Init Mark (N)                  90 us
[238.309s][info][gc,stats    ]   Update Region States               28 us
[238.309s][info][gc,stats    ] Concurrent Mark Roots               298 us, parallelism: 1.25x
[238.309s][info][gc,stats    ]   CMR: <total>                      374 us
[238.309s][info][gc,stats    ]   CMR: Thread Roots                 341 us, workers (us):  36,  72, 233, ---, ---, ---, 
[238.309s][info][gc,stats    ]   CMR: VM Strong Roots                4 us, workers (us):   2,   2,   0, ---, ---, ---, 
[238.309s][info][gc,stats    ]   CMR: CLDG Roots                    29 us, workers (us):  29, ---, ---, ---, ---, ---, 
[238.309s][info][gc,stats    ] Concurrent Marking                  718 us
[238.309s][info][gc,stats    ] Pause Final Mark (G)                257 us
[238.309s][info][gc,stats    ] Pause Final Mark (N)                221 us
[238.309s][info][gc,stats    ]   Finish Mark                        69 us
[238.309s][info][gc,stats    ]   Update Region States               26 us
[238.309s][info][gc,stats    ]   Choose Collection Set              50 us
[238.309s][info][gc,stats    ]   Rebuild Free Set                   28 us
[238.309s][info][gc,stats    ] Concurrent Weak References          115 us, parallelism: 0.04x
[238.309s][info][gc,stats    ]   CWRF: <total>                       5 us
[238.309s][info][gc,stats    ]   CWRF: Weak References               5 us, workers (us):   4,   1,   0, ---, ---, ---, 
[238.309s][info][gc,stats    ] Concurrent Weak Roots               148 us
[238.309s][info][gc,stats    ]   Roots                              83 us, parallelism: 1.22x
[238.309s][info][gc,stats    ]     CWR: <total>                    101 us
[238.309s][info][gc,stats    ]     CWR: Code Cache Roots            55 us, workers (us):  20,  35,   0, ---, ---, ---, 
[238.309s][info][gc,stats    ]     CWR: VM Weak Roots               45 us, workers (us):  23,  21,   0, ---, ---, ---, 
[238.309s][info][gc,stats    ]     CWR: CLDG Roots                   1 us, workers (us):   1, ---, ---, ---, ---, ---, 
[238.309s][info][gc,stats    ]   Rendezvous                         29 us
[238.309s][info][gc,stats    ] Concurrent Cleanup                   85 us
[238.309s][info][gc,stats    ] Concurrent Class Unloading          291 us
[238.309s][info][gc,stats    ]   Unlink Stale                      171 us
[238.309s][info][gc,stats    ]     System Dictionary                 1 us
[238.309s][info][gc,stats    ]     Weak Class Links                  0 us
[238.309s][info][gc,stats    ]     Code Roots                      170 us
[238.309s][info][gc,stats    ]   Rendezvous                         32 us
[238.309s][info][gc,stats    ]   Purge Unlinked                     53 us
[238.309s][info][gc,stats    ]     Code Roots                       50 us
[238.309s][info][gc,stats    ]     CLDG                              3 us
[238.309s][info][gc,stats    ]     Exception Caches                  0 us
[238.309s][info][gc,stats    ] Pause Final Roots (G)                47 us
[238.309s][info][gc,stats    ] Pause Final Roots (N)                25 us
[238.309s][info][gc,stats    ] Pacing                           123818 us
[238.309s][info][gc,stats    ] 
[238.309s][info][gc,stats    ] Allocation pacing accrued:
[238.309s][info][gc,stats    ]     124 of  5411 ms (  2.3%): main
[238.309s][info][gc,stats    ]     124 of  5411 ms (  2.3%): <total>
[238.309s][info][gc,stats    ]      10 of  5411 ms (  0.2%): <average total>
[238.309s][info][gc,stats    ]     124 of  5411 ms (  2.3%): <average non-zero>
[238.309s][info][gc,stats    ] 
[238.309s][info][gc,metaspace] Metaspace: 1071K(1280K)->1071K(1280K) NonClass: 989K(1088K)->989K(1088K) Class: 81K(192K)->81K(192K)
[238.309s][info][gc,ergo     ] Pacer for Idle. Initial: 20971K, Alloc Tax Rate: 1.0x
[245.325s][info][gc          ] Trigger: Free (96256K) is below minimum threshold (102M)
[245.325s][info][gc,ergo     ] Free: 96256K, Max: 512K regular, 76288K humongous, Frag: 21% external, 0% internal; Reserve: 52736K, Max: 512K
[245.325s][info][gc,start    ] GC(48) Concurrent reset
[245.325s][info][gc,task     ] GC(48) Using 3 of 6 workers for concurrent reset
[245.325s][info][gc,ergo     ] GC(48) Pacer for Reset. Non-Taxable: 1024M
[245.325s][info][gc          ] GC(48) Concurrent reset 0.195ms
[245.325s][info][gc,start    ] GC(48) Pause Init Mark (unload classes)
[245.325s][info][gc,task     ] GC(48) Using 6 of 6 workers for init marking
[245.325s][info][gc,ergo     ] GC(48) Pacer for Mark. Expected Live: 91116K, Free: 96256K, Non-Taxable: 9625K, Alloc Tax Rate: 1.2x
[245.325s][info][gc          ] GC(48) Pause Init Mark (unload classes) 0.070ms
[245.325s][info][gc,start    ] GC(48) Concurrent marking roots
[245.325s][info][gc,task     ] GC(48) Using 3 of 6 workers for concurrent marking roots
[245.326s][info][gc          ] GC(48) Concurrent marking roots 0.243ms
[245.326s][info][gc,start    ] GC(48) Concurrent marking (unload classes)
[245.326s][info][gc,task     ] GC(48) Using 3 of 6 workers for concurrent marking
[245.326s][info][gc          ] GC(48) Concurrent marking (unload classes) 0.737ms
[245.326s][info][gc,start    ] GC(48) Pause Final Mark (unload classes)
[245.326s][info][gc,task     ] GC(48) Using 6 of 6 workers for final marking
[245.326s][info][gc,ergo     ] GC(48) Collectable Garbage: 782M (99%), Immediate: 782M (99%), CSet: 0B (0%)
[245.326s][info][gc          ] GC(48) Pause Final Mark (unload classes) 0.141ms
[245.327s][info][gc,start    ] GC(48) Concurrent weak references
[245.327s][info][gc,task     ] GC(48) Using 3 of 6 workers for concurrent weak references
[245.327s][info][gc,ref      ] GC(48) Encountered references: Soft: 45, Weak: 116, Final: 0, Phantom: 7
[245.327s][info][gc,ref      ] GC(48) Discovered  references: Soft: 0, Weak: 95, Final: 0, Phantom: 5
[245.327s][info][gc,ref      ] GC(48) Enqueued    references: Soft: 0, Weak: 0, Final: 0, Phantom: 0
[245.327s][info][gc          ] GC(48) Concurrent weak references 0.088ms
[245.327s][info][gc,start    ] GC(48) Concurrent weak roots
[245.327s][info][gc,task     ] GC(48) Using 3 of 6 workers for concurrent weak root
[245.327s][info][gc          ] GC(48) Concurrent weak roots 0.126ms
[245.327s][info][gc,start    ] GC(48) Concurrent cleanup
[245.327s][info][gc          ] GC(48) Concurrent cleanup 849M->67M(1024M) 0.083ms
[245.327s][info][gc,ergo     ] GC(48) Free: 904M, Max: 512K regular, 414M humongous, Frag: 55% external, 0% internal; Reserve: 52736K, Max: 512K
[245.327s][info][gc,start    ] GC(48) Concurrent class unloading
[245.327s][info][gc,task     ] GC(48) Using 3 of 6 workers for concurrent class unloading
[245.327s][info][gc          ] GC(48) Concurrent class unloading 0.231ms
[245.327s][info][gc,start    ] GC(48) Pause Final Roots
[245.327s][info][gc          ] GC(48) Pause Final Roots 0.016ms
[245.327s][info][gc,ergo     ] Free: 904M, Max: 512K regular, 414M humongous, Frag: 55% external, 0% internal; Reserve: 52736K, Max: 512K
[245.327s][info][gc,stats    ] 
[245.327s][info][gc,stats    ] All times are wall-clock times, except per-root-class counters, that are sum over
[245.327s][info][gc,stats    ] all workers. Dividing the <total> over the root stage time estimates parallelism.
[245.327s][info][gc,stats    ] 
[245.327s][info][gc,stats    ] Concurrent Reset                    217 us
[245.327s][info][gc,stats    ] Pause Init Mark (G)                 117 us
[245.327s][info][gc,stats    ] Pause Init Mark (N)                  79 us
[245.327s][info][gc,stats    ]   Update Region States               24 us
[245.327s][info][gc,stats    ] Concurrent Mark Roots               258 us, parallelism: 1.27x
[245.327s][info][gc,stats    ]   CMR: <total>                      329 us
[245.327s][info][gc,stats    ]   CMR: Thread Roots                 295 us, workers (us): 195,  35,  65, ---, ---, ---, 
[245.327s][info][gc,stats    ]   CMR: VM Strong Roots                4 us, workers (us):   2,   1,   1, ---, ---, ---, 
[245.327s][info][gc,stats    ]   CMR: CLDG Roots                    30 us, workers (us): ---,  30, ---, ---, ---, ---, 
[245.327s][info][gc,stats    ] Concurrent Marking                  756 us
[245.327s][info][gc,stats    ] Pause Final Mark (G)                187 us
[245.327s][info][gc,stats    ] Pause Final Mark (N)                151 us
[245.327s][info][gc,stats    ]   Finish Mark                        30 us
[245.327s][info][gc,stats    ]   Update Region States               28 us
[245.327s][info][gc,stats    ]   Choose Collection Set              47 us
[245.327s][info][gc,stats    ]   Rebuild Free Set                    8 us
[245.327s][info][gc,stats    ] Concurrent Weak References           97 us, parallelism: 0.07x
[245.327s][info][gc,stats    ]   CWRF: <total>                       7 us
[245.327s][info][gc,stats    ]   CWRF: Weak References               7 us, workers (us):   5,   1,   0, ---, ---, ---, 
[245.327s][info][gc,stats    ] Concurrent Weak Roots               144 us
[245.327s][info][gc,stats    ]   Roots                              80 us, parallelism: 1.35x
[245.327s][info][gc,stats    ]     CWR: <total>                    108 us
[245.327s][info][gc,stats    ]     CWR: Code Cache Roots            56 us, workers (us):  19,   0,  38, ---, ---, ---, 
[245.327s][info][gc,stats    ]     CWR: VM Weak Roots               51 us, workers (us):  18,  17,  16, ---, ---, ---, 
[245.327s][info][gc,stats    ]     CWR: CLDG Roots                   1 us, workers (us): ---,   1, ---, ---, ---, ---, 
[245.327s][info][gc,stats    ]   Rendezvous                         28 us
[245.327s][info][gc,stats    ] Concurrent Cleanup                   95 us
[245.327s][info][gc,stats    ] Concurrent Class Unloading          247 us
[245.327s][info][gc,stats    ]   Unlink Stale                      163 us
[245.327s][info][gc,stats    ]     System Dictionary                 1 us
[245.327s][info][gc,stats    ]     Weak Class Links                  0 us
[245.328s][info][gc,stats    ]     Code Roots                      161 us
[245.328s][info][gc,stats    ]   Rendezvous                         25 us
[245.328s][info][gc,stats    ]   Purge Unlinked                     26 us
[245.328s][info][gc,stats    ]     Code Roots                       22 us
[245.328s][info][gc,stats    ]     CLDG                              3 us
[245.328s][info][gc,stats    ]     Exception Caches                  0 us
[245.328s][info][gc,stats    ] Pause Final Roots (G)                45 us
[245.328s][info][gc,stats    ] Pause Final Roots (N)                24 us
[245.328s][info][gc,stats    ] Pacing                            92237 us
[245.328s][info][gc,stats    ] 
[245.328s][info][gc,stats    ] Allocation pacing accrued:
[245.328s][info][gc,stats    ]      92 of  7018 ms (  1.3%): main
[245.328s][info][gc,stats    ]      92 of  7018 ms (  1.3%): <total>
[245.328s][info][gc,stats    ]       7 of  7018 ms (  0.1%): <average total>
[245.328s][info][gc,stats    ]      92 of  7018 ms (  1.3%): <average non-zero>
[245.328s][info][gc,stats    ] 
[245.328s][info][gc,metaspace] Metaspace: 1071K(1280K)->1071K(1280K) NonClass: 989K(1088K)->989K(1088K) Class: 81K(192K)->81K(192K)
[245.328s][info][gc,ergo     ] Pacer for Idle. Initial: 20971K, Alloc Tax Rate: 1.0x
[250.848s][info][gc          ] Trigger: Free (95232K) is below minimum threshold (102M)
[250.848s][info][gc,ergo     ] Free: 95232K, Max: 512K regular, 76288K humongous, Frag: 20% external, 0% internal; Reserve: 52736K, Max: 512K
[250.848s][info][gc,start    ] GC(49) Concurrent reset
[250.848s][info][gc,task     ] GC(49) Using 3 of 6 workers for concurrent reset
[250.849s][info][gc,ergo     ] GC(49) Pacer for Reset. Non-Taxable: 1024M
[250.849s][info][gc          ] GC(49) Concurrent reset 0.169ms
[250.849s][info][gc,start    ] GC(49) Pause Init Mark (unload classes)
[250.849s][info][gc,task     ] GC(49) Using 6 of 6 workers for init marking
[250.849s][info][gc,ergo     ] GC(49) Pacer for Mark. Expected Live: 79852K, Free: 95232K, Non-Taxable: 9523K, Alloc Tax Rate: 1.0x
[250.849s][info][gc          ] GC(49) Pause Init Mark (unload classes) 0.091ms
[250.849s][info][gc,start    ] GC(49) Concurrent marking roots
[250.849s][info][gc,task     ] GC(49) Using 3 of 6 workers for concurrent marking roots
[250.849s][info][gc          ] GC(49) Concurrent marking roots 0.366ms
[250.849s][info][gc,start    ] GC(49) Concurrent marking (unload classes)
[250.849s][info][gc,task     ] GC(49) Using 3 of 6 workers for concurrent marking
[250.850s][info][gc          ] GC(49) Concurrent marking (unload classes) 0.799ms
[250.850s][info][gc,start    ] GC(49) Pause Final Mark (unload classes)
[250.850s][info][gc,task     ] GC(49) Using 6 of 6 workers for final marking
[250.850s][info][gc,ergo     ] GC(49) Collectable Garbage: 759M (99%), Immediate: 759M (99%), CSet: 0B (0%)
[250.850s][info][gc          ] GC(49) Pause Final Mark (unload classes) 0.204ms
[250.850s][info][gc,start    ] GC(49) Concurrent weak references
[250.850s][info][gc,task     ] GC(49) Using 3 of 6 workers for concurrent weak references
[250.850s][info][gc,ref      ] GC(49) Encountered references: Soft: 45, Weak: 116, Final: 0, Phantom: 7
[250.850s][info][gc,ref      ] GC(49) Discovered  references: Soft: 0, Weak: 84, Final: 0, Phantom: 5
[250.850s][info][gc,ref      ] GC(49) Enqueued    references: Soft: 0, Weak: 0, Final: 0, Phantom: 0
[250.850s][info][gc          ] GC(49) Concurrent weak references 0.103ms
[250.850s][info][gc,start    ] GC(49) Concurrent weak roots
[250.850s][info][gc,task     ] GC(49) Using 3 of 6 workers for concurrent weak root
[250.851s][info][gc          ] GC(49) Concurrent weak roots 0.194ms
[250.851s][info][gc,start    ] GC(49) Concurrent cleanup
[250.851s][info][gc          ] GC(49) Concurrent cleanup 855M->96M(1024M) 0.075ms
[250.851s][info][gc,ergo     ] GC(49) Free: 874M, Max: 512K regular, 314M humongous, Frag: 65% external, 0% internal; Reserve: 52736K, Max: 512K
[250.851s][info][gc,start    ] GC(49) Concurrent class unloading
[250.851s][info][gc,task     ] GC(49) Using 3 of 6 workers for concurrent class unloading
[250.851s][info][gc          ] GC(49) Concurrent class unloading 0.395ms
[250.851s][info][gc,start    ] GC(49) Pause Final Roots
[250.851s][info][gc          ] GC(49) Pause Final Roots 0.019ms
[250.851s][info][gc,ergo     ] Free: 874M, Max: 512K regular, 314M humongous, Frag: 65% external, 0% internal; Reserve: 52736K, Max: 512K
[250.851s][info][gc,stats    ] 
[250.851s][info][gc,stats    ] All times are wall-clock times, except per-root-class counters, that are sum over
[250.851s][info][gc,stats    ] all workers. Dividing the <total> over the root stage time estimates parallelism.
[250.851s][info][gc,stats    ] 
[250.851s][info][gc,stats    ] Concurrent Reset                    186 us
[250.851s][info][gc,stats    ] Pause Init Mark (G)                 140 us
[250.851s][info][gc,stats    ] Pause Init Mark (N)                 100 us
[250.851s][info][gc,stats    ]   Update Region States               39 us
[250.851s][info][gc,stats    ] Concurrent Mark Roots               387 us, parallelism: 1.16x
[250.851s][info][gc,stats    ]   CMR: <total>                      449 us
[250.851s][info][gc,stats    ]   CMR: Thread Roots                 416 us, workers (us):  71,  35, 309, ---, ---, ---, 
[250.851s][info][gc,stats    ]   CMR: VM Strong Roots                5 us, workers (us):   2,   1,   1, ---, ---, ---, 
[250.851s][info][gc,stats    ]   CMR: CLDG Roots                    29 us, workers (us): ---,  29, ---, ---, ---, ---, 
[250.851s][info][gc,stats    ] Concurrent Marking                  828 us
[250.851s][info][gc,stats    ] Pause Final Mark (G)                254 us
[250.851s][info][gc,stats    ] Pause Final Mark (N)                214 us
[250.851s][info][gc,stats    ]   Finish Mark                        78 us
[250.851s][info][gc,stats    ]   Update Region States               34 us
[250.851s][info][gc,stats    ]   Choose Collection Set              56 us
[250.851s][info][gc,stats    ]   Rebuild Free Set                    8 us
[250.851s][info][gc,stats    ] Concurrent Weak References          111 us, parallelism: 0.04x
[250.851s][info][gc,stats    ]   CWRF: <total>                       5 us
[250.851s][info][gc,stats    ]   CWRF: Weak References               5 us, workers (us):   4,   0,   0, ---, ---, ---, 
[250.851s][info][gc,stats    ] Concurrent Weak Roots               208 us
[250.851s][info][gc,stats    ]   Roots                              94 us, parallelism: 1.04x
[250.851s][info][gc,stats    ]     CWR: <total>                     98 us
[250.851s][info][gc,stats    ]     CWR: Code Cache Roots            57 us, workers (us):   0,  34,  23, ---, ---, ---, 
[250.851s][info][gc,stats    ]     CWR: VM Weak Roots               40 us, workers (us):  36,   2,   2, ---, ---, ---, 
[250.852s][info][gc,stats    ]     CWR: CLDG Roots                   1 us, workers (us):   1, ---, ---, ---, ---, ---, 
[250.852s][info][gc,stats    ]   Rendezvous                         83 us
[250.852s][info][gc,stats    ] Concurrent Cleanup                   85 us
[250.852s][info][gc,stats    ] Concurrent Class Unloading          413 us
[250.852s][info][gc,stats    ]   Unlink Stale                      192 us
[250.852s][info][gc,stats    ]     System Dictionary                 1 us
[250.852s][info][gc,stats    ]     Weak Class Links                  0 us
[250.852s][info][gc,stats    ]     Code Roots                      190 us
[250.852s][info][gc,stats    ]   Rendezvous                         88 us
[250.852s][info][gc,stats    ]   Purge Unlinked                     99 us
[250.852s][info][gc,stats    ]     Code Roots                       95 us
[250.852s][info][gc,stats    ]     CLDG                              4 us
[250.852s][info][gc,stats    ]     Exception Caches                  0 us
[250.852s][info][gc,stats    ] Pause Final Roots (G)               123 us
[250.852s][info][gc,stats    ] Pause Final Roots (N)                28 us
[250.852s][info][gc,stats    ] Pacing                           120031 us
[250.852s][info][gc,stats    ] 
[250.852s][info][gc,stats    ] Allocation pacing accrued:
[250.852s][info][gc,stats    ]     120 of  5524 ms (  2.2%): main
[250.852s][info][gc,stats    ]     120 of  5524 ms (  2.2%): <total>
[250.852s][info][gc,stats    ]       9 of  5524 ms (  0.2%): <average total>
[250.852s][info][gc,stats    ]     120 of  5524 ms (  2.2%): <average non-zero>
[250.852s][info][gc,stats    ] 
[250.852s][info][gc,metaspace] Metaspace: 1071K(1280K)->1071K(1280K) NonClass: 989K(1088K)->989K(1088K) Class: 81K(192K)->81K(192K)
[250.852s][info][gc,ergo     ] Pacer for Idle. Initial: 20971K, Alloc Tax Rate: 1.0x
[256.798s][info][gc          ] Trigger: Free (93696K) is below minimum threshold (102M)
[256.798s][info][gc,ergo     ] Free: 93696K, Max: 512K regular, 70656K humongous, Frag: 25% external, 0% internal; Reserve: 52736K, Max: 512K
[256.798s][info][gc,start    ] GC(50) Concurrent reset
[256.798s][info][gc,task     ] GC(50) Using 3 of 6 workers for concurrent reset
[256.798s][info][gc,ergo     ] GC(50) Pacer for Reset. Non-Taxable: 1024M
[256.798s][info][gc          ] GC(50) Concurrent reset 0.216ms
[256.798s][info][gc,start    ] GC(50) Pause Init Mark (unload classes)
[256.798s][info][gc,task     ] GC(50) Using 6 of 6 workers for init marking
[256.798s][info][gc,ergo     ] GC(50) Pacer for Mark. Expected Live: 76780K, Free: 93696K, Non-Taxable: 9369K, Alloc Tax Rate: 1.0x
[256.798s][info][gc          ] GC(50) Pause Init Mark (unload classes) 0.079ms
[256.798s][info][gc,start    ] GC(50) Concurrent marking roots
[256.798s][info][gc,task     ] GC(50) Using 3 of 6 workers for concurrent marking roots
[256.799s][info][gc          ] GC(50) Concurrent marking roots 0.275ms
[256.799s][info][gc,start    ] GC(50) Concurrent marking (unload classes)
[256.799s][info][gc,task     ] GC(50) Using 3 of 6 workers for concurrent marking
[256.799s][info][gc          ] GC(50) Concurrent marking (unload classes) 0.718ms
[256.799s][info][gc,start    ] GC(50) Pause Final Mark (unload classes)
[256.799s][info][gc,task     ] GC(50) Using 6 of 6 workers for final marking
[256.799s][info][gc,ergo     ] GC(50) Collectable Garbage: 785M (99%), Immediate: 785M (99%), CSet: 0B (0%)
[256.799s][info][gc          ] GC(50) Pause Final Mark (unload classes) 0.142ms
[256.800s][info][gc,start    ] GC(50) Concurrent weak references
[256.800s][info][gc,task     ] GC(50) Using 3 of 6 workers for concurrent weak references
[256.800s][info][gc,ref      ] GC(50) Encountered references: Soft: 45, Weak: 116, Final: 0, Phantom: 7
[256.800s][info][gc,ref      ] GC(50) Discovered  references: Soft: 0, Weak: 84, Final: 0, Phantom: 5
[256.800s][info][gc,ref      ] GC(50) Enqueued    references: Soft: 0, Weak: 0, Final: 0, Phantom: 0
[256.800s][info][gc          ] GC(50) Concurrent weak references 0.075ms
[256.800s][info][gc,start    ] GC(50) Concurrent weak roots
[256.800s][info][gc,task     ] GC(50) Using 3 of 6 workers for concurrent weak root
[256.800s][info][gc          ] GC(50) Concurrent weak roots 0.121ms
[256.800s][info][gc,start    ] GC(50) Concurrent cleanup
[256.800s][info][gc          ] GC(50) Concurrent cleanup 856M->71M(1024M) 0.093ms
[256.800s][info][gc,ergo     ] GC(50) Free: 900M, Max: 512K regular, 384M humongous, Frag: 58% external, 0% internal; Reserve: 52736K, Max: 512K
[256.800s][info][gc,start    ] GC(50) Concurrent class unloading
[256.800s][info][gc,task     ] GC(50) Using 3 of 6 workers for concurrent class unloading
[256.800s][info][gc          ] GC(50) Concurrent class unloading 0.263ms
[256.800s][info][gc,start    ] GC(50) Pause Final Roots
[256.800s][info][gc          ] GC(50) Pause Final Roots 0.016ms
[256.800s][info][gc,ergo     ] Free: 900M, Max: 512K regular, 384M humongous, Frag: 58% external, 0% internal; Reserve: 52736K, Max: 512K
[256.800s][info][gc,stats    ] 
[256.800s][info][gc,stats    ] All times are wall-clock times, except per-root-class counters, that are sum over
[256.800s][info][gc,stats    ] all workers. Dividing the <total> over the root stage time estimates parallelism.
[256.800s][info][gc,stats    ] 
[256.800s][info][gc,stats    ] Concurrent Reset                    235 us
[256.800s][info][gc,stats    ] Pause Init Mark (G)                 123 us
[256.800s][info][gc,stats    ] Pause Init Mark (N)                  91 us
[256.800s][info][gc,stats    ]   Update Region States               26 us
[256.800s][info][gc,stats    ] Concurrent Mark Roots               291 us, parallelism: 1.36x
[256.800s][info][gc,stats    ]   CMR: <total>                      395 us
[256.800s][info][gc,stats    ]   CMR: Thread Roots                 357 us, workers (us):  89, 225,  44, ---, ---, ---, 
[256.800s][info][gc,stats    ]   CMR: VM Strong Roots                5 us, workers (us):   2,   2,   0, ---, ---, ---, 
[256.800s][info][gc,stats    ]   CMR: CLDG Roots                    33 us, workers (us): ---, ---,  33, ---, ---, ---, 
[256.800s][info][gc,stats    ] Concurrent Marking                  738 us
[256.800s][info][gc,stats    ] Pause Final Mark (G)                187 us
[256.800s][info][gc,stats    ] Pause Final Mark (N)                153 us
[256.800s][info][gc,stats    ]   Finish Mark                        28 us
[256.800s][info][gc,stats    ]   Update Region States               28 us
[256.800s][info][gc,stats    ]   Choose Collection Set              50 us
[256.800s][info][gc,stats    ]   Rebuild Free Set                    8 us
[256.800s][info][gc,stats    ] Concurrent Weak References           83 us, parallelism: 0.05x
[256.800s][info][gc,stats    ]   CWRF: <total>                       4 us
[256.800s][info][gc,stats    ]   CWRF: Weak References               4 us, workers (us):   3,   1,   0, ---, ---, ---, 
[256.800s][info][gc,stats    ] Concurrent Weak Roots               136 us
[256.800s][info][gc,stats    ]   Roots                              74 us, parallelism: 1.40x
[256.800s][info][gc,stats    ]     CWR: <total>                    104 us
[256.800s][info][gc,stats    ]     CWR: Code Cache Roots            58 us, workers (us):  36,  22,   0, ---, ---, ---, 
[256.800s][info][gc,stats    ]     CWR: VM Weak Roots               45 us, workers (us):  16,  16,  14, ---, ---, ---, 
[256.800s][info][gc,stats    ]     CWR: CLDG Roots                   1 us, workers (us): ---, ---,   1, ---, ---, ---, 
[256.800s][info][gc,stats    ]   Rendezvous                         30 us
[256.800s][info][gc,stats    ] Concurrent Cleanup                  107 us
[256.800s][info][gc,stats    ] Concurrent Class Unloading          279 us
[256.800s][info][gc,stats    ]   Unlink Stale                      171 us
[256.800s][info][gc,stats    ]     System Dictionary                 1 us
[256.800s][info][gc,stats    ]     Weak Class Links                  0 us
[256.800s][info][gc,stats    ]     Code Roots                      169 us
[256.801s][info][gc,stats    ]   Rendezvous                         24 us
[256.801s][info][gc,stats    ]   Purge Unlinked                     51 us
[256.801s][info][gc,stats    ]     Code Roots                       48 us
[256.801s][info][gc,stats    ]     CLDG                              3 us
[256.801s][info][gc,stats    ]     Exception Caches                  0 us
[256.801s][info][gc,stats    ] Pause Final Roots (G)                46 us
[256.801s][info][gc,stats    ] Pause Final Roots (N)                25 us
[256.801s][info][gc,stats    ] Pacing                           121722 us
[256.801s][info][gc,stats    ] 
[256.801s][info][gc,stats    ] Allocation pacing accrued:
[256.801s][info][gc,stats    ]     122 of  5949 ms (  2.0%): main
[256.801s][info][gc,stats    ]     122 of  5949 ms (  2.0%): <total>
[256.801s][info][gc,stats    ]       9 of  5949 ms (  0.2%): <average total>
[256.801s][info][gc,stats    ]     122 of  5949 ms (  2.0%): <average non-zero>
[256.801s][info][gc,stats    ] 
[256.801s][info][gc,metaspace] Metaspace: 1071K(1280K)->1071K(1280K) NonClass: 989K(1088K)->989K(1088K) Class: 81K(192K)->81K(192K)
[256.801s][info][gc,ergo     ] Pacer for Idle. Initial: 20971K, Alloc Tax Rate: 1.0x
[262.330s][info][gc          ] Trigger: Free (96256K) is below minimum threshold (102M)
[262.330s][info][gc,ergo     ] Free: 96256K, Max: 512K regular, 70656K humongous, Frag: 27% external, 0% internal; Reserve: 52736K, Max: 512K
[262.330s][info][gc,start    ] GC(51) Concurrent reset
[262.330s][info][gc,task     ] GC(51) Using 3 of 6 workers for concurrent reset
[262.330s][info][gc,ergo     ] GC(51) Pacer for Reset. Non-Taxable: 1024M
[262.330s][info][gc          ] GC(51) Concurrent reset 0.178ms
[262.330s][info][gc,start    ] GC(51) Pause Init Mark (unload classes)
[262.330s][info][gc,task     ] GC(51) Using 6 of 6 workers for init marking
[262.330s][info][gc,ergo     ] GC(51) Pacer for Mark. Expected Live: 74732K, Free: 96256K, Non-Taxable: 9625K, Alloc Tax Rate: 0.9x
[262.330s][info][gc          ] GC(51) Pause Init Mark (unload classes) 0.078ms
[262.330s][info][gc,start    ] GC(51) Concurrent marking roots
[262.330s][info][gc,task     ] GC(51) Using 3 of 6 workers for concurrent marking roots
[262.331s][info][gc          ] GC(51) Concurrent marking roots 0.297ms
[262.331s][info][gc,start    ] GC(51) Concurrent marking (unload classes)
[262.331s][info][gc,task     ] GC(51) Using 3 of 6 workers for concurrent marking
[262.332s][info][gc          ] GC(51) Concurrent marking (unload classes) 0.950ms
[262.332s][info][gc,start    ] GC(51) Pause Final Mark (unload classes)
[262.332s][info][gc,task     ] GC(51) Using 6 of 6 workers for final marking
[262.332s][info][gc,ergo     ] GC(51) Collectable Garbage: 678M (99%), Immediate: 678M (99%), CSet: 0B (0%)
[262.332s][info][gc          ] GC(51) Pause Final Mark (unload classes) 0.149ms
[262.332s][info][gc,start    ] GC(51) Concurrent weak references
[262.332s][info][gc,task     ] GC(51) Using 3 of 6 workers for concurrent weak references
[262.332s][info][gc,ref      ] GC(51) Encountered references: Soft: 45, Weak: 116, Final: 0, Phantom: 7
[262.332s][info][gc,ref      ] GC(51) Discovered  references: Soft: 0, Weak: 84, Final: 0, Phantom: 5
[262.332s][info][gc,ref      ] GC(51) Enqueued    references: Soft: 0, Weak: 0, Final: 0, Phantom: 0
[262.332s][info][gc          ] GC(51) Concurrent weak references 0.080ms
[262.332s][info][gc,start    ] GC(51) Concurrent weak roots
[262.332s][info][gc,task     ] GC(51) Using 3 of 6 workers for concurrent weak root
[262.332s][info][gc          ] GC(51) Concurrent weak roots 0.118ms
[262.332s][info][gc,start    ] GC(51) Concurrent cleanup
[262.332s][info][gc          ] GC(51) Concurrent cleanup 854M->176M(1024M) 0.071ms
[262.332s][info][gc,ergo     ] GC(51) Free: 793M, Max: 512K regular, 330M humongous, Frag: 59% external, 0% internal; Reserve: 52736K, Max: 512K
[262.332s][info][gc,start    ] GC(51) Concurrent class unloading
[262.332s][info][gc,task     ] GC(51) Using 3 of 6 workers for concurrent class unloading
[262.332s][info][gc          ] GC(51) Concurrent class unloading 0.214ms
[262.332s][info][gc,start    ] GC(51) Pause Final Roots
[262.332s][info][gc          ] GC(51) Pause Final Roots 0.019ms
[262.332s][info][gc,ergo     ] Free: 793M, Max: 512K regular, 330M humongous, Frag: 59% external, 0% internal; Reserve: 52736K, Max: 512K
[262.332s][info][gc,stats    ] 
[262.332s][info][gc,stats    ] All times are wall-clock times, except per-root-class counters, that are sum over
[262.332s][info][gc,stats    ] all workers. Dividing the <total> over the root stage time estimates parallelism.
[262.332s][info][gc,stats    ] 
[262.332s][info][gc,stats    ] Concurrent Reset                    200 us
[262.332s][info][gc,stats    ] Pause Init Mark (G)                 124 us
[262.333s][info][gc,stats    ] Pause Init Mark (N)                  88 us
[262.333s][info][gc,stats    ]   Update Region States               27 us
[262.333s][info][gc,stats    ] Concurrent Mark Roots               316 us, parallelism: 1.23x
[262.333s][info][gc,stats    ]   CMR: <total>                      389 us
[262.333s][info][gc,stats    ]   CMR: Thread Roots                 342 us, workers (us):  89,  45, 207, ---, ---, ---, 
[262.333s][info][gc,stats    ]   CMR: VM Strong Roots                6 us, workers (us):   5,   0,   0, ---, ---, ---, 
[262.333s][info][gc,stats    ]   CMR: CLDG Roots                    42 us, workers (us): ---,  42, ---, ---, ---, ---, 
[262.333s][info][gc,stats    ] Concurrent Marking                  981 us
[262.333s][info][gc,stats    ] Pause Final Mark (G)                195 us
[262.333s][info][gc,stats    ] Pause Final Mark (N)                159 us
[262.333s][info][gc,stats    ]   Finish Mark                        31 us
[262.333s][info][gc,stats    ]   Update Region States               33 us
[262.333s][info][gc,stats    ]   Choose Collection Set              44 us
[262.333s][info][gc,stats    ]   Rebuild Free Set                    8 us
[262.333s][info][gc,stats    ] Concurrent Weak References           88 us, parallelism: 0.06x
[262.333s][info][gc,stats    ]   CWRF: <total>                       6 us
[262.333s][info][gc,stats    ]   CWRF: Weak References               6 us, workers (us):   5,   0,   0, ---, ---, ---, 
[262.333s][info][gc,stats    ] Concurrent Weak Roots               136 us
[262.333s][info][gc,stats    ]   Roots                              74 us, parallelism: 1.27x
[262.333s][info][gc,stats    ]     CWR: <total>                     94 us
[262.333s][info][gc,stats    ]     CWR: Code Cache Roots            50 us, workers (us):   0,  15,  35, ---, ---, ---, 
[262.333s][info][gc,stats    ]     CWR: VM Weak Roots               43 us, workers (us):  15,  15,  13, ---, ---, ---, 
[262.333s][info][gc,stats    ]     CWR: CLDG Roots                   1 us, workers (us):   1, ---, ---, ---, ---, ---, 
[262.333s][info][gc,stats    ]   Rendezvous                         28 us
[262.333s][info][gc,stats    ] Concurrent Cleanup                   81 us
[262.333s][info][gc,stats    ] Concurrent Class Unloading          229 us
[262.333s][info][gc,stats    ]   Unlink Stale                      151 us
[262.333s][info][gc,stats    ]     System Dictionary                 1 us
[262.333s][info][gc,stats    ]     Weak Class Links                  0 us
[262.333s][info][gc,stats    ]     Code Roots                      149 us
[262.333s][info][gc,stats    ]   Rendezvous                         22 us
[262.333s][info][gc,stats    ]   Purge Unlinked                     24 us
[262.333s][info][gc,stats    ]     Code Roots                       21 us
[262.333s][info][gc,stats    ]     CLDG                              3 us
[262.333s][info][gc,stats    ]     Exception Caches                  0 us
[262.333s][info][gc,stats    ] Pause Final Roots (G)                49 us
[262.333s][info][gc,stats    ] Pause Final Roots (N)                29 us
[262.333s][info][gc,stats    ] Pacing                           119601 us
[262.333s][info][gc,stats    ] 
[262.333s][info][gc,stats    ] Allocation pacing accrued:
[262.333s][info][gc,stats    ]     120 of  5532 ms (  2.2%): main
[262.333s][info][gc,stats    ]     120 of  5532 ms (  2.2%): <total>
[262.333s][info][gc,stats    ]       9 of  5532 ms (  0.2%): <average total>
[262.333s][info][gc,stats    ]     120 of  5532 ms (  2.2%): <average non-zero>
[262.333s][info][gc,stats    ] 
[262.333s][info][gc,metaspace] Metaspace: 1071K(1280K)->1071K(1280K) NonClass: 989K(1088K)->989K(1088K) Class: 81K(192K)->81K(192K)
[262.333s][info][gc,ergo     ] Pacer for Idle. Initial: 20971K, Alloc Tax Rate: 1.0x
[267.836s][info][gc          ] Trigger: Free (100352K) is below minimum threshold (102M)
[267.836s][info][gc,ergo     ] Free: 100352K, Max: 512K regular, 40960K humongous, Frag: 60% external, 0% internal; Reserve: 52736K, Max: 512K
[267.836s][info][gc,start    ] GC(52) Concurrent reset
[267.836s][info][gc,task     ] GC(52) Using 3 of 6 workers for concurrent reset
[267.836s][info][gc,ergo     ] GC(52) Pacer for Reset. Non-Taxable: 1024M
[267.836s][info][gc          ] GC(52) Concurrent reset 0.276ms
[267.836s][info][gc,start    ] GC(52) Pause Init Mark (unload classes)
[267.836s][info][gc,task     ] GC(52) Using 6 of 6 workers for init marking
[267.836s][info][gc,ergo     ] GC(52) Pacer for Mark. Expected Live: 105M, Free: 100352K, Non-Taxable: 10035K, Alloc Tax Rate: 1.3x
[267.836s][info][gc          ] GC(52) Pause Init Mark (unload classes) 0.161ms
[267.837s][info][gc,start    ] GC(52) Concurrent marking roots
[267.837s][info][gc,task     ] GC(52) Using 3 of 6 workers for concurrent marking roots
[267.837s][info][gc          ] GC(52) Concurrent marking roots 0.327ms
[267.837s][info][gc,start    ] GC(52) Concurrent marking (unload classes)
[267.837s][info][gc,task     ] GC(52) Using 3 of 6 workers for concurrent marking
[267.838s][info][gc          ] GC(52) Concurrent marking (unload classes) 0.810ms
[267.838s][info][gc,start    ] GC(52) Pause Final Mark (unload classes)
[267.838s][info][gc,task     ] GC(52) Using 6 of 6 workers for final marking
[267.838s][info][gc,ergo     ] GC(52) Collectable Garbage: 835M (99%), Immediate: 835M (99%), CSet: 0B (0%)
[267.838s][info][gc          ] GC(52) Pause Final Mark (unload classes) 0.215ms
[267.838s][info][gc,start    ] GC(52) Concurrent weak references
[267.838s][info][gc,task     ] GC(52) Using 3 of 6 workers for concurrent weak references
[267.838s][info][gc,ref      ] GC(52) Encountered references: Soft: 45, Weak: 116, Final: 0, Phantom: 7
[267.838s][info][gc,ref      ] GC(52) Discovered  references: Soft: 0, Weak: 73, Final: 0, Phantom: 5
[267.838s][info][gc,ref      ] GC(52) Enqueued    references: Soft: 0, Weak: 0, Final: 0, Phantom: 0
[267.838s][info][gc          ] GC(52) Concurrent weak references 0.168ms
[267.838s][info][gc,start    ] GC(52) Concurrent weak roots
[267.838s][info][gc,task     ] GC(52) Using 3 of 6 workers for concurrent weak root
[267.838s][info][gc          ] GC(52) Concurrent weak roots 0.221ms
[267.838s][info][gc,start    ] GC(52) Concurrent cleanup
[267.839s][info][gc          ] GC(52) Concurrent cleanup 852M->16M(1024M) 0.082ms
[267.839s][info][gc,ergo     ] GC(52) Free: 955M, Max: 512K regular, 583M humongous, Frag: 39% external, 0% internal; Reserve: 52736K, Max: 512K
[267.839s][info][gc,start    ] GC(52) Concurrent class unloading
[267.839s][info][gc,task     ] GC(52) Using 3 of 6 workers for concurrent class unloading
[267.839s][info][gc          ] GC(52) Concurrent class unloading 0.324ms
[267.839s][info][gc,start    ] GC(52) Pause Final Roots
[267.839s][info][gc          ] GC(52) Pause Final Roots 0.018ms
[267.839s][info][gc,ergo     ] Free: 955M, Max: 512K regular, 583M humongous, Frag: 39% external, 0% internal; Reserve: 52736K, Max: 512K
[267.839s][info][gc,stats    ] 
[267.839s][info][gc,stats    ] All times are wall-clock times, except per-root-class counters, that are sum over
[267.839s][info][gc,stats    ] all workers. Dividing the <total> over the root stage time estimates parallelism.
[267.839s][info][gc,stats    ] 
[267.839s][info][gc,stats    ] Concurrent Reset                    304 us
[267.839s][info][gc,stats    ] Pause Init Mark (G)                 256 us
[267.839s][info][gc,stats    ] Pause Init Mark (N)                 171 us
[267.839s][info][gc,stats    ]   Update Region States              107 us
[267.839s][info][gc,stats    ] Concurrent Mark Roots               345 us, parallelism: 0.98x
[267.839s][info][gc,stats    ]   CMR: <total>                      339 us
[267.839s][info][gc,stats    ]   CMR: Thread Roots                 304 us, workers (us):  41, 195,  68, ---, ---, ---, 
[267.839s][info][gc,stats    ]   CMR: VM Strong Roots                4 us, workers (us):   3,   0,   0, ---, ---, ---, 
[267.839s][info][gc,stats    ]   CMR: CLDG Roots                    31 us, workers (us):  31, ---, ---, ---, ---, ---, 
[267.839s][info][gc,stats    ] Concurrent Marking                  829 us
[267.839s][info][gc,stats    ] Pause Final Mark (G)                304 us
[267.839s][info][gc,stats    ] Pause Final Mark (N)                225 us
[267.839s][info][gc,stats    ]   Finish Mark                        34 us
[267.839s][info][gc,stats    ]   Update Region States               89 us
[267.839s][info][gc,stats    ]   Choose Collection Set              53 us
[267.839s][info][gc,stats    ]   Rebuild Free Set                    8 us
[267.839s][info][gc,stats    ] Concurrent Weak References          176 us, parallelism: 0.03x
[267.839s][info][gc,stats    ]   CWRF: <total>                       4 us
[267.839s][info][gc,stats    ]   CWRF: Weak References               4 us, workers (us):   3,   1,   0, ---, ---, ---, 
[267.839s][info][gc,stats    ] Concurrent Weak Roots               239 us
[267.839s][info][gc,stats    ]   Roots                             133 us, parallelism: 0.70x
[267.839s][info][gc,stats    ]     CWR: <total>                     93 us
[267.839s][info][gc,stats    ]     CWR: Code Cache Roots            50 us, workers (us):  34,  15,   0, ---, ---, ---, 
[267.839s][info][gc,stats    ]     CWR: VM Weak Roots               43 us, workers (us):  36,   3,   3, ---, ---, ---, 
[267.839s][info][gc,stats    ]     CWR: CLDG Roots                   1 us, workers (us): ---, ---,   1, ---, ---, ---, 
[267.839s][info][gc,stats    ]   Rendezvous                         71 us
[267.839s][info][gc,stats    ] Concurrent Cleanup                   92 us
[267.839s][info][gc,stats    ] Concurrent Class Unloading          341 us
[267.839s][info][gc,stats    ]   Unlink Stale                      192 us
[267.839s][info][gc,stats    ]     System Dictionary                 1 us
[267.839s][info][gc,stats    ]     Weak Class Links                  0 us
[267.839s][info][gc,stats    ]     Code Roots                      190 us
[267.839s][info][gc,stats    ]   Rendezvous                         62 us
[267.839s][info][gc,stats    ]   Purge Unlinked                     53 us
[267.839s][info][gc,stats    ]     Code Roots                       50 us
[267.839s][info][gc,stats    ]     CLDG                              3 us
[267.839s][info][gc,stats    ]     Exception Caches                  0 us
[267.839s][info][gc,stats    ] Pause Final Roots (G)               119 us
[267.839s][info][gc,stats    ] Pause Final Roots (N)                28 us
[267.839s][info][gc,stats    ] Pacing                           105422 us
[267.839s][info][gc,stats    ] 
[267.839s][info][gc,stats    ] Allocation pacing accrued:
[267.839s][info][gc,stats    ]     105 of  5507 ms (  1.9%): main
[267.839s][info][gc,stats    ]     105 of  5507 ms (  1.9%): <total>
[267.839s][info][gc,stats    ]       8 of  5507 ms (  0.1%): <average total>
[267.839s][info][gc,stats    ]     105 of  5507 ms (  1.9%): <average non-zero>
[267.839s][info][gc,stats    ] 
[267.839s][info][gc,metaspace] Metaspace: 1071K(1280K)->1071K(1280K) NonClass: 989K(1088K)->989K(1088K) Class: 81K(192K)->81K(192K)
[267.839s][info][gc,ergo     ] Pacer for Idle. Initial: 20971K, Alloc Tax Rate: 1.0x
[273.467s][info][gc          ] Trigger: Free (100864K) is below minimum threshold (102M)
[273.467s][info][gc,ergo     ] Free: 100864K, Max: 512K regular, 98816K humongous, Frag: 3% external, 0% internal; Reserve: 52736K, Max: 512K
[273.467s][info][gc,start    ] GC(53) Concurrent reset
[273.467s][info][gc,task     ] GC(53) Using 3 of 6 workers for concurrent reset
[273.467s][info][gc,ergo     ] GC(53) Pacer for Reset. Non-Taxable: 1024M
[273.468s][info][gc          ] GC(53) Concurrent reset 0.149ms
[273.468s][info][gc,start    ] GC(53) Pause Init Mark (unload classes)
[273.468s][info][gc,task     ] GC(53) Using 6 of 6 workers for init marking
[273.468s][info][gc,ergo     ] GC(53) Pacer for Mark. Expected Live: 82720K, Free: 100864K, Non-Taxable: 10086K, Alloc Tax Rate: 1.0x
[273.468s][info][gc          ] GC(53) Pause Init Mark (unload classes) 0.073ms
[273.468s][info][gc,start    ] GC(53) Concurrent marking roots
[273.468s][info][gc,task     ] GC(53) Using 3 of 6 workers for concurrent marking roots
[273.468s][info][gc          ] GC(53) Concurrent marking roots 0.298ms
[273.468s][info][gc,start    ] GC(53) Concurrent marking (unload classes)
[273.468s][info][gc,task     ] GC(53) Using 3 of 6 workers for concurrent marking
[273.469s][info][gc          ] GC(53) Concurrent marking (unload classes) 0.756ms
[273.469s][info][gc,start    ] GC(53) Pause Final Mark (unload classes)
[273.469s][info][gc,task     ] GC(53) Using 6 of 6 workers for final marking
[273.469s][info][gc,ergo     ] GC(53) Collectable Garbage: 732M (99%), Immediate: 732M (99%), CSet: 0B (0%)
[273.469s][info][gc          ] GC(53) Pause Final Mark (unload classes) 0.151ms
[273.469s][info][gc,start    ] GC(53) Concurrent weak references
[273.469s][info][gc,task     ] GC(53) Using 3 of 6 workers for concurrent weak references
[273.469s][info][gc,ref      ] GC(53) Encountered references: Soft: 45, Weak: 116, Final: 0, Phantom: 7
[273.469s][info][gc,ref      ] GC(53) Discovered  references: Soft: 0, Weak: 95, Final: 0, Phantom: 5
[273.469s][info][gc,ref      ] GC(53) Enqueued    references: Soft: 0, Weak: 0, Final: 0, Phantom: 0
[273.469s][info][gc          ] GC(53) Concurrent weak references 0.071ms
[273.469s][info][gc,start    ] GC(53) Concurrent weak roots
[273.469s][info][gc,task     ] GC(53) Using 3 of 6 workers for concurrent weak root
[273.469s][info][gc          ] GC(53) Concurrent weak roots 0.118ms
[273.469s][info][gc,start    ] GC(53) Concurrent cleanup
[273.469s][info][gc          ] GC(53) Concurrent cleanup 850M->117M(1024M) 0.114ms
[273.469s][info][gc,ergo     ] GC(53) Free: 853M, Max: 512K regular, 454M humongous, Frag: 47% external, 0% internal; Reserve: 52736K, Max: 512K
[273.469s][info][gc,start    ] GC(53) Concurrent class unloading
[273.469s][info][gc,task     ] GC(53) Using 3 of 6 workers for concurrent class unloading
[273.470s][info][gc          ] GC(53) Concurrent class unloading 0.244ms
[273.470s][info][gc,start    ] GC(53) Pause Final Roots
[273.470s][info][gc          ] GC(53) Pause Final Roots 0.016ms
[273.470s][info][gc,ergo     ] Free: 853M, Max: 512K regular, 454M humongous, Frag: 47% external, 0% internal; Reserve: 52736K, Max: 512K
[273.470s][info][gc,stats    ] 
[273.470s][info][gc,stats    ] All times are wall-clock times, except per-root-class counters, that are sum over
[273.470s][info][gc,stats    ] all workers. Dividing the <total> over the root stage time estimates parallelism.
[273.470s][info][gc,stats    ] 
[273.470s][info][gc,stats    ] Concurrent Reset                    171 us
[273.470s][info][gc,stats    ] Pause Init Mark (G)                 126 us
[273.470s][info][gc,stats    ] Pause Init Mark (N)                  90 us
[273.470s][info][gc,stats    ]   Update Region States               25 us
[273.470s][info][gc,stats    ] Concurrent Mark Roots               318 us, parallelism: 1.29x
[273.470s][info][gc,stats    ]   CMR: <total>                      409 us
[273.470s][info][gc,stats    ]   CMR: Thread Roots                 369 us, workers (us): 246,  36,  87, ---, ---, ---, 
[273.470s][info][gc,stats    ]   CMR: VM Strong Roots                6 us, workers (us):   3,   1,   1, ---, ---, ---, 
[273.470s][info][gc,stats    ]   CMR: CLDG Roots                    35 us, workers (us): ---,  35, ---, ---, ---, ---, 
[273.470s][info][gc,stats    ] Concurrent Marking                  773 us
[273.470s][info][gc,stats    ] Pause Final Mark (G)                196 us
[273.470s][info][gc,stats    ] Pause Final Mark (N)                162 us
[273.470s][info][gc,stats    ]   Finish Mark                        30 us
[273.470s][info][gc,stats    ]   Update Region States               30 us
[273.470s][info][gc,stats    ]   Choose Collection Set              45 us
[273.470s][info][gc,stats    ]   Rebuild Free Set                    9 us
[273.470s][info][gc,stats    ] Concurrent Weak References           79 us, parallelism: 0.06x
[273.470s][info][gc,stats    ]   CWRF: <total>                       5 us
[273.470s][info][gc,stats    ]   CWRF: Weak References               5 us, workers (us):   3,   1,   0, ---, ---, ---, 
[273.470s][info][gc,stats    ] Concurrent Weak Roots               133 us
[273.470s][info][gc,stats    ]   Roots                              76 us, parallelism: 1.26x
[273.470s][info][gc,stats    ]     CWR: <total>                     96 us
[273.470s][info][gc,stats    ]     CWR: Code Cache Roots            50 us, workers (us):  15,  35,   0, ---, ---, ---, 
[273.470s][info][gc,stats    ]     CWR: VM Weak Roots               45 us, workers (us):  17,  15,  13, ---, ---, ---, 
[273.470s][info][gc,stats    ]     CWR: CLDG Roots                   1 us, workers (us): ---, ---,   1, ---, ---, ---, 
[273.470s][info][gc,stats    ]   Rendezvous                         26 us
[273.470s][info][gc,stats    ] Concurrent Cleanup                  128 us
[273.470s][info][gc,stats    ] Concurrent Class Unloading          258 us
[273.470s][info][gc,stats    ]   Unlink Stale                      180 us
[273.470s][info][gc,stats    ]     System Dictionary                 1 us
[273.470s][info][gc,stats    ]     Weak Class Links                  0 us
[273.470s][info][gc,stats    ]     Code Roots                      178 us
[273.470s][info][gc,stats    ]   Rendezvous                         23 us
[273.470s][info][gc,stats    ]   Purge Unlinked                     24 us
[273.470s][info][gc,stats    ]     Code Roots                       21 us
[273.470s][info][gc,stats    ]     CLDG                              3 us
[273.470s][info][gc,stats    ]     Exception Caches                  0 us
[273.470s][info][gc,stats    ] Pause Final Roots (G)                45 us
[273.470s][info][gc,stats    ] Pause Final Roots (N)                25 us
[273.470s][info][gc,stats    ] Pacing                           125097 us
[273.470s][info][gc,stats    ] 
[273.470s][info][gc,stats    ] Allocation pacing accrued:
[273.470s][info][gc,stats    ]     125 of  5631 ms (  2.2%): main
[273.470s][info][gc,stats    ]     125 of  5631 ms (  2.2%): <total>
[273.470s][info][gc,stats    ]      10 of  5631 ms (  0.2%): <average total>
[273.470s][info][gc,stats    ]     125 of  5631 ms (  2.2%): <average non-zero>
[273.470s][info][gc,stats    ] 
[273.470s][info][gc,metaspace] Metaspace: 1071K(1280K)->1071K(1280K) NonClass: 989K(1088K)->989K(1088K) Class: 81K(192K)->81K(192K)
[273.470s][info][gc,ergo     ] Pacer for Idle. Initial: 20971K, Alloc Tax Rate: 1.0x
[279.509s][info][gc          ] Trigger: Free (101376K) is below minimum threshold (102M)
[279.509s][info][gc,ergo     ] Free: 101376K, Max: 512K regular, 88064K humongous, Frag: 14% external, 0% internal; Reserve: 52736K, Max: 512K
[279.510s][info][gc,start    ] GC(54) Concurrent reset
[279.510s][info][gc,task     ] GC(54) Using 3 of 6 workers for concurrent reset
[279.510s][info][gc,ergo     ] GC(54) Pacer for Reset. Non-Taxable: 1024M
[279.510s][info][gc          ] GC(54) Concurrent reset 0.202ms
[279.510s][info][gc,start    ] GC(54) Pause Init Mark (unload classes)
[279.510s][info][gc,task     ] GC(54) Using 6 of 6 workers for init marking
[279.510s][info][gc,ergo     ] GC(54) Pacer for Mark. Expected Live: 92960K, Free: 101376K, Non-Taxable: 10137K, Alloc Tax Rate: 1.1x
[279.510s][info][gc          ] GC(54) Pause Init Mark (unload classes) 0.084ms
[279.510s][info][gc,start    ] GC(54) Concurrent marking roots
[279.510s][info][gc,task     ] GC(54) Using 3 of 6 workers for concurrent marking roots
[279.510s][info][gc          ] GC(54) Concurrent marking roots 0.298ms
[279.510s][info][gc,start    ] GC(54) Concurrent marking (unload classes)
[279.510s][info][gc,task     ] GC(54) Using 3 of 6 workers for concurrent marking
[279.511s][info][gc          ] GC(54) Concurrent marking (unload classes) 0.858ms
[279.511s][info][gc,start    ] GC(54) Pause Final Mark (unload classes)
[279.511s][info][gc,task     ] GC(54) Using 6 of 6 workers for final marking
[279.511s][info][gc,ergo     ] GC(54) Collectable Garbage: 827M (99%), Immediate: 827M (99%), CSet: 0B (0%)
[279.511s][info][gc          ] GC(54) Pause Final Mark (unload classes) 0.194ms
[279.511s][info][gc,start    ] GC(54) Concurrent weak references
[279.511s][info][gc,task     ] GC(54) Using 3 of 6 workers for concurrent weak references
[279.511s][info][gc,ref      ] GC(54) Encountered references: Soft: 45, Weak: 116, Final: 0, Phantom: 7
[279.511s][info][gc,ref      ] GC(54) Discovered  references: Soft: 0, Weak: 84, Final: 0, Phantom: 5
[279.511s][info][gc,ref      ] GC(54) Enqueued    references: Soft: 0, Weak: 0, Final: 0, Phantom: 0
[279.511s][info][gc          ] GC(54) Concurrent weak references 0.103ms
[279.511s][info][gc,start    ] GC(54) Concurrent weak roots
[279.511s][info][gc,task     ] GC(54) Using 3 of 6 workers for concurrent weak root
[279.512s][info][gc          ] GC(54) Concurrent weak roots 0.145ms
[279.512s][info][gc,start    ] GC(54) Concurrent cleanup
[279.512s][info][gc          ] GC(54) Concurrent cleanup 849M->21M(1024M) 0.085ms
[279.512s][info][gc,ergo     ] GC(54) Free: 950M, Max: 512K regular, 787M humongous, Frag: 18% external, 0% internal; Reserve: 52736K, Max: 512K
[279.512s][info][gc,start    ] GC(54) Concurrent class unloading
[279.512s][info][gc,task     ] GC(54) Using 3 of 6 workers for concurrent class unloading
[279.512s][info][gc          ] GC(54) Concurrent class unloading 0.321ms
[279.512s][info][gc,start    ] GC(54) Pause Final Roots
[279.512s][info][gc          ] GC(54) Pause Final Roots 0.020ms
[279.512s][info][gc,ergo     ] Free: 950M, Max: 512K regular, 787M humongous, Frag: 18% external, 0% internal; Reserve: 52736K, Max: 512K
[279.512s][info][gc,stats    ] 
[279.512s][info][gc,stats    ] All times are wall-clock times, except per-root-class counters, that are sum over
[279.512s][info][gc,stats    ] all workers. Dividing the <total> over the root stage time estimates parallelism.
[279.512s][info][gc,stats    ] 
[279.512s][info][gc,stats    ] Concurrent Reset                    226 us
[279.512s][info][gc,stats    ] Pause Init Mark (G)                 139 us
[279.512s][info][gc,stats    ] Pause Init Mark (N)                  98 us
[279.512s][info][gc,stats    ]   Update Region States               28 us
[279.512s][info][gc,stats    ] Concurrent Mark Roots               318 us, parallelism: 1.32x
[279.512s][info][gc,stats    ]   CMR: <total>                      419 us
[279.512s][info][gc,stats    ]   CMR: Thread Roots                 363 us, workers (us):  78,  53, 232, ---, ---, ---, 
[279.512s][info][gc,stats    ]   CMR: VM Strong Roots                7 us, workers (us):   3,   2,   2, ---, ---, ---, 
[279.512s][info][gc,stats    ]   CMR: CLDG Roots                    50 us, workers (us): ---,  50, ---, ---, ---, ---, 
[279.512s][info][gc,stats    ] Concurrent Marking                  888 us
[279.512s][info][gc,stats    ] Pause Final Mark (G)                257 us
[279.512s][info][gc,stats    ] Pause Final Mark (N)                205 us
[279.512s][info][gc,stats    ]   Finish Mark                        33 us
[279.512s][info][gc,stats    ]   Update Region States               52 us
[279.512s][info][gc,stats    ]   Choose Collection Set              67 us
[279.512s][info][gc,stats    ]   Rebuild Free Set                   10 us
[279.512s][info][gc,stats    ] Concurrent Weak References          111 us, parallelism: 0.09x
[279.512s][info][gc,stats    ]   CWRF: <total>                      10 us
[279.512s][info][gc,stats    ]   CWRF: Weak References              10 us, workers (us):   9,   0,   0, ---, ---, ---, 
[279.512s][info][gc,stats    ] Concurrent Weak Roots               163 us
[279.512s][info][gc,stats    ]   Roots                              94 us, parallelism: 1.34x
[279.512s][info][gc,stats    ]     CWR: <total>                    126 us
[279.512s][info][gc,stats    ]     CWR: Code Cache Roots            74 us, workers (us):  21,  53,   0, ---, ---, ---, 
[279.512s][info][gc,stats    ]     CWR: VM Weak Roots               52 us, workers (us):  22,  16,  14, ---, ---, ---, 
[279.512s][info][gc,stats    ]     CWR: CLDG Roots                   1 us, workers (us): ---, ---,   1, ---, ---, ---, 
[279.512s][info][gc,stats    ]   Rendezvous                         34 us
[279.513s][info][gc,stats    ] Concurrent Cleanup                   96 us
[279.513s][info][gc,stats    ] Concurrent Class Unloading          339 us
[279.513s][info][gc,stats    ]   Unlink Stale                      210 us
[279.513s][info][gc,stats    ]     System Dictionary                 2 us
[279.513s][info][gc,stats    ]     Weak Class Links                  0 us
[279.513s][info][gc,stats    ]     Code Roots                      208 us
[279.513s][info][gc,stats    ]   Rendezvous                         64 us
[279.513s][info][gc,stats    ]   Purge Unlinked                     30 us
[279.513s][info][gc,stats    ]     Code Roots                       26 us
[279.513s][info][gc,stats    ]     CLDG                              4 us
[279.513s][info][gc,stats    ]     Exception Caches                  0 us
[279.513s][info][gc,stats    ] Pause Final Roots (G)                89 us
[279.513s][info][gc,stats    ] Pause Final Roots (N)                28 us
[279.513s][info][gc,stats    ] Pacing                            93568 us
[279.513s][info][gc,stats    ] 
[279.513s][info][gc,stats    ] Allocation pacing accrued:
[279.513s][info][gc,stats    ]      94 of  6043 ms (  1.5%): main
[279.513s][info][gc,stats    ]      94 of  6043 ms (  1.5%): <total>
[279.513s][info][gc,stats    ]       7 of  6043 ms (  0.1%): <average total>
[279.513s][info][gc,stats    ]      94 of  6043 ms (  1.5%): <average non-zero>
[279.513s][info][gc,stats    ] 
[279.513s][info][gc,metaspace] Metaspace: 1071K(1280K)->1071K(1280K) NonClass: 989K(1088K)->989K(1088K) Class: 81K(192K)->81K(192K)
[279.513s][info][gc,ergo     ] Pacer for Idle. Initial: 20971K, Alloc Tax Rate: 1.0x
[285.478s][info][gc          ] Trigger: Free (63488K) is below minimum threshold (102M)
[285.478s][info][gc,ergo     ] Free: 63488K, Max: 512K regular, 36352K humongous, Frag: 43% external, 0% internal; Reserve: 52736K, Max: 512K
[285.478s][info][gc,start    ] GC(55) Concurrent reset
[285.478s][info][gc,task     ] GC(55) Using 3 of 6 workers for concurrent reset
[285.478s][info][gc,ergo     ] GC(55) Pacer for Reset. Non-Taxable: 1024M
[285.478s][info][gc          ] GC(55) Concurrent reset 0.148ms
[285.478s][info][gc,start    ] GC(55) Pause Init Mark (unload classes)
[285.478s][info][gc,task     ] GC(55) Using 6 of 6 workers for init marking
[285.478s][info][gc,ergo     ] GC(55) Pacer for Mark. Expected Live: 77600K, Free: 63488K, Non-Taxable: 6348K, Alloc Tax Rate: 1.5x
[285.479s][info][gc          ] GC(55) Pause Init Mark (unload classes) 0.091ms
[285.479s][info][gc,start    ] GC(55) Concurrent marking roots
[285.479s][info][gc,task     ] GC(55) Using 3 of 6 workers for concurrent marking roots
[285.479s][info][gc          ] GC(55) Concurrent marking roots 0.319ms
[285.479s][info][gc,start    ] GC(55) Concurrent marking (unload classes)
[285.479s][info][gc,task     ] GC(55) Using 3 of 6 workers for concurrent marking
[285.480s][info][gc          ] GC(55) Concurrent marking (unload classes) 0.914ms
[285.480s][info][gc,start    ] GC(55) Pause Final Mark (unload classes)
[285.480s][info][gc,task     ] GC(55) Using 6 of 6 workers for final marking
[285.480s][info][gc,ergo     ] GC(55) Collectable Garbage: 811M (99%), Immediate: 811M (99%), CSet: 0B (0%)
[285.480s][info][gc          ] GC(55) Pause Final Mark (unload classes) 0.174ms
[285.480s][info][gc,start    ] GC(55) Concurrent weak references
[285.480s][info][gc,task     ] GC(55) Using 3 of 6 workers for concurrent weak references
[285.480s][info][gc,ref      ] GC(55) Encountered references: Soft: 45, Weak: 116, Final: 0, Phantom: 7
[285.480s][info][gc,ref      ] GC(55) Discovered  references: Soft: 0, Weak: 95, Final: 0, Phantom: 5
[285.480s][info][gc,ref      ] GC(55) Enqueued    references: Soft: 0, Weak: 0, Final: 0, Phantom: 0
[285.480s][info][gc          ] GC(55) Concurrent weak references 0.091ms
[285.480s][info][gc,start    ] GC(55) Concurrent weak roots
[285.480s][info][gc,task     ] GC(55) Using 3 of 6 workers for concurrent weak root
[285.480s][info][gc          ] GC(55) Concurrent weak roots 0.139ms
[285.480s][info][gc,start    ] GC(55) Concurrent cleanup
[285.480s][info][gc          ] GC(55) Concurrent cleanup 885M->73M(1024M) 0.101ms
[285.480s][info][gc,ergo     ] GC(55) Free: 896M, Max: 512K regular, 488M humongous, Frag: 46% external, 0% internal; Reserve: 52736K, Max: 512K
[285.480s][info][gc,start    ] GC(55) Concurrent class unloading
[285.480s][info][gc,task     ] GC(55) Using 3 of 6 workers for concurrent class unloading
[285.481s][info][gc          ] GC(55) Concurrent class unloading 0.276ms
[285.481s][info][gc,start    ] GC(55) Pause Final Roots
[285.481s][info][gc          ] GC(55) Pause Final Roots 0.019ms
[285.481s][info][gc,ergo     ] Free: 896M, Max: 512K regular, 488M humongous, Frag: 46% external, 0% internal; Reserve: 52736K, Max: 512K
[285.481s][info][gc,stats    ] 
[285.481s][info][gc,stats    ] All times are wall-clock times, except per-root-class counters, that are sum over
[285.481s][info][gc,stats    ] all workers. Dividing the <total> over the root stage time estimates parallelism.
[285.481s][info][gc,stats    ] 
[285.481s][info][gc,stats    ] Concurrent Reset                    165 us
[285.481s][info][gc,stats    ] Pause Init Mark (G)                 138 us
[285.481s][info][gc,stats    ] Pause Init Mark (N)                 104 us
[285.481s][info][gc,stats    ]   Update Region States               25 us
[285.481s][info][gc,stats    ] Concurrent Mark Roots               334 us, parallelism: 1.34x
[285.481s][info][gc,stats    ]   CMR: <total>                      449 us
[285.481s][info][gc,stats    ]   CMR: Thread Roots                 404 us, workers (us):  44,  95, 265, ---, ---, ---, 
[285.481s][info][gc,stats    ]   CMR: VM Strong Roots                6 us, workers (us):   2,   2,   3, ---, ---, ---, 
[285.481s][info][gc,stats    ]   CMR: CLDG Roots                    39 us, workers (us):  39, ---, ---, ---, ---, ---, 
[285.481s][info][gc,stats    ] Concurrent Marking                  942 us
[285.481s][info][gc,stats    ] Pause Final Mark (G)                238 us
[285.481s][info][gc,stats    ] Pause Final Mark (N)                187 us
[285.481s][info][gc,stats    ]   Finish Mark                        27 us
[285.481s][info][gc,stats    ]   Update Region States               31 us
[285.481s][info][gc,stats    ]   Choose Collection Set              68 us
[285.481s][info][gc,stats    ]   Rebuild Free Set                   15 us
[285.481s][info][gc,stats    ] Concurrent Weak References          103 us, parallelism: 0.09x
[285.481s][info][gc,stats    ]   CWRF: <total>                       9 us
[285.481s][info][gc,stats    ]   CWRF: Weak References               9 us, workers (us):   7,   2,   0, ---, ---, ---, 
[285.481s][info][gc,stats    ] Concurrent Weak Roots               156 us
[285.481s][info][gc,stats    ]   Roots                              93 us, parallelism: 1.51x
[285.481s][info][gc,stats    ]     CWR: <total>                    141 us
[285.481s][info][gc,stats    ]     CWR: Code Cache Roots            75 us, workers (us):  24,   0,  51, ---, ---, ---, 
[285.481s][info][gc,stats    ]     CWR: VM Weak Roots               65 us, workers (us):  22,  22,  22, ---, ---, ---, 
[285.481s][info][gc,stats    ]     CWR: CLDG Roots                   1 us, workers (us): ---,   1, ---, ---, ---, ---, 
[285.481s][info][gc,stats    ]   Rendezvous                         22 us
[285.481s][info][gc,stats    ] Concurrent Cleanup                  115 us
[285.481s][info][gc,stats    ] Concurrent Class Unloading          304 us
[285.481s][info][gc,stats    ]   Unlink Stale                      204 us
[285.481s][info][gc,stats    ]     System Dictionary                 2 us
[285.481s][info][gc,stats    ]     Weak Class Links                  0 us
[285.481s][info][gc,stats    ]     Code Roots                      202 us
[285.481s][info][gc,stats    ]   Rendezvous                         20 us
[285.481s][info][gc,stats    ]   Purge Unlinked                     28 us
[285.481s][info][gc,stats    ]     Code Roots                       26 us
[285.481s][info][gc,stats    ]     CLDG                              2 us
[285.481s][info][gc,stats    ]     Exception Caches                  0 us
[285.481s][info][gc,stats    ] Pause Final Roots (G)                52 us
[285.481s][info][gc,stats    ] Pause Final Roots (N)                30 us
[285.481s][info][gc,stats    ] Pacing                           137883 us
[285.481s][info][gc,stats    ] 
[285.481s][info][gc,stats    ] Allocation pacing accrued:
[285.481s][info][gc,stats    ]     138 of  5969 ms (  2.3%): main
[285.481s][info][gc,stats    ]     138 of  5969 ms (  2.3%): <total>
[285.481s][info][gc,stats    ]      11 of  5969 ms (  0.2%): <average total>
[285.482s][info][gc,stats    ]     138 of  5969 ms (  2.3%): <average non-zero>
[285.482s][info][gc,stats    ] 
[285.482s][info][gc,metaspace] Metaspace: 1071K(1280K)->1071K(1280K) NonClass: 989K(1088K)->989K(1088K) Class: 81K(192K)->81K(192K)
[285.482s][info][gc,ergo     ] Pacer for Idle. Initial: 20971K, Alloc Tax Rate: 1.0x
[291.321s][info][gc          ] Failed to allocate Shared, 100M
[291.321s][info][gc          ] Cancelling GC: Allocation Failure
[291.336s][info][gc          ] Trigger: Handle Allocation Failure
[291.336s][info][gc,ergo     ] Free: 124M, Max: 512K regular, 36352K humongous, Frag: 72% external, 0% internal; Reserve: 52736K, Max: 512K
[291.336s][info][gc,start    ] GC(56) Pause Degenerated GC (Outside of Cycle)
[291.336s][info][gc,task     ] GC(56) Using 6 of 6 workers for stw degenerated gc
[291.336s][info][gc,ref      ] GC(56) Clearing All SoftReferences
[291.337s][info][gc,ref      ] GC(56) Encountered references: Soft: 45, Weak: 116, Final: 0, Phantom: 7
[291.337s][info][gc,ref      ] GC(56) Discovered  references: Soft: 20, Weak: 95, Final: 0, Phantom: 5
[291.337s][info][gc,ref      ] GC(56) Enqueued    references: Soft: 0, Weak: 0, Final: 0, Phantom: 0
[291.337s][info][gc,ergo     ] GC(56) Collectable Garbage: 763M (99%), Immediate: 763M (99%), CSet: 0B (0%)
[291.337s][info][gc,ergo     ] GC(56) Good progress for free space: 910M, need 10485K
[291.337s][info][gc,ergo     ] GC(56) Good progress for used space: 763M, need 512K
[291.337s][info][gc          ] GC(56) Pause Degenerated GC (Outside of Cycle) 825M->61M(1024M) 1.199ms
[291.337s][info][gc,ergo     ] Free: 910M, Max: 512K regular, 471M humongous, Frag: 49% external, 0% internal; Reserve: 52736K, Max: 512K
[291.337s][info][gc,stats    ] 
[291.337s][info][gc,stats    ] All times are wall-clock times, except per-root-class counters, that are sum over
[291.337s][info][gc,stats    ] all workers. Dividing the <total> over the root stage time estimates parallelism.
[291.337s][info][gc,stats    ] 
[291.337s][info][gc,stats    ] Pause Degenerated GC (G)           1246 us
[291.337s][info][gc,stats    ] Pause Degenerated GC (N)           1210 us
[291.337s][info][gc,stats    ]   Degen STW Mark                    511 us, parallelism: 5.37x
[291.337s][info][gc,stats    ]     DSM: <total>                   2745 us
[291.337s][info][gc,stats    ]     DSM: Thread Roots                49 us, workers (us):   8,   8,   9,  10,  13,   2, 
[291.337s][info][gc,stats    ]     DSM: VM Strong Roots              4 us, workers (us):   2,   1,   0,   0,   0,   0, 
[291.337s][info][gc,stats    ]     DSM: CLDG Roots                  36 us, workers (us):   0,   0,   0,   0,   0,  34, 
[291.337s][info][gc,stats    ]     DSM: Parallel Mark             2656 us, workers (us): 446, 452, 447, 446, 442, 423, 
[291.337s][info][gc,stats    ]     System Purge                    203 us
[291.337s][info][gc,stats    ]       Weak References                74 us, parallelism: 0.07x
[291.337s][info][gc,stats    ]         WRP: <total>                  5 us
[291.337s][info][gc,stats    ]         WRP: Weak References          5 us, workers (us):   4,   1,   0,   0,   0,   0, 
[291.337s][info][gc,stats    ]       Unload Classes                 89 us, parallelism: 3.71x
[291.337s][info][gc,stats    ]         DCU: <total>                329 us
[291.337s][info][gc,stats    ]         DCU: Unload Code Caches      329 us, workers (us):  51,  66,  50,  48,  66,  48, 
[291.337s][info][gc,stats    ]       Weak Roots                     40 us, parallelism: 1.56x
[291.337s][info][gc,stats    ]         DWR: <total>                 62 us
[291.337s][info][gc,stats    ]         DWR: VM Weak Roots           62 us, workers (us):  10,   9,   9,  17,   9,   8, 
[291.337s][info][gc,stats    ]       CLDG                            0 us
[291.337s][info][gc,stats    ]   Update Region States               27 us
[291.337s][info][gc,stats    ]   Manage GC/TLABs                     3 us
[291.337s][info][gc,stats    ]   Choose Collection Set              44 us
[291.337s][info][gc,stats    ]   Rebuild Free Set                    9 us
[291.337s][info][gc,stats    ]   Cleanup                            13 us
[291.337s][info][gc,stats    ] Pacing                           134554 us
[291.337s][info][gc,stats    ] 
[291.337s][info][gc,stats    ] Allocation pacing accrued:
[291.337s][info][gc,stats    ]     135 of  5856 ms (  2.3%): main
[291.337s][info][gc,stats    ]     135 of  5856 ms (  2.3%): <total>
[291.337s][info][gc,stats    ]      10 of  5856 ms (  0.2%): <average total>
[291.337s][info][gc,stats    ]     135 of  5856 ms (  2.3%): <average non-zero>
[291.337s][info][gc,stats    ] 
[291.338s][info][gc,metaspace] Metaspace: 1071K(1280K)->1071K(1280K) NonClass: 989K(1088K)->989K(1088K) Class: 81K(192K)->81K(192K)
[291.338s][info][gc,ergo     ] Pacer for Idle. Initial: 20971K, Alloc Tax Rate: 1.0x
[296.965s][info][gc          ] Trigger: Free (89600K) is below minimum threshold (102M)
[296.965s][info][gc,ergo     ] Free: 89600K, Max: 512K regular, 78848K humongous, Frag: 12% external, 0% internal; Reserve: 52736K, Max: 512K
[296.965s][info][gc,start    ] GC(57) Concurrent reset
[296.965s][info][gc,task     ] GC(57) Using 3 of 6 workers for concurrent reset
[296.965s][info][gc,ergo     ] GC(57) Pacer for Reset. Non-Taxable: 1024M
[296.965s][info][gc          ] GC(57) Concurrent reset 0.164ms
[296.965s][info][gc,start    ] GC(57) Pause Init Mark (unload classes)
[296.965s][info][gc,task     ] GC(57) Using 6 of 6 workers for init marking
[296.965s][info][gc,ergo     ] GC(57) Pacer for Mark. Expected Live: 89597K, Free: 89600K, Non-Taxable: 8960K, Alloc Tax Rate: 1.2x
[296.965s][info][gc          ] GC(57) Pause Init Mark (unload classes) 0.070ms
[296.965s][info][gc,start    ] GC(57) Concurrent marking roots
[296.965s][info][gc,task     ] GC(57) Using 3 of 6 workers for concurrent marking roots
[296.966s][info][gc          ] GC(57) Concurrent marking roots 0.320ms
[296.966s][info][gc,start    ] GC(57) Concurrent marking (unload classes)
[296.966s][info][gc,task     ] GC(57) Using 3 of 6 workers for concurrent marking
[296.966s][info][gc          ] GC(57) Concurrent marking (unload classes) 0.660ms
[296.966s][info][gc,start    ] GC(57) Pause Final Mark (unload classes)
[296.966s][info][gc,task     ] GC(57) Using 6 of 6 workers for final marking
[296.966s][info][gc,ergo     ] GC(57) Collectable Garbage: 727M (99%), Immediate: 727M (99%), CSet: 0B (0%)
[296.966s][info][gc          ] GC(57) Pause Final Mark (unload classes) 0.129ms
[296.966s][info][gc,start    ] GC(57) Concurrent weak references
[296.967s][info][gc,task     ] GC(57) Using 3 of 6 workers for concurrent weak references
[296.967s][info][gc,ref      ] GC(57) Encountered references: Soft: 45, Weak: 116, Final: 0, Phantom: 7
[296.967s][info][gc,ref      ] GC(57) Discovered  references: Soft: 0, Weak: 68, Final: 0, Phantom: 5
[296.967s][info][gc,ref      ] GC(57) Enqueued    references: Soft: 0, Weak: 0, Final: 0, Phantom: 0
[296.967s][info][gc          ] GC(57) Concurrent weak references 0.079ms
[296.967s][info][gc,start    ] GC(57) Concurrent weak roots
[296.967s][info][gc,task     ] GC(57) Using 3 of 6 workers for concurrent weak root
[296.967s][info][gc          ] GC(57) Concurrent weak roots 0.105ms
[296.967s][info][gc,start    ] GC(57) Concurrent cleanup
[296.967s][info][gc          ] GC(57) Concurrent cleanup 860M->132M(1024M) 0.073ms
[296.967s][info][gc,ergo     ] GC(57) Free: 837M, Max: 512K regular, 359M humongous, Frag: 58% external, 0% internal; Reserve: 52736K, Max: 512K
[296.967s][info][gc,start    ] GC(57) Concurrent class unloading
[296.967s][info][gc,task     ] GC(57) Using 3 of 6 workers for concurrent class unloading
[296.967s][info][gc          ] GC(57) Concurrent class unloading 0.207ms
[296.967s][info][gc,start    ] GC(57) Pause Final Roots
[296.967s][info][gc          ] GC(57) Pause Final Roots 0.015ms
[296.967s][info][gc,ergo     ] Free: 837M, Max: 512K regular, 359M humongous, Frag: 58% external, 0% internal; Reserve: 52736K, Max: 512K
[296.967s][info][gc,stats    ] 
[296.967s][info][gc,stats    ] All times are wall-clock times, except per-root-class counters, that are sum over
[296.967s][info][gc,stats    ] all workers. Dividing the <total> over the root stage time estimates parallelism.
[296.967s][info][gc,stats    ] 
[296.967s][info][gc,stats    ] Concurrent Reset                    186 us
[296.967s][info][gc,stats    ] Pause Init Mark (G)                 111 us
[296.967s][info][gc,stats    ] Pause Init Mark (N)                  78 us
[296.967s][info][gc,stats    ]   Update Region States               27 us
[296.967s][info][gc,stats    ] Concurrent Mark Roots               336 us, parallelism: 1.17x
[296.967s][info][gc,stats    ]   CMR: <total>                      394 us
[296.967s][info][gc,stats    ]   CMR: Thread Roots                 350 us, workers (us):  68, 224,  58, ---, ---, ---, 
[296.967s][info][gc,stats    ]   CMR: VM Strong Roots                4 us, workers (us):   2,   0,   1, ---, ---, ---, 
[296.967s][info][gc,stats    ]   CMR: CLDG Roots                    40 us, workers (us): ---,  40, ---, ---, ---, ---, 
[296.967s][info][gc,stats    ] Concurrent Marking                  672 us
[296.967s][info][gc,stats    ] Pause Final Mark (G)                169 us
[296.967s][info][gc,stats    ] Pause Final Mark (N)                138 us
[296.967s][info][gc,stats    ]   Finish Mark                        27 us
[296.967s][info][gc,stats    ]   Update Region States               25 us
[296.967s][info][gc,stats    ]   Choose Collection Set              43 us
[296.967s][info][gc,stats    ]   Rebuild Free Set                    8 us
[296.967s][info][gc,stats    ] Concurrent Weak References           87 us, parallelism: 0.04x
[296.967s][info][gc,stats    ]   CWRF: <total>                       4 us
[296.967s][info][gc,stats    ]   CWRF: Weak References               4 us, workers (us):   1,   2,   0, ---, ---, ---, 
[296.967s][info][gc,stats    ] Concurrent Weak Roots               119 us
[296.967s][info][gc,stats    ]   Roots                              68 us, parallelism: 1.34x
[296.967s][info][gc,stats    ]     CWR: <total>                     90 us
[296.967s][info][gc,stats    ]     CWR: Code Cache Roots            47 us, workers (us):  32,  15,   0, ---, ---, ---, 
[296.967s][info][gc,stats    ]     CWR: VM Weak Roots               43 us, workers (us):  15,  14,  13, ---, ---, ---, 
[296.967s][info][gc,stats    ]     CWR: CLDG Roots                   1 us, workers (us): ---, ---,   1, ---, ---, ---, 
[296.967s][info][gc,stats    ]   Rendezvous                         22 us
[296.967s][info][gc,stats    ] Concurrent Cleanup                   82 us
[296.967s][info][gc,stats    ] Concurrent Class Unloading          220 us
[296.967s][info][gc,stats    ]   Unlink Stale                      148 us
[296.967s][info][gc,stats    ]     System Dictionary                 1 us
[296.967s][info][gc,stats    ]     Weak Class Links                  0 us
[296.967s][info][gc,stats    ]     Code Roots                      146 us
[296.967s][info][gc,stats    ]   Rendezvous                         22 us
[296.967s][info][gc,stats    ]   Purge Unlinked                     22 us
[296.967s][info][gc,stats    ]     Code Roots                       19 us
[296.967s][info][gc,stats    ]     CLDG                              3 us
[296.967s][info][gc,stats    ]     Exception Caches                  0 us
[296.967s][info][gc,stats    ] Pause Final Roots (G)                42 us
[296.967s][info][gc,stats    ] Pause Final Roots (N)                23 us
[296.967s][info][gc,stats    ] 
[296.967s][info][gc,stats    ] Allocation pacing accrued:
[296.967s][info][gc,stats    ]       0 of  5630 ms (  0.0%): <total>
[296.967s][info][gc,stats    ]       0 of  5630 ms (  0.0%): <average total>
[296.967s][info][gc,stats    ] 
[296.967s][info][gc,metaspace] Metaspace: 1071K(1280K)->1071K(1280K) NonClass: 989K(1088K)->989K(1088K) Class: 81K(192K)->81K(192K)
[296.967s][info][gc,ergo     ] Pacer for Idle. Initial: 20971K, Alloc Tax Rate: 1.0x
[302.457s][info][gc          ] Trigger: Average GC time (2.97 ms) is above the time for average allocation rate (145 MB/s) to deplete free headroom (0B) (margin of error = 2.24)
[302.457s][info][gc,ergo     ] Free headroom: 126M (free) - 52428K (spike) - 94371K (penalties) = 0B
[302.457s][info][gc,ergo     ] Free: 126M, Max: 512K regular, 100352K humongous, Frag: 23% external, 0% internal; Reserve: 52736K, Max: 512K
[302.457s][info][gc,start    ] GC(58) Concurrent reset
[302.457s][info][gc,task     ] GC(58) Using 3 of 6 workers for concurrent reset
[302.457s][info][gc,ergo     ] GC(58) Pacer for Reset. Non-Taxable: 1024M
[302.458s][info][gc          ] GC(58) Concurrent reset 0.388ms
[302.458s][info][gc,start    ] GC(58) Pause Init Mark (unload classes)
[302.458s][info][gc,task     ] GC(58) Using 6 of 6 workers for init marking
[302.458s][info][gc,ergo     ] GC(58) Pacer for Mark. Expected Live: 80586K, Free: 126M, Non-Taxable: 12902K, Alloc Tax Rate: 0.8x
[302.458s][info][gc          ] GC(58) Pause Init Mark (unload classes) 0.111ms
[302.458s][info][gc,start    ] GC(58) Concurrent marking roots
[302.458s][info][gc,task     ] GC(58) Using 3 of 6 workers for concurrent marking roots
[302.458s][info][gc          ] GC(58) Concurrent marking roots 0.332ms
[302.458s][info][gc,start    ] GC(58) Concurrent marking (unload classes)
[302.458s][info][gc,task     ] GC(58) Using 3 of 6 workers for concurrent marking
[302.459s][info][gc          ] GC(58) Concurrent marking (unload classes) 0.730ms
[302.459s][info][gc,start    ] GC(58) Pause Final Mark (unload classes)
[302.459s][info][gc,task     ] GC(58) Using 6 of 6 workers for final marking
[302.459s][info][gc,ergo     ] GC(58) Collectable Garbage: 792M (99%), Immediate: 792M (99%), CSet: 0B (0%)
[302.459s][info][gc          ] GC(58) Pause Final Mark (unload classes) 0.210ms
[302.459s][info][gc,start    ] GC(58) Concurrent weak references
[302.459s][info][gc,task     ] GC(58) Using 3 of 6 workers for concurrent weak references
[302.459s][info][gc,ref      ] GC(58) Encountered references: Soft: 45, Weak: 116, Final: 0, Phantom: 7
[302.459s][info][gc,ref      ] GC(58) Discovered  references: Soft: 0, Weak: 78, Final: 0, Phantom: 5
[302.459s][info][gc,ref      ] GC(58) Enqueued    references: Soft: 0, Weak: 0, Final: 0, Phantom: 0
[302.459s][info][gc          ] GC(58) Concurrent weak references 0.076ms
[302.459s][info][gc,start    ] GC(58) Concurrent weak roots
[302.459s][info][gc,task     ] GC(58) Using 3 of 6 workers for concurrent weak root
[302.459s][info][gc          ] GC(58) Concurrent weak roots 0.216ms
[302.459s][info][gc,start    ] GC(58) Concurrent cleanup
[302.459s][info][gc          ] GC(58) Concurrent cleanup 824M->31M(1024M) 0.078ms
[302.460s][info][gc,ergo     ] GC(58) Free: 940M, Max: 512K regular, 346M humongous, Frag: 64% external, 0% internal; Reserve: 52736K, Max: 512K
[302.460s][info][gc,start    ] GC(58) Concurrent class unloading
[302.460s][info][gc,task     ] GC(58) Using 3 of 6 workers for concurrent class unloading
[302.460s][info][gc          ] GC(58) Concurrent class unloading 0.222ms
[302.460s][info][gc,start    ] GC(58) Pause Final Roots
[302.460s][info][gc          ] GC(58) Pause Final Roots 0.016ms
[302.460s][info][gc,ergo     ] Free: 940M, Max: 512K regular, 346M humongous, Frag: 64% external, 0% internal; Reserve: 52736K, Max: 512K
[302.460s][info][gc,stats    ] 
[302.460s][info][gc,stats    ] All times are wall-clock times, except per-root-class counters, that are sum over
[302.460s][info][gc,stats    ] all workers. Dividing the <total> over the root stage time estimates parallelism.
[302.460s][info][gc,stats    ] 
[302.460s][info][gc,stats    ] Concurrent Reset                    414 us
[302.460s][info][gc,stats    ] Pause Init Mark (G)                 190 us
[302.460s][info][gc,stats    ] Pause Init Mark (N)                 120 us
[302.460s][info][gc,stats    ]   Update Region States               59 us
[302.460s][info][gc,stats    ] Concurrent Mark Roots               350 us, parallelism: 1.19x
[302.460s][info][gc,stats    ]   CMR: <total>                      418 us
[302.460s][info][gc,stats    ]   CMR: Thread Roots                 375 us, workers (us):  61, 103, 211, ---, ---, ---, 
[302.460s][info][gc,stats    ]   CMR: VM Strong Roots                4 us, workers (us):   3,   0,   0, ---, ---, ---, 
[302.460s][info][gc,stats    ]   CMR: CLDG Roots                    39 us, workers (us):  39, ---, ---, ---, ---, ---, 
[302.460s][info][gc,stats    ] Concurrent Marking                  748 us
[302.460s][info][gc,stats    ] Pause Final Mark (G)                254 us
[302.460s][info][gc,stats    ] Pause Final Mark (N)                221 us
[302.460s][info][gc,stats    ]   Finish Mark                        39 us
[302.460s][info][gc,stats    ]   Update Region States               84 us
[302.460s][info][gc,stats    ]   Choose Collection Set              52 us
[302.460s][info][gc,stats    ]   Rebuild Free Set                    8 us
[302.460s][info][gc,stats    ] Concurrent Weak References           84 us, parallelism: 0.06x
[302.460s][info][gc,stats    ]   CWRF: <total>                       5 us
[302.460s][info][gc,stats    ]   CWRF: Weak References               5 us, workers (us):   4,   1,   0, ---, ---, ---, 
[302.460s][info][gc,stats    ] Concurrent Weak Roots               234 us
[302.460s][info][gc,stats    ]   Roots                             135 us, parallelism: 0.96x
[302.460s][info][gc,stats    ]     CWR: <total>                    131 us
[302.460s][info][gc,stats    ]     CWR: Code Cache Roots            71 us, workers (us):  19,  52,   0, ---, ---, ---, 
[302.460s][info][gc,stats    ]     CWR: VM Weak Roots               58 us, workers (us):  20,  20,  19, ---, ---, ---, 
[302.460s][info][gc,stats    ]     CWR: CLDG Roots                   1 us, workers (us): ---, ---,   1, ---, ---, ---, 
[302.460s][info][gc,stats    ]   Rendezvous                         64 us
[302.460s][info][gc,stats    ] Concurrent Cleanup                   89 us
[302.460s][info][gc,stats    ] Concurrent Class Unloading          240 us
[302.460s][info][gc,stats    ]   Unlink Stale                      157 us
[302.460s][info][gc,stats    ]     System Dictionary                 1 us
[302.460s][info][gc,stats    ]     Weak Class Links                  0 us
[302.460s][info][gc,stats    ]     Code Roots                      155 us
[302.460s][info][gc,stats    ]   Rendezvous                         22 us
[302.460s][info][gc,stats    ]   Purge Unlinked                     26 us
[302.460s][info][gc,stats    ]     Code Roots                       23 us
[302.460s][info][gc,stats    ]     CLDG                              3 us
[302.460s][info][gc,stats    ]     Exception Caches                  0 us
[302.460s][info][gc,stats    ] Pause Final Roots (G)                49 us
[302.460s][info][gc,stats    ] Pause Final Roots (N)                25 us
[302.460s][info][gc,stats    ] Pacing                            92451 us
[302.460s][info][gc,stats    ] 
[302.460s][info][gc,stats    ] Allocation pacing accrued:
[302.460s][info][gc,stats    ]      92 of  5493 ms (  1.7%): main
[302.460s][info][gc,stats    ]      92 of  5493 ms (  1.7%): <total>
[302.460s][info][gc,stats    ]       7 of  5493 ms (  0.1%): <average total>
[302.460s][info][gc,stats    ]      92 of  5493 ms (  1.7%): <average non-zero>
[302.460s][info][gc,stats    ] 
[302.460s][info][gc,metaspace] Metaspace: 1071K(1280K)->1071K(1280K) NonClass: 989K(1088K)->989K(1088K) Class: 81K(192K)->81K(192K)
[302.460s][info][gc,ergo     ] Pacer for Idle. Initial: 20971K, Alloc Tax Rate: 1.0x
[308.431s][info][gc          ] Trigger: Free (59392K) is below minimum threshold (102M)
[308.432s][info][gc,ergo     ] Free: 59392K, Max: 512K regular, 49664K humongous, Frag: 17% external, 0% internal; Reserve: 52736K, Max: 512K
[308.432s][info][gc,start    ] GC(59) Concurrent reset
[308.432s][info][gc,task     ] GC(59) Using 3 of 6 workers for concurrent reset
[308.432s][info][gc,ergo     ] GC(59) Pacer for Reset. Non-Taxable: 1024M
[308.432s][info][gc          ] GC(59) Concurrent reset 0.150ms
[308.432s][info][gc,start    ] GC(59) Pause Init Mark (unload classes)
[308.432s][info][gc,task     ] GC(59) Using 6 of 6 workers for init marking
[308.432s][info][gc,ergo     ] GC(59) Pacer for Mark. Expected Live: 83658K, Free: 59392K, Non-Taxable: 5939K, Alloc Tax Rate: 1.7x
[308.432s][info][gc          ] GC(59) Pause Init Mark (unload classes) 0.074ms
[308.432s][info][gc,start    ] GC(59) Concurrent marking roots
[308.432s][info][gc,task     ] GC(59) Using 3 of 6 workers for concurrent marking roots
[308.432s][info][gc          ] GC(59) Concurrent marking roots 0.271ms
[308.432s][info][gc,start    ] GC(59) Concurrent marking (unload classes)
[308.432s][info][gc,task     ] GC(59) Using 3 of 6 workers for concurrent marking
[308.433s][info][gc          ] GC(59) Concurrent marking (unload classes) 0.704ms
[308.433s][info][gc,start    ] GC(59) Pause Final Mark (unload classes)
[308.433s][info][gc,task     ] GC(59) Using 6 of 6 workers for final marking
[308.433s][info][gc,ergo     ] GC(59) Collectable Garbage: 742M (99%), Immediate: 742M (99%), CSet: 0B (0%)
[308.433s][info][gc          ] GC(59) Pause Final Mark (unload classes) 0.145ms
[308.433s][info][gc,start    ] GC(59) Concurrent weak references
[308.433s][info][gc,task     ] GC(59) Using 3 of 6 workers for concurrent weak references
[308.433s][info][gc,ref      ] GC(59) Encountered references: Soft: 45, Weak: 116, Final: 0, Phantom: 7
[308.433s][info][gc,ref      ] GC(59) Discovered  references: Soft: 0, Weak: 72, Final: 0, Phantom: 5
[308.433s][info][gc,ref      ] GC(59) Enqueued    references: Soft: 0, Weak: 0, Final: 0, Phantom: 0
[308.433s][info][gc          ] GC(59) Concurrent weak references 0.085ms
[308.433s][info][gc,start    ] GC(59) Concurrent weak roots
[308.433s][info][gc,task     ] GC(59) Using 3 of 6 workers for concurrent weak root
[308.433s][info][gc          ] GC(59) Concurrent weak roots 0.114ms
[308.433s][info][gc,start    ] GC(59) Concurrent cleanup
[308.433s][info][gc          ] GC(59) Concurrent cleanup 889M->146M(1024M) 0.077ms
[308.433s][info][gc,ergo     ] GC(59) Free: 823M, Max: 512K regular, 395M humongous, Frag: 52% external, 0% internal; Reserve: 52736K, Max: 512K
[308.433s][info][gc,start    ] GC(59) Concurrent class unloading
[308.433s][info][gc,task     ] GC(59) Using 3 of 6 workers for concurrent class unloading
[308.434s][info][gc          ] GC(59) Concurrent class unloading 0.229ms
[308.434s][info][gc,start    ] GC(59) Pause Final Roots
[308.434s][info][gc          ] GC(59) Pause Final Roots 0.015ms
[308.434s][info][gc,ergo     ] Free: 823M, Max: 512K regular, 395M humongous, Frag: 52% external, 0% internal; Reserve: 52736K, Max: 512K
[308.434s][info][gc,stats    ] 
[308.434s][info][gc,stats    ] All times are wall-clock times, except per-root-class counters, that are sum over
[308.434s][info][gc,stats    ] all workers. Dividing the <total> over the root stage time estimates parallelism.
[308.434s][info][gc,stats    ] 
[308.434s][info][gc,stats    ] Concurrent Reset                    170 us
[308.434s][info][gc,stats    ] Pause Init Mark (G)                 114 us
[308.434s][info][gc,stats    ] Pause Init Mark (N)                  83 us
[308.434s][info][gc,stats    ]   Update Region States               27 us
[308.434s][info][gc,stats    ] Concurrent Mark Roots               291 us, parallelism: 1.07x
[308.434s][info][gc,stats    ]   CMR: <total>                      312 us
[308.434s][info][gc,stats    ]   CMR: Thread Roots                 279 us, workers (us):  59, 218,   1, ---, ---, ---, 
[308.434s][info][gc,stats    ]   CMR: VM Strong Roots                4 us, workers (us):   2,   2,   0, ---, ---, ---, 
[308.434s][info][gc,stats    ]   CMR: CLDG Roots                    29 us, workers (us):  29, ---, ---, ---, ---, ---, 
[308.434s][info][gc,stats    ] Concurrent Marking                  723 us
[308.434s][info][gc,stats    ] Pause Final Mark (G)                221 us
[308.434s][info][gc,stats    ] Pause Final Mark (N)                188 us
[308.434s][info][gc,stats    ]   Finish Mark                        31 us
[308.434s][info][gc,stats    ]   Update Region States               31 us
[308.434s][info][gc,stats    ]   Choose Collection Set              48 us
[308.434s][info][gc,stats    ]   Rebuild Free Set                    8 us
[308.434s][info][gc,stats    ] Concurrent Weak References           94 us, parallelism: 0.07x
[308.434s][info][gc,stats    ]   CWRF: <total>                       6 us
[308.434s][info][gc,stats    ]   CWRF: Weak References               6 us, workers (us):   5,   1,   0, ---, ---, ---, 
[308.434s][info][gc,stats    ] Concurrent Weak Roots               130 us
[308.434s][info][gc,stats    ]   Roots                              70 us, parallelism: 1.27x
[308.434s][info][gc,stats    ]     CWR: <total>                     90 us
[308.434s][info][gc,stats    ]     CWR: Code Cache Roots            47 us, workers (us):  15,  32,   0, ---, ---, ---, 
[308.434s][info][gc,stats    ]     CWR: VM Weak Roots               41 us, workers (us):  14,  14,  13, ---, ---, ---, 
[308.434s][info][gc,stats    ]     CWR: CLDG Roots                   1 us, workers (us): ---, ---,   1, ---, ---, ---, 
[308.434s][info][gc,stats    ]   Rendezvous                         26 us
[308.434s][info][gc,stats    ] Concurrent Cleanup                   87 us
[308.434s][info][gc,stats    ] Concurrent Class Unloading          247 us
[308.434s][info][gc,stats    ]   Unlink Stale                      162 us
[308.434s][info][gc,stats    ]     System Dictionary                 1 us
[308.434s][info][gc,stats    ]     Weak Class Links                  0 us
[308.434s][info][gc,stats    ]     Code Roots                      161 us
[308.434s][info][gc,stats    ]   Rendezvous                         22 us
[308.434s][info][gc,stats    ]   Purge Unlinked                     27 us
[308.434s][info][gc,stats    ]     Code Roots                       23 us
[308.434s][info][gc,stats    ]     CLDG                              3 us
[308.434s][info][gc,stats    ]     Exception Caches                  0 us
[308.434s][info][gc,stats    ] Pause Final Roots (G)                45 us
[308.434s][info][gc,stats    ] Pause Final Roots (N)                23 us
[308.434s][info][gc,stats    ] Pacing                           136840 us
[308.434s][info][gc,stats    ] 
[308.434s][info][gc,stats    ] Allocation pacing accrued:
[308.434s][info][gc,stats    ]     137 of  5974 ms (  2.3%): main
[308.434s][info][gc,stats    ]     137 of  5974 ms (  2.3%): <total>
[308.434s][info][gc,stats    ]      11 of  5974 ms (  0.2%): <average total>
[308.434s][info][gc,stats    ]     137 of  5974 ms (  2.3%): <average non-zero>
[308.434s][info][gc,stats    ] 
[308.434s][info][gc,metaspace] Metaspace: 1071K(1280K)->1071K(1280K) NonClass: 989K(1088K)->989K(1088K) Class: 81K(192K)->81K(192K)
[308.434s][info][gc,ergo     ] Pacer for Idle. Initial: 20971K, Alloc Tax Rate: 1.0x
[313.924s][info][gc          ] Trigger: Average GC time (2.91 ms) is above the time for average allocation rate (93122 KB/s) to deplete free headroom (0B) (margin of error = 2.23)
[313.924s][info][gc,ergo     ] Free headroom: 121M (free) - 52428K (spike) - 73400K (penalties) = 0B
[313.924s][info][gc,ergo     ] Free: 121M, Max: 512K regular, 49664K humongous, Frag: 60% external, 0% internal; Reserve: 52736K, Max: 512K
[313.924s][info][gc,start    ] GC(60) Concurrent reset
[313.924s][info][gc,task     ] GC(60) Using 3 of 6 workers for concurrent reset
[313.924s][info][gc,ergo     ] GC(60) Pacer for Reset. Non-Taxable: 1024M
[313.925s][info][gc          ] GC(60) Concurrent reset 0.233ms
[313.925s][info][gc,start    ] GC(60) Pause Init Mark (unload classes)
[313.925s][info][gc,task     ] GC(60) Using 6 of 6 workers for init marking
[313.925s][info][gc,ergo     ] GC(60) Pacer for Mark. Expected Live: 89597K, Free: 121M, Non-Taxable: 12390K, Alloc Tax Rate: 0.9x
[313.925s][info][gc          ] GC(60) Pause Init Mark (unload classes) 0.089ms
[313.925s][info][gc,start    ] GC(60) Concurrent marking roots
[313.925s][info][gc,task     ] GC(60) Using 3 of 6 workers for concurrent marking roots
[313.925s][info][gc          ] GC(60) Concurrent marking roots 0.315ms
[313.925s][info][gc,start    ] GC(60) Concurrent marking (unload classes)
[313.925s][info][gc,task     ] GC(60) Using 3 of 6 workers for concurrent marking
[313.926s][info][gc          ] GC(60) Concurrent marking (unload classes) 0.792ms
[313.926s][info][gc,start    ] GC(60) Pause Final Mark (unload classes)
[313.926s][info][gc,task     ] GC(60) Using 6 of 6 workers for final marking
[313.926s][info][gc,ergo     ] GC(60) Collectable Garbage: 797M (99%), Immediate: 797M (99%), CSet: 0B (0%)
[313.926s][info][gc          ] GC(60) Pause Final Mark (unload classes) 0.253ms
[313.926s][info][gc,start    ] GC(60) Concurrent weak references
[313.926s][info][gc,task     ] GC(60) Using 3 of 6 workers for concurrent weak references
[313.926s][info][gc,ref      ] GC(60) Encountered references: Soft: 45, Weak: 116, Final: 0, Phantom: 7
[313.926s][info][gc,ref      ] GC(60) Discovered  references: Soft: 0, Weak: 73, Final: 0, Phantom: 5
[313.926s][info][gc,ref      ] GC(60) Enqueued    references: Soft: 0, Weak: 0, Final: 0, Phantom: 0
[313.926s][info][gc          ] GC(60) Concurrent weak references 0.110ms
[313.926s][info][gc,start    ] GC(60) Concurrent weak roots
[313.926s][info][gc,task     ] GC(60) Using 3 of 6 workers for concurrent weak root
[313.926s][info][gc          ] GC(60) Concurrent weak roots 0.170ms
[313.926s][info][gc,start    ] GC(60) Concurrent cleanup
[313.927s][info][gc          ] GC(60) Concurrent cleanup 829M->31M(1024M) 0.078ms
[313.927s][info][gc,ergo     ] GC(60) Free: 940M, Max: 512K regular, 480M humongous, Frag: 49% external, 0% internal; Reserve: 52736K, Max: 512K
[313.927s][info][gc,start    ] GC(60) Concurrent class unloading
[313.927s][info][gc,task     ] GC(60) Using 3 of 6 workers for concurrent class unloading
[313.927s][info][gc          ] GC(60) Concurrent class unloading 0.267ms
[313.927s][info][gc,start    ] GC(60) Pause Final Roots
[313.927s][info][gc          ] GC(60) Pause Final Roots 0.016ms
[313.927s][info][gc,ergo     ] Free: 940M, Max: 512K regular, 480M humongous, Frag: 49% external, 0% internal; Reserve: 52736K, Max: 512K
[313.927s][info][gc,stats    ] 
[313.927s][info][gc,stats    ] All times are wall-clock times, except per-root-class counters, that are sum over
[313.927s][info][gc,stats    ] all workers. Dividing the <total> over the root stage time estimates parallelism.
[313.927s][info][gc,stats    ] 
[313.927s][info][gc,stats    ] Concurrent Reset                    262 us
[313.927s][info][gc,stats    ] Pause Init Mark (G)                 138 us
[313.927s][info][gc,stats    ] Pause Init Mark (N)                 102 us
[313.927s][info][gc,stats    ]   Update Region States               33 us
[313.927s][info][gc,stats    ] Concurrent Mark Roots               330 us, parallelism: 1.24x
[313.927s][info][gc,stats    ]   CMR: <total>                      410 us
[313.927s][info][gc,stats    ]   CMR: Thread Roots                 373 us, workers (us):  36, 255,  82, ---, ---, ---, 
[313.927s][info][gc,stats    ]   CMR: VM Strong Roots                5 us, workers (us):   2,   1,   1, ---, ---, ---, 
[313.927s][info][gc,stats    ]   CMR: CLDG Roots                    32 us, workers (us):  32, ---, ---, ---, ---, ---, 
[313.927s][info][gc,stats    ] Concurrent Marking                  810 us
[313.927s][info][gc,stats    ] Pause Final Mark (G)                363 us
[313.927s][info][gc,stats    ] Pause Final Mark (N)                264 us
[313.927s][info][gc,stats    ]   Finish Mark                        95 us
[313.927s][info][gc,stats    ]   Update Region States               69 us
[313.927s][info][gc,stats    ]   Choose Collection Set              51 us
[313.927s][info][gc,stats    ]   Rebuild Free Set                    8 us
[313.927s][info][gc,stats    ] Concurrent Weak References          118 us, parallelism: 0.03x
[313.927s][info][gc,stats    ]   CWRF: <total>                       4 us
[313.927s][info][gc,stats    ]   CWRF: Weak References               4 us, workers (us):   3,   0,   0, ---, ---, ---, 
[313.927s][info][gc,stats    ] Concurrent Weak Roots               183 us
[313.927s][info][gc,stats    ]   Roots                              94 us, parallelism: 0.94x
[313.927s][info][gc,stats    ]     CWR: <total>                     88 us
[313.927s][info][gc,stats    ]     CWR: Code Cache Roots            47 us, workers (us):  32,   0,  15, ---, ---, ---, 
[313.927s][info][gc,stats    ]     CWR: VM Weak Roots               40 us, workers (us):  40,   0,   0, ---, ---, ---, 
[313.927s][info][gc,stats    ]     CWR: CLDG Roots                   1 us, workers (us): ---,   1, ---, ---, ---, ---, 
[313.927s][info][gc,stats    ]   Rendezvous                         59 us
[313.927s][info][gc,stats    ] Concurrent Cleanup                   88 us
[313.927s][info][gc,stats    ] Concurrent Class Unloading          278 us
[313.927s][info][gc,stats    ]   Unlink Stale                      147 us
[313.927s][info][gc,stats    ]     System Dictionary                 1 us
[313.927s][info][gc,stats    ]     Weak Class Links                  0 us
[313.927s][info][gc,stats    ]     Code Roots                      145 us
[313.927s][info][gc,stats    ]   Rendezvous                         54 us
[313.927s][info][gc,stats    ]   Purge Unlinked                     49 us
[313.927s][info][gc,stats    ]     Code Roots                       46 us
[313.927s][info][gc,stats    ]     CLDG                              2 us
[313.927s][info][gc,stats    ]     Exception Caches                  0 us
[313.927s][info][gc,stats    ] Pause Final Roots (G)                90 us
[313.927s][info][gc,stats    ] Pause Final Roots (N)                24 us
[313.927s][info][gc,stats    ] Pacing                            92480 us
[313.927s][info][gc,stats    ] 
[313.927s][info][gc,stats    ] Allocation pacing accrued:
[313.927s][info][gc,stats    ]      92 of  5493 ms (  1.7%): main
[313.927s][info][gc,stats    ]      92 of  5493 ms (  1.7%): <total>
[313.927s][info][gc,stats    ]       7 of  5493 ms (  0.1%): <average total>
[313.927s][info][gc,stats    ]      92 of  5493 ms (  1.7%): <average non-zero>
[313.927s][info][gc,stats    ] 
[313.927s][info][gc,metaspace] Metaspace: 1071K(1280K)->1071K(1280K) NonClass: 989K(1088K)->989K(1088K) Class: 81K(192K)->81K(192K)
[313.927s][info][gc,ergo     ] Pacer for Idle. Initial: 20971K, Alloc Tax Rate: 1.0x
[319.892s][info][gc          ] Trigger: Free (50176K) is below minimum threshold (102M)
[319.892s][info][gc,ergo     ] Free: 50176K, Max: 512K regular, 28672K humongous, Frag: 43% external, 0% internal; Reserve: 52736K, Max: 512K
[319.892s][info][gc,start    ] GC(61) Concurrent reset
[319.892s][info][gc,task     ] GC(61) Using 3 of 6 workers for concurrent reset
[319.892s][info][gc,ergo     ] GC(61) Pacer for Reset. Non-Taxable: 1024M
[319.892s][info][gc          ] GC(61) Concurrent reset 0.147ms
[319.892s][info][gc,start    ] GC(61) Pause Init Mark (unload classes)
[319.892s][info][gc,task     ] GC(61) Using 6 of 6 workers for init marking
[319.893s][info][gc,ergo     ] GC(61) Pacer for Mark. Expected Live: 91645K, Free: 50176K, Non-Taxable: 5017K, Alloc Tax Rate: 2.2x
[319.893s][info][gc          ] GC(61) Pause Init Mark (unload classes) 0.076ms
[319.893s][info][gc,start    ] GC(61) Concurrent marking roots
[319.893s][info][gc,task     ] GC(61) Using 3 of 6 workers for concurrent marking roots
[319.893s][info][gc          ] GC(61) Concurrent marking roots 0.253ms
[319.893s][info][gc,start    ] GC(61) Concurrent marking (unload classes)
[319.893s][info][gc,task     ] GC(61) Using 3 of 6 workers for concurrent marking
[319.893s][info][gc          ] GC(61) Concurrent marking (unload classes) 0.668ms
[319.894s][info][gc,start    ] GC(61) Pause Final Mark (unload classes)
[319.894s][info][gc,task     ] GC(61) Using 6 of 6 workers for final marking
[319.894s][info][gc,ergo     ] GC(61) Collectable Garbage: 711M (99%), Immediate: 711M (99%), CSet: 0B (0%)
[319.894s][info][gc          ] GC(61) Pause Final Mark (unload classes) 0.168ms
[319.894s][info][gc,start    ] GC(61) Concurrent weak references
[319.894s][info][gc,task     ] GC(61) Using 3 of 6 workers for concurrent weak references
[319.894s][info][gc,ref      ] GC(61) Encountered references: Soft: 45, Weak: 116, Final: 0, Phantom: 7
[319.894s][info][gc,ref      ] GC(61) Discovered  references: Soft: 0, Weak: 95, Final: 0, Phantom: 5
[319.894s][info][gc,ref      ] GC(61) Enqueued    references: Soft: 0, Weak: 0, Final: 0, Phantom: 0
[319.894s][info][gc          ] GC(61) Concurrent weak references 0.073ms
[319.894s][info][gc,start    ] GC(61) Concurrent weak roots
[319.894s][info][gc,task     ] GC(61) Using 3 of 6 workers for concurrent weak root
[319.894s][info][gc          ] GC(61) Concurrent weak roots 0.112ms
[319.894s][info][gc,start    ] GC(61) Concurrent cleanup
[319.894s][info][gc          ] GC(61) Concurrent cleanup 898M->186M(1024M) 0.073ms
[319.894s][info][gc,ergo     ] GC(61) Free: 783M, Max: 512K regular, 403M humongous, Frag: 49% external, 0% internal; Reserve: 52736K, Max: 512K
[319.894s][info][gc,start    ] GC(61) Concurrent class unloading
[319.894s][info][gc,task     ] GC(61) Using 3 of 6 workers for concurrent class unloading
[319.894s][info][gc          ] GC(61) Concurrent class unloading 0.217ms
[319.894s][info][gc,start    ] GC(61) Pause Final Roots
[319.894s][info][gc          ] GC(61) Pause Final Roots 0.015ms
[319.894s][info][gc,ergo     ] Free: 783M, Max: 512K regular, 403M humongous, Frag: 49% external, 0% internal; Reserve: 52736K, Max: 512K
[319.894s][info][gc,stats    ] 
[319.894s][info][gc,stats    ] All times are wall-clock times, except per-root-class counters, that are sum over
[319.894s][info][gc,stats    ] all workers. Dividing the <total> over the root stage time estimates parallelism.
[319.894s][info][gc,stats    ] 
[319.894s][info][gc,stats    ] Concurrent Reset                    171 us
[319.894s][info][gc,stats    ] Pause Init Mark (G)                 120 us
[319.894s][info][gc,stats    ] Pause Init Mark (N)                  85 us
[319.894s][info][gc,stats    ]   Update Region States               28 us
[319.894s][info][gc,stats    ] Concurrent Mark Roots               268 us, parallelism: 1.28x
[319.894s][info][gc,stats    ]   CMR: <total>                      344 us
[319.894s][info][gc,stats    ]   CMR: Thread Roots                 311 us, workers (us): 197,  35,  79, ---, ---, ---, 
[319.894s][info][gc,stats    ]   CMR: VM Strong Roots                4 us, workers (us):   2,   1,   1, ---, ---, ---, 
[319.894s][info][gc,stats    ]   CMR: CLDG Roots                    29 us, workers (us): ---,  29, ---, ---, ---, ---, 
[319.894s][info][gc,stats    ] Concurrent Marking                  686 us
[319.894s][info][gc,stats    ] Pause Final Mark (G)                209 us
[319.894s][info][gc,stats    ] Pause Final Mark (N)                177 us
[319.894s][info][gc,stats    ]   Finish Mark                        63 us
[319.894s][info][gc,stats    ]   Update Region States               25 us
[319.895s][info][gc,stats    ]   Choose Collection Set              44 us
[319.895s][info][gc,stats    ]   Rebuild Free Set                    8 us
[319.895s][info][gc,stats    ] Concurrent Weak References           82 us, parallelism: 0.06x
[319.895s][info][gc,stats    ]   CWRF: <total>                       5 us
[319.895s][info][gc,stats    ]   CWRF: Weak References               5 us, workers (us):   3,   1,   0, ---, ---, ---, 
[319.895s][info][gc,stats    ] Concurrent Weak Roots               130 us
[319.895s][info][gc,stats    ]   Roots                              69 us, parallelism: 1.32x
[319.895s][info][gc,stats    ]     CWR: <total>                     91 us
[319.895s][info][gc,stats    ]     CWR: Code Cache Roots            48 us, workers (us):  33,  15,   0, ---, ---, ---, 
[319.895s][info][gc,stats    ]     CWR: VM Weak Roots               42 us, workers (us):  14,  14,  14, ---, ---, ---, 
[319.895s][info][gc,stats    ]     CWR: CLDG Roots                   1 us, workers (us): ---, ---,   1, ---, ---, ---, 
[319.895s][info][gc,stats    ]   Rendezvous                         24 us
[319.895s][info][gc,stats    ] Concurrent Cleanup                   83 us
[319.895s][info][gc,stats    ] Concurrent Class Unloading          231 us
[319.895s][info][gc,stats    ]   Unlink Stale                      154 us
[319.895s][info][gc,stats    ]     System Dictionary                 1 us
[319.895s][info][gc,stats    ]     Weak Class Links                  0 us
[319.895s][info][gc,stats    ]     Code Roots                      152 us
[319.895s][info][gc,stats    ]   Rendezvous                         23 us
[319.895s][info][gc,stats    ]   Purge Unlinked                     23 us
[319.895s][info][gc,stats    ]     Code Roots                       21 us
[319.895s][info][gc,stats    ]     CLDG                              2 us
[319.895s][info][gc,stats    ]     Exception Caches                  0 us
[319.895s][info][gc,stats    ] Pause Final Roots (G)                42 us
[319.895s][info][gc,stats    ] Pause Final Roots (N)                23 us
[319.895s][info][gc,stats    ] Pacing                           136829 us
[319.895s][info][gc,stats    ] 
[319.895s][info][gc,stats    ] Allocation pacing accrued:
[319.895s][info][gc,stats    ]     137 of  5967 ms (  2.3%): main
[319.895s][info][gc,stats    ]     137 of  5967 ms (  2.3%): <total>
[319.895s][info][gc,stats    ]      11 of  5967 ms (  0.2%): <average total>
[319.895s][info][gc,stats    ]     137 of  5967 ms (  2.3%): <average non-zero>
[319.895s][info][gc,stats    ] 
[319.895s][info][gc,metaspace] Metaspace: 1071K(1280K)->1071K(1280K) NonClass: 989K(1088K)->989K(1088K) Class: 81K(192K)->81K(192K)
[319.895s][info][gc,ergo     ] Pacer for Idle. Initial: 20971K, Alloc Tax Rate: 1.0x
[325.391s][info][gc          ] Trigger: Free (100M) is below minimum threshold (102M)
[325.391s][info][gc,ergo     ] Free: 100M, Max: 512K regular, 65536K humongous, Frag: 36% external, 0% internal; Reserve: 52736K, Max: 512K
[325.391s][info][gc,start    ] GC(62) Concurrent reset
[325.391s][info][gc,task     ] GC(62) Using 3 of 6 workers for concurrent reset
[325.391s][info][gc,ergo     ] GC(62) Pacer for Reset. Non-Taxable: 1024M
[325.391s][info][gc          ] GC(62) Concurrent reset 0.261ms
[325.391s][info][gc,start    ] GC(62) Pause Init Mark (unload classes)
[325.391s][info][gc,task     ] GC(62) Using 6 of 6 workers for init marking
[325.392s][info][gc,ergo     ] GC(62) Pacer for Mark. Expected Live: 100M, Free: 100M, Non-Taxable: 10240K, Alloc Tax Rate: 1.2x
[325.392s][info][gc          ] GC(62) Pause Init Mark (unload classes) 0.084ms
[325.392s][info][gc,start    ] GC(62) Concurrent marking roots
[325.392s][info][gc,task     ] GC(62) Using 3 of 6 workers for concurrent marking roots
[325.392s][info][gc          ] GC(62) Concurrent marking roots 0.289ms
[325.392s][info][gc,start    ] GC(62) Concurrent marking (unload classes)
[325.392s][info][gc,task     ] GC(62) Using 3 of 6 workers for concurrent marking
[325.393s][info][gc          ] GC(62) Concurrent marking (unload classes) 0.938ms
[325.393s][info][gc,start    ] GC(62) Pause Final Mark (unload classes)
[325.393s][info][gc,task     ] GC(62) Using 6 of 6 workers for final marking
[325.393s][info][gc,ergo     ] GC(62) Collectable Garbage: 813M (99%), Immediate: 813M (99%), CSet: 0B (0%)
[325.393s][info][gc          ] GC(62) Pause Final Mark (unload classes) 0.192ms
[325.393s][info][gc,start    ] GC(62) Concurrent weak references
[325.393s][info][gc,task     ] GC(62) Using 3 of 6 workers for concurrent weak references
[325.393s][info][gc,ref      ] GC(62) Encountered references: Soft: 45, Weak: 116, Final: 0, Phantom: 7
[325.393s][info][gc,ref      ] GC(62) Discovered  references: Soft: 0, Weak: 72, Final: 0, Phantom: 5
[325.393s][info][gc,ref      ] GC(62) Enqueued    references: Soft: 0, Weak: 0, Final: 0, Phantom: 0
[325.393s][info][gc          ] GC(62) Concurrent weak references 0.104ms
[325.393s][info][gc,start    ] GC(62) Concurrent weak roots
[325.393s][info][gc,task     ] GC(62) Using 3 of 6 workers for concurrent weak root
[325.393s][info][gc          ] GC(62) Concurrent weak roots 0.143ms
[325.393s][info][gc,start    ] GC(62) Concurrent cleanup
[325.393s][info][gc          ] GC(62) Concurrent cleanup 850M->36M(1024M) 0.097ms
[325.394s][info][gc,ergo     ] GC(62) Free: 935M, Max: 512K regular, 628M humongous, Frag: 33% external, 0% internal; Reserve: 52736K, Max: 512K
[325.394s][info][gc,start    ] GC(62) Concurrent class unloading
[325.394s][info][gc,task     ] GC(62) Using 3 of 6 workers for concurrent class unloading
[325.394s][info][gc          ] GC(62) Concurrent class unloading 0.250ms
[325.394s][info][gc,start    ] GC(62) Pause Final Roots
[325.394s][info][gc          ] GC(62) Pause Final Roots 0.016ms
[325.394s][info][gc,ergo     ] Free: 935M, Max: 512K regular, 628M humongous, Frag: 33% external, 0% internal; Reserve: 52736K, Max: 512K
[325.394s][info][gc,stats    ] 
[325.394s][info][gc,stats    ] All times are wall-clock times, except per-root-class counters, that are sum over
[325.394s][info][gc,stats    ] all workers. Dividing the <total> over the root stage time estimates parallelism.
[325.394s][info][gc,stats    ] 
[325.394s][info][gc,stats    ] Concurrent Reset                    289 us
[325.394s][info][gc,stats    ] Pause Init Mark (G)                 132 us
[325.394s][info][gc,stats    ] Pause Init Mark (N)                  97 us
[325.394s][info][gc,stats    ]   Update Region States               28 us
[325.394s][info][gc,stats    ] Concurrent Mark Roots               312 us, parallelism: 1.30x
[325.394s][info][gc,stats    ]   CMR: <total>                      405 us
[325.394s][info][gc,stats    ]   CMR: Thread Roots                 356 us, workers (us):  76,  44, 237, ---, ---, ---, 
[325.394s][info][gc,stats    ]   CMR: VM Strong Roots                6 us, workers (us):   0,   3,   3, ---, ---, ---, 
[325.394s][info][gc,stats    ]   CMR: CLDG Roots                    42 us, workers (us): ---,  42, ---, ---, ---, ---, 
[325.394s][info][gc,stats    ] Concurrent Marking                  967 us
[325.394s][info][gc,stats    ] Pause Final Mark (G)                249 us
[325.394s][info][gc,stats    ] Pause Final Mark (N)                208 us
[325.394s][info][gc,stats    ]   Finish Mark                        42 us
[325.394s][info][gc,stats    ]   Update Region States               37 us
[325.394s][info][gc,stats    ]   Choose Collection Set              62 us
[325.394s][info][gc,stats    ]   Rebuild Free Set                   14 us
[325.394s][info][gc,stats    ] Concurrent Weak References          116 us, parallelism: 0.06x
[325.394s][info][gc,stats    ]   CWRF: <total>                       7 us
[325.394s][info][gc,stats    ]   CWRF: Weak References               7 us, workers (us):   5,   1,   0, ---, ---, ---, 
[325.394s][info][gc,stats    ] Concurrent Weak Roots               163 us
[325.394s][info][gc,stats    ]   Roots                              87 us, parallelism: 1.44x
[325.394s][info][gc,stats    ]     CWR: <total>                    126 us
[325.394s][info][gc,stats    ]     CWR: Code Cache Roots            67 us, workers (us):   0,  46,  21, ---, ---, ---, 
[325.394s][info][gc,stats    ]     CWR: VM Weak Roots               58 us, workers (us):  23,  21,  15, ---, ---, ---, 
[325.394s][info][gc,stats    ]     CWR: CLDG Roots                   1 us, workers (us):   1, ---, ---, ---, ---, ---, 
[325.394s][info][gc,stats    ]   Rendezvous                         31 us
[325.394s][info][gc,stats    ] Concurrent Cleanup                  112 us
[325.394s][info][gc,stats    ] Concurrent Class Unloading          268 us
[325.394s][info][gc,stats    ]   Unlink Stale                      172 us
[325.394s][info][gc,stats    ]     System Dictionary                 2 us
[325.394s][info][gc,stats    ]     Weak Class Links                  0 us
[325.394s][info][gc,stats    ]     Code Roots                      169 us
[325.394s][info][gc,stats    ]   Rendezvous                         26 us
[325.394s][info][gc,stats    ]   Purge Unlinked                     26 us
[325.394s][info][gc,stats    ]     Code Roots                       23 us
[325.394s][info][gc,stats    ]     CLDG                              3 us
[325.394s][info][gc,stats    ]     Exception Caches                  0 us
[325.394s][info][gc,stats    ] Pause Final Roots (G)                65 us
[325.394s][info][gc,stats    ] Pause Final Roots (N)                29 us
[325.394s][info][gc,stats    ] Pacing                            93335 us
[325.394s][info][gc,stats    ] 
[325.394s][info][gc,stats    ] Allocation pacing accrued:
[325.394s][info][gc,stats    ]      93 of  5500 ms (  1.7%): main
[325.394s][info][gc,stats    ]      93 of  5500 ms (  1.7%): <total>
[325.394s][info][gc,stats    ]       7 of  5500 ms (  0.1%): <average total>
[325.394s][info][gc,stats    ]      93 of  5500 ms (  1.7%): <average non-zero>
[325.394s][info][gc,stats    ] 
[325.394s][info][gc,metaspace] Metaspace: 1071K(1280K)->1071K(1280K) NonClass: 989K(1088K)->989K(1088K) Class: 81K(192K)->81K(192K)
[325.394s][info][gc,ergo     ] Pacer for Idle. Initial: 20971K, Alloc Tax Rate: 1.0x
[331.339s][info][gc          ] Failed to allocate Shared, 100M
[331.339s][info][gc          ] Cancelling GC: Allocation Failure
[331.355s][info][gc          ] Trigger: Handle Allocation Failure
[331.355s][info][gc,ergo     ] Free: 129M, Max: 512K regular, 94208K humongous, Frag: 29% external, 0% internal; Reserve: 52736K, Max: 512K
[331.355s][info][gc,start    ] GC(63) Pause Degenerated GC (Outside of Cycle)
[331.355s][info][gc,task     ] GC(63) Using 6 of 6 workers for stw degenerated gc
[331.355s][info][gc,ref      ] GC(63) Clearing All SoftReferences
[331.356s][info][gc,ref      ] GC(63) Encountered references: Soft: 45, Weak: 116, Final: 0, Phantom: 7
[331.356s][info][gc,ref      ] GC(63) Discovered  references: Soft: 19, Weak: 95, Final: 0, Phantom: 3
[331.356s][info][gc,ref      ] GC(63) Enqueued    references: Soft: 0, Weak: 0, Final: 0, Phantom: 0
[331.356s][info][gc,ergo     ] GC(63) Collectable Garbage: 701M (99%), Immediate: 701M (99%), CSet: 0B (0%)
[331.356s][info][gc,ergo     ] GC(63) Good progress for free space: 854M, need 10485K
[331.356s][info][gc,ergo     ] GC(63) Good progress for used space: 701M, need 512K
[331.356s][info][gc          ] GC(63) Pause Degenerated GC (Outside of Cycle) 818M->116M(1024M) 1.162ms
[331.356s][info][gc,ergo     ] Free: 854M, Max: 512K regular, 423M humongous, Frag: 51% external, 0% internal; Reserve: 52736K, Max: 512K
[331.356s][info][gc,stats    ] 
[331.356s][info][gc,stats    ] All times are wall-clock times, except per-root-class counters, that are sum over
[331.356s][info][gc,stats    ] all workers. Dividing the <total> over the root stage time estimates parallelism.
[331.356s][info][gc,stats    ] 
[331.356s][info][gc,stats    ] Pause Degenerated GC (G)           1218 us
[331.356s][info][gc,stats    ] Pause Degenerated GC (N)           1173 us
[331.356s][info][gc,stats    ]   Degen STW Mark                    495 us, parallelism: 5.32x
[331.356s][info][gc,stats    ]     DSM: <total>                   2635 us
[331.356s][info][gc,stats    ]     DSM: Thread Roots                62 us, workers (us):   9,  10,  10,  18,  12,   3, 
[331.356s][info][gc,stats    ]     DSM: VM Strong Roots              4 us, workers (us):   1,   1,   1,   0,   0,   0, 
[331.356s][info][gc,stats    ]     DSM: CLDG Roots                  31 us, workers (us):   0,   0,   0,   0,   0,  29, 
[331.356s][info][gc,stats    ]     DSM: Parallel Mark             2538 us, workers (us): 430, 430, 427, 421, 426, 405, 
[331.356s][info][gc,stats    ]     System Purge                    211 us
[331.356s][info][gc,stats    ]       Weak References                63 us, parallelism: 0.13x
[331.356s][info][gc,stats    ]         WRP: <total>                  8 us
[331.356s][info][gc,stats    ]         WRP: Weak References          8 us, workers (us):   1,   5,   1,   1,   0,   0, 
[331.356s][info][gc,stats    ]       Unload Classes                113 us, parallelism: 4.01x
[331.356s][info][gc,stats    ]         DCU: <total>                452 us
[331.356s][info][gc,stats    ]         DCU: Unload Code Caches      452 us, workers (us):  70,  68,  71,  70,  84,  89, 
[331.356s][info][gc,stats    ]       Weak Roots                     34 us, parallelism: 1.72x
[331.356s][info][gc,stats    ]         DWR: <total>                 59 us
[331.356s][info][gc,stats    ]         DWR: VM Weak Roots           59 us, workers (us):  11,  10,  11,  10,   9,   7, 
[331.356s][info][gc,stats    ]       CLDG                            0 us
[331.356s][info][gc,stats    ]   Update Region States               30 us
[331.356s][info][gc,stats    ]   Manage GC/TLABs                     3 us
[331.356s][info][gc,stats    ]   Choose Collection Set              44 us
[331.356s][info][gc,stats    ]   Rebuild Free Set                    9 us
[331.356s][info][gc,stats    ]   Cleanup                             7 us
[331.356s][info][gc,stats    ] Pacing                           135737 us
[331.356s][info][gc,stats    ] 
[331.356s][info][gc,stats    ] Allocation pacing accrued:
[331.356s][info][gc,stats    ]     136 of  5962 ms (  2.3%): main
[331.356s][info][gc,stats    ]     136 of  5962 ms (  2.3%): <total>
[331.356s][info][gc,stats    ]      10 of  5962 ms (  0.2%): <average total>
[331.356s][info][gc,stats    ]     136 of  5962 ms (  2.3%): <average non-zero>
[331.356s][info][gc,stats    ] 
[331.356s][info][gc,metaspace] Metaspace: 1071K(1280K)->1071K(1280K) NonClass: 989K(1088K)->989K(1088K) Class: 81K(192K)->81K(192K)
[331.356s][info][gc,ergo     ] Pacer for Idle. Initial: 20971K, Alloc Tax Rate: 1.0x
[335.580s][info][gc          ] Trigger: Average GC time (3.20 ms) is above the time for average allocation rate (286 MB/s) to deplete free headroom (0B) (margin of error = 2.32)
[335.581s][info][gc,ergo     ] Free headroom: 165M (free) - 52428K (spike) - 143M (penalties) = 0B
[335.581s][info][gc,ergo     ] Free: 165M, Max: 512K regular, 94208K humongous, Frag: 45% external, 0% internal; Reserve: 52736K, Max: 512K
[335.581s][info][gc,start    ] GC(64) Concurrent reset
[335.581s][info][gc,task     ] GC(64) Using 3 of 6 workers for concurrent reset
[335.581s][info][gc,ergo     ] GC(64) Pacer for Reset. Non-Taxable: 1024M
[335.581s][info][gc          ] GC(64) Concurrent reset 0.242ms
[335.581s][info][gc,start    ] GC(64) Pause Init Mark (unload classes)
[335.581s][info][gc,task     ] GC(64) Using 6 of 6 workers for init marking
[335.581s][info][gc,ergo     ] GC(64) Pacer for Mark. Expected Live: 103M, Free: 165M, Non-Taxable: 16896K, Alloc Tax Rate: 0.8x
[335.581s][info][gc          ] GC(64) Pause Init Mark (unload classes) 0.072ms
[335.581s][info][gc,start    ] GC(64) Concurrent marking roots
[335.581s][info][gc,task     ] GC(64) Using 3 of 6 workers for concurrent marking roots
[335.581s][info][gc          ] GC(64) Concurrent marking roots 0.290ms
[335.581s][info][gc,start    ] GC(64) Concurrent marking (unload classes)
[335.581s][info][gc,task     ] GC(64) Using 3 of 6 workers for concurrent marking
[335.582s][info][gc          ] GC(64) Concurrent marking (unload classes) 0.722ms
[335.582s][info][gc,start    ] GC(64) Pause Final Mark (unload classes)
[335.582s][info][gc,task     ] GC(64) Using 6 of 6 workers for final marking
[335.582s][info][gc,ergo     ] GC(64) Collectable Garbage: 664M (99%), Immediate: 664M (99%), CSet: 0B (0%)
[335.582s][info][gc          ] GC(64) Pause Final Mark (unload classes) 0.199ms
[335.582s][info][gc,start    ] GC(64) Concurrent weak references
[335.582s][info][gc,task     ] GC(64) Using 3 of 6 workers for concurrent weak references
[335.582s][info][gc,ref      ] GC(64) Encountered references: Soft: 45, Weak: 116, Final: 0, Phantom: 7
[335.582s][info][gc,ref      ] GC(64) Discovered  references: Soft: 0, Weak: 95, Final: 0, Phantom: 5
[335.582s][info][gc,ref      ] GC(64) Enqueued    references: Soft: 0, Weak: 0, Final: 0, Phantom: 0
[335.582s][info][gc          ] GC(64) Concurrent weak references 0.117ms
[335.582s][info][gc,start    ] GC(64) Concurrent weak roots
[335.582s][info][gc,task     ] GC(64) Using 3 of 6 workers for concurrent weak root
[335.583s][info][gc          ] GC(64) Concurrent weak roots 0.187ms
[335.583s][info][gc,start    ] GC(64) Concurrent cleanup
[335.583s][info][gc          ] GC(64) Concurrent cleanup 788M->123M(1024M) 0.074ms
[335.583s][info][gc,ergo     ] GC(64) Free: 846M, Max: 512K regular, 233M humongous, Frag: 73% external, 0% internal; Reserve: 52736K, Max: 512K
[335.583s][info][gc,start    ] GC(64) Concurrent class unloading
[335.583s][info][gc,task     ] GC(64) Using 3 of 6 workers for concurrent class unloading
[335.583s][info][gc          ] GC(64) Concurrent class unloading 0.308ms
[335.583s][info][gc,start    ] GC(64) Pause Final Roots
[335.583s][info][gc          ] GC(64) Pause Final Roots 0.018ms
[335.583s][info][gc,ergo     ] Free: 846M, Max: 512K regular, 233M humongous, Frag: 73% external, 0% internal; Reserve: 52736K, Max: 512K
[335.583s][info][gc,stats    ] 
[335.583s][info][gc,stats    ] All times are wall-clock times, except per-root-class counters, that are sum over
[335.583s][info][gc,stats    ] all workers. Dividing the <total> over the root stage time estimates parallelism.
[335.583s][info][gc,stats    ] 
[335.583s][info][gc,stats    ] Concurrent Reset                    262 us
[335.583s][info][gc,stats    ] Pause Init Mark (G)                 146 us
[335.583s][info][gc,stats    ] Pause Init Mark (N)                  81 us
[335.583s][info][gc,stats    ]   Update Region States               25 us
[335.583s][info][gc,stats    ] Concurrent Mark Roots               308 us, parallelism: 1.12x
[335.583s][info][gc,stats    ]   CMR: <total>                      346 us
[335.583s][info][gc,stats    ]   CMR: Thread Roots                 311 us, workers (us): 205,  36,  70, ---, ---, ---, 
[335.583s][info][gc,stats    ]   CMR: VM Strong Roots                6 us, workers (us):   2,   1,   2, ---, ---, ---, 
[335.583s][info][gc,stats    ]   CMR: CLDG Roots                    30 us, workers (us): ---,  30, ---, ---, ---, ---, 
[335.583s][info][gc,stats    ] Concurrent Marking                  740 us
[335.583s][info][gc,stats    ] Pause Final Mark (G)                273 us
[335.583s][info][gc,stats    ] Pause Final Mark (N)                209 us
[335.583s][info][gc,stats    ]   Finish Mark                        72 us
[335.583s][info][gc,stats    ]   Update Region States               48 us
[335.583s][info][gc,stats    ]   Choose Collection Set              42 us
[335.583s][info][gc,stats    ]   Rebuild Free Set                    8 us
[335.583s][info][gc,stats    ] Concurrent Weak References          126 us, parallelism: 0.04x
[335.583s][info][gc,stats    ]   CWRF: <total>                       5 us
[335.583s][info][gc,stats    ]   CWRF: Weak References               5 us, workers (us):   4,   1,   0, ---, ---, ---, 
[335.583s][info][gc,stats    ] Concurrent Weak Roots               205 us
[335.583s][info][gc,stats    ]   Roots                             105 us, parallelism: 0.90x
[335.583s][info][gc,stats    ]     CWR: <total>                     95 us
[335.583s][info][gc,stats    ]     CWR: Code Cache Roots            52 us, workers (us):  37,  16,   0, ---, ---, ---, 
[335.583s][info][gc,stats    ]     CWR: VM Weak Roots               42 us, workers (us):  15,  14,  13, ---, ---, ---, 
[335.583s][info][gc,stats    ]     CWR: CLDG Roots                   1 us, workers (us): ---, ---,   1, ---, ---, ---, 
[335.583s][info][gc,stats    ]   Rendezvous                         66 us
[335.583s][info][gc,stats    ] Concurrent Cleanup                   84 us
[335.583s][info][gc,stats    ] Concurrent Class Unloading          326 us
[335.583s][info][gc,stats    ]   Unlink Stale                      200 us
[335.583s][info][gc,stats    ]     System Dictionary                 1 us
[335.583s][info][gc,stats    ]     Weak Class Links                  0 us
[335.583s][info][gc,stats    ]     Code Roots                      198 us
[335.583s][info][gc,stats    ]   Rendezvous                         63 us
[335.583s][info][gc,stats    ]   Purge Unlinked                     29 us
[335.583s][info][gc,stats    ]     Code Roots                       25 us
[335.584s][info][gc,stats    ]     CLDG                              3 us
[335.584s][info][gc,stats    ]     Exception Caches                  0 us
[335.584s][info][gc,stats    ] Pause Final Roots (G)                79 us
[335.584s][info][gc,stats    ] Pause Final Roots (N)                28 us
[335.584s][info][gc,stats    ] 
[335.584s][info][gc,stats    ] Allocation pacing accrued:
[335.584s][info][gc,stats    ]       0 of  4227 ms (  0.0%): <total>
[335.584s][info][gc,stats    ]       0 of  4227 ms (  0.0%): <average total>
[335.584s][info][gc,stats    ] 
[335.584s][info][gc,metaspace] Metaspace: 1071K(1280K)->1071K(1280K) NonClass: 989K(1088K)->989K(1088K) Class: 81K(192K)->81K(192K)
[335.584s][info][gc,ergo     ] Pacer for Idle. Initial: 20971K, Alloc Tax Rate: 1.0x
[341.194s][info][gc          ] Trigger: Average GC time (3.04 ms) is above the time for average allocation rate (308 MB/s) to deplete free headroom (0B) (margin of error = 2.33)
[341.194s][info][gc,ergo     ] Free headroom: 174M (free) - 52428K (spike) - 133M (penalties) = 0B
[341.194s][info][gc,ergo     ] Free: 174M, Max: 512K regular, 140M humongous, Frag: 20% external, 0% internal; Reserve: 52736K, Max: 512K
[341.194s][info][gc,start    ] GC(65) Concurrent reset
[341.194s][info][gc,task     ] GC(65) Using 3 of 6 workers for concurrent reset
[341.194s][info][gc,ergo     ] GC(65) Pacer for Reset. Non-Taxable: 1024M
[341.194s][info][gc          ] GC(65) Concurrent reset 0.291ms
[341.195s][info][gc,start    ] GC(65) Pause Init Mark (unload classes)
[341.195s][info][gc,task     ] GC(65) Using 6 of 6 workers for init marking
[341.195s][info][gc,ergo     ] GC(65) Pacer for Mark. Expected Live: 122M, Free: 174M, Non-Taxable: 17868K, Alloc Tax Rate: 0.9x
[341.195s][info][gc          ] GC(65) Pause Init Mark (unload classes) 0.109ms
[341.195s][info][gc,start    ] GC(65) Concurrent marking roots
[341.195s][info][gc,task     ] GC(65) Using 3 of 6 workers for concurrent marking roots
[341.195s][info][gc          ] GC(65) Concurrent marking roots 0.266ms
[341.195s][info][gc,start    ] GC(65) Concurrent marking (unload classes)
[341.195s][info][gc,task     ] GC(65) Using 3 of 6 workers for concurrent marking
[341.196s][info][gc          ] GC(65) Concurrent marking (unload classes) 0.709ms
[341.196s][info][gc,start    ] GC(65) Pause Final Mark (unload classes)
[341.196s][info][gc,task     ] GC(65) Using 6 of 6 workers for final marking
[341.196s][info][gc,ergo     ] GC(65) Collectable Garbage: 713M (99%), Immediate: 713M (99%), CSet: 0B (0%)
[341.196s][info][gc          ] GC(65) Pause Final Mark (unload classes) 0.188ms
[341.196s][info][gc,start    ] GC(65) Concurrent weak references
[341.196s][info][gc,task     ] GC(65) Using 3 of 6 workers for concurrent weak references
[341.196s][info][gc,ref      ] GC(65) Encountered references: Soft: 45, Weak: 116, Final: 0, Phantom: 7
[341.196s][info][gc,ref      ] GC(65) Discovered  references: Soft: 0, Weak: 73, Final: 0, Phantom: 5
[341.196s][info][gc,ref      ] GC(65) Enqueued    references: Soft: 0, Weak: 0, Final: 0, Phantom: 0
[341.196s][info][gc          ] GC(65) Concurrent weak references 0.107ms
[341.196s][info][gc,start    ] GC(65) Concurrent weak roots
[341.196s][info][gc,task     ] GC(65) Using 3 of 6 workers for concurrent weak root
[341.196s][info][gc          ] GC(65) Concurrent weak roots 0.178ms
[341.196s][info][gc,start    ] GC(65) Concurrent cleanup
[341.196s][info][gc          ] GC(65) Concurrent cleanup 775M->61M(1024M) 0.075ms
[341.196s][info][gc,ergo     ] GC(65) Free: 910M, Max: 512K regular, 543M humongous, Frag: 41% external, 0% internal; Reserve: 52736K, Max: 512K
[341.196s][info][gc,start    ] GC(65) Concurrent class unloading
[341.196s][info][gc,task     ] GC(65) Using 3 of 6 workers for concurrent class unloading
[341.197s][info][gc          ] GC(65) Concurrent class unloading 0.272ms
[341.197s][info][gc,start    ] GC(65) Pause Final Roots
[341.197s][info][gc          ] GC(65) Pause Final Roots 0.019ms
[341.197s][info][gc,ergo     ] Free: 910M, Max: 512K regular, 543M humongous, Frag: 41% external, 0% internal; Reserve: 52736K, Max: 512K
[341.197s][info][gc,stats    ] 
[341.197s][info][gc,stats    ] All times are wall-clock times, except per-root-class counters, that are sum over
[341.197s][info][gc,stats    ] all workers. Dividing the <total> over the root stage time estimates parallelism.
[341.197s][info][gc,stats    ] 
[341.197s][info][gc,stats    ] Concurrent Reset                    307 us
[341.197s][info][gc,stats    ] Pause Init Mark (G)                 152 us
[341.197s][info][gc,stats    ] Pause Init Mark (N)                 117 us
[341.197s][info][gc,stats    ]   Update Region States               60 us
[341.197s][info][gc,stats    ] Concurrent Mark Roots               282 us, parallelism: 1.32x
[341.197s][info][gc,stats    ]   CMR: <total>                      373 us
[341.197s][info][gc,stats    ]   CMR: Thread Roots                 336 us, workers (us):  39,  78, 218, ---, ---, ---, 
[341.197s][info][gc,stats    ]   CMR: VM Strong Roots                4 us, workers (us):   3,   0,   0, ---, ---, ---, 
[341.197s][info][gc,stats    ]   CMR: CLDG Roots                    33 us, workers (us):  33, ---, ---, ---, ---, ---, 
[341.197s][info][gc,stats    ] Concurrent Marking                  734 us
[341.197s][info][gc,stats    ] Pause Final Mark (G)                264 us
[341.197s][info][gc,stats    ] Pause Final Mark (N)                203 us
[341.197s][info][gc,stats    ]   Finish Mark                        24 us
[341.197s][info][gc,stats    ]   Update Region States               35 us
[341.197s][info][gc,stats    ]   Choose Collection Set              81 us
[341.197s][info][gc,stats    ]   Rebuild Free Set                   13 us
[341.197s][info][gc,stats    ] Concurrent Weak References          116 us, parallelism: 0.06x
[341.197s][info][gc,stats    ]   CWRF: <total>                       7 us
[341.197s][info][gc,stats    ]   CWRF: Weak References               7 us, workers (us):   5,   1,   0, ---, ---, ---, 
[341.197s][info][gc,stats    ] Concurrent Weak Roots               193 us
[341.197s][info][gc,stats    ]   Roots                             130 us, parallelism: 1.35x
[341.197s][info][gc,stats    ]     CWR: <total>                    176 us
[341.197s][info][gc,stats    ]     CWR: Code Cache Roots           116 us, workers (us):  34,   0,  82, ---, ---, ---, 
[341.197s][info][gc,stats    ]     CWR: VM Weak Roots               59 us, workers (us):  21,  19,  19, ---, ---, ---, 
[341.197s][info][gc,stats    ]     CWR: CLDG Roots                   1 us, workers (us): ---,   1, ---, ---, ---, ---, 
[341.197s][info][gc,stats    ]   Rendezvous                         31 us
[341.197s][info][gc,stats    ] Concurrent Cleanup                   85 us
[341.197s][info][gc,stats    ] Concurrent Class Unloading          286 us
[341.197s][info][gc,stats    ]   Unlink Stale                      189 us
[341.197s][info][gc,stats    ]     System Dictionary                 1 us
[341.197s][info][gc,stats    ]     Weak Class Links                  0 us
[341.197s][info][gc,stats    ]     Code Roots                      187 us
[341.197s][info][gc,stats    ]   Rendezvous                         39 us
[341.197s][info][gc,stats    ]   Purge Unlinked                     27 us
[341.197s][info][gc,stats    ]     Code Roots                       23 us
[341.197s][info][gc,stats    ]     CLDG                              3 us
[341.197s][info][gc,stats    ]     Exception Caches                  0 us
[341.197s][info][gc,stats    ] Pause Final Roots (G)                90 us
[341.197s][info][gc,stats    ] Pause Final Roots (N)                29 us
[341.197s][info][gc,stats    ] Pacing                           101692 us
[341.197s][info][gc,stats    ] 
[341.197s][info][gc,stats    ] Allocation pacing accrued:
[341.197s][info][gc,stats    ]     102 of  5614 ms (  1.8%): main
[341.197s][info][gc,stats    ]     102 of  5614 ms (  1.8%): <total>
[341.197s][info][gc,stats    ]       8 of  5614 ms (  0.1%): <average total>
[341.197s][info][gc,stats    ]     102 of  5614 ms (  1.8%): <average non-zero>
[341.197s][info][gc,stats    ] 
[341.197s][info][gc,metaspace] Metaspace: 1071K(1280K)->1071K(1280K) NonClass: 989K(1088K)->989K(1088K) Class: 81K(192K)->81K(192K)
[341.197s][info][gc,ergo     ] Pacer for Idle. Initial: 20971K, Alloc Tax Rate: 1.0x
[347.035s][info][gc          ] Trigger: Free (89600K) is below minimum threshold (102M)
[347.035s][info][gc,ergo     ] Free: 89600K, Max: 512K regular, 40960K humongous, Frag: 55% external, 0% internal; Reserve: 52736K, Max: 512K
[347.035s][info][gc,start    ] GC(66) Concurrent reset
[347.035s][info][gc,task     ] GC(66) Using 3 of 6 workers for concurrent reset
[347.035s][info][gc,ergo     ] GC(66) Pacer for Reset. Non-Taxable: 1024M
[347.035s][info][gc          ] GC(66) Concurrent reset 0.268ms
[347.035s][info][gc,start    ] GC(66) Pause Init Mark (unload classes)
[347.035s][info][gc,task     ] GC(66) Using 6 of 6 workers for init marking
[347.035s][info][gc,ergo     ] GC(66) Pacer for Mark. Expected Live: 105M, Free: 89600K, Non-Taxable: 8960K, Alloc Tax Rate: 1.5x
[347.035s][info][gc          ] GC(66) Pause Init Mark (unload classes) 0.085ms
[347.035s][info][gc,start    ] GC(66) Concurrent marking roots
[347.035s][info][gc,task     ] GC(66) Using 3 of 6 workers for concurrent marking roots
[347.036s][info][gc          ] GC(66) Concurrent marking roots 0.587ms
[347.036s][info][gc,start    ] GC(66) Concurrent marking (unload classes)
[347.036s][info][gc,task     ] GC(66) Using 3 of 6 workers for concurrent marking
[347.037s][info][gc          ] GC(66) Concurrent marking (unload classes) 0.952ms
[347.037s][info][gc,start    ] GC(66) Pause Final Mark (unload classes)
[347.037s][info][gc,task     ] GC(66) Using 6 of 6 workers for final marking
[347.037s][info][gc,ergo     ] GC(66) Collectable Garbage: 727M (99%), Immediate: 727M (99%), CSet: 0B (0%)
[347.037s][info][gc          ] GC(66) Pause Final Mark (unload classes) 0.192ms
[347.037s][info][gc,start    ] GC(66) Concurrent weak references
[347.037s][info][gc,task     ] GC(66) Using 3 of 6 workers for concurrent weak references
[347.037s][info][gc,ref      ] GC(66) Encountered references: Soft: 45, Weak: 116, Final: 0, Phantom: 7
[347.037s][info][gc,ref      ] GC(66) Discovered  references: Soft: 0, Weak: 84, Final: 0, Phantom: 5
[347.037s][info][gc,ref      ] GC(66) Enqueued    references: Soft: 0, Weak: 0, Final: 0, Phantom: 0
[347.037s][info][gc          ] GC(66) Concurrent weak references 0.099ms
[347.037s][info][gc,start    ] GC(66) Concurrent weak roots
[347.037s][info][gc,task     ] GC(66) Using 3 of 6 workers for concurrent weak root
[347.037s][info][gc          ] GC(66) Concurrent weak roots 0.128ms
[347.037s][info][gc,start    ] GC(66) Concurrent cleanup
[347.037s][info][gc          ] GC(66) Concurrent cleanup 860M->132M(1024M) 0.078ms
[347.037s][info][gc,ergo     ] GC(66) Free: 837M, Max: 512K regular, 359M humongous, Frag: 58% external, 0% internal; Reserve: 52736K, Max: 512K
[347.037s][info][gc,start    ] GC(66) Concurrent class unloading
[347.037s][info][gc,task     ] GC(66) Using 3 of 6 workers for concurrent class unloading
[347.038s][info][gc          ] GC(66) Concurrent class unloading 0.253ms
[347.038s][info][gc,start    ] GC(66) Pause Final Roots
[347.038s][info][gc          ] GC(66) Pause Final Roots 0.017ms
[347.038s][info][gc,ergo     ] Free: 837M, Max: 512K regular, 359M humongous, Frag: 58% external, 0% internal; Reserve: 52736K, Max: 512K
[347.038s][info][gc,stats    ] 
[347.038s][info][gc,stats    ] All times are wall-clock times, except per-root-class counters, that are sum over
[347.038s][info][gc,stats    ] all workers. Dividing the <total> over the root stage time estimates parallelism.
[347.038s][info][gc,stats    ] 
[347.038s][info][gc,stats    ] Concurrent Reset                    297 us
[347.038s][info][gc,stats    ] Pause Init Mark (G)                 147 us
[347.038s][info][gc,stats    ] Pause Init Mark (N)                  94 us
[347.038s][info][gc,stats    ]   Update Region States               32 us
[347.038s][info][gc,stats    ] Concurrent Mark Roots               613 us, parallelism: 1.22x
[347.038s][info][gc,stats    ]   CMR: <total>                      750 us
[347.038s][info][gc,stats    ]   CMR: Thread Roots                 694 us, workers (us):  53, 116, 525, ---, ---, ---, 
[347.038s][info][gc,stats    ]   CMR: VM Strong Roots                8 us, workers (us):   2,   3,   3, ---, ---, ---, 
[347.038s][info][gc,stats    ]   CMR: CLDG Roots                    48 us, workers (us):  48, ---, ---, ---, ---, ---, 
[347.038s][info][gc,stats    ] Concurrent Marking                  993 us
[347.038s][info][gc,stats    ] Pause Final Mark (G)                263 us
[347.038s][info][gc,stats    ] Pause Final Mark (N)                207 us
[347.038s][info][gc,stats    ]   Finish Mark                        44 us
[347.038s][info][gc,stats    ]   Update Region States               36 us
[347.038s][info][gc,stats    ]   Choose Collection Set              60 us
[347.038s][info][gc,stats    ]   Rebuild Free Set                    9 us
[347.038s][info][gc,stats    ] Concurrent Weak References          107 us, parallelism: 0.09x
[347.038s][info][gc,stats    ]   CWRF: <total>                       9 us
[347.038s][info][gc,stats    ]   CWRF: Weak References               9 us, workers (us):   7,   2,   0, ---, ---, ---, 
[347.038s][info][gc,stats    ] Concurrent Weak Roots               147 us
[347.038s][info][gc,stats    ]   Roots                              82 us, parallelism: 1.29x
[347.038s][info][gc,stats    ]     CWR: <total>                    105 us
[347.038s][info][gc,stats    ]     CWR: Code Cache Roots            54 us, workers (us):  16,  38,   0, ---, ---, ---, 
[347.038s][info][gc,stats    ]     CWR: VM Weak Roots               50 us, workers (us):  17,  16,  17, ---, ---, ---, 
[347.038s][info][gc,stats    ]     CWR: CLDG Roots                   1 us, workers (us):   1, ---, ---, ---, ---, ---, 
[347.038s][info][gc,stats    ]   Rendezvous                         29 us
[347.038s][info][gc,stats    ] Concurrent Cleanup                   88 us
[347.038s][info][gc,stats    ] Concurrent Class Unloading          270 us
[347.038s][info][gc,stats    ]   Unlink Stale                      176 us
[347.038s][info][gc,stats    ]     System Dictionary                 2 us
[347.038s][info][gc,stats    ]     Weak Class Links                  0 us
[347.038s][info][gc,stats    ]     Code Roots                      173 us
[347.038s][info][gc,stats    ]   Rendezvous                         26 us
[347.038s][info][gc,stats    ]   Purge Unlinked                     29 us
[347.038s][info][gc,stats    ]     Code Roots                       24 us
[347.038s][info][gc,stats    ]     CLDG                              4 us
[347.038s][info][gc,stats    ]     Exception Caches                  0 us
[347.038s][info][gc,stats    ] Pause Final Roots (G)                49 us
[347.038s][info][gc,stats    ] Pause Final Roots (N)                25 us
[347.038s][info][gc,stats    ] Pacing                           118422 us
[347.038s][info][gc,stats    ] 
[347.038s][info][gc,stats    ] Allocation pacing accrued:
[347.038s][info][gc,stats    ]     118 of  5841 ms (  2.0%): main
[347.038s][info][gc,stats    ]     118 of  5841 ms (  2.0%): <total>
[347.038s][info][gc,stats    ]       9 of  5841 ms (  0.2%): <average total>
[347.038s][info][gc,stats    ]     118 of  5841 ms (  2.0%): <average non-zero>
[347.038s][info][gc,stats    ] 
[347.038s][info][gc,metaspace] Metaspace: 1071K(1280K)->1071K(1280K) NonClass: 989K(1088K)->989K(1088K) Class: 81K(192K)->81K(192K)
[347.038s][info][gc,ergo     ] Pacer for Idle. Initial: 20971K, Alloc Tax Rate: 1.0x
[352.299s][info][gc          ] Trigger: Average GC time (3.38 ms) is above the time for average allocation rate (60670 KB/s) to deplete free headroom (0B) (margin of error = 2.33)
[352.299s][info][gc,ergo     ] Free headroom: 157M (free) - 52428K (spike) - 112M (penalties) = 0B
[352.299s][info][gc,ergo     ] Free: 157M, Max: 512K regular, 74240K humongous, Frag: 54% external, 0% internal; Reserve: 52736K, Max: 512K
[352.299s][info][gc,start    ] GC(67) Concurrent reset
[352.299s][info][gc,task     ] GC(67) Using 3 of 6 workers for concurrent reset
[352.299s][info][gc,ergo     ] GC(67) Pacer for Reset. Non-Taxable: 1024M
[352.299s][info][gc          ] GC(67) Concurrent reset 0.361ms
[352.299s][info][gc,start    ] GC(67) Pause Init Mark (unload classes)
[352.299s][info][gc,task     ] GC(67) Using 6 of 6 workers for init marking
[352.299s][info][gc,ergo     ] GC(67) Pacer for Mark. Expected Live: 125M, Free: 157M, Non-Taxable: 16076K, Alloc Tax Rate: 1.0x
[352.299s][info][gc          ] GC(67) Pause Init Mark (unload classes) 0.073ms
[352.299s][info][gc,start    ] GC(67) Concurrent marking roots
[352.299s][info][gc,task     ] GC(67) Using 3 of 6 workers for concurrent marking roots
[352.300s][info][gc          ] GC(67) Concurrent marking roots 0.262ms
[352.300s][info][gc,start    ] GC(67) Concurrent marking (unload classes)
[352.300s][info][gc,task     ] GC(67) Using 3 of 6 workers for concurrent marking
[352.301s][info][gc          ] GC(67) Concurrent marking (unload classes) 0.809ms
[352.301s][info][gc,start    ] GC(67) Pause Final Mark (unload classes)
[352.301s][info][gc,task     ] GC(67) Using 6 of 6 workers for final marking
[352.301s][info][gc,ergo     ] GC(67) Collectable Garbage: 772M (99%), Immediate: 772M (99%), CSet: 0B (0%)
[352.301s][info][gc          ] GC(67) Pause Final Mark (unload classes) 0.137ms
[352.301s][info][gc,start    ] GC(67) Concurrent weak references
[352.301s][info][gc,task     ] GC(67) Using 3 of 6 workers for concurrent weak references
[352.301s][info][gc,ref      ] GC(67) Encountered references: Soft: 45, Weak: 116, Final: 0, Phantom: 7
[352.301s][info][gc,ref      ] GC(67) Discovered  references: Soft: 0, Weak: 73, Final: 0, Phantom: 5
[352.301s][info][gc,ref      ] GC(67) Enqueued    references: Soft: 0, Weak: 0, Final: 0, Phantom: 0
[352.301s][info][gc          ] GC(67) Concurrent weak references 0.075ms
[352.301s][info][gc,start    ] GC(67) Concurrent weak roots
[352.301s][info][gc,task     ] GC(67) Using 3 of 6 workers for concurrent weak root
[352.301s][info][gc          ] GC(67) Concurrent weak roots 0.158ms
[352.301s][info][gc,start    ] GC(67) Concurrent cleanup
[352.301s][info][gc          ] GC(67) Concurrent cleanup 794M->21M(1024M) 0.077ms
[352.301s][info][gc,ergo     ] GC(67) Free: 950M, Max: 512K regular, 471M humongous, Frag: 51% external, 0% internal; Reserve: 52736K, Max: 512K
[352.301s][info][gc,start    ] GC(67) Concurrent class unloading
[352.301s][info][gc,task     ] GC(67) Using 3 of 6 workers for concurrent class unloading
[352.301s][info][gc          ] GC(67) Concurrent class unloading 0.237ms
[352.301s][info][gc,start    ] GC(67) Pause Final Roots
[352.301s][info][gc          ] GC(67) Pause Final Roots 0.015ms
[352.301s][info][gc,ergo     ] Free: 950M, Max: 512K regular, 471M humongous, Frag: 51% external, 0% internal; Reserve: 52736K, Max: 512K
[352.301s][info][gc,stats    ] 
[352.301s][info][gc,stats    ] All times are wall-clock times, except per-root-class counters, that are sum over
[352.301s][info][gc,stats    ] all workers. Dividing the <total> over the root stage time estimates parallelism.
[352.301s][info][gc,stats    ] 
[352.302s][info][gc,stats    ] Concurrent Reset                    389 us
[352.302s][info][gc,stats    ] Pause Init Mark (G)                 120 us
[352.302s][info][gc,stats    ] Pause Init Mark (N)                  84 us
[352.302s][info][gc,stats    ]   Update Region States               26 us
[352.302s][info][gc,stats    ] Concurrent Mark Roots               277 us, parallelism: 1.38x
[352.302s][info][gc,stats    ]   CMR: <total>                      381 us
[352.302s][info][gc,stats    ]   CMR: Thread Roots                 341 us, workers (us):  62,  66, 213, ---, ---, ---, 
[352.302s][info][gc,stats    ]   CMR: VM Strong Roots                4 us, workers (us):   3,   1,   0, ---, ---, ---, 
[352.302s][info][gc,stats    ]   CMR: CLDG Roots                    36 us, workers (us):  36, ---, ---, ---, ---, ---, 
[352.302s][info][gc,stats    ] Concurrent Marking                  830 us
[352.302s][info][gc,stats    ] Pause Final Mark (G)                215 us
[352.302s][info][gc,stats    ] Pause Final Mark (N)                146 us
[352.302s][info][gc,stats    ]   Finish Mark                        29 us
[352.302s][info][gc,stats    ]   Update Region States               29 us
[352.302s][info][gc,stats    ]   Choose Collection Set              41 us
[352.302s][info][gc,stats    ]   Rebuild Free Set                    8 us
[352.302s][info][gc,stats    ] Concurrent Weak References           83 us, parallelism: 0.04x
[352.302s][info][gc,stats    ]   CWRF: <total>                       4 us
[352.302s][info][gc,stats    ]   CWRF: Weak References               4 us, workers (us):   3,   1,   0, ---, ---, ---, 
[352.302s][info][gc,stats    ] Concurrent Weak Roots               175 us
[352.302s][info][gc,stats    ]   Roots                             115 us, parallelism: 0.81x
[352.302s][info][gc,stats    ]     CWR: <total>                     93 us
[352.302s][info][gc,stats    ]     CWR: Code Cache Roots            50 us, workers (us):  34,  16,   0, ---, ---, ---, 
[352.302s][info][gc,stats    ]     CWR: VM Weak Roots               42 us, workers (us):  21,  20,   0, ---, ---, ---, 
[352.302s][info][gc,stats    ]     CWR: CLDG Roots                   1 us, workers (us): ---,   1, ---, ---, ---, ---, 
[352.302s][info][gc,stats    ]   Rendezvous                         26 us
[352.302s][info][gc,stats    ] Concurrent Cleanup                   88 us
[352.302s][info][gc,stats    ] Concurrent Class Unloading          250 us
[352.302s][info][gc,stats    ]   Unlink Stale                      148 us
[352.302s][info][gc,stats    ]     System Dictionary                 1 us
[352.302s][info][gc,stats    ]     Weak Class Links                  0 us
[352.302s][info][gc,stats    ]     Code Roots                      146 us
[352.302s][info][gc,stats    ]   Rendezvous                         21 us
[352.302s][info][gc,stats    ]   Purge Unlinked                     51 us
[352.302s][info][gc,stats    ]     Code Roots                       48 us
[352.302s][info][gc,stats    ]     CLDG                              3 us
[352.302s][info][gc,stats    ]     Exception Caches                  0 us
[352.302s][info][gc,stats    ] Pause Final Roots (G)                44 us
[352.302s][info][gc,stats    ] Pause Final Roots (N)                23 us
[352.302s][info][gc,stats    ] Pacing                            92764 us
[352.302s][info][gc,stats    ] 
[352.302s][info][gc,stats    ] Allocation pacing accrued:
[352.302s][info][gc,stats    ]      93 of  5264 ms (  1.8%): main
[352.302s][info][gc,stats    ]      93 of  5264 ms (  1.8%): <total>
[352.302s][info][gc,stats    ]       7 of  5264 ms (  0.1%): <average total>
[352.302s][info][gc,stats    ]      93 of  5264 ms (  1.8%): <average non-zero>
[352.302s][info][gc,stats    ] 
[352.302s][info][gc,metaspace] Metaspace: 1071K(1280K)->1071K(1280K) NonClass: 989K(1088K)->989K(1088K) Class: 81K(192K)->81K(192K)
[352.302s][info][gc,ergo     ] Pacer for Idle. Initial: 20971K, Alloc Tax Rate: 1.0x
[358.334s][info][gc          ] Trigger: Average GC time (3.17 ms) is above the time for average allocation rate (310 MB/s) to deplete free headroom (0B) (margin of error = 2.32)
[358.334s][info][gc,ergo     ] Free headroom: 137M (free) - 52428K (spike) - 102M (penalties) = 0B
[358.334s][info][gc,ergo     ] Free: 137M, Max: 512K regular, 127M humongous, Frag: 8% external, 0% internal; Reserve: 52736K, Max: 512K
[358.334s][info][gc,start    ] GC(68) Concurrent reset
[358.334s][info][gc,task     ] GC(68) Using 3 of 6 workers for concurrent reset
[358.334s][info][gc,ergo     ] GC(68) Pacer for Reset. Non-Taxable: 1024M
[358.335s][info][gc          ] GC(68) Concurrent reset 0.177ms
[358.335s][info][gc,start    ] GC(68) Pause Init Mark (unload classes)
[358.335s][info][gc,task     ] GC(68) Using 6 of 6 workers for init marking
[358.335s][info][gc,ergo     ] GC(68) Pacer for Mark. Expected Live: 94717K, Free: 137M, Non-Taxable: 14080K, Alloc Tax Rate: 0.8x
[358.335s][info][gc          ] GC(68) Pause Init Mark (unload classes) 0.097ms
[358.335s][info][gc,start    ] GC(68) Concurrent marking roots
[358.335s][info][gc,task     ] GC(68) Using 3 of 6 workers for concurrent marking roots
[358.335s][info][gc          ] GC(68) Concurrent marking roots 0.240ms
[358.335s][info][gc,start    ] GC(68) Concurrent marking (unload classes)
[358.335s][info][gc,task     ] GC(68) Using 3 of 6 workers for concurrent marking
[358.336s][info][gc          ] GC(68) Concurrent marking (unload classes) 0.674ms
[358.336s][info][gc,start    ] GC(68) Pause Final Mark (unload classes)
[358.336s][info][gc,task     ] GC(68) Using 6 of 6 workers for final marking
[358.336s][info][gc,ergo     ] GC(68) Collectable Garbage: 712M (99%), Immediate: 712M (99%), CSet: 0B (0%)
[358.336s][info][gc          ] GC(68) Pause Final Mark (unload classes) 0.199ms
[358.336s][info][gc,start    ] GC(68) Concurrent weak references
[358.336s][info][gc,task     ] GC(68) Using 3 of 6 workers for concurrent weak references
[358.336s][info][gc,ref      ] GC(68) Encountered references: Soft: 45, Weak: 116, Final: 0, Phantom: 7
[358.336s][info][gc,ref      ] GC(68) Discovered  references: Soft: 0, Weak: 72, Final: 0, Phantom: 5
[358.336s][info][gc,ref      ] GC(68) Enqueued    references: Soft: 0, Weak: 0, Final: 0, Phantom: 0
[358.336s][info][gc          ] GC(68) Concurrent weak references 0.067ms
[358.336s][info][gc,start    ] GC(68) Concurrent weak roots
[358.336s][info][gc,task     ] GC(68) Using 3 of 6 workers for concurrent weak root
[358.336s][info][gc          ] GC(68) Concurrent weak roots 0.107ms
[358.336s][info][gc,start    ] GC(68) Concurrent cleanup
[358.336s][info][gc          ] GC(68) Concurrent cleanup 809M->96M(1024M) 0.072ms
[358.336s][info][gc,ergo     ] GC(68) Free: 873M, Max: 512K regular, 318M humongous, Frag: 64% external, 0% internal; Reserve: 52736K, Max: 512K
[358.336s][info][gc,start    ] GC(68) Concurrent class unloading
[358.336s][info][gc,task     ] GC(68) Using 3 of 6 workers for concurrent class unloading
[358.337s][info][gc          ] GC(68) Concurrent class unloading 0.239ms
[358.337s][info][gc,start    ] GC(68) Pause Final Roots
[358.337s][info][gc          ] GC(68) Pause Final Roots 0.019ms
[358.337s][info][gc,ergo     ] Free: 873M, Max: 512K regular, 318M humongous, Frag: 64% external, 0% internal; Reserve: 52736K, Max: 512K
[358.337s][info][gc,stats    ] 
[358.337s][info][gc,stats    ] All times are wall-clock times, except per-root-class counters, that are sum over
[358.337s][info][gc,stats    ] all workers. Dividing the <total> over the root stage time estimates parallelism.
[358.337s][info][gc,stats    ] 
[358.337s][info][gc,stats    ] Concurrent Reset                    192 us
[358.337s][info][gc,stats    ] Pause Init Mark (G)                 138 us
[358.337s][info][gc,stats    ] Pause Init Mark (N)                 106 us
[358.337s][info][gc,stats    ]   Update Region States               50 us
[358.337s][info][gc,stats    ] Concurrent Mark Roots               251 us, parallelism: 1.31x
[358.337s][info][gc,stats    ]   CMR: <total>                      329 us
[358.337s][info][gc,stats    ]   CMR: Thread Roots                 294 us, workers (us):  68,  34, 192, ---, ---, ---, 
[358.337s][info][gc,stats    ]   CMR: VM Strong Roots                4 us, workers (us):   3,   1,   0, ---, ---, ---, 
[358.337s][info][gc,stats    ]   CMR: CLDG Roots                    31 us, workers (us): ---,  31, ---, ---, ---, ---, 
[358.337s][info][gc,stats    ] Concurrent Marking                  691 us
[358.337s][info][gc,stats    ] Pause Final Mark (G)                240 us
[358.337s][info][gc,stats    ] Pause Final Mark (N)                208 us
[358.337s][info][gc,stats    ]   Finish Mark                        69 us
[358.337s][info][gc,stats    ]   Update Region States               51 us
[358.337s][info][gc,stats    ]   Choose Collection Set              43 us
[358.337s][info][gc,stats    ]   Rebuild Free Set                    8 us
[358.337s][info][gc,stats    ] Concurrent Weak References           75 us, parallelism: 0.05x
[358.337s][info][gc,stats    ]   CWRF: <total>                       4 us
[358.337s][info][gc,stats    ]   CWRF: Weak References               4 us, workers (us):   3,   1,   0, ---, ---, ---, 
[358.337s][info][gc,stats    ] Concurrent Weak Roots               120 us
[358.337s][info][gc,stats    ]   Roots                              68 us, parallelism: 1.29x
[358.337s][info][gc,stats    ]     CWR: <total>                     88 us
[358.337s][info][gc,stats    ]     CWR: Code Cache Roots            46 us, workers (us):  32,  14,   0, ---, ---, ---, 
[358.337s][info][gc,stats    ]     CWR: VM Weak Roots               41 us, workers (us):  14,  14,  13, ---, ---, ---, 
[358.337s][info][gc,stats    ]     CWR: CLDG Roots                   1 us, workers (us): ---, ---,   1, ---, ---, ---, 
[358.337s][info][gc,stats    ]   Rendezvous                         23 us
[358.337s][info][gc,stats    ] Concurrent Cleanup                   81 us
[358.337s][info][gc,stats    ] Concurrent Class Unloading          252 us
[358.337s][info][gc,stats    ]   Unlink Stale                      146 us
[358.337s][info][gc,stats    ]     System Dictionary                 1 us
[358.337s][info][gc,stats    ]     Weak Class Links                  0 us
[358.337s][info][gc,stats    ]     Code Roots                      144 us
[358.337s][info][gc,stats    ]   Rendezvous                         21 us
[358.337s][info][gc,stats    ]   Purge Unlinked                     55 us
[358.337s][info][gc,stats    ]     Code Roots                       52 us
[358.337s][info][gc,stats    ]     CLDG                              3 us
[358.337s][info][gc,stats    ]     Exception Caches                  0 us
[358.337s][info][gc,stats    ] Pause Final Roots (G)                84 us
[358.337s][info][gc,stats    ] Pause Final Roots (N)                28 us
[358.337s][info][gc,stats    ] Pacing                           106622 us
[358.337s][info][gc,stats    ] 
[358.337s][info][gc,stats    ] Allocation pacing accrued:
[358.337s][info][gc,stats    ]     107 of  6035 ms (  1.8%): main
[358.337s][info][gc,stats    ]     107 of  6035 ms (  1.8%): <total>
[358.337s][info][gc,stats    ]       8 of  6035 ms (  0.1%): <average total>
[358.337s][info][gc,stats    ]     107 of  6035 ms (  1.8%): <average non-zero>
[358.337s][info][gc,stats    ] 
[358.337s][info][gc,metaspace] Metaspace: 1071K(1280K)->1071K(1280K) NonClass: 989K(1088K)->989K(1088K) Class: 81K(192K)->81K(192K)
[358.337s][info][gc,ergo     ] Pacer for Idle. Initial: 20971K, Alloc Tax Rate: 1.0x
[362.777s][info][gc          ] Trigger: Average GC time (3.07 ms) is above the time for average allocation rate (158 MB/s) to deplete free headroom (0B) (margin of error = 2.32)
[362.777s][info][gc,ergo     ] Free headroom: 124M (free) - 52428K (spike) - 94371K (penalties) = 0B
[362.777s][info][gc,ergo     ] Free: 124M, Max: 512K regular, 82944K humongous, Frag: 35% external, 0% internal; Reserve: 52736K, Max: 512K
[362.777s][info][gc,start    ] GC(69) Concurrent reset
[362.777s][info][gc,task     ] GC(69) Using 3 of 6 workers for concurrent reset
[362.777s][info][gc,ergo     ] GC(69) Pacer for Reset. Non-Taxable: 1024M
[362.777s][info][gc          ] GC(69) Concurrent reset 0.221ms
[362.777s][info][gc,start    ] GC(69) Pause Init Mark (unload classes)
[362.777s][info][gc,task     ] GC(69) Using 6 of 6 workers for init marking
[362.777s][info][gc,ergo     ] GC(69) Pacer for Mark. Expected Live: 84153K, Free: 124M, Non-Taxable: 12748K, Alloc Tax Rate: 0.8x
[362.777s][info][gc          ] GC(69) Pause Init Mark (unload classes) 0.097ms
[362.777s][info][gc,start    ] GC(69) Concurrent marking roots
[362.777s][info][gc,task     ] GC(69) Using 3 of 6 workers for concurrent marking roots
[362.777s][info][gc          ] GC(69) Concurrent marking roots 0.251ms
[362.777s][info][gc,start    ] GC(69) Concurrent marking (unload classes)
[362.777s][info][gc,task     ] GC(69) Using 3 of 6 workers for concurrent marking
[362.778s][info][gc          ] GC(69) Concurrent marking (unload classes) 0.772ms
[362.778s][info][gc,start    ] GC(69) Pause Final Mark (unload classes)
[362.778s][info][gc,task     ] GC(69) Using 6 of 6 workers for final marking
[362.778s][info][gc,ergo     ] GC(69) Collectable Garbage: 561M (99%), Immediate: 561M (99%), CSet: 0B (0%)
[362.778s][info][gc          ] GC(69) Pause Final Mark (unload classes) 0.149ms
[362.779s][info][gc,start    ] GC(69) Concurrent weak references
[362.779s][info][gc,task     ] GC(69) Using 3 of 6 workers for concurrent weak references
[362.779s][info][gc,ref      ] GC(69) Encountered references: Soft: 45, Weak: 116, Final: 0, Phantom: 7
[362.779s][info][gc,ref      ] GC(69) Discovered  references: Soft: 0, Weak: 73, Final: 0, Phantom: 5
[362.779s][info][gc,ref      ] GC(69) Enqueued    references: Soft: 0, Weak: 0, Final: 0, Phantom: 0
[362.779s][info][gc          ] GC(69) Concurrent weak references 0.082ms
[362.779s][info][gc,start    ] GC(69) Concurrent weak roots
[362.779s][info][gc,task     ] GC(69) Using 3 of 6 workers for concurrent weak root
[362.779s][info][gc          ] GC(69) Concurrent weak roots 0.136ms
[362.779s][info][gc,start    ] GC(69) Concurrent cleanup
[362.779s][info][gc          ] GC(69) Concurrent cleanup 828M->266M(1024M) 0.062ms
[362.779s][info][gc,ergo     ] GC(69) Free: 703M, Max: 512K regular, 233M humongous, Frag: 67% external, 0% internal; Reserve: 52736K, Max: 512K
[362.779s][info][gc,start    ] GC(69) Concurrent class unloading
[362.779s][info][gc,task     ] GC(69) Using 3 of 6 workers for concurrent class unloading
[362.779s][info][gc          ] GC(69) Concurrent class unloading 0.248ms
[362.779s][info][gc,start    ] GC(69) Pause Final Roots
[362.779s][info][gc          ] GC(69) Pause Final Roots 0.019ms
[362.779s][info][gc,ergo     ] Free: 703M, Max: 512K regular, 233M humongous, Frag: 67% external, 0% internal; Reserve: 52736K, Max: 512K
[362.779s][info][gc,stats    ] 
[362.779s][info][gc,stats    ] All times are wall-clock times, except per-root-class counters, that are sum over
[362.779s][info][gc,stats    ] all workers. Dividing the <total> over the root stage time estimates parallelism.
[362.779s][info][gc,stats    ] 
[362.779s][info][gc,stats    ] Concurrent Reset                    237 us
[362.779s][info][gc,stats    ] Pause Init Mark (G)                 137 us
[362.779s][info][gc,stats    ] Pause Init Mark (N)                 106 us
[362.779s][info][gc,stats    ]   Update Region States               49 us
[362.779s][info][gc,stats    ] Concurrent Mark Roots               267 us, parallelism: 1.31x
[362.779s][info][gc,stats    ]   CMR: <total>                      349 us
[362.779s][info][gc,stats    ]   CMR: Thread Roots                 312 us, workers (us):  36,  69, 207, ---, ---, ---, 
[362.779s][info][gc,stats    ]   CMR: VM Strong Roots                4 us, workers (us):   4,   0,   0, ---, ---, ---, 
[362.779s][info][gc,stats    ]   CMR: CLDG Roots                    33 us, workers (us):  33, ---, ---, ---, ---, ---, 
[362.779s][info][gc,stats    ] Concurrent Marking                  793 us
[362.779s][info][gc,stats    ] Pause Final Mark (G)                237 us
[362.779s][info][gc,stats    ] Pause Final Mark (N)                159 us
[362.779s][info][gc,stats    ]   Finish Mark                        31 us
[362.779s][info][gc,stats    ]   Update Region States               32 us
[362.779s][info][gc,stats    ]   Choose Collection Set              41 us
[362.779s][info][gc,stats    ]   Rebuild Free Set                    8 us
[362.779s][info][gc,stats    ] Concurrent Weak References           90 us, parallelism: 0.06x
[362.779s][info][gc,stats    ]   CWRF: <total>                       5 us
[362.779s][info][gc,stats    ]   CWRF: Weak References               5 us, workers (us):   4,   1,   1, ---, ---, ---, 
[362.779s][info][gc,stats    ] Concurrent Weak Roots               154 us
[362.779s][info][gc,stats    ]   Roots                              94 us, parallelism: 1.29x
[362.779s][info][gc,stats    ]     CWR: <total>                    122 us
[362.779s][info][gc,stats    ]     CWR: Code Cache Roots            65 us, workers (us):   0,  50,  16, ---, ---, ---, 
[362.779s][info][gc,stats    ]     CWR: VM Weak Roots               55 us, workers (us):  20,  18,  17, ---, ---, ---, 
[362.779s][info][gc,stats    ]     CWR: CLDG Roots                   1 us, workers (us):   1, ---, ---, ---, ---, ---, 
[362.779s][info][gc,stats    ]   Rendezvous                         25 us
[362.779s][info][gc,stats    ] Concurrent Cleanup                   72 us
[362.779s][info][gc,stats    ] Concurrent Class Unloading          264 us
[362.779s][info][gc,stats    ]   Unlink Stale                      160 us
[362.779s][info][gc,stats    ]     System Dictionary                 1 us
[362.779s][info][gc,stats    ]     Weak Class Links                  0 us
[362.779s][info][gc,stats    ]     Code Roots                      158 us
[362.779s][info][gc,stats    ]   Rendezvous                         30 us
[362.779s][info][gc,stats    ]   Purge Unlinked                     25 us
[362.780s][info][gc,stats    ]     Code Roots                       22 us
[362.780s][info][gc,stats    ]     CLDG                              2 us
[362.780s][info][gc,stats    ]     Exception Caches                  0 us
[362.780s][info][gc,stats    ] Pause Final Roots (G)                52 us
[362.780s][info][gc,stats    ] Pause Final Roots (N)                28 us
[362.780s][info][gc,stats    ] Pacing                           113320 us
[362.780s][info][gc,stats    ] 
[362.780s][info][gc,stats    ] Allocation pacing accrued:
[362.780s][info][gc,stats    ]     113 of  4443 ms (  2.6%): main
[362.780s][info][gc,stats    ]     113 of  4443 ms (  2.6%): <total>
[362.780s][info][gc,stats    ]       9 of  4443 ms (  0.2%): <average total>
[362.780s][info][gc,stats    ]     113 of  4443 ms (  2.6%): <average non-zero>
[362.780s][info][gc,stats    ] 
[362.780s][info][gc,metaspace] Metaspace: 1071K(1280K)->1071K(1280K) NonClass: 989K(1088K)->989K(1088K) Class: 81K(192K)->81K(192K)
[362.780s][info][gc,ergo     ] Pacer for Idle. Initial: 20971K, Alloc Tax Rate: 1.0x
[368.357s][info][gc          ] Trigger: Free (89600K) is below minimum threshold (102M)
[368.357s][info][gc,ergo     ] Free: 89600K, Max: 512K regular, 52736K humongous, Frag: 42% external, 0% internal; Reserve: 52736K, Max: 512K
[368.357s][info][gc,start    ] GC(70) Concurrent reset
[368.357s][info][gc,task     ] GC(70) Using 3 of 6 workers for concurrent reset
[368.357s][info][gc,ergo     ] GC(70) Pacer for Reset. Non-Taxable: 1024M
[368.358s][info][gc          ] GC(70) Concurrent reset 0.364ms
[368.358s][info][gc,start    ] GC(70) Pause Init Mark (unload classes)
[368.358s][info][gc,task     ] GC(70) Using 6 of 6 workers for init marking
[368.358s][info][gc,ergo     ] GC(70) Pacer for Mark. Expected Live: 110M, Free: 89600K, Non-Taxable: 8960K, Alloc Tax Rate: 1.5x
[368.358s][info][gc          ] GC(70) Pause Init Mark (unload classes) 0.082ms
[368.358s][info][gc,start    ] GC(70) Concurrent marking roots
[368.358s][info][gc,task     ] GC(70) Using 3 of 6 workers for concurrent marking roots
[368.358s][info][gc          ] GC(70) Concurrent marking roots 0.245ms
[368.358s][info][gc,start    ] GC(70) Concurrent marking (unload classes)
[368.358s][info][gc,task     ] GC(70) Using 3 of 6 workers for concurrent marking
[368.359s][info][gc          ] GC(70) Concurrent marking (unload classes) 0.771ms
[368.359s][info][gc,start    ] GC(70) Pause Final Mark (unload classes)
[368.359s][info][gc,task     ] GC(70) Using 6 of 6 workers for final marking
[368.359s][info][gc,ergo     ] GC(70) Collectable Garbage: 780M (99%), Immediate: 780M (99%), CSet: 0B (0%)
[368.359s][info][gc          ] GC(70) Pause Final Mark (unload classes) 0.141ms
[368.359s][info][gc,start    ] GC(70) Concurrent weak references
[368.359s][info][gc,task     ] GC(70) Using 3 of 6 workers for concurrent weak references
[368.359s][info][gc,ref      ] GC(70) Encountered references: Soft: 45, Weak: 116, Final: 0, Phantom: 7
[368.359s][info][gc,ref      ] GC(70) Discovered  references: Soft: 0, Weak: 95, Final: 0, Phantom: 5
[368.359s][info][gc,ref      ] GC(70) Enqueued    references: Soft: 0, Weak: 0, Final: 0, Phantom: 0
[368.359s][info][gc          ] GC(70) Concurrent weak references 0.079ms
[368.359s][info][gc,start    ] GC(70) Concurrent weak roots
[368.359s][info][gc,task     ] GC(70) Using 3 of 6 workers for concurrent weak root
[368.359s][info][gc          ] GC(70) Concurrent weak roots 0.117ms
[368.359s][info][gc,start    ] GC(70) Concurrent cleanup
[368.359s][info][gc          ] GC(70) Concurrent cleanup 862M->81M(1024M) 0.079ms
[368.359s][info][gc,ergo     ] GC(70) Free: 889M, Max: 512K regular, 420M humongous, Frag: 53% external, 0% internal; Reserve: 52736K, Max: 512K
[368.359s][info][gc,start    ] GC(70) Concurrent class unloading
[368.359s][info][gc,task     ] GC(70) Using 3 of 6 workers for concurrent class unloading
[368.360s][info][gc          ] GC(70) Concurrent class unloading 0.229ms
[368.360s][info][gc,start    ] GC(70) Pause Final Roots
[368.360s][info][gc          ] GC(70) Pause Final Roots 0.016ms
[368.360s][info][gc,ergo     ] Free: 889M, Max: 512K regular, 420M humongous, Frag: 53% external, 0% internal; Reserve: 52736K, Max: 512K
[368.360s][info][gc,stats    ] 
[368.360s][info][gc,stats    ] All times are wall-clock times, except per-root-class counters, that are sum over
[368.360s][info][gc,stats    ] all workers. Dividing the <total> over the root stage time estimates parallelism.
[368.360s][info][gc,stats    ] 
[368.360s][info][gc,stats    ] Concurrent Reset                    390 us
[368.360s][info][gc,stats    ] Pause Init Mark (G)                 124 us
[368.360s][info][gc,stats    ] Pause Init Mark (N)                  91 us
[368.360s][info][gc,stats    ]   Update Region States               29 us
[368.360s][info][gc,stats    ] Concurrent Mark Roots               261 us, parallelism: 1.31x
[368.360s][info][gc,stats    ]   CMR: <total>                      342 us
[368.360s][info][gc,stats    ]   CMR: Thread Roots                 296 us, workers (us): 196,  65,  35, ---, ---, ---, 
[368.360s][info][gc,stats    ]   CMR: VM Strong Roots               12 us, workers (us):   2,   9,   1, ---, ---, ---, 
[368.360s][info][gc,stats    ]   CMR: CLDG Roots                    34 us, workers (us): ---, ---,  34, ---, ---, ---, 
[368.360s][info][gc,stats    ] Concurrent Marking                  788 us
[368.360s][info][gc,stats    ] Pause Final Mark (G)                182 us
[368.360s][info][gc,stats    ] Pause Final Mark (N)                151 us
[368.360s][info][gc,stats    ]   Finish Mark                        30 us
[368.360s][info][gc,stats    ]   Update Region States               31 us
[368.360s][info][gc,stats    ]   Choose Collection Set              43 us
[368.360s][info][gc,stats    ]   Rebuild Free Set                    8 us
[368.360s][info][gc,stats    ] Concurrent Weak References           88 us, parallelism: 0.05x
[368.360s][info][gc,stats    ]   CWRF: <total>                       5 us
[368.360s][info][gc,stats    ]   CWRF: Weak References               5 us, workers (us):   1,   4,   0, ---, ---, ---, 
[368.360s][info][gc,stats    ] Concurrent Weak Roots               134 us
[368.360s][info][gc,stats    ]   Roots                              73 us, parallelism: 1.33x
[368.360s][info][gc,stats    ]     CWR: <total>                     97 us
[368.360s][info][gc,stats    ]     CWR: Code Cache Roots            52 us, workers (us):  17,  35,   0, ---, ---, ---, 
[368.360s][info][gc,stats    ]     CWR: VM Weak Roots               44 us, workers (us):  16,  15,  13, ---, ---, ---, 
[368.360s][info][gc,stats    ]     CWR: CLDG Roots                   1 us, workers (us): ---, ---,   1, ---, ---, ---, 
[368.360s][info][gc,stats    ]   Rendezvous                         24 us
[368.360s][info][gc,stats    ] Concurrent Cleanup                   89 us
[368.360s][info][gc,stats    ] Concurrent Class Unloading          243 us
[368.360s][info][gc,stats    ]   Unlink Stale                      163 us
[368.360s][info][gc,stats    ]     System Dictionary                 1 us
[368.360s][info][gc,stats    ]     Weak Class Links                  0 us
[368.360s][info][gc,stats    ]     Code Roots                      161 us
[368.360s][info][gc,stats    ]   Rendezvous                         24 us
[368.360s][info][gc,stats    ]   Purge Unlinked                     25 us
[368.360s][info][gc,stats    ]     Code Roots                       22 us
[368.360s][info][gc,stats    ]     CLDG                              3 us
[368.360s][info][gc,stats    ]     Exception Caches                  0 us
[368.360s][info][gc,stats    ] Pause Final Roots (G)                45 us
[368.360s][info][gc,stats    ] Pause Final Roots (N)                24 us
[368.360s][info][gc,stats    ] Pacing                            78374 us
[368.360s][info][gc,stats    ] 
[368.360s][info][gc,stats    ] Allocation pacing accrued:
[368.360s][info][gc,stats    ]      78 of  5581 ms (  1.4%): main
[368.360s][info][gc,stats    ]      78 of  5581 ms (  1.4%): <total>
[368.360s][info][gc,stats    ]       6 of  5581 ms (  0.1%): <average total>
[368.360s][info][gc,stats    ]      78 of  5581 ms (  1.4%): <average non-zero>
[368.360s][info][gc,stats    ] 
[368.360s][info][gc,metaspace] Metaspace: 1071K(1280K)->1071K(1280K) NonClass: 989K(1088K)->989K(1088K) Class: 81K(192K)->81K(192K)
[368.360s][info][gc,ergo     ] Pacer for Idle. Initial: 20971K, Alloc Tax Rate: 1.0x
[373.675s][info][gc          ] Trigger: Average GC time (2.72 ms) is above the time for average allocation rate (61088 KB/s) to deplete free headroom (0B) (margin of error = 2.34)
[373.675s][info][gc,ergo     ] Free headroom: 119M (free) - 52428K (spike) - 73400K (penalties) = 0B
[373.675s][info][gc,ergo     ] Free: 119M, Max: 512K regular, 80384K humongous, Frag: 35% external, 0% internal; Reserve: 52736K, Max: 512K
[373.675s][info][gc,start    ] GC(71) Concurrent reset
[373.675s][info][gc,task     ] GC(71) Using 3 of 6 workers for concurrent reset
[373.675s][info][gc,ergo     ] GC(71) Pacer for Reset. Non-Taxable: 1024M
[373.675s][info][gc          ] GC(71) Concurrent reset 0.183ms
[373.675s][info][gc,start    ] GC(71) Pause Init Mark (unload classes)
[373.675s][info][gc,task     ] GC(71) Using 6 of 6 workers for init marking
[373.675s][info][gc,ergo     ] GC(71) Pacer for Mark. Expected Live: 114M, Free: 119M, Non-Taxable: 12236K, Alloc Tax Rate: 1.2x
[373.675s][info][gc          ] GC(71) Pause Init Mark (unload classes) 0.081ms
[373.675s][info][gc,start    ] GC(71) Concurrent marking roots
[373.675s][info][gc,task     ] GC(71) Using 3 of 6 workers for concurrent marking roots
[373.676s][info][gc          ] GC(71) Concurrent marking roots 0.335ms
[373.676s][info][gc,start    ] GC(71) Concurrent marking (unload classes)
[373.676s][info][gc,task     ] GC(71) Using 3 of 6 workers for concurrent marking
[373.676s][info][gc          ] GC(71) Concurrent marking (unload classes) 0.733ms
[373.676s][info][gc,start    ] GC(71) Pause Final Mark (unload classes)
[373.676s][info][gc,task     ] GC(71) Using 6 of 6 workers for final marking
[373.677s][info][gc,ergo     ] GC(71) Collectable Garbage: 712M (99%), Immediate: 712M (99%), CSet: 0B (0%)
[373.677s][info][gc          ] GC(71) Pause Final Mark (unload classes) 0.180ms
[373.677s][info][gc,start    ] GC(71) Concurrent weak references
[373.677s][info][gc,task     ] GC(71) Using 3 of 6 workers for concurrent weak references
[373.677s][info][gc,ref      ] GC(71) Encountered references: Soft: 45, Weak: 116, Final: 0, Phantom: 7
[373.677s][info][gc,ref      ] GC(71) Discovered  references: Soft: 0, Weak: 68, Final: 0, Phantom: 5
[373.677s][info][gc,ref      ] GC(71) Enqueued    references: Soft: 0, Weak: 0, Final: 0, Phantom: 0
[373.677s][info][gc          ] GC(71) Concurrent weak references 0.079ms
[373.677s][info][gc,start    ] GC(71) Concurrent weak roots
[373.677s][info][gc,task     ] GC(71) Using 3 of 6 workers for concurrent weak root
[373.677s][info][gc          ] GC(71) Concurrent weak roots 0.146ms
[373.677s][info][gc,start    ] GC(71) Concurrent cleanup
[373.677s][info][gc          ] GC(71) Concurrent cleanup 830M->117M(1024M) 0.072ms
[373.677s][info][gc,ergo     ] GC(71) Free: 853M, Max: 512K regular, 387M humongous, Frag: 55% external, 0% internal; Reserve: 52736K, Max: 512K
[373.677s][info][gc,start    ] GC(71) Concurrent class unloading
[373.677s][info][gc,task     ] GC(71) Using 3 of 6 workers for concurrent class unloading
[373.677s][info][gc          ] GC(71) Concurrent class unloading 0.310ms
[373.677s][info][gc,start    ] GC(71) Pause Final Roots
[373.677s][info][gc          ] GC(71) Pause Final Roots 0.017ms
[373.677s][info][gc,ergo     ] Free: 853M, Max: 512K regular, 387M humongous, Frag: 55% external, 0% internal; Reserve: 52736K, Max: 512K
[373.677s][info][gc,stats    ] 
[373.677s][info][gc,stats    ] All times are wall-clock times, except per-root-class counters, that are sum over
[373.677s][info][gc,stats    ] all workers. Dividing the <total> over the root stage time estimates parallelism.
[373.677s][info][gc,stats    ] 
[373.677s][info][gc,stats    ] Concurrent Reset                    204 us
[373.677s][info][gc,stats    ] Pause Init Mark (G)                 124 us
[373.677s][info][gc,stats    ] Pause Init Mark (N)                  90 us
[373.677s][info][gc,stats    ]   Update Region States               24 us
[373.677s][info][gc,stats    ] Concurrent Mark Roots               364 us, parallelism: 1.09x
[373.677s][info][gc,stats    ]   CMR: <total>                      398 us
[373.677s][info][gc,stats    ]   CMR: Thread Roots                 352 us, workers (us):  68, 225,  59, ---, ---, ---, 
[373.677s][info][gc,stats    ]   CMR: VM Strong Roots                5 us, workers (us):   2,   1,   1, ---, ---, ---, 
[373.677s][info][gc,stats    ]   CMR: CLDG Roots                    41 us, workers (us): ---,  41, ---, ---, ---, ---, 
[373.677s][info][gc,stats    ] Concurrent Marking                  751 us
[373.677s][info][gc,stats    ] Pause Final Mark (G)                228 us
[373.677s][info][gc,stats    ] Pause Final Mark (N)                190 us
[373.677s][info][gc,stats    ]   Finish Mark                        48 us
[373.677s][info][gc,stats    ]   Update Region States               48 us
[373.677s][info][gc,stats    ]   Choose Collection Set              46 us
[373.677s][info][gc,stats    ]   Rebuild Free Set                    8 us
[373.677s][info][gc,stats    ] Concurrent Weak References           87 us, parallelism: 0.04x
[373.678s][info][gc,stats    ]   CWRF: <total>                       4 us
[373.678s][info][gc,stats    ]   CWRF: Weak References               4 us, workers (us):   4,   0,   0, ---, ---, ---, 
[373.678s][info][gc,stats    ] Concurrent Weak Roots               158 us
[373.678s][info][gc,stats    ]   Roots                              69 us, parallelism: 1.31x
[373.678s][info][gc,stats    ]     CWR: <total>                     90 us
[373.678s][info][gc,stats    ]     CWR: Code Cache Roots            48 us, workers (us):  15,   0,  33, ---, ---, ---, 
[373.678s][info][gc,stats    ]     CWR: VM Weak Roots               42 us, workers (us):  14,  14,  14, ---, ---, ---, 
[373.678s][info][gc,stats    ]     CWR: CLDG Roots                   1 us, workers (us): ---,   1, ---, ---, ---, ---, 
[373.678s][info][gc,stats    ]   Rendezvous                         60 us
[373.678s][info][gc,stats    ] Concurrent Cleanup                   82 us
[373.678s][info][gc,stats    ] Concurrent Class Unloading          328 us
[373.678s][info][gc,stats    ]   Unlink Stale                      158 us
[373.678s][info][gc,stats    ]     System Dictionary                 1 us
[373.678s][info][gc,stats    ]     Weak Class Links                  0 us
[373.678s][info][gc,stats    ]     Code Roots                      156 us
[373.678s][info][gc,stats    ]   Rendezvous                         24 us
[373.678s][info][gc,stats    ]   Purge Unlinked                     28 us
[373.678s][info][gc,stats    ]     Code Roots                       25 us
[373.678s][info][gc,stats    ]     CLDG                              4 us
[373.678s][info][gc,stats    ]     Exception Caches                  0 us
[373.678s][info][gc,stats    ] Pause Final Roots (G)                48 us
[373.678s][info][gc,stats    ] Pause Final Roots (N)                25 us
[373.678s][info][gc,stats    ] Pacing                           133822 us
[373.678s][info][gc,stats    ] 
[373.678s][info][gc,stats    ] Allocation pacing accrued:
[373.678s][info][gc,stats    ]     134 of  5318 ms (  2.5%): main
[373.678s][info][gc,stats    ]     134 of  5318 ms (  2.5%): <total>
[373.678s][info][gc,stats    ]      10 of  5318 ms (  0.2%): <average total>
[373.678s][info][gc,stats    ]     134 of  5318 ms (  2.5%): <average non-zero>
[373.678s][info][gc,stats    ] 
[373.678s][info][gc,metaspace] Metaspace: 1071K(1280K)->1071K(1280K) NonClass: 989K(1088K)->989K(1088K) Class: 81K(192K)->81K(192K)
[373.678s][info][gc,ergo     ] Pacer for Idle. Initial: 20971K, Alloc Tax Rate: 1.0x
[379.595s][info][gc          ] Trigger: Average GC time (2.64 ms) is above the time for average allocation rate (83639 KB/s) to deplete free headroom (0B) (margin of error = 2.34)
[379.595s][info][gc,ergo     ] Free headroom: 104M (free) - 52428K (spike) - 62914K (penalties) = 0B
[379.595s][info][gc,ergo     ] Free: 104M, Max: 512K regular, 100864K humongous, Frag: 6% external, 0% internal; Reserve: 52736K, Max: 512K
[379.595s][info][gc,start    ] GC(72) Concurrent reset
[379.595s][info][gc,task     ] GC(72) Using 3 of 6 workers for concurrent reset
[379.595s][info][gc,ergo     ] GC(72) Pacer for Reset. Non-Taxable: 1024M
[379.595s][info][gc          ] GC(72) Concurrent reset 0.299ms
[379.595s][info][gc,start    ] GC(72) Pause Init Mark (unload classes)
[379.595s][info][gc,task     ] GC(72) Using 6 of 6 workers for init marking
[379.595s][info][gc,ergo     ] GC(72) Pacer for Mark. Expected Live: 111M, Free: 104M, Non-Taxable: 10700K, Alloc Tax Rate: 1.3x
[379.596s][info][gc          ] GC(72) Pause Init Mark (unload classes) 0.142ms
[379.596s][info][gc,start    ] GC(72) Concurrent marking roots
[379.596s][info][gc,task     ] GC(72) Using 3 of 6 workers for concurrent marking roots
[379.596s][info][gc          ] GC(72) Concurrent marking roots 0.337ms
[379.596s][info][gc,start    ] GC(72) Concurrent marking (unload classes)
[379.596s][info][gc,task     ] GC(72) Using 3 of 6 workers for concurrent marking
[379.597s][info][gc          ] GC(72) Concurrent marking (unload classes) 1.097ms
[379.597s][info][gc,start    ] GC(72) Pause Final Mark (unload classes)
[379.597s][info][gc,task     ] GC(72) Using 6 of 6 workers for final marking
[379.597s][info][gc,ergo     ] GC(72) Collectable Garbage: 822M (99%), Immediate: 822M (99%), CSet: 0B (0%)
[379.597s][info][gc          ] GC(72) Pause Final Mark (unload classes) 0.208ms
[379.597s][info][gc,start    ] GC(72) Concurrent weak references
[379.597s][info][gc,task     ] GC(72) Using 3 of 6 workers for concurrent weak references
[379.597s][info][gc,ref      ] GC(72) Encountered references: Soft: 45, Weak: 116, Final: 0, Phantom: 7
[379.597s][info][gc,ref      ] GC(72) Discovered  references: Soft: 0, Weak: 84, Final: 0, Phantom: 5
[379.597s][info][gc,ref      ] GC(72) Enqueued    references: Soft: 0, Weak: 0, Final: 0, Phantom: 0
[379.597s][info][gc          ] GC(72) Concurrent weak references 0.129ms
[379.597s][info][gc,start    ] GC(72) Concurrent weak roots
[379.597s][info][gc,task     ] GC(72) Using 3 of 6 workers for concurrent weak root
[379.598s][info][gc          ] GC(72) Concurrent weak roots 0.160ms
[379.598s][info][gc,start    ] GC(72) Concurrent cleanup
[379.598s][info][gc          ] GC(72) Concurrent cleanup 844M->21M(1024M) 0.100ms
[379.598s][info][gc,ergo     ] GC(72) Free: 950M, Max: 512K regular, 780M humongous, Frag: 18% external, 0% internal; Reserve: 52736K, Max: 512K
[379.598s][info][gc,start    ] GC(72) Concurrent class unloading
[379.598s][info][gc,task     ] GC(72) Using 3 of 6 workers for concurrent class unloading
[379.598s][info][gc          ] GC(72) Concurrent class unloading 0.359ms
[379.598s][info][gc,start    ] GC(72) Pause Final Roots
[379.598s][info][gc          ] GC(72) Pause Final Roots 0.025ms
[379.598s][info][gc,ergo     ] Free: 950M, Max: 512K regular, 780M humongous, Frag: 18% external, 0% internal; Reserve: 52736K, Max: 512K
[379.598s][info][gc,stats    ] 
[379.598s][info][gc,stats    ] All times are wall-clock times, except per-root-class counters, that are sum over
[379.598s][info][gc,stats    ] all workers. Dividing the <total> over the root stage time estimates parallelism.
[379.598s][info][gc,stats    ] 
[379.598s][info][gc,stats    ] Concurrent Reset                    329 us
[379.598s][info][gc,stats    ] Pause Init Mark (G)                 197 us
[379.598s][info][gc,stats    ] Pause Init Mark (N)                 154 us
[379.598s][info][gc,stats    ]   Update Region States               71 us
[379.598s][info][gc,stats    ] Concurrent Mark Roots               363 us, parallelism: 1.27x
[379.598s][info][gc,stats    ]   CMR: <total>                      462 us
[379.598s][info][gc,stats    ]   CMR: Thread Roots                 399 us, workers (us):  97,  84, 219, ---, ---, ---, 
[379.598s][info][gc,stats    ]   CMR: VM Strong Roots                8 us, workers (us):   2,   4,   2, ---, ---, ---, 
[379.598s][info][gc,stats    ]   CMR: CLDG Roots                    55 us, workers (us): ---, ---,  55, ---, ---, ---, 
[379.599s][info][gc,stats    ] Concurrent Marking                 1142 us
[379.599s][info][gc,stats    ] Pause Final Mark (G)                273 us
[379.599s][info][gc,stats    ] Pause Final Mark (N)                224 us
[379.599s][info][gc,stats    ]   Finish Mark                        48 us
[379.599s][info][gc,stats    ]   Update Region States               36 us
[379.599s][info][gc,stats    ]   Choose Collection Set              66 us
[379.599s][info][gc,stats    ]   Rebuild Free Set                   15 us
[379.599s][info][gc,stats    ] Concurrent Weak References          142 us, parallelism: 0.08x
[379.599s][info][gc,stats    ]   CWRF: <total>                      12 us
[379.599s][info][gc,stats    ]   CWRF: Weak References              12 us, workers (us):  11,   1,   0, ---, ---, ---, 
[379.599s][info][gc,stats    ] Concurrent Weak Roots               176 us
[379.599s][info][gc,stats    ]   Roots                             104 us, parallelism: 1.65x
[379.599s][info][gc,stats    ]     CWR: <total>                    171 us
[379.599s][info][gc,stats    ]     CWR: Code Cache Roots            83 us, workers (us):  58,  26,   0, ---, ---, ---, 
[379.599s][info][gc,stats    ]     CWR: VM Weak Roots               87 us, workers (us):  22,  22,  43, ---, ---, ---, 
[379.599s][info][gc,stats    ]     CWR: CLDG Roots                   1 us, workers (us): ---,   1, ---, ---, ---, ---, 
[379.599s][info][gc,stats    ]   Rendezvous                         31 us
[379.599s][info][gc,stats    ] Concurrent Cleanup                  116 us
[379.599s][info][gc,stats    ] Concurrent Class Unloading          387 us
[379.599s][info][gc,stats    ]   Unlink Stale                      265 us
[379.599s][info][gc,stats    ]     System Dictionary                 2 us
[379.599s][info][gc,stats    ]     Weak Class Links                  0 us
[379.599s][info][gc,stats    ]     Code Roots                      262 us
[379.599s][info][gc,stats    ]   Rendezvous                         34 us
[379.599s][info][gc,stats    ]   Purge Unlinked                     34 us
[379.599s][info][gc,stats    ]     Code Roots                       28 us
[379.599s][info][gc,stats    ]     CLDG                              6 us
[379.599s][info][gc,stats    ]     Exception Caches                  0 us
[379.599s][info][gc,stats    ] Pause Final Roots (G)                66 us
[379.599s][info][gc,stats    ] Pause Final Roots (N)                39 us
[379.599s][info][gc,stats    ] Pacing                            93247 us
[379.599s][info][gc,stats    ] 
[379.599s][info][gc,stats    ] Allocation pacing accrued:
[379.599s][info][gc,stats    ]      93 of  5921 ms (  1.6%): main
[379.599s][info][gc,stats    ]      93 of  5921 ms (  1.6%): <total>
[379.599s][info][gc,stats    ]       7 of  5921 ms (  0.1%): <average total>
[379.599s][info][gc,stats    ]      93 of  5921 ms (  1.6%): <average non-zero>
[379.599s][info][gc,stats    ] 
[379.599s][info][gc,metaspace] Metaspace: 1071K(1280K)->1071K(1280K) NonClass: 989K(1088K)->989K(1088K) Class: 81K(192K)->81K(192K)
[379.599s][info][gc,ergo     ] Pacer for Idle. Initial: 20971K, Alloc Tax Rate: 1.0x
[385.561s][info][gc          ] Trigger: Free (63488K) is below minimum threshold (102M)
[385.561s][info][gc,ergo     ] Free: 63488K, Max: 512K regular, 49152K humongous, Frag: 23% external, 0% internal; Reserve: 52736K, Max: 512K
[385.561s][info][gc,start    ] GC(73) Concurrent reset
[385.561s][info][gc,task     ] GC(73) Using 3 of 6 workers for concurrent reset
[385.561s][info][gc,ergo     ] GC(73) Pacer for Reset. Non-Taxable: 1024M
[385.561s][info][gc          ] GC(73) Concurrent reset 0.208ms
[385.561s][info][gc,start    ] GC(73) Pause Init Mark (unload classes)
[385.561s][info][gc,task     ] GC(73) Using 6 of 6 workers for init marking
[385.562s][info][gc,ergo     ] GC(73) Pacer for Mark. Expected Live: 111M, Free: 63488K, Non-Taxable: 6348K, Alloc Tax Rate: 2.2x
[385.562s][info][gc          ] GC(73) Pause Init Mark (unload classes) 0.095ms
[385.562s][info][gc,start    ] GC(73) Concurrent marking roots
[385.562s][info][gc,task     ] GC(73) Using 3 of 6 workers for concurrent marking roots
[385.562s][info][gc          ] GC(73) Concurrent marking roots 0.288ms
[385.562s][info][gc,start    ] GC(73) Concurrent marking (unload classes)
[385.562s][info][gc,task     ] GC(73) Using 3 of 6 workers for concurrent marking
[385.563s][info][gc          ] GC(73) Concurrent marking (unload classes) 0.661ms
[385.563s][info][gc,start    ] GC(73) Pause Final Mark (unload classes)
[385.563s][info][gc,task     ] GC(73) Using 6 of 6 workers for final marking
[385.563s][info][gc,ergo     ] GC(73) Collectable Garbage: 811M (99%), Immediate: 811M (99%), CSet: 0B (0%)
[385.563s][info][gc          ] GC(73) Pause Final Mark (unload classes) 0.176ms
[385.563s][info][gc,start    ] GC(73) Concurrent weak references
[385.563s][info][gc,task     ] GC(73) Using 3 of 6 workers for concurrent weak references
[385.563s][info][gc,ref      ] GC(73) Encountered references: Soft: 45, Weak: 116, Final: 0, Phantom: 7
[385.563s][info][gc,ref      ] GC(73) Discovered  references: Soft: 0, Weak: 68, Final: 0, Phantom: 5
[385.563s][info][gc,ref      ] GC(73) Enqueued    references: Soft: 0, Weak: 0, Final: 0, Phantom: 0
[385.563s][info][gc          ] GC(73) Concurrent weak references 0.091ms
[385.563s][info][gc,start    ] GC(73) Concurrent weak roots
[385.563s][info][gc,task     ] GC(73) Using 3 of 6 workers for concurrent weak root
[385.563s][info][gc          ] GC(73) Concurrent weak roots 0.115ms
[385.563s][info][gc,start    ] GC(73) Concurrent cleanup
[385.563s][info][gc          ] GC(73) Concurrent cleanup 885M->73M(1024M) 0.080ms
[385.563s][info][gc,ergo     ] GC(73) Free: 896M, Max: 512K regular, 488M humongous, Frag: 46% external, 0% internal; Reserve: 52736K, Max: 512K
[385.563s][info][gc,start    ] GC(73) Concurrent class unloading
[385.563s][info][gc,task     ] GC(73) Using 3 of 6 workers for concurrent class unloading
[385.563s][info][gc          ] GC(73) Concurrent class unloading 0.220ms
[385.563s][info][gc,start    ] GC(73) Pause Final Roots
[385.563s][info][gc          ] GC(73) Pause Final Roots 0.016ms
[385.563s][info][gc,ergo     ] Free: 896M, Max: 512K regular, 488M humongous, Frag: 46% external, 0% internal; Reserve: 52736K, Max: 512K
[385.563s][info][gc,stats    ] 
[385.563s][info][gc,stats    ] All times are wall-clock times, except per-root-class counters, that are sum over
[385.563s][info][gc,stats    ] all workers. Dividing the <total> over the root stage time estimates parallelism.
[385.563s][info][gc,stats    ] 
[385.563s][info][gc,stats    ] Concurrent Reset                    226 us
[385.564s][info][gc,stats    ] Pause Init Mark (G)                 168 us
[385.564s][info][gc,stats    ] Pause Init Mark (N)                 103 us
[385.564s][info][gc,stats    ]   Update Region States               49 us
[385.564s][info][gc,stats    ] Concurrent Mark Roots               306 us, parallelism: 1.09x
[385.564s][info][gc,stats    ]   CMR: <total>                      335 us
[385.564s][info][gc,stats    ]   CMR: Thread Roots                 288 us, workers (us): 162,  67,  58, ---, ---, ---, 
[385.564s][info][gc,stats    ]   CMR: VM Strong Roots                5 us, workers (us):   1,   2,   1, ---, ---, ---, 
[385.564s][info][gc,stats    ]   CMR: CLDG Roots                    42 us, workers (us):  42, ---, ---, ---, ---, ---, 
[385.564s][info][gc,stats    ] Concurrent Marking                  680 us
[385.564s][info][gc,stats    ] Pause Final Mark (G)                224 us
[385.564s][info][gc,stats    ] Pause Final Mark (N)                190 us
[385.564s][info][gc,stats    ]   Finish Mark                        58 us
[385.564s][info][gc,stats    ]   Update Region States               30 us
[385.564s][info][gc,stats    ]   Choose Collection Set              49 us
[385.564s][info][gc,stats    ]   Rebuild Free Set                   12 us
[385.564s][info][gc,stats    ] Concurrent Weak References          100 us, parallelism: 0.04x
[385.564s][info][gc,stats    ]   CWRF: <total>                       4 us
[385.564s][info][gc,stats    ]   CWRF: Weak References               4 us, workers (us):   2,   1,   1, ---, ---, ---, 
[385.564s][info][gc,stats    ] Concurrent Weak Roots               130 us
[385.564s][info][gc,stats    ]   Roots                              72 us, parallelism: 1.35x
[385.564s][info][gc,stats    ]     CWR: <total>                     98 us
[385.564s][info][gc,stats    ]     CWR: Code Cache Roots            48 us, workers (us):  34,  15,   0, ---, ---, ---, 
[385.564s][info][gc,stats    ]     CWR: VM Weak Roots               49 us, workers (us):  17,  17,  15, ---, ---, ---, 
[385.564s][info][gc,stats    ]     CWR: CLDG Roots                   1 us, workers (us): ---, ---,   1, ---, ---, ---, 
[385.564s][info][gc,stats    ]   Rendezvous                         25 us
[385.564s][info][gc,stats    ] Concurrent Cleanup                   90 us
[385.564s][info][gc,stats    ] Concurrent Class Unloading          237 us
[385.564s][info][gc,stats    ]   Unlink Stale                      151 us
[385.564s][info][gc,stats    ]     System Dictionary                 1 us
[385.564s][info][gc,stats    ]     Weak Class Links                  0 us
[385.564s][info][gc,stats    ]     Code Roots                      150 us
[385.564s][info][gc,stats    ]   Rendezvous                         20 us
[385.564s][info][gc,stats    ]   Purge Unlinked                     31 us
[385.564s][info][gc,stats    ]     Code Roots                       22 us
[385.564s][info][gc,stats    ]     CLDG                              9 us
[385.564s][info][gc,stats    ]     Exception Caches                  0 us
[385.564s][info][gc,stats    ] Pause Final Roots (G)                48 us
[385.564s][info][gc,stats    ] Pause Final Roots (N)                24 us
[385.564s][info][gc,stats    ] Pacing                           139339 us
[385.564s][info][gc,stats    ] 
[385.564s][info][gc,stats    ] Allocation pacing accrued:
[385.564s][info][gc,stats    ]     139 of  5965 ms (  2.3%): main
[385.564s][info][gc,stats    ]     139 of  5965 ms (  2.3%): <total>
[385.564s][info][gc,stats    ]      11 of  5965 ms (  0.2%): <average total>
[385.564s][info][gc,stats    ]     139 of  5965 ms (  2.3%): <average non-zero>
[385.564s][info][gc,stats    ] 
[385.564s][info][gc,metaspace] Metaspace: 1071K(1280K)->1071K(1280K) NonClass: 989K(1088K)->989K(1088K) Class: 81K(192K)->81K(192K)
[385.564s][info][gc,ergo     ] Pacer for Idle. Initial: 20971K, Alloc Tax Rate: 1.0x
[391.400s][info][gc          ] Failed to allocate Shared, 100M
[391.401s][info][gc          ] Cancelling GC: Allocation Failure
[391.416s][info][gc          ] Trigger: Handle Allocation Failure
[391.417s][info][gc,ergo     ] Free: 124M, Max: 512K regular, 49152K humongous, Frag: 62% external, 0% internal; Reserve: 52736K, Max: 512K
[391.417s][info][gc,start    ] GC(74) Pause Degenerated GC (Outside of Cycle)
[391.417s][info][gc,task     ] GC(74) Using 6 of 6 workers for stw degenerated gc
[391.417s][info][gc,ref      ] GC(74) Clearing All SoftReferences
[391.417s][info][gc,ref      ] GC(74) Encountered references: Soft: 45, Weak: 116, Final: 0, Phantom: 7
[391.417s][info][gc,ref      ] GC(74) Discovered  references: Soft: 19, Weak: 95, Final: 0, Phantom: 3
[391.417s][info][gc,ref      ] GC(74) Enqueued    references: Soft: 0, Weak: 0, Final: 0, Phantom: 0
[391.418s][info][gc,ergo     ] GC(74) Collectable Garbage: 763M (99%), Immediate: 763M (99%), CSet: 0B (0%)
[391.418s][info][gc,ergo     ] GC(74) Good progress for free space: 910M, need 10485K
[391.418s][info][gc,ergo     ] GC(74) Good progress for used space: 763M, need 512K
[391.418s][info][gc          ] GC(74) Pause Degenerated GC (Outside of Cycle) 825M->61M(1024M) 1.274ms
[391.418s][info][gc,ergo     ] Free: 910M, Max: 512K regular, 471M humongous, Frag: 49% external, 0% internal; Reserve: 52736K, Max: 512K
[391.418s][info][gc,stats    ] 
[391.418s][info][gc,stats    ] All times are wall-clock times, except per-root-class counters, that are sum over
[391.418s][info][gc,stats    ] all workers. Dividing the <total> over the root stage time estimates parallelism.
[391.418s][info][gc,stats    ] 
[391.418s][info][gc,stats    ] Pause Degenerated GC (G)           1324 us
[391.418s][info][gc,stats    ] Pause Degenerated GC (N)           1285 us
[391.418s][info][gc,stats    ]   Degen STW Mark                    600 us, parallelism: 5.42x
[391.418s][info][gc,stats    ]     DSM: <total>                   3256 us
[391.418s][info][gc,stats    ]     DSM: Thread Roots                58 us, workers (us):   9,  10,  10,  19,   2,   8, 
[391.418s][info][gc,stats    ]     DSM: VM Strong Roots              5 us, workers (us):   2,   1,   1,   0,   0,   0, 
[391.418s][info][gc,stats    ]     DSM: CLDG Roots                  44 us, workers (us):   0,   0,   0,   0,  42,   0, 
[391.418s][info][gc,stats    ]     DSM: Parallel Mark             3149 us, workers (us): 532, 535, 536, 524, 494, 529, 
[391.418s][info][gc,stats    ]     System Purge                    227 us
[391.418s][info][gc,stats    ]       Weak References                93 us, parallelism: 0.11x
[391.418s][info][gc,stats    ]         WRP: <total>                 10 us
[391.418s][info][gc,stats    ]         WRP: Weak References         10 us, workers (us):   3,   7,   0,   0,   0,   0, 
[391.418s][info][gc,stats    ]       Unload Classes                101 us, parallelism: 3.89x
[391.418s][info][gc,stats    ]         DCU: <total>                393 us
[391.418s][info][gc,stats    ]         DCU: Unload Code Caches      393 us, workers (us):  68,  80,  77,  60,  53,  54, 
[391.418s][info][gc,stats    ]       Weak Roots                     31 us, parallelism: 2.28x
[391.418s][info][gc,stats    ]         DWR: <total>                 70 us
[391.418s][info][gc,stats    ]         DWR: VM Weak Roots           70 us, workers (us):  17,  13,  13,   9,   9,   8, 
[391.418s][info][gc,stats    ]       CLDG                            0 us
[391.418s][info][gc,stats    ]   Update Region States               26 us
[391.418s][info][gc,stats    ]   Manage GC/TLABs                     4 us
[391.418s][info][gc,stats    ]   Choose Collection Set              61 us
[391.418s][info][gc,stats    ]   Rebuild Free Set                   11 us
[391.418s][info][gc,stats    ]   Cleanup                             8 us
[391.418s][info][gc,stats    ] Pacing                           132674 us
[391.418s][info][gc,stats    ] 
[391.418s][info][gc,stats    ] Allocation pacing accrued:
[391.418s][info][gc,stats    ]     133 of  5854 ms (  2.3%): main
[391.418s][info][gc,stats    ]     133 of  5854 ms (  2.3%): <total>
[391.418s][info][gc,stats    ]      10 of  5854 ms (  0.2%): <average total>
[391.418s][info][gc,stats    ]     133 of  5854 ms (  2.3%): <average non-zero>
[391.418s][info][gc,stats    ] 
[391.418s][info][gc,metaspace] Metaspace: 1071K(1280K)->1071K(1280K) NonClass: 989K(1088K)->989K(1088K) Class: 81K(192K)->81K(192K)
[391.418s][info][gc,ergo     ] Pacer for Idle. Initial: 20971K, Alloc Tax Rate: 1.0x
[396.946s][info][gc          ] Trigger: Average GC time (3.56 ms) is above the time for average allocation rate (142 MB/s) to deplete free headroom (0B) (margin of error = 2.43)
[396.946s][info][gc,ergo     ] Free headroom: 188M (free) - 52428K (spike) - 143M (penalties) = 0B
[396.946s][info][gc,ergo     ] Free: 188M, Max: 512K regular, 108M humongous, Frag: 43% external, 0% internal; Reserve: 52736K, Max: 512K
[396.946s][info][gc,start    ] GC(75) Concurrent reset
[396.946s][info][gc,task     ] GC(75) Using 3 of 6 workers for concurrent reset
[396.946s][info][gc,ergo     ] GC(75) Pacer for Reset. Non-Taxable: 1024M
[396.946s][info][gc          ] GC(75) Concurrent reset 0.154ms
[396.946s][info][gc,start    ] GC(75) Pause Init Mark (unload classes)
[396.946s][info][gc,task     ] GC(75) Using 6 of 6 workers for init marking
[396.946s][info][gc,ergo     ] GC(75) Pacer for Mark. Expected Live: 118M, Free: 188M, Non-Taxable: 19251K, Alloc Tax Rate: 0.8x
[396.946s][info][gc          ] GC(75) Pause Init Mark (unload classes) 0.069ms
[396.946s][info][gc,start    ] GC(75) Concurrent marking roots
[396.946s][info][gc,task     ] GC(75) Using 3 of 6 workers for concurrent marking roots
[396.946s][info][gc          ] GC(75) Concurrent marking roots 0.245ms
[396.946s][info][gc,start    ] GC(75) Concurrent marking (unload classes)
[396.946s][info][gc,task     ] GC(75) Using 3 of 6 workers for concurrent marking
[396.947s][info][gc          ] GC(75) Concurrent marking (unload classes) 0.679ms
[396.947s][info][gc,start    ] GC(75) Pause Final Mark (unload classes)
[396.947s][info][gc,task     ] GC(75) Using 6 of 6 workers for final marking
[396.947s][info][gc,ergo     ] GC(75) Collectable Garbage: 677M (99%), Immediate: 677M (99%), CSet: 0B (0%)
[396.947s][info][gc          ] GC(75) Pause Final Mark (unload classes) 0.143ms
[396.947s][info][gc,start    ] GC(75) Concurrent weak references
[396.947s][info][gc,task     ] GC(75) Using 3 of 6 workers for concurrent weak references
[396.947s][info][gc,ref      ] GC(75) Encountered references: Soft: 45, Weak: 116, Final: 0, Phantom: 7
[396.947s][info][gc,ref      ] GC(75) Discovered  references: Soft: 0, Weak: 95, Final: 0, Phantom: 5
[396.947s][info][gc,ref      ] GC(75) Enqueued    references: Soft: 0, Weak: 0, Final: 0, Phantom: 0
[396.947s][info][gc          ] GC(75) Concurrent weak references 0.079ms
[396.947s][info][gc,start    ] GC(75) Concurrent weak roots
[396.947s][info][gc,task     ] GC(75) Using 3 of 6 workers for concurrent weak root
[396.947s][info][gc          ] GC(75) Concurrent weak roots 0.107ms
[396.947s][info][gc,start    ] GC(75) Concurrent cleanup
[396.948s][info][gc          ] GC(75) Concurrent cleanup 760M->82M(1024M) 0.069ms
[396.948s][info][gc,ergo     ] GC(75) Free: 887M, Max: 512K regular, 359M humongous, Frag: 60% external, 0% internal; Reserve: 52736K, Max: 512K
[396.948s][info][gc,start    ] GC(75) Concurrent class unloading
[396.948s][info][gc,task     ] GC(75) Using 3 of 6 workers for concurrent class unloading
[396.948s][info][gc          ] GC(75) Concurrent class unloading 0.211ms
[396.948s][info][gc,start    ] GC(75) Pause Final Roots
[396.948s][info][gc          ] GC(75) Pause Final Roots 0.015ms
[396.948s][info][gc,ergo     ] Free: 887M, Max: 512K regular, 359M humongous, Frag: 60% external, 0% internal; Reserve: 52736K, Max: 512K
[396.948s][info][gc,stats    ] 
[396.948s][info][gc,stats    ] All times are wall-clock times, except per-root-class counters, that are sum over
[396.948s][info][gc,stats    ] all workers. Dividing the <total> over the root stage time estimates parallelism.
[396.948s][info][gc,stats    ] 
[396.948s][info][gc,stats    ] Concurrent Reset                    175 us
[396.948s][info][gc,stats    ] Pause Init Mark (G)                 108 us
[396.948s][info][gc,stats    ] Pause Init Mark (N)                  78 us
[396.948s][info][gc,stats    ]   Update Region States               25 us
[396.948s][info][gc,stats    ] Concurrent Mark Roots               260 us, parallelism: 1.30x
[396.948s][info][gc,stats    ]   CMR: <total>                      338 us
[396.948s][info][gc,stats    ]   CMR: Thread Roots                 305 us, workers (us): 200,  38,  67, ---, ---, ---, 
[396.948s][info][gc,stats    ]   CMR: VM Strong Roots                5 us, workers (us):   2,   1,   1, ---, ---, ---, 
[396.948s][info][gc,stats    ]   CMR: CLDG Roots                    28 us, workers (us): ---,  28, ---, ---, ---, ---, 
[396.948s][info][gc,stats    ] Concurrent Marking                  696 us
[396.948s][info][gc,stats    ] Pause Final Mark (G)                185 us
[396.948s][info][gc,stats    ] Pause Final Mark (N)                153 us
[396.948s][info][gc,stats    ]   Finish Mark                        32 us
[396.948s][info][gc,stats    ]   Update Region States               29 us
[396.948s][info][gc,stats    ]   Choose Collection Set              44 us
[396.948s][info][gc,stats    ]   Rebuild Free Set                    8 us
[396.948s][info][gc,stats    ] Concurrent Weak References           88 us, parallelism: 0.07x
[396.948s][info][gc,stats    ]   CWRF: <total>                       6 us
[396.948s][info][gc,stats    ]   CWRF: Weak References               6 us, workers (us):   5,   0,   0, ---, ---, ---, 
[396.948s][info][gc,stats    ] Concurrent Weak Roots               118 us
[396.948s][info][gc,stats    ]   Roots                              69 us, parallelism: 1.31x
[396.948s][info][gc,stats    ]     CWR: <total>                     91 us
[396.948s][info][gc,stats    ]     CWR: Code Cache Roots            49 us, workers (us):   0,  33,  15, ---, ---, ---, 
[396.948s][info][gc,stats    ]     CWR: VM Weak Roots               41 us, workers (us):  14,  14,  13, ---, ---, ---, 
[396.948s][info][gc,stats    ]     CWR: CLDG Roots                   1 us, workers (us):   1, ---, ---, ---, ---, ---, 
[396.948s][info][gc,stats    ]   Rendezvous                         22 us
[396.948s][info][gc,stats    ] Concurrent Cleanup                   78 us
[396.948s][info][gc,stats    ] Concurrent Class Unloading          225 us
[396.948s][info][gc,stats    ]   Unlink Stale                      149 us
[396.948s][info][gc,stats    ]     System Dictionary                 1 us
[396.948s][info][gc,stats    ]     Weak Class Links                  0 us
[396.948s][info][gc,stats    ]     Code Roots                      147 us
[396.948s][info][gc,stats    ]   Rendezvous                         21 us
[396.948s][info][gc,stats    ]   Purge Unlinked                     25 us
[396.948s][info][gc,stats    ]     Code Roots                       22 us
[396.948s][info][gc,stats    ]     CLDG                              3 us
[396.948s][info][gc,stats    ]     Exception Caches                  0 us
[396.948s][info][gc,stats    ] Pause Final Roots (G)                45 us
[396.948s][info][gc,stats    ] Pause Final Roots (N)                24 us
[396.948s][info][gc,stats    ] 
[396.948s][info][gc,stats    ] Allocation pacing accrued:
[396.948s][info][gc,stats    ]       0 of  5530 ms (  0.0%): <total>
[396.948s][info][gc,stats    ]       0 of  5530 ms (  0.0%): <average total>
[396.948s][info][gc,stats    ] 
[396.948s][info][gc,metaspace] Metaspace: 1071K(1280K)->1071K(1280K) NonClass: 989K(1088K)->989K(1088K) Class: 81K(192K)->81K(192K)
[396.948s][info][gc,ergo     ] Pacer for Idle. Initial: 20971K, Alloc Tax Rate: 1.0x
[401.395s][info][gc          ] Trigger: Average GC time (3.23 ms) is above the time for average allocation rate (276 MB/s) to deplete free headroom (0B) (margin of error = 2.43)
[401.395s][info][gc,ergo     ] Free headroom: 133M (free) - 52428K (spike) - 133M (penalties) = 0B
[401.395s][info][gc,ergo     ] Free: 133M, Max: 512K regular, 87040K humongous, Frag: 37% external, 0% internal; Reserve: 52736K, Max: 512K
[401.395s][info][gc,start    ] GC(76) Concurrent reset
[401.395s][info][gc,task     ] GC(76) Using 3 of 6 workers for concurrent reset
[401.395s][info][gc,ergo     ] GC(76) Pacer for Reset. Non-Taxable: 1024M
[401.395s][info][gc          ] GC(76) Concurrent reset 0.166ms
[401.395s][info][gc,start    ] GC(76) Pause Init Mark (unload classes)
[401.395s][info][gc,task     ] GC(76) Using 6 of 6 workers for init marking
[401.395s][info][gc,ergo     ] GC(76) Pacer for Mark. Expected Live: 83658K, Free: 133M, Non-Taxable: 13670K, Alloc Tax Rate: 0.7x
[401.395s][info][gc          ] GC(76) Pause Init Mark (unload classes) 0.080ms
[401.395s][info][gc,start    ] GC(76) Concurrent marking roots
[401.395s][info][gc,task     ] GC(76) Using 3 of 6 workers for concurrent marking roots
[401.395s][info][gc          ] GC(76) Concurrent marking roots 0.258ms
[401.395s][info][gc,start    ] GC(76) Concurrent marking (unload classes)
[401.395s][info][gc,task     ] GC(76) Using 3 of 6 workers for concurrent marking
[401.396s][info][gc          ] GC(76) Concurrent marking (unload classes) 0.758ms
[401.396s][info][gc,start    ] GC(76) Pause Final Mark (unload classes)
[401.396s][info][gc,task     ] GC(76) Using 6 of 6 workers for final marking
[401.396s][info][gc,ergo     ] GC(76) Collectable Garbage: 632M (99%), Immediate: 632M (99%), CSet: 0B (0%)
[401.396s][info][gc          ] GC(76) Pause Final Mark (unload classes) 0.201ms
[401.396s][info][gc,start    ] GC(76) Concurrent weak references
[401.396s][info][gc,task     ] GC(76) Using 3 of 6 workers for concurrent weak references
[401.397s][info][gc,ref      ] GC(76) Encountered references: Soft: 45, Weak: 116, Final: 0, Phantom: 7
[401.397s][info][gc,ref      ] GC(76) Discovered  references: Soft: 0, Weak: 84, Final: 0, Phantom: 5
[401.397s][info][gc,ref      ] GC(76) Enqueued    references: Soft: 0, Weak: 0, Final: 0, Phantom: 0
[401.397s][info][gc          ] GC(76) Concurrent weak references 0.119ms
[401.397s][info][gc,start    ] GC(76) Concurrent weak roots
[401.397s][info][gc,task     ] GC(76) Using 3 of 6 workers for concurrent weak root
[401.397s][info][gc          ] GC(76) Concurrent weak roots 0.170ms
[401.397s][info][gc,start    ] GC(76) Concurrent cleanup
[401.397s][info][gc          ] GC(76) Concurrent cleanup 819M->187M(1024M) 0.070ms
[401.397s][info][gc,ergo     ] GC(76) Free: 783M, Max: 512K regular, 316M humongous, Frag: 60% external, 0% internal; Reserve: 52736K, Max: 512K
[401.397s][info][gc,start    ] GC(76) Concurrent class unloading
[401.397s][info][gc,task     ] GC(76) Using 3 of 6 workers for concurrent class unloading
[401.397s][info][gc          ] GC(76) Concurrent class unloading 0.301ms
[401.397s][info][gc,start    ] GC(76) Pause Final Roots
[401.397s][info][gc          ] GC(76) Pause Final Roots 0.023ms
[401.397s][info][gc,ergo     ] Free: 783M, Max: 512K regular, 316M humongous, Frag: 60% external, 0% internal; Reserve: 52736K, Max: 512K
[401.397s][info][gc,stats    ] 
[401.397s][info][gc,stats    ] All times are wall-clock times, except per-root-class counters, that are sum over
[401.397s][info][gc,stats    ] all workers. Dividing the <total> over the root stage time estimates parallelism.
[401.397s][info][gc,stats    ] 
[401.397s][info][gc,stats    ] Concurrent Reset                    179 us
[401.397s][info][gc,stats    ] Pause Init Mark (G)                 119 us
[401.397s][info][gc,stats    ] Pause Init Mark (N)                  89 us
[401.397s][info][gc,stats    ]   Update Region States               25 us
[401.397s][info][gc,stats    ] Concurrent Mark Roots               272 us, parallelism: 1.19x
[401.397s][info][gc,stats    ]   CMR: <total>                      325 us
[401.397s][info][gc,stats    ]   CMR: Thread Roots                 290 us, workers (us):  72, 183,  35, ---, ---, ---, 
[401.397s][info][gc,stats    ]   CMR: VM Strong Roots                4 us, workers (us):   3,   0,   1, ---, ---, ---, 
[401.397s][info][gc,stats    ]   CMR: CLDG Roots                    31 us, workers (us): ---, ---,  31, ---, ---, ---, 
[401.397s][info][gc,stats    ] Concurrent Marking                  782 us
[401.397s][info][gc,stats    ] Pause Final Mark (G)                259 us
[401.397s][info][gc,stats    ] Pause Final Mark (N)                215 us
[401.397s][info][gc,stats    ]   Finish Mark                        42 us
[401.398s][info][gc,stats    ]   Update Region States               48 us
[401.398s][info][gc,stats    ]   Choose Collection Set              62 us
[401.398s][info][gc,stats    ]   Rebuild Free Set                   14 us
[401.398s][info][gc,stats    ] Concurrent Weak References          132 us, parallelism: 0.08x
[401.398s][info][gc,stats    ]   CWRF: <total>                      10 us
[401.398s][info][gc,stats    ]   CWRF: Weak References              10 us, workers (us):   2,   8,   0, ---, ---, ---, 
[401.398s][info][gc,stats    ] Concurrent Weak Roots               186 us
[401.398s][info][gc,stats    ]   Roots                             109 us, parallelism: 1.22x
[401.398s][info][gc,stats    ]     CWR: <total>                    133 us
[401.398s][info][gc,stats    ]     CWR: Code Cache Roots            78 us, workers (us):  18,   0,  60, ---, ---, ---, 
[401.398s][info][gc,stats    ]     CWR: VM Weak Roots               54 us, workers (us):  19,  17,  17, ---, ---, ---, 
[401.398s][info][gc,stats    ]     CWR: CLDG Roots                   1 us, workers (us): ---,   1, ---, ---, ---, ---, 
[401.398s][info][gc,stats    ]   Rendezvous                         35 us
[401.398s][info][gc,stats    ] Concurrent Cleanup                   81 us
[401.398s][info][gc,stats    ] Concurrent Class Unloading          320 us
[401.398s][info][gc,stats    ]   Unlink Stale                      220 us
[401.398s][info][gc,stats    ]     System Dictionary                 1 us
[401.398s][info][gc,stats    ]     Weak Class Links                  0 us
[401.398s][info][gc,stats    ]     Code Roots                      217 us
[401.398s][info][gc,stats    ]   Rendezvous                         33 us
[401.398s][info][gc,stats    ]   Purge Unlinked                     31 us
[401.398s][info][gc,stats    ]     Code Roots                       27 us
[401.398s][info][gc,stats    ]     CLDG                              3 us
[401.398s][info][gc,stats    ]     Exception Caches                  0 us
[401.398s][info][gc,stats    ] Pause Final Roots (G)                68 us
[401.398s][info][gc,stats    ] Pause Final Roots (N)                36 us
[401.398s][info][gc,stats    ] Pacing                           131483 us
[401.398s][info][gc,stats    ] 
[401.398s][info][gc,stats    ] Allocation pacing accrued:
[401.398s][info][gc,stats    ]     131 of  4450 ms (  3.0%): main
[401.398s][info][gc,stats    ]     131 of  4450 ms (  3.0%): <total>
[401.398s][info][gc,stats    ]      10 of  4450 ms (  0.2%): <average total>
[401.398s][info][gc,stats    ]     131 of  4450 ms (  3.0%): <average non-zero>
[401.398s][info][gc,stats    ] 
[401.398s][info][gc,metaspace] Metaspace: 1071K(1280K)->1071K(1280K) NonClass: 989K(1088K)->989K(1088K) Class: 81K(192K)->81K(192K)
[401.398s][info][gc,ergo     ] Pacer for Idle. Initial: 20971K, Alloc Tax Rate: 1.0x
[406.974s][info][gc          ] Trigger: Average GC time (3.06 ms) is above the time for average allocation rate (144 MB/s) to deplete free headroom (0B) (margin of error = 2.44)
[406.974s][info][gc,ergo     ] Free headroom: 172M (free) - 52428K (spike) - 122M (penalties) = 0B
[406.974s][info][gc,ergo     ] Free: 172M, Max: 512K regular, 87040K humongous, Frag: 51% external, 0% internal; Reserve: 52736K, Max: 512K
[406.974s][info][gc,start    ] GC(77) Concurrent reset
[406.974s][info][gc,task     ] GC(77) Using 3 of 6 workers for concurrent reset
[406.974s][info][gc,ergo     ] GC(77) Pacer for Reset. Non-Taxable: 1024M
[406.975s][info][gc          ] GC(77) Concurrent reset 0.460ms
[406.990s][info][gc,start    ] GC(77) Pause Init Mark (unload classes)
[406.990s][info][gc,task     ] GC(77) Using 6 of 6 workers for init marking
[406.990s][info][gc,ergo     ] GC(77) Pacer for Mark. Expected Live: 102M, Free: 172M, Non-Taxable: 17612K, Alloc Tax Rate: 0.7x
[406.990s][info][gc          ] GC(77) Pause Init Mark (unload classes) 0.136ms
[406.990s][info][gc,start    ] GC(77) Concurrent marking roots
[406.990s][info][gc,task     ] GC(77) Using 3 of 6 workers for concurrent marking roots
[406.990s][info][gc          ] GC(77) Concurrent marking roots 0.257ms
[406.990s][info][gc,start    ] GC(77) Concurrent marking (unload classes)
[406.990s][info][gc,task     ] GC(77) Using 3 of 6 workers for concurrent marking
[406.991s][info][gc          ] GC(77) Concurrent marking (unload classes) 0.727ms
[406.991s][info][gc,start    ] GC(77) Pause Final Mark (unload classes)
[406.991s][info][gc,task     ] GC(77) Using 6 of 6 workers for final marking
[406.991s][info][gc,ergo     ] GC(77) Collectable Garbage: 685M (99%), Immediate: 685M (99%), CSet: 0B (0%)
[406.991s][info][gc          ] GC(77) Pause Final Mark (unload classes) 0.209ms
[406.991s][info][gc,start    ] GC(77) Concurrent weak references
[406.991s][info][gc,task     ] GC(77) Using 3 of 6 workers for concurrent weak references
[406.991s][info][gc,ref      ] GC(77) Encountered references: Soft: 45, Weak: 116, Final: 0, Phantom: 7
[406.991s][info][gc,ref      ] GC(77) Discovered  references: Soft: 0, Weak: 69, Final: 0, Phantom: 3
[406.991s][info][gc,ref      ] GC(77) Enqueued    references: Soft: 0, Weak: 0, Final: 0, Phantom: 0
[406.991s][info][gc          ] GC(77) Concurrent weak references 0.105ms
[406.991s][info][gc,start    ] GC(77) Concurrent weak roots
[406.991s][info][gc,task     ] GC(77) Using 3 of 6 workers for concurrent weak root
[406.991s][info][gc          ] GC(77) Concurrent weak roots 0.111ms
[406.991s][info][gc,start    ] GC(77) Concurrent cleanup
[406.991s][info][gc          ] GC(77) Concurrent cleanup 778M->92M(1024M) 0.069ms
[406.991s][info][gc,ergo     ] GC(77) Free: 878M, Max: 512K regular, 542M humongous, Frag: 39% external, 0% internal; Reserve: 52736K, Max: 512K
[406.991s][info][gc,start    ] GC(77) Concurrent class unloading
[406.991s][info][gc,task     ] GC(77) Using 3 of 6 workers for concurrent class unloading
[406.992s][info][gc          ] GC(77) Concurrent class unloading 0.238ms
[406.992s][info][gc,start    ] GC(77) Pause Final Roots
[406.992s][info][gc          ] GC(77) Pause Final Roots 0.016ms
[406.992s][info][gc,ergo     ] Free: 878M, Max: 512K regular, 542M humongous, Frag: 39% external, 0% internal; Reserve: 52736K, Max: 512K
[406.992s][info][gc,stats    ] 
[406.992s][info][gc,stats    ] All times are wall-clock times, except per-root-class counters, that are sum over
[406.992s][info][gc,stats    ] all workers. Dividing the <total> over the root stage time estimates parallelism.
[406.992s][info][gc,stats    ] 
[406.992s][info][gc,stats    ] Concurrent Reset                    504 us
[406.992s][info][gc,stats    ] Pause Init Mark (G)               15072 us
[406.992s][info][gc,stats    ] Pause Init Mark (N)                 145 us
[406.992s][info][gc,stats    ]   Update Region States               53 us
[406.992s][info][gc,stats    ] Concurrent Mark Roots               273 us, parallelism: 1.08x
[406.992s][info][gc,stats    ]   CMR: <total>                      295 us
[406.992s][info][gc,stats    ]   CMR: Thread Roots                 259 us, workers (us):  53, 165,  42, ---, ---, ---, 
[406.992s][info][gc,stats    ]   CMR: VM Strong Roots                4 us, workers (us):   2,   2,   0, ---, ---, ---, 
[406.992s][info][gc,stats    ]   CMR: CLDG Roots                    32 us, workers (us): ---,  32, ---, ---, ---, ---, 
[406.992s][info][gc,stats    ] Concurrent Marking                  741 us
[406.992s][info][gc,stats    ] Pause Final Mark (G)                249 us
[406.992s][info][gc,stats    ] Pause Final Mark (N)                219 us
[406.992s][info][gc,stats    ]   Finish Mark                        72 us
[406.992s][info][gc,stats    ]   Update Region States               58 us
[406.992s][info][gc,stats    ]   Choose Collection Set              44 us
[406.992s][info][gc,stats    ]   Rebuild Free Set                    8 us
[406.992s][info][gc,stats    ] Concurrent Weak References          113 us, parallelism: 0.03x
[406.992s][info][gc,stats    ]   CWRF: <total>                       4 us
[406.992s][info][gc,stats    ]   CWRF: Weak References               4 us, workers (us):   1,   2,   0, ---, ---, ---, 
[406.992s][info][gc,stats    ] Concurrent Weak Roots               121 us
[406.992s][info][gc,stats    ]   Roots                              73 us, parallelism: 1.18x
[406.992s][info][gc,stats    ]     CWR: <total>                     86 us
[406.992s][info][gc,stats    ]     CWR: Code Cache Roots            44 us, workers (us):  12,  31,   0, ---, ---, ---, 
[406.992s][info][gc,stats    ]     CWR: VM Weak Roots               42 us, workers (us):  21,  20,   0, ---, ---, ---, 
[406.992s][info][gc,stats    ]     CWR: CLDG Roots                   1 us, workers (us):   1, ---, ---, ---, ---, ---, 
[406.992s][info][gc,stats    ]   Rendezvous                         22 us
[406.992s][info][gc,stats    ] Concurrent Cleanup                   79 us
[406.992s][info][gc,stats    ] Concurrent Class Unloading          254 us
[406.992s][info][gc,stats    ]   Unlink Stale                      145 us
[406.992s][info][gc,stats    ]     System Dictionary                 1 us
[406.992s][info][gc,stats    ]     Weak Class Links                  0 us
[406.992s][info][gc,stats    ]     Code Roots                      143 us
[406.992s][info][gc,stats    ]   Rendezvous                         19 us
[406.992s][info][gc,stats    ]   Purge Unlinked                     57 us
[406.992s][info][gc,stats    ]     Code Roots                       53 us
[406.992s][info][gc,stats    ]     CLDG                              4 us
[406.992s][info][gc,stats    ]     Exception Caches                  0 us
[406.992s][info][gc,stats    ] Pause Final Roots (G)                46 us
[406.992s][info][gc,stats    ] Pause Final Roots (N)                24 us
[406.992s][info][gc,stats    ] Pacing                            76882 us
[406.992s][info][gc,stats    ] 
[406.992s][info][gc,stats    ] Allocation pacing accrued:
[406.992s][info][gc,stats    ]      77 of  5594 ms (  1.4%): main
[406.992s][info][gc,stats    ]      77 of  5594 ms (  1.4%): <total>
[406.992s][info][gc,stats    ]       6 of  5594 ms (  0.1%): <average total>
[406.992s][info][gc,stats    ]      77 of  5594 ms (  1.4%): <average non-zero>
[406.992s][info][gc,stats    ] 
[406.992s][info][gc,metaspace] Metaspace: 1071K(1280K)->1071K(1280K) NonClass: 989K(1088K)->989K(1088K) Class: 81K(192K)->81K(192K)
[406.992s][info][gc,ergo     ] Pacer for Idle. Initial: 20971K, Alloc Tax Rate: 1.0x
[411.428s][info][gc          ] Trigger: Average GC time (28.36 ms) is above the time for average allocation rate (275 MB/s) to deplete free headroom (0B) (margin of error = 2.44)
[411.428s][info][gc,ergo     ] Free headroom: 129M (free) - 52428K (spike) - 112M (penalties) = 0B
[411.428s][info][gc,ergo     ] Free: 129M, Max: 512K regular, 104M humongous, Frag: 20% external, 0% internal; Reserve: 52736K, Max: 512K
[411.428s][info][gc,start    ] GC(78) Concurrent reset
[411.428s][info][gc,task     ] GC(78) Using 3 of 6 workers for concurrent reset
[411.428s][info][gc,ergo     ] GC(78) Pacer for Reset. Non-Taxable: 1024M
[411.428s][info][gc          ] GC(78) Concurrent reset 0.184ms
[411.428s][info][gc,start    ] GC(78) Pause Init Mark (unload classes)
[411.428s][info][gc,task     ] GC(78) Using 6 of 6 workers for init marking
[411.428s][info][gc,ergo     ] GC(78) Pacer for Mark. Expected Live: 99837K, Free: 129M, Non-Taxable: 13260K, Alloc Tax Rate: 0.9x
[411.428s][info][gc          ] GC(78) Pause Init Mark (unload classes) 0.076ms
[411.428s][info][gc,start    ] GC(78) Concurrent marking roots
[411.428s][info][gc,task     ] GC(78) Using 3 of 6 workers for concurrent marking roots
[411.429s][info][gc          ] GC(78) Concurrent marking roots 0.289ms
[411.429s][info][gc,start    ] GC(78) Concurrent marking (unload classes)
[411.429s][info][gc,task     ] GC(78) Using 3 of 6 workers for concurrent marking
[411.429s][info][gc          ] GC(78) Concurrent marking (unload classes) 0.670ms
[411.429s][info][gc,start    ] GC(78) Pause Final Mark (unload classes)
[411.429s][info][gc,task     ] GC(78) Using 6 of 6 workers for final marking
[411.429s][info][gc,ergo     ] GC(78) Collectable Garbage: 661M (99%), Immediate: 661M (99%), CSet: 0B (0%)
[411.429s][info][gc          ] GC(78) Pause Final Mark (unload classes) 0.176ms
[411.430s][info][gc,start    ] GC(78) Concurrent weak references
[411.430s][info][gc,task     ] GC(78) Using 3 of 6 workers for concurrent weak references
[411.430s][info][gc,ref      ] GC(78) Encountered references: Soft: 45, Weak: 116, Final: 0, Phantom: 7
[411.430s][info][gc,ref      ] GC(78) Discovered  references: Soft: 0, Weak: 84, Final: 0, Phantom: 5
[411.430s][info][gc,ref      ] GC(78) Enqueued    references: Soft: 0, Weak: 0, Final: 0, Phantom: 0
[411.430s][info][gc          ] GC(78) Concurrent weak references 0.077ms
[411.430s][info][gc,start    ] GC(78) Concurrent weak roots
[411.430s][info][gc,task     ] GC(78) Using 3 of 6 workers for concurrent weak root
[411.430s][info][gc          ] GC(78) Concurrent weak roots 0.111ms
[411.430s][info][gc,start    ] GC(78) Concurrent cleanup
[411.430s][info][gc          ] GC(78) Concurrent cleanup 823M->162M(1024M) 0.068ms
[411.430s][info][gc,ergo     ] GC(78) Free: 809M, Max: 512K regular, 330M humongous, Frag: 60% external, 0% internal; Reserve: 52736K, Max: 512K
[411.430s][info][gc,start    ] GC(78) Concurrent class unloading
[411.430s][info][gc,task     ] GC(78) Using 3 of 6 workers for concurrent class unloading
[411.430s][info][gc          ] GC(78) Concurrent class unloading 0.210ms
[411.430s][info][gc,start    ] GC(78) Pause Final Roots
[411.430s][info][gc          ] GC(78) Pause Final Roots 0.017ms
[411.430s][info][gc,ergo     ] Free: 809M, Max: 512K regular, 330M humongous, Frag: 60% external, 0% internal; Reserve: 52736K, Max: 512K
[411.430s][info][gc,stats    ] 
[411.430s][info][gc,stats    ] All times are wall-clock times, except per-root-class counters, that are sum over
[411.430s][info][gc,stats    ] all workers. Dividing the <total> over the root stage time estimates parallelism.
[411.430s][info][gc,stats    ] 
[411.430s][info][gc,stats    ] Concurrent Reset                    205 us
[411.430s][info][gc,stats    ] Pause Init Mark (G)                 114 us
[411.430s][info][gc,stats    ] Pause Init Mark (N)                  84 us
[411.430s][info][gc,stats    ]   Update Region States               35 us
[411.430s][info][gc,stats    ] Concurrent Mark Roots               304 us, parallelism: 1.24x
[411.430s][info][gc,stats    ]   CMR: <total>                      377 us
[411.430s][info][gc,stats    ]   CMR: Thread Roots                 342 us, workers (us):  66,  34, 243, ---, ---, ---, 
[411.430s][info][gc,stats    ]   CMR: VM Strong Roots                5 us, workers (us):   2,   1,   1, ---, ---, ---, 
[411.430s][info][gc,stats    ]   CMR: CLDG Roots                    30 us, workers (us): ---,  30, ---, ---, ---, ---, 
[411.430s][info][gc,stats    ] Concurrent Marking                  687 us
[411.430s][info][gc,stats    ] Pause Final Mark (G)                224 us
[411.430s][info][gc,stats    ] Pause Final Mark (N)                186 us
[411.430s][info][gc,stats    ]   Finish Mark                        32 us
[411.430s][info][gc,stats    ]   Update Region States               28 us
[411.430s][info][gc,stats    ]   Choose Collection Set              45 us
[411.430s][info][gc,stats    ]   Rebuild Free Set                    9 us
[411.430s][info][gc,stats    ] Concurrent Weak References           85 us, parallelism: 0.05x
[411.430s][info][gc,stats    ]   CWRF: <total>                       5 us
[411.430s][info][gc,stats    ]   CWRF: Weak References               5 us, workers (us):   1,   3,   0, ---, ---, ---, 
[411.430s][info][gc,stats    ] Concurrent Weak Roots               126 us
[411.430s][info][gc,stats    ]   Roots                              68 us, parallelism: 1.34x
[411.430s][info][gc,stats    ]     CWR: <total>                     91 us
[411.430s][info][gc,stats    ]     CWR: Code Cache Roots            49 us, workers (us):  33,   0,  16, ---, ---, ---, 
[411.430s][info][gc,stats    ]     CWR: VM Weak Roots               41 us, workers (us):  14,  14,  13, ---, ---, ---, 
[411.430s][info][gc,stats    ]     CWR: CLDG Roots                   1 us, workers (us): ---,   1, ---, ---, ---, ---, 
[411.430s][info][gc,stats    ]   Rendezvous                         26 us
[411.430s][info][gc,stats    ] Concurrent Cleanup                   78 us
[411.430s][info][gc,stats    ] Concurrent Class Unloading          228 us
[411.430s][info][gc,stats    ]   Unlink Stale                      147 us
[411.430s][info][gc,stats    ]     System Dictionary                 1 us
[411.430s][info][gc,stats    ]     Weak Class Links                  0 us
[411.430s][info][gc,stats    ]     Code Roots                      146 us
[411.430s][info][gc,stats    ]   Rendezvous                         20 us
[411.430s][info][gc,stats    ]   Purge Unlinked                     26 us
[411.430s][info][gc,stats    ]     Code Roots                       23 us
[411.430s][info][gc,stats    ]     CLDG                              3 us
[411.430s][info][gc,stats    ]     Exception Caches                  0 us
[411.430s][info][gc,stats    ] Pause Final Roots (G)                49 us
[411.430s][info][gc,stats    ] Pause Final Roots (N)                26 us
[411.430s][info][gc,stats    ] Pacing                           107813 us
[411.430s][info][gc,stats    ] 
[411.430s][info][gc,stats    ] Allocation pacing accrued:
[411.431s][info][gc,stats    ]     108 of  4438 ms (  2.4%): main
[411.431s][info][gc,stats    ]     108 of  4438 ms (  2.4%): <total>
[411.431s][info][gc,stats    ]       8 of  4438 ms (  0.2%): <average total>
[411.431s][info][gc,stats    ]     108 of  4438 ms (  2.4%): <average non-zero>
[411.431s][info][gc,stats    ] 
[411.431s][info][gc,metaspace] Metaspace: 1071K(1280K)->1071K(1280K) NonClass: 989K(1088K)->989K(1088K) Class: 81K(192K)->81K(192K)
[411.431s][info][gc,ergo     ] Pacer for Idle. Initial: 20971K, Alloc Tax Rate: 1.0x
[415.723s][info][gc          ] Trigger: Average GC time (22.20 ms) is above the time for average allocation rate (310 MB/s) to deplete free headroom (0B) (margin of error = 2.44)
[415.723s][info][gc,ergo     ] Free headroom: 146M (free) - 52428K (spike) - 102M (penalties) = 0B
[415.723s][info][gc,ergo     ] Free: 146M, Max: 512K regular, 104M humongous, Frag: 30% external, 0% internal; Reserve: 52736K, Max: 512K
[415.723s][info][gc,start    ] GC(79) Concurrent reset
[415.723s][info][gc,task     ] GC(79) Using 3 of 6 workers for concurrent reset
[415.723s][info][gc,ergo     ] GC(79) Pacer for Reset. Non-Taxable: 1024M
[415.723s][info][gc          ] GC(79) Concurrent reset 0.255ms
[415.723s][info][gc,start    ] GC(79) Pause Init Mark (unload classes)
[415.723s][info][gc,task     ] GC(79) Using 6 of 6 workers for init marking
[415.723s][info][gc,ergo     ] GC(79) Pacer for Mark. Expected Live: 125M, Free: 146M, Non-Taxable: 15001K, Alloc Tax Rate: 1.0x
[415.723s][info][gc          ] GC(79) Pause Init Mark (unload classes) 0.084ms
[415.723s][info][gc,start    ] GC(79) Concurrent marking roots
[415.723s][info][gc,task     ] GC(79) Using 3 of 6 workers for concurrent marking roots
[415.724s][info][gc          ] GC(79) Concurrent marking roots 0.296ms
[415.724s][info][gc,start    ] GC(79) Concurrent marking (unload classes)
[415.724s][info][gc,task     ] GC(79) Using 3 of 6 workers for concurrent marking
[415.724s][info][gc          ] GC(79) Concurrent marking (unload classes) 0.832ms
[415.724s][info][gc,start    ] GC(79) Pause Final Mark (unload classes)
[415.724s][info][gc,task     ] GC(79) Using 6 of 6 workers for final marking
[415.725s][info][gc,ergo     ] GC(79) Collectable Garbage: 684M (99%), Immediate: 684M (99%), CSet: 0B (0%)
[415.725s][info][gc          ] GC(79) Pause Final Mark (unload classes) 0.311ms
[415.725s][info][gc,start    ] GC(79) Concurrent weak references
[415.725s][info][gc,task     ] GC(79) Using 3 of 6 workers for concurrent weak references
[415.725s][info][gc,ref      ] GC(79) Encountered references: Soft: 45, Weak: 116, Final: 0, Phantom: 7
[415.725s][info][gc,ref      ] GC(79) Discovered  references: Soft: 0, Weak: 84, Final: 0, Phantom: 5
[415.725s][info][gc,ref      ] GC(79) Enqueued    references: Soft: 0, Weak: 0, Final: 0, Phantom: 0
[415.725s][info][gc          ] GC(79) Concurrent weak references 0.112ms
[415.725s][info][gc,start    ] GC(79) Concurrent weak roots
[415.725s][info][gc,task     ] GC(79) Using 3 of 6 workers for concurrent weak root
[415.725s][info][gc          ] GC(79) Concurrent weak roots 0.165ms
[415.725s][info][gc,start    ] GC(79) Concurrent cleanup
[415.725s][info][gc          ] GC(79) Concurrent cleanup 807M->123M(1024M) 0.083ms
[415.725s][info][gc,ergo     ] GC(79) Free: 847M, Max: 512K regular, 277M humongous, Frag: 68% external, 0% internal; Reserve: 52736K, Max: 512K
[415.725s][info][gc,start    ] GC(79) Concurrent class unloading
[415.725s][info][gc,task     ] GC(79) Using 3 of 6 workers for concurrent class unloading
[415.726s][info][gc          ] GC(79) Concurrent class unloading 0.303ms
[415.726s][info][gc,start    ] GC(79) Pause Final Roots
[415.726s][info][gc          ] GC(79) Pause Final Roots 0.017ms
[415.726s][info][gc,ergo     ] Free: 847M, Max: 512K regular, 277M humongous, Frag: 68% external, 0% internal; Reserve: 52736K, Max: 512K
[415.726s][info][gc,stats    ] 
[415.726s][info][gc,stats    ] All times are wall-clock times, except per-root-class counters, that are sum over
[415.726s][info][gc,stats    ] all workers. Dividing the <total> over the root stage time estimates parallelism.
[415.726s][info][gc,stats    ] 
[415.726s][info][gc,stats    ] Concurrent Reset                    281 us
[415.726s][info][gc,stats    ] Pause Init Mark (G)                 131 us
[415.726s][info][gc,stats    ] Pause Init Mark (N)                  94 us
[415.726s][info][gc,stats    ]   Update Region States               31 us
[415.726s][info][gc,stats    ] Concurrent Mark Roots               316 us, parallelism: 1.29x
[415.726s][info][gc,stats    ]   CMR: <total>                      408 us
[415.726s][info][gc,stats    ]   CMR: Thread Roots                 370 us, workers (us):  92,  36, 242, ---, ---, ---, 
[415.726s][info][gc,stats    ]   CMR: VM Strong Roots                5 us, workers (us):   3,   0,   2, ---, ---, ---, 
[415.726s][info][gc,stats    ]   CMR: CLDG Roots                    33 us, workers (us): ---,  33, ---, ---, ---, ---, 
[415.726s][info][gc,stats    ] Concurrent Marking                  855 us
[415.726s][info][gc,stats    ] Pause Final Mark (G)                367 us
[415.726s][info][gc,stats    ] Pause Final Mark (N)                325 us
[415.726s][info][gc,stats    ]   Finish Mark                       153 us
[415.726s][info][gc,stats    ]   Update Region States               37 us
[415.726s][info][gc,stats    ]   Choose Collection Set              66 us
[415.726s][info][gc,stats    ]   Rebuild Free Set                   19 us
[415.726s][info][gc,stats    ] Concurrent Weak References          124 us, parallelism: 0.07x
[415.726s][info][gc,stats    ]   CWRF: <total>                       9 us
[415.726s][info][gc,stats    ]   CWRF: Weak References               9 us, workers (us):   9,   0,   0, ---, ---, ---, 
[415.726s][info][gc,stats    ] Concurrent Weak Roots               181 us
[415.726s][info][gc,stats    ]   Roots                             109 us, parallelism: 1.34x
[415.726s][info][gc,stats    ]     CWR: <total>                    146 us
[415.726s][info][gc,stats    ]     CWR: Code Cache Roots            81 us, workers (us):   0,  22,  58, ---, ---, ---, 
[415.726s][info][gc,stats    ]     CWR: VM Weak Roots               64 us, workers (us):  24,  21,  20, ---, ---, ---, 
[415.726s][info][gc,stats    ]     CWR: CLDG Roots                   1 us, workers (us):   1, ---, ---, ---, ---, ---, 
[415.726s][info][gc,stats    ]   Rendezvous                         32 us
[415.726s][info][gc,stats    ] Concurrent Cleanup                   95 us
[415.726s][info][gc,stats    ] Concurrent Class Unloading          327 us
[415.726s][info][gc,stats    ]   Unlink Stale                      222 us
[415.726s][info][gc,stats    ]     System Dictionary                 2 us
[415.726s][info][gc,stats    ]     Weak Class Links                  0 us
[415.726s][info][gc,stats    ]     Code Roots                      220 us
[415.726s][info][gc,stats    ]   Rendezvous                         33 us
[415.726s][info][gc,stats    ]   Purge Unlinked                     30 us
[415.726s][info][gc,stats    ]     Code Roots                       27 us
[415.726s][info][gc,stats    ]     CLDG                              3 us
[415.726s][info][gc,stats    ]     Exception Caches                  0 us
[415.726s][info][gc,stats    ] Pause Final Roots (G)                51 us
[415.726s][info][gc,stats    ] Pause Final Roots (N)                26 us
[415.726s][info][gc,stats    ] Pacing                            92682 us
[415.726s][info][gc,stats    ] 
[415.726s][info][gc,stats    ] Allocation pacing accrued:
[415.726s][info][gc,stats    ]      93 of  4296 ms (  2.2%): main
[415.726s][info][gc,stats    ]      93 of  4296 ms (  2.2%): <total>
[415.726s][info][gc,stats    ]       7 of  4296 ms (  0.2%): <average total>
[415.726s][info][gc,stats    ]      93 of  4296 ms (  2.2%): <average non-zero>
[415.726s][info][gc,stats    ] 
[415.726s][info][gc,metaspace] Metaspace: 1071K(1280K)->1071K(1280K) NonClass: 989K(1088K)->989K(1088K) Class: 81K(192K)->81K(192K)
[415.726s][info][gc,ergo     ] Pacer for Idle. Initial: 20971K, Alloc Tax Rate: 1.0x
[421.978s][info][gc          ] Trigger: Average GC time (16.50 ms) is above the time for average allocation rate (82850 KB/s) to deplete free headroom (0B) (margin of error = 2.44)
[421.978s][info][gc,ergo     ] Free headroom: 140M (free) - 52428K (spike) - 94371K (penalties) = 0B
[421.978s][info][gc,ergo     ] Free: 140M, Max: 512K regular, 95232K humongous, Frag: 34% external, 0% internal; Reserve: 52736K, Max: 512K
[421.978s][info][gc,start    ] GC(80) Concurrent reset
[421.979s][info][gc,task     ] GC(80) Using 3 of 6 workers for concurrent reset
[421.979s][info][gc,ergo     ] GC(80) Pacer for Reset. Non-Taxable: 1024M
[421.979s][info][gc          ] GC(80) Concurrent reset 0.280ms
[421.979s][info][gc,start    ] GC(80) Pause Init Mark (unload classes)
[421.979s][info][gc,task     ] GC(80) Using 6 of 6 workers for init marking
[421.979s][info][gc,ergo     ] GC(80) Pacer for Mark. Expected Live: 123M, Free: 140M, Non-Taxable: 14387K, Alloc Tax Rate: 1.1x
[421.979s][info][gc          ] GC(80) Pause Init Mark (unload classes) 0.142ms
[421.979s][info][gc,start    ] GC(80) Concurrent marking roots
[421.979s][info][gc,task     ] GC(80) Using 3 of 6 workers for concurrent marking roots
[421.979s][info][gc          ] GC(80) Concurrent marking roots 0.324ms
[421.979s][info][gc,start    ] GC(80) Concurrent marking (unload classes)
[421.979s][info][gc,task     ] GC(80) Using 3 of 6 workers for concurrent marking
[421.980s][info][gc          ] GC(80) Concurrent marking (unload classes) 0.803ms
[421.980s][info][gc,start    ] GC(80) Pause Final Mark (unload classes)
[421.980s][info][gc,task     ] GC(80) Using 6 of 6 workers for final marking
[421.980s][info][gc,ergo     ] GC(80) Collectable Garbage: 694M (99%), Immediate: 694M (99%), CSet: 0B (0%)
[421.980s][info][gc          ] GC(80) Pause Final Mark (unload classes) 0.210ms
[421.981s][info][gc,start    ] GC(80) Concurrent weak references
[421.981s][info][gc,task     ] GC(80) Using 3 of 6 workers for concurrent weak references
[421.981s][info][gc,ref      ] GC(80) Encountered references: Soft: 45, Weak: 116, Final: 0, Phantom: 7
[421.981s][info][gc,ref      ] GC(80) Discovered  references: Soft: 0, Weak: 95, Final: 0, Phantom: 5
[421.981s][info][gc,ref      ] GC(80) Enqueued    references: Soft: 0, Weak: 0, Final: 0, Phantom: 0
[421.981s][info][gc          ] GC(80) Concurrent weak references 0.154ms
[421.981s][info][gc,start    ] GC(80) Concurrent weak roots
[421.981s][info][gc,task     ] GC(80) Using 3 of 6 workers for concurrent weak root
[421.981s][info][gc          ] GC(80) Concurrent weak roots 0.182ms
[421.981s][info][gc,start    ] GC(80) Concurrent cleanup
[421.981s][info][gc          ] GC(80) Concurrent cleanup 806M->112M(1024M) 0.080ms
[421.981s][info][gc,ergo     ] GC(80) Free: 859M, Max: 512K regular, 465M humongous, Frag: 46% external, 0% internal; Reserve: 52736K, Max: 512K
[421.981s][info][gc,start    ] GC(80) Concurrent class unloading
[421.981s][info][gc,task     ] GC(80) Using 3 of 6 workers for concurrent class unloading
[421.981s][info][gc          ] GC(80) Concurrent class unloading 0.341ms
[421.981s][info][gc,start    ] GC(80) Pause Final Roots
[421.981s][info][gc          ] GC(80) Pause Final Roots 0.019ms
[421.982s][info][gc,ergo     ] Free: 859M, Max: 512K regular, 465M humongous, Frag: 46% external, 0% internal; Reserve: 52736K, Max: 512K
[421.982s][info][gc,stats    ] 
[421.982s][info][gc,stats    ] All times are wall-clock times, except per-root-class counters, that are sum over
[421.982s][info][gc,stats    ] all workers. Dividing the <total> over the root stage time estimates parallelism.
[421.982s][info][gc,stats    ] 
[421.982s][info][gc,stats    ] Concurrent Reset                    301 us
[421.982s][info][gc,stats    ] Pause Init Mark (G)                 224 us
[421.982s][info][gc,stats    ] Pause Init Mark (N)                 155 us
[421.982s][info][gc,stats    ]   Update Region States               91 us
[421.982s][info][gc,stats    ] Concurrent Mark Roots               342 us, parallelism: 0.94x
[421.982s][info][gc,stats    ]   CMR: <total>                      322 us
[421.982s][info][gc,stats    ]   CMR: Thread Roots                 289 us, workers (us):  65,  60, 164, ---, ---, ---, 
[421.982s][info][gc,stats    ]   CMR: VM Strong Roots                4 us, workers (us):   2,   2,   0, ---, ---, ---, 
[421.982s][info][gc,stats    ]   CMR: CLDG Roots                    30 us, workers (us): ---,  30, ---, ---, ---, ---, 
[421.982s][info][gc,stats    ] Concurrent Marking                  828 us
[421.982s][info][gc,stats    ] Pause Final Mark (G)                329 us
[421.982s][info][gc,stats    ] Pause Final Mark (N)                220 us
[421.982s][info][gc,stats    ]   Finish Mark                        41 us
[421.982s][info][gc,stats    ]   Update Region States               69 us
[421.982s][info][gc,stats    ]   Choose Collection Set              54 us
[421.982s][info][gc,stats    ]   Rebuild Free Set                   10 us
[421.982s][info][gc,stats    ] Concurrent Weak References          163 us, parallelism: 0.05x
[421.982s][info][gc,stats    ]   CWRF: <total>                       8 us
[421.982s][info][gc,stats    ]   CWRF: Weak References               8 us, workers (us):   7,   0,   0, ---, ---, ---, 
[421.982s][info][gc,stats    ] Concurrent Weak Roots               241 us
[421.982s][info][gc,stats    ]   Roots                             127 us, parallelism: 0.97x
[421.982s][info][gc,stats    ]     CWR: <total>                    123 us
[421.982s][info][gc,stats    ]     CWR: Code Cache Roots            67 us, workers (us):   0,  27,  40, ---, ---, ---, 
[421.982s][info][gc,stats    ]     CWR: VM Weak Roots               55 us, workers (us):  27,  28,   0, ---, ---, ---, 
[421.982s][info][gc,stats    ]     CWR: CLDG Roots                   1 us, workers (us):   1, ---, ---, ---, ---, ---, 
[421.982s][info][gc,stats    ]   Rendezvous                         38 us
[421.982s][info][gc,stats    ] Concurrent Cleanup                   91 us
[421.982s][info][gc,stats    ] Concurrent Class Unloading          359 us
[421.982s][info][gc,stats    ]   Unlink Stale                      200 us
[421.982s][info][gc,stats    ]     System Dictionary                 1 us
[421.982s][info][gc,stats    ]     Weak Class Links                  0 us
[421.982s][info][gc,stats    ]     Code Roots                      198 us
[421.982s][info][gc,stats    ]   Rendezvous                         37 us
[421.982s][info][gc,stats    ]   Purge Unlinked                     86 us
[421.982s][info][gc,stats    ]     Code Roots                       82 us
[421.982s][info][gc,stats    ]     CLDG                              4 us
[421.982s][info][gc,stats    ]     Exception Caches                  0 us
[421.982s][info][gc,stats    ] Pause Final Roots (G)                84 us
[421.982s][info][gc,stats    ] Pause Final Roots (N)                29 us
[421.982s][info][gc,stats    ] Pacing                            93033 us
[421.982s][info][gc,stats    ] 
[421.982s][info][gc,stats    ] Allocation pacing accrued:
[421.982s][info][gc,stats    ]      93 of  6256 ms (  1.5%): main
[421.982s][info][gc,stats    ]      93 of  6256 ms (  1.5%): <total>
[421.982s][info][gc,stats    ]       7 of  6256 ms (  0.1%): <average total>
[421.982s][info][gc,stats    ]      93 of  6256 ms (  1.5%): <average non-zero>
[421.982s][info][gc,stats    ] 
[421.982s][info][gc,metaspace] Metaspace: 1071K(1280K)->1071K(1280K) NonClass: 989K(1088K)->989K(1088K) Class: 81K(192K)->81K(192K)
[421.982s][info][gc,ergo     ] Pacer for Idle. Initial: 20971K, Alloc Tax Rate: 1.0x
[427.043s][info][gc          ] Trigger: Free (94720K) is below minimum threshold (102M)
[427.043s][info][gc,ergo     ] Free: 94720K, Max: 512K regular, 51200K humongous, Frag: 46% external, 0% internal; Reserve: 52736K, Max: 512K
[427.043s][info][gc,start    ] GC(81) Concurrent reset
[427.043s][info][gc,task     ] GC(81) Using 3 of 6 workers for concurrent reset
[427.043s][info][gc,ergo     ] GC(81) Pacer for Reset. Non-Taxable: 1024M
[427.043s][info][gc          ] GC(81) Concurrent reset 0.240ms
[427.044s][info][gc,start    ] GC(81) Pause Init Mark (unload classes)
[427.044s][info][gc,task     ] GC(81) Using 6 of 6 workers for init marking
[427.044s][info][gc,ergo     ] GC(81) Pacer for Mark. Expected Live: 129M, Free: 94720K, Non-Taxable: 9472K, Alloc Tax Rate: 1.7x
[427.044s][info][gc          ] GC(81) Pause Init Mark (unload classes) 0.089ms
[427.044s][info][gc,start    ] GC(81) Concurrent marking roots
[427.044s][info][gc,task     ] GC(81) Using 3 of 6 workers for concurrent marking roots
[427.044s][info][gc          ] GC(81) Concurrent marking roots 0.305ms
[427.044s][info][gc,start    ] GC(81) Concurrent marking (unload classes)
[427.044s][info][gc,task     ] GC(81) Using 3 of 6 workers for concurrent marking
[427.045s][info][gc          ] GC(81) Concurrent marking (unload classes) 0.690ms
[427.045s][info][gc,start    ] GC(81) Pause Final Mark (unload classes)
[427.045s][info][gc,task     ] GC(81) Using 6 of 6 workers for final marking
[427.045s][info][gc,ergo     ] GC(81) Collectable Garbage: 776M (99%), Immediate: 776M (99%), CSet: 0B (0%)
[427.045s][info][gc          ] GC(81) Pause Final Mark (unload classes) 0.167ms
[427.045s][info][gc,start    ] GC(81) Concurrent weak references
[427.045s][info][gc,task     ] GC(81) Using 3 of 6 workers for concurrent weak references
[427.045s][info][gc,ref      ] GC(81) Encountered references: Soft: 45, Weak: 116, Final: 0, Phantom: 7
[427.045s][info][gc,ref      ] GC(81) Discovered  references: Soft: 0, Weak: 68, Final: 0, Phantom: 5
[427.045s][info][gc,ref      ] GC(81) Enqueued    references: Soft: 0, Weak: 0, Final: 0, Phantom: 0
[427.045s][info][gc          ] GC(81) Concurrent weak references 0.076ms
[427.045s][info][gc,start    ] GC(81) Concurrent weak roots
[427.045s][info][gc,task     ] GC(81) Using 3 of 6 workers for concurrent weak root
[427.045s][info][gc          ] GC(81) Concurrent weak roots 0.187ms
[427.045s][info][gc,start    ] GC(81) Concurrent cleanup
[427.045s][info][gc          ] GC(81) Concurrent cleanup 858M->82M(1024M) 0.083ms
[427.045s][info][gc,ergo     ] GC(81) Free: 888M, Max: 512K regular, 407M humongous, Frag: 55% external, 0% internal; Reserve: 52736K, Max: 512K
[427.045s][info][gc,start    ] GC(81) Concurrent class unloading
[427.045s][info][gc,task     ] GC(81) Using 3 of 6 workers for concurrent class unloading
[427.046s][info][gc          ] GC(81) Concurrent class unloading 0.242ms
[427.046s][info][gc,start    ] GC(81) Pause Final Roots
[427.046s][info][gc          ] GC(81) Pause Final Roots 0.015ms
[427.046s][info][gc,ergo     ] Free: 888M, Max: 512K regular, 407M humongous, Frag: 55% external, 0% internal; Reserve: 52736K, Max: 512K
[427.046s][info][gc,stats    ] 
[427.046s][info][gc,stats    ] All times are wall-clock times, except per-root-class counters, that are sum over
[427.046s][info][gc,stats    ] all workers. Dividing the <total> over the root stage time estimates parallelism.
[427.046s][info][gc,stats    ] 
[427.046s][info][gc,stats    ] Concurrent Reset                    261 us
[427.046s][info][gc,stats    ] Pause Init Mark (G)                 159 us
[427.046s][info][gc,stats    ] Pause Init Mark (N)                  97 us
[427.046s][info][gc,stats    ]   Update Region States               50 us
[427.046s][info][gc,stats    ] Concurrent Mark Roots               323 us, parallelism: 1.10x
[427.046s][info][gc,stats    ]   CMR: <total>                      356 us
[427.046s][info][gc,stats    ]   CMR: Thread Roots                 304 us, workers (us): 174,  59,  72, ---, ---, ---, 
[427.046s][info][gc,stats    ]   CMR: VM Strong Roots                4 us, workers (us):   2,   2,   0, ---, ---, ---, 
[427.046s][info][gc,stats    ]   CMR: CLDG Roots                    48 us, workers (us):  48, ---, ---, ---, ---, ---, 
[427.046s][info][gc,stats    ] Concurrent Marking                  706 us
[427.046s][info][gc,stats    ] Pause Final Mark (G)                210 us
[427.046s][info][gc,stats    ] Pause Final Mark (N)                176 us
[427.046s][info][gc,stats    ]   Finish Mark                        47 us
[427.046s][info][gc,stats    ]   Update Region States               34 us
[427.046s][info][gc,stats    ]   Choose Collection Set              46 us
[427.046s][info][gc,stats    ]   Rebuild Free Set                    8 us
[427.046s][info][gc,stats    ] Concurrent Weak References           84 us, parallelism: 0.05x
[427.046s][info][gc,stats    ]   CWRF: <total>                       4 us
[427.046s][info][gc,stats    ]   CWRF: Weak References               4 us, workers (us):   3,   1,   1, ---, ---, ---, 
[427.046s][info][gc,stats    ] Concurrent Weak Roots               205 us
[427.046s][info][gc,stats    ]   Roots                             106 us, parallelism: 0.85x
[427.046s][info][gc,stats    ]     CWR: <total>                     90 us
[427.046s][info][gc,stats    ]     CWR: Code Cache Roots            49 us, workers (us):   0,  16,  33, ---, ---, ---, 
[427.046s][info][gc,stats    ]     CWR: VM Weak Roots               41 us, workers (us):  14,  14,  14, ---, ---, ---, 
[427.046s][info][gc,stats    ]     CWR: CLDG Roots                   1 us, workers (us):   1, ---, ---, ---, ---, ---, 
[427.046s][info][gc,stats    ]   Rendezvous                         64 us
[427.046s][info][gc,stats    ] Concurrent Cleanup                   93 us
[427.046s][info][gc,stats    ] Concurrent Class Unloading          260 us
[427.046s][info][gc,stats    ]   Unlink Stale                      178 us
[427.046s][info][gc,stats    ]     System Dictionary                 1 us
[427.046s][info][gc,stats    ]     Weak Class Links                  0 us
[427.046s][info][gc,stats    ]     Code Roots                      177 us
[427.046s][info][gc,stats    ]   Rendezvous                         23 us
[427.046s][info][gc,stats    ]   Purge Unlinked                     24 us
[427.046s][info][gc,stats    ]     Code Roots                       21 us
[427.046s][info][gc,stats    ]     CLDG                              2 us
[427.046s][info][gc,stats    ]     Exception Caches                  0 us
[427.046s][info][gc,stats    ] Pause Final Roots (G)                45 us
[427.046s][info][gc,stats    ] Pause Final Roots (N)                23 us
[427.046s][info][gc,stats    ] Pacing                           107212 us
[427.046s][info][gc,stats    ] 
[427.046s][info][gc,stats    ] Allocation pacing accrued:
[427.046s][info][gc,stats    ]     107 of  5064 ms (  2.1%): main
[427.046s][info][gc,stats    ]     107 of  5064 ms (  2.1%): <total>
[427.046s][info][gc,stats    ]       8 of  5064 ms (  0.2%): <average total>
[427.046s][info][gc,stats    ]     107 of  5064 ms (  2.1%): <average non-zero>
[427.046s][info][gc,stats    ] 
[427.046s][info][gc,metaspace] Metaspace: 1071K(1280K)->1071K(1280K) NonClass: 989K(1088K)->989K(1088K) Class: 81K(192K)->81K(192K)
[427.046s][info][gc,ergo     ] Pacer for Idle. Initial: 20971K, Alloc Tax Rate: 1.0x
[432.871s][info][gc          ] Trigger: Average GC time (9.41 ms) is above the time for instantaneous allocation rate (942 MB/s) to deplete free headroom (7802K) (spike threshold = 1.08)
[432.871s][info][gc,ergo     ] Free: 130M, Max: 512K regular, 88064K humongous, Frag: 35% external, 0% internal; Reserve: 52736K, Max: 512K
[432.871s][info][gc,start    ] GC(82) Concurrent reset
[432.871s][info][gc,task     ] GC(82) Using 3 of 6 workers for concurrent reset
[432.871s][info][gc,ergo     ] GC(82) Pacer for Reset. Non-Taxable: 1024M
[432.871s][info][gc          ] GC(82) Concurrent reset 0.155ms
[432.871s][info][gc,start    ] GC(82) Pause Init Mark (unload classes)
[432.871s][info][gc,task     ] GC(82) Using 6 of 6 workers for init marking
[432.871s][info][gc,ergo     ] GC(82) Pacer for Mark. Expected Live: 108M, Free: 130M, Non-Taxable: 13363K, Alloc Tax Rate: 1.0x
[432.871s][info][gc          ] GC(82) Pause Init Mark (unload classes) 0.097ms
[432.871s][info][gc,start    ] GC(82) Concurrent marking roots
[432.871s][info][gc,task     ] GC(82) Using 3 of 6 workers for concurrent marking roots
[432.872s][info][gc          ] GC(82) Concurrent marking roots 0.242ms
[432.872s][info][gc,start    ] GC(82) Concurrent marking (unload classes)
[432.872s][info][gc,task     ] GC(82) Using 3 of 6 workers for concurrent marking
[432.872s][info][gc          ] GC(82) Concurrent marking (unload classes) 0.669ms
[432.872s][info][gc,start    ] GC(82) Pause Final Mark (unload classes)
[432.872s][info][gc,task     ] GC(82) Using 6 of 6 workers for final marking
[432.872s][info][gc,ergo     ] GC(82) Collectable Garbage: 711M (99%), Immediate: 711M (99%), CSet: 0B (0%)
[432.872s][info][gc          ] GC(82) Pause Final Mark (unload classes) 0.153ms
[432.872s][info][gc,start    ] GC(82) Concurrent weak references
[432.872s][info][gc,task     ] GC(82) Using 3 of 6 workers for concurrent weak references
[432.873s][info][gc,ref      ] GC(82) Encountered references: Soft: 45, Weak: 116, Final: 0, Phantom: 7
[432.873s][info][gc,ref      ] GC(82) Discovered  references: Soft: 0, Weak: 72, Final: 0, Phantom: 5
[432.873s][info][gc,ref      ] GC(82) Enqueued    references: Soft: 0, Weak: 0, Final: 0, Phantom: 0
[432.873s][info][gc          ] GC(82) Concurrent weak references 0.116ms
[432.873s][info][gc,start    ] GC(82) Concurrent weak roots
[432.873s][info][gc,task     ] GC(82) Using 3 of 6 workers for concurrent weak root
[432.873s][info][gc          ] GC(82) Concurrent weak roots 0.155ms
[432.873s][info][gc,start    ] GC(82) Concurrent cleanup
[432.873s][info][gc          ] GC(82) Concurrent cleanup 818M->107M(1024M) 0.091ms
[432.873s][info][gc,ergo     ] GC(82) Free: 865M, Max: 512K regular, 735M humongous, Frag: 15% external, 0% internal; Reserve: 52736K, Max: 512K
[432.873s][info][gc,start    ] GC(82) Concurrent class unloading
[432.873s][info][gc,task     ] GC(82) Using 3 of 6 workers for concurrent class unloading
[432.873s][info][gc          ] GC(82) Concurrent class unloading 0.253ms
[432.873s][info][gc,start    ] GC(82) Pause Final Roots
[432.873s][info][gc          ] GC(82) Pause Final Roots 0.018ms
[432.873s][info][gc,ergo     ] Free: 865M, Max: 512K regular, 735M humongous, Frag: 15% external, 0% internal; Reserve: 52736K, Max: 512K
[432.873s][info][gc,stats    ] 
[432.873s][info][gc,stats    ] All times are wall-clock times, except per-root-class counters, that are sum over
[432.873s][info][gc,stats    ] all workers. Dividing the <total> over the root stage time estimates parallelism.
[432.873s][info][gc,stats    ] 
[432.873s][info][gc,stats    ] Concurrent Reset                    167 us
[432.873s][info][gc,stats    ] Pause Init Mark (G)                 137 us
[432.873s][info][gc,stats    ] Pause Init Mark (N)                 105 us
[432.873s][info][gc,stats    ]   Update Region States               50 us
[432.873s][info][gc,stats    ] Concurrent Mark Roots               256 us, parallelism: 1.29x
[432.873s][info][gc,stats    ]   CMR: <total>                      331 us
[432.873s][info][gc,stats    ]   CMR: Thread Roots                 298 us, workers (us):  64,  35, 199, ---, ---, ---, 
[432.873s][info][gc,stats    ]   CMR: VM Strong Roots                5 us, workers (us):   2,   1,   1, ---, ---, ---, 
[432.873s][info][gc,stats    ]   CMR: CLDG Roots                    28 us, workers (us): ---,  28, ---, ---, ---, ---, 
[432.873s][info][gc,stats    ] Concurrent Marking                  682 us
[432.873s][info][gc,stats    ] Pause Final Mark (G)                215 us
[432.873s][info][gc,stats    ] Pause Final Mark (N)                168 us
[432.873s][info][gc,stats    ]   Finish Mark                        26 us
[432.873s][info][gc,stats    ]   Update Region States               32 us
[432.873s][info][gc,stats    ]   Choose Collection Set              58 us
[432.873s][info][gc,stats    ]   Rebuild Free Set                   11 us
[432.873s][info][gc,stats    ] Concurrent Weak References          127 us, parallelism: 0.05x
[432.873s][info][gc,stats    ]   CWRF: <total>                       7 us
[432.873s][info][gc,stats    ]   CWRF: Weak References               7 us, workers (us):   2,   0,   5, ---, ---, ---, 
[432.873s][info][gc,stats    ] Concurrent Weak Roots               172 us
[432.873s][info][gc,stats    ]   Roots                             105 us, parallelism: 1.47x
[432.873s][info][gc,stats    ]     CWR: <total>                    155 us
[432.873s][info][gc,stats    ]     CWR: Code Cache Roots            84 us, workers (us):  28,   0,  56, ---, ---, ---, 
[432.873s][info][gc,stats    ]     CWR: VM Weak Roots               70 us, workers (us):  29,  21,  20, ---, ---, ---, 
[432.874s][info][gc,stats    ]     CWR: CLDG Roots                   1 us, workers (us): ---,   1, ---, ---, ---, ---, 
[432.874s][info][gc,stats    ]   Rendezvous                         28 us
[432.874s][info][gc,stats    ] Concurrent Cleanup                  106 us
[432.874s][info][gc,stats    ] Concurrent Class Unloading          269 us
[432.874s][info][gc,stats    ]   Unlink Stale                      184 us
[432.874s][info][gc,stats    ]     System Dictionary                 1 us
[432.874s][info][gc,stats    ]     Weak Class Links                  0 us
[432.874s][info][gc,stats    ]     Code Roots                      182 us
[432.874s][info][gc,stats    ]   Rendezvous                         26 us
[432.874s][info][gc,stats    ]   Purge Unlinked                     25 us
[432.874s][info][gc,stats    ]     Code Roots                       22 us
[432.874s][info][gc,stats    ]     CLDG                              2 us
[432.874s][info][gc,stats    ]     Exception Caches                  0 us
[432.874s][info][gc,stats    ] Pause Final Roots (G)                50 us
[432.874s][info][gc,stats    ] Pause Final Roots (N)                27 us
[432.874s][info][gc,stats    ] Pacing                           101590 us
[432.874s][info][gc,stats    ] 
[432.874s][info][gc,stats    ] Allocation pacing accrued:
[432.874s][info][gc,stats    ]     102 of  5828 ms (  1.7%): main
[432.874s][info][gc,stats    ]     102 of  5828 ms (  1.7%): <total>
[432.874s][info][gc,stats    ]       8 of  5828 ms (  0.1%): <average total>
[432.874s][info][gc,stats    ]     102 of  5828 ms (  1.7%): <average non-zero>
[432.874s][info][gc,stats    ] 
[432.874s][info][gc,metaspace] Metaspace: 1071K(1280K)->1071K(1280K) NonClass: 989K(1088K)->989K(1088K) Class: 81K(192K)->81K(192K)
[432.874s][info][gc,ergo     ] Pacer for Idle. Initial: 20971K, Alloc Tax Rate: 1.0x
[438.473s][info][gc          ] Trigger: Free (80384K) is below minimum threshold (102M)
[438.474s][info][gc,ergo     ] Free: 80384K, Max: 512K regular, 43008K humongous, Frag: 47% external, 0% internal; Reserve: 52736K, Max: 512K
[438.474s][info][gc,start    ] GC(83) Concurrent reset
[438.474s][info][gc,task     ] GC(83) Using 3 of 6 workers for concurrent reset
[438.474s][info][gc,ergo     ] GC(83) Pacer for Reset. Non-Taxable: 1024M
[438.474s][info][gc          ] GC(83) Concurrent reset 0.209ms
[438.474s][info][gc,start    ] GC(83) Pause Init Mark (unload classes)
[438.474s][info][gc,task     ] GC(83) Using 6 of 6 workers for init marking
[438.474s][info][gc,ergo     ] GC(83) Pacer for Mark. Expected Live: 111M, Free: 80384K, Non-Taxable: 8038K, Alloc Tax Rate: 1.7x
[438.474s][info][gc          ] GC(83) Pause Init Mark (unload classes) 0.092ms
[438.474s][info][gc,start    ] GC(83) Concurrent marking roots
[438.474s][info][gc,task     ] GC(83) Using 3 of 6 workers for concurrent marking roots
[438.474s][info][gc          ] GC(83) Concurrent marking roots 0.314ms
[438.474s][info][gc,start    ] GC(83) Concurrent marking (unload classes)
[438.474s][info][gc,task     ] GC(83) Using 3 of 6 workers for concurrent marking
[438.475s][info][gc          ] GC(83) Concurrent marking (unload classes) 0.877ms
[438.475s][info][gc,start    ] GC(83) Pause Final Mark (unload classes)
[438.475s][info][gc,task     ] GC(83) Using 6 of 6 workers for final marking
[438.475s][info][gc,ergo     ] GC(83) Collectable Garbage: 778M (99%), Immediate: 778M (99%), CSet: 0B (0%)
[438.475s][info][gc          ] GC(83) Pause Final Mark (unload classes) 0.165ms
[438.475s][info][gc,start    ] GC(83) Concurrent weak references
[438.475s][info][gc,task     ] GC(83) Using 3 of 6 workers for concurrent weak references
[438.475s][info][gc,ref      ] GC(83) Encountered references: Soft: 45, Weak: 116, Final: 0, Phantom: 7
[438.475s][info][gc,ref      ] GC(83) Discovered  references: Soft: 0, Weak: 84, Final: 0, Phantom: 5
[438.475s][info][gc,ref      ] GC(83) Enqueued    references: Soft: 0, Weak: 0, Final: 0, Phantom: 0
[438.475s][info][gc          ] GC(83) Concurrent weak references 0.078ms
[438.475s][info][gc,start    ] GC(83) Concurrent weak roots
[438.475s][info][gc,task     ] GC(83) Using 3 of 6 workers for concurrent weak root
[438.476s][info][gc          ] GC(83) Concurrent weak roots 0.146ms
[438.476s][info][gc,start    ] GC(83) Concurrent cleanup
[438.476s][info][gc          ] GC(83) Concurrent cleanup 870M->92M(1024M) 0.086ms
[438.476s][info][gc,ergo     ] GC(83) Free: 878M, Max: 512K regular, 434M humongous, Frag: 51% external, 0% internal; Reserve: 52736K, Max: 512K
[438.476s][info][gc,start    ] GC(83) Concurrent class unloading
[438.476s][info][gc,task     ] GC(83) Using 3 of 6 workers for concurrent class unloading
[438.476s][info][gc          ] GC(83) Concurrent class unloading 0.255ms
[438.476s][info][gc,start    ] GC(83) Pause Final Roots
[438.476s][info][gc          ] GC(83) Pause Final Roots 0.025ms
[438.476s][info][gc,ergo     ] Free: 878M, Max: 512K regular, 434M humongous, Frag: 51% external, 0% internal; Reserve: 52736K, Max: 512K
[438.476s][info][gc,stats    ] 
[438.476s][info][gc,stats    ] All times are wall-clock times, except per-root-class counters, that are sum over
[438.476s][info][gc,stats    ] all workers. Dividing the <total> over the root stage time estimates parallelism.
[438.476s][info][gc,stats    ] 
[438.476s][info][gc,stats    ] Concurrent Reset                    231 us
[438.476s][info][gc,stats    ] Pause Init Mark (G)                 136 us
[438.476s][info][gc,stats    ] Pause Init Mark (N)                 101 us
[438.476s][info][gc,stats    ]   Update Region States               24 us
[438.476s][info][gc,stats    ] Concurrent Mark Roots               334 us, parallelism: 1.25x
[438.476s][info][gc,stats    ]   CMR: <total>                      416 us
[438.476s][info][gc,stats    ]   CMR: Thread Roots                 380 us, workers (us):  85, 260,  35, ---, ---, ---, 
[438.476s][info][gc,stats    ]   CMR: VM Strong Roots                6 us, workers (us):   3,   2,   2, ---, ---, ---, 
[438.476s][info][gc,stats    ]   CMR: CLDG Roots                    30 us, workers (us): ---, ---,  30, ---, ---, ---, 
[438.476s][info][gc,stats    ] Concurrent Marking                  897 us
[438.476s][info][gc,stats    ] Pause Final Mark (G)                213 us
[438.476s][info][gc,stats    ] Pause Final Mark (N)                175 us
[438.476s][info][gc,stats    ]   Finish Mark                        30 us
[438.476s][info][gc,stats    ]   Update Region States               47 us
[438.476s][info][gc,stats    ]   Choose Collection Set              51 us
[438.476s][info][gc,stats    ]   Rebuild Free Set                    9 us
[438.476s][info][gc,stats    ] Concurrent Weak References           86 us, parallelism: 0.08x
[438.476s][info][gc,stats    ]   CWRF: <total>                       7 us
[438.476s][info][gc,stats    ]   CWRF: Weak References               7 us, workers (us):   1,   6,   0, ---, ---, ---, 
[438.476s][info][gc,stats    ] Concurrent Weak Roots               167 us
[438.476s][info][gc,stats    ]   Roots                              97 us, parallelism: 1.17x
[438.476s][info][gc,stats    ]     CWR: <total>                    113 us
[438.476s][info][gc,stats    ]     CWR: Code Cache Roots            63 us, workers (us):  16,  48,   0, ---, ---, ---, 
[438.476s][info][gc,stats    ]     CWR: VM Weak Roots               49 us, workers (us):  27,  21,   0, ---, ---, ---, 
[438.476s][info][gc,stats    ]     CWR: CLDG Roots                   1 us, workers (us):   1, ---, ---, ---, ---, ---, 
[438.476s][info][gc,stats    ]   Rendezvous                         31 us
[438.476s][info][gc,stats    ] Concurrent Cleanup                   99 us
[438.476s][info][gc,stats    ] Concurrent Class Unloading          275 us
[438.476s][info][gc,stats    ]   Unlink Stale                      176 us
[438.476s][info][gc,stats    ]     System Dictionary                 1 us
[438.476s][info][gc,stats    ]     Weak Class Links                  0 us
[438.476s][info][gc,stats    ]     Code Roots                      174 us
[438.476s][info][gc,stats    ]   Rendezvous                         32 us
[438.476s][info][gc,stats    ]   Purge Unlinked                     30 us
[438.476s][info][gc,stats    ]     Code Roots                       26 us
[438.476s][info][gc,stats    ]     CLDG                              3 us
[438.477s][info][gc,stats    ]     Exception Caches                  0 us
[438.477s][info][gc,stats    ] Pause Final Roots (G)                66 us
[438.477s][info][gc,stats    ] Pause Final Roots (N)                38 us
[438.477s][info][gc,stats    ] Pacing                           107643 us
[438.477s][info][gc,stats    ] 
[438.477s][info][gc,stats    ] Allocation pacing accrued:
[438.477s][info][gc,stats    ]     108 of  5603 ms (  1.9%): main
[438.477s][info][gc,stats    ]     108 of  5603 ms (  1.9%): <total>
[438.477s][info][gc,stats    ]       8 of  5603 ms (  0.1%): <average total>
[438.477s][info][gc,stats    ]     108 of  5603 ms (  1.9%): <average non-zero>
[438.477s][info][gc,stats    ] 
[438.477s][info][gc,metaspace] Metaspace: 1071K(1280K)->1071K(1280K) NonClass: 989K(1088K)->989K(1088K) Class: 81K(192K)->81K(192K)
[438.477s][info][gc,ergo     ] Pacer for Idle. Initial: 20971K, Alloc Tax Rate: 1.0x
[445.487s][info][gc          ] Trigger: Free (95232K) is below minimum threshold (102M)
[445.487s][info][gc,ergo     ] Free: 95232K, Max: 512K regular, 43008K humongous, Frag: 55% external, 0% internal; Reserve: 52736K, Max: 512K
[445.487s][info][gc,start    ] GC(84) Concurrent reset
[445.487s][info][gc,task     ] GC(84) Using 3 of 6 workers for concurrent reset
[445.487s][info][gc,ergo     ] GC(84) Pacer for Reset. Non-Taxable: 1024M
[445.487s][info][gc          ] GC(84) Concurrent reset 0.173ms
[445.487s][info][gc,start    ] GC(84) Pause Init Mark (unload classes)
[445.487s][info][gc,task     ] GC(84) Using 6 of 6 workers for init marking
[445.487s][info][gc,ergo     ] GC(84) Pacer for Mark. Expected Live: 100128K, Free: 95232K, Non-Taxable: 9523K, Alloc Tax Rate: 1.3x
[445.487s][info][gc          ] GC(84) Pause Init Mark (unload classes) 0.092ms
[445.487s][info][gc,start    ] GC(84) Concurrent marking roots
[445.487s][info][gc,task     ] GC(84) Using 3 of 6 workers for concurrent marking roots
[445.487s][info][gc          ] GC(84) Concurrent marking roots 0.290ms
[445.487s][info][gc,start    ] GC(84) Concurrent marking (unload classes)
[445.487s][info][gc,task     ] GC(84) Using 3 of 6 workers for concurrent marking
[445.488s][info][gc          ] GC(84) Concurrent marking (unload classes) 0.803ms
[445.488s][info][gc,start    ] GC(84) Pause Final Mark (unload classes)
[445.488s][info][gc,task     ] GC(84) Using 6 of 6 workers for final marking
[445.488s][info][gc,ergo     ] GC(84) Collectable Garbage: 812M (99%), Immediate: 812M (99%), CSet: 0B (0%)
[445.489s][info][gc          ] GC(84) Pause Final Mark (unload classes) 0.209ms
[445.489s][info][gc,start    ] GC(84) Concurrent weak references
[445.489s][info][gc,task     ] GC(84) Using 3 of 6 workers for concurrent weak references
[445.489s][info][gc,ref      ] GC(84) Encountered references: Soft: 45, Weak: 116, Final: 0, Phantom: 7
[445.489s][info][gc,ref      ] GC(84) Discovered  references: Soft: 0, Weak: 95, Final: 0, Phantom: 5
[445.489s][info][gc,ref      ] GC(84) Enqueued    references: Soft: 0, Weak: 0, Final: 0, Phantom: 0
[445.489s][info][gc          ] GC(84) Concurrent weak references 0.113ms
[445.489s][info][gc,start    ] GC(84) Concurrent weak roots
[445.489s][info][gc,task     ] GC(84) Using 3 of 6 workers for concurrent weak root
[445.489s][info][gc          ] GC(84) Concurrent weak roots 0.128ms
[445.489s][info][gc,start    ] GC(84) Concurrent cleanup
[445.489s][info][gc          ] GC(84) Concurrent cleanup 850M->38M(1024M) 0.089ms
[445.489s][info][gc,ergo     ] GC(84) Free: 933M, Max: 512K regular, 430M humongous, Frag: 54% external, 0% internal; Reserve: 52736K, Max: 512K
[445.489s][info][gc,start    ] GC(84) Concurrent class unloading
[445.489s][info][gc,task     ] GC(84) Using 3 of 6 workers for concurrent class unloading
[445.489s][info][gc          ] GC(84) Concurrent class unloading 0.220ms
[445.489s][info][gc,start    ] GC(84) Pause Final Roots
[445.489s][info][gc          ] GC(84) Pause Final Roots 0.017ms
[445.489s][info][gc,ergo     ] Free: 933M, Max: 512K regular, 430M humongous, Frag: 54% external, 0% internal; Reserve: 52736K, Max: 512K
[445.489s][info][gc,stats    ] 
[445.489s][info][gc,stats    ] All times are wall-clock times, except per-root-class counters, that are sum over
[445.489s][info][gc,stats    ] all workers. Dividing the <total> over the root stage time estimates parallelism.
[445.489s][info][gc,stats    ] 
[445.489s][info][gc,stats    ] Concurrent Reset                    196 us
[445.489s][info][gc,stats    ] Pause Init Mark (G)                 140 us
[445.489s][info][gc,stats    ] Pause Init Mark (N)                 104 us
[445.489s][info][gc,stats    ]   Update Region States               29 us
[445.489s][info][gc,stats    ] Concurrent Mark Roots               311 us, parallelism: 1.27x
[445.489s][info][gc,stats    ]   CMR: <total>                      396 us
[445.489s][info][gc,stats    ]   CMR: Thread Roots                 355 us, workers (us): 236,  84,  35, ---, ---, ---, 
[445.489s][info][gc,stats    ]   CMR: VM Strong Roots                5 us, workers (us):   2,   2,   0, ---, ---, ---, 
[445.489s][info][gc,stats    ]   CMR: CLDG Roots                    36 us, workers (us): ---, ---,  36, ---, ---, ---, 
[445.489s][info][gc,stats    ] Concurrent Marking                  821 us
[445.489s][info][gc,stats    ] Pause Final Mark (G)                265 us
[445.489s][info][gc,stats    ] Pause Final Mark (N)                220 us
[445.489s][info][gc,stats    ]   Finish Mark                        77 us
[445.489s][info][gc,stats    ]   Update Region States               34 us
[445.489s][info][gc,stats    ]   Choose Collection Set              60 us
[445.489s][info][gc,stats    ]   Rebuild Free Set                    9 us
[445.489s][info][gc,stats    ] Concurrent Weak References          126 us, parallelism: 0.06x
[445.489s][info][gc,stats    ]   CWRF: <total>                       8 us
[445.489s][info][gc,stats    ]   CWRF: Weak References               8 us, workers (us):   6,   1,   0, ---, ---, ---, 
[445.489s][info][gc,stats    ] Concurrent Weak Roots               147 us
[445.489s][info][gc,stats    ]   Roots                              75 us, parallelism: 1.47x
[445.489s][info][gc,stats    ]     CWR: <total>                    111 us
[445.489s][info][gc,stats    ]     CWR: Code Cache Roots            55 us, workers (us):  33,  23,   0, ---, ---, ---, 
[445.490s][info][gc,stats    ]     CWR: VM Weak Roots               54 us, workers (us):  19,  18,  17, ---, ---, ---, 
[445.490s][info][gc,stats    ]     CWR: CLDG Roots                   1 us, workers (us): ---, ---,   1, ---, ---, ---, 
[445.490s][info][gc,stats    ]   Rendezvous                         30 us
[445.490s][info][gc,stats    ] Concurrent Cleanup                  101 us
[445.490s][info][gc,stats    ] Concurrent Class Unloading          235 us
[445.490s][info][gc,stats    ]   Unlink Stale                      155 us
[445.490s][info][gc,stats    ]     System Dictionary                 1 us
[445.490s][info][gc,stats    ]     Weak Class Links                  0 us
[445.490s][info][gc,stats    ]     Code Roots                      154 us
[445.490s][info][gc,stats    ]   Rendezvous                         24 us
[445.490s][info][gc,stats    ]   Purge Unlinked                     24 us
[445.490s][info][gc,stats    ]     Code Roots                       20 us
[445.490s][info][gc,stats    ]     CLDG                              3 us
[445.490s][info][gc,stats    ]     Exception Caches                  0 us
[445.490s][info][gc,stats    ] Pause Final Roots (G)                47 us
[445.490s][info][gc,stats    ] Pause Final Roots (N)                25 us
[445.490s][info][gc,stats    ] Pacing                           103013 us
[445.490s][info][gc,stats    ] 
[445.490s][info][gc,stats    ] Allocation pacing accrued:
[445.490s][info][gc,stats    ]     103 of  7013 ms (  1.5%): main
[445.490s][info][gc,stats    ]     103 of  7013 ms (  1.5%): <total>
[445.490s][info][gc,stats    ]       8 of  7013 ms (  0.1%): <average total>
[445.490s][info][gc,stats    ]     103 of  7013 ms (  1.5%): <average non-zero>
[445.490s][info][gc,stats    ] 
[445.490s][info][gc,metaspace] Metaspace: 1071K(1280K)->1071K(1280K) NonClass: 989K(1088K)->989K(1088K) Class: 81K(192K)->81K(192K)
[445.490s][info][gc,ergo     ] Pacer for Idle. Initial: 20971K, Alloc Tax Rate: 1.0x
[450.809s][info][gc          ] Trigger: Free (100352K) is below minimum threshold (102M)
[450.809s][info][gc,ergo     ] Free: 100352K, Max: 512K regular, 91648K humongous, Frag: 9% external, 0% internal; Reserve: 52736K, Max: 512K
[450.809s][info][gc,start    ] GC(85) Concurrent reset
[450.809s][info][gc,task     ] GC(85) Using 3 of 6 workers for concurrent reset
[450.809s][info][gc,ergo     ] GC(85) Pacer for Reset. Non-Taxable: 1024M
[450.809s][info][gc          ] GC(85) Concurrent reset 0.199ms
[450.810s][info][gc,start    ] GC(85) Pause Init Mark (unload classes)
[450.810s][info][gc,task     ] GC(85) Using 6 of 6 workers for init marking
[450.810s][info][gc,ergo     ] GC(85) Pacer for Mark. Expected Live: 82720K, Free: 100352K, Non-Taxable: 10035K, Alloc Tax Rate: 1.0x
[450.810s][info][gc          ] GC(85) Pause Init Mark (unload classes) 0.119ms
[450.810s][info][gc,start    ] GC(85) Concurrent marking roots
[450.810s][info][gc,task     ] GC(85) Using 3 of 6 workers for concurrent marking roots
[450.810s][info][gc          ] GC(85) Concurrent marking roots 0.280ms
[450.810s][info][gc,start    ] GC(85) Concurrent marking (unload classes)
[450.810s][info][gc,task     ] GC(85) Using 3 of 6 workers for concurrent marking
[450.811s][info][gc          ] GC(85) Concurrent marking (unload classes) 0.720ms
[450.811s][info][gc,start    ] GC(85) Pause Final Mark (unload classes)
[450.811s][info][gc,task     ] GC(85) Using 6 of 6 workers for final marking
[450.811s][info][gc,ergo     ] GC(85) Collectable Garbage: 759M (99%), Immediate: 759M (99%), CSet: 0B (0%)
[450.811s][info][gc          ] GC(85) Pause Final Mark (unload classes) 0.232ms
[450.811s][info][gc,start    ] GC(85) Concurrent weak references
[450.811s][info][gc,task     ] GC(85) Using 3 of 6 workers for concurrent weak references
[450.811s][info][gc,ref      ] GC(85) Encountered references: Soft: 45, Weak: 116, Final: 0, Phantom: 7
[450.811s][info][gc,ref      ] GC(85) Discovered  references: Soft: 0, Weak: 95, Final: 0, Phantom: 5
[450.811s][info][gc,ref      ] GC(85) Enqueued    references: Soft: 0, Weak: 0, Final: 0, Phantom: 0
[450.811s][info][gc          ] GC(85) Concurrent weak references 0.140ms
[450.811s][info][gc,start    ] GC(85) Concurrent weak roots
[450.811s][info][gc,task     ] GC(85) Using 3 of 6 workers for concurrent weak root
[450.811s][info][gc          ] GC(85) Concurrent weak roots 0.234ms
[450.811s][info][gc,start    ] GC(85) Concurrent cleanup
[450.811s][info][gc          ] GC(85) Concurrent cleanup 851M->92M(1024M) 0.076ms
[450.812s][info][gc,ergo     ] GC(85) Free: 878M, Max: 512K regular, 365M humongous, Frag: 59% external, 0% internal; Reserve: 52736K, Max: 512K
[450.812s][info][gc,start    ] GC(85) Concurrent class unloading
[450.812s][info][gc,task     ] GC(85) Using 3 of 6 workers for concurrent class unloading
[450.812s][info][gc          ] GC(85) Concurrent class unloading 0.434ms
[450.812s][info][gc,start    ] GC(85) Pause Final Roots
[450.812s][info][gc          ] GC(85) Pause Final Roots 0.016ms
[450.812s][info][gc,ergo     ] Free: 878M, Max: 512K regular, 365M humongous, Frag: 59% external, 0% internal; Reserve: 52736K, Max: 512K
[450.812s][info][gc,stats    ] 
[450.812s][info][gc,stats    ] All times are wall-clock times, except per-root-class counters, that are sum over
[450.812s][info][gc,stats    ] all workers. Dividing the <total> over the root stage time estimates parallelism.
[450.812s][info][gc,stats    ] 
[450.812s][info][gc,stats    ] Concurrent Reset                    226 us
[450.812s][info][gc,stats    ] Pause Init Mark (G)                 172 us
[450.812s][info][gc,stats    ] Pause Init Mark (N)                 135 us
[450.812s][info][gc,stats    ]   Update Region States               53 us
[450.812s][info][gc,stats    ] Concurrent Mark Roots               295 us, parallelism: 1.35x
[450.812s][info][gc,stats    ]   CMR: <total>                      399 us
[450.812s][info][gc,stats    ]   CMR: Thread Roots                 354 us, workers (us): 125,  40, 189, ---, ---, ---, 
[450.812s][info][gc,stats    ]   CMR: VM Strong Roots                5 us, workers (us):   3,   2,   0, ---, ---, ---, 
[450.812s][info][gc,stats    ]   CMR: CLDG Roots                    40 us, workers (us): ---,  40, ---, ---, ---, ---, 
[450.812s][info][gc,stats    ] Concurrent Marking                  739 us
[450.812s][info][gc,stats    ] Pause Final Mark (G)                312 us
[450.812s][info][gc,stats    ] Pause Final Mark (N)                244 us
[450.812s][info][gc,stats    ]   Finish Mark                        83 us
[450.812s][info][gc,stats    ]   Update Region States               62 us
[450.812s][info][gc,stats    ]   Choose Collection Set              51 us
[450.812s][info][gc,stats    ]   Rebuild Free Set                    8 us
[450.812s][info][gc,stats    ] Concurrent Weak References          148 us, parallelism: 0.03x
[450.812s][info][gc,stats    ]   CWRF: <total>                       5 us
[450.812s][info][gc,stats    ]   CWRF: Weak References               5 us, workers (us):   4,   0,   0, ---, ---, ---, 
[450.812s][info][gc,stats    ] Concurrent Weak Roots               252 us
[450.812s][info][gc,stats    ]   Roots                             129 us, parallelism: 0.87x
[450.812s][info][gc,stats    ]     CWR: <total>                    113 us
[450.812s][info][gc,stats    ]     CWR: Code Cache Roots            63 us, workers (us):  48,  15,   0, ---, ---, ---, 
[450.812s][info][gc,stats    ]     CWR: VM Weak Roots               49 us, workers (us):  25,  23,   0, ---, ---, ---, 
[450.812s][info][gc,stats    ]     CWR: CLDG Roots                   1 us, workers (us): ---,   1, ---, ---, ---, ---, 
[450.812s][info][gc,stats    ]   Rendezvous                         88 us
[450.812s][info][gc,stats    ] Concurrent Cleanup                   86 us
[450.812s][info][gc,stats    ] Concurrent Class Unloading          452 us
[450.812s][info][gc,stats    ]   Unlink Stale                      242 us
[450.812s][info][gc,stats    ]     System Dictionary                 2 us
[450.812s][info][gc,stats    ]     Weak Class Links                  0 us
[450.812s][info][gc,stats    ]     Code Roots                      239 us
[450.812s][info][gc,stats    ]   Rendezvous                         90 us
[450.812s][info][gc,stats    ]   Purge Unlinked                     86 us
[450.812s][info][gc,stats    ]     Code Roots                       82 us
[450.812s][info][gc,stats    ]     CLDG                              4 us
[450.812s][info][gc,stats    ]     Exception Caches                  0 us
[450.812s][info][gc,stats    ] Pause Final Roots (G)                94 us
[450.812s][info][gc,stats    ] Pause Final Roots (N)                25 us
[450.812s][info][gc,stats    ] Pacing                           135482 us
[450.812s][info][gc,stats    ] 
[450.812s][info][gc,stats    ] Allocation pacing accrued:
[450.812s][info][gc,stats    ]     135 of  5323 ms (  2.5%): main
[450.812s][info][gc,stats    ]     135 of  5323 ms (  2.5%): <total>
[450.812s][info][gc,stats    ]      10 of  5323 ms (  0.2%): <average total>
[450.812s][info][gc,stats    ]     135 of  5323 ms (  2.5%): <average non-zero>
[450.812s][info][gc,stats    ] 
[450.812s][info][gc,metaspace] Metaspace: 1071K(1280K)->1071K(1280K) NonClass: 989K(1088K)->989K(1088K) Class: 81K(192K)->81K(192K)
[450.813s][info][gc,ergo     ] Pacer for Idle. Initial: 20971K, Alloc Tax Rate: 1.0x
[457.073s][info][gc          ] Trigger: Free (70656K) is below minimum threshold (102M)
[457.073s][info][gc,ergo     ] Free: 70656K, Max: 512K regular, 39936K humongous, Frag: 44% external, 0% internal; Reserve: 52736K, Max: 512K
[457.073s][info][gc,start    ] GC(86) Concurrent reset
[457.073s][info][gc,task     ] GC(86) Using 3 of 6 workers for concurrent reset
[457.073s][info][gc,ergo     ] GC(86) Pacer for Reset. Non-Taxable: 1024M
[457.074s][info][gc          ] GC(86) Concurrent reset 0.221ms
[457.074s][info][gc,start    ] GC(86) Pause Init Mark (unload classes)
[457.074s][info][gc,task     ] GC(86) Using 6 of 6 workers for init marking
[457.074s][info][gc,ergo     ] GC(86) Pacer for Mark. Expected Live: 78624K, Free: 70656K, Non-Taxable: 7065K, Alloc Tax Rate: 1.4x
[457.074s][info][gc          ] GC(86) Pause Init Mark (unload classes) 0.158ms
[457.074s][info][gc,start    ] GC(86) Concurrent marking roots
[457.074s][info][gc,task     ] GC(86) Using 3 of 6 workers for concurrent marking roots
[457.074s][info][gc          ] GC(86) Concurrent marking roots 0.317ms
[457.074s][info][gc,start    ] GC(86) Concurrent marking (unload classes)
[457.074s][info][gc,task     ] GC(86) Using 3 of 6 workers for concurrent marking
[457.075s][info][gc          ] GC(86) Concurrent marking (unload classes) 0.751ms
[457.075s][info][gc,start    ] GC(86) Pause Final Mark (unload classes)
[457.075s][info][gc,task     ] GC(86) Using 6 of 6 workers for final marking
[457.075s][info][gc,ergo     ] GC(86) Collectable Garbage: 805M (99%), Immediate: 805M (99%), CSet: 0B (0%)
[457.075s][info][gc          ] GC(86) Pause Final Mark (unload classes) 0.309ms
[457.075s][info][gc,start    ] GC(86) Concurrent weak references
[457.075s][info][gc,task     ] GC(86) Using 3 of 6 workers for concurrent weak references
[457.076s][info][gc,ref      ] GC(86) Encountered references: Soft: 45, Weak: 116, Final: 0, Phantom: 7
[457.076s][info][gc,ref      ] GC(86) Discovered  references: Soft: 0, Weak: 70, Final: 0, Phantom: 5
[457.076s][info][gc,ref      ] GC(86) Enqueued    references: Soft: 0, Weak: 0, Final: 0, Phantom: 0
[457.076s][info][gc          ] GC(86) Concurrent weak references 0.116ms
[457.076s][info][gc,start    ] GC(86) Concurrent weak roots
[457.076s][info][gc,task     ] GC(86) Using 3 of 6 workers for concurrent weak root
[457.076s][info][gc          ] GC(86) Concurrent weak roots 0.145ms
[457.076s][info][gc,start    ] GC(86) Concurrent cleanup
[457.076s][info][gc          ] GC(86) Concurrent cleanup 877M->72M(1024M) 0.077ms
[457.076s][info][gc,ergo     ] GC(86) Free: 899M, Max: 512K regular, 569M humongous, Frag: 37% external, 0% internal; Reserve: 52736K, Max: 512K
[457.076s][info][gc,start    ] GC(86) Concurrent class unloading
[457.076s][info][gc,task     ] GC(86) Using 3 of 6 workers for concurrent class unloading
[457.076s][info][gc          ] GC(86) Concurrent class unloading 0.285ms
[457.076s][info][gc,start    ] GC(86) Pause Final Roots
[457.076s][info][gc          ] GC(86) Pause Final Roots 0.025ms
[457.076s][info][gc,ergo     ] Free: 899M, Max: 512K regular, 569M humongous, Frag: 37% external, 0% internal; Reserve: 52736K, Max: 512K
[457.076s][info][gc,stats    ] 
[457.076s][info][gc,stats    ] All times are wall-clock times, except per-root-class counters, that are sum over
[457.076s][info][gc,stats    ] all workers. Dividing the <total> over the root stage time estimates parallelism.
[457.076s][info][gc,stats    ] 
[457.076s][info][gc,stats    ] Concurrent Reset                    242 us
[457.076s][info][gc,stats    ] Pause Init Mark (G)                 266 us
[457.076s][info][gc,stats    ] Pause Init Mark (N)                 167 us
[457.076s][info][gc,stats    ]   Update Region States              106 us
[457.076s][info][gc,stats    ] Concurrent Mark Roots               335 us, parallelism: 1.04x
[457.076s][info][gc,stats    ]   CMR: <total>                      348 us
[457.076s][info][gc,stats    ]   CMR: Thread Roots                 317 us, workers (us): 203,  68,  46, ---, ---, ---, 
[457.076s][info][gc,stats    ]   CMR: VM Strong Roots                3 us, workers (us):   3,   0,   0, ---, ---, ---, 
[457.076s][info][gc,stats    ]   CMR: CLDG Roots                    28 us, workers (us):  28, ---, ---, ---, ---, ---, 
[457.076s][info][gc,stats    ] Concurrent Marking                  768 us
[457.076s][info][gc,stats    ] Pause Final Mark (G)                422 us
[457.076s][info][gc,stats    ] Pause Final Mark (N)                320 us
[457.076s][info][gc,stats    ]   Finish Mark                       134 us
[457.076s][info][gc,stats    ]   Update Region States               82 us
[457.076s][info][gc,stats    ]   Choose Collection Set              55 us
[457.076s][info][gc,stats    ]   Rebuild Free Set                    8 us
[457.076s][info][gc,stats    ] Concurrent Weak References          124 us, parallelism: 0.03x
[457.077s][info][gc,stats    ]   CWRF: <total>                       4 us
[457.077s][info][gc,stats    ]   CWRF: Weak References               4 us, workers (us):   2,   1,   0, ---, ---, ---, 
[457.077s][info][gc,stats    ] Concurrent Weak Roots               158 us
[457.077s][info][gc,stats    ]   Roots                              94 us, parallelism: 0.97x
[457.077s][info][gc,stats    ]     CWR: <total>                     91 us
[457.077s][info][gc,stats    ]     CWR: Code Cache Roots            49 us, workers (us):   0,  34,  16, ---, ---, ---, 
[457.077s][info][gc,stats    ]     CWR: VM Weak Roots               41 us, workers (us):  37,   2,   2, ---, ---, ---, 
[457.077s][info][gc,stats    ]     CWR: CLDG Roots                   1 us, workers (us):   1, ---, ---, ---, ---, ---, 
[457.077s][info][gc,stats    ]   Rendezvous                         29 us
[457.077s][info][gc,stats    ] Concurrent Cleanup                   87 us
[457.077s][info][gc,stats    ] Concurrent Class Unloading          308 us
[457.077s][info][gc,stats    ]   Unlink Stale                      210 us
[457.077s][info][gc,stats    ]     System Dictionary                 1 us
[457.077s][info][gc,stats    ]     Weak Class Links                  0 us
[457.077s][info][gc,stats    ]     Code Roots                      209 us
[457.077s][info][gc,stats    ]   Rendezvous                         23 us
[457.077s][info][gc,stats    ]   Purge Unlinked                     34 us
[457.077s][info][gc,stats    ]     Code Roots                       30 us
[457.077s][info][gc,stats    ]     CLDG                              4 us
[457.077s][info][gc,stats    ]     Exception Caches                  0 us
[457.077s][info][gc,stats    ] Pause Final Roots (G)                68 us
[457.077s][info][gc,stats    ] Pause Final Roots (N)                39 us
[457.077s][info][gc,stats    ] Pacing                           107936 us
[457.077s][info][gc,stats    ] 
[457.077s][info][gc,stats    ] Allocation pacing accrued:
[457.077s][info][gc,stats    ]     108 of  6264 ms (  1.7%): main
[457.077s][info][gc,stats    ]     108 of  6264 ms (  1.7%): <total>
[457.077s][info][gc,stats    ]       8 of  6264 ms (  0.1%): <average total>
[457.077s][info][gc,stats    ]     108 of  6264 ms (  1.7%): <average non-zero>
[457.077s][info][gc,stats    ] 
[457.077s][info][gc,metaspace] Metaspace: 1071K(1280K)->1071K(1280K) NonClass: 989K(1088K)->989K(1088K) Class: 81K(192K)->81K(192K)
[457.077s][info][gc,ergo     ] Pacer for Idle. Initial: 20971K, Alloc Tax Rate: 1.0x
[462.597s][info][gc          ] Trigger: Free (95232K) is below minimum threshold (102M)
[462.597s][info][gc,ergo     ] Free: 95232K, Max: 512K regular, 49152K humongous, Frag: 49% external, 0% internal; Reserve: 52736K, Max: 512K
[462.597s][info][gc,start    ] GC(87) Concurrent reset
[462.597s][info][gc,task     ] GC(87) Using 3 of 6 workers for concurrent reset
[462.597s][info][gc,ergo     ] GC(87) Pacer for Reset. Non-Taxable: 1024M
[462.597s][info][gc          ] GC(87) Concurrent reset 0.176ms
[462.597s][info][gc,start    ] GC(87) Pause Init Mark (unload classes)
[462.597s][info][gc,task     ] GC(87) Using 6 of 6 workers for init marking
[462.597s][info][gc,ergo     ] GC(87) Pacer for Mark. Expected Live: 76576K, Free: 95232K, Non-Taxable: 9523K, Alloc Tax Rate: 1.0x
[462.597s][info][gc          ] GC(87) Pause Init Mark (unload classes) 0.100ms
[462.597s][info][gc,start    ] GC(87) Concurrent marking roots
[462.597s][info][gc,task     ] GC(87) Using 3 of 6 workers for concurrent marking roots
[462.598s][info][gc          ] GC(87) Concurrent marking roots 0.296ms
[462.598s][info][gc,start    ] GC(87) Concurrent marking (unload classes)
[462.598s][info][gc,task     ] GC(87) Using 3 of 6 workers for concurrent marking
[462.599s][info][gc          ] GC(87) Concurrent marking (unload classes) 0.874ms
[462.599s][info][gc,start    ] GC(87) Pause Final Mark (unload classes)
[462.599s][info][gc,task     ] GC(87) Using 6 of 6 workers for final marking
[462.599s][info][gc,ergo     ] GC(87) Collectable Garbage: 678M (99%), Immediate: 678M (99%), CSet: 0B (0%)
[462.599s][info][gc          ] GC(87) Pause Final Mark (unload classes) 0.149ms
[462.599s][info][gc,start    ] GC(87) Concurrent weak references
[462.599s][info][gc,task     ] GC(87) Using 3 of 6 workers for concurrent weak references
[462.599s][info][gc,ref      ] GC(87) Encountered references: Soft: 45, Weak: 116, Final: 0, Phantom: 7
[462.599s][info][gc,ref      ] GC(87) Discovered  references: Soft: 0, Weak: 68, Final: 0, Phantom: 5
[462.599s][info][gc,ref      ] GC(87) Enqueued    references: Soft: 0, Weak: 0, Final: 0, Phantom: 0
[462.599s][info][gc          ] GC(87) Concurrent weak references 0.089ms
[462.599s][info][gc,start    ] GC(87) Concurrent weak roots
[462.599s][info][gc,task     ] GC(87) Using 3 of 6 workers for concurrent weak root
[462.599s][info][gc          ] GC(87) Concurrent weak roots 0.136ms
[462.599s][info][gc,start    ] GC(87) Concurrent cleanup
[462.599s][info][gc          ] GC(87) Concurrent cleanup 855M->177M(1024M) 0.094ms
[462.599s][info][gc,ergo     ] GC(87) Free: 793M, Max: 512K regular, 330M humongous, Frag: 59% external, 0% internal; Reserve: 52736K, Max: 512K
[462.599s][info][gc,start    ] GC(87) Concurrent class unloading
[462.599s][info][gc,task     ] GC(87) Using 3 of 6 workers for concurrent class unloading
[462.600s][info][gc          ] GC(87) Concurrent class unloading 0.297ms
[462.600s][info][gc,start    ] GC(87) Pause Final Roots
[462.600s][info][gc          ] GC(87) Pause Final Roots 0.018ms
[462.600s][info][gc,ergo     ] Free: 793M, Max: 512K regular, 330M humongous, Frag: 59% external, 0% internal; Reserve: 52736K, Max: 512K
[462.600s][info][gc,stats    ] 
[462.600s][info][gc,stats    ] All times are wall-clock times, except per-root-class counters, that are sum over
[462.600s][info][gc,stats    ] all workers. Dividing the <total> over the root stage time estimates parallelism.
[462.600s][info][gc,stats    ] 
[462.600s][info][gc,stats    ] Concurrent Reset                    202 us
[462.600s][info][gc,stats    ] Pause Init Mark (G)                 151 us
[462.600s][info][gc,stats    ] Pause Init Mark (N)                 112 us
[462.600s][info][gc,stats    ]   Update Region States               30 us
[462.600s][info][gc,stats    ] Concurrent Mark Roots               314 us, parallelism: 1.19x
[462.600s][info][gc,stats    ]   CMR: <total>                      375 us
[462.600s][info][gc,stats    ]   CMR: Thread Roots                 327 us, workers (us):  68,  73, 186, ---, ---, ---, 
[462.600s][info][gc,stats    ]   CMR: VM Strong Roots                6 us, workers (us):   3,   2,   2, ---, ---, ---, 
[462.600s][info][gc,stats    ]   CMR: CLDG Roots                    41 us, workers (us): ---, ---,  41, ---, ---, ---, 
[462.600s][info][gc,stats    ] Concurrent Marking                  911 us
[462.600s][info][gc,stats    ] Pause Final Mark (G)                198 us
[462.600s][info][gc,stats    ] Pause Final Mark (N)                159 us
[462.600s][info][gc,stats    ]   Finish Mark                        33 us
[462.600s][info][gc,stats    ]   Update Region States               35 us
[462.600s][info][gc,stats    ]   Choose Collection Set              42 us
[462.600s][info][gc,stats    ]   Rebuild Free Set                    9 us
[462.600s][info][gc,stats    ] Concurrent Weak References           98 us, parallelism: 0.06x
[462.600s][info][gc,stats    ]   CWRF: <total>                       6 us
[462.600s][info][gc,stats    ]   CWRF: Weak References               6 us, workers (us):   5,   0,   0, ---, ---, ---, 
[462.600s][info][gc,stats    ] Concurrent Weak Roots               151 us
[462.600s][info][gc,stats    ]   Roots                              93 us, parallelism: 1.37x
[462.600s][info][gc,stats    ]     CWR: <total>                    128 us
[462.600s][info][gc,stats    ]     CWR: Code Cache Roots            75 us, workers (us):  24,   0,  51, ---, ---, ---, 
[462.600s][info][gc,stats    ]     CWR: VM Weak Roots               51 us, workers (us):  18,  18,  16, ---, ---, ---, 
[462.600s][info][gc,stats    ]     CWR: CLDG Roots                   1 us, workers (us): ---,   1, ---, ---, ---, ---, 
[462.600s][info][gc,stats    ]   Rendezvous                         26 us
[462.600s][info][gc,stats    ] Concurrent Cleanup                  119 us
[462.600s][info][gc,stats    ] Concurrent Class Unloading          319 us
[462.600s][info][gc,stats    ]   Unlink Stale                      207 us
[462.600s][info][gc,stats    ]     System Dictionary                 2 us
[462.600s][info][gc,stats    ]     Weak Class Links                  0 us
[462.600s][info][gc,stats    ]     Code Roots                      204 us
[462.600s][info][gc,stats    ]   Rendezvous                         31 us
[462.600s][info][gc,stats    ]   Purge Unlinked                     33 us
[462.600s][info][gc,stats    ]     Code Roots                       29 us
[462.600s][info][gc,stats    ]     CLDG                              3 us
[462.600s][info][gc,stats    ]     Exception Caches                  0 us
[462.600s][info][gc,stats    ] Pause Final Roots (G)                56 us
[462.600s][info][gc,stats    ] Pause Final Roots (N)                27 us
[462.600s][info][gc,stats    ] Pacing                           119274 us
[462.600s][info][gc,stats    ] 
[462.600s][info][gc,stats    ] Allocation pacing accrued:
[462.600s][info][gc,stats    ]     119 of  5523 ms (  2.2%): main
[462.600s][info][gc,stats    ]     119 of  5523 ms (  2.2%): <total>
[462.600s][info][gc,stats    ]       9 of  5523 ms (  0.2%): <average total>
[462.600s][info][gc,stats    ]     119 of  5523 ms (  2.2%): <average non-zero>
[462.600s][info][gc,stats    ] 
[462.600s][info][gc,metaspace] Metaspace: 1071K(1280K)->1071K(1280K) NonClass: 989K(1088K)->989K(1088K) Class: 81K(192K)->81K(192K)
[462.600s][info][gc,ergo     ] Pacer for Idle. Initial: 20971K, Alloc Tax Rate: 1.0x
[468.108s][info][gc          ] Trigger: Free (99840K) is below minimum threshold (102M)
[468.109s][info][gc,ergo     ] Free: 99840K, Max: 512K regular, 56320K humongous, Frag: 44% external, 0% internal; Reserve: 52736K, Max: 512K
[468.109s][info][gc,start    ] GC(88) Concurrent reset
[468.109s][info][gc,task     ] GC(88) Using 3 of 6 workers for concurrent reset
[468.109s][info][gc,ergo     ] GC(88) Pacer for Reset. Non-Taxable: 1024M
[468.109s][info][gc          ] GC(88) Concurrent reset 0.235ms
[468.109s][info][gc,start    ] GC(88) Pause Init Mark (unload classes)
[468.109s][info][gc,task     ] GC(88) Using 6 of 6 workers for init marking
[468.109s][info][gc,ergo     ] GC(88) Pacer for Mark. Expected Live: 90912K, Free: 99840K, Non-Taxable: 9984K, Alloc Tax Rate: 1.1x
[468.109s][info][gc          ] GC(88) Pause Init Mark (unload classes) 0.080ms
[468.109s][info][gc,start    ] GC(88) Concurrent marking roots
[468.109s][info][gc,task     ] GC(88) Using 3 of 6 workers for concurrent marking roots
[468.109s][info][gc          ] GC(88) Concurrent marking roots 0.265ms
[468.109s][info][gc,start    ] GC(88) Concurrent marking (unload classes)
[468.109s][info][gc,task     ] GC(88) Using 3 of 6 workers for concurrent marking
[468.110s][info][gc          ] GC(88) Concurrent marking (unload classes) 0.677ms
[468.110s][info][gc,start    ] GC(88) Pause Final Mark (unload classes)
[468.110s][info][gc,task     ] GC(88) Using 6 of 6 workers for final marking
[468.110s][info][gc,ergo     ] GC(88) Collectable Garbage: 835M (99%), Immediate: 835M (99%), CSet: 0B (0%)
[468.110s][info][gc          ] GC(88) Pause Final Mark (unload classes) 0.134ms
[468.110s][info][gc,start    ] GC(88) Concurrent weak references
[468.110s][info][gc,task     ] GC(88) Using 3 of 6 workers for concurrent weak references
[468.110s][info][gc,ref      ] GC(88) Encountered references: Soft: 45, Weak: 116, Final: 0, Phantom: 7
[468.110s][info][gc,ref      ] GC(88) Discovered  references: Soft: 0, Weak: 95, Final: 0, Phantom: 5
[468.110s][info][gc,ref      ] GC(88) Enqueued    references: Soft: 0, Weak: 0, Final: 0, Phantom: 0
[468.110s][info][gc          ] GC(88) Concurrent weak references 0.084ms
[468.110s][info][gc,start    ] GC(88) Concurrent weak roots
[468.110s][info][gc,task     ] GC(88) Using 3 of 6 workers for concurrent weak root
[468.110s][info][gc          ] GC(88) Concurrent weak roots 0.108ms
[468.110s][info][gc,start    ] GC(88) Concurrent cleanup
[468.110s][info][gc          ] GC(88) Concurrent cleanup 852M->17M(1024M) 0.081ms
[468.110s][info][gc,ergo     ] GC(88) Free: 954M, Max: 512K regular, 585M humongous, Frag: 39% external, 0% internal; Reserve: 52736K, Max: 512K
[468.110s][info][gc,start    ] GC(88) Concurrent class unloading
[468.110s][info][gc,task     ] GC(88) Using 3 of 6 workers for concurrent class unloading
[468.111s][info][gc          ] GC(88) Concurrent class unloading 0.225ms
[468.111s][info][gc,start    ] GC(88) Pause Final Roots
[468.111s][info][gc          ] GC(88) Pause Final Roots 0.015ms
[468.111s][info][gc,ergo     ] Free: 954M, Max: 512K regular, 585M humongous, Frag: 39% external, 0% internal; Reserve: 52736K, Max: 512K
[468.111s][info][gc,stats    ] 
[468.111s][info][gc,stats    ] All times are wall-clock times, except per-root-class counters, that are sum over
[468.111s][info][gc,stats    ] all workers. Dividing the <total> over the root stage time estimates parallelism.
[468.111s][info][gc,stats    ] 
[468.111s][info][gc,stats    ] Concurrent Reset                    258 us
[468.111s][info][gc,stats    ] Pause Init Mark (G)                 123 us
[468.111s][info][gc,stats    ] Pause Init Mark (N)                  90 us
[468.111s][info][gc,stats    ]   Update Region States               28 us
[468.111s][info][gc,stats    ] Concurrent Mark Roots               279 us, parallelism: 1.30x
[468.111s][info][gc,stats    ]   CMR: <total>                      361 us
[468.111s][info][gc,stats    ]   CMR: Thread Roots                 323 us, workers (us): 215,  38,  70, ---, ---, ---, 
[468.111s][info][gc,stats    ]   CMR: VM Strong Roots                4 us, workers (us):   3,   1,   0, ---, ---, ---, 
[468.111s][info][gc,stats    ]   CMR: CLDG Roots                    33 us, workers (us): ---,  33, ---, ---, ---, ---, 
[468.111s][info][gc,stats    ] Concurrent Marking                  697 us
[468.111s][info][gc,stats    ] Pause Final Mark (G)                178 us
[468.111s][info][gc,stats    ] Pause Final Mark (N)                143 us
[468.111s][info][gc,stats    ]   Finish Mark                        29 us
[468.111s][info][gc,stats    ]   Update Region States               25 us
[468.111s][info][gc,stats    ]   Choose Collection Set              45 us
[468.111s][info][gc,stats    ]   Rebuild Free Set                    8 us
[468.111s][info][gc,stats    ] Concurrent Weak References           92 us, parallelism: 0.05x
[468.111s][info][gc,stats    ]   CWRF: <total>                       5 us
[468.111s][info][gc,stats    ]   CWRF: Weak References               5 us, workers (us):   1,   4,   0, ---, ---, ---, 
[468.111s][info][gc,stats    ] Concurrent Weak Roots               119 us
[468.111s][info][gc,stats    ]   Roots                              69 us, parallelism: 1.31x
[468.111s][info][gc,stats    ]     CWR: <total>                     91 us
[468.111s][info][gc,stats    ]     CWR: Code Cache Roots            48 us, workers (us):  33,  16,   0, ---, ---, ---, 
[468.111s][info][gc,stats    ]     CWR: VM Weak Roots               42 us, workers (us):  15,  14,  13, ---, ---, ---, 
[468.111s][info][gc,stats    ]     CWR: CLDG Roots                   1 us, workers (us): ---, ---,   1, ---, ---, ---, 
[468.111s][info][gc,stats    ]   Rendezvous                         23 us
[468.111s][info][gc,stats    ] Concurrent Cleanup                   90 us
[468.111s][info][gc,stats    ] Concurrent Class Unloading          239 us
[468.111s][info][gc,stats    ]   Unlink Stale                      160 us
[468.111s][info][gc,stats    ]     System Dictionary                 1 us
[468.111s][info][gc,stats    ]     Weak Class Links                  0 us
[468.111s][info][gc,stats    ]     Code Roots                      158 us
[468.111s][info][gc,stats    ]   Rendezvous                         24 us
[468.111s][info][gc,stats    ]   Purge Unlinked                     24 us
[468.111s][info][gc,stats    ]     Code Roots                       21 us
[468.111s][info][gc,stats    ]     CLDG                              3 us
[468.111s][info][gc,stats    ]     Exception Caches                  0 us
[468.111s][info][gc,stats    ] Pause Final Roots (G)                43 us
[468.111s][info][gc,stats    ] Pause Final Roots (N)                23 us
[468.111s][info][gc,stats    ] Pacing                           107483 us
[468.111s][info][gc,stats    ] 
[468.111s][info][gc,stats    ] Allocation pacing accrued:
[468.111s][info][gc,stats    ]     107 of  5511 ms (  2.0%): main
[468.111s][info][gc,stats    ]     107 of  5511 ms (  2.0%): <total>
[468.111s][info][gc,stats    ]       8 of  5511 ms (  0.2%): <average total>
[468.111s][info][gc,stats    ]     107 of  5511 ms (  2.0%): <average non-zero>
[468.111s][info][gc,stats    ] 
[468.111s][info][gc,metaspace] Metaspace: 1072K(1280K)->1072K(1280K) NonClass: 990K(1088K)->990K(1088K) Class: 81K(192K)->81K(192K)
[468.111s][info][gc,ergo     ] Pacer for Idle. Initial: 20971K, Alloc Tax Rate: 1.0x
[473.736s][info][gc          ] Trigger: Free (100352K) is below minimum threshold (102M)
[473.737s][info][gc,ergo     ] Free: 100352K, Max: 512K regular, 96256K humongous, Frag: 5% external, 0% internal; Reserve: 52736K, Max: 512K
[473.737s][info][gc,start    ] GC(89) Concurrent reset
[473.737s][info][gc,task     ] GC(89) Using 3 of 6 workers for concurrent reset
[473.737s][info][gc,ergo     ] GC(89) Pacer for Reset. Non-Taxable: 1024M
[473.737s][info][gc          ] GC(89) Concurrent reset 0.141ms
[473.737s][info][gc,start    ] GC(89) Pause Init Mark (unload classes)
[473.737s][info][gc,task     ] GC(89) Using 6 of 6 workers for init marking
[473.737s][info][gc,ergo     ] GC(89) Pacer for Mark. Expected Live: 75552K, Free: 100352K, Non-Taxable: 10035K, Alloc Tax Rate: 0.9x
[473.737s][info][gc          ] GC(89) Pause Init Mark (unload classes) 0.077ms
[473.737s][info][gc,start    ] GC(89) Concurrent marking roots
[473.737s][info][gc,task     ] GC(89) Using 3 of 6 workers for concurrent marking roots
[473.737s][info][gc          ] GC(89) Concurrent marking roots 0.269ms
[473.737s][info][gc,start    ] GC(89) Concurrent marking (unload classes)
[473.737s][info][gc,task     ] GC(89) Using 3 of 6 workers for concurrent marking
[473.738s][info][gc          ] GC(89) Concurrent marking (unload classes) 0.721ms
[473.738s][info][gc,start    ] GC(89) Pause Final Mark (unload classes)
[473.738s][info][gc,task     ] GC(89) Using 6 of 6 workers for final marking
[473.738s][info][gc,ergo     ] GC(89) Collectable Garbage: 732M (99%), Immediate: 732M (99%), CSet: 0B (0%)
[473.738s][info][gc          ] GC(89) Pause Final Mark (unload classes) 0.151ms
[473.738s][info][gc,start    ] GC(89) Concurrent weak references
[473.738s][info][gc,task     ] GC(89) Using 3 of 6 workers for concurrent weak references
[473.738s][info][gc,ref      ] GC(89) Encountered references: Soft: 45, Weak: 116, Final: 0, Phantom: 7
[473.738s][info][gc,ref      ] GC(89) Discovered  references: Soft: 0, Weak: 84, Final: 0, Phantom: 5
[473.738s][info][gc,ref      ] GC(89) Enqueued    references: Soft: 0, Weak: 0, Final: 0, Phantom: 0
[473.738s][info][gc          ] GC(89) Concurrent weak references 0.082ms
[473.738s][info][gc,start    ] GC(89) Concurrent weak roots
[473.738s][info][gc,task     ] GC(89) Using 3 of 6 workers for concurrent weak root
[473.738s][info][gc          ] GC(89) Concurrent weak roots 0.116ms
[473.738s][info][gc,start    ] GC(89) Concurrent cleanup
[473.738s][info][gc          ] GC(89) Concurrent cleanup 850M->118M(1024M) 0.073ms
[473.738s][info][gc,ergo     ] GC(89) Free: 852M, Max: 512K regular, 454M humongous, Frag: 47% external, 0% internal; Reserve: 52736K, Max: 512K
[473.738s][info][gc,start    ] GC(89) Concurrent class unloading
[473.738s][info][gc,task     ] GC(89) Using 3 of 6 workers for concurrent class unloading
[473.739s][info][gc          ] GC(89) Concurrent class unloading 0.226ms
[473.739s][info][gc,start    ] GC(89) Pause Final Roots
[473.739s][info][gc          ] GC(89) Pause Final Roots 0.017ms
[473.739s][info][gc,ergo     ] Free: 852M, Max: 512K regular, 454M humongous, Frag: 47% external, 0% internal; Reserve: 52736K, Max: 512K
[473.739s][info][gc,stats    ] 
[473.739s][info][gc,stats    ] All times are wall-clock times, except per-root-class counters, that are sum over
[473.739s][info][gc,stats    ] all workers. Dividing the <total> over the root stage time estimates parallelism.
[473.739s][info][gc,stats    ] 
[473.739s][info][gc,stats    ] Concurrent Reset                    157 us
[473.739s][info][gc,stats    ] Pause Init Mark (G)                 122 us
[473.739s][info][gc,stats    ] Pause Init Mark (N)                  87 us
[473.739s][info][gc,stats    ]   Update Region States               27 us
[473.739s][info][gc,stats    ] Concurrent Mark Roots               286 us, parallelism: 1.38x
[473.739s][info][gc,stats    ]   CMR: <total>                      394 us
[473.739s][info][gc,stats    ]   CMR: Thread Roots                 352 us, workers (us):  87,  48, 217, ---, ---, ---, 
[473.739s][info][gc,stats    ]   CMR: VM Strong Roots                5 us, workers (us):   2,   1,   2, ---, ---, ---, 
[473.739s][info][gc,stats    ]   CMR: CLDG Roots                    37 us, workers (us): ---,  37, ---, ---, ---, ---, 
[473.739s][info][gc,stats    ] Concurrent Marking                  739 us
[473.739s][info][gc,stats    ] Pause Final Mark (G)                192 us
[473.739s][info][gc,stats    ] Pause Final Mark (N)                161 us
[473.739s][info][gc,stats    ]   Finish Mark                        30 us
[473.739s][info][gc,stats    ]   Update Region States               35 us
[473.739s][info][gc,stats    ]   Choose Collection Set              48 us
[473.739s][info][gc,stats    ]   Rebuild Free Set                    9 us
[473.739s][info][gc,stats    ] Concurrent Weak References           90 us, parallelism: 0.06x
[473.739s][info][gc,stats    ]   CWRF: <total>                       5 us
[473.739s][info][gc,stats    ]   CWRF: Weak References               5 us, workers (us):   1,   4,   0, ---, ---, ---, 
[473.739s][info][gc,stats    ] Concurrent Weak Roots               131 us
[473.739s][info][gc,stats    ]   Roots                              72 us, parallelism: 1.35x
[473.739s][info][gc,stats    ]     CWR: <total>                     97 us
[473.739s][info][gc,stats    ]     CWR: Code Cache Roots            53 us, workers (us):   0,  17,  36, ---, ---, ---, 
[473.739s][info][gc,stats    ]     CWR: VM Weak Roots               43 us, workers (us):  15,  15,  13, ---, ---, ---, 
[473.739s][info][gc,stats    ]     CWR: CLDG Roots                   1 us, workers (us):   1, ---, ---, ---, ---, ---, 
[473.739s][info][gc,stats    ]   Rendezvous                         27 us
[473.739s][info][gc,stats    ] Concurrent Cleanup                   83 us
[473.739s][info][gc,stats    ] Concurrent Class Unloading          240 us
[473.739s][info][gc,stats    ]   Unlink Stale                      163 us
[473.739s][info][gc,stats    ]     System Dictionary                 1 us
[473.739s][info][gc,stats    ]     Weak Class Links                  0 us
[473.739s][info][gc,stats    ]     Code Roots                      161 us
[473.739s][info][gc,stats    ]   Rendezvous                         20 us
[473.739s][info][gc,stats    ]   Purge Unlinked                     26 us
[473.739s][info][gc,stats    ]     Code Roots                       23 us
[473.739s][info][gc,stats    ]     CLDG                              3 us
[473.739s][info][gc,stats    ]     Exception Caches                  0 us
[473.739s][info][gc,stats    ] Pause Final Roots (G)                46 us
[473.739s][info][gc,stats    ] Pause Final Roots (N)                25 us
[473.739s][info][gc,stats    ] Pacing                           123660 us
[473.739s][info][gc,stats    ] 
[473.739s][info][gc,stats    ] Allocation pacing accrued:
[473.739s][info][gc,stats    ]     124 of  5628 ms (  2.2%): main
[473.739s][info][gc,stats    ]     124 of  5628 ms (  2.2%): <total>
[473.739s][info][gc,stats    ]      10 of  5628 ms (  0.2%): <average total>
[473.739s][info][gc,stats    ]     124 of  5628 ms (  2.2%): <average non-zero>
[473.739s][info][gc,stats    ] 
[473.739s][info][gc,metaspace] Metaspace: 1072K(1280K)->1072K(1280K) NonClass: 990K(1088K)->990K(1088K) Class: 81K(192K)->81K(192K)
[473.739s][info][gc,ergo     ] Pacer for Idle. Initial: 20971K, Alloc Tax Rate: 1.0x
[479.766s][info][gc          ] Trigger: Free (100352K) is below minimum threshold (102M)
[479.766s][info][gc,ergo     ] Free: 100352K, Max: 512K regular, 85504K humongous, Frag: 15% external, 0% internal; Reserve: 52736K, Max: 512K
[479.766s][info][gc,start    ] GC(90) Concurrent reset
[479.766s][info][gc,task     ] GC(90) Using 3 of 6 workers for concurrent reset
[479.766s][info][gc,ergo     ] GC(90) Pacer for Reset. Non-Taxable: 1024M
[479.766s][info][gc          ] GC(90) Concurrent reset 0.222ms
[479.766s][info][gc,start    ] GC(90) Pause Init Mark (unload classes)
[479.766s][info][gc,task     ] GC(90) Using 6 of 6 workers for init marking
[479.766s][info][gc,ergo     ] GC(90) Pacer for Mark. Expected Live: 91936K, Free: 100352K, Non-Taxable: 10035K, Alloc Tax Rate: 1.1x
[479.766s][info][gc          ] GC(90) Pause Init Mark (unload classes) 0.083ms
[479.767s][info][gc,start    ] GC(90) Concurrent marking roots
[479.767s][info][gc,task     ] GC(90) Using 3 of 6 workers for concurrent marking roots
[479.767s][info][gc          ] GC(90) Concurrent marking roots 0.320ms
[479.767s][info][gc,start    ] GC(90) Concurrent marking (unload classes)
[479.767s][info][gc,task     ] GC(90) Using 3 of 6 workers for concurrent marking
[479.768s][info][gc          ] GC(90) Concurrent marking (unload classes) 0.912ms
[479.768s][info][gc,start    ] GC(90) Pause Final Mark (unload classes)
[479.768s][info][gc,task     ] GC(90) Using 6 of 6 workers for final marking
[479.768s][info][gc,ergo     ] GC(90) Collectable Garbage: 827M (99%), Immediate: 827M (99%), CSet: 0B (0%)
[479.768s][info][gc          ] GC(90) Pause Final Mark (unload classes) 0.152ms
[479.768s][info][gc,start    ] GC(90) Concurrent weak references
[479.768s][info][gc,task     ] GC(90) Using 3 of 6 workers for concurrent weak references
[479.768s][info][gc,ref      ] GC(90) Encountered references: Soft: 45, Weak: 116, Final: 0, Phantom: 7
[479.768s][info][gc,ref      ] GC(90) Discovered  references: Soft: 0, Weak: 86, Final: 0, Phantom: 5
[479.768s][info][gc,ref      ] GC(90) Enqueued    references: Soft: 0, Weak: 0, Final: 0, Phantom: 0
[479.768s][info][gc          ] GC(90) Concurrent weak references 0.113ms
[479.768s][info][gc,start    ] GC(90) Concurrent weak roots
[479.768s][info][gc,task     ] GC(90) Using 3 of 6 workers for concurrent weak root
[479.768s][info][gc          ] GC(90) Concurrent weak roots 0.132ms
[479.768s][info][gc,start    ] GC(90) Concurrent cleanup
[479.768s][info][gc          ] GC(90) Concurrent cleanup 850M->22M(1024M) 0.083ms
[479.768s][info][gc,ergo     ] GC(90) Free: 949M, Max: 512K regular, 785M humongous, Frag: 18% external, 0% internal; Reserve: 52736K, Max: 512K
[479.768s][info][gc,start    ] GC(90) Concurrent class unloading
[479.768s][info][gc,task     ] GC(90) Using 3 of 6 workers for concurrent class unloading
[479.769s][info][gc          ] GC(90) Concurrent class unloading 0.264ms
[479.769s][info][gc,start    ] GC(90) Pause Final Roots
[479.769s][info][gc          ] GC(90) Pause Final Roots 0.016ms
[479.769s][info][gc,ergo     ] Free: 949M, Max: 512K regular, 785M humongous, Frag: 18% external, 0% internal; Reserve: 52736K, Max: 512K
[479.769s][info][gc,stats    ] 
[479.769s][info][gc,stats    ] All times are wall-clock times, except per-root-class counters, that are sum over
[479.769s][info][gc,stats    ] all workers. Dividing the <total> over the root stage time estimates parallelism.
[479.769s][info][gc,stats    ] 
[479.769s][info][gc,stats    ] Concurrent Reset                    251 us
[479.769s][info][gc,stats    ] Pause Init Mark (G)                 136 us
[479.769s][info][gc,stats    ] Pause Init Mark (N)                  99 us
[479.769s][info][gc,stats    ]   Update Region States               25 us
[479.769s][info][gc,stats    ] Concurrent Mark Roots               340 us, parallelism: 1.30x
[479.769s][info][gc,stats    ]   CMR: <total>                      442 us
[479.769s][info][gc,stats    ]   CMR: Thread Roots                 394 us, workers (us):  46, 262,  86, ---, ---, ---, 
[479.769s][info][gc,stats    ]   CMR: VM Strong Roots                6 us, workers (us):   3,   2,   2, ---, ---, ---, 
[479.769s][info][gc,stats    ]   CMR: CLDG Roots                    41 us, workers (us):  41, ---, ---, ---, ---, ---, 
[479.769s][info][gc,stats    ] Concurrent Marking                  931 us
[479.769s][info][gc,stats    ] Pause Final Mark (G)                204 us
[479.769s][info][gc,stats    ] Pause Final Mark (N)                164 us
[479.769s][info][gc,stats    ]   Finish Mark                        35 us
[479.769s][info][gc,stats    ]   Update Region States               24 us
[479.769s][info][gc,stats    ]   Choose Collection Set              53 us
[479.769s][info][gc,stats    ]   Rebuild Free Set                   12 us
[479.769s][info][gc,stats    ] Concurrent Weak References          125 us, parallelism: 0.05x
[479.769s][info][gc,stats    ]   CWRF: <total>                       6 us
[479.769s][info][gc,stats    ]   CWRF: Weak References               6 us, workers (us):   4,   2,   0, ---, ---, ---, 
[479.769s][info][gc,stats    ] Concurrent Weak Roots               150 us
[479.769s][info][gc,stats    ]   Roots                              84 us, parallelism: 1.47x
[479.769s][info][gc,stats    ]     CWR: <total>                    124 us
[479.769s][info][gc,stats    ]     CWR: Code Cache Roots            61 us, workers (us):   0,  37,  24, ---, ---, ---, 
[479.769s][info][gc,stats    ]     CWR: VM Weak Roots               62 us, workers (us):  21,  21,  20, ---, ---, ---, 
[479.769s][info][gc,stats    ]     CWR: CLDG Roots                   1 us, workers (us):   1, ---, ---, ---, ---, ---, 
[479.769s][info][gc,stats    ]   Rendezvous                         24 us
[479.769s][info][gc,stats    ] Concurrent Cleanup                   94 us
[479.769s][info][gc,stats    ] Concurrent Class Unloading          283 us
[479.769s][info][gc,stats    ]   Unlink Stale                      195 us
[479.769s][info][gc,stats    ]     System Dictionary                 1 us
[479.769s][info][gc,stats    ]     Weak Class Links                  0 us
[479.769s][info][gc,stats    ]     Code Roots                      193 us
[479.769s][info][gc,stats    ]   Rendezvous                         23 us
[479.769s][info][gc,stats    ]   Purge Unlinked                     28 us
[479.769s][info][gc,stats    ]     Code Roots                       24 us
[479.769s][info][gc,stats    ]     CLDG                              4 us
[479.769s][info][gc,stats    ]     Exception Caches                  0 us
[479.769s][info][gc,stats    ] Pause Final Roots (G)                59 us
[479.769s][info][gc,stats    ] Pause Final Roots (N)                35 us
[479.769s][info][gc,stats    ] Pacing                            92452 us
[479.769s][info][gc,stats    ] 
[479.769s][info][gc,stats    ] Allocation pacing accrued:
[479.769s][info][gc,stats    ]      92 of  6030 ms (  1.5%): main
[479.769s][info][gc,stats    ]      92 of  6030 ms (  1.5%): <total>
[479.769s][info][gc,stats    ]       7 of  6030 ms (  0.1%): <average total>
[479.769s][info][gc,stats    ]      92 of  6030 ms (  1.5%): <average non-zero>
[479.769s][info][gc,stats    ] 
[479.769s][info][gc,metaspace] Metaspace: 1072K(1280K)->1072K(1280K) NonClass: 990K(1088K)->990K(1088K) Class: 81K(192K)->81K(192K)
[479.769s][info][gc,ergo     ] Pacer for Idle. Initial: 20971K, Alloc Tax Rate: 1.0x
[485.730s][info][gc          ] Trigger: Free (62464K) is below minimum threshold (102M)
[485.730s][info][gc,ergo     ] Free: 62464K, Max: 512K regular, 33792K humongous, Frag: 46% external, 0% internal; Reserve: 52736K, Max: 512K
[485.730s][info][gc,start    ] GC(91) Concurrent reset
[485.730s][info][gc,task     ] GC(91) Using 3 of 6 workers for concurrent reset
[485.730s][info][gc,ergo     ] GC(91) Pacer for Reset. Non-Taxable: 1024M
[485.730s][info][gc          ] GC(91) Concurrent reset 0.232ms
[485.730s][info][gc,start    ] GC(91) Pause Init Mark (unload classes)
[485.730s][info][gc,task     ] GC(91) Using 6 of 6 workers for init marking
[485.730s][info][gc,ergo     ] GC(91) Pacer for Mark. Expected Live: 77600K, Free: 62464K, Non-Taxable: 6246K, Alloc Tax Rate: 1.5x
[485.730s][info][gc          ] GC(91) Pause Init Mark (unload classes) 0.136ms
[485.730s][info][gc,start    ] GC(91) Concurrent marking roots
[485.730s][info][gc,task     ] GC(91) Using 3 of 6 workers for concurrent marking roots
[485.731s][info][gc          ] GC(91) Concurrent marking roots 0.262ms
[485.731s][info][gc,start    ] GC(91) Concurrent marking (unload classes)
[485.731s][info][gc,task     ] GC(91) Using 3 of 6 workers for concurrent marking
[485.731s][info][gc          ] GC(91) Concurrent marking (unload classes) 0.734ms
[485.731s][info][gc,start    ] GC(91) Pause Final Mark (unload classes)
[485.731s][info][gc,task     ] GC(91) Using 6 of 6 workers for final marking
[485.732s][info][gc,ergo     ] GC(91) Collectable Garbage: 811M (99%), Immediate: 811M (99%), CSet: 0B (0%)
[485.732s][info][gc          ] GC(91) Pause Final Mark (unload classes) 0.195ms
[485.732s][info][gc,start    ] GC(91) Concurrent weak references
[485.732s][info][gc,task     ] GC(91) Using 3 of 6 workers for concurrent weak references
[485.732s][info][gc,ref      ] GC(91) Encountered references: Soft: 45, Weak: 116, Final: 0, Phantom: 7
[485.732s][info][gc,ref      ] GC(91) Discovered  references: Soft: 0, Weak: 95, Final: 0, Phantom: 5
[485.732s][info][gc,ref      ] GC(91) Enqueued    references: Soft: 0, Weak: 0, Final: 0, Phantom: 0
[485.732s][info][gc          ] GC(91) Concurrent weak references 0.077ms
[485.732s][info][gc,start    ] GC(91) Concurrent weak roots
[485.732s][info][gc,task     ] GC(91) Using 3 of 6 workers for concurrent weak root
[485.732s][info][gc          ] GC(91) Concurrent weak roots 0.140ms
[485.732s][info][gc,start    ] GC(91) Concurrent cleanup
[485.732s][info][gc          ] GC(91) Concurrent cleanup 886M->74M(1024M) 0.078ms
[485.732s][info][gc,ergo     ] GC(91) Free: 895M, Max: 512K regular, 519M humongous, Frag: 42% external, 0% internal; Reserve: 52736K, Max: 512K
[485.732s][info][gc,start    ] GC(91) Concurrent class unloading
[485.732s][info][gc,task     ] GC(91) Using 3 of 6 workers for concurrent class unloading
[485.732s][info][gc          ] GC(91) Concurrent class unloading 0.248ms
[485.732s][info][gc,start    ] GC(91) Pause Final Roots
[485.732s][info][gc          ] GC(91) Pause Final Roots 0.015ms
[485.732s][info][gc,ergo     ] Free: 895M, Max: 512K regular, 519M humongous, Frag: 42% external, 0% internal; Reserve: 52736K, Max: 512K
[485.732s][info][gc,stats    ] 
[485.732s][info][gc,stats    ] All times are wall-clock times, except per-root-class counters, that are sum over
[485.732s][info][gc,stats    ] all workers. Dividing the <total> over the root stage time estimates parallelism.
[485.732s][info][gc,stats    ] 
[485.732s][info][gc,stats    ] Concurrent Reset                    250 us
[485.732s][info][gc,stats    ] Pause Init Mark (G)                 238 us
[485.732s][info][gc,stats    ] Pause Init Mark (N)                 146 us
[485.732s][info][gc,stats    ]   Update Region States               87 us
[485.732s][info][gc,stats    ] Concurrent Mark Roots               273 us, parallelism: 1.17x
[485.732s][info][gc,stats    ]   CMR: <total>                      320 us
[485.732s][info][gc,stats    ]   CMR: Thread Roots                 287 us, workers (us):  72, 180,  35, ---, ---, ---, 
[485.732s][info][gc,stats    ]   CMR: VM Strong Roots                4 us, workers (us):   2,   2,   0, ---, ---, ---, 
[485.732s][info][gc,stats    ]   CMR: CLDG Roots                    28 us, workers (us): ---,  28, ---, ---, ---, ---, 
[485.733s][info][gc,stats    ] Concurrent Marking                  750 us
[485.733s][info][gc,stats    ] Pause Final Mark (G)                277 us
[485.733s][info][gc,stats    ] Pause Final Mark (N)                206 us
[485.733s][info][gc,stats    ]   Finish Mark                        32 us
[485.733s][info][gc,stats    ]   Update Region States               67 us
[485.733s][info][gc,stats    ]   Choose Collection Set              55 us
[485.733s][info][gc,stats    ]   Rebuild Free Set                    8 us
[485.733s][info][gc,stats    ] Concurrent Weak References           86 us, parallelism: 0.06x
[485.733s][info][gc,stats    ]   CWRF: <total>                       5 us
[485.733s][info][gc,stats    ]   CWRF: Weak References               5 us, workers (us):   1,   1,   4, ---, ---, ---, 
[485.733s][info][gc,stats    ] Concurrent Weak Roots               154 us
[485.733s][info][gc,stats    ]   Roots                              68 us, parallelism: 1.31x
[485.733s][info][gc,stats    ]     CWR: <total>                     89 us
[485.733s][info][gc,stats    ]     CWR: Code Cache Roots            48 us, workers (us):   0,  32,  16, ---, ---, ---, 
[485.733s][info][gc,stats    ]     CWR: VM Weak Roots               41 us, workers (us):  14,  14,  14, ---, ---, ---, 
[485.733s][info][gc,stats    ]     CWR: CLDG Roots                   1 us, workers (us):   1, ---, ---, ---, ---, ---, 
[485.733s][info][gc,stats    ]   Rendezvous                         55 us
[485.733s][info][gc,stats    ] Concurrent Cleanup                   87 us
[485.733s][info][gc,stats    ] Concurrent Class Unloading          261 us
[485.733s][info][gc,stats    ]   Unlink Stale                      154 us
[485.733s][info][gc,stats    ]     System Dictionary                 1 us
[485.733s][info][gc,stats    ]     Weak Class Links                  0 us
[485.733s][info][gc,stats    ]     Code Roots                      153 us
[485.733s][info][gc,stats    ]   Rendezvous                         54 us
[485.733s][info][gc,stats    ]   Purge Unlinked                     23 us
[485.733s][info][gc,stats    ]     Code Roots                       20 us
[485.733s][info][gc,stats    ]     CLDG                              3 us
[485.733s][info][gc,stats    ]     Exception Caches                  0 us
[485.733s][info][gc,stats    ] Pause Final Roots (G)                84 us
[485.733s][info][gc,stats    ] Pause Final Roots (N)                23 us
[485.733s][info][gc,stats    ] Pacing                           137689 us
[485.733s][info][gc,stats    ] 
[485.733s][info][gc,stats    ] Allocation pacing accrued:
[485.733s][info][gc,stats    ]     138 of  5964 ms (  2.3%): main
[485.733s][info][gc,stats    ]     138 of  5964 ms (  2.3%): <total>
[485.733s][info][gc,stats    ]      11 of  5964 ms (  0.2%): <average total>
[485.733s][info][gc,stats    ]     138 of  5964 ms (  2.3%): <average non-zero>
[485.733s][info][gc,stats    ] 
[485.733s][info][gc,metaspace] Metaspace: 1072K(1280K)->1072K(1280K) NonClass: 990K(1088K)->990K(1088K) Class: 81K(192K)->81K(192K)
[485.733s][info][gc,ergo     ] Pacer for Idle. Initial: 20971K, Alloc Tax Rate: 1.0x
[491.579s][info][gc          ] Failed to allocate Shared, 100M
[491.579s][info][gc          ] Cancelling GC: Allocation Failure
[491.594s][info][gc          ] Trigger: Handle Allocation Failure
[491.594s][info][gc,ergo     ] Free: 123M, Max: 512K regular, 33792K humongous, Frag: 74% external, 0% internal; Reserve: 52736K, Max: 512K
[491.594s][info][gc,start    ] GC(92) Pause Degenerated GC (Outside of Cycle)
[491.594s][info][gc,task     ] GC(92) Using 6 of 6 workers for stw degenerated gc
[491.595s][info][gc,ref      ] GC(92) Clearing All SoftReferences
[491.595s][info][gc,ref      ] GC(92) Encountered references: Soft: 45, Weak: 116, Final: 0, Phantom: 7
[491.595s][info][gc,ref      ] GC(92) Discovered  references: Soft: 20, Weak: 94, Final: 0, Phantom: 5
[491.595s][info][gc,ref      ] GC(92) Enqueued    references: Soft: 0, Weak: 0, Final: 0, Phantom: 0
[491.595s][info][gc,ergo     ] GC(92) Collectable Garbage: 763M (99%), Immediate: 763M (99%), CSet: 0B (0%)
[491.596s][info][gc,ergo     ] GC(92) Good progress for free space: 909M, need 10485K
[491.596s][info][gc,ergo     ] GC(92) Good progress for used space: 763M, need 512K
[491.596s][info][gc          ] GC(92) Pause Degenerated GC (Outside of Cycle) 826M->62M(1024M) 1.180ms
[491.596s][info][gc,ergo     ] Free: 909M, Max: 512K regular, 633M humongous, Frag: 31% external, 0% internal; Reserve: 52736K, Max: 512K
[491.596s][info][gc,stats    ] 
[491.596s][info][gc,stats    ] All times are wall-clock times, except per-root-class counters, that are sum over
[491.596s][info][gc,stats    ] all workers. Dividing the <total> over the root stage time estimates parallelism.
[491.596s][info][gc,stats    ] 
[491.596s][info][gc,stats    ] Pause Degenerated GC (G)           1263 us
[491.596s][info][gc,stats    ] Pause Degenerated GC (N)           1190 us
[491.596s][info][gc,stats    ]   Degen STW Mark                    495 us, parallelism: 5.37x
[491.596s][info][gc,stats    ]     DSM: <total>                   2658 us
[491.596s][info][gc,stats    ]     DSM: Thread Roots                53 us, workers (us):   9,   9,   9,  11,  14,   0, 
[491.596s][info][gc,stats    ]     DSM: VM Strong Roots              4 us, workers (us):   1,   0,   2,   0,   0,   0, 
[491.596s][info][gc,stats    ]     DSM: CLDG Roots                  37 us, workers (us):   0,  36,   0,   0,   0,   0, 
[491.596s][info][gc,stats    ]     DSM: Parallel Mark             2565 us, workers (us): 438, 405, 437, 437, 433, 416, 
[491.596s][info][gc,stats    ]     System Purge                    228 us
[491.596s][info][gc,stats    ]       Weak References                87 us, parallelism: 0.06x
[491.596s][info][gc,stats    ]         WRP: <total>                  6 us
[491.596s][info][gc,stats    ]         WRP: Weak References          6 us, workers (us):   3,   1,   1,   0,   0,   0, 
[491.596s][info][gc,stats    ]       Unload Classes                 88 us, parallelism: 3.54x
[491.596s][info][gc,stats    ]         DCU: <total>                311 us
[491.596s][info][gc,stats    ]         DCU: Unload Code Caches      311 us, workers (us):  65,  55,  67,  52,  56,  14, 
[491.596s][info][gc,stats    ]       Weak Roots                     51 us, parallelism: 1.04x
[491.596s][info][gc,stats    ]         DWR: <total>                 54 us
[491.596s][info][gc,stats    ]         DWR: VM Weak Roots           54 us, workers (us):  13,  11,  11,  10,   9,   0, 
[491.596s][info][gc,stats    ]       CLDG                            0 us
[491.596s][info][gc,stats    ]   Update Region States               52 us
[491.596s][info][gc,stats    ]   Manage GC/TLABs                     3 us
[491.596s][info][gc,stats    ]   Choose Collection Set              46 us
[491.596s][info][gc,stats    ]   Rebuild Free Set                    8 us
[491.596s][info][gc,stats    ]   Cleanup                             6 us
[491.596s][info][gc,stats    ] Pacing                           134509 us
[491.596s][info][gc,stats    ] 
[491.596s][info][gc,stats    ] Allocation pacing accrued:
[491.596s][info][gc,stats    ]     135 of  5863 ms (  2.3%): main
[491.596s][info][gc,stats    ]     135 of  5863 ms (  2.3%): <total>
[491.596s][info][gc,stats    ]      10 of  5863 ms (  0.2%): <average total>
[491.596s][info][gc,stats    ]     135 of  5863 ms (  2.3%): <average non-zero>
[491.596s][info][gc,stats    ] 
[491.596s][info][gc,metaspace] Metaspace: 1072K(1280K)->1072K(1280K) NonClass: 990K(1088K)->990K(1088K) Class: 81K(192K)->81K(192K)
[491.596s][info][gc,ergo     ] Pacer for Idle. Initial: 20971K, Alloc Tax Rate: 1.0x
[497.226s][info][gc          ] Trigger: Free (88576K) is below minimum threshold (102M)
[497.226s][info][gc,ergo     ] Free: 88576K, Max: 512K regular, 76288K humongous, Frag: 14% external, 0% internal; Reserve: 52736K, Max: 512K
[497.226s][info][gc,start    ] GC(93) Concurrent reset
[497.226s][info][gc,task     ] GC(93) Using 3 of 6 workers for concurrent reset
[497.226s][info][gc,ergo     ] GC(93) Pacer for Reset. Non-Taxable: 1024M
[497.226s][info][gc          ] GC(93) Concurrent reset 0.181ms
[497.226s][info][gc,start    ] GC(93) Pause Init Mark (unload classes)
[497.226s][info][gc,task     ] GC(93) Using 6 of 6 workers for init marking
[497.226s][info][gc,ergo     ] GC(93) Pacer for Mark. Expected Live: 89598K, Free: 88576K, Non-Taxable: 8857K, Alloc Tax Rate: 1.2x
[497.226s][info][gc          ] GC(93) Pause Init Mark (unload classes) 0.090ms
[497.226s][info][gc,start    ] GC(93) Concurrent marking roots
[497.226s][info][gc,task     ] GC(93) Using 3 of 6 workers for concurrent marking roots
[497.227s][info][gc          ] GC(93) Concurrent marking roots 0.315ms
[497.227s][info][gc,start    ] GC(93) Concurrent marking (unload classes)
[497.227s][info][gc,task     ] GC(93) Using 3 of 6 workers for concurrent marking
[497.228s][info][gc          ] GC(93) Concurrent marking (unload classes) 0.900ms
[497.228s][info][gc,start    ] GC(93) Pause Final Mark (unload classes)
[497.228s][info][gc,task     ] GC(93) Using 6 of 6 workers for final marking
[497.228s][info][gc,ergo     ] GC(93) Collectable Garbage: 727M (99%), Immediate: 727M (99%), CSet: 0B (0%)
[497.228s][info][gc          ] GC(93) Pause Final Mark (unload classes) 0.186ms
[497.228s][info][gc,start    ] GC(93) Concurrent weak references
[497.228s][info][gc,task     ] GC(93) Using 3 of 6 workers for concurrent weak references
[497.228s][info][gc,ref      ] GC(93) Encountered references: Soft: 45, Weak: 116, Final: 0, Phantom: 7
[497.228s][info][gc,ref      ] GC(93) Discovered  references: Soft: 0, Weak: 84, Final: 0, Phantom: 5
[497.228s][info][gc,ref      ] GC(93) Enqueued    references: Soft: 0, Weak: 0, Final: 0, Phantom: 0
[497.228s][info][gc          ] GC(93) Concurrent weak references 0.217ms
[497.228s][info][gc,start    ] GC(93) Concurrent weak roots
[497.228s][info][gc,task     ] GC(93) Using 3 of 6 workers for concurrent weak root
[497.228s][info][gc          ] GC(93) Concurrent weak roots 0.154ms
[497.228s][info][gc,start    ] GC(93) Concurrent cleanup
[497.228s][info][gc          ] GC(93) Concurrent cleanup 861M->133M(1024M) 0.087ms
[497.228s][info][gc,ergo     ] GC(93) Free: 836M, Max: 512K regular, 359M humongous, Frag: 58% external, 0% internal; Reserve: 52736K, Max: 512K
[497.228s][info][gc,start    ] GC(93) Concurrent class unloading
[497.229s][info][gc,task     ] GC(93) Using 3 of 6 workers for concurrent class unloading
[497.229s][info][gc          ] GC(93) Concurrent class unloading 0.296ms
[497.229s][info][gc,start    ] GC(93) Pause Final Roots
[497.229s][info][gc          ] GC(93) Pause Final Roots 0.021ms
[497.229s][info][gc,ergo     ] Free: 836M, Max: 512K regular, 359M humongous, Frag: 58% external, 0% internal; Reserve: 52736K, Max: 512K
[497.229s][info][gc,stats    ] 
[497.229s][info][gc,stats    ] All times are wall-clock times, except per-root-class counters, that are sum over
[497.229s][info][gc,stats    ] all workers. Dividing the <total> over the root stage time estimates parallelism.
[497.229s][info][gc,stats    ] 
[497.229s][info][gc,stats    ] Concurrent Reset                    203 us
[497.229s][info][gc,stats    ] Pause Init Mark (G)                 136 us
[497.229s][info][gc,stats    ] Pause Init Mark (N)                 102 us
[497.229s][info][gc,stats    ]   Update Region States               26 us
[497.229s][info][gc,stats    ] Concurrent Mark Roots               341 us, parallelism: 1.27x
[497.229s][info][gc,stats    ]   CMR: <total>                      433 us
[497.229s][info][gc,stats    ]   CMR: Thread Roots                 381 us, workers (us):  76,  50, 255, ---, ---, ---, 
[497.229s][info][gc,stats    ]   CMR: VM Strong Roots                6 us, workers (us):   3,   1,   1, ---, ---, ---, 
[497.229s][info][gc,stats    ]   CMR: CLDG Roots                    45 us, workers (us): ---,  45, ---, ---, ---, ---, 
[497.229s][info][gc,stats    ] Concurrent Marking                  930 us
[497.229s][info][gc,stats    ] Pause Final Mark (G)                280 us
[497.229s][info][gc,stats    ] Pause Final Mark (N)                203 us
[497.229s][info][gc,stats    ]   Finish Mark                        29 us
[497.229s][info][gc,stats    ]   Update Region States               43 us
[497.229s][info][gc,stats    ]   Choose Collection Set              67 us
[497.229s][info][gc,stats    ]   Rebuild Free Set                   13 us
[497.229s][info][gc,stats    ] Concurrent Weak References          229 us, parallelism: 0.04x
[497.229s][info][gc,stats    ]   CWRF: <total>                       9 us
[497.229s][info][gc,stats    ]   CWRF: Weak References               9 us, workers (us):   9,   0,   0, ---, ---, ---, 
[497.229s][info][gc,stats    ] Concurrent Weak Roots               172 us
[497.229s][info][gc,stats    ]   Roots                              99 us, parallelism: 1.44x
[497.229s][info][gc,stats    ]     CWR: <total>                    143 us
[497.229s][info][gc,stats    ]     CWR: Code Cache Roots            78 us, workers (us):  52,   0,  26, ---, ---, ---, 
[497.229s][info][gc,stats    ]     CWR: VM Weak Roots               64 us, workers (us):  24,  22,  18, ---, ---, ---, 
[497.229s][info][gc,stats    ]     CWR: CLDG Roots                   1 us, workers (us): ---,   1, ---, ---, ---, ---, 
[497.229s][info][gc,stats    ]   Rendezvous                         31 us
[497.229s][info][gc,stats    ] Concurrent Cleanup                  101 us
[497.229s][info][gc,stats    ] Concurrent Class Unloading          318 us
[497.229s][info][gc,stats    ]   Unlink Stale                      211 us
[497.229s][info][gc,stats    ]     System Dictionary                 2 us
[497.229s][info][gc,stats    ]     Weak Class Links                  0 us
[497.229s][info][gc,stats    ]     Code Roots                      208 us
[497.229s][info][gc,stats    ]   Rendezvous                         31 us
[497.229s][info][gc,stats    ]   Purge Unlinked                     29 us
[497.229s][info][gc,stats    ]     Code Roots                       24 us
[497.230s][info][gc,stats    ]     CLDG                              5 us
[497.230s][info][gc,stats    ]     Exception Caches                  0 us
[497.230s][info][gc,stats    ] Pause Final Roots (G)                60 us
[497.230s][info][gc,stats    ] Pause Final Roots (N)                34 us
[497.230s][info][gc,stats    ] 
[497.230s][info][gc,stats    ] Allocation pacing accrued:
[497.230s][info][gc,stats    ]       0 of  5634 ms (  0.0%): <total>
[497.230s][info][gc,stats    ]       0 of  5634 ms (  0.0%): <average total>
[497.230s][info][gc,stats    ] 
[497.230s][info][gc,metaspace] Metaspace: 1072K(1280K)->1072K(1280K) NonClass: 990K(1088K)->990K(1088K) Class: 81K(192K)->81K(192K)
[497.230s][info][gc,ergo     ] Pacer for Idle. Initial: 20971K, Alloc Tax Rate: 1.0x
[502.711s][info][gc          ] Trigger: Average GC time (3.20 ms) is above the time for average allocation rate (98831 KB/s) to deplete free headroom (0B) (margin of error = 2.54)
[502.711s][info][gc,ergo     ] Free headroom: 125M (free) - 52428K (spike) - 94371K (penalties) = 0B
[502.711s][info][gc,ergo     ] Free: 125M, Max: 512K regular, 105M humongous, Frag: 16% external, 0% internal; Reserve: 52736K, Max: 512K
[502.711s][info][gc,start    ] GC(94) Concurrent reset
[502.711s][info][gc,task     ] GC(94) Using 3 of 6 workers for concurrent reset
[502.711s][info][gc,ergo     ] GC(94) Pacer for Reset. Non-Taxable: 1024M
[502.711s][info][gc          ] GC(94) Concurrent reset 0.250ms
[502.711s][info][gc,start    ] GC(94) Pause Init Mark (unload classes)
[502.711s][info][gc,task     ] GC(94) Using 6 of 6 workers for init marking
[502.711s][info][gc,ergo     ] GC(94) Pacer for Mark. Expected Live: 80587K, Free: 125M, Non-Taxable: 12800K, Alloc Tax Rate: 0.8x
[502.711s][info][gc          ] GC(94) Pause Init Mark (unload classes) 0.137ms
[502.711s][info][gc,start    ] GC(94) Concurrent marking roots
[502.711s][info][gc,task     ] GC(94) Using 3 of 6 workers for concurrent marking roots
[502.712s][info][gc          ] GC(94) Concurrent marking roots 0.279ms
[502.712s][info][gc,start    ] GC(94) Concurrent marking (unload classes)
[502.712s][info][gc,task     ] GC(94) Using 3 of 6 workers for concurrent marking
[502.712s][info][gc          ] GC(94) Concurrent marking (unload classes) 0.665ms
[502.712s][info][gc,start    ] GC(94) Pause Final Mark (unload classes)
[502.712s][info][gc,task     ] GC(94) Using 6 of 6 workers for final marking
[502.713s][info][gc,ergo     ] GC(94) Collectable Garbage: 792M (99%), Immediate: 792M (99%), CSet: 0B (0%)
[502.713s][info][gc          ] GC(94) Pause Final Mark (unload classes) 0.138ms
[502.713s][info][gc,start    ] GC(94) Concurrent weak references
[502.713s][info][gc,task     ] GC(94) Using 3 of 6 workers for concurrent weak references
[502.713s][info][gc,ref      ] GC(94) Encountered references: Soft: 45, Weak: 116, Final: 0, Phantom: 7
[502.713s][info][gc,ref      ] GC(94) Discovered  references: Soft: 0, Weak: 95, Final: 0, Phantom: 5
[502.713s][info][gc,ref      ] GC(94) Enqueued    references: Soft: 0, Weak: 0, Final: 0, Phantom: 0
[502.713s][info][gc          ] GC(94) Concurrent weak references 0.070ms
[502.713s][info][gc,start    ] GC(94) Concurrent weak roots
[502.713s][info][gc,task     ] GC(94) Using 3 of 6 workers for concurrent weak root
[502.713s][info][gc          ] GC(94) Concurrent weak roots 0.114ms
[502.713s][info][gc,start    ] GC(94) Concurrent cleanup
[502.713s][info][gc          ] GC(94) Concurrent cleanup 825M->32M(1024M) 0.079ms
[502.713s][info][gc,ergo     ] GC(94) Free: 939M, Max: 512K regular, 346M humongous, Frag: 64% external, 0% internal; Reserve: 52736K, Max: 512K
[502.713s][info][gc,start    ] GC(94) Concurrent class unloading
[502.713s][info][gc,task     ] GC(94) Using 3 of 6 workers for concurrent class unloading
[502.713s][info][gc          ] GC(94) Concurrent class unloading 0.214ms
[502.713s][info][gc,start    ] GC(94) Pause Final Roots
[502.713s][info][gc          ] GC(94) Pause Final Roots 0.015ms
[502.713s][info][gc,ergo     ] Free: 939M, Max: 512K regular, 346M humongous, Frag: 64% external, 0% internal; Reserve: 52736K, Max: 512K
[502.713s][info][gc,stats    ] 
[502.713s][info][gc,stats    ] All times are wall-clock times, except per-root-class counters, that are sum over
[502.713s][info][gc,stats    ] all workers. Dividing the <total> over the root stage time estimates parallelism.
[502.713s][info][gc,stats    ] 
[502.713s][info][gc,stats    ] Concurrent Reset                    273 us
[502.713s][info][gc,stats    ] Pause Init Mark (G)                 191 us
[502.713s][info][gc,stats    ] Pause Init Mark (N)                 151 us
[502.713s][info][gc,stats    ]   Update Region States               33 us
[502.713s][info][gc,stats    ] Concurrent Mark Roots               299 us, parallelism: 1.27x
[502.713s][info][gc,stats    ]   CMR: <total>                      380 us
[502.713s][info][gc,stats    ]   CMR: Thread Roots                 342 us, workers (us): 219,  87,  36, ---, ---, ---, 
[502.713s][info][gc,stats    ]   CMR: VM Strong Roots                6 us, workers (us):   3,   2,   2, ---, ---, ---, 
[502.713s][info][gc,stats    ]   CMR: CLDG Roots                    32 us, workers (us): ---, ---,  32, ---, ---, ---, 
[502.713s][info][gc,stats    ] Concurrent Marking                  684 us
[502.713s][info][gc,stats    ] Pause Final Mark (G)                179 us
[502.713s][info][gc,stats    ] Pause Final Mark (N)                148 us
[502.713s][info][gc,stats    ]   Finish Mark                        29 us
[502.713s][info][gc,stats    ]   Update Region States               31 us
[502.713s][info][gc,stats    ]   Choose Collection Set              42 us
[502.713s][info][gc,stats    ]   Rebuild Free Set                    8 us
[502.713s][info][gc,stats    ] Concurrent Weak References           79 us, parallelism: 0.07x
[502.713s][info][gc,stats    ]   CWRF: <total>                       5 us
[502.713s][info][gc,stats    ]   CWRF: Weak References               5 us, workers (us):   1,   4,   0, ---, ---, ---, 
[502.713s][info][gc,stats    ] Concurrent Weak Roots               130 us
[502.713s][info][gc,stats    ]   Roots                              71 us, parallelism: 1.31x
[502.713s][info][gc,stats    ]     CWR: <total>                     93 us
[502.713s][info][gc,stats    ]     CWR: Code Cache Roots            50 us, workers (us):   0,  34,  16, ---, ---, ---, 
[502.713s][info][gc,stats    ]     CWR: VM Weak Roots               42 us, workers (us):  14,  15,  13, ---, ---, ---, 
[502.713s][info][gc,stats    ]     CWR: CLDG Roots                   1 us, workers (us):   1, ---, ---, ---, ---, ---, 
[502.713s][info][gc,stats    ]   Rendezvous                         23 us
[502.713s][info][gc,stats    ] Concurrent Cleanup                   89 us
[502.713s][info][gc,stats    ] Concurrent Class Unloading          228 us
[502.713s][info][gc,stats    ]   Unlink Stale                      152 us
[502.713s][info][gc,stats    ]     System Dictionary                 1 us
[502.713s][info][gc,stats    ]     Weak Class Links                  0 us
[502.713s][info][gc,stats    ]     Code Roots                      150 us
[502.713s][info][gc,stats    ]   Rendezvous                         20 us
[502.713s][info][gc,stats    ]   Purge Unlinked                     25 us
[502.713s][info][gc,stats    ]     Code Roots                       22 us
[502.714s][info][gc,stats    ]     CLDG                              3 us
[502.714s][info][gc,stats    ]     Exception Caches                  0 us
[502.714s][info][gc,stats    ] Pause Final Roots (G)                45 us
[502.714s][info][gc,stats    ] Pause Final Roots (N)                23 us
[502.714s][info][gc,stats    ] Pacing                            92102 us
[502.714s][info][gc,stats    ] 
[502.714s][info][gc,stats    ] Allocation pacing accrued:
[502.714s][info][gc,stats    ]      92 of  5484 ms (  1.7%): main
[502.714s][info][gc,stats    ]      92 of  5484 ms (  1.7%): <total>
[502.714s][info][gc,stats    ]       7 of  5484 ms (  0.1%): <average total>
[502.714s][info][gc,stats    ]      92 of  5484 ms (  1.7%): <average non-zero>
[502.714s][info][gc,stats    ] 
[502.714s][info][gc,metaspace] Metaspace: 1072K(1280K)->1072K(1280K) NonClass: 990K(1088K)->990K(1088K) Class: 81K(192K)->81K(192K)
[502.714s][info][gc,ergo     ] Pacer for Idle. Initial: 20971K, Alloc Tax Rate: 1.0x
[508.692s][info][gc          ] Trigger: Free (58368K) is below minimum threshold (102M)
[508.692s][info][gc,ergo     ] Free: 58368K, Max: 512K regular, 49664K humongous, Frag: 15% external, 0% internal; Reserve: 52736K, Max: 512K
[508.692s][info][gc,start    ] GC(95) Concurrent reset
[508.692s][info][gc,task     ] GC(95) Using 3 of 6 workers for concurrent reset
[508.692s][info][gc,ergo     ] GC(95) Pacer for Reset. Non-Taxable: 1024M
[508.692s][info][gc          ] GC(95) Concurrent reset 0.145ms
[508.692s][info][gc,start    ] GC(95) Pause Init Mark (unload classes)
[508.692s][info][gc,task     ] GC(95) Using 6 of 6 workers for init marking
[508.692s][info][gc,ergo     ] GC(95) Pacer for Mark. Expected Live: 83659K, Free: 58368K, Non-Taxable: 5836K, Alloc Tax Rate: 1.8x
[508.692s][info][gc          ] GC(95) Pause Init Mark (unload classes) 0.074ms
[508.692s][info][gc,start    ] GC(95) Concurrent marking roots
[508.692s][info][gc,task     ] GC(95) Using 3 of 6 workers for concurrent marking roots
[508.692s][info][gc          ] GC(95) Concurrent marking roots 0.271ms
[508.692s][info][gc,start    ] GC(95) Concurrent marking (unload classes)
[508.692s][info][gc,task     ] GC(95) Using 3 of 6 workers for concurrent marking
[508.693s][info][gc          ] GC(95) Concurrent marking (unload classes) 0.662ms
[508.693s][info][gc,start    ] GC(95) Pause Final Mark (unload classes)
[508.693s][info][gc,task     ] GC(95) Using 6 of 6 workers for final marking
[508.693s][info][gc,ergo     ] GC(95) Collectable Garbage: 742M (99%), Immediate: 742M (99%), CSet: 0B (0%)
[508.693s][info][gc          ] GC(95) Pause Final Mark (unload classes) 0.141ms
[508.693s][info][gc,start    ] GC(95) Concurrent weak references
[508.693s][info][gc,task     ] GC(95) Using 3 of 6 workers for concurrent weak references
[508.693s][info][gc,ref      ] GC(95) Encountered references: Soft: 45, Weak: 116, Final: 0, Phantom: 7
[508.693s][info][gc,ref      ] GC(95) Discovered  references: Soft: 0, Weak: 84, Final: 0, Phantom: 5
[508.693s][info][gc,ref      ] GC(95) Enqueued    references: Soft: 0, Weak: 0, Final: 0, Phantom: 0
[508.693s][info][gc          ] GC(95) Concurrent weak references 0.081ms
[508.693s][info][gc,start    ] GC(95) Concurrent weak roots
[508.693s][info][gc,task     ] GC(95) Using 3 of 6 workers for concurrent weak root
[508.693s][info][gc          ] GC(95) Concurrent weak roots 0.120ms
[508.693s][info][gc,start    ] GC(95) Concurrent cleanup
[508.694s][info][gc          ] GC(95) Concurrent cleanup 890M->148M(1024M) 0.075ms
[508.694s][info][gc,ergo     ] GC(95) Free: 822M, Max: 512K regular, 395M humongous, Frag: 52% external, 0% internal; Reserve: 52736K, Max: 512K
[508.694s][info][gc,start    ] GC(95) Concurrent class unloading
[508.694s][info][gc,task     ] GC(95) Using 3 of 6 workers for concurrent class unloading
[508.694s][info][gc          ] GC(95) Concurrent class unloading 0.216ms
[508.694s][info][gc,start    ] GC(95) Pause Final Roots
[508.694s][info][gc          ] GC(95) Pause Final Roots 0.017ms
[508.694s][info][gc,ergo     ] Free: 822M, Max: 512K regular, 395M humongous, Frag: 52% external, 0% internal; Reserve: 52736K, Max: 512K
[508.694s][info][gc,stats    ] 
[508.694s][info][gc,stats    ] All times are wall-clock times, except per-root-class counters, that are sum over
[508.694s][info][gc,stats    ] all workers. Dividing the <total> over the root stage time estimates parallelism.
[508.694s][info][gc,stats    ] 
[508.694s][info][gc,stats    ] Concurrent Reset                    156 us
[508.694s][info][gc,stats    ] Pause Init Mark (G)                 113 us
[508.694s][info][gc,stats    ] Pause Init Mark (N)                  83 us
[508.694s][info][gc,stats    ]   Update Region States               25 us
[508.694s][info][gc,stats    ] Concurrent Mark Roots               285 us, parallelism: 1.44x
[508.694s][info][gc,stats    ]   CMR: <total>                      409 us
[508.694s][info][gc,stats    ]   CMR: Thread Roots                 358 us, workers (us):  80, 221,  57, ---, ---, ---, 
[508.694s][info][gc,stats    ]   CMR: VM Strong Roots                5 us, workers (us):   3,   1,   0, ---, ---, ---, 
[508.694s][info][gc,stats    ]   CMR: CLDG Roots                    46 us, workers (us): ---, ---,  46, ---, ---, ---, 
[508.694s][info][gc,stats    ] Concurrent Marking                  675 us
[508.694s][info][gc,stats    ] Pause Final Mark (G)                185 us
[508.694s][info][gc,stats    ] Pause Final Mark (N)                151 us
[508.694s][info][gc,stats    ]   Finish Mark                        30 us
[508.694s][info][gc,stats    ]   Update Region States               27 us
[508.694s][info][gc,stats    ]   Choose Collection Set              47 us
[508.694s][info][gc,stats    ]   Rebuild Free Set                    8 us
[508.694s][info][gc,stats    ] Concurrent Weak References           89 us, parallelism: 0.05x
[508.694s][info][gc,stats    ]   CWRF: <total>                       5 us
[508.694s][info][gc,stats    ]   CWRF: Weak References               5 us, workers (us):   4,   0,   0, ---, ---, ---, 
[508.694s][info][gc,stats    ] Concurrent Weak Roots               134 us
[508.694s][info][gc,stats    ]   Roots                              78 us, parallelism: 1.44x
[508.694s][info][gc,stats    ]     CWR: <total>                    112 us
[508.694s][info][gc,stats    ]     CWR: Code Cache Roots            58 us, workers (us):  18,  40,   0, ---, ---, ---, 
[508.694s][info][gc,stats    ]     CWR: VM Weak Roots               54 us, workers (us):  19,  18,  17, ---, ---, ---, 
[508.694s][info][gc,stats    ]     CWR: CLDG Roots                   1 us, workers (us): ---, ---,   1, ---, ---, ---, 
[508.694s][info][gc,stats    ]   Rendezvous                         24 us
[508.694s][info][gc,stats    ] Concurrent Cleanup                   85 us
[508.694s][info][gc,stats    ] Concurrent Class Unloading          234 us
[508.694s][info][gc,stats    ]   Unlink Stale                      154 us
[508.694s][info][gc,stats    ]     System Dictionary                 1 us
[508.694s][info][gc,stats    ]     Weak Class Links                  0 us
[508.694s][info][gc,stats    ]     Code Roots                      153 us
[508.694s][info][gc,stats    ]   Rendezvous                         23 us
[508.694s][info][gc,stats    ]   Purge Unlinked                     23 us
[508.694s][info][gc,stats    ]     Code Roots                       20 us
[508.694s][info][gc,stats    ]     CLDG                              2 us
[508.694s][info][gc,stats    ]     Exception Caches                  0 us
[508.694s][info][gc,stats    ] Pause Final Roots (G)                45 us
[508.694s][info][gc,stats    ] Pause Final Roots (N)                25 us
[508.694s][info][gc,stats    ] Pacing                           138003 us
[508.694s][info][gc,stats    ] 
[508.694s][info][gc,stats    ] Allocation pacing accrued:
[508.694s][info][gc,stats    ]     138 of  5981 ms (  2.3%): main
[508.694s][info][gc,stats    ]     138 of  5981 ms (  2.3%): <total>
[508.694s][info][gc,stats    ]      11 of  5981 ms (  0.2%): <average total>
[508.694s][info][gc,stats    ]     138 of  5981 ms (  2.3%): <average non-zero>
[508.694s][info][gc,stats    ] 
[508.694s][info][gc,metaspace] Metaspace: 1072K(1280K)->1072K(1280K) NonClass: 990K(1088K)->990K(1088K) Class: 81K(192K)->81K(192K)
[508.694s][info][gc,ergo     ] Pacer for Idle. Initial: 20971K, Alloc Tax Rate: 1.0x
[514.206s][info][gc          ] Trigger: Average GC time (2.92 ms) is above the time for average allocation rate (142 MB/s) to deplete free headroom (0B) (margin of error = 2.53)
[514.206s][info][gc,ergo     ] Free headroom: 119M (free) - 52428K (spike) - 73400K (penalties) = 0B
[514.206s][info][gc,ergo     ] Free: 119M, Max: 512K regular, 49664K humongous, Frag: 60% external, 0% internal; Reserve: 52736K, Max: 512K
[514.206s][info][gc,start    ] GC(96) Concurrent reset
[514.206s][info][gc,task     ] GC(96) Using 3 of 6 workers for concurrent reset
[514.206s][info][gc,ergo     ] GC(96) Pacer for Reset. Non-Taxable: 1024M
[514.207s][info][gc          ] GC(96) Concurrent reset 0.212ms
[514.207s][info][gc,start    ] GC(96) Pause Init Mark (unload classes)
[514.207s][info][gc,task     ] GC(96) Using 6 of 6 workers for init marking
[514.207s][info][gc,ergo     ] GC(96) Pacer for Mark. Expected Live: 89598K, Free: 119M, Non-Taxable: 12236K, Alloc Tax Rate: 0.9x
[514.207s][info][gc          ] GC(96) Pause Init Mark (unload classes) 0.075ms
[514.207s][info][gc,start    ] GC(96) Concurrent marking roots
[514.207s][info][gc,task     ] GC(96) Using 3 of 6 workers for concurrent marking roots
[514.207s][info][gc          ] GC(96) Concurrent marking roots 0.284ms
[514.207s][info][gc,start    ] GC(96) Concurrent marking (unload classes)
[514.207s][info][gc,task     ] GC(96) Using 3 of 6 workers for concurrent marking
[514.208s][info][gc          ] GC(96) Concurrent marking (unload classes) 1.042ms
[514.208s][info][gc,start    ] GC(96) Pause Final Mark (unload classes)
[514.208s][info][gc,task     ] GC(96) Using 6 of 6 workers for final marking
[514.208s][info][gc,ergo     ] GC(96) Collectable Garbage: 797M (99%), Immediate: 797M (99%), CSet: 0B (0%)
[514.208s][info][gc          ] GC(96) Pause Final Mark (unload classes) 0.171ms
[514.208s][info][gc,start    ] GC(96) Concurrent weak references
[514.208s][info][gc,task     ] GC(96) Using 3 of 6 workers for concurrent weak references
[514.209s][info][gc,ref      ] GC(96) Encountered references: Soft: 45, Weak: 116, Final: 0, Phantom: 7
[514.209s][info][gc,ref      ] GC(96) Discovered  references: Soft: 0, Weak: 84, Final: 0, Phantom: 5
[514.209s][info][gc,ref      ] GC(96) Enqueued    references: Soft: 0, Weak: 0, Final: 0, Phantom: 0
[514.209s][info][gc          ] GC(96) Concurrent weak references 0.123ms
[514.209s][info][gc,start    ] GC(96) Concurrent weak roots
[514.209s][info][gc,task     ] GC(96) Using 3 of 6 workers for concurrent weak root
[514.209s][info][gc          ] GC(96) Concurrent weak roots 0.154ms
[514.209s][info][gc,start    ] GC(96) Concurrent cleanup
[514.209s][info][gc          ] GC(96) Concurrent cleanup 830M->33M(1024M) 0.079ms
[514.209s][info][gc,ergo     ] GC(96) Free: 938M, Max: 512K regular, 480M humongous, Frag: 49% external, 0% internal; Reserve: 52736K, Max: 512K
[514.209s][info][gc,start    ] GC(96) Concurrent class unloading
[514.209s][info][gc,task     ] GC(96) Using 3 of 6 workers for concurrent class unloading
[514.209s][info][gc          ] GC(96) Concurrent class unloading 0.293ms
[514.209s][info][gc,start    ] GC(96) Pause Final Roots
[514.209s][info][gc          ] GC(96) Pause Final Roots 0.015ms
[514.209s][info][gc,ergo     ] Free: 938M, Max: 512K regular, 480M humongous, Frag: 49% external, 0% internal; Reserve: 52736K, Max: 512K
[514.209s][info][gc,stats    ] 
[514.209s][info][gc,stats    ] All times are wall-clock times, except per-root-class counters, that are sum over
[514.209s][info][gc,stats    ] all workers. Dividing the <total> over the root stage time estimates parallelism.
[514.209s][info][gc,stats    ] 
[514.209s][info][gc,stats    ] Concurrent Reset                    237 us
[514.209s][info][gc,stats    ] Pause Init Mark (G)                 117 us
[514.209s][info][gc,stats    ] Pause Init Mark (N)                  83 us
[514.209s][info][gc,stats    ]   Update Region States               27 us
[514.209s][info][gc,stats    ] Concurrent Mark Roots               307 us, parallelism: 1.27x
[514.209s][info][gc,stats    ]   CMR: <total>                      391 us
[514.209s][info][gc,stats    ]   CMR: Thread Roots                 342 us, workers (us):  47, 233,  62, ---, ---, ---, 
[514.209s][info][gc,stats    ]   CMR: VM Strong Roots                5 us, workers (us):   2,   2,   2, ---, ---, ---, 
[514.209s][info][gc,stats    ]   CMR: CLDG Roots                    43 us, workers (us):  43, ---, ---, ---, ---, ---, 
[514.209s][info][gc,stats    ] Concurrent Marking                 1076 us
[514.209s][info][gc,stats    ] Pause Final Mark (G)                221 us
[514.209s][info][gc,stats    ] Pause Final Mark (N)                181 us
[514.209s][info][gc,stats    ]   Finish Mark                        46 us
[514.209s][info][gc,stats    ]   Update Region States               35 us
[514.209s][info][gc,stats    ]   Choose Collection Set              46 us
[514.209s][info][gc,stats    ]   Rebuild Free Set                   11 us
[514.209s][info][gc,stats    ] Concurrent Weak References          131 us, parallelism: 0.06x
[514.209s][info][gc,stats    ]   CWRF: <total>                       8 us
[514.209s][info][gc,stats    ]   CWRF: Weak References               8 us, workers (us):   7,   1,   0, ---, ---, ---, 
[514.209s][info][gc,stats    ] Concurrent Weak Roots               167 us
[514.209s][info][gc,stats    ]   Roots                             111 us, parallelism: 1.25x
[514.209s][info][gc,stats    ]     CWR: <total>                    138 us
[514.209s][info][gc,stats    ]     CWR: Code Cache Roots            78 us, workers (us):   0,  20,  58, ---, ---, ---, 
[514.209s][info][gc,stats    ]     CWR: VM Weak Roots               59 us, workers (us):  22,  20,  18, ---, ---, ---, 
[514.209s][info][gc,stats    ]     CWR: CLDG Roots                   1 us, workers (us):   1, ---, ---, ---, ---, ---, 
[514.209s][info][gc,stats    ]   Rendezvous                         26 us
[514.209s][info][gc,stats    ] Concurrent Cleanup                   89 us
[514.210s][info][gc,stats    ] Concurrent Class Unloading          312 us
[514.210s][info][gc,stats    ]   Unlink Stale                      185 us
[514.210s][info][gc,stats    ]     System Dictionary                 1 us
[514.210s][info][gc,stats    ]     Weak Class Links                  0 us
[514.210s][info][gc,stats    ]     Code Roots                      183 us
[514.210s][info][gc,stats    ]   Rendezvous                         35 us
[514.210s][info][gc,stats    ]   Purge Unlinked                     55 us
[514.210s][info][gc,stats    ]     Code Roots                       52 us
[514.210s][info][gc,stats    ]     CLDG                              3 us
[514.210s][info][gc,stats    ]     Exception Caches                  0 us
[514.210s][info][gc,stats    ] Pause Final Roots (G)                44 us
[514.210s][info][gc,stats    ] Pause Final Roots (N)                23 us
[514.210s][info][gc,stats    ] Pacing                            93459 us
[514.210s][info][gc,stats    ] 
[514.210s][info][gc,stats    ] Allocation pacing accrued:
[514.210s][info][gc,stats    ]      93 of  5515 ms (  1.7%): main
[514.210s][info][gc,stats    ]      93 of  5515 ms (  1.7%): <total>
[514.210s][info][gc,stats    ]       7 of  5515 ms (  0.1%): <average total>
[514.210s][info][gc,stats    ]      93 of  5515 ms (  1.7%): <average non-zero>
[514.210s][info][gc,stats    ] 
[514.210s][info][gc,metaspace] Metaspace: 1072K(1280K)->1072K(1280K) NonClass: 990K(1088K)->990K(1088K) Class: 81K(192K)->81K(192K)
[514.210s][info][gc,ergo     ] Pacer for Idle. Initial: 20971K, Alloc Tax Rate: 1.0x
[520.170s][info][gc          ] Trigger: Free (48640K) is below minimum threshold (102M)
[520.170s][info][gc,ergo     ] Free: 48640K, Max: 512K regular, 28672K humongous, Frag: 42% external, 0% internal; Reserve: 52736K, Max: 512K
[520.170s][info][gc,start    ] GC(97) Concurrent reset
[520.170s][info][gc,task     ] GC(97) Using 3 of 6 workers for concurrent reset
[520.170s][info][gc,ergo     ] GC(97) Pacer for Reset. Non-Taxable: 1024M
[520.170s][info][gc          ] GC(97) Concurrent reset 0.218ms
[520.170s][info][gc,start    ] GC(97) Pause Init Mark (unload classes)
[520.170s][info][gc,task     ] GC(97) Using 6 of 6 workers for init marking
[520.170s][info][gc,ergo     ] GC(97) Pacer for Mark. Expected Live: 91646K, Free: 48640K, Non-Taxable: 4864K, Alloc Tax Rate: 2.3x
[520.170s][info][gc          ] GC(97) Pause Init Mark (unload classes) 0.102ms
[520.170s][info][gc,start    ] GC(97) Concurrent marking roots
[520.170s][info][gc,task     ] GC(97) Using 3 of 6 workers for concurrent marking roots
[520.170s][info][gc          ] GC(97) Concurrent marking roots 0.294ms
[520.170s][info][gc,start    ] GC(97) Concurrent marking (unload classes)
[520.170s][info][gc,task     ] GC(97) Using 3 of 6 workers for concurrent marking
[520.171s][info][gc          ] GC(97) Concurrent marking (unload classes) 0.703ms
[520.171s][info][gc,start    ] GC(97) Pause Final Mark (unload classes)
[520.171s][info][gc,task     ] GC(97) Using 6 of 6 workers for final marking
[520.171s][info][gc,ergo     ] GC(97) Collectable Garbage: 711M (99%), Immediate: 711M (99%), CSet: 0B (0%)
[520.171s][info][gc          ] GC(97) Pause Final Mark (unload classes) 0.137ms
[520.171s][info][gc,start    ] GC(97) Concurrent weak references
[520.171s][info][gc,task     ] GC(97) Using 3 of 6 workers for concurrent weak references
[520.171s][info][gc,ref      ] GC(97) Encountered references: Soft: 45, Weak: 116, Final: 0, Phantom: 7
[520.171s][info][gc,ref      ] GC(97) Discovered  references: Soft: 0, Weak: 70, Final: 0, Phantom: 5
[520.171s][info][gc,ref      ] GC(97) Enqueued    references: Soft: 0, Weak: 0, Final: 0, Phantom: 0
[520.171s][info][gc          ] GC(97) Concurrent weak references 0.091ms
[520.171s][info][gc,start    ] GC(97) Concurrent weak roots
[520.171s][info][gc,task     ] GC(97) Using 3 of 6 workers for concurrent weak root
[520.172s][info][gc          ] GC(97) Concurrent weak roots 0.124ms
[520.172s][info][gc,start    ] GC(97) Concurrent cleanup
[520.172s][info][gc          ] GC(97) Concurrent cleanup 899M->188M(1024M) 0.072ms
[520.172s][info][gc,ergo     ] GC(97) Free: 782M, Max: 512K regular, 403M humongous, Frag: 49% external, 0% internal; Reserve: 52736K, Max: 512K
[520.172s][info][gc,start    ] GC(97) Concurrent class unloading
[520.172s][info][gc,task     ] GC(97) Using 3 of 6 workers for concurrent class unloading
[520.172s][info][gc          ] GC(97) Concurrent class unloading 0.238ms
[520.172s][info][gc,start    ] GC(97) Pause Final Roots
[520.172s][info][gc          ] GC(97) Pause Final Roots 0.015ms
[520.172s][info][gc,ergo     ] Free: 782M, Max: 512K regular, 403M humongous, Frag: 49% external, 0% internal; Reserve: 52736K, Max: 512K
[520.172s][info][gc,stats    ] 
[520.172s][info][gc,stats    ] All times are wall-clock times, except per-root-class counters, that are sum over
[520.172s][info][gc,stats    ] all workers. Dividing the <total> over the root stage time estimates parallelism.
[520.172s][info][gc,stats    ] 
[520.172s][info][gc,stats    ] Concurrent Reset                    239 us
[520.172s][info][gc,stats    ] Pause Init Mark (G)                 175 us
[520.172s][info][gc,stats    ] Pause Init Mark (N)                 111 us
[520.172s][info][gc,stats    ]   Update Region States               53 us
[520.172s][info][gc,stats    ] Concurrent Mark Roots               308 us, parallelism: 1.21x
[520.172s][info][gc,stats    ]   CMR: <total>                      374 us
[520.172s][info][gc,stats    ]   CMR: Thread Roots                 344 us, workers (us): 217,  71,  56, ---, ---, ---, 
[520.172s][info][gc,stats    ]   CMR: VM Strong Roots                3 us, workers (us):   3,   0,   0, ---, ---, ---, 
[520.172s][info][gc,stats    ]   CMR: CLDG Roots                    27 us, workers (us):  27, ---, ---, ---, ---, ---, 
[520.172s][info][gc,stats    ] Concurrent Marking                  719 us
[520.172s][info][gc,stats    ] Pause Final Mark (G)                214 us
[520.172s][info][gc,stats    ] Pause Final Mark (N)                147 us
[520.172s][info][gc,stats    ]   Finish Mark                        30 us
[520.172s][info][gc,stats    ]   Update Region States               29 us
[520.172s][info][gc,stats    ]   Choose Collection Set              41 us
[520.172s][info][gc,stats    ]   Rebuild Free Set                    8 us
[520.172s][info][gc,stats    ] Concurrent Weak References           99 us, parallelism: 0.05x
[520.172s][info][gc,stats    ]   CWRF: <total>                       5 us
[520.172s][info][gc,stats    ]   CWRF: Weak References               5 us, workers (us):   4,   1,   0, ---, ---, ---, 
[520.172s][info][gc,stats    ] Concurrent Weak Roots               138 us
[520.172s][info][gc,stats    ]   Roots                              79 us, parallelism: 1.24x
[520.172s][info][gc,stats    ]     CWR: <total>                     99 us
[520.172s][info][gc,stats    ]     CWR: Code Cache Roots            57 us, workers (us):  24,  32,   0, ---, ---, ---, 
[520.172s][info][gc,stats    ]     CWR: VM Weak Roots               41 us, workers (us):  21,  19,   1, ---, ---, ---, 
[520.172s][info][gc,stats    ]     CWR: CLDG Roots                   1 us, workers (us):   1, ---, ---, ---, ---, ---, 
[520.172s][info][gc,stats    ]   Rendezvous                         28 us
[520.172s][info][gc,stats    ] Concurrent Cleanup                   81 us
[520.172s][info][gc,stats    ] Concurrent Class Unloading          251 us
[520.172s][info][gc,stats    ]   Unlink Stale                      146 us
[520.172s][info][gc,stats    ]     System Dictionary                 1 us
[520.172s][info][gc,stats    ]     Weak Class Links                  0 us
[520.172s][info][gc,stats    ]     Code Roots                      144 us
[520.172s][info][gc,stats    ]   Rendezvous                         20 us
[520.172s][info][gc,stats    ]   Purge Unlinked                     56 us
[520.172s][info][gc,stats    ]     Code Roots                       53 us
[520.172s][info][gc,stats    ]     CLDG                              3 us
[520.172s][info][gc,stats    ]     Exception Caches                  0 us
[520.172s][info][gc,stats    ] Pause Final Roots (G)                43 us
[520.172s][info][gc,stats    ] Pause Final Roots (N)                24 us
[520.172s][info][gc,stats    ] Pacing                           135826 us
[520.172s][info][gc,stats    ] 
[520.172s][info][gc,stats    ] Allocation pacing accrued:
[520.172s][info][gc,stats    ]     136 of  5963 ms (  2.3%): main
[520.172s][info][gc,stats    ]     136 of  5963 ms (  2.3%): <total>
[520.172s][info][gc,stats    ]      10 of  5963 ms (  0.2%): <average total>
[520.172s][info][gc,stats    ]     136 of  5963 ms (  2.3%): <average non-zero>
[520.172s][info][gc,stats    ] 
[520.173s][info][gc,metaspace] Metaspace: 1072K(1280K)->1072K(1280K) NonClass: 990K(1088K)->990K(1088K) Class: 81K(192K)->81K(192K)
[520.173s][info][gc,ergo     ] Pacer for Idle. Initial: 20971K, Alloc Tax Rate: 1.0x
[525.665s][info][gc          ] Trigger: Free (100864K) is below minimum threshold (102M)
[525.665s][info][gc,ergo     ] Free: 100864K, Max: 512K regular, 65536K humongous, Frag: 36% external, 0% internal; Reserve: 52736K, Max: 512K
[525.665s][info][gc,start    ] GC(98) Concurrent reset
[525.665s][info][gc,task     ] GC(98) Using 3 of 6 workers for concurrent reset
[525.665s][info][gc,ergo     ] GC(98) Pacer for Reset. Non-Taxable: 1024M
[525.665s][info][gc          ] GC(98) Concurrent reset 0.208ms
[525.665s][info][gc,start    ] GC(98) Pause Init Mark (unload classes)
[525.665s][info][gc,task     ] GC(98) Using 6 of 6 workers for init marking
[525.665s][info][gc,ergo     ] GC(98) Pacer for Mark. Expected Live: 100M, Free: 100864K, Non-Taxable: 10086K, Alloc Tax Rate: 1.3x
[525.665s][info][gc          ] GC(98) Pause Init Mark (unload classes) 0.143ms
[525.665s][info][gc,start    ] GC(98) Concurrent marking roots
[525.665s][info][gc,task     ] GC(98) Using 3 of 6 workers for concurrent marking roots
[525.666s][info][gc          ] GC(98) Concurrent marking roots 0.248ms
[525.666s][info][gc,start    ] GC(98) Concurrent marking (unload classes)
[525.666s][info][gc,task     ] GC(98) Using 3 of 6 workers for concurrent marking
[525.666s][info][gc          ] GC(98) Concurrent marking (unload classes) 0.657ms
[525.666s][info][gc,start    ] GC(98) Pause Final Mark (unload classes)
[525.666s][info][gc,task     ] GC(98) Using 6 of 6 workers for final marking
[525.667s][info][gc,ergo     ] GC(98) Collectable Garbage: 813M (99%), Immediate: 813M (99%), CSet: 0B (0%)
[525.667s][info][gc          ] GC(98) Pause Final Mark (unload classes) 0.136ms
[525.667s][info][gc,start    ] GC(98) Concurrent weak references
[525.667s][info][gc,task     ] GC(98) Using 3 of 6 workers for concurrent weak references
[525.667s][info][gc,ref      ] GC(98) Encountered references: Soft: 45, Weak: 116, Final: 0, Phantom: 7
[525.667s][info][gc,ref      ] GC(98) Discovered  references: Soft: 0, Weak: 84, Final: 0, Phantom: 5
[525.667s][info][gc,ref      ] GC(98) Enqueued    references: Soft: 0, Weak: 0, Final: 0, Phantom: 0
[525.667s][info][gc          ] GC(98) Concurrent weak references 0.143ms
[525.667s][info][gc,start    ] GC(98) Concurrent weak roots
[525.667s][info][gc,task     ] GC(98) Using 3 of 6 workers for concurrent weak root
[525.667s][info][gc          ] GC(98) Concurrent weak roots 0.189ms
[525.667s][info][gc,start    ] GC(98) Concurrent cleanup
[525.667s][info][gc          ] GC(98) Concurrent cleanup 851M->38M(1024M) 0.095ms
[525.667s][info][gc,ergo     ] GC(98) Free: 933M, Max: 512K regular, 628M humongous, Frag: 33% external, 0% internal; Reserve: 52736K, Max: 512K
[525.667s][info][gc,start    ] GC(98) Concurrent class unloading
[525.667s][info][gc,task     ] GC(98) Using 3 of 6 workers for concurrent class unloading
[525.667s][info][gc          ] GC(98) Concurrent class unloading 0.298ms
[525.667s][info][gc,start    ] GC(98) Pause Final Roots
[525.667s][info][gc          ] GC(98) Pause Final Roots 0.024ms
[525.667s][info][gc,ergo     ] Free: 933M, Max: 512K regular, 628M humongous, Frag: 33% external, 0% internal; Reserve: 52736K, Max: 512K
[525.668s][info][gc,stats    ] 
[525.668s][info][gc,stats    ] All times are wall-clock times, except per-root-class counters, that are sum over
[525.668s][info][gc,stats    ] all workers. Dividing the <total> over the root stage time estimates parallelism.
[525.668s][info][gc,stats    ] 
[525.668s][info][gc,stats    ] Concurrent Reset                    226 us
[525.668s][info][gc,stats    ] Pause Init Mark (G)                 189 us
[525.668s][info][gc,stats    ] Pause Init Mark (N)                 153 us
[525.668s][info][gc,stats    ]   Update Region States               30 us
[525.668s][info][gc,stats    ] Concurrent Mark Roots               262 us, parallelism: 1.33x
[525.668s][info][gc,stats    ]   CMR: <total>                      349 us
[525.668s][info][gc,stats    ]   CMR: Thread Roots                 308 us, workers (us):  60, 197,  51, ---, ---, ---, 
[525.668s][info][gc,stats    ]   CMR: VM Strong Roots                5 us, workers (us):   3,   2,   0, ---, ---, ---, 
[525.668s][info][gc,stats    ]   CMR: CLDG Roots                    36 us, workers (us): ---, ---,  36, ---, ---, ---, 
[525.668s][info][gc,stats    ] Concurrent Marking                  674 us
[525.668s][info][gc,stats    ] Pause Final Mark (G)                174 us
[525.668s][info][gc,stats    ] Pause Final Mark (N)                145 us
[525.668s][info][gc,stats    ]   Finish Mark                        28 us
[525.668s][info][gc,stats    ]   Update Region States               27 us
[525.668s][info][gc,stats    ]   Choose Collection Set              46 us
[525.668s][info][gc,stats    ]   Rebuild Free Set                    8 us
[525.668s][info][gc,stats    ] Concurrent Weak References          157 us, parallelism: 0.03x
[525.668s][info][gc,stats    ]   CWRF: <total>                       4 us
[525.668s][info][gc,stats    ]   CWRF: Weak References               4 us, workers (us):   3,   1,   0, ---, ---, ---, 
[525.668s][info][gc,stats    ] Concurrent Weak Roots               209 us
[525.668s][info][gc,stats    ]   Roots                             136 us, parallelism: 1.44x
[525.668s][info][gc,stats    ]     CWR: <total>                    196 us
[525.668s][info][gc,stats    ]     CWR: Code Cache Roots           124 us, workers (us):  42,  82,   0, ---, ---, ---, 
[525.668s][info][gc,stats    ]     CWR: VM Weak Roots               71 us, workers (us):  26,  23,  22, ---, ---, ---, 
[525.668s][info][gc,stats    ]     CWR: CLDG Roots                   1 us, workers (us): ---, ---,   1, ---, ---, ---, 
[525.668s][info][gc,stats    ]   Rendezvous                         34 us
[525.668s][info][gc,stats    ] Concurrent Cleanup                  108 us
[525.668s][info][gc,stats    ] Concurrent Class Unloading          326 us
[525.668s][info][gc,stats    ]   Unlink Stale                      199 us
[525.668s][info][gc,stats    ]     System Dictionary                 2 us
[525.668s][info][gc,stats    ]     Weak Class Links                  0 us
[525.668s][info][gc,stats    ]     Code Roots                      196 us
[525.668s][info][gc,stats    ]   Rendezvous                         38 us
[525.668s][info][gc,stats    ]   Purge Unlinked                     39 us
[525.668s][info][gc,stats    ]     Code Roots                       34 us
[525.668s][info][gc,stats    ]     CLDG                              4 us
[525.668s][info][gc,stats    ]     Exception Caches                  0 us
[525.668s][info][gc,stats    ] Pause Final Roots (G)                68 us
[525.668s][info][gc,stats    ] Pause Final Roots (N)                37 us
[525.668s][info][gc,stats    ] Pacing                            92842 us
[525.668s][info][gc,stats    ] 
[525.668s][info][gc,stats    ] Allocation pacing accrued:
[525.668s][info][gc,stats    ]      93 of  5496 ms (  1.7%): main
[525.668s][info][gc,stats    ]      93 of  5496 ms (  1.7%): <total>
[525.668s][info][gc,stats    ]       7 of  5496 ms (  0.1%): <average total>
[525.668s][info][gc,stats    ]      93 of  5496 ms (  1.7%): <average non-zero>
[525.668s][info][gc,stats    ] 
[525.668s][info][gc,metaspace] Metaspace: 1072K(1280K)->1072K(1280K) NonClass: 990K(1088K)->990K(1088K) Class: 81K(192K)->81K(192K)
[525.668s][info][gc,ergo     ] Pacer for Idle. Initial: 20971K, Alloc Tax Rate: 1.0x
[531.608s][info][gc          ] Failed to allocate Shared, 100M
[531.608s][info][gc          ] Cancelling GC: Allocation Failure
[531.623s][info][gc          ] Trigger: Handle Allocation Failure
[531.623s][info][gc,ergo     ] Free: 128M, Max: 512K regular, 94208K humongous, Frag: 29% external, 0% internal; Reserve: 52736K, Max: 512K
[531.623s][info][gc,start    ] GC(99) Pause Degenerated GC (Outside of Cycle)
[531.623s][info][gc,task     ] GC(99) Using 6 of 6 workers for stw degenerated gc
[531.623s][info][gc,ref      ] GC(99) Clearing All SoftReferences
[531.624s][info][gc,ref      ] GC(99) Encountered references: Soft: 45, Weak: 116, Final: 0, Phantom: 7
[531.624s][info][gc,ref      ] GC(99) Discovered  references: Soft: 20, Weak: 95, Final: 0, Phantom: 5
[531.624s][info][gc,ref      ] GC(99) Enqueued    references: Soft: 0, Weak: 0, Final: 0, Phantom: 0
[531.624s][info][gc,ergo     ] GC(99) Collectable Garbage: 701M (99%), Immediate: 701M (99%), CSet: 0B (0%)
[531.625s][info][gc,ergo     ] GC(99) Good progress for free space: 852M, need 10485K
[531.625s][info][gc,ergo     ] GC(99) Good progress for used space: 701M, need 512K
[531.625s][info][gc          ] GC(99) Pause Degenerated GC (Outside of Cycle) 819M->118M(1024M) 1.283ms
[531.625s][info][gc,ergo     ] Free: 852M, Max: 512K regular, 423M humongous, Frag: 51% external, 0% internal; Reserve: 52736K, Max: 512K
[531.625s][info][gc,stats    ] 
[531.625s][info][gc,stats    ] All times are wall-clock times, except per-root-class counters, that are sum over
[531.625s][info][gc,stats    ] all workers. Dividing the <total> over the root stage time estimates parallelism.
[531.625s][info][gc,stats    ] 
[531.625s][info][gc,stats    ] Pause Degenerated GC (G)           1338 us
[531.625s][info][gc,stats    ] Pause Degenerated GC (N)           1296 us
[531.625s][info][gc,stats    ]   Degen STW Mark                    558 us, parallelism: 5.47x
[531.625s][info][gc,stats    ]     DSM: <total>                   3051 us
[531.625s][info][gc,stats    ]     DSM: Thread Roots                57 us, workers (us):  10,   8,  11,   7,   3,  18, 
[531.625s][info][gc,stats    ]     DSM: VM Strong Roots              4 us, workers (us):   2,   0,   0,   2,   0,   0, 
[531.625s][info][gc,stats    ]     DSM: CLDG Roots                  42 us, workers (us):   0,   0,   0,   0,  41,   0, 
[531.625s][info][gc,stats    ]     DSM: Parallel Mark             2948 us, workers (us): 499, 500, 497, 499, 464, 490, 
[531.625s][info][gc,stats    ]     System Purge                    252 us
[531.625s][info][gc,stats    ]       Weak References                68 us, parallelism: 0.11x
[531.625s][info][gc,stats    ]         WRP: <total>                  8 us
[531.625s][info][gc,stats    ]         WRP: Weak References          8 us, workers (us):   6,   0,   0,   1,   0,   0, 
[531.625s][info][gc,stats    ]       Unload Classes                100 us, parallelism: 3.89x
[531.625s][info][gc,stats    ]         DCU: <total>                389 us
[531.625s][info][gc,stats    ]         DCU: Unload Code Caches      389 us, workers (us):  76,  68,  61,  60,  74,  51, 
[531.625s][info][gc,stats    ]       Weak Roots                     83 us, parallelism: 0.77x
[531.625s][info][gc,stats    ]         DWR: <total>                 63 us
[531.625s][info][gc,stats    ]         DWR: VM Weak Roots           63 us, workers (us):  15,  14,  12,  11,  11,   1, 
[531.625s][info][gc,stats    ]       CLDG                            0 us
[531.625s][info][gc,stats    ]   Update Region States               38 us
[531.625s][info][gc,stats    ]   Manage GC/TLABs                     4 us
[531.625s][info][gc,stats    ]   Choose Collection Set              48 us
[531.625s][info][gc,stats    ]   Rebuild Free Set                   14 us
[531.625s][info][gc,stats    ]   Cleanup                             8 us
[531.625s][info][gc,stats    ] Pacing                           137649 us
[531.625s][info][gc,stats    ] 
[531.625s][info][gc,stats    ] Allocation pacing accrued:
[531.625s][info][gc,stats    ]     138 of  5957 ms (  2.3%): main
[531.625s][info][gc,stats    ]     138 of  5957 ms (  2.3%): <total>
[531.625s][info][gc,stats    ]      11 of  5957 ms (  0.2%): <average total>
[531.625s][info][gc,stats    ]     138 of  5957 ms (  2.3%): <average non-zero>
[531.625s][info][gc,stats    ] 
[531.625s][info][gc,metaspace] Metaspace: 1072K(1280K)->1072K(1280K) NonClass: 990K(1088K)->990K(1088K) Class: 81K(192K)->81K(192K)
[531.625s][info][gc,ergo     ] Pacer for Idle. Initial: 20971K, Alloc Tax Rate: 1.0x
[535.893s][info][gc          ] Trigger: Average GC time (2.87 ms) is above the time for average allocation rate (312 MB/s) to deplete free headroom (0B) (margin of error = 2.63)
[535.893s][info][gc,ergo     ] Free headroom: 163M (free) - 52428K (spike) - 143M (penalties) = 0B
[535.893s][info][gc,ergo     ] Free: 163M, Max: 512K regular, 94208K humongous, Frag: 44% external, 0% internal; Reserve: 52736K, Max: 512K
[535.893s][info][gc,start    ] GC(100) Concurrent reset
[535.893s][info][gc,task     ] GC(100) Using 3 of 6 workers for concurrent reset
[535.893s][info][gc,ergo     ] GC(100) Pacer for Reset. Non-Taxable: 1024M
[535.894s][info][gc          ] GC(100) Concurrent reset 0.287ms
[535.894s][info][gc,start    ] GC(100) Pause Init Mark (unload classes)
[535.894s][info][gc,task     ] GC(100) Using 6 of 6 workers for init marking
[535.894s][info][gc,ergo     ] GC(100) Pacer for Mark. Expected Live: 103M, Free: 163M, Non-Taxable: 16742K, Alloc Tax Rate: 0.8x
[535.894s][info][gc          ] GC(100) Pause Init Mark (unload classes) 0.175ms
[535.894s][info][gc,start    ] GC(100) Concurrent marking roots
[535.894s][info][gc,task     ] GC(100) Using 3 of 6 workers for concurrent marking roots
[535.894s][info][gc          ] GC(100) Concurrent marking roots 0.359ms
[535.894s][info][gc,start    ] GC(100) Concurrent marking (unload classes)
[535.894s][info][gc,task     ] GC(100) Using 3 of 6 workers for concurrent marking
[535.896s][info][gc          ] GC(100) Concurrent marking (unload classes) 1.390ms
[535.896s][info][gc,start    ] GC(100) Pause Final Mark (unload classes)
[535.896s][info][gc,task     ] GC(100) Using 6 of 6 workers for final marking
[535.896s][info][gc,ergo     ] GC(100) Collectable Garbage: 664M (99%), Immediate: 664M (99%), CSet: 0B (0%)
[535.896s][info][gc          ] GC(100) Pause Final Mark (unload classes) 0.229ms
[535.896s][info][gc,start    ] GC(100) Concurrent weak references
[535.896s][info][gc,task     ] GC(100) Using 3 of 6 workers for concurrent weak references
[535.896s][info][gc,ref      ] GC(100) Encountered references: Soft: 45, Weak: 116, Final: 0, Phantom: 7
[535.896s][info][gc,ref      ] GC(100) Discovered  references: Soft: 0, Weak: 68, Final: 0, Phantom: 5
[535.896s][info][gc,ref      ] GC(100) Enqueued    references: Soft: 0, Weak: 0, Final: 0, Phantom: 0
[535.896s][info][gc          ] GC(100) Concurrent weak references 0.096ms
[535.896s][info][gc,start    ] GC(100) Concurrent weak roots
[535.896s][info][gc,task     ] GC(100) Using 3 of 6 workers for concurrent weak root
[535.896s][info][gc          ] GC(100) Concurrent weak roots 0.188ms
[535.896s][info][gc,start    ] GC(100) Concurrent cleanup
[535.896s][info][gc          ] GC(100) Concurrent cleanup 789M->125M(1024M) 0.088ms
[535.896s][info][gc,ergo     ] GC(100) Free: 845M, Max: 512K regular, 223M humongous, Frag: 74% external, 0% internal; Reserve: 52736K, Max: 512K
[535.896s][info][gc,start    ] GC(100) Concurrent class unloading
[535.896s][info][gc,task     ] GC(100) Using 3 of 6 workers for concurrent class unloading
[535.897s][info][gc          ] GC(100) Concurrent class unloading 0.394ms
[535.897s][info][gc,start    ] GC(100) Pause Final Roots
[535.897s][info][gc          ] GC(100) Pause Final Roots 0.024ms
[535.897s][info][gc,ergo     ] Free: 845M, Max: 512K regular, 223M humongous, Frag: 74% external, 0% internal; Reserve: 52736K, Max: 512K
[535.897s][info][gc,stats    ] 
[535.897s][info][gc,stats    ] All times are wall-clock times, except per-root-class counters, that are sum over
[535.897s][info][gc,stats    ] all workers. Dividing the <total> over the root stage time estimates parallelism.
[535.897s][info][gc,stats    ] 
[535.897s][info][gc,stats    ] Concurrent Reset                    317 us
[535.897s][info][gc,stats    ] Pause Init Mark (G)                 228 us
[535.897s][info][gc,stats    ] Pause Init Mark (N)                 189 us
[535.897s][info][gc,stats    ]   Update Region States               41 us
[535.897s][info][gc,stats    ] Concurrent Mark Roots               383 us, parallelism: 1.25x
[535.897s][info][gc,stats    ]   CMR: <total>                      477 us
[535.897s][info][gc,stats    ]   CMR: Thread Roots                 414 us, workers (us):  86, 234,  94, ---, ---, ---, 
[535.897s][info][gc,stats    ]   CMR: VM Strong Roots               10 us, workers (us):   3,   2,   5, ---, ---, ---, 
[535.897s][info][gc,stats    ]   CMR: CLDG Roots                    54 us, workers (us): ---,  54, ---, ---, ---, ---, 
[535.897s][info][gc,stats    ] Concurrent Marking                 1438 us
[535.897s][info][gc,stats    ] Pause Final Mark (G)                306 us
[535.897s][info][gc,stats    ] Pause Final Mark (N)                244 us
[535.897s][info][gc,stats    ]   Finish Mark                        56 us
[535.897s][info][gc,stats    ]   Update Region States               38 us
[535.897s][info][gc,stats    ]   Choose Collection Set              79 us
[535.897s][info][gc,stats    ]   Rebuild Free Set                   17 us
[535.897s][info][gc,stats    ] Concurrent Weak References          108 us, parallelism: 0.10x
[535.897s][info][gc,stats    ]   CWRF: <total>                      11 us
[535.897s][info][gc,stats    ]   CWRF: Weak References              11 us, workers (us):   1,   8,   1, ---, ---, ---, 
[535.897s][info][gc,stats    ] Concurrent Weak Roots               206 us
[535.897s][info][gc,stats    ]   Roots                             127 us, parallelism: 1.51x
[535.897s][info][gc,stats    ]     CWR: <total>                    191 us
[535.897s][info][gc,stats    ]     CWR: Code Cache Roots           111 us, workers (us):  34,   0,  76, ---, ---, ---, 
[535.897s][info][gc,stats    ]     CWR: VM Weak Roots               79 us, workers (us):  27,  26,  26, ---, ---, ---, 
[535.897s][info][gc,stats    ]     CWR: CLDG Roots                   2 us, workers (us): ---,   2, ---, ---, ---, ---, 
[535.897s][info][gc,stats    ]   Rendezvous                         37 us
[535.897s][info][gc,stats    ] Concurrent Cleanup                  102 us
[535.897s][info][gc,stats    ] Concurrent Class Unloading          421 us
[535.897s][info][gc,stats    ]   Unlink Stale                      283 us
[535.897s][info][gc,stats    ]     System Dictionary                 2 us
[535.897s][info][gc,stats    ]     Weak Class Links                  0 us
[535.897s][info][gc,stats    ]     Code Roots                      280 us
[535.897s][info][gc,stats    ]   Rendezvous                         40 us
[535.897s][info][gc,stats    ]   Purge Unlinked                     46 us
[535.898s][info][gc,stats    ]     Code Roots                       42 us
[535.898s][info][gc,stats    ]     CLDG                              3 us
[535.898s][info][gc,stats    ]     Exception Caches                  0 us
[535.898s][info][gc,stats    ] Pause Final Roots (G)                74 us
[535.898s][info][gc,stats    ] Pause Final Roots (N)                38 us
[535.898s][info][gc,stats    ] 
[535.898s][info][gc,stats    ] Allocation pacing accrued:
[535.898s][info][gc,stats    ]       0 of  4272 ms (  0.0%): <total>
[535.898s][info][gc,stats    ]       0 of  4272 ms (  0.0%): <average total>
[535.898s][info][gc,stats    ] 
[535.898s][info][gc,metaspace] Metaspace: 1072K(1280K)->1072K(1280K) NonClass: 990K(1088K)->990K(1088K) Class: 81K(192K)->81K(192K)
[535.898s][info][gc,ergo     ] Pacer for Idle. Initial: 20971K, Alloc Tax Rate: 1.0x
[541.498s][info][gc          ] Trigger: Average GC time (4.67 ms) is above the time for average allocation rate (308 MB/s) to deplete free headroom (0B) (margin of error = 2.63)
[541.498s][info][gc,ergo     ] Free headroom: 173M (free) - 52428K (spike) - 133M (penalties) = 0B
[541.498s][info][gc,ergo     ] Free: 173M, Max: 512K regular, 139M humongous, Frag: 20% external, 0% internal; Reserve: 52736K, Max: 512K
[541.498s][info][gc,start    ] GC(101) Concurrent reset
[541.498s][info][gc,task     ] GC(101) Using 3 of 6 workers for concurrent reset
[541.498s][info][gc,ergo     ] GC(101) Pacer for Reset. Non-Taxable: 1024M
[541.498s][info][gc          ] GC(101) Concurrent reset 0.196ms
[541.498s][info][gc,start    ] GC(101) Pause Init Mark (unload classes)
[541.498s][info][gc,task     ] GC(101) Using 6 of 6 workers for init marking
[541.499s][info][gc,ergo     ] GC(101) Pacer for Mark. Expected Live: 122M, Free: 173M, Non-Taxable: 17715K, Alloc Tax Rate: 0.9x
[541.499s][info][gc          ] GC(101) Pause Init Mark (unload classes) 0.142ms
[541.499s][info][gc,start    ] GC(101) Concurrent marking roots
[541.499s][info][gc,task     ] GC(101) Using 3 of 6 workers for concurrent marking roots
[541.499s][info][gc          ] GC(101) Concurrent marking roots 0.324ms
[541.499s][info][gc,start    ] GC(101) Concurrent marking (unload classes)
[541.499s][info][gc,task     ] GC(101) Using 3 of 6 workers for concurrent marking
[541.500s][info][gc          ] GC(101) Concurrent marking (unload classes) 0.825ms
[541.500s][info][gc,start    ] GC(101) Pause Final Mark (unload classes)
[541.500s][info][gc,task     ] GC(101) Using 6 of 6 workers for final marking
[541.500s][info][gc,ergo     ] GC(101) Collectable Garbage: 713M (99%), Immediate: 713M (99%), CSet: 0B (0%)
[541.500s][info][gc          ] GC(101) Pause Final Mark (unload classes) 0.148ms
[541.500s][info][gc,start    ] GC(101) Concurrent weak references
[541.500s][info][gc,task     ] GC(101) Using 3 of 6 workers for concurrent weak references
[541.500s][info][gc,ref      ] GC(101) Encountered references: Soft: 45, Weak: 116, Final: 0, Phantom: 7
[541.500s][info][gc,ref      ] GC(101) Discovered  references: Soft: 0, Weak: 70, Final: 0, Phantom: 5
[541.500s][info][gc,ref      ] GC(101) Enqueued    references: Soft: 0, Weak: 0, Final: 0, Phantom: 0
[541.500s][info][gc          ] GC(101) Concurrent weak references 0.082ms
[541.500s][info][gc,start    ] GC(101) Concurrent weak roots
[541.500s][info][gc,task     ] GC(101) Using 3 of 6 workers for concurrent weak root
[541.500s][info][gc          ] GC(101) Concurrent weak roots 0.167ms
[541.500s][info][gc,start    ] GC(101) Concurrent cleanup
[541.500s][info][gc          ] GC(101) Concurrent cleanup 776M->63M(1024M) 0.163ms
[541.501s][info][gc,ergo     ] GC(101) Free: 908M, Max: 512K regular, 549M humongous, Frag: 40% external, 0% internal; Reserve: 52736K, Max: 512K
[541.501s][info][gc,start    ] GC(101) Concurrent class unloading
[541.501s][info][gc,task     ] GC(101) Using 3 of 6 workers for concurrent class unloading
[541.501s][info][gc          ] GC(101) Concurrent class unloading 0.289ms
[541.501s][info][gc,start    ] GC(101) Pause Final Roots
[541.501s][info][gc          ] GC(101) Pause Final Roots 0.024ms
[541.501s][info][gc,ergo     ] Free: 908M, Max: 512K regular, 549M humongous, Frag: 40% external, 0% internal; Reserve: 52736K, Max: 512K
[541.501s][info][gc,stats    ] 
[541.501s][info][gc,stats    ] All times are wall-clock times, except per-root-class counters, that are sum over
[541.501s][info][gc,stats    ] all workers. Dividing the <total> over the root stage time estimates parallelism.
[541.501s][info][gc,stats    ] 
[541.501s][info][gc,stats    ] Concurrent Reset                    214 us
[541.501s][info][gc,stats    ] Pause Init Mark (G)                 191 us
[541.501s][info][gc,stats    ] Pause Init Mark (N)                 156 us
[541.501s][info][gc,stats    ]   Update Region States               86 us
[541.501s][info][gc,stats    ] Concurrent Mark Roots               339 us, parallelism: 1.18x
[541.501s][info][gc,stats    ]   CMR: <total>                      399 us
[541.501s][info][gc,stats    ]   CMR: Thread Roots                 350 us, workers (us): 186,  88,  76, ---, ---, ---, 
[541.501s][info][gc,stats    ]   CMR: VM Strong Roots                6 us, workers (us):   3,   2,   1, ---, ---, ---, 
[541.501s][info][gc,stats    ]   CMR: CLDG Roots                    43 us, workers (us):  43, ---, ---, ---, ---, ---, 
[541.501s][info][gc,stats    ] Concurrent Marking                  908 us
[541.501s][info][gc,stats    ] Pause Final Mark (G)                198 us
[541.501s][info][gc,stats    ] Pause Final Mark (N)                158 us
[541.501s][info][gc,stats    ]   Finish Mark                        32 us
[541.501s][info][gc,stats    ]   Update Region States               32 us
[541.501s][info][gc,stats    ]   Choose Collection Set              42 us
[541.501s][info][gc,stats    ]   Rebuild Free Set                    9 us
[541.501s][info][gc,stats    ] Concurrent Weak References           90 us, parallelism: 0.07x
[541.501s][info][gc,stats    ]   CWRF: <total>                       6 us
[541.501s][info][gc,stats    ]   CWRF: Weak References               6 us, workers (us):   4,   1,   0, ---, ---, ---, 
[541.501s][info][gc,stats    ] Concurrent Weak Roots               186 us
[541.501s][info][gc,stats    ]   Roots                              82 us, parallelism: 1.18x
[541.501s][info][gc,stats    ]     CWR: <total>                     97 us
[541.502s][info][gc,stats    ]     CWR: Code Cache Roots            50 us, workers (us):   0,  34,  17, ---, ---, ---, 
[541.502s][info][gc,stats    ]     CWR: VM Weak Roots               46 us, workers (us):  16,  15,  15, ---, ---, ---, 
[541.502s][info][gc,stats    ]     CWR: CLDG Roots                   1 us, workers (us):   1, ---, ---, ---, ---, ---, 
[541.502s][info][gc,stats    ]   Rendezvous                         68 us
[541.502s][info][gc,stats    ] Concurrent Cleanup                  178 us
[541.502s][info][gc,stats    ] Concurrent Class Unloading          311 us
[541.502s][info][gc,stats    ]   Unlink Stale                      212 us
[541.502s][info][gc,stats    ]     System Dictionary                 2 us
[541.502s][info][gc,stats    ]     Weak Class Links                  0 us
[541.502s][info][gc,stats    ]     Code Roots                      209 us
[541.502s][info][gc,stats    ]   Rendezvous                         23 us
[541.502s][info][gc,stats    ]   Purge Unlinked                     24 us
[541.502s][info][gc,stats    ]     Code Roots                       19 us
[541.502s][info][gc,stats    ]     CLDG                              4 us
[541.502s][info][gc,stats    ]     Exception Caches                  0 us
[541.502s][info][gc,stats    ] Pause Final Roots (G)                67 us
[541.502s][info][gc,stats    ] Pause Final Roots (N)                38 us
[541.502s][info][gc,stats    ] Pacing                            88683 us
[541.502s][info][gc,stats    ] 
[541.502s][info][gc,stats    ] Allocation pacing accrued:
[541.502s][info][gc,stats    ]      89 of  5604 ms (  1.6%): main
[541.502s][info][gc,stats    ]      89 of  5604 ms (  1.6%): <total>
[541.502s][info][gc,stats    ]       7 of  5604 ms (  0.1%): <average total>
[541.502s][info][gc,stats    ]      89 of  5604 ms (  1.6%): <average non-zero>
[541.502s][info][gc,stats    ] 
[541.502s][info][gc,metaspace] Metaspace: 1072K(1280K)->1072K(1280K) NonClass: 990K(1088K)->990K(1088K) Class: 81K(192K)->81K(192K)
[541.502s][info][gc,ergo     ] Pacer for Idle. Initial: 20971K, Alloc Tax Rate: 1.0x
[547.351s][info][gc          ] Trigger: Free (88064K) is below minimum threshold (102M)
[547.351s][info][gc,ergo     ] Free: 88064K, Max: 512K regular, 39424K humongous, Frag: 56% external, 0% internal; Reserve: 52736K, Max: 512K
[547.351s][info][gc,start    ] GC(102) Concurrent reset
[547.351s][info][gc,task     ] GC(102) Using 3 of 6 workers for concurrent reset
[547.351s][info][gc,ergo     ] GC(102) Pacer for Reset. Non-Taxable: 1024M
[547.351s][info][gc          ] GC(102) Concurrent reset 0.254ms
[547.351s][info][gc,start    ] GC(102) Pause Init Mark (unload classes)
[547.352s][info][gc,task     ] GC(102) Using 6 of 6 workers for init marking
[547.353s][info][gc,ergo     ] GC(102) Pacer for Mark. Expected Live: 105M, Free: 88064K, Non-Taxable: 8806K, Alloc Tax Rate: 1.5x
[547.353s][info][gc          ] GC(102) Pause Init Mark (unload classes) 1.400ms
[547.353s][info][gc,start    ] GC(102) Concurrent marking roots
[547.353s][info][gc,task     ] GC(102) Using 3 of 6 workers for concurrent marking roots
[547.353s][info][gc          ] GC(102) Concurrent marking roots 0.313ms
[547.353s][info][gc,start    ] GC(102) Concurrent marking (unload classes)
[547.353s][info][gc,task     ] GC(102) Using 3 of 6 workers for concurrent marking
[547.354s][info][gc          ] GC(102) Concurrent marking (unload classes) 0.776ms
[547.354s][info][gc,start    ] GC(102) Pause Final Mark (unload classes)
[547.354s][info][gc,task     ] GC(102) Using 6 of 6 workers for final marking
[547.354s][info][gc,ergo     ] GC(102) Collectable Garbage: 727M (99%), Immediate: 727M (99%), CSet: 0B (0%)
[547.354s][info][gc          ] GC(102) Pause Final Mark (unload classes) 0.275ms
[547.354s][info][gc,start    ] GC(102) Concurrent weak references
[547.354s][info][gc,task     ] GC(102) Using 3 of 6 workers for concurrent weak references
[547.354s][info][gc,ref      ] GC(102) Encountered references: Soft: 45, Weak: 116, Final: 0, Phantom: 7
[547.354s][info][gc,ref      ] GC(102) Discovered  references: Soft: 0, Weak: 73, Final: 0, Phantom: 5
[547.354s][info][gc,ref      ] GC(102) Enqueued    references: Soft: 0, Weak: 0, Final: 0, Phantom: 0
[547.354s][info][gc          ] GC(102) Concurrent weak references 0.165ms
[547.354s][info][gc,start    ] GC(102) Concurrent weak roots
[547.354s][info][gc,task     ] GC(102) Using 3 of 6 workers for concurrent weak root
[547.354s][info][gc          ] GC(102) Concurrent weak roots 0.127ms
[547.354s][info][gc,start    ] GC(102) Concurrent cleanup
[547.355s][info][gc          ] GC(102) Concurrent cleanup 861M->134M(1024M) 0.080ms
[547.355s][info][gc,ergo     ] GC(102) Free: 836M, Max: 512K regular, 326M humongous, Frag: 62% external, 0% internal; Reserve: 52736K, Max: 512K
[547.355s][info][gc,start    ] GC(102) Concurrent class unloading
[547.355s][info][gc,task     ] GC(102) Using 3 of 6 workers for concurrent class unloading
[547.355s][info][gc          ] GC(102) Concurrent class unloading 0.285ms
[547.355s][info][gc,start    ] GC(102) Pause Final Roots
[547.355s][info][gc          ] GC(102) Pause Final Roots 0.019ms
[547.355s][info][gc,ergo     ] Free: 836M, Max: 512K regular, 326M humongous, Frag: 62% external, 0% internal; Reserve: 52736K, Max: 512K
[547.355s][info][gc,stats    ] 
[547.355s][info][gc,stats    ] All times are wall-clock times, except per-root-class counters, that are sum over
[547.355s][info][gc,stats    ] all workers. Dividing the <total> over the root stage time estimates parallelism.
[547.355s][info][gc,stats    ] 
[547.355s][info][gc,stats    ] Concurrent Reset                    275 us
[547.355s][info][gc,stats    ] Pause Init Mark (G)                1529 us
[547.355s][info][gc,stats    ] Pause Init Mark (N)                1411 us
[547.355s][info][gc,stats    ]   Update Region States               36 us
[547.355s][info][gc,stats    ] Concurrent Mark Roots               332 us, parallelism: 1.30x
[547.355s][info][gc,stats    ]   CMR: <total>                      432 us
[547.355s][info][gc,stats    ]   CMR: Thread Roots                 384 us, workers (us):  46, 242,  96, ---, ---, ---, 
[547.355s][info][gc,stats    ]   CMR: VM Strong Roots                5 us, workers (us):   5,   0,   0, ---, ---, ---, 
[547.355s][info][gc,stats    ]   CMR: CLDG Roots                    43 us, workers (us):  43, ---, ---, ---, ---, ---, 
[547.355s][info][gc,stats    ] Concurrent Marking                  795 us
[547.355s][info][gc,stats    ] Pause Final Mark (G)                354 us
[547.355s][info][gc,stats    ] Pause Final Mark (N)                285 us
[547.355s][info][gc,stats    ]   Finish Mark                       149 us
[547.355s][info][gc,stats    ]   Update Region States               36 us
[547.355s][info][gc,stats    ]   Choose Collection Set              52 us
[547.355s][info][gc,stats    ]   Rebuild Free Set                   10 us
[547.355s][info][gc,stats    ] Concurrent Weak References          173 us, parallelism: 0.04x
[547.355s][info][gc,stats    ]   CWRF: <total>                       6 us
[547.355s][info][gc,stats    ]   CWRF: Weak References               6 us, workers (us):   5,   2,   0, ---, ---, ---, 
[547.355s][info][gc,stats    ] Concurrent Weak Roots               149 us
[547.355s][info][gc,stats    ]   Roots                              85 us, parallelism: 1.40x
[547.355s][info][gc,stats    ]     CWR: <total>                    119 us
[547.355s][info][gc,stats    ]     CWR: Code Cache Roots            66 us, workers (us):  42,   0,  23, ---, ---, ---, 
[547.355s][info][gc,stats    ]     CWR: VM Weak Roots               52 us, workers (us):  18,  18,  16, ---, ---, ---, 
[547.355s][info][gc,stats    ]     CWR: CLDG Roots                   1 us, workers (us): ---,   1, ---, ---, ---, ---, 
[547.355s][info][gc,stats    ]   Rendezvous                         25 us
[547.355s][info][gc,stats    ] Concurrent Cleanup                   92 us
[547.355s][info][gc,stats    ] Concurrent Class Unloading          300 us
[547.355s][info][gc,stats    ]   Unlink Stale                      180 us
[547.355s][info][gc,stats    ]     System Dictionary                 1 us
[547.355s][info][gc,stats    ]     Weak Class Links                  0 us
[547.355s][info][gc,stats    ]     Code Roots                      178 us
[547.355s][info][gc,stats    ]   Rendezvous                         57 us
[547.355s][info][gc,stats    ]   Purge Unlinked                     30 us
[547.355s][info][gc,stats    ]     Code Roots                       27 us
[547.355s][info][gc,stats    ]     CLDG                              3 us
[547.355s][info][gc,stats    ]     Exception Caches                  0 us
[547.355s][info][gc,stats    ] Pause Final Roots (G)                52 us
[547.355s][info][gc,stats    ] Pause Final Roots (N)                28 us
[547.355s][info][gc,stats    ] Pacing                           120332 us
[547.355s][info][gc,stats    ] 
[547.355s][info][gc,stats    ] Allocation pacing accrued:
[547.355s][info][gc,stats    ]     120 of  5854 ms (  2.1%): main
[547.355s][info][gc,stats    ]     120 of  5854 ms (  2.1%): <total>
[547.355s][info][gc,stats    ]       9 of  5854 ms (  0.2%): <average total>
[547.355s][info][gc,stats    ]     120 of  5854 ms (  2.1%): <average non-zero>
[547.355s][info][gc,stats    ] 
[547.356s][info][gc,metaspace] Metaspace: 1072K(1280K)->1072K(1280K) NonClass: 990K(1088K)->990K(1088K) Class: 81K(192K)->81K(192K)
[547.356s][info][gc,ergo     ] Pacer for Idle. Initial: 20971K, Alloc Tax Rate: 1.0x
[551.177s][info][gc          ] Cancelling GC: Stopping VM
[551.187s][info][gc,heap,exit] Heap
[551.187s][info][gc,heap,exit] Shenandoah Heap
[551.187s][info][gc,heap,exit]  1024M max, 1024M soft max, 1024M committed, 581M used
[551.187s][info][gc,heap,exit]  2048 x 512K regions
[551.187s][info][gc,heap,exit] Status: cancelled
[551.187s][info][gc,heap,exit] Reserved region:
[551.187s][info][gc,heap,exit]  - [0x00000000c0000000, 0x0000000100000000) 
[551.187s][info][gc,heap,exit] Collection set:
[551.188s][info][gc,heap,exit]  - map (vanilla): 0x0000000000011800
[551.188s][info][gc,heap,exit]  - map (biased):  0x0000000000010000
[551.188s][info][gc,heap,exit] 
[551.188s][info][gc,heap,exit]  Metaspace       used 1073K, committed 1280K, reserved 1114112K
[551.188s][info][gc,heap,exit]   class space    used 81K, committed 192K, reserved 1048576K
[551.188s][info][gc,stats    ] 
[551.188s][info][gc,stats    ] GC STATISTICS:
[551.188s][info][gc,stats    ]   "(G)" (gross) pauses include VM time: time to notify and block threads, do the pre-
[551.188s][info][gc,stats    ]         and post-safepoint housekeeping. Use -Xlog:safepoint+stats to dissect.
[551.188s][info][gc,stats    ]   "(N)" (net) pauses are the times spent in the actual GC code.
[551.188s][info][gc,stats    ]   "a" is average time for each phase, look at levels to see if average makes sense.
[551.188s][info][gc,stats    ]   "lvls" are quantiles: 0% (minimum), 25%, 50% (median), 75%, 100% (maximum).
[551.188s][info][gc,stats    ] 
[551.188s][info][gc,stats    ]   All times are wall-clock times, except per-root-class counters, that are sum over
[551.188s][info][gc,stats    ]   all workers. Dividing the <total> over the root stage time estimates parallelism.
[551.188s][info][gc,stats    ] 
[551.188s][info][gc,stats    ]   Pacing delays are measured from entering the pacing code till exiting it. Therefore,
[551.188s][info][gc,stats    ]   observed pacing delays may be higher than the threshold when paced thread spent more
[551.188s][info][gc,stats    ]   time in the pacing code. It usually happens when thread is de-scheduled while paced,
[551.188s][info][gc,stats    ]   OS takes longer to unblock the thread, or JVM experiences an STW pause.
[551.188s][info][gc,stats    ] 
[551.188s][info][gc,stats    ]   Higher delay would prevent application outpacing the GC, but it will hide the GC latencies
[551.188s][info][gc,stats    ]   from the STW pause times. Pacing affects the individual threads, and so it would also be
[551.188s][info][gc,stats    ]   invisible to the usual profiling tools, but would add up to end-to-end application latency.
[551.188s][info][gc,stats    ]   Raise max pacing delay with care.
[551.188s][info][gc,stats    ] 
[551.188s][info][gc,stats    ] Concurrent Reset               =    0.030 s (a =      321 us) (n =    94) (lvls, us =      146,      203,      230,      301,     3592)
[551.188s][info][gc,stats    ] Pause Init Mark (G)            =    0.215 s (a =     2285 us) (n =    94) (lvls, us =       97,      121,      137,      176,   168895)
[551.188s][info][gc,stats    ] Pause Init Mark (N)            =    0.012 s (a =      128 us) (n =    94) (lvls, us =       68,       88,      100,      119,     1411)
[551.188s][info][gc,stats    ]   Update Region States         =    0.004 s (a =       42 us) (n =    94) (lvls, us =       20,       26,       30,       51,      107)
[551.188s][info][gc,stats    ] Concurrent Mark Roots          =    0.029 s (a =      313 us) (n =    94) (lvls, us =      250,      271,      299,      332,      613)
[551.188s][info][gc,stats    ]   CMR: <total>                 =    0.037 s (a =      399 us) (n =    94) (lvls, us =      295,      338,      373,      408,     1182)
[551.188s][info][gc,stats    ]   CMR: Thread Roots            =    0.033 s (a =      351 us) (n =    94) (lvls, us =      258,      301,      334,      361,      924)
[551.188s][info][gc,stats    ]   CMR: VM Strong Roots         =    0.001 s (a =        8 us) (n =    94) (lvls, us =        3,        4,        5,        6,      251)
[551.188s][info][gc,stats    ]   CMR: CLDG Roots              =    0.004 s (a =       40 us) (n =    94) (lvls, us =       27,       30,       33,       41,      348)
[551.188s][info][gc,stats    ] Concurrent Marking             =    0.076 s (a =      812 us) (n =    94) (lvls, us =      658,      705,      766,      854,     1438)
[551.188s][info][gc,stats    ] Pause Final Mark (G)           =    0.023 s (a =      246 us) (n =    94) (lvls, us =      168,      195,      238,      271,      422)
[551.188s][info][gc,stats    ] Pause Final Mark (N)           =    0.018 s (a =      195 us) (n =    94) (lvls, us =      137,      158,      193,      219,      325)
[551.188s][info][gc,stats    ]   Finish Mark                  =    0.005 s (a =       48 us) (n =    94) (lvls, us =       23,       29,       33,       58,      153)
[551.188s][info][gc,stats    ]   Update Region States         =    0.004 s (a =       43 us) (n =    94) (lvls, us =       24,       29,       35,       54,       89)
[551.188s][info][gc,stats    ]   Choose Collection Set        =    0.005 s (a =       51 us) (n =    94) (lvls, us =       38,       43,       48,       54,       92)
[551.188s][info][gc,stats    ]   Rebuild Free Set             =    0.001 s (a =       10 us) (n =    94) (lvls, us =        8,        8,        8,       10,       28)
[551.189s][info][gc,stats    ] Concurrent Weak References     =    0.010 s (a =      110 us) (n =    94) (lvls, us =       75,       88,      104,      123,      229)
[551.189s][info][gc,stats    ]   CWRF: <total>                =    0.001 s (a =        6 us) (n =    94) (lvls, us =        4,        4,        5,        7,       24)
[551.189s][info][gc,stats    ]   CWRF: Weak References        =    0.001 s (a =        6 us) (n =    94) (lvls, us =        4,        4,        5,        7,       24)
[551.189s][info][gc,stats    ] Concurrent Weak Roots          =    0.015 s (a =      165 us) (n =    94) (lvls, us =      117,      133,      154,      182,      260)
[551.189s][info][gc,stats    ]   Roots                        =    0.009 s (a =       92 us) (n =    94) (lvls, us =       67,       73,       91,      105,      138)
[551.189s][info][gc,stats    ]     CWR: <total>               =    0.010 s (a =      109 us) (n =    94) (lvls, us =       81,       90,       98,      119,      196)
[551.189s][info][gc,stats    ]     CWR: Code Cache Roots      =    0.006 s (a =       59 us) (n =    94) (lvls, us =       38,       48,       53,       65,      124)
[551.189s][info][gc,stats    ]     CWR: VM Weak Roots         =    0.005 s (a =       49 us) (n =    94) (lvls, us =       39,       41,       45,       54,       87)
[551.189s][info][gc,stats    ]     CWR: CLDG Roots            =    0.000 s (a =        1 us) (n =    94) (lvls, us =        1,        1,        1,        1,        2)
[551.189s][info][gc,stats    ]   Rendezvous                   =    0.004 s (a =       37 us) (n =    94) (lvls, us =       19,       24,       29,       54,       92)
[551.189s][info][gc,stats    ] Concurrent Cleanup             =    0.008 s (a =       90 us) (n =    94) (lvls, us =       42,       81,       88,       96,      178)
[551.189s][info][gc,stats    ] Concurrent Class Unloading     =    0.027 s (a =      288 us) (n =    94) (lvls, us =      217,      242,      271,      316,      452)
[551.189s][info][gc,stats    ]   Unlink Stale                 =    0.017 s (a =      180 us) (n =    94) (lvls, us =      141,      154,      170,      193,      283)
[551.189s][info][gc,stats    ]     System Dictionary          =    0.000 s (a =        1 us) (n =    94) (lvls, us =        1,        1,        1,        1,        5)
[551.189s][info][gc,stats    ]     Weak Class Links           =    0.000 s (a =        0 us) (n =    94) (lvls, us =        0,        0,        0,        0,        0)
[551.190s][info][gc,stats    ]     Code Roots                 =    0.017 s (a =      178 us) (n =    94) (lvls, us =      139,      152,      168,      191,      280)
[551.190s][info][gc,stats    ]   Rendezvous                   =    0.003 s (a =       34 us) (n =    94) (lvls, us =       19,       23,       26,       35,       90)
[551.190s][info][gc,stats    ]   Purge Unlinked               =    0.003 s (a =       36 us) (n =    94) (lvls, us =       21,       25,       29,       46,      105)
[551.190s][info][gc,stats    ]     Code Roots                 =    0.003 s (a =       33 us) (n =    94) (lvls, us =       19,       22,       26,       41,      101)
[551.190s][info][gc,stats    ]     CLDG                       =    0.000 s (a =        3 us) (n =    94) (lvls, us =        2,        3,        3,        3,        9)
[551.190s][info][gc,stats    ]     Exception Caches           =    0.000 s (a =        0 us) (n =    94) (lvls, us =        0,        0,        0,        0,        0)
[551.190s][info][gc,stats    ] Pause Final Roots (G)          =    0.006 s (a =       63 us) (n =    94) (lvls, us =       42,       46,       52,       68,      228)
[551.190s][info][gc,stats    ] Pause Final Roots (N)          =    0.003 s (a =       29 us) (n =    94) (lvls, us =       22,       24,       26,       29,       99)
[551.190s][info][gc,stats    ] Pause Degenerated GC (G)       =    0.012 s (a =     1383 us) (n =     9) (lvls, us =     1211,     1230,     1270,     1328,     2014)
[551.190s][info][gc,stats    ] Pause Degenerated GC (N)       =    0.012 s (a =     1335 us) (n =     9) (lvls, us =     1172,     1172,     1230,     1289,     1940)
[551.190s][info][gc,stats    ]   Degen STW Mark               =    0.005 s (a =      529 us) (n =     9) (lvls, us =      494,      494,      506,      535,      600)
[551.190s][info][gc,stats    ]     DSM: <total>               =    0.026 s (a =     2844 us) (n =     9) (lvls, us =     2617,     2656,     2695,     2871,     3256)
[551.190s][info][gc,stats    ]     DSM: Thread Roots          =    0.001 s (a =       97 us) (n =     9) (lvls, us =       49,       52,       57,       58,      400)
[551.190s][info][gc,stats    ]     DSM: VM Strong Roots       =    0.000 s (a =        4 us) (n =     9) (lvls, us =        3,        4,        4,        4,        5)
[551.190s][info][gc,stats    ]     DSM: CLDG Roots            =    0.000 s (a =       40 us) (n =     9) (lvls, us =       31,       36,       40,       43,       45)
[551.190s][info][gc,stats    ]     DSM: Parallel Mark         =    0.024 s (a =     2703 us) (n =     9) (lvls, us =     2422,     2520,     2559,     2637,     3149)
[551.190s][info][gc,stats    ]     System Purge               =    0.002 s (a =      225 us) (n =     9) (lvls, us =      172,      180,      205,      227,      341)
[551.190s][info][gc,stats    ]       Weak References          =    0.001 s (a =       78 us) (n =     9) (lvls, us =       58,       59,       68,       74,      126)
[551.190s][info][gc,stats    ]         WRP: <total>           =    0.000 s (a =        8 us) (n =     9) (lvls, us =        5,        6,        8,        8,       10)
[551.190s][info][gc,stats    ]         WRP: Weak References   =    0.000 s (a =        8 us) (n =     9) (lvls, us =        5,        6,        8,        8,       10)
[551.190s][info][gc,stats    ]       Unload Classes           =    0.001 s (a =       99 us) (n =     9) (lvls, us =       83,       88,       94,      100,      120)
[551.190s][info][gc,stats    ]         DCU: <total>           =    0.003 s (a =      351 us) (n =     9) (lvls, us =      260,      301,      309,      389,      452)
[551.190s][info][gc,stats    ]         DCU: Unload Code Caches =    0.003 s (a =      351 us) (n =     9) (lvls, us =      260,      301,      309,      389,      452)
[551.190s][info][gc,stats    ]       Weak Roots               =    0.000 s (a =       46 us) (n =     9) (lvls, us =       26,       29,       30,       39,       93)
[551.190s][info][gc,stats    ]         DWR: <total>           =    0.001 s (a =       60 us) (n =     9) (lvls, us =       48,       54,       59,       63,       70)
[551.190s][info][gc,stats    ]         DWR: VM Weak Roots     =    0.001 s (a =       60 us) (n =     9) (lvls, us =       48,       54,       59,       63,       70)
[551.190s][info][gc,stats    ]       CLDG                     =    0.000 s (a =        0 us) (n =     9) (lvls, us =        0,        0,        0,        0,        1)
[551.190s][info][gc,stats    ]   Update Region States         =    0.000 s (a =       38 us) (n =     9) (lvls, us =       26,       26,       27,       31,       81)
[551.190s][info][gc,stats    ]   Manage GC/TLABs              =    0.000 s (a =        3 us) (n =     9) (lvls, us =        2,        3,        3,        3,        4)
[551.190s][info][gc,stats    ]   Choose Collection Set        =    0.000 s (a =       49 us) (n =     9) (lvls, us =       40,       44,       46,       48,       61)
[551.190s][info][gc,stats    ]   Rebuild Free Set             =    0.000 s (a =       10 us) (n =     9) (lvls, us =        8,        8,        8,        9,       15)
[551.190s][info][gc,stats    ]   Cleanup                      =    0.000 s (a =        8 us) (n =     9) (lvls, us =        5,        5,        5,        8,       13)
[551.190s][info][gc,stats    ] Pacing                         =    9.921 s (a =    96320 us) (n =   103) (lvls, us =        0,    92383,   101562,   121094,   176944)
[551.190s][info][gc,stats    ] 
[551.190s][info][gc,stats    ] 
[551.190s][info][gc,stats    ] Under allocation pressure, concurrent cycles may cancel, and either continue cycle
[551.190s][info][gc,stats    ] under stop-the-world pause or result in stop-the-world Full GC. Increase heap size,
[551.190s][info][gc,stats    ] tune GC heuristics, set more aggressive pacing delay, or lower allocation rate
[551.190s][info][gc,stats    ] to avoid Degenerated and Full GC cycles.
[551.190s][info][gc,stats    ] 
[551.190s][info][gc,stats    ]    94 successful concurrent GCs
[551.190s][info][gc,stats    ]       0 invoked explicitly
[551.190s][info][gc,stats    ]       0 invoked implicitly
[551.190s][info][gc,stats    ] 
[551.190s][info][gc,stats    ]     9 Degenerated GCs
[551.190s][info][gc,stats    ]       9 caused by allocation failure
[551.190s][info][gc,stats    ]         9 happened at Outside of Cycle
[551.190s][info][gc,stats    ]       0 upgraded to Full GC
[551.190s][info][gc,stats    ] 
[551.190s][info][gc,stats    ]     0 Full GCs
[551.190s][info][gc,stats    ]       0 invoked explicitly
[551.190s][info][gc,stats    ]       0 invoked implicitly
[551.190s][info][gc,stats    ]       0 caused by allocation failure
[551.190s][info][gc,stats    ]       0 upgraded from Degenerated GC
[551.191s][info][gc,stats    ] 
[551.191s][info][gc,stats    ] 
