[0.042s][info][gc] Using Parallel
[0.044s][info][gc,init] Version: 17.0.11+1-LTS (release)
[0.044s][info][gc,init] CPUs: 12 total, 12 available
[0.044s][info][gc,init] Memory: 32620M
[0.044s][info][gc,init] Large Page Support: Disabled
[0.044s][info][gc,init] NUMA Support: Disabled
[0.044s][info][gc,init] Compressed Oops: Enabled (32-bit)
[0.044s][info][gc,init] Alignments: Space 512K, Generation 512K, Heap 2M
[0.044s][info][gc,init] Heap Min Capacity: 512M
[0.044s][info][gc,init] Heap Initial Capacity: 512M
[0.044s][info][gc,init] Heap Max Capacity: 512M
[0.044s][info][gc,init] Pre-touch: Disabled
[0.044s][info][gc,init] Parallel Workers: 6
[0.052s][info][gc,metaspace] CDS archive(s) mapped at: [0x000002d00f000000-0x000002d00fbc0000-0x000002d00fbc0000), size 12320768, SharedBaseAddress: 0x000002d00f000000, ArchiveRelocationMode: 1.
[0.052s][info][gc,metaspace] Compressed class space mapped at: 0x000002d010000000-0x000002d050000000, reserved size: 1073741824
[0.052s][info][gc,metaspace] Narrow klass base: 0x000002d00f000000, Narrow klass shift: 0, Narrow klass range: 0x100000000
[1.603s][info][gc,start    ] GC(0) Pause Young (Allocation Failure)
[1.612s][info][gc,heap     ] GC(0) PSYoungGen: 85863K(153088K)->6888K(153088K) Eden: 85863K(131584K)->0K(131584K) From: 0K(21504K)->6888K(21504K)
[1.612s][info][gc,heap     ] GC(0) ParOldGen: 0K(349696K)->20488K(349696K)
[1.612s][info][gc,metaspace] GC(0) Metaspace: 1011K(1216K)->1011K(1216K) NonClass: 930K(1024K)->930K(1024K) Class: 81K(192K)->81K(192K)
[1.612s][info][gc          ] GC(0) Pause Young (Allocation Failure) 83M->26M(491M) 9.084ms
[1.612s][info][gc,cpu      ] GC(0) User=0.00s Sys=0.00s Real=0.01s
[3.071s][info][gc,start    ] GC(1) Pause Young (Allocation Failure)
[3.080s][info][gc,heap     ] GC(1) PSYoungGen: 132198K(153088K)->13080K(153088K) Eden: 125310K(131584K)->0K(131584K) From: 6888K(21504K)->13080K(21504K)
[3.080s][info][gc,heap     ] GC(1) ParOldGen: 122888K(349696K)->143368K(349696K)
[3.080s][info][gc,metaspace] GC(1) Metaspace: 1012K(1216K)->1012K(1216K) NonClass: 930K(1024K)->930K(1024K) Class: 81K(192K)->81K(192K)
[3.080s][info][gc          ] GC(1) Pause Young (Allocation Failure) 249M->152M(491M) 9.395ms
[3.080s][info][gc,cpu      ] GC(1) User=0.00s Sys=0.00s Real=0.01s
[5.629s][info][gc,start    ] GC(2) Pause Young (Allocation Failure)
[5.631s][info][gc,heap     ] GC(2) PSYoungGen: 139484K(153088K)->12056K(153088K) Eden: 126404K(131584K)->0K(131584K) From: 13080K(21504K)->12056K(21504K)
[5.631s][info][gc,heap     ] GC(2) ParOldGen: 245768K(349696K)->245768K(349696K)
[5.631s][info][gc,metaspace] GC(2) Metaspace: 1014K(1216K)->1014K(1216K) NonClass: 932K(1024K)->932K(1024K) Class: 81K(192K)->81K(192K)
[5.631s][info][gc          ] GC(2) Pause Young (Allocation Failure) 376M->251M(491M) 2.501ms
[5.631s][info][gc,cpu      ] GC(2) User=0.00s Sys=0.00s Real=0.00s
[7.098s][info][gc,start    ] GC(3) Pause Full (Ergonomics)
[7.098s][info][gc,phases,start] GC(3) Marking Phase
[7.099s][info][gc,phases      ] GC(3) Marking Phase 1.241ms
[7.099s][info][gc,phases,start] GC(3) Summary Phase
[7.099s][info][gc,phases      ] GC(3) Summary Phase 0.040ms
[7.099s][info][gc,phases,start] GC(3) Adjust Roots
[7.099s][info][gc,phases      ] GC(3) Adjust Roots 0.422ms
[7.099s][info][gc,phases,start] GC(3) Compaction Phase
[7.104s][info][gc,phases      ] GC(3) Compaction Phase 4.231ms
[7.104s][info][gc,phases,start] GC(3) Post Compact
[7.109s][info][gc,phases      ] GC(3) Post Compact 5.481ms
[7.121s][info][gc,heap        ] GC(3) PSYoungGen: 137482K(153088K)->0K(153088K) Eden: 125426K(131584K)->0K(131584K) From: 12056K(21504K)->0K(21504K)
[7.121s][info][gc,heap        ] GC(3) ParOldGen: 348168K(349696K)->27802K(173568K)
[7.121s][info][gc,metaspace   ] GC(3) Metaspace: 1016K(1216K)->1016K(1216K) NonClass: 934K(1024K)->934K(1024K) Class: 81K(192K)->81K(192K)
[7.121s][info][gc             ] GC(3) Pause Full (Ergonomics) 474M->27M(319M) 23.725ms
[7.121s][info][gc,cpu         ] GC(3) User=0.02s Sys=0.02s Real=0.02s
[8.864s][info][gc,start       ] GC(4) Pause Young (Allocation Failure)
[8.867s][info][gc,heap        ] GC(4) PSYoungGen: 130576K(153088K)->20480K(153088K) Eden: 130576K(131584K)->0K(131584K) From: 0K(21504K)->20480K(21504K)
[8.867s][info][gc,heap        ] GC(4) ParOldGen: 130202K(173568K)->130202K(173568K)
[8.867s][info][gc,metaspace   ] GC(4) Metaspace: 1018K(1216K)->1018K(1216K) NonClass: 936K(1024K)->936K(1024K) Class: 81K(192K)->81K(192K)
[8.867s][info][gc             ] GC(4) Pause Young (Allocation Failure) 254M->147M(319M) 3.722ms
[8.867s][info][gc,cpu         ] GC(4) User=0.00s Sys=0.00s Real=0.00s
[10.298s][info][gc,start       ] GC(5) Pause Young (Allocation Failure)
[10.317s][info][gc,heap        ] GC(5) PSYoungGen: 145955K(153088K)->5120K(151040K) Eden: 125475K(131584K)->0K(129536K) From: 20480K(21504K)->5120K(21504K)
[10.317s][info][gc,heap        ] GC(5) ParOldGen: 232602K(276480K)->304282K(328192K)
[10.317s][info][gc,metaspace   ] GC(5) Metaspace: 1018K(1216K)->1018K(1216K) NonClass: 936K(1024K)->936K(1024K) Class: 81K(192K)->81K(192K)
[10.317s][info][gc             ] GC(5) Pause Young (Allocation Failure) 369M->302M(468M) 18.554ms
[10.317s][info][gc,cpu         ] GC(5) User=0.02s Sys=0.00s Real=0.02s
[10.317s][info][gc,start       ] GC(6) Pause Full (Ergonomics)
[10.317s][info][gc,phases,start] GC(6) Marking Phase
[10.318s][info][gc,phases      ] GC(6) Marking Phase 1.255ms
[10.318s][info][gc,phases,start] GC(6) Summary Phase
[10.318s][info][gc,phases      ] GC(6) Summary Phase 0.011ms
[10.318s][info][gc,phases,start] GC(6) Adjust Roots
[10.318s][info][gc,phases      ] GC(6) Adjust Roots 0.267ms
[10.318s][info][gc,phases,start] GC(6) Compaction Phase
[10.324s][info][gc,phases      ] GC(6) Compaction Phase 5.130ms
[10.324s][info][gc,phases,start] GC(6) Post Compact
[10.324s][info][gc,phases      ] GC(6) Post Compact 0.388ms
[10.326s][info][gc,heap        ] GC(6) PSYoungGen: 5120K(151040K)->0K(152064K) Eden: 0K(129536K)->0K(129536K) From: 5120K(21504K)->0K(22528K)
[10.326s][info][gc,heap        ] GC(6) ParOldGen: 304282K(328192K)->78492K(259072K)
[10.326s][info][gc,metaspace   ] GC(6) Metaspace: 1018K(1216K)->1018K(1216K) NonClass: 936K(1024K)->936K(1024K) Class: 81K(192K)->81K(192K)
[10.326s][info][gc             ] GC(6) Pause Full (Ergonomics) 302M->76M(401M) 9.534ms
[10.326s][info][gc,cpu         ] GC(6) User=0.00s Sys=0.00s Real=0.01s
[11.751s][info][gc,start       ] GC(7) Pause Young (Allocation Failure)
[11.755s][info][gc,heap        ] GC(7) PSYoungGen: 125447K(152064K)->5120K(152064K) Eden: 125447K(129536K)->0K(129536K) From: 0K(22528K)->5120K(22528K)
[11.755s][info][gc,heap        ] GC(7) ParOldGen: 180892K(259072K)->201372K(259072K)
[11.755s][info][gc,metaspace   ] GC(7) Metaspace: 1018K(1216K)->1018K(1216K) NonClass: 936K(1024K)->936K(1024K) Class: 81K(192K)->81K(192K)
[11.755s][info][gc             ] GC(7) Pause Young (Allocation Failure) 299M->201M(401M) 4.302ms
[11.755s][info][gc,cpu         ] GC(7) User=0.00s Sys=0.00s Real=0.00s
[13.183s][info][gc,start       ] GC(8) Pause Full (Ergonomics)
[13.184s][info][gc,phases,start] GC(8) Marking Phase
[13.185s][info][gc,phases      ] GC(8) Marking Phase 1.247ms
[13.185s][info][gc,phases,start] GC(8) Summary Phase
[13.185s][info][gc,phases      ] GC(8) Summary Phase 0.013ms
[13.185s][info][gc,phases,start] GC(8) Adjust Roots
[13.185s][info][gc,phases      ] GC(8) Adjust Roots 0.216ms
[13.185s][info][gc,phases,start] GC(8) Compaction Phase
[13.187s][info][gc,phases      ] GC(8) Compaction Phase 1.682ms
[13.187s][info][gc,phases,start] GC(8) Post Compact
[13.187s][info][gc,phases      ] GC(8) Post Compact 0.526ms
[13.193s][info][gc,heap        ] GC(8) PSYoungGen: 110095K(152064K)->0K(152064K) Eden: 104975K(129536K)->0K(129536K) From: 5120K(22528K)->0K(22528K)
[13.193s][info][gc,heap        ] GC(8) ParOldGen: 303772K(349696K)->27292K(200704K)
[13.193s][info][gc,metaspace   ] GC(8) Metaspace: 1020K(1216K)->1020K(1216K) NonClass: 938K(1024K)->938K(1024K) Class: 81K(192K)->81K(192K)
[13.193s][info][gc             ] GC(8) Pause Full (Ergonomics) 404M->26M(344M) 9.252ms
[13.193s][info][gc,cpu         ] GC(8) User=0.00s Sys=0.00s Real=0.01s
[14.613s][info][gc,start       ] GC(9) Pause Young (Allocation Failure)
[14.615s][info][gc,heap        ] GC(9) PSYoungGen: 125461K(152064K)->11264K(153088K) Eden: 125461K(129536K)->0K(130560K) From: 0K(22528K)->11264K(22528K)
[14.615s][info][gc,heap        ] GC(9) ParOldGen: 129692K(200704K)->150172K(200704K)
[14.615s][info][gc,metaspace   ] GC(9) Metaspace: 1024K(1216K)->1024K(1216K) NonClass: 942K(1024K)->942K(1024K) Class: 81K(192K)->81K(192K)
[14.615s][info][gc             ] GC(9) Pause Young (Allocation Failure) 249M->157M(345M) 2.692ms
[14.615s][info][gc,cpu         ] GC(9) User=0.00s Sys=0.00s Real=0.00s
[16.919s][info][gc,start       ] GC(10) Pause Young (Allocation Failure)
[16.920s][info][gc,heap        ] GC(10) PSYoungGen: 136749K(153088K)->10240K(152064K) Eden: 125485K(130560K)->0K(130560K) From: 11264K(22528K)->10240K(21504K)
[16.920s][info][gc,heap        ] GC(10) ParOldGen: 252572K(303616K)->252572K(303616K)
[16.920s][info][gc,metaspace   ] GC(10) Metaspace: 1024K(1216K)->1024K(1216K) NonClass: 942K(1024K)->942K(1024K) Class: 81K(192K)->81K(192K)
[16.920s][info][gc             ] GC(10) Pause Young (Allocation Failure) 380M->256M(445M) 0.980ms
[16.920s][info][gc,cpu         ] GC(10) User=0.00s Sys=0.00s Real=0.00s
[17.577s][info][gc,start       ] GC(11) Pause Young (Allocation Failure)
[17.594s][info][gc,heap        ] GC(11) PSYoungGen: 115247K(152064K)->5120K(154624K) Eden: 105007K(130560K)->0K(134656K) From: 10240K(21504K)->5120K(19968K)
[17.594s][info][gc,heap        ] GC(11) ParOldGen: 252572K(349696K)->324252K(349696K)
[17.594s][info][gc,metaspace   ] GC(11) Metaspace: 1024K(1216K)->1024K(1216K) NonClass: 942K(1024K)->942K(1024K) Class: 81K(192K)->81K(192K)
[17.594s][info][gc             ] GC(11) Pause Young (Allocation Failure) 359M->321M(492M) 17.234ms
[17.594s][info][gc,cpu         ] GC(11) User=0.00s Sys=0.00s Real=0.02s
[17.594s][info][gc,start       ] GC(12) Pause Full (Ergonomics)
[17.594s][info][gc,phases,start] GC(12) Marking Phase
[17.595s][info][gc,phases      ] GC(12) Marking Phase 1.267ms
[17.595s][info][gc,phases,start] GC(12) Summary Phase
[17.595s][info][gc,phases      ] GC(12) Summary Phase 0.013ms
[17.595s][info][gc,phases,start] GC(12) Adjust Roots
[17.596s][info][gc,phases      ] GC(12) Adjust Roots 0.197ms
[17.596s][info][gc,phases,start] GC(12) Compaction Phase
[17.601s][info][gc,phases      ] GC(12) Compaction Phase 4.988ms
[17.601s][info][gc,phases,start] GC(12) Post Compact
[17.601s][info][gc,phases      ] GC(12) Post Compact 0.431ms
[17.604s][info][gc,heap        ] GC(12) PSYoungGen: 5120K(154624K)->0K(154624K) Eden: 0K(134656K)->0K(134656K) From: 5120K(19968K)->0K(19968K)
[17.604s][info][gc,heap        ] GC(12) ParOldGen: 324252K(349696K)->78492K(276992K)
[17.604s][info][gc,metaspace   ] GC(12) Metaspace: 1024K(1216K)->1024K(1216K) NonClass: 942K(1024K)->942K(1024K) Class: 81K(192K)->81K(192K)
[17.604s][info][gc             ] GC(12) Pause Full (Ergonomics) 321M->76M(421M) 9.675ms
[17.604s][info][gc,cpu         ] GC(12) User=0.00s Sys=0.00s Real=0.01s
[18.477s][info][gc,start       ] GC(13) Pause Young (Allocation Failure)
[18.478s][info][gc,heap        ] GC(13) PSYoungGen: 130685K(154624K)->10240K(155648K) Eden: 130685K(134656K)->0K(135680K) From: 0K(19968K)->10240K(19968K)
[18.478s][info][gc,heap        ] GC(13) ParOldGen: 78492K(276992K)->78492K(276992K)
[18.478s][info][gc,metaspace   ] GC(13) Metaspace: 1024K(1216K)->1024K(1216K) NonClass: 942K(1024K)->942K(1024K) Class: 81K(192K)->81K(192K)
[18.478s][info][gc             ] GC(13) Pause Young (Allocation Failure) 204M->86M(422M) 0.962ms
[18.478s][info][gc,cpu         ] GC(13) User=0.00s Sys=0.00s Real=0.00s
[20.335s][info][gc,start       ] GC(14) Pause Young (Allocation Failure)
[20.336s][info][gc,heap        ] GC(14) PSYoungGen: 132046K(155648K)->5152K(154624K) Eden: 121806K(135680K)->0K(135680K) From: 10240K(19968K)->5152K(18944K)
[20.336s][info][gc,heap        ] GC(14) ParOldGen: 180892K(276992K)->180900K(276992K)
[20.336s][info][gc,metaspace   ] GC(14) Metaspace: 1027K(1216K)->1027K(1216K) NonClass: 946K(1024K)->946K(1024K) Class: 81K(192K)->81K(192K)
[20.336s][info][gc             ] GC(14) Pause Young (Allocation Failure) 305M->181M(421M) 0.906ms
[20.336s][info][gc,cpu         ] GC(14) User=0.00s Sys=0.00s Real=0.00s
[21.753s][info][gc,start       ] GC(15) Pause Young (Allocation Failure)
[21.760s][info][gc,heap        ] GC(15) PSYoungGen: 130729K(154624K)->5120K(155648K) Eden: 125577K(135680K)->0K(136704K) From: 5152K(18944K)->5120K(18944K)
[21.760s][info][gc,heap        ] GC(15) ParOldGen: 283300K(349696K)->303788K(349696K)
[21.760s][info][gc,metaspace   ] GC(15) Metaspace: 1027K(1216K)->1027K(1216K) NonClass: 946K(1024K)->946K(1024K) Class: 81K(192K)->81K(192K)
[21.760s][info][gc             ] GC(15) Pause Young (Allocation Failure) 404M->301M(493M) 6.364ms
[21.760s][info][gc,cpu         ] GC(15) User=0.00s Sys=0.00s Real=0.01s
[21.760s][info][gc,start       ] GC(16) Pause Full (Ergonomics)
[21.760s][info][gc,phases,start] GC(16) Marking Phase
[21.761s][info][gc,phases      ] GC(16) Marking Phase 1.308ms
[21.761s][info][gc,phases,start] GC(16) Summary Phase
[21.761s][info][gc,phases      ] GC(16) Summary Phase 0.013ms
[21.761s][info][gc,phases,start] GC(16) Adjust Roots
[21.761s][info][gc,phases      ] GC(16) Adjust Roots 0.182ms
[21.761s][info][gc,phases,start] GC(16) Compaction Phase
[21.770s][info][gc,phases      ] GC(16) Compaction Phase 9.046ms
[21.770s][info][gc,phases,start] GC(16) Post Compact
[21.771s][info][gc,phases      ] GC(16) Post Compact 0.381ms
[21.771s][info][gc,heap        ] GC(16) PSYoungGen: 5120K(155648K)->0K(155648K) Eden: 0K(136704K)->0K(136704K) From: 5120K(18944K)->0K(18944K)
[21.771s][info][gc,heap        ] GC(16) ParOldGen: 303788K(349696K)->129692K(319488K)
[21.771s][info][gc,metaspace   ] GC(16) Metaspace: 1027K(1216K)->1027K(1216K) NonClass: 946K(1024K)->946K(1024K) Class: 81K(192K)->81K(192K)
[21.771s][info][gc             ] GC(16) Pause Full (Ergonomics) 301M->126M(464M) 11.268ms
[21.771s][info][gc,cpu         ] GC(16) User=0.02s Sys=0.00s Real=0.01s
[23.185s][info][gc,start       ] GC(17) Pause Young (Allocation Failure)
[23.187s][info][gc,heap        ] GC(17) PSYoungGen: 125603K(155648K)->6144K(156160K) Eden: 125603K(136704K)->0K(137216K) From: 0K(18944K)->6144K(18944K)
[23.187s][info][gc,heap        ] GC(17) ParOldGen: 232092K(319488K)->252572K(319488K)
[23.187s][info][gc,metaspace   ] GC(17) Metaspace: 1029K(1216K)->1029K(1216K) NonClass: 948K(1024K)->948K(1024K) Class: 81K(192K)->81K(192K)
[23.187s][info][gc             ] GC(17) Pause Young (Allocation Failure) 349M->252M(464M) 2.594ms
[23.188s][info][gc,cpu         ] GC(17) User=0.00s Sys=0.00s Real=0.00s
[23.295s][info][gc,start       ] GC(18) Pause Young (Allocation Failure)
[23.300s][info][gc,heap        ] GC(18) PSYoungGen: 60081K(156160K)->0K(155648K) Eden: 53937K(137216K)->0K(137216K) From: 6144K(18944K)->0K(18432K)
[23.300s][info][gc,heap        ] GC(18) ParOldGen: 252572K(349696K)->309916K(349696K)
[23.300s][info][gc,metaspace   ] GC(18) Metaspace: 1029K(1216K)->1029K(1216K) NonClass: 948K(1024K)->948K(1024K) Class: 81K(192K)->81K(192K)
[23.300s][info][gc             ] GC(18) Pause Young (Allocation Failure) 305M->302M(493M) 5.266ms
[23.300s][info][gc,cpu         ] GC(18) User=0.00s Sys=0.00s Real=0.00s
[23.301s][info][gc,start       ] GC(19) Pause Full (Ergonomics)
[23.301s][info][gc,phases,start] GC(19) Marking Phase
[23.302s][info][gc,phases      ] GC(19) Marking Phase 1.341ms
[23.302s][info][gc,phases,start] GC(19) Summary Phase
[23.302s][info][gc,phases      ] GC(19) Summary Phase 0.013ms
[23.302s][info][gc,phases,start] GC(19) Adjust Roots
[23.302s][info][gc,phases      ] GC(19) Adjust Roots 0.202ms
[23.302s][info][gc,phases,start] GC(19) Compaction Phase
[23.306s][info][gc,phases      ] GC(19) Compaction Phase 3.748ms
[23.306s][info][gc,phases,start] GC(19) Post Compact
[23.306s][info][gc,phases      ] GC(19) Post Compact 0.376ms
[23.306s][info][gc,heap        ] GC(19) PSYoungGen: 0K(155648K)->0K(155648K) Eden: 0K(137216K)->0K(136704K) From: 0K(18432K)->0K(18944K)
[23.306s][info][gc,heap        ] GC(19) ParOldGen: 309916K(349696K)->166556K(349696K)
[23.306s][info][gc,metaspace   ] GC(19) Metaspace: 1029K(1216K)->1029K(1216K) NonClass: 948K(1024K)->948K(1024K) Class: 81K(192K)->81K(192K)
[23.306s][info][gc             ] GC(19) Pause Full (Ergonomics) 302M->162M(493M) 5.930ms
[23.306s][info][gc,cpu         ] GC(19) User=0.00s Sys=0.00s Real=0.01s
[24.512s][info][gc,start       ] GC(20) Pause Young (Allocation Failure)
[24.514s][info][gc,heap        ] GC(20) PSYoungGen: 130727K(155648K)->10240K(155648K) Eden: 130727K(136704K)->0K(136704K) From: 0K(18944K)->10240K(18944K)
[24.514s][info][gc,heap        ] GC(20) ParOldGen: 166556K(349696K)->176796K(349696K)
[24.514s][info][gc,metaspace   ] GC(20) Metaspace: 1030K(1216K)->1030K(1216K) NonClass: 948K(1024K)->948K(1024K) Class: 81K(192K)->81K(192K)
[24.514s][info][gc             ] GC(20) Pause Young (Allocation Failure) 290M->182M(493M) 1.735ms
[24.514s][info][gc,cpu         ] GC(20) User=0.00s Sys=0.00s Real=0.00s
[25.932s][info][gc,start       ] GC(21) Pause Young (Allocation Failure)
[25.935s][info][gc,heap        ] GC(21) PSYoungGen: 135829K(155648K)->15360K(152576K) Eden: 125589K(136704K)->0K(133632K) From: 10240K(18944K)->15360K(18944K)
[25.935s][info][gc,heap        ] GC(21) ParOldGen: 279196K(349696K)->299676K(349696K)
[25.935s][info][gc,metaspace   ] GC(21) Metaspace: 1032K(1216K)->1032K(1216K) NonClass: 951K(1024K)->951K(1024K) Class: 81K(192K)->81K(192K)
[25.935s][info][gc             ] GC(21) Pause Young (Allocation Failure) 405M->307M(490M) 2.751ms
[25.935s][info][gc,cpu         ] GC(21) User=0.00s Sys=0.00s Real=0.00s
[25.935s][info][gc,start       ] GC(22) Pause Full (Ergonomics)
[25.935s][info][gc,phases,start] GC(22) Marking Phase
[25.936s][info][gc,phases      ] GC(22) Marking Phase 1.340ms
[25.936s][info][gc,phases,start] GC(22) Summary Phase
[25.937s][info][gc,phases      ] GC(22) Summary Phase 0.013ms
[25.937s][info][gc,phases,start] GC(22) Adjust Roots
[25.937s][info][gc,phases      ] GC(22) Adjust Roots 0.229ms
[25.937s][info][gc,phases,start] GC(22) Compaction Phase
[25.939s][info][gc,phases      ] GC(22) Compaction Phase 1.755ms
[25.939s][info][gc,phases,start] GC(22) Post Compact
[25.939s][info][gc,phases      ] GC(22) Post Compact 0.411ms
[25.943s][info][gc,heap        ] GC(22) PSYoungGen: 15360K(152576K)->0K(154112K) Eden: 0K(133632K)->0K(133632K) From: 15360K(18944K)->0K(20480K)
[25.943s][info][gc,heap        ] GC(22) ParOldGen: 299676K(349696K)->27648K(236032K)
[25.943s][info][gc,metaspace   ] GC(22) Metaspace: 1032K(1216K)->1032K(1216K) NonClass: 951K(1024K)->951K(1024K) Class: 81K(192K)->81K(192K)
[25.943s][info][gc             ] GC(22) Pause Full (Ergonomics) 307M->27M(381M) 7.695ms
[25.943s][info][gc,cpu         ] GC(22) User=0.00s Sys=0.00s Real=0.01s
[27.374s][info][gc,start       ] GC(23) Pause Young (Allocation Failure)
[27.376s][info][gc,heap        ] GC(23) PSYoungGen: 125537K(154112K)->15360K(152064K) Eden: 125537K(133632K)->0K(131584K) From: 0K(20480K)->15360K(20480K)
[27.376s][info][gc,heap        ] GC(23) ParOldGen: 130048K(236032K)->130048K(236032K)
[27.376s][info][gc,metaspace   ] GC(23) Metaspace: 1033K(1216K)->1033K(1216K) NonClass: 951K(1024K)->951K(1024K) Class: 81K(192K)->81K(192K)
[27.376s][info][gc             ] GC(23) Pause Young (Allocation Failure) 249M->142M(379M) 1.626ms
[27.376s][info][gc,cpu         ] GC(23) User=0.00s Sys=0.00s Real=0.00s
[28.905s][info][gc,start       ] GC(24) Pause Young (Allocation Failure)
[28.907s][info][gc,heap        ] GC(24) PSYoungGen: 105877K(152064K)->20512K(150016K) Eden: 90517K(131584K)->0K(129024K) From: 15360K(20480K)->20512K(20992K)
[28.907s][info][gc,heap        ] GC(24) ParOldGen: 130048K(236032K)->135176K(236032K)
[28.907s][info][gc,metaspace   ] GC(24) Metaspace: 1052K(1216K)->1052K(1216K) NonClass: 970K(1024K)->970K(1024K) Class: 81K(192K)->81K(192K)
[28.907s][info][gc             ] GC(24) Pause Young (Allocation Failure) 230M->152M(377M) 2.684ms
[28.907s][info][gc,cpu         ] GC(24) User=0.00s Sys=0.00s Real=0.00s
[30.326s][info][gc,start       ] GC(25) Pause Young (Allocation Failure)
[30.343s][info][gc,heap        ] GC(25) PSYoungGen: 145952K(150016K)->20480K(143360K) Eden: 125440K(129024K)->0K(121344K) From: 20512K(20992K)->20480K(22016K)
[30.343s][info][gc,heap        ] GC(25) ParOldGen: 237576K(338944K)->293904K(338944K)
[30.343s][info][gc,metaspace   ] GC(25) Metaspace: 1052K(1216K)->1052K(1216K) NonClass: 970K(1024K)->970K(1024K) Class: 81K(192K)->81K(192K)
[30.344s][info][gc             ] GC(25) Pause Young (Allocation Failure) 374M->307M(471M) 17.845ms
[30.344s][info][gc,cpu         ] GC(25) User=0.00s Sys=0.02s Real=0.02s
[30.344s][info][gc,start       ] GC(26) Pause Full (Ergonomics)
[30.344s][info][gc,phases,start] GC(26) Marking Phase
[30.345s][info][gc,phases      ] GC(26) Marking Phase 1.299ms
[30.345s][info][gc,phases,start] GC(26) Summary Phase
[30.345s][info][gc,phases      ] GC(26) Summary Phase 0.013ms
[30.345s][info][gc,phases,start] GC(26) Adjust Roots
[30.345s][info][gc,phases      ] GC(26) Adjust Roots 0.190ms
[30.345s][info][gc,phases,start] GC(26) Compaction Phase
[30.351s][info][gc,phases      ] GC(26) Compaction Phase 5.818ms
[30.351s][info][gc,phases,start] GC(26) Post Compact
[30.352s][info][gc,phases      ] GC(26) Post Compact 0.540ms
[30.352s][info][gc,heap        ] GC(26) PSYoungGen: 20480K(143360K)->0K(147968K) Eden: 0K(121344K)->0K(121344K) From: 20480K(22016K)->0K(26624K)
[30.352s][info][gc,heap        ] GC(26) ParOldGen: 293904K(338944K)->83612K(294912K)
[30.352s][info][gc,metaspace   ] GC(26) Metaspace: 1052K(1216K)->1052K(1216K) NonClass: 970K(1024K)->970K(1024K) Class: 81K(192K)->81K(192K)
[30.352s][info][gc             ] GC(26) Pause Full (Ergonomics) 307M->81M(432M) 8.364ms
[30.352s][info][gc,cpu         ] GC(26) User=0.00s Sys=0.00s Real=0.01s
[32.865s][info][gc,start       ] GC(27) Pause Full (Ergonomics)
[32.865s][info][gc,phases,start] GC(27) Marking Phase
[32.867s][info][gc,phases      ] GC(27) Marking Phase 1.377ms
[32.867s][info][gc,phases,start] GC(27) Summary Phase
[32.867s][info][gc,phases      ] GC(27) Summary Phase 0.014ms
[32.867s][info][gc,phases,start] GC(27) Adjust Roots
[32.867s][info][gc,phases      ] GC(27) Adjust Roots 0.183ms
[32.867s][info][gc,phases,start] GC(27) Compaction Phase
[32.867s][info][gc,phases      ] GC(27) Compaction Phase 0.651ms
[32.868s][info][gc,phases,start] GC(27) Post Compact
[32.868s][info][gc,phases      ] GC(27) Post Compact 0.506ms
[32.872s][info][gc,heap        ] GC(27) PSYoungGen: 111982K(147968K)->0K(147968K) Eden: 111982K(121344K)->0K(121344K) From: 0K(26624K)->0K(26624K)
[32.872s][info][gc,heap        ] GC(27) ParOldGen: 288412K(294912K)->8192K(216064K)
[32.872s][info][gc,metaspace   ] GC(27) Metaspace: 1052K(1216K)->1052K(1216K) NonClass: 970K(1024K)->970K(1024K) Class: 81K(192K)->81K(192K)
[32.872s][info][gc             ] GC(27) Pause Full (Ergonomics) 391M->8M(355M) 7.026ms
[32.872s][info][gc,cpu         ] GC(27) User=0.00s Sys=0.00s Real=0.01s
[34.179s][info][gc,start       ] GC(28) Pause Young (Allocation Failure)
[34.180s][info][gc,heap        ] GC(28) PSYoungGen: 120178K(147968K)->6144K(147968K) Eden: 120178K(121344K)->0K(121344K) From: 0K(26624K)->6144K(26624K)
[34.180s][info][gc,heap        ] GC(28) ParOldGen: 110592K(216064K)->110592K(216064K)
[34.180s][info][gc,metaspace   ] GC(28) Metaspace: 1052K(1216K)->1052K(1216K) NonClass: 970K(1024K)->970K(1024K) Class: 81K(192K)->81K(192K)
[34.180s][info][gc             ] GC(28) Pause Young (Allocation Failure) 225M->114M(355M) 0.852ms
[34.180s][info][gc,cpu         ] GC(28) User=0.00s Sys=0.00s Real=0.00s
[35.815s][info][gc,start       ] GC(29) Pause Full (Ergonomics)
[35.815s][info][gc,phases,start] GC(29) Marking Phase
[35.817s][info][gc,phases      ] GC(29) Marking Phase 1.291ms
[35.817s][info][gc,phases,start] GC(29) Summary Phase
[35.817s][info][gc,phases      ] GC(29) Summary Phase 0.012ms
[35.817s][info][gc,phases,start] GC(29) Adjust Roots
[35.817s][info][gc,phases      ] GC(29) Adjust Roots 0.231ms
[35.817s][info][gc,phases,start] GC(29) Compaction Phase
[35.818s][info][gc,phases      ] GC(29) Compaction Phase 0.793ms
[35.818s][info][gc,phases,start] GC(29) Post Compact
[35.818s][info][gc,phases      ] GC(29) Post Compact 0.410ms
[35.818s][info][gc,heap        ] GC(29) PSYoungGen: 121205K(147968K)->0K(148480K) Eden: 115061K(121344K)->0K(122368K) From: 6144K(26624K)->0K(26112K)
[35.818s][info][gc,heap        ] GC(29) ParOldGen: 212992K(216064K)->12288K(214528K)
[35.818s][info][gc,metaspace   ] GC(29) Metaspace: 1052K(1216K)->1052K(1216K) NonClass: 970K(1024K)->970K(1024K) Class: 81K(192K)->81K(192K)
[35.818s][info][gc             ] GC(29) Pause Full (Ergonomics) 326M->12M(354M) 3.032ms
[35.818s][info][gc,cpu         ] GC(29) User=0.00s Sys=0.00s Real=0.00s
[37.122s][info][gc,start       ] GC(30) Pause Young (Allocation Failure)
[37.124s][info][gc,heap        ] GC(30) PSYoungGen: 115084K(148480K)->20480K(140800K) Eden: 115084K(122368K)->0K(119808K) From: 0K(26112K)->20480K(20992K)
[37.124s][info][gc,heap        ] GC(30) ParOldGen: 114688K(214528K)->114688K(214528K)
[37.124s][info][gc,metaspace   ] GC(30) Metaspace: 1052K(1216K)->1052K(1216K) NonClass: 970K(1024K)->970K(1024K) Class: 81K(192K)->81K(192K)
[37.124s][info][gc             ] GC(30) Pause Young (Allocation Failure) 224M->132M(347M) 1.659ms
[37.124s][info][gc,cpu         ] GC(30) User=0.00s Sys=0.00s Real=0.00s
[38.328s][info][gc,start       ] GC(31) Pause Young (Allocation Failure)
[38.333s][info][gc,heap        ] GC(31) PSYoungGen: 135514K(140800K)->25600K(139264K) Eden: 115034K(119808K)->0K(111104K) From: 20480K(20992K)->25600K(28160K)
[38.333s][info][gc,heap        ] GC(31) ParOldGen: 217088K(317440K)->237568K(317440K)
[38.333s][info][gc,metaspace   ] GC(31) Metaspace: 1052K(1216K)->1052K(1216K) NonClass: 970K(1024K)->970K(1024K) Class: 81K(192K)->81K(192K)
[38.333s][info][gc             ] GC(31) Pause Young (Allocation Failure) 344M->257M(446M) 5.482ms
[38.333s][info][gc,cpu         ] GC(31) User=0.00s Sys=0.00s Real=0.01s
[39.644s][info][gc,start       ] GC(32) Pause Young (Allocation Failure)
[39.645s][info][gc,heap        ] GC(32) PSYoungGen: 135340K(139264K)->5120K(142848K) Eden: 109740K(111104K)->0K(111104K) From: 25600K(28160K)->5120K(31744K)
[39.645s][info][gc,heap        ] GC(32) ParOldGen: 237568K(317440K)->237568K(317440K)
[39.645s][info][gc,metaspace   ] GC(32) Metaspace: 1053K(1216K)->1053K(1216K) NonClass: 971K(1024K)->971K(1024K) Class: 81K(192K)->81K(192K)
[39.645s][info][gc             ] GC(32) Pause Young (Allocation Failure) 364M->237M(449M) 0.888ms
[39.645s][info][gc,cpu         ] GC(32) User=0.00s Sys=0.00s Real=0.00s
[40.769s][info][gc,start       ] GC(33) Pause Full (Ergonomics)
[40.769s][info][gc,phases,start] GC(33) Marking Phase
[40.770s][info][gc,phases      ] GC(33) Marking Phase 1.269ms
[40.770s][info][gc,phases,start] GC(33) Summary Phase
[40.770s][info][gc,phases      ] GC(33) Summary Phase 0.015ms
[40.770s][info][gc,phases,start] GC(33) Adjust Roots
[40.770s][info][gc,phases      ] GC(33) Adjust Roots 0.190ms
[40.770s][info][gc,phases,start] GC(33) Compaction Phase
[40.778s][info][gc,phases      ] GC(33) Compaction Phase 7.931ms
[40.778s][info][gc,phases,start] GC(33) Post Compact
[40.779s][info][gc,phases      ] GC(33) Post Compact 0.703ms
[40.781s][info][gc,heap        ] GC(33) PSYoungGen: 114860K(142848K)->0K(143360K) Eden: 109740K(111104K)->0K(112128K) From: 5120K(31744K)->0K(31232K)
[40.781s][info][gc,heap        ] GC(33) ParOldGen: 339968K(349696K)->110236K(301568K)
[40.781s][info][gc,metaspace   ] GC(33) Metaspace: 1053K(1216K)->1053K(1216K) NonClass: 971K(1024K)->971K(1024K) Class: 81K(192K)->81K(192K)
[40.781s][info][gc             ] GC(33) Pause Full (Ergonomics) 444M->107M(434M) 12.440ms
[40.781s][info][gc,cpu         ] GC(33) User=0.00s Sys=0.00s Real=0.01s
[41.765s][info][gc,start       ] GC(34) Pause Young (Allocation Failure)
[41.767s][info][gc,heap        ] GC(34) PSYoungGen: 73921K(143360K)->25600K(136192K) Eden: 73921K(112128K)->0K(110080K) From: 0K(31232K)->25600K(26112K)
[41.768s][info][gc,heap        ] GC(34) ParOldGen: 110236K(301568K)->110236K(301568K)
[41.768s][info][gc,metaspace   ] GC(34) Metaspace: 1067K(1280K)->1067K(1280K) NonClass: 985K(1088K)->985K(1088K) Class: 81K(192K)->81K(192K)
[41.768s][info][gc             ] GC(34) Pause Young (Allocation Failure) 179M->132M(427M) 2.347ms
[41.768s][info][gc,cpu         ] GC(34) User=0.00s Sys=0.00s Real=0.00s
[44.059s][info][gc,start       ] GC(35) Pause Young (Allocation Failure)
[44.060s][info][gc,heap        ] GC(35) PSYoungGen: 132712K(136192K)->6176K(140800K) Eden: 107112K(110080K)->0K(106496K) From: 25600K(26112K)->6176K(34304K)
[44.060s][info][gc,heap        ] GC(35) ParOldGen: 212636K(301568K)->212644K(301568K)
[44.060s][info][gc,metaspace   ] GC(35) Metaspace: 1068K(1280K)->1068K(1280K) NonClass: 987K(1088K)->987K(1088K) Class: 81K(192K)->81K(192K)
[44.060s][info][gc             ] GC(35) Pause Young (Allocation Failure) 337M->213M(432M) 0.679ms
[44.060s][info][gc,cpu         ] GC(35) User=0.00s Sys=0.00s Real=0.00s
[45.056s][info][gc,start       ] GC(36) Pause Full (Ergonomics)
[45.056s][info][gc,phases,start] GC(36) Marking Phase
[45.057s][info][gc,phases      ] GC(36) Marking Phase 1.368ms
[45.058s][info][gc,phases,start] GC(36) Summary Phase
[45.058s][info][gc,phases      ] GC(36) Summary Phase 0.013ms
[45.058s][info][gc,phases,start] GC(36) Adjust Roots
[45.058s][info][gc,phases      ] GC(36) Adjust Roots 0.257ms
[45.058s][info][gc,phases,start] GC(36) Compaction Phase
[45.059s][info][gc,phases      ] GC(36) Compaction Phase 0.940ms
[45.059s][info][gc,phases,start] GC(36) Post Compact
[45.059s][info][gc,phases      ] GC(36) Post Compact 0.694ms
[45.065s][info][gc,heap        ] GC(36) PSYoungGen: 110704K(140800K)->0K(140288K) Eden: 104528K(106496K)->0K(106496K) From: 6176K(34304K)->0K(33792K)
[45.065s][info][gc,heap        ] GC(36) ParOldGen: 315044K(349696K)->14336K(199168K)
[45.065s][info][gc,metaspace   ] GC(36) Metaspace: 1068K(1280K)->1068K(1280K) NonClass: 987K(1088K)->987K(1088K) Class: 81K(192K)->81K(192K)
[45.066s][info][gc             ] GC(36) Pause Full (Ergonomics) 415M->14M(331M) 9.425ms
[45.066s][info][gc,cpu         ] GC(36) User=0.00s Sys=0.00s Real=0.01s
[46.050s][info][gc,start       ] GC(37) Pause Young (Allocation Failure)
[46.053s][info][gc,heap        ] GC(37) PSYoungGen: 73808K(140288K)->25600K(135680K) Eden: 73808K(106496K)->0K(101888K) From: 0K(33792K)->25600K(33792K)
[46.053s][info][gc,heap        ] GC(37) ParOldGen: 14336K(199168K)->24576K(199168K)
[46.053s][info][gc,metaspace   ] GC(37) Metaspace: 1068K(1280K)->1068K(1280K) NonClass: 987K(1088K)->987K(1088K) Class: 81K(192K)->81K(192K)
[46.053s][info][gc             ] GC(37) Pause Young (Allocation Failure) 86M->49M(327M) 2.747ms
[46.053s][info][gc,cpu         ] GC(37) User=0.00s Sys=0.00s Real=0.00s
[47.933s][info][gc,start       ] GC(38) Pause Full (Ergonomics)
[47.933s][info][gc,phases,start] GC(38) Marking Phase
[47.935s][info][gc,phases      ] GC(38) Marking Phase 1.337ms
[47.935s][info][gc,phases,start] GC(38) Summary Phase
[47.935s][info][gc,phases      ] GC(38) Summary Phase 0.013ms
[47.935s][info][gc,phases,start] GC(38) Adjust Roots
[47.935s][info][gc,phases      ] GC(38) Adjust Roots 0.224ms
[47.935s][info][gc,phases,start] GC(38) Compaction Phase
[47.937s][info][gc,phases      ] GC(38) Compaction Phase 1.817ms
[47.937s][info][gc,phases,start] GC(38) Post Compact
[47.937s][info][gc,phases      ] GC(38) Post Compact 0.554ms
[47.941s][info][gc,heap        ] GC(38) PSYoungGen: 122868K(135680K)->0K(138240K) Eden: 97268K(101888K)->0K(101888K) From: 25600K(33792K)->0K(36352K)
[47.941s][info][gc,heap        ] GC(38) ParOldGen: 280576K(302080K)->23552K(201216K)
[47.941s][info][gc,metaspace   ] GC(38) Metaspace: 1068K(1280K)->1068K(1280K) NonClass: 987K(1088K)->987K(1088K) Class: 81K(192K)->81K(192K)
[47.941s][info][gc             ] GC(38) Pause Full (Ergonomics) 393M->23M(331M) 8.091ms
[47.941s][info][gc,cpu         ] GC(38) User=0.00s Sys=0.00s Real=0.01s
[49.902s][info][gc,start       ] GC(39) Pause Full (Ergonomics)
[49.902s][info][gc,phases,start] GC(39) Marking Phase
[49.904s][info][gc,phases      ] GC(39) Marking Phase 1.376ms
[49.904s][info][gc,phases,start] GC(39) Summary Phase
[49.904s][info][gc,phases      ] GC(39) Summary Phase 0.013ms
[49.904s][info][gc,phases,start] GC(39) Adjust Roots
[49.904s][info][gc,phases      ] GC(39) Adjust Roots 0.235ms
[49.904s][info][gc,phases,start] GC(39) Compaction Phase
[49.905s][info][gc,phases      ] GC(39) Compaction Phase 1.311ms
[49.905s][info][gc,phases,start] GC(39) Post Compact
[49.906s][info][gc,phases      ] GC(39) Post Compact 0.328ms
[49.906s][info][gc,heap        ] GC(39) PSYoungGen: 100341K(138240K)->0K(138240K) Eden: 100341K(101888K)->0K(101888K) From: 0K(36352K)->0K(36352K)
[49.906s][info][gc,heap        ] GC(39) ParOldGen: 177152K(201216K)->90112K(264192K)
[49.906s][info][gc,metaspace   ] GC(39) Metaspace: 1068K(1280K)->1068K(1280K) NonClass: 987K(1088K)->987K(1088K) Class: 81K(192K)->81K(192K)
[49.906s][info][gc             ] GC(39) Pause Full (Ergonomics) 270M->88M(393M) 3.647ms
[49.906s][info][gc,cpu         ] GC(39) User=0.00s Sys=0.00s Real=0.00s
[51.098s][info][gc,start       ] GC(40) Pause Young (Allocation Failure)
[51.099s][info][gc,heap        ] GC(40) PSYoungGen: 99317K(138240K)->0K(138240K) Eden: 99317K(101888K)->0K(101888K) From: 0K(36352K)->0K(36352K)
[51.099s][info][gc,heap        ] GC(40) ParOldGen: 192512K(264192K)->192512K(264192K)
[51.099s][info][gc,metaspace   ] GC(40) Metaspace: 1068K(1280K)->1068K(1280K) NonClass: 987K(1088K)->987K(1088K) Class: 81K(192K)->81K(192K)
[51.099s][info][gc             ] GC(40) Pause Young (Allocation Failure) 284M->188M(393M) 0.667ms
[51.099s][info][gc,cpu         ] GC(40) User=0.00s Sys=0.00s Real=0.00s
[53.005s][info][gc,start       ] GC(41) Pause Full (Ergonomics)
[53.005s][info][gc,phases,start] GC(41) Marking Phase
[53.007s][info][gc,phases      ] GC(41) Marking Phase 1.318ms
[53.007s][info][gc,phases,start] GC(41) Summary Phase
[53.007s][info][gc,phases      ] GC(41) Summary Phase 0.014ms
[53.007s][info][gc,phases,start] GC(41) Adjust Roots
[53.007s][info][gc,phases      ] GC(41) Adjust Roots 0.192ms
[53.007s][info][gc,phases,start] GC(41) Compaction Phase
[53.008s][info][gc,phases      ] GC(41) Compaction Phase 1.678ms
[53.008s][info][gc,phases,start] GC(41) Post Compact
[53.009s][info][gc,phases      ] GC(41) Post Compact 0.527ms
[53.016s][info][gc,heap        ] GC(41) PSYoungGen: 100341K(138240K)->0K(138240K) Eden: 100341K(101888K)->0K(101888K) From: 0K(36352K)->0K(36352K)
[53.016s][info][gc,heap        ] GC(41) ParOldGen: 346112K(349696K)->23552K(193536K)
[53.016s][info][gc,metaspace   ] GC(41) Metaspace: 1068K(1280K)->1068K(1280K) NonClass: 987K(1088K)->987K(1088K) Class: 81K(192K)->81K(192K)
[53.017s][info][gc             ] GC(41) Pause Full (Ergonomics) 435M->23M(324M) 11.364ms
[53.017s][info][gc,cpu         ] GC(41) User=0.00s Sys=0.00s Real=0.01s
[54.007s][info][gc,start       ] GC(42) Pause Young (Allocation Failure)
[54.008s][info][gc,heap        ] GC(42) PSYoungGen: 100341K(138240K)->6144K(138240K) Eden: 100341K(101888K)->0K(101888K) From: 0K(36352K)->6144K(36352K)
[54.008s][info][gc,heap        ] GC(42) ParOldGen: 125952K(193536K)->125952K(193536K)
[54.008s][info][gc,metaspace   ] GC(42) Metaspace: 1068K(1280K)->1068K(1280K) NonClass: 987K(1088K)->987K(1088K) Class: 81K(192K)->81K(192K)
[54.008s][info][gc             ] GC(42) Pause Young (Allocation Failure) 220M->129M(324M) 0.827ms
[54.008s][info][gc,cpu         ] GC(42) User=0.00s Sys=0.00s Real=0.00s
[56.546s][info][gc,start       ] GC(43) Pause Full (Ergonomics)
[56.546s][info][gc,phases,start] GC(43) Marking Phase
[56.548s][info][gc,phases      ] GC(43) Marking Phase 1.373ms
[56.548s][info][gc,phases,start] GC(43) Summary Phase
[56.548s][info][gc,phases      ] GC(43) Summary Phase 0.013ms
[56.548s][info][gc,phases,start] GC(43) Adjust Roots
[56.548s][info][gc,phases      ] GC(43) Adjust Roots 0.231ms
[56.548s][info][gc,phases,start] GC(43) Compaction Phase
[56.549s][info][gc,phases      ] GC(43) Compaction Phase 1.384ms
[56.549s][info][gc,phases,start] GC(43) Post Compact
[56.550s][info][gc,phases      ] GC(43) Post Compact 0.464ms
[56.555s][info][gc,heap        ] GC(43) PSYoungGen: 107509K(138240K)->0K(139264K) Eden: 101365K(101888K)->0K(103936K) From: 6144K(36352K)->0K(35328K)
[56.555s][info][gc,heap        ] GC(43) ParOldGen: 279552K(296448K)->18432K(184320K)
[56.555s][info][gc,metaspace   ] GC(43) Metaspace: 1069K(1280K)->1069K(1280K) NonClass: 987K(1088K)->987K(1088K) Class: 81K(192K)->81K(192K)
[56.555s][info][gc             ] GC(43) Pause Full (Ergonomics) 377M->18M(316M) 8.320ms
[56.555s][info][gc,cpu         ] GC(43) User=0.00s Sys=0.00s Real=0.01s
[57.529s][info][gc,start       ] GC(44) Pause Young (Allocation Failure)
[57.532s][info][gc,heap        ] GC(44) PSYoungGen: 73758K(139264K)->25600K(128000K) Eden: 73758K(103936K)->0K(101888K) From: 0K(35328K)->25600K(26112K)
[57.532s][info][gc,heap        ] GC(44) ParOldGen: 18432K(184320K)->38912K(184320K)
[57.532s][info][gc,metaspace   ] GC(44) Metaspace: 1069K(1280K)->1069K(1280K) NonClass: 987K(1088K)->987K(1088K) Class: 81K(192K)->81K(192K)
[57.532s][info][gc             ] GC(44) Pause Young (Allocation Failure) 90M->63M(305M) 2.471ms
[57.532s][info][gc,cpu         ] GC(44) User=0.00s Sys=0.00s Real=0.00s
[59.520s][info][gc,start       ] GC(45) Pause Full (Ergonomics)
[59.520s][info][gc,phases,start] GC(45) Marking Phase
[59.522s][info][gc,phases      ] GC(45) Marking Phase 1.253ms
[59.522s][info][gc,phases,start] GC(45) Summary Phase
[59.522s][info][gc,phases      ] GC(45) Summary Phase 0.013ms
[59.522s][info][gc,phases,start] GC(45) Adjust Roots
[59.522s][info][gc,phases      ] GC(45) Adjust Roots 0.194ms
[59.522s][info][gc,phases,start] GC(45) Compaction Phase
[59.525s][info][gc,phases      ] GC(45) Compaction Phase 3.455ms
[59.525s][info][gc,phases,start] GC(45) Post Compact
[59.526s][info][gc,phases      ] GC(45) Post Compact 0.667ms
[59.530s][info][gc,heap        ] GC(45) PSYoungGen: 122859K(128000K)->0K(136704K) Eden: 97259K(101888K)->0K(98816K) From: 25600K(26112K)->0K(37888K)
[59.530s][info][gc,heap        ] GC(45) ParOldGen: 294912K(338944K)->58013K(220672K)
[59.530s][info][gc,metaspace   ] GC(45) Metaspace: 1069K(1280K)->1069K(1280K) NonClass: 987K(1088K)->987K(1088K) Class: 81K(192K)->81K(192K)
[59.530s][info][gc             ] GC(45) Pause Full (Ergonomics) 407M->56M(349M) 9.726ms
[59.530s][info][gc,cpu         ] GC(45) User=0.00s Sys=0.00s Real=0.01s
[61.390s][info][gc,start       ] GC(46) Pause Full (Ergonomics)
[61.390s][info][gc,phases,start] GC(46) Marking Phase
[61.391s][info][gc,phases      ] GC(46) Marking Phase 1.383ms
[61.391s][info][gc,phases,start] GC(46) Summary Phase
[61.391s][info][gc,phases      ] GC(46) Summary Phase 0.014ms
[61.391s][info][gc,phases,start] GC(46) Adjust Roots
[61.392s][info][gc,phases      ] GC(46) Adjust Roots 0.216ms
[61.392s][info][gc,phases,start] GC(46) Compaction Phase
[61.400s][info][gc,phases      ] GC(46) Compaction Phase 8.654ms
[61.400s][info][gc,phases,start] GC(46) Post Compact
[61.401s][info][gc,phases      ] GC(46) Post Compact 0.361ms
[61.401s][info][gc,heap        ] GC(46) PSYoungGen: 95154K(136704K)->0K(136704K) Eden: 95154K(98816K)->0K(98816K) From: 0K(37888K)->0K(37888K)
[61.401s][info][gc,heap        ] GC(46) ParOldGen: 211613K(220672K)->165533K(325120K)
[61.401s][info][gc,metaspace   ] GC(46) Metaspace: 1069K(1280K)->1069K(1280K) NonClass: 987K(1088K)->987K(1088K) Class: 81K(192K)->81K(192K)
[61.401s][info][gc             ] GC(46) Pause Full (Ergonomics) 299M->161M(451M) 11.041ms
[61.401s][info][gc,cpu         ] GC(46) User=0.00s Sys=0.00s Real=0.01s
[63.183s][info][gc,start       ] GC(47) Pause Full (Ergonomics)
[63.183s][info][gc,phases,start] GC(47) Marking Phase
[63.185s][info][gc,phases      ] GC(47) Marking Phase 1.404ms
[63.185s][info][gc,phases,start] GC(47) Summary Phase
[63.185s][info][gc,phases      ] GC(47) Summary Phase 0.019ms
[63.185s][info][gc,phases,start] GC(47) Adjust Roots
[63.185s][info][gc,phases      ] GC(47) Adjust Roots 0.214ms
[63.185s][info][gc,phases,start] GC(47) Compaction Phase
[63.186s][info][gc,phases      ] GC(47) Compaction Phase 1.395ms
[63.186s][info][gc,phases,start] GC(47) Post Compact
[63.187s][info][gc,phases      ] GC(47) Post Compact 0.491ms
[63.194s][info][gc,heap        ] GC(47) PSYoungGen: 78772K(136704K)->0K(136704K) Eden: 78772K(98816K)->0K(98816K) From: 0K(37888K)->0K(37888K)
[63.194s][info][gc,heap        ] GC(47) ParOldGen: 319133K(325120K)->17408K(174592K)
[63.194s][info][gc,metaspace   ] GC(47) Metaspace: 1069K(1280K)->1069K(1280K) NonClass: 987K(1088K)->987K(1088K) Class: 81K(192K)->81K(192K)
[63.194s][info][gc             ] GC(47) Pause Full (Ergonomics) 388M->17M(304M) 10.817ms
[63.194s][info][gc,cpu         ] GC(47) User=0.02s Sys=0.00s Real=0.01s
[64.187s][info][gc,start       ] GC(48) Pause Young (Allocation Failure)
[64.188s][info][gc,heap        ] GC(48) PSYoungGen: 95157K(136704K)->6144K(136704K) Eden: 95157K(98816K)->0K(98816K) From: 0K(37888K)->6144K(37888K)
[64.188s][info][gc,heap        ] GC(48) ParOldGen: 119808K(174592K)->119808K(174592K)
[64.188s][info][gc,metaspace   ] GC(48) Metaspace: 1069K(1280K)->1069K(1280K) NonClass: 987K(1088K)->987K(1088K) Class: 81K(192K)->81K(192K)
[64.188s][info][gc             ] GC(48) Pause Young (Allocation Failure) 209M->123M(304M) 0.706ms
[64.188s][info][gc,cpu         ] GC(48) User=0.00s Sys=0.00s Real=0.00s
[65.965s][info][gc,start       ] GC(49) Pause Full (Ergonomics)
[65.965s][info][gc,phases,start] GC(49) Marking Phase
[65.966s][info][gc,phases      ] GC(49) Marking Phase 1.335ms
[65.966s][info][gc,phases,start] GC(49) Summary Phase
[65.966s][info][gc,phases      ] GC(49) Summary Phase 0.013ms
[65.966s][info][gc,phases,start] GC(49) Adjust Roots
[65.966s][info][gc,phases      ] GC(49) Adjust Roots 0.203ms
[65.966s][info][gc,phases,start] GC(49) Compaction Phase
[65.968s][info][gc,phases      ] GC(49) Compaction Phase 1.682ms
[65.968s][info][gc,phases,start] GC(49) Post Compact
[65.969s][info][gc,phases      ] GC(49) Post Compact 0.438ms
[65.973s][info][gc,heap        ] GC(49) PSYoungGen: 101302K(136704K)->0K(137728K) Eden: 95158K(98816K)->0K(100864K) From: 6144K(37888K)->0K(36864K)
[65.973s][info][gc,heap        ] GC(49) ParOldGen: 273408K(277504K)->33792K(186880K)
[65.973s][info][gc,metaspace   ] GC(49) Metaspace: 1069K(1280K)->1069K(1280K) NonClass: 987K(1088K)->987K(1088K) Class: 81K(192K)->81K(192K)
[65.973s][info][gc             ] GC(49) Pause Full (Ergonomics) 365M->33M(317M) 8.114ms
[65.973s][info][gc,cpu         ] GC(49) User=0.03s Sys=0.00s Real=0.01s
[68.360s][info][gc,start       ] GC(50) Pause Young (Allocation Failure)
[68.363s][info][gc,heap        ] GC(50) PSYoungGen: 100320K(137728K)->35840K(135168K) Eden: 100320K(100864K)->0K(98816K) From: 0K(36864K)->35840K(36352K)
[68.363s][info][gc,heap        ] GC(50) ParOldGen: 187392K(289792K)->187392K(289792K)
[68.363s][info][gc,metaspace   ] GC(50) Metaspace: 1069K(1280K)->1069K(1280K) NonClass: 987K(1088K)->987K(1088K) Class: 81K(192K)->81K(192K)
[68.363s][info][gc             ] GC(50) Pause Young (Allocation Failure) 280M->218M(415M) 2.485ms
[68.363s][info][gc,cpu         ] GC(50) User=0.00s Sys=0.00s Real=0.00s
[70.485s][info][gc,start       ] GC(51) Pause Full (Ergonomics)
[70.485s][info][gc,phases,start] GC(51) Marking Phase
[70.486s][info][gc,phases      ] GC(51) Marking Phase 1.327ms
[70.486s][info][gc,phases,start] GC(51) Summary Phase
[70.486s][info][gc,phases      ] GC(51) Summary Phase 0.015ms
[70.486s][info][gc,phases,start] GC(51) Adjust Roots
[70.486s][info][gc,phases      ] GC(51) Adjust Roots 0.211ms
[70.486s][info][gc,phases,start] GC(51) Compaction Phase
[70.487s][info][gc,phases      ] GC(51) Compaction Phase 0.635ms
[70.487s][info][gc,phases,start] GC(51) Post Compact
[70.488s][info][gc,phases      ] GC(51) Post Compact 0.639ms
[70.497s][info][gc,heap        ] GC(51) PSYoungGen: 115639K(135168K)->0K(125952K) Eden: 79799K(98816K)->0K(88576K) From: 35840K(36352K)->0K(37376K)
[70.497s][info][gc,heap        ] GC(51) ParOldGen: 340992K(349696K)->7168K(156672K)
[70.497s][info][gc,metaspace   ] GC(51) Metaspace: 1069K(1280K)->1069K(1280K) NonClass: 987K(1088K)->987K(1088K) Class: 81K(192K)->81K(192K)
[70.497s][info][gc             ] GC(51) Pause Full (Ergonomics) 445M->7M(276M) 12.181ms
[70.497s][info][gc,cpu         ] GC(51) User=0.00s Sys=0.00s Real=0.01s
[71.594s][info][gc,start       ] GC(52) Pause Young (Allocation Failure)
[71.595s][info][gc,heap        ] GC(52) PSYoungGen: 84715K(125952K)->10240K(131584K) Eden: 84715K(88576K)->0K(88576K) From: 0K(37376K)->10240K(43008K)
[71.595s][info][gc,heap        ] GC(52) ParOldGen: 109568K(156672K)->109568K(156672K)
[71.595s][info][gc,metaspace   ] GC(52) Metaspace: 1069K(1280K)->1069K(1280K) NonClass: 987K(1088K)->987K(1088K) Class: 81K(192K)->81K(192K)
[71.595s][info][gc             ] GC(52) Pause Young (Allocation Failure) 189M->117M(281M) 1.077ms
[71.595s][info][gc,cpu         ] GC(52) User=0.00s Sys=0.00s Real=0.00s
[73.151s][info][gc,start       ] GC(53) Pause Young (Allocation Failure)
[73.153s][info][gc,heap        ] GC(53) PSYoungGen: 94955K(131584K)->21504K(133632K) Eden: 84715K(88576K)->0K(92672K) From: 10240K(43008K)->21504K(40960K)
[73.153s][info][gc,heap        ] GC(53) ParOldGen: 263168K(311296K)->263168K(311296K)
[73.153s][info][gc,metaspace   ] GC(53) Metaspace: 1069K(1280K)->1069K(1280K) NonClass: 987K(1088K)->987K(1088K) Class: 81K(192K)->81K(192K)
[73.153s][info][gc             ] GC(53) Pause Young (Allocation Failure) 349M->278M(434M) 1.928ms
[73.153s][info][gc,cpu         ] GC(53) User=0.00s Sys=0.00s Real=0.00s
[73.477s][info][gc,start       ] GC(54) Pause Young (Allocation Failure)
[73.493s][info][gc,heap        ] GC(54) PSYoungGen: 105277K(133632K)->11264K(133632K) Eden: 83773K(92672K)->0K(92672K) From: 21504K(40960K)->11264K(40960K)
[73.493s][info][gc,heap        ] GC(54) ParOldGen: 263168K(349696K)->314368K(349696K)
[73.493s][info][gc,metaspace   ] GC(54) Metaspace: 1069K(1280K)->1069K(1280K) NonClass: 987K(1088K)->987K(1088K) Class: 81K(192K)->81K(192K)
[73.493s][info][gc             ] GC(54) Pause Young (Allocation Failure) 359M->318M(472M) 15.358ms
[73.493s][info][gc,cpu         ] GC(54) User=0.00s Sys=0.00s Real=0.02s
[73.493s][info][gc,start       ] GC(55) Pause Full (Ergonomics)
[73.493s][info][gc,phases,start] GC(55) Marking Phase
[73.494s][info][gc,phases      ] GC(55) Marking Phase 1.373ms
[73.494s][info][gc,phases,start] GC(55) Summary Phase
[73.494s][info][gc,phases      ] GC(55) Summary Phase 0.014ms
[73.494s][info][gc,phases,start] GC(55) Adjust Roots
[73.494s][info][gc,phases      ] GC(55) Adjust Roots 0.242ms
[73.494s][info][gc,phases,start] GC(55) Compaction Phase
[73.498s][info][gc,phases      ] GC(55) Compaction Phase 3.997ms
[73.499s][info][gc,phases,start] GC(55) Post Compact
[73.499s][info][gc,phases      ] GC(55) Post Compact 0.396ms
[73.499s][info][gc,heap        ] GC(55) PSYoungGen: 11264K(133632K)->0K(135680K) Eden: 0K(92672K)->0K(96768K) From: 11264K(40960K)->0K(38912K)
[73.499s][info][gc,heap        ] GC(55) ParOldGen: 314368K(349696K)->172032K(335872K)
[73.499s][info][gc,metaspace   ] GC(55) Metaspace: 1069K(1280K)->1069K(1280K) NonClass: 987K(1088K)->987K(1088K) Class: 81K(192K)->81K(192K)
[73.499s][info][gc             ] GC(55) Pause Full (Ergonomics) 318M->168M(460M) 6.277ms
[73.499s][info][gc,cpu         ] GC(55) User=0.02s Sys=0.00s Real=0.00s
[74.928s][info][gc,start       ] GC(56) Pause Full (Ergonomics)
[74.928s][info][gc,phases,start] GC(56) Marking Phase
[74.929s][info][gc,phases      ] GC(56) Marking Phase 1.333ms
[74.930s][info][gc,phases,start] GC(56) Summary Phase
[74.930s][info][gc,phases      ] GC(56) Summary Phase 0.014ms
[74.930s][info][gc,phases,start] GC(56) Adjust Roots
[74.930s][info][gc,phases      ] GC(56) Adjust Roots 0.198ms
[74.930s][info][gc,phases,start] GC(56) Compaction Phase
[74.934s][info][gc,phases      ] GC(56) Compaction Phase 4.017ms
[74.934s][info][gc,phases,start] GC(56) Post Compact
[74.934s][info][gc,phases      ] GC(56) Post Compact 0.454ms
[74.939s][info][gc,heap        ] GC(56) PSYoungGen: 49032K(135680K)->0K(135680K) Eden: 49032K(96768K)->0K(96768K) From: 0K(38912K)->0K(38912K)
[74.939s][info][gc,heap        ] GC(56) ParOldGen: 325632K(349696K)->63133K(230912K)
[74.939s][info][gc,metaspace   ] GC(56) Metaspace: 1069K(1280K)->1069K(1280K) NonClass: 987K(1088K)->987K(1088K) Class: 81K(192K)->81K(192K)
[74.939s][info][gc             ] GC(56) Pause Full (Ergonomics) 365M->61M(358M) 11.022ms
[74.939s][info][gc,cpu         ] GC(56) User=0.00s Sys=0.00s Real=0.01s
[77.054s][info][gc,start       ] GC(57) Pause Full (Ergonomics)
[77.054s][info][gc,phases,start] GC(57) Marking Phase
[77.055s][info][gc,phases      ] GC(57) Marking Phase 1.281ms
[77.055s][info][gc,phases,start] GC(57) Summary Phase
[77.055s][info][gc,phases      ] GC(57) Summary Phase 0.013ms
[77.055s][info][gc,phases,start] GC(57) Adjust Roots
[77.055s][info][gc,phases      ] GC(57) Adjust Roots 0.198ms
[77.055s][info][gc,phases,start] GC(57) Compaction Phase
[77.058s][info][gc,phases      ] GC(57) Compaction Phase 2.257ms
[77.058s][info][gc,phases,start] GC(57) Post Compact
[77.058s][info][gc,phases      ] GC(57) Post Compact 0.492ms
[77.064s][info][gc,heap        ] GC(57) PSYoungGen: 92043K(135680K)->0K(135680K) Eden: 92043K(96768K)->0K(96768K) From: 0K(38912K)->0K(38912K)
[77.064s][info][gc,heap        ] GC(57) ParOldGen: 319133K(333824K)->37533K(209408K)
[77.064s][info][gc,metaspace   ] GC(57) Metaspace: 1069K(1280K)->1069K(1280K) NonClass: 987K(1088K)->987K(1088K) Class: 81K(192K)->81K(192K)
[77.064s][info][gc             ] GC(57) Pause Full (Ergonomics) 401M->36M(337M) 9.806ms
[77.064s][info][gc,cpu         ] GC(57) User=0.00s Sys=0.00s Real=0.01s
[78.921s][info][gc,start       ] GC(58) Pause Young (Allocation Failure)
[78.923s][info][gc,heap        ] GC(58) PSYoungGen: 94092K(135680K)->15360K(135680K) Eden: 94092K(96768K)->0K(96768K) From: 0K(38912K)->15360K(38912K)
[78.923s][info][gc,heap        ] GC(58) ParOldGen: 37533K(209408K)->37533K(209408K)
[78.923s][info][gc,metaspace   ] GC(58) Metaspace: 1069K(1280K)->1069K(1280K) NonClass: 987K(1088K)->987K(1088K) Class: 81K(192K)->81K(192K)
[78.923s][info][gc             ] GC(58) Pause Young (Allocation Failure) 128M->51M(337M) 1.503ms
[78.923s][info][gc,cpu         ] GC(58) User=0.00s Sys=0.00s Real=0.00s
[79.793s][info][gc,start       ] GC(59) Pause Young (Allocation Failure)
[79.798s][info][gc,heap        ] GC(59) PSYoungGen: 110471K(135680K)->10240K(139264K) Eden: 95111K(96768K)->0K(102400K) From: 15360K(38912K)->10240K(36864K)
[79.798s][info][gc,heap        ] GC(59) ParOldGen: 139933K(209408K)->191133K(209408K)
[79.798s][info][gc,metaspace   ] GC(59) Metaspace: 1069K(1280K)->1069K(1280K) NonClass: 987K(1088K)->987K(1088K) Class: 81K(192K)->81K(192K)
[79.798s][info][gc             ] GC(59) Pause Young (Allocation Failure) 244M->196M(340M) 5.421ms
[79.798s][info][gc,cpu         ] GC(59) User=0.00s Sys=0.00s Real=0.01s
[79.799s][info][gc,start       ] GC(60) Pause Full (Ergonomics)
[79.799s][info][gc,phases,start] GC(60) Marking Phase
[79.800s][info][gc,phases      ] GC(60) Marking Phase 1.428ms
[79.800s][info][gc,phases,start] GC(60) Summary Phase
[79.800s][info][gc,phases      ] GC(60) Summary Phase 0.011ms
[79.800s][info][gc,phases,start] GC(60) Adjust Roots
[79.800s][info][gc,phases      ] GC(60) Adjust Roots 0.249ms
[79.800s][info][gc,phases,start] GC(60) Compaction Phase
[79.804s][info][gc,phases      ] GC(60) Compaction Phase 3.894ms
[79.804s][info][gc,phases,start] GC(60) Post Compact
[79.804s][info][gc,phases      ] GC(60) Post Compact 0.249ms
[79.805s][info][gc,heap        ] GC(60) PSYoungGen: 10240K(139264K)->0K(137728K) Eden: 0K(102400K)->0K(102400K) From: 10240K(36864K)->0K(35328K)
[79.805s][info][gc,heap        ] GC(60) ParOldGen: 191133K(209408K)->63133K(249856K)
[79.805s][info][gc,metaspace   ] GC(60) Metaspace: 1069K(1280K)->1069K(1280K) NonClass: 987K(1088K)->987K(1088K) Class: 81K(192K)->81K(192K)
[79.805s][info][gc             ] GC(60) Pause Full (Ergonomics) 196M->61M(378M) 6.083ms
[79.805s][info][gc,cpu         ] GC(60) User=0.00s Sys=0.00s Real=0.00s
[82.688s][info][gc,start       ] GC(61) Pause Full (Ergonomics)
[82.688s][info][gc,phases,start] GC(61) Marking Phase
[82.689s][info][gc,phases      ] GC(61) Marking Phase 1.256ms
[82.689s][info][gc,phases,start] GC(61) Summary Phase
[82.689s][info][gc,phases      ] GC(61) Summary Phase 0.014ms
[82.689s][info][gc,phases,start] GC(61) Adjust Roots
[82.689s][info][gc,phases      ] GC(61) Adjust Roots 0.198ms
[82.689s][info][gc,phases,start] GC(61) Compaction Phase
[82.690s][info][gc,phases      ] GC(61) Compaction Phase 0.647ms
[82.690s][info][gc,phases,start] GC(61) Post Compact
[82.691s][info][gc,phases      ] GC(61) Post Compact 0.537ms
[82.697s][info][gc,heap        ] GC(61) PSYoungGen: 102394K(137728K)->0K(139264K) Eden: 102394K(102400K)->0K(103936K) From: 0K(35328K)->0K(35328K)
[82.697s][info][gc,heap        ] GC(61) ParOldGen: 319133K(349696K)->8192K(200192K)
[82.697s][info][gc,metaspace   ] GC(61) Metaspace: 1069K(1280K)->1069K(1280K) NonClass: 987K(1088K)->987K(1088K) Class: 81K(192K)->81K(192K)
[82.697s][info][gc             ] GC(61) Pause Full (Ergonomics) 411M->8M(331M) 9.258ms
[82.697s][info][gc,cpu         ] GC(61) User=0.00s Sys=0.00s Real=0.01s
[83.469s][info][gc,start       ] GC(62) Pause Young (Allocation Failure)
[83.472s][info][gc,heap        ] GC(62) PSYoungGen: 63515K(139264K)->25600K(128000K) Eden: 63515K(103936K)->0K(101888K) From: 0K(35328K)->25600K(26112K)
[83.472s][info][gc,heap        ] GC(62) ParOldGen: 8192K(200192K)->8192K(200192K)
[83.472s][info][gc,metaspace   ] GC(62) Metaspace: 1069K(1280K)->1069K(1280K) NonClass: 987K(1088K)->987K(1088K) Class: 81K(192K)->81K(192K)
[83.472s][info][gc             ] GC(62) Pause Young (Allocation Failure) 70M->33M(320M) 2.912ms
[83.472s][info][gc,cpu         ] GC(62) User=0.00s Sys=0.00s Real=0.00s
[84.670s][info][gc,start       ] GC(63) Pause Young (Allocation Failure)
[84.672s][info][gc,heap        ] GC(63) PSYoungGen: 120807K(128000K)->26624K(133120K) Eden: 95207K(101888K)->0K(95744K) From: 25600K(26112K)->26624K(37376K)
[84.672s][info][gc,heap        ] GC(63) ParOldGen: 110592K(200192K)->110592K(200192K)
[84.672s][info][gc,metaspace   ] GC(63) Metaspace: 1069K(1280K)->1069K(1280K) NonClass: 987K(1088K)->987K(1088K) Class: 81K(192K)->81K(192K)
[84.672s][info][gc             ] GC(63) Pause Young (Allocation Failure) 225M->134M(325M) 1.829ms
[84.672s][info][gc,cpu         ] GC(63) User=0.00s Sys=0.00s Real=0.00s
[85.976s][info][gc,start       ] GC(64) Pause Young (Allocation Failure)
[85.977s][info][gc,heap        ] GC(64) PSYoungGen: 116594K(133120K)->5120K(135168K) Eden: 89970K(95744K)->0K(95744K) From: 26624K(37376K)->5120K(39424K)
[85.977s][info][gc,heap        ] GC(64) ParOldGen: 212992K(303104K)->212992K(303104K)
[85.977s][info][gc,metaspace   ] GC(64) Metaspace: 1069K(1280K)->1069K(1280K) NonClass: 987K(1088K)->987K(1088K) Class: 81K(192K)->81K(192K)
[85.977s][info][gc             ] GC(64) Pause Young (Allocation Failure) 321M->213M(428M) 0.816ms
[85.977s][info][gc,cpu         ] GC(64) User=0.00s Sys=0.00s Real=0.00s
[86.773s][info][gc,start       ] GC(65) Pause Full (Ergonomics)
[86.773s][info][gc,phases,start] GC(65) Marking Phase
[86.774s][info][gc,phases      ] GC(65) Marking Phase 1.273ms
[86.774s][info][gc,phases,start] GC(65) Summary Phase
[86.774s][info][gc,phases      ] GC(65) Summary Phase 0.015ms
[86.774s][info][gc,phases,start] GC(65) Adjust Roots
[86.774s][info][gc,phases      ] GC(65) Adjust Roots 0.198ms
[86.774s][info][gc,phases,start] GC(65) Compaction Phase
[86.775s][info][gc,phases      ] GC(65) Compaction Phase 0.856ms
[86.775s][info][gc,phases,start] GC(65) Post Compact
[86.776s][info][gc,phases      ] GC(65) Post Compact 0.520ms
[86.782s][info][gc,heap        ] GC(65) PSYoungGen: 100213K(135168K)->0K(135168K) Eden: 95093K(95744K)->0K(95744K) From: 5120K(39424K)->0K(39424K)
[86.782s][info][gc,heap        ] GC(65) ParOldGen: 315392K(349696K)->13312K(197632K)
[86.782s][info][gc,metaspace   ] GC(65) Metaspace: 1069K(1280K)->1069K(1280K) NonClass: 987K(1088K)->987K(1088K) Class: 81K(192K)->81K(192K)
[86.782s][info][gc             ] GC(65) Pause Full (Ergonomics) 405M->13M(325M) 9.307ms
[86.782s][info][gc,cpu         ] GC(65) User=0.00s Sys=0.00s Real=0.01s
[88.642s][info][gc,start       ] GC(66) Pause Full (Ergonomics)
[88.642s][info][gc,phases,start] GC(66) Marking Phase
[88.644s][info][gc,phases      ] GC(66) Marking Phase 1.433ms
[88.644s][info][gc,phases,start] GC(66) Summary Phase
[88.644s][info][gc,phases      ] GC(66) Summary Phase 0.017ms
[88.644s][info][gc,phases,start] GC(66) Adjust Roots
[88.644s][info][gc,phases      ] GC(66) Adjust Roots 0.215ms
[88.644s][info][gc,phases,start] GC(66) Compaction Phase
[88.647s][info][gc,phases      ] GC(66) Compaction Phase 2.677ms
[88.647s][info][gc,phases,start] GC(66) Post Compact
[88.647s][info][gc,phases      ] GC(66) Post Compact 0.312ms
[88.647s][info][gc,heap        ] GC(66) PSYoungGen: 95095K(135168K)->0K(135168K) Eden: 95095K(95744K)->0K(95744K) From: 0K(39424K)->0K(39424K)
[88.647s][info][gc,heap        ] GC(66) ParOldGen: 166912K(197632K)->48128K(229376K)
[88.647s][info][gc,metaspace   ] GC(66) Metaspace: 1069K(1280K)->1069K(1280K) NonClass: 987K(1088K)->987K(1088K) Class: 81K(192K)->81K(192K)
[88.647s][info][gc             ] GC(66) Pause Full (Ergonomics) 255M->47M(356M) 4.941ms
[88.647s][info][gc,cpu         ] GC(66) User=0.00s Sys=0.00s Real=0.00s
[90.493s][info][gc,start       ] GC(67) Pause Young (Allocation Failure)
[90.494s][info][gc,heap        ] GC(67) PSYoungGen: 94072K(135168K)->15360K(137728K) Eden: 94072K(95744K)->0K(98304K) From: 0K(39424K)->15360K(39424K)
[90.494s][info][gc,heap        ] GC(67) ParOldGen: 99328K(229376K)->99328K(229376K)
[90.494s][info][gc,metaspace   ] GC(67) Metaspace: 1069K(1280K)->1069K(1280K) NonClass: 987K(1088K)->987K(1088K) Class: 81K(192K)->81K(192K)
[90.494s][info][gc             ] GC(67) Pause Young (Allocation Failure) 188M->112M(358M) 1.396ms
[90.494s][info][gc,cpu         ] GC(67) User=0.00s Sys=0.00s Real=0.00s
[91.476s][info][gc,start       ] GC(68) Pause Full (Ergonomics)
[91.476s][info][gc,phases,start] GC(68) Marking Phase
[91.478s][info][gc,phases      ] GC(68) Marking Phase 1.521ms
[91.478s][info][gc,phases,start] GC(68) Summary Phase
[91.478s][info][gc,phases      ] GC(68) Summary Phase 0.022ms
[91.478s][info][gc,phases,start] GC(68) Adjust Roots
[91.478s][info][gc,phases      ] GC(68) Adjust Roots 0.327ms
[91.478s][info][gc,phases,start] GC(68) Compaction Phase
[91.487s][info][gc,phases      ] GC(68) Compaction Phase 9.027ms
[91.487s][info][gc,phases,start] GC(68) Post Compact
[91.488s][info][gc,phases      ] GC(68) Post Compact 0.502ms
[91.488s][info][gc,heap        ] GC(68) PSYoungGen: 110508K(137728K)->0K(135168K) Eden: 95148K(98304K)->0K(98304K) From: 15360K(39424K)->0K(36864K)
[91.488s][info][gc,heap        ] GC(68) ParOldGen: 201728K(229376K)->114333K(291840K)
[91.488s][info][gc,metaspace   ] GC(68) Metaspace: 1069K(1280K)->1069K(1280K) NonClass: 987K(1088K)->987K(1088K) Class: 81K(192K)->81K(192K)
[91.488s][info][gc             ] GC(68) Pause Full (Ergonomics) 304M->111M(417M) 11.854ms
[91.488s][info][gc,cpu         ] GC(68) User=0.02s Sys=0.00s Real=0.01s
[94.129s][info][gc,start       ] GC(69) Pause Full (Ergonomics)
[94.129s][info][gc,phases,start] GC(69) Marking Phase
[94.130s][info][gc,phases      ] GC(69) Marking Phase 1.211ms
[94.130s][info][gc,phases,start] GC(69) Summary Phase
[94.130s][info][gc,phases      ] GC(69) Summary Phase 0.014ms
[94.130s][info][gc,phases,start] GC(69) Adjust Roots
[94.130s][info][gc,phases      ] GC(69) Adjust Roots 0.187ms
[94.130s][info][gc,phases,start] GC(69) Compaction Phase
[94.131s][info][gc,phases      ] GC(69) Compaction Phase 0.661ms
[94.131s][info][gc,phases,start] GC(69) Post Compact
[94.131s][info][gc,phases      ] GC(69) Post Compact 0.494ms
[94.136s][info][gc,heap        ] GC(69) PSYoungGen: 97197K(135168K)->0K(137728K) Eden: 97197K(98304K)->0K(100864K) From: 0K(36864K)->0K(36864K)
[94.136s][info][gc,heap        ] GC(69) ParOldGen: 267933K(291840K)->8192K(182272K)
[94.136s][info][gc,metaspace   ] GC(69) Metaspace: 1069K(1280K)->1069K(1280K) NonClass: 987K(1088K)->987K(1088K) Class: 81K(192K)->81K(192K)
[94.136s][info][gc             ] GC(69) Pause Full (Ergonomics) 356M->8M(312M) 7.099ms
[94.136s][info][gc,cpu         ] GC(69) User=0.00s Sys=0.00s Real=0.01s
[95.990s][info][gc,start       ] GC(70) Pause Full (Ergonomics)
[95.990s][info][gc,phases,start] GC(70) Marking Phase
[95.992s][info][gc,phases      ] GC(70) Marking Phase 1.331ms
[95.992s][info][gc,phases,start] GC(70) Summary Phase
[95.992s][info][gc,phases      ] GC(70) Summary Phase 0.012ms
[95.992s][info][gc,phases,start] GC(70) Adjust Roots
[95.992s][info][gc,phases      ] GC(70) Adjust Roots 0.237ms
[95.992s][info][gc,phases,start] GC(70) Compaction Phase
[95.993s][info][gc,phases      ] GC(70) Compaction Phase 1.370ms
[95.993s][info][gc,phases,start] GC(70) Post Compact
[95.994s][info][gc,phases      ] GC(70) Post Compact 0.303ms
[95.994s][info][gc,heap        ] GC(70) PSYoungGen: 95200K(137728K)->0K(137728K) Eden: 95200K(100864K)->0K(100864K) From: 0K(36864K)->0K(36864K)
[95.994s][info][gc,heap        ] GC(70) ParOldGen: 161792K(182272K)->23552K(195072K)
[95.994s][info][gc,metaspace   ] GC(70) Metaspace: 1069K(1280K)->1069K(1280K) NonClass: 987K(1088K)->987K(1088K) Class: 81K(192K)->81K(192K)
[95.994s][info][gc             ] GC(70) Pause Full (Ergonomics) 250M->23M(325M) 3.477ms
[95.994s][info][gc,cpu         ] GC(70) User=0.00s Sys=0.00s Real=0.00s
[96.863s][info][gc,start       ] GC(71) Pause Young (Allocation Failure)
[96.865s][info][gc,heap        ] GC(71) PSYoungGen: 100320K(137728K)->15360K(139776K) Eden: 100320K(100864K)->0K(102912K) From: 0K(36864K)->15360K(36864K)
[96.865s][info][gc,heap        ] GC(71) ParOldGen: 125952K(195072K)->125952K(195072K)
[96.865s][info][gc,metaspace   ] GC(71) Metaspace: 1069K(1280K)->1069K(1280K) NonClass: 987K(1088K)->987K(1088K) Class: 81K(192K)->81K(192K)
[96.865s][info][gc             ] GC(71) Pause Young (Allocation Failure) 220M->138M(327M) 1.587ms
[96.865s][info][gc,cpu         ] GC(71) User=0.00s Sys=0.00s Real=0.00s
[98.409s][info][gc,start       ] GC(72) Pause Young (Allocation Failure)
[98.412s][info][gc,heap        ] GC(72) PSYoungGen: 116756K(139776K)->25600K(137728K) Eden: 101396K(102912K)->0K(102912K) From: 15360K(36864K)->25600K(34816K)
[98.412s][info][gc,heap        ] GC(72) ParOldGen: 228352K(297984K)->228352K(297984K)
[98.412s][info][gc,metaspace   ] GC(72) Metaspace: 1069K(1280K)->1069K(1280K) NonClass: 987K(1088K)->987K(1088K) Class: 81K(192K)->81K(192K)
[98.412s][info][gc             ] GC(72) Pause Young (Allocation Failure) 337M->248M(425M) 3.141ms
[98.412s][info][gc,cpu         ] GC(72) User=0.00s Sys=0.00s Real=0.00s
[99.173s][info][gc,start       ] GC(73) Pause Young (Allocation Failure)
[99.179s][info][gc,heap        ] GC(73) PSYoungGen: 89098K(137728K)->25600K(135680K) Eden: 63498K(102912K)->0K(98816K) From: 25600K(34816K)->25600K(36864K)
[99.179s][info][gc,heap        ] GC(73) ParOldGen: 228352K(297984K)->248832K(297984K)
[99.179s][info][gc,metaspace   ] GC(73) Metaspace: 1069K(1280K)->1069K(1280K) NonClass: 987K(1088K)->987K(1088K) Class: 81K(192K)->81K(192K)
[99.179s][info][gc             ] GC(73) Pause Young (Allocation Failure) 310M->268M(423M) 6.760ms
[99.179s][info][gc,cpu         ] GC(73) User=0.00s Sys=0.00s Real=0.01s
[99.179s][info][gc,start       ] GC(74) Pause Full (Ergonomics)
[99.179s][info][gc,phases,start] GC(74) Marking Phase
[99.181s][info][gc,phases      ] GC(74) Marking Phase 1.290ms
[99.181s][info][gc,phases,start] GC(74) Summary Phase
[99.181s][info][gc,phases      ] GC(74) Summary Phase 0.012ms
[99.181s][info][gc,phases,start] GC(74) Adjust Roots
[99.181s][info][gc,phases      ] GC(74) Adjust Roots 0.195ms
[99.181s][info][gc,phases,start] GC(74) Compaction Phase
[99.184s][info][gc,phases      ] GC(74) Compaction Phase 2.975ms
[99.184s][info][gc,phases,start] GC(74) Post Compact
[99.184s][info][gc,phases      ] GC(74) Post Compact 0.334ms
[99.186s][info][gc,heap        ] GC(74) PSYoungGen: 25600K(135680K)->0K(136704K) Eden: 0K(98816K)->0K(98816K) From: 25600K(36864K)->0K(37888K)
[99.186s][info][gc,heap        ] GC(74) ParOldGen: 248832K(297984K)->47773K(214528K)
[99.186s][info][gc,metaspace   ] GC(74) Metaspace: 1069K(1280K)->1069K(1280K) NonClass: 987K(1088K)->987K(1088K) Class: 81K(192K)->81K(192K)
[99.186s][info][gc             ] GC(74) Pause Full (Ergonomics) 268M->46M(343M) 6.985ms
[99.186s][info][gc,cpu         ] GC(74) User=0.00s Sys=0.00s Real=0.01s
[100.391s][info][gc,start       ] GC(75) Pause Young (Allocation Failure)
[100.396s][info][gc,heap        ] GC(75) PSYoungGen: 95160K(136704K)->15360K(138240K) Eden: 95160K(98816K)->0K(100352K) From: 0K(37888K)->15360K(37888K)
[100.396s][info][gc,heap        ] GC(75) ParOldGen: 150173K(214528K)->201373K(214528K)
[100.396s][info][gc,metaspace   ] GC(75) Metaspace: 1069K(1280K)->1069K(1280K) NonClass: 987K(1088K)->987K(1088K) Class: 81K(192K)->81K(192K)
[100.396s][info][gc             ] GC(75) Pause Young (Allocation Failure) 239M->211M(344M) 5.181ms
[100.396s][info][gc,cpu         ] GC(75) User=0.00s Sys=0.00s Real=0.00s
[100.396s][info][gc,start       ] GC(76) Pause Full (Ergonomics)
[100.396s][info][gc,phases,start] GC(76) Marking Phase
[100.398s][info][gc,phases      ] GC(76) Marking Phase 1.284ms
[100.398s][info][gc,phases,start] GC(76) Summary Phase
[100.398s][info][gc,phases      ] GC(76) Summary Phase 0.012ms
[100.398s][info][gc,phases,start] GC(76) Adjust Roots
[100.398s][info][gc,phases      ] GC(76) Adjust Roots 0.191ms
[100.398s][info][gc,phases,start] GC(76) Compaction Phase
[100.402s][info][gc,phases      ] GC(76) Compaction Phase 4.465ms
[100.402s][info][gc,phases,start] GC(76) Post Compact
[100.403s][info][gc,phases      ] GC(76) Post Compact 0.262ms
[100.403s][info][gc,heap        ] GC(76) PSYoungGen: 15360K(138240K)->0K(136704K) Eden: 0K(100352K)->0K(100352K) From: 15360K(37888K)->0K(36352K)
[100.403s][info][gc,heap        ] GC(76) ParOldGen: 201373K(214528K)->93853K(268800K)
[100.403s][info][gc,metaspace   ] GC(76) Metaspace: 1069K(1280K)->1069K(1280K) NonClass: 987K(1088K)->987K(1088K) Class: 81K(192K)->81K(192K)
[100.403s][info][gc             ] GC(76) Pause Full (Ergonomics) 211M->91M(396M) 6.489ms
[100.403s][info][gc,cpu         ] GC(76) User=0.00s Sys=0.00s Real=0.01s
[101.716s][info][gc,start       ] GC(77) Pause Young (Allocation Failure)
[101.717s][info][gc,heap        ] GC(77) PSYoungGen: 99287K(136704K)->10240K(138752K) Eden: 99287K(100352K)->0K(102400K) From: 0K(36352K)->10240K(36352K)
[101.717s][info][gc,heap        ] GC(77) ParOldGen: 196253K(268800K)->196253K(268800K)
[101.717s][info][gc,metaspace   ] GC(77) Metaspace: 1069K(1280K)->1069K(1280K) NonClass: 987K(1088K)->987K(1088K) Class: 81K(192K)->81K(192K)
[101.717s][info][gc             ] GC(77) Pause Young (Allocation Failure) 288M->201M(398M) 1.110ms
[101.717s][info][gc,cpu         ] GC(77) User=0.00s Sys=0.00s Real=0.00s
[102.620s][info][gc,start       ] GC(78) Pause Full (Ergonomics)
[102.620s][info][gc,phases,start] GC(78) Marking Phase
[102.622s][info][gc,phases      ] GC(78) Marking Phase 1.455ms
[102.622s][info][gc,phases,start] GC(78) Summary Phase
[102.622s][info][gc,phases      ] GC(78) Summary Phase 0.013ms
[102.622s][info][gc,phases,start] GC(78) Adjust Roots
[102.622s][info][gc,phases      ] GC(78) Adjust Roots 0.239ms
[102.622s][info][gc,phases,start] GC(78) Compaction Phase
[102.623s][info][gc,phases      ] GC(78) Compaction Phase 0.762ms
[102.623s][info][gc,phases,start] GC(78) Post Compact
[102.624s][info][gc,phases      ] GC(78) Post Compact 0.513ms
[102.630s][info][gc,heap        ] GC(78) PSYoungGen: 110592K(138752K)->0K(138240K) Eden: 100352K(102400K)->0K(102400K) From: 10240K(36352K)->0K(35840K)
[102.630s][info][gc,heap        ] GC(78) ParOldGen: 298653K(349696K)->13312K(184320K)
[102.630s][info][gc,metaspace   ] GC(78) Metaspace: 1069K(1280K)->1069K(1280K) NonClass: 987K(1088K)->987K(1088K) Class: 81K(192K)->81K(192K)
[102.630s][info][gc             ] GC(78) Pause Full (Ergonomics) 399M->13M(315M) 9.487ms
[102.630s][info][gc,cpu         ] GC(78) User=0.02s Sys=0.00s Real=0.01s
[104.598s][info][gc,start       ] GC(79) Pause Full (Ergonomics)
[104.598s][info][gc,phases,start] GC(79) Marking Phase
[104.600s][info][gc,phases      ] GC(79) Marking Phase 1.429ms
[104.600s][info][gc,phases,start] GC(79) Summary Phase
[104.600s][info][gc,phases      ] GC(79) Summary Phase 0.012ms
[104.600s][info][gc,phases,start] GC(79) Adjust Roots
[104.600s][info][gc,phases      ] GC(79) Adjust Roots 0.239ms
[104.600s][info][gc,phases,start] GC(79) Compaction Phase
[104.601s][info][gc,phases      ] GC(79) Compaction Phase 1.258ms
[104.601s][info][gc,phases,start] GC(79) Post Compact
[104.602s][info][gc,phases      ] GC(79) Post Compact 0.308ms
[104.602s][info][gc,heap        ] GC(79) PSYoungGen: 100352K(138240K)->0K(138752K) Eden: 100352K(102400K)->0K(102912K) From: 0K(35840K)->0K(35840K)
[104.602s][info][gc,heap        ] GC(79) ParOldGen: 166912K(184320K)->19456K(187904K)
[104.602s][info][gc,metaspace   ] GC(79) Metaspace: 1069K(1280K)->1069K(1280K) NonClass: 987K(1088K)->987K(1088K) Class: 81K(192K)->81K(192K)
[104.602s][info][gc             ] GC(79) Pause Full (Ergonomics) 261M->19M(319M) 3.454ms
[104.602s][info][gc,cpu         ] GC(79) User=0.00s Sys=0.00s Real=0.00s
[106.346s][info][gc,start       ] GC(80) Pause Young (Allocation Failure)
[106.349s][info][gc,heap        ] GC(80) PSYoungGen: 83978K(138752K)->15360K(138752K) Eden: 83978K(102912K)->0K(102912K) From: 0K(35840K)->15360K(35840K)
[106.349s][info][gc,heap        ] GC(80) ParOldGen: 19456K(187904K)->39936K(187904K)
[106.349s][info][gc,metaspace   ] GC(80) Metaspace: 1069K(1280K)->1069K(1280K) NonClass: 987K(1088K)->987K(1088K) Class: 81K(192K)->81K(192K)
[106.349s][info][gc             ] GC(80) Pause Young (Allocation Failure) 101M->54M(319M) 2.719ms
[106.349s][info][gc,cpu         ] GC(80) User=0.00s Sys=0.00s Real=0.00s
[107.551s][info][gc,start       ] GC(81) Pause Full (Ergonomics)
[107.551s][info][gc,phases,start] GC(81) Marking Phase
[107.552s][info][gc,phases      ] GC(81) Marking Phase 1.469ms
[107.552s][info][gc,phases,start] GC(81) Summary Phase
[107.552s][info][gc,phases      ] GC(81) Summary Phase 0.014ms
[107.552s][info][gc,phases,start] GC(81) Adjust Roots
[107.553s][info][gc,phases      ] GC(81) Adjust Roots 0.271ms
[107.553s][info][gc,phases,start] GC(81) Compaction Phase
[107.555s][info][gc,phases      ] GC(81) Compaction Phase 2.045ms
[107.555s][info][gc,phases,start] GC(81) Post Compact
[107.555s][info][gc,phases      ] GC(81) Post Compact 0.297ms
[107.555s][info][gc,heap        ] GC(81) PSYoungGen: 110593K(138752K)->0K(140800K) Eden: 95233K(102912K)->0K(107008K) From: 15360K(35840K)->0K(33792K)
[107.555s][info][gc,heap        ] GC(81) ParOldGen: 142336K(187904K)->32768K(197120K)
[107.555s][info][gc,metaspace   ] GC(81) Metaspace: 1069K(1280K)->1069K(1280K) NonClass: 987K(1088K)->987K(1088K) Class: 81K(192K)->81K(192K)
[107.555s][info][gc             ] GC(81) Pause Full (Ergonomics) 247M->32M(330M) 4.322ms
[107.555s][info][gc,cpu         ] GC(81) User=0.00s Sys=0.00s Real=0.00s
[109.083s][info][gc,start       ] GC(82) Pause Full (Ergonomics)
[109.083s][info][gc,phases,start] GC(82) Marking Phase
[109.084s][info][gc,phases      ] GC(82) Marking Phase 1.468ms
[109.084s][info][gc,phases,start] GC(82) Summary Phase
[109.084s][info][gc,phases      ] GC(82) Summary Phase 0.019ms
[109.084s][info][gc,phases,start] GC(82) Adjust Roots
[109.085s][info][gc,phases      ] GC(82) Adjust Roots 0.271ms
[109.085s][info][gc,phases,start] GC(82) Compaction Phase
[109.085s][info][gc,phases      ] GC(82) Compaction Phase 0.616ms
[109.085s][info][gc,phases,start] GC(82) Post Compact
[109.086s][info][gc,phases      ] GC(82) Post Compact 0.467ms
[109.087s][info][gc,heap        ] GC(82) PSYoungGen: 99414K(140800K)->0K(140800K) Eden: 99414K(107008K)->0K(107008K) From: 0K(33792K)->0K(33792K)
[109.087s][info][gc,heap        ] GC(82) ParOldGen: 135168K(197120K)->7168K(169472K)
[109.087s][info][gc,metaspace   ] GC(82) Metaspace: 1069K(1280K)->1069K(1280K) NonClass: 987K(1088K)->987K(1088K) Class: 81K(192K)->81K(192K)
[109.087s][info][gc             ] GC(82) Pause Full (Ergonomics) 229M->7M(303M) 4.273ms
[109.087s][info][gc,cpu         ] GC(82) User=0.00s Sys=0.00s Real=0.00s
[110.283s][info][gc,start       ] GC(83) Pause Full (Ergonomics)
[110.283s][info][gc,phases,start] GC(83) Marking Phase
[110.284s][info][gc,phases      ] GC(83) Marking Phase 1.252ms
[110.285s][info][gc,phases,start] GC(83) Summary Phase
[110.285s][info][gc,phases      ] GC(83) Summary Phase 0.014ms
[110.285s][info][gc,phases,start] GC(83) Adjust Roots
[110.285s][info][gc,phases      ] GC(83) Adjust Roots 0.211ms
[110.285s][info][gc,phases,start] GC(83) Compaction Phase
[110.289s][info][gc,phases      ] GC(83) Compaction Phase 4.608ms
[110.289s][info][gc,phases,start] GC(83) Post Compact
[110.290s][info][gc,phases      ] GC(83) Post Compact 0.360ms
[110.290s][info][gc,heap        ] GC(83) PSYoungGen: 104536K(140800K)->0K(140800K) Eden: 104536K(107008K)->0K(107008K) From: 0K(33792K)->0K(33792K)
[110.290s][info][gc,heap        ] GC(83) ParOldGen: 109568K(169472K)->63488K(223744K)
[110.290s][info][gc,metaspace   ] GC(83) Metaspace: 1069K(1280K)->1069K(1280K) NonClass: 987K(1088K)->987K(1088K) Class: 81K(192K)->81K(192K)
[110.290s][info][gc             ] GC(83) Pause Full (Ergonomics) 209M->62M(356M) 6.793ms
[110.290s][info][gc,cpu         ] GC(83) User=0.00s Sys=0.00s Real=0.01s
[111.263s][info][gc,start       ] GC(84) Pause Full (Ergonomics)
[111.263s][info][gc,phases,start] GC(84) Marking Phase
[111.265s][info][gc,phases      ] GC(84) Marking Phase 1.311ms
[111.265s][info][gc,phases,start] GC(84) Summary Phase
[111.265s][info][gc,phases      ] GC(84) Summary Phase 0.015ms
[111.265s][info][gc,phases,start] GC(84) Adjust Roots
[111.265s][info][gc,phases      ] GC(84) Adjust Roots 0.193ms
[111.265s][info][gc,phases,start] GC(84) Compaction Phase
[111.273s][info][gc,phases      ] GC(84) Compaction Phase 7.921ms
[111.273s][info][gc,phases,start] GC(84) Post Compact
[111.273s][info][gc,phases      ] GC(84) Post Compact 0.335ms
[111.274s][info][gc,heap        ] GC(84) PSYoungGen: 104537K(140800K)->0K(140800K) Eden: 104537K(107008K)->0K(107008K) From: 0K(33792K)->0K(33792K)
[111.274s][info][gc,heap        ] GC(84) ParOldGen: 165888K(223744K)->165888K(324096K)
[111.274s][info][gc,metaspace   ] GC(84) Metaspace: 1069K(1280K)->1069K(1280K) NonClass: 987K(1088K)->987K(1088K) Class: 81K(192K)->81K(192K)
[111.274s][info][gc             ] GC(84) Pause Full (Ergonomics) 264M->162M(454M) 10.206ms
[111.274s][info][gc,cpu         ] GC(84) User=0.00s Sys=0.00s Real=0.01s
[112.042s][info][gc,start       ] GC(85) Pause Young (Allocation Failure)
[112.045s][info][gc,heap        ] GC(85) PSYoungGen: 63578K(140800K)->25600K(136704K) Eden: 63578K(107008K)->0K(102912K) From: 0K(33792K)->25600K(33792K)
[112.045s][info][gc,heap        ] GC(85) ParOldGen: 165888K(324096K)->165888K(324096K)
[112.045s][info][gc,metaspace   ] GC(85) Metaspace: 1069K(1280K)->1069K(1280K) NonClass: 987K(1088K)->987K(1088K) Class: 81K(192K)->81K(192K)
[112.045s][info][gc             ] GC(85) Pause Young (Allocation Failure) 224M->187M(450M) 2.480ms
[112.045s][info][gc,cpu         ] GC(85) User=0.00s Sys=0.00s Real=0.00s
[113.378s][info][gc,start       ] GC(86) Pause Full (Ergonomics)
[113.378s][info][gc,phases,start] GC(86) Marking Phase
[113.379s][info][gc,phases      ] GC(86) Marking Phase 1.248ms
[113.379s][info][gc,phases,start] GC(86) Summary Phase
[113.379s][info][gc,phases      ] GC(86) Summary Phase 0.013ms
[113.379s][info][gc,phases,start] GC(86) Adjust Roots
[113.380s][info][gc,phases      ] GC(86) Adjust Roots 0.243ms
[113.380s][info][gc,phases,start] GC(86) Compaction Phase
[113.381s][info][gc,phases      ] GC(86) Compaction Phase 0.993ms
[113.381s][info][gc,phases,start] GC(86) Post Compact
[113.381s][info][gc,phases      ] GC(86) Post Compact 0.460ms
[113.386s][info][gc,heap        ] GC(86) PSYoungGen: 109576K(136704K)->0K(138752K) Eden: 83976K(102912K)->0K(102912K) From: 25600K(33792K)->0K(35840K)
[113.386s][info][gc,heap        ] GC(86) ParOldGen: 268288K(324096K)->17408K(172032K)
[113.386s][info][gc,metaspace   ] GC(86) Metaspace: 1069K(1280K)->1069K(1280K) NonClass: 987K(1088K)->987K(1088K) Class: 81K(192K)->81K(192K)
[113.386s][info][gc             ] GC(86) Pause Full (Ergonomics) 369M->17M(303M) 8.067ms
[113.386s][info][gc,cpu         ] GC(86) User=0.00s Sys=0.00s Real=0.01s
[114.466s][info][gc,start       ] GC(87) Pause Full (Ergonomics)
[114.466s][info][gc,phases,start] GC(87) Marking Phase
[114.467s][info][gc,phases      ] GC(87) Marking Phase 1.356ms
[114.467s][info][gc,phases,start] GC(87) Summary Phase
[114.467s][info][gc,phases      ] GC(87) Summary Phase 0.013ms
[114.467s][info][gc,phases,start] GC(87) Adjust Roots
[114.468s][info][gc,phases      ] GC(87) Adjust Roots 0.217ms
[114.468s][info][gc,phases,start] GC(87) Compaction Phase
[114.469s][info][gc,phases      ] GC(87) Compaction Phase 0.876ms
[114.469s][info][gc,phases,start] GC(87) Post Compact
[114.469s][info][gc,phases      ] GC(87) Post Compact 0.255ms
[114.469s][info][gc,heap        ] GC(87) PSYoungGen: 101393K(138752K)->0K(138752K) Eden: 101393K(102912K)->0K(102912K) From: 0K(35840K)->0K(35840K)
[114.469s][info][gc,heap        ] GC(87) ParOldGen: 119808K(172032K)->13312K(165888K)
[114.469s][info][gc,metaspace   ] GC(87) Metaspace: 1069K(1280K)->1069K(1280K) NonClass: 987K(1088K)->987K(1088K) Class: 81K(192K)->81K(192K)
[114.469s][info][gc             ] GC(87) Pause Full (Ergonomics) 216M->13M(297M) 3.223ms
[114.469s][info][gc,cpu         ] GC(87) User=0.00s Sys=0.00s Real=0.00s
[115.343s][info][gc,start       ] GC(88) Pause Full (Ergonomics)
[115.343s][info][gc,phases,start] GC(88) Marking Phase
[115.345s][info][gc,phases      ] GC(88) Marking Phase 1.338ms
[115.345s][info][gc,phases,start] GC(88) Summary Phase
[115.345s][info][gc,phases      ] GC(88) Summary Phase 0.012ms
[115.345s][info][gc,phases,start] GC(88) Adjust Roots
[115.345s][info][gc,phases      ] GC(88) Adjust Roots 0.229ms
[115.345s][info][gc,phases,start] GC(88) Compaction Phase
[115.346s][info][gc,phases      ] GC(88) Compaction Phase 1.246ms
[115.346s][info][gc,phases,start] GC(88) Post Compact
[115.346s][info][gc,phases      ] GC(88) Post Compact 0.248ms
[115.347s][info][gc,heap        ] GC(88) PSYoungGen: 99337K(138752K)->0K(138752K) Eden: 99337K(102912K)->0K(102912K) From: 0K(35840K)->0K(35840K)
[115.347s][info][gc,heap        ] GC(88) ParOldGen: 115712K(165888K)->19456K(169984K)
[115.347s][info][gc,metaspace   ] GC(88) Metaspace: 1069K(1280K)->1069K(1280K) NonClass: 987K(1088K)->987K(1088K) Class: 81K(192K)->81K(192K)
[115.347s][info][gc             ] GC(88) Pause Full (Ergonomics) 210M->19M(301M) 3.268ms
[115.347s][info][gc,cpu         ] GC(88) User=0.00s Sys=0.00s Real=0.00s
[117.528s][info][gc,start       ] GC(89) Pause Young (Allocation Failure)
[117.530s][info][gc,heap        ] GC(89) PSYoungGen: 94217K(138752K)->15360K(140288K) Eden: 94217K(102912K)->0K(104448K) From: 0K(35840K)->15360K(35840K)
[117.530s][info][gc,heap        ] GC(89) ParOldGen: 19456K(169984K)->19456K(169984K)
[117.530s][info][gc,metaspace   ] GC(89) Metaspace: 1069K(1280K)->1069K(1280K) NonClass: 987K(1088K)->987K(1088K) Class: 81K(192K)->81K(192K)
[117.530s][info][gc             ] GC(89) Pause Young (Allocation Failure) 111M->34M(303M) 1.481ms
[117.530s][info][gc,cpu         ] GC(89) User=0.00s Sys=0.00s Real=0.00s
[118.511s][info][gc,start       ] GC(90) Pause Full (Ergonomics)
[118.511s][info][gc,phases,start] GC(90) Marking Phase
[118.512s][info][gc,phases      ] GC(90) Marking Phase 1.343ms
[118.512s][info][gc,phases,start] GC(90) Summary Phase
[118.512s][info][gc,phases      ] GC(90) Summary Phase 0.014ms
[118.512s][info][gc,phases,start] GC(90) Adjust Roots
[118.513s][info][gc,phases      ] GC(90) Adjust Roots 0.213ms
[118.513s][info][gc,phases,start] GC(90) Compaction Phase
[118.515s][info][gc,phases      ] GC(90) Compaction Phase 2.117ms
[118.515s][info][gc,phases,start] GC(90) Post Compact
[118.515s][info][gc,phases      ] GC(90) Post Compact 0.288ms
[118.515s][info][gc,heap        ] GC(90) PSYoungGen: 116785K(140288K)->0K(138752K) Eden: 101425K(104448K)->0K(104448K) From: 15360K(35840K)->0K(34304K)
[118.515s][info][gc,heap        ] GC(90) ParOldGen: 121856K(169984K)->32768K(180736K)
[118.515s][info][gc,metaspace   ] GC(90) Metaspace: 1069K(1280K)->1069K(1280K) NonClass: 987K(1088K)->987K(1088K) Class: 81K(192K)->81K(192K)
[118.515s][info][gc             ] GC(90) Pause Full (Ergonomics) 233M->32M(312M) 4.216ms
[118.515s][info][gc,cpu         ] GC(90) User=0.02s Sys=0.00s Real=0.00s
[119.165s][info][gc,start       ] GC(91) Pause Young (Allocation Failure)
[119.168s][info][gc,heap        ] GC(91) PSYoungGen: 58398K(138752K)->20480K(140800K) Eden: 58398K(104448K)->0K(106496K) From: 0K(34304K)->20480K(34304K)
[119.168s][info][gc,heap        ] GC(91) ParOldGen: 32768K(180736K)->32768K(180736K)
[119.168s][info][gc,metaspace   ] GC(91) Metaspace: 1069K(1280K)->1069K(1280K) NonClass: 987K(1088K)->987K(1088K) Class: 81K(192K)->81K(192K)
[119.168s][info][gc             ] GC(91) Pause Young (Allocation Failure) 89M->52M(314M) 2.924ms
[119.168s][info][gc,cpu         ] GC(91) User=0.00s Sys=0.00s Real=0.00s
[120.580s][info][gc,start       ] GC(92) Pause Full (Ergonomics)
[120.580s][info][gc,phases,start] GC(92) Marking Phase
[120.581s][info][gc,phases      ] GC(92) Marking Phase 1.357ms
[120.581s][info][gc,phases,start] GC(92) Summary Phase
[120.581s][info][gc,phases      ] GC(92) Summary Phase 0.011ms
[120.581s][info][gc,phases,start] GC(92) Adjust Roots
[120.582s][info][gc,phases      ] GC(92) Adjust Roots 0.191ms
[120.582s][info][gc,phases,start] GC(92) Compaction Phase
[120.582s][info][gc,phases      ] GC(92) Compaction Phase 0.549ms
[120.582s][info][gc,phases,start] GC(92) Post Compact
[120.582s][info][gc,phases      ] GC(92) Post Compact 0.258ms
[120.583s][info][gc,heap        ] GC(92) PSYoungGen: 94283K(140800K)->0K(140288K) Eden: 73802K(106496K)->0K(106496K) From: 20480K(34304K)->0K(33792K)
[120.583s][info][gc,heap        ] GC(92) ParOldGen: 135168K(180736K)->7168K(152576K)
[120.583s][info][gc,metaspace   ] GC(92) Metaspace: 1069K(1280K)->1069K(1280K) NonClass: 987K(1088K)->987K(1088K) Class: 81K(192K)->81K(192K)
[120.583s][info][gc             ] GC(92) Pause Full (Ergonomics) 224M->7M(286M) 3.316ms
[120.583s][info][gc,cpu         ] GC(92) User=0.00s Sys=0.00s Real=0.00s
[121.885s][info][gc,start       ] GC(93) Pause Full (Ergonomics)
[121.885s][info][gc,phases,start] GC(93) Marking Phase
[121.886s][info][gc,phases      ] GC(93) Marking Phase 1.350ms
[121.886s][info][gc,phases,start] GC(93) Summary Phase
[121.886s][info][gc,phases      ] GC(93) Summary Phase 0.012ms
[121.886s][info][gc,phases,start] GC(93) Adjust Roots
[121.886s][info][gc,phases      ] GC(93) Adjust Roots 0.222ms
[121.886s][info][gc,phases,start] GC(93) Compaction Phase
[121.895s][info][gc,phases      ] GC(93) Compaction Phase 8.608ms
[121.895s][info][gc,phases,start] GC(93) Post Compact
[121.895s][info][gc,phases      ] GC(93) Post Compact 0.261ms
[121.896s][info][gc,heap        ] GC(93) PSYoungGen: 104525K(140288K)->0K(140800K) Eden: 104525K(106496K)->0K(107008K) From: 0K(33792K)->0K(33792K)
[121.896s][info][gc,heap        ] GC(93) ParOldGen: 109568K(152576K)->119453K(263168K)
[121.896s][info][gc,metaspace   ] GC(93) Metaspace: 1069K(1280K)->1069K(1280K) NonClass: 987K(1088K)->987K(1088K) Class: 81K(192K)->81K(192K)
[121.896s][info][gc             ] GC(93) Pause Full (Ergonomics) 209M->116M(394M) 10.892ms
[121.896s][info][gc,cpu         ] GC(93) User=0.02s Sys=0.00s Real=0.01s
[123.112s][info][gc,start       ] GC(94) Pause Full (Ergonomics)
[123.112s][info][gc,phases,start] GC(94) Marking Phase
[123.113s][info][gc,phases      ] GC(94) Marking Phase 1.373ms
[123.113s][info][gc,phases,start] GC(94) Summary Phase
[123.113s][info][gc,phases      ] GC(94) Summary Phase 0.027ms
[123.113s][info][gc,phases,start] GC(94) Adjust Roots
[123.114s][info][gc,phases      ] GC(94) Adjust Roots 0.270ms
[123.114s][info][gc,phases,start] GC(94) Compaction Phase
[123.115s][info][gc,phases      ] GC(94) Compaction Phase 1.408ms
[123.115s][info][gc,phases,start] GC(94) Post Compact
[123.116s][info][gc,phases      ] GC(94) Post Compact 0.423ms
[123.116s][info][gc,heap        ] GC(94) PSYoungGen: 104537K(140800K)->0K(140800K) Eden: 104537K(107008K)->0K(107008K) From: 0K(33792K)->0K(33792K)
[123.116s][info][gc,heap        ] GC(94) ParOldGen: 221853K(263168K)->115357K(257536K)
[123.116s][info][gc,metaspace   ] GC(94) Metaspace: 1069K(1280K)->1069K(1280K) NonClass: 987K(1088K)->987K(1088K) Class: 81K(192K)->81K(192K)
[123.116s][info][gc             ] GC(94) Pause Full (Ergonomics) 318M->112M(389M) 3.819ms
[123.116s][info][gc,cpu         ] GC(94) User=0.00s Sys=0.00s Real=0.00s
[124.532s][info][gc,start       ] GC(95) Pause Full (Ergonomics)
[124.532s][info][gc,phases,start] GC(95) Marking Phase
[124.533s][info][gc,phases      ] GC(95) Marking Phase 1.319ms
[124.533s][info][gc,phases,start] GC(95) Summary Phase
[124.533s][info][gc,phases      ] GC(95) Summary Phase 0.012ms
[124.533s][info][gc,phases,start] GC(95) Adjust Roots
[124.534s][info][gc,phases      ] GC(95) Adjust Roots 0.201ms
[124.534s][info][gc,phases,start] GC(95) Compaction Phase
[124.534s][info][gc,phases      ] GC(95) Compaction Phase 0.448ms
[124.534s][info][gc,phases,start] GC(95) Post Compact
[124.535s][info][gc,phases      ] GC(95) Post Compact 0.366ms
[124.538s][info][gc,heap        ] GC(95) PSYoungGen: 99418K(140800K)->0K(140800K) Eden: 99418K(107008K)->0K(107008K) From: 0K(33792K)->0K(33792K)
[124.538s][info][gc,heap        ] GC(95) ParOldGen: 217757K(257536K)->7168K(147968K)
[124.538s][info][gc,metaspace   ] GC(95) Metaspace: 1069K(1280K)->1069K(1280K) NonClass: 987K(1088K)->987K(1088K) Class: 81K(192K)->81K(192K)
[124.538s][info][gc             ] GC(95) Pause Full (Ergonomics) 309M->7M(282M) 6.309ms
[124.538s][info][gc,cpu         ] GC(95) User=0.00s Sys=0.00s Real=0.01s
[125.514s][info][gc,start       ] GC(96) Pause Full (Ergonomics)
[125.514s][info][gc,phases,start] GC(96) Marking Phase
[125.516s][info][gc,phases      ] GC(96) Marking Phase 1.471ms
[125.516s][info][gc,phases,start] GC(96) Summary Phase
[125.516s][info][gc,phases      ] GC(96) Summary Phase 0.013ms
[125.516s][info][gc,phases,start] GC(96) Adjust Roots
[125.516s][info][gc,phases      ] GC(96) Adjust Roots 0.215ms
[125.516s][info][gc,phases,start] GC(96) Compaction Phase
[125.518s][info][gc,phases      ] GC(96) Compaction Phase 1.685ms
[125.518s][info][gc,phases,start] GC(96) Post Compact
[125.518s][info][gc,phases      ] GC(96) Post Compact 0.258ms
[125.518s][info][gc,heap        ] GC(96) PSYoungGen: 104539K(140800K)->0K(140800K) Eden: 104539K(107008K)->0K(107008K) From: 0K(33792K)->0K(33792K)
[125.518s][info][gc,heap        ] GC(96) ParOldGen: 109568K(147968K)->22528K(161792K)
[125.518s][info][gc,metaspace   ] GC(96) Metaspace: 1069K(1280K)->1069K(1280K) NonClass: 987K(1088K)->987K(1088K) Class: 81K(192K)->81K(192K)
[125.518s][info][gc             ] GC(96) Pause Full (Ergonomics) 209M->22M(295M) 3.898ms
[125.518s][info][gc,cpu         ] GC(96) User=0.00s Sys=0.00s Real=0.00s
[126.276s][info][gc,start       ] GC(97) Pause Young (Allocation Failure)
[126.279s][info][gc,heap        ] GC(97) PSYoungGen: 63579K(140800K)->30720K(134656K) Eden: 63579K(107008K)->0K(100864K) From: 0K(33792K)->30720K(33792K)
[126.279s][info][gc,heap        ] GC(97) ParOldGen: 22528K(161792K)->22528K(161792K)
[126.279s][info][gc,metaspace   ] GC(97) Metaspace: 1069K(1280K)->1069K(1280K) NonClass: 987K(1088K)->987K(1088K) Class: 81K(192K)->81K(192K)
[126.279s][info][gc             ] GC(97) Pause Young (Allocation Failure) 84M->52M(289M) 2.841ms
[126.279s][info][gc,cpu         ] GC(97) User=0.00s Sys=0.00s Real=0.00s
[127.478s][info][gc,start       ] GC(98) Pause Full (Ergonomics)
[127.478s][info][gc,phases,start] GC(98) Marking Phase
[127.480s][info][gc,phases      ] GC(98) Marking Phase 1.360ms
[127.480s][info][gc,phases,start] GC(98) Summary Phase
[127.480s][info][gc,phases      ] GC(98) Summary Phase 0.013ms
[127.480s][info][gc,phases,start] GC(98) Adjust Roots
[127.480s][info][gc,phases      ] GC(98) Adjust Roots 0.235ms
[127.480s][info][gc,phases,start] GC(98) Compaction Phase
[127.482s][info][gc,phases      ] GC(98) Compaction Phase 1.759ms
[127.482s][info][gc,phases,start] GC(98) Post Compact
[127.482s][info][gc,phases      ] GC(98) Post Compact 0.296ms
[127.482s][info][gc,heap        ] GC(98) PSYoungGen: 125919K(134656K)->0K(137728K) Eden: 95199K(100864K)->0K(100864K) From: 30720K(33792K)->0K(36864K)
[127.482s][info][gc,heap        ] GC(98) ParOldGen: 124928K(161792K)->43008K(179712K)
[127.482s][info][gc,metaspace   ] GC(98) Metaspace: 1069K(1280K)->1069K(1280K) NonClass: 987K(1088K)->987K(1088K) Class: 81K(192K)->81K(192K)
[127.482s][info][gc             ] GC(98) Pause Full (Ergonomics) 244M->42M(310M) 3.906ms
[127.482s][info][gc,cpu         ] GC(98) User=0.00s Sys=0.00s Real=0.00s
[129.551s][info][gc,start       ] GC(99) Pause Young (Allocation Failure)
[129.552s][info][gc,heap        ] GC(99) PSYoungGen: 100320K(137728K)->6144K(136704K) Eden: 100320K(100864K)->0K(99840K) From: 0K(36864K)->6144K(36864K)
[129.552s][info][gc,heap        ] GC(99) ParOldGen: 196608K(282624K)->196608K(282624K)
[129.552s][info][gc,metaspace   ] GC(99) Metaspace: 1069K(1280K)->1069K(1280K) NonClass: 987K(1088K)->987K(1088K) Class: 81K(192K)->81K(192K)
[129.552s][info][gc             ] GC(99) Pause Young (Allocation Failure) 289M->198M(409M) 0.976ms
[129.552s][info][gc,cpu         ] GC(99) User=0.00s Sys=0.00s Real=0.00s
[130.644s][info][gc,start       ] GC(100) Pause Young (Allocation Failure)
[130.645s][info][gc,heap        ] GC(100) PSYoungGen: 79820K(136704K)->10240K(137216K) Eden: 73676K(99840K)->0K(99840K) From: 6144K(36864K)->10240K(37376K)
[130.645s][info][gc,heap        ] GC(100) ParOldGen: 247808K(349696K)->247808K(349696K)
[130.645s][info][gc,metaspace   ] GC(100) Metaspace: 1069K(1280K)->1069K(1280K) NonClass: 987K(1088K)->987K(1088K) Class: 81K(192K)->81K(192K)
[130.645s][info][gc             ] GC(100) Pause Young (Allocation Failure) 319M->252M(475M) 0.979ms
[130.645s][info][gc,cpu         ] GC(100) User=0.00s Sys=0.00s Real=0.00s
[130.645s][info][gc,start       ] GC(101) Pause Young (Allocation Failure)
[130.647s][info][gc,heap        ] GC(101) PSYoungGen: 10240K(137216K)->10240K(138752K) Eden: 0K(99840K)->0K(101888K) From: 10240K(37376K)->10240K(36864K)
[130.647s][info][gc,heap        ] GC(101) ParOldGen: 247808K(349696K)->247808K(349696K)
[130.647s][info][gc,metaspace   ] GC(101) Metaspace: 1069K(1280K)->1069K(1280K) NonClass: 987K(1088K)->987K(1088K) Class: 81K(192K)->81K(192K)
[130.647s][info][gc             ] GC(101) Pause Young (Allocation Failure) 252M->252M(477M) 1.330ms
[130.647s][info][gc,cpu         ] GC(101) User=0.00s Sys=0.00s Real=0.00s
[130.647s][info][gc,start       ] GC(102) Pause Full (Allocation Failure)
[130.647s][info][gc,phases,start] GC(102) Marking Phase
[130.648s][info][gc,phases      ] GC(102) Marking Phase 1.370ms
[130.648s][info][gc,phases,start] GC(102) Summary Phase
[130.648s][info][gc,phases      ] GC(102) Summary Phase 0.013ms
[130.648s][info][gc,phases,start] GC(102) Adjust Roots
[130.648s][info][gc,phases      ] GC(102) Adjust Roots 0.231ms
[130.648s][info][gc,phases,start] GC(102) Compaction Phase
[130.657s][info][gc,phases      ] GC(102) Compaction Phase 8.425ms
[130.657s][info][gc,phases,start] GC(102) Post Compact
[130.657s][info][gc,phases      ] GC(102) Post Compact 0.332ms
[130.658s][info][gc,heap        ] GC(102) PSYoungGen: 10240K(138752K)->0K(137728K) Eden: 0K(101888K)->0K(101888K) From: 10240K(36864K)->0K(35840K)
[130.658s][info][gc,heap        ] GC(102) ParOldGen: 247808K(349696K)->114333K(249344K)
[130.658s][info][gc,metaspace   ] GC(102) Metaspace: 1069K(1280K)->1069K(1280K) NonClass: 987K(1088K)->987K(1088K) Class: 81K(192K)->81K(192K)
[130.658s][info][gc             ] GC(102) Pause Full (Allocation Failure) 252M->111M(378M) 11.080ms
[130.658s][info][gc,cpu         ] GC(102) User=0.02s Sys=0.00s Real=0.01s
[133.267s][info][gc,start       ] GC(103) Pause Full (Ergonomics)
[133.267s][info][gc,phases,start] GC(103) Marking Phase
[133.268s][info][gc,phases      ] GC(103) Marking Phase 1.385ms
[133.268s][info][gc,phases,start] GC(103) Summary Phase
[133.268s][info][gc,phases      ] GC(103) Summary Phase 0.013ms
[133.268s][info][gc,phases,start] GC(103) Adjust Roots
[133.269s][info][gc,phases      ] GC(103) Adjust Roots 0.260ms
[133.269s][info][gc,phases,start] GC(103) Compaction Phase
[133.270s][info][gc,phases      ] GC(103) Compaction Phase 1.404ms
[133.270s][info][gc,phases,start] GC(103) Post Compact
[133.271s][info][gc,phases      ] GC(103) Post Compact 0.757ms
[133.280s][info][gc,heap        ] GC(103) PSYoungGen: 81909K(137728K)->0K(138752K) Eden: 81909K(101888K)->0K(102912K) From: 0K(35840K)->0K(35840K)
[133.280s][info][gc,heap        ] GC(103) ParOldGen: 319133K(349696K)->18432K(154112K)
[133.280s][info][gc,metaspace   ] GC(103) Metaspace: 1069K(1280K)->1069K(1280K) NonClass: 987K(1088K)->987K(1088K) Class: 81K(192K)->81K(192K)
[133.280s][info][gc             ] GC(103) Pause Full (Ergonomics) 391M->18M(286M) 12.874ms
[133.280s][info][gc,cpu         ] GC(103) User=0.00s Sys=0.00s Real=0.01s
[134.359s][info][gc,start       ] GC(104) Pause Full (Ergonomics)
[134.359s][info][gc,phases,start] GC(104) Marking Phase
[134.361s][info][gc,phases      ] GC(104) Marking Phase 1.344ms
[134.361s][info][gc,phases,start] GC(104) Summary Phase
[134.361s][info][gc,phases      ] GC(104) Summary Phase 0.012ms
[134.361s][info][gc,phases,start] GC(104) Adjust Roots
[134.361s][info][gc,phases      ] GC(104) Adjust Roots 0.231ms
[134.361s][info][gc,phases,start] GC(104) Compaction Phase
[134.362s][info][gc,phases      ] GC(104) Compaction Phase 0.965ms
[134.362s][info][gc,phases,start] GC(104) Post Compact
[134.362s][info][gc,phases      ] GC(104) Post Compact 0.261ms
[134.363s][info][gc,heap        ] GC(104) PSYoungGen: 101396K(138752K)->0K(138752K) Eden: 101396K(102912K)->0K(102912K) From: 0K(35840K)->0K(35840K)
[134.363s][info][gc,heap        ] GC(104) ParOldGen: 120832K(154112K)->14336K(150528K)
[134.363s][info][gc,metaspace   ] GC(104) Metaspace: 1069K(1280K)->1069K(1280K) NonClass: 987K(1088K)->987K(1088K) Class: 81K(192K)->81K(192K)
[134.363s][info][gc             ] GC(104) Pause Full (Ergonomics) 217M->14M(282M) 3.218ms
[134.363s][info][gc,cpu         ] GC(104) User=0.00s Sys=0.00s Real=0.00s
[135.222s][info][gc,start       ] GC(105) Pause Full (Ergonomics)
[135.223s][info][gc,phases,start] GC(105) Marking Phase
[135.224s][info][gc,phases      ] GC(105) Marking Phase 1.404ms
[135.224s][info][gc,phases,start] GC(105) Summary Phase
[135.224s][info][gc,phases      ] GC(105) Summary Phase 0.013ms
[135.224s][info][gc,phases,start] GC(105) Adjust Roots
[135.224s][info][gc,phases      ] GC(105) Adjust Roots 0.273ms
[135.224s][info][gc,phases,start] GC(105) Compaction Phase
[135.226s][info][gc,phases      ] GC(105) Compaction Phase 1.318ms
[135.226s][info][gc,phases,start] GC(105) Post Compact
[135.226s][info][gc,phases      ] GC(105) Post Compact 0.258ms
[135.226s][info][gc,heap        ] GC(105) PSYoungGen: 99338K(138752K)->0K(138752K) Eden: 99338K(102912K)->0K(102912K) From: 0K(35840K)->0K(35840K)
[135.226s][info][gc,heap        ] GC(105) ParOldGen: 116736K(150528K)->20480K(157184K)
[135.226s][info][gc,metaspace   ] GC(105) Metaspace: 1069K(1280K)->1069K(1280K) NonClass: 987K(1088K)->987K(1088K) Class: 81K(192K)->81K(192K)
[135.226s][info][gc             ] GC(105) Pause Full (Ergonomics) 211M->20M(289M) 3.496ms
[135.226s][info][gc,cpu         ] GC(105) User=0.00s Sys=0.00s Real=0.00s
[136.629s][info][gc,start       ] GC(106) Pause Full (Ergonomics)
[136.629s][info][gc,phases,start] GC(106) Marking Phase
[136.630s][info][gc,phases      ] GC(106) Marking Phase 1.382ms
[136.630s][info][gc,phases,start] GC(106) Summary Phase
[136.630s][info][gc,phases      ] GC(106) Summary Phase 0.017ms
[136.630s][info][gc,phases,start] GC(106) Adjust Roots
[136.630s][info][gc,phases      ] GC(106) Adjust Roots 0.259ms
[136.630s][info][gc,phases,start] GC(106) Compaction Phase
[136.631s][info][gc,phases      ] GC(106) Compaction Phase 0.918ms
[136.631s][info][gc,phases,start] GC(106) Post Compact
[136.632s][info][gc,phases      ] GC(106) Post Compact 0.359ms
[136.632s][info][gc,heap        ] GC(106) PSYoungGen: 99338K(138752K)->0K(138752K) Eden: 99338K(102912K)->0K(102912K) From: 0K(35840K)->0K(35840K)
[136.632s][info][gc,heap        ] GC(106) ParOldGen: 122880K(157184K)->13312K(150528K)
[136.632s][info][gc,metaspace   ] GC(106) Metaspace: 1069K(1280K)->1069K(1280K) NonClass: 987K(1088K)->987K(1088K) Class: 81K(192K)->81K(192K)
[136.632s][info][gc             ] GC(106) Pause Full (Ergonomics) 217M->13M(282M) 3.210ms
[136.632s][info][gc,cpu         ] GC(106) User=0.00s Sys=0.00s Real=0.00s
[137.599s][info][gc,start       ] GC(107) Pause Young (Allocation Failure)
[137.602s][info][gc,heap        ] GC(107) PSYoungGen: 73738K(138752K)->25600K(135680K) Eden: 73738K(102912K)->0K(99840K) From: 0K(35840K)->25600K(35840K)
[137.602s][info][gc,heap        ] GC(107) ParOldGen: 13312K(150528K)->33792K(150528K)
[137.602s][info][gc,metaspace   ] GC(107) Metaspace: 1069K(1280K)->1069K(1280K) NonClass: 987K(1088K)->987K(1088K) Class: 81K(192K)->81K(192K)
[137.602s][info][gc             ] GC(107) Pause Young (Allocation Failure) 85M->58M(279M) 2.977ms
[137.602s][info][gc,cpu         ] GC(107) User=0.00s Sys=0.00s Real=0.00s
[138.789s][info][gc,start       ] GC(108) Pause Full (Ergonomics)
[138.789s][info][gc,phases,start] GC(108) Marking Phase
[138.790s][info][gc,phases      ] GC(108) Marking Phase 1.380ms
[138.790s][info][gc,phases,start] GC(108) Summary Phase
[138.790s][info][gc,phases      ] GC(108) Summary Phase 0.013ms
[138.790s][info][gc,phases,start] GC(108) Adjust Roots
[138.791s][info][gc,phases      ] GC(108) Adjust Roots 0.239ms
[138.791s][info][gc,phases,start] GC(108) Compaction Phase
[138.792s][info][gc,phases      ] GC(108) Compaction Phase 1.590ms
[138.792s][info][gc,phases,start] GC(108) Post Compact
[138.793s][info][gc,phases      ] GC(108) Post Compact 0.382ms
[138.793s][info][gc,heap        ] GC(108) PSYoungGen: 120761K(135680K)->0K(137216K) Eden: 95161K(99840K)->0K(99840K) From: 25600K(35840K)->0K(37376K)
[138.793s][info][gc,heap        ] GC(108) ParOldGen: 136192K(150528K)->54272K(192000K)
[138.793s][info][gc,metaspace   ] GC(108) Metaspace: 1069K(1280K)->1069K(1280K) NonClass: 987K(1088K)->987K(1088K) Class: 81K(192K)->81K(192K)
[138.793s][info][gc             ] GC(108) Pause Full (Ergonomics) 250M->53M(321M) 3.958ms
[138.793s][info][gc,cpu         ] GC(108) User=0.00s Sys=0.00s Real=0.00s
[139.976s][info][gc,start       ] GC(109) Pause Young (Allocation Failure)
[139.978s][info][gc,heap        ] GC(109) PSYoungGen: 99264K(137216K)->10240K(138240K) Eden: 99264K(99840K)->0K(100864K) From: 0K(37376K)->10240K(37376K)
[139.978s][info][gc,heap        ] GC(109) ParOldGen: 54272K(192000K)->54272K(192000K)
[139.978s][info][gc,metaspace   ] GC(109) Metaspace: 1069K(1280K)->1069K(1280K) NonClass: 987K(1088K)->987K(1088K) Class: 81K(192K)->81K(192K)
[139.978s][info][gc             ] GC(109) Pause Young (Allocation Failure) 149M->63M(322M) 1.267ms
[139.978s][info][gc,cpu         ] GC(109) User=0.00s Sys=0.00s Real=0.00s
[140.835s][info][gc,start       ] GC(110) Pause Full (Ergonomics)
[140.835s][info][gc,phases,start] GC(110) Marking Phase
[140.837s][info][gc,phases      ] GC(110) Marking Phase 1.436ms
[140.837s][info][gc,phases,start] GC(110) Summary Phase
[140.837s][info][gc,phases      ] GC(110) Summary Phase 0.019ms
[140.837s][info][gc,phases,start] GC(110) Adjust Roots
[140.837s][info][gc,phases      ] GC(110) Adjust Roots 0.267ms
[140.837s][info][gc,phases,start] GC(110) Compaction Phase
[140.845s][info][gc,phases      ] GC(110) Compaction Phase 7.817ms
[140.845s][info][gc,phases,start] GC(110) Post Compact
[140.845s][info][gc,phases      ] GC(110) Post Compact 0.394ms
[140.846s][info][gc,heap        ] GC(110) PSYoungGen: 110546K(138240K)->0K(137216K) Eden: 100306K(100864K)->0K(100864K) From: 10240K(37376K)->0K(36352K)
[140.846s][info][gc,heap        ] GC(110) ParOldGen: 156672K(192000K)->110237K(247808K)
[140.846s][info][gc,metaspace   ] GC(110) Metaspace: 1069K(1280K)->1069K(1280K) NonClass: 987K(1088K)->987K(1088K) Class: 81K(192K)->81K(192K)
[140.846s][info][gc             ] GC(110) Pause Full (Ergonomics) 260M->107M(376M) 10.390ms
[140.846s][info][gc,cpu         ] GC(110) User=0.00s Sys=0.00s Real=0.01s
[142.829s][info][gc,start       ] GC(111) Pause Young (Allocation Failure)
[142.831s][info][gc,heap        ] GC(111) PSYoungGen: 100311K(137216K)->11264K(139264K) Eden: 100311K(100864K)->0K(102912K) From: 0K(36352K)->11264K(36352K)
[142.831s][info][gc,heap        ] GC(111) ParOldGen: 263837K(349696K)->263837K(349696K)
[142.831s][info][gc,metaspace   ] GC(111) Metaspace: 1069K(1280K)->1069K(1280K) NonClass: 987K(1088K)->987K(1088K) Class: 81K(192K)->81K(192K)
[142.831s][info][gc             ] GC(111) Pause Young (Allocation Failure) 355M->268M(477M) 1.353ms
[142.831s][info][gc,cpu         ] GC(111) User=0.00s Sys=0.00s Real=0.00s
[144.669s][info][gc,start       ] GC(112) Pause Young (Allocation Failure)
[144.673s][info][gc,heap        ] GC(112) PSYoungGen: 92167K(139264K)->31744K(135168K) Eden: 80903K(102912K)->0K(102912K) From: 11264K(36352K)->31744K(32256K)
[144.673s][info][gc,heap        ] GC(112) ParOldGen: 263837K(349696K)->263837K(349696K)
[144.673s][info][gc,metaspace   ] GC(112) Metaspace: 1069K(1280K)->1069K(1280K) NonClass: 987K(1088K)->987K(1088K) Class: 81K(192K)->81K(192K)
[144.673s][info][gc             ] GC(112) Pause Young (Allocation Failure) 347M->288M(473M) 3.727ms
[144.673s][info][gc,cpu         ] GC(112) User=0.00s Sys=0.00s Real=0.00s
[144.778s][info][gc,start       ] GC(113) Pause Young (Allocation Failure)
[144.794s][info][gc,heap        ] GC(113) PSYoungGen: 84943K(135168K)->11264K(136192K) Eden: 53199K(102912K)->0K(96768K) From: 31744K(32256K)->11264K(39424K)
[144.794s][info][gc,heap        ] GC(113) ParOldGen: 263837K(349696K)->315037K(349696K)
[144.794s][info][gc,metaspace   ] GC(113) Metaspace: 1069K(1280K)->1069K(1280K) NonClass: 987K(1088K)->987K(1088K) Class: 81K(192K)->81K(192K)
[144.794s][info][gc             ] GC(113) Pause Young (Allocation Failure) 340M->318M(474M) 16.423ms
[144.794s][info][gc,cpu         ] GC(113) User=0.02s Sys=0.02s Real=0.02s
[144.794s][info][gc,start       ] GC(114) Pause Full (Ergonomics)
[144.794s][info][gc,phases,start] GC(114) Marking Phase
[144.796s][info][gc,phases      ] GC(114) Marking Phase 1.271ms
[144.796s][info][gc,phases,start] GC(114) Summary Phase
[144.796s][info][gc,phases      ] GC(114) Summary Phase 0.014ms
[144.796s][info][gc,phases,start] GC(114) Adjust Roots
[144.796s][info][gc,phases      ] GC(114) Adjust Roots 0.207ms
[144.796s][info][gc,phases,start] GC(114) Compaction Phase
[144.801s][info][gc,phases      ] GC(114) Compaction Phase 4.887ms
[144.801s][info][gc,phases,start] GC(114) Post Compact
[144.801s][info][gc,phases      ] GC(114) Post Compact 0.456ms
[144.807s][info][gc,heap        ] GC(114) PSYoungGen: 11264K(136192K)->0K(135168K) Eden: 0K(96768K)->0K(96768K) From: 11264K(39424K)->0K(38400K)
[144.807s][info][gc,heap        ] GC(114) ParOldGen: 315037K(349696K)->64157K(212992K)
[144.807s][info][gc,metaspace   ] GC(114) Metaspace: 1069K(1280K)->1069K(1280K) NonClass: 987K(1088K)->987K(1088K) Class: 81K(192K)->81K(192K)
[144.807s][info][gc             ] GC(114) Pause Full (Ergonomics) 318M->62M(340M) 12.407ms
[144.807s][info][gc,cpu         ] GC(114) User=0.02s Sys=0.00s Real=0.01s
[147.326s][info][gc,start       ] GC(115) Pause Full (Ergonomics)
[147.326s][info][gc,phases,start] GC(115) Marking Phase
[147.327s][info][gc,phases      ] GC(115) Marking Phase 1.302ms
[147.327s][info][gc,phases,start] GC(115) Summary Phase
[147.327s][info][gc,phases      ] GC(115) Summary Phase 0.014ms
[147.327s][info][gc,phases,start] GC(115) Adjust Roots
[147.327s][info][gc,phases      ] GC(115) Adjust Roots 0.210ms
[147.327s][info][gc,phases,start] GC(115) Compaction Phase
[147.328s][info][gc,phases      ] GC(115) Compaction Phase 0.409ms
[147.328s][info][gc,phases,start] GC(115) Post Compact
[147.328s][info][gc,phases      ] GC(115) Post Compact 0.539ms
[147.337s][info][gc,heap        ] GC(115) PSYoungGen: 86891K(135168K)->0K(136192K) Eden: 86891K(96768K)->0K(97792K) From: 0K(38400K)->0K(38400K)
[147.337s][info][gc,heap        ] GC(115) ParOldGen: 320157K(349696K)->7168K(156160K)
[147.337s][info][gc,metaspace   ] GC(115) Metaspace: 1069K(1280K)->1069K(1280K) NonClass: 987K(1088K)->987K(1088K) Class: 81K(192K)->81K(192K)
[147.337s][info][gc             ] GC(115) Pause Full (Ergonomics) 397M->7M(285M) 10.887ms
[147.337s][info][gc,cpu         ] GC(115) User=0.00s Sys=0.00s Real=0.01s
[148.208s][info][gc,start       ] GC(116) Pause Full (Ergonomics)
[148.208s][info][gc,phases,start] GC(116) Marking Phase
[148.209s][info][gc,phases      ] GC(116) Marking Phase 1.423ms
[148.209s][info][gc,phases,start] GC(116) Summary Phase
[148.209s][info][gc,phases      ] GC(116) Summary Phase 0.016ms
[148.209s][info][gc,phases,start] GC(116) Adjust Roots
[148.209s][info][gc,phases      ] GC(116) Adjust Roots 0.241ms
[148.209s][info][gc,phases,start] GC(116) Compaction Phase
[148.211s][info][gc,phases      ] GC(116) Compaction Phase 1.847ms
[148.211s][info][gc,phases,start] GC(116) Post Compact
[148.211s][info][gc,phases      ] GC(116) Post Compact 0.272ms
[148.212s][info][gc,heap        ] GC(116) PSYoungGen: 95116K(136192K)->0K(136192K) Eden: 95116K(97792K)->0K(97792K) From: 0K(38400K)->0K(38400K)
[148.212s][info][gc,heap        ] GC(116) ParOldGen: 109568K(156160K)->27648K(177664K)
[148.212s][info][gc,metaspace   ] GC(116) Metaspace: 1069K(1280K)->1069K(1280K) NonClass: 987K(1088K)->987K(1088K) Class: 81K(192K)->81K(192K)
[148.212s][info][gc             ] GC(116) Pause Full (Ergonomics) 199M->27M(306M) 4.074ms
[148.212s][info][gc,cpu         ] GC(116) User=0.00s Sys=0.00s Real=0.00s
[150.071s][info][gc,start       ] GC(117) Pause Young (Allocation Failure)
[150.072s][info][gc,heap        ] GC(117) PSYoungGen: 95124K(136192K)->15360K(138240K) Eden: 95124K(97792K)->0K(99840K) From: 0K(38400K)->15360K(38400K)
[150.072s][info][gc,heap        ] GC(117) ParOldGen: 181248K(280576K)->181248K(280576K)
[150.072s][info][gc,metaspace   ] GC(117) Metaspace: 1069K(1280K)->1069K(1280K) NonClass: 987K(1088K)->987K(1088K) Class: 81K(192K)->81K(192K)
[150.072s][info][gc             ] GC(117) Pause Young (Allocation Failure) 269M->192M(409M) 1.354ms
[150.072s][info][gc,cpu         ] GC(117) User=0.00s Sys=0.00s Real=0.00s
[151.303s][info][gc,start       ] GC(118) Pause Full (Ergonomics)
[151.303s][info][gc,phases,start] GC(118) Marking Phase
[151.305s][info][gc,phases      ] GC(118) Marking Phase 1.341ms
[151.305s][info][gc,phases,start] GC(118) Summary Phase
[151.305s][info][gc,phases      ] GC(118) Summary Phase 0.013ms
[151.305s][info][gc,phases,start] GC(118) Adjust Roots
[151.305s][info][gc,phases      ] GC(118) Adjust Roots 0.201ms
[151.305s][info][gc,phases,start] GC(118) Compaction Phase
[151.305s][info][gc,phases      ] GC(118) Compaction Phase 0.607ms
[151.305s][info][gc,phases,start] GC(118) Post Compact
[151.306s][info][gc,phases      ] GC(118) Post Compact 0.669ms
[151.313s][info][gc,heap        ] GC(118) PSYoungGen: 114626K(138240K)->0K(136192K) Eden: 99266K(99840K)->0K(99840K) From: 15360K(38400K)->0K(36352K)
[151.313s][info][gc,heap        ] GC(118) ParOldGen: 283648K(349696K)->7168K(157184K)
[151.313s][info][gc,metaspace   ] GC(118) Metaspace: 1069K(1280K)->1069K(1280K) NonClass: 987K(1088K)->987K(1088K) Class: 81K(192K)->81K(192K)
[151.313s][info][gc             ] GC(118) Pause Full (Ergonomics) 388M->7M(286M) 9.524ms
[151.313s][info][gc,cpu         ] GC(118) User=0.00s Sys=0.00s Real=0.01s
[153.050s][info][gc,start       ] GC(119) Pause Young (Allocation Failure)
[153.051s][info][gc,heap        ] GC(119) PSYoungGen: 95174K(136192K)->21504K(138240K) Eden: 95174K(99840K)->0K(101888K) From: 0K(36352K)->21504K(36352K)
[153.051s][info][gc,heap        ] GC(119) ParOldGen: 160768K(260096K)->160768K(260096K)
[153.051s][info][gc,metaspace   ] GC(119) Metaspace: 1069K(1280K)->1069K(1280K) NonClass: 987K(1088K)->987K(1088K) Class: 81K(192K)->81K(192K)
[153.051s][info][gc             ] GC(119) Pause Young (Allocation Failure) 249M->178M(389M) 1.796ms
[153.051s][info][gc,cpu         ] GC(119) User=0.00s Sys=0.00s Real=0.00s
[154.065s][info][gc,start       ] GC(120) Pause Young (Allocation Failure)
[154.068s][info][gc,heap        ] GC(120) PSYoungGen: 121841K(138240K)->6144K(138240K) Eden: 100337K(101888K)->0K(101888K) From: 21504K(36352K)->6144K(36352K)
[154.068s][info][gc,heap        ] GC(120) ParOldGen: 263168K(349696K)->274432K(349696K)
[154.068s][info][gc,metaspace   ] GC(120) Metaspace: 1069K(1280K)->1069K(1280K) NonClass: 987K(1088K)->987K(1088K) Class: 81K(192K)->81K(192K)
[154.068s][info][gc             ] GC(120) Pause Young (Allocation Failure) 375M->274M(476M) 2.663ms
[154.068s][info][gc,cpu         ] GC(120) User=0.00s Sys=0.00s Real=0.00s
[156.260s][info][gc,start       ] GC(121) Pause Full (Ergonomics)
[156.260s][info][gc,phases,start] GC(121) Marking Phase
[156.261s][info][gc,phases      ] GC(121) Marking Phase 1.437ms
[156.261s][info][gc,phases,start] GC(121) Summary Phase
[156.261s][info][gc,phases      ] GC(121) Summary Phase 0.021ms
[156.261s][info][gc,phases,start] GC(121) Adjust Roots
[156.262s][info][gc,phases      ] GC(121) Adjust Roots 0.238ms
[156.262s][info][gc,phases,start] GC(121) Compaction Phase
[156.267s][info][gc,phases      ] GC(121) Compaction Phase 4.998ms
[156.267s][info][gc,phases,start] GC(121) Post Compact
[156.268s][info][gc,phases      ] GC(121) Post Compact 0.902ms
[156.276s][info][gc,heap        ] GC(121) PSYoungGen: 105459K(138240K)->0K(138240K) Eden: 99315K(101888K)->0K(101888K) From: 6144K(36352K)->0K(36352K)
[156.277s][info][gc,heap        ] GC(121) ParOldGen: 325632K(349696K)->68253K(214016K)
[156.277s][info][gc,metaspace   ] GC(121) Metaspace: 1069K(1280K)->1069K(1280K) NonClass: 987K(1088K)->987K(1088K) Class: 81K(192K)->81K(192K)
[156.277s][info][gc             ] GC(121) Pause Full (Ergonomics) 420M->66M(344M) 16.771ms
[156.277s][info][gc,cpu         ] GC(121) User=0.08s Sys=0.00s Real=0.02s
[158.933s][info][gc,start       ] GC(122) Pause Full (Ergonomics)
[158.933s][info][gc,phases,start] GC(122) Marking Phase
[158.935s][info][gc,phases      ] GC(122) Marking Phase 1.282ms
[158.935s][info][gc,phases,start] GC(122) Summary Phase
[158.935s][info][gc,phases      ] GC(122) Summary Phase 0.014ms
[158.935s][info][gc,phases,start] GC(122) Adjust Roots
[158.935s][info][gc,phases      ] GC(122) Adjust Roots 0.186ms
[158.935s][info][gc,phases,start] GC(122) Compaction Phase
[158.935s][info][gc,phases      ] GC(122) Compaction Phase 0.425ms
[158.935s][info][gc,phases,start] GC(122) Post Compact
[158.936s][info][gc,phases      ] GC(122) Post Compact 0.688ms
[158.945s][info][gc,heap        ] GC(122) PSYoungGen: 92148K(138240K)->0K(138240K) Eden: 92148K(101888K)->0K(101888K) From: 0K(36352K)->0K(36352K)
[158.945s][info][gc,heap        ] GC(122) ParOldGen: 324253K(349696K)->7168K(154112K)
[158.945s][info][gc,metaspace   ] GC(122) Metaspace: 1069K(1280K)->1069K(1280K) NonClass: 987K(1088K)->987K(1088K) Class: 81K(192K)->81K(192K)
[158.945s][info][gc             ] GC(122) Pause Full (Ergonomics) 406M->7M(285M) 11.244ms
[158.945s][info][gc,cpu         ] GC(122) User=0.00s Sys=0.00s Real=0.01s
[160.036s][info][gc,start       ] GC(123) Pause Full (Ergonomics)
[160.036s][info][gc,phases,start] GC(123) Marking Phase
[160.037s][info][gc,phases      ] GC(123) Marking Phase 1.293ms
[160.037s][info][gc,phases,start] GC(123) Summary Phase
[160.037s][info][gc,phases      ] GC(123) Summary Phase 0.021ms
[160.037s][info][gc,phases,start] GC(123) Adjust Roots
[160.038s][info][gc,phases      ] GC(123) Adjust Roots 0.229ms
[160.038s][info][gc,phases,start] GC(123) Compaction Phase
[160.042s][info][gc,phases      ] GC(123) Compaction Phase 3.990ms
[160.042s][info][gc,phases,start] GC(123) Post Compact
[160.042s][info][gc,phases      ] GC(123) Post Compact 0.261ms
[160.042s][info][gc,heap        ] GC(123) PSYoungGen: 100340K(138240K)->0K(138240K) Eden: 100340K(101888K)->0K(101888K) From: 0K(36352K)->0K(36352K)
[160.042s][info][gc,heap        ] GC(123) ParOldGen: 109568K(154112K)->63488K(211968K)
[160.042s][info][gc,metaspace   ] GC(123) Metaspace: 1069K(1280K)->1069K(1280K) NonClass: 987K(1088K)->987K(1088K) Class: 81K(192K)->81K(192K)
[160.042s][info][gc             ] GC(123) Pause Full (Ergonomics) 204M->62M(342M) 6.104ms
[160.042s][info][gc,cpu         ] GC(123) User=0.00s Sys=0.00s Real=0.01s
[160.913s][info][gc,start       ] GC(124) Pause Full (Ergonomics)
[160.913s][info][gc,phases,start] GC(124) Marking Phase
[160.915s][info][gc,phases      ] GC(124) Marking Phase 1.359ms
[160.915s][info][gc,phases,start] GC(124) Summary Phase
[160.915s][info][gc,phases      ] GC(124) Summary Phase 0.013ms
[160.915s][info][gc,phases,start] GC(124) Adjust Roots
[160.915s][info][gc,phases      ] GC(124) Adjust Roots 0.183ms
[160.915s][info][gc,phases,start] GC(124) Compaction Phase
[160.921s][info][gc,phases      ] GC(124) Compaction Phase 6.605ms
[160.921s][info][gc,phases,start] GC(124) Post Compact
[160.922s][info][gc,phases      ] GC(124) Post Compact 0.307ms
[160.922s][info][gc,heap        ] GC(124) PSYoungGen: 100341K(138240K)->0K(138240K) Eden: 100341K(101888K)->0K(101888K) From: 0K(36352K)->0K(36352K)
[160.922s][info][gc,heap        ] GC(124) ParOldGen: 165888K(211968K)->161792K(312320K)
[160.922s][info][gc,metaspace   ] GC(124) Metaspace: 1069K(1280K)->1069K(1280K) NonClass: 987K(1088K)->987K(1088K) Class: 81K(192K)->81K(192K)
[160.922s][info][gc             ] GC(124) Pause Full (Ergonomics) 259M->158M(440M) 8.857ms
[160.922s][info][gc,cpu         ] GC(124) User=0.02s Sys=0.00s Real=0.01s
[163.149s][info][gc,start       ] GC(125) Pause Full (Ergonomics)
[163.149s][info][gc,phases,start] GC(125) Marking Phase
[163.150s][info][gc,phases      ] GC(125) Marking Phase 1.338ms
[163.150s][info][gc,phases,start] GC(125) Summary Phase
[163.150s][info][gc,phases      ] GC(125) Summary Phase 0.014ms
[163.150s][info][gc,phases,start] GC(125) Adjust Roots
[163.150s][info][gc,phases      ] GC(125) Adjust Roots 0.238ms
[163.150s][info][gc,phases,start] GC(125) Compaction Phase
[163.151s][info][gc,phases      ] GC(125) Compaction Phase 1.038ms
[163.151s][info][gc,phases,start] GC(125) Post Compact
[163.152s][info][gc,phases      ] GC(125) Post Compact 0.499ms
[163.159s][info][gc,heap        ] GC(125) PSYoungGen: 94197K(138240K)->0K(138240K) Eden: 94197K(101888K)->0K(101888K) From: 0K(36352K)->0K(36352K)
[163.159s][info][gc,heap        ] GC(125) ParOldGen: 315392K(349696K)->17408K(169984K)
[163.159s][info][gc,metaspace   ] GC(125) Metaspace: 1069K(1280K)->1069K(1280K) NonClass: 987K(1088K)->987K(1088K) Class: 81K(192K)->81K(192K)
[163.159s][info][gc             ] GC(125) Pause Full (Ergonomics) 399M->17M(301M) 10.576ms
[163.159s][info][gc,cpu         ] GC(125) User=0.00s Sys=0.00s Real=0.01s
[164.135s][info][gc,start       ] GC(126) Pause Full (Ergonomics)
[164.135s][info][gc,phases,start] GC(126) Marking Phase
[164.136s][info][gc,phases      ] GC(126) Marking Phase 1.332ms
[164.136s][info][gc,phases,start] GC(126) Summary Phase
[164.136s][info][gc,phases      ] GC(126) Summary Phase 0.012ms
[164.136s][info][gc,phases,start] GC(126) Adjust Roots
[164.137s][info][gc,phases      ] GC(126) Adjust Roots 0.244ms
[164.137s][info][gc,phases,start] GC(126) Compaction Phase
[164.138s][info][gc,phases      ] GC(126) Compaction Phase 1.000ms
[164.138s][info][gc,phases,start] GC(126) Post Compact
[164.138s][info][gc,phases      ] GC(126) Post Compact 0.394ms
[164.138s][info][gc,heap        ] GC(126) PSYoungGen: 100341K(138240K)->0K(138240K) Eden: 100341K(101888K)->0K(101888K) From: 0K(36352K)->0K(36352K)
[164.138s][info][gc,heap        ] GC(126) ParOldGen: 119808K(169984K)->12957K(167424K)
[164.138s][info][gc,metaspace   ] GC(126) Metaspace: 1069K(1280K)->1069K(1280K) NonClass: 987K(1088K)->987K(1088K) Class: 81K(192K)->81K(192K)
[164.138s][info][gc             ] GC(126) Pause Full (Ergonomics) 214M->12M(298M) 3.388ms
[164.138s][info][gc,cpu         ] GC(126) User=0.02s Sys=0.00s Real=0.00s
[165.996s][info][gc,start       ] GC(127) Pause Full (Ergonomics)
[165.997s][info][gc,phases,start] GC(127) Marking Phase
[165.998s][info][gc,phases      ] GC(127) Marking Phase 1.280ms
[165.998s][info][gc,phases,start] GC(127) Summary Phase
[165.998s][info][gc,phases      ] GC(127) Summary Phase 0.014ms
[165.998s][info][gc,phases,start] GC(127) Adjust Roots
[165.998s][info][gc,phases      ] GC(127) Adjust Roots 0.209ms
[165.998s][info][gc,phases,start] GC(127) Compaction Phase
[166.000s][info][gc,phases      ] GC(127) Compaction Phase 1.807ms
[166.000s][info][gc,phases,start] GC(127) Post Compact
[166.000s][info][gc,phases      ] GC(127) Post Compact 0.349ms
[166.000s][info][gc,heap        ] GC(127) PSYoungGen: 100341K(138240K)->0K(138240K) Eden: 100341K(101888K)->0K(101888K) From: 0K(36352K)->0K(36352K)
[166.000s][info][gc,heap        ] GC(127) ParOldGen: 166557K(167424K)->33792K(189952K)
[166.000s][info][gc,metaspace   ] GC(127) Metaspace: 1069K(1280K)->1069K(1280K) NonClass: 987K(1088K)->987K(1088K) Class: 81K(192K)->81K(192K)
[166.001s][info][gc             ] GC(127) Pause Full (Ergonomics) 260M->33M(320M) 4.053ms
[166.001s][info][gc,cpu         ] GC(127) User=0.02s Sys=0.00s Real=0.00s
[168.401s][info][gc,start       ] GC(128) Pause Full (Ergonomics)
[168.401s][info][gc,phases,start] GC(128) Marking Phase
[168.402s][info][gc,phases      ] GC(128) Marking Phase 1.364ms
[168.402s][info][gc,phases,start] GC(128) Summary Phase
[168.402s][info][gc,phases      ] GC(128) Summary Phase 0.013ms
[168.402s][info][gc,phases,start] GC(128) Adjust Roots
[168.403s][info][gc,phases      ] GC(128) Adjust Roots 0.227ms
[168.403s][info][gc,phases,start] GC(128) Compaction Phase
[168.405s][info][gc,phases      ] GC(128) Compaction Phase 1.968ms
[168.405s][info][gc,phases,start] GC(128) Post Compact
[168.405s][info][gc,phases      ] GC(128) Post Compact 0.353ms
[168.405s][info][gc,heap        ] GC(128) PSYoungGen: 100341K(138240K)->0K(138240K) Eden: 100341K(101888K)->0K(101888K) From: 0K(36352K)->0K(36352K)
[168.405s][info][gc,heap        ] GC(128) ParOldGen: 187392K(189952K)->32768K(190464K)
[168.405s][info][gc,metaspace   ] GC(128) Metaspace: 1069K(1280K)->1069K(1280K) NonClass: 987K(1088K)->987K(1088K) Class: 81K(192K)->81K(192K)
[168.405s][info][gc             ] GC(128) Pause Full (Ergonomics) 280M->32M(321M) 4.117ms
[168.405s][info][gc,cpu         ] GC(128) User=0.02s Sys=0.00s Real=0.00s
[171.291s][info][gc,start       ] GC(129) Pause Full (Ergonomics)
[171.291s][info][gc,phases,start] GC(129) Marking Phase
[171.292s][info][gc,phases      ] GC(129) Marking Phase 1.349ms
[171.292s][info][gc,phases,start] GC(129) Summary Phase
[171.292s][info][gc,phases      ] GC(129) Summary Phase 0.014ms
[171.292s][info][gc,phases,start] GC(129) Adjust Roots
[171.292s][info][gc,phases      ] GC(129) Adjust Roots 0.228ms
[171.292s][info][gc,phases,start] GC(129) Compaction Phase
[171.300s][info][gc,phases      ] GC(129) Compaction Phase 7.773ms
[171.300s][info][gc,phases,start] GC(129) Post Compact
[171.301s][info][gc,phases      ] GC(129) Post Compact 0.584ms
[171.305s][info][gc,heap        ] GC(129) PSYoungGen: 97269K(138240K)->0K(138240K) Eden: 97269K(101888K)->0K(101888K) From: 0K(36352K)->0K(36352K)
[171.305s][info][gc,heap        ] GC(129) ParOldGen: 339968K(345088K)->109213K(268288K)
[171.305s][info][gc,metaspace   ] GC(129) Metaspace: 1069K(1280K)->1069K(1280K) NonClass: 987K(1088K)->987K(1088K) Class: 81K(192K)->81K(192K)
[171.305s][info][gc             ] GC(129) Pause Full (Ergonomics) 426M->106M(397M) 14.648ms
[171.305s][info][gc,cpu         ] GC(129) User=0.02s Sys=0.00s Real=0.01s
[173.156s][info][gc,start       ] GC(130) Pause Full (Ergonomics)
[173.156s][info][gc,phases,start] GC(130) Marking Phase
[173.158s][info][gc,phases      ] GC(130) Marking Phase 1.421ms
[173.158s][info][gc,phases,start] GC(130) Summary Phase
[173.158s][info][gc,phases      ] GC(130) Summary Phase 0.014ms
[173.158s][info][gc,phases,start] GC(130) Adjust Roots
[173.158s][info][gc,phases      ] GC(130) Adjust Roots 0.279ms
[173.158s][info][gc,phases,start] GC(130) Compaction Phase
[173.160s][info][gc,phases      ] GC(130) Compaction Phase 2.029ms
[173.160s][info][gc,phases,start] GC(130) Post Compact
[173.161s][info][gc,phases      ] GC(130) Post Compact 0.428ms
[173.161s][info][gc,heap        ] GC(130) PSYoungGen: 100341K(138240K)->0K(138240K) Eden: 100341K(101888K)->0K(101888K) From: 0K(36352K)->0K(36352K)
[173.161s][info][gc,heap        ] GC(130) ParOldGen: 262813K(268288K)->125597K(286208K)
[173.161s][info][gc,metaspace   ] GC(130) Metaspace: 1069K(1280K)->1069K(1280K) NonClass: 987K(1088K)->987K(1088K) Class: 81K(192K)->81K(192K)
[173.161s][info][gc             ] GC(130) Pause Full (Ergonomics) 354M->122M(414M) 4.437ms
[173.161s][info][gc,cpu         ] GC(130) User=0.00s Sys=0.00s Real=0.00s
[174.578s][info][gc,start       ] GC(131) Pause Full (Ergonomics)
[174.578s][info][gc,phases,start] GC(131) Marking Phase
[174.580s][info][gc,phases      ] GC(131) Marking Phase 1.358ms
[174.580s][info][gc,phases,start] GC(131) Summary Phase
[174.580s][info][gc,phases      ] GC(131) Summary Phase 0.013ms
[174.580s][info][gc,phases,start] GC(131) Adjust Roots
[174.580s][info][gc,phases      ] GC(131) Adjust Roots 0.237ms
[174.580s][info][gc,phases,start] GC(131) Compaction Phase
[174.581s][info][gc,phases      ] GC(131) Compaction Phase 0.773ms
[174.581s][info][gc,phases,start] GC(131) Post Compact
[174.581s][info][gc,phases      ] GC(131) Post Compact 0.382ms
[174.586s][info][gc,heap        ] GC(131) PSYoungGen: 100341K(138240K)->0K(138240K) Eden: 100341K(101888K)->0K(101888K) From: 0K(36352K)->0K(36352K)
[174.586s][info][gc,heap        ] GC(131) ParOldGen: 227997K(286208K)->12288K(174592K)
[174.586s][info][gc,metaspace   ] GC(131) Metaspace: 1069K(1280K)->1069K(1280K) NonClass: 987K(1088K)->987K(1088K) Class: 81K(192K)->81K(192K)
[174.586s][info][gc             ] GC(131) Pause Full (Ergonomics) 320M->12M(305M) 7.600ms
[174.586s][info][gc,cpu         ] GC(131) User=0.00s Sys=0.00s Real=0.01s
[175.564s][info][gc,start       ] GC(132) Pause Full (Ergonomics)
[175.564s][info][gc,phases,start] GC(132) Marking Phase
[175.565s][info][gc,phases      ] GC(132) Marking Phase 1.298ms
[175.565s][info][gc,phases,start] GC(132) Summary Phase
[175.565s][info][gc,phases      ] GC(132) Summary Phase 0.013ms
[175.565s][info][gc,phases,start] GC(132) Adjust Roots
[175.565s][info][gc,phases      ] GC(132) Adjust Roots 0.197ms
[175.565s][info][gc,phases,start] GC(132) Compaction Phase
[175.567s][info][gc,phases      ] GC(132) Compaction Phase 1.392ms
[175.567s][info][gc,phases,start] GC(132) Post Compact
[175.567s][info][gc,phases      ] GC(132) Post Compact 0.261ms
[175.567s][info][gc,heap        ] GC(132) PSYoungGen: 100341K(138240K)->0K(138240K) Eden: 100341K(101888K)->0K(101888K) From: 0K(36352K)->0K(36352K)
[175.567s][info][gc,heap        ] GC(132) ParOldGen: 114688K(174592K)->22528K(186368K)
[175.567s][info][gc,metaspace   ] GC(132) Metaspace: 1069K(1280K)->1069K(1280K) NonClass: 987K(1088K)->987K(1088K) Class: 81K(192K)->81K(192K)
[175.567s][info][gc             ] GC(132) Pause Full (Ergonomics) 209M->22M(317M) 3.383ms
[175.567s][info][gc,cpu         ] GC(132) User=0.00s Sys=0.00s Real=0.00s
[177.415s][info][gc,start       ] GC(133) Pause Full (Ergonomics)
[177.415s][info][gc,phases,start] GC(133) Marking Phase
[177.416s][info][gc,phases      ] GC(133) Marking Phase 1.330ms
[177.416s][info][gc,phases,start] GC(133) Summary Phase
[177.416s][info][gc,phases      ] GC(133) Summary Phase 0.013ms
[177.416s][info][gc,phases,start] GC(133) Adjust Roots
[177.417s][info][gc,phases      ] GC(133) Adjust Roots 0.232ms
[177.417s][info][gc,phases,start] GC(133) Compaction Phase
[177.418s][info][gc,phases      ] GC(133) Compaction Phase 1.557ms
[177.418s][info][gc,phases,start] GC(133) Post Compact
[177.419s][info][gc,phases      ] GC(133) Post Compact 0.324ms
[177.419s][info][gc,heap        ] GC(133) PSYoungGen: 100341K(138240K)->0K(138240K) Eden: 100341K(101888K)->0K(101888K) From: 0K(36352K)->0K(36352K)
[177.419s][info][gc,heap        ] GC(133) ParOldGen: 176128K(186368K)->43008K(208384K)
[177.419s][info][gc,metaspace   ] GC(133) Metaspace: 1069K(1280K)->1069K(1280K) NonClass: 987K(1088K)->987K(1088K) Class: 81K(192K)->81K(192K)
[177.419s][info][gc             ] GC(133) Pause Full (Ergonomics) 269M->42M(338M) 3.697ms
[177.419s][info][gc,cpu         ] GC(133) User=0.00s Sys=0.00s Real=0.00s
[179.502s][info][gc,start       ] GC(134) Pause Full (Ergonomics)
[179.502s][info][gc,phases,start] GC(134) Marking Phase
[179.503s][info][gc,phases      ] GC(134) Marking Phase 1.406ms
[179.503s][info][gc,phases,start] GC(134) Summary Phase
[179.503s][info][gc,phases      ] GC(134) Summary Phase 0.013ms
[179.503s][info][gc,phases,start] GC(134) Adjust Roots
[179.503s][info][gc,phases      ] GC(134) Adjust Roots 0.291ms
[179.503s][info][gc,phases,start] GC(134) Compaction Phase
[179.508s][info][gc,phases      ] GC(134) Compaction Phase 4.282ms
[179.508s][info][gc,phases,start] GC(134) Post Compact
[179.508s][info][gc,phases      ] GC(134) Post Compact 0.367ms
[179.508s][info][gc,heap        ] GC(134) PSYoungGen: 100341K(138240K)->0K(138240K) Eden: 100341K(101888K)->0K(101888K) From: 0K(36352K)->0K(36352K)
[179.508s][info][gc,heap        ] GC(134) ParOldGen: 196608K(208384K)->59037K(225792K)
[179.508s][info][gc,metaspace   ] GC(134) Metaspace: 1069K(1280K)->1069K(1280K) NonClass: 987K(1088K)->987K(1088K) Class: 81K(192K)->81K(192K)
[179.508s][info][gc             ] GC(134) Pause Full (Ergonomics) 289M->57M(355M) 6.627ms
[179.508s][info][gc,cpu         ] GC(134) User=0.00s Sys=0.00s Real=0.01s
[182.277s][info][gc,start       ] GC(135) Pause Full (Ergonomics)
[182.277s][info][gc,phases,start] GC(135) Marking Phase
[182.278s][info][gc,phases      ] GC(135) Marking Phase 1.290ms
[182.278s][info][gc,phases,start] GC(135) Summary Phase
[182.278s][info][gc,phases      ] GC(135) Summary Phase 0.013ms
[182.278s][info][gc,phases,start] GC(135) Adjust Roots
[182.278s][info][gc,phases      ] GC(135) Adjust Roots 0.188ms
[182.278s][info][gc,phases,start] GC(135) Compaction Phase
[182.279s][info][gc,phases      ] GC(135) Compaction Phase 0.534ms
[182.279s][info][gc,phases,start] GC(135) Post Compact
[182.279s][info][gc,phases      ] GC(135) Post Compact 0.537ms
[182.286s][info][gc,heap        ] GC(135) PSYoungGen: 101366K(138240K)->0K(138240K) Eden: 101366K(101888K)->0K(101888K) From: 0K(36352K)->0K(36352K)
[182.286s][info][gc,heap        ] GC(135) ParOldGen: 315037K(328704K)->3072K(171520K)
[182.286s][info][gc,metaspace   ] GC(135) Metaspace: 1069K(1280K)->1069K(1280K) NonClass: 987K(1088K)->987K(1088K) Class: 81K(192K)->81K(192K)
[182.286s][info][gc             ] GC(135) Pause Full (Ergonomics) 406M->3M(302M) 9.861ms
[182.286s][info][gc,cpu         ] GC(135) User=0.00s Sys=0.00s Real=0.01s
[184.366s][info][gc,start       ] GC(136) Pause Full (Ergonomics)
[184.366s][info][gc,phases,start] GC(136) Marking Phase
[184.367s][info][gc,phases      ] GC(136) Marking Phase 1.302ms
[184.367s][info][gc,phases,start] GC(136) Summary Phase
[184.367s][info][gc,phases      ] GC(136) Summary Phase 0.012ms
[184.368s][info][gc,phases,start] GC(136) Adjust Roots
[184.368s][info][gc,phases      ] GC(136) Adjust Roots 0.184ms
[184.368s][info][gc,phases,start] GC(136) Compaction Phase
[184.368s][info][gc,phases      ] GC(136) Compaction Phase 0.694ms
[184.368s][info][gc,phases,start] GC(136) Post Compact
[184.369s][info][gc,phases      ] GC(136) Post Compact 0.292ms
[184.369s][info][gc,heap        ] GC(136) PSYoungGen: 101366K(138240K)->0K(138240K) Eden: 101366K(101888K)->0K(101888K) From: 0K(36352K)->0K(36352K)
[184.369s][info][gc,heap        ] GC(136) ParOldGen: 156672K(171520K)->14336K(184320K)
[184.369s][info][gc,metaspace   ] GC(136) Metaspace: 1069K(1280K)->1069K(1280K) NonClass: 987K(1088K)->987K(1088K) Class: 81K(192K)->81K(192K)
[184.369s][info][gc             ] GC(136) Pause Full (Ergonomics) 251M->14M(315M) 2.735ms
[184.369s][info][gc,cpu         ] GC(136) User=0.00s Sys=0.00s Real=0.00s
[185.237s][info][gc,start       ] GC(137) Pause Young (Allocation Failure)
[185.238s][info][gc,heap        ] GC(137) PSYoungGen: 100341K(138240K)->11264K(139776K) Eden: 100341K(101888K)->0K(103424K) From: 0K(36352K)->11264K(36352K)
[185.238s][info][gc,heap        ] GC(137) ParOldGen: 116736K(184320K)->116736K(184320K)
[185.238s][info][gc,metaspace   ] GC(137) Metaspace: 1069K(1280K)->1069K(1280K) NonClass: 987K(1088K)->987K(1088K) Class: 81K(192K)->81K(192K)
[185.238s][info][gc             ] GC(137) Pause Young (Allocation Failure) 211M->125M(316M) 1.094ms
[185.238s][info][gc,cpu         ] GC(137) User=0.00s Sys=0.00s Real=0.00s
[186.675s][info][gc,start       ] GC(138) Pause Young (Allocation Failure)
[186.677s][info][gc,heap        ] GC(138) PSYoungGen: 110612K(139776K)->11264K(138240K) Eden: 99348K(103424K)->0K(103424K) From: 11264K(36352K)->11264K(34816K)
[186.677s][info][gc,heap        ] GC(138) ParOldGen: 219136K(287232K)->219136K(287232K)
[186.677s][info][gc,metaspace   ] GC(138) Metaspace: 1069K(1280K)->1069K(1280K) NonClass: 987K(1088K)->987K(1088K) Class: 81K(192K)->81K(192K)
[186.677s][info][gc             ] GC(138) Pause Young (Allocation Failure) 322M->225M(415M) 1.326ms
[186.677s][info][gc,cpu         ] GC(138) User=0.00s Sys=0.00s Real=0.00s
[187.658s][info][gc,start       ] GC(139) Pause Young (Allocation Failure)
[187.665s][info][gc,heap        ] GC(139) PSYoungGen: 85012K(138240K)->25600K(136704K) Eden: 73748K(103424K)->0K(102912K) From: 11264K(34816K)->25600K(33792K)
[187.665s][info][gc,heap        ] GC(139) ParOldGen: 219136K(287232K)->249856K(287232K)
[187.665s][info][gc,metaspace   ] GC(139) Metaspace: 1069K(1280K)->1069K(1280K) NonClass: 987K(1088K)->987K(1088K) Class: 81K(192K)->81K(192K)
[187.665s][info][gc             ] GC(139) Pause Young (Allocation Failure) 297M->269M(414M) 7.038ms
[187.665s][info][gc,cpu         ] GC(139) User=0.00s Sys=0.00s Real=0.01s
[187.665s][info][gc,start       ] GC(140) Pause Full (Ergonomics)
[187.665s][info][gc,phases,start] GC(140) Marking Phase
[187.667s][info][gc,phases      ] GC(140) Marking Phase 1.379ms
[187.667s][info][gc,phases,start] GC(140) Summary Phase
[187.667s][info][gc,phases      ] GC(140) Summary Phase 0.012ms
[187.667s][info][gc,phases,start] GC(140) Adjust Roots
[187.667s][info][gc,phases      ] GC(140) Adjust Roots 0.240ms
[187.667s][info][gc,phases,start] GC(140) Compaction Phase
[187.669s][info][gc,phases      ] GC(140) Compaction Phase 2.198ms
[187.669s][info][gc,phases,start] GC(140) Post Compact
[187.670s][info][gc,phases      ] GC(140) Post Compact 0.340ms
[187.672s][info][gc,heap        ] GC(140) PSYoungGen: 25600K(136704K)->0K(138752K) Eden: 0K(102912K)->0K(102912K) From: 25600K(33792K)->0K(35840K)
[187.672s][info][gc,heap        ] GC(140) ParOldGen: 249856K(287232K)->37888K(211456K)
[187.672s][info][gc,metaspace   ] GC(140) Metaspace: 1069K(1280K)->1069K(1280K) NonClass: 987K(1088K)->987K(1088K) Class: 81K(192K)->81K(192K)
[187.672s][info][gc             ] GC(140) Pause Full (Ergonomics) 269M->37M(342M) 6.450ms
[187.672s][info][gc,cpu         ] GC(140) User=0.00s Sys=0.00s Real=0.01s
[188.873s][info][gc,start       ] GC(141) Pause Young (Allocation Failure)
[188.874s][info][gc,heap        ] GC(141) PSYoungGen: 95222K(138752K)->15392K(140288K) Eden: 95222K(102912K)->0K(104448K) From: 0K(35840K)->15392K(35840K)
[188.874s][info][gc,heap        ] GC(141) ParOldGen: 140288K(211456K)->140288K(211456K)
[188.874s][info][gc,metaspace   ] GC(141) Metaspace: 1069K(1280K)->1069K(1280K) NonClass: 987K(1088K)->987K(1088K) Class: 81K(192K)->81K(192K)
[188.874s][info][gc             ] GC(141) Pause Young (Allocation Failure) 229M->152M(343M) 1.494ms
[188.874s][info][gc,cpu         ] GC(141) User=0.00s Sys=0.00s Real=0.00s
[190.066s][info][gc,start       ] GC(142) Pause Young (Allocation Failure)
[190.067s][info][gc,heap        ] GC(142) PSYoungGen: 114747K(140288K)->10240K(138752K) Eden: 99355K(104448K)->0K(104448K) From: 15392K(35840K)->10240K(34304K)
[190.067s][info][gc,heap        ] GC(142) ParOldGen: 140288K(211456K)->140304K(211456K)
[190.067s][info][gc,metaspace   ] GC(142) Metaspace: 1069K(1280K)->1069K(1280K) NonClass: 987K(1088K)->987K(1088K) Class: 81K(192K)->81K(192K)
[190.067s][info][gc             ] GC(142) Pause Young (Allocation Failure) 249M->147M(342M) 0.897ms
[190.067s][info][gc,cpu         ] GC(142) User=0.00s Sys=0.00s Real=0.00s
[190.953s][info][gc,start       ] GC(143) Pause Young (Allocation Failure)
[190.955s][info][gc,heap        ] GC(143) PSYoungGen: 109592K(138752K)->1024K(140288K) Eden: 99352K(104448K)->0K(107008K) From: 10240K(34304K)->1024K(33280K)
[190.955s][info][gc,heap        ] GC(143) ParOldGen: 242704K(314368K)->247824K(314368K)
[190.955s][info][gc,metaspace   ] GC(143) Metaspace: 1069K(1280K)->1069K(1280K) NonClass: 987K(1088K)->987K(1088K) Class: 81K(192K)->81K(192K)
[190.955s][info][gc             ] GC(143) Pause Young (Allocation Failure) 344M->243M(444M) 2.082ms
[190.955s][info][gc,cpu         ] GC(143) User=0.00s Sys=0.00s Real=0.00s
[191.936s][info][gc,start       ] GC(144) Pause Young (Allocation Failure)
[191.939s][info][gc,heap        ] GC(144) PSYoungGen: 74833K(140288K)->25600K(130560K) Eden: 73809K(107008K)->0K(104448K) From: 1024K(33280K)->25600K(26112K)
[191.939s][info][gc,heap        ] GC(144) ParOldGen: 247824K(314368K)->247824K(314368K)
[191.939s][info][gc,metaspace   ] GC(144) Metaspace: 1069K(1280K)->1069K(1280K) NonClass: 987K(1088K)->987K(1088K) Class: 81K(192K)->81K(192K)
[191.939s][info][gc             ] GC(144) Pause Young (Allocation Failure) 315M->267M(434M) 2.600ms
[191.939s][info][gc,cpu         ] GC(144) User=0.00s Sys=0.00s Real=0.00s
[192.044s][info][gc,start       ] GC(145) Pause Young (Allocation Failure)
[192.060s][info][gc,heap        ] GC(145) PSYoungGen: 78861K(130560K)->0K(137216K) Eden: 53260K(104448K)->0K(100864K) From: 25600K(26112K)->0K(36352K)
[192.060s][info][gc,heap        ] GC(145) ParOldGen: 247824K(349696K)->304144K(349696K)
[192.060s][info][gc,metaspace   ] GC(145) Metaspace: 1069K(1280K)->1069K(1280K) NonClass: 987K(1088K)->987K(1088K) Class: 81K(192K)->81K(192K)
[192.060s][info][gc             ] GC(145) Pause Young (Allocation Failure) 319M->297M(475M) 15.548ms
[192.060s][info][gc,cpu         ] GC(145) User=0.00s Sys=0.00s Real=0.02s
[192.060s][info][gc,start       ] GC(146) Pause Full (Ergonomics)
[192.060s][info][gc,phases,start] GC(146) Marking Phase
[192.061s][info][gc,phases      ] GC(146) Marking Phase 1.243ms
[192.061s][info][gc,phases,start] GC(146) Summary Phase
[192.061s][info][gc,phases      ] GC(146) Summary Phase 0.014ms
[192.061s][info][gc,phases,start] GC(146) Adjust Roots
[192.061s][info][gc,phases      ] GC(146) Adjust Roots 0.199ms
[192.061s][info][gc,phases,start] GC(146) Compaction Phase
[192.071s][info][gc,phases      ] GC(146) Compaction Phase 9.980ms
[192.071s][info][gc,phases,start] GC(146) Post Compact
[192.072s][info][gc,phases      ] GC(146) Post Compact 0.360ms
[192.072s][info][gc,heap        ] GC(146) PSYoungGen: 0K(137216K)->0K(137728K) Eden: 0K(100864K)->0K(100864K) From: 0K(36352K)->0K(36864K)
[192.072s][info][gc,heap        ] GC(146) ParOldGen: 304144K(349696K)->165533K(344576K)
[192.072s][info][gc,metaspace   ] GC(146) Metaspace: 1069K(1280K)->1069K(1280K) NonClass: 987K(1088K)->987K(1088K) Class: 81K(192K)->81K(192K)
[192.072s][info][gc             ] GC(146) Pause Full (Ergonomics) 297M->161M(471M) 11.991ms
[192.072s][info][gc,cpu         ] GC(146) User=0.00s Sys=0.00s Real=0.01s
[194.702s][info][gc,start       ] GC(147) Pause Young (Allocation Failure)
[194.704s][info][gc,heap        ] GC(147) PSYoungGen: 86964K(137728K)->21504K(136704K) Eden: 86964K(100864K)->0K(99840K) From: 0K(36864K)->21504K(36864K)
[194.704s][info][gc,heap        ] GC(147) ParOldGen: 267933K(344576K)->267933K(344576K)
[194.704s][info][gc,metaspace   ] GC(147) Metaspace: 1069K(1280K)->1069K(1280K) NonClass: 987K(1088K)->987K(1088K) Class: 81K(192K)->81K(192K)
[194.704s][info][gc             ] GC(147) Pause Young (Allocation Failure) 346M->282M(470M) 2.098ms
[194.704s][info][gc,cpu         ] GC(147) User=0.00s Sys=0.00s Real=0.00s
[194.920s][info][gc,start       ] GC(148) Pause Young (Allocation Failure)
[194.930s][info][gc,heap        ] GC(148) PSYoungGen: 95152K(136704K)->0K(137216K) Eden: 73647K(99840K)->0K(99840K) From: 21504K(36864K)->0K(37376K)
[194.930s][info][gc,heap        ] GC(148) ParOldGen: 267933K(349696K)->330397K(349696K)
[194.930s][info][gc,metaspace   ] GC(148) Metaspace: 1069K(1280K)->1069K(1280K) NonClass: 987K(1088K)->987K(1088K) Class: 81K(192K)->81K(192K)
[194.930s][info][gc             ] GC(148) Pause Young (Allocation Failure) 354M->322M(475M) 10.718ms
[194.930s][info][gc,cpu         ] GC(148) User=0.00s Sys=0.00s Real=0.01s
[194.930s][info][gc,start       ] GC(149) Pause Full (Ergonomics)
[194.930s][info][gc,phases,start] GC(149) Marking Phase
[194.932s][info][gc,phases      ] GC(149) Marking Phase 1.348ms
[194.932s][info][gc,phases,start] GC(149) Summary Phase
[194.932s][info][gc,phases      ] GC(149) Summary Phase 0.012ms
[194.932s][info][gc,phases,start] GC(149) Adjust Roots
[194.932s][info][gc,phases      ] GC(149) Adjust Roots 0.223ms
[194.932s][info][gc,phases,start] GC(149) Compaction Phase
[194.936s][info][gc,phases      ] GC(149) Compaction Phase 4.073ms
[194.936s][info][gc,phases,start] GC(149) Post Compact
[194.937s][info][gc,phases      ] GC(149) Post Compact 0.430ms
[194.940s][info][gc,heap        ] GC(149) PSYoungGen: 0K(137216K)->0K(137216K) Eden: 0K(99840K)->0K(99840K) From: 0K(37376K)->0K(37376K)
[194.940s][info][gc,heap        ] GC(149) ParOldGen: 330397K(349696K)->64157K(257024K)
[194.940s][info][gc,metaspace   ] GC(149) Metaspace: 1069K(1280K)->1069K(1280K) NonClass: 987K(1088K)->987K(1088K) Class: 81K(192K)->81K(192K)
[194.940s][info][gc             ] GC(149) Pause Full (Ergonomics) 322M->62M(385M) 9.933ms
[194.940s][info][gc,cpu         ] GC(149) User=0.02s Sys=0.00s Real=0.01s
[197.565s][info][gc,start       ] GC(150) Pause Full (Ergonomics)
[197.565s][info][gc,phases,start] GC(150) Marking Phase
[197.567s][info][gc,phases      ] GC(150) Marking Phase 1.288ms
[197.567s][info][gc,phases,start] GC(150) Summary Phase
[197.567s][info][gc,phases      ] GC(150) Summary Phase 0.014ms
[197.567s][info][gc,phases,start] GC(150) Adjust Roots
[197.567s][info][gc,phases      ] GC(150) Adjust Roots 0.200ms
[197.567s][info][gc,phases,start] GC(150) Compaction Phase
[197.568s][info][gc,phases      ] GC(150) Compaction Phase 0.994ms
[197.568s][info][gc,phases,start] GC(150) Post Compact
[197.568s][info][gc,phases      ] GC(150) Post Compact 0.510ms
[197.574s][info][gc,heap        ] GC(150) PSYoungGen: 97201K(137216K)->0K(137216K) Eden: 97201K(99840K)->0K(99840K) From: 0K(37376K)->0K(37376K)
[197.574s][info][gc,heap        ] GC(150) ParOldGen: 320157K(349696K)->12288K(206848K)
[197.574s][info][gc,metaspace   ] GC(150) Metaspace: 1070K(1280K)->1070K(1280K) NonClass: 988K(1088K)->988K(1088K) Class: 81K(192K)->81K(192K)
[197.574s][info][gc             ] GC(150) Pause Full (Ergonomics) 407M->12M(336M) 8.835ms
[197.574s][info][gc,cpu         ] GC(150) User=0.00s Sys=0.00s Real=0.01s
[198.560s][info][gc,start       ] GC(151) Pause Young (Allocation Failure)
[198.563s][info][gc,heap        ] GC(151) PSYoungGen: 95162K(137216K)->30720K(129024K) Eden: 95162K(99840K)->0K(91648K) From: 0K(37376K)->30720K(37376K)
[198.563s][info][gc,heap        ] GC(151) ParOldGen: 114688K(206848K)->114688K(206848K)
[198.563s][info][gc,metaspace   ] GC(151) Metaspace: 1070K(1280K)->1070K(1280K) NonClass: 988K(1088K)->988K(1088K) Class: 81K(192K)->81K(192K)
[198.563s][info][gc             ] GC(151) Pause Young (Allocation Failure) 204M->142M(328M) 2.466ms
[198.563s][info][gc,cpu         ] GC(151) User=0.00s Sys=0.00s Real=0.00s
[200.219s][info][gc,start       ] GC(152) Pause Full (Ergonomics)
[200.219s][info][gc,phases,start] GC(152) Marking Phase
[200.221s][info][gc,phases      ] GC(152) Marking Phase 1.333ms
[200.221s][info][gc,phases,start] GC(152) Summary Phase
[200.221s][info][gc,phases      ] GC(152) Summary Phase 0.013ms
[200.221s][info][gc,phases,start] GC(152) Adjust Roots
[200.221s][info][gc,phases      ] GC(152) Adjust Roots 0.226ms
[200.221s][info][gc,phases,start] GC(152) Compaction Phase
[200.227s][info][gc,phases      ] GC(152) Compaction Phase 5.876ms
[200.227s][info][gc,phases,start] GC(152) Post Compact
[200.227s][info][gc,phases      ] GC(152) Post Compact 0.453ms
[200.228s][info][gc,heap        ] GC(152) PSYoungGen: 115486K(129024K)->0K(133120K) Eden: 84766K(91648K)->0K(91648K) From: 30720K(37376K)->0K(41472K)
[200.228s][info][gc,heap        ] GC(152) ParOldGen: 268288K(309760K)->88733K(283648K)
[200.228s][info][gc,metaspace   ] GC(152) Metaspace: 1070K(1280K)->1070K(1280K) NonClass: 988K(1088K)->988K(1088K) Class: 81K(192K)->81K(192K)
[200.228s][info][gc             ] GC(152) Pause Full (Ergonomics) 374M->86M(407M) 8.261ms
[200.228s][info][gc,cpu         ] GC(152) User=0.00s Sys=0.00s Real=0.01s
[201.855s][info][gc,start       ] GC(153) Pause Full (Ergonomics)
[201.855s][info][gc,phases,start] GC(153) Marking Phase
[201.857s][info][gc,phases      ] GC(153) Marking Phase 1.340ms
[201.857s][info][gc,phases,start] GC(153) Summary Phase
[201.857s][info][gc,phases      ] GC(153) Summary Phase 0.014ms
[201.857s][info][gc,phases,start] GC(153) Adjust Roots
[201.857s][info][gc,phases      ] GC(153) Adjust Roots 0.195ms
[201.857s][info][gc,phases,start] GC(153) Compaction Phase
[201.858s][info][gc,phases      ] GC(153) Compaction Phase 1.316ms
[201.858s][info][gc,phases,start] GC(153) Post Compact
[201.859s][info][gc,phases      ] GC(153) Post Compact 0.445ms
[201.862s][info][gc,heap        ] GC(153) PSYoungGen: 78626K(133120K)->0K(133120K) Eden: 78626K(91648K)->0K(91648K) From: 0K(41472K)->0K(41472K)
[201.862s][info][gc,heap        ] GC(153) ParOldGen: 242333K(283648K)->17408K(214528K)
[201.862s][info][gc,metaspace   ] GC(153) Metaspace: 1070K(1280K)->1070K(1280K) NonClass: 988K(1088K)->988K(1088K) Class: 81K(192K)->81K(192K)
[201.862s][info][gc             ] GC(153) Pause Full (Ergonomics) 313M->17M(339M) 7.173ms
[201.862s][info][gc,cpu         ] GC(153) User=0.02s Sys=0.00s Real=0.01s
[202.729s][info][gc,start       ] GC(154) Pause Young (Allocation Failure)
[202.730s][info][gc,heap        ] GC(154) PSYoungGen: 89892K(133120K)->6144K(133120K) Eden: 89892K(91648K)->0K(91648K) From: 0K(41472K)->6144K(41472K)
[202.730s][info][gc,heap        ] GC(154) ParOldGen: 119808K(214528K)->119808K(214528K)
[202.730s][info][gc,metaspace   ] GC(154) Metaspace: 1070K(1280K)->1070K(1280K) NonClass: 988K(1088K)->988K(1088K) Class: 81K(192K)->81K(192K)
[202.730s][info][gc             ] GC(154) Pause Young (Allocation Failure) 204M->123M(339M) 0.729ms
[202.730s][info][gc,cpu         ] GC(154) User=0.00s Sys=0.00s Real=0.00s
[204.493s][info][gc,start       ] GC(155) Pause Full (Ergonomics)
[204.493s][info][gc,phases,start] GC(155) Marking Phase
[204.495s][info][gc,phases      ] GC(155) Marking Phase 1.392ms
[204.495s][info][gc,phases,start] GC(155) Summary Phase
[204.495s][info][gc,phases      ] GC(155) Summary Phase 0.014ms
[204.495s][info][gc,phases,start] GC(155) Adjust Roots
[204.495s][info][gc,phases      ] GC(155) Adjust Roots 0.242ms
[204.495s][info][gc,phases,start] GC(155) Compaction Phase
[204.496s][info][gc,phases      ] GC(155) Compaction Phase 1.112ms
[204.496s][info][gc,phases,start] GC(155) Post Compact
[204.497s][info][gc,phases      ] GC(155) Post Compact 0.438ms
[204.500s][info][gc,heap        ] GC(155) PSYoungGen: 96038K(133120K)->0K(134144K) Eden: 89894K(91648K)->0K(93696K) From: 6144K(41472K)->0K(40448K)
[204.500s][info][gc,heap        ] GC(155) ParOldGen: 273408K(317440K)->19456K(217600K)
[204.500s][info][gc,metaspace   ] GC(155) Metaspace: 1070K(1280K)->1070K(1280K) NonClass: 988K(1088K)->988K(1088K) Class: 81K(192K)->81K(192K)
[204.500s][info][gc             ] GC(155) Pause Full (Ergonomics) 360M->19M(343M) 6.389ms
[204.500s][info][gc,cpu         ] GC(155) User=0.00s Sys=0.00s Real=0.01s
[206.781s][info][gc,start       ] GC(156) Pause Full (Ergonomics)
[206.781s][info][gc,phases,start] GC(156) Marking Phase
[206.783s][info][gc,phases      ] GC(156) Marking Phase 1.320ms
[206.783s][info][gc,phases,start] GC(156) Summary Phase
[206.783s][info][gc,phases      ] GC(156) Summary Phase 0.013ms
[206.783s][info][gc,phases,start] GC(156) Adjust Roots
[206.783s][info][gc,phases      ] GC(156) Adjust Roots 0.247ms
[206.783s][info][gc,phases,start] GC(156) Compaction Phase
[206.785s][info][gc,phases      ] GC(156) Compaction Phase 1.669ms
[206.785s][info][gc,phases,start] GC(156) Post Compact
[206.785s][info][gc,phases      ] GC(156) Post Compact 0.349ms
[206.785s][info][gc,heap        ] GC(156) PSYoungGen: 90960K(134144K)->0K(134144K) Eden: 90960K(93696K)->0K(93696K) From: 0K(40448K)->0K(40448K)
[206.785s][info][gc,heap        ] GC(156) ParOldGen: 173056K(217600K)->22528K(223232K)
[206.785s][info][gc,metaspace   ] GC(156) Metaspace: 1070K(1280K)->1070K(1280K) NonClass: 988K(1088K)->988K(1088K) Class: 81K(192K)->81K(192K)
[206.785s][info][gc             ] GC(156) Pause Full (Ergonomics) 257M->22M(349M) 3.832ms
[206.785s][info][gc,cpu         ] GC(156) User=0.00s Sys=0.00s Real=0.00s
[208.965s][info][gc,start       ] GC(157) Pause Full (Ergonomics)
[208.965s][info][gc,phases,start] GC(157) Marking Phase
[208.967s][info][gc,phases      ] GC(157) Marking Phase 1.366ms
[208.967s][info][gc,phases,start] GC(157) Summary Phase
[208.967s][info][gc,phases      ] GC(157) Summary Phase 0.012ms
[208.967s][info][gc,phases,start] GC(157) Adjust Roots
[208.967s][info][gc,phases      ] GC(157) Adjust Roots 0.203ms
[208.967s][info][gc,phases,start] GC(157) Compaction Phase
[208.967s][info][gc,phases      ] GC(157) Compaction Phase 0.551ms
[208.968s][info][gc,phases,start] GC(157) Post Compact
[208.968s][info][gc,phases      ] GC(157) Post Compact 0.327ms
[208.968s][info][gc,heap        ] GC(157) PSYoungGen: 84816K(134144K)->0K(134144K) Eden: 84816K(93696K)->0K(93696K) From: 0K(40448K)->0K(40448K)
[208.968s][info][gc,heap        ] GC(157) ParOldGen: 176128K(223232K)->7168K(210432K)
[208.968s][info][gc,metaspace   ] GC(157) Metaspace: 1070K(1280K)->1070K(1280K) NonClass: 988K(1088K)->988K(1088K) Class: 81K(192K)->81K(192K)
[208.968s][info][gc             ] GC(157) Pause Full (Ergonomics) 254M->7M(336M) 3.072ms
[208.968s][info][gc,cpu         ] GC(157) User=0.00s Sys=0.00s Real=0.00s
[209.838s][info][gc,start       ] GC(158) Pause Young (Allocation Failure)
[209.843s][info][gc,heap        ] GC(158) PSYoungGen: 89937K(134144K)->5120K(134144K) Eden: 89937K(93696K)->0K(93696K) From: 0K(40448K)->5120K(40448K)
[209.843s][info][gc,heap        ] GC(158) ParOldGen: 109568K(210432K)->160768K(210432K)
[209.843s][info][gc,metaspace   ] GC(158) Metaspace: 1070K(1280K)->1070K(1280K) NonClass: 988K(1088K)->988K(1088K) Class: 81K(192K)->81K(192K)
[209.843s][info][gc             ] GC(158) Pause Young (Allocation Failure) 194M->162M(336M) 4.677ms
[209.843s][info][gc,cpu         ] GC(158) User=0.02s Sys=0.00s Real=0.00s
[209.843s][info][gc,start       ] GC(159) Pause Full (Ergonomics)
[209.843s][info][gc,phases,start] GC(159) Marking Phase
[209.844s][info][gc,phases      ] GC(159) Marking Phase 1.425ms
[209.844s][info][gc,phases,start] GC(159) Summary Phase
[209.844s][info][gc,phases      ] GC(159) Summary Phase 0.011ms
[209.844s][info][gc,phases,start] GC(159) Adjust Roots
[209.845s][info][gc,phases      ] GC(159) Adjust Roots 0.265ms
[209.845s][info][gc,phases,start] GC(159) Compaction Phase
[209.848s][info][gc,phases      ] GC(159) Compaction Phase 3.862ms
[209.849s][info][gc,phases,start] GC(159) Post Compact
[209.849s][info][gc,phases      ] GC(159) Post Compact 0.203ms
[209.849s][info][gc,heap        ] GC(159) PSYoungGen: 5120K(134144K)->0K(135168K) Eden: 0K(93696K)->0K(95744K) From: 5120K(40448K)->0K(39424K)
[209.849s][info][gc,heap        ] GC(159) ParOldGen: 160768K(210432K)->58013K(273920K)
[209.849s][info][gc,metaspace   ] GC(159) Metaspace: 1070K(1280K)->1070K(1280K) NonClass: 988K(1088K)->988K(1088K) Class: 81K(192K)->81K(192K)
[209.849s][info][gc             ] GC(159) Pause Full (Ergonomics) 162M->56M(399M) 6.075ms
[209.849s][info][gc,cpu         ] GC(159) User=0.00s Sys=0.00s Real=0.01s
[211.597s][info][gc,start       ] GC(160) Pause Full (Ergonomics)
[211.597s][info][gc,phases,start] GC(160) Marking Phase
[211.598s][info][gc,phases      ] GC(160) Marking Phase 1.311ms
[211.598s][info][gc,phases,start] GC(160) Summary Phase
[211.599s][info][gc,phases      ] GC(160) Summary Phase 0.014ms
[211.599s][info][gc,phases,start] GC(160) Adjust Roots
[211.599s][info][gc,phases      ] GC(160) Adjust Roots 0.288ms
[211.599s][info][gc,phases,start] GC(160) Compaction Phase
[211.607s][info][gc,phases      ] GC(160) Compaction Phase 7.955ms
[211.607s][info][gc,phases,start] GC(160) Post Compact
[211.607s][info][gc,phases      ] GC(160) Post Compact 0.368ms
[211.607s][info][gc,heap        ] GC(160) PSYoungGen: 89978K(135168K)->0K(135168K) Eden: 89978K(95744K)->0K(95744K) From: 0K(39424K)->0K(39424K)
[211.607s][info][gc,heap        ] GC(160) ParOldGen: 211613K(273920K)->170653K(349696K)
[211.607s][info][gc,metaspace   ] GC(160) Metaspace: 1070K(1280K)->1070K(1280K) NonClass: 988K(1088K)->988K(1088K) Class: 81K(192K)->81K(192K)
[211.607s][info][gc             ] GC(160) Pause Full (Ergonomics) 294M->166M(473M) 10.296ms
[211.607s][info][gc,cpu         ] GC(160) User=0.02s Sys=0.00s Real=0.01s
[212.831s][info][gc,start       ] GC(161) Pause Full (Ergonomics)
[212.831s][info][gc,phases,start] GC(161) Marking Phase
[212.833s][info][gc,phases      ] GC(161) Marking Phase 1.402ms
[212.833s][info][gc,phases,start] GC(161) Summary Phase
[212.833s][info][gc,phases      ] GC(161) Summary Phase 0.013ms
[212.833s][info][gc,phases,start] GC(161) Adjust Roots
[212.833s][info][gc,phases      ] GC(161) Adjust Roots 0.206ms
[212.833s][info][gc,phases,start] GC(161) Compaction Phase
[212.833s][info][gc,phases      ] GC(161) Compaction Phase 0.415ms
[212.833s][info][gc,phases,start] GC(161) Post Compact
[212.834s][info][gc,phases      ] GC(161) Post Compact 0.436ms
[212.836s][info][gc,heap        ] GC(161) PSYoungGen: 94074K(135168K)->0K(135168K) Eden: 94074K(95744K)->0K(95744K) From: 0K(39424K)->0K(39424K)
[212.836s][info][gc,heap        ] GC(161) ParOldGen: 273053K(349696K)->3072K(230400K)
[212.836s][info][gc,metaspace   ] GC(161) Metaspace: 1070K(1280K)->1070K(1280K) NonClass: 988K(1088K)->988K(1088K) Class: 81K(192K)->81K(192K)
[212.836s][info][gc             ] GC(161) Pause Full (Ergonomics) 358M->3M(357M) 5.125ms
[212.836s][info][gc,cpu         ] GC(161) User=0.00s Sys=0.00s Real=0.01s
[214.580s][info][gc,start       ] GC(162) Pause Full (Ergonomics)
[214.580s][info][gc,phases,start] GC(162) Marking Phase
[214.582s][info][gc,phases      ] GC(162) Marking Phase 1.339ms
[214.582s][info][gc,phases,start] GC(162) Summary Phase
[214.582s][info][gc,phases      ] GC(162) Summary Phase 0.015ms
[214.582s][info][gc,phases,start] GC(162) Adjust Roots
[214.582s][info][gc,phases      ] GC(162) Adjust Roots 0.234ms
[214.582s][info][gc,phases,start] GC(162) Compaction Phase
[214.583s][info][gc,phases      ] GC(162) Compaction Phase 1.180ms
[214.583s][info][gc,phases,start] GC(162) Post Compact
[214.583s][info][gc,phases      ] GC(162) Post Compact 0.300ms
[214.584s][info][gc,heap        ] GC(162) PSYoungGen: 95098K(135168K)->0K(135168K) Eden: 95098K(95744K)->0K(95744K) From: 0K(39424K)->0K(39424K)
[214.584s][info][gc,heap        ] GC(162) ParOldGen: 156672K(230400K)->18432K(250880K)
[214.584s][info][gc,metaspace   ] GC(162) Metaspace: 1070K(1280K)->1070K(1280K) NonClass: 988K(1088K)->988K(1088K) Class: 81K(192K)->81K(192K)
[214.584s][info][gc             ] GC(162) Pause Full (Ergonomics) 245M->18M(377M) 3.299ms
[214.584s][info][gc,cpu         ] GC(162) User=0.00s Sys=0.00s Real=0.00s
[215.451s][info][gc,start       ] GC(163) Pause Young (Allocation Failure)
[215.452s][info][gc,heap        ] GC(163) PSYoungGen: 95098K(135168K)->10240K(137216K) Eden: 95098K(95744K)->0K(97792K) From: 0K(39424K)->10240K(39424K)
[215.452s][info][gc,heap        ] GC(163) ParOldGen: 120832K(250880K)->120832K(250880K)
[215.452s][info][gc,metaspace   ] GC(163) Metaspace: 1070K(1280K)->1070K(1280K) NonClass: 988K(1088K)->988K(1088K) Class: 81K(192K)->81K(192K)
[215.452s][info][gc             ] GC(163) Pause Young (Allocation Failure) 210M->128M(379M) 0.986ms
[215.452s][info][gc,cpu         ] GC(163) User=0.00s Sys=0.00s Real=0.00s
[217.523s][info][gc,start       ] GC(164) Pause Young (Allocation Failure)
[217.525s][info][gc,heap        ] GC(164) PSYoungGen: 104356K(137216K)->15360K(135168K) Eden: 94115K(97792K)->0K(97792K) From: 10240K(39424K)->15360K(37376K)
[217.525s][info][gc,heap        ] GC(164) ParOldGen: 120832K(250880K)->120832K(250880K)
[217.525s][info][gc,metaspace   ] GC(164) Metaspace: 1070K(1280K)->1070K(1280K) NonClass: 988K(1088K)->988K(1088K) Class: 81K(192K)->81K(192K)
[217.525s][info][gc             ] GC(164) Pause Young (Allocation Failure) 219M->133M(377M) 1.617ms
[217.525s][info][gc,cpu         ] GC(164) User=0.00s Sys=0.00s Real=0.00s
[218.506s][info][gc,start       ] GC(165) Pause Full (Ergonomics)
[218.506s][info][gc,phases,start] GC(165) Marking Phase
[218.508s][info][gc,phases      ] GC(165) Marking Phase 1.327ms
[218.508s][info][gc,phases,start] GC(165) Summary Phase
[218.508s][info][gc,phases      ] GC(165) Summary Phase 0.013ms
[218.508s][info][gc,phases,start] GC(165) Adjust Roots
[218.508s][info][gc,phases      ] GC(165) Adjust Roots 0.214ms
[218.508s][info][gc,phases,start] GC(165) Compaction Phase
[218.510s][info][gc,phases      ] GC(165) Compaction Phase 2.242ms
[218.510s][info][gc,phases,start] GC(165) Post Compact
[218.510s][info][gc,phases      ] GC(165) Post Compact 0.407ms
[218.511s][info][gc,heap        ] GC(165) PSYoungGen: 110493K(135168K)->0K(138752K) Eden: 95133K(97792K)->0K(102912K) From: 15360K(37376K)->0K(35840K)
[218.511s][info][gc,heap        ] GC(165) ParOldGen: 223232K(250880K)->37888K(274432K)
[218.511s][info][gc,metaspace   ] GC(165) Metaspace: 1070K(1280K)->1070K(1280K) NonClass: 988K(1088K)->988K(1088K) Class: 81K(192K)->81K(192K)
[218.511s][info][gc             ] GC(165) Pause Full (Ergonomics) 325M->37M(403M) 4.461ms
[218.511s][info][gc,cpu         ] GC(165) User=0.00s Sys=0.00s Real=0.00s
[219.055s][info][gc,start       ] GC(166) Pause Young (Allocation Failure)
[219.057s][info][gc,heap        ] GC(166) PSYoungGen: 53253K(138752K)->20480K(123904K) Eden: 53253K(102912K)->0K(102912K) From: 0K(35840K)->20480K(20992K)
[219.057s][info][gc,heap        ] GC(166) ParOldGen: 37888K(274432K)->37888K(274432K)
[219.057s][info][gc,metaspace   ] GC(166) Metaspace: 1070K(1280K)->1070K(1280K) NonClass: 988K(1088K)->988K(1088K) Class: 81K(192K)->81K(192K)
[219.057s][info][gc             ] GC(166) Pause Young (Allocation Failure) 89M->57M(389M) 1.933ms
[219.057s][info][gc,cpu         ] GC(166) User=0.00s Sys=0.00s Real=0.00s
[220.472s][info][gc,start       ] GC(167) Pause Young (Allocation Failure)
[220.473s][info][gc,heap        ] GC(167) PSYoungGen: 95225K(123904K)->5120K(139264K) Eden: 74745K(102912K)->0K(102912K) From: 20480K(20992K)->5120K(36352K)
[220.473s][info][gc,heap        ] GC(167) ParOldGen: 140288K(274432K)->140288K(274432K)
[220.473s][info][gc,metaspace   ] GC(167) Metaspace: 1070K(1280K)->1070K(1280K) NonClass: 988K(1088K)->988K(1088K) Class: 81K(192K)->81K(192K)
[220.473s][info][gc             ] GC(167) Pause Young (Allocation Failure) 229M->142M(404M) 0.667ms
[220.473s][info][gc,cpu         ] GC(167) User=0.00s Sys=0.00s Real=0.00s
[221.669s][info][gc,start       ] GC(168) Pause Full (Ergonomics)
[221.669s][info][gc,phases,start] GC(168) Marking Phase
[221.671s][info][gc,phases      ] GC(168) Marking Phase 1.412ms
[221.671s][info][gc,phases,start] GC(168) Summary Phase
[221.671s][info][gc,phases      ] GC(168) Summary Phase 0.021ms
[221.671s][info][gc,phases,start] GC(168) Adjust Roots
[221.671s][info][gc,phases      ] GC(168) Adjust Roots 0.224ms
[221.671s][info][gc,phases,start] GC(168) Compaction Phase
[221.680s][info][gc,phases      ] GC(168) Compaction Phase 8.918ms
[221.680s][info][gc,phases,start] GC(168) Post Compact
[221.680s][info][gc,phases      ] GC(168) Post Compact 0.497ms
[221.681s][info][gc,heap        ] GC(168) PSYoungGen: 100351K(139264K)->0K(138240K) Eden: 95231K(102912K)->0K(102912K) From: 5120K(36352K)->0K(35328K)
[221.681s][info][gc,heap        ] GC(168) ParOldGen: 242688K(274432K)->119453K(348672K)
[221.681s][info][gc,metaspace   ] GC(168) Metaspace: 1070K(1280K)->1070K(1280K) NonClass: 988K(1088K)->988K(1088K) Class: 81K(192K)->81K(192K)
[221.681s][info][gc             ] GC(168) Pause Full (Ergonomics) 334M->116M(475M) 11.511ms
[221.681s][info][gc,cpu         ] GC(168) User=0.00s Sys=0.00s Real=0.01s
[222.667s][info][gc,start       ] GC(169) Pause Young (Allocation Failure)
[222.668s][info][gc,heap        ] GC(169) PSYoungGen: 101382K(138240K)->6144K(140288K) Eden: 101382K(102912K)->0K(104960K) From: 0K(35328K)->6144K(35328K)
[222.668s][info][gc,heap        ] GC(169) ParOldGen: 221853K(348672K)->221853K(348672K)
[222.668s][info][gc,metaspace   ] GC(169) Metaspace: 1070K(1280K)->1070K(1280K) NonClass: 988K(1088K)->988K(1088K) Class: 81K(192K)->81K(192K)
[222.668s][info][gc             ] GC(169) Pause Young (Allocation Failure) 315M->222M(477M) 0.750ms
[222.668s][info][gc,cpu         ] GC(169) User=0.00s Sys=0.00s Real=0.00s
[223.318s][info][gc,start       ] GC(170) Pause Young (Allocation Failure)
[223.320s][info][gc,heap        ] GC(170) PSYoungGen: 64558K(140288K)->25600K(129024K) Eden: 58414K(104960K)->0K(102912K) From: 6144K(35328K)->25600K(26112K)
[223.320s][info][gc,heap        ] GC(170) ParOldGen: 221853K(348672K)->222877K(348672K)
[223.320s][info][gc,metaspace   ] GC(170) Metaspace: 1070K(1280K)->1070K(1280K) NonClass: 988K(1088K)->988K(1088K) Class: 81K(192K)->81K(192K)
[223.320s][info][gc             ] GC(170) Pause Young (Allocation Failure) 279M->242M(466M) 2.214ms
[223.320s][info][gc,cpu         ] GC(170) User=0.00s Sys=0.00s Real=0.00s
[224.765s][info][gc,start       ] GC(171) Pause Full (Ergonomics)
[224.765s][info][gc,phases,start] GC(171) Marking Phase
[224.767s][info][gc,phases      ] GC(171) Marking Phase 1.400ms
[224.767s][info][gc,phases,start] GC(171) Summary Phase
[224.767s][info][gc,phases      ] GC(171) Summary Phase 0.015ms
[224.767s][info][gc,phases,start] GC(171) Adjust Roots
[224.767s][info][gc,phases      ] GC(171) Adjust Roots 0.215ms
[224.767s][info][gc,phases,start] GC(171) Compaction Phase
[224.769s][info][gc,phases      ] GC(171) Compaction Phase 2.363ms
[224.769s][info][gc,phases,start] GC(171) Post Compact
[224.770s][info][gc,phases      ] GC(171) Post Compact 0.575ms
[224.774s][info][gc,heap        ] GC(171) PSYoungGen: 126990K(129024K)->0K(137216K) Eden: 101390K(102912K)->0K(99840K) From: 25600K(26112K)->0K(37376K)
[224.774s][info][gc,heap        ] GC(171) ParOldGen: 325277K(348672K)->32768K(251392K)
[224.774s][info][gc,metaspace   ] GC(171) Metaspace: 1070K(1280K)->1070K(1280K) NonClass: 988K(1088K)->988K(1088K) Class: 81K(192K)->81K(192K)
[224.774s][info][gc             ] GC(171) Pause Full (Ergonomics) 441M->32M(379M) 8.727ms
[224.774s][info][gc,cpu         ] GC(171) User=0.00s Sys=0.00s Real=0.01s
[225.981s][info][gc,start       ] GC(172) Pause Young (Allocation Failure)
[225.983s][info][gc,heap        ] GC(172) PSYoungGen: 95179K(137216K)->15360K(137216K) Eden: 95179K(99840K)->0K(99840K) From: 0K(37376K)->15360K(37376K)
[225.983s][info][gc,heap        ] GC(172) ParOldGen: 135168K(251392K)->135168K(251392K)
[225.983s][info][gc,metaspace   ] GC(172) Metaspace: 1070K(1280K)->1070K(1280K) NonClass: 988K(1088K)->988K(1088K) Class: 81K(192K)->81K(192K)
[225.983s][info][gc             ] GC(172) Pause Young (Allocation Failure) 224M->147M(379M) 1.606ms
[225.983s][info][gc,cpu         ] GC(172) User=0.02s Sys=0.00s Real=0.00s
[226.852s][info][gc,start       ] GC(173) Pause Full (Ergonomics)
[226.852s][info][gc,phases,start] GC(173) Marking Phase
[226.853s][info][gc,phases      ] GC(173) Marking Phase 1.401ms
[226.853s][info][gc,phases,start] GC(173) Summary Phase
[226.853s][info][gc,phases      ] GC(173) Summary Phase 0.013ms
[226.853s][info][gc,phases,start] GC(173) Adjust Roots
[226.853s][info][gc,phases      ] GC(173) Adjust Roots 0.229ms
[226.853s][info][gc,phases,start] GC(173) Compaction Phase
[226.855s][info][gc,phases      ] GC(173) Compaction Phase 1.665ms
[226.855s][info][gc,phases,start] GC(173) Post Compact
[226.855s][info][gc,phases      ] GC(173) Post Compact 0.426ms
[226.856s][info][gc,heap        ] GC(173) PSYoungGen: 110539K(137216K)->0K(139264K) Eden: 95179K(99840K)->0K(103936K) From: 15360K(37376K)->0K(35328K)
[226.856s][info][gc,heap        ] GC(173) ParOldGen: 237568K(251392K)->32768K(246784K)
[226.856s][info][gc,metaspace   ] GC(173) Metaspace: 1070K(1280K)->1070K(1280K) NonClass: 988K(1088K)->988K(1088K) Class: 81K(192K)->81K(192K)
[226.856s][info][gc             ] GC(173) Pause Full (Ergonomics) 339M->32M(377M) 4.191ms
[226.856s][info][gc,cpu         ] GC(173) User=0.00s Sys=0.00s Real=0.00s
[228.811s][info][gc,start       ] GC(174) Pause Young (Allocation Failure)
[228.813s][info][gc,heap        ] GC(174) PSYoungGen: 99358K(139264K)->15360K(139264K) Eden: 99358K(103936K)->0K(103936K) From: 0K(35328K)->15360K(35328K)
[228.813s][info][gc,heap        ] GC(174) ParOldGen: 32768K(246784K)->32768K(246784K)
[228.813s][info][gc,metaspace   ] GC(174) Metaspace: 1070K(1280K)->1070K(1280K) NonClass: 988K(1088K)->988K(1088K) Class: 81K(192K)->81K(192K)
[228.813s][info][gc             ] GC(174) Pause Young (Allocation Failure) 129M->47M(377M) 1.325ms
[228.813s][info][gc,cpu         ] GC(174) User=0.00s Sys=0.00s Real=0.00s
[229.793s][info][gc,start       ] GC(175) Pause Young (Allocation Failure)
[229.799s][info][gc,heap        ] GC(175) PSYoungGen: 116781K(139264K)->5120K(141312K) Eden: 101421K(103936K)->0K(107520K) From: 15360K(35328K)->5120K(33792K)
[229.799s][info][gc,heap        ] GC(175) ParOldGen: 135168K(246784K)->191488K(246784K)
[229.799s][info][gc,metaspace   ] GC(175) Metaspace: 1070K(1280K)->1070K(1280K) NonClass: 988K(1088K)->988K(1088K) Class: 81K(192K)->81K(192K)
[229.799s][info][gc             ] GC(175) Pause Young (Allocation Failure) 246M->192M(379M) 6.216ms
[229.799s][info][gc,cpu         ] GC(175) User=0.00s Sys=0.00s Real=0.01s
[229.799s][info][gc,start       ] GC(176) Pause Full (Ergonomics)
[229.799s][info][gc,phases,start] GC(176) Marking Phase
[229.801s][info][gc,phases      ] GC(176) Marking Phase 1.419ms
[229.801s][info][gc,phases,start] GC(176) Summary Phase
[229.801s][info][gc,phases      ] GC(176) Summary Phase 0.012ms
[229.801s][info][gc,phases,start] GC(176) Adjust Roots
[229.801s][info][gc,phases      ] GC(176) Adjust Roots 0.248ms
[229.801s][info][gc,phases,start] GC(176) Compaction Phase
[229.805s][info][gc,phases      ] GC(176) Compaction Phase 3.882ms
[229.805s][info][gc,phases,start] GC(176) Post Compact
[229.805s][info][gc,phases      ] GC(176) Post Compact 0.250ms
[229.805s][info][gc,heap        ] GC(176) PSYoungGen: 5120K(141312K)->0K(140800K) Eden: 0K(107520K)->0K(107520K) From: 5120K(33792K)->0K(33280K)
[229.805s][info][gc,heap        ] GC(176) ParOldGen: 191488K(246784K)->63133K(284160K)
[229.805s][info][gc,metaspace   ] GC(176) Metaspace: 1070K(1280K)->1070K(1280K) NonClass: 988K(1088K)->988K(1088K) Class: 81K(192K)->81K(192K)
[229.805s][info][gc             ] GC(176) Pause Full (Ergonomics) 192M->61M(415M) 6.050ms
[229.805s][info][gc,cpu         ] GC(176) User=0.00s Sys=0.00s Real=0.01s
[230.464s][info][gc,start       ] GC(177) Pause Young (Allocation Failure)
[230.467s][info][gc,heap        ] GC(177) PSYoungGen: 58464K(140800K)->25600K(135168K) Eden: 58464K(107520K)->0K(101888K) From: 0K(33280K)->25600K(33280K)
[230.467s][info][gc,heap        ] GC(177) ParOldGen: 63133K(284160K)->63133K(284160K)
[230.467s][info][gc,metaspace   ] GC(177) Metaspace: 1070K(1280K)->1070K(1280K) NonClass: 988K(1088K)->988K(1088K) Class: 81K(192K)->81K(192K)
[230.467s][info][gc             ] GC(177) Pause Young (Allocation Failure) 118M->86M(409M) 2.495ms
[230.467s][info][gc,cpu         ] GC(177) User=0.00s Sys=0.00s Real=0.00s
[232.659s][info][gc,start       ] GC(178) Pause Full (Ergonomics)
[232.660s][info][gc,phases,start] GC(178) Marking Phase
[232.661s][info][gc,phases      ] GC(178) Marking Phase 1.337ms
[232.661s][info][gc,phases,start] GC(178) Summary Phase
[232.661s][info][gc,phases      ] GC(178) Summary Phase 0.014ms
[232.661s][info][gc,phases,start] GC(178) Adjust Roots
[232.661s][info][gc,phases      ] GC(178) Adjust Roots 0.197ms
[232.661s][info][gc,phases,start] GC(178) Compaction Phase
[232.662s][info][gc,phases      ] GC(178) Compaction Phase 0.610ms
[232.662s][info][gc,phases,start] GC(178) Post Compact
[232.662s][info][gc,phases      ] GC(178) Post Compact 0.538ms
[232.665s][info][gc,heap        ] GC(178) PSYoungGen: 122840K(135168K)->0K(138240K) Eden: 97240K(101888K)->0K(101888K) From: 25600K(33280K)->0K(36352K)
[232.665s][info][gc,heap        ] GC(178) ParOldGen: 267933K(284160K)->8192K(224768K)
[232.665s][info][gc,metaspace   ] GC(178) Metaspace: 1070K(1280K)->1070K(1280K) NonClass: 988K(1088K)->988K(1088K) Class: 81K(192K)->81K(192K)
[232.665s][info][gc             ] GC(178) Pause Full (Ergonomics) 381M->8M(354M) 5.328ms
[232.665s][info][gc,cpu         ] GC(178) User=0.00s Sys=0.00s Real=0.00s
[234.520s][info][gc,start       ] GC(179) Pause Full (Ergonomics)
[234.520s][info][gc,phases,start] GC(179) Marking Phase
[234.521s][info][gc,phases      ] GC(179) Marking Phase 1.440ms
[234.521s][info][gc,phases,start] GC(179) Summary Phase
[234.521s][info][gc,phases      ] GC(179) Summary Phase 0.012ms
[234.521s][info][gc,phases,start] GC(179) Adjust Roots
[234.521s][info][gc,phases      ] GC(179) Adjust Roots 0.292ms
[234.521s][info][gc,phases,start] GC(179) Compaction Phase
[234.523s][info][gc,phases      ] GC(179) Compaction Phase 1.130ms
[234.523s][info][gc,phases,start] GC(179) Post Compact
[234.523s][info][gc,phases      ] GC(179) Post Compact 0.316ms
[234.523s][info][gc,heap        ] GC(179) PSYoungGen: 100322K(138240K)->0K(138240K) Eden: 100322K(101888K)->0K(101888K) From: 0K(36352K)->0K(36352K)
[234.523s][info][gc,heap        ] GC(179) ParOldGen: 161792K(224768K)->19456K(232448K)
[234.523s][info][gc,metaspace   ] GC(179) Metaspace: 1070K(1280K)->1070K(1280K) NonClass: 988K(1088K)->988K(1088K) Class: 81K(192K)->81K(192K)
[234.523s][info][gc             ] GC(179) Pause Full (Ergonomics) 255M->19M(362M) 3.404ms
[234.523s][info][gc,cpu         ] GC(179) User=0.00s Sys=0.00s Real=0.00s
[235.936s][info][gc,start       ] GC(180) Pause Young (Allocation Failure)
[235.938s][info][gc,heap        ] GC(180) PSYoungGen: 100329K(138240K)->10240K(138240K) Eden: 100329K(101888K)->0K(101888K) From: 0K(36352K)->10240K(36352K)
[235.938s][info][gc,heap        ] GC(180) ParOldGen: 121856K(232448K)->121856K(232448K)
[235.938s][info][gc,metaspace   ] GC(180) Metaspace: 1070K(1280K)->1070K(1280K) NonClass: 988K(1088K)->988K(1088K) Class: 81K(192K)->81K(192K)
[235.938s][info][gc             ] GC(180) Pause Young (Allocation Failure) 216M->129M(362M) 1.279ms
[235.938s][info][gc,cpu         ] GC(180) User=0.00s Sys=0.00s Real=0.00s
[236.919s][info][gc,start       ] GC(181) Pause Full (Ergonomics)
[236.919s][info][gc,phases,start] GC(181) Marking Phase
[236.920s][info][gc,phases      ] GC(181) Marking Phase 1.302ms
[236.920s][info][gc,phases,start] GC(181) Summary Phase
[236.920s][info][gc,phases      ] GC(181) Summary Phase 0.013ms
[236.920s][info][gc,phases,start] GC(181) Adjust Roots
[236.921s][info][gc,phases      ] GC(181) Adjust Roots 0.194ms
[236.921s][info][gc,phases,start] GC(181) Compaction Phase
[236.922s][info][gc,phases      ] GC(181) Compaction Phase 1.335ms
[236.922s][info][gc,phases,start] GC(181) Post Compact
[236.922s][info][gc,phases      ] GC(181) Post Compact 0.431ms
[236.922s][info][gc,heap        ] GC(181) PSYoungGen: 110573K(138240K)->0K(139776K) Eden: 100333K(101888K)->0K(104960K) From: 10240K(36352K)->0K(34816K)
[236.922s][info][gc,heap        ] GC(181) ParOldGen: 224256K(232448K)->22528K(230912K)
[236.922s][info][gc,metaspace   ] GC(181) Metaspace: 1070K(1280K)->1070K(1280K) NonClass: 988K(1088K)->988K(1088K) Class: 81K(192K)->81K(192K)
[236.923s][info][gc             ] GC(181) Pause Full (Ergonomics) 326M->22M(362M) 3.499ms
[236.923s][info][gc,cpu         ] GC(181) User=0.00s Sys=0.00s Real=0.00s
[237.573s][info][gc,start       ] GC(182) Pause Young (Allocation Failure)
[237.575s][info][gc,heap        ] GC(182) PSYoungGen: 58413K(139776K)->20480K(139776K) Eden: 58413K(104960K)->0K(104960K) From: 0K(34816K)->20480K(34816K)
[237.575s][info][gc,heap        ] GC(182) ParOldGen: 22528K(230912K)->43008K(230912K)
[237.575s][info][gc,metaspace   ] GC(182) Metaspace: 1070K(1280K)->1070K(1280K) NonClass: 988K(1088K)->988K(1088K) Class: 81K(192K)->81K(192K)
[237.575s][info][gc             ] GC(182) Pause Young (Allocation Failure) 79M->62M(362M) 2.195ms
[237.576s][info][gc,cpu         ] GC(182) User=0.00s Sys=0.00s Real=0.00s
[238.776s][info][gc,start       ] GC(183) Pause Young (Allocation Failure)
[238.778s][info][gc,heap        ] GC(183) PSYoungGen: 116804K(139776K)->15360K(141312K) Eden: 96324K(104960K)->0K(106496K) From: 20480K(34816K)->15360K(34816K)
[238.778s][info][gc,heap        ] GC(183) ParOldGen: 145408K(230912K)->145408K(230912K)
[238.778s][info][gc,metaspace   ] GC(183) Metaspace: 1070K(1280K)->1070K(1280K) NonClass: 988K(1088K)->988K(1088K) Class: 81K(192K)->81K(192K)
[238.778s][info][gc             ] GC(183) Pause Young (Allocation Failure) 256M->157M(363M) 1.570ms
[238.778s][info][gc,cpu         ] GC(183) User=0.00s Sys=0.00s Real=0.00s
[240.083s][info][gc,start       ] GC(184) Pause Young (Allocation Failure)
[240.084s][info][gc,heap        ] GC(184) PSYoungGen: 119878K(141312K)->10240K(139776K) Eden: 104518K(106496K)->0K(106496K) From: 15360K(34816K)->10240K(33280K)
[240.084s][info][gc,heap        ] GC(184) ParOldGen: 145408K(230912K)->145408K(230912K)
[240.084s][info][gc,metaspace   ] GC(184) Metaspace: 1070K(1280K)->1070K(1280K) NonClass: 988K(1088K)->988K(1088K) Class: 81K(192K)->81K(192K)
[240.084s][info][gc             ] GC(184) Pause Young (Allocation Failure) 259M->152M(362M) 0.982ms
[240.084s][info][gc,cpu         ] GC(184) User=0.00s Sys=0.00s Real=0.00s
[241.069s][info][gc,start       ] GC(185) Pause Young (Allocation Failure)
[241.071s][info][gc,heap        ] GC(185) PSYoungGen: 114762K(139776K)->5120K(142848K) Eden: 104522K(106496K)->0K(110592K) From: 10240K(33280K)->5120K(32256K)
[241.071s][info][gc,heap        ] GC(185) ParOldGen: 247808K(333824K)->252928K(333824K)
[241.071s][info][gc,metaspace   ] GC(185) Metaspace: 1070K(1280K)->1070K(1280K) NonClass: 988K(1088K)->988K(1088K) Class: 81K(192K)->81K(192K)
[241.071s][info][gc             ] GC(185) Pause Young (Allocation Failure) 354M->252M(465M) 1.939ms
[241.071s][info][gc,cpu         ] GC(185) User=0.00s Sys=0.00s Real=0.00s
[241.835s][info][gc,start       ] GC(186) Pause Young (Allocation Failure)
[241.838s][info][gc,heap        ] GC(186) PSYoungGen: 68767K(142848K)->25600K(134144K) Eden: 63647K(110592K)->0K(108032K) From: 5120K(32256K)->25600K(26112K)
[241.838s][info][gc,heap        ] GC(186) ParOldGen: 252928K(333824K)->252928K(333824K)
[241.838s][info][gc,metaspace   ] GC(186) Metaspace: 1070K(1280K)->1070K(1280K) NonClass: 988K(1088K)->988K(1088K) Class: 81K(192K)->81K(192K)
[241.838s][info][gc             ] GC(186) Pause Young (Allocation Failure) 314M->272M(457M) 2.241ms
[241.838s][info][gc,cpu         ] GC(186) User=0.00s Sys=0.00s Real=0.00s
[241.944s][info][gc,start       ] GC(187) Pause Young (Allocation Failure)
[241.959s][info][gc,heap        ] GC(187) PSYoungGen: 78955K(134144K)->0K(138752K) Eden: 53355K(108032K)->0K(103936K) From: 25600K(26112K)->0K(34816K)
[241.959s][info][gc,heap        ] GC(187) ParOldGen: 252928K(349696K)->309248K(349696K)
[241.959s][info][gc,metaspace   ] GC(187) Metaspace: 1070K(1280K)->1070K(1280K) NonClass: 988K(1088K)->988K(1088K) Class: 81K(192K)->81K(192K)
[241.959s][info][gc             ] GC(187) Pause Young (Allocation Failure) 324M->302M(477M) 15.552ms
[241.959s][info][gc,cpu         ] GC(187) User=0.00s Sys=0.00s Real=0.01s
[241.959s][info][gc,start       ] GC(188) Pause Full (Ergonomics)
[241.959s][info][gc,phases,start] GC(188) Marking Phase
[241.961s][info][gc,phases      ] GC(188) Marking Phase 1.446ms
[241.961s][info][gc,phases,start] GC(188) Summary Phase
[241.961s][info][gc,phases      ] GC(188) Summary Phase 0.014ms
[241.961s][info][gc,phases,start] GC(188) Adjust Roots
[241.961s][info][gc,phases      ] GC(188) Adjust Roots 0.209ms
[241.961s][info][gc,phases,start] GC(188) Compaction Phase
[241.971s][info][gc,phases      ] GC(188) Compaction Phase 10.556ms
[241.972s][info][gc,phases,start] GC(188) Post Compact
[241.972s][info][gc,phases      ] GC(188) Post Compact 0.381ms
[241.972s][info][gc,heap        ] GC(188) PSYoungGen: 0K(138752K)->0K(139264K) Eden: 0K(103936K)->0K(103936K) From: 0K(34816K)->0K(35328K)
[241.972s][info][gc,heap        ] GC(188) ParOldGen: 309248K(349696K)->165533K(349696K)
[241.972s][info][gc,metaspace   ] GC(188) Metaspace: 1070K(1280K)->1070K(1280K) NonClass: 988K(1088K)->988K(1088K) Class: 81K(192K)->81K(192K)
[241.972s][info][gc             ] GC(188) Pause Full (Ergonomics) 302M->161M(477M) 12.770ms
[241.972s][info][gc,cpu         ] GC(188) User=0.02s Sys=0.00s Real=0.01s
[242.193s][info][gc,start       ] GC(189) Pause Young (Allocation Failure)
[242.193s][info][gc,heap        ] GC(189) PSYoungGen: 103936K(139264K)->2048K(139776K) Eden: 103936K(103936K)->0K(104448K) From: 0K(35328K)->2048K(35328K)
[242.193s][info][gc,heap        ] GC(189) ParOldGen: 165533K(349696K)->165533K(349696K)
[242.193s][info][gc,metaspace   ] GC(189) Metaspace: 1070K(1280K)->1070K(1280K) NonClass: 988K(1088K)->988K(1088K) Class: 81K(192K)->81K(192K)
[242.193s][info][gc             ] GC(189) Pause Young (Allocation Failure) 263M->163M(478M) 0.390ms
[242.193s][info][gc,cpu         ] GC(189) User=0.00s Sys=0.00s Real=0.00s
[244.586s][info][gc,start       ] GC(190) Pause Young (Allocation Failure)
[244.588s][info][gc,heap        ] GC(190) PSYoungGen: 89142K(139776K)->21504K(126464K) Eden: 87094K(104448K)->0K(104448K) From: 2048K(35328K)->21504K(22016K)
[244.588s][info][gc,heap        ] GC(190) ParOldGen: 165533K(349696K)->165533K(349696K)
[244.588s][info][gc,metaspace   ] GC(190) Metaspace: 1070K(1280K)->1070K(1280K) NonClass: 988K(1088K)->988K(1088K) Class: 81K(192K)->81K(192K)
[244.588s][info][gc             ] GC(190) Pause Young (Allocation Failure) 248M->182M(465M) 1.661ms
[244.588s][info][gc,cpu         ] GC(190) User=0.00s Sys=0.00s Real=0.00s
[245.677s][info][gc,start       ] GC(191) Pause Young (Allocation Failure)
[245.679s][info][gc,heap        ] GC(191) PSYoungGen: 121836K(126464K)->10240K(140288K) Eden: 100332K(104448K)->0K(103936K) From: 21504K(22016K)->10240K(36352K)
[245.679s][info][gc,heap        ] GC(191) ParOldGen: 267933K(349696K)->279197K(349696K)
[245.679s][info][gc,metaspace   ] GC(191) Metaspace: 1070K(1280K)->1070K(1280K) NonClass: 988K(1088K)->988K(1088K) Class: 81K(192K)->81K(192K)
[245.679s][info][gc             ] GC(191) Pause Young (Allocation Failure) 380M->282M(478M) 1.827ms
[245.679s][info][gc,cpu         ] GC(191) User=0.00s Sys=0.00s Real=0.00s
[245.679s][info][gc,start       ] GC(192) Pause Full (Ergonomics)
[245.679s][info][gc,phases,start] GC(192) Marking Phase
[245.680s][info][gc,phases      ] GC(192) Marking Phase 1.283ms
[245.680s][info][gc,phases,start] GC(192) Summary Phase
[245.680s][info][gc,phases      ] GC(192) Summary Phase 0.013ms
[245.680s][info][gc,phases,start] GC(192) Adjust Roots
[245.680s][info][gc,phases      ] GC(192) Adjust Roots 0.183ms
[245.680s][info][gc,phases,start] GC(192) Compaction Phase
[245.682s][info][gc,phases      ] GC(192) Compaction Phase 1.593ms
[245.682s][info][gc,phases,start] GC(192) Post Compact
[245.682s][info][gc,phases      ] GC(192) Post Compact 0.384ms
[245.687s][info][gc,heap        ] GC(192) PSYoungGen: 10240K(140288K)->0K(138240K) Eden: 0K(103936K)->0K(103936K) From: 10240K(36352K)->0K(34304K)
[245.687s][info][gc,heap        ] GC(192) ParOldGen: 279197K(349696K)->23552K(227840K)
[245.687s][info][gc,metaspace   ] GC(192) Metaspace: 1070K(1280K)->1070K(1280K) NonClass: 988K(1088K)->988K(1088K) Class: 81K(192K)->81K(192K)
[245.687s][info][gc             ] GC(192) Pause Full (Ergonomics) 282M->23M(357M) 8.003ms
[245.687s][info][gc,cpu         ] GC(192) User=0.00s Sys=0.00s Real=0.01s
[246.551s][info][gc,start       ] GC(193) Pause Young (Allocation Failure)
[246.553s][info][gc,heap        ] GC(193) PSYoungGen: 100343K(138240K)->11264K(142336K) Eden: 100343K(103936K)->0K(108032K) From: 0K(34304K)->11264K(34304K)
[246.553s][info][gc,heap        ] GC(193) ParOldGen: 125952K(227840K)->125952K(227840K)
[246.553s][info][gc,metaspace   ] GC(193) Metaspace: 1070K(1280K)->1070K(1280K) NonClass: 988K(1088K)->988K(1088K) Class: 81K(192K)->81K(192K)
[246.553s][info][gc             ] GC(193) Pause Young (Allocation Failure) 220M->134M(361M) 1.194ms
[246.553s][info][gc,cpu         ] GC(193) User=0.00s Sys=0.00s Real=0.00s
[248.188s][info][gc,start       ] GC(194) Pause Young (Allocation Failure)
[248.191s][info][gc,heap        ] GC(194) PSYoungGen: 115798K(142336K)->25600K(134144K) Eden: 104534K(108032K)->0K(108032K) From: 11264K(34304K)->25600K(26112K)
[248.191s][info][gc,heap        ] GC(194) ParOldGen: 228352K(330752K)->228352K(330752K)
[248.191s][info][gc,metaspace   ] GC(194) Metaspace: 1070K(1280K)->1070K(1280K) NonClass: 988K(1088K)->988K(1088K) Class: 81K(192K)->81K(192K)
[248.191s][info][gc             ] GC(194) Pause Young (Allocation Failure) 336M->248M(454M) 2.437ms
[248.191s][info][gc,cpu         ] GC(194) User=0.00s Sys=0.00s Real=0.00s
[248.955s][info][gc,start       ] GC(195) Pause Young (Allocation Failure)
[248.961s][info][gc,heap        ] GC(195) PSYoungGen: 89183K(134144K)->25600K(135168K) Eden: 63583K(108032K)->0K(99840K) From: 25600K(26112K)->25600K(35328K)
[248.961s][info][gc,heap        ] GC(195) ParOldGen: 228352K(330752K)->248832K(330752K)
[248.961s][info][gc,metaspace   ] GC(195) Metaspace: 1070K(1280K)->1070K(1280K) NonClass: 988K(1088K)->988K(1088K) Class: 81K(192K)->81K(192K)
[248.961s][info][gc             ] GC(195) Pause Young (Allocation Failure) 310M->268M(455M) 6.449ms
[248.961s][info][gc,cpu         ] GC(195) User=0.00s Sys=0.00s Real=0.01s
[249.064s][info][gc,start       ] GC(196) Pause Young (Allocation Failure)
[249.079s][info][gc,promotion   ] GC(196) Promotion failed
[249.079s][info][gc,heap        ] GC(196) PSYoungGen: 78785K(135168K)->78785K(135168K) Eden: 53185K(99840K)->53185K(99840K) From: 25600K(35328K)->25600K(35328K)
[249.079s][info][gc,heap        ] GC(196) ParOldGen: 248832K(349696K)->305152K(349696K)
[249.079s][info][gc,metaspace   ] GC(196) Metaspace: 1070K(1280K)->1070K(1280K) NonClass: 988K(1088K)->988K(1088K) Class: 81K(192K)->81K(192K)
[249.079s][info][gc             ] GC(196) Pause Young (Allocation Failure) 319M->374M(473M) 15.775ms
[249.080s][info][gc,cpu         ] GC(196) User=0.00s Sys=0.00s Real=0.02s
[249.080s][info][gc,start       ] GC(197) Pause Full (Ergonomics)
[249.080s][info][gc,phases,start] GC(197) Marking Phase
[249.081s][info][gc,phases      ] GC(197) Marking Phase 1.381ms
[249.081s][info][gc,phases,start] GC(197) Summary Phase
[249.081s][info][gc,phases      ] GC(197) Summary Phase 0.013ms
[249.081s][info][gc,phases,start] GC(197) Adjust Roots
[249.081s][info][gc,phases      ] GC(197) Adjust Roots 0.226ms
[249.081s][info][gc,phases,start] GC(197) Compaction Phase
[249.086s][info][gc,phases      ] GC(197) Compaction Phase 4.991ms
[249.086s][info][gc,phases,start] GC(197) Post Compact
[249.087s][info][gc,phases      ] GC(197) Post Compact 0.450ms
[249.088s][info][gc,heap        ] GC(197) PSYoungGen: 78785K(135168K)->0K(137216K) Eden: 53185K(99840K)->0K(99840K) From: 25600K(35328K)->0K(37376K)
[249.088s][info][gc,heap        ] GC(197) ParOldGen: 305152K(349696K)->78493K(280576K)
[249.088s][info][gc,metaspace   ] GC(197) Metaspace: 1070K(1280K)->1070K(1280K) NonClass: 988K(1088K)->988K(1088K) Class: 81K(192K)->81K(192K)
[249.088s][info][gc             ] GC(197) Pause Full (Ergonomics) 374M->76M(408M) 8.699ms
[249.088s][info][gc,cpu         ] GC(197) User=0.00s Sys=0.00s Real=0.01s
[251.510s][info][gc,start       ] GC(198) Pause Full (Ergonomics)
[251.510s][info][gc,phases,start] GC(198) Marking Phase
[251.511s][info][gc,phases      ] GC(198) Marking Phase 1.399ms
[251.511s][info][gc,phases,start] GC(198) Summary Phase
[251.511s][info][gc,phases      ] GC(198) Summary Phase 0.014ms
[251.511s][info][gc,phases,start] GC(198) Adjust Roots
[251.511s][info][gc,phases      ] GC(198) Adjust Roots 0.269ms
[251.511s][info][gc,phases,start] GC(198) Compaction Phase
[251.512s][info][gc,phases      ] GC(198) Compaction Phase 0.968ms
[251.512s][info][gc,phases,start] GC(198) Post Compact
[251.513s][info][gc,phases      ] GC(198) Post Compact 0.517ms
[251.519s][info][gc,heap        ] GC(198) PSYoungGen: 90027K(137216K)->0K(137216K) Eden: 90027K(99840K)->0K(99840K) From: 0K(37376K)->0K(37376K)
[251.519s][info][gc,heap        ] GC(198) ParOldGen: 334493K(349696K)->12288K(216064K)
[251.519s][info][gc,metaspace   ] GC(198) Metaspace: 1070K(1280K)->1070K(1280K) NonClass: 988K(1088K)->988K(1088K) Class: 81K(192K)->81K(192K)
[251.519s][info][gc             ] GC(198) Pause Full (Ergonomics) 414M->12M(345M) 9.250ms
[251.519s][info][gc,cpu         ] GC(198) User=0.00s Sys=0.00s Real=0.01s
[252.288s][info][gc,start       ] GC(199) Pause Young (Allocation Failure)
[252.289s][info][gc,heap        ] GC(199) PSYoungGen: 95159K(137216K)->2048K(137216K) Eden: 95159K(99840K)->0K(99840K) From: 0K(37376K)->2048K(37376K)
[252.289s][info][gc,heap        ] GC(199) ParOldGen: 114688K(216064K)->114688K(216064K)
[252.289s][info][gc,metaspace   ] GC(199) Metaspace: 1070K(1280K)->1070K(1280K) NonClass: 988K(1088K)->988K(1088K) Class: 81K(192K)->81K(192K)
[252.289s][info][gc             ] GC(199) Pause Young (Allocation Failure) 204M->114M(345M) 0.522ms
[252.289s][info][gc,cpu         ] GC(199) User=0.00s Sys=0.00s Real=0.00s
[254.160s][info][gc,start       ] GC(200) Pause Full (Ergonomics)
[254.160s][info][gc,phases,start] GC(200) Marking Phase
[254.161s][info][gc,phases      ] GC(200) Marking Phase 1.297ms
[254.161s][info][gc,phases,start] GC(200) Summary Phase
[254.161s][info][gc,phases      ] GC(200) Summary Phase 0.014ms
[254.161s][info][gc,phases,start] GC(200) Adjust Roots
[254.162s][info][gc,phases      ] GC(200) Adjust Roots 0.191ms
[254.162s][info][gc,phases,start] GC(200) Compaction Phase
[254.163s][info][gc,phases      ] GC(200) Compaction Phase 1.077ms
[254.163s][info][gc,phases,start] GC(200) Post Compact
[254.163s][info][gc,phases      ] GC(200) Post Compact 0.773ms
[254.166s][info][gc,heap        ] GC(200) PSYoungGen: 97214K(137216K)->0K(137216K) Eden: 95166K(99840K)->0K(99840K) From: 2048K(37376K)->0K(37376K)
[254.166s][info][gc,heap        ] GC(200) ParOldGen: 268288K(318976K)->19456K(223744K)
[254.166s][info][gc,metaspace   ] GC(200) Metaspace: 1070K(1280K)->1070K(1280K) NonClass: 988K(1088K)->988K(1088K) Class: 81K(192K)->81K(192K)
[254.166s][info][gc             ] GC(200) Pause Full (Ergonomics) 356M->19M(352M) 6.139ms
[254.166s][info][gc,cpu         ] GC(200) User=0.00s Sys=0.00s Real=0.01s
[256.556s][info][gc,start       ] GC(201) Pause Full (Ergonomics)
[256.556s][info][gc,phases,start] GC(201) Marking Phase
[256.558s][info][gc,phases      ] GC(201) Marking Phase 1.425ms
[256.558s][info][gc,phases,start] GC(201) Summary Phase
[256.558s][info][gc,phases      ] GC(201) Summary Phase 0.012ms
[256.558s][info][gc,phases,start] GC(201) Adjust Roots
[256.558s][info][gc,phases      ] GC(201) Adjust Roots 0.268ms
[256.558s][info][gc,phases,start] GC(201) Compaction Phase
[256.560s][info][gc,phases      ] GC(201) Compaction Phase 1.481ms
[256.560s][info][gc,phases,start] GC(201) Post Compact
[256.560s][info][gc,phases      ] GC(201) Post Compact 0.372ms
[256.560s][info][gc,heap        ] GC(201) PSYoungGen: 96195K(137216K)->0K(137216K) Eden: 96195K(99840K)->0K(99840K) From: 0K(37376K)->0K(37376K)
[256.560s][info][gc,heap        ] GC(201) ParOldGen: 173056K(223744K)->18432K(224256K)
[256.560s][info][gc,metaspace   ] GC(201) Metaspace: 1070K(1280K)->1070K(1280K) NonClass: 988K(1088K)->988K(1088K) Class: 81K(192K)->81K(192K)
[256.560s][info][gc             ] GC(201) Pause Full (Ergonomics) 262M->18M(353M) 3.779ms
[256.560s][info][gc,cpu         ] GC(201) User=0.00s Sys=0.00s Real=0.00s
[258.851s][info][gc,start       ] GC(202) Pause Full (Ergonomics)
[258.851s][info][gc,phases,start] GC(202) Marking Phase
[258.852s][info][gc,phases      ] GC(202) Marking Phase 1.355ms
[258.852s][info][gc,phases,start] GC(202) Summary Phase
[258.852s][info][gc,phases      ] GC(202) Summary Phase 0.012ms
[258.852s][info][gc,phases,start] GC(202) Adjust Roots
[258.852s][info][gc,phases      ] GC(202) Adjust Roots 0.244ms
[258.852s][info][gc,phases,start] GC(202) Compaction Phase
[258.853s][info][gc,phases      ] GC(202) Compaction Phase 0.722ms
[258.853s][info][gc,phases,start] GC(202) Post Compact
[258.854s][info][gc,phases      ] GC(202) Post Compact 0.329ms
[258.854s][info][gc,heap        ] GC(202) PSYoungGen: 90055K(137216K)->0K(137216K) Eden: 90055K(99840K)->0K(99840K) From: 0K(37376K)->0K(37376K)
[258.854s][info][gc,heap        ] GC(202) ParOldGen: 172032K(224256K)->7168K(214528K)
[258.854s][info][gc,metaspace   ] GC(202) Metaspace: 1070K(1280K)->1070K(1280K) NonClass: 988K(1088K)->988K(1088K) Class: 81K(192K)->81K(192K)
[258.854s][info][gc             ] GC(202) Pause Full (Ergonomics) 255M->7M(343M) 3.371ms
[258.854s][info][gc,cpu         ] GC(202) User=0.00s Sys=0.00s Real=0.00s
[259.833s][info][gc,start       ] GC(203) Pause Young (Allocation Failure)
[259.838s][info][gc,heap        ] GC(203) PSYoungGen: 95177K(137216K)->10240K(137216K) Eden: 95177K(99840K)->0K(99840K) From: 0K(37376K)->10240K(37376K)
[259.838s][info][gc,heap        ] GC(203) ParOldGen: 109568K(214528K)->160768K(214528K)
[259.838s][info][gc,metaspace   ] GC(203) Metaspace: 1070K(1280K)->1070K(1280K) NonClass: 988K(1088K)->988K(1088K) Class: 81K(192K)->81K(192K)
[259.838s][info][gc             ] GC(203) Pause Young (Allocation Failure) 199M->167M(343M) 4.754ms
[259.838s][info][gc,cpu         ] GC(203) User=0.00s Sys=0.00s Real=0.01s
[259.838s][info][gc,start       ] GC(204) Pause Full (Ergonomics)
[259.838s][info][gc,phases,start] GC(204) Marking Phase
[259.840s][info][gc,phases      ] GC(204) Marking Phase 1.425ms
[259.840s][info][gc,phases,start] GC(204) Summary Phase
[259.840s][info][gc,phases      ] GC(204) Summary Phase 0.011ms
[259.840s][info][gc,phases,start] GC(204) Adjust Roots
[259.840s][info][gc,phases      ] GC(204) Adjust Roots 0.264ms
[259.840s][info][gc,phases,start] GC(204) Compaction Phase
[259.844s][info][gc,phases      ] GC(204) Compaction Phase 3.641ms
[259.844s][info][gc,phases,start] GC(204) Post Compact
[259.844s][info][gc,phases      ] GC(204) Post Compact 0.209ms
[259.844s][info][gc,heap        ] GC(204) PSYoungGen: 10240K(137216K)->0K(138752K) Eden: 0K(99840K)->0K(102912K) From: 10240K(37376K)->0K(35840K)
[259.844s][info][gc,heap        ] GC(204) ParOldGen: 160768K(214528K)->58013K(278528K)
[259.844s][info][gc,metaspace   ] GC(204) Metaspace: 1070K(1280K)->1070K(1280K) NonClass: 988K(1088K)->988K(1088K) Class: 81K(192K)->81K(192K)
[259.844s][info][gc             ] GC(204) Pause Full (Ergonomics) 167M->56M(407M) 5.832ms
[259.844s][info][gc,cpu         ] GC(204) User=0.00s Sys=0.00s Real=0.01s
[260.393s][info][gc,start       ] GC(205) Pause Young (Allocation Failure)
[260.395s][info][gc,heap        ] GC(205) PSYoungGen: 53255K(138752K)->20480K(123904K) Eden: 53255K(102912K)->0K(102912K) From: 0K(35840K)->20480K(20992K)
[260.395s][info][gc,heap        ] GC(205) ParOldGen: 58013K(278528K)->58013K(278528K)
[260.395s][info][gc,metaspace   ] GC(205) Metaspace: 1070K(1280K)->1070K(1280K) NonClass: 988K(1088K)->988K(1088K) Class: 81K(192K)->81K(192K)
[260.395s][info][gc             ] GC(205) Pause Young (Allocation Failure) 108M->76M(393M) 2.266ms
[260.395s][info][gc,cpu         ] GC(205) User=0.00s Sys=0.00s Real=0.00s
[261.594s][info][gc,start       ] GC(206) Pause Young (Allocation Failure)
[261.595s][info][gc,heap        ] GC(206) PSYoungGen: 115692K(123904K)->15360K(140288K) Eden: 95212K(102912K)->0K(103936K) From: 20480K(20992K)->15360K(36352K)
[261.595s][info][gc,heap        ] GC(206) ParOldGen: 160413K(278528K)->160413K(278528K)
[261.595s][info][gc,metaspace   ] GC(206) Metaspace: 1070K(1280K)->1070K(1280K) NonClass: 988K(1088K)->988K(1088K) Class: 81K(192K)->81K(192K)
[261.595s][info][gc             ] GC(206) Pause Young (Allocation Failure) 269M->171M(409M) 1.400ms
[261.595s][info][gc,cpu         ] GC(206) User=0.00s Sys=0.00s Real=0.00s
[262.918s][info][gc,start       ] GC(207) Pause Full (Ergonomics)
[262.918s][info][gc,phases,start] GC(207) Marking Phase
[262.919s][info][gc,phases      ] GC(207) Marking Phase 1.325ms
[262.919s][info][gc,phases,start] GC(207) Summary Phase
[262.919s][info][gc,phases      ] GC(207) Summary Phase 0.012ms
[262.919s][info][gc,phases,start] GC(207) Adjust Roots
[262.920s][info][gc,phases      ] GC(207) Adjust Roots 0.250ms
[262.920s][info][gc,phases,start] GC(207) Compaction Phase
[262.920s][info][gc,phases      ] GC(207) Compaction Phase 0.462ms
[262.920s][info][gc,phases,start] GC(207) Post Compact
[262.920s][info][gc,phases      ] GC(207) Post Compact 0.430ms
[262.922s][info][gc,heap        ] GC(207) PSYoungGen: 109579K(140288K)->0K(138240K) Eden: 94219K(103936K)->0K(103936K) From: 15360K(36352K)->0K(34304K)
[262.922s][info][gc,heap        ] GC(207) ParOldGen: 262813K(278528K)->7168K(229376K)
[262.922s][info][gc,metaspace   ] GC(207) Metaspace: 1070K(1280K)->1070K(1280K) NonClass: 988K(1088K)->988K(1088K) Class: 81K(192K)->81K(192K)
[262.922s][info][gc             ] GC(207) Pause Full (Ergonomics) 363M->7M(359M) 4.390ms
[262.922s][info][gc,cpu         ] GC(207) User=0.02s Sys=0.00s Real=0.00s
[263.788s][info][gc,start       ] GC(208) Pause Young (Allocation Failure)
[263.788s][info][gc,heap        ] GC(208) PSYoungGen: 101412K(138240K)->6144K(140800K) Eden: 101412K(103936K)->0K(106496K) From: 0K(34304K)->6144K(34304K)
[263.788s][info][gc,heap        ] GC(208) ParOldGen: 109568K(229376K)->109568K(229376K)
[263.788s][info][gc,metaspace   ] GC(208) Metaspace: 1070K(1280K)->1070K(1280K) NonClass: 988K(1088K)->988K(1088K) Class: 81K(192K)->81K(192K)
[263.788s][info][gc             ] GC(208) Pause Young (Allocation Failure) 206M->113M(361M) 0.842ms
[263.788s][info][gc,cpu         ] GC(208) User=0.00s Sys=0.00s Real=0.00s
[264.659s][info][gc,start       ] GC(209) Pause Young (Allocation Failure)
[264.662s][info][gc,heap        ] GC(209) PSYoungGen: 74825K(140800K)->30720K(137728K) Eden: 68681K(106496K)->0K(106496K) From: 6144K(34304K)->30720K(31232K)
[264.662s][info][gc,heap        ] GC(209) ParOldGen: 109568K(229376K)->110592K(229376K)
[264.662s][info][gc,metaspace   ] GC(209) Metaspace: 1070K(1280K)->1070K(1280K) NonClass: 988K(1088K)->988K(1088K) Class: 81K(192K)->81K(192K)
[264.662s][info][gc             ] GC(209) Pause Young (Allocation Failure) 180M->138M(358M) 2.538ms
[264.662s][info][gc,cpu         ] GC(209) User=0.00s Sys=0.00s Real=0.00s
[266.516s][info][gc,start       ] GC(210) Pause Full (Ergonomics)
[266.516s][info][gc,phases,start] GC(210) Marking Phase
[266.518s][info][gc,phases      ] GC(210) Marking Phase 1.324ms
[266.518s][info][gc,phases,start] GC(210) Summary Phase
[266.518s][info][gc,phases      ] GC(210) Summary Phase 0.014ms
[266.518s][info][gc,phases,start] GC(210) Adjust Roots
[266.518s][info][gc,phases      ] GC(210) Adjust Roots 0.192ms
[266.518s][info][gc,phases,start] GC(210) Compaction Phase
[266.519s][info][gc,phases      ] GC(210) Compaction Phase 0.674ms
[266.519s][info][gc,phases,start] GC(210) Post Compact
[266.519s][info][gc,phases      ] GC(210) Post Compact 0.458ms
[266.519s][info][gc,heap        ] GC(210) PSYoungGen: 135244K(137728K)->0K(134656K) Eden: 104524K(106496K)->0K(97792K) From: 30720K(31232K)->0K(36864K)
[266.519s][info][gc,heap        ] GC(210) ParOldGen: 212992K(229376K)->12288K(233984K)
[266.519s][info][gc,metaspace   ] GC(210) Metaspace: 1070K(1280K)->1070K(1280K) NonClass: 988K(1088K)->988K(1088K) Class: 81K(192K)->81K(192K)
[266.519s][info][gc             ] GC(210) Pause Full (Ergonomics) 340M->12M(360M) 2.893ms
[266.519s][info][gc,cpu         ] GC(210) User=0.00s Sys=0.00s Real=0.00s
[268.374s][info][gc,start       ] GC(211) Pause Full (Ergonomics)
[268.374s][info][gc,phases,start] GC(211) Marking Phase
[268.375s][info][gc,phases      ] GC(211) Marking Phase 1.433ms
[268.375s][info][gc,phases,start] GC(211) Summary Phase
[268.375s][info][gc,phases      ] GC(211) Summary Phase 0.012ms
[268.375s][info][gc,phases,start] GC(211) Adjust Roots
[268.376s][info][gc,phases      ] GC(211) Adjust Roots 0.203ms
[268.376s][info][gc,phases,start] GC(211) Compaction Phase
[268.379s][info][gc,phases      ] GC(211) Compaction Phase 2.998ms
[268.379s][info][gc,phases,start] GC(211) Post Compact
[268.379s][info][gc,phases      ] GC(211) Post Compact 0.329ms
[268.379s][info][gc,heap        ] GC(211) PSYoungGen: 95136K(134656K)->0K(136192K) Eden: 95136K(97792K)->0K(97792K) From: 0K(36864K)->0K(38400K)
[268.379s][info][gc,heap        ] GC(211) ParOldGen: 165888K(233984K)->37533K(265216K)
[268.379s][info][gc,metaspace   ] GC(211) Metaspace: 1070K(1280K)->1070K(1280K) NonClass: 988K(1088K)->988K(1088K) Class: 81K(192K)->81K(192K)
[268.379s][info][gc             ] GC(211) Pause Full (Ergonomics) 254M->36M(392M) 5.254ms
[268.379s][info][gc,cpu         ] GC(211) User=0.00s Sys=0.00s Real=0.01s
[271.237s][info][gc,start       ] GC(212) Pause Full (Ergonomics)
[271.238s][info][gc,phases,start] GC(212) Marking Phase
[271.239s][info][gc,phases      ] GC(212) Marking Phase 1.358ms
[271.239s][info][gc,phases,start] GC(212) Summary Phase
[271.239s][info][gc,phases      ] GC(212) Summary Phase 0.014ms
[271.239s][info][gc,phases,start] GC(212) Adjust Roots
[271.239s][info][gc,phases      ] GC(212) Adjust Roots 0.230ms
[271.239s][info][gc,phases,start] GC(212) Compaction Phase
[271.246s][info][gc,phases      ] GC(212) Compaction Phase 7.006ms
[271.246s][info][gc,phases,start] GC(212) Post Compact
[271.247s][info][gc,phases      ] GC(212) Post Compact 0.543ms
[271.247s][info][gc,heap        ] GC(212) PSYoungGen: 97186K(136192K)->0K(136192K) Eden: 97186K(97792K)->0K(97792K) From: 0K(38400K)->0K(38400K)
[271.247s][info][gc,heap        ] GC(212) ParOldGen: 344733K(349696K)->109213K(344064K)
[271.247s][info][gc,metaspace   ] GC(212) Metaspace: 1070K(1280K)->1070K(1280K) NonClass: 988K(1088K)->988K(1088K) Class: 81K(192K)->81K(192K)
[271.247s][info][gc             ] GC(212) Pause Full (Ergonomics) 431M->106M(469M) 9.434ms
[271.247s][info][gc,cpu         ] GC(212) User=0.00s Sys=0.00s Real=0.01s
[272.983s][info][gc,start       ] GC(213) Pause Young (Allocation Failure)
[272.986s][info][gc,heap        ] GC(213) PSYoungGen: 95138K(136192K)->21504K(136192K) Eden: 95138K(97792K)->0K(97792K) From: 0K(38400K)->21504K(38400K)
[272.986s][info][gc,heap        ] GC(213) ParOldGen: 262813K(344064K)->262813K(344064K)
[272.986s][info][gc,metaspace   ] GC(213) Metaspace: 1070K(1280K)->1070K(1280K) NonClass: 988K(1088K)->988K(1088K) Class: 81K(192K)->81K(192K)
[272.986s][info][gc             ] GC(213) Pause Young (Allocation Failure) 349M->277M(469M) 2.163ms
[272.986s][info][gc,cpu         ] GC(213) User=0.00s Sys=0.00s Real=0.00s
[273.311s][info][gc,start       ] GC(214) Pause Young (Allocation Failure)
[273.316s][info][gc,heap        ] GC(214) PSYoungGen: 105379K(136192K)->0K(135168K) Eden: 83875K(97792K)->0K(96768K) From: 21504K(38400K)->0K(38400K)
[273.316s][info][gc,heap        ] GC(214) ParOldGen: 262813K(349696K)->325277K(349696K)
[273.316s][info][gc,metaspace   ] GC(214) Metaspace: 1070K(1280K)->1070K(1280K) NonClass: 988K(1088K)->988K(1088K) Class: 81K(192K)->81K(192K)
[273.316s][info][gc             ] GC(214) Pause Young (Allocation Failure) 359M->317M(473M) 5.218ms
[273.316s][info][gc,cpu         ] GC(214) User=0.00s Sys=0.00s Real=0.01s
[273.316s][info][gc,start       ] GC(215) Pause Full (Ergonomics)
[273.316s][info][gc,phases,start] GC(215) Marking Phase
[273.318s][info][gc,phases      ] GC(215) Marking Phase 1.413ms
[273.318s][info][gc,phases,start] GC(215) Summary Phase
[273.318s][info][gc,phases      ] GC(215) Summary Phase 0.014ms
[273.318s][info][gc,phases,start] GC(215) Adjust Roots
[273.318s][info][gc,phases      ] GC(215) Adjust Roots 0.248ms
[273.318s][info][gc,phases,start] GC(215) Compaction Phase
[273.322s][info][gc,phases      ] GC(215) Compaction Phase 3.951ms
[273.322s][info][gc,phases,start] GC(215) Post Compact
[273.323s][info][gc,phases      ] GC(215) Post Compact 0.436ms
[273.323s][info][gc,heap        ] GC(215) PSYoungGen: 0K(135168K)->0K(135680K) Eden: 0K(96768K)->0K(96768K) From: 0K(38400K)->0K(38912K)
[273.323s][info][gc,heap        ] GC(215) ParOldGen: 325277K(349696K)->166557K(349696K)
[273.323s][info][gc,metaspace   ] GC(215) Metaspace: 1070K(1280K)->1070K(1280K) NonClass: 988K(1088K)->988K(1088K) Class: 81K(192K)->81K(192K)
[273.323s][info][gc             ] GC(215) Pause Full (Ergonomics) 317M->162M(474M) 6.236ms
[273.323s][info][gc,cpu         ] GC(215) User=0.00s Sys=0.00s Real=0.01s
[274.743s][info][gc,start       ] GC(216) Pause Full (Ergonomics)
[274.743s][info][gc,phases,start] GC(216) Marking Phase
[274.745s][info][gc,phases      ] GC(216) Marking Phase 1.218ms
[274.745s][info][gc,phases,start] GC(216) Summary Phase
[274.745s][info][gc,phases      ] GC(216) Summary Phase 0.013ms
[274.745s][info][gc,phases,start] GC(216) Adjust Roots
[274.745s][info][gc,phases      ] GC(216) Adjust Roots 0.201ms
[274.745s][info][gc,phases,start] GC(216) Compaction Phase
[274.750s][info][gc,phases      ] GC(216) Compaction Phase 4.858ms
[274.750s][info][gc,phases,start] GC(216) Post Compact
[274.750s][info][gc,phases      ] GC(216) Post Compact 0.471ms
[274.751s][info][gc,heap        ] GC(216) PSYoungGen: 49031K(135680K)->0K(135680K) Eden: 49031K(96768K)->0K(96768K) From: 0K(38912K)->0K(38912K)
[274.751s][info][gc,heap        ] GC(216) ParOldGen: 320157K(349696K)->63133K(328704K)
[274.751s][info][gc,metaspace   ] GC(216) Metaspace: 1070K(1280K)->1070K(1280K) NonClass: 988K(1088K)->988K(1088K) Class: 81K(192K)->81K(192K)
[274.751s][info][gc             ] GC(216) Pause Full (Ergonomics) 360M->61M(453M) 7.829ms
[274.751s][info][gc,cpu         ] GC(216) User=0.00s Sys=0.00s Real=0.01s
[276.822s][info][gc,start       ] GC(217) Pause Full (Ergonomics)
[276.822s][info][gc,phases,start] GC(217) Marking Phase
[276.823s][info][gc,phases      ] GC(217) Marking Phase 1.362ms
[276.823s][info][gc,phases,start] GC(217) Summary Phase
[276.823s][info][gc,phases      ] GC(217) Summary Phase 0.014ms
[276.823s][info][gc,phases,start] GC(217) Adjust Roots
[276.824s][info][gc,phases      ] GC(217) Adjust Roots 0.185ms
[276.824s][info][gc,phases,start] GC(217) Compaction Phase
[276.826s][info][gc,phases      ] GC(217) Compaction Phase 2.348ms
[276.826s][info][gc,phases,start] GC(217) Post Compact
[276.827s][info][gc,phases      ] GC(217) Post Compact 0.491ms
[276.827s][info][gc,heap        ] GC(217) PSYoungGen: 92042K(135680K)->0K(135680K) Eden: 92042K(96768K)->0K(96768K) From: 0K(38912K)->0K(38912K)
[276.827s][info][gc,heap        ] GC(217) ParOldGen: 319133K(328704K)->37888K(312320K)
[276.827s][info][gc,metaspace   ] GC(217) Metaspace: 1070K(1280K)->1070K(1280K) NonClass: 988K(1088K)->988K(1088K) Class: 81K(192K)->81K(192K)
[276.827s][info][gc             ] GC(217) Pause Full (Ergonomics) 401M->37M(437M) 5.450ms
[276.827s][info][gc,cpu         ] GC(217) User=0.00s Sys=0.00s Real=0.01s
[278.680s][info][gc,start       ] GC(218) Pause Young (Allocation Failure)
[278.681s][info][gc,heap        ] GC(218) PSYoungGen: 94092K(135680K)->15360K(137728K) Eden: 94092K(96768K)->0K(98816K) From: 0K(38912K)->15360K(38912K)
[278.681s][info][gc,heap        ] GC(218) ParOldGen: 37888K(312320K)->37888K(312320K)
[278.681s][info][gc,metaspace   ] GC(218) Metaspace: 1070K(1280K)->1070K(1280K) NonClass: 988K(1088K)->988K(1088K) Class: 81K(192K)->81K(192K)
[278.681s][info][gc             ] GC(218) Pause Young (Allocation Failure) 128M->52M(439M) 1.426ms
[278.681s][info][gc,cpu         ] GC(218) User=0.00s Sys=0.00s Real=0.00s
[279.553s][info][gc,start       ] GC(219) Pause Young (Allocation Failure)
[279.558s][info][gc,heap        ] GC(219) PSYoungGen: 110511K(137728K)->5120K(135680K) Eden: 95151K(98816K)->0K(98816K) From: 15360K(38912K)->5120K(36864K)
[279.558s][info][gc,heap        ] GC(219) ParOldGen: 140288K(312320K)->196608K(312320K)
[279.558s][info][gc,metaspace   ] GC(219) Metaspace: 1070K(1280K)->1070K(1280K) NonClass: 988K(1088K)->988K(1088K) Class: 81K(192K)->81K(192K)
[279.558s][info][gc             ] GC(219) Pause Young (Allocation Failure) 244M->197M(437M) 5.441ms
[279.558s][info][gc,cpu         ] GC(219) User=0.00s Sys=0.00s Real=0.00s
[280.416s][info][gc,start       ] GC(220) Pause Young (Allocation Failure)
[280.417s][info][gc,heap        ] GC(220) PSYoungGen: 68530K(135680K)->5120K(139264K) Eden: 63410K(98816K)->0K(103424K) From: 5120K(36864K)->5120K(35840K)
[280.417s][info][gc,heap        ] GC(220) ParOldGen: 247808K(349696K)->247808K(349696K)
[280.417s][info][gc,metaspace   ] GC(220) Metaspace: 1070K(1280K)->1070K(1280K) NonClass: 988K(1088K)->988K(1088K) Class: 81K(192K)->81K(192K)
[280.417s][info][gc             ] GC(220) Pause Young (Allocation Failure) 308M->247M(477M) 0.885ms
[280.417s][info][gc,cpu         ] GC(220) User=0.00s Sys=0.00s Real=0.00s
[280.524s][info][gc,start       ] GC(221) Pause Young (Allocation Failure)
[280.525s][info][gc,promotion   ] GC(221) Promotion failed
[280.525s][info][gc,heap        ] GC(221) PSYoungGen: 108544K(139264K)->108544K(139264K) Eden: 103424K(103424K)->103424K(103424K) From: 5120K(35840K)->5120K(35840K)
[280.525s][info][gc,heap        ] GC(221) ParOldGen: 247808K(349696K)->252928K(349696K)
[280.525s][info][gc,metaspace   ] GC(221) Metaspace: 1070K(1280K)->1070K(1280K) NonClass: 988K(1088K)->988K(1088K) Class: 81K(192K)->81K(192K)
[280.525s][info][gc             ] GC(221) Pause Young (Allocation Failure) 348M->353M(477M) 0.870ms
[280.525s][info][gc,cpu         ] GC(221) User=0.00s Sys=0.00s Real=0.00s
[280.525s][info][gc,start       ] GC(222) Pause Full (Ergonomics)
[280.525s][info][gc,phases,start] GC(222) Marking Phase
[280.526s][info][gc,phases      ] GC(222) Marking Phase 1.285ms
[280.526s][info][gc,phases,start] GC(222) Summary Phase
[280.526s][info][gc,phases      ] GC(222) Summary Phase 0.014ms
[280.526s][info][gc,phases,start] GC(222) Adjust Roots
[280.526s][info][gc,phases      ] GC(222) Adjust Roots 0.199ms
[280.526s][info][gc,phases,start] GC(222) Compaction Phase
[280.538s][info][gc,phases      ] GC(222) Compaction Phase 11.524ms
[280.538s][info][gc,phases,start] GC(222) Post Compact
[280.538s][info][gc,phases      ] GC(222) Post Compact 0.465ms
[280.538s][info][gc,heap        ] GC(222) PSYoungGen: 108544K(139264K)->0K(138752K) Eden: 103424K(103424K)->0K(103424K) From: 5120K(35840K)->0K(35328K)
[280.538s][info][gc,heap        ] GC(222) ParOldGen: 252928K(349696K)->165533K(349696K)
[280.538s][info][gc,metaspace   ] GC(222) Metaspace: 1070K(1280K)->1070K(1280K) NonClass: 988K(1088K)->988K(1088K) Class: 81K(192K)->81K(192K)
[280.538s][info][gc             ] GC(222) Pause Full (Ergonomics) 353M->161M(477M) 13.665ms
[280.538s][info][gc,cpu         ] GC(222) User=0.00s Sys=0.00s Real=0.01s
[283.017s][info][gc,start       ] GC(223) Pause Full (Ergonomics)
[283.017s][info][gc,phases,start] GC(223) Marking Phase
[283.019s][info][gc,phases      ] GC(223) Marking Phase 1.379ms
[283.019s][info][gc,phases,start] GC(223) Summary Phase
[283.019s][info][gc,phases      ] GC(223) Summary Phase 0.013ms
[283.019s][info][gc,phases,start] GC(223) Adjust Roots
[283.019s][info][gc,phases      ] GC(223) Adjust Roots 0.191ms
[283.019s][info][gc,phases,start] GC(223) Compaction Phase
[283.020s][info][gc,phases      ] GC(223) Compaction Phase 1.043ms
[283.020s][info][gc,phases,start] GC(223) Post Compact
[283.021s][info][gc,phases      ] GC(223) Post Compact 0.420ms
[283.022s][info][gc,heap        ] GC(223) PSYoungGen: 82965K(138752K)->0K(139264K) Eden: 82965K(103424K)->0K(103936K) From: 0K(35328K)->0K(35328K)
[283.022s][info][gc,heap        ] GC(223) ParOldGen: 267933K(349696K)->18432K(287744K)
[283.022s][info][gc,metaspace   ] GC(223) Metaspace: 1070K(1280K)->1070K(1280K) NonClass: 988K(1088K)->988K(1088K) Class: 81K(192K)->81K(192K)
[283.022s][info][gc             ] GC(223) Pause Full (Ergonomics) 342M->18M(417M) 4.697ms
[283.022s][info][gc,cpu         ] GC(223) User=0.00s Sys=0.00s Real=0.00s
[284.093s][info][gc,start       ] GC(224) Pause Young (Allocation Failure)
[284.094s][info][gc,heap        ] GC(224) PSYoungGen: 101424K(139264K)->6144K(139264K) Eden: 101424K(103936K)->0K(103936K) From: 0K(35328K)->6144K(35328K)
[284.094s][info][gc,heap        ] GC(224) ParOldGen: 120832K(287744K)->120832K(287744K)
[284.094s][info][gc,metaspace   ] GC(224) Metaspace: 1070K(1280K)->1070K(1280K) NonClass: 988K(1088K)->988K(1088K) Class: 81K(192K)->81K(192K)
[284.094s][info][gc             ] GC(224) Pause Young (Allocation Failure) 217M->124M(417M) 0.978ms
[284.094s][info][gc,cpu         ] GC(224) User=0.00s Sys=0.00s Real=0.00s
[284.957s][info][gc,start       ] GC(225) Pause Full (Ergonomics)
[284.957s][info][gc,phases,start] GC(225) Marking Phase
[284.959s][info][gc,phases      ] GC(225) Marking Phase 1.325ms
[284.959s][info][gc,phases,start] GC(225) Summary Phase
[284.959s][info][gc,phases      ] GC(225) Summary Phase 0.013ms
[284.959s][info][gc,phases,start] GC(225) Adjust Roots
[284.959s][info][gc,phases      ] GC(225) Adjust Roots 0.269ms
[284.959s][info][gc,phases,start] GC(225) Compaction Phase
[284.960s][info][gc,phases      ] GC(225) Compaction Phase 0.906ms
[284.960s][info][gc,phases,start] GC(225) Post Compact
[284.960s][info][gc,phases      ] GC(225) Post Compact 0.395ms
[284.961s][info][gc,heap        ] GC(225) PSYoungGen: 105498K(139264K)->0K(140288K) Eden: 99354K(103936K)->0K(105984K) From: 6144K(35328K)->0K(34304K)
[284.961s][info][gc,heap        ] GC(225) ParOldGen: 223232K(287744K)->20480K(282624K)
[284.961s][info][gc,metaspace   ] GC(225) Metaspace: 1070K(1280K)->1070K(1280K) NonClass: 988K(1088K)->988K(1088K) Class: 81K(192K)->81K(192K)
[284.961s][info][gc             ] GC(225) Pause Full (Ergonomics) 321M->20M(413M) 3.398ms
[284.961s][info][gc,cpu         ] GC(225) User=0.00s Sys=0.00s Real=0.00s
[286.465s][info][gc,start       ] GC(226) Pause Young (Allocation Failure)
[286.467s][info][gc,heap        ] GC(226) PSYoungGen: 104517K(140288K)->15360K(140288K) Eden: 104517K(105984K)->0K(105984K) From: 0K(34304K)->15360K(34304K)
[286.467s][info][gc,heap        ] GC(226) ParOldGen: 122880K(282624K)->122880K(282624K)
[286.467s][info][gc,metaspace   ] GC(226) Metaspace: 1070K(1280K)->1070K(1280K) NonClass: 988K(1088K)->988K(1088K) Class: 81K(192K)->81K(192K)
[286.467s][info][gc             ] GC(226) Pause Young (Allocation Failure) 222M->135M(413M) 1.675ms
[286.467s][info][gc,cpu         ] GC(226) User=0.02s Sys=0.00s Real=0.00s
[287.335s][info][gc,start       ] GC(227) Pause Young (Allocation Failure)
[287.338s][info][gc,heap        ] GC(227) PSYoungGen: 84038K(140288K)->25600K(136192K) Eden: 68678K(105984K)->0K(102912K) From: 15360K(34304K)->25600K(33280K)
[287.338s][info][gc,heap        ] GC(227) ParOldGen: 122880K(282624K)->153600K(282624K)
[287.338s][info][gc,metaspace   ] GC(227) Metaspace: 1070K(1280K)->1070K(1280K) NonClass: 988K(1088K)->988K(1088K) Class: 81K(192K)->81K(192K)
[287.338s][info][gc             ] GC(227) Pause Young (Allocation Failure) 202M->175M(409M) 3.056ms
[287.338s][info][gc,cpu         ] GC(227) User=0.00s Sys=0.00s Real=0.00s
[288.519s][info][gc,start       ] GC(228) Pause Full (Ergonomics)
[288.519s][info][gc,phases,start] GC(228) Marking Phase
[288.521s][info][gc,phases      ] GC(228) Marking Phase 1.386ms
[288.521s][info][gc,phases,start] GC(228) Summary Phase
[288.521s][info][gc,phases      ] GC(228) Summary Phase 0.015ms
[288.521s][info][gc,phases,start] GC(228) Adjust Roots
[288.521s][info][gc,phases      ] GC(228) Adjust Roots 0.259ms
[288.521s][info][gc,phases,start] GC(228) Compaction Phase
[288.525s][info][gc,phases      ] GC(228) Compaction Phase 3.942ms
[288.525s][info][gc,phases,start] GC(228) Post Compact
[288.525s][info][gc,phases      ] GC(228) Post Compact 0.441ms
[288.526s][info][gc,heap        ] GC(228) PSYoungGen: 121873K(136192K)->0K(138752K) Eden: 96273K(102912K)->0K(102912K) From: 25600K(33280K)->0K(35840K)
[288.526s][info][gc,heap        ] GC(228) ParOldGen: 256000K(282624K)->53248K(308736K)
[288.526s][info][gc,metaspace   ] GC(228) Metaspace: 1070K(1280K)->1070K(1280K) NonClass: 988K(1088K)->988K(1088K) Class: 81K(192K)->81K(192K)
[288.526s][info][gc             ] GC(228) Pause Full (Ergonomics) 369M->52M(437M) 6.317ms
[288.526s][info][gc,cpu         ] GC(228) User=0.00s Sys=0.00s Real=0.01s
[289.708s][info][gc,start       ] GC(229) Pause Young (Allocation Failure)
[289.709s][info][gc,heap        ] GC(229) PSYoungGen: 99337K(138752K)->10240K(140288K) Eden: 99337K(102912K)->0K(104448K) From: 0K(35840K)->10240K(35840K)
[289.709s][info][gc,heap        ] GC(229) ParOldGen: 53248K(308736K)->53248K(308736K)
[289.709s][info][gc,metaspace   ] GC(229) Metaspace: 1070K(1280K)->1070K(1280K) NonClass: 988K(1088K)->988K(1088K) Class: 81K(192K)->81K(192K)
[289.709s][info][gc             ] GC(229) Pause Young (Allocation Failure) 149M->62M(438M) 1.049ms
[289.709s][info][gc,cpu         ] GC(229) User=0.00s Sys=0.00s Real=0.00s
[290.574s][info][gc,start       ] GC(230) Pause Young (Allocation Failure)
[290.574s][info][gc,heap        ] GC(230) PSYoungGen: 109608K(140288K)->1024K(138752K) Eden: 99368K(104448K)->0K(104448K) From: 10240K(35840K)->1024K(34304K)
[290.574s][info][gc,heap        ] GC(230) ParOldGen: 155648K(308736K)->160768K(308736K)
[290.574s][info][gc,metaspace   ] GC(230) Metaspace: 1070K(1280K)->1070K(1280K) NonClass: 988K(1088K)->988K(1088K) Class: 81K(192K)->81K(192K)
[290.574s][info][gc             ] GC(230) Pause Young (Allocation Failure) 259M->158M(437M) 0.865ms
[290.574s][info][gc,cpu         ] GC(230) User=0.00s Sys=0.00s Real=0.00s
[291.539s][info][gc,start       ] GC(231) Pause Young (Allocation Failure)
[291.542s][info][gc,heap        ] GC(231) PSYoungGen: 74792K(138752K)->25600K(134144K) Eden: 73768K(104448K)->0K(99840K) From: 1024K(34304K)->25600K(34304K)
[291.542s][info][gc,heap        ] GC(231) ParOldGen: 160768K(308736K)->160768K(308736K)
[291.542s][info][gc,metaspace   ] GC(231) Metaspace: 1070K(1280K)->1070K(1280K) NonClass: 988K(1088K)->988K(1088K) Class: 81K(192K)->81K(192K)
[291.542s][info][gc             ] GC(231) Pause Young (Allocation Failure) 230M->182M(432M) 2.728ms
[291.542s][info][gc,cpu         ] GC(231) User=0.00s Sys=0.00s Real=0.00s
[293.586s][info][gc,start       ] GC(232) Pause Full (Ergonomics)
[293.586s][info][gc,phases,start] GC(232) Marking Phase
[293.588s][info][gc,phases      ] GC(232) Marking Phase 1.338ms
[293.588s][info][gc,phases,start] GC(232) Summary Phase
[293.588s][info][gc,phases      ] GC(232) Summary Phase 0.017ms
[293.588s][info][gc,phases,start] GC(232) Adjust Roots
[293.588s][info][gc,phases      ] GC(232) Adjust Roots 0.277ms
[293.588s][info][gc,phases,start] GC(232) Compaction Phase
[293.589s][info][gc,phases      ] GC(232) Compaction Phase 0.794ms
[293.589s][info][gc,phases,start] GC(232) Post Compact
[293.590s][info][gc,phases      ] GC(232) Post Compact 0.824ms
[293.592s][info][gc,heap        ] GC(232) PSYoungGen: 122828K(134144K)->0K(137216K) Eden: 97228K(99840K)->0K(99840K) From: 25600K(34304K)->0K(37376K)
[293.592s][info][gc,heap        ] GC(232) ParOldGen: 263168K(308736K)->8192K(249856K)
[293.592s][info][gc,metaspace   ] GC(232) Metaspace: 1070K(1280K)->1070K(1280K) NonClass: 988K(1088K)->988K(1088K) Class: 81K(192K)->81K(192K)
[293.592s][info][gc             ] GC(232) Pause Full (Ergonomics) 376M->8M(378M) 5.505ms
[293.592s][info][gc,cpu         ] GC(232) User=0.00s Sys=0.00s Real=0.01s
[295.424s][info][gc,start       ] GC(233) Pause Young (Allocation Failure)
[295.426s][info][gc,heap        ] GC(233) PSYoungGen: 95180K(137216K)->20480K(137216K) Eden: 95180K(99840K)->0K(99840K) From: 0K(37376K)->20480K(37376K)
[295.426s][info][gc,heap        ] GC(233) ParOldGen: 161792K(249856K)->161792K(249856K)
[295.426s][info][gc,metaspace   ] GC(233) Metaspace: 1070K(1280K)->1070K(1280K) NonClass: 988K(1088K)->988K(1088K) Class: 81K(192K)->81K(192K)
[295.426s][info][gc             ] GC(233) Pause Young (Allocation Failure) 250M->178M(378M) 2.259ms
[295.426s][info][gc,cpu         ] GC(233) User=0.00s Sys=0.00s Real=0.00s
[296.182s][info][gc,start       ] GC(234) Pause Young (Allocation Failure)
[296.186s][info][gc,heap        ] GC(234) PSYoungGen: 115660K(137216K)->11264K(137216K) Eden: 95180K(99840K)->0K(99840K) From: 20480K(37376K)->11264K(37376K)
[296.186s][info][gc,heap        ] GC(234) ParOldGen: 264192K(349696K)->279552K(349696K)
[296.186s][info][gc,metaspace   ] GC(234) Metaspace: 1070K(1280K)->1070K(1280K) NonClass: 988K(1088K)->988K(1088K) Class: 81K(192K)->81K(192K)
[296.186s][info][gc             ] GC(234) Pause Young (Allocation Failure) 370M->284M(475M) 3.960ms
[296.186s][info][gc,cpu         ] GC(234) User=0.00s Sys=0.00s Real=0.00s
[296.186s][info][gc,start       ] GC(235) Pause Full (Ergonomics)
[296.186s][info][gc,phases,start] GC(235) Marking Phase
[296.188s][info][gc,phases      ] GC(235) Marking Phase 1.392ms
[296.188s][info][gc,phases,start] GC(235) Summary Phase
[296.188s][info][gc,phases      ] GC(235) Summary Phase 0.026ms
[296.188s][info][gc,phases,start] GC(235) Adjust Roots
[296.188s][info][gc,phases      ] GC(235) Adjust Roots 0.243ms
[296.188s][info][gc,phases,start] GC(235) Compaction Phase
[296.190s][info][gc,phases      ] GC(235) Compaction Phase 1.837ms
[296.190s][info][gc,phases,start] GC(235) Post Compact
[296.191s][info][gc,phases      ] GC(235) Post Compact 0.452ms
[296.192s][info][gc,heap        ] GC(235) PSYoungGen: 11264K(137216K)->0K(138752K) Eden: 0K(99840K)->0K(102912K) From: 11264K(37376K)->0K(35840K)
[296.192s][info][gc,heap        ] GC(235) ParOldGen: 279552K(349696K)->29696K(261120K)
[296.192s][info][gc,metaspace   ] GC(235) Metaspace: 1070K(1280K)->1070K(1280K) NonClass: 988K(1088K)->988K(1088K) Class: 81K(192K)->81K(192K)
[296.192s][info][gc             ] GC(235) Pause Full (Ergonomics) 284M->29M(390M) 5.562ms
[296.192s][info][gc,cpu         ] GC(235) User=0.00s Sys=0.00s Real=0.01s
[297.716s][info][gc,start       ] GC(236) Pause Young (Allocation Failure)
[297.719s][info][gc,heap        ] GC(236) PSYoungGen: 101396K(138752K)->25600K(127488K) Eden: 101396K(102912K)->0K(101376K) From: 0K(35840K)->25600K(26112K)
[297.719s][info][gc,heap        ] GC(236) ParOldGen: 132096K(261120K)->132096K(261120K)
[297.719s][info][gc,metaspace   ] GC(236) Metaspace: 1070K(1280K)->1070K(1280K) NonClass: 988K(1088K)->988K(1088K) Class: 81K(192K)->81K(192K)
[297.719s][info][gc             ] GC(236) Pause Young (Allocation Failure) 228M->154M(379M) 2.439ms
[297.719s][info][gc,cpu         ] GC(236) User=0.00s Sys=0.00s Real=0.00s
[299.697s][info][gc,start       ] GC(237) Pause Full (Ergonomics)
[299.698s][info][gc,phases,start] GC(237) Marking Phase
[299.699s][info][gc,phases      ] GC(237) Marking Phase 1.343ms
[299.699s][info][gc,phases,start] GC(237) Summary Phase
[299.699s][info][gc,phases      ] GC(237) Summary Phase 0.022ms
[299.699s][info][gc,phases,start] GC(237) Adjust Roots
[299.699s][info][gc,phases      ] GC(237) Adjust Roots 0.241ms
[299.699s][info][gc,phases,start] GC(237) Compaction Phase
[299.705s][info][gc,phases      ] GC(237) Compaction Phase 5.930ms
[299.705s][info][gc,phases,start] GC(237) Post Compact
[299.706s][info][gc,phases      ] GC(237) Post Compact 0.522ms
[299.706s][info][gc,heap        ] GC(237) PSYoungGen: 125931K(127488K)->0K(136704K) Eden: 100331K(101376K)->0K(98816K) From: 25600K(26112K)->0K(37888K)
[299.706s][info][gc,heap        ] GC(237) ParOldGen: 285696K(349696K)->88733K(314368K)
[299.706s][info][gc,metaspace   ] GC(237) Metaspace: 1070K(1280K)->1070K(1280K) NonClass: 988K(1088K)->988K(1088K) Class: 81K(192K)->81K(192K)
[299.706s][info][gc             ] GC(237) Pause Full (Ergonomics) 401M->86M(440M) 8.465ms
[299.706s][info][gc,cpu         ] GC(237) User=0.00s Sys=0.00s Real=0.01s
[300.786s][info][gc,start       ] GC(238) Pause Young (Allocation Failure)
[300.787s][info][gc,heap        ] GC(238) PSYoungGen: 94136K(136704K)->0K(136704K) Eden: 94136K(98816K)->0K(98816K) From: 0K(37888K)->0K(37888K)
[300.787s][info][gc,heap        ] GC(238) ParOldGen: 191133K(314368K)->191133K(314368K)
[300.787s][info][gc,metaspace   ] GC(238) Metaspace: 1070K(1280K)->1070K(1280K) NonClass: 988K(1088K)->988K(1088K) Class: 81K(192K)->81K(192K)
[300.787s][info][gc             ] GC(238) Pause Young (Allocation Failure) 278M->186M(440M) 0.504ms
[300.787s][info][gc,cpu         ] GC(238) User=0.00s Sys=0.00s Real=0.00s
[302.544s][info][gc,start       ] GC(239) Pause Full (Ergonomics)
[302.544s][info][gc,phases,start] GC(239) Marking Phase
[302.545s][info][gc,phases      ] GC(239) Marking Phase 1.334ms
[302.545s][info][gc,phases,start] GC(239) Summary Phase
[302.545s][info][gc,phases      ] GC(239) Summary Phase 0.013ms
[302.545s][info][gc,phases,start] GC(239) Adjust Roots
[302.546s][info][gc,phases      ] GC(239) Adjust Roots 0.298ms
[302.546s][info][gc,phases,start] GC(239) Compaction Phase
[302.547s][info][gc,phases      ] GC(239) Compaction Phase 0.960ms
[302.547s][info][gc,phases,start] GC(239) Post Compact
[302.547s][info][gc,phases      ] GC(239) Post Compact 0.581ms
[302.553s][info][gc,heap        ] GC(239) PSYoungGen: 90040K(136704K)->0K(136704K) Eden: 90040K(98816K)->0K(98816K) From: 0K(37888K)->0K(37888K)
[302.553s][info][gc,heap        ] GC(239) ParOldGen: 344733K(349696K)->13312K(233472K)
[302.553s][info][gc,metaspace   ] GC(239) Metaspace: 1070K(1280K)->1070K(1280K) NonClass: 988K(1088K)->988K(1088K) Class: 81K(192K)->81K(192K)
[302.553s][info][gc             ] GC(239) Pause Full (Ergonomics) 424M->13M(361M) 9.090ms
[302.553s][info][gc,cpu         ] GC(239) User=0.00s Sys=0.00s Real=0.01s
[303.307s][info][gc,start       ] GC(240) Pause Young (Allocation Failure)
[303.308s][info][gc,heap        ] GC(240) PSYoungGen: 95160K(136704K)->2048K(136704K) Eden: 95160K(98816K)->0K(98816K) From: 0K(37888K)->2048K(37888K)
[303.308s][info][gc,heap        ] GC(240) ParOldGen: 115712K(233472K)->115712K(233472K)
[303.308s][info][gc,metaspace   ] GC(240) Metaspace: 1070K(1280K)->1070K(1280K) NonClass: 988K(1088K)->988K(1088K) Class: 81K(192K)->81K(192K)
[303.308s][info][gc             ] GC(240) Pause Young (Allocation Failure) 205M->115M(361M) 0.490ms
[303.308s][info][gc,cpu         ] GC(240) User=0.00s Sys=0.00s Real=0.00s
[305.595s][info][gc,start       ] GC(241) Pause Young (Allocation Failure)
[305.597s][info][gc,heap        ] GC(241) PSYoungGen: 96184K(136704K)->25600K(132608K) Eden: 94136K(98816K)->0K(94720K) From: 2048K(37888K)->25600K(37888K)
[305.597s][info][gc,heap        ] GC(241) ParOldGen: 115712K(233472K)->115712K(233472K)
[305.597s][info][gc,metaspace   ] GC(241) Metaspace: 1070K(1280K)->1070K(1280K) NonClass: 988K(1088K)->988K(1088K) Class: 81K(192K)->81K(192K)
[305.597s][info][gc             ] GC(241) Pause Young (Allocation Failure) 206M->138M(357M) 1.636ms
[305.597s][info][gc,cpu         ] GC(241) User=0.00s Sys=0.00s Real=0.00s
[306.467s][info][gc,start       ] GC(242) Pause Full (Ergonomics)
[306.467s][info][gc,phases,start] GC(242) Marking Phase
[306.469s][info][gc,phases      ] GC(242) Marking Phase 1.323ms
[306.469s][info][gc,phases,start] GC(242) Summary Phase
[306.469s][info][gc,phases      ] GC(242) Summary Phase 0.014ms
[306.469s][info][gc,phases,start] GC(242) Adjust Roots
[306.469s][info][gc,phases      ] GC(242) Adjust Roots 0.257ms
[306.469s][info][gc,phases,start] GC(242) Compaction Phase
[306.471s][info][gc,phases      ] GC(242) Compaction Phase 1.636ms
[306.471s][info][gc,phases,start] GC(242) Post Compact
[306.471s][info][gc,phases      ] GC(242) Post Compact 0.395ms
[306.471s][info][gc,heap        ] GC(242) PSYoungGen: 115551K(132608K)->0K(134656K) Eden: 89951K(94720K)->0K(94720K) From: 25600K(37888K)->0K(39936K)
[306.471s][info][gc,heap        ] GC(242) ParOldGen: 218112K(233472K)->27648K(241664K)
[306.471s][info][gc,metaspace   ] GC(242) Metaspace: 1070K(1280K)->1070K(1280K) NonClass: 988K(1088K)->988K(1088K) Class: 81K(192K)->81K(192K)
[306.471s][info][gc             ] GC(242) Pause Full (Ergonomics) 325M->27M(367M) 3.847ms
[306.471s][info][gc,cpu         ] GC(242) User=0.00s Sys=0.00s Real=0.00s
[308.429s][info][gc,start       ] GC(243) Pause Full (Ergonomics)
[308.429s][info][gc,phases,start] GC(243) Marking Phase
[308.431s][info][gc,phases      ] GC(243) Marking Phase 1.411ms
[308.431s][info][gc,phases,start] GC(243) Summary Phase
[308.431s][info][gc,phases      ] GC(243) Summary Phase 0.012ms
[308.431s][info][gc,phases,start] GC(243) Adjust Roots
[308.431s][info][gc,phases      ] GC(243) Adjust Roots 0.226ms
[308.431s][info][gc,phases,start] GC(243) Compaction Phase
[308.432s][info][gc,phases      ] GC(243) Compaction Phase 0.542ms
[308.432s][info][gc,phases,start] GC(243) Post Compact
[308.432s][info][gc,phases      ] GC(243) Post Compact 0.306ms
[308.433s][info][gc,heap        ] GC(243) PSYoungGen: 74594K(134656K)->0K(134656K) Eden: 74594K(94720K)->0K(94720K) From: 0K(39936K)->0K(39936K)
[308.433s][info][gc,heap        ] GC(243) ParOldGen: 181248K(241664K)->7168K(217088K)
[308.433s][info][gc,metaspace   ] GC(243) Metaspace: 1070K(1280K)->1070K(1280K) NonClass: 988K(1088K)->988K(1088K) Class: 81K(192K)->81K(192K)
[308.433s][info][gc             ] GC(243) Pause Full (Ergonomics) 249M->7M(343M) 3.558ms
[308.433s][info][gc,cpu         ] GC(243) User=0.00s Sys=0.00s Real=0.00s
[309.302s][info][gc,start       ] GC(244) Pause Young (Allocation Failure)
[309.306s][info][gc,heap        ] GC(244) PSYoungGen: 89955K(134656K)->5120K(134656K) Eden: 89955K(94720K)->0K(94720K) From: 0K(39936K)->5120K(39936K)
[309.307s][info][gc,heap        ] GC(244) ParOldGen: 109568K(217088K)->160768K(217088K)
[309.307s][info][gc,metaspace   ] GC(244) Metaspace: 1070K(1280K)->1070K(1280K) NonClass: 988K(1088K)->988K(1088K) Class: 81K(192K)->81K(192K)
[309.307s][info][gc             ] GC(244) Pause Young (Allocation Failure) 194M->162M(343M) 4.795ms
[309.307s][info][gc,cpu         ] GC(244) User=0.00s Sys=0.00s Real=0.00s
[309.307s][info][gc,start       ] GC(245) Pause Full (Ergonomics)
[309.307s][info][gc,phases,start] GC(245) Marking Phase
[309.308s][info][gc,phases      ] GC(245) Marking Phase 1.399ms
[309.308s][info][gc,phases,start] GC(245) Summary Phase
[309.308s][info][gc,phases      ] GC(245) Summary Phase 0.012ms
[309.308s][info][gc,phases,start] GC(245) Adjust Roots
[309.308s][info][gc,phases      ] GC(245) Adjust Roots 0.217ms
[309.308s][info][gc,phases,start] GC(245) Compaction Phase
[309.312s][info][gc,phases      ] GC(245) Compaction Phase 3.615ms
[309.312s][info][gc,phases,start] GC(245) Post Compact
[309.312s][info][gc,phases      ] GC(245) Post Compact 0.218ms
[309.312s][info][gc,heap        ] GC(245) PSYoungGen: 5120K(134656K)->0K(135680K) Eden: 0K(94720K)->0K(96768K) From: 5120K(39936K)->0K(38912K)
[309.312s][info][gc,heap        ] GC(245) ParOldGen: 160768K(217088K)->58013K(274432K)
[309.312s][info][gc,metaspace   ] GC(245) Metaspace: 1070K(1280K)->1070K(1280K) NonClass: 988K(1088K)->988K(1088K) Class: 81K(192K)->81K(192K)
[309.312s][info][gc             ] GC(245) Pause Full (Ergonomics) 162M->56M(400M) 5.738ms
[309.312s][info][gc,cpu         ] GC(245) User=0.02s Sys=0.00s Real=0.01s
[311.063s][info][gc,start       ] GC(246) Pause Full (Ergonomics)
[311.063s][info][gc,phases,start] GC(246) Marking Phase
[311.065s][info][gc,phases      ] GC(246) Marking Phase 1.395ms
[311.065s][info][gc,phases,start] GC(246) Summary Phase
[311.065s][info][gc,phases      ] GC(246) Summary Phase 0.013ms
[311.065s][info][gc,phases,start] GC(246) Adjust Roots
[311.065s][info][gc,phases      ] GC(246) Adjust Roots 0.198ms
[311.065s][info][gc,phases,start] GC(246) Compaction Phase
[311.072s][info][gc,phases      ] GC(246) Compaction Phase 7.604ms
[311.073s][info][gc,phases,start] GC(246) Post Compact
[311.073s][info][gc,phases      ] GC(246) Post Compact 0.367ms
[311.073s][info][gc,heap        ] GC(246) PSYoungGen: 89997K(135680K)->0K(135680K) Eden: 89997K(96768K)->0K(96768K) From: 0K(38912K)->0K(38912K)
[311.073s][info][gc,heap        ] GC(246) ParOldGen: 211613K(274432K)->170653K(349696K)
[311.073s][info][gc,metaspace   ] GC(246) Metaspace: 1070K(1280K)->1070K(1280K) NonClass: 988K(1088K)->988K(1088K) Class: 81K(192K)->81K(192K)
[311.073s][info][gc             ] GC(246) Pause Full (Ergonomics) 294M->166M(474M) 9.933ms
[311.073s][info][gc,cpu         ] GC(246) User=0.00s Sys=0.00s Real=0.01s
[312.297s][info][gc,start       ] GC(247) Pause Full (Ergonomics)
[312.297s][info][gc,phases,start] GC(247) Marking Phase
[312.299s][info][gc,phases      ] GC(247) Marking Phase 1.403ms
[312.299s][info][gc,phases,start] GC(247) Summary Phase
[312.299s][info][gc,phases      ] GC(247) Summary Phase 0.013ms
[312.299s][info][gc,phases,start] GC(247) Adjust Roots
[312.299s][info][gc,phases      ] GC(247) Adjust Roots 0.241ms
[312.299s][info][gc,phases,start] GC(247) Compaction Phase
[312.300s][info][gc,phases      ] GC(247) Compaction Phase 0.662ms
[312.300s][info][gc,phases,start] GC(247) Post Compact
[312.300s][info][gc,phases      ] GC(247) Post Compact 0.440ms
[312.303s][info][gc,heap        ] GC(247) PSYoungGen: 94094K(135680K)->0K(135680K) Eden: 94094K(96768K)->0K(96768K) From: 0K(38912K)->0K(38912K)
[312.303s][info][gc,heap        ] GC(247) ParOldGen: 273053K(349696K)->3072K(211968K)
[312.303s][info][gc,metaspace   ] GC(247) Metaspace: 1070K(1280K)->1070K(1280K) NonClass: 988K(1088K)->988K(1088K) Class: 81K(192K)->81K(192K)
[312.303s][info][gc             ] GC(247) Pause Full (Ergonomics) 358M->3M(339M) 6.290ms
[312.303s][info][gc,cpu         ] GC(247) User=0.00s Sys=0.00s Real=0.01s
[314.040s][info][gc,start       ] GC(248) Pause Full (Ergonomics)
[314.040s][info][gc,phases,start] GC(248) Marking Phase
[314.042s][info][gc,phases      ] GC(248) Marking Phase 1.325ms
[314.042s][info][gc,phases,start] GC(248) Summary Phase
[314.042s][info][gc,phases      ] GC(248) Summary Phase 0.013ms
[314.042s][info][gc,phases,start] GC(248) Adjust Roots
[314.042s][info][gc,phases      ] GC(248) Adjust Roots 0.269ms
[314.042s][info][gc,phases,start] GC(248) Compaction Phase
[314.043s][info][gc,phases      ] GC(248) Compaction Phase 1.351ms
[314.043s][info][gc,phases,start] GC(248) Post Compact
[314.044s][info][gc,phases      ] GC(248) Post Compact 0.301ms
[314.044s][info][gc,heap        ] GC(248) PSYoungGen: 95118K(135680K)->0K(135680K) Eden: 95118K(96768K)->0K(96768K) From: 0K(38912K)->0K(38912K)
[314.044s][info][gc,heap        ] GC(248) ParOldGen: 156672K(211968K)->18432K(223744K)
[314.044s][info][gc,metaspace   ] GC(248) Metaspace: 1070K(1280K)->1070K(1280K) NonClass: 988K(1088K)->988K(1088K) Class: 81K(192K)->81K(192K)
[314.044s][info][gc             ] GC(248) Pause Full (Ergonomics) 245M->18M(351M) 3.486ms
[314.044s][info][gc,cpu         ] GC(248) User=0.00s Sys=0.00s Real=0.00s
[314.904s][info][gc,start       ] GC(249) Pause Young (Allocation Failure)
[314.905s][info][gc,heap        ] GC(249) PSYoungGen: 95118K(135680K)->10240K(137728K) Eden: 95118K(96768K)->0K(98816K) From: 0K(38912K)->10240K(38912K)
[314.905s][info][gc,heap        ] GC(249) ParOldGen: 120832K(223744K)->120832K(223744K)
[314.905s][info][gc,metaspace   ] GC(249) Metaspace: 1070K(1280K)->1070K(1280K) NonClass: 988K(1088K)->988K(1088K) Class: 81K(192K)->81K(192K)
[314.905s][info][gc             ] GC(249) Pause Young (Allocation Failure) 210M->128M(353M) 1.104ms
[314.905s][info][gc,cpu         ] GC(249) User=0.00s Sys=0.00s Real=0.00s
[316.972s][info][gc,start       ] GC(250) Pause Young (Allocation Failure)
[316.973s][info][gc,heap        ] GC(250) PSYoungGen: 104376K(137728K)->15360K(135680K) Eden: 94136K(98816K)->0K(98816K) From: 10240K(38912K)->15360K(36864K)
[316.973s][info][gc,heap        ] GC(250) ParOldGen: 120832K(223744K)->120832K(223744K)
[316.973s][info][gc,metaspace   ] GC(250) Metaspace: 1070K(1280K)->1070K(1280K) NonClass: 988K(1088K)->988K(1088K) Class: 81K(192K)->81K(192K)
[316.973s][info][gc             ] GC(250) Pause Young (Allocation Failure) 219M->133M(351M) 1.427ms
[316.973s][info][gc,cpu         ] GC(250) User=0.00s Sys=0.00s Real=0.00s
[317.954s][info][gc,start       ] GC(251) Pause Full (Ergonomics)
[317.955s][info][gc,phases,start] GC(251) Marking Phase
[317.956s][info][gc,phases      ] GC(251) Marking Phase 1.319ms
[317.956s][info][gc,phases,start] GC(251) Summary Phase
[317.956s][info][gc,phases      ] GC(251) Summary Phase 0.013ms
[317.956s][info][gc,phases,start] GC(251) Adjust Roots
[317.956s][info][gc,phases      ] GC(251) Adjust Roots 0.224ms
[317.956s][info][gc,phases,start] GC(251) Compaction Phase
[317.958s][info][gc,phases      ] GC(251) Compaction Phase 2.306ms
[317.958s][info][gc,phases,start] GC(251) Post Compact
[317.959s][info][gc,phases      ] GC(251) Post Compact 0.445ms
[317.959s][info][gc,heap        ] GC(251) PSYoungGen: 110513K(135680K)->0K(139264K) Eden: 95153K(98816K)->0K(103936K) From: 15360K(36864K)->0K(35328K)
[317.959s][info][gc,heap        ] GC(251) ParOldGen: 223232K(223744K)->37888K(238080K)
[317.959s][info][gc,metaspace   ] GC(251) Metaspace: 1070K(1280K)->1070K(1280K) NonClass: 988K(1088K)->988K(1088K) Class: 81K(192K)->81K(192K)
[317.959s][info][gc             ] GC(251) Pause Full (Ergonomics) 325M->37M(368M) 4.571ms
[317.959s][info][gc,cpu         ] GC(251) User=0.00s Sys=0.00s Real=0.00s
[318.502s][info][gc,start       ] GC(252) Pause Young (Allocation Failure)
[318.503s][info][gc,heap        ] GC(252) PSYoungGen: 53273K(139264K)->20480K(124928K) Eden: 53273K(103936K)->0K(103936K) From: 0K(35328K)->20480K(20992K)
[318.503s][info][gc,heap        ] GC(252) ParOldGen: 37888K(238080K)->37888K(238080K)
[318.503s][info][gc,metaspace   ] GC(252) Metaspace: 1070K(1280K)->1070K(1280K) NonClass: 988K(1088K)->988K(1088K) Class: 81K(192K)->81K(192K)
[318.503s][info][gc             ] GC(252) Pause Young (Allocation Failure) 89M->57M(354M) 1.929ms
[318.503s][info][gc,cpu         ] GC(252) User=0.00s Sys=0.00s Real=0.00s
[319.918s][info][gc,start       ] GC(253) Pause Young (Allocation Failure)
[319.919s][info][gc,heap        ] GC(253) PSYoungGen: 96282K(124928K)->5120K(139264K) Eden: 75802K(103936K)->0K(103424K) From: 20480K(20992K)->5120K(35840K)
[319.919s][info][gc,heap        ] GC(253) ParOldGen: 140288K(238080K)->140288K(238080K)
[319.919s][info][gc,metaspace   ] GC(253) Metaspace: 1070K(1280K)->1070K(1280K) NonClass: 988K(1088K)->988K(1088K) Class: 81K(192K)->81K(192K)
[319.919s][info][gc             ] GC(253) Pause Young (Allocation Failure) 231M->142M(368M) 0.808ms
[319.919s][info][gc,cpu         ] GC(253) User=0.00s Sys=0.00s Real=0.00s
[321.133s][info][gc,start       ] GC(254) Pause Young (Allocation Failure)
[321.135s][info][gc,heap        ] GC(254) PSYoungGen: 101394K(139264K)->15360K(138752K) Eden: 96274K(103424K)->0K(103424K) From: 5120K(35840K)->15360K(35328K)
[321.135s][info][gc,heap        ] GC(254) ParOldGen: 242688K(340992K)->242688K(340992K)
[321.135s][info][gc,metaspace   ] GC(254) Metaspace: 1070K(1280K)->1070K(1280K) NonClass: 988K(1088K)->988K(1088K) Class: 81K(192K)->81K(192K)
[321.135s][info][gc             ] GC(254) Pause Young (Allocation Failure) 336M->252M(468M) 1.491ms
[321.135s][info][gc,cpu         ] GC(254) User=0.00s Sys=0.00s Real=0.00s
[322.145s][info][gc,start       ] GC(255) Pause Full (Ergonomics)
[322.146s][info][gc,phases,start] GC(255) Marking Phase
[322.147s][info][gc,phases      ] GC(255) Marking Phase 1.359ms
[322.147s][info][gc,phases,start] GC(255) Summary Phase
[322.147s][info][gc,phases      ] GC(255) Summary Phase 0.015ms
[322.147s][info][gc,phases,start] GC(255) Adjust Roots
[322.147s][info][gc,phases      ] GC(255) Adjust Roots 0.263ms
[322.147s][info][gc,phases,start] GC(255) Compaction Phase
[322.154s][info][gc,phases      ] GC(255) Compaction Phase 7.169ms
[322.154s][info][gc,phases,start] GC(255) Post Compact
[322.155s][info][gc,phases      ] GC(255) Post Compact 0.558ms
[322.157s][info][gc,heap        ] GC(255) PSYoungGen: 116762K(138752K)->0K(140800K) Eden: 101402K(103424K)->0K(107008K) From: 15360K(35328K)->0K(33792K)
[322.157s][info][gc,heap        ] GC(255) ParOldGen: 345088K(349696K)->115357K(310272K)
[322.157s][info][gc,metaspace   ] GC(255) Metaspace: 1070K(1280K)->1070K(1280K) NonClass: 988K(1088K)->988K(1088K) Class: 81K(192K)->81K(192K)
[322.157s][info][gc             ] GC(255) Pause Full (Ergonomics) 451M->112M(440M) 11.317ms
[322.157s][info][gc,cpu         ] GC(255) User=0.02s Sys=0.00s Real=0.01s
[322.817s][info][gc,start       ] GC(256) Pause Young (Allocation Failure)
[322.820s][info][gc,heap        ] GC(256) PSYoungGen: 58455K(140800K)->25600K(131072K) Eden: 58455K(107008K)->0K(104960K) From: 0K(33792K)->25600K(26112K)
[322.820s][info][gc,heap        ] GC(256) ParOldGen: 115357K(310272K)->115357K(310272K)
[322.820s][info][gc,metaspace   ] GC(256) Metaspace: 1070K(1280K)->1070K(1280K) NonClass: 988K(1088K)->988K(1088K) Class: 81K(192K)->81K(192K)
[322.820s][info][gc             ] GC(256) Pause Young (Allocation Failure) 169M->137M(431M) 2.295ms
[322.820s][info][gc,cpu         ] GC(256) User=0.00s Sys=0.00s Real=0.00s
[324.231s][info][gc,start       ] GC(257) Pause Young (Allocation Failure)
[324.233s][info][gc,heap        ] GC(257) PSYoungGen: 124976K(131072K)->30720K(130048K) Eden: 99376K(104960K)->0K(93696K) From: 25600K(26112K)->30720K(36352K)
[324.233s][info][gc,heap        ] GC(257) ParOldGen: 217757K(310272K)->217757K(310272K)
[324.233s][info][gc,metaspace   ] GC(257) Metaspace: 1070K(1280K)->1070K(1280K) NonClass: 988K(1088K)->988K(1088K) Class: 81K(192K)->81K(192K)
[324.233s][info][gc             ] GC(257) Pause Young (Allocation Failure) 334M->242M(430M) 2.770ms
[324.233s][info][gc,cpu         ] GC(257) User=0.00s Sys=0.00s Real=0.00s
[325.311s][info][gc,start       ] GC(258) Pause Full (Ergonomics)
[325.311s][info][gc,phases,start] GC(258) Marking Phase
[325.312s][info][gc,phases      ] GC(258) Marking Phase 1.376ms
[325.312s][info][gc,phases,start] GC(258) Summary Phase
[325.312s][info][gc,phases      ] GC(258) Summary Phase 0.019ms
[325.312s][info][gc,phases,start] GC(258) Adjust Roots
[325.312s][info][gc,phases      ] GC(258) Adjust Roots 0.271ms
[325.312s][info][gc,phases,start] GC(258) Compaction Phase
[325.314s][info][gc,phases      ] GC(258) Compaction Phase 1.918ms
[325.314s][info][gc,phases,start] GC(258) Post Compact
[325.315s][info][gc,phases      ] GC(258) Post Compact 0.996ms
[325.321s][info][gc,heap        ] GC(258) PSYoungGen: 115536K(130048K)->0K(134144K) Eden: 84816K(93696K)->0K(93696K) From: 30720K(36352K)->0K(40448K)
[325.321s][info][gc,heap        ] GC(258) ParOldGen: 320157K(349696K)->22173K(212480K)
[325.321s][info][gc,metaspace   ] GC(258) Metaspace: 1070K(1280K)->1070K(1280K) NonClass: 988K(1088K)->988K(1088K) Class: 81K(192K)->81K(192K)
[325.321s][info][gc             ] GC(258) Pause Full (Ergonomics) 425M->21M(338M) 10.798ms
[325.321s][info][gc,cpu         ] GC(258) User=0.00s Sys=0.00s Real=0.01s
[326.832s][info][gc,start       ] GC(259) Pause Full (Ergonomics)
[326.832s][info][gc,phases,start] GC(259) Marking Phase
[326.833s][info][gc,phases      ] GC(259) Marking Phase 1.325ms
[326.834s][info][gc,phases,start] GC(259) Summary Phase
[326.834s][info][gc,phases      ] GC(259) Summary Phase 0.013ms
[326.834s][info][gc,phases,start] GC(259) Adjust Roots
[326.834s][info][gc,phases      ] GC(259) Adjust Roots 0.202ms
[326.834s][info][gc,phases,start] GC(259) Compaction Phase
[326.836s][info][gc,phases      ] GC(259) Compaction Phase 2.143ms
[326.836s][info][gc,phases,start] GC(259) Post Compact
[326.836s][info][gc,phases      ] GC(259) Post Compact 0.353ms
[326.836s][info][gc,heap        ] GC(259) PSYoungGen: 84816K(134144K)->0K(134144K) Eden: 84816K(93696K)->0K(93696K) From: 0K(40448K)->0K(40448K)
[326.836s][info][gc,heap        ] GC(259) ParOldGen: 175773K(212480K)->48128K(235520K)
[326.836s][info][gc,metaspace   ] GC(259) Metaspace: 1070K(1280K)->1070K(1280K) NonClass: 988K(1088K)->988K(1088K) Class: 81K(192K)->81K(192K)
[326.836s][info][gc             ] GC(259) Pause Full (Ergonomics) 254M->47M(361M) 4.355ms
[326.836s][info][gc,cpu         ] GC(259) User=0.00s Sys=0.00s Real=0.00s
[328.342s][info][gc,start       ] GC(260) Pause Young (Allocation Failure)
[328.344s][info][gc,heap        ] GC(260) PSYoungGen: 78673K(134144K)->15360K(134144K) Eden: 78673K(93696K)->0K(93696K) From: 0K(40448K)->15360K(40448K)
[328.344s][info][gc,heap        ] GC(260) ParOldGen: 48128K(235520K)->48128K(235520K)
[328.344s][info][gc,metaspace   ] GC(260) Metaspace: 1070K(1280K)->1070K(1280K) NonClass: 988K(1088K)->988K(1088K) Class: 81K(192K)->81K(192K)
[328.344s][info][gc             ] GC(260) Pause Young (Allocation Failure) 123M->62M(361M) 1.636ms
[328.344s][info][gc,cpu         ] GC(260) User=0.00s Sys=0.00s Real=0.00s
[329.203s][info][gc,start       ] GC(261) Pause Young (Allocation Failure)
[329.208s][info][gc,heap        ] GC(261) PSYoungGen: 105290K(134144K)->10240K(137728K) Eden: 89930K(93696K)->0K(99840K) From: 15360K(40448K)->10240K(37888K)
[329.208s][info][gc,heap        ] GC(261) ParOldGen: 150528K(235520K)->201728K(235520K)
[329.208s][info][gc,metaspace   ] GC(261) Metaspace: 1070K(1280K)->1070K(1280K) NonClass: 988K(1088K)->988K(1088K) Class: 81K(192K)->81K(192K)
[329.208s][info][gc             ] GC(261) Pause Young (Allocation Failure) 249M->207M(364M) 5.019ms
[329.208s][info][gc,cpu         ] GC(261) User=0.00s Sys=0.00s Real=0.01s
[329.208s][info][gc,start       ] GC(262) Pause Full (Ergonomics)
[329.208s][info][gc,phases,start] GC(262) Marking Phase
[329.209s][info][gc,phases      ] GC(262) Marking Phase 1.246ms
[329.209s][info][gc,phases,start] GC(262) Summary Phase
[329.209s][info][gc,phases      ] GC(262) Summary Phase 0.012ms
[329.209s][info][gc,phases,start] GC(262) Adjust Roots
[329.210s][info][gc,phases      ] GC(262) Adjust Roots 0.195ms
[329.210s][info][gc,phases,start] GC(262) Compaction Phase
[329.214s][info][gc,phases      ] GC(262) Compaction Phase 3.949ms
[329.214s][info][gc,phases,start] GC(262) Post Compact
[329.214s][info][gc,phases      ] GC(262) Post Compact 0.392ms
[329.214s][info][gc,heap        ] GC(262) PSYoungGen: 10240K(137728K)->0K(136704K) Eden: 0K(99840K)->0K(99840K) From: 10240K(37888K)->0K(36864K)
[329.214s][info][gc,heap        ] GC(262) ParOldGen: 201728K(235520K)->63133K(258048K)
[329.214s][info][gc,metaspace   ] GC(262) Metaspace: 1070K(1280K)->1070K(1280K) NonClass: 988K(1088K)->988K(1088K) Class: 81K(192K)->81K(192K)
[329.214s][info][gc             ] GC(262) Pause Full (Ergonomics) 207M->61M(385M) 6.018ms
[329.214s][info][gc,cpu         ] GC(262) User=0.00s Sys=0.00s Real=0.01s
[331.940s][info][gc,start       ] GC(263) Pause Full (Ergonomics)
[331.940s][info][gc,phases,start] GC(263) Marking Phase
[331.941s][info][gc,phases      ] GC(263) Marking Phase 1.319ms
[331.941s][info][gc,phases,start] GC(263) Summary Phase
[331.941s][info][gc,phases      ] GC(263) Summary Phase 0.013ms
[331.941s][info][gc,phases,start] GC(263) Adjust Roots
[331.941s][info][gc,phases      ] GC(263) Adjust Roots 0.200ms
[331.941s][info][gc,phases,start] GC(263) Compaction Phase
[331.942s][info][gc,phases      ] GC(263) Compaction Phase 0.513ms
[331.942s][info][gc,phases,start] GC(263) Post Compact
[331.942s][info][gc,phases      ] GC(263) Post Compact 0.486ms
[331.949s][info][gc,heap        ] GC(263) PSYoungGen: 97223K(136704K)->0K(137728K) Eden: 97223K(99840K)->0K(100864K) From: 0K(36864K)->0K(36864K)
[331.949s][info][gc,heap        ] GC(263) ParOldGen: 319133K(349696K)->8192K(200192K)
[331.949s][info][gc,metaspace   ] GC(263) Metaspace: 1070K(1280K)->1070K(1280K) NonClass: 988K(1088K)->988K(1088K) Class: 81K(192K)->81K(192K)
[331.949s][info][gc             ] GC(263) Pause Full (Ergonomics) 406M->8M(330M) 8.807ms
[331.949s][info][gc,cpu         ] GC(263) User=0.00s Sys=0.00s Real=0.01s
[333.785s][info][gc,start       ] GC(264) Pause Full (Ergonomics)
[333.785s][info][gc,phases,start] GC(264) Marking Phase
[333.786s][info][gc,phases      ] GC(264) Marking Phase 1.454ms
[333.786s][info][gc,phases,start] GC(264) Summary Phase
[333.786s][info][gc,phases      ] GC(264) Summary Phase 0.013ms
[333.786s][info][gc,phases,start] GC(264) Adjust Roots
[333.787s][info][gc,phases      ] GC(264) Adjust Roots 0.212ms
[333.787s][info][gc,phases,start] GC(264) Compaction Phase
[333.788s][info][gc,phases      ] GC(264) Compaction Phase 1.085ms
[333.788s][info][gc,phases,start] GC(264) Post Compact
[333.788s][info][gc,phases      ] GC(264) Post Compact 0.321ms
[333.788s][info][gc,heap        ] GC(264) PSYoungGen: 95198K(137728K)->0K(137728K) Eden: 95198K(100864K)->0K(100864K) From: 0K(36864K)->0K(36864K)
[333.788s][info][gc,heap        ] GC(264) ParOldGen: 161792K(200192K)->14336K(203776K)
[333.788s][info][gc,metaspace   ] GC(264) Metaspace: 1070K(1280K)->1070K(1280K) NonClass: 988K(1088K)->988K(1088K) Class: 81K(192K)->81K(192K)
[333.788s][info][gc             ] GC(264) Pause Full (Ergonomics) 250M->14M(333M) 3.333ms
[333.788s][info][gc,cpu         ] GC(264) User=0.00s Sys=0.00s Real=0.00s
[335.180s][info][gc,start       ] GC(265) Pause Young (Allocation Failure)
[335.180s][info][gc,heap        ] GC(265) PSYoungGen: 100319K(137728K)->5120K(138240K) Eden: 100319K(100864K)->0K(101376K) From: 0K(36864K)->5120K(36864K)
[335.180s][info][gc,heap        ] GC(265) ParOldGen: 116736K(203776K)->116736K(203776K)
[335.180s][info][gc,metaspace   ] GC(265) Metaspace: 1070K(1280K)->1070K(1280K) NonClass: 988K(1088K)->988K(1088K) Class: 81K(192K)->81K(192K)
[335.180s][info][gc             ] GC(265) Pause Young (Allocation Failure) 211M->119M(334M) 0.748ms
[335.180s][info][gc,cpu         ] GC(265) User=0.00s Sys=0.00s Real=0.00s
[336.059s][info][gc,start       ] GC(266) Pause Young (Allocation Failure)
[336.061s][info][gc,heap        ] GC(266) PSYoungGen: 105450K(138240K)->15360K(137728K) Eden: 100330K(101376K)->0K(101376K) From: 5120K(36864K)->15360K(36352K)
[336.061s][info][gc,heap        ] GC(266) ParOldGen: 219136K(306688K)->219136K(306688K)
[336.061s][info][gc,metaspace   ] GC(266) Metaspace: 1070K(1280K)->1070K(1280K) NonClass: 988K(1088K)->988K(1088K) Class: 81K(192K)->81K(192K)
[336.061s][info][gc             ] GC(266) Pause Young (Allocation Failure) 316M->229M(434M) 1.548ms
[336.061s][info][gc,cpu         ] GC(266) User=0.00s Sys=0.00s Real=0.00s
[337.043s][info][gc,start       ] GC(267) Pause Full (Ergonomics)
[337.043s][info][gc,phases,start] GC(267) Marking Phase
[337.044s][info][gc,phases      ] GC(267) Marking Phase 1.406ms
[337.044s][info][gc,phases,start] GC(267) Summary Phase
[337.044s][info][gc,phases      ] GC(267) Summary Phase 0.014ms
[337.044s][info][gc,phases,start] GC(267) Adjust Roots
[337.044s][info][gc,phases      ] GC(267) Adjust Roots 0.265ms
[337.044s][info][gc,phases,start] GC(267) Compaction Phase
[337.050s][info][gc,phases      ] GC(267) Compaction Phase 6.031ms
[337.050s][info][gc,phases,start] GC(267) Post Compact
[337.051s][info][gc,phases      ] GC(267) Post Compact 0.421ms
[337.051s][info][gc,heap        ] GC(267) PSYoungGen: 83946K(137728K)->0K(139776K) Eden: 68586K(101376K)->0K(104960K) From: 15360K(36352K)->0K(34816K)
[337.051s][info][gc,heap        ] GC(267) ParOldGen: 270336K(349696K)->88733K(273920K)
[337.051s][info][gc,metaspace   ] GC(267) Metaspace: 1070K(1280K)->1070K(1280K) NonClass: 988K(1088K)->988K(1088K) Class: 81K(192K)->81K(192K)
[337.051s][info][gc             ] GC(267) Pause Full (Ergonomics) 345M->86M(404M) 8.742ms
[337.051s][info][gc,cpu         ] GC(267) User=0.00s Sys=0.00s Real=0.01s
[337.380s][info][gc,start       ] GC(268) Pause Young (Allocation Failure)
[337.380s][info][gc,heap        ] GC(268) PSYoungGen: 104498K(139776K)->1024K(139776K) Eden: 104498K(104960K)->0K(104960K) From: 0K(34816K)->1024K(34816K)
[337.380s][info][gc,heap        ] GC(268) ParOldGen: 88733K(273920K)->88733K(273920K)
[337.380s][info][gc,metaspace   ] GC(268) Metaspace: 1070K(1280K)->1070K(1280K) NonClass: 988K(1088K)->988K(1088K) Class: 81K(192K)->81K(192K)
[337.380s][info][gc             ] GC(268) Pause Young (Allocation Failure) 188M->87M(404M) 0.415ms
[337.380s][info][gc,cpu         ] GC(268) User=0.00s Sys=0.00s Real=0.00s
[338.348s][info][gc,start       ] GC(269) Pause Young (Allocation Failure)
[338.350s][info][gc,heap        ] GC(269) PSYoungGen: 74788K(139776K)->25600K(134656K) Eden: 73764K(104960K)->0K(99840K) From: 1024K(34816K)->25600K(34816K)
[338.350s][info][gc,heap        ] GC(269) ParOldGen: 88733K(273920K)->88733K(273920K)
[338.350s][info][gc,metaspace   ] GC(269) Metaspace: 1070K(1280K)->1070K(1280K) NonClass: 988K(1088K)->988K(1088K) Class: 81K(192K)->81K(192K)
[338.350s][info][gc             ] GC(269) Pause Young (Allocation Failure) 159M->111M(399M) 2.145ms
[338.350s][info][gc,cpu         ] GC(269) User=0.00s Sys=0.00s Real=0.00s
[339.642s][info][gc,start       ] GC(270) Pause Young (Allocation Failure)
[339.643s][info][gc,heap        ] GC(270) PSYoungGen: 119747K(134656K)->15360K(137216K) Eden: 94147K(99840K)->0K(99840K) From: 25600K(34816K)->15360K(37376K)
[339.643s][info][gc,heap        ] GC(270) ParOldGen: 88733K(273920K)->88733K(273920K)
[339.643s][info][gc,metaspace   ] GC(270) Metaspace: 1070K(1280K)->1070K(1280K) NonClass: 988K(1088K)->988K(1088K) Class: 81K(192K)->81K(192K)
[339.643s][info][gc             ] GC(270) Pause Young (Allocation Failure) 203M->101M(401M) 1.519ms
[339.643s][info][gc,cpu         ] GC(270) User=0.00s Sys=0.00s Real=0.00s
[340.612s][info][gc,start       ] GC(271) Pause Young (Allocation Failure)
[340.613s][info][gc,heap        ] GC(271) PSYoungGen: 110519K(137216K)->10240K(140288K) Eden: 95159K(99840K)->0K(104960K) From: 15360K(37376K)->10240K(35328K)
[340.613s][info][gc,heap        ] GC(271) ParOldGen: 191133K(273920K)->191133K(273920K)
[340.613s][info][gc,metaspace   ] GC(271) Metaspace: 1070K(1280K)->1070K(1280K) NonClass: 988K(1088K)->988K(1088K) Class: 81K(192K)->81K(192K)
[340.613s][info][gc             ] GC(271) Pause Young (Allocation Failure) 294M->196M(404M) 1.006ms
[340.613s][info][gc,cpu         ] GC(271) User=0.00s Sys=0.00s Real=0.00s
[341.594s][info][gc,start       ] GC(272) Pause Full (Ergonomics)
[341.595s][info][gc,phases,start] GC(272) Marking Phase
[341.596s][info][gc,phases      ] GC(272) Marking Phase 1.411ms
[341.596s][info][gc,phases,start] GC(272) Summary Phase
[341.596s][info][gc,phases      ] GC(272) Summary Phase 0.015ms
[341.596s][info][gc,phases,start] GC(272) Adjust Roots
[341.596s][info][gc,phases      ] GC(272) Adjust Roots 0.259ms
[341.596s][info][gc,phases,start] GC(272) Compaction Phase
[341.604s][info][gc,phases      ] GC(272) Compaction Phase 8.088ms
[341.604s][info][gc,phases,start] GC(272) Post Compact
[341.605s][info][gc,phases      ] GC(272) Post Compact 0.484ms
[341.605s][info][gc,heap        ] GC(272) PSYoungGen: 114724K(140288K)->0K(139264K) Eden: 104484K(104960K)->0K(104960K) From: 10240K(35328K)->0K(34304K)
[341.605s][info][gc,heap        ] GC(272) ParOldGen: 293533K(349696K)->116381K(296448K)
[341.605s][info][gc,metaspace   ] GC(272) Metaspace: 1070K(1280K)->1070K(1280K) NonClass: 988K(1088K)->988K(1088K) Class: 81K(192K)->81K(192K)
[341.605s][info][gc             ] GC(272) Pause Full (Ergonomics) 398M->113M(425M) 10.757ms
[341.605s][info][gc,cpu         ] GC(272) User=0.00s Sys=0.00s Real=0.01s
[343.987s][info][gc,start       ] GC(273) Pause Young (Allocation Failure)
[343.990s][info][gc,heap        ] GC(273) PSYoungGen: 104490K(139264K)->31744K(131072K) Eden: 104490K(104960K)->0K(96768K) From: 0K(34304K)->31744K(34304K)
[343.990s][info][gc,heap        ] GC(273) ParOldGen: 116381K(296448K)->116381K(296448K)
[343.990s][info][gc,metaspace   ] GC(273) Metaspace: 1070K(1280K)->1070K(1280K) NonClass: 988K(1088K)->988K(1088K) Class: 81K(192K)->81K(192K)
[343.990s][info][gc             ] GC(273) Pause Young (Allocation Failure) 215M->144M(417M) 3.019ms
[343.991s][info][gc,cpu         ] GC(273) User=0.00s Sys=0.00s Real=0.00s
[345.176s][info][gc,start       ] GC(274) Pause Young (Allocation Failure)
[345.178s][info][gc,heap        ] GC(274) PSYoungGen: 126857K(131072K)->26624K(121856K) Eden: 95113K(96768K)->0K(94720K) From: 31744K(34304K)->26624K(27136K)
[345.178s][info][gc,heap        ] GC(274) ParOldGen: 218781K(296448K)->218781K(296448K)
[345.178s][info][gc,metaspace   ] GC(274) Metaspace: 1070K(1280K)->1070K(1280K) NonClass: 988K(1088K)->988K(1088K) Class: 81K(192K)->81K(192K)
[345.178s][info][gc             ] GC(274) Pause Young (Allocation Failure) 337M->239M(408M) 2.057ms
[345.178s][info][gc,cpu         ] GC(274) User=0.00s Sys=0.00s Real=0.00s
[345.951s][info][gc,start       ] GC(275) Pause Full (Ergonomics)
[345.951s][info][gc,phases,start] GC(275) Marking Phase
[345.953s][info][gc,phases      ] GC(275) Marking Phase 1.368ms
[345.953s][info][gc,phases,start] GC(275) Summary Phase
[345.953s][info][gc,phases      ] GC(275) Summary Phase 0.015ms
[345.953s][info][gc,phases,start] GC(275) Adjust Roots
[345.953s][info][gc,phases      ] GC(275) Adjust Roots 0.278ms
[345.953s][info][gc,phases,start] GC(275) Compaction Phase
[345.956s][info][gc,phases      ] GC(275) Compaction Phase 2.584ms
[345.956s][info][gc,phases,start] GC(275) Post Compact
[345.956s][info][gc,phases      ] GC(275) Post Compact 0.561ms
[345.962s][info][gc,heap        ] GC(275) PSYoungGen: 116578K(121856K)->0K(134144K) Eden: 89954K(94720K)->0K(93696K) From: 26624K(27136K)->0K(40448K)
[345.962s][info][gc,heap        ] GC(275) ParOldGen: 321181K(349696K)->33792K(210432K)
[345.962s][info][gc,metaspace   ] GC(275) Metaspace: 1070K(1280K)->1070K(1280K) NonClass: 988K(1088K)->988K(1088K) Class: 81K(192K)->81K(192K)
[345.962s][info][gc             ] GC(275) Pause Full (Ergonomics) 427M->33M(336M) 10.637ms
[345.962s][info][gc,cpu         ] GC(275) User=0.00s Sys=0.00s Real=0.01s
[347.267s][info][gc,start       ] GC(276) Pause Full (Ergonomics)
[347.267s][info][gc,phases,start] GC(276) Marking Phase
[347.268s][info][gc,phases      ] GC(276) Marking Phase 1.626ms
[347.268s][info][gc,phases,start] GC(276) Summary Phase
[347.268s][info][gc,phases      ] GC(276) Summary Phase 0.013ms
[347.268s][info][gc,phases,start] GC(276) Adjust Roots
[347.269s][info][gc,phases      ] GC(276) Adjust Roots 0.280ms
[347.269s][info][gc,phases,start] GC(276) Compaction Phase
[347.270s][info][gc,phases      ] GC(276) Compaction Phase 1.587ms
[347.270s][info][gc,phases,start] GC(276) Post Compact
[347.271s][info][gc,phases      ] GC(276) Post Compact 0.260ms
[347.271s][info][gc,heap        ] GC(276) PSYoungGen: 89935K(134144K)->0K(134144K) Eden: 89935K(93696K)->0K(93696K) From: 0K(40448K)->0K(40448K)
[347.271s][info][gc,heap        ] GC(276) ParOldGen: 136192K(210432K)->23552K(198144K)
[347.271s][info][gc,metaspace   ] GC(276) Metaspace: 1070K(1280K)->1070K(1280K) NonClass: 988K(1088K)->988K(1088K) Class: 81K(192K)->81K(192K)
[347.271s][info][gc             ] GC(276) Pause Full (Ergonomics) 220M->23M(324M) 4.614ms
[347.271s][info][gc,cpu         ] GC(276) User=0.00s Sys=0.00s Real=0.00s
[348.989s][info][gc,start       ] GC(277) Pause Full (Ergonomics)
[348.989s][info][gc,phases,start] GC(277) Marking Phase
[348.990s][info][gc,phases      ] GC(277) Marking Phase 1.297ms
[348.990s][info][gc,phases,start] GC(277) Summary Phase
[348.990s][info][gc,phases      ] GC(277) Summary Phase 0.014ms
[348.990s][info][gc,phases,start] GC(277) Adjust Roots
[348.991s][info][gc,phases      ] GC(277) Adjust Roots 0.193ms
[348.991s][info][gc,phases,start] GC(277) Compaction Phase
[348.992s][info][gc,phases      ] GC(277) Compaction Phase 1.445ms
[348.992s][info][gc,phases,start] GC(277) Post Compact
[348.992s][info][gc,phases      ] GC(277) Post Compact 0.313ms
[348.992s][info][gc,heap        ] GC(277) PSYoungGen: 89936K(134144K)->0K(134144K) Eden: 89936K(93696K)->0K(93696K) From: 0K(40448K)->0K(40448K)
[348.992s][info][gc,heap        ] GC(277) ParOldGen: 177152K(198144K)->84992K(257536K)
[348.992s][info][gc,metaspace   ] GC(277) Metaspace: 1070K(1280K)->1070K(1280K) NonClass: 988K(1088K)->988K(1088K) Class: 81K(192K)->81K(192K)
[348.993s][info][gc             ] GC(277) Pause Full (Ergonomics) 260M->83M(382M) 3.593ms
[348.993s][info][gc,cpu         ] GC(277) User=0.00s Sys=0.00s Real=0.00s
[350.855s][info][gc,start       ] GC(278) Pause Full (Ergonomics)
[350.855s][info][gc,phases,start] GC(278) Marking Phase
[350.857s][info][gc,phases      ] GC(278) Marking Phase 1.373ms
[350.857s][info][gc,phases,start] GC(278) Summary Phase
[350.857s][info][gc,phases      ] GC(278) Summary Phase 0.013ms
[350.857s][info][gc,phases,start] GC(278) Adjust Roots
[350.857s][info][gc,phases      ] GC(278) Adjust Roots 0.226ms
[350.857s][info][gc,phases,start] GC(278) Compaction Phase
[350.858s][info][gc,phases      ] GC(278) Compaction Phase 1.003ms
[350.858s][info][gc,phases,start] GC(278) Post Compact
[350.858s][info][gc,phases      ] GC(278) Post Compact 0.396ms
[350.861s][info][gc,heap        ] GC(278) PSYoungGen: 83793K(134144K)->0K(134144K) Eden: 83793K(93696K)->0K(93696K) From: 0K(40448K)->0K(40448K)
[350.861s][info][gc,heap        ] GC(278) ParOldGen: 238592K(257536K)->17408K(187904K)
[350.861s][info][gc,metaspace   ] GC(278) Metaspace: 1070K(1280K)->1070K(1280K) NonClass: 988K(1088K)->988K(1088K) Class: 81K(192K)->81K(192K)
[350.861s][info][gc             ] GC(278) Pause Full (Ergonomics) 314M->17M(314M) 5.802ms
[350.861s][info][gc,cpu         ] GC(278) User=0.00s Sys=0.00s Real=0.00s
[351.621s][info][gc,start       ] GC(279) Pause Full (Ergonomics)
[351.621s][info][gc,phases,start] GC(279) Marking Phase
[351.623s][info][gc,phases      ] GC(279) Marking Phase 1.311ms
[351.623s][info][gc,phases,start] GC(279) Summary Phase
[351.623s][info][gc,phases      ] GC(279) Summary Phase 0.013ms
[351.623s][info][gc,phases,start] GC(279) Adjust Roots
[351.623s][info][gc,phases      ] GC(279) Adjust Roots 0.186ms
[351.623s][info][gc,phases,start] GC(279) Compaction Phase
[351.624s][info][gc,phases      ] GC(279) Compaction Phase 0.934ms
[351.624s][info][gc,phases,start] GC(279) Post Compact
[351.624s][info][gc,phases      ] GC(279) Post Compact 0.255ms
[351.625s][info][gc,heap        ] GC(279) PSYoungGen: 89937K(134144K)->0K(134144K) Eden: 89937K(93696K)->0K(93696K) From: 0K(40448K)->0K(40448K)
[351.625s][info][gc,heap        ] GC(279) ParOldGen: 119808K(187904K)->13312K(181760K)
[351.625s][info][gc,metaspace   ] GC(279) Metaspace: 1070K(1280K)->1070K(1280K) NonClass: 988K(1088K)->988K(1088K) Class: 81K(192K)->81K(192K)
[351.625s][info][gc             ] GC(279) Pause Full (Ergonomics) 204M->13M(308M) 3.231ms
[351.625s][info][gc,cpu         ] GC(279) User=0.00s Sys=0.00s Real=0.00s
[353.367s][info][gc,start       ] GC(280) Pause Full (Ergonomics)
[353.367s][info][gc,phases,start] GC(280) Marking Phase
[353.368s][info][gc,phases      ] GC(280) Marking Phase 1.350ms
[353.368s][info][gc,phases,start] GC(280) Summary Phase
[353.368s][info][gc,phases      ] GC(280) Summary Phase 0.012ms
[353.368s][info][gc,phases,start] GC(280) Adjust Roots
[353.368s][info][gc,phases      ] GC(280) Adjust Roots 0.204ms
[353.368s][info][gc,phases,start] GC(280) Compaction Phase
[353.369s][info][gc,phases      ] GC(280) Compaction Phase 1.150ms
[353.369s][info][gc,phases,start] GC(280) Post Compact
[353.370s][info][gc,phases      ] GC(280) Post Compact 0.333ms
[353.370s][info][gc,heap        ] GC(280) PSYoungGen: 89937K(134144K)->0K(134144K) Eden: 89937K(93696K)->0K(93696K) From: 0K(40448K)->0K(40448K)
[353.370s][info][gc,heap        ] GC(280) ParOldGen: 166912K(181760K)->19456K(185856K)
[353.370s][info][gc,metaspace   ] GC(280) Metaspace: 1070K(1280K)->1070K(1280K) NonClass: 988K(1088K)->988K(1088K) Class: 81K(192K)->81K(192K)
[353.370s][info][gc             ] GC(280) Pause Full (Ergonomics) 250M->19M(312M) 3.277ms
[353.370s][info][gc,cpu         ] GC(280) User=0.00s Sys=0.00s Real=0.00s
[355.224s][info][gc,start       ] GC(281) Pause Young (Allocation Failure)
[355.226s][info][gc,heap        ] GC(281) PSYoungGen: 73553K(134144K)->25600K(132096K) Eden: 73553K(93696K)->0K(91648K) From: 0K(40448K)->25600K(40448K)
[355.226s][info][gc,heap        ] GC(281) ParOldGen: 19456K(185856K)->19456K(185856K)
[355.226s][info][gc,metaspace   ] GC(281) Metaspace: 1070K(1280K)->1070K(1280K) NonClass: 988K(1088K)->988K(1088K) Class: 81K(192K)->81K(192K)
[355.226s][info][gc             ] GC(281) Pause Young (Allocation Failure) 90M->44M(310M) 1.557ms
[355.226s][info][gc,cpu         ] GC(281) User=0.00s Sys=0.00s Real=0.00s
[356.096s][info][gc,start       ] GC(282) Pause Full (Ergonomics)
[356.096s][info][gc,phases,start] GC(282) Marking Phase
[356.097s][info][gc,phases      ] GC(282) Marking Phase 1.336ms
[356.097s][info][gc,phases,start] GC(282) Summary Phase
[356.097s][info][gc,phases      ] GC(282) Summary Phase 0.021ms
[356.097s][info][gc,phases,start] GC(282) Adjust Roots
[356.097s][info][gc,phases      ] GC(282) Adjust Roots 0.271ms
[356.097s][info][gc,phases,start] GC(282) Compaction Phase
[356.099s][info][gc,phases      ] GC(282) Compaction Phase 1.912ms
[356.099s][info][gc,phases,start] GC(282) Post Compact
[356.100s][info][gc,phases      ] GC(282) Post Compact 0.340ms
[356.100s][info][gc,heap        ] GC(282) PSYoungGen: 115489K(132096K)->0K(133120K) Eden: 89889K(91648K)->0K(91648K) From: 25600K(40448K)->0K(41472K)
[356.100s][info][gc,heap        ] GC(282) ParOldGen: 121856K(185856K)->27648K(191488K)
[356.100s][info][gc,metaspace   ] GC(282) Metaspace: 1070K(1280K)->1070K(1280K) NonClass: 988K(1088K)->988K(1088K) Class: 81K(192K)->81K(192K)
[356.100s][info][gc             ] GC(282) Pause Full (Ergonomics) 231M->27M(317M) 4.121ms
[356.100s][info][gc,cpu         ] GC(282) User=0.00s Sys=0.00s Real=0.00s
[358.062s][info][gc,start       ] GC(283) Pause Full (Ergonomics)
[358.062s][info][gc,phases,start] GC(283) Marking Phase
[358.063s][info][gc,phases      ] GC(283) Marking Phase 1.279ms
[358.063s][info][gc,phases,start] GC(283) Summary Phase
[358.063s][info][gc,phases      ] GC(283) Summary Phase 0.012ms
[358.063s][info][gc,phases,start] GC(283) Adjust Roots
[358.063s][info][gc,phases      ] GC(283) Adjust Roots 0.189ms
[358.063s][info][gc,phases,start] GC(283) Compaction Phase
[358.064s][info][gc,phases      ] GC(283) Compaction Phase 0.414ms
[358.064s][info][gc,phases,start] GC(283) Post Compact
[358.064s][info][gc,phases      ] GC(283) Post Compact 0.305ms
[358.065s][info][gc,heap        ] GC(283) PSYoungGen: 74532K(133120K)->0K(133120K) Eden: 74532K(91648K)->0K(91648K) From: 0K(41472K)->0K(41472K)
[358.065s][info][gc,heap        ] GC(283) ParOldGen: 181248K(191488K)->7168K(168960K)
[358.065s][info][gc,metaspace   ] GC(283) Metaspace: 1070K(1280K)->1070K(1280K) NonClass: 988K(1088K)->988K(1088K) Class: 81K(192K)->81K(192K)
[358.065s][info][gc             ] GC(283) Pause Full (Ergonomics) 249M->7M(295M) 3.060ms
[358.065s][info][gc,cpu         ] GC(283) User=0.00s Sys=0.00s Real=0.00s
[358.931s][info][gc,start       ] GC(284) Pause Full (Ergonomics)
[358.931s][info][gc,phases,start] GC(284) Marking Phase
[358.933s][info][gc,phases      ] GC(284) Marking Phase 1.398ms
[358.933s][info][gc,phases,start] GC(284) Summary Phase
[358.933s][info][gc,phases      ] GC(284) Summary Phase 0.012ms
[358.933s][info][gc,phases,start] GC(284) Adjust Roots
[358.933s][info][gc,phases      ] GC(284) Adjust Roots 0.186ms
[358.933s][info][gc,phases,start] GC(284) Compaction Phase
[358.937s][info][gc,phases      ] GC(284) Compaction Phase 3.634ms
[358.937s][info][gc,phases,start] GC(284) Post Compact
[358.937s][info][gc,phases      ] GC(284) Post Compact 0.245ms
[358.937s][info][gc,heap        ] GC(284) PSYoungGen: 89893K(133120K)->0K(133120K) Eden: 89893K(91648K)->0K(91648K) From: 0K(41472K)->0K(41472K)
[358.937s][info][gc,heap        ] GC(284) ParOldGen: 109568K(168960K)->58368K(218624K)
[358.937s][info][gc,metaspace   ] GC(284) Metaspace: 1070K(1280K)->1070K(1280K) NonClass: 988K(1088K)->988K(1088K) Class: 81K(192K)->81K(192K)
[358.937s][info][gc             ] GC(284) Pause Full (Ergonomics) 194M->57M(343M) 5.767ms
[358.937s][info][gc,cpu         ] GC(284) User=0.02s Sys=0.00s Real=0.01s
[360.695s][info][gc,start       ] GC(285) Pause Full (Ergonomics)
[360.695s][info][gc,phases,start] GC(285) Marking Phase
[360.696s][info][gc,phases      ] GC(285) Marking Phase 1.339ms
[360.696s][info][gc,phases,start] GC(285) Summary Phase
[360.696s][info][gc,phases      ] GC(285) Summary Phase 0.014ms
[360.696s][info][gc,phases,start] GC(285) Adjust Roots
[360.696s][info][gc,phases      ] GC(285) Adjust Roots 0.192ms
[360.696s][info][gc,phases,start] GC(285) Compaction Phase
[360.704s][info][gc,phases      ] GC(285) Compaction Phase 8.017ms
[360.704s][info][gc,phases,start] GC(285) Post Compact
[360.705s][info][gc,phases      ] GC(285) Post Compact 0.365ms
[360.705s][info][gc,heap        ] GC(285) PSYoungGen: 89895K(133120K)->0K(133120K) Eden: 89895K(91648K)->0K(91648K) From: 0K(41472K)->0K(41472K)
[360.705s][info][gc,heap        ] GC(285) ParOldGen: 211968K(218624K)->171008K(329728K)
[360.705s][info][gc,metaspace   ] GC(285) Metaspace: 1070K(1280K)->1070K(1280K) NonClass: 988K(1088K)->988K(1088K) Class: 81K(192K)->81K(192K)
[360.705s][info][gc             ] GC(285) Pause Full (Ergonomics) 294M->167M(452M) 10.364ms
[360.705s][info][gc,cpu         ] GC(285) User=0.03s Sys=0.00s Real=0.01s
[362.384s][info][gc,start       ] GC(286) Pause Full (Ergonomics)
[362.384s][info][gc,phases,start] GC(286) Marking Phase
[362.385s][info][gc,phases      ] GC(286) Marking Phase 1.342ms
[362.385s][info][gc,phases,start] GC(286) Summary Phase
[362.385s][info][gc,phases      ] GC(286) Summary Phase 0.015ms
[362.385s][info][gc,phases,start] GC(286) Adjust Roots
[362.385s][info][gc,phases      ] GC(286) Adjust Roots 0.208ms
[362.385s][info][gc,phases,start] GC(286) Compaction Phase
[362.387s][info][gc,phases      ] GC(286) Compaction Phase 1.244ms
[362.387s][info][gc,phases,start] GC(286) Post Compact
[362.387s][info][gc,phases      ] GC(286) Post Compact 0.720ms
[362.395s][info][gc,heap        ] GC(286) PSYoungGen: 73511K(133120K)->0K(133120K) Eden: 73511K(91648K)->0K(91648K) From: 0K(41472K)->0K(41472K)
[362.395s][info][gc,heap        ] GC(286) ParOldGen: 324608K(329728K)->17408K(174592K)
[362.395s][info][gc,metaspace   ] GC(286) Metaspace: 1070K(1280K)->1070K(1280K) NonClass: 988K(1088K)->988K(1088K) Class: 81K(192K)->81K(192K)
[362.395s][info][gc             ] GC(286) Pause Full (Ergonomics) 388M->17M(300M) 11.104ms
[362.395s][info][gc,cpu         ] GC(286) User=0.00s Sys=0.00s Real=0.01s
[363.269s][info][gc,start       ] GC(287) Pause Full (Ergonomics)
[363.269s][info][gc,phases,start] GC(287) Marking Phase
[363.270s][info][gc,phases      ] GC(287) Marking Phase 1.226ms
[363.270s][info][gc,phases,start] GC(287) Summary Phase
[363.270s][info][gc,phases      ] GC(287) Summary Phase 0.012ms
[363.270s][info][gc,phases,start] GC(287) Adjust Roots
[363.270s][info][gc,phases      ] GC(287) Adjust Roots 0.205ms
[363.270s][info][gc,phases,start] GC(287) Compaction Phase
[363.271s][info][gc,phases      ] GC(287) Compaction Phase 0.833ms
[363.271s][info][gc,phases,start] GC(287) Post Compact
[363.271s][info][gc,phases      ] GC(287) Post Compact 0.263ms
[363.272s][info][gc,heap        ] GC(287) PSYoungGen: 89896K(133120K)->0K(133120K) Eden: 89896K(91648K)->0K(91648K) From: 0K(41472K)->0K(41472K)
[363.272s][info][gc,heap        ] GC(287) ParOldGen: 119808K(174592K)->13312K(168960K)
[363.272s][info][gc,metaspace   ] GC(287) Metaspace: 1070K(1280K)->1070K(1280K) NonClass: 988K(1088K)->988K(1088K) Class: 81K(192K)->81K(192K)
[363.272s][info][gc             ] GC(287) Pause Full (Ergonomics) 204M->13M(295M) 3.050ms
[363.272s][info][gc,cpu         ] GC(287) User=0.00s Sys=0.00s Real=0.00s
[365.021s][info][gc,start       ] GC(288) Pause Full (Ergonomics)
[365.021s][info][gc,phases,start] GC(288) Marking Phase
[365.022s][info][gc,phases      ] GC(288) Marking Phase 1.319ms
[365.022s][info][gc,phases,start] GC(288) Summary Phase
[365.022s][info][gc,phases      ] GC(288) Summary Phase 0.013ms
[365.022s][info][gc,phases,start] GC(288) Adjust Roots
[365.023s][info][gc,phases      ] GC(288) Adjust Roots 0.313ms
[365.023s][info][gc,phases,start] GC(288) Compaction Phase
[365.024s][info][gc,phases      ] GC(288) Compaction Phase 1.295ms
[365.024s][info][gc,phases,start] GC(288) Post Compact
[365.024s][info][gc,phases      ] GC(288) Post Compact 0.293ms
[365.024s][info][gc,heap        ] GC(288) PSYoungGen: 89896K(133120K)->0K(133120K) Eden: 89896K(91648K)->0K(91648K) From: 0K(41472K)->0K(41472K)
[365.024s][info][gc,heap        ] GC(288) ParOldGen: 166912K(168960K)->28672K(182784K)
[365.024s][info][gc,metaspace   ] GC(288) Metaspace: 1070K(1280K)->1070K(1280K) NonClass: 988K(1088K)->988K(1088K) Class: 81K(192K)->81K(192K)
[365.024s][info][gc             ] GC(288) Pause Full (Ergonomics) 250M->28M(308M) 3.477ms
[365.024s][info][gc,cpu         ] GC(288) User=0.00s Sys=0.00s Real=0.00s
[366.661s][info][gc,start       ] GC(289) Pause Young (Allocation Failure)
[366.663s][info][gc,heap        ] GC(289) PSYoungGen: 73512K(133120K)->15360K(135168K) Eden: 73512K(91648K)->0K(93696K) From: 0K(41472K)->15360K(41472K)
[366.663s][info][gc,heap        ] GC(289) ParOldGen: 28672K(182784K)->28672K(182784K)
[366.663s][info][gc,metaspace   ] GC(289) Metaspace: 1070K(1280K)->1070K(1280K) NonClass: 988K(1088K)->988K(1088K) Class: 81K(192K)->81K(192K)
[366.663s][info][gc             ] GC(289) Pause Young (Allocation Failure) 99M->43M(310M) 1.453ms
[366.663s][info][gc,cpu         ] GC(289) User=0.00s Sys=0.00s Real=0.00s
[367.535s][info][gc,start       ] GC(290) Pause Full (Ergonomics)
[367.535s][info][gc,phases,start] GC(290) Marking Phase
[367.536s][info][gc,phases      ] GC(290) Marking Phase 1.354ms
[367.536s][info][gc,phases,start] GC(290) Summary Phase
[367.536s][info][gc,phases      ] GC(290) Summary Phase 0.012ms
[367.536s][info][gc,phases,start] GC(290) Adjust Roots
[367.536s][info][gc,phases      ] GC(290) Adjust Roots 0.228ms
[367.536s][info][gc,phases,start] GC(290) Compaction Phase
[367.538s][info][gc,phases      ] GC(290) Compaction Phase 1.917ms
[367.538s][info][gc,phases,start] GC(290) Post Compact
[367.539s][info][gc,phases      ] GC(290) Post Compact 0.272ms
[367.539s][info][gc,heap        ] GC(290) PSYoungGen: 105290K(135168K)->0K(133120K) Eden: 89930K(93696K)->0K(93696K) From: 15360K(41472K)->0K(39424K)
[367.539s][info][gc,heap        ] GC(290) ParOldGen: 131072K(182784K)->32768K(185344K)
[367.539s][info][gc,metaspace   ] GC(290) Metaspace: 1070K(1280K)->1070K(1280K) NonClass: 988K(1088K)->988K(1088K) Class: 81K(192K)->81K(192K)
[367.539s][info][gc             ] GC(290) Pause Full (Ergonomics) 230M->32M(311M) 3.983ms
[367.539s][info][gc,cpu         ] GC(290) User=0.00s Sys=0.00s Real=0.00s
[370.325s][info][gc,start       ] GC(291) Pause Full (Ergonomics)
[370.325s][info][gc,phases,start] GC(291) Marking Phase
[370.326s][info][gc,phases      ] GC(291) Marking Phase 1.336ms
[370.326s][info][gc,phases,start] GC(291) Summary Phase
[370.326s][info][gc,phases      ] GC(291) Summary Phase 0.013ms
[370.326s][info][gc,phases,start] GC(291) Adjust Roots
[370.327s][info][gc,phases      ] GC(291) Adjust Roots 0.479ms
[370.327s][info][gc,phases,start] GC(291) Compaction Phase
[370.333s][info][gc,phases      ] GC(291) Compaction Phase 6.749ms
[370.333s][info][gc,phases,start] GC(291) Post Compact
[370.334s][info][gc,phases      ] GC(291) Post Compact 0.521ms
[370.338s][info][gc,heap        ] GC(291) PSYoungGen: 91981K(133120K)->0K(135168K) Eden: 91981K(93696K)->0K(95744K) From: 0K(39424K)->0K(39424K)
[370.338s][info][gc,heap        ] GC(291) ParOldGen: 339968K(349696K)->109139K(260096K)
[370.338s][info][gc,metaspace   ] GC(291) Metaspace: 1070K(1280K)->1070K(1280K) NonClass: 988K(1088K)->988K(1088K) Class: 81K(192K)->81K(192K)
[370.338s][info][gc             ] GC(291) Pause Full (Ergonomics) 421M->106M(386M) 13.293ms
[370.338s][info][gc,cpu         ] GC(291) User=0.02s Sys=0.00s Real=0.01s
[372.196s][info][gc,start       ] GC(292) Pause Young (Allocation Failure)
[372.198s][info][gc,heap        ] GC(292) PSYoungGen: 95095K(135168K)->16384K(135168K) Eden: 95095K(95744K)->0K(95744K) From: 0K(39424K)->16384K(39424K)
[372.198s][info][gc,heap        ] GC(292) ParOldGen: 262739K(349696K)->262739K(349696K)
[372.198s][info][gc,metaspace   ] GC(292) Metaspace: 1070K(1280K)->1070K(1280K) NonClass: 988K(1088K)->988K(1088K) Class: 81K(192K)->81K(192K)
[372.198s][info][gc             ] GC(292) Pause Young (Allocation Failure) 349M->272M(473M) 1.288ms
[372.198s][info][gc,cpu         ] GC(292) User=0.00s Sys=0.00s Real=0.00s
[372.633s][info][gc,start       ] GC(293) Pause Young (Allocation Failure)
[372.649s][info][gc,heap        ] GC(293) PSYoungGen: 110456K(135168K)->11264K(138240K) Eden: 94072K(95744K)->0K(100864K) From: 16384K(39424K)->11264K(37376K)
[372.649s][info][gc,heap        ] GC(293) ParOldGen: 262739K(349696K)->313939K(349696K)
[372.649s][info][gc,metaspace   ] GC(293) Metaspace: 1070K(1280K)->1070K(1280K) NonClass: 988K(1088K)->988K(1088K) Class: 81K(192K)->81K(192K)
[372.649s][info][gc             ] GC(293) Pause Young (Allocation Failure) 364M->317M(476M) 15.359ms
[372.649s][info][gc,cpu         ] GC(293) User=0.00s Sys=0.00s Real=0.02s
[372.649s][info][gc,start       ] GC(294) Pause Full (Ergonomics)
[372.649s][info][gc,phases,start] GC(294) Marking Phase
[372.650s][info][gc,phases      ] GC(294) Marking Phase 1.281ms
[372.650s][info][gc,phases,start] GC(294) Summary Phase
[372.650s][info][gc,phases      ] GC(294) Summary Phase 0.014ms
[372.650s][info][gc,phases,start] GC(294) Adjust Roots
[372.650s][info][gc,phases      ] GC(294) Adjust Roots 0.221ms
[372.650s][info][gc,phases,start] GC(294) Compaction Phase
[372.654s][info][gc,phases      ] GC(294) Compaction Phase 4.103ms
[372.654s][info][gc,phases,start] GC(294) Post Compact
[372.655s][info][gc,phases      ] GC(294) Post Compact 0.404ms
[372.655s][info][gc,heap        ] GC(294) PSYoungGen: 11264K(138240K)->0K(137216K) Eden: 0K(100864K)->0K(100864K) From: 11264K(37376K)->0K(36352K)
[372.655s][info][gc,heap        ] GC(294) ParOldGen: 313939K(349696K)->166483K(331264K)
[372.655s][info][gc,metaspace   ] GC(294) Metaspace: 1070K(1280K)->1070K(1280K) NonClass: 988K(1088K)->988K(1088K) Class: 81K(192K)->81K(192K)
[372.655s][info][gc             ] GC(294) Pause Full (Ergonomics) 317M->162M(457M) 6.323ms
[372.655s][info][gc,cpu         ] GC(294) User=0.02s Sys=0.00s Real=0.01s
[374.081s][info][gc,start       ] GC(295) Pause Full (Ergonomics)
[374.081s][info][gc,phases,start] GC(295) Marking Phase
[374.082s][info][gc,phases      ] GC(295) Marking Phase 1.432ms
[374.082s][info][gc,phases,start] GC(295) Summary Phase
[374.082s][info][gc,phases      ] GC(295) Summary Phase 0.015ms
[374.082s][info][gc,phases,start] GC(295) Adjust Roots
[374.082s][info][gc,phases      ] GC(295) Adjust Roots 0.258ms
[374.083s][info][gc,phases,start] GC(295) Compaction Phase
[374.087s][info][gc,phases      ] GC(295) Compaction Phase 4.462ms
[374.087s][info][gc,phases,start] GC(295) Post Compact
[374.087s][info][gc,phases      ] GC(295) Post Compact 0.484ms
[374.092s][info][gc,heap        ] GC(295) PSYoungGen: 100313K(137216K)->0K(138240K) Eden: 100313K(100864K)->0K(101888K) From: 0K(36352K)->0K(36352K)
[374.092s][info][gc,heap        ] GC(295) ParOldGen: 268883K(349696K)->63488K(232448K)
[374.092s][info][gc,metaspace   ] GC(295) Metaspace: 1070K(1280K)->1070K(1280K) NonClass: 988K(1088K)->988K(1088K) Class: 81K(192K)->81K(192K)
[374.092s][info][gc             ] GC(295) Pause Full (Ergonomics) 360M->62M(362M) 11.085ms
[374.092s][info][gc,cpu         ] GC(295) User=0.00s Sys=0.00s Real=0.01s
[376.307s][info][gc,start       ] GC(296) Pause Full (Ergonomics)
[376.307s][info][gc,phases,start] GC(296) Marking Phase
[376.308s][info][gc,phases      ] GC(296) Marking Phase 1.462ms
[376.308s][info][gc,phases,start] GC(296) Summary Phase
[376.308s][info][gc,phases      ] GC(296) Summary Phase 0.014ms
[376.308s][info][gc,phases,start] GC(296) Adjust Roots
[376.309s][info][gc,phases      ] GC(296) Adjust Roots 0.249ms
[376.309s][info][gc,phases,start] GC(296) Compaction Phase
[376.310s][info][gc,phases      ] GC(296) Compaction Phase 1.804ms
[376.310s][info][gc,phases,start] GC(296) Post Compact
[376.311s][info][gc,phases      ] GC(296) Post Compact 0.499ms
[376.316s][info][gc,heap        ] GC(296) PSYoungGen: 97264K(138240K)->0K(138240K) Eden: 97264K(101888K)->0K(101888K) From: 0K(36352K)->0K(36352K)
[376.316s][info][gc,heap        ] GC(296) ParOldGen: 319488K(335360K)->37888K(211456K)
[376.316s][info][gc,metaspace   ] GC(296) Metaspace: 1070K(1280K)->1070K(1280K) NonClass: 988K(1088K)->988K(1088K) Class: 81K(192K)->81K(192K)
[376.316s][info][gc             ] GC(296) Pause Full (Ergonomics) 406M->37M(341M) 9.586ms
[376.316s][info][gc,cpu         ] GC(296) User=0.02s Sys=0.00s Real=0.01s
[378.161s][info][gc,start       ] GC(297) Pause Young (Allocation Failure)
[378.162s][info][gc,heap        ] GC(297) PSYoungGen: 99314K(138240K)->15360K(139776K) Eden: 99314K(101888K)->0K(103424K) From: 0K(36352K)->15360K(36352K)
[378.162s][info][gc,heap        ] GC(297) ParOldGen: 37888K(211456K)->37888K(211456K)
[378.162s][info][gc,metaspace   ] GC(297) Metaspace: 1070K(1280K)->1070K(1280K) NonClass: 988K(1088K)->988K(1088K) Class: 81K(192K)->81K(192K)
[378.162s][info][gc             ] GC(297) Pause Young (Allocation Failure) 133M->52M(343M) 1.486ms
[378.162s][info][gc,cpu         ] GC(297) User=0.00s Sys=0.00s Real=0.00s
[379.249s][info][gc,start       ] GC(298) Pause Full (Ergonomics)
[379.249s][info][gc,phases,start] GC(298) Marking Phase
[379.251s][info][gc,phases      ] GC(298) Marking Phase 1.322ms
[379.251s][info][gc,phases,start] GC(298) Summary Phase
[379.251s][info][gc,phases      ] GC(298) Summary Phase 0.013ms
[379.251s][info][gc,phases,start] GC(298) Adjust Roots
[379.251s][info][gc,phases      ] GC(298) Adjust Roots 0.229ms
[379.251s][info][gc,phases,start] GC(298) Compaction Phase
[379.255s][info][gc,phases      ] GC(298) Compaction Phase 4.021ms
[379.255s][info][gc,phases,start] GC(298) Post Compact
[379.255s][info][gc,phases      ] GC(298) Post Compact 0.319ms
[379.256s][info][gc,heap        ] GC(298) PSYoungGen: 116757K(139776K)->0K(138240K) Eden: 101397K(103424K)->0K(103424K) From: 15360K(36352K)->0K(34816K)
[379.256s][info][gc,heap        ] GC(298) ParOldGen: 140288K(211456K)->68608K(240128K)
[379.256s][info][gc,metaspace   ] GC(298) Metaspace: 1070K(1280K)->1070K(1280K) NonClass: 988K(1088K)->988K(1088K) Class: 81K(192K)->81K(192K)
[379.256s][info][gc             ] GC(298) Pause Full (Ergonomics) 251M->67M(369M) 6.165ms
[379.256s][info][gc,cpu         ] GC(298) User=0.00s Sys=0.00s Real=0.01s
[380.124s][info][gc,start       ] GC(299) Pause Full (Ergonomics)
[380.124s][info][gc,phases,start] GC(299) Marking Phase
[380.125s][info][gc,phases      ] GC(299) Marking Phase 1.393ms
[380.125s][info][gc,phases,start] GC(299) Summary Phase
[380.125s][info][gc,phases      ] GC(299) Summary Phase 0.013ms
[380.125s][info][gc,phases,start] GC(299) Adjust Roots
[380.126s][info][gc,phases      ] GC(299) Adjust Roots 0.250ms
[380.126s][info][gc,phases,start] GC(299) Compaction Phase
[380.136s][info][gc,phases      ] GC(299) Compaction Phase 10.388ms
[380.136s][info][gc,phases,start] GC(299) Post Compact
[380.136s][info][gc,phases      ] GC(299) Post Compact 0.321ms
[380.137s][info][gc,heap        ] GC(299) PSYoungGen: 99342K(138240K)->0K(139776K) Eden: 99342K(103424K)->0K(104960K) From: 0K(34816K)->0K(34816K)
[380.137s][info][gc,heap        ] GC(299) ParOldGen: 171008K(240128K)->166483K(346112K)
[380.137s][info][gc,metaspace   ] GC(299) Metaspace: 1070K(1280K)->1070K(1280K) NonClass: 988K(1088K)->988K(1088K) Class: 81K(192K)->81K(192K)
[380.137s][info][gc             ] GC(299) Pause Full (Ergonomics) 264M->162M(474M) 12.771ms
[380.137s][info][gc,cpu         ] GC(299) User=0.00s Sys=0.00s Real=0.01s
[382.560s][info][gc,start       ] GC(300) Pause Full (Ergonomics)
[382.560s][info][gc,phases,start] GC(300) Marking Phase
[382.562s][info][gc,phases      ] GC(300) Marking Phase 1.566ms
[382.562s][info][gc,phases,start] GC(300) Summary Phase
[382.562s][info][gc,phases      ] GC(300) Summary Phase 0.013ms
[382.562s][info][gc,phases,start] GC(300) Adjust Roots
[382.562s][info][gc,phases      ] GC(300) Adjust Roots 0.237ms
[382.562s][info][gc,phases,start] GC(300) Compaction Phase
[382.564s][info][gc,phases      ] GC(300) Compaction Phase 1.744ms
[382.564s][info][gc,phases,start] GC(300) Post Compact
[382.565s][info][gc,phases      ] GC(300) Post Compact 0.494ms
[382.568s][info][gc,heap        ] GC(300) PSYoungGen: 99375K(139776K)->0K(139776K) Eden: 99375K(104960K)->0K(104960K) From: 0K(34816K)->0K(34816K)
[382.568s][info][gc,heap        ] GC(300) ParOldGen: 268883K(346112K)->28672K(216064K)
[382.568s][info][gc,metaspace   ] GC(300) Metaspace: 1070K(1280K)->1070K(1280K) NonClass: 988K(1088K)->988K(1088K) Class: 81K(192K)->81K(192K)
[382.568s][info][gc             ] GC(300) Pause Full (Ergonomics) 359M->28M(347M) 7.283ms
[382.568s][info][gc,cpu         ] GC(300) User=0.00s Sys=0.00s Real=0.01s
[383.872s][info][gc,start       ] GC(301) Pause Full (Ergonomics)
[383.872s][info][gc,phases,start] GC(301) Marking Phase
[383.873s][info][gc,phases      ] GC(301) Marking Phase 1.296ms
[383.873s][info][gc,phases,start] GC(301) Summary Phase
[383.873s][info][gc,phases      ] GC(301) Summary Phase 0.012ms
[383.873s][info][gc,phases,start] GC(301) Adjust Roots
[383.873s][info][gc,phases      ] GC(301) Adjust Roots 0.235ms
[383.873s][info][gc,phases,start] GC(301) Compaction Phase
[383.875s][info][gc,phases      ] GC(301) Compaction Phase 1.373ms
[383.875s][info][gc,phases,start] GC(301) Post Compact
[383.875s][info][gc,phases      ] GC(301) Post Compact 0.296ms
[383.875s][info][gc,heap        ] GC(301) PSYoungGen: 104496K(139776K)->0K(139776K) Eden: 104496K(104960K)->0K(104960K) From: 0K(34816K)->0K(34816K)
[383.875s][info][gc,heap        ] GC(301) ParOldGen: 131072K(216064K)->29696K(225280K)
[383.875s][info][gc,metaspace   ] GC(301) Metaspace: 1070K(1280K)->1070K(1280K) NonClass: 988K(1088K)->988K(1088K) Class: 81K(192K)->81K(192K)
[383.875s][info][gc             ] GC(301) Pause Full (Ergonomics) 230M->29M(356M) 3.466ms
[383.875s][info][gc,cpu         ] GC(301) User=0.00s Sys=0.00s Real=0.00s
[385.288s][info][gc,start       ] GC(302) Pause Young (Allocation Failure)
[385.289s][info][gc,heap        ] GC(302) PSYoungGen: 99377K(139776K)->20512K(139776K) Eden: 99377K(104960K)->0K(104960K) From: 0K(34816K)->20512K(34816K)
[385.289s][info][gc,heap        ] GC(302) ParOldGen: 132096K(225280K)->132096K(225280K)
[385.289s][info][gc,metaspace   ] GC(302) Metaspace: 1070K(1280K)->1070K(1280K) NonClass: 988K(1088K)->988K(1088K) Class: 81K(192K)->81K(192K)
[385.289s][info][gc             ] GC(302) Pause Young (Allocation Failure) 226M->149M(356M) 1.424ms
[385.289s][info][gc,cpu         ] GC(302) User=0.00s Sys=0.00s Real=0.00s
[386.506s][info][gc,start       ] GC(303) Pause Young (Allocation Failure)
[386.507s][info][gc,heap        ] GC(303) PSYoungGen: 125010K(139776K)->20512K(140800K) Eden: 104498K(104960K)->0K(106496K) From: 20512K(34816K)->20512K(34304K)
[386.507s][info][gc,heap        ] GC(303) ParOldGen: 234496K(328192K)->234496K(328192K)
[386.507s][info][gc,metaspace   ] GC(303) Metaspace: 1070K(1280K)->1070K(1280K) NonClass: 988K(1088K)->988K(1088K) Class: 81K(192K)->81K(192K)
[386.507s][info][gc             ] GC(303) Pause Young (Allocation Failure) 351M->249M(458M) 1.837ms
[386.507s][info][gc,cpu         ] GC(303) User=0.00s Sys=0.00s Real=0.00s
[387.521s][info][gc,start       ] GC(304) Pause Full (Ergonomics)
[387.521s][info][gc,phases,start] GC(304) Marking Phase
[387.522s][info][gc,phases      ] GC(304) Marking Phase 1.240ms
[387.522s][info][gc,phases,start] GC(304) Summary Phase
[387.522s][info][gc,phases      ] GC(304) Summary Phase 0.016ms
[387.522s][info][gc,phases,start] GC(304) Adjust Roots
[387.522s][info][gc,phases      ] GC(304) Adjust Roots 0.198ms
[387.522s][info][gc,phases,start] GC(304) Compaction Phase
[387.525s][info][gc,phases      ] GC(304) Compaction Phase 2.831ms
[387.525s][info][gc,phases,start] GC(304) Post Compact
[387.526s][info][gc,phases      ] GC(304) Post Compact 0.540ms
[387.531s][info][gc,heap        ] GC(304) PSYoungGen: 125041K(140800K)->0K(140288K) Eden: 104529K(106496K)->0K(106496K) From: 20512K(34304K)->0K(33792K)
[387.531s][info][gc,heap        ] GC(304) ParOldGen: 336896K(349696K)->43008K(234496K)
[387.531s][info][gc,metaspace   ] GC(304) Metaspace: 1070K(1280K)->1070K(1280K) NonClass: 988K(1088K)->988K(1088K) Class: 81K(192K)->81K(192K)
[387.531s][info][gc             ] GC(304) Pause Full (Ergonomics) 451M->42M(366M) 10.109ms
[387.531s][info][gc,cpu         ] GC(304) User=0.00s Sys=0.00s Real=0.01s
[388.298s][info][gc,start       ] GC(305) Pause Young (Allocation Failure)
[388.300s][info][gc,heap        ] GC(305) PSYoungGen: 63569K(140288K)->25600K(137728K) Eden: 63569K(106496K)->0K(103936K) From: 0K(33792K)->25600K(33792K)
[388.300s][info][gc,heap        ] GC(305) ParOldGen: 43008K(234496K)->43008K(234496K)
[388.300s][info][gc,metaspace   ] GC(305) Metaspace: 1070K(1280K)->1070K(1280K) NonClass: 988K(1088K)->988K(1088K) Class: 81K(192K)->81K(192K)
[388.300s][info][gc             ] GC(305) Pause Young (Allocation Failure) 104M->67M(363M) 2.102ms
[388.300s][info][gc,cpu         ] GC(305) User=0.00s Sys=0.00s Real=0.00s
[389.612s][info][gc,start       ] GC(306) Pause Young (Allocation Failure)
[389.613s][info][gc,heap        ] GC(306) PSYoungGen: 119837K(137728K)->15360K(139264K) Eden: 94237K(103936K)->0K(103936K) From: 25600K(33792K)->15360K(35328K)
[389.613s][info][gc,heap        ] GC(306) ParOldGen: 43008K(234496K)->43008K(234496K)
[389.613s][info][gc,metaspace   ] GC(306) Metaspace: 1070K(1280K)->1070K(1280K) NonClass: 988K(1088K)->988K(1088K) Class: 81K(192K)->81K(192K)
[389.613s][info][gc             ] GC(306) Pause Young (Allocation Failure) 159M->57M(365M) 1.460ms
[389.613s][info][gc,cpu         ] GC(306) User=0.00s Sys=0.00s Real=0.00s
[390.706s][info][gc,start       ] GC(307) Pause Young (Allocation Failure)
[390.707s][info][gc,heap        ] GC(307) PSYoungGen: 116763K(139264K)->15360K(141312K) Eden: 101403K(103936K)->0K(107008K) From: 15360K(35328K)->15360K(34304K)
[390.707s][info][gc,heap        ] GC(307) ParOldGen: 145408K(234496K)->145408K(234496K)
[390.707s][info][gc,metaspace   ] GC(307) Metaspace: 1070K(1280K)->1070K(1280K) NonClass: 988K(1088K)->988K(1088K) Class: 81K(192K)->81K(192K)
[390.707s][info][gc             ] GC(307) Pause Young (Allocation Failure) 256M->157M(367M) 1.229ms
[390.707s][info][gc,cpu         ] GC(307) User=0.00s Sys=0.00s Real=0.00s
[391.688s][info][gc,start       ] GC(308) Pause Young (Allocation Failure)
[391.689s][info][gc,heap        ] GC(308) PSYoungGen: 119889K(141312K)->16384K(140288K) Eden: 104529K(107008K)->0K(107008K) From: 15360K(34304K)->16384K(33280K)
[391.689s][info][gc,heap        ] GC(308) ParOldGen: 247808K(337408K)->247808K(337408K)
[391.689s][info][gc,metaspace   ] GC(308) Metaspace: 1070K(1280K)->1070K(1280K) NonClass: 988K(1088K)->988K(1088K) Class: 81K(192K)->81K(192K)
[391.689s][info][gc             ] GC(308) Pause Young (Allocation Failure) 359M->258M(466M) 1.351ms
[391.689s][info][gc,cpu         ] GC(308) User=0.00s Sys=0.00s Real=0.00s
[393.981s][info][gc,start       ] GC(309) Pause Young (Allocation Failure)
[393.985s][info][gc,heap        ] GC(309) PSYoungGen: 115797K(140288K)->21504K(142848K) Eden: 99413K(107008K)->0K(111104K) From: 16384K(33280K)->21504K(31744K)
[393.985s][info][gc,heap        ] GC(309) ParOldGen: 247808K(337408K)->258048K(337408K)
[393.985s][info][gc,metaspace   ] GC(309) Metaspace: 1070K(1280K)->1070K(1280K) NonClass: 988K(1088K)->988K(1088K) Class: 81K(192K)->81K(192K)
[393.985s][info][gc             ] GC(309) Pause Young (Allocation Failure) 355M->273M(469M) 3.982ms
[393.985s][info][gc,cpu         ] GC(309) User=0.00s Sys=0.00s Real=0.00s
[394.092s][info][gc,start       ] GC(310) Pause Young (Allocation Failure)
[394.108s][info][gc,heap        ] GC(310) PSYoungGen: 74920K(142848K)->1024K(112640K) Eden: 53416K(111104K)->0K(111104K) From: 21504K(31744K)->1024K(1536K)
[394.108s][info][gc,heap        ] GC(310) ParOldGen: 258048K(349696K)->309248K(349696K)
[394.108s][info][gc,metaspace   ] GC(310) Metaspace: 1070K(1280K)->1070K(1280K) NonClass: 988K(1088K)->988K(1088K) Class: 81K(192K)->81K(192K)
[394.108s][info][gc             ] GC(310) Pause Young (Allocation Failure) 325M->303M(451M) 16.115ms
[394.108s][info][gc,cpu         ] GC(310) User=0.00s Sys=0.00s Real=0.01s
[394.108s][info][gc,start       ] GC(311) Pause Full (Ergonomics)
[394.108s][info][gc,phases,start] GC(311) Marking Phase
[394.109s][info][gc,phases      ] GC(311) Marking Phase 1.264ms
[394.109s][info][gc,phases,start] GC(311) Summary Phase
[394.109s][info][gc,phases      ] GC(311) Summary Phase 0.012ms
[394.109s][info][gc,phases,start] GC(311) Adjust Roots
[394.109s][info][gc,phases      ] GC(311) Adjust Roots 0.192ms
[394.109s][info][gc,phases,start] GC(311) Compaction Phase
[394.113s][info][gc,phases      ] GC(311) Compaction Phase 4.060ms
[394.113s][info][gc,phases,start] GC(311) Post Compact
[394.114s][info][gc,phases      ] GC(311) Post Compact 0.547ms
[394.117s][info][gc,heap        ] GC(311) PSYoungGen: 1024K(112640K)->0K(141312K) Eden: 0K(111104K)->0K(108032K) From: 1024K(1536K)->0K(33280K)
[394.117s][info][gc,heap        ] GC(311) ParOldGen: 309248K(349696K)->64083K(260608K)
[394.117s][info][gc,metaspace   ] GC(311) Metaspace: 1070K(1280K)->1070K(1280K) NonClass: 988K(1088K)->988K(1088K) Class: 81K(192K)->81K(192K)
[394.117s][info][gc             ] GC(311) Pause Full (Ergonomics) 303M->62M(392M) 9.115ms
[394.117s][info][gc,cpu         ] GC(311) User=0.00s Sys=0.00s Real=0.01s
[394.450s][info][gc,start       ] GC(312) Pause Young (Allocation Failure)
[394.451s][info][gc,heap        ] GC(312) PSYoungGen: 104555K(141312K)->1024K(109568K) Eden: 104555K(108032K)->0K(108032K) From: 0K(33280K)->1024K(1536K)
[394.451s][info][gc,heap        ] GC(312) ParOldGen: 64083K(260608K)->64083K(260608K)
[394.451s][info][gc,metaspace   ] GC(312) Metaspace: 1070K(1280K)->1070K(1280K) NonClass: 988K(1088K)->988K(1088K) Class: 81K(192K)->81K(192K)
[394.451s][info][gc             ] GC(312) Pause Young (Allocation Failure) 164M->63M(361M) 0.469ms
[394.451s][info][gc,cpu         ] GC(312) User=0.00s Sys=0.00s Real=0.00s
[395.438s][info][gc,start       ] GC(313) Pause Young (Allocation Failure)
[395.441s][info][gc,heap        ] GC(313) PSYoungGen: 74845K(109568K)->15360K(141824K) Eden: 73821K(108032K)->0K(107520K) From: 1024K(1536K)->15360K(34304K)
[395.441s][info][gc,heap        ] GC(313) ParOldGen: 64083K(260608K)->84563K(260608K)
[395.441s][info][gc,metaspace   ] GC(313) Metaspace: 1070K(1280K)->1070K(1280K) NonClass: 988K(1088K)->988K(1088K) Class: 81K(192K)->81K(192K)
[395.441s][info][gc             ] GC(313) Pause Young (Allocation Failure) 135M->97M(393M) 3.159ms
[395.441s][info][gc,cpu         ] GC(313) User=0.00s Sys=0.00s Real=0.00s
[396.856s][info][gc,start       ] GC(314) Pause Full (Ergonomics)
[396.856s][info][gc,phases,start] GC(314) Marking Phase
[396.857s][info][gc,phases      ] GC(314) Marking Phase 1.252ms
[396.857s][info][gc,phases,start] GC(314) Summary Phase
[396.857s][info][gc,phases      ] GC(314) Summary Phase 0.013ms
[396.857s][info][gc,phases,start] GC(314) Adjust Roots
[396.857s][info][gc,phases      ] GC(314) Adjust Roots 0.200ms
[396.857s][info][gc,phases,start] GC(314) Compaction Phase
[396.858s][info][gc,phases      ] GC(314) Compaction Phase 1.260ms
[396.858s][info][gc,phases,start] GC(314) Post Compact
[396.859s][info][gc,phases      ] GC(314) Post Compact 0.356ms
[396.861s][info][gc,heap        ] GC(314) PSYoungGen: 109657K(141824K)->0K(140288K) Eden: 94297K(107520K)->0K(107520K) From: 15360K(34304K)->0K(32768K)
[396.861s][info][gc,heap        ] GC(314) ParOldGen: 186963K(260608K)->22528K(217088K)
[396.861s][info][gc,metaspace   ] GC(314) Metaspace: 1070K(1280K)->1070K(1280K) NonClass: 988K(1088K)->988K(1088K) Class: 81K(192K)->81K(192K)
[396.861s][info][gc             ] GC(314) Pause Full (Ergonomics) 289M->22M(349M) 5.453ms
[396.861s][info][gc,cpu         ] GC(314) User=0.00s Sys=0.00s Real=0.01s
[398.163s][info][gc,start       ] GC(315) Pause Young (Allocation Failure)
[398.164s][info][gc,heap        ] GC(315) PSYoungGen: 104541K(140288K)->15360K(143360K) Eden: 104541K(107520K)->0K(110592K) From: 0K(32768K)->15360K(32768K)
[398.165s][info][gc,heap        ] GC(315) ParOldGen: 124928K(217088K)->124928K(217088K)
[398.165s][info][gc,metaspace   ] GC(315) Metaspace: 1070K(1280K)->1070K(1280K) NonClass: 988K(1088K)->988K(1088K) Class: 81K(192K)->81K(192K)
[398.165s][info][gc             ] GC(315) Pause Young (Allocation Failure) 224M->137M(352M) 1.691ms
[398.165s][info][gc,cpu         ] GC(315) User=0.00s Sys=0.00s Real=0.00s
[399.377s][info][gc,start       ] GC(316) Pause Young (Allocation Failure)
[399.393s][info][gc,heap        ] GC(316) PSYoungGen: 119966K(143360K)->15360K(141824K) Eden: 104606K(110592K)->0K(110592K) From: 15360K(32768K)->15360K(31232K)
[399.393s][info][gc,heap        ] GC(316) ParOldGen: 227328K(320000K)->278528K(320000K)
[399.393s][info][gc,metaspace   ] GC(316) Metaspace: 1070K(1280K)->1070K(1280K) NonClass: 988K(1088K)->988K(1088K) Class: 81K(192K)->81K(192K)
[399.393s][info][gc             ] GC(316) Pause Young (Allocation Failure) 339M->287M(451M) 16.350ms
[399.393s][info][gc,cpu         ] GC(316) User=0.00s Sys=0.00s Real=0.02s
[399.393s][info][gc,start       ] GC(317) Pause Full (Ergonomics)
[399.393s][info][gc,phases,start] GC(317) Marking Phase
[399.395s][info][gc,phases      ] GC(317) Marking Phase 1.370ms
[399.395s][info][gc,phases,start] GC(317) Summary Phase
[399.395s][info][gc,phases      ] GC(317) Summary Phase 0.022ms
[399.395s][info][gc,phases,start] GC(317) Adjust Roots
[399.395s][info][gc,phases      ] GC(317) Adjust Roots 0.228ms
[399.395s][info][gc,phases,start] GC(317) Compaction Phase
[399.399s][info][gc,phases      ] GC(317) Compaction Phase 4.413ms
[399.399s][info][gc,phases,start] GC(317) Post Compact
[399.400s][info][gc,phases      ] GC(317) Post Compact 0.359ms
[399.400s][info][gc,heap        ] GC(317) PSYoungGen: 15360K(141824K)->0K(144896K) Eden: 0K(110592K)->0K(115200K) From: 15360K(31232K)->0K(29696K)
[399.400s][info][gc,heap        ] GC(317) ParOldGen: 278528K(320000K)->89088K(294912K)
[399.400s][info][gc,metaspace   ] GC(317) Metaspace: 1070K(1280K)->1070K(1280K) NonClass: 988K(1088K)->988K(1088K) Class: 81K(192K)->81K(192K)
[399.400s][info][gc             ] GC(317) Pause Full (Ergonomics) 287M->87M(429M) 6.696ms
[399.400s][info][gc,cpu         ] GC(317) User=0.00s Sys=0.00s Real=0.01s
[400.814s][info][gc,start       ] GC(318) Pause Young (Allocation Failure)
[400.815s][info][gc,heap        ] GC(318) PSYoungGen: 109820K(144896K)->10240K(144896K) Eden: 109820K(115200K)->0K(115200K) From: 0K(29696K)->10240K(29696K)
[400.815s][info][gc,heap        ] GC(318) ParOldGen: 191488K(294912K)->191488K(294912K)
[400.815s][info][gc,metaspace   ] GC(318) Metaspace: 1070K(1280K)->1070K(1280K) NonClass: 988K(1088K)->988K(1088K) Class: 81K(192K)->81K(192K)
[400.815s][info][gc             ] GC(318) Pause Young (Allocation Failure) 294M->197M(429M) 1.167ms
[400.815s][info][gc,cpu         ] GC(318) User=0.00s Sys=0.00s Real=0.00s
[402.021s][info][gc,start       ] GC(319) Pause Full (Ergonomics)
[402.021s][info][gc,phases,start] GC(319) Marking Phase
[402.022s][info][gc,phases      ] GC(319) Marking Phase 1.351ms
[402.022s][info][gc,phases,start] GC(319) Summary Phase
[402.022s][info][gc,phases      ] GC(319) Summary Phase 0.014ms
[402.022s][info][gc,phases,start] GC(319) Adjust Roots
[402.023s][info][gc,phases      ] GC(319) Adjust Roots 0.252ms
[402.023s][info][gc,phases,start] GC(319) Compaction Phase
[402.024s][info][gc,phases      ] GC(319) Compaction Phase 1.059ms
[402.024s][info][gc,phases,start] GC(319) Post Compact
[402.024s][info][gc,phases      ] GC(319) Post Compact 0.515ms
[402.028s][info][gc,heap        ] GC(319) PSYoungGen: 125181K(144896K)->0K(145408K) Eden: 114941K(115200K)->0K(116224K) From: 10240K(29696K)->0K(29184K)
[402.028s][info][gc,heap        ] GC(319) ParOldGen: 293888K(294912K)->13312K(222208K)
[402.028s][info][gc,metaspace   ] GC(319) Metaspace: 1070K(1280K)->1070K(1280K) NonClass: 988K(1088K)->988K(1088K) Class: 81K(192K)->81K(192K)
[402.028s][info][gc             ] GC(319) Pause Full (Ergonomics) 409M->13M(359M) 6.909ms
[402.028s][info][gc,cpu         ] GC(319) User=0.00s Sys=0.00s Real=0.01s
[403.223s][info][gc,start       ] GC(320) Pause Young (Allocation Failure)
[403.224s][info][gc,heap        ] GC(320) PSYoungGen: 114962K(145408K)->11264K(145408K) Eden: 114962K(116224K)->0K(116224K) From: 0K(29184K)->11264K(29184K)
[403.224s][info][gc,heap        ] GC(320) ParOldGen: 115712K(222208K)->115712K(222208K)
[403.224s][info][gc,metaspace   ] GC(320) Metaspace: 1070K(1280K)->1070K(1280K) NonClass: 988K(1088K)->988K(1088K) Class: 81K(192K)->81K(192K)
[403.224s][info][gc             ] GC(320) Pause Young (Allocation Failure) 225M->124M(359M) 1.076ms
[403.224s][info][gc,cpu         ] GC(320) User=0.00s Sys=0.00s Real=0.00s
[405.408s][info][gc,start       ] GC(321) Pause Young (Allocation Failure)
[405.411s][info][gc,heap        ] GC(321) PSYoungGen: 115987K(145408K)->25600K(141312K) Eden: 104723K(116224K)->0K(113152K) From: 11264K(29184K)->25600K(28160K)
[405.411s][info][gc,heap        ] GC(321) ParOldGen: 115712K(222208K)->125952K(222208K)
[405.411s][info][gc,metaspace   ] GC(321) Metaspace: 1070K(1280K)->1070K(1280K) NonClass: 988K(1088K)->988K(1088K) Class: 81K(192K)->81K(192K)
[405.411s][info][gc             ] GC(321) Pause Young (Allocation Failure) 226M->148M(355M) 2.887ms
[405.411s][info][gc,cpu         ] GC(321) User=0.00s Sys=0.00s Real=0.00s
[406.719s][info][gc,start       ] GC(322) Pause Young (Allocation Failure)
[406.721s][info][gc,heap        ] GC(322) PSYoungGen: 130260K(141312K)->20480K(134144K) Eden: 104660K(113152K)->0K(113152K) From: 25600K(28160K)->20480K(20992K)
[406.721s][info][gc,heap        ] GC(322) ParOldGen: 228352K(325120K)->228352K(325120K)
[406.721s][info][gc,metaspace   ] GC(322) Metaspace: 1070K(1280K)->1070K(1280K) NonClass: 988K(1088K)->988K(1088K) Class: 81K(192K)->81K(192K)
[406.721s][info][gc             ] GC(322) Pause Young (Allocation Failure) 350M->243M(448M) 1.652ms
[406.721s][info][gc,cpu         ] GC(322) User=0.00s Sys=0.00s Real=0.00s
[408.279s][info][gc,start       ] GC(323) Pause Full (Ergonomics)
[408.279s][info][gc,phases,start] GC(323) Marking Phase
[408.281s][info][gc,phases      ] GC(323) Marking Phase 1.271ms
[408.281s][info][gc,phases,start] GC(323) Summary Phase
[408.281s][info][gc,phases      ] GC(323) Summary Phase 0.014ms
[408.281s][info][gc,phases,start] GC(323) Adjust Roots
[408.281s][info][gc,phases      ] GC(323) Adjust Roots 0.185ms
[408.281s][info][gc,phases,start] GC(323) Compaction Phase
[408.282s][info][gc,phases      ] GC(323) Compaction Phase 1.291ms
[408.282s][info][gc,phases,start] GC(323) Post Compact
[408.283s][info][gc,phases      ] GC(323) Post Compact 0.560ms
[408.288s][info][gc,heap        ] GC(323) PSYoungGen: 130261K(134144K)->0K(143360K) Eden: 109781K(113152K)->0K(112128K) From: 20480K(20992K)->0K(31232K)
[408.288s][info][gc,heap        ] GC(323) ParOldGen: 330752K(349696K)->22528K(218624K)
[408.288s][info][gc,metaspace   ] GC(323) Metaspace: 1070K(1280K)->1070K(1280K) NonClass: 988K(1088K)->988K(1088K) Class: 81K(192K)->81K(192K)
[408.288s][info][gc             ] GC(323) Pause Full (Ergonomics) 450M->22M(353M) 9.044ms
[408.288s][info][gc,cpu         ] GC(323) User=0.00s Sys=0.00s Real=0.01s
[409.602s][info][gc,start       ] GC(324) Pause Young (Allocation Failure)
[409.607s][info][gc,heap        ] GC(324) PSYoungGen: 104641K(143360K)->15360K(143360K) Eden: 104641K(112128K)->0K(112128K) From: 0K(31232K)->15360K(31232K)
[409.607s][info][gc,heap        ] GC(324) ParOldGen: 124928K(218624K)->176128K(218624K)
[409.607s][info][gc,metaspace   ] GC(324) Metaspace: 1070K(1280K)->1070K(1280K) NonClass: 988K(1088K)->988K(1088K) Class: 81K(192K)->81K(192K)
[409.607s][info][gc             ] GC(324) Pause Young (Allocation Failure) 224M->187M(353M) 4.839ms
[409.607s][info][gc,cpu         ] GC(324) User=0.00s Sys=0.00s Real=0.00s
[409.607s][info][gc,start       ] GC(325) Pause Full (Ergonomics)
[409.607s][info][gc,phases,start] GC(325) Marking Phase
[409.608s][info][gc,phases      ] GC(325) Marking Phase 1.236ms
[409.608s][info][gc,phases,start] GC(325) Summary Phase
[409.608s][info][gc,phases      ] GC(325) Summary Phase 0.012ms
[409.608s][info][gc,phases,start] GC(325) Adjust Roots
[409.609s][info][gc,phases      ] GC(325) Adjust Roots 0.177ms
[409.609s][info][gc,phases,start] GC(325) Compaction Phase
[409.613s][info][gc,phases      ] GC(325) Compaction Phase 4.240ms
[409.613s][info][gc,phases,start] GC(325) Post Compact
[409.613s][info][gc,phases      ] GC(325) Post Compact 0.241ms
[409.613s][info][gc,heap        ] GC(325) PSYoungGen: 15360K(143360K)->0K(144896K) Eden: 0K(112128K)->0K(115200K) From: 15360K(31232K)->0K(29696K)
[409.613s][info][gc,heap        ] GC(325) ParOldGen: 176128K(218624K)->68179K(270336K)
[409.613s][info][gc,metaspace   ] GC(325) Metaspace: 1070K(1280K)->1070K(1280K) NonClass: 988K(1088K)->988K(1088K) Class: 81K(192K)->81K(192K)
[409.613s][info][gc             ] GC(325) Pause Full (Ergonomics) 187M->66M(405M) 6.173ms
[409.613s][info][gc,cpu         ] GC(325) User=0.00s Sys=0.00s Real=0.01s
[410.930s][info][gc,start       ] GC(326) Pause Young (Allocation Failure)
[410.932s][info][gc,heap        ] GC(326) PSYoungGen: 114943K(144896K)->15360K(144896K) Eden: 114943K(115200K)->0K(115200K) From: 0K(29696K)->15360K(29696K)
[410.932s][info][gc,heap        ] GC(326) ParOldGen: 170579K(270336K)->170579K(270336K)
[410.932s][info][gc,metaspace   ] GC(326) Metaspace: 1070K(1280K)->1070K(1280K) NonClass: 988K(1088K)->988K(1088K) Class: 81K(192K)->81K(192K)
[410.932s][info][gc             ] GC(326) Pause Young (Allocation Failure) 278M->181M(405M) 1.556ms
[410.932s][info][gc,cpu         ] GC(326) User=0.00s Sys=0.00s Real=0.00s
[412.473s][info][gc,start       ] GC(327) Pause Full (Ergonomics)
[412.473s][info][gc,phases,start] GC(327) Marking Phase
[412.475s][info][gc,phases      ] GC(327) Marking Phase 1.317ms
[412.475s][info][gc,phases,start] GC(327) Summary Phase
[412.475s][info][gc,phases      ] GC(327) Summary Phase 0.016ms
[412.475s][info][gc,phases,start] GC(327) Adjust Roots
[412.475s][info][gc,phases      ] GC(327) Adjust Roots 0.202ms
[412.475s][info][gc,phases,start] GC(327) Compaction Phase
[412.476s][info][gc,phases      ] GC(327) Compaction Phase 1.307ms
[412.476s][info][gc,phases,start] GC(327) Post Compact
[412.477s][info][gc,phases      ] GC(327) Post Compact 0.525ms
[412.481s][info][gc,heap        ] GC(327) PSYoungGen: 130303K(144896K)->0K(145920K) Eden: 114943K(115200K)->0K(117248K) From: 15360K(29696K)->0K(28672K)
[412.481s][info][gc,heap        ] GC(327) ParOldGen: 272979K(349696K)->17408K(215552K)
[412.481s][info][gc,metaspace   ] GC(327) Metaspace: 1070K(1280K)->1070K(1280K) NonClass: 988K(1088K)->988K(1088K) Class: 81K(192K)->81K(192K)
[412.481s][info][gc             ] GC(327) Pause Full (Ergonomics) 393M->17M(353M) 7.685ms
[412.481s][info][gc,cpu         ] GC(327) User=0.00s Sys=0.00s Real=0.01s
[413.793s][info][gc,start       ] GC(328) Pause Young (Allocation Failure)
[413.795s][info][gc,heap        ] GC(328) PSYoungGen: 114984K(145920K)->21504K(139264K) Eden: 114984K(117248K)->0K(117248K) From: 0K(28672K)->21504K(22016K)
[413.795s][info][gc,heap        ] GC(328) ParOldGen: 119808K(215552K)->119808K(215552K)
[413.795s][info][gc,metaspace   ] GC(328) Metaspace: 1070K(1280K)->1070K(1280K) NonClass: 988K(1088K)->988K(1088K) Class: 81K(192K)->81K(192K)
[413.795s][info][gc             ] GC(328) Pause Young (Allocation Failure) 229M->138M(346M) 1.821ms
[413.795s][info][gc,cpu         ] GC(328) User=0.00s Sys=0.00s Real=0.00s
[415.103s][info][gc,start       ] GC(329) Pause Young (Allocation Failure)
[415.105s][info][gc,heap        ] GC(329) PSYoungGen: 136488K(139264K)->21504K(143360K) Eden: 114984K(117248K)->0K(114176K) From: 21504K(22016K)->21504K(29184K)
[415.105s][info][gc,heap        ] GC(329) ParOldGen: 222208K(318464K)->222208K(318464K)
[415.105s][info][gc,metaspace   ] GC(329) Metaspace: 1070K(1280K)->1070K(1280K) NonClass: 988K(1088K)->988K(1088K) Class: 81K(192K)->81K(192K)
[415.105s][info][gc             ] GC(329) Pause Young (Allocation Failure) 350M->238M(451M) 2.096ms
[415.105s][info][gc,cpu         ] GC(329) User=0.00s Sys=0.00s Real=0.00s
[416.868s][info][gc,start       ] GC(330) Pause Young (Allocation Failure)
[416.875s][info][gc,heap        ] GC(330) PSYoungGen: 115947K(143360K)->25600K(137728K) Eden: 94443K(114176K)->0K(111616K) From: 21504K(29184K)->25600K(26112K)
[416.875s][info][gc,heap        ] GC(330) ParOldGen: 222208K(318464K)->242688K(318464K)
[416.875s][info][gc,metaspace   ] GC(330) Metaspace: 1070K(1280K)->1070K(1280K) NonClass: 988K(1088K)->988K(1088K) Class: 81K(192K)->81K(192K)
[416.875s][info][gc             ] GC(330) Pause Young (Allocation Failure) 330M->262M(445M) 6.947ms
[416.875s][info][gc,cpu         ] GC(330) User=0.00s Sys=0.00s Real=0.01s
[416.875s][info][gc,start       ] GC(331) Pause Full (Ergonomics)
[416.875s][info][gc,phases,start] GC(331) Marking Phase
[416.876s][info][gc,phases      ] GC(331) Marking Phase 1.333ms
[416.876s][info][gc,phases,start] GC(331) Summary Phase
[416.876s][info][gc,phases      ] GC(331) Summary Phase 0.013ms
[416.876s][info][gc,phases,start] GC(331) Adjust Roots
[416.876s][info][gc,phases      ] GC(331) Adjust Roots 0.273ms
[416.876s][info][gc,phases,start] GC(331) Compaction Phase
[416.878s][info][gc,phases      ] GC(331) Compaction Phase 1.558ms
[416.878s][info][gc,phases,start] GC(331) Post Compact
[416.878s][info][gc,phases      ] GC(331) Post Compact 0.317ms
[416.880s][info][gc,heap        ] GC(331) PSYoungGen: 25600K(137728K)->0K(142336K) Eden: 0K(111616K)->0K(110080K) From: 25600K(26112K)->0K(32256K)
[416.880s][info][gc,heap        ] GC(331) ParOldGen: 242688K(318464K)->27648K(217600K)
[416.880s][info][gc,metaspace   ] GC(331) Metaspace: 1070K(1280K)->1070K(1280K) NonClass: 988K(1088K)->988K(1088K) Class: 81K(192K)->81K(192K)
[416.880s][info][gc             ] GC(331) Pause Full (Ergonomics) 262M->27M(351M) 5.296ms
[416.880s][info][gc,cpu         ] GC(331) User=0.00s Sys=0.00s Real=0.00s
[418.201s][info][gc,start       ] GC(332) Pause Young (Allocation Failure)
[418.202s][info][gc,heap        ] GC(332) PSYoungGen: 104599K(142336K)->15360K(142336K) Eden: 104599K(110080K)->0K(110080K) From: 0K(32256K)->15360K(32256K)
[418.202s][info][gc,heap        ] GC(332) ParOldGen: 130048K(217600K)->130048K(217600K)
[418.202s][info][gc,metaspace   ] GC(332) Metaspace: 1070K(1280K)->1070K(1280K) NonClass: 988K(1088K)->988K(1088K) Class: 81K(192K)->81K(192K)
[418.202s][info][gc             ] GC(332) Pause Young (Allocation Failure) 229M->142M(351M) 1.409ms
[418.202s][info][gc,cpu         ] GC(332) User=0.00s Sys=0.00s Real=0.00s
[419.734s][info][gc,start       ] GC(333) Pause Young (Allocation Failure)
[419.735s][info][gc,heap        ] GC(333) PSYoungGen: 109720K(142336K)->5120K(142336K) Eden: 94360K(110080K)->0K(111104K) From: 15360K(32256K)->5120K(31232K)
[419.735s][info][gc,heap        ] GC(333) ParOldGen: 232448K(320512K)->232448K(320512K)
[419.735s][info][gc,metaspace   ] GC(333) Metaspace: 1070K(1280K)->1070K(1280K) NonClass: 988K(1088K)->988K(1088K) Class: 81K(192K)->81K(192K)
[419.735s][info][gc             ] GC(333) Pause Young (Allocation Failure) 334M->232M(452M) 0.719ms
[419.735s][info][gc,cpu         ] GC(333) User=0.00s Sys=0.00s Real=0.00s
[421.076s][info][gc,start       ] GC(334) Pause Full (Ergonomics)
[421.076s][info][gc,phases,start] GC(334) Marking Phase
[421.077s][info][gc,phases      ] GC(334) Marking Phase 1.298ms
[421.077s][info][gc,phases,start] GC(334) Summary Phase
[421.077s][info][gc,phases      ] GC(334) Summary Phase 0.014ms
[421.077s][info][gc,phases,start] GC(334) Adjust Roots
[421.077s][info][gc,phases      ] GC(334) Adjust Roots 0.192ms
[421.077s][info][gc,phases,start] GC(334) Compaction Phase
[421.086s][info][gc,phases      ] GC(334) Compaction Phase 8.613ms
[421.086s][info][gc,phases,start] GC(334) Post Compact
[421.087s][info][gc,phases      ] GC(334) Post Compact 0.593ms
[421.088s][info][gc,heap        ] GC(334) PSYoungGen: 109741K(142336K)->0K(142848K) Eden: 104621K(111104K)->0K(111104K) From: 5120K(31232K)->0K(31744K)
[421.088s][info][gc,heap        ] GC(334) ParOldGen: 334848K(349696K)->119379K(304640K)
[421.088s][info][gc,metaspace   ] GC(334) Metaspace: 1070K(1280K)->1070K(1280K) NonClass: 988K(1088K)->988K(1088K) Class: 81K(192K)->81K(192K)
[421.088s][info][gc             ] GC(334) Pause Full (Ergonomics) 434M->116M(437M) 12.538ms
[421.088s][info][gc,cpu         ] GC(334) User=0.00s Sys=0.00s Real=0.01s
[422.299s][info][gc,start       ] GC(335) Pause Young (Allocation Failure)
[422.299s][info][gc,heap        ] GC(335) PSYoungGen: 104621K(142848K)->11264K(143360K) Eden: 104621K(111104K)->0K(111616K) From: 0K(31744K)->11264K(31744K)
[422.299s][info][gc,heap        ] GC(335) ParOldGen: 221779K(304640K)->221779K(304640K)
[422.299s][info][gc,metaspace   ] GC(335) Metaspace: 1070K(1280K)->1070K(1280K) NonClass: 988K(1088K)->988K(1088K) Class: 81K(192K)->81K(192K)
[422.299s][info][gc             ] GC(335) Pause Young (Allocation Failure) 318M->227M(437M) 0.847ms
[422.299s][info][gc,cpu         ] GC(335) User=0.00s Sys=0.00s Real=0.00s
[423.826s][info][gc,start       ] GC(336) Pause Full (Ergonomics)
[423.826s][info][gc,phases,start] GC(336) Marking Phase
[423.828s][info][gc,phases      ] GC(336) Marking Phase 1.302ms
[423.828s][info][gc,phases,start] GC(336) Summary Phase
[423.828s][info][gc,phases      ] GC(336) Summary Phase 0.016ms
[423.828s][info][gc,phases,start] GC(336) Adjust Roots
[423.828s][info][gc,phases      ] GC(336) Adjust Roots 0.198ms
[423.828s][info][gc,phases,start] GC(336) Compaction Phase
[423.829s][info][gc,phases      ] GC(336) Compaction Phase 0.979ms
[423.829s][info][gc,phases,start] GC(336) Post Compact
[423.830s][info][gc,phases      ] GC(336) Post Compact 0.559ms
[423.836s][info][gc,heap        ] GC(336) PSYoungGen: 121016K(143360K)->0K(142848K) Eden: 109752K(111616K)->0K(111616K) From: 11264K(31744K)->0K(31232K)
[423.836s][info][gc,heap        ] GC(336) ParOldGen: 324179K(349696K)->12288K(194048K)
[423.836s][info][gc,metaspace   ] GC(336) Metaspace: 1070K(1280K)->1070K(1280K) NonClass: 988K(1088K)->988K(1088K) Class: 81K(192K)->81K(192K)
[423.836s][info][gc             ] GC(336) Pause Full (Ergonomics) 434M->12M(329M) 9.836ms
[423.836s][info][gc,cpu         ] GC(336) User=0.00s Sys=0.00s Real=0.01s
[425.041s][info][gc,start       ] GC(337) Pause Young (Allocation Failure)
[425.042s][info][gc,heap        ] GC(337) PSYoungGen: 109752K(142848K)->10240K(143872K) Eden: 109752K(111616K)->0K(112640K) From: 0K(31232K)->10240K(31232K)
[425.042s][info][gc,heap        ] GC(337) ParOldGen: 114688K(194048K)->114688K(194048K)
[425.042s][info][gc,metaspace   ] GC(337) Metaspace: 1070K(1280K)->1070K(1280K) NonClass: 988K(1088K)->988K(1088K) Class: 81K(192K)->81K(192K)
[425.042s][info][gc             ] GC(337) Pause Young (Allocation Failure) 219M->122M(330M) 1.002ms
[425.042s][info][gc,cpu         ] GC(337) User=0.00s Sys=0.00s Real=0.00s
[426.151s][info][gc,start       ] GC(338) Pause Young (Allocation Failure)
[426.153s][info][gc,heap        ] GC(338) PSYoungGen: 120012K(143872K)->25600K(136192K) Eden: 109772K(112640K)->0K(110080K) From: 10240K(31232K)->25600K(26112K)
[426.153s][info][gc,heap        ] GC(338) ParOldGen: 217088K(296960K)->217088K(296960K)
[426.153s][info][gc,metaspace   ] GC(338) Metaspace: 1070K(1280K)->1070K(1280K) NonClass: 988K(1088K)->988K(1088K) Class: 81K(192K)->81K(192K)
[426.153s][info][gc             ] GC(338) Pause Young (Allocation Failure) 329M->237M(423M) 1.934ms
[426.153s][info][gc,cpu         ] GC(338) User=0.00s Sys=0.00s Real=0.00s
[428.230s][info][gc,start       ] GC(339) Pause Young (Allocation Failure)
[428.232s][info][gc,heap        ] GC(339) PSYoungGen: 135321K(136192K)->15360K(143360K) Eden: 109721K(110080K)->0K(110592K) From: 25600K(26112K)->15360K(32768K)
[428.232s][info][gc,heap        ] GC(339) ParOldGen: 217088K(296960K)->217088K(296960K)
[428.232s][info][gc,metaspace   ] GC(339) Metaspace: 1070K(1280K)->1070K(1280K) NonClass: 988K(1088K)->988K(1088K) Class: 81K(192K)->81K(192K)
[428.232s][info][gc             ] GC(339) Pause Young (Allocation Failure) 344M->227M(430M) 1.751ms
[428.232s][info][gc,cpu         ] GC(339) User=0.00s Sys=0.00s Real=0.00s
[429.461s][info][gc,start       ] GC(340) Pause Full (Ergonomics)
[429.462s][info][gc,phases,start] GC(340) Marking Phase
[429.463s][info][gc,phases      ] GC(340) Marking Phase 1.234ms
[429.463s][info][gc,phases,start] GC(340) Summary Phase
[429.463s][info][gc,phases      ] GC(340) Summary Phase 0.013ms
[429.463s][info][gc,phases,start] GC(340) Adjust Roots
[429.463s][info][gc,phases      ] GC(340) Adjust Roots 0.191ms
[429.463s][info][gc,phases,start] GC(340) Compaction Phase
[429.468s][info][gc,phases      ] GC(340) Compaction Phase 4.585ms
[429.468s][info][gc,phases,start] GC(340) Post Compact
[429.468s][info][gc,phases      ] GC(340) Post Compact 0.525ms
[429.472s][info][gc,heap        ] GC(340) PSYoungGen: 119970K(143360K)->0K(141824K) Eden: 104610K(110592K)->0K(110592K) From: 15360K(32768K)->0K(31232K)
[429.472s][info][gc,heap        ] GC(340) ParOldGen: 319488K(349696K)->68608K(246272K)
[429.472s][info][gc,metaspace   ] GC(340) Metaspace: 1070K(1280K)->1070K(1280K) NonClass: 988K(1088K)->988K(1088K) Class: 81K(192K)->81K(192K)
[429.472s][info][gc             ] GC(340) Pause Full (Ergonomics) 429M->67M(379M) 10.620ms
[429.472s][info][gc,cpu         ] GC(340) User=0.00s Sys=0.00s Real=0.01s
[430.569s][info][gc,start       ] GC(341) Pause Full (Ergonomics)
[430.569s][info][gc,phases,start] GC(341) Marking Phase
[430.571s][info][gc,phases      ] GC(341) Marking Phase 1.296ms
[430.571s][info][gc,phases,start] GC(341) Summary Phase
[430.571s][info][gc,phases      ] GC(341) Summary Phase 0.014ms
[430.571s][info][gc,phases,start] GC(341) Adjust Roots
[430.571s][info][gc,phases      ] GC(341) Adjust Roots 0.186ms
[430.571s][info][gc,phases,start] GC(341) Compaction Phase
[430.584s][info][gc,phases      ] GC(341) Compaction Phase 12.819ms
[430.584s][info][gc,phases,start] GC(341) Post Compact
[430.584s][info][gc,phases      ] GC(341) Post Compact 0.353ms
[430.585s][info][gc,heap        ] GC(341) PSYoungGen: 109731K(141824K)->0K(143360K) Eden: 109731K(110592K)->0K(112128K) From: 0K(31232K)->0K(31232K)
[430.585s][info][gc,heap        ] GC(341) ParOldGen: 171008K(246272K)->170579K(346112K)
[430.585s][info][gc,metaspace   ] GC(341) Metaspace: 1070K(1280K)->1070K(1280K) NonClass: 988K(1088K)->988K(1088K) Class: 81K(192K)->81K(192K)
[430.585s][info][gc             ] GC(341) Pause Full (Ergonomics) 274M->166M(478M) 15.089ms
[430.585s][info][gc,cpu         ] GC(341) User=0.00s Sys=0.00s Real=0.01s
[432.677s][info][gc,start       ] GC(342) Pause Full (Ergonomics)
[432.677s][info][gc,phases,start] GC(342) Marking Phase
[432.678s][info][gc,phases      ] GC(342) Marking Phase 1.422ms
[432.678s][info][gc,phases,start] GC(342) Summary Phase
[432.678s][info][gc,phases      ] GC(342) Summary Phase 0.014ms
[432.678s][info][gc,phases,start] GC(342) Adjust Roots
[432.678s][info][gc,phases      ] GC(342) Adjust Roots 0.318ms
[432.678s][info][gc,phases,start] GC(342) Compaction Phase
[432.681s][info][gc,phases      ] GC(342) Compaction Phase 2.605ms
[432.681s][info][gc,phases,start] GC(342) Post Compact
[432.682s][info][gc,phases      ] GC(342) Post Compact 0.745ms
[432.686s][info][gc,heap        ] GC(342) PSYoungGen: 84162K(143360K)->0K(143360K) Eden: 84162K(112128K)->0K(112128K) From: 0K(31232K)->0K(31232K)
[432.686s][info][gc,heap        ] GC(342) ParOldGen: 272979K(346112K)->28243K(201728K)
[432.686s][info][gc,metaspace   ] GC(342) Metaspace: 1070K(1280K)->1070K(1280K) NonClass: 988K(1088K)->988K(1088K) Class: 81K(192K)->81K(192K)
[432.686s][info][gc             ] GC(342) Pause Full (Ergonomics) 348M->27M(337M) 9.568ms
[432.686s][info][gc,cpu         ] GC(342) User=0.00s Sys=0.02s Real=0.01s
[434.000s][info][gc,start       ] GC(343) Pause Full (Ergonomics)
[434.000s][info][gc,phases,start] GC(343) Marking Phase
[434.001s][info][gc,phases      ] GC(343) Marking Phase 1.353ms
[434.001s][info][gc,phases,start] GC(343) Summary Phase
[434.001s][info][gc,phases      ] GC(343) Summary Phase 0.015ms
[434.001s][info][gc,phases,start] GC(343) Adjust Roots
[434.002s][info][gc,phases      ] GC(343) Adjust Roots 0.275ms
[434.002s][info][gc,phases,start] GC(343) Compaction Phase
[434.003s][info][gc,phases      ] GC(343) Compaction Phase 1.731ms
[434.004s][info][gc,phases,start] GC(343) Post Compact
[434.004s][info][gc,phases      ] GC(343) Post Compact 0.290ms
[434.004s][info][gc,heap        ] GC(343) PSYoungGen: 104642K(143360K)->0K(143360K) Eden: 104642K(112128K)->0K(112128K) From: 0K(31232K)->0K(31232K)
[434.004s][info][gc,heap        ] GC(343) ParOldGen: 130643K(201728K)->29267K(200704K)
[434.004s][info][gc,metaspace   ] GC(343) Metaspace: 1070K(1280K)->1070K(1280K) NonClass: 988K(1088K)->988K(1088K) Class: 81K(192K)->81K(192K)
[434.004s][info][gc             ] GC(343) Pause Full (Ergonomics) 229M->28M(336M) 3.941ms
[434.004s][info][gc,cpu         ] GC(343) User=0.00s Sys=0.00s Real=0.00s
[435.419s][info][gc,start       ] GC(344) Pause Full (Ergonomics)
[435.419s][info][gc,phases,start] GC(344) Marking Phase
[435.421s][info][gc,phases      ] GC(344) Marking Phase 1.300ms
[435.421s][info][gc,phases,start] GC(344) Summary Phase
[435.421s][info][gc,phases      ] GC(344) Summary Phase 0.012ms
[435.421s][info][gc,phases,start] GC(344) Adjust Roots
[435.421s][info][gc,phases      ] GC(344) Adjust Roots 0.211ms
[435.421s][info][gc,phases,start] GC(344) Compaction Phase
[435.422s][info][gc,phases      ] GC(344) Compaction Phase 0.709ms
[435.422s][info][gc,phases,start] GC(344) Post Compact
[435.422s][info][gc,phases      ] GC(344) Post Compact 0.278ms
[435.423s][info][gc,heap        ] GC(344) PSYoungGen: 99522K(143360K)->0K(143360K) Eden: 99522K(112128K)->0K(112128K) From: 0K(31232K)->0K(31232K)
[435.423s][info][gc,heap        ] GC(344) ParOldGen: 131667K(200704K)->12288K(181760K)
[435.423s][info][gc,metaspace   ] GC(344) Metaspace: 1070K(1280K)->1070K(1280K) NonClass: 988K(1088K)->988K(1088K) Class: 81K(192K)->81K(192K)
[435.423s][info][gc             ] GC(344) Pause Full (Ergonomics) 225M->12M(317M) 3.593ms
[435.423s][info][gc,cpu         ] GC(344) User=0.00s Sys=0.00s Real=0.00s
[436.626s][info][gc,start       ] GC(345) Pause Full (Ergonomics)
[436.626s][info][gc,phases,start] GC(345) Marking Phase
[436.627s][info][gc,phases      ] GC(345) Marking Phase 1.375ms
[436.627s][info][gc,phases,start] GC(345) Summary Phase
[436.627s][info][gc,phases      ] GC(345) Summary Phase 0.012ms
[436.627s][info][gc,phases,start] GC(345) Adjust Roots
[436.627s][info][gc,phases      ] GC(345) Adjust Roots 0.272ms
[436.627s][info][gc,phases,start] GC(345) Compaction Phase
[436.629s][info][gc,phases      ] GC(345) Compaction Phase 1.642ms
[436.629s][info][gc,phases,start] GC(345) Post Compact
[436.629s][info][gc,phases      ] GC(345) Post Compact 0.264ms
[436.629s][info][gc,heap        ] GC(345) PSYoungGen: 104642K(143360K)->0K(143360K) Eden: 104642K(112128K)->0K(112128K) From: 0K(31232K)->0K(31232K)
[436.629s][info][gc,heap        ] GC(345) ParOldGen: 114688K(181760K)->22528K(189952K)
[436.629s][info][gc,metaspace   ] GC(345) Metaspace: 1070K(1280K)->1070K(1280K) NonClass: 988K(1088K)->988K(1088K) Class: 81K(192K)->81K(192K)
[436.629s][info][gc             ] GC(345) Pause Full (Ergonomics) 214M->22M(325M) 3.774ms
[436.629s][info][gc,cpu         ] GC(345) User=0.00s Sys=0.00s Real=0.00s
[437.718s][info][gc,start       ] GC(346) Pause Full (Ergonomics)
[437.718s][info][gc,phases,start] GC(346) Marking Phase
[437.719s][info][gc,phases      ] GC(346) Marking Phase 1.297ms
[437.719s][info][gc,phases,start] GC(346) Summary Phase
[437.719s][info][gc,phases      ] GC(346) Summary Phase 0.013ms
[437.719s][info][gc,phases,start] GC(346) Adjust Roots
[437.720s][info][gc,phases      ] GC(346) Adjust Roots 0.245ms
[437.720s][info][gc,phases,start] GC(346) Compaction Phase
[437.722s][info][gc,phases      ] GC(346) Compaction Phase 2.113ms
[437.722s][info][gc,phases,start] GC(346) Post Compact
[437.722s][info][gc,phases      ] GC(346) Post Compact 0.293ms
[437.722s][info][gc,heap        ] GC(346) PSYoungGen: 109762K(143360K)->0K(143360K) Eden: 109762K(112128K)->0K(112128K) From: 0K(31232K)->0K(31232K)
[437.722s][info][gc,heap        ] GC(346) ParOldGen: 124928K(189952K)->43008K(208384K)
[437.722s][info][gc,metaspace   ] GC(346) Metaspace: 1070K(1280K)->1070K(1280K) NonClass: 988K(1088K)->988K(1088K) Class: 81K(192K)->81K(192K)
[437.722s][info][gc             ] GC(346) Pause Full (Ergonomics) 229M->42M(343M) 4.214ms
[437.722s][info][gc,cpu         ] GC(346) User=0.00s Sys=0.00s Real=0.00s
[439.035s][info][gc,start       ] GC(347) Pause Young (Allocation Failure)
[439.039s][info][gc,heap        ] GC(347) PSYoungGen: 109762K(143360K)->0K(140288K) Eden: 109762K(112128K)->0K(109056K) From: 0K(31232K)->0K(31232K)
[439.039s][info][gc,heap        ] GC(347) ParOldGen: 43008K(208384K)->94208K(208384K)
[439.039s][info][gc,metaspace   ] GC(347) Metaspace: 1070K(1280K)->1070K(1280K) NonClass: 988K(1088K)->988K(1088K) Class: 81K(192K)->81K(192K)
[439.039s][info][gc             ] GC(347) Pause Young (Allocation Failure) 149M->92M(340M) 4.437ms
[439.039s][info][gc,cpu         ] GC(347) User=0.00s Sys=0.00s Real=0.00s
[439.798s][info][gc,start       ] GC(348) Pause Young (Allocation Failure)
[439.801s][info][gc,heap        ] GC(348) PSYoungGen: 63619K(140288K)->25600K(132608K) Eden: 63619K(109056K)->0K(106496K) From: 0K(31232K)->25600K(26112K)
[439.801s][info][gc,heap        ] GC(348) ParOldGen: 94208K(208384K)->94208K(208384K)
[439.801s][info][gc,metaspace   ] GC(348) Metaspace: 1070K(1280K)->1070K(1280K) NonClass: 988K(1088K)->988K(1088K) Class: 81K(192K)->81K(192K)
[439.801s][info][gc             ] GC(348) Pause Young (Allocation Failure) 154M->117M(333M) 3.349ms
[439.801s][info][gc,cpu         ] GC(348) User=0.00s Sys=0.00s Real=0.00s
[441.110s][info][gc,start       ] GC(349) Pause Full (Ergonomics)
[441.110s][info][gc,phases,start] GC(349) Marking Phase
[441.111s][info][gc,phases      ] GC(349) Marking Phase 1.361ms
[441.111s][info][gc,phases,start] GC(349) Summary Phase
[441.111s][info][gc,phases      ] GC(349) Summary Phase 0.017ms
[441.111s][info][gc,phases,start] GC(349) Adjust Roots
[441.111s][info][gc,phases      ] GC(349) Adjust Roots 0.290ms
[441.111s][info][gc,phases,start] GC(349) Compaction Phase
[441.120s][info][gc,phases      ] GC(349) Compaction Phase 8.659ms
[441.120s][info][gc,phases,start] GC(349) Post Compact
[441.121s][info][gc,phases      ] GC(349) Post Compact 0.389ms
[441.121s][info][gc,heap        ] GC(349) PSYoungGen: 130103K(132608K)->0K(139776K) Eden: 104503K(106496K)->0K(104960K) From: 25600K(26112K)->0K(34816K)
[441.121s][info][gc,heap        ] GC(349) ParOldGen: 196608K(208384K)->124499K(296960K)
[441.121s][info][gc,metaspace   ] GC(349) Metaspace: 1070K(1280K)->1070K(1280K) NonClass: 988K(1088K)->988K(1088K) Class: 81K(192K)->81K(192K)
[441.121s][info][gc             ] GC(349) Pause Full (Ergonomics) 319M->121M(426M) 11.118ms
[441.121s][info][gc,cpu         ] GC(349) User=0.00s Sys=0.00s Real=0.01s
[442.238s][info][gc,start       ] GC(350) Pause Full (Ergonomics)
[442.238s][info][gc,phases,start] GC(350) Marking Phase
[442.239s][info][gc,phases      ] GC(350) Marking Phase 1.453ms
[442.239s][info][gc,phases,start] GC(350) Summary Phase
[442.239s][info][gc,phases      ] GC(350) Summary Phase 0.014ms
[442.239s][info][gc,phases,start] GC(350) Adjust Roots
[442.240s][info][gc,phases      ] GC(350) Adjust Roots 0.229ms
[442.240s][info][gc,phases,start] GC(350) Compaction Phase
[442.241s][info][gc,phases      ] GC(350) Compaction Phase 1.188ms
[442.241s][info][gc,phases,start] GC(350) Post Compact
[442.241s][info][gc,phases      ] GC(350) Post Compact 0.430ms
[442.241s][info][gc,heap        ] GC(350) PSYoungGen: 101444K(139776K)->0K(139776K) Eden: 101444K(104960K)->0K(104960K) From: 0K(34816K)->0K(34816K)
[442.241s][info][gc,heap        ] GC(350) ParOldGen: 226899K(296960K)->120403K(291328K)
[442.241s][info][gc,metaspace   ] GC(350) Metaspace: 1070K(1280K)->1070K(1280K) NonClass: 988K(1088K)->988K(1088K) Class: 81K(192K)->81K(192K)
[442.241s][info][gc             ] GC(350) Pause Full (Ergonomics) 320M->117M(421M) 3.628ms
[442.242s][info][gc,cpu         ] GC(350) User=0.00s Sys=0.00s Real=0.00s
[444.095s][info][gc,start       ] GC(351) Pause Young (Allocation Failure)
[444.098s][info][gc,heap        ] GC(351) PSYoungGen: 78888K(139776K)->31744K(131584K) Eden: 78888K(104960K)->0K(96768K) From: 0K(34816K)->31744K(34816K)
[444.098s][info][gc,heap        ] GC(351) ParOldGen: 120403K(291328K)->120403K(291328K)
[444.098s][info][gc,metaspace   ] GC(351) Metaspace: 1070K(1280K)->1070K(1280K) NonClass: 988K(1088K)->988K(1088K) Class: 81K(192K)->81K(192K)
[444.098s][info][gc             ] GC(351) Pause Young (Allocation Failure) 194M->148M(413M) 3.123ms
[444.098s][info][gc,cpu         ] GC(351) User=0.00s Sys=0.00s Real=0.00s
[445.294s][info][gc,start       ] GC(352) Pause Full (Ergonomics)
[445.294s][info][gc,phases,start] GC(352) Marking Phase
[445.295s][info][gc,phases      ] GC(352) Marking Phase 1.456ms
[445.295s][info][gc,phases,start] GC(352) Summary Phase
[445.295s][info][gc,phases      ] GC(352) Summary Phase 0.014ms
[445.295s][info][gc,phases,start] GC(352) Adjust Roots
[445.296s][info][gc,phases      ] GC(352) Adjust Roots 0.200ms
[445.296s][info][gc,phases,start] GC(352) Compaction Phase
[445.298s][info][gc,phases      ] GC(352) Compaction Phase 2.153ms
[445.298s][info][gc,phases,start] GC(352) Post Compact
[445.298s][info][gc,phases      ] GC(352) Post Compact 0.463ms
[445.300s][info][gc,heap        ] GC(352) PSYoungGen: 126856K(131584K)->0K(135680K) Eden: 95112K(96768K)->0K(96768K) From: 31744K(34816K)->0K(38912K)
[445.300s][info][gc,heap        ] GC(352) ParOldGen: 222803K(291328K)->28672K(197120K)
[445.300s][info][gc,metaspace   ] GC(352) Metaspace: 1070K(1280K)->1070K(1280K) NonClass: 988K(1088K)->988K(1088K) Class: 81K(192K)->81K(192K)
[445.300s][info][gc             ] GC(352) Pause Full (Ergonomics) 341M->28M(325M) 6.365ms
[445.300s][info][gc,cpu         ] GC(352) User=0.03s Sys=0.00s Real=0.01s
[446.714s][info][gc,start       ] GC(353) Pause Full (Ergonomics)
[446.714s][info][gc,phases,start] GC(353) Marking Phase
[446.716s][info][gc,phases      ] GC(353) Marking Phase 1.198ms
[446.716s][info][gc,phases,start] GC(353) Summary Phase
[446.716s][info][gc,phases      ] GC(353) Summary Phase 0.012ms
[446.716s][info][gc,phases,start] GC(353) Adjust Roots
[446.716s][info][gc,phases      ] GC(353) Adjust Roots 0.188ms
[446.716s][info][gc,phases,start] GC(353) Compaction Phase
[446.716s][info][gc,phases      ] GC(353) Compaction Phase 0.490ms
[446.716s][info][gc,phases,start] GC(353) Post Compact
[446.717s][info][gc,phases      ] GC(353) Post Compact 0.274ms
[446.718s][info][gc,heap        ] GC(353) PSYoungGen: 95115K(135680K)->0K(135680K) Eden: 95115K(96768K)->0K(96768K) From: 0K(38912K)->0K(38912K)
[446.718s][info][gc,heap        ] GC(353) ParOldGen: 131072K(197120K)->7168K(174080K)
[446.718s][info][gc,metaspace   ] GC(353) Metaspace: 1070K(1280K)->1070K(1280K) NonClass: 988K(1088K)->988K(1088K) Class: 81K(192K)->81K(192K)
[446.718s][info][gc             ] GC(353) Pause Full (Ergonomics) 220M->7M(302M) 3.486ms
[446.718s][info][gc,cpu         ] GC(353) User=0.00s Sys=0.00s Real=0.00s
[447.589s][info][gc,start       ] GC(354) Pause Full (Ergonomics)
[447.589s][info][gc,phases,start] GC(354) Marking Phase
[447.590s][info][gc,phases      ] GC(354) Marking Phase 1.308ms
[447.590s][info][gc,phases,start] GC(354) Summary Phase
[447.590s][info][gc,phases      ] GC(354) Summary Phase 0.012ms
[447.590s][info][gc,phases,start] GC(354) Adjust Roots
[447.590s][info][gc,phases      ] GC(354) Adjust Roots 0.212ms
[447.590s][info][gc,phases,start] GC(354) Compaction Phase
[447.592s][info][gc,phases      ] GC(354) Compaction Phase 1.694ms
[447.592s][info][gc,phases,start] GC(354) Post Compact
[447.592s][info][gc,phases      ] GC(354) Post Compact 0.242ms
[447.592s][info][gc,heap        ] GC(354) PSYoungGen: 95116K(135680K)->0K(135680K) Eden: 95116K(96768K)->0K(96768K) From: 0K(38912K)->0K(38912K)
[447.593s][info][gc,heap        ] GC(354) ParOldGen: 109568K(174080K)->27648K(193024K)
[447.593s][info][gc,metaspace   ] GC(354) Metaspace: 1070K(1280K)->1070K(1280K) NonClass: 988K(1088K)->988K(1088K) Class: 81K(192K)->81K(192K)
[447.593s][info][gc             ] GC(354) Pause Full (Ergonomics) 199M->27M(321M) 3.778ms
[447.593s][info][gc,cpu         ] GC(354) User=0.02s Sys=0.00s Real=0.00s
[449.445s][info][gc,start       ] GC(355) Pause Full (Ergonomics)
[449.445s][info][gc,phases,start] GC(355) Marking Phase
[449.446s][info][gc,phases      ] GC(355) Marking Phase 1.375ms
[449.446s][info][gc,phases,start] GC(355) Summary Phase
[449.446s][info][gc,phases      ] GC(355) Summary Phase 0.013ms
[449.446s][info][gc,phases,start] GC(355) Adjust Roots
[449.447s][info][gc,phases      ] GC(355) Adjust Roots 0.311ms
[449.447s][info][gc,phases,start] GC(355) Compaction Phase
[449.448s][info][gc,phases      ] GC(355) Compaction Phase 1.393ms
[449.448s][info][gc,phases,start] GC(355) Post Compact
[449.448s][info][gc,phases      ] GC(355) Post Compact 0.411ms
[449.449s][info][gc,heap        ] GC(355) PSYoungGen: 95117K(135680K)->0K(135680K) Eden: 95117K(96768K)->0K(96768K) From: 0K(38912K)->0K(38912K)
[449.449s][info][gc,heap        ] GC(355) ParOldGen: 181248K(193024K)->94208K(258048K)
[449.449s][info][gc,metaspace   ] GC(355) Metaspace: 1070K(1280K)->1070K(1280K) NonClass: 988K(1088K)->988K(1088K) Class: 81K(192K)->81K(192K)
[449.449s][info][gc             ] GC(355) Pause Full (Ergonomics) 269M->92M(384M) 3.885ms
[449.449s][info][gc,cpu         ] GC(355) User=0.00s Sys=0.00s Real=0.00s
[450.543s][info][gc,start       ] GC(356) Pause Full (Ergonomics)
[450.543s][info][gc,phases,start] GC(356) Marking Phase
[450.545s][info][gc,phases      ] GC(356) Marking Phase 1.367ms
[450.545s][info][gc,phases,start] GC(356) Summary Phase
[450.545s][info][gc,phases      ] GC(356) Summary Phase 0.013ms
[450.545s][info][gc,phases,start] GC(356) Adjust Roots
[450.545s][info][gc,phases      ] GC(356) Adjust Roots 0.241ms
[450.545s][info][gc,phases,start] GC(356) Compaction Phase
[450.552s][info][gc,phases      ] GC(356) Compaction Phase 6.918ms
[450.552s][info][gc,phases,start] GC(356) Post Compact
[450.552s][info][gc,phases      ] GC(356) Post Compact 0.350ms
[450.552s][info][gc,heap        ] GC(356) PSYoungGen: 94094K(135680K)->0K(135680K) Eden: 94094K(96768K)->0K(96768K) From: 0K(38912K)->0K(38912K)
[450.552s][info][gc,heap        ] GC(356) ParOldGen: 196608K(258048K)->104019K(266752K)
[450.552s][info][gc,metaspace   ] GC(356) Metaspace: 1070K(1280K)->1070K(1280K) NonClass: 988K(1088K)->988K(1088K) Class: 81K(192K)->81K(192K)
[450.552s][info][gc             ] GC(356) Pause Full (Ergonomics) 283M->101M(393M) 9.129ms
[450.552s][info][gc,cpu         ] GC(356) User=0.00s Sys=0.00s Real=0.01s
[452.312s][info][gc,start       ] GC(357) Pause Full (Ergonomics)
[452.312s][info][gc,phases,start] GC(357) Marking Phase
[452.314s][info][gc,phases      ] GC(357) Marking Phase 1.472ms
[452.314s][info][gc,phases,start] GC(357) Summary Phase
[452.314s][info][gc,phases      ] GC(357) Summary Phase 0.021ms
[452.314s][info][gc,phases,start] GC(357) Adjust Roots
[452.314s][info][gc,phases      ] GC(357) Adjust Roots 0.264ms
[452.314s][info][gc,phases,start] GC(357) Compaction Phase
[452.315s][info][gc,phases      ] GC(357) Compaction Phase 1.090ms
[452.315s][info][gc,phases,start] GC(357) Post Compact
[452.316s][info][gc,phases      ] GC(357) Post Compact 0.542ms
[452.321s][info][gc,heap        ] GC(357) PSYoungGen: 89998K(135680K)->0K(135680K) Eden: 89998K(96768K)->0K(96768K) From: 0K(38912K)->0K(38912K)
[452.321s][info][gc,heap        ] GC(357) ParOldGen: 257619K(266752K)->13312K(174080K)
[452.321s][info][gc,metaspace   ] GC(357) Metaspace: 1070K(1280K)->1070K(1280K) NonClass: 988K(1088K)->988K(1088K) Class: 81K(192K)->81K(192K)
[452.321s][info][gc             ] GC(357) Pause Full (Ergonomics) 339M->13M(302M) 9.036ms
[452.321s][info][gc,cpu         ] GC(357) User=0.00s Sys=0.00s Real=0.01s
[453.079s][info][gc,start       ] GC(358) Pause Full (Ergonomics)
[453.079s][info][gc,phases,start] GC(358) Marking Phase
[453.080s][info][gc,phases      ] GC(358) Marking Phase 1.339ms
[453.080s][info][gc,phases,start] GC(358) Summary Phase
[453.080s][info][gc,phases      ] GC(358) Summary Phase 0.012ms
[453.080s][info][gc,phases,start] GC(358) Adjust Roots
[453.080s][info][gc,phases      ] GC(358) Adjust Roots 0.210ms
[453.080s][info][gc,phases,start] GC(358) Compaction Phase
[453.081s][info][gc,phases      ] GC(358) Compaction Phase 0.381ms
[453.081s][info][gc,phases,start] GC(358) Post Compact
[453.081s][info][gc,phases      ] GC(358) Post Compact 0.241ms
[453.081s][info][gc,heap        ] GC(358) PSYoungGen: 95118K(135680K)->0K(135680K) Eden: 95118K(96768K)->0K(96768K) From: 0K(38912K)->0K(38912K)
[453.081s][info][gc,heap        ] GC(358) ParOldGen: 115712K(174080K)->14336K(173568K)
[453.081s][info][gc,metaspace   ] GC(358) Metaspace: 1070K(1280K)->1070K(1280K) NonClass: 988K(1088K)->988K(1088K) Class: 81K(192K)->81K(192K)
[453.081s][info][gc             ] GC(358) Pause Full (Ergonomics) 205M->14M(302M) 2.388ms
[453.081s][info][gc,cpu         ] GC(358) User=0.00s Sys=0.00s Real=0.00s
[455.368s][info][gc,start       ] GC(359) Pause Young (Allocation Failure)
[455.370s][info][gc,heap        ] GC(359) PSYoungGen: 94095K(135680K)->25600K(133632K) Eden: 94095K(96768K)->0K(94720K) From: 0K(38912K)->25600K(38912K)
[455.370s][info][gc,heap        ] GC(359) ParOldGen: 14336K(173568K)->14336K(173568K)
[455.370s][info][gc,metaspace   ] GC(359) Metaspace: 1070K(1280K)->1070K(1280K) NonClass: 988K(1088K)->988K(1088K) Class: 81K(192K)->81K(192K)
[455.370s][info][gc             ] GC(359) Pause Young (Allocation Failure) 105M->39M(300M) 1.583ms
[455.370s][info][gc,cpu         ] GC(359) User=0.00s Sys=0.00s Real=0.00s
[456.246s][info][gc,start       ] GC(360) Pause Full (Ergonomics)
[456.247s][info][gc,phases,start] GC(360) Marking Phase
[456.248s][info][gc,phases      ] GC(360) Marking Phase 1.383ms
[456.248s][info][gc,phases,start] GC(360) Summary Phase
[456.248s][info][gc,phases      ] GC(360) Summary Phase 0.012ms
[456.248s][info][gc,phases,start] GC(360) Adjust Roots
[456.248s][info][gc,phases      ] GC(360) Adjust Roots 0.230ms
[456.248s][info][gc,phases,start] GC(360) Compaction Phase
[456.250s][info][gc,phases      ] GC(360) Compaction Phase 1.621ms
[456.250s][info][gc,phases,start] GC(360) Post Compact
[456.250s][info][gc,phases      ] GC(360) Post Compact 0.278ms
[456.250s][info][gc,heap        ] GC(360) PSYoungGen: 115551K(133632K)->0K(134656K) Eden: 89951K(94720K)->0K(94720K) From: 25600K(38912K)->0K(39936K)
[456.250s][info][gc,heap        ] GC(360) ParOldGen: 116736K(173568K)->27648K(184832K)
[456.250s][info][gc,metaspace   ] GC(360) Metaspace: 1070K(1280K)->1070K(1280K) NonClass: 988K(1088K)->988K(1088K) Class: 81K(192K)->81K(192K)
[456.250s][info][gc             ] GC(360) Pause Full (Ergonomics) 226M->27M(312M) 3.740ms
[456.250s][info][gc,cpu         ] GC(360) User=0.00s Sys=0.00s Real=0.00s
[458.220s][info][gc,start       ] GC(361) Pause Full (Ergonomics)
[458.220s][info][gc,phases,start] GC(361) Marking Phase
[458.221s][info][gc,phases      ] GC(361) Marking Phase 1.457ms
[458.221s][info][gc,phases,start] GC(361) Summary Phase
[458.221s][info][gc,phases      ] GC(361) Summary Phase 0.011ms
[458.221s][info][gc,phases,start] GC(361) Adjust Roots
[458.222s][info][gc,phases      ] GC(361) Adjust Roots 0.350ms
[458.222s][info][gc,phases,start] GC(361) Compaction Phase
[458.222s][info][gc,phases      ] GC(361) Compaction Phase 0.595ms
[458.222s][info][gc,phases,start] GC(361) Post Compact
[458.223s][info][gc,phases      ] GC(361) Post Compact 0.299ms
[458.224s][info][gc,heap        ] GC(361) PSYoungGen: 74594K(134656K)->0K(134656K) Eden: 74594K(94720K)->0K(94720K) From: 0K(39936K)->0K(39936K)
[458.224s][info][gc,heap        ] GC(361) ParOldGen: 181248K(184832K)->7168K(162816K)
[458.224s][info][gc,metaspace   ] GC(361) Metaspace: 1070K(1280K)->1070K(1280K) NonClass: 988K(1088K)->988K(1088K) Class: 81K(192K)->81K(192K)
[458.224s][info][gc             ] GC(361) Pause Full (Ergonomics) 249M->7M(290M) 3.879ms
[458.224s][info][gc,cpu         ] GC(361) User=0.00s Sys=0.00s Real=0.00s
[459.095s][info][gc,start       ] GC(362) Pause Full (Ergonomics)
[459.095s][info][gc,phases,start] GC(362) Marking Phase
[459.096s][info][gc,phases      ] GC(362) Marking Phase 1.288ms
[459.096s][info][gc,phases,start] GC(362) Summary Phase
[459.096s][info][gc,phases      ] GC(362) Summary Phase 0.013ms
[459.096s][info][gc,phases,start] GC(362) Adjust Roots
[459.096s][info][gc,phases      ] GC(362) Adjust Roots 0.204ms
[459.096s][info][gc,phases,start] GC(362) Compaction Phase
[459.100s][info][gc,phases      ] GC(362) Compaction Phase 3.908ms
[459.100s][info][gc,phases,start] GC(362) Post Compact
[459.101s][info][gc,phases      ] GC(362) Post Compact 0.244ms
[459.101s][info][gc,heap        ] GC(362) PSYoungGen: 89955K(134656K)->0K(134656K) Eden: 89955K(94720K)->0K(94720K) From: 0K(39936K)->0K(39936K)
[459.101s][info][gc,heap        ] GC(362) ParOldGen: 109568K(162816K)->58368K(212480K)
[459.101s][info][gc,metaspace   ] GC(362) Metaspace: 1070K(1280K)->1070K(1280K) NonClass: 988K(1088K)->988K(1088K) Class: 81K(192K)->81K(192K)
[459.101s][info][gc             ] GC(362) Pause Full (Ergonomics) 194M->57M(339M) 5.958ms
[459.101s][info][gc,cpu         ] GC(362) User=0.00s Sys=0.00s Real=0.00s
[460.848s][info][gc,start       ] GC(363) Pause Full (Ergonomics)
[460.848s][info][gc,phases,start] GC(363) Marking Phase
[460.849s][info][gc,phases      ] GC(363) Marking Phase 1.275ms
[460.849s][info][gc,phases,start] GC(363) Summary Phase
[460.849s][info][gc,phases      ] GC(363) Summary Phase 0.014ms
[460.849s][info][gc,phases,start] GC(363) Adjust Roots
[460.850s][info][gc,phases      ] GC(363) Adjust Roots 0.181ms
[460.850s][info][gc,phases,start] GC(363) Compaction Phase
[460.858s][info][gc,phases      ] GC(363) Compaction Phase 8.320ms
[460.858s][info][gc,phases,start] GC(363) Post Compact
[460.858s][info][gc,phases      ] GC(363) Post Compact 0.352ms
[460.859s][info][gc,heap        ] GC(363) PSYoungGen: 89956K(134656K)->0K(134656K) Eden: 89956K(94720K)->0K(94720K) From: 0K(39936K)->0K(39936K)
[460.859s][info][gc,heap        ] GC(363) ParOldGen: 211968K(212480K)->171008K(324096K)
[460.859s][info][gc,metaspace   ] GC(363) Metaspace: 1070K(1280K)->1070K(1280K) NonClass: 988K(1088K)->988K(1088K) Class: 81K(192K)->81K(192K)
[460.859s][info][gc             ] GC(363) Pause Full (Ergonomics) 294M->167M(448M) 10.611ms
[460.859s][info][gc,cpu         ] GC(363) User=0.00s Sys=0.00s Real=0.01s
[462.080s][info][gc,start       ] GC(364) Pause Full (Ergonomics)
[462.080s][info][gc,phases,start] GC(364) Marking Phase
[462.081s][info][gc,phases      ] GC(364) Marking Phase 1.337ms
[462.081s][info][gc,phases,start] GC(364) Summary Phase
[462.081s][info][gc,phases      ] GC(364) Summary Phase 0.014ms
[462.081s][info][gc,phases,start] GC(364) Adjust Roots
[462.081s][info][gc,phases      ] GC(364) Adjust Roots 0.237ms
[462.081s][info][gc,phases,start] GC(364) Compaction Phase
[462.082s][info][gc,phases      ] GC(364) Compaction Phase 0.496ms
[462.082s][info][gc,phases,start] GC(364) Post Compact
[462.082s][info][gc,phases      ] GC(364) Post Compact 0.609ms
[462.089s][info][gc,heap        ] GC(364) PSYoungGen: 94053K(134656K)->0K(134656K) Eden: 94053K(94720K)->0K(94720K) From: 0K(39936K)->0K(39936K)
[462.089s][info][gc,heap        ] GC(364) ParOldGen: 273408K(324096K)->3072K(155136K)
[462.089s][info][gc,metaspace   ] GC(364) Metaspace: 1070K(1280K)->1070K(1280K) NonClass: 988K(1088K)->988K(1088K) Class: 81K(192K)->81K(192K)
[462.089s][info][gc             ] GC(364) Pause Full (Ergonomics) 358M->3M(283M) 9.254ms
[462.089s][info][gc,cpu         ] GC(364) User=0.00s Sys=0.00s Real=0.01s
[463.734s][info][gc,start       ] GC(365) Pause Young (Allocation Failure)
[463.735s][info][gc,heap        ] GC(365) PSYoungGen: 84837K(134656K)->11264K(135680K) Eden: 84837K(94720K)->0K(95744K) From: 0K(39936K)->11264K(39936K)
[463.735s][info][gc,heap        ] GC(365) ParOldGen: 156672K(258048K)->156672K(258048K)
[463.735s][info][gc,metaspace   ] GC(365) Metaspace: 1070K(1280K)->1070K(1280K) NonClass: 988K(1088K)->988K(1088K) Class: 81K(192K)->81K(192K)
[463.735s][info][gc             ] GC(365) Pause Young (Allocation Failure) 235M->164M(384M) 1.131ms
[463.735s][info][gc,cpu         ] GC(365) User=0.00s Sys=0.00s Real=0.00s
[464.527s][info][gc,start       ] GC(366) Pause Young (Allocation Failure)
[464.528s][info][gc,heap        ] GC(366) PSYoungGen: 106362K(135680K)->17408K(134656K) Eden: 95098K(95744K)->0K(95744K) From: 11264K(39936K)->17408K(38912K)
[464.528s][info][gc,heap        ] GC(366) ParOldGen: 259072K(349696K)->259072K(349696K)
[464.528s][info][gc,metaspace   ] GC(366) Metaspace: 1070K(1280K)->1070K(1280K) NonClass: 988K(1088K)->988K(1088K) Class: 81K(192K)->81K(192K)
[464.528s][info][gc             ] GC(366) Pause Young (Allocation Failure) 356M->270M(473M) 1.583ms
[464.528s][info][gc,cpu         ] GC(366) User=0.00s Sys=0.00s Real=0.00s
[466.709s][info][gc,start       ] GC(367) Pause Young (Allocation Failure)
[466.710s][info][gc,heap        ] GC(367) PSYoungGen: 111482K(134656K)->15360K(139264K) Eden: 94074K(95744K)->0K(102400K) From: 17408K(38912K)->15360K(36864K)
[466.710s][info][gc,heap        ] GC(367) ParOldGen: 259072K(349696K)->259072K(349696K)
[466.710s][info][gc,metaspace   ] GC(367) Metaspace: 1070K(1280K)->1070K(1280K) NonClass: 989K(1088K)->989K(1088K) Class: 81K(192K)->81K(192K)
[466.710s][info][gc             ] GC(367) Pause Young (Allocation Failure) 361M->268M(477M) 1.716ms
[466.710s][info][gc,cpu         ] GC(367) User=0.00s Sys=0.00s Real=0.00s
[467.038s][info][gc,start       ] GC(368) Pause Young (Allocation Failure)
[467.053s][info][gc,heap        ] GC(368) PSYoungGen: 99321K(139264K)->25600K(137728K) Eden: 83961K(102400K)->0K(102400K) From: 15360K(36864K)->25600K(35328K)
[467.053s][info][gc,heap        ] GC(368) ParOldGen: 259072K(349696K)->310272K(349696K)
[467.053s][info][gc,metaspace   ] GC(368) Metaspace: 1070K(1280K)->1070K(1280K) NonClass: 989K(1088K)->989K(1088K) Class: 81K(192K)->81K(192K)
[467.053s][info][gc             ] GC(368) Pause Young (Allocation Failure) 349M->328M(476M) 15.304ms
[467.053s][info][gc,cpu         ] GC(368) User=0.00s Sys=0.00s Real=0.02s
[467.054s][info][gc,start       ] GC(369) Pause Full (Ergonomics)
[467.054s][info][gc,phases,start] GC(369) Marking Phase
[467.055s][info][gc,phases      ] GC(369) Marking Phase 1.277ms
[467.055s][info][gc,phases,start] GC(369) Summary Phase
[467.055s][info][gc,phases      ] GC(369) Summary Phase 0.014ms
[467.055s][info][gc,phases,start] GC(369) Adjust Roots
[467.055s][info][gc,phases      ] GC(369) Adjust Roots 0.218ms
[467.055s][info][gc,phases,start] GC(369) Compaction Phase
[467.060s][info][gc,phases      ] GC(369) Compaction Phase 4.784ms
[467.060s][info][gc,phases,start] GC(369) Post Compact
[467.060s][info][gc,phases      ] GC(369) Post Compact 0.427ms
[467.064s][info][gc,heap        ] GC(369) PSYoungGen: 25600K(137728K)->0K(138240K) Eden: 0K(102400K)->0K(101888K) From: 25600K(35328K)->0K(36352K)
[467.064s][info][gc,heap        ] GC(369) ParOldGen: 310272K(349696K)->78419K(240640K)
[467.064s][info][gc,metaspace   ] GC(369) Metaspace: 1070K(1280K)->1070K(1280K) NonClass: 989K(1088K)->989K(1088K) Class: 81K(192K)->81K(192K)
[467.064s][info][gc             ] GC(369) Pause Full (Ergonomics) 328M->76M(370M) 10.456ms
[467.064s][info][gc,cpu         ] GC(369) User=0.02s Sys=0.00s Real=0.01s
[469.840s][info][gc,start       ] GC(370) Pause Full (Ergonomics)
[469.840s][info][gc,phases,start] GC(370) Marking Phase
[469.841s][info][gc,phases      ] GC(370) Marking Phase 1.347ms
[469.841s][info][gc,phases,start] GC(370) Summary Phase
[469.841s][info][gc,phases      ] GC(370) Summary Phase 0.014ms
[469.841s][info][gc,phases,start] GC(370) Adjust Roots
[469.841s][info][gc,phases      ] GC(370) Adjust Roots 0.245ms
[469.842s][info][gc,phases,start] GC(370) Compaction Phase
[469.842s][info][gc,phases      ] GC(370) Compaction Phase 0.662ms
[469.842s][info][gc,phases,start] GC(370) Post Compact
[469.843s][info][gc,phases      ] GC(370) Post Compact 0.700ms
[469.851s][info][gc,heap        ] GC(370) PSYoungGen: 97248K(138240K)->0K(138240K) Eden: 97248K(101888K)->0K(101888K) From: 0K(36352K)->0K(36352K)
[469.851s][info][gc,heap        ] GC(370) ParOldGen: 334419K(349696K)->7168K(172544K)
[469.851s][info][gc,metaspace   ] GC(370) Metaspace: 1070K(1280K)->1070K(1280K) NonClass: 989K(1088K)->989K(1088K) Class: 81K(192K)->81K(192K)
[469.851s][info][gc             ] GC(370) Pause Full (Ergonomics) 421M->7M(303M) 10.946ms
[469.851s][info][gc,cpu         ] GC(370) User=0.00s Sys=0.00s Real=0.01s
[471.058s][info][gc,start       ] GC(371) Pause Full (Ergonomics)
[471.058s][info][gc,phases,start] GC(371) Marking Phase
[471.059s][info][gc,phases      ] GC(371) Marking Phase 1.237ms
[471.059s][info][gc,phases,start] GC(371) Summary Phase
[471.059s][info][gc,phases      ] GC(371) Summary Phase 0.011ms
[471.059s][info][gc,phases,start] GC(371) Adjust Roots
[471.059s][info][gc,phases      ] GC(371) Adjust Roots 0.185ms
[471.059s][info][gc,phases,start] GC(371) Compaction Phase
[471.067s][info][gc,phases      ] GC(371) Compaction Phase 7.587ms
[471.067s][info][gc,phases,start] GC(371) Post Compact
[471.067s][info][gc,phases      ] GC(371) Post Compact 0.269ms
[471.067s][info][gc,heap        ] GC(371) PSYoungGen: 95207K(138240K)->0K(138240K) Eden: 95207K(101888K)->0K(101888K) From: 0K(36352K)->0K(36352K)
[471.067s][info][gc,heap        ] GC(371) ParOldGen: 109568K(172544K)->119379K(288768K)
[471.067s][info][gc,metaspace   ] GC(371) Metaspace: 1070K(1280K)->1070K(1280K) NonClass: 989K(1088K)->989K(1088K) Class: 81K(192K)->81K(192K)
[471.067s][info][gc             ] GC(371) Pause Full (Ergonomics) 199M->116M(417M) 9.814ms
[471.067s][info][gc,cpu         ] GC(371) User=0.00s Sys=0.00s Real=0.01s
[472.062s][info][gc,start       ] GC(372) Pause Full (Ergonomics)
[472.062s][info][gc,phases,start] GC(372) Marking Phase
[472.063s][info][gc,phases      ] GC(372) Marking Phase 1.339ms
[472.063s][info][gc,phases,start] GC(372) Summary Phase
[472.063s][info][gc,phases      ] GC(372) Summary Phase 0.013ms
[472.063s][info][gc,phases,start] GC(372) Adjust Roots
[472.064s][info][gc,phases      ] GC(372) Adjust Roots 0.195ms
[472.064s][info][gc,phases,start] GC(372) Compaction Phase
[472.065s][info][gc,phases      ] GC(372) Compaction Phase 1.056ms
[472.065s][info][gc,phases,start] GC(372) Post Compact
[472.065s][info][gc,phases      ] GC(372) Post Compact 0.442ms
[472.065s][info][gc,heap        ] GC(372) PSYoungGen: 100332K(138240K)->0K(138240K) Eden: 100332K(101888K)->0K(101888K) From: 0K(36352K)->0K(36352K)
[472.065s][info][gc,heap        ] GC(372) ParOldGen: 221779K(288768K)->115284K(288768K)
[472.065s][info][gc,metaspace   ] GC(372) Metaspace: 1070K(1280K)->1070K(1280K) NonClass: 989K(1088K)->989K(1088K) Class: 81K(192K)->81K(192K)
[472.065s][info][gc             ] GC(372) Pause Full (Ergonomics) 314M->112M(417M) 3.243ms
[472.065s][info][gc,cpu         ] GC(372) User=0.00s Sys=0.00s Real=0.00s
[474.026s][info][gc,start       ] GC(373) Pause Full (Ergonomics)
[474.026s][info][gc,phases,start] GC(373) Marking Phase
[474.027s][info][gc,phases      ] GC(373) Marking Phase 1.345ms
[474.027s][info][gc,phases,start] GC(373) Summary Phase
[474.027s][info][gc,phases      ] GC(373) Summary Phase 0.019ms
[474.027s][info][gc,phases,start] GC(373) Adjust Roots
[474.028s][info][gc,phases      ] GC(373) Adjust Roots 0.232ms
[474.028s][info][gc,phases,start] GC(373) Compaction Phase
[474.029s][info][gc,phases      ] GC(373) Compaction Phase 1.723ms
[474.029s][info][gc,phases,start] GC(373) Post Compact
[474.030s][info][gc,phases      ] GC(373) Post Compact 0.509ms
[474.033s][info][gc,heap        ] GC(373) PSYoungGen: 84975K(138240K)->0K(138240K) Eden: 84975K(101888K)->0K(101888K) From: 0K(36352K)->0K(36352K)
[474.033s][info][gc,heap        ] GC(373) ParOldGen: 268884K(288768K)->22528K(200192K)
[474.033s][info][gc,metaspace   ] GC(373) Metaspace: 1070K(1280K)->1070K(1280K) NonClass: 989K(1088K)->989K(1088K) Class: 81K(192K)->81K(192K)
[474.033s][info][gc             ] GC(373) Pause Full (Ergonomics) 345M->22M(330M) 7.494ms
[474.033s][info][gc,cpu         ] GC(373) User=0.02s Sys=0.00s Real=0.01s
[475.124s][info][gc,start       ] GC(374) Pause Full (Ergonomics)
[475.124s][info][gc,phases,start] GC(374) Marking Phase
[475.125s][info][gc,phases      ] GC(374) Marking Phase 1.301ms
[475.125s][info][gc,phases,start] GC(374) Summary Phase
[475.125s][info][gc,phases      ] GC(374) Summary Phase 0.013ms
[475.125s][info][gc,phases,start] GC(374) Adjust Roots
[475.126s][info][gc,phases      ] GC(374) Adjust Roots 0.230ms
[475.126s][info][gc,phases,start] GC(374) Compaction Phase
[475.127s][info][gc,phases      ] GC(374) Compaction Phase 1.561ms
[475.127s][info][gc,phases,start] GC(374) Post Compact
[475.128s][info][gc,phases      ] GC(374) Post Compact 0.325ms
[475.128s][info][gc,heap        ] GC(374) PSYoungGen: 100338K(138240K)->0K(138240K) Eden: 100338K(101888K)->0K(101888K) From: 0K(36352K)->0K(36352K)
[475.128s][info][gc,heap        ] GC(374) ParOldGen: 124928K(200192K)->22528K(204288K)
[475.128s][info][gc,metaspace   ] GC(374) Metaspace: 1070K(1280K)->1070K(1280K) NonClass: 989K(1088K)->989K(1088K) Class: 81K(192K)->81K(192K)
[475.128s][info][gc             ] GC(374) Pause Full (Ergonomics) 219M->22M(334M) 3.640ms
[475.128s][info][gc,cpu         ] GC(374) User=0.00s Sys=0.00s Real=0.00s
[475.995s][info][gc,start       ] GC(375) Pause Full (Ergonomics)
[475.995s][info][gc,phases,start] GC(375) Marking Phase
[475.996s][info][gc,phases      ] GC(375) Marking Phase 1.359ms
[475.996s][info][gc,phases,start] GC(375) Summary Phase
[475.996s][info][gc,phases      ] GC(375) Summary Phase 0.012ms
[475.996s][info][gc,phases,start] GC(375) Adjust Roots
[475.996s][info][gc,phases      ] GC(375) Adjust Roots 0.227ms
[475.996s][info][gc,phases,start] GC(375) Compaction Phase
[475.997s][info][gc,phases      ] GC(375) Compaction Phase 0.780ms
[475.997s][info][gc,phases,start] GC(375) Post Compact
[475.997s][info][gc,phases      ] GC(375) Post Compact 0.267ms
[475.997s][info][gc,heap        ] GC(375) PSYoungGen: 100339K(138240K)->0K(138240K) Eden: 100339K(101888K)->0K(101888K) From: 0K(36352K)->0K(36352K)
[475.997s][info][gc,heap        ] GC(375) ParOldGen: 124928K(204288K)->28672K(214528K)
[475.997s][info][gc,metaspace   ] GC(375) Metaspace: 1070K(1280K)->1070K(1280K) NonClass: 989K(1088K)->989K(1088K) Class: 81K(192K)->81K(192K)
[475.997s][info][gc             ] GC(375) Pause Full (Ergonomics) 219M->28M(344M) 2.850ms
[475.997s][info][gc,cpu         ] GC(375) User=0.00s Sys=0.00s Real=0.00s
[478.070s][info][gc,start       ] GC(376) Pause Young (Allocation Failure)
[478.071s][info][gc,heap        ] GC(376) PSYoungGen: 99316K(138240K)->10240K(138240K) Eden: 99316K(101888K)->0K(101888K) From: 0K(36352K)->10240K(36352K)
[478.071s][info][gc,heap        ] GC(376) ParOldGen: 28672K(214528K)->28672K(214528K)
[478.071s][info][gc,metaspace   ] GC(376) Metaspace: 1070K(1280K)->1070K(1280K) NonClass: 989K(1088K)->989K(1088K) Class: 81K(192K)->81K(192K)
[478.071s][info][gc             ] GC(376) Pause Young (Allocation Failure) 124M->38M(344M) 0.973ms
[478.071s][info][gc,cpu         ] GC(376) User=0.00s Sys=0.00s Real=0.00s
[478.947s][info][gc,start       ] GC(377) Pause Full (Ergonomics)
[478.947s][info][gc,phases,start] GC(377) Marking Phase
[478.948s][info][gc,phases      ] GC(377) Marking Phase 1.343ms
[478.948s][info][gc,phases,start] GC(377) Summary Phase
[478.948s][info][gc,phases      ] GC(377) Summary Phase 0.012ms
[478.948s][info][gc,phases,start] GC(377) Adjust Roots
[478.948s][info][gc,phases      ] GC(377) Adjust Roots 0.271ms
[478.948s][info][gc,phases,start] GC(377) Compaction Phase
[478.953s][info][gc,phases      ] GC(377) Compaction Phase 4.656ms
[478.953s][info][gc,phases,start] GC(377) Post Compact
[478.953s][info][gc,phases      ] GC(377) Post Compact 0.373ms
[478.953s][info][gc,heap        ] GC(377) PSYoungGen: 110573K(138240K)->0K(138752K) Eden: 100333K(101888K)->0K(102912K) From: 10240K(36352K)->0K(35840K)
[478.954s][info][gc,heap        ] GC(377) ParOldGen: 131072K(214528K)->63488K(253440K)
[478.954s][info][gc,metaspace   ] GC(377) Metaspace: 1070K(1280K)->1070K(1280K) NonClass: 989K(1088K)->989K(1088K) Class: 81K(192K)->81K(192K)
[478.954s][info][gc             ] GC(377) Pause Full (Ergonomics) 235M->62M(383M) 6.960ms
[478.954s][info][gc,cpu         ] GC(377) User=0.02s Sys=0.00s Real=0.01s
[479.821s][info][gc,start       ] GC(378) Pause Young (Allocation Failure)
[479.823s][info][gc,heap        ] GC(378) PSYoungGen: 68612K(138752K)->25600K(129024K) Eden: 68612K(102912K)->0K(102912K) From: 0K(35840K)->25600K(26112K)
[479.823s][info][gc,heap        ] GC(378) ParOldGen: 63488K(253440K)->63488K(253440K)
[479.823s][info][gc,metaspace   ] GC(378) Metaspace: 1070K(1280K)->1070K(1280K) NonClass: 989K(1088K)->989K(1088K) Class: 81K(192K)->81K(192K)
[479.823s][info][gc             ] GC(378) Pause Young (Allocation Failure) 129M->87M(373M) 2.563ms
[479.823s][info][gc,cpu         ] GC(378) User=0.00s Sys=0.00s Real=0.00s
[482.130s][info][gc,start       ] GC(379) Pause Full (Ergonomics)
[482.130s][info][gc,phases,start] GC(379) Marking Phase
[482.132s][info][gc,phases      ] GC(379) Marking Phase 1.356ms
[482.132s][info][gc,phases,start] GC(379) Summary Phase
[482.132s][info][gc,phases      ] GC(379) Summary Phase 0.012ms
[482.132s][info][gc,phases,start] GC(379) Adjust Roots
[482.132s][info][gc,phases      ] GC(379) Adjust Roots 0.181ms
[482.132s][info][gc,phases,start] GC(379) Compaction Phase
[482.132s][info][gc,phases      ] GC(379) Compaction Phase 0.529ms
[482.132s][info][gc,phases,start] GC(379) Post Compact
[482.133s][info][gc,phases      ] GC(379) Post Compact 0.605ms
[482.137s][info][gc,heap        ] GC(379) PSYoungGen: 127996K(129024K)->0K(137216K) Eden: 102396K(102912K)->0K(99840K) From: 25600K(26112K)->0K(37376K)
[482.137s][info][gc,heap        ] GC(379) ParOldGen: 268288K(349696K)->8192K(195072K)
[482.137s][info][gc,metaspace   ] GC(379) Metaspace: 1070K(1280K)->1070K(1280K) NonClass: 989K(1088K)->989K(1088K) Class: 81K(192K)->81K(192K)
[482.137s][info][gc             ] GC(379) Pause Full (Ergonomics) 386M->8M(324M) 6.861ms
[482.137s][info][gc,cpu         ] GC(379) User=0.00s Sys=0.00s Real=0.01s
[483.876s][info][gc,start       ] GC(380) Pause Full (Ergonomics)
[483.876s][info][gc,phases,start] GC(380) Marking Phase
[483.877s][info][gc,phases      ] GC(380) Marking Phase 1.211ms
[483.877s][info][gc,phases,start] GC(380) Summary Phase
[483.877s][info][gc,phases      ] GC(380) Summary Phase 0.012ms
[483.877s][info][gc,phases,start] GC(380) Adjust Roots
[483.877s][info][gc,phases      ] GC(380) Adjust Roots 0.187ms
[483.877s][info][gc,phases,start] GC(380) Compaction Phase
[483.878s][info][gc,phases      ] GC(380) Compaction Phase 1.119ms
[483.878s][info][gc,phases,start] GC(380) Post Compact
[483.878s][info][gc,phases      ] GC(380) Post Compact 0.301ms
[483.879s][info][gc,heap        ] GC(380) PSYoungGen: 95171K(137216K)->0K(137216K) Eden: 95171K(99840K)->0K(99840K) From: 0K(37376K)->0K(37376K)
[483.879s][info][gc,heap        ] GC(380) ParOldGen: 161792K(195072K)->19456K(204288K)
[483.879s][info][gc,metaspace   ] GC(380) Metaspace: 1070K(1280K)->1070K(1280K) NonClass: 989K(1088K)->989K(1088K) Class: 81K(192K)->81K(192K)
[483.879s][info][gc             ] GC(380) Pause Full (Ergonomics) 250M->19M(333M) 3.044ms
[483.879s][info][gc,cpu         ] GC(380) User=0.00s Sys=0.00s Real=0.00s
[485.185s][info][gc,start       ] GC(381) Pause Full (Ergonomics)
[485.185s][info][gc,phases,start] GC(381) Marking Phase
[485.186s][info][gc,phases      ] GC(381) Marking Phase 1.405ms
[485.186s][info][gc,phases,start] GC(381) Summary Phase
[485.186s][info][gc,phases      ] GC(381) Summary Phase 0.011ms
[485.186s][info][gc,phases,start] GC(381) Adjust Roots
[485.186s][info][gc,phases      ] GC(381) Adjust Roots 0.239ms
[485.187s][info][gc,phases,start] GC(381) Compaction Phase
[485.187s][info][gc,phases      ] GC(381) Compaction Phase 0.505ms
[485.187s][info][gc,phases,start] GC(381) Post Compact
[485.187s][info][gc,phases      ] GC(381) Post Compact 0.259ms
[485.188s][info][gc,heap        ] GC(381) PSYoungGen: 90055K(137216K)->0K(137216K) Eden: 90055K(99840K)->0K(99840K) From: 0K(37376K)->0K(37376K)
[485.188s][info][gc,heap        ] GC(381) ParOldGen: 121856K(204288K)->7168K(189952K)
[485.188s][info][gc,metaspace   ] GC(381) Metaspace: 1070K(1280K)->1070K(1280K) NonClass: 989K(1088K)->989K(1088K) Class: 81K(192K)->81K(192K)
[485.188s][info][gc             ] GC(381) Pause Full (Ergonomics) 206M->7M(319M) 2.927ms
[485.188s][info][gc,cpu         ] GC(381) User=0.00s Sys=0.00s Real=0.00s
[485.952s][info][gc,start       ] GC(382) Pause Full (Ergonomics)
[485.952s][info][gc,phases,start] GC(382) Marking Phase
[485.953s][info][gc,phases      ] GC(382) Marking Phase 1.307ms
[485.953s][info][gc,phases,start] GC(382) Summary Phase
[485.953s][info][gc,phases      ] GC(382) Summary Phase 0.011ms
[485.953s][info][gc,phases,start] GC(382) Adjust Roots
[485.953s][info][gc,phases      ] GC(382) Adjust Roots 0.252ms
[485.953s][info][gc,phases,start] GC(382) Compaction Phase
[485.954s][info][gc,phases      ] GC(382) Compaction Phase 0.932ms
[485.954s][info][gc,phases,start] GC(382) Post Compact
[485.955s][info][gc,phases      ] GC(382) Post Compact 0.238ms
[485.955s][info][gc,heap        ] GC(382) PSYoungGen: 95177K(137216K)->0K(137216K) Eden: 95177K(99840K)->0K(99840K) From: 0K(37376K)->0K(37376K)
[485.955s][info][gc,heap        ] GC(382) ParOldGen: 109568K(189952K)->13312K(194048K)
[485.955s][info][gc,metaspace   ] GC(382) Metaspace: 1070K(1280K)->1070K(1280K) NonClass: 989K(1088K)->989K(1088K) Class: 81K(192K)->81K(192K)
[485.955s][info][gc             ] GC(382) Pause Full (Ergonomics) 199M->13M(323M) 2.946ms
[485.955s][info][gc,cpu         ] GC(382) User=0.00s Sys=0.00s Real=0.00s
[487.802s][info][gc,start       ] GC(383) Pause Full (Ergonomics)
[487.802s][info][gc,phases,start] GC(383) Marking Phase
[487.804s][info][gc,phases      ] GC(383) Marking Phase 1.347ms
[487.804s][info][gc,phases,start] GC(383) Summary Phase
[487.804s][info][gc,phases      ] GC(383) Summary Phase 0.012ms
[487.804s][info][gc,phases,start] GC(383) Adjust Roots
[487.804s][info][gc,phases      ] GC(383) Adjust Roots 0.227ms
[487.804s][info][gc,phases,start] GC(383) Compaction Phase
[487.806s][info][gc,phases      ] GC(383) Compaction Phase 2.551ms
[487.806s][info][gc,phases,start] GC(383) Post Compact
[487.807s][info][gc,phases      ] GC(383) Post Compact 0.315ms
[487.807s][info][gc,heap        ] GC(383) PSYoungGen: 95178K(137216K)->0K(137216K) Eden: 95178K(99840K)->0K(99840K) From: 0K(37376K)->0K(37376K)
[487.807s][info][gc,heap        ] GC(383) ParOldGen: 166912K(194048K)->48128K(226816K)
[487.807s][info][gc,metaspace   ] GC(383) Metaspace: 1070K(1280K)->1070K(1280K) NonClass: 989K(1088K)->989K(1088K) Class: 81K(192K)->81K(192K)
[487.807s][info][gc             ] GC(383) Pause Full (Ergonomics) 255M->47M(355M) 4.741ms
[487.807s][info][gc,cpu         ] GC(383) User=0.00s Sys=0.00s Real=0.00s
[489.658s][info][gc,start       ] GC(384) Pause Young (Allocation Failure)
[489.659s][info][gc,heap        ] GC(384) PSYoungGen: 94155K(137216K)->15360K(137216K) Eden: 94155K(99840K)->0K(99840K) From: 0K(37376K)->15360K(37376K)
[489.659s][info][gc,heap        ] GC(384) ParOldGen: 99328K(226816K)->99328K(226816K)
[489.659s][info][gc,metaspace   ] GC(384) Metaspace: 1070K(1280K)->1070K(1280K) NonClass: 989K(1088K)->989K(1088K) Class: 81K(192K)->81K(192K)
[489.659s][info][gc             ] GC(384) Pause Young (Allocation Failure) 188M->112M(355M) 1.349ms
[489.659s][info][gc,cpu         ] GC(384) User=0.00s Sys=0.00s Real=0.00s
[490.639s][info][gc,start       ] GC(385) Pause Full (Ergonomics)
[490.639s][info][gc,phases,start] GC(385) Marking Phase
[490.640s][info][gc,phases      ] GC(385) Marking Phase 1.458ms
[490.640s][info][gc,phases,start] GC(385) Summary Phase
[490.640s][info][gc,phases      ] GC(385) Summary Phase 0.017ms
[490.640s][info][gc,phases,start] GC(385) Adjust Roots
[490.641s][info][gc,phases      ] GC(385) Adjust Roots 0.231ms
[490.641s][info][gc,phases,start] GC(385) Compaction Phase
[490.648s][info][gc,phases      ] GC(385) Compaction Phase 7.058ms
[490.648s][info][gc,phases,start] GC(385) Post Compact
[490.648s][info][gc,phases      ] GC(385) Post Compact 0.363ms
[490.648s][info][gc,heap        ] GC(385) PSYoungGen: 110539K(137216K)->0K(138752K) Eden: 95179K(99840K)->0K(102912K) From: 15360K(37376K)->0K(35840K)
[490.648s][info][gc,heap        ] GC(385) ParOldGen: 201728K(226816K)->114260K(290304K)
[490.648s][info][gc,metaspace   ] GC(385) Metaspace: 1070K(1280K)->1070K(1280K) NonClass: 989K(1088K)->989K(1088K) Class: 81K(192K)->81K(192K)
[490.648s][info][gc             ] GC(385) Pause Full (Ergonomics) 304M->111M(419M) 9.467ms
[490.648s][info][gc,cpu         ] GC(385) User=0.00s Sys=0.00s Real=0.01s
[491.185s][info][gc,start       ] GC(386) Pause Young (Allocation Failure)
[491.187s][info][gc,heap        ] GC(386) PSYoungGen: 53257K(138752K)->25600K(129024K) Eden: 53257K(102912K)->0K(102912K) From: 0K(35840K)->25600K(26112K)
[491.187s][info][gc,heap        ] GC(386) ParOldGen: 114260K(290304K)->114260K(290304K)
[491.187s][info][gc,metaspace   ] GC(386) Metaspace: 1070K(1280K)->1070K(1280K) NonClass: 989K(1088K)->989K(1088K) Class: 81K(192K)->81K(192K)
[491.187s][info][gc             ] GC(386) Pause Young (Allocation Failure) 163M->136M(409M) 2.282ms
[491.187s][info][gc,cpu         ] GC(386) User=0.00s Sys=0.00s Real=0.00s
[493.363s][info][gc,start       ] GC(387) Pause Full (Ergonomics)
[493.363s][info][gc,phases,start] GC(387) Marking Phase
[493.364s][info][gc,phases      ] GC(387) Marking Phase 1.361ms
[493.364s][info][gc,phases,start] GC(387) Summary Phase
[493.364s][info][gc,phases      ] GC(387) Summary Phase 0.014ms
[493.364s][info][gc,phases,start] GC(387) Adjust Roots
[493.365s][info][gc,phases      ] GC(387) Adjust Roots 0.211ms
[493.365s][info][gc,phases,start] GC(387) Compaction Phase
[493.365s][info][gc,phases      ] GC(387) Compaction Phase 0.502ms
[493.365s][info][gc,phases,start] GC(387) Post Compact
[493.366s][info][gc,phases      ] GC(387) Post Compact 0.427ms
[493.368s][info][gc,heap        ] GC(387) PSYoungGen: 127996K(129024K)->0K(137728K) Eden: 102396K(102912K)->0K(100864K) From: 25600K(26112K)->0K(36864K)
[493.368s][info][gc,heap        ] GC(387) ParOldGen: 216660K(290304K)->8192K(181248K)
[493.368s][info][gc,metaspace   ] GC(387) Metaspace: 1070K(1280K)->1070K(1280K) NonClass: 989K(1088K)->989K(1088K) Class: 81K(192K)->81K(192K)
[493.368s][info][gc             ] GC(387) Pause Full (Ergonomics) 336M->8M(311M) 4.919ms
[493.368s][info][gc,cpu         ] GC(387) User=0.00s Sys=0.00s Real=0.01s
[495.215s][info][gc,start       ] GC(388) Pause Full (Ergonomics)
[495.215s][info][gc,phases,start] GC(388) Marking Phase
[495.216s][info][gc,phases      ] GC(388) Marking Phase 1.282ms
[495.216s][info][gc,phases,start] GC(388) Summary Phase
[495.216s][info][gc,phases      ] GC(388) Summary Phase 0.013ms
[495.216s][info][gc,phases,start] GC(388) Adjust Roots
[495.217s][info][gc,phases      ] GC(388) Adjust Roots 0.215ms
[495.217s][info][gc,phases,start] GC(388) Compaction Phase
[495.218s][info][gc,phases      ] GC(388) Compaction Phase 1.873ms
[495.218s][info][gc,phases,start] GC(388) Post Compact
[495.219s][info][gc,phases      ] GC(388) Post Compact 0.369ms
[495.219s][info][gc,heap        ] GC(388) PSYoungGen: 100312K(137728K)->0K(137728K) Eden: 100312K(100864K)->0K(100864K) From: 0K(36864K)->0K(36864K)
[495.219s][info][gc,heap        ] GC(388) ParOldGen: 161792K(181248K)->28672K(200192K)
[495.219s][info][gc,metaspace   ] GC(388) Metaspace: 1070K(1280K)->1070K(1280K) NonClass: 989K(1088K)->989K(1088K) Class: 81K(192K)->81K(192K)
[495.219s][info][gc             ] GC(388) Pause Full (Ergonomics) 255M->28M(330M) 4.015ms
[495.219s][info][gc,cpu         ] GC(388) User=0.00s Sys=0.00s Real=0.00s
[496.625s][info][gc,start       ] GC(389) Pause Full (Ergonomics)
[496.625s][info][gc,phases,start] GC(389) Marking Phase
[496.626s][info][gc,phases      ] GC(389) Marking Phase 1.449ms
[496.626s][info][gc,phases,start] GC(389) Summary Phase
[496.626s][info][gc,phases      ] GC(389) Summary Phase 0.012ms
[496.626s][info][gc,phases,start] GC(389) Adjust Roots
[496.627s][info][gc,phases      ] GC(389) Adjust Roots 0.301ms
[496.627s][info][gc,phases,start] GC(389) Compaction Phase
[496.627s][info][gc,phases      ] GC(389) Compaction Phase 0.605ms
[496.627s][info][gc,phases,start] GC(389) Post Compact
[496.628s][info][gc,phases      ] GC(389) Post Compact 0.271ms
[496.628s][info][gc,heap        ] GC(389) PSYoungGen: 95195K(137728K)->0K(137728K) Eden: 95195K(100864K)->0K(100864K) From: 0K(36864K)->0K(36864K)
[496.628s][info][gc,heap        ] GC(389) ParOldGen: 131072K(200192K)->7168K(177152K)
[496.628s][info][gc,metaspace   ] GC(389) Metaspace: 1070K(1280K)->1070K(1280K) NonClass: 989K(1088K)->989K(1088K) Class: 81K(192K)->81K(192K)
[496.628s][info][gc             ] GC(389) Pause Full (Ergonomics) 220M->7M(307M) 3.165ms
[496.628s][info][gc,cpu         ] GC(389) User=0.00s Sys=0.00s Real=0.00s
[497.601s][info][gc,start       ] GC(390) Pause Full (Ergonomics)
[497.601s][info][gc,phases,start] GC(390) Marking Phase
[497.602s][info][gc,phases      ] GC(390) Marking Phase 1.311ms
[497.602s][info][gc,phases,start] GC(390) Summary Phase
[497.602s][info][gc,phases      ] GC(390) Summary Phase 0.013ms
[497.602s][info][gc,phases,start] GC(390) Adjust Roots
[497.602s][info][gc,phases      ] GC(390) Adjust Roots 0.241ms
[497.602s][info][gc,phases,start] GC(390) Compaction Phase
[497.604s][info][gc,phases      ] GC(390) Compaction Phase 1.989ms
[497.604s][info][gc,phases,start] GC(390) Post Compact
[497.605s][info][gc,phases      ] GC(390) Post Compact 0.258ms
[497.605s][info][gc,heap        ] GC(390) PSYoungGen: 100317K(137728K)->0K(137728K) Eden: 100317K(100864K)->0K(100864K) From: 0K(36864K)->0K(36864K)
[497.605s][info][gc,heap        ] GC(390) ParOldGen: 109568K(177152K)->27648K(196096K)
[497.605s][info][gc,metaspace   ] GC(390) Metaspace: 1070K(1280K)->1070K(1280K) NonClass: 989K(1088K)->989K(1088K) Class: 81K(192K)->81K(192K)
[497.605s][info][gc             ] GC(390) Pause Full (Ergonomics) 204M->27M(326M) 4.051ms
[497.605s][info][gc,cpu         ] GC(390) User=0.00s Sys=0.00s Real=0.00s
[499.453s][info][gc,start       ] GC(391) Pause Full (Ergonomics)
[499.453s][info][gc,phases,start] GC(391) Marking Phase
[499.454s][info][gc,phases      ] GC(391) Marking Phase 1.484ms
[499.454s][info][gc,phases,start] GC(391) Summary Phase
[499.454s][info][gc,phases      ] GC(391) Summary Phase 0.012ms
[499.454s][info][gc,phases,start] GC(391) Adjust Roots
[499.454s][info][gc,phases      ] GC(391) Adjust Roots 0.226ms
[499.454s][info][gc,phases,start] GC(391) Compaction Phase
[499.456s][info][gc,phases      ] GC(391) Compaction Phase 1.227ms
[499.456s][info][gc,phases,start] GC(391) Post Compact
[499.456s][info][gc,phases      ] GC(391) Post Compact 0.345ms
[499.456s][info][gc,heap        ] GC(391) PSYoungGen: 100319K(137728K)->0K(137728K) Eden: 100319K(100864K)->0K(100864K) From: 0K(36864K)->0K(36864K)
[499.456s][info][gc,heap        ] GC(391) ParOldGen: 181248K(196096K)->94208K(261120K)
[499.456s][info][gc,metaspace   ] GC(391) Metaspace: 1070K(1280K)->1070K(1280K) NonClass: 989K(1088K)->989K(1088K) Class: 81K(192K)->81K(192K)
[499.456s][info][gc             ] GC(391) Pause Full (Ergonomics) 274M->92M(389M) 3.616ms
[499.456s][info][gc,cpu         ] GC(391) User=0.00s Sys=0.00s Real=0.00s
[500.774s][info][gc,start       ] GC(392) Pause Full (Ergonomics)
[500.774s][info][gc,phases,start] GC(392) Marking Phase
[500.776s][info][gc,phases      ] GC(392) Marking Phase 1.457ms
[500.776s][info][gc,phases,start] GC(392) Summary Phase
[500.776s][info][gc,phases      ] GC(392) Summary Phase 0.012ms
[500.776s][info][gc,phases,start] GC(392) Adjust Roots
[500.776s][info][gc,phases      ] GC(392) Adjust Roots 0.257ms
[500.776s][info][gc,phases,start] GC(392) Compaction Phase
[500.777s][info][gc,phases      ] GC(392) Compaction Phase 0.762ms
[500.777s][info][gc,phases,start] GC(392) Post Compact
[500.777s][info][gc,phases      ] GC(392) Post Compact 0.353ms
[500.778s][info][gc,heap        ] GC(392) PSYoungGen: 99295K(137728K)->0K(137728K) Eden: 99295K(100864K)->0K(100864K) From: 0K(36864K)->0K(36864K)
[500.778s][info][gc,heap        ] GC(392) ParOldGen: 196608K(261120K)->12288K(177664K)
[500.779s][info][gc,metaspace   ] GC(392) Metaspace: 1070K(1280K)->1070K(1280K) NonClass: 989K(1088K)->989K(1088K) Class: 81K(192K)->81K(192K)
[500.779s][info][gc             ] GC(392) Pause Full (Ergonomics) 288M->12M(308M) 4.313ms
[500.779s][info][gc,cpu         ] GC(392) User=0.00s Sys=0.00s Real=0.00s
[501.644s][info][gc,start       ] GC(393) Pause Full (Ergonomics)
[501.644s][info][gc,phases,start] GC(393) Marking Phase
[501.645s][info][gc,phases      ] GC(393) Marking Phase 1.371ms
[501.645s][info][gc,phases,start] GC(393) Summary Phase
[501.645s][info][gc,phases      ] GC(393) Summary Phase 0.011ms
[501.645s][info][gc,phases,start] GC(393) Adjust Roots
[501.645s][info][gc,phases      ] GC(393) Adjust Roots 0.195ms
[501.645s][info][gc,phases,start] GC(393) Compaction Phase
[501.646s][info][gc,phases      ] GC(393) Compaction Phase 0.717ms
[501.646s][info][gc,phases,start] GC(393) Post Compact
[501.646s][info][gc,phases      ] GC(393) Post Compact 0.250ms
[501.647s][info][gc,heap        ] GC(393) PSYoungGen: 100320K(137728K)->0K(137728K) Eden: 100320K(100864K)->0K(100864K) From: 0K(36864K)->0K(36864K)
[501.647s][info][gc,heap        ] GC(393) ParOldGen: 114688K(177664K)->13312K(177152K)
[501.647s][info][gc,metaspace   ] GC(393) Metaspace: 1070K(1280K)->1070K(1280K) NonClass: 989K(1088K)->989K(1088K) Class: 81K(192K)->81K(192K)
[501.647s][info][gc             ] GC(393) Pause Full (Ergonomics) 209M->13M(307M) 2.745ms
[501.647s][info][gc,cpu         ] GC(393) User=0.00s Sys=0.00s Real=0.00s
[503.604s][info][gc,start       ] GC(394) Pause Full (Ergonomics)
[503.604s][info][gc,phases,start] GC(394) Marking Phase
[503.605s][info][gc,phases      ] GC(394) Marking Phase 1.357ms
[503.605s][info][gc,phases,start] GC(394) Summary Phase
[503.605s][info][gc,phases      ] GC(394) Summary Phase 0.012ms
[503.605s][info][gc,phases,start] GC(394) Adjust Roots
[503.605s][info][gc,phases      ] GC(394) Adjust Roots 0.249ms
[503.605s][info][gc,phases,start] GC(394) Compaction Phase
[503.606s][info][gc,phases      ] GC(394) Compaction Phase 0.764ms
[503.606s][info][gc,phases,start] GC(394) Post Compact
[503.606s][info][gc,phases      ] GC(394) Post Compact 0.311ms
[503.607s][info][gc,heap        ] GC(394) PSYoungGen: 100320K(137728K)->0K(137728K) Eden: 100320K(100864K)->0K(100864K) From: 0K(36864K)->0K(36864K)
[503.607s][info][gc,heap        ] GC(394) ParOldGen: 166912K(177152K)->19456K(181760K)
[503.607s][info][gc,metaspace   ] GC(394) Metaspace: 1070K(1280K)->1070K(1280K) NonClass: 989K(1088K)->989K(1088K) Class: 81K(192K)->81K(192K)
[503.607s][info][gc             ] GC(394) Pause Full (Ergonomics) 260M->19M(312M) 2.889ms
[503.607s][info][gc,cpu         ] GC(394) User=0.00s Sys=0.00s Real=0.00s
[505.988s][info][gc,start       ] GC(395) Pause Full (Ergonomics)
[505.988s][info][gc,phases,start] GC(395) Marking Phase
[505.990s][info][gc,phases      ] GC(395) Marking Phase 1.534ms
[505.990s][info][gc,phases,start] GC(395) Summary Phase
[505.990s][info][gc,phases      ] GC(395) Summary Phase 0.012ms
[505.990s][info][gc,phases,start] GC(395) Adjust Roots
[505.990s][info][gc,phases      ] GC(395) Adjust Roots 0.181ms
[505.990s][info][gc,phases,start] GC(395) Compaction Phase
[505.991s][info][gc,phases      ] GC(395) Compaction Phase 1.361ms
[505.991s][info][gc,phases,start] GC(395) Post Compact
[505.992s][info][gc,phases      ] GC(395) Post Compact 0.332ms
[505.992s][info][gc,heap        ] GC(395) PSYoungGen: 96225K(137728K)->0K(137728K) Eden: 96225K(100864K)->0K(100864K) From: 0K(36864K)->0K(36864K)
[505.992s][info][gc,heap        ] GC(395) ParOldGen: 173056K(181760K)->22528K(183296K)
[505.992s][info][gc,metaspace   ] GC(395) Metaspace: 1070K(1280K)->1070K(1280K) NonClass: 989K(1088K)->989K(1088K) Class: 81K(192K)->81K(192K)
[505.992s][info][gc             ] GC(395) Pause Full (Ergonomics) 262M->22M(313M) 3.631ms
[505.992s][info][gc,cpu         ] GC(395) User=0.00s Sys=0.00s Real=0.00s
[508.425s][info][gc,start       ] GC(396) Pause Full (Ergonomics)
[508.425s][info][gc,phases,start] GC(396) Marking Phase
[508.426s][info][gc,phases      ] GC(396) Marking Phase 1.426ms
[508.426s][info][gc,phases,start] GC(396) Summary Phase
[508.426s][info][gc,phases      ] GC(396) Summary Phase 0.014ms
[508.426s][info][gc,phases,start] GC(396) Adjust Roots
[508.426s][info][gc,phases      ] GC(396) Adjust Roots 0.251ms
[508.426s][info][gc,phases,start] GC(396) Compaction Phase
[508.436s][info][gc,phases      ] GC(396) Compaction Phase 9.354ms
[508.436s][info][gc,phases,start] GC(396) Post Compact
[508.436s][info][gc,phases      ] GC(396) Post Compact 0.533ms
[508.437s][info][gc,heap        ] GC(396) PSYoungGen: 100321K(137728K)->0K(137728K) Eden: 100321K(100864K)->0K(100864K) From: 0K(36864K)->0K(36864K)
[508.437s][info][gc,heap        ] GC(396) ParOldGen: 329728K(337920K)->155220K(314880K)
[508.437s][info][gc,metaspace   ] GC(396) Metaspace: 1070K(1280K)->1070K(1280K) NonClass: 989K(1088K)->989K(1088K) Class: 81K(192K)->81K(192K)
[508.437s][info][gc             ] GC(396) Pause Full (Ergonomics) 419M->151M(442M) 12.627ms
[508.437s][info][gc,cpu         ] GC(396) User=0.00s Sys=0.00s Real=0.01s
[510.515s][info][gc,start       ] GC(397) Pause Full (Ergonomics)
[510.515s][info][gc,phases,start] GC(397) Marking Phase
[510.516s][info][gc,phases      ] GC(397) Marking Phase 1.345ms
[510.516s][info][gc,phases,start] GC(397) Summary Phase
[510.516s][info][gc,phases      ] GC(397) Summary Phase 0.015ms
[510.516s][info][gc,phases,start] GC(397) Adjust Roots
[510.516s][info][gc,phases      ] GC(397) Adjust Roots 0.251ms
[510.516s][info][gc,phases,start] GC(397) Compaction Phase
[510.525s][info][gc,phases      ] GC(397) Compaction Phase 8.517ms
[510.525s][info][gc,phases,start] GC(397) Post Compact
[510.525s][info][gc,phases      ] GC(397) Post Compact 0.590ms
[510.526s][info][gc,heap        ] GC(397) PSYoungGen: 97249K(137728K)->0K(137728K) Eden: 97249K(100864K)->0K(100864K) From: 0K(36864K)->0K(36864K)
[510.526s][info][gc,heap        ] GC(397) ParOldGen: 308820K(314880K)->165460K(324096K)
[510.526s][info][gc,metaspace   ] GC(397) Metaspace: 1070K(1280K)->1070K(1280K) NonClass: 989K(1088K)->989K(1088K) Class: 81K(192K)->81K(192K)
[510.526s][info][gc             ] GC(397) Pause Full (Ergonomics) 396M->161M(451M) 10.974ms
[510.526s][info][gc,cpu         ] GC(397) User=0.00s Sys=0.00s Real=0.01s
[512.378s][info][gc,start       ] GC(398) Pause Full (Ergonomics)
[512.378s][info][gc,phases,start] GC(398) Marking Phase
[512.379s][info][gc,phases      ] GC(398) Marking Phase 1.413ms
[512.379s][info][gc,phases,start] GC(398) Summary Phase
[512.379s][info][gc,phases      ] GC(398) Summary Phase 0.013ms
[512.379s][info][gc,phases,start] GC(398) Adjust Roots
[512.379s][info][gc,phases      ] GC(398) Adjust Roots 0.232ms
[512.379s][info][gc,phases,start] GC(398) Compaction Phase
[512.381s][info][gc,phases      ] GC(398) Compaction Phase 1.246ms
[512.381s][info][gc,phases,start] GC(398) Post Compact
[512.381s][info][gc,phases      ] GC(398) Post Compact 0.531ms
[512.388s][info][gc,heap        ] GC(398) PSYoungGen: 83937K(137728K)->0K(137728K) Eden: 83937K(100864K)->0K(100864K) From: 0K(36864K)->0K(36864K)
[512.388s][info][gc,heap        ] GC(398) ParOldGen: 319060K(324096K)->17408K(174592K)
[512.388s][info][gc,metaspace   ] GC(398) Metaspace: 1070K(1280K)->1070K(1280K) NonClass: 989K(1088K)->989K(1088K) Class: 81K(192K)->81K(192K)
[512.388s][info][gc             ] GC(398) Pause Full (Ergonomics) 393M->17M(305M) 10.636ms
[512.388s][info][gc,cpu         ] GC(398) User=0.00s Sys=0.00s Real=0.01s
[513.478s][info][gc,start       ] GC(399) Pause Full (Ergonomics)
[513.478s][info][gc,phases,start] GC(399) Marking Phase
[513.479s][info][gc,phases      ] GC(399) Marking Phase 1.486ms
[513.479s][info][gc,phases,start] GC(399) Summary Phase
[513.479s][info][gc,phases      ] GC(399) Summary Phase 0.018ms
[513.479s][info][gc,phases,start] GC(399) Adjust Roots
[513.480s][info][gc,phases      ] GC(399) Adjust Roots 0.260ms
[513.480s][info][gc,phases,start] GC(399) Compaction Phase
[513.481s][info][gc,phases      ] GC(399) Compaction Phase 1.029ms
[513.481s][info][gc,phases,start] GC(399) Post Compact
[513.481s][info][gc,phases      ] GC(399) Post Compact 0.270ms
[513.481s][info][gc,heap        ] GC(399) PSYoungGen: 100321K(137728K)->0K(137728K) Eden: 100321K(100864K)->0K(100864K) From: 0K(36864K)->0K(36864K)
[513.481s][info][gc,heap        ] GC(399) ParOldGen: 119808K(174592K)->13312K(169472K)
[513.481s][info][gc,metaspace   ] GC(399) Metaspace: 1070K(1280K)->1070K(1280K) NonClass: 989K(1088K)->989K(1088K) Class: 81K(192K)->81K(192K)
[513.481s][info][gc             ] GC(399) Pause Full (Ergonomics) 214M->13M(300M) 3.583ms
[513.481s][info][gc,cpu         ] GC(399) User=0.00s Sys=0.00s Real=0.00s
[514.348s][info][gc,start       ] GC(400) Pause Full (Ergonomics)
[514.348s][info][gc,phases,start] GC(400) Marking Phase
[514.350s][info][gc,phases      ] GC(400) Marking Phase 1.566ms
[514.350s][info][gc,phases,start] GC(400) Summary Phase
[514.350s][info][gc,phases      ] GC(400) Summary Phase 0.012ms
[514.350s][info][gc,phases,start] GC(400) Adjust Roots
[514.350s][info][gc,phases      ] GC(400) Adjust Roots 0.259ms
[514.350s][info][gc,phases,start] GC(400) Compaction Phase
[514.351s][info][gc,phases      ] GC(400) Compaction Phase 0.874ms
[514.351s][info][gc,phases,start] GC(400) Post Compact
[514.351s][info][gc,phases      ] GC(400) Post Compact 0.248ms
[514.351s][info][gc,heap        ] GC(400) PSYoungGen: 100321K(137728K)->0K(137728K) Eden: 100321K(100864K)->0K(100864K) From: 0K(36864K)->0K(36864K)
[514.351s][info][gc,heap        ] GC(400) ParOldGen: 115712K(169472K)->19456K(174592K)
[514.351s][info][gc,metaspace   ] GC(400) Metaspace: 1070K(1280K)->1070K(1280K) NonClass: 989K(1088K)->989K(1088K) Class: 81K(192K)->81K(192K)
[514.351s][info][gc             ] GC(400) Pause Full (Ergonomics) 210M->19M(305M) 3.171ms
[514.351s][info][gc,cpu         ] GC(400) User=0.00s Sys=0.00s Real=0.00s
[516.518s][info][gc,start       ] GC(401) Pause Young (Allocation Failure)
[516.519s][info][gc,heap        ] GC(401) PSYoungGen: 94177K(137728K)->15360K(138752K) Eden: 94177K(100864K)->0K(101888K) From: 0K(36864K)->15360K(36864K)
[516.519s][info][gc,heap        ] GC(401) ParOldGen: 19456K(174592K)->19456K(174592K)
[516.519s][info][gc,metaspace   ] GC(401) Metaspace: 1070K(1280K)->1070K(1280K) NonClass: 989K(1088K)->989K(1088K) Class: 81K(192K)->81K(192K)
[516.519s][info][gc             ] GC(401) Pause Young (Allocation Failure) 110M->34M(306M) 1.407ms
[516.519s][info][gc,cpu         ] GC(401) User=0.00s Sys=0.00s Real=0.00s
[517.498s][info][gc,start       ] GC(402) Pause Full (Ergonomics)
[517.498s][info][gc,phases,start] GC(402) Marking Phase
[517.500s][info][gc,phases      ] GC(402) Marking Phase 1.477ms
[517.500s][info][gc,phases,start] GC(402) Summary Phase
[517.500s][info][gc,phases      ] GC(402) Summary Phase 0.013ms
[517.500s][info][gc,phases,start] GC(402) Adjust Roots
[517.500s][info][gc,phases      ] GC(402) Adjust Roots 0.266ms
[517.500s][info][gc,phases,start] GC(402) Compaction Phase
[517.503s][info][gc,phases      ] GC(402) Compaction Phase 2.547ms
[517.503s][info][gc,phases,start] GC(402) Post Compact
[517.503s][info][gc,phases      ] GC(402) Post Compact 0.378ms
[517.503s][info][gc,heap        ] GC(402) PSYoungGen: 115694K(138752K)->0K(137728K) Eden: 100334K(101888K)->0K(101888K) From: 15360K(36864K)->0K(35840K)
[517.503s][info][gc,heap        ] GC(402) ParOldGen: 121856K(174592K)->32768K(186368K)
[517.503s][info][gc,metaspace   ] GC(402) Metaspace: 1070K(1280K)->1070K(1280K) NonClass: 989K(1088K)->989K(1088K) Class: 81K(192K)->81K(192K)
[517.503s][info][gc             ] GC(402) Pause Full (Ergonomics) 231M->32M(316M) 4.960ms
[517.503s][info][gc,cpu         ] GC(402) User=0.00s Sys=0.00s Real=0.00s
[520.383s][info][gc,start       ] GC(403) Pause Full (Ergonomics)
[520.383s][info][gc,phases,start] GC(403) Marking Phase
[520.385s][info][gc,phases      ] GC(403) Marking Phase 1.397ms
[520.385s][info][gc,phases,start] GC(403) Summary Phase
[520.385s][info][gc,phases      ] GC(403) Summary Phase 0.014ms
[520.385s][info][gc,phases,start] GC(403) Adjust Roots
[520.385s][info][gc,phases      ] GC(403) Adjust Roots 0.258ms
[520.385s][info][gc,phases,start] GC(403) Compaction Phase
[520.393s][info][gc,phases      ] GC(403) Compaction Phase 7.292ms
[520.393s][info][gc,phases,start] GC(403) Post Compact
[520.393s][info][gc,phases      ] GC(403) Post Compact 0.533ms
[520.397s][info][gc,heap        ] GC(403) PSYoungGen: 97265K(137728K)->0K(138752K) Eden: 97265K(101888K)->0K(102912K) From: 0K(35840K)->0K(35840K)
[520.397s][info][gc,heap        ] GC(403) ParOldGen: 339968K(349696K)->109140K(261632K)
[520.397s][info][gc,metaspace   ] GC(403) Metaspace: 1070K(1280K)->1070K(1280K) NonClass: 989K(1088K)->989K(1088K) Class: 81K(192K)->81K(192K)
[520.397s][info][gc             ] GC(403) Pause Full (Ergonomics) 426M->106M(391M) 13.673ms
[520.397s][info][gc,cpu         ] GC(403) User=0.02s Sys=0.00s Real=0.01s
[521.053s][info][gc,start       ] GC(404) Pause Young (Allocation Failure)
[521.056s][info][gc,heap        ] GC(404) PSYoungGen: 58375K(138752K)->25600K(129024K) Eden: 58375K(102912K)->0K(102912K) From: 0K(35840K)->25600K(26112K)
[521.056s][info][gc,heap        ] GC(404) ParOldGen: 109140K(261632K)->109140K(261632K)
[521.056s][info][gc,metaspace   ] GC(404) Metaspace: 1070K(1280K)->1070K(1280K) NonClass: 989K(1088K)->989K(1088K) Class: 81K(192K)->81K(192K)
[521.056s][info][gc             ] GC(404) Pause Young (Allocation Failure) 163M->131M(381M) 2.321ms
[521.056s][info][gc,cpu         ] GC(404) User=0.00s Sys=0.00s Real=0.00s
[522.249s][info][gc,start       ] GC(405) Pause Full (Ergonomics)
[522.249s][info][gc,phases,start] GC(405) Marking Phase
[522.251s][info][gc,phases      ] GC(405) Marking Phase 1.498ms
[522.251s][info][gc,phases,start] GC(405) Summary Phase
[522.251s][info][gc,phases      ] GC(405) Summary Phase 0.013ms
[522.251s][info][gc,phases,start] GC(405) Adjust Roots
[522.251s][info][gc,phases      ] GC(405) Adjust Roots 0.206ms
[522.251s][info][gc,phases,start] GC(405) Compaction Phase
[522.252s][info][gc,phases      ] GC(405) Compaction Phase 1.581ms
[522.252s][info][gc,phases,start] GC(405) Post Compact
[522.253s][info][gc,phases      ] GC(405) Post Compact 0.404ms
[522.253s][info][gc,heap        ] GC(405) PSYoungGen: 120827K(129024K)->0K(137728K) Eden: 95227K(102912K)->0K(100864K) From: 25600K(26112K)->0K(36864K)
[522.253s][info][gc,heap        ] GC(405) ParOldGen: 211540K(261632K)->125524K(276480K)
[522.253s][info][gc,metaspace   ] GC(405) Metaspace: 1070K(1280K)->1070K(1280K) NonClass: 989K(1088K)->989K(1088K) Class: 81K(192K)->81K(192K)
[522.253s][info][gc             ] GC(405) Pause Full (Ergonomics) 324M->122M(404M) 3.954ms
[522.253s][info][gc,cpu         ] GC(405) User=0.00s Sys=0.00s Real=0.00s
[523.665s][info][gc,start       ] GC(406) Pause Full (Ergonomics)
[523.665s][info][gc,phases,start] GC(406) Marking Phase
[523.666s][info][gc,phases      ] GC(406) Marking Phase 1.465ms
[523.666s][info][gc,phases,start] GC(406) Summary Phase
[523.666s][info][gc,phases      ] GC(406) Summary Phase 0.019ms
[523.666s][info][gc,phases,start] GC(406) Adjust Roots
[523.667s][info][gc,phases      ] GC(406) Adjust Roots 0.223ms
[523.667s][info][gc,phases,start] GC(406) Compaction Phase
[523.668s][info][gc,phases      ] GC(406) Compaction Phase 1.014ms
[523.668s][info][gc,phases,start] GC(406) Post Compact
[523.668s][info][gc,phases      ] GC(406) Post Compact 0.414ms
[523.673s][info][gc,heap        ] GC(406) PSYoungGen: 100312K(137728K)->0K(137728K) Eden: 100312K(100864K)->0K(100864K) From: 0K(36864K)->0K(36864K)
[523.673s][info][gc,heap        ] GC(406) ParOldGen: 227924K(276480K)->12288K(162304K)
[523.673s][info][gc,metaspace   ] GC(406) Metaspace: 1070K(1280K)->1070K(1280K) NonClass: 989K(1088K)->989K(1088K) Class: 81K(192K)->81K(192K)
[523.673s][info][gc             ] GC(406) Pause Full (Ergonomics) 320M->12M(293M) 8.235ms
[523.673s][info][gc,cpu         ] GC(406) User=0.00s Sys=0.00s Real=0.01s
[524.665s][info][gc,start       ] GC(407) Pause Full (Ergonomics)
[524.665s][info][gc,phases,start] GC(407) Marking Phase
[524.666s][info][gc,phases      ] GC(407) Marking Phase 1.443ms
[524.666s][info][gc,phases,start] GC(407) Summary Phase
[524.666s][info][gc,phases      ] GC(407) Summary Phase 0.012ms
[524.666s][info][gc,phases,start] GC(407) Adjust Roots
[524.666s][info][gc,phases      ] GC(407) Adjust Roots 0.250ms
[524.666s][info][gc,phases,start] GC(407) Compaction Phase
[524.668s][info][gc,phases      ] GC(407) Compaction Phase 1.090ms
[524.668s][info][gc,phases,start] GC(407) Post Compact
[524.668s][info][gc,phases      ] GC(407) Post Compact 0.259ms
[524.668s][info][gc,heap        ] GC(407) PSYoungGen: 100315K(137728K)->0K(137728K) Eden: 100315K(100864K)->0K(100864K) From: 0K(36864K)->0K(36864K)
[524.668s][info][gc,heap        ] GC(407) ParOldGen: 114688K(162304K)->22528K(171520K)
[524.668s][info][gc,metaspace   ] GC(407) Metaspace: 1070K(1280K)->1070K(1280K) NonClass: 989K(1088K)->989K(1088K) Class: 81K(192K)->81K(192K)
[524.668s][info][gc             ] GC(407) Pause Full (Ergonomics) 209M->22M(302M) 3.257ms
[524.668s][info][gc,cpu         ] GC(407) User=0.00s Sys=0.00s Real=0.00s
[526.512s][info][gc,start       ] GC(408) Pause Young (Allocation Failure)
[526.514s][info][gc,heap        ] GC(408) PSYoungGen: 100317K(137728K)->25600K(126976K) Eden: 100317K(100864K)->0K(100864K) From: 0K(36864K)->25600K(26112K)
[526.514s][info][gc,heap        ] GC(408) ParOldGen: 176128K(274432K)->176128K(274432K)
[526.514s][info][gc,metaspace   ] GC(408) Metaspace: 1070K(1280K)->1070K(1280K) NonClass: 989K(1088K)->989K(1088K) Class: 81K(192K)->81K(192K)
[526.514s][info][gc             ] GC(408) Pause Young (Allocation Failure) 269M->197M(392M) 2.349ms
[526.514s][info][gc,cpu         ] GC(408) User=0.00s Sys=0.00s Real=0.00s
[528.627s][info][gc,start       ] GC(409) Pause Full (Ergonomics)
[528.627s][info][gc,phases,start] GC(409) Marking Phase
[528.628s][info][gc,phases      ] GC(409) Marking Phase 1.494ms
[528.628s][info][gc,phases,start] GC(409) Summary Phase
[528.628s][info][gc,phases      ] GC(409) Summary Phase 0.015ms
[528.628s][info][gc,phases,start] GC(409) Adjust Roots
[528.629s][info][gc,phases      ] GC(409) Adjust Roots 0.239ms
[528.629s][info][gc,phases,start] GC(409) Compaction Phase
[528.633s][info][gc,phases      ] GC(409) Compaction Phase 4.645ms
[528.633s][info][gc,phases,start] GC(409) Post Compact
[528.634s][info][gc,phases      ] GC(409) Post Compact 0.887ms
[528.641s][info][gc,heap        ] GC(409) PSYoungGen: 125918K(126976K)->0K(137216K) Eden: 100318K(100864K)->0K(99840K) From: 25600K(26112K)->0K(37376K)
[528.641s][info][gc,heap        ] GC(409) ParOldGen: 329728K(349696K)->58964K(206336K)
[528.641s][info][gc,metaspace   ] GC(409) Metaspace: 1070K(1280K)->1070K(1280K) NonClass: 989K(1088K)->989K(1088K) Class: 81K(192K)->81K(192K)
[528.641s][info][gc             ] GC(409) Pause Full (Ergonomics) 444M->57M(335M) 13.793ms
[528.641s][info][gc,cpu         ] GC(409) User=0.00s Sys=0.00s Real=0.01s
[530.491s][info][gc,start       ] GC(410) Pause Young (Allocation Failure)
[530.492s][info][gc,heap        ] GC(410) PSYoungGen: 95179K(137216K)->10240K(137216K) Eden: 95179K(99840K)->0K(99840K) From: 0K(37376K)->10240K(37376K)
[530.492s][info][gc,heap        ] GC(410) ParOldGen: 212564K(309248K)->212564K(309248K)
[530.492s][info][gc,metaspace   ] GC(410) Metaspace: 1070K(1280K)->1070K(1280K) NonClass: 989K(1088K)->989K(1088K) Class: 81K(192K)->81K(192K)
[530.492s][info][gc             ] GC(410) Pause Young (Allocation Failure) 300M->217M(436M) 1.142ms
[530.492s][info][gc,cpu         ] GC(410) User=0.00s Sys=0.00s Real=0.00s
[532.482s][info][gc,start       ] GC(411) Pause Full (Ergonomics)
[532.482s][info][gc,phases,start] GC(411) Marking Phase
[532.484s][info][gc,phases      ] GC(411) Marking Phase 1.517ms
[532.484s][info][gc,phases,start] GC(411) Summary Phase
[532.484s][info][gc,phases      ] GC(411) Summary Phase 0.013ms
[532.484s][info][gc,phases,start] GC(411) Adjust Roots
[532.484s][info][gc,phases      ] GC(411) Adjust Roots 0.269ms
[532.484s][info][gc,phases,start] GC(411) Compaction Phase
[532.486s][info][gc,phases      ] GC(411) Compaction Phase 1.674ms
[532.486s][info][gc,phases,start] GC(411) Post Compact
[532.486s][info][gc,phases      ] GC(411) Post Compact 0.478ms
[532.493s][info][gc,heap        ] GC(411) PSYoungGen: 90059K(137216K)->0K(137216K) Eden: 79819K(99840K)->0K(99840K) From: 10240K(37376K)->0K(37376K)
[532.493s][info][gc,heap        ] GC(411) ParOldGen: 314964K(349696K)->28672K(174592K)
[532.493s][info][gc,metaspace   ] GC(411) Metaspace: 1070K(1280K)->1070K(1280K) NonClass: 989K(1088K)->989K(1088K) Class: 81K(192K)->81K(192K)
[532.493s][info][gc             ] GC(411) Pause Full (Ergonomics) 395M->28M(304M) 11.087ms
[532.493s][info][gc,cpu         ] GC(411) User=0.00s Sys=0.00s Real=0.01s
[533.697s][info][gc,start       ] GC(412) Pause Full (Ergonomics)
[533.697s][info][gc,phases,start] GC(412) Marking Phase
[533.698s][info][gc,phases      ] GC(412) Marking Phase 1.535ms
[533.698s][info][gc,phases,start] GC(412) Summary Phase
[533.698s][info][gc,phases      ] GC(412) Summary Phase 0.013ms
[533.698s][info][gc,phases,start] GC(412) Adjust Roots
[533.699s][info][gc,phases      ] GC(412) Adjust Roots 0.263ms
[533.699s][info][gc,phases,start] GC(412) Compaction Phase
[533.700s][info][gc,phases      ] GC(412) Compaction Phase 1.111ms
[533.700s][info][gc,phases,start] GC(412) Post Compact
[533.700s][info][gc,phases      ] GC(412) Post Compact 0.272ms
[533.701s][info][gc,heap        ] GC(412) PSYoungGen: 95180K(137216K)->0K(137216K) Eden: 95180K(99840K)->0K(99840K) From: 0K(37376K)->0K(37376K)
[533.701s][info][gc,heap        ] GC(412) ParOldGen: 131072K(174592K)->19456K(164352K)
[533.701s][info][gc,metaspace   ] GC(412) Metaspace: 1070K(1280K)->1070K(1280K) NonClass: 989K(1088K)->989K(1088K) Class: 81K(192K)->81K(192K)
[533.701s][info][gc             ] GC(412) Pause Full (Ergonomics) 220M->19M(294M) 3.948ms
[533.701s][info][gc,cpu         ] GC(412) User=0.00s Sys=0.02s Real=0.00s
[535.005s][info][gc,start       ] GC(413) Pause Full (Ergonomics)
[535.005s][info][gc,phases,start] GC(413) Marking Phase
[535.006s][info][gc,phases      ] GC(413) Marking Phase 1.499ms
[535.006s][info][gc,phases,start] GC(413) Summary Phase
[535.006s][info][gc,phases      ] GC(413) Summary Phase 0.013ms
[535.006s][info][gc,phases,start] GC(413) Adjust Roots
[535.007s][info][gc,phases      ] GC(413) Adjust Roots 0.337ms
[535.007s][info][gc,phases,start] GC(413) Compaction Phase
[535.007s][info][gc,phases      ] GC(413) Compaction Phase 0.592ms
[535.007s][info][gc,phases,start] GC(413) Post Compact
[535.008s][info][gc,phases      ] GC(413) Post Compact 0.277ms
[535.008s][info][gc,heap        ] GC(413) PSYoungGen: 90060K(137216K)->0K(137216K) Eden: 90060K(99840K)->0K(99840K) From: 0K(37376K)->0K(37376K)
[535.008s][info][gc,heap        ] GC(413) ParOldGen: 121856K(164352K)->7168K(151040K)
[535.008s][info][gc,metaspace   ] GC(413) Metaspace: 1070K(1280K)->1070K(1280K) NonClass: 989K(1088K)->989K(1088K) Class: 81K(192K)->81K(192K)
[535.008s][info][gc             ] GC(413) Pause Full (Ergonomics) 206M->7M(281M) 3.697ms
[535.008s][info][gc,cpu         ] GC(413) User=0.00s Sys=0.00s Real=0.00s
[535.766s][info][gc,start       ] GC(414) Pause Full (Ergonomics)
[535.766s][info][gc,phases,start] GC(414) Marking Phase
[535.767s][info][gc,phases      ] GC(414) Marking Phase 1.368ms
[535.767s][info][gc,phases,start] GC(414) Summary Phase
[535.767s][info][gc,phases      ] GC(414) Summary Phase 0.012ms
[535.767s][info][gc,phases,start] GC(414) Adjust Roots
[535.767s][info][gc,phases      ] GC(414) Adjust Roots 0.256ms
[535.768s][info][gc,phases,start] GC(414) Compaction Phase
[535.768s][info][gc,phases      ] GC(414) Compaction Phase 0.694ms
[535.768s][info][gc,phases,start] GC(414) Post Compact
[535.768s][info][gc,phases      ] GC(414) Post Compact 0.246ms
[535.769s][info][gc,heap        ] GC(414) PSYoungGen: 95180K(137216K)->0K(137216K) Eden: 95180K(99840K)->0K(99840K) From: 0K(37376K)->0K(37376K)
[535.769s][info][gc,heap        ] GC(414) ParOldGen: 109568K(151040K)->13312K(156160K)
[535.769s][info][gc,metaspace   ] GC(414) Metaspace: 1070K(1280K)->1070K(1280K) NonClass: 989K(1088K)->989K(1088K) Class: 81K(192K)->81K(192K)
[535.769s][info][gc             ] GC(414) Pause Full (Ergonomics) 199M->13M(286M) 2.776ms
[535.769s][info][gc,cpu         ] GC(414) User=0.00s Sys=0.00s Real=0.00s
[537.620s][info][gc,start       ] GC(415) Pause Young (Allocation Failure)
[537.623s][info][gc,heap        ] GC(415) PSYoungGen: 95180K(137216K)->35840K(128000K) Eden: 95180K(99840K)->0K(90624K) From: 0K(37376K)->35840K(37376K)
[537.623s][info][gc,heap        ] GC(415) ParOldGen: 166912K(259072K)->166912K(259072K)
[537.623s][info][gc,metaspace   ] GC(415) Metaspace: 1070K(1280K)->1070K(1280K) NonClass: 989K(1088K)->989K(1088K) Class: 81K(192K)->81K(192K)
[537.623s][info][gc             ] GC(415) Pause Young (Allocation Failure) 255M->198M(378M) 2.871ms
[537.623s][info][gc,cpu         ] GC(415) User=0.00s Sys=0.00s Real=0.00s
[539.380s][info][gc,start       ] GC(416) Pause Full (Ergonomics)
[539.380s][info][gc,phases,start] GC(416) Marking Phase
[539.381s][info][gc,phases      ] GC(416) Marking Phase 1.359ms
[539.381s][info][gc,phases,start] GC(416) Summary Phase
[539.381s][info][gc,phases      ] GC(416) Summary Phase 0.014ms
[539.381s][info][gc,phases,start] GC(416) Adjust Roots
[539.381s][info][gc,phases      ] GC(416) Adjust Roots 0.202ms
[539.381s][info][gc,phases,start] GC(416) Compaction Phase
[539.383s][info][gc,phases      ] GC(416) Compaction Phase 1.455ms
[539.383s][info][gc,phases,start] GC(416) Post Compact
[539.383s][info][gc,phases      ] GC(416) Post Compact 0.598ms
[539.387s][info][gc,heap        ] GC(416) PSYoungGen: 119572K(128000K)->0K(132608K) Eden: 83732K(90624K)->0K(90624K) From: 35840K(37376K)->0K(41984K)
[539.387s][info][gc,heap        ] GC(416) ParOldGen: 218112K(259072K)->17408K(158720K)
[539.387s][info][gc,metaspace   ] GC(416) Metaspace: 1070K(1280K)->1070K(1280K) NonClass: 989K(1088K)->989K(1088K) Class: 81K(192K)->81K(192K)
[539.387s][info][gc             ] GC(416) Pause Full (Ergonomics) 329M->17M(284M) 7.260ms
[539.387s][info][gc,cpu         ] GC(416) User=0.00s Sys=0.00s Real=0.01s
[540.145s][info][gc,start       ] GC(417) Pause Full (Ergonomics)
[540.145s][info][gc,phases,start] GC(417) Marking Phase
[540.146s][info][gc,phases      ] GC(417) Marking Phase 1.325ms
[540.146s][info][gc,phases,start] GC(417) Summary Phase
[540.146s][info][gc,phases      ] GC(417) Summary Phase 0.013ms
[540.146s][info][gc,phases,start] GC(417) Adjust Roots
[540.147s][info][gc,phases      ] GC(417) Adjust Roots 0.191ms
[540.147s][info][gc,phases,start] GC(417) Compaction Phase
[540.154s][info][gc,phases      ] GC(417) Compaction Phase 7.545ms
[540.154s][info][gc,phases,start] GC(417) Post Compact
[540.155s][info][gc,phases      ] GC(417) Post Compact 0.441ms
[540.155s][info][gc,heap        ] GC(417) PSYoungGen: 89876K(132608K)->0K(132608K) Eden: 89876K(90624K)->0K(90624K) From: 0K(41984K)->0K(41984K)
[540.155s][info][gc,heap        ] GC(417) ParOldGen: 119808K(158720K)->114260K(254464K)
[540.155s][info][gc,metaspace   ] GC(417) Metaspace: 1070K(1280K)->1070K(1280K) NonClass: 989K(1088K)->989K(1088K) Class: 81K(192K)->81K(192K)
[540.155s][info][gc             ] GC(417) Pause Full (Ergonomics) 204M->111M(378M) 10.082ms
[540.155s][info][gc,cpu         ] GC(417) User=0.00s Sys=0.00s Real=0.01s
[541.927s][info][gc,start       ] GC(418) Pause Full (Ergonomics)
[541.928s][info][gc,phases,start] GC(418) Marking Phase
[541.929s][info][gc,phases      ] GC(418) Marking Phase 1.321ms
[541.929s][info][gc,phases,start] GC(418) Summary Phase
[541.929s][info][gc,phases      ] GC(418) Summary Phase 0.013ms
[541.929s][info][gc,phases,start] GC(418) Adjust Roots
[541.929s][info][gc,phases      ] GC(418) Adjust Roots 0.187ms
[541.929s][info][gc,phases,start] GC(418) Compaction Phase
[541.930s][info][gc,phases      ] GC(418) Compaction Phase 1.223ms
[541.930s][info][gc,phases,start] GC(418) Post Compact
[541.931s][info][gc,phases      ] GC(418) Post Compact 0.512ms
[541.932s][info][gc,heap        ] GC(418) PSYoungGen: 89876K(132608K)->0K(132608K) Eden: 89876K(90624K)->0K(90624K) From: 0K(41984K)->0K(41984K)
[541.932s][info][gc,heap        ] GC(418) ParOldGen: 267860K(349696K)->120404K(259584K)
[541.932s][info][gc,metaspace   ] GC(418) Metaspace: 1070K(1280K)->1070K(1280K) NonClass: 989K(1088K)->989K(1088K) Class: 81K(192K)->81K(192K)
[541.932s][info][gc             ] GC(418) Pause Full (Ergonomics) 349M->117M(383M) 4.626ms
[541.932s][info][gc,cpu         ] GC(418) User=0.00s Sys=0.00s Real=0.00s
[544.308s][info][gc,start       ] GC(419) Pause Full (Ergonomics)
[544.308s][info][gc,phases,start] GC(419) Marking Phase
[544.309s][info][gc,phases      ] GC(419) Marking Phase 1.514ms
[544.309s][info][gc,phases,start] GC(419) Summary Phase
[544.309s][info][gc,phases      ] GC(419) Summary Phase 0.014ms
[544.309s][info][gc,phases,start] GC(419) Adjust Roots
[544.310s][info][gc,phases      ] GC(419) Adjust Roots 0.242ms
[544.310s][info][gc,phases,start] GC(419) Compaction Phase
[544.311s][info][gc,phases      ] GC(419) Compaction Phase 0.976ms
[544.311s][info][gc,phases,start] GC(419) Post Compact
[544.311s][info][gc,phases      ] GC(419) Post Compact 0.460ms
[544.317s][info][gc,heap        ] GC(419) PSYoungGen: 86804K(132608K)->0K(132608K) Eden: 86804K(90624K)->0K(90624K) From: 0K(41984K)->0K(41984K)
[544.317s][info][gc,heap        ] GC(419) ParOldGen: 274004K(349696K)->14336K(152576K)
[544.317s][info][gc,metaspace   ] GC(419) Metaspace: 1070K(1280K)->1070K(1280K) NonClass: 989K(1088K)->989K(1088K) Class: 81K(192K)->81K(192K)
[544.317s][info][gc             ] GC(419) Pause Full (Ergonomics) 352M->14M(278M) 9.716ms
[544.317s][info][gc,cpu         ] GC(419) User=0.00s Sys=0.00s Real=0.01s
[546.518s][info][gc,start       ] GC(420) Pause Young (Allocation Failure)
[546.518s][info][gc,heap        ] GC(420) PSYoungGen: 84756K(132608K)->5120K(96256K) Eden: 84756K(90624K)->0K(90624K) From: 0K(41984K)->5120K(5632K)
[546.518s][info][gc,heap        ] GC(420) ParOldGen: 167936K(255488K)->167936K(255488K)
[546.518s][info][gc,metaspace   ] GC(420) Metaspace: 1070K(1280K)->1070K(1280K) NonClass: 989K(1088K)->989K(1088K) Class: 81K(192K)->81K(192K)
[546.518s][info][gc             ] GC(420) Pause Young (Allocation Failure) 246M->169M(343M) 0.749ms
[546.518s][info][gc,cpu         ] GC(420) User=0.00s Sys=0.00s Real=0.00s
[547.313s][info][gc,start       ] GC(421) Pause Full (Ergonomics)
[547.313s][info][gc,phases,start] GC(421) Marking Phase
[547.315s][info][gc,phases      ] GC(421) Marking Phase 1.474ms
[547.315s][info][gc,phases,start] GC(421) Summary Phase
[547.315s][info][gc,phases      ] GC(421) Summary Phase 0.014ms
[547.315s][info][gc,phases,start] GC(421) Adjust Roots
[547.315s][info][gc,phases      ] GC(421) Adjust Roots 0.240ms
[547.315s][info][gc,phases,start] GC(421) Compaction Phase
[547.317s][info][gc,phases      ] GC(421) Compaction Phase 1.849ms
[547.317s][info][gc,phases,start] GC(421) Post Compact
[547.318s][info][gc,phases      ] GC(421) Post Compact 0.426ms
[547.323s][info][gc,heap        ] GC(421) PSYoungGen: 94996K(96256K)->0K(132096K) Eden: 89876K(90624K)->0K(89600K) From: 5120K(5632K)->0K(42496K)
[547.323s][info][gc,heap        ] GC(421) ParOldGen: 270336K(349696K)->27648K(164864K)
[547.323s][info][gc,metaspace   ] GC(421) Metaspace: 1070K(1280K)->1070K(1280K) NonClass: 989K(1088K)->989K(1088K) Class: 81K(192K)->81K(192K)
[547.323s][info][gc             ] GC(421) Pause Full (Ergonomics) 356M->27M(290M) 9.714ms
[547.323s][info][gc,cpu         ] GC(421) User=0.00s Sys=0.00s Real=0.01s
[548.959s][info][gc,start       ] GC(422) Pause Young (Allocation Failure)
[548.960s][info][gc,heap        ] GC(422) PSYoungGen: 84736K(132096K)->10240K(132096K) Eden: 84736K(89600K)->0K(89600K) From: 0K(42496K)->10240K(42496K)
[548.960s][info][gc,heap        ] GC(422) ParOldGen: 181248K(267776K)->181248K(267776K)
[548.960s][info][gc,metaspace   ] GC(422) Metaspace: 1070K(1280K)->1070K(1280K) NonClass: 989K(1088K)->989K(1088K) Class: 81K(192K)->81K(192K)
[548.960s][info][gc             ] GC(422) Pause Young (Allocation Failure) 259M->187M(390M) 1.436ms
[548.961s][info][gc,cpu         ] GC(422) User=0.00s Sys=0.00s Real=0.00s
[549.287s][info][gc,heap,exit   ] Heap
[549.287s][info][gc,heap,exit   ]  PSYoungGen      total 132096K, used 29184K [0x00000000f5580000, 0x0000000100000000, 0x0000000100000000)
[549.287s][info][gc,heap,exit   ]   eden space 89600K, 21% used [0x00000000f5580000,0x00000000f68001b8,0x00000000fad00000)
[549.287s][info][gc,heap,exit   ]   from space 42496K, 24% used [0x00000000fad00000,0x00000000fb700020,0x00000000fd680000)
[549.287s][info][gc,heap,exit   ]   to   space 41472K, 0% used [0x00000000fd780000,0x00000000fd780000,0x0000000100000000)
[549.287s][info][gc,heap,exit   ]  ParOldGen       total 267776K, used 181248K [0x00000000e0000000, 0x00000000f0580000, 0x00000000f5580000)
[549.287s][info][gc,heap,exit   ]   object space 267776K, 67% used [0x00000000e0000000,0x00000000eb100040,0x00000000f0580000)
[549.287s][info][gc,heap,exit   ]  Metaspace       used 1072K, committed 1280K, reserved 1114112K
[549.287s][info][gc,heap,exit   ]   class space    used 81K, committed 192K, reserved 1048576K
