[2024-08-23T18:43:29.253+0800] Using Parallel
[2024-08-23T18:43:29.256+0800] Version: 17.0.11+1-LTS (release)
[2024-08-23T18:43:29.256+0800] CPUs: 12 total, 12 available
[2024-08-23T18:43:29.256+0800] Memory: 32620M
[2024-08-23T18:43:29.256+0800] Large Page Support: Disabled
[2024-08-23T18:43:29.257+0800] NUMA Support: Disabled
[2024-08-23T18:43:29.257+0800] Compressed Oops: Enabled (32-bit)
[2024-08-23T18:43:29.257+0800] Alignments: Space 512K, Generation 512K, Heap 2M
[2024-08-23T18:43:29.257+0800] Heap Min Capacity: 2G
[2024-08-23T18:43:29.257+0800] Heap Initial Capacity: 2G
[2024-08-23T18:43:29.257+0800] Heap Max Capacity: 2G
[2024-08-23T18:43:29.257+0800] Pre-touch: Disabled
[2024-08-23T18:43:29.257+0800] Parallel Workers: 6
[2024-08-23T18:43:29.264+0800] CDS archive(s) mapped at: [0x000001e88f000000-0x000001e88fbc0000-0x000001e88fbc0000), size 12320768, SharedBaseAddress: 0x000001e88f000000, ArchiveRelocationMode: 1.
[2024-08-23T18:43:29.264+0800] Compressed class space mapped at: 0x000001e890000000-0x000001e8d0000000, reserved size: 1073741824
[2024-08-23T18:43:29.264+0800] Narrow klass base: 0x000001e88f000000, Narrow klass shift: 0, Narrow klass range: 0x100000000
[2024-08-23T18:43:33.877+0800] GC(0) Pause Young (Allocation Failure)
[2024-08-23T18:43:33.878+0800] GC(0) PSYoungGen: 520960K(611840K)->1920K(611840K) Eden: 520960K(524800K)->0K(524800K) From: 0K(87040K)->1920K(87040K)
[2024-08-23T18:43:33.878+0800] GC(0) ParOldGen: 0K(1398272K)->8K(1398272K)
[2024-08-23T18:43:33.878+0800] GC(0) Metaspace: 234K(448K)->234K(448K) NonClass: 226K(320K)->226K(320K) Class: 7K(128K)->7K(128K)
[2024-08-23T18:43:33.878+0800] GC(0) Pause Young (Allocation Failure) 508M->1M(1963M) 1.217ms
[2024-08-23T18:43:33.878+0800] GC(0) User=0.00s Sys=0.00s Real=0.00s
[2024-08-23T18:43:37.695+0800] GC(1) Pause Young (Allocation Failure)
[2024-08-23T18:43:37.702+0800] GC(1) PSYoungGen: 498627K(611840K)->21368K(611840K) Eden: 496707K(524800K)->0K(524800K) From: 1920K(87040K)->21368K(87040K)
[2024-08-23T18:43:37.702+0800] GC(1) ParOldGen: 8K(1398272K)->16K(1398272K)
[2024-08-23T18:43:37.702+0800] GC(1) Metaspace: 238K(448K)->238K(448K) NonClass: 230K(320K)->230K(320K) Class: 7K(128K)->7K(128K)
[2024-08-23T18:43:37.702+0800] GC(1) Pause Young (Allocation Failure) 486M->20M(1963M) 7.015ms
[2024-08-23T18:43:37.702+0800] GC(1) User=0.00s Sys=0.00s Real=0.01s
[2024-08-23T18:43:40.658+0800] GC(2) Pause Young (Allocation Failure)
[2024-08-23T18:43:40.696+0800] GC(2) PSYoungGen: 531671K(611840K)->62312K(611840K) Eden: 510303K(524800K)->0K(524800K) From: 21368K(87040K)->62312K(87040K)
[2024-08-23T18:43:40.696+0800] GC(2) ParOldGen: 16K(1398272K)->153624K(1398272K)
[2024-08-23T18:43:40.696+0800] GC(2) Metaspace: 240K(448K)->240K(448K) NonClass: 232K(320K)->232K(320K) Class: 7K(128K)->7K(128K)
[2024-08-23T18:43:40.696+0800] GC(2) Pause Young (Allocation Failure) 519M->210M(1963M) 38.496ms
[2024-08-23T18:43:40.696+0800] GC(2) User=0.03s Sys=0.03s Real=0.04s
[2024-08-23T18:43:43.544+0800] GC(3) Pause Young (Allocation Failure)
[2024-08-23T18:43:43.557+0800] GC(3) PSYoungGen: 499794K(611840K)->68472K(611840K) Eden: 437482K(524800K)->0K(524800K) From: 62312K(87040K)->68472K(87040K)
[2024-08-23T18:43:43.557+0800] GC(3) ParOldGen: 153624K(1398272K)->153632K(1398272K)
[2024-08-23T18:43:43.557+0800] GC(3) Metaspace: 247K(448K)->247K(448K) NonClass: 239K(320K)->239K(320K) Class: 7K(128K)->7K(128K)
[2024-08-23T18:43:43.557+0800] GC(3) Pause Young (Allocation Failure) 638M->216M(1963M) 14.113ms
[2024-08-23T18:43:43.557+0800] GC(3) User=0.00s Sys=0.00s Real=0.01s
[2024-08-23T18:43:47.816+0800] GC(4) Pause Young (Allocation Failure)
[2024-08-23T18:43:47.833+0800] GC(4) PSYoungGen: 575456K(611840K)->82840K(594944K) Eden: 506984K(524800K)->0K(512000K) From: 68472K(87040K)->82840K(82944K)
[2024-08-23T18:43:47.833+0800] GC(4) ParOldGen: 153632K(1398272K)->204832K(1398272K)
[2024-08-23T18:43:47.833+0800] GC(4) Metaspace: 247K(448K)->247K(448K) NonClass: 240K(320K)->240K(320K) Class: 7K(128K)->7K(128K)
[2024-08-23T18:43:47.833+0800] GC(4) Pause Young (Allocation Failure) 712M->280M(1946M) 17.696ms
[2024-08-23T18:43:47.833+0800] GC(4) User=0.02s Sys=0.00s Real=0.02s
[2024-08-23T18:43:50.999+0800] GC(5) Pause Young (Allocation Failure)
[2024-08-23T18:43:51.030+0800] GC(5) PSYoungGen: 593063K(594944K)->7992K(565760K) Eden: 510223K(512000K)->0K(474624K) From: 82840K(82944K)->7992K(91136K)
[2024-08-23T18:43:51.030+0800] GC(5) ParOldGen: 204832K(1398272K)->307240K(1398272K)
[2024-08-23T18:43:51.030+0800] GC(5) Metaspace: 253K(448K)->253K(448K) NonClass: 245K(320K)->245K(320K) Class: 7K(128K)->7K(128K)
[2024-08-23T18:43:51.030+0800] GC(5) Pause Young (Allocation Failure) 779M->307M(1918M) 31.550ms
[2024-08-23T18:43:51.030+0800] GC(5) User=0.00s Sys=0.02s Real=0.03s
[2024-08-23T18:43:54.635+0800] GC(6) Pause Young (Allocation Failure)
[2024-08-23T18:43:54.636+0800] GC(6) PSYoungGen: 478202K(565760K)->25632K(586752K) Eden: 470210K(474624K)->0K(474624K) From: 7992K(91136K)->25632K(112128K)
[2024-08-23T18:43:54.636+0800] GC(6) ParOldGen: 307240K(1398272K)->308016K(1398272K)
[2024-08-23T18:43:54.636+0800] GC(6) Metaspace: 253K(448K)->253K(448K) NonClass: 245K(320K)->245K(320K) Class: 7K(128K)->7K(128K)
[2024-08-23T18:43:54.636+0800] GC(6) Pause Young (Allocation Failure) 767M->325M(1938M) 2.190ms
[2024-08-23T18:43:54.636+0800] GC(6) User=0.00s Sys=0.00s Real=0.00s
[2024-08-23T18:43:57.802+0800] GC(7) Pause Young (Allocation Failure)
[2024-08-23T18:43:57.819+0800] GC(7) PSYoungGen: 404557K(586752K)->56384K(593408K) Eden: 378925K(474624K)->0K(487936K) From: 25632K(112128K)->56384K(105472K)
[2024-08-23T18:43:57.819+0800] GC(7) ParOldGen: 308016K(1398272K)->359240K(1398272K)
[2024-08-23T18:43:57.819+0800] GC(7) Metaspace: 266K(448K)->266K(448K) NonClass: 258K(320K)->258K(320K) Class: 7K(128K)->7K(128K)
[2024-08-23T18:43:57.820+0800] GC(7) Pause Young (Allocation Failure) 695M->405M(1945M) 17.541ms
[2024-08-23T18:43:57.820+0800] GC(7) User=0.00s Sys=0.02s Real=0.02s
[2024-08-23T18:44:01.531+0800] GC(8) Pause Young (Allocation Failure)
[2024-08-23T18:44:01.532+0800] GC(8) PSYoungGen: 544304K(593408K)->6176K(593408K) Eden: 487920K(487936K)->0K(487936K) From: 56384K(105472K)->6176K(105472K)
[2024-08-23T18:44:01.532+0800] GC(8) ParOldGen: 359240K(1398272K)->359264K(1398272K)
[2024-08-23T18:44:01.532+0800] GC(8) Metaspace: 266K(448K)->266K(448K) NonClass: 258K(320K)->258K(320K) Class: 7K(128K)->7K(128K)
[2024-08-23T18:44:01.532+0800] GC(8) Pause Young (Allocation Failure) 882M->356M(1945M) 1.648ms
[2024-08-23T18:44:01.532+0800] GC(8) User=0.00s Sys=0.00s Real=0.00s
[2024-08-23T18:44:04.808+0800] GC(9) Pause Young (Allocation Failure)
[2024-08-23T18:44:04.811+0800] GC(9) PSYoungGen: 481807K(593408K)->30720K(600064K) Eden: 475631K(487936K)->0K(495616K) From: 6176K(105472K)->30720K(104448K)
[2024-08-23T18:44:04.811+0800] GC(9) ParOldGen: 359264K(1398272K)->359288K(1398272K)
[2024-08-23T18:44:04.811+0800] GC(9) Metaspace: 266K(448K)->266K(448K) NonClass: 258K(320K)->258K(320K) Class: 7K(128K)->7K(128K)
[2024-08-23T18:44:04.811+0800] GC(9) Pause Young (Allocation Failure) 821M->380M(1951M) 2.992ms
[2024-08-23T18:44:04.811+0800] GC(9) User=0.00s Sys=0.00s Real=0.00s
[2024-08-23T18:44:07.650+0800] GC(10) Pause Young (Allocation Failure)
[2024-08-23T18:44:07.655+0800] GC(10) PSYoungGen: 486037K(600064K)->51200K(594432K) Eden: 455317K(495616K)->0K(495616K) From: 30720K(104448K)->51200K(98816K)
[2024-08-23T18:44:07.655+0800] GC(10) ParOldGen: 359288K(1398272K)->369528K(1398272K)
[2024-08-23T18:44:07.655+0800] GC(10) Metaspace: 266K(448K)->266K(448K) NonClass: 258K(320K)->258K(320K) Class: 7K(128K)->7K(128K)
[2024-08-23T18:44:07.655+0800] GC(10) Pause Young (Allocation Failure) 825M->410M(1946M) 5.273ms
[2024-08-23T18:44:07.655+0800] GC(10) User=0.00s Sys=0.00s Real=0.00s
[2024-08-23T18:44:10.601+0800] GC(11) Pause Young (Allocation Failure)
[2024-08-23T18:44:10.631+0800] GC(11) PSYoungGen: 445084K(594432K)->61440K(595456K) Eden: 393884K(495616K)->0K(497152K) From: 51200K(98816K)->61440K(98304K)
[2024-08-23T18:44:10.631+0800] GC(11) ParOldGen: 369528K(1398272K)->471928K(1398272K)
[2024-08-23T18:44:10.631+0800] GC(11) Metaspace: 272K(448K)->272K(448K) NonClass: 264K(320K)->264K(320K) Class: 7K(128K)->7K(128K)
[2024-08-23T18:44:10.631+0800] GC(11) Pause Young (Allocation Failure) 795M->520M(1947M) 30.786ms
[2024-08-23T18:44:10.631+0800] GC(11) User=0.00s Sys=0.02s Real=0.03s
[2024-08-23T18:44:14.888+0800] GC(12) Pause Young (Allocation Failure)
[2024-08-23T18:44:14.893+0800] GC(12) PSYoungGen: 550144K(595456K)->77888K(563712K) Eden: 488704K(497152K)->0K(485376K) From: 61440K(98304K)->77888K(78336K)
[2024-08-23T18:44:14.893+0800] GC(12) ParOldGen: 471928K(1398272K)->471936K(1398272K)
[2024-08-23T18:44:14.893+0800] GC(12) Metaspace: 275K(448K)->275K(448K) NonClass: 267K(320K)->267K(320K) Class: 7K(128K)->7K(128K)
[2024-08-23T18:44:14.893+0800] GC(12) Pause Young (Allocation Failure) 998M->536M(1916M) 6.068ms
[2024-08-23T18:44:14.893+0800] GC(12) User=0.00s Sys=0.00s Real=0.00s
[2024-08-23T18:44:17.743+0800] GC(13) Pause Young (Allocation Failure)
[2024-08-23T18:44:17.759+0800] GC(13) PSYoungGen: 502277K(563712K)->76800K(579072K) Eden: 424389K(485376K)->0K(470528K) From: 77888K(78336K)->76800K(108544K)
[2024-08-23T18:44:17.760+0800] GC(13) ParOldGen: 471936K(1398272K)->523152K(1398272K)
[2024-08-23T18:44:17.760+0800] GC(13) Metaspace: 275K(448K)->275K(448K) NonClass: 267K(320K)->267K(320K) Class: 7K(128K)->7K(128K)
[2024-08-23T18:44:17.760+0800] GC(13) Pause Young (Allocation Failure) 951M->585M(1931M) 16.957ms
[2024-08-23T18:44:17.760+0800] GC(13) User=0.00s Sys=0.00s Real=0.02s
[2024-08-23T18:44:20.599+0800] GC(14) Pause Young (Allocation Failure)
[2024-08-23T18:44:20.605+0800] GC(14) PSYoungGen: 516263K(579072K)->56320K(584704K) Eden: 439463K(470528K)->0K(470528K) From: 76800K(108544K)->56320K(114176K)
[2024-08-23T18:44:20.605+0800] GC(14) ParOldGen: 523152K(1398272K)->523152K(1398272K)
[2024-08-23T18:44:20.605+0800] GC(14) Metaspace: 275K(448K)->275K(448K) NonClass: 267K(320K)->267K(320K) Class: 7K(128K)->7K(128K)
[2024-08-23T18:44:20.605+0800] GC(14) Pause Young (Allocation Failure) 1015M->565M(1936M) 5.995ms
[2024-08-23T18:44:20.605+0800] GC(14) User=0.02s Sys=0.00s Real=0.01s
[2024-08-23T18:44:24.762+0800] GC(15) Pause Young (Allocation Failure)
[2024-08-23T18:44:24.766+0800] GC(15) PSYoungGen: 501935K(584704K)->35840K(591872K) Eden: 445615K(470528K)->0K(480768K) From: 56320K(114176K)->35840K(111104K)
[2024-08-23T18:44:24.766+0800] GC(15) ParOldGen: 523152K(1398272K)->523152K(1398272K)
[2024-08-23T18:44:24.766+0800] GC(15) Metaspace: 300K(512K)->300K(512K) NonClass: 293K(384K)->293K(384K) Class: 7K(128K)->7K(128K)
[2024-08-23T18:44:24.766+0800] GC(15) Pause Young (Allocation Failure) 1001M->545M(1943M) 4.408ms
[2024-08-23T18:44:24.766+0800] GC(15) User=0.00s Sys=0.00s Real=0.00s
[2024-08-23T18:44:27.709+0800] GC(16) Pause Young (Allocation Failure)
[2024-08-23T18:44:27.715+0800] GC(16) PSYoungGen: 506226K(591872K)->102400K(572416K) Eden: 470386K(480768K)->0K(469504K) From: 35840K(111104K)->102400K(102912K)
[2024-08-23T18:44:27.715+0800] GC(16) ParOldGen: 523152K(1398272K)->523152K(1398272K)
[2024-08-23T18:44:27.715+0800] GC(16) Metaspace: 307K(512K)->307K(512K) NonClass: 299K(384K)->299K(384K) Class: 7K(128K)->7K(128K)
[2024-08-23T18:44:27.715+0800] GC(16) Pause Young (Allocation Failure) 1005M->610M(1924M) 6.051ms
[2024-08-23T18:44:27.715+0800] GC(16) User=0.00s Sys=0.00s Real=0.01s
[2024-08-23T18:44:30.550+0800] GC(17) Pause Young (Allocation Failure)
[2024-08-23T18:44:30.572+0800] GC(17) PSYoungGen: 557209K(572416K)->112640K(540672K) Eden: 454809K(469504K)->0K(425472K) From: 102400K(102912K)->112640K(115200K)
[2024-08-23T18:44:30.572+0800] GC(17) ParOldGen: 523152K(1398272K)->625552K(1398272K)
[2024-08-23T18:44:30.572+0800] GC(17) Metaspace: 307K(512K)->307K(512K) NonClass: 299K(384K)->299K(384K) Class: 7K(128K)->7K(128K)
[2024-08-23T18:44:30.572+0800] GC(17) Pause Young (Allocation Failure) 1055M->720M(1893M) 21.974ms
[2024-08-23T18:44:30.572+0800] GC(17) User=0.05s Sys=0.02s Real=0.02s
[2024-08-23T18:44:33.303+0800] GC(18) Pause Young (Allocation Failure)
[2024-08-23T18:44:33.306+0800] GC(18) PSYoungGen: 494896K(540672K)->36864K(562176K) Eden: 382256K(425472K)->0K(425472K) From: 112640K(115200K)->36864K(136704K)
[2024-08-23T18:44:33.306+0800] GC(18) ParOldGen: 625552K(1398272K)->625552K(1398272K)
[2024-08-23T18:44:33.306+0800] GC(18) Metaspace: 307K(512K)->307K(512K) NonClass: 299K(384K)->299K(384K) Class: 7K(128K)->7K(128K)
[2024-08-23T18:44:33.306+0800] GC(18) Pause Young (Allocation Failure) 1094M->646M(1914M) 3.335ms
[2024-08-23T18:44:33.306+0800] GC(18) User=0.00s Sys=0.00s Real=0.00s
[2024-08-23T18:44:36.250+0800] GC(19) Pause Young (Allocation Failure)
[2024-08-23T18:44:36.255+0800] GC(19) PSYoungGen: 367925K(562176K)->76800K(566272K) Eden: 331061K(425472K)->0K(433664K) From: 36864K(136704K)->76800K(132608K)
[2024-08-23T18:44:36.255+0800] GC(19) ParOldGen: 625552K(1398272K)->625552K(1398272K)
[2024-08-23T18:44:36.255+0800] GC(19) Metaspace: 307K(512K)->307K(512K) NonClass: 299K(384K)->299K(384K) Class: 7K(128K)->7K(128K)
[2024-08-23T18:44:36.255+0800] GC(19) Pause Young (Allocation Failure) 970M->685M(1918M) 5.995ms
[2024-08-23T18:44:36.255+0800] GC(19) User=0.00s Sys=0.00s Real=0.01s
[2024-08-23T18:44:39.102+0800] GC(20) Pause Young (Allocation Failure)
[2024-08-23T18:44:39.107+0800] GC(20) PSYoungGen: 480729K(566272K)->51200K(566272K) Eden: 403928K(433664K)->0K(433664K) From: 76800K(132608K)->51200K(132608K)
[2024-08-23T18:44:39.107+0800] GC(20) ParOldGen: 625552K(1398272K)->625552K(1398272K)
[2024-08-23T18:44:39.107+0800] GC(20) Metaspace: 307K(512K)->307K(512K) NonClass: 299K(384K)->299K(384K) Class: 7K(128K)->7K(128K)
[2024-08-23T18:44:39.107+0800] GC(20) Pause Young (Allocation Failure) 1080M->660M(1918M) 4.746ms
[2024-08-23T18:44:39.107+0800] GC(20) User=0.00s Sys=0.00s Real=0.01s
[2024-08-23T18:44:41.842+0800] GC(21) Pause Young (Allocation Failure)
[2024-08-23T18:44:41.852+0800] GC(21) PSYoungGen: 455120K(566272K)->113664K(544768K) Eden: 403920K(433664K)->0K(418304K) From: 51200K(132608K)->113664K(126464K)
[2024-08-23T18:44:41.852+0800] GC(21) ParOldGen: 625552K(1398272K)->646032K(1398272K)
[2024-08-23T18:44:41.852+0800] GC(21) Metaspace: 307K(512K)->307K(512K) NonClass: 300K(384K)->300K(384K) Class: 7K(128K)->7K(128K)
[2024-08-23T18:44:41.852+0800] GC(21) Pause Young (Allocation Failure) 1055M->741M(1897M) 9.866ms
[2024-08-23T18:44:41.852+0800] GC(21) User=0.00s Sys=0.00s Real=0.01s
[2024-08-23T18:44:44.589+0800] GC(22) Pause Young (Allocation Failure)
[2024-08-23T18:44:44.591+0800] GC(22) PSYoungGen: 522400K(544768K)->35840K(558592K) Eden: 408736K(418304K)->0K(418304K) From: 113664K(126464K)->35840K(140288K)
[2024-08-23T18:44:44.591+0800] GC(22) ParOldGen: 646032K(1398272K)->646032K(1398272K)
[2024-08-23T18:44:44.591+0800] GC(22) Metaspace: 307K(512K)->307K(512K) NonClass: 300K(384K)->300K(384K) Class: 7K(128K)->7K(128K)
[2024-08-23T18:44:44.591+0800] GC(22) Pause Young (Allocation Failure) 1141M->665M(1911M) 2.789ms
[2024-08-23T18:44:44.591+0800] GC(22) User=0.00s Sys=0.00s Real=0.00s
[2024-08-23T18:44:47.649+0800] GC(23) Pause Young (Allocation Failure)
[2024-08-23T18:44:47.654+0800] GC(23) PSYoungGen: 402596K(558592K)->107520K(542208K) Eden: 366756K(418304K)->0K(404992K) From: 35840K(140288K)->107520K(137216K)
[2024-08-23T18:44:47.654+0800] GC(23) ParOldGen: 646032K(1398272K)->646032K(1398272K)
[2024-08-23T18:44:47.654+0800] GC(23) Metaspace: 307K(512K)->307K(512K) NonClass: 300K(384K)->300K(384K) Class: 7K(128K)->7K(128K)
[2024-08-23T18:44:47.654+0800] GC(23) Pause Young (Allocation Failure) 1024M->735M(1895M) 5.708ms
[2024-08-23T18:44:47.654+0800] GC(23) User=0.00s Sys=0.00s Real=0.01s
[2024-08-23T18:44:50.502+0800] GC(24) Pause Young (Allocation Failure)
[2024-08-23T18:44:50.502+0800] GC(24) PSYoungGen: 465820K(542208K)->5120K(410624K) Eden: 358300K(404992K)->0K(404992K) From: 107520K(137216K)->5120K(5632K)
[2024-08-23T18:44:50.502+0800] GC(24) ParOldGen: 646032K(1398272K)->646032K(1398272K)
[2024-08-23T18:44:50.502+0800] GC(24) Metaspace: 307K(512K)->307K(512K) NonClass: 300K(384K)->300K(384K) Class: 7K(128K)->7K(128K)
[2024-08-23T18:44:50.503+0800] GC(24) Pause Young (Allocation Failure) 1085M->635M(1766M) 1.792ms
[2024-08-23T18:44:50.503+0800] GC(24) User=0.00s Sys=0.00s Real=0.00s
[2024-08-23T18:44:53.235+0800] GC(25) Pause Young (Allocation Failure)
[2024-08-23T18:44:53.237+0800] GC(25) PSYoungGen: 409496K(410624K)->37888K(555008K) Eden: 404375K(404992K)->0K(406016K) From: 5120K(5632K)->37888K(148992K)
[2024-08-23T18:44:53.237+0800] GC(25) ParOldGen: 646032K(1398272K)->646032K(1398272K)
[2024-08-23T18:44:53.237+0800] GC(25) Metaspace: 307K(512K)->307K(512K) NonClass: 300K(384K)->300K(384K) Class: 7K(128K)->7K(128K)
[2024-08-23T18:44:53.237+0800] GC(25) Pause Young (Allocation Failure) 1030M->667M(1907M) 3.317ms
[2024-08-23T18:44:53.237+0800] GC(25) User=0.00s Sys=0.00s Real=0.00s
[2024-08-23T18:44:55.861+0800] GC(26) Pause Young (Allocation Failure)
[2024-08-23T18:44:55.863+0800] GC(26) PSYoungGen: 437162K(555008K)->25600K(549888K) Eden: 399274K(406016K)->0K(406016K) From: 37888K(148992K)->25600K(143872K)
[2024-08-23T18:44:55.863+0800] GC(26) ParOldGen: 646032K(1398272K)->646032K(1398272K)
[2024-08-23T18:44:55.864+0800] GC(26) Metaspace: 307K(512K)->307K(512K) NonClass: 300K(384K)->300K(384K) Class: 7K(128K)->7K(128K)
[2024-08-23T18:44:55.864+0800] GC(26) Pause Young (Allocation Failure) 1057M->655M(1902M) 2.761ms
[2024-08-23T18:44:55.864+0800] GC(26) User=0.00s Sys=0.00s Real=0.00s
[2024-08-23T18:44:58.923+0800] GC(27) Pause Young (Allocation Failure)
[2024-08-23T18:44:58.926+0800] GC(27) PSYoungGen: 397224K(549888K)->25600K(562176K) Eden: 371624K(406016K)->0K(421888K) From: 25600K(143872K)->25600K(140288K)
[2024-08-23T18:44:58.926+0800] GC(27) ParOldGen: 646032K(1398272K)->646032K(1398272K)
[2024-08-23T18:44:58.926+0800] GC(27) Metaspace: 307K(512K)->307K(512K) NonClass: 300K(384K)->300K(384K) Class: 7K(128K)->7K(128K)
[2024-08-23T18:44:58.926+0800] GC(27) Pause Young (Allocation Failure) 1018M->655M(1914M) 2.858ms
[2024-08-23T18:44:58.926+0800] GC(27) User=0.00s Sys=0.00s Real=0.00s
[2024-08-23T18:45:02.314+0800] GC(28) Pause Young (Allocation Failure)
[2024-08-23T18:45:02.316+0800] GC(28) PSYoungGen: 446691K(562176K)->6144K(558592K) Eden: 421091K(421888K)->0K(421888K) From: 25600K(140288K)->6144K(136704K)
[2024-08-23T18:45:02.316+0800] GC(28) ParOldGen: 646032K(1398272K)->646032K(1398272K)
[2024-08-23T18:45:02.316+0800] GC(28) Metaspace: 307K(512K)->307K(512K) NonClass: 300K(384K)->300K(384K) Class: 7K(128K)->7K(128K)
[2024-08-23T18:45:02.316+0800] GC(28) Pause Young (Allocation Failure) 1067M->636M(1911M) 1.764ms
[2024-08-23T18:45:02.316+0800] GC(28) User=0.00s Sys=0.00s Real=0.00s
[2024-08-23T18:45:04.727+0800] GC(29) Pause Young (Allocation Failure)
[2024-08-23T18:45:04.733+0800] GC(29) PSYoungGen: 352481K(558592K)->76800K(558080K) Eden: 346337K(421888K)->0K(422400K) From: 6144K(136704K)->76800K(135680K)
[2024-08-23T18:45:04.733+0800] GC(29) ParOldGen: 646032K(1398272K)->647056K(1398272K)
[2024-08-23T18:45:04.733+0800] GC(29) Metaspace: 307K(512K)->307K(512K) NonClass: 300K(384K)->300K(384K) Class: 7K(128K)->7K(128K)
[2024-08-23T18:45:04.733+0800] GC(29) Pause Young (Allocation Failure) 975M->706M(1910M) 6.142ms
[2024-08-23T18:45:04.733+0800] GC(29) User=0.00s Sys=0.00s Real=0.01s
[2024-08-23T18:45:07.474+0800] GC(30) Pause Young (Allocation Failure)
[2024-08-23T18:45:07.477+0800] GC(30) PSYoungGen: 449777K(558080K)->46080K(560640K) Eden: 372977K(422400K)->0K(422400K) From: 76800K(135680K)->46080K(138240K)
[2024-08-23T18:45:07.477+0800] GC(30) ParOldGen: 647056K(1398272K)->647056K(1398272K)
[2024-08-23T18:45:07.477+0800] GC(30) Metaspace: 307K(512K)->307K(512K) NonClass: 300K(384K)->300K(384K) Class: 7K(128K)->7K(128K)
[2024-08-23T18:45:07.477+0800] GC(30) Pause Young (Allocation Failure) 1071M->676M(1913M) 3.484ms
[2024-08-23T18:45:07.477+0800] GC(30) User=0.00s Sys=0.00s Real=0.00s
[2024-08-23T18:45:10.204+0800] GC(31) Pause Young (Allocation Failure)
[2024-08-23T18:45:10.205+0800] GC(31) PSYoungGen: 464108K(560640K)->15360K(571392K) Eden: 418028K(422400K)->0K(441344K) From: 46080K(138240K)->15360K(130048K)
[2024-08-23T18:45:10.205+0800] GC(31) ParOldGen: 647056K(1398272K)->647056K(1398272K)
[2024-08-23T18:45:10.205+0800] GC(31) Metaspace: 307K(512K)->307K(512K) NonClass: 300K(384K)->300K(384K) Class: 7K(128K)->7K(128K)
[2024-08-23T18:45:10.205+0800] GC(31) Pause Young (Allocation Failure) 1085M->646M(1923M) 2.098ms
[2024-08-23T18:45:10.205+0800] GC(31) User=0.00s Sys=0.00s Real=0.00s
[2024-08-23T18:45:12.825+0800] GC(32) Pause Young (Allocation Failure)
[2024-08-23T18:45:12.827+0800] GC(32) PSYoungGen: 450156K(571392K)->12288K(568832K) Eden: 434795K(441344K)->0K(441344K) From: 15360K(130048K)->12288K(127488K)
[2024-08-23T18:45:12.827+0800] GC(32) ParOldGen: 647056K(1398272K)->652176K(1398272K)
[2024-08-23T18:45:12.827+0800] GC(32) Metaspace: 307K(512K)->307K(512K) NonClass: 300K(384K)->300K(384K) Class: 7K(128K)->7K(128K)
[2024-08-23T18:45:12.827+0800] GC(32) Pause Young (Allocation Failure) 1071M->648M(1921M) 2.783ms
[2024-08-23T18:45:12.827+0800] GC(32) User=0.00s Sys=0.00s Real=0.00s
[2024-08-23T18:45:16.096+0800] GC(33) Pause Young (Allocation Failure)
[2024-08-23T18:45:16.103+0800] GC(33) PSYoungGen: 374373K(568832K)->92160K(553472K) Eden: 362085K(441344K)->0K(428544K) From: 12288K(127488K)->92160K(124928K)
[2024-08-23T18:45:16.103+0800] GC(33) ParOldGen: 652176K(1398272K)->652176K(1398272K)
[2024-08-23T18:45:16.103+0800] GC(33) Metaspace: 307K(512K)->307K(512K) NonClass: 300K(384K)->300K(384K) Class: 7K(128K)->7K(128K)
[2024-08-23T18:45:16.103+0800] GC(33) Pause Young (Allocation Failure) 1002M->726M(1906M) 6.715ms
[2024-08-23T18:45:16.103+0800] GC(33) User=0.00s Sys=0.00s Real=0.01s
[2024-08-23T18:45:18.951+0800] GC(34) Pause Young (Allocation Failure)
[2024-08-23T18:45:18.957+0800] GC(34) PSYoungGen: 511336K(553472K)->107520K(527360K) Eden: 419176K(428544K)->0K(419328K) From: 92160K(124928K)->107520K(108032K)
[2024-08-23T18:45:18.957+0800] GC(34) ParOldGen: 652176K(1398272K)->652176K(1398272K)
[2024-08-23T18:45:18.957+0800] GC(34) Metaspace: 307K(512K)->307K(512K) NonClass: 300K(384K)->300K(384K) Class: 7K(128K)->7K(128K)
[2024-08-23T18:45:18.957+0800] GC(34) Pause Young (Allocation Failure) 1136M->741M(1880M) 6.923ms
[2024-08-23T18:45:18.957+0800] GC(34) User=0.00s Sys=0.00s Real=0.01s
[2024-08-23T18:45:21.697+0800] GC(35) Pause Young (Allocation Failure)
[2024-08-23T18:45:21.699+0800] GC(35) PSYoungGen: 489652K(527360K)->25600K(555008K) Eden: 382132K(419328K)->0K(406016K) From: 107520K(108032K)->25600K(148992K)
[2024-08-23T18:45:21.699+0800] GC(35) ParOldGen: 652176K(1398272K)->652176K(1398272K)
[2024-08-23T18:45:21.699+0800] GC(35) Metaspace: 307K(512K)->307K(512K) NonClass: 300K(384K)->300K(384K) Class: 7K(128K)->7K(128K)
[2024-08-23T18:45:21.700+0800] GC(35) Pause Young (Allocation Failure) 1115M->661M(1907M) 2.816ms
[2024-08-23T18:45:21.700+0800] GC(35) User=0.00s Sys=0.00s Real=0.00s
[2024-08-23T18:45:23.994+0800] GC(36) Pause Young (Allocation Failure)
[2024-08-23T18:45:23.997+0800] GC(36) PSYoungGen: 429998K(555008K)->21504K(549888K) Eden: 404398K(406016K)->0K(406016K) From: 25600K(148992K)->21504K(143872K)
[2024-08-23T18:45:23.997+0800] GC(36) ParOldGen: 652176K(1398272K)->657296K(1398272K)
[2024-08-23T18:45:23.997+0800] GC(36) Metaspace: 307K(512K)->307K(512K) NonClass: 300K(384K)->300K(384K) Class: 7K(128K)->7K(128K)
[2024-08-23T18:45:23.997+0800] GC(36) Pause Young (Allocation Failure) 1056M->662M(1902M) 3.109ms
[2024-08-23T18:45:23.997+0800] GC(36) User=0.00s Sys=0.00s Real=0.00s
[2024-08-23T18:45:27.493+0800] GC(37) Pause Young (Allocation Failure)
[2024-08-23T18:45:27.500+0800] GC(37) PSYoungGen: 403378K(549888K)->133120K(514048K) Eden: 381874K(406016K)->0K(374272K) From: 21504K(143872K)->133120K(139776K)
[2024-08-23T18:45:27.500+0800] GC(37) ParOldGen: 657296K(1398272K)->657296K(1398272K)
[2024-08-23T18:45:27.500+0800] GC(37) Metaspace: 307K(512K)->307K(512K) NonClass: 300K(384K)->300K(384K) Class: 7K(128K)->7K(128K)
[2024-08-23T18:45:27.500+0800] GC(37) Pause Young (Allocation Failure) 1035M->771M(1867M) 7.289ms
[2024-08-23T18:45:27.500+0800] GC(37) User=0.00s Sys=0.00s Real=0.01s
[2024-08-23T18:45:30.237+0800] GC(38) Pause Young (Allocation Failure)
[2024-08-23T18:45:30.247+0800] GC(38) PSYoungGen: 485683K(514048K)->128000K(495104K) Eden: 352563K(374272K)->0K(366592K) From: 133120K(139776K)->128000K(128512K)
[2024-08-23T18:45:30.247+0800] GC(38) ParOldGen: 657296K(1398272K)->657296K(1398272K)
[2024-08-23T18:45:30.247+0800] GC(38) Metaspace: 307K(512K)->307K(512K) NonClass: 300K(384K)->300K(384K) Class: 7K(128K)->7K(128K)
[2024-08-23T18:45:30.247+0800] GC(38) Pause Young (Allocation Failure) 1116M->766M(1849M) 10.547ms
[2024-08-23T18:45:30.247+0800] GC(38) User=0.00s Sys=0.00s Real=0.01s
[2024-08-23T18:45:31.783+0800] GC(39) Pause Young (Allocation Failure)
[2024-08-23T18:45:31.816+0800] GC(39) PSYoungGen: 406683K(495104K)->57344K(531456K) Eden: 278683K(366592K)->0K(353280K) From: 128000K(128512K)->57344K(178176K)
[2024-08-23T18:45:31.816+0800] GC(39) ParOldGen: 657296K(1398272K)->764816K(1398272K)
[2024-08-23T18:45:31.816+0800] GC(39) Metaspace: 307K(512K)->307K(512K) NonClass: 300K(384K)->300K(384K) Class: 7K(128K)->7K(128K)
[2024-08-23T18:45:31.816+0800] GC(39) Pause Young (Allocation Failure) 1039M->802M(1884M) 33.394ms
[2024-08-23T18:45:31.816+0800] GC(39) User=0.00s Sys=0.03s Real=0.03s
[2024-08-23T18:45:34.328+0800] GC(40) Pause Young (Allocation Failure)
[2024-08-23T18:45:34.330+0800] GC(40) PSYoungGen: 407443K(531456K)->25600K(520704K) Eden: 350098K(353280K)->0K(353280K) From: 57344K(178176K)->25600K(167424K)
[2024-08-23T18:45:34.330+0800] GC(40) ParOldGen: 764816K(1398272K)->764816K(1398272K)
[2024-08-23T18:45:34.330+0800] GC(40) Metaspace: 307K(512K)->307K(512K) NonClass: 300K(384K)->300K(384K) Class: 7K(128K)->7K(128K)
[2024-08-23T18:45:34.330+0800] GC(40) Pause Young (Allocation Failure) 1144M->771M(1874M) 2.498ms
[2024-08-23T18:45:34.330+0800] GC(40) User=0.00s Sys=0.00s Real=0.00s
[2024-08-23T18:45:37.383+0800] GC(41) Pause Young (Allocation Failure)
[2024-08-23T18:45:37.385+0800] GC(41) PSYoungGen: 355221K(520704K)->25600K(540160K) Eden: 329621K(353280K)->0K(376832K) From: 25600K(167424K)->25600K(163328K)
[2024-08-23T18:45:37.385+0800] GC(41) ParOldGen: 764816K(1398272K)->764816K(1398272K)
[2024-08-23T18:45:37.385+0800] GC(41) Metaspace: 307K(512K)->307K(512K) NonClass: 300K(384K)->300K(384K) Class: 7K(128K)->7K(128K)
[2024-08-23T18:45:37.385+0800] GC(41) Pause Young (Allocation Failure) 1093M->771M(1893M) 2.733ms
[2024-08-23T18:45:37.386+0800] GC(41) User=0.00s Sys=0.00s Real=0.00s
[2024-08-23T18:45:38.920+0800] GC(42) Pause Young (Allocation Failure)
[2024-08-23T18:45:38.927+0800] GC(42) PSYoungGen: 304470K(540160K)->107520K(477184K) Eden: 278870K(376832K)->0K(369152K) From: 25600K(163328K)->107520K(108032K)
[2024-08-23T18:45:38.927+0800] GC(42) ParOldGen: 764816K(1398272K)->769936K(1398272K)
[2024-08-23T18:45:38.927+0800] GC(42) Metaspace: 307K(512K)->307K(512K) NonClass: 300K(384K)->300K(384K) Class: 7K(128K)->7K(128K)
[2024-08-23T18:45:38.927+0800] GC(42) Pause Young (Allocation Failure) 1044M->856M(1831M) 7.502ms
[2024-08-23T18:45:38.927+0800] GC(42) User=0.00s Sys=0.00s Real=0.01s
[2024-08-23T18:45:41.777+0800] GC(43) Pause Young (Allocation Failure)
[2024-08-23T18:45:41.782+0800] GC(43) PSYoungGen: 465043K(477184K)->57344K(541184K) Eden: 357523K(369152K)->0K(373248K) From: 107520K(108032K)->57344K(167936K)
[2024-08-23T18:45:41.782+0800] GC(43) ParOldGen: 769936K(1398272K)->769936K(1398272K)
[2024-08-23T18:45:41.782+0800] GC(43) Metaspace: 307K(512K)->307K(512K) NonClass: 300K(384K)->300K(384K) Class: 7K(128K)->7K(128K)
[2024-08-23T18:45:41.782+0800] GC(43) Pause Young (Allocation Failure) 1206M->807M(1894M) 5.665ms
[2024-08-23T18:45:41.782+0800] GC(43) User=0.00s Sys=0.00s Real=0.01s
[2024-08-23T18:45:44.413+0800] GC(44) Pause Young (Allocation Failure)
[2024-08-23T18:45:44.415+0800] GC(44) PSYoungGen: 414971K(541184K)->20480K(530944K) Eden: 357627K(373248K)->0K(373248K) From: 57344K(167936K)->20480K(157696K)
[2024-08-23T18:45:44.415+0800] GC(44) ParOldGen: 769936K(1398272K)->769936K(1398272K)
[2024-08-23T18:45:44.415+0800] GC(44) Metaspace: 307K(512K)->307K(512K) NonClass: 300K(384K)->300K(384K) Class: 7K(128K)->7K(128K)
[2024-08-23T18:45:44.415+0800] GC(44) Pause Young (Allocation Failure) 1157M->771M(1884M) 2.222ms
[2024-08-23T18:45:44.415+0800] GC(44) User=0.00s Sys=0.00s Real=0.00s
[2024-08-23T18:45:46.053+0800] GC(45) Pause Young (Allocation Failure)
[2024-08-23T18:45:46.059+0800] GC(45) PSYoungGen: 319753K(530944K)->76800K(546304K) Eden: 299273K(373248K)->0K(391680K) From: 20480K(157696K)->76800K(154624K)
[2024-08-23T18:45:46.059+0800] GC(45) ParOldGen: 769936K(1398272K)->780176K(1398272K)
[2024-08-23T18:45:46.059+0800] GC(45) Metaspace: 307K(512K)->307K(512K) NonClass: 300K(384K)->300K(384K) Class: 7K(128K)->7K(128K)
[2024-08-23T18:45:46.059+0800] GC(45) Pause Young (Allocation Failure) 1064M->836M(1899M) 6.416ms
[2024-08-23T18:45:46.059+0800] GC(45) User=0.02s Sys=0.00s Real=0.01s
[2024-08-23T18:45:48.906+0800] GC(46) Pause Young (Allocation Failure)
[2024-08-23T18:45:48.911+0800] GC(46) PSYoungGen: 417410K(546304K)->56320K(544256K) Eden: 340610K(391680K)->0K(391680K) From: 76800K(154624K)->56320K(152576K)
[2024-08-23T18:45:48.911+0800] GC(46) ParOldGen: 780176K(1398272K)->780176K(1398272K)
[2024-08-23T18:45:48.911+0800] GC(46) Metaspace: 307K(512K)->307K(512K) NonClass: 300K(384K)->300K(384K) Class: 7K(128K)->7K(128K)
[2024-08-23T18:45:48.911+0800] GC(46) Pause Young (Allocation Failure) 1169M->816M(1897M) 5.117ms
[2024-08-23T18:45:48.911+0800] GC(46) User=0.00s Sys=0.00s Real=0.01s
[2024-08-23T18:45:52.639+0800] GC(47) Pause Young (Allocation Failure)
[2024-08-23T18:45:52.640+0800] GC(47) PSYoungGen: 447109K(544256K)->6144K(554496K) Eden: 390789K(391680K)->0K(411136K) From: 56320K(152576K)->6144K(143360K)
[2024-08-23T18:45:52.640+0800] GC(47) ParOldGen: 780176K(1398272K)->780176K(1398272K)
[2024-08-23T18:45:52.640+0800] GC(47) Metaspace: 307K(512K)->307K(512K) NonClass: 300K(384K)->300K(384K) Class: 7K(128K)->7K(128K)
[2024-08-23T18:45:52.640+0800] GC(47) Pause Young (Allocation Failure) 1198M->767M(1907M) 1.521ms
[2024-08-23T18:45:52.640+0800] GC(47) User=0.00s Sys=0.00s Real=0.00s
[2024-08-23T18:45:54.612+0800] GC(48) Pause Young (Allocation Failure)
[2024-08-23T18:45:54.618+0800] GC(48) PSYoungGen: 331788K(554496K)->76800K(555008K) Eden: 325644K(411136K)->0K(411136K) From: 6144K(143360K)->76800K(143872K)
[2024-08-23T18:45:54.618+0800] GC(48) ParOldGen: 780176K(1398272K)->781200K(1398272K)
[2024-08-23T18:45:54.618+0800] GC(48) Metaspace: 307K(512K)->307K(512K) NonClass: 300K(384K)->300K(384K) Class: 7K(128K)->7K(128K)
[2024-08-23T18:45:54.618+0800] GC(48) Pause Young (Allocation Failure) 1085M->837M(1907M) 6.029ms
[2024-08-23T18:45:54.618+0800] GC(48) User=0.02s Sys=0.00s Real=0.01s
[2024-08-23T18:45:57.355+0800] GC(49) Pause Young (Allocation Failure)
[2024-08-23T18:45:57.359+0800] GC(49) PSYoungGen: 452627K(555008K)->46080K(562688K) Eden: 375827K(411136K)->0K(419328K) From: 76800K(143872K)->46080K(143360K)
[2024-08-23T18:45:57.359+0800] GC(49) ParOldGen: 781200K(1398272K)->781200K(1398272K)
[2024-08-23T18:45:57.359+0800] GC(49) Metaspace: 307K(512K)->307K(512K) NonClass: 300K(384K)->300K(384K) Class: 7K(128K)->7K(128K)
[2024-08-23T18:45:57.359+0800] GC(49) Pause Young (Allocation Failure) 1204M->807M(1915M) 3.674ms
[2024-08-23T18:45:57.359+0800] GC(49) User=0.00s Sys=0.00s Real=0.00s
[2024-08-23T18:46:00.085+0800] GC(50) Pause Young (Allocation Failure)
[2024-08-23T18:46:00.087+0800] GC(50) PSYoungGen: 464036K(562688K)->15360K(555520K) Eden: 417956K(419328K)->0K(419328K) From: 46080K(143360K)->15360K(136192K)
[2024-08-23T18:46:00.087+0800] GC(50) ParOldGen: 781200K(1398272K)->781200K(1398272K)
[2024-08-23T18:46:00.087+0800] GC(50) Metaspace: 307K(512K)->307K(512K) NonClass: 300K(384K)->300K(384K) Class: 7K(128K)->7K(128K)
[2024-08-23T18:46:00.087+0800] GC(50) Pause Young (Allocation Failure) 1216M->777M(1908M) 1.882ms
[2024-08-23T18:46:00.087+0800] GC(50) User=0.00s Sys=0.00s Real=0.00s
[2024-08-23T18:46:02.381+0800] GC(51) Pause Young (Allocation Failure)
[2024-08-23T18:46:02.383+0800] GC(51) PSYoungGen: 434335K(555520K)->12288K(565760K) Eden: 418975K(419328K)->0K(430592K) From: 15360K(136192K)->12288K(135168K)
[2024-08-23T18:46:02.383+0800] GC(51) ParOldGen: 781200K(1398272K)->786320K(1398272K)
[2024-08-23T18:46:02.383+0800] GC(51) Metaspace: 307K(512K)->307K(512K) NonClass: 300K(384K)->300K(384K) Class: 7K(128K)->7K(128K)
[2024-08-23T18:46:02.383+0800] GC(51) Pause Young (Allocation Failure) 1187M->779M(1918M) 3.075ms
[2024-08-23T18:46:02.383+0800] GC(51) User=0.00s Sys=0.00s Real=0.00s
[2024-08-23T18:46:05.993+0800] GC(52) Pause Young (Allocation Failure)
[2024-08-23T18:46:05.999+0800] GC(52) PSYoungGen: 389508K(565760K)->92160K(514048K) Eden: 377220K(430592K)->0K(421376K) From: 12288K(135168K)->92160K(92672K)
[2024-08-23T18:46:05.999+0800] GC(52) ParOldGen: 786320K(1398272K)->786320K(1398272K)
[2024-08-23T18:46:05.999+0800] GC(52) Metaspace: 307K(512K)->307K(512K) NonClass: 300K(384K)->300K(384K) Class: 7K(128K)->7K(128K)
[2024-08-23T18:46:05.999+0800] GC(52) Pause Young (Allocation Failure) 1148M->857M(1867M) 7.003ms
[2024-08-23T18:46:05.999+0800] GC(52) User=0.00s Sys=0.00s Real=0.01s
[2024-08-23T18:46:08.850+0800] GC(53) Pause Young (Allocation Failure)
[2024-08-23T18:46:08.857+0800] GC(53) PSYoungGen: 511188K(514048K)->107520K(534016K) Eden: 419028K(421376K)->0K(392704K) From: 92160K(92672K)->107520K(141312K)
[2024-08-23T18:46:08.857+0800] GC(53) ParOldGen: 786320K(1398272K)->786320K(1398272K)
[2024-08-23T18:46:08.857+0800] GC(53) Metaspace: 307K(512K)->307K(512K) NonClass: 300K(384K)->300K(384K) Class: 7K(128K)->7K(128K)
[2024-08-23T18:46:08.857+0800] GC(53) Pause Young (Allocation Failure) 1267M->872M(1887M) 7.012ms
[2024-08-23T18:46:08.857+0800] GC(53) User=0.02s Sys=0.00s Real=0.01s
[2024-08-23T18:46:11.593+0800] GC(54) Pause Young (Allocation Failure)
[2024-08-23T18:46:11.596+0800] GC(54) PSYoungGen: 490142K(534016K)->25600K(545792K) Eden: 382622K(392704K)->0K(392704K) From: 107520K(141312K)->25600K(153088K)
[2024-08-23T18:46:11.596+0800] GC(54) ParOldGen: 786320K(1398272K)->786320K(1398272K)
[2024-08-23T18:46:11.596+0800] GC(54) Metaspace: 307K(512K)->307K(512K) NonClass: 300K(384K)->300K(384K) Class: 7K(128K)->7K(128K)
[2024-08-23T18:46:11.596+0800] GC(54) Pause Young (Allocation Failure) 1246M->792M(1898M) 3.207ms
[2024-08-23T18:46:11.596+0800] GC(54) User=0.00s Sys=0.00s Real=0.00s
[2024-08-23T18:46:13.557+0800] GC(55) Pause Young (Allocation Failure)
[2024-08-23T18:46:13.560+0800] GC(55) PSYoungGen: 414372K(545792K)->21504K(553984K) Eden: 388772K(392704K)->0K(404992K) From: 25600K(153088K)->21504K(148992K)
[2024-08-23T18:46:13.560+0800] GC(55) ParOldGen: 786320K(1398272K)->791440K(1398272K)
[2024-08-23T18:46:13.560+0800] GC(55) Metaspace: 307K(512K)->307K(512K) NonClass: 300K(384K)->300K(384K) Class: 7K(128K)->7K(128K)
[2024-08-23T18:46:13.560+0800] GC(55) Pause Young (Allocation Failure) 1172M->793M(1906M) 2.988ms
[2024-08-23T18:46:13.560+0800] GC(55) User=0.00s Sys=0.00s Real=0.00s
[2024-08-23T18:46:17.371+0800] GC(56) Pause Young (Allocation Failure)
[2024-08-23T18:46:17.378+0800] GC(56) PSYoungGen: 418712K(553984K)->133120K(529920K) Eden: 397208K(404992K)->0K(396288K) From: 21504K(148992K)->133120K(133632K)
[2024-08-23T18:46:17.378+0800] GC(56) ParOldGen: 791440K(1398272K)->791440K(1398272K)
[2024-08-23T18:46:17.378+0800] GC(56) Metaspace: 307K(512K)->307K(512K) NonClass: 300K(384K)->300K(384K) Class: 7K(128K)->7K(128K)
[2024-08-23T18:46:17.378+0800] GC(56) Pause Young (Allocation Failure) 1181M->902M(1883M) 7.101ms
[2024-08-23T18:46:17.378+0800] GC(56) User=0.00s Sys=0.00s Real=0.01s
[2024-08-23T18:46:20.120+0800] GC(57) Pause Young (Allocation Failure)
[2024-08-23T18:46:20.129+0800] GC(57) PSYoungGen: 486120K(529920K)->128000K(497664K) Eden: 353000K(396288K)->0K(337408K) From: 133120K(133632K)->128000K(160256K)
[2024-08-23T18:46:20.129+0800] GC(57) ParOldGen: 791440K(1398272K)->791440K(1398272K)
[2024-08-23T18:46:20.129+0800] GC(57) Metaspace: 307K(512K)->307K(512K) NonClass: 300K(384K)->300K(384K) Class: 7K(128K)->7K(128K)
[2024-08-23T18:46:20.129+0800] GC(57) Pause Young (Allocation Failure) 1247M->897M(1851M) 9.926ms
[2024-08-23T18:46:20.130+0800] GC(57) User=0.00s Sys=0.00s Real=0.01s
[2024-08-23T18:46:21.668+0800] GC(58) Pause Young (Allocation Failure)
[2024-08-23T18:46:21.700+0800] GC(58) PSYoungGen: 411215K(497664K)->57344K(518144K) Eden: 283215K(337408K)->0K(337408K) From: 128000K(160256K)->57344K(180736K)
[2024-08-23T18:46:21.700+0800] GC(58) ParOldGen: 791440K(1398272K)->898960K(1398272K)
[2024-08-23T18:46:21.700+0800] GC(58) Metaspace: 307K(512K)->307K(512K) NonClass: 300K(384K)->300K(384K) Class: 7K(128K)->7K(128K)
[2024-08-23T18:46:21.700+0800] GC(58) Pause Young (Allocation Failure) 1174M->933M(1871M) 33.228ms
[2024-08-23T18:46:21.700+0800] GC(58) User=0.00s Sys=0.03s Real=0.03s
[2024-08-23T18:46:23.993+0800] GC(59) Pause Young (Allocation Failure)
[2024-08-23T18:46:23.995+0800] GC(59) PSYoungGen: 391764K(518144K)->20480K(530944K) Eden: 334420K(337408K)->0K(359936K) From: 57344K(180736K)->20480K(171008K)
[2024-08-23T18:46:23.995+0800] GC(59) ParOldGen: 898960K(1398272K)->898960K(1398272K)
[2024-08-23T18:46:23.995+0800] GC(59) Metaspace: 307K(512K)->307K(512K) NonClass: 300K(384K)->300K(384K) Class: 7K(128K)->7K(128K)
[2024-08-23T18:46:23.995+0800] GC(59) Pause Young (Allocation Failure) 1260M->897M(1884M) 2.209ms
[2024-08-23T18:46:23.995+0800] GC(59) User=0.00s Sys=0.00s Real=0.00s
[2024-08-23T18:46:27.269+0800] GC(60) Pause Young (Allocation Failure)
[2024-08-23T18:46:27.272+0800] GC(60) PSYoungGen: 365558K(530944K)->25600K(527872K) Eden: 345078K(359936K)->0K(359936K) From: 20480K(171008K)->25600K(167936K)
[2024-08-23T18:46:27.272+0800] GC(60) ParOldGen: 898960K(1398272K)->898960K(1398272K)
[2024-08-23T18:46:27.272+0800] GC(60) Metaspace: 307K(512K)->307K(512K) NonClass: 300K(384K)->300K(384K) Class: 7K(128K)->7K(128K)
[2024-08-23T18:46:27.272+0800] GC(60) Pause Young (Allocation Failure) 1234M->902M(1881M) 3.307ms
[2024-08-23T18:46:27.272+0800] GC(60) User=0.00s Sys=0.00s Real=0.00s
[2024-08-23T18:46:28.796+0800] GC(61) Pause Young (Allocation Failure)
[2024-08-23T18:46:28.803+0800] GC(61) PSYoungGen: 309229K(527872K)->107520K(519680K) Eden: 283629K(359936K)->0K(356864K) From: 25600K(167936K)->107520K(162816K)
[2024-08-23T18:46:28.803+0800] GC(61) ParOldGen: 898960K(1398272K)->904080K(1398272K)
[2024-08-23T18:46:28.803+0800] GC(61) Metaspace: 307K(512K)->307K(512K) NonClass: 300K(384K)->300K(384K) Class: 7K(128K)->7K(128K)
[2024-08-23T18:46:28.803+0800] GC(61) Pause Young (Allocation Failure) 1179M->987M(1873M) 7.386ms
[2024-08-23T18:46:28.803+0800] GC(61) User=0.00s Sys=0.00s Real=0.01s
[2024-08-23T18:46:31.539+0800] GC(62) Pause Young (Allocation Failure)
[2024-08-23T18:46:31.543+0800] GC(62) PSYoungGen: 416661K(519680K)->26624K(527872K) Eden: 309141K(356864K)->0K(356864K) From: 107520K(162816K)->26624K(171008K)
[2024-08-23T18:46:31.543+0800] GC(62) ParOldGen: 904080K(1398272K)->904080K(1398272K)
[2024-08-23T18:46:31.543+0800] GC(62) Metaspace: 307K(512K)->307K(512K) NonClass: 300K(384K)->300K(384K) Class: 7K(128K)->7K(128K)
[2024-08-23T18:46:31.543+0800] GC(62) Pause Young (Allocation Failure) 1289M->908M(1881M) 3.918ms
[2024-08-23T18:46:31.543+0800] GC(62) User=0.00s Sys=0.00s Real=0.00s
[2024-08-23T18:46:33.068+0800] GC(63) Pause Young (Allocation Failure)
[2024-08-23T18:46:33.074+0800] GC(63) PSYoungGen: 310151K(527872K)->62464K(541696K) Eden: 283527K(356864K)->0K(375296K) From: 26624K(171008K)->62464K(166400K)
[2024-08-23T18:46:33.074+0800] GC(63) ParOldGen: 904080K(1398272K)->910224K(1398272K)
[2024-08-23T18:46:33.074+0800] GC(63) Metaspace: 307K(512K)->307K(512K) NonClass: 300K(384K)->300K(384K) Class: 7K(128K)->7K(128K)
[2024-08-23T18:46:33.074+0800] GC(63) Pause Young (Allocation Failure) 1185M->949M(1894M) 6.087ms
[2024-08-23T18:46:33.074+0800] GC(63) User=0.00s Sys=0.00s Real=0.01s
[2024-08-23T18:46:35.702+0800] GC(64) Pause Young (Allocation Failure)
[2024-08-23T18:46:35.704+0800] GC(64) PSYoungGen: 420089K(541696K)->25600K(532480K) Eden: 357625K(375296K)->0K(375296K) From: 62464K(166400K)->25600K(157184K)
[2024-08-23T18:46:35.704+0800] GC(64) ParOldGen: 910224K(1398272K)->910224K(1398272K)
[2024-08-23T18:46:35.704+0800] GC(64) Metaspace: 307K(512K)->307K(512K) NonClass: 300K(384K)->300K(384K) Class: 7K(128K)->7K(128K)
[2024-08-23T18:46:35.704+0800] GC(64) Pause Young (Allocation Failure) 1299M->913M(1885M) 2.536ms
[2024-08-23T18:46:35.704+0800] GC(64) User=0.00s Sys=0.00s Real=0.00s
[2024-08-23T18:46:38.656+0800] GC(65) Pause Young (Allocation Failure)
[2024-08-23T18:46:38.658+0800] GC(65) PSYoungGen: 386289K(532480K)->25600K(550400K) Eden: 360689K(375296K)->0K(397312K) From: 25600K(157184K)->25600K(153088K)
[2024-08-23T18:46:38.658+0800] GC(65) ParOldGen: 910224K(1398272K)->910224K(1398272K)
[2024-08-23T18:46:38.658+0800] GC(65) Metaspace: 307K(512K)->307K(512K) NonClass: 300K(384K)->300K(384K) Class: 7K(128K)->7K(128K)
[2024-08-23T18:46:38.658+0800] GC(65) Pause Young (Allocation Failure) 1266M->913M(1903M) 3.075ms
[2024-08-23T18:46:38.658+0800] GC(65) User=0.00s Sys=0.00s Real=0.00s
[2024-08-23T18:46:40.729+0800] GC(66) Pause Young (Allocation Failure)
[2024-08-23T18:46:40.738+0800] GC(66) PSYoungGen: 419525K(550400K)->113696K(503296K) Eden: 393925K(397312K)->0K(389120K) From: 25600K(153088K)->113696K(114176K)
[2024-08-23T18:46:40.738+0800] GC(66) ParOldGen: 910224K(1398272K)->915344K(1398272K)
[2024-08-23T18:46:40.738+0800] GC(66) Metaspace: 307K(512K)->307K(512K) NonClass: 300K(384K)->300K(384K) Class: 7K(128K)->7K(128K)
[2024-08-23T18:46:40.738+0800] GC(66) Pause Young (Allocation Failure) 1298M->1004M(1857M) 10.023ms
[2024-08-23T18:46:40.738+0800] GC(66) User=0.00s Sys=0.00s Real=0.01s
[2024-08-23T18:46:44.463+0800] GC(67) Pause Young (Allocation Failure)
[2024-08-23T18:46:44.469+0800] GC(67) PSYoungGen: 486998K(503296K)->77824K(540672K) Eden: 373302K(389120K)->0K(379392K) From: 113696K(114176K)->77824K(161280K)
[2024-08-23T18:46:44.469+0800] GC(67) ParOldGen: 915344K(1398272K)->915352K(1398272K)
[2024-08-23T18:46:44.469+0800] GC(67) Metaspace: 307K(512K)->307K(512K) NonClass: 300K(384K)->300K(384K) Class: 7K(128K)->7K(128K)
[2024-08-23T18:46:44.469+0800] GC(67) Pause Young (Allocation Failure) 1369M->969M(1893M) 6.446ms
[2024-08-23T18:46:44.469+0800] GC(67) User=0.00s Sys=0.00s Real=0.01s
[2024-08-23T18:46:47.206+0800] GC(68) Pause Young (Allocation Failure)
[2024-08-23T18:46:47.209+0800] GC(68) PSYoungGen: 450945K(540672K)->46080K(537600K) Eden: 373121K(379392K)->0K(379392K) From: 77824K(161280K)->46080K(158208K)
[2024-08-23T18:46:47.209+0800] GC(68) ParOldGen: 915352K(1398272K)->915352K(1398272K)
[2024-08-23T18:46:47.209+0800] GC(68) Metaspace: 307K(512K)->307K(512K) NonClass: 300K(384K)->300K(384K) Class: 7K(128K)->7K(128K)
[2024-08-23T18:46:47.209+0800] GC(68) Pause Young (Allocation Failure) 1334M->938M(1890M) 3.693ms
[2024-08-23T18:46:47.209+0800] GC(68) User=0.00s Sys=0.00s Real=0.00s
[2024-08-23T18:46:48.735+0800] GC(69) Pause Young (Allocation Failure)
[2024-08-23T18:46:48.744+0800] GC(69) PSYoungGen: 325002K(537600K)->107520K(530432K) Eden: 278922K(379392K)->0K(379392K) From: 46080K(158208K)->107520K(151040K)
[2024-08-23T18:46:48.744+0800] GC(69) ParOldGen: 915352K(1398272K)->940952K(1398272K)
[2024-08-23T18:46:48.744+0800] GC(69) Metaspace: 307K(512K)->307K(512K) NonClass: 300K(384K)->300K(384K) Class: 7K(128K)->7K(128K)
[2024-08-23T18:46:48.744+0800] GC(69) Pause Young (Allocation Failure) 1211M->1023M(1883M) 9.393ms
[2024-08-23T18:46:48.744+0800] GC(69) User=0.00s Sys=0.00s Real=0.01s
[2024-08-23T18:46:51.368+0800] GC(70) Pause Young (Allocation Failure)
[2024-08-23T18:46:51.370+0800] GC(70) PSYoungGen: 473487K(530432K)->21504K(539136K) Eden: 365967K(379392K)->0K(379392K) From: 107520K(151040K)->21504K(159744K)
[2024-08-23T18:46:51.370+0800] GC(70) ParOldGen: 940952K(1398272K)->940952K(1398272K)
[2024-08-23T18:46:51.370+0800] GC(70) Metaspace: 308K(512K)->308K(512K) NonClass: 300K(384K)->300K(384K) Class: 7K(128K)->7K(128K)
[2024-08-23T18:46:51.370+0800] GC(70) Pause Young (Allocation Failure) 1381M->939M(1892M) 2.489ms
[2024-08-23T18:46:51.370+0800] GC(70) User=0.00s Sys=0.00s Real=0.00s
[2024-08-23T18:46:54.431+0800] GC(71) Pause Young (Allocation Failure)
[2024-08-23T18:46:54.436+0800] GC(71) PSYoungGen: 362900K(539136K)->66560K(548864K) Eden: 341396K(379392K)->0K(391680K) From: 21504K(159744K)->66560K(157184K)
[2024-08-23T18:46:54.436+0800] GC(71) ParOldGen: 940952K(1398272K)->940952K(1398272K)
[2024-08-23T18:46:54.436+0800] GC(71) Metaspace: 308K(512K)->308K(512K) NonClass: 300K(384K)->300K(384K) Class: 7K(128K)->7K(128K)
[2024-08-23T18:46:54.436+0800] GC(71) Pause Young (Allocation Failure) 1273M->983M(1901M) 5.507ms
[2024-08-23T18:46:54.436+0800] GC(71) User=0.00s Sys=0.00s Real=0.01s
[2024-08-23T18:46:57.186+0800] GC(72) Pause Young (Allocation Failure)
[2024-08-23T18:46:57.188+0800] GC(72) PSYoungGen: 434828K(548864K)->20480K(541696K) Eden: 368267K(391680K)->0K(391680K) From: 66560K(157184K)->20480K(150016K)
[2024-08-23T18:46:57.188+0800] GC(72) ParOldGen: 940952K(1398272K)->940952K(1398272K)
[2024-08-23T18:46:57.188+0800] GC(72) Metaspace: 308K(512K)->308K(512K) NonClass: 300K(384K)->300K(384K) Class: 7K(128K)->7K(128K)
[2024-08-23T18:46:57.188+0800] GC(72) Pause Young (Allocation Failure) 1343M->938M(1894M) 2.601ms
[2024-08-23T18:46:57.188+0800] GC(72) User=0.00s Sys=0.00s Real=0.00s
[2024-08-23T18:46:59.157+0800] GC(73) Pause Young (Allocation Failure)
[2024-08-23T18:46:59.188+0800] GC(73) PSYoungGen: 409228K(541696K)->61440K(558080K) Eden: 388747K(391680K)->0K(410112K) From: 20480K(150016K)->61440K(147968K)
[2024-08-23T18:46:59.188+0800] GC(73) ParOldGen: 940952K(1398272K)->1043352K(1398272K)
[2024-08-23T18:46:59.188+0800] GC(73) Metaspace: 308K(512K)->308K(512K) NonClass: 300K(384K)->300K(384K) Class: 7K(128K)->7K(128K)
[2024-08-23T18:46:59.188+0800] GC(73) Pause Young (Allocation Failure) 1318M->1078M(1910M) 32.452ms
[2024-08-23T18:46:59.188+0800] GC(73) User=0.03s Sys=0.00s Real=0.03s
[2024-08-23T18:47:01.590+0800] GC(74) Pause Young (Allocation Failure)
[2024-08-23T18:47:01.595+0800] GC(74) PSYoungGen: 387068K(558080K)->56320K(550912K) Eden: 325628K(410112K)->0K(410112K) From: 61440K(147968K)->56320K(140800K)
[2024-08-23T18:47:01.595+0800] GC(74) ParOldGen: 1043352K(1398272K)->1043352K(1398272K)
[2024-08-23T18:47:01.595+0800] GC(74) Metaspace: 308K(512K)->308K(512K) NonClass: 300K(384K)->300K(384K) Class: 7K(128K)->7K(128K)
[2024-08-23T18:47:01.595+0800] GC(74) Pause Young (Allocation Failure) 1396M->1073M(1903M) 5.100ms
[2024-08-23T18:47:01.595+0800] GC(74) User=0.00s Sys=0.00s Real=0.01s
[2024-08-23T18:47:05.322+0800] GC(75) Pause Young (Allocation Failure)
[2024-08-23T18:47:05.324+0800] GC(75) PSYoungGen: 465912K(550912K)->10240K(566272K) Eden: 409592K(410112K)->0K(433664K) From: 56320K(140800K)->10240K(132608K)
[2024-08-23T18:47:05.324+0800] GC(75) ParOldGen: 1043352K(1398272K)->1043352K(1398272K)
[2024-08-23T18:47:05.324+0800] GC(75) Metaspace: 308K(512K)->308K(512K) NonClass: 300K(384K)->300K(384K) Class: 7K(128K)->7K(128K)
[2024-08-23T18:47:05.324+0800] GC(75) Pause Young (Allocation Failure) 1473M->1028M(1918M) 2.178ms
[2024-08-23T18:47:05.324+0800] GC(75) User=0.00s Sys=0.00s Real=0.00s
[2024-08-23T18:47:07.619+0800] GC(76) Pause Young (Allocation Failure)
[2024-08-23T18:47:07.625+0800] GC(76) PSYoungGen: 439750K(566272K)->77824K(512000K) Eden: 429509K(433664K)->0K(433664K) From: 10240K(132608K)->77824K(78336K)
[2024-08-23T18:47:07.625+0800] GC(76) ParOldGen: 1043352K(1398272K)->1048472K(1398272K)
[2024-08-23T18:47:07.625+0800] GC(76) Metaspace: 308K(512K)->308K(512K) NonClass: 300K(384K)->300K(384K) Class: 7K(128K)->7K(128K)
[2024-08-23T18:47:07.625+0800] GC(76) Pause Young (Allocation Failure) 1448M->1099M(1865M) 6.175ms
[2024-08-23T18:47:07.625+0800] GC(76) User=0.00s Sys=0.00s Real=0.01s
[2024-08-23T18:47:11.007+0800] GC(77) Pause Young (Allocation Failure)
[2024-08-23T18:47:11.016+0800] GC(77) PSYoungGen: 507333K(512000K)->113664K(537088K) Eden: 429509K(433664K)->0K(402944K) From: 77824K(78336K)->113664K(134144K)
[2024-08-23T18:47:11.016+0800] GC(77) ParOldGen: 1048472K(1398272K)->1048472K(1398272K)
[2024-08-23T18:47:11.016+0800] GC(77) Metaspace: 308K(512K)->308K(512K) NonClass: 300K(384K)->300K(384K) Class: 7K(128K)->7K(128K)
[2024-08-23T18:47:11.016+0800] GC(77) Pause Young (Allocation Failure) 1519M->1134M(1890M) 9.255ms
[2024-08-23T18:47:11.016+0800] GC(77) User=0.00s Sys=0.00s Real=0.01s
[2024-08-23T18:47:13.101+0800] GC(78) Pause Young (Allocation Failure)
[2024-08-23T18:47:13.110+0800] GC(78) PSYoungGen: 515943K(537088K)->112640K(507392K) Eden: 402279K(402944K)->0K(394240K) From: 113664K(134144K)->112640K(113152K)
[2024-08-23T18:47:13.110+0800] GC(78) ParOldGen: 1048472K(1398272K)->1048472K(1398272K)
[2024-08-23T18:47:13.110+0800] GC(78) Metaspace: 308K(512K)->308K(512K) NonClass: 300K(384K)->300K(384K) Class: 7K(128K)->7K(128K)
[2024-08-23T18:47:13.110+0800] GC(78) Pause Young (Allocation Failure) 1527M->1133M(1861M) 9.835ms
[2024-08-23T18:47:13.110+0800] GC(78) User=0.03s Sys=0.00s Real=0.01s
[2024-08-23T18:47:17.145+0800] GC(79) Pause Young (Allocation Failure)
[2024-08-23T18:47:17.149+0800] GC(79) PSYoungGen: 480960K(507392K)->25600K(542720K) Eden: 368320K(394240K)->0K(384000K) From: 112640K(113152K)->25600K(158720K)
[2024-08-23T18:47:17.149+0800] GC(79) ParOldGen: 1048472K(1398272K)->1048472K(1398272K)
[2024-08-23T18:47:17.149+0800] GC(79) Metaspace: 308K(512K)->308K(512K) NonClass: 300K(384K)->300K(384K) Class: 7K(128K)->7K(128K)
[2024-08-23T18:47:17.149+0800] GC(79) Pause Young (Allocation Failure) 1493M->1048M(1895M) 3.208ms
[2024-08-23T18:47:17.149+0800] GC(79) User=0.00s Sys=0.00s Real=0.00s
[2024-08-23T18:47:19.001+0800] GC(80) Pause Young (Allocation Failure)
[2024-08-23T18:47:19.032+0800] GC(80) PSYoungGen: 409075K(542720K)->57344K(540160K) Eden: 383475K(384000K)->0K(384000K) From: 25600K(158720K)->57344K(156160K)
[2024-08-23T18:47:19.032+0800] GC(80) ParOldGen: 1048472K(1398272K)->1155992K(1398272K)
[2024-08-23T18:47:19.032+0800] GC(80) Metaspace: 308K(512K)->308K(512K) NonClass: 300K(384K)->300K(384K) Class: 7K(128K)->7K(128K)
[2024-08-23T18:47:19.032+0800] GC(80) Pause Young (Allocation Failure) 1423M->1184M(1893M) 32.440ms
[2024-08-23T18:47:19.032+0800] GC(80) User=0.02s Sys=0.03s Real=0.03s
[2024-08-23T18:47:22.428+0800] GC(81) Pause Young (Allocation Failure)
[2024-08-23T18:47:22.429+0800] GC(81) PSYoungGen: 440820K(540160K)->12288K(551424K) Eden: 383476K(384000K)->0K(403968K) From: 57344K(156160K)->12288K(147456K)
[2024-08-23T18:47:22.429+0800] GC(81) ParOldGen: 1155992K(1398272K)->1155992K(1398272K)
[2024-08-23T18:47:22.429+0800] GC(81) Metaspace: 308K(512K)->308K(512K) NonClass: 300K(384K)->300K(384K) Class: 7K(128K)->7K(128K)
[2024-08-23T18:47:22.429+0800] GC(81) Pause Young (Allocation Failure) 1559M->1140M(1904M) 1.811ms
[2024-08-23T18:47:22.429+0800] GC(81) User=0.00s Sys=0.00s Real=0.00s
[2024-08-23T18:47:24.620+0800] GC(82) Pause Young (Allocation Failure)
[2024-08-23T18:47:24.622+0800] GC(82) PSYoungGen: 415619K(551424K)->11264K(551424K) Eden: 403331K(403968K)->0K(403968K) From: 12288K(147456K)->11264K(147456K)
[2024-08-23T18:47:24.622+0800] GC(82) ParOldGen: 1155992K(1398272K)->1155992K(1398272K)
[2024-08-23T18:47:24.622+0800] GC(82) Metaspace: 308K(512K)->308K(512K) NonClass: 300K(384K)->300K(384K) Class: 7K(128K)->7K(128K)
[2024-08-23T18:47:24.622+0800] GC(82) Pause Young (Allocation Failure) 1534M->1139M(1904M) 2.240ms
[2024-08-23T18:47:24.622+0800] GC(82) User=0.00s Sys=0.00s Real=0.00s
[2024-08-23T18:47:28.445+0800] GC(83) Pause Young (Allocation Failure)
[2024-08-23T18:47:28.447+0800] GC(83) PSYoungGen: 404353K(551424K)->15360K(556032K) Eden: 393089K(403968K)->0K(410112K) From: 11264K(147456K)->15360K(145920K)
[2024-08-23T18:47:28.447+0800] GC(83) ParOldGen: 1155992K(1398272K)->1155992K(1398272K)
[2024-08-23T18:47:28.447+0800] GC(83) Metaspace: 308K(512K)->308K(512K) NonClass: 300K(384K)->300K(384K) Class: 7K(128K)->7K(128K)
[2024-08-23T18:47:28.447+0800] GC(83) Pause Young (Allocation Failure) 1523M->1143M(1908M) 2.094ms
[2024-08-23T18:47:28.447+0800] GC(83) User=0.00s Sys=0.00s Real=0.00s
[2024-08-23T18:47:30.521+0800] GC(84) Pause Young (Allocation Failure)
[2024-08-23T18:47:30.530+0800] GC(84) PSYoungGen: 424954K(556032K)->113664K(515584K) Eden: 409594K(410112K)->0K(401408K) From: 15360K(145920K)->113664K(114176K)
[2024-08-23T18:47:30.530+0800] GC(84) ParOldGen: 1155992K(1398272K)->1161112K(1398272K)
[2024-08-23T18:47:30.531+0800] GC(84) Metaspace: 308K(512K)->308K(512K) NonClass: 300K(384K)->300K(384K) Class: 7K(128K)->7K(128K)
[2024-08-23T18:47:30.531+0800] GC(84) Pause Young (Allocation Failure) 1543M->1244M(1869M) 9.357ms
[2024-08-23T18:47:30.531+0800] GC(84) User=0.00s Sys=0.00s Real=0.01s
[2024-08-23T18:47:34.358+0800] GC(85) Pause Young (Allocation Failure)
[2024-08-23T18:47:34.364+0800] GC(85) PSYoungGen: 492363K(515584K)->77824K(543232K) Eden: 378699K(401408K)->0K(385536K) From: 113664K(114176K)->77824K(157696K)
[2024-08-23T18:47:34.364+0800] GC(85) ParOldGen: 1161112K(1398272K)->1161112K(1398272K)
[2024-08-23T18:47:34.364+0800] GC(85) Metaspace: 308K(512K)->308K(512K) NonClass: 300K(384K)->300K(384K) Class: 7K(128K)->7K(128K)
[2024-08-23T18:47:34.364+0800] GC(85) Pause Young (Allocation Failure) 1614M->1209M(1896M) 6.440ms
[2024-08-23T18:47:34.364+0800] GC(85) User=0.00s Sys=0.00s Real=0.01s
[2024-08-23T18:47:37.103+0800] GC(86) Pause Young (Allocation Failure)
[2024-08-23T18:47:37.107+0800] GC(86) PSYoungGen: 451086K(543232K)->46080K(541184K) Eden: 373262K(385536K)->0K(385536K) From: 77824K(157696K)->46080K(155648K)
[2024-08-23T18:47:37.107+0800] GC(86) ParOldGen: 1161112K(1398272K)->1161112K(1398272K)
[2024-08-23T18:47:37.107+0800] GC(86) Metaspace: 308K(512K)->308K(512K) NonClass: 300K(384K)->300K(384K) Class: 7K(128K)->7K(128K)
[2024-08-23T18:47:37.107+0800] GC(86) Pause Young (Allocation Failure) 1574M->1178M(1894M) 3.840ms
[2024-08-23T18:47:37.107+0800] GC(86) User=0.00s Sys=0.00s Real=0.00s
[2024-08-23T18:47:39.285+0800] GC(87) Pause Young (Allocation Failure)
[2024-08-23T18:47:39.293+0800] GC(87) PSYoungGen: 427536K(541184K)->102400K(535552K) Eden: 381456K(385536K)->0K(387584K) From: 46080K(155648K)->102400K(147968K)
[2024-08-23T18:47:39.293+0800] GC(87) ParOldGen: 1161112K(1398272K)->1161112K(1398272K)
[2024-08-23T18:47:39.293+0800] GC(87) Metaspace: 308K(512K)->308K(512K) NonClass: 300K(384K)->300K(384K) Class: 7K(128K)->7K(128K)
[2024-08-23T18:47:39.293+0800] GC(87) Pause Young (Allocation Failure) 1551M->1233M(1888M) 8.402ms
[2024-08-23T18:47:39.293+0800] GC(87) User=0.00s Sys=0.00s Real=0.01s
[2024-08-23T18:47:41.477+0800] GC(88) Pause Young (Allocation Failure)
[2024-08-23T18:47:41.482+0800] GC(88) PSYoungGen: 437818K(535552K)->62464K(543232K) Eden: 335418K(387584K)->0K(387584K) From: 102400K(147968K)->62464K(155648K)
[2024-08-23T18:47:41.482+0800] GC(88) ParOldGen: 1161112K(1398272K)->1161112K(1398272K)
[2024-08-23T18:47:41.482+0800] GC(88) Metaspace: 308K(512K)->308K(512K) NonClass: 300K(384K)->300K(384K) Class: 7K(128K)->7K(128K)
[2024-08-23T18:47:41.482+0800] GC(88) Pause Young (Allocation Failure) 1561M->1194M(1896M) 5.679ms
[2024-08-23T18:47:41.482+0800] GC(88) User=0.00s Sys=0.00s Real=0.01s
[2024-08-23T18:47:44.882+0800] GC(89) Pause Young (Allocation Failure)
[2024-08-23T18:47:44.884+0800] GC(89) PSYoungGen: 447034K(543232K)->25600K(554496K) Eden: 384570K(387584K)->0K(407552K) From: 62464K(155648K)->25600K(146944K)
[2024-08-23T18:47:44.884+0800] GC(89) ParOldGen: 1161112K(1398272K)->1161112K(1398272K)
[2024-08-23T18:47:44.884+0800] GC(89) Metaspace: 308K(512K)->308K(512K) NonClass: 300K(384K)->300K(384K) Class: 7K(128K)->7K(128K)
[2024-08-23T18:47:44.884+0800] GC(89) Pause Young (Allocation Failure) 1570M->1158M(1907M) 2.498ms
[2024-08-23T18:47:44.884+0800] GC(89) User=0.00s Sys=0.00s Real=0.00s
[2024-08-23T18:47:47.287+0800] GC(90) Pause Young (Allocation Failure)
[2024-08-23T18:47:47.317+0800] GC(90) PSYoungGen: 433098K(554496K)->51200K(551936K) Eden: 407498K(407552K)->0K(407552K) From: 25600K(146944K)->51200K(144384K)
[2024-08-23T18:47:47.317+0800] GC(90) ParOldGen: 1161112K(1398272K)->1263512K(1398272K)
[2024-08-23T18:47:47.317+0800] GC(90) Metaspace: 308K(512K)->308K(512K) NonClass: 300K(384K)->300K(384K) Class: 7K(128K)->7K(128K)
[2024-08-23T18:47:47.317+0800] GC(90) Pause Young (Allocation Failure) 1556M->1283M(1904M) 30.598ms
[2024-08-23T18:47:47.317+0800] GC(90) User=0.02s Sys=0.02s Real=0.03s
[2024-08-23T18:47:50.049+0800] GC(91) Pause Young (Allocation Failure)
[2024-08-23T18:47:50.071+0800] GC(91) PSYoungGen: 404424K(551936K)->112640K(536576K) Eden: 353224K(407552K)->0K(399872K) From: 51200K(144384K)->112640K(136704K)
[2024-08-23T18:47:50.071+0800] GC(91) ParOldGen: 1263512K(1398272K)->1365912K(1398272K)
[2024-08-23T18:47:50.071+0800] GC(91) Metaspace: 308K(512K)->308K(512K) NonClass: 300K(384K)->300K(384K) Class: 7K(128K)->7K(128K)
[2024-08-23T18:47:50.071+0800] GC(91) Pause Young (Allocation Failure) 1628M->1443M(1889M) 22.072ms
[2024-08-23T18:47:50.071+0800] GC(91) User=0.00s Sys=0.03s Real=0.02s
[2024-08-23T18:47:50.071+0800] GC(92) Pause Full (Ergonomics)
[2024-08-23T18:47:50.071+0800] GC(92) Marking Phase
[2024-08-23T18:47:50.072+0800] GC(92) Marking Phase 0.802ms
[2024-08-23T18:47:50.072+0800] GC(92) Summary Phase
[2024-08-23T18:47:50.072+0800] GC(92) Summary Phase 0.035ms
[2024-08-23T18:47:50.072+0800] GC(92) Adjust Roots
[2024-08-23T18:47:50.072+0800] GC(92) Adjust Roots 0.280ms
[2024-08-23T18:47:50.072+0800] GC(92) Compaction Phase
[2024-08-23T18:47:50.086+0800] GC(92) Compaction Phase 13.569ms
[2024-08-23T18:47:50.086+0800] GC(92) Post Compact
[2024-08-23T18:47:50.100+0800] GC(92) Post Compact 13.449ms
[2024-08-23T18:47:50.123+0800] GC(92) PSYoungGen: 112640K(536576K)->0K(549376K) Eden: 0K(399872K)->0K(399872K) From: 112640K(136704K)->0K(149504K)
[2024-08-23T18:47:50.123+0800] GC(92) ParOldGen: 1365912K(1398272K)->215809K(866304K)
[2024-08-23T18:47:50.123+0800] GC(92) Metaspace: 308K(512K)->308K(512K) NonClass: 300K(384K)->300K(384K) Class: 7K(128K)->7K(128K)
[2024-08-23T18:47:50.123+0800] GC(92) Pause Full (Ergonomics) 1443M->210M(1382M) 52.259ms
[2024-08-23T18:47:50.123+0800] GC(92) User=0.00s Sys=0.05s Real=0.05s
[2024-08-23T18:47:52.862+0800] GC(93) Pause Young (Allocation Failure)
[2024-08-23T18:47:52.864+0800] GC(93) PSYoungGen: 382764K(549376K)->36864K(553984K) Eden: 382764K(399872K)->0K(404480K) From: 0K(149504K)->36864K(149504K)
[2024-08-23T18:47:52.864+0800] GC(93) ParOldGen: 215809K(866304K)->215809K(866304K)
[2024-08-23T18:47:52.864+0800] GC(93) Metaspace: 308K(512K)->308K(512K) NonClass: 300K(384K)->300K(384K) Class: 7K(128K)->7K(128K)
[2024-08-23T18:47:52.864+0800] GC(93) Pause Young (Allocation Failure) 584M->246M(1387M) 2.580ms
[2024-08-23T18:47:52.864+0800] GC(93) User=0.00s Sys=0.00s Real=0.00s
[2024-08-23T18:47:55.811+0800] GC(94) Pause Young (Allocation Failure)
[2024-08-23T18:47:55.817+0800] GC(94) PSYoungGen: 367443K(553984K)->76800K(549376K) Eden: 330579K(404480K)->0K(404480K) From: 36864K(149504K)->76800K(144896K)
[2024-08-23T18:47:55.817+0800] GC(94) ParOldGen: 215809K(866304K)->215809K(866304K)
[2024-08-23T18:47:55.817+0800] GC(94) Metaspace: 308K(512K)->308K(512K) NonClass: 300K(384K)->300K(384K) Class: 7K(128K)->7K(128K)
[2024-08-23T18:47:55.817+0800] GC(94) Pause Young (Allocation Failure) 569M->285M(1382M) 5.499ms
[2024-08-23T18:47:55.817+0800] GC(94) User=0.00s Sys=0.00s Real=0.01s
[2024-08-23T18:47:58.668+0800] GC(95) Pause Young (Allocation Failure)
[2024-08-23T18:47:58.672+0800] GC(95) PSYoungGen: 481124K(549376K)->51200K(562176K) Eden: 404324K(404480K)->0K(419328K) From: 76800K(144896K)->51200K(142848K)
[2024-08-23T18:47:58.672+0800] GC(95) ParOldGen: 215809K(866304K)->215809K(866304K)
[2024-08-23T18:47:58.672+0800] GC(95) Metaspace: 308K(512K)->308K(512K) NonClass: 300K(384K)->300K(384K) Class: 7K(128K)->7K(128K)
[2024-08-23T18:47:58.672+0800] GC(95) Pause Young (Allocation Failure) 680M->260M(1395M) 4.358ms
[2024-08-23T18:47:58.672+0800] GC(95) User=0.00s Sys=0.00s Real=0.00s
[2024-08-23T18:48:01.397+0800] GC(96) Pause Young (Allocation Failure)
[2024-08-23T18:48:01.406+0800] GC(96) PSYoungGen: 454808K(562176K)->134144K(544768K) Eden: 403608K(419328K)->0K(410112K) From: 51200K(142848K)->134144K(134656K)
[2024-08-23T18:48:01.406+0800] GC(96) ParOldGen: 215809K(866304K)->215809K(866304K)
[2024-08-23T18:48:01.406+0800] GC(96) Metaspace: 308K(512K)->308K(512K) NonClass: 300K(384K)->300K(384K) Class: 7K(128K)->7K(128K)
[2024-08-23T18:48:01.406+0800] GC(96) Pause Young (Allocation Failure) 654M->341M(1378M) 9.276ms
[2024-08-23T18:48:01.406+0800] GC(96) User=0.02s Sys=0.00s Real=0.01s
[2024-08-23T18:48:04.144+0800] GC(97) Pause Young (Allocation Failure)
[2024-08-23T18:48:04.146+0800] GC(97) PSYoungGen: 543719K(544768K)->35840K(537600K) Eden: 409575K(410112K)->0K(392704K) From: 134144K(134656K)->35840K(144896K)
[2024-08-23T18:48:04.146+0800] GC(97) ParOldGen: 215809K(866304K)->215809K(866304K)
[2024-08-23T18:48:04.146+0800] GC(97) Metaspace: 308K(512K)->308K(512K) NonClass: 300K(384K)->300K(384K) Class: 7K(128K)->7K(128K)
[2024-08-23T18:48:04.146+0800] GC(97) Pause Young (Allocation Failure) 741M->245M(1371M) 2.250ms
[2024-08-23T18:48:04.146+0800] GC(97) User=0.00s Sys=0.00s Real=0.00s
[2024-08-23T18:48:07.199+0800] GC(98) Pause Young (Allocation Failure)
[2024-08-23T18:48:07.204+0800] GC(98) PSYoungGen: 402072K(537600K)->107552K(492544K) Eden: 366232K(392704K)->0K(384512K) From: 35840K(144896K)->107552K(108032K)
[2024-08-23T18:48:07.204+0800] GC(98) ParOldGen: 215809K(866304K)->215809K(866304K)
[2024-08-23T18:48:07.204+0800] GC(98) Metaspace: 308K(512K)->308K(512K) NonClass: 300K(384K)->300K(384K) Class: 7K(128K)->7K(128K)
[2024-08-23T18:48:07.204+0800] GC(98) Pause Young (Allocation Failure) 603M->315M(1327M) 5.426ms
[2024-08-23T18:48:07.204+0800] GC(98) User=0.00s Sys=0.00s Real=0.01s
[2024-08-23T18:48:10.059+0800] GC(99) Pause Young (Allocation Failure)
[2024-08-23T18:48:10.060+0800] GC(99) PSYoungGen: 465431K(492544K)->5120K(535040K) Eden: 357879K(384512K)->0K(375296K) From: 107552K(108032K)->5120K(159744K)
[2024-08-23T18:48:10.060+0800] GC(99) ParOldGen: 215809K(866304K)->215817K(866304K)
[2024-08-23T18:48:10.060+0800] GC(99) Metaspace: 308K(512K)->308K(512K) NonClass: 300K(384K)->300K(384K) Class: 7K(128K)->7K(128K)
[2024-08-23T18:48:10.060+0800] GC(99) Pause Young (Allocation Failure) 665M->215M(1368M) 0.847ms
[2024-08-23T18:48:10.060+0800] GC(99) User=0.00s Sys=0.00s Real=0.00s
[2024-08-23T18:48:12.577+0800] GC(100) Pause Young (Allocation Failure)
[2024-08-23T18:48:12.579+0800] GC(100) PSYoungGen: 378178K(535040K)->27648K(537088K) Eden: 373058K(375296K)->0K(375296K) From: 5120K(159744K)->27648K(161792K)
[2024-08-23T18:48:12.579+0800] GC(100) ParOldGen: 215817K(866304K)->215817K(866304K)
[2024-08-23T18:48:12.579+0800] GC(100) Metaspace: 308K(512K)->308K(512K) NonClass: 300K(384K)->300K(384K) Class: 7K(128K)->7K(128K)
[2024-08-23T18:48:12.579+0800] GC(100) Pause Young (Allocation Failure) 580M->237M(1370M) 1.924ms
[2024-08-23T18:48:12.579+0800] GC(100) User=0.00s Sys=0.00s Real=0.00s
[2024-08-23T18:48:14.323+0800] GC(101) Pause Young (Allocation Failure)
[2024-08-23T18:48:14.328+0800] GC(101) PSYoungGen: 311621K(537088K)->61440K(549888K) Eden: 283973K(375296K)->0K(392192K) From: 27648K(161792K)->61440K(157696K)
[2024-08-23T18:48:14.328+0800] GC(101) ParOldGen: 215817K(866304K)->215817K(866304K)
[2024-08-23T18:48:14.328+0800] GC(101) Metaspace: 308K(512K)->308K(512K) NonClass: 300K(384K)->300K(384K) Class: 7K(128K)->7K(128K)
[2024-08-23T18:48:14.328+0800] GC(101) Pause Young (Allocation Failure) 515M->270M(1383M) 4.879ms
[2024-08-23T18:48:14.328+0800] GC(101) User=0.00s Sys=0.00s Real=0.01s
[2024-08-23T18:48:16.954+0800] GC(102) Pause Young (Allocation Failure)
[2024-08-23T18:48:16.957+0800] GC(102) PSYoungGen: 445080K(549888K)->40992K(541184K) Eden: 383640K(392192K)->0K(392192K) From: 61440K(157696K)->40992K(148992K)
[2024-08-23T18:48:16.957+0800] GC(102) ParOldGen: 215817K(866304K)->226057K(866304K)
[2024-08-23T18:48:16.957+0800] GC(102) Metaspace: 308K(512K)->308K(512K) NonClass: 300K(384K)->300K(384K) Class: 7K(128K)->7K(128K)
[2024-08-23T18:48:16.957+0800] GC(102) Pause Young (Allocation Failure) 645M->260M(1374M) 3.459ms
[2024-08-23T18:48:16.957+0800] GC(102) User=0.00s Sys=0.00s Real=0.00s
[2024-08-23T18:48:19.902+0800] GC(103) Pause Young (Allocation Failure)
[2024-08-23T18:48:19.912+0800] GC(103) PSYoungGen: 402104K(541184K)->133120K(517120K) Eden: 361111K(392192K)->0K(374272K) From: 40992K(148992K)->133120K(142848K)
[2024-08-23T18:48:19.912+0800] GC(103) ParOldGen: 226057K(866304K)->226065K(866304K)
[2024-08-23T18:48:19.912+0800] GC(103) Metaspace: 308K(512K)->308K(512K) NonClass: 300K(384K)->300K(384K) Class: 7K(128K)->7K(128K)
[2024-08-23T18:48:19.912+0800] GC(103) Pause Young (Allocation Failure) 613M->350M(1351M) 10.189ms
[2024-08-23T18:48:19.912+0800] GC(103) User=0.00s Sys=0.00s Real=0.01s
[2024-08-23T18:48:22.870+0800] GC(104) Pause Young (Allocation Failure)
[2024-08-23T18:48:22.874+0800] GC(104) PSYoungGen: 444721K(517120K)->62464K(536576K) Eden: 311601K(374272K)->0K(374272K) From: 133120K(142848K)->62464K(162304K)
[2024-08-23T18:48:22.875+0800] GC(104) ParOldGen: 226065K(866304K)->226065K(866304K)
[2024-08-23T18:48:22.875+0800] GC(104) Metaspace: 308K(512K)->308K(512K) NonClass: 300K(384K)->300K(384K) Class: 7K(128K)->7K(128K)
[2024-08-23T18:48:22.875+0800] GC(104) Pause Young (Allocation Failure) 655M->281M(1370M) 4.797ms
[2024-08-23T18:48:22.875+0800] GC(104) User=0.00s Sys=0.00s Real=0.01s
[2024-08-23T18:48:25.613+0800] GC(105) Pause Young (Allocation Failure)
[2024-08-23T18:48:25.615+0800] GC(105) PSYoungGen: 435507K(536576K)->40960K(550400K) Eden: 373043K(374272K)->0K(397312K) From: 62464K(162304K)->40960K(153088K)
[2024-08-23T18:48:25.615+0800] GC(105) ParOldGen: 226065K(866304K)->226065K(866304K)
[2024-08-23T18:48:25.615+0800] GC(105) Metaspace: 308K(512K)->308K(512K) NonClass: 300K(384K)->300K(384K) Class: 7K(128K)->7K(128K)
[2024-08-23T18:48:25.615+0800] GC(105) Pause Young (Allocation Failure) 646M->260M(1383M) 2.334ms
[2024-08-23T18:48:25.615+0800] GC(105) User=0.00s Sys=0.00s Real=0.00s
[2024-08-23T18:48:27.687+0800] GC(106) Pause Young (Allocation Failure)
[2024-08-23T18:48:27.692+0800] GC(106) PSYoungGen: 434945K(550400K)->61440K(545792K) Eden: 393984K(397312K)->0K(397312K) From: 40960K(153088K)->61440K(148480K)
[2024-08-23T18:48:27.692+0800] GC(106) ParOldGen: 226065K(866304K)->246545K(866304K)
[2024-08-23T18:48:27.692+0800] GC(106) Metaspace: 308K(512K)->308K(512K) NonClass: 300K(384K)->300K(384K) Class: 7K(128K)->7K(128K)
[2024-08-23T18:48:27.692+0800] GC(106) Pause Young (Allocation Failure) 645M->300M(1379M) 5.576ms
[2024-08-23T18:48:27.692+0800] GC(106) User=0.00s Sys=0.00s Real=0.00s
[2024-08-23T18:48:29.981+0800] GC(107) Pause Young (Allocation Failure)
[2024-08-23T18:48:29.985+0800] GC(107) PSYoungGen: 386814K(545792K)->56320K(565760K) Eden: 325374K(397312K)->0K(425984K) From: 61440K(148480K)->56320K(139776K)
[2024-08-23T18:48:29.985+0800] GC(107) ParOldGen: 246545K(866304K)->246545K(866304K)
[2024-08-23T18:48:29.985+0800] GC(107) Metaspace: 308K(512K)->308K(512K) NonClass: 300K(384K)->300K(384K) Class: 7K(128K)->7K(128K)
[2024-08-23T18:48:29.985+0800] GC(107) Pause Young (Allocation Failure) 618M->295M(1398M) 4.697ms
[2024-08-23T18:48:29.985+0800] GC(107) User=0.00s Sys=0.00s Real=0.00s
[2024-08-23T18:48:34.019+0800] GC(108) Pause Young (Allocation Failure)
[2024-08-23T18:48:34.020+0800] GC(108) PSYoungGen: 481593K(565760K)->25600K(559104K) Eden: 425273K(425984K)->0K(425984K) From: 56320K(139776K)->25600K(133120K)
[2024-08-23T18:48:34.020+0800] GC(108) ParOldGen: 246545K(866304K)->246545K(866304K)
[2024-08-23T18:48:34.020+0800] GC(108) Metaspace: 308K(512K)->308K(512K) NonClass: 300K(384K)->300K(384K) Class: 7K(128K)->7K(128K)
[2024-08-23T18:48:34.020+0800] GC(108) Pause Young (Allocation Failure) 711M->265M(1392M) 1.669ms
[2024-08-23T18:48:34.020+0800] GC(108) User=0.00s Sys=0.00s Real=0.00s
[2024-08-23T18:48:36.862+0800] GC(109) Pause Young (Allocation Failure)
[2024-08-23T18:48:36.863+0800] GC(109) PSYoungGen: 444710K(559104K)->5120K(563712K) Eden: 419110K(425984K)->0K(431616K) From: 25600K(133120K)->5120K(132096K)
[2024-08-23T18:48:36.863+0800] GC(109) ParOldGen: 246545K(866304K)->246545K(866304K)
[2024-08-23T18:48:36.863+0800] GC(109) Metaspace: 308K(512K)->308K(512K) NonClass: 300K(384K)->300K(384K) Class: 7K(128K)->7K(128K)
[2024-08-23T18:48:36.863+0800] GC(109) Pause Young (Allocation Failure) 675M->245M(1396M) 0.859ms
[2024-08-23T18:48:36.863+0800] GC(109) User=0.00s Sys=0.00s Real=0.00s
[2024-08-23T18:48:39.375+0800] GC(110) Pause Young (Allocation Failure)
[2024-08-23T18:48:39.385+0800] GC(110) PSYoungGen: 434592K(563712K)->66560K(565248K) Eden: 429472K(431616K)->0K(431616K) From: 5120K(132096K)->66560K(133632K)
[2024-08-23T18:48:39.385+0800] GC(110) ParOldGen: 246545K(866304K)->348945K(866304K)
[2024-08-23T18:48:39.385+0800] GC(110) Metaspace: 308K(512K)->308K(512K) NonClass: 300K(384K)->300K(384K) Class: 7K(128K)->7K(128K)
[2024-08-23T18:48:39.385+0800] GC(110) Pause Young (Allocation Failure) 665M->405M(1398M) 11.228ms
[2024-08-23T18:48:39.385+0800] GC(110) User=0.00s Sys=0.00s Real=0.01s
[2024-08-23T18:48:42.128+0800] GC(111) Pause Young (Allocation Failure)
[2024-08-23T18:48:42.129+0800] GC(111) PSYoungGen: 495014K(565248K)->11264K(568320K) Eden: 428454K(431616K)->0K(437248K) From: 66560K(133632K)->11264K(131072K)
[2024-08-23T18:48:42.129+0800] GC(111) ParOldGen: 348945K(866304K)->348945K(866304K)
[2024-08-23T18:48:42.129+0800] GC(111) Metaspace: 308K(512K)->308K(512K) NonClass: 300K(384K)->300K(384K) Class: 7K(128K)->7K(128K)
[2024-08-23T18:48:42.129+0800] GC(111) Pause Young (Allocation Failure) 824M->351M(1401M) 1.129ms
[2024-08-23T18:48:42.129+0800] GC(111) User=0.00s Sys=0.00s Real=0.00s
[2024-08-23T18:48:45.621+0800] GC(112) Pause Young (Allocation Failure)
[2024-08-23T18:48:45.626+0800] GC(112) PSYoungGen: 393754K(568320K)->76800K(514560K) Eden: 382490K(437248K)->0K(437248K) From: 11264K(131072K)->76800K(77312K)
[2024-08-23T18:48:45.626+0800] GC(112) ParOldGen: 348945K(866304K)->348945K(866304K)
[2024-08-23T18:48:45.626+0800] GC(112) Metaspace: 308K(512K)->308K(512K) NonClass: 300K(384K)->300K(384K) Class: 7K(128K)->7K(128K)
[2024-08-23T18:48:45.626+0800] GC(112) Pause Young (Allocation Failure) 725M->415M(1348M) 5.512ms
[2024-08-23T18:48:45.626+0800] GC(112) User=0.00s Sys=0.00s Real=0.00s
[2024-08-23T18:48:48.457+0800] GC(113) Pause Young (Allocation Failure)
[2024-08-23T18:48:48.461+0800] GC(113) PSYoungGen: 480795K(514560K)->51200K(573952K) Eden: 403995K(437248K)->0K(441344K) From: 76800K(77312K)->51200K(132608K)
[2024-08-23T18:48:48.461+0800] GC(113) ParOldGen: 348945K(866304K)->348945K(866304K)
[2024-08-23T18:48:48.461+0800] GC(113) Metaspace: 308K(512K)->308K(512K) NonClass: 300K(384K)->300K(384K) Class: 7K(128K)->7K(128K)
[2024-08-23T18:48:48.461+0800] GC(113) Pause Young (Allocation Failure) 810M->390M(1406M) 4.599ms
[2024-08-23T18:48:48.461+0800] GC(113) User=0.00s Sys=0.00s Real=0.00s
[2024-08-23T18:48:51.179+0800] GC(114) Pause Young (Allocation Failure)
[2024-08-23T18:48:51.188+0800] GC(114) PSYoungGen: 455270K(573952K)->123904K(556032K) Eden: 404070K(441344K)->0K(431616K) From: 51200K(132608K)->123904K(124416K)
[2024-08-23T18:48:51.188+0800] GC(114) ParOldGen: 348945K(866304K)->359185K(866304K)
[2024-08-23T18:48:51.188+0800] GC(114) Metaspace: 308K(512K)->308K(512K) NonClass: 300K(384K)->300K(384K) Class: 7K(128K)->7K(128K)
[2024-08-23T18:48:51.188+0800] GC(114) Pause Young (Allocation Failure) 785M->471M(1389M) 9.558ms
[2024-08-23T18:48:51.188+0800] GC(114) User=0.00s Sys=0.00s Real=0.01s
[2024-08-23T18:48:54.034+0800] GC(115) Pause Young (Allocation Failure)
[2024-08-23T18:48:54.037+0800] GC(115) PSYoungGen: 553382K(556032K)->46080K(556544K) Eden: 429478K(431616K)->0K(423424K) From: 123904K(124416K)->46080K(133120K)
[2024-08-23T18:48:54.037+0800] GC(115) ParOldGen: 359185K(866304K)->359185K(866304K)
[2024-08-23T18:48:54.037+0800] GC(115) Metaspace: 308K(512K)->308K(512K) NonClass: 300K(384K)->300K(384K) Class: 7K(128K)->7K(128K)
[2024-08-23T18:48:54.037+0800] GC(115) Pause Young (Allocation Failure) 891M->395M(1389M) 3.215ms
[2024-08-23T18:48:54.037+0800] GC(115) User=0.00s Sys=0.00s Real=0.00s
[2024-08-23T18:48:56.984+0800] GC(116) Pause Young (Allocation Failure)
[2024-08-23T18:48:56.989+0800] GC(116) PSYoungGen: 392454K(556544K)->107520K(522240K) Eden: 346374K(423424K)->0K(414208K) From: 46080K(133120K)->107520K(108032K)
[2024-08-23T18:48:56.989+0800] GC(116) ParOldGen: 359185K(866304K)->359185K(866304K)
[2024-08-23T18:48:56.989+0800] GC(116) Metaspace: 308K(512K)->308K(512K) NonClass: 300K(384K)->300K(384K) Class: 7K(128K)->7K(128K)
[2024-08-23T18:48:56.989+0800] GC(116) Pause Young (Allocation Failure) 734M->455M(1356M) 5.317ms
[2024-08-23T18:48:56.989+0800] GC(116) User=0.00s Sys=0.00s Real=0.01s
[2024-08-23T18:48:59.822+0800] GC(117) Pause Young (Allocation Failure)
[2024-08-23T18:48:59.823+0800] GC(117) PSYoungGen: 468130K(522240K)->5120K(547840K) Eden: 360610K(414208K)->0K(399872K) From: 107520K(108032K)->5120K(147968K)
[2024-08-23T18:48:59.823+0800] GC(117) ParOldGen: 359185K(866304K)->359185K(866304K)
[2024-08-23T18:48:59.823+0800] GC(117) Metaspace: 308K(512K)->308K(512K) NonClass: 300K(384K)->300K(384K) Class: 7K(128K)->7K(128K)
[2024-08-23T18:48:59.823+0800] GC(117) Pause Young (Allocation Failure) 807M->355M(1381M) 1.264ms
[2024-08-23T18:48:59.823+0800] GC(117) User=0.00s Sys=0.00s Real=0.00s
[2024-08-23T18:49:02.451+0800] GC(118) Pause Young (Allocation Failure)
[2024-08-23T18:49:02.453+0800] GC(118) PSYoungGen: 388901K(547840K)->27648K(549376K) Eden: 383781K(399872K)->0K(399872K) From: 5120K(147968K)->27648K(149504K)
[2024-08-23T18:49:02.453+0800] GC(118) ParOldGen: 359185K(866304K)->359185K(866304K)
[2024-08-23T18:49:02.453+0800] GC(118) Metaspace: 308K(512K)->308K(512K) NonClass: 300K(384K)->300K(384K) Class: 7K(128K)->7K(128K)
[2024-08-23T18:49:02.453+0800] GC(118) Pause Young (Allocation Failure) 730M->377M(1382M) 2.036ms
[2024-08-23T18:49:02.453+0800] GC(118) User=0.00s Sys=0.00s Real=0.00s
[2024-08-23T18:49:04.850+0800] GC(119) Pause Young (Allocation Failure)
[2024-08-23T18:49:04.851+0800] GC(119) PSYoungGen: 426784K(549376K)->20480K(556544K) Eden: 399136K(399872K)->0K(411136K) From: 27648K(149504K)->20480K(145408K)
[2024-08-23T18:49:04.851+0800] GC(119) ParOldGen: 359185K(866304K)->359185K(866304K)
[2024-08-23T18:49:04.851+0800] GC(119) Metaspace: 308K(512K)->308K(512K) NonClass: 300K(384K)->300K(384K) Class: 7K(128K)->7K(128K)
[2024-08-23T18:49:04.851+0800] GC(119) Pause Young (Allocation Failure) 767M->370M(1389M) 1.718ms
[2024-08-23T18:49:04.851+0800] GC(119) User=0.00s Sys=0.00s Real=0.00s
[2024-08-23T18:49:08.239+0800] GC(120) Pause Young (Allocation Failure)
[2024-08-23T18:49:08.241+0800] GC(120) PSYoungGen: 412678K(556544K)->25600K(553472K) Eden: 392197K(411136K)->0K(411136K) From: 20480K(145408K)->25600K(142336K)
[2024-08-23T18:49:08.241+0800] GC(120) ParOldGen: 359185K(866304K)->359185K(866304K)
[2024-08-23T18:49:08.241+0800] GC(120) Metaspace: 308K(512K)->308K(512K) NonClass: 300K(384K)->300K(384K) Class: 7K(128K)->7K(128K)
[2024-08-23T18:49:08.241+0800] GC(120) Pause Young (Allocation Failure) 753M->375M(1386M) 2.271ms
[2024-08-23T18:49:08.241+0800] GC(120) User=0.00s Sys=0.00s Real=0.00s
[2024-08-23T18:49:10.529+0800] GC(121) Pause Young (Allocation Failure)
[2024-08-23T18:49:10.537+0800] GC(121) PSYoungGen: 432142K(553472K)->113664K(530944K) Eden: 406541K(411136K)->0K(393728K) From: 25600K(142336K)->113664K(137216K)
[2024-08-23T18:49:10.537+0800] GC(121) ParOldGen: 359185K(866304K)->364305K(866304K)
[2024-08-23T18:49:10.537+0800] GC(121) Metaspace: 308K(512K)->308K(512K) NonClass: 300K(384K)->300K(384K) Class: 7K(128K)->7K(128K)
[2024-08-23T18:49:10.537+0800] GC(121) Pause Young (Allocation Failure) 772M->466M(1364M) 9.010ms
[2024-08-23T18:49:10.537+0800] GC(121) User=0.00s Sys=0.00s Real=0.01s
[2024-08-23T18:49:14.026+0800] GC(122) Pause Young (Allocation Failure)
[2024-08-23T18:49:14.032+0800] GC(122) PSYoungGen: 476838K(530944K)->77824K(546304K) Eden: 363174K(393728K)->0K(393728K) From: 113664K(137216K)->77824K(152576K)
[2024-08-23T18:49:14.032+0800] GC(122) ParOldGen: 364305K(866304K)->364305K(866304K)
[2024-08-23T18:49:14.032+0800] GC(122) Metaspace: 308K(512K)->308K(512K) NonClass: 300K(384K)->300K(384K) Class: 7K(128K)->7K(128K)
[2024-08-23T18:49:14.032+0800] GC(122) Pause Young (Allocation Failure) 821M->431M(1379M) 5.546ms
[2024-08-23T18:49:14.032+0800] GC(122) User=0.00s Sys=0.00s Real=0.01s
[2024-08-23T18:49:16.778+0800] GC(123) Pause Young (Allocation Failure)
[2024-08-23T18:49:16.781+0800] GC(123) PSYoungGen: 451235K(546304K)->46080K(555008K) Eden: 373411K(393728K)->0K(403456K) From: 77824K(152576K)->46080K(151552K)
[2024-08-23T18:49:16.781+0800] GC(123) ParOldGen: 364305K(866304K)->364305K(866304K)
[2024-08-23T18:49:16.781+0800] GC(123) Metaspace: 308K(512K)->308K(512K) NonClass: 300K(384K)->300K(384K) Class: 7K(128K)->7K(128K)
[2024-08-23T18:49:16.781+0800] GC(123) Pause Young (Allocation Failure) 796M->400M(1388M) 3.209ms
[2024-08-23T18:49:16.781+0800] GC(123) User=0.00s Sys=0.00s Real=0.00s
[2024-08-23T18:49:19.290+0800] GC(124) Pause Young (Allocation Failure)
[2024-08-23T18:49:19.291+0800] GC(124) PSYoungGen: 443243K(555008K)->10240K(547328K) Eden: 397163K(403456K)->0K(403456K) From: 46080K(151552K)->10240K(143872K)
[2024-08-23T18:49:19.291+0800] GC(124) ParOldGen: 364305K(866304K)->364305K(866304K)
[2024-08-23T18:49:19.291+0800] GC(124) Metaspace: 308K(512K)->308K(512K) NonClass: 300K(384K)->300K(384K) Class: 7K(128K)->7K(128K)
[2024-08-23T18:49:19.291+0800] GC(124) Pause Young (Allocation Failure) 788M->365M(1380M) 1.261ms
[2024-08-23T18:49:19.291+0800] GC(124) User=0.00s Sys=0.00s Real=0.00s
[2024-08-23T18:49:21.152+0800] GC(125) Pause Young (Allocation Failure)
[2024-08-23T18:49:21.157+0800] GC(125) PSYoungGen: 330606K(547328K)->57344K(563200K) Eden: 320366K(403456K)->0K(420352K) From: 10240K(143872K)->57344K(142848K)
[2024-08-23T18:49:21.157+0800] GC(125) ParOldGen: 364305K(866304K)->369425K(866304K)
[2024-08-23T18:49:21.157+0800] GC(125) Metaspace: 308K(512K)->308K(512K) NonClass: 300K(384K)->300K(384K) Class: 7K(128K)->7K(128K)
[2024-08-23T18:49:21.157+0800] GC(125) Pause Young (Allocation Failure) 678M->416M(1396M) 5.131ms
[2024-08-23T18:49:21.157+0800] GC(125) User=0.00s Sys=0.00s Real=0.01s
[2024-08-23T18:49:25.096+0800] GC(126) Pause Young (Allocation Failure)
[2024-08-23T18:49:25.098+0800] GC(126) PSYoungGen: 472255K(563200K)->30720K(556032K) Eden: 414911K(420352K)->0K(420352K) From: 57344K(142848K)->30720K(135680K)
[2024-08-23T18:49:25.098+0800] GC(126) ParOldGen: 369425K(866304K)->369425K(866304K)
[2024-08-23T18:49:25.098+0800] GC(126) Metaspace: 308K(512K)->308K(512K) NonClass: 300K(384K)->300K(384K) Class: 7K(128K)->7K(128K)
[2024-08-23T18:49:25.098+0800] GC(126) Pause Young (Allocation Failure) 821M->390M(1389M) 2.289ms
[2024-08-23T18:49:25.098+0800] GC(126) User=0.00s Sys=0.00s Real=0.00s
[2024-08-23T18:49:27.931+0800] GC(127) Pause Young (Allocation Failure)
[2024-08-23T18:49:27.936+0800] GC(127) PSYoungGen: 449727K(556032K)->66560K(569856K) Eden: 419007K(420352K)->0K(438784K) From: 30720K(135680K)->66560K(131072K)
[2024-08-23T18:49:27.936+0800] GC(127) ParOldGen: 369425K(866304K)->369425K(866304K)
[2024-08-23T18:49:27.936+0800] GC(127) Metaspace: 308K(512K)->308K(512K) NonClass: 300K(384K)->300K(384K) Class: 7K(128K)->7K(128K)
[2024-08-23T18:49:27.936+0800] GC(127) Pause Young (Allocation Failure) 799M->425M(1402M) 5.163ms
[2024-08-23T18:49:27.936+0800] GC(127) User=0.00s Sys=0.00s Real=0.01s
[2024-08-23T18:49:30.773+0800] GC(128) Pause Young (Allocation Failure)
[2024-08-23T18:49:30.774+0800] GC(128) PSYoungGen: 500278K(569856K)->15360K(567808K) Eden: 433718K(438784K)->0K(438784K) From: 66560K(131072K)->15360K(129024K)
[2024-08-23T18:49:30.774+0800] GC(128) ParOldGen: 369425K(866304K)->369425K(866304K)
[2024-08-23T18:49:30.774+0800] GC(128) Metaspace: 308K(512K)->308K(512K) NonClass: 300K(384K)->300K(384K) Class: 7K(128K)->7K(128K)
[2024-08-23T18:49:30.774+0800] GC(128) Pause Young (Allocation Failure) 849M->375M(1400M) 1.546ms
[2024-08-23T18:49:30.774+0800] GC(128) User=0.00s Sys=0.00s Real=0.00s
[2024-08-23T18:49:33.287+0800] GC(129) Pause Young (Allocation Failure)
[2024-08-23T18:49:33.289+0800] GC(129) PSYoungGen: 450104K(567808K)->21504K(574464K) Eden: 434744K(438784K)->0K(446976K) From: 15360K(129024K)->21504K(127488K)
[2024-08-23T18:49:33.289+0800] GC(129) ParOldGen: 369425K(866304K)->374545K(866304K)
[2024-08-23T18:49:33.289+0800] GC(129) Metaspace: 308K(512K)->308K(512K) NonClass: 300K(384K)->300K(384K) Class: 7K(128K)->7K(128K)
[2024-08-23T18:49:33.289+0800] GC(129) Pause Young (Allocation Failure) 800M->386M(1407M) 2.173ms
[2024-08-23T18:49:33.289+0800] GC(129) User=0.00s Sys=0.00s Real=0.00s
[2024-08-23T18:49:36.782+0800] GC(130) Pause Young (Allocation Failure)
[2024-08-23T18:49:36.789+0800] GC(130) PSYoungGen: 404189K(574464K)->81920K(529408K) Eden: 382685K(446976K)->0K(446976K) From: 21504K(127488K)->81920K(82432K)
[2024-08-23T18:49:36.789+0800] GC(130) ParOldGen: 374545K(866304K)->425745K(866304K)
[2024-08-23T18:49:36.789+0800] GC(130) Metaspace: 308K(512K)->308K(512K) NonClass: 300K(384K)->300K(384K) Class: 7K(128K)->7K(128K)
[2024-08-23T18:49:36.789+0800] GC(130) Pause Young (Allocation Failure) 760M->495M(1363M) 6.783ms
[2024-08-23T18:49:36.789+0800] GC(130) User=0.00s Sys=0.00s Real=0.01s
[2024-08-23T18:49:39.637+0800] GC(131) Pause Young (Allocation Failure)
[2024-08-23T18:49:39.647+0800] GC(131) PSYoungGen: 486108K(529408K)->107520K(542208K) Eden: 404188K(446976K)->0K(412160K) From: 81920K(82432K)->107520K(130048K)
[2024-08-23T18:49:39.647+0800] GC(131) ParOldGen: 425745K(866304K)->476945K(866304K)
[2024-08-23T18:49:39.647+0800] GC(131) Metaspace: 308K(512K)->308K(512K) NonClass: 300K(384K)->300K(384K) Class: 7K(128K)->7K(128K)
[2024-08-23T18:49:39.647+0800] GC(131) Pause Young (Allocation Failure) 890M->570M(1375M) 10.125ms
[2024-08-23T18:49:39.647+0800] GC(131) User=0.00s Sys=0.00s Real=0.01s
[2024-08-23T18:49:42.384+0800] GC(132) Pause Young (Allocation Failure)
[2024-08-23T18:49:42.386+0800] GC(132) PSYoungGen: 488507K(542208K)->30720K(555520K) Eden: 380987K(412160K)->0K(412160K) From: 107520K(130048K)->30720K(143360K)
[2024-08-23T18:49:42.386+0800] GC(132) ParOldGen: 476945K(866304K)->476945K(866304K)
[2024-08-23T18:49:42.386+0800] GC(132) Metaspace: 308K(512K)->308K(512K) NonClass: 300K(384K)->300K(384K) Class: 7K(128K)->7K(128K)
[2024-08-23T18:49:42.386+0800] GC(132) Pause Young (Allocation Failure) 942M->495M(1388M) 2.569ms
[2024-08-23T18:49:42.386+0800] GC(132) User=0.00s Sys=0.00s Real=0.00s
[2024-08-23T18:49:44.786+0800] GC(133) Pause Young (Allocation Failure)
[2024-08-23T18:49:44.788+0800] GC(133) PSYoungGen: 442426K(555520K)->25600K(564224K) Eden: 411706K(412160K)->0K(425472K) From: 30720K(143360K)->25600K(138752K)
[2024-08-23T18:49:44.788+0800] GC(133) ParOldGen: 476945K(866304K)->487185K(866304K)
[2024-08-23T18:49:44.788+0800] GC(133) Metaspace: 308K(512K)->308K(512K) NonClass: 300K(384K)->300K(384K) Class: 7K(128K)->7K(128K)
[2024-08-23T18:49:44.788+0800] GC(133) Pause Young (Allocation Failure) 897M->500M(1397M) 2.895ms
[2024-08-23T18:49:44.788+0800] GC(133) User=0.00s Sys=0.00s Real=0.00s
[2024-08-23T18:49:48.177+0800] GC(134) Pause Young (Allocation Failure)
[2024-08-23T18:49:48.184+0800] GC(134) PSYoungGen: 418072K(564224K)->112640K(529408K) Eden: 392472K(425472K)->0K(416256K) From: 25600K(138752K)->112640K(113152K)
[2024-08-23T18:49:48.184+0800] GC(134) ParOldGen: 487185K(866304K)->487185K(866304K)
[2024-08-23T18:49:48.184+0800] GC(134) Metaspace: 308K(512K)->308K(512K) NonClass: 300K(384K)->300K(384K) Class: 7K(128K)->7K(128K)
[2024-08-23T18:49:48.184+0800] GC(134) Pause Young (Allocation Failure) 884M->585M(1363M) 6.805ms
[2024-08-23T18:49:48.184+0800] GC(134) User=0.00s Sys=0.00s Real=0.01s
[2024-08-23T18:49:51.037+0800] GC(135) Pause Young (Allocation Failure)
[2024-08-23T18:49:51.042+0800] GC(135) PSYoungGen: 473272K(529408K)->57344K(558080K) Eden: 360632K(416256K)->0K(408576K) From: 112640K(113152K)->57344K(149504K)
[2024-08-23T18:49:51.042+0800] GC(135) ParOldGen: 487185K(866304K)->487185K(866304K)
[2024-08-23T18:49:51.042+0800] GC(135) Metaspace: 308K(512K)->308K(512K) NonClass: 300K(384K)->300K(384K) Class: 7K(128K)->7K(128K)
[2024-08-23T18:49:51.042+0800] GC(135) Pause Young (Allocation Failure) 937M->531M(1391M) 4.539ms
[2024-08-23T18:49:51.042+0800] GC(135) User=0.00s Sys=0.00s Real=0.01s
[2024-08-23T18:49:53.779+0800] GC(136) Pause Young (Allocation Failure)
[2024-08-23T18:49:53.781+0800] GC(136) PSYoungGen: 436159K(558080K)->30720K(549376K) Eden: 378815K(408576K)->0K(408576K) From: 57344K(149504K)->30720K(140800K)
[2024-08-23T18:49:53.781+0800] GC(136) ParOldGen: 487185K(866304K)->487185K(866304K)
[2024-08-23T18:49:53.781+0800] GC(136) Metaspace: 308K(512K)->308K(512K) NonClass: 300K(384K)->300K(384K) Class: 7K(128K)->7K(128K)
[2024-08-23T18:49:53.781+0800] GC(136) Pause Young (Allocation Failure) 901M->505M(1382M) 2.591ms
[2024-08-23T18:49:53.781+0800] GC(136) User=0.00s Sys=0.00s Real=0.00s
[2024-08-23T18:49:56.069+0800] GC(137) Pause Young (Allocation Failure)
[2024-08-23T18:49:56.072+0800] GC(137) PSYoungGen: 435136K(549376K)->35840K(567296K) Eden: 404416K(408576K)->0K(430592K) From: 30720K(140800K)->35840K(136704K)
[2024-08-23T18:49:56.072+0800] GC(137) ParOldGen: 487185K(866304K)->497425K(866304K)
[2024-08-23T18:49:56.072+0800] GC(137) Metaspace: 308K(512K)->308K(512K) NonClass: 300K(384K)->300K(384K) Class: 7K(128K)->7K(128K)
[2024-08-23T18:49:56.072+0800] GC(137) Pause Young (Allocation Failure) 900M->520M(1400M) 3.331ms
[2024-08-23T18:49:56.072+0800] GC(137) User=0.00s Sys=0.00s Real=0.00s
[2024-08-23T18:49:59.449+0800] GC(138) Pause Young (Allocation Failure)
[2024-08-23T18:49:59.460+0800] GC(138) PSYoungGen: 428415K(567296K)->128000K(549376K) Eden: 392575K(430592K)->0K(420864K) From: 35840K(136704K)->128000K(128512K)
[2024-08-23T18:49:59.460+0800] GC(138) ParOldGen: 497425K(866304K)->502545K(866304K)
[2024-08-23T18:49:59.460+0800] GC(138) Metaspace: 308K(512K)->308K(512K) NonClass: 300K(384K)->300K(384K) Class: 7K(128K)->7K(128K)
[2024-08-23T18:49:59.460+0800] GC(138) Pause Young (Allocation Failure) 904M->615M(1382M) 10.635ms
[2024-08-23T18:49:59.460+0800] GC(138) User=0.00s Sys=0.00s Real=0.01s
[2024-08-23T18:50:02.737+0800] GC(139) Pause Young (Allocation Failure)
[2024-08-23T18:50:02.738+0800] GC(139) PSYoungGen: 543935K(549376K)->12288K(537600K) Eden: 415935K(420864K)->0K(397824K) From: 128000K(128512K)->12288K(139776K)
[2024-08-23T18:50:02.738+0800] GC(139) ParOldGen: 502545K(866304K)->502545K(866304K)
[2024-08-23T18:50:02.738+0800] GC(139) Metaspace: 308K(512K)->308K(512K) NonClass: 300K(384K)->300K(384K) Class: 7K(128K)->7K(128K)
[2024-08-23T18:50:02.738+0800] GC(139) Pause Young (Allocation Failure) 1021M->502M(1371M) 1.498ms
[2024-08-23T18:50:02.738+0800] GC(139) User=0.00s Sys=0.00s Real=0.00s
[2024-08-23T18:50:05.242+0800] GC(140) Pause Young (Allocation Failure)
[2024-08-23T18:50:05.246+0800] GC(140) PSYoungGen: 332535K(537600K)->71680K(548352K) Eden: 320247K(397824K)->0K(397824K) From: 12288K(139776K)->71680K(150528K)
[2024-08-23T18:50:05.246+0800] GC(140) ParOldGen: 502545K(866304K)->502545K(866304K)
[2024-08-23T18:50:05.246+0800] GC(140) Metaspace: 308K(512K)->308K(512K) NonClass: 300K(384K)->300K(384K) Class: 7K(128K)->7K(128K)
[2024-08-23T18:50:05.246+0800] GC(140) Pause Young (Allocation Failure) 815M->560M(1381M) 5.325ms
[2024-08-23T18:50:05.246+0800] GC(140) User=0.02s Sys=0.00s Real=0.00s
[2024-08-23T18:50:07.870+0800] GC(141) Pause Young (Allocation Failure)
[2024-08-23T18:50:07.876+0800] GC(141) PSYoungGen: 455426K(548352K)->71680K(555008K) Eden: 383746K(397824K)->0K(408064K) From: 71680K(150528K)->71680K(146944K)
[2024-08-23T18:50:07.876+0800] GC(141) ParOldGen: 502545K(866304K)->523025K(866304K)
[2024-08-23T18:50:07.876+0800] GC(141) Metaspace: 308K(512K)->308K(512K) NonClass: 300K(384K)->300K(384K) Class: 7K(128K)->7K(128K)
[2024-08-23T18:50:07.876+0800] GC(141) Pause Young (Allocation Failure) 935M->580M(1388M) 6.405ms
[2024-08-23T18:50:07.876+0800] GC(141) User=0.00s Sys=0.00s Real=0.01s
[2024-08-23T18:50:10.280+0800] GC(142) Pause Young (Allocation Failure)
[2024-08-23T18:50:10.280+0800] GC(142) PSYoungGen: 479183K(555008K)->11264K(551936K) Eden: 407503K(408064K)->0K(408064K) From: 71680K(146944K)->11264K(143872K)
[2024-08-23T18:50:10.280+0800] GC(142) ParOldGen: 523025K(866304K)->523025K(866304K)
[2024-08-23T18:50:10.280+0800] GC(142) Metaspace: 308K(512K)->308K(512K) NonClass: 300K(384K)->300K(384K) Class: 7K(128K)->7K(128K)
[2024-08-23T18:50:10.280+0800] GC(142) Pause Young (Allocation Failure) 978M->521M(1385M) 1.405ms
[2024-08-23T18:50:10.280+0800] GC(142) User=0.00s Sys=0.00s Real=0.00s
[2024-08-23T18:50:13.779+0800] GC(143) Pause Young (Allocation Failure)
[2024-08-23T18:50:13.784+0800] GC(143) PSYoungGen: 383951K(551936K)->66560K(559616K) Eden: 372687K(408064K)->0K(416256K) From: 11264K(143872K)->66560K(143360K)
[2024-08-23T18:50:13.784+0800] GC(143) ParOldGen: 523025K(866304K)->523025K(866304K)
[2024-08-23T18:50:13.784+0800] GC(143) Metaspace: 308K(512K)->308K(512K) NonClass: 300K(384K)->300K(384K) Class: 7K(128K)->7K(128K)
[2024-08-23T18:50:13.784+0800] GC(143) Pause Young (Allocation Failure) 885M->575M(1392M) 5.362ms
[2024-08-23T18:50:13.784+0800] GC(143) User=0.00s Sys=0.00s Real=0.00s
[2024-08-23T18:50:16.528+0800] GC(144) Pause Young (Allocation Failure)
[2024-08-23T18:50:16.530+0800] GC(144) PSYoungGen: 437474K(559616K)->20480K(555520K) Eden: 370914K(416256K)->0K(416256K) From: 66560K(143360K)->20480K(139264K)
[2024-08-23T18:50:16.530+0800] GC(144) ParOldGen: 523025K(866304K)->523025K(866304K)
[2024-08-23T18:50:16.530+0800] GC(144) Metaspace: 308K(512K)->308K(512K) NonClass: 300K(384K)->300K(384K) Class: 7K(128K)->7K(128K)
[2024-08-23T18:50:16.530+0800] GC(144) Pause Young (Allocation Failure) 937M->530M(1388M) 2.152ms
[2024-08-23T18:50:16.530+0800] GC(144) User=0.00s Sys=0.00s Real=0.00s
[2024-08-23T18:50:18.927+0800] GC(145) Pause Young (Allocation Failure)
[2024-08-23T18:50:18.939+0800] GC(145) PSYoungGen: 432332K(555520K)->66560K(565248K) Eden: 411852K(416256K)->0K(428544K) From: 20480K(139264K)->66560K(136704K)
[2024-08-23T18:50:18.939+0800] GC(145) ParOldGen: 523025K(866304K)->625425K(866304K)
[2024-08-23T18:50:18.939+0800] GC(145) Metaspace: 308K(512K)->308K(512K) NonClass: 300K(384K)->300K(384K) Class: 7K(128K)->7K(128K)
[2024-08-23T18:50:18.939+0800] GC(145) Pause Young (Allocation Failure) 932M->675M(1398M) 11.841ms
[2024-08-23T18:50:18.939+0800] GC(145) User=0.00s Sys=0.00s Real=0.01s
[2024-08-23T18:50:21.672+0800] GC(146) Pause Young (Allocation Failure)
[2024-08-23T18:50:21.672+0800] GC(146) PSYoungGen: 494926K(565248K)->11264K(562176K) Eden: 428366K(428544K)->0K(428544K) From: 66560K(136704K)->11264K(133632K)
[2024-08-23T18:50:21.672+0800] GC(146) ParOldGen: 625425K(866304K)->625425K(866304K)
[2024-08-23T18:50:21.672+0800] GC(146) Metaspace: 308K(512K)->308K(512K) NonClass: 300K(384K)->300K(384K) Class: 7K(128K)->7K(128K)
[2024-08-23T18:50:21.672+0800] GC(146) Pause Young (Allocation Failure) 1094M->621M(1395M) 1.260ms
[2024-08-23T18:50:21.672+0800] GC(146) User=0.00s Sys=0.00s Real=0.00s
[2024-08-23T18:50:25.173+0800] GC(147) Pause Young (Allocation Failure)
[2024-08-23T18:50:25.179+0800] GC(147) PSYoungGen: 393549K(562176K)->76800K(562176K) Eden: 382285K(428544K)->0K(429568K) From: 11264K(133632K)->76800K(132608K)
[2024-08-23T18:50:25.179+0800] GC(147) ParOldGen: 625425K(866304K)->625425K(866304K)
[2024-08-23T18:50:25.179+0800] GC(147) Metaspace: 308K(512K)->308K(512K) NonClass: 300K(384K)->300K(384K) Class: 7K(128K)->7K(128K)
[2024-08-23T18:50:25.179+0800] GC(147) Pause Young (Allocation Failure) 995M->685M(1395M) 5.560ms
[2024-08-23T18:50:25.179+0800] GC(147) User=0.00s Sys=0.00s Real=0.01s
[2024-08-23T18:50:28.028+0800] GC(148) Pause Young (Allocation Failure)
[2024-08-23T18:50:28.032+0800] GC(148) PSYoungGen: 480623K(562176K)->51200K(564224K) Eden: 403823K(429568K)->0K(429568K) From: 76800K(132608K)->51200K(134656K)
[2024-08-23T18:50:28.032+0800] GC(148) ParOldGen: 625425K(866304K)->625425K(866304K)
[2024-08-23T18:50:28.032+0800] GC(148) Metaspace: 308K(512K)->308K(512K) NonClass: 300K(384K)->300K(384K) Class: 7K(128K)->7K(128K)
[2024-08-23T18:50:28.032+0800] GC(148) Pause Young (Allocation Failure) 1080M->660M(1397M) 4.735ms
[2024-08-23T18:50:28.032+0800] GC(148) User=0.00s Sys=0.00s Real=0.00s
[2024-08-23T18:50:30.774+0800] GC(149) Pause Young (Allocation Failure)
[2024-08-23T18:50:30.783+0800] GC(149) PSYoungGen: 455024K(564224K)->123904K(533504K) Eden: 403824K(429568K)->0K(407040K) From: 51200K(134656K)->123904K(126464K)
[2024-08-23T18:50:30.783+0800] GC(149) ParOldGen: 625425K(866304K)->635665K(866304K)
[2024-08-23T18:50:30.783+0800] GC(149) Metaspace: 308K(512K)->308K(512K) NonClass: 300K(384K)->300K(384K) Class: 7K(128K)->7K(128K)
[2024-08-23T18:50:30.783+0800] GC(149) Pause Young (Allocation Failure) 1055M->741M(1367M) 9.767ms
[2024-08-23T18:50:30.783+0800] GC(149) User=0.00s Sys=0.00s Real=0.01s
[2024-08-23T18:50:33.410+0800] GC(150) Pause Young (Allocation Failure)
[2024-08-23T18:50:33.411+0800] GC(150) PSYoungGen: 523191K(533504K)->25600K(552960K) Eden: 399287K(407040K)->0K(407040K) From: 123904K(126464K)->25600K(145920K)
[2024-08-23T18:50:33.411+0800] GC(150) ParOldGen: 635665K(866304K)->635665K(866304K)
[2024-08-23T18:50:33.412+0800] GC(150) Metaspace: 308K(512K)->308K(512K) NonClass: 300K(384K)->300K(384K) Class: 7K(128K)->7K(128K)
[2024-08-23T18:50:33.412+0800] GC(150) Pause Young (Allocation Failure) 1131M->645M(1386M) 2.041ms
[2024-08-23T18:50:33.412+0800] GC(150) User=0.00s Sys=0.00s Real=0.00s
[2024-08-23T18:50:36.577+0800] GC(151) Pause Young (Allocation Failure)
[2024-08-23T18:50:36.583+0800] GC(151) PSYoungGen: 402367K(552960K)->107520K(535552K) Eden: 376766K(407040K)->0K(392704K) From: 25600K(145920K)->107520K(142848K)
[2024-08-23T18:50:36.583+0800] GC(151) ParOldGen: 635665K(866304K)->635665K(866304K)
[2024-08-23T18:50:36.583+0800] GC(151) Metaspace: 308K(512K)->308K(512K) NonClass: 300K(384K)->300K(384K) Class: 7K(128K)->7K(128K)
[2024-08-23T18:50:36.583+0800] GC(151) Pause Young (Allocation Failure) 1013M->725M(1369M) 5.957ms
[2024-08-23T18:50:36.583+0800] GC(151) User=0.00s Sys=0.00s Real=0.01s
[2024-08-23T18:50:39.438+0800] GC(152) Pause Young (Allocation Failure)
[2024-08-23T18:50:39.440+0800] GC(152) PSYoungGen: 465566K(535552K)->5120K(398336K) Eden: 358046K(392704K)->0K(392704K) From: 107520K(142848K)->5120K(5632K)
[2024-08-23T18:50:39.440+0800] GC(152) ParOldGen: 635665K(866304K)->635665K(866304K)
[2024-08-23T18:50:39.440+0800] GC(152) Metaspace: 308K(512K)->308K(512K) NonClass: 300K(384K)->300K(384K) Class: 7K(128K)->7K(128K)
[2024-08-23T18:50:39.440+0800] GC(152) Pause Young (Allocation Failure) 1075M->625M(1235M) 1.919ms
[2024-08-23T18:50:39.440+0800] GC(152) User=0.00s Sys=0.00s Real=0.00s
[2024-08-23T18:50:42.058+0800] GC(153) Pause Young (Allocation Failure)
[2024-08-23T18:50:42.060+0800] GC(153) PSYoungGen: 388767K(398336K)->27648K(550400K) Eden: 383647K(392704K)->0K(396800K) From: 5120K(5632K)->27648K(153600K)
[2024-08-23T18:50:42.060+0800] GC(153) ParOldGen: 635665K(866304K)->635665K(866304K)
[2024-08-23T18:50:42.060+0800] GC(153) Metaspace: 308K(512K)->308K(512K) NonClass: 300K(384K)->300K(384K) Class: 7K(128K)->7K(128K)
[2024-08-23T18:50:42.060+0800] GC(153) Pause Young (Allocation Failure) 1000M->647M(1383M) 2.145ms
[2024-08-23T18:50:42.060+0800] GC(153) User=0.00s Sys=0.00s Real=0.00s
[2024-08-23T18:50:44.353+0800] GC(154) Pause Young (Allocation Failure)
[2024-08-23T18:50:44.355+0800] GC(154) PSYoungGen: 421617K(550400K)->20480K(545280K) Eden: 393969K(396800K)->0K(396800K) From: 27648K(153600K)->20480K(148480K)
[2024-08-23T18:50:44.355+0800] GC(154) ParOldGen: 635665K(866304K)->635665K(866304K)
[2024-08-23T18:50:44.355+0800] GC(154) Metaspace: 308K(512K)->308K(512K) NonClass: 300K(384K)->300K(384K) Class: 7K(128K)->7K(128K)
[2024-08-23T18:50:44.355+0800] GC(154) Pause Young (Allocation Failure) 1032M->640M(1378M) 1.829ms
[2024-08-23T18:50:44.355+0800] GC(154) User=0.00s Sys=0.00s Real=0.00s
[2024-08-23T18:50:47.740+0800] GC(155) Pause Young (Allocation Failure)
[2024-08-23T18:50:47.741+0800] GC(155) PSYoungGen: 397041K(545280K)->15360K(558592K) Eden: 376561K(396800K)->0K(414208K) From: 20480K(148480K)->15360K(144384K)
[2024-08-23T18:50:47.742+0800] GC(155) ParOldGen: 635665K(866304K)->635665K(866304K)
[2024-08-23T18:50:47.742+0800] GC(155) Metaspace: 308K(512K)->308K(512K) NonClass: 300K(384K)->300K(384K) Class: 7K(128K)->7K(128K)
[2024-08-23T18:50:47.742+0800] GC(155) Pause Young (Allocation Failure) 1008M->635M(1391M) 1.903ms
[2024-08-23T18:50:47.742+0800] GC(155) User=0.00s Sys=0.00s Real=0.00s
[2024-08-23T18:50:49.816+0800] GC(156) Pause Young (Allocation Failure)
[2024-08-23T18:50:49.824+0800] GC(156) PSYoungGen: 427160K(558592K)->113664K(519168K) Eden: 411800K(414208K)->0K(404992K) From: 15360K(144384K)->113664K(114176K)
[2024-08-23T18:50:49.824+0800] GC(156) ParOldGen: 635665K(866304K)->640785K(866304K)
[2024-08-23T18:50:49.824+0800] GC(156) Metaspace: 308K(512K)->308K(512K) NonClass: 300K(384K)->300K(384K) Class: 7K(128K)->7K(128K)
[2024-08-23T18:50:49.824+0800] GC(156) Pause Young (Allocation Failure) 1037M->736M(1353M) 8.986ms
[2024-08-23T18:50:49.824+0800] GC(156) User=0.00s Sys=0.00s Real=0.01s
[2024-08-23T18:50:53.644+0800] GC(157) Pause Young (Allocation Failure)
[2024-08-23T18:50:53.649+0800] GC(157) PSYoungGen: 492427K(519168K)->77824K(543744K) Eden: 378763K(404992K)->0K(387584K) From: 113664K(114176K)->77824K(156160K)
[2024-08-23T18:50:53.649+0800] GC(157) ParOldGen: 640785K(866304K)->640785K(866304K)
[2024-08-23T18:50:53.649+0800] GC(157) Metaspace: 308K(512K)->308K(512K) NonClass: 300K(384K)->300K(384K) Class: 7K(128K)->7K(128K)
[2024-08-23T18:50:53.649+0800] GC(157) Pause Young (Allocation Failure) 1106M->701M(1377M) 6.251ms
[2024-08-23T18:50:53.649+0800] GC(157) User=0.00s Sys=0.00s Real=0.00s
[2024-08-23T18:50:56.387+0800] GC(158) Pause Young (Allocation Failure)
[2024-08-23T18:50:56.390+0800] GC(158) PSYoungGen: 451114K(543744K)->46080K(542720K) Eden: 373290K(387584K)->0K(387584K) From: 77824K(156160K)->46080K(155136K)
[2024-08-23T18:50:56.390+0800] GC(158) ParOldGen: 640785K(866304K)->640785K(866304K)
[2024-08-23T18:50:56.390+0800] GC(158) Metaspace: 308K(512K)->308K(512K) NonClass: 300K(384K)->300K(384K) Class: 7K(128K)->7K(128K)
[2024-08-23T18:50:56.390+0800] GC(158) Pause Young (Allocation Failure) 1066M->670M(1376M) 3.286ms
[2024-08-23T18:50:56.390+0800] GC(158) User=0.00s Sys=0.00s Real=0.00s
[2024-08-23T18:50:58.689+0800] GC(159) Pause Young (Allocation Failure)
[2024-08-23T18:50:58.691+0800] GC(159) PSYoungGen: 432688K(542720K)->5120K(552960K) Eden: 386608K(387584K)->0K(406528K) From: 46080K(155136K)->5120K(146432K)
[2024-08-23T18:50:58.691+0800] GC(159) ParOldGen: 640785K(866304K)->640785K(866304K)
[2024-08-23T18:50:58.691+0800] GC(159) Metaspace: 308K(512K)->308K(512K) NonClass: 300K(384K)->300K(384K) Class: 7K(128K)->7K(128K)
[2024-08-23T18:50:58.691+0800] GC(159) Pause Young (Allocation Failure) 1048M->630M(1386M) 1.897ms
[2024-08-23T18:50:58.691+0800] GC(159) User=0.00s Sys=0.00s Real=0.00s
[2024-08-23T18:51:00.768+0800] GC(160) Pause Young (Allocation Failure)
[2024-08-23T18:51:00.773+0800] GC(160) PSYoungGen: 335790K(552960K)->62464K(552448K) Eden: 330670K(406528K)->0K(406528K) From: 5120K(146432K)->62464K(145920K)
[2024-08-23T18:51:00.773+0800] GC(160) ParOldGen: 640785K(866304K)->640785K(866304K)
[2024-08-23T18:51:00.773+0800] GC(160) Metaspace: 308K(512K)->308K(512K) NonClass: 300K(384K)->300K(384K) Class: 7K(128K)->7K(128K)
[2024-08-23T18:51:00.773+0800] GC(160) Pause Young (Allocation Failure) 953M->686M(1385M) 5.047ms
[2024-08-23T18:51:00.773+0800] GC(160) User=0.00s Sys=0.00s Real=0.01s
[2024-08-23T18:51:04.610+0800] GC(161) Pause Young (Allocation Failure)
[2024-08-23T18:51:04.611+0800] GC(161) PSYoungGen: 467886K(552448K)->25600K(562688K) Eden: 405422K(406528K)->0K(421888K) From: 62464K(145920K)->25600K(140800K)
[2024-08-23T18:51:04.611+0800] GC(161) ParOldGen: 640785K(866304K)->640785K(866304K)
[2024-08-23T18:51:04.611+0800] GC(161) Metaspace: 308K(512K)->308K(512K) NonClass: 300K(384K)->300K(384K) Class: 7K(128K)->7K(128K)
[2024-08-23T18:51:04.611+0800] GC(161) Pause Young (Allocation Failure) 1082M->650M(1395M) 2.207ms
[2024-08-23T18:51:04.611+0800] GC(161) User=0.00s Sys=0.00s Real=0.00s
[2024-08-23T18:51:07.450+0800] GC(162) Pause Young (Allocation Failure)
[2024-08-23T18:51:07.455+0800] GC(162) PSYoungGen: 444641K(562688K)->61440K(558080K) Eden: 419041K(421888K)->0K(421888K) From: 25600K(140800K)->61440K(136192K)
[2024-08-23T18:51:07.455+0800] GC(162) ParOldGen: 640785K(866304K)->640785K(866304K)
[2024-08-23T18:51:07.455+0800] GC(162) Metaspace: 308K(512K)->308K(512K) NonClass: 300K(384K)->300K(384K) Class: 7K(128K)->7K(128K)
[2024-08-23T18:51:07.455+0800] GC(162) Pause Young (Allocation Failure) 1059M->685M(1391M) 5.211ms
[2024-08-23T18:51:07.455+0800] GC(162) User=0.00s Sys=0.00s Real=0.00s
[2024-08-23T18:51:09.307+0800] GC(163) Pause Young (Allocation Failure)
[2024-08-23T18:51:09.320+0800] GC(163) PSYoungGen: 382175K(558080K)->56320K(572416K) Eden: 320735K(421888K)->0K(439808K) From: 61440K(136192K)->56320K(132608K)
[2024-08-23T18:51:09.320+0800] GC(163) ParOldGen: 640785K(866304K)->799505K(866304K)
[2024-08-23T18:51:09.320+0800] GC(163) Metaspace: 308K(512K)->308K(512K) NonClass: 300K(384K)->300K(384K) Class: 7K(128K)->7K(128K)
[2024-08-23T18:51:09.320+0800] GC(163) Pause Young (Allocation Failure) 998M->835M(1405M) 13.243ms
[2024-08-23T18:51:09.320+0800] GC(163) User=0.00s Sys=0.00s Real=0.01s
[2024-08-23T18:51:09.320+0800] GC(164) Pause Full (Ergonomics)
[2024-08-23T18:51:09.320+0800] GC(164) Marking Phase
[2024-08-23T18:51:09.321+0800] GC(164) Marking Phase 0.771ms
[2024-08-23T18:51:09.321+0800] GC(164) Summary Phase
[2024-08-23T18:51:09.321+0800] GC(164) Summary Phase 0.017ms
[2024-08-23T18:51:09.321+0800] GC(164) Adjust Roots
[2024-08-23T18:51:09.321+0800] GC(164) Adjust Roots 0.227ms
[2024-08-23T18:51:09.321+0800] GC(164) Compaction Phase
[2024-08-23T18:51:09.335+0800] GC(164) Compaction Phase 13.706ms
[2024-08-23T18:51:09.335+0800] GC(164) Post Compact
[2024-08-23T18:51:09.336+0800] GC(164) Post Compact 1.074ms
[2024-08-23T18:51:09.338+0800] GC(164) PSYoungGen: 56320K(572416K)->0K(566272K) Eden: 0K(439808K)->0K(439808K) From: 56320K(132608K)->0K(126464K)
[2024-08-23T18:51:09.338+0800] GC(164) ParOldGen: 799505K(866304K)->215809K(829952K)
[2024-08-23T18:51:09.338+0800] GC(164) Metaspace: 308K(512K)->308K(512K) NonClass: 300K(384K)->300K(384K) Class: 7K(128K)->7K(128K)
[2024-08-23T18:51:09.338+0800] GC(164) Pause Full (Ergonomics) 835M->210M(1363M) 17.793ms
[2024-08-23T18:51:09.338+0800] GC(164) User=0.00s Sys=0.00s Real=0.02s
[2024-08-23T18:51:12.178+0800] GC(165) Pause Young (Allocation Failure)
[2024-08-23T18:51:12.183+0800] GC(165) PSYoungGen: 433739K(566272K)->67584K(573440K) Eden: 433739K(439808K)->0K(446976K) From: 0K(126464K)->67584K(126464K)
[2024-08-23T18:51:12.183+0800] GC(165) ParOldGen: 215809K(829952K)->215809K(829952K)
[2024-08-23T18:51:12.183+0800] GC(165) Metaspace: 308K(512K)->308K(512K) NonClass: 300K(384K)->300K(384K) Class: 7K(128K)->7K(128K)
[2024-08-23T18:51:12.183+0800] GC(165) Pause Young (Allocation Failure) 634M->276M(1370M) 5.179ms
[2024-08-23T18:51:12.183+0800] GC(165) User=0.00s Sys=0.00s Real=0.01s
[2024-08-23T18:51:16.236+0800] GC(166) Pause Young (Allocation Failure)
[2024-08-23T18:51:16.239+0800] GC(166) PSYoungGen: 502433K(573440K)->40960K(572416K) Eden: 434849K(446976K)->0K(446976K) From: 67584K(126464K)->40960K(125440K)
[2024-08-23T18:51:16.239+0800] GC(166) ParOldGen: 215809K(829952K)->215809K(829952K)
[2024-08-23T18:51:16.239+0800] GC(166) Metaspace: 308K(512K)->308K(512K) NonClass: 300K(384K)->300K(384K) Class: 7K(128K)->7K(128K)
[2024-08-23T18:51:16.239+0800] GC(166) Pause Young (Allocation Failure) 701M->250M(1369M) 3.024ms
[2024-08-23T18:51:16.239+0800] GC(166) User=0.00s Sys=0.00s Real=0.00s
[2024-08-23T18:51:19.181+0800] GC(167) Pause Young (Allocation Failure)
[2024-08-23T18:51:19.189+0800] GC(167) PSYoungGen: 465590K(572416K)->107520K(550400K) Eden: 424630K(446976K)->0K(430592K) From: 40960K(125440K)->107520K(119808K)
[2024-08-23T18:51:19.189+0800] GC(167) ParOldGen: 215809K(829952K)->236289K(829952K)
[2024-08-23T18:51:19.189+0800] GC(167) Metaspace: 308K(512K)->308K(512K) NonClass: 301K(384K)->301K(384K) Class: 7K(128K)->7K(128K)
[2024-08-23T18:51:19.189+0800] GC(167) Pause Young (Allocation Failure) 665M->335M(1348M) 9.255ms
[2024-08-23T18:51:19.189+0800] GC(167) User=0.00s Sys=0.00s Real=0.01s
[2024-08-23T18:51:22.037+0800] GC(168) Pause Young (Allocation Failure)
[2024-08-23T18:51:22.039+0800] GC(168) PSYoungGen: 536957K(550400K)->30720K(564736K) Eden: 429437K(430592K)->0K(430592K) From: 107520K(119808K)->30720K(134144K)
[2024-08-23T18:51:22.039+0800] GC(168) ParOldGen: 236289K(829952K)->236289K(829952K)
[2024-08-23T18:51:22.039+0800] GC(168) Metaspace: 308K(512K)->308K(512K) NonClass: 301K(384K)->301K(384K) Class: 7K(128K)->7K(128K)
[2024-08-23T18:51:22.039+0800] GC(168) Pause Young (Allocation Failure) 755M->260M(1362M) 2.405ms
[2024-08-23T18:51:22.039+0800] GC(168) User=0.00s Sys=0.00s Real=0.00s
[2024-08-23T18:51:24.656+0800] GC(169) Pause Young (Allocation Failure)
[2024-08-23T18:51:24.658+0800] GC(169) PSYoungGen: 455048K(564736K)->30752K(571904K) Eden: 424328K(430592K)->0K(441344K) From: 30720K(134144K)->30752K(130560K)
[2024-08-23T18:51:24.658+0800] GC(169) ParOldGen: 236289K(829952K)->246529K(829952K)
[2024-08-23T18:51:24.658+0800] GC(169) Metaspace: 308K(512K)->308K(512K) NonClass: 301K(384K)->301K(384K) Class: 7K(128K)->7K(128K)
[2024-08-23T18:51:24.658+0800] GC(169) Pause Young (Allocation Failure) 675M->270M(1369M) 2.735ms
[2024-08-23T18:51:24.658+0800] GC(169) User=0.00s Sys=0.00s Real=0.00s
[2024-08-23T18:51:27.821+0800] GC(170) Pause Young (Allocation Failure)
[2024-08-23T18:51:27.827+0800] GC(170) PSYoungGen: 408198K(571904K)->112640K(544256K) Eden: 377446K(441344K)->0K(431104K) From: 30752K(130560K)->112640K(113152K)
[2024-08-23T18:51:27.827+0800] GC(170) ParOldGen: 246529K(829952K)->246537K(829952K)
[2024-08-23T18:51:27.827+0800] GC(170) Metaspace: 308K(512K)->308K(512K) NonClass: 301K(384K)->301K(384K) Class: 7K(128K)->7K(128K)
[2024-08-23T18:51:27.827+0800] GC(170) Pause Young (Allocation Failure) 639M->350M(1342M) 6.811ms
[2024-08-23T18:51:27.827+0800] GC(170) User=0.00s Sys=0.00s Real=0.01s
[2024-08-23T18:51:30.677+0800] GC(171) Pause Young (Allocation Failure)
[2024-08-23T18:51:30.682+0800] GC(171) PSYoungGen: 470428K(544256K)->57344K(565248K) Eden: 357788K(431104K)->0K(422912K) From: 112640K(113152K)->57344K(142336K)
[2024-08-23T18:51:30.682+0800] GC(171) ParOldGen: 246537K(829952K)->246537K(829952K)
[2024-08-23T18:51:30.682+0800] GC(171) Metaspace: 308K(512K)->308K(512K) NonClass: 301K(384K)->301K(384K) Class: 7K(128K)->7K(128K)
[2024-08-23T18:51:30.682+0800] GC(171) Pause Young (Allocation Failure) 700M->296M(1362M) 4.541ms
[2024-08-23T18:51:30.682+0800] GC(171) User=0.00s Sys=0.00s Real=0.00s
[2024-08-23T18:51:33.408+0800] GC(172) Pause Young (Allocation Failure)
[2024-08-23T18:51:33.410+0800] GC(172) PSYoungGen: 435443K(565248K)->30720K(556544K) Eden: 378099K(422912K)->0K(422912K) From: 57344K(142336K)->30720K(133632K)
[2024-08-23T18:51:33.410+0800] GC(172) ParOldGen: 246537K(829952K)->246537K(829952K)
[2024-08-23T18:51:33.410+0800] GC(172) Metaspace: 308K(512K)->308K(512K) NonClass: 301K(384K)->301K(384K) Class: 7K(128K)->7K(128K)
[2024-08-23T18:51:33.410+0800] GC(172) Pause Young (Allocation Failure) 665M->270M(1354M) 2.419ms
[2024-08-23T18:51:33.410+0800] GC(172) User=0.00s Sys=0.00s Real=0.00s
[2024-08-23T18:51:35.919+0800] GC(173) Pause Young (Allocation Failure)
[2024-08-23T18:51:35.922+0800] GC(173) PSYoungGen: 444665K(556544K)->35840K(572416K) Eden: 413945K(422912K)->0K(441856K) From: 30720K(133632K)->35840K(130560K)
[2024-08-23T18:51:35.922+0800] GC(173) ParOldGen: 246537K(829952K)->256777K(829952K)
[2024-08-23T18:51:35.922+0800] GC(173) Metaspace: 308K(512K)->308K(512K) NonClass: 301K(384K)->301K(384K) Class: 7K(128K)->7K(128K)
[2024-08-23T18:51:35.922+0800] GC(173) Pause Young (Allocation Failure) 675M->285M(1369M) 3.394ms
[2024-08-23T18:51:35.922+0800] GC(173) User=0.00s Sys=0.00s Real=0.00s
[2024-08-23T18:51:39.194+0800] GC(174) Pause Young (Allocation Failure)
[2024-08-23T18:51:39.204+0800] GC(174) PSYoungGen: 469624K(572416K)->61440K(568320K) Eden: 433784K(441856K)->0K(441856K) From: 35840K(130560K)->61440K(126464K)
[2024-08-23T18:51:39.204+0800] GC(174) ParOldGen: 256777K(829952K)->359177K(829952K)
[2024-08-23T18:51:39.204+0800] GC(174) Metaspace: 308K(512K)->308K(512K) NonClass: 301K(384K)->301K(384K) Class: 7K(128K)->7K(128K)
[2024-08-23T18:51:39.204+0800] GC(174) Pause Young (Allocation Failure) 709M->410M(1365M) 10.669ms
[2024-08-23T18:51:39.204+0800] GC(174) User=0.02s Sys=0.00s Real=0.01s
[2024-08-23T18:51:43.367+0800] GC(175) Pause Young (Allocation Failure)
[2024-08-23T18:51:43.370+0800] GC(175) PSYoungGen: 498296K(568320K)->47104K(582144K) Eden: 436856K(441856K)->0K(459776K) From: 61440K(126464K)->47104K(122368K)
[2024-08-23T18:51:43.370+0800] GC(175) ParOldGen: 359177K(829952K)->359177K(829952K)
[2024-08-23T18:51:43.370+0800] GC(175) Metaspace: 308K(512K)->308K(512K) NonClass: 301K(384K)->301K(384K) Class: 7K(128K)->7K(128K)
[2024-08-23T18:51:43.370+0800] GC(175) Pause Young (Allocation Failure) 837M->396M(1379M) 3.279ms
[2024-08-23T18:51:43.370+0800] GC(175) User=0.00s Sys=0.00s Real=0.00s
[2024-08-23T18:51:46.204+0800] GC(176) Pause Young (Allocation Failure)
[2024-08-23T18:51:46.207+0800] GC(176) PSYoungGen: 472022K(582144K)->46080K(576512K) Eden: 424918K(459776K)->0K(459776K) From: 47104K(122368K)->46080K(116736K)
[2024-08-23T18:51:46.207+0800] GC(176) ParOldGen: 359177K(829952K)->359177K(829952K)
[2024-08-23T18:51:46.207+0800] GC(176) Metaspace: 308K(512K)->308K(512K) NonClass: 301K(384K)->301K(384K) Class: 7K(128K)->7K(128K)
[2024-08-23T18:51:46.207+0800] GC(176) Pause Young (Allocation Failure) 811M->395M(1373M) 3.847ms
[2024-08-23T18:51:46.207+0800] GC(176) User=0.00s Sys=0.00s Real=0.00s
[2024-08-23T18:51:49.054+0800] GC(177) Pause Young (Allocation Failure)
[2024-08-23T18:51:49.055+0800] GC(177) PSYoungGen: 485334K(576512K)->25600K(588800K) Eden: 439254K(459776K)->0K(477184K) From: 46080K(116736K)->25600K(111616K)
[2024-08-23T18:51:49.055+0800] GC(177) ParOldGen: 359177K(829952K)->359177K(829952K)
[2024-08-23T18:51:49.055+0800] GC(177) Metaspace: 308K(512K)->308K(512K) NonClass: 301K(384K)->301K(384K) Class: 7K(128K)->7K(128K)
[2024-08-23T18:51:49.055+0800] GC(177) Pause Young (Allocation Failure) 824M->375M(1385M) 2.183ms
[2024-08-23T18:51:49.055+0800] GC(177) User=0.00s Sys=0.00s Real=0.00s
[2024-08-23T18:51:53.205+0800] GC(178) Pause Young (Allocation Failure)
[2024-08-23T18:51:53.206+0800] GC(178) PSYoungGen: 502066K(588800K)->25600K(587264K) Eden: 476466K(477184K)->0K(477184K) From: 25600K(111616K)->25600K(110080K)
[2024-08-23T18:51:53.206+0800] GC(178) ParOldGen: 359177K(829952K)->359177K(829952K)
[2024-08-23T18:51:53.206+0800] GC(178) Metaspace: 308K(512K)->308K(512K) NonClass: 301K(384K)->301K(384K) Class: 7K(128K)->7K(128K)
[2024-08-23T18:51:53.206+0800] GC(178) Pause Young (Allocation Failure) 841M->375M(1384M) 1.680ms
[2024-08-23T18:51:53.206+0800] GC(178) User=0.00s Sys=0.00s Real=0.00s
[2024-08-23T18:51:56.155+0800] GC(179) Pause Young (Allocation Failure)
[2024-08-23T18:51:56.157+0800] GC(179) PSYoungGen: 465193K(587264K)->20480K(591872K) Eden: 439593K(477184K)->0K(483840K) From: 25600K(110080K)->20480K(108032K)
[2024-08-23T18:51:56.157+0800] GC(179) ParOldGen: 359177K(829952K)->359177K(829952K)
[2024-08-23T18:51:56.157+0800] GC(179) Metaspace: 308K(512K)->308K(512K) NonClass: 301K(384K)->301K(384K) Class: 7K(128K)->7K(128K)
[2024-08-23T18:51:56.157+0800] GC(179) Pause Young (Allocation Failure) 805M->370M(1388M) 2.025ms
[2024-08-23T18:51:56.157+0800] GC(179) User=0.00s Sys=0.00s Real=0.00s
[2024-08-23T18:51:58.992+0800] GC(180) Pause Young (Allocation Failure)
[2024-08-23T18:51:59.005+0800] GC(180) PSYoungGen: 475574K(591872K)->81920K(554496K) Eden: 455094K(483840K)->0K(472064K) From: 20480K(108032K)->81920K(82432K)
[2024-08-23T18:51:59.005+0800] GC(180) ParOldGen: 359177K(829952K)->461577K(829952K)
[2024-08-23T18:51:59.005+0800] GC(180) Metaspace: 308K(512K)->308K(512K) NonClass: 301K(384K)->301K(384K) Class: 7K(128K)->7K(128K)
[2024-08-23T18:51:59.005+0800] GC(180) Pause Young (Allocation Failure) 815M->530M(1352M) 12.062ms
[2024-08-23T18:51:59.005+0800] GC(180) User=0.00s Sys=0.00s Real=0.01s
[2024-08-23T18:52:01.840+0800] GC(181) Pause Young (Allocation Failure)
[2024-08-23T18:52:01.842+0800] GC(181) PSYoungGen: 516304K(554496K)->36928K(589312K) Eden: 434384K(472064K)->0K(475136K) From: 81920K(82432K)->36928K(114176K)
[2024-08-23T18:52:01.842+0800] GC(181) ParOldGen: 461577K(829952K)->461577K(829952K)
[2024-08-23T18:52:01.842+0800] GC(181) Metaspace: 308K(512K)->308K(512K) NonClass: 301K(384K)->301K(384K) Class: 7K(128K)->7K(128K)
[2024-08-23T18:52:01.842+0800] GC(181) Pause Young (Allocation Failure) 954M->486M(1386M) 2.741ms
[2024-08-23T18:52:01.842+0800] GC(181) User=0.00s Sys=0.00s Real=0.00s
[2024-08-23T18:52:05.767+0800] GC(182) Pause Young (Allocation Failure)
[2024-08-23T18:52:05.769+0800] GC(182) PSYoungGen: 502098K(589312K)->35840K(584704K) Eden: 465170K(475136K)->0K(475136K) From: 36928K(114176K)->35840K(109568K)
[2024-08-23T18:52:05.769+0800] GC(182) ParOldGen: 461577K(829952K)->461593K(829952K)
[2024-08-23T18:52:05.769+0800] GC(182) Metaspace: 308K(512K)->308K(512K) NonClass: 301K(384K)->301K(384K) Class: 7K(128K)->7K(128K)
[2024-08-23T18:52:05.769+0800] GC(182) Pause Young (Allocation Failure) 941M->485M(1381M) 2.816ms
[2024-08-23T18:52:05.769+0800] GC(182) User=0.00s Sys=0.00s Real=0.00s
[2024-08-23T18:52:08.929+0800] GC(183) Pause Young (Allocation Failure)
[2024-08-23T18:52:08.938+0800] GC(183) PSYoungGen: 480525K(584704K)->25600K(595968K) Eden: 444685K(475136K)->0K(490496K) From: 35840K(109568K)->25600K(105472K)
[2024-08-23T18:52:08.938+0800] GC(183) ParOldGen: 461593K(829952K)->563993K(829952K)
[2024-08-23T18:52:08.938+0800] GC(183) Metaspace: 308K(512K)->308K(512K) NonClass: 301K(384K)->301K(384K) Class: 7K(128K)->7K(128K)
[2024-08-23T18:52:08.938+0800] GC(183) Pause Young (Allocation Failure) 920M->575M(1392M) 9.595ms
[2024-08-23T18:52:08.938+0800] GC(183) User=0.00s Sys=0.00s Real=0.01s
[2024-08-23T18:52:11.896+0800] GC(184) Pause Young (Allocation Failure)
[2024-08-23T18:52:11.902+0800] GC(184) PSYoungGen: 506436K(595968K)->61440K(593408K) Eden: 480836K(490496K)->0K(490496K) From: 25600K(105472K)->61440K(102912K)
[2024-08-23T18:52:11.902+0800] GC(184) ParOldGen: 563993K(829952K)->563993K(829952K)
[2024-08-23T18:52:11.902+0800] GC(184) Metaspace: 308K(512K)->308K(512K) NonClass: 301K(384K)->301K(384K) Class: 7K(128K)->7K(128K)
[2024-08-23T18:52:11.902+0800] GC(184) Pause Young (Allocation Failure) 1045M->610M(1390M) 5.449ms
[2024-08-23T18:52:11.902+0800] GC(184) User=0.00s Sys=0.00s Real=0.01s
[2024-08-23T18:52:16.061+0800] GC(185) Pause Young (Allocation Failure)
[2024-08-23T18:52:16.063+0800] GC(185) PSYoungGen: 532037K(593408K)->25600K(597504K) Eden: 470597K(490496K)->0K(494080K) From: 61440K(102912K)->25600K(103424K)
[2024-08-23T18:52:16.063+0800] GC(185) ParOldGen: 563993K(829952K)->563993K(829952K)
[2024-08-23T18:52:16.063+0800] GC(185) Metaspace: 308K(512K)->308K(512K) NonClass: 301K(384K)->301K(384K) Class: 7K(128K)->7K(128K)
[2024-08-23T18:52:16.063+0800] GC(185) Pause Young (Allocation Failure) 1070M->575M(1394M) 2.314ms
[2024-08-23T18:52:16.063+0800] GC(185) User=0.00s Sys=0.00s Real=0.00s
[2024-08-23T18:52:19.006+0800] GC(186) Pause Young (Allocation Failure)
[2024-08-23T18:52:19.007+0800] GC(186) PSYoungGen: 434829K(597504K)->5120K(595456K) Eden: 409229K(494080K)->0K(494080K) From: 25600K(103424K)->5120K(101376K)
[2024-08-23T18:52:19.007+0800] GC(186) ParOldGen: 563993K(829952K)->563993K(829952K)
[2024-08-23T18:52:19.007+0800] GC(186) Metaspace: 308K(512K)->308K(512K) NonClass: 301K(384K)->301K(384K) Class: 7K(128K)->7K(128K)
[2024-08-23T18:52:19.007+0800] GC(186) Pause Young (Allocation Failure) 975M->555M(1392M) 1.018ms
[2024-08-23T18:52:19.007+0800] GC(186) User=0.00s Sys=0.00s Real=0.00s
[2024-08-23T18:52:21.843+0800] GC(187) Pause Young (Allocation Failure)
[2024-08-23T18:52:21.848+0800] GC(187) PSYoungGen: 460428K(595456K)->68608K(587776K) Eden: 455308K(494080K)->0K(485888K) From: 5120K(101376K)->68608K(101888K)
[2024-08-23T18:52:21.848+0800] GC(187) ParOldGen: 563993K(829952K)->563993K(829952K)
[2024-08-23T18:52:21.848+0800] GC(187) Metaspace: 308K(512K)->308K(512K) NonClass: 301K(384K)->301K(384K) Class: 7K(128K)->7K(128K)
[2024-08-23T18:52:21.848+0800] GC(187) Pause Young (Allocation Failure) 1000M->617M(1384M) 5.038ms
[2024-08-23T18:52:21.848+0800] GC(187) User=0.00s Sys=0.00s Real=0.01s
[2024-08-23T18:52:24.699+0800] GC(188) Pause Young (Allocation Failure)
[2024-08-23T18:52:24.705+0800] GC(188) PSYoungGen: 498152K(587776K)->87040K(561664K) Eden: 429544K(485888K)->0K(474112K) From: 68608K(101888K)->87040K(87552K)
[2024-08-23T18:52:24.705+0800] GC(188) ParOldGen: 563993K(829952K)->563993K(829952K)
[2024-08-23T18:52:24.705+0800] GC(188) Metaspace: 308K(512K)->308K(512K) NonClass: 301K(384K)->301K(384K) Class: 7K(128K)->7K(128K)
[2024-08-23T18:52:24.705+0800] GC(188) Pause Young (Allocation Failure) 1037M->635M(1359M) 6.329ms
[2024-08-23T18:52:24.705+0800] GC(188) User=0.00s Sys=0.00s Real=0.01s
[2024-08-23T18:52:28.428+0800] GC(189) Pause Young (Allocation Failure)
[2024-08-23T18:52:28.438+0800] GC(189) PSYoungGen: 557310K(561664K)->112640K(548352K) Eden: 470270K(474112K)->0K(431616K) From: 87040K(87552K)->112640K(116736K)
[2024-08-23T18:52:28.438+0800] GC(189) ParOldGen: 563993K(829952K)->569113K(829952K)
[2024-08-23T18:52:28.438+0800] GC(189) Metaspace: 308K(512K)->308K(512K) NonClass: 301K(384K)->301K(384K) Class: 7K(128K)->7K(128K)
[2024-08-23T18:52:28.438+0800] GC(189) Pause Young (Allocation Failure) 1095M->665M(1346M) 9.668ms
[2024-08-23T18:52:28.438+0800] GC(189) User=0.00s Sys=0.00s Real=0.01s
[2024-08-23T18:52:31.825+0800] GC(190) Pause Young (Allocation Failure)
[2024-08-23T18:52:31.829+0800] GC(190) PSYoungGen: 470447K(548352K)->62464K(565248K) Eden: 357807K(431616K)->0K(431616K) From: 112640K(116736K)->62464K(133632K)
[2024-08-23T18:52:31.829+0800] GC(190) ParOldGen: 569113K(829952K)->569113K(829952K)
[2024-08-23T18:52:31.829+0800] GC(190) Metaspace: 308K(512K)->308K(512K) NonClass: 301K(384K)->301K(384K) Class: 7K(128K)->7K(128K)
[2024-08-23T18:52:31.829+0800] GC(190) Pause Young (Allocation Failure) 1015M->616M(1362M) 5.205ms
[2024-08-23T18:52:31.829+0800] GC(190) User=0.00s Sys=0.00s Real=0.00s
[2024-08-23T18:52:34.684+0800] GC(191) Pause Young (Allocation Failure)
[2024-08-23T18:52:34.689+0800] GC(191) PSYoungGen: 486834K(565248K)->71680K(570880K) Eden: 424370K(431616K)->0K(441856K) From: 62464K(133632K)->71680K(129024K)
[2024-08-23T18:52:34.689+0800] GC(191) ParOldGen: 569113K(829952K)->569113K(829952K)
[2024-08-23T18:52:34.689+0800] GC(191) Metaspace: 308K(512K)->308K(512K) NonClass: 301K(384K)->301K(384K) Class: 7K(128K)->7K(128K)
[2024-08-23T18:52:34.689+0800] GC(191) Pause Young (Allocation Failure) 1031M->625M(1368M) 5.453ms
[2024-08-23T18:52:34.689+0800] GC(191) User=0.00s Sys=0.00s Real=0.00s
[2024-08-23T18:52:37.106+0800] Heap
[2024-08-23T18:52:37.106+0800]  PSYoungGen      total 570880K, used 443651K [0x00000000d5580000, 0x0000000100000000, 0x0000000100000000)
[2024-08-23T18:52:37.106+0800]   eden space 441856K, 84% used [0x00000000d5580000,0x00000000ec0c0fa8,0x00000000f0500000)
[2024-08-23T18:52:37.106+0800]   from space 129024K, 55% used [0x00000000f8200000,0x00000000fc800020,0x0000000100000000)
[2024-08-23T18:52:37.106+0800]   to   space 128000K, 0% used [0x00000000f0500000,0x00000000f0500000,0x00000000f8200000)
[2024-08-23T18:52:37.106+0800]  ParOldGen       total 829952K, used 569113K [0x0000000080000000, 0x00000000b2a80000, 0x00000000d5580000)
[2024-08-23T18:52:37.106+0800]   object space 829952K, 68% used [0x0000000080000000,0x00000000a2bc67c0,0x00000000b2a80000)
[2024-08-23T18:52:37.106+0800]  Metaspace       used 309K, committed 512K, reserved 1114112K
[2024-08-23T18:52:37.106+0800]   class space    used 7K, committed 128K, reserved 1048576K
